Java HotSpot(TM) 64-Bit Server VM (25.261-b12) for windows-amd64 JRE (1.8.0_261-b12), built on Jun 18 2020 06:56:32 by "" with unknown MS VC++:1916
Memory: 4k page, physical 16659684k(9612980k free), swap 23213284k(9154496k free)
CommandLine flags: -XX:InitialHeapSize=2147483648 -XX:MaxHeapSize=2147483648 -XX:+PrintGC -XX:+PrintGCDateStamps -XX:+PrintGCDetails -XX:+PrintGCTimeStamps -XX:+UseCompressedClassPointers -XX:+UseCompressedOops -XX:-UseLargePagesIndividualAllocation -XX:+UseParallelGC 
2020-09-29T17:50:57.988+0200: 0.279: [GC (Allocation Failure) [PSYoungGen: 524800K->23714K(611840K)] 524800K->23722K(2010112K), 0.0370269 secs] [Times: user=0.33 sys=0.00, real=0.04 secs] 
2020-09-29T17:50:58.080+0200: 0.371: [GC (Allocation Failure) [PSYoungGen: 548514K->9953K(611840K)] 548522K->9961K(2010112K), 0.0105330 secs] [Times: user=0.13 sys=0.00, real=0.01 secs] 
2020-09-29T17:50:58.136+0200: 0.426: [GC (Allocation Failure) [PSYoungGen: 534753K->41109K(611840K)] 534761K->41117K(2010112K), 0.0218120 secs] [Times: user=0.09 sys=0.03, real=0.02 secs] 
2020-09-29T17:50:58.203+0200: 0.493: [GC (Allocation Failure) [PSYoungGen: 565909K->31924K(611840K)] 565917K->31932K(2010112K), 0.0181909 secs] [Times: user=0.13 sys=0.00, real=0.02 secs] 
2020-09-29T17:50:58.265+0200: 0.556: [GC (Allocation Failure) [PSYoungGen: 556724K->36308K(611840K)] 556732K->36316K(2010112K), 0.0180783 secs] [Times: user=0.13 sys=0.00, real=0.02 secs] 
2020-09-29T17:50:58.328+0200: 0.619: [GC (Allocation Failure) [PSYoungGen: 561108K->41573K(641024K)] 561116K->41581K(2039296K), 0.0247083 secs] [Times: user=0.25 sys=0.00, real=0.02 secs] 
2020-09-29T17:50:58.420+0200: 0.710: [GC (Allocation Failure) [PSYoungGen: 631909K->28740K(644608K)] 631917K->29164K(2042880K), 0.0175120 secs] [Times: user=0.11 sys=0.02, real=0.02 secs] 
2020-09-29T17:50:58.490+0200: 0.780: [GC (Allocation Failure) [PSYoungGen: 619076K->31173K(649728K)] 619500K->31597K(2048000K), 0.0155375 secs] [Times: user=0.13 sys=0.00, real=0.02 secs] 
2020-09-29T17:50:58.565+0200: 0.856: [GC (Allocation Failure) [PSYoungGen: 629189K->26244K(647168K)] 629613K->26668K(2045440K), 0.0138151 secs] [Times: user=0.11 sys=0.00, real=0.01 secs] 
2020-09-29T17:50:58.640+0200: 0.930: [GC (Allocation Failure) [PSYoungGen: 624260K->36453K(649728K)] 624684K->36877K(2048000K), 0.0180248 secs] [Times: user=0.11 sys=0.00, real=0.02 secs] 
2020-09-29T17:50:58.723+0200: 1.013: [GC (Allocation Failure) [PSYoungGen: 638053K->36325K(637952K)] 638477K->36749K(2036224K), 0.0165285 secs] [Times: user=0.13 sys=0.00, real=0.02 secs] 
2020-09-29T17:50:58.804+0200: 1.094: [GC (Allocation Failure) [PSYoungGen: 637925K->36293K(649728K)] 638349K->36717K(2048000K), 0.0165685 secs] [Times: user=0.13 sys=0.00, real=0.02 secs] 
2020-09-29T17:50:58.879+0200: 1.169: [GC (Allocation Failure) [PSYoungGen: 636869K->34180K(649728K)] 637293K->34604K(2048000K), 0.0172567 secs] [Times: user=0.23 sys=0.00, real=0.02 secs] 
2020-09-29T17:50:58.953+0200: 1.244: [GC (Allocation Failure) [PSYoungGen: 634756K->16515K(648704K)] 635180K->16939K(2046976K), 0.0091260 secs] [Times: user=0.13 sys=0.00, real=0.01 secs] 
2020-09-29T17:50:59.020+0200: 1.311: [GC (Allocation Failure) [PSYoungGen: 617091K->27652K(649728K)] 617515K->28076K(2048000K), 0.0136349 secs] [Times: user=0.00 sys=0.00, real=0.01 secs] 
2020-09-29T17:50:59.095+0200: 1.386: [GC (Allocation Failure) [PSYoungGen: 628228K->39172K(647680K)] 628652K->39596K(2045952K), 0.0196905 secs] [Times: user=0.22 sys=0.00, real=0.02 secs] 
2020-09-29T17:50:59.170+0200: 1.461: [GC (Allocation Failure) [PSYoungGen: 638724K->23237K(649216K)] 639148K->23661K(2047488K), 0.0112486 secs] [Times: user=0.13 sys=0.00, real=0.01 secs] 
2020-09-29T17:50:59.246+0200: 1.537: [GC (Allocation Failure) [PSYoungGen: 622789K->19075K(649728K)] 623213K->19499K(2048000K), 0.0076247 secs] [Times: user=0.00 sys=0.00, real=0.01 secs] 
2020-09-29T17:50:59.312+0200: 1.602: [GC (Allocation Failure) [PSYoungGen: 619651K->31492K(649728K)] 620075K->31916K(2048000K), 0.0112423 secs] [Times: user=0.13 sys=0.00, real=0.01 secs] 
2020-09-29T17:50:59.386+0200: 1.676: [GC (Allocation Failure) [PSYoungGen: 632068K->44165K(643584K)] 632492K->44589K(2041856K), 0.0153892 secs] [Times: user=0.13 sys=0.00, real=0.02 secs] 
2020-09-29T17:50:59.457+0200: 1.747: [GC (Allocation Failure) [PSYoungGen: 639621K->37989K(633856K)] 640045K->38413K(2032128K), 0.0125543 secs] [Times: user=0.13 sys=0.00, real=0.01 secs] 
2020-09-29T17:50:59.523+0200: 1.814: [GC (Allocation Failure) [PSYoungGen: 633445K->31781K(648704K)] 633869K->32205K(2046976K), 0.0109109 secs] [Times: user=0.00 sys=0.00, real=0.01 secs] 
2020-09-29T17:50:59.590+0200: 1.880: [GC (Allocation Failure) [PSYoungGen: 628261K->40357K(646656K)] 628685K->40781K(2044928K), 0.0152365 secs] [Times: user=0.11 sys=0.00, real=0.02 secs] 
2020-09-29T17:50:59.660+0200: 1.950: [GC (Allocation Failure) [PSYoungGen: 636837K->34084K(648704K)] 637261K->34508K(2046976K), 0.0120320 secs] [Times: user=0.13 sys=0.00, real=0.01 secs] 
2020-09-29T17:50:59.725+0200: 2.015: [GC (Allocation Failure) [PSYoungGen: 631076K->27844K(647168K)] 631500K->28268K(2045440K), 0.0105302 secs] [Times: user=0.00 sys=0.00, real=0.01 secs] 
2020-09-29T17:50:59.789+0200: 2.080: [GC (Allocation Failure) [PSYoungGen: 624836K->36933K(649216K)] 625260K->37357K(2047488K), 0.0130046 secs] [Times: user=0.13 sys=0.00, real=0.01 secs] 
2020-09-29T17:50:59.853+0200: 2.144: [GC (Allocation Failure) [PSYoungGen: 636485K->34885K(649216K)] 636909K->35309K(2047488K), 0.0133427 secs] [Times: user=0.13 sys=0.00, real=0.01 secs] 
2020-09-29T17:50:59.922+0200: 2.212: [GC (Allocation Failure) [PSYoungGen: 634437K->32901K(651776K)] 634861K->33325K(2050048K), 0.0121105 secs] [Times: user=0.13 sys=0.00, real=0.01 secs] 
2020-09-29T17:50:59.988+0200: 2.278: [GC (Allocation Failure) [PSYoungGen: 636037K->47077K(650240K)] 636461K->48469K(2048512K), 0.0159155 secs] [Times: user=0.13 sys=0.00, real=0.02 secs] 
2020-09-29T17:51:00.058+0200: 2.349: [GC (Allocation Failure) [PSYoungGen: 650213K->34500K(648192K)] 651605K->35892K(2046464K), 0.0130034 secs] [Times: user=0.13 sys=0.00, real=0.01 secs] 
2020-09-29T17:51:00.122+0200: 2.412: [GC (Allocation Failure) [PSYoungGen: 634052K->32453K(649216K)] 635444K->33845K(2047488K), 0.0114887 secs] [Times: user=0.13 sys=0.00, real=0.01 secs] 
2020-09-29T17:51:00.189+0200: 2.480: [GC (Allocation Failure) [PSYoungGen: 632005K->15586K(647168K)] 633397K->16978K(2045440K), 0.0078253 secs] [Times: user=0.13 sys=0.00, real=0.01 secs] 
2020-09-29T17:51:00.248+0200: 2.539: [GC (Allocation Failure) [PSYoungGen: 614114K->25700K(648704K)] 615506K->27092K(2046976K), 0.0094298 secs] [Times: user=0.13 sys=0.00, real=0.01 secs] 
2020-09-29T17:51:00.317+0200: 2.608: [GC (Allocation Failure) [PSYoungGen: 624228K->35620K(649728K)] 625620K->37012K(2048000K), 0.0130982 secs] [Times: user=0.00 sys=0.00, real=0.01 secs] 
2020-09-29T17:51:00.382+0200: 2.672: [GC (Allocation Failure) [PSYoungGen: 635684K->47813K(648192K)] 637076K->49205K(2046464K), 0.0162524 secs] [Times: user=0.13 sys=0.00, real=0.02 secs] 
2020-09-29T17:51:00.449+0200: 2.740: [GC (Allocation Failure) [PSYoungGen: 647877K->46309K(636928K)] 649269K->47701K(2035200K), 0.0155961 secs] [Times: user=0.13 sys=0.00, real=0.02 secs] 
2020-09-29T17:51:00.516+0200: 2.806: [GC (Allocation Failure) [PSYoungGen: 632549K->28323K(642560K)] 633941K->29715K(2040832K), 0.0115408 secs] [Times: user=0.13 sys=0.00, real=0.01 secs] 
2020-09-29T17:51:00.578+0200: 2.868: [GC (Allocation Failure) [PSYoungGen: 614563K->26597K(644608K)] 615955K->27989K(2042880K), 0.0097500 secs] [Times: user=0.11 sys=0.00, real=0.01 secs] 
2020-09-29T17:51:00.643+0200: 2.933: [GC (Allocation Failure) [PSYoungGen: 615909K->40709K(643584K)] 617301K->42101K(2041856K), 0.0145583 secs] [Times: user=0.11 sys=0.00, real=0.01 secs] 
2020-09-29T17:51:00.708+0200: 2.999: [GC (Allocation Failure) [PSYoungGen: 630021K->28389K(645120K)] 631413K->29781K(2043392K), 0.0096067 secs] [Times: user=0.00 sys=0.00, real=0.01 secs] 
2020-09-29T17:51:00.773+0200: 3.063: [GC (Allocation Failure) [PSYoungGen: 618213K->30341K(643584K)] 619605K->31733K(2041856K), 0.0102311 secs] [Times: user=0.00 sys=0.00, real=0.01 secs] 
2020-09-29T17:51:00.834+0200: 3.124: [GC (Allocation Failure) [PSYoungGen: 620165K->32197K(648192K)] 621557K->33589K(2046464K), 0.0109527 secs] [Times: user=0.00 sys=0.00, real=0.01 secs] 
2020-09-29T17:51:00.896+0200: 3.186: [GC (Allocation Failure) [PSYoungGen: 627653K->39652K(646144K)] 629045K->41044K(2044416K), 0.0145870 secs] [Times: user=0.01 sys=0.00, real=0.02 secs] 
2020-09-29T17:51:00.964+0200: 3.255: [GC (Allocation Failure) [PSYoungGen: 635108K->33284K(649216K)] 636500K->34676K(2047488K), 0.0124387 secs] [Times: user=0.13 sys=0.00, real=0.01 secs] 
2020-09-29T17:51:01.027+0200: 3.318: [GC (Allocation Failure) [PSYoungGen: 630788K->42853K(647168K)] 632180K->44245K(2045440K), 0.0145462 secs] [Times: user=0.13 sys=0.00, real=0.02 secs] 
2020-09-29T17:51:01.094+0200: 3.384: [GC (Allocation Failure) [PSYoungGen: 640357K->51685K(637952K)] 641749K->53685K(2036224K), 0.0178865 secs] [Times: user=0.13 sys=0.00, real=0.02 secs] 
2020-09-29T17:51:01.162+0200: 3.452: [GC (Allocation Failure) [PSYoungGen: 637925K->34148K(642560K)] 639925K->36148K(2040832K), 0.0120871 secs] [Times: user=0.00 sys=0.00, real=0.01 secs] 
2020-09-29T17:51:01.227+0200: 3.517: [GC (Allocation Failure) [PSYoungGen: 620388K->46181K(640000K)] 622388K->48181K(2038272K), 0.0170081 secs] [Times: user=0.13 sys=0.00, real=0.02 secs] 
2020-09-29T17:51:01.297+0200: 3.588: [GC (Allocation Failure) [PSYoungGen: 631397K->43461K(628736K)] 633397K->45461K(2027008K), 0.0159092 secs] [Times: user=0.11 sys=0.00, real=0.02 secs] 
2020-09-29T17:51:01.365+0200: 3.656: [GC (Allocation Failure) [PSYoungGen: 628677K->39237K(643072K)] 630677K->41237K(2041344K), 0.0152471 secs] [Times: user=0.11 sys=0.00, real=0.02 secs] 
2020-09-29T17:51:01.431+0200: 3.722: [GC (Allocation Failure) [PSYoungGen: 624965K->23108K(641536K)] 626965K->25108K(2039808K), 0.0093120 secs] [Times: user=0.00 sys=0.00, real=0.01 secs] 
2020-09-29T17:51:01.490+0200: 3.781: [GC (Allocation Failure) [PSYoungGen: 608836K->33477K(644096K)] 610836K->35477K(2042368K), 0.0123064 secs] [Times: user=0.00 sys=0.00, real=0.01 secs] 
2020-09-29T17:51:01.553+0200: 3.844: [GC (Allocation Failure) [PSYoungGen: 621253K->32932K(642560K)] 623253K->34932K(2040832K), 0.0121619 secs] [Times: user=0.00 sys=0.00, real=0.01 secs] 
2020-09-29T17:51:01.617+0200: 3.908: [GC (Allocation Failure) [PSYoungGen: 620708K->18628K(643072K)] 622708K->20628K(2041344K), 0.0077545 secs] [Times: user=0.00 sys=0.00, real=0.01 secs] 
2020-09-29T17:51:01.680+0200: 3.971: [GC (Allocation Failure) [PSYoungGen: 607940K->47397K(636928K)] 609940K->49397K(2035200K), 0.0170543 secs] [Times: user=0.13 sys=0.00, real=0.02 secs] 
2020-09-29T17:51:01.749+0200: 4.039: [GC (Allocation Failure) [PSYoungGen: 636709K->34276K(643072K)] 638709K->36276K(2041344K), 0.0122744 secs] [Times: user=0.13 sys=0.00, real=0.01 secs] 
2020-09-29T17:51:01.813+0200: 4.103: [GC (Allocation Failure) [PSYoungGen: 619492K->45221K(641024K)] 621492K->47221K(2039296K), 0.0156483 secs] [Times: user=0.13 sys=0.00, real=0.02 secs] 
2020-09-29T17:51:01.879+0200: 4.169: [GC (Allocation Failure) [PSYoungGen: 630437K->24836K(641536K)] 632437K->26836K(2039808K), 0.0092294 secs] [Times: user=0.11 sys=0.00, real=0.01 secs] 
2020-09-29T17:51:01.938+0200: 4.229: [GC (Allocation Failure) [PSYoungGen: 609028K->34789K(641536K)] 611028K->36789K(2039808K), 0.0125870 secs] [Times: user=0.13 sys=0.00, real=0.01 secs] 
2020-09-29T17:51:02.001+0200: 4.292: [GC (Allocation Failure) [PSYoungGen: 618981K->30532K(645120K)] 620981K->32532K(2043392K), 0.0113166 secs] [Times: user=0.13 sys=0.00, real=0.01 secs] 
2020-09-29T17:51:02.064+0200: 4.355: [GC (Allocation Failure) [PSYoungGen: 620356K->32453K(643584K)] 622356K->34453K(2041856K), 0.0120268 secs] [Times: user=0.13 sys=0.00, real=0.01 secs] 
2020-09-29T17:51:02.127+0200: 4.417: [GC (Allocation Failure) [PSYoungGen: 622277K->48037K(639488K)] 624277K->50037K(2037760K), 0.0163675 secs] [Times: user=0.13 sys=0.00, real=0.02 secs] 
2020-09-29T17:51:02.194+0200: 4.484: [GC (Allocation Failure) [PSYoungGen: 635301K->32229K(643072K)] 637301K->34229K(2041344K), 0.0112573 secs] [Times: user=0.00 sys=0.00, real=0.01 secs] 
2020-09-29T17:51:02.256+0200: 4.546: [GC (Allocation Failure) [PSYoungGen: 619493K->45317K(640512K)] 621493K->47317K(2038784K), 0.0159074 secs] [Times: user=0.13 sys=0.00, real=0.02 secs] 
2020-09-29T17:51:02.323+0200: 4.614: [GC (Allocation Failure) [PSYoungGen: 631557K->43621K(630272K)] 633557K->45621K(2028544K), 0.0153141 secs] [Times: user=0.13 sys=0.00, real=0.02 secs] 
2020-09-29T17:51:02.389+0200: 4.680: [GC (Allocation Failure) [PSYoungGen: 629861K->41861K(642048K)] 631861K->43861K(2040320K), 0.0144808 secs] [Times: user=0.13 sys=0.00, real=0.02 secs] 
2020-09-29T17:51:02.456+0200: 4.747: [GC (Allocation Failure) [PSYoungGen: 627077K->37956K(642048K)] 629077K->39956K(2040320K), 0.0139654 secs] [Times: user=0.13 sys=0.00, real=0.01 secs] 
2020-09-29T17:51:02.521+0200: 4.812: [GC (Allocation Failure) [PSYoungGen: 623172K->48004K(640000K)] 625172K->50004K(2038272K), 0.0168881 secs] [Times: user=0.13 sys=0.00, real=0.02 secs] 
2020-09-29T17:51:02.591+0200: 4.882: [GC (Allocation Failure) [PSYoungGen: 633220K->31588K(642048K)] 635220K->33588K(2040320K), 0.0125202 secs] [Times: user=0.11 sys=0.00, real=0.01 secs] 
2020-09-29T17:51:02.658+0200: 4.949: [GC (Allocation Failure) [PSYoungGen: 616804K->27907K(642560K)] 618804K->29907K(2040832K), 0.0112268 secs] [Times: user=0.13 sys=0.00, real=0.01 secs] 
2020-09-29T17:51:02.720+0200: 5.011: [GC (Allocation Failure) [PSYoungGen: 614147K->39941K(642560K)] 616147K->41941K(2040832K), 0.0140597 secs] [Times: user=0.13 sys=0.00, real=0.01 secs] 
2020-09-29T17:51:02.785+0200: 5.076: [GC (Allocation Failure) [PSYoungGen: 626181K->38213K(644608K)] 628181K->40213K(2042880K), 0.0133136 secs] [Times: user=0.13 sys=0.00, real=0.01 secs] 
2020-09-29T17:51:02.849+0200: 5.140: [GC (Allocation Failure) [PSYoungGen: 627525K->39653K(643584K)] 629525K->41653K(2041856K), 0.0132369 secs] [Times: user=0.00 sys=0.00, real=0.01 secs] 
2020-09-29T17:51:02.915+0200: 5.205: [GC (Allocation Failure) [PSYoungGen: 628965K->40324K(646144K)] 630965K->42324K(2044416K), 0.0142656 secs] [Times: user=0.13 sys=0.00, real=0.01 secs] 
2020-09-29T17:51:02.980+0200: 5.271: [GC (Allocation Failure) [PSYoungGen: 633220K->31140K(645632K)] 635220K->33140K(2043904K), 0.0109164 secs] [Times: user=0.13 sys=0.00, real=0.01 secs] 
2020-09-29T17:51:03.045+0200: 5.336: [GC (Allocation Failure) [PSYoungGen: 624036K->49765K(639488K)] 626036K->51765K(2037760K), 0.0168339 secs] [Times: user=0.13 sys=0.00, real=0.02 secs] 
2020-09-29T17:51:03.113+0200: 5.404: [GC (Allocation Failure) [PSYoungGen: 637029K->49125K(636416K)] 639029K->51125K(2034688K), 0.0166761 secs] [Times: user=0.16 sys=0.01, real=0.02 secs] 
2020-09-29T17:51:03.181+0200: 5.472: [GC (Allocation Failure) [PSYoungGen: 636389K->33540K(642048K)] 638389K->35540K(2040320K), 0.0117293 secs] [Times: user=0.13 sys=0.00, real=0.01 secs] 
2020-09-29T17:51:03.247+0200: 5.538: [GC (Allocation Failure) [PSYoungGen: 617732K->28803K(641024K)] 619732K->30803K(2039296K), 0.0115769 secs] [Times: user=0.13 sys=0.00, real=0.01 secs] 
2020-09-29T17:51:03.308+0200: 5.599: [GC (Allocation Failure) [PSYoungGen: 612995K->24612K(641024K)] 614995K->26612K(2039296K), 0.0090314 secs] [Times: user=0.00 sys=0.00, real=0.01 secs] 
2020-09-29T17:51:03.370+0200: 5.661: [GC (Allocation Failure) [PSYoungGen: 608804K->33892K(641536K)] 610804K->35892K(2039808K), 0.0121538 secs] [Times: user=0.13 sys=0.00, real=0.01 secs] 
2020-09-29T17:51:03.435+0200: 5.726: [GC (Allocation Failure) [PSYoungGen: 618084K->43909K(641024K)] 620084K->45909K(2039296K), 0.0148135 secs] [Times: user=0.13 sys=0.00, real=0.02 secs] 
2020-09-29T17:51:03.500+0200: 5.791: [GC (Allocation Failure) [PSYoungGen: 629125K->41157K(642048K)] 631125K->43157K(2040320K), 0.0143984 secs] [Times: user=0.13 sys=0.00, real=0.01 secs] 
2020-09-29T17:51:03.565+0200: 5.856: [GC (Allocation Failure) [PSYoungGen: 626373K->38244K(644096K)] 628373K->40244K(2042368K), 0.0150643 secs] [Times: user=0.11 sys=0.00, real=0.02 secs] 
2020-09-29T17:51:03.633+0200: 5.923: [GC (Allocation Failure) [PSYoungGen: 626020K->38117K(642560K)] 628020K->40117K(2040832K), 0.0133818 secs] [Times: user=0.13 sys=0.00, real=0.01 secs] 
2020-09-29T17:51:03.696+0200: 5.987: [GC (Allocation Failure) [PSYoungGen: 625893K->24164K(644608K)] 627893K->26164K(2042880K), 0.0094865 secs] [Times: user=0.00 sys=0.00, real=0.01 secs] 
2020-09-29T17:51:03.758+0200: 6.049: [GC (Allocation Failure) [PSYoungGen: 615524K->41253K(632832K)] 617524K->43253K(2031104K), 0.0145237 secs] [Times: user=0.13 sys=0.00, real=0.01 secs] 
2020-09-29T17:51:03.822+0200: 6.113: [GC (Allocation Failure) [PSYoungGen: 632613K->15523K(641536K)] 634613K->17523K(2039808K), 0.0067833 secs] [Times: user=0.00 sys=0.00, real=0.01 secs] 
2020-09-29T17:51:03.880+0200: 6.170: [GC (Allocation Failure) [PSYoungGen: 602787K->27492K(643072K)] 604787K->29492K(2041344K), 0.0105633 secs] [Times: user=0.00 sys=0.00, real=0.01 secs] 
2020-09-29T17:51:03.942+0200: 6.233: [GC (Allocation Failure) [PSYoungGen: 614756K->25475K(644608K)] 616756K->27475K(2042880K), 0.0104030 secs] [Times: user=0.00 sys=0.00, real=0.01 secs] 
2020-09-29T17:51:04.003+0200: 6.294: [GC (Allocation Failure) [PSYoungGen: 614787K->40549K(643584K)] 616787K->42549K(2041856K), 0.0141211 secs] [Times: user=0.03 sys=0.00, real=0.01 secs] 
2020-09-29T17:51:04.073+0200: 6.363: [GC (Allocation Failure) [PSYoungGen: 629861K->41540K(642560K)] 631861K->43540K(2040832K), 0.0151400 secs] [Times: user=0.13 sys=0.00, real=0.02 secs] 
2020-09-29T17:51:04.139+0200: 6.429: [GC (Allocation Failure) [PSYoungGen: 628804K->27044K(643072K)] 630804K->29044K(2041344K), 0.0107180 secs] [Times: user=0.11 sys=0.00, real=0.01 secs] 
2020-09-29T17:51:04.200+0200: 6.490: [GC (Allocation Failure) [PSYoungGen: 614308K->40133K(643072K)] 616308K->42133K(2041344K), 0.0147750 secs] [Times: user=0.13 sys=0.00, real=0.01 secs] 
2020-09-29T17:51:04.265+0200: 6.556: [GC (Allocation Failure) [PSYoungGen: 628421K->40581K(643584K)] 630421K->42581K(2041856K), 0.0136689 secs] [Times: user=0.13 sys=0.00, real=0.01 secs] 
2020-09-29T17:51:04.329+0200: 6.620: [GC (Allocation Failure) [PSYoungGen: 628869K->40965K(642560K)] 630869K->42965K(2040832K), 0.0143667 secs] [Times: user=0.13 sys=0.00, real=0.02 secs] 
2020-09-29T17:51:04.394+0200: 6.685: [GC (Allocation Failure) [PSYoungGen: 628229K->40261K(643072K)] 630229K->42261K(2041344K), 0.0140242 secs] [Times: user=0.13 sys=0.00, real=0.01 secs] 
2020-09-29T17:51:04.458+0200: 6.749: [GC (Allocation Failure) [PSYoungGen: 627525K->37828K(644608K)] 629525K->39828K(2042880K), 0.0139336 secs] [Times: user=0.00 sys=0.00, real=0.01 secs] 
2020-09-29T17:51:04.526+0200: 6.816: [GC (Allocation Failure) [PSYoungGen: 627140K->52933K(642560K)] 629140K->54933K(2040832K), 0.0173281 secs] [Times: user=0.13 sys=0.00, real=0.02 secs] 
2020-09-29T17:51:04.597+0200: 6.888: [GC (Allocation Failure) [PSYoungGen: 642245K->40645K(640512K)] 644245K->42645K(2038784K), 0.0150786 secs] [Times: user=0.11 sys=0.00, real=0.02 secs] 
2020-09-29T17:51:04.664+0200: 6.955: [GC (Allocation Failure) [PSYoungGen: 624837K->36773K(641536K)] 626837K->38773K(2039808K), 0.0137472 secs] [Times: user=0.13 sys=0.00, real=0.01 secs] 
2020-09-29T17:51:04.732+0200: 7.023: [GC (Allocation Failure) [PSYoungGen: 620965K->46661K(640000K)] 622965K->48661K(2038272K), 0.0161745 secs] [Times: user=0.13 sys=0.00, real=0.02 secs] 
2020-09-29T17:51:04.799+0200: 7.090: [GC (Allocation Failure) [PSYoungGen: 630853K->28772K(641536K)] 632853K->30772K(2039808K), 0.0104910 secs] [Times: user=0.13 sys=0.00, real=0.01 secs] 
2020-09-29T17:51:04.862+0200: 7.153: [GC (Allocation Failure) [PSYoungGen: 612964K->38597K(643584K)] 614964K->40597K(2041856K), 0.0133440 secs] [Times: user=0.13 sys=0.00, real=0.01 secs] 
2020-09-29T17:51:04.930+0200: 7.220: [GC (Allocation Failure) [PSYoungGen: 624837K->36965K(641536K)] 626837K->38965K(2039808K), 0.0163796 secs] [Times: user=0.13 sys=0.00, real=0.02 secs] 
2020-09-29T17:51:05.000+0200: 7.291: [GC (Allocation Failure) [PSYoungGen: 623205K->49029K(640000K)] 625205K->51029K(2038272K), 0.0187338 secs] [Times: user=0.11 sys=0.00, real=0.02 secs] 
2020-09-29T17:51:05.072+0200: 7.363: [GC (Allocation Failure) [PSYoungGen: 635269K->32164K(642560K)] 637269K->34164K(2040832K), 0.0119115 secs] [Times: user=0.13 sys=0.00, real=0.01 secs] 
2020-09-29T17:51:05.135+0200: 7.426: [GC (Allocation Failure) [PSYoungGen: 618404K->43652K(642048K)] 620404K->45652K(2040320K), 0.0151281 secs] [Times: user=0.13 sys=0.00, real=0.02 secs] 
2020-09-29T17:51:05.201+0200: 7.492: [GC (Allocation Failure) [PSYoungGen: 629892K->41957K(642560K)] 631892K->43957K(2040832K), 0.0160522 secs] [Times: user=0.13 sys=0.00, real=0.02 secs] 
2020-09-29T17:51:05.267+0200: 7.558: [GC (Allocation Failure) [PSYoungGen: 628197K->23588K(641024K)] 630197K->25588K(2039296K), 0.0091354 secs] [Times: user=0.13 sys=0.00, real=0.01 secs] 
2020-09-29T17:51:05.330+0200: 7.621: [GC (Allocation Failure) [PSYoungGen: 608804K->20740K(606208K)] 610804K->22740K(2004480K), 0.0075392 secs] [Times: user=0.13 sys=0.00, real=0.01 secs] 
2020-09-29T17:51:05.388+0200: 7.679: [GC (Allocation Failure) [PSYoungGen: 605956K->45445K(638976K)] 607956K->47445K(2037248K), 0.0154619 secs] [Times: user=0.13 sys=0.00, real=0.02 secs] 
2020-09-29T17:51:05.455+0200: 7.746: [GC (Allocation Failure) [PSYoungGen: 626565K->38148K(640000K)] 628565K->40148K(2038272K), 0.0138426 secs] [Times: user=0.13 sys=0.00, real=0.01 secs] 
2020-09-29T17:51:05.519+0200: 7.810: [GC (Allocation Failure) [PSYoungGen: 619268K->29443K(642560K)] 621268K->31443K(2040832K), 0.0117845 secs] [Times: user=0.11 sys=0.01, real=0.01 secs] 
2020-09-29T17:51:05.581+0200: 7.872: [GC (Allocation Failure) [PSYoungGen: 614659K->40389K(641536K)] 616659K->42389K(2039808K), 0.0151233 secs] [Times: user=0.11 sys=0.00, real=0.02 secs] 
2020-09-29T17:51:05.649+0200: 7.940: [GC (Allocation Failure) [PSYoungGen: 625605K->23076K(642560K)] 627605K->25076K(2040832K), 0.0084601 secs] [Times: user=0.00 sys=0.00, real=0.01 secs] 
2020-09-29T17:51:05.710+0200: 8.000: [GC (Allocation Failure) [PSYoungGen: 609316K->34212K(642560K)] 611316K->36212K(2040832K), 0.0125021 secs] [Times: user=0.00 sys=0.00, real=0.01 secs] 
2020-09-29T17:51:05.774+0200: 8.065: [GC (Allocation Failure) [PSYoungGen: 620452K->17059K(642048K)] 622452K->19059K(2040320K), 0.0067647 secs] [Times: user=0.00 sys=0.00, real=0.01 secs] 
2020-09-29T17:51:05.833+0200: 8.124: [GC (Allocation Failure) [PSYoungGen: 604323K->30052K(643072K)] 606323K->32052K(2041344K), 0.0107444 secs] [Times: user=0.00 sys=0.00, real=0.01 secs] 
2020-09-29T17:51:05.895+0200: 8.186: [GC (Allocation Failure) [PSYoungGen: 617316K->54245K(631296K)] 619316K->58693K(2029568K), 0.0190084 secs] [Times: user=0.13 sys=0.00, real=0.02 secs] 
2020-09-29T17:51:05.964+0200: 8.255: [GC (Allocation Failure) [PSYoungGen: 631269K->59557K(636928K)] 635717K->64005K(2035200K), 0.0194148 secs] [Times: user=0.13 sys=0.00, real=0.02 secs] 
2020-09-29T17:51:06.033+0200: 8.324: [GC (Allocation Failure) [PSYoungGen: 636581K->33476K(630784K)] 641029K->37924K(2029056K), 0.0119568 secs] [Times: user=0.13 sys=0.00, real=0.01 secs] 
2020-09-29T17:51:06.094+0200: 8.385: [GC (Allocation Failure) [PSYoungGen: 602308K->41252K(633856K)] 606756K->45700K(2032128K), 0.0146006 secs] [Times: user=0.13 sys=0.00, real=0.01 secs] 
2020-09-29T17:51:06.158+0200: 8.449: [GC (Allocation Failure) [PSYoungGen: 610084K->35717K(637440K)] 614532K->40165K(2035712K), 0.0119726 secs] [Times: user=0.13 sys=0.00, real=0.01 secs] 
2020-09-29T17:51:06.221+0200: 8.511: [GC (Allocation Failure) [PSYoungGen: 609669K->35364K(635392K)] 614117K->39812K(2033664K), 0.0133201 secs] [Times: user=0.13 sys=0.00, real=0.01 secs] 
2020-09-29T17:51:06.283+0200: 8.574: [GC (Allocation Failure) [PSYoungGen: 609316K->35077K(641024K)] 613764K->39525K(2039296K), 0.0126257 secs] [Times: user=0.13 sys=0.00, real=0.01 secs] 
2020-09-29T17:51:06.346+0200: 8.636: [GC (Allocation Failure) [PSYoungGen: 616709K->28260K(639488K)] 621157K->32708K(2037760K), 0.0102143 secs] [Times: user=0.13 sys=0.00, real=0.01 secs] 
2020-09-29T17:51:06.406+0200: 8.697: [GC (Allocation Failure) [PSYoungGen: 609892K->35653K(643584K)] 614340K->40101K(2041856K), 0.0125322 secs] [Times: user=0.13 sys=0.00, real=0.01 secs] 
2020-09-29T17:51:06.468+0200: 8.759: [GC (Allocation Failure) [PSYoungGen: 621893K->47685K(641536K)] 626341K->52133K(2039808K), 0.0161303 secs] [Times: user=0.13 sys=0.00, real=0.02 secs] 
2020-09-29T17:51:06.535+0200: 8.826: [GC (Allocation Failure) [PSYoungGen: 633925K->32004K(642560K)] 638373K->36452K(2040832K), 0.0117558 secs] [Times: user=0.13 sys=0.00, real=0.01 secs] 
2020-09-29T17:51:06.599+0200: 8.889: [GC (Allocation Failure) [PSYoungGen: 617220K->27524K(641536K)] 621668K->31972K(2039808K), 0.0106411 secs] [Times: user=0.00 sys=0.00, real=0.01 secs] 
2020-09-29T17:51:06.663+0200: 8.954: [GC (Allocation Failure) [PSYoungGen: 612740K->38469K(643584K)] 617188K->42917K(2041856K), 0.0128243 secs] [Times: user=0.13 sys=0.00, real=0.01 secs] 
2020-09-29T17:51:06.736+0200: 9.026: [GC (Allocation Failure) [PSYoungGen: 625733K->36228K(642560K)] 630181K->40676K(2040832K), 0.0131998 secs] [Times: user=0.13 sys=0.00, real=0.01 secs] 
2020-09-29T17:51:06.799+0200: 9.089: [GC (Allocation Failure) [PSYoungGen: 623492K->17124K(642560K)] 627940K->21572K(2040832K), 0.0075269 secs] [Times: user=0.11 sys=0.00, real=0.01 secs] 
2020-09-29T17:51:06.865+0200: 9.156: [GC (Allocation Failure) [PSYoungGen: 606436K->30756K(644096K)] 610884K->35204K(2042368K), 0.0113831 secs] [Times: user=0.00 sys=0.00, real=0.01 secs] 
2020-09-29T17:51:06.929+0200: 9.219: [GC (Allocation Failure) [PSYoungGen: 620068K->32037K(647168K)] 624516K->36485K(2045440K), 0.0117419 secs] [Times: user=0.00 sys=0.00, real=0.01 secs] 
2020-09-29T17:51:06.992+0200: 9.283: [GC (Allocation Failure) [PSYoungGen: 625957K->38021K(645632K)] 630405K->42469K(2043904K), 0.0127133 secs] [Times: user=0.13 sys=0.00, real=0.01 secs] 
2020-09-29T17:51:07.058+0200: 9.349: [GC (Allocation Failure) [PSYoungGen: 631941K->30341K(648192K)] 636389K->34789K(2046464K), 0.0106744 secs] [Times: user=0.13 sys=0.00, real=0.01 secs] 
2020-09-29T17:51:07.121+0200: 9.412: [GC (Allocation Failure) [PSYoungGen: 626821K->37349K(647168K)] 631269K->41797K(2045440K), 0.0132915 secs] [Times: user=0.13 sys=0.00, real=0.01 secs] 
2020-09-29T17:51:07.186+0200: 9.477: [GC (Allocation Failure) [PSYoungGen: 633829K->45957K(643584K)] 638277K->50405K(2041856K), 0.0159094 secs] [Times: user=0.13 sys=0.00, real=0.02 secs] 
2020-09-29T17:51:07.253+0200: 9.544: [GC (Allocation Failure) [PSYoungGen: 639365K->36772K(646144K)] 643813K->41220K(2044416K), 0.0135033 secs] [Times: user=0.11 sys=0.00, real=0.01 secs] 
2020-09-29T17:51:07.318+0200: 9.608: [GC (Allocation Failure) [PSYoungGen: 630180K->27907K(647168K)] 634628K->32355K(2045440K), 0.0109382 secs] [Times: user=0.00 sys=0.00, real=0.01 secs] 
2020-09-29T17:51:07.384+0200: 9.675: [GC (Allocation Failure) [PSYoungGen: 623363K->33796K(647168K)] 627811K->38244K(2045440K), 0.0130356 secs] [Times: user=0.13 sys=0.00, real=0.01 secs] 
2020-09-29T17:51:07.448+0200: 9.739: [GC (Allocation Failure) [PSYoungGen: 629252K->26980K(649216K)] 633700K->31428K(2047488K), 0.0105870 secs] [Times: user=0.13 sys=0.00, real=0.01 secs] 
2020-09-29T17:51:07.512+0200: 9.803: [GC (Allocation Failure) [PSYoungGen: 626020K->36485K(648704K)] 630468K->40933K(2046976K), 0.0127034 secs] [Times: user=0.13 sys=0.00, real=0.01 secs] 
2020-09-29T17:51:07.578+0200: 9.869: [GC (Allocation Failure) [PSYoungGen: 635525K->32644K(650752K)] 639973K->37092K(2049024K), 0.0135445 secs] [Times: user=0.11 sys=0.00, real=0.01 secs] 
2020-09-29T17:51:07.644+0200: 9.935: [GC (Allocation Failure) [PSYoungGen: 634244K->46341K(648192K)] 638692K->50789K(2046464K), 0.0159862 secs] [Times: user=0.09 sys=0.02, real=0.02 secs] 
2020-09-29T17:51:07.712+0200: 10.003: [GC (Allocation Failure) [PSYoungGen: 647941K->32709K(648704K)] 652389K->37157K(2046976K), 0.0117951 secs] [Times: user=0.13 sys=0.00, real=0.01 secs] 
2020-09-29T17:51:07.775+0200: 10.066: [GC (Allocation Failure) [PSYoungGen: 630725K->28676K(648192K)] 635173K->33124K(2046464K), 0.0105028 secs] [Times: user=0.02 sys=0.00, real=0.01 secs] 
2020-09-29T17:51:07.837+0200: 10.128: [GC (Allocation Failure) [PSYoungGen: 626692K->38276K(649216K)] 631140K->42724K(2047488K), 0.0136312 secs] [Times: user=0.13 sys=0.00, real=0.01 secs] 
2020-09-29T17:51:07.903+0200: 10.193: [GC (Allocation Failure) [PSYoungGen: 637828K->49637K(649216K)] 642276K->54325K(2047488K), 0.0162697 secs] [Times: user=0.13 sys=0.00, real=0.02 secs] 
2020-09-29T17:51:07.972+0200: 10.262: [GC (Allocation Failure) [PSYoungGen: 649189K->34213K(644096K)] 653877K->38901K(2042368K), 0.0122016 secs] [Times: user=0.13 sys=0.00, real=0.01 secs] 
2020-09-29T17:51:08.035+0200: 10.325: [GC (Allocation Failure) [PSYoungGen: 628645K->25668K(646656K)] 633333K->30356K(2044928K), 0.0095676 secs] [Times: user=0.13 sys=0.00, real=0.01 secs] 
2020-09-29T17:51:08.102+0200: 10.392: [GC (Allocation Failure) [PSYoungGen: 620100K->45893K(641536K)] 624788K->50581K(2039808K), 0.0153611 secs] [Times: user=0.13 sys=0.00, real=0.02 secs] 
2020-09-29T17:51:08.169+0200: 10.460: [GC (Allocation Failure) [PSYoungGen: 635205K->33381K(644096K)] 639893K->38069K(2042368K), 0.0111985 secs] [Times: user=0.13 sys=0.00, real=0.01 secs] 
2020-09-29T17:51:08.232+0200: 10.522: [GC (Allocation Failure) [PSYoungGen: 622693K->34564K(647168K)] 627381K->39252K(2045440K), 0.0123271 secs] [Times: user=0.13 sys=0.00, real=0.01 secs] 
2020-09-29T17:51:08.295+0200: 10.585: [GC (Allocation Failure) [PSYoungGen: 628484K->38020K(645632K)] 633172K->42708K(2043904K), 0.0132684 secs] [Times: user=0.13 sys=0.00, real=0.01 secs] 
2020-09-29T17:51:08.361+0200: 10.651: [GC (Allocation Failure) [PSYoungGen: 631940K->28259K(647680K)] 636628K->32947K(2045952K), 0.0113397 secs] [Times: user=0.13 sys=0.00, real=0.01 secs] 
2020-09-29T17:51:08.423+0200: 10.713: [GC (Allocation Failure) [PSYoungGen: 624739K->22948K(619520K)] 629427K->27636K(2017792K), 0.0083997 secs] [Times: user=0.13 sys=0.00, real=0.01 secs] 
2020-09-29T17:51:08.486+0200: 10.776: [GC (Allocation Failure) [PSYoungGen: 619428K->31204K(648704K)] 624116K->35892K(2046976K), 0.0111824 secs] [Times: user=0.13 sys=0.00, real=0.01 secs] 
2020-09-29T17:51:08.550+0200: 10.840: [GC (Allocation Failure) [PSYoungGen: 628196K->40261K(647168K)] 632884K->44949K(2045440K), 0.0138525 secs] [Times: user=0.13 sys=0.00, real=0.01 secs] 
2020-09-29T17:51:08.617+0200: 10.908: [GC (Allocation Failure) [PSYoungGen: 637253K->34659K(649216K)] 641941K->39347K(2047488K), 0.0142788 secs] [Times: user=0.13 sys=0.00, real=0.01 secs] 
2020-09-29T17:51:08.683+0200: 10.973: [GC (Allocation Failure) [PSYoungGen: 632675K->31173K(647680K)] 637363K->35861K(2045952K), 0.0103934 secs] [Times: user=0.13 sys=0.00, real=0.01 secs] 
2020-09-29T17:51:08.751+0200: 11.041: [GC (Allocation Failure) [PSYoungGen: 629189K->41221K(648192K)] 633877K->45909K(2046464K), 0.0138818 secs] [Times: user=0.13 sys=0.00, real=0.01 secs] 
2020-09-29T17:51:08.816+0200: 11.106: [GC (Allocation Failure) [PSYoungGen: 640773K->39172K(638976K)] 645461K->43860K(2037248K), 0.0141608 secs] [Times: user=0.09 sys=0.03, real=0.01 secs] 
2020-09-29T17:51:08.881+0200: 11.171: [GC (Allocation Failure) [PSYoungGen: 638724K->22115K(647680K)] 643412K->26803K(2045952K), 0.0084909 secs] [Times: user=0.00 sys=0.00, real=0.01 secs] 
2020-09-29T17:51:08.946+0200: 11.236: [GC (Allocation Failure) [PSYoungGen: 619619K->31589K(648192K)] 624307K->36277K(2046464K), 0.0117260 secs] [Times: user=0.00 sys=0.00, real=0.01 secs] 
2020-09-29T17:51:09.009+0200: 11.299: [GC (Allocation Failure) [PSYoungGen: 629093K->41060K(647168K)] 633781K->45748K(2045440K), 0.0147150 secs] [Times: user=0.13 sys=0.00, real=0.01 secs] 
2020-09-29T17:51:09.075+0200: 11.365: [GC (Allocation Failure) [PSYoungGen: 638564K->50565K(648192K)] 643252K->55253K(2046464K), 0.0169073 secs] [Times: user=0.13 sys=0.00, real=0.02 secs] 
2020-09-29T17:51:09.143+0200: 11.433: [GC (Allocation Failure) [PSYoungGen: 648069K->31300K(642048K)] 652757K->35988K(2040320K), 0.0116010 secs] [Times: user=0.13 sys=0.00, real=0.01 secs] 
2020-09-29T17:51:09.207+0200: 11.497: [GC (Allocation Failure) [PSYoungGen: 622660K->48421K(640000K)] 627348K->53109K(2038272K), 0.0167651 secs] [Times: user=0.11 sys=0.02, real=0.02 secs] 
2020-09-29T17:51:09.277+0200: 11.567: [GC (Allocation Failure) [PSYoungGen: 639781K->51909K(634880K)] 644469K->56597K(2033152K), 0.0173031 secs] [Times: user=0.11 sys=0.00, real=0.02 secs] 
2020-09-29T17:51:09.344+0200: 11.634: [GC (Allocation Failure) [PSYoungGen: 629957K->28325K(638464K)] 634645K->33013K(2036736K), 0.0092207 secs] [Times: user=0.13 sys=0.00, real=0.01 secs] 
2020-09-29T17:51:09.408+0200: 11.698: [GC (Allocation Failure) [PSYoungGen: 606373K->32133K(640000K)] 611061K->36821K(2038272K), 0.0136799 secs] [Times: user=0.11 sys=0.00, real=0.01 secs] 
2020-09-29T17:51:09.475+0200: 11.765: [GC (Allocation Failure) [PSYoungGen: 612229K->23908K(638976K)] 616917K->28596K(2037248K), 0.0095989 secs] [Times: user=0.00 sys=0.00, real=0.01 secs] 
2020-09-29T17:51:09.548+0200: 11.838: [GC (Allocation Failure) [PSYoungGen: 604004K->28324K(641024K)] 608692K->33012K(2039296K), 0.0114879 secs] [Times: user=0.13 sys=0.00, real=0.01 secs] 
2020-09-29T17:51:09.614+0200: 11.904: [GC (Allocation Failure) [PSYoungGen: 610468K->36293K(640000K)] 615156K->40981K(2038272K), 0.0134099 secs] [Times: user=0.00 sys=0.00, real=0.01 secs] 
2020-09-29T17:51:09.677+0200: 11.967: [GC (Allocation Failure) [PSYoungGen: 618437K->29476K(644096K)] 623125K->34164K(2042368K), 0.0110590 secs] [Times: user=0.00 sys=0.00, real=0.01 secs] 
2020-09-29T17:51:09.739+0200: 12.029: [GC (Allocation Failure) [PSYoungGen: 617764K->29379K(643072K)] 622452K->34067K(2041344K), 0.0113788 secs] [Times: user=0.00 sys=0.00, real=0.01 secs] 
2020-09-29T17:51:09.802+0200: 12.092: [GC (Allocation Failure) [PSYoungGen: 617667K->43397K(642048K)] 622355K->48085K(2040320K), 0.0147173 secs] [Times: user=0.00 sys=0.00, real=0.01 secs] 
2020-09-29T17:51:09.867+0200: 12.157: [GC (Allocation Failure) [PSYoungGen: 631685K->28515K(643584K)] 636373K->33203K(2041856K), 0.0111934 secs] [Times: user=0.00 sys=0.00, real=0.01 secs] 
2020-09-29T17:51:09.930+0200: 12.220: [GC (Allocation Failure) [PSYoungGen: 616803K->28901K(645632K)] 621491K->33589K(2043904K), 0.0107003 secs] [Times: user=0.00 sys=0.00, real=0.01 secs] 
2020-09-29T17:51:09.991+0200: 12.281: [GC (Allocation Failure) [PSYoungGen: 620261K->46085K(637952K)] 624949K->50773K(2036224K), 0.0155870 secs] [Times: user=0.13 sys=0.00, real=0.02 secs] 
2020-09-29T17:51:10.060+0200: 12.350: [GC (Allocation Failure) [PSYoungGen: 637445K->33924K(645120K)] 642133K->38612K(2043392K), 0.0124065 secs] [Times: user=0.13 sys=0.00, real=0.01 secs] 
2020-09-29T17:51:10.123+0200: 12.413: [GC (Allocation Failure) [PSYoungGen: 623236K->34212K(643072K)] 627924K->38900K(2041344K), 0.0122068 secs] [Times: user=0.13 sys=0.00, real=0.01 secs] 
2020-09-29T17:51:10.187+0200: 12.477: [GC (Allocation Failure) [PSYoungGen: 623524K->34020K(648192K)] 628212K->38708K(2046464K), 0.0127374 secs] [Times: user=0.13 sys=0.00, real=0.01 secs] 
2020-09-29T17:51:10.250+0200: 12.541: [GC (Allocation Failure) [PSYoungGen: 629988K->41861K(646656K)] 634676K->46549K(2044928K), 0.0149612 secs] [Times: user=0.13 sys=0.00, real=0.02 secs] 
2020-09-29T17:51:10.317+0200: 12.607: [GC (Allocation Failure) [PSYoungGen: 637829K->34372K(648704K)] 642517K->39060K(2046976K), 0.0128798 secs] [Times: user=0.00 sys=0.00, real=0.01 secs] 
2020-09-29T17:51:10.384+0200: 12.674: [GC (Allocation Failure) [PSYoungGen: 631364K->28611K(647168K)] 636052K->33299K(2045440K), 0.0117000 secs] [Times: user=0.00 sys=0.00, real=0.01 secs] 
2020-09-29T17:51:10.446+0200: 12.737: [GC (Allocation Failure) [PSYoungGen: 625603K->49637K(638976K)] 630291K->55989K(2037248K), 0.0175988 secs] [Times: user=0.13 sys=0.00, real=0.02 secs] 
2020-09-29T17:51:10.514+0200: 12.805: [GC (Allocation Failure) [PSYoungGen: 638949K->24868K(644096K)] 645301K->31220K(2042368K), 0.0088053 secs] [Times: user=0.13 sys=0.00, real=0.01 secs] 
2020-09-29T17:51:10.576+0200: 12.867: [GC (Allocation Failure) [PSYoungGen: 614180K->39973K(644096K)] 620532K->46325K(2042368K), 0.0148375 secs] [Times: user=0.11 sys=0.00, real=0.02 secs] 
2020-09-29T17:51:10.643+0200: 12.934: [GC (Allocation Failure) [PSYoungGen: 629285K->27077K(644096K)] 635637K->33429K(2042368K), 0.0094589 secs] [Times: user=0.13 sys=0.00, real=0.01 secs] 
2020-09-29T17:51:10.706+0200: 12.996: [GC (Allocation Failure) [PSYoungGen: 616389K->42181K(643584K)] 622741K->48533K(2041856K), 0.0135212 secs] [Times: user=0.13 sys=0.00, real=0.01 secs] 
2020-09-29T17:51:10.772+0200: 13.062: [GC (Allocation Failure) [PSYoungGen: 631493K->29829K(644096K)] 637845K->36181K(2042368K), 0.0103086 secs] [Times: user=0.00 sys=0.00, real=0.01 secs] 
2020-09-29T17:51:10.834+0200: 13.124: [GC (Allocation Failure) [PSYoungGen: 619141K->16739K(642560K)] 625493K->23091K(2040832K), 0.0066896 secs] [Times: user=0.00 sys=0.00, real=0.01 secs] 
2020-09-29T17:51:10.891+0200: 13.181: [GC (Allocation Failure) [PSYoungGen: 605027K->30821K(643584K)] 611379K->37173K(2041856K), 0.0100853 secs] [Times: user=0.13 sys=0.00, real=0.01 secs] 
2020-09-29T17:51:10.953+0200: 13.244: [GC (Allocation Failure) [PSYoungGen: 619109K->31205K(647168K)] 625461K->37557K(2045440K), 0.0109411 secs] [Times: user=0.13 sys=0.00, real=0.01 secs] 
2020-09-29T17:51:11.016+0200: 13.306: [GC (Allocation Failure) [PSYoungGen: 625125K->23525K(645632K)] 631477K->29877K(2043904K), 0.0087210 secs] [Times: user=0.13 sys=0.00, real=0.01 secs] 
2020-09-29T17:51:11.078+0200: 13.368: [GC (Allocation Failure) [PSYoungGen: 617445K->27941K(648704K)] 623797K->34293K(2046976K), 0.0100687 secs] [Times: user=0.13 sys=0.00, real=0.01 secs] 
2020-09-29T17:51:11.139+0200: 13.429: [GC (Allocation Failure) [PSYoungGen: 624932K->20644K(647680K)] 631284K->26996K(2045952K), 0.0078476 secs] [Times: user=0.13 sys=0.00, real=0.01 secs] 
2020-09-29T17:51:11.198+0200: 13.488: [GC (Allocation Failure) [PSYoungGen: 618148K->43333K(643584K)] 624500K->49685K(2041856K), 0.0150890 secs] [Times: user=0.13 sys=0.00, real=0.02 secs] 
2020-09-29T17:51:11.264+0200: 13.555: [GC (Allocation Failure) [PSYoungGen: 636741K->35109K(646144K)] 643093K->41461K(2044416K), 0.0118012 secs] [Times: user=0.13 sys=0.00, real=0.01 secs] 
2020-09-29T17:51:11.328+0200: 13.618: [GC (Allocation Failure) [PSYoungGen: 628517K->24739K(647680K)] 634869K->31091K(2045952K), 0.0101148 secs] [Times: user=0.13 sys=0.00, real=0.01 secs] 
2020-09-29T17:51:11.391+0200: 13.682: [GC (Allocation Failure) [PSYoungGen: 620195K->31268K(646656K)] 626547K->37620K(2044928K), 0.0110739 secs] [Times: user=0.09 sys=0.00, real=0.01 secs] 
2020-09-29T17:51:11.455+0200: 13.745: [GC (Allocation Failure) [PSYoungGen: 626724K->38404K(647680K)] 633076K->44756K(2045952K), 0.0143302 secs] [Times: user=0.13 sys=0.00, real=0.01 secs] 
2020-09-29T17:51:11.520+0200: 13.811: [GC (Allocation Failure) [PSYoungGen: 636932K->35109K(648704K)] 643284K->41461K(2046976K), 0.0126202 secs] [Times: user=0.06 sys=0.00, real=0.01 secs] 
2020-09-29T17:51:11.585+0200: 13.876: [GC (Allocation Failure) [PSYoungGen: 633637K->32005K(650752K)] 639989K->38357K(2049024K), 0.0111937 secs] [Times: user=0.00 sys=0.00, real=0.01 secs] 
2020-09-29T17:51:11.655+0200: 13.945: [GC (Allocation Failure) [PSYoungGen: 633093K->30276K(649216K)] 639445K->36628K(2047488K), 0.0111035 secs] [Times: user=0.13 sys=0.00, real=0.01 secs] 
2020-09-29T17:51:11.719+0200: 14.009: [GC (Allocation Failure) [PSYoungGen: 631364K->29829K(653312K)] 637716K->36181K(2051584K), 0.0104374 secs] [Times: user=0.13 sys=0.00, real=0.01 secs] 
2020-09-29T17:51:11.788+0200: 14.078: [GC (Allocation Failure) [PSYoungGen: 636549K->34756K(652288K)] 642901K->41108K(2050560K), 0.0126483 secs] [Times: user=0.00 sys=0.00, real=0.01 secs] 
2020-09-29T17:51:11.853+0200: 14.143: [GC (Allocation Failure) [PSYoungGen: 641476K->39845K(650240K)] 647828K->46197K(2048512K), 0.0138008 secs] [Times: user=0.13 sys=0.00, real=0.01 secs] 
2020-09-29T17:51:11.918+0200: 14.208: [GC (Allocation Failure) [PSYoungGen: 644517K->29285K(651776K)] 650869K->35637K(2050048K), 0.0092496 secs] [Times: user=0.13 sys=0.00, real=0.01 secs] 
2020-09-29T17:51:11.979+0200: 14.270: [GC (Allocation Failure) [PSYoungGen: 633214K->14915K(649728K)] 639566K->21267K(2048000K), 0.0069988 secs] [Times: user=0.00 sys=0.00, real=0.01 secs] 
2020-09-29T17:51:12.038+0200: 14.329: [GC (Allocation Failure) [PSYoungGen: 618563K->30372K(651264K)] 624915K->36724K(2049536K), 0.0110664 secs] [Times: user=0.00 sys=0.00, real=0.01 secs] 
2020-09-29T17:51:12.101+0200: 14.391: [GC (Allocation Failure) [PSYoungGen: 634020K->17316K(650752K)] 640372K->23668K(2049024K), 0.0063412 secs] [Times: user=0.00 sys=0.00, real=0.01 secs] 
2020-09-29T17:51:12.161+0200: 14.452: [GC (Allocation Failure) [PSYoungGen: 621988K->19621K(651776K)] 628340K->25973K(2050048K), 0.0066074 secs] [Times: user=0.00 sys=0.00, real=0.01 secs] 
2020-09-29T17:51:12.219+0200: 14.510: [GC (Allocation Failure) [PSYoungGen: 624293K->46948K(642560K)] 630645K->53300K(2040832K), 0.0166234 secs] [Times: user=0.13 sys=0.00, real=0.02 secs] 
2020-09-29T17:51:12.287+0200: 14.578: [GC (Allocation Failure) [PSYoungGen: 642404K->26212K(647168K)] 648756K->32564K(2045440K), 0.0103551 secs] [Times: user=0.00 sys=0.00, real=0.01 secs] 
2020-09-29T17:51:12.353+0200: 14.643: [GC (Allocation Failure) [PSYoungGen: 621668K->33861K(648704K)] 628020K->40213K(2046976K), 0.0127547 secs] [Times: user=0.13 sys=0.00, real=0.01 secs] 
2020-09-29T17:51:12.418+0200: 14.709: [GC (Allocation Failure) [PSYoungGen: 631877K->29444K(648192K)] 638229K->35796K(2046464K), 0.0113753 secs] [Times: user=0.13 sys=0.00, real=0.01 secs] 
2020-09-29T17:51:12.481+0200: 14.772: [GC (Allocation Failure) [PSYoungGen: 627460K->39525K(647680K)] 633812K->45877K(2045952K), 0.0174367 secs] [Times: user=0.13 sys=0.00, real=0.02 secs] 
2020-09-29T17:51:12.550+0200: 14.840: [GC (Allocation Failure) [PSYoungGen: 639077K->36964K(636928K)] 645429K->43316K(2035200K), 0.0174583 secs] [Times: user=0.25 sys=0.00, real=0.02 secs] 
2020-09-29T17:51:12.622+0200: 14.912: [GC (Allocation Failure) [PSYoungGen: 636516K->48677K(639488K)] 642868K->55029K(2037760K), 0.0232675 secs] [Times: user=0.11 sys=0.00, real=0.02 secs] 
2020-09-29T17:51:12.695+0200: 14.986: [GC (Allocation Failure) [PSYoungGen: 637989K->36357K(644096K)] 644341K->42709K(2042368K), 0.0152188 secs] [Times: user=0.13 sys=0.00, real=0.02 secs] 
2020-09-29T17:51:12.762+0200: 15.052: [GC (Allocation Failure) [PSYoungGen: 625669K->22532K(645120K)] 632021K->28884K(2043392K), 0.0106149 secs] [Times: user=0.13 sys=0.00, real=0.01 secs] 
2020-09-29T17:51:12.829+0200: 15.119: [GC (Allocation Failure) [PSYoungGen: 613892K->39589K(631296K)] 620244K->45941K(2029568K), 0.0167770 secs] [Times: user=0.13 sys=0.00, real=0.02 secs] 
2020-09-29T17:51:12.903+0200: 15.193: [GC (Allocation Failure) [PSYoungGen: 630949K->27940K(646144K)] 637301K->34292K(2044416K), 0.0134327 secs] [Times: user=0.13 sys=0.00, real=0.01 secs] 
2020-09-29T17:51:12.968+0200: 15.258: [GC (Allocation Failure) [PSYoungGen: 619812K->28899K(644608K)] 626164K->35251K(2042880K), 0.0147872 secs] [Times: user=0.13 sys=0.00, real=0.01 secs] 
2020-09-29T17:51:13.033+0200: 15.324: [GC (Allocation Failure) [PSYoungGen: 620771K->32804K(649216K)] 627123K->39156K(2047488K), 0.0155926 secs] [Times: user=0.13 sys=0.00, real=0.02 secs] 
2020-09-29T17:51:13.100+0200: 15.390: [GC (Allocation Failure) [PSYoungGen: 630308K->42341K(647168K)] 636660K->48693K(2045440K), 0.0191202 secs] [Times: user=0.13 sys=0.00, real=0.02 secs] 
2020-09-29T17:51:13.170+0200: 15.461: [GC (Allocation Failure) [PSYoungGen: 639845K->38309K(647168K)] 646197K->44661K(2045440K), 0.0174014 secs] [Times: user=0.13 sys=0.00, real=0.02 secs] 
2020-09-29T17:51:13.239+0200: 15.530: [GC (Allocation Failure) [PSYoungGen: 633765K->31493K(647168K)] 640117K->37845K(2045440K), 0.0135328 secs] [Times: user=0.00 sys=0.00, real=0.01 secs] 
2020-09-29T17:51:13.311+0200: 15.601: [GC (Allocation Failure) [PSYoungGen: 626949K->50661K(637952K)] 633301K->58965K(2036224K), 0.0228251 secs] [Times: user=0.25 sys=0.00, real=0.02 secs] 
2020-09-29T17:51:13.385+0200: 15.675: [GC (Allocation Failure) [PSYoungGen: 637925K->23845K(643072K)] 646229K->32149K(2041344K), 0.0099569 secs] [Times: user=0.00 sys=0.02, real=0.01 secs] 
2020-09-29T17:51:13.446+0200: 15.737: [GC (Allocation Failure) [PSYoungGen: 611109K->35620K(644608K)] 619413K->43924K(2042880K), 0.0173014 secs] [Times: user=0.11 sys=0.00, real=0.02 secs] 
2020-09-29T17:51:13.516+0200: 15.806: [GC (Allocation Failure) [PSYoungGen: 624420K->35844K(643072K)] 632724K->44148K(2041344K), 0.0166993 secs] [Times: user=0.13 sys=0.00, real=0.02 secs] 
2020-09-29T17:51:13.585+0200: 15.875: [GC (Allocation Failure) [PSYoungGen: 624644K->50469K(637952K)] 632948K->58773K(2036224K), 0.0244316 secs] [Times: user=0.11 sys=0.00, real=0.02 secs] 
2020-09-29T17:51:13.664+0200: 15.954: [GC (Allocation Failure) [PSYoungGen: 635685K->33572K(642048K)] 643989K->41876K(2040320K), 0.0164562 secs] [Times: user=0.13 sys=0.00, real=0.02 secs] 
2020-09-29T17:51:13.733+0200: 16.023: [GC (Allocation Failure) [PSYoungGen: 618788K->14851K(640512K)] 627092K->23155K(2038784K), 0.0083275 secs] [Times: user=0.11 sys=0.00, real=0.01 secs] 
2020-09-29T17:51:13.793+0200: 16.084: [GC (Allocation Failure) [PSYoungGen: 600067K->53189K(638464K)] 608371K->61493K(2036736K), 0.0226205 secs] [Times: user=0.13 sys=0.00, real=0.02 secs] 
2020-09-29T17:51:13.867+0200: 16.157: [GC (Allocation Failure) [PSYoungGen: 638405K->48868K(631296K)] 646709K->57172K(2029568K), 0.0216444 secs] [Times: user=0.13 sys=0.00, real=0.02 secs] 
2020-09-29T17:51:13.937+0200: 16.227: [GC (Allocation Failure) [PSYoungGen: 619748K->44644K(634880K)] 628052K->52948K(2033152K), 0.0195843 secs] [Times: user=0.13 sys=0.00, real=0.02 secs] 
2020-09-29T17:51:14.005+0200: 16.296: [GC (Allocation Failure) [PSYoungGen: 615524K->39941K(636416K)] 623828K->48245K(2034688K), 0.0173416 secs] [Times: user=0.13 sys=0.00, real=0.02 secs] 
2020-09-29T17:51:14.080+0200: 16.370: [GC (Allocation Failure) [PSYoungGen: 612357K->21316K(634880K)] 620661K->29620K(2033152K), 0.0106061 secs] [Times: user=0.13 sys=0.00, real=0.01 secs] 
2020-09-29T17:51:14.142+0200: 16.432: [GC (Allocation Failure) [PSYoungGen: 593732K->33093K(637952K)] 602036K->41397K(2036224K), 0.0149293 secs] [Times: user=0.13 sys=0.00, real=0.02 secs] 
2020-09-29T17:51:14.214+0200: 16.504: [GC (Allocation Failure) [PSYoungGen: 608069K->33829K(635904K)] 616373K->42133K(2034176K), 0.0146697 secs] [Times: user=0.13 sys=0.00, real=0.01 secs] 
2020-09-29T17:51:14.281+0200: 16.572: [GC (Allocation Failure) [PSYoungGen: 608805K->34597K(642048K)] 617109K->42901K(2040320K), 0.0153770 secs] [Times: user=0.13 sys=0.00, real=0.02 secs] 
2020-09-29T17:51:14.349+0200: 16.639: [GC (Allocation Failure) [PSYoungGen: 617765K->43493K(640000K)] 626069K->51797K(2038272K), 0.0181009 secs] [Times: user=0.13 sys=0.00, real=0.02 secs] 
2020-09-29T17:51:14.419+0200: 16.709: [GC (Allocation Failure) [PSYoungGen: 626661K->38053K(643072K)] 634965K->46357K(2041344K), 0.0182122 secs] [Times: user=0.11 sys=0.00, real=0.02 secs] 
2020-09-29T17:51:14.487+0200: 16.778: [GC (Allocation Failure) [PSYoungGen: 623781K->49541K(635392K)] 632085K->57845K(2033664K), 0.0214178 secs] [Times: user=0.25 sys=0.00, real=0.02 secs] 
2020-09-29T17:51:14.560+0200: 16.851: [GC (Allocation Failure) [PSYoungGen: 635269K->47365K(636928K)] 643573K->55669K(2035200K), 0.0201169 secs] [Times: user=0.13 sys=0.00, real=0.02 secs] 
2020-09-29T17:51:14.636+0200: 16.926: [GC (Allocation Failure) [PSYoungGen: 625413K->37380K(638464K)] 633717K->45684K(2036736K), 0.0186424 secs] [Times: user=0.11 sys=0.00, real=0.02 secs] 
2020-09-29T17:51:14.706+0200: 16.996: [GC (Allocation Failure) [PSYoungGen: 615428K->41253K(641536K)] 623732K->49557K(2039808K), 0.0178927 secs] [Times: user=0.14 sys=0.00, real=0.02 secs] 
2020-09-29T17:51:14.779+0200: 17.070: [GC (Allocation Failure) [PSYoungGen: 624421K->33188K(640512K)] 632725K->41492K(2038784K), 0.0164607 secs] [Times: user=0.13 sys=0.00, real=0.02 secs] 
2020-09-29T17:51:14.847+0200: 17.137: [GC (Allocation Failure) [PSYoungGen: 616356K->27651K(641536K)] 624660K->35955K(2039808K), 0.0145503 secs] [Times: user=0.11 sys=0.00, real=0.02 secs] 
2020-09-29T17:51:14.911+0200: 17.201: [GC (Allocation Failure) [PSYoungGen: 612867K->36772K(642048K)] 621171K->45076K(2040320K), 0.0168883 secs] [Times: user=0.13 sys=0.00, real=0.02 secs] 
2020-09-29T17:51:14.978+0200: 17.268: [GC (Allocation Failure) [PSYoungGen: 621988K->47557K(640000K)] 630292K->55861K(2038272K), 0.0202902 secs] [Times: user=0.13 sys=0.00, real=0.02 secs] 
2020-09-29T17:51:15.049+0200: 17.339: [GC (Allocation Failure) [PSYoungGen: 632773K->44869K(630272K)] 641077K->53173K(2028544K), 0.0191338 secs] [Times: user=0.25 sys=0.00, real=0.02 secs] 
2020-09-29T17:51:15.118+0200: 17.409: [GC (Allocation Failure) [PSYoungGen: 630085K->55877K(632320K)] 638389K->64181K(2030592K), 0.0239778 secs] [Times: user=0.13 sys=0.00, real=0.02 secs] 
2020-09-29T17:51:15.191+0200: 17.482: [GC (Allocation Failure) [PSYoungGen: 630853K->29253K(636928K)] 639157K->37557K(2035200K), 0.0139855 secs] [Times: user=0.13 sys=0.00, real=0.01 secs] 
2020-09-29T17:51:15.260+0200: 17.551: [GC (Allocation Failure) [PSYoungGen: 604229K->14532K(632832K)] 612533K->22836K(2031104K), 0.0070488 secs] [Times: user=0.00 sys=0.00, real=0.01 secs] 
2020-09-29T17:51:15.316+0200: 17.606: [GC (Allocation Failure) [PSYoungGen: 585412K->38532K(634880K)] 593716K->46836K(2033152K), 0.0177662 secs] [Times: user=0.25 sys=0.00, real=0.02 secs] 
2020-09-29T17:51:15.383+0200: 17.673: [GC (Allocation Failure) [PSYoungGen: 609412K->32964K(638976K)] 617716K->41268K(2037248K), 0.0162008 secs] [Times: user=0.13 sys=0.00, real=0.02 secs] 
2020-09-29T17:51:15.449+0200: 17.739: [GC (Allocation Failure) [PSYoungGen: 610500K->59877K(637440K)] 618804K->71917K(2035712K), 0.0281977 secs] [Times: user=0.25 sys=0.00, real=0.03 secs] 
2020-09-29T17:51:15.527+0200: 17.817: [GC (Allocation Failure) [PSYoungGen: 637413K->39621K(630272K)] 649453K->51661K(2028544K), 0.0176337 secs] [Times: user=0.13 sys=0.00, real=0.02 secs] 
2020-09-29T17:51:15.595+0200: 17.885: [GC (Allocation Failure) [PSYoungGen: 608453K->47909K(616960K)] 620493K->59949K(2015232K), 0.0235491 secs] [Times: user=0.19 sys=0.00, real=0.02 secs] 
2020-09-29T17:51:15.671+0200: 17.961: [GC (Allocation Failure) [PSYoungGen: 616741K->27493K(633856K)] 628781K->39533K(2032128K), 0.0128414 secs] [Times: user=0.13 sys=0.00, real=0.01 secs] 
2020-09-29T17:51:15.734+0200: 18.025: [GC (Allocation Failure) [PSYoungGen: 595813K->33956K(633344K)] 607853K->45996K(2031616K), 0.0160165 secs] [Times: user=0.13 sys=0.00, real=0.02 secs] 
2020-09-29T17:51:15.802+0200: 18.093: [GC (Allocation Failure) [PSYoungGen: 602276K->55365K(628224K)] 614316K->67405K(2026496K), 0.0230403 secs] [Times: user=0.13 sys=0.00, real=0.02 secs] 
2020-09-29T17:51:15.874+0200: 18.165: [GC (Allocation Failure) [PSYoungGen: 620101K->45797K(631808K)] 632141K->57837K(2030080K), 0.0192977 secs] [Times: user=0.13 sys=0.00, real=0.02 secs] 
2020-09-29T17:51:15.942+0200: 18.232: [GC (Allocation Failure) [PSYoungGen: 610533K->33571K(633344K)] 622573K->45611K(2031616K), 0.0164001 secs] [Times: user=0.13 sys=0.00, real=0.02 secs] 
2020-09-29T17:51:16.007+0200: 18.297: [GC (Allocation Failure) [PSYoungGen: 600355K->39396K(632320K)] 612395K->51436K(2030592K), 0.0183157 secs] [Times: user=0.13 sys=0.00, real=0.02 secs] 
2020-09-29T17:51:16.075+0200: 18.365: [GC (Allocation Failure) [PSYoungGen: 606180K->31909K(636928K)] 618220K->43949K(2035200K), 0.0138820 secs] [Times: user=0.13 sys=0.00, real=0.01 secs] 
2020-09-29T17:51:16.140+0200: 18.431: [GC (Allocation Failure) [PSYoungGen: 605861K->31236K(635904K)] 617901K->43276K(2034176K), 0.0148967 secs] [Times: user=0.13 sys=0.00, real=0.01 secs] 
2020-09-29T17:51:16.206+0200: 18.496: [GC (Allocation Failure) [PSYoungGen: 605188K->30308K(638464K)] 617228K->42348K(2036736K), 0.0136393 secs] [Times: user=0.13 sys=0.00, real=0.01 secs] 
2020-09-29T17:51:16.272+0200: 18.562: [GC (Allocation Failure) [PSYoungGen: 607844K->32836K(637952K)] 619884K->44876K(2036224K), 0.0162063 secs] [Times: user=0.13 sys=0.00, real=0.02 secs] 
2020-09-29T17:51:16.341+0200: 18.632: [GC (Allocation Failure) [PSYoungGen: 610372K->36197K(642048K)] 622412K->48237K(2040320K), 0.0154143 secs] [Times: user=0.13 sys=0.00, real=0.02 secs] 
2020-09-29T17:51:16.412+0200: 18.703: [GC (Allocation Failure) [PSYoungGen: 619365K->28388K(640000K)] 631405K->40428K(2038272K), 0.0139904 secs] [Times: user=0.00 sys=0.00, real=0.01 secs] 
2020-09-29T17:51:16.478+0200: 18.768: [GC (Allocation Failure) [PSYoungGen: 611556K->23461K(642560K)] 623596K->35501K(2040832K), 0.0096793 secs] [Times: user=0.00 sys=0.00, real=0.01 secs] 
2020-09-29T17:51:16.544+0200: 18.834: [GC (Allocation Failure) [PSYoungGen: 609701K->34756K(642560K)] 621741K->46796K(2040832K), 0.0164074 secs] [Times: user=0.13 sys=0.00, real=0.02 secs] 
2020-09-29T17:51:16.614+0200: 18.905: [GC (Allocation Failure) [PSYoungGen: 620996K->33093K(646144K)] 633036K->45133K(2044416K), 0.0154116 secs] [Times: user=0.11 sys=0.00, real=0.02 secs] 
2020-09-29T17:51:16.681+0200: 18.971: [GC (Allocation Failure) [PSYoungGen: 624965K->50148K(642048K)] 637005K->62188K(2040320K), 0.0220243 secs] [Times: user=0.13 sys=0.00, real=0.02 secs] 
2020-09-29T17:51:16.754+0200: 19.045: [GC (Allocation Failure) [PSYoungGen: 642020K->40453K(642560K)] 654060K->52493K(2040832K), 0.0178164 secs] [Times: user=0.25 sys=0.00, real=0.02 secs] 
2020-09-29T17:51:16.824+0200: 19.114: [GC (Allocation Failure) [PSYoungGen: 626181K->38309K(642048K)] 638221K->50349K(2040320K), 0.0167236 secs] [Times: user=0.13 sys=0.00, real=0.02 secs] 
2020-09-29T17:51:16.891+0200: 19.181: [GC (Allocation Failure) [PSYoungGen: 624037K->16579K(641024K)] 636077K->28619K(2039296K), 0.0090859 secs] [Times: user=0.13 sys=0.00, real=0.01 secs] 
2020-09-29T17:51:16.949+0200: 19.240: [GC (Allocation Failure) [PSYoungGen: 602819K->38884K(642560K)] 614859K->50924K(2040832K), 0.0175136 secs] [Times: user=0.13 sys=0.00, real=0.02 secs] 
2020-09-29T17:51:17.017+0200: 19.307: [GC (Allocation Failure) [PSYoungGen: 625124K->19876K(642048K)] 637164K->31916K(2040320K), 0.0096564 secs] [Times: user=0.13 sys=0.00, real=0.01 secs] 
2020-09-29T17:51:17.077+0200: 19.367: [GC (Allocation Failure) [PSYoungGen: 606116K->45541K(631808K)] 618156K->57581K(2030080K), 0.0195515 secs] [Times: user=0.13 sys=0.00, real=0.02 secs] 
2020-09-29T17:51:17.146+0200: 19.436: [GC (Allocation Failure) [PSYoungGen: 631781K->30245K(642048K)] 643821K->42285K(2040320K), 0.0138123 secs] [Times: user=0.00 sys=0.00, real=0.01 secs] 
2020-09-29T17:51:17.213+0200: 19.504: [GC (Allocation Failure) [PSYoungGen: 613925K->25509K(640512K)] 625965K->37549K(2038784K), 0.0113597 secs] [Times: user=0.13 sys=0.00, real=0.01 secs] 
2020-09-29T17:51:17.277+0200: 19.568: [GC (Allocation Failure) [PSYoungGen: 609189K->17826K(641536K)] 621229K->29866K(2039808K), 0.0105564 secs] [Times: user=0.13 sys=0.00, real=0.01 secs] 
2020-09-29T17:51:17.341+0200: 19.631: [GC (Allocation Failure) [PSYoungGen: 603042K->28837K(642048K)] 615082K->40877K(2040320K), 0.0130793 secs] [Times: user=0.13 sys=0.00, real=0.01 secs] 
2020-09-29T17:51:17.404+0200: 19.695: [GC (Allocation Failure) [PSYoungGen: 614053K->53445K(632832K)] 626093K->65485K(2031104K), 0.0231253 secs] [Times: user=0.25 sys=0.00, real=0.02 secs] 
2020-09-29T17:51:17.478+0200: 19.769: [GC (Allocation Failure) [PSYoungGen: 631493K->29701K(638464K)] 643533K->41741K(2036736K), 0.0145042 secs] [Times: user=0.13 sys=0.00, real=0.02 secs] 
2020-09-29T17:51:17.542+0200: 19.833: [GC (Allocation Failure) [PSYoungGen: 607749K->19813K(640512K)] 619789K->31853K(2038784K), 0.0084533 secs] [Times: user=0.13 sys=0.00, real=0.01 secs] 
2020-09-29T17:51:17.615+0200: 19.905: [GC (Allocation Failure) [PSYoungGen: 601445K->25989K(640000K)] 613485K->38029K(2038272K), 0.0135160 secs] [Times: user=0.00 sys=0.00, real=0.01 secs] 
2020-09-29T17:51:17.679+0200: 19.969: [GC (Allocation Failure) [PSYoungGen: 607621K->47109K(635904K)] 619661K->59149K(2034176K), 0.0217862 secs] [Times: user=0.13 sys=0.00, real=0.02 secs] 
2020-09-29T17:51:17.753+0200: 20.043: [GC (Allocation Failure) [PSYoungGen: 626181K->24613K(638976K)] 638221K->36653K(2037248K), 0.0108634 secs] [Times: user=0.13 sys=0.00, real=0.01 secs] 
2020-09-29T17:51:17.813+0200: 20.104: [GC (Allocation Failure) [PSYoungGen: 603685K->29445K(642048K)] 615725K->41485K(2040320K), 0.0138150 secs] [Times: user=0.13 sys=0.00, real=0.01 secs] 
2020-09-29T17:51:17.884+0200: 20.174: [GC (Allocation Failure) [PSYoungGen: 612613K->36484K(640000K)] 624653K->48524K(2038272K), 0.0178231 secs] [Times: user=0.13 sys=0.00, real=0.02 secs] 
2020-09-29T17:51:17.951+0200: 20.241: [GC (Allocation Failure) [PSYoungGen: 619652K->42628K(640000K)] 631692K->54668K(2038272K), 0.0203989 secs] [Times: user=0.13 sys=0.00, real=0.02 secs] 
2020-09-29T17:51:18.023+0200: 20.314: [GC (Allocation Failure) [PSYoungGen: 626820K->52613K(636928K)] 638860K->64653K(2035200K), 0.0240362 secs] [Times: user=0.13 sys=0.00, real=0.03 secs] 
2020-09-29T17:51:18.099+0200: 20.389: [GC (Allocation Failure) [PSYoungGen: 636805K->48869K(631808K)] 648845K->60909K(2030080K), 0.0220022 secs] [Times: user=0.13 sys=0.00, real=0.02 secs] 
2020-09-29T17:51:18.170+0200: 20.460: [GC (Allocation Failure) [PSYoungGen: 618725K->29668K(634368K)] 630765K->41708K(2032640K), 0.0145599 secs] [Times: user=0.13 sys=0.00, real=0.01 secs] 
2020-09-29T17:51:18.235+0200: 20.526: [GC (Allocation Failure) [PSYoungGen: 599524K->38244K(637952K)] 611564K->50284K(2036224K), 0.0182652 secs] [Times: user=0.13 sys=0.00, real=0.02 secs] 
2020-09-29T17:51:18.307+0200: 20.597: [GC (Allocation Failure) [PSYoungGen: 613220K->38917K(635904K)] 625260K->50957K(2034176K), 0.0175863 secs] [Times: user=0.13 sys=0.00, real=0.02 secs] 
2020-09-29T17:51:18.382+0200: 20.672: [GC (Allocation Failure) [PSYoungGen: 613893K->39685K(640512K)] 625933K->51725K(2038784K), 0.0183663 secs] [Times: user=0.13 sys=0.00, real=0.02 secs] 
2020-09-29T17:51:18.455+0200: 20.746: [GC (Allocation Failure) [PSYoungGen: 620293K->32389K(638976K)] 632333K->44429K(2037248K), 0.0143071 secs] [Times: user=0.13 sys=0.00, real=0.02 secs] 
2020-09-29T17:51:18.520+0200: 20.811: [GC (Allocation Failure) [PSYoungGen: 612997K->52517K(634368K)] 625037K->64557K(2032640K), 0.0242613 secs] [Times: user=0.13 sys=0.00, real=0.02 secs] 
2020-09-29T17:51:18.596+0200: 20.886: [GC (Allocation Failure) [PSYoungGen: 629541K->26724K(637952K)] 641581K->38764K(2036224K), 0.0151910 secs] [Times: user=0.09 sys=0.00, real=0.02 secs] 
2020-09-29T17:51:18.667+0200: 20.958: [GC (Allocation Failure) [PSYoungGen: 603748K->28579K(638976K)] 615788K->40619K(2037248K), 0.0151319 secs] [Times: user=0.13 sys=0.00, real=0.01 secs] 
2020-09-29T17:51:18.732+0200: 21.023: [GC (Allocation Failure) [PSYoungGen: 606627K->32387K(637952K)] 618667K->44427K(2036224K), 0.0170970 secs] [Times: user=0.13 sys=0.00, real=0.02 secs] 
2020-09-29T17:51:18.799+0200: 21.089: [GC (Allocation Failure) [PSYoungGen: 610435K->36229K(643072K)] 622475K->48269K(2041344K), 0.0169806 secs] [Times: user=0.13 sys=0.00, real=0.02 secs] 
2020-09-29T17:51:18.865+0200: 21.156: [GC (Allocation Failure) [PSYoungGen: 621445K->33477K(641024K)] 633485K->45517K(2039296K), 0.0162093 secs] [Times: user=0.13 sys=0.00, real=0.02 secs] 
2020-09-29T17:51:18.944+0200: 21.234: [GC (Allocation Failure) [PSYoungGen: 618693K->30821K(645632K)] 630733K->42861K(2043904K), 0.0153102 secs] [Times: user=0.13 sys=0.00, real=0.02 secs] 
2020-09-29T17:51:19.010+0200: 21.301: [GC (Allocation Failure) [PSYoungGen: 622181K->33348K(644608K)] 634221K->45388K(2042880K), 0.0172760 secs] [Times: user=0.13 sys=0.00, real=0.02 secs] 
2020-09-29T17:51:19.079+0200: 21.370: [GC (Allocation Failure) [PSYoungGen: 624708K->21379K(646144K)] 636748K->33419K(2044416K), 0.0122095 secs] [Times: user=0.13 sys=0.00, real=0.01 secs] 
2020-09-29T17:51:19.143+0200: 21.433: [GC (Allocation Failure) [PSYoungGen: 615811K->41412K(635904K)] 627851K->53452K(2034176K), 0.0204998 secs] [Times: user=0.25 sys=0.00, real=0.02 secs] 
2020-09-29T17:51:19.215+0200: 21.506: [GC (Allocation Failure) [PSYoungGen: 635844K->33188K(647168K)] 647884K->45228K(2045440K), 0.0170944 secs] [Times: user=0.13 sys=0.00, real=0.02 secs] 
2020-09-29T17:51:19.284+0200: 21.575: [GC (Allocation Failure) [PSYoungGen: 627108K->25509K(645632K)] 639148K->37549K(2043904K), 0.0115047 secs] [Times: user=0.09 sys=0.00, real=0.01 secs] 
2020-09-29T17:51:19.348+0200: 21.639: [GC (Allocation Failure) [PSYoungGen: 619429K->31524K(648704K)] 631469K->43564K(2046976K), 0.0154633 secs] [Times: user=0.00 sys=0.03, real=0.02 secs] 
2020-09-29T17:51:19.417+0200: 21.708: [GC (Allocation Failure) [PSYoungGen: 628516K->23108K(647168K)] 640556K->35148K(2045440K), 0.0121512 secs] [Times: user=0.13 sys=0.00, real=0.01 secs] 
2020-09-29T17:51:19.483+0200: 21.774: [GC (Allocation Failure) [PSYoungGen: 620100K->45829K(642560K)] 632140K->57869K(2040832K), 0.0209558 secs] [Times: user=0.25 sys=0.00, real=0.02 secs] 
2020-09-29T17:51:19.554+0200: 21.845: [GC (Allocation Failure) [PSYoungGen: 638213K->22821K(645632K)] 650253K->34861K(2043904K), 0.0114345 secs] [Times: user=0.00 sys=0.00, real=0.01 secs] 
2020-09-29T17:51:19.619+0200: 21.910: [GC (Allocation Failure) [PSYoungGen: 615205K->25732K(646656K)] 627245K->37772K(2044928K), 0.0137266 secs] [Times: user=0.11 sys=0.00, real=0.01 secs] 
2020-09-29T17:51:19.688+0200: 21.979: [GC (Allocation Failure) [PSYoungGen: 619140K->30948K(645632K)] 631180K->42988K(2043904K), 0.0156166 secs] [Times: user=0.13 sys=0.00, real=0.02 secs] 
2020-09-29T17:51:19.762+0200: 22.053: [GC (Allocation Failure) [PSYoungGen: 624356K->33539K(649728K)] 636396K->45579K(2048000K), 0.0180794 secs] [Times: user=0.13 sys=0.00, real=0.02 secs] 
2020-09-29T17:51:19.832+0200: 22.123: [GC (Allocation Failure) [PSYoungGen: 633091K->45285K(645120K)] 645131K->57325K(2043392K), 0.0210571 secs] [Times: user=0.13 sys=0.00, real=0.02 secs] 
2020-09-29T17:51:19.907+0200: 22.198: [GC (Allocation Failure) [PSYoungGen: 644837K->43205K(643072K)] 656877K->55245K(2041344K), 0.0201072 secs] [Times: user=0.25 sys=0.00, real=0.02 secs] 
2020-09-29T17:51:19.978+0200: 22.268: [GC (Allocation Failure) [PSYoungGen: 633541K->45605K(636416K)] 645581K->57645K(2034688K), 0.0219578 secs] [Times: user=0.13 sys=0.00, real=0.02 secs] 
2020-09-29T17:51:20.053+0200: 22.344: [GC (Allocation Failure) [PSYoungGen: 635941K->32164K(644096K)] 647981K->44204K(2042368K), 0.0164411 secs] [Times: user=0.13 sys=0.00, real=0.02 secs] 
2020-09-29T17:51:20.123+0200: 22.413: [GC (Allocation Failure) [PSYoungGen: 619940K->45733K(633856K)] 631980K->57773K(2032128K), 0.0212762 secs] [Times: user=0.13 sys=0.00, real=0.02 secs] 
2020-09-29T17:51:20.195+0200: 22.485: [GC (Allocation Failure) [PSYoungGen: 633509K->31909K(643072K)] 645549K->43949K(2041344K), 0.0142304 secs] [Times: user=0.13 sys=0.00, real=0.01 secs] 
2020-09-29T17:51:20.262+0200: 22.553: [GC (Allocation Failure) [PSYoungGen: 618149K->29028K(642048K)] 630189K->41068K(2040320K), 0.0147449 secs] [Times: user=0.13 sys=0.00, real=0.01 secs] 
2020-09-29T17:51:20.331+0200: 22.622: [GC (Allocation Failure) [PSYoungGen: 615268K->40772K(644096K)] 627308K->52812K(2042368K), 0.0205686 secs] [Times: user=0.25 sys=0.00, real=0.02 secs] 
2020-09-29T17:51:20.403+0200: 22.693: [GC (Allocation Failure) [PSYoungGen: 630084K->41860K(631296K)] 642124K->53900K(2029568K), 0.0209765 secs] [Times: user=0.11 sys=0.00, real=0.02 secs] 
2020-09-29T17:51:20.477+0200: 22.768: [GC (Allocation Failure) [PSYoungGen: 631172K->12674K(639488K)] 643212K->24714K(2037760K), 0.0088404 secs] [Times: user=0.00 sys=0.00, real=0.01 secs] 
2020-09-29T17:51:20.536+0200: 22.827: [GC (Allocation Failure) [PSYoungGen: 596866K->22629K(641536K)] 608906K->34669K(2039808K), 0.0105558 secs] [Times: user=0.00 sys=0.00, real=0.01 secs] 
2020-09-29T17:51:20.611+0200: 22.901: [GC (Allocation Failure) [PSYoungGen: 606821K->30980K(644096K)] 618861K->43020K(2042368K), 0.0162229 secs] [Times: user=0.11 sys=0.00, real=0.02 secs] 
2020-09-29T17:51:20.688+0200: 22.979: [GC (Allocation Failure) [PSYoungGen: 618244K->27556K(642048K)] 630284K->39596K(2040320K), 0.0139661 secs] [Times: user=0.13 sys=0.00, real=0.01 secs] 
2020-09-29T17:51:20.766+0200: 23.057: [GC (Allocation Failure) [PSYoungGen: 614820K->53733K(632832K)] 626860K->66245K(2031104K), 0.0247570 secs] [Times: user=0.25 sys=0.00, real=0.02 secs] 
2020-09-29T17:51:20.842+0200: 23.132: [GC (Allocation Failure) [PSYoungGen: 632805K->31588K(638976K)] 645317K->44100K(2037248K), 0.0155860 secs] [Times: user=0.13 sys=0.00, real=0.02 secs] 
2020-09-29T17:51:20.908+0200: 23.199: [GC (Allocation Failure) [PSYoungGen: 610660K->35620K(643072K)] 623172K->48132K(2041344K), 0.0179597 secs] [Times: user=0.25 sys=0.00, real=0.02 secs] 
2020-09-29T17:51:20.976+0200: 23.266: [GC (Allocation Failure) [PSYoungGen: 620836K->44868K(641024K)] 633348K->57380K(2039296K), 0.0220914 secs] [Times: user=0.13 sys=0.00, real=0.02 secs] 
2020-09-29T17:51:21.050+0200: 23.341: [GC (Allocation Failure) [PSYoungGen: 630084K->40324K(641536K)] 642596K->52836K(2039808K), 0.0196441 secs] [Times: user=0.25 sys=0.00, real=0.02 secs] 
2020-09-29T17:51:21.121+0200: 23.412: [GC (Allocation Failure) [PSYoungGen: 624004K->49765K(633856K)] 636516K->62277K(2032128K), 0.0230820 secs] [Times: user=0.14 sys=0.00, real=0.02 secs] 
2020-09-29T17:51:21.197+0200: 23.487: [GC (Allocation Failure) [PSYoungGen: 633445K->31812K(640000K)] 645957K->44324K(2038272K), 0.0162921 secs] [Times: user=0.13 sys=0.00, real=0.02 secs] 
2020-09-29T17:51:21.262+0200: 23.552: [GC (Allocation Failure) [PSYoungGen: 611396K->21796K(638464K)] 623908K->34308K(2036736K), 0.0111304 secs] [Times: user=0.13 sys=0.00, real=0.01 secs] 
2020-09-29T17:51:21.327+0200: 23.617: [GC (Allocation Failure) [PSYoungGen: 601380K->27109K(640512K)] 613892K->39621K(2038784K), 0.0129028 secs] [Times: user=0.13 sys=0.00, real=0.01 secs] 
2020-09-29T17:51:21.393+0200: 23.684: [GC (Allocation Failure) [PSYoungGen: 608229K->33989K(639488K)] 620741K->46501K(2037760K), 0.0152170 secs] [Times: user=0.09 sys=0.00, real=0.02 secs] 
2020-09-29T17:51:21.465+0200: 23.755: [GC (Allocation Failure) [PSYoungGen: 615109K->27205K(644096K)] 627621K->39717K(2042368K), 0.0124369 secs] [Times: user=0.13 sys=0.00, real=0.01 secs] 
2020-09-29T17:51:21.535+0200: 23.825: [GC (Allocation Failure) [PSYoungGen: 615493K->39684K(643072K)] 628005K->52196K(2041344K), 0.0198876 secs] [Times: user=0.22 sys=0.00, real=0.02 secs] 
2020-09-29T17:51:21.609+0200: 23.899: [GC (Allocation Failure) [PSYoungGen: 627972K->25380K(644096K)] 640484K->37892K(2042368K), 0.0225106 secs] [Times: user=0.09 sys=0.00, real=0.02 secs] 
2020-09-29T17:51:21.685+0200: 23.975: [GC (Allocation Failure) [PSYoungGen: 614180K->37636K(643584K)] 626692K->50148K(2041856K), 0.0187838 secs] [Times: user=0.13 sys=0.00, real=0.02 secs] 
2020-09-29T17:51:21.761+0200: 24.052: [GC (Allocation Failure) [PSYoungGen: 626436K->52229K(635392K)] 638948K->64741K(2033664K), 0.0255552 secs] [Times: user=0.22 sys=0.00, real=0.03 secs] 
2020-09-29T17:51:21.841+0200: 24.131: [GC (Allocation Failure) [PSYoungGen: 633349K->44581K(626176K)] 645861K->57093K(2024448K), 0.0212750 secs] [Times: user=0.13 sys=0.00, real=0.02 secs] 
2020-09-29T17:51:21.912+0200: 24.203: [GC (Allocation Failure) [PSYoungGen: 625701K->36964K(641024K)] 638213K->49476K(2039296K), 0.0184019 secs] [Times: user=0.13 sys=0.00, real=0.02 secs] 
2020-09-29T17:51:21.980+0200: 24.270: [GC (Allocation Failure) [PSYoungGen: 618084K->43877K(638976K)] 630596K->56389K(2037248K), 0.0206053 secs] [Times: user=0.13 sys=0.00, real=0.02 secs] 
2020-09-29T17:51:22.051+0200: 24.341: [GC (Allocation Failure) [PSYoungGen: 624997K->23171K(639488K)] 637509K->35683K(2037760K), 0.0133191 secs] [Times: user=0.11 sys=0.02, real=0.01 secs] 
2020-09-29T17:51:22.115+0200: 24.405: [GC (Allocation Failure) [PSYoungGen: 604291K->43621K(625152K)] 616803K->56133K(2023424K), 0.0214401 secs] [Times: user=0.13 sys=0.00, real=0.02 secs] 
2020-09-29T17:51:22.187+0200: 24.477: [GC (Allocation Failure) [PSYoungGen: 624741K->36741K(641536K)] 637253K->49253K(2039808K), 0.0173330 secs] [Times: user=0.13 sys=0.00, real=0.02 secs] 
2020-09-29T17:51:22.254+0200: 24.544: [GC (Allocation Failure) [PSYoungGen: 618885K->29347K(639488K)] 631397K->41859K(2037760K), 0.0162052 secs] [Times: user=0.25 sys=0.00, real=0.02 secs] 
2020-09-29T17:51:22.320+0200: 24.610: [GC (Allocation Failure) [PSYoungGen: 611491K->50981K(635392K)] 624003K->63493K(2033664K), 0.0234753 secs] [Times: user=0.13 sys=0.00, real=0.02 secs] 
2020-09-29T17:51:22.393+0200: 24.683: [GC (Allocation Failure) [PSYoungGen: 630053K->42052K(638976K)] 642565K->54564K(2037248K), 0.0206812 secs] [Times: user=0.25 sys=0.00, real=0.02 secs] 
2020-09-29T17:51:22.466+0200: 24.756: [GC (Allocation Failure) [PSYoungGen: 621124K->32580K(640512K)] 633636K->45092K(2038784K), 0.0170957 secs] [Times: user=0.11 sys=0.00, real=0.02 secs] 
2020-09-29T17:51:22.534+0200: 24.824: [GC (Allocation Failure) [PSYoungGen: 613700K->25091K(639488K)] 626212K->37603K(2037760K), 0.0098232 secs] [Times: user=0.13 sys=0.00, real=0.01 secs] 
2020-09-29T17:51:22.595+0200: 24.885: [GC (Allocation Failure) [PSYoungGen: 606211K->32005K(642048K)] 618723K->44517K(2040320K), 0.0116091 secs] [Times: user=0.11 sys=0.00, real=0.01 secs] 
2020-09-29T17:51:22.661+0200: 24.951: [GC (Allocation Failure) [PSYoungGen: 615685K->41445K(640512K)] 628197K->53957K(2038784K), 0.0152608 secs] [Times: user=0.00 sys=0.00, real=0.02 secs] 
2020-09-29T17:51:22.727+0200: 25.017: [GC (Allocation Failure) [PSYoungGen: 625125K->50917K(635904K)] 637637K->63429K(2034176K), 0.0169500 secs] [Times: user=0.13 sys=0.00, real=0.02 secs] 
2020-09-29T17:51:22.795+0200: 25.085: [GC (Allocation Failure) [PSYoungGen: 629989K->42021K(638976K)] 642501K->54533K(2037248K), 0.0146634 secs] [Times: user=0.13 sys=0.00, real=0.01 secs] 
2020-09-29T17:51:22.859+0200: 25.150: [GC (Allocation Failure) [PSYoungGen: 621093K->46885K(637440K)] 633605K->59397K(2035712K), 0.0163771 secs] [Times: user=0.13 sys=0.00, real=0.02 secs] 
2020-09-29T17:51:22.925+0200: 25.216: [GC (Allocation Failure) [PSYoungGen: 624933K->36965K(638464K)] 637445K->49477K(2036736K), 0.0122920 secs] [Times: user=0.13 sys=0.00, real=0.01 secs] 
2020-09-29T17:51:22.987+0200: 25.277: [GC (Allocation Failure) [PSYoungGen: 615013K->27109K(640000K)] 627525K->39621K(2038272K), 0.0098070 secs] [Times: user=0.13 sys=0.00, real=0.01 secs] 
2020-09-29T17:51:23.046+0200: 25.337: [GC (Allocation Failure) [PSYoungGen: 608229K->33957K(640000K)] 620741K->46469K(2038272K), 0.0117453 secs] [Times: user=0.13 sys=0.00, real=0.01 secs] 
2020-09-29T17:51:23.108+0200: 25.398: [GC (Allocation Failure) [PSYoungGen: 615077K->39940K(642560K)] 627589K->52452K(2040832K), 0.0143621 secs] [Times: user=0.13 sys=0.00, real=0.01 secs] 
2020-09-29T17:51:23.172+0200: 25.463: [GC (Allocation Failure) [PSYoungGen: 625156K->35300K(641536K)] 637668K->47812K(2039808K), 0.0129507 secs] [Times: user=0.13 sys=0.00, real=0.01 secs] 
2020-09-29T17:51:23.236+0200: 25.526: [GC (Allocation Failure) [PSYoungGen: 620516K->46341K(641024K)] 633028K->58853K(2039296K), 0.0160398 secs] [Times: user=0.13 sys=0.00, real=0.02 secs] 
2020-09-29T17:51:23.301+0200: 25.592: [GC (Allocation Failure) [PSYoungGen: 632581K->44645K(631296K)] 645093K->57157K(2029568K), 0.0152899 secs] [Times: user=0.06 sys=0.02, real=0.02 secs] 
2020-09-29T17:51:23.368+0200: 25.658: [GC (Allocation Failure) [PSYoungGen: 630885K->42949K(642048K)] 643397K->55461K(2040320K), 0.0141302 secs] [Times: user=0.13 sys=0.00, real=0.01 secs] 
2020-09-29T17:51:23.432+0200: 25.722: [GC (Allocation Failure) [PSYoungGen: 627653K->39781K(641536K)] 640165K->52293K(2039808K), 0.0139287 secs] [Times: user=0.13 sys=0.00, real=0.01 secs] 
2020-09-29T17:51:23.496+0200: 25.787: [GC (Allocation Failure) [PSYoungGen: 624485K->34979K(644608K)] 636997K->47491K(2042880K), 0.0136801 secs] [Times: user=0.13 sys=0.00, real=0.01 secs] 
2020-09-29T17:51:23.561+0200: 25.851: [GC (Allocation Failure) [PSYoungGen: 624291K->20035K(609792K)] 636803K->32547K(2008064K), 0.0091125 secs] [Times: user=0.11 sys=0.00, real=0.01 secs] 
2020-09-29T17:51:23.623+0200: 25.914: [GC (Allocation Failure) [PSYoungGen: 609347K->32099K(643584K)] 621859K->44611K(2041856K), 0.0139486 secs] [Times: user=0.13 sys=0.00, real=0.01 secs] 
2020-09-29T17:51:23.687+0200: 25.977: [GC (Allocation Failure) [PSYoungGen: 619363K->17092K(642560K)] 631875K->29604K(2040832K), 0.0066220 secs] [Times: user=0.13 sys=0.00, real=0.01 secs] 
2020-09-29T17:51:23.743+0200: 26.033: [GC (Allocation Failure) [PSYoungGen: 604356K->29188K(643584K)] 616868K->41700K(2041856K), 0.0106302 secs] [Times: user=0.00 sys=0.00, real=0.01 secs] 
2020-09-29T17:51:23.804+0200: 26.095: [GC (Allocation Failure) [PSYoungGen: 616452K->42213K(642560K)] 628964K->54725K(2040832K), 0.0151476 secs] [Times: user=0.13 sys=0.00, real=0.02 secs] 
2020-09-29T17:51:23.870+0200: 26.161: [GC (Allocation Failure) [PSYoungGen: 629477K->41540K(642560K)] 641989K->54052K(2040832K), 0.0149638 secs] [Times: user=0.13 sys=0.00, real=0.02 secs] 
2020-09-29T17:51:23.938+0200: 26.228: [GC (Allocation Failure) [PSYoungGen: 627780K->39909K(642560K)] 640292K->52421K(2040832K), 0.0155159 secs] [Times: user=0.13 sys=0.00, real=0.02 secs] 
2020-09-29T17:51:24.006+0200: 26.297: [GC (Allocation Failure) [PSYoungGen: 626149K->36515K(644608K)] 638661K->49027K(2042880K), 0.0159418 secs] [Times: user=0.13 sys=0.00, real=0.02 secs] 
2020-09-29T17:51:24.077+0200: 26.367: [GC (Allocation Failure) [PSYoungGen: 624803K->22660K(642560K)] 637315K->35172K(2040832K), 0.0086791 secs] [Times: user=0.13 sys=0.00, real=0.01 secs] 
2020-09-29T17:51:24.140+0200: 26.431: [GC (Allocation Failure) [PSYoungGen: 610948K->35812K(645632K)] 623460K->48324K(2043904K), 0.0129456 secs] [Times: user=0.13 sys=0.00, real=0.01 secs] 
2020-09-29T17:51:24.205+0200: 26.495: [GC (Allocation Failure) [PSYoungGen: 626660K->38597K(644096K)] 639172K->51109K(2042368K), 0.0141767 secs] [Times: user=0.13 sys=0.00, real=0.01 secs] 
2020-09-29T17:51:24.269+0200: 26.560: [GC (Allocation Failure) [PSYoungGen: 629445K->12291K(642048K)] 641957K->24803K(2040320K), 0.0051689 secs] [Times: user=0.09 sys=0.03, real=0.00 secs] 
2020-09-29T17:51:24.324+0200: 26.615: [GC (Allocation Failure) [PSYoungGen: 601603K->41061K(630784K)] 614115K->53573K(2029056K), 0.0162926 secs] [Times: user=0.11 sys=0.00, real=0.02 secs] 
2020-09-29T17:51:24.396+0200: 26.687: [GC (Allocation Failure) [PSYoungGen: 630373K->42533K(641024K)] 642885K->55045K(2039296K), 0.0148690 secs] [Times: user=0.13 sys=0.00, real=0.02 secs] 
2020-09-29T17:51:24.462+0200: 26.753: [GC (Allocation Failure) [PSYoungGen: 627749K->26116K(642048K)] 640261K->38628K(2040320K), 0.0097249 secs] [Times: user=0.00 sys=0.00, real=0.01 secs] 
2020-09-29T17:51:24.522+0200: 26.813: [GC (Allocation Failure) [PSYoungGen: 611332K->50853K(634368K)] 623844K->63365K(2032640K), 0.0165583 secs] [Times: user=0.13 sys=0.00, real=0.02 secs] 
2020-09-29T17:51:24.592+0200: 26.883: [GC (Allocation Failure) [PSYoungGen: 628901K->26628K(638464K)] 641413K->39140K(2036736K), 0.0109843 secs] [Times: user=0.11 sys=0.00, real=0.01 secs] 
2020-09-29T17:51:24.658+0200: 26.948: [GC (Allocation Failure) [PSYoungGen: 604676K->42309K(638464K)] 617188K->54821K(2036736K), 0.0148331 secs] [Times: user=0.13 sys=0.00, real=0.02 secs] 
2020-09-29T17:51:24.721+0200: 27.012: [GC (Allocation Failure) [PSYoungGen: 621381K->15683K(594944K)] 633893K->28195K(1993216K), 0.0067654 secs] [Times: user=0.13 sys=0.00, real=0.01 secs] 
2020-09-29T17:51:24.778+0200: 27.068: [GC (Allocation Failure) [PSYoungGen: 594755K->19971K(638464K)] 607267K->32483K(2036736K), 0.0088640 secs] [Times: user=0.13 sys=0.00, real=0.01 secs] 
2020-09-29T17:51:24.838+0200: 27.129: [GC (Allocation Failure) [PSYoungGen: 598019K->36612K(638464K)] 610531K->49124K(2036736K), 0.0141549 secs] [Times: user=0.13 sys=0.00, real=0.01 secs] 
2020-09-29T17:51:24.904+0200: 27.195: [GC (Allocation Failure) [PSYoungGen: 614660K->40068K(638976K)] 627172K->52580K(2037248K), 0.0161955 secs] [Times: user=0.13 sys=0.00, real=0.02 secs] 
2020-09-29T17:51:24.970+0200: 27.261: [GC (Allocation Failure) [PSYoungGen: 620164K->45861K(626176K)] 632676K->58373K(2024448K), 0.0156456 secs] [Times: user=0.06 sys=0.02, real=0.02 secs] 
2020-09-29T17:51:25.035+0200: 27.326: [GC (Allocation Failure) [PSYoungGen: 625957K->23812K(638464K)] 638469K->36324K(2036736K), 0.0091610 secs] [Times: user=0.02 sys=0.00, real=0.01 secs] 
2020-09-29T17:51:25.100+0200: 27.391: [GC (Allocation Failure) [PSYoungGen: 600836K->40197K(637440K)] 613348K->52709K(2035712K), 0.0136951 secs] [Times: user=0.01 sys=0.01, real=0.01 secs] 
2020-09-29T17:51:25.164+0200: 27.455: [GC (Allocation Failure) [PSYoungGen: 617221K->56645K(627200K)] 629733K->69157K(2025472K), 0.0205759 secs] [Times: user=0.11 sys=0.00, real=0.02 secs] 
2020-09-29T17:51:25.233+0200: 27.524: [GC (Allocation Failure) [PSYoungGen: 623429K->20484K(632832K)] 635941K->32996K(2031104K), 0.0077380 secs] [Times: user=0.13 sys=0.00, real=0.01 secs] 
2020-09-29T17:51:25.290+0200: 27.581: [GC (Allocation Failure) [PSYoungGen: 587268K->26660K(634880K)] 599780K->39172K(2033152K), 0.0104747 secs] [Times: user=0.00 sys=0.00, real=0.01 secs] 
2020-09-29T17:51:25.351+0200: 27.642: [GC (Allocation Failure) [PSYoungGen: 595492K->33828K(632832K)] 608004K->46340K(2031104K), 0.0118295 secs] [Times: user=0.00 sys=0.00, real=0.01 secs] 
2020-09-29T17:51:25.411+0200: 27.702: [GC (Allocation Failure) [PSYoungGen: 602660K->41989K(636928K)] 615172K->54501K(2035200K), 0.0147118 secs] [Times: user=0.13 sys=0.00, real=0.02 secs] 
2020-09-29T17:51:25.476+0200: 27.766: [GC (Allocation Failure) [PSYoungGen: 617989K->29061K(637440K)] 630501K->41573K(2035712K), 0.0111115 secs] [Times: user=0.00 sys=0.00, real=0.01 secs] 
2020-09-29T17:51:25.538+0200: 27.829: [GC (Allocation Failure) [PSYoungGen: 605061K->30468K(641024K)] 617573K->42980K(2039296K), 0.0116947 secs] [Times: user=0.00 sys=0.00, real=0.01 secs] 
2020-09-29T17:51:25.603+0200: 27.893: [GC (Allocation Failure) [PSYoungGen: 610785K->19875K(638976K)] 623297K->32387K(2037248K), 0.0090828 secs] [Times: user=0.00 sys=0.00, real=0.01 secs] 
2020-09-29T17:51:25.662+0200: 27.953: [GC (Allocation Failure) [PSYoungGen: 600995K->39940K(640000K)] 613507K->52452K(2038272K), 0.0144057 secs] [Times: user=0.13 sys=0.00, real=0.02 secs] 
2020-09-29T17:51:25.736+0200: 28.027: [GC (Allocation Failure) [PSYoungGen: 622084K->34084K(640512K)] 634596K->46596K(2038784K), 0.0128764 secs] [Times: user=0.13 sys=0.00, real=0.01 secs] 
2020-09-29T17:51:25.798+0200: 28.089: [GC (Allocation Failure) [PSYoungGen: 616228K->28325K(644096K)] 628740K->40837K(2042368K), 0.0092684 secs] [Times: user=0.13 sys=0.00, real=0.01 secs] 
2020-09-29T17:51:25.858+0200: 28.149: [GC (Allocation Failure) [PSYoungGen: 616613K->42373K(643072K)] 629125K->54885K(2041344K), 0.0166584 secs] [Times: user=0.11 sys=0.00, real=0.02 secs] 
2020-09-29T17:51:25.927+0200: 28.218: [GC (Allocation Failure) [PSYoungGen: 630661K->27299K(644096K)] 643173K->39811K(2042368K), 0.0106901 secs] [Times: user=0.00 sys=0.00, real=0.01 secs] 
2020-09-29T17:51:25.988+0200: 28.279: [GC (Allocation Failure) [PSYoungGen: 615587K->40804K(643072K)] 628099K->53316K(2041344K), 0.0151017 secs] [Times: user=0.13 sys=0.00, real=0.02 secs] 
2020-09-29T17:51:26.054+0200: 28.345: [GC (Allocation Failure) [PSYoungGen: 629092K->26724K(644096K)] 641604K->39236K(2042368K), 0.0101287 secs] [Times: user=0.00 sys=0.00, real=0.01 secs] 
2020-09-29T17:51:26.114+0200: 28.405: [GC (Allocation Failure) [PSYoungGen: 615012K->40004K(643072K)] 627524K->52516K(2041344K), 0.0140412 secs] [Times: user=0.00 sys=0.00, real=0.01 secs] 
2020-09-29T17:51:26.179+0200: 28.470: [GC (Allocation Failure) [PSYoungGen: 628292K->23909K(644096K)] 640804K->36421K(2042368K), 0.0088205 secs] [Times: user=0.00 sys=0.00, real=0.01 secs] 
2020-09-29T17:51:26.238+0200: 28.529: [GC (Allocation Failure) [PSYoungGen: 612709K->37957K(643584K)] 625221K->50469K(2041856K), 0.0134868 secs] [Times: user=0.09 sys=0.02, real=0.01 secs] 
2020-09-29T17:51:26.302+0200: 28.593: [GC (Allocation Failure) [PSYoungGen: 626757K->20867K(644608K)] 639269K->33379K(2042880K), 0.0088748 secs] [Times: user=0.00 sys=0.00, real=0.01 secs] 
2020-09-29T17:51:26.362+0200: 28.653: [GC (Allocation Failure) [PSYoungGen: 611203K->50693K(641536K)] 623715K->63205K(2039808K), 0.0167692 secs] [Times: user=0.14 sys=0.00, real=0.02 secs] 
2020-09-29T17:51:26.430+0200: 28.721: [GC (Allocation Failure) [PSYoungGen: 641029K->25765K(640512K)] 653541K->38277K(2038784K), 0.0088958 secs] [Times: user=0.00 sys=0.00, real=0.01 secs] 
2020-09-29T17:51:26.489+0200: 28.780: [GC (Allocation Failure) [PSYoungGen: 608933K->18531K(641024K)] 621445K->31043K(2039296K), 0.0085137 secs] [Times: user=0.00 sys=0.00, real=0.01 secs] 
2020-09-29T17:51:26.553+0200: 28.843: [GC (Allocation Failure) [PSYoungGen: 601699K->41221K(638976K)] 614211K->53733K(2037248K), 0.0148134 secs] [Times: user=0.13 sys=0.00, real=0.02 secs] 
2020-09-29T17:51:26.620+0200: 28.910: [GC (Allocation Failure) [PSYoungGen: 622341K->34373K(640000K)] 634853K->46885K(2038272K), 0.0119836 secs] [Times: user=0.13 sys=0.00, real=0.01 secs] 
2020-09-29T17:51:26.681+0200: 28.972: [GC (Allocation Failure) [PSYoungGen: 615493K->41220K(640000K)] 628005K->53732K(2038272K), 0.0143774 secs] [Times: user=0.13 sys=0.00, real=0.02 secs] 
2020-09-29T17:51:26.745+0200: 29.036: [GC (Allocation Failure) [PSYoungGen: 624388K->36485K(641024K)] 636900K->48997K(2039296K), 0.0120196 secs] [Times: user=0.13 sys=0.00, real=0.01 secs] 
2020-09-29T17:51:26.807+0200: 29.098: [GC (Allocation Failure) [PSYoungGen: 619653K->44708K(638464K)] 632165K->57220K(2036736K), 0.0158161 secs] [Times: user=0.13 sys=0.00, real=0.02 secs] 
2020-09-29T17:51:26.872+0200: 29.163: [GC (Allocation Failure) [PSYoungGen: 626852K->8835K(591360K)] 639364K->21347K(1989632K), 0.0039349 secs] [Times: user=0.00 sys=0.00, real=0.00 secs] 
2020-09-29T17:51:26.927+0200: 29.218: [GC (Allocation Failure) [PSYoungGen: 590979K->44133K(635392K)] 603491K->56645K(2033664K), 0.0152784 secs] [Times: user=0.13 sys=0.00, real=0.02 secs] 
2020-09-29T17:51:26.992+0200: 29.282: [GC (Allocation Failure) [PSYoungGen: 619109K->44837K(620032K)] 631621K->57349K(2018304K), 0.0151812 secs] [Times: user=0.13 sys=0.00, real=0.01 secs] 
2020-09-29T17:51:27.059+0200: 29.350: [GC (Allocation Failure) [PSYoungGen: 619813K->31011K(637952K)] 632325K->43523K(2036224K), 0.0157230 secs] [Times: user=0.08 sys=0.00, real=0.02 secs] 
2020-09-29T17:51:27.125+0200: 29.416: [GC (Allocation Failure) [PSYoungGen: 605475K->30212K(635392K)] 617987K->42724K(2033664K), 0.0113804 secs] [Times: user=0.13 sys=0.00, real=0.01 secs] 
2020-09-29T17:51:27.191+0200: 29.481: [GC (Allocation Failure) [PSYoungGen: 604676K->57829K(626688K)] 617188K->70341K(2024960K), 0.0187280 secs] [Times: user=0.25 sys=0.00, real=0.02 secs] 
2020-09-29T17:51:27.258+0200: 29.548: [GC (Allocation Failure) [PSYoungGen: 625637K->20515K(633344K)] 638149K->33027K(2031616K), 0.0080083 secs] [Times: user=0.00 sys=0.00, real=0.01 secs] 
2020-09-29T17:51:27.314+0200: 29.605: [GC (Allocation Failure) [PSYoungGen: 588323K->41413K(634368K)] 600835K->53925K(2032640K), 0.0135291 secs] [Times: user=0.13 sys=0.00, real=0.01 secs] 
2020-09-29T17:51:27.376+0200: 29.666: [GC (Allocation Failure) [PSYoungGen: 610757K->35396K(633856K)] 623269K->47908K(2032128K), 0.0125284 secs] [Times: user=0.13 sys=0.00, real=0.01 secs] 
2020-09-29T17:51:27.437+0200: 29.728: [GC (Allocation Failure) [PSYoungGen: 604740K->44165K(635904K)] 617252K->56677K(2034176K), 0.0155033 secs] [Times: user=0.13 sys=0.00, real=0.01 secs] 
2020-09-29T17:51:27.502+0200: 29.793: [GC (Allocation Failure) [PSYoungGen: 618117K->42117K(636416K)] 630629K->54629K(2034688K), 0.0146734 secs] [Times: user=0.13 sys=0.00, real=0.01 secs] 
2020-09-29T17:51:27.568+0200: 29.858: [GC (Allocation Failure) [PSYoungGen: 616069K->27619K(637952K)] 628581K->40131K(2036224K), 0.0117026 secs] [Times: user=0.00 sys=0.00, real=0.01 secs] 
2020-09-29T17:51:27.630+0200: 29.921: [GC (Allocation Failure) [PSYoungGen: 603619K->43045K(636928K)] 616131K->55557K(2035200K), 0.0152840 secs] [Times: user=0.13 sys=0.00, real=0.01 secs] 
2020-09-29T17:51:27.694+0200: 29.985: [GC (Allocation Failure) [PSYoungGen: 619045K->14851K(635392K)] 631557K->27363K(2033664K), 0.0059557 secs] [Times: user=0.00 sys=0.00, real=0.01 secs] 
2020-09-29T17:51:27.749+0200: 30.039: [GC (Allocation Failure) [PSYoungGen: 588803K->27397K(636416K)] 601315K->39909K(2034688K), 0.0097511 secs] [Times: user=0.13 sys=0.00, real=0.01 secs] 
2020-09-29T17:51:27.810+0200: 30.101: [GC (Allocation Failure) [PSYoungGen: 601349K->27109K(639488K)] 613861K->39621K(2037760K), 0.0096064 secs] [Times: user=0.13 sys=0.00, real=0.01 secs] 
2020-09-29T17:51:27.869+0200: 30.160: [GC (Allocation Failure) [PSYoungGen: 605669K->31461K(637952K)] 618181K->43973K(2036224K), 0.0112566 secs] [Times: user=0.13 sys=0.00, real=0.01 secs] 
2020-09-29T17:51:27.936+0200: 30.227: [GC (Allocation Failure) [PSYoungGen: 610021K->35749K(643072K)] 622533K->48261K(2041344K), 0.0119939 secs] [Times: user=0.13 sys=0.00, real=0.01 secs] 
2020-09-29T17:51:27.998+0200: 30.289: [GC (Allocation Failure) [PSYoungGen: 621989K->31173K(642048K)] 634501K->43685K(2040320K), 0.0119806 secs] [Times: user=0.13 sys=0.00, real=0.01 secs] 
2020-09-29T17:51:28.061+0200: 30.352: [GC (Allocation Failure) [PSYoungGen: 617413K->26116K(646144K)] 629925K->38628K(2044416K), 0.0101226 secs] [Times: user=0.13 sys=0.00, real=0.01 secs] 
2020-09-29T17:51:28.127+0200: 30.418: [GC (Allocation Failure) [PSYoungGen: 618500K->44325K(636928K)] 631012K->56837K(2035200K), 0.0151467 secs] [Times: user=0.13 sys=0.00, real=0.01 secs] 
2020-09-29T17:51:28.193+0200: 30.483: [GC (Allocation Failure) [PSYoungGen: 636709K->20739K(643584K)] 649221K->33251K(2041856K), 0.0085733 secs] [Times: user=0.00 sys=0.00, real=0.01 secs] 
2020-09-29T17:51:28.251+0200: 30.542: [GC (Allocation Failure) [PSYoungGen: 609027K->19620K(643584K)] 621539K->32132K(2041856K), 0.0076719 secs] [Times: user=0.13 sys=0.00, real=0.01 secs] 
2020-09-29T17:51:28.322+0200: 30.613: [GC (Allocation Failure) [PSYoungGen: 607908K->32101K(645632K)] 620420K->44613K(2043904K), 0.0123398 secs] [Times: user=0.13 sys=0.00, real=0.01 secs] 
2020-09-29T17:51:28.387+0200: 30.678: [GC (Allocation Failure) [PSYoungGen: 622437K->34501K(643584K)] 634949K->47013K(2041856K), 0.0137207 secs] [Times: user=0.13 sys=0.00, real=0.01 secs] 
2020-09-29T17:51:28.454+0200: 30.745: [GC (Allocation Failure) [PSYoungGen: 624837K->35076K(647168K)] 637349K->47588K(2045440K), 0.0129091 secs] [Times: user=0.13 sys=0.00, real=0.01 secs] 
2020-09-29T17:51:28.518+0200: 30.809: [GC (Allocation Failure) [PSYoungGen: 630020K->42085K(637440K)] 642532K->54597K(2035712K), 0.0145659 secs] [Times: user=0.13 sys=0.00, real=0.01 secs] 
2020-09-29T17:51:28.584+0200: 30.875: [GC (Allocation Failure) [PSYoungGen: 637029K->34468K(646656K)] 649541K->46980K(2044928K), 0.0130486 secs] [Times: user=0.00 sys=0.00, real=0.01 secs] 
2020-09-29T17:51:28.649+0200: 30.940: [GC (Allocation Failure) [PSYoungGen: 627876K->38468K(645632K)] 640388K->50980K(2043904K), 0.0135723 secs] [Times: user=0.13 sys=0.00, real=0.01 secs] 
2020-09-29T17:51:28.713+0200: 31.004: [GC (Allocation Failure) [PSYoungGen: 631876K->28291K(647680K)] 644388K->40803K(2045952K), 0.0112481 secs] [Times: user=0.13 sys=0.00, real=0.01 secs] 
2020-09-29T17:51:28.776+0200: 31.067: [GC (Allocation Failure) [PSYoungGen: 623747K->49445K(645120K)] 636259K->61957K(2043392K), 0.0165264 secs] [Times: user=0.13 sys=0.00, real=0.02 secs] 
2020-09-29T17:51:28.844+0200: 31.135: [GC (Allocation Failure) [PSYoungGen: 644901K->43365K(638976K)] 657413K->55877K(2037248K), 0.0152036 secs] [Times: user=0.13 sys=0.00, real=0.01 secs] 
2020-09-29T17:51:28.909+0200: 31.200: [GC (Allocation Failure) [PSYoungGen: 628581K->40613K(642048K)] 641093K->53125K(2040320K), 0.0146332 secs] [Times: user=0.13 sys=0.00, real=0.02 secs] 
2020-09-29T17:51:28.975+0200: 31.266: [GC (Allocation Failure) [PSYoungGen: 625829K->37925K(643584K)] 638341K->50437K(2041856K), 0.0130617 secs] [Times: user=0.00 sys=0.00, real=0.01 secs] 
2020-09-29T17:51:29.039+0200: 31.330: [GC (Allocation Failure) [PSYoungGen: 625189K->37092K(642560K)] 637701K->49604K(2040832K), 0.0134699 secs] [Times: user=0.13 sys=0.00, real=0.01 secs] 
2020-09-29T17:51:29.105+0200: 31.396: [GC (Allocation Failure) [PSYoungGen: 624356K->50149K(638976K)] 636868K->62661K(2037248K), 0.0166392 secs] [Times: user=0.13 sys=0.00, real=0.02 secs] 
2020-09-29T17:51:29.172+0200: 31.463: [GC (Allocation Failure) [PSYoungGen: 635365K->47525K(632832K)] 647877K->60037K(2031104K), 0.0160866 secs] [Times: user=0.13 sys=0.00, real=0.02 secs] 
2020-09-29T17:51:29.238+0200: 31.529: [GC (Allocation Failure) [PSYoungGen: 632741K->44805K(640000K)] 645253K->57317K(2038272K), 0.0150252 secs] [Times: user=0.09 sys=0.00, real=0.02 secs] 
2020-09-29T17:51:29.304+0200: 31.595: [GC (Allocation Failure) [PSYoungGen: 625925K->34468K(640000K)] 638437K->46980K(2038272K), 0.0129571 secs] [Times: user=0.02 sys=0.00, real=0.01 secs] 
2020-09-29T17:51:29.367+0200: 31.658: [GC (Allocation Failure) [PSYoungGen: 615588K->12867K(635904K)] 628100K->25379K(2034176K), 0.0059212 secs] [Times: user=0.00 sys=0.00, real=0.01 secs] 
2020-09-29T17:51:29.423+0200: 31.714: [GC (Allocation Failure) [PSYoungGen: 590915K->30372K(638464K)] 603427K->42884K(2036736K), 0.0113125 secs] [Times: user=0.13 sys=0.00, real=0.01 secs] 
2020-09-29T17:51:29.487+0200: 31.778: [GC (Allocation Failure) [PSYoungGen: 608420K->32420K(641536K)] 620932K->44932K(2039808K), 0.0119497 secs] [Times: user=0.13 sys=0.00, real=0.01 secs] 
2020-09-29T17:51:29.550+0200: 31.840: [GC (Allocation Failure) [PSYoungGen: 615076K->40709K(640000K)] 627588K->53221K(2038272K), 0.0141907 secs] [Times: user=0.13 sys=0.00, real=0.01 secs] 
2020-09-29T17:51:29.615+0200: 31.906: [GC (Allocation Failure) [PSYoungGen: 623365K->35205K(643584K)] 635877K->47717K(2041856K), 0.0133486 secs] [Times: user=0.03 sys=0.00, real=0.01 secs] 
2020-09-29T17:51:29.680+0200: 31.971: [GC (Allocation Failure) [PSYoungGen: 621957K->33892K(642048K)] 634469K->46404K(2040320K), 0.0122581 secs] [Times: user=0.13 sys=0.00, real=0.01 secs] 
2020-09-29T17:51:29.743+0200: 32.034: [GC (Allocation Failure) [PSYoungGen: 620644K->29476K(646144K)] 633156K->41988K(2044416K), 0.0143591 secs] [Times: user=0.11 sys=0.00, real=0.01 secs] 
2020-09-29T17:51:29.812+0200: 32.103: [GC (Allocation Failure) [PSYoungGen: 621860K->47653K(640512K)] 634372K->60165K(2038784K), 0.0175840 secs] [Times: user=0.13 sys=0.00, real=0.02 secs] 
2020-09-29T17:51:29.883+0200: 32.174: [GC (Allocation Failure) [PSYoungGen: 640037K->23268K(643072K)] 652549K->35780K(2041344K), 0.0106351 secs] [Times: user=0.00 sys=0.00, real=0.01 secs] 
2020-09-29T17:51:29.946+0200: 32.236: [GC (Allocation Failure) [PSYoungGen: 610532K->50021K(637440K)] 623044K->62533K(2035712K), 0.0166288 secs] [Times: user=0.13 sys=0.00, real=0.02 secs] 
2020-09-29T17:51:30.014+0200: 32.304: [GC (Allocation Failure) [PSYoungGen: 637285K->35268K(641536K)] 649797K->47780K(2039808K), 0.0130019 secs] [Times: user=0.13 sys=0.00, real=0.01 secs] 
2020-09-29T17:51:30.078+0200: 32.369: [GC (Allocation Failure) [PSYoungGen: 617412K->25859K(639488K)] 629924K->38371K(2037760K), 0.0104403 secs] [Times: user=0.13 sys=0.00, real=0.01 secs] 
2020-09-29T17:51:30.138+0200: 32.429: [GC (Allocation Failure) [PSYoungGen: 608003K->33797K(643584K)] 620515K->46309K(2041856K), 0.0118773 secs] [Times: user=0.13 sys=0.00, real=0.01 secs] 
2020-09-29T17:51:30.203+0200: 32.494: [GC (Allocation Failure) [PSYoungGen: 620037K->30404K(641536K)] 632549K->42916K(2039808K), 0.0112773 secs] [Times: user=0.13 sys=0.00, real=0.01 secs] 
2020-09-29T17:51:30.267+0200: 32.557: [GC (Allocation Failure) [PSYoungGen: 616644K->27908K(645632K)] 629156K->40420K(2043904K), 0.0101002 secs] [Times: user=0.13 sys=0.00, real=0.01 secs] 
2020-09-29T17:51:30.327+0200: 32.618: [GC (Allocation Failure) [PSYoungGen: 619268K->43909K(635392K)] 631780K->56421K(2033664K), 0.0149876 secs] [Times: user=0.13 sys=0.00, real=0.02 secs] 
2020-09-29T17:51:30.393+0200: 32.684: [GC (Allocation Failure) [PSYoungGen: 635269K->47365K(638464K)] 647781K->59877K(2036736K), 0.0155036 secs] [Times: user=0.13 sys=0.00, real=0.02 secs] 
2020-09-29T17:51:30.460+0200: 32.750: [GC (Allocation Failure) [PSYoungGen: 630533K->42629K(641024K)] 643045K->55141K(2039296K), 0.0139958 secs] [Times: user=0.13 sys=0.00, real=0.01 secs] 
2020-09-29T17:51:30.523+0200: 32.814: [GC (Allocation Failure) [PSYoungGen: 625797K->24101K(641024K)] 638309K->36613K(2039296K), 0.0089145 secs] [Times: user=0.00 sys=0.00, real=0.01 secs] 
2020-09-29T17:51:30.583+0200: 32.874: [GC (Allocation Failure) [PSYoungGen: 607269K->46693K(630272K)] 619781K->59205K(2028544K), 0.0172026 secs] [Times: user=0.13 sys=0.00, real=0.02 secs] 
2020-09-29T17:51:30.652+0200: 32.943: [GC (Allocation Failure) [PSYoungGen: 629861K->25603K(639488K)] 642373K->38115K(2037760K), 0.0103582 secs] [Times: user=0.13 sys=0.00, real=0.01 secs] 
2020-09-29T17:51:30.712+0200: 33.003: [GC (Allocation Failure) [PSYoungGen: 605187K->30949K(638976K)] 617699K->43461K(2037248K), 0.0110219 secs] [Times: user=0.13 sys=0.00, real=0.01 secs] 
2020-09-29T17:51:30.773+0200: 33.064: [GC (Allocation Failure) [PSYoungGen: 610533K->35716K(643072K)] 623045K->48228K(2041344K), 0.0130558 secs] [Times: user=0.13 sys=0.00, real=0.01 secs] 
2020-09-29T17:51:30.836+0200: 33.127: [GC (Allocation Failure) [PSYoungGen: 620932K->30788K(641024K)] 633444K->43300K(2039296K), 0.0114905 secs] [Times: user=0.00 sys=0.00, real=0.01 secs] 
2020-09-29T17:51:30.897+0200: 33.188: [GC (Allocation Failure) [PSYoungGen: 616004K->27396K(645120K)] 628516K->39908K(2043392K), 0.0104835 secs] [Times: user=0.00 sys=0.00, real=0.01 secs] 
2020-09-29T17:51:30.959+0200: 33.250: [GC (Allocation Failure) [PSYoungGen: 617732K->29637K(644096K)] 630244K->42149K(2042368K), 0.0096800 secs] [Times: user=0.00 sys=0.00, real=0.01 secs] 
2020-09-29T17:51:31.021+0200: 33.312: [GC (Allocation Failure) [PSYoungGen: 619973K->30179K(647680K)] 632485K->42691K(2045952K), 0.0141646 secs] [Times: user=0.13 sys=0.00, real=0.01 secs] 
2020-09-29T17:51:31.087+0200: 33.377: [GC (Allocation Failure) [PSYoungGen: 625123K->23235K(646144K)] 637635K->35747K(2044416K), 0.0092633 secs] [Times: user=0.00 sys=0.00, real=0.01 secs] 
2020-09-29T17:51:31.147+0200: 33.438: [GC (Allocation Failure) [PSYoungGen: 618179K->29669K(649216K)] 630691K->42181K(2047488K), 0.0100399 secs] [Times: user=0.00 sys=0.00, real=0.01 secs] 
2020-09-29T17:51:31.209+0200: 33.499: [GC (Allocation Failure) [PSYoungGen: 627685K->39749K(647680K)] 640197K->52261K(2045952K), 0.0134480 secs] [Times: user=0.00 sys=0.00, real=0.01 secs] 
2020-09-29T17:51:31.274+0200: 33.565: [GC (Allocation Failure) [PSYoungGen: 637765K->36004K(648704K)] 650277K->48516K(2046976K), 0.0131353 secs] [Times: user=0.13 sys=0.00, real=0.01 secs] 
2020-09-29T17:51:31.339+0200: 33.629: [GC (Allocation Failure) [PSYoungGen: 634020K->44804K(643072K)] 646532K->57316K(2041344K), 0.0158304 secs] [Times: user=0.13 sys=0.00, real=0.02 secs] 
2020-09-29T17:51:31.405+0200: 33.696: [GC (Allocation Failure) [PSYoungGen: 642820K->41253K(644096K)] 655332K->53765K(2042368K), 0.0141474 secs] [Times: user=0.13 sys=0.00, real=0.01 secs] 
2020-09-29T17:51:31.470+0200: 33.761: [GC (Allocation Failure) [PSYoungGen: 632613K->29860K(645120K)] 645125K->42372K(2043392K), 0.0110090 secs] [Times: user=0.13 sys=0.00, real=0.01 secs] 
2020-09-29T17:51:31.533+0200: 33.823: [GC (Allocation Failure) [PSYoungGen: 621220K->31909K(647680K)] 633732K->44421K(2045952K), 0.0113035 secs] [Times: user=0.13 sys=0.00, real=0.01 secs] 
2020-09-29T17:51:31.595+0200: 33.886: [GC (Allocation Failure) [PSYoungGen: 626853K->36835K(646144K)] 639365K->49347K(2044416K), 0.0154239 secs] [Times: user=0.11 sys=0.00, real=0.01 secs] 
2020-09-29T17:51:31.663+0200: 33.953: [GC (Allocation Failure) [PSYoungGen: 631779K->43877K(644096K)] 644291K->56389K(2042368K), 0.0142834 secs] [Times: user=0.13 sys=0.00, real=0.01 secs] 
2020-09-29T17:51:31.729+0200: 34.020: [GC (Allocation Failure) [PSYoungGen: 637285K->34820K(646144K)] 649797K->47332K(2044416K), 0.0126052 secs] [Times: user=0.13 sys=0.00, real=0.01 secs] 
2020-09-29T17:51:31.793+0200: 34.083: [GC (Allocation Failure) [PSYoungGen: 628228K->40357K(647680K)] 640740K->52869K(2045952K), 0.0138628 secs] [Times: user=0.13 sys=0.00, real=0.01 secs] 
2020-09-29T17:51:31.858+0200: 34.148: [GC (Allocation Failure) [PSYoungGen: 636837K->33925K(647680K)] 649349K->46437K(2045952K), 0.0120511 secs] [Times: user=0.13 sys=0.00, real=0.01 secs] 
2020-09-29T17:51:31.920+0200: 34.211: [GC (Allocation Failure) [PSYoungGen: 630405K->28708K(649216K)] 642917K->41220K(2047488K), 0.0108463 secs] [Times: user=0.13 sys=0.00, real=0.01 secs] 
2020-09-29T17:51:31.983+0200: 34.274: [GC (Allocation Failure) [PSYoungGen: 627748K->39781K(648704K)] 640260K->52293K(2046976K), 0.0133063 secs] [Times: user=0.13 sys=0.00, real=0.01 secs] 
2020-09-29T17:51:32.048+0200: 34.339: [GC (Allocation Failure) [PSYoungGen: 638821K->23173K(647680K)] 651333K->35685K(2045952K), 0.0088893 secs] [Times: user=0.13 sys=0.00, real=0.01 secs] 
2020-09-29T17:51:32.110+0200: 34.400: [GC (Allocation Failure) [PSYoungGen: 620677K->44132K(642048K)] 633189K->56644K(2040320K), 0.0156714 secs] [Times: user=0.13 sys=0.00, real=0.02 secs] 
2020-09-29T17:51:32.178+0200: 34.468: [GC (Allocation Failure) [PSYoungGen: 641636K->52709K(635904K)] 654148K->66141K(2034176K), 0.0178095 secs] [Times: user=0.13 sys=0.00, real=0.02 secs] 
2020-09-29T17:51:32.245+0200: 34.536: [GC (Allocation Failure) [PSYoungGen: 635877K->48965K(632320K)] 649309K->62397K(2030592K), 0.0169613 secs] [Times: user=0.13 sys=0.00, real=0.02 secs] 
2020-09-29T17:51:32.313+0200: 34.603: [GC (Allocation Failure) [PSYoungGen: 632133K->44229K(638464K)] 645565K->57661K(2036736K), 0.0154159 secs] [Times: user=0.13 sys=0.00, real=0.02 secs] 
2020-09-29T17:51:32.378+0200: 34.668: [GC (Allocation Failure) [PSYoungGen: 622277K->31555K(638464K)] 635709K->44987K(2036736K), 0.0125199 secs] [Times: user=0.13 sys=0.00, real=0.01 secs] 
2020-09-29T17:51:32.440+0200: 34.730: [GC (Allocation Failure) [PSYoungGen: 609603K->34436K(641024K)] 623035K->47868K(2039296K), 0.0133699 secs] [Times: user=0.13 sys=0.00, real=0.01 secs] 
2020-09-29T17:51:32.503+0200: 34.793: [GC (Allocation Failure) [PSYoungGen: 616068K->26755K(639488K)] 629500K->40187K(2037760K), 0.0109838 secs] [Times: user=0.13 sys=0.00, real=0.01 secs] 
2020-09-29T17:51:32.570+0200: 34.860: [GC (Allocation Failure) [PSYoungGen: 608387K->31683K(642560K)] 621819K->45115K(2040832K), 0.0133784 secs] [Times: user=0.11 sys=0.00, real=0.01 secs] 
2020-09-29T17:51:32.634+0200: 34.924: [GC (Allocation Failure) [PSYoungGen: 616387K->24964K(641024K)] 629819K->38396K(2039296K), 0.0102917 secs] [Times: user=0.00 sys=0.00, real=0.01 secs] 
2020-09-29T17:51:32.695+0200: 34.985: [GC (Allocation Failure) [PSYoungGen: 609668K->21636K(641536K)] 623100K->35068K(2039808K), 0.0081506 secs] [Times: user=0.00 sys=0.00, real=0.01 secs] 
2020-09-29T17:51:32.755+0200: 35.045: [GC (Allocation Failure) [PSYoungGen: 606852K->32196K(642048K)] 620284K->45628K(2040320K), 0.0118606 secs] [Times: user=0.00 sys=0.00, real=0.01 secs] 
2020-09-29T17:51:32.817+0200: 35.107: [GC (Allocation Failure) [PSYoungGen: 617412K->12258K(641024K)] 630844K->25690K(2039296K), 0.0063027 secs] [Times: user=0.05 sys=0.00, real=0.01 secs] 
2020-09-29T17:51:32.875+0200: 35.165: [GC (Allocation Failure) [PSYoungGen: 598498K->37092K(642560K)] 611930K->50524K(2040832K), 0.0131549 secs] [Times: user=0.13 sys=0.00, real=0.01 secs] 
2020-09-29T17:51:32.938+0200: 35.228: [GC (Allocation Failure) [PSYoungGen: 623332K->34884K(644608K)] 636764K->48316K(2042880K), 0.0135107 secs] [Times: user=0.13 sys=0.00, real=0.01 secs] 
2020-09-29T17:51:33.002+0200: 35.292: [GC (Allocation Failure) [PSYoungGen: 623684K->35749K(643072K)] 637116K->49181K(2041344K), 0.0125005 secs] [Times: user=0.13 sys=0.00, real=0.01 secs] 
2020-09-29T17:51:33.066+0200: 35.356: [GC (Allocation Failure) [PSYoungGen: 624549K->50341K(636928K)] 637981K->63773K(2035200K), 0.0168380 secs] [Times: user=0.25 sys=0.00, real=0.02 secs] 
2020-09-29T17:51:33.134+0200: 35.424: [GC (Allocation Failure) [PSYoungGen: 633509K->31460K(641024K)] 646941K->44892K(2039296K), 0.0122116 secs] [Times: user=0.13 sys=0.00, real=0.01 secs] 
2020-09-29T17:51:33.196+0200: 35.486: [GC (Allocation Failure) [PSYoungGen: 614628K->54085K(632320K)] 628060K->67517K(2030592K), 0.0179469 secs] [Times: user=0.13 sys=0.00, real=0.02 secs] 
2020-09-29T17:51:33.264+0200: 35.554: [GC (Allocation Failure) [PSYoungGen: 630085K->55845K(632320K)] 643517K->69277K(2030592K), 0.0181527 secs] [Times: user=0.13 sys=0.00, real=0.02 secs] 
2020-09-29T17:51:33.331+0200: 35.621: [GC (Allocation Failure) [PSYoungGen: 631845K->43941K(633344K)] 645277K->57373K(2031616K), 0.0145302 secs] [Times: user=0.13 sys=0.00, real=0.01 secs] 
2020-09-29T17:51:33.394+0200: 35.684: [GC (Allocation Failure) [PSYoungGen: 611237K->36773K(632832K)] 624669K->50205K(2031104K), 0.0126747 secs] [Times: user=0.13 sys=0.00, real=0.01 secs] 
2020-09-29T17:51:33.456+0200: 35.746: [GC (Allocation Failure) [PSYoungGen: 604069K->28900K(636416K)] 617501K->42332K(2034688K), 0.0110862 secs] [Times: user=0.13 sys=0.00, real=0.01 secs] 
2020-09-29T17:51:33.516+0200: 35.806: [GC (Allocation Failure) [PSYoungGen: 601828K->40997K(635392K)] 615260K->54429K(2033664K), 0.0146190 secs] [Times: user=0.13 sys=0.00, real=0.01 secs] 
2020-09-29T17:51:33.585+0200: 35.875: [GC (Allocation Failure) [PSYoungGen: 613925K->39749K(638976K)] 627357K->53181K(2037248K), 0.0138302 secs] [Times: user=0.00 sys=0.00, real=0.01 secs] 
2020-09-29T17:51:33.649+0200: 35.940: [GC (Allocation Failure) [PSYoungGen: 617285K->29252K(637440K)] 630717K->42684K(2035712K), 0.0110645 secs] [Times: user=0.00 sys=0.02, real=0.01 secs] 
2020-09-29T17:51:33.712+0200: 36.002: [GC (Allocation Failure) [PSYoungGen: 606788K->46213K(636928K)] 620220K->59645K(2035200K), 0.0159400 secs] [Times: user=0.13 sys=0.00, real=0.02 secs] 
2020-09-29T17:51:33.778+0200: 36.068: [GC (Allocation Failure) [PSYoungGen: 624261K->36357K(638464K)] 637693K->49789K(2036736K), 0.0122537 secs] [Times: user=0.13 sys=0.00, real=0.01 secs] 
2020-09-29T17:51:33.840+0200: 36.130: [GC (Allocation Failure) [PSYoungGen: 614405K->39748K(642048K)] 627837K->53180K(2040320K), 0.0145130 secs] [Times: user=0.13 sys=0.00, real=0.01 secs] 
2020-09-29T17:51:33.906+0200: 36.196: [GC (Allocation Failure) [PSYoungGen: 623428K->35525K(640512K)] 636860K->48957K(2038784K), 0.0127839 secs] [Times: user=0.13 sys=0.00, real=0.01 secs] 
2020-09-29T17:51:33.969+0200: 36.260: [GC (Allocation Failure) [PSYoungGen: 619205K->44933K(641536K)] 632637K->58365K(2039808K), 0.0157187 secs] [Times: user=0.13 sys=0.00, real=0.02 secs] 
2020-09-29T17:51:34.035+0200: 36.325: [GC (Allocation Failure) [PSYoungGen: 631173K->28644K(642560K)] 644605K->42076K(2040832K), 0.0104475 secs] [Times: user=0.13 sys=0.00, real=0.01 secs] 
2020-09-29T17:51:34.096+0200: 36.386: [GC (Allocation Failure) [PSYoungGen: 614884K->40709K(643072K)] 628316K->54141K(2041344K), 0.0137348 secs] [Times: user=0.13 sys=0.00, real=0.01 secs] 
2020-09-29T17:51:34.161+0200: 36.451: [GC (Allocation Failure) [PSYoungGen: 627461K->39557K(642560K)] 640893K->52989K(2040832K), 0.0130741 secs] [Times: user=0.00 sys=0.00, real=0.01 secs] 
2020-09-29T17:51:34.224+0200: 36.514: [GC (Allocation Failure) [PSYoungGen: 626309K->38277K(645632K)] 639741K->51709K(2043904K), 0.0136016 secs] [Times: user=0.00 sys=0.00, real=0.01 secs] 
2020-09-29T17:51:34.287+0200: 36.578: [GC (Allocation Failure) [PSYoungGen: 629125K->53221K(644096K)] 642557K->68237K(2042368K), 0.0184174 secs] [Times: user=0.13 sys=0.00, real=0.02 secs] 
2020-09-29T17:51:34.356+0200: 36.646: [GC (Allocation Failure) [PSYoungGen: 644069K->16645K(633856K)] 659085K->31661K(2032128K), 0.0058097 secs] [Times: user=0.00 sys=0.00, real=0.01 secs] 
2020-09-29T17:51:34.412+0200: 36.702: [GC (Allocation Failure) [PSYoungGen: 595717K->35173K(638976K)] 610733K->50189K(2037248K), 0.0136759 secs] [Times: user=0.00 sys=0.00, real=0.01 secs] 
2020-09-29T17:51:34.476+0200: 36.766: [GC (Allocation Failure) [PSYoungGen: 614245K->25444K(641024K)] 629261K->40460K(2039296K), 0.0095135 secs] [Times: user=0.00 sys=0.00, real=0.01 secs] 
2020-09-29T17:51:34.538+0200: 36.828: [GC (Allocation Failure) [PSYoungGen: 608612K->20291K(603648K)] 623628K->35307K(2001920K), 0.0084415 secs] [Times: user=0.00 sys=0.00, real=0.01 secs] 
2020-09-29T17:51:34.600+0200: 36.890: [GC (Allocation Failure) [PSYoungGen: 603459K->42981K(638464K)] 618475K->57997K(2036736K), 0.0187882 secs] [Times: user=0.11 sys=0.00, real=0.02 secs] 
2020-09-29T17:51:34.672+0200: 36.963: [GC (Allocation Failure) [PSYoungGen: 623077K->35141K(639488K)] 638093K->50157K(2037760K), 0.0143572 secs] [Times: user=0.13 sys=0.00, real=0.02 secs] 
2020-09-29T17:51:34.740+0200: 37.030: [GC (Allocation Failure) [PSYoungGen: 615237K->41029K(642048K)] 630253K->56045K(2040320K), 0.0156761 secs] [Times: user=0.13 sys=0.00, real=0.02 secs] 
2020-09-29T17:51:34.807+0200: 37.097: [GC (Allocation Failure) [PSYoungGen: 626245K->51556K(636928K)] 641261K->66572K(2035200K), 0.0177082 secs] [Times: user=0.13 sys=0.00, real=0.02 secs] 
2020-09-29T17:51:34.875+0200: 37.165: [GC (Allocation Failure) [PSYoungGen: 636772K->35173K(640000K)] 651788K->50189K(2038272K), 0.0126566 secs] [Times: user=0.13 sys=0.00, real=0.01 secs] 
2020-09-29T17:51:34.939+0200: 37.229: [GC (Allocation Failure) [PSYoungGen: 614757K->26789K(638464K)] 629773K->41805K(2036736K), 0.0101130 secs] [Times: user=0.11 sys=0.00, real=0.01 secs] 
2020-09-29T17:51:34.998+0200: 37.289: [GC (Allocation Failure) [PSYoungGen: 606373K->17060K(638464K)] 621389K->32076K(2036736K), 0.0061585 secs] [Times: user=0.03 sys=0.00, real=0.01 secs] 
2020-09-29T17:51:35.054+0200: 37.345: [GC (Allocation Failure) [PSYoungGen: 597156K->36645K(639488K)] 612172K->51661K(2037760K), 0.0119757 secs] [Times: user=0.00 sys=0.00, real=0.01 secs] 
2020-09-29T17:51:35.116+0200: 37.406: [GC (Allocation Failure) [PSYoungGen: 616741K->27845K(642048K)] 631757K->42861K(2040320K), 0.0097759 secs] [Times: user=0.00 sys=0.00, real=0.01 secs] 
2020-09-29T17:51:35.177+0200: 37.467: [GC (Allocation Failure) [PSYoungGen: 612037K->21379K(641024K)] 627053K->36395K(2039296K), 0.0096359 secs] [Times: user=0.00 sys=0.00, real=0.01 secs] 
2020-09-29T17:51:35.236+0200: 37.526: [GC (Allocation Failure) [PSYoungGen: 605571K->30435K(644608K)] 620587K->45451K(2042880K), 0.0116894 secs] [Times: user=0.13 sys=0.00, real=0.01 secs] 
2020-09-29T17:51:35.299+0200: 37.589: [GC (Allocation Failure) [PSYoungGen: 618723K->30853K(642560K)] 633739K->45869K(2040832K), 0.0108156 secs] [Times: user=0.13 sys=0.00, real=0.01 secs] 
2020-09-29T17:51:35.360+0200: 37.650: [GC (Allocation Failure) [PSYoungGen: 619141K->31205K(648192K)] 634157K->46221K(2046464K), 0.0107953 secs] [Times: user=0.13 sys=0.00, real=0.01 secs] 
2020-09-29T17:51:35.423+0200: 37.714: [GC (Allocation Failure) [PSYoungGen: 626661K->24227K(646144K)] 641677K->39243K(2044416K), 0.0099108 secs] [Times: user=0.13 sys=0.00, real=0.01 secs] 
2020-09-29T17:51:35.487+0200: 37.777: [GC (Allocation Failure) [PSYoungGen: 619683K->45445K(641536K)] 634699K->60461K(2039808K), 0.0161261 secs] [Times: user=0.13 sys=0.00, real=0.02 secs] 
2020-09-29T17:51:35.554+0200: 37.844: [GC (Allocation Failure) [PSYoungGen: 636805K->35205K(645120K)] 651821K->50221K(2043392K), 0.0127882 secs] [Times: user=0.00 sys=0.00, real=0.01 secs] 
2020-09-29T17:51:35.619+0200: 37.909: [GC (Allocation Failure) [PSYoungGen: 626565K->24356K(646656K)] 641581K->39372K(2044928K), 0.0090019 secs] [Times: user=0.00 sys=0.00, real=0.01 secs] 
2020-09-29T17:51:35.680+0200: 37.970: [GC (Allocation Failure) [PSYoungGen: 618788K->44549K(639488K)] 633804K->59565K(2037760K), 0.0154958 secs] [Times: user=0.13 sys=0.00, real=0.02 secs] 
2020-09-29T17:51:35.747+0200: 38.037: [GC (Allocation Failure) [PSYoungGen: 638981K->36356K(645120K)] 653997K->51372K(2043392K), 0.0131861 secs] [Times: user=0.13 sys=0.00, real=0.01 secs] 
2020-09-29T17:51:35.811+0200: 38.101: [GC (Allocation Failure) [PSYoungGen: 626692K->38821K(644096K)] 641708K->53837K(2042368K), 0.0135539 secs] [Times: user=0.13 sys=0.00, real=0.01 secs] 
2020-09-29T17:51:35.879+0200: 38.169: [GC (Allocation Failure) [PSYoungGen: 629157K->40932K(644096K)] 644173K->55948K(2042368K), 0.0145819 secs] [Times: user=0.13 sys=0.00, real=0.01 secs] 
2020-09-29T17:51:35.944+0200: 38.235: [GC (Allocation Failure) [PSYoungGen: 631268K->29509K(644608K)] 646284K->44525K(2042880K), 0.0098010 secs] [Times: user=0.00 sys=0.00, real=0.01 secs] 
2020-09-29T17:51:36.004+0200: 38.295: [GC (Allocation Failure) [PSYoungGen: 619845K->30628K(647168K)] 634861K->45644K(2045440K), 0.0114889 secs] [Times: user=0.03 sys=0.00, real=0.01 secs] 
2020-09-29T17:51:36.067+0200: 38.357: [GC (Allocation Failure) [PSYoungGen: 624548K->19941K(645632K)] 639564K->34957K(2043904K), 0.0070321 secs] [Times: user=0.00 sys=0.00, real=0.01 secs] 
2020-09-29T17:51:36.125+0200: 38.415: [GC (Allocation Failure) [PSYoungGen: 613861K->39333K(645120K)] 628877K->54349K(2043392K), 0.0137795 secs] [Times: user=0.13 sys=0.00, real=0.01 secs] 
2020-09-29T17:51:36.190+0200: 38.481: [GC (Allocation Failure) [PSYoungGen: 631717K->28645K(645632K)] 646733K->43661K(2043904K), 0.0096611 secs] [Times: user=0.11 sys=0.00, real=0.01 secs] 
2020-09-29T17:51:36.252+0200: 38.542: [GC (Allocation Failure) [PSYoungGen: 621029K->46821K(640000K)] 636045K->61837K(2038272K), 0.0156744 secs] [Times: user=0.13 sys=0.00, real=0.01 secs] 
2020-09-29T17:51:36.318+0200: 38.608: [GC (Allocation Failure) [PSYoungGen: 635109K->33509K(643584K)] 650125K->48525K(2041856K), 0.0116801 secs] [Times: user=0.00 sys=0.00, real=0.01 secs] 
2020-09-29T17:51:36.380+0200: 38.671: [GC (Allocation Failure) [PSYoungGen: 621797K->47621K(639488K)] 636813K->62637K(2037760K), 0.0157737 secs] [Times: user=0.13 sys=0.00, real=0.02 secs] 
2020-09-29T17:51:36.446+0200: 38.736: [GC (Allocation Failure) [PSYoungGen: 633861K->44388K(630784K)] 648877K->59404K(2029056K), 0.0158128 secs] [Times: user=0.13 sys=0.00, real=0.02 secs] 
2020-09-29T17:51:36.513+0200: 38.803: [GC (Allocation Failure) [PSYoungGen: 630628K->28868K(642048K)] 645644K->43884K(2040320K), 0.0105989 secs] [Times: user=0.13 sys=0.00, real=0.01 secs] 
2020-09-29T17:51:36.576+0200: 38.867: [GC (Allocation Failure) [PSYoungGen: 613572K->37765K(641536K)] 628588K->52781K(2039808K), 0.0163968 secs] [Times: user=0.11 sys=0.00, real=0.02 secs] 
2020-09-29T17:51:36.644+0200: 38.935: [GC (Allocation Failure) [PSYoungGen: 622469K->17795K(640512K)] 637485K->32811K(2038784K), 0.0076256 secs] [Times: user=0.01 sys=0.00, real=0.01 secs] 
2020-09-29T17:51:36.702+0200: 38.992: [GC (Allocation Failure) [PSYoungGen: 603011K->42309K(627712K)] 618027K->57325K(2025984K), 0.0149089 secs] [Times: user=0.13 sys=0.00, real=0.02 secs] 
2020-09-29T17:51:36.767+0200: 39.058: [GC (Allocation Failure) [PSYoungGen: 627525K->38852K(642048K)] 642541K->53868K(2040320K), 0.0138174 secs] [Times: user=0.13 sys=0.00, real=0.01 secs] 
2020-09-29T17:51:36.831+0200: 39.121: [GC (Allocation Failure) [PSYoungGen: 623556K->35044K(641536K)] 638572K->50060K(2039808K), 0.0124939 secs] [Times: user=0.13 sys=0.00, real=0.01 secs] 
2020-09-29T17:51:36.894+0200: 39.184: [GC (Allocation Failure) [PSYoungGen: 619748K->31845K(645632K)] 634764K->46861K(2043904K), 0.0110101 secs] [Times: user=0.13 sys=0.00, real=0.01 secs] 
2020-09-29T17:51:36.959+0200: 39.249: [GC (Allocation Failure) [PSYoungGen: 622693K->34469K(644096K)] 637709K->49485K(2042368K), 0.0116522 secs] [Times: user=0.00 sys=0.00, real=0.01 secs] 
2020-09-29T17:51:37.023+0200: 39.314: [GC (Allocation Failure) [PSYoungGen: 625317K->37189K(648192K)] 640333K->52205K(2046464K), 0.0135441 secs] [Times: user=0.13 sys=0.00, real=0.01 secs] 
2020-09-29T17:51:37.089+0200: 39.379: [GC (Allocation Failure) [PSYoungGen: 633669K->45797K(642560K)] 648685K->60813K(2040832K), 0.0161795 secs] [Times: user=0.13 sys=0.00, real=0.02 secs] 
2020-09-29T17:51:37.156+0200: 39.446: [GC (Allocation Failure) [PSYoungGen: 642277K->53221K(635392K)] 657293K->69317K(2033664K), 0.0182414 secs] [Times: user=0.13 sys=0.00, real=0.02 secs] 
2020-09-29T17:51:37.224+0200: 39.514: [GC (Allocation Failure) [PSYoungGen: 635365K->34885K(640512K)] 651461K->50981K(2038784K), 0.0121921 secs] [Times: user=0.00 sys=0.00, real=0.01 secs] 
2020-09-29T17:51:37.286+0200: 39.577: [GC (Allocation Failure) [PSYoungGen: 617029K->40932K(642560K)] 633125K->57028K(2040832K), 0.0150017 secs] [Times: user=0.00 sys=0.00, real=0.02 secs] 
2020-09-29T17:51:37.351+0200: 39.642: [GC (Allocation Failure) [PSYoungGen: 626660K->22723K(642048K)] 642756K->38819K(2040320K), 0.0097191 secs] [Times: user=0.00 sys=0.00, real=0.01 secs] 
2020-09-29T17:51:37.410+0200: 39.700: [GC (Allocation Failure) [PSYoungGen: 608451K->18179K(640000K)] 624547K->34275K(2038272K), 0.0075056 secs] [Times: user=0.13 sys=0.00, real=0.01 secs] 
2020-09-29T17:51:37.472+0200: 39.762: [GC (Allocation Failure) [PSYoungGen: 601347K->39012K(641024K)] 617443K->55108K(2039296K), 0.0158024 secs] [Times: user=0.08 sys=0.00, real=0.02 secs] 
2020-09-29T17:51:37.540+0200: 39.831: [GC (Allocation Failure) [PSYoungGen: 622180K->34117K(643584K)] 638276K->50213K(2041856K), 0.0133534 secs] [Times: user=0.13 sys=0.00, real=0.01 secs] 
2020-09-29T17:51:37.608+0200: 39.898: [GC (Allocation Failure) [PSYoungGen: 620357K->17252K(641536K)] 636453K->33348K(2039808K), 0.0085753 secs] [Times: user=0.11 sys=0.00, real=0.01 secs] 
2020-09-29T17:51:37.668+0200: 39.958: [GC (Allocation Failure) [PSYoungGen: 603492K->27491K(644096K)] 619588K->43587K(2042368K), 0.0108168 secs] [Times: user=0.13 sys=0.00, real=0.01 secs] 
2020-09-29T17:51:37.729+0200: 40.019: [GC (Allocation Failure) [PSYoungGen: 615267K->27173K(642560K)] 631363K->43269K(2040832K), 0.0091055 secs] [Times: user=0.00 sys=0.00, real=0.01 secs] 
2020-09-29T17:51:37.789+0200: 40.079: [GC (Allocation Failure) [PSYoungGen: 614949K->53733K(632832K)] 631045K->70445K(2031104K), 0.0178811 secs] [Times: user=0.13 sys=0.00, real=0.02 secs] 
2020-09-29T17:51:37.857+0200: 40.147: [GC (Allocation Failure) [PSYoungGen: 632805K->13729K(592896K)] 649517K->30441K(1991168K), 0.0074651 secs] [Times: user=0.13 sys=0.00, real=0.01 secs] 
2020-09-29T17:51:37.914+0200: 40.204: [GC (Allocation Failure) [PSYoungGen: 592801K->31844K(641024K)] 609513K->48556K(2039296K), 0.0118642 secs] [Times: user=0.00 sys=0.00, real=0.01 secs] 
2020-09-29T17:51:37.976+0200: 40.267: [GC (Allocation Failure) [PSYoungGen: 611940K->51365K(631808K)] 628652K->68077K(2030080K), 0.0191260 secs] [Times: user=0.13 sys=0.00, real=0.02 secs] 
2020-09-29T17:51:38.045+0200: 40.336: [GC (Allocation Failure) [PSYoungGen: 631461K->29861K(638464K)] 648173K->46573K(2036736K), 0.0106438 secs] [Times: user=0.13 sys=0.00, real=0.01 secs] 
2020-09-29T17:51:38.106+0200: 40.396: [GC (Allocation Failure) [PSYoungGen: 605861K->29252K(636416K)] 622573K->45964K(2034688K), 0.0112065 secs] [Times: user=0.13 sys=0.00, real=0.01 secs] 
2020-09-29T17:51:38.166+0200: 40.457: [GC (Allocation Failure) [PSYoungGen: 605252K->29028K(642048K)] 621964K->45740K(2040320K), 0.0111768 secs] [Times: user=0.13 sys=0.00, real=0.01 secs] 
2020-09-29T17:51:38.228+0200: 40.518: [GC (Allocation Failure) [PSYoungGen: 612708K->52133K(635904K)] 629420K->68845K(2034176K), 0.0174484 secs] [Times: user=0.13 sys=0.00, real=0.02 secs] 
2020-09-29T17:51:38.296+0200: 40.586: [GC (Allocation Failure) [PSYoungGen: 635813K->34245K(640000K)] 652525K->50957K(2038272K), 0.0130230 secs] [Times: user=0.13 sys=0.00, real=0.01 secs] 
2020-09-29T17:51:38.359+0200: 40.649: [GC (Allocation Failure) [PSYoungGen: 612805K->38277K(637440K)] 629517K->54989K(2035712K), 0.0134838 secs] [Times: user=0.13 sys=0.00, real=0.01 secs] 
2020-09-29T17:51:38.421+0200: 40.712: [GC (Allocation Failure) [PSYoungGen: 616837K->28837K(642048K)] 633549K->45549K(2040320K), 0.0099371 secs] [Times: user=0.13 sys=0.00, real=0.01 secs] 
2020-09-29T17:51:38.485+0200: 40.776: [GC (Allocation Failure) [PSYoungGen: 613029K->23844K(641024K)] 629741K->40556K(2039296K), 0.0096544 secs] [Times: user=0.13 sys=0.00, real=0.01 secs] 
2020-09-29T17:51:38.551+0200: 40.842: [GC (Allocation Failure) [PSYoungGen: 608036K->16772K(641536K)] 624748K->33484K(2039808K), 0.0071265 secs] [Times: user=0.00 sys=0.00, real=0.01 secs] 
2020-09-29T17:51:38.610+0200: 40.900: [GC (Allocation Failure) [PSYoungGen: 601988K->41509K(627200K)] 618700K->58221K(2025472K), 0.0156926 secs] [Times: user=0.11 sys=0.00, real=0.02 secs] 
2020-09-29T17:51:38.677+0200: 40.967: [GC (Allocation Failure) [PSYoungGen: 626725K->22883K(641536K)] 643437K->39595K(2039808K), 0.0096067 secs] [Times: user=0.00 sys=0.00, real=0.01 secs] 
2020-09-29T17:51:38.736+0200: 41.026: [GC (Allocation Failure) [PSYoungGen: 606563K->31044K(641024K)] 623275K->47756K(2039296K), 0.0114878 secs] [Times: user=0.13 sys=0.00, real=0.01 secs] 
2020-09-29T17:51:38.797+0200: 41.088: [GC (Allocation Failure) [PSYoungGen: 614724K->54181K(631808K)] 631436K->70893K(2030080K), 0.0181541 secs] [Times: user=0.13 sys=0.00, real=0.02 secs] 
2020-09-29T17:51:38.865+0200: 41.155: [GC (Allocation Failure) [PSYoungGen: 631205K->28836K(637952K)] 647917K->45548K(2036224K), 0.0103237 secs] [Times: user=0.00 sys=0.00, real=0.01 secs] 
2020-09-29T17:51:38.925+0200: 41.215: [GC (Allocation Failure) [PSYoungGen: 605860K->31301K(642048K)] 622572K->48013K(2040320K), 0.0110188 secs] [Times: user=0.13 sys=0.00, real=0.01 secs] 
2020-09-29T17:51:38.988+0200: 41.279: [GC (Allocation Failure) [PSYoungGen: 614469K->53957K(637440K)] 631181K->70669K(2035712K), 0.0180045 secs] [Times: user=0.24 sys=0.00, real=0.02 secs] 
2020-09-29T17:51:39.057+0200: 41.348: [GC (Allocation Failure) [PSYoungGen: 637125K->35236K(639488K)] 653837K->51948K(2037760K), 0.0129982 secs] [Times: user=0.13 sys=0.00, real=0.01 secs] 
2020-09-29T17:51:39.119+0200: 41.409: [GC (Allocation Failure) [PSYoungGen: 613284K->38148K(637440K)] 629996K->54860K(2035712K), 0.0139973 secs] [Times: user=0.13 sys=0.00, real=0.01 secs] 
2020-09-29T17:51:39.182+0200: 41.472: [GC (Allocation Failure) [PSYoungGen: 616196K->41700K(640512K)] 632908K->58412K(2038784K), 0.0151335 secs] [Times: user=0.13 sys=0.00, real=0.02 secs] 
2020-09-29T17:51:39.247+0200: 41.538: [GC (Allocation Failure) [PSYoungGen: 623844K->49253K(631808K)] 640556K->65965K(2030080K), 0.0167151 secs] [Times: user=0.13 sys=0.00, real=0.02 secs] 
2020-09-29T17:51:39.314+0200: 41.605: [GC (Allocation Failure) [PSYoungGen: 631397K->43525K(637952K)] 648109K->60237K(2036224K), 0.0151031 secs] [Times: user=0.13 sys=0.00, real=0.02 secs] 
2020-09-29T17:51:39.379+0200: 41.670: [GC (Allocation Failure) [PSYoungGen: 620549K->46276K(623616K)] 637261K->62988K(2021888K), 0.0161806 secs] [Times: user=0.13 sys=0.00, real=0.02 secs] 
2020-09-29T17:51:39.445+0200: 41.736: [GC (Allocation Failure) [PSYoungGen: 623300K->35397K(638976K)] 640012K->52109K(2037248K), 0.0135274 secs] [Times: user=0.13 sys=0.00, real=0.01 secs] 
2020-09-29T17:51:39.509+0200: 41.800: [GC (Allocation Failure) [PSYoungGen: 612933K->38725K(637440K)] 629645K->55437K(2035712K), 0.0128632 secs] [Times: user=0.13 sys=0.00, real=0.01 secs] 
2020-09-29T17:51:39.572+0200: 41.863: [GC (Allocation Failure) [PSYoungGen: 616261K->42053K(641536K)] 632973K->58765K(2039808K), 0.0159006 secs] [Times: user=0.11 sys=0.00, real=0.02 secs] 
2020-09-29T17:51:39.640+0200: 41.931: [GC (Allocation Failure) [PSYoungGen: 625733K->51397K(635392K)] 642445K->68109K(2033664K), 0.0177472 secs] [Times: user=0.13 sys=0.00, real=0.02 secs] 
2020-09-29T17:51:39.710+0200: 42.000: [GC (Allocation Failure) [PSYoungGen: 635077K->32260K(639488K)] 651789K->48972K(2037760K), 0.0146936 secs] [Times: user=0.13 sys=0.00, real=0.01 secs] 
2020-09-29T17:51:39.777+0200: 42.068: [GC (Allocation Failure) [PSYoungGen: 611844K->22980K(602624K)] 628556K->39692K(2000896K), 0.0101617 secs] [Times: user=0.13 sys=0.00, real=0.01 secs] 
2020-09-29T17:51:39.839+0200: 42.130: [GC (Allocation Failure) [PSYoungGen: 602564K->28325K(639488K)] 619276K->45037K(2037760K), 0.0115457 secs] [Times: user=0.13 sys=0.00, real=0.01 secs] 
2020-09-29T17:51:39.902+0200: 42.193: [GC (Allocation Failure) [PSYoungGen: 607397K->32996K(638464K)] 624109K->49708K(2036736K), 0.0118539 secs] [Times: user=0.13 sys=0.00, real=0.01 secs] 
2020-09-29T17:51:39.964+0200: 42.255: [GC (Allocation Failure) [PSYoungGen: 612068K->23876K(641024K)] 628780K->40588K(2039296K), 0.0099093 secs] [Times: user=0.13 sys=0.00, real=0.01 secs] 
2020-09-29T17:51:40.025+0200: 42.316: [GC (Allocation Failure) [PSYoungGen: 607044K->32901K(641024K)] 623756K->49613K(2039296K), 0.0111872 secs] [Times: user=0.13 sys=0.00, real=0.01 secs] 
2020-09-29T17:51:40.088+0200: 42.378: [GC (Allocation Failure) [PSYoungGen: 616069K->27141K(643584K)] 632781K->43853K(2041856K), 0.0094599 secs] [Times: user=0.00 sys=0.00, real=0.01 secs] 
2020-09-29T17:51:40.147+0200: 42.438: [GC (Allocation Failure) [PSYoungGen: 614405K->40165K(642560K)] 631117K->56877K(2040832K), 0.0138718 secs] [Times: user=0.13 sys=0.00, real=0.01 secs] 
2020-09-29T17:51:40.211+0200: 42.502: [GC (Allocation Failure) [PSYoungGen: 627429K->38500K(644096K)] 644141K->55212K(2042368K), 0.0140355 secs] [Times: user=0.13 sys=0.00, real=0.01 secs] 
2020-09-29T17:51:40.276+0200: 42.566: [GC (Allocation Failure) [PSYoungGen: 627300K->39332K(643584K)] 644012K->56044K(2041856K), 0.0141578 secs] [Times: user=0.13 sys=0.00, real=0.01 secs] 
2020-09-29T17:51:40.342+0200: 42.633: [GC (Allocation Failure) [PSYoungGen: 628132K->40197K(644608K)] 644844K->56909K(2042880K), 0.0160966 secs] [Times: user=0.11 sys=0.00, real=0.02 secs] 
2020-09-29T17:51:40.408+0200: 42.699: [GC (Allocation Failure) [PSYoungGen: 630533K->27813K(644608K)] 647245K->44525K(2042880K), 0.0107233 secs] [Times: user=0.13 sys=0.00, real=0.01 secs] 
2020-09-29T17:51:40.470+0200: 42.761: [GC (Allocation Failure) [PSYoungGen: 618149K->30276K(646144K)] 634861K->46988K(2044416K), 0.0115118 secs] [Times: user=0.13 sys=0.00, real=0.01 secs] 
2020-09-29T17:51:40.535+0200: 42.826: [GC (Allocation Failure) [PSYoungGen: 622660K->34821K(645120K)] 639372K->51533K(2043392K), 0.0118727 secs] [Times: user=0.13 sys=0.00, real=0.01 secs] 
2020-09-29T17:51:40.599+0200: 42.889: [GC (Allocation Failure) [PSYoungGen: 627205K->51173K(637440K)] 643917K->69605K(2035712K), 0.0184397 secs] [Times: user=0.13 sys=0.00, real=0.02 secs] 
2020-09-29T17:51:40.670+0200: 42.960: [GC (Allocation Failure) [PSYoungGen: 637413K->37605K(642560K)] 655845K->56037K(2040832K), 0.0163570 secs] [Times: user=0.13 sys=0.00, real=0.01 secs] 
2020-09-29T17:51:40.736+0200: 43.026: [GC (Allocation Failure) [PSYoungGen: 623845K->48644K(638976K)] 642277K->67076K(2037248K), 0.0171404 secs] [Times: user=0.13 sys=0.00, real=0.02 secs] 
2020-09-29T17:51:40.803+0200: 43.094: [GC (Allocation Failure) [PSYoungGen: 632836K->44901K(629248K)] 651268K->63333K(2027520K), 0.0150489 secs] [Times: user=0.13 sys=0.00, real=0.02 secs] 
2020-09-29T17:51:40.868+0200: 43.159: [GC (Allocation Failure) [PSYoungGen: 629093K->37700K(642560K)] 647525K->56132K(2040832K), 0.0138012 secs] [Times: user=0.13 sys=0.00, real=0.01 secs] 
2020-09-29T17:51:40.932+0200: 43.223: [GC (Allocation Failure) [PSYoungGen: 622404K->48197K(633344K)] 640836K->66629K(2031616K), 0.0155741 secs] [Times: user=0.13 sys=0.00, real=0.02 secs] 
2020-09-29T17:51:40.998+0200: 43.288: [GC (Allocation Failure) [PSYoungGen: 632901K->43460K(641024K)] 651333K->61892K(2039296K), 0.0155148 secs] [Times: user=0.13 sys=0.00, real=0.02 secs] 
2020-09-29T17:51:41.063+0200: 43.354: [GC (Allocation Failure) [PSYoungGen: 626116K->24389K(640512K)] 644548K->42821K(2038784K), 0.0084729 secs] [Times: user=0.13 sys=0.00, real=0.01 secs] 
2020-09-29T17:51:41.125+0200: 43.416: [GC (Allocation Failure) [PSYoungGen: 607045K->32100K(641024K)] 625477K->50532K(2039296K), 0.0151674 secs] [Times: user=0.08 sys=0.00, real=0.02 secs] 
2020-09-29T17:51:41.193+0200: 43.484: [GC (Allocation Failure) [PSYoungGen: 614756K->40581K(640512K)] 633188K->59013K(2038784K), 0.0152162 secs] [Times: user=0.13 sys=0.00, real=0.02 secs] 
2020-09-29T17:51:41.261+0200: 43.551: [GC (Allocation Failure) [PSYoungGen: 623237K->33924K(643072K)] 641669K->52356K(2041344K), 0.0139119 secs] [Times: user=0.13 sys=0.00, real=0.01 secs] 
2020-09-29T17:51:41.327+0200: 43.617: [GC (Allocation Failure) [PSYoungGen: 620164K->45893K(642048K)] 638596K->64325K(2040320K), 0.0151784 secs] [Times: user=0.13 sys=0.00, real=0.02 secs] 
2020-09-29T17:51:41.393+0200: 43.683: [GC (Allocation Failure) [PSYoungGen: 632133K->28964K(642048K)] 650565K->47396K(2040320K), 0.0109938 secs] [Times: user=0.13 sys=0.00, real=0.01 secs] 
2020-09-29T17:51:41.454+0200: 43.744: [GC (Allocation Failure) [PSYoungGen: 614180K->23460K(608768K)] 632612K->41892K(2007040K), 0.0088764 secs] [Times: user=0.13 sys=0.00, real=0.01 secs] 
2020-09-29T17:51:41.513+0200: 43.803: [GC (Allocation Failure) [PSYoungGen: 608676K->48133K(637440K)] 627108K->66565K(2035712K), 0.0168531 secs] [Times: user=0.11 sys=0.00, real=0.02 secs] 
2020-09-29T17:51:41.581+0200: 43.872: [GC (Allocation Failure) [PSYoungGen: 628229K->40229K(639488K)] 646661K->58661K(2037760K), 0.0143197 secs] [Times: user=0.11 sys=0.00, real=0.01 secs] 
2020-09-29T17:51:41.647+0200: 43.937: [GC (Allocation Failure) [PSYoungGen: 620325K->31876K(641536K)] 638757K->50308K(2039808K), 0.0116765 secs] [Times: user=0.00 sys=0.00, real=0.01 secs] 
2020-09-29T17:51:41.712+0200: 44.002: [GC (Allocation Failure) [PSYoungGen: 614560K->24675K(640512K)] 632992K->43107K(2038784K), 0.0105106 secs] [Times: user=0.00 sys=0.00, real=0.01 secs] 
2020-09-29T17:51:41.773+0200: 44.063: [GC (Allocation Failure) [PSYoungGen: 607843K->47333K(637440K)] 626275K->65765K(2035712K), 0.0152054 secs] [Times: user=0.13 sys=0.00, real=0.02 secs] 
2020-09-29T17:51:41.837+0200: 44.127: [GC (Allocation Failure) [PSYoungGen: 627429K->37957K(639488K)] 645861K->56389K(2037760K), 0.0131035 secs] [Times: user=0.13 sys=0.00, real=0.01 secs] 
2020-09-29T17:51:41.900+0200: 44.190: [GC (Allocation Failure) [PSYoungGen: 618053K->41924K(641536K)] 636485K->60356K(2039808K), 0.0151900 secs] [Times: user=0.13 sys=0.00, real=0.01 secs] 
2020-09-29T17:51:41.964+0200: 44.254: [GC (Allocation Failure) [PSYoungGen: 625604K->22564K(641024K)] 644036K->40996K(2039296K), 0.0089631 secs] [Times: user=0.00 sys=0.00, real=0.01 secs] 
2020-09-29T17:51:42.024+0200: 44.314: [GC (Allocation Failure) [PSYoungGen: 606244K->30756K(642048K)] 624676K->49188K(2040320K), 0.0112107 secs] [Times: user=0.00 sys=0.00, real=0.01 secs] 
2020-09-29T17:51:42.086+0200: 44.376: [GC (Allocation Failure) [PSYoungGen: 614948K->26083K(641024K)] 633380K->44515K(2039296K), 0.0102025 secs] [Times: user=0.00 sys=0.00, real=0.01 secs] 
2020-09-29T17:51:42.148+0200: 44.438: [GC (Allocation Failure) [PSYoungGen: 610275K->35941K(644096K)] 628707K->54373K(2042368K), 0.0123022 secs] [Times: user=0.00 sys=0.00, real=0.01 secs] 
2020-09-29T17:51:42.212+0200: 44.502: [GC (Allocation Failure) [PSYoungGen: 623717K->35845K(642560K)] 642149K->54277K(2040832K), 0.0116990 secs] [Times: user=0.00 sys=0.00, real=0.01 secs] 
2020-09-29T17:51:42.273+0200: 44.564: [GC (Allocation Failure) [PSYoungGen: 623621K->48452K(639488K)] 642053K->66884K(2037760K), 0.0167852 secs] [Times: user=0.13 sys=0.00, real=0.02 secs] 
2020-09-29T17:51:42.340+0200: 44.631: [GC (Allocation Failure) [PSYoungGen: 634692K->33093K(642560K)] 653124K->51525K(2040832K), 0.0114545 secs] [Times: user=0.13 sys=0.00, real=0.01 secs] 
2020-09-29T17:51:42.403+0200: 44.693: [GC (Allocation Failure) [PSYoungGen: 619333K->45093K(641024K)] 637765K->63525K(2039296K), 0.0156082 secs] [Times: user=0.13 sys=0.00, real=0.02 secs] 
2020-09-29T17:51:42.468+0200: 44.759: [GC (Allocation Failure) [PSYoungGen: 631333K->27171K(642560K)] 649765K->45603K(2040832K), 0.0105825 secs] [Times: user=0.13 sys=0.00, real=0.01 secs] 
2020-09-29T17:51:42.530+0200: 44.820: [GC (Allocation Failure) [PSYoungGen: 613411K->52869K(634368K)] 631843K->71301K(2032640K), 0.0174828 secs] [Times: user=0.13 sys=0.00, real=0.02 secs] 
2020-09-29T17:51:42.598+0200: 44.888: [GC (Allocation Failure) [PSYoungGen: 630917K->42981K(638464K)] 649349K->61413K(2036736K), 0.0161782 secs] [Times: user=0.22 sys=0.00, real=0.02 secs] 
2020-09-29T17:51:42.665+0200: 44.955: [GC (Allocation Failure) [PSYoungGen: 621029K->46789K(636416K)] 639461K->65221K(2034688K), 0.0154478 secs] [Times: user=0.13 sys=0.00, real=0.02 secs] 
2020-09-29T17:51:42.729+0200: 45.020: [GC (Allocation Failure) [PSYoungGen: 622789K->20452K(596480K)] 641221K->38884K(1994752K), 0.0070236 secs] [Times: user=0.00 sys=0.00, real=0.01 secs] 
2020-09-29T17:51:42.789+0200: 45.079: [GC (Allocation Failure) [PSYoungGen: 596452K->49541K(631808K)] 614884K->67973K(2030080K), 0.0167987 secs] [Times: user=0.13 sys=0.00, real=0.02 secs] 
2020-09-29T17:51:42.854+0200: 45.144: [GC (Allocation Failure) [PSYoungGen: 619397K->31204K(634368K)] 637829K->49636K(2032640K), 0.0119902 secs] [Times: user=0.13 sys=0.00, real=0.01 secs] 
2020-09-29T17:51:42.915+0200: 45.205: [GC (Allocation Failure) [PSYoungGen: 601060K->40453K(637440K)] 619492K->58885K(2035712K), 0.0136006 secs] [Times: user=0.13 sys=0.00, real=0.01 secs] 
2020-09-29T17:51:42.978+0200: 45.268: [GC (Allocation Failure) [PSYoungGen: 614917K->40645K(635904K)] 633349K->59077K(2034176K), 0.0138943 secs] [Times: user=0.13 sys=0.00, real=0.01 secs] 
2020-09-29T17:51:43.041+0200: 45.331: [GC (Allocation Failure) [PSYoungGen: 615109K->52261K(632832K)] 633541K->70693K(2031104K), 0.0180796 secs] [Times: user=0.13 sys=0.00, real=0.02 secs] 
2020-09-29T17:51:43.108+0200: 45.399: [GC (Allocation Failure) [PSYoungGen: 625189K->23204K(596480K)] 643621K->41636K(1994752K), 0.0087278 secs] [Times: user=0.13 sys=0.00, real=0.01 secs] 
2020-09-29T17:51:43.166+0200: 45.457: [GC (Allocation Failure) [PSYoungGen: 596132K->21764K(634368K)] 614564K->40196K(2032640K), 0.0082594 secs] [Times: user=0.00 sys=0.00, real=0.01 secs] 
2020-09-29T17:51:43.223+0200: 45.514: [GC (Allocation Failure) [PSYoungGen: 592644K->45765K(616960K)] 611076K->64197K(2015232K), 0.0152439 secs] [Times: user=0.02 sys=0.00, real=0.02 secs] 
2020-09-29T17:51:43.289+0200: 45.580: [GC (Allocation Failure) [PSYoungGen: 616645K->42437K(634880K)] 635077K->60869K(2033152K), 0.0172380 secs] [Times: user=0.13 sys=0.00, real=0.02 secs] 
2020-09-29T17:51:43.359+0200: 45.649: [GC (Allocation Failure) [PSYoungGen: 612805K->23811K(634368K)] 631237K->42243K(2032640K), 0.0110047 secs] [Times: user=0.11 sys=0.00, real=0.01 secs] 
2020-09-29T17:51:43.422+0200: 45.712: [GC (Allocation Failure) [PSYoungGen: 594179K->47205K(632320K)] 612611K->65637K(2030592K), 0.0174031 secs] [Times: user=0.13 sys=0.00, real=0.02 secs] 
2020-09-29T17:51:43.489+0200: 45.779: [GC (Allocation Failure) [PSYoungGen: 616037K->41156K(633856K)] 634469K->59588K(2032128K), 0.0145809 secs] [Times: user=0.00 sys=0.00, real=0.01 secs] 
2020-09-29T17:51:43.553+0200: 45.843: [GC (Allocation Failure) [PSYoungGen: 609988K->49381K(631296K)] 628420K->67813K(2029568K), 0.0176652 secs] [Times: user=0.13 sys=0.00, real=0.02 secs] 
2020-09-29T17:51:43.621+0200: 45.912: [GC (Allocation Failure) [PSYoungGen: 617189K->42917K(633344K)] 635621K->61349K(2031616K), 0.0157440 secs] [Times: user=0.13 sys=0.00, real=0.02 secs] 
2020-09-29T17:51:43.685+0200: 45.976: [GC (Allocation Failure) [PSYoungGen: 610725K->36421K(636928K)] 629157K->54853K(2035200K), 0.0127600 secs] [Times: user=0.13 sys=0.00, real=0.01 secs] 
2020-09-29T17:51:43.749+0200: 46.039: [GC (Allocation Failure) [PSYoungGen: 609349K->48805K(634880K)] 627781K->67237K(2033152K), 0.0163081 secs] [Times: user=0.13 sys=0.00, real=0.02 secs] 
2020-09-29T17:51:43.814+0200: 46.105: [GC (Allocation Failure) [PSYoungGen: 621733K->47525K(634368K)] 640165K->65957K(2032640K), 0.0160180 secs] [Times: user=0.13 sys=0.00, real=0.02 secs] 
2020-09-29T17:51:43.880+0200: 46.170: [GC (Allocation Failure) [PSYoungGen: 618405K->30469K(634880K)] 636837K->48901K(2033152K), 0.0110975 secs] [Times: user=0.00 sys=0.00, real=0.01 secs] 
2020-09-29T17:51:43.940+0200: 46.230: [GC (Allocation Failure) [PSYoungGen: 601349K->54437K(629248K)] 619781K->72869K(2027520K), 0.0189106 secs] [Times: user=0.25 sys=0.00, real=0.02 secs] 
2020-09-29T17:51:44.008+0200: 46.299: [GC (Allocation Failure) [PSYoungGen: 620197K->46021K(632320K)] 638629K->64453K(2030592K), 0.0168226 secs] [Times: user=0.13 sys=0.00, real=0.02 secs] 
2020-09-29T17:51:44.075+0200: 46.365: [GC (Allocation Failure) [PSYoungGen: 611781K->19684K(630272K)] 630213K->38116K(2028544K), 0.0071845 secs] [Times: user=0.00 sys=0.00, real=0.01 secs] 
2020-09-29T17:51:44.132+0200: 46.422: [GC (Allocation Failure) [PSYoungGen: 584420K->37573K(631808K)] 602852K->56005K(2030080K), 0.0124559 secs] [Times: user=0.00 sys=0.00, real=0.01 secs] 
2020-09-29T17:51:44.193+0200: 46.483: [GC (Allocation Failure) [PSYoungGen: 602309K->41765K(635904K)] 620741K->60197K(2034176K), 0.0140029 secs] [Times: user=0.00 sys=0.00, real=0.01 secs] 
2020-09-29T17:51:44.256+0200: 46.546: [GC (Allocation Failure) [PSYoungGen: 613157K->25189K(634368K)] 631589K->43621K(2032640K), 0.0080491 secs] [Times: user=0.00 sys=0.00, real=0.01 secs] 
2020-09-29T17:51:44.313+0200: 46.604: [GC (Allocation Failure) [PSYoungGen: 596581K->49701K(631808K)] 615013K->68133K(2030080K), 0.0164370 secs] [Times: user=0.13 sys=0.00, real=0.02 secs] 
2020-09-29T17:51:44.378+0200: 46.669: [GC (Allocation Failure) [PSYoungGen: 618533K->44325K(633856K)] 636965K->62757K(2032128K), 0.0149253 secs] [Times: user=0.13 sys=0.00, real=0.01 secs] 
2020-09-29T17:51:44.444+0200: 46.735: [GC (Allocation Failure) [PSYoungGen: 613157K->7683K(628224K)] 631589K->26115K(2026496K), 0.0034484 secs] [Times: user=0.00 sys=0.00, real=0.00 secs] 
2020-09-29T17:51:44.497+0200: 46.787: [GC (Allocation Failure) [PSYoungGen: 571395K->37636K(631296K)] 589827K->56068K(2029568K), 0.0144592 secs] [Times: user=0.13 sys=0.00, real=0.01 secs] 
2020-09-29T17:51:44.561+0200: 46.852: [GC (Allocation Failure) [PSYoungGen: 601348K->39813K(635904K)] 619780K->58245K(2034176K), 0.0150290 secs] [Times: user=0.11 sys=0.00, real=0.01 secs] 
2020-09-29T17:51:44.627+0200: 46.918: [GC (Allocation Failure) [PSYoungGen: 611205K->37029K(634368K)] 629637K->55461K(2032640K), 0.0134761 secs] [Times: user=0.13 sys=0.00, real=0.01 secs] 
2020-09-29T17:51:44.690+0200: 46.980: [GC (Allocation Failure) [PSYoungGen: 608421K->47845K(635392K)] 626853K->66277K(2033664K), 0.0162673 secs] [Times: user=0.13 sys=0.00, real=0.02 secs] 
2020-09-29T17:51:44.756+0200: 47.047: [GC (Allocation Failure) [PSYoungGen: 622821K->34116K(636928K)] 641253K->52548K(2035200K), 0.0131668 secs] [Times: user=0.00 sys=0.00, real=0.01 secs] 
2020-09-29T17:51:44.819+0200: 47.110: [GC (Allocation Failure) [PSYoungGen: 609092K->48517K(634368K)] 627524K->66949K(2032640K), 0.0167268 secs] [Times: user=0.13 sys=0.00, real=0.02 secs] 
2020-09-29T17:51:44.886+0200: 47.177: [GC (Allocation Failure) [PSYoungGen: 622469K->20228K(594432K)] 640901K->38660K(1992704K), 0.0074827 secs] [Times: user=0.00 sys=0.00, real=0.01 secs] 
2020-09-29T17:51:44.943+0200: 47.233: [GC (Allocation Failure) [PSYoungGen: 594180K->47269K(632832K)] 612612K->65701K(2031104K), 0.0155275 secs] [Times: user=0.13 sys=0.00, real=0.02 secs] 
2020-09-29T17:51:45.007+0200: 47.297: [GC (Allocation Failure) [PSYoungGen: 617125K->42821K(634368K)] 635557K->61253K(2032640K), 0.0143971 secs] [Times: user=0.13 sys=0.00, real=0.01 secs] 
2020-09-29T17:51:45.071+0200: 47.361: [GC (Allocation Failure) [PSYoungGen: 612677K->23844K(635392K)] 631109K->42276K(2033664K), 0.0087432 secs] [Times: user=0.00 sys=0.00, real=0.01 secs] 
2020-09-29T17:51:45.128+0200: 47.419: [GC (Allocation Failure) [PSYoungGen: 595748K->48869K(621056K)] 614180K->67301K(2019328K), 0.0159571 secs] [Times: user=0.13 sys=0.00, real=0.02 secs] 
2020-09-29T17:51:45.193+0200: 47.484: [GC (Allocation Failure) [PSYoungGen: 620773K->32901K(635392K)] 639205K->51333K(2033664K), 0.0116683 secs] [Times: user=0.00 sys=0.00, real=0.01 secs] 
2020-09-29T17:51:45.257+0200: 47.547: [GC (Allocation Failure) [PSYoungGen: 603269K->41765K(633856K)] 621701K->60197K(2032128K), 0.0147507 secs] [Times: user=0.13 sys=0.00, real=0.01 secs] 
2020-09-29T17:51:45.320+0200: 47.611: [GC (Allocation Failure) [PSYoungGen: 612133K->51589K(631296K)] 630565K->70021K(2029568K), 0.0169741 secs] [Times: user=0.13 sys=0.00, real=0.02 secs] 
2020-09-29T17:51:45.387+0200: 47.677: [GC (Allocation Failure) [PSYoungGen: 620421K->32101K(633856K)] 638853K->50533K(2032128K), 0.0111859 secs] [Times: user=0.13 sys=0.00, real=0.01 secs] 
2020-09-29T17:51:45.446+0200: 47.737: [GC (Allocation Failure) [PSYoungGen: 600933K->40453K(636928K)] 619365K->58885K(2035200K), 0.0130211 secs] [Times: user=0.13 sys=0.00, real=0.01 secs] 
2020-09-29T17:51:45.508+0200: 47.799: [GC (Allocation Failure) [PSYoungGen: 613381K->23588K(634880K)] 631813K->42020K(2033152K), 0.0093688 secs] [Times: user=0.00 sys=0.00, real=0.01 secs] 
2020-09-29T17:51:45.570+0200: 47.860: [GC (Allocation Failure) [PSYoungGen: 596516K->49605K(632320K)] 614948K->68037K(2030592K), 0.0194648 secs] [Times: user=0.11 sys=0.00, real=0.02 secs] 
2020-09-29T17:51:45.641+0200: 47.931: [GC (Allocation Failure) [PSYoungGen: 619461K->31557K(634368K)] 637893K->49989K(2032640K), 0.0124750 secs] [Times: user=0.13 sys=0.00, real=0.01 secs] 
2020-09-29T17:51:45.704+0200: 47.995: [GC (Allocation Failure) [PSYoungGen: 601413K->40869K(637440K)] 619845K->59301K(2035712K), 0.0137765 secs] [Times: user=0.13 sys=0.00, real=0.01 secs] 
2020-09-29T17:51:45.767+0200: 48.058: [GC (Allocation Failure) [PSYoungGen: 615333K->39236K(635904K)] 633765K->57668K(2034176K), 0.0140407 secs] [Times: user=0.13 sys=0.00, real=0.01 secs] 
2020-09-29T17:51:45.831+0200: 48.121: [GC (Allocation Failure) [PSYoungGen: 613700K->39493K(641024K)] 632132K->57925K(2039296K), 0.0133162 secs] [Times: user=0.13 sys=0.00, real=0.01 secs] 
2020-09-29T17:51:45.893+0200: 48.184: [GC (Allocation Failure) [PSYoungGen: 620613K->32100K(638976K)] 639045K->50532K(2037248K), 0.0118255 secs] [Times: user=0.13 sys=0.00, real=0.01 secs] 
2020-09-29T17:51:45.955+0200: 48.245: [GC (Allocation Failure) [PSYoungGen: 613220K->38853K(643072K)] 631652K->57285K(2041344K), 0.0137114 secs] [Times: user=0.13 sys=0.00, real=0.01 secs] 
2020-09-29T17:51:46.019+0200: 48.309: [GC (Allocation Failure) [PSYoungGen: 624581K->34052K(641536K)] 643013K->52484K(2039808K), 0.0131979 secs] [Times: user=0.13 sys=0.00, real=0.01 secs] 
2020-09-29T17:51:46.083+0200: 48.373: [GC (Allocation Failure) [PSYoungGen: 619780K->45509K(642048K)] 638212K->63941K(2040320K), 0.0151627 secs] [Times: user=0.00 sys=0.00, real=0.02 secs] 
2020-09-29T17:51:46.149+0200: 48.439: [GC (Allocation Failure) [PSYoungGen: 632773K->29156K(643072K)] 651205K->47588K(2041344K), 0.0107136 secs] [Times: user=0.00 sys=0.00, real=0.01 secs] 
2020-09-29T17:51:46.209+0200: 48.499: [GC (Allocation Failure) [PSYoungGen: 616420K->14210K(638976K)] 634852K->32642K(2037248K), 0.0069931 secs] [Times: user=0.00 sys=0.00, real=0.01 secs] 
2020-09-29T17:51:46.266+0200: 48.556: [GC (Allocation Failure) [PSYoungGen: 597378K->36837K(641024K)] 615810K->55269K(2039296K), 0.0136085 secs] [Times: user=0.13 sys=0.00, real=0.01 secs] 
2020-09-29T17:51:46.330+0200: 48.620: [GC (Allocation Failure) [PSYoungGen: 620005K->31908K(644096K)] 638437K->50340K(2042368K), 0.0120412 secs] [Times: user=0.13 sys=0.00, real=0.01 secs] 
2020-09-29T17:51:46.392+0200: 48.682: [GC (Allocation Failure) [PSYoungGen: 619684K->54757K(642560K)] 638116K->77477K(2040832K), 0.0203330 secs] [Times: user=0.25 sys=0.00, real=0.02 secs] 
2020-09-29T17:51:46.463+0200: 48.753: [GC (Allocation Failure) [PSYoungGen: 642533K->31653K(634368K)] 665253K->54373K(2032640K), 0.0115480 secs] [Times: user=0.13 sys=0.00, real=0.01 secs] 
2020-09-29T17:51:46.524+0200: 48.814: [GC (Allocation Failure) [PSYoungGen: 609701K->33924K(638464K)] 632421K->56644K(2036736K), 0.0126317 secs] [Times: user=0.13 sys=0.00, real=0.01 secs] 
2020-09-29T17:51:46.589+0200: 48.879: [GC (Allocation Failure) [PSYoungGen: 611972K->51397K(633344K)] 634692K->74117K(2031616K), 0.0190362 secs] [Times: user=0.11 sys=0.00, real=0.02 secs] 
2020-09-29T17:51:46.659+0200: 48.949: [GC (Allocation Failure) [PSYoungGen: 626373K->24356K(636928K)] 649093K->47076K(2035200K), 0.0095780 secs] [Times: user=0.13 sys=0.00, real=0.01 secs] 
2020-09-29T17:51:46.718+0200: 49.008: [GC (Allocation Failure) [PSYoungGen: 599332K->52485K(630784K)] 622052K->75205K(2029056K), 0.0173434 secs] [Times: user=0.13 sys=0.00, real=0.02 secs] 
2020-09-29T17:51:46.784+0200: 49.074: [GC (Allocation Failure) [PSYoungGen: 621317K->45604K(633856K)] 644037K->68324K(2032128K), 0.0162234 secs] [Times: user=0.13 sys=0.00, real=0.02 secs] 
2020-09-29T17:51:46.849+0200: 49.139: [GC (Allocation Failure) [PSYoungGen: 614436K->26309K(634368K)] 637156K->49029K(2032640K), 0.0084679 secs] [Times: user=0.00 sys=0.00, real=0.01 secs] 
2020-09-29T17:51:46.906+0200: 49.196: [GC (Allocation Failure) [PSYoungGen: 595653K->19427K(633856K)] 618373K->42147K(2032128K), 0.0079677 secs] [Times: user=0.13 sys=0.00, real=0.01 secs] 
2020-09-29T17:51:46.965+0200: 49.255: [GC (Allocation Failure) [PSYoungGen: 588771K->41925K(634368K)] 611491K->64645K(2032640K), 0.0141680 secs] [Times: user=0.13 sys=0.00, real=0.01 secs] 
2020-09-29T17:51:47.028+0200: 49.318: [GC (Allocation Failure) [PSYoungGen: 611269K->36965K(633856K)] 633989K->59685K(2032128K), 0.0132099 secs] [Times: user=0.13 sys=0.00, real=0.01 secs] 
2020-09-29T17:51:47.091+0200: 49.381: [GC (Allocation Failure) [PSYoungGen: 606309K->31844K(638464K)] 629029K->54564K(2036736K), 0.0117165 secs] [Times: user=0.13 sys=0.00, real=0.01 secs] 
2020-09-29T17:51:47.152+0200: 49.442: [GC (Allocation Failure) [PSYoungGen: 608356K->34085K(636928K)] 631076K->56805K(2035200K), 0.0124574 secs] [Times: user=0.13 sys=0.00, real=0.01 secs] 
2020-09-29T17:51:47.214+0200: 49.504: [GC (Allocation Failure) [PSYoungGen: 610597K->34211K(642560K)] 633317K->56931K(2040832K), 0.0129313 secs] [Times: user=0.13 sys=0.00, real=0.01 secs] 
2020-09-29T17:51:47.278+0200: 49.568: [GC (Allocation Failure) [PSYoungGen: 618403K->44165K(640512K)] 641123K->66885K(2038784K), 0.0152426 secs] [Times: user=0.13 sys=0.00, real=0.02 secs] 
2020-09-29T17:51:47.343+0200: 49.633: [GC (Allocation Failure) [PSYoungGen: 628357K->25604K(641536K)] 651077K->48324K(2039808K), 0.0092631 secs] [Times: user=0.13 sys=0.00, real=0.01 secs] 
2020-09-29T17:51:47.403+0200: 49.693: [GC (Allocation Failure) [PSYoungGen: 609796K->34500K(641536K)] 632516K->57220K(2039808K), 0.0129319 secs] [Times: user=0.13 sys=0.00, real=0.01 secs] 
2020-09-29T17:51:47.466+0200: 49.756: [GC (Allocation Failure) [PSYoungGen: 618692K->42756K(642560K)] 641412K->65476K(2040832K), 0.0171968 secs] [Times: user=0.13 sys=0.00, real=0.02 secs] 
2020-09-29T17:51:47.542+0200: 49.833: [GC (Allocation Failure) [PSYoungGen: 630020K->42117K(629760K)] 652740K->64837K(2028032K), 0.0159295 secs] [Times: user=0.13 sys=0.00, real=0.02 secs] 
2020-09-29T17:51:47.613+0200: 49.904: [GC (Allocation Failure) [PSYoungGen: 629381K->24388K(642560K)] 652101K->47108K(2040832K), 0.0123898 secs] [Times: user=0.05 sys=0.00, real=0.01 secs] 
2020-09-29T17:51:47.679+0200: 49.970: [GC (Allocation Failure) [PSYoungGen: 610628K->20964K(607232K)] 633348K->43684K(2005504K), 0.0082710 secs] [Times: user=0.00 sys=0.00, real=0.01 secs] 
2020-09-29T17:51:47.738+0200: 50.028: [GC (Allocation Failure) [PSYoungGen: 607204K->31492K(644096K)] 629924K->54212K(2042368K), 0.0118986 secs] [Times: user=0.13 sys=0.00, real=0.01 secs] 
2020-09-29T17:51:47.800+0200: 50.091: [GC (Allocation Failure) [PSYoungGen: 618756K->44453K(642048K)] 641476K->67173K(2040320K), 0.0155813 secs] [Times: user=0.13 sys=0.00, real=0.02 secs] 
2020-09-29T17:51:47.866+0200: 50.156: [GC (Allocation Failure) [PSYoungGen: 631717K->43813K(640000K)] 654437K->66533K(2038272K), 0.0146287 secs] [Times: user=0.13 sys=0.00, real=0.01 secs] 
2020-09-29T17:51:47.930+0200: 50.221: [GC (Allocation Failure) [PSYoungGen: 626981K->24900K(641024K)] 649701K->47620K(2039296K), 0.0091265 secs] [Times: user=0.00 sys=0.00, real=0.01 secs] 
2020-09-29T17:51:47.990+0200: 50.281: [GC (Allocation Failure) [PSYoungGen: 608068K->33765K(643584K)] 630788K->56485K(2041856K), 0.0115330 secs] [Times: user=0.00 sys=0.00, real=0.01 secs] 
2020-09-29T17:51:48.054+0200: 50.345: [GC (Allocation Failure) [PSYoungGen: 620005K->30243K(641536K)] 642725K->52963K(2039808K), 0.0122512 secs] [Times: user=0.00 sys=0.02, real=0.01 secs] 
2020-09-29T17:51:48.117+0200: 50.408: [GC (Allocation Failure) [PSYoungGen: 616483K->27876K(645632K)] 639203K->50596K(2043904K), 0.0105671 secs] [Times: user=0.00 sys=0.00, real=0.01 secs] 
2020-09-29T17:51:48.178+0200: 50.469: [GC (Allocation Failure) [PSYoungGen: 619236K->31301K(644608K)] 641956K->54021K(2042880K), 0.0111299 secs] [Times: user=0.00 sys=0.00, real=0.01 secs] 
2020-09-29T17:51:48.240+0200: 50.531: [GC (Allocation Failure) [PSYoungGen: 622661K->34789K(648704K)] 645381K->57509K(2046976K), 0.0125677 secs] [Times: user=0.00 sys=0.00, real=0.01 secs] 
2020-09-29T17:51:48.306+0200: 50.596: [GC (Allocation Failure) [PSYoungGen: 631781K->28228K(647168K)] 654501K->50948K(2045440K), 0.0111564 secs] [Times: user=0.02 sys=0.01, real=0.01 secs] 
2020-09-29T17:51:48.367+0200: 50.658: [GC (Allocation Failure) [PSYoungGen: 625220K->21667K(649216K)] 647940K->44387K(2047488K), 0.0087186 secs] [Times: user=0.00 sys=0.00, real=0.01 secs] 
2020-09-29T17:51:48.428+0200: 50.718: [GC (Allocation Failure) [PSYoungGen: 621219K->19428K(619008K)] 643939K->42148K(2017280K), 0.0080413 secs] [Times: user=0.00 sys=0.00, real=0.01 secs] 
2020-09-29T17:51:48.487+0200: 50.778: [GC (Allocation Failure) [PSYoungGen: 618980K->44773K(641536K)] 641700K->67493K(2039808K), 0.0158116 secs] [Times: user=0.13 sys=0.00, real=0.02 secs] 
2020-09-29T17:51:48.554+0200: 50.844: [GC (Allocation Failure) [PSYoungGen: 636133K->53733K(645120K)] 658853K->84533K(2043392K), 0.0225659 secs] [Times: user=0.13 sys=0.00, real=0.02 secs] 
2020-09-29T17:51:48.629+0200: 50.920: [GC (Allocation Failure) [PSYoungGen: 645093K->50340K(621568K)] 675893K->81140K(2019840K), 0.0198733 secs] [Times: user=0.11 sys=0.00, real=0.02 secs] 
2020-09-29T17:51:48.699+0200: 50.989: [GC (Allocation Failure) [PSYoungGen: 618148K->43941K(633344K)] 648948K->74741K(2031616K), 0.0149001 secs] [Times: user=0.13 sys=0.00, real=0.01 secs] 
2020-09-29T17:51:48.762+0200: 51.052: [GC (Allocation Failure) [PSYoungGen: 611749K->35748K(635904K)] 642549K->66548K(2034176K), 0.0132183 secs] [Times: user=0.13 sys=0.00, real=0.01 secs] 
2020-09-29T17:51:48.824+0200: 51.114: [GC (Allocation Failure) [PSYoungGen: 606116K->45028K(633344K)] 636916K->75828K(2031616K), 0.0161906 secs] [Times: user=0.13 sys=0.00, real=0.02 secs] 
2020-09-29T17:51:48.895+0200: 51.186: [GC (Allocation Failure) [PSYoungGen: 615396K->40965K(636928K)] 646196K->71765K(2035200K), 0.0140741 secs] [Times: user=0.00 sys=0.00, real=0.01 secs] 
2020-09-29T17:51:48.959+0200: 51.249: [GC (Allocation Failure) [PSYoungGen: 614917K->27013K(635904K)] 645717K->57813K(2034176K), 0.0111041 secs] [Times: user=0.00 sys=0.00, real=0.01 secs] 
2020-09-29T17:51:49.019+0200: 51.310: [GC (Allocation Failure) [PSYoungGen: 600965K->25092K(637952K)] 631765K->55892K(2036224K), 0.0096090 secs] [Times: user=0.13 sys=0.00, real=0.01 secs] 
2020-09-29T17:51:49.079+0200: 51.369: [GC (Allocation Failure) [PSYoungGen: 601604K->39269K(637440K)] 632404K->70069K(2035712K), 0.0146038 secs] [Times: user=0.11 sys=0.00, real=0.01 secs] 
2020-09-29T17:51:49.143+0200: 51.433: [GC (Allocation Failure) [PSYoungGen: 615781K->26979K(640000K)] 646581K->57779K(2038272K), 0.0108546 secs] [Times: user=0.13 sys=0.00, real=0.01 secs] 
2020-09-29T17:51:49.203+0200: 51.493: [GC (Allocation Failure) [PSYoungGen: 607075K->30819K(638976K)] 637875K->61619K(2037248K), 0.0120803 secs] [Times: user=0.13 sys=0.00, real=0.01 secs] 
2020-09-29T17:51:49.265+0200: 51.555: [GC (Allocation Failure) [PSYoungGen: 610915K->20675K(641536K)] 641715K->51475K(2039808K), 0.0086552 secs] [Times: user=0.13 sys=0.00, real=0.01 secs] 
2020-09-29T17:51:49.324+0200: 51.614: [GC (Allocation Failure) [PSYoungGen: 604867K->44293K(628736K)] 635667K->75093K(2027008K), 0.0154888 secs] [Times: user=0.13 sys=0.00, real=0.02 secs] 
2020-09-29T17:51:49.388+0200: 51.679: [GC (Allocation Failure) [PSYoungGen: 628485K->24100K(640512K)] 659285K->54900K(2038784K), 0.0096479 secs] [Times: user=0.13 sys=0.00, real=0.01 secs] 
2020-09-29T17:51:49.447+0200: 51.738: [GC (Allocation Failure) [PSYoungGen: 605220K->15427K(639488K)] 636020K->46227K(2037760K), 0.0063529 secs] [Times: user=0.00 sys=0.00, real=0.01 secs] 
2020-09-29T17:51:49.510+0200: 51.801: [GC (Allocation Failure) [PSYoungGen: 596547K->35108K(641024K)] 627347K->65908K(2039296K), 0.0129830 secs] [Times: user=0.13 sys=0.00, real=0.01 secs] 
2020-09-29T17:51:49.575+0200: 51.866: [GC (Allocation Failure) [PSYoungGen: 616740K->42501K(639488K)] 647540K->73301K(2037760K), 0.0170787 secs] [Times: user=0.11 sys=0.00, real=0.02 secs] 
2020-09-29T17:51:49.644+0200: 51.935: [GC (Allocation Failure) [PSYoungGen: 624133K->36229K(641024K)] 654933K->67029K(2039296K), 0.0138462 secs] [Times: user=0.06 sys=0.02, real=0.01 secs] 
2020-09-29T17:51:49.709+0200: 52.000: [GC (Allocation Failure) [PSYoungGen: 618373K->29091K(640000K)] 649173K->59891K(2038272K), 0.0116817 secs] [Times: user=0.00 sys=0.00, real=0.01 secs] 
2020-09-29T17:51:49.771+0200: 52.061: [GC (Allocation Failure) [PSYoungGen: 611235K->5761K(637952K)] 642035K->36561K(2036224K), 0.0044129 secs] [Times: user=0.00 sys=0.00, real=0.00 secs] 
2020-09-29T17:51:49.825+0200: 52.116: [GC (Allocation Failure) [PSYoungGen: 587905K->40836K(623104K)] 618705K->71636K(2021376K), 0.0144703 secs] [Times: user=0.13 sys=0.00, real=0.01 secs] 
2020-09-29T17:51:49.890+0200: 52.180: [GC (Allocation Failure) [PSYoungGen: 622980K->35045K(641024K)] 653780K->65845K(2039296K), 0.0115647 secs] [Times: user=0.13 sys=0.00, real=0.01 secs] 
2020-09-29T17:51:49.956+0200: 52.246: [GC (Allocation Failure) [PSYoungGen: 616677K->42437K(639488K)] 647477K->73237K(2037760K), 0.0144715 secs] [Times: user=0.13 sys=0.00, real=0.01 secs] 
2020-09-29T17:51:50.020+0200: 52.311: [GC (Allocation Failure) [PSYoungGen: 624069K->36133K(641024K)] 654869K->66933K(2039296K), 0.0127563 secs] [Times: user=0.00 sys=0.00, real=0.01 secs] 
2020-09-29T17:51:50.085+0200: 52.376: [GC (Allocation Failure) [PSYoungGen: 617765K->29861K(639488K)] 648565K->60661K(2037760K), 0.0106321 secs] [Times: user=0.00 sys=0.00, real=0.01 secs] 
2020-09-29T17:51:50.146+0200: 52.437: [GC (Allocation Failure) [PSYoungGen: 611493K->34948K(644096K)] 642293K->65748K(2042368K), 0.0127758 secs] [Times: user=0.00 sys=0.00, real=0.01 secs] 
2020-09-29T17:51:50.209+0200: 52.500: [GC (Allocation Failure) [PSYoungGen: 622724K->17475K(642560K)] 653524K->48275K(2040832K), 0.0077585 secs] [Times: user=0.00 sys=0.00, real=0.01 secs] 
2020-09-29T17:51:50.267+0200: 52.558: [GC (Allocation Failure) [PSYoungGen: 605251K->44357K(639488K)] 636051K->75157K(2037760K), 0.0153318 secs] [Times: user=0.13 sys=0.00, real=0.02 secs] 
2020-09-29T17:51:50.332+0200: 52.623: [GC (Allocation Failure) [PSYoungGen: 628549K->40357K(624640K)] 659349K->71157K(2022912K), 0.0138273 secs] [Times: user=0.00 sys=0.00, real=0.01 secs] 
2020-09-29T17:51:50.396+0200: 52.687: [GC (Allocation Failure) [PSYoungGen: 624549K->36677K(642048K)] 655349K->67477K(2040320K), 0.0131425 secs] [Times: user=0.00 sys=0.00, real=0.01 secs] 
2020-09-29T17:51:50.459+0200: 52.750: [GC (Allocation Failure) [PSYoungGen: 620869K->30148K(641024K)] 651669K->60948K(2039296K), 0.0116072 secs] [Times: user=0.00 sys=0.00, real=0.01 secs] 
2020-09-29T17:51:50.521+0200: 52.811: [GC (Allocation Failure) [PSYoungGen: 614340K->40100K(643584K)] 645140K->70900K(2041856K), 0.0145039 secs] [Times: user=0.00 sys=0.00, real=0.01 secs] 
2020-09-29T17:51:50.587+0200: 52.878: [GC (Allocation Failure) [PSYoungGen: 628388K->40549K(629248K)] 659188K->71349K(2027520K), 0.0146762 secs] [Times: user=0.11 sys=0.00, real=0.02 secs] 
2020-09-29T17:51:50.654+0200: 52.945: [GC (Allocation Failure) [PSYoungGen: 628837K->25412K(643584K)] 659637K->56212K(2041856K), 0.0099453 secs] [Times: user=0.13 sys=0.00, real=0.01 secs] 
2020-09-29T17:51:50.715+0200: 53.006: [GC (Allocation Failure) [PSYoungGen: 613188K->38949K(643072K)] 643988K->69749K(2041344K), 0.0154457 secs] [Times: user=0.13 sys=0.00, real=0.02 secs] 
2020-09-29T17:51:50.781+0200: 53.072: [GC (Allocation Failure) [PSYoungGen: 626725K->37093K(645120K)] 657525K->67893K(2043392K), 0.0129200 secs] [Times: user=0.13 sys=0.00, real=0.01 secs] 
2020-09-29T17:51:50.847+0200: 53.138: [GC (Allocation Failure) [PSYoungGen: 627429K->39493K(644096K)] 658229K->70293K(2042368K), 0.0137895 secs] [Times: user=0.08 sys=0.00, real=0.01 secs] 
2020-09-29T17:51:50.912+0200: 53.202: [GC (Allocation Failure) [PSYoungGen: 629829K->14115K(641024K)] 660629K->44915K(2039296K), 0.0057323 secs] [Times: user=0.00 sys=0.00, real=0.01 secs] 
2020-09-29T17:51:50.967+0200: 53.258: [GC (Allocation Failure) [PSYoungGen: 601379K->23205K(643072K)] 632179K->54005K(2041344K), 0.0086638 secs] [Times: user=0.13 sys=0.00, real=0.01 secs] 
2020-09-29T17:51:51.026+0200: 53.316: [GC (Allocation Failure) [PSYoungGen: 610469K->50021K(634880K)] 641269K->80821K(2033152K), 0.0169015 secs] [Times: user=0.13 sys=0.00, real=0.02 secs] 
2020-09-29T17:51:51.093+0200: 53.384: [GC (Allocation Failure) [PSYoungGen: 630117K->28549K(639488K)] 660917K->59349K(2037760K), 0.0095802 secs] [Times: user=0.13 sys=0.00, real=0.01 secs] 
2020-09-29T17:51:51.152+0200: 53.443: [GC (Allocation Failure) [PSYoungGen: 608645K->32997K(643584K)] 639445K->63797K(2041856K), 0.0114226 secs] [Times: user=0.13 sys=0.00, real=0.01 secs] 
2020-09-29T17:51:51.217+0200: 53.507: [GC (Allocation Failure) [PSYoungGen: 618725K->44356K(641024K)] 649525K->75156K(2039296K), 0.0176693 secs] [Times: user=0.13 sys=0.00, real=0.02 secs] 
2020-09-29T17:51:51.287+0200: 53.578: [GC (Allocation Failure) [PSYoungGen: 630084K->41989K(640512K)] 660884K->72789K(2038784K), 0.0149473 secs] [Times: user=0.13 sys=0.00, real=0.02 secs] 
2020-09-29T17:51:51.355+0200: 53.646: [GC (Allocation Failure) [PSYoungGen: 625157K->36580K(641024K)] 655957K->67380K(2039296K), 0.0149423 secs] [Times: user=0.13 sys=0.00, real=0.01 secs] 
2020-09-29T17:51:51.422+0200: 53.713: [GC (Allocation Failure) [PSYoungGen: 619748K->31845K(644096K)] 650548K->62645K(2042368K), 0.0111082 secs] [Times: user=0.13 sys=0.00, real=0.01 secs] 
2020-09-29T17:51:51.483+0200: 53.774: [GC (Allocation Failure) [PSYoungGen: 619621K->45413K(633344K)] 650421K->76213K(2031616K), 0.0155795 secs] [Times: user=0.13 sys=0.00, real=0.02 secs] 
2020-09-29T17:51:51.549+0200: 53.840: [GC (Allocation Failure) [PSYoungGen: 633189K->44900K(640000K)] 663989K->75700K(2038272K), 0.0159564 secs] [Times: user=0.13 sys=0.00, real=0.02 secs] 
2020-09-29T17:51:51.624+0200: 53.915: [GC (Allocation Failure) [PSYoungGen: 628068K->26469K(641024K)] 658868K->57269K(2039296K), 0.0093892 secs] [Times: user=0.13 sys=0.00, real=0.01 secs] 
2020-09-29T17:51:51.684+0200: 53.975: [GC (Allocation Failure) [PSYoungGen: 609637K->35205K(643584K)] 640437K->66005K(2041856K), 0.0120211 secs] [Times: user=0.13 sys=0.00, real=0.01 secs] 
2020-09-29T17:51:51.747+0200: 54.038: [GC (Allocation Failure) [PSYoungGen: 621445K->47205K(633856K)] 652245K->78005K(2032128K), 0.0167619 secs] [Times: user=0.13 sys=0.00, real=0.02 secs] 
2020-09-29T17:51:51.814+0200: 54.105: [GC (Allocation Failure) [PSYoungGen: 633445K->45509K(638976K)] 664245K->76309K(2037248K), 0.0152802 secs] [Times: user=0.13 sys=0.00, real=0.02 secs] 
2020-09-29T17:51:51.879+0200: 54.170: [GC (Allocation Failure) [PSYoungGen: 626629K->23684K(605184K)] 657429K->54484K(2003456K), 0.0090476 secs] [Times: user=0.00 sys=0.00, real=0.01 secs] 
2020-09-29T17:51:51.938+0200: 54.229: [GC (Allocation Failure) [PSYoungGen: 604804K->29220K(640512K)] 635604K->60020K(2038784K), 0.0109238 secs] [Times: user=0.13 sys=0.00, real=0.01 secs] 
2020-09-29T17:51:51.998+0200: 54.289: [GC (Allocation Failure) [PSYoungGen: 610340K->36133K(639488K)] 641140K->66933K(2037760K), 0.0119943 secs] [Times: user=0.13 sys=0.00, real=0.01 secs] 
2020-09-29T17:51:52.061+0200: 54.352: [GC (Allocation Failure) [PSYoungGen: 617253K->28676K(643584K)] 648053K->59476K(2041856K), 0.0109265 secs] [Times: user=0.13 sys=0.00, real=0.01 secs] 
2020-09-29T17:51:52.123+0200: 54.414: [GC (Allocation Failure) [PSYoungGen: 615940K->27173K(642560K)] 646740K->57973K(2040832K), 0.0098515 secs] [Times: user=0.13 sys=0.00, real=0.01 secs] 
2020-09-29T17:51:52.183+0200: 54.473: [GC (Allocation Failure) [PSYoungGen: 614437K->25636K(644608K)] 645237K->56436K(2042880K), 0.0094665 secs] [Times: user=0.13 sys=0.00, real=0.01 secs] 
2020-09-29T17:51:52.242+0200: 54.533: [GC (Allocation Failure) [PSYoungGen: 615460K->26948K(644096K)] 646260K->57748K(2042368K), 0.0094373 secs] [Times: user=0.00 sys=0.00, real=0.01 secs] 
2020-09-29T17:51:52.304+0200: 54.595: [GC (Allocation Failure) [PSYoungGen: 616772K->42565K(642560K)] 647572K->73365K(2040832K), 0.0144230 secs] [Times: user=0.13 sys=0.00, real=0.01 secs] 
2020-09-29T17:51:52.369+0200: 54.660: [GC (Allocation Failure) [PSYoungGen: 631877K->30084K(644096K)] 662677K->60884K(2042368K), 0.0108046 secs] [Times: user=0.13 sys=0.00, real=0.01 secs] 
2020-09-29T17:51:52.430+0200: 54.721: [GC (Allocation Failure) [PSYoungGen: 619396K->45157K(640512K)] 650196K->75957K(2038784K), 0.0156491 secs] [Times: user=0.13 sys=0.00, real=0.02 secs] 
2020-09-29T17:51:52.496+0200: 54.787: [GC (Allocation Failure) [PSYoungGen: 632421K->30820K(643072K)] 663221K->61620K(2041344K), 0.0115044 secs] [Times: user=0.13 sys=0.00, real=0.01 secs] 
2020-09-29T17:51:52.558+0200: 54.849: [GC (Allocation Failure) [PSYoungGen: 618084K->43685K(641536K)] 648884K->74485K(2039808K), 0.0151441 secs] [Times: user=0.13 sys=0.00, real=0.02 secs] 
2020-09-29T17:51:52.626+0200: 54.917: [GC (Allocation Failure) [PSYoungGen: 630949K->43045K(630784K)] 661749K->73845K(2029056K), 0.0171376 secs] [Times: user=0.11 sys=0.00, real=0.02 secs] 
2020-09-29T17:51:52.694+0200: 54.985: [GC (Allocation Failure) [PSYoungGen: 630309K->42373K(642048K)] 661109K->73173K(2040320K), 0.0141288 secs] [Times: user=0.13 sys=0.00, real=0.01 secs] 
2020-09-29T17:51:52.758+0200: 55.049: [GC (Allocation Failure) [PSYoungGen: 627589K->39685K(642048K)] 658389K->70485K(2040320K), 0.0135931 secs] [Times: user=0.13 sys=0.00, real=0.01 secs] 
2020-09-29T17:51:52.823+0200: 55.113: [GC (Allocation Failure) [PSYoungGen: 624901K->35556K(644608K)] 655701K->66356K(2042880K), 0.0131865 secs] [Times: user=0.13 sys=0.00, real=0.01 secs] 
2020-09-29T17:51:52.886+0200: 55.177: [GC (Allocation Failure) [PSYoungGen: 623844K->48708K(637440K)] 654644K->79508K(2035712K), 0.0169643 secs] [Times: user=0.13 sys=0.00, real=0.02 secs] 
2020-09-29T17:51:52.954+0200: 55.244: [GC (Allocation Failure) [PSYoungGen: 636996K->32612K(642560K)] 667796K->63412K(2040832K), 0.0122685 secs] [Times: user=0.13 sys=0.00, real=0.01 secs] 
2020-09-29T17:51:53.016+0200: 55.307: [GC (Allocation Failure) [PSYoungGen: 617828K->29957K(641536K)] 648628K->60757K(2039808K), 0.0107289 secs] [Times: user=0.13 sys=0.00, real=0.01 secs] 
2020-09-29T17:51:53.078+0200: 55.369: [GC (Allocation Failure) [PSYoungGen: 615173K->40901K(643584K)] 645973K->71701K(2041856K), 0.0140369 secs] [Times: user=0.13 sys=0.00, real=0.01 secs] 
2020-09-29T17:51:53.146+0200: 55.437: [GC (Allocation Failure) [PSYoungGen: 628677K->25188K(643072K)] 659477K->55988K(2041344K), 0.0092380 secs] [Times: user=0.00 sys=0.00, real=0.01 secs] 
2020-09-29T17:51:53.205+0200: 55.495: [GC (Allocation Failure) [PSYoungGen: 612964K->21956K(642560K)] 643764K->52756K(2040832K), 0.0083452 secs] [Times: user=0.13 sys=0.00, real=0.01 secs] 
2020-09-29T17:51:53.263+0200: 55.554: [GC (Allocation Failure) [PSYoungGen: 609220K->32996K(643072K)] 640020K->63796K(2041344K), 0.0121539 secs] [Times: user=0.13 sys=0.00, real=0.01 secs] 
2020-09-29T17:51:53.326+0200: 55.617: [GC (Allocation Failure) [PSYoungGen: 620260K->32165K(646144K)] 651060K->62965K(2044416K), 0.0107445 secs] [Times: user=0.13 sys=0.00, real=0.01 secs] 
2020-09-29T17:51:53.387+0200: 55.678: [GC (Allocation Failure) [PSYoungGen: 624037K->49797K(642048K)] 654837K->80597K(2040320K), 0.0167440 secs] [Times: user=0.13 sys=0.00, real=0.02 secs] 
2020-09-29T17:51:53.454+0200: 55.745: [GC (Allocation Failure) [PSYoungGen: 641669K->25988K(642560K)] 672469K->56788K(2040832K), 0.0102578 secs] [Times: user=0.13 sys=0.00, real=0.01 secs] 
2020-09-29T17:51:53.514+0200: 55.805: [GC (Allocation Failure) [PSYoungGen: 612228K->23749K(642560K)] 643028K->54549K(2040832K), 0.0090855 secs] [Times: user=0.13 sys=0.00, real=0.01 secs] 
2020-09-29T17:51:53.575+0200: 55.866: [GC (Allocation Failure) [PSYoungGen: 609989K->49316K(635904K)] 640789K->80116K(2034176K), 0.0190743 secs] [Times: user=0.11 sys=0.00, real=0.02 secs] 
2020-09-29T17:51:53.646+0200: 55.937: [GC (Allocation Failure) [PSYoungGen: 629412K->25187K(639488K)] 660212K->55987K(2037760K), 0.0104400 secs] [Times: user=0.00 sys=0.00, real=0.01 secs] 
2020-09-29T17:51:53.706+0200: 55.997: [GC (Allocation Failure) [PSYoungGen: 605283K->29604K(641536K)] 636083K->60404K(2039808K), 0.0109097 secs] [Times: user=0.13 sys=0.00, real=0.01 secs] 
2020-09-29T17:51:53.768+0200: 56.058: [GC (Allocation Failure) [PSYoungGen: 612260K->36964K(640000K)] 643060K->67764K(2038272K), 0.0135939 secs] [Times: user=0.13 sys=0.00, real=0.01 secs] 
2020-09-29T17:51:53.832+0200: 56.123: [GC (Allocation Failure) [PSYoungGen: 619620K->45285K(638976K)] 650420K->76085K(2037248K), 0.0152452 secs] [Times: user=0.00 sys=0.00, real=0.01 secs] 
2020-09-29T17:51:53.897+0200: 56.188: [GC (Allocation Failure) [PSYoungGen: 628453K->40260K(641024K)] 659253K->71060K(2039296K), 0.0144748 secs] [Times: user=0.13 sys=0.00, real=0.01 secs] 
2020-09-29T17:51:53.961+0200: 56.252: [GC (Allocation Failure) [PSYoungGen: 623428K->35589K(643584K)] 654228K->66389K(2041856K), 0.0123875 secs] [Times: user=0.13 sys=0.00, real=0.01 secs] 
2020-09-29T17:51:54.024+0200: 56.315: [GC (Allocation Failure) [PSYoungGen: 621829K->31364K(641536K)] 652629K->62164K(2039808K), 0.0118884 secs] [Times: user=0.13 sys=0.00, real=0.01 secs] 
2020-09-29T17:51:54.087+0200: 56.378: [GC (Allocation Failure) [PSYoungGen: 617604K->42756K(642560K)] 648404K->73556K(2040832K), 0.0151138 secs] [Times: user=0.13 sys=0.00, real=0.02 secs] 
2020-09-29T17:51:54.152+0200: 56.443: [GC (Allocation Failure) [PSYoungGen: 631044K->29509K(643584K)] 661844K->60309K(2041856K), 0.0104618 secs] [Times: user=0.13 sys=0.00, real=0.01 secs] 
2020-09-29T17:51:54.213+0200: 56.503: [GC (Allocation Failure) [PSYoungGen: 617797K->12995K(640512K)] 648597K->43795K(2038784K), 0.0057613 secs] [Times: user=0.00 sys=0.00, real=0.00 secs] 
2020-09-29T17:51:54.269+0200: 56.560: [GC (Allocation Failure) [PSYoungGen: 599235K->52293K(638976K)] 630035K->83093K(2037248K), 0.0180133 secs] [Times: user=0.25 sys=0.00, real=0.02 secs] 
2020-09-29T17:51:54.348+0200: 56.638: [GC (Allocation Failure) [PSYoungGen: 638533K->50597K(629760K)] 669333K->81397K(2028032K), 0.0178571 secs] [Times: user=0.16 sys=0.00, real=0.02 secs] 
2020-09-29T17:51:54.415+0200: 56.705: [GC (Allocation Failure) [PSYoungGen: 620453K->32485K(634368K)] 651253K->63285K(2032640K), 0.0113169 secs] [Times: user=0.00 sys=0.00, real=0.01 secs] 
2020-09-29T17:51:54.475+0200: 56.765: [GC (Allocation Failure) [PSYoungGen: 602341K->38884K(638464K)] 633141K->69684K(2036736K), 0.0140464 secs] [Times: user=0.13 sys=0.00, real=0.01 secs] 
2020-09-29T17:51:54.538+0200: 56.828: [GC (Allocation Failure) [PSYoungGen: 614884K->26949K(636416K)] 645684K->57749K(2034688K), 0.0101381 secs] [Times: user=0.00 sys=0.00, real=0.01 secs] 
2020-09-29T17:51:54.601+0200: 56.891: [GC (Allocation Failure) [PSYoungGen: 602949K->26788K(640000K)] 633749K->57588K(2038272K), 0.0107302 secs] [Times: user=0.00 sys=0.00, real=0.01 secs] 
2020-09-29T17:51:54.664+0200: 56.954: [GC (Allocation Failure) [PSYoungGen: 606884K->46084K(626688K)] 637684K->76884K(2024960K), 0.0169328 secs] [Times: user=0.13 sys=0.00, real=0.02 secs] 
2020-09-29T17:51:54.734+0200: 57.024: [GC (Allocation Failure) [PSYoungGen: 626180K->24228K(638464K)] 656980K->55028K(2036736K), 0.0096295 secs] [Times: user=0.13 sys=0.00, real=0.01 secs] 
2020-09-29T17:51:54.796+0200: 57.086: [GC (Allocation Failure) [PSYoungGen: 601764K->27525K(637952K)] 632564K->58325K(2036224K), 0.0119404 secs] [Times: user=0.13 sys=0.00, real=0.01 secs] 
2020-09-29T17:51:54.861+0200: 57.151: [GC (Allocation Failure) [PSYoungGen: 605061K->43588K(637952K)] 635861K->74388K(2036224K), 0.0163958 secs] [Times: user=0.13 sys=0.00, real=0.02 secs] 
2020-09-29T17:51:54.927+0200: 57.217: [GC (Allocation Failure) [PSYoungGen: 622660K->33604K(638976K)] 653460K->64404K(2037248K), 0.0127424 secs] [Times: user=0.00 sys=0.00, real=0.01 secs] 
2020-09-29T17:51:54.990+0200: 57.280: [GC (Allocation Failure) [PSYoungGen: 612676K->24741K(641536K)] 643476K->55541K(2039808K), 0.0081791 secs] [Times: user=0.00 sys=0.00, real=0.01 secs] 
2020-09-29T17:51:55.048+0200: 57.338: [GC (Allocation Failure) [PSYoungGen: 608421K->34181K(641024K)] 639221K->64981K(2039296K), 0.0120223 secs] [Times: user=0.13 sys=0.00, real=0.01 secs] 
2020-09-29T17:51:55.113+0200: 57.403: [GC (Allocation Failure) [PSYoungGen: 617861K->29828K(645120K)] 648661K->60628K(2043392K), 0.0109391 secs] [Times: user=0.13 sys=0.00, real=0.01 secs] 
2020-09-29T17:51:55.175+0200: 57.465: [GC (Allocation Failure) [PSYoungGen: 620164K->45925K(636416K)] 650964K->76725K(2034688K), 0.0158712 secs] [Times: user=0.13 sys=0.00, real=0.02 secs] 
2020-09-29T17:51:55.242+0200: 57.532: [GC (Allocation Failure) [PSYoungGen: 636261K->34629K(644608K)] 667061K->65429K(2042880K), 0.0120449 secs] [Times: user=0.00 sys=0.00, real=0.01 secs] 
2020-09-29T17:51:55.306+0200: 57.596: [GC (Allocation Failure) [PSYoungGen: 622917K->20069K(642560K)] 653717K->50869K(2040832K), 0.0072163 secs] [Times: user=0.00 sys=0.00, real=0.01 secs] 
2020-09-29T17:51:55.364+0200: 57.654: [GC (Allocation Failure) [PSYoungGen: 608357K->32580K(646144K)] 639157K->63380K(2044416K), 0.0123321 secs] [Times: user=0.00 sys=0.00, real=0.01 secs] 
2020-09-29T17:51:55.428+0200: 57.718: [GC (Allocation Failure) [PSYoungGen: 623940K->49733K(641536K)] 654740K->80533K(2039808K), 0.0164439 secs] [Times: user=0.13 sys=0.00, real=0.02 secs] 
2020-09-29T17:51:55.496+0200: 57.786: [GC (Allocation Failure) [PSYoungGen: 641093K->39397K(642560K)] 671893K->70197K(2040832K), 0.0135731 secs] [Times: user=0.13 sys=0.00, real=0.01 secs] 
2020-09-29T17:51:55.559+0200: 57.849: [GC (Allocation Failure) [PSYoungGen: 625125K->37253K(642048K)] 655925K->68053K(2040320K), 0.0124186 secs] [Times: user=0.13 sys=0.00, real=0.01 secs] 
2020-09-29T17:51:55.626+0200: 57.916: [GC (Allocation Failure) [PSYoungGen: 622981K->17508K(641536K)] 653781K->48308K(2039808K), 0.0083160 secs] [Times: user=0.11 sys=0.00, real=0.01 secs] 
2020-09-29T17:51:55.685+0200: 57.975: [GC (Allocation Failure) [PSYoungGen: 603748K->29252K(642560K)] 634548K->60052K(2040832K), 0.0104835 secs] [Times: user=0.13 sys=0.00, real=0.01 secs] 
2020-09-29T17:51:55.746+0200: 58.036: [GC (Allocation Failure) [PSYoungGen: 615492K->54757K(632832K)] 646292K->85661K(2031104K), 0.0185066 secs] [Times: user=0.13 sys=0.00, real=0.02 secs] 
2020-09-29T17:51:55.815+0200: 58.105: [GC (Allocation Failure) [PSYoungGen: 632805K->31235K(638464K)] 663709K->62139K(2036736K), 0.0119931 secs] [Times: user=0.13 sys=0.00, real=0.01 secs] 
2020-09-29T17:51:55.877+0200: 58.167: [GC (Allocation Failure) [PSYoungGen: 609283K->34981K(642560K)] 640187K->65885K(2040832K), 0.0131266 secs] [Times: user=0.11 sys=0.00, real=0.01 secs] 
2020-09-29T17:51:55.940+0200: 58.231: [GC (Allocation Failure) [PSYoungGen: 618661K->30308K(640000K)] 649565K->61212K(2038272K), 0.0111832 secs] [Times: user=0.13 sys=0.00, real=0.01 secs] 
2020-09-29T17:51:56.002+0200: 58.292: [GC (Allocation Failure) [PSYoungGen: 613988K->25091K(644096K)] 644892K->55995K(2042368K), 0.0101655 secs] [Times: user=0.13 sys=0.00, real=0.01 secs] 
2020-09-29T17:51:56.062+0200: 58.352: [GC (Allocation Failure) [PSYoungGen: 613891K->24580K(643584K)] 644795K->55484K(2041856K), 0.0093851 secs] [Times: user=0.13 sys=0.00, real=0.01 secs] 
2020-09-29T17:51:56.123+0200: 58.413: [GC (Allocation Failure) [PSYoungGen: 613380K->52869K(634368K)] 644284K->83773K(2032640K), 0.0176876 secs] [Times: user=0.13 sys=0.00, real=0.02 secs] 
2020-09-29T17:51:56.191+0200: 58.481: [GC (Allocation Failure) [PSYoungGen: 632965K->45029K(625152K)] 663869K->75933K(2023424K), 0.0151768 secs] [Times: user=0.13 sys=0.00, real=0.02 secs] 
2020-09-29T17:51:56.256+0200: 58.546: [GC (Allocation Failure) [PSYoungGen: 625125K->36547K(640000K)] 656029K->67451K(2038272K), 0.0141886 secs] [Times: user=0.00 sys=0.00, real=0.01 secs] 
2020-09-29T17:51:56.319+0200: 58.610: [GC (Allocation Failure) [PSYoungGen: 615619K->26691K(637952K)] 646523K->57595K(2036224K), 0.0104190 secs] [Times: user=0.00 sys=0.00, real=0.01 secs] 
2020-09-29T17:51:56.379+0200: 58.669: [GC (Allocation Failure) [PSYoungGen: 605763K->27363K(642048K)] 636667K->58267K(2040320K), 0.0109732 secs] [Times: user=0.13 sys=0.00, real=0.01 secs] 
2020-09-29T17:51:56.440+0200: 58.730: [GC (Allocation Failure) [PSYoungGen: 611555K->51077K(635392K)] 642459K->81981K(2033664K), 0.0166994 secs] [Times: user=0.13 sys=0.00, real=0.02 secs] 
2020-09-29T17:51:56.507+0200: 58.797: [GC (Allocation Failure) [PSYoungGen: 635269K->46212K(634880K)] 666173K->77116K(2033152K), 0.0164517 secs] [Times: user=0.13 sys=0.00, real=0.02 secs] 
2020-09-29T17:51:56.573+0200: 58.863: [GC (Allocation Failure) [PSYoungGen: 620164K->32132K(636416K)] 651068K->63036K(2034688K), 0.0124065 secs] [Times: user=0.11 sys=0.00, real=0.01 secs] 
2020-09-29T17:51:56.636+0200: 58.926: [GC (Allocation Failure) [PSYoungGen: 606084K->31877K(640000K)] 636988K->62781K(2038272K), 0.0121695 secs] [Times: user=0.13 sys=0.00, real=0.01 secs] 
2020-09-29T17:51:56.698+0200: 58.988: [GC (Allocation Failure) [PSYoungGen: 611461K->37189K(638464K)] 642365K->68093K(2036736K), 0.0167005 secs] [Times: user=0.13 sys=0.00, real=0.02 secs] 
2020-09-29T17:51:56.765+0200: 59.056: [GC (Allocation Failure) [PSYoungGen: 616773K->27812K(642560K)] 647677K->58716K(2040832K), 0.0133643 secs] [Times: user=0.13 sys=0.00, real=0.01 secs] 
2020-09-29T17:51:56.829+0200: 59.119: [GC (Allocation Failure) [PSYoungGen: 613028K->38757K(641536K)] 643932K->69661K(2039808K), 0.0168883 secs] [Times: user=0.13 sys=0.00, real=0.02 secs] 
2020-09-29T17:51:56.899+0200: 59.189: [GC (Allocation Failure) [PSYoungGen: 623973K->36037K(645120K)] 654877K->66941K(2043392K), 0.0158513 secs] [Times: user=0.13 sys=0.00, real=0.02 secs] 
2020-09-29T17:51:56.965+0200: 59.255: [GC (Allocation Failure) [PSYoungGen: 625349K->37413K(643072K)] 656253K->68317K(2041344K), 0.0165661 secs] [Times: user=0.13 sys=0.00, real=0.02 secs] 
2020-09-29T17:51:57.035+0200: 59.325: [GC (Allocation Failure) [PSYoungGen: 626725K->24772K(646144K)] 657629K->55676K(2044416K), 0.0116379 secs] [Times: user=0.13 sys=0.00, real=0.01 secs] 
2020-09-29T17:51:57.098+0200: 59.388: [GC (Allocation Failure) [PSYoungGen: 618180K->43941K(637440K)] 649084K->74845K(2035712K), 0.0186843 secs] [Times: user=0.25 sys=0.00, real=0.02 secs] 
2020-09-29T17:51:57.168+0200: 59.458: [GC (Allocation Failure) [PSYoungGen: 637349K->35076K(646144K)] 668253K->65980K(2044416K), 0.0160627 secs] [Times: user=0.13 sys=0.00, real=0.02 secs] 
2020-09-29T17:51:57.235+0200: 59.525: [GC (Allocation Failure) [PSYoungGen: 626436K->38565K(644096K)] 657340K->69469K(2042368K), 0.0167078 secs] [Times: user=0.13 sys=0.00, real=0.02 secs] 
2020-09-29T17:51:57.302+0200: 59.592: [GC (Allocation Failure) [PSYoungGen: 629925K->28068K(647168K)] 660829K->58972K(2045440K), 0.0134774 secs] [Times: user=0.00 sys=0.00, real=0.01 secs] 
2020-09-29T17:51:57.366+0200: 59.657: [GC (Allocation Failure) [PSYoungGen: 623012K->48869K(644096K)] 653916K->79773K(2042368K), 0.0206676 secs] [Times: user=0.13 sys=0.00, real=0.02 secs] 
2020-09-29T17:51:57.439+0200: 59.729: [GC (Allocation Failure) [PSYoungGen: 643813K->42213K(642048K)] 674717K->73117K(2040320K), 0.0183174 secs] [Times: user=0.13 sys=0.00, real=0.02 secs] 
2020-09-29T17:51:57.507+0200: 59.797: [GC (Allocation Failure) [PSYoungGen: 629477K->41605K(643072K)] 660381K->72509K(2041344K), 0.0186262 secs] [Times: user=0.13 sys=0.00, real=0.02 secs] 
2020-09-29T17:51:57.576+0200: 59.866: [GC (Allocation Failure) [PSYoungGen: 628869K->25891K(642560K)] 659773K->56795K(2040832K), 0.0147574 secs] [Times: user=0.11 sys=0.00, real=0.02 secs] 
2020-09-29T17:51:57.644+0200: 59.935: [GC (Allocation Failure) [PSYoungGen: 613155K->37893K(643072K)] 644059K->68797K(2041344K), 0.0168046 secs] [Times: user=0.22 sys=0.00, real=0.02 secs] 
2020-09-29T17:51:57.713+0200: 60.003: [GC (Allocation Failure) [PSYoungGen: 625157K->37285K(646144K)] 656061K->68189K(2044416K), 0.0160476 secs] [Times: user=0.13 sys=0.00, real=0.02 secs] 
2020-09-29T17:51:57.780+0200: 60.070: [GC (Allocation Failure) [PSYoungGen: 629157K->26756K(644608K)] 660061K->57660K(2042880K), 0.0130141 secs] [Times: user=0.13 sys=0.00, real=0.01 secs] 
2020-09-29T17:51:57.843+0200: 60.134: [GC (Allocation Failure) [PSYoungGen: 618628K->43653K(643072K)] 649532K->74557K(2041344K), 0.0190909 secs] [Times: user=0.13 sys=0.00, real=0.02 secs] 
2020-09-29T17:51:57.913+0200: 60.203: [GC (Allocation Failure) [PSYoungGen: 633989K->46181K(636928K)] 664893K->77085K(2035200K), 0.0196682 secs] [Times: user=0.13 sys=0.00, real=0.02 secs] 
2020-09-29T17:51:57.984+0200: 60.274: [GC (Allocation Failure) [PSYoungGen: 636517K->34821K(644096K)] 667421K->65725K(2042368K), 0.0157157 secs] [Times: user=0.13 sys=0.00, real=0.02 secs] 
2020-09-29T17:51:58.050+0200: 60.340: [GC (Allocation Failure) [PSYoungGen: 622597K->20323K(642560K)] 653501K->51227K(2040832K), 0.0109369 secs] [Times: user=0.13 sys=0.00, real=0.01 secs] 
2020-09-29T17:51:58.111+0200: 60.401: [GC (Allocation Failure) [PSYoungGen: 608099K->46340K(638976K)] 639003K->77244K(2037248K), 0.0206783 secs] [Times: user=0.25 sys=0.00, real=0.02 secs] 
2020-09-29T17:51:58.183+0200: 60.473: [GC (Allocation Failure) [PSYoungGen: 629508K->55301K(638976K)] 660412K->86205K(2037248K), 0.0232176 secs] [Times: user=0.13 sys=0.00, real=0.02 secs] 
2020-09-29T17:51:58.256+0200: 60.546: [GC (Allocation Failure) [PSYoungGen: 638469K->36837K(637952K)] 669373K->67741K(2036224K), 0.0166566 secs] [Times: user=0.13 sys=0.00, real=0.02 secs] 
2020-09-29T17:51:58.322+0200: 60.612: [GC (Allocation Failure) [PSYoungGen: 614885K->38948K(638464K)] 645789K->69852K(2036736K), 0.0178538 secs] [Times: user=0.13 sys=0.00, real=0.02 secs] 
2020-09-29T17:51:58.390+0200: 60.680: [GC (Allocation Failure) [PSYoungGen: 616996K->28612K(640512K)] 647900K->59516K(2038784K), 0.0134925 secs] [Times: user=0.13 sys=0.00, real=0.01 secs] 
2020-09-29T17:51:58.455+0200: 60.745: [GC (Allocation Failure) [PSYoungGen: 610756K->34372K(640512K)] 641660K->65276K(2038784K), 0.0163045 secs] [Times: user=0.13 sys=0.00, real=0.02 secs] 
2020-09-29T17:51:58.521+0200: 60.811: [GC (Allocation Failure) [PSYoungGen: 616516K->41956K(642560K)] 647420K->72860K(2040832K), 0.0191714 secs] [Times: user=0.13 sys=0.00, real=0.02 secs] 
2020-09-29T17:51:58.594+0200: 60.885: [GC (Allocation Failure) [PSYoungGen: 627684K->25123K(642048K)] 658588K->56027K(2040320K), 0.0139904 secs] [Times: user=0.11 sys=0.00, real=0.01 secs] 
2020-09-29T17:51:58.662+0200: 60.952: [GC (Allocation Failure) [PSYoungGen: 610851K->34821K(644096K)] 641755K->65725K(2042368K), 0.0172428 secs] [Times: user=0.13 sys=0.00, real=0.02 secs] 
2020-09-29T17:51:58.732+0200: 61.023: [GC (Allocation Failure) [PSYoungGen: 622085K->31876K(642048K)] 652989K->62780K(2040320K), 0.0147786 secs] [Times: user=0.13 sys=0.00, real=0.01 secs] 
2020-09-29T17:51:58.798+0200: 61.088: [GC (Allocation Failure) [PSYoungGen: 619140K->31269K(646144K)] 650044K->62173K(2044416K), 0.0133424 secs] [Times: user=0.13 sys=0.00, real=0.01 secs] 
2020-09-29T17:51:58.865+0200: 61.155: [GC (Allocation Failure) [PSYoungGen: 623653K->35621K(645120K)] 654557K->66525K(2043392K), 0.0152064 secs] [Times: user=0.13 sys=0.00, real=0.02 secs] 
2020-09-29T17:51:58.930+0200: 61.220: [GC (Allocation Failure) [PSYoungGen: 628005K->26437K(647680K)] 658909K->57341K(2045952K), 0.0120514 secs] [Times: user=0.13 sys=0.00, real=0.01 secs] 
2020-09-29T17:51:58.994+0200: 61.284: [GC (Allocation Failure) [PSYoungGen: 622917K->35077K(647680K)] 653821K->65981K(2045952K), 0.0154843 secs] [Times: user=0.13 sys=0.00, real=0.02 secs] 
2020-09-29T17:51:59.065+0200: 61.356: [GC (Allocation Failure) [PSYoungGen: 631557K->43589K(645120K)] 662461K->74493K(2043392K), 0.0189195 secs] [Times: user=0.25 sys=0.00, real=0.02 secs] 
2020-09-29T17:51:59.135+0200: 61.425: [GC (Allocation Failure) [PSYoungGen: 639045K->37445K(647168K)] 669949K->68349K(2045440K), 0.0169394 secs] [Times: user=0.13 sys=0.00, real=0.02 secs] 
2020-09-29T17:51:59.205+0200: 61.496: [GC (Allocation Failure) [PSYoungGen: 632901K->28164K(648192K)] 663805K->59068K(2046464K), 0.0138274 secs] [Times: user=0.13 sys=0.00, real=0.01 secs] 
2020-09-29T17:51:59.270+0200: 61.561: [GC (Allocation Failure) [PSYoungGen: 625668K->50661K(648192K)] 656572K->82213K(2046464K), 0.0224017 secs] [Times: user=0.13 sys=0.00, real=0.02 secs] 
2020-09-29T17:51:59.347+0200: 61.637: [GC (Allocation Failure) [PSYoungGen: 648165K->47333K(634880K)] 679717K->78885K(2033152K), 0.0203312 secs] [Times: user=0.25 sys=0.00, real=0.02 secs] 
2020-09-29T17:51:59.417+0200: 61.707: [GC (Allocation Failure) [PSYoungGen: 631525K->43621K(641536K)] 663077K->75173K(2039808K), 0.0189950 secs] [Times: user=0.13 sys=0.00, real=0.02 secs] 
2020-09-29T17:51:59.486+0200: 61.776: [GC (Allocation Failure) [PSYoungGen: 627813K->39236K(643072K)] 659365K->70788K(2041344K), 0.0178064 secs] [Times: user=0.13 sys=0.00, real=0.02 secs] 
2020-09-29T17:51:59.553+0200: 61.844: [GC (Allocation Failure) [PSYoungGen: 624964K->36933K(641536K)] 656516K->68485K(2039808K), 0.0161186 secs] [Times: user=0.13 sys=0.00, real=0.02 secs] 
2020-09-29T17:51:59.623+0200: 61.914: [GC (Allocation Failure) [PSYoungGen: 622661K->34533K(645120K)] 654213K->66085K(2043392K), 0.0169145 secs] [Times: user=0.11 sys=0.00, real=0.02 secs] 
2020-09-29T17:51:59.693+0200: 61.983: [GC (Allocation Failure) [PSYoungGen: 625381K->34340K(644608K)] 656933K->65892K(2042880K), 0.0167081 secs] [Times: user=0.13 sys=0.00, real=0.02 secs] 
2020-09-29T17:51:59.761+0200: 62.051: [GC (Allocation Failure) [PSYoungGen: 625188K->37285K(647680K)] 656740K->68837K(2045952K), 0.0166230 secs] [Times: user=0.13 sys=0.00, real=0.02 secs] 
2020-09-29T17:51:59.829+0200: 62.120: [GC (Allocation Failure) [PSYoungGen: 632229K->44325K(646144K)] 663781K->75877K(2044416K), 0.0193241 secs] [Times: user=0.25 sys=0.00, real=0.02 secs] 
2020-09-29T17:51:59.899+0200: 62.190: [GC (Allocation Failure) [PSYoungGen: 639269K->37701K(647680K)] 670821K->69253K(2045952K), 0.0168255 secs] [Times: user=0.13 sys=0.00, real=0.02 secs] 
2020-09-29T17:51:59.967+0200: 62.257: [GC (Allocation Failure) [PSYoungGen: 633157K->45221K(646656K)] 664709K->76773K(2044928K), 0.0193960 secs] [Times: user=0.13 sys=0.00, real=0.02 secs] 
2020-09-29T17:52:00.039+0200: 62.330: [GC (Allocation Failure) [PSYoungGen: 640677K->24324K(644608K)] 672229K->55876K(2042880K), 0.0115283 secs] [Times: user=0.00 sys=0.00, real=0.01 secs] 
2020-09-29T17:52:00.102+0200: 62.393: [GC (Allocation Failure) [PSYoungGen: 616708K->26724K(619520K)] 648260K->58276K(2017792K), 0.0129666 secs] [Times: user=0.13 sys=0.00, real=0.01 secs] 
2020-09-29T17:52:00.166+0200: 62.456: [GC (Allocation Failure) [PSYoungGen: 619108K->44901K(642048K)] 650660K->76453K(2040320K), 0.0196017 secs] [Times: user=0.13 sys=0.00, real=0.02 secs] 
2020-09-29T17:52:00.240+0200: 62.530: [GC (Allocation Failure) [PSYoungGen: 633189K->45253K(633856K)] 664741K->76805K(2032128K), 0.0192898 secs] [Times: user=0.13 sys=0.00, real=0.02 secs] 
2020-09-29T17:52:00.309+0200: 62.600: [GC (Allocation Failure) [PSYoungGen: 633541K->31524K(643072K)] 665093K->63076K(2041344K), 0.0142464 secs] [Times: user=0.13 sys=0.00, real=0.01 secs] 
2020-09-29T17:52:00.375+0200: 62.666: [GC (Allocation Failure) [PSYoungGen: 618276K->43909K(642560K)] 649828K->75461K(2040832K), 0.0188623 secs] [Times: user=0.13 sys=0.00, real=0.02 secs] 
2020-09-29T17:52:00.444+0200: 62.734: [GC (Allocation Failure) [PSYoungGen: 630661K->56293K(632320K)] 662213K->87877K(2030592K), 0.0236228 secs] [Times: user=0.13 sys=0.00, real=0.02 secs] 
2020-09-29T17:52:00.516+0200: 62.807: [GC (Allocation Failure) [PSYoungGen: 632293K->29667K(637440K)] 663877K->61251K(2035712K), 0.0148091 secs] [Times: user=0.13 sys=0.00, real=0.01 secs] 
2020-09-29T17:52:00.583+0200: 62.874: [GC (Allocation Failure) [PSYoungGen: 605667K->31461K(638976K)] 637251K->63045K(2037248K), 0.0152623 secs] [Times: user=0.11 sys=0.00, real=0.02 secs] 
2020-09-29T17:52:00.653+0200: 62.944: [GC (Allocation Failure) [PSYoungGen: 609509K->35269K(637952K)] 641093K->66853K(2036224K), 0.0155937 secs] [Times: user=0.13 sys=0.00, real=0.02 secs] 
2020-09-29T17:52:00.718+0200: 63.009: [GC (Allocation Failure) [PSYoungGen: 613317K->39045K(642048K)] 644901K->70629K(2040320K), 0.0165026 secs] [Times: user=0.13 sys=0.00, real=0.02 secs] 
2020-09-29T17:52:00.787+0200: 63.077: [GC (Allocation Failure) [PSYoungGen: 622725K->34276K(640512K)] 654309K->65860K(2038784K), 0.0167525 secs] [Times: user=0.13 sys=0.00, real=0.02 secs] 
2020-09-29T17:52:00.857+0200: 63.147: [GC (Allocation Failure) [PSYoungGen: 617956K->43588K(642560K)] 649540K->75172K(2040832K), 0.0199013 secs] [Times: user=0.13 sys=0.00, real=0.02 secs] 
2020-09-29T17:52:00.930+0200: 63.221: [GC (Allocation Failure) [PSYoungGen: 630852K->27459K(643072K)] 662436K->59043K(2041344K), 0.0149815 secs] [Times: user=0.13 sys=0.00, real=0.01 secs] 
2020-09-29T17:52:00.997+0200: 63.288: [GC (Allocation Failure) [PSYoungGen: 614723K->38756K(644096K)] 646307K->70340K(2042368K), 0.0178456 secs] [Times: user=0.13 sys=0.00, real=0.02 secs] 
2020-09-29T17:52:01.069+0200: 63.359: [GC (Allocation Failure) [PSYoungGen: 627044K->39109K(643072K)] 658628K->70693K(2041344K), 0.0164330 secs] [Times: user=0.13 sys=0.00, real=0.02 secs] 
2020-09-29T17:52:01.136+0200: 63.427: [GC (Allocation Failure) [PSYoungGen: 627397K->39493K(646144K)] 658981K->71077K(2044416K), 0.0170440 secs] [Times: user=0.13 sys=0.00, real=0.02 secs] 
2020-09-29T17:52:01.203+0200: 63.494: [GC (Allocation Failure) [PSYoungGen: 631877K->27363K(645120K)] 663461K->58947K(2043392K), 0.0136079 secs] [Times: user=0.13 sys=0.00, real=0.01 secs] 
2020-09-29T17:52:01.268+0200: 63.558: [GC (Allocation Failure) [PSYoungGen: 619747K->31492K(646656K)] 651331K->63076K(2044928K), 0.0148734 secs] [Times: user=0.13 sys=0.00, real=0.02 secs] 
2020-09-29T17:52:01.333+0200: 63.624: [GC (Allocation Failure) [PSYoungGen: 624900K->22564K(645632K)] 656484K->54148K(2043904K), 0.0103047 secs] [Times: user=0.00 sys=0.00, real=0.01 secs] 
2020-09-29T17:52:01.394+0200: 63.684: [GC (Allocation Failure) [PSYoungGen: 615972K->41797K(644608K)] 647556K->73381K(2042880K), 0.0183919 secs] [Times: user=0.25 sys=0.00, real=0.02 secs] 
2020-09-29T17:52:01.464+0200: 63.755: [GC (Allocation Failure) [PSYoungGen: 633157K->31493K(645120K)] 664741K->63077K(2043392K), 0.0144417 secs] [Times: user=0.11 sys=0.00, real=0.02 secs] 
2020-09-29T17:52:01.540+0200: 63.830: [GC (Allocation Failure) [PSYoungGen: 622853K->34885K(647680K)] 654437K->66469K(2045952K), 0.0158327 secs] [Times: user=0.11 sys=0.00, real=0.02 secs] 
2020-09-29T17:52:01.609+0200: 63.900: [GC (Allocation Failure) [PSYoungGen: 629829K->42053K(646144K)] 661413K->73637K(2044416K), 0.0200011 secs] [Times: user=0.11 sys=0.00, real=0.02 secs] 
2020-09-29T17:52:01.681+0200: 63.972: [GC (Allocation Failure) [PSYoungGen: 636997K->34405K(648192K)] 668581K->65989K(2046464K), 0.0125421 secs] [Times: user=0.13 sys=0.00, real=0.01 secs] 
2020-09-29T17:52:01.745+0200: 64.035: [GC (Allocation Failure) [PSYoungGen: 630373K->27460K(646656K)] 661957K->59044K(2044928K), 0.0101186 secs] [Times: user=0.13 sys=0.00, real=0.01 secs] 
2020-09-29T17:52:01.806+0200: 64.097: [GC (Allocation Failure) [PSYoungGen: 623428K->34661K(649728K)] 655012K->66245K(2048000K), 0.0125312 secs] [Times: user=0.13 sys=0.00, real=0.01 secs] 
2020-09-29T17:52:01.870+0200: 64.161: [GC (Allocation Failure) [PSYoungGen: 633701K->16868K(648192K)] 665285K->48452K(2046464K), 0.0069348 secs] [Times: user=0.00 sys=0.00, real=0.01 secs] 
2020-09-29T17:52:01.928+0200: 64.219: [GC (Allocation Failure) [PSYoungGen: 615908K->26755K(648704K)] 647492K->58339K(2046976K), 0.0109529 secs] [Times: user=0.00 sys=0.00, real=0.01 secs] 
2020-09-29T17:52:01.991+0200: 64.281: [GC (Allocation Failure) [PSYoungGen: 624771K->50149K(648192K)] 656355K->82037K(2046464K), 0.0168081 secs] [Times: user=0.13 sys=0.00, real=0.02 secs] 
2020-09-29T17:52:02.059+0200: 64.349: [GC (Allocation Failure) [PSYoungGen: 648165K->33285K(643072K)] 680053K->65173K(2041344K), 0.0115033 secs] [Times: user=0.13 sys=0.00, real=0.01 secs] 
2020-09-29T17:52:02.122+0200: 64.412: [GC (Allocation Failure) [PSYoungGen: 625669K->22532K(645632K)] 657557K->54420K(2043904K), 0.0083116 secs] [Times: user=0.13 sys=0.00, real=0.01 secs] 
2020-09-29T17:52:02.181+0200: 64.472: [GC (Allocation Failure) [PSYoungGen: 614916K->40741K(643584K)] 646804K->72629K(2041856K), 0.0137956 secs] [Times: user=0.13 sys=0.00, real=0.01 secs] 
2020-09-29T17:52:02.246+0200: 64.537: [GC (Allocation Failure) [PSYoungGen: 631077K->29284K(644608K)] 662965K->61172K(2042880K), 0.0110522 secs] [Times: user=0.13 sys=0.00, real=0.01 secs] 
2020-09-29T17:52:02.307+0200: 64.598: [GC (Allocation Failure) [PSYoungGen: 619620K->31685K(647680K)] 651508K->63573K(2045952K), 0.0108520 secs] [Times: user=0.13 sys=0.00, real=0.01 secs] 
2020-09-29T17:52:02.369+0200: 64.660: [GC (Allocation Failure) [PSYoungGen: 626629K->38725K(646144K)] 658517K->70613K(2044416K), 0.0132833 secs] [Times: user=0.13 sys=0.00, real=0.01 secs] 
2020-09-29T17:52:02.433+0200: 64.724: [GC (Allocation Failure) [PSYoungGen: 633669K->45765K(641536K)] 665557K->77653K(2039808K), 0.0154239 secs] [Times: user=0.13 sys=0.00, real=0.02 secs] 
2020-09-29T17:52:02.502+0200: 64.793: [GC (Allocation Failure) [PSYoungGen: 636101K->20837K(611328K)] 667989K->52725K(2009600K), 0.0079032 secs] [Times: user=0.11 sys=0.00, real=0.01 secs] 
2020-09-29T17:52:02.563+0200: 64.854: [GC (Allocation Failure) [PSYoungGen: 611173K->50629K(635904K)] 643061K->82517K(2034176K), 0.0180574 secs] [Times: user=0.13 sys=0.00, real=0.02 secs] 
2020-09-29T17:52:02.635+0200: 64.926: [GC (Allocation Failure) [PSYoungGen: 631749K->11426K(592896K)] 663637K->43314K(1991168K), 0.0074102 secs] [Times: user=0.00 sys=0.00, real=0.01 secs] 
2020-09-29T17:52:02.694+0200: 64.984: [GC (Allocation Failure) [PSYoungGen: 592546K->17828K(638464K)] 624434K->49716K(2036736K), 0.0072300 secs] [Times: user=0.00 sys=0.00, real=0.01 secs] 
2020-09-29T17:52:02.754+0200: 65.045: [GC (Allocation Failure) [PSYoungGen: 595876K->35365K(638464K)] 627764K->67253K(2036736K), 0.0121923 secs] [Times: user=0.00 sys=0.00, real=0.01 secs] 
2020-09-29T17:52:02.815+0200: 65.106: [GC (Allocation Failure) [PSYoungGen: 613413K->39205K(640000K)] 645301K->71093K(2038272K), 0.0132531 secs] [Times: user=0.13 sys=0.00, real=0.01 secs] 
2020-09-29T17:52:02.878+0200: 65.169: [GC (Allocation Failure) [PSYoungGen: 620325K->32196K(640000K)] 652213K->64084K(2038272K), 0.0111879 secs] [Times: user=0.13 sys=0.00, real=0.01 secs] 
2020-09-29T17:52:02.938+0200: 65.229: [GC (Allocation Failure) [PSYoungGen: 613316K->39077K(642560K)] 645204K->70965K(2040832K), 0.0139330 secs] [Times: user=0.13 sys=0.00, real=0.01 secs] 
2020-09-29T17:52:03.003+0200: 65.294: [GC (Allocation Failure) [PSYoungGen: 625317K->51077K(637440K)] 657205K->82965K(2035712K), 0.0170423 secs] [Times: user=0.13 sys=0.00, real=0.02 secs] 
2020-09-29T17:52:03.072+0200: 65.362: [GC (Allocation Failure) [PSYoungGen: 637317K->35717K(640512K)] 669205K->67605K(2038784K), 0.0132392 secs] [Times: user=0.13 sys=0.00, real=0.01 secs] 
2020-09-29T17:52:03.136+0200: 65.426: [GC (Allocation Failure) [PSYoungGen: 615301K->41125K(637952K)] 647189K->73013K(2036224K), 0.0143497 secs] [Times: user=0.13 sys=0.00, real=0.01 secs] 
2020-09-29T17:52:03.200+0200: 65.490: [GC (Allocation Failure) [PSYoungGen: 620709K->46437K(636416K)] 652597K->78325K(2034688K), 0.0156496 secs] [Times: user=0.13 sys=0.00, real=0.01 secs] 
2020-09-29T17:52:03.265+0200: 65.556: [GC (Allocation Failure) [PSYoungGen: 624485K->49444K(627712K)] 656373K->81332K(2025984K), 0.0173553 secs] [Times: user=0.13 sys=0.00, real=0.02 secs] 
2020-09-29T17:52:03.332+0200: 65.623: [GC (Allocation Failure) [PSYoungGen: 627492K->25604K(636416K)] 659380K->57492K(2034688K), 0.0093484 secs] [Times: user=0.00 sys=0.00, real=0.01 secs] 
2020-09-29T17:52:03.392+0200: 65.683: [GC (Allocation Failure) [PSYoungGen: 599556K->25060K(636416K)] 631444K->56948K(2034688K), 0.0095325 secs] [Times: user=0.13 sys=0.00, real=0.01 secs] 
2020-09-29T17:52:03.450+0200: 65.741: [GC (Allocation Failure) [PSYoungGen: 599012K->52197K(629760K)] 630900K->84085K(2028032K), 0.0176502 secs] [Times: user=0.13 sys=0.00, real=0.02 secs] 
2020-09-29T17:52:03.516+0200: 65.807: [GC (Allocation Failure) [PSYoungGen: 620005K->45701K(633344K)] 651893K->77589K(2031616K), 0.0154298 secs] [Times: user=0.13 sys=0.00, real=0.02 secs] 
2020-09-29T17:52:03.581+0200: 65.872: [GC (Allocation Failure) [PSYoungGen: 613509K->25637K(633856K)] 645397K->57525K(2032128K), 0.0093521 secs] [Times: user=0.00 sys=0.02, real=0.01 secs] 
2020-09-29T17:52:03.641+0200: 65.932: [GC (Allocation Failure) [PSYoungGen: 593957K->32260K(633344K)] 625845K->64148K(2031616K), 0.0135069 secs] [Times: user=0.11 sys=0.00, real=0.01 secs] 
2020-09-29T17:52:03.704+0200: 65.994: [GC (Allocation Failure) [PSYoungGen: 600580K->23267K(636416K)] 632468K->55155K(2034688K), 0.0095547 secs] [Times: user=0.13 sys=0.00, real=0.01 secs] 
2020-09-29T17:52:03.763+0200: 66.054: [GC (Allocation Failure) [PSYoungGen: 596707K->36133K(635904K)] 628595K->68021K(2034176K), 0.0126564 secs] [Times: user=0.13 sys=0.00, real=0.01 secs] 
2020-09-29T17:52:03.825+0200: 66.116: [GC (Allocation Failure) [PSYoungGen: 609573K->34596K(641024K)] 641461K->66484K(2039296K), 0.0131301 secs] [Times: user=0.13 sys=0.00, real=0.02 secs] 
2020-09-29T17:52:03.905+0200: 66.196: [GC (Allocation Failure) [PSYoungGen: 615204K->40068K(638464K)] 647092K->71956K(2036736K), 0.0142514 secs] [Times: user=0.13 sys=0.00, real=0.01 secs] 
2020-09-29T17:52:03.972+0200: 66.263: [GC (Allocation Failure) [PSYoungGen: 620676K->32741K(643072K)] 652564K->64629K(2041344K), 0.0116986 secs] [Times: user=0.08 sys=0.00, real=0.01 secs] 
2020-09-29T17:52:04.034+0200: 66.325: [GC (Allocation Failure) [PSYoungGen: 618469K->14019K(641536K)] 650357K->45907K(2039808K), 0.0055011 secs] [Times: user=0.13 sys=0.00, real=0.01 secs] 
2020-09-29T17:52:04.090+0200: 66.381: [GC (Allocation Failure) [PSYoungGen: 599747K->39109K(641536K)] 631635K->70997K(2039808K), 0.0136617 secs] [Times: user=0.13 sys=0.00, real=0.01 secs] 
2020-09-29T17:52:04.155+0200: 66.445: [GC (Allocation Failure) [PSYoungGen: 623301K->49093K(633344K)] 655189K->80981K(2031616K), 0.0171065 secs] [Times: user=0.11 sys=0.00, real=0.02 secs] 
2020-09-29T17:52:04.221+0200: 66.512: [GC (Allocation Failure) [PSYoungGen: 633285K->45285K(635392K)] 665173K->77173K(2033664K), 0.0167091 secs] [Times: user=0.13 sys=0.00, real=0.02 secs] 
2020-09-29T17:52:04.287+0200: 66.578: [GC (Allocation Failure) [PSYoungGen: 620261K->17636K(592896K)] 652149K->49524K(1991168K), 0.0069984 secs] [Times: user=0.00 sys=0.00, real=0.01 secs] 
2020-09-29T17:52:04.344+0200: 66.635: [GC (Allocation Failure) [PSYoungGen: 592612K->45797K(633344K)] 624500K->77685K(2031616K), 0.0162420 secs] [Times: user=0.13 sys=0.00, real=0.02 secs] 
2020-09-29T17:52:04.410+0200: 66.701: [GC (Allocation Failure) [PSYoungGen: 616677K->28709K(634880K)] 648565K->60597K(2033152K), 0.0097399 secs] [Times: user=0.00 sys=0.00, real=0.01 secs] 
2020-09-29T17:52:04.468+0200: 66.759: [GC (Allocation Failure) [PSYoungGen: 599589K->52741K(628736K)] 631477K->84629K(2027008K), 0.0172401 secs] [Times: user=0.13 sys=0.00, real=0.02 secs] 
2020-09-29T17:52:04.534+0200: 66.825: [GC (Allocation Failure) [PSYoungGen: 619525K->45285K(612352K)] 651413K->77173K(2010624K), 0.0152448 secs] [Times: user=0.13 sys=0.00, real=0.02 secs] 
2020-09-29T17:52:04.599+0200: 66.890: [GC (Allocation Failure) [PSYoungGen: 612069K->37316K(635392K)] 643957K->69204K(2033664K), 0.0157308 secs] [Times: user=0.11 sys=0.00, real=0.02 secs] 
2020-09-29T17:52:04.664+0200: 66.955: [GC (Allocation Failure) [PSYoungGen: 606148K->15779K(632320K)] 638036K->47667K(2030592K), 0.0064899 secs] [Times: user=0.00 sys=0.00, real=0.01 secs] 
2020-09-29T17:52:04.721+0200: 67.012: [GC (Allocation Failure) [PSYoungGen: 584611K->19268K(634368K)] 616499K->51156K(2032640K), 0.0086987 secs] [Times: user=0.11 sys=0.00, real=0.01 secs] 
2020-09-29T17:52:04.782+0200: 67.073: [GC (Allocation Failure) [PSYoungGen: 589124K->42309K(634368K)] 621012K->74197K(2032640K), 0.0197816 secs] [Times: user=0.22 sys=0.00, real=0.02 secs] 
2020-09-29T17:52:04.854+0200: 67.145: [GC (Allocation Failure) [PSYoungGen: 612165K->23140K(635392K)] 644053K->55028K(2033664K), 0.0111449 secs] [Times: user=0.13 sys=0.00, real=0.01 secs] 
2020-09-29T17:52:04.916+0200: 67.207: [GC (Allocation Failure) [PSYoungGen: 594020K->33444K(634368K)] 625908K->65332K(2032640K), 0.0120603 secs] [Times: user=0.13 sys=0.00, real=0.01 secs] 
2020-09-29T17:52:04.977+0200: 67.268: [GC (Allocation Failure) [PSYoungGen: 604324K->29861K(640512K)] 636212K->61749K(2038784K), 0.0111090 secs] [Times: user=0.00 sys=0.00, real=0.01 secs] 
2020-09-29T17:52:05.038+0200: 67.329: [GC (Allocation Failure) [PSYoungGen: 609957K->35236K(638464K)] 641845K->67124K(2036736K), 0.0129463 secs] [Times: user=0.13 sys=0.00, real=0.01 secs] 
2020-09-29T17:52:05.101+0200: 67.392: [GC (Allocation Failure) [PSYoungGen: 615332K->41028K(641024K)] 647220K->72916K(2039296K), 0.0147347 secs] [Times: user=0.13 sys=0.00, real=0.01 secs] 
2020-09-29T17:52:05.166+0200: 67.457: [GC (Allocation Failure) [PSYoungGen: 625220K->37317K(641536K)] 657108K->69205K(2039808K), 0.0123461 secs] [Times: user=0.13 sys=0.00, real=0.01 secs] 
2020-09-29T17:52:05.231+0200: 67.521: [GC (Allocation Failure) [PSYoungGen: 621509K->33572K(644608K)] 653397K->65460K(2042880K), 0.0127757 secs] [Times: user=0.13 sys=0.00, real=0.01 secs] 
2020-09-29T17:52:05.294+0200: 67.584: [GC (Allocation Failure) [PSYoungGen: 621860K->33027K(642560K)] 653748K->64915K(2040832K), 0.0129778 secs] [Times: user=0.13 sys=0.00, real=0.01 secs] 
2020-09-29T17:52:05.357+0200: 67.647: [GC (Allocation Failure) [PSYoungGen: 621315K->31173K(647680K)] 653203K->63061K(2045952K), 0.0110181 secs] [Times: user=0.13 sys=0.00, real=0.01 secs] 
2020-09-29T17:52:05.420+0200: 67.710: [GC (Allocation Failure) [PSYoungGen: 626629K->38821K(646656K)] 658517K->70709K(2044928K), 0.0134555 secs] [Times: user=0.13 sys=0.00, real=0.01 secs] 
2020-09-29T17:52:05.485+0200: 67.775: [GC (Allocation Failure) [PSYoungGen: 634277K->32645K(648704K)] 666165K->64533K(2046976K), 0.0119899 secs] [Times: user=0.13 sys=0.00, real=0.01 secs] 
2020-09-29T17:52:05.547+0200: 67.837: [GC (Allocation Failure) [PSYoungGen: 630149K->28229K(647680K)] 662037K->60117K(2045952K), 0.0102638 secs] [Times: user=0.13 sys=0.00, real=0.01 secs] 
2020-09-29T17:52:05.611+0200: 67.901: [GC (Allocation Failure) [PSYoungGen: 625733K->49125K(639488K)] 657621K->83341K(2037760K), 0.0211923 secs] [Times: user=0.22 sys=0.00, real=0.02 secs] 
2020-09-29T17:52:05.683+0200: 67.973: [GC (Allocation Failure) [PSYoungGen: 639461K->40005K(644608K)] 673677K->74221K(2042880K), 0.0139672 secs] [Times: user=0.13 sys=0.00, real=0.01 secs] 
2020-09-29T17:52:05.748+0200: 68.037: [GC (Allocation Failure) [PSYoungGen: 630341K->40676K(644608K)] 664557K->74892K(2042880K), 0.0146597 secs] [Times: user=0.13 sys=0.00, real=0.01 secs] 
2020-09-29T17:52:05.812+0200: 68.102: [GC (Allocation Failure) [PSYoungGen: 631012K->25507K(644608K)] 665228K->59723K(2042880K), 0.0105884 secs] [Times: user=0.13 sys=0.00, real=0.01 secs] 
2020-09-29T17:52:05.873+0200: 68.163: [GC (Allocation Failure) [PSYoungGen: 615843K->12930K(640512K)] 650059K->47146K(2038784K), 0.0063249 secs] [Times: user=0.01 sys=0.02, real=0.01 secs] 
2020-09-29T17:52:05.930+0200: 68.220: [GC (Allocation Failure) [PSYoungGen: 599170K->37636K(642560K)] 633386K->71852K(2040832K), 0.0139757 secs] [Times: user=0.13 sys=0.00, real=0.01 secs] 
2020-09-29T17:52:05.994+0200: 68.284: [GC (Allocation Failure) [PSYoungGen: 623876K->49669K(635904K)] 658092K->83885K(2034176K), 0.0170460 secs] [Times: user=0.13 sys=0.00, real=0.02 secs] 
2020-09-29T17:52:06.061+0200: 68.351: [GC (Allocation Failure) [PSYoungGen: 629765K->25635K(639488K)] 663981K->59851K(2037760K), 0.0101787 secs] [Times: user=0.13 sys=0.00, real=0.01 secs] 
2020-09-29T17:52:06.121+0200: 68.411: [GC (Allocation Failure) [PSYoungGen: 605731K->31397K(642048K)] 639947K->65613K(2040320K), 0.0112206 secs] [Times: user=0.13 sys=0.00, real=0.01 secs] 
2020-09-29T17:52:06.182+0200: 68.472: [GC (Allocation Failure) [PSYoungGen: 614565K->40325K(640000K)] 648781K->74541K(2038272K), 0.0133113 secs] [Times: user=0.13 sys=0.00, real=0.01 secs] 
2020-09-29T17:52:06.246+0200: 68.536: [GC (Allocation Failure) [PSYoungGen: 623493K->35269K(644096K)] 657709K->69485K(2042368K), 0.0117890 secs] [Times: user=0.13 sys=0.00, real=0.01 secs] 
2020-09-29T17:52:06.308+0200: 68.598: [GC (Allocation Failure) [PSYoungGen: 622533K->32964K(642048K)] 656749K->67180K(2040320K), 0.0117602 secs] [Times: user=0.13 sys=0.00, real=0.01 secs] 
2020-09-29T17:52:06.371+0200: 68.661: [GC (Allocation Failure) [PSYoungGen: 620228K->30757K(647168K)] 654444K->64973K(2045440K), 0.0109078 secs] [Times: user=0.13 sys=0.00, real=0.01 secs] 
2020-09-29T17:52:06.432+0200: 68.722: [GC (Allocation Failure) [PSYoungGen: 624677K->35172K(645632K)] 658893K->69388K(2043904K), 0.0124720 secs] [Times: user=0.13 sys=0.00, real=0.01 secs] 
2020-09-29T17:52:06.497+0200: 68.787: [GC (Allocation Failure) [PSYoungGen: 629092K->41253K(646144K)] 663308K->75469K(2044416K), 0.0142242 secs] [Times: user=0.13 sys=0.00, real=0.01 secs] 
2020-09-29T17:52:06.561+0200: 68.851: [GC (Allocation Failure) [PSYoungGen: 636709K->31747K(647168K)] 670925K->65963K(2045440K), 0.0120799 secs] [Times: user=0.13 sys=0.00, real=0.01 secs] 
2020-09-29T17:52:06.627+0200: 68.917: [GC (Allocation Failure) [PSYoungGen: 627203K->39333K(648192K)] 661419K->73549K(2046464K), 0.0146977 secs] [Times: user=0.11 sys=0.00, real=0.01 secs] 
2020-09-29T17:52:06.692+0200: 68.983: [GC (Allocation Failure) [PSYoungGen: 636837K->33604K(648192K)] 671053K->67820K(2046464K), 0.0125400 secs] [Times: user=0.02 sys=0.02, real=0.01 secs] 
2020-09-29T17:52:06.756+0200: 69.046: [GC (Allocation Failure) [PSYoungGen: 631108K->43173K(645632K)] 665324K->77389K(2043904K), 0.0145842 secs] [Times: user=0.13 sys=0.00, real=0.01 secs] 
2020-09-29T17:52:06.822+0200: 69.112: [GC (Allocation Failure) [PSYoungGen: 639653K->22532K(619520K)] 673869K->56748K(2017792K), 0.0082547 secs] [Times: user=0.00 sys=0.00, real=0.01 secs] 
2020-09-29T17:52:06.881+0200: 69.171: [GC (Allocation Failure) [PSYoungGen: 619012K->29925K(648192K)] 653228K->64141K(2046464K), 0.0104143 secs] [Times: user=0.00 sys=0.00, real=0.01 secs] 
2020-09-29T17:52:06.943+0200: 69.233: [GC (Allocation Failure) [PSYoungGen: 626405K->24580K(647168K)] 660621K->58796K(2045440K), 0.0088543 secs] [Times: user=0.00 sys=0.00, real=0.01 secs] 
2020-09-29T17:52:07.006+0200: 69.296: [GC (Allocation Failure) [PSYoungGen: 621060K->33125K(649728K)] 655276K->67341K(2048000K), 0.0134709 secs] [Times: user=0.00 sys=0.00, real=0.01 secs] 
2020-09-29T17:52:07.074+0200: 69.364: [GC (Allocation Failure) [PSYoungGen: 632165K->42212K(648192K)] 666381K->76428K(2046464K), 0.0161866 secs] [Times: user=0.13 sys=0.00, real=0.02 secs] 
2020-09-29T17:52:07.145+0200: 69.435: [GC (Allocation Failure) [PSYoungGen: 641252K->39300K(647168K)] 675468K->73516K(2045440K), 0.0151996 secs] [Times: user=0.11 sys=0.00, real=0.02 secs] 
2020-09-29T17:52:07.211+0200: 69.501: [GC (Allocation Failure) [PSYoungGen: 635780K->34149K(647680K)] 669996K->68365K(2045952K), 0.0110476 secs] [Times: user=0.00 sys=0.00, real=0.01 secs] 
2020-09-29T17:52:07.275+0200: 69.565: [GC (Allocation Failure) [PSYoungGen: 630629K->26340K(649216K)] 664845K->60556K(2047488K), 0.0102899 secs] [Times: user=0.00 sys=0.00, real=0.01 secs] 
2020-09-29T17:52:07.336+0200: 69.626: [GC (Allocation Failure) [PSYoungGen: 625892K->38053K(649216K)] 660108K->72269K(2047488K), 0.0129254 secs] [Times: user=0.13 sys=0.00, real=0.01 secs] 
2020-09-29T17:52:07.400+0200: 69.690: [GC (Allocation Failure) [PSYoungGen: 637605K->21187K(648192K)] 671821K->55403K(2046464K), 0.0086390 secs] [Times: user=0.00 sys=0.00, real=0.01 secs] 
2020-09-29T17:52:07.459+0200: 69.749: [GC (Allocation Failure) [PSYoungGen: 619715K->30596K(648704K)] 653931K->64812K(2046976K), 0.0116048 secs] [Times: user=0.00 sys=0.00, real=0.01 secs] 
2020-09-29T17:52:07.522+0200: 69.812: [GC (Allocation Failure) [PSYoungGen: 629124K->41253K(646144K)] 663340K->75469K(2044416K), 0.0142329 secs] [Times: user=0.13 sys=0.00, real=0.01 secs] 
2020-09-29T17:52:07.589+0200: 69.879: [GC (Allocation Failure) [PSYoungGen: 638757K->50661K(648192K)] 672973K->84957K(2046464K), 0.0183866 secs] [Times: user=0.11 sys=0.00, real=0.02 secs] 
2020-09-29T17:52:07.660+0200: 69.950: [GC (Allocation Failure) [PSYoungGen: 648165K->32035K(642048K)] 682461K->66331K(2040320K), 0.0124645 secs] [Times: user=0.13 sys=0.00, real=0.01 secs] 
2020-09-29T17:52:07.723+0200: 70.013: [GC (Allocation Failure) [PSYoungGen: 623395K->34916K(645120K)] 657691K->69212K(2043392K), 0.0129896 secs] [Times: user=0.13 sys=0.00, real=0.01 secs] 
2020-09-29T17:52:07.787+0200: 70.077: [GC (Allocation Failure) [PSYoungGen: 626276K->38341K(647168K)] 660572K->72637K(2045440K), 0.0131589 secs] [Times: user=0.00 sys=0.00, real=0.01 secs] 
2020-09-29T17:52:07.852+0200: 70.142: [GC (Allocation Failure) [PSYoungGen: 633797K->45989K(641536K)] 668093K->80285K(2039808K), 0.0154834 secs] [Times: user=0.13 sys=0.00, real=0.02 secs] 
2020-09-29T17:52:07.918+0200: 70.208: [GC (Allocation Failure) [PSYoungGen: 641445K->37829K(646144K)] 675741K->72125K(2044416K), 0.0138130 secs] [Times: user=0.13 sys=0.00, real=0.02 secs] 
2020-09-29T17:52:07.996+0200: 70.287: [GC (Allocation Failure) [PSYoungGen: 630213K->28613K(645120K)] 664509K->62909K(2043392K), 0.0112640 secs] [Times: user=0.13 sys=0.00, real=0.01 secs] 
2020-09-29T17:52:08.065+0200: 70.355: [GC (Allocation Failure) [PSYoungGen: 620997K->30691K(647168K)] 655293K->64987K(2045440K), 0.0122270 secs] [Times: user=0.13 sys=0.00, real=0.01 secs] 
2020-09-29T17:52:08.128+0200: 70.419: [GC (Allocation Failure) [PSYoungGen: 625635K->23427K(646656K)] 659931K->57723K(2044928K), 0.0102760 secs] [Times: user=0.13 sys=0.00, real=0.01 secs] 
2020-09-29T17:52:08.198+0200: 70.488: [GC (Allocation Failure) [PSYoungGen: 618371K->44229K(642560K)] 652667K->78525K(2040832K), 0.0145457 secs] [Times: user=0.13 sys=0.00, real=0.01 secs] 
2020-09-29T17:52:08.263+0200: 70.553: [GC (Allocation Failure) [PSYoungGen: 634565K->32901K(644608K)] 668861K->67197K(2042880K), 0.0112922 secs] [Times: user=0.13 sys=0.00, real=0.01 secs] 
2020-09-29T17:52:08.326+0200: 70.616: [GC (Allocation Failure) [PSYoungGen: 623237K->34148K(648192K)] 657533K->68444K(2046464K), 0.0126045 secs] [Times: user=0.13 sys=0.00, real=0.01 secs] 
2020-09-29T17:52:08.389+0200: 70.679: [GC (Allocation Failure) [PSYoungGen: 629604K->27268K(646144K)] 663900K->61564K(2044416K), 0.0106711 secs] [Times: user=0.13 sys=0.00, real=0.01 secs] 
2020-09-29T17:52:08.451+0200: 70.741: [GC (Allocation Failure) [PSYoungGen: 622724K->48485K(641024K)] 657020K->82781K(2039296K), 0.0163302 secs] [Times: user=0.13 sys=0.00, real=0.02 secs] 
2020-09-29T17:52:08.518+0200: 70.808: [GC (Allocation Failure) [PSYoungGen: 638821K->50917K(641536K)] 673117K->85213K(2039808K), 0.0169664 secs] [Times: user=0.13 sys=0.00, real=0.02 secs] 
2020-09-29T17:52:08.586+0200: 70.876: [GC (Allocation Failure) [PSYoungGen: 641253K->53349K(632320K)] 675549K->87645K(2030592K), 0.0194134 secs] [Times: user=0.11 sys=0.00, real=0.02 secs] 
2020-09-29T17:52:08.657+0200: 70.947: [GC (Allocation Failure) [PSYoungGen: 628325K->25860K(636928K)] 662621K->60156K(2035200K), 0.0102141 secs] [Times: user=0.13 sys=0.00, real=0.01 secs] 
2020-09-29T17:52:08.716+0200: 71.006: [GC (Allocation Failure) [PSYoungGen: 600836K->40293K(638464K)] 635132K->74589K(2036736K), 0.0138736 secs] [Times: user=0.13 sys=0.00, real=0.01 secs] 
2020-09-29T17:52:08.779+0200: 71.069: [GC (Allocation Failure) [PSYoungGen: 616805K->42565K(636928K)] 651101K->76861K(2035200K), 0.0144013 secs] [Times: user=0.11 sys=0.00, real=0.01 secs] 
2020-09-29T17:52:08.843+0200: 71.133: [GC (Allocation Failure) [PSYoungGen: 619077K->44837K(638464K)] 653373K->79133K(2036736K), 0.0154570 secs] [Times: user=0.13 sys=0.00, real=0.02 secs] 
2020-09-29T17:52:08.908+0200: 71.198: [GC (Allocation Failure) [PSYoungGen: 622885K->48709K(627200K)] 657181K->83005K(2025472K), 0.0163846 secs] [Times: user=0.13 sys=0.00, real=0.02 secs] 
2020-09-29T17:52:08.974+0200: 71.264: [GC (Allocation Failure) [PSYoungGen: 626757K->24868K(635904K)] 661053K->59164K(2034176K), 0.0092912 secs] [Times: user=0.00 sys=0.00, real=0.01 secs] 
2020-09-29T17:52:09.032+0200: 71.322: [GC (Allocation Failure) [PSYoungGen: 598820K->37444K(636416K)] 633116K->71740K(2034688K), 0.0135703 secs] [Times: user=0.13 sys=0.00, real=0.01 secs] 
2020-09-29T17:52:09.095+0200: 71.385: [GC (Allocation Failure) [PSYoungGen: 611396K->36484K(640512K)] 645692K->70780K(2038784K), 0.0131595 secs] [Times: user=0.13 sys=0.00, real=0.01 secs] 
2020-09-29T17:52:09.158+0200: 71.448: [GC (Allocation Failure) [PSYoungGen: 617092K->42917K(638976K)] 651388K->77213K(2037248K), 0.0143965 secs] [Times: user=0.13 sys=0.00, real=0.02 secs] 
2020-09-29T17:52:09.223+0200: 71.513: [GC (Allocation Failure) [PSYoungGen: 623525K->34820K(642048K)] 657821K->69116K(2040320K), 0.0126976 secs] [Times: user=0.13 sys=0.00, real=0.01 secs] 
2020-09-29T17:52:09.285+0200: 71.575: [GC (Allocation Failure) [PSYoungGen: 619012K->13125K(597504K)] 653308K->47421K(1995776K), 0.0043233 secs] [Times: user=0.11 sys=0.00, real=0.00 secs] 
2020-09-29T17:52:09.342+0200: 71.632: [GC (Allocation Failure) [PSYoungGen: 597317K->21604K(639488K)] 631613K->55900K(2037760K), 0.0093194 secs] [Times: user=0.13 sys=0.00, real=0.01 secs] 
2020-09-29T17:52:09.401+0200: 71.692: [GC (Allocation Failure) [PSYoungGen: 601700K->26019K(639488K)] 635996K->60315K(2037760K), 0.0101229 secs] [Times: user=0.13 sys=0.00, real=0.01 secs] 
2020-09-29T17:52:09.461+0200: 71.751: [GC (Allocation Failure) [PSYoungGen: 606115K->31748K(643072K)] 640411K->66044K(2041344K), 0.0116464 secs] [Times: user=0.00 sys=0.00, real=0.01 secs] 
2020-09-29T17:52:09.522+0200: 71.813: [GC (Allocation Failure) [PSYoungGen: 616452K->25988K(640512K)] 650748K->60284K(2038784K), 0.0099569 secs] [Times: user=0.00 sys=0.00, real=0.01 secs] 
2020-09-29T17:52:09.583+0200: 71.873: [GC (Allocation Failure) [PSYoungGen: 610692K->19810K(644096K)] 644988K->54106K(2042368K), 0.0091820 secs] [Times: user=0.00 sys=0.00, real=0.01 secs] 
2020-09-29T17:52:09.645+0200: 71.935: [GC (Allocation Failure) [PSYoungGen: 609122K->34917K(644096K)] 643418K->69213K(2042368K), 0.0122361 secs] [Times: user=0.00 sys=0.00, real=0.01 secs] 
2020-09-29T17:52:09.708+0200: 71.998: [GC (Allocation Failure) [PSYoungGen: 624229K->34692K(646144K)] 658525K->68988K(2044416K), 0.0129288 secs] [Times: user=0.00 sys=0.00, real=0.01 secs] 
2020-09-29T17:52:09.773+0200: 72.063: [GC (Allocation Failure) [PSYoungGen: 627076K->25445K(645120K)] 661372K->59741K(2043392K), 0.0096720 secs] [Times: user=0.00 sys=0.00, real=0.01 secs] 
2020-09-29T17:52:09.833+0200: 72.124: [GC (Allocation Failure) [PSYoungGen: 617829K->43685K(642048K)] 652125K->77981K(2040320K), 0.0150270 secs] [Times: user=0.02 sys=0.00, real=0.02 secs] 
2020-09-29T17:52:09.899+0200: 72.189: [GC (Allocation Failure) [PSYoungGen: 634021K->46117K(636928K)] 668317K->80413K(2035200K), 0.0158684 secs] [Times: user=0.13 sys=0.00, real=0.02 secs] 
2020-09-29T17:52:09.965+0200: 72.256: [GC (Allocation Failure) [PSYoungGen: 636453K->34789K(643584K)] 670749K->69085K(2041856K), 0.0122323 secs] [Times: user=0.13 sys=0.00, real=0.01 secs] 
2020-09-29T17:52:10.032+0200: 72.322: [GC (Allocation Failure) [PSYoungGen: 621029K->33060K(641536K)] 655325K->67356K(2039808K), 0.0124694 secs] [Times: user=0.11 sys=0.00, real=0.01 secs] 
2020-09-29T17:52:10.095+0200: 72.385: [GC (Allocation Failure) [PSYoungGen: 619300K->44421K(641536K)] 653596K->78717K(2039808K), 0.0155369 secs] [Times: user=0.13 sys=0.00, real=0.02 secs] 
2020-09-29T17:52:10.161+0200: 72.451: [GC (Allocation Failure) [PSYoungGen: 632709K->30116K(643584K)] 667005K->64412K(2041856K), 0.0109042 secs] [Times: user=0.00 sys=0.00, real=0.01 secs] 
2020-09-29T17:52:10.223+0200: 72.513: [GC (Allocation Failure) [PSYoungGen: 618404K->27075K(645632K)] 652700K->61371K(2043904K), 0.0103075 secs] [Times: user=0.13 sys=0.00, real=0.01 secs] 
2020-09-29T17:52:10.284+0200: 72.574: [GC (Allocation Failure) [PSYoungGen: 618435K->29956K(644608K)] 652731K->64252K(2042880K), 0.0109034 secs] [Times: user=0.11 sys=0.00, real=0.01 secs] 
2020-09-29T17:52:10.346+0200: 72.636: [GC (Allocation Failure) [PSYoungGen: 621316K->19621K(645632K)] 655612K->53917K(2043904K), 0.0071454 secs] [Times: user=0.13 sys=0.00, real=0.01 secs] 
2020-09-29T17:52:10.405+0200: 72.695: [GC (Allocation Failure) [PSYoungGen: 613029K->38789K(632320K)] 647325K->73085K(2030592K), 0.0142455 secs] [Times: user=0.13 sys=0.00, real=0.01 secs] 
2020-09-29T17:52:10.470+0200: 72.760: [GC (Allocation Failure) [PSYoungGen: 632197K->44325K(641536K)] 666493K->78621K(2039808K), 0.0152250 secs] [Times: user=0.13 sys=0.00, real=0.01 secs] 
2020-09-29T17:52:10.536+0200: 72.826: [GC (Allocation Failure) [PSYoungGen: 632613K->44677K(633344K)] 666909K->78973K(2031616K), 0.0153516 secs] [Times: user=0.02 sys=0.00, real=0.02 secs] 
2020-09-29T17:52:10.604+0200: 72.894: [GC (Allocation Failure) [PSYoungGen: 632965K->45029K(638464K)] 667261K->79325K(2036736K), 0.0162050 secs] [Times: user=0.11 sys=0.00, real=0.02 secs] 
2020-09-29T17:52:10.671+0200: 72.961: [GC (Allocation Failure) [PSYoungGen: 626149K->38277K(640000K)] 660445K->72573K(2038272K), 0.0132244 secs] [Times: user=0.11 sys=0.00, real=0.01 secs] 
2020-09-29T17:52:10.733+0200: 73.024: [GC (Allocation Failure) [PSYoungGen: 619397K->29443K(642560K)] 653693K->63739K(2040832K), 0.0117420 secs] [Times: user=0.13 sys=0.00, real=0.01 secs] 
2020-09-29T17:52:10.796+0200: 73.086: [GC (Allocation Failure) [PSYoungGen: 614659K->38533K(641536K)] 648955K->72829K(2039808K), 0.0134895 secs] [Times: user=0.13 sys=0.00, real=0.01 secs] 
2020-09-29T17:52:10.861+0200: 73.151: [GC (Allocation Failure) [PSYoungGen: 623749K->35749K(645120K)] 658045K->70045K(2043392K), 0.0124747 secs] [Times: user=0.13 sys=0.00, real=0.01 secs] 
2020-09-29T17:52:10.924+0200: 73.214: [GC (Allocation Failure) [PSYoungGen: 625573K->35364K(643584K)] 659869K->69660K(2041856K), 0.0122131 secs] [Times: user=0.13 sys=0.00, real=0.01 secs] 
2020-09-29T17:52:10.986+0200: 73.277: [GC (Allocation Failure) [PSYoungGen: 625188K->50949K(638976K)] 659484K->85245K(2037248K), 0.0172272 secs] [Times: user=0.13 sys=0.00, real=0.02 secs] 
2020-09-29T17:52:11.054+0200: 73.344: [GC (Allocation Failure) [PSYoungGen: 638213K->20740K(608256K)] 672509K->55036K(2006528K), 0.0078845 secs] [Times: user=0.00 sys=0.00, real=0.01 secs] 
2020-09-29T17:52:11.112+0200: 73.402: [GC (Allocation Failure) [PSYoungGen: 608004K->33828K(643584K)] 642300K->68124K(2041856K), 0.0126409 secs] [Times: user=0.13 sys=0.00, real=0.01 secs] 
2020-09-29T17:52:11.176+0200: 73.466: [GC (Allocation Failure) [PSYoungGen: 620580K->32453K(642048K)] 654876K->66749K(2040320K), 0.0122977 secs] [Times: user=0.13 sys=0.00, real=0.01 secs] 
2020-09-29T17:52:11.238+0200: 73.528: [GC (Allocation Failure) [PSYoungGen: 619205K->31204K(646144K)] 653501K->65500K(2044416K), 0.0114594 secs] [Times: user=0.13 sys=0.00, real=0.01 secs] 
2020-09-29T17:52:11.300+0200: 73.591: [GC (Allocation Failure) [PSYoungGen: 623588K->33347K(645120K)] 657884K->67643K(2043392K), 0.0128112 secs] [Times: user=0.13 sys=0.00, real=0.01 secs] 
2020-09-29T17:52:11.364+0200: 73.654: [GC (Allocation Failure) [PSYoungGen: 625731K->35908K(649216K)] 660027K->70204K(2047488K), 0.0131296 secs] [Times: user=0.00 sys=0.00, real=0.01 secs] 
2020-09-29T17:52:11.430+0200: 73.720: [GC (Allocation Failure) [PSYoungGen: 633924K->17826K(647680K)] 668220K->52122K(2045952K), 0.0091542 secs] [Times: user=0.00 sys=0.00, real=0.01 secs] 
2020-09-29T17:52:11.490+0200: 73.780: [GC (Allocation Failure) [PSYoungGen: 615842K->26595K(648192K)] 650138K->60891K(2046464K), 0.0110175 secs] [Times: user=0.00 sys=0.00, real=0.01 secs] 
2020-09-29T17:52:11.552+0200: 73.843: [GC (Allocation Failure) [PSYoungGen: 623587K->33412K(647680K)] 657883K->67708K(2045952K), 0.0121533 secs] [Times: user=0.00 sys=0.00, real=0.01 secs] 
2020-09-29T17:52:11.618+0200: 73.908: [GC (Allocation Failure) [PSYoungGen: 630404K->42437K(645632K)] 664700K->76733K(2043904K), 0.0155987 secs] [Times: user=0.06 sys=0.00, real=0.01 secs] 
2020-09-29T17:52:11.684+0200: 73.974: [GC (Allocation Failure) [PSYoungGen: 638917K->36964K(647680K)] 673213K->71260K(2045952K), 0.0135431 secs] [Times: user=0.13 sys=0.00, real=0.01 secs] 
2020-09-29T17:52:11.749+0200: 74.039: [GC (Allocation Failure) [PSYoungGen: 633444K->31012K(649216K)] 667740K->65308K(2047488K), 0.0111878 secs] [Times: user=0.13 sys=0.00, real=0.01 secs] 
2020-09-29T17:52:11.810+0200: 74.100: [GC (Allocation Failure) [PSYoungGen: 629540K->27908K(648192K)] 663836K->62204K(2046464K), 0.0104395 secs] [Times: user=0.13 sys=0.00, real=0.01 secs] 
2020-09-29T17:52:11.870+0200: 74.160: [GC (Allocation Failure) [PSYoungGen: 626436K->24707K(650240K)] 660732K->59003K(2048512K), 0.0099443 secs] [Times: user=0.13 sys=0.00, real=0.01 secs] 
2020-09-29T17:52:11.930+0200: 74.220: [GC (Allocation Failure) [PSYoungGen: 625795K->37860K(649728K)] 660091K->72156K(2048000K), 0.0140365 secs] [Times: user=0.13 sys=0.00, real=0.01 secs] 
2020-09-29T17:52:11.994+0200: 74.284: [GC (Allocation Failure) [PSYoungGen: 638948K->37123K(649728K)] 673244K->71419K(2048000K), 0.0141536 secs] [Times: user=0.13 sys=0.00, real=0.01 secs] 
2020-09-29T17:52:12.058+0200: 74.349: [GC (Allocation Failure) [PSYoungGen: 637699K->36068K(649728K)] 671995K->70364K(2048000K), 0.0127833 secs] [Times: user=0.13 sys=0.00, real=0.01 secs] 
2020-09-29T17:52:12.121+0200: 74.412: [GC (Allocation Failure) [PSYoungGen: 636644K->35076K(651264K)] 670940K->69372K(2049536K), 0.0128756 secs] [Times: user=0.13 sys=0.00, real=0.01 secs] 
2020-09-29T17:52:12.183+0200: 74.474: [GC (Allocation Failure) [PSYoungGen: 637700K->36100K(650240K)] 671996K->70396K(2048512K), 0.0127014 secs] [Times: user=0.13 sys=0.00, real=0.01 secs] 
2020-09-29T17:52:12.248+0200: 74.539: [GC (Allocation Failure) [PSYoungGen: 638724K->21507K(649728K)] 673020K->55803K(2048000K), 0.0085691 secs] [Times: user=0.13 sys=0.00, real=0.01 secs] 
2020-09-29T17:52:12.307+0200: 74.597: [GC (Allocation Failure) [PSYoungGen: 624131K->36228K(650752K)] 658427K->70524K(2049024K), 0.0128648 secs] [Times: user=0.13 sys=0.00, real=0.01 secs] 
2020-09-29T17:52:12.370+0200: 74.660: [GC (Allocation Failure) [PSYoungGen: 638852K->37316K(650752K)] 673148K->71612K(2049024K), 0.0133631 secs] [Times: user=0.13 sys=0.00, real=0.01 secs] 
2020-09-29T17:52:12.433+0200: 74.724: [GC (Allocation Failure) [PSYoungGen: 639940K->22595K(625664K)] 674236K->56891K(2023936K), 0.0100153 secs] [Times: user=0.11 sys=0.00, real=0.01 secs] 
2020-09-29T17:52:12.493+0200: 74.784: [GC (Allocation Failure) [PSYoungGen: 625219K->20131K(649216K)] 659515K->54427K(2047488K), 0.0085564 secs] [Times: user=0.00 sys=0.00, real=0.01 secs] 
2020-09-29T17:52:12.551+0200: 74.841: [GC (Allocation Failure) [PSYoungGen: 620707K->16706K(617472K)] 655003K->51002K(2015744K), 0.0078683 secs] [Times: user=0.13 sys=0.00, real=0.01 secs] 
2020-09-29T17:52:12.609+0200: 74.900: [GC (Allocation Failure) [PSYoungGen: 617282K->15234K(648192K)] 651578K->49530K(2046464K), 0.0075444 secs] [Times: user=0.11 sys=0.00, real=0.01 secs] 
2020-09-29T17:52:12.665+0200: 74.955: [GC (Allocation Failure) [PSYoungGen: 613762K->25795K(648704K)] 648058K->60091K(2046976K), 0.0103971 secs] [Times: user=0.00 sys=0.00, real=0.01 secs] 
2020-09-29T17:52:12.723+0200: 75.014: [GC (Allocation Failure) [PSYoungGen: 624323K->9027K(648192K)] 658619K->43323K(2046464K), 0.0039456 secs] [Times: user=0.00 sys=0.00, real=0.00 secs] 
2020-09-29T17:52:12.776+0200: 75.066: [GC (Allocation Failure) [PSYoungGen: 608579K->20707K(649216K)] 642875K->55003K(2047488K), 0.0086115 secs] [Times: user=0.00 sys=0.00, real=0.01 secs] 
2020-09-29T17:52:12.842+0200: 75.132: [GC (Allocation Failure) [PSYoungGen: 620259K->16962K(651264K)] 654555K->51258K(2049536K), 0.0101664 secs] [Times: user=0.11 sys=0.00, real=0.01 secs] 
2020-09-29T17:52:12.912+0200: 75.202: [GC (Allocation Failure) [PSYoungGen: 620098K->18563K(650752K)] 654394K->52859K(2049024K), 0.0076201 secs] [Times: user=0.00 sys=0.00, real=0.01 secs] 
2020-09-29T17:52:12.971+0200: 75.261: [GC (Allocation Failure) [PSYoungGen: 621699K->18850K(653824K)] 655995K->53146K(2052096K), 0.0086000 secs] [Times: user=0.13 sys=0.00, real=0.01 secs] 
2020-09-29T17:52:13.029+0200: 75.319: [GC (Allocation Failure) [PSYoungGen: 626594K->10082K(652800K)] 660890K->44378K(2051072K), 0.0055652 secs] [Times: user=0.00 sys=0.00, real=0.01 secs] 
2020-09-29T17:52:13.086+0200: 75.377: [GC (Allocation Failure) [PSYoungGen: 617826K->29923K(652800K)] 652122K->64219K(2051072K), 0.0114740 secs] [Times: user=0.00 sys=0.00, real=0.01 secs] 
2020-09-29T17:52:13.145+0200: 75.436: [GC (Allocation Failure) [PSYoungGen: 637667K->22435K(653312K)] 671963K->56731K(2051584K), 0.0091401 secs] [Times: user=0.00 sys=0.00, real=0.01 secs] 
2020-09-29T17:52:13.203+0200: 75.494: [GC (Allocation Failure) [PSYoungGen: 630179K->28611K(655360K)] 664475K->62907K(2053632K), 0.0113140 secs] [Times: user=0.13 sys=0.00, real=0.01 secs] 
2020-09-29T17:52:13.264+0200: 75.554: [GC (Allocation Failure) [PSYoungGen: 640451K->25187K(655360K)] 674747K->59483K(2053632K), 0.0113860 secs] [Times: user=0.11 sys=0.00, real=0.01 secs] 
2020-09-29T17:52:13.324+0200: 75.615: [GC (Allocation Failure) [PSYoungGen: 637027K->6882K(655360K)] 671323K->41178K(2053632K), 0.0040294 secs] [Times: user=0.00 sys=0.00, real=0.00 secs] 
2020-09-29T17:52:13.376+0200: 75.666: [GC (Allocation Failure) [PSYoungGen: 619601K->2049K(615424K)] 653897K->36345K(2013696K), 0.0026357 secs] [Times: user=0.00 sys=0.00, real=0.00 secs] 
2020-09-29T17:52:13.429+0200: 75.719: [GC (Allocation Failure) [PSYoungGen: 614913K->12386K(655360K)] 649209K->46682K(2053632K), 0.0060238 secs] [Times: user=0.00 sys=0.00, real=0.01 secs] 
2020-09-29T17:52:13.488+0200: 75.778: [GC (Allocation Failure) [PSYoungGen: 623202K->21570K(654336K)] 657498K->55866K(2052608K), 0.0099325 secs] [Times: user=0.13 sys=0.00, real=0.01 secs] 
2020-09-29T17:52:13.548+0200: 75.839: [GC (Allocation Failure) [PSYoungGen: 631558K->64K(654848K)] 665854K->34360K(2053120K), 0.0008671 secs] [Times: user=0.00 sys=0.00, real=0.00 secs] 
2020-09-29T17:52:13.603+0200: 75.893: [GC (Allocation Failure) [PSYoungGen: 612928K->11394K(655872K)] 647224K->45690K(2054144K), 0.0062559 secs] [Times: user=0.00 sys=0.00, real=0.01 secs] 
2020-09-29T17:52:13.711+0200: 76.001: [GC (Allocation Failure) [PSYoungGen: 624258K->6017K(657920K)] 658554K->40313K(2056192K), 0.0042336 secs] [Times: user=0.00 sys=0.00, real=0.00 secs] 
2020-09-29T17:52:13.809+0200: 76.100: [GC (Allocation Failure) [PSYoungGen: 622465K->7041K(657408K)] 656761K->41337K(2055680K), 0.0048908 secs] [Times: user=0.00 sys=0.00, real=0.00 secs] 
2020-09-29T17:52:13.909+0200: 76.199: [GC (Allocation Failure) [PSYoungGen: 623489K->8289K(660480K)] 657785K->42585K(2058752K), 0.0053698 secs] [Times: user=0.13 sys=0.00, real=0.01 secs] 
Heap
 PSYoungGen      total 660480K, used 327093K [0x00000000d5580000, 0x0000000100000000, 0x0000000100000000)
  eden space 620544K, 51% used [0x00000000d5580000,0x00000000e8cd5130,0x00000000fb380000)
  from space 39936K, 20% used [0x00000000fd900000,0x00000000fe118490,0x0000000100000000)
  to   space 38400K, 0% used [0x00000000fb380000,0x00000000fb380000,0x00000000fd900000)
 ParOldGen       total 1398272K, used 34296K [0x0000000080000000, 0x00000000d5580000, 0x00000000d5580000)
  object space 1398272K, 2% used [0x0000000080000000,0x000000008217e050,0x00000000d5580000)
 Metaspace       used 2594K, capacity 4486K, committed 4864K, reserved 1056768K
  class space    used 285K, capacity 386K, committed 512K, reserved 1048576K
