Java HotSpot(TM) 64-Bit Server VM (25.261-b12) for windows-amd64 JRE (1.8.0_261-b12), built on Jun 18 2020 06:56:32 by "" with unknown MS VC++:1916
Memory: 4k page, physical 16659684k(9567220k free), swap 23213284k(9209040k free)
CommandLine flags: -XX:InitialHeapSize=2147483648 -XX:MaxHeapSize=2147483648 -XX:+PrintGC -XX:+PrintGCDateStamps -XX:+PrintGCDetails -XX:+PrintGCTimeStamps -XX:+UseCompressedClassPointers -XX:+UseCompressedOops -XX:-UseLargePagesIndividualAllocation -XX:+UseParallelGC 
2020-09-29T18:01:23.519+0200: 0.248: [GC (Allocation Failure) [PSYoungGen: 524800K->36645K(611840K)] 524800K->36653K(2010112K), 0.0202370 secs] [Times: user=0.14 sys=0.08, real=0.02 secs] 
2020-09-29T18:01:23.588+0200: 0.317: [GC (Allocation Failure) [PSYoungGen: 561445K->12965K(611840K)] 561453K->12973K(2010112K), 0.0129920 secs] [Times: user=0.09 sys=0.01, real=0.01 secs] 
2020-09-29T18:01:23.648+0200: 0.377: [GC (Allocation Failure) [PSYoungGen: 537765K->43381K(611840K)] 537773K->43389K(2010112K), 0.0179520 secs] [Times: user=0.11 sys=0.02, real=0.02 secs] 
2020-09-29T18:01:23.715+0200: 0.444: [GC (Allocation Failure) [PSYoungGen: 568181K->19923K(611840K)] 568189K->19931K(2010112K), 0.0101728 secs] [Times: user=0.11 sys=0.02, real=0.01 secs] 
2020-09-29T18:01:23.773+0200: 0.503: [GC (Allocation Failure) [PSYoungGen: 544723K->52629K(611840K)] 544731K->52637K(2010112K), 0.0214091 secs] [Times: user=0.13 sys=0.00, real=0.02 secs] 
2020-09-29T18:01:23.842+0200: 0.572: [GC (Allocation Failure) [PSYoungGen: 577429K->44181K(631296K)] 577437K->44189K(2029568K), 0.0228036 secs] [Times: user=0.22 sys=0.03, real=0.02 secs] 
2020-09-29T18:01:23.915+0200: 0.645: [GC (Allocation Failure) [PSYoungGen: 610965K->36325K(632832K)] 610973K->36745K(2031104K), 0.0178549 secs] [Times: user=0.13 sys=0.00, real=0.02 secs] 
2020-09-29T18:01:23.983+0200: 0.713: [GC (Allocation Failure) [PSYoungGen: 603109K->41413K(636928K)] 603529K->41833K(2035200K), 0.0154014 secs] [Times: user=0.13 sys=0.00, real=0.02 secs] 
2020-09-29T18:01:24.048+0200: 0.778: [GC (Allocation Failure) [PSYoungGen: 615877K->55365K(630272K)] 616297K->55785K(2028544K), 0.0194957 secs] [Times: user=0.25 sys=0.00, real=0.02 secs] 
2020-09-29T18:01:24.119+0200: 0.847: [GC (Allocation Failure) [PSYoungGen: 629829K->28197K(633344K)] 630249K->28617K(2031616K), 0.0101898 secs] [Times: user=0.00 sys=0.00, real=0.01 secs] 
2020-09-29T18:01:24.180+0200: 0.910: [GC (Allocation Failure) [PSYoungGen: 594469K->18532K(631808K)] 594889K->18952K(2030080K), 0.0093606 secs] [Times: user=0.00 sys=0.00, real=0.01 secs] 
2020-09-29T18:01:24.243+0200: 0.973: [GC (Allocation Failure) [PSYoungGen: 584804K->37957K(634880K)] 585224K->38377K(2033152K), 0.0134179 secs] [Times: user=0.11 sys=0.00, real=0.01 secs] 
2020-09-29T18:01:24.308+0200: 1.038: [GC (Allocation Failure) [PSYoungGen: 606789K->30819K(632832K)] 607209K->31239K(2031104K), 0.0129120 secs] [Times: user=0.13 sys=0.00, real=0.01 secs] 
2020-09-29T18:01:24.371+0200: 1.100: [GC (Allocation Failure) [PSYoungGen: 599651K->38340K(638464K)] 600071K->38760K(2036736K), 0.0143703 secs] [Times: user=0.13 sys=0.00, real=0.01 secs] 
2020-09-29T18:01:24.435+0200: 1.164: [GC (Allocation Failure) [PSYoungGen: 614852K->54341K(631296K)] 615272K->54761K(2029568K), 0.0185638 secs] [Times: user=0.13 sys=0.00, real=0.02 secs] 
2020-09-29T18:01:24.503+0200: 1.232: [GC (Allocation Failure) [PSYoungGen: 630853K->28196K(634880K)] 631273K->28616K(2033152K), 0.0107075 secs] [Times: user=0.13 sys=0.00, real=0.01 secs] 
2020-09-29T18:01:24.567+0200: 1.296: [GC (Allocation Failure) [PSYoungGen: 598052K->37445K(633856K)] 598472K->37865K(2032128K), 0.0141231 secs] [Times: user=0.13 sys=0.00, real=0.01 secs] 
2020-09-29T18:01:24.633+0200: 1.361: [GC (Allocation Failure) [PSYoungGen: 607301K->33061K(639488K)] 607721K->33481K(2037760K), 0.0124308 secs] [Times: user=0.00 sys=0.00, real=0.01 secs] 
2020-09-29T18:01:24.695+0200: 1.424: [GC (Allocation Failure) [PSYoungGen: 611109K->20578K(637440K)] 611529K->20998K(2035712K), 0.0093083 secs] [Times: user=0.00 sys=0.00, real=0.01 secs] 
2020-09-29T18:01:24.755+0200: 1.484: [GC (Allocation Failure) [PSYoungGen: 598626K->37860K(640512K)] 599046K->38280K(2038784K), 0.0151030 secs] [Times: user=0.00 sys=0.00, real=0.01 secs] 
2020-09-29T18:01:24.826+0200: 1.555: [GC (Allocation Failure) [PSYoungGen: 618468K->30501K(638976K)] 618888K->30921K(2037248K), 0.0104926 secs] [Times: user=0.13 sys=0.00, real=0.01 secs] 
2020-09-29T18:01:24.887+0200: 1.616: [GC (Allocation Failure) [PSYoungGen: 611109K->36355K(643584K)] 611529K->36775K(2041856K), 0.0140150 secs] [Times: user=0.13 sys=0.00, real=0.01 secs] 
2020-09-29T18:01:24.951+0200: 1.680: [GC (Allocation Failure) [PSYoungGen: 623107K->35205K(642048K)] 623527K->35625K(2040320K), 0.0121901 secs] [Times: user=0.13 sys=0.00, real=0.01 secs] 
2020-09-29T18:01:25.014+0200: 1.743: [GC (Allocation Failure) [PSYoungGen: 621957K->47684K(638976K)] 622377K->48104K(2037248K), 0.0182052 secs] [Times: user=0.13 sys=0.00, real=0.02 secs] 
2020-09-29T18:01:25.084+0200: 1.813: [GC (Allocation Failure) [PSYoungGen: 632900K->44933K(630272K)] 633320K->45353K(2028544K), 0.0157533 secs] [Times: user=0.13 sys=0.00, real=0.02 secs] 
2020-09-29T18:01:25.150+0200: 1.879: [GC (Allocation Failure) [PSYoungGen: 630149K->28388K(641536K)] 630569K->28808K(2039808K), 0.0119951 secs] [Times: user=0.13 sys=0.00, real=0.01 secs] 
2020-09-29T18:01:25.218+0200: 1.947: [GC (Allocation Failure) [PSYoungGen: 612068K->51557K(635392K)] 612488K->51977K(2033664K), 0.0196126 secs] [Times: user=0.13 sys=0.00, real=0.02 secs] 
2020-09-29T18:01:25.290+0200: 2.019: [GC (Allocation Failure) [PSYoungGen: 635237K->46628K(635904K)] 635657K->47048K(2034176K), 0.0168998 secs] [Times: user=0.13 sys=0.00, real=0.02 secs] 
2020-09-29T18:01:25.359+0200: 2.087: [GC (Allocation Failure) [PSYoungGen: 621604K->47397K(622592K)] 622024K->47817K(2020864K), 0.0175860 secs] [Times: user=0.11 sys=0.00, real=0.02 secs] 
2020-09-29T18:01:25.427+0200: 2.156: [GC (Allocation Failure) [PSYoungGen: 622373K->19875K(633856K)] 622793K->20295K(2032128K), 0.0078173 secs] [Times: user=0.00 sys=0.00, real=0.01 secs] 
2020-09-29T18:01:25.489+0200: 2.218: [GC (Allocation Failure) [PSYoungGen: 590755K->42660K(634880K)] 591175K->43080K(2033152K), 0.0155733 secs] [Times: user=0.13 sys=0.00, real=0.02 secs] 
2020-09-29T18:01:25.557+0200: 2.285: [GC (Allocation Failure) [PSYoungGen: 613540K->23588K(635904K)] 613960K->24008K(2034176K), 0.0093292 secs] [Times: user=0.00 sys=0.00, real=0.01 secs] 
2020-09-29T18:01:25.617+0200: 2.346: [GC (Allocation Failure) [PSYoungGen: 596516K->49541K(622592K)] 596936K->49961K(2020864K), 0.0168510 secs] [Times: user=0.13 sys=0.00, real=0.02 secs] 
2020-09-29T18:01:25.685+0200: 2.414: [GC (Allocation Failure) [PSYoungGen: 622469K->47044K(632320K)] 622889K->47464K(2030592K), 0.0170915 secs] [Times: user=0.13 sys=0.00, real=0.02 secs] 
2020-09-29T18:01:25.751+0200: 2.480: [GC (Allocation Failure) [PSYoungGen: 613828K->53285K(620544K)] 614248K->53705K(2018816K), 0.0181959 secs] [Times: user=0.13 sys=0.00, real=0.02 secs] 
2020-09-29T18:01:25.819+0200: 2.548: [GC (Allocation Failure) [PSYoungGen: 620069K->31268K(631296K)] 620489K->31688K(2029568K), 0.0124850 secs] [Times: user=0.00 sys=0.00, real=0.01 secs] 
2020-09-29T18:01:25.879+0200: 2.608: [GC (Allocation Failure) [PSYoungGen: 593956K->17028K(630272K)] 594376K->17448K(2028544K), 0.0061663 secs] [Times: user=0.05 sys=0.00, real=0.01 secs] 
2020-09-29T18:01:25.934+0200: 2.662: [GC (Allocation Failure) [PSYoungGen: 579716K->46501K(630272K)] 580136K->46921K(2028544K), 0.0156460 secs] [Times: user=0.13 sys=0.00, real=0.01 secs] 
2020-09-29T18:01:25.998+0200: 2.727: [GC (Allocation Failure) [PSYoungGen: 608165K->18404K(580096K)] 608585K->18824K(1978368K), 0.0074613 secs] [Times: user=0.13 sys=0.00, real=0.01 secs] 
2020-09-29T18:01:26.062+0200: 2.791: [GC (Allocation Failure) [PSYoungGen: 580068K->46853K(628736K)] 580488K->47273K(2027008K), 0.0161728 secs] [Times: user=0.13 sys=0.00, real=0.02 secs] 
2020-09-29T18:01:26.130+0200: 2.859: [GC (Allocation Failure) [PSYoungGen: 606469K->45925K(629248K)] 606889K->46345K(2027520K), 0.0160788 secs] [Times: user=0.13 sys=0.00, real=0.02 secs] 
2020-09-29T18:01:26.197+0200: 2.926: [GC (Allocation Failure) [PSYoungGen: 605541K->29572K(630784K)] 605961K->29992K(2029056K), 0.0152202 secs] [Times: user=0.11 sys=0.00, real=0.01 secs] 
2020-09-29T18:01:26.263+0200: 2.991: [GC (Allocation Failure) [PSYoungGen: 590724K->29572K(629248K)] 591144K->29992K(2027520K), 0.0114660 secs] [Times: user=0.13 sys=0.00, real=0.01 secs] 
2020-09-29T18:01:26.326+0200: 3.055: [GC (Allocation Failure) [PSYoungGen: 590724K->43813K(632832K)] 591144K->44233K(2031104K), 0.0162142 secs] [Times: user=0.13 sys=0.00, real=0.02 secs] 
2020-09-29T18:01:26.392+0200: 3.121: [GC (Allocation Failure) [PSYoungGen: 610085K->20163K(632320K)] 610505K->20583K(2030592K), 0.0088009 secs] [Times: user=0.13 sys=0.00, real=0.01 secs] 
2020-09-29T18:01:26.457+0200: 3.186: [GC (Allocation Failure) [PSYoungGen: 586435K->25028K(633856K)] 586855K->25448K(2032128K), 0.0091542 secs] [Times: user=0.02 sys=0.00, real=0.01 secs] 
2020-09-29T18:01:26.516+0200: 3.245: [GC (Allocation Failure) [PSYoungGen: 592836K->45957K(632832K)] 593256K->46377K(2031104K), 0.0160074 secs] [Times: user=0.13 sys=0.00, real=0.02 secs] 
2020-09-29T18:01:26.583+0200: 3.312: [GC (Allocation Failure) [PSYoungGen: 613765K->39269K(634368K)] 614185K->39689K(2032640K), 0.0159140 secs] [Times: user=0.11 sys=0.00, real=0.02 secs] 
2020-09-29T18:01:26.650+0200: 3.379: [GC (Allocation Failure) [PSYoungGen: 607589K->33029K(632832K)] 608009K->33449K(2031104K), 0.0129851 secs] [Times: user=0.13 sys=0.00, real=0.01 secs] 
2020-09-29T18:01:26.713+0200: 3.441: [GC (Allocation Failure) [PSYoungGen: 601349K->40805K(637440K)] 601769K->41225K(2035712K), 0.0146942 secs] [Times: user=0.13 sys=0.00, real=0.01 secs] 
2020-09-29T18:01:26.777+0200: 3.505: [GC (Allocation Failure) [PSYoungGen: 616293K->25028K(636928K)] 616713K->25448K(2035200K), 0.0096634 secs] [Times: user=0.13 sys=0.00, real=0.01 secs] 
2020-09-29T18:01:26.836+0200: 3.565: [GC (Allocation Failure) [PSYoungGen: 600516K->38116K(639488K)] 600936K->38536K(2037760K), 0.0146400 secs] [Times: user=0.13 sys=0.00, real=0.02 secs] 
2020-09-29T18:01:26.901+0200: 3.630: [GC (Allocation Failure) [PSYoungGen: 616676K->42053K(637952K)] 617096K->42473K(2036224K), 0.0150056 secs] [Times: user=0.13 sys=0.00, real=0.01 secs] 
2020-09-29T18:01:26.967+0200: 3.696: [GC (Allocation Failure) [PSYoungGen: 620613K->31204K(641024K)] 621033K->31624K(2039296K), 0.0118001 secs] [Times: user=0.13 sys=0.00, real=0.01 secs] 
2020-09-29T18:01:27.030+0200: 3.759: [GC (Allocation Failure) [PSYoungGen: 612836K->23684K(639488K)] 613256K->24104K(2037760K), 0.0108464 secs] [Times: user=0.11 sys=0.00, real=0.01 secs] 
2020-09-29T18:01:27.096+0200: 3.824: [GC (Allocation Failure) [PSYoungGen: 605316K->44805K(637952K)] 605736K->45225K(2036224K), 0.0199213 secs] [Times: user=0.17 sys=0.00, real=0.02 secs] 
2020-09-29T18:01:27.172+0200: 3.901: [GC (Allocation Failure) [PSYoungGen: 624901K->36132K(639488K)] 625321K->36552K(2037760K), 0.0142213 secs] [Times: user=0.13 sys=0.00, real=0.02 secs] 
2020-09-29T18:01:27.239+0200: 3.968: [GC (Allocation Failure) [PSYoungGen: 616228K->42021K(641536K)] 616648K->42441K(2039808K), 0.0149897 secs] [Times: user=0.00 sys=0.00, real=0.01 secs] 
2020-09-29T18:01:27.308+0200: 4.037: [GC (Allocation Failure) [PSYoungGen: 626213K->24420K(641536K)] 626633K->24840K(2039808K), 0.0087223 secs] [Times: user=0.00 sys=0.01, real=0.01 secs] 
2020-09-29T18:01:27.372+0200: 4.101: [GC (Allocation Failure) [PSYoungGen: 608612K->34373K(643584K)] 609032K->34793K(2041856K), 0.0125785 secs] [Times: user=0.13 sys=0.00, real=0.01 secs] 
2020-09-29T18:01:27.440+0200: 4.169: [GC (Allocation Failure) [PSYoungGen: 620613K->45348K(641536K)] 621033K->45768K(2039808K), 0.0164738 secs] [Times: user=0.13 sys=0.00, real=0.02 secs] 
2020-09-29T18:01:27.507+0200: 4.236: [GC (Allocation Failure) [PSYoungGen: 631588K->43749K(640512K)] 632008K->44169K(2038784K), 0.0153606 secs] [Times: user=0.13 sys=0.00, real=0.02 secs] 
2020-09-29T18:01:27.575+0200: 4.304: [GC (Allocation Failure) [PSYoungGen: 626917K->24740K(641024K)] 627337K->25160K(2039296K), 0.0103531 secs] [Times: user=0.09 sys=0.00, real=0.01 secs] 
2020-09-29T18:01:27.647+0200: 4.376: [GC (Allocation Failure) [PSYoungGen: 607908K->47333K(636928K)] 608328K->47753K(2035200K), 0.0164860 secs] [Times: user=0.13 sys=0.00, real=0.02 secs] 
2020-09-29T18:01:27.716+0200: 4.445: [GC (Allocation Failure) [PSYoungGen: 626405K->38501K(638976K)] 626825K->38921K(2037248K), 0.0130518 secs] [Times: user=0.13 sys=0.00, real=0.01 secs] 
2020-09-29T18:01:27.778+0200: 4.507: [GC (Allocation Failure) [PSYoungGen: 617573K->42468K(640512K)] 617993K->42888K(2038784K), 0.0157512 secs] [Times: user=0.13 sys=0.00, real=0.02 secs] 
2020-09-29T18:01:27.844+0200: 4.573: [GC (Allocation Failure) [PSYoungGen: 624612K->36229K(640512K)] 625032K->36649K(2038784K), 0.0129629 secs] [Times: user=0.13 sys=0.00, real=0.01 secs] 
2020-09-29T18:01:27.907+0200: 4.636: [GC (Allocation Failure) [PSYoungGen: 618373K->30405K(643072K)] 618793K->30825K(2041344K), 0.0112985 secs] [Times: user=0.13 sys=0.00, real=0.01 secs] 
2020-09-29T18:01:27.969+0200: 4.698: [GC (Allocation Failure) [PSYoungGen: 617157K->27876K(642560K)] 617577K->28296K(2040832K), 0.0107569 secs] [Times: user=0.13 sys=0.00, real=0.01 secs] 
2020-09-29T18:01:28.032+0200: 4.761: [GC (Allocation Failure) [PSYoungGen: 614628K->26244K(644096K)] 615048K->26664K(2042368K), 0.0111117 secs] [Times: user=0.13 sys=0.00, real=0.01 secs] 
2020-09-29T18:01:28.095+0200: 4.824: [GC (Allocation Failure) [PSYoungGen: 615044K->40773K(643584K)] 615464K->41193K(2041856K), 0.0148454 secs] [Times: user=0.13 sys=0.00, real=0.01 secs] 
2020-09-29T18:01:28.163+0200: 4.892: [GC (Allocation Failure) [PSYoungGen: 629573K->39588K(644096K)] 629993K->40008K(2042368K), 0.0148747 secs] [Times: user=0.13 sys=0.00, real=0.01 secs] 
2020-09-29T18:01:28.231+0200: 4.960: [GC (Allocation Failure) [PSYoungGen: 628388K->24131K(643584K)] 628808K->24551K(2041856K), 0.0097069 secs] [Times: user=0.13 sys=0.00, real=0.01 secs] 
2020-09-29T18:01:28.292+0200: 5.021: [GC (Allocation Failure) [PSYoungGen: 612931K->24709K(644096K)] 613351K->25129K(2042368K), 0.0086814 secs] [Times: user=0.00 sys=0.00, real=0.01 secs] 
2020-09-29T18:01:28.355+0200: 5.084: [GC (Allocation Failure) [PSYoungGen: 614021K->53477K(643072K)] 614441K->53897K(2041344K), 0.0179605 secs] [Times: user=0.13 sys=0.00, real=0.02 secs] 
2020-09-29T18:01:28.425+0200: 5.154: [GC (Allocation Failure) [PSYoungGen: 642789K->39108K(636928K)] 643209K->39528K(2035200K), 0.0150766 secs] [Times: user=0.13 sys=0.00, real=0.02 secs] 
2020-09-29T18:01:28.503+0200: 5.232: [GC (Allocation Failure) [PSYoungGen: 620228K->15586K(596992K)] 620648K->16006K(1995264K), 0.0070449 secs] [Times: user=0.13 sys=0.00, real=0.01 secs] 
2020-09-29T18:01:28.559+0200: 5.288: [GC (Allocation Failure) [PSYoungGen: 596706K->36165K(640512K)] 597126K->36585K(2038784K), 0.0128245 secs] [Times: user=0.13 sys=0.00, real=0.01 secs] 
2020-09-29T18:01:28.632+0200: 5.361: [GC (Allocation Failure) [PSYoungGen: 616773K->40548K(638976K)] 617193K->40968K(2037248K), 0.0150456 secs] [Times: user=0.13 sys=0.00, real=0.02 secs] 
2020-09-29T18:01:28.700+0200: 5.429: [GC (Allocation Failure) [PSYoungGen: 621156K->29956K(642048K)] 621576K->30376K(2040320K), 0.0107173 secs] [Times: user=0.13 sys=0.00, real=0.01 secs] 
2020-09-29T18:01:28.764+0200: 5.493: [GC (Allocation Failure) [PSYoungGen: 613636K->24420K(640512K)] 614056K->24840K(2038784K), 0.0090447 secs] [Times: user=0.13 sys=0.00, real=0.01 secs] 
2020-09-29T18:01:28.824+0200: 5.553: [GC (Allocation Failure) [PSYoungGen: 608100K->47557K(636416K)] 608520K->47977K(2034688K), 0.0178209 secs] [Times: user=0.13 sys=0.00, real=0.02 secs] 
2020-09-29T18:01:28.893+0200: 5.622: [GC (Allocation Failure) [PSYoungGen: 627653K->26085K(639488K)] 628073K->26505K(2037760K), 0.0094356 secs] [Times: user=0.13 sys=0.00, real=0.01 secs] 
2020-09-29T18:01:28.952+0200: 5.681: [GC (Allocation Failure) [PSYoungGen: 606181K->31396K(642560K)] 606601K->31816K(2040832K), 0.0122720 secs] [Times: user=0.13 sys=0.00, real=0.01 secs] 
2020-09-29T18:01:29.015+0200: 5.744: [GC (Allocation Failure) [PSYoungGen: 615588K->27043K(640512K)] 616008K->27463K(2038784K), 0.0113328 secs] [Times: user=0.13 sys=0.00, real=0.01 secs] 
2020-09-29T18:01:29.077+0200: 5.806: [GC (Allocation Failure) [PSYoungGen: 611235K->21731K(644096K)] 611655K->22151K(2042368K), 0.0095582 secs] [Times: user=0.13 sys=0.00, real=0.01 secs] 
2020-09-29T18:01:29.147+0200: 5.876: [GC (Allocation Failure) [PSYoungGen: 610531K->22405K(643584K)] 610951K->22825K(2041856K), 0.0082385 secs] [Times: user=0.00 sys=0.00, real=0.01 secs] 
2020-09-29T18:01:29.213+0200: 5.942: [GC (Allocation Failure) [PSYoungGen: 611205K->36452K(645120K)] 611625K->36872K(2043392K), 0.0166414 secs] [Times: user=0.11 sys=0.00, real=0.02 secs] 
2020-09-29T18:01:29.285+0200: 6.014: [GC (Allocation Failure) [PSYoungGen: 627300K->39173K(630272K)] 627720K->39593K(2028544K), 0.0157005 secs] [Times: user=0.11 sys=0.00, real=0.02 secs] 
2020-09-29T18:01:29.355+0200: 6.085: [GC (Allocation Failure) [PSYoungGen: 630021K->28293K(645632K)] 630441K->28713K(2043904K), 0.0114786 secs] [Times: user=0.13 sys=0.00, real=0.01 secs] 
2020-09-29T18:01:29.419+0200: 6.148: [GC (Allocation Failure) [PSYoungGen: 619141K->28548K(644096K)] 619561K->28968K(2042368K), 0.0106780 secs] [Times: user=0.13 sys=0.00, real=0.01 secs] 
2020-09-29T18:01:29.480+0200: 6.209: [GC (Allocation Failure) [PSYoungGen: 619396K->45125K(641024K)] 619816K->45545K(2039296K), 0.0157763 secs] [Times: user=0.13 sys=0.00, real=0.02 secs] 
2020-09-29T18:01:29.549+0200: 6.278: [GC (Allocation Failure) [PSYoungGen: 634437K->54757K(644096K)] 634857K->60569K(2042368K), 0.0212041 secs] [Times: user=0.25 sys=0.00, real=0.02 secs] 
2020-09-29T18:01:29.623+0200: 6.352: [GC (Allocation Failure) [PSYoungGen: 644069K->34245K(633856K)] 649881K->40057K(2032128K), 0.0134585 secs] [Times: user=0.11 sys=0.00, real=0.01 secs] 
2020-09-29T18:01:29.686+0200: 6.415: [GC (Allocation Failure) [PSYoungGen: 613317K->52773K(632320K)] 619129K->58585K(2030592K), 0.0176192 secs] [Times: user=0.13 sys=0.00, real=0.02 secs] 
2020-09-29T18:01:29.754+0200: 6.483: [GC (Allocation Failure) [PSYoungGen: 631845K->57701K(624640K)] 637657K->63513K(2022912K), 0.0190894 secs] [Times: user=0.25 sys=0.00, real=0.02 secs] 
2020-09-29T18:01:29.822+0200: 6.551: [GC (Allocation Failure) [PSYoungGen: 618341K->44069K(629760K)] 624153K->49881K(2028032K), 0.0154229 secs] [Times: user=0.11 sys=0.00, real=0.02 secs] 
2020-09-29T18:01:29.887+0200: 6.616: [GC (Allocation Failure) [PSYoungGen: 604709K->30469K(632320K)] 610521K->36281K(2030592K), 0.0101966 secs] [Times: user=0.13 sys=0.00, real=0.01 secs] 
2020-09-29T18:01:29.945+0200: 6.674: [GC (Allocation Failure) [PSYoungGen: 595205K->34661K(631296K)] 601017K->40473K(2029568K), 0.0121917 secs] [Times: user=0.00 sys=0.00, real=0.01 secs] 
2020-09-29T18:01:30.006+0200: 6.735: [GC (Allocation Failure) [PSYoungGen: 599397K->38117K(636928K)] 605209K->43929K(2035200K), 0.0139539 secs] [Times: user=0.13 sys=0.00, real=0.01 secs] 
2020-09-29T18:01:30.070+0200: 6.799: [GC (Allocation Failure) [PSYoungGen: 610533K->36357K(634368K)] 616345K->42169K(2032640K), 0.0123313 secs] [Times: user=0.00 sys=0.00, real=0.01 secs] 
2020-09-29T18:01:30.135+0200: 6.864: [GC (Allocation Failure) [PSYoungGen: 608773K->34149K(640512K)] 614585K->39961K(2038784K), 0.0126972 secs] [Times: user=0.13 sys=0.00, real=0.01 secs] 
2020-09-29T18:01:30.206+0200: 6.935: [GC (Allocation Failure) [PSYoungGen: 614757K->38788K(638976K)] 620569K->44600K(2037248K), 0.0183354 secs] [Times: user=0.20 sys=0.02, real=0.02 secs] 
2020-09-29T18:01:30.276+0200: 7.005: [GC (Allocation Failure) [PSYoungGen: 619396K->44932K(640000K)] 625208K->50744K(2038272K), 0.0168438 secs] [Times: user=0.13 sys=0.00, real=0.02 secs] 
2020-09-29T18:01:30.343+0200: 7.072: [GC (Allocation Failure) [PSYoungGen: 628100K->52485K(635904K)] 633912K->58297K(2034176K), 0.0187999 secs] [Times: user=0.13 sys=0.00, real=0.02 secs] 
2020-09-29T18:01:30.413+0200: 7.142: [GC (Allocation Failure) [PSYoungGen: 635653K->47749K(636928K)] 641465K->53561K(2035200K), 0.0166706 secs] [Times: user=0.13 sys=0.00, real=0.02 secs] 
2020-09-29T18:01:30.480+0200: 7.209: [GC (Allocation Failure) [PSYoungGen: 623749K->49477K(625664K)] 629561K->55289K(2023936K), 0.0173361 secs] [Times: user=0.13 sys=0.00, real=0.02 secs] 
2020-09-29T18:01:30.548+0200: 7.278: [GC (Allocation Failure) [PSYoungGen: 625477K->51301K(632832K)] 631289K->57113K(2031104K), 0.0171746 secs] [Times: user=0.13 sys=0.00, real=0.02 secs] 
2020-09-29T18:01:30.619+0200: 7.348: [GC (Allocation Failure) [PSYoungGen: 621157K->33189K(634368K)] 626969K->39001K(2032640K), 0.0128709 secs] [Times: user=0.11 sys=0.00, real=0.01 secs] 
2020-09-29T18:01:30.683+0200: 7.412: [GC (Allocation Failure) [PSYoungGen: 603045K->28516K(634880K)] 608857K->34328K(2033152K), 0.0105544 secs] [Times: user=0.13 sys=0.00, real=0.01 secs] 
2020-09-29T18:01:30.744+0200: 7.473: [GC (Allocation Failure) [PSYoungGen: 599396K->38245K(634880K)] 605208K->44057K(2033152K), 0.0140961 secs] [Times: user=0.13 sys=0.00, real=0.01 secs] 
2020-09-29T18:01:30.807+0200: 7.536: [GC (Allocation Failure) [PSYoungGen: 609125K->34340K(637952K)] 614937K->40152K(2036224K), 0.0128569 secs] [Times: user=0.13 sys=0.00, real=0.01 secs] 
2020-09-29T18:01:30.869+0200: 7.599: [GC (Allocation Failure) [PSYoungGen: 610340K->36037K(636928K)] 616152K->41849K(2035200K), 0.0124944 secs] [Times: user=0.13 sys=0.00, real=0.01 secs] 
2020-09-29T18:01:30.932+0200: 7.661: [GC (Allocation Failure) [PSYoungGen: 612037K->36965K(641024K)] 617849K->42777K(2039296K), 0.0129414 secs] [Times: user=0.13 sys=0.00, real=0.01 secs] 
2020-09-29T18:01:30.995+0200: 7.724: [GC (Allocation Failure) [PSYoungGen: 618597K->44357K(639488K)] 624409K->50169K(2037760K), 0.0155679 secs] [Times: user=0.13 sys=0.00, real=0.02 secs] 
2020-09-29T18:01:31.061+0200: 7.790: [GC (Allocation Failure) [PSYoungGen: 625989K->38085K(642560K)] 631801K->43897K(2040832K), 0.0133902 secs] [Times: user=0.13 sys=0.00, real=0.01 secs] 
2020-09-29T18:01:31.125+0200: 7.854: [GC (Allocation Failure) [PSYoungGen: 622789K->33572K(641024K)] 628601K->39384K(2039296K), 0.0127550 secs] [Times: user=0.13 sys=0.00, real=0.01 secs] 
2020-09-29T18:01:31.191+0200: 7.920: [GC (Allocation Failure) [PSYoungGen: 618276K->30405K(643584K)] 624088K->36217K(2041856K), 0.0138804 secs] [Times: user=0.11 sys=0.00, real=0.01 secs] 
2020-09-29T18:01:31.260+0200: 7.989: [GC (Allocation Failure) [PSYoungGen: 618693K->44453K(632832K)] 624505K->50265K(2031104K), 0.0154878 secs] [Times: user=0.13 sys=0.00, real=0.02 secs] 
2020-09-29T18:01:31.326+0200: 8.056: [GC (Allocation Failure) [PSYoungGen: 632741K->16963K(638976K)] 638553K->22775K(2037248K), 0.0071607 secs] [Times: user=0.13 sys=0.00, real=0.01 secs] 
2020-09-29T18:01:31.384+0200: 8.113: [GC (Allocation Failure) [PSYoungGen: 600131K->38852K(641024K)] 605943K->44664K(2039296K), 0.0141437 secs] [Times: user=0.13 sys=0.00, real=0.01 secs] 
2020-09-29T18:01:31.449+0200: 8.178: [GC (Allocation Failure) [PSYoungGen: 622020K->47813K(637952K)] 627832K->53625K(2036224K), 0.0165120 secs] [Times: user=0.13 sys=0.00, real=0.02 secs] 
2020-09-29T18:01:31.515+0200: 8.245: [GC (Allocation Failure) [PSYoungGen: 628933K->26308K(640000K)] 634745K->32120K(2038272K), 0.0097533 secs] [Times: user=0.13 sys=0.00, real=0.01 secs] 
2020-09-29T18:01:31.578+0200: 8.307: [GC (Allocation Failure) [PSYoungGen: 607428K->31811K(641536K)] 613240K->37623K(2039808K), 0.0134775 secs] [Times: user=0.11 sys=0.00, real=0.01 secs] 
2020-09-29T18:01:31.643+0200: 8.373: [GC (Allocation Failure) [PSYoungGen: 614467K->26339K(640000K)] 620279K->32151K(2038272K), 0.0109762 secs] [Times: user=0.13 sys=0.00, real=0.01 secs] 
2020-09-29T18:01:31.705+0200: 8.434: [GC (Allocation Failure) [PSYoungGen: 608995K->33892K(644096K)] 614807K->39704K(2042368K), 0.0125308 secs] [Times: user=0.13 sys=0.00, real=0.01 secs] 
2020-09-29T18:01:31.770+0200: 8.500: [GC (Allocation Failure) [PSYoungGen: 621156K->16994K(642048K)] 626968K->22806K(2040320K), 0.0077364 secs] [Times: user=0.00 sys=0.00, real=0.01 secs] 
2020-09-29T18:01:31.828+0200: 8.557: [GC (Allocation Failure) [PSYoungGen: 604258K->29156K(644096K)] 610070K->34968K(2042368K), 0.0108072 secs] [Times: user=0.13 sys=0.00, real=0.01 secs] 
2020-09-29T18:01:31.890+0200: 8.619: [GC (Allocation Failure) [PSYoungGen: 616932K->42661K(642560K)] 622744K->48473K(2040832K), 0.0148181 secs] [Times: user=0.13 sys=0.00, real=0.01 secs] 
2020-09-29T18:01:31.956+0200: 8.685: [GC (Allocation Failure) [PSYoungGen: 630437K->28869K(644096K)] 636249K->34681K(2042368K), 0.0099892 secs] [Times: user=0.13 sys=0.00, real=0.01 secs] 
2020-09-29T18:01:32.016+0200: 8.745: [GC (Allocation Failure) [PSYoungGen: 617157K->42917K(631296K)] 622969K->48729K(2029568K), 0.0145395 secs] [Times: user=0.13 sys=0.00, real=0.01 secs] 
2020-09-29T18:01:32.084+0200: 8.813: [GC (Allocation Failure) [PSYoungGen: 631205K->43301K(640512K)] 637017K->49113K(2038784K), 0.0154749 secs] [Times: user=0.13 sys=0.00, real=0.01 secs] 
2020-09-29T18:01:32.150+0200: 8.879: [GC (Allocation Failure) [PSYoungGen: 627493K->24515K(641536K)] 633305K->30327K(2039808K), 0.0103166 secs] [Times: user=0.00 sys=0.00, real=0.01 secs] 
2020-09-29T18:01:32.215+0200: 8.944: [GC (Allocation Failure) [PSYoungGen: 608707K->32548K(644096K)] 614519K->38360K(2042368K), 0.0162790 secs] [Times: user=0.13 sys=0.00, real=0.02 secs] 
2020-09-29T18:01:32.286+0200: 9.015: [GC (Allocation Failure) [PSYoungGen: 619812K->45637K(633344K)] 625624K->51449K(2031616K), 0.0163874 secs] [Times: user=0.13 sys=0.00, real=0.02 secs] 
2020-09-29T18:01:32.354+0200: 9.083: [GC (Allocation Failure) [PSYoungGen: 632901K->29604K(643072K)] 638713K->35416K(2041344K), 0.0145758 secs] [Times: user=0.13 sys=0.00, real=0.01 secs] 
2020-09-29T18:01:32.419+0200: 9.148: [GC (Allocation Failure) [PSYoungGen: 615332K->27301K(641536K)] 621144K->33113K(2039808K), 0.0127785 secs] [Times: user=0.13 sys=0.00, real=0.01 secs] 
2020-09-29T18:01:32.482+0200: 9.210: [GC (Allocation Failure) [PSYoungGen: 613029K->38789K(644096K)] 618841K->44601K(2042368K), 0.0176681 secs] [Times: user=0.13 sys=0.00, real=0.02 secs] 
2020-09-29T18:01:32.550+0200: 9.279: [GC (Allocation Failure) [PSYoungGen: 627589K->39653K(643584K)] 633401K->45465K(2041856K), 0.0175107 secs] [Times: user=0.25 sys=0.00, real=0.02 secs] 
2020-09-29T18:01:32.620+0200: 9.349: [GC (Allocation Failure) [PSYoungGen: 628453K->26821K(644608K)] 634265K->32633K(2042880K), 0.0120787 secs] [Times: user=0.11 sys=0.00, real=0.01 secs] 
2020-09-29T18:01:32.687+0200: 9.416: [GC (Allocation Failure) [PSYoungGen: 616645K->28741K(644096K)] 622457K->34553K(2042368K), 0.0129161 secs] [Times: user=0.13 sys=0.00, real=0.01 secs] 
2020-09-29T18:01:32.757+0200: 9.486: [GC (Allocation Failure) [PSYoungGen: 618565K->43173K(642560K)] 624377K->48985K(2040832K), 0.0197886 secs] [Times: user=0.13 sys=0.00, real=0.02 secs] 
2020-09-29T18:01:32.827+0200: 9.556: [GC (Allocation Failure) [PSYoungGen: 632485K->44613K(634368K)] 638297K->50425K(2032640K), 0.0197931 secs] [Times: user=0.13 sys=0.00, real=0.02 secs] 
2020-09-29T18:01:32.901+0200: 9.630: [GC (Allocation Failure) [PSYoungGen: 633925K->30468K(643584K)] 639737K->36280K(2041856K), 0.0148535 secs] [Times: user=0.13 sys=0.00, real=0.01 secs] 
2020-09-29T18:01:32.966+0200: 9.695: [GC (Allocation Failure) [PSYoungGen: 617732K->28741K(642560K)] 623544K->34553K(2040832K), 0.0143315 secs] [Times: user=0.13 sys=0.00, real=0.01 secs] 
2020-09-29T18:01:33.038+0200: 9.766: [GC (Allocation Failure) [PSYoungGen: 616005K->25987K(645120K)] 621817K->31799K(2043392K), 0.0134479 secs] [Times: user=0.00 sys=0.00, real=0.01 secs] 
2020-09-29T18:01:33.102+0200: 9.831: [GC (Allocation Failure) [PSYoungGen: 616835K->12420K(603648K)] 622647K->18232K(2001920K), 0.0061842 secs] [Times: user=0.00 sys=0.00, real=0.01 secs] 
2020-09-29T18:01:33.166+0200: 9.895: [GC (Allocation Failure) [PSYoungGen: 603268K->42789K(639488K)] 609080K->48601K(2037760K), 0.0190709 secs] [Times: user=0.13 sys=0.00, real=0.02 secs] 
2020-09-29T18:01:33.243+0200: 9.972: [GC (Allocation Failure) [PSYoungGen: 626981K->37636K(641536K)] 632793K->43448K(2039808K), 0.0183642 secs] [Times: user=0.13 sys=0.00, real=0.02 secs] 
2020-09-29T18:01:33.313+0200: 10.042: [GC (Allocation Failure) [PSYoungGen: 621828K->47621K(635904K)] 627640K->53433K(2034176K), 0.0208236 secs] [Times: user=0.25 sys=0.00, real=0.02 secs] 
2020-09-29T18:01:33.384+0200: 10.113: [GC (Allocation Failure) [PSYoungGen: 626693K->21667K(638976K)] 632505K->27479K(2037248K), 0.0120569 secs] [Times: user=0.13 sys=0.00, real=0.01 secs] 
2020-09-29T18:01:33.445+0200: 10.174: [GC (Allocation Failure) [PSYoungGen: 600739K->24836K(640512K)] 606551K->30648K(2038784K), 0.0111495 secs] [Times: user=0.00 sys=0.00, real=0.01 secs] 
2020-09-29T18:01:33.510+0200: 10.239: [GC (Allocation Failure) [PSYoungGen: 605956K->45445K(626688K)] 611768K->51257K(2024960K), 0.0195575 secs] [Times: user=0.13 sys=0.00, real=0.02 secs] 
2020-09-29T18:01:33.582+0200: 10.311: [GC (Allocation Failure) [PSYoungGen: 626565K->24868K(639488K)] 632377K->30680K(2037760K), 0.0126735 secs] [Times: user=0.08 sys=0.00, real=0.01 secs] 
2020-09-29T18:01:33.656+0200: 10.385: [GC (Allocation Failure) [PSYoungGen: 603940K->42372K(638464K)] 609752K->48184K(2036736K), 0.0202641 secs] [Times: user=0.13 sys=0.00, real=0.02 secs] 
2020-09-29T18:01:33.725+0200: 10.454: [GC (Allocation Failure) [PSYoungGen: 621444K->47141K(634368K)] 627256K->52953K(2032640K), 0.0201804 secs] [Times: user=0.13 sys=0.00, real=0.02 secs] 
2020-09-29T18:01:33.801+0200: 10.530: [GC (Allocation Failure) [PSYoungGen: 621093K->44357K(618496K)] 626905K->50169K(2016768K), 0.0197953 secs] [Times: user=0.22 sys=0.00, real=0.02 secs] 
2020-09-29T18:01:33.871+0200: 10.600: [GC (Allocation Failure) [PSYoungGen: 618309K->44133K(635392K)] 624121K->49945K(2033664K), 0.0193241 secs] [Times: user=0.13 sys=0.00, real=0.02 secs] 
2020-09-29T18:01:33.944+0200: 10.673: [GC (Allocation Failure) [PSYoungGen: 616037K->41765K(635392K)] 621849K->47577K(2033664K), 0.0182074 secs] [Times: user=0.13 sys=0.00, real=0.02 secs] 
2020-09-29T18:01:34.015+0200: 10.745: [GC (Allocation Failure) [PSYoungGen: 613669K->52548K(629760K)] 619481K->58360K(2028032K), 0.0237160 secs] [Times: user=0.25 sys=0.00, real=0.02 secs] 
2020-09-29T18:01:34.088+0200: 10.818: [GC (Allocation Failure) [PSYoungGen: 619332K->31397K(632832K)] 625144K->37209K(2031104K), 0.0138422 secs] [Times: user=0.13 sys=0.00, real=0.01 secs] 
2020-09-29T18:01:34.153+0200: 10.883: [GC (Allocation Failure) [PSYoungGen: 598181K->37605K(636928K)] 603993K->43417K(2035200K), 0.0184994 secs] [Times: user=0.11 sys=0.00, real=0.02 secs] 
2020-09-29T18:01:34.227+0200: 10.956: [GC (Allocation Failure) [PSYoungGen: 610021K->49477K(634368K)] 615833K->55289K(2032640K), 0.0234404 secs] [Times: user=0.11 sys=0.00, real=0.02 secs] 
2020-09-29T18:01:34.300+0200: 11.029: [GC (Allocation Failure) [PSYoungGen: 621893K->18084K(632832K)] 627705K->23896K(2031104K), 0.0085344 secs] [Times: user=0.11 sys=0.00, real=0.01 secs] 
2020-09-29T18:01:34.365+0200: 11.094: [GC (Allocation Failure) [PSYoungGen: 586916K->9858K(579072K)] 592728K->15670K(1977344K), 0.0062700 secs] [Times: user=0.00 sys=0.00, real=0.01 secs] 
2020-09-29T18:01:34.425+0200: 11.154: [GC (Allocation Failure) [PSYoungGen: 578690K->29700K(634368K)] 584502K->35512K(2032640K), 0.0140709 secs] [Times: user=0.13 sys=0.00, real=0.01 secs] 
2020-09-29T18:01:34.493+0200: 11.222: [GC (Allocation Failure) [PSYoungGen: 596996K->50213K(617984K)] 602808K->56025K(2016256K), 0.0218406 secs] [Times: user=0.13 sys=0.00, real=0.02 secs] 
2020-09-29T18:01:34.564+0200: 11.293: [GC (Allocation Failure) [PSYoungGen: 617509K->43237K(631808K)] 623321K->49049K(2030080K), 0.0207811 secs] [Times: user=0.22 sys=0.00, real=0.02 secs] 
2020-09-29T18:01:34.639+0200: 11.367: [GC (Allocation Failure) [PSYoungGen: 607461K->32324K(631296K)] 613273K->38136K(2029568K), 0.0149742 secs] [Times: user=0.13 sys=0.00, real=0.01 secs] 
2020-09-29T18:01:34.703+0200: 11.432: [GC (Allocation Failure) [PSYoungGen: 596548K->20932K(634368K)] 602360K->26744K(2032640K), 0.0099032 secs] [Times: user=0.13 sys=0.00, real=0.01 secs] 
2020-09-29T18:01:34.767+0200: 11.497: [GC (Allocation Failure) [PSYoungGen: 590788K->29955K(634368K)] 596600K->35767K(2032640K), 0.0163489 secs] [Times: user=0.09 sys=0.00, real=0.02 secs] 
2020-09-29T18:01:34.834+0200: 11.563: [GC (Allocation Failure) [PSYoungGen: 599811K->52933K(627712K)] 605623K->58745K(2025984K), 0.0232875 secs] [Times: user=0.13 sys=0.00, real=0.02 secs] 
2020-09-29T18:01:34.909+0200: 11.639: [GC (Allocation Failure) [PSYoungGen: 618693K->44389K(632320K)] 624505K->50201K(2030592K), 0.0200893 secs] [Times: user=0.22 sys=0.00, real=0.02 secs] 
2020-09-29T18:01:34.982+0200: 11.711: [GC (Allocation Failure) [PSYoungGen: 610149K->35909K(635392K)] 615961K->41721K(2033664K), 0.0163204 secs] [Times: user=0.11 sys=0.00, real=0.02 secs] 
2020-09-29T18:01:35.055+0200: 11.784: [GC (Allocation Failure) [PSYoungGen: 604741K->30117K(632320K)] 610553K->35929K(2030592K), 0.0150626 secs] [Times: user=0.11 sys=0.00, real=0.01 secs] 
2020-09-29T18:01:35.120+0200: 11.850: [GC (Allocation Failure) [PSYoungGen: 598949K->24709K(637440K)] 604761K->30521K(2035712K), 0.0109170 secs] [Times: user=0.13 sys=0.00, real=0.01 secs] 
2020-09-29T18:01:35.188+0200: 11.918: [GC (Allocation Failure) [PSYoungGen: 600197K->39685K(636928K)] 606009K->45497K(2035200K), 0.0201285 secs] [Times: user=0.20 sys=0.00, real=0.02 secs] 
2020-09-29T18:01:35.261+0200: 11.990: [GC (Allocation Failure) [PSYoungGen: 615173K->40933K(638464K)] 620985K->46745K(2036736K), 0.0189183 secs] [Times: user=0.11 sys=0.00, real=0.02 secs] 
2020-09-29T18:01:35.333+0200: 12.061: [GC (Allocation Failure) [PSYoungGen: 618981K->29188K(638464K)] 624793K->35000K(2036736K), 0.0137552 secs] [Times: user=0.00 sys=0.00, real=0.01 secs] 
2020-09-29T18:01:35.400+0200: 12.129: [GC (Allocation Failure) [PSYoungGen: 607236K->32580K(642048K)] 613048K->38392K(2040320K), 0.0158219 secs] [Times: user=0.13 sys=0.00, real=0.02 secs] 
2020-09-29T18:01:35.468+0200: 12.196: [GC (Allocation Failure) [PSYoungGen: 615748K->41541K(640000K)] 621560K->47353K(2038272K), 0.0180356 secs] [Times: user=0.13 sys=0.00, real=0.02 secs] 
2020-09-29T18:01:35.535+0200: 12.264: [GC (Allocation Failure) [PSYoungGen: 624709K->36773K(643072K)] 630521K->42585K(2041344K), 0.0167031 secs] [Times: user=0.14 sys=0.02, real=0.02 secs] 
2020-09-29T18:01:35.609+0200: 12.338: [GC (Allocation Failure) [PSYoungGen: 622501K->55781K(641536K)] 628313K->67705K(2039808K), 0.0313552 secs] [Times: user=0.22 sys=0.00, real=0.03 secs] 
2020-09-29T18:01:35.691+0200: 12.420: [GC (Allocation Failure) [PSYoungGen: 641509K->30980K(632320K)] 653433K->42904K(2030592K), 0.0155514 secs] [Times: user=0.13 sys=0.00, real=0.02 secs] 
2020-09-29T18:01:35.755+0200: 12.484: [GC (Allocation Failure) [PSYoungGen: 605956K->31717K(636928K)] 617880K->43641K(2035200K), 0.0139841 secs] [Times: user=0.00 sys=0.00, real=0.01 secs] 
2020-09-29T18:01:35.819+0200: 12.548: [GC (Allocation Failure) [PSYoungGen: 606693K->46149K(636416K)] 618617K->58073K(2034688K), 0.0204327 secs] [Times: user=0.13 sys=0.00, real=0.02 secs] 
2020-09-29T18:01:35.890+0200: 12.618: [GC (Allocation Failure) [PSYoungGen: 622149K->47941K(624128K)] 634073K->59865K(2022400K), 0.0211158 secs] [Times: user=0.14 sys=0.00, real=0.02 secs] 
2020-09-29T18:01:35.961+0200: 12.690: [GC (Allocation Failure) [PSYoungGen: 623941K->49701K(632832K)] 635865K->61625K(2031104K), 0.0221588 secs] [Times: user=0.13 sys=0.00, real=0.02 secs] 
2020-09-29T18:01:36.033+0200: 12.762: [GC (Allocation Failure) [PSYoungGen: 619557K->31685K(634368K)] 631481K->43609K(2032640K), 0.0138444 secs] [Times: user=0.13 sys=0.00, real=0.01 secs] 
2020-09-29T18:01:36.097+0200: 12.826: [GC (Allocation Failure) [PSYoungGen: 601541K->40965K(636928K)] 613465K->52889K(2035200K), 0.0180719 secs] [Times: user=0.25 sys=0.00, real=0.02 secs] 
2020-09-29T18:01:36.166+0200: 12.895: [GC (Allocation Failure) [PSYoungGen: 614405K->40165K(635392K)] 626329K->52089K(2033664K), 0.0182162 secs] [Times: user=0.13 sys=0.00, real=0.02 secs] 
2020-09-29T18:01:36.240+0200: 12.969: [GC (Allocation Failure) [PSYoungGen: 613605K->39365K(641024K)] 625529K->51289K(2039296K), 0.0175374 secs] [Times: user=0.13 sys=0.00, real=0.02 secs] 
2020-09-29T18:01:36.312+0200: 13.040: [GC (Allocation Failure) [PSYoungGen: 620485K->31908K(638976K)] 632409K->43832K(2037248K), 0.0156326 secs] [Times: user=0.13 sys=0.00, real=0.01 secs] 
2020-09-29T18:01:36.378+0200: 13.107: [GC (Allocation Failure) [PSYoungGen: 613028K->38053K(643072K)] 624952K->49977K(2041344K), 0.0171182 secs] [Times: user=0.13 sys=0.00, real=0.02 secs] 
2020-09-29T18:01:36.446+0200: 13.175: [GC (Allocation Failure) [PSYoungGen: 623781K->49605K(635392K)] 635705K->61529K(2033664K), 0.0216366 secs] [Times: user=0.13 sys=0.00, real=0.02 secs] 
2020-09-29T18:01:36.518+0200: 13.247: [GC (Allocation Failure) [PSYoungGen: 635333K->47365K(638976K)] 647257K->59289K(2037248K), 0.0210777 secs] [Times: user=0.25 sys=0.00, real=0.02 secs] 
2020-09-29T18:01:36.590+0200: 13.319: [GC (Allocation Failure) [PSYoungGen: 628485K->26853K(608256K)] 640409K->38777K(2006528K), 0.0134899 secs] [Times: user=0.11 sys=0.00, real=0.01 secs] 
2020-09-29T18:01:36.659+0200: 13.387: [GC (Allocation Failure) [PSYoungGen: 607973K->33699K(640512K)] 619897K->45623K(2038784K), 0.0168213 secs] [Times: user=0.13 sys=0.00, real=0.02 secs] 
2020-09-29T18:01:36.726+0200: 13.455: [GC (Allocation Failure) [PSYoungGen: 614819K->24900K(639488K)] 626743K->36824K(2037760K), 0.0120064 secs] [Times: user=0.00 sys=0.00, real=0.01 secs] 
2020-09-29T18:01:36.795+0200: 13.524: [GC (Allocation Failure) [PSYoungGen: 606020K->31236K(641024K)] 617944K->43160K(2039296K), 0.0152529 secs] [Times: user=0.13 sys=0.00, real=0.01 secs] 
2020-09-29T18:01:36.860+0200: 13.589: [GC (Allocation Failure) [PSYoungGen: 613380K->25445K(640000K)] 625304K->37369K(2038272K), 0.0111019 secs] [Times: user=0.13 sys=0.00, real=0.01 secs] 
2020-09-29T18:01:36.921+0200: 13.650: [GC (Allocation Failure) [PSYoungGen: 607589K->31876K(643072K)] 619513K->43800K(2041344K), 0.0151416 secs] [Times: user=0.13 sys=0.00, real=0.02 secs] 
2020-09-29T18:01:36.992+0200: 13.721: [GC (Allocation Failure) [PSYoungGen: 617604K->29572K(641536K)] 629528K->41496K(2039808K), 0.0144480 secs] [Times: user=0.13 sys=0.00, real=0.01 secs] 
2020-09-29T18:01:37.061+0200: 13.790: [GC (Allocation Failure) [PSYoungGen: 615300K->39204K(644096K)] 627224K->51128K(2042368K), 0.0180219 secs] [Times: user=0.13 sys=0.00, real=0.02 secs] 
2020-09-29T18:01:37.132+0200: 13.861: [GC (Allocation Failure) [PSYoungGen: 628516K->25765K(644096K)] 640440K->37689K(2042368K), 0.0127391 secs] [Times: user=0.00 sys=0.00, real=0.01 secs] 
2020-09-29T18:01:37.197+0200: 13.926: [GC (Allocation Failure) [PSYoungGen: 615077K->26565K(645632K)] 627001K->38489K(2043904K), 0.0133912 secs] [Times: user=0.11 sys=0.00, real=0.01 secs] 
2020-09-29T18:01:37.262+0200: 13.991: [GC (Allocation Failure) [PSYoungGen: 617925K->27397K(644608K)] 629849K->39321K(2042880K), 0.0116066 secs] [Times: user=0.13 sys=0.00, real=0.01 secs] 
2020-09-29T18:01:37.325+0200: 14.054: [GC (Allocation Failure) [PSYoungGen: 618757K->14564K(644096K)] 630681K->26488K(2042368K), 0.0072495 secs] [Times: user=0.00 sys=0.00, real=0.01 secs] 
2020-09-29T18:01:37.395+0200: 14.124: [GC (Allocation Failure) [PSYoungGen: 605924K->31108K(645120K)] 617848K->43032K(2043392K), 0.0162601 secs] [Times: user=0.23 sys=0.00, real=0.02 secs] 
2020-09-29T18:01:37.463+0200: 14.192: [GC (Allocation Failure) [PSYoungGen: 622468K->48261K(638976K)] 634392K->60185K(2037248K), 0.0230267 secs] [Times: user=0.13 sys=0.00, real=0.02 secs] 
2020-09-29T18:01:37.545+0200: 14.273: [GC (Allocation Failure) [PSYoungGen: 635525K->31524K(643072K)] 647449K->43448K(2041344K), 0.0160101 secs] [Times: user=0.13 sys=0.00, real=0.02 secs] 
2020-09-29T18:01:37.616+0200: 14.345: [GC (Allocation Failure) [PSYoungGen: 618788K->44581K(640000K)] 630712K->56505K(2038272K), 0.0236126 secs] [Times: user=0.11 sys=0.00, real=0.02 secs] 
2020-09-29T18:01:37.692+0200: 14.421: [GC (Allocation Failure) [PSYoungGen: 630821K->28996K(642560K)] 642745K->40920K(2040832K), 0.0146205 secs] [Times: user=0.00 sys=0.00, real=0.02 secs] 
2020-09-29T18:01:37.760+0200: 14.489: [GC (Allocation Failure) [PSYoungGen: 615236K->39717K(644096K)] 627160K->51641K(2042368K), 0.0188309 secs] [Times: user=0.13 sys=0.00, real=0.02 secs] 
2020-09-29T18:01:37.830+0200: 14.558: [GC (Allocation Failure) [PSYoungGen: 629029K->26564K(644096K)] 640953K->38488K(2042368K), 0.0135231 secs] [Times: user=0.13 sys=0.00, real=0.01 secs] 
2020-09-29T18:01:37.907+0200: 14.636: [GC (Allocation Failure) [PSYoungGen: 615876K->27108K(645632K)] 627800K->39032K(2043904K), 0.0141146 secs] [Times: user=0.13 sys=0.00, real=0.01 secs] 
2020-09-29T18:01:37.975+0200: 14.704: [GC (Allocation Failure) [PSYoungGen: 618468K->53221K(644608K)] 630392K->69729K(2042880K), 0.0281397 secs] [Times: user=0.13 sys=0.00, real=0.03 secs] 
2020-09-29T18:01:38.055+0200: 14.784: [GC (Allocation Failure) [PSYoungGen: 644581K->33989K(637440K)] 661089K->50497K(2035712K), 0.0163280 secs] [Times: user=0.13 sys=0.00, real=0.02 secs] 
2020-09-29T18:01:38.122+0200: 14.850: [GC (Allocation Failure) [PSYoungGen: 617157K->27748K(641024K)] 633665K->44256K(2039296K), 0.0144848 secs] [Times: user=0.13 sys=0.00, real=0.01 secs] 
2020-09-29T18:01:38.196+0200: 14.925: [GC (Allocation Failure) [PSYoungGen: 610916K->22469K(642048K)] 627424K->38977K(2040320K), 0.0117447 secs] [Times: user=0.00 sys=0.00, real=0.01 secs] 
2020-09-29T18:01:38.262+0200: 14.990: [GC (Allocation Failure) [PSYoungGen: 607685K->47141K(632832K)] 624193K->63649K(2031104K), 0.0217882 secs] [Times: user=0.13 sys=0.00, real=0.02 secs] 
2020-09-29T18:01:38.335+0200: 15.064: [GC (Allocation Failure) [PSYoungGen: 632357K->30693K(641024K)] 648865K->47201K(2039296K), 0.0149874 secs] [Times: user=0.13 sys=0.00, real=0.01 secs] 
2020-09-29T18:01:38.412+0200: 15.141: [GC (Allocation Failure) [PSYoungGen: 611813K->37605K(638976K)] 628321K->54113K(2037248K), 0.0173255 secs] [Times: user=0.13 sys=0.00, real=0.02 secs] 
2020-09-29T18:01:38.480+0200: 15.209: [GC (Allocation Failure) [PSYoungGen: 618725K->16643K(641024K)] 635233K->33151K(2039296K), 0.0102479 secs] [Times: user=0.13 sys=0.00, real=0.01 secs] 
2020-09-29T18:01:38.542+0200: 15.271: [GC (Allocation Failure) [PSYoungGen: 600835K->40165K(624640K)] 617343K->56673K(2022912K), 0.0201731 secs] [Times: user=0.11 sys=0.00, real=0.02 secs] 
2020-09-29T18:01:38.615+0200: 15.344: [GC (Allocation Failure) [PSYoungGen: 624357K->36485K(642048K)] 640865K->52993K(2040320K), 0.0201352 secs] [Times: user=0.11 sys=0.00, real=0.02 secs] 
2020-09-29T18:01:38.687+0200: 15.416: [GC (Allocation Failure) [PSYoungGen: 620677K->46309K(630784K)] 637185K->62817K(2029056K), 0.0224861 secs] [Times: user=0.25 sys=0.00, real=0.02 secs] 
2020-09-29T18:01:38.761+0200: 15.490: [GC (Allocation Failure) [PSYoungGen: 630501K->28901K(641024K)] 647009K->45409K(2039296K), 0.0149296 secs] [Times: user=0.13 sys=0.00, real=0.02 secs] 
2020-09-29T18:01:38.830+0200: 15.559: [GC (Allocation Failure) [PSYoungGen: 611045K->36709K(640000K)] 627553K->53217K(2038272K), 0.0182072 secs] [Times: user=0.14 sys=0.00, real=0.02 secs] 
2020-09-29T18:01:38.899+0200: 15.628: [GC (Allocation Failure) [PSYoungGen: 618853K->44645K(639488K)] 635361K->61153K(2037760K), 0.0218683 secs] [Times: user=0.13 sys=0.00, real=0.02 secs] 
2020-09-29T18:01:38.975+0200: 15.704: [GC (Allocation Failure) [PSYoungGen: 627813K->39909K(641024K)] 644321K->56417K(2039296K), 0.0194476 secs] [Times: user=0.13 sys=0.00, real=0.02 secs] 
2020-09-29T18:01:39.045+0200: 15.774: [GC (Allocation Failure) [PSYoungGen: 623077K->32516K(643072K)] 639585K->49024K(2041344K), 0.0171985 secs] [Times: user=0.13 sys=0.00, real=0.02 secs] 
2020-09-29T18:01:39.113+0200: 15.842: [GC (Allocation Failure) [PSYoungGen: 618244K->44005K(641536K)] 634752K->60513K(2039808K), 0.0213245 secs] [Times: user=0.25 sys=0.00, real=0.02 secs] 
2020-09-29T18:01:39.188+0200: 15.917: [GC (Allocation Failure) [PSYoungGen: 629733K->38885K(643072K)] 646241K->55393K(2041344K), 0.0214536 secs] [Times: user=0.22 sys=0.00, real=0.02 secs] 
2020-09-29T18:01:39.263+0200: 15.992: [GC (Allocation Failure) [PSYoungGen: 625125K->37157K(642048K)] 641633K->53665K(2040320K), 0.0171306 secs] [Times: user=0.13 sys=0.00, real=0.02 secs] 
2020-09-29T18:01:39.335+0200: 16.064: [GC (Allocation Failure) [PSYoungGen: 623397K->35428K(646144K)] 639905K->51936K(2044416K), 0.0179892 secs] [Times: user=0.13 sys=0.00, real=0.02 secs] 
2020-09-29T18:01:39.421+0200: 16.150: [GC (Allocation Failure) [PSYoungGen: 627812K->39909K(645120K)] 644320K->56417K(2043392K), 0.0197593 secs] [Times: user=0.13 sys=0.00, real=0.02 secs] 
2020-09-29T18:01:39.493+0200: 16.222: [GC (Allocation Failure) [PSYoungGen: 632293K->29060K(646656K)] 648801K->45568K(2044928K), 0.0159516 secs] [Times: user=0.13 sys=0.00, real=0.02 secs] 
2020-09-29T18:01:39.561+0200: 16.290: [GC (Allocation Failure) [PSYoungGen: 623492K->35589K(646656K)] 640000K->52097K(2044928K), 0.0180198 secs] [Times: user=0.11 sys=0.00, real=0.02 secs] 
2020-09-29T18:01:39.638+0200: 16.367: [GC (Allocation Failure) [PSYoungGen: 630021K->27588K(648192K)] 646529K->44096K(2046464K), 0.0146031 secs] [Times: user=0.13 sys=0.00, real=0.01 secs] 
2020-09-29T18:01:39.705+0200: 16.435: [GC (Allocation Failure) [PSYoungGen: 625092K->36612K(648192K)] 641600K->53120K(2046464K), 0.0191131 secs] [Times: user=0.25 sys=0.00, real=0.02 secs] 
2020-09-29T18:01:39.776+0200: 16.506: [GC (Allocation Failure) [PSYoungGen: 634116K->32548K(650240K)] 650624K->49056K(2048512K), 0.0166369 secs] [Times: user=0.13 sys=0.00, real=0.02 secs] 
2020-09-29T18:01:39.848+0200: 16.577: [GC (Allocation Failure) [PSYoungGen: 633124K->45221K(646144K)] 649632K->61729K(2044416K), 0.0224030 secs] [Times: user=0.11 sys=0.01, real=0.02 secs] 
2020-09-29T18:01:39.925+0200: 16.654: [GC (Allocation Failure) [PSYoungGen: 645797K->44197K(644608K)] 662305K->60705K(2042880K), 0.0224705 secs] [Times: user=0.20 sys=0.00, real=0.02 secs] 
2020-09-29T18:01:40.000+0200: 16.729: [GC (Allocation Failure) [PSYoungGen: 637605K->36005K(646144K)] 654113K->52513K(2044416K), 0.0174603 secs] [Times: user=0.13 sys=0.00, real=0.02 secs] 
2020-09-29T18:01:40.068+0200: 16.798: [GC (Allocation Failure) [PSYoungGen: 629413K->27813K(647680K)] 645921K->44321K(2045952K), 0.0130033 secs] [Times: user=0.00 sys=0.00, real=0.01 secs] 
2020-09-29T18:01:40.143+0200: 16.872: [GC (Allocation Failure) [PSYoungGen: 624293K->50117K(646656K)] 640801K->66625K(2044928K), 0.0248498 secs] [Times: user=0.25 sys=0.00, real=0.03 secs] 
2020-09-29T18:01:40.223+0200: 16.952: [GC (Allocation Failure) [PSYoungGen: 646597K->44837K(638464K)] 663105K->61345K(2036736K), 0.0219211 secs] [Times: user=0.13 sys=0.00, real=0.02 secs] 
2020-09-29T18:01:40.298+0200: 17.027: [GC (Allocation Failure) [PSYoungGen: 631077K->43173K(642560K)] 647585K->59681K(2040832K), 0.0213160 secs] [Times: user=0.25 sys=0.00, real=0.02 secs] 
2020-09-29T18:01:40.369+0200: 17.098: [GC (Allocation Failure) [PSYoungGen: 629413K->41509K(643584K)] 645921K->58017K(2041856K), 0.0198246 secs] [Times: user=0.13 sys=0.00, real=0.02 secs] 
2020-09-29T18:01:40.441+0200: 17.170: [GC (Allocation Failure) [PSYoungGen: 628773K->40228K(642560K)] 645281K->56736K(2040832K), 0.0200981 secs] [Times: user=0.23 sys=0.00, real=0.02 secs] 
2020-09-29T18:01:40.516+0200: 17.245: [GC (Allocation Failure) [PSYoungGen: 627492K->38565K(646144K)] 644000K->55073K(2044416K), 0.0187273 secs] [Times: user=0.13 sys=0.00, real=0.02 secs] 
2020-09-29T18:01:40.592+0200: 17.321: [GC (Allocation Failure) [PSYoungGen: 630437K->52709K(644608K)] 646945K->72641K(2042880K), 0.0301873 secs] [Times: user=0.22 sys=0.00, real=0.03 secs] 
2020-09-29T18:01:40.674+0200: 17.403: [GC (Allocation Failure) [PSYoungGen: 644581K->13986K(631296K)] 664513K->33918K(2029568K), 0.0097096 secs] [Times: user=0.13 sys=0.00, real=0.01 secs] 
2020-09-29T18:01:40.737+0200: 17.467: [GC (Allocation Failure) [PSYoungGen: 591010K->15298K(592384K)] 610942K->35230K(1990656K), 0.0106795 secs] [Times: user=0.13 sys=0.00, real=0.01 secs] 
2020-09-29T18:01:40.805+0200: 17.535: [GC (Allocation Failure) [PSYoungGen: 592322K->31684K(638464K)] 612254K->51616K(2036736K), 0.0171675 secs] [Times: user=0.13 sys=0.00, real=0.02 secs] 
2020-09-29T18:01:40.873+0200: 17.602: [GC (Allocation Failure) [PSYoungGen: 607684K->45764K(636416K)] 627616K->65696K(2034688K), 0.0227666 secs] [Times: user=0.25 sys=0.00, real=0.02 secs] 
2020-09-29T18:01:40.945+0200: 17.674: [GC (Allocation Failure) [PSYoungGen: 621764K->31589K(638976K)] 641696K->51521K(2037248K), 0.0157132 secs] [Times: user=0.13 sys=0.00, real=0.02 secs] 
2020-09-29T18:01:41.010+0200: 17.740: [GC (Allocation Failure) [PSYoungGen: 608613K->34341K(636928K)] 628545K->54273K(2035200K), 0.0158681 secs] [Times: user=0.13 sys=0.00, real=0.02 secs] 
2020-09-29T18:01:41.076+0200: 17.805: [GC (Allocation Failure) [PSYoungGen: 611365K->22787K(641024K)] 631297K->42719K(2039296K), 0.0121898 secs] [Times: user=0.13 sys=0.00, real=0.01 secs] 
2020-09-29T18:01:41.156+0200: 17.885: [GC (Allocation Failure) [PSYoungGen: 605955K->45445K(628736K)] 625887K->65377K(2027008K), 0.0212869 secs] [Times: user=0.25 sys=0.00, real=0.02 secs] 
2020-09-29T18:01:41.236+0200: 17.966: [GC (Allocation Failure) [PSYoungGen: 628613K->40741K(639488K)] 648545K->60673K(2037760K), 0.0198654 secs] [Times: user=0.25 sys=0.00, real=0.02 secs] 
2020-09-29T18:01:41.308+0200: 18.037: [GC (Allocation Failure) [PSYoungGen: 620325K->31140K(638976K)] 640257K->51072K(2037248K), 0.0160263 secs] [Times: user=0.13 sys=0.00, real=0.02 secs] 
2020-09-29T18:01:41.376+0200: 18.105: [GC (Allocation Failure) [PSYoungGen: 610724K->21636K(641024K)] 630656K->41568K(2039296K), 0.0113349 secs] [Times: user=0.13 sys=0.00, real=0.01 secs] 
2020-09-29T18:01:41.441+0200: 18.170: [GC (Allocation Failure) [PSYoungGen: 604804K->42820K(626176K)] 624736K->62752K(2024448K), 0.0208630 secs] [Times: user=0.25 sys=0.00, real=0.02 secs] 
2020-09-29T18:01:41.512+0200: 18.241: [GC (Allocation Failure) [PSYoungGen: 625988K->38021K(641536K)] 645920K->57953K(2039808K), 0.0172101 secs] [Times: user=0.13 sys=0.00, real=0.02 secs] 
2020-09-29T18:01:41.581+0200: 18.310: [GC (Allocation Failure) [PSYoungGen: 620677K->18275K(640000K)] 640609K->38207K(2038272K), 0.0111132 secs] [Times: user=0.11 sys=0.00, real=0.01 secs] 
2020-09-29T18:01:41.647+0200: 18.377: [GC (Allocation Failure) [PSYoungGen: 600931K->26725K(642048K)] 620863K->46657K(2040320K), 0.0131548 secs] [Times: user=0.02 sys=0.00, real=0.01 secs] 
2020-09-29T18:01:41.711+0200: 18.440: [GC (Allocation Failure) [PSYoungGen: 610405K->36165K(640512K)] 630337K->56097K(2038784K), 0.0169260 secs] [Times: user=0.13 sys=0.00, real=0.02 secs] 
2020-09-29T18:01:41.778+0200: 18.508: [GC (Allocation Failure) [PSYoungGen: 619845K->43781K(640000K)] 639777K->63713K(2038272K), 0.0208768 secs] [Times: user=0.13 sys=0.00, real=0.02 secs] 
2020-09-29T18:01:41.854+0200: 18.583: [GC (Allocation Failure) [PSYoungGen: 627973K->40037K(641536K)] 647905K->59969K(2039808K), 0.0194084 secs] [Times: user=0.13 sys=0.00, real=0.02 secs] 
2020-09-29T18:01:41.925+0200: 18.654: [GC (Allocation Failure) [PSYoungGen: 624229K->50085K(634368K)] 644161K->70017K(2032640K), 0.0235018 secs] [Times: user=0.23 sys=0.00, real=0.02 secs] 
2020-09-29T18:01:41.998+0200: 18.727: [GC (Allocation Failure) [PSYoungGen: 627109K->25028K(637952K)] 647041K->44960K(2036224K), 0.0122706 secs] [Times: user=0.13 sys=0.00, real=0.01 secs] 
2020-09-29T18:01:42.061+0200: 18.791: [GC (Allocation Failure) [PSYoungGen: 602052K->41444K(638976K)] 621984K->61376K(2037248K), 0.0208815 secs] [Times: user=0.13 sys=0.00, real=0.02 secs] 
2020-09-29T18:01:42.132+0200: 18.861: [GC (Allocation Failure) [PSYoungGen: 620004K->31588K(638464K)] 639936K->51520K(2036736K), 0.0159317 secs] [Times: user=0.13 sys=0.00, real=0.02 secs] 
2020-09-29T18:01:42.200+0200: 18.929: [GC (Allocation Failure) [PSYoungGen: 610148K->49477K(634368K)] 630080K->69409K(2032640K), 0.0258260 secs] [Times: user=0.23 sys=0.00, real=0.02 secs] 
2020-09-29T18:01:42.279+0200: 19.008: [GC (Allocation Failure) [PSYoungGen: 625477K->22564K(637440K)] 645409K->42496K(2035712K), 0.0119316 secs] [Times: user=0.13 sys=0.00, real=0.01 secs] 
2020-09-29T18:01:42.343+0200: 19.072: [GC (Allocation Failure) [PSYoungGen: 598564K->51685K(630272K)] 618496K->71617K(2028544K), 0.0244349 secs] [Times: user=0.23 sys=0.00, real=0.02 secs] 
2020-09-29T18:01:42.417+0200: 19.147: [GC (Allocation Failure) [PSYoungGen: 620517K->45189K(633856K)] 640449K->65121K(2032128K), 0.0153913 secs] [Times: user=0.13 sys=0.00, real=0.02 secs] 
2020-09-29T18:01:42.481+0200: 19.211: [GC (Allocation Failure) [PSYoungGen: 614021K->24995K(634368K)] 633953K->44927K(2032640K), 0.0105077 secs] [Times: user=0.13 sys=0.00, real=0.01 secs] 
2020-09-29T18:01:42.541+0200: 19.271: [GC (Allocation Failure) [PSYoungGen: 594339K->33765K(633856K)] 614271K->53697K(2032128K), 0.0117111 secs] [Times: user=0.13 sys=0.00, real=0.01 secs] 
2020-09-29T18:01:42.604+0200: 19.333: [GC (Allocation Failure) [PSYoungGen: 603109K->28804K(637952K)] 623041K->48736K(2036224K), 0.0114722 secs] [Times: user=0.11 sys=0.00, real=0.01 secs] 
2020-09-29T18:01:42.666+0200: 19.396: [GC (Allocation Failure) [PSYoungGen: 604292K->43749K(636416K)] 624224K->63681K(2034688K), 0.0154934 secs] [Times: user=0.13 sys=0.00, real=0.02 secs] 
2020-09-29T18:01:42.731+0200: 19.461: [GC (Allocation Failure) [PSYoungGen: 619237K->58629K(626176K)] 639169K->78561K(2024448K), 0.0192263 secs] [Times: user=0.13 sys=0.00, real=0.02 secs] 
2020-09-29T18:01:42.799+0200: 19.529: [GC (Allocation Failure) [PSYoungGen: 623365K->21636K(631808K)] 643297K->41568K(2030080K), 0.0082432 secs] [Times: user=0.13 sys=0.00, real=0.01 secs] 
2020-09-29T18:01:42.857+0200: 19.586: [GC (Allocation Failure) [PSYoungGen: 586372K->38916K(633856K)] 606304K->58848K(2032128K), 0.0142765 secs] [Times: user=0.13 sys=0.00, real=0.01 secs] 
2020-09-29T18:01:42.920+0200: 19.649: [GC (Allocation Failure) [PSYoungGen: 605700K->17315K(631808K)] 625632K->37247K(2030080K), 0.0073058 secs] [Times: user=0.13 sys=0.00, real=0.01 secs] 
2020-09-29T18:01:42.978+0200: 19.707: [GC (Allocation Failure) [PSYoungGen: 584099K->37093K(635392K)] 604031K->57025K(2033664K), 0.0133126 secs] [Times: user=0.13 sys=0.00, real=0.01 secs] 
2020-09-29T18:01:43.043+0200: 19.772: [GC (Allocation Failure) [PSYoungGen: 606949K->31300K(633344K)] 626881K->51232K(2031616K), 0.0122595 secs] [Times: user=0.13 sys=0.00, real=0.01 secs] 
2020-09-29T18:01:43.104+0200: 19.833: [GC (Allocation Failure) [PSYoungGen: 601156K->40613K(637952K)] 621088K->60545K(2036224K), 0.0147775 secs] [Times: user=0.13 sys=0.00, real=0.01 secs] 
2020-09-29T18:01:43.169+0200: 19.899: [GC (Allocation Failure) [PSYoungGen: 617125K->42853K(637440K)] 637057K->62785K(2035712K), 0.0161923 secs] [Times: user=0.13 sys=0.00, real=0.02 secs] 
2020-09-29T18:01:43.237+0200: 19.967: [GC (Allocation Failure) [PSYoungGen: 619365K->44036K(636928K)] 639297K->63968K(2035200K), 0.0161116 secs] [Times: user=0.13 sys=0.00, real=0.02 secs] 
2020-09-29T18:01:43.303+0200: 20.032: [GC (Allocation Failure) [PSYoungGen: 620036K->45444K(621568K)] 639968K->65376K(2019840K), 0.0166426 secs] [Times: user=0.13 sys=0.00, real=0.02 secs] 
2020-09-29T18:01:43.370+0200: 20.099: [GC (Allocation Failure) [PSYoungGen: 621444K->47173K(634880K)] 641376K->67105K(2033152K), 0.0161085 secs] [Times: user=0.13 sys=0.00, real=0.02 secs] 
2020-09-29T18:01:43.436+0200: 20.165: [GC (Allocation Failure) [PSYoungGen: 620101K->59461K(632832K)] 640033K->79393K(2031104K), 0.0200596 secs] [Times: user=0.13 sys=0.00, real=0.02 secs] 
2020-09-29T18:01:43.505+0200: 20.234: [GC (Allocation Failure) [PSYoungGen: 632389K->44453K(630784K)] 652321K->64385K(2029056K), 0.0154935 secs] [Times: user=0.13 sys=0.00, real=0.01 secs] 
2020-09-29T18:01:43.571+0200: 20.300: [GC (Allocation Failure) [PSYoungGen: 609189K->34757K(631808K)] 629121K->54689K(2030080K), 0.0127989 secs] [Times: user=0.11 sys=0.00, real=0.01 secs] 
2020-09-29T18:01:43.634+0200: 20.363: [GC (Allocation Failure) [PSYoungGen: 599493K->35556K(634880K)] 619425K->55488K(2033152K), 0.0127828 secs] [Times: user=0.13 sys=0.00, real=0.01 secs] 
2020-09-29T18:01:43.696+0200: 20.425: [GC (Allocation Failure) [PSYoungGen: 604900K->29700K(633344K)] 624832K->49632K(2031616K), 0.0112562 secs] [Times: user=0.00 sys=0.00, real=0.01 secs] 
2020-09-29T18:01:43.756+0200: 20.485: [GC (Allocation Failure) [PSYoungGen: 599044K->24612K(635392K)] 618976K->44544K(2033664K), 0.0097789 secs] [Times: user=0.00 sys=0.00, real=0.01 secs] 
2020-09-29T18:01:43.816+0200: 20.546: [GC (Allocation Failure) [PSYoungGen: 596516K->35973K(635392K)] 616448K->55905K(2033664K), 0.0134262 secs] [Times: user=0.13 sys=0.00, real=0.01 secs] 
2020-09-29T18:01:43.879+0200: 20.609: [GC (Allocation Failure) [PSYoungGen: 607877K->33379K(639488K)] 627809K->53311K(2037760K), 0.0134540 secs] [Times: user=0.00 sys=0.00, real=0.01 secs] 
2020-09-29T18:01:43.943+0200: 20.672: [GC (Allocation Failure) [PSYoungGen: 611939K->37733K(637952K)] 631871K->57665K(2036224K), 0.0130227 secs] [Times: user=0.00 sys=0.00, real=0.01 secs] 
2020-09-29T18:01:44.005+0200: 20.735: [GC (Allocation Failure) [PSYoungGen: 616293K->42085K(641536K)] 636225K->62017K(2039808K), 0.0146887 secs] [Times: user=0.13 sys=0.00, real=0.01 secs] 
2020-09-29T18:01:44.070+0200: 20.799: [GC (Allocation Failure) [PSYoungGen: 626277K->22788K(607232K)] 646209K->42720K(2005504K), 0.0087777 secs] [Times: user=0.00 sys=0.00, real=0.01 secs] 
2020-09-29T18:01:44.131+0200: 20.860: [GC (Allocation Failure) [PSYoungGen: 606166K->17923K(638976K)] 626098K->37855K(2037248K), 0.0074545 secs] [Times: user=0.00 sys=0.00, real=0.01 secs] 
2020-09-29T18:01:44.190+0200: 20.920: [GC (Allocation Failure) [PSYoungGen: 599043K->38469K(640000K)] 618975K->58401K(2038272K), 0.0182588 secs] [Times: user=0.20 sys=0.00, real=0.02 secs] 
2020-09-29T18:01:44.260+0200: 20.989: [GC (Allocation Failure) [PSYoungGen: 619589K->31685K(642560K)] 639521K->51617K(2040832K), 0.0109705 secs] [Times: user=0.13 sys=0.00, real=0.01 secs] 
2020-09-29T18:01:44.321+0200: 21.051: [GC (Allocation Failure) [PSYoungGen: 616389K->28517K(641024K)] 636321K->48449K(2039296K), 0.0107152 secs] [Times: user=0.00 sys=0.00, real=0.01 secs] 
2020-09-29T18:01:44.383+0200: 21.112: [GC (Allocation Failure) [PSYoungGen: 613221K->38276K(644096K)] 633153K->58208K(2042368K), 0.0148569 secs] [Times: user=0.13 sys=0.00, real=0.02 secs] 
2020-09-29T18:01:44.449+0200: 21.178: [GC (Allocation Failure) [PSYoungGen: 627588K->21795K(644096K)] 647520K->41727K(2042368K), 0.0092445 secs] [Times: user=0.13 sys=0.00, real=0.01 secs] 
2020-09-29T18:01:44.508+0200: 21.238: [GC (Allocation Failure) [PSYoungGen: 611107K->36869K(645120K)] 631039K->56801K(2043392K), 0.0132555 secs] [Times: user=0.13 sys=0.00, real=0.01 secs] 
2020-09-29T18:01:44.575+0200: 21.305: [GC (Allocation Failure) [PSYoungGen: 627205K->39397K(644096K)] 647137K->59329K(2042368K), 0.0176888 secs] [Times: user=0.09 sys=0.00, real=0.02 secs] 
2020-09-29T18:01:44.645+0200: 21.375: [GC (Allocation Failure) [PSYoungGen: 629733K->41797K(642560K)] 649665K->61729K(2040832K), 0.0152883 secs] [Times: user=0.02 sys=0.02, real=0.02 secs] 
2020-09-29T18:01:44.712+0200: 21.442: [GC (Allocation Failure) [PSYoungGen: 630085K->41924K(630272K)] 650017K->61856K(2028544K), 0.0152739 secs] [Times: user=0.13 sys=0.00, real=0.02 secs] 
2020-09-29T18:01:44.778+0200: 21.508: [GC (Allocation Failure) [PSYoungGen: 630212K->28516K(644096K)] 650144K->48448K(2042368K), 0.0111274 secs] [Times: user=0.13 sys=0.00, real=0.01 secs] 
2020-09-29T18:01:44.844+0200: 21.573: [GC (Allocation Failure) [PSYoungGen: 616804K->40004K(643072K)] 636736K->59936K(2041344K), 0.0156534 secs] [Times: user=0.13 sys=0.00, real=0.01 secs] 
2020-09-29T18:01:44.910+0200: 21.640: [GC (Allocation Failure) [PSYoungGen: 628292K->40165K(644096K)] 648224K->60097K(2042368K), 0.0146762 secs] [Times: user=0.13 sys=0.00, real=0.01 secs] 
2020-09-29T18:01:44.976+0200: 21.706: [GC (Allocation Failure) [PSYoungGen: 629477K->27813K(644096K)] 649409K->47745K(2042368K), 0.0094371 secs] [Times: user=0.00 sys=0.00, real=0.01 secs] 
2020-09-29T18:01:45.036+0200: 21.765: [GC (Allocation Failure) [PSYoungGen: 617125K->13667K(641536K)] 637057K->33599K(2039808K), 0.0054961 secs] [Times: user=0.00 sys=0.00, real=0.00 secs] 
2020-09-29T18:01:45.092+0200: 21.821: [GC (Allocation Failure) [PSYoungGen: 600931K->40389K(627712K)] 620863K->60321K(2025984K), 0.0143077 secs] [Times: user=0.13 sys=0.00, real=0.01 secs] 
2020-09-29T18:01:45.157+0200: 21.886: [GC (Allocation Failure) [PSYoungGen: 627653K->53029K(632320K)] 647585K->72961K(2030592K), 0.0188332 secs] [Times: user=0.13 sys=0.02, real=0.02 secs] 
2020-09-29T18:01:45.228+0200: 21.958: [GC (Allocation Failure) [PSYoungGen: 629029K->41061K(637440K)] 648961K->60993K(2035712K), 0.0152780 secs] [Times: user=0.13 sys=0.00, real=0.02 secs] 
2020-09-29T18:01:45.293+0200: 22.023: [GC (Allocation Failure) [PSYoungGen: 617061K->29189K(639488K)] 636993K->49121K(2037760K), 0.0100143 secs] [Times: user=0.13 sys=0.00, real=0.01 secs] 
2020-09-29T18:01:45.353+0200: 22.083: [GC (Allocation Failure) [PSYoungGen: 607749K->32837K(637952K)] 627681K->52769K(2036224K), 0.0118408 secs] [Times: user=0.13 sys=0.00, real=0.01 secs] 
2020-09-29T18:01:45.416+0200: 22.145: [GC (Allocation Failure) [PSYoungGen: 611397K->37157K(642560K)] 631329K->57089K(2040832K), 0.0135318 secs] [Times: user=0.13 sys=0.00, real=0.01 secs] 
2020-09-29T18:01:45.482+0200: 22.212: [GC (Allocation Failure) [PSYoungGen: 621861K->33444K(641024K)] 641793K->53376K(2039296K), 0.0132983 secs] [Times: user=0.13 sys=0.00, real=0.01 secs] 
2020-09-29T18:01:45.548+0200: 22.277: [GC (Allocation Failure) [PSYoungGen: 618148K->14435K(641536K)] 638080K->34367K(2039808K), 0.0068143 secs] [Times: user=0.11 sys=0.00, real=0.01 secs] 
2020-09-29T18:01:45.609+0200: 22.338: [GC (Allocation Failure) [PSYoungGen: 601699K->40965K(628736K)] 621631K->60897K(2027008K), 0.0174129 secs] [Times: user=0.11 sys=0.00, real=0.02 secs] 
2020-09-29T18:01:45.677+0200: 22.407: [GC (Allocation Failure) [PSYoungGen: 628229K->40101K(642048K)] 648161K->60033K(2040320K), 0.0146923 secs] [Times: user=0.13 sys=0.00, real=0.01 secs] 
2020-09-29T18:01:45.742+0200: 22.472: [GC (Allocation Failure) [PSYoungGen: 625317K->35011K(642048K)] 645249K->54943K(2040320K), 0.0139111 secs] [Times: user=0.13 sys=0.00, real=0.01 secs] 
2020-09-29T18:01:45.807+0200: 22.537: [GC (Allocation Failure) [PSYoungGen: 620227K->32261K(645632K)] 640159K->52193K(2043904K), 0.0117595 secs] [Times: user=0.13 sys=0.00, real=0.01 secs] 
2020-09-29T18:01:45.873+0200: 22.603: [GC (Allocation Failure) [PSYoungGen: 623109K->35269K(644096K)] 643041K->55201K(2042368K), 0.0130320 secs] [Times: user=0.13 sys=0.00, real=0.01 secs] 
2020-09-29T18:01:45.940+0200: 22.670: [GC (Allocation Failure) [PSYoungGen: 626117K->23427K(647168K)] 646049K->43359K(2045440K), 0.0122629 secs] [Times: user=0.11 sys=0.00, real=0.01 secs] 
2020-09-29T18:01:46.007+0200: 22.736: [GC (Allocation Failure) [PSYoungGen: 618883K->30981K(647168K)] 638815K->50913K(2045440K), 0.0136373 secs] [Times: user=0.13 sys=0.00, real=0.01 secs] 
2020-09-29T18:01:46.075+0200: 22.804: [GC (Allocation Failure) [PSYoungGen: 626437K->50149K(637440K)] 646369K->72097K(2035712K), 0.0189691 secs] [Times: user=0.13 sys=0.00, real=0.02 secs] 
2020-09-29T18:01:46.144+0200: 22.874: [GC (Allocation Failure) [PSYoungGen: 637413K->37284K(643072K)] 659361K->59232K(2041344K), 0.0146357 secs] [Times: user=0.13 sys=0.00, real=0.01 secs] 
2020-09-29T18:01:46.212+0200: 22.942: [GC (Allocation Failure) [PSYoungGen: 624548K->36325K(645632K)] 646496K->58273K(2043904K), 0.0153694 secs] [Times: user=0.13 sys=0.00, real=0.02 secs] 
2020-09-29T18:01:46.281+0200: 23.011: [GC (Allocation Failure) [PSYoungGen: 627685K->25637K(644608K)] 649633K->47585K(2042880K), 0.0090147 secs] [Times: user=0.13 sys=0.00, real=0.01 secs] 
2020-09-29T18:01:46.341+0200: 23.071: [GC (Allocation Failure) [PSYoungGen: 616997K->26180K(646144K)] 638945K->48128K(2044416K), 0.0108923 secs] [Times: user=0.13 sys=0.00, real=0.01 secs] 
2020-09-29T18:01:46.403+0200: 23.133: [GC (Allocation Failure) [PSYoungGen: 619588K->31717K(646144K)] 641536K->53665K(2044416K), 0.0113165 secs] [Times: user=0.13 sys=0.00, real=0.01 secs] 
2020-09-29T18:01:46.466+0200: 23.195: [GC (Allocation Failure) [PSYoungGen: 625125K->23460K(648192K)] 647073K->45408K(2046464K), 0.0086546 secs] [Times: user=0.13 sys=0.00, real=0.01 secs] 
2020-09-29T18:01:46.530+0200: 23.259: [GC (Allocation Failure) [PSYoungGen: 620964K->46757K(644608K)] 642912K->68705K(2042880K), 0.0163360 secs] [Times: user=0.13 sys=0.00, real=0.02 secs] 
2020-09-29T18:01:46.599+0200: 23.328: [GC (Allocation Failure) [PSYoungGen: 644261K->28132K(645632K)] 666209K->50080K(2043904K), 0.0113435 secs] [Times: user=0.00 sys=0.00, real=0.01 secs] 
2020-09-29T18:01:46.663+0200: 23.392: [GC (Allocation Failure) [PSYoungGen: 619492K->30596K(644608K)] 641440K->52544K(2042880K), 0.0122745 secs] [Times: user=0.00 sys=0.00, real=0.01 secs] 
2020-09-29T18:01:46.726+0200: 23.456: [GC (Allocation Failure) [PSYoungGen: 621956K->19043K(646144K)] 643904K->40991K(2044416K), 0.0079271 secs] [Times: user=0.00 sys=0.00, real=0.01 secs] 
2020-09-29T18:01:46.786+0200: 23.515: [GC (Allocation Failure) [PSYoungGen: 613475K->39269K(633856K)] 635423K->61217K(2032128K), 0.0138163 secs] [Times: user=0.00 sys=0.00, real=0.01 secs] 
2020-09-29T18:01:46.851+0200: 23.581: [GC (Allocation Failure) [PSYoungGen: 633701K->45733K(640512K)] 655649K->67681K(2038784K), 0.0154818 secs] [Times: user=0.13 sys=0.00, real=0.02 secs] 
2020-09-29T18:01:46.917+0200: 23.647: [GC (Allocation Failure) [PSYoungGen: 632997K->31333K(643072K)] 654945K->53281K(2041344K), 0.0106969 secs] [Times: user=0.13 sys=0.00, real=0.01 secs] 
2020-09-29T18:01:46.978+0200: 23.708: [GC (Allocation Failure) [PSYoungGen: 618597K->16611K(643584K)] 640545K->38559K(2041856K), 0.0069847 secs] [Times: user=0.00 sys=0.00, real=0.01 secs] 
2020-09-29T18:01:47.036+0200: 23.766: [GC (Allocation Failure) [PSYoungGen: 605923K->45189K(634880K)] 627871K->67137K(2033152K), 0.0164495 secs] [Times: user=0.13 sys=0.00, real=0.02 secs] 
2020-09-29T18:01:47.105+0200: 23.835: [GC (Allocation Failure) [PSYoungGen: 634501K->46565K(635904K)] 656449K->68513K(2034176K), 0.0162610 secs] [Times: user=0.13 sys=0.00, real=0.02 secs] 
2020-09-29T18:01:47.172+0200: 23.901: [GC (Allocation Failure) [PSYoungGen: 624613K->35140K(638464K)] 646561K->57088K(2036736K), 0.0143135 secs] [Times: user=0.13 sys=0.00, real=0.01 secs] 
2020-09-29T18:01:47.238+0200: 23.968: [GC (Allocation Failure) [PSYoungGen: 613188K->38725K(641536K)] 635136K->60673K(2039808K), 0.0138521 secs] [Times: user=0.13 sys=0.00, real=0.01 secs] 
2020-09-29T18:01:47.302+0200: 24.032: [GC (Allocation Failure) [PSYoungGen: 622405K->48133K(632320K)] 644353K->70081K(2030592K), 0.0164872 secs] [Times: user=0.13 sys=0.00, real=0.02 secs] 
2020-09-29T18:01:47.369+0200: 24.098: [GC (Allocation Failure) [PSYoungGen: 631813K->43140K(638976K)] 653761K->65088K(2037248K), 0.0155873 secs] [Times: user=0.13 sys=0.00, real=0.02 secs] 
2020-09-29T18:01:47.434+0200: 24.163: [GC (Allocation Failure) [PSYoungGen: 622212K->18051K(597504K)] 644160K->39999K(1995776K), 0.0078240 secs] [Times: user=0.00 sys=0.00, real=0.01 secs] 
2020-09-29T18:01:47.491+0200: 24.221: [GC (Allocation Failure) [PSYoungGen: 597123K->36613K(640000K)] 619071K->58561K(2038272K), 0.0130620 secs] [Times: user=0.13 sys=0.00, real=0.01 secs] 
2020-09-29T18:01:47.556+0200: 24.285: [GC (Allocation Failure) [PSYoungGen: 615685K->55077K(634368K)] 637633K->77025K(2032640K), 0.0182796 secs] [Times: user=0.13 sys=0.00, real=0.02 secs] 
2020-09-29T18:01:47.627+0200: 24.356: [GC (Allocation Failure) [PSYoungGen: 634149K->59973K(623616K)] 656097K->81921K(2021888K), 0.0210298 secs] [Times: user=0.23 sys=0.00, real=0.02 secs] 
2020-09-29T18:01:47.697+0200: 24.426: [GC (Allocation Failure) [PSYoungGen: 619589K->16708K(576512K)] 641537K->38656K(1974784K), 0.0064266 secs] [Times: user=0.00 sys=0.00, real=0.01 secs] 
2020-09-29T18:01:47.752+0200: 24.480: [GC (Allocation Failure) [PSYoungGen: 576324K->43045K(629248K)] 598272K->64993K(2027520K), 0.0152510 secs] [Times: user=0.13 sys=0.00, real=0.01 secs] 
2020-09-29T18:01:47.817+0200: 24.546: [GC (Allocation Failure) [PSYoungGen: 601637K->41061K(628224K)] 623585K->63009K(2026496K), 0.0145434 secs] [Times: user=0.13 sys=0.00, real=0.01 secs] 
2020-09-29T18:01:47.880+0200: 24.608: [GC (Allocation Failure) [PSYoungGen: 599653K->23363K(631808K)] 621601K->45311K(2030080K), 0.0096761 secs] [Times: user=0.00 sys=0.00, real=0.01 secs] 
2020-09-29T18:01:47.940+0200: 24.669: [GC (Allocation Failure) [PSYoungGen: 587587K->40645K(631296K)] 609535K->62593K(2029568K), 0.0182380 secs] [Times: user=0.23 sys=0.00, real=0.02 secs] 
2020-09-29T18:01:48.010+0200: 24.739: [GC (Allocation Failure) [PSYoungGen: 604869K->44357K(633344K)] 626817K->66305K(2031616K), 0.0176287 secs] [Times: user=0.13 sys=0.00, real=0.02 secs] 
2020-09-29T18:01:48.081+0200: 24.810: [GC (Allocation Failure) [PSYoungGen: 612165K->23779K(633344K)] 634113K->45727K(2031616K), 0.0109313 secs] [Times: user=0.09 sys=0.00, real=0.01 secs] 
2020-09-29T18:01:48.141+0200: 24.870: [GC (Allocation Failure) [PSYoungGen: 591587K->44773K(632832K)] 613535K->66721K(2031104K), 0.0161973 secs] [Times: user=0.13 sys=0.00, real=0.02 secs] 
2020-09-29T18:01:48.210+0200: 24.938: [GC (Allocation Failure) [PSYoungGen: 612581K->51973K(620032K)] 634529K->73921K(2018304K), 0.0202331 secs] [Times: user=0.13 sys=0.00, real=0.02 secs] 
2020-09-29T18:01:48.280+0200: 25.009: [GC (Allocation Failure) [PSYoungGen: 619781K->45541K(631296K)] 641729K->67489K(2029568K), 0.0161732 secs] [Times: user=0.13 sys=0.00, real=0.02 secs] 
2020-09-29T18:01:48.345+0200: 25.073: [GC (Allocation Failure) [PSYoungGen: 608741K->18659K(582144K)] 630689K->40607K(1980416K), 0.0081170 secs] [Times: user=0.13 sys=0.00, real=0.01 secs] 
2020-09-29T18:01:48.402+0200: 25.131: [GC (Allocation Failure) [PSYoungGen: 581859K->48645K(628224K)] 603807K->70593K(2026496K), 0.0202208 secs] [Times: user=0.11 sys=0.00, real=0.02 secs] 
2020-09-29T18:01:48.470+0200: 25.199: [GC (Allocation Failure) [PSYoungGen: 608261K->18372K(629248K)] 630209K->40320K(2027520K), 0.0070666 secs] [Times: user=0.13 sys=0.00, real=0.01 secs] 
2020-09-29T18:01:48.525+0200: 25.254: [GC (Allocation Failure) [PSYoungGen: 577988K->28484K(630784K)] 599936K->50432K(2029056K), 0.0110322 secs] [Times: user=0.13 sys=0.00, real=0.01 secs] 
2020-09-29T18:01:48.586+0200: 25.314: [GC (Allocation Failure) [PSYoungGen: 589636K->27908K(629248K)] 611584K->49856K(2027520K), 0.0106135 secs] [Times: user=0.00 sys=0.00, real=0.01 secs] 
2020-09-29T18:01:48.645+0200: 25.374: [GC (Allocation Failure) [PSYoungGen: 589060K->26660K(634368K)] 611008K->48608K(2032640K), 0.0102911 secs] [Times: user=0.05 sys=0.00, real=0.01 secs] 
2020-09-29T18:01:48.707+0200: 25.436: [GC (Allocation Failure) [PSYoungGen: 594980K->33732K(632832K)] 616928K->55680K(2031104K), 0.0145026 secs] [Times: user=0.08 sys=0.00, real=0.01 secs] 
2020-09-29T18:01:48.771+0200: 25.499: [GC (Allocation Failure) [PSYoungGen: 602052K->40356K(637952K)] 624000K->62304K(2036224K), 0.0149734 secs] [Times: user=0.02 sys=0.00, real=0.02 secs] 
2020-09-29T18:01:48.836+0200: 25.565: [GC (Allocation Failure) [PSYoungGen: 616868K->27044K(637440K)] 638816K->48992K(2035712K), 0.0111330 secs] [Times: user=0.00 sys=0.00, real=0.01 secs] 
2020-09-29T18:01:48.896+0200: 25.625: [GC (Allocation Failure) [PSYoungGen: 603556K->29252K(641024K)] 625504K->51200K(2039296K), 0.0122791 secs] [Times: user=0.00 sys=0.00, real=0.01 secs] 
2020-09-29T18:01:48.958+0200: 25.687: [GC (Allocation Failure) [PSYoungGen: 610372K->35300K(638976K)] 632320K->57248K(2037248K), 0.0131889 secs] [Times: user=0.00 sys=0.00, real=0.01 secs] 
2020-09-29T18:01:49.022+0200: 25.751: [GC (Allocation Failure) [PSYoungGen: 616420K->41637K(641536K)] 638368K->63585K(2039808K), 0.0147435 secs] [Times: user=0.13 sys=0.00, real=0.01 secs] 
2020-09-29T18:01:49.087+0200: 25.816: [GC (Allocation Failure) [PSYoungGen: 626853K->38949K(642048K)] 648801K->60897K(2040320K), 0.0134338 secs] [Times: user=0.13 sys=0.00, real=0.01 secs] 
2020-09-29T18:01:49.152+0200: 25.881: [GC (Allocation Failure) [PSYoungGen: 624165K->49925K(635392K)] 646113K->71873K(2033664K), 0.0178011 secs] [Times: user=0.13 sys=0.00, real=0.02 secs] 
2020-09-29T18:01:49.223+0200: 25.952: [GC (Allocation Failure) [PSYoungGen: 628997K->25028K(638976K)] 650945K->46976K(2037248K), 0.0099698 secs] [Times: user=0.13 sys=0.00, real=0.01 secs] 
2020-09-29T18:01:49.284+0200: 26.013: [GC (Allocation Failure) [PSYoungGen: 604100K->29861K(641024K)] 626048K->51809K(2039296K), 0.0115655 secs] [Times: user=0.11 sys=0.00, real=0.01 secs] 
2020-09-29T18:01:49.346+0200: 26.075: [GC (Allocation Failure) [PSYoungGen: 611493K->22883K(639488K)] 633441K->44831K(2037760K), 0.0096001 secs] [Times: user=0.13 sys=0.00, real=0.01 secs] 
2020-09-29T18:01:49.405+0200: 26.134: [GC (Allocation Failure) [PSYoungGen: 604515K->43973K(637952K)] 626463K->65921K(2036224K), 0.0155410 secs] [Times: user=0.13 sys=0.00, real=0.02 secs] 
2020-09-29T18:01:49.471+0200: 26.200: [GC (Allocation Failure) [PSYoungGen: 624069K->36101K(639488K)] 646017K->58049K(2037760K), 0.0127360 secs] [Times: user=0.11 sys=0.00, real=0.01 secs] 
2020-09-29T18:01:49.534+0200: 26.263: [GC (Allocation Failure) [PSYoungGen: 616197K->13090K(638464K)] 638145K->35038K(2036736K), 0.0063904 secs] [Times: user=0.11 sys=0.00, real=0.01 secs] 
2020-09-29T18:01:49.591+0200: 26.320: [GC (Allocation Failure) [PSYoungGen: 594210K->33156K(640000K)] 616158K->55104K(2038272K), 0.0134209 secs] [Times: user=0.11 sys=0.00, real=0.01 secs] 
2020-09-29T18:01:49.656+0200: 26.385: [GC (Allocation Failure) [PSYoungGen: 614276K->39973K(641536K)] 636224K->61921K(2039808K), 0.0140446 secs] [Times: user=0.13 sys=0.00, real=0.01 secs] 
2020-09-29T18:01:49.721+0200: 26.450: [GC (Allocation Failure) [PSYoungGen: 625189K->36804K(642048K)] 647137K->58752K(2040320K), 0.0144080 secs] [Times: user=0.11 sys=0.00, real=0.01 secs] 
2020-09-29T18:01:49.787+0200: 26.516: [GC (Allocation Failure) [PSYoungGen: 622020K->32772K(645120K)] 643968K->54720K(2043392K), 0.0125604 secs] [Times: user=0.00 sys=0.00, real=0.01 secs] 
2020-09-29T18:01:49.850+0200: 26.579: [GC (Allocation Failure) [PSYoungGen: 622084K->33412K(643072K)] 644032K->55360K(2041344K), 0.0125946 secs] [Times: user=0.00 sys=0.00, real=0.01 secs] 
2020-09-29T18:01:49.914+0200: 26.643: [GC (Allocation Failure) [PSYoungGen: 622724K->48485K(640000K)] 644672K->70433K(2038272K), 0.0164023 secs] [Times: user=0.13 sys=0.00, real=0.02 secs] 
2020-09-29T18:01:49.981+0200: 26.710: [GC (Allocation Failure) [PSYoungGen: 636773K->19300K(607744K)] 658721K->41248K(2006016K), 0.0080760 secs] [Times: user=0.13 sys=0.00, real=0.01 secs] 
2020-09-29T18:01:50.040+0200: 26.769: [GC (Allocation Failure) [PSYoungGen: 607588K->33221K(645120K)] 629536K->55169K(2043392K), 0.0117277 secs] [Times: user=0.00 sys=0.00, real=0.01 secs] 
2020-09-29T18:01:50.104+0200: 26.833: [GC (Allocation Failure) [PSYoungGen: 622021K->33283K(642560K)] 643969K->55231K(2040832K), 0.0133107 secs] [Times: user=0.13 sys=0.00, real=0.01 secs] 
2020-09-29T18:01:50.168+0200: 26.897: [GC (Allocation Failure) [PSYoungGen: 622083K->47813K(640000K)] 644031K->69761K(2038272K), 0.0160591 secs] [Times: user=0.13 sys=0.00, real=0.02 secs] 
2020-09-29T18:01:50.237+0200: 26.966: [GC (Allocation Failure) [PSYoungGen: 636101K->17987K(606720K)] 658049K->39935K(2004992K), 0.0074031 secs] [Times: user=0.13 sys=0.00, real=0.01 secs] 
2020-09-29T18:01:50.296+0200: 27.025: [GC (Allocation Failure) [PSYoungGen: 606275K->17411K(641536K)] 628223K->39359K(2039808K), 0.0073709 secs] [Times: user=0.13 sys=0.00, real=0.01 secs] 
2020-09-29T18:01:50.354+0200: 27.083: [GC (Allocation Failure) [PSYoungGen: 602627K->28228K(642048K)] 624575K->50176K(2040320K), 0.0107018 secs] [Times: user=0.13 sys=0.00, real=0.01 secs] 
2020-09-29T18:01:50.417+0200: 27.146: [GC (Allocation Failure) [PSYoungGen: 613444K->25252K(645632K)] 635392K->47200K(2043904K), 0.0101011 secs] [Times: user=0.02 sys=0.01, real=0.01 secs] 
2020-09-29T18:01:50.477+0200: 27.206: [GC (Allocation Failure) [PSYoungGen: 616100K->25251K(644096K)] 638048K->47199K(2042368K), 0.0108725 secs] [Times: user=0.00 sys=0.00, real=0.01 secs] 
2020-09-29T18:01:50.539+0200: 27.268: [GC (Allocation Failure) [PSYoungGen: 616099K->41861K(642560K)] 638047K->63809K(2040832K), 0.0142384 secs] [Times: user=0.13 sys=0.00, real=0.01 secs] 
2020-09-29T18:01:50.608+0200: 27.337: [GC (Allocation Failure) [PSYoungGen: 632197K->29573K(644608K)] 654145K->51521K(2042880K), 0.0121551 secs] [Times: user=0.11 sys=0.00, real=0.01 secs] 
2020-09-29T18:01:50.673+0200: 27.402: [GC (Allocation Failure) [PSYoungGen: 619909K->31268K(648704K)] 641857K->53216K(2046976K), 0.0121252 secs] [Times: user=0.13 sys=0.00, real=0.01 secs] 
2020-09-29T18:01:50.737+0200: 27.466: [GC (Allocation Failure) [PSYoungGen: 627748K->39877K(646656K)] 649696K->61825K(2044928K), 0.0138304 secs] [Times: user=0.13 sys=0.00, real=0.01 secs] 
2020-09-29T18:01:50.803+0200: 27.532: [GC (Allocation Failure) [PSYoungGen: 636357K->34533K(648192K)] 658305K->56481K(2046464K), 0.0124569 secs] [Times: user=0.00 sys=0.00, real=0.01 secs] 
2020-09-29T18:01:50.867+0200: 27.596: [GC (Allocation Failure) [PSYoungGen: 631013K->27299K(647168K)] 652961K->49247K(2045440K), 0.0107304 secs] [Times: user=0.00 sys=0.00, real=0.01 secs] 
2020-09-29T18:01:50.929+0200: 27.658: [GC (Allocation Failure) [PSYoungGen: 623779K->35813K(649728K)] 645727K->57761K(2048000K), 0.0129810 secs] [Times: user=0.13 sys=0.00, real=0.01 secs] 
2020-09-29T18:01:50.994+0200: 27.723: [GC (Allocation Failure) [PSYoungGen: 635877K->34373K(649216K)] 657825K->56321K(2047488K), 0.0141459 secs] [Times: user=0.13 sys=0.00, real=0.01 secs] 
2020-09-29T18:01:51.059+0200: 27.788: [GC (Allocation Failure) [PSYoungGen: 634437K->46501K(643072K)] 656385K->68449K(2041344K), 0.0159851 secs] [Times: user=0.13 sys=0.00, real=0.02 secs] 
2020-09-29T18:01:51.126+0200: 27.855: [GC (Allocation Failure) [PSYoungGen: 640933K->39333K(646656K)] 662881K->61281K(2044928K), 0.0134176 secs] [Times: user=0.13 sys=0.00, real=0.01 secs] 
2020-09-29T18:01:51.193+0200: 27.922: [GC (Allocation Failure) [PSYoungGen: 633765K->45604K(641536K)] 655713K->67552K(2039808K), 0.0203972 secs] [Times: user=0.11 sys=0.00, real=0.02 secs] 
2020-09-29T18:01:51.265+0200: 27.994: [GC (Allocation Failure) [PSYoungGen: 634398K->17092K(606720K)] 656346K->39040K(2004992K), 0.0064841 secs] [Times: user=0.13 sys=0.00, real=0.01 secs] 
2020-09-29T18:01:51.323+0200: 28.052: [GC (Allocation Failure) [PSYoungGen: 606404K->31044K(644608K)] 628352K->52992K(2042880K), 0.0118306 secs] [Times: user=0.13 sys=0.00, real=0.01 secs] 
2020-09-29T18:01:51.386+0200: 28.115: [GC (Allocation Failure) [PSYoungGen: 619844K->45637K(634880K)] 641792K->67585K(2033152K), 0.0161348 secs] [Times: user=0.13 sys=0.00, real=0.02 secs] 
2020-09-29T18:01:51.452+0200: 28.181: [GC (Allocation Failure) [PSYoungGen: 634437K->30852K(643584K)] 656385K->52800K(2041856K), 0.0120457 secs] [Times: user=0.13 sys=0.00, real=0.01 secs] 
2020-09-29T18:01:51.516+0200: 28.245: [GC (Allocation Failure) [PSYoungGen: 617604K->28740K(642048K)] 639552K->50688K(2040320K), 0.0114640 secs] [Times: user=0.13 sys=0.00, real=0.01 secs] 
2020-09-29T18:01:51.580+0200: 28.309: [GC (Allocation Failure) [PSYoungGen: 615492K->26724K(645632K)] 637440K->48672K(2043904K), 0.0111590 secs] [Times: user=0.11 sys=0.00, real=0.01 secs] 
2020-09-29T18:01:51.643+0200: 28.372: [GC (Allocation Failure) [PSYoungGen: 618084K->29124K(644608K)] 640032K->51072K(2042880K), 0.0112035 secs] [Times: user=0.11 sys=0.00, real=0.01 secs] 
2020-09-29T18:01:51.705+0200: 28.434: [GC (Allocation Failure) [PSYoungGen: 620484K->46245K(641024K)] 642432K->68193K(2039296K), 0.0154920 secs] [Times: user=0.13 sys=0.00, real=0.02 secs] 
2020-09-29T18:01:51.778+0200: 28.507: [GC (Allocation Failure) [PSYoungGen: 635557K->33316K(644096K)] 657505K->55264K(2042368K), 0.0127479 secs] [Times: user=0.13 sys=0.00, real=0.01 secs] 
2020-09-29T18:01:51.842+0200: 28.571: [GC (Allocation Failure) [PSYoungGen: 622628K->34532K(647680K)] 644576K->56480K(2045952K), 0.0145197 secs] [Times: user=0.13 sys=0.00, real=0.01 secs] 
2020-09-29T18:01:51.908+0200: 28.637: [GC (Allocation Failure) [PSYoungGen: 628964K->11170K(605696K)] 650912K->33118K(2003968K), 0.0052403 secs] [Times: user=0.13 sys=0.00, real=0.01 secs] 
2020-09-29T18:01:51.965+0200: 28.694: [GC (Allocation Failure) [PSYoungGen: 605602K->45061K(640000K)] 627550K->67009K(2038272K), 0.0156154 secs] [Times: user=0.13 sys=0.00, real=0.02 secs] 
2020-09-29T18:01:52.031+0200: 28.760: [GC (Allocation Failure) [PSYoungGen: 631301K->28516K(642560K)] 653249K->50464K(2040832K), 0.0107212 secs] [Times: user=0.13 sys=0.00, real=0.01 secs] 
2020-09-29T18:01:52.092+0200: 28.821: [GC (Allocation Failure) [PSYoungGen: 614756K->40549K(643072K)] 636704K->62497K(2041344K), 0.0141092 secs] [Times: user=0.13 sys=0.00, real=0.01 secs] 
2020-09-29T18:01:52.158+0200: 28.887: [GC (Allocation Failure) [PSYoungGen: 628837K->54597K(643072K)] 650785K->76545K(2041344K), 0.0182216 secs] [Times: user=0.13 sys=0.00, real=0.02 secs] 
2020-09-29T18:01:52.232+0200: 28.961: [GC (Allocation Failure) [PSYoungGen: 642885K->25123K(633856K)] 664833K->47071K(2032128K), 0.0124506 secs] [Times: user=0.11 sys=0.00, real=0.01 secs] 
2020-09-29T18:01:52.297+0200: 29.026: [GC (Allocation Failure) [PSYoungGen: 603171K->27140K(638464K)] 625119K->49088K(2036736K), 0.0115916 secs] [Times: user=0.13 sys=0.00, real=0.01 secs] 
2020-09-29T18:01:52.362+0200: 29.091: [GC (Allocation Failure) [PSYoungGen: 605188K->44709K(636928K)] 627136K->66657K(2035200K), 0.0170502 secs] [Times: user=0.13 sys=0.00, real=0.02 secs] 
2020-09-29T18:01:52.429+0200: 29.159: [GC (Allocation Failure) [PSYoungGen: 622757K->48517K(626688K)] 644705K->70465K(2024960K), 0.0157396 secs] [Times: user=0.13 sys=0.00, real=0.02 secs] 
2020-09-29T18:01:52.495+0200: 29.224: [GC (Allocation Failure) [PSYoungGen: 626565K->38565K(637440K)] 648513K->60513K(2035712K), 0.0139110 secs] [Times: user=0.11 sys=0.00, real=0.01 secs] 
2020-09-29T18:01:52.558+0200: 29.288: [GC (Allocation Failure) [PSYoungGen: 613029K->36996K(635904K)] 634977K->58944K(2034176K), 0.0139449 secs] [Times: user=0.13 sys=0.00, real=0.01 secs] 
2020-09-29T18:01:52.624+0200: 29.353: [GC (Allocation Failure) [PSYoungGen: 611460K->36196K(642048K)] 633408K->58144K(2040320K), 0.0146557 secs] [Times: user=0.11 sys=0.00, real=0.01 secs] 
2020-09-29T18:01:52.689+0200: 29.418: [GC (Allocation Failure) [PSYoungGen: 619364K->30916K(640000K)] 641312K->52864K(2038272K), 0.0116139 secs] [Times: user=0.13 sys=0.00, real=0.01 secs] 
2020-09-29T18:01:52.751+0200: 29.480: [GC (Allocation Failure) [PSYoungGen: 614084K->25636K(643072K)] 636032K->47584K(2041344K), 0.0097998 secs] [Times: user=0.13 sys=0.00, real=0.01 secs] 
2020-09-29T18:01:52.815+0200: 29.544: [GC (Allocation Failure) [PSYoungGen: 612900K->38661K(643072K)] 634848K->60609K(2041344K), 0.0139941 secs] [Times: user=0.13 sys=0.00, real=0.01 secs] 
2020-09-29T18:01:52.881+0200: 29.611: [GC (Allocation Failure) [PSYoungGen: 625925K->37989K(644608K)] 647873K->59937K(2042880K), 0.0139314 secs] [Times: user=0.13 sys=0.00, real=0.01 secs] 
2020-09-29T18:01:52.946+0200: 29.676: [GC (Allocation Failure) [PSYoungGen: 627813K->11364K(601600K)] 649761K->33312K(1999872K), 0.0041474 secs] [Times: user=0.00 sys=0.00, real=0.00 secs] 
2020-09-29T18:01:53.001+0200: 29.731: [GC (Allocation Failure) [PSYoungGen: 601188K->23716K(643072K)] 623136K->45664K(2041344K), 0.0098297 secs] [Times: user=0.13 sys=0.00, real=0.01 secs] 
2020-09-29T18:01:53.062+0200: 29.791: [GC (Allocation Failure) [PSYoungGen: 610468K->34436K(642560K)] 632416K->56384K(2040832K), 0.0127867 secs] [Times: user=0.13 sys=0.00, real=0.01 secs] 
2020-09-29T18:01:53.125+0200: 29.855: [GC (Allocation Failure) [PSYoungGen: 621188K->33189K(646656K)] 643136K->55137K(2044928K), 0.0120522 secs] [Times: user=0.13 sys=0.00, real=0.01 secs] 
2020-09-29T18:01:53.191+0200: 29.921: [GC (Allocation Failure) [PSYoungGen: 625573K->23844K(644608K)] 647521K->45792K(2042880K), 0.0117631 secs] [Times: user=0.11 sys=0.00, real=0.01 secs] 
2020-09-29T18:01:53.259+0200: 29.988: [GC (Allocation Failure) [PSYoungGen: 616228K->28325K(648704K)] 638176K->50273K(2046976K), 0.0099083 secs] [Times: user=0.00 sys=0.00, real=0.01 secs] 
2020-09-29T18:01:53.321+0200: 30.050: [GC (Allocation Failure) [PSYoungGen: 625317K->37125K(647168K)] 647265K->59073K(2045440K), 0.0137208 secs] [Times: user=0.13 sys=0.00, real=0.01 secs] 
2020-09-29T18:01:53.386+0200: 30.115: [GC (Allocation Failure) [PSYoungGen: 634117K->46213K(641024K)] 656065K->68161K(2039296K), 0.0159832 secs] [Times: user=0.13 sys=0.00, real=0.02 secs] 
2020-09-29T18:01:53.453+0200: 30.182: [GC (Allocation Failure) [PSYoungGen: 636549K->34981K(644608K)] 658497K->56929K(2042880K), 0.0127072 secs] [Times: user=0.13 sys=0.00, real=0.01 secs] 
2020-09-29T18:01:53.517+0200: 30.247: [GC (Allocation Failure) [PSYoungGen: 625317K->20997K(646144K)] 647265K->42945K(2044416K), 0.0085559 secs] [Times: user=0.11 sys=0.00, real=0.01 secs] 
2020-09-29T18:01:53.578+0200: 30.308: [GC (Allocation Failure) [PSYoungGen: 614405K->40197K(633856K)] 636353K->62145K(2032128K), 0.0150147 secs] [Times: user=0.11 sys=0.00, real=0.01 secs] 
2020-09-29T18:01:53.649+0200: 30.378: [GC (Allocation Failure) [PSYoungGen: 633605K->31973K(647168K)] 655553K->53921K(2045440K), 0.0109242 secs] [Times: user=0.00 sys=0.00, real=0.01 secs] 
2020-09-29T18:01:53.711+0200: 30.441: [GC (Allocation Failure) [PSYoungGen: 625381K->51109K(644608K)] 647329K->73057K(2042880K), 0.0176548 secs] [Times: user=0.13 sys=0.00, real=0.02 secs] 
2020-09-29T18:01:53.780+0200: 30.509: [GC (Allocation Failure) [PSYoungGen: 644517K->42917K(637440K)] 666465K->64865K(2035712K), 0.0150439 secs] [Times: user=0.13 sys=0.00, real=0.02 secs] 
2020-09-29T18:01:53.845+0200: 30.575: [GC (Allocation Failure) [PSYoungGen: 626085K->38245K(641024K)] 648033K->60193K(2039296K), 0.0142691 secs] [Times: user=0.13 sys=0.00, real=0.01 secs] 
2020-09-29T18:01:53.911+0200: 30.640: [GC (Allocation Failure) [PSYoungGen: 621413K->47141K(638464K)] 643361K->69089K(2036736K), 0.0161629 secs] [Times: user=0.13 sys=0.00, real=0.02 secs] 
2020-09-29T18:01:53.977+0200: 30.706: [GC (Allocation Failure) [PSYoungGen: 629285K->39589K(640512K)] 651233K->61537K(2038784K), 0.0139726 secs] [Times: user=0.13 sys=0.00, real=0.01 secs] 
2020-09-29T18:01:54.042+0200: 30.771: [GC (Allocation Failure) [PSYoungGen: 621733K->31780K(642560K)] 643681K->53728K(2040832K), 0.0123385 secs] [Times: user=0.13 sys=0.00, real=0.01 secs] 
2020-09-29T18:01:54.104+0200: 30.834: [GC (Allocation Failure) [PSYoungGen: 616996K->42661K(641536K)] 638944K->64609K(2039808K), 0.0155838 secs] [Times: user=0.13 sys=0.00, real=0.02 secs] 
2020-09-29T18:01:54.171+0200: 30.900: [GC (Allocation Failure) [PSYoungGen: 627877K->26212K(642048K)] 649825K->48160K(2040320K), 0.0105343 secs] [Times: user=0.11 sys=0.00, real=0.01 secs] 
2020-09-29T18:01:54.235+0200: 30.964: [GC (Allocation Failure) [PSYoungGen: 611428K->23493K(642048K)] 633376K->45441K(2040320K), 0.0078301 secs] [Times: user=0.13 sys=0.00, real=0.01 secs] 
2020-09-29T18:01:54.293+0200: 31.022: [GC (Allocation Failure) [PSYoungGen: 608709K->34501K(644096K)] 630657K->56449K(2042368K), 0.0124167 secs] [Times: user=0.13 sys=0.00, real=0.01 secs] 
2020-09-29T18:01:54.357+0200: 31.086: [GC (Allocation Failure) [PSYoungGen: 621765K->33861K(642048K)] 643713K->55809K(2040320K), 0.0125875 secs] [Times: user=0.11 sys=0.00, real=0.01 secs] 
2020-09-29T18:01:54.421+0200: 31.150: [GC (Allocation Failure) [PSYoungGen: 621125K->29700K(647168K)] 643073K->51648K(2045440K), 0.0115711 secs] [Times: user=0.13 sys=0.00, real=0.01 secs] 
2020-09-29T18:01:54.483+0200: 31.213: [GC (Allocation Failure) [PSYoungGen: 624132K->36261K(646144K)] 646080K->58209K(2044416K), 0.0132174 secs] [Times: user=0.13 sys=0.00, real=0.01 secs] 
2020-09-29T18:01:54.549+0200: 31.278: [GC (Allocation Failure) [PSYoungGen: 630693K->42788K(645120K)] 652641K->64736K(2043392K), 0.0164345 secs] [Times: user=0.13 sys=0.00, real=0.02 secs] 
2020-09-29T18:01:54.618+0200: 31.347: [GC (Allocation Failure) [PSYoungGen: 637220K->7426K(602112K)] 659168K->29374K(2000384K), 0.0042913 secs] [Times: user=0.00 sys=0.00, real=0.00 secs] 
2020-09-29T18:01:54.674+0200: 31.403: [GC (Allocation Failure) [PSYoungGen: 601858K->26563K(644608K)] 623806K->48511K(2042880K), 0.0107591 secs] [Times: user=0.13 sys=0.00, real=0.01 secs] 
2020-09-29T18:01:54.735+0200: 31.465: [GC (Allocation Failure) [PSYoungGen: 615875K->27172K(643584K)] 637823K->49120K(2041856K), 0.0101425 secs] [Times: user=0.13 sys=0.00, real=0.01 secs] 
2020-09-29T18:01:54.798+0200: 31.527: [GC (Allocation Failure) [PSYoungGen: 616484K->28485K(647680K)] 638432K->50433K(2045952K), 0.0103408 secs] [Times: user=0.13 sys=0.00, real=0.01 secs] 
2020-09-29T18:01:54.864+0200: 31.594: [GC (Allocation Failure) [PSYoungGen: 623429K->49124K(644096K)] 645377K->71072K(2042368K), 0.0183408 secs] [Times: user=0.13 sys=0.00, real=0.02 secs] 
2020-09-29T18:01:54.935+0200: 31.664: [GC (Allocation Failure) [PSYoungGen: 644068K->42501K(638976K)] 666016K->64449K(2037248K), 0.0149241 secs] [Times: user=0.13 sys=0.00, real=0.02 secs] 
2020-09-29T18:01:55.000+0200: 31.729: [GC (Allocation Failure) [PSYoungGen: 626693K->38693K(641536K)] 648641K->60641K(2039808K), 0.0134592 secs] [Times: user=0.13 sys=0.00, real=0.01 secs] 
2020-09-29T18:01:55.064+0200: 31.793: [GC (Allocation Failure) [PSYoungGen: 622885K->35045K(644096K)] 644833K->56993K(2042368K), 0.0123546 secs] [Times: user=0.13 sys=0.00, real=0.01 secs] 
2020-09-29T18:01:55.127+0200: 31.856: [GC (Allocation Failure) [PSYoungGen: 622309K->32548K(642048K)] 644257K->54496K(2040320K), 0.0126077 secs] [Times: user=0.13 sys=0.00, real=0.01 secs] 
2020-09-29T18:01:55.192+0200: 31.922: [GC (Allocation Failure) [PSYoungGen: 619812K->45573K(641024K)] 641760K->67521K(2039296K), 0.0207000 secs] [Times: user=0.11 sys=0.00, real=0.02 secs] 
2020-09-29T18:01:55.265+0200: 31.994: [GC (Allocation Failure) [PSYoungGen: 633861K->45925K(634368K)] 655809K->67873K(2032640K), 0.0159442 secs] [Times: user=0.13 sys=0.00, real=0.02 secs] 
2020-09-29T18:01:55.332+0200: 32.061: [GC (Allocation Failure) [PSYoungGen: 634213K->18691K(639488K)] 656161K->40639K(2037760K), 0.0075459 secs] [Times: user=0.13 sys=0.00, real=0.01 secs] 
2020-09-29T18:01:55.389+0200: 32.119: [GC (Allocation Failure) [PSYoungGen: 600835K->26629K(640512K)] 622783K->48577K(2038784K), 0.0102702 secs] [Times: user=0.13 sys=0.00, real=0.01 secs] 
2020-09-29T18:01:55.450+0200: 32.179: [GC (Allocation Failure) [PSYoungGen: 608773K->34533K(643584K)] 630721K->56481K(2041856K), 0.0118381 secs] [Times: user=0.13 sys=0.00, real=0.01 secs] 
2020-09-29T18:01:55.513+0200: 32.242: [GC (Allocation Failure) [PSYoungGen: 620773K->46565K(632832K)] 642721K->68513K(2031104K), 0.0165228 secs] [Times: user=0.13 sys=0.00, real=0.02 secs] 
2020-09-29T18:01:55.582+0200: 32.311: [GC (Allocation Failure) [PSYoungGen: 632805K->30788K(642560K)] 654753K->52736K(2040832K), 0.0131978 secs] [Times: user=0.11 sys=0.00, real=0.01 secs] 
2020-09-29T18:01:55.648+0200: 32.377: [GC (Allocation Failure) [PSYoungGen: 615492K->41189K(641024K)] 637440K->63137K(2039296K), 0.0157939 secs] [Times: user=0.13 sys=0.00, real=0.02 secs] 
2020-09-29T18:01:55.714+0200: 32.443: [GC (Allocation Failure) [PSYoungGen: 625893K->24324K(642560K)] 647841K->46272K(2040832K), 0.0094070 secs] [Times: user=0.13 sys=0.00, real=0.01 secs] 
2020-09-29T18:01:55.774+0200: 32.504: [GC (Allocation Failure) [PSYoungGen: 610564K->36229K(642560K)] 632512K->58177K(2040832K), 0.0130126 secs] [Times: user=0.13 sys=0.00, real=0.01 secs] 
2020-09-29T18:01:55.838+0200: 32.567: [GC (Allocation Failure) [PSYoungGen: 622469K->33892K(646144K)] 644417K->55840K(2044416K), 0.0128138 secs] [Times: user=0.13 sys=0.00, real=0.01 secs] 
2020-09-29T18:01:55.903+0200: 32.632: [GC (Allocation Failure) [PSYoungGen: 625252K->51013K(642560K)] 647200K->72961K(2040832K), 0.0172872 secs] [Times: user=0.13 sys=0.00, real=0.02 secs] 
2020-09-29T18:01:55.971+0200: 32.701: [GC (Allocation Failure) [PSYoungGen: 642373K->26660K(641536K)] 664321K->48608K(2039808K), 0.0098490 secs] [Times: user=0.13 sys=0.00, real=0.01 secs] 
2020-09-29T18:01:56.032+0200: 32.761: [GC (Allocation Failure) [PSYoungGen: 611876K->37701K(642048K)] 633824K->59649K(2040320K), 0.0140131 secs] [Times: user=0.13 sys=0.00, real=0.01 secs] 
2020-09-29T18:01:56.098+0200: 32.827: [GC (Allocation Failure) [PSYoungGen: 622917K->5634K(636928K)] 644865K->27582K(2035200K), 0.0033761 secs] [Times: user=0.00 sys=0.00, real=0.00 secs] 
2020-09-29T18:01:56.159+0200: 32.889: [GC (Allocation Failure) [PSYoungGen: 586754K->39845K(640000K)] 608702K->61793K(2038272K), 0.0139973 secs] [Times: user=0.13 sys=0.00, real=0.01 secs] 
2020-09-29T18:01:56.226+0200: 32.955: [GC (Allocation Failure) [PSYoungGen: 620965K->32997K(642560K)] 642913K->54945K(2040832K), 0.0138043 secs] [Times: user=0.13 sys=0.00, real=0.01 secs] 
2020-09-29T18:01:56.291+0200: 33.020: [GC (Allocation Failure) [PSYoungGen: 616677K->25412K(640000K)] 638625K->47360K(2038272K), 0.0099120 secs] [Times: user=0.02 sys=0.00, real=0.01 secs] 
2020-09-29T18:01:56.351+0200: 33.080: [GC (Allocation Failure) [PSYoungGen: 609092K->48549K(636416K)] 631040K->70497K(2034688K), 0.0169532 secs] [Times: user=0.11 sys=0.00, real=0.02 secs] 
2020-09-29T18:01:56.418+0200: 33.147: [GC (Allocation Failure) [PSYoungGen: 629669K->40132K(640000K)] 651617K->62080K(2038272K), 0.0146545 secs] [Times: user=0.13 sys=0.00, real=0.01 secs] 
2020-09-29T18:01:56.482+0200: 33.211: [GC (Allocation Failure) [PSYoungGen: 621252K->33349K(642048K)] 643200K->55297K(2040320K), 0.0123818 secs] [Times: user=0.13 sys=0.00, real=0.01 secs] 
2020-09-29T18:01:56.544+0200: 33.274: [GC (Allocation Failure) [PSYoungGen: 616517K->28549K(640000K)] 638465K->50497K(2038272K), 0.0133856 secs] [Times: user=0.13 sys=0.00, real=0.01 secs] 
2020-09-29T18:01:56.611+0200: 33.340: [GC (Allocation Failure) [PSYoungGen: 611717K->23301K(643584K)] 633665K->45249K(2041856K), 0.0116901 secs] [Times: user=0.09 sys=0.01, real=0.01 secs] 
2020-09-29T18:01:56.674+0200: 33.404: [GC (Allocation Failure) [PSYoungGen: 611589K->37221K(643584K)] 633537K->59169K(2041856K), 0.0160927 secs] [Times: user=0.13 sys=0.00, real=0.02 secs] 
2020-09-29T18:01:56.741+0200: 33.470: [GC (Allocation Failure) [PSYoungGen: 625509K->37476K(645120K)] 647457K->59424K(2043392K), 0.0177617 secs] [Times: user=0.13 sys=0.00, real=0.02 secs] 
2020-09-29T18:01:56.809+0200: 33.538: [GC (Allocation Failure) [PSYoungGen: 627812K->23812K(644096K)] 649760K->45760K(2042368K), 0.0110500 secs] [Times: user=0.13 sys=0.00, real=0.01 secs] 
2020-09-29T18:01:56.871+0200: 33.600: [GC (Allocation Failure) [PSYoungGen: 614148K->25636K(646144K)] 636096K->47584K(2044416K), 0.0119084 secs] [Times: user=0.13 sys=0.00, real=0.01 secs] 
2020-09-29T18:01:56.934+0200: 33.663: [GC (Allocation Failure) [PSYoungGen: 618020K->42500K(635392K)] 639968K->64448K(2033664K), 0.0199727 secs] [Times: user=0.13 sys=0.00, real=0.02 secs] 
2020-09-29T18:01:57.005+0200: 33.734: [GC (Allocation Failure) [PSYoungGen: 634884K->33317K(646144K)] 656832K->55265K(2044416K), 0.0157005 secs] [Times: user=0.13 sys=0.00, real=0.02 secs] 
2020-09-29T18:01:57.072+0200: 33.801: [GC (Allocation Failure) [PSYoungGen: 624677K->36805K(644096K)] 646625K->58753K(2042368K), 0.0180317 secs] [Times: user=0.13 sys=0.00, real=0.02 secs] 
2020-09-29T18:01:57.140+0200: 33.869: [GC (Allocation Failure) [PSYoungGen: 628165K->40261K(645632K)] 650113K->62209K(2043904K), 0.0179570 secs] [Times: user=0.13 sys=0.00, real=0.02 secs] 
2020-09-29T18:01:57.216+0200: 33.946: [GC (Allocation Failure) [PSYoungGen: 633669K->16100K(609792K)] 655617K->38048K(2008064K), 0.0074630 secs] [Times: user=0.13 sys=0.00, real=0.01 secs] 
2020-09-29T18:01:57.277+0200: 34.006: [GC (Allocation Failure) [PSYoungGen: 609508K->35301K(646144K)] 631456K->57249K(2044416K), 0.0160499 secs] [Times: user=0.13 sys=0.00, real=0.02 secs] 
2020-09-29T18:01:57.344+0200: 34.073: [GC (Allocation Failure) [PSYoungGen: 627685K->25764K(645120K)] 649633K->47712K(2043392K), 0.0122008 secs] [Times: user=0.13 sys=0.00, real=0.01 secs] 
2020-09-29T18:01:57.417+0200: 34.147: [GC (Allocation Failure) [PSYoungGen: 618148K->29251K(648192K)] 640096K->51199K(2046464K), 0.0155588 secs] [Times: user=0.13 sys=0.00, real=0.02 secs] 
2020-09-29T18:01:57.484+0200: 34.214: [GC (Allocation Failure) [PSYoungGen: 625219K->35844K(646656K)] 647167K->57792K(2044928K), 0.0180688 secs] [Times: user=0.13 sys=0.00, real=0.02 secs] 
2020-09-29T18:01:57.555+0200: 34.285: [GC (Allocation Failure) [PSYoungGen: 631812K->30084K(650240K)] 653760K->52032K(2048512K), 0.0145577 secs] [Times: user=0.13 sys=0.00, real=0.01 secs] 
2020-09-29T18:01:57.628+0200: 34.358: [GC (Allocation Failure) [PSYoungGen: 630148K->28581K(648704K)] 652096K->50529K(2046976K), 0.0135898 secs] [Times: user=0.11 sys=0.00, real=0.01 secs] 
2020-09-29T18:01:57.698+0200: 34.427: [GC (Allocation Failure) [PSYoungGen: 628645K->47589K(636928K)] 650593K->76289K(2035200K), 0.0257025 secs] [Times: user=0.25 sys=0.00, real=0.03 secs] 
2020-09-29T18:01:57.775+0200: 34.504: [GC (Allocation Failure) [PSYoungGen: 636901K->54757K(644096K)] 665601K->84409K(2042368K), 0.0243290 secs] [Times: user=0.13 sys=0.00, real=0.02 secs] 
2020-09-29T18:01:57.849+0200: 34.578: [GC (Allocation Failure) [PSYoungGen: 644069K->29603K(634880K)] 673721K->59255K(2033152K), 0.0155394 secs] [Times: user=0.13 sys=0.00, real=0.02 secs] 
2020-09-29T18:01:57.914+0200: 34.644: [GC (Allocation Failure) [PSYoungGen: 609699K->35493K(639488K)] 639351K->65145K(2037760K), 0.0154137 secs] [Times: user=0.13 sys=0.00, real=0.02 secs] 
2020-09-29T18:01:57.980+0200: 34.709: [GC (Allocation Failure) [PSYoungGen: 615589K->27653K(642560K)] 645241K->57305K(2040832K), 0.0124598 secs] [Times: user=0.13 sys=0.00, real=0.01 secs] 
2020-09-29T18:01:58.047+0200: 34.776: [GC (Allocation Failure) [PSYoungGen: 613381K->39141K(642048K)] 643033K->68793K(2040320K), 0.0179207 secs] [Times: user=0.11 sys=0.00, real=0.02 secs] 
2020-09-29T18:01:58.118+0200: 34.847: [GC (Allocation Failure) [PSYoungGen: 624869K->36965K(644608K)] 654521K->66617K(2042880K), 0.0168224 secs] [Times: user=0.13 sys=0.00, real=0.02 secs] 
2020-09-29T18:01:58.190+0200: 34.919: [GC (Allocation Failure) [PSYoungGen: 625765K->37829K(643072K)] 655417K->67481K(2041344K), 0.0195362 secs] [Times: user=0.19 sys=0.00, real=0.02 secs] 
2020-09-29T18:01:58.263+0200: 34.992: [GC (Allocation Failure) [PSYoungGen: 626629K->37892K(646144K)] 656281K->67544K(2044416K), 0.0176289 secs] [Times: user=0.13 sys=0.00, real=0.02 secs] 
2020-09-29T18:01:58.331+0200: 35.061: [GC (Allocation Failure) [PSYoungGen: 630788K->42917K(635904K)] 660440K->72569K(2034176K), 0.0191183 secs] [Times: user=0.14 sys=0.00, real=0.02 secs] 
2020-09-29T18:01:58.401+0200: 35.131: [GC (Allocation Failure) [PSYoungGen: 635813K->47909K(640000K)] 665465K->77561K(2038272K), 0.0210977 secs] [Times: user=0.13 sys=0.00, real=0.02 secs] 
2020-09-29T18:01:58.473+0200: 35.203: [GC (Allocation Failure) [PSYoungGen: 634149K->46181K(632832K)] 663801K->75833K(2031104K), 0.0202731 secs] [Times: user=0.13 sys=0.00, real=0.02 secs] 
2020-09-29T18:01:58.544+0200: 35.273: [GC (Allocation Failure) [PSYoungGen: 632421K->29091K(641536K)] 662073K->58743K(2039808K), 0.0149717 secs] [Times: user=0.13 sys=0.00, real=0.02 secs] 
2020-09-29T18:01:58.610+0200: 35.340: [GC (Allocation Failure) [PSYoungGen: 613283K->37252K(641536K)] 642935K->66904K(2039808K), 0.0192710 secs] [Times: user=0.22 sys=0.00, real=0.02 secs] 
2020-09-29T18:01:58.681+0200: 35.410: [GC (Allocation Failure) [PSYoungGen: 621444K->33605K(644608K)] 651096K->63257K(2042880K), 0.0147456 secs] [Times: user=0.13 sys=0.00, real=0.02 secs] 
2020-09-29T18:01:58.754+0200: 35.484: [GC (Allocation Failure) [PSYoungGen: 622917K->48677K(638464K)] 652569K->78329K(2036736K), 0.0210364 secs] [Times: user=0.13 sys=0.00, real=0.02 secs] 
2020-09-29T18:01:58.825+0200: 35.555: [GC (Allocation Failure) [PSYoungGen: 637989K->22437K(640000K)] 667641K->52089K(2038272K), 0.0096674 secs] [Times: user=0.13 sys=0.00, real=0.01 secs] 
2020-09-29T18:01:58.886+0200: 35.615: [GC (Allocation Failure) [PSYoungGen: 605605K->45093K(628736K)] 635257K->74745K(2027008K), 0.0203014 secs] [Times: user=0.13 sys=0.00, real=0.02 secs] 
2020-09-29T18:01:58.956+0200: 35.686: [GC (Allocation Failure) [PSYoungGen: 628261K->40389K(641024K)] 657913K->70041K(2039296K), 0.0180930 secs] [Times: user=0.25 sys=0.00, real=0.02 secs] 
2020-09-29T18:01:59.024+0200: 35.754: [GC (Allocation Failure) [PSYoungGen: 622533K->33956K(640000K)] 652185K->63608K(2038272K), 0.0156849 secs] [Times: user=0.13 sys=0.00, real=0.02 secs] 
2020-09-29T18:01:59.092+0200: 35.822: [GC (Allocation Failure) [PSYoungGen: 616100K->41765K(642560K)] 645752K->71417K(2040832K), 0.0185575 secs] [Times: user=0.13 sys=0.00, real=0.02 secs] 
2020-09-29T18:01:59.162+0200: 35.892: [GC (Allocation Failure) [PSYoungGen: 628005K->39813K(642560K)] 657657K->69465K(2040832K), 0.0183760 secs] [Times: user=0.13 sys=0.00, real=0.02 secs] 
2020-09-29T18:01:59.233+0200: 35.963: [GC (Allocation Failure) [PSYoungGen: 626053K->38117K(645632K)] 655705K->67769K(2043904K), 0.0179946 secs] [Times: user=0.13 sys=0.00, real=0.02 secs] 
2020-09-29T18:01:59.304+0200: 36.034: [GC (Allocation Failure) [PSYoungGen: 628965K->41029K(644096K)] 658617K->70681K(2042368K), 0.0189304 secs] [Times: user=0.11 sys=0.00, real=0.02 secs] 
2020-09-29T18:01:59.374+0200: 36.104: [GC (Allocation Failure) [PSYoungGen: 631877K->30180K(646144K)] 661529K->59832K(2044416K), 0.0144806 secs] [Times: user=0.13 sys=0.00, real=0.01 secs] 
2020-09-29T18:01:59.439+0200: 36.169: [GC (Allocation Failure) [PSYoungGen: 623588K->49381K(643072K)] 653240K->79033K(2041344K), 0.0213641 secs] [Times: user=0.25 sys=0.00, real=0.02 secs] 
2020-09-29T18:01:59.513+0200: 36.243: [GC (Allocation Failure) [PSYoungGen: 642789K->41125K(644096K)] 672441K->70777K(2042368K), 0.0182976 secs] [Times: user=0.13 sys=0.00, real=0.02 secs] 
2020-09-29T18:01:59.583+0200: 36.313: [GC (Allocation Failure) [PSYoungGen: 629413K->54757K(643072K)] 659065K->84793K(2041344K), 0.0262015 secs] [Times: user=0.11 sys=0.00, real=0.03 secs] 
2020-09-29T18:01:59.664+0200: 36.394: [GC (Allocation Failure) [PSYoungGen: 643045K->28197K(635904K)] 673081K->58233K(2034176K), 0.0122812 secs] [Times: user=0.13 sys=0.00, real=0.01 secs] 
2020-09-29T18:01:59.729+0200: 36.459: [GC (Allocation Failure) [PSYoungGen: 608293K->47813K(628224K)] 638329K->77849K(2026496K), 0.0207158 secs] [Times: user=0.13 sys=0.00, real=0.02 secs] 
2020-09-29T18:01:59.801+0200: 36.531: [GC (Allocation Failure) [PSYoungGen: 627909K->39876K(640000K)] 657945K->69912K(2038272K), 0.0183986 secs] [Times: user=0.13 sys=0.00, real=0.02 secs] 
2020-09-29T18:01:59.869+0200: 36.598: [GC (Allocation Failure) [PSYoungGen: 618948K->30981K(637952K)] 648984K->61017K(2036224K), 0.0144859 secs] [Times: user=0.13 sys=0.00, real=0.01 secs] 
2020-09-29T18:01:59.933+0200: 36.662: [GC (Allocation Failure) [PSYoungGen: 610053K->35781K(641536K)] 640089K->65817K(2039808K), 0.0150920 secs] [Times: user=0.13 sys=0.00, real=0.01 secs] 
2020-09-29T18:02:00.001+0200: 36.731: [GC (Allocation Failure) [PSYoungGen: 618949K->31013K(640512K)] 648985K->61049K(2038784K), 0.0139883 secs] [Times: user=0.13 sys=0.00, real=0.01 secs] 
2020-09-29T18:02:00.067+0200: 36.797: [GC (Allocation Failure) [PSYoungGen: 614181K->25988K(642048K)] 644217K->56024K(2040320K), 0.0133006 secs] [Times: user=0.00 sys=0.00, real=0.01 secs] 
2020-09-29T18:02:00.132+0200: 36.861: [GC (Allocation Failure) [PSYoungGen: 611204K->36708K(642048K)] 641240K->66744K(2040320K), 0.0176899 secs] [Times: user=0.13 sys=0.00, real=0.02 secs] 
2020-09-29T18:02:00.203+0200: 36.933: [GC (Allocation Failure) [PSYoungGen: 621924K->30852K(644608K)] 651960K->60888K(2042880K), 0.0154980 secs] [Times: user=0.11 sys=0.00, real=0.02 secs] 
2020-09-29T18:02:00.271+0200: 37.001: [GC (Allocation Failure) [PSYoungGen: 620676K->31140K(644096K)] 650712K->61176K(2042368K), 0.0159473 secs] [Times: user=0.11 sys=0.00, real=0.02 secs] 
2020-09-29T18:02:00.338+0200: 37.068: [GC (Allocation Failure) [PSYoungGen: 620964K->33093K(646656K)] 651000K->63129K(2044928K), 0.0144863 secs] [Times: user=0.13 sys=0.00, real=0.01 secs] 
2020-09-29T18:02:00.404+0200: 37.134: [GC (Allocation Failure) [PSYoungGen: 626501K->24035K(645632K)] 656537K->54071K(2043904K), 0.0130858 secs] [Times: user=0.13 sys=0.00, real=0.01 secs] 
2020-09-29T18:02:00.468+0200: 37.198: [GC (Allocation Failure) [PSYoungGen: 617443K->43204K(643584K)] 647479K->73240K(2041856K), 0.0200967 secs] [Times: user=0.14 sys=0.00, real=0.02 secs] 
2020-09-29T18:02:00.539+0200: 37.269: [GC (Allocation Failure) [PSYoungGen: 634564K->31940K(645120K)] 664600K->61976K(2043392K), 0.0148856 secs] [Times: user=0.13 sys=0.00, real=0.01 secs] 
2020-09-29T18:02:00.606+0200: 37.335: [GC (Allocation Failure) [PSYoungGen: 623300K->49061K(638976K)] 653336K->79097K(2037248K), 0.0233404 secs] [Times: user=0.11 sys=0.02, real=0.02 secs] 
2020-09-29T18:02:00.680+0200: 37.410: [GC (Allocation Failure) [PSYoungGen: 635301K->32484K(642560K)] 665337K->62520K(2040832K), 0.0157808 secs] [Times: user=0.13 sys=0.00, real=0.02 secs] 
2020-09-29T18:02:00.748+0200: 37.478: [GC (Allocation Failure) [PSYoungGen: 618724K->44485K(641024K)] 648760K->74521K(2039296K), 0.0200818 secs] [Times: user=0.13 sys=0.00, real=0.02 secs] 
2020-09-29T18:02:00.819+0200: 37.548: [GC (Allocation Failure) [PSYoungGen: 630725K->42821K(642560K)] 660761K->72857K(2040832K), 0.0188654 secs] [Times: user=0.13 sys=0.00, real=0.02 secs] 
2020-09-29T18:02:00.891+0200: 37.621: [GC (Allocation Failure) [PSYoungGen: 629061K->38660K(644096K)] 659097K->68696K(2042368K), 0.0183257 secs] [Times: user=0.13 sys=0.00, real=0.02 secs] 
2020-09-29T18:02:00.961+0200: 37.691: [GC (Allocation Failure) [PSYoungGen: 626436K->52261K(640512K)] 656472K->82297K(2038784K), 0.0225766 secs] [Times: user=0.13 sys=0.00, real=0.02 secs] 
2020-09-29T18:02:01.034+0200: 37.764: [GC (Allocation Failure) [PSYoungGen: 640037K->37796K(642048K)] 670073K->67832K(2040320K), 0.0178765 secs] [Times: user=0.25 sys=0.00, real=0.02 secs] 
2020-09-29T18:02:01.102+0200: 37.832: [GC (Allocation Failure) [PSYoungGen: 621476K->32548K(640512K)] 651512K->62584K(2038784K), 0.0161594 secs] [Times: user=0.13 sys=0.00, real=0.02 secs] 
2020-09-29T18:02:01.170+0200: 37.900: [GC (Allocation Failure) [PSYoungGen: 616228K->41412K(643072K)] 646264K->71448K(2041344K), 0.0190782 secs] [Times: user=0.13 sys=0.00, real=0.02 secs] 
2020-09-29T18:02:01.243+0200: 37.973: [GC (Allocation Failure) [PSYoungGen: 628164K->53893K(641024K)] 658200K->83929K(2039296K), 0.0238387 secs] [Times: user=0.13 sys=0.00, real=0.02 secs] 
2020-09-29T18:02:01.317+0200: 38.047: [GC (Allocation Failure) [PSYoungGen: 640645K->9986K(630784K)] 670681K->40022K(2029056K), 0.0066598 secs] [Times: user=0.00 sys=0.00, real=0.01 secs] 
2020-09-29T18:02:01.381+0200: 38.111: [GC (Allocation Failure) [PSYoungGen: 582914K->49733K(623104K)] 612950K->79769K(2021376K), 0.0220796 secs] [Times: user=0.11 sys=0.00, real=0.02 secs] 
2020-09-29T18:02:01.453+0200: 38.182: [GC (Allocation Failure) [PSYoungGen: 622661K->33860K(635904K)] 652697K->63896K(2034176K), 0.0162995 secs] [Times: user=0.13 sys=0.00, real=0.02 secs] 
2020-09-29T18:02:01.518+0200: 38.248: [GC (Allocation Failure) [PSYoungGen: 604740K->43940K(633856K)] 634776K->73976K(2032128K), 0.0214702 secs] [Times: user=0.25 sys=0.00, real=0.02 secs] 
2020-09-29T18:02:01.591+0200: 38.320: [GC (Allocation Failure) [PSYoungGen: 614820K->40485K(637952K)] 644856K->70521K(2036224K), 0.0202963 secs] [Times: user=0.11 sys=0.00, real=0.02 secs] 
2020-09-29T18:02:01.662+0200: 38.392: [GC (Allocation Failure) [PSYoungGen: 615461K->41189K(635904K)] 645497K->71225K(2034176K), 0.0201683 secs] [Times: user=0.13 sys=0.00, real=0.02 secs] 
2020-09-29T18:02:01.732+0200: 38.461: [GC (Allocation Failure) [PSYoungGen: 616165K->28261K(639488K)] 646201K->58297K(2037760K), 0.0146653 secs] [Times: user=0.13 sys=0.00, real=0.01 secs] 
2020-09-29T18:02:01.796+0200: 38.526: [GC (Allocation Failure) [PSYoungGen: 607845K->33669K(638976K)] 637881K->63705K(2037248K), 0.0169375 secs] [Times: user=0.13 sys=0.00, real=0.02 secs] 
2020-09-29T18:02:01.863+0200: 38.592: [GC (Allocation Failure) [PSYoungGen: 613253K->24356K(640512K)] 643289K->54392K(2038784K), 0.0126885 secs] [Times: user=0.13 sys=0.00, real=0.01 secs] 
2020-09-29T18:02:01.929+0200: 38.658: [GC (Allocation Failure) [PSYoungGen: 606500K->17347K(599552K)] 636536K->47383K(1997824K), 0.0103474 secs] [Times: user=0.00 sys=0.00, real=0.01 secs] 
2020-09-29T18:02:01.991+0200: 38.720: [GC (Allocation Failure) [PSYoungGen: 599491K->38949K(640512K)] 629527K->68985K(2038784K), 0.0186080 secs] [Times: user=0.13 sys=0.00, real=0.02 secs] 
2020-09-29T18:02:02.059+0200: 38.788: [GC (Allocation Failure) [PSYoungGen: 620069K->32197K(639488K)] 650105K->62233K(2037760K), 0.0157037 secs] [Times: user=0.13 sys=0.00, real=0.01 secs] 
2020-09-29T18:02:02.130+0200: 38.860: [GC (Allocation Failure) [PSYoungGen: 613317K->38789K(642560K)] 643353K->68825K(2040832K), 0.0202866 secs] [Times: user=0.13 sys=0.00, real=0.02 secs] 
2020-09-29T18:02:02.204+0200: 38.933: [GC (Allocation Failure) [PSYoungGen: 624517K->35045K(642048K)] 654553K->65081K(2040320K), 0.0188117 secs] [Times: user=0.11 sys=0.02, real=0.02 secs] 
2020-09-29T18:02:02.274+0200: 39.004: [GC (Allocation Failure) [PSYoungGen: 620773K->46501K(640512K)] 650809K->76537K(2038784K), 0.0216651 secs] [Times: user=0.13 sys=0.00, real=0.02 secs] 
2020-09-29T18:02:02.346+0200: 39.076: [GC (Allocation Failure) [PSYoungGen: 632741K->31109K(642560K)] 662777K->61145K(2040832K), 0.0151587 secs] [Times: user=0.13 sys=0.00, real=0.02 secs] 
2020-09-29T18:02:02.413+0200: 39.143: [GC (Allocation Failure) [PSYoungGen: 617349K->43173K(641536K)] 647385K->73209K(2039808K), 0.0209739 secs] [Times: user=0.13 sys=0.00, real=0.02 secs] 
2020-09-29T18:02:02.489+0200: 39.219: [GC (Allocation Failure) [PSYoungGen: 629413K->27749K(642560K)] 659449K->57785K(2040832K), 0.0142664 secs] [Times: user=0.00 sys=0.02, real=0.01 secs] 
2020-09-29T18:02:02.557+0200: 39.286: [GC (Allocation Failure) [PSYoungGen: 613989K->26149K(643584K)] 644025K->56185K(2041856K), 0.0122019 secs] [Times: user=0.13 sys=0.00, real=0.01 secs] 
2020-09-29T18:02:02.631+0200: 39.361: [GC (Allocation Failure) [PSYoungGen: 613925K->25284K(643072K)] 643961K->55320K(2041344K), 0.0145945 secs] [Times: user=0.11 sys=0.00, real=0.01 secs] 
2020-09-29T18:02:02.696+0200: 39.426: [GC (Allocation Failure) [PSYoungGen: 613060K->37988K(644608K)] 643096K->68024K(2042880K), 0.0191344 secs] [Times: user=0.13 sys=0.00, real=0.02 secs] 
2020-09-29T18:02:02.766+0200: 39.495: [GC (Allocation Failure) [PSYoungGen: 627812K->23843K(644096K)] 657848K->53879K(2042368K), 0.0138644 secs] [Times: user=0.13 sys=0.00, real=0.01 secs] 
2020-09-29T18:02:02.830+0200: 39.559: [GC (Allocation Failure) [PSYoungGen: 613667K->25733K(645632K)] 643703K->55769K(2043904K), 0.0121120 secs] [Times: user=0.13 sys=0.00, real=0.01 secs] 
2020-09-29T18:02:02.892+0200: 39.622: [GC (Allocation Failure) [PSYoungGen: 617093K->29253K(644608K)] 647129K->59289K(2042880K), 0.0143517 secs] [Times: user=0.13 sys=0.00, real=0.02 secs] 
2020-09-29T18:02:02.960+0200: 39.690: [GC (Allocation Failure) [PSYoungGen: 620613K->46373K(641024K)] 650649K->76409K(2039296K), 0.0219074 secs] [Times: user=0.13 sys=0.00, real=0.02 secs] 
2020-09-29T18:02:03.033+0200: 39.763: [GC (Allocation Failure) [PSYoungGen: 635685K->19042K(608768K)] 665721K->49078K(2007040K), 0.0120626 secs] [Times: user=0.13 sys=0.00, real=0.01 secs] 
2020-09-29T18:02:03.096+0200: 39.825: [GC (Allocation Failure) [PSYoungGen: 608354K->17924K(643584K)] 638390K->47960K(2041856K), 0.0097256 secs] [Times: user=0.13 sys=0.00, real=0.01 secs] 
2020-09-29T18:02:03.161+0200: 39.890: [GC (Allocation Failure) [PSYoungGen: 606212K->31332K(643584K)] 636248K->61368K(2041856K), 0.0166541 secs] [Times: user=0.13 sys=0.00, real=0.02 secs] 
2020-09-29T18:02:03.231+0200: 39.961: [GC (Allocation Failure) [PSYoungGen: 619620K->31685K(647680K)] 649656K->61721K(2045952K), 0.0162849 secs] [Times: user=0.13 sys=0.00, real=0.02 secs] 
2020-09-29T18:02:03.300+0200: 40.030: [GC (Allocation Failure) [PSYoungGen: 626117K->36229K(645632K)] 656153K->66265K(2043904K), 0.0180132 secs] [Times: user=0.25 sys=0.00, real=0.02 secs] 
2020-09-29T18:02:03.369+0200: 40.099: [GC (Allocation Failure) [PSYoungGen: 630661K->42757K(642560K)] 660697K->72793K(2040832K), 0.0209801 secs] [Times: user=0.13 sys=0.00, real=0.02 secs] 
2020-09-29T18:02:03.442+0200: 40.172: [GC (Allocation Failure) [PSYoungGen: 634117K->53733K(645120K)] 664153K->89913K(2043392K), 0.0298308 secs] [Times: user=0.13 sys=0.00, real=0.03 secs] 
2020-09-29T18:02:03.524+0200: 40.254: [GC (Allocation Failure) [PSYoungGen: 645093K->22212K(629760K)] 681273K->58392K(2028032K), 0.0123884 secs] [Times: user=0.11 sys=0.00, real=0.01 secs] 
2020-09-29T18:02:03.589+0200: 40.319: [GC (Allocation Failure) [PSYoungGen: 598212K->37156K(637440K)] 634392K->73336K(2035712K), 0.0204566 secs] [Times: user=0.09 sys=0.00, real=0.02 secs] 
2020-09-29T18:02:03.662+0200: 40.392: [GC (Allocation Failure) [PSYoungGen: 613156K->23939K(640000K)] 649336K->60119K(2038272K), 0.0143791 secs] [Times: user=0.11 sys=0.00, real=0.02 secs] 
2020-09-29T18:02:03.726+0200: 40.455: [GC (Allocation Failure) [PSYoungGen: 604035K->29028K(638976K)] 640215K->65208K(2037248K), 0.0145465 secs] [Times: user=0.13 sys=0.00, real=0.01 secs] 
2020-09-29T18:02:03.790+0200: 40.520: [GC (Allocation Failure) [PSYoungGen: 609124K->34981K(643584K)] 645304K->71161K(2041856K), 0.0168050 secs] [Times: user=0.13 sys=0.00, real=0.02 secs] 
2020-09-29T18:02:03.860+0200: 40.590: [GC (Allocation Failure) [PSYoungGen: 621221K->33253K(641536K)] 657401K->69433K(2039808K), 0.0160096 secs] [Times: user=0.13 sys=0.00, real=0.02 secs] 
2020-09-29T18:02:03.932+0200: 40.662: [GC (Allocation Failure) [PSYoungGen: 619493K->45285K(640512K)] 655673K->81465K(2038784K), 0.0212953 secs] [Times: user=0.13 sys=0.00, real=0.02 secs] 
2020-09-29T18:02:04.006+0200: 40.735: [GC (Allocation Failure) [PSYoungGen: 632549K->30949K(643072K)] 668729K->67129K(2041344K), 0.0150505 secs] [Times: user=0.13 sys=0.00, real=0.01 secs] 
2020-09-29T18:02:04.072+0200: 40.801: [GC (Allocation Failure) [PSYoungGen: 618213K->42213K(642560K)] 654393K->78393K(2040832K), 0.0207837 secs] [Times: user=0.13 sys=0.00, real=0.02 secs] 
2020-09-29T18:02:04.144+0200: 40.873: [GC (Allocation Failure) [PSYoungGen: 630501K->42629K(631296K)] 666681K->78809K(2029568K), 0.0214296 secs] [Times: user=0.25 sys=0.00, real=0.02 secs] 
2020-09-29T18:02:04.219+0200: 40.948: [GC (Allocation Failure) [PSYoungGen: 630917K->42276K(641536K)] 667097K->78456K(2039808K), 0.0214160 secs] [Times: user=0.25 sys=0.00, real=0.02 secs] 
2020-09-29T18:02:04.292+0200: 41.021: [GC (Allocation Failure) [PSYoungGen: 627492K->24964K(642048K)] 663672K->61144K(2040320K), 0.0128783 secs] [Times: user=0.13 sys=0.00, real=0.01 secs] 
2020-09-29T18:02:04.354+0200: 41.084: [GC (Allocation Failure) [PSYoungGen: 610180K->35973K(644096K)] 646360K->72153K(2042368K), 0.0173994 secs] [Times: user=0.13 sys=0.00, real=0.02 secs] 
2020-09-29T18:02:04.424+0200: 41.153: [GC (Allocation Failure) [PSYoungGen: 623237K->18498K(642048K)] 659417K->54678K(2040320K), 0.0114889 secs] [Times: user=0.13 sys=0.00, real=0.01 secs] 
2020-09-29T18:02:04.488+0200: 41.217: [GC (Allocation Failure) [PSYoungGen: 605762K->45221K(638976K)] 641942K->81401K(2037248K), 0.0214016 secs] [Times: user=0.16 sys=0.00, real=0.02 secs] 
2020-09-29T18:02:04.560+0200: 41.289: [GC (Allocation Failure) [PSYoungGen: 628389K->25668K(641024K)] 664569K->61848K(2039296K), 0.0125896 secs] [Times: user=0.13 sys=0.00, real=0.01 secs] 
2020-09-29T18:02:04.625+0200: 41.353: [GC (Allocation Failure) [PSYoungGen: 608836K->34661K(643584K)] 645016K->70841K(2041856K), 0.0177069 secs] [Times: user=0.11 sys=0.00, real=0.02 secs] 
2020-09-29T18:02:04.699+0200: 41.428: [GC (Allocation Failure) [PSYoungGen: 621413K->31972K(642048K)] 657593K->68152K(2040320K), 0.0161118 secs] [Times: user=0.13 sys=0.00, real=0.02 secs] 
2020-09-29T18:02:04.767+0200: 41.496: [GC (Allocation Failure) [PSYoungGen: 618724K->53221K(631296K)] 654904K->94281K(2029568K), 0.0289064 secs] [Times: user=0.24 sys=0.00, real=0.03 secs] 
2020-09-29T18:02:04.846+0200: 41.575: [GC (Allocation Failure) [PSYoungGen: 631269K->32836K(638464K)] 672329K->73896K(2036736K), 0.0190183 secs] [Times: user=0.24 sys=0.00, real=0.02 secs] 
2020-09-29T18:02:04.920+0200: 41.649: [GC (Allocation Failure) [PSYoungGen: 610884K->35492K(642560K)] 651944K->76552K(2040832K), 0.0183132 secs] [Times: user=0.13 sys=0.00, real=0.02 secs] 
2020-09-29T18:02:04.991+0200: 41.720: [GC (Allocation Failure) [PSYoungGen: 619684K->31652K(640512K)] 660744K->72712K(2038784K), 0.0176093 secs] [Times: user=0.11 sys=0.00, real=0.02 secs] 
2020-09-29T18:02:05.059+0200: 41.788: [GC (Allocation Failure) [PSYoungGen: 615844K->41605K(643584K)] 656904K->82665K(2041856K), 0.0200115 secs] [Times: user=0.13 sys=0.00, real=0.02 secs] 
2020-09-29T18:02:05.131+0200: 41.860: [GC (Allocation Failure) [PSYoungGen: 629893K->27620K(643584K)] 670953K->68680K(2041856K), 0.0144018 secs] [Times: user=0.13 sys=0.00, real=0.01 secs] 
2020-09-29T18:02:05.199+0200: 41.928: [GC (Allocation Failure) [PSYoungGen: 615908K->41701K(643072K)] 656968K->82761K(2041344K), 0.0222491 secs] [Times: user=0.09 sys=0.00, real=0.02 secs] 
2020-09-29T18:02:05.276+0200: 42.006: [GC (Allocation Failure) [PSYoungGen: 629989K->28037K(643584K)] 671049K->69097K(2041856K), 0.0146354 secs] [Times: user=0.13 sys=0.00, real=0.01 secs] 
2020-09-29T18:02:05.347+0200: 42.077: [GC (Allocation Failure) [PSYoungGen: 616325K->26628K(644608K)] 657385K->67688K(2042880K), 0.0132979 secs] [Times: user=0.02 sys=0.00, real=0.01 secs] 
2020-09-29T18:02:05.414+0200: 42.144: [GC (Allocation Failure) [PSYoungGen: 616452K->28517K(644096K)] 657512K->69577K(2042368K), 0.0132932 secs] [Times: user=0.13 sys=0.00, real=0.01 secs] 
2020-09-29T18:02:05.481+0200: 42.210: [GC (Allocation Failure) [PSYoungGen: 618341K->30341K(647168K)] 659401K->71401K(2045440K), 0.0141479 secs] [Times: user=0.13 sys=0.00, real=0.01 secs] 
2020-09-29T18:02:05.546+0200: 42.275: [GC (Allocation Failure) [PSYoungGen: 624261K->36357K(645632K)] 665321K->77417K(2043904K), 0.0172917 secs] [Times: user=0.13 sys=0.00, real=0.02 secs] 
2020-09-29T18:02:05.616+0200: 42.345: [GC (Allocation Failure) [PSYoungGen: 630277K->13379K(644608K)] 671337K->54439K(2042880K), 0.0084866 secs] [Times: user=0.00 sys=0.00, real=0.01 secs] 
2020-09-29T18:02:05.677+0200: 42.406: [GC (Allocation Failure) [PSYoungGen: 606787K->32549K(646144K)] 647847K->73609K(2044416K), 0.0158206 secs] [Times: user=0.13 sys=0.00, real=0.01 secs] 
2020-09-29T18:02:05.748+0200: 42.477: [GC (Allocation Failure) [PSYoungGen: 625957K->24036K(648192K)] 667017K->65096K(2046464K), 0.0121778 secs] [Times: user=0.13 sys=0.00, real=0.01 secs] 
2020-09-29T18:02:05.814+0200: 42.543: [GC (Allocation Failure) [PSYoungGen: 621028K->46917K(644096K)] 662088K->87977K(2042368K), 0.0219474 secs] [Times: user=0.25 sys=0.00, real=0.02 secs] 
2020-09-29T18:02:05.887+0200: 42.616: [GC (Allocation Failure) [PSYoungGen: 643909K->28613K(646144K)] 684969K->69673K(2044416K), 0.0144496 secs] [Times: user=0.13 sys=0.00, real=0.01 secs] 
2020-09-29T18:02:05.962+0200: 42.692: [GC (Allocation Failure) [PSYoungGen: 620485K->46181K(638464K)] 661545K->87241K(2036736K), 0.0222582 secs] [Times: user=0.13 sys=0.00, real=0.02 secs] 
2020-09-29T18:02:06.035+0200: 42.764: [GC (Allocation Failure) [PSYoungGen: 638053K->36388K(644096K)] 679113K->77448K(2042368K), 0.0185436 secs] [Times: user=0.25 sys=0.00, real=0.02 secs] 
2020-09-29T18:02:06.104+0200: 42.833: [GC (Allocation Failure) [PSYoungGen: 624164K->21988K(642560K)] 665224K->63048K(2040832K), 0.0119074 secs] [Times: user=0.13 sys=0.00, real=0.01 secs] 
2020-09-29T18:02:06.168+0200: 42.898: [GC (Allocation Failure) [PSYoungGen: 609764K->49189K(635904K)] 650824K->90249K(2034176K), 0.0228155 secs] [Times: user=0.13 sys=0.00, real=0.02 secs] 
2020-09-29T18:02:06.244+0200: 42.973: [GC (Allocation Failure) [PSYoungGen: 630309K->42309K(623616K)] 671369K->83369K(2021888K), 0.0209981 secs] [Times: user=0.13 sys=0.00, real=0.02 secs] 
2020-09-29T18:02:06.316+0200: 43.045: [GC (Allocation Failure) [PSYoungGen: 623429K->35525K(641536K)] 664489K->76585K(2039808K), 0.0162207 secs] [Times: user=0.13 sys=0.00, real=0.02 secs] 
2020-09-29T18:02:06.384+0200: 43.113: [GC (Allocation Failure) [PSYoungGen: 617669K->29733K(639488K)] 658729K->70793K(2037760K), 0.0140367 secs] [Times: user=0.13 sys=0.00, real=0.01 secs] 
2020-09-29T18:02:06.450+0200: 43.179: [GC (Allocation Failure) [PSYoungGen: 611877K->37060K(644096K)] 652937K->78120K(2042368K), 0.0186061 secs] [Times: user=0.13 sys=0.00, real=0.02 secs] 
2020-09-29T18:02:06.520+0200: 43.249: [GC (Allocation Failure) [PSYoungGen: 625348K->37477K(643072K)] 666408K->78537K(2041344K), 0.0133278 secs] [Times: user=0.00 sys=0.00, real=0.01 secs] 
2020-09-29T18:02:06.585+0200: 43.314: [GC (Allocation Failure) [PSYoungGen: 625765K->37093K(646144K)] 666825K->78153K(2044416K), 0.0141990 secs] [Times: user=0.11 sys=0.00, real=0.01 secs] 
2020-09-29T18:02:06.652+0200: 43.381: [GC (Allocation Failure) [PSYoungGen: 629477K->40837K(645120K)] 670537K->81897K(2043392K), 0.0149174 secs] [Times: user=0.13 sys=0.00, real=0.02 secs] 
2020-09-29T18:02:06.718+0200: 43.448: [GC (Allocation Failure) [PSYoungGen: 633221K->45317K(642048K)] 674281K->86377K(2040320K), 0.0152282 secs] [Times: user=0.13 sys=0.00, real=0.02 secs] 
2020-09-29T18:02:06.784+0200: 43.514: [GC (Allocation Failure) [PSYoungGen: 634629K->32933K(644096K)] 675689K->73993K(2042368K), 0.0114597 secs] [Times: user=0.13 sys=0.00, real=0.01 secs] 
2020-09-29T18:02:06.847+0200: 43.576: [GC (Allocation Failure) [PSYoungGen: 622245K->33668K(646656K)] 663305K->74728K(2044928K), 0.0120822 secs] [Times: user=0.13 sys=0.00, real=0.01 secs] 
2020-09-29T18:02:06.910+0200: 43.639: [GC (Allocation Failure) [PSYoungGen: 626564K->52197K(645120K)] 667624K->93305K(2043392K), 0.0182265 secs] [Times: user=0.25 sys=0.00, real=0.02 secs] 
2020-09-29T18:02:06.980+0200: 43.709: [GC (Allocation Failure) [PSYoungGen: 645093K->42820K(638976K)] 686201K->83928K(2037248K), 0.0156498 secs] [Times: user=0.13 sys=0.00, real=0.01 secs] 
2020-09-29T18:02:07.045+0200: 43.775: [GC (Allocation Failure) [PSYoungGen: 628036K->39172K(642048K)] 669144K->80280K(2040320K), 0.0143055 secs] [Times: user=0.13 sys=0.00, real=0.01 secs] 
2020-09-29T18:02:07.110+0200: 43.839: [GC (Allocation Failure) [PSYoungGen: 624388K->22085K(641536K)] 665496K->63193K(2039808K), 0.0087340 secs] [Times: user=0.13 sys=0.00, real=0.01 secs] 
2020-09-29T18:02:07.170+0200: 43.899: [GC (Allocation Failure) [PSYoungGen: 608325K->34117K(642560K)] 649433K->75225K(2040832K), 0.0130980 secs] [Times: user=0.13 sys=0.00, real=0.01 secs] 
2020-09-29T18:02:07.236+0200: 43.966: [GC (Allocation Failure) [PSYoungGen: 620357K->31331K(645120K)] 661465K->72439K(2043392K), 0.0128972 secs] [Times: user=0.13 sys=0.00, real=0.01 secs] 
2020-09-29T18:02:07.301+0200: 44.030: [GC (Allocation Failure) [PSYoungGen: 621667K->33669K(644096K)] 662775K->74777K(2042368K), 0.0118622 secs] [Times: user=0.00 sys=0.00, real=0.01 secs] 
2020-09-29T18:02:07.366+0200: 44.095: [GC (Allocation Failure) [PSYoungGen: 624005K->36197K(647680K)] 665113K->77305K(2045952K), 0.0127670 secs] [Times: user=0.00 sys=0.00, real=0.01 secs] 
2020-09-29T18:02:07.430+0200: 44.159: [GC (Allocation Failure) [PSYoungGen: 631141K->40324K(646144K)] 672249K->81432K(2044416K), 0.0144908 secs] [Times: user=0.13 sys=0.00, real=0.01 secs] 
2020-09-29T18:02:07.496+0200: 44.225: [GC (Allocation Failure) [PSYoungGen: 635268K->47365K(642560K)] 676376K->88473K(2040832K), 0.0164858 secs] [Times: user=0.13 sys=0.00, real=0.02 secs] 
2020-09-29T18:02:07.563+0200: 44.292: [GC (Allocation Failure) [PSYoungGen: 638725K->22597K(614400K)] 679833K->63705K(2012672K), 0.0078986 secs] [Times: user=0.13 sys=0.00, real=0.01 secs] 
2020-09-29T18:02:07.624+0200: 44.353: [GC (Allocation Failure) [PSYoungGen: 613957K->53381K(634880K)] 655065K->94489K(2033152K), 0.0186175 secs] [Times: user=0.11 sys=0.00, real=0.02 secs] 
2020-09-29T18:02:07.692+0200: 44.422: [GC (Allocation Failure) [PSYoungGen: 633477K->30339K(639488K)] 674585K->71447K(2037760K), 0.0119764 secs] [Times: user=0.00 sys=0.00, real=0.01 secs] 
2020-09-29T18:02:07.755+0200: 44.484: [GC (Allocation Failure) [PSYoungGen: 610435K->49733K(635392K)] 651543K->90841K(2033664K), 0.0167249 secs] [Times: user=0.13 sys=0.00, real=0.02 secs] 
2020-09-29T18:02:07.822+0200: 44.552: [GC (Allocation Failure) [PSYoungGen: 626757K->38885K(637952K)] 667865K->79993K(2036224K), 0.0128759 secs] [Times: user=0.13 sys=0.00, real=0.01 secs] 
2020-09-29T18:02:07.884+0200: 44.614: [GC (Allocation Failure) [PSYoungGen: 615909K->10532K(633856K)] 657017K->51640K(2032128K), 0.0039987 secs] [Times: user=0.00 sys=0.00, real=0.00 secs] 
2020-09-29T18:02:07.939+0200: 44.668: [GC (Allocation Failure) [PSYoungGen: 585508K->38629K(636928K)] 626616K->79737K(2035200K), 0.0143120 secs] [Times: user=0.13 sys=0.00, real=0.01 secs] 
2020-09-29T18:02:08.006+0200: 44.735: [GC (Allocation Failure) [PSYoungGen: 613605K->39365K(639488K)] 654713K->80473K(2037760K), 0.0156707 secs] [Times: user=0.13 sys=0.00, real=0.01 secs] 
2020-09-29T18:02:08.073+0200: 44.803: [GC (Allocation Failure) [PSYoungGen: 618437K->29284K(638464K)] 659545K->70392K(2036736K), 0.0115509 secs] [Times: user=0.13 sys=0.00, real=0.01 secs] 
2020-09-29T18:02:08.137+0200: 44.866: [GC (Allocation Failure) [PSYoungGen: 608356K->34085K(642560K)] 649464K->75193K(2040832K), 0.0133477 secs] [Times: user=0.13 sys=0.00, real=0.01 secs] 
2020-09-29T18:02:08.205+0200: 44.934: [GC (Allocation Failure) [PSYoungGen: 618789K->29892K(641024K)] 659897K->71000K(2039296K), 0.0147716 secs] [Times: user=0.09 sys=0.00, real=0.01 secs] 
2020-09-29T18:02:08.271+0200: 45.000: [GC (Allocation Failure) [PSYoungGen: 614596K->40293K(644096K)] 655704K->81401K(2042368K), 0.0141794 secs] [Times: user=0.00 sys=0.00, real=0.01 secs] 
2020-09-29T18:02:08.336+0200: 45.065: [GC (Allocation Failure) [PSYoungGen: 629605K->13188K(602624K)] 670713K->54296K(2000896K), 0.0048162 secs] [Times: user=0.00 sys=0.00, real=0.01 secs] 
2020-09-29T18:02:08.391+0200: 45.121: [GC (Allocation Failure) [PSYoungGen: 602500K->28357K(643584K)] 643608K->69465K(2041856K), 0.0103129 secs] [Times: user=0.13 sys=0.00, real=0.01 secs] 
2020-09-29T18:02:08.453+0200: 45.182: [GC (Allocation Failure) [PSYoungGen: 615109K->54565K(641536K)] 656217K->95673K(2039808K), 0.0184866 secs] [Times: user=0.13 sys=0.00, real=0.02 secs] 
2020-09-29T18:02:08.522+0200: 45.251: [GC (Allocation Failure) [PSYoungGen: 641317K->25539K(636416K)] 682425K->66647K(2034688K), 0.0104887 secs] [Times: user=0.00 sys=0.00, real=0.01 secs] 
2020-09-29T18:02:08.584+0200: 45.313: [GC (Allocation Failure) [PSYoungGen: 604611K->44101K(623616K)] 645719K->85209K(2021888K), 0.0158879 secs] [Times: user=0.13 sys=0.00, real=0.02 secs] 
2020-09-29T18:02:08.651+0200: 45.380: [GC (Allocation Failure) [PSYoungGen: 623173K->35269K(640000K)] 664281K->76377K(2038272K), 0.0138313 secs] [Times: user=0.13 sys=0.00, real=0.01 secs] 
2020-09-29T18:02:08.715+0200: 45.444: [GC (Allocation Failure) [PSYoungGen: 613829K->39589K(637440K)] 654937K->80697K(2035712K), 0.0136283 secs] [Times: user=0.13 sys=0.00, real=0.01 secs] 
2020-09-29T18:02:08.779+0200: 45.508: [GC (Allocation Failure) [PSYoungGen: 618149K->43909K(639488K)] 659257K->85017K(2037760K), 0.0152046 secs] [Times: user=0.13 sys=0.00, real=0.01 secs] 
2020-09-29T18:02:08.844+0200: 45.573: [GC (Allocation Failure) [PSYoungGen: 625029K->37125K(640000K)] 666137K->78233K(2038272K), 0.0138493 secs] [Times: user=0.13 sys=0.00, real=0.01 secs] 
2020-09-29T18:02:08.909+0200: 45.638: [GC (Allocation Failure) [PSYoungGen: 618245K->28804K(642560K)] 659353K->69912K(2040832K), 0.0115104 secs] [Times: user=0.13 sys=0.00, real=0.01 secs] 
2020-09-29T18:02:08.970+0200: 45.699: [GC (Allocation Failure) [PSYoungGen: 613153K->21346K(641536K)] 654261K->62454K(2039808K), 0.0095764 secs] [Times: user=0.13 sys=0.00, real=0.01 secs] 
2020-09-29T18:02:09.029+0200: 45.759: [GC (Allocation Failure) [PSYoungGen: 606562K->46021K(637952K)] 647670K->87129K(2036224K), 0.0159674 secs] [Times: user=0.13 sys=0.00, real=0.02 secs] 
2020-09-29T18:02:09.095+0200: 45.825: [GC (Allocation Failure) [PSYoungGen: 627141K->39205K(640000K)] 668249K->80313K(2038272K), 0.0143792 secs] [Times: user=0.13 sys=0.00, real=0.01 secs] 
2020-09-29T18:02:09.161+0200: 45.890: [GC (Allocation Failure) [PSYoungGen: 620325K->31908K(642560K)] 661433K->73016K(2040832K), 0.0121117 secs] [Times: user=0.00 sys=0.00, real=0.01 secs] 
2020-09-29T18:02:09.226+0200: 45.955: [GC (Allocation Failure) [PSYoungGen: 616612K->42373K(641024K)] 657720K->83481K(2039296K), 0.0160638 secs] [Times: user=0.13 sys=0.00, real=0.02 secs] 
2020-09-29T18:02:09.293+0200: 46.022: [GC (Allocation Failure) [PSYoungGen: 627077K->39173K(643072K)] 668185K->80281K(2041344K), 0.0135081 secs] [Times: user=0.13 sys=0.00, real=0.01 secs] 
2020-09-29T18:02:09.357+0200: 46.086: [GC (Allocation Failure) [PSYoungGen: 625413K->36164K(642048K)] 666521K->77272K(2040320K), 0.0132473 secs] [Times: user=0.13 sys=0.00, real=0.01 secs] 
2020-09-29T18:02:09.421+0200: 46.151: [GC (Allocation Failure) [PSYoungGen: 622404K->33860K(646144K)] 663512K->74968K(2044416K), 0.0120487 secs] [Times: user=0.13 sys=0.00, real=0.01 secs] 
2020-09-29T18:02:09.487+0200: 46.216: [GC (Allocation Failure) [PSYoungGen: 625732K->37797K(644608K)] 666840K->78905K(2042880K), 0.0146214 secs] [Times: user=0.06 sys=0.00, real=0.01 secs] 
2020-09-29T18:02:09.554+0200: 46.284: [GC (Allocation Failure) [PSYoungGen: 629669K->41701K(646144K)] 670777K->82809K(2044416K), 0.0169449 secs] [Times: user=0.13 sys=0.00, real=0.02 secs] 
2020-09-29T18:02:09.627+0200: 46.356: [GC (Allocation Failure) [PSYoungGen: 636133K->34533K(646656K)] 677241K->75641K(2044928K), 0.0152567 secs] [Times: user=0.09 sys=0.00, real=0.01 secs] 
2020-09-29T18:02:09.696+0200: 46.425: [GC (Allocation Failure) [PSYoungGen: 628965K->40997K(647680K)] 670073K->82105K(2045952K), 0.0146510 secs] [Times: user=0.13 sys=0.00, real=0.01 secs] 
2020-09-29T18:02:09.762+0200: 46.491: [GC (Allocation Failure) [PSYoungGen: 637477K->35909K(647680K)] 678585K->77017K(2045952K), 0.0122282 secs] [Times: user=0.13 sys=0.00, real=0.01 secs] 
2020-09-29T18:02:09.826+0200: 46.555: [GC (Allocation Failure) [PSYoungGen: 632389K->43588K(646656K)] 673497K->84696K(2044928K), 0.0156116 secs] [Times: user=0.13 sys=0.00, real=0.02 secs] 
2020-09-29T18:02:09.893+0200: 46.622: [GC (Allocation Failure) [PSYoungGen: 640068K->51173K(647680K)] 681176K->93177K(2045952K), 0.0178353 secs] [Times: user=0.25 sys=0.00, real=0.02 secs] 
2020-09-29T18:02:09.963+0200: 46.692: [GC (Allocation Failure) [PSYoungGen: 647653K->31812K(640512K)] 689657K->73816K(2038784K), 0.0118875 secs] [Times: user=0.13 sys=0.00, real=0.01 secs] 
2020-09-29T18:02:10.028+0200: 46.757: [GC (Allocation Failure) [PSYoungGen: 621124K->18980K(608768K)] 663128K->60984K(2007040K), 0.0070836 secs] [Times: user=0.00 sys=0.00, real=0.01 secs] 
2020-09-29T18:02:10.085+0200: 46.815: [GC (Allocation Failure) [PSYoungGen: 608292K->19139K(641024K)] 650296K->61143K(2039296K), 0.0081550 secs] [Times: user=0.00 sys=0.00, real=0.01 secs] 
2020-09-29T18:02:10.151+0200: 46.880: [GC (Allocation Failure) [PSYoungGen: 603331K->42596K(627200K)] 645335K->84600K(2025472K), 0.0153051 secs] [Times: user=0.13 sys=0.00, real=0.01 secs] 
2020-09-29T18:02:10.220+0200: 46.949: [GC (Allocation Failure) [PSYoungGen: 626788K->25221K(641024K)] 668792K->67225K(2039296K), 0.0100505 secs] [Times: user=0.13 sys=0.00, real=0.01 secs] 
2020-09-29T18:02:10.282+0200: 47.012: [GC (Allocation Failure) [PSYoungGen: 607877K->33476K(640512K)] 649881K->75480K(2038784K), 0.0147688 secs] [Times: user=0.11 sys=0.00, real=0.01 secs] 
2020-09-29T18:02:10.347+0200: 47.077: [GC (Allocation Failure) [PSYoungGen: 616132K->41348K(642560K)] 658136K->83352K(2040832K), 0.0149026 secs] [Times: user=0.01 sys=0.02, real=0.02 secs] 
2020-09-29T18:02:10.414+0200: 47.143: [GC (Allocation Failure) [PSYoungGen: 628612K->26949K(643072K)] 670616K->68953K(2041344K), 0.0092399 secs] [Times: user=0.00 sys=0.00, real=0.01 secs] 
2020-09-29T18:02:10.475+0200: 47.204: [GC (Allocation Failure) [PSYoungGen: 614213K->53669K(633344K)] 656217K->95673K(2031616K), 0.0191960 secs] [Times: user=0.13 sys=0.00, real=0.02 secs] 
2020-09-29T18:02:10.544+0200: 47.273: [GC (Allocation Failure) [PSYoungGen: 631717K->43845K(622080K)] 673721K->85849K(2020352K), 0.0156254 secs] [Times: user=0.13 sys=0.00, real=0.02 secs] 
2020-09-29T18:02:10.612+0200: 47.341: [GC (Allocation Failure) [PSYoungGen: 621893K->33925K(640000K)] 663897K->75929K(2038272K), 0.0134463 secs] [Times: user=0.11 sys=0.00, real=0.01 secs] 
2020-09-29T18:02:10.676+0200: 47.405: [GC (Allocation Failure) [PSYoungGen: 612997K->52549K(631808K)] 655001K->94553K(2030080K), 0.0171128 secs] [Times: user=0.13 sys=0.00, real=0.02 secs] 
2020-09-29T18:02:10.743+0200: 47.472: [GC (Allocation Failure) [PSYoungGen: 631621K->29989K(637440K)] 673625K->71993K(2035712K), 0.0101915 secs] [Times: user=0.00 sys=0.00, real=0.01 secs] 
2020-09-29T18:02:10.803+0200: 47.531: [GC (Allocation Failure) [PSYoungGen: 604965K->28485K(636416K)] 646969K->70489K(2034688K), 0.0118658 secs] [Times: user=0.00 sys=0.00, real=0.01 secs] 
2020-09-29T18:02:10.864+0200: 47.593: [GC (Allocation Failure) [PSYoungGen: 603461K->14563K(635904K)] 645465K->56567K(2034176K), 0.0060309 secs] [Times: user=0.00 sys=0.00, real=0.01 secs] 
2020-09-29T18:02:10.924+0200: 47.652: [GC (Allocation Failure) [PSYoungGen: 589539K->29028K(636928K)] 631543K->71032K(2035200K), 0.0113751 secs] [Times: user=0.13 sys=0.00, real=0.01 secs] 
2020-09-29T18:02:10.985+0200: 47.714: [GC (Allocation Failure) [PSYoungGen: 604004K->43397K(636416K)] 646008K->85401K(2034688K), 0.0155506 secs] [Times: user=0.13 sys=0.00, real=0.02 secs] 
2020-09-29T18:02:11.050+0200: 47.779: [GC (Allocation Failure) [PSYoungGen: 619397K->30148K(637440K)] 661401K->72152K(2035712K), 0.0119910 secs] [Times: user=0.13 sys=0.00, real=0.01 secs] 
2020-09-29T18:02:11.112+0200: 47.840: [GC (Allocation Failure) [PSYoungGen: 606148K->31589K(641536K)] 648152K->73593K(2039808K), 0.0119573 secs] [Times: user=0.13 sys=0.00, real=0.01 secs] 
2020-09-29T18:02:11.174+0200: 47.903: [GC (Allocation Failure) [PSYoungGen: 613733K->24389K(639488K)] 655737K->66393K(2037760K), 0.0093423 secs] [Times: user=0.13 sys=0.00, real=0.01 secs] 
2020-09-29T18:02:11.237+0200: 47.965: [GC (Allocation Failure) [PSYoungGen: 606533K->45860K(637952K)] 648537K->87864K(2036224K), 0.0167534 secs] [Times: user=0.13 sys=0.00, real=0.02 secs] 
2020-09-29T18:02:11.304+0200: 48.032: [GC (Allocation Failure) [PSYoungGen: 626980K->24195K(640000K)] 668984K->66199K(2038272K), 0.0099983 secs] [Times: user=0.00 sys=0.00, real=0.01 secs] 
2020-09-29T18:02:11.364+0200: 48.092: [GC (Allocation Failure) [PSYoungGen: 605315K->44773K(637440K)] 647319K->86777K(2035712K), 0.0150091 secs] [Times: user=0.00 sys=0.00, real=0.01 secs] 
2020-09-29T18:02:11.428+0200: 48.157: [GC (Allocation Failure) [PSYoungGen: 623845K->35909K(638976K)] 665849K->77913K(2037248K), 0.0131806 secs] [Times: user=0.00 sys=0.00, real=0.01 secs] 
2020-09-29T18:02:11.491+0200: 48.220: [GC (Allocation Failure) [PSYoungGen: 614981K->39428K(641536K)] 656985K->81432K(2039808K), 0.0152285 secs] [Times: user=0.13 sys=0.00, real=0.02 secs] 
2020-09-29T18:02:11.559+0200: 48.287: [GC (Allocation Failure) [PSYoungGen: 623108K->48901K(632832K)] 665112K->90905K(2031104K), 0.0183774 secs] [Times: user=0.11 sys=0.00, real=0.02 secs] 
2020-09-29T18:02:11.629+0200: 48.358: [GC (Allocation Failure) [PSYoungGen: 632581K->29540K(639488K)] 674585K->71544K(2037760K), 0.0115041 secs] [Times: user=0.11 sys=0.00, real=0.01 secs] 
2020-09-29T18:02:11.697+0200: 48.425: [GC (Allocation Failure) [PSYoungGen: 608612K->34405K(638464K)] 650616K->76409K(2036736K), 0.0124868 secs] [Times: user=0.13 sys=0.00, real=0.01 secs] 
2020-09-29T18:02:11.759+0200: 48.488: [GC (Allocation Failure) [PSYoungGen: 613477K->25573K(642048K)] 655481K->67577K(2040320K), 0.0091546 secs] [Times: user=0.00 sys=0.00, real=0.01 secs] 
2020-09-29T18:02:11.820+0200: 48.549: [GC (Allocation Failure) [PSYoungGen: 610277K->34500K(641536K)] 652281K->76504K(2039808K), 0.0130839 secs] [Times: user=0.13 sys=0.00, real=0.01 secs] 
2020-09-29T18:02:11.885+0200: 48.614: [GC (Allocation Failure) [PSYoungGen: 619204K->44676K(641024K)] 661208K->86680K(2039296K), 0.0163566 secs] [Times: user=0.13 sys=0.00, real=0.02 secs] 
2020-09-29T18:02:11.951+0200: 48.680: [GC (Allocation Failure) [PSYoungGen: 630916K->11684K(598016K)] 672920K->53688K(1996288K), 0.0043449 secs] [Times: user=0.00 sys=0.00, real=0.01 secs] 
2020-09-29T18:02:12.006+0200: 48.735: [GC (Allocation Failure) [PSYoungGen: 597924K->34789K(642560K)] 639928K->76793K(2040832K), 0.0131463 secs] [Times: user=0.00 sys=0.00, real=0.01 secs] 
2020-09-29T18:02:12.069+0200: 48.799: [GC (Allocation Failure) [PSYoungGen: 618981K->30532K(640512K)] 660985K->72536K(2038784K), 0.0159990 secs] [Times: user=0.13 sys=0.00, real=0.02 secs] 
2020-09-29T18:02:12.136+0200: 48.865: [GC (Allocation Failure) [PSYoungGen: 614724K->40484K(643072K)] 656728K->82488K(2041344K), 0.0154969 secs] [Times: user=0.13 sys=0.00, real=0.02 secs] 
2020-09-29T18:02:12.207+0200: 48.935: [GC (Allocation Failure) [PSYoungGen: 628772K->27013K(643584K)] 670776K->69017K(2041856K), 0.0135340 secs] [Times: user=0.09 sys=0.00, real=0.01 secs] 
2020-09-29T18:02:12.274+0200: 49.003: [GC (Allocation Failure) [PSYoungGen: 615301K->11297K(641536K)] 657305K->53301K(2039808K), 0.0080124 secs] [Times: user=0.00 sys=0.00, real=0.01 secs] 
2020-09-29T18:02:12.336+0200: 49.065: [GC (Allocation Failure) [PSYoungGen: 598561K->36932K(643072K)] 640565K->78936K(2041344K), 0.0140025 secs] [Times: user=0.13 sys=0.00, real=0.01 secs] 
2020-09-29T18:02:12.401+0200: 49.130: [GC (Allocation Failure) [PSYoungGen: 624196K->49925K(634880K)] 666200K->91929K(2033152K), 0.0177749 secs] [Times: user=0.13 sys=0.00, real=0.02 secs] 
2020-09-29T18:02:12.469+0200: 49.198: [GC (Allocation Failure) [PSYoungGen: 628997K->39716K(638976K)] 671001K->81720K(2037248K), 0.0144810 secs] [Times: user=0.13 sys=0.00, real=0.01 secs] 
2020-09-29T18:02:12.534+0200: 49.263: [GC (Allocation Failure) [PSYoungGen: 618788K->44229K(636928K)] 660792K->86233K(2035200K), 0.0155470 secs] [Times: user=0.13 sys=0.00, real=0.02 secs] 
2020-09-29T18:02:12.603+0200: 49.332: [GC (Allocation Failure) [PSYoungGen: 621253K->31428K(637952K)] 663257K->73432K(2036224K), 0.0132076 secs] [Times: user=0.11 sys=0.00, real=0.01 secs] 
2020-09-29T18:02:12.667+0200: 49.396: [GC (Allocation Failure) [PSYoungGen: 608452K->33604K(642048K)] 650456K->75608K(2040320K), 0.0132121 secs] [Times: user=0.13 sys=0.00, real=0.01 secs] 
2020-09-29T18:02:12.730+0200: 49.459: [GC (Allocation Failure) [PSYoungGen: 616772K->42533K(640000K)] 658776K->84537K(2038272K), 0.0156518 secs] [Times: user=0.11 sys=0.00, real=0.02 secs] 
2020-09-29T18:02:12.796+0200: 49.525: [GC (Allocation Failure) [PSYoungGen: 625701K->22724K(641536K)] 667705K->64728K(2039808K), 0.0085072 secs] [Times: user=0.13 sys=0.00, real=0.01 secs] 
2020-09-29T18:02:12.855+0200: 49.584: [GC (Allocation Failure) [PSYoungGen: 606916K->17923K(602624K)] 648920K->59927K(2000896K), 0.0079604 secs] [Times: user=0.00 sys=0.00, real=0.01 secs] 
2020-09-29T18:02:12.914+0200: 49.643: [GC (Allocation Failure) [PSYoungGen: 602115K->55205K(628736K)] 644119K->97209K(2027008K), 0.0189416 secs] [Times: user=0.13 sys=0.00, real=0.02 secs] 
2020-09-29T18:02:12.982+0200: 49.711: [GC (Allocation Failure) [PSYoungGen: 626085K->38181K(634880K)] 668089K->80185K(2033152K), 0.0135249 secs] [Times: user=0.13 sys=0.00, real=0.01 secs] 
2020-09-29T18:02:13.045+0200: 49.774: [GC (Allocation Failure) [PSYoungGen: 609061K->48517K(632320K)] 651065K->90521K(2030592K), 0.0170452 secs] [Times: user=0.13 sys=0.00, real=0.02 secs] 
2020-09-29T18:02:13.111+0200: 49.840: [GC (Allocation Failure) [PSYoungGen: 618373K->44133K(634368K)] 660377K->86137K(2032640K), 0.0143290 secs] [Times: user=0.13 sys=0.00, real=0.01 secs] 
2020-09-29T18:02:13.176+0200: 49.905: [GC (Allocation Failure) [PSYoungGen: 613989K->25060K(634880K)] 655993K->67064K(2033152K), 0.0094653 secs] [Times: user=0.00 sys=0.02, real=0.01 secs] 
2020-09-29T18:02:13.239+0200: 49.968: [GC (Allocation Failure) [PSYoungGen: 595428K->34917K(634368K)] 637432K->76921K(2032640K), 0.0137336 secs] [Times: user=0.00 sys=0.00, real=0.01 secs] 
2020-09-29T18:02:13.302+0200: 50.031: [GC (Allocation Failure) [PSYoungGen: 605285K->44388K(636416K)] 647289K->86392K(2034688K), 0.0162349 secs] [Times: user=0.13 sys=0.00, real=0.02 secs] 
2020-09-29T18:02:13.368+0200: 50.097: [GC (Allocation Failure) [PSYoungGen: 619364K->17412K(592896K)] 661368K->59416K(1991168K), 0.0064617 secs] [Times: user=0.00 sys=0.00, real=0.01 secs] 
2020-09-29T18:02:13.424+0200: 50.153: [GC (Allocation Failure) [PSYoungGen: 592388K->31717K(638464K)] 634392K->73721K(2036736K), 0.0117957 secs] [Times: user=0.13 sys=0.00, real=0.02 secs] 
2020-09-29T18:02:13.491+0200: 50.220: [GC (Allocation Failure) [PSYoungGen: 607205K->32868K(635904K)] 649209K->74872K(2034176K), 0.0125018 secs] [Times: user=0.00 sys=0.00, real=0.01 secs] 
2020-09-29T18:02:13.553+0200: 50.282: [GC (Allocation Failure) [PSYoungGen: 608356K->47813K(635392K)] 650360K->89817K(2033664K), 0.0165126 secs] [Times: user=0.13 sys=0.00, real=0.02 secs] 
2020-09-29T18:02:13.622+0200: 50.351: [GC (Allocation Failure) [PSYoungGen: 624837K->35524K(637952K)] 666841K->77528K(2036224K), 0.0156549 secs] [Times: user=0.11 sys=0.00, real=0.02 secs] 
2020-09-29T18:02:13.688+0200: 50.418: [GC (Allocation Failure) [PSYoungGen: 612548K->52005K(633344K)] 654552K->94009K(2031616K), 0.0175726 secs] [Times: user=0.13 sys=0.00, real=0.02 secs] 
2020-09-29T18:02:13.756+0200: 50.485: [GC (Allocation Failure) [PSYoungGen: 626981K->39045K(636928K)] 668985K->81049K(2035200K), 0.0142254 secs] [Times: user=0.00 sys=0.00, real=0.01 secs] 
2020-09-29T18:02:13.819+0200: 50.549: [GC (Allocation Failure) [PSYoungGen: 614021K->38084K(640512K)] 656025K->80088K(2038784K), 0.0144964 secs] [Times: user=0.13 sys=0.00, real=0.02 secs] 
2020-09-29T18:02:13.884+0200: 50.613: [GC (Allocation Failure) [PSYoungGen: 618180K->28227K(638464K)] 660184K->70231K(2036736K), 0.0113344 secs] [Times: user=0.13 sys=0.00, real=0.01 secs] 
2020-09-29T18:02:13.945+0200: 50.674: [GC (Allocation Failure) [PSYoungGen: 608323K->18307K(638976K)] 650327K->60311K(2037248K), 0.0078800 secs] [Times: user=0.00 sys=0.00, real=0.01 secs] 
2020-09-29T18:02:14.006+0200: 50.736: [GC (Allocation Failure) [PSYoungGen: 599427K->23300K(640000K)] 641431K->65304K(2038272K), 0.0087667 secs] [Times: user=0.00 sys=0.00, real=0.01 secs] 
2020-09-29T18:02:14.064+0200: 50.794: [GC (Allocation Failure) [PSYoungGen: 604420K->43813K(637440K)] 646424K->85817K(2035712K), 0.0154654 secs] [Times: user=0.13 sys=0.00, real=0.02 secs] 
2020-09-29T18:02:14.130+0200: 50.860: [GC (Allocation Failure) [PSYoungGen: 622885K->34917K(638976K)] 664889K->76921K(2037248K), 0.0122982 secs] [Times: user=0.00 sys=0.00, real=0.01 secs] 
2020-09-29T18:02:14.195+0200: 50.924: [GC (Allocation Failure) [PSYoungGen: 613989K->37348K(642560K)] 655993K->79352K(2040832K), 0.0183748 secs] [Times: user=0.11 sys=0.00, real=0.02 secs] 
2020-09-29T18:02:14.265+0200: 50.994: [GC (Allocation Failure) [PSYoungGen: 622564K->33892K(641536K)] 664568K->75896K(2039808K), 0.0128697 secs] [Times: user=0.13 sys=0.00, real=0.01 secs] 
2020-09-29T18:02:14.330+0200: 51.059: [GC (Allocation Failure) [PSYoungGen: 619108K->16003K(642560K)] 661112K->58007K(2040832K), 0.0081057 secs] [Times: user=0.11 sys=0.00, real=0.01 secs] 
2020-09-29T18:02:14.389+0200: 51.118: [GC (Allocation Failure) [PSYoungGen: 604291K->43717K(632320K)] 646295K->85721K(2030592K), 0.0156504 secs] [Times: user=0.13 sys=0.00, real=0.02 secs] 
2020-09-29T18:02:14.459+0200: 51.188: [GC (Allocation Failure) [PSYoungGen: 632005K->44069K(638464K)] 674009K->86073K(2036736K), 0.0173583 secs] [Times: user=0.13 sys=0.00, real=0.02 secs] 
2020-09-29T18:02:14.528+0200: 51.258: [GC (Allocation Failure) [PSYoungGen: 625189K->36164K(640000K)] 667193K->78168K(2038272K), 0.0145693 secs] [Times: user=0.13 sys=0.00, real=0.01 secs] 
2020-09-29T18:02:14.597+0200: 51.326: [GC (Allocation Failure) [PSYoungGen: 617284K->28580K(643072K)] 659288K->70584K(2041344K), 0.0136069 secs] [Times: user=0.09 sys=0.00, real=0.01 secs] 
2020-09-29T18:02:14.667+0200: 51.396: [GC (Allocation Failure) [PSYoungGen: 614820K->10404K(596992K)] 656824K->52408K(1995264K), 0.0036807 secs] [Times: user=0.00 sys=0.00, real=0.00 secs] 
2020-09-29T18:02:14.722+0200: 51.451: [GC (Allocation Failure) [PSYoungGen: 596644K->49733K(632832K)] 638648K->91737K(2031104K), 0.0171717 secs] [Times: user=0.25 sys=0.00, real=0.02 secs] 
2020-09-29T18:02:14.789+0200: 51.518: [GC (Allocation Failure) [PSYoungGen: 624709K->50501K(625664K)] 666713K->92505K(2023936K), 0.0180739 secs] [Times: user=0.13 sys=0.00, real=0.02 secs] 
2020-09-29T18:02:14.863+0200: 51.593: [GC (Allocation Failure) [PSYoungGen: 625477K->37509K(635904K)] 667481K->79513K(2034176K), 0.0130568 secs] [Times: user=0.13 sys=0.00, real=0.01 secs] 
2020-09-29T18:02:14.926+0200: 51.655: [GC (Allocation Failure) [PSYoungGen: 608389K->47845K(633856K)] 650393K->89849K(2032128K), 0.0170887 secs] [Times: user=0.13 sys=0.00, real=0.02 secs] 
2020-09-29T18:02:14.992+0200: 51.722: [GC (Allocation Failure) [PSYoungGen: 618725K->13667K(631296K)] 660729K->55671K(2029568K), 0.0064298 secs] [Times: user=0.00 sys=0.00, real=0.01 secs] 
2020-09-29T18:02:15.047+0200: 51.777: [GC (Allocation Failure) [PSYoungGen: 580451K->32932K(632832K)] 622455K->74936K(2031104K), 0.0118922 secs] [Times: user=0.13 sys=0.00, real=0.01 secs] 
2020-09-29T18:02:15.108+0200: 51.838: [GC (Allocation Failure) [PSYoungGen: 599716K->39077K(636928K)] 641720K->81081K(2035200K), 0.0149726 secs] [Times: user=0.11 sys=0.00, real=0.01 secs] 
2020-09-29T18:02:15.174+0200: 51.904: [GC (Allocation Failure) [PSYoungGen: 613029K->25028K(635904K)] 655033K->67032K(2034176K), 0.0107913 secs] [Times: user=0.13 sys=0.00, real=0.01 secs] 
2020-09-29T18:02:15.236+0200: 51.966: [GC (Allocation Failure) [PSYoungGen: 598980K->38501K(638976K)] 640984K->80505K(2037248K), 0.0138069 secs] [Times: user=0.13 sys=0.00, real=0.01 secs] 
2020-09-29T18:02:15.300+0200: 52.029: [GC (Allocation Failure) [PSYoungGen: 616549K->28613K(637952K)] 658553K->70617K(2036224K), 0.0108318 secs] [Times: user=0.13 sys=0.00, real=0.01 secs] 
2020-09-29T18:02:15.360+0200: 52.090: [GC (Allocation Failure) [PSYoungGen: 606661K->32453K(642560K)] 648665K->74457K(2040832K), 0.0110879 secs] [Times: user=0.13 sys=0.00, real=0.01 secs] 
2020-09-29T18:02:15.426+0200: 52.155: [GC (Allocation Failure) [PSYoungGen: 616645K->42405K(640512K)] 658649K->84409K(2038784K), 0.0152901 secs] [Times: user=0.00 sys=0.00, real=0.01 secs] 
2020-09-29T18:02:15.492+0200: 52.221: [GC (Allocation Failure) [PSYoungGen: 626597K->20803K(641536K)] 668601K->62807K(2039808K), 0.0085888 secs] [Times: user=0.00 sys=0.00, real=0.01 secs] 
2020-09-29T18:02:15.552+0200: 52.282: [GC (Allocation Failure) [PSYoungGen: 604995K->44421K(628736K)] 646999K->86425K(2027008K), 0.0159981 secs] [Times: user=0.13 sys=0.00, real=0.02 secs] 
2020-09-29T18:02:15.621+0200: 52.350: [GC (Allocation Failure) [PSYoungGen: 628613K->40548K(640000K)] 670617K->82552K(2038272K), 0.0191348 secs] [Times: user=0.09 sys=0.00, real=0.02 secs] 
2020-09-29T18:02:15.692+0200: 52.421: [GC (Allocation Failure) [PSYoungGen: 621668K->32644K(640000K)] 663672K->74648K(2038272K), 0.0120581 secs] [Times: user=0.00 sys=0.00, real=0.01 secs] 
2020-09-29T18:02:15.754+0200: 52.484: [GC (Allocation Failure) [PSYoungGen: 613764K->38276K(642560K)] 655768K->80280K(2040832K), 0.0156781 secs] [Times: user=0.13 sys=0.00, real=0.02 secs] 
2020-09-29T18:02:15.821+0200: 52.551: [GC (Allocation Failure) [PSYoungGen: 624004K->22020K(642048K)] 666008K->64024K(2040320K), 0.0086781 secs] [Times: user=0.00 sys=0.00, real=0.01 secs] 
2020-09-29T18:02:15.881+0200: 52.611: [GC (Allocation Failure) [PSYoungGen: 607748K->32612K(644608K)] 649752K->74616K(2042880K), 0.0123244 secs] [Times: user=0.00 sys=0.00, real=0.01 secs] 
2020-09-29T18:02:15.944+0200: 52.674: [GC (Allocation Failure) [PSYoungGen: 620900K->46597K(635392K)] 662904K->88601K(2033664K), 0.0160166 secs] [Times: user=0.13 sys=0.00, real=0.02 secs] 
2020-09-29T18:02:16.011+0200: 52.740: [GC (Allocation Failure) [PSYoungGen: 634885K->33317K(643584K)] 676889K->75321K(2041856K), 0.0119578 secs] [Times: user=0.13 sys=0.00, real=0.01 secs] 
2020-09-29T18:02:16.073+0200: 52.803: [GC (Allocation Failure) [PSYoungGen: 620069K->32164K(642048K)] 662073K->74168K(2040320K), 0.0123100 secs] [Times: user=0.13 sys=0.00, real=0.01 secs] 
2020-09-29T18:02:16.136+0200: 52.865: [GC (Allocation Failure) [PSYoungGen: 618916K->27524K(646144K)] 660920K->69528K(2044416K), 0.0108270 secs] [Times: user=0.13 sys=0.00, real=0.01 secs] 
2020-09-29T18:02:16.200+0200: 52.929: [GC (Allocation Failure) [PSYoungGen: 620420K->17027K(610304K)] 662424K->59031K(2008576K), 0.0095823 secs] [Times: user=0.11 sys=0.00, real=0.01 secs] 
2020-09-29T18:02:16.261+0200: 52.991: [GC (Allocation Failure) [PSYoungGen: 609923K->35621K(646144K)] 651927K->77625K(2044416K), 0.0130891 secs] [Times: user=0.13 sys=0.00, real=0.01 secs] 
2020-09-29T18:02:16.326+0200: 53.056: [GC (Allocation Failure) [PSYoungGen: 628005K->40133K(645120K)] 670009K->82137K(2043392K), 0.0142655 secs] [Times: user=0.13 sys=0.00, real=0.01 secs] 
2020-09-29T18:02:16.392+0200: 53.121: [GC (Allocation Failure) [PSYoungGen: 632517K->44549K(641024K)] 674521K->86553K(2039296K), 0.0154184 secs] [Times: user=0.13 sys=0.00, real=0.02 secs] 
2020-09-29T18:02:16.458+0200: 53.187: [GC (Allocation Failure) [PSYoungGen: 631813K->30116K(643072K)] 673817K->72120K(2041344K), 0.0115630 secs] [Times: user=0.00 sys=0.00, real=0.01 secs] 
2020-09-29T18:02:16.519+0200: 53.249: [GC (Allocation Failure) [PSYoungGen: 617380K->27396K(645120K)] 659384K->69400K(2043392K), 0.0113014 secs] [Times: user=0.09 sys=0.01, real=0.01 secs] 
2020-09-29T18:02:16.583+0200: 53.312: [GC (Allocation Failure) [PSYoungGen: 618244K->29156K(644608K)] 660248K->71160K(2042880K), 0.0126935 secs] [Times: user=0.00 sys=0.00, real=0.01 secs] 
2020-09-29T18:02:16.647+0200: 53.376: [GC (Allocation Failure) [PSYoungGen: 620004K->29156K(647680K)] 662008K->71160K(2045952K), 0.0114171 secs] [Times: user=0.00 sys=0.00, real=0.01 secs] 
2020-09-29T18:02:16.710+0200: 53.440: [GC (Allocation Failure) [PSYoungGen: 624612K->23012K(646656K)] 666616K->65016K(2044928K), 0.0100454 secs] [Times: user=0.00 sys=0.00, real=0.01 secs] 
2020-09-29T18:02:16.771+0200: 53.501: [GC (Allocation Failure) [PSYoungGen: 618468K->44261K(642048K)] 660472K->86265K(2040320K), 0.0167170 secs] [Times: user=0.13 sys=0.00, real=0.02 secs] 
2020-09-29T18:02:16.844+0200: 53.573: [GC (Allocation Failure) [PSYoungGen: 635621K->32420K(645120K)] 677625K->74424K(2043392K), 0.0124263 secs] [Times: user=0.11 sys=0.00, real=0.01 secs] 
2020-09-29T18:02:16.908+0200: 53.636: [GC (Allocation Failure) [PSYoungGen: 623780K->34180K(648704K)] 665784K->76184K(2046976K), 0.0129556 secs] [Times: user=0.13 sys=0.00, real=0.01 secs] 
2020-09-29T18:02:16.972+0200: 53.701: [GC (Allocation Failure) [PSYoungGen: 631172K->28900K(647168K)] 673176K->70904K(2045440K), 0.0108930 secs] [Times: user=0.13 sys=0.00, real=0.01 secs] 
2020-09-29T18:02:17.036+0200: 53.766: [GC (Allocation Failure) [PSYoungGen: 625892K->22980K(649728K)] 667896K->64984K(2048000K), 0.0089470 secs] [Times: user=0.00 sys=0.00, real=0.01 secs] 
2020-09-29T18:02:17.097+0200: 53.826: [GC (Allocation Failure) [PSYoungGen: 623556K->49125K(649728K)] 665560K->91241K(2048000K), 0.0167562 secs] [Times: user=0.25 sys=0.00, real=0.02 secs] 
2020-09-29T18:02:17.165+0200: 53.895: [GC (Allocation Failure) [PSYoungGen: 649701K->33540K(643584K)] 691817K->75656K(2041856K), 0.0135439 secs] [Times: user=0.13 sys=0.00, real=0.01 secs] 
2020-09-29T18:02:17.237+0200: 53.966: [GC (Allocation Failure) [PSYoungGen: 627972K->40037K(634880K)] 670088K->82153K(2033152K), 0.0138155 secs] [Times: user=0.13 sys=0.00, real=0.01 secs] 
2020-09-29T18:02:17.303+0200: 54.032: [GC (Allocation Failure) [PSYoungGen: 634469K->32420K(647680K)] 676585K->74536K(2045952K), 0.0119671 secs] [Times: user=0.00 sys=0.00, real=0.01 secs] 
2020-09-29T18:02:17.367+0200: 54.096: [GC (Allocation Failure) [PSYoungGen: 627364K->51173K(646144K)] 669480K->95185K(2044416K), 0.0181166 secs] [Times: user=0.13 sys=0.00, real=0.02 secs] 
2020-09-29T18:02:17.436+0200: 54.165: [GC (Allocation Failure) [PSYoungGen: 646117K->46501K(634880K)] 690129K->90513K(2033152K), 0.0164053 secs] [Times: user=0.13 sys=0.00, real=0.02 secs] 
2020-09-29T18:02:17.502+0200: 54.231: [GC (Allocation Failure) [PSYoungGen: 628645K->26949K(640512K)] 672657K->70961K(2038784K), 0.0093800 secs] [Times: user=0.13 sys=0.00, real=0.01 secs] 
2020-09-29T18:02:17.562+0200: 54.291: [GC (Allocation Failure) [PSYoungGen: 609093K->19011K(638976K)] 653105K->63023K(2037248K), 0.0090270 secs] [Times: user=0.11 sys=0.00, real=0.01 secs] 
2020-09-29T18:02:17.623+0200: 54.352: [GC (Allocation Failure) [PSYoungGen: 600131K->38277K(640000K)] 644143K->82289K(2038272K), 0.0137696 secs] [Times: user=0.13 sys=0.00, real=0.01 secs] 
2020-09-29T18:02:17.689+0200: 54.418: [GC (Allocation Failure) [PSYoungGen: 619397K->29603K(642560K)] 663409K->73615K(2040832K), 0.0151821 secs] [Times: user=0.11 sys=0.00, real=0.02 secs] 
2020-09-29T18:02:17.757+0200: 54.486: [GC (Allocation Failure) [PSYoungGen: 614307K->24611K(641024K)] 658319K->68623K(2039296K), 0.0129311 secs] [Times: user=0.13 sys=0.00, real=0.01 secs] 
2020-09-29T18:02:17.824+0200: 54.553: [GC (Allocation Failure) [PSYoungGen: 609315K->48677K(635904K)] 653327K->92689K(2034176K), 0.0183833 secs] [Times: user=0.13 sys=0.00, real=0.02 secs] 
2020-09-29T18:02:17.894+0200: 54.623: [GC (Allocation Failure) [PSYoungGen: 628773K->40869K(639488K)] 672785K->84881K(2037760K), 0.0146764 secs] [Times: user=0.13 sys=0.00, real=0.01 secs] 
2020-09-29T18:02:17.959+0200: 54.688: [GC (Allocation Failure) [PSYoungGen: 620965K->33125K(641536K)] 664977K->77137K(2039808K), 0.0115419 secs] [Times: user=0.00 sys=0.00, real=0.01 secs] 
2020-09-29T18:02:18.021+0200: 54.750: [GC (Allocation Failure) [PSYoungGen: 615781K->27717K(640000K)] 659793K->71729K(2038272K), 0.0100056 secs] [Times: user=0.00 sys=0.00, real=0.01 secs] 
2020-09-29T18:02:18.081+0200: 54.810: [GC (Allocation Failure) [PSYoungGen: 610373K->36133K(644096K)] 654385K->80145K(2042368K), 0.0127125 secs] [Times: user=0.13 sys=0.00, real=0.01 secs] 
2020-09-29T18:02:18.144+0200: 54.873: [GC (Allocation Failure) [PSYoungGen: 623909K->36005K(642560K)] 667921K->80017K(2040832K), 0.0123987 secs] [Times: user=0.11 sys=0.02, real=0.01 secs] 
2020-09-29T18:02:18.210+0200: 54.939: [GC (Allocation Failure) [PSYoungGen: 623781K->49573K(638464K)] 667793K->93585K(2036736K), 0.0183300 secs] [Times: user=0.13 sys=0.00, real=0.02 secs] 
2020-09-29T18:02:18.280+0200: 55.009: [GC (Allocation Failure) [PSYoungGen: 634789K->32420K(642048K)] 678801K->76432K(2040320K), 0.0129904 secs] [Times: user=0.11 sys=0.00, real=0.01 secs] 
2020-09-29T18:02:18.343+0200: 55.072: [GC (Allocation Failure) [PSYoungGen: 617636K->29732K(644096K)] 661648K->73744K(2042368K), 0.0105931 secs] [Times: user=0.13 sys=0.00, real=0.01 secs] 
2020-09-29T18:02:18.405+0200: 55.134: [GC (Allocation Failure) [PSYoungGen: 618532K->28452K(643584K)] 662544K->72464K(2041856K), 0.0111764 secs] [Times: user=0.13 sys=0.00, real=0.01 secs] 
2020-09-29T18:02:18.467+0200: 55.196: [GC (Allocation Failure) [PSYoungGen: 617252K->43045K(642048K)] 661264K->87057K(2040320K), 0.0155229 secs] [Times: user=0.13 sys=0.00, real=0.02 secs] 
2020-09-29T18:02:18.533+0200: 55.262: [GC (Allocation Failure) [PSYoungGen: 631333K->43365K(631808K)] 675345K->87377K(2030080K), 0.0156899 secs] [Times: user=0.13 sys=0.00, real=0.02 secs] 
2020-09-29T18:02:18.602+0200: 55.331: [GC (Allocation Failure) [PSYoungGen: 631653K->30053K(643584K)] 675665K->74065K(2041856K), 0.0118279 secs] [Times: user=0.02 sys=0.00, real=0.01 secs] 
2020-09-29T18:02:18.666+0200: 55.395: [GC (Allocation Failure) [PSYoungGen: 617317K->27971K(642560K)] 661329K->71983K(2040832K), 0.0117997 secs] [Times: user=0.13 sys=0.00, real=0.01 secs] 
2020-09-29T18:02:18.729+0200: 55.458: [GC (Allocation Failure) [PSYoungGen: 615235K->40869K(643584K)] 659247K->84881K(2041856K), 0.0142289 secs] [Times: user=0.13 sys=0.00, real=0.01 secs] 
2020-09-29T18:02:18.797+0200: 55.526: [GC (Allocation Failure) [PSYoungGen: 630181K->42277K(631808K)] 674193K->86289K(2030080K), 0.0153634 secs] [Times: user=0.13 sys=0.00, real=0.02 secs] 
2020-09-29T18:02:18.863+0200: 55.592: [GC (Allocation Failure) [PSYoungGen: 631589K->43653K(641536K)] 675601K->87665K(2039808K), 0.0152560 secs] [Times: user=0.13 sys=0.00, real=0.02 secs] 
2020-09-29T18:02:18.930+0200: 55.659: [GC (Allocation Failure) [PSYoungGen: 629893K->41380K(642560K)] 673905K->85392K(2040832K), 0.0161747 secs] [Times: user=0.13 sys=0.00, real=0.02 secs] 
2020-09-29T18:02:18.997+0200: 55.726: [GC (Allocation Failure) [PSYoungGen: 627620K->53413K(634368K)] 671632K->97425K(2032640K), 0.0185920 secs] [Times: user=0.13 sys=0.00, real=0.02 secs] 
2020-09-29T18:02:19.065+0200: 55.794: [GC (Allocation Failure) [PSYoungGen: 631461K->28835K(638464K)] 675473K->72847K(2036736K), 0.0115538 secs] [Times: user=0.13 sys=0.00, real=0.01 secs] 
2020-09-29T18:02:19.126+0200: 55.855: [GC (Allocation Failure) [PSYoungGen: 606883K->32197K(640512K)] 650895K->76209K(2038784K), 0.0116206 secs] [Times: user=0.13 sys=0.00, real=0.01 secs] 
2020-09-29T18:02:19.189+0200: 55.918: [GC (Allocation Failure) [PSYoungGen: 612805K->36837K(638976K)] 656817K->80849K(2037248K), 0.0149394 secs] [Times: user=0.09 sys=0.00, real=0.02 secs] 
2020-09-29T18:02:19.256+0200: 55.985: [GC (Allocation Failure) [PSYoungGen: 617445K->29509K(643072K)] 661457K->73521K(2041344K), 0.0101932 secs] [Times: user=0.00 sys=0.00, real=0.01 secs] 
2020-09-29T18:02:19.317+0200: 56.046: [GC (Allocation Failure) [PSYoungGen: 615749K->41092K(642048K)] 659761K->85104K(2040320K), 0.0145189 secs] [Times: user=0.00 sys=0.00, real=0.01 secs] 
2020-09-29T18:02:19.382+0200: 56.111: [GC (Allocation Failure) [PSYoungGen: 627332K->38788K(644096K)] 671344K->82800K(2042368K), 0.0146879 secs] [Times: user=0.13 sys=0.00, real=0.02 secs] 
2020-09-29T18:02:19.447+0200: 56.176: [GC (Allocation Failure) [PSYoungGen: 627076K->24068K(643072K)] 671088K->68080K(2041344K), 0.0090958 secs] [Times: user=0.00 sys=0.00, real=0.01 secs] 
2020-09-29T18:02:19.507+0200: 56.236: [GC (Allocation Failure) [PSYoungGen: 612356K->38021K(645120K)] 656368K->82033K(2043392K), 0.0128687 secs] [Times: user=0.13 sys=0.00, real=0.01 secs] 
2020-09-29T18:02:19.571+0200: 56.300: [GC (Allocation Failure) [PSYoungGen: 627845K->38117K(643584K)] 671857K->82129K(2041856K), 0.0139340 secs] [Times: user=0.11 sys=0.00, real=0.01 secs] 
2020-09-29T18:02:19.638+0200: 56.367: [GC (Allocation Failure) [PSYoungGen: 627941K->26341K(645632K)] 671953K->70353K(2043904K), 0.0104078 secs] [Times: user=0.13 sys=0.00, real=0.01 secs] 
2020-09-29T18:02:19.700+0200: 56.429: [GC (Allocation Failure) [PSYoungGen: 618725K->53221K(645632K)] 662737K->102097K(2043904K), 0.0206077 secs] [Times: user=0.13 sys=0.00, real=0.02 secs] 
2020-09-29T18:02:19.771+0200: 56.500: [GC (Allocation Failure) [PSYoungGen: 645605K->48997K(628224K)] 694481K->97873K(2026496K), 0.0179239 secs] [Times: user=0.13 sys=0.00, real=0.02 secs] 
2020-09-29T18:02:19.839+0200: 56.568: [GC (Allocation Failure) [PSYoungGen: 623973K->34468K(636928K)] 672849K->83344K(2035200K), 0.0131946 secs] [Times: user=0.13 sys=0.00, real=0.01 secs] 
2020-09-29T18:02:19.902+0200: 56.631: [GC (Allocation Failure) [PSYoungGen: 609444K->34180K(640000K)] 658320K->83056K(2038272K), 0.0129950 secs] [Times: user=0.13 sys=0.00, real=0.01 secs] 
2020-09-29T18:02:19.966+0200: 56.695: [GC (Allocation Failure) [PSYoungGen: 613764K->53285K(633344K)] 662640K->102161K(2031616K), 0.0181259 secs] [Times: user=0.13 sys=0.00, real=0.02 secs] 
2020-09-29T18:02:20.035+0200: 56.764: [GC (Allocation Failure) [PSYoungGen: 632869K->43364K(637440K)] 681745K->92240K(2035712K), 0.0157593 secs] [Times: user=0.13 sys=0.00, real=0.01 secs] 
2020-09-29T18:02:20.100+0200: 56.829: [GC (Allocation Failure) [PSYoungGen: 618340K->29828K(636416K)] 667216K->78704K(2034688K), 0.0109222 secs] [Times: user=0.00 sys=0.00, real=0.01 secs] 
2020-09-29T18:02:20.160+0200: 56.889: [GC (Allocation Failure) [PSYoungGen: 604804K->30565K(638464K)] 653680K->79441K(2036736K), 0.0109299 secs] [Times: user=0.13 sys=0.00, real=0.01 secs] 
2020-09-29T18:02:20.223+0200: 56.952: [GC (Allocation Failure) [PSYoungGen: 608101K->47493K(625152K)] 656977K->96369K(2023424K), 0.0177201 secs] [Times: user=0.25 sys=0.00, real=0.02 secs] 
2020-09-29T18:02:20.291+0200: 57.020: [GC (Allocation Failure) [PSYoungGen: 625029K->22180K(635392K)] 673905K->71056K(2033664K), 0.0099025 secs] [Times: user=0.00 sys=0.00, real=0.01 secs] 
2020-09-29T18:02:20.351+0200: 57.080: [GC (Allocation Failure) [PSYoungGen: 596132K->21316K(636416K)] 645008K->70192K(2034688K), 0.0081323 secs] [Times: user=0.00 sys=0.00, real=0.01 secs] 
2020-09-29T18:02:20.408+0200: 57.137: [GC (Allocation Failure) [PSYoungGen: 595268K->34725K(638976K)] 644144K->83601K(2037248K), 0.0120683 secs] [Times: user=0.13 sys=0.00, real=0.01 secs] 
2020-09-29T18:02:20.472+0200: 57.201: [GC (Allocation Failure) [PSYoungGen: 611237K->23333K(636416K)] 660113K->72209K(2034688K), 0.0085091 secs] [Times: user=0.13 sys=0.00, real=0.01 secs] 
2020-09-29T18:02:20.536+0200: 57.265: [GC (Allocation Failure) [PSYoungGen: 599845K->39237K(640000K)] 648721K->88113K(2038272K), 0.0139439 secs] [Times: user=0.00 sys=0.00, real=0.01 secs] 
2020-09-29T18:02:20.601+0200: 57.331: [GC (Allocation Failure) [PSYoungGen: 619845K->45637K(626688K)] 668721K->94513K(2024960K), 0.0167233 secs] [Times: user=0.11 sys=0.00, real=0.02 secs] 
2020-09-29T18:02:20.672+0200: 57.401: [GC (Allocation Failure) [PSYoungGen: 626245K->38116K(640000K)] 675121K->86992K(2038272K), 0.0141580 secs] [Times: user=0.13 sys=0.00, real=0.01 secs] 
2020-09-29T18:02:20.739+0200: 57.468: [GC (Allocation Failure) [PSYoungGen: 617700K->43300K(638464K)] 666576K->92176K(2036736K), 0.0160013 secs] [Times: user=0.02 sys=0.00, real=0.02 secs] 
2020-09-29T18:02:20.805+0200: 57.534: [GC (Allocation Failure) [PSYoungGen: 622884K->19491K(638464K)] 671760K->68367K(2036736K), 0.0088065 secs] [Times: user=0.00 sys=0.00, real=0.01 secs] 
2020-09-29T18:02:20.864+0200: 57.594: [GC (Allocation Failure) [PSYoungGen: 598563K->37956K(638976K)] 647439K->86832K(2037248K), 0.0142245 secs] [Times: user=0.00 sys=0.00, real=0.01 secs] 
2020-09-29T18:02:20.930+0200: 57.659: [GC (Allocation Failure) [PSYoungGen: 617028K->28771K(641536K)] 665904K->77647K(2039808K), 0.0119368 secs] [Times: user=0.02 sys=0.00, real=0.01 secs] 
2020-09-29T18:02:20.991+0200: 57.720: [GC (Allocation Failure) [PSYoungGen: 611427K->37092K(640000K)] 660303K->85968K(2038272K), 0.0136543 secs] [Times: user=0.13 sys=0.00, real=0.01 secs] 
2020-09-29T18:02:21.055+0200: 57.784: [GC (Allocation Failure) [PSYoungGen: 619748K->45477K(639488K)] 668624K->94353K(2037760K), 0.0160846 secs] [Times: user=0.13 sys=0.00, real=0.02 secs] 
2020-09-29T18:02:21.122+0200: 57.851: [GC (Allocation Failure) [PSYoungGen: 628645K->40677K(641024K)] 677521K->89553K(2039296K), 0.0140554 secs] [Times: user=0.13 sys=0.00, real=0.01 secs] 
2020-09-29T18:02:21.187+0200: 57.916: [GC (Allocation Failure) [PSYoungGen: 623845K->19939K(639488K)] 672721K->68815K(2037760K), 0.0099474 secs] [Times: user=0.11 sys=0.00, real=0.01 secs] 
2020-09-29T18:02:21.254+0200: 57.983: [GC (Allocation Failure) [PSYoungGen: 602083K->26819K(640512K)] 650959K->75695K(2038784K), 0.0108938 secs] [Times: user=0.13 sys=0.00, real=0.01 secs] 
2020-09-29T18:02:21.315+0200: 58.044: [GC (Allocation Failure) [PSYoungGen: 608963K->48389K(635392K)] 657839K->97265K(2033664K), 0.0170310 secs] [Times: user=0.13 sys=0.00, real=0.02 secs] 
2020-09-29T18:02:21.382+0200: 58.111: [GC (Allocation Failure) [PSYoungGen: 626437K->24869K(638464K)] 675313K->73745K(2036736K), 0.0084333 secs] [Times: user=0.00 sys=0.00, real=0.01 secs] 
2020-09-29T18:02:21.441+0200: 58.170: [GC (Allocation Failure) [PSYoungGen: 602917K->42277K(638464K)] 651793K->91153K(2036736K), 0.0140327 secs] [Times: user=0.13 sys=0.00, real=0.01 secs] 
2020-09-29T18:02:21.504+0200: 58.233: [GC (Allocation Failure) [PSYoungGen: 621349K->33541K(638976K)] 670225K->82417K(2037248K), 0.0123087 secs] [Times: user=0.13 sys=0.00, real=0.01 secs] 
2020-09-29T18:02:21.567+0200: 58.296: [GC (Allocation Failure) [PSYoungGen: 612613K->37573K(642560K)] 661489K->86449K(2040832K), 0.0142222 secs] [Times: user=0.00 sys=0.00, real=0.01 secs] 
2020-09-29T18:02:21.633+0200: 58.362: [GC (Allocation Failure) [PSYoungGen: 622277K->32901K(641024K)] 671153K->81777K(2039296K), 0.0117365 secs] [Times: user=0.13 sys=0.00, real=0.01 secs] 
2020-09-29T18:02:21.695+0200: 58.424: [GC (Allocation Failure) [PSYoungGen: 617605K->43365K(642048K)] 666481K->92241K(2040320K), 0.0147508 secs] [Times: user=0.13 sys=0.00, real=0.02 secs] 
2020-09-29T18:02:21.761+0200: 58.490: [GC (Allocation Failure) [PSYoungGen: 630629K->28901K(643072K)] 679505K->77777K(2041344K), 0.0108969 secs] [Times: user=0.13 sys=0.00, real=0.01 secs] 
2020-09-29T18:02:21.823+0200: 58.552: [GC (Allocation Failure) [PSYoungGen: 616165K->41989K(642560K)] 665041K->90865K(2040832K), 0.0148650 secs] [Times: user=0.13 sys=0.00, real=0.02 secs] 
2020-09-29T18:02:21.890+0200: 58.619: [GC (Allocation Failure) [PSYoungGen: 629253K->55045K(642560K)] 678129K->103921K(2040832K), 0.0184560 secs] [Times: user=0.13 sys=0.00, real=0.02 secs] 
2020-09-29T18:02:21.959+0200: 58.688: [GC (Allocation Failure) [PSYoungGen: 642309K->27013K(634368K)] 691185K->75889K(2032640K), 0.0093852 secs] [Times: user=0.00 sys=0.00, real=0.01 secs] 
2020-09-29T18:02:22.018+0200: 58.747: [GC (Allocation Failure) [PSYoungGen: 605061K->30821K(638464K)] 653937K->79697K(2036736K), 0.0114141 secs] [Times: user=0.13 sys=0.00, real=0.01 secs] 
2020-09-29T18:02:22.083+0200: 58.812: [GC (Allocation Failure) [PSYoungGen: 608869K->34308K(641536K)] 657745K->83184K(2039808K), 0.0121961 secs] [Times: user=0.00 sys=0.00, real=0.01 secs] 
2020-09-29T18:02:22.146+0200: 58.875: [GC (Allocation Failure) [PSYoungGen: 616964K->56421K(639488K)] 665840K->105297K(2037760K), 0.0188473 secs] [Times: user=0.13 sys=0.00, real=0.02 secs] 
2020-09-29T18:02:22.218+0200: 58.947: [GC (Allocation Failure) [PSYoungGen: 639077K->37477K(637440K)] 687953K->86353K(2035712K), 0.0150350 secs] [Times: user=0.13 sys=0.00, real=0.02 secs] 
2020-09-29T18:02:22.283+0200: 59.012: [GC (Allocation Failure) [PSYoungGen: 615525K->41221K(638464K)] 664401K->90097K(2036736K), 0.0142978 secs] [Times: user=0.13 sys=0.00, real=0.02 secs] 
2020-09-29T18:02:22.347+0200: 59.077: [GC (Allocation Failure) [PSYoungGen: 619269K->29476K(640000K)] 668145K->78352K(2038272K), 0.0115075 secs] [Times: user=0.05 sys=0.02, real=0.01 secs] 
2020-09-29T18:02:22.409+0200: 59.138: [GC (Allocation Failure) [PSYoungGen: 610084K->49509K(630272K)] 658960K->98385K(2028544K), 0.0167706 secs] [Times: user=0.13 sys=0.00, real=0.02 secs] 
2020-09-29T18:02:22.475+0200: 59.204: [GC (Allocation Failure) [PSYoungGen: 630117K->42149K(638976K)] 678993K->91025K(2037248K), 0.0141023 secs] [Times: user=0.13 sys=0.00, real=0.01 secs] 
2020-09-29T18:02:22.539+0200: 59.268: [GC (Allocation Failure) [PSYoungGen: 620197K->31748K(637952K)] 669073K->80624K(2036224K), 0.0114749 secs] [Times: user=0.00 sys=0.00, real=0.01 secs] 
2020-09-29T18:02:22.602+0200: 59.331: [GC (Allocation Failure) [PSYoungGen: 609796K->33828K(641024K)] 658672K->82704K(2039296K), 0.0141327 secs] [Times: user=0.11 sys=0.00, real=0.01 secs] 
2020-09-29T18:02:22.671+0200: 59.400: [GC (Allocation Failure) [PSYoungGen: 615460K->26468K(639488K)] 664336K->75344K(2037760K), 0.0104413 secs] [Times: user=0.13 sys=0.00, real=0.01 secs] 
2020-09-29T18:02:22.732+0200: 59.461: [GC (Allocation Failure) [PSYoungGen: 608100K->47557K(636928K)] 656976K->96433K(2035200K), 0.0157276 secs] [Times: user=0.13 sys=0.00, real=0.01 secs] 
2020-09-29T18:02:22.798+0200: 59.527: [GC (Allocation Failure) [PSYoungGen: 626629K->38693K(638976K)] 675505K->87569K(2037248K), 0.0157426 secs] [Times: user=0.13 sys=0.00, real=0.02 secs] 
2020-09-29T18:02:22.866+0200: 59.596: [GC (Allocation Failure) [PSYoungGen: 617765K->28773K(641536K)] 666641K->77649K(2039808K), 0.0127663 secs] [Times: user=0.00 sys=0.00, real=0.01 secs] 
2020-09-29T18:02:22.933+0200: 59.662: [GC (Allocation Failure) [PSYoungGen: 612453K->38180K(641024K)] 661329K->87056K(2039296K), 0.0157681 secs] [Times: user=0.13 sys=0.00, real=0.02 secs] 
2020-09-29T18:02:23.002+0200: 59.732: [GC (Allocation Failure) [PSYoungGen: 621860K->33925K(644096K)] 670736K->82801K(2042368K), 0.0131673 secs] [Times: user=0.13 sys=0.00, real=0.01 secs] 
2020-09-29T18:02:23.067+0200: 59.796: [GC (Allocation Failure) [PSYoungGen: 622213K->30852K(643072K)] 671089K->79728K(2041344K), 0.0119450 secs] [Times: user=0.00 sys=0.00, real=0.01 secs] 
2020-09-29T18:02:23.129+0200: 59.859: [GC (Allocation Failure) [PSYoungGen: 619140K->31237K(646144K)] 668016K->80113K(2044416K), 0.0112378 secs] [Times: user=0.06 sys=0.00, real=0.01 secs] 
2020-09-29T18:02:23.195+0200: 59.924: [GC (Allocation Failure) [PSYoungGen: 623621K->49413K(642048K)] 672497K->98289K(2040320K), 0.0223714 secs] [Times: user=0.09 sys=0.00, real=0.02 secs] 
2020-09-29T18:02:23.269+0200: 59.999: [GC (Allocation Failure) [PSYoungGen: 641797K->39044K(643584K)] 690673K->87920K(2041856K), 0.0139686 secs] [Times: user=0.02 sys=0.02, real=0.01 secs] 
2020-09-29T18:02:23.335+0200: 60.065: [GC (Allocation Failure) [PSYoungGen: 626308K->24549K(642560K)] 675184K->73425K(2040832K), 0.0081225 secs] [Times: user=0.00 sys=0.00, real=0.01 secs] 
2020-09-29T18:02:23.394+0200: 60.123: [GC (Allocation Failure) [PSYoungGen: 611813K->23909K(643072K)] 660689K->72785K(2041344K), 0.0085376 secs] [Times: user=0.13 sys=0.00, real=0.01 secs] 
2020-09-29T18:02:23.455+0200: 60.184: [GC (Allocation Failure) [PSYoungGen: 611173K->23269K(643072K)] 660049K->72145K(2041344K), 0.0086639 secs] [Times: user=0.13 sys=0.00, real=0.01 secs] 
2020-09-29T18:02:23.515+0200: 60.244: [GC (Allocation Failure) [PSYoungGen: 610533K->22437K(643584K)] 659409K->71313K(2041856K), 0.0081781 secs] [Times: user=0.13 sys=0.00, real=0.01 secs] 
2020-09-29T18:02:23.578+0200: 60.308: [GC (Allocation Failure) [PSYoungGen: 610213K->36005K(643072K)] 659089K->84881K(2041344K), 0.0142594 secs] [Times: user=0.11 sys=0.00, real=0.01 secs] 
2020-09-29T18:02:23.645+0200: 60.374: [GC (Allocation Failure) [PSYoungGen: 623781K->49573K(636416K)] 672657K->98449K(2034688K), 0.0175961 secs] [Times: user=0.13 sys=0.00, real=0.02 secs] 
2020-09-29T18:02:23.713+0200: 60.443: [GC (Allocation Failure) [PSYoungGen: 631717K->43813K(626176K)] 680593K->92689K(2024448K), 0.0157508 secs] [Times: user=0.11 sys=0.00, real=0.02 secs] 
2020-09-29T18:02:23.780+0200: 60.509: [GC (Allocation Failure) [PSYoungGen: 625957K->51685K(632320K)] 674833K->100561K(2030592K), 0.0175875 secs] [Times: user=0.13 sys=0.00, real=0.02 secs] 
2020-09-29T18:02:23.847+0200: 60.576: [GC (Allocation Failure) [PSYoungGen: 624613K->22115K(635904K)] 673489K->70991K(2034176K), 0.0094676 secs] [Times: user=0.13 sys=0.00, real=0.01 secs] 
2020-09-29T18:02:23.908+0200: 60.637: [GC (Allocation Failure) [PSYoungGen: 595043K->34469K(638464K)] 643919K->83345K(2036736K), 0.0121564 secs] [Times: user=0.13 sys=0.00, real=0.01 secs] 
2020-09-29T18:02:23.971+0200: 60.700: [GC (Allocation Failure) [PSYoungGen: 609957K->34499K(635904K)] 658833K->83375K(2034176K), 0.0141615 secs] [Times: user=0.13 sys=0.00, real=0.01 secs] 
2020-09-29T18:02:24.034+0200: 60.763: [GC (Allocation Failure) [PSYoungGen: 609987K->34851K(643072K)] 658863K->83727K(2041344K), 0.0138221 secs] [Times: user=0.13 sys=0.00, real=0.01 secs] 
2020-09-29T18:02:24.099+0200: 60.828: [GC (Allocation Failure) [PSYoungGen: 619555K->31396K(640512K)] 668431K->80272K(2038784K), 0.0118134 secs] [Times: user=0.00 sys=0.00, real=0.01 secs] 
2020-09-29T18:02:24.162+0200: 60.891: [GC (Allocation Failure) [PSYoungGen: 616100K->28197K(645120K)] 664976K->77073K(2043392K), 0.0103578 secs] [Times: user=0.00 sys=0.00, real=0.01 secs] 
2020-09-29T18:02:24.226+0200: 60.955: [GC (Allocation Failure) [PSYoungGen: 618533K->30661K(644096K)] 667409K->79537K(2042368K), 0.0120996 secs] [Times: user=0.00 sys=0.00, real=0.01 secs] 
2020-09-29T18:02:24.290+0200: 61.019: [GC (Allocation Failure) [PSYoungGen: 620997K->17315K(644096K)] 669873K->66191K(2042368K), 0.0071085 secs] [Times: user=0.00 sys=0.00, real=0.01 secs] 
2020-09-29T18:02:24.348+0200: 61.078: [GC (Allocation Failure) [PSYoungGen: 608675K->34405K(645120K)] 657551K->83281K(2043392K), 0.0125725 secs] [Times: user=0.00 sys=0.00, real=0.01 secs] 
2020-09-29T18:02:24.412+0200: 61.141: [GC (Allocation Failure) [PSYoungGen: 625765K->51493K(636416K)] 674641K->100369K(2034688K), 0.0171793 secs] [Times: user=0.13 sys=0.00, real=0.02 secs] 
2020-09-29T18:02:24.480+0200: 61.209: [GC (Allocation Failure) [PSYoungGen: 635685K->19364K(641536K)] 684561K->68240K(2039808K), 0.0071088 secs] [Times: user=0.00 sys=0.00, real=0.01 secs] 
2020-09-29T18:02:24.537+0200: 61.266: [GC (Allocation Failure) [PSYoungGen: 603556K->43013K(638464K)] 652432K->91889K(2036736K), 0.0148788 secs] [Times: user=0.13 sys=0.00, real=0.02 secs] 
2020-09-29T18:02:24.603+0200: 61.332: [GC (Allocation Failure) [PSYoungGen: 624133K->21508K(640000K)] 673009K->70384K(2038272K), 0.0094546 secs] [Times: user=0.00 sys=0.00, real=0.01 secs] 
2020-09-29T18:02:24.664+0200: 61.393: [GC (Allocation Failure) [PSYoungGen: 602628K->28357K(642048K)] 651504K->77233K(2040320K), 0.0097977 secs] [Times: user=0.00 sys=0.00, real=0.01 secs] 
2020-09-29T18:02:24.724+0200: 61.453: [GC (Allocation Failure) [PSYoungGen: 612037K->37829K(640512K)] 660913K->86705K(2038784K), 0.0138017 secs] [Times: user=0.00 sys=0.00, real=0.01 secs] 
2020-09-29T18:02:24.789+0200: 61.518: [GC (Allocation Failure) [PSYoungGen: 621509K->19139K(642560K)] 670385K->68015K(2040832K), 0.0079590 secs] [Times: user=0.00 sys=0.00, real=0.01 secs] 
2020-09-29T18:02:24.859+0200: 61.589: [GC (Allocation Failure) [PSYoungGen: 605379K->44805K(631296K)] 654255K->93681K(2029568K), 0.0159373 secs] [Times: user=0.13 sys=0.00, real=0.02 secs] 
2020-09-29T18:02:24.926+0200: 61.655: [GC (Allocation Failure) [PSYoungGen: 631045K->29413K(642048K)] 679921K->78289K(2040320K), 0.0110102 secs] [Times: user=0.00 sys=0.00, real=0.01 secs] 
2020-09-29T18:02:24.988+0200: 61.717: [GC (Allocation Failure) [PSYoungGen: 612581K->38373K(640000K)] 661457K->87249K(2038272K), 0.0145501 secs] [Times: user=0.11 sys=0.00, real=0.02 secs] 
2020-09-29T18:02:25.053+0200: 61.782: [GC (Allocation Failure) [PSYoungGen: 621541K->47365K(636928K)] 670417K->96241K(2035200K), 0.0159738 secs] [Times: user=0.13 sys=0.00, real=0.02 secs] 
2020-09-29T18:02:25.119+0200: 61.848: [GC (Allocation Failure) [PSYoungGen: 627461K->37956K(639488K)] 676337K->86832K(2037760K), 0.0140481 secs] [Times: user=0.13 sys=0.00, real=0.01 secs] 
2020-09-29T18:02:25.185+0200: 61.914: [GC (Allocation Failure) [PSYoungGen: 618052K->29061K(642048K)] 666928K->77937K(2040320K), 0.0135416 secs] [Times: user=0.11 sys=0.00, real=0.01 secs] 
2020-09-29T18:02:25.252+0200: 61.981: [GC (Allocation Failure) [PSYoungGen: 612741K->52197K(635904K)] 661617K->101073K(2034176K), 0.0179840 secs] [Times: user=0.14 sys=0.00, real=0.02 secs] 
2020-09-29T18:02:25.320+0200: 62.049: [GC (Allocation Failure) [PSYoungGen: 635877K->34276K(639488K)] 684753K->83152K(2037760K), 0.0130323 secs] [Times: user=0.13 sys=0.00, real=0.01 secs] 
2020-09-29T18:02:25.383+0200: 62.112: [GC (Allocation Failure) [PSYoungGen: 612324K->51781K(630272K)] 661200K->100657K(2028544K), 0.0169871 secs] [Times: user=0.13 sys=0.00, real=0.02 secs] 
2020-09-29T18:02:25.450+0200: 62.180: [GC (Allocation Failure) [PSYoungGen: 629829K->24260K(636416K)] 678705K->73136K(2034688K), 0.0098152 secs] [Times: user=0.13 sys=0.00, real=0.01 secs] 
2020-09-29T18:02:25.510+0200: 62.239: [GC (Allocation Failure) [PSYoungGen: 597700K->19491K(635904K)] 646576K->68367K(2034176K), 0.0082507 secs] [Times: user=0.00 sys=0.00, real=0.01 secs] 
2020-09-29T18:02:25.569+0200: 62.299: [GC (Allocation Failure) [PSYoungGen: 592931K->46085K(633856K)] 641807K->94961K(2032128K), 0.0200285 secs] [Times: user=0.11 sys=0.00, real=0.02 secs] 
2020-09-29T18:02:25.642+0200: 62.372: [GC (Allocation Failure) [PSYoungGen: 616965K->42757K(634880K)] 665841K->91633K(2033152K), 0.0177333 secs] [Times: user=0.09 sys=0.00, real=0.02 secs] 
2020-09-29T18:02:25.712+0200: 62.441: [GC (Allocation Failure) [PSYoungGen: 613637K->53029K(627712K)] 662513K->101905K(2025984K), 0.0204807 secs] [Times: user=0.13 sys=0.00, real=0.03 secs] 
2020-09-29T18:02:25.789+0200: 62.518: [GC (Allocation Failure) [PSYoungGen: 616741K->28869K(631296K)] 665617K->77745K(2029568K), 0.0097441 secs] [Times: user=0.00 sys=0.00, real=0.01 secs] 
2020-09-29T18:02:25.848+0200: 62.577: [GC (Allocation Failure) [PSYoungGen: 592581K->31876K(634880K)] 641457K->80752K(2033152K), 0.0120283 secs] [Times: user=0.00 sys=0.00, real=0.01 secs] 
2020-09-29T18:02:25.909+0200: 62.639: [GC (Allocation Failure) [PSYoungGen: 600708K->53829K(623104K)] 649584K->102705K(2021376K), 0.0180791 secs] [Times: user=0.25 sys=0.00, real=0.02 secs] 
2020-09-29T18:02:25.978+0200: 62.707: [GC (Allocation Failure) [PSYoungGen: 622661K->34725K(633344K)] 671537K->83601K(2031616K), 0.0120159 secs] [Times: user=0.13 sys=0.00, real=0.01 secs] 
2020-09-29T18:02:26.040+0200: 62.769: [GC (Allocation Failure) [PSYoungGen: 600485K->25541K(631296K)] 649361K->74417K(2029568K), 0.0089091 secs] [Times: user=0.00 sys=0.00, real=0.01 secs] 
2020-09-29T18:02:26.098+0200: 62.827: [GC (Allocation Failure) [PSYoungGen: 591301K->30595K(635904K)] 640177K->79471K(2034176K), 0.0120724 secs] [Times: user=0.13 sys=0.00, real=0.01 secs] 
2020-09-29T18:02:26.161+0200: 62.890: [GC (Allocation Failure) [PSYoungGen: 601475K->54533K(625664K)] 650351K->103409K(2023936K), 0.0187742 secs] [Times: user=0.13 sys=0.00, real=0.02 secs] 
2020-09-29T18:02:26.232+0200: 62.961: [GC (Allocation Failure) [PSYoungGen: 625413K->37477K(634368K)] 674289K->86353K(2032640K), 0.0160195 secs] [Times: user=0.11 sys=0.00, real=0.02 secs] 
2020-09-29T18:02:26.297+0200: 63.026: [GC (Allocation Failure) [PSYoungGen: 604773K->29348K(631808K)] 653649K->78224K(2030080K), 0.0106272 secs] [Times: user=0.13 sys=0.00, real=0.01 secs] 
2020-09-29T18:02:26.358+0200: 63.087: [GC (Allocation Failure) [PSYoungGen: 596644K->35300K(637952K)] 645520K->84176K(2036224K), 0.0130656 secs] [Times: user=0.13 sys=0.00, real=0.01 secs] 
2020-09-29T18:02:26.420+0200: 63.149: [GC (Allocation Failure) [PSYoungGen: 609764K->21765K(635392K)] 658640K->70641K(2033664K), 0.0073949 secs] [Times: user=0.13 sys=0.00, real=0.01 secs] 
2020-09-29T18:02:26.477+0200: 63.206: [GC (Allocation Failure) [PSYoungGen: 596229K->32963K(640000K)] 645105K->81839K(2038272K), 0.0132667 secs] [Times: user=0.13 sys=0.00, real=0.01 secs] 
2020-09-29T18:02:26.540+0200: 63.269: [GC (Allocation Failure) [PSYoungGen: 612035K->51557K(630784K)] 660911K->100433K(2029056K), 0.0177469 secs] [Times: user=0.13 sys=0.00, real=0.02 secs] 
2020-09-29T18:02:26.609+0200: 63.338: [GC (Allocation Failure) [PSYoungGen: 630629K->29029K(637440K)] 679505K->77905K(2035712K), 0.0109215 secs] [Times: user=0.11 sys=0.00, real=0.01 secs] 
2020-09-29T18:02:26.670+0200: 63.399: [GC (Allocation Failure) [PSYoungGen: 604005K->43429K(636416K)] 652881K->92305K(2034688K), 0.0153261 secs] [Times: user=0.13 sys=0.00, real=0.02 secs] 
2020-09-29T18:02:26.736+0200: 63.465: [GC (Allocation Failure) [PSYoungGen: 618405K->30468K(638464K)] 667281K->79344K(2036736K), 0.0120669 secs] [Times: user=0.13 sys=0.00, real=0.01 secs] 
2020-09-29T18:02:26.799+0200: 63.528: [GC (Allocation Failure) [PSYoungGen: 607492K->46917K(624128K)] 656368K->95793K(2022400K), 0.0154419 secs] [Times: user=0.13 sys=0.00, real=0.02 secs] 
2020-09-29T18:02:26.864+0200: 63.593: [GC (Allocation Failure) [PSYoungGen: 623941K->22373K(636928K)] 672817K->71249K(2035200K), 0.0076108 secs] [Times: user=0.00 sys=0.00, real=0.01 secs] 
2020-09-29T18:02:26.930+0200: 63.659: [GC (Allocation Failure) [PSYoungGen: 597349K->36164K(636928K)] 646225K->85040K(2035200K), 0.0139348 secs] [Times: user=0.13 sys=0.00, real=0.01 secs] 
2020-09-29T18:02:26.994+0200: 63.723: [GC (Allocation Failure) [PSYoungGen: 611140K->50565K(633344K)] 660016K->99441K(2031616K), 0.0169475 secs] [Times: user=0.13 sys=0.00, real=0.02 secs] 
2020-09-29T18:02:27.061+0200: 63.790: [GC (Allocation Failure) [PSYoungGen: 624517K->22949K(636416K)] 673393K->71825K(2034688K), 0.0079769 secs] [Times: user=0.13 sys=0.00, real=0.01 secs] 
2020-09-29T18:02:27.121+0200: 63.851: [GC (Allocation Failure) [PSYoungGen: 596901K->36325K(638976K)] 645777K->85201K(2037248K), 0.0177744 secs] [Times: user=0.06 sys=0.00, real=0.02 secs] 
2020-09-29T18:02:27.193+0200: 63.922: [GC (Allocation Failure) [PSYoungGen: 612837K->24580K(636416K)] 661713K->73456K(2034688K), 0.0126718 secs] [Times: user=0.00 sys=0.00, real=0.01 secs] 
2020-09-29T18:02:27.257+0200: 63.986: [GC (Allocation Failure) [PSYoungGen: 601092K->40549K(639488K)] 649968K->89425K(2037760K), 0.0137391 secs] [Times: user=0.13 sys=0.00, real=0.01 secs] 
2020-09-29T18:02:27.320+0200: 64.049: [GC (Allocation Failure) [PSYoungGen: 620645K->31972K(639488K)] 669521K->80848K(2037760K), 0.0121373 secs] [Times: user=0.00 sys=0.00, real=0.01 secs] 
2020-09-29T18:02:27.382+0200: 64.111: [GC (Allocation Failure) [PSYoungGen: 612068K->37829K(642560K)] 660944K->86705K(2040832K), 0.0135702 secs] [Times: user=0.13 sys=0.00, real=0.01 secs] 
2020-09-29T18:02:27.448+0200: 64.177: [GC (Allocation Failure) [PSYoungGen: 623045K->19586K(641536K)] 671921K->68462K(2039808K), 0.0090899 secs] [Times: user=0.00 sys=0.00, real=0.01 secs] 
2020-09-29T18:02:27.507+0200: 64.236: [GC (Allocation Failure) [PSYoungGen: 604802K->44101K(638976K)] 653678K->92977K(2037248K), 0.0158129 secs] [Times: user=0.13 sys=0.00, real=0.02 secs] 
2020-09-29T18:02:27.573+0200: 64.302: [GC (Allocation Failure) [PSYoungGen: 626245K->38341K(640512K)] 675121K->87217K(2038784K), 0.0146100 secs] [Times: user=0.11 sys=0.00, real=0.02 secs] 
2020-09-29T18:02:27.640+0200: 64.369: [GC (Allocation Failure) [PSYoungGen: 620485K->32068K(643072K)] 669361K->80944K(2041344K), 0.0122369 secs] [Times: user=0.13 sys=0.00, real=0.01 secs] 
2020-09-29T18:02:27.707+0200: 64.437: [GC (Allocation Failure) [PSYoungGen: 617796K->43589K(641536K)] 666672K->92465K(2039808K), 0.0172617 secs] [Times: user=0.14 sys=0.02, real=0.02 secs] 
2020-09-29T18:02:27.778+0200: 64.507: [GC (Allocation Failure) [PSYoungGen: 629317K->26884K(642560K)] 678193K->75760K(2040832K), 0.0111484 secs] [Times: user=0.13 sys=0.00, real=0.01 secs] 
2020-09-29T18:02:27.842+0200: 64.571: [GC (Allocation Failure) [PSYoungGen: 612612K->21635K(642048K)] 661488K->70511K(2040320K), 0.0104220 secs] [Times: user=0.13 sys=0.00, real=0.01 secs] 
2020-09-29T18:02:27.903+0200: 64.632: [GC (Allocation Failure) [PSYoungGen: 607363K->46853K(637440K)] 656239K->95729K(2035712K), 0.0164705 secs] [Times: user=0.13 sys=0.00, real=0.02 secs] 
2020-09-29T18:02:27.970+0200: 64.699: [GC (Allocation Failure) [PSYoungGen: 627973K->25669K(640000K)] 676849K->74545K(2038272K), 0.0098124 secs] [Times: user=0.13 sys=0.00, real=0.01 secs] 
2020-09-29T18:02:28.030+0200: 64.759: [GC (Allocation Failure) [PSYoungGen: 606789K->46245K(636416K)] 655665K->95121K(2034688K), 0.0160833 secs] [Times: user=0.13 sys=0.00, real=0.02 secs] 
2020-09-29T18:02:28.097+0200: 64.826: [GC (Allocation Failure) [PSYoungGen: 624293K->36389K(638464K)] 673169K->85265K(2036736K), 0.0127501 secs] [Times: user=0.13 sys=0.00, real=0.01 secs] 
2020-09-29T18:02:28.160+0200: 64.890: [GC (Allocation Failure) [PSYoungGen: 614437K->40229K(641024K)] 663313K->89105K(2039296K), 0.0138853 secs] [Times: user=0.00 sys=0.02, real=0.01 secs] 
2020-09-29T18:02:28.227+0200: 64.957: [GC (Allocation Failure) [PSYoungGen: 622885K->34661K(640512K)] 671761K->83537K(2038784K), 0.0126651 secs] [Times: user=0.11 sys=0.00, real=0.01 secs] 
2020-09-29T18:02:28.291+0200: 65.020: [GC (Allocation Failure) [PSYoungGen: 617317K->28516K(643584K)] 666193K->77392K(2041856K), 0.0111007 secs] [Times: user=0.13 sys=0.00, real=0.01 secs] 
2020-09-29T18:02:28.352+0200: 65.081: [GC (Allocation Failure) [PSYoungGen: 616292K->42085K(643072K)] 665168K->90961K(2041344K), 0.0145908 secs] [Times: user=0.13 sys=0.00, real=0.02 secs] 
2020-09-29T18:02:28.418+0200: 65.147: [GC (Allocation Failure) [PSYoungGen: 629861K->27172K(643584K)] 678737K->76048K(2041856K), 0.0108621 secs] [Times: user=0.13 sys=0.00, real=0.01 secs] 
2020-09-29T18:02:28.479+0200: 65.209: [GC (Allocation Failure) [PSYoungGen: 614948K->40548K(643072K)] 663824K->89424K(2041344K), 0.0299951 secs] [Times: user=0.23 sys=0.00, real=0.03 secs] 
2020-09-29T18:02:28.560+0200: 65.290: [GC (Allocation Failure) [PSYoungGen: 628324K->40421K(643584K)] 677200K->89297K(2041856K), 0.0144094 secs] [Times: user=0.13 sys=0.00, real=0.02 secs] 
2020-09-29T18:02:28.627+0200: 65.356: [GC (Allocation Failure) [PSYoungGen: 628709K->54469K(643072K)] 677585K->103345K(2041344K), 0.0197353 secs] [Times: user=0.22 sys=0.00, real=0.02 secs] 
2020-09-29T18:02:28.697+0200: 65.426: [GC (Allocation Failure) [PSYoungGen: 642757K->41221K(635904K)] 691633K->90097K(2034176K), 0.0145429 secs] [Times: user=0.13 sys=0.00, real=0.01 secs] 
2020-09-29T18:02:28.761+0200: 65.490: [GC (Allocation Failure) [PSYoungGen: 621317K->30884K(639488K)] 670193K->79760K(2037760K), 0.0116566 secs] [Times: user=0.13 sys=0.00, real=0.01 secs] 
2020-09-29T18:02:28.822+0200: 65.552: [GC (Allocation Failure) [PSYoungGen: 610980K->36293K(642560K)] 659856K->85169K(2040832K), 0.0127710 secs] [Times: user=0.13 sys=0.00, real=0.01 secs] 
2020-09-29T18:02:28.886+0200: 65.615: [GC (Allocation Failure) [PSYoungGen: 620485K->46021K(640512K)] 669361K->94897K(2038784K), 0.0167915 secs] [Times: user=0.13 sys=0.00, real=0.02 secs] 
2020-09-29T18:02:28.953+0200: 65.682: [GC (Allocation Failure) [PSYoungGen: 630213K->42213K(641536K)] 679089K->91089K(2039808K), 0.0152127 secs] [Times: user=0.13 sys=0.00, real=0.01 secs] 
2020-09-29T18:02:29.018+0200: 65.748: [GC (Allocation Failure) [PSYoungGen: 625893K->36612K(641024K)] 674769K->85488K(2039296K), 0.0135652 secs] [Times: user=0.13 sys=0.00, real=0.01 secs] 
2020-09-29T18:02:29.083+0200: 65.812: [GC (Allocation Failure) [PSYoungGen: 620292K->30276K(643584K)] 669168K->79152K(2041856K), 0.0133776 secs] [Times: user=0.00 sys=0.00, real=0.01 secs] 
2020-09-29T18:02:29.148+0200: 65.877: [GC (Allocation Failure) [PSYoungGen: 618052K->28420K(643072K)] 666928K->77296K(2041344K), 0.0104882 secs] [Times: user=0.00 sys=0.00, real=0.01 secs] 
2020-09-29T18:02:29.212+0200: 65.942: [GC (Allocation Failure) [PSYoungGen: 616196K->42021K(643584K)] 665072K->90897K(2041856K), 0.0159787 secs] [Times: user=0.13 sys=0.00, real=0.02 secs] 
2020-09-29T18:02:29.280+0200: 66.009: [GC (Allocation Failure) [PSYoungGen: 630309K->42373K(630784K)] 679185K->91249K(2029056K), 0.0143862 secs] [Times: user=0.13 sys=0.00, real=0.01 secs] 
2020-09-29T18:02:29.346+0200: 66.076: [GC (Allocation Failure) [PSYoungGen: 630661K->29093K(643584K)] 679537K->77969K(2041856K), 0.0105608 secs] [Times: user=0.13 sys=0.00, real=0.01 secs] 
2020-09-29T18:02:29.408+0200: 66.137: [GC (Allocation Failure) [PSYoungGen: 616869K->42597K(643072K)] 665745K->91473K(2041344K), 0.0149140 secs] [Times: user=0.13 sys=0.00, real=0.02 secs] 
2020-09-29T18:02:29.473+0200: 66.203: [GC (Allocation Failure) [PSYoungGen: 630373K->26852K(643072K)] 679249K->75728K(2041344K), 0.0111377 secs] [Times: user=0.00 sys=0.00, real=0.01 secs] 
2020-09-29T18:02:29.535+0200: 66.264: [GC (Allocation Failure) [PSYoungGen: 614116K->21986K(609280K)] 662992K->70862K(2007552K), 0.0101940 secs] [Times: user=0.13 sys=0.00, real=0.01 secs] 
2020-09-29T18:02:29.597+0200: 66.327: [GC (Allocation Failure) [PSYoungGen: 609250K->35045K(644608K)] 658126K->83921K(2042880K), 0.0133137 secs] [Times: user=0.02 sys=0.02, real=0.01 secs] 
2020-09-29T18:02:29.662+0200: 66.392: [GC (Allocation Failure) [PSYoungGen: 623333K->34148K(642560K)] 672209K->83024K(2040832K), 0.0129656 secs] [Times: user=0.00 sys=0.00, real=0.01 secs] 
2020-09-29T18:02:29.726+0200: 66.455: [GC (Allocation Failure) [PSYoungGen: 622436K->32771K(647680K)] 671312K->81647K(2045952K), 0.0130165 secs] [Times: user=0.13 sys=0.00, real=0.01 secs] 
2020-09-29T18:02:29.791+0200: 66.520: [GC (Allocation Failure) [PSYoungGen: 628227K->40293K(646656K)] 677103K->89169K(2044928K), 0.0152076 secs] [Times: user=0.13 sys=0.00, real=0.02 secs] 
2020-09-29T18:02:29.857+0200: 66.587: [GC (Allocation Failure) [PSYoungGen: 635749K->19587K(644608K)] 684625K->68463K(2042880K), 0.0082774 secs] [Times: user=0.13 sys=0.00, real=0.01 secs] 
2020-09-29T18:02:29.917+0200: 66.646: [GC (Allocation Failure) [PSYoungGen: 612995K->38789K(646144K)] 661871K->87665K(2044416K), 0.0145327 secs] [Times: user=0.13 sys=0.00, real=0.01 secs] 
2020-09-29T18:02:29.985+0200: 66.715: [GC (Allocation Failure) [PSYoungGen: 632197K->44261K(643072K)] 681073K->93137K(2041344K), 0.0159786 secs] [Times: user=0.13 sys=0.00, real=0.02 secs] 
2020-09-29T18:02:30.052+0200: 66.782: [GC (Allocation Failure) [PSYoungGen: 634597K->33029K(644608K)] 683473K->81905K(2042880K), 0.0115719 secs] [Times: user=0.00 sys=0.00, real=0.01 secs] 
2020-09-29T18:02:30.116+0200: 66.845: [GC (Allocation Failure) [PSYoungGen: 623365K->35428K(647680K)] 672241K->84304K(2045952K), 0.0142172 secs] [Times: user=0.13 sys=0.00, real=0.01 secs] 
2020-09-29T18:02:30.182+0200: 66.912: [GC (Allocation Failure) [PSYoungGen: 630372K->26820K(646144K)] 679248K->75696K(2044416K), 0.0143876 secs] [Times: user=0.09 sys=0.00, real=0.02 secs] 
2020-09-29T18:02:30.250+0200: 66.979: [GC (Allocation Failure) [PSYoungGen: 621764K->17827K(645632K)] 670640K->66703K(2043904K), 0.0077580 secs] [Times: user=0.13 sys=0.00, real=0.01 secs] 
2020-09-29T18:02:30.309+0200: 67.038: [GC (Allocation Failure) [PSYoungGen: 612259K->37348K(646656K)] 661135K->86224K(2044928K), 0.0137918 secs] [Times: user=0.13 sys=0.00, real=0.01 secs] 
2020-09-29T18:02:30.375+0200: 67.104: [GC (Allocation Failure) [PSYoungGen: 631780K->30084K(648192K)] 680656K->78960K(2046464K), 0.0129388 secs] [Times: user=0.13 sys=0.00, real=0.01 secs] 
2020-09-29T18:02:30.439+0200: 67.169: [GC (Allocation Failure) [PSYoungGen: 626052K->50661K(646656K)] 674928K->100593K(2044928K), 0.0179259 secs] [Times: user=0.13 sys=0.00, real=0.02 secs] 
2020-09-29T18:02:30.509+0200: 67.238: [GC (Allocation Failure) [PSYoungGen: 646629K->44677K(636416K)] 696561K->94609K(2034688K), 0.0158775 secs] [Times: user=0.13 sys=0.00, real=0.01 secs] 
2020-09-29T18:02:30.576+0200: 67.305: [GC (Allocation Failure) [PSYoungGen: 628869K->40965K(641536K)] 678801K->90897K(2039808K), 0.0145593 secs] [Times: user=0.11 sys=0.00, real=0.01 secs] 
2020-09-29T18:02:30.643+0200: 67.372: [GC (Allocation Failure) [PSYoungGen: 625157K->37285K(643072K)] 675089K->87217K(2041344K), 0.0128692 secs] [Times: user=0.11 sys=0.00, real=0.01 secs] 
2020-09-29T18:02:30.705+0200: 67.435: [GC (Allocation Failure) [PSYoungGen: 623013K->34756K(641536K)] 672945K->84688K(2039808K), 0.0164182 secs] [Times: user=0.13 sys=0.00, real=0.02 secs] 
2020-09-29T18:02:30.772+0200: 67.501: [GC (Allocation Failure) [PSYoungGen: 620484K->31460K(645632K)] 670416K->81392K(2043904K), 0.0150981 secs] [Times: user=0.13 sys=0.00, real=0.01 secs] 
2020-09-29T18:02:30.837+0200: 67.567: [GC (Allocation Failure) [PSYoungGen: 622820K->19299K(644608K)] 672752K->69231K(2042880K), 0.0110296 secs] [Times: user=0.13 sys=0.00, real=0.01 secs] 
2020-09-29T18:02:30.899+0200: 67.629: [GC (Allocation Failure) [PSYoungGen: 610659K->35589K(646144K)] 660591K->85521K(2044416K), 0.0168006 secs] [Times: user=0.13 sys=0.00, real=0.02 secs] 
2020-09-29T18:02:30.967+0200: 67.697: [GC (Allocation Failure) [PSYoungGen: 627461K->25892K(644608K)] 677393K->75824K(2042880K), 0.0119976 secs] [Times: user=0.13 sys=0.00, real=0.01 secs] 
2020-09-29T18:02:31.033+0200: 67.762: [GC (Allocation Failure) [PSYoungGen: 617764K->43492K(642560K)] 667696K->93424K(2040832K), 0.0201275 secs] [Times: user=0.25 sys=0.00, real=0.02 secs] 
2020-09-29T18:02:31.104+0200: 67.833: [GC (Allocation Failure) [PSYoungGen: 633828K->45925K(636416K)] 683760K->95857K(2034688K), 0.0207223 secs] [Times: user=0.13 sys=0.00, real=0.02 secs] 
2020-09-29T18:02:31.177+0200: 67.906: [GC (Allocation Failure) [PSYoungGen: 636261K->33124K(644096K)] 686193K->83056K(2042368K), 0.0199172 secs] [Times: user=0.11 sys=0.00, real=0.03 secs] 
2020-09-29T18:02:31.255+0200: 67.984: [GC (Allocation Failure) [PSYoungGen: 620900K->46661K(634880K)] 670832K->96593K(2033152K), 0.0208523 secs] [Times: user=0.13 sys=0.00, real=0.02 secs] 
2020-09-29T18:02:31.326+0200: 68.056: [GC (Allocation Failure) [PSYoungGen: 634437K->31300K(643072K)] 684369K->81232K(2041344K), 0.0145228 secs] [Times: user=0.13 sys=0.00, real=0.02 secs] 
2020-09-29T18:02:31.392+0200: 68.121: [GC (Allocation Failure) [PSYoungGen: 617028K->42853K(641536K)] 666960K->92785K(2039808K), 0.0179289 secs] [Times: user=0.13 sys=0.00, real=0.02 secs] 
2020-09-29T18:02:31.459+0200: 68.189: [GC (Allocation Failure) [PSYoungGen: 628581K->40645K(643072K)] 678513K->90577K(2041344K), 0.0186903 secs] [Times: user=0.13 sys=0.00, real=0.02 secs] 
2020-09-29T18:02:31.528+0200: 68.257: [GC (Allocation Failure) [PSYoungGen: 627397K->24515K(642560K)] 677329K->74447K(2040832K), 0.0131680 secs] [Times: user=0.13 sys=0.00, real=0.01 secs] 
2020-09-29T18:02:31.593+0200: 68.322: [GC (Allocation Failure) [PSYoungGen: 611267K->50693K(635392K)] 661199K->100625K(2033664K), 0.0226656 secs] [Times: user=0.23 sys=0.00, real=0.02 secs] 
2020-09-29T18:02:31.667+0200: 68.396: [GC (Allocation Failure) [PSYoungGen: 629765K->41573K(638976K)] 679697K->91505K(2037248K), 0.0192436 secs] [Times: user=0.13 sys=0.00, real=0.02 secs] 
2020-09-29T18:02:31.736+0200: 68.465: [GC (Allocation Failure) [PSYoungGen: 620645K->46373K(637440K)] 670577K->96305K(2035712K), 0.0199713 secs] [Times: user=0.25 sys=0.00, real=0.02 secs] 
2020-09-29T18:02:31.806+0200: 68.535: [GC (Allocation Failure) [PSYoungGen: 624421K->50117K(628224K)] 674353K->100049K(2026496K), 0.0214961 secs] [Times: user=0.13 sys=0.00, real=0.02 secs] 
2020-09-29T18:02:31.877+0200: 68.606: [GC (Allocation Failure) [PSYoungGen: 628165K->53348K(631296K)] 678097K->103280K(2029568K), 0.0240806 secs] [Times: user=0.25 sys=0.00, real=0.02 secs] 
2020-09-29T18:02:31.949+0200: 68.679: [GC (Allocation Failure) [PSYoungGen: 622180K->34020K(633856K)] 672112K->83952K(2032128K), 0.0166699 secs] [Times: user=0.13 sys=0.00, real=0.02 secs] 
2020-09-29T18:02:32.015+0200: 68.744: [GC (Allocation Failure) [PSYoungGen: 602852K->42245K(636416K)] 652784K->92177K(2034688K), 0.0190271 secs] [Times: user=0.13 sys=0.00, real=0.02 secs] 
2020-09-29T18:02:32.083+0200: 68.812: [GC (Allocation Failure) [PSYoungGen: 614661K->40452K(634880K)] 664593K->90384K(2033152K), 0.0198030 secs] [Times: user=0.13 sys=0.00, real=0.02 secs] 
2020-09-29T18:02:32.153+0200: 68.882: [GC (Allocation Failure) [PSYoungGen: 612868K->38565K(640000K)] 662800K->88497K(2038272K), 0.0176931 secs] [Times: user=0.13 sys=0.00, real=0.02 secs] 
2020-09-29T18:02:32.223+0200: 68.953: [GC (Allocation Failure) [PSYoungGen: 618149K->42148K(638464K)] 668081K->92080K(2036736K), 0.0202622 secs] [Times: user=0.13 sys=0.00, real=0.02 secs] 
2020-09-29T18:02:32.294+0200: 69.024: [GC (Allocation Failure) [PSYoungGen: 621732K->19075K(637440K)] 671664K->69007K(2035712K), 0.0100892 secs] [Times: user=0.13 sys=0.00, real=0.01 secs] 
2020-09-29T18:02:32.354+0200: 69.083: [GC (Allocation Failure) [PSYoungGen: 599171K->38693K(639488K)] 649103K->88625K(2037760K), 0.0170303 secs] [Times: user=0.13 sys=0.00, real=0.02 secs] 
2020-09-29T18:02:32.420+0200: 69.150: [GC (Allocation Failure) [PSYoungGen: 618789K->30372K(642048K)] 668721K->80304K(2040320K), 0.0139213 secs] [Times: user=0.13 sys=0.00, real=0.01 secs] 
2020-09-29T18:02:32.484+0200: 69.214: [GC (Allocation Failure) [PSYoungGen: 615076K->25379K(641536K)] 665008K->75311K(2039808K), 0.0135841 secs] [Times: user=0.13 sys=0.00, real=0.01 secs] 
2020-09-29T18:02:32.548+0200: 69.278: [GC (Allocation Failure) [PSYoungGen: 610083K->48516K(637440K)] 660015K->98448K(2035712K), 0.0220532 secs] [Times: user=0.25 sys=0.00, real=0.03 secs] 
2020-09-29T18:02:32.629+0200: 69.359: [GC (Allocation Failure) [PSYoungGen: 628612K->25444K(639488K)] 678544K->75376K(2037760K), 0.0137817 secs] [Times: user=0.00 sys=0.00, real=0.01 secs] 
2020-09-29T18:02:32.696+0200: 69.425: [GC (Allocation Failure) [PSYoungGen: 605540K->31269K(641024K)] 655472K->81201K(2039296K), 0.0141084 secs] [Times: user=0.13 sys=0.00, real=0.01 secs] 
2020-09-29T18:02:32.765+0200: 69.494: [GC (Allocation Failure) [PSYoungGen: 612901K->24644K(639488K)] 662833K->74576K(2037760K), 0.0123455 secs] [Times: user=0.11 sys=0.00, real=0.01 secs] 
2020-09-29T18:02:32.829+0200: 69.558: [GC (Allocation Failure) [PSYoungGen: 606276K->45733K(637952K)] 656208K->95665K(2036224K), 0.0200192 secs] [Times: user=0.25 sys=0.00, real=0.02 secs] 
2020-09-29T18:02:32.898+0200: 69.628: [GC (Allocation Failure) [PSYoungGen: 625829K->37957K(639488K)] 675761K->87889K(2037760K), 0.0172762 secs] [Times: user=0.13 sys=0.00, real=0.02 secs] 
2020-09-29T18:02:32.966+0200: 69.695: [GC (Allocation Failure) [PSYoungGen: 618053K->13731K(637952K)] 667985K->63663K(2036224K), 0.0074824 secs] [Times: user=0.11 sys=0.00, real=0.01 secs] 
2020-09-29T18:02:33.023+0200: 69.752: [GC (Allocation Failure) [PSYoungGen: 593827K->46949K(627200K)] 643759K->96881K(2025472K), 0.0195839 secs] [Times: user=0.13 sys=0.00, real=0.02 secs] 
2020-09-29T18:02:33.092+0200: 69.822: [GC (Allocation Failure) [PSYoungGen: 627045K->24228K(637952K)] 676977K->74160K(2036224K), 0.0121492 secs] [Times: user=0.13 sys=0.00, real=0.01 secs] 
2020-09-29T18:02:33.155+0200: 69.885: [GC (Allocation Failure) [PSYoungGen: 600228K->24869K(636928K)] 650160K->74801K(2035200K), 0.0114072 secs] [Times: user=0.13 sys=0.00, real=0.01 secs] 
2020-09-29T18:02:33.218+0200: 69.948: [GC (Allocation Failure) [PSYoungGen: 600869K->40261K(638976K)] 650801K->90193K(2037248K), 0.0184551 secs] [Times: user=0.13 sys=0.00, real=0.02 secs] 
2020-09-29T18:02:33.289+0200: 70.019: [GC (Allocation Failure) [PSYoungGen: 619333K->45125K(624640K)] 669265K->95057K(2022912K), 0.0209835 secs] [Times: user=0.13 sys=0.00, real=0.02 secs] 
2020-09-29T18:02:33.359+0200: 70.089: [GC (Allocation Failure) [PSYoungGen: 624197K->22020K(637952K)] 674129K->71952K(2036224K), 0.0100908 secs] [Times: user=0.13 sys=0.00, real=0.01 secs] 
2020-09-29T18:02:33.419+0200: 70.149: [GC (Allocation Failure) [PSYoungGen: 598532K->37893K(637440K)] 648464K->87825K(2035712K), 0.0166702 secs] [Times: user=0.13 sys=0.00, real=0.02 secs] 
2020-09-29T18:02:33.486+0200: 70.215: [GC (Allocation Failure) [PSYoungGen: 614405K->25860K(640000K)] 664337K->75792K(2038272K), 0.0123284 secs] [Times: user=0.13 sys=0.00, real=0.01 secs] 
2020-09-29T18:02:33.547+0200: 70.277: [GC (Allocation Failure) [PSYoungGen: 605956K->31717K(638976K)] 655888K->81649K(2037248K), 0.0134166 secs] [Times: user=0.13 sys=0.00, real=0.01 secs] 
2020-09-29T18:02:33.613+0200: 70.342: [GC (Allocation Failure) [PSYoungGen: 611813K->37605K(643072K)] 661745K->87537K(2041344K), 0.0190494 secs] [Times: user=0.22 sys=0.00, real=0.02 secs] 
2020-09-29T18:02:33.682+0200: 70.412: [GC (Allocation Failure) [PSYoungGen: 624357K->36453K(642560K)] 674289K->86385K(2040832K), 0.0164860 secs] [Times: user=0.13 sys=0.00, real=0.02 secs] 
2020-09-29T18:02:33.748+0200: 70.478: [GC (Allocation Failure) [PSYoungGen: 623205K->35269K(645632K)] 673137K->85201K(2043904K), 0.0159230 secs] [Times: user=0.13 sys=0.00, real=0.02 secs] 
2020-09-29T18:02:33.815+0200: 70.545: [GC (Allocation Failure) [PSYoungGen: 626117K->38213K(644096K)] 676049K->88145K(2042368K), 0.0178514 secs] [Times: user=0.25 sys=0.00, real=0.02 secs] 
2020-09-29T18:02:33.883+0200: 70.613: [GC (Allocation Failure) [PSYoungGen: 629061K->37892K(646656K)] 678993K->87824K(2044928K), 0.0183502 secs] [Times: user=0.13 sys=0.00, real=0.02 secs] 
2020-09-29T18:02:33.953+0200: 70.683: [GC (Allocation Failure) [PSYoungGen: 631812K->43813K(637952K)] 681744K->93745K(2036224K), 0.0198194 secs] [Times: user=0.13 sys=0.00, real=0.02 secs] 
2020-09-29T18:02:34.024+0200: 70.753: [GC (Allocation Failure) [PSYoungGen: 637733K->36197K(646656K)] 687665K->86129K(2044928K), 0.0165075 secs] [Times: user=0.13 sys=0.00, real=0.02 secs] 
2020-09-29T18:02:34.093+0200: 70.823: [GC (Allocation Failure) [PSYoungGen: 629093K->40677K(645120K)] 679025K->90609K(2043392K), 0.0188152 secs] [Times: user=0.13 sys=0.00, real=0.02 secs] 
2020-09-29T18:02:34.166+0200: 70.896: [GC (Allocation Failure) [PSYoungGen: 633573K->31876K(647168K)] 683505K->81808K(2045440K), 0.0175449 secs] [Times: user=0.11 sys=0.00, real=0.02 secs] 
2020-09-29T18:02:34.239+0200: 70.969: [GC (Allocation Failure) [PSYoungGen: 626308K->38405K(646144K)] 676240K->88337K(2044416K), 0.0178327 secs] [Times: user=0.11 sys=0.00, real=0.02 secs] 
2020-09-29T18:02:34.310+0200: 71.040: [GC (Allocation Failure) [PSYoungGen: 632837K->31204K(648704K)] 682769K->81136K(2046976K), 0.0162373 secs] [Times: user=0.11 sys=0.00, real=0.02 secs] 
2020-09-29T18:02:34.380+0200: 71.110: [GC (Allocation Failure) [PSYoungGen: 628708K->40773K(647680K)] 678640K->90705K(2045952K), 0.0174883 secs] [Times: user=0.13 sys=0.00, real=0.02 secs] 
2020-09-29T18:02:34.449+0200: 71.178: [GC (Allocation Failure) [PSYoungGen: 638277K->34244K(649216K)] 688209K->84176K(2047488K), 0.0168131 secs] [Times: user=0.13 sys=0.00, real=0.02 secs] 
2020-09-29T18:02:34.517+0200: 71.247: [GC (Allocation Failure) [PSYoungGen: 632772K->29988K(648192K)] 682704K->79920K(2046464K), 0.0140854 secs] [Times: user=0.13 sys=0.00, real=0.02 secs] 
2020-09-29T18:02:34.584+0200: 71.314: [GC (Allocation Failure) [PSYoungGen: 628516K->40613K(647680K)] 678448K->90545K(2045952K), 0.0192168 secs] [Times: user=0.11 sys=0.00, real=0.02 secs] 
2020-09-29T18:02:34.656+0200: 71.385: [GC (Allocation Failure) [PSYoungGen: 639141K->23588K(622592K)] 689073K->73520K(2020864K), 0.0122128 secs] [Times: user=0.11 sys=0.00, real=0.01 secs] 
2020-09-29T18:02:34.719+0200: 71.449: [GC (Allocation Failure) [PSYoungGen: 622116K->47877K(642048K)] 672048K->97809K(2040320K), 0.0210361 secs] [Times: user=0.25 sys=0.00, real=0.02 secs] 
2020-09-29T18:02:34.791+0200: 71.521: [GC (Allocation Failure) [PSYoungGen: 639237K->22213K(613888K)] 689169K->72145K(2012160K), 0.0101414 secs] [Times: user=0.13 sys=0.00, real=0.01 secs] 
2020-09-29T18:02:34.852+0200: 71.581: [GC (Allocation Failure) [PSYoungGen: 613573K->39140K(644608K)] 663505K->89072K(2042880K), 0.0187134 secs] [Times: user=0.13 sys=0.00, real=0.02 secs] 
2020-09-29T18:02:34.921+0200: 71.651: [GC (Allocation Failure) [PSYoungGen: 628964K->51364K(641536K)] 678896K->101296K(2039808K), 0.0233909 secs] [Times: user=0.25 sys=0.00, real=0.02 secs] 
2020-09-29T18:02:34.996+0200: 71.726: [GC (Allocation Failure) [PSYoungGen: 641188K->39172K(641536K)] 691120K->89104K(2039808K), 0.0181963 secs] [Times: user=0.13 sys=0.00, real=0.02 secs] 
2020-09-29T18:02:35.064+0200: 71.794: [GC (Allocation Failure) [PSYoungGen: 623364K->33956K(641536K)] 673296K->83888K(2039808K), 0.0164912 secs] [Times: user=0.13 sys=0.00, real=0.02 secs] 
2020-09-29T18:02:35.130+0200: 71.860: [GC (Allocation Failure) [PSYoungGen: 618148K->30309K(644096K)] 668080K->80241K(2042368K), 0.0140146 secs] [Times: user=0.00 sys=0.00, real=0.01 secs] 
2020-09-29T18:02:35.198+0200: 71.927: [GC (Allocation Failure) [PSYoungGen: 618597K->30692K(643072K)] 668529K->80624K(2041344K), 0.0163004 secs] [Times: user=0.11 sys=0.00, real=0.02 secs] 
2020-09-29T18:02:35.265+0200: 71.995: [GC (Allocation Failure) [PSYoungGen: 618980K->44709K(642048K)] 668912K->94641K(2040320K), 0.0194683 secs] [Times: user=0.25 sys=0.00, real=0.02 secs] 
2020-09-29T18:02:35.336+0200: 72.065: [GC (Allocation Failure) [PSYoungGen: 632997K->30949K(643584K)] 682929K->80881K(2041856K), 0.0138959 secs] [Times: user=0.13 sys=0.00, real=0.01 secs] 
2020-09-29T18:02:35.401+0200: 72.130: [GC (Allocation Failure) [PSYoungGen: 619237K->31301K(645632K)] 669169K->81233K(2043904K), 0.0143676 secs] [Times: user=0.13 sys=0.00, real=0.01 secs] 
2020-09-29T18:02:35.469+0200: 72.198: [GC (Allocation Failure) [PSYoungGen: 622149K->47909K(638976K)] 672081K->97841K(2037248K), 0.0217387 secs] [Times: user=0.25 sys=0.00, real=0.02 secs] 
2020-09-29T18:02:35.541+0200: 72.270: [GC (Allocation Failure) [PSYoungGen: 638757K->50853K(635392K)] 688689K->100785K(2033664K), 0.0224780 secs] [Times: user=0.13 sys=0.00, real=0.02 secs] 
2020-09-29T18:02:35.615+0200: 72.344: [GC (Allocation Failure) [PSYoungGen: 629925K->27428K(638976K)] 679857K->77360K(2037248K), 0.0134759 secs] [Times: user=0.00 sys=0.00, real=0.01 secs] 
2020-09-29T18:02:35.679+0200: 72.408: [GC (Allocation Failure) [PSYoungGen: 606500K->45957K(637440K)] 656432K->95889K(2035712K), 0.0206891 secs] [Times: user=0.13 sys=0.00, real=0.02 secs] 
2020-09-29T18:02:35.749+0200: 72.478: [GC (Allocation Failure) [PSYoungGen: 624005K->36004K(638464K)] 673937K->85936K(2036736K), 0.0187171 secs] [Times: user=0.13 sys=0.00, real=0.02 secs] 
2020-09-29T18:02:35.820+0200: 72.549: [GC (Allocation Failure) [PSYoungGen: 614052K->26149K(640512K)] 663984K->76081K(2038784K), 0.0128971 secs] [Times: user=0.13 sys=0.00, real=0.01 secs] 
2020-09-29T18:02:35.886+0200: 72.615: [GC (Allocation Failure) [PSYoungGen: 608293K->34085K(640512K)] 658225K->84017K(2038784K), 0.0167824 secs] [Times: user=0.13 sys=0.00, real=0.02 secs] 
2020-09-29T18:02:35.954+0200: 72.682: [GC (Allocation Failure) [PSYoungGen: 616229K->41476K(642048K)] 666161K->91408K(2040320K), 0.0214462 secs] [Times: user=0.25 sys=0.00, real=0.02 secs] 
2020-09-29T18:02:36.026+0200: 72.755: [GC (Allocation Failure) [PSYoungGen: 626692K->37540K(642048K)] 676624K->87472K(2040320K), 0.0193367 secs] [Times: user=0.13 sys=0.00, real=0.02 secs] 
2020-09-29T18:02:36.097+0200: 72.826: [GC (Allocation Failure) [PSYoungGen: 621521K->13764K(640000K)] 671453K->63696K(2038272K), 0.0075073 secs] [Times: user=0.13 sys=0.00, real=0.01 secs] 
2020-09-29T18:02:36.157+0200: 72.885: [GC (Allocation Failure) [PSYoungGen: 598980K->38469K(642048K)] 648912K->88401K(2040320K), 0.0179815 secs] [Times: user=0.13 sys=0.00, real=0.02 secs] 
2020-09-29T18:02:36.228+0200: 72.957: [GC (Allocation Failure) [PSYoungGen: 623685K->35749K(644608K)] 673617K->85681K(2042880K), 0.0172907 secs] [Times: user=0.13 sys=0.00, real=0.02 secs] 
2020-09-29T18:02:36.299+0200: 73.028: [GC (Allocation Failure) [PSYoungGen: 624037K->49252K(637952K)] 673969K->99184K(2036224K), 0.0245850 secs] [Times: user=0.25 sys=0.00, real=0.02 secs] 
2020-09-29T18:02:36.374+0200: 73.103: [GC (Allocation Failure) [PSYoungGen: 637540K->21476K(640000K)] 687472K->71408K(2038272K), 0.0110692 secs] [Times: user=0.13 sys=0.00, real=0.01 secs] 
2020-09-29T18:02:36.443+0200: 73.172: [GC (Allocation Failure) [PSYoungGen: 603620K->43109K(625664K)] 653552K->93041K(2023936K), 0.0208324 secs] [Times: user=0.13 sys=0.00, real=0.02 secs] 
2020-09-29T18:02:36.514+0200: 73.243: [GC (Allocation Failure) [PSYoungGen: 625253K->36676K(642048K)] 675185K->86608K(2040320K), 0.0188262 secs] [Times: user=0.13 sys=0.00, real=0.02 secs] 
2020-09-29T18:02:36.585+0200: 73.314: [GC (Allocation Failure) [PSYoungGen: 619844K->45637K(640000K)] 669776K->95569K(2038272K), 0.0231147 secs] [Times: user=0.11 sys=0.00, real=0.02 secs] 
2020-09-29T18:02:36.661+0200: 73.390: [GC (Allocation Failure) [PSYoungGen: 628805K->40869K(641024K)] 678737K->90801K(2039296K), 0.0197546 secs] [Times: user=0.13 sys=0.00, real=0.02 secs] 
2020-09-29T18:02:36.732+0200: 73.461: [GC (Allocation Failure) [PSYoungGen: 623525K->21315K(640512K)] 673457K->71247K(2038784K), 0.0131705 secs] [Times: user=0.11 sys=0.00, real=0.01 secs] 
2020-09-29T18:02:36.795+0200: 73.524: [GC (Allocation Failure) [PSYoungGen: 603971K->43525K(638464K)] 653903K->93457K(2036736K), 0.0208359 secs] [Times: user=0.13 sys=0.00, real=0.02 secs] 
2020-09-29T18:02:36.866+0200: 73.595: [GC (Allocation Failure) [PSYoungGen: 623621K->35685K(639488K)] 673553K->85617K(2037760K), 0.0184669 secs] [Times: user=0.11 sys=0.00, real=0.02 secs] 
2020-09-29T18:02:36.936+0200: 73.665: [GC (Allocation Failure) [PSYoungGen: 615781K->55205K(631808K)] 665713K->105137K(2030080K), 0.0259817 secs] [Times: user=0.23 sys=0.00, real=0.03 secs] 
2020-09-29T18:02:37.016+0200: 73.745: [GC (Allocation Failure) [PSYoungGen: 630181K->42277K(636928K)] 680113K->92209K(2035200K), 0.0201409 secs] [Times: user=0.23 sys=0.00, real=0.02 secs] 
2020-09-29T18:02:37.088+0200: 73.817: [GC (Allocation Failure) [PSYoungGen: 617253K->29349K(638464K)] 667185K->79281K(2036736K), 0.0143467 secs] [Times: user=0.13 sys=0.00, real=0.01 secs] 
2020-09-29T18:02:37.156+0200: 73.885: [GC (Allocation Failure) [PSYoungGen: 606885K->46213K(624128K)] 656817K->96145K(2022400K), 0.0225363 secs] [Times: user=0.25 sys=0.00, real=0.02 secs] 
2020-09-29T18:02:37.231+0200: 73.960: [GC (Allocation Failure) [PSYoungGen: 623749K->35845K(639488K)] 673681K->85777K(2037760K), 0.0181595 secs] [Times: user=0.13 sys=0.00, real=0.02 secs] 
2020-09-29T18:02:37.300+0200: 74.029: [GC (Allocation Failure) [PSYoungGen: 613893K->38372K(637440K)] 663825K->88304K(2035712K), 0.0203581 secs] [Times: user=0.25 sys=0.00, real=0.02 secs] 
2020-09-29T18:02:37.370+0200: 74.099: [GC (Allocation Failure) [PSYoungGen: 616420K->28388K(641536K)] 666352K->78320K(2039808K), 0.0141354 secs] [Times: user=0.13 sys=0.00, real=0.01 secs] 
2020-09-29T18:02:37.435+0200: 74.164: [GC (Allocation Failure) [PSYoungGen: 612580K->24579K(641536K)] 662512K->74511K(2039808K), 0.0146836 secs] [Times: user=0.11 sys=0.00, real=0.02 secs] 
2020-09-29T18:02:37.500+0200: 74.229: [GC (Allocation Failure) [PSYoungGen: 608771K->32324K(643072K)] 658703K->82256K(2041344K), 0.0170617 secs] [Times: user=0.09 sys=0.00, real=0.02 secs] 
2020-09-29T18:02:37.568+0200: 74.298: [GC (Allocation Failure) [PSYoungGen: 618052K->30053K(641536K)] 667984K->79985K(2039808K), 0.0159375 secs] [Times: user=0.11 sys=0.00, real=0.02 secs] 
2020-09-29T18:02:37.636+0200: 74.365: [GC (Allocation Failure) [PSYoungGen: 615781K->40836K(643072K)] 665713K->90768K(2041344K), 0.0216138 secs] [Times: user=0.11 sys=0.00, real=0.02 secs] 
2020-09-29T18:02:37.707+0200: 74.437: [GC (Allocation Failure) [PSYoungGen: 629124K->27557K(643584K)] 679056K->77489K(2041856K), 0.0129664 secs] [Times: user=0.01 sys=0.00, real=0.01 secs] 
2020-09-29T18:02:37.776+0200: 74.505: [GC (Allocation Failure) [PSYoungGen: 615845K->27395K(645120K)] 665777K->77327K(2043392K), 0.0154941 secs] [Times: user=0.13 sys=0.00, real=0.02 secs] 
2020-09-29T18:02:37.845+0200: 74.574: [GC (Allocation Failure) [PSYoungGen: 617731K->43461K(633856K)] 667663K->93393K(2032128K), 0.0212048 secs] [Times: user=0.25 sys=0.00, real=0.02 secs] 
2020-09-29T18:02:37.917+0200: 74.646: [GC (Allocation Failure) [PSYoungGen: 633797K->28580K(644608K)] 683729K->78512K(2042880K), 0.0152574 secs] [Times: user=0.13 sys=0.00, real=0.01 secs] 
2020-09-29T18:02:37.983+0200: 74.712: [GC (Allocation Failure) [PSYoungGen: 617892K->29124K(643584K)] 667824K->79056K(2041856K), 0.0155243 secs] [Times: user=0.13 sys=0.00, real=0.01 secs] 
2020-09-29T18:02:38.053+0200: 74.783: [GC (Allocation Failure) [PSYoungGen: 618436K->30565K(646656K)] 668368K->80497K(2044928K), 0.0158160 secs] [Times: user=0.11 sys=0.00, real=0.02 secs] 
2020-09-29T18:02:38.122+0200: 74.851: [GC (Allocation Failure) [PSYoungGen: 623973K->49765K(643584K)] 673905K->99697K(2041856K), 0.0250642 secs] [Times: user=0.22 sys=0.00, real=0.03 secs] 
2020-09-29T18:02:38.202+0200: 74.931: [GC (Allocation Failure) [PSYoungGen: 643173K->27781K(643584K)] 693105K->77713K(2041856K), 0.0141142 secs] [Times: user=0.11 sys=0.00, real=0.01 secs] 
2020-09-29T18:02:38.268+0200: 74.997: [GC (Allocation Failure) [PSYoungGen: 616069K->27237K(643584K)] 666001K->77169K(2041856K), 0.0133027 secs] [Times: user=0.13 sys=0.00, real=0.01 secs] 
2020-09-29T18:02:38.332+0200: 75.061: [GC (Allocation Failure) [PSYoungGen: 615525K->54757K(632832K)] 665457K->104841K(2031104K), 0.0252401 secs] [Times: user=0.23 sys=0.00, real=0.03 secs] 
2020-09-29T18:02:38.407+0200: 75.136: [GC (Allocation Failure) [PSYoungGen: 632805K->44804K(623104K)] 682889K->94888K(2021376K), 0.0224334 secs] [Times: user=0.25 sys=0.00, real=0.02 secs] 
2020-09-29T18:02:38.479+0200: 75.209: [GC (Allocation Failure) [PSYoungGen: 622852K->34949K(640000K)] 672936K->85033K(2038272K), 0.0174452 secs] [Times: user=0.08 sys=0.00, real=0.02 secs] 
2020-09-29T18:02:38.546+0200: 75.276: [GC (Allocation Failure) [PSYoungGen: 613509K->25124K(637440K)] 663593K->75208K(2035712K), 0.0126844 secs] [Times: user=0.13 sys=0.00, real=0.01 secs] 
2020-09-29T18:02:38.611+0200: 75.340: [GC (Allocation Failure) [PSYoungGen: 603684K->29413K(641536K)] 653768K->79497K(2039808K), 0.0145527 secs] [Times: user=0.11 sys=0.00, real=0.01 secs] 
2020-09-29T18:02:38.677+0200: 75.406: [GC (Allocation Failure) [PSYoungGen: 612069K->37861K(640000K)] 662153K->87945K(2038272K), 0.0187142 secs] [Times: user=0.13 sys=0.00, real=0.02 secs] 
2020-09-29T18:02:38.745+0200: 75.474: [GC (Allocation Failure) [PSYoungGen: 620517K->32613K(644096K)] 670601K->82697K(2042368K), 0.0157199 secs] [Times: user=0.13 sys=0.00, real=0.02 secs] 
2020-09-29T18:02:38.813+0200: 75.542: [GC (Allocation Failure) [PSYoungGen: 620389K->44068K(642560K)] 670473K->94152K(2040832K), 0.0214836 secs] [Times: user=0.25 sys=0.00, real=0.02 secs] 
2020-09-29T18:02:38.885+0200: 75.614: [GC (Allocation Failure) [PSYoungGen: 631844K->56293K(630272K)] 681928K->107665K(2028544K), 0.0273252 secs] [Times: user=0.25 sys=0.00, real=0.03 secs] 
2020-09-29T18:02:38.962+0200: 75.691: [GC (Allocation Failure) [PSYoungGen: 630245K->29188K(636416K)] 681617K->80560K(2034688K), 0.0155971 secs] [Times: user=0.13 sys=0.00, real=0.02 secs] 
2020-09-29T18:02:39.030+0200: 75.759: [GC (Allocation Failure) [PSYoungGen: 603140K->28612K(638464K)] 654512K->79984K(2036736K), 0.0153613 secs] [Times: user=0.13 sys=0.00, real=0.02 secs] 
2020-09-29T18:02:39.097+0200: 75.827: [GC (Allocation Failure) [PSYoungGen: 605636K->31397K(637440K)] 657008K->82769K(2035712K), 0.0147835 secs] [Times: user=0.06 sys=0.00, real=0.02 secs] 
2020-09-29T18:02:39.164+0200: 75.893: [GC (Allocation Failure) [PSYoungGen: 608421K->34020K(642048K)] 659793K->85392K(2040320K), 0.0186615 secs] [Times: user=0.11 sys=0.00, real=0.02 secs] 
2020-09-29T18:02:39.235+0200: 75.964: [GC (Allocation Failure) [PSYoungGen: 617188K->28836K(640000K)] 668560K->80208K(2038272K), 0.0150341 secs] [Times: user=0.13 sys=0.00, real=0.02 secs] 
2020-09-29T18:02:39.303+0200: 76.032: [GC (Allocation Failure) [PSYoungGen: 612004K->36644K(644608K)] 663376K->88016K(2042880K), 0.0185900 secs] [Times: user=0.13 sys=0.00, real=0.02 secs] 
2020-09-29T18:02:39.373+0200: 76.103: [GC (Allocation Failure) [PSYoungGen: 625444K->37412K(643072K)] 676816K->88784K(2041344K), 0.0186977 secs] [Times: user=0.13 sys=0.00, real=0.02 secs] 
2020-09-29T18:02:39.442+0200: 76.171: [GC (Allocation Failure) [PSYoungGen: 626212K->24612K(645632K)] 677584K->75984K(2043904K), 0.0130543 secs] [Times: user=0.00 sys=0.00, real=0.01 secs] 
2020-09-29T18:02:39.506+0200: 76.236: [GC (Allocation Failure) [PSYoungGen: 616996K->27908K(645632K)] 668368K->79280K(2043904K), 0.0143909 secs] [Times: user=0.11 sys=0.00, real=0.01 secs] 
2020-09-29T18:02:39.574+0200: 76.303: [GC (Allocation Failure) [PSYoungGen: 620292K->46084K(641024K)] 671664K->97456K(2039296K), 0.0250604 secs] [Times: user=0.22 sys=0.00, real=0.03 secs] 
2020-09-29T18:02:39.650+0200: 76.380: [GC (Allocation Failure) [PSYoungGen: 634372K->32708K(643584K)] 685744K->84080K(2041856K), 0.0167947 secs] [Times: user=0.13 sys=0.00, real=0.02 secs] 
2020-09-29T18:02:39.717+0200: 76.446: [GC (Allocation Failure) [PSYoungGen: 620996K->33028K(646656K)] 672368K->84400K(2044928K), 0.0174694 secs] [Times: user=0.13 sys=0.00, real=0.02 secs] 
2020-09-29T18:02:39.785+0200: 76.515: [GC (Allocation Failure) [PSYoungGen: 625924K->23491K(645120K)] 677296K->74863K(2043392K), 0.0130653 secs] [Times: user=0.03 sys=0.00, real=0.01 secs] 
2020-09-29T18:02:39.853+0200: 76.582: [GC (Allocation Failure) [PSYoungGen: 616387K->28420K(647680K)] 667759K->79792K(2045952K), 0.0141948 secs] [Times: user=0.13 sys=0.00, real=0.01 secs] 
2020-09-29T18:02:39.922+0200: 76.652: [GC (Allocation Failure) [PSYoungGen: 623876K->35940K(646656K)] 675248K->87312K(2044928K), 0.0188471 secs] [Times: user=0.11 sys=0.00, real=0.02 secs] 
2020-09-29T18:02:39.994+0200: 76.723: [GC (Allocation Failure) [PSYoungGen: 631396K->29796K(649728K)] 682768K->81168K(2048000K), 0.0159080 secs] [Times: user=0.13 sys=0.00, real=0.02 secs] 
2020-09-29T18:02:40.062+0200: 76.792: [GC (Allocation Failure) [PSYoungGen: 628836K->40932K(648192K)] 680208K->92304K(2046464K), 0.0202231 secs] [Times: user=0.13 sys=0.00, real=0.02 secs] 
2020-09-29T18:02:40.141+0200: 76.870: [GC (Allocation Failure) [PSYoungGen: 639972K->38372K(648192K)] 691344K->89744K(2046464K), 0.0203138 secs] [Times: user=0.25 sys=0.00, real=0.02 secs] 
2020-09-29T18:02:40.227+0200: 76.956: [GC (Allocation Failure) [PSYoungGen: 635876K->19139K(616960K)] 687248K->70511K(2015232K), 0.0114971 secs] [Times: user=0.02 sys=0.00, real=0.01 secs] 
2020-09-29T18:02:40.305+0200: 77.034: [GC (Allocation Failure) [PSYoungGen: 616643K->15010K(645120K)] 668015K->66382K(2043392K), 0.0106387 secs] [Times: user=0.00 sys=0.00, real=0.01 secs] 
2020-09-29T18:02:40.366+0200: 77.095: [GC (Allocation Failure) [PSYoungGen: 608418K->20515K(646144K)] 659790K->71887K(2044416K), 0.0120748 secs] [Times: user=0.00 sys=0.00, real=0.01 secs] 
2020-09-29T18:02:40.427+0200: 77.156: [GC (Allocation Failure) [PSYoungGen: 613923K->25923K(648192K)] 665295K->77295K(2046464K), 0.0150250 secs] [Times: user=0.00 sys=0.01, real=0.01 secs] 
2020-09-29T18:02:40.491+0200: 77.220: [GC (Allocation Failure) [PSYoungGen: 621891K->20323K(646656K)] 673263K->71695K(2044928K), 0.0127950 secs] [Times: user=0.00 sys=0.00, real=0.01 secs] 
2020-09-29T18:02:40.555+0200: 77.284: [GC (Allocation Failure) [PSYoungGen: 616291K->13634K(647680K)] 667663K->65006K(2045952K), 0.0097990 secs] [Times: user=0.00 sys=0.00, real=0.01 secs] 
2020-09-29T18:02:40.621+0200: 77.350: [GC (Allocation Failure) [PSYoungGen: 611138K->23203K(648192K)] 662510K->74575K(2046464K), 0.0137048 secs] [Times: user=0.11 sys=0.00, real=0.01 secs] 
2020-09-29T18:02:40.683+0200: 77.413: [GC (Allocation Failure) [PSYoungGen: 620707K->3905K(646656K)] 672079K->55277K(2044928K), 0.0048157 secs] [Times: user=0.00 sys=0.00, real=0.00 secs] 
2020-09-29T18:02:40.739+0200: 77.469: [GC (Allocation Failure) [PSYoungGen: 601409K->26627K(648192K)] 652781K->77999K(2046464K), 0.0109178 secs] [Times: user=0.00 sys=0.00, real=0.02 secs] 
2020-09-29T18:02:40.804+0200: 77.533: [GC (Allocation Failure) [PSYoungGen: 624131K->7010K(648192K)] 675503K->58382K(2046464K), 0.0042005 secs] [Times: user=0.00 sys=0.00, real=0.00 secs] 
2020-09-29T18:02:40.862+0200: 77.591: [GC (Allocation Failure) [PSYoungGen: 606562K->32355K(632320K)] 657934K->83727K(2030592K), 0.0130035 secs] [Times: user=0.13 sys=0.00, real=0.01 secs] 
2020-09-29T18:02:40.929+0200: 77.658: [GC (Allocation Failure) [PSYoungGen: 631907K->12993K(649216K)] 683279K->64365K(2047488K), 0.0081231 secs] [Times: user=0.00 sys=0.00, real=0.01 secs] 
2020-09-29T18:02:40.989+0200: 77.719: [GC (Allocation Failure) [PSYoungGen: 612033K->10145K(648704K)] 663405K->61517K(2046976K), 0.0069261 secs] [Times: user=0.00 sys=0.00, real=0.01 secs] 
2020-09-29T18:02:41.052+0200: 77.782: [GC (Allocation Failure) [PSYoungGen: 609185K->21186K(652288K)] 660557K->72558K(2050560K), 0.0106647 secs] [Times: user=0.00 sys=0.00, real=0.01 secs] 
2020-09-29T18:02:41.119+0200: 77.848: [GC (Allocation Failure) [PSYoungGen: 624322K->22722K(649728K)] 675694K->74094K(2048000K), 0.0107309 secs] [Times: user=0.13 sys=0.00, real=0.01 secs] 
2020-09-29T18:02:41.184+0200: 77.913: [GC (Allocation Failure) [PSYoungGen: 625858K->7713K(654336K)] 677230K->59085K(2052608K), 0.0060662 secs] [Times: user=0.00 sys=0.00, real=0.01 secs] 
2020-09-29T18:02:41.264+0200: 77.993: [GC (Allocation Failure) [PSYoungGen: 617505K->32K(610304K)] 668877K->51404K(2008576K), 0.0004094 secs] [Times: user=0.00 sys=0.00, real=0.00 secs] 
2020-09-29T18:02:41.357+0200: 78.086: [GC (Allocation Failure) [PSYoungGen: 609824K->8353K(654336K)] 661196K->59725K(2052608K), 0.0055108 secs] [Times: user=0.00 sys=0.00, real=0.00 secs] 
2020-09-29T18:02:41.456+0200: 78.185: [GC (Allocation Failure) [PSYoungGen: 617121K->32K(653312K)] 668493K->51404K(2051584K), 0.0009604 secs] [Times: user=0.02 sys=0.00, real=0.00 secs] 
Heap
 PSYoungGen      total 653312K, used 272980K [0x00000000d5580000, 0x0000000100000000, 0x0000000100000000)
  eden space 608768K, 44% used [0x00000000d5580000,0x00000000e600d050,0x00000000fa800000)
  from space 44544K, 0% used [0x00000000fa800000,0x00000000fa808000,0x00000000fd380000)
  to   space 44544K, 0% used [0x00000000fd480000,0x00000000fd480000,0x0000000100000000)
 ParOldGen       total 1398272K, used 51372K [0x0000000080000000, 0x00000000d5580000, 0x00000000d5580000)
  object space 1398272K, 3% used [0x0000000080000000,0x000000008322b060,0x00000000d5580000)
 Metaspace       used 2594K, capacity 4486K, committed 4864K, reserved 1056768K
  class space    used 285K, capacity 386K, committed 512K, reserved 1048576K
