Java HotSpot(TM) 64-Bit Server VM (25.261-b12) for windows-amd64 JRE (1.8.0_261-b12), built on Jun 18 2020 06:56:32 by "" with unknown MS VC++:1916
Memory: 4k page, physical 16659684k(9680620k free), swap 23213284k(9186900k free)
CommandLine flags: -XX:InitialHeapSize=2147483648 -XX:MaxHeapSize=2147483648 -XX:+PrintGC -XX:+PrintGCDateStamps -XX:+PrintGCDetails -XX:+PrintGCTimeStamps -XX:+UseCompressedClassPointers -XX:+UseCompressedOops -XX:-UseLargePagesIndividualAllocation -XX:+UseParallelGC 
2020-09-29T17:48:23.865+0200: 0.286: [GC (Allocation Failure) [PSYoungGen: 524800K->19523K(611840K)] 524800K->19531K(2010112K), 0.0143058 secs] [Times: user=0.00 sys=0.00, real=0.01 secs] 
2020-09-29T17:48:23.945+0200: 0.366: [GC (Allocation Failure) [PSYoungGen: 544323K->23412K(611840K)] 544331K->23420K(2010112K), 0.0345129 secs] [Times: user=0.23 sys=0.02, real=0.03 secs] 
2020-09-29T17:48:24.039+0200: 0.460: [GC (Allocation Failure) [PSYoungGen: 548212K->42309K(611840K)] 548220K->42317K(2010112K), 0.0219659 secs] [Times: user=0.11 sys=0.01, real=0.02 secs] 
2020-09-29T17:48:24.106+0200: 0.527: [GC (Allocation Failure) [PSYoungGen: 567109K->16708K(611840K)] 567117K->16716K(2010112K), 0.0093714 secs] [Times: user=0.13 sys=0.00, real=0.01 secs] 
2020-09-29T17:48:24.160+0200: 0.581: [GC (Allocation Failure) [PSYoungGen: 541508K->35637K(611840K)] 541516K->35645K(2010112K), 0.0165268 secs] [Times: user=0.09 sys=0.02, real=0.02 secs] 
2020-09-29T17:48:24.222+0200: 0.643: [GC (Allocation Failure) [PSYoungGen: 560437K->40965K(642560K)] 560445K->40973K(2040832K), 0.0238873 secs] [Times: user=0.17 sys=0.08, real=0.02 secs] 
2020-09-29T17:48:24.302+0200: 0.722: [GC (Allocation Failure) [PSYoungGen: 636421K->19172K(647168K)] 636429K->19600K(2045440K), 0.0125717 secs] [Times: user=0.00 sys=0.00, real=0.01 secs] 
2020-09-29T17:48:24.368+0200: 0.789: [GC (Allocation Failure) [PSYoungGen: 614628K->40484K(642560K)] 615056K->40912K(2040832K), 0.0202855 secs] [Times: user=0.13 sys=0.00, real=0.02 secs] 
2020-09-29T17:48:24.440+0200: 0.861: [GC (Allocation Failure) [PSYoungGen: 631844K->43940K(635392K)] 632272K->44368K(2033664K), 0.0222387 secs] [Times: user=0.25 sys=0.00, real=0.02 secs] 
2020-09-29T17:48:24.515+0200: 0.936: [GC (Allocation Failure) [PSYoungGen: 635300K->47365K(634880K)] 635728K->47793K(2033152K), 0.0218433 secs] [Times: user=0.25 sys=0.00, real=0.02 secs] 
2020-09-29T17:48:24.598+0200: 1.019: [GC (Allocation Failure) [PSYoungGen: 625413K->23461K(638464K)] 625841K->23889K(2036736K), 0.0113305 secs] [Times: user=0.11 sys=0.00, real=0.01 secs] 
2020-09-29T17:48:24.670+0200: 1.091: [GC (Allocation Failure) [PSYoungGen: 601509K->40901K(638464K)] 601937K->41329K(2036736K), 0.0197772 secs] [Times: user=0.13 sys=0.00, real=0.02 secs] 
2020-09-29T17:48:24.746+0200: 1.167: [GC (Allocation Failure) [PSYoungGen: 619973K->45733K(625152K)] 620401K->46161K(2023424K), 0.0215737 secs] [Times: user=0.13 sys=0.00, real=0.02 secs] 
2020-09-29T17:48:24.821+0200: 1.242: [GC (Allocation Failure) [PSYoungGen: 624805K->50597K(630784K)] 625233K->51025K(2029056K), 0.0232791 secs] [Times: user=0.13 sys=0.00, real=0.02 secs] 
2020-09-29T17:48:24.894+0200: 1.315: [GC (Allocation Failure) [PSYoungGen: 619429K->29380K(633856K)] 619857K->29808K(2032128K), 0.0155944 secs] [Times: user=0.13 sys=0.02, real=0.02 secs] 
2020-09-29T17:48:24.959+0200: 1.380: [GC (Allocation Failure) [PSYoungGen: 598212K->21762K(635904K)] 598640K->22190K(2034176K), 0.0133202 secs] [Times: user=0.00 sys=0.00, real=0.01 secs] 
2020-09-29T17:48:25.023+0200: 1.444: [GC (Allocation Failure) [PSYoungGen: 594178K->32803K(635392K)] 594606K->33231K(2033664K), 0.0174656 secs] [Times: user=0.13 sys=0.00, real=0.02 secs] 
2020-09-29T17:48:25.090+0200: 1.511: [GC (Allocation Failure) [PSYoungGen: 605219K->31013K(641024K)] 605647K->31441K(2039296K), 0.0138753 secs] [Times: user=0.13 sys=0.00, real=0.01 secs] 
2020-09-29T17:48:25.161+0200: 1.582: [GC (Allocation Failure) [PSYoungGen: 612133K->19427K(638976K)] 612561K->19855K(2037248K), 0.0117480 secs] [Times: user=0.00 sys=0.00, real=0.01 secs] 
2020-09-29T17:48:25.227+0200: 1.648: [GC (Allocation Failure) [PSYoungGen: 600547K->53765K(629760K)] 600975K->54193K(2028032K), 0.0244123 secs] [Times: user=0.13 sys=0.00, real=0.02 secs] 
2020-09-29T17:48:25.305+0200: 1.726: [GC (Allocation Failure) [PSYoungGen: 625669K->37701K(635392K)] 626097K->38129K(2033664K), 0.0179732 secs] [Times: user=0.13 sys=0.00, real=0.02 secs] 
2020-09-29T17:48:25.378+0200: 1.799: [GC (Allocation Failure) [PSYoungGen: 609605K->21092K(637440K)] 610033K->21520K(2035712K), 0.0103782 secs] [Times: user=0.13 sys=0.00, real=0.01 secs] 
2020-09-29T17:48:25.451+0200: 1.872: [GC (Allocation Failure) [PSYoungGen: 596580K->20804K(636928K)] 597008K->21232K(2035200K), 0.0116649 secs] [Times: user=0.13 sys=0.00, real=0.01 secs] 
2020-09-29T17:48:25.525+0200: 1.945: [GC (Allocation Failure) [PSYoungGen: 596292K->49381K(630784K)] 596720K->49809K(2029056K), 0.0229072 secs] [Times: user=0.13 sys=0.00, real=0.02 secs] 
2020-09-29T17:48:25.600+0200: 2.021: [GC (Allocation Failure) [PSYoungGen: 619237K->44484K(614400K)] 619665K->44912K(2012672K), 0.0233286 secs] [Times: user=0.11 sys=0.00, real=0.02 secs] 
2020-09-29T17:48:25.674+0200: 2.095: [GC (Allocation Failure) [PSYoungGen: 614340K->40069K(634880K)] 614768K->40497K(2033152K), 0.0180444 secs] [Times: user=0.11 sys=0.00, real=0.02 secs] 
2020-09-29T17:48:25.744+0200: 2.165: [GC (Allocation Failure) [PSYoungGen: 609925K->49252K(619520K)] 610353K->49680K(2017792K), 0.0238215 secs] [Times: user=0.13 sys=0.00, real=0.02 secs] 
2020-09-29T17:48:25.817+0200: 2.238: [GC (Allocation Failure) [PSYoungGen: 619108K->30373K(634368K)] 619536K->30801K(2032640K), 0.0146934 secs] [Times: user=0.11 sys=0.01, real=0.01 secs] 
2020-09-29T17:48:25.888+0200: 2.309: [GC (Allocation Failure) [PSYoungGen: 598181K->23716K(632320K)] 598609K->24144K(2030592K), 0.0123125 secs] [Times: user=0.13 sys=0.00, real=0.01 secs] 
2020-09-29T17:48:25.953+0200: 2.374: [GC (Allocation Failure) [PSYoungGen: 591524K->30980K(637440K)] 591952K->31408K(2035712K), 0.0163551 secs] [Times: user=0.13 sys=0.00, real=0.02 secs] 
2020-09-29T17:48:26.022+0200: 2.443: [GC (Allocation Failure) [PSYoungGen: 604420K->30117K(634880K)] 604848K->30545K(2033152K), 0.0139174 secs] [Times: user=0.13 sys=0.00, real=0.01 secs] 
2020-09-29T17:48:26.101+0200: 2.522: [GC (Allocation Failure) [PSYoungGen: 603557K->43045K(637952K)] 603985K->43473K(2036224K), 0.0210012 secs] [Times: user=0.13 sys=0.00, real=0.02 secs] 
2020-09-29T17:48:26.175+0200: 2.596: [GC (Allocation Failure) [PSYoungGen: 621093K->46853K(625152K)] 621521K->47281K(2023424K), 0.0220244 secs] [Times: user=0.23 sys=0.00, real=0.02 secs] 
2020-09-29T17:48:26.250+0200: 2.671: [GC (Allocation Failure) [PSYoungGen: 624901K->50629K(631296K)] 625329K->51057K(2029568K), 0.0242558 secs] [Times: user=0.25 sys=0.00, real=0.02 secs] 
2020-09-29T17:48:26.327+0200: 2.748: [GC (Allocation Failure) [PSYoungGen: 619461K->15364K(584704K)] 619889K->15792K(1982976K), 0.0078513 secs] [Times: user=0.13 sys=0.00, real=0.01 secs] 
2020-09-29T17:48:26.386+0200: 2.807: [GC (Allocation Failure) [PSYoungGen: 584196K->23236K(633856K)] 584624K->23664K(2032128K), 0.0117774 secs] [Times: user=0.13 sys=0.00, real=0.01 secs] 
2020-09-29T17:48:26.446+0200: 2.867: [GC (Allocation Failure) [PSYoungGen: 591044K->26723K(632832K)] 591472K->27151K(2031104K), 0.0156458 secs] [Times: user=0.13 sys=0.00, real=0.02 secs] 
2020-09-29T17:48:26.516+0200: 2.937: [GC (Allocation Failure) [PSYoungGen: 594531K->47653K(631296K)] 594959K->48081K(2029568K), 0.0227506 secs] [Times: user=0.25 sys=0.00, real=0.02 secs] 
2020-09-29T17:48:26.589+0200: 3.010: [GC (Allocation Failure) [PSYoungGen: 615461K->41253K(633344K)] 615889K->41681K(2031616K), 0.0210836 secs] [Times: user=0.11 sys=0.00, real=0.02 secs] 
2020-09-29T17:48:26.664+0200: 3.085: [GC (Allocation Failure) [PSYoungGen: 609061K->47621K(630784K)] 609489K->48049K(2029056K), 0.0223346 secs] [Times: user=0.13 sys=0.00, real=0.02 secs] 
2020-09-29T17:48:26.738+0200: 3.159: [GC (Allocation Failure) [PSYoungGen: 613381K->39173K(632320K)] 613809K->39601K(2030592K), 0.0183488 secs] [Times: user=0.24 sys=0.02, real=0.02 secs] 
2020-09-29T17:48:26.812+0200: 3.233: [GC (Allocation Failure) [PSYoungGen: 604933K->42660K(634880K)] 605361K->43088K(2033152K), 0.0216550 secs] [Times: user=0.23 sys=0.00, real=0.02 secs] 
2020-09-29T17:48:26.883+0200: 3.304: [GC (Allocation Failure) [PSYoungGen: 613028K->38789K(634368K)] 613456K->39217K(2032640K), 0.0184293 secs] [Times: user=0.13 sys=0.00, real=0.02 secs] 
2020-09-29T17:48:26.951+0200: 3.372: [GC (Allocation Failure) [PSYoungGen: 609157K->33060K(638464K)] 609585K->33488K(2036736K), 0.0165104 secs] [Times: user=0.13 sys=0.00, real=0.02 secs] 
2020-09-29T17:48:27.022+0200: 3.443: [GC (Allocation Failure) [PSYoungGen: 609572K->35333K(636928K)] 610000K->35761K(2035200K), 0.0189224 secs] [Times: user=0.11 sys=0.00, real=0.02 secs] 
2020-09-29T17:48:27.097+0200: 3.518: [GC (Allocation Failure) [PSYoungGen: 611845K->35716K(642560K)] 612273K->36144K(2040832K), 0.0180983 secs] [Times: user=0.25 sys=0.00, real=0.02 secs] 
2020-09-29T17:48:27.166+0200: 3.588: [GC (Allocation Failure) [PSYoungGen: 619908K->30308K(640512K)] 620336K->30736K(2038784K), 0.0153197 secs] [Times: user=0.13 sys=0.00, real=0.02 secs] 
2020-09-29T17:48:27.233+0200: 3.654: [GC (Allocation Failure) [PSYoungGen: 614500K->26564K(643584K)] 614928K->26992K(2041856K), 0.0138388 secs] [Times: user=0.13 sys=0.00, real=0.01 secs] 
2020-09-29T17:48:27.308+0200: 3.729: [GC (Allocation Failure) [PSYoungGen: 614852K->40164K(643584K)] 615280K->40592K(2041856K), 0.0200319 secs] [Times: user=0.13 sys=0.00, real=0.02 secs] 
2020-09-29T17:48:27.385+0200: 3.806: [GC (Allocation Failure) [PSYoungGen: 628452K->39524K(644096K)] 628880K->39952K(2042368K), 0.0142619 secs] [Times: user=0.13 sys=0.00, real=0.01 secs] 
2020-09-29T17:48:27.451+0200: 3.872: [GC (Allocation Failure) [PSYoungGen: 628324K->26052K(643584K)] 628752K->26480K(2041856K), 0.0105224 secs] [Times: user=0.13 sys=0.00, real=0.01 secs] 
2020-09-29T17:48:27.512+0200: 3.933: [GC (Allocation Failure) [PSYoungGen: 614852K->26404K(644608K)] 615280K->26832K(2042880K), 0.0104804 secs] [Times: user=0.13 sys=0.00, real=0.01 secs] 
2020-09-29T17:48:27.584+0200: 4.005: [GC (Allocation Failure) [PSYoungGen: 616740K->28901K(644608K)] 617168K->29329K(2042880K), 0.0115159 secs] [Times: user=0.00 sys=0.00, real=0.01 secs] 
2020-09-29T17:48:27.651+0200: 4.072: [GC (Allocation Failure) [PSYoungGen: 619237K->45029K(641536K)] 619665K->45457K(2039808K), 0.0155464 secs] [Times: user=0.13 sys=0.00, real=0.01 secs] 
2020-09-29T17:48:27.718+0200: 4.139: [GC (Allocation Failure) [PSYoungGen: 633317K->31685K(643584K)] 633745K->32113K(2041856K), 0.0107051 secs] [Times: user=0.13 sys=0.00, real=0.01 secs] 
2020-09-29T17:48:27.783+0200: 4.205: [GC (Allocation Failure) [PSYoungGen: 619973K->30725K(646144K)] 620401K->31153K(2044416K), 0.0112851 secs] [Times: user=0.11 sys=0.00, real=0.01 secs] 
2020-09-29T17:48:27.850+0200: 4.271: [GC (Allocation Failure) [PSYoungGen: 623109K->19300K(645120K)] 623537K->19728K(2043392K), 0.0070806 secs] [Times: user=0.00 sys=0.00, real=0.01 secs] 
2020-09-29T17:48:27.908+0200: 4.330: [GC (Allocation Failure) [PSYoungGen: 611684K->51141K(636416K)] 612112K->51569K(2034688K), 0.0176361 secs] [Times: user=0.13 sys=0.00, real=0.02 secs] 
2020-09-29T17:48:27.976+0200: 4.398: [GC (Allocation Failure) [PSYoungGen: 634309K->46373K(629760K)] 634737K->46801K(2028032K), 0.0155934 secs] [Times: user=0.13 sys=0.00, real=0.02 secs] 
2020-09-29T17:48:28.045+0200: 4.466: [GC (Allocation Failure) [PSYoungGen: 629541K->41637K(638976K)] 629969K->42065K(2037248K), 0.0140812 secs] [Times: user=0.13 sys=0.00, real=0.01 secs] 
2020-09-29T17:48:28.114+0200: 4.535: [GC (Allocation Failure) [PSYoungGen: 620709K->46501K(625664K)] 621137K->46929K(2023936K), 0.0157641 secs] [Times: user=0.02 sys=0.00, real=0.02 secs] 
2020-09-29T17:48:28.180+0200: 4.601: [GC (Allocation Failure) [PSYoungGen: 625573K->37637K(640000K)] 626001K->38065K(2038272K), 0.0132167 secs] [Times: user=0.13 sys=0.00, real=0.01 secs] 
2020-09-29T17:48:28.244+0200: 4.666: [GC (Allocation Failure) [PSYoungGen: 616197K->41412K(637440K)] 616625K->41840K(2035712K), 0.0147646 secs] [Times: user=0.13 sys=0.00, real=0.02 secs] 
2020-09-29T17:48:28.311+0200: 4.732: [GC (Allocation Failure) [PSYoungGen: 619972K->31012K(641536K)] 620400K->31440K(2039808K), 0.0114501 secs] [Times: user=0.13 sys=0.00, real=0.01 secs] 
2020-09-29T17:48:28.380+0200: 4.801: [GC (Allocation Failure) [PSYoungGen: 614180K->53605K(636928K)] 614608K->54033K(2035200K), 0.0194326 secs] [Times: user=0.13 sys=0.00, real=0.02 secs] 
2020-09-29T17:48:28.452+0200: 4.874: [GC (Allocation Failure) [PSYoungGen: 636773K->48869K(634368K)] 637201K->49297K(2032640K), 0.0187668 secs] [Times: user=0.13 sys=0.00, real=0.02 secs] 
2020-09-29T17:48:28.523+0200: 4.944: [GC (Allocation Failure) [PSYoungGen: 621797K->32900K(635904K)] 622225K->33328K(2034176K), 0.0126148 secs] [Times: user=0.00 sys=0.00, real=0.01 secs] 
2020-09-29T17:48:28.587+0200: 5.008: [GC (Allocation Failure) [PSYoungGen: 605828K->31621K(637952K)] 606256K->32049K(2036224K), 0.0123476 secs] [Times: user=0.11 sys=0.00, real=0.01 secs] 
2020-09-29T17:48:28.652+0200: 5.073: [GC (Allocation Failure) [PSYoungGen: 607621K->33317K(636928K)] 608049K->33745K(2035200K), 0.0119811 secs] [Times: user=0.13 sys=0.00, real=0.01 secs] 
2020-09-29T17:48:28.715+0200: 5.136: [GC (Allocation Failure) [PSYoungGen: 609317K->48773K(635392K)] 609745K->49201K(2033664K), 0.0164374 secs] [Times: user=0.13 sys=0.00, real=0.02 secs] 
2020-09-29T17:48:28.782+0200: 5.203: [GC (Allocation Failure) [PSYoungGen: 624773K->50501K(626688K)] 625201K->50929K(2024960K), 0.0167792 secs] [Times: user=0.13 sys=0.00, real=0.02 secs] 
2020-09-29T17:48:28.850+0200: 5.271: [GC (Allocation Failure) [PSYoungGen: 626501K->37892K(637440K)] 626929K->38320K(2035712K), 0.0139920 secs] [Times: user=0.13 sys=0.00, real=0.01 secs] 
2020-09-29T17:48:28.913+0200: 5.334: [GC (Allocation Failure) [PSYoungGen: 611844K->37540K(635392K)] 612272K->37968K(2033664K), 0.0145071 secs] [Times: user=0.13 sys=0.00, real=0.01 secs] 
2020-09-29T17:48:28.981+0200: 5.402: [GC (Allocation Failure) [PSYoungGen: 611492K->19556K(635904K)] 611920K->19984K(2034176K), 0.0077354 secs] [Times: user=0.00 sys=0.00, real=0.01 secs] 
2020-09-29T17:48:29.040+0200: 5.461: [GC (Allocation Failure) [PSYoungGen: 595556K->34981K(637440K)] 595984K->35409K(2035712K), 0.0124785 secs] [Times: user=0.13 sys=0.00, real=0.01 secs] 
2020-09-29T17:48:29.105+0200: 5.527: [GC (Allocation Failure) [PSYoungGen: 610981K->50501K(634368K)] 611409K->50929K(2032640K), 0.0172555 secs] [Times: user=0.13 sys=0.00, real=0.02 secs] 
2020-09-29T17:48:29.172+0200: 5.593: [GC (Allocation Failure) [PSYoungGen: 625477K->21251K(596480K)] 625905K->21679K(1994752K), 0.0085382 secs] [Times: user=0.13 sys=0.00, real=0.01 secs] 
2020-09-29T17:48:29.232+0200: 5.653: [GC (Allocation Failure) [PSYoungGen: 596227K->33988K(638464K)] 596655K->34416K(2036736K), 0.0122332 secs] [Times: user=0.13 sys=0.00, real=0.01 secs] 
2020-09-29T17:48:29.295+0200: 5.716: [GC (Allocation Failure) [PSYoungGen: 609988K->20099K(636416K)] 610416K->20527K(2034688K), 0.0086688 secs] [Times: user=0.13 sys=0.00, real=0.01 secs] 
2020-09-29T17:48:29.353+0200: 5.774: [GC (Allocation Failure) [PSYoungGen: 596099K->34980K(640512K)] 596527K->35408K(2038784K), 0.0127294 secs] [Times: user=0.13 sys=0.00, real=0.01 secs] 
2020-09-29T17:48:29.418+0200: 5.839: [GC (Allocation Failure) [PSYoungGen: 614564K->24804K(637952K)] 614992K->25232K(2036224K), 0.0089737 secs] [Times: user=0.00 sys=0.03, real=0.01 secs] 
2020-09-29T17:48:29.478+0200: 5.899: [GC (Allocation Failure) [PSYoungGen: 604388K->30149K(642560K)] 604816K->30577K(2040832K), 0.0113757 secs] [Times: user=0.13 sys=0.00, real=0.01 secs] 
2020-09-29T17:48:29.546+0200: 5.967: [GC (Allocation Failure) [PSYoungGen: 614853K->26436K(641024K)] 615281K->26864K(2039296K), 0.0105372 secs] [Times: user=0.13 sys=0.00, real=0.01 secs] 
2020-09-29T17:48:29.612+0200: 6.033: [GC (Allocation Failure) [PSYoungGen: 611140K->36132K(644608K)] 611568K->36560K(2042880K), 0.0134262 secs] [Times: user=0.11 sys=0.00, real=0.01 secs] 
2020-09-29T17:48:29.678+0200: 6.099: [GC (Allocation Failure) [PSYoungGen: 625444K->33956K(643584K)] 625872K->34384K(2041856K), 0.0127114 secs] [Times: user=0.00 sys=0.00, real=0.01 secs] 
2020-09-29T17:48:29.742+0200: 6.163: [GC (Allocation Failure) [PSYoungGen: 623268K->35301K(647680K)] 623696K->35729K(2045952K), 0.0124250 secs] [Times: user=0.00 sys=0.00, real=0.01 secs] 
2020-09-29T17:48:29.806+0200: 6.227: [GC (Allocation Failure) [PSYoungGen: 630757K->42853K(638464K)] 631185K->43281K(2036736K), 0.0148063 secs] [Times: user=0.13 sys=0.00, real=0.02 secs] 
2020-09-29T17:48:29.873+0200: 6.294: [GC (Allocation Failure) [PSYoungGen: 638250K->5955K(640000K)] 638678K->6383K(2038272K), 0.0025509 secs] [Times: user=0.00 sys=0.00, real=0.00 secs] 
2020-09-29T17:48:29.926+0200: 6.347: [GC (Allocation Failure) [PSYoungGen: 593219K->32420K(643072K)] 593647K->32848K(2041344K), 0.0122215 secs] [Times: user=0.11 sys=0.00, real=0.01 secs] 
2020-09-29T17:48:29.989+0200: 6.410: [GC (Allocation Failure) [PSYoungGen: 619684K->31813K(647168K)] 620112K->32241K(2045440K), 0.0117636 secs] [Times: user=0.00 sys=0.00, real=0.01 secs] 
2020-09-29T17:48:30.054+0200: 6.475: [GC (Allocation Failure) [PSYoungGen: 625221K->51013K(644608K)] 625649K->51441K(2042880K), 0.0171621 secs] [Times: user=0.13 sys=0.00, real=0.02 secs] 
2020-09-29T17:48:30.122+0200: 6.543: [GC (Allocation Failure) [PSYoungGen: 644421K->42821K(637440K)] 644849K->43249K(2035712K), 0.0145124 secs] [Times: user=0.13 sys=0.00, real=0.02 secs] 
2020-09-29T17:48:30.188+0200: 6.609: [GC (Allocation Failure) [PSYoungGen: 625989K->38053K(641024K)] 626417K->38481K(2039296K), 0.0134009 secs] [Times: user=0.13 sys=0.00, real=0.01 secs] 
2020-09-29T17:48:30.253+0200: 6.674: [GC (Allocation Failure) [PSYoungGen: 621221K->33317K(643584K)] 621649K->33745K(2041856K), 0.0119371 secs] [Times: user=0.13 sys=0.00, real=0.01 secs] 
2020-09-29T17:48:30.320+0200: 6.741: [GC (Allocation Failure) [PSYoungGen: 620069K->16739K(642048K)] 620497K->17167K(2040320K), 0.0070404 secs] [Times: user=0.00 sys=0.00, real=0.01 secs] 
2020-09-29T17:48:30.379+0200: 6.800: [GC (Allocation Failure) [PSYoungGen: 603491K->14083K(641536K)] 603919K->14511K(2039808K), 0.0057424 secs] [Times: user=0.13 sys=0.00, real=0.01 secs] 
2020-09-29T17:48:30.437+0200: 6.858: [GC (Allocation Failure) [PSYoungGen: 599299K->38757K(624128K)] 599727K->39185K(2022400K), 0.0126592 secs] [Times: user=0.13 sys=0.00, real=0.01 secs] 
2020-09-29T17:48:30.501+0200: 6.922: [GC (Allocation Failure) [PSYoungGen: 623973K->33284K(643584K)] 624401K->33712K(2041856K), 0.0129977 secs] [Times: user=0.11 sys=0.00, real=0.01 secs] 
2020-09-29T17:48:30.565+0200: 6.986: [GC (Allocation Failure) [PSYoungGen: 619524K->16515K(641536K)] 619952K->16943K(2039808K), 0.0072825 secs] [Times: user=0.11 sys=0.00, real=0.01 secs] 
2020-09-29T17:48:30.626+0200: 7.048: [GC (Allocation Failure) [PSYoungGen: 602755K->27556K(645120K)] 603183K->27984K(2043392K), 0.0107729 secs] [Times: user=0.13 sys=0.00, real=0.01 secs] 
2020-09-29T17:48:30.688+0200: 7.109: [GC (Allocation Failure) [PSYoungGen: 616868K->53733K(643072K)] 617296K->56681K(2041344K), 0.0192397 secs] [Times: user=0.13 sys=0.00, real=0.02 secs] 
2020-09-29T17:48:30.760+0200: 7.181: [GC (Allocation Failure) [PSYoungGen: 643045K->28709K(636928K)] 645993K->31657K(2035200K), 0.0108829 secs] [Times: user=0.13 sys=0.00, real=0.01 secs] 
2020-09-29T17:48:30.820+0200: 7.241: [GC (Allocation Failure) [PSYoungGen: 609829K->35492K(640000K)] 612777K->38440K(2038272K), 0.0133689 secs] [Times: user=0.13 sys=0.00, real=0.01 secs] 
2020-09-29T17:48:30.885+0200: 7.306: [GC (Allocation Failure) [PSYoungGen: 616612K->42437K(639488K)] 619560K->45385K(2037760K), 0.0152696 secs] [Times: user=0.13 sys=0.00, real=0.02 secs] 
2020-09-29T17:48:30.954+0200: 7.375: [GC (Allocation Failure) [PSYoungGen: 624581K->35812K(640512K)] 627529K->38760K(2038784K), 0.0155975 secs] [Times: user=0.11 sys=0.00, real=0.02 secs] 
2020-09-29T17:48:31.023+0200: 7.444: [GC (Allocation Failure) [PSYoungGen: 617956K->43717K(638976K)] 620904K->46665K(2037248K), 0.0177974 secs] [Times: user=0.13 sys=0.00, real=0.02 secs] 
2020-09-29T17:48:31.093+0200: 7.514: [GC (Allocation Failure) [PSYoungGen: 625861K->37636K(640512K)] 628809K->40584K(2038784K), 0.0136046 secs] [Times: user=0.13 sys=0.00, real=0.01 secs] 
2020-09-29T17:48:31.157+0200: 7.578: [GC (Allocation Failure) [PSYoungGen: 619780K->31748K(643584K)] 622728K->34696K(2041856K), 0.0118805 secs] [Times: user=0.13 sys=0.00, real=0.01 secs] 
2020-09-29T17:48:31.223+0200: 7.644: [GC (Allocation Failure) [PSYoungGen: 618500K->30211K(642048K)] 621448K->33159K(2040320K), 0.0118188 secs] [Times: user=0.13 sys=0.00, real=0.01 secs] 
2020-09-29T17:48:31.286+0200: 7.707: [GC (Allocation Failure) [PSYoungGen: 616963K->54245K(632320K)] 619911K->59201K(2030592K), 0.0191592 secs] [Times: user=0.13 sys=0.00, real=0.02 secs] 
2020-09-29T17:48:31.354+0200: 7.776: [GC (Allocation Failure) [PSYoungGen: 632293K->46533K(624640K)] 637249K->51489K(2022912K), 0.0161461 secs] [Times: user=0.13 sys=0.00, real=0.02 secs] 
2020-09-29T17:48:31.420+0200: 7.841: [GC (Allocation Failure) [PSYoungGen: 624581K->36613K(639488K)] 629537K->41569K(2037760K), 0.0123977 secs] [Times: user=0.13 sys=0.00, real=0.01 secs] 
2020-09-29T17:48:31.485+0200: 7.906: [GC (Allocation Failure) [PSYoungGen: 614661K->26212K(637440K)] 619617K->31168K(2035712K), 0.0111830 secs] [Times: user=0.13 sys=0.00, real=0.01 secs] 
2020-09-29T17:48:31.549+0200: 7.970: [GC (Allocation Failure) [PSYoungGen: 604260K->43717K(639488K)] 609216K->48673K(2037760K), 0.0149955 secs] [Times: user=0.13 sys=0.00, real=0.01 secs] 
2020-09-29T17:48:31.616+0200: 8.038: [GC (Allocation Failure) [PSYoungGen: 623813K->34468K(639488K)] 628769K->39424K(2037760K), 0.0136546 secs] [Times: user=0.11 sys=0.00, real=0.01 secs] 
2020-09-29T17:48:31.682+0200: 8.104: [GC (Allocation Failure) [PSYoungGen: 614564K->24963K(641024K)] 619520K->29919K(2039296K), 0.0101580 secs] [Times: user=0.13 sys=0.00, real=0.01 secs] 
2020-09-29T17:48:31.743+0200: 8.165: [GC (Allocation Failure) [PSYoungGen: 608131K->18660K(602112K)] 613087K->23616K(2000384K), 0.0072722 secs] [Times: user=0.00 sys=0.00, real=0.01 secs] 
2020-09-29T17:48:31.807+0200: 8.228: [GC (Allocation Failure) [PSYoungGen: 601828K->41189K(639488K)] 606784K->46145K(2037760K), 0.0145337 secs] [Times: user=0.13 sys=0.00, real=0.01 secs] 
2020-09-29T17:48:31.876+0200: 8.297: [GC (Allocation Failure) [PSYoungGen: 622309K->34405K(640000K)] 627265K->39361K(2038272K), 0.0113378 secs] [Times: user=0.13 sys=0.00, real=0.01 secs] 
2020-09-29T17:48:31.939+0200: 8.360: [GC (Allocation Failure) [PSYoungGen: 615525K->40932K(642560K)] 620481K->45888K(2040832K), 0.0160290 secs] [Times: user=0.11 sys=0.00, real=0.02 secs] 
2020-09-29T17:48:32.008+0200: 8.429: [GC (Allocation Failure) [PSYoungGen: 627172K->52901K(639488K)] 632128K->57857K(2037760K), 0.0183232 secs] [Times: user=0.13 sys=0.00, real=0.02 secs] 
2020-09-29T17:48:32.076+0200: 8.498: [GC (Allocation Failure) [PSYoungGen: 639141K->37573K(640000K)] 644097K->42529K(2038272K), 0.0132825 secs] [Times: user=0.13 sys=0.00, real=0.01 secs] 
2020-09-29T17:48:32.140+0200: 8.561: [GC (Allocation Failure) [PSYoungGen: 618181K->43973K(639488K)] 623137K->48929K(2037760K), 0.0153031 secs] [Times: user=0.13 sys=0.00, real=0.01 secs] 
2020-09-29T17:48:32.207+0200: 8.628: [GC (Allocation Failure) [PSYoungGen: 624581K->50373K(634368K)] 629537K->55329K(2032640K), 0.0173106 secs] [Times: user=0.25 sys=0.00, real=0.02 secs] 
2020-09-29T17:48:32.273+0200: 8.695: [GC (Allocation Failure) [PSYoungGen: 625349K->37381K(636928K)] 630305K->42337K(2035200K), 0.0130327 secs] [Times: user=0.13 sys=0.00, real=0.01 secs] 
2020-09-29T17:48:32.341+0200: 8.762: [GC (Allocation Failure) [PSYoungGen: 612357K->38149K(641024K)] 617313K->43105K(2039296K), 0.0130427 secs] [Times: user=0.13 sys=0.00, real=0.01 secs] 
2020-09-29T17:48:32.403+0200: 8.825: [GC (Allocation Failure) [PSYoungGen: 619269K->15459K(638976K)] 624225K->20415K(2037248K), 0.0069440 secs] [Times: user=0.00 sys=0.00, real=0.01 secs] 
2020-09-29T17:48:32.460+0200: 8.881: [GC (Allocation Failure) [PSYoungGen: 596579K->33764K(641024K)] 601535K->38720K(2039296K), 0.0130580 secs] [Times: user=0.13 sys=0.00, real=0.01 secs] 
2020-09-29T17:48:32.523+0200: 8.944: [GC (Allocation Failure) [PSYoungGen: 614884K->40549K(638976K)] 619840K->45505K(2037248K), 0.0147331 secs] [Times: user=0.13 sys=0.00, real=0.02 secs] 
2020-09-29T17:48:32.589+0200: 9.011: [GC (Allocation Failure) [PSYoungGen: 621669K->33765K(643072K)] 626625K->38721K(2041344K), 0.0145967 secs] [Times: user=0.09 sys=0.00, real=0.02 secs] 
2020-09-29T17:48:32.657+0200: 9.078: [GC (Allocation Failure) [PSYoungGen: 619493K->45253K(641536K)] 624449K->50209K(2039808K), 0.0149807 secs] [Times: user=0.13 sys=0.00, real=0.01 secs] 
2020-09-29T17:48:32.722+0200: 9.143: [GC (Allocation Failure) [PSYoungGen: 630981K->27685K(642048K)] 635937K->32641K(2040320K), 0.0097576 secs] [Times: user=0.13 sys=0.00, real=0.01 secs] 
2020-09-29T17:48:32.785+0200: 9.206: [GC (Allocation Failure) [PSYoungGen: 612389K->38085K(641536K)] 617345K->43041K(2039808K), 0.0127397 secs] [Times: user=0.13 sys=0.00, real=0.01 secs] 
2020-09-29T17:48:32.848+0200: 9.269: [GC (Allocation Failure) [PSYoungGen: 622789K->33669K(644608K)] 627745K->38625K(2042880K), 0.0127734 secs] [Times: user=0.00 sys=0.00, real=0.01 secs] 
2020-09-29T17:48:32.911+0200: 9.333: [GC (Allocation Failure) [PSYoungGen: 622469K->34501K(643072K)] 627425K->39457K(2041344K), 0.0121725 secs] [Times: user=0.00 sys=0.00, real=0.01 secs] 
2020-09-29T17:48:32.976+0200: 9.398: [GC (Allocation Failure) [PSYoungGen: 623301K->49125K(640000K)] 628257K->54081K(2038272K), 0.0172418 secs] [Times: user=0.13 sys=0.00, real=0.02 secs] 
2020-09-29T17:48:33.045+0200: 9.466: [GC (Allocation Failure) [PSYoungGen: 636389K->34500K(643072K)] 641345K->39456K(2041344K), 0.0135119 secs] [Times: user=0.13 sys=0.00, real=0.01 secs] 
2020-09-29T17:48:33.109+0200: 9.530: [GC (Allocation Failure) [PSYoungGen: 621764K->33348K(645632K)] 626720K->38304K(2043904K), 0.0122821 secs] [Times: user=0.13 sys=0.00, real=0.01 secs] 
2020-09-29T17:48:33.173+0200: 9.594: [GC (Allocation Failure) [PSYoungGen: 624196K->34789K(644096K)] 629152K->39745K(2042368K), 0.0122542 secs] [Times: user=0.11 sys=0.00, real=0.01 secs] 
2020-09-29T17:48:33.237+0200: 9.658: [GC (Allocation Failure) [PSYoungGen: 625637K->37733K(647680K)] 630593K->42689K(2045952K), 0.0134452 secs] [Times: user=0.13 sys=0.00, real=0.01 secs] 
2020-09-29T17:48:33.301+0200: 9.723: [GC (Allocation Failure) [PSYoungGen: 633189K->45221K(641024K)] 638145K->50177K(2039296K), 0.0160501 secs] [Times: user=0.13 sys=0.00, real=0.02 secs] 
2020-09-29T17:48:33.368+0200: 9.789: [GC (Allocation Failure) [PSYoungGen: 640677K->20836K(643072K)] 645633K->25792K(2041344K), 0.0082330 secs] [Times: user=0.00 sys=0.00, real=0.01 secs] 
2020-09-29T17:48:33.426+0200: 9.848: [GC (Allocation Failure) [PSYoungGen: 611172K->20324K(610816K)] 616128K->25280K(2009088K), 0.0078898 secs] [Times: user=0.00 sys=0.00, real=0.01 secs] 
2020-09-29T17:48:33.485+0200: 9.906: [GC (Allocation Failure) [PSYoungGen: 610660K->50149K(635904K)] 615616K->55105K(2034176K), 0.0170652 secs] [Times: user=0.13 sys=0.00, real=0.02 secs] 
2020-09-29T17:48:33.552+0200: 9.973: [GC (Allocation Failure) [PSYoungGen: 631269K->28356K(640000K)] 636225K->33312K(2038272K), 0.0109020 secs] [Times: user=0.00 sys=0.00, real=0.01 secs] 
2020-09-29T17:48:33.614+0200: 10.036: [GC (Allocation Failure) [PSYoungGen: 609476K->48869K(635904K)] 614432K->53825K(2034176K), 0.0183788 secs] [Times: user=0.11 sys=0.00, real=0.02 secs] 
2020-09-29T17:48:33.682+0200: 10.104: [GC (Allocation Failure) [PSYoungGen: 626917K->38981K(638464K)] 631873K->43937K(2036736K), 0.0140663 secs] [Times: user=0.13 sys=0.00, real=0.01 secs] 
2020-09-29T17:48:33.746+0200: 10.168: [GC (Allocation Failure) [PSYoungGen: 617029K->56549K(629248K)] 621985K->61505K(2027520K), 0.0187630 secs] [Times: user=0.13 sys=0.00, real=0.02 secs] 
2020-09-29T17:48:33.815+0200: 10.236: [GC (Allocation Failure) [PSYoungGen: 626405K->52197K(622080K)] 631361K->57153K(2020352K), 0.0178556 secs] [Times: user=0.14 sys=0.00, real=0.02 secs] 
2020-09-29T17:48:33.881+0200: 10.302: [GC (Allocation Failure) [PSYoungGen: 622053K->18499K(630272K)] 627009K->23455K(2028544K), 0.0073096 secs] [Times: user=0.00 sys=0.00, real=0.01 secs] 
2020-09-29T17:48:33.937+0200: 10.358: [GC (Allocation Failure) [PSYoungGen: 582211K->49029K(612864K)] 587167K->53985K(2011136K), 0.0174967 secs] [Times: user=0.11 sys=0.00, real=0.02 secs] 
2020-09-29T17:48:34.005+0200: 10.427: [GC (Allocation Failure) [PSYoungGen: 612741K->20836K(629760K)] 617697K->25792K(2028032K), 0.0092585 secs] [Times: user=0.00 sys=0.00, real=0.01 secs] 
2020-09-29T17:48:34.064+0200: 10.485: [GC (Allocation Failure) [PSYoungGen: 581476K->34404K(629760K)] 586432K->39360K(2028032K), 0.0130166 secs] [Times: user=0.13 sys=0.00, real=0.01 secs] 
2020-09-29T17:48:34.124+0200: 10.546: [GC (Allocation Failure) [PSYoungGen: 595044K->48133K(630272K)] 600000K->53089K(2028544K), 0.0158390 secs] [Times: user=0.13 sys=0.00, real=0.02 secs] 
2020-09-29T17:48:34.189+0200: 10.611: [GC (Allocation Failure) [PSYoungGen: 611845K->37637K(631296K)] 616801K->42593K(2029568K), 0.0131512 secs] [Times: user=0.13 sys=0.00, real=0.01 secs] 
2020-09-29T17:48:34.251+0200: 10.673: [GC (Allocation Failure) [PSYoungGen: 601349K->40101K(635904K)] 606305K->45057K(2034176K), 0.0137307 secs] [Times: user=0.13 sys=0.00, real=0.01 secs] 
2020-09-29T17:48:34.315+0200: 10.736: [GC (Allocation Failure) [PSYoungGen: 611493K->36965K(634368K)] 616449K->41921K(2032640K), 0.0134478 secs] [Times: user=0.13 sys=0.00, real=0.01 secs] 
2020-09-29T17:48:34.377+0200: 10.798: [GC (Allocation Failure) [PSYoungGen: 608357K->47813K(635392K)] 613313K->52769K(2033664K), 0.0161324 secs] [Times: user=0.13 sys=0.00, real=0.02 secs] 
2020-09-29T17:48:34.443+0200: 10.864: [GC (Allocation Failure) [PSYoungGen: 622789K->48549K(623616K)] 627745K->53505K(2021888K), 0.0167484 secs] [Times: user=0.13 sys=0.00, real=0.02 secs] 
2020-09-29T17:48:34.510+0200: 10.932: [GC (Allocation Failure) [PSYoungGen: 623525K->34372K(636928K)] 628481K->39328K(2035200K), 0.0126398 secs] [Times: user=0.13 sys=0.00, real=0.01 secs] 
2020-09-29T17:48:34.576+0200: 10.997: [GC (Allocation Failure) [PSYoungGen: 607812K->47333K(635392K)] 612768K->52289K(2033664K), 0.0171590 secs] [Times: user=0.11 sys=0.00, real=0.02 secs] 
2020-09-29T17:48:34.645+0200: 11.066: [GC (Allocation Failure) [PSYoungGen: 620773K->31812K(636928K)] 625729K->36768K(2035200K), 0.0116777 secs] [Times: user=0.00 sys=0.00, real=0.01 secs] 
2020-09-29T17:48:34.709+0200: 11.130: [GC (Allocation Failure) [PSYoungGen: 606276K->44836K(636416K)] 611232K->49792K(2034688K), 0.0161241 secs] [Times: user=0.13 sys=0.00, real=0.02 secs] 
2020-09-29T17:48:34.775+0200: 11.197: [GC (Allocation Failure) [PSYoungGen: 619300K->31364K(637952K)] 624256K->36320K(2036224K), 0.0135252 secs] [Times: user=0.13 sys=0.00, real=0.01 secs] 
2020-09-29T17:48:34.841+0200: 11.263: [GC (Allocation Failure) [PSYoungGen: 607876K->17603K(594432K)] 612832K->22559K(1992704K), 0.0093755 secs] [Times: user=0.11 sys=0.00, real=0.01 secs] 
2020-09-29T17:48:34.907+0200: 11.328: [GC (Allocation Failure) [PSYoungGen: 594115K->31780K(637952K)] 599071K->36736K(2036224K), 0.0134089 secs] [Times: user=0.13 sys=0.00, real=0.01 secs] 
2020-09-29T17:48:34.971+0200: 11.393: [GC (Allocation Failure) [PSYoungGen: 607268K->33061K(636416K)] 612224K->38017K(2034688K), 0.0118832 secs] [Times: user=0.13 sys=0.00, real=0.01 secs] 
2020-09-29T17:48:35.036+0200: 11.457: [GC (Allocation Failure) [PSYoungGen: 608549K->48037K(635904K)] 613505K->52993K(2034176K), 0.0175498 secs] [Times: user=0.13 sys=0.00, real=0.02 secs] 
2020-09-29T17:48:35.104+0200: 11.526: [GC (Allocation Failure) [PSYoungGen: 625061K->37093K(637952K)] 630017K->42049K(2036224K), 0.0129861 secs] [Times: user=0.13 sys=0.00, real=0.01 secs] 
2020-09-29T17:48:35.167+0200: 11.588: [GC (Allocation Failure) [PSYoungGen: 614117K->39973K(641024K)] 619073K->44929K(2039296K), 0.0138194 secs] [Times: user=0.13 sys=0.00, real=0.01 secs] 
2020-09-29T17:48:35.231+0200: 11.653: [GC (Allocation Failure) [PSYoungGen: 622117K->16483K(599040K)] 627073K->21439K(1997312K), 0.0071966 secs] [Times: user=0.02 sys=0.00, real=0.01 secs] 
2020-09-29T17:48:35.290+0200: 11.712: [GC (Allocation Failure) [PSYoungGen: 598627K->36292K(641536K)] 603583K->41248K(2039808K), 0.0134991 secs] [Times: user=0.13 sys=0.00, real=0.01 secs] 
2020-09-29T17:48:35.354+0200: 11.776: [GC (Allocation Failure) [PSYoungGen: 618436K->44293K(639488K)] 623392K->49249K(2037760K), 0.0147358 secs] [Times: user=0.13 sys=0.00, real=0.01 secs] 
2020-09-29T17:48:35.420+0200: 11.841: [GC (Allocation Failure) [PSYoungGen: 626437K->24612K(640512K)] 631393K->29568K(2038784K), 0.0091728 secs] [Times: user=0.13 sys=0.00, real=0.01 secs] 
2020-09-29T17:48:35.480+0200: 11.902: [GC (Allocation Failure) [PSYoungGen: 606756K->32228K(640512K)] 611712K->37184K(2038784K), 0.0122332 secs] [Times: user=0.13 sys=0.00, real=0.01 secs] 
2020-09-29T17:48:35.543+0200: 11.965: [GC (Allocation Failure) [PSYoungGen: 614372K->53797K(632320K)] 619328K->58753K(2030592K), 0.0183843 secs] [Times: user=0.13 sys=0.00, real=0.02 secs] 
2020-09-29T17:48:35.613+0200: 12.035: [GC (Allocation Failure) [PSYoungGen: 629797K->26979K(637440K)] 634753K->31935K(2035712K), 0.0118123 secs] [Times: user=0.09 sys=0.02, real=0.01 secs] 
2020-09-29T17:48:35.674+0200: 12.096: [GC (Allocation Failure) [PSYoungGen: 602979K->27300K(639488K)] 607935K->32256K(2037760K), 0.0103982 secs] [Times: user=0.13 sys=0.00, real=0.01 secs] 
2020-09-29T17:48:35.739+0200: 12.161: [GC (Allocation Failure) [PSYoungGen: 606372K->32036K(638464K)] 611328K->36992K(2036736K), 0.0115162 secs] [Times: user=0.00 sys=0.00, real=0.01 secs] 
2020-09-29T17:48:35.808+0200: 12.230: [GC (Allocation Failure) [PSYoungGen: 611108K->50565K(633344K)] 616064K->55521K(2031616K), 0.0167897 secs] [Times: user=0.13 sys=0.00, real=0.02 secs] 
2020-09-29T17:48:35.874+0200: 12.296: [GC (Allocation Failure) [PSYoungGen: 626565K->38661K(637440K)] 631521K->43617K(2035712K), 0.0138815 secs] [Times: user=0.13 sys=0.00, real=0.01 secs] 
2020-09-29T17:48:35.937+0200: 12.359: [GC (Allocation Failure) [PSYoungGen: 614661K->24164K(639488K)] 619617K->29120K(2037760K), 0.0092341 secs] [Times: user=0.11 sys=0.00, real=0.01 secs] 
2020-09-29T17:48:35.997+0200: 12.419: [GC (Allocation Failure) [PSYoungGen: 604260K->30053K(639488K)] 609216K->35009K(2037760K), 0.0108686 secs] [Times: user=0.13 sys=0.00, real=0.01 secs] 
2020-09-29T17:48:36.059+0200: 12.481: [GC (Allocation Failure) [PSYoungGen: 610004K->21668K(641024K)] 614960K->26624K(2039296K), 0.0093946 secs] [Times: user=0.13 sys=0.00, real=0.01 secs] 
2020-09-29T17:48:36.119+0200: 12.541: [GC (Allocation Failure) [PSYoungGen: 604836K->29668K(641024K)] 609792K->34624K(2039296K), 0.0115946 secs] [Times: user=0.13 sys=0.00, real=0.01 secs] 
2020-09-29T17:48:36.183+0200: 12.605: [GC (Allocation Failure) [PSYoungGen: 612836K->38597K(643072K)] 617792K->43553K(2041344K), 0.0130985 secs] [Times: user=0.13 sys=0.00, real=0.01 secs] 
2020-09-29T17:48:36.248+0200: 12.670: [GC (Allocation Failure) [PSYoungGen: 625349K->35332K(642560K)] 630305K->40288K(2040832K), 0.0134459 secs] [Times: user=0.13 sys=0.00, real=0.01 secs] 
2020-09-29T17:48:36.312+0200: 12.733: [GC (Allocation Failure) [PSYoungGen: 622084K->19876K(643584K)] 627040K->24832K(2041856K), 0.0076066 secs] [Times: user=0.13 sys=0.00, real=0.01 secs] 
2020-09-29T17:48:36.373+0200: 12.795: [GC (Allocation Failure) [PSYoungGen: 609188K->34948K(644096K)] 614144K->39904K(2042368K), 0.0125146 secs] [Times: user=0.13 sys=0.00, real=0.01 secs] 
2020-09-29T17:48:36.436+0200: 12.858: [GC (Allocation Failure) [PSYoungGen: 624260K->36325K(646144K)] 629216K->41281K(2044416K), 0.0130025 secs] [Times: user=0.13 sys=0.00, real=0.01 secs] 
2020-09-29T17:48:36.501+0200: 12.922: [GC (Allocation Failure) [PSYoungGen: 629221K->26467K(645632K)] 634177K->31423K(2043904K), 0.0109042 secs] [Times: user=0.13 sys=0.00, real=0.01 secs] 
2020-09-29T17:48:36.562+0200: 12.984: [GC (Allocation Failure) [PSYoungGen: 619363K->29795K(648704K)] 624319K->34751K(2046976K), 0.0131678 secs] [Times: user=0.11 sys=0.00, real=0.01 secs] 
2020-09-29T17:48:36.628+0200: 13.050: [GC (Allocation Failure) [PSYoungGen: 626787K->25060K(647168K)] 631743K->30016K(2045440K), 0.0108229 secs] [Times: user=0.00 sys=0.02, real=0.01 secs] 
2020-09-29T17:48:36.693+0200: 13.115: [GC (Allocation Failure) [PSYoungGen: 622052K->31620K(650752K)] 627008K->36576K(2049024K), 0.0123038 secs] [Times: user=0.00 sys=0.00, real=0.01 secs] 
2020-09-29T17:48:36.757+0200: 13.178: [GC (Allocation Failure) [PSYoungGen: 632708K->31108K(649216K)] 637664K->36064K(2047488K), 0.0119519 secs] [Times: user=0.00 sys=0.00, real=0.01 secs] 
2020-09-29T17:48:36.820+0200: 13.242: [GC (Allocation Failure) [PSYoungGen: 632196K->44293K(646144K)] 637152K->49249K(2044416K), 0.0149865 secs] [Times: user=0.13 sys=0.00, real=0.02 secs] 
2020-09-29T17:48:36.887+0200: 13.308: [GC (Allocation Failure) [PSYoungGen: 643845K->27716K(649216K)] 648801K->32672K(2047488K), 0.0107754 secs] [Times: user=0.13 sys=0.00, real=0.01 secs] 
2020-09-29T17:48:36.949+0200: 13.370: [GC (Allocation Failure) [PSYoungGen: 627268K->39365K(647680K)] 632224K->44321K(2045952K), 0.0132598 secs] [Times: user=0.13 sys=0.00, real=0.01 secs] 
2020-09-29T17:48:37.014+0200: 13.436: [GC (Allocation Failure) [PSYoungGen: 637893K->36357K(648704K)] 642849K->41313K(2046976K), 0.0126756 secs] [Times: user=0.13 sys=0.00, real=0.01 secs] 
2020-09-29T17:48:37.079+0200: 13.501: [GC (Allocation Failure) [PSYoungGen: 634885K->46885K(643072K)] 639841K->51841K(2041344K), 0.0181494 secs] [Times: user=0.11 sys=0.00, real=0.02 secs] 
2020-09-29T17:48:37.149+0200: 13.571: [GC (Allocation Failure) [PSYoungGen: 640293K->52453K(646144K)] 645249K->57409K(2044416K), 0.0176087 secs] [Times: user=0.13 sys=0.00, real=0.02 secs] 
2020-09-29T17:48:37.218+0200: 13.639: [GC (Allocation Failure) [PSYoungGen: 645861K->30468K(637952K)] 650817K->35424K(2036224K), 0.0115614 secs] [Times: user=0.13 sys=0.00, real=0.01 secs] 
2020-09-29T17:48:37.281+0200: 13.703: [GC (Allocation Failure) [PSYoungGen: 615684K->26276K(642048K)] 620640K->31232K(2040320K), 0.0104098 secs] [Times: user=0.13 sys=0.00, real=0.01 secs] 
2020-09-29T17:48:37.341+0200: 13.763: [GC (Allocation Failure) [PSYoungGen: 611492K->37253K(644096K)] 616448K->42209K(2042368K), 0.0127269 secs] [Times: user=0.13 sys=0.00, real=0.01 secs] 
2020-09-29T17:48:37.405+0200: 13.826: [GC (Allocation Failure) [PSYoungGen: 625029K->37125K(642560K)] 629985K->42081K(2040832K), 0.0130180 secs] [Times: user=0.13 sys=0.00, real=0.01 secs] 
2020-09-29T17:48:37.468+0200: 13.890: [GC (Allocation Failure) [PSYoungGen: 624901K->21571K(644096K)] 629857K->26527K(2042368K), 0.0086894 secs] [Times: user=0.13 sys=0.00, real=0.01 secs] 
2020-09-29T17:48:37.528+0200: 13.949: [GC (Allocation Failure) [PSYoungGen: 611907K->37125K(644608K)] 616863K->42081K(2042880K), 0.0133315 secs] [Times: user=0.13 sys=0.00, real=0.01 secs] 
2020-09-29T17:48:37.594+0200: 14.015: [GC (Allocation Failure) [PSYoungGen: 627461K->53221K(635392K)] 632417K->58177K(2033664K), 0.0203258 secs] [Times: user=0.22 sys=0.00, real=0.02 secs] 
2020-09-29T17:48:37.667+0200: 14.088: [GC (Allocation Failure) [PSYoungGen: 634414K->30660K(640512K)] 639370K->35616K(2038784K), 0.0119254 secs] [Times: user=0.13 sys=0.00, real=0.01 secs] 
2020-09-29T17:48:37.728+0200: 14.150: [GC (Allocation Failure) [PSYoungGen: 612804K->24933K(642048K)] 617760K->29889K(2040320K), 0.0085972 secs] [Times: user=0.00 sys=0.00, real=0.01 secs] 
2020-09-29T17:48:37.787+0200: 14.208: [GC (Allocation Failure) [PSYoungGen: 609637K->19716K(641536K)] 614593K->24672K(2039808K), 0.0077971 secs] [Times: user=0.00 sys=0.00, real=0.01 secs] 
2020-09-29T17:48:37.845+0200: 14.266: [GC (Allocation Failure) [PSYoungGen: 604420K->30149K(643584K)] 609376K->35105K(2041856K), 0.0103449 secs] [Times: user=0.13 sys=0.00, real=0.01 secs] 
2020-09-29T17:48:37.907+0200: 14.329: [GC (Allocation Failure) [PSYoungGen: 616389K->28517K(641536K)] 621345K->33473K(2039808K), 0.0101995 secs] [Times: user=0.13 sys=0.00, real=0.01 secs] 
2020-09-29T17:48:37.967+0200: 14.389: [GC (Allocation Failure) [PSYoungGen: 614757K->25123K(646144K)] 619713K->30079K(2044416K), 0.0106267 secs] [Times: user=0.13 sys=0.00, real=0.01 secs] 
2020-09-29T17:48:38.030+0200: 14.451: [GC (Allocation Failure) [PSYoungGen: 617507K->29669K(645120K)] 622463K->34625K(2043392K), 0.0106648 secs] [Times: user=0.13 sys=0.00, real=0.01 secs] 
2020-09-29T17:48:38.092+0200: 14.514: [GC (Allocation Failure) [PSYoungGen: 622053K->34148K(648704K)] 627009K->39104K(2046976K), 0.0127249 secs] [Times: user=0.13 sys=0.00, real=0.01 secs] 
2020-09-29T17:48:38.161+0200: 14.583: [GC (Allocation Failure) [PSYoungGen: 631652K->28388K(647680K)] 636608K->33344K(2045952K), 0.0104261 secs] [Times: user=0.00 sys=0.00, real=0.01 secs] 
2020-09-29T17:48:38.224+0200: 14.646: [GC (Allocation Failure) [PSYoungGen: 625892K->38021K(648704K)] 630848K->42977K(2046976K), 0.0135229 secs] [Times: user=0.00 sys=0.00, real=0.01 secs] 
2020-09-29T17:48:38.289+0200: 14.711: [GC (Allocation Failure) [PSYoungGen: 637573K->49637K(649216K)] 642529K->54601K(2047488K), 0.0171520 secs] [Times: user=0.13 sys=0.00, real=0.02 secs] 
2020-09-29T17:48:38.358+0200: 14.780: [GC (Allocation Failure) [PSYoungGen: 649189K->33957K(643072K)] 654153K->38921K(2041344K), 0.0111367 secs] [Times: user=0.13 sys=0.00, real=0.01 secs] 
2020-09-29T17:48:38.428+0200: 14.850: [GC (Allocation Failure) [PSYoungGen: 627365K->38404K(646144K)] 632329K->43368K(2044416K), 0.0137326 secs] [Times: user=0.13 sys=0.00, real=0.01 secs] 
2020-09-29T17:48:38.501+0200: 14.923: [GC (Allocation Failure) [PSYoungGen: 631812K->43909K(642560K)] 636776K->48873K(2040832K), 0.0146267 secs] [Times: user=0.13 sys=0.00, real=0.02 secs] 
2020-09-29T17:48:38.571+0200: 14.993: [GC (Allocation Failure) [PSYoungGen: 634245K->46341K(636928K)] 639209K->51305K(2035200K), 0.0170588 secs] [Times: user=0.11 sys=0.00, real=0.02 secs] 
2020-09-29T17:48:38.640+0200: 15.062: [GC (Allocation Failure) [PSYoungGen: 636677K->33796K(644096K)] 641641K->38760K(2042368K), 0.0124621 secs] [Times: user=0.13 sys=0.00, real=0.01 secs] 
2020-09-29T17:48:38.705+0200: 15.127: [GC (Allocation Failure) [PSYoungGen: 621572K->47301K(635392K)] 626536K->52265K(2033664K), 0.0162029 secs] [Times: user=0.13 sys=0.00, real=0.02 secs] 
2020-09-29T17:48:38.772+0200: 15.194: [GC (Allocation Failure) [PSYoungGen: 635077K->33445K(643072K)] 640041K->38409K(2041344K), 0.0115893 secs] [Times: user=0.00 sys=0.00, real=0.01 secs] 
2020-09-29T17:48:38.838+0200: 15.260: [GC (Allocation Failure) [PSYoungGen: 619173K->30692K(641536K)] 624137K->35656K(2039808K), 0.0107083 secs] [Times: user=0.13 sys=0.00, real=0.01 secs] 
2020-09-29T17:48:38.901+0200: 15.323: [GC (Allocation Failure) [PSYoungGen: 616420K->42181K(643072K)] 621384K->47145K(2041344K), 0.0146240 secs] [Times: user=0.13 sys=0.00, real=0.01 secs] 
2020-09-29T17:48:38.966+0200: 15.387: [GC (Allocation Failure) [PSYoungGen: 630469K->41156K(643584K)] 635433K->46120K(2041856K), 0.0156291 secs] [Times: user=0.13 sys=0.00, real=0.01 secs] 
2020-09-29T17:48:39.033+0200: 15.454: [GC (Allocation Failure) [PSYoungGen: 629444K->40005K(644608K)] 634408K->44969K(2042880K), 0.0135675 secs] [Times: user=0.13 sys=0.00, real=0.01 secs] 
2020-09-29T17:48:39.096+0200: 15.518: [GC (Allocation Failure) [PSYoungGen: 629317K->12932K(602624K)] 634281K->17896K(2000896K), 0.0052889 secs] [Times: user=0.11 sys=0.00, real=0.01 secs] 
2020-09-29T17:48:39.153+0200: 15.574: [GC (Allocation Failure) [PSYoungGen: 602244K->24484K(642560K)] 607208K->29448K(2040832K), 0.0089403 secs] [Times: user=0.13 sys=0.00, real=0.01 secs] 
2020-09-29T17:48:39.212+0200: 15.633: [GC (Allocation Failure) [PSYoungGen: 610212K->35716K(642048K)] 615176K->40680K(2040320K), 0.0133565 secs] [Times: user=0.13 sys=0.00, real=0.01 secs] 
2020-09-29T17:48:39.275+0200: 15.696: [GC (Allocation Failure) [PSYoungGen: 621444K->33220K(645632K)] 626408K->38184K(2043904K), 0.0123420 secs] [Times: user=0.13 sys=0.00, real=0.02 secs] 
2020-09-29T17:48:39.357+0200: 15.779: [GC (Allocation Failure) [PSYoungGen: 624068K->22020K(644096K)] 629032K->26984K(2042368K), 0.0086727 secs] [Times: user=0.13 sys=0.00, real=0.01 secs] 
2020-09-29T17:48:39.419+0200: 15.841: [GC (Allocation Failure) [PSYoungGen: 612868K->37541K(646144K)] 617832K->42505K(2044416K), 0.0130164 secs] [Times: user=0.13 sys=0.00, real=0.01 secs] 
2020-09-29T17:48:39.489+0200: 15.911: [GC (Allocation Failure) [PSYoungGen: 630437K->28837K(645632K)] 635401K->33801K(2043904K), 0.0116044 secs] [Times: user=0.00 sys=0.00, real=0.01 secs] 
2020-09-29T17:48:39.565+0200: 15.987: [GC (Allocation Failure) [PSYoungGen: 621733K->33444K(648704K)] 626697K->38408K(2046976K), 0.0170007 secs] [Times: user=0.20 sys=0.00, real=0.02 secs] 
2020-09-29T17:48:39.637+0200: 16.059: [GC (Allocation Failure) [PSYoungGen: 630436K->27779K(647168K)] 635400K->32743K(2045440K), 0.0123925 secs] [Times: user=0.11 sys=0.00, real=0.01 secs] 
2020-09-29T17:48:39.702+0200: 16.123: [GC (Allocation Failure) [PSYoungGen: 624771K->20548K(648704K)] 629735K->25512K(2046976K), 0.0076777 secs] [Times: user=0.13 sys=0.00, real=0.01 secs] 
2020-09-29T17:48:39.763+0200: 16.185: [GC (Allocation Failure) [PSYoungGen: 620100K->45893K(645632K)] 625064K->50857K(2043904K), 0.0159951 secs] [Times: user=0.13 sys=0.00, real=0.02 secs] 
2020-09-29T17:48:39.830+0200: 16.252: [GC (Allocation Failure) [PSYoungGen: 645445K->30245K(647168K)] 650409K->35209K(2045440K), 0.0109567 secs] [Times: user=0.13 sys=0.00, real=0.01 secs] 
2020-09-29T17:48:39.894+0200: 16.316: [GC (Allocation Failure) [PSYoungGen: 624165K->36197K(645632K)] 629129K->41161K(2043904K), 0.0123381 secs] [Times: user=0.13 sys=0.00, real=0.01 secs] 
2020-09-29T17:48:39.957+0200: 16.379: [GC (Allocation Failure) [PSYoungGen: 630117K->40421K(645632K)] 635081K->45385K(2043904K), 0.0145720 secs] [Times: user=0.00 sys=0.00, real=0.01 secs] 
2020-09-29T17:48:40.024+0200: 16.446: [GC (Allocation Failure) [PSYoungGen: 634853K->33316K(646656K)] 639817K->38280K(2044928K), 0.0123568 secs] [Times: user=0.13 sys=0.00, real=0.01 secs] 
2020-09-29T17:48:40.087+0200: 16.509: [GC (Allocation Failure) [PSYoungGen: 627748K->35395K(649728K)] 632712K->40359K(2048000K), 0.0138852 secs] [Times: user=0.13 sys=0.00, real=0.01 secs] 
2020-09-29T17:48:40.153+0200: 16.575: [GC (Allocation Failure) [PSYoungGen: 634947K->46756K(646656K)] 639911K->51720K(2044928K), 0.0165600 secs] [Times: user=0.13 sys=0.00, real=0.02 secs] 
2020-09-29T17:48:40.222+0200: 16.644: [GC (Allocation Failure) [PSYoungGen: 646308K->52197K(632320K)] 651272K->63249K(2030592K), 0.0206516 secs] [Times: user=0.22 sys=0.03, real=0.02 secs] 
2020-09-29T17:48:40.292+0200: 16.714: [GC (Allocation Failure) [PSYoungGen: 632293K->50501K(630784K)] 643345K->61553K(2029056K), 0.0175149 secs] [Times: user=0.13 sys=0.00, real=0.02 secs] 
2020-09-29T17:48:40.362+0200: 16.784: [GC (Allocation Failure) [PSYoungGen: 630597K->27044K(636928K)] 641649K->38096K(2035200K), 0.0101390 secs] [Times: user=0.13 sys=0.00, real=0.01 secs] 
2020-09-29T17:48:40.423+0200: 16.845: [GC (Allocation Failure) [PSYoungGen: 602020K->41477K(636928K)] 613072K->52529K(2035200K), 0.0147499 secs] [Times: user=0.13 sys=0.00, real=0.01 secs] 
2020-09-29T17:48:40.487+0200: 16.909: [GC (Allocation Failure) [PSYoungGen: 616453K->27524K(638464K)] 627505K->38576K(2036736K), 0.0112902 secs] [Times: user=0.13 sys=0.00, real=0.01 secs] 
2020-09-29T17:48:40.548+0200: 16.970: [GC (Allocation Failure) [PSYoungGen: 605060K->30404K(637952K)] 616112K->41456K(2036224K), 0.0112683 secs] [Times: user=0.13 sys=0.00, real=0.01 secs] 
2020-09-29T17:48:40.610+0200: 17.032: [GC (Allocation Failure) [PSYoungGen: 607940K->33668K(641536K)] 618992K->44720K(2039808K), 0.0142414 secs] [Times: user=0.11 sys=0.00, real=0.01 secs] 
2020-09-29T17:48:40.676+0200: 17.097: [GC (Allocation Failure) [PSYoungGen: 615812K->41541K(639488K)] 626864K->52593K(2037760K), 0.0141394 secs] [Times: user=0.13 sys=0.00, real=0.01 secs] 
2020-09-29T17:48:40.740+0200: 17.161: [GC (Allocation Failure) [PSYoungGen: 623685K->35781K(643584K)] 634737K->46833K(2041856K), 0.0115922 secs] [Times: user=0.00 sys=0.00, real=0.01 secs] 
2020-09-29T17:48:40.804+0200: 17.225: [GC (Allocation Failure) [PSYoungGen: 622021K->34117K(641536K)] 633073K->45169K(2039808K), 0.0118828 secs] [Times: user=0.00 sys=0.00, real=0.01 secs] 
2020-09-29T17:48:40.866+0200: 17.287: [GC (Allocation Failure) [PSYoungGen: 620357K->30531K(645632K)] 631409K->41583K(2043904K), 0.0121739 secs] [Times: user=0.00 sys=0.00, real=0.01 secs] 
2020-09-29T17:48:40.929+0200: 17.350: [GC (Allocation Failure) [PSYoungGen: 622403K->33700K(645120K)] 633455K->44752K(2043392K), 0.0125247 secs] [Times: user=0.00 sys=0.00, real=0.01 secs] 
2020-09-29T17:48:40.992+0200: 17.413: [GC (Allocation Failure) [PSYoungGen: 625572K->36804K(648192K)] 636624K->47856K(2046464K), 0.0140223 secs] [Times: user=0.13 sys=0.00, real=0.01 secs] 
2020-09-29T17:48:41.061+0200: 17.482: [GC (Allocation Failure) [PSYoungGen: 633284K->17669K(614400K)] 644336K->28721K(2012672K), 0.0060558 secs] [Times: user=0.01 sys=0.02, real=0.01 secs] 
2020-09-29T17:48:41.118+0200: 17.539: [GC (Allocation Failure) [PSYoungGen: 614149K->23940K(646656K)] 625201K->34992K(2044928K), 0.0095336 secs] [Times: user=0.00 sys=0.00, real=0.01 secs] 
2020-09-29T17:48:41.182+0200: 17.603: [GC (Allocation Failure) [PSYoungGen: 618372K->30180K(646656K)] 629424K->41232K(2044928K), 0.0114272 secs] [Times: user=0.13 sys=0.00, real=0.01 secs] 
2020-09-29T17:48:41.249+0200: 17.670: [GC (Allocation Failure) [PSYoungGen: 624612K->50373K(638976K)] 635664K->61425K(2037248K), 0.0170154 secs] [Times: user=0.13 sys=0.00, real=0.02 secs] 
2020-09-29T17:48:41.317+0200: 17.738: [GC (Allocation Failure) [PSYoungGen: 638661K->50725K(639488K)] 649713K->61777K(2037760K), 0.0170105 secs] [Times: user=0.25 sys=0.00, real=0.02 secs] 
2020-09-29T17:48:41.385+0200: 17.806: [GC (Allocation Failure) [PSYoungGen: 639013K->37445K(641024K)] 650065K->48497K(2039296K), 0.0127288 secs] [Times: user=0.13 sys=0.00, real=0.01 secs] 
2020-09-29T17:48:41.450+0200: 17.871: [GC (Allocation Failure) [PSYoungGen: 619077K->44869K(639488K)] 630129K->55921K(2037760K), 0.0154541 secs] [Times: user=0.13 sys=0.00, real=0.02 secs] 
2020-09-29T17:48:41.516+0200: 17.937: [GC (Allocation Failure) [PSYoungGen: 626501K->38501K(641536K)] 637553K->49553K(2039808K), 0.0138675 secs] [Times: user=0.13 sys=0.00, real=0.01 secs] 
2020-09-29T17:48:41.580+0200: 18.001: [GC (Allocation Failure) [PSYoungGen: 621157K->33092K(640000K)] 632209K->44144K(2038272K), 0.0133470 secs] [Times: user=0.11 sys=0.00, real=0.01 secs] 
2020-09-29T17:48:41.646+0200: 18.066: [GC (Allocation Failure) [PSYoungGen: 615748K->26979K(643072K)] 626800K->38031K(2041344K), 0.0112258 secs] [Times: user=0.00 sys=0.00, real=0.01 secs] 
2020-09-29T17:48:41.708+0200: 18.129: [GC (Allocation Failure) [PSYoungGen: 614243K->24932K(643072K)] 625295K->35984K(2041344K), 0.0096395 secs] [Times: user=0.00 sys=0.00, real=0.01 secs] 
2020-09-29T17:48:41.768+0200: 18.189: [GC (Allocation Failure) [PSYoungGen: 612196K->51685K(634368K)] 623248K->62737K(2032640K), 0.0172009 secs] [Times: user=0.14 sys=0.00, real=0.02 secs] 
2020-09-29T17:48:41.836+0200: 18.257: [GC (Allocation Failure) [PSYoungGen: 630757K->28707K(638976K)] 641809K->39759K(2037248K), 0.0109432 secs] [Times: user=0.00 sys=0.00, real=0.01 secs] 
2020-09-29T17:48:41.897+0200: 18.317: [GC (Allocation Failure) [PSYoungGen: 607779K->32773K(642048K)] 618831K->43825K(2040320K), 0.0112527 secs] [Times: user=0.00 sys=0.00, real=0.01 secs] 
2020-09-29T17:48:41.958+0200: 18.379: [GC (Allocation Failure) [PSYoungGen: 615941K->26532K(640000K)] 626993K->37584K(2038272K), 0.0094847 secs] [Times: user=0.00 sys=0.00, real=0.01 secs] 
2020-09-29T17:48:42.020+0200: 18.441: [GC (Allocation Failure) [PSYoungGen: 609700K->35525K(644096K)] 620752K->46577K(2042368K), 0.0131188 secs] [Times: user=0.13 sys=0.00, real=0.01 secs] 
2020-09-29T17:48:42.084+0200: 18.505: [GC (Allocation Failure) [PSYoungGen: 623301K->49093K(636928K)] 634353K->60145K(2035200K), 0.0164794 secs] [Times: user=0.13 sys=0.00, real=0.02 secs] 
2020-09-29T17:48:42.150+0200: 18.571: [GC (Allocation Failure) [PSYoungGen: 636869K->18884K(638976K)] 647921K->29936K(2037248K), 0.0077037 secs] [Times: user=0.00 sys=0.00, real=0.01 secs] 
2020-09-29T17:48:42.209+0200: 18.630: [GC (Allocation Failure) [PSYoungGen: 600004K->23907K(640000K)] 611056K->34959K(2038272K), 0.0099501 secs] [Times: user=0.00 sys=0.00, real=0.01 secs] 
2020-09-29T17:48:42.270+0200: 18.691: [GC (Allocation Failure) [PSYoungGen: 605027K->30595K(643072K)] 616079K->41647K(2041344K), 0.0122339 secs] [Times: user=0.13 sys=0.00, real=0.01 secs] 
2020-09-29T17:48:42.332+0200: 18.753: [GC (Allocation Failure) [PSYoungGen: 615811K->22980K(641024K)] 626863K->34032K(2039296K), 0.0086666 secs] [Times: user=0.11 sys=0.02, real=0.01 secs] 
2020-09-29T17:48:42.393+0200: 18.814: [GC (Allocation Failure) [PSYoungGen: 608196K->33925K(645120K)] 619248K->44977K(2043392K), 0.0128355 secs] [Times: user=0.13 sys=0.00, real=0.01 secs] 
2020-09-29T17:48:42.457+0200: 18.878: [GC (Allocation Failure) [PSYoungGen: 623749K->49573K(639488K)] 634801K->60625K(2037760K), 0.0167227 secs] [Times: user=0.25 sys=0.00, real=0.02 secs] 
2020-09-29T17:48:42.525+0200: 18.946: [GC (Allocation Failure) [PSYoungGen: 639397K->35299K(642560K)] 650449K->46351K(2040832K), 0.0140703 secs] [Times: user=0.13 sys=0.00, real=0.01 secs] 
2020-09-29T17:48:42.590+0200: 19.011: [GC (Allocation Failure) [PSYoungGen: 619491K->45253K(640512K)] 630543K->56305K(2038784K), 0.0169944 secs] [Times: user=0.11 sys=0.00, real=0.02 secs] 
2020-09-29T17:48:42.659+0200: 19.080: [GC (Allocation Failure) [PSYoungGen: 629445K->41477K(640512K)] 640497K->52529K(2038784K), 0.0145124 secs] [Times: user=0.13 sys=0.00, real=0.01 secs] 
2020-09-29T17:48:42.724+0200: 19.145: [GC (Allocation Failure) [PSYoungGen: 623621K->47941K(630272K)] 634673K->58993K(2028544K), 0.0165405 secs] [Times: user=0.13 sys=0.00, real=0.02 secs] 
2020-09-29T17:48:42.791+0200: 19.212: [GC (Allocation Failure) [PSYoungGen: 630085K->42149K(638976K)] 641137K->53201K(2037248K), 0.0145393 secs] [Times: user=0.13 sys=0.00, real=0.02 secs] 
2020-09-29T17:48:42.857+0200: 19.278: [GC (Allocation Failure) [PSYoungGen: 620709K->46501K(625152K)] 631761K->57553K(2023424K), 0.0175077 secs] [Times: user=0.13 sys=0.00, real=0.02 secs] 
2020-09-29T17:48:42.927+0200: 19.348: [GC (Allocation Failure) [PSYoungGen: 625061K->36452K(639488K)] 636113K->47504K(2037760K), 0.0147029 secs] [Times: user=0.01 sys=0.00, real=0.01 secs] 
2020-09-29T17:48:42.996+0200: 19.417: [GC (Allocation Failure) [PSYoungGen: 614500K->40293K(637440K)] 625552K->51345K(2035712K), 0.0157489 secs] [Times: user=0.13 sys=0.00, real=0.01 secs] 
2020-09-29T17:48:43.062+0200: 19.483: [GC (Allocation Failure) [PSYoungGen: 618341K->44005K(641024K)] 629393K->55057K(2039296K), 0.0149618 secs] [Times: user=0.13 sys=0.00, real=0.01 secs] 
2020-09-29T17:48:43.127+0200: 19.548: [GC (Allocation Failure) [PSYoungGen: 627173K->39333K(641024K)] 638225K->50385K(2039296K), 0.0137351 secs] [Times: user=0.13 sys=0.00, real=0.01 secs] 
2020-09-29T17:48:43.191+0200: 19.612: [GC (Allocation Failure) [PSYoungGen: 622501K->48261K(639488K)] 633553K->59313K(2037760K), 0.0163698 secs] [Times: user=0.08 sys=0.00, real=0.02 secs] 
2020-09-29T17:48:43.259+0200: 19.680: [GC (Allocation Failure) [PSYoungGen: 631429K->28804K(612352K)] 642481K->39856K(2010624K), 0.0112287 secs] [Times: user=0.00 sys=0.00, real=0.01 secs] 
2020-09-29T17:48:43.319+0200: 19.741: [GC (Allocation Failure) [PSYoungGen: 611972K->22437K(639488K)] 623024K->33489K(2037760K), 0.0087358 secs] [Times: user=0.00 sys=0.00, real=0.01 secs] 
2020-09-29T17:48:43.378+0200: 19.800: [GC (Allocation Failure) [PSYoungGen: 603557K->28389K(640000K)] 614609K->39441K(2038272K), 0.0111422 secs] [Times: user=0.13 sys=0.00, real=0.01 secs] 
2020-09-29T17:48:43.440+0200: 19.861: [GC (Allocation Failure) [PSYoungGen: 609509K->48965K(635392K)] 620561K->60017K(2033664K), 0.0167808 secs] [Times: user=0.13 sys=0.00, real=0.02 secs] 
2020-09-29T17:48:43.507+0200: 19.928: [GC (Allocation Failure) [PSYoungGen: 625989K->36836K(637952K)] 637041K->47888K(2036224K), 0.0136727 secs] [Times: user=0.13 sys=0.00, real=0.01 secs] 
2020-09-29T17:48:43.571+0200: 19.992: [GC (Allocation Failure) [PSYoungGen: 613860K->53317K(632832K)] 624912K->64369K(2031104K), 0.0189031 secs] [Times: user=0.11 sys=0.00, real=0.02 secs] 
2020-09-29T17:48:43.641+0200: 20.062: [GC (Allocation Failure) [PSYoungGen: 627269K->39333K(636416K)] 638321K->50385K(2034688K), 0.0137537 secs] [Times: user=0.13 sys=0.00, real=0.01 secs] 
2020-09-29T17:48:43.704+0200: 20.125: [GC (Allocation Failure) [PSYoungGen: 613285K->37700K(640512K)] 624337K->48752K(2038784K), 0.0135360 secs] [Times: user=0.13 sys=0.00, real=0.01 secs] 
2020-09-29T17:48:43.767+0200: 20.189: [GC (Allocation Failure) [PSYoungGen: 617796K->29829K(638464K)] 628848K->40881K(2036736K), 0.0109706 secs] [Times: user=0.13 sys=0.00, real=0.01 secs] 
2020-09-29T17:48:43.828+0200: 20.249: [GC (Allocation Failure) [PSYoungGen: 609925K->32771K(642048K)] 620977K->43823K(2040320K), 0.0131830 secs] [Times: user=0.13 sys=0.00, real=0.01 secs] 
2020-09-29T17:48:43.891+0200: 20.312: [GC (Allocation Failure) [PSYoungGen: 616963K->42212K(641024K)] 628015K->53264K(2039296K), 0.0156501 secs] [Times: user=0.13 sys=0.00, real=0.01 secs] 
2020-09-29T17:48:43.956+0200: 20.377: [GC (Allocation Failure) [PSYoungGen: 626404K->21924K(640000K)] 637456K->32976K(2038272K), 0.0083055 secs] [Times: user=0.13 sys=0.00, real=0.01 secs] 
2020-09-29T17:48:44.015+0200: 20.436: [GC (Allocation Failure) [PSYoungGen: 605092K->15618K(599040K)] 616144K->26670K(1997312K), 0.0082598 secs] [Times: user=0.13 sys=0.00, real=0.01 secs] 
2020-09-29T17:48:44.077+0200: 20.499: [GC (Allocation Failure) [PSYoungGen: 598786K->38181K(641024K)] 609838K->49233K(2039296K), 0.0166278 secs] [Times: user=0.11 sys=0.00, real=0.02 secs] 
2020-09-29T17:48:44.151+0200: 20.572: [GC (Allocation Failure) [PSYoungGen: 620325K->46117K(628736K)] 631377K->57169K(2027008K), 0.0187105 secs] [Times: user=0.13 sys=0.00, real=0.02 secs] 
2020-09-29T17:48:44.222+0200: 20.643: [GC (Allocation Failure) [PSYoungGen: 628261K->40325K(639488K)] 639313K->51377K(2037760K), 0.0144010 secs] [Times: user=0.08 sys=0.00, real=0.01 secs] 
2020-09-29T17:48:44.285+0200: 20.707: [GC (Allocation Failure) [PSYoungGen: 619909K->43813K(638976K)] 630961K->54865K(2037248K), 0.0156469 secs] [Times: user=0.08 sys=0.00, real=0.02 secs] 
2020-09-29T17:48:44.352+0200: 20.773: [GC (Allocation Failure) [PSYoungGen: 623397K->49189K(634880K)] 634449K->60241K(2033152K), 0.0166176 secs] [Times: user=0.13 sys=0.00, real=0.02 secs] 
2020-09-29T17:48:44.418+0200: 20.839: [GC (Allocation Failure) [PSYoungGen: 624165K->34436K(636928K)] 635217K->45488K(2035200K), 0.0126025 secs] [Times: user=0.13 sys=0.00, real=0.01 secs] 
2020-09-29T17:48:44.481+0200: 20.902: [GC (Allocation Failure) [PSYoungGen: 609412K->48837K(635392K)] 620464K->59889K(2033664K), 0.0164631 secs] [Times: user=0.13 sys=0.00, real=0.02 secs] 
2020-09-29T17:48:44.548+0200: 20.969: [GC (Allocation Failure) [PSYoungGen: 623813K->35845K(636928K)] 634865K->46897K(2035200K), 0.0120390 secs] [Times: user=0.13 sys=0.00, real=0.01 secs] 
2020-09-29T17:48:44.611+0200: 21.032: [GC (Allocation Failure) [PSYoungGen: 610821K->21924K(637440K)] 621873K->32976K(2035712K), 0.0089444 secs] [Times: user=0.11 sys=0.00, real=0.01 secs] 
2020-09-29T17:48:44.673+0200: 21.094: [GC (Allocation Failure) [PSYoungGen: 598948K->38341K(637952K)] 610000K->49393K(2036224K), 0.0135534 secs] [Times: user=0.13 sys=0.00, real=0.01 secs] 
2020-09-29T17:48:44.737+0200: 21.158: [GC (Allocation Failure) [PSYoungGen: 615365K->41157K(640512K)] 626417K->52209K(2038784K), 0.0145771 secs] [Times: user=0.13 sys=0.00, real=0.02 secs] 
2020-09-29T17:48:44.802+0200: 21.224: [GC (Allocation Failure) [PSYoungGen: 622277K->34405K(639488K)] 633329K->45457K(2037760K), 0.0122317 secs] [Times: user=0.00 sys=0.00, real=0.01 secs] 
2020-09-29T17:48:44.867+0200: 21.288: [GC (Allocation Failure) [PSYoungGen: 615525K->27012K(642048K)] 626577K->38064K(2040320K), 0.0104413 secs] [Times: user=0.00 sys=0.00, real=0.01 secs] 
2020-09-29T17:48:44.935+0200: 21.356: [GC (Allocation Failure) [PSYoungGen: 612228K->51717K(637440K)] 623280K->62769K(2035712K), 0.0174530 secs] [Times: user=0.13 sys=0.00, real=0.02 secs] 
2020-09-29T17:48:45.002+0200: 21.424: [GC (Allocation Failure) [PSYoungGen: 636933K->48997K(634368K)] 647985K->60049K(2032640K), 0.0173586 secs] [Times: user=0.16 sys=0.00, real=0.02 secs] 
2020-09-29T17:48:45.069+0200: 21.491: [GC (Allocation Failure) [PSYoungGen: 622949K->33572K(636416K)] 634001K->44624K(2034688K), 0.0124672 secs] [Times: user=0.00 sys=0.00, real=0.01 secs] 
2020-09-29T17:48:45.131+0200: 21.553: [GC (Allocation Failure) [PSYoungGen: 607524K->60613K(625664K)] 618576K->71665K(2023936K), 0.0207748 secs] [Times: user=0.13 sys=0.00, real=0.02 secs] 
2020-09-29T17:48:45.200+0200: 21.621: [GC (Allocation Failure) [PSYoungGen: 625349K->23781K(631808K)] 636401K->34833K(2030080K), 0.0080990 secs] [Times: user=0.13 sys=0.00, real=0.01 secs] 
2020-09-29T17:48:45.259+0200: 21.681: [GC (Allocation Failure) [PSYoungGen: 588517K->41637K(633344K)] 599569K->52689K(2031616K), 0.0141549 secs] [Times: user=0.13 sys=0.00, real=0.01 secs] 
2020-09-29T17:48:45.323+0200: 21.745: [GC (Allocation Failure) [PSYoungGen: 607909K->47333K(631808K)] 618961K->58385K(2030080K), 0.0159960 secs] [Times: user=0.13 sys=0.00, real=0.02 secs] 
2020-09-29T17:48:45.389+0200: 21.810: [GC (Allocation Failure) [PSYoungGen: 613605K->25637K(633344K)] 624657K->36689K(2031616K), 0.0091774 secs] [Times: user=0.13 sys=0.00, real=0.01 secs] 
2020-09-29T17:48:45.448+0200: 21.870: [GC (Allocation Failure) [PSYoungGen: 592933K->32421K(632832K)] 603985K->43473K(2031104K), 0.0109277 secs] [Times: user=0.13 sys=0.00, real=0.01 secs] 
2020-09-29T17:48:45.507+0200: 21.929: [GC (Allocation Failure) [PSYoungGen: 599717K->52901K(628736K)] 610769K->63953K(2027008K), 0.0182180 secs] [Times: user=0.13 sys=0.00, real=0.02 secs] 
2020-09-29T17:48:45.575+0200: 21.997: [GC (Allocation Failure) [PSYoungGen: 617637K->43301K(631808K)] 628689K->54353K(2030080K), 0.0166782 secs] [Times: user=0.11 sys=0.00, real=0.02 secs] 
2020-09-29T17:48:45.642+0200: 22.064: [GC (Allocation Failure) [PSYoungGen: 608037K->47493K(632320K)] 619089K->58545K(2030592K), 0.0177852 secs] [Times: user=0.13 sys=0.00, real=0.02 secs] 
2020-09-29T17:48:45.708+0200: 22.130: [GC (Allocation Failure) [PSYoungGen: 614277K->39973K(632832K)] 625329K->51025K(2031104K), 0.0142606 secs] [Times: user=0.02 sys=0.00, real=0.02 secs] 
2020-09-29T17:48:45.771+0200: 22.193: [GC (Allocation Failure) [PSYoungGen: 606757K->18723K(632320K)] 617809K->29775K(2030592K), 0.0076856 secs] [Times: user=0.00 sys=0.00, real=0.01 secs] 
2020-09-29T17:48:45.829+0200: 22.250: [GC (Allocation Failure) [PSYoungGen: 587555K->27013K(633856K)] 598607K->38065K(2032128K), 0.0115497 secs] [Times: user=0.11 sys=0.00, real=0.01 secs] 
2020-09-29T17:48:45.889+0200: 22.311: [GC (Allocation Failure) [PSYoungGen: 595845K->48965K(631296K)] 606897K->60017K(2029568K), 0.0168847 secs] [Times: user=0.13 sys=0.00, real=0.02 secs] 
2020-09-29T17:48:45.955+0200: 22.376: [GC (Allocation Failure) [PSYoungGen: 615749K->26724K(632832K)] 626801K->37776K(2031104K), 0.0094499 secs] [Times: user=0.13 sys=0.00, real=0.01 secs] 
2020-09-29T17:48:46.015+0200: 22.436: [GC (Allocation Failure) [PSYoungGen: 593508K->45925K(632832K)] 604560K->56977K(2031104K), 0.0164886 secs] [Times: user=0.13 sys=0.00, real=0.02 secs] 
2020-09-29T17:48:46.079+0200: 22.501: [GC (Allocation Failure) [PSYoungGen: 613733K->22596K(633344K)] 624785K->33648K(2031616K), 0.0086502 secs] [Times: user=0.13 sys=0.00, real=0.01 secs] 
2020-09-29T17:48:46.138+0200: 22.559: [GC (Allocation Failure) [PSYoungGen: 590404K->28485K(634880K)] 601456K->39537K(2033152K), 0.0100127 secs] [Times: user=0.13 sys=0.00, real=0.01 secs] 
2020-09-29T17:48:46.202+0200: 22.623: [GC (Allocation Failure) [PSYoungGen: 597829K->33957K(633344K)] 608881K->45009K(2031616K), 0.0125000 secs] [Times: user=0.13 sys=0.00, real=0.01 secs] 
2020-09-29T17:48:46.263+0200: 22.685: [GC (Allocation Failure) [PSYoungGen: 603301K->42789K(637440K)] 614353K->53841K(2035712K), 0.0141900 secs] [Times: user=0.13 sys=0.00, real=0.01 secs] 
2020-09-29T17:48:46.330+0200: 22.752: [GC (Allocation Failure) [PSYoungGen: 618789K->44453K(620544K)] 629841K->55505K(2018816K), 0.0149057 secs] [Times: user=0.13 sys=0.00, real=0.02 secs] 
2020-09-29T17:48:46.395+0200: 22.817: [GC (Allocation Failure) [PSYoungGen: 620453K->45636K(634880K)] 631505K->56688K(2033152K), 0.0164523 secs] [Times: user=0.13 sys=0.00, real=0.02 secs] 
2020-09-29T17:48:46.461+0200: 22.882: [GC (Allocation Failure) [PSYoungGen: 618564K->29700K(635904K)] 629616K->40752K(2034176K), 0.0111440 secs] [Times: user=0.00 sys=0.00, real=0.01 secs] 
2020-09-29T17:48:46.527+0200: 22.949: [GC (Allocation Failure) [PSYoungGen: 602628K->28164K(637952K)] 613680K->39216K(2036224K), 0.0109543 secs] [Times: user=0.13 sys=0.00, real=0.01 secs] 
2020-09-29T17:48:46.589+0200: 23.010: [GC (Allocation Failure) [PSYoungGen: 604164K->28164K(636928K)] 615216K->39216K(2035200K), 0.0110806 secs] [Times: user=0.11 sys=0.00, real=0.01 secs] 
2020-09-29T17:48:46.650+0200: 23.072: [GC (Allocation Failure) [PSYoungGen: 604164K->25668K(640000K)] 615216K->36720K(2038272K), 0.0112282 secs] [Times: user=0.13 sys=0.00, real=0.01 secs] 
2020-09-29T17:48:46.711+0200: 23.133: [GC (Allocation Failure) [PSYoungGen: 605764K->44740K(625152K)] 616816K->55792K(2023424K), 0.0158765 secs] [Times: user=0.13 sys=0.00, real=0.02 secs] 
2020-09-29T17:48:46.777+0200: 23.198: [GC (Allocation Failure) [PSYoungGen: 624836K->48741K(633344K)] 635888K->59793K(2031616K), 0.0167280 secs] [Times: user=0.13 sys=0.00, real=0.02 secs] 
2020-09-29T17:48:46.842+0200: 23.264: [GC (Allocation Failure) [PSYoungGen: 621669K->33059K(635904K)] 632721K->44111K(2034176K), 0.0131040 secs] [Times: user=0.13 sys=0.00, real=0.01 secs] 
2020-09-29T17:48:46.904+0200: 23.326: [GC (Allocation Failure) [PSYoungGen: 605987K->45477K(635904K)] 617039K->56529K(2034176K), 0.0154488 secs] [Times: user=0.13 sys=0.00, real=0.02 secs] 
2020-09-29T17:48:46.969+0200: 23.390: [GC (Allocation Failure) [PSYoungGen: 620453K->46213K(621568K)] 631505K->57265K(2019840K), 0.0152430 secs] [Times: user=0.13 sys=0.00, real=0.01 secs] 
2020-09-29T17:48:47.033+0200: 23.455: [GC (Allocation Failure) [PSYoungGen: 621189K->29252K(636928K)] 632241K->40304K(2035200K), 0.0107994 secs] [Times: user=0.13 sys=0.00, real=0.01 secs] 
2020-09-29T17:48:47.093+0200: 23.514: [GC (Allocation Failure) [PSYoungGen: 603716K->27940K(636416K)] 614768K->38992K(2034688K), 0.0106924 secs] [Times: user=0.13 sys=0.00, real=0.01 secs] 
2020-09-29T17:48:47.154+0200: 23.575: [GC (Allocation Failure) [PSYoungGen: 602404K->41380K(638464K)] 613456K->52432K(2036736K), 0.0148048 secs] [Times: user=0.13 sys=0.00, real=0.01 secs] 
2020-09-29T17:48:47.219+0200: 23.640: [GC (Allocation Failure) [PSYoungGen: 618916K->30948K(637952K)] 629968K->42000K(2036224K), 0.0117071 secs] [Times: user=0.13 sys=0.00, real=0.01 secs] 
2020-09-29T17:48:47.280+0200: 23.701: [GC (Allocation Failure) [PSYoungGen: 608484K->46948K(635904K)] 619536K->58000K(2034176K), 0.0166725 secs] [Times: user=0.13 sys=0.00, real=0.02 secs] 
2020-09-29T17:48:47.347+0200: 23.768: [GC (Allocation Failure) [PSYoungGen: 623972K->36037K(637952K)] 635024K->47089K(2036224K), 0.0124268 secs] [Times: user=0.13 sys=0.00, real=0.01 secs] 
2020-09-29T17:48:47.412+0200: 23.833: [GC (Allocation Failure) [PSYoungGen: 613061K->23780K(640000K)] 624113K->34832K(2038272K), 0.0103417 secs] [Times: user=0.00 sys=0.00, real=0.01 secs] 
2020-09-29T17:48:47.474+0200: 23.896: [GC (Allocation Failure) [PSYoungGen: 604900K->29316K(640000K)] 615952K->40368K(2038272K), 0.0116150 secs] [Times: user=0.00 sys=0.00, real=0.01 secs] 
2020-09-29T17:48:47.535+0200: 23.957: [GC (Allocation Failure) [PSYoungGen: 610436K->34245K(643072K)] 621488K->45297K(2041344K), 0.0123553 secs] [Times: user=0.06 sys=0.00, real=0.01 secs] 
2020-09-29T17:48:47.600+0200: 24.022: [GC (Allocation Failure) [PSYoungGen: 619461K->45221K(641024K)] 630513K->56273K(2039296K), 0.0171999 secs] [Times: user=0.11 sys=0.00, real=0.02 secs] 
2020-09-29T17:48:47.670+0200: 24.091: [GC (Allocation Failure) [PSYoungGen: 630437K->42436K(641536K)] 641489K->53488K(2039808K), 0.0152782 secs] [Times: user=0.13 sys=0.00, real=0.01 secs] 
2020-09-29T17:48:47.736+0200: 24.157: [GC (Allocation Failure) [PSYoungGen: 626628K->38661K(641536K)] 637680K->49713K(2039808K), 0.0140789 secs] [Times: user=0.13 sys=0.00, real=0.01 secs] 
2020-09-29T17:48:47.801+0200: 24.222: [GC (Allocation Failure) [PSYoungGen: 622853K->20101K(640512K)] 633905K->31153K(2038784K), 0.0071963 secs] [Times: user=0.00 sys=0.00, real=0.01 secs] 
2020-09-29T17:48:47.859+0200: 24.280: [GC (Allocation Failure) [PSYoungGen: 604293K->29860K(641536K)] 615345K->40912K(2039808K), 0.0115148 secs] [Times: user=0.13 sys=0.00, real=0.01 secs] 
2020-09-29T17:48:47.921+0200: 24.342: [GC (Allocation Failure) [PSYoungGen: 614052K->26181K(643584K)] 625104K->37233K(2041856K), 0.0092067 secs] [Times: user=0.13 sys=0.00, real=0.01 secs] 
2020-09-29T17:48:47.981+0200: 24.403: [GC (Allocation Failure) [PSYoungGen: 613957K->39717K(643072K)] 625009K->50769K(2041344K), 0.0143606 secs] [Times: user=0.13 sys=0.00, real=0.02 secs] 
2020-09-29T17:48:48.048+0200: 24.469: [GC (Allocation Failure) [PSYoungGen: 627493K->53285K(633344K)] 638545K->64337K(2031616K), 0.0178608 secs] [Times: user=0.13 sys=0.00, real=0.02 secs] 
2020-09-29T17:48:48.115+0200: 24.537: [GC (Allocation Failure) [PSYoungGen: 631333K->43429K(638464K)] 642385K->54481K(2036736K), 0.0145795 secs] [Times: user=0.13 sys=0.00, real=0.02 secs] 
2020-09-29T17:48:48.180+0200: 24.602: [GC (Allocation Failure) [PSYoungGen: 621477K->18946K(636416K)] 632529K->29998K(2034688K), 0.0088061 secs] [Times: user=0.00 sys=0.00, real=0.01 secs] 
2020-09-29T17:48:48.238+0200: 24.660: [GC (Allocation Failure) [PSYoungGen: 594168K->15170K(591360K)] 605220K->26222K(1989632K), 0.0077354 secs] [Times: user=0.13 sys=0.00, real=0.01 secs] 
2020-09-29T17:48:48.295+0200: 24.717: [GC (Allocation Failure) [PSYoungGen: 591170K->26211K(638464K)] 602222K->37263K(2036736K), 0.0116377 secs] [Times: user=0.13 sys=0.00, real=0.01 secs] 
2020-09-29T17:48:48.356+0200: 24.778: [GC (Allocation Failure) [PSYoungGen: 602723K->26021K(636928K)] 613775K->37073K(2035200K), 0.0097226 secs] [Times: user=0.13 sys=0.00, real=0.01 secs] 
2020-09-29T17:48:48.415+0200: 24.837: [GC (Allocation Failure) [PSYoungGen: 602533K->36868K(641024K)] 613585K->47920K(2039296K), 0.0135025 secs] [Times: user=0.13 sys=0.00, real=0.01 secs] 
2020-09-29T17:48:48.480+0200: 24.902: [GC (Allocation Failure) [PSYoungGen: 619012K->31109K(640000K)] 630064K->42161K(2038272K), 0.0107657 secs] [Times: user=0.13 sys=0.00, real=0.01 secs] 
2020-09-29T17:48:48.543+0200: 24.964: [GC (Allocation Failure) [PSYoungGen: 613253K->25285K(644608K)] 624305K->36337K(2042880K), 0.0090503 secs] [Times: user=0.13 sys=0.00, real=0.01 secs] 
2020-09-29T17:48:48.608+0200: 25.029: [GC (Allocation Failure) [PSYoungGen: 614085K->53605K(642560K)] 625137K->64657K(2040832K), 0.0201193 secs] [Times: user=0.11 sys=0.00, real=0.02 secs] 
2020-09-29T17:48:48.679+0200: 25.100: [GC (Allocation Failure) [PSYoungGen: 642405K->40805K(634368K)] 653457K->51857K(2032640K), 0.0144989 secs] [Times: user=0.13 sys=0.00, real=0.01 secs] 
2020-09-29T17:48:48.743+0200: 25.164: [GC (Allocation Failure) [PSYoungGen: 618853K->29956K(638464K)] 629905K->41008K(2036736K), 0.0112627 secs] [Times: user=0.13 sys=0.00, real=0.01 secs] 
2020-09-29T17:48:48.804+0200: 25.225: [GC (Allocation Failure) [PSYoungGen: 608004K->17219K(639488K)] 619056K->28271K(2037760K), 0.0074618 secs] [Times: user=0.00 sys=0.00, real=0.01 secs] 
2020-09-29T17:48:48.861+0200: 25.282: [GC (Allocation Failure) [PSYoungGen: 598339K->37797K(640000K)] 609391K->48849K(2038272K), 0.0129113 secs] [Times: user=0.13 sys=0.00, real=0.01 secs] 
2020-09-29T17:48:48.925+0200: 25.346: [GC (Allocation Failure) [PSYoungGen: 618917K->44645K(636416K)] 629969K->55697K(2034688K), 0.0155058 secs] [Times: user=0.13 sys=0.00, real=0.02 secs] 
2020-09-29T17:48:48.990+0200: 25.411: [GC (Allocation Failure) [PSYoungGen: 622693K->34821K(638464K)] 633745K->45873K(2036736K), 0.0123683 secs] [Times: user=0.00 sys=0.00, real=0.01 secs] 
2020-09-29T17:48:49.053+0200: 25.474: [GC (Allocation Failure) [PSYoungGen: 612869K->24740K(641536K)] 623921K->35792K(2039808K), 0.0089931 secs] [Times: user=0.00 sys=0.00, real=0.01 secs] 
2020-09-29T17:48:49.116+0200: 25.537: [GC (Allocation Failure) [PSYoungGen: 608420K->33764K(641024K)] 619472K->44816K(2039296K), 0.0120725 secs] [Times: user=0.00 sys=0.00, real=0.01 secs] 
2020-09-29T17:48:49.178+0200: 25.599: [GC (Allocation Failure) [PSYoungGen: 617444K->41796K(642048K)] 628496K->52848K(2040320K), 0.0150067 secs] [Times: user=0.13 sys=0.00, real=0.02 secs] 
2020-09-29T17:48:49.244+0200: 25.666: [GC (Allocation Failure) [PSYoungGen: 629060K->41221K(628736K)] 640112K->52273K(2027008K), 0.0140870 secs] [Times: user=0.13 sys=0.00, real=0.02 secs] 
2020-09-29T17:48:49.308+0200: 25.730: [GC (Allocation Failure) [PSYoungGen: 628485K->40517K(642560K)] 639537K->51569K(2040832K), 0.0144902 secs] [Times: user=0.13 sys=0.00, real=0.01 secs] 
2020-09-29T17:48:49.373+0200: 25.794: [GC (Allocation Failure) [PSYoungGen: 626757K->23332K(642560K)] 637809K->34384K(2040832K), 0.0089749 secs] [Times: user=0.13 sys=0.00, real=0.01 secs] 
2020-09-29T17:48:49.432+0200: 25.853: [GC (Allocation Failure) [PSYoungGen: 609572K->21572K(642560K)] 620624K->32624K(2040832K), 0.0087252 secs] [Times: user=0.00 sys=0.00, real=0.01 secs] 
2020-09-29T17:48:49.493+0200: 25.914: [GC (Allocation Failure) [PSYoungGen: 607812K->46949K(633344K)] 618864K->58001K(2031616K), 0.0153983 secs] [Times: user=0.13 sys=0.00, real=0.01 secs] 
2020-09-29T17:48:49.563+0200: 25.984: [GC (Allocation Failure) [PSYoungGen: 633189K->44612K(637440K)] 644241K->55664K(2035712K), 0.0186529 secs] [Times: user=0.11 sys=0.00, real=0.02 secs] 
2020-09-29T17:48:49.635+0200: 26.056: [GC (Allocation Failure) [PSYoungGen: 622660K->4449K(582656K)] 633712K->15501K(1980928K), 0.0044871 secs] [Times: user=0.00 sys=0.00, real=0.00 secs] 
2020-09-29T17:48:49.692+0200: 26.113: [GC (Allocation Failure) [PSYoungGen: 582497K->35653K(637440K)] 593549K->46705K(2035712K), 0.0132653 secs] [Times: user=0.00 sys=0.00, real=0.01 secs] 
2020-09-29T17:48:49.759+0200: 26.180: [GC (Allocation Failure) [PSYoungGen: 609605K->35397K(635392K)] 620657K->46449K(2033664K), 0.0164422 secs] [Times: user=0.11 sys=0.00, real=0.02 secs] 
2020-09-29T17:48:49.828+0200: 26.249: [GC (Allocation Failure) [PSYoungGen: 609349K->35077K(641024K)] 620401K->46129K(2039296K), 0.0150448 secs] [Times: user=0.11 sys=0.00, real=0.01 secs] 
2020-09-29T17:48:49.893+0200: 26.314: [GC (Allocation Failure) [PSYoungGen: 616197K->55621K(636928K)] 627249K->66673K(2035200K), 0.0182317 secs] [Times: user=0.25 sys=0.00, real=0.02 secs] 
2020-09-29T17:48:49.961+0200: 26.382: [GC (Allocation Failure) [PSYoungGen: 636741K->35141K(637952K)] 647793K->46193K(2036224K), 0.0121326 secs] [Times: user=0.00 sys=0.00, real=0.01 secs] 
2020-09-29T17:48:50.024+0200: 26.445: [GC (Allocation Failure) [PSYoungGen: 611141K->50597K(626688K)] 622193K->61649K(2024960K), 0.0181089 secs] [Times: user=0.13 sys=0.00, real=0.02 secs] 
2020-09-29T17:48:50.091+0200: 26.512: [GC (Allocation Failure) [PSYoungGen: 626597K->38436K(636928K)] 637649K->49488K(2035200K), 0.0139910 secs] [Times: user=0.13 sys=0.00, real=0.01 secs] 
2020-09-29T17:48:50.155+0200: 26.576: [GC (Allocation Failure) [PSYoungGen: 611364K->22115K(634880K)] 622416K->33167K(2033152K), 0.0094788 secs] [Times: user=0.13 sys=0.00, real=0.01 secs] 
2020-09-29T17:48:50.218+0200: 26.639: [GC (Allocation Failure) [PSYoungGen: 595043K->20484K(636928K)] 606095K->31536K(2035200K), 0.0082820 secs] [Times: user=0.13 sys=0.00, real=0.01 secs] 
2020-09-29T17:48:50.280+0200: 26.702: [GC (Allocation Failure) [PSYoungGen: 595460K->48581K(623616K)] 606512K->59633K(2021888K), 0.0167663 secs] [Times: user=0.13 sys=0.00, real=0.02 secs] 
2020-09-29T17:48:50.346+0200: 26.768: [GC (Allocation Failure) [PSYoungGen: 623557K->49285K(630272K)] 634609K->60337K(2028544K), 0.0163077 secs] [Times: user=0.13 sys=0.00, real=0.02 secs] 
2020-09-29T17:48:50.413+0200: 26.834: [GC (Allocation Failure) [PSYoungGen: 615045K->40773K(632320K)] 626097K->51825K(2030592K), 0.0144449 secs] [Times: user=0.13 sys=0.00, real=0.01 secs] 
2020-09-29T17:48:50.476+0200: 26.897: [GC (Allocation Failure) [PSYoungGen: 606533K->31043K(635392K)] 617585K->42095K(2033664K), 0.0123540 secs] [Times: user=0.00 sys=0.00, real=0.01 secs] 
2020-09-29T17:48:50.540+0200: 26.961: [GC (Allocation Failure) [PSYoungGen: 601411K->40805K(633856K)] 612463K->51857K(2032128K), 0.0150401 secs] [Times: user=0.13 sys=0.00, real=0.02 secs] 
2020-09-29T17:48:50.608+0200: 27.029: [GC (Allocation Failure) [PSYoungGen: 611173K->36324K(638976K)] 622225K->47376K(2037248K), 0.0144806 secs] [Times: user=0.11 sys=0.00, real=0.01 secs] 
2020-09-29T17:48:50.673+0200: 27.094: [GC (Allocation Failure) [PSYoungGen: 612836K->38533K(636416K)] 623888K->49585K(2034688K), 0.0132239 secs] [Times: user=0.13 sys=0.00, real=0.01 secs] 
2020-09-29T17:48:50.737+0200: 27.158: [GC (Allocation Failure) [PSYoungGen: 615045K->40837K(641024K)] 626097K->51889K(2039296K), 0.0136618 secs] [Times: user=0.13 sys=0.00, real=0.01 secs] 
2020-09-29T17:48:50.801+0200: 27.222: [GC (Allocation Failure) [PSYoungGen: 623493K->49253K(632320K)] 634545K->60305K(2030592K), 0.0164231 secs] [Times: user=0.25 sys=0.00, real=0.02 secs] 
2020-09-29T17:48:50.868+0200: 27.289: [GC (Allocation Failure) [PSYoungGen: 631909K->44005K(638976K)] 642961K->55057K(2037248K), 0.0155281 secs] [Times: user=0.13 sys=0.00, real=0.01 secs] 
2020-09-29T17:48:50.933+0200: 27.355: [GC (Allocation Failure) [PSYoungGen: 623077K->48869K(628224K)] 634129K->59921K(2026496K), 0.0169070 secs] [Times: user=0.13 sys=0.00, real=0.02 secs] 
2020-09-29T17:48:51.001+0200: 27.422: [GC (Allocation Failure) [PSYoungGen: 627941K->40037K(639488K)] 638993K->51089K(2037760K), 0.0144321 secs] [Times: user=0.13 sys=0.00, real=0.02 secs] 
2020-09-29T17:48:51.065+0200: 27.487: [GC (Allocation Failure) [PSYoungGen: 618085K->43781K(637440K)] 629137K->54833K(2035712K), 0.0151361 secs] [Times: user=0.13 sys=0.00, real=0.02 secs] 
2020-09-29T17:48:51.130+0200: 27.551: [GC (Allocation Failure) [PSYoungGen: 621829K->33156K(640512K)] 632881K->44208K(2038784K), 0.0121465 secs] [Times: user=0.00 sys=0.00, real=0.01 secs] 
2020-09-29T17:48:51.192+0200: 27.613: [GC (Allocation Failure) [PSYoungGen: 614788K->40165K(640000K)] 625840K->51217K(2038272K), 0.0138596 secs] [Times: user=0.00 sys=0.00, real=0.01 secs] 
2020-09-29T17:48:51.257+0200: 27.678: [GC (Allocation Failure) [PSYoungGen: 621797K->17475K(637440K)] 632849K->28527K(2035712K), 0.0074034 secs] [Times: user=0.00 sys=0.00, real=0.01 secs] 
2020-09-29T17:48:51.314+0200: 27.735: [GC (Allocation Failure) [PSYoungGen: 598595K->37572K(640000K)] 609647K->48624K(2038272K), 0.0133031 secs] [Times: user=0.13 sys=0.00, real=0.01 secs] 
2020-09-29T17:48:51.377+0200: 27.798: [GC (Allocation Failure) [PSYoungGen: 618692K->41220K(642560K)] 629744K->52272K(2040832K), 0.0146420 secs] [Times: user=0.13 sys=0.00, real=0.01 secs] 
2020-09-29T17:48:51.442+0200: 27.863: [GC (Allocation Failure) [PSYoungGen: 626948K->38116K(642048K)] 638000K->49168K(2040320K), 0.0135977 secs] [Times: user=0.00 sys=0.00, real=0.01 secs] 
2020-09-29T17:48:51.506+0200: 27.927: [GC (Allocation Failure) [PSYoungGen: 623844K->49509K(639488K)] 634896K->60561K(2037760K), 0.0165042 secs] [Times: user=0.13 sys=0.00, real=0.02 secs] 
2020-09-29T17:48:51.574+0200: 27.996: [GC (Allocation Failure) [PSYoungGen: 634725K->46917K(632320K)] 645777K->57969K(2030592K), 0.0174189 secs] [Times: user=0.11 sys=0.00, real=0.02 secs] 
2020-09-29T17:48:51.644+0200: 28.065: [GC (Allocation Failure) [PSYoungGen: 632133K->30469K(641024K)] 643185K->41521K(2039296K), 0.0112632 secs] [Times: user=0.13 sys=0.00, real=0.01 secs] 
2020-09-29T17:48:51.706+0200: 28.127: [GC (Allocation Failure) [PSYoungGen: 613125K->24164K(640512K)] 624177K->35216K(2038784K), 0.0086557 secs] [Times: user=0.13 sys=0.00, real=0.01 secs] 
2020-09-29T17:48:51.764+0200: 28.186: [GC (Allocation Failure) [PSYoungGen: 606820K->46213K(637440K)] 617872K->57265K(2035712K), 0.0158444 secs] [Times: user=0.13 sys=0.00, real=0.02 secs] 
2020-09-29T17:48:51.830+0200: 28.251: [GC (Allocation Failure) [PSYoungGen: 625285K->37349K(638976K)] 636337K->48401K(2037248K), 0.0133018 secs] [Times: user=0.13 sys=0.00, real=0.01 secs] 
2020-09-29T17:48:51.892+0200: 28.314: [GC (Allocation Failure) [PSYoungGen: 616421K->26596K(641024K)] 627473K->37648K(2039296K), 0.0099191 secs] [Times: user=0.13 sys=0.00, real=0.01 secs] 
2020-09-29T17:48:51.953+0200: 28.374: [GC (Allocation Failure) [PSYoungGen: 609764K->20868K(604160K)] 620816K->31920K(2002432K), 0.0078236 secs] [Times: user=0.13 sys=0.00, real=0.01 secs] 
2020-09-29T17:48:52.011+0200: 28.432: [GC (Allocation Failure) [PSYoungGen: 604036K->43493K(638464K)] 615088K->54545K(2036736K), 0.0147818 secs] [Times: user=0.13 sys=0.00, real=0.02 secs] 
2020-09-29T17:48:52.076+0200: 28.498: [GC (Allocation Failure) [PSYoungGen: 623589K->21957K(639488K)] 634641K->33009K(2037760K), 0.0081131 secs] [Times: user=0.13 sys=0.00, real=0.01 secs] 
2020-09-29T17:48:52.142+0200: 28.564: [GC (Allocation Failure) [PSYoungGen: 602053K->41509K(639488K)] 613105K->52561K(2037760K), 0.0153910 secs] [Times: user=0.13 sys=0.00, real=0.02 secs] 
2020-09-29T17:48:52.208+0200: 28.629: [GC (Allocation Failure) [PSYoungGen: 621605K->33733K(639488K)] 632657K->44785K(2037760K), 0.0114135 secs] [Times: user=0.00 sys=0.00, real=0.01 secs] 
2020-09-29T17:48:52.271+0200: 28.692: [GC (Allocation Failure) [PSYoungGen: 613829K->38916K(642560K)] 624881K->49968K(2040832K), 0.0142931 secs] [Times: user=0.00 sys=0.00, real=0.01 secs] 
2020-09-29T17:48:52.336+0200: 28.757: [GC (Allocation Failure) [PSYoungGen: 624132K->36261K(641536K)] 635184K->47313K(2039808K), 0.0131702 secs] [Times: user=0.13 sys=0.00, real=0.01 secs] 
2020-09-29T17:48:52.401+0200: 28.822: [GC (Allocation Failure) [PSYoungGen: 621477K->30756K(645120K)] 632529K->41808K(2043392K), 0.0112224 secs] [Times: user=0.13 sys=0.00, real=0.01 secs] 
2020-09-29T17:48:52.463+0200: 28.884: [GC (Allocation Failure) [PSYoungGen: 621092K->53733K(644096K)] 632144K->71545K(2042368K), 0.0211732 secs] [Times: user=0.13 sys=0.00, real=0.02 secs] 
2020-09-29T17:48:52.534+0200: 28.956: [GC (Allocation Failure) [PSYoungGen: 644069K->21893K(630784K)] 661881K->39705K(2029056K), 0.0076133 secs] [Times: user=0.13 sys=0.00, real=0.01 secs] 
2020-09-29T17:48:52.601+0200: 29.022: [GC (Allocation Failure) [PSYoungGen: 597893K->36740K(637440K)] 615705K->54552K(2035712K), 0.0153630 secs] [Times: user=0.11 sys=0.00, real=0.01 secs] 
2020-09-29T17:48:52.667+0200: 29.088: [GC (Allocation Failure) [PSYoungGen: 612740K->38533K(641024K)] 630552K->56345K(2039296K), 0.0139340 secs] [Times: user=0.13 sys=0.00, real=0.01 secs] 
2020-09-29T17:48:52.730+0200: 29.152: [GC (Allocation Failure) [PSYoungGen: 620165K->28516K(639488K)] 637977K->46328K(2037760K), 0.0108648 secs] [Times: user=0.13 sys=0.00, real=0.01 secs] 
2020-09-29T17:48:52.793+0200: 29.214: [GC (Allocation Failure) [PSYoungGen: 610148K->35364K(644096K)] 627960K->53176K(2042368K), 0.0146035 secs] [Times: user=0.11 sys=0.00, real=0.01 secs] 
2020-09-29T17:48:52.858+0200: 29.279: [GC (Allocation Failure) [PSYoungGen: 622628K->34693K(642048K)] 640440K->52505K(2040320K), 0.0120759 secs] [Times: user=0.13 sys=0.00, real=0.01 secs] 
2020-09-29T17:48:52.924+0200: 29.345: [GC (Allocation Failure) [PSYoungGen: 621957K->34021K(647168K)] 639769K->51833K(2045440K), 0.0117211 secs] [Times: user=0.13 sys=0.00, real=0.01 secs] 
2020-09-29T17:48:52.986+0200: 29.407: [GC (Allocation Failure) [PSYoungGen: 627941K->25700K(645632K)] 645753K->43512K(2043904K), 0.0090928 secs] [Times: user=0.13 sys=0.00, real=0.01 secs] 
2020-09-29T17:48:53.047+0200: 29.468: [GC (Allocation Failure) [PSYoungGen: 619620K->31717K(648192K)] 637432K->49529K(2046464K), 0.0103646 secs] [Times: user=0.13 sys=0.00, real=0.01 secs] 
2020-09-29T17:48:53.114+0200: 29.535: [GC (Allocation Failure) [PSYoungGen: 628197K->24965K(647168K)] 646009K->42777K(2045440K), 0.0087477 secs] [Times: user=0.00 sys=0.00, real=0.01 secs] 
2020-09-29T17:48:53.174+0200: 29.595: [GC (Allocation Failure) [PSYoungGen: 621445K->32835K(650240K)] 639257K->50647K(2048512K), 0.0126659 secs] [Times: user=0.13 sys=0.00, real=0.01 secs] 
2020-09-29T17:48:53.238+0200: 29.659: [GC (Allocation Failure) [PSYoungGen: 632387K->27107K(648192K)] 650199K->44919K(2046464K), 0.0105181 secs] [Times: user=0.13 sys=0.00, real=0.01 secs] 
2020-09-29T17:48:53.299+0200: 29.720: [GC (Allocation Failure) [PSYoungGen: 626659K->25125K(650752K)] 644471K->42937K(2049024K), 0.0080635 secs] [Times: user=0.13 sys=0.00, real=0.01 secs] 
2020-09-29T17:48:53.359+0200: 29.780: [GC (Allocation Failure) [PSYoungGen: 627749K->48101K(650752K)] 645561K->71233K(2049024K), 0.0191600 secs] [Times: user=0.13 sys=0.00, real=0.02 secs] 
2020-09-29T17:48:53.429+0200: 29.850: [GC (Allocation Failure) [PSYoungGen: 650725K->40805K(637440K)] 673857K->63937K(2035712K), 0.0143537 secs] [Times: user=0.13 sys=0.00, real=0.01 secs] 
2020-09-29T17:48:53.494+0200: 29.915: [GC (Allocation Failure) [PSYoungGen: 630117K->27043K(644096K)] 653249K->50175K(2042368K), 0.0106834 secs] [Times: user=0.00 sys=0.00, real=0.01 secs] 
2020-09-29T17:48:53.555+0200: 29.976: [GC (Allocation Failure) [PSYoungGen: 616355K->26276K(645120K)] 639487K->49408K(2043392K), 0.0109528 secs] [Times: user=0.00 sys=0.00, real=0.01 secs] 
2020-09-29T17:48:53.619+0200: 30.040: [GC (Allocation Failure) [PSYoungGen: 617124K->42853K(633856K)] 640256K->65985K(2032128K), 0.0161850 secs] [Times: user=0.11 sys=0.00, real=0.02 secs] 
2020-09-29T17:48:53.687+0200: 30.108: [GC (Allocation Failure) [PSYoungGen: 633701K->45797K(639488K)] 656833K->68929K(2037760K), 0.0150721 secs] [Times: user=0.13 sys=0.00, real=0.01 secs] 
2020-09-29T17:48:53.752+0200: 30.173: [GC (Allocation Failure) [PSYoungGen: 629989K->27012K(641536K)] 653121K->50144K(2039808K), 0.0104015 secs] [Times: user=0.13 sys=0.00, real=0.01 secs] 
2020-09-29T17:48:53.812+0200: 30.234: [GC (Allocation Failure) [PSYoungGen: 611204K->34404K(644608K)] 634336K->57536K(2042880K), 0.0126977 secs] [Times: user=0.13 sys=0.00, real=0.01 secs] 
2020-09-29T17:48:53.875+0200: 30.296: [GC (Allocation Failure) [PSYoungGen: 622180K->34245K(642048K)] 645312K->57377K(2040320K), 0.0124365 secs] [Times: user=0.13 sys=0.00, real=0.01 secs] 
2020-09-29T17:48:53.940+0200: 30.361: [GC (Allocation Failure) [PSYoungGen: 622021K->34052K(648192K)] 645153K->57184K(2046464K), 0.0126875 secs] [Times: user=0.13 sys=0.00, real=0.01 secs] 
2020-09-29T17:48:54.003+0200: 30.425: [GC (Allocation Failure) [PSYoungGen: 629508K->41573K(646144K)] 652640K->64705K(2044416K), 0.0146631 secs] [Times: user=0.13 sys=0.00, real=0.01 secs] 
2020-09-29T17:48:54.069+0200: 30.491: [GC (Allocation Failure) [PSYoungGen: 637029K->19748K(645120K)] 660161K->42880K(2043392K), 0.0074938 secs] [Times: user=0.00 sys=0.00, real=0.01 secs] 
2020-09-29T17:48:54.127+0200: 30.549: [GC (Allocation Failure) [PSYoungGen: 613156K->25221K(646144K)] 636288K->48353K(2044416K), 0.0088377 secs] [Times: user=0.13 sys=0.00, real=0.01 secs] 
2020-09-29T17:48:54.190+0200: 30.611: [GC (Allocation Failure) [PSYoungGen: 618629K->30661K(648192K)] 641761K->53793K(2046464K), 0.0113555 secs] [Times: user=0.13 sys=0.00, real=0.01 secs] 
2020-09-29T17:48:54.252+0200: 30.673: [GC (Allocation Failure) [PSYoungGen: 626629K->50661K(646656K)] 649761K->75441K(2044928K), 0.0177894 secs] [Times: user=0.13 sys=0.00, real=0.02 secs] 
2020-09-29T17:48:54.322+0200: 30.744: [GC (Allocation Failure) [PSYoungGen: 646629K->43492K(636416K)] 671409K->68272K(2034688K), 0.0159744 secs] [Times: user=0.13 sys=0.00, real=0.02 secs] 
2020-09-29T17:48:54.389+0200: 30.810: [GC (Allocation Failure) [PSYoungGen: 627684K->37828K(641536K)] 652464K->62608K(2039808K), 0.0141395 secs] [Times: user=0.13 sys=0.00, real=0.01 secs] 
2020-09-29T17:48:54.452+0200: 30.874: [GC (Allocation Failure) [PSYoungGen: 622020K->17155K(640512K)] 646800K->41935K(2038784K), 0.0072839 secs] [Times: user=0.13 sys=0.00, real=0.01 secs] 
2020-09-29T17:48:54.510+0200: 30.931: [GC (Allocation Failure) [PSYoungGen: 601347K->27077K(641536K)] 626127K->51857K(2039808K), 0.0091485 secs] [Times: user=0.00 sys=0.00, real=0.01 secs] 
2020-09-29T17:48:54.569+0200: 30.990: [GC (Allocation Failure) [PSYoungGen: 611269K->22564K(643072K)] 636049K->47344K(2041344K), 0.0085372 secs] [Times: user=0.00 sys=0.00, real=0.01 secs] 
2020-09-29T17:48:54.630+0200: 31.051: [GC (Allocation Failure) [PSYoungGen: 609316K->18788K(642560K)] 634096K->43568K(2040832K), 0.0083979 secs] [Times: user=0.00 sys=0.00, real=0.01 secs] 
2020-09-29T17:48:54.690+0200: 31.111: [GC (Allocation Failure) [PSYoungGen: 605540K->31333K(645632K)] 630320K->56113K(2043904K), 0.0116079 secs] [Times: user=0.13 sys=0.00, real=0.01 secs] 
2020-09-29T17:48:54.752+0200: 31.173: [GC (Allocation Failure) [PSYoungGen: 621669K->33541K(643584K)] 646449K->58321K(2041856K), 0.0116512 secs] [Times: user=0.13 sys=0.00, real=0.01 secs] 
2020-09-29T17:48:54.815+0200: 31.236: [GC (Allocation Failure) [PSYoungGen: 623877K->49669K(637440K)] 648657K->74449K(2035712K), 0.0169895 secs] [Times: user=0.13 sys=0.00, real=0.02 secs] 
2020-09-29T17:48:54.882+0200: 31.303: [GC (Allocation Failure) [PSYoungGen: 634885K->33028K(642048K)] 659665K->57808K(2040320K), 0.0124235 secs] [Times: user=0.00 sys=0.00, real=0.01 secs] 
2020-09-29T17:48:54.944+0200: 31.365: [GC (Allocation Failure) [PSYoungGen: 618244K->42725K(642048K)] 643024K->67505K(2040320K), 0.0151141 secs] [Times: user=0.13 sys=0.00, real=0.02 secs] 
2020-09-29T17:48:55.010+0200: 31.431: [GC (Allocation Failure) [PSYoungGen: 629989K->26724K(643072K)] 654769K->51504K(2041344K), 0.0098279 secs] [Times: user=0.13 sys=0.00, real=0.01 secs] 
2020-09-29T17:48:55.070+0200: 31.491: [GC (Allocation Failure) [PSYoungGen: 613988K->38467K(644096K)] 638768K->63247K(2042368K), 0.0144422 secs] [Times: user=0.13 sys=0.00, real=0.02 secs] 
2020-09-29T17:48:55.135+0200: 31.556: [GC (Allocation Failure) [PSYoungGen: 627267K->25285K(643584K)] 652047K->50065K(2041856K), 0.0089456 secs] [Times: user=0.00 sys=0.00, real=0.01 secs] 
2020-09-29T17:48:55.194+0200: 31.615: [GC (Allocation Failure) [PSYoungGen: 614085K->39685K(643584K)] 638865K->64465K(2041856K), 0.0142159 secs] [Times: user=0.13 sys=0.00, real=0.02 secs] 
2020-09-29T17:48:55.259+0200: 31.680: [GC (Allocation Failure) [PSYoungGen: 628997K->40517K(630272K)] 653777K->65297K(2028544K), 0.0137686 secs] [Times: user=0.13 sys=0.00, real=0.01 secs] 
2020-09-29T17:48:55.323+0200: 31.745: [GC (Allocation Failure) [PSYoungGen: 629829K->41957K(642560K)] 654609K->66737K(2040832K), 0.0145030 secs] [Times: user=0.13 sys=0.00, real=0.02 secs] 
2020-09-29T17:48:55.391+0200: 31.813: [GC (Allocation Failure) [PSYoungGen: 629221K->41348K(628736K)] 654001K->66128K(2027008K), 0.0177795 secs] [Times: user=0.11 sys=0.00, real=0.02 secs] 
2020-09-29T17:48:55.462+0200: 31.883: [GC (Allocation Failure) [PSYoungGen: 628612K->12227K(638464K)] 653392K->37007K(2036736K), 0.0064534 secs] [Times: user=0.00 sys=0.00, real=0.01 secs] 
2020-09-29T17:48:55.520+0200: 31.941: [GC (Allocation Failure) [PSYoungGen: 594371K->47525K(629760K)] 619151K->72305K(2028032K), 0.0164479 secs] [Times: user=0.13 sys=0.00, real=0.02 secs] 
2020-09-29T17:48:55.588+0200: 32.009: [GC (Allocation Failure) [PSYoungGen: 629669K->41733K(637952K)] 654449K->66513K(2036224K), 0.0154151 secs] [Times: user=0.09 sys=0.00, real=0.01 secs] 
2020-09-29T17:48:55.654+0200: 32.076: [GC (Allocation Failure) [PSYoungGen: 618757K->30852K(637952K)] 643537K->55632K(2036224K), 0.0140422 secs] [Times: user=0.11 sys=0.00, real=0.01 secs] 
2020-09-29T17:48:55.719+0200: 32.140: [GC (Allocation Failure) [PSYoungGen: 607876K->32228K(641536K)] 632656K->57008K(2039808K), 0.0118702 secs] [Times: user=0.13 sys=0.00, real=0.01 secs] 
2020-09-29T17:48:55.781+0200: 32.202: [GC (Allocation Failure) [PSYoungGen: 614372K->53765K(636416K)] 639152K->78545K(2034688K), 0.0176411 secs] [Times: user=0.13 sys=0.00, real=0.02 secs] 
2020-09-29T17:48:55.848+0200: 32.269: [GC (Allocation Failure) [PSYoungGen: 635909K->34245K(638976K)] 660689K->59025K(2037248K), 0.0122917 secs] [Times: user=0.00 sys=0.00, real=0.01 secs] 
2020-09-29T17:48:55.910+0200: 32.331: [GC (Allocation Failure) [PSYoungGen: 611269K->37029K(636928K)] 636049K->61809K(2035200K), 0.0130401 secs] [Times: user=0.13 sys=0.00, real=0.01 secs] 
2020-09-29T17:48:55.973+0200: 32.394: [GC (Allocation Failure) [PSYoungGen: 614053K->38341K(642560K)] 638833K->63121K(2040832K), 0.0137087 secs] [Times: user=0.00 sys=0.00, real=0.01 secs] 
2020-09-29T17:48:56.038+0200: 32.460: [GC (Allocation Failure) [PSYoungGen: 623045K->48869K(633856K)] 647825K->73649K(2032128K), 0.0172481 secs] [Times: user=0.13 sys=0.00, real=0.02 secs] 
2020-09-29T17:48:56.105+0200: 32.527: [GC (Allocation Failure) [PSYoungGen: 633573K->45701K(637952K)] 658353K->70481K(2036224K), 0.0159654 secs] [Times: user=0.13 sys=0.00, real=0.02 secs] 
2020-09-29T17:48:56.171+0200: 32.592: [GC (Allocation Failure) [PSYoungGen: 624773K->34916K(638976K)] 649553K->59696K(2037248K), 0.0144148 secs] [Times: user=0.13 sys=0.00, real=0.01 secs] 
2020-09-29T17:48:56.235+0200: 32.656: [GC (Allocation Failure) [PSYoungGen: 613988K->24163K(639488K)] 638768K->48943K(2037760K), 0.0095874 secs] [Times: user=0.13 sys=0.00, real=0.01 secs] 
2020-09-29T17:48:56.294+0200: 32.715: [GC (Allocation Failure) [PSYoungGen: 605283K->44645K(626176K)] 630063K->69425K(2024448K), 0.0146919 secs] [Times: user=0.13 sys=0.00, real=0.01 secs] 
2020-09-29T17:48:56.358+0200: 32.779: [GC (Allocation Failure) [PSYoungGen: 625765K->21699K(638464K)] 650545K->46479K(2036736K), 0.0089574 secs] [Times: user=0.13 sys=0.00, real=0.01 secs] 
2020-09-29T17:48:56.417+0200: 32.838: [GC (Allocation Failure) [PSYoungGen: 600771K->53829K(633344K)] 625551K->78609K(2031616K), 0.0179788 secs] [Times: user=0.13 sys=0.00, real=0.02 secs] 
2020-09-29T17:48:56.484+0200: 32.905: [GC (Allocation Failure) [PSYoungGen: 632901K->44036K(634880K)] 657681K->68816K(2033152K), 0.0156355 secs] [Times: user=0.13 sys=0.00, real=0.02 secs] 
2020-09-29T17:48:56.550+0200: 32.972: [GC (Allocation Failure) [PSYoungGen: 614404K->40197K(634368K)] 639184K->64977K(2032640K), 0.0144826 secs] [Times: user=0.13 sys=0.00, real=0.02 secs] 
2020-09-29T17:48:56.616+0200: 33.037: [GC (Allocation Failure) [PSYoungGen: 610565K->34115K(638464K)] 635345K->58895K(2036736K), 0.0144809 secs] [Times: user=0.11 sys=0.00, real=0.01 secs] 
2020-09-29T17:48:56.680+0200: 33.101: [GC (Allocation Failure) [PSYoungGen: 610627K->50149K(626688K)] 635407K->74929K(2024960K), 0.0169530 secs] [Times: user=0.13 sys=0.00, real=0.02 secs] 
2020-09-29T17:48:56.748+0200: 33.169: [GC (Allocation Failure) [PSYoungGen: 626661K->38789K(638464K)] 651441K->63569K(2036736K), 0.0133493 secs] [Times: user=0.13 sys=0.00, real=0.01 secs] 
2020-09-29T17:48:56.810+0200: 33.232: [GC (Allocation Failure) [PSYoungGen: 614277K->38628K(635904K)] 639057K->63408K(2034176K), 0.0140594 secs] [Times: user=0.13 sys=0.00, real=0.01 secs] 
2020-09-29T17:48:56.874+0200: 33.295: [GC (Allocation Failure) [PSYoungGen: 614116K->39909K(642048K)] 638896K->64689K(2040320K), 0.0138593 secs] [Times: user=0.13 sys=0.00, real=0.01 secs] 
2020-09-29T17:48:56.937+0200: 33.359: [GC (Allocation Failure) [PSYoungGen: 623589K->35653K(640512K)] 648369K->60433K(2038784K), 0.0119457 secs] [Times: user=0.13 sys=0.00, real=0.01 secs] 
2020-09-29T17:48:56.999+0200: 33.421: [GC (Allocation Failure) [PSYoungGen: 619333K->43685K(643072K)] 644113K->68465K(2041344K), 0.0149025 secs] [Times: user=0.13 sys=0.00, real=0.02 secs] 
2020-09-29T17:48:57.071+0200: 33.492: [GC (Allocation Failure) [PSYoungGen: 630949K->41860K(643072K)] 655729K->66640K(2041344K), 0.0147798 secs] [Times: user=0.13 sys=0.00, real=0.01 secs] 
2020-09-29T17:48:57.136+0200: 33.557: [GC (Allocation Failure) [PSYoungGen: 629124K->41189K(644608K)] 653904K->65969K(2042880K), 0.0140444 secs] [Times: user=0.13 sys=0.00, real=0.01 secs] 
2020-09-29T17:48:57.201+0200: 33.622: [GC (Allocation Failure) [PSYoungGen: 630501K->28933K(643584K)] 655281K->53713K(2041856K), 0.0114858 secs] [Times: user=0.13 sys=0.00, real=0.01 secs] 
2020-09-29T17:48:57.264+0200: 33.685: [GC (Allocation Failure) [PSYoungGen: 618245K->29892K(644096K)] 643025K->54672K(2042368K), 0.0111526 secs] [Times: user=0.13 sys=0.00, real=0.01 secs] 
2020-09-29T17:48:57.328+0200: 33.750: [GC (Allocation Failure) [PSYoungGen: 619204K->31236K(644096K)] 643984K->56016K(2042368K), 0.0136748 secs] [Times: user=0.11 sys=0.00, real=0.01 secs] 
2020-09-29T17:48:57.400+0200: 33.822: [GC (Allocation Failure) [PSYoungGen: 620548K->31460K(645632K)] 645328K->56240K(2043904K), 0.0133782 secs] [Times: user=0.13 sys=0.00, real=0.01 secs] 
2020-09-29T17:48:57.466+0200: 33.888: [GC (Allocation Failure) [PSYoungGen: 622820K->47012K(638464K)] 647600K->71792K(2036736K), 0.0165099 secs] [Times: user=0.13 sys=0.00, real=0.02 secs] 
2020-09-29T17:48:57.534+0200: 33.955: [GC (Allocation Failure) [PSYoungGen: 638372K->50469K(637952K)] 663152K->75249K(2036224K), 0.0172332 secs] [Times: user=0.13 sys=0.00, real=0.02 secs] 
2020-09-29T17:48:57.603+0200: 34.024: [GC (Allocation Failure) [PSYoungGen: 632613K->30981K(640512K)] 657393K->55761K(2038784K), 0.0113965 secs] [Times: user=0.13 sys=0.00, real=0.01 secs] 
2020-09-29T17:48:57.665+0200: 34.087: [GC (Allocation Failure) [PSYoungGen: 613125K->38885K(642560K)] 637905K->63665K(2040832K), 0.0136435 secs] [Times: user=0.13 sys=0.00, real=0.01 secs] 
2020-09-29T17:48:57.730+0200: 34.151: [GC (Allocation Failure) [PSYoungGen: 623589K->20931K(641024K)] 648369K->45711K(2039296K), 0.0106668 secs] [Times: user=0.11 sys=0.00, real=0.01 secs] 
2020-09-29T17:48:57.791+0200: 34.213: [GC (Allocation Failure) [PSYoungGen: 605635K->31397K(642560K)] 630415K->56177K(2040832K), 0.0112478 secs] [Times: user=0.13 sys=0.00, real=0.01 secs] 
2020-09-29T17:48:57.861+0200: 34.282: [GC (Allocation Failure) [PSYoungGen: 616613K->23490K(641536K)] 641393K->48270K(2039808K), 0.0104135 secs] [Times: user=0.13 sys=0.00, real=0.01 secs] 
2020-09-29T17:48:57.921+0200: 34.342: [GC (Allocation Failure) [PSYoungGen: 608706K->17444K(640512K)] 633486K->42224K(2038784K), 0.0067133 secs] [Times: user=0.13 sys=0.00, real=0.01 secs] 
2020-09-29T17:48:57.978+0200: 34.399: [GC (Allocation Failure) [PSYoungGen: 601636K->25573K(641536K)] 626416K->50353K(2039808K), 0.0102148 secs] [Times: user=0.00 sys=0.00, real=0.01 secs] 
2020-09-29T17:48:58.040+0200: 34.461: [GC (Allocation Failure) [PSYoungGen: 609765K->35141K(644096K)] 634545K->59921K(2042368K), 0.0131121 secs] [Times: user=0.13 sys=0.00, real=0.01 secs] 
2020-09-29T17:48:58.103+0200: 34.525: [GC (Allocation Failure) [PSYoungGen: 623429K->34979K(643072K)] 648209K->59759K(2041344K), 0.0133688 secs] [Times: user=0.13 sys=0.00, real=0.01 secs] 
2020-09-29T17:48:58.167+0200: 34.588: [GC (Allocation Failure) [PSYoungGen: 623267K->19107K(644608K)] 648047K->43887K(2042880K), 0.0080541 secs] [Times: user=0.00 sys=0.00, real=0.01 secs] 
2020-09-29T17:48:58.226+0200: 34.647: [GC (Allocation Failure) [PSYoungGen: 610467K->36293K(645120K)] 635247K->61073K(2043392K), 0.0131263 secs] [Times: user=0.00 sys=0.00, real=0.01 secs] 
2020-09-29T17:48:58.289+0200: 34.711: [GC (Allocation Failure) [PSYoungGen: 627653K->38244K(644608K)] 652433K->63024K(2042880K), 0.0141270 secs] [Times: user=0.13 sys=0.00, real=0.01 secs] 
2020-09-29T17:48:58.354+0200: 34.776: [GC (Allocation Failure) [PSYoungGen: 629604K->28005K(645120K)] 654384K->52785K(2043392K), 0.0100655 secs] [Times: user=0.13 sys=0.00, real=0.02 secs] 
2020-09-29T17:48:58.423+0200: 34.845: [GC (Allocation Failure) [PSYoungGen: 619365K->45093K(640512K)] 644145K->69873K(2038784K), 0.0157836 secs] [Times: user=0.13 sys=0.00, real=0.02 secs] 
2020-09-29T17:48:58.489+0200: 34.911: [GC (Allocation Failure) [PSYoungGen: 633381K->31781K(643584K)] 658161K->56561K(2041856K), 0.0106316 secs] [Times: user=0.00 sys=0.00, real=0.01 secs] 
2020-09-29T17:48:58.550+0200: 34.971: [GC (Allocation Failure) [PSYoungGen: 620069K->45925K(640512K)] 644849K->70705K(2038784K), 0.0154975 secs] [Times: user=0.08 sys=0.00, real=0.02 secs] 
2020-09-29T17:48:58.618+0200: 35.039: [GC (Allocation Failure) [PSYoungGen: 633189K->44388K(631808K)] 657969K->69168K(2030080K), 0.0167344 secs] [Times: user=0.13 sys=0.00, real=0.02 secs] 
2020-09-29T17:48:58.685+0200: 35.106: [GC (Allocation Failure) [PSYoungGen: 631652K->43749K(639488K)] 656432K->68529K(2037760K), 0.0152507 secs] [Times: user=0.13 sys=0.00, real=0.02 secs] 
2020-09-29T17:48:58.752+0200: 35.174: [GC (Allocation Failure) [PSYoungGen: 625893K->37925K(640512K)] 650673K->62705K(2038784K), 0.0155770 secs] [Times: user=0.11 sys=0.00, real=0.02 secs] 
2020-09-29T17:48:58.821+0200: 35.243: [GC (Allocation Failure) [PSYoungGen: 620069K->45701K(638976K)] 644849K->70481K(2037248K), 0.0185576 secs] [Times: user=0.13 sys=0.00, real=0.02 secs] 
2020-09-29T17:48:58.892+0200: 35.314: [GC (Allocation Failure) [PSYoungGen: 627845K->39941K(640512K)] 652625K->64721K(2038784K), 0.0156766 secs] [Times: user=0.11 sys=0.00, real=0.02 secs] 
2020-09-29T17:48:58.959+0200: 35.380: [GC (Allocation Failure) [PSYoungGen: 622085K->33700K(643072K)] 646865K->58480K(2041344K), 0.0127952 secs] [Times: user=0.00 sys=0.00, real=0.01 secs] 
2020-09-29T17:48:59.023+0200: 35.445: [GC (Allocation Failure) [PSYoungGen: 619940K->55781K(642048K)] 644720K->84089K(2040320K), 0.0205502 secs] [Times: user=0.13 sys=0.00, real=0.02 secs] 
2020-09-29T17:48:59.093+0200: 35.515: [GC (Allocation Failure) [PSYoungGen: 642021K->29860K(632832K)] 670329K->58168K(2031104K), 0.0114156 secs] [Times: user=0.13 sys=0.00, real=0.01 secs] 
2020-09-29T17:48:59.156+0200: 35.578: [GC (Allocation Failure) [PSYoungGen: 605860K->45349K(621568K)] 634168K->73657K(2019840K), 0.0153371 secs] [Times: user=0.13 sys=0.00, real=0.02 secs] 
2020-09-29T17:48:59.221+0200: 35.642: [GC (Allocation Failure) [PSYoungGen: 621349K->33413K(638464K)] 649657K->61721K(2036736K), 0.0119752 secs] [Times: user=0.13 sys=0.00, real=0.01 secs] 
2020-09-29T17:48:59.282+0200: 35.704: [GC (Allocation Failure) [PSYoungGen: 609925K->35717K(636928K)] 638233K->64025K(2035200K), 0.0124617 secs] [Times: user=0.13 sys=0.00, real=0.01 secs] 
2020-09-29T17:48:59.345+0200: 35.767: [GC (Allocation Failure) [PSYoungGen: 612229K->24035K(638976K)] 640537K->52343K(2037248K), 0.0098163 secs] [Times: user=0.13 sys=0.00, real=0.01 secs] 
2020-09-29T17:48:59.404+0200: 35.826: [GC (Allocation Failure) [PSYoungGen: 604131K->29829K(639488K)] 632439K->58137K(2037760K), 0.0100602 secs] [Times: user=0.13 sys=0.00, real=0.01 secs] 
2020-09-29T17:48:59.463+0200: 35.885: [GC (Allocation Failure) [PSYoungGen: 609925K->34436K(642560K)] 638233K->62744K(2040832K), 0.0125116 secs] [Times: user=0.13 sys=0.00, real=0.01 secs] 
2020-09-29T17:48:59.526+0200: 35.948: [GC (Allocation Failure) [PSYoungGen: 618628K->28965K(640512K)] 646936K->57273K(2038784K), 0.0108533 secs] [Times: user=0.13 sys=0.00, real=0.01 secs] 
2020-09-29T17:48:59.588+0200: 36.010: [GC (Allocation Failure) [PSYoungGen: 613157K->52645K(634880K)] 641465K->80953K(2033152K), 0.0241901 secs] [Times: user=0.11 sys=0.00, real=0.02 secs] 
2020-09-29T17:48:59.663+0200: 36.085: [GC (Allocation Failure) [PSYoungGen: 631717K->27652K(638976K)] 660025K->55960K(2037248K), 0.0142013 secs] [Times: user=0.13 sys=0.00, real=0.01 secs] 
2020-09-29T17:48:59.727+0200: 36.149: [GC (Allocation Failure) [PSYoungGen: 606724K->46181K(636416K)] 635032K->74489K(2034688K), 0.0198656 secs] [Times: user=0.13 sys=0.00, real=0.02 secs] 
2020-09-29T17:48:59.797+0200: 36.219: [GC (Allocation Failure) [PSYoungGen: 623205K->31875K(637952K)] 651513K->60183K(2036224K), 0.0162300 secs] [Times: user=0.13 sys=0.00, real=0.02 secs] 
2020-09-29T17:48:59.865+0200: 36.286: [GC (Allocation Failure) [PSYoungGen: 608899K->48357K(635392K)] 637207K->76665K(2033664K), 0.0213862 secs] [Times: user=0.13 sys=0.00, real=0.02 secs] 
2020-09-29T17:48:59.935+0200: 36.357: [GC (Allocation Failure) [PSYoungGen: 624357K->36421K(637440K)] 652665K->64729K(2035712K), 0.0154629 secs] [Times: user=0.13 sys=0.00, real=0.02 secs] 
2020-09-29T17:49:00.002+0200: 36.424: [GC (Allocation Failure) [PSYoungGen: 612420K->22403K(638464K)] 640728K->50711K(2036736K), 0.0137583 secs] [Times: user=0.09 sys=0.00, real=0.01 secs] 
2020-09-29T17:49:00.066+0200: 36.488: [GC (Allocation Failure) [PSYoungGen: 601475K->40933K(638976K)] 629783K->69241K(2037248K), 0.0183580 secs] [Times: user=0.25 sys=0.00, real=0.02 secs] 
2020-09-29T17:49:00.134+0200: 36.556: [GC (Allocation Failure) [PSYoungGen: 620005K->32101K(641024K)] 648313K->60409K(2039296K), 0.0143405 secs] [Times: user=0.13 sys=0.00, real=0.01 secs] 
2020-09-29T17:49:00.204+0200: 36.626: [GC (Allocation Failure) [PSYoungGen: 613733K->25091K(639488K)] 642041K->53399K(2037760K), 0.0133909 secs] [Times: user=0.13 sys=0.00, real=0.01 secs] 
2020-09-29T17:49:00.268+0200: 36.689: [GC (Allocation Failure) [PSYoungGen: 606723K->46085K(637440K)] 635031K->74393K(2035712K), 0.0201596 secs] [Times: user=0.25 sys=0.00, real=0.02 secs] 
2020-09-29T17:49:00.337+0200: 36.759: [GC (Allocation Failure) [PSYoungGen: 626181K->36612K(639488K)] 654489K->64920K(2037760K), 0.0175379 secs] [Times: user=0.13 sys=0.00, real=0.02 secs] 
2020-09-29T17:49:00.404+0200: 36.826: [GC (Allocation Failure) [PSYoungGen: 616708K->28805K(642560K)] 645016K->57113K(2040832K), 0.0114502 secs] [Times: user=0.13 sys=0.00, real=0.01 secs] 
2020-09-29T17:49:00.465+0200: 36.887: [GC (Allocation Failure) [PSYoungGen: 614021K->39781K(641536K)] 642329K->68089K(2039808K), 0.0163543 secs] [Times: user=0.13 sys=0.00, real=0.02 secs] 
2020-09-29T17:49:00.533+0200: 36.954: [GC (Allocation Failure) [PSYoungGen: 624997K->36260K(644608K)] 653305K->64568K(2042880K), 0.0172122 secs] [Times: user=0.13 sys=0.00, real=0.02 secs] 
2020-09-29T17:49:00.602+0200: 37.024: [GC (Allocation Failure) [PSYoungGen: 625060K->23396K(643072K)] 653368K->51704K(2041344K), 0.0111963 secs] [Times: user=0.11 sys=0.00, real=0.01 secs] 
2020-09-29T17:49:00.665+0200: 37.086: [GC (Allocation Failure) [PSYoungGen: 612196K->36772K(645632K)] 640504K->65080K(2043904K), 0.0173909 secs] [Times: user=0.13 sys=0.00, real=0.02 secs] 
2020-09-29T17:49:00.732+0200: 37.154: [GC (Allocation Failure) [PSYoungGen: 628132K->24099K(644608K)] 656440K->52407K(2042880K), 0.0121081 secs] [Times: user=0.13 sys=0.00, real=0.01 secs] 
2020-09-29T17:49:00.795+0200: 37.217: [GC (Allocation Failure) [PSYoungGen: 615459K->12867K(642560K)] 643767K->41175K(2040832K), 0.0070660 secs] [Times: user=0.11 sys=0.00, real=0.01 secs] 
2020-09-29T17:49:00.854+0200: 37.276: [GC (Allocation Failure) [PSYoungGen: 602179K->41701K(631296K)] 630487K->70009K(2029568K), 0.0190438 secs] [Times: user=0.11 sys=0.00, real=0.02 secs] 
2020-09-29T17:49:00.926+0200: 37.348: [GC (Allocation Failure) [PSYoungGen: 631013K->28581K(644096K)] 659321K->56889K(2042368K), 0.0128102 secs] [Times: user=0.00 sys=0.00, real=0.01 secs] 
2020-09-29T17:49:00.990+0200: 37.412: [GC (Allocation Failure) [PSYoungGen: 616357K->42085K(642560K)] 644665K->70393K(2040832K), 0.0184437 secs] [Times: user=0.13 sys=0.00, real=0.02 secs] 
2020-09-29T17:49:01.059+0200: 37.481: [GC (Allocation Failure) [PSYoungGen: 629861K->39940K(642560K)] 658169K->68248K(2040832K), 0.0185166 secs] [Times: user=0.13 sys=0.00, real=0.02 secs] 
2020-09-29T17:49:01.128+0200: 37.549: [GC (Allocation Failure) [PSYoungGen: 626180K->34883K(642560K)] 654488K->63191K(2040832K), 0.0174432 secs] [Times: user=0.25 sys=0.00, real=0.02 secs] 
2020-09-29T17:49:01.196+0200: 37.617: [GC (Allocation Failure) [PSYoungGen: 621123K->30148K(645632K)] 649431K->58456K(2043904K), 0.0144117 secs] [Times: user=0.13 sys=0.00, real=0.01 secs] 
2020-09-29T17:49:01.263+0200: 37.684: [GC (Allocation Failure) [PSYoungGen: 621508K->33604K(644608K)] 649816K->61912K(2042880K), 0.0160491 secs] [Times: user=0.13 sys=0.00, real=0.02 secs] 
2020-09-29T17:49:01.330+0200: 37.751: [GC (Allocation Failure) [PSYoungGen: 624964K->37093K(648192K)] 653272K->65401K(2046464K), 0.0168307 secs] [Times: user=0.13 sys=0.00, real=0.02 secs] 
2020-09-29T17:49:01.403+0200: 37.824: [GC (Allocation Failure) [PSYoungGen: 634085K->46181K(643584K)] 662393K->74489K(2041856K), 0.0204287 secs] [Times: user=0.13 sys=0.00, real=0.02 secs] 
2020-09-29T17:49:01.474+0200: 37.895: [GC (Allocation Failure) [PSYoungGen: 643173K->24996K(645120K)] 671481K->53304K(2043392K), 0.0114848 secs] [Times: user=0.00 sys=0.00, real=0.01 secs] 
2020-09-29T17:49:01.535+0200: 37.956: [GC (Allocation Failure) [PSYoungGen: 616356K->27940K(645120K)] 644664K->56248K(2043392K), 0.0135967 secs] [Times: user=0.11 sys=0.01, real=0.01 secs] 
2020-09-29T17:49:01.602+0200: 38.023: [GC (Allocation Failure) [PSYoungGen: 619300K->17283K(644096K)] 647608K->45591K(2042368K), 0.0098556 secs] [Times: user=0.00 sys=0.00, real=0.01 secs] 
2020-09-29T17:49:01.673+0200: 38.094: [GC (Allocation Failure) [PSYoungGen: 608643K->34405K(645120K)] 636951K->62713K(2043392K), 0.0146344 secs] [Times: user=0.13 sys=0.00, real=0.01 secs] 
2020-09-29T17:49:01.746+0200: 38.167: [GC (Allocation Failure) [PSYoungGen: 625765K->51653K(636416K)] 654073K->79961K(2034688K), 0.0224626 secs] [Times: user=0.13 sys=0.00, real=0.02 secs] 
2020-09-29T17:49:01.822+0200: 38.243: [GC (Allocation Failure) [PSYoungGen: 635845K->34181K(641536K)] 664153K->62489K(2039808K), 0.0159406 secs] [Times: user=0.13 sys=0.00, real=0.02 secs] 
2020-09-29T17:49:01.888+0200: 38.309: [GC (Allocation Failure) [PSYoungGen: 618373K->30244K(645120K)] 646681K->58552K(2043392K), 0.0141727 secs] [Times: user=0.13 sys=0.00, real=0.01 secs] 
2020-09-29T17:49:01.955+0200: 38.376: [GC (Allocation Failure) [PSYoungGen: 620068K->17667K(643584K)] 648376K->45975K(2041856K), 0.0092334 secs] [Times: user=0.13 sys=0.00, real=0.01 secs] 
2020-09-29T17:49:02.015+0200: 38.436: [GC (Allocation Failure) [PSYoungGen: 607491K->17860K(644096K)] 635799K->46168K(2042368K), 0.0086119 secs] [Times: user=0.13 sys=0.00, real=0.01 secs] 
2020-09-29T17:49:02.084+0200: 38.505: [GC (Allocation Failure) [PSYoungGen: 607172K->46693K(636416K)] 635480K->75001K(2034688K), 0.0201903 secs] [Times: user=0.13 sys=0.00, real=0.02 secs] 
2020-09-29T17:49:02.156+0200: 38.577: [GC (Allocation Failure) [PSYoungGen: 636005K->34372K(642560K)] 664313K->62680K(2040832K), 0.0161046 secs] [Times: user=0.13 sys=0.00, real=0.02 secs] 
2020-09-29T17:49:02.222+0200: 38.643: [GC (Allocation Failure) [PSYoungGen: 618564K->29316K(640512K)] 646872K->57624K(2038784K), 0.0146495 secs] [Times: user=0.11 sys=0.00, real=0.02 secs] 
2020-09-29T17:49:02.287+0200: 38.708: [GC (Allocation Failure) [PSYoungGen: 613508K->39269K(643072K)] 641816K->67577K(2041344K), 0.0174281 secs] [Times: user=0.13 sys=0.00, real=0.02 secs] 
2020-09-29T17:49:02.355+0200: 38.776: [GC (Allocation Failure) [PSYoungGen: 627557K->39653K(643584K)] 655865K->67961K(2041856K), 0.0174706 secs] [Times: user=0.13 sys=0.00, real=0.02 secs] 
2020-09-29T17:49:02.423+0200: 38.844: [GC (Allocation Failure) [PSYoungGen: 627941K->26180K(644608K)] 656249K->54488K(2042880K), 0.0117716 secs] [Times: user=0.13 sys=0.00, real=0.01 secs] 
2020-09-29T17:49:02.486+0200: 38.907: [GC (Allocation Failure) [PSYoungGen: 615492K->54245K(643584K)] 643800K->83201K(2041856K), 0.0291009 secs] [Times: user=0.13 sys=0.00, real=0.03 secs] 
2020-09-29T17:49:02.566+0200: 38.987: [GC (Allocation Failure) [PSYoungGen: 643557K->29029K(636416K)] 672513K->57985K(2034688K), 0.0134284 secs] [Times: user=0.11 sys=0.00, real=0.01 secs] 
2020-09-29T17:49:02.630+0200: 39.052: [GC (Allocation Failure) [PSYoungGen: 610149K->49573K(630784K)] 639105K->78529K(2029056K), 0.0222411 secs] [Times: user=0.13 sys=0.00, real=0.02 secs] 
2020-09-29T17:49:02.702+0200: 39.124: [GC (Allocation Failure) [PSYoungGen: 630693K->42757K(636928K)] 659649K->71713K(2035200K), 0.0184793 secs] [Times: user=0.13 sys=0.00, real=0.02 secs] 
2020-09-29T17:49:02.774+0200: 39.196: [GC (Allocation Failure) [PSYoungGen: 617733K->28644K(636928K)] 646689K->57600K(2035200K), 0.0139020 secs] [Times: user=0.13 sys=0.00, real=0.01 secs] 
2020-09-29T17:49:02.836+0200: 39.258: [GC (Allocation Failure) [PSYoungGen: 603620K->23812K(638464K)] 632576K->52768K(2036736K), 0.0121900 secs] [Times: user=0.13 sys=0.00, real=0.01 secs] 
2020-09-29T17:49:02.899+0200: 39.321: [GC (Allocation Failure) [PSYoungGen: 601348K->40805K(637952K)] 630304K->69761K(2036224K), 0.0175711 secs] [Times: user=0.13 sys=0.00, real=0.02 secs] 
2020-09-29T17:49:02.967+0200: 39.388: [GC (Allocation Failure) [PSYoungGen: 618341K->44037K(637440K)] 647297K->72993K(2035712K), 0.0188052 secs] [Times: user=0.13 sys=0.00, real=0.02 secs] 
2020-09-29T17:49:03.035+0200: 39.457: [GC (Allocation Failure) [PSYoungGen: 621061K->32357K(637952K)] 650017K->61313K(2036224K), 0.0147813 secs] [Times: user=0.00 sys=0.02, real=0.01 secs] 
2020-09-29T17:49:03.103+0200: 39.525: [GC (Allocation Failure) [PSYoungGen: 609381K->35109K(642048K)] 638337K->64065K(2040320K), 0.0152124 secs] [Times: user=0.13 sys=0.00, real=0.02 secs] 
2020-09-29T17:49:03.169+0200: 39.590: [GC (Allocation Failure) [PSYoungGen: 617765K->43621K(639488K)] 646721K->72577K(2037760K), 0.0190550 secs] [Times: user=0.13 sys=0.00, real=0.02 secs] 
2020-09-29T17:49:03.238+0200: 39.660: [GC (Allocation Failure) [PSYoungGen: 626277K->38181K(642560K)] 655233K->67137K(2040832K), 0.0174856 secs] [Times: user=0.22 sys=0.00, real=0.02 secs] 
2020-09-29T17:49:03.306+0200: 39.728: [GC (Allocation Failure) [PSYoungGen: 622885K->20132K(641024K)] 651841K->49088K(2039296K), 0.0096386 secs] [Times: user=0.00 sys=0.00, real=0.01 secs] 
2020-09-29T17:49:03.365+0200: 39.787: [GC (Allocation Failure) [PSYoungGen: 604836K->29924K(643072K)] 633792K->58880K(2041344K), 0.0142915 secs] [Times: user=0.13 sys=0.00, real=0.02 secs] 
2020-09-29T17:49:03.430+0200: 39.852: [GC (Allocation Failure) [PSYoungGen: 615652K->26564K(641536K)] 644608K->55520K(2039808K), 0.0125467 secs] [Times: user=0.13 sys=0.00, real=0.01 secs] 
2020-09-29T17:49:03.497+0200: 39.918: [GC (Allocation Failure) [PSYoungGen: 612292K->38085K(644096K)] 641248K->67041K(2042368K), 0.0169426 secs] [Times: user=0.13 sys=0.00, real=0.02 secs] 
2020-09-29T17:49:03.567+0200: 39.988: [GC (Allocation Failure) [PSYoungGen: 626885K->38756K(643584K)] 655841K->67712K(2041856K), 0.0185021 secs] [Times: user=0.13 sys=0.00, real=0.02 secs] 
2020-09-29T17:49:03.638+0200: 40.059: [GC (Allocation Failure) [PSYoungGen: 627556K->39685K(644608K)] 656512K->68641K(2042880K), 0.0184610 secs] [Times: user=0.11 sys=0.00, real=0.02 secs] 
2020-09-29T17:49:03.707+0200: 40.129: [GC (Allocation Failure) [PSYoungGen: 630021K->54245K(644608K)] 658977K->84673K(2042880K), 0.0238555 secs] [Times: user=0.13 sys=0.00, real=0.02 secs] 
2020-09-29T17:49:03.782+0200: 40.204: [GC (Allocation Failure) [PSYoungGen: 644581K->30853K(635392K)] 675009K->61281K(2033664K), 0.0132467 secs] [Times: user=0.13 sys=0.00, real=0.01 secs] 
2020-09-29T17:49:03.844+0200: 40.266: [GC (Allocation Failure) [PSYoungGen: 611973K->36389K(640000K)] 642401K->66817K(2038272K), 0.0165749 secs] [Times: user=0.13 sys=0.00, real=0.02 secs] 
2020-09-29T17:49:03.917+0200: 40.339: [GC (Allocation Failure) [PSYoungGen: 617509K->43333K(641024K)] 647937K->73761K(2039296K), 0.0188828 secs] [Times: user=0.13 sys=0.00, real=0.02 secs] 
2020-09-29T17:49:03.986+0200: 40.408: [GC (Allocation Failure) [PSYoungGen: 627525K->39525K(641536K)] 657953K->69953K(2039808K), 0.0174747 secs] [Times: user=0.25 sys=0.00, real=0.02 secs] 
2020-09-29T17:49:04.054+0200: 40.476: [GC (Allocation Failure) [PSYoungGen: 623717K->21604K(641024K)] 654145K->52032K(2039296K), 0.0098727 secs] [Times: user=0.00 sys=0.00, real=0.01 secs] 
2020-09-29T17:49:04.115+0200: 40.537: [GC (Allocation Failure) [PSYoungGen: 606820K->32420K(642048K)] 637248K->62848K(2040320K), 0.0152747 secs] [Times: user=0.13 sys=0.00, real=0.02 secs] 
2020-09-29T17:49:04.181+0200: 40.602: [GC (Allocation Failure) [PSYoungGen: 617636K->42532K(642560K)] 648064K->72960K(2040832K), 0.0192129 secs] [Times: user=0.13 sys=0.00, real=0.02 secs] 
2020-09-29T17:49:04.250+0200: 40.672: [GC (Allocation Failure) [PSYoungGen: 629796K->28197K(643072K)] 660224K->58625K(2041344K), 0.0122334 secs] [Times: user=0.13 sys=0.00, real=0.01 secs] 
2020-09-29T17:49:04.312+0200: 40.734: [GC (Allocation Failure) [PSYoungGen: 615461K->27173K(644096K)] 645889K->57601K(2042368K), 0.0117249 secs] [Times: user=0.13 sys=0.00, real=0.01 secs] 
2020-09-29T17:49:04.378+0200: 40.799: [GC (Allocation Failure) [PSYoungGen: 615973K->54757K(643584K)] 646401K->85745K(2041856K), 0.0235782 secs] [Times: user=0.25 sys=0.00, real=0.02 secs] 
2020-09-29T17:49:04.451+0200: 40.873: [GC (Allocation Failure) [PSYoungGen: 643557K->28997K(635392K)] 674545K->59985K(2033664K), 0.0134563 secs] [Times: user=0.13 sys=0.00, real=0.01 secs] 
2020-09-29T17:49:04.514+0200: 40.936: [GC (Allocation Failure) [PSYoungGen: 609093K->48453K(628736K)] 640081K->79441K(2027008K), 0.0202712 secs] [Times: user=0.13 sys=0.00, real=0.02 secs] 
2020-09-29T17:49:04.585+0200: 41.007: [GC (Allocation Failure) [PSYoungGen: 628549K->40164K(638464K)] 659537K->71152K(2036736K), 0.0158421 secs] [Times: user=0.11 sys=0.00, real=0.02 secs] 
2020-09-29T17:49:04.652+0200: 41.074: [GC (Allocation Failure) [PSYoungGen: 616676K->41540K(636928K)] 647664K->72528K(2035200K), 0.0147919 secs] [Times: user=0.13 sys=0.00, real=0.02 secs] 
2020-09-29T17:49:04.717+0200: 41.138: [GC (Allocation Failure) [PSYoungGen: 618052K->30181K(640000K)] 649040K->61169K(2038272K), 0.0105997 secs] [Times: user=0.13 sys=0.00, real=0.01 secs] 
2020-09-29T17:49:04.778+0200: 41.200: [GC (Allocation Failure) [PSYoungGen: 610277K->35780K(638976K)] 641265K->66768K(2037248K), 0.0142425 secs] [Times: user=0.13 sys=0.00, real=0.01 secs] 
2020-09-29T17:49:04.841+0200: 41.263: [GC (Allocation Failure) [PSYoungGen: 615876K->39940K(643072K)] 646864K->70928K(2041344K), 0.0141878 secs] [Times: user=0.13 sys=0.00, real=0.01 secs] 
2020-09-29T17:49:04.906+0200: 41.327: [GC (Allocation Failure) [PSYoungGen: 626180K->52005K(638464K)] 657168K->82993K(2036736K), 0.0173887 secs] [Times: user=0.13 sys=0.00, real=0.02 secs] 
2020-09-29T17:49:04.973+0200: 41.395: [GC (Allocation Failure) [PSYoungGen: 638245K->50373K(634880K)] 669233K->81361K(2033152K), 0.0169396 secs] [Times: user=0.13 sys=0.00, real=0.02 secs] 
2020-09-29T17:49:05.041+0200: 41.463: [GC (Allocation Failure) [PSYoungGen: 625349K->37348K(636928K)] 656337K->68336K(2035200K), 0.0141242 secs] [Times: user=0.13 sys=0.00, real=0.01 secs] 
2020-09-29T17:49:05.104+0200: 41.526: [GC (Allocation Failure) [PSYoungGen: 612324K->23780K(636928K)] 643312K->54768K(2035200K), 0.0090258 secs] [Times: user=0.00 sys=0.00, real=0.01 secs] 
2020-09-29T17:49:05.162+0200: 41.584: [GC (Allocation Failure) [PSYoungGen: 600804K->40293K(637952K)] 631792K->71281K(2036224K), 0.0141103 secs] [Times: user=0.13 sys=0.00, real=0.02 secs] 
2020-09-29T17:49:05.226+0200: 41.648: [GC (Allocation Failure) [PSYoungGen: 617317K->43045K(640000K)] 648305K->74033K(2038272K), 0.0147543 secs] [Times: user=0.13 sys=0.00, real=0.02 secs] 
2020-09-29T17:49:05.299+0200: 41.721: [GC (Allocation Failure) [PSYoungGen: 623653K->35588K(639488K)] 654641K->66576K(2037760K), 0.0130245 secs] [Times: user=0.13 sys=0.00, real=0.01 secs] 
2020-09-29T17:49:05.366+0200: 41.788: [GC (Allocation Failure) [PSYoungGen: 616196K->41764K(642048K)] 647184K->72752K(2040320K), 0.0176793 secs] [Times: user=0.13 sys=0.00, real=0.02 secs] 
2020-09-29T17:49:05.436+0200: 41.858: [GC (Allocation Failure) [PSYoungGen: 625956K->37892K(641024K)] 656944K->68880K(2039296K), 0.0147200 secs] [Times: user=0.13 sys=0.00, real=0.01 secs] 
2020-09-29T17:49:05.504+0200: 41.926: [GC (Allocation Failure) [PSYoungGen: 622084K->47877K(640512K)] 653072K->78865K(2038784K), 0.0171435 secs] [Times: user=0.06 sys=0.00, real=0.02 secs] 
2020-09-29T17:49:05.572+0200: 41.994: [GC (Allocation Failure) [PSYoungGen: 633093K->45093K(630784K)] 664081K->76081K(2029056K), 0.0169673 secs] [Times: user=0.11 sys=0.00, real=0.02 secs] 
2020-09-29T17:49:05.641+0200: 42.063: [GC (Allocation Failure) [PSYoungGen: 630309K->28356K(640512K)] 661297K->59344K(2038784K), 0.0111616 secs] [Times: user=0.13 sys=0.00, real=0.01 secs] 
2020-09-29T17:49:05.703+0200: 42.125: [GC (Allocation Failure) [PSYoungGen: 611524K->37060K(641024K)] 642512K->68048K(2039296K), 0.0133812 secs] [Times: user=0.13 sys=0.00, real=0.01 secs] 
2020-09-29T17:49:05.767+0200: 42.189: [GC (Allocation Failure) [PSYoungGen: 620228K->32325K(643072K)] 651216K->63313K(2041344K), 0.0127290 secs] [Times: user=0.11 sys=0.00, real=0.01 secs] 
2020-09-29T17:49:05.830+0200: 42.252: [GC (Allocation Failure) [PSYoungGen: 619077K->44805K(642560K)] 650065K->75793K(2040832K), 0.0159248 secs] [Times: user=0.13 sys=0.00, real=0.02 secs] 
2020-09-29T17:49:05.896+0200: 42.318: [GC (Allocation Failure) [PSYoungGen: 631557K->29156K(642560K)] 662545K->60144K(2040832K), 0.0108482 secs] [Times: user=0.00 sys=0.00, real=0.01 secs] 
2020-09-29T17:49:05.957+0200: 42.379: [GC (Allocation Failure) [PSYoungGen: 615396K->25603K(642560K)] 646384K->56591K(2040832K), 0.0107151 secs] [Times: user=0.00 sys=0.00, real=0.01 secs] 
2020-09-29T17:49:06.020+0200: 42.442: [GC (Allocation Failure) [PSYoungGen: 611843K->37413K(644096K)] 642831K->68401K(2042368K), 0.0135542 secs] [Times: user=0.00 sys=0.00, real=0.01 secs] 
2020-09-29T17:49:06.085+0200: 42.506: [GC (Allocation Failure) [PSYoungGen: 625189K->19395K(642560K)] 656177K->50383K(2040832K), 0.0080346 secs] [Times: user=0.00 sys=0.00, real=0.01 secs] 
2020-09-29T17:49:06.143+0200: 42.565: [GC (Allocation Failure) [PSYoungGen: 607171K->46437K(637952K)] 638159K->77425K(2036224K), 0.0161971 secs] [Times: user=0.13 sys=0.00, real=0.02 secs] 
2020-09-29T17:49:06.209+0200: 42.630: [GC (Allocation Failure) [PSYoungGen: 627217K->24579K(640512K)] 658205K->55567K(2038784K), 0.0099783 secs] [Times: user=0.00 sys=0.00, real=0.01 secs] 
2020-09-29T17:49:06.268+0200: 42.690: [GC (Allocation Failure) [PSYoungGen: 606723K->28900K(642048K)] 637711K->59888K(2040320K), 0.0110135 secs] [Times: user=0.13 sys=0.00, real=0.01 secs] 
2020-09-29T17:49:06.329+0200: 42.751: [GC (Allocation Failure) [PSYoungGen: 613092K->38789K(641024K)] 644080K->69777K(2039296K), 0.0135703 secs] [Times: user=0.13 sys=0.00, real=0.01 secs] 
2020-09-29T17:49:06.392+0200: 42.814: [GC (Allocation Failure) [PSYoungGen: 622981K->34469K(644608K)] 653969K->65457K(2042880K), 0.0126823 secs] [Times: user=0.13 sys=0.00, real=0.01 secs] 
2020-09-29T17:49:06.455+0200: 42.877: [GC (Allocation Failure) [PSYoungGen: 622757K->34853K(642560K)] 653745K->65841K(2040832K), 0.0122426 secs] [Times: user=0.13 sys=0.00, real=0.01 secs] 
2020-09-29T17:49:06.518+0200: 42.939: [GC (Allocation Failure) [PSYoungGen: 623141K->48901K(639488K)] 654129K->79889K(2037760K), 0.0170557 secs] [Times: user=0.14 sys=0.00, real=0.02 secs] 
2020-09-29T17:49:06.586+0200: 43.008: [GC (Allocation Failure) [PSYoungGen: 636165K->32708K(643072K)] 667153K->63696K(2041344K), 0.0136402 secs] [Times: user=0.11 sys=0.00, real=0.01 secs] 
2020-09-29T17:49:06.652+0200: 43.074: [GC (Allocation Failure) [PSYoungGen: 619972K->45028K(641536K)] 650960K->76016K(2039808K), 0.0161453 secs] [Times: user=0.13 sys=0.00, real=0.02 secs] 
2020-09-29T17:49:06.718+0200: 43.140: [GC (Allocation Failure) [PSYoungGen: 632292K->28867K(643072K)] 663280K->59855K(2041344K), 0.0116305 secs] [Times: user=0.13 sys=0.00, real=0.01 secs] 
2020-09-29T17:49:06.780+0200: 43.202: [GC (Allocation Failure) [PSYoungGen: 616131K->40229K(643584K)] 647119K->71217K(2041856K), 0.0155797 secs] [Times: user=0.11 sys=0.00, real=0.02 secs] 
2020-09-29T17:49:06.847+0200: 43.268: [GC (Allocation Failure) [PSYoungGen: 628517K->26245K(643584K)] 659505K->57233K(2041856K), 0.0100844 secs] [Times: user=0.13 sys=0.00, real=0.01 secs] 
2020-09-29T17:49:06.907+0200: 43.328: [GC (Allocation Failure) [PSYoungGen: 614533K->25380K(644096K)] 645521K->56368K(2042368K), 0.0094723 secs] [Times: user=0.13 sys=0.00, real=0.01 secs] 
2020-09-29T17:49:06.966+0200: 43.388: [GC (Allocation Failure) [PSYoungGen: 614692K->26757K(644096K)] 645680K->57745K(2042368K), 0.0087542 secs] [Times: user=0.13 sys=0.00, real=0.01 secs] 
2020-09-29T17:49:07.032+0200: 43.453: [GC (Allocation Failure) [PSYoungGen: 616069K->41797K(643072K)] 647057K->72785K(2041344K), 0.0173398 secs] [Times: user=0.11 sys=0.00, real=0.02 secs] 
2020-09-29T17:49:07.103+0200: 43.524: [GC (Allocation Failure) [PSYoungGen: 631109K->27779K(644096K)] 662097K->58767K(2042368K), 0.0122472 secs] [Times: user=0.13 sys=0.00, real=0.01 secs] 
2020-09-29T17:49:07.168+0200: 43.590: [GC (Allocation Failure) [PSYoungGen: 617091K->27461K(645632K)] 648079K->58449K(2043904K), 0.0104369 secs] [Times: user=0.13 sys=0.00, real=0.01 secs] 
2020-09-29T17:49:07.229+0200: 43.651: [GC (Allocation Failure) [PSYoungGen: 618821K->30051K(644608K)] 649809K->61039K(2042880K), 0.0118664 secs] [Times: user=0.13 sys=0.00, real=0.01 secs] 
2020-09-29T17:49:07.292+0200: 43.713: [GC (Allocation Failure) [PSYoungGen: 621411K->31716K(648704K)] 652399K->62704K(2046976K), 0.0115721 secs] [Times: user=0.13 sys=0.00, real=0.01 secs] 
2020-09-29T17:49:07.355+0200: 43.776: [GC (Allocation Failure) [PSYoungGen: 628708K->40773K(647168K)] 659696K->71761K(2045440K), 0.0135140 secs] [Times: user=0.13 sys=0.00, real=0.01 secs] 
2020-09-29T17:49:07.419+0200: 43.841: [GC (Allocation Failure) [PSYoungGen: 637765K->49893K(638464K)] 668753K->80881K(2036736K), 0.0169698 secs] [Times: user=0.13 sys=0.00, real=0.02 secs] 
2020-09-29T17:49:07.487+0200: 43.908: [GC (Allocation Failure) [PSYoungGen: 637157K->35525K(643072K)] 668145K->66513K(2041344K), 0.0125140 secs] [Times: user=0.13 sys=0.00, real=0.01 secs] 
2020-09-29T17:49:07.552+0200: 43.973: [GC (Allocation Failure) [PSYoungGen: 622789K->48581K(638976K)] 653777K->79569K(2037248K), 0.0165188 secs] [Times: user=0.13 sys=0.00, real=0.02 secs] 
2020-09-29T17:49:07.621+0200: 44.042: [GC (Allocation Failure) [PSYoungGen: 633797K->45861K(631296K)] 664785K->76849K(2029568K), 0.0176619 secs] [Times: user=0.11 sys=0.00, real=0.02 secs] 
2020-09-29T17:49:07.689+0200: 44.110: [GC (Allocation Failure) [PSYoungGen: 631077K->29509K(641536K)] 662065K->60497K(2039808K), 0.0108363 secs] [Times: user=0.13 sys=0.00, real=0.01 secs] 
2020-09-29T17:49:07.750+0200: 44.171: [GC (Allocation Failure) [PSYoungGen: 612677K->38405K(640512K)] 643665K->69393K(2038784K), 0.0129423 secs] [Times: user=0.13 sys=0.00, real=0.01 secs] 
2020-09-29T17:49:07.816+0200: 44.237: [GC (Allocation Failure) [PSYoungGen: 621573K->33733K(644096K)] 652561K->64721K(2042368K), 0.0126444 secs] [Times: user=0.13 sys=0.00, real=0.01 secs] 
2020-09-29T17:49:07.879+0200: 44.300: [GC (Allocation Failure) [PSYoungGen: 621509K->33637K(642560K)] 652497K->64625K(2040832K), 0.0113061 secs] [Times: user=0.13 sys=0.00, real=0.01 secs] 
2020-09-29T17:49:07.941+0200: 44.362: [GC (Allocation Failure) [PSYoungGen: 621413K->33477K(646656K)] 652401K->64465K(2044928K), 0.0123674 secs] [Times: user=0.11 sys=0.00, real=0.01 secs] 
2020-09-29T17:49:08.005+0200: 44.426: [GC (Allocation Failure) [PSYoungGen: 626885K->25060K(645632K)] 657873K->56048K(2043904K), 0.0094485 secs] [Times: user=0.00 sys=0.00, real=0.01 secs] 
2020-09-29T17:49:08.067+0200: 44.488: [GC (Allocation Failure) [PSYoungGen: 618468K->29380K(647168K)] 649456K->60368K(2045440K), 0.0113296 secs] [Times: user=0.13 sys=0.00, real=0.01 secs] 
2020-09-29T17:49:08.131+0200: 44.552: [GC (Allocation Failure) [PSYoungGen: 623812K->35813K(646144K)] 654800K->66801K(2044416K), 0.0131489 secs] [Times: user=0.00 sys=0.00, real=0.01 secs] 
2020-09-29T17:49:08.194+0200: 44.615: [GC (Allocation Failure) [PSYoungGen: 630245K->40645K(647168K)] 661233K->71633K(2045440K), 0.0142246 secs] [Times: user=0.13 sys=0.00, real=0.02 secs] 
2020-09-29T17:49:08.260+0200: 44.681: [GC (Allocation Failure) [PSYoungGen: 637125K->18626K(615424K)] 668113K->49614K(2013696K), 0.0088753 secs] [Times: user=0.00 sys=0.00, real=0.01 secs] 
2020-09-29T17:49:08.320+0200: 44.741: [GC (Allocation Failure) [PSYoungGen: 615106K->40901K(644608K)] 646094K->71889K(2042880K), 0.0146658 secs] [Times: user=0.13 sys=0.00, real=0.02 secs] 
2020-09-29T17:49:08.385+0200: 44.806: [GC (Allocation Failure) [PSYoungGen: 633285K->31621K(645632K)] 664273K->62609K(2043904K), 0.0107988 secs] [Times: user=0.13 sys=0.00, real=0.01 secs] 
2020-09-29T17:49:08.447+0200: 44.868: [GC (Allocation Failure) [PSYoungGen: 624005K->36133K(648192K)] 654993K->67121K(2046464K), 0.0127509 secs] [Times: user=0.13 sys=0.00, real=0.01 secs] 
2020-09-29T17:49:08.511+0200: 44.932: [GC (Allocation Failure) [PSYoungGen: 632613K->15683K(612352K)] 663601K->46671K(2010624K), 0.0070695 secs] [Times: user=0.00 sys=0.00, real=0.01 secs] 
2020-09-29T17:49:08.569+0200: 44.990: [GC (Allocation Failure) [PSYoungGen: 612163K->51653K(636416K)] 643151K->82641K(2034688K), 0.0189830 secs] [Times: user=0.08 sys=0.00, real=0.02 secs] 
2020-09-29T17:49:08.640+0200: 45.061: [GC (Allocation Failure) [PSYoungGen: 635845K->33892K(641536K)] 666833K->64880K(2039808K), 0.0131110 secs] [Times: user=0.13 sys=0.00, real=0.01 secs] 
2020-09-29T17:49:08.704+0200: 45.125: [GC (Allocation Failure) [PSYoungGen: 618084K->43877K(640512K)] 649072K->74865K(2038784K), 0.0148761 secs] [Times: user=0.13 sys=0.00, real=0.01 secs] 
2020-09-29T17:49:08.768+0200: 45.189: [GC (Allocation Failure) [PSYoungGen: 629093K->41189K(642048K)] 660081K->72177K(2040320K), 0.0138691 secs] [Times: user=0.13 sys=0.00, real=0.01 secs] 
2020-09-29T17:49:08.832+0200: 45.253: [GC (Allocation Failure) [PSYoungGen: 626405K->38533K(643072K)] 657393K->69521K(2041344K), 0.0136426 secs] [Times: user=0.00 sys=0.03, real=0.01 secs] 
2020-09-29T17:49:08.896+0200: 45.317: [GC (Allocation Failure) [PSYoungGen: 624773K->50501K(636928K)] 655761K->81489K(2035200K), 0.0172695 secs] [Times: user=0.13 sys=0.00, real=0.02 secs] 
2020-09-29T17:49:08.963+0200: 45.384: [GC (Allocation Failure) [PSYoungGen: 636741K->21381K(638464K)] 667729K->52369K(2036736K), 0.0078150 secs] [Times: user=0.00 sys=0.00, real=0.01 secs] 
2020-09-29T17:49:09.021+0200: 45.442: [GC (Allocation Failure) [PSYoungGen: 600453K->39076K(638976K)] 631441K->70064K(2037248K), 0.0146006 secs] [Times: user=0.02 sys=0.00, real=0.02 secs] 
2020-09-29T17:49:09.085+0200: 45.506: [GC (Allocation Failure) [PSYoungGen: 618148K->30181K(641536K)] 649136K->61169K(2039808K), 0.0108941 secs] [Times: user=0.00 sys=0.00, real=0.01 secs] 
2020-09-29T17:49:09.146+0200: 45.567: [GC (Allocation Failure) [PSYoungGen: 612837K->37029K(640000K)] 643825K->68017K(2038272K), 0.0138065 secs] [Times: user=0.00 sys=0.00, real=0.01 secs] 
2020-09-29T17:49:09.210+0200: 45.631: [GC (Allocation Failure) [PSYoungGen: 619685K->28964K(644096K)] 650673K->59952K(2042368K), 0.0114021 secs] [Times: user=0.00 sys=0.00, real=0.01 secs] 
2020-09-29T17:49:09.272+0200: 45.693: [GC (Allocation Failure) [PSYoungGen: 617252K->29317K(643072K)] 648240K->60305K(2041344K), 0.0103411 secs] [Times: user=0.00 sys=0.00, real=0.01 secs] 
2020-09-29T17:49:09.332+0200: 45.754: [GC (Allocation Failure) [PSYoungGen: 617605K->11778K(641024K)] 648593K->42766K(2039296K), 0.0168845 secs] [Times: user=0.13 sys=0.00, real=0.02 secs] 
2020-09-29T17:49:09.400+0200: 45.821: [GC (Allocation Failure) [PSYoungGen: 599042K->35524K(643072K)] 630030K->66512K(2041344K), 0.0129973 secs] [Times: user=0.13 sys=0.00, real=0.01 secs] 
2020-09-29T17:49:09.463+0200: 45.884: [GC (Allocation Failure) [PSYoungGen: 622788K->48581K(636928K)] 653776K->79569K(2035200K), 0.0158373 secs] [Times: user=0.13 sys=0.00, real=0.02 secs] 
2020-09-29T17:49:09.529+0200: 45.950: [GC (Allocation Failure) [PSYoungGen: 630725K->42789K(625152K)] 661713K->73777K(2023424K), 0.0150314 secs] [Times: user=0.13 sys=0.00, real=0.01 secs] 
2020-09-29T17:49:09.595+0200: 46.017: [GC (Allocation Failure) [PSYoungGen: 624933K->50597K(633344K)] 655921K->81585K(2031616K), 0.0195983 secs] [Times: user=0.22 sys=0.00, real=0.02 secs] 
2020-09-29T17:49:09.666+0200: 46.087: [GC (Allocation Failure) [PSYoungGen: 624549K->36677K(636416K)] 655537K->67665K(2034688K), 0.0148391 secs] [Times: user=0.13 sys=0.00, real=0.02 secs] 
2020-09-29T17:49:09.733+0200: 46.155: [GC (Allocation Failure) [PSYoungGen: 610629K->36260K(641024K)] 641617K->67248K(2039296K), 0.0175200 secs] [Times: user=0.11 sys=0.00, real=0.02 secs] 
2020-09-29T17:49:09.803+0200: 46.225: [GC (Allocation Failure) [PSYoungGen: 617380K->43109K(638976K)] 648368K->74097K(2037248K), 0.0178535 secs] [Times: user=0.13 sys=0.00, real=0.02 secs] 
2020-09-29T17:49:09.873+0200: 46.294: [GC (Allocation Failure) [PSYoungGen: 624229K->20259K(639488K)] 655217K->51247K(2037760K), 0.0085375 secs] [Times: user=0.13 sys=0.00, real=0.01 secs] 
2020-09-29T17:49:09.930+0200: 46.352: [GC (Allocation Failure) [PSYoungGen: 601379K->24355K(640000K)] 632367K->55343K(2038272K), 0.0101267 secs] [Times: user=0.00 sys=0.00, real=0.01 secs] 
2020-09-29T17:49:09.991+0200: 46.412: [GC (Allocation Failure) [PSYoungGen: 605475K->31172K(642048K)] 636463K->62160K(2040320K), 0.0118714 secs] [Times: user=0.00 sys=0.00, real=0.01 secs] 
2020-09-29T17:49:10.056+0200: 46.477: [GC (Allocation Failure) [PSYoungGen: 614852K->26116K(640512K)] 645840K->57104K(2038784K), 0.0098470 secs] [Times: user=0.00 sys=0.00, real=0.01 secs] 
2020-09-29T17:49:10.116+0200: 46.537: [GC (Allocation Failure) [PSYoungGen: 609796K->35525K(644608K)] 640784K->66513K(2042880K), 0.0130305 secs] [Times: user=0.00 sys=0.00, real=0.01 secs] 
2020-09-29T17:49:10.179+0200: 46.600: [GC (Allocation Failure) [PSYoungGen: 624325K->19746K(643072K)] 655313K->50734K(2041344K), 0.0088939 secs] [Times: user=0.00 sys=0.00, real=0.01 secs] 
2020-09-29T17:49:10.242+0200: 46.663: [GC (Allocation Failure) [PSYoungGen: 608546K->34341K(645632K)] 639534K->65329K(2043904K), 0.0115449 secs] [Times: user=0.00 sys=0.00, real=0.01 secs] 
2020-09-29T17:49:10.305+0200: 46.726: [GC (Allocation Failure) [PSYoungGen: 625189K->50949K(642048K)] 656177K->81937K(2040320K), 0.0166561 secs] [Times: user=0.13 sys=0.00, real=0.02 secs] 
2020-09-29T17:49:10.372+0200: 46.794: [GC (Allocation Failure) [PSYoungGen: 641797K->38373K(641024K)] 672785K->69361K(2039296K), 0.0141385 secs] [Times: user=0.13 sys=0.00, real=0.01 secs] 
2020-09-29T17:49:10.437+0200: 46.858: [GC (Allocation Failure) [PSYoungGen: 622565K->34629K(641536K)] 653553K->65617K(2039808K), 0.0119072 secs] [Times: user=0.13 sys=0.00, real=0.01 secs] 
2020-09-29T17:49:10.499+0200: 46.920: [GC (Allocation Failure) [PSYoungGen: 618821K->44549K(640512K)] 649809K->75537K(2038784K), 0.0154925 secs] [Times: user=0.13 sys=0.00, real=0.01 secs] 
2020-09-29T17:49:10.564+0200: 46.985: [GC (Allocation Failure) [PSYoungGen: 629765K->41861K(642048K)] 660753K->72849K(2040320K), 0.0150376 secs] [Times: user=0.13 sys=0.00, real=0.02 secs] 
2020-09-29T17:49:10.631+0200: 47.053: [GC (Allocation Failure) [PSYoungGen: 627077K->38885K(643072K)] 658065K->69873K(2041344K), 0.0151809 secs] [Times: user=0.11 sys=0.00, real=0.01 secs] 
2020-09-29T17:49:10.697+0200: 47.118: [GC (Allocation Failure) [PSYoungGen: 625125K->37189K(642048K)] 656113K->68177K(2040320K), 0.0136269 secs] [Times: user=0.13 sys=0.00, real=0.01 secs] 
2020-09-29T17:49:10.761+0200: 47.182: [GC (Allocation Failure) [PSYoungGen: 623429K->20421K(642560K)] 654417K->51409K(2040832K), 0.0078755 secs] [Times: user=0.00 sys=0.00, real=0.01 secs] 
2020-09-29T17:49:10.819+0200: 47.241: [GC (Allocation Failure) [PSYoungGen: 608709K->34436K(643584K)] 639697K->65424K(2041856K), 0.0128433 secs] [Times: user=0.00 sys=0.00, real=0.01 secs] 
2020-09-29T17:49:10.883+0200: 47.304: [GC (Allocation Failure) [PSYoungGen: 622724K->48453K(639488K)] 653712K->79441K(2037760K), 0.0163606 secs] [Times: user=0.13 sys=0.00, real=0.02 secs] 
2020-09-29T17:49:10.950+0200: 47.372: [GC (Allocation Failure) [PSYoungGen: 634693K->33189K(642560K)] 665681K->64177K(2040832K), 0.0114505 secs] [Times: user=0.13 sys=0.00, real=0.01 secs] 
2020-09-29T17:49:11.013+0200: 47.434: [GC (Allocation Failure) [PSYoungGen: 619429K->45189K(641024K)] 650417K->76177K(2039296K), 0.0154275 secs] [Times: user=0.13 sys=0.00, real=0.02 secs] 
2020-09-29T17:49:11.078+0200: 47.500: [GC (Allocation Failure) [PSYoungGen: 631429K->28356K(642560K)] 662417K->59344K(2040832K), 0.0117366 secs] [Times: user=0.13 sys=0.00, real=0.01 secs] 
2020-09-29T17:49:11.142+0200: 47.563: [GC (Allocation Failure) [PSYoungGen: 614596K->25860K(643072K)] 645584K->56848K(2041344K), 0.0095269 secs] [Times: user=0.13 sys=0.00, real=0.01 secs] 
2020-09-29T17:49:11.201+0200: 47.623: [GC (Allocation Failure) [PSYoungGen: 612612K->37924K(642560K)] 643600K->68912K(2040832K), 0.0139561 secs] [Times: user=0.13 sys=0.00, real=0.01 secs] 
2020-09-29T17:49:11.266+0200: 47.687: [GC (Allocation Failure) [PSYoungGen: 624676K->36741K(645632K)] 655664K->67729K(2043904K), 0.0125688 secs] [Times: user=0.13 sys=0.00, real=0.01 secs] 
2020-09-29T17:49:11.331+0200: 47.752: [GC (Allocation Failure) [PSYoungGen: 627589K->24964K(644096K)] 658577K->55952K(2042368K), 0.0091541 secs] [Times: user=0.13 sys=0.00, real=0.01 secs] 
2020-09-29T17:49:11.391+0200: 47.812: [GC (Allocation Failure) [PSYoungGen: 615812K->41605K(643584K)] 646800K->72593K(2041856K), 0.0146086 secs] [Times: user=0.13 sys=0.00, real=0.01 secs] 
2020-09-29T17:49:11.456+0200: 47.877: [GC (Allocation Failure) [PSYoungGen: 631941K->30341K(644608K)] 662929K->61329K(2042880K), 0.0103656 secs] [Times: user=0.13 sys=0.00, real=0.01 secs] 
2020-09-29T17:49:11.516+0200: 47.938: [GC (Allocation Failure) [PSYoungGen: 620677K->29605K(646656K)] 651665K->60593K(2044928K), 0.0112175 secs] [Times: user=0.13 sys=0.00, real=0.01 secs] 
2020-09-29T17:49:11.579+0200: 48.001: [GC (Allocation Failure) [PSYoungGen: 623013K->34116K(645632K)] 654001K->65104K(2043904K), 0.0141494 secs] [Times: user=0.11 sys=0.00, real=0.01 secs] 
2020-09-29T17:49:11.646+0200: 48.067: [GC (Allocation Failure) [PSYoungGen: 627524K->39589K(647680K)] 658512K->70577K(2045952K), 0.0139479 secs] [Times: user=0.00 sys=0.00, real=0.01 secs] 
2020-09-29T17:49:11.711+0200: 48.132: [GC (Allocation Failure) [PSYoungGen: 637093K->35493K(648192K)] 668081K->66481K(2046464K), 0.0133409 secs] [Times: user=0.13 sys=0.00, real=0.01 secs] 
2020-09-29T17:49:11.776+0200: 48.197: [GC (Allocation Failure) [PSYoungGen: 632997K->45125K(645120K)] 663985K->76113K(2043392K), 0.0158320 secs] [Times: user=0.13 sys=0.00, real=0.02 secs] 
2020-09-29T17:49:11.844+0200: 48.265: [GC (Allocation Failure) [PSYoungGen: 640581K->38981K(647168K)] 671569K->69969K(2045440K), 0.0150847 secs] [Times: user=0.13 sys=0.00, real=0.01 secs] 
2020-09-29T17:49:11.910+0200: 48.332: [GC (Allocation Failure) [PSYoungGen: 634437K->32517K(648192K)] 665425K->63505K(2046464K), 0.0118610 secs] [Times: user=0.02 sys=0.00, real=0.01 secs] 
2020-09-29T17:49:11.974+0200: 48.395: [GC (Allocation Failure) [PSYoungGen: 628997K->50661K(647168K)] 659985K->85625K(2045440K), 0.0194327 secs] [Times: user=0.13 sys=0.00, real=0.02 secs] 
2020-09-29T17:49:12.045+0200: 48.466: [GC (Allocation Failure) [PSYoungGen: 647141K->22180K(636928K)] 682105K->57144K(2035200K), 0.0086761 secs] [Times: user=0.13 sys=0.00, real=0.01 secs] 
2020-09-29T17:49:12.103+0200: 48.525: [GC (Allocation Failure) [PSYoungGen: 607396K->32036K(642048K)] 642360K->67000K(2040320K), 0.0122569 secs] [Times: user=0.13 sys=0.00, real=0.01 secs] 
2020-09-29T17:49:12.166+0200: 48.587: [GC (Allocation Failure) [PSYoungGen: 617252K->29253K(644096K)] 652216K->64217K(2042368K), 0.0107148 secs] [Times: user=0.13 sys=0.00, real=0.01 secs] 
2020-09-29T17:49:12.227+0200: 48.648: [GC (Allocation Failure) [PSYoungGen: 617541K->29571K(643072K)] 652505K->64535K(2041344K), 0.0114596 secs] [Times: user=0.00 sys=0.00, real=0.01 secs] 
2020-09-29T17:49:12.289+0200: 48.711: [GC (Allocation Failure) [PSYoungGen: 617859K->43621K(642048K)] 652823K->78585K(2040320K), 0.0145482 secs] [Times: user=0.13 sys=0.00, real=0.01 secs] 
2020-09-29T17:49:12.355+0200: 48.776: [GC (Allocation Failure) [PSYoungGen: 631909K->43973K(632320K)] 666873K->78937K(2030592K), 0.0156161 secs] [Times: user=0.13 sys=0.00, real=0.01 secs] 
2020-09-29T17:49:12.421+0200: 48.842: [GC (Allocation Failure) [PSYoungGen: 632261K->28868K(643072K)] 667225K->63832K(2041344K), 0.0111935 secs] [Times: user=0.13 sys=0.00, real=0.01 secs] 
2020-09-29T17:49:12.482+0200: 48.904: [GC (Allocation Failure) [PSYoungGen: 615620K->27524K(642560K)] 650584K->62488K(2040832K), 0.0107499 secs] [Times: user=0.13 sys=0.00, real=0.01 secs] 
2020-09-29T17:49:12.543+0200: 48.965: [GC (Allocation Failure) [PSYoungGen: 614276K->38692K(644608K)] 649240K->73656K(2042880K), 0.0144281 secs] [Times: user=0.13 sys=0.00, real=0.02 secs] 
2020-09-29T17:49:12.610+0200: 49.032: [GC (Allocation Failure) [PSYoungGen: 628516K->40645K(644096K)] 663480K->75609K(2042368K), 0.0155355 secs] [Times: user=0.11 sys=0.00, real=0.02 secs] 
2020-09-29T17:49:12.676+0200: 49.098: [GC (Allocation Failure) [PSYoungGen: 630469K->42469K(643072K)] 665433K->77433K(2041344K), 0.0143946 secs] [Times: user=0.00 sys=0.00, real=0.01 secs] 
2020-09-29T17:49:12.741+0200: 49.163: [GC (Allocation Failure) [PSYoungGen: 630757K->55269K(643584K)] 665721K->91409K(2041856K), 0.0191508 secs] [Times: user=0.13 sys=0.00, real=0.02 secs] 
2020-09-29T17:49:12.811+0200: 49.233: [GC (Allocation Failure) [PSYoungGen: 643557K->28644K(633344K)] 679697K->64784K(2031616K), 0.0112465 secs] [Times: user=0.13 sys=0.00, real=0.01 secs] 
2020-09-29T17:49:12.872+0200: 49.294: [GC (Allocation Failure) [PSYoungGen: 606692K->18661K(596992K)] 642832K->54801K(1995264K), 0.0072217 secs] [Times: user=0.01 sys=0.00, real=0.01 secs] 
2020-09-29T17:49:12.930+0200: 49.352: [GC (Allocation Failure) [PSYoungGen: 596709K->49829K(632320K)] 632849K->85969K(2030592K), 0.0172476 secs] [Times: user=0.13 sys=0.00, real=0.02 secs] 
2020-09-29T17:49:12.998+0200: 49.420: [GC (Allocation Failure) [PSYoungGen: 620709K->32805K(634880K)] 656849K->68945K(2033152K), 0.0125388 secs] [Times: user=0.13 sys=0.00, real=0.01 secs] 
2020-09-29T17:49:13.060+0200: 49.482: [GC (Allocation Failure) [PSYoungGen: 603685K->29413K(638464K)] 639825K->65553K(2036736K), 0.0111698 secs] [Times: user=0.13 sys=0.00, real=0.01 secs] 
2020-09-29T17:49:13.121+0200: 49.542: [GC (Allocation Failure) [PSYoungGen: 605925K->31653K(636928K)] 642065K->67793K(2035200K), 0.0111714 secs] [Times: user=0.13 sys=0.00, real=0.01 secs] 
2020-09-29T17:49:13.181+0200: 49.603: [GC (Allocation Failure) [PSYoungGen: 608165K->33156K(642048K)] 644305K->69296K(2040320K), 0.0122019 secs] [Times: user=0.13 sys=0.00, real=0.01 secs] 
2020-09-29T17:49:13.243+0200: 49.665: [GC (Allocation Failure) [PSYoungGen: 616324K->42085K(640000K)] 652464K->78225K(2038272K), 0.0147385 secs] [Times: user=0.13 sys=0.00, real=0.01 secs] 
2020-09-29T17:49:13.309+0200: 49.730: [GC (Allocation Failure) [PSYoungGen: 625253K->23685K(641536K)] 661393K->59825K(2039808K), 0.0080602 secs] [Times: user=0.13 sys=0.00, real=0.01 secs] 
2020-09-29T17:49:13.367+0200: 49.788: [GC (Allocation Failure) [PSYoungGen: 607877K->33092K(641536K)] 644017K->69232K(2039808K), 0.0120089 secs] [Times: user=0.00 sys=0.00, real=0.01 secs] 
2020-09-29T17:49:13.429+0200: 49.851: [GC (Allocation Failure) [PSYoungGen: 617284K->28548K(644608K)] 653424K->64688K(2042880K), 0.0099997 secs] [Times: user=0.00 sys=0.00, real=0.01 secs] 
2020-09-29T17:49:13.490+0200: 49.911: [GC (Allocation Failure) [PSYoungGen: 617860K->27972K(643584K)] 654000K->64112K(2041856K), 0.0108046 secs] [Times: user=0.00 sys=0.00, real=0.01 secs] 
2020-09-29T17:49:13.551+0200: 49.972: [GC (Allocation Failure) [PSYoungGen: 617284K->43109K(642560K)] 653424K->79249K(2040832K), 0.0150758 secs] [Times: user=0.13 sys=0.00, real=0.01 secs] 
2020-09-29T17:49:13.619+0200: 50.040: [GC (Allocation Failure) [PSYoungGen: 632421K->43109K(632832K)] 668561K->79249K(2031104K), 0.0166803 secs] [Times: user=0.11 sys=0.00, real=0.02 secs] 
2020-09-29T17:49:13.686+0200: 50.107: [GC (Allocation Failure) [PSYoungGen: 632421K->44549K(640512K)] 668561K->80689K(2038784K), 0.0155209 secs] [Times: user=0.13 sys=0.00, real=0.01 secs] 
2020-09-29T17:49:13.751+0200: 50.172: [GC (Allocation Failure) [PSYoungGen: 628741K->40805K(641536K)] 664881K->76945K(2039808K), 0.0139944 secs] [Times: user=0.13 sys=0.00, real=0.01 secs] 
2020-09-29T17:49:13.816+0200: 50.237: [GC (Allocation Failure) [PSYoungGen: 624997K->21956K(640512K)] 661137K->58096K(2038784K), 0.0085566 secs] [Times: user=0.13 sys=0.00, real=0.01 secs] 
2020-09-29T17:49:13.876+0200: 50.298: [GC (Allocation Failure) [PSYoungGen: 605124K->44261K(627712K)] 641264K->80401K(2025984K), 0.0158872 secs] [Times: user=0.13 sys=0.00, real=0.02 secs] 
2020-09-29T17:49:13.943+0200: 50.364: [GC (Allocation Failure) [PSYoungGen: 627429K->25283K(640512K)] 663569K->61423K(2038784K), 0.0102926 secs] [Times: user=0.00 sys=0.00, real=0.01 secs] 
2020-09-29T17:49:14.004+0200: 50.425: [GC (Allocation Failure) [PSYoungGen: 606915K->32484K(640000K)] 643055K->68624K(2038272K), 0.0123892 secs] [Times: user=0.13 sys=0.00, real=0.01 secs] 
2020-09-29T17:49:14.067+0200: 50.488: [GC (Allocation Failure) [PSYoungGen: 614116K->25411K(643072K)] 650256K->61551K(2041344K), 0.0102297 secs] [Times: user=0.00 sys=0.00, real=0.01 secs] 
2020-09-29T17:49:14.128+0200: 50.549: [GC (Allocation Failure) [PSYoungGen: 612163K->35844K(642560K)] 648303K->71984K(2040832K), 0.0134160 secs] [Times: user=0.13 sys=0.00, real=0.01 secs] 
2020-09-29T17:49:14.191+0200: 50.612: [GC (Allocation Failure) [PSYoungGen: 622596K->48389K(637440K)] 658736K->84529K(2035712K), 0.0156871 secs] [Times: user=0.13 sys=0.00, real=0.02 secs] 
2020-09-29T17:49:14.256+0200: 50.677: [GC (Allocation Failure) [PSYoungGen: 631557K->27875K(641024K)] 667697K->64015K(2039296K), 0.0111645 secs] [Times: user=0.00 sys=0.00, real=0.01 secs] 
2020-09-29T17:49:14.318+0200: 50.739: [GC (Allocation Failure) [PSYoungGen: 611043K->50501K(634880K)] 647183K->86641K(2033152K), 0.0191576 secs] [Times: user=0.13 sys=0.00, real=0.02 secs] 
2020-09-29T17:49:14.387+0200: 50.808: [GC (Allocation Failure) [PSYoungGen: 628549K->54309K(632832K)] 664689K->90449K(2031104K), 0.0180203 secs] [Times: user=0.13 sys=0.00, real=0.02 secs] 
2020-09-29T17:49:14.455+0200: 50.876: [GC (Allocation Failure) [PSYoungGen: 632357K->30693K(635392K)] 668497K->66833K(2033664K), 0.0110727 secs] [Times: user=0.13 sys=0.00, real=0.01 secs] 
2020-09-29T17:49:14.515+0200: 50.936: [GC (Allocation Failure) [PSYoungGen: 601061K->40517K(633856K)] 637201K->76657K(2032128K), 0.0143509 secs] [Times: user=0.13 sys=0.00, real=0.01 secs] 
2020-09-29T17:49:14.582+0200: 51.003: [GC (Allocation Failure) [PSYoungGen: 610885K->22724K(636928K)] 647025K->58864K(2035200K), 0.0120167 secs] [Times: user=0.06 sys=0.00, real=0.01 secs] 
2020-09-29T17:49:14.652+0200: 51.073: [GC (Allocation Failure) [PSYoungGen: 597700K->22500K(636928K)] 633840K->58640K(2035200K), 0.0095702 secs] [Times: user=0.13 sys=0.00, real=0.01 secs] 
2020-09-29T17:49:14.713+0200: 51.134: [GC (Allocation Failure) [PSYoungGen: 597476K->22883K(637440K)] 633616K->59023K(2035712K), 0.0119852 secs] [Times: user=0.13 sys=0.00, real=0.01 secs] 
2020-09-29T17:49:14.777+0200: 51.198: [GC (Allocation Failure) [PSYoungGen: 598371K->34915K(636928K)] 634511K->71055K(2035200K), 0.0143346 secs] [Times: user=0.13 sys=0.00, real=0.02 secs] 
2020-09-29T17:49:14.847+0200: 51.268: [GC (Allocation Failure) [PSYoungGen: 610403K->49797K(632832K)] 646543K->85937K(2031104K), 0.0171433 secs] [Times: user=0.25 sys=0.00, real=0.02 secs] 
2020-09-29T17:49:14.913+0200: 51.335: [GC (Allocation Failure) [PSYoungGen: 623749K->35813K(636416K)] 659889K->71953K(2034688K), 0.0119757 secs] [Times: user=0.00 sys=0.00, real=0.01 secs] 
2020-09-29T17:49:14.974+0200: 51.395: [GC (Allocation Failure) [PSYoungGen: 609765K->18979K(637952K)] 645905K->55119K(2036224K), 0.0083189 secs] [Times: user=0.00 sys=0.00, real=0.01 secs] 
2020-09-29T17:49:15.033+0200: 51.454: [GC (Allocation Failure) [PSYoungGen: 597027K->36517K(638464K)] 633167K->72657K(2036736K), 0.0130482 secs] [Times: user=0.13 sys=0.00, real=0.01 secs] 
2020-09-29T17:49:15.097+0200: 51.519: [GC (Allocation Failure) [PSYoungGen: 614565K->22627K(640512K)] 650705K->58767K(2038784K), 0.0097248 secs] [Times: user=0.13 sys=0.00, real=0.01 secs] 
2020-09-29T17:49:15.157+0200: 51.578: [GC (Allocation Failure) [PSYoungGen: 604259K->28228K(640000K)] 640399K->64368K(2038272K), 0.0100252 secs] [Times: user=0.13 sys=0.00, real=0.01 secs] 
2020-09-29T17:49:15.218+0200: 51.639: [GC (Allocation Failure) [PSYoungGen: 609860K->34820K(644096K)] 646000K->70960K(2042368K), 0.0126993 secs] [Times: user=0.13 sys=0.00, real=0.01 secs] 
2020-09-29T17:49:15.281+0200: 51.702: [GC (Allocation Failure) [PSYoungGen: 622596K->34693K(642560K)] 658736K->70833K(2040832K), 0.0124534 secs] [Times: user=0.13 sys=0.00, real=0.01 secs] 
2020-09-29T17:49:15.344+0200: 51.765: [GC (Allocation Failure) [PSYoungGen: 622469K->32196K(647168K)] 658609K->68336K(2045440K), 0.0141592 secs] [Times: user=0.11 sys=0.00, real=0.01 secs] 
2020-09-29T17:49:15.409+0200: 51.830: [GC (Allocation Failure) [PSYoungGen: 625604K->36900K(645120K)] 661744K->73040K(2043392K), 0.0133301 secs] [Times: user=0.11 sys=0.00, real=0.01 secs] 
2020-09-29T17:49:15.473+0200: 51.894: [GC (Allocation Failure) [PSYoungGen: 630308K->26916K(648192K)] 666448K->63056K(2046464K), 0.0102442 secs] [Times: user=0.13 sys=0.00, real=0.01 secs] 
2020-09-29T17:49:15.535+0200: 51.956: [GC (Allocation Failure) [PSYoungGen: 623908K->49605K(646656K)] 660048K->85745K(2044928K), 0.0172032 secs] [Times: user=0.25 sys=0.00, real=0.02 secs] 
2020-09-29T17:49:15.605+0200: 52.026: [GC (Allocation Failure) [PSYoungGen: 646597K->15779K(638464K)] 682737K->51919K(2036736K), 0.0071664 secs] [Times: user=0.00 sys=0.00, real=0.01 secs] 
2020-09-29T17:49:15.666+0200: 52.087: [GC (Allocation Failure) [PSYoungGen: 602019K->41445K(627712K)] 638159K->77585K(2025984K), 0.0144834 secs] [Times: user=0.13 sys=0.00, real=0.01 secs] 
2020-09-29T17:49:15.731+0200: 52.152: [GC (Allocation Failure) [PSYoungGen: 627685K->38629K(642048K)] 663825K->74769K(2040320K), 0.0136371 secs] [Times: user=0.13 sys=0.00, real=0.01 secs] 
2020-09-29T17:49:15.794+0200: 52.216: [GC (Allocation Failure) [PSYoungGen: 623333K->21733K(641536K)] 659473K->57873K(2039808K), 0.0082971 secs] [Times: user=0.13 sys=0.00, real=0.01 secs] 
2020-09-29T17:49:15.853+0200: 52.274: [GC (Allocation Failure) [PSYoungGen: 606437K->32133K(644608K)] 642577K->68273K(2042880K), 0.0113048 secs] [Times: user=0.13 sys=0.00, real=0.01 secs] 
2020-09-29T17:49:15.915+0200: 52.337: [GC (Allocation Failure) [PSYoungGen: 620421K->29475K(642560K)] 656561K->65615K(2040832K), 0.0116795 secs] [Times: user=0.13 sys=0.00, real=0.01 secs] 
2020-09-29T17:49:15.977+0200: 52.398: [GC (Allocation Failure) [PSYoungGen: 617763K->29829K(647680K)] 653903K->65969K(2045952K), 0.0105261 secs] [Times: user=0.00 sys=0.00, real=0.01 secs] 
2020-09-29T17:49:16.039+0200: 52.460: [GC (Allocation Failure) [PSYoungGen: 624773K->50533K(645632K)] 660913K->86673K(2043904K), 0.0171412 secs] [Times: user=0.13 sys=0.00, real=0.02 secs] 
2020-09-29T17:49:16.108+0200: 52.529: [GC (Allocation Failure) [PSYoungGen: 645477K->30213K(643584K)] 681617K->66353K(2041856K), 0.0109911 secs] [Times: user=0.13 sys=0.00, real=0.01 secs] 
2020-09-29T17:49:16.170+0200: 52.591: [GC (Allocation Failure) [PSYoungGen: 620549K->29891K(644608K)] 656689K->66031K(2042880K), 0.0119428 secs] [Times: user=0.13 sys=0.00, real=0.01 secs] 
2020-09-29T17:49:16.232+0200: 52.654: [GC (Allocation Failure) [PSYoungGen: 620227K->2625K(639488K)] 656367K->38765K(2037760K), 0.0027156 secs] [Times: user=0.00 sys=0.00, real=0.00 secs] 
2020-09-29T17:49:16.285+0200: 52.706: [GC (Allocation Failure) [PSYoungGen: 588865K->27941K(642560K)] 625005K->64081K(2040832K), 0.0102977 secs] [Times: user=0.13 sys=0.00, real=0.01 secs] 
2020-09-29T17:49:16.345+0200: 52.767: [GC (Allocation Failure) [PSYoungGen: 614181K->26277K(646656K)] 650321K->62417K(2044928K), 0.0090335 secs] [Times: user=0.13 sys=0.00, real=0.01 secs] 
2020-09-29T17:49:16.406+0200: 52.828: [GC (Allocation Failure) [PSYoungGen: 618661K->44453K(636928K)] 654801K->80593K(2035200K), 0.0149497 secs] [Times: user=0.13 sys=0.00, real=0.02 secs] 
2020-09-29T17:49:16.472+0200: 52.893: [GC (Allocation Failure) [PSYoungGen: 636837K->20900K(644096K)] 672977K->57040K(2042368K), 0.0084461 secs] [Times: user=0.13 sys=0.00, real=0.01 secs] 
2020-09-29T17:49:16.530+0200: 52.952: [GC (Allocation Failure) [PSYoungGen: 609700K->49157K(638464K)] 645840K->85297K(2036736K), 0.0171788 secs] [Times: user=0.13 sys=0.00, real=0.02 secs] 
2020-09-29T17:49:16.600+0200: 53.021: [GC (Allocation Failure) [PSYoungGen: 637957K->35588K(641024K)] 674097K->71728K(2039296K), 0.0159169 secs] [Times: user=0.11 sys=0.00, real=0.02 secs] 
2020-09-29T17:49:16.666+0200: 53.088: [GC (Allocation Failure) [PSYoungGen: 617220K->29317K(639488K)] 653360K->65457K(2037760K), 0.0100121 secs] [Times: user=0.00 sys=0.00, real=0.01 secs] 
2020-09-29T17:49:16.726+0200: 53.148: [GC (Allocation Failure) [PSYoungGen: 610949K->35844K(643584K)] 647089K->71984K(2041856K), 0.0131246 secs] [Times: user=0.13 sys=0.00, real=0.01 secs] 
2020-09-29T17:49:16.789+0200: 53.211: [GC (Allocation Failure) [PSYoungGen: 623620K->34020K(643072K)] 659760K->70160K(2041344K), 0.0128560 secs] [Times: user=0.13 sys=0.00, real=0.01 secs] 
2020-09-29T17:49:16.852+0200: 53.273: [GC (Allocation Failure) [PSYoungGen: 621796K->33188K(647168K)] 657936K->69328K(2045440K), 0.0125873 secs] [Times: user=0.13 sys=0.00, real=0.01 secs] 
2020-09-29T17:49:16.916+0200: 53.337: [GC (Allocation Failure) [PSYoungGen: 627108K->38372K(645632K)] 663248K->74512K(2043904K), 0.0137940 secs] [Times: user=0.13 sys=0.00, real=0.01 secs] 
2020-09-29T17:49:16.980+0200: 53.402: [GC (Allocation Failure) [PSYoungGen: 632292K->28228K(648192K)] 668432K->64368K(2046464K), 0.0106297 secs] [Times: user=0.13 sys=0.00, real=0.01 secs] 
2020-09-29T17:49:17.043+0200: 53.464: [GC (Allocation Failure) [PSYoungGen: 624708K->36516K(647168K)] 660848K->72656K(2045440K), 0.0136252 secs] [Times: user=0.13 sys=0.00, real=0.01 secs] 
2020-09-29T17:49:17.107+0200: 53.529: [GC (Allocation Failure) [PSYoungGen: 632996K->45125K(643072K)] 669136K->81265K(2041344K), 0.0153367 secs] [Times: user=0.13 sys=0.00, real=0.02 secs] 
2020-09-29T17:49:17.173+0200: 53.595: [GC (Allocation Failure) [PSYoungGen: 637509K->35621K(645632K)] 673649K->71761K(2043904K), 0.0131353 secs] [Times: user=0.13 sys=0.00, real=0.01 secs] 
2020-09-29T17:49:17.237+0200: 53.658: [GC (Allocation Failure) [PSYoungGen: 628005K->26405K(647168K)] 664145K->62545K(2045440K), 0.0085590 secs] [Times: user=0.13 sys=0.00, real=0.01 secs] 
2020-09-29T17:49:17.297+0200: 53.718: [GC (Allocation Failure) [PSYoungGen: 621861K->18916K(614400K)] 658001K->55056K(2012672K), 0.0071583 secs] [Times: user=0.13 sys=0.00, real=0.01 secs] 
2020-09-29T17:49:17.355+0200: 53.776: [GC (Allocation Failure) [PSYoungGen: 614372K->22659K(647168K)] 650512K->58799K(2045440K), 0.0095664 secs] [Times: user=0.13 sys=0.00, real=0.01 secs] 
2020-09-29T17:49:17.416+0200: 53.837: [GC (Allocation Failure) [PSYoungGen: 617603K->28517K(646656K)] 653743K->64657K(2044928K), 0.0103879 secs] [Times: user=0.00 sys=0.00, real=0.01 secs] 
2020-09-29T17:49:17.478+0200: 53.899: [GC (Allocation Failure) [PSYoungGen: 623461K->20837K(648704K)] 659601K->56977K(2046976K), 0.0075982 secs] [Times: user=0.00 sys=0.00, real=0.01 secs] 
2020-09-29T17:49:17.537+0200: 53.958: [GC (Allocation Failure) [PSYoungGen: 619365K->31141K(648704K)] 655505K->67281K(2046976K), 0.0102880 secs] [Times: user=0.00 sys=0.00, real=0.01 secs] 
2020-09-29T17:49:17.603+0200: 54.024: [GC (Allocation Failure) [PSYoungGen: 629669K->41124K(646144K)] 665809K->77264K(2044416K), 0.0170340 secs] [Times: user=0.11 sys=0.00, real=0.02 secs] 
2020-09-29T17:49:17.672+0200: 54.094: [GC (Allocation Failure) [PSYoungGen: 638628K->35589K(648192K)] 674768K->71729K(2046464K), 0.0131179 secs] [Times: user=0.13 sys=0.00, real=0.01 secs] 
2020-09-29T17:49:17.737+0200: 54.158: [GC (Allocation Failure) [PSYoungGen: 633093K->44901K(642048K)] 669233K->81041K(2040320K), 0.0154529 secs] [Times: user=0.13 sys=0.00, real=0.02 secs] 
2020-09-29T17:49:17.803+0200: 54.225: [GC (Allocation Failure) [PSYoungGen: 636261K->48325K(640000K)] 672401K->84465K(2038272K), 0.0160940 secs] [Times: user=0.13 sys=0.00, real=0.02 secs] 
2020-09-29T17:49:17.869+0200: 54.291: [GC (Allocation Failure) [PSYoungGen: 639685K->24452K(642048K)] 675825K->60592K(2040320K), 0.0092490 secs] [Times: user=0.00 sys=0.00, real=0.01 secs] 
2020-09-29T17:49:17.930+0200: 54.351: [GC (Allocation Failure) [PSYoungGen: 609156K->34885K(641536K)] 645296K->71025K(2039808K), 0.0120973 secs] [Times: user=0.03 sys=0.00, real=0.01 secs] 
2020-09-29T17:49:17.992+0200: 54.414: [GC (Allocation Failure) [PSYoungGen: 619589K->31172K(645632K)] 655729K->67312K(2043904K), 0.0117398 secs] [Times: user=0.00 sys=0.00, real=0.01 secs] 
2020-09-29T17:49:18.059+0200: 54.481: [GC (Allocation Failure) [PSYoungGen: 622020K->47781K(638976K)] 658160K->83921K(2037248K), 0.0181397 secs] [Times: user=0.13 sys=0.00, real=0.02 secs] 
2020-09-29T17:49:18.131+0200: 54.552: [GC (Allocation Failure) [PSYoungGen: 638629K->22340K(642560K)] 674769K->58480K(2040832K), 0.0102979 secs] [Times: user=0.00 sys=0.00, real=0.01 secs] 
2020-09-29T17:49:18.195+0200: 54.617: [GC (Allocation Failure) [PSYoungGen: 608068K->32677K(642048K)] 644208K->68817K(2040320K), 0.0126818 secs] [Times: user=0.13 sys=0.00, real=0.01 secs] 
2020-09-29T17:49:18.259+0200: 54.680: [GC (Allocation Failure) [PSYoungGen: 618405K->44261K(640512K)] 654545K->80401K(2038784K), 0.0154011 secs] [Times: user=0.13 sys=0.00, real=0.01 secs] 
2020-09-29T17:49:18.324+0200: 54.746: [GC (Allocation Failure) [PSYoungGen: 630501K->42597K(629248K)] 666641K->78737K(2027520K), 0.0146853 secs] [Times: user=0.13 sys=0.00, real=0.02 secs] 
2020-09-29T17:49:18.389+0200: 54.811: [GC (Allocation Failure) [PSYoungGen: 628837K->38948K(642560K)] 664977K->75088K(2040832K), 0.0148262 secs] [Times: user=0.13 sys=0.00, real=0.02 secs] 
2020-09-29T17:49:18.455+0200: 54.877: [GC (Allocation Failure) [PSYoungGen: 624164K->35172K(641536K)] 660304K->71312K(2039808K), 0.0142453 secs] [Times: user=0.11 sys=0.00, real=0.01 secs] 
2020-09-29T17:49:18.519+0200: 54.941: [GC (Allocation Failure) [PSYoungGen: 620388K->54245K(630272K)] 656528K->95889K(2028544K), 0.0204240 secs] [Times: user=0.20 sys=0.00, real=0.02 secs] 
2020-09-29T17:49:18.590+0200: 55.012: [GC (Allocation Failure) [PSYoungGen: 630245K->47909K(624128K)] 671889K->89553K(2022400K), 0.0178187 secs] [Times: user=0.11 sys=0.00, real=0.02 secs] 
2020-09-29T17:49:18.659+0200: 55.081: [GC (Allocation Failure) [PSYoungGen: 623909K->49637K(632832K)] 665553K->91281K(2031104K), 0.0174460 secs] [Times: user=0.25 sys=0.00, real=0.02 secs] 
2020-09-29T17:49:18.726+0200: 55.147: [GC (Allocation Failure) [PSYoungGen: 619493K->45253K(634368K)] 661137K->86897K(2032640K), 0.0153913 secs] [Times: user=0.13 sys=0.00, real=0.01 secs] 
2020-09-29T17:49:18.790+0200: 55.212: [GC (Allocation Failure) [PSYoungGen: 615109K->40869K(637440K)] 656753K->82513K(2035712K), 0.0142908 secs] [Times: user=0.13 sys=0.00, real=0.01 secs] 
2020-09-29T17:49:18.853+0200: 55.275: [GC (Allocation Failure) [PSYoungGen: 614309K->38532K(634880K)] 655953K->80176K(2033152K), 0.0138803 secs] [Times: user=0.13 sys=0.00, real=0.01 secs] 
2020-09-29T17:49:18.917+0200: 55.338: [GC (Allocation Failure) [PSYoungGen: 611972K->37733K(640512K)] 653616K->79377K(2038784K), 0.0134176 secs] [Times: user=0.13 sys=0.00, real=0.01 secs] 
2020-09-29T17:49:18.980+0200: 55.401: [GC (Allocation Failure) [PSYoungGen: 618341K->44101K(638976K)] 659985K->85745K(2037248K), 0.0151819 secs] [Times: user=0.13 sys=0.00, real=0.01 secs] 
2020-09-29T17:49:19.046+0200: 55.467: [GC (Allocation Failure) [PSYoungGen: 624709K->35620K(641536K)] 666353K->77264K(2039808K), 0.0130369 secs] [Times: user=0.13 sys=0.00, real=0.01 secs] 
2020-09-29T17:49:19.109+0200: 55.530: [GC (Allocation Failure) [PSYoungGen: 618788K->30885K(640512K)] 660432K->72529K(2038784K), 0.0110361 secs] [Times: user=0.09 sys=0.00, real=0.01 secs] 
2020-09-29T17:49:19.169+0200: 55.591: [GC (Allocation Failure) [PSYoungGen: 614053K->39845K(643072K)] 655697K->81489K(2041344K), 0.0136602 secs] [Times: user=0.13 sys=0.00, real=0.01 secs] 
2020-09-29T17:49:19.233+0200: 55.655: [GC (Allocation Failure) [PSYoungGen: 625573K->37701K(641536K)] 667217K->79345K(2039808K), 0.0129787 secs] [Times: user=0.13 sys=0.00, real=0.01 secs] 
2020-09-29T17:49:19.296+0200: 55.718: [GC (Allocation Failure) [PSYoungGen: 623429K->49093K(640512K)] 665073K->90737K(2038784K), 0.0167511 secs] [Times: user=0.13 sys=0.00, real=0.02 secs] 
2020-09-29T17:49:19.363+0200: 55.785: [GC (Allocation Failure) [PSYoungGen: 635333K->47428K(633856K)] 676977K->89072K(2032128K), 0.0167476 secs] [Times: user=0.25 sys=0.00, real=0.02 secs] 
2020-09-29T17:49:19.430+0200: 55.852: [GC (Allocation Failure) [PSYoungGen: 633668K->16516K(636416K)] 675312K->58160K(2034688K), 0.0063927 secs] [Times: user=0.00 sys=0.00, real=0.01 secs] 
2020-09-29T17:49:19.487+0200: 55.908: [GC (Allocation Failure) [PSYoungGen: 595588K->33445K(638976K)] 637232K->75089K(2037248K), 0.0127440 secs] [Times: user=0.13 sys=0.00, real=0.01 secs] 
2020-09-29T17:49:19.549+0200: 55.971: [GC (Allocation Failure) [PSYoungGen: 612517K->24613K(640000K)] 654161K->66257K(2038272K), 0.0083142 secs] [Times: user=0.13 sys=0.00, real=0.01 secs] 
2020-09-29T17:49:19.619+0200: 56.041: [GC (Allocation Failure) [PSYoungGen: 605733K->16227K(597504K)] 647377K->57871K(1995776K), 0.0078206 secs] [Times: user=0.00 sys=0.00, real=0.01 secs] 
2020-09-29T17:49:19.679+0200: 56.101: [GC (Allocation Failure) [PSYoungGen: 597347K->35429K(641024K)] 638991K->77073K(2039296K), 0.0127057 secs] [Times: user=0.13 sys=0.00, real=0.01 secs] 
2020-09-29T17:49:19.742+0200: 56.164: [GC (Allocation Failure) [PSYoungGen: 616037K->26627K(638464K)] 657681K->68271K(2036736K), 0.0109547 secs] [Times: user=0.00 sys=0.00, real=0.01 secs] 
2020-09-29T17:49:19.803+0200: 56.225: [GC (Allocation Failure) [PSYoungGen: 607235K->32965K(644096K)] 648879K->74609K(2042368K), 0.0141744 secs] [Times: user=0.13 sys=0.00, real=0.01 secs] 
2020-09-29T17:49:19.868+0200: 56.289: [GC (Allocation Failure) [PSYoungGen: 620229K->46053K(633344K)] 661873K->87697K(2031616K), 0.0202504 secs] [Times: user=0.13 sys=0.00, real=0.02 secs] 
2020-09-29T17:49:19.938+0200: 56.360: [GC (Allocation Failure) [PSYoungGen: 633317K->45349K(638464K)] 674961K->86993K(2036736K), 0.0193932 secs] [Times: user=0.13 sys=0.00, real=0.02 secs] 
2020-09-29T17:49:20.007+0200: 56.429: [GC (Allocation Failure) [PSYoungGen: 626469K->24708K(640000K)] 668113K->66352K(2038272K), 0.0113794 secs] [Times: user=0.00 sys=0.00, real=0.01 secs] 
2020-09-29T17:49:20.068+0200: 56.490: [GC (Allocation Failure) [PSYoungGen: 605828K->31524K(642048K)] 647472K->73168K(2040320K), 0.0145173 secs] [Times: user=0.02 sys=0.00, real=0.01 secs] 
2020-09-29T17:49:20.134+0200: 56.556: [GC (Allocation Failure) [PSYoungGen: 615204K->40965K(640512K)] 656848K->82609K(2038784K), 0.0181032 secs] [Times: user=0.13 sys=0.00, real=0.02 secs] 
2020-09-29T17:49:20.202+0200: 56.624: [GC (Allocation Failure) [PSYoungGen: 624645K->36132K(643584K)] 666289K->77776K(2041856K), 0.0168847 secs] [Times: user=0.13 sys=0.00, real=0.02 secs] 
2020-09-29T17:49:20.268+0200: 56.690: [GC (Allocation Failure) [PSYoungGen: 622884K->47172K(634368K)] 664528K->88816K(2032640K), 0.0215023 secs] [Times: user=0.25 sys=0.00, real=0.02 secs] 
2020-09-29T17:49:20.340+0200: 56.761: [GC (Allocation Failure) [PSYoungGen: 633924K->18020K(638976K)] 675568K->59664K(2037248K), 0.0083456 secs] [Times: user=0.13 sys=0.00, real=0.01 secs] 
2020-09-29T17:49:20.398+0200: 56.819: [GC (Allocation Failure) [PSYoungGen: 599140K->37668K(640000K)] 640784K->79312K(2038272K), 0.0172422 secs] [Times: user=0.13 sys=0.00, real=0.02 secs] 
2020-09-29T17:49:20.467+0200: 56.888: [GC (Allocation Failure) [PSYoungGen: 618788K->44517K(638464K)] 660432K->86161K(2036736K), 0.0194590 secs] [Times: user=0.13 sys=0.00, real=0.02 secs] 
2020-09-29T17:49:20.542+0200: 56.964: [GC (Allocation Failure) [PSYoungGen: 625637K->51365K(632832K)] 667281K->93009K(2031104K), 0.0222652 secs] [Times: user=0.13 sys=0.00, real=0.02 secs] 
2020-09-29T17:49:20.616+0200: 57.037: [GC (Allocation Failure) [PSYoungGen: 632485K->29571K(637952K)] 674129K->71215K(2036224K), 0.0162235 secs] [Times: user=0.13 sys=0.00, real=0.02 secs] 
2020-09-29T17:49:20.681+0200: 57.103: [GC (Allocation Failure) [PSYoungGen: 605059K->30789K(636416K)] 646703K->72433K(2034688K), 0.0129498 secs] [Times: user=0.13 sys=0.00, real=0.01 secs] 
2020-09-29T17:49:20.743+0200: 57.165: [GC (Allocation Failure) [PSYoungGen: 606277K->45701K(636928K)] 647921K->87345K(2035200K), 0.0197896 secs] [Times: user=0.13 sys=0.00, real=0.02 secs] 
2020-09-29T17:49:20.816+0200: 57.238: [GC (Allocation Failure) [PSYoungGen: 622725K->48453K(625664K)] 664369K->90097K(2023936K), 0.0215629 secs] [Times: user=0.25 sys=0.00, real=0.02 secs] 
2020-09-29T17:49:20.886+0200: 57.308: [GC (Allocation Failure) [PSYoungGen: 625477K->22884K(635904K)] 667121K->64528K(2034176K), 0.0104956 secs] [Times: user=0.13 sys=0.00, real=0.01 secs] 
2020-09-29T17:49:20.959+0200: 57.381: [GC (Allocation Failure) [PSYoungGen: 595812K->34276K(635904K)] 637456K->75920K(2034176K), 0.0165170 secs] [Times: user=0.13 sys=0.00, real=0.02 secs] 
2020-09-29T17:49:21.027+0200: 57.448: [GC (Allocation Failure) [PSYoungGen: 607204K->46629K(635904K)] 648848K->88273K(2034176K), 0.0205957 secs] [Times: user=0.13 sys=0.00, real=0.02 secs] 
2020-09-29T17:49:21.096+0200: 57.518: [GC (Allocation Failure) [PSYoungGen: 621605K->32388K(636928K)] 663249K->74032K(2035200K), 0.0154092 secs] [Times: user=0.13 sys=0.00, real=0.02 secs] 
2020-09-29T17:49:21.161+0200: 57.582: [GC (Allocation Failure) [PSYoungGen: 607364K->32164K(640000K)] 649008K->73808K(2038272K), 0.0154491 secs] [Times: user=0.13 sys=0.00, real=0.02 secs] 
2020-09-29T17:49:21.225+0200: 57.647: [GC (Allocation Failure) [PSYoungGen: 611748K->36261K(638464K)] 653392K->77905K(2036736K), 0.0166459 secs] [Times: user=0.13 sys=0.00, real=0.02 secs] 
2020-09-29T17:49:21.291+0200: 57.713: [GC (Allocation Failure) [PSYoungGen: 615845K->40421K(642560K)] 657489K->82065K(2040832K), 0.0178073 secs] [Times: user=0.13 sys=0.00, real=0.02 secs] 
2020-09-29T17:49:21.359+0200: 57.781: [GC (Allocation Failure) [PSYoungGen: 626149K->36869K(642048K)] 667793K->78513K(2040320K), 0.0167167 secs] [Times: user=0.13 sys=0.00, real=0.02 secs] 
2020-09-29T17:49:21.426+0200: 57.848: [GC (Allocation Failure) [PSYoungGen: 622597K->19203K(641536K)] 664241K->60847K(2039808K), 0.0105095 secs] [Times: user=0.00 sys=0.00, real=0.01 secs] 
2020-09-29T17:49:21.488+0200: 57.910: [GC (Allocation Failure) [PSYoungGen: 606467K->45925K(633344K)] 648111K->87569K(2031616K), 0.0200451 secs] [Times: user=0.23 sys=0.02, real=0.02 secs] 
2020-09-29T17:49:21.560+0200: 57.982: [GC (Allocation Failure) [PSYoungGen: 633189K->45221K(638976K)] 674833K->86865K(2037248K), 0.0192015 secs] [Times: user=0.13 sys=0.00, real=0.02 secs] 
2020-09-29T17:49:21.634+0200: 58.055: [GC (Allocation Failure) [PSYoungGen: 626341K->21315K(602624K)] 667985K->62959K(2000896K), 0.0121849 secs] [Times: user=0.13 sys=0.00, real=0.01 secs] 
2020-09-29T17:49:21.698+0200: 58.120: [GC (Allocation Failure) [PSYoungGen: 602435K->41861K(639488K)] 644079K->83505K(2037760K), 0.0186511 secs] [Times: user=0.13 sys=0.00, real=0.02 secs] 
2020-09-29T17:49:21.769+0200: 58.191: [GC (Allocation Failure) [PSYoungGen: 621957K->47781K(628224K)] 663601K->89425K(2026496K), 0.0209005 secs] [Times: user=0.22 sys=0.00, real=0.02 secs] 
2020-09-29T17:49:21.843+0200: 58.264: [GC (Allocation Failure) [PSYoungGen: 627877K->25348K(637952K)] 669521K->66992K(2036224K), 0.0122779 secs] [Times: user=0.13 sys=0.00, real=0.01 secs] 
2020-09-29T17:49:21.909+0200: 58.331: [GC (Allocation Failure) [PSYoungGen: 601860K->41253K(637440K)] 643504K->82897K(2035712K), 0.0182053 secs] [Times: user=0.25 sys=0.00, real=0.02 secs] 
2020-09-29T17:49:21.977+0200: 58.398: [GC (Allocation Failure) [PSYoungGen: 617765K->28580K(639488K)] 659409K->70224K(2037760K), 0.0142907 secs] [Times: user=0.13 sys=0.00, real=0.01 secs] 
2020-09-29T17:49:22.041+0200: 58.463: [GC (Allocation Failure) [PSYoungGen: 607652K->30628K(638464K)] 649296K->72272K(2036736K), 0.0150328 secs] [Times: user=0.13 sys=0.00, real=0.02 secs] 
2020-09-29T17:49:22.105+0200: 58.527: [GC (Allocation Failure) [PSYoungGen: 609700K->35461K(643072K)] 651344K->77105K(2041344K), 0.0157815 secs] [Times: user=0.13 sys=0.00, real=0.02 secs] 
2020-09-29T17:49:22.171+0200: 58.593: [GC (Allocation Failure) [PSYoungGen: 620677K->46501K(641024K)] 662321K->88145K(2039296K), 0.0206603 secs] [Times: user=0.14 sys=0.01, real=0.02 secs] 
2020-09-29T17:49:22.241+0200: 58.663: [GC (Allocation Failure) [PSYoungGen: 631717K->43717K(640000K)] 673361K->85361K(2038272K), 0.0188657 secs] [Times: user=0.13 sys=0.00, real=0.02 secs] 
2020-09-29T17:49:22.310+0200: 58.731: [GC (Allocation Failure) [PSYoungGen: 625861K->23779K(606208K)] 667505K->65423K(2004480K), 0.0128274 secs] [Times: user=0.13 sys=0.00, real=0.01 secs] 
2020-09-29T17:49:22.373+0200: 58.794: [GC (Allocation Failure) [PSYoungGen: 605923K->58853K(627712K)] 647567K->100593K(2025984K), 0.0247430 secs] [Times: user=0.25 sys=0.00, real=0.02 secs] 
2020-09-29T17:49:22.447+0200: 58.868: [GC (Allocation Failure) [PSYoungGen: 627685K->53573K(622592K)] 669425K->95313K(2020864K), 0.0228015 secs] [Times: user=0.13 sys=0.00, real=0.02 secs] 
2020-09-29T17:49:22.518+0200: 58.940: [GC (Allocation Failure) [PSYoungGen: 622405K->33476K(632832K)] 664145K->75216K(2031104K), 0.0157310 secs] [Times: user=0.13 sys=0.00, real=0.02 secs] 
2020-09-29T17:49:22.583+0200: 59.005: [GC (Allocation Failure) [PSYoungGen: 598212K->51333K(630784K)] 639952K->93073K(2029056K), 0.0251654 secs] [Times: user=0.11 sys=0.00, real=0.03 secs] 
2020-09-29T17:49:22.661+0200: 59.083: [GC (Allocation Failure) [PSYoungGen: 616069K->25475K(630784K)] 657809K->67215K(2029056K), 0.0136481 secs] [Times: user=0.00 sys=0.00, real=0.01 secs] 
2020-09-29T17:49:22.723+0200: 59.145: [GC (Allocation Failure) [PSYoungGen: 588163K->24580K(630784K)] 629903K->66320K(2029056K), 0.0123845 secs] [Times: user=0.00 sys=0.00, real=0.01 secs] 
2020-09-29T17:49:22.785+0200: 59.206: [GC (Allocation Failure) [PSYoungGen: 587268K->40100K(633344K)] 629008K->81840K(2031616K), 0.0186937 secs] [Times: user=0.24 sys=0.00, real=0.02 secs] 
2020-09-29T17:49:22.852+0200: 59.274: [GC (Allocation Failure) [PSYoungGen: 605860K->45253K(631296K)] 647600K->86993K(2029568K), 0.0201852 secs] [Times: user=0.13 sys=0.00, real=0.02 secs] 
2020-09-29T17:49:22.921+0200: 59.343: [GC (Allocation Failure) [PSYoungGen: 611013K->36805K(635904K)] 652753K->78545K(2034176K), 0.0160799 secs] [Times: user=0.13 sys=0.00, real=0.02 secs] 
2020-09-29T17:49:22.988+0200: 59.409: [GC (Allocation Failure) [PSYoungGen: 607173K->30980K(633344K)] 648913K->72720K(2031616K), 0.0142746 secs] [Times: user=0.13 sys=0.00, real=0.01 secs] 
2020-09-29T17:49:23.051+0200: 59.473: [GC (Allocation Failure) [PSYoungGen: 601348K->40389K(638464K)] 643088K->82129K(2036736K), 0.0186557 secs] [Times: user=0.11 sys=0.00, real=0.02 secs] 
2020-09-29T17:49:23.122+0200: 59.544: [GC (Allocation Failure) [PSYoungGen: 616901K->42725K(636928K)] 658641K->84465K(2035200K), 0.0194786 secs] [Times: user=0.13 sys=0.00, real=0.02 secs] 
2020-09-29T17:49:23.192+0200: 59.613: [GC (Allocation Failure) [PSYoungGen: 619237K->31301K(640000K)] 660977K->73041K(2038272K), 0.0136553 secs] [Times: user=0.00 sys=0.00, real=0.01 secs] 
2020-09-29T17:49:23.255+0200: 59.677: [GC (Allocation Failure) [PSYoungGen: 611397K->36676K(638976K)] 653137K->78416K(2037248K), 0.0172320 secs] [Times: user=0.13 sys=0.00, real=0.02 secs] 
2020-09-29T17:49:23.322+0200: 59.743: [GC (Allocation Failure) [PSYoungGen: 616772K->15045K(638464K)] 658512K->56785K(2036736K), 0.0056508 secs] [Times: user=0.00 sys=0.00, real=0.00 secs] 
2020-09-29T17:49:23.377+0200: 59.799: [GC (Allocation Failure) [PSYoungGen: 596165K->35557K(640000K)] 637905K->77297K(2038272K), 0.0145867 secs] [Times: user=0.13 sys=0.00, real=0.01 secs] 
2020-09-29T17:49:23.441+0200: 59.863: [GC (Allocation Failure) [PSYoungGen: 616677K->41156K(642048K)] 658417K->82896K(2040320K), 0.0189637 secs] [Times: user=0.25 sys=0.00, real=0.02 secs] 
2020-09-29T17:49:23.510+0200: 59.932: [GC (Allocation Failure) [PSYoungGen: 626372K->24580K(642048K)] 668112K->66320K(2040320K), 0.0127442 secs] [Times: user=0.11 sys=0.00, real=0.01 secs] 
2020-09-29T17:49:23.579+0200: 60.001: [GC (Allocation Failure) [PSYoungGen: 609796K->35621K(644096K)] 651536K->77361K(2042368K), 0.0160652 secs] [Times: user=0.11 sys=0.00, real=0.02 secs] 
2020-09-29T17:49:23.650+0200: 60.071: [GC (Allocation Failure) [PSYoungGen: 622885K->32613K(642048K)] 664625K->74353K(2040320K), 0.0159377 secs] [Times: user=0.13 sys=0.00, real=0.02 secs] 
2020-09-29T17:49:23.717+0200: 60.139: [GC (Allocation Failure) [PSYoungGen: 619877K->31909K(647168K)] 661617K->73649K(2045440K), 0.0144617 secs] [Times: user=0.13 sys=0.00, real=0.02 secs] 
2020-09-29T17:49:23.783+0200: 60.205: [GC (Allocation Failure) [PSYoungGen: 625829K->36932K(645632K)] 667569K->78672K(2043904K), 0.0169817 secs] [Times: user=0.13 sys=0.00, real=0.02 secs] 
2020-09-29T17:49:23.851+0200: 60.273: [GC (Allocation Failure) [PSYoungGen: 630852K->25220K(647680K)] 672592K->66960K(2045952K), 0.0124406 secs] [Times: user=0.00 sys=0.00, real=0.01 secs] 
2020-09-29T17:49:23.914+0200: 60.336: [GC (Allocation Failure) [PSYoungGen: 621700K->17028K(613888K)] 663440K->58768K(2012160K), 0.0086987 secs] [Times: user=0.00 sys=0.00, real=0.01 secs] 
2020-09-29T17:49:23.974+0200: 60.395: [GC (Allocation Failure) [PSYoungGen: 613508K->39269K(645632K)] 655248K->81009K(2043904K), 0.0164473 secs] [Times: user=0.13 sys=0.00, real=0.02 secs] 
2020-09-29T17:49:24.040+0200: 60.462: [GC (Allocation Failure) [PSYoungGen: 632677K->29828K(646144K)] 674417K->71568K(2044416K), 0.0138328 secs] [Times: user=0.13 sys=0.00, real=0.01 secs] 
2020-09-29T17:49:24.106+0200: 60.527: [GC (Allocation Failure) [PSYoungGen: 623236K->35204K(648192K)] 664976K->76944K(2046464K), 0.0168455 secs] [Times: user=0.13 sys=0.00, real=0.02 secs] 
2020-09-29T17:49:24.174+0200: 60.595: [GC (Allocation Failure) [PSYoungGen: 632196K->30533K(647680K)] 673936K->72273K(2045952K), 0.0132307 secs] [Times: user=0.13 sys=0.00, real=0.01 secs] 
2020-09-29T17:49:24.238+0200: 60.660: [GC (Allocation Failure) [PSYoungGen: 627525K->49125K(637440K)] 669265K->95025K(2035712K), 0.0237630 secs] [Times: user=0.20 sys=0.02, real=0.02 secs] 
2020-09-29T17:49:24.312+0200: 60.734: [GC (Allocation Failure) [PSYoungGen: 637413K->40069K(643584K)] 683313K->85969K(2041856K), 0.0178921 secs] [Times: user=0.13 sys=0.00, real=0.03 secs] 
2020-09-29T17:49:24.389+0200: 60.811: [GC (Allocation Failure) [PSYoungGen: 628357K->38885K(644096K)] 674257K->84785K(2042368K), 0.0181157 secs] [Times: user=0.13 sys=0.00, real=0.02 secs] 
2020-09-29T17:49:24.458+0200: 60.880: [GC (Allocation Failure) [PSYoungGen: 627685K->39781K(643584K)] 673585K->85681K(2041856K), 0.0178753 secs] [Times: user=0.13 sys=0.00, real=0.02 secs] 
2020-09-29T17:49:24.526+0200: 60.948: [GC (Allocation Failure) [PSYoungGen: 628581K->40645K(644608K)] 674481K->86545K(2042880K), 0.0167385 secs] [Times: user=0.13 sys=0.00, real=0.02 secs] 
2020-09-29T17:49:24.595+0200: 61.017: [GC (Allocation Failure) [PSYoungGen: 630981K->54245K(644608K)] 676881K->102593K(2042880K), 0.0252689 secs] [Times: user=0.24 sys=0.00, real=0.02 secs] 
2020-09-29T17:49:24.673+0200: 61.095: [GC (Allocation Failure) [PSYoungGen: 644581K->45156K(632320K)] 692929K->93504K(2030592K), 0.0222115 secs] [Times: user=0.22 sys=0.00, real=0.02 secs] 
2020-09-29T17:49:24.744+0200: 61.166: [GC (Allocation Failure) [PSYoungGen: 623204K->35173K(638464K)] 671552K->83521K(2036736K), 0.0151007 secs] [Times: user=0.13 sys=0.00, real=0.02 secs] 
2020-09-29T17:49:24.810+0200: 61.231: [GC (Allocation Failure) [PSYoungGen: 613221K->25381K(638976K)] 661569K->73729K(2037248K), 0.0130281 secs] [Times: user=0.13 sys=0.00, real=0.01 secs] 
2020-09-29T17:49:24.872+0200: 61.294: [GC (Allocation Failure) [PSYoungGen: 605477K->15843K(595968K)] 653825K->64191K(1994240K), 0.0092790 secs] [Times: user=0.13 sys=0.00, real=0.01 secs] 
2020-09-29T17:49:24.939+0200: 61.361: [GC (Allocation Failure) [PSYoungGen: 595939K->33603K(640512K)] 644287K->81951K(2038784K), 0.0182264 secs] [Times: user=0.25 sys=0.00, real=0.02 secs] 
2020-09-29T17:49:25.009+0200: 61.431: [GC (Allocation Failure) [PSYoungGen: 613187K->10754K(637952K)] 661535K->59102K(2036224K), 0.0075067 secs] [Times: user=0.00 sys=0.00, real=0.01 secs] 
2020-09-29T17:49:25.066+0200: 61.488: [GC (Allocation Failure) [PSYoungGen: 590338K->42821K(636416K)] 638686K->91169K(2034688K), 0.0211080 secs] [Times: user=0.25 sys=0.00, real=0.02 secs] 
2020-09-29T17:49:25.136+0200: 61.558: [GC (Allocation Failure) [PSYoungGen: 618821K->44613K(621056K)] 667169K->92961K(2019328K), 0.0204250 secs] [Times: user=0.13 sys=0.00, real=0.02 secs] 
2020-09-29T17:49:25.206+0200: 61.628: [GC (Allocation Failure) [PSYoungGen: 620613K->32677K(638464K)] 668961K->81025K(2036736K), 0.0155943 secs] [Times: user=0.05 sys=0.01, real=0.02 secs] 
2020-09-29T17:49:25.272+0200: 61.693: [GC (Allocation Failure) [PSYoungGen: 608677K->18307K(636416K)] 657025K->66655K(2034688K), 0.0110121 secs] [Times: user=0.00 sys=0.00, real=0.01 secs] 
2020-09-29T17:49:25.331+0200: 61.753: [GC (Allocation Failure) [PSYoungGen: 594307K->18660K(638976K)] 642655K->67008K(2037248K), 0.0088961 secs] [Times: user=0.01 sys=0.00, real=0.01 secs] 
2020-09-29T17:49:25.392+0200: 61.814: [GC (Allocation Failure) [PSYoungGen: 597220K->50117K(628736K)] 645568K->98465K(2027008K), 0.0236085 secs] [Times: user=0.25 sys=0.00, real=0.02 secs] 
2020-09-29T17:49:25.465+0200: 61.887: [GC (Allocation Failure) [PSYoungGen: 628677K->27077K(636928K)] 677025K->75425K(2035200K), 0.0137014 secs] [Times: user=0.13 sys=0.00, real=0.01 secs] 
2020-09-29T17:49:25.528+0200: 61.950: [GC (Allocation Failure) [PSYoungGen: 600005K->24228K(634880K)] 648353K->72576K(2033152K), 0.0123649 secs] [Times: user=0.13 sys=0.00, real=0.01 secs] 
2020-09-29T17:49:25.591+0200: 62.012: [GC (Allocation Failure) [PSYoungGen: 597156K->36517K(639488K)] 645504K->84865K(2037760K), 0.0188882 secs] [Times: user=0.11 sys=0.00, real=0.02 secs] 
2020-09-29T17:49:25.660+0200: 62.082: [GC (Allocation Failure) [PSYoungGen: 615077K->39493K(637952K)] 663425K->87841K(2036224K), 0.0182479 secs] [Times: user=0.13 sys=0.00, real=0.02 secs] 
2020-09-29T17:49:25.730+0200: 62.151: [GC (Allocation Failure) [PSYoungGen: 618053K->30053K(641536K)] 666401K->78401K(2039808K), 0.0140531 secs] [Times: user=0.13 sys=0.00, real=0.01 secs] 
2020-09-29T17:49:25.795+0200: 62.216: [GC (Allocation Failure) [PSYoungGen: 612197K->37989K(639488K)] 660545K->86337K(2037760K), 0.0190331 secs] [Times: user=0.13 sys=0.00, real=0.02 secs] 
2020-09-29T17:49:25.864+0200: 62.285: [GC (Allocation Failure) [PSYoungGen: 620133K->56805K(626688K)] 668481K->107833K(2024960K), 0.0270521 secs] [Times: user=0.13 sys=0.00, real=0.03 secs] 
2020-09-29T17:49:25.943+0200: 62.364: [GC (Allocation Failure) [PSYoungGen: 626661K->41381K(634368K)] 677689K->92409K(2032640K), 0.0198414 secs] [Times: user=0.13 sys=0.00, real=0.02 secs] 
2020-09-29T17:49:26.012+0200: 62.433: [GC (Allocation Failure) [PSYoungGen: 611237K->35780K(637952K)] 662265K->86808K(2036224K), 0.0178932 secs] [Times: user=0.13 sys=0.00, real=0.02 secs] 
2020-09-29T17:49:26.080+0200: 62.501: [GC (Allocation Failure) [PSYoungGen: 610244K->49637K(635392K)] 661272K->100665K(2033664K), 0.0228448 secs] [Times: user=0.25 sys=0.00, real=0.02 secs] 
2020-09-29T17:49:26.154+0200: 62.575: [GC (Allocation Failure) [PSYoungGen: 624101K->35716K(637440K)] 675129K->86744K(2035712K), 0.0177503 secs] [Times: user=0.13 sys=0.00, real=0.02 secs] 
2020-09-29T17:49:26.222+0200: 62.643: [GC (Allocation Failure) [PSYoungGen: 609668K->32291K(635392K)] 660696K->83319K(2033664K), 0.0171497 secs] [Times: user=0.25 sys=0.00, real=0.02 secs] 
2020-09-29T17:49:26.288+0200: 62.709: [GC (Allocation Failure) [PSYoungGen: 606243K->44004K(638976K)] 657271K->95032K(2037248K), 0.0219580 secs] [Times: user=0.13 sys=0.00, real=0.02 secs] 
2020-09-29T17:49:26.359+0200: 62.780: [GC (Allocation Failure) [PSYoungGen: 623076K->35205K(638976K)] 674104K->86233K(2037248K), 0.0172894 secs] [Times: user=0.13 sys=0.00, real=0.02 secs] 
2020-09-29T17:49:26.430+0200: 62.851: [GC (Allocation Failure) [PSYoungGen: 614277K->40037K(641536K)] 665305K->91065K(2039808K), 0.0206614 secs] [Times: user=0.11 sys=0.00, real=0.02 secs] 
2020-09-29T17:49:26.503+0200: 62.924: [GC (Allocation Failure) [PSYoungGen: 623205K->32100K(640512K)] 674233K->83128K(2038784K), 0.0169811 secs] [Times: user=0.11 sys=0.00, real=0.02 secs] 
2020-09-29T17:49:26.573+0200: 62.994: [GC (Allocation Failure) [PSYoungGen: 615268K->40068K(643584K)] 666296K->91096K(2041856K), 0.0223277 secs] [Times: user=0.11 sys=0.00, real=0.02 secs] 
2020-09-29T17:49:26.652+0200: 63.073: [GC (Allocation Failure) [PSYoungGen: 627332K->39109K(642560K)] 678360K->90137K(2040832K), 0.0194893 secs] [Times: user=0.13 sys=0.00, real=0.02 secs] 
2020-09-29T17:49:26.722+0200: 63.143: [GC (Allocation Failure) [PSYoungGen: 626373K->38405K(646144K)] 677401K->89433K(2044416K), 0.0185522 secs] [Times: user=0.25 sys=0.00, real=0.02 secs] 
2020-09-29T17:49:26.792+0200: 63.213: [GC (Allocation Failure) [PSYoungGen: 630277K->42309K(644608K)] 681305K->93337K(2042880K), 0.0206107 secs] [Times: user=0.13 sys=0.00, real=0.02 secs] 
2020-09-29T17:49:26.864+0200: 63.285: [GC (Allocation Failure) [PSYoungGen: 634181K->31076K(646144K)] 685209K->82104K(2044416K), 0.0156508 secs] [Times: user=0.02 sys=0.00, real=0.02 secs] 
2020-09-29T17:49:26.931+0200: 63.352: [GC (Allocation Failure) [PSYoungGen: 623972K->34661K(645632K)] 675000K->85689K(2043904K), 0.0174899 secs] [Times: user=0.13 sys=0.00, real=0.02 secs] 
2020-09-29T17:49:26.999+0200: 63.420: [GC (Allocation Failure) [PSYoungGen: 627557K->51685K(637952K)] 678585K->104345K(2036224K), 0.0261655 secs] [Times: user=0.23 sys=0.00, real=0.03 secs] 
2020-09-29T17:49:27.082+0200: 63.503: [GC (Allocation Failure) [PSYoungGen: 637925K->37540K(642560K)] 690585K->90200K(2040832K), 0.0204978 secs] [Times: user=0.19 sys=0.00, real=0.02 secs] 
2020-09-29T17:49:27.152+0200: 63.573: [GC (Allocation Failure) [PSYoungGen: 623780K->21155K(641024K)] 676440K->73815K(2039296K), 0.0117032 secs] [Times: user=0.13 sys=0.00, real=0.01 secs] 
2020-09-29T17:49:27.214+0200: 63.635: [GC (Allocation Failure) [PSYoungGen: 607395K->46853K(633344K)] 660055K->99513K(2031616K), 0.0227781 secs] [Times: user=0.11 sys=0.00, real=0.02 secs] 
2020-09-29T17:49:27.287+0200: 63.708: [GC (Allocation Failure) [PSYoungGen: 633093K->45189K(638976K)] 685753K->97849K(2037248K), 0.0212317 secs] [Times: user=0.13 sys=0.00, real=0.02 secs] 
2020-09-29T17:49:27.358+0200: 63.779: [GC (Allocation Failure) [PSYoungGen: 626309K->38244K(640000K)] 678969K->90904K(2038272K), 0.0196630 secs] [Times: user=0.13 sys=0.00, real=0.02 secs] 
2020-09-29T17:49:27.427+0200: 63.848: [GC (Allocation Failure) [PSYoungGen: 619364K->15076K(637952K)] 672024K->67736K(2036224K), 0.0079053 secs] [Times: user=0.00 sys=0.00, real=0.01 secs] 
2020-09-29T17:49:27.485+0200: 63.906: [GC (Allocation Failure) [PSYoungGen: 596196K->35621K(640000K)] 648856K->88281K(2038272K), 0.0164112 secs] [Times: user=0.13 sys=0.00, real=0.02 secs] 
2020-09-29T17:49:27.550+0200: 63.971: [GC (Allocation Failure) [PSYoungGen: 616741K->27877K(642560K)] 669401K->80537K(2040832K), 0.0142832 secs] [Times: user=0.13 sys=0.00, real=0.02 secs] 
2020-09-29T17:49:27.616+0200: 64.037: [GC (Allocation Failure) [PSYoungGen: 613605K->23748K(642048K)] 666265K->76408K(2040320K), 0.0142278 secs] [Times: user=0.11 sys=0.00, real=0.01 secs] 
2020-09-29T17:49:27.680+0200: 64.101: [GC (Allocation Failure) [PSYoungGen: 609476K->48709K(636416K)] 662136K->101369K(2034688K), 0.0219823 secs] [Times: user=0.13 sys=0.00, real=0.02 secs] 
2020-09-29T17:49:27.752+0200: 64.173: [GC (Allocation Failure) [PSYoungGen: 628805K->38532K(639488K)] 681465K->91192K(2037760K), 0.0195839 secs] [Times: user=0.25 sys=0.00, real=0.02 secs] 
2020-09-29T17:49:27.822+0200: 64.243: [GC (Allocation Failure) [PSYoungGen: 618628K->44389K(638976K)] 671288K->97049K(2037248K), 0.0212416 secs] [Times: user=0.13 sys=0.00, real=0.02 secs] 
2020-09-29T17:49:27.893+0200: 64.314: [GC (Allocation Failure) [PSYoungGen: 625509K->35717K(640000K)] 678169K->88377K(2038272K), 0.0177200 secs] [Times: user=0.14 sys=0.00, real=0.02 secs] 
2020-09-29T17:49:27.961+0200: 64.382: [GC (Allocation Failure) [PSYoungGen: 616837K->42373K(641024K)] 669497K->95033K(2039296K), 0.0205068 secs] [Times: user=0.13 sys=0.00, real=0.02 secs] 
2020-09-29T17:49:28.032+0200: 64.453: [GC (Allocation Failure) [PSYoungGen: 626565K->38661K(641536K)] 679225K->91321K(2039808K), 0.0189742 secs] [Times: user=0.13 sys=0.00, real=0.02 secs] 
2020-09-29T17:49:28.101+0200: 64.522: [GC (Allocation Failure) [PSYoungGen: 622853K->33860K(644608K)] 675513K->86520K(2042880K), 0.0164406 secs] [Times: user=0.13 sys=0.00, real=0.02 secs] 
2020-09-29T17:49:28.172+0200: 64.593: [GC (Allocation Failure) [PSYoungGen: 622660K->33765K(643072K)] 675320K->86425K(2041344K), 0.0165307 secs] [Times: user=0.13 sys=0.00, real=0.02 secs] 
2020-09-29T17:49:28.240+0200: 64.661: [GC (Allocation Failure) [PSYoungGen: 622565K->33923K(646656K)] 675225K->86583K(2044928K), 0.0184530 secs] [Times: user=0.13 sys=0.00, real=0.02 secs] 
2020-09-29T17:49:28.309+0200: 64.730: [GC (Allocation Failure) [PSYoungGen: 627331K->24516K(645632K)] 679991K->77176K(2043904K), 0.0127948 secs] [Times: user=0.13 sys=0.00, real=0.01 secs] 
2020-09-29T17:49:28.372+0200: 64.793: [GC (Allocation Failure) [PSYoungGen: 617924K->43717K(643072K)] 670584K->96377K(2041344K), 0.0202380 secs] [Times: user=0.13 sys=0.00, real=0.02 secs] 
2020-09-29T17:49:28.444+0200: 64.865: [GC (Allocation Failure) [PSYoungGen: 634053K->46085K(636928K)] 686713K->98745K(2035200K), 0.0218524 secs] [Times: user=0.13 sys=0.00, real=0.02 secs] 
2020-09-29T17:49:28.516+0200: 64.937: [GC (Allocation Failure) [PSYoungGen: 636421K->34885K(644608K)] 689081K->87545K(2042880K), 0.0170375 secs] [Times: user=0.13 sys=0.00, real=0.02 secs] 
2020-09-29T17:49:28.586+0200: 65.007: [GC (Allocation Failure) [PSYoungGen: 623685K->35781K(643072K)] 676345K->88441K(2041344K), 0.0182688 secs] [Times: user=0.11 sys=0.00, real=0.02 secs] 
2020-09-29T17:49:28.658+0200: 65.079: [GC (Allocation Failure) [PSYoungGen: 624581K->50277K(638976K)] 677241K->102937K(2037248K), 0.0244347 secs] [Times: user=0.24 sys=0.00, real=0.02 secs] 
2020-09-29T17:49:28.732+0200: 65.153: [GC (Allocation Failure) [PSYoungGen: 636517K->34981K(642560K)] 689177K->87641K(2040832K), 0.0171318 secs] [Times: user=0.13 sys=0.00, real=0.02 secs] 
2020-09-29T17:49:28.801+0200: 65.222: [GC (Allocation Failure) [PSYoungGen: 621221K->47013K(640512K)] 673881K->99673K(2038784K), 0.0220381 secs] [Times: user=0.25 sys=0.00, real=0.02 secs] 
2020-09-29T17:49:28.873+0200: 65.294: [GC (Allocation Failure) [PSYoungGen: 632229K->29156K(642048K)] 684889K->81816K(2040320K), 0.0143665 secs] [Times: user=0.13 sys=0.00, real=0.02 secs] 
2020-09-29T17:49:28.937+0200: 65.358: [GC (Allocation Failure) [PSYoungGen: 614372K->40197K(643072K)] 667032K->92857K(2041344K), 0.0197922 secs] [Times: user=0.13 sys=0.00, real=0.02 secs] 
2020-09-29T17:49:29.009+0200: 65.430: [GC (Allocation Failure) [PSYoungGen: 626437K->37956K(642048K)] 679097K->90616K(2040320K), 0.0193565 secs] [Times: user=0.13 sys=0.00, real=0.02 secs] 
2020-09-29T17:49:29.078+0200: 65.499: [GC (Allocation Failure) [PSYoungGen: 624196K->36261K(646144K)] 676856K->88921K(2044416K), 0.0176364 secs] [Times: user=0.13 sys=0.00, real=0.02 secs] 
2020-09-29T17:49:29.148+0200: 65.569: [GC (Allocation Failure) [PSYoungGen: 628645K->27012K(645120K)] 681305K->79672K(2043392K), 0.0132903 secs] [Times: user=0.13 sys=0.00, real=0.01 secs] 
2020-09-29T17:49:29.214+0200: 65.635: [GC (Allocation Failure) [PSYoungGen: 619396K->45189K(642560K)] 672056K->97849K(2040832K), 0.0220363 secs] [Times: user=0.13 sys=0.00, real=0.02 secs] 
2020-09-29T17:49:29.291+0200: 65.712: [GC (Allocation Failure) [PSYoungGen: 634501K->32901K(644096K)] 687161K->85561K(2042368K), 0.0159453 secs] [Times: user=0.13 sys=0.00, real=0.02 secs] 
2020-09-29T17:49:29.360+0200: 65.781: [GC (Allocation Failure) [PSYoungGen: 622213K->31204K(645632K)] 674873K->83864K(2043904K), 0.0165443 secs] [Times: user=0.11 sys=0.00, real=0.02 secs] 
2020-09-29T17:49:29.428+0200: 65.849: [GC (Allocation Failure) [PSYoungGen: 623076K->48869K(641024K)] 675736K->101529K(2039296K), 0.0227051 secs] [Times: user=0.13 sys=0.00, real=0.02 secs] 
2020-09-29T17:49:29.502+0200: 65.923: [GC (Allocation Failure) [PSYoungGen: 640741K->39173K(644096K)] 693401K->91833K(2042368K), 0.0183484 secs] [Times: user=0.25 sys=0.00, real=0.02 secs] 
2020-09-29T17:49:29.572+0200: 65.993: [GC (Allocation Failure) [PSYoungGen: 627461K->53221K(641536K)] 680121K->105881K(2039808K), 0.0269010 secs] [Times: user=0.22 sys=0.00, real=0.03 secs] 
2020-09-29T17:49:29.651+0200: 66.072: [GC (Allocation Failure) [PSYoungGen: 641509K->53541K(632320K)] 694169K->106201K(2030592K), 0.0254957 secs] [Times: user=0.14 sys=0.02, real=0.03 secs] 
2020-09-29T17:49:29.725+0200: 66.147: [GC (Allocation Failure) [PSYoungGen: 628517K->40645K(636928K)] 681177K->93305K(2035200K), 0.0197129 secs] [Times: user=0.13 sys=0.00, real=0.02 secs] 
2020-09-29T17:49:29.797+0200: 66.218: [GC (Allocation Failure) [PSYoungGen: 615621K->55045K(631808K)] 668281K->107705K(2030080K), 0.0186545 secs] [Times: user=0.11 sys=0.00, real=0.02 secs] 
2020-09-29T17:49:29.865+0200: 66.286: [GC (Allocation Failure) [PSYoungGen: 626949K->39045K(635392K)] 679609K->91705K(2033664K), 0.0138503 secs] [Times: user=0.00 sys=0.00, real=0.01 secs] 
2020-09-29T17:49:29.928+0200: 66.350: [GC (Allocation Failure) [PSYoungGen: 610949K->36741K(637952K)] 663609K->89401K(2036224K), 0.0123859 secs] [Times: user=0.00 sys=0.00, real=0.01 secs] 
2020-09-29T17:49:29.992+0200: 66.413: [GC (Allocation Failure) [PSYoungGen: 612741K->38212K(636928K)] 665401K->90872K(2035200K), 0.0138806 secs] [Times: user=0.13 sys=0.00, real=0.01 secs] 
2020-09-29T17:49:30.057+0200: 66.478: [GC (Allocation Failure) [PSYoungGen: 614212K->53605K(634368K)] 666872K->106265K(2032640K), 0.0179851 secs] [Times: user=0.13 sys=0.00, real=0.02 secs] 
2020-09-29T17:49:30.123+0200: 66.545: [GC (Allocation Failure) [PSYoungGen: 628581K->40709K(636928K)] 681241K->93369K(2035200K), 0.0144239 secs] [Times: user=0.13 sys=0.00, real=0.02 secs] 
2020-09-29T17:49:30.187+0200: 66.609: [GC (Allocation Failure) [PSYoungGen: 615685K->27685K(637440K)] 668345K->80345K(2035712K), 0.0093971 secs] [Times: user=0.13 sys=0.00, real=0.01 secs] 
2020-09-29T17:49:30.247+0200: 66.668: [GC (Allocation Failure) [PSYoungGen: 604709K->30340K(637952K)] 657369K->83000K(2036224K), 0.0114045 secs] [Times: user=0.13 sys=0.00, real=0.01 secs] 
2020-09-29T17:49:30.308+0200: 66.729: [GC (Allocation Failure) [PSYoungGen: 607364K->33157K(638976K)] 660024K->85817K(2037248K), 0.0114012 secs] [Times: user=0.13 sys=0.00, real=0.01 secs] 
2020-09-29T17:49:30.369+0200: 66.791: [GC (Allocation Failure) [PSYoungGen: 611205K->23044K(637952K)] 663865K->75704K(2036224K), 0.0082333 secs] [Times: user=0.00 sys=0.00, real=0.01 secs] 
2020-09-29T17:49:30.428+0200: 66.849: [GC (Allocation Failure) [PSYoungGen: 601092K->24996K(638464K)] 653752K->77656K(2036736K), 0.0092460 secs] [Times: user=0.00 sys=0.00, real=0.01 secs] 
2020-09-29T17:49:30.489+0200: 66.911: [GC (Allocation Failure) [PSYoungGen: 603044K->56229K(634368K)] 655704K->108889K(2032640K), 0.0183999 secs] [Times: user=0.13 sys=0.00, real=0.02 secs] 
2020-09-29T17:49:30.557+0200: 66.979: [GC (Allocation Failure) [PSYoungGen: 634277K->46405K(632320K)] 686937K->99065K(2030592K), 0.0155833 secs] [Times: user=0.13 sys=0.00, real=0.02 secs] 
2020-09-29T17:49:30.623+0200: 67.044: [GC (Allocation Failure) [PSYoungGen: 614213K->22948K(590848K)] 666873K->75608K(1989120K), 0.0097541 secs] [Times: user=0.11 sys=0.00, real=0.01 secs] 
2020-09-29T17:49:30.683+0200: 67.104: [GC (Allocation Failure) [PSYoungGen: 590756K->43909K(633344K)] 643416K->96569K(2031616K), 0.0155488 secs] [Times: user=0.13 sys=0.00, real=0.01 secs] 
2020-09-29T17:49:30.747+0200: 67.168: [GC (Allocation Failure) [PSYoungGen: 611205K->50597K(617984K)] 663865K->103257K(2016256K), 0.0170973 secs] [Times: user=0.13 sys=0.00, real=0.02 secs] 
2020-09-29T17:49:30.812+0200: 67.234: [GC (Allocation Failure) [PSYoungGen: 617893K->29540K(632832K)] 670553K->82200K(2031104K), 0.0113562 secs] [Times: user=0.13 sys=0.00, real=0.01 secs] 
2020-09-29T17:49:30.872+0200: 67.293: [GC (Allocation Failure) [PSYoungGen: 594788K->32964K(631296K)] 647448K->85624K(2029568K), 0.0119403 secs] [Times: user=0.13 sys=0.00, real=0.01 secs] 
2020-09-29T17:49:30.933+0200: 67.355: [GC (Allocation Failure) [PSYoungGen: 598212K->36612K(636928K)] 650872K->89272K(2035200K), 0.0134761 secs] [Times: user=0.13 sys=0.00, real=0.01 secs] 
2020-09-29T17:49:30.997+0200: 67.418: [GC (Allocation Failure) [PSYoungGen: 609028K->21125K(634368K)] 661688K->73785K(2032640K), 0.0067853 secs] [Times: user=0.00 sys=0.00, real=0.01 secs] 
2020-09-29T17:49:31.058+0200: 67.480: [GC (Allocation Failure) [PSYoungGen: 593541K->32100K(638464K)] 646201K->84760K(2036736K), 0.0123319 secs] [Times: user=0.13 sys=0.00, real=0.01 secs] 
2020-09-29T17:49:31.120+0200: 67.541: [GC (Allocation Failure) [PSYoungGen: 608100K->19043K(636416K)] 660760K->71703K(2034688K), 0.0078864 secs] [Times: user=0.00 sys=0.00, real=0.01 secs] 
2020-09-29T17:49:31.177+0200: 67.598: [GC (Allocation Failure) [PSYoungGen: 595043K->48229K(632832K)] 647703K->100889K(2031104K), 0.0165725 secs] [Times: user=0.13 sys=0.00, real=0.02 secs] 
2020-09-29T17:49:31.243+0200: 67.664: [GC (Allocation Failure) [PSYoungGen: 620133K->45861K(617984K)] 672793K->98521K(2016256K), 0.0162313 secs] [Times: user=0.13 sys=0.00, real=0.02 secs] 
2020-09-29T17:49:31.307+0200: 67.729: [GC (Allocation Failure) [PSYoungGen: 617765K->29829K(635904K)] 670425K->82489K(2034176K), 0.0101208 secs] [Times: user=0.13 sys=0.00, real=0.01 secs] 
2020-09-29T17:49:31.367+0200: 67.789: [GC (Allocation Failure) [PSYoungGen: 601221K->40677K(634368K)] 653881K->93337K(2032640K), 0.0135989 secs] [Times: user=0.13 sys=0.00, real=0.01 secs] 
2020-09-29T17:49:31.430+0200: 67.851: [GC (Allocation Failure) [PSYoungGen: 612069K->24133K(637440K)] 664729K->76793K(2035712K), 0.0089105 secs] [Times: user=0.00 sys=0.00, real=0.01 secs] 
2020-09-29T17:49:31.489+0200: 67.910: [GC (Allocation Failure) [PSYoungGen: 599621K->39109K(636928K)] 652281K->91769K(2035200K), 0.0136334 secs] [Times: user=0.00 sys=0.00, real=0.01 secs] 
2020-09-29T17:49:31.552+0200: 67.973: [GC (Allocation Failure) [PSYoungGen: 614597K->53989K(629248K)] 667257K->106649K(2027520K), 0.0183639 secs] [Times: user=0.13 sys=0.00, real=0.02 secs] 
2020-09-29T17:49:31.621+0200: 68.042: [GC (Allocation Failure) [PSYoungGen: 622821K->47556K(616448K)] 675481K->100216K(2014720K), 0.0179873 secs] [Times: user=0.11 sys=0.00, real=0.02 secs] 
2020-09-29T17:49:31.688+0200: 68.110: [GC (Allocation Failure) [PSYoungGen: 616388K->42085K(634368K)] 669048K->94745K(2032640K), 0.0149465 secs] [Times: user=0.13 sys=0.00, real=0.02 secs] 
2020-09-29T17:49:31.752+0200: 68.173: [GC (Allocation Failure) [PSYoungGen: 610405K->47012K(632832K)] 663065K->99672K(2031104K), 0.0170131 secs] [Times: user=0.13 sys=0.00, real=0.02 secs] 
2020-09-29T17:49:31.818+0200: 68.239: [GC (Allocation Failure) [PSYoungGen: 615332K->54725K(627712K)] 667992K->107385K(2025984K), 0.0180245 secs] [Times: user=0.13 sys=0.00, real=0.02 secs] 
2020-09-29T17:49:31.884+0200: 68.306: [GC (Allocation Failure) [PSYoungGen: 617413K->43173K(630784K)] 670073K->95833K(2029056K), 0.0148717 secs] [Times: user=0.13 sys=0.00, real=0.01 secs] 
2020-09-29T17:49:31.948+0200: 68.369: [GC (Allocation Failure) [PSYoungGen: 605861K->31428K(633344K)] 658521K->84088K(2031616K), 0.0117457 secs] [Times: user=0.13 sys=0.00, real=0.01 secs] 
2020-09-29T17:49:32.009+0200: 68.430: [GC (Allocation Failure) [PSYoungGen: 598724K->37797K(632832K)] 651384K->90457K(2031104K), 0.0135819 secs] [Times: user=0.13 sys=0.00, real=0.01 secs] 
2020-09-29T17:49:32.071+0200: 68.492: [GC (Allocation Failure) [PSYoungGen: 605093K->30917K(636416K)] 657753K->83577K(2034688K), 0.0102495 secs] [Times: user=0.00 sys=0.00, real=0.01 secs] 
2020-09-29T17:49:32.130+0200: 68.551: [GC (Allocation Failure) [PSYoungGen: 603845K->26979K(635392K)] 656505K->79639K(2033664K), 0.0109247 secs] [Times: user=0.00 sys=0.00, real=0.01 secs] 
2020-09-29T17:49:32.190+0200: 68.611: [GC (Allocation Failure) [PSYoungGen: 599907K->39365K(638464K)] 652567K->92025K(2036736K), 0.0138433 secs] [Times: user=0.13 sys=0.00, real=0.01 secs] 
2020-09-29T17:49:32.254+0200: 68.675: [GC (Allocation Failure) [PSYoungGen: 615365K->39748K(636416K)] 668025K->92408K(2034688K), 0.0145740 secs] [Times: user=0.13 sys=0.00, real=0.02 secs] 
2020-09-29T17:49:32.318+0200: 68.739: [GC (Allocation Failure) [PSYoungGen: 615748K->55173K(631808K)] 668408K->107833K(2030080K), 0.0184136 secs] [Times: user=0.13 sys=0.00, real=0.02 secs] 
2020-09-29T17:49:32.385+0200: 68.806: [GC (Allocation Failure) [PSYoungGen: 628101K->24549K(597504K)] 680761K->77209K(1995776K), 0.0086703 secs] [Times: user=0.00 sys=0.00, real=0.01 secs] 
2020-09-29T17:49:32.446+0200: 68.867: [GC (Allocation Failure) [PSYoungGen: 597477K->23172K(635392K)] 650137K->75832K(2033664K), 0.0113162 secs] [Times: user=0.00 sys=0.00, real=0.01 secs] 
2020-09-29T17:49:32.509+0200: 68.931: [GC (Allocation Failure) [PSYoungGen: 595076K->34533K(635392K)] 647736K->87193K(2033664K), 0.0148740 secs] [Times: user=0.13 sys=0.00, real=0.01 secs] 
2020-09-29T17:49:32.576+0200: 68.998: [GC (Allocation Failure) [PSYoungGen: 606437K->30532K(638976K)] 659097K->83192K(2037248K), 0.0133687 secs] [Times: user=0.11 sys=0.00, real=0.01 secs] 
2020-09-29T17:49:32.641+0200: 69.062: [GC (Allocation Failure) [PSYoungGen: 608068K->47525K(625152K)] 660728K->100185K(2023424K), 0.0167909 secs] [Times: user=0.13 sys=0.00, real=0.02 secs] 
2020-09-29T17:49:32.708+0200: 69.129: [GC (Allocation Failure) [PSYoungGen: 625061K->50725K(631808K)] 677721K->103385K(2030080K), 0.0174666 secs] [Times: user=0.13 sys=0.00, real=0.02 secs] 
2020-09-29T17:49:32.774+0200: 69.196: [GC (Allocation Failure) [PSYoungGen: 620581K->32547K(634368K)] 673241K->85207K(2032640K), 0.0126924 secs] [Times: user=0.13 sys=0.00, real=0.01 secs] 
2020-09-29T17:49:32.839+0200: 69.260: [GC (Allocation Failure) [PSYoungGen: 602403K->41829K(636928K)] 655063K->94489K(2035200K), 0.0155578 secs] [Times: user=0.13 sys=0.00, real=0.02 secs] 
2020-09-29T17:49:32.903+0200: 69.324: [GC (Allocation Failure) [PSYoungGen: 615781K->41509K(635904K)] 668441K->94169K(2034176K), 0.0140616 secs] [Times: user=0.13 sys=0.00, real=0.01 secs] 
2020-09-29T17:49:32.967+0200: 69.389: [GC (Allocation Failure) [PSYoungGen: 615461K->41221K(639488K)] 668121K->93881K(2037760K), 0.0151808 secs] [Times: user=0.13 sys=0.00, real=0.02 secs] 
2020-09-29T17:49:33.033+0200: 69.455: [GC (Allocation Failure) [PSYoungGen: 620293K->28739K(638464K)] 672953K->81399K(2036736K), 0.0115881 secs] [Times: user=0.13 sys=0.00, real=0.01 secs] 
2020-09-29T17:49:33.094+0200: 69.515: [GC (Allocation Failure) [PSYoungGen: 607811K->47301K(636928K)] 660471K->99961K(2035200K), 0.0161204 secs] [Times: user=0.13 sys=0.00, real=0.02 secs] 
2020-09-29T17:49:33.160+0200: 69.581: [GC (Allocation Failure) [PSYoungGen: 625349K->35524K(638464K)] 678009K->88184K(2036736K), 0.0133693 secs] [Times: user=0.13 sys=0.00, real=0.01 secs] 
2020-09-29T17:49:33.225+0200: 69.647: [GC (Allocation Failure) [PSYoungGen: 613572K->37284K(641536K)] 666232K->89944K(2039808K), 0.0141561 secs] [Times: user=0.13 sys=0.00, real=0.02 secs] 
2020-09-29T17:49:33.289+0200: 69.711: [GC (Allocation Failure) [PSYoungGen: 619940K->45668K(640000K)] 672600K->98328K(2038272K), 0.0163384 secs] [Times: user=0.13 sys=0.00, real=0.02 secs] 
2020-09-29T17:49:33.357+0200: 69.779: [GC (Allocation Failure) [PSYoungGen: 628324K->54181K(633856K)] 680984K->106841K(2032128K), 0.0184000 secs] [Times: user=0.13 sys=0.00, real=0.02 secs] 
2020-09-29T17:49:33.425+0200: 69.847: [GC (Allocation Failure) [PSYoungGen: 630181K->42245K(637440K)] 682841K->94905K(2035712K), 0.0148404 secs] [Times: user=0.13 sys=0.00, real=0.02 secs] 
2020-09-29T17:49:33.489+0200: 69.911: [GC (Allocation Failure) [PSYoungGen: 618245K->30341K(638976K)] 670905K->83001K(2037248K), 0.0108618 secs] [Times: user=0.00 sys=0.00, real=0.01 secs] 
2020-09-29T17:49:33.550+0200: 69.972: [GC (Allocation Failure) [PSYoungGen: 608901K->48293K(627200K)] 661561K->100953K(2025472K), 0.0164005 secs] [Times: user=0.13 sys=0.01, real=0.02 secs] 
2020-09-29T17:49:33.618+0200: 70.039: [GC (Allocation Failure) [PSYoungGen: 626853K->38757K(639488K)] 679513K->91417K(2037760K), 0.0150111 secs] [Times: user=0.11 sys=0.00, real=0.01 secs] 
2020-09-29T17:49:33.683+0200: 70.104: [GC (Allocation Failure) [PSYoungGen: 616805K->11681K(589824K)] 669465K->64341K(1988096K), 0.0066496 secs] [Times: user=0.00 sys=0.00, real=0.01 secs] 
2020-09-29T17:49:33.738+0200: 70.160: [GC (Allocation Failure) [PSYoungGen: 589729K->42821K(636928K)] 642389K->95481K(2035200K), 0.0147978 secs] [Times: user=0.03 sys=0.02, real=0.02 secs] 
2020-09-29T17:49:33.803+0200: 70.224: [GC (Allocation Failure) [PSYoungGen: 617285K->43109K(636416K)] 669945K->95769K(2034688K), 0.0144882 secs] [Times: user=0.13 sys=0.00, real=0.01 secs] 
2020-09-29T17:49:33.866+0200: 70.288: [GC (Allocation Failure) [PSYoungGen: 617573K->29605K(637952K)] 670233K->82265K(2036224K), 0.0104247 secs] [Times: user=0.00 sys=0.00, real=0.01 secs] 
2020-09-29T17:49:33.926+0200: 70.348: [GC (Allocation Failure) [PSYoungGen: 606117K->45509K(637440K)] 658777K->98169K(2035712K), 0.0153642 secs] [Times: user=0.01 sys=0.01, real=0.02 secs] 
2020-09-29T17:49:33.994+0200: 70.415: [GC (Allocation Failure) [PSYoungGen: 622021K->19331K(635392K)] 674681K->71991K(2033664K), 0.0090804 secs] [Times: user=0.00 sys=0.00, real=0.01 secs] 
2020-09-29T17:49:34.053+0200: 70.474: [GC (Allocation Failure) [PSYoungGen: 593283K->46180K(620544K)] 645943K->98840K(2018816K), 0.0162296 secs] [Times: user=0.13 sys=0.00, real=0.02 secs] 
2020-09-29T17:49:34.134+0200: 70.556: [GC (Allocation Failure) [PSYoungGen: 620132K->31364K(636928K)] 672792K->84024K(2035200K), 0.0126928 secs] [Times: user=0.13 sys=0.00, real=0.01 secs] 
2020-09-29T17:49:34.199+0200: 70.620: [GC (Allocation Failure) [PSYoungGen: 604804K->57957K(631808K)] 657464K->110617K(2030080K), 0.0221057 secs] [Times: user=0.11 sys=0.00, real=0.02 secs] 
2020-09-29T17:49:34.272+0200: 70.694: [GC (Allocation Failure) [PSYoungGen: 631397K->26724K(632320K)] 684057K->79384K(2030592K), 0.0107512 secs] [Times: user=0.00 sys=0.00, real=0.01 secs] 
2020-09-29T17:49:34.332+0200: 70.754: [GC (Allocation Failure) [PSYoungGen: 591972K->45093K(631808K)] 644632K->97753K(2030080K), 0.0157544 secs] [Times: user=0.25 sys=0.00, real=0.02 secs] 
2020-09-29T17:49:34.399+0200: 70.821: [GC (Allocation Failure) [PSYoungGen: 610341K->36100K(634880K)] 663001K->88760K(2033152K), 0.0133212 secs] [Times: user=0.13 sys=0.00, real=0.01 secs] 
2020-09-29T17:49:34.464+0200: 70.885: [GC (Allocation Failure) [PSYoungGen: 604420K->28964K(632320K)] 657080K->81624K(2030592K), 0.0121189 secs] [Times: user=0.13 sys=0.00, real=0.01 secs] 
2020-09-29T17:49:34.527+0200: 70.949: [GC (Allocation Failure) [PSYoungGen: 597284K->36741K(638464K)] 649944K->89401K(2036736K), 0.0132613 secs] [Times: user=0.13 sys=0.00, real=0.01 secs] 
2020-09-29T17:49:34.594+0200: 71.016: [GC (Allocation Failure) [PSYoungGen: 612229K->23523K(635904K)] 664889K->76183K(2034176K), 0.0102520 secs] [Times: user=0.11 sys=0.00, real=0.01 secs] 
2020-09-29T17:49:34.657+0200: 71.079: [GC (Allocation Failure) [PSYoungGen: 599011K->51941K(631296K)] 651671K->104601K(2029568K), 0.0186906 secs] [Times: user=0.19 sys=0.00, real=0.02 secs] 
2020-09-29T17:49:34.729+0200: 71.150: [GC (Allocation Failure) [PSYoungGen: 622821K->34277K(634880K)] 675481K->86937K(2033152K), 0.0123742 secs] [Times: user=0.13 sys=0.00, real=0.01 secs] 
2020-09-29T17:49:34.791+0200: 71.213: [GC (Allocation Failure) [PSYoungGen: 605157K->29444K(637952K)] 657817K->82104K(2036224K), 0.0114044 secs] [Times: user=0.13 sys=0.00, real=0.01 secs] 
2020-09-29T17:49:34.852+0200: 71.274: [GC (Allocation Failure) [PSYoungGen: 605444K->44837K(636928K)] 658104K->97497K(2035200K), 0.0157161 secs] [Times: user=0.13 sys=0.00, real=0.02 secs] 
2020-09-29T17:49:34.917+0200: 71.338: [GC (Allocation Failure) [PSYoungGen: 620837K->44773K(636416K)] 673497K->97433K(2034688K), 0.0154525 secs] [Times: user=0.13 sys=0.00, real=0.01 secs] 
2020-09-29T17:49:34.981+0200: 71.403: [GC (Allocation Failure) [PSYoungGen: 619749K->45541K(620544K)] 672409K->98201K(2018816K), 0.0156770 secs] [Times: user=0.13 sys=0.00, real=0.02 secs] 
2020-09-29T17:49:35.050+0200: 71.472: [GC (Allocation Failure) [PSYoungGen: 620517K->32260K(637952K)] 673177K->84920K(2036224K), 0.0123419 secs] [Times: user=0.11 sys=0.00, real=0.01 secs] 
2020-09-29T17:49:35.112+0200: 71.534: [GC (Allocation Failure) [PSYoungGen: 607748K->18692K(636416K)] 660408K->71352K(2034688K), 0.0070226 secs] [Times: user=0.13 sys=0.00, real=0.01 secs] 
2020-09-29T17:49:35.168+0200: 71.590: [GC (Allocation Failure) [PSYoungGen: 594180K->33348K(638976K)] 646840K->86008K(2037248K), 0.0128237 secs] [Times: user=0.13 sys=0.00, real=0.01 secs] 
2020-09-29T17:49:35.231+0200: 71.652: [GC (Allocation Failure) [PSYoungGen: 610372K->36069K(636928K)] 663032K->88729K(2035200K), 0.0128648 secs] [Times: user=0.13 sys=0.00, real=0.01 secs] 
2020-09-29T17:49:35.293+0200: 71.715: [GC (Allocation Failure) [PSYoungGen: 613093K->38853K(642048K)] 665753K->91513K(2040320K), 0.0139552 secs] [Times: user=0.13 sys=0.00, real=0.01 secs] 
2020-09-29T17:49:35.357+0200: 71.779: [GC (Allocation Failure) [PSYoungGen: 623045K->48805K(633344K)] 675705K->101465K(2031616K), 0.0164589 secs] [Times: user=0.13 sys=0.00, real=0.02 secs] 
2020-09-29T17:49:35.423+0200: 71.845: [GC (Allocation Failure) [PSYoungGen: 632997K->44997K(638464K)] 685657K->97657K(2036736K), 0.0155560 secs] [Times: user=0.13 sys=0.00, real=0.02 secs] 
2020-09-29T17:49:35.488+0200: 71.910: [GC (Allocation Failure) [PSYoungGen: 624069K->35812K(638976K)] 676729K->88472K(2037248K), 0.0130181 secs] [Times: user=0.13 sys=0.00, real=0.01 secs] 
2020-09-29T17:49:35.551+0200: 71.973: [GC (Allocation Failure) [PSYoungGen: 614884K->40709K(641536K)] 667544K->93369K(2039808K), 0.0144583 secs] [Times: user=0.00 sys=0.00, real=0.01 secs] 
2020-09-29T17:49:35.617+0200: 72.039: [GC (Allocation Failure) [PSYoungGen: 623877K->35716K(640512K)] 676537K->88376K(2038784K), 0.0141250 secs] [Times: user=0.11 sys=0.00, real=0.01 secs] 
2020-09-29T17:49:35.683+0200: 72.104: [GC (Allocation Failure) [PSYoungGen: 618884K->28931K(643072K)] 671544K->81591K(2041344K), 0.0113615 secs] [Times: user=0.13 sys=0.00, real=0.01 secs] 
2020-09-29T17:49:35.744+0200: 72.166: [GC (Allocation Failure) [PSYoungGen: 616195K->41989K(643072K)] 668855K->94649K(2041344K), 0.0145452 secs] [Times: user=0.13 sys=0.00, real=0.02 secs] 
2020-09-29T17:49:35.810+0200: 72.232: [GC (Allocation Failure) [PSYoungGen: 629253K->41189K(643584K)] 681913K->93849K(2041856K), 0.0148729 secs] [Times: user=0.13 sys=0.00, real=0.02 secs] 
2020-09-29T17:49:35.875+0200: 72.297: [GC (Allocation Failure) [PSYoungGen: 628965K->23971K(643072K)] 681625K->76631K(2041344K), 0.0097681 secs] [Times: user=0.13 sys=0.00, real=0.01 secs] 
2020-09-29T17:49:35.935+0200: 72.356: [GC (Allocation Failure) [PSYoungGen: 611747K->37477K(644608K)] 664407K->90137K(2042880K), 0.0128049 secs] [Times: user=0.13 sys=0.00, real=0.01 secs] 
2020-09-29T17:49:36.000+0200: 72.422: [GC (Allocation Failure) [PSYoungGen: 626277K->23331K(643072K)] 678937K->75991K(2041344K), 0.0136659 secs] [Times: user=0.11 sys=0.00, real=0.01 secs] 
2020-09-29T17:49:36.068+0200: 72.490: [GC (Allocation Failure) [PSYoungGen: 612131K->37636K(645120K)] 664791K->90296K(2043392K), 0.0178873 secs] [Times: user=0.13 sys=0.00, real=0.02 secs] 
2020-09-29T17:49:36.140+0200: 72.561: [GC (Allocation Failure) [PSYoungGen: 627972K->23460K(644096K)] 680632K->76120K(2042368K), 0.0101113 secs] [Times: user=0.13 sys=0.00, real=0.01 secs] 
2020-09-29T17:49:36.205+0200: 72.627: [GC (Allocation Failure) [PSYoungGen: 613796K->24643K(645120K)] 666456K->77303K(2043392K), 0.0095964 secs] [Times: user=0.13 sys=0.00, real=0.01 secs] 
2020-09-29T17:49:36.265+0200: 72.687: [GC (Allocation Failure) [PSYoungGen: 616003K->27972K(645120K)] 668663K->80632K(2043392K), 0.0102989 secs] [Times: user=0.13 sys=0.00, real=0.01 secs] 
2020-09-29T17:49:36.326+0200: 72.748: [GC (Allocation Failure) [PSYoungGen: 619332K->31333K(648192K)] 671992K->83993K(2046464K), 0.0114578 secs] [Times: user=0.13 sys=0.00, real=0.01 secs] 
2020-09-29T17:49:36.389+0200: 72.811: [GC (Allocation Failure) [PSYoungGen: 626789K->38660K(646144K)] 679449K->91320K(2044416K), 0.0142624 secs] [Times: user=0.13 sys=0.00, real=0.01 secs] 
2020-09-29T17:49:36.454+0200: 72.876: [GC (Allocation Failure) [PSYoungGen: 634116K->16675K(645632K)] 686776K->69335K(2043904K), 0.0068051 secs] [Times: user=0.13 sys=0.00, real=0.01 secs] 
2020-09-29T17:49:36.512+0200: 72.934: [GC (Allocation Failure) [PSYoungGen: 611107K->50341K(645120K)] 663767K->103001K(2043392K), 0.0173739 secs] [Times: user=0.13 sys=0.00, real=0.02 secs] 
2020-09-29T17:49:36.581+0200: 73.003: [GC (Allocation Failure) [PSYoungGen: 644773K->43173K(635904K)] 697433K->95833K(2034176K), 0.0165135 secs] [Times: user=0.11 sys=0.00, real=0.02 secs] 
2020-09-29T17:49:36.655+0200: 73.077: [GC (Allocation Failure) [PSYoungGen: 625317K->18564K(601088K)] 677977K->71224K(1999360K), 0.0073223 secs] [Times: user=0.13 sys=0.00, real=0.01 secs] 
2020-09-29T17:49:36.713+0200: 73.135: [GC (Allocation Failure) [PSYoungGen: 600708K->26404K(641536K)] 653368K->79064K(2039808K), 0.0107449 secs] [Times: user=0.13 sys=0.00, real=0.01 secs] 
2020-09-29T17:49:36.773+0200: 73.195: [GC (Allocation Failure) [PSYoungGen: 609060K->21125K(640000K)] 661720K->73785K(2038272K), 0.0072254 secs] [Times: user=0.00 sys=0.00, real=0.01 secs] 
2020-09-29T17:49:36.830+0200: 73.252: [GC (Allocation Failure) [PSYoungGen: 603781K->43173K(637952K)] 656441K->95833K(2036224K), 0.0145099 secs] [Times: user=0.13 sys=0.00, real=0.02 secs] 
2020-09-29T17:49:36.896+0200: 73.317: [GC (Allocation Failure) [PSYoungGen: 624293K->50149K(631296K)] 676953K->102809K(2029568K), 0.0169702 secs] [Times: user=0.13 sys=0.00, real=0.02 secs] 
2020-09-29T17:49:36.962+0200: 73.384: [GC (Allocation Failure) [PSYoungGen: 631269K->43365K(634368K)] 683929K->96025K(2032640K), 0.0153669 secs] [Times: user=0.13 sys=0.00, real=0.02 secs] 
2020-09-29T17:49:37.031+0200: 73.453: [GC (Allocation Failure) [PSYoungGen: 615269K->40932K(635392K)] 667929K->93592K(2033664K), 0.0158575 secs] [Times: user=0.13 sys=0.00, real=0.02 secs] 
2020-09-29T17:49:37.098+0200: 73.520: [GC (Allocation Failure) [PSYoungGen: 612836K->38372K(637952K)] 665496K->91032K(2036224K), 0.0149190 secs] [Times: user=0.00 sys=0.00, real=0.01 secs] 
2020-09-29T17:49:37.163+0200: 73.585: [GC (Allocation Failure) [PSYoungGen: 613860K->25892K(636416K)] 666520K->78552K(2034688K), 0.0097285 secs] [Times: user=0.00 sys=0.00, real=0.01 secs] 
2020-09-29T17:49:37.224+0200: 73.646: [GC (Allocation Failure) [PSYoungGen: 601380K->26212K(639488K)] 654040K->78872K(2037760K), 0.0103511 secs] [Times: user=0.00 sys=0.00, real=0.01 secs] 
2020-09-29T17:49:37.284+0200: 73.706: [GC (Allocation Failure) [PSYoungGen: 605284K->31013K(638464K)] 657944K->83673K(2036736K), 0.0111873 secs] [Times: user=0.13 sys=0.00, real=0.01 secs] 
2020-09-29T17:49:37.345+0200: 73.766: [GC (Allocation Failure) [PSYoungGen: 610085K->21764K(642048K)] 662745K->74424K(2040320K), 0.0089481 secs] [Times: user=0.13 sys=0.00, real=0.01 secs] 
2020-09-29T17:49:37.404+0200: 73.826: [GC (Allocation Failure) [PSYoungGen: 606468K->32293K(641536K)] 659128K->84953K(2039808K), 0.0115650 secs] [Times: user=0.13 sys=0.00, real=0.01 secs] 
2020-09-29T17:49:37.467+0200: 73.888: [GC (Allocation Failure) [PSYoungGen: 616997K->42693K(641024K)] 669657K->95353K(2039296K), 0.0150004 secs] [Times: user=0.13 sys=0.00, real=0.02 secs] 
2020-09-29T17:49:37.532+0200: 73.953: [GC (Allocation Failure) [PSYoungGen: 628933K->26243K(642560K)] 681593K->78903K(2040832K), 0.0110105 secs] [Times: user=0.13 sys=0.00, real=0.01 secs] 
2020-09-29T17:49:37.595+0200: 74.016: [GC (Allocation Failure) [PSYoungGen: 612483K->24517K(644608K)] 665143K->77177K(2042880K), 0.0092739 secs] [Times: user=0.11 sys=0.00, real=0.01 secs] 
2020-09-29T17:49:37.656+0200: 74.077: [GC (Allocation Failure) [PSYoungGen: 613829K->39621K(643584K)] 666489K->92281K(2041856K), 0.0136219 secs] [Times: user=0.13 sys=0.00, real=0.01 secs] 
2020-09-29T17:49:37.720+0200: 74.141: [GC (Allocation Failure) [PSYoungGen: 628933K->40740K(642048K)] 681593K->93400K(2040320K), 0.0145017 secs] [Times: user=0.13 sys=0.00, real=0.01 secs] 
2020-09-29T17:49:37.785+0200: 74.206: [GC (Allocation Failure) [PSYoungGen: 628004K->53797K(641536K)] 680664K->106457K(2039808K), 0.0181808 secs] [Times: user=0.25 sys=0.00, real=0.02 secs] 
2020-09-29T17:49:37.853+0200: 74.275: [GC (Allocation Failure) [PSYoungGen: 641061K->53157K(626176K)] 693721K->105817K(2024448K), 0.0182856 secs] [Times: user=0.13 sys=0.00, real=0.02 secs] 
2020-09-29T17:49:37.920+0200: 74.342: [GC (Allocation Failure) [PSYoungGen: 621989K->47749K(616960K)] 674649K->100409K(2015232K), 0.0158720 secs] [Times: user=0.13 sys=0.00, real=0.02 secs] 
2020-09-29T17:49:37.985+0200: 74.406: [GC (Allocation Failure) [PSYoungGen: 616581K->27556K(633856K)] 669241K->80216K(2032128K), 0.0109177 secs] [Times: user=0.13 sys=0.00, real=0.01 secs] 
2020-09-29T17:49:38.043+0200: 74.465: [GC (Allocation Failure) [PSYoungGen: 595364K->19684K(632832K)] 648024K->72344K(2031104K), 0.0077847 secs] [Times: user=0.13 sys=0.00, real=0.01 secs] 
2020-09-29T17:49:38.099+0200: 74.520: [GC (Allocation Failure) [PSYoungGen: 587492K->11683K(631296K)] 640152K->64343K(2029568K), 0.0052620 secs] [Times: user=0.00 sys=0.00, real=0.01 secs] 
2020-09-29T17:49:38.152+0200: 74.574: [GC (Allocation Failure) [PSYoungGen: 577443K->30564K(632320K)] 630103K->83224K(2030592K), 0.0120859 secs] [Times: user=0.13 sys=0.00, real=0.01 secs] 
2020-09-29T17:49:38.215+0200: 74.637: [GC (Allocation Failure) [PSYoungGen: 596324K->22052K(636416K)] 648984K->74712K(2034688K), 0.0081114 secs] [Times: user=0.13 sys=0.00, real=0.01 secs] 
2020-09-29T17:49:38.275+0200: 74.697: [GC (Allocation Failure) [PSYoungGen: 594980K->20292K(635392K)] 647640K->72952K(2033664K), 0.0082148 secs] [Times: user=0.00 sys=0.00, real=0.01 secs] 
2020-09-29T17:49:38.334+0200: 74.755: [GC (Allocation Failure) [PSYoungGen: 593220K->18979K(638464K)] 645880K->71639K(2036736K), 0.0077788 secs] [Times: user=0.00 sys=0.00, real=0.01 secs] 
2020-09-29T17:49:38.390+0200: 74.811: [GC (Allocation Failure) [PSYoungGen: 596003K->19939K(637440K)] 648663K->72599K(2035712K), 0.0084238 secs] [Times: user=0.13 sys=0.00, real=0.01 secs] 
2020-09-29T17:49:38.447+0200: 74.869: [GC (Allocation Failure) [PSYoungGen: 596963K->36388K(640000K)] 649623K->89048K(2038272K), 0.0136485 secs] [Times: user=0.13 sys=0.00, real=0.01 secs] 
2020-09-29T17:49:38.509+0200: 74.931: [GC (Allocation Failure) [PSYoungGen: 617508K->14371K(640000K)] 670168K->67031K(2038272K), 0.0061548 secs] [Times: user=0.00 sys=0.00, real=0.01 secs] 
2020-09-29T17:49:38.565+0200: 74.986: [GC (Allocation Failure) [PSYoungGen: 595491K->34500K(641024K)] 648151K->87160K(2039296K), 0.0135158 secs] [Times: user=0.13 sys=0.00, real=0.01 secs] 
2020-09-29T17:49:38.629+0200: 75.050: [GC (Allocation Failure) [PSYoungGen: 617156K->13570K(640512K)] 669816K->66230K(2038784K), 0.0066977 secs] [Times: user=0.11 sys=0.00, real=0.01 secs] 
2020-09-29T17:49:38.685+0200: 75.106: [GC (Allocation Failure) [PSYoungGen: 596226K->34659K(641536K)] 648886K->87319K(2039808K), 0.0134937 secs] [Times: user=0.13 sys=0.00, real=0.01 secs] 
2020-09-29T17:49:38.747+0200: 75.168: [GC (Allocation Failure) [PSYoungGen: 618851K->16866K(641536K)] 671511K->69526K(2039808K), 0.0086471 secs] [Times: user=0.13 sys=0.00, real=0.01 secs] 
2020-09-29T17:49:38.804+0200: 75.225: [GC (Allocation Failure) [PSYoungGen: 601058K->26756K(645632K)] 653718K->79416K(2043904K), 0.0105789 secs] [Times: user=0.00 sys=0.00, real=0.01 secs] 
2020-09-29T17:49:38.863+0200: 75.285: [GC (Allocation Failure) [PSYoungGen: 616068K->28196K(642560K)] 668728K->80856K(2040832K), 0.0108345 secs] [Times: user=0.03 sys=0.00, real=0.01 secs] 
2020-09-29T17:49:38.923+0200: 75.345: [GC (Allocation Failure) [PSYoungGen: 617508K->43268K(640512K)] 670168K->95928K(2038784K), 0.0159297 secs] [Times: user=0.13 sys=0.00, real=0.02 secs] 
2020-09-29T17:49:38.989+0200: 75.410: [GC (Allocation Failure) [PSYoungGen: 632580K->30948K(644096K)] 685240K->83608K(2042368K), 0.0116129 secs] [Times: user=0.00 sys=0.00, real=0.01 secs] 
2020-09-29T17:49:39.052+0200: 75.473: [GC (Allocation Failure) [PSYoungGen: 620260K->32324K(646656K)] 672920K->84984K(2044928K), 0.0125412 secs] [Times: user=0.00 sys=0.00, real=0.01 secs] 
2020-09-29T17:49:39.113+0200: 75.535: [GC (Allocation Failure) [PSYoungGen: 625732K->37860K(645632K)] 678392K->90520K(2043904K), 0.0137309 secs] [Times: user=0.00 sys=0.02, real=0.01 secs] 
2020-09-29T17:49:39.178+0200: 75.599: [GC (Allocation Failure) [PSYoungGen: 631268K->29187K(648192K)] 683928K->81847K(2046464K), 0.0122902 secs] [Times: user=0.00 sys=0.00, real=0.01 secs] 
2020-09-29T17:49:39.240+0200: 75.661: [GC (Allocation Failure) [PSYoungGen: 624131K->20899K(645632K)] 676791K->73559K(2043904K), 0.0085878 secs] [Times: user=0.00 sys=0.00, real=0.01 secs] 
2020-09-29T17:49:39.297+0200: 75.718: [GC (Allocation Failure) [PSYoungGen: 615843K->24355K(649728K)] 668503K->77015K(2048000K), 0.0096859 secs] [Times: user=0.13 sys=0.00, real=0.01 secs] 
2020-09-29T17:49:39.354+0200: 75.775: [GC (Allocation Failure) [PSYoungGen: 623907K->35971K(648704K)] 676567K->88631K(2046976K), 0.0139932 secs] [Times: user=0.13 sys=0.00, real=0.01 secs] 
2020-09-29T17:49:39.417+0200: 75.838: [GC (Allocation Failure) [PSYoungGen: 635523K->19171K(649216K)] 688183K->71831K(2047488K), 0.0084169 secs] [Times: user=0.00 sys=0.00, real=0.01 secs] 
2020-09-29T17:49:39.474+0200: 75.896: [GC (Allocation Failure) [PSYoungGen: 618723K->15779K(649216K)] 671383K->68439K(2047488K), 0.0075442 secs] [Times: user=0.00 sys=0.00, real=0.01 secs] 
2020-09-29T17:49:39.530+0200: 75.951: [GC (Allocation Failure) [PSYoungGen: 615331K->27330K(651264K)] 667991K->79990K(2049536K), 0.0119540 secs] [Times: user=0.13 sys=0.00, real=0.01 secs] 
2020-09-29T17:49:39.592+0200: 76.013: [GC (Allocation Failure) [PSYoungGen: 628930K->26114K(649216K)] 681590K->78774K(2047488K), 0.0121926 secs] [Times: user=0.11 sys=0.00, real=0.01 secs] 
2020-09-29T17:49:39.653+0200: 76.075: [GC (Allocation Failure) [PSYoungGen: 627714K->26115K(654848K)] 680374K->78775K(2053120K), 0.0109739 secs] [Times: user=0.13 sys=0.00, real=0.01 secs] 
2020-09-29T17:49:39.715+0200: 76.136: [GC (Allocation Failure) [PSYoungGen: 635395K->18530K(653312K)] 688055K->71190K(2051584K), 0.0089294 secs] [Times: user=0.13 sys=0.00, real=0.01 secs] 
2020-09-29T17:49:39.773+0200: 76.194: [GC (Allocation Failure) [PSYoungGen: 627810K->26179K(656896K)] 680470K->78839K(2055168K), 0.0111095 secs] [Times: user=0.00 sys=0.00, real=0.01 secs] 
2020-09-29T17:49:39.833+0200: 76.254: [GC (Allocation Failure) [PSYoungGen: 639555K->24387K(655360K)] 692215K->77047K(2053632K), 0.0103546 secs] [Times: user=0.00 sys=0.00, real=0.01 secs] 
2020-09-29T17:49:39.894+0200: 76.315: [GC (Allocation Failure) [PSYoungGen: 637763K->7554K(654336K)] 690423K->60214K(2052608K), 0.0043601 secs] [Times: user=0.13 sys=0.00, real=0.00 secs] 
2020-09-29T17:49:39.958+0200: 76.379: [GC (Allocation Failure) [PSYoungGen: 621442K->6113K(620032K)] 674102K->58773K(2018304K), 0.0043698 secs] [Times: user=0.00 sys=0.00, real=0.00 secs] 
2020-09-29T17:49:40.022+0200: 76.443: [GC (Allocation Failure) [PSYoungGen: 620001K->18402K(656896K)] 672661K->71062K(2055168K), 0.0085760 secs] [Times: user=0.00 sys=0.00, real=0.01 secs] 
2020-09-29T17:49:40.097+0200: 76.518: [GC (Allocation Failure) [PSYoungGen: 631778K->13729K(655360K)] 684438K->66389K(2053632K), 0.0082301 secs] [Times: user=0.13 sys=0.00, real=0.01 secs] 
2020-09-29T17:49:40.199+0200: 76.620: [GC (Allocation Failure) [PSYoungGen: 627105K->11873K(657920K)] 679765K->64533K(2056192K), 0.0070183 secs] [Times: user=0.00 sys=0.00, real=0.01 secs] 
2020-09-29T17:49:40.300+0200: 76.721: [GC (Allocation Failure) [PSYoungGen: 628321K->13057K(657408K)] 680981K->65717K(2055680K), 0.0074022 secs] [Times: user=0.13 sys=0.00, real=0.01 secs] 
2020-09-29T17:49:40.400+0200: 76.821: [GC (Allocation Failure) [PSYoungGen: 629505K->32K(655872K)] 682165K->52692K(2054144K), 0.0009102 secs] [Times: user=0.00 sys=0.00, real=0.00 secs] 
Heap
 PSYoungGen      total 655872K, used 382121K [0x00000000d5580000, 0x0000000100000000, 0x0000000100000000)
  eden space 615936K, 62% used [0x00000000d5580000,0x00000000ecaa2558,0x00000000faf00000)
  from space 39936K, 0% used [0x00000000fd900000,0x00000000fd908000,0x0000000100000000)
  to   space 41472K, 0% used [0x00000000faf00000,0x00000000faf00000,0x00000000fd780000)
 ParOldGen       total 1398272K, used 52660K [0x0000000080000000, 0x00000000d5580000, 0x00000000d5580000)
  object space 1398272K, 3% used [0x0000000080000000,0x000000008336d060,0x00000000d5580000)
 Metaspace       used 2594K, capacity 4486K, committed 4864K, reserved 1056768K
  class space    used 285K, capacity 386K, committed 512K, reserved 1048576K
