Java HotSpot(TM) 64-Bit Server VM (25.261-b12) for windows-amd64 JRE (1.8.0_261-b12), built on Jun 18 2020 06:56:32 by "" with unknown MS VC++:1916
Memory: 4k page, physical 16659684k(8931960k free), swap 23213284k(7954200k free)
CommandLine flags: -XX:InitialHeapSize=2147483648 -XX:MaxHeapSize=2147483648 -XX:MaxNewSize=697933824 -XX:MaxTenuringThreshold=6 -XX:NewSize=697933824 -XX:OldPLABSize=16 -XX:OldSize=1395867648 -XX:+PrintGC -XX:+PrintGCDateStamps -XX:+PrintGCDetails -XX:+PrintGCTimeStamps -XX:+UseCompressedClassPointers -XX:+UseCompressedOops -XX:+UseConcMarkSweepGC -XX:-UseLargePagesIndividualAllocation -XX:+UseParNewGC 
2020-09-29T13:07:44.674+0200: 0.459: [GC (Allocation Failure) 2020-09-29T13:07:44.674+0200: 0.459: [ParNew: 545344K->4413K(613440K), 0.0085359 secs] 545344K->4413K(2029056K), 0.0086760 secs] [Times: user=0.09 sys=0.00, real=0.01 secs] 
2020-09-29T13:07:44.773+0200: 0.559: [GC (Allocation Failure) 2020-09-29T13:07:44.773+0200: 0.559: [ParNew: 549757K->4305K(613440K), 0.0062645 secs] 549757K->4305K(2029056K), 0.0063209 secs] [Times: user=0.00 sys=0.00, real=0.01 secs] 
2020-09-29T13:07:44.863+0200: 0.648: [GC (Allocation Failure) 2020-09-29T13:07:44.863+0200: 0.648: [ParNew: 549649K->973K(613440K), 0.0022591 secs] 549649K->973K(2029056K), 0.0023122 secs] [Times: user=0.13 sys=0.00, real=0.00 secs] 
2020-09-29T13:07:44.955+0200: 0.740: [GC (Allocation Failure) 2020-09-29T13:07:44.955+0200: 0.740: [ParNew: 546317K->12656K(613440K), 0.0141575 secs] 546317K->12656K(2029056K), 0.0142140 secs] [Times: user=0.09 sys=0.00, real=0.01 secs] 
2020-09-29T13:07:45.064+0200: 0.850: [GC (Allocation Failure) 2020-09-29T13:07:45.064+0200: 0.850: [ParNew: 558000K->17888K(613440K), 0.0125855 secs] 558000K->17888K(2029056K), 0.0126452 secs] [Times: user=0.08 sys=0.05, real=0.01 secs] 
2020-09-29T13:07:45.163+0200: 0.949: [GC (Allocation Failure) 2020-09-29T13:07:45.163+0200: 0.949: [ParNew: 563232K->12672K(613440K), 0.0085488 secs] 563232K->12672K(2029056K), 0.0086224 secs] [Times: user=0.00 sys=0.00, real=0.01 secs] 
2020-09-29T13:07:45.255+0200: 1.040: [GC (Allocation Failure) 2020-09-29T13:07:45.255+0200: 1.040: [ParNew: 558016K->8753K(613440K), 0.0087072 secs] 558016K->9144K(2029056K), 0.0087595 secs] [Times: user=0.00 sys=0.00, real=0.01 secs] 
2020-09-29T13:07:45.345+0200: 1.131: [GC (Allocation Failure) 2020-09-29T13:07:45.345+0200: 1.131: [ParNew: 554097K->7454K(613440K), 0.0069401 secs] 554488K->7845K(2029056K), 0.0069949 secs] [Times: user=0.13 sys=0.00, real=0.01 secs] 
2020-09-29T13:07:45.432+0200: 1.218: [GC (Allocation Failure) 2020-09-29T13:07:45.432+0200: 1.218: [ParNew: 552798K->5823K(613440K), 0.0053683 secs] 553189K->6213K(2029056K), 0.0054215 secs] [Times: user=0.00 sys=0.00, real=0.01 secs] 
2020-09-29T13:07:45.518+0200: 1.303: [GC (Allocation Failure) 2020-09-29T13:07:45.518+0200: 1.304: [ParNew: 551167K->163K(613440K), 0.0016521 secs] 551557K->553K(2029056K), 0.0017048 secs] [Times: user=0.00 sys=0.02, real=0.00 secs] 
2020-09-29T13:07:45.600+0200: 1.386: [GC (Allocation Failure) 2020-09-29T13:07:45.600+0200: 1.386: [ParNew: 545507K->12204K(613440K), 0.0105847 secs] 545897K->12595K(2029056K), 0.0106411 secs] [Times: user=0.00 sys=0.00, real=0.01 secs] 
2020-09-29T13:07:45.695+0200: 1.481: [GC (Allocation Failure) 2020-09-29T13:07:45.695+0200: 1.481: [ParNew: 557548K->17306K(613440K), 0.0097917 secs] 557939K->17696K(2029056K), 0.0098652 secs] [Times: user=0.00 sys=0.00, real=0.01 secs] 
2020-09-29T13:07:45.784+0200: 1.570: [GC (Allocation Failure) 2020-09-29T13:07:45.784+0200: 1.570: [ParNew: 562650K->12235K(613440K), 0.0085126 secs] 563040K->12625K(2029056K), 0.0085685 secs] [Times: user=0.11 sys=0.02, real=0.01 secs] 
2020-09-29T13:07:45.868+0200: 1.654: [GC (Allocation Failure) 2020-09-29T13:07:45.868+0200: 1.654: [ParNew: 557579K->8412K(613440K), 0.0077160 secs] 557969K->8802K(2029056K), 0.0077724 secs] [Times: user=0.00 sys=0.00, real=0.01 secs] 
2020-09-29T13:07:45.955+0200: 1.741: [GC (Allocation Failure) 2020-09-29T13:07:45.955+0200: 1.741: [ParNew: 553756K->7464K(613440K), 0.0066008 secs] 554146K->7854K(2029056K), 0.0067168 secs] [Times: user=0.13 sys=0.00, real=0.01 secs] 
2020-09-29T13:07:46.046+0200: 1.831: [GC (Allocation Failure) 2020-09-29T13:07:46.046+0200: 1.831: [ParNew: 552808K->5985K(613440K), 0.0059965 secs] 553198K->6376K(2029056K), 0.0060517 secs] [Times: user=0.13 sys=0.00, real=0.01 secs] 
2020-09-29T13:07:46.129+0200: 1.914: [GC (Allocation Failure) 2020-09-29T13:07:46.129+0200: 1.914: [ParNew: 550697K->220K(613440K), 0.0015409 secs] 551088K->610K(2029056K), 0.0015900 secs] [Times: user=0.00 sys=0.00, real=0.00 secs] 
2020-09-29T13:07:46.209+0200: 1.994: [GC (Allocation Failure) 2020-09-29T13:07:46.209+0200: 1.994: [ParNew: 545564K->12019K(613440K), 0.0103561 secs] 545954K->12409K(2029056K), 0.0104107 secs] [Times: user=0.00 sys=0.00, real=0.01 secs] 
2020-09-29T13:07:46.299+0200: 2.085: [GC (Allocation Failure) 2020-09-29T13:07:46.299+0200: 2.085: [ParNew: 557363K->16923K(613440K), 0.0094551 secs] 557753K->17313K(2029056K), 0.0095095 secs] [Times: user=0.13 sys=0.00, real=0.01 secs] 
2020-09-29T13:07:46.387+0200: 2.173: [GC (Allocation Failure) 2020-09-29T13:07:46.387+0200: 2.173: [ParNew: 562267K->11920K(613440K), 0.0081222 secs] 562657K->12310K(2029056K), 0.0081762 secs] [Times: user=0.13 sys=0.00, real=0.01 secs] 
2020-09-29T13:07:46.473+0200: 2.259: [GC (Allocation Failure) 2020-09-29T13:07:46.473+0200: 2.259: [ParNew: 557264K->8094K(613440K), 0.0071257 secs] 557654K->8484K(2029056K), 0.0072007 secs] [Times: user=0.00 sys=0.00, real=0.01 secs] 
2020-09-29T13:07:46.566+0200: 2.351: [GC (Allocation Failure) 2020-09-29T13:07:46.566+0200: 2.351: [ParNew: 553438K->7105K(613440K), 0.0064642 secs] 553828K->7495K(2029056K), 0.0065683 secs] [Times: user=0.13 sys=0.00, real=0.01 secs] 
2020-09-29T13:07:46.648+0200: 2.434: [GC (Allocation Failure) 2020-09-29T13:07:46.648+0200: 2.434: [ParNew: 552449K->5596K(613440K), 0.0054605 secs] 552839K->5987K(2029056K), 0.0055138 secs] [Times: user=0.00 sys=0.00, real=0.01 secs] 
2020-09-29T13:07:46.736+0200: 2.521: [GC (Allocation Failure) 2020-09-29T13:07:46.736+0200: 2.521: [ParNew: 550940K->151K(613440K), 0.0016896 secs] 551331K->541K(2029056K), 0.0017414 secs] [Times: user=0.00 sys=0.00, real=0.00 secs] 
2020-09-29T13:07:46.817+0200: 2.602: [GC (Allocation Failure) 2020-09-29T13:07:46.817+0200: 2.602: [ParNew: 545495K->12179K(613440K), 0.0101732 secs] 545885K->12569K(2029056K), 0.0102715 secs] [Times: user=0.00 sys=0.00, real=0.01 secs] 
2020-09-29T13:07:46.904+0200: 2.690: [GC (Allocation Failure) 2020-09-29T13:07:46.904+0200: 2.690: [ParNew: 557523K->17295K(613440K), 0.0095411 secs] 557913K->17685K(2029056K), 0.0096276 secs] [Times: user=0.13 sys=0.00, real=0.01 secs] 
2020-09-29T13:07:46.994+0200: 2.780: [GC (Allocation Failure) 2020-09-29T13:07:46.994+0200: 2.780: [ParNew: 562639K->10943K(613440K), 0.0092982 secs] 563029K->11333K(2029056K), 0.0093515 secs] [Times: user=0.00 sys=0.00, real=0.01 secs] 
2020-09-29T13:07:47.084+0200: 2.869: [GC (Allocation Failure) 2020-09-29T13:07:47.084+0200: 2.869: [ParNew: 556287K->8526K(613440K), 0.0078924 secs] 556677K->8916K(2029056K), 0.0079462 secs] [Times: user=0.00 sys=0.00, real=0.01 secs] 
2020-09-29T13:07:47.171+0200: 2.957: [GC (Allocation Failure) 2020-09-29T13:07:47.172+0200: 2.957: [ParNew: 553870K->7605K(613440K), 0.0063459 secs] 554260K->7995K(2029056K), 0.0068543 secs] [Times: user=0.13 sys=0.00, real=0.01 secs] 
2020-09-29T13:07:47.273+0200: 3.058: [GC (Allocation Failure) 2020-09-29T13:07:47.273+0200: 3.058: [ParNew: 552949K->4556K(613440K), 0.0065705 secs] 553339K->4946K(2029056K), 0.0066284 secs] [Times: user=0.00 sys=0.00, real=0.01 secs] 
2020-09-29T13:07:47.365+0200: 3.150: [GC (Allocation Failure) 2020-09-29T13:07:47.365+0200: 3.150: [ParNew: 549900K->138K(613440K), 0.0018074 secs] 550290K->529K(2029056K), 0.0018562 secs] [Times: user=0.00 sys=0.00, real=0.00 secs] 
2020-09-29T13:07:47.445+0200: 3.230: [GC (Allocation Failure) 2020-09-29T13:07:47.445+0200: 3.230: [ParNew: 545482K->12236K(613440K), 0.0100864 secs] 545873K->12627K(2029056K), 0.0101676 secs] [Times: user=0.00 sys=0.00, real=0.01 secs] 
2020-09-29T13:07:47.533+0200: 3.319: [GC (Allocation Failure) 2020-09-29T13:07:47.533+0200: 3.319: [ParNew: 557580K->17300K(613440K), 0.0093951 secs] 557971K->17691K(2029056K), 0.0094507 secs] [Times: user=0.13 sys=0.00, real=0.01 secs] 
2020-09-29T13:07:47.620+0200: 3.405: [GC (Allocation Failure) 2020-09-29T13:07:47.620+0200: 3.405: [ParNew: 562644K->12230K(613440K), 0.0083391 secs] 563035K->12620K(2029056K), 0.0083927 secs] [Times: user=0.00 sys=0.00, real=0.01 secs] 
2020-09-29T13:07:47.707+0200: 3.492: [GC (Allocation Failure) 2020-09-29T13:07:47.707+0200: 3.492: [ParNew: 557574K->8405K(613440K), 0.0073489 secs] 557964K->8796K(2029056K), 0.0074375 secs] [Times: user=0.13 sys=0.00, real=0.01 secs] 
2020-09-29T13:07:47.792+0200: 3.578: [GC (Allocation Failure) 2020-09-29T13:07:47.792+0200: 3.578: [ParNew: 553749K->7436K(613440K), 0.0062585 secs] 554140K->7826K(2029056K), 0.0063141 secs] [Times: user=0.00 sys=0.00, real=0.01 secs] 
2020-09-29T13:07:47.874+0200: 3.660: [GC (Allocation Failure) 2020-09-29T13:07:47.874+0200: 3.660: [ParNew: 552780K->4531K(613440K), 0.0051739 secs] 553170K->4922K(2029056K), 0.0052258 secs] [Times: user=0.00 sys=0.00, real=0.01 secs] 
2020-09-29T13:07:47.957+0200: 3.742: [GC (Allocation Failure) 2020-09-29T13:07:47.957+0200: 3.742: [ParNew: 549875K->136K(613440K), 0.0014580 secs] 550266K->526K(2029056K), 0.0015069 secs] [Times: user=0.13 sys=0.00, real=0.00 secs] 
2020-09-29T13:07:48.039+0200: 3.824: [GC (Allocation Failure) 2020-09-29T13:07:48.039+0200: 3.824: [ParNew: 545480K->12230K(613440K), 0.0106599 secs] 545870K->12620K(2029056K), 0.0107150 secs] [Times: user=0.00 sys=0.00, real=0.01 secs] 
2020-09-29T13:07:48.130+0200: 3.915: [GC (Allocation Failure) 2020-09-29T13:07:48.130+0200: 3.915: [ParNew: 557574K->17303K(613440K), 0.0094465 secs] 557964K->17693K(2029056K), 0.0095227 secs] [Times: user=0.00 sys=0.00, real=0.01 secs] 
2020-09-29T13:07:48.218+0200: 4.003: [GC (Allocation Failure) 2020-09-29T13:07:48.218+0200: 4.003: [ParNew: 562647K->11890K(613440K), 0.0080130 secs] 563037K->12280K(2029056K), 0.0080665 secs] [Times: user=0.13 sys=0.00, real=0.01 secs] 
2020-09-29T13:07:48.303+0200: 4.088: [GC (Allocation Failure) 2020-09-29T13:07:48.303+0200: 4.088: [ParNew: 557234K->7765K(613440K), 0.0071944 secs] 557624K->8155K(2029056K), 0.0072485 secs] [Times: user=0.00 sys=0.00, real=0.01 secs] 
2020-09-29T13:07:48.389+0200: 4.174: [GC (Allocation Failure) 2020-09-29T13:07:48.389+0200: 4.174: [ParNew: 553109K->6636K(613440K), 0.0057704 secs] 553499K->7027K(2029056K), 0.0058270 secs] [Times: user=0.13 sys=0.00, real=0.01 secs] 
2020-09-29T13:07:48.472+0200: 4.257: [GC (Allocation Failure) 2020-09-29T13:07:48.472+0200: 4.257: [ParNew: 551980K->4080K(613440K), 0.0047781 secs] 552371K->4470K(2029056K), 0.0048295 secs] [Times: user=0.13 sys=0.00, real=0.00 secs] 
2020-09-29T13:07:48.555+0200: 4.341: [GC (Allocation Failure) 2020-09-29T13:07:48.555+0200: 4.341: [ParNew: 549424K->71K(613440K), 0.0015702 secs] 549814K->461K(2029056K), 0.0016256 secs] [Times: user=0.00 sys=0.00, real=0.00 secs] 
2020-09-29T13:07:48.639+0200: 4.425: [GC (Allocation Failure) 2020-09-29T13:07:48.639+0200: 4.425: [ParNew: 545415K->12101K(613440K), 0.0104771 secs] 545805K->12492K(2029056K), 0.0105320 secs] [Times: user=0.13 sys=0.00, real=0.01 secs] 
2020-09-29T13:07:48.730+0200: 4.515: [GC (Allocation Failure) 2020-09-29T13:07:48.730+0200: 4.515: [ParNew: 557445K->17116K(613440K), 0.0091708 secs] 557836K->17506K(2029056K), 0.0092288 secs] [Times: user=0.13 sys=0.00, real=0.01 secs] 
2020-09-29T13:07:48.815+0200: 4.600: [GC (Allocation Failure) 2020-09-29T13:07:48.815+0200: 4.600: [ParNew: 562460K->12047K(613440K), 0.0082018 secs] 562850K->12437K(2029056K), 0.0082552 secs] [Times: user=0.13 sys=0.00, real=0.01 secs] 
2020-09-29T13:07:48.900+0200: 4.685: [GC (Allocation Failure) 2020-09-29T13:07:48.900+0200: 4.685: [ParNew: 557391K->8016K(613440K), 0.0068870 secs] 557781K->8406K(2029056K), 0.0069400 secs] [Times: user=0.00 sys=0.00, real=0.01 secs] 
2020-09-29T13:07:48.983+0200: 4.768: [GC (Allocation Failure) 2020-09-29T13:07:48.983+0200: 4.768: [ParNew: 553360K->6733K(613440K), 0.0062230 secs] 553750K->7123K(2029056K), 0.0062800 secs] [Times: user=0.13 sys=0.00, real=0.01 secs] 
2020-09-29T13:07:49.070+0200: 4.855: [GC (Allocation Failure) 2020-09-29T13:07:49.071+0200: 4.855: [ParNew: 550178K->273K(613440K), 0.0014918 secs] 550569K->664K(2029056K), 0.0015469 secs] [Times: user=0.00 sys=0.00, real=0.00 secs] 
2020-09-29T13:07:49.149+0200: 4.934: [GC (Allocation Failure) 2020-09-29T13:07:49.149+0200: 4.934: [ParNew: 545617K->12157K(613440K), 0.0099630 secs] 546008K->12547K(2029056K), 0.0100655 secs] [Times: user=0.00 sys=0.00, real=0.01 secs] 
2020-09-29T13:07:49.237+0200: 5.023: [GC (Allocation Failure) 2020-09-29T13:07:49.237+0200: 5.023: [ParNew: 557501K->17193K(613440K), 0.0094940 secs] 557891K->17583K(2029056K), 0.0095500 secs] [Times: user=0.11 sys=0.00, real=0.01 secs] 
2020-09-29T13:07:49.325+0200: 5.110: [GC (Allocation Failure) 2020-09-29T13:07:49.325+0200: 5.110: [ParNew: 562537K->12063K(613440K), 0.0084196 secs] 562927K->12454K(2029056K), 0.0084783 secs] [Times: user=0.13 sys=0.00, real=0.01 secs] 
2020-09-29T13:07:49.412+0200: 5.197: [GC (Allocation Failure) 2020-09-29T13:07:49.412+0200: 5.197: [ParNew: 557407K->8264K(613440K), 0.0074786 secs] 557798K->8654K(2029056K), 0.0075319 secs] [Times: user=0.00 sys=0.00, real=0.01 secs] 
2020-09-29T13:07:49.497+0200: 5.282: [GC (Allocation Failure) 2020-09-29T13:07:49.497+0200: 5.282: [ParNew: 553608K->7375K(613440K), 0.0062707 secs] 553998K->7765K(2029056K), 0.0063256 secs] [Times: user=0.00 sys=0.00, real=0.01 secs] 
2020-09-29T13:07:49.583+0200: 5.369: [GC (Allocation Failure) 2020-09-29T13:07:49.583+0200: 5.369: [ParNew: 552719K->5344K(613440K), 0.0055994 secs] 553109K->5734K(2029056K), 0.0056544 secs] [Times: user=0.00 sys=0.00, real=0.01 secs] 
2020-09-29T13:07:49.665+0200: 5.450: [GC (Allocation Failure) 2020-09-29T13:07:49.665+0200: 5.450: [ParNew: 550688K->192K(613440K), 0.0016198 secs] 551078K->582K(2029056K), 0.0016836 secs] [Times: user=0.00 sys=0.00, real=0.00 secs] 
2020-09-29T13:07:49.746+0200: 5.531: [GC (Allocation Failure) 2020-09-29T13:07:49.746+0200: 5.531: [ParNew: 545536K->12351K(613440K), 0.0103961 secs] 545926K->12741K(2029056K), 0.0104506 secs] [Times: user=0.13 sys=0.00, real=0.01 secs] 
2020-09-29T13:07:49.835+0200: 5.621: [GC (Allocation Failure) 2020-09-29T13:07:49.835+0200: 5.621: [ParNew: 557695K->17423K(613440K), 0.0093237 secs] 558085K->17813K(2029056K), 0.0093795 secs] [Times: user=0.00 sys=0.00, real=0.01 secs] 
2020-09-29T13:07:49.920+0200: 5.705: [GC (Allocation Failure) 2020-09-29T13:07:49.920+0200: 5.705: [ParNew: 562767K->12132K(613440K), 0.0082322 secs] 563157K->12522K(2029056K), 0.0082861 secs] [Times: user=0.13 sys=0.00, real=0.01 secs] 
2020-09-29T13:07:50.006+0200: 5.791: [GC (Allocation Failure) 2020-09-29T13:07:50.006+0200: 5.791: [ParNew: 557476K->8157K(613440K), 0.0073743 secs] 557866K->8547K(2029056K), 0.0074298 secs] [Times: user=0.00 sys=0.00, real=0.01 secs] 
2020-09-29T13:07:50.093+0200: 5.879: [GC (Allocation Failure) 2020-09-29T13:07:50.093+0200: 5.879: [ParNew: 553501K->7130K(613440K), 0.0059364 secs] 553891K->7520K(2029056K), 0.0059941 secs] [Times: user=0.13 sys=0.00, real=0.01 secs] 
2020-09-29T13:07:50.181+0200: 5.967: [GC (Allocation Failure) 2020-09-29T13:07:50.181+0200: 5.967: [ParNew: 552474K->4294K(613440K), 0.0051031 secs] 552864K->4684K(2029056K), 0.0051559 secs] [Times: user=0.00 sys=0.00, real=0.01 secs] 
2020-09-29T13:07:50.266+0200: 6.052: [GC (Allocation Failure) 2020-09-29T13:07:50.266+0200: 6.052: [ParNew: 549638K->90K(613440K), 0.0015315 secs] 550028K->480K(2029056K), 0.0015828 secs] [Times: user=0.00 sys=0.00, real=0.00 secs] 
2020-09-29T13:07:50.346+0200: 6.132: [GC (Allocation Failure) 2020-09-29T13:07:50.346+0200: 6.132: [ParNew: 545434K->11801K(613440K), 0.0103188 secs] 545824K->12192K(2029056K), 0.0103766 secs] [Times: user=0.13 sys=0.00, real=0.01 secs] 
2020-09-29T13:07:50.433+0200: 6.219: [GC (Allocation Failure) 2020-09-29T13:07:50.433+0200: 6.219: [ParNew: 557145K->16637K(613440K), 0.0088996 secs] 557536K->17027K(2029056K), 0.0090026 secs] [Times: user=0.13 sys=0.00, real=0.01 secs] 
2020-09-29T13:07:50.520+0200: 6.306: [GC (Allocation Failure) 2020-09-29T13:07:50.520+0200: 6.306: [ParNew: 561981K->11610K(613440K), 0.0081124 secs] 562371K->12000K(2029056K), 0.0081978 secs] [Times: user=0.00 sys=0.00, real=0.01 secs] 
2020-09-29T13:07:50.610+0200: 6.395: [GC (Allocation Failure) 2020-09-29T13:07:50.610+0200: 6.395: [ParNew: 556954K->7916K(613440K), 0.0078849 secs] 557344K->8306K(2029056K), 0.0079410 secs] [Times: user=0.13 sys=0.00, real=0.01 secs] 
2020-09-29T13:07:50.696+0200: 6.482: [GC (Allocation Failure) 2020-09-29T13:07:50.696+0200: 6.482: [ParNew: 553260K->7037K(613440K), 0.0063799 secs] 553650K->7427K(2029056K), 0.0064527 secs] [Times: user=0.00 sys=0.00, real=0.01 secs] 
2020-09-29T13:07:50.780+0200: 6.565: [GC (Allocation Failure) 2020-09-29T13:07:50.780+0200: 6.565: [ParNew: 552381K->5533K(613440K), 0.0052981 secs] 552771K->5923K(2029056K), 0.0053534 secs] [Times: user=0.00 sys=0.00, real=0.01 secs] 
2020-09-29T13:07:50.872+0200: 6.658: [GC (Allocation Failure) 2020-09-29T13:07:50.872+0200: 6.658: [ParNew: 550877K->184K(613440K), 0.0020912 secs] 551267K->574K(2029056K), 0.0021510 secs] [Times: user=0.00 sys=0.00, real=0.00 secs] 
2020-09-29T13:07:50.964+0200: 6.750: [GC (Allocation Failure) 2020-09-29T13:07:50.964+0200: 6.750: [ParNew: 545528K->12317K(613440K), 0.0112118 secs] 545918K->12707K(2029056K), 0.0112862 secs] [Times: user=0.11 sys=0.00, real=0.01 secs] 
2020-09-29T13:07:51.062+0200: 6.847: [GC (Allocation Failure) 2020-09-29T13:07:51.062+0200: 6.847: [ParNew: 557661K->16391K(613440K), 0.0101985 secs] 558051K->16782K(2029056K), 0.0102785 secs] [Times: user=0.13 sys=0.00, real=0.01 secs] 
2020-09-29T13:07:51.165+0200: 6.951: [GC (Allocation Failure) 2020-09-29T13:07:51.165+0200: 6.951: [ParNew: 561735K->11903K(613440K), 0.0087979 secs] 562126K->12294K(2029056K), 0.0088701 secs] [Times: user=0.00 sys=0.00, real=0.01 secs] 
2020-09-29T13:07:51.261+0200: 7.047: [GC (Allocation Failure) 2020-09-29T13:07:51.261+0200: 7.047: [ParNew: 557247K->7768K(613440K), 0.0070102 secs] 557638K->8158K(2029056K), 0.0086264 secs] [Times: user=0.00 sys=0.00, real=0.01 secs] 
2020-09-29T13:07:51.347+0200: 7.133: [GC (Allocation Failure) 2020-09-29T13:07:51.347+0200: 7.133: [ParNew: 553112K->6638K(613440K), 0.0058744 secs] 553502K->7028K(2029056K), 0.0059680 secs] [Times: user=0.13 sys=0.00, real=0.01 secs] 
2020-09-29T13:07:51.430+0200: 7.216: [GC (Allocation Failure) 2020-09-29T13:07:51.430+0200: 7.216: [ParNew: 551982K->4080K(613440K), 0.0046687 secs] 552372K->4470K(2029056K), 0.0047244 secs] [Times: user=0.00 sys=0.00, real=0.00 secs] 
2020-09-29T13:07:51.510+0200: 7.296: [GC (Allocation Failure) 2020-09-29T13:07:51.510+0200: 7.296: [ParNew: 549424K->71K(613440K), 0.0014767 secs] 549814K->461K(2029056K), 0.0015271 secs] [Times: user=0.00 sys=0.00, real=0.00 secs] 
2020-09-29T13:07:51.591+0200: 7.377: [GC (Allocation Failure) 2020-09-29T13:07:51.591+0200: 7.377: [ParNew: 545415K->12088K(613440K), 0.0105322 secs] 545805K->12478K(2029056K), 0.0105967 secs] [Times: user=0.11 sys=0.00, real=0.01 secs] 
2020-09-29T13:07:51.684+0200: 7.470: [GC (Allocation Failure) 2020-09-29T13:07:51.684+0200: 7.470: [ParNew: 557432K->17117K(613440K), 0.0093588 secs] 557822K->17507K(2029056K), 0.0094504 secs] [Times: user=0.13 sys=0.00, real=0.01 secs] 
2020-09-29T13:07:51.771+0200: 7.557: [GC (Allocation Failure) 2020-09-29T13:07:51.771+0200: 7.557: [ParNew: 562461K->12047K(613440K), 0.0081041 secs] 562851K->12437K(2029056K), 0.0081635 secs] [Times: user=0.00 sys=0.00, real=0.01 secs] 
2020-09-29T13:07:51.858+0200: 7.644: [GC (Allocation Failure) 2020-09-29T13:07:51.858+0200: 7.644: [ParNew: 557391K->8017K(613440K), 0.0074409 secs] 557781K->8407K(2029056K), 0.0074940 secs] [Times: user=0.13 sys=0.00, real=0.01 secs] 
2020-09-29T13:07:51.948+0200: 7.734: [GC (Allocation Failure) 2020-09-29T13:07:51.948+0200: 7.734: [ParNew: 553361K->6734K(613440K), 0.0060948 secs] 553751K->7124K(2029056K), 0.0061531 secs] [Times: user=0.00 sys=0.00, real=0.01 secs] 
2020-09-29T13:07:52.034+0200: 7.819: [GC (Allocation Failure) 2020-09-29T13:07:52.034+0200: 7.820: [ParNew: 550178K->273K(613440K), 0.0017317 secs] 550569K->664K(2029056K), 0.0017816 secs] [Times: user=0.00 sys=0.00, real=0.00 secs] 
2020-09-29T13:07:52.114+0200: 7.900: [GC (Allocation Failure) 2020-09-29T13:07:52.114+0200: 7.900: [ParNew: 545617K->12157K(613440K), 0.0107280 secs] 546008K->12547K(2029056K), 0.0108025 secs] [Times: user=0.00 sys=0.00, real=0.01 secs] 
2020-09-29T13:07:52.204+0200: 7.989: [GC (Allocation Failure) 2020-09-29T13:07:52.204+0200: 7.989: [ParNew: 557501K->17193K(613440K), 0.0096633 secs] 557891K->17583K(2029056K), 0.0097203 secs] [Times: user=0.13 sys=0.00, real=0.01 secs] 
2020-09-29T13:07:52.290+0200: 8.076: [GC (Allocation Failure) 2020-09-29T13:07:52.290+0200: 8.076: [ParNew: 562537K->12063K(613440K), 0.0084845 secs] 562927K->12454K(2029056K), 0.0085372 secs] [Times: user=0.00 sys=0.00, real=0.01 secs] 
2020-09-29T13:07:52.389+0200: 8.175: [GC (Allocation Failure) 2020-09-29T13:07:52.389+0200: 8.175: [ParNew: 557407K->8264K(613440K), 0.0085884 secs] 557798K->8654K(2029056K), 0.0086416 secs] [Times: user=0.13 sys=0.00, real=0.01 secs] 
2020-09-29T13:07:52.480+0200: 8.265: [GC (Allocation Failure) 2020-09-29T13:07:52.480+0200: 8.265: [ParNew: 553608K->7375K(613440K), 0.0064790 secs] 553998K->7765K(2029056K), 0.0065336 secs] [Times: user=0.00 sys=0.00, real=0.01 secs] 
2020-09-29T13:07:52.564+0200: 8.350: [GC (Allocation Failure) 2020-09-29T13:07:52.564+0200: 8.350: [ParNew: 552719K->5828K(613440K), 0.0053287 secs] 553109K->6219K(2029056K), 0.0053894 secs] [Times: user=0.13 sys=0.00, real=0.01 secs] 
2020-09-29T13:07:52.652+0200: 8.438: [GC (Allocation Failure) 2020-09-29T13:07:52.652+0200: 8.438: [ParNew: 551172K->168K(613440K), 0.0017646 secs] 551563K->558K(2029056K), 0.0018149 secs] [Times: user=0.00 sys=0.00, real=0.00 secs] 
2020-09-29T13:07:52.733+0200: 8.519: [GC (Allocation Failure) 2020-09-29T13:07:52.733+0200: 8.519: [ParNew: 545512K->12289K(613440K), 0.0103530 secs] 545902K->12679K(2029056K), 0.0104100 secs] [Times: user=0.13 sys=0.00, real=0.01 secs] 
2020-09-29T13:07:52.820+0200: 8.606: [GC (Allocation Failure) 2020-09-29T13:07:52.820+0200: 8.606: [ParNew: 557633K->17399K(613440K), 0.0092964 secs] 558023K->17789K(2029056K), 0.0093462 secs] [Times: user=0.00 sys=0.00, real=0.01 secs] 
2020-09-29T13:07:52.906+0200: 8.692: [GC (Allocation Failure) 2020-09-29T13:07:52.906+0200: 8.692: [ParNew: 562743K->12126K(613440K), 0.0084033 secs] 563133K->12516K(2029056K), 0.0084619 secs] [Times: user=0.13 sys=0.00, real=0.01 secs] 
2020-09-29T13:07:52.992+0200: 8.778: [GC (Allocation Failure) 2020-09-29T13:07:52.992+0200: 8.778: [ParNew: 557470K->8156K(613440K), 0.0074210 secs] 557860K->8547K(2029056K), 0.0074761 secs] [Times: user=0.00 sys=0.00, real=0.01 secs] 
2020-09-29T13:07:53.081+0200: 8.866: [GC (Allocation Failure) 2020-09-29T13:07:53.081+0200: 8.866: [ParNew: 553500K->7129K(613440K), 0.0059630 secs] 553891K->7520K(2029056K), 0.0060176 secs] [Times: user=0.13 sys=0.00, real=0.01 secs] 
2020-09-29T13:07:53.166+0200: 8.952: [GC (Allocation Failure) 2020-09-29T13:07:53.166+0200: 8.952: [ParNew: 552473K->4294K(613440K), 0.0048976 secs] 552864K->4684K(2029056K), 0.0049506 secs] [Times: user=0.00 sys=0.00, real=0.01 secs] 
2020-09-29T13:07:53.249+0200: 9.034: [GC (Allocation Failure) 2020-09-29T13:07:53.249+0200: 9.034: [ParNew: 549638K->90K(613440K), 0.0017096 secs] 550028K->480K(2029056K), 0.0017604 secs] [Times: user=0.00 sys=0.00, real=0.00 secs] 
2020-09-29T13:07:53.328+0200: 9.113: [GC (Allocation Failure) 2020-09-29T13:07:53.328+0200: 9.113: [ParNew: 545434K->11756K(613440K), 0.0100021 secs] 545824K->12146K(2029056K), 0.0100763 secs] [Times: user=0.13 sys=0.00, real=0.01 secs] 
2020-09-29T13:07:53.414+0200: 9.200: [GC (Allocation Failure) 2020-09-29T13:07:53.415+0200: 9.200: [ParNew: 557100K->16637K(613440K), 0.0091169 secs] 557490K->17027K(2029056K), 0.0091778 secs] [Times: user=0.00 sys=0.00, real=0.01 secs] 
2020-09-29T13:07:53.501+0200: 9.286: [GC (Allocation Failure) 2020-09-29T13:07:53.501+0200: 9.286: [ParNew: 561981K->11610K(613440K), 0.0084138 secs] 562371K->12000K(2029056K), 0.0084675 secs] [Times: user=0.13 sys=0.00, real=0.01 secs] 
2020-09-29T13:07:53.589+0200: 9.374: [GC (Allocation Failure) 2020-09-29T13:07:53.589+0200: 9.374: [ParNew: 556954K->7171K(613440K), 0.0077505 secs] 557344K->7561K(2029056K), 0.0078111 secs] [Times: user=0.00 sys=0.00, real=0.01 secs] 
2020-09-29T13:07:53.679+0200: 9.464: [GC (Allocation Failure) 2020-09-29T13:07:53.679+0200: 9.465: [ParNew: 552515K->7037K(613440K), 0.0061509 secs] 552905K->7427K(2029056K), 0.0062023 secs] [Times: user=0.00 sys=0.00, real=0.01 secs] 
2020-09-29T13:07:53.764+0200: 9.550: [GC (Allocation Failure) 2020-09-29T13:07:53.764+0200: 9.550: [ParNew: 552381K->5533K(613440K), 0.0053616 secs] 552771K->5923K(2029056K), 0.0054156 secs] [Times: user=0.00 sys=0.00, real=0.01 secs] 
2020-09-29T13:07:53.846+0200: 9.632: [GC (Allocation Failure) 2020-09-29T13:07:53.846+0200: 9.632: [ParNew: 550877K->184K(613440K), 0.0016470 secs] 551267K->574K(2029056K), 0.0016969 secs] [Times: user=0.13 sys=0.00, real=0.00 secs] 
2020-09-29T13:07:53.925+0200: 9.710: [GC (Allocation Failure) 2020-09-29T13:07:53.925+0200: 9.710: [ParNew: 545528K->12271K(613440K), 0.0103813 secs] 545918K->12661K(2029056K), 0.0104353 secs] [Times: user=0.13 sys=0.00, real=0.01 secs] 
2020-09-29T13:07:54.016+0200: 9.802: [GC (Allocation Failure) 2020-09-29T13:07:54.016+0200: 9.802: [ParNew: 557615K->17354K(613440K), 0.0096520 secs] 558005K->17744K(2029056K), 0.0097079 secs] [Times: user=0.13 sys=0.00, real=0.01 secs] 
2020-09-29T13:07:54.103+0200: 9.889: [GC (Allocation Failure) 2020-09-29T13:07:54.104+0200: 9.889: [ParNew: 562698K->11903K(613440K), 0.0077771 secs] 563088K->12294K(2029056K), 0.0078316 secs] [Times: user=0.00 sys=0.00, real=0.01 secs] 
2020-09-29T13:07:54.191+0200: 9.976: [GC (Allocation Failure) 2020-09-29T13:07:54.191+0200: 9.976: [ParNew: 557247K->7768K(613440K), 0.0068539 secs] 557638K->8158K(2029056K), 0.0069118 secs] [Times: user=0.13 sys=0.00, real=0.01 secs] 
2020-09-29T13:07:54.277+0200: 10.063: [GC (Allocation Failure) 2020-09-29T13:07:54.278+0200: 10.063: [ParNew: 553112K->6638K(613440K), 0.0060686 secs] 553502K->7028K(2029056K), 0.0061271 secs] [Times: user=0.00 sys=0.00, real=0.01 secs] 
2020-09-29T13:07:54.362+0200: 10.148: [GC (Allocation Failure) 2020-09-29T13:07:54.362+0200: 10.148: [ParNew: 551982K->4080K(613440K), 0.0048190 secs] 552372K->4470K(2029056K), 0.0048695 secs] [Times: user=0.13 sys=0.00, real=0.01 secs] 
2020-09-29T13:07:54.444+0200: 10.229: [GC (Allocation Failure) 2020-09-29T13:07:54.444+0200: 10.229: [ParNew: 549424K->71K(613440K), 0.0019684 secs] 549814K->461K(2029056K), 0.0020164 secs] [Times: user=0.00 sys=0.00, real=0.00 secs] 
2020-09-29T13:07:54.524+0200: 10.309: [GC (Allocation Failure) 2020-09-29T13:07:54.524+0200: 10.309: [ParNew: 545415K->12106K(613440K), 0.0104240 secs] 545805K->12496K(2029056K), 0.0104782 secs] [Times: user=0.00 sys=0.00, real=0.01 secs] 
2020-09-29T13:07:54.615+0200: 10.400: [GC (Allocation Failure) 2020-09-29T13:07:54.615+0200: 10.400: [ParNew: 557450K->17117K(613440K), 0.0093983 secs] 557840K->17507K(2029056K), 0.0094519 secs] [Times: user=0.00 sys=0.00, real=0.01 secs] 
2020-09-29T13:07:54.705+0200: 10.490: [GC (Allocation Failure) 2020-09-29T13:07:54.705+0200: 10.490: [ParNew: 562461K->11416K(613440K), 0.0086045 secs] 562851K->11807K(2029056K), 0.0086567 secs] [Times: user=0.13 sys=0.00, real=0.01 secs] 
2020-09-29T13:07:54.795+0200: 10.580: [GC (Allocation Failure) 2020-09-29T13:07:54.795+0200: 10.580: [ParNew: 556760K->8017K(613440K), 0.0074644 secs] 557151K->8407K(2029056K), 0.0075207 secs] [Times: user=0.13 sys=0.00, real=0.01 secs] 
2020-09-29T13:07:54.883+0200: 10.668: [GC (Allocation Failure) 2020-09-29T13:07:54.883+0200: 10.669: [ParNew: 553361K->6734K(613440K), 0.0063456 secs] 553751K->7124K(2029056K), 0.0063994 secs] [Times: user=0.00 sys=0.00, real=0.01 secs] 
2020-09-29T13:07:54.966+0200: 10.751: [GC (Allocation Failure) 2020-09-29T13:07:54.966+0200: 10.751: [ParNew: 550178K->273K(613440K), 0.0014776 secs] 550569K->664K(2029056K), 0.0015295 secs] [Times: user=0.00 sys=0.00, real=0.00 secs] 
2020-09-29T13:07:55.047+0200: 10.832: [GC (Allocation Failure) 2020-09-29T13:07:55.047+0200: 10.832: [ParNew: 545617K->12157K(613440K), 0.0100274 secs] 546008K->12547K(2029056K), 0.0101071 secs] [Times: user=0.13 sys=0.00, real=0.01 secs] 
2020-09-29T13:07:55.135+0200: 10.921: [GC (Allocation Failure) 2020-09-29T13:07:55.135+0200: 10.921: [ParNew: 557501K->17193K(613440K), 0.0093373 secs] 557891K->17583K(2029056K), 0.0093930 secs] [Times: user=0.00 sys=0.02, real=0.01 secs] 
2020-09-29T13:07:55.224+0200: 11.010: [GC (Allocation Failure) 2020-09-29T13:07:55.224+0200: 11.010: [ParNew: 562537K->12063K(613440K), 0.0084117 secs] 562927K->12454K(2029056K), 0.0084716 secs] [Times: user=0.00 sys=0.00, real=0.01 secs] 
2020-09-29T13:07:55.312+0200: 11.097: [GC (Allocation Failure) 2020-09-29T13:07:55.312+0200: 11.097: [ParNew: 557407K->8264K(613440K), 0.0075695 secs] 557798K->8654K(2029056K), 0.0076240 secs] [Times: user=0.13 sys=0.00, real=0.01 secs] 
2020-09-29T13:07:55.397+0200: 11.183: [GC (Allocation Failure) 2020-09-29T13:07:55.397+0200: 11.183: [ParNew: 553608K->7375K(613440K), 0.0063029 secs] 553998K->7765K(2029056K), 0.0063581 secs] [Times: user=0.00 sys=0.00, real=0.01 secs] 
2020-09-29T13:07:55.482+0200: 11.268: [GC (Allocation Failure) 2020-09-29T13:07:55.483+0200: 11.268: [ParNew: 552719K->5828K(613440K), 0.0055845 secs] 553109K->6219K(2029056K), 0.0056452 secs] [Times: user=0.00 sys=0.00, real=0.01 secs] 
2020-09-29T13:07:55.567+0200: 11.352: [GC (Allocation Failure) 2020-09-29T13:07:55.567+0200: 11.352: [ParNew: 551172K->168K(613440K), 0.0021017 secs] 551563K->558K(2029056K), 0.0021570 secs] [Times: user=0.00 sys=0.00, real=0.00 secs] 
2020-09-29T13:07:55.648+0200: 11.433: [GC (Allocation Failure) 2020-09-29T13:07:55.648+0200: 11.433: [ParNew: 545512K->12331K(613440K), 0.0102869 secs] 545902K->12721K(2029056K), 0.0103434 secs] [Times: user=0.00 sys=0.00, real=0.01 secs] 
2020-09-29T13:07:55.738+0200: 11.524: [GC (Allocation Failure) 2020-09-29T13:07:55.738+0200: 11.524: [ParNew: 557675K->15468K(613440K), 0.0103955 secs] 558065K->15859K(2029056K), 0.0104699 secs] [Times: user=0.00 sys=0.00, real=0.01 secs] 
2020-09-29T13:07:55.843+0200: 11.629: [GC (Allocation Failure) 2020-09-29T13:07:55.843+0200: 11.629: [ParNew: 560812K->10195K(613440K), 0.0092199 secs] 561203K->10586K(2029056K), 0.0092770 secs] [Times: user=0.13 sys=0.00, real=0.01 secs] 
2020-09-29T13:07:55.934+0200: 11.719: [GC (Allocation Failure) 2020-09-29T13:07:55.934+0200: 11.719: [ParNew: 555539K->8945K(613440K), 0.0076407 secs] 555930K->9336K(2029056K), 0.0076963 secs] [Times: user=0.00 sys=0.00, real=0.01 secs] 
2020-09-29T13:07:56.026+0200: 11.812: [GC (Allocation Failure) 2020-09-29T13:07:56.026+0200: 11.812: [ParNew: 554289K->7327K(613440K), 0.0069417 secs] 554680K->7717K(2029056K), 0.0069987 secs] [Times: user=0.00 sys=0.00, real=0.01 secs] 
2020-09-29T13:07:56.115+0200: 11.900: [GC (Allocation Failure) 2020-09-29T13:07:56.115+0200: 11.900: [ParNew: 552671K->4344K(613440K), 0.0050428 secs] 553061K->4734K(2029056K), 0.0050962 secs] [Times: user=0.00 sys=0.00, real=0.00 secs] 
2020-09-29T13:07:56.200+0200: 11.985: [GC (Allocation Failure) 2020-09-29T13:07:56.200+0200: 11.985: [ParNew: 549688K->92K(613440K), 0.0018333 secs] 550078K->482K(2029056K), 0.0018841 secs] [Times: user=0.00 sys=0.00, real=0.00 secs] 
2020-09-29T13:07:56.283+0200: 12.068: [GC (Allocation Failure) 2020-09-29T13:07:56.283+0200: 12.068: [ParNew: 545436K->11807K(613440K), 0.0100599 secs] 545826K->12197K(2029056K), 0.0101286 secs] [Times: user=0.13 sys=0.00, real=0.01 secs] 
2020-09-29T13:07:56.371+0200: 12.156: [GC (Allocation Failure) 2020-09-29T13:07:56.371+0200: 12.156: [ParNew: 557151K->16638K(613440K), 0.0089785 secs] 557541K->17029K(2029056K), 0.0090592 secs] [Times: user=0.13 sys=0.00, real=0.01 secs] 
2020-09-29T13:07:56.457+0200: 12.242: [GC (Allocation Failure) 2020-09-29T13:07:56.457+0200: 12.242: [ParNew: 561982K->11610K(613440K), 0.0082050 secs] 562373K->12001K(2029056K), 0.0082940 secs] [Times: user=0.13 sys=0.00, real=0.01 secs] 
2020-09-29T13:07:56.542+0200: 12.327: [GC (Allocation Failure) 2020-09-29T13:07:56.542+0200: 12.327: [ParNew: 556954K->7916K(613440K), 0.0071192 secs] 557345K->8306K(2029056K), 0.0071755 secs] [Times: user=0.00 sys=0.00, real=0.01 secs] 
2020-09-29T13:07:56.632+0200: 12.417: [GC (Allocation Failure) 2020-09-29T13:07:56.632+0200: 12.417: [ParNew: 553260K->7037K(613440K), 0.0064344 secs] 553650K->7427K(2029056K), 0.0064896 secs] [Times: user=0.00 sys=0.00, real=0.01 secs] 
2020-09-29T13:07:56.716+0200: 12.501: [GC (Allocation Failure) 2020-09-29T13:07:56.716+0200: 12.501: [ParNew: 552381K->5533K(613440K), 0.0056126 secs] 552771K->5923K(2029056K), 0.0069732 secs] [Times: user=0.00 sys=0.00, real=0.01 secs] 
2020-09-29T13:07:56.802+0200: 12.587: [GC (Allocation Failure) 2020-09-29T13:07:56.802+0200: 12.587: [ParNew: 550877K->184K(613440K), 0.0015441 secs] 551267K->574K(2029056K), 0.0015967 secs] [Times: user=0.00 sys=0.00, real=0.00 secs] 
2020-09-29T13:07:56.880+0200: 12.665: [GC (Allocation Failure) 2020-09-29T13:07:56.880+0200: 12.665: [ParNew: 545528K->12317K(613440K), 0.0101525 secs] 545918K->12707K(2029056K), 0.0102076 secs] [Times: user=0.00 sys=0.00, real=0.01 secs] 
2020-09-29T13:07:56.968+0200: 12.753: [GC (Allocation Failure) 2020-09-29T13:07:56.968+0200: 12.753: [ParNew: 557661K->17354K(613440K), 0.0094215 secs] 558051K->17744K(2029056K), 0.0094744 secs] [Times: user=0.13 sys=0.00, real=0.01 secs] 
2020-09-29T13:07:57.059+0200: 12.844: [GC (Allocation Failure) 2020-09-29T13:07:57.059+0200: 12.844: [ParNew: 562698K->11903K(613440K), 0.0082627 secs] 563088K->12294K(2029056K), 0.0083183 secs] [Times: user=0.13 sys=0.00, real=0.01 secs] 
2020-09-29T13:07:57.152+0200: 12.937: [GC (Allocation Failure) 2020-09-29T13:07:57.152+0200: 12.937: [ParNew: 557247K->7768K(613440K), 0.0073540 secs] 557638K->8158K(2029056K), 0.0074092 secs] [Times: user=0.00 sys=0.00, real=0.01 secs] 
2020-09-29T13:07:57.237+0200: 13.023: [GC (Allocation Failure) 2020-09-29T13:07:57.237+0200: 13.023: [ParNew: 553112K->6638K(613440K), 0.0058575 secs] 553502K->7028K(2029056K), 0.0059458 secs] [Times: user=0.13 sys=0.00, real=0.01 secs] 
2020-09-29T13:07:57.319+0200: 13.104: [GC (Allocation Failure) 2020-09-29T13:07:57.319+0200: 13.104: [ParNew: 551982K->4080K(613440K), 0.0050186 secs] 552372K->4470K(2029056K), 0.0050693 secs] [Times: user=0.00 sys=0.00, real=0.00 secs] 
2020-09-29T13:07:57.402+0200: 13.188: [GC (Allocation Failure) 2020-09-29T13:07:57.403+0200: 13.188: [ParNew: 549424K->71K(613440K), 0.0018925 secs] 549814K->461K(2029056K), 0.0019504 secs] [Times: user=0.00 sys=0.00, real=0.00 secs] 
2020-09-29T13:07:57.480+0200: 13.265: [GC (Allocation Failure) 2020-09-29T13:07:57.480+0200: 13.265: [ParNew: 545415K->12088K(613440K), 0.0104931 secs] 545805K->12478K(2029056K), 0.0105952 secs] [Times: user=0.11 sys=0.00, real=0.01 secs] 
2020-09-29T13:07:57.588+0200: 13.374: [GC (Allocation Failure) 2020-09-29T13:07:57.589+0200: 13.374: [ParNew: 557432K->14274K(613440K), 0.0121948 secs] 557822K->14664K(2029056K), 0.0122912 secs] [Times: user=0.09 sys=0.00, real=0.01 secs] 
2020-09-29T13:07:57.711+0200: 13.496: [GC (Allocation Failure) 2020-09-29T13:07:57.711+0200: 13.496: [ParNew: 559618K->10152K(613440K), 0.0104704 secs] 560008K->10542K(2029056K), 0.0105353 secs] [Times: user=0.00 sys=0.00, real=0.01 secs] 
2020-09-29T13:07:57.811+0200: 13.597: [GC (Allocation Failure) 2020-09-29T13:07:57.811+0200: 13.597: [ParNew: 555496K->8805K(613440K), 0.0071866 secs] 555886K->9195K(2029056K), 0.0072413 secs] [Times: user=0.13 sys=0.00, real=0.01 secs] 
2020-09-29T13:07:57.901+0200: 13.686: [GC (Allocation Failure) 2020-09-29T13:07:57.901+0200: 13.686: [ParNew: 554149K->6931K(613440K), 0.0066703 secs] 554539K->7321K(2029056K), 0.0067304 secs] [Times: user=0.00 sys=0.00, real=0.01 secs] 
2020-09-29T13:07:57.989+0200: 13.774: [GC (Allocation Failure) 2020-09-29T13:07:57.989+0200: 13.774: [ParNew: 550375K->280K(613440K), 0.0023099 secs] 550766K->670K(2029056K), 0.0023832 secs] [Times: user=0.00 sys=0.00, real=0.00 secs] 
2020-09-29T13:07:58.073+0200: 13.858: [GC (Allocation Failure) 2020-09-29T13:07:58.073+0200: 13.858: [ParNew: 545624K->12176K(613440K), 0.0100860 secs] 546014K->12566K(2029056K), 0.0101485 secs] [Times: user=0.13 sys=0.00, real=0.01 secs] 
2020-09-29T13:07:58.161+0200: 13.946: [GC (Allocation Failure) 2020-09-29T13:07:58.161+0200: 13.946: [ParNew: 557520K->17199K(613440K), 0.0092709 secs] 557910K->17589K(2029056K), 0.0093262 secs] [Times: user=0.00 sys=0.00, real=0.01 secs] 
2020-09-29T13:07:58.248+0200: 14.033: [GC (Allocation Failure) 2020-09-29T13:07:58.248+0200: 14.033: [ParNew: 562543K->12065K(613440K), 0.0084494 secs] 562933K->12455K(2029056K), 0.0085076 secs] [Times: user=0.13 sys=0.00, real=0.01 secs] 
2020-09-29T13:07:58.333+0200: 14.118: [GC (Allocation Failure) 2020-09-29T13:07:58.333+0200: 14.118: [ParNew: 557409K->8264K(613440K), 0.0074379 secs] 557799K->8654K(2029056K), 0.0074923 secs] [Times: user=0.00 sys=0.00, real=0.01 secs] 
2020-09-29T13:07:58.418+0200: 14.203: [GC (Allocation Failure) 2020-09-29T13:07:58.418+0200: 14.203: [ParNew: 553608K->7375K(613440K), 0.0065215 secs] 553998K->7765K(2029056K), 0.0066153 secs] [Times: user=0.00 sys=0.00, real=0.01 secs] 
2020-09-29T13:07:58.503+0200: 14.289: [GC (Allocation Failure) 2020-09-29T13:07:58.503+0200: 14.289: [ParNew: 552719K->5828K(613440K), 0.0053799 secs] 553109K->6219K(2029056K), 0.0054278 secs] [Times: user=0.13 sys=0.00, real=0.00 secs] 
2020-09-29T13:07:58.595+0200: 14.381: [GC (Allocation Failure) 2020-09-29T13:07:58.595+0200: 14.381: [ParNew: 551172K->168K(613440K), 0.0016273 secs] 551563K->558K(2029056K), 0.0016787 secs] [Times: user=0.00 sys=0.00, real=0.00 secs] 
2020-09-29T13:07:58.678+0200: 14.464: [GC (Allocation Failure) 2020-09-29T13:07:58.678+0200: 14.464: [ParNew: 545512K->12331K(613440K), 0.0101537 secs] 545902K->12721K(2029056K), 0.0102580 secs] [Times: user=0.00 sys=0.00, real=0.01 secs] 
2020-09-29T13:07:58.767+0200: 14.553: [GC (Allocation Failure) 2020-09-29T13:07:58.767+0200: 14.553: [ParNew: 557675K->15468K(613440K), 0.0092952 secs] 558065K->15859K(2029056K), 0.0093586 secs] [Times: user=0.13 sys=0.00, real=0.01 secs] 
2020-09-29T13:07:58.852+0200: 14.638: [GC (Allocation Failure) 2020-09-29T13:07:58.852+0200: 14.638: [ParNew: 560812K->10195K(613440K), 0.0085592 secs] 561203K->10586K(2029056K), 0.0086133 secs] [Times: user=0.00 sys=0.00, real=0.01 secs] 
2020-09-29T13:07:58.937+0200: 14.723: [GC (Allocation Failure) 2020-09-29T13:07:58.937+0200: 14.723: [ParNew: 555539K->8945K(613440K), 0.0070675 secs] 555930K->9336K(2029056K), 0.0071609 secs] [Times: user=0.13 sys=0.00, real=0.01 secs] 
2020-09-29T13:07:59.020+0200: 14.806: [GC (Allocation Failure) 2020-09-29T13:07:59.020+0200: 14.806: [ParNew: 554289K->7327K(613440K), 0.0059377 secs] 554680K->7717K(2029056K), 0.0060373 secs] [Times: user=0.00 sys=0.00, real=0.01 secs] 
2020-09-29T13:07:59.103+0200: 14.889: [GC (Allocation Failure) 2020-09-29T13:07:59.103+0200: 14.889: [ParNew: 552671K->4344K(613440K), 0.0049324 secs] 553061K->4734K(2029056K), 0.0049843 secs] [Times: user=0.00 sys=0.00, real=0.01 secs] 
2020-09-29T13:07:59.184+0200: 14.970: [GC (Allocation Failure) 2020-09-29T13:07:59.184+0200: 14.970: [ParNew: 549688K->92K(613440K), 0.0016281 secs] 550078K->482K(2029056K), 0.0016779 secs] [Times: user=0.00 sys=0.00, real=0.00 secs] 
2020-09-29T13:07:59.262+0200: 15.048: [GC (Allocation Failure) 2020-09-29T13:07:59.262+0200: 15.048: [ParNew: 545436K->11807K(613440K), 0.0100689 secs] 545826K->12197K(2029056K), 0.0101232 secs] [Times: user=0.13 sys=0.00, real=0.01 secs] 
2020-09-29T13:07:59.348+0200: 15.133: [GC (Allocation Failure) 2020-09-29T13:07:59.348+0200: 15.133: [ParNew: 557151K->16638K(613440K), 0.0090251 secs] 557541K->17029K(2029056K), 0.0091163 secs] [Times: user=0.00 sys=0.00, real=0.01 secs] 
2020-09-29T13:07:59.433+0200: 15.219: [GC (Allocation Failure) 2020-09-29T13:07:59.433+0200: 15.219: [ParNew: 561982K->11610K(613440K), 0.0078952 secs] 562373K->12001K(2029056K), 0.0080577 secs] [Times: user=0.00 sys=0.00, real=0.01 secs] 
2020-09-29T13:07:59.517+0200: 15.303: [GC (Allocation Failure) 2020-09-29T13:07:59.517+0200: 15.303: [ParNew: 556954K->7916K(613440K), 0.0071287 secs] 557345K->8306K(2029056K), 0.0071831 secs] [Times: user=0.13 sys=0.00, real=0.01 secs] 
2020-09-29T13:07:59.607+0200: 15.392: [GC (Allocation Failure) 2020-09-29T13:07:59.607+0200: 15.392: [ParNew: 553260K->7037K(613440K), 0.0071239 secs] 553650K->7427K(2029056K), 0.0071774 secs] [Times: user=0.00 sys=0.00, real=0.01 secs] 
2020-09-29T13:07:59.692+0200: 15.478: [GC (Allocation Failure) 2020-09-29T13:07:59.692+0200: 15.478: [ParNew: 552381K->5533K(613440K), 0.0052623 secs] 552771K->5923K(2029056K), 0.0053155 secs] [Times: user=0.00 sys=0.00, real=0.01 secs] 
2020-09-29T13:07:59.775+0200: 15.561: [GC (Allocation Failure) 2020-09-29T13:07:59.775+0200: 15.561: [ParNew: 550877K->184K(613440K), 0.0014133 secs] 551267K->574K(2029056K), 0.0014737 secs] [Times: user=0.00 sys=0.00, real=0.00 secs] 
2020-09-29T13:07:59.853+0200: 15.639: [GC (Allocation Failure) 2020-09-29T13:07:59.853+0200: 15.639: [ParNew: 545528K->12317K(613440K), 0.0101940 secs] 545918K->12707K(2029056K), 0.0102683 secs] [Times: user=0.00 sys=0.00, real=0.01 secs] 
2020-09-29T13:07:59.940+0200: 15.726: [GC (Allocation Failure) 2020-09-29T13:07:59.940+0200: 15.726: [ParNew: 557661K->17354K(613440K), 0.0092192 secs] 558051K->17744K(2029056K), 0.0092742 secs] [Times: user=0.13 sys=0.00, real=0.01 secs] 
2020-09-29T13:08:00.033+0200: 15.818: [GC (Allocation Failure) 2020-09-29T13:08:00.033+0200: 15.818: [ParNew: 562698K->11903K(613440K), 0.0082849 secs] 563088K->12294K(2029056K), 0.0083436 secs] [Times: user=0.13 sys=0.00, real=0.01 secs] 
2020-09-29T13:08:00.122+0200: 15.908: [GC (Allocation Failure) 2020-09-29T13:08:00.122+0200: 15.908: [ParNew: 557247K->7768K(613440K), 0.0072521 secs] 557638K->8158K(2029056K), 0.0073057 secs] [Times: user=0.13 sys=0.00, real=0.01 secs] 
2020-09-29T13:08:00.212+0200: 15.997: [GC (Allocation Failure) 2020-09-29T13:08:00.212+0200: 15.997: [ParNew: 553112K->6638K(613440K), 0.0061214 secs] 553502K->7028K(2029056K), 0.0061883 secs] [Times: user=0.00 sys=0.00, real=0.01 secs] 
2020-09-29T13:08:00.299+0200: 16.085: [GC (Allocation Failure) 2020-09-29T13:08:00.299+0200: 16.085: [ParNew: 551982K->4080K(613440K), 0.0049006 secs] 552372K->4470K(2029056K), 0.0049513 secs] [Times: user=0.13 sys=0.00, real=0.01 secs] 
2020-09-29T13:08:00.382+0200: 16.167: [GC (Allocation Failure) 2020-09-29T13:08:00.382+0200: 16.167: [ParNew: 549424K->71K(613440K), 0.0017191 secs] 549814K->461K(2029056K), 0.0017685 secs] [Times: user=0.00 sys=0.00, real=0.00 secs] 
2020-09-29T13:08:00.460+0200: 16.245: [GC (Allocation Failure) 2020-09-29T13:08:00.460+0200: 16.245: [ParNew: 545415K->12070K(613440K), 0.0103421 secs] 545805K->12460K(2029056K), 0.0103969 secs] [Times: user=0.00 sys=0.00, real=0.01 secs] 
2020-09-29T13:08:00.549+0200: 16.334: [GC (Allocation Failure) 2020-09-29T13:08:00.549+0200: 16.334: [ParNew: 557414K->17117K(613440K), 0.0095022 secs] 557804K->17507K(2029056K), 0.0095611 secs] [Times: user=0.13 sys=0.00, real=0.01 secs] 
2020-09-29T13:08:00.641+0200: 16.427: [GC (Allocation Failure) 2020-09-29T13:08:00.641+0200: 16.427: [ParNew: 562461K->12047K(613440K), 0.0083254 secs] 562851K->12437K(2029056K), 0.0083792 secs] [Times: user=0.13 sys=0.00, real=0.01 secs] 
2020-09-29T13:08:00.725+0200: 16.510: [GC (Allocation Failure) 2020-09-29T13:08:00.725+0200: 16.510: [ParNew: 557391K->8017K(613440K), 0.0068853 secs] 557781K->8407K(2029056K), 0.0069406 secs] [Times: user=0.00 sys=0.00, real=0.01 secs] 
2020-09-29T13:08:00.811+0200: 16.596: [GC (Allocation Failure) 2020-09-29T13:08:00.811+0200: 16.596: [ParNew: 553361K->6734K(613440K), 0.0060434 secs] 553751K->7124K(2029056K), 0.0061016 secs] [Times: user=0.02 sys=0.00, real=0.01 secs] 
2020-09-29T13:08:00.892+0200: 16.677: [GC (Allocation Failure) 2020-09-29T13:08:00.892+0200: 16.677: [ParNew: 550178K->273K(613440K), 0.0018176 secs] 550569K->664K(2029056K), 0.0018742 secs] [Times: user=0.00 sys=0.00, real=0.00 secs] 
2020-09-29T13:08:00.970+0200: 16.755: [GC (Allocation Failure) 2020-09-29T13:08:00.970+0200: 16.755: [ParNew: 545617K->12294K(613440K), 0.0101604 secs] 546008K->12684K(2029056K), 0.0102146 secs] [Times: user=0.13 sys=0.00, real=0.01 secs] 
2020-09-29T13:08:01.057+0200: 16.842: [GC (Allocation Failure) 2020-09-29T13:08:01.057+0200: 16.842: [ParNew: 557638K->17193K(613440K), 0.0092650 secs] 558028K->17583K(2029056K), 0.0093200 secs] [Times: user=0.00 sys=0.00, real=0.01 secs] 
2020-09-29T13:08:01.144+0200: 16.930: [GC (Allocation Failure) 2020-09-29T13:08:01.144+0200: 16.930: [ParNew: 562537K->12063K(613440K), 0.0085477 secs] 562927K->12454K(2029056K), 0.0086000 secs] [Times: user=0.00 sys=0.00, real=0.01 secs] 
2020-09-29T13:08:01.230+0200: 17.015: [GC (Allocation Failure) 2020-09-29T13:08:01.230+0200: 17.015: [ParNew: 557407K->8264K(613440K), 0.0077407 secs] 557798K->8654K(2029056K), 0.0078000 secs] [Times: user=0.00 sys=0.00, real=0.01 secs] 
2020-09-29T13:08:01.318+0200: 17.103: [GC (Allocation Failure) 2020-09-29T13:08:01.318+0200: 17.103: [ParNew: 553608K->7375K(613440K), 0.0066717 secs] 553998K->7765K(2029056K), 0.0067271 secs] [Times: user=0.00 sys=0.00, real=0.01 secs] 
2020-09-29T13:08:01.404+0200: 17.189: [GC (Allocation Failure) 2020-09-29T13:08:01.404+0200: 17.189: [ParNew: 552719K->5828K(613440K), 0.0055594 secs] 553109K->6219K(2029056K), 0.0056121 secs] [Times: user=0.00 sys=0.00, real=0.00 secs] 
2020-09-29T13:08:01.487+0200: 17.273: [GC (Allocation Failure) 2020-09-29T13:08:01.487+0200: 17.273: [ParNew: 551172K->168K(613440K), 0.0018986 secs] 551563K->558K(2029056K), 0.0019487 secs] [Times: user=0.13 sys=0.00, real=0.00 secs] 
2020-09-29T13:08:01.567+0200: 17.352: [GC (Allocation Failure) 2020-09-29T13:08:01.567+0200: 17.352: [ParNew: 545512K->12246K(613440K), 0.0105428 secs] 545902K->12637K(2029056K), 0.0106030 secs] [Times: user=0.00 sys=0.00, real=0.01 secs] 
2020-09-29T13:08:01.663+0200: 17.449: [GC (Allocation Failure) 2020-09-29T13:08:01.663+0200: 17.449: [ParNew: 557590K->17399K(613440K), 0.0091765 secs] 557981K->17789K(2029056K), 0.0092540 secs] [Times: user=0.00 sys=0.00, real=0.01 secs] 
2020-09-29T13:08:01.750+0200: 17.536: [GC (Allocation Failure) 2020-09-29T13:08:01.750+0200: 17.536: [ParNew: 562743K->12126K(613440K), 0.0083259 secs] 563133K->12516K(2029056K), 0.0083793 secs] [Times: user=0.13 sys=0.00, real=0.01 secs] 
2020-09-29T13:08:01.836+0200: 17.622: [GC (Allocation Failure) 2020-09-29T13:08:01.836+0200: 17.622: [ParNew: 557470K->8156K(613440K), 0.0070670 secs] 557860K->8547K(2029056K), 0.0071401 secs] [Times: user=0.00 sys=0.00, real=0.01 secs] 
2020-09-29T13:08:01.920+0200: 17.705: [GC (Allocation Failure) 2020-09-29T13:08:01.920+0200: 17.706: [ParNew: 553500K->7129K(613440K), 0.0066028 secs] 553891K->7520K(2029056K), 0.0066597 secs] [Times: user=0.11 sys=0.00, real=0.01 secs] 
2020-09-29T13:08:02.002+0200: 17.788: [GC (Allocation Failure) 2020-09-29T13:08:02.002+0200: 17.788: [ParNew: 552473K->4294K(613440K), 0.0050095 secs] 552864K->4684K(2029056K), 0.0050630 secs] [Times: user=0.13 sys=0.00, real=0.00 secs] 
2020-09-29T13:08:02.086+0200: 17.871: [GC (Allocation Failure) 2020-09-29T13:08:02.086+0200: 17.871: [ParNew: 549638K->90K(613440K), 0.0016441 secs] 550028K->480K(2029056K), 0.0016939 secs] [Times: user=0.00 sys=0.00, real=0.00 secs] 
2020-09-29T13:08:02.163+0200: 17.949: [GC (Allocation Failure) 2020-09-29T13:08:02.163+0200: 17.949: [ParNew: 545434K->11779K(613440K), 0.0100659 secs] 545824K->12169K(2029056K), 0.0101163 secs] [Times: user=0.00 sys=0.00, real=0.01 secs] 
2020-09-29T13:08:02.252+0200: 18.038: [GC (Allocation Failure) 2020-09-29T13:08:02.252+0200: 18.038: [ParNew: 557123K->16637K(613440K), 0.0090567 secs] 557513K->17027K(2029056K), 0.0091116 secs] [Times: user=0.13 sys=0.00, real=0.01 secs] 
2020-09-29T13:08:02.338+0200: 18.124: [GC (Allocation Failure) 2020-09-29T13:08:02.338+0200: 18.124: [ParNew: 561981K->11610K(613440K), 0.0082527 secs] 562371K->12000K(2029056K), 0.0083150 secs] [Times: user=0.00 sys=0.00, real=0.01 secs] 
2020-09-29T13:08:02.432+0200: 18.218: [GC (Allocation Failure) 2020-09-29T13:08:02.432+0200: 18.218: [ParNew: 556954K->7916K(613440K), 0.0091257 secs] 557344K->8306K(2029056K), 0.0091892 secs] [Times: user=0.00 sys=0.00, real=0.01 secs] 
2020-09-29T13:08:02.533+0200: 18.318: [GC (Allocation Failure) 2020-09-29T13:08:02.533+0200: 18.318: [ParNew: 553260K->7037K(613440K), 0.0071846 secs] 553650K->7427K(2029056K), 0.0072415 secs] [Times: user=0.13 sys=0.00, real=0.01 secs] 
2020-09-29T13:08:02.625+0200: 18.410: [GC (Allocation Failure) 2020-09-29T13:08:02.625+0200: 18.410: [ParNew: 552381K->5533K(613440K), 0.0061612 secs] 552771K->5923K(2029056K), 0.0062111 secs] [Times: user=0.13 sys=0.00, real=0.01 secs] 
2020-09-29T13:08:02.711+0200: 18.496: [GC (Allocation Failure) 2020-09-29T13:08:02.711+0200: 18.496: [ParNew: 550877K->184K(613440K), 0.0015034 secs] 551267K->574K(2029056K), 0.0015562 secs] [Times: user=0.00 sys=0.00, real=0.00 secs] 
2020-09-29T13:08:02.794+0200: 18.579: [GC (Allocation Failure) 2020-09-29T13:08:02.794+0200: 18.579: [ParNew: 545528K->12317K(613440K), 0.0104876 secs] 545918K->12707K(2029056K), 0.0105419 secs] [Times: user=0.13 sys=0.00, real=0.01 secs] 
2020-09-29T13:08:02.883+0200: 18.668: [GC (Allocation Failure) 2020-09-29T13:08:02.883+0200: 18.668: [ParNew: 557661K->17354K(613440K), 0.0091769 secs] 558051K->17744K(2029056K), 0.0092320 secs] [Times: user=0.00 sys=0.00, real=0.01 secs] 
2020-09-29T13:08:02.969+0200: 18.754: [GC (Allocation Failure) 2020-09-29T13:08:02.969+0200: 18.754: [ParNew: 562698K->11903K(613440K), 0.0079434 secs] 563088K->12294K(2029056K), 0.0079979 secs] [Times: user=0.13 sys=0.00, real=0.01 secs] 
2020-09-29T13:08:03.056+0200: 18.841: [GC (Allocation Failure) 2020-09-29T13:08:03.056+0200: 18.841: [ParNew: 557247K->7768K(613440K), 0.0071897 secs] 557638K->8158K(2029056K), 0.0072459 secs] [Times: user=0.00 sys=0.00, real=0.01 secs] 
2020-09-29T13:08:03.140+0200: 18.925: [GC (Allocation Failure) 2020-09-29T13:08:03.140+0200: 18.925: [ParNew: 553112K->6638K(613440K), 0.0060719 secs] 553502K->7028K(2029056K), 0.0061275 secs] [Times: user=0.13 sys=0.00, real=0.01 secs] 
2020-09-29T13:08:03.222+0200: 19.007: [GC (Allocation Failure) 2020-09-29T13:08:03.222+0200: 19.007: [ParNew: 551982K->4080K(613440K), 0.0044931 secs] 552372K->4470K(2029056K), 0.0045571 secs] [Times: user=0.13 sys=0.00, real=0.01 secs] 
2020-09-29T13:08:03.307+0200: 19.092: [GC (Allocation Failure) 2020-09-29T13:08:03.307+0200: 19.092: [ParNew: 549424K->71K(613440K), 0.0017597 secs] 549814K->461K(2029056K), 0.0018069 secs] [Times: user=0.00 sys=0.00, real=0.00 secs] 
2020-09-29T13:08:03.386+0200: 19.171: [GC (Allocation Failure) 2020-09-29T13:08:03.386+0200: 19.171: [ParNew: 545415K->12106K(613440K), 0.0102622 secs] 545805K->12496K(2029056K), 0.0103159 secs] [Times: user=0.13 sys=0.00, real=0.01 secs] 
2020-09-29T13:08:03.474+0200: 19.259: [GC (Allocation Failure) 2020-09-29T13:08:03.474+0200: 19.259: [ParNew: 557450K->17117K(613440K), 0.0091513 secs] 557840K->17507K(2029056K), 0.0092145 secs] [Times: user=0.00 sys=0.00, real=0.01 secs] 
2020-09-29T13:08:03.562+0200: 19.347: [GC (Allocation Failure) 2020-09-29T13:08:03.562+0200: 19.347: [ParNew: 562461K->10785K(613440K), 0.0085518 secs] 562851K->11176K(2029056K), 0.0086306 secs] [Times: user=0.11 sys=0.00, real=0.01 secs] 
2020-09-29T13:08:03.646+0200: 19.431: [GC (Allocation Failure) 2020-09-29T13:08:03.646+0200: 19.431: [ParNew: 556129K->8017K(613440K), 0.0068701 secs] 556520K->8407K(2029056K), 0.0069274 secs] [Times: user=0.00 sys=0.00, real=0.01 secs] 
2020-09-29T13:08:03.736+0200: 19.521: [GC (Allocation Failure) 2020-09-29T13:08:03.736+0200: 19.521: [ParNew: 553361K->6734K(613440K), 0.0064397 secs] 553751K->7124K(2029056K), 0.0064933 secs] [Times: user=0.13 sys=0.00, real=0.01 secs] 
2020-09-29T13:08:03.820+0200: 19.605: [GC (Allocation Failure) 2020-09-29T13:08:03.820+0200: 19.605: [ParNew: 550178K->273K(613440K), 0.0014671 secs] 550569K->664K(2029056K), 0.0015205 secs] [Times: user=0.00 sys=0.00, real=0.00 secs] 
2020-09-29T13:08:03.897+0200: 19.682: [GC (Allocation Failure) 2020-09-29T13:08:03.897+0200: 19.682: [ParNew: 545617K->12294K(613440K), 0.0100297 secs] 546008K->12684K(2029056K), 0.0100836 secs] [Times: user=0.00 sys=0.00, real=0.01 secs] 
2020-09-29T13:08:03.983+0200: 19.768: [GC (Allocation Failure) 2020-09-29T13:08:03.983+0200: 19.768: [ParNew: 557638K->17193K(613440K), 0.0090944 secs] 558028K->17583K(2029056K), 0.0091813 secs] [Times: user=0.13 sys=0.00, real=0.01 secs] 
2020-09-29T13:08:04.072+0200: 19.857: [GC (Allocation Failure) 2020-09-29T13:08:04.072+0200: 19.857: [ParNew: 562537K->12063K(613440K), 0.0084997 secs] 562927K->12454K(2029056K), 0.0085542 secs] [Times: user=0.00 sys=0.00, real=0.01 secs] 
2020-09-29T13:08:04.157+0200: 19.942: [GC (Allocation Failure) 2020-09-29T13:08:04.157+0200: 19.942: [ParNew: 557407K->8264K(613440K), 0.0073716 secs] 557798K->8654K(2029056K), 0.0074257 secs] [Times: user=0.13 sys=0.00, real=0.01 secs] 
2020-09-29T13:08:04.240+0200: 20.025: [GC (Allocation Failure) 2020-09-29T13:08:04.240+0200: 20.025: [ParNew: 553608K->7375K(613440K), 0.0065830 secs] 553998K->7765K(2029056K), 0.0066371 secs] [Times: user=0.00 sys=0.00, real=0.01 secs] 
2020-09-29T13:08:04.325+0200: 20.110: [GC (Allocation Failure) 2020-09-29T13:08:04.325+0200: 20.110: [ParNew: 552719K->5828K(613440K), 0.0052877 secs] 553109K->6219K(2029056K), 0.0053366 secs] [Times: user=0.00 sys=0.00, real=0.00 secs] 
2020-09-29T13:08:04.409+0200: 20.195: [GC (Allocation Failure) 2020-09-29T13:08:04.409+0200: 20.195: [ParNew: 551172K->168K(613440K), 0.0020389 secs] 551563K->558K(2029056K), 0.0020883 secs] [Times: user=0.09 sys=0.01, real=0.00 secs] 
2020-09-29T13:08:04.492+0200: 20.278: [GC (Allocation Failure) 2020-09-29T13:08:04.492+0200: 20.278: [ParNew: 545512K->12331K(613440K), 0.0101984 secs] 545902K->12721K(2029056K), 0.0102509 secs] [Times: user=0.00 sys=0.00, real=0.01 secs] 
2020-09-29T13:08:04.582+0200: 20.367: [GC (Allocation Failure) 2020-09-29T13:08:04.582+0200: 20.367: [ParNew: 557675K->16434K(613440K), 0.0098918 secs] 558065K->16824K(2029056K), 0.0099455 secs] [Times: user=0.11 sys=0.00, real=0.01 secs] 
2020-09-29T13:08:04.668+0200: 20.453: [GC (Allocation Failure) 2020-09-29T13:08:04.668+0200: 20.453: [ParNew: 561778K->11490K(613440K), 0.0086156 secs] 562168K->11881K(2029056K), 0.0086663 secs] [Times: user=0.02 sys=0.00, real=0.01 secs] 
2020-09-29T13:08:04.758+0200: 20.543: [GC (Allocation Failure) 2020-09-29T13:08:04.758+0200: 20.543: [ParNew: 556834K->8156K(613440K), 0.0074326 secs] 557225K->8547K(2029056K), 0.0074885 secs] [Times: user=0.00 sys=0.00, real=0.01 secs] 
2020-09-29T13:08:04.850+0200: 20.635: [GC (Allocation Failure) 2020-09-29T13:08:04.850+0200: 20.635: [ParNew: 553500K->7129K(613440K), 0.0060282 secs] 553891K->7520K(2029056K), 0.0061159 secs] [Times: user=0.00 sys=0.00, real=0.01 secs] 
2020-09-29T13:08:04.933+0200: 20.718: [GC (Allocation Failure) 2020-09-29T13:08:04.933+0200: 20.718: [ParNew: 552473K->4294K(613440K), 0.0049116 secs] 552864K->4684K(2029056K), 0.0049667 secs] [Times: user=0.00 sys=0.00, real=0.00 secs] 
2020-09-29T13:08:05.014+0200: 20.799: [GC (Allocation Failure) 2020-09-29T13:08:05.014+0200: 20.799: [ParNew: 549638K->90K(613440K), 0.0015687 secs] 550028K->480K(2029056K), 0.0016175 secs] [Times: user=0.00 sys=0.00, real=0.00 secs] 
2020-09-29T13:08:05.093+0200: 20.878: [GC (Allocation Failure) 2020-09-29T13:08:05.093+0200: 20.878: [ParNew: 545434K->11779K(613440K), 0.0100907 secs] 545824K->12169K(2029056K), 0.0101436 secs] [Times: user=0.13 sys=0.00, real=0.01 secs] 
2020-09-29T13:08:05.180+0200: 20.965: [GC (Allocation Failure) 2020-09-29T13:08:05.180+0200: 20.965: [ParNew: 557123K->16637K(613440K), 0.0092214 secs] 557513K->17027K(2029056K), 0.0092758 secs] [Times: user=0.00 sys=0.00, real=0.01 secs] 
2020-09-29T13:08:05.267+0200: 21.052: [GC (Allocation Failure) 2020-09-29T13:08:05.267+0200: 21.052: [ParNew: 561981K->11610K(613440K), 0.0080744 secs] 562371K->12000K(2029056K), 0.0081283 secs] [Times: user=0.13 sys=0.00, real=0.01 secs] 
2020-09-29T13:08:05.352+0200: 21.137: [GC (Allocation Failure) 2020-09-29T13:08:05.352+0200: 21.137: [ParNew: 556954K->7916K(613440K), 0.0073921 secs] 557344K->8306K(2029056K), 0.0074658 secs] [Times: user=0.00 sys=0.00, real=0.01 secs] 
2020-09-29T13:08:05.436+0200: 21.221: [GC (Allocation Failure) 2020-09-29T13:08:05.436+0200: 21.221: [ParNew: 553260K->7037K(613440K), 0.0066529 secs] 553650K->7427K(2029056K), 0.0067082 secs] [Times: user=0.00 sys=0.00, real=0.01 secs] 
2020-09-29T13:08:05.520+0200: 21.305: [GC (Allocation Failure) 2020-09-29T13:08:05.520+0200: 21.305: [ParNew: 552381K->5533K(613440K), 0.0052548 secs] 552771K->5923K(2029056K), 0.0053100 secs] [Times: user=0.13 sys=0.00, real=0.01 secs] 
2020-09-29T13:08:05.607+0200: 21.392: [GC (Allocation Failure) 2020-09-29T13:08:05.607+0200: 21.392: [ParNew: 550877K->184K(613440K), 0.0017369 secs] 551267K->574K(2029056K), 0.0017925 secs] [Times: user=0.00 sys=0.00, real=0.00 secs] 
2020-09-29T13:08:05.688+0200: 21.473: [GC (Allocation Failure) 2020-09-29T13:08:05.688+0200: 21.473: [ParNew: 545528K->12363K(613440K), 0.0101526 secs] 545918K->12753K(2029056K), 0.0102084 secs] [Times: user=0.13 sys=0.00, real=0.01 secs] 
2020-09-29T13:08:05.787+0200: 21.572: [GC (Allocation Failure) 2020-09-29T13:08:05.787+0200: 21.572: [ParNew: 557707K->15429K(613440K), 0.0103773 secs] 558097K->15819K(2029056K), 0.0104348 secs] [Times: user=0.00 sys=0.00, real=0.01 secs] 
2020-09-29T13:08:05.893+0200: 21.678: [GC (Allocation Failure) 2020-09-29T13:08:05.893+0200: 21.678: [ParNew: 560773K->9978K(613440K), 0.0079273 secs] 561163K->10368K(2029056K), 0.0079810 secs] [Times: user=0.13 sys=0.00, real=0.01 secs] 
2020-09-29T13:08:05.979+0200: 21.764: [GC (Allocation Failure) 2020-09-29T13:08:05.979+0200: 21.764: [ParNew: 555322K->8530K(613440K), 0.0068647 secs] 555712K->8920K(2029056K), 0.0069196 secs] [Times: user=0.00 sys=0.00, real=0.01 secs] 
2020-09-29T13:08:06.064+0200: 21.849: [GC (Allocation Failure) 2020-09-29T13:08:06.064+0200: 21.849: [ParNew: 553874K->6828K(613440K), 0.0058877 secs] 554264K->7218K(2029056K), 0.0059550 secs] [Times: user=0.13 sys=0.00, real=0.01 secs] 
2020-09-29T13:08:06.146+0200: 21.931: [GC (Allocation Failure) 2020-09-29T13:08:06.146+0200: 21.931: [ParNew: 552172K->4128K(613440K), 0.0046989 secs] 552562K->4518K(2029056K), 0.0047492 secs] [Times: user=0.00 sys=0.00, real=0.01 secs] 
2020-09-29T13:08:06.227+0200: 22.012: [GC (Allocation Failure) 2020-09-29T13:08:06.227+0200: 22.012: [ParNew: 549472K->72K(613440K), 0.0019433 secs] 549862K->462K(2029056K), 0.0019918 secs] [Times: user=0.00 sys=0.00, real=0.00 secs] 
2020-09-29T13:08:06.307+0200: 22.092: [GC (Allocation Failure) 2020-09-29T13:08:06.307+0200: 22.092: [ParNew: 545416K->12101K(613440K), 0.0103252 secs] 545806K->12491K(2029056K), 0.0103804 secs] [Times: user=0.13 sys=0.00, real=0.01 secs] 
Heap
 par new generation   total 613440K, used 546010K [0x0000000080000000, 0x00000000a9990000, 0x00000000a9990000)
  eden space 545344K,  97% used [0x0000000080000000, 0x00000000a0965330, 0x00000000a1490000)
  from space 68096K,  17% used [0x00000000a1490000, 0x00000000a2061710, 0x00000000a5710000)
  to   space 68096K,   0% used [0x00000000a5710000, 0x00000000a5710000, 0x00000000a9990000)
 concurrent mark-sweep generation total 1415616K, used 390K [0x00000000a9990000, 0x0000000100000000, 0x0000000100000000)
 Metaspace       used 2594K, capacity 4486K, committed 4864K, reserved 1056768K
  class space    used 285K, capacity 386K, committed 512K, reserved 1048576K
