Java HotSpot(TM) 64-Bit Server VM (25.261-b12) for windows-amd64 JRE (1.8.0_261-b12), built on Jun 18 2020 06:56:32 by "" with unknown MS VC++:1916
Memory: 4k page, physical 16659684k(8926660k free), swap 23213284k(7880720k free)
CommandLine flags: -XX:InitialHeapSize=2147483648 -XX:MaxHeapSize=2147483648 -XX:MaxNewSize=697933824 -XX:MaxTenuringThreshold=6 -XX:NewSize=697933824 -XX:OldPLABSize=16 -XX:OldSize=1395867648 -XX:+PrintGC -XX:+PrintGCDateStamps -XX:+PrintGCDetails -XX:+PrintGCTimeStamps -XX:+UseCompressedClassPointers -XX:+UseCompressedOops -XX:+UseConcMarkSweepGC -XX:-UseLargePagesIndividualAllocation -XX:+UseParNewGC 
2020-09-29T13:05:06.119+0200: 0.439: [GC (Allocation Failure) 2020-09-29T13:05:06.120+0200: 0.439: [ParNew: 545344K->4399K(613440K), 0.0156079 secs] 545344K->4399K(2029056K), 0.0157424 secs] [Times: user=0.13 sys=0.00, real=0.02 secs] 
2020-09-29T13:05:06.229+0200: 0.549: [GC (Allocation Failure) 2020-09-29T13:05:06.229+0200: 0.549: [ParNew: 549743K->4303K(613440K), 0.0059719 secs] 549743K->4303K(2029056K), 0.0060291 secs] [Times: user=0.00 sys=0.00, real=0.01 secs] 
2020-09-29T13:05:06.317+0200: 0.637: [GC (Allocation Failure) 2020-09-29T13:05:06.317+0200: 0.637: [ParNew: 549647K->1069K(613440K), 0.0021628 secs] 549647K->1069K(2029056K), 0.0022098 secs] [Times: user=0.00 sys=0.00, real=0.00 secs] 
2020-09-29T13:05:06.399+0200: 0.719: [GC (Allocation Failure) 2020-09-29T13:05:06.399+0200: 0.719: [ParNew: 546413K->12656K(613440K), 0.0118533 secs] 546413K->12656K(2029056K), 0.0119120 secs] [Times: user=0.00 sys=0.00, real=0.01 secs] 
2020-09-29T13:05:06.502+0200: 0.822: [GC (Allocation Failure) 2020-09-29T13:05:06.502+0200: 0.822: [ParNew: 558000K->16835K(613440K), 0.0124349 secs] 558000K->16835K(2029056K), 0.0124980 secs] [Times: user=0.11 sys=0.00, real=0.01 secs] 
2020-09-29T13:05:06.599+0200: 0.919: [GC (Allocation Failure) 2020-09-29T13:05:06.599+0200: 0.919: [ParNew: 562179K->11763K(613440K), 0.0087643 secs] 562179K->11763K(2029056K), 0.0088190 secs] [Times: user=0.00 sys=0.00, real=0.01 secs] 
2020-09-29T13:05:06.694+0200: 1.013: [GC (Allocation Failure) 2020-09-29T13:05:06.694+0200: 1.013: [ParNew: 557107K->9593K(613440K), 0.0086223 secs] 557107K->9984K(2029056K), 0.0086800 secs] [Times: user=0.00 sys=0.00, real=0.01 secs] 
2020-09-29T13:05:06.783+0200: 1.103: [GC (Allocation Failure) 2020-09-29T13:05:06.783+0200: 1.103: [ParNew: 554937K->7664K(613440K), 0.0066870 secs] 555328K->8055K(2029056K), 0.0067487 secs] [Times: user=0.13 sys=0.00, real=0.01 secs] 
2020-09-29T13:05:06.866+0200: 1.186: [GC (Allocation Failure) 2020-09-29T13:05:06.866+0200: 1.186: [ParNew: 553008K->4628K(613440K), 0.0052995 secs] 553399K->5018K(2029056K), 0.0053523 secs] [Times: user=0.00 sys=0.00, real=0.01 secs] 
2020-09-29T13:05:06.951+0200: 1.271: [GC (Allocation Failure) 2020-09-29T13:05:06.951+0200: 1.271: [ParNew: 549972K->147K(613440K), 0.0017131 secs] 550362K->537K(2029056K), 0.0017634 secs] [Times: user=0.00 sys=0.00, real=0.00 secs] 
2020-09-29T13:05:07.031+0200: 1.350: [GC (Allocation Failure) 2020-09-29T13:05:07.031+0200: 1.350: [ParNew: 545491K->12262K(613440K), 0.0103505 secs] 545881K->12653K(2029056K), 0.0104074 secs] [Times: user=0.13 sys=0.00, real=0.01 secs] 
2020-09-29T13:05:07.119+0200: 1.439: [GC (Allocation Failure) 2020-09-29T13:05:07.120+0200: 1.439: [ParNew: 557606K->16331K(613440K), 0.0098841 secs] 557997K->16722K(2029056K), 0.0099706 secs] [Times: user=0.13 sys=0.00, real=0.01 secs] 
2020-09-29T13:05:07.212+0200: 1.531: [GC (Allocation Failure) 2020-09-29T13:05:07.212+0200: 1.531: [ParNew: 561675K->12231K(613440K), 0.0083390 secs] 562066K->12621K(2029056K), 0.0084125 secs] [Times: user=0.00 sys=0.00, real=0.01 secs] 
2020-09-29T13:05:07.300+0200: 1.619: [GC (Allocation Failure) 2020-09-29T13:05:07.300+0200: 1.619: [ParNew: 557575K->8411K(613440K), 0.0073725 secs] 557965K->8801K(2029056K), 0.0074317 secs] [Times: user=0.13 sys=0.00, real=0.01 secs] 
2020-09-29T13:05:07.387+0200: 1.706: [GC (Allocation Failure) 2020-09-29T13:05:07.387+0200: 1.706: [ParNew: 553755K->7464K(613440K), 0.0063686 secs] 554145K->7854K(2029056K), 0.0065495 secs] [Times: user=0.00 sys=0.00, real=0.01 secs] 
2020-09-29T13:05:07.472+0200: 1.791: [GC (Allocation Failure) 2020-09-29T13:05:07.472+0200: 1.791: [ParNew: 552808K->5985K(613440K), 0.0059735 secs] 553198K->6376K(2029056K), 0.0060963 secs] [Times: user=0.13 sys=0.00, real=0.01 secs] 
2020-09-29T13:05:07.557+0200: 1.876: [GC (Allocation Failure) 2020-09-29T13:05:07.557+0200: 1.876: [ParNew: 550697K->220K(613440K), 0.0016911 secs] 551088K->610K(2029056K), 0.0017422 secs] [Times: user=0.00 sys=0.00, real=0.00 secs] 
2020-09-29T13:05:07.643+0200: 1.962: [GC (Allocation Failure) 2020-09-29T13:05:07.643+0200: 1.962: [ParNew: 545564K->12019K(613440K), 0.0105131 secs] 545954K->12409K(2029056K), 0.0105839 secs] [Times: user=0.13 sys=0.00, real=0.01 secs] 
2020-09-29T13:05:07.734+0200: 2.053: [GC (Allocation Failure) 2020-09-29T13:05:07.734+0200: 2.053: [ParNew: 557363K->15987K(613440K), 0.0094960 secs] 557753K->16377K(2029056K), 0.0095521 secs] [Times: user=0.13 sys=0.00, real=0.01 secs] 
2020-09-29T13:05:07.822+0200: 2.142: [GC (Allocation Failure) 2020-09-29T13:05:07.822+0200: 2.142: [ParNew: 561331K->11920K(613440K), 0.0084719 secs] 561721K->12310K(2029056K), 0.0085297 secs] [Times: user=0.00 sys=0.00, real=0.01 secs] 
2020-09-29T13:05:07.909+0200: 2.228: [GC (Allocation Failure) 2020-09-29T13:05:07.909+0200: 2.229: [ParNew: 557264K->8094K(613440K), 0.0076218 secs] 557654K->8484K(2029056K), 0.0076771 secs] [Times: user=0.13 sys=0.00, real=0.01 secs] 
2020-09-29T13:05:07.993+0200: 2.313: [GC (Allocation Failure) 2020-09-29T13:05:07.993+0200: 2.313: [ParNew: 553438K->7105K(613440K), 0.0061900 secs] 553828K->7495K(2029056K), 0.0062766 secs] [Times: user=0.00 sys=0.00, real=0.01 secs] 
2020-09-29T13:05:08.078+0200: 2.398: [GC (Allocation Failure) 2020-09-29T13:05:08.078+0200: 2.398: [ParNew: 552449K->5596K(613440K), 0.0053771 secs] 552839K->5987K(2029056K), 0.0054316 secs] [Times: user=0.13 sys=0.00, real=0.00 secs] 
2020-09-29T13:05:08.163+0200: 2.483: [GC (Allocation Failure) 2020-09-29T13:05:08.163+0200: 2.483: [ParNew: 550940K->151K(613440K), 0.0014618 secs] 551331K->541K(2029056K), 0.0015180 secs] [Times: user=0.00 sys=0.00, real=0.00 secs] 
2020-09-29T13:05:08.243+0200: 2.562: [GC (Allocation Failure) 2020-09-29T13:05:08.243+0200: 2.562: [ParNew: 545495K->12217K(613440K), 0.0102497 secs] 545885K->12607K(2029056K), 0.0103057 secs] [Times: user=0.00 sys=0.00, real=0.01 secs] 
2020-09-29T13:05:08.330+0200: 2.650: [GC (Allocation Failure) 2020-09-29T13:05:08.330+0200: 2.650: [ParNew: 557561K->17295K(613440K), 0.0092474 secs] 557951K->17685K(2029056K), 0.0093136 secs] [Times: user=0.13 sys=0.00, real=0.01 secs] 
2020-09-29T13:05:08.416+0200: 2.735: [GC (Allocation Failure) 2020-09-29T13:05:08.416+0200: 2.735: [ParNew: 562639K->12228K(613440K), 0.0087688 secs] 563029K->12618K(2029056K), 0.0088247 secs] [Times: user=0.00 sys=0.00, real=0.01 secs] 
2020-09-29T13:05:08.502+0200: 2.822: [GC (Allocation Failure) 2020-09-29T13:05:08.502+0200: 2.822: [ParNew: 557572K->8526K(613440K), 0.0076766 secs] 557962K->8916K(2029056K), 0.0077321 secs] [Times: user=0.11 sys=0.00, real=0.01 secs] 
2020-09-29T13:05:08.597+0200: 2.916: [GC (Allocation Failure) 2020-09-29T13:05:08.597+0200: 2.916: [ParNew: 553870K->7605K(613440K), 0.0080306 secs] 554260K->7995K(2029056K), 0.0081085 secs] [Times: user=0.13 sys=0.00, real=0.01 secs] 
2020-09-29T13:05:08.704+0200: 3.024: [GC (Allocation Failure) 2020-09-29T13:05:08.704+0200: 3.024: [ParNew: 552949K->4556K(613440K), 0.0055051 secs] 553339K->4946K(2029056K), 0.0055636 secs] [Times: user=0.13 sys=0.00, real=0.01 secs] 
2020-09-29T13:05:08.790+0200: 3.110: [GC (Allocation Failure) 2020-09-29T13:05:08.790+0200: 3.110: [ParNew: 549900K->138K(613440K), 0.0017920 secs] 550290K->529K(2029056K), 0.0018435 secs] [Times: user=0.00 sys=0.00, real=0.00 secs] 
2020-09-29T13:05:08.873+0200: 3.192: [GC (Allocation Failure) 2020-09-29T13:05:08.873+0200: 3.192: [ParNew: 545482K->12202K(613440K), 0.0104922 secs] 545873K->12592K(2029056K), 0.0105787 secs] [Times: user=0.13 sys=0.00, real=0.01 secs] 
2020-09-29T13:05:08.960+0200: 3.280: [GC (Allocation Failure) 2020-09-29T13:05:08.960+0200: 3.280: [ParNew: 557546K->17300K(613440K), 0.0093513 secs] 557936K->17691K(2029056K), 0.0094064 secs] [Times: user=0.00 sys=0.00, real=0.01 secs] 
2020-09-29T13:05:09.046+0200: 3.365: [GC (Allocation Failure) 2020-09-29T13:05:09.046+0200: 3.365: [ParNew: 562644K->12230K(613440K), 0.0084171 secs] 563035K->12620K(2029056K), 0.0141097 secs] [Times: user=0.13 sys=0.00, real=0.01 secs] 
2020-09-29T13:05:09.140+0200: 3.460: [GC (Allocation Failure) 2020-09-29T13:05:09.140+0200: 3.460: [ParNew: 557574K->8405K(613440K), 0.0079061 secs] 557964K->8796K(2029056K), 0.0079613 secs] [Times: user=0.13 sys=0.00, real=0.01 secs] 
2020-09-29T13:05:09.228+0200: 3.548: [GC (Allocation Failure) 2020-09-29T13:05:09.228+0200: 3.548: [ParNew: 553749K->7436K(613440K), 0.0064923 secs] 554140K->7826K(2029056K), 0.0065512 secs] [Times: user=0.00 sys=0.00, real=0.01 secs] 
2020-09-29T13:05:09.314+0200: 3.633: [GC (Allocation Failure) 2020-09-29T13:05:09.314+0200: 3.633: [ParNew: 552780K->4531K(613440K), 0.0057261 secs] 553170K->4922K(2029056K), 0.0057791 secs] [Times: user=0.13 sys=0.00, real=0.01 secs] 
2020-09-29T13:05:09.396+0200: 3.715: [GC (Allocation Failure) 2020-09-29T13:05:09.396+0200: 3.715: [ParNew: 549875K->136K(613440K), 0.0017739 secs] 550266K->526K(2029056K), 0.0018235 secs] [Times: user=0.00 sys=0.00, real=0.00 secs] 
2020-09-29T13:05:09.474+0200: 3.793: [GC (Allocation Failure) 2020-09-29T13:05:09.474+0200: 3.793: [ParNew: 545480K->12230K(613440K), 0.0101913 secs] 545870K->12620K(2029056K), 0.0102669 secs] [Times: user=0.00 sys=0.00, real=0.01 secs] 
2020-09-29T13:05:09.562+0200: 3.881: [GC (Allocation Failure) 2020-09-29T13:05:09.562+0200: 3.881: [ParNew: 557574K->17303K(613440K), 0.0090797 secs] 557964K->17693K(2029056K), 0.0091766 secs] [Times: user=0.13 sys=0.00, real=0.01 secs] 
2020-09-29T13:05:09.656+0200: 3.975: [GC (Allocation Failure) 2020-09-29T13:05:09.656+0200: 3.975: [ParNew: 562647K->11890K(613440K), 0.0082521 secs] 563037K->12280K(2029056K), 0.0083072 secs] [Times: user=0.13 sys=0.00, real=0.01 secs] 
2020-09-29T13:05:09.743+0200: 4.062: [GC (Allocation Failure) 2020-09-29T13:05:09.743+0200: 4.062: [ParNew: 557234K->7765K(613440K), 0.0071470 secs] 557624K->8155K(2029056K), 0.0072029 secs] [Times: user=0.00 sys=0.00, real=0.01 secs] 
2020-09-29T13:05:09.832+0200: 4.151: [GC (Allocation Failure) 2020-09-29T13:05:09.832+0200: 4.151: [ParNew: 553109K->6636K(613440K), 0.0063638 secs] 553499K->7027K(2029056K), 0.0064213 secs] [Times: user=0.13 sys=0.00, real=0.01 secs] 
2020-09-29T13:05:09.913+0200: 4.233: [GC (Allocation Failure) 2020-09-29T13:05:09.913+0200: 4.233: [ParNew: 551980K->4080K(613440K), 0.0048818 secs] 552371K->4470K(2029056K), 0.0049337 secs] [Times: user=0.00 sys=0.00, real=0.00 secs] 
2020-09-29T13:05:09.995+0200: 4.314: [GC (Allocation Failure) 2020-09-29T13:05:09.995+0200: 4.314: [ParNew: 549424K->71K(613440K), 0.0014184 secs] 549814K->461K(2029056K), 0.0014700 secs] [Times: user=0.00 sys=0.00, real=0.00 secs] 
2020-09-29T13:05:10.073+0200: 4.392: [GC (Allocation Failure) 2020-09-29T13:05:10.073+0200: 4.392: [ParNew: 545415K->12101K(613440K), 0.0102913 secs] 545805K->12492K(2029056K), 0.0103466 secs] [Times: user=0.13 sys=0.00, real=0.01 secs] 
2020-09-29T13:05:10.166+0200: 4.485: [GC (Allocation Failure) 2020-09-29T13:05:10.166+0200: 4.485: [ParNew: 557445K->17116K(613440K), 0.0097025 secs] 557836K->17506K(2029056K), 0.0097582 secs] [Times: user=0.00 sys=0.00, real=0.01 secs] 
2020-09-29T13:05:10.254+0200: 4.573: [GC (Allocation Failure) 2020-09-29T13:05:10.254+0200: 4.573: [ParNew: 562460K->12047K(613440K), 0.0082343 secs] 562850K->12437K(2029056K), 0.0082891 secs] [Times: user=0.13 sys=0.00, real=0.01 secs] 
2020-09-29T13:05:10.340+0200: 4.660: [GC (Allocation Failure) 2020-09-29T13:05:10.340+0200: 4.660: [ParNew: 557391K->8016K(613440K), 0.0072251 secs] 557781K->8406K(2029056K), 0.0072794 secs] [Times: user=0.00 sys=0.00, real=0.01 secs] 
2020-09-29T13:05:10.426+0200: 4.746: [GC (Allocation Failure) 2020-09-29T13:05:10.426+0200: 4.746: [ParNew: 553360K->6733K(613440K), 0.0062580 secs] 553750K->7123K(2029056K), 0.0063192 secs] [Times: user=0.00 sys=0.00, real=0.01 secs] 
2020-09-29T13:05:10.510+0200: 4.829: [GC (Allocation Failure) 2020-09-29T13:05:10.510+0200: 4.829: [ParNew: 550178K->273K(613440K), 0.0015393 secs] 550569K->664K(2029056K), 0.0015911 secs] [Times: user=0.00 sys=0.00, real=0.00 secs] 
2020-09-29T13:05:10.592+0200: 4.911: [GC (Allocation Failure) 2020-09-29T13:05:10.592+0200: 4.911: [ParNew: 545617K->12294K(613440K), 0.0108837 secs] 546008K->12684K(2029056K), 0.0109435 secs] [Times: user=0.11 sys=0.00, real=0.01 secs] 
2020-09-29T13:05:10.684+0200: 5.003: [GC (Allocation Failure) 2020-09-29T13:05:10.684+0200: 5.003: [ParNew: 557638K->17193K(613440K), 0.0093935 secs] 558028K->17583K(2029056K), 0.0094713 secs] [Times: user=0.13 sys=0.00, real=0.01 secs] 
2020-09-29T13:05:10.771+0200: 5.090: [GC (Allocation Failure) 2020-09-29T13:05:10.771+0200: 5.090: [ParNew: 562537K->12063K(613440K), 0.0084939 secs] 562927K->12454K(2029056K), 0.0085490 secs] [Times: user=0.00 sys=0.00, real=0.01 secs] 
2020-09-29T13:05:10.860+0200: 5.179: [GC (Allocation Failure) 2020-09-29T13:05:10.860+0200: 5.180: [ParNew: 557407K->8264K(613440K), 0.0077755 secs] 557798K->8654K(2029056K), 0.0078293 secs] [Times: user=0.13 sys=0.00, real=0.01 secs] 
2020-09-29T13:05:10.946+0200: 5.265: [GC (Allocation Failure) 2020-09-29T13:05:10.946+0200: 5.265: [ParNew: 553608K->7375K(613440K), 0.0064538 secs] 553998K->7765K(2029056K), 0.0065115 secs] [Times: user=0.00 sys=0.00, real=0.01 secs] 
2020-09-29T13:05:11.030+0200: 5.350: [GC (Allocation Failure) 2020-09-29T13:05:11.030+0200: 5.350: [ParNew: 552719K->5828K(613440K), 0.0052831 secs] 553109K->6219K(2029056K), 0.0053575 secs] [Times: user=0.13 sys=0.00, real=0.01 secs] 
2020-09-29T13:05:11.117+0200: 5.436: [GC (Allocation Failure) 2020-09-29T13:05:11.117+0200: 5.436: [ParNew: 551172K->168K(613440K), 0.0015440 secs] 551563K->558K(2029056K), 0.0015945 secs] [Times: user=0.00 sys=0.00, real=0.00 secs] 
2020-09-29T13:05:11.197+0200: 5.516: [GC (Allocation Failure) 2020-09-29T13:05:11.197+0200: 5.516: [ParNew: 545512K->12246K(613440K), 0.0103883 secs] 545902K->12637K(2029056K), 0.0104433 secs] [Times: user=0.00 sys=0.00, real=0.01 secs] 
2020-09-29T13:05:11.286+0200: 5.605: [GC (Allocation Failure) 2020-09-29T13:05:11.286+0200: 5.605: [ParNew: 557590K->17399K(613440K), 0.0090545 secs] 557981K->17789K(2029056K), 0.0091274 secs] [Times: user=0.00 sys=0.00, real=0.01 secs] 
2020-09-29T13:05:11.373+0200: 5.692: [GC (Allocation Failure) 2020-09-29T13:05:11.373+0200: 5.692: [ParNew: 562743K->12126K(613440K), 0.0082957 secs] 563133K->12516K(2029056K), 0.0083517 secs] [Times: user=0.13 sys=0.00, real=0.01 secs] 
2020-09-29T13:05:11.458+0200: 5.777: [GC (Allocation Failure) 2020-09-29T13:05:11.458+0200: 5.777: [ParNew: 557470K->8156K(613440K), 0.0072600 secs] 557860K->8547K(2029056K), 0.0073136 secs] [Times: user=0.00 sys=0.00, real=0.01 secs] 
2020-09-29T13:05:11.541+0200: 5.860: [GC (Allocation Failure) 2020-09-29T13:05:11.541+0200: 5.860: [ParNew: 553500K->7129K(613440K), 0.0061424 secs] 553891K->7520K(2029056K), 0.0062159 secs] [Times: user=0.00 sys=0.00, real=0.01 secs] 
2020-09-29T13:05:11.624+0200: 5.944: [GC (Allocation Failure) 2020-09-29T13:05:11.624+0200: 5.944: [ParNew: 552473K->4294K(613440K), 0.0050790 secs] 552864K->4684K(2029056K), 0.0051324 secs] [Times: user=0.02 sys=0.00, real=0.01 secs] 
2020-09-29T13:05:11.707+0200: 6.027: [GC (Allocation Failure) 2020-09-29T13:05:11.707+0200: 6.027: [ParNew: 549638K->90K(613440K), 0.0013905 secs] 550028K->480K(2029056K), 0.0014398 secs] [Times: user=0.08 sys=0.00, real=0.00 secs] 
2020-09-29T13:05:11.787+0200: 6.106: [GC (Allocation Failure) 2020-09-29T13:05:11.787+0200: 6.106: [ParNew: 545434K->11779K(613440K), 0.0101426 secs] 545824K->12169K(2029056K), 0.0102009 secs] [Times: user=0.00 sys=0.00, real=0.01 secs] 
2020-09-29T13:05:11.876+0200: 6.196: [GC (Allocation Failure) 2020-09-29T13:05:11.876+0200: 6.196: [ParNew: 557123K->16637K(613440K), 0.0091893 secs] 557513K->17027K(2029056K), 0.0092656 secs] [Times: user=0.13 sys=0.00, real=0.01 secs] 
2020-09-29T13:05:11.962+0200: 6.281: [GC (Allocation Failure) 2020-09-29T13:05:11.962+0200: 6.281: [ParNew: 561981K->11610K(613440K), 0.0079830 secs] 562371K->12000K(2029056K), 0.0080401 secs] [Times: user=0.00 sys=0.00, real=0.01 secs] 
2020-09-29T13:05:12.045+0200: 6.365: [GC (Allocation Failure) 2020-09-29T13:05:12.045+0200: 6.365: [ParNew: 556954K->7916K(613440K), 0.0072174 secs] 557344K->8306K(2029056K), 0.0072712 secs] [Times: user=0.13 sys=0.00, real=0.01 secs] 
2020-09-29T13:05:12.128+0200: 6.448: [GC (Allocation Failure) 2020-09-29T13:05:12.128+0200: 6.448: [ParNew: 553260K->7037K(613440K), 0.0065518 secs] 553650K->7427K(2029056K), 0.0066076 secs] [Times: user=0.13 sys=0.00, real=0.01 secs] 
2020-09-29T13:05:12.212+0200: 6.532: [GC (Allocation Failure) 2020-09-29T13:05:12.212+0200: 6.532: [ParNew: 552381K->5533K(613440K), 0.0053373 secs] 552771K->5923K(2029056K), 0.0053930 secs] [Times: user=0.00 sys=0.00, real=0.01 secs] 
2020-09-29T13:05:12.294+0200: 6.614: [GC (Allocation Failure) 2020-09-29T13:05:12.294+0200: 6.614: [ParNew: 550877K->184K(613440K), 0.0015810 secs] 551267K->574K(2029056K), 0.0016310 secs] [Times: user=0.00 sys=0.00, real=0.00 secs] 
2020-09-29T13:05:12.375+0200: 6.694: [GC (Allocation Failure) 2020-09-29T13:05:12.375+0200: 6.694: [ParNew: 545528K->12271K(613440K), 0.0101741 secs] 545918K->12661K(2029056K), 0.0102614 secs] [Times: user=0.13 sys=0.00, real=0.01 secs] 
2020-09-29T13:05:12.461+0200: 6.780: [GC (Allocation Failure) 2020-09-29T13:05:12.461+0200: 6.780: [ParNew: 557615K->16392K(613440K), 0.0089171 secs] 558005K->16782K(2029056K), 0.0089799 secs] [Times: user=0.00 sys=0.00, real=0.01 secs] 
2020-09-29T13:05:12.548+0200: 6.868: [GC (Allocation Failure) 2020-09-29T13:05:12.548+0200: 6.868: [ParNew: 561736K->11903K(613440K), 0.0079366 secs] 562126K->12294K(2029056K), 0.0079921 secs] [Times: user=0.13 sys=0.00, real=0.01 secs] 
2020-09-29T13:05:12.633+0200: 6.953: [GC (Allocation Failure) 2020-09-29T13:05:12.633+0200: 6.953: [ParNew: 557247K->7768K(613440K), 0.0071521 secs] 557638K->8158K(2029056K), 0.0072078 secs] [Times: user=0.00 sys=0.00, real=0.01 secs] 
2020-09-29T13:05:12.722+0200: 7.041: [GC (Allocation Failure) 2020-09-29T13:05:12.722+0200: 7.041: [ParNew: 553112K->6638K(613440K), 0.0057932 secs] 553502K->7028K(2029056K), 0.0058504 secs] [Times: user=0.13 sys=0.00, real=0.01 secs] 
2020-09-29T13:05:12.807+0200: 7.127: [GC (Allocation Failure) 2020-09-29T13:05:12.807+0200: 7.127: [ParNew: 551982K->4080K(613440K), 0.0048778 secs] 552372K->4470K(2029056K), 0.0049504 secs] [Times: user=0.00 sys=0.00, real=0.01 secs] 
2020-09-29T13:05:12.890+0200: 7.210: [GC (Allocation Failure) 2020-09-29T13:05:12.890+0200: 7.210: [ParNew: 549424K->71K(613440K), 0.0015327 secs] 549814K->461K(2029056K), 0.0015927 secs] [Times: user=0.00 sys=0.00, real=0.00 secs] 
2020-09-29T13:05:12.972+0200: 7.291: [GC (Allocation Failure) 2020-09-29T13:05:12.972+0200: 7.291: [ParNew: 545415K->12124K(613440K), 0.0103461 secs] 545805K->12514K(2029056K), 0.0104009 secs] [Times: user=0.13 sys=0.00, real=0.01 secs] 
2020-09-29T13:05:13.059+0200: 7.379: [GC (Allocation Failure) 2020-09-29T13:05:13.059+0200: 7.379: [ParNew: 557468K->17117K(613440K), 0.0091831 secs] 557858K->17507K(2029056K), 0.0092582 secs] [Times: user=0.13 sys=0.00, real=0.01 secs] 
2020-09-29T13:05:13.148+0200: 7.467: [GC (Allocation Failure) 2020-09-29T13:05:13.150+0200: 7.469: [ParNew: 562461K->12047K(613440K), 0.0083774 secs] 562851K->12437K(2029056K), 0.0104321 secs] [Times: user=0.00 sys=0.00, real=0.01 secs] 
2020-09-29T13:05:13.236+0200: 7.555: [GC (Allocation Failure) 2020-09-29T13:05:13.236+0200: 7.555: [ParNew: 557391K->8017K(613440K), 0.0069332 secs] 557781K->8407K(2029056K), 0.0069878 secs] [Times: user=0.13 sys=0.00, real=0.01 secs] 
2020-09-29T13:05:13.321+0200: 7.641: [GC (Allocation Failure) 2020-09-29T13:05:13.321+0200: 7.641: [ParNew: 553361K->6734K(613440K), 0.0060419 secs] 553751K->7124K(2029056K), 0.0061025 secs] [Times: user=0.00 sys=0.00, real=0.01 secs] 
2020-09-29T13:05:13.405+0200: 7.725: [GC (Allocation Failure) 2020-09-29T13:05:13.405+0200: 7.725: [ParNew: 550178K->273K(613440K), 0.0015490 secs] 550569K->664K(2029056K), 0.0015993 secs] [Times: user=0.00 sys=0.00, real=0.00 secs] 
2020-09-29T13:05:13.485+0200: 7.805: [GC (Allocation Failure) 2020-09-29T13:05:13.485+0200: 7.805: [ParNew: 545617K->12294K(613440K), 0.0101771 secs] 546008K->12684K(2029056K), 0.0102430 secs] [Times: user=0.08 sys=0.00, real=0.01 secs] 
2020-09-29T13:05:13.592+0200: 7.911: [GC (Allocation Failure) 2020-09-29T13:05:13.592+0200: 7.911: [ParNew: 557638K->15288K(613440K), 0.0102999 secs] 558028K->15678K(2029056K), 0.0103587 secs] [Times: user=0.11 sys=0.00, real=0.01 secs] 
2020-09-29T13:05:13.688+0200: 8.007: [GC (Allocation Failure) 2020-09-29T13:05:13.688+0200: 8.007: [ParNew: 560632K->10158K(613440K), 0.0087586 secs] 561022K->10549K(2029056K), 0.0088154 secs] [Times: user=0.13 sys=0.00, real=0.01 secs] 
2020-09-29T13:05:13.774+0200: 8.094: [GC (Allocation Failure) 2020-09-29T13:05:13.774+0200: 8.094: [ParNew: 555502K->9051K(613440K), 0.0075701 secs] 555893K->9442K(2029056K), 0.0076413 secs] [Times: user=0.00 sys=0.00, real=0.01 secs] 
2020-09-29T13:05:13.860+0200: 8.179: [GC (Allocation Failure) 2020-09-29T13:05:13.860+0200: 8.179: [ParNew: 554395K->7572K(613440K), 0.0065230 secs] 554786K->7962K(2029056K), 0.0065780 secs] [Times: user=0.13 sys=0.00, real=0.01 secs] 
2020-09-29T13:05:13.945+0200: 8.265: [GC (Allocation Failure) 2020-09-29T13:05:13.945+0200: 8.265: [ParNew: 552916K->4618K(613440K), 0.0054595 secs] 553306K->5008K(2029056K), 0.0055147 secs] [Times: user=0.00 sys=0.00, real=0.01 secs] 
2020-09-29T13:05:14.027+0200: 8.346: [GC (Allocation Failure) 2020-09-29T13:05:14.027+0200: 8.346: [ParNew: 549962K->154K(613440K), 0.0016714 secs] 550352K->544K(2029056K), 0.0017222 secs] [Times: user=0.00 sys=0.00, real=0.00 secs] 
2020-09-29T13:05:14.104+0200: 8.423: [GC (Allocation Failure) 2020-09-29T13:05:14.104+0200: 8.423: [ParNew: 545498K->12244K(613440K), 0.0100795 secs] 545888K->12634K(2029056K), 0.0101657 secs] [Times: user=0.13 sys=0.00, real=0.01 secs] 
2020-09-29T13:05:14.192+0200: 8.512: [GC (Allocation Failure) 2020-09-29T13:05:14.192+0200: 8.512: [ParNew: 557588K->17385K(613440K), 0.0091136 secs] 557978K->17775K(2029056K), 0.0091746 secs] [Times: user=0.00 sys=0.00, real=0.01 secs] 
2020-09-29T13:05:14.279+0200: 8.599: [GC (Allocation Failure) 2020-09-29T13:05:14.279+0200: 8.599: [ParNew: 562729K->12123K(613440K), 0.0084464 secs] 563119K->12513K(2029056K), 0.0085033 secs] [Times: user=0.13 sys=0.00, real=0.01 secs] 
2020-09-29T13:05:14.366+0200: 8.685: [GC (Allocation Failure) 2020-09-29T13:05:14.366+0200: 8.686: [ParNew: 557467K->8156K(613440K), 0.0074282 secs] 557857K->8546K(2029056K), 0.0074851 secs] [Times: user=0.00 sys=0.00, real=0.01 secs] 
2020-09-29T13:05:14.453+0200: 8.773: [GC (Allocation Failure) 2020-09-29T13:05:14.453+0200: 8.773: [ParNew: 553500K->7129K(613440K), 0.0061842 secs] 553890K->7520K(2029056K), 0.0062386 secs] [Times: user=0.13 sys=0.00, real=0.01 secs] 
2020-09-29T13:05:14.540+0200: 8.859: [GC (Allocation Failure) 2020-09-29T13:05:14.540+0200: 8.859: [ParNew: 552473K->4294K(613440K), 0.0047878 secs] 552864K->4684K(2029056K), 0.0048463 secs] [Times: user=0.00 sys=0.00, real=0.00 secs] 
2020-09-29T13:05:14.631+0200: 8.950: [GC (Allocation Failure) 2020-09-29T13:05:14.631+0200: 8.950: [ParNew: 549638K->90K(613440K), 0.0016870 secs] 550028K->480K(2029056K), 0.0017391 secs] [Times: user=0.00 sys=0.00, real=0.00 secs] 
2020-09-29T13:05:14.716+0200: 9.035: [GC (Allocation Failure) 2020-09-29T13:05:14.716+0200: 9.035: [ParNew: 545434K->11801K(613440K), 0.0108403 secs] 545824K->12192K(2029056K), 0.0109126 secs] [Times: user=0.13 sys=0.00, real=0.01 secs] 
2020-09-29T13:05:14.807+0200: 9.126: [GC (Allocation Failure) 2020-09-29T13:05:14.807+0200: 9.126: [ParNew: 557145K->16637K(613440K), 0.0092489 secs] 557536K->17027K(2029056K), 0.0093051 secs] [Times: user=0.00 sys=0.00, real=0.01 secs] 
2020-09-29T13:05:14.894+0200: 9.213: [GC (Allocation Failure) 2020-09-29T13:05:14.894+0200: 9.213: [ParNew: 561981K->11610K(613440K), 0.0080340 secs] 562371K->12000K(2029056K), 0.0080894 secs] [Times: user=0.13 sys=0.00, real=0.01 secs] 
2020-09-29T13:05:14.984+0200: 9.303: [GC (Allocation Failure) 2020-09-29T13:05:14.984+0200: 9.303: [ParNew: 556954K->7916K(613440K), 0.0073638 secs] 557344K->8306K(2029056K), 0.0074201 secs] [Times: user=0.13 sys=0.00, real=0.01 secs] 
2020-09-29T13:05:15.067+0200: 9.387: [GC (Allocation Failure) 2020-09-29T13:05:15.067+0200: 9.387: [ParNew: 553260K->7037K(613440K), 0.0064786 secs] 553650K->7427K(2029056K), 0.0065498 secs] [Times: user=0.00 sys=0.00, real=0.01 secs] 
2020-09-29T13:05:15.151+0200: 9.470: [GC (Allocation Failure) 2020-09-29T13:05:15.151+0200: 9.470: [ParNew: 552381K->5533K(613440K), 0.0054093 secs] 552771K->5923K(2029056K), 0.0054967 secs] [Times: user=0.00 sys=0.00, real=0.00 secs] 
2020-09-29T13:05:15.232+0200: 9.551: [GC (Allocation Failure) 2020-09-29T13:05:15.232+0200: 9.551: [ParNew: 550877K->184K(613440K), 0.0014105 secs] 551267K->574K(2029056K), 0.0014621 secs] [Times: user=0.00 sys=0.00, real=0.00 secs] 
2020-09-29T13:05:15.310+0200: 9.630: [GC (Allocation Failure) 2020-09-29T13:05:15.310+0200: 9.630: [ParNew: 545528K->12271K(613440K), 0.0100716 secs] 545918K->12661K(2029056K), 0.0101673 secs] [Times: user=0.13 sys=0.00, real=0.01 secs] 
2020-09-29T13:05:15.399+0200: 9.718: [GC (Allocation Failure) 2020-09-29T13:05:15.399+0200: 9.719: [ParNew: 557615K->17354K(613440K), 0.0090829 secs] 558005K->17744K(2029056K), 0.0091559 secs] [Times: user=0.00 sys=0.00, real=0.01 secs] 
2020-09-29T13:05:15.486+0200: 9.806: [GC (Allocation Failure) 2020-09-29T13:05:15.486+0200: 9.806: [ParNew: 562698K->11903K(613440K), 0.0083368 secs] 563088K->12294K(2029056K), 0.0083915 secs] [Times: user=0.13 sys=0.00, real=0.01 secs] 
2020-09-29T13:05:15.576+0200: 9.896: [GC (Allocation Failure) 2020-09-29T13:05:15.576+0200: 9.896: [ParNew: 557247K->7768K(613440K), 0.0069930 secs] 557638K->8158K(2029056K), 0.0070494 secs] [Times: user=0.11 sys=0.00, real=0.01 secs] 
2020-09-29T13:05:15.660+0200: 9.980: [GC (Allocation Failure) 2020-09-29T13:05:15.660+0200: 9.980: [ParNew: 553112K->6638K(613440K), 0.0064250 secs] 553502K->7028K(2029056K), 0.0064816 secs] [Times: user=0.02 sys=0.00, real=0.01 secs] 
2020-09-29T13:05:15.746+0200: 10.065: [GC (Allocation Failure) 2020-09-29T13:05:15.746+0200: 10.065: [ParNew: 551982K->3814K(613440K), 0.0047553 secs] 552372K->4204K(2029056K), 0.0048195 secs] [Times: user=0.00 sys=0.00, real=0.00 secs] 
2020-09-29T13:05:15.826+0200: 10.146: [GC (Allocation Failure) 2020-09-29T13:05:15.827+0200: 10.146: [ParNew: 549158K->71K(613440K), 0.0015781 secs] 549548K->461K(2029056K), 0.0016331 secs] [Times: user=0.00 sys=0.00, real=0.00 secs] 
2020-09-29T13:05:15.904+0200: 10.224: [GC (Allocation Failure) 2020-09-29T13:05:15.904+0200: 10.224: [ParNew: 545415K->12088K(613440K), 0.0100350 secs] 545805K->12478K(2029056K), 0.0101105 secs] [Times: user=0.13 sys=0.00, real=0.01 secs] 
2020-09-29T13:05:15.992+0200: 10.312: [GC (Allocation Failure) 2020-09-29T13:05:15.992+0200: 10.312: [ParNew: 557432K->17117K(613440K), 0.0093820 secs] 557822K->17507K(2029056K), 0.0094370 secs] [Times: user=0.00 sys=0.00, real=0.01 secs] 
2020-09-29T13:05:16.079+0200: 10.398: [GC (Allocation Failure) 2020-09-29T13:05:16.079+0200: 10.398: [ParNew: 562461K->12047K(613440K), 0.0080708 secs] 562851K->12437K(2029056K), 0.0081403 secs] [Times: user=0.13 sys=0.00, real=0.01 secs] 
2020-09-29T13:05:16.164+0200: 10.484: [GC (Allocation Failure) 2020-09-29T13:05:16.164+0200: 10.484: [ParNew: 557391K->8017K(613440K), 0.0069942 secs] 557781K->8407K(2029056K), 0.0070492 secs] [Times: user=0.00 sys=0.00, real=0.01 secs] 
2020-09-29T13:05:16.247+0200: 10.567: [GC (Allocation Failure) 2020-09-29T13:05:16.247+0200: 10.567: [ParNew: 553361K->6734K(613440K), 0.0062086 secs] 553751K->7124K(2029056K), 0.0062899 secs] [Times: user=0.00 sys=0.00, real=0.01 secs] 
2020-09-29T13:05:16.329+0200: 10.648: [GC (Allocation Failure) 2020-09-29T13:05:16.329+0200: 10.648: [ParNew: 550178K->273K(613440K), 0.0015111 secs] 550569K->664K(2029056K), 0.0015846 secs] [Times: user=0.00 sys=0.00, real=0.00 secs] 
2020-09-29T13:05:16.406+0200: 10.726: [GC (Allocation Failure) 2020-09-29T13:05:16.406+0200: 10.726: [ParNew: 545617K->12225K(613440K), 0.0102524 secs] 546008K->12616K(2029056K), 0.0103062 secs] [Times: user=0.13 sys=0.00, real=0.01 secs] 
2020-09-29T13:05:16.496+0200: 10.814: [GC (Allocation Failure) 2020-09-29T13:05:16.496+0200: 10.814: [ParNew: 557569K->17193K(613440K), 0.0093709 secs] 557960K->17583K(2029056K), 0.0094245 secs] [Times: user=0.00 sys=0.00, real=0.01 secs] 
2020-09-29T13:05:16.583+0200: 10.902: [GC (Allocation Failure) 2020-09-29T13:05:16.583+0200: 10.902: [ParNew: 562537K->12063K(613440K), 0.0087534 secs] 562927K->12454K(2029056K), 0.0088130 secs] [Times: user=0.00 sys=0.00, real=0.01 secs] 
2020-09-29T13:05:16.677+0200: 10.996: [GC (Allocation Failure) 2020-09-29T13:05:16.677+0200: 10.996: [ParNew: 557407K->8264K(613440K), 0.0080336 secs] 557798K->8654K(2029056K), 0.0081433 secs] [Times: user=0.00 sys=0.00, real=0.01 secs] 
2020-09-29T13:05:16.766+0200: 11.085: [GC (Allocation Failure) 2020-09-29T13:05:16.766+0200: 11.085: [ParNew: 553608K->7375K(613440K), 0.0065185 secs] 553998K->7765K(2029056K), 0.0065754 secs] [Times: user=0.13 sys=0.00, real=0.01 secs] 
2020-09-29T13:05:16.850+0200: 11.169: [GC (Allocation Failure) 2020-09-29T13:05:16.850+0200: 11.169: [ParNew: 552719K->5828K(613440K), 0.0053050 secs] 553109K->6219K(2029056K), 0.0053597 secs] [Times: user=0.00 sys=0.00, real=0.01 secs] 
2020-09-29T13:05:16.931+0200: 11.250: [GC (Allocation Failure) 2020-09-29T13:05:16.931+0200: 11.250: [ParNew: 551172K->168K(613440K), 0.0014112 secs] 551563K->558K(2029056K), 0.0014619 secs] [Times: user=0.00 sys=0.00, real=0.00 secs] 
2020-09-29T13:05:17.012+0200: 11.332: [GC (Allocation Failure) 2020-09-29T13:05:17.012+0200: 11.332: [ParNew: 545512K->12289K(613440K), 0.0102981 secs] 545902K->12679K(2029056K), 0.0103534 secs] [Times: user=0.13 sys=0.00, real=0.01 secs] 
2020-09-29T13:05:17.101+0200: 11.420: [GC (Allocation Failure) 2020-09-29T13:05:17.101+0200: 11.420: [ParNew: 557633K->17399K(613440K), 0.0092733 secs] 558023K->17789K(2029056K), 0.0093273 secs] [Times: user=0.00 sys=0.00, real=0.01 secs] 
2020-09-29T13:05:17.196+0200: 11.516: [GC (Allocation Failure) 2020-09-29T13:05:17.196+0200: 11.516: [ParNew: 562743K->12126K(613440K), 0.0085648 secs] 563133K->12516K(2029056K), 0.0086196 secs] [Times: user=0.00 sys=0.00, real=0.01 secs] 
2020-09-29T13:05:17.287+0200: 11.606: [GC (Allocation Failure) 2020-09-29T13:05:17.287+0200: 11.606: [ParNew: 557470K->8156K(613440K), 0.0072905 secs] 557860K->8547K(2029056K), 0.0073547 secs] [Times: user=0.00 sys=0.00, real=0.01 secs] 
2020-09-29T13:05:17.374+0200: 11.693: [GC (Allocation Failure) 2020-09-29T13:05:17.374+0200: 11.693: [ParNew: 553500K->7129K(613440K), 0.0060240 secs] 553891K->7520K(2029056K), 0.0060855 secs] [Times: user=0.13 sys=0.00, real=0.01 secs] 
2020-09-29T13:05:17.457+0200: 11.776: [GC (Allocation Failure) 2020-09-29T13:05:17.457+0200: 11.776: [ParNew: 552473K->4294K(613440K), 0.0048932 secs] 552864K->4684K(2029056K), 0.0049465 secs] [Times: user=0.13 sys=0.00, real=0.00 secs] 
2020-09-29T13:05:17.537+0200: 11.856: [GC (Allocation Failure) 2020-09-29T13:05:17.537+0200: 11.856: [ParNew: 549638K->90K(613440K), 0.0013619 secs] 550028K->480K(2029056K), 0.0014156 secs] [Times: user=0.00 sys=0.00, real=0.00 secs] 
2020-09-29T13:05:17.621+0200: 11.939: [GC (Allocation Failure) 2020-09-29T13:05:17.621+0200: 11.940: [ParNew: 545434K->11779K(613440K), 0.0103885 secs] 545824K->12169K(2029056K), 0.0104453 secs] [Times: user=0.13 sys=0.00, real=0.01 secs] 
2020-09-29T13:05:17.710+0200: 12.029: [GC (Allocation Failure) 2020-09-29T13:05:17.710+0200: 12.029: [ParNew: 557123K->16637K(613440K), 0.0089442 secs] 557513K->17027K(2029056K), 0.0090358 secs] [Times: user=0.00 sys=0.00, real=0.01 secs] 
2020-09-29T13:05:17.805+0200: 12.124: [GC (Allocation Failure) 2020-09-29T13:05:17.805+0200: 12.124: [ParNew: 561981K->11610K(613440K), 0.0084919 secs] 562371K->12000K(2029056K), 0.0085838 secs] [Times: user=0.00 sys=0.00, real=0.01 secs] 
2020-09-29T13:05:17.893+0200: 12.212: [GC (Allocation Failure) 2020-09-29T13:05:17.893+0200: 12.212: [ParNew: 556954K->7916K(613440K), 0.0071815 secs] 557344K->8306K(2029056K), 0.0072401 secs] [Times: user=0.13 sys=0.00, real=0.01 secs] 
2020-09-29T13:05:17.979+0200: 12.299: [GC (Allocation Failure) 2020-09-29T13:05:17.979+0200: 12.299: [ParNew: 553260K->7037K(613440K), 0.0067140 secs] 553650K->7427K(2029056K), 0.0067721 secs] [Times: user=0.00 sys=0.00, real=0.01 secs] 
2020-09-29T13:05:18.064+0200: 12.383: [GC (Allocation Failure) 2020-09-29T13:05:18.064+0200: 12.383: [ParNew: 552381K->5533K(613440K), 0.0057122 secs] 552771K->5923K(2029056K), 0.0057648 secs] [Times: user=0.13 sys=0.00, real=0.01 secs] 
2020-09-29T13:05:18.146+0200: 12.465: [GC (Allocation Failure) 2020-09-29T13:05:18.146+0200: 12.465: [ParNew: 550877K->184K(613440K), 0.0015843 secs] 551267K->574K(2029056K), 0.0016332 secs] [Times: user=0.00 sys=0.00, real=0.00 secs] 
2020-09-29T13:05:18.226+0200: 12.545: [GC (Allocation Failure) 2020-09-29T13:05:18.226+0200: 12.545: [ParNew: 545528K->12317K(613440K), 0.0102132 secs] 545918K->12707K(2029056K), 0.0102687 secs] [Times: user=0.00 sys=0.00, real=0.01 secs] 
2020-09-29T13:05:18.315+0200: 12.634: [GC (Allocation Failure) 2020-09-29T13:05:18.315+0200: 12.634: [ParNew: 557661K->17354K(613440K), 0.0090305 secs] 558051K->17744K(2029056K), 0.0090840 secs] [Times: user=0.13 sys=0.00, real=0.01 secs] 
2020-09-29T13:05:18.403+0200: 12.722: [GC (Allocation Failure) 2020-09-29T13:05:18.403+0200: 12.722: [ParNew: 562698K->11903K(613440K), 0.0082611 secs] 563088K->12294K(2029056K), 0.0083183 secs] [Times: user=0.13 sys=0.00, real=0.01 secs] 
2020-09-29T13:05:18.490+0200: 12.809: [GC (Allocation Failure) 2020-09-29T13:05:18.490+0200: 12.809: [ParNew: 557247K->7768K(613440K), 0.0071412 secs] 557638K->8158K(2029056K), 0.0071955 secs] [Times: user=0.00 sys=0.00, real=0.01 secs] 
2020-09-29T13:05:18.578+0200: 12.898: [GC (Allocation Failure) 2020-09-29T13:05:18.578+0200: 12.898: [ParNew: 553112K->6052K(613440K), 0.0061438 secs] 553502K->6442K(2029056K), 0.0062059 secs] [Times: user=0.11 sys=0.00, real=0.01 secs] 
2020-09-29T13:05:18.661+0200: 12.981: [GC (Allocation Failure) 2020-09-29T13:05:18.661+0200: 12.981: [ParNew: 551396K->4651K(613440K), 0.0051048 secs] 551786K->5041K(2029056K), 0.0051596 secs] [Times: user=0.00 sys=0.00, real=0.00 secs] 
2020-09-29T13:05:18.747+0200: 13.066: [GC (Allocation Failure) 2020-09-29T13:05:18.747+0200: 13.066: [ParNew: 549995K->101K(613440K), 0.0022166 secs] 550385K->491K(2029056K), 0.0022681 secs] [Times: user=0.00 sys=0.00, real=0.00 secs] 
2020-09-29T13:05:18.826+0200: 13.146: [GC (Allocation Failure) 2020-09-29T13:05:18.826+0200: 13.146: [ParNew: 545445K->12141K(613440K), 0.0101730 secs] 545835K->12531K(2029056K), 0.0102616 secs] [Times: user=0.13 sys=0.00, real=0.01 secs] 
2020-09-29T13:05:18.914+0200: 13.234: [GC (Allocation Failure) 2020-09-29T13:05:18.914+0200: 13.234: [ParNew: 557485K->17147K(613440K), 0.0091834 secs] 557875K->17537K(2029056K), 0.0092379 secs] [Times: user=0.00 sys=0.00, real=0.01 secs] 
2020-09-29T13:05:19.003+0200: 13.323: [GC (Allocation Failure) 2020-09-29T13:05:19.003+0200: 13.323: [ParNew: 562491K->12055K(613440K), 0.0086205 secs] 562881K->12445K(2029056K), 0.0086767 secs] [Times: user=0.13 sys=0.00, real=0.01 secs] 
2020-09-29T13:05:19.088+0200: 13.408: [GC (Allocation Failure) 2020-09-29T13:05:19.088+0200: 13.408: [ParNew: 557399K->8018K(613440K), 0.0068890 secs] 557789K->8408K(2029056K), 0.0069766 secs] [Times: user=0.00 sys=0.00, real=0.01 secs] 
2020-09-29T13:05:19.174+0200: 13.494: [GC (Allocation Failure) 2020-09-29T13:05:19.174+0200: 13.494: [ParNew: 553362K->6734K(613440K), 0.0062368 secs] 553752K->7124K(2029056K), 0.0062914 secs] [Times: user=0.13 sys=0.00, real=0.01 secs] 
2020-09-29T13:05:19.258+0200: 13.577: [GC (Allocation Failure) 2020-09-29T13:05:19.258+0200: 13.577: [ParNew: 550179K->273K(613440K), 0.0017428 secs] 550569K->664K(2029056K), 0.0017977 secs] [Times: user=0.00 sys=0.00, real=0.00 secs] 
2020-09-29T13:05:19.337+0200: 13.657: [GC (Allocation Failure) 2020-09-29T13:05:19.337+0200: 13.657: [ParNew: 545617K->12294K(613440K), 0.0102297 secs] 546008K->12684K(2029056K), 0.0102831 secs] [Times: user=0.00 sys=0.00, real=0.01 secs] 
2020-09-29T13:05:19.425+0200: 13.744: [GC (Allocation Failure) 2020-09-29T13:05:19.425+0200: 13.744: [ParNew: 557638K->17193K(613440K), 0.0093360 secs] 558028K->17583K(2029056K), 0.0093924 secs] [Times: user=0.13 sys=0.00, real=0.01 secs] 
2020-09-29T13:05:19.515+0200: 13.834: [GC (Allocation Failure) 2020-09-29T13:05:19.515+0200: 13.834: [ParNew: 562537K->11431K(613440K), 0.0100166 secs] 562927K->11822K(2029056K), 0.0100713 secs] [Times: user=0.11 sys=0.00, real=0.01 secs] 
2020-09-29T13:05:19.611+0200: 13.931: [GC (Allocation Failure) 2020-09-29T13:05:19.611+0200: 13.931: [ParNew: 556775K->8264K(613440K), 0.0080410 secs] 557166K->8654K(2029056K), 0.0080961 secs] [Times: user=0.13 sys=0.00, real=0.01 secs] 
2020-09-29T13:05:19.702+0200: 14.021: [GC (Allocation Failure) 2020-09-29T13:05:19.702+0200: 14.021: [ParNew: 553608K->7375K(613440K), 0.0070154 secs] 553998K->7765K(2029056K), 0.0070714 secs] [Times: user=0.13 sys=0.00, real=0.01 secs] 
2020-09-29T13:05:19.788+0200: 14.108: [GC (Allocation Failure) 2020-09-29T13:05:19.788+0200: 14.108: [ParNew: 552719K->5828K(613440K), 0.0052778 secs] 553109K->6219K(2029056K), 0.0053338 secs] [Times: user=0.00 sys=0.00, real=0.00 secs] 
2020-09-29T13:05:19.869+0200: 14.188: [GC (Allocation Failure) 2020-09-29T13:05:19.869+0200: 14.188: [ParNew: 551172K->168K(613440K), 0.0016251 secs] 551563K->558K(2029056K), 0.0016749 secs] [Times: user=0.00 sys=0.00, real=0.00 secs] 
2020-09-29T13:05:19.946+0200: 14.265: [GC (Allocation Failure) 2020-09-29T13:05:19.946+0200: 14.265: [ParNew: 545512K->12331K(613440K), 0.0102540 secs] 545902K->12721K(2029056K), 0.0103079 secs] [Times: user=0.00 sys=0.00, real=0.01 secs] 
2020-09-29T13:05:20.036+0200: 14.355: [GC (Allocation Failure) 2020-09-29T13:05:20.036+0200: 14.355: [ParNew: 557675K->17399K(613440K), 0.0097865 secs] 558065K->17789K(2029056K), 0.0098444 secs] [Times: user=0.00 sys=0.00, real=0.01 secs] 
2020-09-29T13:05:20.125+0200: 14.444: [GC (Allocation Failure) 2020-09-29T13:05:20.125+0200: 14.444: [ParNew: 562743K->12126K(613440K), 0.0083886 secs] 563133K->12516K(2029056K), 0.0084462 secs] [Times: user=0.13 sys=0.00, real=0.01 secs] 
2020-09-29T13:05:20.212+0200: 14.532: [GC (Allocation Failure) 2020-09-29T13:05:20.212+0200: 14.532: [ParNew: 557470K->8156K(613440K), 0.0073468 secs] 557860K->8547K(2029056K), 0.0074015 secs] [Times: user=0.00 sys=0.00, real=0.01 secs] 
2020-09-29T13:05:20.298+0200: 14.617: [GC (Allocation Failure) 2020-09-29T13:05:20.298+0200: 14.617: [ParNew: 553500K->7129K(613440K), 0.0063928 secs] 553891K->7520K(2029056K), 0.0064479 secs] [Times: user=0.13 sys=0.00, real=0.01 secs] 
2020-09-29T13:05:20.383+0200: 14.703: [GC (Allocation Failure) 2020-09-29T13:05:20.383+0200: 14.703: [ParNew: 552473K->4294K(613440K), 0.0050780 secs] 552864K->4684K(2029056K), 0.0051339 secs] [Times: user=0.00 sys=0.00, real=0.01 secs] 
2020-09-29T13:05:20.465+0200: 14.785: [GC (Allocation Failure) 2020-09-29T13:05:20.465+0200: 14.785: [ParNew: 549638K->90K(613440K), 0.0015879 secs] 550028K->480K(2029056K), 0.0016389 secs] [Times: user=0.00 sys=0.00, real=0.00 secs] 
2020-09-29T13:05:20.542+0200: 14.862: [GC (Allocation Failure) 2020-09-29T13:05:20.542+0200: 14.862: [ParNew: 545434K->11779K(613440K), 0.0099890 secs] 545824K->12169K(2029056K), 0.0100446 secs] [Times: user=0.13 sys=0.00, real=0.01 secs] 
2020-09-29T13:05:20.631+0200: 14.951: [GC (Allocation Failure) 2020-09-29T13:05:20.631+0200: 14.951: [ParNew: 557123K->16637K(613440K), 0.0090669 secs] 557513K->17027K(2029056K), 0.0091235 secs] [Times: user=0.00 sys=0.00, real=0.01 secs] 
2020-09-29T13:05:20.720+0200: 15.039: [GC (Allocation Failure) 2020-09-29T13:05:20.720+0200: 15.039: [ParNew: 561981K->11610K(613440K), 0.0082709 secs] 562371K->12000K(2029056K), 0.0083313 secs] [Times: user=0.13 sys=0.00, real=0.01 secs] 
2020-09-29T13:05:20.806+0200: 15.126: [GC (Allocation Failure) 2020-09-29T13:05:20.806+0200: 15.126: [ParNew: 556954K->7916K(613440K), 0.0070335 secs] 557344K->8306K(2029056K), 0.0071112 secs] [Times: user=0.00 sys=0.00, real=0.01 secs] 
2020-09-29T13:05:20.890+0200: 15.210: [GC (Allocation Failure) 2020-09-29T13:05:20.890+0200: 15.210: [ParNew: 553260K->7037K(613440K), 0.0063143 secs] 553650K->7427K(2029056K), 0.0063683 secs] [Times: user=0.13 sys=0.00, real=0.01 secs] 
2020-09-29T13:05:20.972+0200: 15.291: [GC (Allocation Failure) 2020-09-29T13:05:20.972+0200: 15.291: [ParNew: 552381K->5533K(613440K), 0.0052683 secs] 552771K->5923K(2029056K), 0.0053409 secs] [Times: user=0.13 sys=0.00, real=0.01 secs] 
2020-09-29T13:05:21.054+0200: 15.374: [GC (Allocation Failure) 2020-09-29T13:05:21.054+0200: 15.374: [ParNew: 550877K->184K(613440K), 0.0014298 secs] 551267K->574K(2029056K), 0.0014814 secs] [Times: user=0.00 sys=0.00, real=0.00 secs] 
2020-09-29T13:05:21.139+0200: 15.459: [GC (Allocation Failure) 2020-09-29T13:05:21.139+0200: 15.459: [ParNew: 545528K->12225K(613440K), 0.0102635 secs] 545918K->12615K(2029056K), 0.0103508 secs] [Times: user=0.13 sys=0.00, real=0.01 secs] 
2020-09-29T13:05:21.228+0200: 15.548: [GC (Allocation Failure) 2020-09-29T13:05:21.228+0200: 15.548: [ParNew: 557569K->17354K(613440K), 0.0090540 secs] 557959K->17744K(2029056K), 0.0091115 secs] [Times: user=0.00 sys=0.00, real=0.01 secs] 
2020-09-29T13:05:21.318+0200: 15.637: [GC (Allocation Failure) 2020-09-29T13:05:21.318+0200: 15.637: [ParNew: 562698K->11903K(613440K), 0.0080274 secs] 563088K->12294K(2029056K), 0.0152313 secs] [Times: user=0.00 sys=0.00, real=0.02 secs] 
2020-09-29T13:05:21.415+0200: 15.734: [GC (Allocation Failure) 2020-09-29T13:05:21.415+0200: 15.734: [ParNew: 557247K->7768K(613440K), 0.0074694 secs] 557638K->8158K(2029056K), 0.0075277 secs] [Times: user=0.00 sys=0.00, real=0.01 secs] 
2020-09-29T13:05:21.503+0200: 15.823: [GC (Allocation Failure) 2020-09-29T13:05:21.503+0200: 15.823: [ParNew: 553112K->6638K(613440K), 0.0060734 secs] 553502K->7028K(2029056K), 0.0061271 secs] [Times: user=0.13 sys=0.00, real=0.01 secs] 
2020-09-29T13:05:21.589+0200: 15.909: [GC (Allocation Failure) 2020-09-29T13:05:21.589+0200: 15.909: [ParNew: 551982K->3814K(613440K), 0.0050810 secs] 552372K->4204K(2029056K), 0.0051388 secs] [Times: user=0.00 sys=0.00, real=0.01 secs] 
2020-09-29T13:05:21.676+0200: 15.996: [GC (Allocation Failure) 2020-09-29T13:05:21.676+0200: 15.996: [ParNew: 549158K->71K(613440K), 0.0017407 secs] 549548K->461K(2029056K), 0.0017915 secs] [Times: user=0.00 sys=0.00, real=0.00 secs] 
2020-09-29T13:05:21.756+0200: 16.076: [GC (Allocation Failure) 2020-09-29T13:05:21.756+0200: 16.076: [ParNew: 545415K->12106K(613440K), 0.0105933 secs] 545805K->12496K(2029056K), 0.0106679 secs] [Times: user=0.00 sys=0.00, real=0.01 secs] 
2020-09-29T13:05:21.844+0200: 16.164: [GC (Allocation Failure) 2020-09-29T13:05:21.844+0200: 16.164: [ParNew: 557450K->17117K(613440K), 0.0093814 secs] 557840K->17507K(2029056K), 0.0094574 secs] [Times: user=0.13 sys=0.00, real=0.01 secs] 
2020-09-29T13:05:21.933+0200: 16.253: [GC (Allocation Failure) 2020-09-29T13:05:21.933+0200: 16.253: [ParNew: 562461K->12047K(613440K), 0.0085200 secs] 562851K->12437K(2029056K), 0.0085959 secs] [Times: user=0.13 sys=0.00, real=0.01 secs] 
2020-09-29T13:05:22.019+0200: 16.339: [GC (Allocation Failure) 2020-09-29T13:05:22.019+0200: 16.339: [ParNew: 557391K->8017K(613440K), 0.0068274 secs] 557781K->8407K(2029056K), 0.0068840 secs] [Times: user=0.13 sys=0.00, real=0.01 secs] 
2020-09-29T13:05:22.105+0200: 16.424: [GC (Allocation Failure) 2020-09-29T13:05:22.105+0200: 16.424: [ParNew: 553361K->6734K(613440K), 0.0063235 secs] 553751K->7124K(2029056K), 0.0063774 secs] [Times: user=0.00 sys=0.00, real=0.01 secs] 
2020-09-29T13:05:22.189+0200: 16.508: [GC (Allocation Failure) 2020-09-29T13:05:22.189+0200: 16.508: [ParNew: 550178K->273K(613440K), 0.0016377 secs] 550569K->664K(2029056K), 0.0016911 secs] [Times: user=0.00 sys=0.00, real=0.00 secs] 
2020-09-29T13:05:22.268+0200: 16.587: [GC (Allocation Failure) 2020-09-29T13:05:22.268+0200: 16.587: [ParNew: 545617K->12294K(613440K), 0.0100136 secs] 546008K->12684K(2029056K), 0.0101043 secs] [Times: user=0.13 sys=0.00, real=0.01 secs] 
2020-09-29T13:05:22.356+0200: 16.676: [GC (Allocation Failure) 2020-09-29T13:05:22.356+0200: 16.676: [ParNew: 557638K->17193K(613440K), 0.0091566 secs] 558028K->17583K(2029056K), 0.0092121 secs] [Times: user=0.13 sys=0.00, real=0.01 secs] 
2020-09-29T13:05:22.444+0200: 16.763: [GC (Allocation Failure) 2020-09-29T13:05:22.444+0200: 16.763: [ParNew: 562537K->12063K(613440K), 0.0085382 secs] 562927K->12454K(2029056K), 0.0085942 secs] [Times: user=0.00 sys=0.00, real=0.01 secs] 
2020-09-29T13:05:22.532+0200: 16.851: [GC (Allocation Failure) 2020-09-29T13:05:22.532+0200: 16.851: [ParNew: 557407K->8264K(613440K), 0.0073817 secs] 557798K->8654K(2029056K), 0.0074365 secs] [Times: user=0.13 sys=0.00, real=0.01 secs] 
2020-09-29T13:05:22.622+0200: 16.941: [GC (Allocation Failure) 2020-09-29T13:05:22.622+0200: 16.941: [ParNew: 553608K->7375K(613440K), 0.0070694 secs] 553998K->7765K(2029056K), 0.0071452 secs] [Times: user=0.02 sys=0.00, real=0.01 secs] 
2020-09-29T13:05:22.714+0200: 17.033: [GC (Allocation Failure) 2020-09-29T13:05:22.714+0200: 17.034: [ParNew: 552719K->5828K(613440K), 0.0054389 secs] 553109K->6219K(2029056K), 0.0054973 secs] [Times: user=0.00 sys=0.00, real=0.01 secs] 
2020-09-29T13:05:22.803+0200: 17.122: [GC (Allocation Failure) 2020-09-29T13:05:22.803+0200: 17.122: [ParNew: 551172K->168K(613440K), 0.0013451 secs] 551563K->558K(2029056K), 0.0013995 secs] [Times: user=0.00 sys=0.00, real=0.00 secs] 
2020-09-29T13:05:22.882+0200: 17.201: [GC (Allocation Failure) 2020-09-29T13:05:22.882+0200: 17.201: [ParNew: 545512K->12373K(613440K), 0.0105167 secs] 545902K->12763K(2029056K), 0.0105723 secs] [Times: user=0.00 sys=0.00, real=0.01 secs] 
2020-09-29T13:05:22.972+0200: 17.291: [GC (Allocation Failure) 2020-09-29T13:05:22.972+0200: 17.291: [ParNew: 557717K->17399K(613440K), 0.0090310 secs] 558107K->17789K(2029056K), 0.0090930 secs] [Times: user=0.13 sys=0.00, real=0.01 secs] 
2020-09-29T13:05:23.059+0200: 17.378: [GC (Allocation Failure) 2020-09-29T13:05:23.059+0200: 17.378: [ParNew: 562743K->10855K(613440K), 0.0088335 secs] 563133K->11245K(2029056K), 0.0088861 secs] [Times: user=0.11 sys=0.00, real=0.01 secs] 
2020-09-29T13:05:23.148+0200: 17.467: [GC (Allocation Failure) 2020-09-29T13:05:23.148+0200: 17.467: [ParNew: 556199K->8156K(613440K), 0.0071477 secs] 556589K->8547K(2029056K), 0.0072019 secs] [Times: user=0.00 sys=0.00, real=0.01 secs] 
2020-09-29T13:05:23.234+0200: 17.553: [GC (Allocation Failure) 2020-09-29T13:05:23.234+0200: 17.553: [ParNew: 553500K->7129K(613440K), 0.0060349 secs] 553891K->7520K(2029056K), 0.0060916 secs] [Times: user=0.13 sys=0.00, real=0.01 secs] 
2020-09-29T13:05:23.318+0200: 17.637: [GC (Allocation Failure) 2020-09-29T13:05:23.318+0200: 17.637: [ParNew: 552473K->4294K(613440K), 0.0051108 secs] 552864K->4684K(2029056K), 0.0051632 secs] [Times: user=0.00 sys=0.00, real=0.00 secs] 
2020-09-29T13:05:23.400+0200: 17.719: [GC (Allocation Failure) 2020-09-29T13:05:23.400+0200: 17.719: [ParNew: 549638K->90K(613440K), 0.0017167 secs] 550028K->480K(2029056K), 0.0017684 secs] [Times: user=0.00 sys=0.00, real=0.00 secs] 
2020-09-29T13:05:23.478+0200: 17.798: [GC (Allocation Failure) 2020-09-29T13:05:23.478+0200: 17.798: [ParNew: 545434K->11824K(613440K), 0.0101736 secs] 545824K->12214K(2029056K), 0.0102287 secs] [Times: user=0.02 sys=0.00, real=0.01 secs] 
2020-09-29T13:05:23.578+0200: 17.897: [GC (Allocation Failure) 2020-09-29T13:05:23.578+0200: 17.897: [ParNew: 557168K->15719K(613440K), 0.0109069 secs] 557558K->16109K(2029056K), 0.0109851 secs] [Times: user=0.11 sys=0.00, real=0.01 secs] 
2020-09-29T13:05:23.669+0200: 17.988: [GC (Allocation Failure) 2020-09-29T13:05:23.669+0200: 17.988: [ParNew: 561063K->11610K(613440K), 0.0084099 secs] 561453K->12000K(2029056K), 0.0084695 secs] [Times: user=0.13 sys=0.00, real=0.01 secs] 
2020-09-29T13:05:23.759+0200: 18.078: [GC (Allocation Failure) 2020-09-29T13:05:23.759+0200: 18.078: [ParNew: 556954K->7916K(613440K), 0.0079460 secs] 557344K->8306K(2029056K), 0.0080024 secs] [Times: user=0.00 sys=0.00, real=0.01 secs] 
2020-09-29T13:05:23.845+0200: 18.164: [GC (Allocation Failure) 2020-09-29T13:05:23.845+0200: 18.164: [ParNew: 553260K->7037K(613440K), 0.0063100 secs] 553650K->7427K(2029056K), 0.0063667 secs] [Times: user=0.13 sys=0.00, real=0.01 secs] 
2020-09-29T13:05:23.928+0200: 18.247: [GC (Allocation Failure) 2020-09-29T13:05:23.928+0200: 18.247: [ParNew: 552381K->5533K(613440K), 0.0055954 secs] 552771K->5923K(2029056K), 0.0056540 secs] [Times: user=0.00 sys=0.00, real=0.01 secs] 
2020-09-29T13:05:24.009+0200: 18.329: [GC (Allocation Failure) 2020-09-29T13:05:24.009+0200: 18.329: [ParNew: 550877K->184K(613440K), 0.0018171 secs] 551267K->574K(2029056K), 0.0018686 secs] [Times: user=0.00 sys=0.00, real=0.00 secs] 
2020-09-29T13:05:24.088+0200: 18.408: [GC (Allocation Failure) 2020-09-29T13:05:24.088+0200: 18.408: [ParNew: 545528K->12317K(613440K), 0.0107648 secs] 545918K->12707K(2029056K), 0.0108154 secs] [Times: user=0.13 sys=0.00, real=0.01 secs] 
2020-09-29T13:05:24.175+0200: 18.494: [GC (Allocation Failure) 2020-09-29T13:05:24.175+0200: 18.494: [ParNew: 557661K->16392K(613440K), 0.0094867 secs] 558051K->16782K(2029056K), 0.0095399 secs] [Times: user=0.13 sys=0.00, real=0.01 secs] 
2020-09-29T13:05:24.263+0200: 18.582: [GC (Allocation Failure) 2020-09-29T13:05:24.263+0200: 18.582: [ParNew: 561736K->11903K(613440K), 0.0083104 secs] 562126K->12294K(2029056K), 0.0083677 secs] [Times: user=0.13 sys=0.00, real=0.01 secs] 
2020-09-29T13:05:24.350+0200: 18.669: [GC (Allocation Failure) 2020-09-29T13:05:24.350+0200: 18.669: [ParNew: 557247K->7768K(613440K), 0.0071598 secs] 557638K->8158K(2029056K), 0.0072149 secs] [Times: user=0.00 sys=0.00, real=0.01 secs] 
2020-09-29T13:05:24.435+0200: 18.754: [GC (Allocation Failure) 2020-09-29T13:05:24.435+0200: 18.754: [ParNew: 553112K->6638K(613440K), 0.0060760 secs] 553502K->7028K(2029056K), 0.0061320 secs] [Times: user=0.00 sys=0.00, real=0.01 secs] 
2020-09-29T13:05:24.517+0200: 18.836: [GC (Allocation Failure) 2020-09-29T13:05:24.517+0200: 18.836: [ParNew: 551982K->4080K(613440K), 0.0045798 secs] 552372K->4470K(2029056K), 0.0046327 secs] [Times: user=0.13 sys=0.00, real=0.01 secs] 
2020-09-29T13:05:24.600+0200: 18.919: [GC (Allocation Failure) 2020-09-29T13:05:24.600+0200: 18.919: [ParNew: 549424K->71K(613440K), 0.0015867 secs] 549814K->461K(2029056K), 0.0016406 secs] [Times: user=0.00 sys=0.00, real=0.00 secs] 
2020-09-29T13:05:24.687+0200: 19.006: [GC (Allocation Failure) 2020-09-29T13:05:24.687+0200: 19.006: [ParNew: 545415K->12088K(613440K), 0.0105593 secs] 545805K->12478K(2029056K), 0.0106331 secs] [Times: user=0.13 sys=0.00, real=0.01 secs] 
2020-09-29T13:05:24.776+0200: 19.095: [GC (Allocation Failure) 2020-09-29T13:05:24.776+0200: 19.095: [ParNew: 557432K->17117K(613440K), 0.0095053 secs] 557822K->17507K(2029056K), 0.0095759 secs] [Times: user=0.00 sys=0.00, real=0.01 secs] 
2020-09-29T13:05:24.864+0200: 19.183: [GC (Allocation Failure) 2020-09-29T13:05:24.864+0200: 19.183: [ParNew: 562461K->12047K(613440K), 0.0080178 secs] 562851K->12437K(2029056K), 0.0080883 secs] [Times: user=0.00 sys=0.00, real=0.01 secs] 
2020-09-29T13:05:24.949+0200: 19.268: [GC (Allocation Failure) 2020-09-29T13:05:24.949+0200: 19.268: [ParNew: 557391K->8017K(613440K), 0.0068640 secs] 557781K->8407K(2029056K), 0.0069186 secs] [Times: user=0.00 sys=0.00, real=0.01 secs] 
2020-09-29T13:05:25.033+0200: 19.352: [GC (Allocation Failure) 2020-09-29T13:05:25.033+0200: 19.352: [ParNew: 553361K->6734K(613440K), 0.0057904 secs] 553751K->7124K(2029056K), 0.0058600 secs] [Times: user=0.13 sys=0.00, real=0.01 secs] 
2020-09-29T13:05:25.116+0200: 19.436: [GC (Allocation Failure) 2020-09-29T13:05:25.116+0200: 19.436: [ParNew: 550178K->273K(613440K), 0.0019110 secs] 550569K->664K(2029056K), 0.0019667 secs] [Times: user=0.00 sys=0.00, real=0.00 secs] 
2020-09-29T13:05:25.199+0200: 19.518: [GC (Allocation Failure) 2020-09-29T13:05:25.199+0200: 19.518: [ParNew: 545617K->12157K(613440K), 0.0104413 secs] 546008K->12547K(2029056K), 0.0105094 secs] [Times: user=0.13 sys=0.00, real=0.01 secs] 
2020-09-29T13:05:25.290+0200: 19.609: [GC (Allocation Failure) 2020-09-29T13:05:25.290+0200: 19.609: [ParNew: 557501K->17193K(613440K), 0.0096448 secs] 557891K->17583K(2029056K), 0.0097246 secs] [Times: user=0.00 sys=0.00, real=0.01 secs] 
2020-09-29T13:05:25.377+0200: 19.697: [GC (Allocation Failure) 2020-09-29T13:05:25.377+0200: 19.697: [ParNew: 562537K->12063K(613440K), 0.0084250 secs] 562927K->12454K(2029056K), 0.0084798 secs] [Times: user=0.13 sys=0.00, real=0.01 secs] 
2020-09-29T13:05:25.462+0200: 19.782: [GC (Allocation Failure) 2020-09-29T13:05:25.462+0200: 19.782: [ParNew: 557407K->8264K(613440K), 0.0073674 secs] 557798K->8654K(2029056K), 0.0074432 secs] [Times: user=0.00 sys=0.00, real=0.01 secs] 
2020-09-29T13:05:25.547+0200: 19.866: [GC (Allocation Failure) 2020-09-29T13:05:25.547+0200: 19.866: [ParNew: 553608K->7375K(613440K), 0.0064580 secs] 553998K->7765K(2029056K), 0.0065337 secs] [Times: user=0.13 sys=0.00, real=0.01 secs] 
2020-09-29T13:05:25.637+0200: 19.956: [GC (Allocation Failure) 2020-09-29T13:05:25.637+0200: 19.956: [ParNew: 552719K->5828K(613440K), 0.0056035 secs] 553109K->6219K(2029056K), 0.0056579 secs] [Times: user=0.00 sys=0.00, real=0.00 secs] 
2020-09-29T13:05:25.722+0200: 20.041: [GC (Allocation Failure) 2020-09-29T13:05:25.722+0200: 20.041: [ParNew: 551172K->168K(613440K), 0.0017384 secs] 551563K->558K(2029056K), 0.0017909 secs] [Times: user=0.13 sys=0.00, real=0.00 secs] 
2020-09-29T13:05:25.803+0200: 20.122: [GC (Allocation Failure) 2020-09-29T13:05:25.803+0200: 20.122: [ParNew: 545512K->12289K(613440K), 0.0100317 secs] 545902K->12679K(2029056K), 0.0101015 secs] [Times: user=0.00 sys=0.00, real=0.01 secs] 
2020-09-29T13:05:25.889+0200: 20.208: [GC (Allocation Failure) 2020-09-29T13:05:25.889+0200: 20.208: [ParNew: 557633K->17399K(613440K), 0.0092539 secs] 558023K->17789K(2029056K), 0.0093084 secs] [Times: user=0.13 sys=0.00, real=0.01 secs] 
2020-09-29T13:05:25.976+0200: 20.295: [GC (Allocation Failure) 2020-09-29T13:05:25.976+0200: 20.295: [ParNew: 562743K->12126K(613440K), 0.0080226 secs] 563133K->12516K(2029056K), 0.0080806 secs] [Times: user=0.00 sys=0.00, real=0.01 secs] 
2020-09-29T13:05:26.059+0200: 20.378: [GC (Allocation Failure) 2020-09-29T13:05:26.059+0200: 20.378: [ParNew: 557470K->8156K(613440K), 0.0072153 secs] 557860K->8547K(2029056K), 0.0072689 secs] [Times: user=0.02 sys=0.00, real=0.01 secs] 
2020-09-29T13:05:26.149+0200: 20.468: [GC (Allocation Failure) 2020-09-29T13:05:26.149+0200: 20.468: [ParNew: 553500K->7129K(613440K), 0.0064130 secs] 553891K->7520K(2029056K), 0.0064708 secs] [Times: user=0.00 sys=0.00, real=0.01 secs] 
2020-09-29T13:05:26.235+0200: 20.554: [GC (Allocation Failure) 2020-09-29T13:05:26.235+0200: 20.554: [ParNew: 552473K->4294K(613440K), 0.0051195 secs] 552864K->4684K(2029056K), 0.0051731 secs] [Times: user=0.11 sys=0.00, real=0.01 secs] 
2020-09-29T13:05:26.327+0200: 20.646: [GC (Allocation Failure) 2020-09-29T13:05:26.327+0200: 20.646: [ParNew: 549638K->90K(613440K), 0.0024590 secs] 550028K->480K(2029056K), 0.0025134 secs] [Times: user=0.00 sys=0.00, real=0.00 secs] 
2020-09-29T13:05:26.417+0200: 20.736: [GC (Allocation Failure) 2020-09-29T13:05:26.417+0200: 20.736: [ParNew: 545434K->11756K(613440K), 0.0101952 secs] 545824K->12146K(2029056K), 0.0102491 secs] [Times: user=0.00 sys=0.00, real=0.01 secs] 
2020-09-29T13:05:26.504+0200: 20.824: [GC (Allocation Failure) 2020-09-29T13:05:26.504+0200: 20.824: [ParNew: 557100K->16637K(613440K), 0.0089030 secs] 557490K->17027K(2029056K), 0.0090152 secs] [Times: user=0.05 sys=0.00, real=0.01 secs] 
2020-09-29T13:05:26.592+0200: 20.911: [GC (Allocation Failure) 2020-09-29T13:05:26.592+0200: 20.911: [ParNew: 561981K->11006K(613440K), 0.0082957 secs] 562371K->11397K(2029056K), 0.0083740 secs] [Times: user=0.13 sys=0.00, real=0.01 secs] 
2020-09-29T13:05:26.681+0200: 21.000: [GC (Allocation Failure) 2020-09-29T13:05:26.681+0200: 21.000: [ParNew: 556350K->7916K(613440K), 0.0073606 secs] 556741K->8306K(2029056K), 0.0074138 secs] [Times: user=0.00 sys=0.00, real=0.01 secs] 
2020-09-29T13:05:26.768+0200: 21.087: [GC (Allocation Failure) 2020-09-29T13:05:26.769+0200: 21.088: [ParNew: 553260K->6402K(613440K), 0.0068515 secs] 553650K->6792K(2029056K), 0.0079027 secs] [Times: user=0.13 sys=0.00, real=0.01 secs] 
2020-09-29T13:05:26.853+0200: 21.172: [GC (Allocation Failure) 2020-09-29T13:05:26.853+0200: 21.173: [ParNew: 551746K->5533K(613440K), 0.0054931 secs] 552136K->5923K(2029056K), 0.0055465 secs] [Times: user=0.00 sys=0.00, real=0.01 secs] 
2020-09-29T13:05:26.935+0200: 21.254: [GC (Allocation Failure) 2020-09-29T13:05:26.935+0200: 21.254: [ParNew: 550877K->184K(613440K), 0.0016501 secs] 551267K->574K(2029056K), 0.0016988 secs] [Times: user=0.00 sys=0.00, real=0.00 secs] 
2020-09-29T13:05:27.013+0200: 21.332: [GC (Allocation Failure) 2020-09-29T13:05:27.013+0200: 21.332: [ParNew: 545528K->12225K(613440K), 0.0101073 secs] 545918K->12615K(2029056K), 0.0101969 secs] [Times: user=0.13 sys=0.00, real=0.01 secs] 
2020-09-29T13:05:27.100+0200: 21.419: [GC (Allocation Failure) 2020-09-29T13:05:27.100+0200: 21.419: [ParNew: 557569K->17354K(613440K), 0.0091634 secs] 557959K->17744K(2029056K), 0.0092219 secs] [Times: user=0.00 sys=0.00, real=0.01 secs] 
2020-09-29T13:05:27.189+0200: 21.509: [GC (Allocation Failure) 2020-09-29T13:05:27.189+0200: 21.509: [ParNew: 562698K->11903K(613440K), 0.0081604 secs] 563088K->12294K(2029056K), 0.0082153 secs] [Times: user=0.13 sys=0.00, real=0.01 secs] 
2020-09-29T13:05:27.277+0200: 21.596: [GC (Allocation Failure) 2020-09-29T13:05:27.277+0200: 21.596: [ParNew: 557247K->7768K(613440K), 0.0070878 secs] 557638K->8158K(2029056K), 0.0071443 secs] [Times: user=0.00 sys=0.00, real=0.01 secs] 
2020-09-29T13:05:27.362+0200: 21.682: [GC (Allocation Failure) 2020-09-29T13:05:27.362+0200: 21.682: [ParNew: 553112K->6638K(613440K), 0.0058365 secs] 553502K->7028K(2029056K), 0.0058970 secs] [Times: user=0.13 sys=0.00, real=0.01 secs] 
2020-09-29T13:05:27.443+0200: 21.763: [GC (Allocation Failure) 2020-09-29T13:05:27.443+0200: 21.763: [ParNew: 551982K->4080K(613440K), 0.0047293 secs] 552372K->4470K(2029056K), 0.0047810 secs] [Times: user=0.00 sys=0.00, real=0.00 secs] 
2020-09-29T13:05:27.528+0200: 21.847: [GC (Allocation Failure) 2020-09-29T13:05:27.528+0200: 21.847: [ParNew: 549424K->71K(613440K), 0.0014812 secs] 549814K->461K(2029056K), 0.0015329 secs] [Times: user=0.00 sys=0.00, real=0.00 secs] 
2020-09-29T13:05:27.608+0200: 21.928: [GC (Allocation Failure) 2020-09-29T13:05:27.608+0200: 21.928: [ParNew: 545415K->12088K(613440K), 0.0103515 secs] 545805K->12478K(2029056K), 0.0104289 secs] [Times: user=0.13 sys=0.00, real=0.01 secs] 
Heap
 par new generation   total 613440K, used 545997K [0x0000000080000000, 0x00000000a9990000, 0x00000000a9990000)
  eden space 545344K,  97% used [0x0000000080000000, 0x00000000a0965330, 0x00000000a1490000)
  from space 68096K,  17% used [0x00000000a1490000, 0x00000000a205e1d0, 0x00000000a5710000)
  to   space 68096K,   0% used [0x00000000a5710000, 0x00000000a5710000, 0x00000000a9990000)
 concurrent mark-sweep generation total 1415616K, used 390K [0x00000000a9990000, 0x0000000100000000, 0x0000000100000000)
 Metaspace       used 2594K, capacity 4486K, committed 4864K, reserved 1056768K
  class space    used 285K, capacity 386K, committed 512K, reserved 1048576K
