Java HotSpot(TM) 64-Bit Server VM (25.261-b12) for windows-amd64 JRE (1.8.0_261-b12), built on Jun 18 2020 06:56:32 by "" with unknown MS VC++:1916
Memory: 4k page, physical 16659684k(8885016k free), swap 23213284k(7953848k free)
CommandLine flags: -XX:InitialHeapSize=2147483648 -XX:MaxHeapSize=2147483648 -XX:MaxNewSize=697933824 -XX:MaxTenuringThreshold=6 -XX:NewSize=697933824 -XX:OldPLABSize=16 -XX:OldSize=1395867648 -XX:+PrintGC -XX:+PrintGCDateStamps -XX:+PrintGCDetails -XX:+PrintGCTimeStamps -XX:+UseCompressedClassPointers -XX:+UseCompressedOops -XX:+UseConcMarkSweepGC -XX:-UseLargePagesIndividualAllocation -XX:+UseParNewGC 
2020-09-29T13:09:36.392+0200: 0.430: [GC (Allocation Failure) 2020-09-29T13:09:36.392+0200: 0.430: [ParNew: 545344K->4411K(613440K), 0.0094596 secs] 545344K->4411K(2029056K), 0.0095961 secs] [Times: user=0.00 sys=0.00, real=0.01 secs] 
2020-09-29T13:09:36.488+0200: 0.526: [GC (Allocation Failure) 2020-09-29T13:09:36.488+0200: 0.526: [ParNew: 549755K->4298K(613440K), 0.0058247 secs] 549755K->4298K(2029056K), 0.0058797 secs] [Times: user=0.13 sys=0.00, real=0.01 secs] 
2020-09-29T13:09:36.576+0200: 0.614: [GC (Allocation Failure) 2020-09-29T13:09:36.576+0200: 0.614: [ParNew: 549642K->971K(613440K), 0.0020678 secs] 549642K->971K(2029056K), 0.0021228 secs] [Times: user=0.00 sys=0.00, real=0.00 secs] 
2020-09-29T13:09:36.662+0200: 0.700: [GC (Allocation Failure) 2020-09-29T13:09:36.662+0200: 0.700: [ParNew: 546315K->12672K(613440K), 0.0119690 secs] 546315K->12672K(2029056K), 0.0120249 secs] [Times: user=0.00 sys=0.00, real=0.01 secs] 
2020-09-29T13:09:36.765+0200: 0.803: [GC (Allocation Failure) 2020-09-29T13:09:36.765+0200: 0.803: [ParNew: 558016K->16846K(613440K), 0.0122305 secs] 558016K->16846K(2029056K), 0.0123006 secs] [Times: user=0.11 sys=0.00, real=0.01 secs] 
2020-09-29T13:09:36.865+0200: 0.903: [GC (Allocation Failure) 2020-09-29T13:09:36.865+0200: 0.903: [ParNew: 562190K->10674K(613440K), 0.0091012 secs] 562190K->10674K(2029056K), 0.0091706 secs] [Times: user=0.00 sys=0.00, real=0.01 secs] 
2020-09-29T13:09:36.953+0200: 0.991: [GC (Allocation Failure) 2020-09-29T13:09:36.953+0200: 0.991: [ParNew: 556018K->9594K(613440K), 0.0090798 secs] 556018K->9984K(2029056K), 0.0091344 secs] [Times: user=0.13 sys=0.00, real=0.01 secs] 
2020-09-29T13:09:37.040+0200: 1.078: [GC (Allocation Failure) 2020-09-29T13:09:37.040+0200: 1.078: [ParNew: 554938K->7664K(613440K), 0.0061146 secs] 555328K->8055K(2029056K), 0.0061754 secs] [Times: user=0.00 sys=0.00, real=0.01 secs] 
2020-09-29T13:09:37.125+0200: 1.163: [GC (Allocation Failure) 2020-09-29T13:09:37.125+0200: 1.163: [ParNew: 553008K->4628K(613440K), 0.0051026 secs] 553399K->5018K(2029056K), 0.0051633 secs] [Times: user=0.13 sys=0.00, real=0.01 secs] 
2020-09-29T13:09:37.206+0200: 1.244: [GC (Allocation Failure) 2020-09-29T13:09:37.206+0200: 1.244: [ParNew: 549972K->147K(613440K), 0.0014116 secs] 550362K->537K(2029056K), 0.0014654 secs] [Times: user=0.13 sys=0.00, real=0.00 secs] 
2020-09-29T13:09:37.287+0200: 1.324: [GC (Allocation Failure) 2020-09-29T13:09:37.287+0200: 1.325: [ParNew: 545491K->12262K(613440K), 0.0104575 secs] 545881K->12653K(2029056K), 0.0105123 secs] [Times: user=0.00 sys=0.00, real=0.01 secs] 
2020-09-29T13:09:37.377+0200: 1.415: [GC (Allocation Failure) 2020-09-29T13:09:37.377+0200: 1.415: [ParNew: 557606K->16331K(613440K), 0.0094555 secs] 557997K->16722K(2029056K), 0.0095450 secs] [Times: user=0.11 sys=0.00, real=0.01 secs] 
2020-09-29T13:09:37.470+0200: 1.508: [GC (Allocation Failure) 2020-09-29T13:09:37.470+0200: 1.508: [ParNew: 561675K->12231K(613440K), 0.0084253 secs] 562066K->12621K(2029056K), 0.0084806 secs] [Times: user=0.13 sys=0.00, real=0.01 secs] 
2020-09-29T13:09:37.558+0200: 1.596: [GC (Allocation Failure) 2020-09-29T13:09:37.558+0200: 1.596: [ParNew: 557575K->8411K(613440K), 0.0074261 secs] 557965K->8801K(2029056K), 0.0075024 secs] [Times: user=0.00 sys=0.00, real=0.01 secs] 
2020-09-29T13:09:37.651+0200: 1.689: [GC (Allocation Failure) 2020-09-29T13:09:37.651+0200: 1.689: [ParNew: 553755K->7464K(613440K), 0.0067030 secs] 554145K->7854K(2029056K), 0.0067987 secs] [Times: user=0.00 sys=0.00, real=0.01 secs] 
2020-09-29T13:09:37.738+0200: 1.776: [GC (Allocation Failure) 2020-09-29T13:09:37.738+0200: 1.776: [ParNew: 552808K->5985K(613440K), 0.0057141 secs] 553198K->6376K(2029056K), 0.0057677 secs] [Times: user=0.13 sys=0.00, real=0.01 secs] 
2020-09-29T13:09:37.821+0200: 1.859: [GC (Allocation Failure) 2020-09-29T13:09:37.821+0200: 1.859: [ParNew: 550697K->220K(613440K), 0.0017154 secs] 551088K->610K(2029056K), 0.0017653 secs] [Times: user=0.00 sys=0.00, real=0.00 secs] 
2020-09-29T13:09:37.902+0200: 1.940: [GC (Allocation Failure) 2020-09-29T13:09:37.902+0200: 1.940: [ParNew: 545564K->11964K(613440K), 0.0101050 secs] 545954K->12354K(2029056K), 0.0101784 secs] [Times: user=0.13 sys=0.00, real=0.01 secs] 
2020-09-29T13:09:37.988+0200: 2.026: [GC (Allocation Failure) 2020-09-29T13:09:37.988+0200: 2.026: [ParNew: 557308K->16923K(613440K), 0.0094144 secs] 557698K->17313K(2029056K), 0.0094688 secs] [Times: user=0.02 sys=0.00, real=0.01 secs] 
2020-09-29T13:09:38.075+0200: 2.113: [GC (Allocation Failure) 2020-09-29T13:09:38.075+0200: 2.113: [ParNew: 562267K->11920K(613440K), 0.0081938 secs] 562657K->12310K(2029056K), 0.0082810 secs] [Times: user=0.13 sys=0.00, real=0.01 secs] 
2020-09-29T13:09:38.161+0200: 2.198: [GC (Allocation Failure) 2020-09-29T13:09:38.161+0200: 2.198: [ParNew: 557264K->8094K(613440K), 0.0075229 secs] 557654K->8484K(2029056K), 0.0075785 secs] [Times: user=0.00 sys=0.00, real=0.01 secs] 
2020-09-29T13:09:38.246+0200: 2.284: [GC (Allocation Failure) 2020-09-29T13:09:38.246+0200: 2.284: [ParNew: 553438K->7105K(613440K), 0.0063241 secs] 553828K->7495K(2029056K), 0.0063763 secs] [Times: user=0.00 sys=0.00, real=0.01 secs] 
2020-09-29T13:09:38.332+0200: 2.370: [GC (Allocation Failure) 2020-09-29T13:09:38.332+0200: 2.370: [ParNew: 552449K->5596K(613440K), 0.0053621 secs] 552839K->5987K(2029056K), 0.0054172 secs] [Times: user=0.01 sys=0.00, real=0.01 secs] 
2020-09-29T13:09:38.416+0200: 2.453: [GC (Allocation Failure) 2020-09-29T13:09:38.416+0200: 2.453: [ParNew: 550940K->151K(613440K), 0.0013603 secs] 551331K->541K(2029056K), 0.0014120 secs] [Times: user=0.00 sys=0.00, real=0.00 secs] 
2020-09-29T13:09:38.494+0200: 2.532: [GC (Allocation Failure) 2020-09-29T13:09:38.494+0200: 2.532: [ParNew: 545495K->12255K(613440K), 0.0103077 secs] 545885K->12645K(2029056K), 0.0103619 secs] [Times: user=0.13 sys=0.00, real=0.01 secs] 
2020-09-29T13:09:38.585+0200: 2.623: [GC (Allocation Failure) 2020-09-29T13:09:38.585+0200: 2.623: [ParNew: 557599K->15377K(613440K), 0.0098450 secs] 557989K->15767K(2029056K), 0.0099023 secs] [Times: user=0.00 sys=0.00, real=0.01 secs] 
2020-09-29T13:09:38.676+0200: 2.714: [GC (Allocation Failure) 2020-09-29T13:09:38.676+0200: 2.715: [ParNew: 560721K->10310K(613440K), 0.0083639 secs] 561111K->10700K(2029056K), 0.0084192 secs] [Times: user=0.00 sys=0.00, real=0.01 secs] 
2020-09-29T13:09:38.765+0200: 2.803: [GC (Allocation Failure) 2020-09-29T13:09:38.765+0200: 2.803: [ParNew: 555654K->9331K(613440K), 0.0075019 secs] 556044K->9721K(2029056K), 0.0075567 secs] [Times: user=0.13 sys=0.00, real=0.01 secs] 
2020-09-29T13:09:38.850+0200: 2.888: [GC (Allocation Failure) 2020-09-29T13:09:38.850+0200: 2.888: [ParNew: 554675K->7806K(613440K), 0.0063239 secs] 555065K->8196K(2029056K), 0.0063767 secs] [Times: user=0.00 sys=0.00, real=0.01 secs] 
2020-09-29T13:09:38.933+0200: 2.971: [GC (Allocation Failure) 2020-09-29T13:09:38.933+0200: 2.971: [ParNew: 553150K->4606K(613440K), 0.0051233 secs] 553540K->4997K(2029056K), 0.0051763 secs] [Times: user=0.00 sys=0.00, real=0.00 secs] 
2020-09-29T13:09:39.014+0200: 3.052: [GC (Allocation Failure) 2020-09-29T13:09:39.014+0200: 3.052: [ParNew: 549950K->140K(613440K), 0.0016707 secs] 550341K->530K(2029056K), 0.0017220 secs] [Times: user=0.00 sys=0.00, real=0.00 secs] 
2020-09-29T13:09:39.093+0200: 3.131: [GC (Allocation Failure) 2020-09-29T13:09:39.093+0200: 3.131: [ParNew: 545484K->12247K(613440K), 0.0102241 secs] 545874K->12637K(2029056K), 0.0102815 secs] [Times: user=0.13 sys=0.00, real=0.01 secs] 
2020-09-29T13:09:39.198+0200: 3.236: [GC (Allocation Failure) 2020-09-29T13:09:39.198+0200: 3.236: [ParNew: 557591K->17302K(613440K), 0.0100635 secs] 557981K->17692K(2029056K), 0.0101437 secs] [Times: user=0.13 sys=0.00, real=0.01 secs] 
2020-09-29T13:09:39.289+0200: 3.327: [GC (Allocation Failure) 2020-09-29T13:09:39.289+0200: 3.327: [ParNew: 562646K->12230K(613440K), 0.0085610 secs] 563036K->12620K(2029056K), 0.0086180 secs] [Times: user=0.00 sys=0.00, real=0.01 secs] 
2020-09-29T13:09:39.376+0200: 3.414: [GC (Allocation Failure) 2020-09-29T13:09:39.376+0200: 3.414: [ParNew: 557574K->8406K(613440K), 0.0074615 secs] 557964K->8796K(2029056K), 0.0075151 secs] [Times: user=0.13 sys=0.00, real=0.01 secs] 
2020-09-29T13:09:39.462+0200: 3.499: [GC (Allocation Failure) 2020-09-29T13:09:39.462+0200: 3.499: [ParNew: 553750K->7436K(613440K), 0.0062243 secs] 554140K->7826K(2029056K), 0.0062780 secs] [Times: user=0.00 sys=0.00, real=0.01 secs] 
2020-09-29T13:09:39.547+0200: 3.584: [GC (Allocation Failure) 2020-09-29T13:09:39.547+0200: 3.584: [ParNew: 552780K->4531K(613440K), 0.0049213 secs] 553170K->4922K(2029056K), 0.0049763 secs] [Times: user=0.00 sys=0.00, real=0.00 secs] 
2020-09-29T13:09:39.638+0200: 3.676: [GC (Allocation Failure) 2020-09-29T13:09:39.638+0200: 3.676: [ParNew: 549875K->136K(613440K), 0.0022050 secs] 550266K->526K(2029056K), 0.0022591 secs] [Times: user=0.00 sys=0.00, real=0.00 secs] 
2020-09-29T13:09:39.723+0200: 3.761: [GC (Allocation Failure) 2020-09-29T13:09:39.723+0200: 3.761: [ParNew: 545480K->12230K(613440K), 0.0104674 secs] 545870K->12620K(2029056K), 0.0105213 secs] [Times: user=0.00 sys=0.00, real=0.01 secs] 
2020-09-29T13:09:39.813+0200: 3.851: [GC (Allocation Failure) 2020-09-29T13:09:39.813+0200: 3.851: [ParNew: 557574K->17303K(613440K), 0.0089649 secs] 557964K->17693K(2029056K), 0.0090225 secs] [Times: user=0.13 sys=0.00, real=0.01 secs] 
2020-09-29T13:09:39.900+0200: 3.938: [GC (Allocation Failure) 2020-09-29T13:09:39.900+0200: 3.938: [ParNew: 562647K->11890K(613440K), 0.0079305 secs] 563037K->12280K(2029056K), 0.0079832 secs] [Times: user=0.00 sys=0.00, real=0.01 secs] 
2020-09-29T13:09:39.987+0200: 4.025: [GC (Allocation Failure) 2020-09-29T13:09:39.987+0200: 4.025: [ParNew: 557234K->7765K(613440K), 0.0069606 secs] 557624K->8155K(2029056K), 0.0070161 secs] [Times: user=0.13 sys=0.00, real=0.01 secs] 
2020-09-29T13:09:40.071+0200: 4.108: [GC (Allocation Failure) 2020-09-29T13:09:40.071+0200: 4.108: [ParNew: 553109K->6636K(613440K), 0.0060176 secs] 553499K->7027K(2029056K), 0.0060733 secs] [Times: user=0.00 sys=0.00, real=0.01 secs] 
2020-09-29T13:09:40.156+0200: 4.194: [GC (Allocation Failure) 2020-09-29T13:09:40.156+0200: 4.194: [ParNew: 551980K->4080K(613440K), 0.0046436 secs] 552371K->4470K(2029056K), 0.0046959 secs] [Times: user=0.13 sys=0.00, real=0.01 secs] 
2020-09-29T13:09:40.241+0200: 4.279: [GC (Allocation Failure) 2020-09-29T13:09:40.241+0200: 4.279: [ParNew: 549424K->71K(613440K), 0.0015852 secs] 549814K->461K(2029056K), 0.0016360 secs] [Times: user=0.00 sys=0.00, real=0.00 secs] 
2020-09-29T13:09:40.319+0200: 4.357: [GC (Allocation Failure) 2020-09-29T13:09:40.319+0200: 4.357: [ParNew: 545415K->12101K(613440K), 0.0099831 secs] 545805K->12492K(2029056K), 0.0100341 secs] [Times: user=0.00 sys=0.00, real=0.01 secs] 
2020-09-29T13:09:40.410+0200: 4.447: [GC (Allocation Failure) 2020-09-29T13:09:40.410+0200: 4.448: [ParNew: 557445K->16169K(613440K), 0.0093504 secs] 557836K->16559K(2029056K), 0.0094100 secs] [Times: user=0.11 sys=0.00, real=0.01 secs] 
2020-09-29T13:09:40.496+0200: 4.534: [GC (Allocation Failure) 2020-09-29T13:09:40.496+0200: 4.534: [ParNew: 561513K->12047K(613440K), 0.0079538 secs] 561903K->12437K(2029056K), 0.0080098 secs] [Times: user=0.00 sys=0.00, real=0.01 secs] 
2020-09-29T13:09:40.582+0200: 4.620: [GC (Allocation Failure) 2020-09-29T13:09:40.582+0200: 4.620: [ParNew: 557391K->7258K(613440K), 0.0072772 secs] 557781K->7648K(2029056K), 0.0073507 secs] [Times: user=0.11 sys=0.00, real=0.01 secs] 
2020-09-29T13:09:40.672+0200: 4.710: [GC (Allocation Failure) 2020-09-29T13:09:40.672+0200: 4.710: [ParNew: 552602K->6733K(613440K), 0.0058373 secs] 552992K->7123K(2029056K), 0.0058973 secs] [Times: user=0.13 sys=0.00, real=0.01 secs] 
2020-09-29T13:09:40.756+0200: 4.794: [GC (Allocation Failure) 2020-09-29T13:09:40.756+0200: 4.794: [ParNew: 550178K->273K(613440K), 0.0014257 secs] 550569K->664K(2029056K), 0.0014762 secs] [Times: user=0.00 sys=0.00, real=0.00 secs] 
2020-09-29T13:09:40.834+0200: 4.872: [GC (Allocation Failure) 2020-09-29T13:09:40.834+0200: 4.872: [ParNew: 545617K->12294K(613440K), 0.0100067 secs] 546008K->12684K(2029056K), 0.0100623 secs] [Times: user=0.00 sys=0.00, real=0.01 secs] 
2020-09-29T13:09:40.920+0200: 4.958: [GC (Allocation Failure) 2020-09-29T13:09:40.920+0200: 4.958: [ParNew: 557638K->17193K(613440K), 0.0093418 secs] 558028K->17583K(2029056K), 0.0093957 secs] [Times: user=0.13 sys=0.00, real=0.01 secs] 
2020-09-29T13:09:41.006+0200: 5.044: [GC (Allocation Failure) 2020-09-29T13:09:41.006+0200: 5.044: [ParNew: 562537K->12063K(613440K), 0.0081510 secs] 562927K->12454K(2029056K), 0.0082054 secs] [Times: user=0.00 sys=0.00, real=0.01 secs] 
2020-09-29T13:09:41.092+0200: 5.129: [GC (Allocation Failure) 2020-09-29T13:09:41.092+0200: 5.129: [ParNew: 557407K->8264K(613440K), 0.0075190 secs] 557798K->8654K(2029056K), 0.0075742 secs] [Times: user=0.13 sys=0.00, real=0.01 secs] 
2020-09-29T13:09:41.177+0200: 5.216: [GC (Allocation Failure) 2020-09-29T13:09:41.177+0200: 5.216: [ParNew: 553608K->7375K(613440K), 0.0064827 secs] 553998K->7765K(2029056K), 0.0065389 secs] [Times: user=0.00 sys=0.00, real=0.01 secs] 
2020-09-29T13:09:41.262+0200: 5.300: [GC (Allocation Failure) 2020-09-29T13:09:41.262+0200: 5.300: [ParNew: 552719K->5828K(613440K), 0.0051165 secs] 553109K->6219K(2029056K), 0.0051709 secs] [Times: user=0.00 sys=0.00, real=0.01 secs] 
2020-09-29T13:09:41.347+0200: 5.385: [GC (Allocation Failure) 2020-09-29T13:09:41.347+0200: 5.385: [ParNew: 551172K->168K(613440K), 0.0015561 secs] 551563K->558K(2029056K), 0.0016064 secs] [Times: user=0.06 sys=0.06, real=0.00 secs] 
2020-09-29T13:09:41.427+0200: 5.465: [GC (Allocation Failure) 2020-09-29T13:09:41.427+0200: 5.465: [ParNew: 545512K->12373K(613440K), 0.0100597 secs] 545902K->12763K(2029056K), 0.0101396 secs] [Times: user=0.00 sys=0.00, real=0.01 secs] 
2020-09-29T13:09:41.513+0200: 5.551: [GC (Allocation Failure) 2020-09-29T13:09:41.513+0200: 5.551: [ParNew: 557717K->16434K(613440K), 0.0091636 secs] 558107K->16824K(2029056K), 0.0092177 secs] [Times: user=0.13 sys=0.00, real=0.01 secs] 
2020-09-29T13:09:41.602+0200: 5.640: [GC (Allocation Failure) 2020-09-29T13:09:41.602+0200: 5.640: [ParNew: 561778K->11490K(613440K), 0.0091707 secs] 562168K->11881K(2029056K), 0.0092497 secs] [Times: user=0.00 sys=0.00, real=0.01 secs] 
2020-09-29T13:09:41.695+0200: 5.733: [GC (Allocation Failure) 2020-09-29T13:09:41.695+0200: 5.733: [ParNew: 556834K->8156K(613440K), 0.0074377 secs] 557225K->8547K(2029056K), 0.0074946 secs] [Times: user=0.00 sys=0.00, real=0.01 secs] 
2020-09-29T13:09:41.781+0200: 5.819: [GC (Allocation Failure) 2020-09-29T13:09:41.781+0200: 5.819: [ParNew: 553500K->7129K(613440K), 0.0061820 secs] 553891K->7520K(2029056K), 0.0062375 secs] [Times: user=0.13 sys=0.00, real=0.01 secs] 
2020-09-29T13:09:41.875+0200: 5.913: [GC (Allocation Failure) 2020-09-29T13:09:41.875+0200: 5.914: [ParNew: 552473K->4294K(613440K), 0.0056059 secs] 552864K->4684K(2029056K), 0.0056627 secs] [Times: user=0.13 sys=0.00, real=0.01 secs] 
2020-09-29T13:09:41.967+0200: 6.005: [GC (Allocation Failure) 2020-09-29T13:09:41.967+0200: 6.005: [ParNew: 549638K->90K(613440K), 0.0016979 secs] 550028K->480K(2029056K), 0.0017618 secs] [Times: user=0.00 sys=0.00, real=0.00 secs] 
2020-09-29T13:09:42.045+0200: 6.083: [GC (Allocation Failure) 2020-09-29T13:09:42.045+0200: 6.083: [ParNew: 545434K->11779K(613440K), 0.0101648 secs] 545824K->12169K(2029056K), 0.0102400 secs] [Times: user=0.13 sys=0.00, real=0.01 secs] 
2020-09-29T13:09:42.134+0200: 6.172: [GC (Allocation Failure) 2020-09-29T13:09:42.134+0200: 6.172: [ParNew: 557123K->16637K(613440K), 0.0089969 secs] 557513K->17027K(2029056K), 0.0090536 secs] [Times: user=0.00 sys=0.00, real=0.01 secs] 
2020-09-29T13:09:42.219+0200: 6.257: [GC (Allocation Failure) 2020-09-29T13:09:42.219+0200: 6.257: [ParNew: 561981K->11610K(613440K), 0.0079773 secs] 562371K->12000K(2029056K), 0.0080732 secs] [Times: user=0.13 sys=0.00, real=0.01 secs] 
2020-09-29T13:09:42.303+0200: 6.340: [GC (Allocation Failure) 2020-09-29T13:09:42.303+0200: 6.340: [ParNew: 556954K->7916K(613440K), 0.0074336 secs] 557344K->8306K(2029056K), 0.0074887 secs] [Times: user=0.00 sys=0.00, real=0.01 secs] 
2020-09-29T13:09:42.390+0200: 6.428: [GC (Allocation Failure) 2020-09-29T13:09:42.390+0200: 6.428: [ParNew: 553260K->7037K(613440K), 0.0062111 secs] 553650K->7427K(2029056K), 0.0062648 secs] [Times: user=0.13 sys=0.00, real=0.01 secs] 
2020-09-29T13:09:42.475+0200: 6.513: [GC (Allocation Failure) 2020-09-29T13:09:42.475+0200: 6.513: [ParNew: 552381K->5533K(613440K), 0.0055554 secs] 552771K->5923K(2029056K), 0.0056117 secs] [Times: user=0.00 sys=0.00, real=0.01 secs] 
2020-09-29T13:09:42.561+0200: 6.599: [GC (Allocation Failure) 2020-09-29T13:09:42.561+0200: 6.599: [ParNew: 550877K->184K(613440K), 0.0015283 secs] 551267K->574K(2029056K), 0.0015826 secs] [Times: user=0.00 sys=0.00, real=0.00 secs] 
2020-09-29T13:09:42.645+0200: 6.683: [GC (Allocation Failure) 2020-09-29T13:09:42.645+0200: 6.683: [ParNew: 545528K->12317K(613440K), 0.0105333 secs] 545918K->12707K(2029056K), 0.0105880 secs] [Times: user=0.00 sys=0.00, real=0.01 secs] 
2020-09-29T13:09:42.737+0200: 6.775: [GC (Allocation Failure) 2020-09-29T13:09:42.737+0200: 6.775: [ParNew: 557661K->17354K(613440K), 0.0089269 secs] 558051K->17744K(2029056K), 0.0089983 secs] [Times: user=0.13 sys=0.00, real=0.01 secs] 
2020-09-29T13:09:42.824+0200: 6.862: [GC (Allocation Failure) 2020-09-29T13:09:42.824+0200: 6.862: [ParNew: 562698K->11903K(613440K), 0.0077312 secs] 563088K->12294K(2029056K), 0.0078317 secs] [Times: user=0.00 sys=0.00, real=0.01 secs] 
2020-09-29T13:09:42.910+0200: 6.948: [GC (Allocation Failure) 2020-09-29T13:09:42.910+0200: 6.948: [ParNew: 557247K->7768K(613440K), 0.0071457 secs] 557638K->8158K(2029056K), 0.0071992 secs] [Times: user=0.00 sys=0.00, real=0.01 secs] 
2020-09-29T13:09:42.997+0200: 7.035: [GC (Allocation Failure) 2020-09-29T13:09:42.997+0200: 7.035: [ParNew: 553112K->6638K(613440K), 0.0058496 secs] 553502K->7028K(2029056K), 0.0059037 secs] [Times: user=0.00 sys=0.00, real=0.01 secs] 
2020-09-29T13:09:43.079+0200: 7.117: [GC (Allocation Failure) 2020-09-29T13:09:43.079+0200: 7.117: [ParNew: 551982K->4080K(613440K), 0.0049942 secs] 552372K->4470K(2029056K), 0.0050479 secs] [Times: user=0.13 sys=0.00, real=0.01 secs] 
2020-09-29T13:09:43.163+0200: 7.201: [GC (Allocation Failure) 2020-09-29T13:09:43.163+0200: 7.201: [ParNew: 549424K->71K(613440K), 0.0014209 secs] 549814K->461K(2029056K), 0.0014721 secs] [Times: user=0.00 sys=0.00, real=0.00 secs] 
2020-09-29T13:09:43.242+0200: 7.280: [GC (Allocation Failure) 2020-09-29T13:09:43.242+0200: 7.280: [ParNew: 545415K->12088K(613440K), 0.0100918 secs] 545805K->12478K(2029056K), 0.0101477 secs] [Times: user=0.00 sys=0.00, real=0.01 secs] 
2020-09-29T13:09:43.329+0200: 7.367: [GC (Allocation Failure) 2020-09-29T13:09:43.329+0200: 7.367: [ParNew: 557432K->17117K(613440K), 0.0093432 secs] 557822K->17507K(2029056K), 0.0093976 secs] [Times: user=0.13 sys=0.00, real=0.01 secs] 
2020-09-29T13:09:43.418+0200: 7.455: [GC (Allocation Failure) 2020-09-29T13:09:43.418+0200: 7.455: [ParNew: 562461K->11416K(613440K), 0.0081479 secs] 562851K->11807K(2029056K), 0.0082267 secs] [Times: user=0.00 sys=0.00, real=0.01 secs] 
2020-09-29T13:09:43.504+0200: 7.541: [GC (Allocation Failure) 2020-09-29T13:09:43.504+0200: 7.541: [ParNew: 556760K->8017K(613440K), 0.0069389 secs] 557151K->8407K(2029056K), 0.0069939 secs] [Times: user=0.13 sys=0.00, real=0.01 secs] 
2020-09-29T13:09:43.588+0200: 7.625: [GC (Allocation Failure) 2020-09-29T13:09:43.588+0200: 7.625: [ParNew: 553361K->6136K(613440K), 0.0064105 secs] 553751K->6526K(2029056K), 0.0064720 secs] [Times: user=0.00 sys=0.00, real=0.01 secs] 
2020-09-29T13:09:43.674+0200: 7.711: [GC (Allocation Failure) 2020-09-29T13:09:43.674+0200: 7.711: [ParNew: 549581K->398K(613440K), 0.0019634 secs] 549971K->788K(2029056K), 0.0020123 secs] [Times: user=0.00 sys=0.00, real=0.00 secs] 
2020-09-29T13:09:43.755+0200: 7.793: [GC (Allocation Failure) 2020-09-29T13:09:43.755+0200: 7.793: [ParNew: 545742K->12413K(613440K), 0.0100897 secs] 546132K->12803K(2029056K), 0.0101694 secs] [Times: user=0.00 sys=0.00, real=0.01 secs] 
2020-09-29T13:09:43.843+0200: 7.880: [GC (Allocation Failure) 2020-09-29T13:09:43.843+0200: 7.880: [ParNew: 557757K->17317K(613440K), 0.0094154 secs] 558147K->17707K(2029056K), 0.0094713 secs] [Times: user=0.13 sys=0.00, real=0.01 secs] 
2020-09-29T13:09:43.929+0200: 7.966: [GC (Allocation Failure) 2020-09-29T13:09:43.929+0200: 7.966: [ParNew: 562661K->12095K(613440K), 0.0083462 secs] 563051K->12485K(2029056K), 0.0084018 secs] [Times: user=0.00 sys=0.00, real=0.01 secs] 
2020-09-29T13:09:44.015+0200: 8.053: [GC (Allocation Failure) 2020-09-29T13:09:44.015+0200: 8.053: [ParNew: 557439K->8268K(613440K), 0.0071710 secs] 557829K->8658K(2029056K), 0.0072366 secs] [Times: user=0.13 sys=0.00, real=0.01 secs] 
2020-09-29T13:09:44.099+0200: 8.137: [GC (Allocation Failure) 2020-09-29T13:09:44.099+0200: 8.137: [ParNew: 553612K->7376K(613440K), 0.0065645 secs] 554002K->7766K(2029056K), 0.0066193 secs] [Times: user=0.00 sys=0.00, real=0.01 secs] 
2020-09-29T13:09:44.184+0200: 8.221: [GC (Allocation Failure) 2020-09-29T13:09:44.184+0200: 8.221: [ParNew: 552720K->5829K(613440K), 0.0054075 secs] 553110K->6219K(2029056K), 0.0054609 secs] [Times: user=0.00 sys=0.00, real=0.00 secs] 
2020-09-29T13:09:44.269+0200: 8.308: [GC (Allocation Failure) 2020-09-29T13:09:44.269+0200: 8.308: [ParNew: 551173K->168K(613440K), 0.0017223 secs] 551563K->558K(2029056K), 0.0017740 secs] [Times: user=0.03 sys=0.00, real=0.00 secs] 
2020-09-29T13:09:44.349+0200: 8.387: [GC (Allocation Failure) 2020-09-29T13:09:44.349+0200: 8.387: [ParNew: 545512K->12289K(613440K), 0.0099388 secs] 545902K->12679K(2029056K), 0.0099963 secs] [Times: user=0.00 sys=0.00, real=0.01 secs] 
2020-09-29T13:09:44.444+0200: 8.482: [GC (Allocation Failure) 2020-09-29T13:09:44.444+0200: 8.482: [ParNew: 557633K->17399K(613440K), 0.0090160 secs] 558023K->17789K(2029056K), 0.0090720 secs] [Times: user=0.00 sys=0.00, real=0.01 secs] 
2020-09-29T13:09:44.529+0200: 8.567: [GC (Allocation Failure) 2020-09-29T13:09:44.529+0200: 8.567: [ParNew: 562743K->12126K(613440K), 0.0082887 secs] 563133K->12516K(2029056K), 0.0083441 secs] [Times: user=0.13 sys=0.00, real=0.01 secs] 
2020-09-29T13:09:44.620+0200: 8.658: [GC (Allocation Failure) 2020-09-29T13:09:44.620+0200: 8.658: [ParNew: 557470K->8156K(613440K), 0.0079560 secs] 557860K->8547K(2029056K), 0.0080266 secs] [Times: user=0.00 sys=0.00, real=0.01 secs] 
2020-09-29T13:09:44.723+0200: 8.761: [GC (Allocation Failure) 2020-09-29T13:09:44.723+0200: 8.761: [ParNew: 553500K->7129K(613440K), 0.0073140 secs] 553891K->7520K(2029056K), 0.0073755 secs] [Times: user=0.00 sys=0.00, real=0.01 secs] 
2020-09-29T13:09:44.816+0200: 8.854: [GC (Allocation Failure) 2020-09-29T13:09:44.816+0200: 8.854: [ParNew: 552473K->4294K(613440K), 0.0049284 secs] 552864K->4684K(2029056K), 0.0049825 secs] [Times: user=0.13 sys=0.00, real=0.01 secs] 
2020-09-29T13:09:44.901+0200: 8.939: [GC (Allocation Failure) 2020-09-29T13:09:44.901+0200: 8.939: [ParNew: 549638K->90K(613440K), 0.0016545 secs] 550028K->480K(2029056K), 0.0017063 secs] [Times: user=0.00 sys=0.00, real=0.00 secs] 
2020-09-29T13:09:44.979+0200: 9.017: [GC (Allocation Failure) 2020-09-29T13:09:44.979+0200: 9.017: [ParNew: 545434K->11779K(613440K), 0.0098823 secs] 545824K->12169K(2029056K), 0.0099444 secs] [Times: user=0.13 sys=0.00, real=0.01 secs] 
2020-09-29T13:09:45.066+0200: 9.104: [GC (Allocation Failure) 2020-09-29T13:09:45.066+0200: 9.104: [ParNew: 557123K->15719K(613440K), 0.0090752 secs] 557513K->16109K(2029056K), 0.0091304 secs] [Times: user=0.13 sys=0.00, real=0.01 secs] 
2020-09-29T13:09:45.153+0200: 9.191: [GC (Allocation Failure) 2020-09-29T13:09:45.153+0200: 9.191: [ParNew: 561063K->11610K(613440K), 0.0079863 secs] 561453K->12000K(2029056K), 0.0080688 secs] [Times: user=0.13 sys=0.00, real=0.01 secs] 
2020-09-29T13:09:45.238+0200: 9.276: [GC (Allocation Failure) 2020-09-29T13:09:45.238+0200: 9.276: [ParNew: 556954K->7916K(613440K), 0.0073209 secs] 557344K->8306K(2029056K), 0.0073766 secs] [Times: user=0.02 sys=0.00, real=0.01 secs] 
2020-09-29T13:09:45.324+0200: 9.362: [GC (Allocation Failure) 2020-09-29T13:09:45.324+0200: 9.362: [ParNew: 553260K->7037K(613440K), 0.0060060 secs] 553650K->7427K(2029056K), 0.0060962 secs] [Times: user=0.00 sys=0.00, real=0.01 secs] 
2020-09-29T13:09:45.407+0200: 9.444: [GC (Allocation Failure) 2020-09-29T13:09:45.407+0200: 9.445: [ParNew: 552381K->5533K(613440K), 0.0052521 secs] 552771K->5923K(2029056K), 0.0053069 secs] [Times: user=0.13 sys=0.00, real=0.00 secs] 
2020-09-29T13:09:45.489+0200: 9.527: [GC (Allocation Failure) 2020-09-29T13:09:45.489+0200: 9.527: [ParNew: 550877K->184K(613440K), 0.0014141 secs] 551267K->574K(2029056K), 0.0014766 secs] [Times: user=0.00 sys=0.00, real=0.00 secs] 
2020-09-29T13:09:45.568+0200: 9.606: [GC (Allocation Failure) 2020-09-29T13:09:45.568+0200: 9.606: [ParNew: 545528K->12225K(613440K), 0.0103818 secs] 545918K->12615K(2029056K), 0.0104630 secs] [Times: user=0.00 sys=0.00, real=0.01 secs] 
2020-09-29T13:09:45.661+0200: 9.699: [GC (Allocation Failure) 2020-09-29T13:09:45.661+0200: 9.699: [ParNew: 557569K->16391K(613440K), 0.0089741 secs] 557959K->16782K(2029056K), 0.0090643 secs] [Times: user=0.00 sys=0.00, real=0.01 secs] 
2020-09-29T13:09:45.750+0200: 9.788: [GC (Allocation Failure) 2020-09-29T13:09:45.750+0200: 9.788: [ParNew: 561735K->11903K(613440K), 0.0082596 secs] 562126K->12294K(2029056K), 0.0083143 secs] [Times: user=0.13 sys=0.00, real=0.01 secs] 
2020-09-29T13:09:45.836+0200: 9.873: [GC (Allocation Failure) 2020-09-29T13:09:45.836+0200: 9.873: [ParNew: 557247K->7768K(613440K), 0.0068939 secs] 557638K->8158K(2029056K), 0.0069486 secs] [Times: user=0.00 sys=0.00, real=0.01 secs] 
2020-09-29T13:09:45.919+0200: 9.957: [GC (Allocation Failure) 2020-09-29T13:09:45.919+0200: 9.957: [ParNew: 553112K->6638K(613440K), 0.0060260 secs] 553502K->7028K(2029056K), 0.0060806 secs] [Times: user=0.00 sys=0.00, real=0.01 secs] 
2020-09-29T13:09:46.004+0200: 10.041: [GC (Allocation Failure) 2020-09-29T13:09:46.004+0200: 10.041: [ParNew: 551982K->4080K(613440K), 0.0045867 secs] 552372K->4470K(2029056K), 0.0046384 secs] [Times: user=0.13 sys=0.00, real=0.00 secs] 
2020-09-29T13:09:46.099+0200: 10.137: [GC (Allocation Failure) 2020-09-29T13:09:46.099+0200: 10.137: [ParNew: 549424K->71K(613440K), 0.0018448 secs] 549814K->461K(2029056K), 0.0019104 secs] [Times: user=0.00 sys=0.00, real=0.00 secs] 
2020-09-29T13:09:46.187+0200: 10.224: [GC (Allocation Failure) 2020-09-29T13:09:46.187+0200: 10.224: [ParNew: 545415K->12088K(613440K), 0.0109404 secs] 545805K->12478K(2029056K), 0.0109960 secs] [Times: user=0.13 sys=0.00, real=0.01 secs] 
2020-09-29T13:09:46.279+0200: 10.316: [GC (Allocation Failure) 2020-09-29T13:09:46.279+0200: 10.317: [ParNew: 557432K->17117K(613440K), 0.0093700 secs] 557822K->17507K(2029056K), 0.0094247 secs] [Times: user=0.13 sys=0.00, real=0.01 secs] 
2020-09-29T13:09:46.365+0200: 10.402: [GC (Allocation Failure) 2020-09-29T13:09:46.365+0200: 10.402: [ParNew: 562461K->12047K(613440K), 0.0080374 secs] 562851K->12437K(2029056K), 0.0080910 secs] [Times: user=0.00 sys=0.00, real=0.01 secs] 
2020-09-29T13:09:46.450+0200: 10.487: [GC (Allocation Failure) 2020-09-29T13:09:46.450+0200: 10.487: [ParNew: 557391K->8017K(613440K), 0.0068869 secs] 557781K->8407K(2029056K), 0.0069413 secs] [Times: user=0.00 sys=0.00, real=0.01 secs] 
2020-09-29T13:09:46.534+0200: 10.572: [GC (Allocation Failure) 2020-09-29T13:09:46.534+0200: 10.572: [ParNew: 553361K->6734K(613440K), 0.0060400 secs] 553751K->7124K(2029056K), 0.0060947 secs] [Times: user=0.11 sys=0.00, real=0.01 secs] 
2020-09-29T13:09:46.620+0200: 10.658: [GC (Allocation Failure) 2020-09-29T13:09:46.620+0200: 10.658: [ParNew: 550178K->273K(613440K), 0.0018578 secs] 550569K->664K(2029056K), 0.0019160 secs] [Times: user=0.00 sys=0.00, real=0.00 secs] 
2020-09-29T13:09:46.703+0200: 10.741: [GC (Allocation Failure) 2020-09-29T13:09:46.703+0200: 10.741: [ParNew: 545617K->12225K(613440K), 0.0101097 secs] 546008K->12616K(2029056K), 0.0101635 secs] [Times: user=0.13 sys=0.00, real=0.01 secs] 
2020-09-29T13:09:46.796+0200: 10.834: [GC (Allocation Failure) 2020-09-29T13:09:46.796+0200: 10.834: [ParNew: 557569K->17193K(613440K), 0.0091814 secs] 557960K->17583K(2029056K), 0.0092359 secs] [Times: user=0.13 sys=0.00, real=0.01 secs] 
2020-09-29T13:09:46.883+0200: 10.921: [GC (Allocation Failure) 2020-09-29T13:09:46.883+0200: 10.921: [ParNew: 562537K->12063K(613440K), 0.0083180 secs] 562927K->12454K(2029056K), 0.0083732 secs] [Times: user=0.00 sys=0.00, real=0.01 secs] 
2020-09-29T13:09:46.969+0200: 11.007: [GC (Allocation Failure) 2020-09-29T13:09:46.969+0200: 11.007: [ParNew: 557407K->8264K(613440K), 0.0073714 secs] 557798K->8654K(2029056K), 0.0074265 secs] [Times: user=0.13 sys=0.00, real=0.01 secs] 
2020-09-29T13:09:47.054+0200: 11.091: [GC (Allocation Failure) 2020-09-29T13:09:47.054+0200: 11.091: [ParNew: 553608K->7375K(613440K), 0.0062848 secs] 553998K->7765K(2029056K), 0.0063381 secs] [Times: user=0.00 sys=0.00, real=0.01 secs] 
2020-09-29T13:09:47.138+0200: 11.176: [GC (Allocation Failure) 2020-09-29T13:09:47.139+0200: 11.176: [ParNew: 552719K->5828K(613440K), 0.0055502 secs] 553109K->6219K(2029056K), 0.0061020 secs] [Times: user=0.00 sys=0.00, real=0.01 secs] 
2020-09-29T13:09:47.221+0200: 11.259: [GC (Allocation Failure) 2020-09-29T13:09:47.221+0200: 11.259: [ParNew: 551172K->168K(613440K), 0.0020325 secs] 551563K->558K(2029056K), 0.0020867 secs] [Times: user=0.00 sys=0.00, real=0.00 secs] 
2020-09-29T13:09:47.302+0200: 11.339: [GC (Allocation Failure) 2020-09-29T13:09:47.302+0200: 11.339: [ParNew: 545512K->12289K(613440K), 0.0101971 secs] 545902K->12679K(2029056K), 0.0102507 secs] [Times: user=0.00 sys=0.00, real=0.01 secs] 
2020-09-29T13:09:47.388+0200: 11.426: [GC (Allocation Failure) 2020-09-29T13:09:47.388+0200: 11.426: [ParNew: 557633K->16434K(613440K), 0.0092211 secs] 558023K->16824K(2029056K), 0.0092772 secs] [Times: user=0.13 sys=0.00, real=0.01 secs] 
2020-09-29T13:09:47.477+0200: 11.515: [GC (Allocation Failure) 2020-09-29T13:09:47.477+0200: 11.515: [ParNew: 561778K->12126K(613440K), 0.0084755 secs] 562168K->12516K(2029056K), 0.0085330 secs] [Times: user=0.00 sys=0.00, real=0.01 secs] 
2020-09-29T13:09:47.569+0200: 11.607: [GC (Allocation Failure) 2020-09-29T13:09:47.569+0200: 11.607: [ParNew: 557470K->8156K(613440K), 0.0074477 secs] 557860K->8547K(2029056K), 0.0075076 secs] [Times: user=0.00 sys=0.00, real=0.01 secs] 
2020-09-29T13:09:47.661+0200: 11.699: [GC (Allocation Failure) 2020-09-29T13:09:47.661+0200: 11.699: [ParNew: 553500K->7129K(613440K), 0.0064669 secs] 553891K->7520K(2029056K), 0.0065209 secs] [Times: user=0.00 sys=0.00, real=0.01 secs] 
2020-09-29T13:09:47.746+0200: 11.784: [GC (Allocation Failure) 2020-09-29T13:09:47.746+0200: 11.784: [ParNew: 552473K->4294K(613440K), 0.0048606 secs] 552864K->4684K(2029056K), 0.0049155 secs] [Times: user=0.00 sys=0.00, real=0.00 secs] 
2020-09-29T13:09:47.833+0200: 11.871: [GC (Allocation Failure) 2020-09-29T13:09:47.833+0200: 11.871: [ParNew: 549638K->90K(613440K), 0.0015452 secs] 550028K->480K(2029056K), 0.0016044 secs] [Times: user=0.00 sys=0.00, real=0.00 secs] 
2020-09-29T13:09:47.912+0200: 11.949: [GC (Allocation Failure) 2020-09-29T13:09:47.912+0200: 11.950: [ParNew: 545434K->11779K(613440K), 0.0100621 secs] 545824K->12169K(2029056K), 0.0101165 secs] [Times: user=0.00 sys=0.00, real=0.01 secs] 
2020-09-29T13:09:47.998+0200: 12.036: [GC (Allocation Failure) 2020-09-29T13:09:47.998+0200: 12.036: [ParNew: 557123K->16637K(613440K), 0.0089178 secs] 557513K->17027K(2029056K), 0.0089721 secs] [Times: user=0.13 sys=0.00, real=0.01 secs] 
2020-09-29T13:09:48.083+0200: 12.121: [GC (Allocation Failure) 2020-09-29T13:09:48.083+0200: 12.121: [ParNew: 561981K->11610K(613440K), 0.0080615 secs] 562371K->12000K(2029056K), 0.0081721 secs] [Times: user=0.00 sys=0.00, real=0.01 secs] 
2020-09-29T13:09:48.169+0200: 12.207: [GC (Allocation Failure) 2020-09-29T13:09:48.169+0200: 12.207: [ParNew: 556954K->7916K(613440K), 0.0073059 secs] 557344K->8306K(2029056K), 0.0073601 secs] [Times: user=0.13 sys=0.00, real=0.01 secs] 
2020-09-29T13:09:48.253+0200: 12.291: [GC (Allocation Failure) 2020-09-29T13:09:48.253+0200: 12.291: [ParNew: 553260K->7037K(613440K), 0.0060906 secs] 553650K->7427K(2029056K), 0.0061458 secs] [Times: user=0.13 sys=0.00, real=0.01 secs] 
2020-09-29T13:09:48.335+0200: 12.373: [GC (Allocation Failure) 2020-09-29T13:09:48.335+0200: 12.373: [ParNew: 552381K->5533K(613440K), 0.0054229 secs] 552771K->5923K(2029056K), 0.0055205 secs] [Times: user=0.00 sys=0.00, real=0.00 secs] 
2020-09-29T13:09:48.416+0200: 12.454: [GC (Allocation Failure) 2020-09-29T13:09:48.416+0200: 12.454: [ParNew: 550877K->184K(613440K), 0.0016198 secs] 551267K->574K(2029056K), 0.0016699 secs] [Times: user=0.00 sys=0.00, real=0.00 secs] 
2020-09-29T13:09:48.495+0200: 12.533: [GC (Allocation Failure) 2020-09-29T13:09:48.495+0200: 12.533: [ParNew: 545528K->12317K(613440K), 0.0102144 secs] 545918K->12707K(2029056K), 0.0102792 secs] [Times: user=0.13 sys=0.00, real=0.01 secs] 
2020-09-29T13:09:48.583+0200: 12.621: [GC (Allocation Failure) 2020-09-29T13:09:48.583+0200: 12.621: [ParNew: 557661K->16392K(613440K), 0.0091322 secs] 558051K->16782K(2029056K), 0.0091869 secs] [Times: user=0.00 sys=0.00, real=0.01 secs] 
2020-09-29T13:09:48.675+0200: 12.713: [GC (Allocation Failure) 2020-09-29T13:09:48.675+0200: 12.713: [ParNew: 561736K->11903K(613440K), 0.0080555 secs] 562126K->12294K(2029056K), 0.0081085 secs] [Times: user=0.13 sys=0.00, real=0.01 secs] 
2020-09-29T13:09:48.761+0200: 12.799: [GC (Allocation Failure) 2020-09-29T13:09:48.761+0200: 12.799: [ParNew: 557247K->7768K(613440K), 0.0069221 secs] 557638K->8158K(2029056K), 0.0069776 secs] [Times: user=0.00 sys=0.00, real=0.01 secs] 
2020-09-29T13:09:48.848+0200: 12.886: [GC (Allocation Failure) 2020-09-29T13:09:48.848+0200: 12.886: [ParNew: 553112K->6638K(613440K), 0.0058857 secs] 553502K->7028K(2029056K), 0.0059393 secs] [Times: user=0.00 sys=0.00, real=0.01 secs] 
2020-09-29T13:09:48.929+0200: 12.968: [GC (Allocation Failure) 2020-09-29T13:09:48.930+0200: 12.968: [ParNew: 551982K->4080K(613440K), 0.0043109 secs] 552372K->4470K(2029056K), 0.0043726 secs] [Times: user=0.00 sys=0.00, real=0.01 secs] 
2020-09-29T13:09:49.010+0200: 13.048: [GC (Allocation Failure) 2020-09-29T13:09:49.010+0200: 13.048: [ParNew: 549424K->71K(613440K), 0.0015408 secs] 549814K->461K(2029056K), 0.0015918 secs] [Times: user=0.00 sys=0.00, real=0.00 secs] 
2020-09-29T13:09:49.088+0200: 13.126: [GC (Allocation Failure) 2020-09-29T13:09:49.088+0200: 13.126: [ParNew: 545415K->12106K(613440K), 0.0100536 secs] 545805K->12496K(2029056K), 0.0101098 secs] [Times: user=0.13 sys=0.00, real=0.01 secs] 
2020-09-29T13:09:49.178+0200: 13.216: [GC (Allocation Failure) 2020-09-29T13:09:49.178+0200: 13.216: [ParNew: 557450K->17117K(613440K), 0.0091824 secs] 557840K->17507K(2029056K), 0.0092366 secs] [Times: user=0.00 sys=0.00, real=0.01 secs] 
2020-09-29T13:09:49.266+0200: 13.304: [GC (Allocation Failure) 2020-09-29T13:09:49.266+0200: 13.304: [ParNew: 562461K->12047K(613440K), 0.0079283 secs] 562851K->12437K(2029056K), 0.0079843 secs] [Times: user=0.13 sys=0.00, real=0.01 secs] 
2020-09-29T13:09:49.352+0200: 13.390: [GC (Allocation Failure) 2020-09-29T13:09:49.352+0200: 13.390: [ParNew: 557391K->8017K(613440K), 0.0069449 secs] 557781K->8407K(2029056K), 0.0069979 secs] [Times: user=0.00 sys=0.00, real=0.01 secs] 
2020-09-29T13:09:49.436+0200: 13.475: [GC (Allocation Failure) 2020-09-29T13:09:49.437+0200: 13.475: [ParNew: 553361K->6734K(613440K), 0.0061666 secs] 553751K->7124K(2029056K), 0.0062278 secs] [Times: user=0.13 sys=0.00, real=0.01 secs] 
2020-09-29T13:09:49.522+0200: 13.560: [GC (Allocation Failure) 2020-09-29T13:09:49.522+0200: 13.560: [ParNew: 550178K->273K(613440K), 0.0018666 secs] 550569K->664K(2029056K), 0.0019212 secs] [Times: user=0.00 sys=0.00, real=0.00 secs] 
2020-09-29T13:09:49.604+0200: 13.642: [GC (Allocation Failure) 2020-09-29T13:09:49.604+0200: 13.642: [ParNew: 545617K->12157K(613440K), 0.0110044 secs] 546008K->12547K(2029056K), 0.0110810 secs] [Times: user=0.13 sys=0.00, real=0.01 secs] 
2020-09-29T13:09:49.696+0200: 13.734: [GC (Allocation Failure) 2020-09-29T13:09:49.696+0200: 13.734: [ParNew: 557501K->17193K(613440K), 0.0090608 secs] 557891K->17583K(2029056K), 0.0091158 secs] [Times: user=0.00 sys=0.00, real=0.01 secs] 
2020-09-29T13:09:49.784+0200: 13.822: [GC (Allocation Failure) 2020-09-29T13:09:49.784+0200: 13.822: [ParNew: 562537K->10800K(613440K), 0.0085825 secs] 562927K->11190K(2029056K), 0.0086413 secs] [Times: user=0.13 sys=0.00, real=0.01 secs] 
2020-09-29T13:09:49.875+0200: 13.912: [GC (Allocation Failure) 2020-09-29T13:09:49.875+0200: 13.912: [ParNew: 556144K->8264K(613440K), 0.0071651 secs] 556534K->8654K(2029056K), 0.0072446 secs] [Times: user=0.13 sys=0.00, real=0.01 secs] 
2020-09-29T13:09:49.967+0200: 14.005: [GC (Allocation Failure) 2020-09-29T13:09:49.967+0200: 14.005: [ParNew: 553608K->7375K(613440K), 0.0066591 secs] 553998K->7765K(2029056K), 0.0067158 secs] [Times: user=0.13 sys=0.00, real=0.01 secs] 
2020-09-29T13:09:50.052+0200: 14.090: [GC (Allocation Failure) 2020-09-29T13:09:50.052+0200: 14.090: [ParNew: 552719K->5828K(613440K), 0.0051601 secs] 553109K->6219K(2029056K), 0.0052142 secs] [Times: user=0.00 sys=0.00, real=0.01 secs] 
2020-09-29T13:09:50.135+0200: 14.173: [GC (Allocation Failure) 2020-09-29T13:09:50.135+0200: 14.173: [ParNew: 551172K->168K(613440K), 0.0014202 secs] 551563K->558K(2029056K), 0.0014701 secs] [Times: user=0.00 sys=0.00, real=0.00 secs] 
2020-09-29T13:09:50.219+0200: 14.256: [GC (Allocation Failure) 2020-09-29T13:09:50.219+0200: 14.256: [ParNew: 545512K->12331K(613440K), 0.0115453 secs] 545902K->12721K(2029056K), 0.0116022 secs] [Times: user=0.13 sys=0.00, real=0.01 secs] 
2020-09-29T13:09:50.311+0200: 14.349: [GC (Allocation Failure) 2020-09-29T13:09:50.311+0200: 14.349: [ParNew: 557675K->16434K(613440K), 0.0095578 secs] 558065K->16824K(2029056K), 0.0096121 secs] [Times: user=0.13 sys=0.00, real=0.01 secs] 
2020-09-29T13:09:50.397+0200: 14.435: [GC (Allocation Failure) 2020-09-29T13:09:50.397+0200: 14.435: [ParNew: 561778K->12126K(613440K), 0.0080502 secs] 562168K->12516K(2029056K), 0.0081223 secs] [Times: user=0.00 sys=0.00, real=0.01 secs] 
2020-09-29T13:09:50.487+0200: 14.524: [GC (Allocation Failure) 2020-09-29T13:09:50.487+0200: 14.524: [ParNew: 557470K->8156K(613440K), 0.0070043 secs] 557860K->8547K(2029056K), 0.0070605 secs] [Times: user=0.13 sys=0.00, real=0.01 secs] 
2020-09-29T13:09:50.572+0200: 14.610: [GC (Allocation Failure) 2020-09-29T13:09:50.572+0200: 14.610: [ParNew: 553500K->6482K(613440K), 0.0061303 secs] 553891K->6873K(2029056K), 0.0061862 secs] [Times: user=0.00 sys=0.00, real=0.01 secs] 
2020-09-29T13:09:50.659+0200: 14.696: [GC (Allocation Failure) 2020-09-29T13:09:50.659+0200: 14.696: [ParNew: 551826K->5342K(613440K), 0.0048449 secs] 552217K->5732K(2029056K), 0.0049521 secs] [Times: user=0.11 sys=0.00, real=0.01 secs] 
2020-09-29T13:09:50.744+0200: 14.781: [GC (Allocation Failure) 2020-09-29T13:09:50.744+0200: 14.781: [ParNew: 550686K->118K(613440K), 0.0014440 secs] 551076K->509K(2029056K), 0.0014947 secs] [Times: user=0.00 sys=0.00, real=0.00 secs] 
2020-09-29T13:09:50.827+0200: 14.864: [GC (Allocation Failure) 2020-09-29T13:09:50.827+0200: 14.864: [ParNew: 545462K->11824K(613440K), 0.0104561 secs] 545853K->12215K(2029056K), 0.0105096 secs] [Times: user=0.13 sys=0.00, real=0.01 secs] 
2020-09-29T13:09:50.917+0200: 14.955: [GC (Allocation Failure) 2020-09-29T13:09:50.917+0200: 14.955: [ParNew: 557168K->16665K(613440K), 0.0089874 secs] 557559K->17055K(2029056K), 0.0090432 secs] [Times: user=0.00 sys=0.00, real=0.01 secs] 
2020-09-29T13:09:51.006+0200: 15.044: [GC (Allocation Failure) 2020-09-29T13:09:51.006+0200: 15.044: [ParNew: 562009K->11617K(613440K), 0.0083839 secs] 562399K->12007K(2029056K), 0.0084409 secs] [Times: user=0.00 sys=0.00, real=0.01 secs] 
2020-09-29T13:09:51.093+0200: 15.130: [GC (Allocation Failure) 2020-09-29T13:09:51.093+0200: 15.130: [ParNew: 556961K->7917K(613440K), 0.0073497 secs] 557351K->8307K(2029056K), 0.0074073 secs] [Times: user=0.13 sys=0.00, real=0.01 secs] 
2020-09-29T13:09:51.179+0200: 15.217: [GC (Allocation Failure) 2020-09-29T13:09:51.179+0200: 15.217: [ParNew: 553261K->7037K(613440K), 0.0063438 secs] 553651K->7428K(2029056K), 0.0063998 secs] [Times: user=0.00 sys=0.00, real=0.01 secs] 
2020-09-29T13:09:51.264+0200: 15.302: [GC (Allocation Failure) 2020-09-29T13:09:51.264+0200: 15.302: [ParNew: 552381K->5533K(613440K), 0.0055026 secs] 552772K->5923K(2029056K), 0.0055586 secs] [Times: user=0.00 sys=0.00, real=0.01 secs] 
2020-09-29T13:09:51.347+0200: 15.385: [GC (Allocation Failure) 2020-09-29T13:09:51.347+0200: 15.385: [ParNew: 550877K->184K(613440K), 0.0016274 secs] 551267K->574K(2029056K), 0.0016837 secs] [Times: user=0.13 sys=0.00, real=0.00 secs] 
2020-09-29T13:09:51.437+0200: 15.475: [GC (Allocation Failure) 2020-09-29T13:09:51.437+0200: 15.475: [ParNew: 545528K->12271K(613440K), 0.0114866 secs] 545918K->12661K(2029056K), 0.0115555 secs] [Times: user=0.11 sys=0.00, real=0.01 secs] 
2020-09-29T13:09:51.539+0200: 15.576: [GC (Allocation Failure) 2020-09-29T13:09:51.539+0200: 15.576: [ParNew: 557615K->16392K(613440K), 0.0107297 secs] 558005K->16782K(2029056K), 0.0107884 secs] [Times: user=0.00 sys=0.00, real=0.01 secs] 
2020-09-29T13:09:51.647+0200: 15.685: [GC (Allocation Failure) 2020-09-29T13:09:51.647+0200: 15.685: [ParNew: 561736K->11903K(613440K), 0.0093392 secs] 562126K->12294K(2029056K), 0.0093941 secs] [Times: user=0.00 sys=0.00, real=0.01 secs] 
2020-09-29T13:09:51.741+0200: 15.778: [GC (Allocation Failure) 2020-09-29T13:09:51.741+0200: 15.778: [ParNew: 557247K->7768K(613440K), 0.0068149 secs] 557638K->8158K(2029056K), 0.0068701 secs] [Times: user=0.00 sys=0.00, real=0.01 secs] 
2020-09-29T13:09:51.827+0200: 15.865: [GC (Allocation Failure) 2020-09-29T13:09:51.827+0200: 15.865: [ParNew: 553112K->6638K(613440K), 0.0058825 secs] 553502K->7028K(2029056K), 0.0059313 secs] [Times: user=0.13 sys=0.00, real=0.01 secs] 
2020-09-29T13:09:51.911+0200: 15.948: [GC (Allocation Failure) 2020-09-29T13:09:51.911+0200: 15.948: [ParNew: 551982K->4080K(613440K), 0.0046609 secs] 552372K->4470K(2029056K), 0.0047126 secs] [Times: user=0.00 sys=0.00, real=0.00 secs] 
2020-09-29T13:09:51.991+0200: 16.029: [GC (Allocation Failure) 2020-09-29T13:09:51.991+0200: 16.029: [ParNew: 549424K->71K(613440K), 0.0015789 secs] 549814K->461K(2029056K), 0.0016288 secs] [Times: user=0.00 sys=0.00, real=0.00 secs] 
2020-09-29T13:09:52.068+0200: 16.105: [GC (Allocation Failure) 2020-09-29T13:09:52.068+0200: 16.105: [ParNew: 545415K->12124K(613440K), 0.0100931 secs] 545805K->12514K(2029056K), 0.0101478 secs] [Times: user=0.00 sys=0.00, real=0.01 secs] 
2020-09-29T13:09:52.155+0200: 16.192: [GC (Allocation Failure) 2020-09-29T13:09:52.155+0200: 16.192: [ParNew: 557468K->17117K(613440K), 0.0095879 secs] 557858K->17507K(2029056K), 0.0096598 secs] [Times: user=0.13 sys=0.00, real=0.01 secs] 
2020-09-29T13:09:52.242+0200: 16.280: [GC (Allocation Failure) 2020-09-29T13:09:52.242+0200: 16.280: [ParNew: 562461K->12047K(613440K), 0.0079332 secs] 562851K->12437K(2029056K), 0.0079883 secs] [Times: user=0.00 sys=0.00, real=0.01 secs] 
2020-09-29T13:09:52.326+0200: 16.363: [GC (Allocation Failure) 2020-09-29T13:09:52.326+0200: 16.363: [ParNew: 557391K->8017K(613440K), 0.0069119 secs] 557781K->8407K(2029056K), 0.0069660 secs] [Times: user=0.02 sys=0.00, real=0.01 secs] 
2020-09-29T13:09:52.409+0200: 16.446: [GC (Allocation Failure) 2020-09-29T13:09:52.409+0200: 16.446: [ParNew: 553361K->6734K(613440K), 0.0061678 secs] 553751K->7124K(2029056K), 0.0062231 secs] [Times: user=0.11 sys=0.02, real=0.01 secs] 
2020-09-29T13:09:52.495+0200: 16.533: [GC (Allocation Failure) 2020-09-29T13:09:52.495+0200: 16.533: [ParNew: 550178K->273K(613440K), 0.0018390 secs] 550569K->664K(2029056K), 0.0018928 secs] [Times: user=0.00 sys=0.00, real=0.00 secs] 
2020-09-29T13:09:52.576+0200: 16.614: [GC (Allocation Failure) 2020-09-29T13:09:52.576+0200: 16.614: [ParNew: 545617K->12294K(613440K), 0.0105506 secs] 546008K->12684K(2029056K), 0.0106225 secs] [Times: user=0.11 sys=0.00, real=0.01 secs] 
2020-09-29T13:09:52.670+0200: 16.708: [GC (Allocation Failure) 2020-09-29T13:09:52.670+0200: 16.708: [ParNew: 557638K->17193K(613440K), 0.0092432 secs] 558028K->17583K(2029056K), 0.0092989 secs] [Times: user=0.13 sys=0.00, real=0.01 secs] 
2020-09-29T13:09:52.756+0200: 16.794: [GC (Allocation Failure) 2020-09-29T13:09:52.756+0200: 16.794: [ParNew: 562537K->12063K(613440K), 0.0080745 secs] 562927K->12454K(2029056K), 0.0081641 secs] [Times: user=0.00 sys=0.00, real=0.01 secs] 
2020-09-29T13:09:52.841+0200: 16.879: [GC (Allocation Failure) 2020-09-29T13:09:52.841+0200: 16.879: [ParNew: 557407K->8264K(613440K), 0.0071337 secs] 557798K->8654K(2029056K), 0.0072048 secs] [Times: user=0.13 sys=0.00, real=0.01 secs] 
2020-09-29T13:09:52.928+0200: 16.966: [GC (Allocation Failure) 2020-09-29T13:09:52.928+0200: 16.966: [ParNew: 553608K->7375K(613440K), 0.0062701 secs] 553998K->7765K(2029056K), 0.0063288 secs] [Times: user=0.00 sys=0.00, real=0.01 secs] 
2020-09-29T13:09:53.012+0200: 17.049: [GC (Allocation Failure) 2020-09-29T13:09:53.012+0200: 17.050: [ParNew: 552719K->5828K(613440K), 0.0055575 secs] 553109K->6219K(2029056K), 0.0056117 secs] [Times: user=0.00 sys=0.00, real=0.00 secs] 
2020-09-29T13:09:53.093+0200: 17.131: [GC (Allocation Failure) 2020-09-29T13:09:53.093+0200: 17.131: [ParNew: 551172K->168K(613440K), 0.0016918 secs] 551563K->558K(2029056K), 0.0017401 secs] [Times: user=0.00 sys=0.00, real=0.00 secs] 
2020-09-29T13:09:53.172+0200: 17.210: [GC (Allocation Failure) 2020-09-29T13:09:53.172+0200: 17.210: [ParNew: 545512K->12331K(613440K), 0.0103939 secs] 545902K->12721K(2029056K), 0.0104493 secs] [Times: user=0.13 sys=0.00, real=0.01 secs] 
2020-09-29T13:09:53.260+0200: 17.298: [GC (Allocation Failure) 2020-09-29T13:09:53.260+0200: 17.298: [ParNew: 557675K->17399K(613440K), 0.0091049 secs] 558065K->17789K(2029056K), 0.0091597 secs] [Times: user=0.00 sys=0.00, real=0.01 secs] 
2020-09-29T13:09:53.347+0200: 17.385: [GC (Allocation Failure) 2020-09-29T13:09:53.347+0200: 17.385: [ParNew: 562743K->12126K(613440K), 0.0081078 secs] 563133K->12516K(2029056K), 0.0081624 secs] [Times: user=0.13 sys=0.00, real=0.01 secs] 
2020-09-29T13:09:53.431+0200: 17.469: [GC (Allocation Failure) 2020-09-29T13:09:53.431+0200: 17.469: [ParNew: 557470K->8156K(613440K), 0.0072094 secs] 557860K->8547K(2029056K), 0.0072647 secs] [Times: user=0.00 sys=0.00, real=0.01 secs] 
2020-09-29T13:09:53.517+0200: 17.555: [GC (Allocation Failure) 2020-09-29T13:09:53.517+0200: 17.555: [ParNew: 553500K->7129K(613440K), 0.0061180 secs] 553891K->7520K(2029056K), 0.0061752 secs] [Times: user=0.13 sys=0.00, real=0.01 secs] 
2020-09-29T13:09:53.607+0200: 17.645: [GC (Allocation Failure) 2020-09-29T13:09:53.607+0200: 17.645: [ParNew: 552473K->4294K(613440K), 0.0055737 secs] 552864K->4684K(2029056K), 0.0056313 secs] [Times: user=0.00 sys=0.00, real=0.01 secs] 
2020-09-29T13:09:53.693+0200: 17.731: [GC (Allocation Failure) 2020-09-29T13:09:53.693+0200: 17.731: [ParNew: 549638K->90K(613440K), 0.0015626 secs] 550028K->480K(2029056K), 0.0016143 secs] [Times: user=0.00 sys=0.00, real=0.00 secs] 
2020-09-29T13:09:53.773+0200: 17.811: [GC (Allocation Failure) 2020-09-29T13:09:53.773+0200: 17.811: [ParNew: 545434K->11801K(613440K), 0.0100389 secs] 545824K->12192K(2029056K), 0.0100939 secs] [Times: user=0.00 sys=0.00, real=0.01 secs] 
2020-09-29T13:09:53.861+0200: 17.899: [GC (Allocation Failure) 2020-09-29T13:09:53.861+0200: 17.899: [ParNew: 557145K->15719K(613440K), 0.0091000 secs] 557536K->16109K(2029056K), 0.0091558 secs] [Times: user=0.13 sys=0.00, real=0.01 secs] 
2020-09-29T13:09:53.949+0200: 17.987: [GC (Allocation Failure) 2020-09-29T13:09:53.949+0200: 17.987: [ParNew: 561063K->11610K(613440K), 0.0081023 secs] 561453K->12000K(2029056K), 0.0081620 secs] [Times: user=0.00 sys=0.00, real=0.01 secs] 
2020-09-29T13:09:54.033+0200: 18.071: [GC (Allocation Failure) 2020-09-29T13:09:54.033+0200: 18.071: [ParNew: 556954K->7916K(613440K), 0.0071755 secs] 557344K->8306K(2029056K), 0.0072295 secs] [Times: user=0.13 sys=0.00, real=0.01 secs] 
2020-09-29T13:09:54.118+0200: 18.156: [GC (Allocation Failure) 2020-09-29T13:09:54.118+0200: 18.156: [ParNew: 553260K->7037K(613440K), 0.0062138 secs] 553650K->7427K(2029056K), 0.0062692 secs] [Times: user=0.00 sys=0.00, real=0.01 secs] 
2020-09-29T13:09:54.210+0200: 18.248: [GC (Allocation Failure) 2020-09-29T13:09:54.210+0200: 18.248: [ParNew: 552381K->5533K(613440K), 0.0058635 secs] 552771K->5923K(2029056K), 0.0059419 secs] [Times: user=0.00 sys=0.00, real=0.01 secs] 
2020-09-29T13:09:54.306+0200: 18.344: [GC (Allocation Failure) 2020-09-29T13:09:54.306+0200: 18.344: [ParNew: 550877K->184K(613440K), 0.0015323 secs] 551267K->574K(2029056K), 0.0015817 secs] [Times: user=0.00 sys=0.00, real=0.00 secs] 
2020-09-29T13:09:54.386+0200: 18.424: [GC (Allocation Failure) 2020-09-29T13:09:54.386+0200: 18.424: [ParNew: 545528K->12271K(613440K), 0.0099746 secs] 545918K->12661K(2029056K), 0.0100305 secs] [Times: user=0.13 sys=0.00, real=0.01 secs] 
2020-09-29T13:09:54.473+0200: 18.510: [GC (Allocation Failure) 2020-09-29T13:09:54.473+0200: 18.510: [ParNew: 557615K->16392K(613440K), 0.0092941 secs] 558005K->16782K(2029056K), 0.0093750 secs] [Times: user=0.13 sys=0.00, real=0.01 secs] 
2020-09-29T13:09:54.563+0200: 18.600: [GC (Allocation Failure) 2020-09-29T13:09:54.563+0200: 18.600: [ParNew: 561736K->11281K(613440K), 0.0080457 secs] 562126K->11672K(2029056K), 0.0081170 secs] [Times: user=0.13 sys=0.00, real=0.01 secs] 
2020-09-29T13:09:54.650+0200: 18.688: [GC (Allocation Failure) 2020-09-29T13:09:54.651+0200: 18.688: [ParNew: 556625K->7768K(613440K), 0.0070308 secs] 557016K->8158K(2029056K), 0.0070892 secs] [Times: user=0.00 sys=0.00, real=0.01 secs] 
2020-09-29T13:09:54.736+0200: 18.773: [GC (Allocation Failure) 2020-09-29T13:09:54.736+0200: 18.773: [ParNew: 553112K->6638K(613440K), 0.0057573 secs] 553502K->7028K(2029056K), 0.0058432 secs] [Times: user=0.13 sys=0.00, real=0.01 secs] 
2020-09-29T13:09:54.819+0200: 18.857: [GC (Allocation Failure) 2020-09-29T13:09:54.819+0200: 18.857: [ParNew: 551982K->4080K(613440K), 0.0045852 secs] 552372K->4470K(2029056K), 0.0046374 secs] [Times: user=0.00 sys=0.00, real=0.00 secs] 
2020-09-29T13:09:54.900+0200: 18.937: [GC (Allocation Failure) 2020-09-29T13:09:54.900+0200: 18.937: [ParNew: 549424K->71K(613440K), 0.0014285 secs] 549814K->461K(2029056K), 0.0014768 secs] [Times: user=0.00 sys=0.00, real=0.00 secs] 
2020-09-29T13:09:54.979+0200: 19.017: [GC (Allocation Failure) 2020-09-29T13:09:54.979+0200: 19.017: [ParNew: 545415K->12106K(613440K), 0.0102136 secs] 545805K->12496K(2029056K), 0.0102879 secs] [Times: user=0.13 sys=0.00, real=0.01 secs] 
2020-09-29T13:09:55.066+0200: 19.103: [GC (Allocation Failure) 2020-09-29T13:09:55.066+0200: 19.103: [ParNew: 557450K->16169K(613440K), 0.0091653 secs] 557840K->16560K(2029056K), 0.0092192 secs] [Times: user=0.13 sys=0.00, real=0.01 secs] 
2020-09-29T13:09:55.152+0200: 19.190: [GC (Allocation Failure) 2020-09-29T13:09:55.152+0200: 19.190: [ParNew: 561513K->12047K(613440K), 0.0079187 secs] 561904K->12437K(2029056K), 0.0080090 secs] [Times: user=0.00 sys=0.00, real=0.01 secs] 
2020-09-29T13:09:55.236+0200: 19.273: [GC (Allocation Failure) 2020-09-29T13:09:55.236+0200: 19.273: [ParNew: 557391K->8017K(613440K), 0.0070850 secs] 557781K->8407K(2029056K), 0.0071394 secs] [Times: user=0.13 sys=0.00, real=0.01 secs] 
2020-09-29T13:09:55.319+0200: 19.356: [GC (Allocation Failure) 2020-09-29T13:09:55.319+0200: 19.356: [ParNew: 553361K->6734K(613440K), 0.0056791 secs] 553751K->7124K(2029056K), 0.0057441 secs] [Times: user=0.00 sys=0.00, real=0.01 secs] 
2020-09-29T13:09:55.400+0200: 19.438: [GC (Allocation Failure) 2020-09-29T13:09:55.400+0200: 19.438: [ParNew: 550178K->273K(613440K), 0.0016824 secs] 550569K->664K(2029056K), 0.0017375 secs] [Times: user=0.00 sys=0.00, real=0.00 secs] 
2020-09-29T13:09:55.477+0200: 19.515: [GC (Allocation Failure) 2020-09-29T13:09:55.477+0200: 19.515: [ParNew: 545617K->12225K(613440K), 0.0100894 secs] 546008K->12616K(2029056K), 0.0101580 secs] [Times: user=0.00 sys=0.00, real=0.01 secs] 
2020-09-29T13:09:55.564+0200: 19.602: [GC (Allocation Failure) 2020-09-29T13:09:55.564+0200: 19.602: [ParNew: 557569K->17193K(613440K), 0.0088821 secs] 557960K->17583K(2029056K), 0.0089736 secs] [Times: user=0.13 sys=0.00, real=0.01 secs] 
2020-09-29T13:09:55.657+0200: 19.695: [GC (Allocation Failure) 2020-09-29T13:09:55.657+0200: 19.695: [ParNew: 562537K->12063K(613440K), 0.0083678 secs] 562927K->12454K(2029056K), 0.0084491 secs] [Times: user=0.13 sys=0.00, real=0.01 secs] 
2020-09-29T13:09:55.744+0200: 19.782: [GC (Allocation Failure) 2020-09-29T13:09:55.744+0200: 19.782: [ParNew: 557407K->8264K(613440K), 0.0074680 secs] 557798K->8654K(2029056K), 0.0075219 secs] [Times: user=0.00 sys=0.00, real=0.01 secs] 
2020-09-29T13:09:55.828+0200: 19.866: [GC (Allocation Failure) 2020-09-29T13:09:55.828+0200: 19.866: [ParNew: 553608K->7375K(613440K), 0.0064706 secs] 553998K->7765K(2029056K), 0.0065262 secs] [Times: user=0.13 sys=0.00, real=0.01 secs] 
2020-09-29T13:09:55.912+0200: 19.949: [GC (Allocation Failure) 2020-09-29T13:09:55.912+0200: 19.949: [ParNew: 552719K->5828K(613440K), 0.0052420 secs] 553109K->6219K(2029056K), 0.0052973 secs] [Times: user=0.00 sys=0.00, real=0.01 secs] 
2020-09-29T13:09:56.008+0200: 20.046: [GC (Allocation Failure) 2020-09-29T13:09:56.008+0200: 20.046: [ParNew: 551172K->168K(613440K), 0.0018647 secs] 551563K->558K(2029056K), 0.0019161 secs] [Times: user=0.00 sys=0.00, real=0.00 secs] 
2020-09-29T13:09:56.091+0200: 20.129: [GC (Allocation Failure) 2020-09-29T13:09:56.091+0200: 20.129: [ParNew: 545512K->12373K(613440K), 0.0101209 secs] 545902K->12763K(2029056K), 0.0101766 secs] [Times: user=0.13 sys=0.00, real=0.01 secs] 
2020-09-29T13:09:56.185+0200: 20.223: [GC (Allocation Failure) 2020-09-29T13:09:56.185+0200: 20.223: [ParNew: 557717K->16434K(613440K), 0.0100964 secs] 558107K->16824K(2029056K), 0.0101590 secs] [Times: user=0.13 sys=0.00, real=0.01 secs] 
2020-09-29T13:09:56.275+0200: 20.313: [GC (Allocation Failure) 2020-09-29T13:09:56.275+0200: 20.313: [ParNew: 561778K->12126K(613440K), 0.0084714 secs] 562168K->12516K(2029056K), 0.0085258 secs] [Times: user=0.00 sys=0.00, real=0.01 secs] 
2020-09-29T13:09:56.360+0200: 20.398: [GC (Allocation Failure) 2020-09-29T13:09:56.360+0200: 20.398: [ParNew: 557470K->8156K(613440K), 0.0072468 secs] 557860K->8547K(2029056K), 0.0073002 secs] [Times: user=0.13 sys=0.00, real=0.01 secs] 
2020-09-29T13:09:56.443+0200: 20.481: [GC (Allocation Failure) 2020-09-29T13:09:56.443+0200: 20.481: [ParNew: 553500K->7129K(613440K), 0.0058109 secs] 553891K->7520K(2029056K), 0.0058810 secs] [Times: user=0.00 sys=0.00, real=0.01 secs] 
2020-09-29T13:09:56.526+0200: 20.564: [GC (Allocation Failure) 2020-09-29T13:09:56.526+0200: 20.564: [ParNew: 552473K->4294K(613440K), 0.0046039 secs] 552864K->4684K(2029056K), 0.0046560 secs] [Times: user=0.00 sys=0.00, real=0.00 secs] 
2020-09-29T13:09:56.608+0200: 20.646: [GC (Allocation Failure) 2020-09-29T13:09:56.608+0200: 20.646: [ParNew: 549638K->90K(613440K), 0.0015000 secs] 550028K->480K(2029056K), 0.0015500 secs] [Times: user=0.00 sys=0.00, real=0.00 secs] 
2020-09-29T13:09:56.689+0200: 20.726: [GC (Allocation Failure) 2020-09-29T13:09:56.689+0200: 20.726: [ParNew: 545434K->11779K(613440K), 0.0100191 secs] 545824K->12169K(2029056K), 0.0100751 secs] [Times: user=0.13 sys=0.00, real=0.01 secs] 
2020-09-29T13:09:56.778+0200: 20.816: [GC (Allocation Failure) 2020-09-29T13:09:56.778+0200: 20.816: [ParNew: 557123K->15719K(613440K), 0.0093962 secs] 557513K->16109K(2029056K), 0.0094514 secs] [Times: user=0.13 sys=0.00, real=0.01 secs] 
2020-09-29T13:09:56.866+0200: 20.903: [GC (Allocation Failure) 2020-09-29T13:09:56.866+0200: 20.903: [ParNew: 561063K->11610K(613440K), 0.0081149 secs] 561453K->12000K(2029056K), 0.0081680 secs] [Times: user=0.00 sys=0.00, real=0.01 secs] 
2020-09-29T13:09:56.953+0200: 20.991: [GC (Allocation Failure) 2020-09-29T13:09:56.953+0200: 20.991: [ParNew: 556954K->7916K(613440K), 0.0074401 secs] 557344K->8306K(2029056K), 0.0074957 secs] [Times: user=0.13 sys=0.00, real=0.01 secs] 
2020-09-29T13:09:57.038+0200: 21.075: [GC (Allocation Failure) 2020-09-29T13:09:57.038+0200: 21.075: [ParNew: 553260K->7037K(613440K), 0.0063695 secs] 553650K->7427K(2029056K), 0.0064248 secs] [Times: user=0.00 sys=0.00, real=0.01 secs] 
2020-09-29T13:09:57.120+0200: 21.158: [GC (Allocation Failure) 2020-09-29T13:09:57.120+0200: 21.158: [ParNew: 552381K->5533K(613440K), 0.0051447 secs] 552771K->5923K(2029056K), 0.0052078 secs] [Times: user=0.00 sys=0.00, real=0.01 secs] 
2020-09-29T13:09:57.203+0200: 21.241: [GC (Allocation Failure) 2020-09-29T13:09:57.203+0200: 21.241: [ParNew: 550877K->184K(613440K), 0.0017686 secs] 551267K->574K(2029056K), 0.0018183 secs] [Times: user=0.00 sys=0.00, real=0.00 secs] 
2020-09-29T13:09:57.284+0200: 21.322: [GC (Allocation Failure) 2020-09-29T13:09:57.284+0200: 21.322: [ParNew: 545528K->12317K(613440K), 0.0103452 secs] 545918K->12707K(2029056K), 0.0103994 secs] [Times: user=0.13 sys=0.00, real=0.01 secs] 
2020-09-29T13:09:57.374+0200: 21.411: [GC (Allocation Failure) 2020-09-29T13:09:57.374+0200: 21.411: [ParNew: 557661K->16392K(613440K), 0.0090596 secs] 558051K->16782K(2029056K), 0.0091452 secs] [Times: user=0.13 sys=0.00, real=0.01 secs] 
2020-09-29T13:09:57.461+0200: 21.499: [GC (Allocation Failure) 2020-09-29T13:09:57.461+0200: 21.499: [ParNew: 561736K->11903K(613440K), 0.0076938 secs] 562126K->12294K(2029056K), 0.0077516 secs] [Times: user=0.00 sys=0.00, real=0.01 secs] 
2020-09-29T13:09:57.548+0200: 21.585: [GC (Allocation Failure) 2020-09-29T13:09:57.548+0200: 21.585: [ParNew: 557247K->7768K(613440K), 0.0067321 secs] 557638K->8158K(2029056K), 0.0067912 secs] [Times: user=0.13 sys=0.00, real=0.01 secs] 
2020-09-29T13:09:57.634+0200: 21.672: [GC (Allocation Failure) 2020-09-29T13:09:57.635+0200: 21.672: [ParNew: 553112K->6638K(613440K), 0.0062466 secs] 553502K->7028K(2029056K), 0.0063067 secs] [Times: user=0.00 sys=0.00, real=0.01 secs] 
2020-09-29T13:09:57.718+0200: 21.755: [GC (Allocation Failure) 2020-09-29T13:09:57.718+0200: 21.755: [ParNew: 551982K->4080K(613440K), 0.0045515 secs] 552372K->4470K(2029056K), 0.0046046 secs] [Times: user=0.00 sys=0.00, real=0.00 secs] 
2020-09-29T13:09:57.798+0200: 21.836: [GC (Allocation Failure) 2020-09-29T13:09:57.798+0200: 21.836: [ParNew: 549424K->71K(613440K), 0.0014186 secs] 549814K->461K(2029056K), 0.0014717 secs] [Times: user=0.00 sys=0.00, real=0.00 secs] 
2020-09-29T13:09:57.875+0200: 21.913: [GC (Allocation Failure) 2020-09-29T13:09:57.875+0200: 21.913: [ParNew: 545415K->12106K(613440K), 0.0101135 secs] 545805K->12496K(2029056K), 0.0101694 secs] [Times: user=0.13 sys=0.00, real=0.01 secs] 
Heap
 par new generation   total 613440K, used 546015K [0x0000000080000000, 0x00000000a9990000, 0x00000000a9990000)
  eden space 545344K,  97% used [0x0000000080000000, 0x00000000a0965330, 0x00000000a1490000)
  from space 68096K,  17% used [0x00000000a1490000, 0x00000000a2062910, 0x00000000a5710000)
  to   space 68096K,   0% used [0x00000000a5710000, 0x00000000a5710000, 0x00000000a9990000)
 concurrent mark-sweep generation total 1415616K, used 390K [0x00000000a9990000, 0x0000000100000000, 0x0000000100000000)
 Metaspace       used 2594K, capacity 4486K, committed 4864K, reserved 1056768K
  class space    used 285K, capacity 386K, committed 512K, reserved 1048576K
