Java HotSpot(TM) 64-Bit Server VM (25.261-b12) for windows-amd64 JRE (1.8.0_261-b12), built on Jun 18 2020 06:56:32 by "" with unknown MS VC++:1916
Memory: 4k page, physical 16659684k(8874192k free), swap 23213284k(7920984k free)
CommandLine flags: -XX:InitialHeapSize=2147483648 -XX:MaxHeapSize=2147483648 -XX:MaxNewSize=697933824 -XX:MaxTenuringThreshold=6 -XX:NewSize=697933824 -XX:OldPLABSize=16 -XX:OldSize=1395867648 -XX:+PrintGC -XX:+PrintGCDateStamps -XX:+PrintGCDetails -XX:+PrintGCTimeStamps -XX:+UseCompressedClassPointers -XX:+UseCompressedOops -XX:+UseConcMarkSweepGC -XX:-UseLargePagesIndividualAllocation -XX:+UseParNewGC 
2020-09-29T13:08:07.091+0200: 0.434: [GC (Allocation Failure) 2020-09-29T13:08:07.091+0200: 0.434: [ParNew: 545344K->4400K(613440K), 0.0161731 secs] 545344K->4400K(2029056K), 0.0163224 secs] [Times: user=0.00 sys=0.00, real=0.02 secs] 
2020-09-29T13:08:07.210+0200: 0.553: [GC (Allocation Failure) 2020-09-29T13:08:07.210+0200: 0.553: [ParNew: 549744K->4301K(613440K), 0.0070979 secs] 549744K->4301K(2029056K), 0.0071559 secs] [Times: user=0.00 sys=0.00, real=0.01 secs] 
2020-09-29T13:08:07.298+0200: 0.642: [GC (Allocation Failure) 2020-09-29T13:08:07.298+0200: 0.642: [ParNew: 549645K->972K(613440K), 0.0020808 secs] 549645K->972K(2029056K), 0.0021332 secs] [Times: user=0.00 sys=0.00, real=0.00 secs] 
2020-09-29T13:08:07.379+0200: 0.722: [GC (Allocation Failure) 2020-09-29T13:08:07.379+0200: 0.722: [ParNew: 546316K->12593K(613440K), 0.0118650 secs] 546316K->12593K(2029056K), 0.0119226 secs] [Times: user=0.00 sys=0.00, real=0.01 secs] 
2020-09-29T13:08:07.482+0200: 0.826: [GC (Allocation Failure) 2020-09-29T13:08:07.482+0200: 0.826: [ParNew: 557937K->16869K(613440K), 0.0127536 secs] 557937K->16869K(2029056K), 0.0128116 secs] [Times: user=0.11 sys=0.00, real=0.01 secs] 
2020-09-29T13:08:07.588+0200: 0.932: [GC (Allocation Failure) 2020-09-29T13:08:07.588+0200: 0.932: [ParNew: 562213K->11768K(613440K), 0.0091193 secs] 562213K->11768K(2029056K), 0.0091966 secs] [Times: user=0.00 sys=0.00, real=0.01 secs] 
2020-09-29T13:08:07.679+0200: 1.023: [GC (Allocation Failure) 2020-09-29T13:08:07.679+0200: 1.023: [ParNew: 557112K->9595K(613440K), 0.0089549 secs] 557112K->9985K(2029056K), 0.0090131 secs] [Times: user=0.00 sys=0.00, real=0.01 secs] 
2020-09-29T13:08:07.769+0200: 1.112: [GC (Allocation Failure) 2020-09-29T13:08:07.769+0200: 1.113: [ParNew: 554939K->7665K(613440K), 0.0068566 secs] 555329K->8055K(2029056K), 0.0069139 secs] [Times: user=0.13 sys=0.00, real=0.01 secs] 
2020-09-29T13:08:07.857+0200: 1.200: [GC (Allocation Failure) 2020-09-29T13:08:07.857+0200: 1.200: [ParNew: 553009K->4628K(613440K), 0.0054689 secs] 553399K->5018K(2029056K), 0.0055206 secs] [Times: user=0.00 sys=0.00, real=0.00 secs] 
2020-09-29T13:08:07.940+0200: 1.284: [GC (Allocation Failure) 2020-09-29T13:08:07.940+0200: 1.284: [ParNew: 549972K->147K(613440K), 0.0014063 secs] 550362K->537K(2029056K), 0.0014575 secs] [Times: user=0.13 sys=0.00, real=0.00 secs] 
2020-09-29T13:08:08.019+0200: 1.363: [GC (Allocation Failure) 2020-09-29T13:08:08.019+0200: 1.363: [ParNew: 545491K->12226K(613440K), 0.0102010 secs] 545881K->12616K(2029056K), 0.0102797 secs] [Times: user=0.13 sys=0.00, real=0.01 secs] 
2020-09-29T13:08:08.107+0200: 1.451: [GC (Allocation Failure) 2020-09-29T13:08:08.107+0200: 1.451: [ParNew: 557570K->17290K(613440K), 0.0095861 secs] 557960K->17680K(2029056K), 0.0096412 secs] [Times: user=0.13 sys=0.00, real=0.01 secs] 
2020-09-29T13:08:08.195+0200: 1.538: [GC (Allocation Failure) 2020-09-29T13:08:08.195+0200: 1.538: [ParNew: 562634K->12231K(613440K), 0.0082441 secs] 563024K->12621K(2029056K), 0.0083147 secs] [Times: user=0.00 sys=0.00, real=0.01 secs] 
2020-09-29T13:08:08.281+0200: 1.624: [GC (Allocation Failure) 2020-09-29T13:08:08.281+0200: 1.624: [ParNew: 557575K->8411K(613440K), 0.0075316 secs] 557965K->8801K(2029056K), 0.0076064 secs] [Times: user=0.13 sys=0.00, real=0.01 secs] 
2020-09-29T13:08:08.367+0200: 1.710: [GC (Allocation Failure) 2020-09-29T13:08:08.367+0200: 1.710: [ParNew: 553755K->7464K(613440K), 0.0067172 secs] 554145K->7854K(2029056K), 0.0068489 secs] [Times: user=0.00 sys=0.00, real=0.01 secs] 
2020-09-29T13:08:08.450+0200: 1.794: [GC (Allocation Failure) 2020-09-29T13:08:08.451+0200: 1.794: [ParNew: 552808K->5985K(613440K), 0.0056874 secs] 553198K->6376K(2029056K), 0.0057869 secs] [Times: user=0.00 sys=0.00, real=0.01 secs] 
2020-09-29T13:08:08.534+0200: 1.877: [GC (Allocation Failure) 2020-09-29T13:08:08.534+0200: 1.877: [ParNew: 550697K->220K(613440K), 0.0014636 secs] 551088K->610K(2029056K), 0.0015147 secs] [Times: user=0.00 sys=0.00, real=0.00 secs] 
2020-09-29T13:08:08.614+0200: 1.957: [GC (Allocation Failure) 2020-09-29T13:08:08.614+0200: 1.957: [ParNew: 545564K->11964K(613440K), 0.0101684 secs] 545954K->12354K(2029056K), 0.0102339 secs] [Times: user=0.00 sys=0.00, real=0.01 secs] 
2020-09-29T13:08:08.700+0200: 2.043: [GC (Allocation Failure) 2020-09-29T13:08:08.700+0200: 2.043: [ParNew: 557308K->16923K(613440K), 0.0091765 secs] 557698K->17313K(2029056K), 0.0092303 secs] [Times: user=0.13 sys=0.00, real=0.01 secs] 
2020-09-29T13:08:08.789+0200: 2.132: [GC (Allocation Failure) 2020-09-29T13:08:08.789+0200: 2.132: [ParNew: 562267K->11920K(613440K), 0.0082752 secs] 562657K->12310K(2029056K), 0.0083302 secs] [Times: user=0.00 sys=0.00, real=0.01 secs] 
2020-09-29T13:08:08.877+0200: 2.220: [GC (Allocation Failure) 2020-09-29T13:08:08.877+0200: 2.220: [ParNew: 557264K->8094K(613440K), 0.0072467 secs] 557654K->8484K(2029056K), 0.0073030 secs] [Times: user=0.13 sys=0.00, real=0.01 secs] 
2020-09-29T13:08:08.960+0200: 2.303: [GC (Allocation Failure) 2020-09-29T13:08:08.960+0200: 2.303: [ParNew: 553438K->7105K(613440K), 0.0064140 secs] 553828K->7495K(2029056K), 0.0064674 secs] [Times: user=0.00 sys=0.00, real=0.01 secs] 
2020-09-29T13:08:09.044+0200: 2.388: [GC (Allocation Failure) 2020-09-29T13:08:09.044+0200: 2.388: [ParNew: 552449K->5596K(613440K), 0.0054712 secs] 552839K->5987K(2029056K), 0.0055266 secs] [Times: user=0.00 sys=0.00, real=0.01 secs] 
2020-09-29T13:08:09.126+0200: 2.469: [GC (Allocation Failure) 2020-09-29T13:08:09.126+0200: 2.469: [ParNew: 550940K->151K(613440K), 0.0014979 secs] 551331K->541K(2029056K), 0.0015487 secs] [Times: user=0.00 sys=0.00, real=0.00 secs] 
2020-09-29T13:08:09.204+0200: 2.547: [GC (Allocation Failure) 2020-09-29T13:08:09.204+0200: 2.547: [ParNew: 545495K->12255K(613440K), 0.0102726 secs] 545885K->12645K(2029056K), 0.0103651 secs] [Times: user=0.13 sys=0.00, real=0.01 secs] 
2020-09-29T13:08:09.297+0200: 2.640: [GC (Allocation Failure) 2020-09-29T13:08:09.297+0200: 2.640: [ParNew: 557599K->17295K(613440K), 0.0094109 secs] 557989K->17685K(2029056K), 0.0094650 secs] [Times: user=0.13 sys=0.00, real=0.01 secs] 
2020-09-29T13:08:09.383+0200: 2.726: [GC (Allocation Failure) 2020-09-29T13:08:09.383+0200: 2.727: [ParNew: 562639K->12228K(613440K), 0.0084979 secs] 563029K->12618K(2029056K), 0.0085528 secs] [Times: user=0.00 sys=0.00, real=0.01 secs] 
2020-09-29T13:08:09.469+0200: 2.812: [GC (Allocation Failure) 2020-09-29T13:08:09.469+0200: 2.812: [ParNew: 557572K->8526K(613440K), 0.0077396 secs] 557962K->8916K(2029056K), 0.0077930 secs] [Times: user=0.13 sys=0.00, real=0.01 secs] 
2020-09-29T13:08:09.555+0200: 2.899: [GC (Allocation Failure) 2020-09-29T13:08:09.555+0200: 2.899: [ParNew: 553870K->7605K(613440K), 0.0065396 secs] 554260K->7995K(2029056K), 0.0066083 secs] [Times: user=0.00 sys=0.00, real=0.01 secs] 
2020-09-29T13:08:09.639+0200: 2.982: [GC (Allocation Failure) 2020-09-29T13:08:09.639+0200: 2.982: [ParNew: 552949K->4556K(613440K), 0.0055779 secs] 553339K->4946K(2029056K), 0.0056315 secs] [Times: user=0.00 sys=0.00, real=0.01 secs] 
2020-09-29T13:08:09.723+0200: 3.067: [GC (Allocation Failure) 2020-09-29T13:08:09.723+0200: 3.067: [ParNew: 549900K->138K(613440K), 0.0018573 secs] 550290K->529K(2029056K), 0.0019070 secs] [Times: user=0.00 sys=0.00, real=0.00 secs] 
2020-09-29T13:08:09.806+0200: 3.150: [GC (Allocation Failure) 2020-09-29T13:08:09.806+0200: 3.150: [ParNew: 545482K->12202K(613440K), 0.0102011 secs] 545873K->12592K(2029056K), 0.0102722 secs] [Times: user=0.00 sys=0.02, real=0.01 secs] 
2020-09-29T13:08:09.894+0200: 3.237: [GC (Allocation Failure) 2020-09-29T13:08:09.894+0200: 3.237: [ParNew: 557546K->17300K(613440K), 0.0094391 secs] 557936K->17691K(2029056K), 0.0095014 secs] [Times: user=0.13 sys=0.00, real=0.01 secs] 
2020-09-29T13:08:09.980+0200: 3.323: [GC (Allocation Failure) 2020-09-29T13:08:09.980+0200: 3.323: [ParNew: 562644K->12230K(613440K), 0.0083483 secs] 563035K->12620K(2029056K), 0.0084228 secs] [Times: user=0.00 sys=0.00, real=0.01 secs] 
2020-09-29T13:08:10.066+0200: 3.410: [GC (Allocation Failure) 2020-09-29T13:08:10.066+0200: 3.410: [ParNew: 557574K->8405K(613440K), 0.0074550 secs] 557964K->8796K(2029056K), 0.0075135 secs] [Times: user=0.05 sys=0.02, real=0.01 secs] 
2020-09-29T13:08:10.163+0200: 3.507: [GC (Allocation Failure) 2020-09-29T13:08:10.163+0200: 3.507: [ParNew: 553749K->7436K(613440K), 0.0069819 secs] 554140K->7826K(2029056K), 0.0070416 secs] [Times: user=0.00 sys=0.00, real=0.01 secs] 
2020-09-29T13:08:10.262+0200: 3.605: [GC (Allocation Failure) 2020-09-29T13:08:10.262+0200: 3.605: [ParNew: 552780K->4531K(613440K), 0.0057542 secs] 553170K->4922K(2029056K), 0.0058102 secs] [Times: user=0.00 sys=0.00, real=0.01 secs] 
2020-09-29T13:08:10.346+0200: 3.690: [GC (Allocation Failure) 2020-09-29T13:08:10.346+0200: 3.690: [ParNew: 549875K->136K(613440K), 0.0018087 secs] 550266K->526K(2029056K), 0.0018541 secs] [Times: user=0.13 sys=0.00, real=0.00 secs] 
2020-09-29T13:08:10.424+0200: 3.768: [GC (Allocation Failure) 2020-09-29T13:08:10.424+0200: 3.768: [ParNew: 545480K->12264K(613440K), 0.0100124 secs] 545870K->12654K(2029056K), 0.0100836 secs] [Times: user=0.13 sys=0.00, real=0.01 secs] 
2020-09-29T13:08:10.511+0200: 3.854: [GC (Allocation Failure) 2020-09-29T13:08:10.511+0200: 3.854: [ParNew: 557608K->16343K(613440K), 0.0092338 secs] 557998K->16733K(2029056K), 0.0092886 secs] [Times: user=0.13 sys=0.00, real=0.01 secs] 
2020-09-29T13:08:10.603+0200: 3.947: [GC (Allocation Failure) 2020-09-29T13:08:10.603+0200: 3.947: [ParNew: 561687K->11890K(613440K), 0.0083714 secs] 562077K->12280K(2029056K), 0.0084263 secs] [Times: user=0.00 sys=0.00, real=0.01 secs] 
2020-09-29T13:08:10.693+0200: 4.036: [GC (Allocation Failure) 2020-09-29T13:08:10.693+0200: 4.036: [ParNew: 557234K->7765K(613440K), 0.0071705 secs] 557624K->8155K(2029056K), 0.0072309 secs] [Times: user=0.00 sys=0.00, real=0.01 secs] 
2020-09-29T13:08:10.779+0200: 4.122: [GC (Allocation Failure) 2020-09-29T13:08:10.779+0200: 4.122: [ParNew: 553109K->6636K(613440K), 0.0059469 secs] 553499K->7027K(2029056K), 0.0060002 secs] [Times: user=0.00 sys=0.00, real=0.01 secs] 
2020-09-29T13:08:10.866+0200: 4.209: [GC (Allocation Failure) 2020-09-29T13:08:10.866+0200: 4.209: [ParNew: 551980K->4080K(613440K), 0.0045335 secs] 552371K->4470K(2029056K), 0.0045851 secs] [Times: user=0.00 sys=0.00, real=0.00 secs] 
2020-09-29T13:08:10.946+0200: 4.289: [GC (Allocation Failure) 2020-09-29T13:08:10.946+0200: 4.289: [ParNew: 549424K->71K(613440K), 0.0021885 secs] 549814K->461K(2029056K), 0.0022415 secs] [Times: user=0.00 sys=0.00, real=0.00 secs] 
2020-09-29T13:08:11.024+0200: 4.368: [GC (Allocation Failure) 2020-09-29T13:08:11.025+0200: 4.368: [ParNew: 545415K->12101K(613440K), 0.0100884 secs] 545805K->12492K(2029056K), 0.0101734 secs] [Times: user=0.00 sys=0.00, real=0.01 secs] 
2020-09-29T13:08:11.112+0200: 4.456: [GC (Allocation Failure) 2020-09-29T13:08:11.112+0200: 4.456: [ParNew: 557445K->17116K(613440K), 0.0091028 secs] 557836K->17506K(2029056K), 0.0091821 secs] [Times: user=0.13 sys=0.00, real=0.01 secs] 
2020-09-29T13:08:11.198+0200: 4.542: [GC (Allocation Failure) 2020-09-29T13:08:11.198+0200: 4.542: [ParNew: 562460K->12047K(613440K), 0.0081117 secs] 562850K->12437K(2029056K), 0.0081684 secs] [Times: user=0.00 sys=0.00, real=0.01 secs] 
2020-09-29T13:08:11.285+0200: 4.628: [GC (Allocation Failure) 2020-09-29T13:08:11.285+0200: 4.628: [ParNew: 557391K->8016K(613440K), 0.0069722 secs] 557781K->8406K(2029056K), 0.0070628 secs] [Times: user=0.13 sys=0.00, real=0.01 secs] 
2020-09-29T13:08:11.368+0200: 4.711: [GC (Allocation Failure) 2020-09-29T13:08:11.368+0200: 4.711: [ParNew: 553360K->6733K(613440K), 0.0061137 secs] 553750K->7123K(2029056K), 0.0061731 secs] [Times: user=0.00 sys=0.00, real=0.01 secs] 
2020-09-29T13:08:11.452+0200: 4.795: [GC (Allocation Failure) 2020-09-29T13:08:11.452+0200: 4.795: [ParNew: 550178K->273K(613440K), 0.0017473 secs] 550569K->664K(2029056K), 0.0017973 secs] [Times: user=0.00 sys=0.00, real=0.00 secs] 
2020-09-29T13:08:11.531+0200: 4.874: [GC (Allocation Failure) 2020-09-29T13:08:11.531+0200: 4.874: [ParNew: 545617K->12157K(613440K), 0.0101871 secs] 546008K->12547K(2029056K), 0.0102418 secs] [Times: user=0.13 sys=0.00, real=0.01 secs] 
2020-09-29T13:08:11.621+0200: 4.964: [GC (Allocation Failure) 2020-09-29T13:08:11.621+0200: 4.964: [ParNew: 557501K->17193K(613440K), 0.0091341 secs] 557891K->17583K(2029056K), 0.0091954 secs] [Times: user=0.13 sys=0.00, real=0.01 secs] 
2020-09-29T13:08:11.710+0200: 5.053: [GC (Allocation Failure) 2020-09-29T13:08:11.714+0200: 5.057: [ParNew: 562537K->12063K(613440K), 0.0087822 secs] 562927K->12454K(2029056K), 0.0130911 secs] [Times: user=0.01 sys=0.00, real=0.01 secs] 
2020-09-29T13:08:11.802+0200: 5.146: [GC (Allocation Failure) 2020-09-29T13:08:11.802+0200: 5.146: [ParNew: 557407K->8264K(613440K), 0.0074004 secs] 557798K->8654K(2029056K), 0.0074539 secs] [Times: user=0.00 sys=0.00, real=0.01 secs] 
2020-09-29T13:08:11.889+0200: 5.233: [GC (Allocation Failure) 2020-09-29T13:08:11.889+0200: 5.233: [ParNew: 553608K->7375K(613440K), 0.0065639 secs] 553998K->7765K(2029056K), 0.0066205 secs] [Times: user=0.13 sys=0.00, real=0.01 secs] 
2020-09-29T13:08:11.976+0200: 5.320: [GC (Allocation Failure) 2020-09-29T13:08:11.976+0200: 5.320: [ParNew: 552719K->5828K(613440K), 0.0054224 secs] 553109K->6219K(2029056K), 0.0054755 secs] [Times: user=0.00 sys=0.00, real=0.01 secs] 
2020-09-29T13:08:12.058+0200: 5.401: [GC (Allocation Failure) 2020-09-29T13:08:12.058+0200: 5.401: [ParNew: 551172K->168K(613440K), 0.0017848 secs] 551563K->558K(2029056K), 0.0018353 secs] [Times: user=0.00 sys=0.00, real=0.00 secs] 
2020-09-29T13:08:12.137+0200: 5.481: [GC (Allocation Failure) 2020-09-29T13:08:12.137+0200: 5.481: [ParNew: 545512K->12373K(613440K), 0.0103537 secs] 545902K->12763K(2029056K), 0.0104083 secs] [Times: user=0.13 sys=0.00, real=0.01 secs] 
2020-09-29T13:08:12.224+0200: 5.567: [GC (Allocation Failure) 2020-09-29T13:08:12.224+0200: 5.567: [ParNew: 557717K->17399K(613440K), 0.0091297 secs] 558107K->17789K(2029056K), 0.0091845 secs] [Times: user=0.00 sys=0.00, real=0.01 secs] 
2020-09-29T13:08:12.312+0200: 5.656: [GC (Allocation Failure) 2020-09-29T13:08:12.312+0200: 5.656: [ParNew: 562743K->12126K(613440K), 0.0085658 secs] 563133K->12516K(2029056K), 0.0086206 secs] [Times: user=0.13 sys=0.00, real=0.01 secs] 
2020-09-29T13:08:12.397+0200: 5.741: [GC (Allocation Failure) 2020-09-29T13:08:12.397+0200: 5.741: [ParNew: 557470K->8156K(613440K), 0.0072068 secs] 557860K->8547K(2029056K), 0.0072626 secs] [Times: user=0.00 sys=0.00, real=0.01 secs] 
2020-09-29T13:08:12.481+0200: 5.824: [GC (Allocation Failure) 2020-09-29T13:08:12.481+0200: 5.824: [ParNew: 553500K->7129K(613440K), 0.0058460 secs] 553891K->7520K(2029056K), 0.0059235 secs] [Times: user=0.00 sys=0.00, real=0.01 secs] 
2020-09-29T13:08:12.563+0200: 5.907: [GC (Allocation Failure) 2020-09-29T13:08:12.564+0200: 5.907: [ParNew: 552473K->4294K(613440K), 0.0048486 secs] 552864K->4684K(2029056K), 0.0049098 secs] [Times: user=0.13 sys=0.00, real=0.01 secs] 
2020-09-29T13:08:12.645+0200: 5.989: [GC (Allocation Failure) 2020-09-29T13:08:12.645+0200: 5.989: [ParNew: 549638K->90K(613440K), 0.0017325 secs] 550028K->480K(2029056K), 0.0017831 secs] [Times: user=0.00 sys=0.00, real=0.00 secs] 
2020-09-29T13:08:12.729+0200: 6.072: [GC (Allocation Failure) 2020-09-29T13:08:12.729+0200: 6.072: [ParNew: 545434K->11779K(613440K), 0.0106488 secs] 545824K->12169K(2029056K), 0.0107047 secs] [Times: user=0.13 sys=0.00, real=0.01 secs] 
2020-09-29T13:08:12.819+0200: 6.162: [GC (Allocation Failure) 2020-09-29T13:08:12.819+0200: 6.162: [ParNew: 557123K->15719K(613440K), 0.0089874 secs] 557513K->16109K(2029056K), 0.0090949 secs] [Times: user=0.00 sys=0.00, real=0.01 secs] 
2020-09-29T13:08:12.908+0200: 6.251: [GC (Allocation Failure) 2020-09-29T13:08:12.908+0200: 6.252: [ParNew: 561063K->11610K(613440K), 0.0080995 secs] 561453K->12000K(2029056K), 0.0081527 secs] [Times: user=0.13 sys=0.00, real=0.01 secs] 
2020-09-29T13:08:12.992+0200: 6.335: [GC (Allocation Failure) 2020-09-29T13:08:12.992+0200: 6.335: [ParNew: 556954K->7916K(613440K), 0.0074451 secs] 557344K->8306K(2029056K), 0.0074967 secs] [Times: user=0.00 sys=0.00, real=0.01 secs] 
2020-09-29T13:08:13.078+0200: 6.421: [GC (Allocation Failure) 2020-09-29T13:08:13.080+0200: 6.423: [ParNew: 553260K->7037K(613440K), 0.0065497 secs] 553650K->7427K(2029056K), 0.0090590 secs] [Times: user=0.13 sys=0.00, real=0.01 secs] 
2020-09-29T13:08:13.163+0200: 6.507: [GC (Allocation Failure) 2020-09-29T13:08:13.163+0200: 6.507: [ParNew: 552381K->5533K(613440K), 0.0053644 secs] 552771K->5923K(2029056K), 0.0054170 secs] [Times: user=0.00 sys=0.00, real=0.00 secs] 
2020-09-29T13:08:13.244+0200: 6.588: [GC (Allocation Failure) 2020-09-29T13:08:13.244+0200: 6.588: [ParNew: 550877K->184K(613440K), 0.0014780 secs] 551267K->574K(2029056K), 0.0015568 secs] [Times: user=0.00 sys=0.00, real=0.00 secs] 
2020-09-29T13:08:13.323+0200: 6.666: [GC (Allocation Failure) 2020-09-29T13:08:13.323+0200: 6.666: [ParNew: 545528K->12225K(613440K), 0.0102126 secs] 545918K->12615K(2029056K), 0.0102662 secs] [Times: user=0.13 sys=0.00, real=0.01 secs] 
2020-09-29T13:08:13.410+0200: 6.753: [GC (Allocation Failure) 2020-09-29T13:08:13.410+0200: 6.753: [ParNew: 557569K->16392K(613440K), 0.0091025 secs] 557959K->16782K(2029056K), 0.0091576 secs] [Times: user=0.13 sys=0.00, real=0.01 secs] 
2020-09-29T13:08:13.495+0200: 6.839: [GC (Allocation Failure) 2020-09-29T13:08:13.495+0200: 6.839: [ParNew: 561736K->11903K(613440K), 0.0078914 secs] 562126K->12294K(2029056K), 0.0079651 secs] [Times: user=0.00 sys=0.00, real=0.01 secs] 
2020-09-29T13:08:13.581+0200: 6.925: [GC (Allocation Failure) 2020-09-29T13:08:13.581+0200: 6.925: [ParNew: 557247K->7768K(613440K), 0.0072645 secs] 557638K->8158K(2029056K), 0.0073205 secs] [Times: user=0.13 sys=0.00, real=0.01 secs] 
2020-09-29T13:08:13.670+0200: 7.013: [GC (Allocation Failure) 2020-09-29T13:08:13.670+0200: 7.013: [ParNew: 553112K->6638K(613440K), 0.0061107 secs] 553502K->7028K(2029056K), 0.0061840 secs] [Times: user=0.00 sys=0.00, real=0.01 secs] 
2020-09-29T13:08:13.752+0200: 7.095: [GC (Allocation Failure) 2020-09-29T13:08:13.752+0200: 7.095: [ParNew: 551982K->4080K(613440K), 0.0046539 secs] 552372K->4470K(2029056K), 0.0047078 secs] [Times: user=0.13 sys=0.00, real=0.00 secs] 
2020-09-29T13:08:13.836+0200: 7.179: [GC (Allocation Failure) 2020-09-29T13:08:13.836+0200: 7.179: [ParNew: 549424K->71K(613440K), 0.0033580 secs] 549814K->461K(2029056K), 0.0034110 secs] [Times: user=0.00 sys=0.00, real=0.00 secs] 
2020-09-29T13:08:13.919+0200: 7.262: [GC (Allocation Failure) 2020-09-29T13:08:13.919+0200: 7.262: [ParNew: 545415K->12106K(613440K), 0.0100112 secs] 545805K->12496K(2029056K), 0.0100973 secs] [Times: user=0.13 sys=0.00, real=0.01 secs] 
2020-09-29T13:08:14.007+0200: 7.350: [GC (Allocation Failure) 2020-09-29T13:08:14.007+0200: 7.350: [ParNew: 557450K->17117K(613440K), 0.0093469 secs] 557840K->17507K(2029056K), 0.0094006 secs] [Times: user=0.00 sys=0.00, real=0.01 secs] 
2020-09-29T13:08:14.094+0200: 7.438: [GC (Allocation Failure) 2020-09-29T13:08:14.094+0200: 7.438: [ParNew: 562461K->12047K(613440K), 0.0078601 secs] 562851K->12437K(2029056K), 0.0079390 secs] [Times: user=0.13 sys=0.00, real=0.01 secs] 
2020-09-29T13:08:14.178+0200: 7.522: [GC (Allocation Failure) 2020-09-29T13:08:14.178+0200: 7.522: [ParNew: 557391K->8017K(613440K), 0.0068690 secs] 557781K->8407K(2029056K), 0.0069243 secs] [Times: user=0.00 sys=0.00, real=0.01 secs] 
2020-09-29T13:08:14.263+0200: 7.606: [GC (Allocation Failure) 2020-09-29T13:08:14.263+0200: 7.606: [ParNew: 553361K->6734K(613440K), 0.0061011 secs] 553751K->7124K(2029056K), 0.0061706 secs] [Times: user=0.00 sys=0.00, real=0.01 secs] 
2020-09-29T13:08:14.346+0200: 7.689: [GC (Allocation Failure) 2020-09-29T13:08:14.346+0200: 7.689: [ParNew: 550178K->273K(613440K), 0.0014701 secs] 550569K->664K(2029056K), 0.0015219 secs] [Times: user=0.00 sys=0.00, real=0.00 secs] 
2020-09-29T13:08:14.425+0200: 7.768: [GC (Allocation Failure) 2020-09-29T13:08:14.425+0200: 7.768: [ParNew: 545617K->12157K(613440K), 0.0099502 secs] 546008K->12547K(2029056K), 0.0100251 secs] [Times: user=0.13 sys=0.00, real=0.01 secs] 
2020-09-29T13:08:14.512+0200: 7.855: [GC (Allocation Failure) 2020-09-29T13:08:14.512+0200: 7.855: [ParNew: 557501K->17193K(613440K), 0.0092933 secs] 557891K->17583K(2029056K), 0.0093473 secs] [Times: user=0.13 sys=0.00, real=0.01 secs] 
2020-09-29T13:08:14.603+0200: 7.946: [GC (Allocation Failure) 2020-09-29T13:08:14.603+0200: 7.946: [ParNew: 562537K->12063K(613440K), 0.0089830 secs] 562927K->12454K(2029056K), 0.0090610 secs] [Times: user=0.00 sys=0.00, real=0.01 secs] 
2020-09-29T13:08:14.694+0200: 8.037: [GC (Allocation Failure) 2020-09-29T13:08:14.694+0200: 8.037: [ParNew: 557407K->8264K(613440K), 0.0075432 secs] 557798K->8654K(2029056K), 0.0075954 secs] [Times: user=0.00 sys=0.00, real=0.01 secs] 
2020-09-29T13:08:14.786+0200: 8.130: [GC (Allocation Failure) 2020-09-29T13:08:14.786+0200: 8.130: [ParNew: 553608K->7375K(613440K), 0.0065505 secs] 553998K->7765K(2029056K), 0.0066417 secs] [Times: user=0.00 sys=0.00, real=0.01 secs] 
2020-09-29T13:08:14.874+0200: 8.217: [GC (Allocation Failure) 2020-09-29T13:08:14.874+0200: 8.217: [ParNew: 552719K->5828K(613440K), 0.0050875 secs] 553109K->6219K(2029056K), 0.0051422 secs] [Times: user=0.00 sys=0.00, real=0.00 secs] 
2020-09-29T13:08:14.958+0200: 8.302: [GC (Allocation Failure) 2020-09-29T13:08:14.958+0200: 8.302: [ParNew: 551172K->168K(613440K), 0.0016875 secs] 551563K->558K(2029056K), 0.0017396 secs] [Times: user=0.00 sys=0.00, real=0.00 secs] 
2020-09-29T13:08:15.037+0200: 8.381: [GC (Allocation Failure) 2020-09-29T13:08:15.037+0200: 8.381: [ParNew: 545512K->12289K(613440K), 0.0102322 secs] 545902K->12679K(2029056K), 0.0102885 secs] [Times: user=0.00 sys=0.00, real=0.01 secs] 
2020-09-29T13:08:15.128+0200: 8.471: [GC (Allocation Failure) 2020-09-29T13:08:15.128+0200: 8.471: [ParNew: 557633K->17399K(613440K), 0.0092392 secs] 558023K->17789K(2029056K), 0.0092943 secs] [Times: user=0.13 sys=0.00, real=0.01 secs] 
2020-09-29T13:08:15.214+0200: 8.557: [GC (Allocation Failure) 2020-09-29T13:08:15.214+0200: 8.557: [ParNew: 562743K->12126K(613440K), 0.0081494 secs] 563133K->12516K(2029056K), 0.0082257 secs] [Times: user=0.00 sys=0.00, real=0.01 secs] 
2020-09-29T13:08:15.300+0200: 8.644: [GC (Allocation Failure) 2020-09-29T13:08:15.300+0200: 8.644: [ParNew: 557470K->8156K(613440K), 0.0074267 secs] 557860K->8547K(2029056K), 0.0074822 secs] [Times: user=0.13 sys=0.00, real=0.01 secs] 
2020-09-29T13:08:15.385+0200: 8.729: [GC (Allocation Failure) 2020-09-29T13:08:15.385+0200: 8.729: [ParNew: 553500K->7129K(613440K), 0.0058995 secs] 553891K->7520K(2029056K), 0.0059545 secs] [Times: user=0.00 sys=0.00, real=0.01 secs] 
2020-09-29T13:08:15.467+0200: 8.810: [GC (Allocation Failure) 2020-09-29T13:08:15.467+0200: 8.810: [ParNew: 552473K->4294K(613440K), 0.0050169 secs] 552864K->4684K(2029056K), 0.0050688 secs] [Times: user=0.00 sys=0.00, real=0.00 secs] 
2020-09-29T13:08:15.547+0200: 8.891: [GC (Allocation Failure) 2020-09-29T13:08:15.548+0200: 8.891: [ParNew: 549638K->90K(613440K), 0.0016655 secs] 550028K->480K(2029056K), 0.0017183 secs] [Times: user=0.00 sys=0.00, real=0.00 secs] 
2020-09-29T13:08:15.633+0200: 8.977: [GC (Allocation Failure) 2020-09-29T13:08:15.633+0200: 8.977: [ParNew: 545434K->11756K(613440K), 0.0101533 secs] 545824K->12146K(2029056K), 0.0102128 secs] [Times: user=0.00 sys=0.00, real=0.01 secs] 
2020-09-29T13:08:15.721+0200: 9.065: [GC (Allocation Failure) 2020-09-29T13:08:15.721+0200: 9.065: [ParNew: 557100K->16637K(613440K), 0.0091312 secs] 557490K->17027K(2029056K), 0.0091865 secs] [Times: user=0.13 sys=0.00, real=0.01 secs] 
2020-09-29T13:08:15.810+0200: 9.153: [GC (Allocation Failure) 2020-09-29T13:08:15.810+0200: 9.153: [ParNew: 561981K->11610K(613440K), 0.0082171 secs] 562371K->12000K(2029056K), 0.0082725 secs] [Times: user=0.13 sys=0.00, real=0.01 secs] 
2020-09-29T13:08:15.897+0200: 9.241: [GC (Allocation Failure) 2020-09-29T13:08:15.897+0200: 9.241: [ParNew: 556954K->7916K(613440K), 0.0070179 secs] 557344K->8306K(2029056K), 0.0070842 secs] [Times: user=0.00 sys=0.00, real=0.01 secs] 
2020-09-29T13:08:15.998+0200: 9.342: [GC (Allocation Failure) 2020-09-29T13:08:15.998+0200: 9.342: [ParNew: 553260K->7037K(613440K), 0.0068954 secs] 553650K->7427K(2029056K), 0.0069674 secs] [Times: user=0.13 sys=0.00, real=0.01 secs] 
2020-09-29T13:08:16.083+0200: 9.427: [GC (Allocation Failure) 2020-09-29T13:08:16.084+0200: 9.427: [ParNew: 552381K->5533K(613440K), 0.0053451 secs] 552771K->5923K(2029056K), 0.0054119 secs] [Times: user=0.00 sys=0.00, real=0.01 secs] 
2020-09-29T13:08:16.165+0200: 9.509: [GC (Allocation Failure) 2020-09-29T13:08:16.165+0200: 9.509: [ParNew: 550877K->184K(613440K), 0.0017700 secs] 551267K->574K(2029056K), 0.0018201 secs] [Times: user=0.00 sys=0.00, real=0.00 secs] 
2020-09-29T13:08:16.243+0200: 9.587: [GC (Allocation Failure) 2020-09-29T13:08:16.243+0200: 9.587: [ParNew: 545528K->12271K(613440K), 0.0099914 secs] 545918K->12661K(2029056K), 0.0100709 secs] [Times: user=0.00 sys=0.00, real=0.01 secs] 
2020-09-29T13:08:16.333+0200: 9.676: [GC (Allocation Failure) 2020-09-29T13:08:16.333+0200: 9.676: [ParNew: 557615K->17354K(613440K), 0.0091772 secs] 558005K->17744K(2029056K), 0.0092347 secs] [Times: user=0.00 sys=0.00, real=0.01 secs] 
2020-09-29T13:08:16.418+0200: 9.762: [GC (Allocation Failure) 2020-09-29T13:08:16.418+0200: 9.762: [ParNew: 562698K->11903K(613440K), 0.0079487 secs] 563088K->12294K(2029056K), 0.0080036 secs] [Times: user=0.13 sys=0.00, real=0.01 secs] 
2020-09-29T13:08:16.502+0200: 9.846: [GC (Allocation Failure) 2020-09-29T13:08:16.502+0200: 9.846: [ParNew: 557247K->7768K(613440K), 0.0069630 secs] 557638K->8158K(2029056K), 0.0070181 secs] [Times: user=0.13 sys=0.00, real=0.01 secs] 
2020-09-29T13:08:16.591+0200: 9.934: [GC (Allocation Failure) 2020-09-29T13:08:16.591+0200: 9.935: [ParNew: 553112K->6638K(613440K), 0.0068575 secs] 553502K->7028K(2029056K), 0.0069152 secs] [Times: user=0.00 sys=0.00, real=0.01 secs] 
2020-09-29T13:08:16.677+0200: 10.021: [GC (Allocation Failure) 2020-09-29T13:08:16.677+0200: 10.021: [ParNew: 551982K->4080K(613440K), 0.0046643 secs] 552372K->4470K(2029056K), 0.0047176 secs] [Times: user=0.00 sys=0.00, real=0.00 secs] 
2020-09-29T13:08:16.758+0200: 10.102: [GC (Allocation Failure) 2020-09-29T13:08:16.758+0200: 10.102: [ParNew: 549424K->71K(613440K), 0.0017033 secs] 549814K->461K(2029056K), 0.0017534 secs] [Times: user=0.00 sys=0.00, real=0.00 secs] 
2020-09-29T13:08:16.839+0200: 10.182: [GC (Allocation Failure) 2020-09-29T13:08:16.839+0200: 10.182: [ParNew: 545415K->12088K(613440K), 0.0101776 secs] 545805K->12478K(2029056K), 0.0102318 secs] [Times: user=0.13 sys=0.00, real=0.01 secs] 
2020-09-29T13:08:16.927+0200: 10.270: [GC (Allocation Failure) 2020-09-29T13:08:16.927+0200: 10.270: [ParNew: 557432K->17117K(613440K), 0.0095994 secs] 557822K->17507K(2029056K), 0.0096541 secs] [Times: user=0.00 sys=0.00, real=0.01 secs] 
2020-09-29T13:08:17.020+0200: 10.364: [GC (Allocation Failure) 2020-09-29T13:08:17.020+0200: 10.364: [ParNew: 562461K->12047K(613440K), 0.0086657 secs] 562851K->12437K(2029056K), 0.0087222 secs] [Times: user=0.00 sys=0.00, real=0.01 secs] 
2020-09-29T13:08:17.109+0200: 10.453: [GC (Allocation Failure) 2020-09-29T13:08:17.109+0200: 10.453: [ParNew: 557391K->8017K(613440K), 0.0068402 secs] 557781K->8407K(2029056K), 0.0068947 secs] [Times: user=0.13 sys=0.00, real=0.01 secs] 
2020-09-29T13:08:17.196+0200: 10.540: [GC (Allocation Failure) 2020-09-29T13:08:17.196+0200: 10.540: [ParNew: 553361K->6734K(613440K), 0.0062343 secs] 553751K->7124K(2029056K), 0.0062978 secs] [Times: user=0.00 sys=0.00, real=0.01 secs] 
2020-09-29T13:08:17.282+0200: 10.626: [GC (Allocation Failure) 2020-09-29T13:08:17.282+0200: 10.626: [ParNew: 550178K->273K(613440K), 0.0014556 secs] 550569K->664K(2029056K), 0.0015111 secs] [Times: user=0.00 sys=0.00, real=0.00 secs] 
2020-09-29T13:08:17.361+0200: 10.705: [GC (Allocation Failure) 2020-09-29T13:08:17.361+0200: 10.705: [ParNew: 545617K->12088K(613440K), 0.0100720 secs] 546008K->12479K(2029056K), 0.0101309 secs] [Times: user=0.13 sys=0.00, real=0.01 secs] 
2020-09-29T13:08:17.450+0200: 10.794: [GC (Allocation Failure) 2020-09-29T13:08:17.450+0200: 10.794: [ParNew: 557432K->17193K(613440K), 0.0094300 secs] 557823K->17583K(2029056K), 0.0094859 secs] [Times: user=0.13 sys=0.00, real=0.01 secs] 
2020-09-29T13:08:17.538+0200: 10.882: [GC (Allocation Failure) 2020-09-29T13:08:17.538+0200: 10.882: [ParNew: 562537K->12063K(613440K), 0.0082513 secs] 562927K->12454K(2029056K), 0.0083048 secs] [Times: user=0.00 sys=0.00, real=0.01 secs] 
2020-09-29T13:08:17.629+0200: 10.973: [GC (Allocation Failure) 2020-09-29T13:08:17.629+0200: 10.973: [ParNew: 557407K->8264K(613440K), 0.0076927 secs] 557798K->8654K(2029056K), 0.0077488 secs] [Times: user=0.00 sys=0.00, real=0.01 secs] 
2020-09-29T13:08:17.714+0200: 11.057: [GC (Allocation Failure) 2020-09-29T13:08:17.714+0200: 11.057: [ParNew: 553608K->7375K(613440K), 0.0066259 secs] 553998K->7765K(2029056K), 0.0066815 secs] [Times: user=0.00 sys=0.00, real=0.01 secs] 
2020-09-29T13:08:17.798+0200: 11.142: [GC (Allocation Failure) 2020-09-29T13:08:17.798+0200: 11.142: [ParNew: 552719K->5828K(613440K), 0.0059754 secs] 553109K->6219K(2029056K), 0.0060280 secs] [Times: user=0.13 sys=0.00, real=0.01 secs] 
2020-09-29T13:08:17.882+0200: 11.226: [GC (Allocation Failure) 2020-09-29T13:08:17.882+0200: 11.226: [ParNew: 551172K->168K(613440K), 0.0021833 secs] 551563K->558K(2029056K), 0.0022349 secs] [Times: user=0.00 sys=0.00, real=0.00 secs] 
2020-09-29T13:08:17.961+0200: 11.305: [GC (Allocation Failure) 2020-09-29T13:08:17.961+0200: 11.305: [ParNew: 545512K->12331K(613440K), 0.0105928 secs] 545902K->12721K(2029056K), 0.0106515 secs] [Times: user=0.00 sys=0.00, real=0.01 secs] 
2020-09-29T13:08:18.051+0200: 11.395: [GC (Allocation Failure) 2020-09-29T13:08:18.052+0200: 11.395: [ParNew: 557675K->16434K(613440K), 0.0092018 secs] 558065K->16824K(2029056K), 0.0092882 secs] [Times: user=0.00 sys=0.00, real=0.01 secs] 
2020-09-29T13:08:18.140+0200: 11.483: [GC (Allocation Failure) 2020-09-29T13:08:18.140+0200: 11.484: [ParNew: 561778K->12126K(613440K), 0.0080749 secs] 562168K->12516K(2029056K), 0.0081528 secs] [Times: user=0.13 sys=0.00, real=0.01 secs] 
2020-09-29T13:08:18.227+0200: 11.570: [GC (Allocation Failure) 2020-09-29T13:08:18.227+0200: 11.570: [ParNew: 557470K->8156K(613440K), 0.0070874 secs] 557860K->8547K(2029056K), 0.0071529 secs] [Times: user=0.00 sys=0.00, real=0.01 secs] 
2020-09-29T13:08:18.312+0200: 11.655: [GC (Allocation Failure) 2020-09-29T13:08:18.312+0200: 11.655: [ParNew: 553500K->7129K(613440K), 0.0062481 secs] 553891K->7520K(2029056K), 0.0063028 secs] [Times: user=0.13 sys=0.00, real=0.01 secs] 
2020-09-29T13:08:18.394+0200: 11.738: [GC (Allocation Failure) 2020-09-29T13:08:18.394+0200: 11.738: [ParNew: 552473K->4294K(613440K), 0.0048058 secs] 552864K->4684K(2029056K), 0.0048596 secs] [Times: user=0.02 sys=0.00, real=0.00 secs] 
2020-09-29T13:08:18.475+0200: 11.818: [GC (Allocation Failure) 2020-09-29T13:08:18.475+0200: 11.818: [ParNew: 549638K->90K(613440K), 0.0016687 secs] 550028K->480K(2029056K), 0.0017187 secs] [Times: user=0.00 sys=0.00, real=0.00 secs] 
2020-09-29T13:08:18.564+0200: 11.907: [GC (Allocation Failure) 2020-09-29T13:08:18.564+0200: 11.907: [ParNew: 545434K->11801K(613440K), 0.0121534 secs] 545824K->12192K(2029056K), 0.0122254 secs] [Times: user=0.09 sys=0.00, real=0.01 secs] 
2020-09-29T13:08:18.659+0200: 12.002: [GC (Allocation Failure) 2020-09-29T13:08:18.659+0200: 12.002: [ParNew: 557145K->16637K(613440K), 0.0089851 secs] 557536K->17027K(2029056K), 0.0090398 secs] [Times: user=0.13 sys=0.00, real=0.01 secs] 
2020-09-29T13:08:18.745+0200: 12.088: [GC (Allocation Failure) 2020-09-29T13:08:18.745+0200: 12.088: [ParNew: 561981K->11610K(613440K), 0.0080860 secs] 562371K->12000K(2029056K), 0.0081845 secs] [Times: user=0.00 sys=0.00, real=0.01 secs] 
2020-09-29T13:08:18.835+0200: 12.178: [GC (Allocation Failure) 2020-09-29T13:08:18.835+0200: 12.178: [ParNew: 556954K->7916K(613440K), 0.0075310 secs] 557344K->8306K(2029056K), 0.0075856 secs] [Times: user=0.00 sys=0.00, real=0.01 secs] 
2020-09-29T13:08:18.920+0200: 12.264: [GC (Allocation Failure) 2020-09-29T13:08:18.920+0200: 12.264: [ParNew: 553260K->7037K(613440K), 0.0060003 secs] 553650K->7427K(2029056K), 0.0060616 secs] [Times: user=0.11 sys=0.00, real=0.01 secs] 
2020-09-29T13:08:19.004+0200: 12.348: [GC (Allocation Failure) 2020-09-29T13:08:19.004+0200: 12.348: [ParNew: 552381K->5533K(613440K), 0.0054371 secs] 552771K->5923K(2029056K), 0.0054922 secs] [Times: user=0.00 sys=0.00, real=0.01 secs] 
2020-09-29T13:08:19.090+0200: 12.434: [GC (Allocation Failure) 2020-09-29T13:08:19.090+0200: 12.434: [ParNew: 550877K->184K(613440K), 0.0015922 secs] 551267K->574K(2029056K), 0.0016433 secs] [Times: user=0.00 sys=0.00, real=0.00 secs] 
2020-09-29T13:08:19.169+0200: 12.513: [GC (Allocation Failure) 2020-09-29T13:08:19.169+0200: 12.513: [ParNew: 545528K->12363K(613440K), 0.0100334 secs] 545918K->12753K(2029056K), 0.0100962 secs] [Times: user=0.13 sys=0.00, real=0.01 secs] 
2020-09-29T13:08:19.258+0200: 12.601: [GC (Allocation Failure) 2020-09-29T13:08:19.258+0200: 12.601: [ParNew: 557707K->17354K(613440K), 0.0091684 secs] 558097K->17744K(2029056K), 0.0092222 secs] [Times: user=0.00 sys=0.00, real=0.01 secs] 
2020-09-29T13:08:19.346+0200: 12.689: [GC (Allocation Failure) 2020-09-29T13:08:19.346+0200: 12.689: [ParNew: 562698K->11903K(613440K), 0.0081302 secs] 563088K->12294K(2029056K), 0.0081837 secs] [Times: user=0.13 sys=0.00, real=0.01 secs] 
2020-09-29T13:08:19.431+0200: 12.775: [GC (Allocation Failure) 2020-09-29T13:08:19.431+0200: 12.775: [ParNew: 557247K->7768K(613440K), 0.0069990 secs] 557638K->8158K(2029056K), 0.0070536 secs] [Times: user=0.00 sys=0.00, real=0.01 secs] 
2020-09-29T13:08:19.515+0200: 12.859: [GC (Allocation Failure) 2020-09-29T13:08:19.515+0200: 12.859: [ParNew: 553112K->6638K(613440K), 0.0060589 secs] 553502K->7028K(2029056K), 0.0061149 secs] [Times: user=0.13 sys=0.00, real=0.01 secs] 
2020-09-29T13:08:19.601+0200: 12.945: [GC (Allocation Failure) 2020-09-29T13:08:19.601+0200: 12.945: [ParNew: 551982K->3814K(613440K), 0.0050571 secs] 552372K->4204K(2029056K), 0.0051189 secs] [Times: user=0.00 sys=0.00, real=0.01 secs] 
2020-09-29T13:08:19.688+0200: 13.032: [GC (Allocation Failure) 2020-09-29T13:08:19.688+0200: 13.032: [ParNew: 549158K->71K(613440K), 0.0018003 secs] 549548K->461K(2029056K), 0.0018501 secs] [Times: user=0.00 sys=0.00, real=0.00 secs] 
2020-09-29T13:08:19.766+0200: 13.110: [GC (Allocation Failure) 2020-09-29T13:08:19.766+0200: 13.110: [ParNew: 545415K->12088K(613440K), 0.0101305 secs] 545805K->12478K(2029056K), 0.0102119 secs] [Times: user=0.13 sys=0.00, real=0.01 secs] 
2020-09-29T13:08:19.855+0200: 13.199: [GC (Allocation Failure) 2020-09-29T13:08:19.855+0200: 13.199: [ParNew: 557432K->17117K(613440K), 0.0093620 secs] 557822K->17507K(2029056K), 0.0094180 secs] [Times: user=0.13 sys=0.00, real=0.01 secs] 
2020-09-29T13:08:19.943+0200: 13.286: [GC (Allocation Failure) 2020-09-29T13:08:19.943+0200: 13.286: [ParNew: 562461K->12047K(613440K), 0.0082001 secs] 562851K->12437K(2029056K), 0.0082570 secs] [Times: user=0.00 sys=0.00, real=0.01 secs] 
2020-09-29T13:08:20.028+0200: 13.371: [GC (Allocation Failure) 2020-09-29T13:08:20.028+0200: 13.371: [ParNew: 557391K->8017K(613440K), 0.0074149 secs] 557781K->8407K(2029056K), 0.0074816 secs] [Times: user=0.00 sys=0.00, real=0.01 secs] 
2020-09-29T13:08:20.121+0200: 13.465: [GC (Allocation Failure) 2020-09-29T13:08:20.122+0200: 13.465: [ParNew: 553361K->6734K(613440K), 0.0066827 secs] 553751K->7124K(2029056K), 0.0067584 secs] [Times: user=0.00 sys=0.00, real=0.01 secs] 
2020-09-29T13:08:20.213+0200: 13.556: [GC (Allocation Failure) 2020-09-29T13:08:20.213+0200: 13.556: [ParNew: 550178K->273K(613440K), 0.0017714 secs] 550569K->664K(2029056K), 0.0018389 secs] [Times: user=0.00 sys=0.00, real=0.00 secs] 
2020-09-29T13:08:20.292+0200: 13.635: [GC (Allocation Failure) 2020-09-29T13:08:20.292+0200: 13.635: [ParNew: 545617K->12362K(613440K), 0.0105893 secs] 546008K->12752K(2029056K), 0.0106438 secs] [Times: user=0.13 sys=0.00, real=0.01 secs] 
2020-09-29T13:08:20.380+0200: 13.724: [GC (Allocation Failure) 2020-09-29T13:08:20.380+0200: 13.724: [ParNew: 557706K->17193K(613440K), 0.0093830 secs] 558096K->17583K(2029056K), 0.0094379 secs] [Times: user=0.00 sys=0.00, real=0.01 secs] 
2020-09-29T13:08:20.466+0200: 13.810: [GC (Allocation Failure) 2020-09-29T13:08:20.466+0200: 13.810: [ParNew: 562537K->12063K(613440K), 0.0083122 secs] 562927K->12454K(2029056K), 0.0083670 secs] [Times: user=0.13 sys=0.00, real=0.01 secs] 
2020-09-29T13:08:20.552+0200: 13.895: [GC (Allocation Failure) 2020-09-29T13:08:20.552+0200: 13.895: [ParNew: 557407K->8264K(613440K), 0.0072259 secs] 557798K->8654K(2029056K), 0.0073169 secs] [Times: user=0.00 sys=0.00, real=0.01 secs] 
2020-09-29T13:08:20.642+0200: 13.986: [GC (Allocation Failure) 2020-09-29T13:08:20.642+0200: 13.986: [ParNew: 553608K->7375K(613440K), 0.0067617 secs] 553998K->7765K(2029056K), 0.0068213 secs] [Times: user=0.13 sys=0.00, real=0.01 secs] 
2020-09-29T13:08:20.728+0200: 14.072: [GC (Allocation Failure) 2020-09-29T13:08:20.728+0200: 14.072: [ParNew: 552719K->5828K(613440K), 0.0054980 secs] 553109K->6219K(2029056K), 0.0055510 secs] [Times: user=0.00 sys=0.00, real=0.01 secs] 
2020-09-29T13:08:20.813+0200: 14.157: [GC (Allocation Failure) 2020-09-29T13:08:20.813+0200: 14.157: [ParNew: 551172K->168K(613440K), 0.0014334 secs] 551563K->558K(2029056K), 0.0014847 secs] [Times: user=0.00 sys=0.00, real=0.00 secs] 
2020-09-29T13:08:20.893+0200: 14.236: [GC (Allocation Failure) 2020-09-29T13:08:20.893+0200: 14.236: [ParNew: 545512K->12289K(613440K), 0.0105089 secs] 545902K->12679K(2029056K), 0.0105629 secs] [Times: user=0.11 sys=0.00, real=0.01 secs] 
2020-09-29T13:08:20.980+0200: 14.324: [GC (Allocation Failure) 2020-09-29T13:08:20.980+0200: 14.324: [ParNew: 557633K->17399K(613440K), 0.0091395 secs] 558023K->17789K(2029056K), 0.0091942 secs] [Times: user=0.13 sys=0.00, real=0.01 secs] 
2020-09-29T13:08:21.070+0200: 14.414: [GC (Allocation Failure) 2020-09-29T13:08:21.070+0200: 14.414: [ParNew: 562743K->12126K(613440K), 0.0086425 secs] 563133K->12516K(2029056K), 0.0086966 secs] [Times: user=0.00 sys=0.00, real=0.01 secs] 
2020-09-29T13:08:21.156+0200: 14.500: [GC (Allocation Failure) 2020-09-29T13:08:21.156+0200: 14.500: [ParNew: 557470K->8156K(613440K), 0.0074794 secs] 557860K->8547K(2029056K), 0.0075359 secs] [Times: user=0.13 sys=0.00, real=0.01 secs] 
2020-09-29T13:08:21.240+0200: 14.584: [GC (Allocation Failure) 2020-09-29T13:08:21.240+0200: 14.584: [ParNew: 553500K->7129K(613440K), 0.0058449 secs] 553891K->7520K(2029056K), 0.0059524 secs] [Times: user=0.00 sys=0.00, real=0.01 secs] 
2020-09-29T13:08:21.323+0200: 14.667: [GC (Allocation Failure) 2020-09-29T13:08:21.323+0200: 14.667: [ParNew: 552473K->4294K(613440K), 0.0049272 secs] 552864K->4684K(2029056K), 0.0049821 secs] [Times: user=0.00 sys=0.00, real=0.01 secs] 
2020-09-29T13:08:21.404+0200: 14.748: [GC (Allocation Failure) 2020-09-29T13:08:21.404+0200: 14.748: [ParNew: 549638K->90K(613440K), 0.0017113 secs] 550028K->480K(2029056K), 0.0017621 secs] [Times: user=0.00 sys=0.00, real=0.00 secs] 
2020-09-29T13:08:21.483+0200: 14.827: [GC (Allocation Failure) 2020-09-29T13:08:21.483+0200: 14.827: [ParNew: 545434K->11756K(613440K), 0.0099036 secs] 545824K->12146K(2029056K), 0.0099940 secs] [Times: user=0.13 sys=0.00, real=0.01 secs] 
2020-09-29T13:08:21.574+0200: 14.918: [GC (Allocation Failure) 2020-09-29T13:08:21.574+0200: 14.918: [ParNew: 557100K->14801K(613440K), 0.0096857 secs] 557490K->15192K(2029056K), 0.0097419 secs] [Times: user=0.11 sys=0.00, real=0.01 secs] 
2020-09-29T13:08:21.666+0200: 15.010: [GC (Allocation Failure) 2020-09-29T13:08:21.666+0200: 15.010: [ParNew: 560145K->9775K(613440K), 0.0083004 secs] 560536K->10165K(2029056K), 0.0083601 secs] [Times: user=0.00 sys=0.00, real=0.01 secs] 
2020-09-29T13:08:21.751+0200: 15.095: [GC (Allocation Failure) 2020-09-29T13:08:21.751+0200: 15.095: [ParNew: 555119K->8665K(613440K), 0.0071500 secs] 555509K->9055K(2029056K), 0.0072035 secs] [Times: user=0.13 sys=0.00, real=0.01 secs] 
2020-09-29T13:08:21.839+0200: 15.183: [GC (Allocation Failure) 2020-09-29T13:08:21.839+0200: 15.183: [ParNew: 554009K->7224K(613440K), 0.0065799 secs] 554399K->7615K(2029056K), 0.0066391 secs] [Times: user=0.00 sys=0.00, real=0.01 secs] 
2020-09-29T13:08:21.927+0200: 15.271: [GC (Allocation Failure) 2020-09-29T13:08:21.927+0200: 15.271: [ParNew: 552568K->4425K(613440K), 0.0051449 secs] 552959K->4815K(2029056K), 0.0051984 secs] [Times: user=0.00 sys=0.00, real=0.00 secs] 
2020-09-29T13:08:22.008+0200: 15.352: [GC (Allocation Failure) 2020-09-29T13:08:22.008+0200: 15.352: [ParNew: 549769K->222K(613440K), 0.0018383 secs] 550159K->612K(2029056K), 0.0018895 secs] [Times: user=0.00 sys=0.00, real=0.00 secs] 
2020-09-29T13:08:22.090+0200: 15.434: [GC (Allocation Failure) 2020-09-29T13:08:22.090+0200: 15.434: [ParNew: 545566K->12279K(613440K), 0.0105402 secs] 545956K->12669K(2029056K), 0.0105956 secs] [Times: user=0.13 sys=0.00, real=0.01 secs] 
2020-09-29T13:08:22.181+0200: 15.524: [GC (Allocation Failure) 2020-09-29T13:08:22.181+0200: 15.524: [ParNew: 557623K->16427K(613440K), 0.0088988 secs] 558013K->16817K(2029056K), 0.0089545 secs] [Times: user=0.00 sys=0.00, real=0.01 secs] 
2020-09-29T13:08:22.268+0200: 15.611: [GC (Allocation Failure) 2020-09-29T13:08:22.268+0200: 15.611: [ParNew: 561771K->11913K(613440K), 0.0080086 secs] 562161K->12303K(2029056K), 0.0080634 secs] [Times: user=0.13 sys=0.00, real=0.01 secs] 
2020-09-29T13:08:22.356+0200: 15.699: [GC (Allocation Failure) 2020-09-29T13:08:22.356+0200: 15.699: [ParNew: 557257K->7769K(613440K), 0.0068040 secs] 557647K->8159K(2029056K), 0.0068653 secs] [Times: user=0.00 sys=0.00, real=0.01 secs] 
2020-09-29T13:08:22.441+0200: 15.785: [GC (Allocation Failure) 2020-09-29T13:08:22.441+0200: 15.785: [ParNew: 553113K->6638K(613440K), 0.0056769 secs] 553503K->7028K(2029056K), 0.0057303 secs] [Times: user=0.13 sys=0.00, real=0.01 secs] 
2020-09-29T13:08:22.524+0200: 15.867: [GC (Allocation Failure) 2020-09-29T13:08:22.524+0200: 15.867: [ParNew: 551982K->4080K(613440K), 0.0047391 secs] 552372K->4470K(2029056K), 0.0047881 secs] [Times: user=0.00 sys=0.00, real=0.01 secs] 
2020-09-29T13:08:22.609+0200: 15.952: [GC (Allocation Failure) 2020-09-29T13:08:22.609+0200: 15.952: [ParNew: 549424K->71K(613440K), 0.0018987 secs] 549814K->461K(2029056K), 0.0019521 secs] [Times: user=0.00 sys=0.00, real=0.00 secs] 
2020-09-29T13:08:22.698+0200: 16.041: [GC (Allocation Failure) 2020-09-29T13:08:22.698+0200: 16.041: [ParNew: 545415K->12088K(613440K), 0.0103356 secs] 545805K->12478K(2029056K), 0.0103899 secs] [Times: user=0.13 sys=0.00, real=0.01 secs] 
2020-09-29T13:08:22.786+0200: 16.129: [GC (Allocation Failure) 2020-09-29T13:08:22.786+0200: 16.129: [ParNew: 557432K->16169K(613440K), 0.0095679 secs] 557822K->16560K(2029056K), 0.0096655 secs] [Times: user=0.00 sys=0.00, real=0.01 secs] 
2020-09-29T13:08:22.875+0200: 16.218: [GC (Allocation Failure) 2020-09-29T13:08:22.875+0200: 16.218: [ParNew: 561513K->12047K(613440K), 0.0082511 secs] 561904K->12437K(2029056K), 0.0083049 secs] [Times: user=0.13 sys=0.00, real=0.01 secs] 
2020-09-29T13:08:22.960+0200: 16.304: [GC (Allocation Failure) 2020-09-29T13:08:22.960+0200: 16.304: [ParNew: 557391K->8017K(613440K), 0.0069437 secs] 557781K->8407K(2029056K), 0.0069978 secs] [Times: user=0.00 sys=0.00, real=0.01 secs] 
2020-09-29T13:08:23.046+0200: 16.390: [GC (Allocation Failure) 2020-09-29T13:08:23.046+0200: 16.390: [ParNew: 553361K->6734K(613440K), 0.0059484 secs] 553751K->7124K(2029056K), 0.0060049 secs] [Times: user=0.13 sys=0.00, real=0.01 secs] 
2020-09-29T13:08:23.132+0200: 16.476: [GC (Allocation Failure) 2020-09-29T13:08:23.132+0200: 16.476: [ParNew: 550178K->273K(613440K), 0.0017970 secs] 550569K->664K(2029056K), 0.0018521 secs] [Times: user=0.00 sys=0.00, real=0.00 secs] 
2020-09-29T13:08:23.210+0200: 16.553: [GC (Allocation Failure) 2020-09-29T13:08:23.210+0200: 16.553: [ParNew: 545617K->12294K(613440K), 0.0101285 secs] 546008K->12684K(2029056K), 0.0101843 secs] [Times: user=0.00 sys=0.00, real=0.01 secs] 
2020-09-29T13:08:23.297+0200: 16.641: [GC (Allocation Failure) 2020-09-29T13:08:23.297+0200: 16.641: [ParNew: 557638K->15288K(613440K), 0.0097848 secs] 558028K->15678K(2029056K), 0.0098376 secs] [Times: user=0.13 sys=0.00, real=0.01 secs] 
2020-09-29T13:08:23.384+0200: 16.727: [GC (Allocation Failure) 2020-09-29T13:08:23.384+0200: 16.727: [ParNew: 560632K->10158K(613440K), 0.0081156 secs] 561022K->10549K(2029056K), 0.0081737 secs] [Times: user=0.00 sys=0.00, real=0.01 secs] 
2020-09-29T13:08:23.468+0200: 16.811: [GC (Allocation Failure) 2020-09-29T13:08:23.468+0200: 16.812: [ParNew: 555502K->9051K(613440K), 0.0073515 secs] 555893K->9442K(2029056K), 0.0074067 secs] [Times: user=0.13 sys=0.00, real=0.01 secs] 
2020-09-29T13:08:23.551+0200: 16.895: [GC (Allocation Failure) 2020-09-29T13:08:23.551+0200: 16.895: [ParNew: 554395K->7572K(613440K), 0.0062550 secs] 554786K->7962K(2029056K), 0.0063418 secs] [Times: user=0.00 sys=0.00, real=0.01 secs] 
2020-09-29T13:08:23.639+0200: 16.983: [GC (Allocation Failure) 2020-09-29T13:08:23.639+0200: 16.983: [ParNew: 552916K->4618K(613440K), 0.0053144 secs] 553306K->5008K(2029056K), 0.0053896 secs] [Times: user=0.00 sys=0.00, real=0.01 secs] 
2020-09-29T13:08:23.721+0200: 17.065: [GC (Allocation Failure) 2020-09-29T13:08:23.721+0200: 17.065: [ParNew: 549962K->154K(613440K), 0.0018290 secs] 550352K->544K(2029056K), 0.0018977 secs] [Times: user=0.00 sys=0.00, real=0.00 secs] 
2020-09-29T13:08:23.800+0200: 17.144: [GC (Allocation Failure) 2020-09-29T13:08:23.800+0200: 17.144: [ParNew: 545498K->12321K(613440K), 0.0104478 secs] 545888K->12711K(2029056K), 0.0105078 secs] [Times: user=0.13 sys=0.00, real=0.01 secs] 
2020-09-29T13:08:23.887+0200: 17.231: [GC (Allocation Failure) 2020-09-29T13:08:23.887+0200: 17.231: [ParNew: 557665K->17385K(613440K), 0.0092730 secs] 558055K->17775K(2029056K), 0.0093276 secs] [Times: user=0.13 sys=0.00, real=0.01 secs] 
2020-09-29T13:08:23.974+0200: 17.317: [GC (Allocation Failure) 2020-09-29T13:08:23.974+0200: 17.317: [ParNew: 562729K->12123K(613440K), 0.0081833 secs] 563119K->12513K(2029056K), 0.0099301 secs] [Times: user=0.00 sys=0.00, real=0.01 secs] 
2020-09-29T13:08:24.062+0200: 17.406: [GC (Allocation Failure) 2020-09-29T13:08:24.062+0200: 17.406: [ParNew: 557467K->8156K(613440K), 0.0076576 secs] 557857K->8546K(2029056K), 0.0077138 secs] [Times: user=0.13 sys=0.00, real=0.01 secs] 
2020-09-29T13:08:24.151+0200: 17.494: [GC (Allocation Failure) 2020-09-29T13:08:24.151+0200: 17.494: [ParNew: 553500K->7129K(613440K), 0.0060362 secs] 553890K->7520K(2029056K), 0.0060913 secs] [Times: user=0.00 sys=0.00, real=0.01 secs] 
2020-09-29T13:08:24.233+0200: 17.576: [GC (Allocation Failure) 2020-09-29T13:08:24.233+0200: 17.576: [ParNew: 552473K->4294K(613440K), 0.0048579 secs] 552864K->4684K(2029056K), 0.0049095 secs] [Times: user=0.00 sys=0.00, real=0.00 secs] 
2020-09-29T13:08:24.315+0200: 17.659: [GC (Allocation Failure) 2020-09-29T13:08:24.315+0200: 17.659: [ParNew: 549638K->90K(613440K), 0.0016818 secs] 550028K->480K(2029056K), 0.0017330 secs] [Times: user=0.13 sys=0.00, real=0.00 secs] 
2020-09-29T13:08:24.395+0200: 17.738: [GC (Allocation Failure) 2020-09-29T13:08:24.395+0200: 17.738: [ParNew: 545434K->11779K(613440K), 0.0100371 secs] 545824K->12169K(2029056K), 0.0100935 secs] [Times: user=0.13 sys=0.00, real=0.01 secs] 
2020-09-29T13:08:24.480+0200: 17.824: [GC (Allocation Failure) 2020-09-29T13:08:24.480+0200: 17.824: [ParNew: 557123K->16637K(613440K), 0.0088190 secs] 557513K->17027K(2029056K), 0.0088987 secs] [Times: user=0.11 sys=0.00, real=0.01 secs] 
2020-09-29T13:08:24.565+0200: 17.909: [GC (Allocation Failure) 2020-09-29T13:08:24.565+0200: 17.909: [ParNew: 561981K->10403K(613440K), 0.0085597 secs] 562371K->10793K(2029056K), 0.0086329 secs] [Times: user=0.13 sys=0.00, real=0.01 secs] 
2020-09-29T13:08:24.657+0200: 18.000: [GC (Allocation Failure) 2020-09-29T13:08:24.657+0200: 18.000: [ParNew: 555747K->7916K(613440K), 0.0073853 secs] 556137K->8306K(2029056K), 0.0074357 secs] [Times: user=0.13 sys=0.00, real=0.01 secs] 
2020-09-29T13:08:24.742+0200: 18.085: [GC (Allocation Failure) 2020-09-29T13:08:24.742+0200: 18.085: [ParNew: 553260K->7037K(613440K), 0.0062987 secs] 553650K->7427K(2029056K), 0.0063571 secs] [Times: user=0.00 sys=0.00, real=0.01 secs] 
2020-09-29T13:08:24.827+0200: 18.170: [GC (Allocation Failure) 2020-09-29T13:08:24.827+0200: 18.170: [ParNew: 552381K->5533K(613440K), 0.0053845 secs] 552771K->5923K(2029056K), 0.0054395 secs] [Times: user=0.00 sys=0.00, real=0.01 secs] 
2020-09-29T13:08:24.909+0200: 18.252: [GC (Allocation Failure) 2020-09-29T13:08:24.909+0200: 18.252: [ParNew: 550877K->184K(613440K), 0.0016864 secs] 551267K->574K(2029056K), 0.0017362 secs] [Times: user=0.00 sys=0.01, real=0.00 secs] 
2020-09-29T13:08:24.987+0200: 18.331: [GC (Allocation Failure) 2020-09-29T13:08:24.987+0200: 18.331: [ParNew: 545528K->12271K(613440K), 0.0100362 secs] 545918K->12661K(2029056K), 0.0101116 secs] [Times: user=0.13 sys=0.00, real=0.01 secs] 
2020-09-29T13:08:25.091+0200: 18.434: [GC (Allocation Failure) 2020-09-29T13:08:25.091+0200: 18.434: [ParNew: 557615K->16392K(613440K), 0.0100973 secs] 558005K->16782K(2029056K), 0.0101620 secs] [Times: user=0.13 sys=0.00, real=0.01 secs] 
2020-09-29T13:08:25.185+0200: 18.528: [GC (Allocation Failure) 2020-09-29T13:08:25.185+0200: 18.528: [ParNew: 561736K->11903K(613440K), 0.0081142 secs] 562126K->12294K(2029056K), 0.0081678 secs] [Times: user=0.13 sys=0.00, real=0.01 secs] 
2020-09-29T13:08:25.272+0200: 18.615: [GC (Allocation Failure) 2020-09-29T13:08:25.272+0200: 18.615: [ParNew: 557247K->7768K(613440K), 0.0068350 secs] 557638K->8158K(2029056K), 0.0068925 secs] [Times: user=0.00 sys=0.00, real=0.01 secs] 
2020-09-29T13:08:25.357+0200: 18.700: [GC (Allocation Failure) 2020-09-29T13:08:25.357+0200: 18.700: [ParNew: 553112K->6638K(613440K), 0.0060816 secs] 553502K->7028K(2029056K), 0.0061383 secs] [Times: user=0.00 sys=0.00, real=0.01 secs] 
2020-09-29T13:08:25.439+0200: 18.782: [GC (Allocation Failure) 2020-09-29T13:08:25.439+0200: 18.782: [ParNew: 551982K->4080K(613440K), 0.0045979 secs] 552372K->4470K(2029056K), 0.0046696 secs] [Times: user=0.13 sys=0.00, real=0.00 secs] 
2020-09-29T13:08:25.520+0200: 18.863: [GC (Allocation Failure) 2020-09-29T13:08:25.520+0200: 18.863: [ParNew: 549424K->71K(613440K), 0.0016518 secs] 549814K->461K(2029056K), 0.0016998 secs] [Times: user=0.00 sys=0.00, real=0.00 secs] 
2020-09-29T13:08:25.600+0200: 18.943: [GC (Allocation Failure) 2020-09-29T13:08:25.600+0200: 18.943: [ParNew: 545415K->12070K(613440K), 0.0111519 secs] 545805K->12460K(2029056K), 0.0112104 secs] [Times: user=0.00 sys=0.00, real=0.01 secs] 
2020-09-29T13:08:25.689+0200: 19.032: [GC (Allocation Failure) 2020-09-29T13:08:25.689+0200: 19.032: [ParNew: 557414K->17117K(613440K), 0.0091070 secs] 557804K->17507K(2029056K), 0.0091609 secs] [Times: user=0.13 sys=0.00, real=0.01 secs] 
2020-09-29T13:08:25.778+0200: 19.121: [GC (Allocation Failure) 2020-09-29T13:08:25.778+0200: 19.121: [ParNew: 562461K->12047K(613440K), 0.0082611 secs] 562851K->12437K(2029056K), 0.0083171 secs] [Times: user=0.13 sys=0.00, real=0.01 secs] 
2020-09-29T13:08:25.867+0200: 19.210: [GC (Allocation Failure) 2020-09-29T13:08:25.867+0200: 19.210: [ParNew: 557391K->8017K(613440K), 0.0070650 secs] 557781K->8407K(2029056K), 0.0071282 secs] [Times: user=0.00 sys=0.00, real=0.01 secs] 
2020-09-29T13:08:25.953+0200: 19.296: [GC (Allocation Failure) 2020-09-29T13:08:25.953+0200: 19.296: [ParNew: 553361K->6734K(613440K), 0.0058483 secs] 553751K->7124K(2029056K), 0.0059038 secs] [Times: user=0.13 sys=0.00, real=0.01 secs] 
2020-09-29T13:08:26.035+0200: 19.378: [GC (Allocation Failure) 2020-09-29T13:08:26.035+0200: 19.378: [ParNew: 550178K->273K(613440K), 0.0015884 secs] 550569K->664K(2029056K), 0.0016432 secs] [Times: user=0.13 sys=0.00, real=0.00 secs] 
2020-09-29T13:08:26.116+0200: 19.459: [GC (Allocation Failure) 2020-09-29T13:08:26.116+0200: 19.459: [ParNew: 545617K->12225K(613440K), 0.0101129 secs] 546008K->12616K(2029056K), 0.0101665 secs] [Times: user=0.00 sys=0.00, real=0.01 secs] 
2020-09-29T13:08:26.206+0200: 19.550: [GC (Allocation Failure) 2020-09-29T13:08:26.206+0200: 19.550: [ParNew: 557569K->17193K(613440K), 0.0092225 secs] 557960K->17583K(2029056K), 0.0092770 secs] [Times: user=0.13 sys=0.00, real=0.01 secs] 
2020-09-29T13:08:26.294+0200: 19.638: [GC (Allocation Failure) 2020-09-29T13:08:26.294+0200: 19.638: [ParNew: 562537K->12063K(613440K), 0.0081624 secs] 562927K->12454K(2029056K), 0.0082570 secs] [Times: user=0.13 sys=0.00, real=0.01 secs] 
2020-09-29T13:08:26.382+0200: 19.725: [GC (Allocation Failure) 2020-09-29T13:08:26.382+0200: 19.725: [ParNew: 557407K->8264K(613440K), 0.0073353 secs] 557798K->8654K(2029056K), 0.0073890 secs] [Times: user=0.00 sys=0.00, real=0.01 secs] 
2020-09-29T13:08:26.466+0200: 19.810: [GC (Allocation Failure) 2020-09-29T13:08:26.466+0200: 19.810: [ParNew: 553608K->7375K(613440K), 0.0065630 secs] 553998K->7765K(2029056K), 0.0066170 secs] [Times: user=0.13 sys=0.00, real=0.01 secs] 
2020-09-29T13:08:26.551+0200: 19.895: [GC (Allocation Failure) 2020-09-29T13:08:26.551+0200: 19.895: [ParNew: 552719K->5828K(613440K), 0.0054234 secs] 553109K->6219K(2029056K), 0.0054795 secs] [Times: user=0.02 sys=0.00, real=0.01 secs] 
2020-09-29T13:08:26.639+0200: 19.983: [GC (Allocation Failure) 2020-09-29T13:08:26.639+0200: 19.983: [ParNew: 551172K->168K(613440K), 0.0017213 secs] 551563K->558K(2029056K), 0.0017731 secs] [Times: user=0.00 sys=0.00, real=0.00 secs] 
2020-09-29T13:08:26.718+0200: 20.061: [GC (Allocation Failure) 2020-09-29T13:08:26.718+0200: 20.061: [ParNew: 545512K->12289K(613440K), 0.0100880 secs] 545902K->12679K(2029056K), 0.0101713 secs] [Times: user=0.13 sys=0.00, real=0.01 secs] 
2020-09-29T13:08:26.805+0200: 20.149: [GC (Allocation Failure) 2020-09-29T13:08:26.805+0200: 20.149: [ParNew: 557633K->17399K(613440K), 0.0090899 secs] 558023K->17789K(2029056K), 0.0091673 secs] [Times: user=0.00 sys=0.00, real=0.01 secs] 
2020-09-29T13:08:26.895+0200: 20.238: [GC (Allocation Failure) 2020-09-29T13:08:26.895+0200: 20.238: [ParNew: 562743K->12126K(613440K), 0.0080209 secs] 563133K->12516K(2029056K), 0.0080800 secs] [Times: user=0.00 sys=0.00, real=0.01 secs] 
2020-09-29T13:08:26.980+0200: 20.324: [GC (Allocation Failure) 2020-09-29T13:08:26.980+0200: 20.324: [ParNew: 557470K->8156K(613440K), 0.0073319 secs] 557860K->8547K(2029056K), 0.0073900 secs] [Times: user=0.00 sys=0.00, real=0.01 secs] 
2020-09-29T13:08:27.066+0200: 20.410: [GC (Allocation Failure) 2020-09-29T13:08:27.066+0200: 20.410: [ParNew: 553500K->7129K(613440K), 0.0061301 secs] 553891K->7520K(2029056K), 0.0061867 secs] [Times: user=0.05 sys=0.00, real=0.01 secs] 
2020-09-29T13:08:27.153+0200: 20.496: [GC (Allocation Failure) 2020-09-29T13:08:27.153+0200: 20.496: [ParNew: 552473K->4294K(613440K), 0.0050666 secs] 552864K->4684K(2029056K), 0.0051299 secs] [Times: user=0.00 sys=0.00, real=0.00 secs] 
2020-09-29T13:08:27.240+0200: 20.583: [GC (Allocation Failure) 2020-09-29T13:08:27.240+0200: 20.583: [ParNew: 549638K->90K(613440K), 0.0016867 secs] 550028K->480K(2029056K), 0.0017367 secs] [Times: user=0.00 sys=0.00, real=0.00 secs] 
2020-09-29T13:08:27.318+0200: 20.661: [GC (Allocation Failure) 2020-09-29T13:08:27.318+0200: 20.661: [ParNew: 545434K->11824K(613440K), 0.0101224 secs] 545824K->12214K(2029056K), 0.0101978 secs] [Times: user=0.00 sys=0.00, real=0.01 secs] 
2020-09-29T13:08:27.414+0200: 20.757: [GC (Allocation Failure) 2020-09-29T13:08:27.414+0200: 20.757: [ParNew: 557168K->14801K(613440K), 0.0105093 secs] 557558K->15192K(2029056K), 0.0105661 secs] [Times: user=0.00 sys=0.00, real=0.01 secs] 
2020-09-29T13:08:27.509+0200: 20.852: [GC (Allocation Failure) 2020-09-29T13:08:27.509+0200: 20.852: [ParNew: 560145K->9775K(613440K), 0.0081605 secs] 560536K->10165K(2029056K), 0.0082137 secs] [Times: user=0.00 sys=0.00, real=0.01 secs] 
2020-09-29T13:08:27.599+0200: 20.942: [GC (Allocation Failure) 2020-09-29T13:08:27.599+0200: 20.943: [ParNew: 555119K->8665K(613440K), 0.0085663 secs] 555509K->9055K(2029056K), 0.0086268 secs] [Times: user=0.00 sys=0.00, real=0.01 secs] 
2020-09-29T13:08:27.688+0200: 21.031: [GC (Allocation Failure) 2020-09-29T13:08:27.688+0200: 21.031: [ParNew: 554009K->7224K(613440K), 0.0064017 secs] 554399K->7615K(2029056K), 0.0064557 secs] [Times: user=0.13 sys=0.00, real=0.01 secs] 
2020-09-29T13:08:27.772+0200: 21.115: [GC (Allocation Failure) 2020-09-29T13:08:27.772+0200: 21.115: [ParNew: 552568K->4425K(613440K), 0.0056963 secs] 552959K->4815K(2029056K), 0.0057544 secs] [Times: user=0.00 sys=0.00, real=0.01 secs] 
2020-09-29T13:08:27.855+0200: 21.198: [GC (Allocation Failure) 2020-09-29T13:08:27.855+0200: 21.198: [ParNew: 549769K->222K(613440K), 0.0018292 secs] 550159K->612K(2029056K), 0.0018794 secs] [Times: user=0.00 sys=0.00, real=0.00 secs] 
2020-09-29T13:08:27.936+0200: 21.279: [GC (Allocation Failure) 2020-09-29T13:08:27.936+0200: 21.279: [ParNew: 545566K->12334K(613440K), 0.0109554 secs] 545956K->12724K(2029056K), 0.0110098 secs] [Times: user=0.13 sys=0.00, real=0.01 secs] 
2020-09-29T13:08:28.024+0200: 21.367: [GC (Allocation Failure) 2020-09-29T13:08:28.024+0200: 21.367: [ParNew: 557678K->16427K(613440K), 0.0093193 secs] 558068K->16817K(2029056K), 0.0093730 secs] [Times: user=0.00 sys=0.00, real=0.01 secs] 
2020-09-29T13:08:28.110+0200: 21.454: [GC (Allocation Failure) 2020-09-29T13:08:28.110+0200: 21.454: [ParNew: 561771K->11913K(613440K), 0.0082081 secs] 562161K->12303K(2029056K), 0.0082677 secs] [Times: user=0.13 sys=0.00, real=0.01 secs] 
2020-09-29T13:08:28.198+0200: 21.542: [GC (Allocation Failure) 2020-09-29T13:08:28.199+0200: 21.542: [ParNew: 557257K->7042K(613440K), 0.0072030 secs] 557647K->7432K(2029056K), 0.0072643 secs] [Times: user=0.00 sys=0.00, real=0.01 secs] 
2020-09-29T13:08:28.285+0200: 21.629: [GC (Allocation Failure) 2020-09-29T13:08:28.285+0200: 21.629: [ParNew: 552386K->6638K(613440K), 0.0061989 secs] 552776K->7028K(2029056K), 0.0062542 secs] [Times: user=0.03 sys=0.00, real=0.01 secs] 
2020-09-29T13:08:28.371+0200: 21.715: [GC (Allocation Failure) 2020-09-29T13:08:28.371+0200: 21.715: [ParNew: 551982K->4080K(613440K), 0.0050685 secs] 552372K->4470K(2029056K), 0.0051205 secs] [Times: user=0.00 sys=0.00, real=0.01 secs] 
2020-09-29T13:08:28.454+0200: 21.798: [GC (Allocation Failure) 2020-09-29T13:08:28.454+0200: 21.798: [ParNew: 549424K->71K(613440K), 0.0017754 secs] 549814K->461K(2029056K), 0.0018225 secs] [Times: user=0.00 sys=0.00, real=0.00 secs] 
2020-09-29T13:08:28.533+0200: 21.876: [GC (Allocation Failure) 2020-09-29T13:08:28.533+0200: 21.876: [ParNew: 545415K->12106K(613440K), 0.0102251 secs] 545805K->12496K(2029056K), 0.0102790 secs] [Times: user=0.13 sys=0.00, real=0.01 secs] 
Heap
 par new generation   total 613440K, used 546015K [0x0000000080000000, 0x00000000a9990000, 0x00000000a9990000)
  eden space 545344K,  97% used [0x0000000080000000, 0x00000000a0965330, 0x00000000a1490000)
  from space 68096K,  17% used [0x00000000a1490000, 0x00000000a2062910, 0x00000000a5710000)
  to   space 68096K,   0% used [0x00000000a5710000, 0x00000000a5710000, 0x00000000a9990000)
 concurrent mark-sweep generation total 1415616K, used 390K [0x00000000a9990000, 0x0000000100000000, 0x0000000100000000)
 Metaspace       used 2594K, capacity 4486K, committed 4864K, reserved 1056768K
  class space    used 285K, capacity 386K, committed 512K, reserved 1048576K
