Java HotSpot(TM) 64-Bit Server VM (25.261-b12) for windows-amd64 JRE (1.8.0_261-b12), built on Jun 18 2020 06:56:32 by "" with unknown MS VC++:1916
Memory: 4k page, physical 16659684k(8888232k free), swap 23213284k(7851224k free)
CommandLine flags: -XX:InitialHeapSize=2147483648 -XX:MaxHeapSize=2147483648 -XX:MaxNewSize=697933824 -XX:MaxTenuringThreshold=6 -XX:NewSize=697933824 -XX:OldPLABSize=16 -XX:OldSize=1395867648 -XX:+PrintGC -XX:+PrintGCDateStamps -XX:+PrintGCDetails -XX:+PrintGCTimeStamps -XX:+UseCompressedClassPointers -XX:+UseCompressedOops -XX:+UseConcMarkSweepGC -XX:-UseLargePagesIndividualAllocation -XX:+UseParNewGC 
2020-09-29T13:06:13.744+0200: 0.455: [GC (Allocation Failure) 2020-09-29T13:06:13.744+0200: 0.456: [ParNew: 545344K->4413K(613440K), 0.0164585 secs] 545344K->4413K(2029056K), 0.0165927 secs] [Times: user=0.13 sys=0.00, real=0.02 secs] 
2020-09-29T13:06:13.857+0200: 0.569: [GC (Allocation Failure) 2020-09-29T13:06:13.857+0200: 0.569: [ParNew: 549757K->4589K(613440K), 0.0064413 secs] 549757K->4589K(2029056K), 0.0064988 secs] [Times: user=0.02 sys=0.00, real=0.01 secs] 
2020-09-29T13:06:13.946+0200: 0.658: [GC (Allocation Failure) 2020-09-29T13:06:13.946+0200: 0.658: [ParNew: 549933K->1067K(613440K), 0.0021228 secs] 549933K->1067K(2029056K), 0.0021740 secs] [Times: user=0.00 sys=0.00, real=0.00 secs] 
2020-09-29T13:06:14.034+0200: 0.746: [GC (Allocation Failure) 2020-09-29T13:06:14.034+0200: 0.746: [ParNew: 546411K->12622K(613440K), 0.0136478 secs] 546411K->12622K(2029056K), 0.0137225 secs] [Times: user=0.13 sys=0.00, real=0.01 secs] 
2020-09-29T13:06:14.139+0200: 0.850: [GC (Allocation Failure) 2020-09-29T13:06:14.139+0200: 0.850: [ParNew: 557966K->17857K(613440K), 0.0124294 secs] 557966K->17857K(2029056K), 0.0124867 secs] [Times: user=0.13 sys=0.00, real=0.01 secs] 
2020-09-29T13:06:14.240+0200: 0.952: [GC (Allocation Failure) 2020-09-29T13:06:14.240+0200: 0.952: [ParNew: 563201K->12664K(613440K), 0.0088595 secs] 563201K->12664K(2029056K), 0.0089148 secs] [Times: user=0.00 sys=0.00, real=0.01 secs] 
2020-09-29T13:06:14.327+0200: 1.039: [GC (Allocation Failure) 2020-09-29T13:06:14.327+0200: 1.039: [ParNew: 558008K->8752K(613440K), 0.0087310 secs] 558008K->9143K(2029056K), 0.0087858 secs] [Times: user=0.13 sys=0.00, real=0.01 secs] 
2020-09-29T13:06:14.418+0200: 1.130: [GC (Allocation Failure) 2020-09-29T13:06:14.418+0200: 1.130: [ParNew: 554096K->7454K(613440K), 0.0068809 secs] 554487K->7844K(2029056K), 0.0069369 secs] [Times: user=0.00 sys=0.00, real=0.01 secs] 
2020-09-29T13:06:14.507+0200: 1.218: [GC (Allocation Failure) 2020-09-29T13:06:14.507+0200: 1.218: [ParNew: 552798K->5823K(613440K), 0.0055260 secs] 553188K->6213K(2029056K), 0.0055794 secs] [Times: user=0.00 sys=0.00, real=0.01 secs] 
2020-09-29T13:06:14.590+0200: 1.301: [GC (Allocation Failure) 2020-09-29T13:06:14.590+0200: 1.301: [ParNew: 551167K->163K(613440K), 0.0015204 secs] 551557K->553K(2029056K), 0.0015730 secs] [Times: user=0.00 sys=0.00, real=0.00 secs] 
2020-09-29T13:06:14.668+0200: 1.379: [GC (Allocation Failure) 2020-09-29T13:06:14.668+0200: 1.379: [ParNew: 545507K->12286K(613440K), 0.0104537 secs] 545897K->12676K(2029056K), 0.0105087 secs] [Times: user=0.13 sys=0.00, real=0.01 secs] 
2020-09-29T13:06:14.757+0200: 1.468: [GC (Allocation Failure) 2020-09-29T13:06:14.757+0200: 1.468: [ParNew: 557630K->17306K(613440K), 0.0093190 secs] 558020K->17696K(2029056K), 0.0093751 secs] [Times: user=0.00 sys=0.00, real=0.01 secs] 
2020-09-29T13:06:14.849+0200: 1.561: [GC (Allocation Failure) 2020-09-29T13:06:14.849+0200: 1.561: [ParNew: 562650K->11593K(613440K), 0.0095543 secs] 563040K->11983K(2029056K), 0.0096124 secs] [Times: user=0.00 sys=0.00, real=0.01 secs] 
2020-09-29T13:06:14.938+0200: 1.649: [GC (Allocation Failure) 2020-09-29T13:06:14.938+0200: 1.649: [ParNew: 556937K->8412K(613440K), 0.0075523 secs] 557327K->8802K(2029056K), 0.0076233 secs] [Times: user=0.13 sys=0.00, real=0.01 secs] 
2020-09-29T13:06:15.024+0200: 1.736: [GC (Allocation Failure) 2020-09-29T13:06:15.024+0200: 1.736: [ParNew: 553756K->7464K(613440K), 0.0067150 secs] 554146K->7854K(2029056K), 0.0068132 secs] [Times: user=0.00 sys=0.00, real=0.01 secs] 
2020-09-29T13:06:15.112+0200: 1.824: [GC (Allocation Failure) 2020-09-29T13:06:15.112+0200: 1.824: [ParNew: 552808K->5985K(613440K), 0.0055504 secs] 553198K->6376K(2029056K), 0.0056070 secs] [Times: user=0.13 sys=0.00, real=0.01 secs] 
2020-09-29T13:06:15.198+0200: 1.910: [GC (Allocation Failure) 2020-09-29T13:06:15.198+0200: 1.910: [ParNew: 550697K->220K(613440K), 0.0014903 secs] 551088K->610K(2029056K), 0.0015415 secs] [Times: user=0.00 sys=0.00, real=0.00 secs] 
2020-09-29T13:06:15.279+0200: 1.990: [GC (Allocation Failure) 2020-09-29T13:06:15.279+0200: 1.990: [ParNew: 545564K->12019K(613440K), 0.0100880 secs] 545954K->12409K(2029056K), 0.0101428 secs] [Times: user=0.13 sys=0.00, real=0.01 secs] 
2020-09-29T13:06:15.369+0200: 2.080: [GC (Allocation Failure) 2020-09-29T13:06:15.369+0200: 2.080: [ParNew: 557363K->16923K(613440K), 0.0097481 secs] 557753K->17313K(2029056K), 0.0098034 secs] [Times: user=0.00 sys=0.00, real=0.01 secs] 
2020-09-29T13:06:15.462+0200: 2.173: [GC (Allocation Failure) 2020-09-29T13:06:15.462+0200: 2.173: [ParNew: 562267K->11920K(613440K), 0.0080881 secs] 562657K->12310K(2029056K), 0.0081440 secs] [Times: user=0.00 sys=0.00, real=0.01 secs] 
2020-09-29T13:06:15.550+0200: 2.261: [GC (Allocation Failure) 2020-09-29T13:06:15.550+0200: 2.261: [ParNew: 557264K->8094K(613440K), 0.0073660 secs] 557654K->8484K(2029056K), 0.0074368 secs] [Times: user=0.13 sys=0.00, real=0.01 secs] 
2020-09-29T13:06:15.634+0200: 2.346: [GC (Allocation Failure) 2020-09-29T13:06:15.634+0200: 2.346: [ParNew: 553438K->7105K(613440K), 0.0062230 secs] 553828K->7495K(2029056K), 0.0062784 secs] [Times: user=0.00 sys=0.00, real=0.01 secs] 
2020-09-29T13:06:15.718+0200: 2.429: [GC (Allocation Failure) 2020-09-29T13:06:15.718+0200: 2.429: [ParNew: 552449K->5596K(613440K), 0.0052288 secs] 552839K->5987K(2029056K), 0.0052827 secs] [Times: user=0.00 sys=0.00, real=0.01 secs] 
2020-09-29T13:06:15.800+0200: 2.511: [GC (Allocation Failure) 2020-09-29T13:06:15.800+0200: 2.511: [ParNew: 550940K->151K(613440K), 0.0014935 secs] 551331K->541K(2029056K), 0.0015447 secs] [Times: user=0.00 sys=0.00, real=0.00 secs] 
2020-09-29T13:06:15.880+0200: 2.591: [GC (Allocation Failure) 2020-09-29T13:06:15.880+0200: 2.591: [ParNew: 545495K->12255K(613440K), 0.0106183 secs] 545885K->12645K(2029056K), 0.0106772 secs] [Times: user=0.00 sys=0.00, real=0.01 secs] 
2020-09-29T13:06:15.970+0200: 2.682: [GC (Allocation Failure) 2020-09-29T13:06:15.970+0200: 2.682: [ParNew: 557599K->17295K(613440K), 0.0092436 secs] 557989K->17685K(2029056K), 0.0093031 secs] [Times: user=0.13 sys=0.00, real=0.01 secs] 
2020-09-29T13:06:16.058+0200: 2.769: [GC (Allocation Failure) 2020-09-29T13:06:16.058+0200: 2.769: [ParNew: 562639K->12228K(613440K), 0.0086509 secs] 563029K->12618K(2029056K), 0.0087062 secs] [Times: user=0.13 sys=0.00, real=0.01 secs] 
2020-09-29T13:06:16.145+0200: 2.857: [GC (Allocation Failure) 2020-09-29T13:06:16.145+0200: 2.857: [ParNew: 557572K->8526K(613440K), 0.0073352 secs] 557962K->8916K(2029056K), 0.0074393 secs] [Times: user=0.00 sys=0.00, real=0.01 secs] 
2020-09-29T13:06:16.232+0200: 2.943: [GC (Allocation Failure) 2020-09-29T13:06:16.232+0200: 2.943: [ParNew: 553870K->7605K(613440K), 0.0063987 secs] 554260K->7995K(2029056K), 0.0064527 secs] [Times: user=0.00 sys=0.00, real=0.01 secs] 
2020-09-29T13:06:16.313+0200: 3.024: [GC (Allocation Failure) 2020-09-29T13:06:16.313+0200: 3.024: [ParNew: 552949K->4556K(613440K), 0.0053480 secs] 553339K->4946K(2029056K), 0.0054049 secs] [Times: user=0.13 sys=0.00, real=0.01 secs] 
2020-09-29T13:06:16.400+0200: 3.111: [GC (Allocation Failure) 2020-09-29T13:06:16.400+0200: 3.111: [ParNew: 549900K->138K(613440K), 0.0016245 secs] 550290K->529K(2029056K), 0.0016798 secs] [Times: user=0.00 sys=0.00, real=0.00 secs] 
2020-09-29T13:06:16.500+0200: 3.211: [GC (Allocation Failure) 2020-09-29T13:06:16.500+0200: 3.211: [ParNew: 545482K->12236K(613440K), 0.0113739 secs] 545873K->12627K(2029056K), 0.0114281 secs] [Times: user=0.13 sys=0.00, real=0.01 secs] 
2020-09-29T13:06:16.596+0200: 3.307: [GC (Allocation Failure) 2020-09-29T13:06:16.596+0200: 3.307: [ParNew: 557580K->14423K(613440K), 0.0102047 secs] 557971K->14813K(2029056K), 0.0102656 secs] [Times: user=0.11 sys=0.00, real=0.01 secs] 
2020-09-29T13:06:16.689+0200: 3.400: [GC (Allocation Failure) 2020-09-29T13:06:16.689+0200: 3.400: [ParNew: 559767K->10311K(613440K), 0.0083781 secs] 560157K->10701K(2029056K), 0.0084593 secs] [Times: user=0.13 sys=0.00, real=0.01 secs] 
2020-09-29T13:06:16.777+0200: 3.488: [GC (Allocation Failure) 2020-09-29T13:06:16.777+0200: 3.488: [ParNew: 555655K->9210K(613440K), 0.0077417 secs] 556045K->9601K(2029056K), 0.0077968 secs] [Times: user=0.00 sys=0.00, real=0.01 secs] 
2020-09-29T13:06:16.866+0200: 3.578: [GC (Allocation Failure) 2020-09-29T13:06:16.866+0200: 3.578: [ParNew: 554554K->7637K(613440K), 0.0064528 secs] 554945K->8027K(2029056K), 0.0065461 secs] [Times: user=0.00 sys=0.00, real=0.01 secs] 
2020-09-29T13:06:16.952+0200: 3.664: [GC (Allocation Failure) 2020-09-29T13:06:16.952+0200: 3.664: [ParNew: 552981K->4582K(613440K), 0.0053062 secs] 553371K->4972K(2029056K), 0.0053615 secs] [Times: user=0.00 sys=0.02, real=0.01 secs] 
2020-09-29T13:06:17.034+0200: 3.745: [GC (Allocation Failure) 2020-09-29T13:06:17.034+0200: 3.745: [ParNew: 549926K->137K(613440K), 0.0017095 secs] 550316K->527K(2029056K), 0.0017607 secs] [Times: user=0.00 sys=0.00, real=0.00 secs] 
2020-09-29T13:06:17.111+0200: 3.822: [GC (Allocation Failure) 2020-09-29T13:06:17.111+0200: 3.823: [ParNew: 545481K->12213K(613440K), 0.0102814 secs] 545871K->12603K(2029056K), 0.0103791 secs] [Times: user=0.13 sys=0.00, real=0.01 secs] 
2020-09-29T13:06:17.205+0200: 3.916: [GC (Allocation Failure) 2020-09-29T13:06:17.206+0200: 3.917: [ParNew: 557557K->17304K(613440K), 0.0099538 secs] 557947K->17694K(2029056K), 0.0110931 secs] [Times: user=0.13 sys=0.00, real=0.01 secs] 
2020-09-29T13:06:17.295+0200: 4.007: [GC (Allocation Failure) 2020-09-29T13:06:17.295+0200: 4.007: [ParNew: 562648K->11890K(613440K), 0.0077981 secs] 563038K->12280K(2029056K), 0.0078543 secs] [Times: user=0.13 sys=0.00, real=0.01 secs] 
2020-09-29T13:06:17.381+0200: 4.092: [GC (Allocation Failure) 2020-09-29T13:06:17.381+0200: 4.092: [ParNew: 557234K->7765K(613440K), 0.0072517 secs] 557624K->8155K(2029056K), 0.0073075 secs] [Times: user=0.00 sys=0.00, real=0.01 secs] 
2020-09-29T13:06:17.469+0200: 4.181: [GC (Allocation Failure) 2020-09-29T13:06:17.469+0200: 4.181: [ParNew: 553109K->6636K(613440K), 0.0061984 secs] 553499K->7027K(2029056K), 0.0062536 secs] [Times: user=0.13 sys=0.00, real=0.01 secs] 
2020-09-29T13:06:17.552+0200: 4.263: [GC (Allocation Failure) 2020-09-29T13:06:17.552+0200: 4.263: [ParNew: 551980K->4080K(613440K), 0.0047803 secs] 552371K->4470K(2029056K), 0.0048335 secs] [Times: user=0.00 sys=0.00, real=0.00 secs] 
2020-09-29T13:06:17.640+0200: 4.351: [GC (Allocation Failure) 2020-09-29T13:06:17.640+0200: 4.351: [ParNew: 549424K->71K(613440K), 0.0016777 secs] 549814K->461K(2029056K), 0.0017303 secs] [Times: user=0.00 sys=0.00, real=0.00 secs] 
2020-09-29T13:06:17.721+0200: 4.432: [GC (Allocation Failure) 2020-09-29T13:06:17.721+0200: 4.432: [ParNew: 545415K->12101K(613440K), 0.0104048 secs] 545805K->12492K(2029056K), 0.0104611 secs] [Times: user=0.13 sys=0.00, real=0.01 secs] 
2020-09-29T13:06:17.809+0200: 4.521: [GC (Allocation Failure) 2020-09-29T13:06:17.809+0200: 4.521: [ParNew: 557445K->17116K(613440K), 0.0092979 secs] 557836K->17506K(2029056K), 0.0093753 secs] [Times: user=0.13 sys=0.00, real=0.01 secs] 
2020-09-29T13:06:17.901+0200: 4.613: [GC (Allocation Failure) 2020-09-29T13:06:17.901+0200: 4.613: [ParNew: 562460K->12047K(613440K), 0.0086594 secs] 562850K->12437K(2029056K), 0.0087127 secs] [Times: user=0.00 sys=0.00, real=0.01 secs] 
2020-09-29T13:06:17.995+0200: 4.706: [GC (Allocation Failure) 2020-09-29T13:06:17.995+0200: 4.706: [ParNew: 557391K->8016K(613440K), 0.0082094 secs] 557781K->8406K(2029056K), 0.0082739 secs] [Times: user=0.00 sys=0.00, real=0.01 secs] 
2020-09-29T13:06:18.089+0200: 4.800: [GC (Allocation Failure) 2020-09-29T13:06:18.089+0200: 4.800: [ParNew: 553360K->6733K(613440K), 0.0062833 secs] 553750K->7123K(2029056K), 0.0063432 secs] [Times: user=0.00 sys=0.00, real=0.01 secs] 
2020-09-29T13:06:18.174+0200: 4.886: [GC (Allocation Failure) 2020-09-29T13:06:18.174+0200: 4.886: [ParNew: 550178K->273K(613440K), 0.0016675 secs] 550569K->664K(2029056K), 0.0017191 secs] [Times: user=0.00 sys=0.00, real=0.00 secs] 
2020-09-29T13:06:18.255+0200: 4.966: [GC (Allocation Failure) 2020-09-29T13:06:18.255+0200: 4.966: [ParNew: 545617K->12225K(613440K), 0.0100151 secs] 546008K->12616K(2029056K), 0.0100729 secs] [Times: user=0.00 sys=0.00, real=0.01 secs] 
2020-09-29T13:06:18.341+0200: 5.052: [GC (Allocation Failure) 2020-09-29T13:06:18.341+0200: 5.052: [ParNew: 557569K->17193K(613440K), 0.0091059 secs] 557960K->17583K(2029056K), 0.0091650 secs] [Times: user=0.13 sys=0.00, real=0.01 secs] 
2020-09-29T13:06:18.428+0200: 5.140: [GC (Allocation Failure) 2020-09-29T13:06:18.428+0200: 5.140: [ParNew: 562537K->12063K(613440K), 0.0081619 secs] 562927K->12454K(2029056K), 0.0082203 secs] [Times: user=0.00 sys=0.00, real=0.01 secs] 
2020-09-29T13:06:18.516+0200: 5.227: [GC (Allocation Failure) 2020-09-29T13:06:18.516+0200: 5.227: [ParNew: 557407K->8264K(613440K), 0.0078197 secs] 557798K->8654K(2029056K), 0.0078748 secs] [Times: user=0.13 sys=0.00, real=0.01 secs] 
2020-09-29T13:06:18.605+0200: 5.317: [GC (Allocation Failure) 2020-09-29T13:06:18.605+0200: 5.317: [ParNew: 553608K->7375K(613440K), 0.0068451 secs] 553998K->7765K(2029056K), 0.0069003 secs] [Times: user=0.00 sys=0.00, real=0.01 secs] 
2020-09-29T13:06:18.693+0200: 5.404: [GC (Allocation Failure) 2020-09-29T13:06:18.693+0200: 5.404: [ParNew: 552719K->5828K(613440K), 0.0055336 secs] 553109K->6219K(2029056K), 0.0055895 secs] [Times: user=0.00 sys=0.00, real=0.00 secs] 
2020-09-29T13:06:18.776+0200: 5.487: [GC (Allocation Failure) 2020-09-29T13:06:18.776+0200: 5.487: [ParNew: 551172K->168K(613440K), 0.0014678 secs] 551563K->558K(2029056K), 0.0015203 secs] [Times: user=0.00 sys=0.00, real=0.00 secs] 
2020-09-29T13:06:18.856+0200: 5.568: [GC (Allocation Failure) 2020-09-29T13:06:18.856+0200: 5.568: [ParNew: 545512K->12289K(613440K), 0.0110465 secs] 545902K->12679K(2029056K), 0.0111083 secs] [Times: user=0.13 sys=0.00, real=0.01 secs] 
2020-09-29T13:06:18.948+0200: 5.660: [GC (Allocation Failure) 2020-09-29T13:06:18.948+0200: 5.660: [ParNew: 557633K->17399K(613440K), 0.0092310 secs] 558023K->17789K(2029056K), 0.0092852 secs] [Times: user=0.13 sys=0.00, real=0.01 secs] 
2020-09-29T13:06:19.034+0200: 5.746: [GC (Allocation Failure) 2020-09-29T13:06:19.034+0200: 5.746: [ParNew: 562743K->12126K(613440K), 0.0081273 secs] 563133K->12516K(2029056K), 0.0081986 secs] [Times: user=0.13 sys=0.00, real=0.01 secs] 
2020-09-29T13:06:19.121+0200: 5.833: [GC (Allocation Failure) 2020-09-29T13:06:19.121+0200: 5.833: [ParNew: 557470K->8156K(613440K), 0.0076023 secs] 557860K->8547K(2029056K), 0.0076580 secs] [Times: user=0.02 sys=0.00, real=0.01 secs] 
2020-09-29T13:06:19.207+0200: 5.918: [GC (Allocation Failure) 2020-09-29T13:06:19.207+0200: 5.918: [ParNew: 553500K->7129K(613440K), 0.0061554 secs] 553891K->7520K(2029056K), 0.0062113 secs] [Times: user=0.00 sys=0.00, real=0.01 secs] 
2020-09-29T13:06:19.291+0200: 6.003: [GC (Allocation Failure) 2020-09-29T13:06:19.291+0200: 6.003: [ParNew: 552473K->4294K(613440K), 0.0050107 secs] 552864K->4684K(2029056K), 0.0050644 secs] [Times: user=0.00 sys=0.00, real=0.01 secs] 
2020-09-29T13:06:19.373+0200: 6.084: [GC (Allocation Failure) 2020-09-29T13:06:19.373+0200: 6.085: [ParNew: 549638K->90K(613440K), 0.0021077 secs] 550028K->480K(2029056K), 0.0021617 secs] [Times: user=0.00 sys=0.00, real=0.00 secs] 
2020-09-29T13:06:19.454+0200: 6.165: [GC (Allocation Failure) 2020-09-29T13:06:19.454+0200: 6.165: [ParNew: 545434K->11756K(613440K), 0.0099746 secs] 545824K->12146K(2029056K), 0.0100464 secs] [Times: user=0.13 sys=0.00, real=0.01 secs] 
2020-09-29T13:06:19.539+0200: 6.251: [GC (Allocation Failure) 2020-09-29T13:06:19.539+0200: 6.251: [ParNew: 557100K->16637K(613440K), 0.0091182 secs] 557490K->17027K(2029056K), 0.0091750 secs] [Times: user=0.00 sys=0.00, real=0.01 secs] 
2020-09-29T13:06:19.625+0200: 6.337: [GC (Allocation Failure) 2020-09-29T13:06:19.625+0200: 6.337: [ParNew: 561981K->11610K(613440K), 0.0082378 secs] 562371K->12000K(2029056K), 0.0082934 secs] [Times: user=0.13 sys=0.00, real=0.01 secs] 
2020-09-29T13:06:19.710+0200: 6.421: [GC (Allocation Failure) 2020-09-29T13:06:19.710+0200: 6.421: [ParNew: 556954K->7916K(613440K), 0.0072242 secs] 557344K->8306K(2029056K), 0.0072948 secs] [Times: user=0.00 sys=0.00, real=0.01 secs] 
2020-09-29T13:06:19.797+0200: 6.508: [GC (Allocation Failure) 2020-09-29T13:06:19.797+0200: 6.508: [ParNew: 553260K->7037K(613440K), 0.0067704 secs] 553650K->7427K(2029056K), 0.0068255 secs] [Times: user=0.13 sys=0.00, real=0.01 secs] 
2020-09-29T13:06:19.885+0200: 6.596: [GC (Allocation Failure) 2020-09-29T13:06:19.885+0200: 6.596: [ParNew: 552381K->5533K(613440K), 0.0057341 secs] 552771K->5923K(2029056K), 0.0057888 secs] [Times: user=0.00 sys=0.00, real=0.01 secs] 
2020-09-29T13:06:19.976+0200: 6.687: [GC (Allocation Failure) 2020-09-29T13:06:19.976+0200: 6.687: [ParNew: 550877K->184K(613440K), 0.0017742 secs] 551267K->574K(2029056K), 0.0018402 secs] [Times: user=0.00 sys=0.00, real=0.00 secs] 
2020-09-29T13:06:20.068+0200: 6.779: [GC (Allocation Failure) 2020-09-29T13:06:20.068+0200: 6.779: [ParNew: 545528K->12271K(613440K), 0.0104347 secs] 545918K->12661K(2029056K), 0.0104929 secs] [Times: user=0.00 sys=0.00, real=0.01 secs] 
2020-09-29T13:06:20.163+0200: 6.874: [GC (Allocation Failure) 2020-09-29T13:06:20.163+0200: 6.874: [ParNew: 557615K->16392K(613440K), 0.0105584 secs] 558005K->16782K(2029056K), 0.0106176 secs] [Times: user=0.00 sys=0.00, real=0.01 secs] 
2020-09-29T13:06:20.251+0200: 6.963: [GC (Allocation Failure) 2020-09-29T13:06:20.251+0200: 6.963: [ParNew: 561736K->11903K(613440K), 0.0081991 secs] 562126K->12294K(2029056K), 0.0082877 secs] [Times: user=0.13 sys=0.00, real=0.01 secs] 
2020-09-29T13:06:20.338+0200: 7.050: [GC (Allocation Failure) 2020-09-29T13:06:20.338+0200: 7.050: [ParNew: 557247K->7768K(613440K), 0.0072714 secs] 557638K->8158K(2029056K), 0.0073270 secs] [Times: user=0.00 sys=0.00, real=0.01 secs] 
2020-09-29T13:06:20.424+0200: 7.136: [GC (Allocation Failure) 2020-09-29T13:06:20.424+0200: 7.136: [ParNew: 553112K->6638K(613440K), 0.0060680 secs] 553502K->7028K(2029056K), 0.0061217 secs] [Times: user=0.13 sys=0.00, real=0.01 secs] 
2020-09-29T13:06:20.508+0200: 7.220: [GC (Allocation Failure) 2020-09-29T13:06:20.508+0200: 7.220: [ParNew: 551982K->4080K(613440K), 0.0044900 secs] 552372K->4470K(2029056K), 0.0045432 secs] [Times: user=0.00 sys=0.00, real=0.01 secs] 
2020-09-29T13:06:20.591+0200: 7.302: [GC (Allocation Failure) 2020-09-29T13:06:20.591+0200: 7.302: [ParNew: 549424K->71K(613440K), 0.0019405 secs] 549814K->461K(2029056K), 0.0019936 secs] [Times: user=0.00 sys=0.00, real=0.00 secs] 
2020-09-29T13:06:20.677+0200: 7.388: [GC (Allocation Failure) 2020-09-29T13:06:20.677+0200: 7.388: [ParNew: 545415K->12088K(613440K), 0.0102394 secs] 545805K->12478K(2029056K), 0.0102955 secs] [Times: user=0.00 sys=0.00, real=0.01 secs] 
2020-09-29T13:06:20.768+0200: 7.480: [GC (Allocation Failure) 2020-09-29T13:06:20.768+0200: 7.480: [ParNew: 557432K->17117K(613440K), 0.0095169 secs] 557822K->17507K(2029056K), 0.0095736 secs] [Times: user=0.13 sys=0.00, real=0.01 secs] 
2020-09-29T13:06:20.853+0200: 7.565: [GC (Allocation Failure) 2020-09-29T13:06:20.853+0200: 7.565: [ParNew: 562461K->12047K(613440K), 0.0087102 secs] 562851K->12437K(2029056K), 0.0087653 secs] [Times: user=0.00 sys=0.00, real=0.01 secs] 
2020-09-29T13:06:20.944+0200: 7.655: [GC (Allocation Failure) 2020-09-29T13:06:20.944+0200: 7.655: [ParNew: 557391K->8017K(613440K), 0.0069823 secs] 557781K->8407K(2029056K), 0.0070509 secs] [Times: user=0.00 sys=0.00, real=0.01 secs] 
2020-09-29T13:06:21.030+0200: 7.741: [GC (Allocation Failure) 2020-09-29T13:06:21.030+0200: 7.741: [ParNew: 553361K->6734K(613440K), 0.0061859 secs] 553751K->7124K(2029056K), 0.0062442 secs] [Times: user=0.01 sys=0.00, real=0.01 secs] 
2020-09-29T13:06:21.112+0200: 7.823: [GC (Allocation Failure) 2020-09-29T13:06:21.112+0200: 7.823: [ParNew: 550178K->273K(613440K), 0.0016709 secs] 550569K->664K(2029056K), 0.0017204 secs] [Times: user=0.00 sys=0.00, real=0.00 secs] 
2020-09-29T13:06:21.191+0200: 7.902: [GC (Allocation Failure) 2020-09-29T13:06:21.191+0200: 7.902: [ParNew: 545617K->12294K(613440K), 0.0101760 secs] 546008K->12684K(2029056K), 0.0102312 secs] [Times: user=0.13 sys=0.00, real=0.01 secs] 
2020-09-29T13:06:21.293+0200: 8.004: [GC (Allocation Failure) 2020-09-29T13:06:21.293+0200: 8.004: [ParNew: 557638K->17193K(613440K), 0.0095311 secs] 558028K->17583K(2029056K), 0.0110515 secs] [Times: user=0.13 sys=0.00, real=0.01 secs] 
2020-09-29T13:06:21.383+0200: 8.094: [GC (Allocation Failure) 2020-09-29T13:06:21.383+0200: 8.094: [ParNew: 562537K->12063K(613440K), 0.0084127 secs] 562927K->12454K(2029056K), 0.0084665 secs] [Times: user=0.00 sys=0.00, real=0.01 secs] 
2020-09-29T13:06:21.474+0200: 8.185: [GC (Allocation Failure) 2020-09-29T13:06:21.474+0200: 8.185: [ParNew: 557407K->8264K(613440K), 0.0074936 secs] 557798K->8654K(2029056K), 0.0075578 secs] [Times: user=0.00 sys=0.00, real=0.01 secs] 
2020-09-29T13:06:21.558+0200: 8.270: [GC (Allocation Failure) 2020-09-29T13:06:21.558+0200: 8.270: [ParNew: 553608K->7375K(613440K), 0.0064125 secs] 553998K->7765K(2029056K), 0.0064788 secs] [Times: user=0.00 sys=0.00, real=0.01 secs] 
2020-09-29T13:06:21.644+0200: 8.355: [GC (Allocation Failure) 2020-09-29T13:06:21.644+0200: 8.355: [ParNew: 552719K->5828K(613440K), 0.0056822 secs] 553109K->6219K(2029056K), 0.0057353 secs] [Times: user=0.13 sys=0.00, real=0.01 secs] 
2020-09-29T13:06:21.730+0200: 8.441: [GC (Allocation Failure) 2020-09-29T13:06:21.730+0200: 8.441: [ParNew: 551172K->168K(613440K), 0.0014840 secs] 551563K->558K(2029056K), 0.0015360 secs] [Times: user=0.00 sys=0.00, real=0.00 secs] 
2020-09-29T13:06:21.810+0200: 8.521: [GC (Allocation Failure) 2020-09-29T13:06:21.810+0200: 8.521: [ParNew: 545512K->12373K(613440K), 0.0102956 secs] 545902K->12763K(2029056K), 0.0103603 secs] [Times: user=0.13 sys=0.00, real=0.01 secs] 
2020-09-29T13:06:21.899+0200: 8.610: [GC (Allocation Failure) 2020-09-29T13:06:21.899+0200: 8.610: [ParNew: 557717K->17399K(613440K), 0.0091481 secs] 558107K->17789K(2029056K), 0.0092350 secs] [Times: user=0.00 sys=0.00, real=0.01 secs] 
2020-09-29T13:06:21.989+0200: 8.701: [GC (Allocation Failure) 2020-09-29T13:06:21.989+0200: 8.701: [ParNew: 562743K->12126K(613440K), 0.0087877 secs] 563133K->12516K(2029056K), 0.0088447 secs] [Times: user=0.00 sys=0.00, real=0.01 secs] 
2020-09-29T13:06:22.075+0200: 8.787: [GC (Allocation Failure) 2020-09-29T13:06:22.075+0200: 8.787: [ParNew: 557470K->8156K(613440K), 0.0070984 secs] 557860K->8547K(2029056K), 0.0071557 secs] [Times: user=0.13 sys=0.00, real=0.01 secs] 
2020-09-29T13:06:22.162+0200: 8.873: [GC (Allocation Failure) 2020-09-29T13:06:22.162+0200: 8.873: [ParNew: 553500K->7129K(613440K), 0.0060983 secs] 553891K->7520K(2029056K), 0.0061519 secs] [Times: user=0.00 sys=0.00, real=0.01 secs] 
2020-09-29T13:06:22.244+0200: 8.956: [GC (Allocation Failure) 2020-09-29T13:06:22.244+0200: 8.956: [ParNew: 552473K->4294K(613440K), 0.0047919 secs] 552864K->4684K(2029056K), 0.0048631 secs] [Times: user=0.00 sys=0.00, real=0.01 secs] 
2020-09-29T13:06:22.328+0200: 9.040: [GC (Allocation Failure) 2020-09-29T13:06:22.328+0200: 9.040: [ParNew: 549638K->90K(613440K), 0.0016829 secs] 550028K->480K(2029056K), 0.0017347 secs] [Times: user=0.00 sys=0.00, real=0.00 secs] 
2020-09-29T13:06:22.410+0200: 9.121: [GC (Allocation Failure) 2020-09-29T13:06:22.410+0200: 9.121: [ParNew: 545434K->11756K(613440K), 0.0103547 secs] 545824K->12146K(2029056K), 0.0104109 secs] [Times: user=0.13 sys=0.00, real=0.01 secs] 
2020-09-29T13:06:22.502+0200: 9.213: [GC (Allocation Failure) 2020-09-29T13:06:22.502+0200: 9.213: [ParNew: 557100K->16637K(613440K), 0.0089847 secs] 557490K->17027K(2029056K), 0.0090428 secs] [Times: user=0.13 sys=0.00, real=0.01 secs] 
2020-09-29T13:06:22.588+0200: 9.300: [GC (Allocation Failure) 2020-09-29T13:06:22.588+0200: 9.300: [ParNew: 561981K->11006K(613440K), 0.0083759 secs] 562371K->11397K(2029056K), 0.0084343 secs] [Times: user=0.00 sys=0.00, real=0.01 secs] 
2020-09-29T13:06:22.682+0200: 9.394: [GC (Allocation Failure) 2020-09-29T13:06:22.682+0200: 9.394: [ParNew: 556350K->7916K(613440K), 0.0075155 secs] 556741K->8306K(2029056K), 0.0075722 secs] [Times: user=0.00 sys=0.00, real=0.01 secs] 
2020-09-29T13:06:22.769+0200: 9.480: [GC (Allocation Failure) 2020-09-29T13:06:22.769+0200: 9.481: [ParNew: 553260K->7037K(613440K), 0.0063315 secs] 553650K->7427K(2029056K), 0.0064019 secs] [Times: user=0.13 sys=0.00, real=0.01 secs] 
2020-09-29T13:06:22.853+0200: 9.564: [GC (Allocation Failure) 2020-09-29T13:06:22.853+0200: 9.564: [ParNew: 552381K->5533K(613440K), 0.0053314 secs] 552771K->5923K(2029056K), 0.0054054 secs] [Times: user=0.00 sys=0.00, real=0.01 secs] 
2020-09-29T13:06:22.939+0200: 9.650: [GC (Allocation Failure) 2020-09-29T13:06:22.939+0200: 9.650: [ParNew: 550877K->184K(613440K), 0.0015774 secs] 551267K->574K(2029056K), 0.0016299 secs] [Times: user=0.00 sys=0.00, real=0.00 secs] 
2020-09-29T13:06:23.018+0200: 9.729: [GC (Allocation Failure) 2020-09-29T13:06:23.018+0200: 9.729: [ParNew: 545528K->12317K(613440K), 0.0103387 secs] 545918K->12707K(2029056K), 0.0103952 secs] [Times: user=0.13 sys=0.00, real=0.01 secs] 
2020-09-29T13:06:23.106+0200: 9.817: [GC (Allocation Failure) 2020-09-29T13:06:23.106+0200: 9.817: [ParNew: 557661K->16392K(613440K), 0.0091238 secs] 558051K->16782K(2029056K), 0.0091773 secs] [Times: user=0.13 sys=0.00, real=0.01 secs] 
2020-09-29T13:06:23.193+0200: 9.904: [GC (Allocation Failure) 2020-09-29T13:06:23.193+0200: 9.904: [ParNew: 561736K->11903K(613440K), 0.0078525 secs] 562126K->12294K(2029056K), 0.0079074 secs] [Times: user=0.00 sys=0.00, real=0.01 secs] 
2020-09-29T13:06:23.277+0200: 9.988: [GC (Allocation Failure) 2020-09-29T13:06:23.277+0200: 9.988: [ParNew: 557247K->7768K(613440K), 0.0070415 secs] 557638K->8158K(2029056K), 0.0070976 secs] [Times: user=0.00 sys=0.00, real=0.01 secs] 
2020-09-29T13:06:23.363+0200: 10.074: [GC (Allocation Failure) 2020-09-29T13:06:23.363+0200: 10.074: [ParNew: 553112K->6638K(613440K), 0.0058189 secs] 553502K->7028K(2029056K), 0.0058934 secs] [Times: user=0.09 sys=0.00, real=0.01 secs] 
2020-09-29T13:06:23.449+0200: 10.160: [GC (Allocation Failure) 2020-09-29T13:06:23.449+0200: 10.160: [ParNew: 551982K->4080K(613440K), 0.0044979 secs] 552372K->4470K(2029056K), 0.0045518 secs] [Times: user=0.00 sys=0.00, real=0.01 secs] 
2020-09-29T13:06:23.530+0200: 10.242: [GC (Allocation Failure) 2020-09-29T13:06:23.530+0200: 10.242: [ParNew: 549424K->71K(613440K), 0.0018542 secs] 549814K->461K(2029056K), 0.0019053 secs] [Times: user=0.00 sys=0.00, real=0.00 secs] 
2020-09-29T13:06:23.613+0200: 10.325: [GC (Allocation Failure) 2020-09-29T13:06:23.613+0200: 10.325: [ParNew: 545415K->12106K(613440K), 0.0103966 secs] 545805K->12496K(2029056K), 0.0104900 secs] [Times: user=0.13 sys=0.00, real=0.01 secs] 
2020-09-29T13:06:23.701+0200: 10.413: [GC (Allocation Failure) 2020-09-29T13:06:23.701+0200: 10.413: [ParNew: 557450K->17117K(613440K), 0.0094384 secs] 557840K->17507K(2029056K), 0.0095260 secs] [Times: user=0.13 sys=0.00, real=0.01 secs] 
2020-09-29T13:06:23.787+0200: 10.499: [GC (Allocation Failure) 2020-09-29T13:06:23.788+0200: 10.499: [ParNew: 562461K->12047K(613440K), 0.0081418 secs] 562851K->12437K(2029056K), 0.0082387 secs] [Times: user=0.00 sys=0.00, real=0.01 secs] 
2020-09-29T13:06:23.873+0200: 10.584: [GC (Allocation Failure) 2020-09-29T13:06:23.873+0200: 10.584: [ParNew: 557391K->8017K(613440K), 0.0070490 secs] 557781K->8407K(2029056K), 0.0071054 secs] [Times: user=0.13 sys=0.00, real=0.01 secs] 
2020-09-29T13:06:23.958+0200: 10.670: [GC (Allocation Failure) 2020-09-29T13:06:23.958+0200: 10.670: [ParNew: 553361K->6734K(613440K), 0.0060446 secs] 553751K->7124K(2029056K), 0.0060982 secs] [Times: user=0.00 sys=0.00, real=0.01 secs] 
2020-09-29T13:06:24.039+0200: 10.751: [GC (Allocation Failure) 2020-09-29T13:06:24.039+0200: 10.751: [ParNew: 550178K->273K(613440K), 0.0017124 secs] 550569K->664K(2029056K), 0.0017668 secs] [Times: user=0.00 sys=0.00, real=0.00 secs] 
2020-09-29T13:06:24.117+0200: 10.829: [GC (Allocation Failure) 2020-09-29T13:06:24.117+0200: 10.829: [ParNew: 545617K->12225K(613440K), 0.0101532 secs] 546008K->12616K(2029056K), 0.0102106 secs] [Times: user=0.00 sys=0.00, real=0.01 secs] 
2020-09-29T13:06:24.205+0200: 10.917: [GC (Allocation Failure) 2020-09-29T13:06:24.205+0200: 10.917: [ParNew: 557569K->17193K(613440K), 0.0092983 secs] 557960K->17583K(2029056K), 0.0093541 secs] [Times: user=0.13 sys=0.00, real=0.01 secs] 
2020-09-29T13:06:24.291+0200: 11.003: [GC (Allocation Failure) 2020-09-29T13:06:24.291+0200: 11.003: [ParNew: 562537K->12063K(613440K), 0.0081931 secs] 562927K->12454K(2029056K), 0.0082969 secs] [Times: user=0.00 sys=0.00, real=0.01 secs] 
2020-09-29T13:06:24.384+0200: 11.095: [GC (Allocation Failure) 2020-09-29T13:06:24.384+0200: 11.095: [ParNew: 557407K->8264K(613440K), 0.0078278 secs] 557798K->8654K(2029056K), 0.0078814 secs] [Times: user=0.00 sys=0.00, real=0.01 secs] 
2020-09-29T13:06:24.471+0200: 11.182: [GC (Allocation Failure) 2020-09-29T13:06:24.471+0200: 11.182: [ParNew: 553608K->7375K(613440K), 0.0062848 secs] 553998K->7765K(2029056K), 0.0063632 secs] [Times: user=0.13 sys=0.00, real=0.01 secs] 
2020-09-29T13:06:24.568+0200: 11.279: [GC (Allocation Failure) 2020-09-29T13:06:24.569+0200: 11.279: [ParNew: 552719K->5344K(613440K), 0.0064506 secs] 553109K->5734K(2029056K), 0.0065206 secs] [Times: user=0.00 sys=0.00, real=0.01 secs] 
2020-09-29T13:06:24.655+0200: 11.366: [GC (Allocation Failure) 2020-09-29T13:06:24.655+0200: 11.366: [ParNew: 550688K->192K(613440K), 0.0016831 secs] 551078K->582K(2029056K), 0.0017328 secs] [Times: user=0.00 sys=0.00, real=0.00 secs] 
2020-09-29T13:06:24.734+0200: 11.445: [GC (Allocation Failure) 2020-09-29T13:06:24.734+0200: 11.445: [ParNew: 545536K->12351K(613440K), 0.0102102 secs] 545926K->12741K(2029056K), 0.0102912 secs] [Times: user=0.13 sys=0.00, real=0.01 secs] 
2020-09-29T13:06:24.823+0200: 11.535: [GC (Allocation Failure) 2020-09-29T13:06:24.823+0200: 11.535: [ParNew: 557695K->17423K(613440K), 0.0091879 secs] 558085K->17813K(2029056K), 0.0092926 secs] [Times: user=0.13 sys=0.00, real=0.01 secs] 
2020-09-29T13:06:24.913+0200: 11.624: [GC (Allocation Failure) 2020-09-29T13:06:24.913+0200: 11.624: [ParNew: 562767K->12132K(613440K), 0.0082451 secs] 563157K->12522K(2029056K), 0.0082997 secs] [Times: user=0.00 sys=0.00, real=0.01 secs] 
2020-09-29T13:06:24.998+0200: 11.709: [GC (Allocation Failure) 2020-09-29T13:06:24.998+0200: 11.709: [ParNew: 557476K->8157K(613440K), 0.0072830 secs] 557866K->8547K(2029056K), 0.0073373 secs] [Times: user=0.13 sys=0.00, real=0.01 secs] 
2020-09-29T13:06:25.081+0200: 11.792: [GC (Allocation Failure) 2020-09-29T13:06:25.081+0200: 11.792: [ParNew: 553501K->7130K(613440K), 0.0061741 secs] 553891K->7520K(2029056K), 0.0062287 secs] [Times: user=0.13 sys=0.00, real=0.01 secs] 
2020-09-29T13:06:25.163+0200: 11.875: [GC (Allocation Failure) 2020-09-29T13:06:25.163+0200: 11.875: [ParNew: 552474K->4294K(613440K), 0.0047444 secs] 552864K->4684K(2029056K), 0.0047992 secs] [Times: user=0.00 sys=0.00, real=0.01 secs] 
2020-09-29T13:06:25.247+0200: 11.958: [GC (Allocation Failure) 2020-09-29T13:06:25.247+0200: 11.958: [ParNew: 549638K->90K(613440K), 0.0014761 secs] 550028K->480K(2029056K), 0.0015276 secs] [Times: user=0.00 sys=0.00, real=0.00 secs] 
2020-09-29T13:06:25.327+0200: 12.038: [GC (Allocation Failure) 2020-09-29T13:06:25.327+0200: 12.039: [ParNew: 545434K->11801K(613440K), 0.0099966 secs] 545824K->12192K(2029056K), 0.0100531 secs] [Times: user=0.13 sys=0.00, real=0.01 secs] 
2020-09-29T13:06:25.419+0200: 12.131: [GC (Allocation Failure) 2020-09-29T13:06:25.419+0200: 12.131: [ParNew: 557145K->16637K(613440K), 0.0092680 secs] 557536K->17027K(2029056K), 0.0093254 secs] [Times: user=0.13 sys=0.00, real=0.01 secs] 
2020-09-29T13:06:25.506+0200: 12.217: [GC (Allocation Failure) 2020-09-29T13:06:25.506+0200: 12.217: [ParNew: 561981K->11610K(613440K), 0.0083328 secs] 562371K->12000K(2029056K), 0.0084284 secs] [Times: user=0.00 sys=0.00, real=0.01 secs] 
2020-09-29T13:06:25.592+0200: 12.303: [GC (Allocation Failure) 2020-09-29T13:06:25.592+0200: 12.303: [ParNew: 556954K->8662K(613440K), 0.0076737 secs] 557344K->9052K(2029056K), 0.0077309 secs] [Times: user=0.11 sys=0.00, real=0.01 secs] 
2020-09-29T13:06:25.683+0200: 12.394: [GC (Allocation Failure) 2020-09-29T13:06:25.683+0200: 12.394: [ParNew: 554006K->7037K(613440K), 0.0064450 secs] 554396K->7427K(2029056K), 0.0064983 secs] [Times: user=0.00 sys=0.00, real=0.01 secs] 
2020-09-29T13:06:25.767+0200: 12.478: [GC (Allocation Failure) 2020-09-29T13:06:25.767+0200: 12.478: [ParNew: 552381K->5533K(613440K), 0.0056067 secs] 552771K->5923K(2029056K), 0.0056622 secs] [Times: user=0.13 sys=0.00, real=0.01 secs] 
2020-09-29T13:06:25.849+0200: 12.561: [GC (Allocation Failure) 2020-09-29T13:06:25.849+0200: 12.561: [ParNew: 550877K->184K(613440K), 0.0024842 secs] 551267K->574K(2029056K), 0.0025421 secs] [Times: user=0.00 sys=0.00, real=0.00 secs] 
2020-09-29T13:06:25.930+0200: 12.642: [GC (Allocation Failure) 2020-09-29T13:06:25.930+0200: 12.642: [ParNew: 545528K->12271K(613440K), 0.0101863 secs] 545918K->12661K(2029056K), 0.0102445 secs] [Times: user=0.00 sys=0.00, real=0.01 secs] 
2020-09-29T13:06:26.017+0200: 12.729: [GC (Allocation Failure) 2020-09-29T13:06:26.017+0200: 12.729: [ParNew: 557615K->17354K(613440K), 0.0089170 secs] 558005K->17744K(2029056K), 0.0089871 secs] [Times: user=0.13 sys=0.00, real=0.01 secs] 
2020-09-29T13:06:26.102+0200: 12.814: [GC (Allocation Failure) 2020-09-29T13:06:26.102+0200: 12.814: [ParNew: 562698K->11903K(613440K), 0.0078328 secs] 563088K->12294K(2029056K), 0.0079225 secs] [Times: user=0.00 sys=0.00, real=0.01 secs] 
2020-09-29T13:06:26.187+0200: 12.899: [GC (Allocation Failure) 2020-09-29T13:06:26.187+0200: 12.899: [ParNew: 557247K->7768K(613440K), 0.0068574 secs] 557638K->8158K(2029056K), 0.0069122 secs] [Times: user=0.13 sys=0.00, real=0.01 secs] 
2020-09-29T13:06:26.271+0200: 12.982: [GC (Allocation Failure) 2020-09-29T13:06:26.271+0200: 12.982: [ParNew: 553112K->6638K(613440K), 0.0061224 secs] 553502K->7028K(2029056K), 0.0061772 secs] [Times: user=0.00 sys=0.00, real=0.01 secs] 
2020-09-29T13:06:26.352+0200: 13.064: [GC (Allocation Failure) 2020-09-29T13:06:26.352+0200: 13.064: [ParNew: 551982K->4080K(613440K), 0.0044912 secs] 552372K->4470K(2029056K), 0.0045433 secs] [Times: user=0.00 sys=0.00, real=0.01 secs] 
2020-09-29T13:06:26.438+0200: 13.150: [GC (Allocation Failure) 2020-09-29T13:06:26.438+0200: 13.150: [ParNew: 549424K->71K(613440K), 0.0021445 secs] 549814K->461K(2029056K), 0.0021961 secs] [Times: user=0.00 sys=0.00, real=0.00 secs] 
2020-09-29T13:06:26.528+0200: 13.239: [GC (Allocation Failure) 2020-09-29T13:06:26.528+0200: 13.239: [ParNew: 545415K->12106K(613440K), 0.0115698 secs] 545805K->12496K(2029056K), 0.0116279 secs] [Times: user=0.09 sys=0.00, real=0.01 secs] 
2020-09-29T13:06:26.619+0200: 13.331: [GC (Allocation Failure) 2020-09-29T13:06:26.619+0200: 13.331: [ParNew: 557450K->17117K(613440K), 0.0093675 secs] 557840K->17507K(2029056K), 0.0094212 secs] [Times: user=0.00 sys=0.00, real=0.01 secs] 
2020-09-29T13:06:26.706+0200: 13.417: [GC (Allocation Failure) 2020-09-29T13:06:26.706+0200: 13.417: [ParNew: 562461K->12047K(613440K), 0.0082254 secs] 562851K->12437K(2029056K), 0.0082805 secs] [Times: user=0.13 sys=0.00, real=0.01 secs] 
2020-09-29T13:06:26.791+0200: 13.502: [GC (Allocation Failure) 2020-09-29T13:06:26.791+0200: 13.502: [ParNew: 557391K->8017K(613440K), 0.0070213 secs] 557781K->8407K(2029056K), 0.0070772 secs] [Times: user=0.00 sys=0.00, real=0.01 secs] 
2020-09-29T13:06:26.875+0200: 13.587: [GC (Allocation Failure) 2020-09-29T13:06:26.875+0200: 13.587: [ParNew: 553361K->6734K(613440K), 0.0060334 secs] 553751K->7124K(2029056K), 0.0060880 secs] [Times: user=0.13 sys=0.00, real=0.01 secs] 
2020-09-29T13:06:26.960+0200: 13.672: [GC (Allocation Failure) 2020-09-29T13:06:26.960+0200: 13.672: [ParNew: 550178K->273K(613440K), 0.0017839 secs] 550569K->664K(2029056K), 0.0018384 secs] [Times: user=0.00 sys=0.00, real=0.00 secs] 
2020-09-29T13:06:27.040+0200: 13.751: [GC (Allocation Failure) 2020-09-29T13:06:27.040+0200: 13.751: [ParNew: 545617K->12157K(613440K), 0.0102118 secs] 546008K->12547K(2029056K), 0.0102677 secs] [Times: user=0.00 sys=0.00, real=0.01 secs] 
2020-09-29T13:06:27.127+0200: 13.839: [GC (Allocation Failure) 2020-09-29T13:06:27.127+0200: 13.839: [ParNew: 557501K->17193K(613440K), 0.0093998 secs] 557891K->17583K(2029056K), 0.0094527 secs] [Times: user=0.13 sys=0.00, real=0.01 secs] 
2020-09-29T13:06:27.215+0200: 13.927: [GC (Allocation Failure) 2020-09-29T13:06:27.215+0200: 13.927: [ParNew: 562537K->12063K(613440K), 0.0084280 secs] 562927K->12454K(2029056K), 0.0084823 secs] [Times: user=0.13 sys=0.00, real=0.01 secs] 
2020-09-29T13:06:27.300+0200: 14.012: [GC (Allocation Failure) 2020-09-29T13:06:27.300+0200: 14.012: [ParNew: 557407K->8264K(613440K), 0.0072835 secs] 557798K->8654K(2029056K), 0.0073732 secs] [Times: user=0.13 sys=0.00, real=0.01 secs] 
2020-09-29T13:06:27.385+0200: 14.097: [GC (Allocation Failure) 2020-09-29T13:06:27.385+0200: 14.097: [ParNew: 553608K->7375K(613440K), 0.0065287 secs] 553998K->7765K(2029056K), 0.0065987 secs] [Times: user=0.00 sys=0.00, real=0.01 secs] 
2020-09-29T13:06:27.473+0200: 14.184: [GC (Allocation Failure) 2020-09-29T13:06:27.473+0200: 14.184: [ParNew: 552719K->5828K(613440K), 0.0057576 secs] 553109K->6219K(2029056K), 0.0058133 secs] [Times: user=0.00 sys=0.00, real=0.00 secs] 
2020-09-29T13:06:27.556+0200: 14.268: [GC (Allocation Failure) 2020-09-29T13:06:27.556+0200: 14.268: [ParNew: 551172K->168K(613440K), 0.0018554 secs] 551563K->558K(2029056K), 0.0019067 secs] [Times: user=0.00 sys=0.00, real=0.00 secs] 
2020-09-29T13:06:27.641+0200: 14.353: [GC (Allocation Failure) 2020-09-29T13:06:27.641+0200: 14.353: [ParNew: 545512K->12289K(613440K), 0.0105068 secs] 545902K->12679K(2029056K), 0.0105641 secs] [Times: user=0.13 sys=0.00, real=0.01 secs] 
2020-09-29T13:06:27.730+0200: 14.442: [GC (Allocation Failure) 2020-09-29T13:06:27.730+0200: 14.442: [ParNew: 557633K->17399K(613440K), 0.0093261 secs] 558023K->17789K(2029056K), 0.0093811 secs] [Times: user=0.13 sys=0.00, real=0.01 secs] 
2020-09-29T13:06:27.819+0200: 14.530: [GC (Allocation Failure) 2020-09-29T13:06:27.819+0200: 14.530: [ParNew: 562743K->12126K(613440K), 0.0082686 secs] 563133K->12516K(2029056K), 0.0083229 secs] [Times: user=0.00 sys=0.00, real=0.01 secs] 
2020-09-29T13:06:27.907+0200: 14.618: [GC (Allocation Failure) 2020-09-29T13:06:27.907+0200: 14.618: [ParNew: 557470K->8156K(613440K), 0.0075380 secs] 557860K->8547K(2029056K), 0.0075926 secs] [Times: user=0.13 sys=0.00, real=0.01 secs] 
2020-09-29T13:06:27.991+0200: 14.702: [GC (Allocation Failure) 2020-09-29T13:06:27.991+0200: 14.703: [ParNew: 553500K->7129K(613440K), 0.0060676 secs] 553891K->7520K(2029056K), 0.0061391 secs] [Times: user=0.00 sys=0.00, real=0.01 secs] 
2020-09-29T13:06:28.074+0200: 14.785: [GC (Allocation Failure) 2020-09-29T13:06:28.074+0200: 14.785: [ParNew: 552473K->4294K(613440K), 0.0047884 secs] 552864K->4684K(2029056K), 0.0048727 secs] [Times: user=0.00 sys=0.00, real=0.01 secs] 
2020-09-29T13:06:28.154+0200: 14.866: [GC (Allocation Failure) 2020-09-29T13:06:28.154+0200: 14.866: [ParNew: 549638K->90K(613440K), 0.0014640 secs] 550028K->480K(2029056K), 0.0015147 secs] [Times: user=0.00 sys=0.00, real=0.00 secs] 
2020-09-29T13:06:28.247+0200: 14.958: [GC (Allocation Failure) 2020-09-29T13:06:28.247+0200: 14.958: [ParNew: 545434K->11779K(613440K), 0.0111224 secs] 545824K->12169K(2029056K), 0.0111748 secs] [Times: user=0.13 sys=0.00, real=0.01 secs] 
2020-09-29T13:06:28.339+0200: 15.050: [GC (Allocation Failure) 2020-09-29T13:06:28.339+0200: 15.050: [ParNew: 557123K->16637K(613440K), 0.0093088 secs] 557513K->17027K(2029056K), 0.0093624 secs] [Times: user=0.00 sys=0.00, real=0.01 secs] 
2020-09-29T13:06:28.429+0200: 15.140: [GC (Allocation Failure) 2020-09-29T13:06:28.429+0200: 15.140: [ParNew: 561981K->11610K(613440K), 0.0082385 secs] 562371K->12000K(2029056K), 0.0083004 secs] [Times: user=0.00 sys=0.00, real=0.01 secs] 
2020-09-29T13:06:28.514+0200: 15.225: [GC (Allocation Failure) 2020-09-29T13:06:28.514+0200: 15.225: [ParNew: 556954K->7916K(613440K), 0.0069995 secs] 557344K->8306K(2029056K), 0.0071096 secs] [Times: user=0.13 sys=0.00, real=0.01 secs] 
2020-09-29T13:06:28.600+0200: 15.311: [GC (Allocation Failure) 2020-09-29T13:06:28.600+0200: 15.311: [ParNew: 553260K->6402K(613440K), 0.0070526 secs] 553650K->6792K(2029056K), 0.0071102 secs] [Times: user=0.00 sys=0.00, real=0.01 secs] 
2020-09-29T13:06:28.685+0200: 15.397: [GC (Allocation Failure) 2020-09-29T13:06:28.685+0200: 15.397: [ParNew: 551746K->5533K(613440K), 0.0056752 secs] 552136K->5923K(2029056K), 0.0057292 secs] [Times: user=0.00 sys=0.00, real=0.01 secs] 
2020-09-29T13:06:28.767+0200: 15.479: [GC (Allocation Failure) 2020-09-29T13:06:28.767+0200: 15.479: [ParNew: 550877K->184K(613440K), 0.0016396 secs] 551267K->574K(2029056K), 0.0016913 secs] [Times: user=0.00 sys=0.00, real=0.00 secs] 
2020-09-29T13:06:28.845+0200: 15.556: [GC (Allocation Failure) 2020-09-29T13:06:28.845+0200: 15.556: [ParNew: 545528K->12225K(613440K), 0.0102747 secs] 545918K->12615K(2029056K), 0.0103326 secs] [Times: user=0.13 sys=0.00, real=0.01 secs] 
2020-09-29T13:06:28.934+0200: 15.645: [GC (Allocation Failure) 2020-09-29T13:06:28.934+0200: 15.645: [ParNew: 557569K->16392K(613440K), 0.0092550 secs] 557959K->16782K(2029056K), 0.0093300 secs] [Times: user=0.13 sys=0.00, real=0.01 secs] 
2020-09-29T13:06:29.019+0200: 15.731: [GC (Allocation Failure) 2020-09-29T13:06:29.019+0200: 15.731: [ParNew: 561736K->11903K(613440K), 0.0079642 secs] 562126K->12294K(2029056K), 0.0080191 secs] [Times: user=0.03 sys=0.00, real=0.01 secs] 
2020-09-29T13:06:29.103+0200: 15.814: [GC (Allocation Failure) 2020-09-29T13:06:29.103+0200: 15.814: [ParNew: 557247K->7768K(613440K), 0.0070419 secs] 557638K->8158K(2029056K), 0.0071156 secs] [Times: user=0.00 sys=0.00, real=0.01 secs] 
2020-09-29T13:06:29.187+0200: 15.898: [GC (Allocation Failure) 2020-09-29T13:06:29.187+0200: 15.898: [ParNew: 553112K->6638K(613440K), 0.0061549 secs] 553502K->7028K(2029056K), 0.0062136 secs] [Times: user=0.11 sys=0.00, real=0.01 secs] 
2020-09-29T13:06:29.268+0200: 15.980: [GC (Allocation Failure) 2020-09-29T13:06:29.268+0200: 15.980: [ParNew: 551982K->4080K(613440K), 0.0047077 secs] 552372K->4470K(2029056K), 0.0047603 secs] [Times: user=0.13 sys=0.00, real=0.01 secs] 
2020-09-29T13:06:29.349+0200: 16.061: [GC (Allocation Failure) 2020-09-29T13:06:29.350+0200: 16.061: [ParNew: 549424K->71K(613440K), 0.0017929 secs] 549814K->461K(2029056K), 0.0018487 secs] [Times: user=0.00 sys=0.00, real=0.00 secs] 
2020-09-29T13:06:29.431+0200: 16.142: [GC (Allocation Failure) 2020-09-29T13:06:29.431+0200: 16.142: [ParNew: 545415K->12124K(613440K), 0.0102996 secs] 545805K->12514K(2029056K), 0.0103538 secs] [Times: user=0.03 sys=0.03, real=0.01 secs] 
2020-09-29T13:06:29.519+0200: 16.231: [GC (Allocation Failure) 2020-09-29T13:06:29.519+0200: 16.231: [ParNew: 557468K->17117K(613440K), 0.0092860 secs] 557858K->17507K(2029056K), 0.0093430 secs] [Times: user=0.13 sys=0.00, real=0.01 secs] 
2020-09-29T13:06:29.607+0200: 16.319: [GC (Allocation Failure) 2020-09-29T13:06:29.607+0200: 16.319: [ParNew: 562461K->12047K(613440K), 0.0084328 secs] 562851K->12437K(2029056K), 0.0084893 secs] [Times: user=0.13 sys=0.00, real=0.01 secs] 
2020-09-29T13:06:29.695+0200: 16.407: [GC (Allocation Failure) 2020-09-29T13:06:29.695+0200: 16.407: [ParNew: 557391K->8017K(613440K), 0.0071774 secs] 557781K->8407K(2029056K), 0.0072337 secs] [Times: user=0.00 sys=0.00, real=0.01 secs] 
2020-09-29T13:06:29.781+0200: 16.493: [GC (Allocation Failure) 2020-09-29T13:06:29.781+0200: 16.493: [ParNew: 553361K->6734K(613440K), 0.0060460 secs] 553751K->7124K(2029056K), 0.0060989 secs] [Times: user=0.13 sys=0.00, real=0.01 secs] 
2020-09-29T13:06:29.869+0200: 16.581: [GC (Allocation Failure) 2020-09-29T13:06:29.869+0200: 16.581: [ParNew: 550178K->273K(613440K), 0.0017049 secs] 550569K->664K(2029056K), 0.0017611 secs] [Times: user=0.00 sys=0.00, real=0.00 secs] 
2020-09-29T13:06:29.952+0200: 16.664: [GC (Allocation Failure) 2020-09-29T13:06:29.952+0200: 16.664: [ParNew: 545617K->12157K(613440K), 0.0100676 secs] 546008K->12547K(2029056K), 0.0101215 secs] [Times: user=0.13 sys=0.00, real=0.01 secs] 
2020-09-29T13:06:30.040+0200: 16.752: [GC (Allocation Failure) 2020-09-29T13:06:30.040+0200: 16.752: [ParNew: 557501K->17193K(613440K), 0.0091535 secs] 557891K->17583K(2029056K), 0.0092088 secs] [Times: user=0.00 sys=0.00, real=0.01 secs] 
2020-09-29T13:06:30.128+0200: 16.840: [GC (Allocation Failure) 2020-09-29T13:06:30.128+0200: 16.840: [ParNew: 562537K->12063K(613440K), 0.0083562 secs] 562927K->12454K(2029056K), 0.0084120 secs] [Times: user=0.13 sys=0.00, real=0.01 secs] 
2020-09-29T13:06:30.213+0200: 16.925: [GC (Allocation Failure) 2020-09-29T13:06:30.213+0200: 16.925: [ParNew: 557407K->8264K(613440K), 0.0072414 secs] 557798K->8654K(2029056K), 0.0073011 secs] [Times: user=0.00 sys=0.00, real=0.01 secs] 
2020-09-29T13:06:30.297+0200: 17.009: [GC (Allocation Failure) 2020-09-29T13:06:30.297+0200: 17.009: [ParNew: 553608K->7375K(613440K), 0.0065540 secs] 553998K->7765K(2029056K), 0.0066119 secs] [Times: user=0.13 sys=0.00, real=0.01 secs] 
2020-09-29T13:06:30.381+0200: 17.093: [GC (Allocation Failure) 2020-09-29T13:06:30.381+0200: 17.093: [ParNew: 552719K->5828K(613440K), 0.0056847 secs] 553109K->6219K(2029056K), 0.0057394 secs] [Times: user=0.00 sys=0.00, real=0.01 secs] 
2020-09-29T13:06:30.467+0200: 17.178: [GC (Allocation Failure) 2020-09-29T13:06:30.467+0200: 17.178: [ParNew: 551172K->168K(613440K), 0.0018742 secs] 551563K->558K(2029056K), 0.0019260 secs] [Times: user=0.00 sys=0.00, real=0.00 secs] 
2020-09-29T13:06:30.546+0200: 17.258: [GC (Allocation Failure) 2020-09-29T13:06:30.546+0200: 17.258: [ParNew: 545512K->12331K(613440K), 0.0103636 secs] 545902K->12721K(2029056K), 0.0104433 secs] [Times: user=0.13 sys=0.00, real=0.01 secs] 
2020-09-29T13:06:30.643+0200: 17.355: [GC (Allocation Failure) 2020-09-29T13:06:30.643+0200: 17.355: [ParNew: 557675K->17399K(613440K), 0.0095673 secs] 558065K->17789K(2029056K), 0.0096230 secs] [Times: user=0.13 sys=0.00, real=0.01 secs] 
2020-09-29T13:06:30.733+0200: 17.444: [GC (Allocation Failure) 2020-09-29T13:06:30.733+0200: 17.444: [ParNew: 562743K->12126K(613440K), 0.0081417 secs] 563133K->12516K(2029056K), 0.0081968 secs] [Times: user=0.13 sys=0.00, real=0.01 secs] 
2020-09-29T13:06:30.819+0200: 17.530: [GC (Allocation Failure) 2020-09-29T13:06:30.819+0200: 17.530: [ParNew: 557470K->8156K(613440K), 0.0075876 secs] 557860K->8547K(2029056K), 0.0076428 secs] [Times: user=0.00 sys=0.00, real=0.01 secs] 
2020-09-29T13:06:30.905+0200: 17.616: [GC (Allocation Failure) 2020-09-29T13:06:30.905+0200: 17.616: [ParNew: 553500K->7129K(613440K), 0.0063738 secs] 553891K->7520K(2029056K), 0.0064313 secs] [Times: user=0.13 sys=0.00, real=0.01 secs] 
2020-09-29T13:06:30.988+0200: 17.699: [GC (Allocation Failure) 2020-09-29T13:06:30.988+0200: 17.699: [ParNew: 552473K->4294K(613440K), 0.0047506 secs] 552864K->4684K(2029056K), 0.0048191 secs] [Times: user=0.13 sys=0.00, real=0.01 secs] 
2020-09-29T13:06:31.068+0200: 17.779: [GC (Allocation Failure) 2020-09-29T13:06:31.068+0200: 17.779: [ParNew: 549638K->90K(613440K), 0.0017208 secs] 550028K->480K(2029056K), 0.0017718 secs] [Times: user=0.00 sys=0.00, real=0.00 secs] 
2020-09-29T13:06:31.145+0200: 17.856: [GC (Allocation Failure) 2020-09-29T13:06:31.145+0200: 17.856: [ParNew: 545434K->11779K(613440K), 0.0100544 secs] 545824K->12169K(2029056K), 0.0101097 secs] [Times: user=0.09 sys=0.00, real=0.01 secs] 
2020-09-29T13:06:31.234+0200: 17.945: [GC (Allocation Failure) 2020-09-29T13:06:31.234+0200: 17.945: [ParNew: 557123K->16637K(613440K), 0.0089739 secs] 557513K->17027K(2029056K), 0.0090633 secs] [Times: user=0.13 sys=0.00, real=0.01 secs] 
2020-09-29T13:06:31.319+0200: 18.029: [GC (Allocation Failure) 2020-09-29T13:06:31.319+0200: 18.030: [ParNew: 561981K->11610K(613440K), 0.0080656 secs] 562371K->12000K(2029056K), 0.0081291 secs] [Times: user=0.00 sys=0.00, real=0.01 secs] 
2020-09-29T13:06:31.404+0200: 18.116: [GC (Allocation Failure) 2020-09-29T13:06:31.405+0200: 18.116: [ParNew: 556954K->7916K(613440K), 0.0077817 secs] 557344K->8306K(2029056K), 0.0078455 secs] [Times: user=0.13 sys=0.00, real=0.01 secs] 
2020-09-29T13:06:31.495+0200: 18.206: [GC (Allocation Failure) 2020-09-29T13:06:31.495+0200: 18.206: [ParNew: 553260K->7037K(613440K), 0.0067687 secs] 553650K->7427K(2029056K), 0.0068244 secs] [Times: user=0.00 sys=0.00, real=0.01 secs] 
2020-09-29T13:06:31.582+0200: 18.293: [GC (Allocation Failure) 2020-09-29T13:06:31.582+0200: 18.293: [ParNew: 552381K->5085K(613440K), 0.0060242 secs] 552771K->5475K(2029056K), 0.0060812 secs] [Times: user=0.11 sys=0.00, real=0.01 secs] 
2020-09-29T13:06:31.671+0200: 18.382: [GC (Allocation Failure) 2020-09-29T13:06:31.671+0200: 18.382: [ParNew: 550429K->184K(613440K), 0.0014274 secs] 550819K->574K(2029056K), 0.0014756 secs] [Times: user=0.00 sys=0.00, real=0.00 secs] 
2020-09-29T13:06:31.748+0200: 18.459: [GC (Allocation Failure) 2020-09-29T13:06:31.748+0200: 18.459: [ParNew: 545528K->12271K(613440K), 0.0101453 secs] 545918K->12661K(2029056K), 0.0102231 secs] [Times: user=0.13 sys=0.00, real=0.01 secs] 
2020-09-29T13:06:31.836+0200: 18.547: [GC (Allocation Failure) 2020-09-29T13:06:31.836+0200: 18.547: [ParNew: 557615K->16392K(613440K), 0.0089610 secs] 558005K->16782K(2029056K), 0.0090514 secs] [Times: user=0.00 sys=0.00, real=0.01 secs] 
2020-09-29T13:06:31.930+0200: 18.641: [GC (Allocation Failure) 2020-09-29T13:06:31.930+0200: 18.641: [ParNew: 561736K->11903K(613440K), 0.0088835 secs] 562126K->12294K(2029056K), 0.0089429 secs] [Times: user=0.00 sys=0.00, real=0.01 secs] 
2020-09-29T13:06:32.016+0200: 18.727: [GC (Allocation Failure) 2020-09-29T13:06:32.016+0200: 18.727: [ParNew: 557247K->7768K(613440K), 0.0070476 secs] 557638K->8158K(2029056K), 0.0071011 secs] [Times: user=0.13 sys=0.00, real=0.01 secs] 
2020-09-29T13:06:32.099+0200: 18.810: [GC (Allocation Failure) 2020-09-29T13:06:32.099+0200: 18.810: [ParNew: 553112K->6638K(613440K), 0.0060538 secs] 553502K->7028K(2029056K), 0.0061163 secs] [Times: user=0.00 sys=0.00, real=0.01 secs] 
2020-09-29T13:06:32.181+0200: 18.892: [GC (Allocation Failure) 2020-09-29T13:06:32.181+0200: 18.892: [ParNew: 551982K->4080K(613440K), 0.0047951 secs] 552372K->4470K(2029056K), 0.0048481 secs] [Times: user=0.00 sys=0.00, real=0.01 secs] 
2020-09-29T13:06:32.263+0200: 18.974: [GC (Allocation Failure) 2020-09-29T13:06:32.263+0200: 18.975: [ParNew: 549424K->71K(613440K), 0.0014604 secs] 549814K->461K(2029056K), 0.0015101 secs] [Times: user=0.00 sys=0.00, real=0.00 secs] 
2020-09-29T13:06:32.341+0200: 19.052: [GC (Allocation Failure) 2020-09-29T13:06:32.341+0200: 19.052: [ParNew: 545415K->12106K(613440K), 0.0099657 secs] 545805K->12496K(2029056K), 0.0100438 secs] [Times: user=0.13 sys=0.00, real=0.01 secs] 
2020-09-29T13:06:32.430+0200: 19.141: [GC (Allocation Failure) 2020-09-29T13:06:32.430+0200: 19.141: [ParNew: 557450K->17117K(613440K), 0.0090754 secs] 557840K->17507K(2029056K), 0.0091487 secs] [Times: user=0.00 sys=0.00, real=0.01 secs] 
2020-09-29T13:06:32.518+0200: 19.229: [GC (Allocation Failure) 2020-09-29T13:06:32.518+0200: 19.229: [ParNew: 562461K->12047K(613440K), 0.0085877 secs] 562851K->12437K(2029056K), 0.0086439 secs] [Times: user=0.13 sys=0.00, real=0.01 secs] 
2020-09-29T13:06:32.609+0200: 19.320: [GC (Allocation Failure) 2020-09-29T13:06:32.609+0200: 19.320: [ParNew: 557391K->8017K(613440K), 0.0075995 secs] 557781K->8407K(2029056K), 0.0076624 secs] [Times: user=0.13 sys=0.00, real=0.01 secs] 
2020-09-29T13:06:32.695+0200: 19.406: [GC (Allocation Failure) 2020-09-29T13:06:32.695+0200: 19.406: [ParNew: 553361K->6734K(613440K), 0.0059656 secs] 553751K->7124K(2029056K), 0.0060224 secs] [Times: user=0.00 sys=0.00, real=0.01 secs] 
2020-09-29T13:06:32.778+0200: 19.490: [GC (Allocation Failure) 2020-09-29T13:06:32.778+0200: 19.490: [ParNew: 550178K->273K(613440K), 0.0017296 secs] 550569K->664K(2029056K), 0.0017845 secs] [Times: user=0.00 sys=0.00, real=0.00 secs] 
2020-09-29T13:06:32.858+0200: 19.569: [GC (Allocation Failure) 2020-09-29T13:06:32.858+0200: 19.569: [ParNew: 545617K->12157K(613440K), 0.0101663 secs] 546008K->12547K(2029056K), 0.0102356 secs] [Times: user=0.13 sys=0.00, real=0.01 secs] 
2020-09-29T13:06:32.947+0200: 19.658: [GC (Allocation Failure) 2020-09-29T13:06:32.947+0200: 19.658: [ParNew: 557501K->17193K(613440K), 0.0092395 secs] 557891K->17583K(2029056K), 0.0092958 secs] [Times: user=0.00 sys=0.00, real=0.01 secs] 
2020-09-29T13:06:33.033+0200: 19.744: [GC (Allocation Failure) 2020-09-29T13:06:33.033+0200: 19.744: [ParNew: 562537K->12063K(613440K), 0.0081655 secs] 562927K->12454K(2029056K), 0.0082381 secs] [Times: user=0.13 sys=0.00, real=0.01 secs] 
2020-09-29T13:06:33.118+0200: 19.829: [GC (Allocation Failure) 2020-09-29T13:06:33.118+0200: 19.829: [ParNew: 557407K->8264K(613440K), 0.0074667 secs] 557798K->8654K(2029056K), 0.0075195 secs] [Times: user=0.00 sys=0.00, real=0.01 secs] 
2020-09-29T13:06:33.202+0200: 19.913: [GC (Allocation Failure) 2020-09-29T13:06:33.202+0200: 19.913: [ParNew: 553608K->7375K(613440K), 0.0065119 secs] 553998K->7765K(2029056K), 0.0065660 secs] [Times: user=0.11 sys=0.00, real=0.01 secs] 
2020-09-29T13:06:33.286+0200: 19.997: [GC (Allocation Failure) 2020-09-29T13:06:33.286+0200: 19.997: [ParNew: 552719K->5828K(613440K), 0.0054465 secs] 553109K->6219K(2029056K), 0.0055006 secs] [Times: user=0.00 sys=0.00, real=0.00 secs] 
2020-09-29T13:06:33.392+0200: 20.103: [GC (Allocation Failure) 2020-09-29T13:06:33.392+0200: 20.103: [ParNew: 551172K->168K(613440K), 0.0016972 secs] 551563K->558K(2029056K), 0.0017574 secs] [Times: user=0.00 sys=0.00, real=0.00 secs] 
2020-09-29T13:06:33.478+0200: 20.190: [GC (Allocation Failure) 2020-09-29T13:06:33.478+0200: 20.190: [ParNew: 545512K->12289K(613440K), 0.0102570 secs] 545902K->12679K(2029056K), 0.0103140 secs] [Times: user=0.00 sys=0.00, real=0.01 secs] 
2020-09-29T13:06:33.571+0200: 20.282: [GC (Allocation Failure) 2020-09-29T13:06:33.571+0200: 20.282: [ParNew: 557633K->15468K(613440K), 0.0100290 secs] 558023K->15859K(2029056K), 0.0100836 secs] [Times: user=0.00 sys=0.00, real=0.01 secs] 
2020-09-29T13:06:33.658+0200: 20.370: [GC (Allocation Failure) 2020-09-29T13:06:33.658+0200: 20.370: [ParNew: 560812K->10195K(613440K), 0.0082382 secs] 561203K->10586K(2029056K), 0.0082913 secs] [Times: user=0.13 sys=0.00, real=0.01 secs] 
2020-09-29T13:06:33.744+0200: 20.456: [GC (Allocation Failure) 2020-09-29T13:06:33.744+0200: 20.456: [ParNew: 555539K->8945K(613440K), 0.0071370 secs] 555930K->9336K(2029056K), 0.0071941 secs] [Times: user=0.00 sys=0.00, real=0.01 secs] 
2020-09-29T13:06:33.832+0200: 20.543: [GC (Allocation Failure) 2020-09-29T13:06:33.832+0200: 20.543: [ParNew: 554289K->7327K(613440K), 0.0063171 secs] 554680K->7717K(2029056K), 0.0063732 secs] [Times: user=0.13 sys=0.00, real=0.01 secs] 
2020-09-29T13:06:33.918+0200: 20.629: [GC (Allocation Failure) 2020-09-29T13:06:33.918+0200: 20.629: [ParNew: 552671K->4344K(613440K), 0.0050924 secs] 553061K->4734K(2029056K), 0.0051558 secs] [Times: user=0.00 sys=0.00, real=0.01 secs] 
2020-09-29T13:06:34.001+0200: 20.712: [GC (Allocation Failure) 2020-09-29T13:06:34.001+0200: 20.712: [ParNew: 549688K->92K(613440K), 0.0017418 secs] 550078K->482K(2029056K), 0.0017933 secs] [Times: user=0.00 sys=0.00, real=0.00 secs] 
2020-09-29T13:06:34.081+0200: 20.792: [GC (Allocation Failure) 2020-09-29T13:06:34.081+0200: 20.792: [ParNew: 545436K->11784K(613440K), 0.0099849 secs] 545826K->12174K(2029056K), 0.0100423 secs] [Times: user=0.13 sys=0.00, real=0.01 secs] 
2020-09-29T13:06:34.168+0200: 20.879: [GC (Allocation Failure) 2020-09-29T13:06:34.168+0200: 20.879: [ParNew: 557128K->16638K(613440K), 0.0091230 secs] 557518K->17029K(2029056K), 0.0091775 secs] [Times: user=0.13 sys=0.00, real=0.01 secs] 
2020-09-29T13:06:34.255+0200: 20.966: [GC (Allocation Failure) 2020-09-29T13:06:34.255+0200: 20.966: [ParNew: 561982K->11610K(613440K), 0.0079273 secs] 562373K->12001K(2029056K), 0.0079985 secs] [Times: user=0.00 sys=0.00, real=0.01 secs] 
2020-09-29T13:06:34.338+0200: 21.050: [GC (Allocation Failure) 2020-09-29T13:06:34.338+0200: 21.050: [ParNew: 556954K->7916K(613440K), 0.0071494 secs] 557345K->8306K(2029056K), 0.0072119 secs] [Times: user=0.00 sys=0.00, real=0.01 secs] 
2020-09-29T13:06:34.426+0200: 21.138: [GC (Allocation Failure) 2020-09-29T13:06:34.426+0200: 21.138: [ParNew: 553260K->7037K(613440K), 0.0065604 secs] 553650K->7427K(2029056K), 0.0066139 secs] [Times: user=0.00 sys=0.00, real=0.01 secs] 
2020-09-29T13:06:34.510+0200: 21.222: [GC (Allocation Failure) 2020-09-29T13:06:34.511+0200: 21.222: [ParNew: 552381K->5085K(613440K), 0.0055766 secs] 552771K->5475K(2029056K), 0.0056326 secs] [Times: user=0.00 sys=0.00, real=0.01 secs] 
2020-09-29T13:06:34.597+0200: 21.308: [GC (Allocation Failure) 2020-09-29T13:06:34.597+0200: 21.308: [ParNew: 550429K->184K(613440K), 0.0017991 secs] 550819K->574K(2029056K), 0.0018536 secs] [Times: user=0.13 sys=0.00, real=0.00 secs] 
2020-09-29T13:06:34.680+0200: 21.391: [GC (Allocation Failure) 2020-09-29T13:06:34.680+0200: 21.391: [ParNew: 545528K->12317K(613440K), 0.0105577 secs] 545918K->12707K(2029056K), 0.0106145 secs] [Times: user=0.00 sys=0.00, real=0.01 secs] 
2020-09-29T13:06:34.768+0200: 21.480: [GC (Allocation Failure) 2020-09-29T13:06:34.768+0200: 21.480: [ParNew: 557661K->16392K(613440K), 0.0092132 secs] 558051K->16782K(2029056K), 0.0092849 secs] [Times: user=0.13 sys=0.00, real=0.01 secs] 
2020-09-29T13:06:34.858+0200: 21.569: [GC (Allocation Failure) 2020-09-29T13:06:34.858+0200: 21.569: [ParNew: 561736K->11903K(613440K), 0.0080596 secs] 562126K->12294K(2029056K), 0.0081345 secs] [Times: user=0.13 sys=0.00, real=0.01 secs] 
2020-09-29T13:06:34.945+0200: 21.656: [GC (Allocation Failure) 2020-09-29T13:06:34.945+0200: 21.656: [ParNew: 557247K->7768K(613440K), 0.0069393 secs] 557638K->8158K(2029056K), 0.0070150 secs] [Times: user=0.00 sys=0.00, real=0.01 secs] 
2020-09-29T13:06:35.029+0200: 21.741: [GC (Allocation Failure) 2020-09-29T13:06:35.029+0200: 21.741: [ParNew: 553112K->6638K(613440K), 0.0061447 secs] 553502K->7028K(2029056K), 0.0061997 secs] [Times: user=0.00 sys=0.00, real=0.01 secs] 
2020-09-29T13:06:35.111+0200: 21.822: [GC (Allocation Failure) 2020-09-29T13:06:35.111+0200: 21.822: [ParNew: 551982K->4080K(613440K), 0.0046668 secs] 552372K->4470K(2029056K), 0.0047191 secs] [Times: user=0.13 sys=0.00, real=0.00 secs] 
2020-09-29T13:06:35.193+0200: 21.905: [GC (Allocation Failure) 2020-09-29T13:06:35.193+0200: 21.905: [ParNew: 549424K->71K(613440K), 0.0017401 secs] 549814K->461K(2029056K), 0.0017893 secs] [Times: user=0.00 sys=0.00, real=0.00 secs] 
2020-09-29T13:06:35.273+0200: 21.984: [GC (Allocation Failure) 2020-09-29T13:06:35.273+0200: 21.984: [ParNew: 545415K->12106K(613440K), 0.0100691 secs] 545805K->12496K(2029056K), 0.0101273 secs] [Times: user=0.00 sys=0.00, real=0.01 secs] 
Heap
 par new generation   total 613440K, used 546015K [0x0000000080000000, 0x00000000a9990000, 0x00000000a9990000)
  eden space 545344K,  97% used [0x0000000080000000, 0x00000000a0965330, 0x00000000a1490000)
  from space 68096K,  17% used [0x00000000a1490000, 0x00000000a2062910, 0x00000000a5710000)
  to   space 68096K,   0% used [0x00000000a5710000, 0x00000000a5710000, 0x00000000a9990000)
 concurrent mark-sweep generation total 1415616K, used 390K [0x00000000a9990000, 0x0000000100000000, 0x0000000100000000)
 Metaspace       used 2594K, capacity 4486K, committed 4864K, reserved 1056768K
  class space    used 285K, capacity 386K, committed 512K, reserved 1048576K
