Java HotSpot(TM) 64-Bit Server VM (25.261-b12) for windows-amd64 JRE (1.8.0_261-b12), built on Jun 18 2020 06:56:32 by "" with unknown MS VC++:1916
Memory: 4k page, physical 16659684k(8770868k free), swap 23213284k(7810584k free)
CommandLine flags: -XX:InitialHeapSize=2147483648 -XX:MaxHeapSize=2147483648 -XX:MaxNewSize=697933824 -XX:MaxTenuringThreshold=6 -XX:NewSize=697933824 -XX:OldPLABSize=16 -XX:OldSize=1395867648 -XX:+PrintGC -XX:+PrintGCDateStamps -XX:+PrintGCDetails -XX:+PrintGCTimeStamps -XX:+UseCompressedClassPointers -XX:+UseCompressedOops -XX:+UseConcMarkSweepGC -XX:-UseLargePagesIndividualAllocation -XX:+UseParNewGC 
2020-09-29T13:02:48.891+0200: 0.449: [GC (Allocation Failure) 2020-09-29T13:02:48.891+0200: 0.449: [ParNew: 545344K->4398K(613440K), 0.0092484 secs] 545344K->4398K(2029056K), 0.0093804 secs] [Times: user=0.13 sys=0.00, real=0.01 secs] 
2020-09-29T13:02:48.996+0200: 0.554: [GC (Allocation Failure) 2020-09-29T13:02:48.996+0200: 0.554: [ParNew: 549742K->4598K(613440K), 0.0061465 secs] 549742K->4598K(2029056K), 0.0062019 secs] [Times: user=0.00 sys=0.00, real=0.01 secs] 
2020-09-29T13:02:49.087+0200: 0.644: [GC (Allocation Failure) 2020-09-29T13:02:49.087+0200: 0.644: [ParNew: 549942K->875K(613440K), 0.0021260 secs] 549942K->875K(2029056K), 0.0021963 secs] [Times: user=0.00 sys=0.00, real=0.00 secs] 
2020-09-29T13:02:49.185+0200: 0.742: [GC (Allocation Failure) 2020-09-29T13:02:49.185+0200: 0.742: [ParNew: 546219K->12676K(613440K), 0.0136851 secs] 546219K->12676K(2029056K), 0.0137474 secs] [Times: user=0.11 sys=0.02, real=0.01 secs] 
2020-09-29T13:02:49.299+0200: 0.857: [GC (Allocation Failure) 2020-09-29T13:02:49.299+0200: 0.857: [ParNew: 558020K->16902K(613440K), 0.0117941 secs] 558020K->16902K(2029056K), 0.0118541 secs] [Times: user=0.11 sys=0.02, real=0.01 secs] 
2020-09-29T13:02:49.395+0200: 0.952: [GC (Allocation Failure) 2020-09-29T13:02:49.395+0200: 0.952: [ParNew: 562246K->11773K(613440K), 0.0087049 secs] 562246K->11773K(2029056K), 0.0087915 secs] [Times: user=0.13 sys=0.00, real=0.01 secs] 
2020-09-29T13:02:49.482+0200: 1.039: [GC (Allocation Failure) 2020-09-29T13:02:49.482+0200: 1.039: [ParNew: 557117K->9596K(613440K), 0.0089202 secs] 557117K->9986K(2029056K), 0.0089746 secs] [Times: user=0.13 sys=0.00, real=0.01 secs] 
2020-09-29T13:02:49.573+0200: 1.130: [GC (Allocation Failure) 2020-09-29T13:02:49.573+0200: 1.130: [ParNew: 554940K->6951K(613440K), 0.0066945 secs] 555330K->7341K(2029056K), 0.0067531 secs] [Times: user=0.00 sys=0.00, real=0.01 secs] 
2020-09-29T13:02:49.666+0200: 1.223: [GC (Allocation Failure) 2020-09-29T13:02:49.666+0200: 1.223: [ParNew: 552295K->5385K(613440K), 0.0054494 secs] 552685K->5775K(2029056K), 0.0055054 secs] [Times: user=0.00 sys=0.00, real=0.01 secs] 
2020-09-29T13:02:49.754+0200: 1.311: [GC (Allocation Failure) 2020-09-29T13:02:49.754+0200: 1.311: [ParNew: 550729K->165K(613440K), 0.0014881 secs] 551119K->555K(2029056K), 0.0015467 secs] [Times: user=0.13 sys=0.00, real=0.00 secs] 
2020-09-29T13:02:49.836+0200: 1.393: [GC (Allocation Failure) 2020-09-29T13:02:49.836+0200: 1.393: [ParNew: 545509K->12226K(613440K), 0.0100835 secs] 545899K->12616K(2029056K), 0.0101742 secs] [Times: user=0.00 sys=0.00, real=0.01 secs] 
2020-09-29T13:02:49.922+0200: 1.479: [GC (Allocation Failure) 2020-09-29T13:02:49.922+0200: 1.479: [ParNew: 557570K->17308K(613440K), 0.0093952 secs] 557960K->17698K(2029056K), 0.0094505 secs] [Times: user=0.13 sys=0.00, real=0.01 secs] 
2020-09-29T13:02:50.016+0200: 1.573: [GC (Allocation Failure) 2020-09-29T13:02:50.016+0200: 1.573: [ParNew: 562652K->12236K(613440K), 0.0085225 secs] 563042K->12626K(2029056K), 0.0085759 secs] [Times: user=0.13 sys=0.00, real=0.01 secs] 
2020-09-29T13:02:50.105+0200: 1.662: [GC (Allocation Failure) 2020-09-29T13:02:50.105+0200: 1.662: [ParNew: 557580K->8412K(613440K), 0.0074548 secs] 557970K->8802K(2029056K), 0.0075084 secs] [Times: user=0.00 sys=0.00, real=0.01 secs] 
2020-09-29T13:02:50.195+0200: 1.753: [GC (Allocation Failure) 2020-09-29T13:02:50.195+0200: 1.753: [ParNew: 553756K->6775K(613440K), 0.0077272 secs] 554146K->7165K(2029056K), 0.0078299 secs] [Times: user=0.00 sys=0.00, real=0.01 secs] 
2020-09-29T13:02:50.297+0200: 1.855: [GC (Allocation Failure) 2020-09-29T13:02:50.297+0200: 1.855: [ParNew: 552119K->5985K(613440K), 0.0066724 secs] 552509K->6376K(2029056K), 0.0067347 secs] [Times: user=0.13 sys=0.00, real=0.01 secs] 
2020-09-29T13:02:50.389+0200: 1.947: [GC (Allocation Failure) 2020-09-29T13:02:50.389+0200: 1.947: [ParNew: 550697K->220K(613440K), 0.0017291 secs] 551088K->610K(2029056K), 0.0017845 secs] [Times: user=0.00 sys=0.00, real=0.00 secs] 
2020-09-29T13:02:50.471+0200: 2.029: [GC (Allocation Failure) 2020-09-29T13:02:50.471+0200: 2.029: [ParNew: 545564K->11964K(613440K), 0.0101739 secs] 545954K->12354K(2029056K), 0.0102302 secs] [Times: user=0.13 sys=0.00, real=0.01 secs] 
2020-09-29T13:02:50.564+0200: 2.122: [GC (Allocation Failure) 2020-09-29T13:02:50.564+0200: 2.122: [ParNew: 557308K->16923K(613440K), 0.0093649 secs] 557698K->17313K(2029056K), 0.0094489 secs] [Times: user=0.13 sys=0.00, real=0.01 secs] 
2020-09-29T13:02:50.657+0200: 2.215: [GC (Allocation Failure) 2020-09-29T13:02:50.657+0200: 2.215: [ParNew: 562267K->11920K(613440K), 0.0085759 secs] 562657K->12310K(2029056K), 0.0086307 secs] [Times: user=0.13 sys=0.00, real=0.01 secs] 
2020-09-29T13:02:50.749+0200: 2.307: [GC (Allocation Failure) 2020-09-29T13:02:50.749+0200: 2.307: [ParNew: 557264K->8094K(613440K), 0.0079497 secs] 557654K->8484K(2029056K), 0.0080066 secs] [Times: user=0.13 sys=0.00, real=0.01 secs] 
2020-09-29T13:02:50.837+0200: 2.395: [GC (Allocation Failure) 2020-09-29T13:02:50.837+0200: 2.395: [ParNew: 553438K->7105K(613440K), 0.0063374 secs] 553828K->7495K(2029056K), 0.0063923 secs] [Times: user=0.00 sys=0.00, real=0.01 secs] 
2020-09-29T13:02:50.919+0200: 2.477: [GC (Allocation Failure) 2020-09-29T13:02:50.919+0200: 2.477: [ParNew: 552449K->5596K(613440K), 0.0052365 secs] 552839K->5987K(2029056K), 0.0052907 secs] [Times: user=0.00 sys=0.00, real=0.01 secs] 
2020-09-29T13:02:51.004+0200: 2.562: [GC (Allocation Failure) 2020-09-29T13:02:51.004+0200: 2.562: [ParNew: 550940K->151K(613440K), 0.0017222 secs] 551331K->541K(2029056K), 0.0017751 secs] [Times: user=0.13 sys=0.00, real=0.00 secs] 
2020-09-29T13:02:51.083+0200: 2.641: [GC (Allocation Failure) 2020-09-29T13:02:51.083+0200: 2.641: [ParNew: 545495K->12217K(613440K), 0.0099515 secs] 545885K->12607K(2029056K), 0.0100092 secs] [Times: user=0.00 sys=0.00, real=0.01 secs] 
2020-09-29T13:02:51.182+0200: 2.740: [GC (Allocation Failure) 2020-09-29T13:02:51.182+0200: 2.740: [ParNew: 557561K->16336K(613440K), 0.0107574 secs] 557951K->16726K(2029056K), 0.0108119 secs] [Times: user=0.11 sys=0.01, real=0.01 secs] 
2020-09-29T13:02:51.281+0200: 2.839: [GC (Allocation Failure) 2020-09-29T13:02:51.281+0200: 2.839: [ParNew: 561680K->12228K(613440K), 0.0088394 secs] 562070K->12618K(2029056K), 0.0088964 secs] [Times: user=0.13 sys=0.00, real=0.01 secs] 
2020-09-29T13:02:51.371+0200: 2.928: [GC (Allocation Failure) 2020-09-29T13:02:51.371+0200: 2.928: [ParNew: 557572K->8526K(613440K), 0.0074322 secs] 557962K->8916K(2029056K), 0.0074945 secs] [Times: user=0.00 sys=0.00, real=0.01 secs] 
2020-09-29T13:02:51.457+0200: 3.015: [GC (Allocation Failure) 2020-09-29T13:02:51.457+0200: 3.015: [ParNew: 553870K->7605K(613440K), 0.0064452 secs] 554260K->7995K(2029056K), 0.0065011 secs] [Times: user=0.05 sys=0.00, real=0.01 secs] 
2020-09-29T13:02:51.546+0200: 3.103: [GC (Allocation Failure) 2020-09-29T13:02:51.546+0200: 3.103: [ParNew: 552949K->4556K(613440K), 0.0053808 secs] 553339K->4946K(2029056K), 0.0054347 secs] [Times: user=0.00 sys=0.00, real=0.01 secs] 
2020-09-29T13:02:51.636+0200: 3.193: [GC (Allocation Failure) 2020-09-29T13:02:51.636+0200: 3.193: [ParNew: 549900K->138K(613440K), 0.0015054 secs] 550290K->529K(2029056K), 0.0015594 secs] [Times: user=0.00 sys=0.00, real=0.00 secs] 
2020-09-29T13:02:51.721+0200: 3.279: [GC (Allocation Failure) 2020-09-29T13:02:51.721+0200: 3.279: [ParNew: 545482K->12202K(613440K), 0.0104101 secs] 545873K->12592K(2029056K), 0.0104615 secs] [Times: user=0.13 sys=0.00, real=0.01 secs] 
2020-09-29T13:02:51.812+0200: 3.370: [GC (Allocation Failure) 2020-09-29T13:02:51.812+0200: 3.370: [ParNew: 557546K->17300K(613440K), 0.0093230 secs] 557936K->17691K(2029056K), 0.0093915 secs] [Times: user=0.13 sys=0.00, real=0.01 secs] 
2020-09-29T13:02:51.902+0200: 3.459: [GC (Allocation Failure) 2020-09-29T13:02:51.902+0200: 3.459: [ParNew: 562644K->12230K(613440K), 0.0082334 secs] 563035K->12620K(2029056K), 0.0083044 secs] [Times: user=0.00 sys=0.00, real=0.01 secs] 
2020-09-29T13:02:51.990+0200: 3.547: [GC (Allocation Failure) 2020-09-29T13:02:51.990+0200: 3.547: [ParNew: 557574K->8405K(613440K), 0.0078377 secs] 557964K->8796K(2029056K), 0.0078948 secs] [Times: user=0.00 sys=0.00, real=0.01 secs] 
2020-09-29T13:02:52.080+0200: 3.637: [GC (Allocation Failure) 2020-09-29T13:02:52.080+0200: 3.637: [ParNew: 553749K->7436K(613440K), 0.0064301 secs] 554140K->7826K(2029056K), 0.0064847 secs] [Times: user=0.13 sys=0.00, real=0.01 secs] 
2020-09-29T13:02:52.166+0200: 3.724: [GC (Allocation Failure) 2020-09-29T13:02:52.166+0200: 3.724: [ParNew: 552780K->4531K(613440K), 0.0052814 secs] 553170K->4922K(2029056K), 0.0053367 secs] [Times: user=0.00 sys=0.00, real=0.01 secs] 
2020-09-29T13:02:52.252+0200: 3.809: [GC (Allocation Failure) 2020-09-29T13:02:52.252+0200: 3.809: [ParNew: 549875K->136K(613440K), 0.0018036 secs] 550266K->526K(2029056K), 0.0018583 secs] [Times: user=0.00 sys=0.00, real=0.00 secs] 
2020-09-29T13:02:52.333+0200: 3.891: [GC (Allocation Failure) 2020-09-29T13:02:52.333+0200: 3.891: [ParNew: 545480K->12230K(613440K), 0.0103053 secs] 545870K->12620K(2029056K), 0.0103926 secs] [Times: user=0.00 sys=0.00, real=0.01 secs] 
2020-09-29T13:02:52.422+0200: 3.980: [GC (Allocation Failure) 2020-09-29T13:02:52.422+0200: 3.980: [ParNew: 557574K->15384K(613440K), 0.0091647 secs] 557964K->15774K(2029056K), 0.0092230 secs] [Times: user=0.13 sys=0.00, real=0.01 secs] 
2020-09-29T13:02:52.511+0200: 4.068: [GC (Allocation Failure) 2020-09-29T13:02:52.511+0200: 4.068: [ParNew: 560728K->9971K(613440K), 0.0080737 secs] 561118K->10361K(2029056K), 0.0081297 secs] [Times: user=0.00 sys=0.00, real=0.01 secs] 
2020-09-29T13:02:52.600+0200: 4.157: [GC (Allocation Failure) 2020-09-29T13:02:52.600+0200: 4.157: [ParNew: 555315K->8527K(613440K), 0.0073504 secs] 555705K->8918K(2029056K), 0.0074058 secs] [Times: user=0.00 sys=0.00, real=0.01 secs] 
2020-09-29T13:02:52.688+0200: 4.246: [GC (Allocation Failure) 2020-09-29T13:02:52.688+0200: 4.246: [ParNew: 553871K->6827K(613440K), 0.0060674 secs] 554262K->7217K(2029056K), 0.0061288 secs] [Times: user=0.11 sys=0.02, real=0.01 secs] 
2020-09-29T13:02:52.775+0200: 4.332: [GC (Allocation Failure) 2020-09-29T13:02:52.775+0200: 4.332: [ParNew: 552171K->3584K(613440K), 0.0048441 secs] 552561K->3974K(2029056K), 0.0049258 secs] [Times: user=0.00 sys=0.00, real=0.00 secs] 
2020-09-29T13:02:52.857+0200: 4.414: [GC (Allocation Failure) 2020-09-29T13:02:52.857+0200: 4.414: [ParNew: 548928K->72K(613440K), 0.0016168 secs] 549318K->462K(2029056K), 0.0016654 secs] [Times: user=0.00 sys=0.00, real=0.00 secs] 
2020-09-29T13:02:52.937+0200: 4.495: [GC (Allocation Failure) 2020-09-29T13:02:52.937+0200: 4.495: [ParNew: 545416K->12097K(613440K), 0.0100291 secs] 545806K->12487K(2029056K), 0.0100856 secs] [Times: user=0.13 sys=0.00, real=0.01 secs] 
2020-09-29T13:02:53.032+0200: 4.589: [GC (Allocation Failure) 2020-09-29T13:02:53.032+0200: 4.589: [ParNew: 557441K->17118K(613440K), 0.0103098 secs] 557831K->17508K(2029056K), 0.0103698 secs] [Times: user=0.13 sys=0.00, real=0.01 secs] 
2020-09-29T13:02:53.119+0200: 4.677: [GC (Allocation Failure) 2020-09-29T13:02:53.119+0200: 4.677: [ParNew: 562462K->12047K(613440K), 0.0079475 secs] 562852K->12437K(2029056K), 0.0080362 secs] [Times: user=0.00 sys=0.00, real=0.01 secs] 
2020-09-29T13:02:53.208+0200: 4.766: [GC (Allocation Failure) 2020-09-29T13:02:53.208+0200: 4.766: [ParNew: 557391K->8016K(613440K), 0.0068507 secs] 557781K->8406K(2029056K), 0.0069076 secs] [Times: user=0.00 sys=0.00, real=0.01 secs] 
2020-09-29T13:02:53.294+0200: 4.851: [GC (Allocation Failure) 2020-09-29T13:02:53.294+0200: 4.851: [ParNew: 553360K->6733K(613440K), 0.0062164 secs] 553750K->7123K(2029056K), 0.0062726 secs] [Times: user=0.00 sys=0.00, real=0.01 secs] 
2020-09-29T13:02:53.377+0200: 4.934: [GC (Allocation Failure) 2020-09-29T13:02:53.377+0200: 4.935: [ParNew: 550178K->273K(613440K), 0.0015359 secs] 550569K->664K(2029056K), 0.0015843 secs] [Times: user=0.00 sys=0.00, real=0.00 secs] 
2020-09-29T13:02:53.456+0200: 5.014: [GC (Allocation Failure) 2020-09-29T13:02:53.456+0200: 5.014: [ParNew: 545617K->12294K(613440K), 0.0099286 secs] 546008K->12684K(2029056K), 0.0100177 secs] [Times: user=0.13 sys=0.00, real=0.01 secs] 
2020-09-29T13:02:53.545+0200: 5.103: [GC (Allocation Failure) 2020-09-29T13:02:53.545+0200: 5.103: [ParNew: 557638K->17193K(613440K), 0.0093990 secs] 558028K->17583K(2029056K), 0.0094538 secs] [Times: user=0.13 sys=0.00, real=0.01 secs] 
2020-09-29T13:02:53.634+0200: 5.191: [GC (Allocation Failure) 2020-09-29T13:02:53.634+0200: 5.191: [ParNew: 562537K->12063K(613440K), 0.0087892 secs] 562927K->12454K(2029056K), 0.0088435 secs] [Times: user=0.00 sys=0.00, real=0.01 secs] 
2020-09-29T13:02:53.723+0200: 5.281: [GC (Allocation Failure) 2020-09-29T13:02:53.723+0200: 5.281: [ParNew: 557407K->8264K(613440K), 0.0078079 secs] 557798K->8654K(2029056K), 0.0078634 secs] [Times: user=0.01 sys=0.00, real=0.01 secs] 
2020-09-29T13:02:53.809+0200: 5.367: [GC (Allocation Failure) 2020-09-29T13:02:53.810+0200: 5.367: [ParNew: 553608K->7375K(613440K), 0.0063681 secs] 553998K->7765K(2029056K), 0.0064310 secs] [Times: user=0.00 sys=0.00, real=0.01 secs] 
2020-09-29T13:02:53.897+0200: 5.454: [GC (Allocation Failure) 2020-09-29T13:02:53.897+0200: 5.455: [ParNew: 552719K->5828K(613440K), 0.0052236 secs] 553109K->6219K(2029056K), 0.0052819 secs] [Times: user=0.00 sys=0.00, real=0.00 secs] 
2020-09-29T13:02:53.982+0200: 5.539: [GC (Allocation Failure) 2020-09-29T13:02:53.982+0200: 5.539: [ParNew: 551172K->168K(613440K), 0.0016941 secs] 551563K->558K(2029056K), 0.0017447 secs] [Times: user=0.00 sys=0.00, real=0.00 secs] 
2020-09-29T13:02:54.064+0200: 5.621: [GC (Allocation Failure) 2020-09-29T13:02:54.064+0200: 5.621: [ParNew: 545512K->12331K(613440K), 0.0102784 secs] 545902K->12721K(2029056K), 0.0103345 secs] [Times: user=0.13 sys=0.00, real=0.01 secs] 
2020-09-29T13:02:54.151+0200: 5.709: [GC (Allocation Failure) 2020-09-29T13:02:54.151+0200: 5.709: [ParNew: 557675K->17399K(613440K), 0.0089869 secs] 558065K->17789K(2029056K), 0.0090420 secs] [Times: user=0.00 sys=0.00, real=0.01 secs] 
2020-09-29T13:02:54.239+0200: 5.797: [GC (Allocation Failure) 2020-09-29T13:02:54.239+0200: 5.797: [ParNew: 562743K->12126K(613440K), 0.0080634 secs] 563133K->12516K(2029056K), 0.0081204 secs] [Times: user=0.00 sys=0.00, real=0.01 secs] 
2020-09-29T13:02:54.325+0200: 5.882: [GC (Allocation Failure) 2020-09-29T13:02:54.325+0200: 5.882: [ParNew: 557470K->8156K(613440K), 0.0071201 secs] 557860K->8547K(2029056K), 0.0071743 secs] [Times: user=0.00 sys=0.00, real=0.01 secs] 
2020-09-29T13:02:54.408+0200: 5.966: [GC (Allocation Failure) 2020-09-29T13:02:54.408+0200: 5.966: [ParNew: 553500K->7129K(613440K), 0.0060156 secs] 553891K->7520K(2029056K), 0.0060689 secs] [Times: user=0.13 sys=0.00, real=0.01 secs] 
2020-09-29T13:02:54.494+0200: 6.051: [GC (Allocation Failure) 2020-09-29T13:02:54.494+0200: 6.051: [ParNew: 552473K->4294K(613440K), 0.0048895 secs] 552864K->4684K(2029056K), 0.0049430 secs] [Times: user=0.00 sys=0.00, real=0.00 secs] 
2020-09-29T13:02:54.578+0200: 6.135: [GC (Allocation Failure) 2020-09-29T13:02:54.578+0200: 6.135: [ParNew: 549638K->90K(613440K), 0.0022188 secs] 550028K->480K(2029056K), 0.0022706 secs] [Times: user=0.00 sys=0.00, real=0.00 secs] 
2020-09-29T13:02:54.664+0200: 6.221: [GC (Allocation Failure) 2020-09-29T13:02:54.664+0200: 6.221: [ParNew: 545434K->11779K(613440K), 0.0100695 secs] 545824K->12169K(2029056K), 0.0101240 secs] [Times: user=0.00 sys=0.00, real=0.01 secs] 
2020-09-29T13:02:54.753+0200: 6.312: [GC (Allocation Failure) 2020-09-29T13:02:54.753+0200: 6.312: [ParNew: 557123K->16637K(613440K), 0.0089270 secs] 557513K->17027K(2029056K), 0.0089932 secs] [Times: user=0.01 sys=0.00, real=0.01 secs] 
2020-09-29T13:02:54.858+0200: 6.415: [GC (Allocation Failure) 2020-09-29T13:02:54.858+0200: 6.415: [ParNew: 561981K->11610K(613440K), 0.0084872 secs] 562371K->12000K(2029056K), 0.0085440 secs] [Times: user=0.13 sys=0.00, real=0.01 secs] 
2020-09-29T13:02:54.961+0200: 6.519: [GC (Allocation Failure) 2020-09-29T13:02:54.961+0200: 6.519: [ParNew: 556954K->7916K(613440K), 0.0084274 secs] 557344K->8306K(2029056K), 0.0084811 secs] [Times: user=0.00 sys=0.00, real=0.01 secs] 
2020-09-29T13:02:55.053+0200: 6.610: [GC (Allocation Failure) 2020-09-29T13:02:55.053+0200: 6.610: [ParNew: 553260K->7037K(613440K), 0.0062005 secs] 553650K->7427K(2029056K), 0.0062601 secs] [Times: user=0.00 sys=0.00, real=0.01 secs] 
2020-09-29T13:02:55.138+0200: 6.696: [GC (Allocation Failure) 2020-09-29T13:02:55.138+0200: 6.696: [ParNew: 552381K->5533K(613440K), 0.0054719 secs] 552771K->5923K(2029056K), 0.0055262 secs] [Times: user=0.00 sys=0.00, real=0.00 secs] 
2020-09-29T13:02:55.222+0200: 6.780: [GC (Allocation Failure) 2020-09-29T13:02:55.222+0200: 6.780: [ParNew: 550877K->184K(613440K), 0.0016983 secs] 551267K->574K(2029056K), 0.0017493 secs] [Times: user=0.03 sys=0.00, real=0.00 secs] 
2020-09-29T13:02:55.303+0200: 6.861: [GC (Allocation Failure) 2020-09-29T13:02:55.303+0200: 6.861: [ParNew: 545528K->12271K(613440K), 0.0100826 secs] 545918K->12661K(2029056K), 0.0101388 secs] [Times: user=0.00 sys=0.00, real=0.01 secs] 
2020-09-29T13:02:55.399+0200: 6.957: [GC (Allocation Failure) 2020-09-29T13:02:55.400+0200: 6.957: [ParNew: 557615K->17354K(613440K), 0.0098494 secs] 558005K->17744K(2029056K), 0.0099193 secs] [Times: user=0.00 sys=0.00, real=0.01 secs] 
2020-09-29T13:02:55.489+0200: 7.047: [GC (Allocation Failure) 2020-09-29T13:02:55.489+0200: 7.047: [ParNew: 562698K->11281K(613440K), 0.0082570 secs] 563088K->11672K(2029056K), 0.0083130 secs] [Times: user=0.00 sys=0.00, real=0.01 secs] 
2020-09-29T13:02:55.577+0200: 7.135: [GC (Allocation Failure) 2020-09-29T13:02:55.578+0200: 7.135: [ParNew: 556625K->7768K(613440K), 0.0074414 secs] 557016K->8158K(2029056K), 0.0075056 secs] [Times: user=0.11 sys=0.00, real=0.01 secs] 
2020-09-29T13:02:55.670+0200: 7.227: [GC (Allocation Failure) 2020-09-29T13:02:55.670+0200: 7.227: [ParNew: 553112K->6638K(613440K), 0.0060287 secs] 553502K->7028K(2029056K), 0.0060962 secs] [Times: user=0.00 sys=0.00, real=0.01 secs] 
2020-09-29T13:02:55.755+0200: 7.313: [GC (Allocation Failure) 2020-09-29T13:02:55.755+0200: 7.313: [ParNew: 551982K->4080K(613440K), 0.0048323 secs] 552372K->4470K(2029056K), 0.0049003 secs] [Times: user=0.00 sys=0.00, real=0.00 secs] 
2020-09-29T13:02:55.838+0200: 7.396: [GC (Allocation Failure) 2020-09-29T13:02:55.838+0200: 7.396: [ParNew: 549424K->71K(613440K), 0.0014844 secs] 549814K->461K(2029056K), 0.0015369 secs] [Times: user=0.00 sys=0.00, real=0.00 secs] 
2020-09-29T13:02:55.919+0200: 7.476: [GC (Allocation Failure) 2020-09-29T13:02:55.919+0200: 7.476: [ParNew: 545415K->12070K(613440K), 0.0098923 secs] 545805K->12460K(2029056K), 0.0099483 secs] [Times: user=0.13 sys=0.00, real=0.01 secs] 
2020-09-29T13:02:56.007+0200: 7.564: [GC (Allocation Failure) 2020-09-29T13:02:56.007+0200: 7.564: [ParNew: 557414K->17117K(613440K), 0.0093831 secs] 557804K->17507K(2029056K), 0.0094384 secs] [Times: user=0.00 sys=0.00, real=0.01 secs] 
2020-09-29T13:02:56.097+0200: 7.654: [GC (Allocation Failure) 2020-09-29T13:02:56.097+0200: 7.654: [ParNew: 562461K->12047K(613440K), 0.0086607 secs] 562851K->12437K(2029056K), 0.0087163 secs] [Times: user=0.13 sys=0.00, real=0.01 secs] 
2020-09-29T13:02:56.181+0200: 7.739: [GC (Allocation Failure) 2020-09-29T13:02:56.181+0200: 7.739: [ParNew: 557391K->8017K(613440K), 0.0068958 secs] 557781K->8407K(2029056K), 0.0069487 secs] [Times: user=0.00 sys=0.00, real=0.01 secs] 
2020-09-29T13:02:56.267+0200: 7.825: [GC (Allocation Failure) 2020-09-29T13:02:56.267+0200: 7.825: [ParNew: 553361K->6734K(613440K), 0.0062458 secs] 553751K->7124K(2029056K), 0.0063063 secs] [Times: user=0.13 sys=0.00, real=0.01 secs] 
2020-09-29T13:02:56.352+0200: 7.910: [GC (Allocation Failure) 2020-09-29T13:02:56.352+0200: 7.910: [ParNew: 550178K->273K(613440K), 0.0016223 secs] 550569K->664K(2029056K), 0.0016737 secs] [Times: user=0.00 sys=0.00, real=0.00 secs] 
2020-09-29T13:02:56.438+0200: 7.996: [GC (Allocation Failure) 2020-09-29T13:02:56.438+0200: 7.996: [ParNew: 545617K->12157K(613440K), 0.0102787 secs] 546008K->12547K(2029056K), 0.0103355 secs] [Times: user=0.13 sys=0.00, real=0.01 secs] 
2020-09-29T13:02:56.527+0200: 8.085: [GC (Allocation Failure) 2020-09-29T13:02:56.527+0200: 8.085: [ParNew: 557501K->17193K(613440K), 0.0094152 secs] 557891K->17583K(2029056K), 0.0094733 secs] [Times: user=0.13 sys=0.00, real=0.01 secs] 
2020-09-29T13:02:56.614+0200: 8.172: [GC (Allocation Failure) 2020-09-29T13:02:56.614+0200: 8.172: [ParNew: 562537K->12063K(613440K), 0.0082804 secs] 562927K->12454K(2029056K), 0.0083373 secs] [Times: user=0.00 sys=0.00, real=0.01 secs] 
2020-09-29T13:02:56.701+0200: 8.259: [GC (Allocation Failure) 2020-09-29T13:02:56.701+0200: 8.259: [ParNew: 557407K->8264K(613440K), 0.0073238 secs] 557798K->8654K(2029056K), 0.0073791 secs] [Times: user=0.13 sys=0.00, real=0.01 secs] 
2020-09-29T13:02:56.787+0200: 8.345: [GC (Allocation Failure) 2020-09-29T13:02:56.787+0200: 8.345: [ParNew: 553608K->7375K(613440K), 0.0064761 secs] 553998K->7765K(2029056K), 0.0065322 secs] [Times: user=0.00 sys=0.00, real=0.01 secs] 
2020-09-29T13:02:56.872+0200: 8.430: [GC (Allocation Failure) 2020-09-29T13:02:56.872+0200: 8.430: [ParNew: 552719K->5828K(613440K), 0.0052653 secs] 553109K->6219K(2029056K), 0.0053341 secs] [Times: user=0.00 sys=0.00, real=0.01 secs] 
2020-09-29T13:02:56.956+0200: 8.514: [GC (Allocation Failure) 2020-09-29T13:02:56.956+0200: 8.514: [ParNew: 551172K->168K(613440K), 0.0015196 secs] 551563K->558K(2029056K), 0.0015686 secs] [Times: user=0.13 sys=0.00, real=0.00 secs] 
2020-09-29T13:02:57.037+0200: 8.595: [GC (Allocation Failure) 2020-09-29T13:02:57.037+0200: 8.595: [ParNew: 545512K->12289K(613440K), 0.0104584 secs] 545902K->12679K(2029056K), 0.0105218 secs] [Times: user=0.00 sys=0.00, real=0.01 secs] 
2020-09-29T13:02:57.128+0200: 8.686: [GC (Allocation Failure) 2020-09-29T13:02:57.128+0200: 8.686: [ParNew: 557633K->17399K(613440K), 0.0093494 secs] 558023K->17789K(2029056K), 0.0094051 secs] [Times: user=0.13 sys=0.00, real=0.01 secs] 
2020-09-29T13:02:57.217+0200: 8.774: [GC (Allocation Failure) 2020-09-29T13:02:57.217+0200: 8.774: [ParNew: 562743K->12126K(613440K), 0.0082560 secs] 563133K->12516K(2029056K), 0.0083110 secs] [Times: user=0.13 sys=0.00, real=0.01 secs] 
2020-09-29T13:02:57.303+0200: 8.860: [GC (Allocation Failure) 2020-09-29T13:02:57.303+0200: 8.861: [ParNew: 557470K->8156K(613440K), 0.0073217 secs] 557860K->8547K(2029056K), 0.0073954 secs] [Times: user=0.00 sys=0.00, real=0.01 secs] 
2020-09-29T13:02:57.389+0200: 8.946: [GC (Allocation Failure) 2020-09-29T13:02:57.389+0200: 8.946: [ParNew: 553500K->7129K(613440K), 0.0060819 secs] 553891K->7520K(2029056K), 0.0061424 secs] [Times: user=0.00 sys=0.00, real=0.01 secs] 
2020-09-29T13:02:57.475+0200: 9.033: [GC (Allocation Failure) 2020-09-29T13:02:57.475+0200: 9.033: [ParNew: 552473K->4294K(613440K), 0.0047190 secs] 552864K->4684K(2029056K), 0.0047830 secs] [Times: user=0.00 sys=0.00, real=0.01 secs] 
2020-09-29T13:02:57.559+0200: 9.117: [GC (Allocation Failure) 2020-09-29T13:02:57.559+0200: 9.117: [ParNew: 549638K->90K(613440K), 0.0017455 secs] 550028K->480K(2029056K), 0.0017971 secs] [Times: user=0.00 sys=0.00, real=0.00 secs] 
2020-09-29T13:02:57.647+0200: 9.204: [GC (Allocation Failure) 2020-09-29T13:02:57.647+0200: 9.204: [ParNew: 545434K->11756K(613440K), 0.0101763 secs] 545824K->12146K(2029056K), 0.0102323 secs] [Times: user=0.00 sys=0.00, real=0.01 secs] 
2020-09-29T13:02:57.736+0200: 9.294: [GC (Allocation Failure) 2020-09-29T13:02:57.736+0200: 9.294: [ParNew: 557100K->16637K(613440K), 0.0089997 secs] 557490K->17027K(2029056K), 0.0090791 secs] [Times: user=0.13 sys=0.00, real=0.01 secs] 
2020-09-29T13:02:57.822+0200: 9.380: [GC (Allocation Failure) 2020-09-29T13:02:57.822+0200: 9.380: [ParNew: 561981K->11610K(613440K), 0.0083825 secs] 562371K->12000K(2029056K), 0.0084713 secs] [Times: user=0.00 sys=0.00, real=0.01 secs] 
2020-09-29T13:02:57.907+0200: 9.465: [GC (Allocation Failure) 2020-09-29T13:02:57.907+0200: 9.465: [ParNew: 556954K->7916K(613440K), 0.0070986 secs] 557344K->8306K(2029056K), 0.0071568 secs] [Times: user=0.13 sys=0.00, real=0.01 secs] 
2020-09-29T13:02:57.990+0200: 9.548: [GC (Allocation Failure) 2020-09-29T13:02:57.990+0200: 9.548: [ParNew: 553260K->7037K(613440K), 0.0068168 secs] 553650K->7427K(2029056K), 0.0068706 secs] [Times: user=0.00 sys=0.00, real=0.01 secs] 
2020-09-29T13:02:58.075+0200: 9.633: [GC (Allocation Failure) 2020-09-29T13:02:58.075+0200: 9.633: [ParNew: 552381K->5533K(613440K), 0.0052147 secs] 552771K->5923K(2029056K), 0.0052689 secs] [Times: user=0.00 sys=0.00, real=0.00 secs] 
2020-09-29T13:02:58.160+0200: 9.718: [GC (Allocation Failure) 2020-09-29T13:02:58.160+0200: 9.718: [ParNew: 550877K->184K(613440K), 0.0018417 secs] 551267K->574K(2029056K), 0.0018930 secs] [Times: user=0.13 sys=0.00, real=0.00 secs] 
2020-09-29T13:02:58.248+0200: 9.807: [GC (Allocation Failure) 2020-09-29T13:02:58.249+0200: 9.807: [ParNew: 545528K->12317K(613440K), 0.0111140 secs] 545918K->12707K(2029056K), 0.0112010 secs] [Times: user=0.13 sys=0.00, real=0.01 secs] 
2020-09-29T13:02:58.338+0200: 9.896: [GC (Allocation Failure) 2020-09-29T13:02:58.338+0200: 9.896: [ParNew: 557661K->17354K(613440K), 0.0089745 secs] 558051K->17744K(2029056K), 0.0090315 secs] [Times: user=0.00 sys=0.00, real=0.01 secs] 
2020-09-29T13:02:58.425+0200: 9.983: [GC (Allocation Failure) 2020-09-29T13:02:58.425+0200: 9.983: [ParNew: 562698K->11903K(613440K), 0.0080749 secs] 563088K->12294K(2029056K), 0.0082066 secs] [Times: user=0.03 sys=0.00, real=0.01 secs] 
2020-09-29T13:02:58.511+0200: 10.069: [GC (Allocation Failure) 2020-09-29T13:02:58.511+0200: 10.069: [ParNew: 557247K->7768K(613440K), 0.0070679 secs] 557638K->8158K(2029056K), 0.0071232 secs] [Times: user=0.00 sys=0.00, real=0.01 secs] 
2020-09-29T13:02:58.598+0200: 10.156: [GC (Allocation Failure) 2020-09-29T13:02:58.598+0200: 10.156: [ParNew: 553112K->6638K(613440K), 0.0066093 secs] 553502K->7028K(2029056K), 0.0066670 secs] [Times: user=0.00 sys=0.00, real=0.01 secs] 
2020-09-29T13:02:58.685+0200: 10.242: [GC (Allocation Failure) 2020-09-29T13:02:58.685+0200: 10.242: [ParNew: 551982K->4080K(613440K), 0.0045878 secs] 552372K->4470K(2029056K), 0.0046404 secs] [Times: user=0.00 sys=0.00, real=0.00 secs] 
2020-09-29T13:02:58.766+0200: 10.324: [GC (Allocation Failure) 2020-09-29T13:02:58.766+0200: 10.324: [ParNew: 549424K->71K(613440K), 0.0017080 secs] 549814K->461K(2029056K), 0.0017597 secs] [Times: user=0.00 sys=0.00, real=0.00 secs] 
2020-09-29T13:02:58.846+0200: 10.404: [GC (Allocation Failure) 2020-09-29T13:02:58.847+0200: 10.404: [ParNew: 545415K->12106K(613440K), 0.0099391 secs] 545805K->12496K(2029056K), 0.0100071 secs] [Times: user=0.13 sys=0.00, real=0.01 secs] 
2020-09-29T13:02:58.932+0200: 10.489: [GC (Allocation Failure) 2020-09-29T13:02:58.932+0200: 10.490: [ParNew: 557450K->17117K(613440K), 0.0092071 secs] 557840K->17507K(2029056K), 0.0092630 secs] [Times: user=0.00 sys=0.00, real=0.01 secs] 
2020-09-29T13:02:59.018+0200: 10.575: [GC (Allocation Failure) 2020-09-29T13:02:59.018+0200: 10.575: [ParNew: 562461K->12047K(613440K), 0.0079221 secs] 562851K->12437K(2029056K), 0.0079762 secs] [Times: user=0.13 sys=0.00, real=0.01 secs] 
2020-09-29T13:02:59.101+0200: 10.658: [GC (Allocation Failure) 2020-09-29T13:02:59.101+0200: 10.658: [ParNew: 557391K->8017K(613440K), 0.0067291 secs] 557781K->8407K(2029056K), 0.0068192 secs] [Times: user=0.00 sys=0.00, real=0.01 secs] 
2020-09-29T13:02:59.187+0200: 10.744: [GC (Allocation Failure) 2020-09-29T13:02:59.187+0200: 10.744: [ParNew: 553361K->6734K(613440K), 0.0059889 secs] 553751K->7124K(2029056K), 0.0060430 secs] [Times: user=0.13 sys=0.00, real=0.01 secs] 
2020-09-29T13:02:59.270+0200: 10.828: [GC (Allocation Failure) 2020-09-29T13:02:59.270+0200: 10.828: [ParNew: 550178K->273K(613440K), 0.0015130 secs] 550569K->664K(2029056K), 0.0015674 secs] [Times: user=0.00 sys=0.00, real=0.00 secs] 
2020-09-29T13:02:59.351+0200: 10.908: [GC (Allocation Failure) 2020-09-29T13:02:59.351+0200: 10.908: [ParNew: 545617K->12225K(613440K), 0.0100133 secs] 546008K->12616K(2029056K), 0.0100689 secs] [Times: user=0.00 sys=0.00, real=0.01 secs] 
2020-09-29T13:02:59.437+0200: 10.994: [GC (Allocation Failure) 2020-09-29T13:02:59.437+0200: 10.994: [ParNew: 557569K->17193K(613440K), 0.0092605 secs] 557960K->17583K(2029056K), 0.0093157 secs] [Times: user=0.13 sys=0.00, real=0.01 secs] 
2020-09-29T13:02:59.523+0200: 11.081: [GC (Allocation Failure) 2020-09-29T13:02:59.523+0200: 11.081: [ParNew: 562537K->12063K(613440K), 0.0082183 secs] 562927K->12454K(2029056K), 0.0082753 secs] [Times: user=0.00 sys=0.00, real=0.01 secs] 
2020-09-29T13:02:59.609+0200: 11.167: [GC (Allocation Failure) 2020-09-29T13:02:59.609+0200: 11.167: [ParNew: 557407K->8264K(613440K), 0.0073678 secs] 557798K->8654K(2029056K), 0.0074245 secs] [Times: user=0.13 sys=0.00, real=0.01 secs] 
2020-09-29T13:02:59.694+0200: 11.251: [GC (Allocation Failure) 2020-09-29T13:02:59.694+0200: 11.251: [ParNew: 553608K->7375K(613440K), 0.0061299 secs] 553998K->7765K(2029056K), 0.0061852 secs] [Times: user=0.00 sys=0.00, real=0.01 secs] 
2020-09-29T13:02:59.780+0200: 11.338: [GC (Allocation Failure) 2020-09-29T13:02:59.780+0200: 11.338: [ParNew: 552719K->5828K(613440K), 0.0055481 secs] 553109K->6219K(2029056K), 0.0056065 secs] [Times: user=0.13 sys=0.00, real=0.01 secs] 
2020-09-29T13:02:59.867+0200: 11.425: [GC (Allocation Failure) 2020-09-29T13:02:59.868+0200: 11.425: [ParNew: 551172K->168K(613440K), 0.0013529 secs] 551563K->558K(2029056K), 0.0014115 secs] [Times: user=0.00 sys=0.00, real=0.00 secs] 
2020-09-29T13:02:59.944+0200: 11.501: [GC (Allocation Failure) 2020-09-29T13:02:59.944+0200: 11.502: [ParNew: 545512K->12289K(613440K), 0.0098834 secs] 545902K->12679K(2029056K), 0.0099437 secs] [Times: user=0.00 sys=0.00, real=0.01 secs] 
2020-09-29T13:03:00.034+0200: 11.591: [GC (Allocation Failure) 2020-09-29T13:03:00.034+0200: 11.591: [ParNew: 557633K->17399K(613440K), 0.0096182 secs] 558023K->17789K(2029056K), 0.0097215 secs] [Times: user=0.13 sys=0.00, real=0.01 secs] 
2020-09-29T13:03:00.127+0200: 11.685: [GC (Allocation Failure) 2020-09-29T13:03:00.127+0200: 11.685: [ParNew: 562743K->12126K(613440K), 0.0085143 secs] 563133K->12516K(2029056K), 0.0085705 secs] [Times: user=0.13 sys=0.00, real=0.01 secs] 
2020-09-29T13:03:00.216+0200: 11.774: [GC (Allocation Failure) 2020-09-29T13:03:00.216+0200: 11.774: [ParNew: 557470K->8156K(613440K), 0.0071594 secs] 557860K->8547K(2029056K), 0.0072308 secs] [Times: user=0.13 sys=0.00, real=0.01 secs] 
2020-09-29T13:03:00.303+0200: 11.860: [GC (Allocation Failure) 2020-09-29T13:03:00.303+0200: 11.861: [ParNew: 553500K->7129K(613440K), 0.0065053 secs] 553891K->7520K(2029056K), 0.0065619 secs] [Times: user=0.00 sys=0.00, real=0.01 secs] 
2020-09-29T13:03:00.392+0200: 11.949: [GC (Allocation Failure) 2020-09-29T13:03:00.392+0200: 11.949: [ParNew: 552473K->4294K(613440K), 0.0050180 secs] 552864K->4684K(2029056K), 0.0050717 secs] [Times: user=0.13 sys=0.00, real=0.01 secs] 
2020-09-29T13:03:00.474+0200: 12.032: [GC (Allocation Failure) 2020-09-29T13:03:00.474+0200: 12.032: [ParNew: 549638K->90K(613440K), 0.0014013 secs] 550028K->480K(2029056K), 0.0014506 secs] [Times: user=0.00 sys=0.00, real=0.00 secs] 
2020-09-29T13:03:00.557+0200: 12.114: [GC (Allocation Failure) 2020-09-29T13:03:00.557+0200: 12.114: [ParNew: 545434K->11756K(613440K), 0.0103118 secs] 545824K->12146K(2029056K), 0.0103688 secs] [Times: user=0.00 sys=0.00, real=0.01 secs] 
2020-09-29T13:03:00.645+0200: 12.203: [GC (Allocation Failure) 2020-09-29T13:03:00.645+0200: 12.203: [ParNew: 557100K->16637K(613440K), 0.0090694 secs] 557490K->17027K(2029056K), 0.0091369 secs] [Times: user=0.01 sys=0.00, real=0.01 secs] 
2020-09-29T13:03:00.733+0200: 12.291: [GC (Allocation Failure) 2020-09-29T13:03:00.733+0200: 12.291: [ParNew: 561981K->11006K(613440K), 0.0089640 secs] 562371K->11397K(2029056K), 0.0090849 secs] [Times: user=0.09 sys=0.00, real=0.01 secs] 
2020-09-29T13:03:00.852+0200: 12.410: [GC (Allocation Failure) 2020-09-29T13:03:00.852+0200: 12.410: [ParNew: 556350K->7916K(613440K), 0.0070496 secs] 556741K->8306K(2029056K), 0.0071059 secs] [Times: user=0.00 sys=0.00, real=0.01 secs] 
2020-09-29T13:03:00.938+0200: 12.495: [GC (Allocation Failure) 2020-09-29T13:03:00.938+0200: 12.495: [ParNew: 553260K->7037K(613440K), 0.0064553 secs] 553650K->7427K(2029056K), 0.0065119 secs] [Times: user=0.13 sys=0.00, real=0.01 secs] 
2020-09-29T13:03:01.023+0200: 12.581: [GC (Allocation Failure) 2020-09-29T13:03:01.024+0200: 12.581: [ParNew: 552381K->5533K(613440K), 0.0054477 secs] 552771K->5923K(2029056K), 0.0055081 secs] [Times: user=0.00 sys=0.00, real=0.01 secs] 
2020-09-29T13:03:01.108+0200: 12.665: [GC (Allocation Failure) 2020-09-29T13:03:01.108+0200: 12.665: [ParNew: 550877K->184K(613440K), 0.0013708 secs] 551267K->574K(2029056K), 0.0014228 secs] [Times: user=0.00 sys=0.00, real=0.00 secs] 
2020-09-29T13:03:01.192+0200: 12.749: [GC (Allocation Failure) 2020-09-29T13:03:01.192+0200: 12.749: [ParNew: 545528K->12225K(613440K), 0.0107242 secs] 545918K->12615K(2029056K), 0.0107820 secs] [Times: user=0.13 sys=0.00, real=0.01 secs] 
2020-09-29T13:03:01.284+0200: 12.841: [GC (Allocation Failure) 2020-09-29T13:03:01.284+0200: 12.841: [ParNew: 557569K->17354K(613440K), 0.0094614 secs] 557959K->17744K(2029056K), 0.0095185 secs] [Times: user=0.13 sys=0.00, real=0.01 secs] 
2020-09-29T13:03:01.374+0200: 12.931: [GC (Allocation Failure) 2020-09-29T13:03:01.374+0200: 12.931: [ParNew: 562698K->11903K(613440K), 0.0077520 secs] 563088K->12294K(2029056K), 0.0078163 secs] [Times: user=0.13 sys=0.00, real=0.01 secs] 
2020-09-29T13:03:01.458+0200: 13.015: [GC (Allocation Failure) 2020-09-29T13:03:01.458+0200: 13.015: [ParNew: 557247K->7768K(613440K), 0.0068485 secs] 557638K->8158K(2029056K), 0.0069037 secs] [Times: user=0.00 sys=0.00, real=0.01 secs] 
2020-09-29T13:03:01.545+0200: 13.103: [GC (Allocation Failure) 2020-09-29T13:03:01.545+0200: 13.103: [ParNew: 553112K->6638K(613440K), 0.0057739 secs] 553502K->7028K(2029056K), 0.0058304 secs] [Times: user=0.00 sys=0.00, real=0.01 secs] 
2020-09-29T13:03:01.629+0200: 13.187: [GC (Allocation Failure) 2020-09-29T13:03:01.629+0200: 13.187: [ParNew: 551982K->4080K(613440K), 0.0047184 secs] 552372K->4470K(2029056K), 0.0047723 secs] [Times: user=0.05 sys=0.00, real=0.01 secs] 
2020-09-29T13:03:01.711+0200: 13.268: [GC (Allocation Failure) 2020-09-29T13:03:01.711+0200: 13.268: [ParNew: 549424K->71K(613440K), 0.0019591 secs] 549814K->461K(2029056K), 0.0020101 secs] [Times: user=0.00 sys=0.00, real=0.00 secs] 
2020-09-29T13:03:01.794+0200: 13.352: [GC (Allocation Failure) 2020-09-29T13:03:01.794+0200: 13.352: [ParNew: 545415K->12106K(613440K), 0.0100121 secs] 545805K->12496K(2029056K), 0.0100680 secs] [Times: user=0.13 sys=0.00, real=0.01 secs] 
2020-09-29T13:03:01.889+0200: 13.446: [GC (Allocation Failure) 2020-09-29T13:03:01.889+0200: 13.446: [ParNew: 557450K->17117K(613440K), 0.0092908 secs] 557840K->17507K(2029056K), 0.0093487 secs] [Times: user=0.13 sys=0.00, real=0.01 secs] 
2020-09-29T13:03:01.976+0200: 13.534: [GC (Allocation Failure) 2020-09-29T13:03:01.976+0200: 13.534: [ParNew: 562461K->12047K(613440K), 0.0080857 secs] 562851K->12437K(2029056K), 0.0081404 secs] [Times: user=0.00 sys=0.00, real=0.01 secs] 
2020-09-29T13:03:02.063+0200: 13.621: [GC (Allocation Failure) 2020-09-29T13:03:02.063+0200: 13.621: [ParNew: 557391K->8017K(613440K), 0.0070106 secs] 557781K->8407K(2029056K), 0.0070661 secs] [Times: user=0.13 sys=0.00, real=0.01 secs] 
2020-09-29T13:03:02.148+0200: 13.705: [GC (Allocation Failure) 2020-09-29T13:03:02.148+0200: 13.705: [ParNew: 553361K->6734K(613440K), 0.0058039 secs] 553751K->7124K(2029056K), 0.0058584 secs] [Times: user=0.00 sys=0.00, real=0.01 secs] 
2020-09-29T13:03:02.233+0200: 13.791: [GC (Allocation Failure) 2020-09-29T13:03:02.233+0200: 13.791: [ParNew: 550178K->273K(613440K), 0.0017426 secs] 550569K->664K(2029056K), 0.0017961 secs] [Times: user=0.00 sys=0.00, real=0.00 secs] 
2020-09-29T13:03:02.314+0200: 13.872: [GC (Allocation Failure) 2020-09-29T13:03:02.314+0200: 13.872: [ParNew: 545617K->12225K(613440K), 0.0101752 secs] 546008K->12616K(2029056K), 0.0102317 secs] [Times: user=0.13 sys=0.00, real=0.01 secs] 
2020-09-29T13:03:02.401+0200: 13.959: [GC (Allocation Failure) 2020-09-29T13:03:02.401+0200: 13.960: [ParNew: 557569K->17193K(613440K), 0.0091559 secs] 557960K->17583K(2029056K), 0.0092237 secs] [Times: user=0.03 sys=0.00, real=0.01 secs] 
2020-09-29T13:03:02.486+0200: 14.044: [GC (Allocation Failure) 2020-09-29T13:03:02.486+0200: 14.044: [ParNew: 562537K->12063K(613440K), 0.0080902 secs] 562927K->12454K(2029056K), 0.0081454 secs] [Times: user=0.13 sys=0.00, real=0.01 secs] 
2020-09-29T13:03:02.575+0200: 14.133: [GC (Allocation Failure) 2020-09-29T13:03:02.575+0200: 14.133: [ParNew: 557407K->8264K(613440K), 0.0076713 secs] 557798K->8654K(2029056K), 0.0077291 secs] [Times: user=0.11 sys=0.00, real=0.01 secs] 
2020-09-29T13:03:02.665+0200: 14.223: [GC (Allocation Failure) 2020-09-29T13:03:02.665+0200: 14.223: [ParNew: 553608K->7375K(613440K), 0.0065469 secs] 553998K->7765K(2029056K), 0.0066026 secs] [Times: user=0.00 sys=0.00, real=0.01 secs] 
2020-09-29T13:03:02.750+0200: 14.307: [GC (Allocation Failure) 2020-09-29T13:03:02.750+0200: 14.307: [ParNew: 552719K->5828K(613440K), 0.0054470 secs] 553109K->6219K(2029056K), 0.0055027 secs] [Times: user=0.13 sys=0.00, real=0.01 secs] 
2020-09-29T13:03:02.834+0200: 14.391: [GC (Allocation Failure) 2020-09-29T13:03:02.834+0200: 14.391: [ParNew: 551172K->168K(613440K), 0.0014324 secs] 551563K->558K(2029056K), 0.0014825 secs] [Times: user=0.00 sys=0.00, real=0.00 secs] 
2020-09-29T13:03:02.914+0200: 14.471: [GC (Allocation Failure) 2020-09-29T13:03:02.914+0200: 14.471: [ParNew: 545512K->12289K(613440K), 0.0101138 secs] 545902K->12679K(2029056K), 0.0101681 secs] [Times: user=0.00 sys=0.00, real=0.01 secs] 
2020-09-29T13:03:03.000+0200: 14.558: [GC (Allocation Failure) 2020-09-29T13:03:03.000+0200: 14.558: [ParNew: 557633K->17399K(613440K), 0.0094445 secs] 558023K->17789K(2029056K), 0.0095002 secs] [Times: user=0.13 sys=0.00, real=0.01 secs] 
2020-09-29T13:03:03.086+0200: 14.643: [GC (Allocation Failure) 2020-09-29T13:03:03.086+0200: 14.643: [ParNew: 562743K->12126K(613440K), 0.0082109 secs] 563133K->12516K(2029056K), 0.0082656 secs] [Times: user=0.00 sys=0.00, real=0.01 secs] 
2020-09-29T13:03:03.174+0200: 14.731: [GC (Allocation Failure) 2020-09-29T13:03:03.174+0200: 14.731: [ParNew: 557470K->8156K(613440K), 0.0073789 secs] 557860K->8547K(2029056K), 0.0074360 secs] [Times: user=0.13 sys=0.00, real=0.01 secs] 
2020-09-29T13:03:03.260+0200: 14.818: [GC (Allocation Failure) 2020-09-29T13:03:03.260+0200: 14.818: [ParNew: 553500K->7129K(613440K), 0.0061842 secs] 553891K->7520K(2029056K), 0.0062376 secs] [Times: user=0.00 sys=0.00, real=0.01 secs] 
2020-09-29T13:03:03.343+0200: 14.900: [GC (Allocation Failure) 2020-09-29T13:03:03.343+0200: 14.900: [ParNew: 552473K->4294K(613440K), 0.0045555 secs] 552864K->4684K(2029056K), 0.0046084 secs] [Times: user=0.00 sys=0.00, real=0.00 secs] 
2020-09-29T13:03:03.423+0200: 14.980: [GC (Allocation Failure) 2020-09-29T13:03:03.423+0200: 14.980: [ParNew: 549638K->90K(613440K), 0.0016415 secs] 550028K->480K(2029056K), 0.0016911 secs] [Times: user=0.00 sys=0.00, real=0.00 secs] 
2020-09-29T13:03:03.502+0200: 15.060: [GC (Allocation Failure) 2020-09-29T13:03:03.503+0200: 15.060: [ParNew: 545434K->11779K(613440K), 0.0097603 secs] 545824K->12169K(2029056K), 0.0099171 secs] [Times: user=0.13 sys=0.00, real=0.01 secs] 
2020-09-29T13:03:03.596+0200: 15.154: [GC (Allocation Failure) 2020-09-29T13:03:03.596+0200: 15.154: [ParNew: 557123K->15719K(613440K), 0.0095578 secs] 557513K->16109K(2029056K), 0.0096602 secs] [Times: user=0.11 sys=0.00, real=0.01 secs] 
2020-09-29T13:03:03.694+0200: 15.251: [GC (Allocation Failure) 2020-09-29T13:03:03.694+0200: 15.251: [ParNew: 561063K->11610K(613440K), 0.0080756 secs] 561453K->12000K(2029056K), 0.0081375 secs] [Times: user=0.00 sys=0.00, real=0.01 secs] 
2020-09-29T13:03:03.780+0200: 15.338: [GC (Allocation Failure) 2020-09-29T13:03:03.780+0200: 15.338: [ParNew: 556954K->7916K(613440K), 0.0074421 secs] 557344K->8306K(2029056K), 0.0074987 secs] [Times: user=0.13 sys=0.00, real=0.01 secs] 
2020-09-29T13:03:03.864+0200: 15.422: [GC (Allocation Failure) 2020-09-29T13:03:03.864+0200: 15.422: [ParNew: 553260K->7037K(613440K), 0.0060276 secs] 553650K->7427K(2029056K), 0.0060861 secs] [Times: user=0.00 sys=0.00, real=0.01 secs] 
2020-09-29T13:03:03.947+0200: 15.504: [GC (Allocation Failure) 2020-09-29T13:03:03.947+0200: 15.504: [ParNew: 552381K->5533K(613440K), 0.0053375 secs] 552771K->5923K(2029056K), 0.0053920 secs] [Times: user=0.00 sys=0.00, real=0.00 secs] 
2020-09-29T13:03:04.031+0200: 15.589: [GC (Allocation Failure) 2020-09-29T13:03:04.031+0200: 15.589: [ParNew: 550877K->184K(613440K), 0.0016800 secs] 551267K->574K(2029056K), 0.0017336 secs] [Times: user=0.00 sys=0.00, real=0.00 secs] 
2020-09-29T13:03:04.112+0200: 15.669: [GC (Allocation Failure) 2020-09-29T13:03:04.112+0200: 15.669: [ParNew: 545528K->12317K(613440K), 0.0099944 secs] 545918K->12707K(2029056K), 0.0100590 secs] [Times: user=0.13 sys=0.00, real=0.01 secs] 
2020-09-29T13:03:04.199+0200: 15.757: [GC (Allocation Failure) 2020-09-29T13:03:04.199+0200: 15.757: [ParNew: 557661K->15429K(613440K), 0.0088421 secs] 558051K->15819K(2029056K), 0.0089005 secs] [Times: user=0.13 sys=0.00, real=0.01 secs] 
2020-09-29T13:03:04.290+0200: 15.847: [GC (Allocation Failure) 2020-09-29T13:03:04.290+0200: 15.847: [ParNew: 560773K->9978K(613440K), 0.0078883 secs] 561163K->10368K(2029056K), 0.0079458 secs] [Times: user=0.00 sys=0.00, real=0.01 secs] 
2020-09-29T13:03:04.376+0200: 15.934: [GC (Allocation Failure) 2020-09-29T13:03:04.376+0200: 15.934: [ParNew: 555322K->8530K(613440K), 0.0066534 secs] 555712K->8920K(2029056K), 0.0067226 secs] [Times: user=0.13 sys=0.00, real=0.01 secs] 
2020-09-29T13:03:04.462+0200: 16.020: [GC (Allocation Failure) 2020-09-29T13:03:04.462+0200: 16.020: [ParNew: 553874K->6828K(613440K), 0.0060671 secs] 554264K->7218K(2029056K), 0.0061209 secs] [Times: user=0.00 sys=0.00, real=0.01 secs] 
2020-09-29T13:03:04.549+0200: 16.106: [GC (Allocation Failure) 2020-09-29T13:03:04.549+0200: 16.106: [ParNew: 552172K->4128K(613440K), 0.0047833 secs] 552562K->4518K(2029056K), 0.0048369 secs] [Times: user=0.13 sys=0.00, real=0.00 secs] 
2020-09-29T13:03:04.630+0200: 16.188: [GC (Allocation Failure) 2020-09-29T13:03:04.630+0200: 16.188: [ParNew: 549472K->72K(613440K), 0.0016221 secs] 549862K->462K(2029056K), 0.0016749 secs] [Times: user=0.00 sys=0.00, real=0.00 secs] 
2020-09-29T13:03:04.709+0200: 16.267: [GC (Allocation Failure) 2020-09-29T13:03:04.709+0200: 16.267: [ParNew: 545416K->12101K(613440K), 0.0099825 secs] 545806K->12491K(2029056K), 0.0100903 secs] [Times: user=0.00 sys=0.00, real=0.01 secs] 
2020-09-29T13:03:04.801+0200: 16.359: [GC (Allocation Failure) 2020-09-29T13:03:04.801+0200: 16.359: [ParNew: 557445K->17119K(613440K), 0.0091139 secs] 557835K->17509K(2029056K), 0.0091716 secs] [Times: user=0.00 sys=0.00, real=0.01 secs] 
2020-09-29T13:03:04.888+0200: 16.446: [GC (Allocation Failure) 2020-09-29T13:03:04.888+0200: 16.446: [ParNew: 562463K->12048K(613440K), 0.0078764 secs] 562853K->12438K(2029056K), 0.0079329 secs] [Times: user=0.13 sys=0.00, real=0.01 secs] 
2020-09-29T13:03:04.973+0200: 16.531: [GC (Allocation Failure) 2020-09-29T13:03:04.973+0200: 16.531: [ParNew: 557392K->8017K(613440K), 0.0069714 secs] 557782K->8407K(2029056K), 0.0070285 secs] [Times: user=0.00 sys=0.00, real=0.01 secs] 
2020-09-29T13:03:05.059+0200: 16.618: [GC (Allocation Failure) 2020-09-29T13:03:05.060+0200: 16.618: [ParNew: 553361K->6734K(613440K), 0.0062434 secs] 553751K->7124K(2029056K), 0.0063047 secs] [Times: user=0.00 sys=0.00, real=0.01 secs] 
2020-09-29T13:03:05.142+0200: 16.700: [GC (Allocation Failure) 2020-09-29T13:03:05.142+0200: 16.701: [ParNew: 550178K->273K(613440K), 0.0016749 secs] 550569K->664K(2029056K), 0.0017282 secs] [Times: user=0.00 sys=0.00, real=0.00 secs] 
2020-09-29T13:03:05.223+0200: 16.781: [GC (Allocation Failure) 2020-09-29T13:03:05.223+0200: 16.781: [ParNew: 545617K->12225K(613440K), 0.0102956 secs] 546008K->12616K(2029056K), 0.0103490 secs] [Times: user=0.00 sys=0.00, real=0.01 secs] 
2020-09-29T13:03:05.312+0200: 16.870: [GC (Allocation Failure) 2020-09-29T13:03:05.312+0200: 16.870: [ParNew: 557569K->17193K(613440K), 0.0092344 secs] 557960K->17583K(2029056K), 0.0092904 secs] [Times: user=0.13 sys=0.00, real=0.01 secs] 
2020-09-29T13:03:05.401+0200: 16.959: [GC (Allocation Failure) 2020-09-29T13:03:05.401+0200: 16.959: [ParNew: 562537K->12063K(613440K), 0.0085601 secs] 562927K->12454K(2029056K), 0.0086360 secs] [Times: user=0.00 sys=0.00, real=0.01 secs] 
2020-09-29T13:03:05.487+0200: 17.045: [GC (Allocation Failure) 2020-09-29T13:03:05.487+0200: 17.045: [ParNew: 557407K->8264K(613440K), 0.0073784 secs] 557798K->8654K(2029056K), 0.0074335 secs] [Times: user=0.13 sys=0.00, real=0.01 secs] 
2020-09-29T13:03:05.572+0200: 17.130: [GC (Allocation Failure) 2020-09-29T13:03:05.572+0200: 17.130: [ParNew: 553608K->7375K(613440K), 0.0061453 secs] 553998K->7765K(2029056K), 0.0062139 secs] [Times: user=0.00 sys=0.00, real=0.01 secs] 
2020-09-29T13:03:05.654+0200: 17.212: [GC (Allocation Failure) 2020-09-29T13:03:05.654+0200: 17.212: [ParNew: 552719K->5828K(613440K), 0.0053168 secs] 553109K->6219K(2029056K), 0.0053703 secs] [Times: user=0.00 sys=0.00, real=0.00 secs] 
2020-09-29T13:03:05.736+0200: 17.294: [GC (Allocation Failure) 2020-09-29T13:03:05.736+0200: 17.294: [ParNew: 551172K->168K(613440K), 0.0017024 secs] 551563K->558K(2029056K), 0.0017526 secs] [Times: user=0.00 sys=0.00, real=0.00 secs] 
2020-09-29T13:03:05.814+0200: 17.372: [GC (Allocation Failure) 2020-09-29T13:03:05.814+0200: 17.372: [ParNew: 545512K->12373K(613440K), 0.0100587 secs] 545902K->12763K(2029056K), 0.0101145 secs] [Times: user=0.13 sys=0.00, real=0.01 secs] 
2020-09-29T13:03:05.901+0200: 17.459: [GC (Allocation Failure) 2020-09-29T13:03:05.901+0200: 17.459: [ParNew: 557717K->17399K(613440K), 0.0089980 secs] 558107K->17789K(2029056K), 0.0090575 secs] [Times: user=0.13 sys=0.00, real=0.01 secs] 
2020-09-29T13:03:05.986+0200: 17.544: [GC (Allocation Failure) 2020-09-29T13:03:05.986+0200: 17.544: [ParNew: 562743K->12126K(613440K), 0.0082054 secs] 563133K->12516K(2029056K), 0.0082604 secs] [Times: user=0.13 sys=0.00, real=0.01 secs] 
2020-09-29T13:03:06.071+0200: 17.629: [GC (Allocation Failure) 2020-09-29T13:03:06.071+0200: 17.629: [ParNew: 557470K->8156K(613440K), 0.0069462 secs] 557860K->8547K(2029056K), 0.0070223 secs] [Times: user=0.00 sys=0.00, real=0.01 secs] 
2020-09-29T13:03:06.154+0200: 17.712: [GC (Allocation Failure) 2020-09-29T13:03:06.154+0200: 17.712: [ParNew: 553500K->7129K(613440K), 0.0057978 secs] 553891K->7520K(2029056K), 0.0059085 secs] [Times: user=0.00 sys=0.00, real=0.00 secs] 
2020-09-29T13:03:06.237+0200: 17.795: [GC (Allocation Failure) 2020-09-29T13:03:06.237+0200: 17.795: [ParNew: 552473K->4294K(613440K), 0.0052584 secs] 552864K->4684K(2029056K), 0.0053132 secs] [Times: user=0.11 sys=0.00, real=0.01 secs] 
2020-09-29T13:03:06.322+0200: 17.880: [GC (Allocation Failure) 2020-09-29T13:03:06.322+0200: 17.880: [ParNew: 549638K->90K(613440K), 0.0017246 secs] 550028K->480K(2029056K), 0.0017755 secs] [Times: user=0.00 sys=0.00, real=0.00 secs] 
2020-09-29T13:03:06.408+0200: 17.966: [GC (Allocation Failure) 2020-09-29T13:03:06.408+0200: 17.966: [ParNew: 545434K->11779K(613440K), 0.0104816 secs] 545824K->12169K(2029056K), 0.0105425 secs] [Times: user=0.13 sys=0.00, real=0.01 secs] 
2020-09-29T13:03:06.497+0200: 18.055: [GC (Allocation Failure) 2020-09-29T13:03:06.497+0200: 18.055: [ParNew: 557123K->16637K(613440K), 0.0087352 secs] 557513K->17027K(2029056K), 0.0087912 secs] [Times: user=0.13 sys=0.00, real=0.01 secs] 
2020-09-29T13:03:06.586+0200: 18.144: [GC (Allocation Failure) 2020-09-29T13:03:06.586+0200: 18.144: [ParNew: 561981K->11610K(613440K), 0.0079671 secs] 562371K->12000K(2029056K), 0.0080298 secs] [Times: user=0.00 sys=0.00, real=0.01 secs] 
2020-09-29T13:03:06.672+0200: 18.230: [GC (Allocation Failure) 2020-09-29T13:03:06.672+0200: 18.230: [ParNew: 556954K->7916K(613440K), 0.0072478 secs] 557344K->8306K(2029056K), 0.0073119 secs] [Times: user=0.13 sys=0.00, real=0.01 secs] 
2020-09-29T13:03:06.759+0200: 18.317: [GC (Allocation Failure) 2020-09-29T13:03:06.759+0200: 18.317: [ParNew: 553260K->7037K(613440K), 0.0061763 secs] 553650K->7427K(2029056K), 0.0062482 secs] [Times: user=0.00 sys=0.00, real=0.01 secs] 
2020-09-29T13:03:06.841+0200: 18.399: [GC (Allocation Failure) 2020-09-29T13:03:06.841+0200: 18.399: [ParNew: 552381K->5533K(613440K), 0.0054693 secs] 552771K->5923K(2029056K), 0.0055229 secs] [Times: user=0.00 sys=0.00, real=0.00 secs] 
2020-09-29T13:03:06.924+0200: 18.482: [GC (Allocation Failure) 2020-09-29T13:03:06.924+0200: 18.482: [ParNew: 550877K->184K(613440K), 0.0017277 secs] 551267K->574K(2029056K), 0.0017786 secs] [Times: user=0.00 sys=0.03, real=0.00 secs] 
2020-09-29T13:03:07.005+0200: 18.563: [GC (Allocation Failure) 2020-09-29T13:03:07.005+0200: 18.563: [ParNew: 545528K->12317K(613440K), 0.0104160 secs] 545918K->12707K(2029056K), 0.0104722 secs] [Times: user=0.00 sys=0.00, real=0.01 secs] 
2020-09-29T13:03:07.095+0200: 18.652: [GC (Allocation Failure) 2020-09-29T13:03:07.095+0200: 18.652: [ParNew: 557661K->16392K(613440K), 0.0088932 secs] 558051K->16782K(2029056K), 0.0089805 secs] [Times: user=0.13 sys=0.00, real=0.01 secs] 
2020-09-29T13:03:07.184+0200: 18.742: [GC (Allocation Failure) 2020-09-29T13:03:07.184+0200: 18.742: [ParNew: 561736K->11903K(613440K), 0.0083871 secs] 562126K->12294K(2029056K), 0.0084458 secs] [Times: user=0.13 sys=0.00, real=0.01 secs] 
2020-09-29T13:03:07.273+0200: 18.831: [GC (Allocation Failure) 2020-09-29T13:03:07.273+0200: 18.831: [ParNew: 557247K->7768K(613440K), 0.0071787 secs] 557638K->8158K(2029056K), 0.0072497 secs] [Times: user=0.00 sys=0.00, real=0.01 secs] 
2020-09-29T13:03:07.363+0200: 18.921: [GC (Allocation Failure) 2020-09-29T13:03:07.363+0200: 18.921: [ParNew: 553112K->6638K(613440K), 0.0063014 secs] 553502K->7028K(2029056K), 0.0063569 secs] [Times: user=0.13 sys=0.00, real=0.01 secs] 
2020-09-29T13:03:07.449+0200: 19.007: [GC (Allocation Failure) 2020-09-29T13:03:07.449+0200: 19.007: [ParNew: 551982K->4080K(613440K), 0.0044853 secs] 552372K->4470K(2029056K), 0.0045375 secs] [Times: user=0.00 sys=0.00, real=0.01 secs] 
2020-09-29T13:03:07.532+0200: 19.090: [GC (Allocation Failure) 2020-09-29T13:03:07.532+0200: 19.090: [ParNew: 549424K->71K(613440K), 0.0018267 secs] 549814K->461K(2029056K), 0.0018767 secs] [Times: user=0.00 sys=0.00, real=0.00 secs] 
2020-09-29T13:03:07.614+0200: 19.172: [GC (Allocation Failure) 2020-09-29T13:03:07.614+0200: 19.172: [ParNew: 545415K->12088K(613440K), 0.0101219 secs] 545805K->12478K(2029056K), 0.0101789 secs] [Times: user=0.00 sys=0.00, real=0.01 secs] 
2020-09-29T13:03:07.701+0200: 19.259: [GC (Allocation Failure) 2020-09-29T13:03:07.701+0200: 19.259: [ParNew: 557432K->17117K(613440K), 0.0091078 secs] 557822K->17507K(2029056K), 0.0091626 secs] [Times: user=0.13 sys=0.00, real=0.01 secs] 
2020-09-29T13:03:07.788+0200: 19.346: [GC (Allocation Failure) 2020-09-29T13:03:07.788+0200: 19.346: [ParNew: 562461K->12047K(613440K), 0.0081718 secs] 562851K->12437K(2029056K), 0.0082298 secs] [Times: user=0.00 sys=0.00, real=0.01 secs] 
2020-09-29T13:03:07.872+0200: 19.430: [GC (Allocation Failure) 2020-09-29T13:03:07.872+0200: 19.430: [ParNew: 557391K->8017K(613440K), 0.0068754 secs] 557781K->8407K(2029056K), 0.0069324 secs] [Times: user=0.00 sys=0.00, real=0.01 secs] 
2020-09-29T13:03:07.957+0200: 19.515: [GC (Allocation Failure) 2020-09-29T13:03:07.958+0200: 19.515: [ParNew: 553361K->6734K(613440K), 0.0057538 secs] 553751K->7124K(2029056K), 0.0058157 secs] [Times: user=0.02 sys=0.00, real=0.01 secs] 
2020-09-29T13:03:08.042+0200: 19.599: [GC (Allocation Failure) 2020-09-29T13:03:08.042+0200: 19.599: [ParNew: 550178K->273K(613440K), 0.0014267 secs] 550569K->664K(2029056K), 0.0014836 secs] [Times: user=0.00 sys=0.00, real=0.00 secs] 
2020-09-29T13:03:08.125+0200: 19.682: [GC (Allocation Failure) 2020-09-29T13:03:08.125+0200: 19.682: [ParNew: 545617K->12157K(613440K), 0.0102005 secs] 546008K->12547K(2029056K), 0.0102555 secs] [Times: user=0.13 sys=0.00, real=0.01 secs] 
2020-09-29T13:03:08.214+0200: 19.772: [GC (Allocation Failure) 2020-09-29T13:03:08.214+0200: 19.772: [ParNew: 557501K->17193K(613440K), 0.0093767 secs] 557891K->17583K(2029056K), 0.0094327 secs] [Times: user=0.00 sys=0.02, real=0.01 secs] 
2020-09-29T13:03:08.305+0200: 19.862: [GC (Allocation Failure) 2020-09-29T13:03:08.305+0200: 19.862: [ParNew: 562537K->11431K(613440K), 0.0082890 secs] 562927K->11822K(2029056K), 0.0083772 secs] [Times: user=0.00 sys=0.00, real=0.01 secs] 
2020-09-29T13:03:08.394+0200: 19.951: [GC (Allocation Failure) 2020-09-29T13:03:08.394+0200: 19.951: [ParNew: 556775K->8264K(613440K), 0.0076585 secs] 557166K->8654K(2029056K), 0.0077146 secs] [Times: user=0.13 sys=0.00, real=0.01 secs] 
2020-09-29T13:03:08.479+0200: 20.037: [GC (Allocation Failure) 2020-09-29T13:03:08.479+0200: 20.037: [ParNew: 553608K->7375K(613440K), 0.0063162 secs] 553998K->7765K(2029056K), 0.0063697 secs] [Times: user=0.00 sys=0.00, real=0.01 secs] 
2020-09-29T13:03:08.565+0200: 20.123: [GC (Allocation Failure) 2020-09-29T13:03:08.565+0200: 20.123: [ParNew: 552719K->5828K(613440K), 0.0056515 secs] 553109K->6219K(2029056K), 0.0057057 secs] [Times: user=0.13 sys=0.00, real=0.01 secs] 
2020-09-29T13:03:08.648+0200: 20.206: [GC (Allocation Failure) 2020-09-29T13:03:08.648+0200: 20.206: [ParNew: 551172K->168K(613440K), 0.0017297 secs] 551563K->558K(2029056K), 0.0017766 secs] [Times: user=0.00 sys=0.00, real=0.00 secs] 
2020-09-29T13:03:08.727+0200: 20.285: [GC (Allocation Failure) 2020-09-29T13:03:08.727+0200: 20.285: [ParNew: 545512K->12246K(613440K), 0.0104595 secs] 545902K->12637K(2029056K), 0.0105679 secs] [Times: user=0.00 sys=0.00, real=0.01 secs] 
2020-09-29T13:03:08.820+0200: 20.378: [GC (Allocation Failure) 2020-09-29T13:03:08.820+0200: 20.378: [ParNew: 557590K->17399K(613440K), 0.0095543 secs] 557981K->17789K(2029056K), 0.0096076 secs] [Times: user=0.00 sys=0.00, real=0.01 secs] 
2020-09-29T13:03:08.909+0200: 20.466: [GC (Allocation Failure) 2020-09-29T13:03:08.909+0200: 20.466: [ParNew: 562743K->12126K(613440K), 0.0078628 secs] 563133K->12516K(2029056K), 0.0079206 secs] [Times: user=0.13 sys=0.00, real=0.01 secs] 
2020-09-29T13:03:08.992+0200: 20.550: [GC (Allocation Failure) 2020-09-29T13:03:08.992+0200: 20.550: [ParNew: 557470K->8156K(613440K), 0.0069134 secs] 557860K->8547K(2029056K), 0.0069701 secs] [Times: user=0.00 sys=0.00, real=0.01 secs] 
2020-09-29T13:03:09.079+0200: 20.636: [GC (Allocation Failure) 2020-09-29T13:03:09.079+0200: 20.636: [ParNew: 553500K->7129K(613440K), 0.0061801 secs] 553891K->7520K(2029056K), 0.0062356 secs] [Times: user=0.13 sys=0.00, real=0.01 secs] 
2020-09-29T13:03:09.163+0200: 20.720: [GC (Allocation Failure) 2020-09-29T13:03:09.163+0200: 20.720: [ParNew: 552473K->4294K(613440K), 0.0049429 secs] 552864K->4684K(2029056K), 0.0049985 secs] [Times: user=0.00 sys=0.00, real=0.00 secs] 
2020-09-29T13:03:09.258+0200: 20.816: [GC (Allocation Failure) 2020-09-29T13:03:09.258+0200: 20.816: [ParNew: 549638K->90K(613440K), 0.0018881 secs] 550028K->480K(2029056K), 0.0019407 secs] [Times: user=0.00 sys=0.00, real=0.00 secs] 
2020-09-29T13:03:09.354+0200: 20.911: [GC (Allocation Failure) 2020-09-29T13:03:09.354+0200: 20.911: [ParNew: 545434K->11779K(613440K), 0.0112172 secs] 545824K->12169K(2029056K), 0.0112784 secs] [Times: user=0.13 sys=0.00, real=0.01 secs] 
2020-09-29T13:03:09.448+0200: 21.005: [GC (Allocation Failure) 2020-09-29T13:03:09.448+0200: 21.006: [ParNew: 557123K->16637K(613440K), 0.0088405 secs] 557513K->17027K(2029056K), 0.0089167 secs] [Times: user=0.00 sys=0.00, real=0.01 secs] 
2020-09-29T13:03:09.536+0200: 21.094: [GC (Allocation Failure) 2020-09-29T13:03:09.536+0200: 21.094: [ParNew: 561981K->11610K(613440K), 0.0082142 secs] 562371K->12000K(2029056K), 0.0082720 secs] [Times: user=0.00 sys=0.00, real=0.01 secs] 
2020-09-29T13:03:09.624+0200: 21.181: [GC (Allocation Failure) 2020-09-29T13:03:09.624+0200: 21.181: [ParNew: 556954K->7916K(613440K), 0.0072242 secs] 557344K->8306K(2029056K), 0.0072819 secs] [Times: user=0.11 sys=0.00, real=0.01 secs] 
2020-09-29T13:03:09.709+0200: 21.267: [GC (Allocation Failure) 2020-09-29T13:03:09.709+0200: 21.267: [ParNew: 553260K->7037K(613440K), 0.0062380 secs] 553650K->7427K(2029056K), 0.0062925 secs] [Times: user=0.00 sys=0.00, real=0.01 secs] 
2020-09-29T13:03:09.795+0200: 21.353: [GC (Allocation Failure) 2020-09-29T13:03:09.796+0200: 21.353: [ParNew: 552381K->5533K(613440K), 0.0055680 secs] 552771K->5923K(2029056K), 0.0056300 secs] [Times: user=0.00 sys=0.00, real=0.01 secs] 
2020-09-29T13:03:09.880+0200: 21.437: [GC (Allocation Failure) 2020-09-29T13:03:09.880+0200: 21.437: [ParNew: 550877K->184K(613440K), 0.0020431 secs] 551267K->574K(2029056K), 0.0020941 secs] [Times: user=0.00 sys=0.00, real=0.00 secs] 
2020-09-29T13:03:09.960+0200: 21.517: [GC (Allocation Failure) 2020-09-29T13:03:09.960+0200: 21.517: [ParNew: 545528K->12225K(613440K), 0.0100383 secs] 545918K->12615K(2029056K), 0.0100940 secs] [Times: user=0.00 sys=0.00, real=0.01 secs] 
2020-09-29T13:03:10.049+0200: 21.607: [GC (Allocation Failure) 2020-09-29T13:03:10.049+0200: 21.607: [ParNew: 557569K->15429K(613440K), 0.0092828 secs] 557959K->15819K(2029056K), 0.0093411 secs] [Times: user=0.13 sys=0.00, real=0.01 secs] 
2020-09-29T13:03:10.136+0200: 21.693: [GC (Allocation Failure) 2020-09-29T13:03:10.136+0200: 21.693: [ParNew: 560773K->9978K(613440K), 0.0077138 secs] 561163K->10368K(2029056K), 0.0077706 secs] [Times: user=0.00 sys=0.00, real=0.01 secs] 
2020-09-29T13:03:10.221+0200: 21.779: [GC (Allocation Failure) 2020-09-29T13:03:10.221+0200: 21.779: [ParNew: 555322K->8530K(613440K), 0.0071324 secs] 555712K->8920K(2029056K), 0.0071882 secs] [Times: user=0.13 sys=0.00, real=0.01 secs] 
2020-09-29T13:03:10.309+0200: 21.866: [GC (Allocation Failure) 2020-09-29T13:03:10.309+0200: 21.866: [ParNew: 553874K->6828K(613440K), 0.0061843 secs] 554264K->7218K(2029056K), 0.0062376 secs] [Times: user=0.00 sys=0.00, real=0.01 secs] 
2020-09-29T13:03:10.408+0200: 21.965: [GC (Allocation Failure) 2020-09-29T13:03:10.408+0200: 21.965: [ParNew: 552172K->4128K(613440K), 0.0055250 secs] 552562K->4518K(2029056K), 0.0055812 secs] [Times: user=0.13 sys=0.00, real=0.01 secs] 
2020-09-29T13:03:10.500+0200: 22.058: [GC (Allocation Failure) 2020-09-29T13:03:10.500+0200: 22.058: [ParNew: 549472K->72K(613440K), 0.0017696 secs] 549862K->462K(2029056K), 0.0018206 secs] [Times: user=0.00 sys=0.00, real=0.00 secs] 
2020-09-29T13:03:10.586+0200: 22.144: [GC (Allocation Failure) 2020-09-29T13:03:10.586+0200: 22.144: [ParNew: 545416K->12101K(613440K), 0.0105264 secs] 545806K->12491K(2029056K), 0.0106106 secs] [Times: user=0.00 sys=0.00, real=0.01 secs] 
Heap
 par new generation   total 613440K, used 546010K [0x0000000080000000, 0x00000000a9990000, 0x00000000a9990000)
  eden space 545344K,  97% used [0x0000000080000000, 0x00000000a0965330, 0x00000000a1490000)
  from space 68096K,  17% used [0x00000000a1490000, 0x00000000a2061710, 0x00000000a5710000)
  to   space 68096K,   0% used [0x00000000a5710000, 0x00000000a5710000, 0x00000000a9990000)
 concurrent mark-sweep generation total 1415616K, used 390K [0x00000000a9990000, 0x0000000100000000, 0x0000000100000000)
 Metaspace       used 2594K, capacity 4486K, committed 4864K, reserved 1056768K
  class space    used 285K, capacity 386K, committed 512K, reserved 1048576K
