Java HotSpot(TM) 64-Bit Server VM (25.261-b12) for windows-amd64 JRE (1.8.0_261-b12), built on Jun 18 2020 06:56:32 by "" with unknown MS VC++:1916
Memory: 4k page, physical 16659684k(8853948k free), swap 23213284k(7978592k free)
CommandLine flags: -XX:InitialHeapSize=2147483648 -XX:MaxHeapSize=2147483648 -XX:MaxNewSize=697933824 -XX:MaxTenuringThreshold=6 -XX:NewSize=697933824 -XX:OldPLABSize=16 -XX:OldSize=1395867648 -XX:+PrintGC -XX:+PrintGCDateStamps -XX:+PrintGCDetails -XX:+PrintGCTimeStamps -XX:+UseCompressedClassPointers -XX:+UseCompressedOops -XX:+UseConcMarkSweepGC -XX:-UseLargePagesIndividualAllocation -XX:+UseParNewGC 
2020-09-29T13:02:21.958+0200: 0.559: [GC (Allocation Failure) 2020-09-29T13:02:21.958+0200: 0.559: [ParNew: 545344K->4406K(613440K), 0.0180074 secs] 545344K->4406K(2029056K), 0.0181612 secs] [Times: user=0.13 sys=0.00, real=0.02 secs] 
2020-09-29T13:02:22.091+0200: 0.691: [GC (Allocation Failure) 2020-09-29T13:02:22.091+0200: 0.691: [ParNew: 549750K->4304K(613440K), 0.0072302 secs] 549750K->4304K(2029056K), 0.0072987 secs] [Times: user=0.13 sys=0.00, real=0.01 secs] 
2020-09-29T13:02:22.193+0200: 0.793: [GC (Allocation Failure) 2020-09-29T13:02:22.193+0200: 0.793: [ParNew: 549648K->972K(613440K), 0.0023876 secs] 549648K->972K(2029056K), 0.0024481 secs] [Times: user=0.00 sys=0.00, real=0.00 secs] 
2020-09-29T13:02:22.294+0200: 0.894: [GC (Allocation Failure) 2020-09-29T13:02:22.294+0200: 0.894: [ParNew: 546316K->12630K(613440K), 0.0143866 secs] 546316K->12630K(2029056K), 0.0144510 secs] [Times: user=0.11 sys=0.00, real=0.01 secs] 
2020-09-29T13:02:22.406+0200: 1.007: [GC (Allocation Failure) 2020-09-29T13:02:22.406+0200: 1.007: [ParNew: 557974K->15833K(613440K), 0.0140916 secs] 557974K->15833K(2029056K), 0.0141659 secs] [Times: user=0.08 sys=0.00, real=0.01 secs] 
2020-09-29T13:02:22.524+0200: 1.124: [GC (Allocation Failure) 2020-09-29T13:02:22.524+0200: 1.124: [ParNew: 561177K->15030K(613440K), 0.0117409 secs] 561177K->15030K(2029056K), 0.0118087 secs] [Times: user=0.01 sys=0.00, real=0.01 secs] 
2020-09-29T13:02:22.640+0200: 1.240: [GC (Allocation Failure) 2020-09-29T13:02:22.640+0200: 1.240: [ParNew: 560374K->11159K(613440K), 0.0100805 secs] 560374K->11549K(2029056K), 0.0101635 secs] [Times: user=0.13 sys=0.00, real=0.01 secs] 
2020-09-29T13:02:22.747+0200: 1.348: [GC (Allocation Failure) 2020-09-29T13:02:22.747+0200: 1.348: [ParNew: 556503K->7036K(613440K), 0.0080297 secs] 556893K->7426K(2029056K), 0.0080916 secs] [Times: user=0.11 sys=0.00, real=0.01 secs] 
2020-09-29T13:02:22.858+0200: 1.459: [GC (Allocation Failure) 2020-09-29T13:02:22.858+0200: 1.459: [ParNew: 552380K->4410K(613440K), 0.0078941 secs] 552770K->4800K(2029056K), 0.0079747 secs] [Times: user=0.08 sys=0.02, real=0.01 secs] 
2020-09-29T13:02:22.977+0200: 1.578: [GC (Allocation Failure) 2020-09-29T13:02:22.977+0200: 1.578: [ParNew: 549754K->166K(613440K), 0.0025466 secs] 550144K->556K(2029056K), 0.0026146 secs] [Times: user=0.00 sys=0.00, real=0.00 secs] 
2020-09-29T13:02:23.102+0200: 1.702: [GC (Allocation Failure) 2020-09-29T13:02:23.102+0200: 1.703: [ParNew: 545510K->12292K(613440K), 0.0145612 secs] 545900K->12682K(2029056K), 0.0146523 secs] [Times: user=0.13 sys=0.00, real=0.01 secs] 
2020-09-29T13:02:23.220+0200: 1.821: [GC (Allocation Failure) 2020-09-29T13:02:23.220+0200: 1.821: [ParNew: 557636K->17309K(613440K), 0.0118311 secs] 558026K->17699K(2029056K), 0.0118939 secs] [Times: user=0.13 sys=0.00, real=0.01 secs] 
2020-09-29T13:02:23.318+0200: 1.919: [GC (Allocation Failure) 2020-09-29T13:02:23.318+0200: 1.919: [ParNew: 562653K->11593K(613440K), 0.0097513 secs] 563043K->11984K(2029056K), 0.0098271 secs] [Times: user=0.00 sys=0.00, real=0.01 secs] 
2020-09-29T13:02:23.428+0200: 2.028: [GC (Allocation Failure) 2020-09-29T13:02:23.428+0200: 2.028: [ParNew: 556937K->8412K(613440K), 0.0096760 secs] 557328K->8802K(2029056K), 0.0097396 secs] [Times: user=0.00 sys=0.00, real=0.01 secs] 
2020-09-29T13:02:23.534+0200: 2.135: [GC (Allocation Failure) 2020-09-29T13:02:23.534+0200: 2.135: [ParNew: 553756K->7464K(613440K), 0.0077543 secs] 554146K->7854K(2029056K), 0.0078562 secs] [Times: user=0.13 sys=0.00, real=0.01 secs] 
2020-09-29T13:02:23.655+0200: 2.256: [GC (Allocation Failure) 2020-09-29T13:02:23.655+0200: 2.256: [ParNew: 552808K->5481K(613440K), 0.0070322 secs] 553198K->5872K(2029056K), 0.0070951 secs] [Times: user=0.11 sys=0.00, real=0.01 secs] 
2020-09-29T13:02:23.756+0200: 2.357: [GC (Allocation Failure) 2020-09-29T13:02:23.756+0200: 2.357: [ParNew: 550193K->220K(613440K), 0.0016582 secs] 550583K->610K(2029056K), 0.0017297 secs] [Times: user=0.00 sys=0.00, real=0.00 secs] 
2020-09-29T13:02:23.856+0200: 2.456: [GC (Allocation Failure) 2020-09-29T13:02:23.856+0200: 2.456: [ParNew: 545564K->11964K(613440K), 0.0126581 secs] 545954K->12354K(2029056K), 0.0127221 secs] [Times: user=0.13 sys=0.00, real=0.01 secs] 
2020-09-29T13:02:23.956+0200: 2.557: [GC (Allocation Failure) 2020-09-29T13:02:23.956+0200: 2.557: [ParNew: 557308K->15051K(613440K), 0.0109919 secs] 557698K->15442K(2029056K), 0.0110569 secs] [Times: user=0.13 sys=0.00, real=0.01 secs] 
2020-09-29T13:02:24.057+0200: 2.658: [GC (Allocation Failure) 2020-09-29T13:02:24.057+0200: 2.658: [ParNew: 560395K->10049K(613440K), 0.0088961 secs] 560786K->10439K(2029056K), 0.0089697 secs] [Times: user=0.00 sys=0.00, real=0.01 secs] 
2020-09-29T13:02:24.159+0200: 2.760: [GC (Allocation Failure) 2020-09-29T13:02:24.159+0200: 2.760: [ParNew: 555393K->8872K(613440K), 0.0079979 secs] 555783K->9262K(2029056K), 0.0080777 secs] [Times: user=0.13 sys=0.00, real=0.01 secs] 
2020-09-29T13:02:24.258+0200: 2.859: [GC (Allocation Failure) 2020-09-29T13:02:24.258+0200: 2.859: [ParNew: 554216K->7300K(613440K), 0.0073299 secs] 554606K->7690K(2029056K), 0.0073906 secs] [Times: user=0.00 sys=0.00, real=0.01 secs] 
2020-09-29T13:02:24.351+0200: 2.951: [GC (Allocation Failure) 2020-09-29T13:02:24.351+0200: 2.951: [ParNew: 552644K->4467K(613440K), 0.0052561 secs] 553034K->4857K(2029056K), 0.0053130 secs] [Times: user=0.00 sys=0.00, real=0.00 secs] 
2020-09-29T13:02:24.451+0200: 3.052: [GC (Allocation Failure) 2020-09-29T13:02:24.451+0200: 3.052: [ParNew: 549811K->135K(613440K), 0.0021175 secs] 550201K->525K(2029056K), 0.0021801 secs] [Times: user=0.00 sys=0.00, real=0.00 secs] 
2020-09-29T13:02:24.545+0200: 3.146: [GC (Allocation Failure) 2020-09-29T13:02:24.545+0200: 3.146: [ParNew: 545479K->12215K(613440K), 0.0109949 secs] 545869K->12605K(2029056K), 0.0110670 secs] [Times: user=0.11 sys=0.00, real=0.01 secs] 
2020-09-29T13:02:24.668+0200: 3.268: [GC (Allocation Failure) 2020-09-29T13:02:24.668+0200: 3.268: [ParNew: 557559K->16320K(613440K), 0.0113503 secs] 557949K->16711K(2029056K), 0.0114091 secs] [Times: user=0.13 sys=0.00, real=0.01 secs] 
2020-09-29T13:02:24.765+0200: 3.365: [GC (Allocation Failure) 2020-09-29T13:02:24.765+0200: 3.365: [ParNew: 561664K->12223K(613440K), 0.0087085 secs] 562055K->12614K(2029056K), 0.0087680 secs] [Times: user=0.13 sys=0.00, real=0.01 secs] 
2020-09-29T13:02:24.870+0200: 3.470: [GC (Allocation Failure) 2020-09-29T13:02:24.870+0200: 3.470: [ParNew: 557567K->8525K(613440K), 0.0086073 secs] 557958K->8916K(2029056K), 0.0086704 secs] [Times: user=0.00 sys=0.00, real=0.01 secs] 
2020-09-29T13:02:24.962+0200: 3.563: [GC (Allocation Failure) 2020-09-29T13:02:24.962+0200: 3.563: [ParNew: 553869K->7605K(613440K), 0.0071187 secs] 554260K->7995K(2029056K), 0.0071824 secs] [Times: user=0.00 sys=0.00, real=0.01 secs] 
2020-09-29T13:02:25.059+0200: 3.659: [GC (Allocation Failure) 2020-09-29T13:02:25.059+0200: 3.659: [ParNew: 552949K->4556K(613440K), 0.0064880 secs] 553339K->4946K(2029056K), 0.0065500 secs] [Times: user=0.00 sys=0.00, real=0.01 secs] 
2020-09-29T13:02:25.157+0200: 3.758: [GC (Allocation Failure) 2020-09-29T13:02:25.157+0200: 3.758: [ParNew: 549900K->138K(613440K), 0.0015219 secs] 550290K->529K(2029056K), 0.0015768 secs] [Times: user=0.00 sys=0.00, real=0.00 secs] 
2020-09-29T13:02:25.246+0200: 3.846: [GC (Allocation Failure) 2020-09-29T13:02:25.246+0200: 3.846: [ParNew: 545482K->12236K(613440K), 0.0105120 secs] 545873K->12627K(2029056K), 0.0106057 secs] [Times: user=0.13 sys=0.00, real=0.01 secs] 
2020-09-29T13:02:25.346+0200: 3.946: [GC (Allocation Failure) 2020-09-29T13:02:25.346+0200: 3.946: [ParNew: 557580K->17300K(613440K), 0.0109327 secs] 557971K->17691K(2029056K), 0.0109926 secs] [Times: user=0.13 sys=0.00, real=0.01 secs] 
2020-09-29T13:02:25.444+0200: 4.044: [GC (Allocation Failure) 2020-09-29T13:02:25.444+0200: 4.044: [ParNew: 562644K->12230K(613440K), 0.0095530 secs] 563035K->12620K(2029056K), 0.0096282 secs] [Times: user=0.00 sys=0.00, real=0.01 secs] 
2020-09-29T13:02:25.546+0200: 4.147: [GC (Allocation Failure) 2020-09-29T13:02:25.546+0200: 4.147: [ParNew: 557574K->8405K(613440K), 0.0088875 secs] 557964K->8796K(2029056K), 0.0089486 secs] [Times: user=0.13 sys=0.00, real=0.01 secs] 
2020-09-29T13:02:25.650+0200: 4.250: [GC (Allocation Failure) 2020-09-29T13:02:25.650+0200: 4.250: [ParNew: 553749K->7436K(613440K), 0.0062847 secs] 554140K->7826K(2029056K), 0.0063461 secs] [Times: user=0.00 sys=0.00, real=0.01 secs] 
2020-09-29T13:02:25.743+0200: 4.343: [GC (Allocation Failure) 2020-09-29T13:02:25.743+0200: 4.343: [ParNew: 552780K->4531K(613440K), 0.0058659 secs] 553170K->4922K(2029056K), 0.0059236 secs] [Times: user=0.00 sys=0.00, real=0.00 secs] 
2020-09-29T13:02:25.840+0200: 4.440: [GC (Allocation Failure) 2020-09-29T13:02:25.840+0200: 4.440: [ParNew: 549875K->136K(613440K), 0.0021524 secs] 550266K->526K(2029056K), 0.0022138 secs] [Times: user=0.00 sys=0.00, real=0.00 secs] 
2020-09-29T13:02:25.935+0200: 4.535: [GC (Allocation Failure) 2020-09-29T13:02:25.935+0200: 4.535: [ParNew: 545480K->12230K(613440K), 0.0119143 secs] 545870K->12620K(2029056K), 0.0119749 secs] [Times: user=0.13 sys=0.00, real=0.01 secs] 
2020-09-29T13:02:26.031+0200: 4.631: [GC (Allocation Failure) 2020-09-29T13:02:26.031+0200: 4.631: [ParNew: 557574K->16343K(613440K), 0.0092368 secs] 557964K->16733K(2029056K), 0.0093129 secs] [Times: user=0.13 sys=0.00, real=0.01 secs] 
2020-09-29T13:02:26.125+0200: 4.725: [GC (Allocation Failure) 2020-09-29T13:02:26.125+0200: 4.725: [ParNew: 561687K->11890K(613440K), 0.0086837 secs] 562077K->12280K(2029056K), 0.0087402 secs] [Times: user=0.13 sys=0.00, real=0.01 secs] 
2020-09-29T13:02:26.220+0200: 4.820: [GC (Allocation Failure) 2020-09-29T13:02:26.220+0200: 4.820: [ParNew: 557234K->7765K(613440K), 0.0073287 secs] 557624K->8155K(2029056K), 0.0074047 secs] [Times: user=0.13 sys=0.00, real=0.01 secs] 
2020-09-29T13:02:26.311+0200: 4.911: [GC (Allocation Failure) 2020-09-29T13:02:26.311+0200: 4.911: [ParNew: 553109K->6636K(613440K), 0.0062639 secs] 553499K->7027K(2029056K), 0.0063215 secs] [Times: user=0.00 sys=0.00, real=0.01 secs] 
2020-09-29T13:02:26.407+0200: 5.007: [GC (Allocation Failure) 2020-09-29T13:02:26.407+0200: 5.007: [ParNew: 551980K->3282K(613440K), 0.0054822 secs] 552371K->3672K(2029056K), 0.0055525 secs] [Times: user=0.09 sys=0.00, real=0.01 secs] 
2020-09-29T13:02:26.501+0200: 5.102: [GC (Allocation Failure) 2020-09-29T13:02:26.501+0200: 5.102: [ParNew: 548626K->71K(613440K), 0.0017224 secs] 549016K->461K(2029056K), 0.0017782 secs] [Times: user=0.00 sys=0.00, real=0.00 secs] 
2020-09-29T13:02:26.596+0200: 5.196: [GC (Allocation Failure) 2020-09-29T13:02:26.596+0200: 5.196: [ParNew: 545415K->12101K(613440K), 0.0114414 secs] 545805K->12492K(2029056K), 0.0115001 secs] [Times: user=0.11 sys=0.00, real=0.01 secs] 
2020-09-29T13:02:26.692+0200: 5.293: [GC (Allocation Failure) 2020-09-29T13:02:26.692+0200: 5.293: [ParNew: 557445K->16169K(613440K), 0.0107703 secs] 557836K->16559K(2029056K), 0.0108439 secs] [Times: user=0.00 sys=0.00, real=0.01 secs] 
2020-09-29T13:02:26.877+0200: 5.477: [GC (Allocation Failure) 2020-09-29T13:02:26.877+0200: 5.477: [ParNew: 561513K->10785K(613440K), 0.0098400 secs] 561903K->11175K(2029056K), 0.0099368 secs] [Times: user=0.11 sys=0.00, real=0.01 secs] 
2020-09-29T13:02:27.064+0200: 5.665: [GC (Allocation Failure) 2020-09-29T13:02:27.064+0200: 5.665: [ParNew: 556129K->8774K(613440K), 0.0096428 secs] 556519K->9164K(2029056K), 0.0097303 secs] [Times: user=0.09 sys=0.00, real=0.01 secs] 
2020-09-29T13:02:27.209+0200: 5.809: [GC (Allocation Failure) 2020-09-29T13:02:27.209+0200: 5.809: [ParNew: 554118K->6136K(613440K), 0.0075632 secs] 554508K->6526K(2029056K), 0.0076542 secs] [Times: user=0.00 sys=0.00, real=0.01 secs] 
2020-09-29T13:02:27.367+0200: 5.967: [GC (Allocation Failure) 2020-09-29T13:02:27.367+0200: 5.967: [ParNew: 549581K->398K(613440K), 0.0032457 secs] 549971K->788K(2029056K), 0.0033367 secs] [Times: user=0.00 sys=0.00, real=0.00 secs] 
2020-09-29T13:02:27.523+0200: 6.123: [GC (Allocation Failure) 2020-09-29T13:02:27.523+0200: 6.123: [ParNew: 545742K->12213K(613440K), 0.0144661 secs] 546132K->12603K(2029056K), 0.0145653 secs] [Times: user=0.13 sys=0.00, real=0.01 secs] 
2020-09-29T13:02:27.643+0200: 6.243: [GC (Allocation Failure) 2020-09-29T13:02:27.643+0200: 6.243: [ParNew: 557557K->15397K(613440K), 0.0117919 secs] 557947K->15787K(2029056K), 0.0118785 secs] [Times: user=0.09 sys=0.00, real=0.01 secs] 
2020-09-29T13:02:27.757+0200: 6.357: [GC (Allocation Failure) 2020-09-29T13:02:27.757+0200: 6.357: [ParNew: 560741K->10174K(613440K), 0.0099597 secs] 561131K->10564K(2029056K), 0.0100360 secs] [Times: user=0.00 sys=0.00, real=0.01 secs] 
2020-09-29T13:02:27.873+0200: 6.473: [GC (Allocation Failure) 2020-09-29T13:02:27.873+0200: 6.473: [ParNew: 555518K->9055K(613440K), 0.0090140 secs] 555908K->9445K(2029056K), 0.0090895 secs] [Times: user=0.13 sys=0.00, real=0.01 secs] 
2020-09-29T13:02:27.979+0200: 6.579: [GC (Allocation Failure) 2020-09-29T13:02:27.979+0200: 6.580: [ParNew: 554399K->7573K(613440K), 0.0082533 secs] 554789K->7963K(2029056K), 0.0083174 secs] [Times: user=0.00 sys=0.00, real=0.01 secs] 
2020-09-29T13:02:28.081+0200: 6.681: [GC (Allocation Failure) 2020-09-29T13:02:28.081+0200: 6.681: [ParNew: 552917K->4618K(613440K), 0.0061586 secs] 553307K->5008K(2029056K), 0.0062189 secs] [Times: user=0.11 sys=0.00, real=0.01 secs] 
2020-09-29T13:02:28.173+0200: 6.773: [GC (Allocation Failure) 2020-09-29T13:02:28.173+0200: 6.773: [ParNew: 549962K->154K(613440K), 0.0017195 secs] 550352K->544K(2029056K), 0.0017724 secs] [Times: user=0.00 sys=0.00, real=0.00 secs] 
2020-09-29T13:02:28.256+0200: 6.856: [GC (Allocation Failure) 2020-09-29T13:02:28.256+0200: 6.856: [ParNew: 545498K->12282K(613440K), 0.0106998 secs] 545888K->12672K(2029056K), 0.0107642 secs] [Times: user=0.00 sys=0.00, real=0.01 secs] 
2020-09-29T13:02:28.352+0200: 6.952: [GC (Allocation Failure) 2020-09-29T13:02:28.352+0200: 6.952: [ParNew: 557626K->16421K(613440K), 0.0094815 secs] 558016K->16811K(2029056K), 0.0095458 secs] [Times: user=0.00 sys=0.00, real=0.01 secs] 
2020-09-29T13:02:28.443+0200: 7.043: [GC (Allocation Failure) 2020-09-29T13:02:28.443+0200: 7.043: [ParNew: 561765K->12123K(613440K), 0.0083710 secs] 562155K->12513K(2029056K), 0.0084297 secs] [Times: user=0.00 sys=0.00, real=0.01 secs] 
2020-09-29T13:02:28.532+0200: 7.132: [GC (Allocation Failure) 2020-09-29T13:02:28.532+0200: 7.132: [ParNew: 557467K->8156K(613440K), 0.0078055 secs] 557857K->8546K(2029056K), 0.0078637 secs] [Times: user=0.13 sys=0.00, real=0.01 secs] 
2020-09-29T13:02:28.622+0200: 7.222: [GC (Allocation Failure) 2020-09-29T13:02:28.622+0200: 7.222: [ParNew: 553500K->7129K(613440K), 0.0059210 secs] 553890K->7520K(2029056K), 0.0060085 secs] [Times: user=0.00 sys=0.00, real=0.01 secs] 
2020-09-29T13:02:28.704+0200: 7.304: [GC (Allocation Failure) 2020-09-29T13:02:28.704+0200: 7.304: [ParNew: 552473K->4001K(613440K), 0.0048274 secs] 552864K->4392K(2029056K), 0.0048933 secs] [Times: user=0.13 sys=0.00, real=0.01 secs] 
2020-09-29T13:02:28.793+0200: 7.394: [GC (Allocation Failure) 2020-09-29T13:02:28.794+0200: 7.394: [ParNew: 549345K->90K(613440K), 0.0016614 secs] 549736K->480K(2029056K), 0.0017298 secs] [Times: user=0.00 sys=0.00, real=0.00 secs] 
2020-09-29T13:02:28.881+0200: 7.481: [GC (Allocation Failure) 2020-09-29T13:02:28.881+0200: 7.481: [ParNew: 545434K->11779K(613440K), 0.0101762 secs] 545824K->12169K(2029056K), 0.0102586 secs] [Times: user=0.00 sys=0.00, real=0.01 secs] 
2020-09-29T13:02:28.975+0200: 7.575: [GC (Allocation Failure) 2020-09-29T13:02:28.975+0200: 7.575: [ParNew: 557123K->16637K(613440K), 0.0095598 secs] 557513K->17027K(2029056K), 0.0096220 secs] [Times: user=0.00 sys=0.00, real=0.01 secs] 
2020-09-29T13:02:29.063+0200: 7.664: [GC (Allocation Failure) 2020-09-29T13:02:29.064+0200: 7.664: [ParNew: 561981K->11610K(613440K), 0.0081882 secs] 562371K->12000K(2029056K), 0.0082475 secs] [Times: user=0.13 sys=0.00, real=0.01 secs] 
2020-09-29T13:02:29.153+0200: 7.753: [GC (Allocation Failure) 2020-09-29T13:02:29.153+0200: 7.753: [ParNew: 556954K->7916K(613440K), 0.0082410 secs] 557344K->8306K(2029056K), 0.0082947 secs] [Times: user=0.13 sys=0.00, real=0.01 secs] 
2020-09-29T13:02:29.257+0200: 7.857: [GC (Allocation Failure) 2020-09-29T13:02:29.257+0200: 7.857: [ParNew: 553260K->6402K(613440K), 0.0069906 secs] 553650K->6792K(2029056K), 0.0070429 secs] [Times: user=0.00 sys=0.00, real=0.01 secs] 
2020-09-29T13:02:29.352+0200: 7.952: [GC (Allocation Failure) 2020-09-29T13:02:29.352+0200: 7.952: [ParNew: 551746K->5533K(613440K), 0.0060094 secs] 552136K->5923K(2029056K), 0.0060688 secs] [Times: user=0.00 sys=0.00, real=0.01 secs] 
2020-09-29T13:02:29.455+0200: 8.055: [GC (Allocation Failure) 2020-09-29T13:02:29.455+0200: 8.055: [ParNew: 550877K->184K(613440K), 0.0017191 secs] 551267K->574K(2029056K), 0.0017710 secs] [Times: user=0.00 sys=0.00, real=0.00 secs] 
2020-09-29T13:02:29.539+0200: 8.139: [GC (Allocation Failure) 2020-09-29T13:02:29.539+0200: 8.139: [ParNew: 545528K->12225K(613440K), 0.0107332 secs] 545918K->12615K(2029056K), 0.0107917 secs] [Times: user=0.00 sys=0.00, real=0.01 secs] 
2020-09-29T13:02:29.638+0200: 8.238: [GC (Allocation Failure) 2020-09-29T13:02:29.638+0200: 8.238: [ParNew: 557569K->16392K(613440K), 0.0102551 secs] 557959K->16782K(2029056K), 0.0103306 secs] [Times: user=0.13 sys=0.00, real=0.01 secs] 
2020-09-29T13:02:29.728+0200: 8.329: [GC (Allocation Failure) 2020-09-29T13:02:29.728+0200: 8.329: [ParNew: 561736K->11903K(613440K), 0.0078643 secs] 562126K->12294K(2029056K), 0.0079231 secs] [Times: user=0.00 sys=0.00, real=0.01 secs] 
2020-09-29T13:02:29.820+0200: 8.421: [GC (Allocation Failure) 2020-09-29T13:02:29.820+0200: 8.421: [ParNew: 557247K->7768K(613440K), 0.0076734 secs] 557638K->8158K(2029056K), 0.0077503 secs] [Times: user=0.00 sys=0.00, real=0.01 secs] 
2020-09-29T13:02:29.909+0200: 8.510: [GC (Allocation Failure) 2020-09-29T13:02:29.909+0200: 8.510: [ParNew: 553112K->6638K(613440K), 0.0059622 secs] 553502K->7028K(2029056K), 0.0060188 secs] [Times: user=0.13 sys=0.00, real=0.01 secs] 
2020-09-29T13:02:29.996+0200: 8.597: [GC (Allocation Failure) 2020-09-29T13:02:29.996+0200: 8.597: [ParNew: 551982K->4080K(613440K), 0.0049323 secs] 552372K->4470K(2029056K), 0.0049934 secs] [Times: user=0.00 sys=0.00, real=0.00 secs] 
2020-09-29T13:02:30.088+0200: 8.688: [GC (Allocation Failure) 2020-09-29T13:02:30.088+0200: 8.688: [ParNew: 549424K->71K(613440K), 0.0015371 secs] 549814K->461K(2029056K), 0.0015898 secs] [Times: user=0.00 sys=0.00, real=0.00 secs] 
2020-09-29T13:02:30.170+0200: 8.770: [GC (Allocation Failure) 2020-09-29T13:02:30.170+0200: 8.770: [ParNew: 545415K->12088K(613440K), 0.0101896 secs] 545805K->12478K(2029056K), 0.0102561 secs] [Times: user=0.13 sys=0.00, real=0.01 secs] 
2020-09-29T13:02:30.263+0200: 8.864: [GC (Allocation Failure) 2020-09-29T13:02:30.264+0200: 8.864: [ParNew: 557432K->17117K(613440K), 0.0104914 secs] 557822K->17507K(2029056K), 0.0105608 secs] [Times: user=0.13 sys=0.00, real=0.01 secs] 
2020-09-29T13:02:30.360+0200: 8.960: [GC (Allocation Failure) 2020-09-29T13:02:30.360+0200: 8.960: [ParNew: 562461K->12047K(613440K), 0.0080759 secs] 562851K->12437K(2029056K), 0.0081324 secs] [Times: user=0.13 sys=0.00, real=0.01 secs] 
2020-09-29T13:02:30.449+0200: 9.049: [GC (Allocation Failure) 2020-09-29T13:02:30.449+0200: 9.049: [ParNew: 557391K->8017K(613440K), 0.0074341 secs] 557781K->8407K(2029056K), 0.0074965 secs] [Times: user=0.00 sys=0.00, real=0.01 secs] 
2020-09-29T13:02:30.538+0200: 9.138: [GC (Allocation Failure) 2020-09-29T13:02:30.538+0200: 9.138: [ParNew: 553361K->6734K(613440K), 0.0062535 secs] 553751K->7124K(2029056K), 0.0063173 secs] [Times: user=0.00 sys=0.00, real=0.01 secs] 
2020-09-29T13:02:30.627+0200: 9.227: [GC (Allocation Failure) 2020-09-29T13:02:30.627+0200: 9.227: [ParNew: 550178K->273K(613440K), 0.0015933 secs] 550569K->664K(2029056K), 0.0016434 secs] [Times: user=0.00 sys=0.00, real=0.00 secs] 
2020-09-29T13:02:30.713+0200: 9.313: [GC (Allocation Failure) 2020-09-29T13:02:30.713+0200: 9.314: [ParNew: 545617K->12225K(613440K), 0.0112930 secs] 546008K->12616K(2029056K), 0.0113581 secs] [Times: user=0.11 sys=0.00, real=0.01 secs] 
2020-09-29T13:02:30.805+0200: 9.405: [GC (Allocation Failure) 2020-09-29T13:02:30.805+0200: 9.406: [ParNew: 557569K->17193K(613440K), 0.0095909 secs] 557960K->17583K(2029056K), 0.0097081 secs] [Times: user=0.00 sys=0.00, real=0.01 secs] 
2020-09-29T13:02:30.905+0200: 9.506: [GC (Allocation Failure) 2020-09-29T13:02:30.905+0200: 9.506: [ParNew: 562537K->12063K(613440K), 0.0096581 secs] 562927K->12454K(2029056K), 0.0097188 secs] [Times: user=0.13 sys=0.00, real=0.01 secs] 
2020-09-29T13:02:30.998+0200: 9.598: [GC (Allocation Failure) 2020-09-29T13:02:30.998+0200: 9.598: [ParNew: 557407K->8264K(613440K), 0.0071823 secs] 557798K->8654K(2029056K), 0.0072423 secs] [Times: user=0.13 sys=0.00, real=0.01 secs] 
2020-09-29T13:02:31.084+0200: 9.684: [GC (Allocation Failure) 2020-09-29T13:02:31.084+0200: 9.684: [ParNew: 553608K->7375K(613440K), 0.0067779 secs] 553998K->7765K(2029056K), 0.0068386 secs] [Times: user=0.00 sys=0.00, real=0.01 secs] 
2020-09-29T13:02:31.177+0200: 9.777: [GC (Allocation Failure) 2020-09-29T13:02:31.177+0200: 9.777: [ParNew: 552719K->5828K(613440K), 0.0054596 secs] 553109K->6219K(2029056K), 0.0055333 secs] [Times: user=0.00 sys=0.00, real=0.00 secs] 
2020-09-29T13:02:31.271+0200: 9.872: [GC (Allocation Failure) 2020-09-29T13:02:31.271+0200: 9.872: [ParNew: 551172K->168K(613440K), 0.0017908 secs] 551563K->558K(2029056K), 0.0018442 secs] [Times: user=0.00 sys=0.00, real=0.00 secs] 
2020-09-29T13:02:31.360+0200: 9.960: [GC (Allocation Failure) 2020-09-29T13:02:31.360+0200: 9.960: [ParNew: 545512K->12289K(613440K), 0.0112895 secs] 545902K->12679K(2029056K), 0.0113517 secs] [Times: user=0.13 sys=0.00, real=0.01 secs] 
2020-09-29T13:02:31.454+0200: 10.055: [GC (Allocation Failure) 2020-09-29T13:02:31.454+0200: 10.055: [ParNew: 557633K->17399K(613440K), 0.0094094 secs] 558023K->17789K(2029056K), 0.0094648 secs] [Times: user=0.13 sys=0.00, real=0.01 secs] 
2020-09-29T13:02:31.544+0200: 10.145: [GC (Allocation Failure) 2020-09-29T13:02:31.544+0200: 10.145: [ParNew: 562743K->12126K(613440K), 0.0085081 secs] 563133K->12516K(2029056K), 0.0085660 secs] [Times: user=0.13 sys=0.00, real=0.01 secs] 
2020-09-29T13:02:31.634+0200: 10.234: [GC (Allocation Failure) 2020-09-29T13:02:31.634+0200: 10.234: [ParNew: 557470K->8156K(613440K), 0.0070579 secs] 557860K->8547K(2029056K), 0.0071121 secs] [Times: user=0.00 sys=0.00, real=0.01 secs] 
2020-09-29T13:02:31.717+0200: 10.318: [GC (Allocation Failure) 2020-09-29T13:02:31.717+0200: 10.318: [ParNew: 553500K->7129K(613440K), 0.0061806 secs] 553891K->7520K(2029056K), 0.0062373 secs] [Times: user=0.13 sys=0.00, real=0.01 secs] 
2020-09-29T13:02:31.809+0200: 10.410: [GC (Allocation Failure) 2020-09-29T13:02:31.809+0200: 10.410: [ParNew: 552473K->4294K(613440K), 0.0057522 secs] 552864K->4684K(2029056K), 0.0058130 secs] [Times: user=0.00 sys=0.00, real=0.01 secs] 
2020-09-29T13:02:31.900+0200: 10.500: [GC (Allocation Failure) 2020-09-29T13:02:31.900+0200: 10.500: [ParNew: 549638K->90K(613440K), 0.0015826 secs] 550028K->480K(2029056K), 0.0016350 secs] [Times: user=0.00 sys=0.00, real=0.00 secs] 
2020-09-29T13:02:31.986+0200: 10.586: [GC (Allocation Failure) 2020-09-29T13:02:31.986+0200: 10.586: [ParNew: 545434K->11801K(613440K), 0.0113332 secs] 545824K->12192K(2029056K), 0.0113928 secs] [Times: user=0.13 sys=0.00, real=0.01 secs] 
2020-09-29T13:02:32.076+0200: 10.676: [GC (Allocation Failure) 2020-09-29T13:02:32.076+0200: 10.676: [ParNew: 557145K->16637K(613440K), 0.0093143 secs] 557536K->17027K(2029056K), 0.0093693 secs] [Times: user=0.13 sys=0.00, real=0.01 secs] 
2020-09-29T13:02:32.186+0200: 10.786: [GC (Allocation Failure) 2020-09-29T13:02:32.186+0200: 10.786: [ParNew: 561981K->11006K(613440K), 0.0110249 secs] 562371K->11397K(2029056K), 0.0111328 secs] [Times: user=0.13 sys=0.00, real=0.01 secs] 
2020-09-29T13:02:32.300+0200: 10.901: [GC (Allocation Failure) 2020-09-29T13:02:32.300+0200: 10.901: [ParNew: 556350K->7916K(613440K), 0.0091138 secs] 556741K->8306K(2029056K), 0.0091774 secs] [Times: user=0.13 sys=0.00, real=0.01 secs] 
2020-09-29T13:02:32.407+0200: 11.007: [GC (Allocation Failure) 2020-09-29T13:02:32.407+0200: 11.007: [ParNew: 553260K->7037K(613440K), 0.0079551 secs] 553650K->7427K(2029056K), 0.0080169 secs] [Times: user=0.13 sys=0.00, real=0.01 secs] 
2020-09-29T13:02:32.507+0200: 11.107: [GC (Allocation Failure) 2020-09-29T13:02:32.507+0200: 11.107: [ParNew: 552381K->5533K(613440K), 0.0061625 secs] 552771K->5923K(2029056K), 0.0062232 secs] [Times: user=0.00 sys=0.00, real=0.01 secs] 
2020-09-29T13:02:32.595+0200: 11.195: [GC (Allocation Failure) 2020-09-29T13:02:32.595+0200: 11.195: [ParNew: 550877K->184K(613440K), 0.0022175 secs] 551267K->574K(2029056K), 0.0022842 secs] [Times: user=0.00 sys=0.00, real=0.00 secs] 
2020-09-29T13:02:32.702+0200: 11.303: [GC (Allocation Failure) 2020-09-29T13:02:32.702+0200: 11.303: [ParNew: 545528K->12317K(613440K), 0.0115873 secs] 545918K->12707K(2029056K), 0.0116573 secs] [Times: user=0.13 sys=0.00, real=0.01 secs] 
2020-09-29T13:02:32.806+0200: 11.407: [GC (Allocation Failure) 2020-09-29T13:02:32.806+0200: 11.407: [ParNew: 557661K->15429K(613440K), 0.0107818 secs] 558051K->15819K(2029056K), 0.0108613 secs] [Times: user=0.11 sys=0.00, real=0.01 secs] 
2020-09-29T13:02:32.911+0200: 11.512: [GC (Allocation Failure) 2020-09-29T13:02:32.911+0200: 11.512: [ParNew: 560773K->9978K(613440K), 0.0093154 secs] 561163K->10368K(2029056K), 0.0093910 secs] [Times: user=0.00 sys=0.00, real=0.01 secs] 
2020-09-29T13:02:33.007+0200: 11.608: [GC (Allocation Failure) 2020-09-29T13:02:33.007+0200: 11.608: [ParNew: 555322K->8530K(613440K), 0.0072721 secs] 555712K->8920K(2029056K), 0.0073257 secs] [Times: user=0.00 sys=0.00, real=0.01 secs] 
2020-09-29T13:02:33.099+0200: 11.699: [GC (Allocation Failure) 2020-09-29T13:02:33.099+0200: 11.699: [ParNew: 553874K->6828K(613440K), 0.0062431 secs] 554264K->7218K(2029056K), 0.0062995 secs] [Times: user=0.00 sys=0.00, real=0.01 secs] 
2020-09-29T13:02:33.189+0200: 11.790: [GC (Allocation Failure) 2020-09-29T13:02:33.190+0200: 11.790: [ParNew: 552172K->4128K(613440K), 0.0050067 secs] 552562K->4518K(2029056K), 0.0050708 secs] [Times: user=0.13 sys=0.00, real=0.01 secs] 
2020-09-29T13:02:33.280+0200: 11.880: [GC (Allocation Failure) 2020-09-29T13:02:33.280+0200: 11.880: [ParNew: 549472K->72K(613440K), 0.0015168 secs] 549862K->462K(2029056K), 0.0015680 secs] [Times: user=0.00 sys=0.00, real=0.00 secs] 
2020-09-29T13:02:33.364+0200: 11.965: [GC (Allocation Failure) 2020-09-29T13:02:33.364+0200: 11.965: [ParNew: 545416K->12101K(613440K), 0.0110979 secs] 545806K->12491K(2029056K), 0.0111630 secs] [Times: user=0.00 sys=0.00, real=0.01 secs] 
2020-09-29T13:02:33.457+0200: 12.058: [GC (Allocation Failure) 2020-09-29T13:02:33.457+0200: 12.058: [ParNew: 557445K->16171K(613440K), 0.0099023 secs] 557835K->16561K(2029056K), 0.0099609 secs] [Times: user=0.00 sys=0.00, real=0.01 secs] 
2020-09-29T13:02:33.548+0200: 12.149: [GC (Allocation Failure) 2020-09-29T13:02:33.548+0200: 12.149: [ParNew: 561515K->11417K(613440K), 0.0085191 secs] 561905K->11807K(2029056K), 0.0085760 secs] [Times: user=0.13 sys=0.00, real=0.01 secs] 
2020-09-29T13:02:33.641+0200: 12.242: [GC (Allocation Failure) 2020-09-29T13:02:33.642+0200: 12.242: [ParNew: 556761K->8017K(613440K), 0.0071667 secs] 557151K->8407K(2029056K), 0.0072282 secs] [Times: user=0.13 sys=0.00, real=0.01 secs] 
2020-09-29T13:02:33.733+0200: 12.333: [GC (Allocation Failure) 2020-09-29T13:02:33.733+0200: 12.333: [ParNew: 553361K->6734K(613440K), 0.0062681 secs] 553751K->7124K(2029056K), 0.0063240 secs] [Times: user=0.00 sys=0.00, real=0.01 secs] 
2020-09-29T13:02:33.822+0200: 12.422: [GC (Allocation Failure) 2020-09-29T13:02:33.822+0200: 12.422: [ParNew: 550178K->273K(613440K), 0.0015432 secs] 550569K->664K(2029056K), 0.0016003 secs] [Times: user=0.00 sys=0.00, real=0.00 secs] 
2020-09-29T13:02:33.922+0200: 12.522: [GC (Allocation Failure) 2020-09-29T13:02:33.922+0200: 12.522: [ParNew: 545617K->12157K(613440K), 0.0114158 secs] 546008K->12547K(2029056K), 0.0114854 secs] [Times: user=0.13 sys=0.00, real=0.01 secs] 
2020-09-29T13:02:34.022+0200: 12.622: [GC (Allocation Failure) 2020-09-29T13:02:34.022+0200: 12.623: [ParNew: 557501K->17193K(613440K), 0.0096878 secs] 557891K->17583K(2029056K), 0.0097586 secs] [Times: user=0.00 sys=0.00, real=0.01 secs] 
2020-09-29T13:02:34.125+0200: 12.726: [GC (Allocation Failure) 2020-09-29T13:02:34.125+0200: 12.726: [ParNew: 562537K->12063K(613440K), 0.0101956 secs] 562927K->12454K(2029056K), 0.0102551 secs] [Times: user=0.13 sys=0.00, real=0.01 secs] 
2020-09-29T13:02:34.391+0200: 12.992: [GC (Allocation Failure) 2020-09-29T13:02:34.391+0200: 12.992: [ParNew: 557407K->9841K(613440K), 0.0114751 secs] 557798K->10232K(2029056K), 0.0115485 secs] [Times: user=0.08 sys=0.00, real=0.01 secs] 
2020-09-29T13:02:34.670+0200: 13.270: [GC (Allocation Failure) 2020-09-29T13:02:34.671+0200: 13.272: [ParNew: 555185K->6697K(613440K), 0.0087926 secs] 555576K->7087K(2029056K), 0.0101880 secs] [Times: user=0.11 sys=0.00, real=0.01 secs] 
2020-09-29T13:02:34.918+0200: 13.518: [GC (Allocation Failure) 2020-09-29T13:02:34.918+0200: 13.518: [ParNew: 552041K->5828K(613440K), 0.0069745 secs] 552431K->6219K(2029056K), 0.0070722 secs] [Times: user=0.00 sys=0.00, real=0.01 secs] 
2020-09-29T13:02:35.043+0200: 13.644: [GC (Allocation Failure) 2020-09-29T13:02:35.043+0200: 13.644: [ParNew: 551172K->168K(613440K), 0.0024101 secs] 551563K->558K(2029056K), 0.0024677 secs] [Times: user=0.00 sys=0.00, real=0.00 secs] 
2020-09-29T13:02:35.146+0200: 13.746: [GC (Allocation Failure) 2020-09-29T13:02:35.146+0200: 13.746: [ParNew: 545512K->12373K(613440K), 0.0132490 secs] 545902K->12763K(2029056K), 0.0133133 secs] [Times: user=0.00 sys=0.00, real=0.01 secs] 
2020-09-29T13:02:35.271+0200: 13.872: [GC (Allocation Failure) 2020-09-29T13:02:35.271+0200: 13.872: [ParNew: 557717K->17399K(613440K), 0.0119007 secs] 558107K->17789K(2029056K), 0.0119883 secs] [Times: user=0.00 sys=0.00, real=0.01 secs] 
2020-09-29T13:02:35.382+0200: 13.983: [GC (Allocation Failure) 2020-09-29T13:02:35.383+0200: 13.983: [ParNew: 562743K->12126K(613440K), 0.0101566 secs] 563133K->12516K(2029056K), 0.0102364 secs] [Times: user=0.00 sys=0.00, real=0.01 secs] 
2020-09-29T13:02:35.487+0200: 14.087: [GC (Allocation Failure) 2020-09-29T13:02:35.487+0200: 14.087: [ParNew: 557470K->8156K(613440K), 0.0082021 secs] 557860K->8547K(2029056K), 0.0082624 secs] [Times: user=0.13 sys=0.00, real=0.01 secs] 
2020-09-29T13:02:35.595+0200: 14.195: [GC (Allocation Failure) 2020-09-29T13:02:35.595+0200: 14.195: [ParNew: 553500K->6482K(613440K), 0.0075423 secs] 553891K->6873K(2029056K), 0.0076143 secs] [Times: user=0.11 sys=0.00, real=0.01 secs] 
2020-09-29T13:02:35.711+0200: 14.311: [GC (Allocation Failure) 2020-09-29T13:02:35.711+0200: 14.311: [ParNew: 551826K->5342K(613440K), 0.0055805 secs] 552217K->5732K(2029056K), 0.0056445 secs] [Times: user=0.00 sys=0.00, real=0.01 secs] 
2020-09-29T13:02:35.819+0200: 14.419: [GC (Allocation Failure) 2020-09-29T13:02:35.819+0200: 14.419: [ParNew: 550686K->118K(613440K), 0.0023400 secs] 551076K->509K(2029056K), 0.0024358 secs] [Times: user=0.00 sys=0.00, real=0.00 secs] 
2020-09-29T13:02:35.921+0200: 14.521: [GC (Allocation Failure) 2020-09-29T13:02:35.921+0200: 14.521: [ParNew: 545462K->11795K(613440K), 0.0124054 secs] 545853K->12185K(2029056K), 0.0124740 secs] [Times: user=0.13 sys=0.00, real=0.01 secs] 
2020-09-29T13:02:36.033+0200: 14.633: [GC (Allocation Failure) 2020-09-29T13:02:36.033+0200: 14.633: [ParNew: 557139K->16665K(613440K), 0.0111542 secs] 557529K->17055K(2029056K), 0.0112179 secs] [Times: user=0.13 sys=0.00, real=0.01 secs] 
2020-09-29T13:02:36.166+0200: 14.766: [GC (Allocation Failure) 2020-09-29T13:02:36.166+0200: 14.766: [ParNew: 562009K->11013K(613440K), 0.0116717 secs] 562399K->11403K(2029056K), 0.0117582 secs] [Times: user=0.11 sys=0.00, real=0.01 secs] 
2020-09-29T13:02:36.382+0200: 14.983: [GC (Allocation Failure) 2020-09-29T13:02:36.383+0200: 14.983: [ParNew: 556357K->8663K(613440K), 0.0096903 secs] 556747K->9053K(2029056K), 0.0098073 secs] [Times: user=0.00 sys=0.00, real=0.01 secs] 
2020-09-29T13:02:36.526+0200: 15.126: [GC (Allocation Failure) 2020-09-29T13:02:36.526+0200: 15.126: [ParNew: 554007K->6402K(613440K), 0.0079557 secs] 554397K->6792K(2029056K), 0.0080595 secs] [Times: user=0.00 sys=0.00, real=0.01 secs] 
2020-09-29T13:02:36.669+0200: 15.270: [GC (Allocation Failure) 2020-09-29T13:02:36.670+0200: 15.270: [ParNew: 551746K->5085K(613440K), 0.0062606 secs] 552136K->5475K(2029056K), 0.0063317 secs] [Times: user=0.00 sys=0.00, real=0.01 secs] 
2020-09-29T13:02:36.783+0200: 15.383: [GC (Allocation Failure) 2020-09-29T13:02:36.783+0200: 15.383: [ParNew: 550429K->184K(613440K), 0.0022325 secs] 550819K->574K(2029056K), 0.0023240 secs] [Times: user=0.00 sys=0.00, real=0.00 secs] 
2020-09-29T13:02:36.893+0200: 15.493: [GC (Allocation Failure) 2020-09-29T13:02:36.893+0200: 15.493: [ParNew: 545528K->12225K(613440K), 0.0145891 secs] 545918K->12615K(2029056K), 0.0146555 secs] [Times: user=0.09 sys=0.00, real=0.01 secs] 
2020-09-29T13:02:37.013+0200: 15.614: [GC (Allocation Failure) 2020-09-29T13:02:37.013+0200: 15.614: [ParNew: 557569K->16392K(613440K), 0.0112697 secs] 557959K->16782K(2029056K), 0.0113370 secs] [Times: user=0.13 sys=0.00, real=0.01 secs] 
2020-09-29T13:02:37.136+0200: 15.737: [GC (Allocation Failure) 2020-09-29T13:02:37.136+0200: 15.737: [ParNew: 561736K->10660K(613440K), 0.0104902 secs] 562126K->11050K(2029056K), 0.0105531 secs] [Times: user=0.11 sys=0.00, real=0.01 secs] 
2020-09-29T13:02:37.273+0200: 15.874: [GC (Allocation Failure) 2020-09-29T13:02:37.273+0200: 15.874: [ParNew: 556004K->7768K(613440K), 0.0095015 secs] 556394K->8158K(2029056K), 0.0095943 secs] [Times: user=0.00 sys=0.00, real=0.01 secs] 
2020-09-29T13:02:37.401+0200: 16.002: [GC (Allocation Failure) 2020-09-29T13:02:37.401+0200: 16.002: [ParNew: 553112K->6638K(613440K), 0.0075770 secs] 553502K->7028K(2029056K), 0.0076493 secs] [Times: user=0.00 sys=0.00, real=0.01 secs] 
2020-09-29T13:02:37.518+0200: 16.119: [GC (Allocation Failure) 2020-09-29T13:02:37.518+0200: 16.119: [ParNew: 551982K->3548K(613440K), 0.0057623 secs] 552372K->3938K(2029056K), 0.0058568 secs] [Times: user=0.11 sys=0.00, real=0.01 secs] 
2020-09-29T13:02:37.638+0200: 16.238: [GC (Allocation Failure) 2020-09-29T13:02:37.638+0200: 16.238: [ParNew: 548892K->71K(613440K), 0.0022894 secs] 549282K->461K(2029056K), 0.0023544 secs] [Times: user=0.00 sys=0.00, real=0.00 secs] 
2020-09-29T13:02:37.757+0200: 16.358: [GC (Allocation Failure) 2020-09-29T13:02:37.757+0200: 16.358: [ParNew: 545415K->12088K(613440K), 0.0126294 secs] 545805K->12478K(2029056K), 0.0127185 secs] [Times: user=0.13 sys=0.00, real=0.01 secs] 
2020-09-29T13:02:37.892+0200: 16.492: [GC (Allocation Failure) 2020-09-29T13:02:37.892+0200: 16.492: [ParNew: 557432K->14274K(613440K), 0.0128394 secs] 557822K->14664K(2029056K), 0.0129331 secs] [Times: user=0.08 sys=0.00, real=0.01 secs] 
2020-09-29T13:02:38.015+0200: 16.616: [GC (Allocation Failure) 2020-09-29T13:02:38.015+0200: 16.616: [ParNew: 559618K->9127K(613440K), 0.0113539 secs] 560008K->9517K(2029056K), 0.0114448 secs] [Times: user=0.11 sys=0.00, real=0.01 secs] 
2020-09-29T13:02:38.138+0200: 16.739: [GC (Allocation Failure) 2020-09-29T13:02:38.138+0200: 16.739: [ParNew: 554471K->8805K(613440K), 0.0091585 secs] 554861K->9195K(2029056K), 0.0092255 secs] [Times: user=0.09 sys=0.00, real=0.01 secs] 
2020-09-29T13:02:38.253+0200: 16.854: [GC (Allocation Failure) 2020-09-29T13:02:38.253+0200: 16.854: [ParNew: 554149K->6931K(613440K), 0.0078569 secs] 554539K->7321K(2029056K), 0.0079192 secs] [Times: user=0.09 sys=0.00, real=0.01 secs] 
2020-09-29T13:02:38.379+0200: 16.980: [GC (Allocation Failure) 2020-09-29T13:02:38.379+0200: 16.980: [ParNew: 550375K->280K(613440K), 0.0024512 secs] 550766K->670K(2029056K), 0.0025332 secs] [Times: user=0.00 sys=0.00, real=0.00 secs] 
2020-09-29T13:02:38.504+0200: 17.104: [GC (Allocation Failure) 2020-09-29T13:02:38.504+0200: 17.104: [ParNew: 545624K->12176K(613440K), 0.0134847 secs] 546014K->12566K(2029056K), 0.0135545 secs] [Times: user=0.00 sys=0.00, real=0.01 secs] 
2020-09-29T13:02:38.624+0200: 17.225: [GC (Allocation Failure) 2020-09-29T13:02:38.624+0200: 17.225: [ParNew: 557520K->15293K(613440K), 0.0121970 secs] 557910K->15683K(2029056K), 0.0122591 secs] [Times: user=0.11 sys=0.02, real=0.01 secs] 
2020-09-29T13:02:38.734+0200: 17.335: [GC (Allocation Failure) 2020-09-29T13:02:38.734+0200: 17.335: [ParNew: 560637K->10159K(613440K), 0.0085160 secs] 561027K->10549K(2029056K), 0.0085815 secs] [Times: user=0.13 sys=0.00, real=0.01 secs] 
2020-09-29T13:02:38.842+0200: 17.443: [GC (Allocation Failure) 2020-09-29T13:02:38.842+0200: 17.443: [ParNew: 555503K->9052K(613440K), 0.0085169 secs] 555893K->9442K(2029056K), 0.0085792 secs] [Times: user=0.13 sys=0.00, real=0.01 secs] 
2020-09-29T13:02:38.947+0200: 17.548: [GC (Allocation Failure) 2020-09-29T13:02:38.947+0200: 17.548: [ParNew: 554396K->7572K(613440K), 0.0078608 secs] 554786K->7962K(2029056K), 0.0079224 secs] [Times: user=0.00 sys=0.00, real=0.01 secs] 
2020-09-29T13:02:39.050+0200: 17.650: [GC (Allocation Failure) 2020-09-29T13:02:39.050+0200: 17.650: [ParNew: 552916K->4618K(613440K), 0.0062571 secs] 553306K->5008K(2029056K), 0.0063288 secs] [Times: user=0.11 sys=0.00, real=0.01 secs] 
2020-09-29T13:02:39.152+0200: 17.753: [GC (Allocation Failure) 2020-09-29T13:02:39.152+0200: 17.753: [ParNew: 549962K->154K(613440K), 0.0016847 secs] 550352K->544K(2029056K), 0.0017536 secs] [Times: user=0.00 sys=0.00, real=0.00 secs] 
2020-09-29T13:02:39.256+0200: 17.857: [GC (Allocation Failure) 2020-09-29T13:02:39.256+0200: 17.857: [ParNew: 545498K->12282K(613440K), 0.0128560 secs] 545888K->12672K(2029056K), 0.0129180 secs] [Times: user=0.00 sys=0.00, real=0.01 secs] 
2020-09-29T13:02:39.366+0200: 17.967: [GC (Allocation Failure) 2020-09-29T13:02:39.366+0200: 17.967: [ParNew: 557626K->17385K(613440K), 0.0117740 secs] 558016K->17775K(2029056K), 0.0118347 secs] [Times: user=0.00 sys=0.00, real=0.01 secs] 
2020-09-29T13:02:39.475+0200: 18.076: [GC (Allocation Failure) 2020-09-29T13:02:39.475+0200: 18.076: [ParNew: 562729K->12123K(613440K), 0.0102660 secs] 563119K->12513K(2029056K), 0.0103262 secs] [Times: user=0.00 sys=0.00, real=0.01 secs] 
2020-09-29T13:02:39.582+0200: 18.182: [GC (Allocation Failure) 2020-09-29T13:02:39.582+0200: 18.182: [ParNew: 557467K->8156K(613440K), 0.0087870 secs] 557857K->8546K(2029056K), 0.0088543 secs] [Times: user=0.13 sys=0.00, real=0.01 secs] 
2020-09-29T13:02:39.690+0200: 18.290: [GC (Allocation Failure) 2020-09-29T13:02:39.690+0200: 18.290: [ParNew: 553500K->7129K(613440K), 0.0069538 secs] 553890K->7520K(2029056K), 0.0070128 secs] [Times: user=0.13 sys=0.00, real=0.01 secs] 
2020-09-29T13:02:39.783+0200: 18.384: [GC (Allocation Failure) 2020-09-29T13:02:39.783+0200: 18.384: [ParNew: 552473K->4294K(613440K), 0.0058182 secs] 552864K->4684K(2029056K), 0.0058763 secs] [Times: user=0.13 sys=0.00, real=0.01 secs] 
2020-09-29T13:02:39.891+0200: 18.491: [GC (Allocation Failure) 2020-09-29T13:02:39.891+0200: 18.491: [ParNew: 549638K->90K(613440K), 0.0023932 secs] 550028K->480K(2029056K), 0.0024511 secs] [Times: user=0.00 sys=0.00, real=0.00 secs] 
2020-09-29T13:02:40.106+0200: 18.706: [GC (Allocation Failure) 2020-09-29T13:02:40.106+0200: 18.706: [ParNew: 545434K->11756K(613440K), 0.0128087 secs] 545824K->12146K(2029056K), 0.0129180 secs] [Times: user=0.11 sys=0.00, real=0.01 secs] 
2020-09-29T13:02:40.302+0200: 18.902: [GC (Allocation Failure) 2020-09-29T13:02:40.302+0200: 18.902: [ParNew: 557100K->14801K(613440K), 0.0117845 secs] 557490K->15192K(2029056K), 0.0118581 secs] [Times: user=0.00 sys=0.00, real=0.01 secs] 
2020-09-29T13:02:40.438+0200: 19.038: [GC (Allocation Failure) 2020-09-29T13:02:40.438+0200: 19.038: [ParNew: 560145K->10752K(613440K), 0.0100807 secs] 560536K->11143K(2029056K), 0.0102451 secs] [Times: user=0.11 sys=0.00, real=0.01 secs] 
2020-09-29T13:02:40.634+0200: 19.234: [GC (Allocation Failure) 2020-09-29T13:02:40.634+0200: 19.234: [ParNew: 556096K->9504K(613440K), 0.0119085 secs] 556487K->9894K(2029056K), 0.0119962 secs] [Times: user=0.02 sys=0.02, real=0.01 secs] 
2020-09-29T13:02:40.780+0200: 19.381: [GC (Allocation Failure) 2020-09-29T13:02:40.781+0200: 19.381: [ParNew: 554848K->7224K(613440K), 0.0066816 secs] 555238K->7615K(2029056K), 0.0067379 secs] [Times: user=0.09 sys=0.00, real=0.01 secs] 
2020-09-29T13:02:40.886+0200: 19.486: [GC (Allocation Failure) 2020-09-29T13:02:40.886+0200: 19.486: [ParNew: 552568K->4425K(613440K), 0.0065543 secs] 552959K->4815K(2029056K), 0.0066153 secs] [Times: user=0.00 sys=0.00, real=0.01 secs] 
2020-09-29T13:02:40.998+0200: 19.598: [GC (Allocation Failure) 2020-09-29T13:02:40.998+0200: 19.598: [ParNew: 549769K->222K(613440K), 0.0024526 secs] 550159K->612K(2029056K), 0.0025075 secs] [Times: user=0.00 sys=0.00, real=0.00 secs] 
2020-09-29T13:02:41.105+0200: 19.705: [GC (Allocation Failure) 2020-09-29T13:02:41.105+0200: 19.705: [ParNew: 545566K->12279K(613440K), 0.0115817 secs] 545956K->12669K(2029056K), 0.0116657 secs] [Times: user=0.13 sys=0.00, real=0.01 secs] 
2020-09-29T13:02:41.212+0200: 19.812: [GC (Allocation Failure) 2020-09-29T13:02:41.212+0200: 19.812: [ParNew: 557623K->15462K(613440K), 0.0106959 secs] 558013K->15852K(2029056K), 0.0107793 secs] [Times: user=0.00 sys=0.00, real=0.01 secs] 
2020-09-29T13:02:41.322+0200: 19.922: [GC (Allocation Failure) 2020-09-29T13:02:41.322+0200: 19.922: [ParNew: 560806K->9983K(613440K), 0.0101981 secs] 561196K->10373K(2029056K), 0.0102659 secs] [Times: user=0.00 sys=0.01, real=0.01 secs] 
2020-09-29T13:02:41.419+0200: 20.019: [GC (Allocation Failure) 2020-09-29T13:02:41.419+0200: 20.019: [ParNew: 555327K->8531K(613440K), 0.0079827 secs] 555717K->8922K(2029056K), 0.0080380 secs] [Times: user=0.11 sys=0.00, real=0.01 secs] 
2020-09-29T13:02:41.515+0200: 20.115: [GC (Allocation Failure) 2020-09-29T13:02:41.515+0200: 20.115: [ParNew: 553875K->6829K(613440K), 0.0069466 secs] 554266K->7219K(2029056K), 0.0070047 secs] [Times: user=0.13 sys=0.00, real=0.01 secs] 
2020-09-29T13:02:41.608+0200: 20.208: [GC (Allocation Failure) 2020-09-29T13:02:41.608+0200: 20.208: [ParNew: 552173K->4128K(613440K), 0.0049296 secs] 552563K->4518K(2029056K), 0.0049839 secs] [Times: user=0.00 sys=0.00, real=0.00 secs] 
2020-09-29T13:02:41.705+0200: 20.305: [GC (Allocation Failure) 2020-09-29T13:02:41.705+0200: 20.305: [ParNew: 549472K->72K(613440K), 0.0018245 secs] 549862K->462K(2029056K), 0.0018816 secs] [Times: user=0.00 sys=0.00, real=0.00 secs] 
2020-09-29T13:02:41.796+0200: 20.396: [GC (Allocation Failure) 2020-09-29T13:02:41.796+0200: 20.396: [ParNew: 545416K->12119K(613440K), 0.0118322 secs] 545806K->12510K(2029056K), 0.0119002 secs] [Times: user=0.11 sys=0.00, real=0.01 secs] 
2020-09-29T13:02:41.899+0200: 20.500: [GC (Allocation Failure) 2020-09-29T13:02:41.899+0200: 20.500: [ParNew: 557463K->16171K(613440K), 0.0103508 secs] 557854K->16561K(2029056K), 0.0104285 secs] [Times: user=0.00 sys=0.00, real=0.01 secs] 
2020-09-29T13:02:41.996+0200: 20.596: [GC (Allocation Failure) 2020-09-29T13:02:41.996+0200: 20.596: [ParNew: 561515K->12048K(613440K), 0.0083346 secs] 561905K->12438K(2029056K), 0.0083982 secs] [Times: user=0.00 sys=0.02, real=0.01 secs] 
2020-09-29T13:02:42.082+0200: 20.682: [GC (Allocation Failure) 2020-09-29T13:02:42.082+0200: 20.682: [ParNew: 557392K->8017K(613440K), 0.0070124 secs] 557782K->8407K(2029056K), 0.0070659 secs] [Times: user=0.13 sys=0.00, real=0.01 secs] 
2020-09-29T13:02:42.177+0200: 20.777: [GC (Allocation Failure) 2020-09-29T13:02:42.177+0200: 20.777: [ParNew: 553361K->6734K(613440K), 0.0063250 secs] 553751K->7124K(2029056K), 0.0063813 secs] [Times: user=0.00 sys=0.00, real=0.01 secs] 
2020-09-29T13:02:42.264+0200: 20.864: [GC (Allocation Failure) 2020-09-29T13:02:42.264+0200: 20.864: [ParNew: 550178K->273K(613440K), 0.0018182 secs] 550569K->664K(2029056K), 0.0019173 secs] [Times: user=0.00 sys=0.00, real=0.00 secs] 
2020-09-29T13:02:42.349+0200: 20.949: [GC (Allocation Failure) 2020-09-29T13:02:42.349+0200: 20.949: [ParNew: 545617K->12225K(613440K), 0.0109017 secs] 546008K->12616K(2029056K), 0.0109728 secs] [Times: user=0.00 sys=0.00, real=0.01 secs] 
2020-09-29T13:02:42.442+0200: 21.042: [GC (Allocation Failure) 2020-09-29T13:02:42.442+0200: 21.042: [ParNew: 557569K->17193K(613440K), 0.0092810 secs] 557960K->17583K(2029056K), 0.0093382 secs] [Times: user=0.00 sys=0.00, real=0.01 secs] 
2020-09-29T13:02:42.532+0200: 21.133: [GC (Allocation Failure) 2020-09-29T13:02:42.533+0200: 21.133: [ParNew: 562537K->12063K(613440K), 0.0087098 secs] 562927K->12454K(2029056K), 0.0087717 secs] [Times: user=0.13 sys=0.00, real=0.01 secs] 
2020-09-29T13:02:42.628+0200: 21.228: [GC (Allocation Failure) 2020-09-29T13:02:42.628+0200: 21.228: [ParNew: 557407K->8264K(613440K), 0.0079473 secs] 557798K->8654K(2029056K), 0.0080055 secs] [Times: user=0.13 sys=0.00, real=0.01 secs] 
2020-09-29T13:02:42.717+0200: 21.317: [GC (Allocation Failure) 2020-09-29T13:02:42.717+0200: 21.317: [ParNew: 553608K->7375K(613440K), 0.0066105 secs] 553998K->7765K(2029056K), 0.0066655 secs] [Times: user=0.01 sys=0.00, real=0.01 secs] 
2020-09-29T13:02:42.808+0200: 21.408: [GC (Allocation Failure) 2020-09-29T13:02:42.808+0200: 21.408: [ParNew: 552719K->5344K(613440K), 0.0062851 secs] 553109K->5734K(2029056K), 0.0063507 secs] [Times: user=0.00 sys=0.00, real=0.01 secs] 
2020-09-29T13:02:42.911+0200: 21.511: [GC (Allocation Failure) 2020-09-29T13:02:42.911+0200: 21.511: [ParNew: 550688K->192K(613440K), 0.0018780 secs] 551078K->582K(2029056K), 0.0019334 secs] [Times: user=0.00 sys=0.00, real=0.00 secs] 
2020-09-29T13:02:43.006+0200: 21.606: [GC (Allocation Failure) 2020-09-29T13:02:43.006+0200: 21.606: [ParNew: 545536K->12351K(613440K), 0.0111252 secs] 545926K->12741K(2029056K), 0.0111816 secs] [Times: user=0.00 sys=0.00, real=0.01 secs] 
2020-09-29T13:02:43.100+0200: 21.700: [GC (Allocation Failure) 2020-09-29T13:02:43.100+0200: 21.700: [ParNew: 557695K->16456K(613440K), 0.0094321 secs] 558085K->16846K(2029056K), 0.0094910 secs] [Times: user=0.00 sys=0.00, real=0.01 secs] 
2020-09-29T13:02:43.189+0200: 21.789: [GC (Allocation Failure) 2020-09-29T13:02:43.189+0200: 21.789: [ParNew: 561800K->12132K(613440K), 0.0088803 secs] 562190K->12522K(2029056K), 0.0089973 secs] [Times: user=0.13 sys=0.00, real=0.01 secs] 
2020-09-29T13:02:43.280+0200: 21.880: [GC (Allocation Failure) 2020-09-29T13:02:43.280+0200: 21.880: [ParNew: 557476K->8157K(613440K), 0.0073377 secs] 557866K->8547K(2029056K), 0.0073951 secs] [Times: user=0.13 sys=0.00, real=0.01 secs] 
2020-09-29T13:02:43.368+0200: 21.968: [GC (Allocation Failure) 2020-09-29T13:02:43.368+0200: 21.968: [ParNew: 553501K->7130K(613440K), 0.0066207 secs] 553891K->7520K(2029056K), 0.0066773 secs] [Times: user=0.00 sys=0.00, real=0.01 secs] 
2020-09-29T13:02:43.459+0200: 22.059: [GC (Allocation Failure) 2020-09-29T13:02:43.459+0200: 22.059: [ParNew: 552474K->4294K(613440K), 0.0051573 secs] 552864K->4684K(2029056K), 0.0052148 secs] [Times: user=0.00 sys=0.00, real=0.00 secs] 
2020-09-29T13:02:43.546+0200: 22.147: [GC (Allocation Failure) 2020-09-29T13:02:43.546+0200: 22.147: [ParNew: 549638K->90K(613440K), 0.0017463 secs] 550028K->480K(2029056K), 0.0017971 secs] [Times: user=0.00 sys=0.00, real=0.00 secs] 
2020-09-29T13:02:43.636+0200: 22.237: [GC (Allocation Failure) 2020-09-29T13:02:43.636+0200: 22.237: [ParNew: 545434K->11801K(613440K), 0.0107808 secs] 545824K->12192K(2029056K), 0.0108375 secs] [Times: user=0.13 sys=0.00, real=0.01 secs] 
2020-09-29T13:02:43.731+0200: 22.331: [GC (Allocation Failure) 2020-09-29T13:02:43.731+0200: 22.331: [ParNew: 557145K->15719K(613440K), 0.0090664 secs] 557536K->16109K(2029056K), 0.0091236 secs] [Times: user=0.13 sys=0.00, real=0.01 secs] 
2020-09-29T13:02:43.824+0200: 22.424: [GC (Allocation Failure) 2020-09-29T13:02:43.824+0200: 22.424: [ParNew: 561063K->11610K(613440K), 0.0096223 secs] 561453K->12000K(2029056K), 0.0096880 secs] [Times: user=0.13 sys=0.00, real=0.01 secs] 
2020-09-29T13:02:43.919+0200: 22.519: [GC (Allocation Failure) 2020-09-29T13:02:43.919+0200: 22.519: [ParNew: 556954K->7916K(613440K), 0.0075303 secs] 557344K->8306K(2029056K), 0.0075888 secs] [Times: user=0.01 sys=0.00, real=0.01 secs] 
2020-09-29T13:02:44.009+0200: 22.609: [GC (Allocation Failure) 2020-09-29T13:02:44.009+0200: 22.609: [ParNew: 553260K->7037K(613440K), 0.0063580 secs] 553650K->7427K(2029056K), 0.0064124 secs] [Times: user=0.00 sys=0.00, real=0.01 secs] 
2020-09-29T13:02:44.098+0200: 22.698: [GC (Allocation Failure) 2020-09-29T13:02:44.098+0200: 22.698: [ParNew: 552381K->5533K(613440K), 0.0053835 secs] 552771K->5923K(2029056K), 0.0054576 secs] [Times: user=0.13 sys=0.00, real=0.01 secs] 
2020-09-29T13:02:44.183+0200: 22.783: [GC (Allocation Failure) 2020-09-29T13:02:44.183+0200: 22.783: [ParNew: 550877K->184K(613440K), 0.0013968 secs] 551267K->574K(2029056K), 0.0014500 secs] [Times: user=0.00 sys=0.00, real=0.00 secs] 
2020-09-29T13:02:44.263+0200: 22.863: [GC (Allocation Failure) 2020-09-29T13:02:44.263+0200: 22.864: [ParNew: 545528K->12317K(613440K), 0.0105349 secs] 545918K->12707K(2029056K), 0.0105941 secs] [Times: user=0.11 sys=0.00, real=0.01 secs] 
2020-09-29T13:02:44.361+0200: 22.961: [GC (Allocation Failure) 2020-09-29T13:02:44.361+0200: 22.961: [ParNew: 557661K->15429K(613440K), 0.0110701 secs] 558051K->15819K(2029056K), 0.0111378 secs] [Times: user=0.09 sys=0.00, real=0.01 secs] 
2020-09-29T13:02:44.458+0200: 23.058: [GC (Allocation Failure) 2020-09-29T13:02:44.458+0200: 23.058: [ParNew: 560773K->9978K(613440K), 0.0079856 secs] 561163K->10368K(2029056K), 0.0080446 secs] [Times: user=0.00 sys=0.00, real=0.01 secs] 
2020-09-29T13:02:44.556+0200: 23.157: [GC (Allocation Failure) 2020-09-29T13:02:44.557+0200: 23.157: [ParNew: 555322K->8530K(613440K), 0.0075184 secs] 555712K->8920K(2029056K), 0.0075979 secs] [Times: user=0.00 sys=0.00, real=0.01 secs] 
2020-09-29T13:02:44.642+0200: 23.242: [GC (Allocation Failure) 2020-09-29T13:02:44.642+0200: 23.242: [ParNew: 553874K->6828K(613440K), 0.0060692 secs] 554264K->7218K(2029056K), 0.0061225 secs] [Times: user=0.13 sys=0.00, real=0.01 secs] 
2020-09-29T13:02:44.738+0200: 23.339: [GC (Allocation Failure) 2020-09-29T13:02:44.738+0200: 23.339: [ParNew: 552172K->4128K(613440K), 0.0048153 secs] 552562K->4518K(2029056K), 0.0048731 secs] [Times: user=0.13 sys=0.00, real=0.01 secs] 
2020-09-29T13:02:44.834+0200: 23.435: [GC (Allocation Failure) 2020-09-29T13:02:44.834+0200: 23.435: [ParNew: 549472K->72K(613440K), 0.0018671 secs] 549862K->462K(2029056K), 0.0019248 secs] [Times: user=0.00 sys=0.00, real=0.00 secs] 
2020-09-29T13:02:44.928+0200: 23.528: [GC (Allocation Failure) 2020-09-29T13:02:44.928+0200: 23.528: [ParNew: 545416K->12101K(613440K), 0.0125358 secs] 545806K->12491K(2029056K), 0.0125970 secs] [Times: user=0.00 sys=0.00, real=0.01 secs] 
2020-09-29T13:02:45.035+0200: 23.636: [GC (Allocation Failure) 2020-09-29T13:02:45.035+0200: 23.636: [ParNew: 557445K->17119K(613440K), 0.0095070 secs] 557835K->17509K(2029056K), 0.0095611 secs] [Times: user=0.00 sys=0.00, real=0.01 secs] 
2020-09-29T13:02:45.124+0200: 23.725: [GC (Allocation Failure) 2020-09-29T13:02:45.124+0200: 23.725: [ParNew: 562463K->12048K(613440K), 0.0088349 secs] 562853K->12438K(2029056K), 0.0088931 secs] [Times: user=0.13 sys=0.00, real=0.01 secs] 
2020-09-29T13:02:45.217+0200: 23.817: [GC (Allocation Failure) 2020-09-29T13:02:45.217+0200: 23.817: [ParNew: 557392K->8017K(613440K), 0.0071936 secs] 557782K->8407K(2029056K), 0.0072494 secs] [Times: user=0.13 sys=0.00, real=0.01 secs] 
2020-09-29T13:02:45.305+0200: 23.906: [GC (Allocation Failure) 2020-09-29T13:02:45.305+0200: 23.906: [ParNew: 553361K->6734K(613440K), 0.0062417 secs] 553751K->7124K(2029056K), 0.0062961 secs] [Times: user=0.00 sys=0.00, real=0.01 secs] 
2020-09-29T13:02:45.393+0200: 23.994: [GC (Allocation Failure) 2020-09-29T13:02:45.393+0200: 23.994: [ParNew: 550178K->273K(613440K), 0.0018760 secs] 550569K->664K(2029056K), 0.0019370 secs] [Times: user=0.13 sys=0.00, real=0.00 secs] 
2020-09-29T13:02:45.478+0200: 24.078: [GC (Allocation Failure) 2020-09-29T13:02:45.478+0200: 24.078: [ParNew: 545617K->12157K(613440K), 0.0104243 secs] 546008K->12547K(2029056K), 0.0104796 secs] [Times: user=0.00 sys=0.00, real=0.01 secs] 
2020-09-29T13:02:45.581+0200: 24.182: [GC (Allocation Failure) 2020-09-29T13:02:45.581+0200: 24.182: [ParNew: 557501K->15288K(613440K), 0.0111646 secs] 557891K->15678K(2029056K), 0.0112507 secs] [Times: user=0.11 sys=0.00, real=0.01 secs] 
2020-09-29T13:02:45.695+0200: 24.295: [GC (Allocation Failure) 2020-09-29T13:02:45.695+0200: 24.295: [ParNew: 560632K->10158K(613440K), 0.0103884 secs] 561022K->10549K(2029056K), 0.0104605 secs] [Times: user=0.00 sys=0.00, real=0.01 secs] 
2020-09-29T13:02:45.824+0200: 24.424: [GC (Allocation Failure) 2020-09-29T13:02:45.824+0200: 24.424: [ParNew: 555502K->9051K(613440K), 0.0093143 secs] 555893K->9442K(2029056K), 0.0094022 secs] [Times: user=0.09 sys=0.00, real=0.01 secs] 
2020-09-29T13:02:45.925+0200: 24.525: [GC (Allocation Failure) 2020-09-29T13:02:45.925+0200: 24.525: [ParNew: 554395K->7572K(613440K), 0.0067774 secs] 554786K->7962K(2029056K), 0.0068292 secs] [Times: user=0.13 sys=0.00, real=0.01 secs] 
2020-09-29T13:02:46.013+0200: 24.614: [GC (Allocation Failure) 2020-09-29T13:02:46.013+0200: 24.614: [ParNew: 552916K->4618K(613440K), 0.0054988 secs] 553306K->5008K(2029056K), 0.0055506 secs] [Times: user=0.00 sys=0.00, real=0.01 secs] 
2020-09-29T13:02:46.096+0200: 24.696: [GC (Allocation Failure) 2020-09-29T13:02:46.096+0200: 24.696: [ParNew: 549962K->154K(613440K), 0.0016132 secs] 550352K->544K(2029056K), 0.0016653 secs] [Times: user=0.00 sys=0.00, real=0.00 secs] 
2020-09-29T13:02:46.174+0200: 24.775: [GC (Allocation Failure) 2020-09-29T13:02:46.174+0200: 24.775: [ParNew: 545498K->12321K(613440K), 0.0103108 secs] 545888K->12711K(2029056K), 0.0104101 secs] [Times: user=0.13 sys=0.00, real=0.01 secs] 
2020-09-29T13:02:46.263+0200: 24.864: [GC (Allocation Failure) 2020-09-29T13:02:46.263+0200: 24.864: [ParNew: 557665K->17385K(613440K), 0.0092601 secs] 558055K->17775K(2029056K), 0.0093177 secs] [Times: user=0.13 sys=0.00, real=0.01 secs] 
2020-09-29T13:02:46.351+0200: 24.951: [GC (Allocation Failure) 2020-09-29T13:02:46.351+0200: 24.951: [ParNew: 562729K->12123K(613440K), 0.0081756 secs] 563119K->12513K(2029056K), 0.0082287 secs] [Times: user=0.00 sys=0.00, real=0.01 secs] 
2020-09-29T13:02:46.437+0200: 25.037: [GC (Allocation Failure) 2020-09-29T13:02:46.437+0200: 25.037: [ParNew: 557467K->8156K(613440K), 0.0072756 secs] 557857K->8546K(2029056K), 0.0073631 secs] [Times: user=0.13 sys=0.00, real=0.01 secs] 
2020-09-29T13:02:46.522+0200: 25.122: [GC (Allocation Failure) 2020-09-29T13:02:46.522+0200: 25.122: [ParNew: 553500K->7129K(613440K), 0.0059407 secs] 553890K->7520K(2029056K), 0.0059987 secs] [Times: user=0.00 sys=0.00, real=0.01 secs] 
2020-09-29T13:02:46.609+0200: 25.209: [GC (Allocation Failure) 2020-09-29T13:02:46.609+0200: 25.209: [ParNew: 552473K->4294K(613440K), 0.0050811 secs] 552864K->4684K(2029056K), 0.0051381 secs] [Times: user=0.00 sys=0.03, real=0.01 secs] 
2020-09-29T13:02:46.693+0200: 25.293: [GC (Allocation Failure) 2020-09-29T13:02:46.693+0200: 25.293: [ParNew: 549638K->90K(613440K), 0.0016214 secs] 550028K->480K(2029056K), 0.0016750 secs] [Times: user=0.00 sys=0.00, real=0.00 secs] 
2020-09-29T13:02:46.774+0200: 25.374: [GC (Allocation Failure) 2020-09-29T13:02:46.774+0200: 25.374: [ParNew: 545434K->11801K(613440K), 0.0098155 secs] 545824K->12192K(2029056K), 0.0098882 secs] [Times: user=0.00 sys=0.00, real=0.01 secs] 
2020-09-29T13:02:46.864+0200: 25.464: [GC (Allocation Failure) 2020-09-29T13:02:46.864+0200: 25.464: [ParNew: 557145K->14801K(613440K), 0.0096777 secs] 557536K->15192K(2029056K), 0.0097294 secs] [Times: user=0.00 sys=0.00, real=0.01 secs] 
2020-09-29T13:02:46.951+0200: 25.552: [GC (Allocation Failure) 2020-09-29T13:02:46.951+0200: 25.552: [ParNew: 560145K->9775K(613440K), 0.0078425 secs] 560536K->10165K(2029056K), 0.0079247 secs] [Times: user=0.13 sys=0.00, real=0.01 secs] 
2020-09-29T13:02:47.036+0200: 25.637: [GC (Allocation Failure) 2020-09-29T13:02:47.036+0200: 25.637: [ParNew: 555119K->8665K(613440K), 0.0073688 secs] 555509K->9055K(2029056K), 0.0074691 secs] [Times: user=0.00 sys=0.00, real=0.01 secs] 
2020-09-29T13:02:47.122+0200: 25.723: [GC (Allocation Failure) 2020-09-29T13:02:47.122+0200: 25.723: [ParNew: 554009K->7224K(613440K), 0.0063498 secs] 554399K->7615K(2029056K), 0.0064036 secs] [Times: user=0.00 sys=0.00, real=0.01 secs] 
2020-09-29T13:02:47.207+0200: 25.808: [GC (Allocation Failure) 2020-09-29T13:02:47.207+0200: 25.808: [ParNew: 552568K->4425K(613440K), 0.0052614 secs] 552959K->4815K(2029056K), 0.0053165 secs] [Times: user=0.05 sys=0.00, real=0.01 secs] 
2020-09-29T13:02:47.296+0200: 25.896: [GC (Allocation Failure) 2020-09-29T13:02:47.296+0200: 25.896: [ParNew: 549769K->222K(613440K), 0.0018291 secs] 550159K->612K(2029056K), 0.0018880 secs] [Times: user=0.00 sys=0.00, real=0.00 secs] 
2020-09-29T13:02:47.392+0200: 25.993: [GC (Allocation Failure) 2020-09-29T13:02:47.392+0200: 25.993: [ParNew: 545566K->12390K(613440K), 0.0106543 secs] 545956K->12780K(2029056K), 0.0107095 secs] [Times: user=0.13 sys=0.00, real=0.01 secs] 
2020-09-29T13:02:47.486+0200: 26.087: [GC (Allocation Failure) 2020-09-29T13:02:47.486+0200: 26.087: [ParNew: 557734K->16427K(613440K), 0.0094969 secs] 558124K->16817K(2029056K), 0.0095532 secs] [Times: user=0.13 sys=0.00, real=0.01 secs] 
2020-09-29T13:02:47.574+0200: 26.175: [GC (Allocation Failure) 2020-09-29T13:02:47.574+0200: 26.175: [ParNew: 561771K->11290K(613440K), 0.0080601 secs] 562161K->11681K(2029056K), 0.0081203 secs] [Times: user=0.00 sys=0.00, real=0.01 secs] 
2020-09-29T13:02:47.659+0200: 26.259: [GC (Allocation Failure) 2020-09-29T13:02:47.659+0200: 26.259: [ParNew: 556634K->7769K(613440K), 0.0070147 secs] 557025K->8159K(2029056K), 0.0070681 secs] [Times: user=0.13 sys=0.00, real=0.01 secs] 
2020-09-29T13:02:47.747+0200: 26.348: [GC (Allocation Failure) 2020-09-29T13:02:47.747+0200: 26.348: [ParNew: 553113K->6638K(613440K), 0.0062790 secs] 553503K->7028K(2029056K), 0.0063803 secs] [Times: user=0.00 sys=0.00, real=0.01 secs] 
2020-09-29T13:02:47.832+0200: 26.432: [GC (Allocation Failure) 2020-09-29T13:02:47.832+0200: 26.432: [ParNew: 551982K->4080K(613440K), 0.0046627 secs] 552372K->4470K(2029056K), 0.0047151 secs] [Times: user=0.13 sys=0.00, real=0.00 secs] 
2020-09-29T13:02:47.915+0200: 26.515: [GC (Allocation Failure) 2020-09-29T13:02:47.915+0200: 26.515: [ParNew: 549424K->71K(613440K), 0.0014515 secs] 549814K->461K(2029056K), 0.0015025 secs] [Times: user=0.00 sys=0.00, real=0.00 secs] 
2020-09-29T13:02:47.995+0200: 26.595: [GC (Allocation Failure) 2020-09-29T13:02:47.995+0200: 26.595: [ParNew: 545415K->12106K(613440K), 0.0101795 secs] 545805K->12496K(2029056K), 0.0102331 secs] [Times: user=0.11 sys=0.00, real=0.01 secs] 
Heap
 par new generation   total 613440K, used 546015K [0x0000000080000000, 0x00000000a9990000, 0x00000000a9990000)
  eden space 545344K,  97% used [0x0000000080000000, 0x00000000a0965330, 0x00000000a1490000)
  from space 68096K,  17% used [0x00000000a1490000, 0x00000000a2062910, 0x00000000a5710000)
  to   space 68096K,   0% used [0x00000000a5710000, 0x00000000a5710000, 0x00000000a9990000)
 concurrent mark-sweep generation total 1415616K, used 390K [0x00000000a9990000, 0x0000000100000000, 0x0000000100000000)
 Metaspace       used 2594K, capacity 4486K, committed 4864K, reserved 1056768K
  class space    used 285K, capacity 386K, committed 512K, reserved 1048576K
