Java HotSpot(TM) 64-Bit Server VM (25.261-b12) for windows-amd64 JRE (1.8.0_261-b12), built on Jun 18 2020 06:56:32 by "" with unknown MS VC++:1916
Memory: 4k page, physical 16659684k(8925348k free), swap 23213284k(7906544k free)
CommandLine flags: -XX:InitialHeapSize=2147483648 -XX:MaxHeapSize=2147483648 -XX:MaxNewSize=697933824 -XX:MaxTenuringThreshold=6 -XX:NewSize=697933824 -XX:OldPLABSize=16 -XX:OldSize=1395867648 -XX:+PrintGC -XX:+PrintGCDateStamps -XX:+PrintGCDetails -XX:+PrintGCTimeStamps -XX:+UseCompressedClassPointers -XX:+UseCompressedOops -XX:+UseConcMarkSweepGC -XX:-UseLargePagesIndividualAllocation -XX:+UseParNewGC 
2020-09-29T13:06:36.024+0200: 0.399: [GC (Allocation Failure) 2020-09-29T13:06:36.024+0200: 0.400: [ParNew: 545344K->4403K(613440K), 0.0099890 secs] 545344K->4403K(2029056K), 0.0101149 secs] [Times: user=0.00 sys=0.00, real=0.01 secs] 
2020-09-29T13:06:36.126+0200: 0.502: [GC (Allocation Failure) 2020-09-29T13:06:36.126+0200: 0.502: [ParNew: 549747K->4592K(613440K), 0.0060087 secs] 549747K->4592K(2029056K), 0.0060623 secs] [Times: user=0.13 sys=0.00, real=0.01 secs] 
2020-09-29T13:06:36.208+0200: 0.584: [GC (Allocation Failure) 2020-09-29T13:06:36.208+0200: 0.584: [ParNew: 549936K->971K(613440K), 0.0021541 secs] 549936K->971K(2029056K), 0.0022062 secs] [Times: user=0.00 sys=0.00, real=0.00 secs] 
2020-09-29T13:06:36.288+0200: 0.664: [GC (Allocation Failure) 2020-09-29T13:06:36.288+0200: 0.664: [ParNew: 546315K->12634K(613440K), 0.0116174 secs] 546315K->12634K(2029056K), 0.0116781 secs] [Times: user=0.00 sys=0.00, real=0.01 secs] 
2020-09-29T13:06:36.381+0200: 0.757: [GC (Allocation Failure) 2020-09-29T13:06:36.381+0200: 0.757: [ParNew: 557978K->15906K(613440K), 0.0126724 secs] 557978K->15906K(2029056K), 0.0127333 secs] [Times: user=0.00 sys=0.00, real=0.01 secs] 
2020-09-29T13:06:36.483+0200: 0.859: [GC (Allocation Failure) 2020-09-29T13:06:36.483+0200: 0.859: [ParNew: 561250K->11773K(613440K), 0.0098168 secs] 561250K->11773K(2029056K), 0.0098701 secs] [Times: user=0.13 sys=0.00, real=0.01 secs] 
2020-09-29T13:06:36.583+0200: 0.958: [GC (Allocation Failure) 2020-09-29T13:06:36.583+0200: 0.958: [ParNew: 557117K->9596K(613440K), 0.0095683 secs] 557117K->9986K(2029056K), 0.0096250 secs] [Times: user=0.00 sys=0.00, real=0.01 secs] 
2020-09-29T13:06:36.675+0200: 1.051: [GC (Allocation Failure) 2020-09-29T13:06:36.675+0200: 1.051: [ParNew: 554940K->7665K(613440K), 0.0066972 secs] 555330K->8055K(2029056K), 0.0067528 secs] [Times: user=0.13 sys=0.00, real=0.01 secs] 
2020-09-29T13:06:36.758+0200: 1.134: [GC (Allocation Failure) 2020-09-29T13:06:36.758+0200: 1.134: [ParNew: 553009K->4628K(613440K), 0.0056743 secs] 553399K->5018K(2029056K), 0.0057384 secs] [Times: user=0.00 sys=0.00, real=0.01 secs] 
2020-09-29T13:06:36.841+0200: 1.217: [GC (Allocation Failure) 2020-09-29T13:06:36.841+0200: 1.217: [ParNew: 549972K->147K(613440K), 0.0017750 secs] 550362K->537K(2029056K), 0.0018246 secs] [Times: user=0.00 sys=0.00, real=0.00 secs] 
2020-09-29T13:06:36.924+0200: 1.299: [GC (Allocation Failure) 2020-09-29T13:06:36.924+0200: 1.299: [ParNew: 545491K->12262K(613440K), 0.0108840 secs] 545881K->12653K(2029056K), 0.0109379 secs] [Times: user=0.13 sys=0.00, real=0.01 secs] 
2020-09-29T13:06:37.015+0200: 1.390: [GC (Allocation Failure) 2020-09-29T13:06:37.015+0200: 1.390: [ParNew: 557606K->17290K(613440K), 0.0097392 secs] 557997K->17680K(2029056K), 0.0097926 secs] [Times: user=0.13 sys=0.00, real=0.01 secs] 
2020-09-29T13:06:37.101+0200: 1.476: [GC (Allocation Failure) 2020-09-29T13:06:37.101+0200: 1.477: [ParNew: 562634K->12231K(613440K), 0.0086738 secs] 563024K->12621K(2029056K), 0.0087289 secs] [Times: user=0.00 sys=0.00, real=0.01 secs] 
2020-09-29T13:06:37.186+0200: 1.561: [GC (Allocation Failure) 2020-09-29T13:06:37.186+0200: 1.561: [ParNew: 557575K->8411K(613440K), 0.0075335 secs] 557965K->8801K(2029056K), 0.0076140 secs] [Times: user=0.13 sys=0.00, real=0.01 secs] 
2020-09-29T13:06:37.270+0200: 1.646: [GC (Allocation Failure) 2020-09-29T13:06:37.270+0200: 1.646: [ParNew: 553755K->7464K(613440K), 0.0067790 secs] 554145K->7854K(2029056K), 0.0069321 secs] [Times: user=0.02 sys=0.00, real=0.01 secs] 
2020-09-29T13:06:37.353+0200: 1.729: [GC (Allocation Failure) 2020-09-29T13:06:37.353+0200: 1.729: [ParNew: 552808K->5985K(613440K), 0.0058895 secs] 553198K->6376K(2029056K), 0.0059453 secs] [Times: user=0.00 sys=0.00, real=0.01 secs] 
2020-09-29T13:06:37.436+0200: 1.811: [GC (Allocation Failure) 2020-09-29T13:06:37.436+0200: 1.811: [ParNew: 550697K->220K(613440K), 0.0014125 secs] 551088K->610K(2029056K), 0.0014634 secs] [Times: user=0.00 sys=0.00, real=0.00 secs] 
2020-09-29T13:06:37.513+0200: 1.889: [GC (Allocation Failure) 2020-09-29T13:06:37.513+0200: 1.889: [ParNew: 545564K->11964K(613440K), 0.0101513 secs] 545954K->12354K(2029056K), 0.0102061 secs] [Times: user=0.13 sys=0.00, real=0.01 secs] 
2020-09-29T13:06:37.608+0200: 1.984: [GC (Allocation Failure) 2020-09-29T13:06:37.608+0200: 1.984: [ParNew: 557308K->15987K(613440K), 0.0106062 secs] 557698K->16377K(2029056K), 0.0106651 secs] [Times: user=0.13 sys=0.00, real=0.01 secs] 
2020-09-29T13:06:37.700+0200: 2.075: [GC (Allocation Failure) 2020-09-29T13:06:37.700+0200: 2.076: [ParNew: 561331K->11920K(613440K), 0.0084390 secs] 561721K->12310K(2029056K), 0.0084955 secs] [Times: user=0.13 sys=0.00, real=0.01 secs] 
2020-09-29T13:06:37.785+0200: 2.161: [GC (Allocation Failure) 2020-09-29T13:06:37.785+0200: 2.161: [ParNew: 557264K->8094K(613440K), 0.0075221 secs] 557654K->8484K(2029056K), 0.0076270 secs] [Times: user=0.06 sys=0.02, real=0.01 secs] 
2020-09-29T13:06:37.869+0200: 2.245: [GC (Allocation Failure) 2020-09-29T13:06:37.869+0200: 2.245: [ParNew: 553438K->7105K(613440K), 0.0067534 secs] 553828K->7495K(2029056K), 0.0068077 secs] [Times: user=0.00 sys=0.00, real=0.01 secs] 
2020-09-29T13:06:37.957+0200: 2.333: [GC (Allocation Failure) 2020-09-29T13:06:37.957+0200: 2.333: [ParNew: 552449K->5596K(613440K), 0.0052874 secs] 552839K->5987K(2029056K), 0.0053454 secs] [Times: user=0.00 sys=0.00, real=0.00 secs] 
2020-09-29T13:06:38.040+0200: 2.416: [GC (Allocation Failure) 2020-09-29T13:06:38.040+0200: 2.416: [ParNew: 550940K->151K(613440K), 0.0017051 secs] 551331K->541K(2029056K), 0.0017561 secs] [Times: user=0.00 sys=0.00, real=0.00 secs] 
2020-09-29T13:06:38.118+0200: 2.494: [GC (Allocation Failure) 2020-09-29T13:06:38.118+0200: 2.494: [ParNew: 545495K->12217K(613440K), 0.0102888 secs] 545885K->12607K(2029056K), 0.0103531 secs] [Times: user=0.00 sys=0.00, real=0.01 secs] 
2020-09-29T13:06:38.207+0200: 2.583: [GC (Allocation Failure) 2020-09-29T13:06:38.207+0200: 2.583: [ParNew: 557561K->17295K(613440K), 0.0094259 secs] 557951K->17685K(2029056K), 0.0094818 secs] [Times: user=0.13 sys=0.00, real=0.01 secs] 
2020-09-29T13:06:38.294+0200: 2.670: [GC (Allocation Failure) 2020-09-29T13:06:38.294+0200: 2.670: [ParNew: 562639K->12228K(613440K), 0.0087003 secs] 563029K->12618K(2029056K), 0.0087550 secs] [Times: user=0.13 sys=0.00, real=0.01 secs] 
2020-09-29T13:06:38.380+0200: 2.755: [GC (Allocation Failure) 2020-09-29T13:06:38.380+0200: 2.755: [ParNew: 557572K->8526K(613440K), 0.0079515 secs] 557962K->8916K(2029056K), 0.0080079 secs] [Times: user=0.00 sys=0.00, real=0.01 secs] 
2020-09-29T13:06:38.467+0200: 2.843: [GC (Allocation Failure) 2020-09-29T13:06:38.467+0200: 2.843: [ParNew: 553870K->7605K(613440K), 0.0065774 secs] 554260K->7995K(2029056K), 0.0066325 secs] [Times: user=0.13 sys=0.00, real=0.01 secs] 
2020-09-29T13:06:38.553+0200: 2.929: [GC (Allocation Failure) 2020-09-29T13:06:38.553+0200: 2.929: [ParNew: 552949K->4556K(613440K), 0.0055513 secs] 553339K->4946K(2029056K), 0.0056056 secs] [Times: user=0.00 sys=0.00, real=0.01 secs] 
2020-09-29T13:06:38.643+0200: 3.018: [GC (Allocation Failure) 2020-09-29T13:06:38.643+0200: 3.018: [ParNew: 549900K->138K(613440K), 0.0014714 secs] 550290K->529K(2029056K), 0.0015249 secs] [Times: user=0.00 sys=0.00, real=0.00 secs] 
2020-09-29T13:06:38.725+0200: 3.100: [GC (Allocation Failure) 2020-09-29T13:06:38.725+0200: 3.100: [ParNew: 545482K->12202K(613440K), 0.0106805 secs] 545873K->12592K(2029056K), 0.0107347 secs] [Times: user=0.00 sys=0.00, real=0.01 secs] 
2020-09-29T13:06:38.813+0200: 3.188: [GC (Allocation Failure) 2020-09-29T13:06:38.813+0200: 3.188: [ParNew: 557546K->17300K(613440K), 0.0095070 secs] 557936K->17691K(2029056K), 0.0095631 secs] [Times: user=0.13 sys=0.00, real=0.01 secs] 
2020-09-29T13:06:38.899+0200: 3.275: [GC (Allocation Failure) 2020-09-29T13:06:38.899+0200: 3.275: [ParNew: 562644K->12230K(613440K), 0.0083181 secs] 563035K->12620K(2029056K), 0.0083732 secs] [Times: user=0.00 sys=0.00, real=0.01 secs] 
2020-09-29T13:06:38.987+0200: 3.362: [GC (Allocation Failure) 2020-09-29T13:06:38.987+0200: 3.362: [ParNew: 557574K->8405K(613440K), 0.0077559 secs] 557964K->8796K(2029056K), 0.0078120 secs] [Times: user=0.13 sys=0.00, real=0.01 secs] 
2020-09-29T13:06:39.072+0200: 3.448: [GC (Allocation Failure) 2020-09-29T13:06:39.072+0200: 3.448: [ParNew: 553749K->7436K(613440K), 0.0068297 secs] 554140K->7826K(2029056K), 0.0068850 secs] [Times: user=0.00 sys=0.00, real=0.01 secs] 
2020-09-29T13:06:39.156+0200: 3.531: [GC (Allocation Failure) 2020-09-29T13:06:39.156+0200: 3.531: [ParNew: 552780K->4531K(613440K), 0.0053986 secs] 553170K->4922K(2029056K), 0.0054534 secs] [Times: user=0.13 sys=0.00, real=0.01 secs] 
2020-09-29T13:06:39.237+0200: 3.613: [GC (Allocation Failure) 2020-09-29T13:06:39.237+0200: 3.613: [ParNew: 549875K->136K(613440K), 0.0029751 secs] 550266K->526K(2029056K), 0.0030235 secs] [Times: user=0.11 sys=0.00, real=0.00 secs] 
2020-09-29T13:06:39.316+0200: 3.692: [GC (Allocation Failure) 2020-09-29T13:06:39.316+0200: 3.692: [ParNew: 545480K->12230K(613440K), 0.0104263 secs] 545870K->12620K(2029056K), 0.0104824 secs] [Times: user=0.13 sys=0.00, real=0.01 secs] 
2020-09-29T13:06:39.417+0200: 3.793: [GC (Allocation Failure) 2020-09-29T13:06:39.417+0200: 3.793: [ParNew: 557574K->16343K(613440K), 0.0107080 secs] 557964K->16733K(2029056K), 0.0107802 secs] [Times: user=0.13 sys=0.00, real=0.01 secs] 
2020-09-29T13:06:39.512+0200: 3.888: [GC (Allocation Failure) 2020-09-29T13:06:39.512+0200: 3.888: [ParNew: 561687K->11890K(613440K), 0.0084453 secs] 562077K->12280K(2029056K), 0.0085018 secs] [Times: user=0.00 sys=0.00, real=0.01 secs] 
2020-09-29T13:06:39.602+0200: 3.978: [GC (Allocation Failure) 2020-09-29T13:06:39.602+0200: 3.978: [ParNew: 557234K->7765K(613440K), 0.0076493 secs] 557624K->8155K(2029056K), 0.0077054 secs] [Times: user=0.00 sys=0.00, real=0.01 secs] 
2020-09-29T13:06:39.692+0200: 4.068: [GC (Allocation Failure) 2020-09-29T13:06:39.692+0200: 4.068: [ParNew: 553109K->6636K(613440K), 0.0060426 secs] 553499K->7027K(2029056K), 0.0060990 secs] [Times: user=0.13 sys=0.00, real=0.01 secs] 
2020-09-29T13:06:39.778+0200: 4.154: [GC (Allocation Failure) 2020-09-29T13:06:39.778+0200: 4.154: [ParNew: 551980K->4080K(613440K), 0.0050355 secs] 552371K->4470K(2029056K), 0.0050912 secs] [Times: user=0.00 sys=0.00, real=0.00 secs] 
2020-09-29T13:06:39.860+0200: 4.236: [GC (Allocation Failure) 2020-09-29T13:06:39.860+0200: 4.236: [ParNew: 549424K->71K(613440K), 0.0017704 secs] 549814K->461K(2029056K), 0.0018206 secs] [Times: user=0.00 sys=0.00, real=0.00 secs] 
2020-09-29T13:06:39.942+0200: 4.318: [GC (Allocation Failure) 2020-09-29T13:06:39.942+0200: 4.318: [ParNew: 545415K->12084K(613440K), 0.0102243 secs] 545805K->12474K(2029056K), 0.0103105 secs] [Times: user=0.13 sys=0.00, real=0.01 secs] 
2020-09-29T13:06:40.032+0200: 4.407: [GC (Allocation Failure) 2020-09-29T13:06:40.032+0200: 4.407: [ParNew: 557428K->17116K(613440K), 0.0094714 secs] 557818K->17506K(2029056K), 0.0095260 secs] [Times: user=0.13 sys=0.00, real=0.01 secs] 
2020-09-29T13:06:40.118+0200: 4.494: [GC (Allocation Failure) 2020-09-29T13:06:40.118+0200: 4.494: [ParNew: 562460K->12047K(613440K), 0.0080275 secs] 562850K->12437K(2029056K), 0.0080850 secs] [Times: user=0.00 sys=0.00, real=0.01 secs] 
2020-09-29T13:06:40.204+0200: 4.580: [GC (Allocation Failure) 2020-09-29T13:06:40.204+0200: 4.580: [ParNew: 557391K->8016K(613440K), 0.0070520 secs] 557781K->8406K(2029056K), 0.0071204 secs] [Times: user=0.13 sys=0.00, real=0.01 secs] 
2020-09-29T13:06:40.289+0200: 4.664: [GC (Allocation Failure) 2020-09-29T13:06:40.289+0200: 4.664: [ParNew: 553360K->6733K(613440K), 0.0059877 secs] 553750K->7123K(2029056K), 0.0060477 secs] [Times: user=0.00 sys=0.00, real=0.01 secs] 
2020-09-29T13:06:40.370+0200: 4.746: [GC (Allocation Failure) 2020-09-29T13:06:40.370+0200: 4.746: [ParNew: 550178K->273K(613440K), 0.0018838 secs] 550569K->664K(2029056K), 0.0019333 secs] [Times: user=0.00 sys=0.00, real=0.00 secs] 
2020-09-29T13:06:40.450+0200: 4.825: [GC (Allocation Failure) 2020-09-29T13:06:40.450+0200: 4.825: [ParNew: 545617K->12088K(613440K), 0.0102214 secs] 546008K->12479K(2029056K), 0.0102928 secs] [Times: user=0.13 sys=0.00, real=0.01 secs] 
2020-09-29T13:06:40.541+0200: 4.916: [GC (Allocation Failure) 2020-09-29T13:06:40.541+0200: 4.916: [ParNew: 557432K->17193K(613440K), 0.0097158 secs] 557823K->17583K(2029056K), 0.0097740 secs] [Times: user=0.00 sys=0.00, real=0.01 secs] 
2020-09-29T13:06:40.628+0200: 5.004: [GC (Allocation Failure) 2020-09-29T13:06:40.628+0200: 5.004: [ParNew: 562537K->12063K(613440K), 0.0083984 secs] 562927K->12454K(2029056K), 0.0084703 secs] [Times: user=0.13 sys=0.00, real=0.01 secs] 
2020-09-29T13:06:40.717+0200: 5.093: [GC (Allocation Failure) 2020-09-29T13:06:40.717+0200: 5.093: [ParNew: 557407K->8264K(613440K), 0.0077403 secs] 557798K->8654K(2029056K), 0.0077963 secs] [Times: user=0.13 sys=0.00, real=0.01 secs] 
2020-09-29T13:06:40.802+0200: 5.178: [GC (Allocation Failure) 2020-09-29T13:06:40.802+0200: 5.178: [ParNew: 553608K->7375K(613440K), 0.0065039 secs] 553998K->7765K(2029056K), 0.0065701 secs] [Times: user=0.00 sys=0.00, real=0.01 secs] 
2020-09-29T13:06:40.886+0200: 5.262: [GC (Allocation Failure) 2020-09-29T13:06:40.886+0200: 5.263: [ParNew: 552719K->5828K(613440K), 0.0056411 secs] 553109K->6219K(2029056K), 0.0056965 secs] [Times: user=0.00 sys=0.00, real=0.01 secs] 
2020-09-29T13:06:40.971+0200: 5.347: [GC (Allocation Failure) 2020-09-29T13:06:40.971+0200: 5.347: [ParNew: 551172K->168K(613440K), 0.0015191 secs] 551563K->558K(2029056K), 0.0015709 secs] [Times: user=0.00 sys=0.00, real=0.00 secs] 
2020-09-29T13:06:41.051+0200: 5.427: [GC (Allocation Failure) 2020-09-29T13:06:41.051+0200: 5.427: [ParNew: 545512K->12331K(613440K), 0.0105865 secs] 545902K->12721K(2029056K), 0.0106408 secs] [Times: user=0.00 sys=0.00, real=0.01 secs] 
2020-09-29T13:06:41.138+0200: 5.514: [GC (Allocation Failure) 2020-09-29T13:06:41.138+0200: 5.514: [ParNew: 557675K->17399K(613440K), 0.0094551 secs] 558065K->17789K(2029056K), 0.0095096 secs] [Times: user=0.13 sys=0.00, real=0.01 secs] 
2020-09-29T13:06:41.224+0200: 5.600: [GC (Allocation Failure) 2020-09-29T13:06:41.224+0200: 5.600: [ParNew: 562743K->12126K(613440K), 0.0084585 secs] 563133K->12516K(2029056K), 0.0085334 secs] [Times: user=0.00 sys=0.00, real=0.01 secs] 
2020-09-29T13:06:41.309+0200: 5.686: [GC (Allocation Failure) 2020-09-29T13:06:41.309+0200: 5.686: [ParNew: 557470K->8156K(613440K), 0.0074674 secs] 557860K->8547K(2029056K), 0.0075241 secs] [Times: user=0.13 sys=0.00, real=0.01 secs] 
2020-09-29T13:06:41.393+0200: 5.770: [GC (Allocation Failure) 2020-09-29T13:06:41.393+0200: 5.770: [ParNew: 553500K->7129K(613440K), 0.0061844 secs] 553891K->7520K(2029056K), 0.0062420 secs] [Times: user=0.13 sys=0.00, real=0.01 secs] 
2020-09-29T13:06:41.476+0200: 5.852: [GC (Allocation Failure) 2020-09-29T13:06:41.476+0200: 5.852: [ParNew: 552473K->4294K(613440K), 0.0051793 secs] 552864K->4684K(2029056K), 0.0052326 secs] [Times: user=0.00 sys=0.00, real=0.00 secs] 
2020-09-29T13:06:41.559+0200: 5.934: [GC (Allocation Failure) 2020-09-29T13:06:41.559+0200: 5.934: [ParNew: 549638K->90K(613440K), 0.0014856 secs] 550028K->480K(2029056K), 0.0015359 secs] [Times: user=0.00 sys=0.00, real=0.00 secs] 
2020-09-29T13:06:41.644+0200: 6.020: [GC (Allocation Failure) 2020-09-29T13:06:41.644+0200: 6.020: [ParNew: 545434K->11779K(613440K), 0.0103549 secs] 545824K->12169K(2029056K), 0.0104091 secs] [Times: user=0.13 sys=0.00, real=0.01 secs] 
2020-09-29T13:06:41.736+0200: 6.111: [GC (Allocation Failure) 2020-09-29T13:06:41.736+0200: 6.111: [ParNew: 557123K->16637K(613440K), 0.0091482 secs] 557513K->17027K(2029056K), 0.0092679 secs] [Times: user=0.13 sys=0.00, real=0.01 secs] 
2020-09-29T13:06:41.823+0200: 6.198: [GC (Allocation Failure) 2020-09-29T13:06:41.823+0200: 6.198: [ParNew: 561981K->11610K(613440K), 0.0083495 secs] 562371K->12000K(2029056K), 0.0084052 secs] [Times: user=0.00 sys=0.00, real=0.01 secs] 
2020-09-29T13:06:41.909+0200: 6.284: [GC (Allocation Failure) 2020-09-29T13:06:41.909+0200: 6.284: [ParNew: 556954K->7916K(613440K), 0.0075478 secs] 557344K->8306K(2029056K), 0.0076224 secs] [Times: user=0.13 sys=0.00, real=0.01 secs] 
2020-09-29T13:06:41.995+0200: 6.371: [GC (Allocation Failure) 2020-09-29T13:06:41.995+0200: 6.371: [ParNew: 553260K->7037K(613440K), 0.0063919 secs] 553650K->7427K(2029056K), 0.0064470 secs] [Times: user=0.00 sys=0.00, real=0.01 secs] 
2020-09-29T13:06:42.078+0200: 6.453: [GC (Allocation Failure) 2020-09-29T13:06:42.078+0200: 6.453: [ParNew: 552381K->5533K(613440K), 0.0055808 secs] 552771K->5923K(2029056K), 0.0056352 secs] [Times: user=0.13 sys=0.00, real=0.00 secs] 
2020-09-29T13:06:42.160+0200: 6.536: [GC (Allocation Failure) 2020-09-29T13:06:42.160+0200: 6.536: [ParNew: 550877K->184K(613440K), 0.0014863 secs] 551267K->574K(2029056K), 0.0015364 secs] [Times: user=0.13 sys=0.00, real=0.00 secs] 
2020-09-29T13:06:42.238+0200: 6.614: [GC (Allocation Failure) 2020-09-29T13:06:42.238+0200: 6.614: [ParNew: 545528K->12317K(613440K), 0.0107105 secs] 545918K->12707K(2029056K), 0.0107628 secs] [Times: user=0.05 sys=0.02, real=0.01 secs] 
2020-09-29T13:06:42.328+0200: 6.703: [GC (Allocation Failure) 2020-09-29T13:06:42.328+0200: 6.703: [ParNew: 557661K->15429K(613440K), 0.0093727 secs] 558051K->15819K(2029056K), 0.0094259 secs] [Times: user=0.13 sys=0.00, real=0.01 secs] 
2020-09-29T13:06:42.417+0200: 6.792: [GC (Allocation Failure) 2020-09-29T13:06:42.417+0200: 6.792: [ParNew: 560773K->9978K(613440K), 0.0081922 secs] 561163K->10368K(2029056K), 0.0082465 secs] [Times: user=0.00 sys=0.00, real=0.01 secs] 
2020-09-29T13:06:42.503+0200: 6.878: [GC (Allocation Failure) 2020-09-29T13:06:42.503+0200: 6.878: [ParNew: 555322K->8530K(613440K), 0.0068568 secs] 555712K->8920K(2029056K), 0.0069125 secs] [Times: user=0.13 sys=0.00, real=0.01 secs] 
2020-09-29T13:06:42.588+0200: 6.963: [GC (Allocation Failure) 2020-09-29T13:06:42.588+0200: 6.963: [ParNew: 553874K->6219K(613440K), 0.0065263 secs] 554264K->6609K(2029056K), 0.0065835 secs] [Times: user=0.00 sys=0.00, real=0.01 secs] 
2020-09-29T13:06:42.675+0200: 7.051: [GC (Allocation Failure) 2020-09-29T13:06:42.675+0200: 7.051: [ParNew: 551563K->4128K(613440K), 0.0048161 secs] 551953K->4518K(2029056K), 0.0048795 secs] [Times: user=0.13 sys=0.00, real=0.01 secs] 
2020-09-29T13:06:42.760+0200: 7.136: [GC (Allocation Failure) 2020-09-29T13:06:42.761+0200: 7.136: [ParNew: 549472K->72K(613440K), 0.0019147 secs] 549862K->462K(2029056K), 0.0019699 secs] [Times: user=0.00 sys=0.00, real=0.00 secs] 
2020-09-29T13:06:42.840+0200: 7.215: [GC (Allocation Failure) 2020-09-29T13:06:42.840+0200: 7.215: [ParNew: 545416K->12101K(613440K), 0.0105870 secs] 545806K->12491K(2029056K), 0.0106423 secs] [Times: user=0.13 sys=0.00, real=0.01 secs] 
2020-09-29T13:06:42.930+0200: 7.305: [GC (Allocation Failure) 2020-09-29T13:06:42.930+0200: 7.305: [ParNew: 557445K->16171K(613440K), 0.0094957 secs] 557835K->16561K(2029056K), 0.0095503 secs] [Times: user=0.00 sys=0.00, real=0.01 secs] 
2020-09-29T13:06:43.018+0200: 7.393: [GC (Allocation Failure) 2020-09-29T13:06:43.018+0200: 7.393: [ParNew: 561515K->12048K(613440K), 0.0083115 secs] 561905K->12438K(2029056K), 0.0083655 secs] [Times: user=0.13 sys=0.00, real=0.01 secs] 
2020-09-29T13:06:43.102+0200: 7.478: [GC (Allocation Failure) 2020-09-29T13:06:43.102+0200: 7.478: [ParNew: 557392K->8017K(613440K), 0.0071203 secs] 557782K->8407K(2029056K), 0.0071753 secs] [Times: user=0.00 sys=0.00, real=0.01 secs] 
2020-09-29T13:06:43.185+0200: 7.560: [GC (Allocation Failure) 2020-09-29T13:06:43.185+0200: 7.560: [ParNew: 553361K->6734K(613440K), 0.0062437 secs] 553751K->7124K(2029056K), 0.0063039 secs] [Times: user=0.00 sys=0.00, real=0.01 secs] 
2020-09-29T13:06:43.266+0200: 7.642: [GC (Allocation Failure) 2020-09-29T13:06:43.266+0200: 7.642: [ParNew: 550178K->273K(613440K), 0.0015743 secs] 550569K->664K(2029056K), 0.0016458 secs] [Times: user=0.00 sys=0.00, real=0.00 secs] 
2020-09-29T13:06:43.345+0200: 7.720: [GC (Allocation Failure) 2020-09-29T13:06:43.345+0200: 7.721: [ParNew: 545617K->12225K(613440K), 0.0101440 secs] 546008K->12616K(2029056K), 0.0102124 secs] [Times: user=0.13 sys=0.00, real=0.01 secs] 
2020-09-29T13:06:43.432+0200: 7.807: [GC (Allocation Failure) 2020-09-29T13:06:43.432+0200: 7.807: [ParNew: 557569K->17193K(613440K), 0.0095335 secs] 557960K->17583K(2029056K), 0.0096075 secs] [Times: user=0.00 sys=0.00, real=0.01 secs] 
2020-09-29T13:06:43.519+0200: 7.894: [GC (Allocation Failure) 2020-09-29T13:06:43.519+0200: 7.895: [ParNew: 562537K->12063K(613440K), 0.0083783 secs] 562927K->12454K(2029056K), 0.0084329 secs] [Times: user=0.13 sys=0.00, real=0.01 secs] 
2020-09-29T13:06:43.610+0200: 7.985: [GC (Allocation Failure) 2020-09-29T13:06:43.610+0200: 7.985: [ParNew: 557407K->8264K(613440K), 0.0082991 secs] 557798K->8654K(2029056K), 0.0083583 secs] [Times: user=0.13 sys=0.00, real=0.01 secs] 
2020-09-29T13:06:43.699+0200: 8.074: [GC (Allocation Failure) 2020-09-29T13:06:43.699+0200: 8.074: [ParNew: 553608K->7375K(613440K), 0.0065212 secs] 553998K->7765K(2029056K), 0.0066052 secs] [Times: user=0.00 sys=0.00, real=0.01 secs] 
2020-09-29T13:06:43.785+0200: 8.161: [GC (Allocation Failure) 2020-09-29T13:06:43.785+0200: 8.161: [ParNew: 552719K->5828K(613440K), 0.0058873 secs] 553109K->6219K(2029056K), 0.0059418 secs] [Times: user=0.03 sys=0.02, real=0.01 secs] 
2020-09-29T13:06:43.872+0200: 8.247: [GC (Allocation Failure) 2020-09-29T13:06:43.872+0200: 8.247: [ParNew: 551172K->168K(613440K), 0.0018312 secs] 551563K->558K(2029056K), 0.0018835 secs] [Times: user=0.00 sys=0.00, real=0.00 secs] 
2020-09-29T13:06:43.952+0200: 8.328: [GC (Allocation Failure) 2020-09-29T13:06:43.952+0200: 8.328: [ParNew: 545512K->12331K(613440K), 0.0104132 secs] 545902K->12721K(2029056K), 0.0104680 secs] [Times: user=0.13 sys=0.00, real=0.01 secs] 
2020-09-29T13:06:44.042+0200: 8.418: [GC (Allocation Failure) 2020-09-29T13:06:44.042+0200: 8.418: [ParNew: 557675K->17399K(613440K), 0.0092738 secs] 558065K->17789K(2029056K), 0.0093267 secs] [Times: user=0.02 sys=0.00, real=0.01 secs] 
2020-09-29T13:06:44.130+0200: 8.505: [GC (Allocation Failure) 2020-09-29T13:06:44.130+0200: 8.505: [ParNew: 562743K->12126K(613440K), 0.0084898 secs] 563133K->12516K(2029056K), 0.0085461 secs] [Times: user=0.00 sys=0.00, real=0.01 secs] 
2020-09-29T13:06:44.216+0200: 8.592: [GC (Allocation Failure) 2020-09-29T13:06:44.216+0200: 8.592: [ParNew: 557470K->8156K(613440K), 0.0072085 secs] 557860K->8547K(2029056K), 0.0072663 secs] [Times: user=0.00 sys=0.00, real=0.01 secs] 
2020-09-29T13:06:44.301+0200: 8.676: [GC (Allocation Failure) 2020-09-29T13:06:44.301+0200: 8.676: [ParNew: 553500K->7129K(613440K), 0.0061281 secs] 553891K->7520K(2029056K), 0.0061821 secs] [Times: user=0.13 sys=0.00, real=0.01 secs] 
2020-09-29T13:06:44.383+0200: 8.759: [GC (Allocation Failure) 2020-09-29T13:06:44.383+0200: 8.759: [ParNew: 552473K->4294K(613440K), 0.0050022 secs] 552864K->4684K(2029056K), 0.0050541 secs] [Times: user=0.00 sys=0.00, real=0.01 secs] 
2020-09-29T13:06:44.465+0200: 8.841: [GC (Allocation Failure) 2020-09-29T13:06:44.465+0200: 8.841: [ParNew: 549638K->90K(613440K), 0.0017733 secs] 550028K->480K(2029056K), 0.0018233 secs] [Times: user=0.00 sys=0.00, real=0.00 secs] 
2020-09-29T13:06:44.544+0200: 8.920: [GC (Allocation Failure) 2020-09-29T13:06:44.544+0200: 8.920: [ParNew: 545434K->11801K(613440K), 0.0103509 secs] 545824K->12192K(2029056K), 0.0104079 secs] [Times: user=0.13 sys=0.00, real=0.01 secs] 
2020-09-29T13:06:44.638+0200: 9.014: [GC (Allocation Failure) 2020-09-29T13:06:44.638+0200: 9.014: [ParNew: 557145K->16637K(613440K), 0.0093457 secs] 557536K->17027K(2029056K), 0.0094051 secs] [Times: user=0.13 sys=0.00, real=0.01 secs] 
2020-09-29T13:06:44.726+0200: 9.101: [GC (Allocation Failure) 2020-09-29T13:06:44.726+0200: 9.101: [ParNew: 561981K->11006K(613440K), 0.0089658 secs] 562371K->11397K(2029056K), 0.0090158 secs] [Times: user=0.00 sys=0.00, real=0.01 secs] 
2020-09-29T13:06:44.814+0200: 9.190: [GC (Allocation Failure) 2020-09-29T13:06:44.814+0200: 9.190: [ParNew: 556350K->7916K(613440K), 0.0079095 secs] 556741K->8306K(2029056K), 0.0079645 secs] [Times: user=0.13 sys=0.00, real=0.01 secs] 
2020-09-29T13:06:44.901+0200: 9.277: [GC (Allocation Failure) 2020-09-29T13:06:44.901+0200: 9.277: [ParNew: 553260K->7037K(613440K), 0.0066411 secs] 553650K->7427K(2029056K), 0.0066984 secs] [Times: user=0.00 sys=0.00, real=0.01 secs] 
2020-09-29T13:06:44.985+0200: 9.361: [GC (Allocation Failure) 2020-09-29T13:06:44.985+0200: 9.361: [ParNew: 552381K->5533K(613440K), 0.0055852 secs] 552771K->5923K(2029056K), 0.0056396 secs] [Times: user=0.13 sys=0.00, real=0.01 secs] 
2020-09-29T13:06:45.067+0200: 9.443: [GC (Allocation Failure) 2020-09-29T13:06:45.067+0200: 9.443: [ParNew: 550877K->184K(613440K), 0.0017934 secs] 551267K->574K(2029056K), 0.0018446 secs] [Times: user=0.00 sys=0.00, real=0.00 secs] 
2020-09-29T13:06:45.146+0200: 9.521: [GC (Allocation Failure) 2020-09-29T13:06:45.146+0200: 9.521: [ParNew: 545528K->12271K(613440K), 0.0103686 secs] 545918K->12661K(2029056K), 0.0104230 secs] [Times: user=0.00 sys=0.00, real=0.01 secs] 
2020-09-29T13:06:45.234+0200: 9.610: [GC (Allocation Failure) 2020-09-29T13:06:45.234+0200: 9.610: [ParNew: 557615K->17354K(613440K), 0.0095320 secs] 558005K->17744K(2029056K), 0.0095880 secs] [Times: user=0.13 sys=0.00, real=0.01 secs] 
2020-09-29T13:06:45.325+0200: 9.701: [GC (Allocation Failure) 2020-09-29T13:06:45.325+0200: 9.701: [ParNew: 562698K->11281K(613440K), 0.0091638 secs] 563088K->11672K(2029056K), 0.0092192 secs] [Times: user=0.11 sys=0.00, real=0.01 secs] 
2020-09-29T13:06:45.426+0200: 9.802: [GC (Allocation Failure) 2020-09-29T13:06:45.426+0200: 9.802: [ParNew: 556625K->7768K(613440K), 0.0075322 secs] 557016K->8158K(2029056K), 0.0075879 secs] [Times: user=0.13 sys=0.00, real=0.01 secs] 
2020-09-29T13:06:45.517+0200: 9.893: [GC (Allocation Failure) 2020-09-29T13:06:45.517+0200: 9.893: [ParNew: 553112K->6638K(613440K), 0.0068443 secs] 553502K->7028K(2029056K), 0.0069031 secs] [Times: user=0.13 sys=0.00, real=0.01 secs] 
2020-09-29T13:06:45.607+0200: 9.982: [GC (Allocation Failure) 2020-09-29T13:06:45.607+0200: 9.982: [ParNew: 551982K->4080K(613440K), 0.0053424 secs] 552372K->4470K(2029056K), 0.0054004 secs] [Times: user=0.00 sys=0.00, real=0.00 secs] 
2020-09-29T13:06:45.694+0200: 10.069: [GC (Allocation Failure) 2020-09-29T13:06:45.694+0200: 10.069: [ParNew: 549424K->71K(613440K), 0.0017640 secs] 549814K->461K(2029056K), 0.0018148 secs] [Times: user=0.00 sys=0.00, real=0.00 secs] 
2020-09-29T13:06:45.775+0200: 10.151: [GC (Allocation Failure) 2020-09-29T13:06:45.775+0200: 10.151: [ParNew: 545415K->12106K(613440K), 0.0107499 secs] 545805K->12496K(2029056K), 0.0108044 secs] [Times: user=0.11 sys=0.00, real=0.01 secs] 
2020-09-29T13:06:45.865+0200: 10.241: [GC (Allocation Failure) 2020-09-29T13:06:45.865+0200: 10.241: [ParNew: 557450K->16169K(613440K), 0.0097576 secs] 557840K->16560K(2029056K), 0.0098332 secs] [Times: user=0.00 sys=0.00, real=0.01 secs] 
2020-09-29T13:06:45.955+0200: 10.331: [GC (Allocation Failure) 2020-09-29T13:06:45.955+0200: 10.331: [ParNew: 561513K->12047K(613440K), 0.0085173 secs] 561904K->12437K(2029056K), 0.0085741 secs] [Times: user=0.13 sys=0.00, real=0.01 secs] 
2020-09-29T13:06:46.042+0200: 10.418: [GC (Allocation Failure) 2020-09-29T13:06:46.042+0200: 10.418: [ParNew: 557391K->8017K(613440K), 0.0071504 secs] 557781K->8407K(2029056K), 0.0072037 secs] [Times: user=0.00 sys=0.00, real=0.01 secs] 
2020-09-29T13:06:46.126+0200: 10.502: [GC (Allocation Failure) 2020-09-29T13:06:46.126+0200: 10.502: [ParNew: 553361K->6734K(613440K), 0.0062603 secs] 553751K->7124K(2029056K), 0.0063124 secs] [Times: user=0.13 sys=0.00, real=0.01 secs] 
2020-09-29T13:06:46.208+0200: 10.584: [GC (Allocation Failure) 2020-09-29T13:06:46.208+0200: 10.584: [ParNew: 550178K->273K(613440K), 0.0015362 secs] 550569K->664K(2029056K), 0.0015888 secs] [Times: user=0.00 sys=0.00, real=0.00 secs] 
2020-09-29T13:06:46.285+0200: 10.661: [GC (Allocation Failure) 2020-09-29T13:06:46.285+0200: 10.661: [ParNew: 545617K->12294K(613440K), 0.0101435 secs] 546008K->12684K(2029056K), 0.0102040 secs] [Times: user=0.13 sys=0.00, real=0.01 secs] 
2020-09-29T13:06:46.372+0200: 10.748: [GC (Allocation Failure) 2020-09-29T13:06:46.372+0200: 10.748: [ParNew: 557638K->17193K(613440K), 0.0094309 secs] 558028K->17583K(2029056K), 0.0095001 secs] [Times: user=0.13 sys=0.00, real=0.01 secs] 
2020-09-29T13:06:46.460+0200: 10.836: [GC (Allocation Failure) 2020-09-29T13:06:46.460+0200: 10.836: [ParNew: 562537K->12063K(613440K), 0.0083600 secs] 562927K->12454K(2029056K), 0.0084197 secs] [Times: user=0.00 sys=0.00, real=0.01 secs] 
2020-09-29T13:06:46.549+0200: 10.925: [GC (Allocation Failure) 2020-09-29T13:06:46.549+0200: 10.925: [ParNew: 557407K->9841K(613440K), 0.0081166 secs] 557798K->10232K(2029056K), 0.0082026 secs] [Times: user=0.11 sys=0.00, real=0.01 secs] 
2020-09-29T13:06:46.638+0200: 11.014: [GC (Allocation Failure) 2020-09-29T13:06:46.638+0200: 11.014: [ParNew: 555185K->7375K(613440K), 0.0070284 secs] 555576K->7765K(2029056K), 0.0070843 secs] [Times: user=0.13 sys=0.00, real=0.01 secs] 
2020-09-29T13:06:46.723+0200: 11.100: [GC (Allocation Failure) 2020-09-29T13:06:46.723+0200: 11.100: [ParNew: 552719K->5828K(613440K), 0.0054288 secs] 553109K->6219K(2029056K), 0.0054824 secs] [Times: user=0.00 sys=0.00, real=0.01 secs] 
2020-09-29T13:06:46.809+0200: 11.185: [GC (Allocation Failure) 2020-09-29T13:06:46.809+0200: 11.185: [ParNew: 551172K->168K(613440K), 0.0018130 secs] 551563K->558K(2029056K), 0.0018632 secs] [Times: user=0.00 sys=0.00, real=0.00 secs] 
2020-09-29T13:06:46.890+0200: 11.266: [GC (Allocation Failure) 2020-09-29T13:06:46.890+0200: 11.266: [ParNew: 545512K->12331K(613440K), 0.0106214 secs] 545902K->12721K(2029056K), 0.0106808 secs] [Times: user=0.13 sys=0.00, real=0.01 secs] 
2020-09-29T13:06:46.979+0200: 11.355: [GC (Allocation Failure) 2020-09-29T13:06:46.979+0200: 11.355: [ParNew: 557675K->15468K(613440K), 0.0092172 secs] 558065K->15859K(2029056K), 0.0092931 secs] [Times: user=0.00 sys=0.00, real=0.01 secs] 
2020-09-29T13:06:47.065+0200: 11.441: [GC (Allocation Failure) 2020-09-29T13:06:47.065+0200: 11.441: [ParNew: 560812K->10195K(613440K), 0.0085311 secs] 561203K->10586K(2029056K), 0.0086205 secs] [Times: user=0.13 sys=0.00, real=0.01 secs] 
2020-09-29T13:06:47.150+0200: 11.526: [GC (Allocation Failure) 2020-09-29T13:06:47.150+0200: 11.526: [ParNew: 555539K->8945K(613440K), 0.0074580 secs] 555930K->9336K(2029056K), 0.0075119 secs] [Times: user=0.00 sys=0.00, real=0.01 secs] 
2020-09-29T13:06:47.233+0200: 11.609: [GC (Allocation Failure) 2020-09-29T13:06:47.233+0200: 11.609: [ParNew: 554289K->7327K(613440K), 0.0066247 secs] 554680K->7717K(2029056K), 0.0066936 secs] [Times: user=0.13 sys=0.00, real=0.01 secs] 
2020-09-29T13:06:47.316+0200: 11.692: [GC (Allocation Failure) 2020-09-29T13:06:47.316+0200: 11.692: [ParNew: 552671K->4344K(613440K), 0.0048539 secs] 553061K->4734K(2029056K), 0.0049114 secs] [Times: user=0.13 sys=0.00, real=0.01 secs] 
2020-09-29T13:06:47.397+0200: 11.773: [GC (Allocation Failure) 2020-09-29T13:06:47.397+0200: 11.773: [ParNew: 549688K->92K(613440K), 0.0016812 secs] 550078K->482K(2029056K), 0.0017338 secs] [Times: user=0.00 sys=0.00, real=0.00 secs] 
2020-09-29T13:06:47.476+0200: 11.852: [GC (Allocation Failure) 2020-09-29T13:06:47.476+0200: 11.852: [ParNew: 545436K->11784K(613440K), 0.0102660 secs] 545826K->12174K(2029056K), 0.0103512 secs] [Times: user=0.00 sys=0.00, real=0.01 secs] 
2020-09-29T13:06:47.567+0200: 11.943: [GC (Allocation Failure) 2020-09-29T13:06:47.567+0200: 11.943: [ParNew: 557128K->14803K(613440K), 0.0097589 secs] 557518K->15193K(2029056K), 0.0098298 secs] [Times: user=0.00 sys=0.00, real=0.01 secs] 
2020-09-29T13:06:47.661+0200: 12.037: [GC (Allocation Failure) 2020-09-29T13:06:47.661+0200: 12.037: [ParNew: 560147K->9775K(613440K), 0.0083744 secs] 560537K->10165K(2029056K), 0.0084654 secs] [Times: user=0.00 sys=0.00, real=0.01 secs] 
2020-09-29T13:06:47.746+0200: 12.123: [GC (Allocation Failure) 2020-09-29T13:06:47.746+0200: 12.123: [ParNew: 555119K->8665K(613440K), 0.0073902 secs] 555509K->9055K(2029056K), 0.0074436 secs] [Times: user=0.00 sys=0.00, real=0.01 secs] 
2020-09-29T13:06:47.832+0200: 12.209: [GC (Allocation Failure) 2020-09-29T13:06:47.832+0200: 12.209: [ParNew: 554009K->7224K(613440K), 0.0064586 secs] 554399K->7615K(2029056K), 0.0065146 secs] [Times: user=0.00 sys=0.00, real=0.01 secs] 
2020-09-29T13:06:47.924+0200: 12.300: [GC (Allocation Failure) 2020-09-29T13:06:47.924+0200: 12.300: [ParNew: 552568K->4425K(613440K), 0.0065307 secs] 552959K->4815K(2029056K), 0.0065901 secs] [Times: user=0.11 sys=0.00, real=0.01 secs] 
2020-09-29T13:06:48.020+0200: 12.396: [GC (Allocation Failure) 2020-09-29T13:06:48.020+0200: 12.396: [ParNew: 549769K->222K(613440K), 0.0017133 secs] 550159K->612K(2029056K), 0.0017692 secs] [Times: user=0.00 sys=0.00, real=0.00 secs] 
2020-09-29T13:06:48.103+0200: 12.479: [GC (Allocation Failure) 2020-09-29T13:06:48.103+0200: 12.479: [ParNew: 545566K->12334K(613440K), 0.0104023 secs] 545956K->12724K(2029056K), 0.0104590 secs] [Times: user=0.00 sys=0.00, real=0.01 secs] 
2020-09-29T13:06:48.193+0200: 12.569: [GC (Allocation Failure) 2020-09-29T13:06:48.193+0200: 12.569: [ParNew: 557678K->17392K(613440K), 0.0092833 secs] 558068K->17782K(2029056K), 0.0093366 secs] [Times: user=0.00 sys=0.00, real=0.01 secs] 
2020-09-29T13:06:48.279+0200: 12.654: [GC (Allocation Failure) 2020-09-29T13:06:48.279+0200: 12.654: [ParNew: 562736K->11913K(613440K), 0.0080824 secs] 563126K->12303K(2029056K), 0.0081383 secs] [Times: user=0.13 sys=0.00, real=0.01 secs] 
2020-09-29T13:06:48.365+0200: 12.741: [GC (Allocation Failure) 2020-09-29T13:06:48.365+0200: 12.741: [ParNew: 557257K->7769K(613440K), 0.0072522 secs] 557647K->8159K(2029056K), 0.0073429 secs] [Times: user=0.00 sys=0.00, real=0.01 secs] 
2020-09-29T13:06:48.451+0200: 12.827: [GC (Allocation Failure) 2020-09-29T13:06:48.451+0200: 12.827: [ParNew: 553113K->6638K(613440K), 0.0059493 secs] 553503K->7028K(2029056K), 0.0060229 secs] [Times: user=0.00 sys=0.00, real=0.01 secs] 
2020-09-29T13:06:48.534+0200: 12.910: [GC (Allocation Failure) 2020-09-29T13:06:48.534+0200: 12.910: [ParNew: 551982K->4080K(613440K), 0.0049663 secs] 552372K->4470K(2029056K), 0.0050192 secs] [Times: user=0.13 sys=0.00, real=0.01 secs] 
2020-09-29T13:06:48.618+0200: 12.994: [GC (Allocation Failure) 2020-09-29T13:06:48.618+0200: 12.994: [ParNew: 549424K->71K(613440K), 0.0017026 secs] 549814K->461K(2029056K), 0.0017560 secs] [Times: user=0.00 sys=0.00, real=0.00 secs] 
2020-09-29T13:06:48.698+0200: 13.073: [GC (Allocation Failure) 2020-09-29T13:06:48.698+0200: 13.074: [ParNew: 545415K->12106K(613440K), 0.0103833 secs] 545805K->12496K(2029056K), 0.0104377 secs] [Times: user=0.13 sys=0.00, real=0.01 secs] 
2020-09-29T13:06:48.786+0200: 13.162: [GC (Allocation Failure) 2020-09-29T13:06:48.786+0200: 13.162: [ParNew: 557450K->17117K(613440K), 0.0094524 secs] 557840K->17507K(2029056K), 0.0095054 secs] [Times: user=0.00 sys=0.00, real=0.01 secs] 
2020-09-29T13:06:48.871+0200: 13.247: [GC (Allocation Failure) 2020-09-29T13:06:48.871+0200: 13.247: [ParNew: 562461K->12047K(613440K), 0.0083794 secs] 562851K->12437K(2029056K), 0.0084373 secs] [Times: user=0.13 sys=0.00, real=0.01 secs] 
2020-09-29T13:06:48.958+0200: 13.333: [GC (Allocation Failure) 2020-09-29T13:06:48.958+0200: 13.333: [ParNew: 557391K->8017K(613440K), 0.0072933 secs] 557781K->8407K(2029056K), 0.0073464 secs] [Times: user=0.00 sys=0.00, real=0.01 secs] 
2020-09-29T13:06:49.042+0200: 13.418: [GC (Allocation Failure) 2020-09-29T13:06:49.042+0200: 13.418: [ParNew: 553361K->6734K(613440K), 0.0062647 secs] 553751K->7124K(2029056K), 0.0063201 secs] [Times: user=0.00 sys=0.00, real=0.01 secs] 
2020-09-29T13:06:49.124+0200: 13.500: [GC (Allocation Failure) 2020-09-29T13:06:49.124+0200: 13.500: [ParNew: 550178K->273K(613440K), 0.0017050 secs] 550569K->664K(2029056K), 0.0017623 secs] [Times: user=0.00 sys=0.00, real=0.00 secs] 
2020-09-29T13:06:49.201+0200: 13.577: [GC (Allocation Failure) 2020-09-29T13:06:49.201+0200: 13.577: [ParNew: 545617K->12225K(613440K), 0.0102771 secs] 546008K->12616K(2029056K), 0.0103638 secs] [Times: user=0.13 sys=0.00, real=0.01 secs] 
2020-09-29T13:06:49.287+0200: 13.663: [GC (Allocation Failure) 2020-09-29T13:06:49.287+0200: 13.663: [ParNew: 557569K->17193K(613440K), 0.0094310 secs] 557960K->17583K(2029056K), 0.0094865 secs] [Times: user=0.00 sys=0.00, real=0.01 secs] 
2020-09-29T13:06:49.374+0200: 13.750: [GC (Allocation Failure) 2020-09-29T13:06:49.374+0200: 13.750: [ParNew: 562537K->12063K(613440K), 0.0084143 secs] 562927K->12454K(2029056K), 0.0085281 secs] [Times: user=0.13 sys=0.00, real=0.01 secs] 
2020-09-29T13:06:49.459+0200: 13.835: [GC (Allocation Failure) 2020-09-29T13:06:49.459+0200: 13.835: [ParNew: 557407K->8264K(613440K), 0.0075876 secs] 557798K->8654K(2029056K), 0.0076417 secs] [Times: user=0.00 sys=0.00, real=0.01 secs] 
2020-09-29T13:06:49.544+0200: 13.920: [GC (Allocation Failure) 2020-09-29T13:06:49.544+0200: 13.920: [ParNew: 553608K->7375K(613440K), 0.0066295 secs] 553998K->7765K(2029056K), 0.0067191 secs] [Times: user=0.00 sys=0.00, real=0.01 secs] 
2020-09-29T13:06:49.631+0200: 14.007: [GC (Allocation Failure) 2020-09-29T13:06:49.631+0200: 14.007: [ParNew: 552719K->5828K(613440K), 0.0056331 secs] 553109K->6219K(2029056K), 0.0056891 secs] [Times: user=0.00 sys=0.00, real=0.01 secs] 
2020-09-29T13:06:49.713+0200: 14.089: [GC (Allocation Failure) 2020-09-29T13:06:49.713+0200: 14.089: [ParNew: 551172K->168K(613440K), 0.0017182 secs] 551563K->558K(2029056K), 0.0017685 secs] [Times: user=0.00 sys=0.00, real=0.00 secs] 
2020-09-29T13:06:49.793+0200: 14.169: [GC (Allocation Failure) 2020-09-29T13:06:49.793+0200: 14.169: [ParNew: 545512K->12289K(613440K), 0.0112896 secs] 545902K->12679K(2029056K), 0.0113489 secs] [Times: user=0.13 sys=0.00, real=0.01 secs] 
2020-09-29T13:06:49.887+0200: 14.263: [GC (Allocation Failure) 2020-09-29T13:06:49.887+0200: 14.263: [ParNew: 557633K->17399K(613440K), 0.0098954 secs] 558023K->17789K(2029056K), 0.0099509 secs] [Times: user=0.13 sys=0.00, real=0.01 secs] 
2020-09-29T13:06:49.977+0200: 14.353: [GC (Allocation Failure) 2020-09-29T13:06:49.977+0200: 14.353: [ParNew: 562743K->12126K(613440K), 0.0085233 secs] 563133K->12516K(2029056K), 0.0085795 secs] [Times: user=0.00 sys=0.00, real=0.01 secs] 
2020-09-29T13:06:50.065+0200: 14.441: [GC (Allocation Failure) 2020-09-29T13:06:50.065+0200: 14.441: [ParNew: 557470K->8156K(613440K), 0.0074985 secs] 557860K->8547K(2029056K), 0.0075562 secs] [Times: user=0.09 sys=0.01, real=0.01 secs] 
2020-09-29T13:06:50.148+0200: 14.524: [GC (Allocation Failure) 2020-09-29T13:06:50.148+0200: 14.524: [ParNew: 553500K->6482K(613440K), 0.0063330 secs] 553891K->6873K(2029056K), 0.0064424 secs] [Times: user=0.00 sys=0.00, real=0.01 secs] 
2020-09-29T13:06:50.265+0200: 14.641: [GC (Allocation Failure) 2020-09-29T13:06:50.265+0200: 14.641: [ParNew: 551826K->4918K(613440K), 0.0056661 secs] 552217K->5308K(2029056K), 0.0057368 secs] [Times: user=0.11 sys=0.00, real=0.01 secs] 
2020-09-29T13:06:50.367+0200: 14.743: [GC (Allocation Failure) 2020-09-29T13:06:50.367+0200: 14.743: [ParNew: 550262K->118K(613440K), 0.0019378 secs] 550652K->509K(2029056K), 0.0019901 secs] [Times: user=0.00 sys=0.00, real=0.00 secs] 
2020-09-29T13:06:50.449+0200: 14.825: [GC (Allocation Failure) 2020-09-29T13:06:50.449+0200: 14.825: [ParNew: 545462K->11795K(613440K), 0.0101105 secs] 545853K->12185K(2029056K), 0.0101672 secs] [Times: user=0.13 sys=0.00, real=0.01 secs] 
2020-09-29T13:06:50.540+0200: 14.916: [GC (Allocation Failure) 2020-09-29T13:06:50.540+0200: 14.916: [ParNew: 557139K->16665K(613440K), 0.0098993 secs] 557529K->17055K(2029056K), 0.0099555 secs] [Times: user=0.00 sys=0.00, real=0.01 secs] 
2020-09-29T13:06:50.630+0200: 15.006: [GC (Allocation Failure) 2020-09-29T13:06:50.630+0200: 15.006: [ParNew: 562009K->11617K(613440K), 0.0085666 secs] 562399K->12007K(2029056K), 0.0086261 secs] [Times: user=0.00 sys=0.00, real=0.01 secs] 
2020-09-29T13:06:50.723+0200: 15.099: [GC (Allocation Failure) 2020-09-29T13:06:50.723+0200: 15.099: [ParNew: 556961K->7917K(613440K), 0.0086300 secs] 557351K->8307K(2029056K), 0.0086900 secs] [Times: user=0.00 sys=0.00, real=0.01 secs] 
2020-09-29T13:06:50.827+0200: 15.203: [GC (Allocation Failure) 2020-09-29T13:06:50.827+0200: 15.203: [ParNew: 553261K->7037K(613440K), 0.0071351 secs] 553651K->7428K(2029056K), 0.0071854 secs] [Times: user=0.13 sys=0.00, real=0.01 secs] 
2020-09-29T13:06:50.915+0200: 15.290: [GC (Allocation Failure) 2020-09-29T13:06:50.915+0200: 15.291: [ParNew: 552381K->5533K(613440K), 0.0061157 secs] 552772K->5923K(2029056K), 0.0061710 secs] [Times: user=0.00 sys=0.00, real=0.01 secs] 
2020-09-29T13:06:50.998+0200: 15.374: [GC (Allocation Failure) 2020-09-29T13:06:50.998+0200: 15.374: [ParNew: 550877K->184K(613440K), 0.0023811 secs] 551267K->574K(2029056K), 0.0024333 secs] [Times: user=0.00 sys=0.00, real=0.00 secs] 
2020-09-29T13:06:51.078+0200: 15.455: [GC (Allocation Failure) 2020-09-29T13:06:51.079+0200: 15.455: [ParNew: 545528K->12271K(613440K), 0.0102449 secs] 545918K->12661K(2029056K), 0.0103065 secs] [Times: user=0.13 sys=0.00, real=0.01 secs] 
2020-09-29T13:06:51.167+0200: 15.543: [GC (Allocation Failure) 2020-09-29T13:06:51.167+0200: 15.543: [ParNew: 557615K->17354K(613440K), 0.0090650 secs] 558005K->17744K(2029056K), 0.0091399 secs] [Times: user=0.13 sys=0.00, real=0.01 secs] 
2020-09-29T13:06:51.253+0200: 15.630: [GC (Allocation Failure) 2020-09-29T13:06:51.253+0200: 15.630: [ParNew: 562698K->11903K(613440K), 0.0079023 secs] 563088K->12294K(2029056K), 0.0079582 secs] [Times: user=0.06 sys=0.02, real=0.01 secs] 
2020-09-29T13:06:51.339+0200: 15.716: [GC (Allocation Failure) 2020-09-29T13:06:51.339+0200: 15.716: [ParNew: 557247K->7768K(613440K), 0.0074471 secs] 557638K->8158K(2029056K), 0.0075062 secs] [Times: user=0.00 sys=0.00, real=0.01 secs] 
2020-09-29T13:06:51.424+0200: 15.800: [GC (Allocation Failure) 2020-09-29T13:06:51.424+0200: 15.800: [ParNew: 553112K->6638K(613440K), 0.0059484 secs] 553502K->7028K(2029056K), 0.0060254 secs] [Times: user=0.13 sys=0.00, real=0.01 secs] 
2020-09-29T13:06:51.506+0200: 15.882: [GC (Allocation Failure) 2020-09-29T13:06:51.506+0200: 15.883: [ParNew: 551982K->4080K(613440K), 0.0047603 secs] 552372K->4470K(2029056K), 0.0048151 secs] [Times: user=0.00 sys=0.00, real=0.00 secs] 
2020-09-29T13:06:51.588+0200: 15.965: [GC (Allocation Failure) 2020-09-29T13:06:51.588+0200: 15.965: [ParNew: 549424K->71K(613440K), 0.0022314 secs] 549814K->461K(2029056K), 0.0022852 secs] [Times: user=0.00 sys=0.00, real=0.00 secs] 
2020-09-29T13:06:51.676+0200: 16.052: [GC (Allocation Failure) 2020-09-29T13:06:51.676+0200: 16.052: [ParNew: 545415K->12088K(613440K), 0.0106048 secs] 545805K->12478K(2029056K), 0.0106586 secs] [Times: user=0.00 sys=0.00, real=0.01 secs] 
2020-09-29T13:06:51.766+0200: 16.142: [GC (Allocation Failure) 2020-09-29T13:06:51.766+0200: 16.142: [ParNew: 557432K->16169K(613440K), 0.0095678 secs] 557822K->16560K(2029056K), 0.0096318 secs] [Times: user=0.13 sys=0.00, real=0.01 secs] 
2020-09-29T13:06:51.856+0200: 16.232: [GC (Allocation Failure) 2020-09-29T13:06:51.856+0200: 16.232: [ParNew: 561513K->12047K(613440K), 0.0088544 secs] 561904K->12437K(2029056K), 0.0089064 secs] [Times: user=0.13 sys=0.00, real=0.01 secs] 
2020-09-29T13:06:51.947+0200: 16.323: [GC (Allocation Failure) 2020-09-29T13:06:51.947+0200: 16.323: [ParNew: 557391K->8017K(613440K), 0.0075821 secs] 557781K->8407K(2029056K), 0.0076391 secs] [Times: user=0.00 sys=0.00, real=0.01 secs] 
2020-09-29T13:06:52.035+0200: 16.411: [GC (Allocation Failure) 2020-09-29T13:06:52.035+0200: 16.411: [ParNew: 553361K->6734K(613440K), 0.0063115 secs] 553751K->7124K(2029056K), 0.0063662 secs] [Times: user=0.00 sys=0.00, real=0.01 secs] 
2020-09-29T13:06:52.119+0200: 16.494: [GC (Allocation Failure) 2020-09-29T13:06:52.119+0200: 16.494: [ParNew: 550178K->273K(613440K), 0.0019520 secs] 550569K->664K(2029056K), 0.0020046 secs] [Times: user=0.00 sys=0.00, real=0.00 secs] 
2020-09-29T13:06:52.199+0200: 16.575: [GC (Allocation Failure) 2020-09-29T13:06:52.199+0200: 16.575: [ParNew: 545617K->12294K(613440K), 0.0101648 secs] 546008K->12684K(2029056K), 0.0102222 secs] [Times: user=0.13 sys=0.00, real=0.01 secs] 
2020-09-29T13:06:52.286+0200: 16.662: [GC (Allocation Failure) 2020-09-29T13:06:52.286+0200: 16.663: [ParNew: 557638K->17193K(613440K), 0.0094416 secs] 558028K->17583K(2029056K), 0.0095127 secs] [Times: user=0.00 sys=0.00, real=0.01 secs] 
2020-09-29T13:06:52.374+0200: 16.750: [GC (Allocation Failure) 2020-09-29T13:06:52.374+0200: 16.750: [ParNew: 562537K->12063K(613440K), 0.0085303 secs] 562927K->12454K(2029056K), 0.0085852 secs] [Times: user=0.13 sys=0.00, real=0.01 secs] 
2020-09-29T13:06:52.461+0200: 16.838: [GC (Allocation Failure) 2020-09-29T13:06:52.461+0200: 16.838: [ParNew: 557407K->8264K(613440K), 0.0078292 secs] 557798K->8654K(2029056K), 0.0079048 secs] [Times: user=0.00 sys=0.00, real=0.01 secs] 
2020-09-29T13:06:52.548+0200: 16.924: [GC (Allocation Failure) 2020-09-29T13:06:52.548+0200: 16.924: [ParNew: 553608K->7375K(613440K), 0.0068484 secs] 553998K->7765K(2029056K), 0.0069007 secs] [Times: user=0.13 sys=0.00, real=0.01 secs] 
2020-09-29T13:06:52.636+0200: 17.011: [GC (Allocation Failure) 2020-09-29T13:06:52.636+0200: 17.011: [ParNew: 552719K->5828K(613440K), 0.0056505 secs] 553109K->6219K(2029056K), 0.0057068 secs] [Times: user=0.00 sys=0.00, real=0.01 secs] 
2020-09-29T13:06:52.720+0200: 17.096: [GC (Allocation Failure) 2020-09-29T13:06:52.720+0200: 17.096: [ParNew: 551172K->168K(613440K), 0.0017118 secs] 551563K->558K(2029056K), 0.0017622 secs] [Times: user=0.00 sys=0.00, real=0.00 secs] 
2020-09-29T13:06:52.799+0200: 17.175: [GC (Allocation Failure) 2020-09-29T13:06:52.799+0200: 17.175: [ParNew: 545512K->12289K(613440K), 0.0103594 secs] 545902K->12679K(2029056K), 0.0104134 secs] [Times: user=0.13 sys=0.00, real=0.01 secs] 
2020-09-29T13:06:52.891+0200: 17.267: [GC (Allocation Failure) 2020-09-29T13:06:52.891+0200: 17.267: [ParNew: 557633K->16434K(613440K), 0.0097158 secs] 558023K->16824K(2029056K), 0.0097707 secs] [Times: user=0.13 sys=0.00, real=0.01 secs] 
2020-09-29T13:06:52.981+0200: 17.357: [GC (Allocation Failure) 2020-09-29T13:06:52.981+0200: 17.357: [ParNew: 561778K->12126K(613440K), 0.0087689 secs] 562168K->12516K(2029056K), 0.0088240 secs] [Times: user=0.13 sys=0.00, real=0.01 secs] 
2020-09-29T13:06:53.069+0200: 17.445: [GC (Allocation Failure) 2020-09-29T13:06:53.069+0200: 17.445: [ParNew: 557470K->8156K(613440K), 0.0075907 secs] 557860K->8547K(2029056K), 0.0076453 secs] [Times: user=0.00 sys=0.00, real=0.01 secs] 
2020-09-29T13:06:53.152+0200: 17.528: [GC (Allocation Failure) 2020-09-29T13:06:53.152+0200: 17.528: [ParNew: 553500K->7129K(613440K), 0.0063723 secs] 553891K->7520K(2029056K), 0.0064263 secs] [Times: user=0.00 sys=0.00, real=0.01 secs] 
2020-09-29T13:06:53.238+0200: 17.613: [GC (Allocation Failure) 2020-09-29T13:06:53.238+0200: 17.613: [ParNew: 552473K->4294K(613440K), 0.0052787 secs] 552864K->4684K(2029056K), 0.0053337 secs] [Times: user=0.13 sys=0.00, real=0.01 secs] 
2020-09-29T13:06:53.321+0200: 17.697: [GC (Allocation Failure) 2020-09-29T13:06:53.321+0200: 17.697: [ParNew: 549638K->90K(613440K), 0.0017842 secs] 550028K->480K(2029056K), 0.0018347 secs] [Times: user=0.00 sys=0.00, real=0.00 secs] 
2020-09-29T13:06:53.400+0200: 17.776: [GC (Allocation Failure) 2020-09-29T13:06:53.400+0200: 17.776: [ParNew: 545434K->11824K(613440K), 0.0102277 secs] 545824K->12214K(2029056K), 0.0102975 secs] [Times: user=0.00 sys=0.00, real=0.01 secs] 
2020-09-29T13:06:53.490+0200: 17.866: [GC (Allocation Failure) 2020-09-29T13:06:53.490+0200: 17.866: [ParNew: 557168K->16637K(613440K), 0.0093784 secs] 557558K->17027K(2029056K), 0.0094331 secs] [Times: user=0.00 sys=0.00, real=0.01 secs] 
2020-09-29T13:06:53.579+0200: 17.955: [GC (Allocation Failure) 2020-09-29T13:06:53.579+0200: 17.955: [ParNew: 561981K->10403K(613440K), 0.0086984 secs] 562371K->10793K(2029056K), 0.0087629 secs] [Times: user=0.11 sys=0.00, real=0.01 secs] 
2020-09-29T13:06:53.666+0200: 18.042: [GC (Allocation Failure) 2020-09-29T13:06:53.666+0200: 18.042: [ParNew: 555747K->7916K(613440K), 0.0072298 secs] 556137K->8306K(2029056K), 0.0073005 secs] [Times: user=0.00 sys=0.00, real=0.01 secs] 
2020-09-29T13:06:53.751+0200: 18.127: [GC (Allocation Failure) 2020-09-29T13:06:53.751+0200: 18.127: [ParNew: 553260K->7037K(613440K), 0.0063293 secs] 553650K->7427K(2029056K), 0.0063842 secs] [Times: user=0.13 sys=0.00, real=0.01 secs] 
2020-09-29T13:06:53.836+0200: 18.212: [GC (Allocation Failure) 2020-09-29T13:06:53.836+0200: 18.212: [ParNew: 552381K->5533K(613440K), 0.0058080 secs] 552771K->5923K(2029056K), 0.0058630 secs] [Times: user=0.00 sys=0.00, real=0.01 secs] 
2020-09-29T13:06:53.924+0200: 18.300: [GC (Allocation Failure) 2020-09-29T13:06:53.924+0200: 18.300: [ParNew: 550877K->184K(613440K), 0.0015933 secs] 551267K->574K(2029056K), 0.0016465 secs] [Times: user=0.00 sys=0.00, real=0.00 secs] 
2020-09-29T13:06:54.006+0200: 18.382: [GC (Allocation Failure) 2020-09-29T13:06:54.006+0200: 18.382: [ParNew: 545528K->12317K(613440K), 0.0106870 secs] 545918K->12707K(2029056K), 0.0107977 secs] [Times: user=0.00 sys=0.00, real=0.01 secs] 
2020-09-29T13:06:54.098+0200: 18.474: [GC (Allocation Failure) 2020-09-29T13:06:54.098+0200: 18.474: [ParNew: 557661K->16392K(613440K), 0.0092427 secs] 558051K->16782K(2029056K), 0.0092988 secs] [Times: user=0.00 sys=0.00, real=0.01 secs] 
2020-09-29T13:06:54.183+0200: 18.559: [GC (Allocation Failure) 2020-09-29T13:06:54.183+0200: 18.559: [ParNew: 561736K->11903K(613440K), 0.0082821 secs] 562126K->12294K(2029056K), 0.0083564 secs] [Times: user=0.00 sys=0.00, real=0.01 secs] 
2020-09-29T13:06:54.268+0200: 18.644: [GC (Allocation Failure) 2020-09-29T13:06:54.268+0200: 18.644: [ParNew: 557247K->7768K(613440K), 0.0070334 secs] 557638K->8158K(2029056K), 0.0071215 secs] [Times: user=0.13 sys=0.00, real=0.01 secs] 
2020-09-29T13:06:54.352+0200: 18.727: [GC (Allocation Failure) 2020-09-29T13:06:54.352+0200: 18.727: [ParNew: 553112K->6638K(613440K), 0.0066657 secs] 553502K->7028K(2029056K), 0.0067222 secs] [Times: user=0.00 sys=0.00, real=0.01 secs] 
2020-09-29T13:06:54.450+0200: 18.826: [GC (Allocation Failure) 2020-09-29T13:06:54.450+0200: 18.826: [ParNew: 551982K->4080K(613440K), 0.0052022 secs] 552372K->4470K(2029056K), 0.0052560 secs] [Times: user=0.00 sys=0.00, real=0.00 secs] 
2020-09-29T13:06:54.535+0200: 18.911: [GC (Allocation Failure) 2020-09-29T13:06:54.535+0200: 18.911: [ParNew: 549424K->71K(613440K), 0.0017136 secs] 549814K->461K(2029056K), 0.0017659 secs] [Times: user=0.02 sys=0.00, real=0.00 secs] 
2020-09-29T13:06:54.619+0200: 18.995: [GC (Allocation Failure) 2020-09-29T13:06:54.619+0200: 18.995: [ParNew: 545415K->12106K(613440K), 0.0106608 secs] 545805K->12496K(2029056K), 0.0107168 secs] [Times: user=0.13 sys=0.00, real=0.01 secs] 
2020-09-29T13:06:54.708+0200: 19.084: [GC (Allocation Failure) 2020-09-29T13:06:54.708+0200: 19.084: [ParNew: 557450K->16169K(613440K), 0.0096436 secs] 557840K->16560K(2029056K), 0.0097013 secs] [Times: user=0.00 sys=0.00, real=0.01 secs] 
2020-09-29T13:06:54.795+0200: 19.171: [GC (Allocation Failure) 2020-09-29T13:06:54.795+0200: 19.171: [ParNew: 561513K->12047K(613440K), 0.0088467 secs] 561904K->12437K(2029056K), 0.0089030 secs] [Times: user=0.13 sys=0.00, real=0.01 secs] 
2020-09-29T13:06:54.882+0200: 19.258: [GC (Allocation Failure) 2020-09-29T13:06:54.882+0200: 19.258: [ParNew: 557391K->8017K(613440K), 0.0071889 secs] 557781K->8407K(2029056K), 0.0072835 secs] [Times: user=0.00 sys=0.00, real=0.01 secs] 
2020-09-29T13:06:54.969+0200: 19.345: [GC (Allocation Failure) 2020-09-29T13:06:54.969+0200: 19.345: [ParNew: 553361K->6734K(613440K), 0.0065182 secs] 553751K->7124K(2029056K), 0.0065729 secs] [Times: user=0.13 sys=0.00, real=0.01 secs] 
2020-09-29T13:06:55.056+0200: 19.432: [GC (Allocation Failure) 2020-09-29T13:06:55.056+0200: 19.432: [ParNew: 550178K->273K(613440K), 0.0016536 secs] 550569K->664K(2029056K), 0.0017091 secs] [Times: user=0.00 sys=0.00, real=0.00 secs] 
2020-09-29T13:06:55.135+0200: 19.511: [GC (Allocation Failure) 2020-09-29T13:06:55.135+0200: 19.511: [ParNew: 545617K->12157K(613440K), 0.0100548 secs] 546008K->12547K(2029056K), 0.0101252 secs] [Times: user=0.13 sys=0.00, real=0.01 secs] 
2020-09-29T13:06:55.223+0200: 19.599: [GC (Allocation Failure) 2020-09-29T13:06:55.223+0200: 19.599: [ParNew: 557501K->17193K(613440K), 0.0095796 secs] 557891K->17583K(2029056K), 0.0096325 secs] [Times: user=0.00 sys=0.00, real=0.01 secs] 
2020-09-29T13:06:55.309+0200: 19.685: [GC (Allocation Failure) 2020-09-29T13:06:55.309+0200: 19.685: [ParNew: 562537K->12063K(613440K), 0.0086062 secs] 562927K->12454K(2029056K), 0.0086597 secs] [Times: user=0.13 sys=0.00, real=0.01 secs] 
2020-09-29T13:06:55.396+0200: 19.772: [GC (Allocation Failure) 2020-09-29T13:06:55.396+0200: 19.772: [ParNew: 557407K->8264K(613440K), 0.0075450 secs] 557798K->8654K(2029056K), 0.0076341 secs] [Times: user=0.00 sys=0.00, real=0.01 secs] 
2020-09-29T13:06:55.480+0200: 19.856: [GC (Allocation Failure) 2020-09-29T13:06:55.480+0200: 19.856: [ParNew: 553608K->7375K(613440K), 0.0065139 secs] 553998K->7765K(2029056K), 0.0065731 secs] [Times: user=0.00 sys=0.00, real=0.01 secs] 
2020-09-29T13:06:55.565+0200: 19.941: [GC (Allocation Failure) 2020-09-29T13:06:55.565+0200: 19.941: [ParNew: 552719K->5828K(613440K), 0.0053778 secs] 553109K->6219K(2029056K), 0.0054428 secs] [Times: user=0.13 sys=0.00, real=0.00 secs] 
2020-09-29T13:06:55.646+0200: 20.022: [GC (Allocation Failure) 2020-09-29T13:06:55.646+0200: 20.022: [ParNew: 551172K->168K(613440K), 0.0017628 secs] 551563K->558K(2029056K), 0.0018155 secs] [Times: user=0.00 sys=0.00, real=0.00 secs] 
2020-09-29T13:06:55.726+0200: 20.102: [GC (Allocation Failure) 2020-09-29T13:06:55.726+0200: 20.102: [ParNew: 545512K->12331K(613440K), 0.0103880 secs] 545902K->12721K(2029056K), 0.0104627 secs] [Times: user=0.00 sys=0.00, real=0.01 secs] 
2020-09-29T13:06:55.816+0200: 20.192: [GC (Allocation Failure) 2020-09-29T13:06:55.816+0200: 20.192: [ParNew: 557675K->17399K(613440K), 0.0094390 secs] 558065K->17789K(2029056K), 0.0095621 secs] [Times: user=0.13 sys=0.00, real=0.01 secs] 
2020-09-29T13:06:55.904+0200: 20.280: [GC (Allocation Failure) 2020-09-29T13:06:55.904+0200: 20.280: [ParNew: 562743K->12126K(613440K), 0.0086259 secs] 563133K->12516K(2029056K), 0.0086828 secs] [Times: user=0.13 sys=0.00, real=0.01 secs] 
2020-09-29T13:06:55.993+0200: 20.369: [GC (Allocation Failure) 2020-09-29T13:06:55.993+0200: 20.369: [ParNew: 557470K->8156K(613440K), 0.0078571 secs] 557860K->8547K(2029056K), 0.0079129 secs] [Times: user=0.00 sys=0.00, real=0.01 secs] 
2020-09-29T13:06:56.084+0200: 20.460: [GC (Allocation Failure) 2020-09-29T13:06:56.084+0200: 20.460: [ParNew: 553500K->7129K(613440K), 0.0062938 secs] 553891K->7520K(2029056K), 0.0063533 secs] [Times: user=0.00 sys=0.00, real=0.01 secs] 
2020-09-29T13:06:56.168+0200: 20.544: [GC (Allocation Failure) 2020-09-29T13:06:56.168+0200: 20.544: [ParNew: 552473K->4294K(613440K), 0.0049556 secs] 552864K->4684K(2029056K), 0.0050075 secs] [Times: user=0.00 sys=0.00, real=0.01 secs] 
2020-09-29T13:06:56.250+0200: 20.626: [GC (Allocation Failure) 2020-09-29T13:06:56.250+0200: 20.626: [ParNew: 549638K->90K(613440K), 0.0016683 secs] 550028K->480K(2029056K), 0.0017187 secs] [Times: user=0.00 sys=0.00, real=0.00 secs] 
2020-09-29T13:06:56.326+0200: 20.703: [GC (Allocation Failure) 2020-09-29T13:06:56.326+0200: 20.703: [ParNew: 545434K->11779K(613440K), 0.0100664 secs] 545824K->12169K(2029056K), 0.0101463 secs] [Times: user=0.13 sys=0.00, real=0.01 secs] 
2020-09-29T13:06:56.414+0200: 20.790: [GC (Allocation Failure) 2020-09-29T13:06:56.414+0200: 20.790: [ParNew: 557123K->16637K(613440K), 0.0093854 secs] 557513K->17027K(2029056K), 0.0094418 secs] [Times: user=0.00 sys=0.00, real=0.01 secs] 
2020-09-29T13:06:56.499+0200: 20.876: [GC (Allocation Failure) 2020-09-29T13:06:56.499+0200: 20.876: [ParNew: 561981K->11610K(613440K), 0.0083075 secs] 562371K->12000K(2029056K), 0.0083621 secs] [Times: user=0.13 sys=0.00, real=0.01 secs] 
2020-09-29T13:06:56.587+0200: 20.964: [GC (Allocation Failure) 2020-09-29T13:06:56.587+0200: 20.964: [ParNew: 556954K->8662K(613440K), 0.0076388 secs] 557344K->9052K(2029056K), 0.0076949 secs] [Times: user=0.00 sys=0.00, real=0.01 secs] 
2020-09-29T13:06:56.671+0200: 21.048: [GC (Allocation Failure) 2020-09-29T13:06:56.671+0200: 21.048: [ParNew: 554006K->7037K(613440K), 0.0067362 secs] 554396K->7427K(2029056K), 0.0067921 secs] [Times: user=0.13 sys=0.00, real=0.01 secs] 
2020-09-29T13:06:56.758+0200: 21.133: [GC (Allocation Failure) 2020-09-29T13:06:56.758+0200: 21.133: [ParNew: 552381K->5533K(613440K), 0.0058838 secs] 552771K->5923K(2029056K), 0.0059409 secs] [Times: user=0.00 sys=0.00, real=0.01 secs] 
2020-09-29T13:06:56.840+0200: 21.216: [GC (Allocation Failure) 2020-09-29T13:06:56.841+0200: 21.216: [ParNew: 550877K->184K(613440K), 0.0015212 secs] 551267K->574K(2029056K), 0.0015753 secs] [Times: user=0.00 sys=0.00, real=0.00 secs] 
2020-09-29T13:06:56.919+0200: 21.295: [GC (Allocation Failure) 2020-09-29T13:06:56.919+0200: 21.295: [ParNew: 545528K->12271K(613440K), 0.0105734 secs] 545918K->12661K(2029056K), 0.0106379 secs] [Times: user=0.13 sys=0.00, real=0.01 secs] 
2020-09-29T13:06:57.012+0200: 21.387: [GC (Allocation Failure) 2020-09-29T13:06:57.012+0200: 21.387: [ParNew: 557615K->17354K(613440K), 0.0093825 secs] 558005K->17744K(2029056K), 0.0094375 secs] [Times: user=0.13 sys=0.00, real=0.01 secs] 
2020-09-29T13:06:57.098+0200: 21.475: [GC (Allocation Failure) 2020-09-29T13:06:57.098+0200: 21.475: [ParNew: 562698K->11903K(613440K), 0.0082316 secs] 563088K->12294K(2029056K), 0.0082871 secs] [Times: user=0.00 sys=0.00, real=0.01 secs] 
2020-09-29T13:06:57.182+0200: 21.559: [GC (Allocation Failure) 2020-09-29T13:06:57.183+0200: 21.559: [ParNew: 557247K->7768K(613440K), 0.0071175 secs] 557638K->8158K(2029056K), 0.0071767 secs] [Times: user=0.00 sys=0.00, real=0.01 secs] 
2020-09-29T13:06:57.265+0200: 21.642: [GC (Allocation Failure) 2020-09-29T13:06:57.265+0200: 21.642: [ParNew: 553112K->6638K(613440K), 0.0061534 secs] 553502K->7028K(2029056K), 0.0062276 secs] [Times: user=0.13 sys=0.00, real=0.01 secs] 
2020-09-29T13:06:57.347+0200: 21.724: [GC (Allocation Failure) 2020-09-29T13:06:57.347+0200: 21.724: [ParNew: 551982K->4080K(613440K), 0.0046425 secs] 552372K->4470K(2029056K), 0.0046965 secs] [Times: user=0.03 sys=0.00, real=0.01 secs] 
2020-09-29T13:06:57.430+0200: 21.806: [GC (Allocation Failure) 2020-09-29T13:06:57.430+0200: 21.806: [ParNew: 549424K->71K(613440K), 0.0023285 secs] 549814K->461K(2029056K), 0.0023804 secs] [Times: user=0.00 sys=0.00, real=0.00 secs] 
2020-09-29T13:06:57.509+0200: 21.886: [GC (Allocation Failure) 2020-09-29T13:06:57.509+0200: 21.886: [ParNew: 545415K->12106K(613440K), 0.0104536 secs] 545805K->12496K(2029056K), 0.0105080 secs] [Times: user=0.13 sys=0.00, real=0.01 secs] 
Heap
 par new generation   total 613440K, used 546015K [0x0000000080000000, 0x00000000a9990000, 0x00000000a9990000)
  eden space 545344K,  97% used [0x0000000080000000, 0x00000000a0965330, 0x00000000a1490000)
  from space 68096K,  17% used [0x00000000a1490000, 0x00000000a2062910, 0x00000000a5710000)
  to   space 68096K,   0% used [0x00000000a5710000, 0x00000000a5710000, 0x00000000a9990000)
 concurrent mark-sweep generation total 1415616K, used 390K [0x00000000a9990000, 0x0000000100000000, 0x0000000100000000)
 Metaspace       used 2594K, capacity 4486K, committed 4864K, reserved 1056768K
  class space    used 285K, capacity 386K, committed 512K, reserved 1048576K
