Java HotSpot(TM) 64-Bit Server VM (25.261-b12) for windows-amd64 JRE (1.8.0_261-b12), built on Jun 18 2020 06:56:32 by "" with unknown MS VC++:1916
Memory: 4k page, physical 16659684k(8938856k free), swap 23213284k(7902828k free)
CommandLine flags: -XX:InitialHeapSize=2147483648 -XX:MaxHeapSize=2147483648 -XX:MaxNewSize=697933824 -XX:MaxTenuringThreshold=6 -XX:NewSize=697933824 -XX:OldPLABSize=16 -XX:OldSize=1395867648 -XX:+PrintGC -XX:+PrintGCDateStamps -XX:+PrintGCDetails -XX:+PrintGCTimeStamps -XX:+UseCompressedClassPointers -XX:+UseCompressedOops -XX:+UseConcMarkSweepGC -XX:-UseLargePagesIndividualAllocation -XX:+UseParNewGC 
2020-09-29T13:05:28.422+0200: 0.443: [GC (Allocation Failure) 2020-09-29T13:05:28.422+0200: 0.443: [ParNew: 545344K->4413K(613440K), 0.0170974 secs] 545344K->4413K(2029056K), 0.0172349 secs] [Times: user=0.00 sys=0.00, real=0.02 secs] 
2020-09-29T13:05:28.534+0200: 0.553: [GC (Allocation Failure) 2020-09-29T13:05:28.534+0200: 0.553: [ParNew: 549757K->4305K(613440K), 0.0062380 secs] 549757K->4305K(2029056K), 0.0062919 secs] [Times: user=0.09 sys=0.01, real=0.01 secs] 
2020-09-29T13:05:28.628+0200: 0.648: [GC (Allocation Failure) 2020-09-29T13:05:28.628+0200: 0.648: [ParNew: 549649K->1070K(613440K), 0.0024470 secs] 549649K->1070K(2029056K), 0.0025012 secs] [Times: user=0.13 sys=0.00, real=0.00 secs] 
2020-09-29T13:05:28.729+0200: 0.749: [GC (Allocation Failure) 2020-09-29T13:05:28.729+0200: 0.749: [ParNew: 546414K->12660K(613440K), 0.0146149 secs] 546414K->12660K(2029056K), 0.0146785 secs] [Times: user=0.13 sys=0.00, real=0.01 secs] 
2020-09-29T13:05:28.833+0200: 0.853: [GC (Allocation Failure) 2020-09-29T13:05:28.833+0200: 0.853: [ParNew: 558004K->15843K(613440K), 0.0123050 secs] 558004K->15843K(2029056K), 0.0123622 secs] [Times: user=0.00 sys=0.00, real=0.01 secs] 
2020-09-29T13:05:28.927+0200: 0.947: [GC (Allocation Failure) 2020-09-29T13:05:28.927+0200: 0.947: [ParNew: 561187K->11763K(613440K), 0.0093223 secs] 561187K->11763K(2029056K), 0.0093771 secs] [Times: user=0.00 sys=0.00, real=0.01 secs] 
2020-09-29T13:05:29.012+0200: 1.032: [GC (Allocation Failure) 2020-09-29T13:05:29.012+0200: 1.032: [ParNew: 557107K->9593K(613440K), 0.0096572 secs] 557107K->9984K(2029056K), 0.0097115 secs] [Times: user=0.13 sys=0.00, real=0.01 secs] 
2020-09-29T13:05:29.100+0200: 1.120: [GC (Allocation Failure) 2020-09-29T13:05:29.100+0200: 1.120: [ParNew: 554937K->7664K(613440K), 0.0068017 secs] 555328K->8055K(2029056K), 0.0068576 secs] [Times: user=0.00 sys=0.00, real=0.01 secs] 
2020-09-29T13:05:29.188+0200: 1.207: [GC (Allocation Failure) 2020-09-29T13:05:29.188+0200: 1.208: [ParNew: 553008K->4628K(613440K), 0.0060013 secs] 553399K->5018K(2029056K), 0.0060567 secs] [Times: user=0.13 sys=0.00, real=0.01 secs] 
2020-09-29T13:05:29.276+0200: 1.296: [GC (Allocation Failure) 2020-09-29T13:05:29.276+0200: 1.296: [ParNew: 549972K->147K(613440K), 0.0015461 secs] 550362K->537K(2029056K), 0.0015983 secs] [Times: user=0.00 sys=0.00, real=0.00 secs] 
2020-09-29T13:05:29.357+0200: 1.377: [GC (Allocation Failure) 2020-09-29T13:05:29.357+0200: 1.377: [ParNew: 545491K->12152K(613440K), 0.0108445 secs] 545881K->12542K(2029056K), 0.0109016 secs] [Times: user=0.13 sys=0.00, real=0.01 secs] 
2020-09-29T13:05:29.446+0200: 1.466: [GC (Allocation Failure) 2020-09-29T13:05:29.446+0200: 1.466: [ParNew: 557496K->15373K(613440K), 0.0099769 secs] 557886K->15763K(2029056K), 0.0100345 secs] [Times: user=0.00 sys=0.00, real=0.01 secs] 
2020-09-29T13:05:29.535+0200: 1.555: [GC (Allocation Failure) 2020-09-29T13:05:29.535+0200: 1.555: [ParNew: 560717K->11359K(613440K), 0.0091406 secs] 561107K->11750K(2029056K), 0.0091959 secs] [Times: user=0.13 sys=0.00, real=0.01 secs] 
2020-09-29T13:05:29.624+0200: 1.644: [GC (Allocation Failure) 2020-09-29T13:05:29.624+0200: 1.644: [ParNew: 556703K->9217K(613440K), 0.0080759 secs] 557094K->9607K(2029056K), 0.0081469 secs] [Times: user=0.13 sys=0.00, real=0.01 secs] 
2020-09-29T13:05:29.710+0200: 1.730: [GC (Allocation Failure) 2020-09-29T13:05:29.710+0200: 1.730: [ParNew: 554561K->7665K(613440K), 0.0072459 secs] 554951K->8055K(2029056K), 0.0073405 secs] [Times: user=0.00 sys=0.00, real=0.01 secs] 
2020-09-29T13:05:29.800+0200: 1.820: [GC (Allocation Failure) 2020-09-29T13:05:29.800+0200: 1.820: [ParNew: 553009K->6036K(613440K), 0.0066779 secs] 553399K->6426K(2029056K), 0.0067364 secs] [Times: user=0.13 sys=0.00, real=0.01 secs] 
2020-09-29T13:05:29.890+0200: 1.911: [GC (Allocation Failure) 2020-09-29T13:05:29.890+0200: 1.911: [ParNew: 550748K->221K(613440K), 0.0018265 secs] 551138K->611K(2029056K), 0.0018783 secs] [Times: user=0.00 sys=0.00, real=0.00 secs] 
2020-09-29T13:05:29.970+0200: 1.990: [GC (Allocation Failure) 2020-09-29T13:05:29.970+0200: 1.990: [ParNew: 545565K->12035K(613440K), 0.0107240 secs] 545955K->12425K(2029056K), 0.0107796 secs] [Times: user=0.13 sys=0.00, real=0.01 secs] 
2020-09-29T13:05:30.058+0200: 2.078: [GC (Allocation Failure) 2020-09-29T13:05:30.058+0200: 2.078: [ParNew: 557379K->15989K(613440K), 0.0100239 secs] 557769K->16379K(2029056K), 0.0100807 secs] [Times: user=0.13 sys=0.00, real=0.01 secs] 
2020-09-29T13:05:30.150+0200: 2.170: [GC (Allocation Failure) 2020-09-29T13:05:30.150+0200: 2.170: [ParNew: 561333K->11920K(613440K), 0.0094811 secs] 561723K->12310K(2029056K), 0.0095375 secs] [Times: user=0.00 sys=0.00, real=0.01 secs] 
2020-09-29T13:05:30.241+0200: 2.261: [GC (Allocation Failure) 2020-09-29T13:05:30.241+0200: 2.261: [ParNew: 557264K->8094K(613440K), 0.0081811 secs] 557654K->8484K(2029056K), 0.0082432 secs] [Times: user=0.00 sys=0.00, real=0.01 secs] 
2020-09-29T13:05:30.329+0200: 2.349: [GC (Allocation Failure) 2020-09-29T13:05:30.329+0200: 2.349: [ParNew: 553438K->7105K(613440K), 0.0067575 secs] 553828K->7495K(2029056K), 0.0068138 secs] [Times: user=0.13 sys=0.00, real=0.01 secs] 
2020-09-29T13:05:30.412+0200: 2.432: [GC (Allocation Failure) 2020-09-29T13:05:30.412+0200: 2.432: [ParNew: 552449K->5596K(613440K), 0.0054850 secs] 552839K->5987K(2029056K), 0.0055402 secs] [Times: user=0.00 sys=0.00, real=0.01 secs] 
2020-09-29T13:05:30.495+0200: 2.515: [GC (Allocation Failure) 2020-09-29T13:05:30.495+0200: 2.516: [ParNew: 550940K->151K(613440K), 0.0015206 secs] 551331K->541K(2029056K), 0.0015719 secs] [Times: user=0.00 sys=0.00, real=0.00 secs] 
2020-09-29T13:05:30.575+0200: 2.596: [GC (Allocation Failure) 2020-09-29T13:05:30.575+0200: 2.596: [ParNew: 545495K->12217K(613440K), 0.0114140 secs] 545885K->12607K(2029056K), 0.0115033 secs] [Times: user=0.11 sys=0.00, real=0.01 secs] 
2020-09-29T13:05:30.664+0200: 2.685: [GC (Allocation Failure) 2020-09-29T13:05:30.664+0200: 2.685: [ParNew: 557561K->16336K(613440K), 0.0102013 secs] 557951K->16726K(2029056K), 0.0102533 secs] [Times: user=0.00 sys=0.00, real=0.01 secs] 
2020-09-29T13:05:30.754+0200: 2.774: [GC (Allocation Failure) 2020-09-29T13:05:30.754+0200: 2.774: [ParNew: 561680K->12228K(613440K), 0.0093479 secs] 562070K->12618K(2029056K), 0.0094051 secs] [Times: user=0.00 sys=0.00, real=0.01 secs] 
2020-09-29T13:05:30.846+0200: 2.866: [GC (Allocation Failure) 2020-09-29T13:05:30.846+0200: 2.866: [ParNew: 557572K->9348K(613440K), 0.0082316 secs] 557962K->9738K(2029056K), 0.0082892 secs] [Times: user=0.13 sys=0.00, real=0.01 secs] 
2020-09-29T13:05:30.932+0200: 2.952: [GC (Allocation Failure) 2020-09-29T13:05:30.932+0200: 2.952: [ParNew: 554692K->7605K(613440K), 0.0070151 secs] 555082K->7995K(2029056K), 0.0070780 secs] [Times: user=0.00 sys=0.00, real=0.01 secs] 
2020-09-29T13:05:31.015+0200: 3.036: [GC (Allocation Failure) 2020-09-29T13:05:31.015+0200: 3.036: [ParNew: 552949K->4556K(613440K), 0.0053514 secs] 553339K->4946K(2029056K), 0.0054066 secs] [Times: user=0.13 sys=0.00, real=0.00 secs] 
2020-09-29T13:05:31.098+0200: 3.118: [GC (Allocation Failure) 2020-09-29T13:05:31.098+0200: 3.118: [ParNew: 549900K->138K(613440K), 0.0015110 secs] 550290K->529K(2029056K), 0.0015628 secs] [Times: user=0.08 sys=0.00, real=0.00 secs] 
2020-09-29T13:05:31.180+0200: 3.200: [GC (Allocation Failure) 2020-09-29T13:05:31.180+0200: 3.200: [ParNew: 545482K->12271K(613440K), 0.0120605 secs] 545873K->12661K(2029056K), 0.0121173 secs] [Times: user=0.00 sys=0.00, real=0.01 secs] 
2020-09-29T13:05:31.274+0200: 3.294: [GC (Allocation Failure) 2020-09-29T13:05:31.274+0200: 3.294: [ParNew: 557615K->15382K(613440K), 0.0105104 secs] 558005K->15772K(2029056K), 0.0105888 secs] [Times: user=0.00 sys=0.00, real=0.01 secs] 
2020-09-29T13:05:31.363+0200: 3.382: [GC (Allocation Failure) 2020-09-29T13:05:31.363+0200: 3.382: [ParNew: 560726K->11356K(613440K), 0.0091291 secs] 561116K->11746K(2029056K), 0.0091833 secs] [Times: user=0.13 sys=0.00, real=0.01 secs] 
2020-09-29T13:05:31.451+0200: 3.471: [GC (Allocation Failure) 2020-09-29T13:05:31.451+0200: 3.471: [ParNew: 556700K->9210K(613440K), 0.0080785 secs] 557090K->9601K(2029056K), 0.0081341 secs] [Times: user=0.13 sys=0.00, real=0.01 secs] 
2020-09-29T13:05:31.539+0200: 3.558: [GC (Allocation Failure) 2020-09-29T13:05:31.539+0200: 3.558: [ParNew: 554554K->7637K(613440K), 0.0069200 secs] 554945K->8027K(2029056K), 0.0069731 secs] [Times: user=0.00 sys=0.00, real=0.01 secs] 
2020-09-29T13:05:31.623+0200: 3.642: [GC (Allocation Failure) 2020-09-29T13:05:31.623+0200: 3.642: [ParNew: 552981K->4582K(613440K), 0.0057794 secs] 553371K->4972K(2029056K), 0.0058340 secs] [Times: user=0.00 sys=0.00, real=0.01 secs] 
2020-09-29T13:05:31.707+0200: 3.727: [GC (Allocation Failure) 2020-09-29T13:05:31.707+0200: 3.727: [ParNew: 549926K->137K(613440K), 0.0017060 secs] 550316K->527K(2029056K), 0.0017573 secs] [Times: user=0.13 sys=0.00, real=0.00 secs] 
2020-09-29T13:05:31.788+0200: 3.808: [GC (Allocation Failure) 2020-09-29T13:05:31.788+0200: 3.808: [ParNew: 545481K->12247K(613440K), 0.0113814 secs] 545871K->12637K(2029056K), 0.0114593 secs] [Times: user=0.00 sys=0.00, real=0.01 secs] 
2020-09-29T13:05:31.878+0200: 3.898: [GC (Allocation Failure) 2020-09-29T13:05:31.878+0200: 3.898: [ParNew: 557591K->15385K(613440K), 0.0100180 secs] 557981K->15775K(2029056K), 0.0100940 secs] [Times: user=0.13 sys=0.00, real=0.01 secs] 
2020-09-29T13:05:31.966+0200: 3.986: [GC (Allocation Failure) 2020-09-29T13:05:31.966+0200: 3.986: [ParNew: 560729K->9971K(613440K), 0.0086230 secs] 561119K->10361K(2029056K), 0.0087083 secs] [Times: user=0.13 sys=0.00, real=0.01 secs] 
2020-09-29T13:05:32.052+0200: 4.071: [GC (Allocation Failure) 2020-09-29T13:05:32.052+0200: 4.071: [ParNew: 555315K->8527K(613440K), 0.0074548 secs] 555705K->8918K(2029056K), 0.0075096 secs] [Times: user=0.00 sys=0.00, real=0.01 secs] 
2020-09-29T13:05:32.140+0200: 4.160: [GC (Allocation Failure) 2020-09-29T13:05:32.140+0200: 4.160: [ParNew: 553871K->6827K(613440K), 0.0064827 secs] 554262K->7217K(2029056K), 0.0065376 secs] [Times: user=0.13 sys=0.00, real=0.01 secs] 
2020-09-29T13:05:32.224+0200: 4.244: [GC (Allocation Failure) 2020-09-29T13:05:32.232+0200: 4.251: [ParNew: 552171K->3855K(613440K), 0.0100458 secs] 552561K->4246K(2029056K), 0.0179485 secs] [Times: user=0.13 sys=0.00, real=0.02 secs] 
2020-09-29T13:05:32.334+0200: 4.353: [GC (Allocation Failure) 2020-09-29T13:05:32.334+0200: 4.353: [ParNew: 549199K->72K(613440K), 0.0017111 secs] 549590K->462K(2029056K), 0.0017678 secs] [Times: user=0.00 sys=0.00, real=0.00 secs] 
2020-09-29T13:05:32.489+0200: 4.509: [GC (Allocation Failure) 2020-09-29T13:05:32.489+0200: 4.509: [ParNew: 545416K->12079K(613440K), 0.0119296 secs] 545806K->12469K(2029056K), 0.0120197 secs] [Times: user=0.00 sys=0.00, real=0.01 secs] 
2020-09-29T13:05:32.584+0200: 4.604: [GC (Allocation Failure) 2020-09-29T13:05:32.584+0200: 4.604: [ParNew: 557423K->16170K(613440K), 0.0102004 secs] 557813K->16560K(2029056K), 0.0102765 secs] [Times: user=0.00 sys=0.00, real=0.01 secs] 
2020-09-29T13:05:32.671+0200: 4.691: [GC (Allocation Failure) 2020-09-29T13:05:32.671+0200: 4.691: [ParNew: 561514K->12047K(613440K), 0.0089436 secs] 561904K->12437K(2029056K), 0.0089998 secs] [Times: user=0.13 sys=0.00, real=0.01 secs] 
2020-09-29T13:05:32.760+0200: 4.779: [GC (Allocation Failure) 2020-09-29T13:05:32.760+0200: 4.779: [ParNew: 557391K->8016K(613440K), 0.0079579 secs] 557781K->8406K(2029056K), 0.0080163 secs] [Times: user=0.00 sys=0.00, real=0.01 secs] 
2020-09-29T13:05:32.849+0200: 4.869: [GC (Allocation Failure) 2020-09-29T13:05:32.849+0200: 4.869: [ParNew: 553360K->6733K(613440K), 0.0065233 secs] 553750K->7123K(2029056K), 0.0065892 secs] [Times: user=0.00 sys=0.00, real=0.01 secs] 
2020-09-29T13:05:32.932+0200: 4.952: [GC (Allocation Failure) 2020-09-29T13:05:32.932+0200: 4.952: [ParNew: 550178K->273K(613440K), 0.0018163 secs] 550569K->664K(2029056K), 0.0018666 secs] [Times: user=0.00 sys=0.00, real=0.00 secs] 
2020-09-29T13:05:33.011+0200: 5.031: [GC (Allocation Failure) 2020-09-29T13:05:33.011+0200: 5.031: [ParNew: 545617K->12157K(613440K), 0.0109157 secs] 546008K->12547K(2029056K), 0.0109707 secs] [Times: user=0.13 sys=0.00, real=0.01 secs] 
2020-09-29T13:05:33.099+0200: 5.119: [GC (Allocation Failure) 2020-09-29T13:05:33.099+0200: 5.119: [ParNew: 557501K->16240K(613440K), 0.0099521 secs] 557891K->16630K(2029056K), 0.0100069 secs] [Times: user=0.00 sys=0.00, real=0.01 secs] 
2020-09-29T13:05:33.186+0200: 5.205: [GC (Allocation Failure) 2020-09-29T13:05:33.186+0200: 5.205: [ParNew: 561584K->12063K(613440K), 0.0087651 secs] 561974K->12454K(2029056K), 0.0088204 secs] [Times: user=0.13 sys=0.00, real=0.01 secs] 
2020-09-29T13:05:33.274+0200: 5.294: [GC (Allocation Failure) 2020-09-29T13:05:33.274+0200: 5.294: [ParNew: 557407K->9053K(613440K), 0.0084581 secs] 557798K->9443K(2029056K), 0.0085174 secs] [Times: user=0.00 sys=0.00, real=0.01 secs] 
2020-09-29T13:05:33.362+0200: 5.382: [GC (Allocation Failure) 2020-09-29T13:05:33.362+0200: 5.382: [ParNew: 554397K->7375K(613440K), 0.0068425 secs] 554787K->7765K(2029056K), 0.0069103 secs] [Times: user=0.13 sys=0.00, real=0.01 secs] 
2020-09-29T13:05:33.458+0200: 5.477: [GC (Allocation Failure) 2020-09-29T13:05:33.458+0200: 5.477: [ParNew: 552719K->5828K(613440K), 0.0064991 secs] 553109K->6219K(2029056K), 0.0065544 secs] [Times: user=0.00 sys=0.00, real=0.01 secs] 
2020-09-29T13:05:33.558+0200: 5.578: [GC (Allocation Failure) 2020-09-29T13:05:33.558+0200: 5.578: [ParNew: 551172K->168K(613440K), 0.0020232 secs] 551563K->558K(2029056K), 0.0020814 secs] [Times: user=0.00 sys=0.00, real=0.00 secs] 
2020-09-29T13:05:33.647+0200: 5.667: [GC (Allocation Failure) 2020-09-29T13:05:33.647+0200: 5.667: [ParNew: 545512K->12331K(613440K), 0.0128709 secs] 545902K->12721K(2029056K), 0.0129305 secs] [Times: user=0.00 sys=0.00, real=0.01 secs] 
2020-09-29T13:05:33.740+0200: 5.759: [GC (Allocation Failure) 2020-09-29T13:05:33.740+0200: 5.759: [ParNew: 557675K->15468K(613440K), 0.0099579 secs] 558065K->15859K(2029056K), 0.0100129 secs] [Times: user=0.00 sys=0.00, real=0.01 secs] 
2020-09-29T13:05:33.830+0200: 5.849: [GC (Allocation Failure) 2020-09-29T13:05:33.830+0200: 5.849: [ParNew: 560812K->10195K(613440K), 0.0091085 secs] 561203K->10586K(2029056K), 0.0091655 secs] [Times: user=0.11 sys=0.00, real=0.01 secs] 
2020-09-29T13:05:33.919+0200: 5.939: [GC (Allocation Failure) 2020-09-29T13:05:33.919+0200: 5.939: [ParNew: 555539K->8945K(613440K), 0.0086352 secs] 555930K->9336K(2029056K), 0.0086955 secs] [Times: user=0.13 sys=0.00, real=0.01 secs] 
2020-09-29T13:05:34.013+0200: 6.033: [GC (Allocation Failure) 2020-09-29T13:05:34.013+0200: 6.033: [ParNew: 554289K->7327K(613440K), 0.0064929 secs] 554680K->7717K(2029056K), 0.0065489 secs] [Times: user=0.00 sys=0.00, real=0.01 secs] 
2020-09-29T13:05:34.095+0200: 6.115: [GC (Allocation Failure) 2020-09-29T13:05:34.095+0200: 6.115: [ParNew: 552671K->4344K(613440K), 0.0052594 secs] 553061K->4734K(2029056K), 0.0053112 secs] [Times: user=0.13 sys=0.00, real=0.01 secs] 
2020-09-29T13:05:34.176+0200: 6.196: [GC (Allocation Failure) 2020-09-29T13:05:34.176+0200: 6.196: [ParNew: 549688K->92K(613440K), 0.0019149 secs] 550078K->482K(2029056K), 0.0019644 secs] [Times: user=0.11 sys=0.00, real=0.00 secs] 
2020-09-29T13:05:34.266+0200: 6.286: [GC (Allocation Failure) 2020-09-29T13:05:34.266+0200: 6.286: [ParNew: 545436K->11784K(613440K), 0.0127557 secs] 545826K->12174K(2029056K), 0.0128122 secs] [Times: user=0.11 sys=0.00, real=0.01 secs] 
2020-09-29T13:05:34.367+0200: 6.388: [GC (Allocation Failure) 2020-09-29T13:05:34.367+0200: 6.388: [ParNew: 557128K->14803K(613440K), 0.0099425 secs] 557518K->15193K(2029056K), 0.0100008 secs] [Times: user=0.00 sys=0.00, real=0.01 secs] 
2020-09-29T13:05:34.465+0200: 6.485: [GC (Allocation Failure) 2020-09-29T13:05:34.465+0200: 6.485: [ParNew: 560147K->9775K(613440K), 0.0090379 secs] 560537K->10165K(2029056K), 0.0091131 secs] [Times: user=0.13 sys=0.00, real=0.01 secs] 
2020-09-29T13:05:34.553+0200: 6.573: [GC (Allocation Failure) 2020-09-29T13:05:34.553+0200: 6.573: [ParNew: 555119K->8665K(613440K), 0.0079172 secs] 555509K->9055K(2029056K), 0.0080021 secs] [Times: user=0.00 sys=0.00, real=0.01 secs] 
2020-09-29T13:05:34.639+0200: 6.659: [GC (Allocation Failure) 2020-09-29T13:05:34.639+0200: 6.659: [ParNew: 554009K->7224K(613440K), 0.0066700 secs] 554399K->7615K(2029056K), 0.0067269 secs] [Times: user=0.13 sys=0.00, real=0.01 secs] 
2020-09-29T13:05:34.722+0200: 6.742: [GC (Allocation Failure) 2020-09-29T13:05:34.722+0200: 6.742: [ParNew: 552568K->4425K(613440K), 0.0056874 secs] 552959K->4815K(2029056K), 0.0057709 secs] [Times: user=0.13 sys=0.00, real=0.01 secs] 
2020-09-29T13:05:34.808+0200: 6.828: [GC (Allocation Failure) 2020-09-29T13:05:34.808+0200: 6.828: [ParNew: 549769K->222K(613440K), 0.0017000 secs] 550159K->612K(2029056K), 0.0017513 secs] [Times: user=0.00 sys=0.00, real=0.00 secs] 
2020-09-29T13:05:34.890+0200: 6.910: [GC (Allocation Failure) 2020-09-29T13:05:34.890+0200: 6.910: [ParNew: 545566K->12334K(613440K), 0.0109049 secs] 545956K->12724K(2029056K), 0.0109924 secs] [Times: user=0.13 sys=0.00, real=0.01 secs] 
2020-09-29T13:05:34.979+0200: 6.999: [GC (Allocation Failure) 2020-09-29T13:05:34.979+0200: 6.999: [ParNew: 557678K->14497K(613440K), 0.0100018 secs] 558068K->14887K(2029056K), 0.0100898 secs] [Times: user=0.13 sys=0.00, real=0.01 secs] 
2020-09-29T13:05:35.068+0200: 7.087: [GC (Allocation Failure) 2020-09-29T13:05:35.068+0200: 7.087: [ParNew: 559841K->9983K(613440K), 0.0087020 secs] 560231K->10373K(2029056K), 0.0087583 secs] [Times: user=0.00 sys=0.00, real=0.01 secs] 
2020-09-29T13:05:35.157+0200: 7.176: [GC (Allocation Failure) 2020-09-29T13:05:35.157+0200: 7.176: [ParNew: 555327K->8531K(613440K), 0.0076103 secs] 555717K->8922K(2029056K), 0.0076675 secs] [Times: user=0.13 sys=0.00, real=0.01 secs] 
2020-09-29T13:05:35.244+0200: 7.263: [GC (Allocation Failure) 2020-09-29T13:05:35.244+0200: 7.263: [ParNew: 553875K->6829K(613440K), 0.0063148 secs] 554266K->7219K(2029056K), 0.0063713 secs] [Times: user=0.00 sys=0.00, real=0.01 secs] 
2020-09-29T13:05:35.330+0200: 7.350: [GC (Allocation Failure) 2020-09-29T13:05:35.330+0200: 7.350: [ParNew: 552173K->4128K(613440K), 0.0051821 secs] 552563K->4518K(2029056K), 0.0052328 secs] [Times: user=0.13 sys=0.00, real=0.01 secs] 
2020-09-29T13:05:35.413+0200: 7.433: [GC (Allocation Failure) 2020-09-29T13:05:35.413+0200: 7.433: [ParNew: 549472K->72K(613440K), 0.0017793 secs] 549862K->462K(2029056K), 0.0018437 secs] [Times: user=0.00 sys=0.00, real=0.00 secs] 
2020-09-29T13:05:35.502+0200: 7.522: [GC (Allocation Failure) 2020-09-29T13:05:35.502+0200: 7.522: [ParNew: 545416K->12119K(613440K), 0.0117614 secs] 545806K->12510K(2029056K), 0.0118156 secs] [Times: user=0.13 sys=0.00, real=0.01 secs] 
2020-09-29T13:05:35.596+0200: 7.615: [GC (Allocation Failure) 2020-09-29T13:05:35.596+0200: 7.615: [ParNew: 557463K->15223K(613440K), 0.0097459 secs] 557854K->15613K(2029056K), 0.0098309 secs] [Times: user=0.13 sys=0.00, real=0.01 secs] 
2020-09-29T13:05:35.682+0200: 7.701: [GC (Allocation Failure) 2020-09-29T13:05:35.682+0200: 7.701: [ParNew: 560567K->10152K(613440K), 0.0088467 secs] 560957K->10542K(2029056K), 0.0089049 secs] [Times: user=0.00 sys=0.00, real=0.01 secs] 
2020-09-29T13:05:35.778+0200: 7.798: [GC (Allocation Failure) 2020-09-29T13:05:35.778+0200: 7.798: [ParNew: 555496K->8805K(613440K), 0.0094270 secs] 555886K->9195K(2029056K), 0.0094829 secs] [Times: user=0.11 sys=0.00, real=0.01 secs] 
2020-09-29T13:05:35.876+0200: 7.896: [GC (Allocation Failure) 2020-09-29T13:05:35.876+0200: 7.896: [ParNew: 554149K->6931K(613440K), 0.0064825 secs] 554539K->7321K(2029056K), 0.0065748 secs] [Times: user=0.13 sys=0.00, real=0.01 secs] 
2020-09-29T13:05:35.960+0200: 7.979: [GC (Allocation Failure) 2020-09-29T13:05:35.960+0200: 7.979: [ParNew: 550375K->280K(613440K), 0.0015946 secs] 550766K->670K(2029056K), 0.0016442 secs] [Times: user=0.00 sys=0.00, real=0.00 secs] 
2020-09-29T13:05:36.038+0200: 8.058: [GC (Allocation Failure) 2020-09-29T13:05:36.038+0200: 8.058: [ParNew: 545624K->12246K(613440K), 0.0109362 secs] 546014K->12636K(2029056K), 0.0109919 secs] [Times: user=0.00 sys=0.00, real=0.01 secs] 
2020-09-29T13:05:36.126+0200: 8.145: [GC (Allocation Failure) 2020-09-29T13:05:36.126+0200: 8.145: [ParNew: 557590K->16246K(613440K), 0.0096490 secs] 557980K->16636K(2029056K), 0.0097129 secs] [Times: user=0.13 sys=0.00, real=0.01 secs] 
2020-09-29T13:05:36.217+0200: 8.236: [GC (Allocation Failure) 2020-09-29T13:05:36.217+0200: 8.236: [ParNew: 561590K->12065K(613440K), 0.0089684 secs] 561980K->12455K(2029056K), 0.0090597 secs] [Times: user=0.13 sys=0.00, real=0.01 secs] 
2020-09-29T13:05:36.307+0200: 8.327: [GC (Allocation Failure) 2020-09-29T13:05:36.307+0200: 8.327: [ParNew: 557409K->8264K(613440K), 0.0079027 secs] 557799K->8654K(2029056K), 0.0079930 secs] [Times: user=0.00 sys=0.00, real=0.01 secs] 
2020-09-29T13:05:36.396+0200: 8.416: [GC (Allocation Failure) 2020-09-29T13:05:36.396+0200: 8.416: [ParNew: 553608K->7375K(613440K), 0.0072812 secs] 553998K->7765K(2029056K), 0.0073374 secs] [Times: user=0.00 sys=0.00, real=0.01 secs] 
2020-09-29T13:05:36.482+0200: 8.502: [GC (Allocation Failure) 2020-09-29T13:05:36.482+0200: 8.502: [ParNew: 552719K->5828K(613440K), 0.0056973 secs] 553109K->6219K(2029056K), 0.0057506 secs] [Times: user=0.00 sys=0.00, real=0.01 secs] 
2020-09-29T13:05:36.564+0200: 8.583: [GC (Allocation Failure) 2020-09-29T13:05:36.564+0200: 8.583: [ParNew: 551172K->168K(613440K), 0.0016289 secs] 551563K->558K(2029056K), 0.0016801 secs] [Times: user=0.00 sys=0.00, real=0.00 secs] 
2020-09-29T13:05:36.647+0200: 8.667: [GC (Allocation Failure) 2020-09-29T13:05:36.648+0200: 8.667: [ParNew: 545512K->12289K(613440K), 0.0111527 secs] 545902K->12679K(2029056K), 0.0112527 secs] [Times: user=0.00 sys=0.00, real=0.01 secs] 
2020-09-29T13:05:36.735+0200: 8.755: [GC (Allocation Failure) 2020-09-29T13:05:36.735+0200: 8.755: [ParNew: 557633K->14503K(613440K), 0.0102268 secs] 558023K->14893K(2029056K), 0.0102792 secs] [Times: user=0.11 sys=0.00, real=0.01 secs] 
2020-09-29T13:05:36.826+0200: 8.846: [GC (Allocation Failure) 2020-09-29T13:05:36.826+0200: 8.846: [ParNew: 559847K->10195K(613440K), 0.0090876 secs] 560237K->10586K(2029056K), 0.0091439 secs] [Times: user=0.13 sys=0.00, real=0.01 secs] 
2020-09-29T13:05:36.914+0200: 8.933: [GC (Allocation Failure) 2020-09-29T13:05:36.914+0200: 8.933: [ParNew: 555539K->8945K(613440K), 0.0076946 secs] 555930K->9336K(2029056K), 0.0077525 secs] [Times: user=0.00 sys=0.00, real=0.01 secs] 
2020-09-29T13:05:37.002+0200: 9.022: [GC (Allocation Failure) 2020-09-29T13:05:37.002+0200: 9.022: [ParNew: 554289K->7327K(613440K), 0.0067640 secs] 554680K->7717K(2029056K), 0.0068345 secs] [Times: user=0.13 sys=0.00, real=0.01 secs] 
2020-09-29T13:05:37.086+0200: 9.106: [GC (Allocation Failure) 2020-09-29T13:05:37.086+0200: 9.106: [ParNew: 552671K->4344K(613440K), 0.0052081 secs] 553061K->4734K(2029056K), 0.0052759 secs] [Times: user=0.00 sys=0.00, real=0.01 secs] 
2020-09-29T13:05:37.168+0200: 9.187: [GC (Allocation Failure) 2020-09-29T13:05:37.168+0200: 9.188: [ParNew: 549688K->92K(613440K), 0.0016489 secs] 550078K->482K(2029056K), 0.0017058 secs] [Times: user=0.00 sys=0.00, real=0.00 secs] 
2020-09-29T13:05:37.247+0200: 9.267: [GC (Allocation Failure) 2020-09-29T13:05:37.247+0200: 9.267: [ParNew: 545436K->11784K(613440K), 0.0105489 secs] 545826K->12174K(2029056K), 0.0106506 secs] [Times: user=0.13 sys=0.00, real=0.01 secs] 
2020-09-29T13:05:37.336+0200: 9.356: [GC (Allocation Failure) 2020-09-29T13:05:37.336+0200: 9.356: [ParNew: 557128K->13885K(613440K), 0.0094811 secs] 557518K->14275K(2029056K), 0.0095534 secs] [Times: user=0.00 sys=0.00, real=0.01 secs] 
2020-09-29T13:05:37.433+0200: 9.453: [GC (Allocation Failure) 2020-09-29T13:05:37.433+0200: 9.453: [ParNew: 559229K->9775K(613440K), 0.0084890 secs] 559619K->10165K(2029056K), 0.0085676 secs] [Times: user=0.13 sys=0.00, real=0.01 secs] 
2020-09-29T13:05:37.519+0200: 9.538: [GC (Allocation Failure) 2020-09-29T13:05:37.519+0200: 9.538: [ParNew: 555119K->8665K(613440K), 0.0076880 secs] 555509K->9055K(2029056K), 0.0077435 secs] [Times: user=0.13 sys=0.00, real=0.01 secs] 
2020-09-29T13:05:37.605+0200: 9.625: [GC (Allocation Failure) 2020-09-29T13:05:37.605+0200: 9.625: [ParNew: 554009K->7224K(613440K), 0.0066629 secs] 554399K->7615K(2029056K), 0.0067287 secs] [Times: user=0.00 sys=0.00, real=0.01 secs] 
2020-09-29T13:05:37.693+0200: 9.713: [GC (Allocation Failure) 2020-09-29T13:05:37.694+0200: 9.713: [ParNew: 552568K->4425K(613440K), 0.0059889 secs] 552959K->4815K(2029056K), 0.0060508 secs] [Times: user=0.00 sys=0.00, real=0.01 secs] 
2020-09-29T13:05:37.778+0200: 9.797: [GC (Allocation Failure) 2020-09-29T13:05:37.778+0200: 9.798: [ParNew: 549769K->222K(613440K), 0.0014107 secs] 550159K->612K(2029056K), 0.0014677 secs] [Times: user=0.00 sys=0.00, real=0.00 secs] 
2020-09-29T13:05:37.876+0200: 9.896: [GC (Allocation Failure) 2020-09-29T13:05:37.876+0200: 9.896: [ParNew: 545566K->12223K(613440K), 0.0108258 secs] 545956K->12613K(2029056K), 0.0108800 secs] [Times: user=0.13 sys=0.00, real=0.01 secs] 
2020-09-29T13:05:37.964+0200: 9.983: [GC (Allocation Failure) 2020-09-29T13:05:37.964+0200: 9.983: [ParNew: 557567K->14497K(613440K), 0.0097443 secs] 557957K->14887K(2029056K), 0.0098044 secs] [Times: user=0.00 sys=0.00, real=0.01 secs] 
2020-09-29T13:05:38.052+0200: 10.072: [GC (Allocation Failure) 2020-09-29T13:05:38.052+0200: 10.072: [ParNew: 559841K->9983K(613440K), 0.0083438 secs] 560231K->10373K(2029056K), 0.0084017 secs] [Times: user=0.00 sys=0.00, real=0.01 secs] 
2020-09-29T13:05:38.139+0200: 10.158: [GC (Allocation Failure) 2020-09-29T13:05:38.139+0200: 10.158: [ParNew: 555327K->8531K(613440K), 0.0075960 secs] 555717K->8922K(2029056K), 0.0076499 secs] [Times: user=0.13 sys=0.00, real=0.01 secs] 
2020-09-29T13:05:38.224+0200: 10.244: [GC (Allocation Failure) 2020-09-29T13:05:38.224+0200: 10.244: [ParNew: 553875K->6829K(613440K), 0.0066565 secs] 554266K->7219K(2029056K), 0.0067114 secs] [Times: user=0.00 sys=0.00, real=0.01 secs] 
2020-09-29T13:05:38.310+0200: 10.330: [GC (Allocation Failure) 2020-09-29T13:05:38.310+0200: 10.330: [ParNew: 552173K->4128K(613440K), 0.0048877 secs] 552563K->4518K(2029056K), 0.0049485 secs] [Times: user=0.00 sys=0.00, real=0.01 secs] 
2020-09-29T13:05:38.398+0200: 10.418: [GC (Allocation Failure) 2020-09-29T13:05:38.398+0200: 10.418: [ParNew: 549472K->72K(613440K), 0.0023344 secs] 549862K->462K(2029056K), 0.0023848 secs] [Times: user=0.00 sys=0.00, real=0.00 secs] 
2020-09-29T13:05:38.481+0200: 10.501: [GC (Allocation Failure) 2020-09-29T13:05:38.481+0200: 10.501: [ParNew: 545416K->12083K(613440K), 0.0114035 secs] 545806K->12473K(2029056K), 0.0115170 secs] [Times: user=0.13 sys=0.00, real=0.01 secs] 
2020-09-29T13:05:38.572+0200: 10.592: [GC (Allocation Failure) 2020-09-29T13:05:38.572+0200: 10.592: [ParNew: 557427K->16171K(613440K), 0.0110399 secs] 557817K->16561K(2029056K), 0.0111163 secs] [Times: user=0.00 sys=0.00, real=0.01 secs] 
2020-09-29T13:05:38.668+0200: 10.688: [GC (Allocation Failure) 2020-09-29T13:05:38.668+0200: 10.688: [ParNew: 561515K->12048K(613440K), 0.0089997 secs] 561905K->12438K(2029056K), 0.0090535 secs] [Times: user=0.00 sys=0.00, real=0.01 secs] 
2020-09-29T13:05:38.757+0200: 10.777: [GC (Allocation Failure) 2020-09-29T13:05:38.757+0200: 10.777: [ParNew: 557392K->8017K(613440K), 0.0075052 secs] 557782K->8407K(2029056K), 0.0075618 secs] [Times: user=0.00 sys=0.00, real=0.01 secs] 
2020-09-29T13:05:38.845+0200: 10.865: [GC (Allocation Failure) 2020-09-29T13:05:38.845+0200: 10.865: [ParNew: 553361K->6734K(613440K), 0.0063932 secs] 553751K->7124K(2029056K), 0.0064697 secs] [Times: user=0.13 sys=0.00, real=0.01 secs] 
2020-09-29T13:05:38.951+0200: 10.971: [GC (Allocation Failure) 2020-09-29T13:05:38.951+0200: 10.971: [ParNew: 550178K->273K(613440K), 0.0014861 secs] 550569K->664K(2029056K), 0.0015407 secs] [Times: user=0.00 sys=0.00, real=0.00 secs] 
2020-09-29T13:05:39.031+0200: 11.051: [GC (Allocation Failure) 2020-09-29T13:05:39.031+0200: 11.051: [ParNew: 545617K->12157K(613440K), 0.0108961 secs] 546008K->12547K(2029056K), 0.0128221 secs] [Times: user=0.13 sys=0.00, real=0.01 secs] 
2020-09-29T13:05:39.130+0200: 11.150: [GC (Allocation Failure) 2020-09-29T13:05:39.130+0200: 11.150: [ParNew: 557501K->16240K(613440K), 0.0111636 secs] 557891K->16630K(2029056K), 0.0112202 secs] [Times: user=0.00 sys=0.00, real=0.01 secs] 
2020-09-29T13:05:39.226+0200: 11.246: [GC (Allocation Failure) 2020-09-29T13:05:39.226+0200: 11.246: [ParNew: 561584K->12063K(613440K), 0.0091748 secs] 561974K->12454K(2029056K), 0.0092306 secs] [Times: user=0.00 sys=0.00, real=0.01 secs] 
2020-09-29T13:05:39.317+0200: 11.337: [GC (Allocation Failure) 2020-09-29T13:05:39.317+0200: 11.337: [ParNew: 557407K->8264K(613440K), 0.0083357 secs] 557798K->8654K(2029056K), 0.0083921 secs] [Times: user=0.00 sys=0.00, real=0.01 secs] 
2020-09-29T13:05:39.409+0200: 11.429: [GC (Allocation Failure) 2020-09-29T13:05:39.409+0200: 11.429: [ParNew: 553608K->7375K(613440K), 0.0074512 secs] 553998K->7765K(2029056K), 0.0075063 secs] [Times: user=0.13 sys=0.00, real=0.01 secs] 
2020-09-29T13:05:39.493+0200: 11.513: [GC (Allocation Failure) 2020-09-29T13:05:39.493+0200: 11.513: [ParNew: 552719K->5828K(613440K), 0.0060346 secs] 553109K->6219K(2029056K), 0.0060886 secs] [Times: user=0.00 sys=0.00, real=0.01 secs] 
2020-09-29T13:05:39.576+0200: 11.596: [GC (Allocation Failure) 2020-09-29T13:05:39.576+0200: 11.596: [ParNew: 551172K->168K(613440K), 0.0015273 secs] 551563K->558K(2029056K), 0.0015790 secs] [Times: user=0.00 sys=0.00, real=0.00 secs] 
2020-09-29T13:05:39.661+0200: 11.681: [GC (Allocation Failure) 2020-09-29T13:05:39.661+0200: 11.681: [ParNew: 545512K->12331K(613440K), 0.0109365 secs] 545902K->12721K(2029056K), 0.0110014 secs] [Times: user=0.00 sys=0.00, real=0.01 secs] 
2020-09-29T13:05:39.752+0200: 11.772: [GC (Allocation Failure) 2020-09-29T13:05:39.752+0200: 11.772: [ParNew: 557675K->16434K(613440K), 0.0102735 secs] 558065K->16824K(2029056K), 0.0103278 secs] [Times: user=0.13 sys=0.00, real=0.01 secs] 
2020-09-29T13:05:39.860+0200: 11.880: [GC (Allocation Failure) 2020-09-29T13:05:39.860+0200: 11.880: [ParNew: 561778K->11490K(613440K), 0.0127234 secs] 562168K->11881K(2029056K), 0.0127850 secs] [Times: user=0.11 sys=0.00, real=0.01 secs] 
2020-09-29T13:05:39.963+0200: 11.983: [GC (Allocation Failure) 2020-09-29T13:05:39.963+0200: 11.983: [ParNew: 556834K->8156K(613440K), 0.0076999 secs] 557225K->8547K(2029056K), 0.0077639 secs] [Times: user=0.00 sys=0.00, real=0.01 secs] 
2020-09-29T13:05:40.050+0200: 12.070: [GC (Allocation Failure) 2020-09-29T13:05:40.050+0200: 12.070: [ParNew: 553500K->7129K(613440K), 0.0065183 secs] 553891K->7520K(2029056K), 0.0065721 secs] [Times: user=0.13 sys=0.00, real=0.01 secs] 
2020-09-29T13:05:40.135+0200: 12.155: [GC (Allocation Failure) 2020-09-29T13:05:40.135+0200: 12.155: [ParNew: 552473K->4294K(613440K), 0.0052327 secs] 552864K->4684K(2029056K), 0.0052865 secs] [Times: user=0.00 sys=0.00, real=0.01 secs] 
2020-09-29T13:05:40.218+0200: 12.238: [GC (Allocation Failure) 2020-09-29T13:05:40.218+0200: 12.238: [ParNew: 549638K->90K(613440K), 0.0017638 secs] 550028K->480K(2029056K), 0.0018153 secs] [Times: user=0.00 sys=0.00, real=0.00 secs] 
2020-09-29T13:05:40.297+0200: 12.317: [GC (Allocation Failure) 2020-09-29T13:05:40.297+0200: 12.317: [ParNew: 545434K->11779K(613440K), 0.0110508 secs] 545824K->12169K(2029056K), 0.0111059 secs] [Times: user=0.13 sys=0.00, real=0.01 secs] 
2020-09-29T13:05:40.385+0200: 12.405: [GC (Allocation Failure) 2020-09-29T13:05:40.385+0200: 12.405: [ParNew: 557123K->14801K(613440K), 0.0098704 secs] 557513K->15192K(2029056K), 0.0099696 secs] [Times: user=0.00 sys=0.00, real=0.01 secs] 
2020-09-29T13:05:40.483+0200: 12.503: [GC (Allocation Failure) 2020-09-29T13:05:40.483+0200: 12.503: [ParNew: 560145K->9775K(613440K), 0.0088765 secs] 560536K->10165K(2029056K), 0.0089707 secs] [Times: user=0.13 sys=0.00, real=0.01 secs] 
2020-09-29T13:05:40.570+0200: 12.590: [GC (Allocation Failure) 2020-09-29T13:05:40.570+0200: 12.590: [ParNew: 555119K->7826K(613440K), 0.0079747 secs] 555509K->8216K(2029056K), 0.0080299 secs] [Times: user=0.00 sys=0.00, real=0.01 secs] 
2020-09-29T13:05:40.660+0200: 12.680: [GC (Allocation Failure) 2020-09-29T13:05:40.660+0200: 12.680: [ParNew: 553170K->7224K(613440K), 0.0068794 secs] 553560K->7615K(2029056K), 0.0069394 secs] [Times: user=0.13 sys=0.00, real=0.01 secs] 
2020-09-29T13:05:40.743+0200: 12.763: [GC (Allocation Failure) 2020-09-29T13:05:40.743+0200: 12.763: [ParNew: 552568K->4425K(613440K), 0.0056947 secs] 552959K->4815K(2029056K), 0.0057477 secs] [Times: user=0.00 sys=0.00, real=0.01 secs] 
2020-09-29T13:05:40.827+0200: 12.847: [GC (Allocation Failure) 2020-09-29T13:05:40.827+0200: 12.847: [ParNew: 549769K->222K(613440K), 0.0019663 secs] 550159K->612K(2029056K), 0.0020181 secs] [Times: user=0.00 sys=0.00, real=0.00 secs] 
2020-09-29T13:05:40.913+0200: 12.933: [GC (Allocation Failure) 2020-09-29T13:05:40.913+0200: 12.933: [ParNew: 545566K->12334K(613440K), 0.0106974 secs] 545956K->12724K(2029056K), 0.0107816 secs] [Times: user=0.00 sys=0.00, real=0.01 secs] 
2020-09-29T13:05:41.001+0200: 13.021: [GC (Allocation Failure) 2020-09-29T13:05:41.001+0200: 13.021: [ParNew: 557678K->15462K(613440K), 0.0096273 secs] 558068K->15852K(2029056K), 0.0097097 secs] [Times: user=0.13 sys=0.00, real=0.01 secs] 
2020-09-29T13:05:41.086+0200: 13.106: [GC (Allocation Failure) 2020-09-29T13:05:41.086+0200: 13.106: [ParNew: 560806K->9983K(613440K), 0.0086397 secs] 561196K->10373K(2029056K), 0.0086960 secs] [Times: user=0.00 sys=0.00, real=0.01 secs] 
2020-09-29T13:05:41.172+0200: 13.193: [GC (Allocation Failure) 2020-09-29T13:05:41.172+0200: 13.193: [ParNew: 555327K->8531K(613440K), 0.0073928 secs] 555717K->8922K(2029056K), 0.0074503 secs] [Times: user=0.13 sys=0.00, real=0.01 secs] 
2020-09-29T13:05:41.259+0200: 13.279: [GC (Allocation Failure) 2020-09-29T13:05:41.259+0200: 13.279: [ParNew: 553875K->6829K(613440K), 0.0067925 secs] 554266K->7219K(2029056K), 0.0068485 secs] [Times: user=0.00 sys=0.00, real=0.01 secs] 
2020-09-29T13:05:41.345+0200: 13.365: [GC (Allocation Failure) 2020-09-29T13:05:41.345+0200: 13.365: [ParNew: 552173K->4128K(613440K), 0.0051459 secs] 552563K->4518K(2029056K), 0.0052007 secs] [Times: user=0.13 sys=0.00, real=0.00 secs] 
2020-09-29T13:05:41.428+0200: 13.448: [GC (Allocation Failure) 2020-09-29T13:05:41.428+0200: 13.448: [ParNew: 549472K->72K(613440K), 0.0016874 secs] 549862K->462K(2029056K), 0.0017389 secs] [Times: user=0.00 sys=0.00, real=0.00 secs] 
2020-09-29T13:05:41.508+0200: 13.529: [GC (Allocation Failure) 2020-09-29T13:05:41.508+0200: 13.529: [ParNew: 545416K->12119K(613440K), 0.0112096 secs] 545806K->12510K(2029056K), 0.0112663 secs] [Times: user=0.00 sys=0.00, real=0.01 secs] 
2020-09-29T13:05:41.598+0200: 13.618: [GC (Allocation Failure) 2020-09-29T13:05:41.598+0200: 13.618: [ParNew: 557463K->15223K(613440K), 0.0098499 secs] 557854K->15613K(2029056K), 0.0099054 secs] [Times: user=0.00 sys=0.00, real=0.01 secs] 
2020-09-29T13:05:41.685+0200: 13.705: [GC (Allocation Failure) 2020-09-29T13:05:41.685+0200: 13.705: [ParNew: 560567K->10152K(613440K), 0.0088890 secs] 560957K->10542K(2029056K), 0.0089367 secs] [Times: user=0.13 sys=0.00, real=0.01 secs] 
2020-09-29T13:05:41.778+0200: 13.798: [GC (Allocation Failure) 2020-09-29T13:05:41.778+0200: 13.798: [ParNew: 555496K->8805K(613440K), 0.0077970 secs] 555886K->9195K(2029056K), 0.0078539 secs] [Times: user=0.00 sys=0.00, real=0.01 secs] 
2020-09-29T13:05:41.866+0200: 13.886: [GC (Allocation Failure) 2020-09-29T13:05:41.866+0200: 13.886: [ParNew: 554149K->6931K(613440K), 0.0066702 secs] 554539K->7321K(2029056K), 0.0067262 secs] [Times: user=0.00 sys=0.00, real=0.01 secs] 
2020-09-29T13:05:41.956+0200: 13.976: [GC (Allocation Failure) 2020-09-29T13:05:41.956+0200: 13.976: [ParNew: 550375K->280K(613440K), 0.0015391 secs] 550766K->670K(2029056K), 0.0015954 secs] [Times: user=0.13 sys=0.00, real=0.00 secs] 
2020-09-29T13:05:42.039+0200: 14.058: [GC (Allocation Failure) 2020-09-29T13:05:42.039+0200: 14.058: [ParNew: 545624K->12246K(613440K), 0.0109452 secs] 546014K->12636K(2029056K), 0.0109996 secs] [Times: user=0.00 sys=0.00, real=0.01 secs] 
2020-09-29T13:05:42.132+0200: 14.151: [GC (Allocation Failure) 2020-09-29T13:05:42.132+0200: 14.151: [ParNew: 557590K->15293K(613440K), 0.0110626 secs] 557980K->15683K(2029056K), 0.0111176 secs] [Times: user=0.00 sys=0.00, real=0.01 secs] 
2020-09-29T13:05:42.222+0200: 14.242: [GC (Allocation Failure) 2020-09-29T13:05:42.222+0200: 14.242: [ParNew: 560637K->10159K(613440K), 0.0089127 secs] 561027K->10549K(2029056K), 0.0089680 secs] [Times: user=0.13 sys=0.00, real=0.01 secs] 
2020-09-29T13:05:42.312+0200: 14.331: [GC (Allocation Failure) 2020-09-29T13:05:42.312+0200: 14.331: [ParNew: 555503K->9052K(613440K), 0.0084027 secs] 555893K->9442K(2029056K), 0.0084579 secs] [Times: user=0.13 sys=0.00, real=0.01 secs] 
2020-09-29T13:05:42.400+0200: 14.419: [GC (Allocation Failure) 2020-09-29T13:05:42.400+0200: 14.420: [ParNew: 554396K->7572K(613440K), 0.0070505 secs] 554786K->7962K(2029056K), 0.0071061 secs] [Times: user=0.00 sys=0.00, real=0.01 secs] 
2020-09-29T13:05:42.486+0200: 14.506: [GC (Allocation Failure) 2020-09-29T13:05:42.486+0200: 14.506: [ParNew: 552916K->4618K(613440K), 0.0060118 secs] 553306K->5008K(2029056K), 0.0060660 secs] [Times: user=0.13 sys=0.00, real=0.01 secs] 
2020-09-29T13:05:42.571+0200: 14.591: [GC (Allocation Failure) 2020-09-29T13:05:42.571+0200: 14.591: [ParNew: 549962K->154K(613440K), 0.0019884 secs] 550352K->544K(2029056K), 0.0020450 secs] [Times: user=0.00 sys=0.00, real=0.00 secs] 
2020-09-29T13:05:42.650+0200: 14.670: [GC (Allocation Failure) 2020-09-29T13:05:42.650+0200: 14.670: [ParNew: 545498K->12282K(613440K), 0.0111316 secs] 545888K->12672K(2029056K), 0.0111860 secs] [Times: user=0.13 sys=0.00, real=0.01 secs] 
2020-09-29T13:05:42.740+0200: 14.760: [GC (Allocation Failure) 2020-09-29T13:05:42.740+0200: 14.760: [ParNew: 557626K->15456K(613440K), 0.0101664 secs] 558016K->15846K(2029056K), 0.0102201 secs] [Times: user=0.00 sys=0.00, real=0.01 secs] 
2020-09-29T13:05:42.832+0200: 14.852: [GC (Allocation Failure) 2020-09-29T13:05:42.832+0200: 14.852: [ParNew: 560800K->10194K(613440K), 0.0090838 secs] 561190K->10584K(2029056K), 0.0091546 secs] [Times: user=0.02 sys=0.00, real=0.01 secs] 
2020-09-29T13:05:42.922+0200: 14.943: [GC (Allocation Failure) 2020-09-29T13:05:42.922+0200: 14.943: [ParNew: 555538K->8945K(613440K), 0.0075442 secs] 555928K->9335K(2029056K), 0.0075993 secs] [Times: user=0.13 sys=0.00, real=0.01 secs] 
2020-09-29T13:05:43.006+0200: 15.026: [GC (Allocation Failure) 2020-09-29T13:05:43.006+0200: 15.026: [ParNew: 554289K->7327K(613440K), 0.0066815 secs] 554679K->7717K(2029056K), 0.0067527 secs] [Times: user=0.00 sys=0.00, real=0.01 secs] 
2020-09-29T13:05:43.088+0200: 15.109: [GC (Allocation Failure) 2020-09-29T13:05:43.088+0200: 15.109: [ParNew: 552671K->4343K(613440K), 0.0052529 secs] 553061K->4734K(2029056K), 0.0053077 secs] [Times: user=0.00 sys=0.00, real=0.01 secs] 
2020-09-29T13:05:43.170+0200: 15.191: [GC (Allocation Failure) 2020-09-29T13:05:43.170+0200: 15.191: [ParNew: 549687K->92K(613440K), 0.0015402 secs] 550078K->482K(2029056K), 0.0015936 secs] [Times: user=0.00 sys=0.00, real=0.00 secs] 
2020-09-29T13:05:43.249+0200: 15.269: [GC (Allocation Failure) 2020-09-29T13:05:43.249+0200: 15.269: [ParNew: 545436K->11807K(613440K), 0.0105932 secs] 545826K->12197K(2029056K), 0.0106653 secs] [Times: user=0.13 sys=0.00, real=0.01 secs] 
2020-09-29T13:05:43.341+0200: 15.360: [GC (Allocation Failure) 2020-09-29T13:05:43.341+0200: 15.360: [ParNew: 557151K->14803K(613440K), 0.0100033 secs] 557541K->15193K(2029056K), 0.0100576 secs] [Times: user=0.13 sys=0.00, real=0.01 secs] 
2020-09-29T13:05:43.430+0200: 15.449: [GC (Allocation Failure) 2020-09-29T13:05:43.430+0200: 15.449: [ParNew: 560147K->9775K(613440K), 0.0089562 secs] 560537K->10165K(2029056K), 0.0090197 secs] [Times: user=0.00 sys=0.00, real=0.01 secs] 
2020-09-29T13:05:43.518+0200: 15.538: [GC (Allocation Failure) 2020-09-29T13:05:43.518+0200: 15.538: [ParNew: 555119K->8665K(613440K), 0.0078795 secs] 555509K->9055K(2029056K), 0.0079374 secs] [Times: user=0.13 sys=0.00, real=0.01 secs] 
2020-09-29T13:05:43.604+0200: 15.625: [GC (Allocation Failure) 2020-09-29T13:05:43.604+0200: 15.625: [ParNew: 554009K->7224K(613440K), 0.0068768 secs] 554399K->7615K(2029056K), 0.0069483 secs] [Times: user=0.00 sys=0.00, real=0.01 secs] 
2020-09-29T13:05:43.691+0200: 15.711: [GC (Allocation Failure) 2020-09-29T13:05:43.691+0200: 15.711: [ParNew: 552568K->4425K(613440K), 0.0058567 secs] 552959K->4815K(2029056K), 0.0059114 secs] [Times: user=0.11 sys=0.01, real=0.01 secs] 
2020-09-29T13:05:43.774+0200: 15.793: [GC (Allocation Failure) 2020-09-29T13:05:43.774+0200: 15.793: [ParNew: 549769K->222K(613440K), 0.0017870 secs] 550159K->612K(2029056K), 0.0018427 secs] [Times: user=0.00 sys=0.00, real=0.00 secs] 
2020-09-29T13:05:43.853+0200: 15.873: [GC (Allocation Failure) 2020-09-29T13:05:43.853+0200: 15.873: [ParNew: 545566K->12279K(613440K), 0.0109690 secs] 545956K->12669K(2029056K), 0.0110437 secs] [Times: user=0.13 sys=0.00, real=0.01 secs] 
2020-09-29T13:05:43.948+0200: 15.968: [GC (Allocation Failure) 2020-09-29T13:05:43.948+0200: 15.968: [ParNew: 557623K->15462K(613440K), 0.0096500 secs] 558013K->15852K(2029056K), 0.0097195 secs] [Times: user=0.13 sys=0.00, real=0.01 secs] 
2020-09-29T13:05:44.033+0200: 16.053: [GC (Allocation Failure) 2020-09-29T13:05:44.033+0200: 16.053: [ParNew: 560806K->9983K(613440K), 0.0087920 secs] 561196K->10373K(2029056K), 0.0088668 secs] [Times: user=0.13 sys=0.00, real=0.01 secs] 
2020-09-29T13:05:44.119+0200: 16.139: [GC (Allocation Failure) 2020-09-29T13:05:44.119+0200: 16.139: [ParNew: 555327K->8531K(613440K), 0.0076407 secs] 555717K->8922K(2029056K), 0.0076976 secs] [Times: user=0.00 sys=0.00, real=0.01 secs] 
2020-09-29T13:05:44.205+0200: 16.224: [GC (Allocation Failure) 2020-09-29T13:05:44.205+0200: 16.224: [ParNew: 553875K->6829K(613440K), 0.0063384 secs] 554266K->7219K(2029056K), 0.0064397 secs] [Times: user=0.13 sys=0.00, real=0.01 secs] 
2020-09-29T13:05:44.289+0200: 16.309: [GC (Allocation Failure) 2020-09-29T13:05:44.289+0200: 16.309: [ParNew: 552173K->4128K(613440K), 0.0051070 secs] 552563K->4518K(2029056K), 0.0051602 secs] [Times: user=0.00 sys=0.00, real=0.00 secs] 
2020-09-29T13:05:44.373+0200: 16.392: [GC (Allocation Failure) 2020-09-29T13:05:44.373+0200: 16.392: [ParNew: 549472K->72K(613440K), 0.0017761 secs] 549862K->462K(2029056K), 0.0018254 secs] [Times: user=0.00 sys=0.00, real=0.00 secs] 
2020-09-29T13:05:44.454+0200: 16.473: [GC (Allocation Failure) 2020-09-29T13:05:44.454+0200: 16.473: [ParNew: 545416K->12083K(613440K), 0.0114628 secs] 545806K->12473K(2029056K), 0.0115462 secs] [Times: user=0.09 sys=0.00, real=0.01 secs] 
2020-09-29T13:05:44.546+0200: 16.566: [GC (Allocation Failure) 2020-09-29T13:05:44.546+0200: 16.566: [ParNew: 557427K->15223K(613440K), 0.0102689 secs] 557817K->15613K(2029056K), 0.0103257 secs] [Times: user=0.13 sys=0.00, real=0.01 secs] 
2020-09-29T13:05:44.656+0200: 16.675: [GC (Allocation Failure) 2020-09-29T13:05:44.656+0200: 16.675: [ParNew: 560567K->10152K(613440K), 0.0093494 secs] 560957K->10542K(2029056K), 0.0094144 secs] [Times: user=0.13 sys=0.00, real=0.01 secs] 
2020-09-29T13:05:44.745+0200: 16.765: [GC (Allocation Failure) 2020-09-29T13:05:44.745+0200: 16.765: [ParNew: 555496K->8805K(613440K), 0.0076367 secs] 555886K->9195K(2029056K), 0.0077018 secs] [Times: user=0.00 sys=0.00, real=0.01 secs] 
2020-09-29T13:05:44.836+0200: 16.855: [GC (Allocation Failure) 2020-09-29T13:05:44.836+0200: 16.855: [ParNew: 554149K->6931K(613440K), 0.0064767 secs] 554539K->7321K(2029056K), 0.0065324 secs] [Times: user=0.00 sys=0.00, real=0.01 secs] 
2020-09-29T13:05:44.919+0200: 16.940: [GC (Allocation Failure) 2020-09-29T13:05:44.919+0200: 16.940: [ParNew: 550375K->280K(613440K), 0.0013896 secs] 550766K->670K(2029056K), 0.0014424 secs] [Times: user=0.00 sys=0.00, real=0.00 secs] 
2020-09-29T13:05:44.997+0200: 17.016: [GC (Allocation Failure) 2020-09-29T13:05:44.997+0200: 17.016: [ParNew: 545624K->12246K(613440K), 0.0109906 secs] 546014K->12636K(2029056K), 0.0110477 secs] [Times: user=0.13 sys=0.00, real=0.01 secs] 
2020-09-29T13:05:45.083+0200: 17.103: [GC (Allocation Failure) 2020-09-29T13:05:45.083+0200: 17.103: [ParNew: 557590K->15293K(613440K), 0.0101422 secs] 557980K->15683K(2029056K), 0.0102162 secs] [Times: user=0.00 sys=0.00, real=0.01 secs] 
2020-09-29T13:05:45.170+0200: 17.189: [GC (Allocation Failure) 2020-09-29T13:05:45.170+0200: 17.189: [ParNew: 560637K->11185K(613440K), 0.0091375 secs] 561027K->11575K(2029056K), 0.0091936 secs] [Times: user=0.13 sys=0.00, real=0.01 secs] 
2020-09-29T13:05:45.256+0200: 17.276: [GC (Allocation Failure) 2020-09-29T13:05:45.256+0200: 17.276: [ParNew: 556529K->9052K(613440K), 0.0080794 secs] 556919K->9442K(2029056K), 0.0081670 secs] [Times: user=0.00 sys=0.00, real=0.01 secs] 
2020-09-29T13:05:45.342+0200: 17.362: [GC (Allocation Failure) 2020-09-29T13:05:45.342+0200: 17.362: [ParNew: 554396K->7572K(613440K), 0.0069876 secs] 554786K->7962K(2029056K), 0.0070426 secs] [Times: user=0.13 sys=0.00, real=0.01 secs] 
2020-09-29T13:05:45.425+0200: 17.445: [GC (Allocation Failure) 2020-09-29T13:05:45.425+0200: 17.445: [ParNew: 552916K->4618K(613440K), 0.0059288 secs] 553306K->5008K(2029056K), 0.0059834 secs] [Times: user=0.13 sys=0.00, real=0.01 secs] 
2020-09-29T13:05:45.507+0200: 17.526: [GC (Allocation Failure) 2020-09-29T13:05:45.507+0200: 17.526: [ParNew: 549962K->154K(613440K), 0.0016872 secs] 550352K->544K(2029056K), 0.0017386 secs] [Times: user=0.00 sys=0.00, real=0.00 secs] 
2020-09-29T13:05:45.588+0200: 17.608: [GC (Allocation Failure) 2020-09-29T13:05:45.588+0200: 17.608: [ParNew: 545498K->12282K(613440K), 0.0112575 secs] 545888K->12672K(2029056K), 0.0113589 secs] [Times: user=0.11 sys=0.00, real=0.01 secs] 
2020-09-29T13:05:45.675+0200: 17.696: [GC (Allocation Failure) 2020-09-29T13:05:45.675+0200: 17.696: [ParNew: 557626K->15456K(613440K), 0.0098730 secs] 558016K->15846K(2029056K), 0.0099293 secs] [Times: user=0.13 sys=0.00, real=0.01 secs] 
2020-09-29T13:05:45.762+0200: 17.782: [GC (Allocation Failure) 2020-09-29T13:05:45.762+0200: 17.782: [ParNew: 560800K->10194K(613440K), 0.0085902 secs] 561190K->10584K(2029056K), 0.0086706 secs] [Times: user=0.13 sys=0.00, real=0.01 secs] 
2020-09-29T13:05:45.850+0200: 17.870: [GC (Allocation Failure) 2020-09-29T13:05:45.854+0200: 17.874: [ParNew: 555538K->8945K(613440K), 0.0084049 secs] 555928K->9335K(2029056K), 0.0122732 secs] [Times: user=0.00 sys=0.00, real=0.01 secs] 
2020-09-29T13:05:45.944+0200: 17.964: [GC (Allocation Failure) 2020-09-29T13:05:45.944+0200: 17.964: [ParNew: 554289K->7327K(613440K), 0.0064103 secs] 554679K->7717K(2029056K), 0.0064655 secs] [Times: user=0.00 sys=0.00, real=0.01 secs] 
2020-09-29T13:05:46.026+0200: 18.046: [GC (Allocation Failure) 2020-09-29T13:05:46.027+0200: 18.046: [ParNew: 552671K->4343K(613440K), 0.0053708 secs] 553061K->4734K(2029056K), 0.0054270 secs] [Times: user=0.00 sys=0.00, real=0.01 secs] 
2020-09-29T13:05:46.110+0200: 18.130: [GC (Allocation Failure) 2020-09-29T13:05:46.110+0200: 18.130: [ParNew: 549687K->92K(613440K), 0.0017905 secs] 550078K->482K(2029056K), 0.0018423 secs] [Times: user=0.00 sys=0.00, real=0.00 secs] 
2020-09-29T13:05:46.189+0200: 18.209: [GC (Allocation Failure) 2020-09-29T13:05:46.189+0200: 18.209: [ParNew: 545436K->11784K(613440K), 0.0108761 secs] 545826K->12174K(2029056K), 0.0109305 secs] [Times: user=0.13 sys=0.00, real=0.01 secs] 
2020-09-29T13:05:46.276+0200: 18.297: [GC (Allocation Failure) 2020-09-29T13:05:46.277+0200: 18.297: [ParNew: 557128K->15721K(613440K), 0.0098080 secs] 557518K->16111K(2029056K), 0.0098642 secs] [Times: user=0.13 sys=0.00, real=0.01 secs] 
2020-09-29T13:05:46.365+0200: 18.385: [GC (Allocation Failure) 2020-09-29T13:05:46.365+0200: 18.385: [ParNew: 561065K->11610K(613440K), 0.0086896 secs] 561455K->12001K(2029056K), 0.0087491 secs] [Times: user=0.00 sys=0.00, real=0.01 secs] 
2020-09-29T13:05:46.450+0200: 18.471: [GC (Allocation Failure) 2020-09-29T13:05:46.450+0200: 18.471: [ParNew: 556954K->7916K(613440K), 0.0078999 secs] 557345K->8306K(2029056K), 0.0079552 secs] [Times: user=0.13 sys=0.00, real=0.01 secs] 
2020-09-29T13:05:46.536+0200: 18.556: [GC (Allocation Failure) 2020-09-29T13:05:46.536+0200: 18.556: [ParNew: 553260K->7037K(613440K), 0.0067700 secs] 553650K->7427K(2029056K), 0.0068192 secs] [Times: user=0.00 sys=0.00, real=0.01 secs] 
2020-09-29T13:05:46.626+0200: 18.646: [GC (Allocation Failure) 2020-09-29T13:05:46.626+0200: 18.646: [ParNew: 552381K->5533K(613440K), 0.0059436 secs] 552771K->5923K(2029056K), 0.0059990 secs] [Times: user=0.13 sys=0.00, real=0.01 secs] 
2020-09-29T13:05:46.711+0200: 18.732: [GC (Allocation Failure) 2020-09-29T13:05:46.711+0200: 18.732: [ParNew: 550877K->184K(613440K), 0.0018637 secs] 551267K->574K(2029056K), 0.0019144 secs] [Times: user=0.00 sys=0.00, real=0.00 secs] 
2020-09-29T13:05:46.790+0200: 18.811: [GC (Allocation Failure) 2020-09-29T13:05:46.790+0200: 18.811: [ParNew: 545528K->12271K(613440K), 0.0114008 secs] 545918K->12661K(2029056K), 0.0114673 secs] [Times: user=0.08 sys=0.00, real=0.01 secs] 
2020-09-29T13:05:46.878+0200: 18.898: [GC (Allocation Failure) 2020-09-29T13:05:46.878+0200: 18.898: [ParNew: 557615K->15429K(613440K), 0.0097979 secs] 558005K->15819K(2029056K), 0.0098514 secs] [Times: user=0.13 sys=0.00, real=0.01 secs] 
2020-09-29T13:05:46.964+0200: 18.985: [GC (Allocation Failure) 2020-09-29T13:05:46.964+0200: 18.985: [ParNew: 560773K->9978K(613440K), 0.0086354 secs] 561163K->10368K(2029056K), 0.0086898 secs] [Times: user=0.13 sys=0.00, real=0.01 secs] 
2020-09-29T13:05:47.051+0200: 19.071: [GC (Allocation Failure) 2020-09-29T13:05:47.051+0200: 19.071: [ParNew: 555322K->8530K(613440K), 0.0074577 secs] 555712K->8920K(2029056K), 0.0075136 secs] [Times: user=0.00 sys=0.00, real=0.01 secs] 
2020-09-29T13:05:47.134+0200: 19.155: [GC (Allocation Failure) 2020-09-29T13:05:47.134+0200: 19.155: [ParNew: 553874K->6828K(613440K), 0.0064042 secs] 554264K->7218K(2029056K), 0.0064596 secs] [Times: user=0.00 sys=0.00, real=0.01 secs] 
2020-09-29T13:05:47.217+0200: 19.237: [GC (Allocation Failure) 2020-09-29T13:05:47.217+0200: 19.237: [ParNew: 552172K->4128K(613440K), 0.0051069 secs] 552562K->4518K(2029056K), 0.0051599 secs] [Times: user=0.00 sys=0.00, real=0.01 secs] 
2020-09-29T13:05:47.301+0200: 19.320: [GC (Allocation Failure) 2020-09-29T13:05:47.301+0200: 19.320: [ParNew: 549472K->72K(613440K), 0.0017220 secs] 549862K->462K(2029056K), 0.0017768 secs] [Times: user=0.13 sys=0.00, real=0.00 secs] 
2020-09-29T13:05:47.386+0200: 19.405: [GC (Allocation Failure) 2020-09-29T13:05:47.386+0200: 19.405: [ParNew: 545416K->12101K(613440K), 0.0110162 secs] 545806K->12491K(2029056K), 0.0110913 secs] [Times: user=0.13 sys=0.00, real=0.01 secs] 
2020-09-29T13:05:47.473+0200: 19.493: [GC (Allocation Failure) 2020-09-29T13:05:47.473+0200: 19.493: [ParNew: 557445K->15223K(613440K), 0.0097211 secs] 557835K->15613K(2029056K), 0.0098222 secs] [Times: user=0.00 sys=0.00, real=0.01 secs] 
2020-09-29T13:05:47.561+0200: 19.581: [GC (Allocation Failure) 2020-09-29T13:05:47.561+0200: 19.581: [ParNew: 560567K->10152K(613440K), 0.0088341 secs] 560957K->10542K(2029056K), 0.0088954 secs] [Times: user=0.13 sys=0.00, real=0.01 secs] 
2020-09-29T13:05:47.646+0200: 19.666: [GC (Allocation Failure) 2020-09-29T13:05:47.646+0200: 19.666: [ParNew: 555496K->8805K(613440K), 0.0077490 secs] 555886K->9195K(2029056K), 0.0078049 secs] [Times: user=0.00 sys=0.00, real=0.01 secs] 
2020-09-29T13:05:47.734+0200: 19.754: [GC (Allocation Failure) 2020-09-29T13:05:47.734+0200: 19.754: [ParNew: 554149K->6931K(613440K), 0.0065358 secs] 554539K->7321K(2029056K), 0.0065905 secs] [Times: user=0.13 sys=0.00, real=0.01 secs] 
2020-09-29T13:05:47.820+0200: 19.840: [GC (Allocation Failure) 2020-09-29T13:05:47.820+0200: 19.840: [ParNew: 550375K->280K(613440K), 0.0018494 secs] 550766K->670K(2029056K), 0.0019055 secs] [Times: user=0.00 sys=0.00, real=0.00 secs] 
2020-09-29T13:05:47.901+0200: 19.921: [GC (Allocation Failure) 2020-09-29T13:05:47.901+0200: 19.921: [ParNew: 545624K->12176K(613440K), 0.0108813 secs] 546014K->12566K(2029056K), 0.0109360 secs] [Times: user=0.13 sys=0.00, real=0.01 secs] 
2020-09-29T13:05:47.989+0200: 20.009: [GC (Allocation Failure) 2020-09-29T13:05:47.989+0200: 20.009: [ParNew: 557520K->15293K(613440K), 0.0100523 secs] 557910K->15683K(2029056K), 0.0101068 secs] [Times: user=0.00 sys=0.00, real=0.01 secs] 
2020-09-29T13:05:48.075+0200: 20.095: [GC (Allocation Failure) 2020-09-29T13:05:48.075+0200: 20.095: [ParNew: 560637K->10159K(613440K), 0.0089523 secs] 561027K->10549K(2029056K), 0.0090075 secs] [Times: user=0.13 sys=0.00, real=0.01 secs] 
2020-09-29T13:05:48.160+0200: 20.180: [GC (Allocation Failure) 2020-09-29T13:05:48.160+0200: 20.180: [ParNew: 555503K->9052K(613440K), 0.0078992 secs] 555893K->9442K(2029056K), 0.0079535 secs] [Times: user=0.13 sys=0.00, real=0.01 secs] 
2020-09-29T13:05:48.243+0200: 20.263: [GC (Allocation Failure) 2020-09-29T13:05:48.243+0200: 20.263: [ParNew: 554396K->7572K(613440K), 0.0069751 secs] 554786K->7962K(2029056K), 0.0070311 secs] [Times: user=0.00 sys=0.00, real=0.01 secs] 
2020-09-29T13:05:48.328+0200: 20.348: [GC (Allocation Failure) 2020-09-29T13:05:48.328+0200: 20.348: [ParNew: 552916K->4618K(613440K), 0.0057613 secs] 553306K->5008K(2029056K), 0.0058149 secs] [Times: user=0.13 sys=0.00, real=0.00 secs] 
2020-09-29T13:05:48.409+0200: 20.429: [GC (Allocation Failure) 2020-09-29T13:05:48.409+0200: 20.429: [ParNew: 549962K->154K(613440K), 0.0019380 secs] 550352K->544K(2029056K), 0.0019881 secs] [Times: user=0.13 sys=0.00, real=0.00 secs] 
2020-09-29T13:05:48.486+0200: 20.506: [GC (Allocation Failure) 2020-09-29T13:05:48.486+0200: 20.506: [ParNew: 545498K->12282K(613440K), 0.0109838 secs] 545888K->12672K(2029056K), 0.0110390 secs] [Times: user=0.13 sys=0.00, real=0.01 secs] 
2020-09-29T13:05:48.576+0200: 20.596: [GC (Allocation Failure) 2020-09-29T13:05:48.583+0200: 20.603: [ParNew: 557626K->15456K(613440K), 0.0103396 secs] 558016K->15846K(2029056K), 0.0176669 secs] [Times: user=0.00 sys=0.00, real=0.02 secs] 
2020-09-29T13:05:48.669+0200: 20.689: [GC (Allocation Failure) 2020-09-29T13:05:48.669+0200: 20.689: [ParNew: 560800K->10194K(613440K), 0.0087460 secs] 561190K->10584K(2029056K), 0.0088025 secs] [Times: user=0.13 sys=0.00, real=0.01 secs] 
2020-09-29T13:05:48.757+0200: 20.777: [GC (Allocation Failure) 2020-09-29T13:05:48.757+0200: 20.777: [ParNew: 555538K->8945K(613440K), 0.0080969 secs] 555928K->9335K(2029056K), 0.0081532 secs] [Times: user=0.00 sys=0.00, real=0.01 secs] 
2020-09-29T13:05:48.844+0200: 20.865: [GC (Allocation Failure) 2020-09-29T13:05:48.844+0200: 20.865: [ParNew: 554289K->7327K(613440K), 0.0066298 secs] 554679K->7717K(2029056K), 0.0066863 secs] [Times: user=0.13 sys=0.00, real=0.01 secs] 
2020-09-29T13:05:48.929+0200: 20.950: [GC (Allocation Failure) 2020-09-29T13:05:48.929+0200: 20.950: [ParNew: 552671K->4045K(613440K), 0.0052029 secs] 553061K->4435K(2029056K), 0.0052978 secs] [Times: user=0.00 sys=0.00, real=0.01 secs] 
2020-09-29T13:05:49.011+0200: 21.031: [GC (Allocation Failure) 2020-09-29T13:05:49.011+0200: 21.031: [ParNew: 549389K->92K(613440K), 0.0017480 secs] 549779K->482K(2029056K), 0.0018026 secs] [Times: user=0.00 sys=0.00, real=0.00 secs] 
2020-09-29T13:05:49.088+0200: 21.108: [GC (Allocation Failure) 2020-09-29T13:05:49.088+0200: 21.108: [ParNew: 545436K->11784K(613440K), 0.0108957 secs] 545826K->12174K(2029056K), 0.0109514 secs] [Times: user=0.13 sys=0.00, real=0.01 secs] 
2020-09-29T13:05:49.177+0200: 21.197: [GC (Allocation Failure) 2020-09-29T13:05:49.177+0200: 21.197: [ParNew: 557128K->15721K(613440K), 0.0102426 secs] 557518K->16111K(2029056K), 0.0103141 secs] [Times: user=0.00 sys=0.00, real=0.01 secs] 
2020-09-29T13:05:49.262+0200: 21.283: [GC (Allocation Failure) 2020-09-29T13:05:49.262+0200: 21.283: [ParNew: 561065K->11610K(613440K), 0.0091248 secs] 561455K->12001K(2029056K), 0.0091805 secs] [Times: user=0.13 sys=0.00, real=0.01 secs] 
2020-09-29T13:05:49.350+0200: 21.370: [GC (Allocation Failure) 2020-09-29T13:05:49.350+0200: 21.370: [ParNew: 556954K->7916K(613440K), 0.0075902 secs] 557345K->8306K(2029056K), 0.0076633 secs] [Times: user=0.00 sys=0.00, real=0.01 secs] 
2020-09-29T13:05:49.437+0200: 21.458: [GC (Allocation Failure) 2020-09-29T13:05:49.437+0200: 21.458: [ParNew: 553260K->7037K(613440K), 0.0067792 secs] 553650K->7427K(2029056K), 0.0068331 secs] [Times: user=0.13 sys=0.00, real=0.01 secs] 
2020-09-29T13:05:49.523+0200: 21.544: [GC (Allocation Failure) 2020-09-29T13:05:49.523+0200: 21.544: [ParNew: 552381K->5533K(613440K), 0.0060855 secs] 552771K->5923K(2029056K), 0.0061586 secs] [Times: user=0.00 sys=0.00, real=0.01 secs] 
2020-09-29T13:05:49.613+0200: 21.634: [GC (Allocation Failure) 2020-09-29T13:05:49.613+0200: 21.634: [ParNew: 550877K->184K(613440K), 0.0019261 secs] 551267K->574K(2029056K), 0.0019816 secs] [Times: user=0.02 sys=0.02, real=0.00 secs] 
2020-09-29T13:05:49.696+0200: 21.717: [GC (Allocation Failure) 2020-09-29T13:05:49.696+0200: 21.717: [ParNew: 545528K->12271K(613440K), 0.0113046 secs] 545918K->12661K(2029056K), 0.0113739 secs] [Times: user=0.13 sys=0.00, real=0.01 secs] 
2020-09-29T13:05:49.787+0200: 21.807: [GC (Allocation Failure) 2020-09-29T13:05:49.787+0200: 21.807: [ParNew: 557615K->14466K(613440K), 0.0101218 secs] 558005K->14857K(2029056K), 0.0101774 secs] [Times: user=0.00 sys=0.00, real=0.01 secs] 
2020-09-29T13:05:49.876+0200: 21.896: [GC (Allocation Failure) 2020-09-29T13:05:49.876+0200: 21.896: [ParNew: 559810K->9978K(613440K), 0.0087857 secs] 560201K->10368K(2029056K), 0.0088515 secs] [Times: user=0.09 sys=0.00, real=0.01 secs] 
2020-09-29T13:05:49.973+0200: 21.993: [GC (Allocation Failure) 2020-09-29T13:05:49.973+0200: 21.993: [ParNew: 555322K->8530K(613440K), 0.0073667 secs] 555712K->8920K(2029056K), 0.0074243 secs] [Times: user=0.00 sys=0.00, real=0.01 secs] 
2020-09-29T13:05:50.063+0200: 22.083: [GC (Allocation Failure) 2020-09-29T13:05:50.063+0200: 22.083: [ParNew: 553874K->6828K(613440K), 0.0070802 secs] 554264K->7218K(2029056K), 0.0071518 secs] [Times: user=0.13 sys=0.00, real=0.01 secs] 
2020-09-29T13:05:50.162+0200: 22.183: [GC (Allocation Failure) 2020-09-29T13:05:50.162+0200: 22.183: [ParNew: 552172K->4128K(613440K), 0.0058194 secs] 552562K->4518K(2029056K), 0.0058778 secs] [Times: user=0.00 sys=0.00, real=0.01 secs] 
2020-09-29T13:05:50.249+0200: 22.269: [GC (Allocation Failure) 2020-09-29T13:05:50.249+0200: 22.269: [ParNew: 549472K->72K(613440K), 0.0017311 secs] 549862K->462K(2029056K), 0.0017810 secs] [Times: user=0.00 sys=0.00, real=0.00 secs] 
2020-09-29T13:05:50.330+0200: 22.350: [GC (Allocation Failure) 2020-09-29T13:05:50.330+0200: 22.350: [ParNew: 545416K->12119K(613440K), 0.0111327 secs] 545806K->12510K(2029056K), 0.0112070 secs] [Times: user=0.13 sys=0.00, real=0.01 secs] 
Heap
 par new generation   total 613440K, used 546028K [0x0000000080000000, 0x00000000a9990000, 0x00000000a9990000)
  eden space 545344K,  97% used [0x0000000080000000, 0x00000000a0965330, 0x00000000a1490000)
  from space 68096K,  17% used [0x00000000a1490000, 0x00000000a2065fd0, 0x00000000a5710000)
  to   space 68096K,   0% used [0x00000000a5710000, 0x00000000a5710000, 0x00000000a9990000)
 concurrent mark-sweep generation total 1415616K, used 390K [0x00000000a9990000, 0x0000000100000000, 0x0000000100000000)
 Metaspace       used 2594K, capacity 4486K, committed 4864K, reserved 1056768K
  class space    used 285K, capacity 386K, committed 512K, reserved 1048576K
