Java HotSpot(TM) 64-Bit Server VM (25.261-b12) for windows-amd64 JRE (1.8.0_261-b12), built on Jun 18 2020 06:56:32 by "" with unknown MS VC++:1916
Memory: 4k page, physical 16659684k(8944972k free), swap 23213284k(7907100k free)
CommandLine flags: -XX:InitialHeapSize=2147483648 -XX:MaxHeapSize=2147483648 -XX:MaxNewSize=697933824 -XX:MaxTenuringThreshold=6 -XX:NewSize=697933824 -XX:OldPLABSize=16 -XX:OldSize=1395867648 -XX:+PrintGC -XX:+PrintGCDateStamps -XX:+PrintGCDetails -XX:+PrintGCTimeStamps -XX:+UseCompressedClassPointers -XX:+UseCompressedOops -XX:+UseConcMarkSweepGC -XX:-UseLargePagesIndividualAllocation -XX:+UseParNewGC 
2020-09-29T13:05:51.092+0200: 0.412: [GC (Allocation Failure) 2020-09-29T13:05:51.092+0200: 0.412: [ParNew: 545344K->4406K(613440K), 0.0170187 secs] 545344K->4406K(2029056K), 0.0171549 secs] [Times: user=0.00 sys=0.00, real=0.02 secs] 
2020-09-29T13:05:51.201+0200: 0.521: [GC (Allocation Failure) 2020-09-29T13:05:51.201+0200: 0.521: [ParNew: 549750K->4589K(613440K), 0.0061505 secs] 549750K->4589K(2029056K), 0.0062058 secs] [Times: user=0.02 sys=0.00, real=0.01 secs] 
2020-09-29T13:05:51.286+0200: 0.606: [GC (Allocation Failure) 2020-09-29T13:05:51.286+0200: 0.606: [ParNew: 549933K->970K(613440K), 0.0018243 secs] 549933K->970K(2029056K), 0.0018765 secs] [Times: user=0.00 sys=0.00, real=0.00 secs] 
2020-09-29T13:05:51.367+0200: 0.688: [GC (Allocation Failure) 2020-09-29T13:05:51.367+0200: 0.688: [ParNew: 546314K->12647K(613440K), 0.0124612 secs] 546314K->12647K(2029056K), 0.0125195 secs] [Times: user=0.11 sys=0.02, real=0.01 secs] 
2020-09-29T13:05:51.466+0200: 0.786: [GC (Allocation Failure) 2020-09-29T13:05:51.466+0200: 0.786: [ParNew: 557991K->15832K(613440K), 0.0126043 secs] 557991K->15832K(2029056K), 0.0126655 secs] [Times: user=0.13 sys=0.00, real=0.01 secs] 
2020-09-29T13:05:51.564+0200: 0.884: [GC (Allocation Failure) 2020-09-29T13:05:51.564+0200: 0.885: [ParNew: 561176K->11761K(613440K), 0.0087895 secs] 561176K->11761K(2029056K), 0.0088624 secs] [Times: user=0.13 sys=0.00, real=0.01 secs] 
2020-09-29T13:05:51.663+0200: 0.983: [GC (Allocation Failure) 2020-09-29T13:05:51.663+0200: 0.983: [ParNew: 557105K->9593K(613440K), 0.0094595 secs] 557105K->9983K(2029056K), 0.0095148 secs] [Times: user=0.00 sys=0.00, real=0.01 secs] 
2020-09-29T13:05:51.751+0200: 1.072: [GC (Allocation Failure) 2020-09-29T13:05:51.751+0200: 1.072: [ParNew: 554937K->7664K(613440K), 0.0065890 secs] 555327K->8054K(2029056K), 0.0066424 secs] [Times: user=0.13 sys=0.00, real=0.01 secs] 
2020-09-29T13:05:51.837+0200: 1.158: [GC (Allocation Failure) 2020-09-29T13:05:51.837+0200: 1.158: [ParNew: 553008K->4628K(613440K), 0.0058273 secs] 553398K->5018K(2029056K), 0.0058833 secs] [Times: user=0.00 sys=0.00, real=0.01 secs] 
2020-09-29T13:05:51.921+0200: 1.242: [GC (Allocation Failure) 2020-09-29T13:05:51.921+0200: 1.242: [ParNew: 549972K->147K(613440K), 0.0017571 secs] 550362K->537K(2029056K), 0.0018080 secs] [Times: user=0.00 sys=0.00, real=0.00 secs] 
2020-09-29T13:05:52.000+0200: 1.320: [GC (Allocation Failure) 2020-09-29T13:05:52.000+0200: 1.320: [ParNew: 545491K->12226K(613440K), 0.0108672 secs] 545881K->12616K(2029056K), 0.0109225 secs] [Times: user=0.13 sys=0.00, real=0.01 secs] 
2020-09-29T13:05:52.088+0200: 1.408: [GC (Allocation Failure) 2020-09-29T13:05:52.088+0200: 1.408: [ParNew: 557570K->16331K(613440K), 0.0097694 secs] 557960K->16722K(2029056K), 0.0098271 secs] [Times: user=0.00 sys=0.00, real=0.01 secs] 
2020-09-29T13:05:52.175+0200: 1.495: [GC (Allocation Failure) 2020-09-29T13:05:52.175+0200: 1.495: [ParNew: 561675K->12231K(613440K), 0.0089008 secs] 562066K->12621K(2029056K), 0.0089568 secs] [Times: user=0.13 sys=0.00, real=0.01 secs] 
2020-09-29T13:05:52.260+0200: 1.580: [GC (Allocation Failure) 2020-09-29T13:05:52.260+0200: 1.580: [ParNew: 557575K->8411K(613440K), 0.0078081 secs] 557965K->8801K(2029056K), 0.0079037 secs] [Times: user=0.00 sys=0.00, real=0.01 secs] 
2020-09-29T13:05:52.346+0200: 1.666: [GC (Allocation Failure) 2020-09-29T13:05:52.346+0200: 1.666: [ParNew: 553755K->7464K(613440K), 0.0068071 secs] 554145K->7854K(2029056K), 0.0069113 secs] [Times: user=0.13 sys=0.00, real=0.01 secs] 
2020-09-29T13:05:52.431+0200: 1.752: [GC (Allocation Failure) 2020-09-29T13:05:52.431+0200: 1.752: [ParNew: 552808K->5985K(613440K), 0.0062956 secs] 553198K->6376K(2029056K), 0.0063494 secs] [Times: user=0.00 sys=0.00, real=0.01 secs] 
2020-09-29T13:05:52.514+0200: 1.834: [GC (Allocation Failure) 2020-09-29T13:05:52.514+0200: 1.834: [ParNew: 550697K->220K(613440K), 0.0016903 secs] 551088K->610K(2029056K), 0.0017405 secs] [Times: user=0.00 sys=0.00, real=0.00 secs] 
2020-09-29T13:05:52.596+0200: 1.916: [GC (Allocation Failure) 2020-09-29T13:05:52.596+0200: 1.917: [ParNew: 545564K->12019K(613440K), 0.0119123 secs] 545954K->12409K(2029056K), 0.0119951 secs] [Times: user=0.09 sys=0.00, real=0.01 secs] 
2020-09-29T13:05:52.694+0200: 2.014: [GC (Allocation Failure) 2020-09-29T13:05:52.694+0200: 2.014: [ParNew: 557363K->16923K(613440K), 0.0099505 secs] 557753K->17313K(2029056K), 0.0100130 secs] [Times: user=0.00 sys=0.00, real=0.01 secs] 
2020-09-29T13:05:52.782+0200: 2.102: [GC (Allocation Failure) 2020-09-29T13:05:52.782+0200: 2.102: [ParNew: 562267K->11920K(613440K), 0.0087040 secs] 562657K->12310K(2029056K), 0.0087665 secs] [Times: user=0.13 sys=0.00, real=0.01 secs] 
2020-09-29T13:05:52.870+0200: 2.190: [GC (Allocation Failure) 2020-09-29T13:05:52.870+0200: 2.190: [ParNew: 557264K->8094K(613440K), 0.0080193 secs] 557654K->8484K(2029056K), 0.0080808 secs] [Times: user=0.00 sys=0.00, real=0.01 secs] 
2020-09-29T13:05:52.956+0200: 2.276: [GC (Allocation Failure) 2020-09-29T13:05:52.956+0200: 2.276: [ParNew: 553438K->7105K(613440K), 0.0065290 secs] 553828K->7495K(2029056K), 0.0065796 secs] [Times: user=0.11 sys=0.00, real=0.01 secs] 
2020-09-29T13:05:53.038+0200: 2.358: [GC (Allocation Failure) 2020-09-29T13:05:53.038+0200: 2.358: [ParNew: 552449K->5596K(613440K), 0.0054350 secs] 552839K->5987K(2029056K), 0.0054878 secs] [Times: user=0.00 sys=0.00, real=0.00 secs] 
2020-09-29T13:05:53.119+0200: 2.439: [GC (Allocation Failure) 2020-09-29T13:05:53.119+0200: 2.439: [ParNew: 550940K->151K(613440K), 0.0016712 secs] 551331K->541K(2029056K), 0.0017199 secs] [Times: user=0.00 sys=0.00, real=0.00 secs] 
2020-09-29T13:05:53.196+0200: 2.516: [GC (Allocation Failure) 2020-09-29T13:05:53.196+0200: 2.516: [ParNew: 545495K->12217K(613440K), 0.0107244 secs] 545885K->12607K(2029056K), 0.0107789 secs] [Times: user=0.00 sys=0.00, real=0.01 secs] 
2020-09-29T13:05:53.282+0200: 2.602: [GC (Allocation Failure) 2020-09-29T13:05:53.282+0200: 2.602: [ParNew: 557561K->16336K(613440K), 0.0097168 secs] 557951K->16726K(2029056K), 0.0097838 secs] [Times: user=0.13 sys=0.00, real=0.01 secs] 
2020-09-29T13:05:53.373+0200: 2.693: [GC (Allocation Failure) 2020-09-29T13:05:53.373+0200: 2.693: [ParNew: 561680K->12228K(613440K), 0.0099562 secs] 562070K->12618K(2029056K), 0.0100153 secs] [Times: user=0.13 sys=0.00, real=0.01 secs] 
2020-09-29T13:05:53.463+0200: 2.783: [GC (Allocation Failure) 2020-09-29T13:05:53.463+0200: 2.783: [ParNew: 557572K->8526K(613440K), 0.0080294 secs] 557962K->8916K(2029056K), 0.0080826 secs] [Times: user=0.00 sys=0.00, real=0.01 secs] 
2020-09-29T13:05:53.548+0200: 2.868: [GC (Allocation Failure) 2020-09-29T13:05:53.548+0200: 2.868: [ParNew: 553870K->7605K(613440K), 0.0066058 secs] 554260K->7995K(2029056K), 0.0066927 secs] [Times: user=0.13 sys=0.00, real=0.01 secs] 
2020-09-29T13:05:53.634+0200: 2.954: [GC (Allocation Failure) 2020-09-29T13:05:53.634+0200: 2.954: [ParNew: 552949K->4556K(613440K), 0.0061572 secs] 553339K->4946K(2029056K), 0.0062095 secs] [Times: user=0.00 sys=0.00, real=0.01 secs] 
2020-09-29T13:05:53.723+0200: 3.044: [GC (Allocation Failure) 2020-09-29T13:05:53.723+0200: 3.044: [ParNew: 549900K->138K(613440K), 0.0018840 secs] 550290K->529K(2029056K), 0.0019483 secs] [Times: user=0.00 sys=0.00, real=0.00 secs] 
2020-09-29T13:05:53.806+0200: 3.126: [GC (Allocation Failure) 2020-09-29T13:05:53.806+0200: 3.126: [ParNew: 545482K->12236K(613440K), 0.0111657 secs] 545873K->12627K(2029056K), 0.0112224 secs] [Times: user=0.13 sys=0.00, real=0.01 secs] 
2020-09-29T13:05:53.897+0200: 3.217: [GC (Allocation Failure) 2020-09-29T13:05:53.897+0200: 3.217: [ParNew: 557580K->16341K(613440K), 0.0099802 secs] 557971K->16731K(2029056K), 0.0100362 secs] [Times: user=0.00 sys=0.00, real=0.01 secs] 
2020-09-29T13:05:53.985+0200: 3.305: [GC (Allocation Failure) 2020-09-29T13:05:53.985+0200: 3.305: [ParNew: 561685K->12230K(613440K), 0.0086085 secs] 562075K->12620K(2029056K), 0.0086639 secs] [Times: user=0.13 sys=0.00, real=0.01 secs] 
2020-09-29T13:05:54.069+0200: 3.389: [GC (Allocation Failure) 2020-09-29T13:05:54.069+0200: 3.389: [ParNew: 557574K->8405K(613440K), 0.0075981 secs] 557964K->8796K(2029056K), 0.0076731 secs] [Times: user=0.00 sys=0.00, real=0.01 secs] 
2020-09-29T13:05:54.152+0200: 3.472: [GC (Allocation Failure) 2020-09-29T13:05:54.152+0200: 3.472: [ParNew: 553749K->7436K(613440K), 0.0064141 secs] 554140K->7826K(2029056K), 0.0064846 secs] [Times: user=0.00 sys=0.00, real=0.01 secs] 
2020-09-29T13:05:54.236+0200: 3.556: [GC (Allocation Failure) 2020-09-29T13:05:54.236+0200: 3.556: [ParNew: 552780K->4531K(613440K), 0.0055425 secs] 553170K->4922K(2029056K), 0.0055959 secs] [Times: user=0.13 sys=0.00, real=0.00 secs] 
2020-09-29T13:05:54.318+0200: 3.638: [GC (Allocation Failure) 2020-09-29T13:05:54.318+0200: 3.638: [ParNew: 549875K->136K(613440K), 0.0017319 secs] 550266K->526K(2029056K), 0.0017813 secs] [Times: user=0.00 sys=0.00, real=0.00 secs] 
2020-09-29T13:05:54.398+0200: 3.718: [GC (Allocation Failure) 2020-09-29T13:05:54.398+0200: 3.718: [ParNew: 545480K->12264K(613440K), 0.0109274 secs] 545870K->12654K(2029056K), 0.0109828 secs] [Times: user=0.00 sys=0.00, real=0.01 secs] 
2020-09-29T13:05:54.488+0200: 3.808: [GC (Allocation Failure) 2020-09-29T13:05:54.488+0200: 3.808: [ParNew: 557608K->15384K(613440K), 0.0097577 secs] 557998K->15774K(2029056K), 0.0098120 secs] [Times: user=0.13 sys=0.00, real=0.01 secs] 
2020-09-29T13:05:54.577+0200: 3.898: [GC (Allocation Failure) 2020-09-29T13:05:54.577+0200: 3.898: [ParNew: 560728K->9971K(613440K), 0.0087740 secs] 561118K->10361K(2029056K), 0.0088285 secs] [Times: user=0.11 sys=0.00, real=0.01 secs] 
2020-09-29T13:05:54.666+0200: 3.987: [GC (Allocation Failure) 2020-09-29T13:05:54.667+0200: 3.987: [ParNew: 555315K->8527K(613440K), 0.0073232 secs] 555705K->8918K(2029056K), 0.0073868 secs] [Times: user=0.00 sys=0.00, real=0.01 secs] 
2020-09-29T13:05:54.752+0200: 4.073: [GC (Allocation Failure) 2020-09-29T13:05:54.752+0200: 4.073: [ParNew: 553871K->6827K(613440K), 0.0063319 secs] 554262K->7217K(2029056K), 0.0063874 secs] [Times: user=0.13 sys=0.00, real=0.01 secs] 
2020-09-29T13:05:54.841+0200: 4.162: [GC (Allocation Failure) 2020-09-29T13:05:54.841+0200: 4.162: [ParNew: 552171K->3855K(613440K), 0.0049531 secs] 552561K->4246K(2029056K), 0.0050085 secs] [Times: user=0.00 sys=0.00, real=0.00 secs] 
2020-09-29T13:05:54.929+0200: 4.248: [GC (Allocation Failure) 2020-09-29T13:05:54.929+0200: 4.248: [ParNew: 549199K->72K(613440K), 0.0015484 secs] 549590K->462K(2029056K), 0.0016004 secs] [Times: user=0.00 sys=0.00, real=0.00 secs] 
2020-09-29T13:05:55.008+0200: 4.328: [GC (Allocation Failure) 2020-09-29T13:05:55.008+0200: 4.328: [ParNew: 545416K->12097K(613440K), 0.0108665 secs] 545806K->12487K(2029056K), 0.0109256 secs] [Times: user=0.00 sys=0.00, real=0.01 secs] 
2020-09-29T13:05:55.094+0200: 4.414: [GC (Allocation Failure) 2020-09-29T13:05:55.094+0200: 4.414: [ParNew: 557441K->16170K(613440K), 0.0099732 secs] 557831K->16560K(2029056K), 0.0100286 secs] [Times: user=0.13 sys=0.00, real=0.01 secs] 
2020-09-29T13:05:55.182+0200: 4.502: [GC (Allocation Failure) 2020-09-29T13:05:55.182+0200: 4.502: [ParNew: 561514K->12047K(613440K), 0.0085896 secs] 561904K->12437K(2029056K), 0.0086453 secs] [Times: user=0.00 sys=0.00, real=0.01 secs] 
2020-09-29T13:05:55.269+0200: 4.590: [GC (Allocation Failure) 2020-09-29T13:05:55.269+0200: 4.590: [ParNew: 557391K->8016K(613440K), 0.0075609 secs] 557781K->8406K(2029056K), 0.0076170 secs] [Times: user=0.00 sys=0.00, real=0.01 secs] 
2020-09-29T13:05:55.356+0200: 4.676: [GC (Allocation Failure) 2020-09-29T13:05:55.356+0200: 4.676: [ParNew: 553360K->6733K(613440K), 0.0064381 secs] 553750K->7123K(2029056K), 0.0064963 secs] [Times: user=0.00 sys=0.00, real=0.01 secs] 
2020-09-29T13:05:55.438+0200: 4.758: [GC (Allocation Failure) 2020-09-29T13:05:55.438+0200: 4.758: [ParNew: 550178K->273K(613440K), 0.0017316 secs] 550569K->664K(2029056K), 0.0017809 secs] [Times: user=0.00 sys=0.00, real=0.00 secs] 
2020-09-29T13:05:55.516+0200: 4.837: [GC (Allocation Failure) 2020-09-29T13:05:55.516+0200: 4.837: [ParNew: 545617K->12157K(613440K), 0.0107151 secs] 546008K->12547K(2029056K), 0.0107694 secs] [Times: user=0.13 sys=0.00, real=0.01 secs] 
2020-09-29T13:05:55.604+0200: 4.925: [GC (Allocation Failure) 2020-09-29T13:05:55.605+0200: 4.925: [ParNew: 557501K->16240K(613440K), 0.0096847 secs] 557891K->16630K(2029056K), 0.0097558 secs] [Times: user=0.13 sys=0.00, real=0.01 secs] 
2020-09-29T13:05:55.691+0200: 5.011: [GC (Allocation Failure) 2020-09-29T13:05:55.691+0200: 5.011: [ParNew: 561584K->12063K(613440K), 0.0090746 secs] 561974K->12454K(2029056K), 0.0091312 secs] [Times: user=0.13 sys=0.00, real=0.01 secs] 
2020-09-29T13:05:55.781+0200: 5.102: [GC (Allocation Failure) 2020-09-29T13:05:55.781+0200: 5.102: [ParNew: 557407K->8264K(613440K), 0.0080271 secs] 557798K->8654K(2029056K), 0.0080816 secs] [Times: user=0.13 sys=0.00, real=0.01 secs] 
2020-09-29T13:05:55.875+0200: 5.195: [GC (Allocation Failure) 2020-09-29T13:05:55.875+0200: 5.195: [ParNew: 553608K->7375K(613440K), 0.0074113 secs] 553998K->7765K(2029056K), 0.0074642 secs] [Times: user=0.13 sys=0.00, real=0.01 secs] 
2020-09-29T13:05:55.973+0200: 5.294: [GC (Allocation Failure) 2020-09-29T13:05:55.973+0200: 5.294: [ParNew: 552719K->5828K(613440K), 0.0058058 secs] 553109K->6219K(2029056K), 0.0058575 secs] [Times: user=0.00 sys=0.00, real=0.01 secs] 
2020-09-29T13:05:56.055+0200: 5.376: [GC (Allocation Failure) 2020-09-29T13:05:56.055+0200: 5.376: [ParNew: 551172K->168K(613440K), 0.0016323 secs] 551563K->558K(2029056K), 0.0016802 secs] [Times: user=0.00 sys=0.00, real=0.00 secs] 
2020-09-29T13:05:56.134+0200: 5.455: [GC (Allocation Failure) 2020-09-29T13:05:56.134+0200: 5.455: [ParNew: 545512K->12331K(613440K), 0.0108219 secs] 545902K->12721K(2029056K), 0.0108761 secs] [Times: user=0.13 sys=0.00, real=0.01 secs] 
2020-09-29T13:05:56.222+0200: 5.543: [GC (Allocation Failure) 2020-09-29T13:05:56.222+0200: 5.543: [ParNew: 557675K->16434K(613440K), 0.0096202 secs] 558065K->16824K(2029056K), 0.0097101 secs] [Times: user=0.13 sys=0.00, real=0.01 secs] 
2020-09-29T13:05:56.315+0200: 5.636: [GC (Allocation Failure) 2020-09-29T13:05:56.315+0200: 5.636: [ParNew: 561778K->12126K(613440K), 0.0091285 secs] 562168K->12516K(2029056K), 0.0091901 secs] [Times: user=0.13 sys=0.00, real=0.01 secs] 
2020-09-29T13:05:56.404+0200: 5.724: [GC (Allocation Failure) 2020-09-29T13:05:56.404+0200: 5.724: [ParNew: 557470K->8156K(613440K), 0.0075333 secs] 557860K->8547K(2029056K), 0.0075907 secs] [Times: user=0.13 sys=0.00, real=0.01 secs] 
2020-09-29T13:05:56.490+0200: 5.811: [GC (Allocation Failure) 2020-09-29T13:05:56.490+0200: 5.811: [ParNew: 553500K->7129K(613440K), 0.0064883 secs] 553891K->7520K(2029056K), 0.0065426 secs] [Times: user=0.00 sys=0.00, real=0.01 secs] 
2020-09-29T13:05:56.575+0200: 5.895: [GC (Allocation Failure) 2020-09-29T13:05:56.575+0200: 5.895: [ParNew: 552473K->4002K(613440K), 0.0050376 secs] 552864K->4392K(2029056K), 0.0050947 secs] [Times: user=0.00 sys=0.00, real=0.00 secs] 
2020-09-29T13:05:56.660+0200: 5.981: [GC (Allocation Failure) 2020-09-29T13:05:56.660+0200: 5.981: [ParNew: 549346K->90K(613440K), 0.0014354 secs] 549736K->480K(2029056K), 0.0014874 secs] [Times: user=0.11 sys=0.00, real=0.00 secs] 
2020-09-29T13:05:56.742+0200: 6.062: [GC (Allocation Failure) 2020-09-29T13:05:56.742+0200: 6.062: [ParNew: 545434K->11756K(613440K), 0.0106903 secs] 545824K->12146K(2029056K), 0.0107707 secs] [Times: user=0.00 sys=0.00, real=0.01 secs] 
2020-09-29T13:05:56.835+0200: 6.155: [GC (Allocation Failure) 2020-09-29T13:05:56.835+0200: 6.155: [ParNew: 557100K->15719K(613440K), 0.0097262 secs] 557490K->16109K(2029056K), 0.0097863 secs] [Times: user=0.00 sys=0.00, real=0.01 secs] 
2020-09-29T13:05:56.921+0200: 6.241: [GC (Allocation Failure) 2020-09-29T13:05:56.921+0200: 6.241: [ParNew: 561063K->11610K(613440K), 0.0086839 secs] 561453K->12000K(2029056K), 0.0087400 secs] [Times: user=0.13 sys=0.00, real=0.01 secs] 
2020-09-29T13:05:57.007+0200: 6.327: [GC (Allocation Failure) 2020-09-29T13:05:57.007+0200: 6.327: [ParNew: 556954K->7916K(613440K), 0.0074857 secs] 557344K->8306K(2029056K), 0.0075446 secs] [Times: user=0.00 sys=0.00, real=0.01 secs] 
2020-09-29T13:05:57.090+0200: 6.410: [GC (Allocation Failure) 2020-09-29T13:05:57.090+0200: 6.410: [ParNew: 553260K->7037K(613440K), 0.0065520 secs] 553650K->7427K(2029056K), 0.0066065 secs] [Times: user=0.00 sys=0.00, real=0.01 secs] 
2020-09-29T13:05:57.173+0200: 6.493: [GC (Allocation Failure) 2020-09-29T13:05:57.173+0200: 6.493: [ParNew: 552381K->5533K(613440K), 0.0057632 secs] 552771K->5923K(2029056K), 0.0058514 secs] [Times: user=0.13 sys=0.00, real=0.01 secs] 
2020-09-29T13:05:57.256+0200: 6.576: [GC (Allocation Failure) 2020-09-29T13:05:57.256+0200: 6.576: [ParNew: 550877K->184K(613440K), 0.0016881 secs] 551267K->574K(2029056K), 0.0017380 secs] [Times: user=0.00 sys=0.00, real=0.00 secs] 
2020-09-29T13:05:57.335+0200: 6.656: [GC (Allocation Failure) 2020-09-29T13:05:57.335+0200: 6.656: [ParNew: 545528K->12225K(613440K), 0.0109969 secs] 545918K->12615K(2029056K), 0.0110714 secs] [Times: user=0.00 sys=0.00, real=0.01 secs] 
2020-09-29T13:05:57.423+0200: 6.743: [GC (Allocation Failure) 2020-09-29T13:05:57.423+0200: 6.743: [ParNew: 557569K->15429K(613440K), 0.0096727 secs] 557959K->15819K(2029056K), 0.0097264 secs] [Times: user=0.13 sys=0.00, real=0.01 secs] 
2020-09-29T13:05:57.514+0200: 6.834: [GC (Allocation Failure) 2020-09-29T13:05:57.514+0200: 6.834: [ParNew: 560773K->9978K(613440K), 0.0085544 secs] 561163K->10368K(2029056K), 0.0086094 secs] [Times: user=0.13 sys=0.00, real=0.01 secs] 
2020-09-29T13:05:57.603+0200: 6.924: [GC (Allocation Failure) 2020-09-29T13:05:57.603+0200: 6.924: [ParNew: 555322K->8530K(613440K), 0.0079249 secs] 555712K->8920K(2029056K), 0.0079895 secs] [Times: user=0.00 sys=0.00, real=0.01 secs] 
2020-09-29T13:05:57.690+0200: 7.011: [GC (Allocation Failure) 2020-09-29T13:05:57.690+0200: 7.011: [ParNew: 553874K->6828K(613440K), 0.0061800 secs] 554264K->7218K(2029056K), 0.0062350 secs] [Times: user=0.13 sys=0.00, real=0.01 secs] 
2020-09-29T13:05:57.773+0200: 7.093: [GC (Allocation Failure) 2020-09-29T13:05:57.773+0200: 7.093: [ParNew: 552172K->3584K(613440K), 0.0047199 secs] 552562K->3974K(2029056K), 0.0047684 secs] [Times: user=0.00 sys=0.00, real=0.01 secs] 
2020-09-29T13:05:57.859+0200: 7.179: [GC (Allocation Failure) 2020-09-29T13:05:57.859+0200: 7.179: [ParNew: 548928K->72K(613440K), 0.0020090 secs] 549318K->462K(2029056K), 0.0020607 secs] [Times: user=0.00 sys=0.00, real=0.00 secs] 
2020-09-29T13:05:57.942+0200: 7.263: [GC (Allocation Failure) 2020-09-29T13:05:57.942+0200: 7.263: [ParNew: 545416K->12083K(613440K), 0.0111733 secs] 545806K->12473K(2029056K), 0.0112352 secs] [Times: user=0.00 sys=0.00, real=0.01 secs] 
2020-09-29T13:05:58.047+0200: 7.367: [GC (Allocation Failure) 2020-09-29T13:05:58.047+0200: 7.367: [ParNew: 557427K->16171K(613440K), 0.0097284 secs] 557817K->16561K(2029056K), 0.0098116 secs] [Times: user=0.13 sys=0.00, real=0.01 secs] 
2020-09-29T13:05:58.137+0200: 7.458: [GC (Allocation Failure) 2020-09-29T13:05:58.137+0200: 7.458: [ParNew: 561515K->12048K(613440K), 0.0087134 secs] 561905K->12438K(2029056K), 0.0087698 secs] [Times: user=0.13 sys=0.00, real=0.01 secs] 
2020-09-29T13:05:58.226+0200: 7.547: [GC (Allocation Failure) 2020-09-29T13:05:58.226+0200: 7.547: [ParNew: 557392K->8017K(613440K), 0.0075270 secs] 557782K->8407K(2029056K), 0.0075818 secs] [Times: user=0.00 sys=0.00, real=0.01 secs] 
2020-09-29T13:05:58.311+0200: 7.631: [GC (Allocation Failure) 2020-09-29T13:05:58.311+0200: 7.631: [ParNew: 553361K->6734K(613440K), 0.0065146 secs] 553751K->7124K(2029056K), 0.0065871 secs] [Times: user=0.13 sys=0.00, real=0.01 secs] 
2020-09-29T13:05:58.397+0200: 7.718: [GC (Allocation Failure) 2020-09-29T13:05:58.397+0200: 7.718: [ParNew: 550178K->273K(613440K), 0.0017361 secs] 550569K->664K(2029056K), 0.0017877 secs] [Times: user=0.00 sys=0.00, real=0.00 secs] 
2020-09-29T13:05:58.476+0200: 7.796: [GC (Allocation Failure) 2020-09-29T13:05:58.476+0200: 7.796: [ParNew: 545617K->12157K(613440K), 0.0105073 secs] 546008K->12547K(2029056K), 0.0105837 secs] [Times: user=0.00 sys=0.00, real=0.01 secs] 
2020-09-29T13:05:58.562+0200: 7.883: [GC (Allocation Failure) 2020-09-29T13:05:58.562+0200: 7.883: [ParNew: 557501K->15288K(613440K), 0.0098864 secs] 557891K->15678K(2029056K), 0.0099430 secs] [Times: user=0.13 sys=0.00, real=0.01 secs] 
2020-09-29T13:05:58.654+0200: 7.975: [GC (Allocation Failure) 2020-09-29T13:05:58.654+0200: 7.975: [ParNew: 560632K->10158K(613440K), 0.0089890 secs] 561022K->10549K(2029056K), 0.0090429 secs] [Times: user=0.11 sys=0.00, real=0.01 secs] 
2020-09-29T13:05:58.739+0200: 8.060: [GC (Allocation Failure) 2020-09-29T13:05:58.739+0200: 8.060: [ParNew: 555502K->9051K(613440K), 0.0079235 secs] 555893K->9442K(2029056K), 0.0079777 secs] [Times: user=0.00 sys=0.00, real=0.01 secs] 
2020-09-29T13:05:58.829+0200: 8.149: [GC (Allocation Failure) 2020-09-29T13:05:58.829+0200: 8.149: [ParNew: 554395K->7572K(613440K), 0.0075770 secs] 554786K->7962K(2029056K), 0.0076392 secs] [Times: user=0.13 sys=0.00, real=0.01 secs] 
2020-09-29T13:05:58.915+0200: 8.235: [GC (Allocation Failure) 2020-09-29T13:05:58.915+0200: 8.235: [ParNew: 552916K->4618K(613440K), 0.0056742 secs] 553306K->5008K(2029056K), 0.0057292 secs] [Times: user=0.00 sys=0.00, real=0.01 secs] 
2020-09-29T13:05:58.997+0200: 8.317: [GC (Allocation Failure) 2020-09-29T13:05:58.997+0200: 8.317: [ParNew: 549962K->154K(613440K), 0.0020336 secs] 550352K->544K(2029056K), 0.0020864 secs] [Times: user=0.00 sys=0.00, real=0.00 secs] 
2020-09-29T13:05:59.076+0200: 8.396: [GC (Allocation Failure) 2020-09-29T13:05:59.076+0200: 8.396: [ParNew: 545498K->12244K(613440K), 0.0107818 secs] 545888K->12634K(2029056K), 0.0108348 secs] [Times: user=0.13 sys=0.00, real=0.01 secs] 
2020-09-29T13:05:59.162+0200: 8.482: [GC (Allocation Failure) 2020-09-29T13:05:59.162+0200: 8.482: [ParNew: 557588K->16421K(613440K), 0.0097017 secs] 557978K->16811K(2029056K), 0.0097545 secs] [Times: user=0.00 sys=0.00, real=0.01 secs] 
2020-09-29T13:05:59.248+0200: 8.568: [GC (Allocation Failure) 2020-09-29T13:05:59.248+0200: 8.568: [ParNew: 561765K->12123K(613440K), 0.0084199 secs] 562155K->12513K(2029056K), 0.0085297 secs] [Times: user=0.13 sys=0.00, real=0.01 secs] 
2020-09-29T13:05:59.335+0200: 8.655: [GC (Allocation Failure) 2020-09-29T13:05:59.335+0200: 8.655: [ParNew: 557467K->8156K(613440K), 0.0077923 secs] 557857K->8546K(2029056K), 0.0078484 secs] [Times: user=0.00 sys=0.00, real=0.01 secs] 
2020-09-29T13:05:59.420+0200: 8.740: [GC (Allocation Failure) 2020-09-29T13:05:59.420+0200: 8.740: [ParNew: 553500K->7129K(613440K), 0.0064504 secs] 553890K->7520K(2029056K), 0.0065053 secs] [Times: user=0.00 sys=0.00, real=0.01 secs] 
2020-09-29T13:05:59.505+0200: 8.825: [GC (Allocation Failure) 2020-09-29T13:05:59.505+0200: 8.825: [ParNew: 552473K->4294K(613440K), 0.0051042 secs] 552864K->4684K(2029056K), 0.0051554 secs] [Times: user=0.00 sys=0.00, real=0.00 secs] 
2020-09-29T13:05:59.621+0200: 8.941: [GC (Allocation Failure) 2020-09-29T13:05:59.621+0200: 8.941: [ParNew: 549638K->90K(613440K), 0.0023692 secs] 550028K->480K(2029056K), 0.0024183 secs] [Times: user=0.00 sys=0.00, real=0.00 secs] 
2020-09-29T13:05:59.713+0200: 9.033: [GC (Allocation Failure) 2020-09-29T13:05:59.713+0200: 9.033: [ParNew: 545434K->11779K(613440K), 0.0109080 secs] 545824K->12169K(2029056K), 0.0109651 secs] [Times: user=0.00 sys=0.02, real=0.01 secs] 
2020-09-29T13:05:59.812+0200: 9.132: [GC (Allocation Failure) 2020-09-29T13:05:59.812+0200: 9.132: [ParNew: 557123K->15719K(613440K), 0.0098494 secs] 557513K->16109K(2029056K), 0.0099454 secs] [Times: user=0.13 sys=0.00, real=0.01 secs] 
2020-09-29T13:05:59.908+0200: 9.228: [GC (Allocation Failure) 2020-09-29T13:05:59.908+0200: 9.228: [ParNew: 561063K->11610K(613440K), 0.0085258 secs] 561453K->12000K(2029056K), 0.0085735 secs] [Times: user=0.13 sys=0.00, real=0.01 secs] 
2020-09-29T13:06:00.005+0200: 9.325: [GC (Allocation Failure) 2020-09-29T13:06:00.005+0200: 9.325: [ParNew: 556954K->7916K(613440K), 0.0079285 secs] 557344K->8306K(2029056K), 0.0080060 secs] [Times: user=0.00 sys=0.00, real=0.01 secs] 
2020-09-29T13:06:00.095+0200: 9.416: [GC (Allocation Failure) 2020-09-29T13:06:00.095+0200: 9.416: [ParNew: 553260K->7037K(613440K), 0.0073342 secs] 553650K->7427K(2029056K), 0.0073978 secs] [Times: user=0.09 sys=0.00, real=0.01 secs] 
2020-09-29T13:06:00.188+0200: 9.508: [GC (Allocation Failure) 2020-09-29T13:06:00.188+0200: 9.508: [ParNew: 552381K->5085K(613440K), 0.0057083 secs] 552771K->5475K(2029056K), 0.0057561 secs] [Times: user=0.11 sys=0.00, real=0.01 secs] 
2020-09-29T13:06:00.276+0200: 9.596: [GC (Allocation Failure) 2020-09-29T13:06:00.276+0200: 9.596: [ParNew: 550429K->184K(613440K), 0.0015342 secs] 550819K->574K(2029056K), 0.0015815 secs] [Times: user=0.00 sys=0.00, real=0.00 secs] 
2020-09-29T13:06:00.368+0200: 9.688: [GC (Allocation Failure) 2020-09-29T13:06:00.368+0200: 9.688: [ParNew: 545528K->12271K(613440K), 0.0114406 secs] 545918K->12661K(2029056K), 0.0114865 secs] [Times: user=0.00 sys=0.00, real=0.01 secs] 
2020-09-29T13:06:00.466+0200: 9.785: [GC (Allocation Failure) 2020-09-29T13:06:00.466+0200: 9.786: [ParNew: 557615K->15429K(613440K), 0.0096844 secs] 558005K->15819K(2029056K), 0.0097431 secs] [Times: user=0.13 sys=0.00, real=0.01 secs] 
2020-09-29T13:06:00.558+0200: 9.878: [GC (Allocation Failure) 2020-09-29T13:06:00.558+0200: 9.878: [ParNew: 560773K->9978K(613440K), 0.0083911 secs] 561163K->10368K(2029056K), 0.0084849 secs] [Times: user=0.00 sys=0.00, real=0.01 secs] 
2020-09-29T13:06:00.650+0200: 9.970: [GC (Allocation Failure) 2020-09-29T13:06:00.650+0200: 9.970: [ParNew: 555322K->7708K(613440K), 0.0074058 secs] 555712K->8098K(2029056K), 0.0074563 secs] [Times: user=0.00 sys=0.00, real=0.01 secs] 
2020-09-29T13:06:00.745+0200: 10.065: [GC (Allocation Failure) 2020-09-29T13:06:00.745+0200: 10.065: [ParNew: 553052K->6219K(613440K), 0.0065257 secs] 553442K->6609K(2029056K), 0.0065723 secs] [Times: user=0.00 sys=0.00, real=0.01 secs] 
2020-09-29T13:06:00.837+0200: 10.157: [GC (Allocation Failure) 2020-09-29T13:06:00.837+0200: 10.157: [ParNew: 551563K->3856K(613440K), 0.0047440 secs] 551953K->4246K(2029056K), 0.0047908 secs] [Times: user=0.00 sys=0.00, real=0.01 secs] 
2020-09-29T13:06:00.930+0200: 10.250: [GC (Allocation Failure) 2020-09-29T13:06:00.930+0200: 10.250: [ParNew: 549200K->72K(613440K), 0.0016274 secs] 549590K->462K(2029056K), 0.0016770 secs] [Times: user=0.00 sys=0.00, real=0.00 secs] 
2020-09-29T13:06:01.017+0200: 10.337: [GC (Allocation Failure) 2020-09-29T13:06:01.017+0200: 10.337: [ParNew: 545416K->12101K(613440K), 0.0109780 secs] 545806K->12491K(2029056K), 0.0110369 secs] [Times: user=0.13 sys=0.00, real=0.01 secs] 
2020-09-29T13:06:01.109+0200: 10.429: [GC (Allocation Failure) 2020-09-29T13:06:01.109+0200: 10.429: [ParNew: 557445K->14275K(613440K), 0.0098156 secs] 557835K->14665K(2029056K), 0.0098613 secs] [Times: user=0.11 sys=0.00, real=0.01 secs] 
2020-09-29T13:06:01.199+0200: 10.519: [GC (Allocation Failure) 2020-09-29T13:06:01.199+0200: 10.519: [ParNew: 559619K->10152K(613440K), 0.0089300 secs] 560009K->10542K(2029056K), 0.0090233 secs] [Times: user=0.11 sys=0.00, real=0.01 secs] 
2020-09-29T13:06:01.294+0200: 10.614: [GC (Allocation Failure) 2020-09-29T13:06:01.294+0200: 10.614: [ParNew: 555496K->7948K(613440K), 0.0075531 secs] 555886K->8338K(2029056K), 0.0076061 secs] [Times: user=0.11 sys=0.00, real=0.01 secs] 
2020-09-29T13:06:01.391+0200: 10.711: [GC (Allocation Failure) 2020-09-29T13:06:01.391+0200: 10.711: [ParNew: 553292K->6931K(613440K), 0.0063341 secs] 553682K->7321K(2029056K), 0.0064185 secs] [Times: user=0.11 sys=0.00, real=0.01 secs] 
2020-09-29T13:06:01.483+0200: 10.803: [GC (Allocation Failure) 2020-09-29T13:06:01.483+0200: 10.803: [ParNew: 550375K->280K(613440K), 0.0024543 secs] 550766K->670K(2029056K), 0.0025022 secs] [Times: user=0.00 sys=0.00, real=0.00 secs] 
2020-09-29T13:06:01.574+0200: 10.894: [GC (Allocation Failure) 2020-09-29T13:06:01.574+0200: 10.894: [ParNew: 545624K->12106K(613440K), 0.0107276 secs] 546014K->12496K(2029056K), 0.0107927 secs] [Times: user=0.09 sys=0.00, real=0.01 secs] 
2020-09-29T13:06:01.665+0200: 10.985: [GC (Allocation Failure) 2020-09-29T13:06:01.665+0200: 10.985: [ParNew: 557450K->15293K(613440K), 0.0102064 secs] 557840K->15683K(2029056K), 0.0102533 secs] [Times: user=0.00 sys=0.00, real=0.01 secs] 
2020-09-29T13:06:01.756+0200: 11.076: [GC (Allocation Failure) 2020-09-29T13:06:01.756+0200: 11.076: [ParNew: 560637K->11185K(613440K), 0.0090039 secs] 561027K->11575K(2029056K), 0.0090498 secs] [Times: user=0.00 sys=0.00, real=0.01 secs] 
2020-09-29T13:06:01.852+0200: 11.172: [GC (Allocation Failure) 2020-09-29T13:06:01.852+0200: 11.172: [ParNew: 556529K->9052K(613440K), 0.0084042 secs] 556919K->9442K(2029056K), 0.0084633 secs] [Times: user=0.00 sys=0.00, real=0.01 secs] 
2020-09-29T13:06:01.951+0200: 11.271: [GC (Allocation Failure) 2020-09-29T13:06:01.951+0200: 11.271: [ParNew: 554396K->6870K(613440K), 0.0076229 secs] 554786K->7260K(2029056K), 0.0076727 secs] [Times: user=0.11 sys=0.00, real=0.01 secs] 
2020-09-29T13:06:02.045+0200: 11.365: [GC (Allocation Failure) 2020-09-29T13:06:02.045+0200: 11.365: [ParNew: 552214K->4896K(613440K), 0.0056618 secs] 552604K->5287K(2029056K), 0.0057121 secs] [Times: user=0.00 sys=0.00, real=0.00 secs] 
2020-09-29T13:06:02.130+0200: 11.450: [GC (Allocation Failure) 2020-09-29T13:06:02.130+0200: 11.450: [ParNew: 550240K->194K(613440K), 0.0014271 secs] 550631K->584K(2029056K), 0.0014725 secs] [Times: user=0.00 sys=0.00, real=0.00 secs] 
2020-09-29T13:06:02.209+0200: 11.529: [GC (Allocation Failure) 2020-09-29T13:06:02.209+0200: 11.529: [ParNew: 545538K->12337K(613440K), 0.0106257 secs] 545928K->12727K(2029056K), 0.0106997 secs] [Times: user=0.00 sys=0.00, real=0.01 secs] 
2020-09-29T13:06:02.300+0200: 11.620: [GC (Allocation Failure) 2020-09-29T13:06:02.300+0200: 11.620: [ParNew: 557681K->16458K(613440K), 0.0099006 secs] 558071K->16848K(2029056K), 0.0099557 secs] [Times: user=0.13 sys=0.00, real=0.01 secs] 
2020-09-29T13:06:02.389+0200: 11.709: [GC (Allocation Failure) 2020-09-29T13:06:02.389+0200: 11.709: [ParNew: 561802K->12133K(613440K), 0.0088220 secs] 562192K->12523K(2029056K), 0.0088768 secs] [Times: user=0.13 sys=0.00, real=0.01 secs] 
2020-09-29T13:06:02.474+0200: 11.794: [GC (Allocation Failure) 2020-09-29T13:06:02.474+0200: 11.794: [ParNew: 557477K->8157K(613440K), 0.0075777 secs] 557867K->8547K(2029056K), 0.0076517 secs] [Times: user=0.00 sys=0.00, real=0.01 secs] 
2020-09-29T13:06:02.560+0200: 11.880: [GC (Allocation Failure) 2020-09-29T13:06:02.560+0200: 11.880: [ParNew: 553501K->6483K(613440K), 0.0064300 secs] 553891K->6873K(2029056K), 0.0065098 secs] [Times: user=0.00 sys=0.00, real=0.01 secs] 
2020-09-29T13:06:02.642+0200: 11.963: [GC (Allocation Failure) 2020-09-29T13:06:02.642+0200: 11.963: [ParNew: 551827K->5342K(613440K), 0.0052402 secs] 552217K->5732K(2029056K), 0.0052940 secs] [Times: user=0.13 sys=0.00, real=0.01 secs] 
2020-09-29T13:06:02.725+0200: 12.045: [GC (Allocation Failure) 2020-09-29T13:06:02.725+0200: 12.045: [ParNew: 550686K->118K(613440K), 0.0015765 secs] 551076K->509K(2029056K), 0.0016259 secs] [Times: user=0.00 sys=0.00, real=0.00 secs] 
2020-09-29T13:06:02.804+0200: 12.124: [GC (Allocation Failure) 2020-09-29T13:06:02.804+0200: 12.124: [ParNew: 545462K->11765K(613440K), 0.0104681 secs] 545853K->12155K(2029056K), 0.0105220 secs] [Times: user=0.00 sys=0.00, real=0.01 secs] 
2020-09-29T13:06:02.897+0200: 12.218: [GC (Allocation Failure) 2020-09-29T13:06:02.897+0200: 12.218: [ParNew: 557109K->13907K(613440K), 0.0099714 secs] 557499K->14297K(2029056K), 0.0100279 secs] [Times: user=0.00 sys=0.00, real=0.01 secs] 
2020-09-29T13:06:02.987+0200: 12.307: [GC (Allocation Failure) 2020-09-29T13:06:02.987+0200: 12.307: [ParNew: 559251K->9778K(613440K), 0.0084223 secs] 559641K->10168K(2029056K), 0.0085335 secs] [Times: user=0.11 sys=0.00, real=0.01 secs] 
2020-09-29T13:06:03.073+0200: 12.393: [GC (Allocation Failure) 2020-09-29T13:06:03.073+0200: 12.393: [ParNew: 555122K->8665K(613440K), 0.0073882 secs] 555512K->9056K(2029056K), 0.0074784 secs] [Times: user=0.00 sys=0.00, real=0.01 secs] 
2020-09-29T13:06:03.157+0200: 12.477: [GC (Allocation Failure) 2020-09-29T13:06:03.157+0200: 12.477: [ParNew: 554009K->7225K(613440K), 0.0066502 secs] 554400K->7615K(2029056K), 0.0067039 secs] [Times: user=0.13 sys=0.00, real=0.01 secs] 
2020-09-29T13:06:03.241+0200: 12.562: [GC (Allocation Failure) 2020-09-29T13:06:03.241+0200: 12.562: [ParNew: 552569K->4425K(613440K), 0.0057708 secs] 552959K->4815K(2029056K), 0.0058252 secs] [Times: user=0.00 sys=0.00, real=0.01 secs] 
2020-09-29T13:06:03.326+0200: 12.646: [GC (Allocation Failure) 2020-09-29T13:06:03.326+0200: 12.646: [ParNew: 549769K->222K(613440K), 0.0024488 secs] 550159K->612K(2029056K), 0.0025022 secs] [Times: user=0.00 sys=0.00, real=0.00 secs] 
2020-09-29T13:06:03.407+0200: 12.727: [GC (Allocation Failure) 2020-09-29T13:06:03.407+0200: 12.727: [ParNew: 545566K->12279K(613440K), 0.0106326 secs] 545956K->12669K(2029056K), 0.0107113 secs] [Times: user=0.13 sys=0.00, real=0.01 secs] 
2020-09-29T13:06:03.495+0200: 12.815: [GC (Allocation Failure) 2020-09-29T13:06:03.495+0200: 12.815: [ParNew: 557623K->15462K(613440K), 0.0098854 secs] 558013K->15852K(2029056K), 0.0099390 secs] [Times: user=0.13 sys=0.00, real=0.01 secs] 
2020-09-29T13:06:03.589+0200: 12.909: [GC (Allocation Failure) 2020-09-29T13:06:03.589+0200: 12.909: [ParNew: 560806K->9983K(613440K), 0.0092455 secs] 561196K->10373K(2029056K), 0.0093041 secs] [Times: user=0.00 sys=0.00, real=0.01 secs] 
2020-09-29T13:06:03.693+0200: 13.013: [GC (Allocation Failure) 2020-09-29T13:06:03.693+0200: 13.013: [ParNew: 555327K->8531K(613440K), 0.0075420 secs] 555717K->8922K(2029056K), 0.0075967 secs] [Times: user=0.00 sys=0.00, real=0.01 secs] 
2020-09-29T13:06:03.779+0200: 13.099: [GC (Allocation Failure) 2020-09-29T13:06:03.779+0200: 13.099: [ParNew: 553875K->6829K(613440K), 0.0064661 secs] 554266K->7219K(2029056K), 0.0065190 secs] [Times: user=0.00 sys=0.00, real=0.01 secs] 
2020-09-29T13:06:03.865+0200: 13.185: [GC (Allocation Failure) 2020-09-29T13:06:03.865+0200: 13.185: [ParNew: 552173K->4128K(613440K), 0.0049751 secs] 552563K->4518K(2029056K), 0.0050285 secs] [Times: user=0.00 sys=0.00, real=0.00 secs] 
2020-09-29T13:06:03.948+0200: 13.267: [GC (Allocation Failure) 2020-09-29T13:06:03.948+0200: 13.267: [ParNew: 549472K->72K(613440K), 0.0014925 secs] 549862K->462K(2029056K), 0.0015437 secs] [Times: user=0.00 sys=0.00, real=0.00 secs] 
2020-09-29T13:06:04.027+0200: 13.346: [GC (Allocation Failure) 2020-09-29T13:06:04.027+0200: 13.346: [ParNew: 545416K->12083K(613440K), 0.0107453 secs] 545806K->12473K(2029056K), 0.0108005 secs] [Times: user=0.13 sys=0.00, real=0.01 secs] 
2020-09-29T13:06:04.114+0200: 13.434: [GC (Allocation Failure) 2020-09-29T13:06:04.114+0200: 13.434: [ParNew: 557427K->16171K(613440K), 0.0095582 secs] 557817K->16561K(2029056K), 0.0096178 secs] [Times: user=0.00 sys=0.00, real=0.01 secs] 
2020-09-29T13:06:04.202+0200: 13.522: [GC (Allocation Failure) 2020-09-29T13:06:04.203+0200: 13.522: [ParNew: 561515K->12048K(613440K), 0.0084959 secs] 561905K->12438K(2029056K), 0.0085596 secs] [Times: user=0.13 sys=0.00, real=0.01 secs] 
2020-09-29T13:06:04.287+0200: 13.608: [GC (Allocation Failure) 2020-09-29T13:06:04.288+0200: 13.608: [ParNew: 557392K->8017K(613440K), 0.0075990 secs] 557782K->8407K(2029056K), 0.0076626 secs] [Times: user=0.00 sys=0.00, real=0.01 secs] 
2020-09-29T13:06:04.375+0200: 13.695: [GC (Allocation Failure) 2020-09-29T13:06:04.375+0200: 13.695: [ParNew: 553361K->6734K(613440K), 0.0069348 secs] 553751K->7124K(2029056K), 0.0069948 secs] [Times: user=0.13 sys=0.00, real=0.01 secs] 
2020-09-29T13:06:04.461+0200: 13.782: [GC (Allocation Failure) 2020-09-29T13:06:04.461+0200: 13.782: [ParNew: 550178K->273K(613440K), 0.0015801 secs] 550569K->664K(2029056K), 0.0016334 secs] [Times: user=0.00 sys=0.00, real=0.00 secs] 
2020-09-29T13:06:04.540+0200: 13.861: [GC (Allocation Failure) 2020-09-29T13:06:04.540+0200: 13.861: [ParNew: 545617K->12157K(613440K), 0.0108191 secs] 546008K->12547K(2029056K), 0.0108695 secs] [Times: user=0.13 sys=0.00, real=0.01 secs] 
2020-09-29T13:06:04.629+0200: 13.949: [GC (Allocation Failure) 2020-09-29T13:06:04.629+0200: 13.949: [ParNew: 557501K->16240K(613440K), 0.0099563 secs] 557891K->16630K(2029056K), 0.0100117 secs] [Times: user=0.09 sys=0.00, real=0.01 secs] 
2020-09-29T13:06:04.717+0200: 14.037: [GC (Allocation Failure) 2020-09-29T13:06:04.717+0200: 14.037: [ParNew: 561584K->12063K(613440K), 0.0087249 secs] 561974K->12454K(2029056K), 0.0087805 secs] [Times: user=0.13 sys=0.00, real=0.01 secs] 
2020-09-29T13:06:04.804+0200: 14.124: [GC (Allocation Failure) 2020-09-29T13:06:04.804+0200: 14.124: [ParNew: 557407K->8264K(613440K), 0.0075557 secs] 557798K->8654K(2029056K), 0.0076339 secs] [Times: user=0.00 sys=0.00, real=0.01 secs] 
2020-09-29T13:06:04.894+0200: 14.214: [GC (Allocation Failure) 2020-09-29T13:06:04.894+0200: 14.214: [ParNew: 553608K->7375K(613440K), 0.0075872 secs] 553998K->7765K(2029056K), 0.0076393 secs] [Times: user=0.11 sys=0.00, real=0.01 secs] 
2020-09-29T13:06:04.982+0200: 14.302: [GC (Allocation Failure) 2020-09-29T13:06:04.982+0200: 14.302: [ParNew: 552719K->5828K(613440K), 0.0056428 secs] 553109K->6219K(2029056K), 0.0056979 secs] [Times: user=0.00 sys=0.00, real=0.00 secs] 
2020-09-29T13:06:05.065+0200: 14.385: [GC (Allocation Failure) 2020-09-29T13:06:05.065+0200: 14.385: [ParNew: 551172K->168K(613440K), 0.0015440 secs] 551563K->558K(2029056K), 0.0015912 secs] [Times: user=0.00 sys=0.00, real=0.00 secs] 
2020-09-29T13:06:05.141+0200: 14.462: [GC (Allocation Failure) 2020-09-29T13:06:05.141+0200: 14.462: [ParNew: 545512K->12373K(613440K), 0.0106684 secs] 545902K->12763K(2029056K), 0.0107229 secs] [Times: user=0.13 sys=0.00, real=0.01 secs] 
2020-09-29T13:06:05.228+0200: 14.548: [GC (Allocation Failure) 2020-09-29T13:06:05.228+0200: 14.548: [ParNew: 557717K->16434K(613440K), 0.0097332 secs] 558107K->16824K(2029056K), 0.0097896 secs] [Times: user=0.00 sys=0.00, real=0.01 secs] 
2020-09-29T13:06:05.330+0200: 14.650: [GC (Allocation Failure) 2020-09-29T13:06:05.330+0200: 14.650: [ParNew: 561778K->11490K(613440K), 0.0101229 secs] 562168K->11881K(2029056K), 0.0101793 secs] [Times: user=0.11 sys=0.00, real=0.01 secs] 
2020-09-29T13:06:05.439+0200: 14.759: [GC (Allocation Failure) 2020-09-29T13:06:05.439+0200: 14.759: [ParNew: 556834K->7381K(613440K), 0.0089307 secs] 557225K->7771K(2029056K), 0.0090032 secs] [Times: user=0.11 sys=0.00, real=0.01 secs] 
2020-09-29T13:06:05.541+0200: 14.862: [GC (Allocation Failure) 2020-09-29T13:06:05.541+0200: 14.862: [ParNew: 552725K->7129K(613440K), 0.0066364 secs] 553115K->7520K(2029056K), 0.0066946 secs] [Times: user=0.00 sys=0.00, real=0.01 secs] 
2020-09-29T13:06:05.644+0200: 14.964: [GC (Allocation Failure) 2020-09-29T13:06:05.644+0200: 14.964: [ParNew: 552473K->4294K(613440K), 0.0061495 secs] 552864K->4684K(2029056K), 0.0062033 secs] [Times: user=0.13 sys=0.00, real=0.01 secs] 
2020-09-29T13:06:05.741+0200: 15.061: [GC (Allocation Failure) 2020-09-29T13:06:05.741+0200: 15.061: [ParNew: 549638K->90K(613440K), 0.0018036 secs] 550028K->480K(2029056K), 0.0018577 secs] [Times: user=0.00 sys=0.00, real=0.00 secs] 
2020-09-29T13:06:05.824+0200: 15.144: [GC (Allocation Failure) 2020-09-29T13:06:05.824+0200: 15.145: [ParNew: 545434K->11779K(613440K), 0.0115814 secs] 545824K->12169K(2029056K), 0.0116434 secs] [Times: user=0.11 sys=0.00, real=0.01 secs] 
2020-09-29T13:06:05.916+0200: 15.236: [GC (Allocation Failure) 2020-09-29T13:06:05.916+0200: 15.236: [ParNew: 557123K->15719K(613440K), 0.0100717 secs] 557513K->16109K(2029056K), 0.0101275 secs] [Times: user=0.13 sys=0.00, real=0.01 secs] 
2020-09-29T13:06:06.006+0200: 15.326: [GC (Allocation Failure) 2020-09-29T13:06:06.006+0200: 15.326: [ParNew: 561063K->11610K(613440K), 0.0087871 secs] 561453K->12000K(2029056K), 0.0088482 secs] [Times: user=0.00 sys=0.00, real=0.01 secs] 
2020-09-29T13:06:06.096+0200: 15.416: [GC (Allocation Failure) 2020-09-29T13:06:06.096+0200: 15.416: [ParNew: 556954K->7916K(613440K), 0.0089932 secs] 557344K->8306K(2029056K), 0.0090511 secs] [Times: user=0.11 sys=0.00, real=0.01 secs] 
2020-09-29T13:06:06.187+0200: 15.507: [GC (Allocation Failure) 2020-09-29T13:06:06.187+0200: 15.507: [ParNew: 553260K->7037K(613440K), 0.0065417 secs] 553650K->7427K(2029056K), 0.0065950 secs] [Times: user=0.13 sys=0.00, real=0.01 secs] 
2020-09-29T13:06:06.271+0200: 15.590: [GC (Allocation Failure) 2020-09-29T13:06:06.271+0200: 15.590: [ParNew: 552381K->5533K(613440K), 0.0057128 secs] 552771K->5923K(2029056K), 0.0058048 secs] [Times: user=0.00 sys=0.00, real=0.00 secs] 
2020-09-29T13:06:06.358+0200: 15.678: [GC (Allocation Failure) 2020-09-29T13:06:06.358+0200: 15.678: [ParNew: 550877K->184K(613440K), 0.0018206 secs] 551267K->574K(2029056K), 0.0018736 secs] [Times: user=0.00 sys=0.00, real=0.00 secs] 
2020-09-29T13:06:06.438+0200: 15.758: [GC (Allocation Failure) 2020-09-29T13:06:06.438+0200: 15.758: [ParNew: 545528K->12271K(613440K), 0.0106866 secs] 545918K->12661K(2029056K), 0.0107446 secs] [Times: user=0.13 sys=0.00, real=0.01 secs] 
2020-09-29T13:06:06.528+0200: 15.848: [GC (Allocation Failure) 2020-09-29T13:06:06.528+0200: 15.848: [ParNew: 557615K->16392K(613440K), 0.0095756 secs] 558005K->16782K(2029056K), 0.0096289 secs] [Times: user=0.13 sys=0.00, real=0.01 secs] 
2020-09-29T13:06:06.620+0200: 15.940: [GC (Allocation Failure) 2020-09-29T13:06:06.620+0200: 15.940: [ParNew: 561736K->11903K(613440K), 0.0087159 secs] 562126K->12294K(2029056K), 0.0087725 secs] [Times: user=0.00 sys=0.00, real=0.01 secs] 
2020-09-29T13:06:06.706+0200: 16.026: [GC (Allocation Failure) 2020-09-29T13:06:06.706+0200: 16.026: [ParNew: 557247K->7768K(613440K), 0.0071303 secs] 557638K->8158K(2029056K), 0.0072177 secs] [Times: user=0.13 sys=0.00, real=0.01 secs] 
2020-09-29T13:06:06.790+0200: 16.110: [GC (Allocation Failure) 2020-09-29T13:06:06.790+0200: 16.110: [ParNew: 553112K->6638K(613440K), 0.0062088 secs] 553502K->7028K(2029056K), 0.0062626 secs] [Times: user=0.00 sys=0.00, real=0.01 secs] 
2020-09-29T13:06:06.875+0200: 16.194: [GC (Allocation Failure) 2020-09-29T13:06:06.875+0200: 16.194: [ParNew: 551982K->4080K(613440K), 0.0048699 secs] 552372K->4470K(2029056K), 0.0049405 secs] [Times: user=0.00 sys=0.02, real=0.01 secs] 
2020-09-29T13:06:06.955+0200: 16.275: [GC (Allocation Failure) 2020-09-29T13:06:06.955+0200: 16.275: [ParNew: 549424K->71K(613440K), 0.0017098 secs] 549814K->461K(2029056K), 0.0017597 secs] [Times: user=0.00 sys=0.00, real=0.00 secs] 
2020-09-29T13:06:07.035+0200: 16.355: [GC (Allocation Failure) 2020-09-29T13:06:07.035+0200: 16.355: [ParNew: 545415K->12088K(613440K), 0.0106344 secs] 545805K->12478K(2029056K), 0.0107287 secs] [Times: user=0.13 sys=0.00, real=0.01 secs] 
2020-09-29T13:06:07.123+0200: 16.443: [GC (Allocation Failure) 2020-09-29T13:06:07.123+0200: 16.443: [ParNew: 557432K->16169K(613440K), 0.0095129 secs] 557822K->16560K(2029056K), 0.0095856 secs] [Times: user=0.13 sys=0.00, real=0.01 secs] 
2020-09-29T13:06:07.209+0200: 16.529: [GC (Allocation Failure) 2020-09-29T13:06:07.209+0200: 16.529: [ParNew: 561513K->12047K(613440K), 0.0083981 secs] 561904K->12437K(2029056K), 0.0084716 secs] [Times: user=0.00 sys=0.00, real=0.01 secs] 
2020-09-29T13:06:07.293+0200: 16.613: [GC (Allocation Failure) 2020-09-29T13:06:07.293+0200: 16.613: [ParNew: 557391K->8017K(613440K), 0.0071299 secs] 557781K->8407K(2029056K), 0.0071847 secs] [Times: user=0.00 sys=0.00, real=0.01 secs] 
2020-09-29T13:06:07.380+0200: 16.699: [GC (Allocation Failure) 2020-09-29T13:06:07.380+0200: 16.699: [ParNew: 553361K->6734K(613440K), 0.0064814 secs] 553751K->7124K(2029056K), 0.0065362 secs] [Times: user=0.00 sys=0.00, real=0.01 secs] 
2020-09-29T13:06:07.462+0200: 16.782: [GC (Allocation Failure) 2020-09-29T13:06:07.462+0200: 16.782: [ParNew: 550178K->273K(613440K), 0.0017432 secs] 550569K->664K(2029056K), 0.0017967 secs] [Times: user=0.00 sys=0.00, real=0.00 secs] 
2020-09-29T13:06:07.539+0200: 16.859: [GC (Allocation Failure) 2020-09-29T13:06:07.539+0200: 16.859: [ParNew: 545617K->12225K(613440K), 0.0105986 secs] 546008K->12616K(2029056K), 0.0106728 secs] [Times: user=0.00 sys=0.00, real=0.01 secs] 
2020-09-29T13:06:07.631+0200: 16.951: [GC (Allocation Failure) 2020-09-29T13:06:07.631+0200: 16.951: [ParNew: 557569K->16240K(613440K), 0.0096994 secs] 557960K->16630K(2029056K), 0.0097740 secs] [Times: user=0.00 sys=0.00, real=0.01 secs] 
2020-09-29T13:06:07.718+0200: 17.038: [GC (Allocation Failure) 2020-09-29T13:06:07.718+0200: 17.038: [ParNew: 561584K->12063K(613440K), 0.0088443 secs] 561974K->12454K(2029056K), 0.0089025 secs] [Times: user=0.13 sys=0.00, real=0.01 secs] 
2020-09-29T13:06:07.805+0200: 17.125: [GC (Allocation Failure) 2020-09-29T13:06:07.805+0200: 17.125: [ParNew: 557407K->8264K(613440K), 0.0077477 secs] 557798K->8654K(2029056K), 0.0078008 secs] [Times: user=0.00 sys=0.00, real=0.01 secs] 
2020-09-29T13:06:07.893+0200: 17.213: [GC (Allocation Failure) 2020-09-29T13:06:07.893+0200: 17.213: [ParNew: 553608K->7375K(613440K), 0.0072022 secs] 553998K->7765K(2029056K), 0.0072569 secs] [Times: user=0.11 sys=0.01, real=0.01 secs] 
2020-09-29T13:06:07.977+0200: 17.297: [GC (Allocation Failure) 2020-09-29T13:06:07.977+0200: 17.297: [ParNew: 552719K->5828K(613440K), 0.0055956 secs] 553109K->6219K(2029056K), 0.0056695 secs] [Times: user=0.00 sys=0.00, real=0.01 secs] 
2020-09-29T13:06:08.062+0200: 17.382: [GC (Allocation Failure) 2020-09-29T13:06:08.062+0200: 17.382: [ParNew: 551172K->168K(613440K), 0.0015120 secs] 551563K->558K(2029056K), 0.0015620 secs] [Times: user=0.00 sys=0.00, real=0.00 secs] 
2020-09-29T13:06:08.140+0200: 17.460: [GC (Allocation Failure) 2020-09-29T13:06:08.140+0200: 17.460: [ParNew: 545512K->12331K(613440K), 0.0105630 secs] 545902K->12721K(2029056K), 0.0106370 secs] [Times: user=0.13 sys=0.00, real=0.01 secs] 
2020-09-29T13:06:08.232+0200: 17.552: [GC (Allocation Failure) 2020-09-29T13:06:08.232+0200: 17.552: [ParNew: 557675K->16434K(613440K), 0.0098476 secs] 558065K->16824K(2029056K), 0.0099042 secs] [Times: user=0.13 sys=0.00, real=0.01 secs] 
2020-09-29T13:06:08.320+0200: 17.640: [GC (Allocation Failure) 2020-09-29T13:06:08.320+0200: 17.640: [ParNew: 561778K->12126K(613440K), 0.0086014 secs] 562168K->12516K(2029056K), 0.0086554 secs] [Times: user=0.00 sys=0.00, real=0.01 secs] 
2020-09-29T13:06:08.408+0200: 17.728: [GC (Allocation Failure) 2020-09-29T13:06:08.408+0200: 17.728: [ParNew: 557470K->8156K(613440K), 0.0073881 secs] 557860K->8547K(2029056K), 0.0074596 secs] [Times: user=0.13 sys=0.00, real=0.01 secs] 
2020-09-29T13:06:08.491+0200: 17.812: [GC (Allocation Failure) 2020-09-29T13:06:08.491+0200: 17.812: [ParNew: 553500K->7129K(613440K), 0.0064140 secs] 553891K->7520K(2029056K), 0.0064687 secs] [Times: user=0.00 sys=0.00, real=0.01 secs] 
2020-09-29T13:06:08.590+0200: 17.911: [GC (Allocation Failure) 2020-09-29T13:06:08.590+0200: 17.911: [ParNew: 552473K->4294K(613440K), 0.0054751 secs] 552864K->4684K(2029056K), 0.0055249 secs] [Times: user=0.00 sys=0.00, real=0.01 secs] 
2020-09-29T13:06:08.683+0200: 18.003: [GC (Allocation Failure) 2020-09-29T13:06:08.683+0200: 18.003: [ParNew: 549638K->90K(613440K), 0.0019999 secs] 550028K->480K(2029056K), 0.0020523 secs] [Times: user=0.00 sys=0.00, real=0.00 secs] 
2020-09-29T13:06:08.764+0200: 18.084: [GC (Allocation Failure) 2020-09-29T13:06:08.764+0200: 18.084: [ParNew: 545434K->11779K(613440K), 0.0107334 secs] 545824K->12169K(2029056K), 0.0108077 secs] [Times: user=0.13 sys=0.00, real=0.01 secs] 
2020-09-29T13:06:08.855+0200: 18.175: [GC (Allocation Failure) 2020-09-29T13:06:08.855+0200: 18.175: [ParNew: 557123K->15719K(613440K), 0.0096170 secs] 557513K->16109K(2029056K), 0.0096713 secs] [Times: user=0.13 sys=0.00, real=0.01 secs] 
2020-09-29T13:06:08.943+0200: 18.263: [GC (Allocation Failure) 2020-09-29T13:06:08.943+0200: 18.263: [ParNew: 561063K->11610K(613440K), 0.0086242 secs] 561453K->12000K(2029056K), 0.0086828 secs] [Times: user=0.00 sys=0.00, real=0.01 secs] 
2020-09-29T13:06:09.030+0200: 18.350: [GC (Allocation Failure) 2020-09-29T13:06:09.030+0200: 18.350: [ParNew: 556954K->7916K(613440K), 0.0081799 secs] 557344K->8306K(2029056K), 0.0082291 secs] [Times: user=0.13 sys=0.00, real=0.01 secs] 
2020-09-29T13:06:09.117+0200: 18.437: [GC (Allocation Failure) 2020-09-29T13:06:09.117+0200: 18.437: [ParNew: 553260K->7037K(613440K), 0.0070183 secs] 553650K->7427K(2029056K), 0.0070743 secs] [Times: user=0.00 sys=0.00, real=0.01 secs] 
2020-09-29T13:06:09.202+0200: 18.522: [GC (Allocation Failure) 2020-09-29T13:06:09.202+0200: 18.523: [ParNew: 552381K->5533K(613440K), 0.0056377 secs] 552771K->5923K(2029056K), 0.0056916 secs] [Times: user=0.13 sys=0.00, real=0.01 secs] 
2020-09-29T13:06:09.283+0200: 18.604: [GC (Allocation Failure) 2020-09-29T13:06:09.283+0200: 18.604: [ParNew: 550877K->184K(613440K), 0.0017197 secs] 551267K->574K(2029056K), 0.0017708 secs] [Times: user=0.00 sys=0.00, real=0.00 secs] 
2020-09-29T13:06:09.363+0200: 18.683: [GC (Allocation Failure) 2020-09-29T13:06:09.363+0200: 18.683: [ParNew: 545528K->12317K(613440K), 0.0107696 secs] 545918K->12707K(2029056K), 0.0108278 secs] [Times: user=0.13 sys=0.00, real=0.01 secs] 
2020-09-29T13:06:09.450+0200: 18.770: [GC (Allocation Failure) 2020-09-29T13:06:09.450+0200: 18.770: [ParNew: 557661K->15429K(613440K), 0.0096257 secs] 558051K->15819K(2029056K), 0.0096814 secs] [Times: user=0.13 sys=0.00, real=0.01 secs] 
2020-09-29T13:06:09.538+0200: 18.859: [GC (Allocation Failure) 2020-09-29T13:06:09.538+0200: 18.859: [ParNew: 560773K->9978K(613440K), 0.0086812 secs] 561163K->10368K(2029056K), 0.0087370 secs] [Times: user=0.00 sys=0.00, real=0.01 secs] 
2020-09-29T13:06:09.630+0200: 18.951: [GC (Allocation Failure) 2020-09-29T13:06:09.630+0200: 18.951: [ParNew: 555322K->8530K(613440K), 0.0075785 secs] 555712K->8920K(2029056K), 0.0076344 secs] [Times: user=0.00 sys=0.00, real=0.01 secs] 
2020-09-29T13:06:09.715+0200: 19.036: [GC (Allocation Failure) 2020-09-29T13:06:09.715+0200: 19.036: [ParNew: 553874K->6828K(613440K), 0.0063569 secs] 554264K->7218K(2029056K), 0.0064128 secs] [Times: user=0.00 sys=0.00, real=0.01 secs] 
2020-09-29T13:06:09.799+0200: 19.119: [GC (Allocation Failure) 2020-09-29T13:06:09.799+0200: 19.119: [ParNew: 552172K->4128K(613440K), 0.0048799 secs] 552562K->4518K(2029056K), 0.0049341 secs] [Times: user=0.13 sys=0.00, real=0.00 secs] 
2020-09-29T13:06:09.884+0200: 19.204: [GC (Allocation Failure) 2020-09-29T13:06:09.884+0200: 19.204: [ParNew: 549472K->72K(613440K), 0.0018461 secs] 549862K->462K(2029056K), 0.0018976 secs] [Times: user=0.00 sys=0.00, real=0.00 secs] 
2020-09-29T13:06:09.963+0200: 19.283: [GC (Allocation Failure) 2020-09-29T13:06:09.963+0200: 19.283: [ParNew: 545416K->12101K(613440K), 0.0104603 secs] 545806K->12491K(2029056K), 0.0105422 secs] [Times: user=0.13 sys=0.00, real=0.01 secs] 
2020-09-29T13:06:10.051+0200: 19.371: [GC (Allocation Failure) 2020-09-29T13:06:10.051+0200: 19.371: [ParNew: 557445K->15223K(613440K), 0.0099360 secs] 557835K->15613K(2029056K), 0.0100073 secs] [Times: user=0.00 sys=0.00, real=0.01 secs] 
2020-09-29T13:06:10.140+0200: 19.461: [GC (Allocation Failure) 2020-09-29T13:06:10.140+0200: 19.461: [ParNew: 560567K->10152K(613440K), 0.0086749 secs] 560957K->10542K(2029056K), 0.0087299 secs] [Times: user=0.13 sys=0.00, real=0.01 secs] 
2020-09-29T13:06:10.226+0200: 19.547: [GC (Allocation Failure) 2020-09-29T13:06:10.226+0200: 19.547: [ParNew: 555496K->8805K(613440K), 0.0073906 secs] 555886K->9195K(2029056K), 0.0074449 secs] [Times: user=0.00 sys=0.00, real=0.01 secs] 
2020-09-29T13:06:10.314+0200: 19.635: [GC (Allocation Failure) 2020-09-29T13:06:10.314+0200: 19.635: [ParNew: 554149K->6931K(613440K), 0.0063303 secs] 554539K->7321K(2029056K), 0.0063862 secs] [Times: user=0.13 sys=0.00, real=0.01 secs] 
2020-09-29T13:06:10.404+0200: 19.724: [GC (Allocation Failure) 2020-09-29T13:06:10.404+0200: 19.724: [ParNew: 550375K->280K(613440K), 0.0018040 secs] 550766K->670K(2029056K), 0.0018596 secs] [Times: user=0.00 sys=0.00, real=0.00 secs] 
2020-09-29T13:06:10.484+0200: 19.804: [GC (Allocation Failure) 2020-09-29T13:06:10.484+0200: 19.804: [ParNew: 545624K->12106K(613440K), 0.0107187 secs] 546014K->12496K(2029056K), 0.0107733 secs] [Times: user=0.13 sys=0.00, real=0.01 secs] 
2020-09-29T13:06:10.581+0200: 19.901: [GC (Allocation Failure) 2020-09-29T13:06:10.581+0200: 19.901: [ParNew: 557450K->16246K(613440K), 0.0108624 secs] 557840K->16636K(2029056K), 0.0109132 secs] [Times: user=0.11 sys=0.00, real=0.01 secs] 
2020-09-29T13:06:10.679+0200: 19.999: [GC (Allocation Failure) 2020-09-29T13:06:10.679+0200: 19.999: [ParNew: 561590K->12065K(613440K), 0.0088252 secs] 561980K->12455K(2029056K), 0.0088800 secs] [Times: user=0.00 sys=0.00, real=0.01 secs] 
2020-09-29T13:06:10.767+0200: 20.087: [GC (Allocation Failure) 2020-09-29T13:06:10.767+0200: 20.087: [ParNew: 557409K->8264K(613440K), 0.0075993 secs] 557799K->8654K(2029056K), 0.0077106 secs] [Times: user=0.13 sys=0.00, real=0.01 secs] 
2020-09-29T13:06:10.853+0200: 20.173: [GC (Allocation Failure) 2020-09-29T13:06:10.853+0200: 20.173: [ParNew: 553608K->7375K(613440K), 0.0073773 secs] 553998K->7765K(2029056K), 0.0074301 secs] [Times: user=0.00 sys=0.00, real=0.01 secs] 
2020-09-29T13:06:10.939+0200: 20.260: [GC (Allocation Failure) 2020-09-29T13:06:10.939+0200: 20.260: [ParNew: 552719K->5828K(613440K), 0.0056803 secs] 553109K->6219K(2029056K), 0.0057788 secs] [Times: user=0.13 sys=0.00, real=0.01 secs] 
2020-09-29T13:06:11.023+0200: 20.344: [GC (Allocation Failure) 2020-09-29T13:06:11.023+0200: 20.344: [ParNew: 551172K->168K(613440K), 0.0015503 secs] 551563K->558K(2029056K), 0.0015982 secs] [Times: user=0.00 sys=0.00, real=0.00 secs] 
2020-09-29T13:06:11.102+0200: 20.422: [GC (Allocation Failure) 2020-09-29T13:06:11.102+0200: 20.422: [ParNew: 545512K->12331K(613440K), 0.0104696 secs] 545902K->12721K(2029056K), 0.0105424 secs] [Times: user=0.00 sys=0.00, real=0.01 secs] 
2020-09-29T13:06:11.187+0200: 20.508: [GC (Allocation Failure) 2020-09-29T13:06:11.187+0200: 20.508: [ParNew: 557675K->16434K(613440K), 0.0098578 secs] 558065K->16824K(2029056K), 0.0099127 secs] [Times: user=0.13 sys=0.00, real=0.01 secs] 
2020-09-29T13:06:11.273+0200: 20.594: [GC (Allocation Failure) 2020-09-29T13:06:11.273+0200: 20.594: [ParNew: 561778K->12126K(613440K), 0.0086737 secs] 562168K->12516K(2029056K), 0.0087273 secs] [Times: user=0.00 sys=0.00, real=0.01 secs] 
2020-09-29T13:06:11.360+0200: 20.681: [GC (Allocation Failure) 2020-09-29T13:06:11.360+0200: 20.681: [ParNew: 557470K->8156K(613440K), 0.0080683 secs] 557860K->8547K(2029056K), 0.0081230 secs] [Times: user=0.13 sys=0.00, real=0.01 secs] 
2020-09-29T13:06:11.447+0200: 20.767: [GC (Allocation Failure) 2020-09-29T13:06:11.447+0200: 20.767: [ParNew: 553500K->7129K(613440K), 0.0062655 secs] 553891K->7520K(2029056K), 0.0063333 secs] [Times: user=0.00 sys=0.00, real=0.01 secs] 
2020-09-29T13:06:11.530+0200: 20.850: [GC (Allocation Failure) 2020-09-29T13:06:11.530+0200: 20.851: [ParNew: 552473K->4294K(613440K), 0.0049518 secs] 552864K->4684K(2029056K), 0.0050376 secs] [Times: user=0.00 sys=0.00, real=0.01 secs] 
2020-09-29T13:06:11.613+0200: 20.934: [GC (Allocation Failure) 2020-09-29T13:06:11.613+0200: 20.934: [ParNew: 549638K->90K(613440K), 0.0014750 secs] 550028K->480K(2029056K), 0.0015266 secs] [Times: user=0.13 sys=0.00, real=0.00 secs] 
2020-09-29T13:06:11.692+0200: 21.013: [GC (Allocation Failure) 2020-09-29T13:06:11.692+0200: 21.013: [ParNew: 545434K->11779K(613440K), 0.0104092 secs] 545824K->12169K(2029056K), 0.0104775 secs] [Times: user=0.00 sys=0.00, real=0.01 secs] 
2020-09-29T13:06:11.781+0200: 21.102: [GC (Allocation Failure) 2020-09-29T13:06:11.781+0200: 21.102: [ParNew: 557123K->15719K(613440K), 0.0092453 secs] 557513K->16109K(2029056K), 0.0093329 secs] [Times: user=0.13 sys=0.00, real=0.01 secs] 
2020-09-29T13:06:11.871+0200: 21.191: [GC (Allocation Failure) 2020-09-29T13:06:11.871+0200: 21.191: [ParNew: 561063K->11610K(613440K), 0.0088596 secs] 561453K->12000K(2029056K), 0.0089161 secs] [Times: user=0.13 sys=0.00, real=0.01 secs] 
2020-09-29T13:06:11.957+0200: 21.278: [GC (Allocation Failure) 2020-09-29T13:06:11.957+0200: 21.278: [ParNew: 556954K->7916K(613440K), 0.0075248 secs] 557344K->8306K(2029056K), 0.0075807 secs] [Times: user=0.00 sys=0.00, real=0.01 secs] 
2020-09-29T13:06:12.042+0200: 21.363: [GC (Allocation Failure) 2020-09-29T13:06:12.042+0200: 21.363: [ParNew: 553260K->7037K(613440K), 0.0066602 secs] 553650K->7427K(2029056K), 0.0067136 secs] [Times: user=0.00 sys=0.00, real=0.01 secs] 
2020-09-29T13:06:12.132+0200: 21.452: [GC (Allocation Failure) 2020-09-29T13:06:12.132+0200: 21.452: [ParNew: 552381K->5085K(613440K), 0.0065015 secs] 552771K->5475K(2029056K), 0.0065577 secs] [Times: user=0.00 sys=0.00, real=0.01 secs] 
2020-09-29T13:06:12.232+0200: 21.552: [GC (Allocation Failure) 2020-09-29T13:06:12.232+0200: 21.552: [ParNew: 550429K->184K(613440K), 0.0018898 secs] 550819K->574K(2029056K), 0.0019430 secs] [Times: user=0.00 sys=0.00, real=0.00 secs] 
2020-09-29T13:06:12.317+0200: 21.637: [GC (Allocation Failure) 2020-09-29T13:06:12.317+0200: 21.637: [ParNew: 545528K->12363K(613440K), 0.0107493 secs] 545918K->12753K(2029056K), 0.0108258 secs] [Times: user=0.00 sys=0.00, real=0.01 secs] 
2020-09-29T13:06:12.408+0200: 21.728: [GC (Allocation Failure) 2020-09-29T13:06:12.408+0200: 21.728: [ParNew: 557707K->15429K(613440K), 0.0095081 secs] 558097K->15819K(2029056K), 0.0095604 secs] [Times: user=0.13 sys=0.00, real=0.01 secs] 
2020-09-29T13:06:12.493+0200: 21.814: [GC (Allocation Failure) 2020-09-29T13:06:12.493+0200: 21.814: [ParNew: 560773K->9978K(613440K), 0.0082356 secs] 561163K->10368K(2029056K), 0.0082897 secs] [Times: user=0.00 sys=0.00, real=0.01 secs] 
2020-09-29T13:06:12.581+0200: 21.901: [GC (Allocation Failure) 2020-09-29T13:06:12.581+0200: 21.901: [ParNew: 555322K->7708K(613440K), 0.0073945 secs] 555712K->8098K(2029056K), 0.0074516 secs] [Times: user=0.11 sys=0.00, real=0.01 secs] 
2020-09-29T13:06:12.669+0200: 21.990: [GC (Allocation Failure) 2020-09-29T13:06:12.669+0200: 21.990: [ParNew: 553052K->6828K(613440K), 0.0065124 secs] 553442K->7218K(2029056K), 0.0065663 secs] [Times: user=0.00 sys=0.00, real=0.01 secs] 
2020-09-29T13:06:12.751+0200: 22.072: [GC (Allocation Failure) 2020-09-29T13:06:12.751+0200: 22.072: [ParNew: 552172K->4128K(613440K), 0.0048288 secs] 552562K->4518K(2029056K), 0.0048816 secs] [Times: user=0.13 sys=0.00, real=0.01 secs] 
2020-09-29T13:06:12.833+0200: 22.153: [GC (Allocation Failure) 2020-09-29T13:06:12.833+0200: 22.153: [ParNew: 549472K->72K(613440K), 0.0018296 secs] 549862K->462K(2029056K), 0.0018816 secs] [Times: user=0.00 sys=0.00, real=0.00 secs] 
2020-09-29T13:06:12.915+0200: 22.236: [GC (Allocation Failure) 2020-09-29T13:06:12.915+0200: 22.236: [ParNew: 545416K->12119K(613440K), 0.0105320 secs] 545806K->12510K(2029056K), 0.0106068 secs] [Times: user=0.00 sys=0.00, real=0.01 secs] 
Heap
 par new generation   total 613440K, used 546028K [0x0000000080000000, 0x00000000a9990000, 0x00000000a9990000)
  eden space 545344K,  97% used [0x0000000080000000, 0x00000000a0965330, 0x00000000a1490000)
  from space 68096K,  17% used [0x00000000a1490000, 0x00000000a2065fd0, 0x00000000a5710000)
  to   space 68096K,   0% used [0x00000000a5710000, 0x00000000a5710000, 0x00000000a9990000)
 concurrent mark-sweep generation total 1415616K, used 390K [0x00000000a9990000, 0x0000000100000000, 0x0000000100000000)
 Metaspace       used 2594K, capacity 4486K, committed 4864K, reserved 1056768K
  class space    used 285K, capacity 386K, committed 512K, reserved 1048576K
