Java HotSpot(TM) 64-Bit Server VM (25.261-b12) for windows-amd64 JRE (1.8.0_261-b12), built on Jun 18 2020 06:56:32 by "" with unknown MS VC++:1916
Memory: 4k page, physical 16659684k(8797948k free), swap 23213284k(7846280k free)
CommandLine flags: -XX:InitialHeapSize=2147483648 -XX:MaxHeapSize=2147483648 -XX:MaxNewSize=697933824 -XX:MaxTenuringThreshold=6 -XX:NewSize=697933824 -XX:OldPLABSize=16 -XX:OldSize=1395867648 -XX:+PrintGC -XX:+PrintGCDateStamps -XX:+PrintGCDetails -XX:+PrintGCTimeStamps -XX:+UseCompressedClassPointers -XX:+UseCompressedOops -XX:+UseConcMarkSweepGC -XX:-UseLargePagesIndividualAllocation -XX:+UseParNewGC 
2020-09-29T13:03:57.327+0200: 0.411: [GC (Allocation Failure) 2020-09-29T13:03:57.327+0200: 0.412: [ParNew: 545344K->4409K(613440K), 0.0113749 secs] 545344K->4409K(2029056K), 0.0115095 secs] [Times: user=0.13 sys=0.00, real=0.01 secs] 
2020-09-29T13:03:57.430+0200: 0.516: [GC (Allocation Failure) 2020-09-29T13:03:57.430+0200: 0.516: [ParNew: 549753K->4594K(613440K), 0.0061022 secs] 549753K->4594K(2029056K), 0.0061563 secs] [Times: user=0.00 sys=0.00, real=0.01 secs] 
2020-09-29T13:03:57.515+0200: 0.600: [GC (Allocation Failure) 2020-09-29T13:03:57.515+0200: 0.600: [ParNew: 549938K->874K(613440K), 0.0018275 secs] 549938K->874K(2029056K), 0.0018805 secs] [Times: user=0.00 sys=0.00, real=0.00 secs] 
2020-09-29T13:03:57.596+0200: 0.682: [GC (Allocation Failure) 2020-09-29T13:03:57.596+0200: 0.682: [ParNew: 546218K->12720K(613440K), 0.0136363 secs] 546218K->12720K(2029056K), 0.0136942 secs] [Times: user=0.13 sys=0.00, real=0.01 secs] 
2020-09-29T13:03:57.702+0200: 0.787: [GC (Allocation Failure) 2020-09-29T13:03:57.702+0200: 0.787: [ParNew: 558064K->16891K(613440K), 0.0126554 secs] 558064K->16891K(2029056K), 0.0127219 secs] [Times: user=0.11 sys=0.00, real=0.01 secs] 
2020-09-29T13:03:57.804+0200: 0.889: [GC (Allocation Failure) 2020-09-29T13:03:57.804+0200: 0.889: [ParNew: 562235K->10680K(613440K), 0.0090802 secs] 562235K->10680K(2029056K), 0.0091402 secs] [Times: user=0.00 sys=0.00, real=0.01 secs] 
2020-09-29T13:03:57.896+0200: 0.981: [GC (Allocation Failure) 2020-09-29T13:03:57.896+0200: 0.981: [ParNew: 556024K->9595K(613440K), 0.0088062 secs] 556024K->9985K(2029056K), 0.0088635 secs] [Times: user=0.00 sys=0.00, real=0.01 secs] 
2020-09-29T13:03:57.982+0200: 1.067: [GC (Allocation Failure) 2020-09-29T13:03:57.982+0200: 1.067: [ParNew: 554939K->7665K(613440K), 0.0066770 secs] 555329K->8055K(2029056K), 0.0067316 secs] [Times: user=0.00 sys=0.00, real=0.01 secs] 
2020-09-29T13:03:58.064+0200: 1.150: [GC (Allocation Failure) 2020-09-29T13:03:58.064+0200: 1.150: [ParNew: 553009K->4628K(613440K), 0.0053570 secs] 553399K->5018K(2029056K), 0.0054100 secs] [Times: user=0.13 sys=0.00, real=0.01 secs] 
2020-09-29T13:03:58.147+0200: 1.233: [GC (Allocation Failure) 2020-09-29T13:03:58.147+0200: 1.233: [ParNew: 549972K->147K(613440K), 0.0020622 secs] 550362K->537K(2029056K), 0.0021141 secs] [Times: user=0.00 sys=0.00, real=0.00 secs] 
2020-09-29T13:03:58.229+0200: 1.314: [GC (Allocation Failure) 2020-09-29T13:03:58.229+0200: 1.314: [ParNew: 545491K->12262K(613440K), 0.0106919 secs] 545881K->12653K(2029056K), 0.0107514 secs] [Times: user=0.13 sys=0.00, real=0.01 secs] 
2020-09-29T13:03:58.317+0200: 1.403: [GC (Allocation Failure) 2020-09-29T13:03:58.317+0200: 1.403: [ParNew: 557606K->17290K(613440K), 0.0098732 secs] 557997K->17680K(2029056K), 0.0099284 secs] [Times: user=0.00 sys=0.00, real=0.01 secs] 
2020-09-29T13:03:58.410+0200: 1.495: [GC (Allocation Failure) 2020-09-29T13:03:58.410+0200: 1.495: [ParNew: 562634K->12231K(613440K), 0.0091869 secs] 563024K->12621K(2029056K), 0.0092422 secs] [Times: user=0.00 sys=0.00, real=0.01 secs] 
2020-09-29T13:03:58.499+0200: 1.584: [GC (Allocation Failure) 2020-09-29T13:03:58.499+0200: 1.584: [ParNew: 557575K->8411K(613440K), 0.0077493 secs] 557965K->8801K(2029056K), 0.0078262 secs] [Times: user=0.13 sys=0.00, real=0.01 secs] 
2020-09-29T13:03:58.586+0200: 1.671: [GC (Allocation Failure) 2020-09-29T13:03:58.586+0200: 1.671: [ParNew: 553755K->6775K(613440K), 0.0069777 secs] 554145K->7165K(2029056K), 0.0070842 secs] [Times: user=0.00 sys=0.00, real=0.01 secs] 
2020-09-29T13:03:58.677+0200: 1.762: [GC (Allocation Failure) 2020-09-29T13:03:58.677+0200: 1.762: [ParNew: 552119K->5985K(613440K), 0.0061220 secs] 552509K->6376K(2029056K), 0.0061763 secs] [Times: user=0.00 sys=0.00, real=0.01 secs] 
2020-09-29T13:03:58.763+0200: 1.848: [GC (Allocation Failure) 2020-09-29T13:03:58.763+0200: 1.848: [ParNew: 550697K->220K(613440K), 0.0022401 secs] 551087K->610K(2029056K), 0.0023155 secs] [Times: user=0.00 sys=0.00, real=0.00 secs] 
2020-09-29T13:03:58.856+0200: 1.941: [GC (Allocation Failure) 2020-09-29T13:03:58.856+0200: 1.941: [ParNew: 545564K->12074K(613440K), 0.0107743 secs] 545954K->12464K(2029056K), 0.0108522 secs] [Times: user=0.11 sys=0.00, real=0.01 secs] 
2020-09-29T13:03:58.946+0200: 2.031: [GC (Allocation Failure) 2020-09-29T13:03:58.946+0200: 2.031: [ParNew: 557418K->15051K(613440K), 0.0102559 secs] 557808K->15442K(2029056K), 0.0103085 secs] [Times: user=0.00 sys=0.00, real=0.01 secs] 
2020-09-29T13:03:59.049+0200: 2.134: [GC (Allocation Failure) 2020-09-29T13:03:59.049+0200: 2.134: [ParNew: 560395K->10049K(613440K), 0.0085651 secs] 560786K->10439K(2029056K), 0.0086411 secs] [Times: user=0.13 sys=0.00, real=0.01 secs] 
2020-09-29T13:03:59.140+0200: 2.226: [GC (Allocation Failure) 2020-09-29T13:03:59.140+0200: 2.226: [ParNew: 555393K->8007K(613440K), 0.0080853 secs] 555783K->8397K(2029056K), 0.0081542 secs] [Times: user=0.11 sys=0.00, real=0.01 secs] 
2020-09-29T13:03:59.237+0200: 2.322: [GC (Allocation Failure) 2020-09-29T13:03:59.237+0200: 2.322: [ParNew: 553351K->7300K(613440K), 0.0070043 secs] 553741K->7690K(2029056K), 0.0075788 secs] [Times: user=0.09 sys=0.00, real=0.01 secs] 
2020-09-29T13:03:59.331+0200: 2.417: [GC (Allocation Failure) 2020-09-29T13:03:59.331+0200: 2.417: [ParNew: 552644K->4153K(613440K), 0.0056852 secs] 553034K->4543K(2029056K), 0.0057430 secs] [Times: user=0.13 sys=0.00, real=0.01 secs] 
2020-09-29T13:03:59.425+0200: 2.511: [GC (Allocation Failure) 2020-09-29T13:03:59.425+0200: 2.511: [ParNew: 549497K->135K(613440K), 0.0016428 secs] 549887K->525K(2029056K), 0.0016976 secs] [Times: user=0.13 sys=0.00, real=0.00 secs] 
2020-09-29T13:03:59.509+0200: 2.594: [GC (Allocation Failure) 2020-09-29T13:03:59.509+0200: 2.594: [ParNew: 545479K->12215K(613440K), 0.0107804 secs] 545869K->12605K(2029056K), 0.0108363 secs] [Times: user=0.00 sys=0.00, real=0.01 secs] 
2020-09-29T13:03:59.603+0200: 2.688: [GC (Allocation Failure) 2020-09-29T13:03:59.603+0200: 2.688: [ParNew: 557559K->17278K(613440K), 0.0109206 secs] 557949K->17668K(2029056K), 0.0109968 secs] [Times: user=0.13 sys=0.00, real=0.01 secs] 
2020-09-29T13:03:59.690+0200: 2.775: [GC (Allocation Failure) 2020-09-29T13:03:59.690+0200: 2.775: [ParNew: 562622K->12223K(613440K), 0.0090923 secs] 563012K->12614K(2029056K), 0.0091474 secs] [Times: user=0.13 sys=0.00, real=0.01 secs] 
2020-09-29T13:03:59.778+0200: 2.863: [GC (Allocation Failure) 2020-09-29T13:03:59.778+0200: 2.863: [ParNew: 557567K->8525K(613440K), 0.0081973 secs] 557958K->8916K(2029056K), 0.0083024 secs] [Times: user=0.00 sys=0.00, real=0.01 secs] 
2020-09-29T13:03:59.862+0200: 2.948: [GC (Allocation Failure) 2020-09-29T13:03:59.862+0200: 2.948: [ParNew: 553869K->7605K(613440K), 0.0063904 secs] 554260K->7995K(2029056K), 0.0064532 secs] [Times: user=0.13 sys=0.00, real=0.01 secs] 
2020-09-29T13:03:59.947+0200: 3.032: [GC (Allocation Failure) 2020-09-29T13:03:59.947+0200: 3.032: [ParNew: 552949K->4556K(613440K), 0.0054200 secs] 553339K->4946K(2029056K), 0.0054721 secs] [Times: user=0.00 sys=0.00, real=0.00 secs] 
2020-09-29T13:04:00.031+0200: 3.116: [GC (Allocation Failure) 2020-09-29T13:04:00.031+0200: 3.116: [ParNew: 549900K->138K(613440K), 0.0017051 secs] 550290K->529K(2029056K), 0.0017586 secs] [Times: user=0.00 sys=0.00, real=0.00 secs] 
2020-09-29T13:04:00.117+0200: 3.203: [GC (Allocation Failure) 2020-09-29T13:04:00.117+0200: 3.203: [ParNew: 545482K->12202K(613440K), 0.0111180 secs] 545873K->12592K(2029056K), 0.0111846 secs] [Times: user=0.03 sys=0.00, real=0.01 secs] 
2020-09-29T13:04:00.208+0200: 3.293: [GC (Allocation Failure) 2020-09-29T13:04:00.208+0200: 3.293: [ParNew: 557546K->17300K(613440K), 0.0098412 secs] 557936K->17691K(2029056K), 0.0099313 secs] [Times: user=0.00 sys=0.00, real=0.01 secs] 
2020-09-29T13:04:00.295+0200: 3.381: [GC (Allocation Failure) 2020-09-29T13:04:00.295+0200: 3.381: [ParNew: 562644K->12230K(613440K), 0.0085652 secs] 563035K->12620K(2029056K), 0.0086409 secs] [Times: user=0.13 sys=0.00, real=0.01 secs] 
2020-09-29T13:04:00.382+0200: 3.468: [GC (Allocation Failure) 2020-09-29T13:04:00.382+0200: 3.468: [ParNew: 557574K->8405K(613440K), 0.0079224 secs] 557964K->8796K(2029056K), 0.0079757 secs] [Times: user=0.00 sys=0.00, real=0.01 secs] 
2020-09-29T13:04:00.474+0200: 3.559: [GC (Allocation Failure) 2020-09-29T13:04:00.474+0200: 3.559: [ParNew: 553749K->7436K(613440K), 0.0069518 secs] 554140K->7826K(2029056K), 0.0070101 secs] [Times: user=0.00 sys=0.00, real=0.01 secs] 
2020-09-29T13:04:00.560+0200: 3.645: [GC (Allocation Failure) 2020-09-29T13:04:00.560+0200: 3.645: [ParNew: 552780K->4531K(613440K), 0.0055550 secs] 553170K->4922K(2029056K), 0.0056259 secs] [Times: user=0.00 sys=0.00, real=0.01 secs] 
2020-09-29T13:04:00.661+0200: 3.746: [GC (Allocation Failure) 2020-09-29T13:04:00.661+0200: 3.746: [ParNew: 549875K->136K(613440K), 0.0017387 secs] 550266K->526K(2029056K), 0.0018031 secs] [Times: user=0.00 sys=0.00, real=0.00 secs] 
2020-09-29T13:04:00.742+0200: 3.827: [GC (Allocation Failure) 2020-09-29T13:04:00.742+0200: 3.827: [ParNew: 545480K->12230K(613440K), 0.0107918 secs] 545870K->12620K(2029056K), 0.0108476 secs] [Times: user=0.00 sys=0.00, real=0.01 secs] 
2020-09-29T13:04:00.837+0200: 3.922: [GC (Allocation Failure) 2020-09-29T13:04:00.837+0200: 3.922: [ParNew: 557574K->17303K(613440K), 0.0104504 secs] 557964K->17693K(2029056K), 0.0105061 secs] [Times: user=0.00 sys=0.00, real=0.01 secs] 
2020-09-29T13:04:00.926+0200: 4.011: [GC (Allocation Failure) 2020-09-29T13:04:00.926+0200: 4.011: [ParNew: 562647K->11890K(613440K), 0.0084493 secs] 563037K->12280K(2029056K), 0.0085047 secs] [Times: user=0.13 sys=0.00, real=0.01 secs] 
2020-09-29T13:04:01.012+0200: 4.097: [GC (Allocation Failure) 2020-09-29T13:04:01.012+0200: 4.097: [ParNew: 557234K->7765K(613440K), 0.0074009 secs] 557624K->8155K(2029056K), 0.0074553 secs] [Times: user=0.00 sys=0.00, real=0.01 secs] 
2020-09-29T13:04:01.096+0200: 4.181: [GC (Allocation Failure) 2020-09-29T13:04:01.096+0200: 4.181: [ParNew: 553109K->6636K(613440K), 0.0060600 secs] 553499K->7027K(2029056K), 0.0061167 secs] [Times: user=0.13 sys=0.00, real=0.01 secs] 
2020-09-29T13:04:01.183+0200: 4.268: [GC (Allocation Failure) 2020-09-29T13:04:01.183+0200: 4.268: [ParNew: 551980K->4080K(613440K), 0.0050610 secs] 552371K->4470K(2029056K), 0.0051155 secs] [Times: user=0.00 sys=0.00, real=0.00 secs] 
2020-09-29T13:04:01.267+0200: 4.352: [GC (Allocation Failure) 2020-09-29T13:04:01.267+0200: 4.352: [ParNew: 549424K->71K(613440K), 0.0015184 secs] 549814K->461K(2029056K), 0.0015667 secs] [Times: user=0.00 sys=0.00, real=0.00 secs] 
2020-09-29T13:04:01.345+0200: 4.430: [GC (Allocation Failure) 2020-09-29T13:04:01.345+0200: 4.430: [ParNew: 545415K->12084K(613440K), 0.0106014 secs] 545805K->12474K(2029056K), 0.0106559 secs] [Times: user=0.13 sys=0.00, real=0.01 secs] 
2020-09-29T13:04:01.435+0200: 4.520: [GC (Allocation Failure) 2020-09-29T13:04:01.435+0200: 4.520: [ParNew: 557428K->17116K(613440K), 0.0102432 secs] 557818K->17506K(2029056K), 0.0102990 secs] [Times: user=0.13 sys=0.00, real=0.01 secs] 
2020-09-29T13:04:01.524+0200: 4.609: [GC (Allocation Failure) 2020-09-29T13:04:01.524+0200: 4.609: [ParNew: 562460K->12047K(613440K), 0.0084908 secs] 562850K->12437K(2029056K), 0.0085642 secs] [Times: user=0.00 sys=0.00, real=0.01 secs] 
2020-09-29T13:04:01.616+0200: 4.701: [GC (Allocation Failure) 2020-09-29T13:04:01.616+0200: 4.701: [ParNew: 557391K->8016K(613440K), 0.0080745 secs] 557781K->8406K(2029056K), 0.0081294 secs] [Times: user=0.00 sys=0.00, real=0.01 secs] 
2020-09-29T13:04:01.705+0200: 4.790: [GC (Allocation Failure) 2020-09-29T13:04:01.705+0200: 4.790: [ParNew: 553360K->6733K(613440K), 0.0063285 secs] 553750K->7123K(2029056K), 0.0063870 secs] [Times: user=0.13 sys=0.00, real=0.01 secs] 
2020-09-29T13:04:01.790+0200: 4.875: [GC (Allocation Failure) 2020-09-29T13:04:01.790+0200: 4.875: [ParNew: 550178K->273K(613440K), 0.0016973 secs] 550569K->664K(2029056K), 0.0017477 secs] [Times: user=0.00 sys=0.00, real=0.00 secs] 
2020-09-29T13:04:01.871+0200: 4.955: [GC (Allocation Failure) 2020-09-29T13:04:01.871+0200: 4.955: [ParNew: 545617K->12157K(613440K), 0.0107553 secs] 546008K->12547K(2029056K), 0.0108106 secs] [Times: user=0.13 sys=0.00, real=0.01 secs] 
2020-09-29T13:04:01.960+0200: 5.045: [GC (Allocation Failure) 2020-09-29T13:04:01.960+0200: 5.045: [ParNew: 557501K->17193K(613440K), 0.0094391 secs] 557891K->17583K(2029056K), 0.0094984 secs] [Times: user=0.00 sys=0.00, real=0.01 secs] 
2020-09-29T13:04:02.046+0200: 5.130: [GC (Allocation Failure) 2020-09-29T13:04:02.046+0200: 5.130: [ParNew: 562537K->12063K(613440K), 0.0088291 secs] 562927K->12454K(2029056K), 0.0088841 secs] [Times: user=0.13 sys=0.00, real=0.01 secs] 
2020-09-29T13:04:02.134+0200: 5.220: [GC (Allocation Failure) 2020-09-29T13:04:02.134+0200: 5.220: [ParNew: 557407K->8264K(613440K), 0.0077156 secs] 557798K->8654K(2029056K), 0.0078180 secs] [Times: user=0.00 sys=0.00, real=0.01 secs] 
2020-09-29T13:04:02.219+0200: 5.304: [GC (Allocation Failure) 2020-09-29T13:04:02.219+0200: 5.304: [ParNew: 553608K->7375K(613440K), 0.0066980 secs] 553998K->7765K(2029056K), 0.0067601 secs] [Times: user=0.13 sys=0.00, real=0.01 secs] 
2020-09-29T13:04:02.303+0200: 5.389: [GC (Allocation Failure) 2020-09-29T13:04:02.303+0200: 5.389: [ParNew: 552719K->5828K(613440K), 0.0055362 secs] 553109K->6219K(2029056K), 0.0055942 secs] [Times: user=0.00 sys=0.00, real=0.01 secs] 
2020-09-29T13:04:02.386+0200: 5.472: [GC (Allocation Failure) 2020-09-29T13:04:02.386+0200: 5.472: [ParNew: 551172K->168K(613440K), 0.0017259 secs] 551563K->558K(2029056K), 0.0017768 secs] [Times: user=0.00 sys=0.00, real=0.00 secs] 
2020-09-29T13:04:02.469+0200: 5.554: [GC (Allocation Failure) 2020-09-29T13:04:02.469+0200: 5.554: [ParNew: 545512K->12289K(613440K), 0.0104593 secs] 545902K->12679K(2029056K), 0.0105405 secs] [Times: user=0.13 sys=0.00, real=0.01 secs] 
2020-09-29T13:04:02.558+0200: 5.643: [GC (Allocation Failure) 2020-09-29T13:04:02.558+0200: 5.643: [ParNew: 557633K->17399K(613440K), 0.0097891 secs] 558023K->17789K(2029056K), 0.0098491 secs] [Times: user=0.13 sys=0.00, real=0.01 secs] 
2020-09-29T13:04:02.649+0200: 5.735: [GC (Allocation Failure) 2020-09-29T13:04:02.649+0200: 5.735: [ParNew: 562743K->12126K(613440K), 0.0086895 secs] 563133K->12516K(2029056K), 0.0087461 secs] [Times: user=0.00 sys=0.00, real=0.01 secs] 
2020-09-29T13:04:02.735+0200: 5.821: [GC (Allocation Failure) 2020-09-29T13:04:02.735+0200: 5.821: [ParNew: 557470K->8156K(613440K), 0.0075388 secs] 557860K->8547K(2029056K), 0.0075945 secs] [Times: user=0.13 sys=0.00, real=0.01 secs] 
2020-09-29T13:04:02.819+0200: 5.905: [GC (Allocation Failure) 2020-09-29T13:04:02.819+0200: 5.905: [ParNew: 553500K->7129K(613440K), 0.0062511 secs] 553891K->7520K(2029056K), 0.0063064 secs] [Times: user=0.00 sys=0.00, real=0.01 secs] 
2020-09-29T13:04:02.908+0200: 5.994: [GC (Allocation Failure) 2020-09-29T13:04:02.908+0200: 5.994: [ParNew: 552473K->4294K(613440K), 0.0052796 secs] 552864K->4684K(2029056K), 0.0053475 secs] [Times: user=0.13 sys=0.00, real=0.01 secs] 
2020-09-29T13:04:02.990+0200: 6.076: [GC (Allocation Failure) 2020-09-29T13:04:02.990+0200: 6.076: [ParNew: 549638K->90K(613440K), 0.0018836 secs] 550028K->480K(2029056K), 0.0019346 secs] [Times: user=0.00 sys=0.00, real=0.00 secs] 
2020-09-29T13:04:03.068+0200: 6.153: [GC (Allocation Failure) 2020-09-29T13:04:03.068+0200: 6.153: [ParNew: 545434K->11824K(613440K), 0.0103831 secs] 545824K->12214K(2029056K), 0.0104378 secs] [Times: user=0.00 sys=0.00, real=0.01 secs] 
2020-09-29T13:04:03.155+0200: 6.241: [GC (Allocation Failure) 2020-09-29T13:04:03.155+0200: 6.241: [ParNew: 557168K->16637K(613440K), 0.0095508 secs] 557558K->17027K(2029056K), 0.0096105 secs] [Times: user=0.13 sys=0.00, real=0.01 secs] 
2020-09-29T13:04:03.243+0200: 6.329: [GC (Allocation Failure) 2020-09-29T13:04:03.243+0200: 6.329: [ParNew: 561981K->11610K(613440K), 0.0094120 secs] 562371K->12000K(2029056K), 0.0094692 secs] [Times: user=0.00 sys=0.00, real=0.01 secs] 
2020-09-29T13:04:03.332+0200: 6.417: [GC (Allocation Failure) 2020-09-29T13:04:03.332+0200: 6.417: [ParNew: 556954K->7916K(613440K), 0.0074155 secs] 557344K->8306K(2029056K), 0.0074912 secs] [Times: user=0.00 sys=0.00, real=0.01 secs] 
2020-09-29T13:04:03.418+0200: 6.503: [GC (Allocation Failure) 2020-09-29T13:04:03.418+0200: 6.503: [ParNew: 553260K->7037K(613440K), 0.0065865 secs] 553650K->7427K(2029056K), 0.0066381 secs] [Times: user=0.00 sys=0.00, real=0.01 secs] 
2020-09-29T13:04:03.505+0200: 6.591: [GC (Allocation Failure) 2020-09-29T13:04:03.505+0200: 6.591: [ParNew: 552381K->5533K(613440K), 0.0057212 secs] 552771K->5923K(2029056K), 0.0057752 secs] [Times: user=0.00 sys=0.00, real=0.01 secs] 
2020-09-29T13:04:03.592+0200: 6.677: [GC (Allocation Failure) 2020-09-29T13:04:03.592+0200: 6.677: [ParNew: 550877K->184K(613440K), 0.0019490 secs] 551267K->574K(2029056K), 0.0020046 secs] [Times: user=0.00 sys=0.00, real=0.00 secs] 
2020-09-29T13:04:03.677+0200: 6.762: [GC (Allocation Failure) 2020-09-29T13:04:03.677+0200: 6.762: [ParNew: 545528K->12271K(613440K), 0.0107901 secs] 545918K->12661K(2029056K), 0.0108464 secs] [Times: user=0.00 sys=0.00, real=0.01 secs] 
2020-09-29T13:04:03.765+0200: 6.851: [GC (Allocation Failure) 2020-09-29T13:04:03.765+0200: 6.851: [ParNew: 557615K->17354K(613440K), 0.0096407 secs] 558005K->17744K(2029056K), 0.0096952 secs] [Times: user=0.13 sys=0.00, real=0.01 secs] 
2020-09-29T13:04:03.864+0200: 6.949: [GC (Allocation Failure) 2020-09-29T13:04:03.864+0200: 6.949: [ParNew: 562698K->11281K(613440K), 0.0093127 secs] 563088K->11672K(2029056K), 0.0093738 secs] [Times: user=0.00 sys=0.00, real=0.01 secs] 
2020-09-29T13:04:03.960+0200: 7.045: [GC (Allocation Failure) 2020-09-29T13:04:03.960+0200: 7.045: [ParNew: 556625K->7768K(613440K), 0.0071742 secs] 557016K->8158K(2029056K), 0.0072682 secs] [Times: user=0.00 sys=0.00, real=0.01 secs] 
2020-09-29T13:04:04.047+0200: 7.132: [GC (Allocation Failure) 2020-09-29T13:04:04.047+0200: 7.132: [ParNew: 553112K->6638K(613440K), 0.0062281 secs] 553502K->7028K(2029056K), 0.0062847 secs] [Times: user=0.13 sys=0.00, real=0.01 secs] 
2020-09-29T13:04:04.133+0200: 7.218: [GC (Allocation Failure) 2020-09-29T13:04:04.133+0200: 7.218: [ParNew: 551982K->4080K(613440K), 0.0047923 secs] 552372K->4470K(2029056K), 0.0048470 secs] [Times: user=0.00 sys=0.00, real=0.01 secs] 
2020-09-29T13:04:04.216+0200: 7.301: [GC (Allocation Failure) 2020-09-29T13:04:04.216+0200: 7.301: [ParNew: 549424K->71K(613440K), 0.0019157 secs] 549814K->461K(2029056K), 0.0019661 secs] [Times: user=0.00 sys=0.00, real=0.00 secs] 
2020-09-29T13:04:04.294+0200: 7.379: [GC (Allocation Failure) 2020-09-29T13:04:04.294+0200: 7.379: [ParNew: 545415K->12106K(613440K), 0.0102924 secs] 545805K->12496K(2029056K), 0.0103510 secs] [Times: user=0.13 sys=0.00, real=0.01 secs] 
2020-09-29T13:04:04.380+0200: 7.465: [GC (Allocation Failure) 2020-09-29T13:04:04.380+0200: 7.465: [ParNew: 557450K->17117K(613440K), 0.0094599 secs] 557840K->17507K(2029056K), 0.0095173 secs] [Times: user=0.00 sys=0.00, real=0.01 secs] 
2020-09-29T13:04:04.472+0200: 7.557: [GC (Allocation Failure) 2020-09-29T13:04:04.472+0200: 7.557: [ParNew: 562461K->11416K(613440K), 0.0091137 secs] 562851K->11807K(2029056K), 0.0091632 secs] [Times: user=0.11 sys=0.00, real=0.01 secs] 
2020-09-29T13:04:04.561+0200: 7.647: [GC (Allocation Failure) 2020-09-29T13:04:04.561+0200: 7.647: [ParNew: 556760K->7259K(613440K), 0.0078995 secs] 557151K->7649K(2029056K), 0.0079573 secs] [Times: user=0.11 sys=0.00, real=0.01 secs] 
2020-09-29T13:04:04.653+0200: 7.739: [GC (Allocation Failure) 2020-09-29T13:04:04.653+0200: 7.739: [ParNew: 552603K->6734K(613440K), 0.0064200 secs] 552993K->7124K(2029056K), 0.0064806 secs] [Times: user=0.00 sys=0.00, real=0.01 secs] 
2020-09-29T13:04:04.736+0200: 7.822: [GC (Allocation Failure) 2020-09-29T13:04:04.736+0200: 7.822: [ParNew: 550178K->273K(613440K), 0.0018672 secs] 550569K->664K(2029056K), 0.0019176 secs] [Times: user=0.00 sys=0.00, real=0.00 secs] 
2020-09-29T13:04:04.815+0200: 7.901: [GC (Allocation Failure) 2020-09-29T13:04:04.815+0200: 7.901: [ParNew: 545617K->12225K(613440K), 0.0104441 secs] 546008K->12616K(2029056K), 0.0105238 secs] [Times: user=0.13 sys=0.00, real=0.01 secs] 
2020-09-29T13:04:04.902+0200: 7.988: [GC (Allocation Failure) 2020-09-29T13:04:04.903+0200: 7.988: [ParNew: 557569K->17193K(613440K), 0.0094529 secs] 557960K->17583K(2029056K), 0.0095796 secs] [Times: user=0.13 sys=0.00, real=0.01 secs] 
2020-09-29T13:04:04.991+0200: 8.076: [GC (Allocation Failure) 2020-09-29T13:04:04.991+0200: 8.076: [ParNew: 562537K->12063K(613440K), 0.0086112 secs] 562927K->12454K(2029056K), 0.0086645 secs] [Times: user=0.00 sys=0.00, real=0.01 secs] 
2020-09-29T13:04:05.076+0200: 8.161: [GC (Allocation Failure) 2020-09-29T13:04:05.076+0200: 8.161: [ParNew: 557407K->8264K(613440K), 0.0074866 secs] 557798K->8654K(2029056K), 0.0075424 secs] [Times: user=0.13 sys=0.00, real=0.01 secs] 
2020-09-29T13:04:05.162+0200: 8.248: [GC (Allocation Failure) 2020-09-29T13:04:05.162+0200: 8.248: [ParNew: 553608K->7375K(613440K), 0.0068017 secs] 553998K->7765K(2029056K), 0.0068578 secs] [Times: user=0.00 sys=0.00, real=0.01 secs] 
2020-09-29T13:04:05.246+0200: 8.332: [GC (Allocation Failure) 2020-09-29T13:04:05.246+0200: 8.332: [ParNew: 552719K->5828K(613440K), 0.0055903 secs] 553109K->6219K(2029056K), 0.0056444 secs] [Times: user=0.00 sys=0.00, real=0.01 secs] 
2020-09-29T13:04:05.329+0200: 8.415: [GC (Allocation Failure) 2020-09-29T13:04:05.329+0200: 8.415: [ParNew: 551172K->168K(613440K), 0.0016902 secs] 551563K->558K(2029056K), 0.0017416 secs] [Times: user=0.00 sys=0.00, real=0.00 secs] 
2020-09-29T13:04:05.406+0200: 8.492: [GC (Allocation Failure) 2020-09-29T13:04:05.406+0200: 8.492: [ParNew: 545512K->12373K(613440K), 0.0106757 secs] 545902K->12763K(2029056K), 0.0107452 secs] [Times: user=0.13 sys=0.00, real=0.01 secs] 
2020-09-29T13:04:05.498+0200: 8.583: [GC (Allocation Failure) 2020-09-29T13:04:05.498+0200: 8.583: [ParNew: 557717K->17399K(613440K), 0.0102072 secs] 558107K->17789K(2029056K), 0.0102616 secs] [Times: user=0.13 sys=0.00, real=0.01 secs] 
2020-09-29T13:04:05.588+0200: 8.674: [GC (Allocation Failure) 2020-09-29T13:04:05.589+0200: 8.674: [ParNew: 562743K->10855K(613440K), 0.0089685 secs] 563133K->11245K(2029056K), 0.0090644 secs] [Times: user=0.02 sys=0.00, real=0.01 secs] 
2020-09-29T13:04:05.680+0200: 8.766: [GC (Allocation Failure) 2020-09-29T13:04:05.680+0200: 8.766: [ParNew: 556199K->8156K(613440K), 0.0075898 secs] 556589K->8547K(2029056K), 0.0076451 secs] [Times: user=0.00 sys=0.00, real=0.01 secs] 
2020-09-29T13:04:05.771+0200: 8.857: [GC (Allocation Failure) 2020-09-29T13:04:05.771+0200: 8.857: [ParNew: 553500K->7129K(613440K), 0.0064914 secs] 553891K->7520K(2029056K), 0.0065503 secs] [Times: user=0.00 sys=0.00, real=0.01 secs] 
2020-09-29T13:04:05.854+0200: 8.939: [GC (Allocation Failure) 2020-09-29T13:04:05.854+0200: 8.940: [ParNew: 552473K->4294K(613440K), 0.0048519 secs] 552864K->4684K(2029056K), 0.0049066 secs] [Times: user=0.00 sys=0.00, real=0.00 secs] 
2020-09-29T13:04:05.935+0200: 9.021: [GC (Allocation Failure) 2020-09-29T13:04:05.935+0200: 9.021: [ParNew: 549638K->90K(613440K), 0.0016643 secs] 550028K->480K(2029056K), 0.0017167 secs] [Times: user=0.00 sys=0.00, real=0.00 secs] 
2020-09-29T13:04:06.015+0200: 9.101: [GC (Allocation Failure) 2020-09-29T13:04:06.015+0200: 9.101: [ParNew: 545434K->11756K(613440K), 0.0103564 secs] 545824K->12146K(2029056K), 0.0104126 secs] [Times: user=0.13 sys=0.00, real=0.01 secs] 
2020-09-29T13:04:06.105+0200: 9.189: [GC (Allocation Failure) 2020-09-29T13:04:06.105+0200: 9.189: [ParNew: 557100K->16637K(613440K), 0.0095077 secs] 557490K->17027K(2029056K), 0.0095790 secs] [Times: user=0.09 sys=0.00, real=0.01 secs] 
2020-09-29T13:04:06.196+0200: 9.281: [GC (Allocation Failure) 2020-09-29T13:04:06.196+0200: 9.281: [ParNew: 561981K->11610K(613440K), 0.0089204 secs] 562371K->12000K(2029056K), 0.0089808 secs] [Times: user=0.00 sys=0.00, real=0.01 secs] 
2020-09-29T13:04:06.285+0200: 9.370: [GC (Allocation Failure) 2020-09-29T13:04:06.285+0200: 9.370: [ParNew: 556954K->7916K(613440K), 0.0075261 secs] 557344K->8306K(2029056K), 0.0076158 secs] [Times: user=0.11 sys=0.00, real=0.01 secs] 
2020-09-29T13:04:06.369+0200: 9.454: [GC (Allocation Failure) 2020-09-29T13:04:06.369+0200: 9.454: [ParNew: 553260K->7037K(613440K), 0.0063951 secs] 553650K->7427K(2029056K), 0.0064851 secs] [Times: user=0.00 sys=0.00, real=0.01 secs] 
2020-09-29T13:04:06.453+0200: 9.538: [GC (Allocation Failure) 2020-09-29T13:04:06.453+0200: 9.538: [ParNew: 552381K->5533K(613440K), 0.0057440 secs] 552771K->5923K(2029056K), 0.0057976 secs] [Times: user=0.13 sys=0.00, real=0.01 secs] 
2020-09-29T13:04:06.536+0200: 9.621: [GC (Allocation Failure) 2020-09-29T13:04:06.536+0200: 9.621: [ParNew: 550877K->184K(613440K), 0.0022526 secs] 551267K->574K(2029056K), 0.0023095 secs] [Times: user=0.00 sys=0.00, real=0.00 secs] 
2020-09-29T13:04:06.619+0200: 9.704: [GC (Allocation Failure) 2020-09-29T13:04:06.619+0200: 9.704: [ParNew: 545528K->12317K(613440K), 0.0114481 secs] 545918K->12707K(2029056K), 0.0115038 secs] [Times: user=0.13 sys=0.00, real=0.01 secs] 
2020-09-29T13:04:06.710+0200: 9.795: [GC (Allocation Failure) 2020-09-29T13:04:06.710+0200: 9.795: [ParNew: 557661K->17354K(613440K), 0.0092105 secs] 558051K->17744K(2029056K), 0.0092663 secs] [Times: user=0.00 sys=0.00, real=0.01 secs] 
2020-09-29T13:04:06.797+0200: 9.882: [GC (Allocation Failure) 2020-09-29T13:04:06.797+0200: 9.882: [ParNew: 562698K->11903K(613440K), 0.0082811 secs] 563088K->12294K(2029056K), 0.0083355 secs] [Times: user=0.13 sys=0.00, real=0.01 secs] 
2020-09-29T13:04:06.882+0200: 9.967: [GC (Allocation Failure) 2020-09-29T13:04:06.882+0200: 9.967: [ParNew: 557247K->7768K(613440K), 0.0072202 secs] 557638K->8158K(2029056K), 0.0072749 secs] [Times: user=0.00 sys=0.00, real=0.01 secs] 
2020-09-29T13:04:06.966+0200: 10.051: [GC (Allocation Failure) 2020-09-29T13:04:06.966+0200: 10.051: [ParNew: 553112K->6638K(613440K), 0.0062408 secs] 553502K->7028K(2029056K), 0.0062973 secs] [Times: user=0.00 sys=0.00, real=0.01 secs] 
2020-09-29T13:04:07.050+0200: 10.135: [GC (Allocation Failure) 2020-09-29T13:04:07.050+0200: 10.135: [ParNew: 551982K->4080K(613440K), 0.0048496 secs] 552372K->4470K(2029056K), 0.0049033 secs] [Times: user=0.13 sys=0.00, real=0.01 secs] 
2020-09-29T13:04:07.132+0200: 10.217: [GC (Allocation Failure) 2020-09-29T13:04:07.132+0200: 10.217: [ParNew: 549424K->71K(613440K), 0.0018905 secs] 549814K->461K(2029056K), 0.0019422 secs] [Times: user=0.00 sys=0.00, real=0.00 secs] 
2020-09-29T13:04:07.212+0200: 10.298: [GC (Allocation Failure) 2020-09-29T13:04:07.212+0200: 10.298: [ParNew: 545415K->12088K(613440K), 0.0104018 secs] 545805K->12478K(2029056K), 0.0104756 secs] [Times: user=0.13 sys=0.00, real=0.01 secs] 
2020-09-29T13:04:07.319+0200: 10.404: [GC (Allocation Failure) 2020-09-29T13:04:07.319+0200: 10.404: [ParNew: 557432K->17117K(613440K), 0.0096262 secs] 557822K->17507K(2029056K), 0.0096971 secs] [Times: user=0.00 sys=0.00, real=0.01 secs] 
2020-09-29T13:04:07.405+0200: 10.490: [GC (Allocation Failure) 2020-09-29T13:04:07.405+0200: 10.490: [ParNew: 562461K->12047K(613440K), 0.0083300 secs] 562851K->12437K(2029056K), 0.0083906 secs] [Times: user=0.13 sys=0.00, real=0.01 secs] 
2020-09-29T13:04:07.491+0200: 10.576: [GC (Allocation Failure) 2020-09-29T13:04:07.491+0200: 10.576: [ParNew: 557391K->8017K(613440K), 0.0071062 secs] 557781K->8407K(2029056K), 0.0071620 secs] [Times: user=0.00 sys=0.00, real=0.01 secs] 
2020-09-29T13:04:07.581+0200: 10.666: [GC (Allocation Failure) 2020-09-29T13:04:07.581+0200: 10.666: [ParNew: 553361K->6136K(613440K), 0.0066276 secs] 553751K->6526K(2029056K), 0.0066857 secs] [Times: user=0.11 sys=0.00, real=0.01 secs] 
2020-09-29T13:04:07.671+0200: 10.756: [GC (Allocation Failure) 2020-09-29T13:04:07.671+0200: 10.756: [ParNew: 549581K->398K(613440K), 0.0016203 secs] 549971K->788K(2029056K), 0.0016755 secs] [Times: user=0.00 sys=0.00, real=0.00 secs] 
2020-09-29T13:04:07.750+0200: 10.835: [GC (Allocation Failure) 2020-09-29T13:04:07.750+0200: 10.835: [ParNew: 545742K->12314K(613440K), 0.0105787 secs] 546132K->12704K(2029056K), 0.0106344 secs] [Times: user=0.13 sys=0.00, real=0.01 secs] 
2020-09-29T13:04:07.842+0200: 10.927: [GC (Allocation Failure) 2020-09-29T13:04:07.842+0200: 10.927: [ParNew: 557658K->17317K(613440K), 0.0095891 secs] 558048K->17707K(2029056K), 0.0096446 secs] [Times: user=0.13 sys=0.00, real=0.01 secs] 
2020-09-29T13:04:07.930+0200: 11.015: [GC (Allocation Failure) 2020-09-29T13:04:07.930+0200: 11.015: [ParNew: 562661K->12095K(613440K), 0.0089340 secs] 563051K->12485K(2029056K), 0.0089889 secs] [Times: user=0.00 sys=0.00, real=0.01 secs] 
2020-09-29T13:04:08.018+0200: 11.103: [GC (Allocation Failure) 2020-09-29T13:04:08.018+0200: 11.103: [ParNew: 557439K->8268K(613440K), 0.0076928 secs] 557829K->8658K(2029056K), 0.0077500 secs] [Times: user=0.11 sys=0.00, real=0.01 secs] 
2020-09-29T13:04:08.102+0200: 11.187: [GC (Allocation Failure) 2020-09-29T13:04:08.102+0200: 11.187: [ParNew: 553612K->7376K(613440K), 0.0071161 secs] 554002K->7766K(2029056K), 0.0071710 secs] [Times: user=0.00 sys=0.00, real=0.01 secs] 
2020-09-29T13:04:08.188+0200: 11.273: [GC (Allocation Failure) 2020-09-29T13:04:08.188+0200: 11.273: [ParNew: 552720K->5829K(613440K), 0.0056659 secs] 553110K->6219K(2029056K), 0.0057209 secs] [Times: user=0.13 sys=0.00, real=0.01 secs] 
2020-09-29T13:04:08.272+0200: 11.357: [GC (Allocation Failure) 2020-09-29T13:04:08.272+0200: 11.357: [ParNew: 551173K->168K(613440K), 0.0019234 secs] 551563K->558K(2029056K), 0.0019815 secs] [Times: user=0.00 sys=0.00, real=0.00 secs] 
2020-09-29T13:04:08.351+0200: 11.436: [GC (Allocation Failure) 2020-09-29T13:04:08.351+0200: 11.437: [ParNew: 545512K->12289K(613440K), 0.0105256 secs] 545902K->12679K(2029056K), 0.0105924 secs] [Times: user=0.00 sys=0.00, real=0.01 secs] 
2020-09-29T13:04:08.439+0200: 11.525: [GC (Allocation Failure) 2020-09-29T13:04:08.439+0200: 11.525: [ParNew: 557633K->17399K(613440K), 0.0094533 secs] 558023K->17789K(2029056K), 0.0095433 secs] [Times: user=0.13 sys=0.00, real=0.01 secs] 
2020-09-29T13:04:08.525+0200: 11.611: [GC (Allocation Failure) 2020-09-29T13:04:08.525+0200: 11.611: [ParNew: 562743K->12126K(613440K), 0.0084922 secs] 563133K->12516K(2029056K), 0.0085471 secs] [Times: user=0.00 sys=0.00, real=0.01 secs] 
2020-09-29T13:04:08.618+0200: 11.704: [GC (Allocation Failure) 2020-09-29T13:04:08.618+0200: 11.704: [ParNew: 557470K->8156K(613440K), 0.0077812 secs] 557860K->8547K(2029056K), 0.0078462 secs] [Times: user=0.00 sys=0.00, real=0.01 secs] 
2020-09-29T13:04:08.719+0200: 11.804: [GC (Allocation Failure) 2020-09-29T13:04:08.719+0200: 11.804: [ParNew: 553500K->7129K(613440K), 0.0071142 secs] 553891K->7520K(2029056K), 0.0071818 secs] [Times: user=0.13 sys=0.00, real=0.01 secs] 
2020-09-29T13:04:08.803+0200: 11.889: [GC (Allocation Failure) 2020-09-29T13:04:08.803+0200: 11.889: [ParNew: 552473K->4294K(613440K), 0.0050080 secs] 552864K->4684K(2029056K), 0.0050675 secs] [Times: user=0.00 sys=0.00, real=0.01 secs] 
2020-09-29T13:04:08.888+0200: 11.973: [GC (Allocation Failure) 2020-09-29T13:04:08.888+0200: 11.973: [ParNew: 549638K->90K(613440K), 0.0014869 secs] 550028K->480K(2029056K), 0.0015703 secs] [Times: user=0.00 sys=0.00, real=0.00 secs] 
2020-09-29T13:04:08.967+0200: 12.053: [GC (Allocation Failure) 2020-09-29T13:04:08.967+0200: 12.053: [ParNew: 545434K->11801K(613440K), 0.0105415 secs] 545824K->12192K(2029056K), 0.0105999 secs] [Times: user=0.13 sys=0.00, real=0.01 secs] 
2020-09-29T13:04:09.055+0200: 12.141: [GC (Allocation Failure) 2020-09-29T13:04:09.055+0200: 12.141: [ParNew: 557145K->16637K(613440K), 0.0093318 secs] 557536K->17027K(2029056K), 0.0093827 secs] [Times: user=0.00 sys=0.00, real=0.01 secs] 
2020-09-29T13:04:09.142+0200: 12.227: [GC (Allocation Failure) 2020-09-29T13:04:09.142+0200: 12.227: [ParNew: 561981K->11610K(613440K), 0.0084860 secs] 562371K->12000K(2029056K), 0.0085842 secs] [Times: user=0.13 sys=0.00, real=0.01 secs] 
2020-09-29T13:04:09.229+0200: 12.314: [GC (Allocation Failure) 2020-09-29T13:04:09.229+0200: 12.314: [ParNew: 556954K->7916K(613440K), 0.0074168 secs] 557344K->8306K(2029056K), 0.0074744 secs] [Times: user=0.00 sys=0.00, real=0.01 secs] 
2020-09-29T13:04:09.317+0200: 12.403: [GC (Allocation Failure) 2020-09-29T13:04:09.317+0200: 12.403: [ParNew: 553260K->7037K(613440K), 0.0064368 secs] 553650K->7427K(2029056K), 0.0064907 secs] [Times: user=0.00 sys=0.00, real=0.01 secs] 
2020-09-29T13:04:09.401+0200: 12.486: [GC (Allocation Failure) 2020-09-29T13:04:09.401+0200: 12.487: [ParNew: 552381K->5533K(613440K), 0.0055778 secs] 552771K->5923K(2029056K), 0.0056333 secs] [Times: user=0.00 sys=0.00, real=0.01 secs] 
2020-09-29T13:04:09.485+0200: 12.571: [GC (Allocation Failure) 2020-09-29T13:04:09.485+0200: 12.571: [ParNew: 550877K->184K(613440K), 0.0017167 secs] 551267K->574K(2029056K), 0.0017681 secs] [Times: user=0.00 sys=0.00, real=0.00 secs] 
2020-09-29T13:04:09.565+0200: 12.650: [GC (Allocation Failure) 2020-09-29T13:04:09.565+0200: 12.650: [ParNew: 545528K->12317K(613440K), 0.0108451 secs] 545918K->12707K(2029056K), 0.0109007 secs] [Times: user=0.13 sys=0.00, real=0.01 secs] 
2020-09-29T13:04:09.661+0200: 12.746: [GC (Allocation Failure) 2020-09-29T13:04:09.661+0200: 12.746: [ParNew: 557661K->16392K(613440K), 0.0096324 secs] 558051K->16782K(2029056K), 0.0096873 secs] [Times: user=0.00 sys=0.00, real=0.01 secs] 
2020-09-29T13:04:09.749+0200: 12.834: [GC (Allocation Failure) 2020-09-29T13:04:09.749+0200: 12.834: [ParNew: 561736K->11903K(613440K), 0.0082734 secs] 562126K->12294K(2029056K), 0.0083297 secs] [Times: user=0.13 sys=0.00, real=0.01 secs] 
2020-09-29T13:04:09.837+0200: 12.922: [GC (Allocation Failure) 2020-09-29T13:04:09.837+0200: 12.922: [ParNew: 557247K->7768K(613440K), 0.0071162 secs] 557638K->8158K(2029056K), 0.0072244 secs] [Times: user=0.00 sys=0.00, real=0.01 secs] 
2020-09-29T13:04:09.923+0200: 13.008: [GC (Allocation Failure) 2020-09-29T13:04:09.923+0200: 13.008: [ParNew: 553112K->6638K(613440K), 0.0062887 secs] 553502K->7028K(2029056K), 0.0063420 secs] [Times: user=0.13 sys=0.00, real=0.01 secs] 
2020-09-29T13:04:10.007+0200: 13.092: [GC (Allocation Failure) 2020-09-29T13:04:10.007+0200: 13.092: [ParNew: 551982K->4080K(613440K), 0.0047419 secs] 552372K->4470K(2029056K), 0.0047953 secs] [Times: user=0.00 sys=0.00, real=0.01 secs] 
2020-09-29T13:04:10.091+0200: 13.176: [GC (Allocation Failure) 2020-09-29T13:04:10.091+0200: 13.176: [ParNew: 549424K->71K(613440K), 0.0015458 secs] 549814K->461K(2029056K), 0.0015983 secs] [Times: user=0.00 sys=0.00, real=0.00 secs] 
2020-09-29T13:04:10.172+0200: 13.257: [GC (Allocation Failure) 2020-09-29T13:04:10.172+0200: 13.257: [ParNew: 545415K->12088K(613440K), 0.0106679 secs] 545805K->12478K(2029056K), 0.0107242 secs] [Times: user=0.13 sys=0.00, real=0.01 secs] 
2020-09-29T13:04:10.260+0200: 13.345: [GC (Allocation Failure) 2020-09-29T13:04:10.260+0200: 13.345: [ParNew: 557432K->17117K(613440K), 0.0094532 secs] 557822K->17507K(2029056K), 0.0095244 secs] [Times: user=0.00 sys=0.00, real=0.01 secs] 
2020-09-29T13:04:10.347+0200: 13.432: [GC (Allocation Failure) 2020-09-29T13:04:10.347+0200: 13.432: [ParNew: 562461K->12047K(613440K), 0.0082132 secs] 562851K->12437K(2029056K), 0.0082702 secs] [Times: user=0.13 sys=0.00, real=0.01 secs] 
2020-09-29T13:04:10.431+0200: 13.516: [GC (Allocation Failure) 2020-09-29T13:04:10.431+0200: 13.516: [ParNew: 557391K->8017K(613440K), 0.0073739 secs] 557781K->8407K(2029056K), 0.0074334 secs] [Times: user=0.00 sys=0.00, real=0.01 secs] 
2020-09-29T13:04:10.518+0200: 13.603: [GC (Allocation Failure) 2020-09-29T13:04:10.518+0200: 13.603: [ParNew: 553361K->6734K(613440K), 0.0064055 secs] 553751K->7124K(2029056K), 0.0064592 secs] [Times: user=0.13 sys=0.00, real=0.01 secs] 
2020-09-29T13:04:10.603+0200: 13.688: [GC (Allocation Failure) 2020-09-29T13:04:10.603+0200: 13.688: [ParNew: 550178K->273K(613440K), 0.0019146 secs] 550569K->664K(2029056K), 0.0019706 secs] [Times: user=0.00 sys=0.00, real=0.00 secs] 
2020-09-29T13:04:10.692+0200: 13.777: [GC (Allocation Failure) 2020-09-29T13:04:10.692+0200: 13.777: [ParNew: 545617K->12157K(613440K), 0.0105274 secs] 546008K->12547K(2029056K), 0.0105803 secs] [Times: user=0.00 sys=0.00, real=0.01 secs] 
2020-09-29T13:04:10.779+0200: 13.864: [GC (Allocation Failure) 2020-09-29T13:04:10.779+0200: 13.864: [ParNew: 557501K->17193K(613440K), 0.0094887 secs] 557891K->17583K(2029056K), 0.0095868 secs] [Times: user=0.13 sys=0.00, real=0.01 secs] 
2020-09-29T13:04:10.866+0200: 13.951: [GC (Allocation Failure) 2020-09-29T13:04:10.866+0200: 13.951: [ParNew: 562537K->12063K(613440K), 0.0085788 secs] 562927K->12454K(2029056K), 0.0086325 secs] [Times: user=0.00 sys=0.00, real=0.01 secs] 
2020-09-29T13:04:10.951+0200: 14.036: [GC (Allocation Failure) 2020-09-29T13:04:10.951+0200: 14.036: [ParNew: 557407K->8264K(613440K), 0.0077221 secs] 557798K->8654K(2029056K), 0.0077784 secs] [Times: user=0.13 sys=0.00, real=0.01 secs] 
2020-09-29T13:04:11.035+0200: 14.120: [GC (Allocation Failure) 2020-09-29T13:04:11.035+0200: 14.120: [ParNew: 553608K->7375K(613440K), 0.0066615 secs] 553998K->7765K(2029056K), 0.0067162 secs] [Times: user=0.13 sys=0.00, real=0.01 secs] 
2020-09-29T13:04:11.117+0200: 14.202: [GC (Allocation Failure) 2020-09-29T13:04:11.117+0200: 14.202: [ParNew: 552719K->5828K(613440K), 0.0055270 secs] 553109K->6219K(2029056K), 0.0055980 secs] [Times: user=0.00 sys=0.00, real=0.01 secs] 
2020-09-29T13:04:11.202+0200: 14.287: [GC (Allocation Failure) 2020-09-29T13:04:11.202+0200: 14.287: [ParNew: 551172K->168K(613440K), 0.0019542 secs] 551563K->558K(2029056K), 0.0020042 secs] [Times: user=0.00 sys=0.00, real=0.00 secs] 
2020-09-29T13:04:11.281+0200: 14.366: [GC (Allocation Failure) 2020-09-29T13:04:11.281+0200: 14.366: [ParNew: 545512K->12331K(613440K), 0.0106511 secs] 545902K->12721K(2029056K), 0.0107058 secs] [Times: user=0.13 sys=0.00, real=0.01 secs] 
2020-09-29T13:04:11.369+0200: 14.454: [GC (Allocation Failure) 2020-09-29T13:04:11.369+0200: 14.454: [ParNew: 557675K->17399K(613440K), 0.0096253 secs] 558065K->17789K(2029056K), 0.0096813 secs] [Times: user=0.00 sys=0.00, real=0.01 secs] 
2020-09-29T13:04:11.457+0200: 14.542: [GC (Allocation Failure) 2020-09-29T13:04:11.457+0200: 14.542: [ParNew: 562743K->12126K(613440K), 0.0087903 secs] 563133K->12516K(2029056K), 0.0088663 secs] [Times: user=0.02 sys=0.00, real=0.01 secs] 
2020-09-29T13:04:11.546+0200: 14.631: [GC (Allocation Failure) 2020-09-29T13:04:11.546+0200: 14.631: [ParNew: 557470K->8156K(613440K), 0.0077177 secs] 557860K->8547K(2029056K), 0.0077730 secs] [Times: user=0.13 sys=0.00, real=0.01 secs] 
2020-09-29T13:04:11.634+0200: 14.719: [GC (Allocation Failure) 2020-09-29T13:04:11.634+0200: 14.719: [ParNew: 553500K->7129K(613440K), 0.0068412 secs] 553891K->7520K(2029056K), 0.0068937 secs] [Times: user=0.00 sys=0.00, real=0.01 secs] 
2020-09-29T13:04:11.721+0200: 14.806: [GC (Allocation Failure) 2020-09-29T13:04:11.721+0200: 14.806: [ParNew: 552473K->4294K(613440K), 0.0052275 secs] 552864K->4684K(2029056K), 0.0052809 secs] [Times: user=0.13 sys=0.00, real=0.01 secs] 
2020-09-29T13:04:11.805+0200: 14.890: [GC (Allocation Failure) 2020-09-29T13:04:11.805+0200: 14.890: [ParNew: 549638K->90K(613440K), 0.0017868 secs] 550028K->480K(2029056K), 0.0018371 secs] [Times: user=0.00 sys=0.00, real=0.00 secs] 
2020-09-29T13:04:11.883+0200: 14.968: [GC (Allocation Failure) 2020-09-29T13:04:11.883+0200: 14.968: [ParNew: 545434K->11779K(613440K), 0.0104050 secs] 545824K->12169K(2029056K), 0.0104605 secs] [Times: user=0.00 sys=0.00, real=0.01 secs] 
2020-09-29T13:04:11.972+0200: 15.058: [GC (Allocation Failure) 2020-09-29T13:04:11.972+0200: 15.058: [ParNew: 557123K->16637K(613440K), 0.0095386 secs] 557513K->17027K(2029056K), 0.0095945 secs] [Times: user=0.05 sys=0.00, real=0.01 secs] 
2020-09-29T13:04:12.059+0200: 15.145: [GC (Allocation Failure) 2020-09-29T13:04:12.059+0200: 15.145: [ParNew: 561981K->11610K(613440K), 0.0082181 secs] 562371K->12000K(2029056K), 0.0083101 secs] [Times: user=0.13 sys=0.00, real=0.01 secs] 
2020-09-29T13:04:12.145+0200: 15.230: [GC (Allocation Failure) 2020-09-29T13:04:12.145+0200: 15.230: [ParNew: 556954K->7916K(613440K), 0.0072905 secs] 557344K->8306K(2029056K), 0.0073486 secs] [Times: user=0.00 sys=0.00, real=0.01 secs] 
2020-09-29T13:04:12.229+0200: 15.314: [GC (Allocation Failure) 2020-09-29T13:04:12.229+0200: 15.314: [ParNew: 553260K->7037K(613440K), 0.0066250 secs] 553650K->7427K(2029056K), 0.0066991 secs] [Times: user=0.00 sys=0.00, real=0.01 secs] 
2020-09-29T13:04:12.312+0200: 15.397: [GC (Allocation Failure) 2020-09-29T13:04:12.312+0200: 15.397: [ParNew: 552381K->5533K(613440K), 0.0057219 secs] 552771K->5923K(2029056K), 0.0057748 secs] [Times: user=0.13 sys=0.00, real=0.00 secs] 
2020-09-29T13:04:12.394+0200: 15.480: [GC (Allocation Failure) 2020-09-29T13:04:12.394+0200: 15.480: [ParNew: 550877K->184K(613440K), 0.0017600 secs] 551267K->574K(2029056K), 0.0018097 secs] [Times: user=0.13 sys=0.00, real=0.00 secs] 
2020-09-29T13:04:12.474+0200: 15.559: [GC (Allocation Failure) 2020-09-29T13:04:12.474+0200: 15.559: [ParNew: 545528K->12317K(613440K), 0.0107514 secs] 545918K->12707K(2029056K), 0.0108387 secs] [Times: user=0.00 sys=0.00, real=0.01 secs] 
2020-09-29T13:04:12.562+0200: 15.647: [GC (Allocation Failure) 2020-09-29T13:04:12.562+0200: 15.647: [ParNew: 557661K->17354K(613440K), 0.0094344 secs] 558051K->17744K(2029056K), 0.0095073 secs] [Times: user=0.13 sys=0.00, real=0.01 secs] 
2020-09-29T13:04:12.656+0200: 15.742: [GC (Allocation Failure) 2020-09-29T13:04:12.656+0200: 15.742: [ParNew: 562698K->11903K(613440K), 0.0088949 secs] 563088K->12294K(2029056K), 0.0089465 secs] [Times: user=0.13 sys=0.00, real=0.01 secs] 
2020-09-29T13:04:12.750+0200: 15.834: [GC (Allocation Failure) 2020-09-29T13:04:12.750+0200: 15.834: [ParNew: 557247K->7768K(613440K), 0.0074766 secs] 557638K->8158K(2029056K), 0.0075341 secs] [Times: user=0.13 sys=0.00, real=0.01 secs] 
2020-09-29T13:04:12.834+0200: 15.919: [GC (Allocation Failure) 2020-09-29T13:04:12.834+0200: 15.919: [ParNew: 553112K->6638K(613440K), 0.0062658 secs] 553502K->7028K(2029056K), 0.0063200 secs] [Times: user=0.00 sys=0.00, real=0.01 secs] 
2020-09-29T13:04:12.916+0200: 16.001: [GC (Allocation Failure) 2020-09-29T13:04:12.916+0200: 16.001: [ParNew: 551982K->4080K(613440K), 0.0045940 secs] 552372K->4470K(2029056K), 0.0046466 secs] [Times: user=0.00 sys=0.00, real=0.01 secs] 
2020-09-29T13:04:13.000+0200: 16.085: [GC (Allocation Failure) 2020-09-29T13:04:13.000+0200: 16.085: [ParNew: 549424K->71K(613440K), 0.0014990 secs] 549814K->461K(2029056K), 0.0015511 secs] [Times: user=0.00 sys=0.00, real=0.00 secs] 
2020-09-29T13:04:13.077+0200: 16.163: [GC (Allocation Failure) 2020-09-29T13:04:13.077+0200: 16.163: [ParNew: 545415K->12106K(613440K), 0.0104032 secs] 545805K->12496K(2029056K), 0.0104573 secs] [Times: user=0.13 sys=0.00, real=0.01 secs] 
2020-09-29T13:04:13.165+0200: 16.251: [GC (Allocation Failure) 2020-09-29T13:04:13.166+0200: 16.251: [ParNew: 557450K->17117K(613440K), 0.0100215 secs] 557840K->17507K(2029056K), 0.0100769 secs] [Times: user=0.01 sys=0.00, real=0.01 secs] 
2020-09-29T13:04:13.253+0200: 16.338: [GC (Allocation Failure) 2020-09-29T13:04:13.253+0200: 16.338: [ParNew: 562461K->12047K(613440K), 0.0085340 secs] 562851K->12437K(2029056K), 0.0085882 secs] [Times: user=0.13 sys=0.00, real=0.01 secs] 
2020-09-29T13:04:13.339+0200: 16.424: [GC (Allocation Failure) 2020-09-29T13:04:13.339+0200: 16.424: [ParNew: 557391K->8017K(613440K), 0.0074044 secs] 557781K->8407K(2029056K), 0.0074549 secs] [Times: user=0.00 sys=0.00, real=0.01 secs] 
2020-09-29T13:04:13.424+0200: 16.509: [GC (Allocation Failure) 2020-09-29T13:04:13.424+0200: 16.509: [ParNew: 553361K->6734K(613440K), 0.0061714 secs] 553751K->7124K(2029056K), 0.0062477 secs] [Times: user=0.11 sys=0.00, real=0.01 secs] 
2020-09-29T13:04:13.506+0200: 16.592: [GC (Allocation Failure) 2020-09-29T13:04:13.506+0200: 16.592: [ParNew: 550178K->273K(613440K), 0.0017319 secs] 550569K->664K(2029056K), 0.0017873 secs] [Times: user=0.00 sys=0.00, real=0.00 secs] 
2020-09-29T13:04:13.587+0200: 16.672: [GC (Allocation Failure) 2020-09-29T13:04:13.587+0200: 16.672: [ParNew: 545617K->12225K(613440K), 0.0107110 secs] 546008K->12616K(2029056K), 0.0108192 secs] [Times: user=0.13 sys=0.00, real=0.01 secs] 
2020-09-29T13:04:13.677+0200: 16.762: [GC (Allocation Failure) 2020-09-29T13:04:13.677+0200: 16.762: [ParNew: 557569K->16240K(613440K), 0.0100087 secs] 557960K->16630K(2029056K), 0.0100916 secs] [Times: user=0.00 sys=0.00, real=0.01 secs] 
2020-09-29T13:04:13.764+0200: 16.849: [GC (Allocation Failure) 2020-09-29T13:04:13.764+0200: 16.849: [ParNew: 561584K->12063K(613440K), 0.0088055 secs] 561974K->12454K(2029056K), 0.0088616 secs] [Times: user=0.13 sys=0.00, real=0.01 secs] 
2020-09-29T13:04:13.851+0200: 16.936: [GC (Allocation Failure) 2020-09-29T13:04:13.851+0200: 16.936: [ParNew: 557407K->8264K(613440K), 0.0075987 secs] 557798K->8654K(2029056K), 0.0076933 secs] [Times: user=0.00 sys=0.00, real=0.01 secs] 
2020-09-29T13:04:13.936+0200: 17.022: [GC (Allocation Failure) 2020-09-29T13:04:13.936+0200: 17.022: [ParNew: 553608K->7375K(613440K), 0.0064397 secs] 553998K->7765K(2029056K), 0.0064972 secs] [Times: user=0.13 sys=0.00, real=0.01 secs] 
2020-09-29T13:04:14.020+0200: 17.105: [GC (Allocation Failure) 2020-09-29T13:04:14.020+0200: 17.105: [ParNew: 552719K->5828K(613440K), 0.0057037 secs] 553109K->6219K(2029056K), 0.0057765 secs] [Times: user=0.00 sys=0.00, real=0.01 secs] 
2020-09-29T13:04:14.102+0200: 17.187: [GC (Allocation Failure) 2020-09-29T13:04:14.102+0200: 17.187: [ParNew: 551172K->168K(613440K), 0.0016833 secs] 551563K->558K(2029056K), 0.0017338 secs] [Times: user=0.00 sys=0.00, real=0.00 secs] 
2020-09-29T13:04:14.180+0200: 17.265: [GC (Allocation Failure) 2020-09-29T13:04:14.180+0200: 17.265: [ParNew: 545512K->12289K(613440K), 0.0105543 secs] 545902K->12679K(2029056K), 0.0106104 secs] [Times: user=0.00 sys=0.00, real=0.01 secs] 
2020-09-29T13:04:14.269+0200: 17.354: [GC (Allocation Failure) 2020-09-29T13:04:14.269+0200: 17.354: [ParNew: 557633K->17399K(613440K), 0.0097916 secs] 558023K->17789K(2029056K), 0.0098461 secs] [Times: user=0.06 sys=0.00, real=0.01 secs] 
2020-09-29T13:04:14.367+0200: 17.453: [GC (Allocation Failure) 2020-09-29T13:04:14.367+0200: 17.453: [ParNew: 562743K->11490K(613440K), 0.0104359 secs] 563133K->11881K(2029056K), 0.0104988 secs] [Times: user=0.00 sys=0.00, real=0.01 secs] 
2020-09-29T13:04:14.468+0200: 17.553: [GC (Allocation Failure) 2020-09-29T13:04:14.468+0200: 17.553: [ParNew: 556834K->8156K(613440K), 0.0077693 secs] 557225K->8547K(2029056K), 0.0078249 secs] [Times: user=0.13 sys=0.00, real=0.01 secs] 
2020-09-29T13:04:14.555+0200: 17.640: [GC (Allocation Failure) 2020-09-29T13:04:14.555+0200: 17.640: [ParNew: 553500K->7129K(613440K), 0.0065907 secs] 553891K->7520K(2029056K), 0.0066470 secs] [Times: user=0.00 sys=0.00, real=0.01 secs] 
2020-09-29T13:04:14.645+0200: 17.730: [GC (Allocation Failure) 2020-09-29T13:04:14.645+0200: 17.730: [ParNew: 552473K->4294K(613440K), 0.0053058 secs] 552864K->4684K(2029056K), 0.0053606 secs] [Times: user=0.00 sys=0.00, real=0.01 secs] 
2020-09-29T13:04:14.729+0200: 17.815: [GC (Allocation Failure) 2020-09-29T13:04:14.729+0200: 17.815: [ParNew: 549638K->90K(613440K), 0.0017236 secs] 550028K->480K(2029056K), 0.0017746 secs] [Times: user=0.00 sys=0.00, real=0.00 secs] 
2020-09-29T13:04:14.809+0200: 17.895: [GC (Allocation Failure) 2020-09-29T13:04:14.809+0200: 17.895: [ParNew: 545434K->11779K(613440K), 0.0102536 secs] 545824K->12169K(2029056K), 0.0103261 secs] [Times: user=0.13 sys=0.00, real=0.01 secs] 
2020-09-29T13:04:14.897+0200: 17.983: [GC (Allocation Failure) 2020-09-29T13:04:14.897+0200: 17.983: [ParNew: 557123K->16637K(613440K), 0.0093583 secs] 557513K->17027K(2029056K), 0.0094122 secs] [Times: user=0.00 sys=0.00, real=0.01 secs] 
2020-09-29T13:04:14.985+0200: 18.070: [GC (Allocation Failure) 2020-09-29T13:04:14.985+0200: 18.070: [ParNew: 561981K->11610K(613440K), 0.0082745 secs] 562371K->12000K(2029056K), 0.0083782 secs] [Times: user=0.13 sys=0.00, real=0.01 secs] 
2020-09-29T13:04:15.070+0200: 18.155: [GC (Allocation Failure) 2020-09-29T13:04:15.070+0200: 18.155: [ParNew: 556954K->7916K(613440K), 0.0073882 secs] 557344K->8306K(2029056K), 0.0074638 secs] [Times: user=0.00 sys=0.00, real=0.01 secs] 
2020-09-29T13:04:15.154+0200: 18.239: [GC (Allocation Failure) 2020-09-29T13:04:15.154+0200: 18.239: [ParNew: 553260K->7037K(613440K), 0.0065822 secs] 553650K->7427K(2029056K), 0.0066465 secs] [Times: user=0.00 sys=0.01, real=0.01 secs] 
2020-09-29T13:04:15.236+0200: 18.322: [GC (Allocation Failure) 2020-09-29T13:04:15.236+0200: 18.322: [ParNew: 552381K->5533K(613440K), 0.0055544 secs] 552771K->5923K(2029056K), 0.0056291 secs] [Times: user=0.13 sys=0.00, real=0.01 secs] 
2020-09-29T13:04:15.317+0200: 18.403: [GC (Allocation Failure) 2020-09-29T13:04:15.318+0200: 18.403: [ParNew: 550877K->184K(613440K), 0.0019963 secs] 551267K->574K(2029056K), 0.0020640 secs] [Times: user=0.00 sys=0.00, real=0.00 secs] 
2020-09-29T13:04:15.398+0200: 18.483: [GC (Allocation Failure) 2020-09-29T13:04:15.398+0200: 18.483: [ParNew: 545528K->12271K(613440K), 0.0104764 secs] 545918K->12661K(2029056K), 0.0105319 secs] [Times: user=0.00 sys=0.00, real=0.01 secs] 
2020-09-29T13:04:15.489+0200: 18.574: [GC (Allocation Failure) 2020-09-29T13:04:15.489+0200: 18.574: [ParNew: 557615K->17354K(613440K), 0.0099115 secs] 558005K->17744K(2029056K), 0.0099687 secs] [Times: user=0.00 sys=0.00, real=0.01 secs] 
2020-09-29T13:04:15.577+0200: 18.662: [GC (Allocation Failure) 2020-09-29T13:04:15.577+0200: 18.662: [ParNew: 562698K->11281K(613440K), 0.0082731 secs] 563088K->11672K(2029056K), 0.0083402 secs] [Times: user=0.13 sys=0.00, real=0.01 secs] 
2020-09-29T13:04:15.670+0200: 18.755: [GC (Allocation Failure) 2020-09-29T13:04:15.670+0200: 18.755: [ParNew: 556625K->7768K(613440K), 0.0071632 secs] 557016K->8158K(2029056K), 0.0072172 secs] [Times: user=0.13 sys=0.00, real=0.01 secs] 
2020-09-29T13:04:15.757+0200: 18.842: [GC (Allocation Failure) 2020-09-29T13:04:15.758+0200: 18.842: [ParNew: 553112K->6638K(613440K), 0.0064840 secs] 553502K->7028K(2029056K), 0.0065433 secs] [Times: user=0.00 sys=0.00, real=0.01 secs] 
2020-09-29T13:04:15.846+0200: 18.931: [GC (Allocation Failure) 2020-09-29T13:04:15.846+0200: 18.931: [ParNew: 551982K->4080K(613440K), 0.0046234 secs] 552372K->4470K(2029056K), 0.0046788 secs] [Times: user=0.13 sys=0.00, real=0.01 secs] 
2020-09-29T13:04:15.930+0200: 19.015: [GC (Allocation Failure) 2020-09-29T13:04:15.930+0200: 19.015: [ParNew: 549424K->71K(613440K), 0.0015255 secs] 549814K->461K(2029056K), 0.0015773 secs] [Times: user=0.00 sys=0.00, real=0.00 secs] 
2020-09-29T13:04:16.009+0200: 19.094: [GC (Allocation Failure) 2020-09-29T13:04:16.009+0200: 19.094: [ParNew: 545415K->12088K(613440K), 0.0103320 secs] 545805K->12478K(2029056K), 0.0104078 secs] [Times: user=0.00 sys=0.00, real=0.01 secs] 
2020-09-29T13:04:16.097+0200: 19.182: [GC (Allocation Failure) 2020-09-29T13:04:16.097+0200: 19.182: [ParNew: 557432K->17117K(613440K), 0.0094474 secs] 557822K->17507K(2029056K), 0.0095040 secs] [Times: user=0.13 sys=0.00, real=0.01 secs] 
2020-09-29T13:04:16.185+0200: 19.270: [GC (Allocation Failure) 2020-09-29T13:04:16.185+0200: 19.270: [ParNew: 562461K->12047K(613440K), 0.0086664 secs] 562851K->12437K(2029056K), 0.0087206 secs] [Times: user=0.13 sys=0.00, real=0.01 secs] 
2020-09-29T13:04:16.272+0200: 19.357: [GC (Allocation Failure) 2020-09-29T13:04:16.272+0200: 19.357: [ParNew: 557391K->8017K(613440K), 0.0075597 secs] 557781K->8407K(2029056K), 0.0076159 secs] [Times: user=0.00 sys=0.00, real=0.01 secs] 
2020-09-29T13:04:16.358+0200: 19.444: [GC (Allocation Failure) 2020-09-29T13:04:16.358+0200: 19.444: [ParNew: 553361K->6734K(613440K), 0.0061405 secs] 553751K->7124K(2029056K), 0.0061965 secs] [Times: user=0.13 sys=0.00, real=0.01 secs] 
2020-09-29T13:04:16.440+0200: 19.526: [GC (Allocation Failure) 2020-09-29T13:04:16.440+0200: 19.526: [ParNew: 550178K->273K(613440K), 0.0016848 secs] 550569K->664K(2029056K), 0.0017420 secs] [Times: user=0.13 sys=0.00, real=0.00 secs] 
2020-09-29T13:04:16.521+0200: 19.606: [GC (Allocation Failure) 2020-09-29T13:04:16.521+0200: 19.606: [ParNew: 545617K->12225K(613440K), 0.0105038 secs] 546008K->12616K(2029056K), 0.0105604 secs] [Times: user=0.00 sys=0.00, real=0.01 secs] 
2020-09-29T13:04:16.612+0200: 19.697: [GC (Allocation Failure) 2020-09-29T13:04:16.612+0200: 19.697: [ParNew: 557569K->17193K(613440K), 0.0095772 secs] 557960K->17583K(2029056K), 0.0096479 secs] [Times: user=0.13 sys=0.00, real=0.01 secs] 
2020-09-29T13:04:16.701+0200: 19.787: [GC (Allocation Failure) 2020-09-29T13:04:16.701+0200: 19.787: [ParNew: 562537K->12063K(613440K), 0.0088384 secs] 562927K->12454K(2029056K), 0.0088942 secs] [Times: user=0.13 sys=0.00, real=0.01 secs] 
2020-09-29T13:04:16.790+0200: 19.876: [GC (Allocation Failure) 2020-09-29T13:04:16.790+0200: 19.876: [ParNew: 557407K->8264K(613440K), 0.0077275 secs] 557798K->8654K(2029056K), 0.0077846 secs] [Times: user=0.00 sys=0.00, real=0.01 secs] 
2020-09-29T13:04:16.873+0200: 19.959: [GC (Allocation Failure) 2020-09-29T13:04:16.873+0200: 19.959: [ParNew: 553608K->7375K(613440K), 0.0066243 secs] 553998K->7765K(2029056K), 0.0066791 secs] [Times: user=0.13 sys=0.00, real=0.01 secs] 
2020-09-29T13:04:16.956+0200: 20.041: [GC (Allocation Failure) 2020-09-29T13:04:16.956+0200: 20.042: [ParNew: 552719K->5828K(613440K), 0.0057327 secs] 553109K->6219K(2029056K), 0.0057887 secs] [Times: user=0.11 sys=0.00, real=0.01 secs] 
2020-09-29T13:04:17.040+0200: 20.126: [GC (Allocation Failure) 2020-09-29T13:04:17.040+0200: 20.126: [ParNew: 551172K->168K(613440K), 0.0017175 secs] 551563K->558K(2029056K), 0.0017685 secs] [Times: user=0.00 sys=0.00, real=0.00 secs] 
2020-09-29T13:04:17.123+0200: 20.209: [GC (Allocation Failure) 2020-09-29T13:04:17.123+0200: 20.209: [ParNew: 545512K->12331K(613440K), 0.0109710 secs] 545902K->12721K(2029056K), 0.0110327 secs] [Times: user=0.13 sys=0.00, real=0.01 secs] 
2020-09-29T13:04:17.218+0200: 20.304: [GC (Allocation Failure) 2020-09-29T13:04:17.218+0200: 20.304: [ParNew: 557675K->17399K(613440K), 0.0096541 secs] 558065K->17789K(2029056K), 0.0097086 secs] [Times: user=0.13 sys=0.00, real=0.01 secs] 
2020-09-29T13:04:17.307+0200: 20.393: [GC (Allocation Failure) 2020-09-29T13:04:17.307+0200: 20.393: [ParNew: 562743K->12126K(613440K), 0.0083971 secs] 563133K->12516K(2029056K), 0.0084560 secs] [Times: user=0.00 sys=0.00, real=0.01 secs] 
2020-09-29T13:04:17.397+0200: 20.483: [GC (Allocation Failure) 2020-09-29T13:04:17.397+0200: 20.483: [ParNew: 557470K->8156K(613440K), 0.0077072 secs] 557860K->8547K(2029056K), 0.0077637 secs] [Times: user=0.00 sys=0.00, real=0.01 secs] 
2020-09-29T13:04:17.482+0200: 20.567: [GC (Allocation Failure) 2020-09-29T13:04:17.482+0200: 20.567: [ParNew: 553500K->7129K(613440K), 0.0062661 secs] 553891K->7520K(2029056K), 0.0063223 secs] [Times: user=0.00 sys=0.00, real=0.01 secs] 
2020-09-29T13:04:17.565+0200: 20.650: [GC (Allocation Failure) 2020-09-29T13:04:17.565+0200: 20.650: [ParNew: 552473K->3709K(613440K), 0.0049459 secs] 552864K->4099K(2029056K), 0.0050033 secs] [Times: user=0.11 sys=0.00, real=0.00 secs] 
2020-09-29T13:04:17.657+0200: 20.742: [GC (Allocation Failure) 2020-09-29T13:04:17.657+0200: 20.742: [ParNew: 549053K->90K(613440K), 0.0018870 secs] 549443K->480K(2029056K), 0.0019423 secs] [Times: user=0.00 sys=0.00, real=0.00 secs] 
2020-09-29T13:04:17.743+0200: 20.828: [GC (Allocation Failure) 2020-09-29T13:04:17.743+0200: 20.828: [ParNew: 545434K->11779K(613440K), 0.0102568 secs] 545824K->12169K(2029056K), 0.0103455 secs] [Times: user=0.00 sys=0.00, real=0.01 secs] 
2020-09-29T13:04:17.833+0200: 20.918: [GC (Allocation Failure) 2020-09-29T13:04:17.833+0200: 20.918: [ParNew: 557123K->16637K(613440K), 0.0092325 secs] 557513K->17027K(2029056K), 0.0092905 secs] [Times: user=0.00 sys=0.00, real=0.01 secs] 
2020-09-29T13:04:17.919+0200: 21.004: [GC (Allocation Failure) 2020-09-29T13:04:17.919+0200: 21.004: [ParNew: 561981K->11610K(613440K), 0.0084941 secs] 562371K->12000K(2029056K), 0.0085486 secs] [Times: user=0.13 sys=0.00, real=0.01 secs] 
2020-09-29T13:04:18.005+0200: 21.090: [GC (Allocation Failure) 2020-09-29T13:04:18.005+0200: 21.090: [ParNew: 556954K->7916K(613440K), 0.0074942 secs] 557344K->8306K(2029056K), 0.0075863 secs] [Times: user=0.00 sys=0.00, real=0.01 secs] 
2020-09-29T13:04:18.089+0200: 21.175: [GC (Allocation Failure) 2020-09-29T13:04:18.090+0200: 21.175: [ParNew: 553260K->7037K(613440K), 0.0064866 secs] 553650K->7427K(2029056K), 0.0065499 secs] [Times: user=0.00 sys=0.00, real=0.01 secs] 
2020-09-29T13:04:18.175+0200: 21.260: [GC (Allocation Failure) 2020-09-29T13:04:18.175+0200: 21.260: [ParNew: 552381K->5533K(613440K), 0.0054244 secs] 552771K->5923K(2029056K), 0.0054814 secs] [Times: user=0.13 sys=0.00, real=0.01 secs] 
2020-09-29T13:04:18.260+0200: 21.345: [GC (Allocation Failure) 2020-09-29T13:04:18.260+0200: 21.345: [ParNew: 550877K->184K(613440K), 0.0018468 secs] 551267K->574K(2029056K), 0.0018992 secs] [Times: user=0.00 sys=0.00, real=0.00 secs] 
2020-09-29T13:04:18.340+0200: 21.425: [GC (Allocation Failure) 2020-09-29T13:04:18.340+0200: 21.425: [ParNew: 545528K->12271K(613440K), 0.0107938 secs] 545918K->12661K(2029056K), 0.0108524 secs] [Times: user=0.13 sys=0.00, real=0.01 secs] 
2020-09-29T13:04:18.434+0200: 21.520: [GC (Allocation Failure) 2020-09-29T13:04:18.434+0200: 21.520: [ParNew: 557615K->15429K(613440K), 0.0094153 secs] 558005K->15819K(2029056K), 0.0094701 secs] [Times: user=0.13 sys=0.00, real=0.01 secs] 
2020-09-29T13:04:18.523+0200: 21.608: [GC (Allocation Failure) 2020-09-29T13:04:18.523+0200: 21.608: [ParNew: 560773K->9978K(613440K), 0.0082809 secs] 561163K->10368K(2029056K), 0.0083375 secs] [Times: user=0.00 sys=0.00, real=0.01 secs] 
2020-09-29T13:04:18.613+0200: 21.699: [GC (Allocation Failure) 2020-09-29T13:04:18.613+0200: 21.699: [ParNew: 555322K->8530K(613440K), 0.0075543 secs] 555712K->8920K(2029056K), 0.0076146 secs] [Times: user=0.00 sys=0.02, real=0.01 secs] 
2020-09-29T13:04:18.701+0200: 21.786: [GC (Allocation Failure) 2020-09-29T13:04:18.701+0200: 21.786: [ParNew: 553874K->6828K(613440K), 0.0063230 secs] 554264K->7218K(2029056K), 0.0063791 secs] [Times: user=0.00 sys=0.00, real=0.01 secs] 
2020-09-29T13:04:18.785+0200: 21.870: [GC (Allocation Failure) 2020-09-29T13:04:18.785+0200: 21.870: [ParNew: 552172K->3856K(613440K), 0.0047639 secs] 552562K->4246K(2029056K), 0.0048140 secs] [Times: user=0.13 sys=0.00, real=0.00 secs] 
2020-09-29T13:04:18.869+0200: 21.954: [GC (Allocation Failure) 2020-09-29T13:04:18.869+0200: 21.955: [ParNew: 549200K->72K(613440K), 0.0017709 secs] 549590K->462K(2029056K), 0.0018213 secs] [Times: user=0.00 sys=0.00, real=0.00 secs] 
2020-09-29T13:04:18.946+0200: 22.032: [GC (Allocation Failure) 2020-09-29T13:04:18.946+0200: 22.032: [ParNew: 545416K->12083K(613440K), 0.0105716 secs] 545806K->12473K(2029056K), 0.0106267 secs] [Times: user=0.00 sys=0.00, real=0.01 secs] 
Heap
 par new generation   total 613440K, used 545992K [0x0000000080000000, 0x00000000a9990000, 0x00000000a9990000)
  eden space 545344K,  97% used [0x0000000080000000, 0x00000000a0965330, 0x00000000a1490000)
  from space 68096K,  17% used [0x00000000a1490000, 0x00000000a205ce50, 0x00000000a5710000)
  to   space 68096K,   0% used [0x00000000a5710000, 0x00000000a5710000, 0x00000000a9990000)
 concurrent mark-sweep generation total 1415616K, used 390K [0x00000000a9990000, 0x0000000100000000, 0x0000000100000000)
 Metaspace       used 2594K, capacity 4486K, committed 4864K, reserved 1056768K
  class space    used 285K, capacity 386K, committed 512K, reserved 1048576K
