Java HotSpot(TM) 64-Bit Server VM (25.261-b12) for windows-amd64 JRE (1.8.0_261-b12), built on Jun 18 2020 06:56:32 by "" with unknown MS VC++:1916
Memory: 4k page, physical 16659684k(8921752k free), swap 23213284k(7912184k free)
CommandLine flags: -XX:InitialHeapSize=2147483648 -XX:MaxHeapSize=2147483648 -XX:MaxNewSize=697933824 -XX:MaxTenuringThreshold=6 -XX:NewSize=697933824 -XX:OldPLABSize=16 -XX:OldSize=1395867648 -XX:+PrintGC -XX:+PrintGCDateStamps -XX:+PrintGCDetails -XX:+PrintGCTimeStamps -XX:+UseCompressedClassPointers -XX:+UseCompressedOops -XX:+UseConcMarkSweepGC -XX:-UseLargePagesIndividualAllocation -XX:+UseParNewGC 
2020-09-29T13:07:22.244+0200: 0.402: [GC (Allocation Failure) 2020-09-29T13:07:22.244+0200: 0.402: [ParNew: 545344K->4410K(613440K), 0.0159621 secs] 545344K->4410K(2029056K), 0.0160986 secs] [Times: user=0.13 sys=0.00, real=0.02 secs] 
2020-09-29T13:07:22.350+0200: 0.509: [GC (Allocation Failure) 2020-09-29T13:07:22.350+0200: 0.509: [ParNew: 549754K->4593K(613440K), 0.0059664 secs] 549754K->4593K(2029056K), 0.0060219 secs] [Times: user=0.00 sys=0.00, real=0.01 secs] 
2020-09-29T13:07:22.435+0200: 0.594: [GC (Allocation Failure) 2020-09-29T13:07:22.435+0200: 0.594: [ParNew: 549937K->971K(613440K), 0.0020244 secs] 549937K->971K(2029056K), 0.0020758 secs] [Times: user=0.00 sys=0.00, real=0.00 secs] 
2020-09-29T13:07:22.518+0200: 0.676: [GC (Allocation Failure) 2020-09-29T13:07:22.518+0200: 0.676: [ParNew: 546315K->12649K(613440K), 0.0119243 secs] 546315K->12649K(2029056K), 0.0119829 secs] [Times: user=0.09 sys=0.02, real=0.01 secs] 
2020-09-29T13:07:22.626+0200: 0.784: [GC (Allocation Failure) 2020-09-29T13:07:22.626+0200: 0.784: [ParNew: 557993K->16835K(613440K), 0.0130077 secs] 557993K->16835K(2029056K), 0.0130895 secs] [Times: user=0.11 sys=0.00, real=0.01 secs] 
2020-09-29T13:07:22.735+0200: 0.894: [GC (Allocation Failure) 2020-09-29T13:07:22.735+0200: 0.894: [ParNew: 562179K->11763K(613440K), 0.0088766 secs] 562179K->11763K(2029056K), 0.0089359 secs] [Times: user=0.13 sys=0.00, real=0.01 secs] 
2020-09-29T13:07:22.827+0200: 0.986: [GC (Allocation Failure) 2020-09-29T13:07:22.827+0200: 0.986: [ParNew: 557107K->9593K(613440K), 0.0088968 secs] 557107K->9984K(2029056K), 0.0089517 secs] [Times: user=0.13 sys=0.00, real=0.01 secs] 
2020-09-29T13:07:22.917+0200: 1.075: [GC (Allocation Failure) 2020-09-29T13:07:22.917+0200: 1.075: [ParNew: 554937K->7664K(613440K), 0.0068924 secs] 555328K->8055K(2029056K), 0.0069496 secs] [Times: user=0.00 sys=0.00, real=0.01 secs] 
2020-09-29T13:07:23.004+0200: 1.163: [GC (Allocation Failure) 2020-09-29T13:07:23.004+0200: 1.163: [ParNew: 553008K->4628K(613440K), 0.0056438 secs] 553399K->5018K(2029056K), 0.0056981 secs] [Times: user=0.00 sys=0.00, real=0.01 secs] 
2020-09-29T13:07:23.086+0200: 1.245: [GC (Allocation Failure) 2020-09-29T13:07:23.086+0200: 1.245: [ParNew: 549972K->147K(613440K), 0.0020355 secs] 550362K->537K(2029056K), 0.0021270 secs] [Times: user=0.00 sys=0.00, real=0.00 secs] 
2020-09-29T13:07:23.166+0200: 1.325: [GC (Allocation Failure) 2020-09-29T13:07:23.166+0200: 1.325: [ParNew: 545491K->12226K(613440K), 0.0106833 secs] 545881K->12616K(2029056K), 0.0107424 secs] [Times: user=0.13 sys=0.00, real=0.01 secs] 
2020-09-29T13:07:23.254+0200: 1.413: [GC (Allocation Failure) 2020-09-29T13:07:23.254+0200: 1.413: [ParNew: 557570K->17290K(613440K), 0.0096452 secs] 557960K->17680K(2029056K), 0.0097026 secs] [Times: user=0.00 sys=0.00, real=0.01 secs] 
2020-09-29T13:07:23.341+0200: 1.501: [GC (Allocation Failure) 2020-09-29T13:07:23.341+0200: 1.501: [ParNew: 562634K->12231K(613440K), 0.0086302 secs] 563024K->12621K(2029056K), 0.0086870 secs] [Times: user=0.13 sys=0.00, real=0.01 secs] 
2020-09-29T13:07:23.428+0200: 1.587: [GC (Allocation Failure) 2020-09-29T13:07:23.428+0200: 1.587: [ParNew: 557575K->8411K(613440K), 0.0078981 secs] 557965K->8801K(2029056K), 0.0079523 secs] [Times: user=0.00 sys=0.00, real=0.01 secs] 
2020-09-29T13:07:23.517+0200: 1.676: [GC (Allocation Failure) 2020-09-29T13:07:23.518+0200: 1.676: [ParNew: 553755K->7464K(613440K), 0.0068944 secs] 554145K->7854K(2029056K), 0.0070084 secs] [Times: user=0.13 sys=0.00, real=0.01 secs] 
2020-09-29T13:07:23.607+0200: 1.766: [GC (Allocation Failure) 2020-09-29T13:07:23.608+0200: 1.766: [ParNew: 552808K->5985K(613440K), 0.0063413 secs] 553198K->6376K(2029056K), 0.0064245 secs] [Times: user=0.11 sys=0.00, real=0.01 secs] 
2020-09-29T13:07:23.694+0200: 1.852: [GC (Allocation Failure) 2020-09-29T13:07:23.694+0200: 1.852: [ParNew: 550697K->220K(613440K), 0.0014644 secs] 551088K->610K(2029056K), 0.0015170 secs] [Times: user=0.00 sys=0.00, real=0.00 secs] 
2020-09-29T13:07:23.773+0200: 1.931: [GC (Allocation Failure) 2020-09-29T13:07:23.773+0200: 1.931: [ParNew: 545564K->12074K(613440K), 0.0108874 secs] 545954K->12464K(2029056K), 0.0109417 secs] [Times: user=0.00 sys=0.00, real=0.01 secs] 
2020-09-29T13:07:23.864+0200: 2.022: [GC (Allocation Failure) 2020-09-29T13:07:23.864+0200: 2.022: [ParNew: 557418K->16923K(613440K), 0.0102677 secs] 557808K->17313K(2029056K), 0.0103215 secs] [Times: user=0.00 sys=0.00, real=0.01 secs] 
2020-09-29T13:07:23.953+0200: 2.111: [GC (Allocation Failure) 2020-09-29T13:07:23.953+0200: 2.111: [ParNew: 562267K->11920K(613440K), 0.0086428 secs] 562657K->12310K(2029056K), 0.0086976 secs] [Times: user=0.13 sys=0.00, real=0.01 secs] 
2020-09-29T13:07:24.041+0200: 2.200: [GC (Allocation Failure) 2020-09-29T13:07:24.041+0200: 2.200: [ParNew: 557264K->8094K(613440K), 0.0077034 secs] 557654K->8484K(2029056K), 0.0077611 secs] [Times: user=0.00 sys=0.00, real=0.01 secs] 
2020-09-29T13:07:24.129+0200: 2.287: [GC (Allocation Failure) 2020-09-29T13:07:24.129+0200: 2.288: [ParNew: 553438K->7105K(613440K), 0.0067470 secs] 553828K->7495K(2029056K), 0.0068245 secs] [Times: user=0.00 sys=0.00, real=0.01 secs] 
2020-09-29T13:07:24.212+0200: 2.371: [GC (Allocation Failure) 2020-09-29T13:07:24.212+0200: 2.371: [ParNew: 552449K->5596K(613440K), 0.0052215 secs] 552839K->5987K(2029056K), 0.0053282 secs] [Times: user=0.00 sys=0.00, real=0.01 secs] 
2020-09-29T13:07:24.294+0200: 2.453: [GC (Allocation Failure) 2020-09-29T13:07:24.294+0200: 2.453: [ParNew: 550940K->151K(613440K), 0.0018042 secs] 551331K->541K(2029056K), 0.0018530 secs] [Times: user=0.00 sys=0.00, real=0.00 secs] 
2020-09-29T13:07:24.372+0200: 2.530: [GC (Allocation Failure) 2020-09-29T13:07:24.372+0200: 2.530: [ParNew: 545495K->12255K(613440K), 0.0105441 secs] 545885K->12645K(2029056K), 0.0106288 secs] [Times: user=0.13 sys=0.00, real=0.01 secs] 
2020-09-29T13:07:24.459+0200: 2.618: [GC (Allocation Failure) 2020-09-29T13:07:24.459+0200: 2.618: [ParNew: 557599K->16336K(613440K), 0.0099679 secs] 557989K->16726K(2029056K), 0.0100224 secs] [Times: user=0.00 sys=0.00, real=0.01 secs] 
2020-09-29T13:07:24.552+0200: 2.710: [GC (Allocation Failure) 2020-09-29T13:07:24.552+0200: 2.710: [ParNew: 561680K->12228K(613440K), 0.0089052 secs] 562070K->12618K(2029056K), 0.0089694 secs] [Times: user=0.00 sys=0.00, real=0.01 secs] 
2020-09-29T13:07:24.640+0200: 2.799: [GC (Allocation Failure) 2020-09-29T13:07:24.640+0200: 2.799: [ParNew: 557572K->8526K(613440K), 0.0082557 secs] 557962K->8916K(2029056K), 0.0083125 secs] [Times: user=0.13 sys=0.00, real=0.01 secs] 
2020-09-29T13:07:24.724+0200: 2.883: [GC (Allocation Failure) 2020-09-29T13:07:24.724+0200: 2.883: [ParNew: 553870K->7605K(613440K), 0.0065251 secs] 554260K->7995K(2029056K), 0.0066069 secs] [Times: user=0.00 sys=0.00, real=0.01 secs] 
2020-09-29T13:07:24.810+0200: 2.969: [GC (Allocation Failure) 2020-09-29T13:07:24.810+0200: 2.969: [ParNew: 552949K->4556K(613440K), 0.0054296 secs] 553339K->4946K(2029056K), 0.0054821 secs] [Times: user=0.00 sys=0.00, real=0.01 secs] 
2020-09-29T13:07:24.894+0200: 3.053: [GC (Allocation Failure) 2020-09-29T13:07:24.894+0200: 3.053: [ParNew: 549900K->138K(613440K), 0.0016256 secs] 550290K->529K(2029056K), 0.0016759 secs] [Times: user=0.05 sys=0.00, real=0.00 secs] 
2020-09-29T13:07:24.973+0200: 3.132: [GC (Allocation Failure) 2020-09-29T13:07:24.973+0200: 3.132: [ParNew: 545482K->12202K(613440K), 0.0105573 secs] 545873K->12592K(2029056K), 0.0106140 secs] [Times: user=0.00 sys=0.00, real=0.01 secs] 
2020-09-29T13:07:25.059+0200: 3.218: [GC (Allocation Failure) 2020-09-29T13:07:25.059+0200: 3.218: [ParNew: 557546K->17300K(613440K), 0.0098742 secs] 557936K->17691K(2029056K), 0.0099289 secs] [Times: user=0.11 sys=0.01, real=0.01 secs] 
2020-09-29T13:07:25.147+0200: 3.306: [GC (Allocation Failure) 2020-09-29T13:07:25.147+0200: 3.306: [ParNew: 562644K->12230K(613440K), 0.0088950 secs] 563035K->12620K(2029056K), 0.0089494 secs] [Times: user=0.00 sys=0.00, real=0.01 secs] 
2020-09-29T13:07:25.233+0200: 3.391: [GC (Allocation Failure) 2020-09-29T13:07:25.233+0200: 3.391: [ParNew: 557574K->8405K(613440K), 0.0077474 secs] 557964K->8796K(2029056K), 0.0078037 secs] [Times: user=0.13 sys=0.00, real=0.01 secs] 
2020-09-29T13:07:25.317+0200: 3.476: [GC (Allocation Failure) 2020-09-29T13:07:25.317+0200: 3.476: [ParNew: 553749K->7436K(613440K), 0.0067161 secs] 554140K->7826K(2029056K), 0.0067711 secs] [Times: user=0.00 sys=0.00, real=0.01 secs] 
2020-09-29T13:07:25.403+0200: 3.561: [GC (Allocation Failure) 2020-09-29T13:07:25.403+0200: 3.561: [ParNew: 552780K->4531K(613440K), 0.0057142 secs] 553170K->4922K(2029056K), 0.0057708 secs] [Times: user=0.00 sys=0.00, real=0.01 secs] 
2020-09-29T13:07:25.491+0200: 3.649: [GC (Allocation Failure) 2020-09-29T13:07:25.491+0200: 3.649: [ParNew: 549875K->136K(613440K), 0.0019770 secs] 550266K->526K(2029056K), 0.0020307 secs] [Times: user=0.00 sys=0.00, real=0.00 secs] 
2020-09-29T13:07:25.573+0200: 3.731: [GC (Allocation Failure) 2020-09-29T13:07:25.573+0200: 3.731: [ParNew: 545480K->12264K(613440K), 0.0107114 secs] 545870K->12654K(2029056K), 0.0107688 secs] [Times: user=0.11 sys=0.00, real=0.01 secs] 
2020-09-29T13:07:25.667+0200: 3.826: [GC (Allocation Failure) 2020-09-29T13:07:25.667+0200: 3.826: [ParNew: 557608K->17303K(613440K), 0.0096503 secs] 557998K->17693K(2029056K), 0.0097058 secs] [Times: user=0.13 sys=0.00, real=0.01 secs] 
2020-09-29T13:07:25.755+0200: 3.914: [GC (Allocation Failure) 2020-09-29T13:07:25.755+0200: 3.914: [ParNew: 562647K->11890K(613440K), 0.0082317 secs] 563037K->12280K(2029056K), 0.0082909 secs] [Times: user=0.00 sys=0.00, real=0.01 secs] 
2020-09-29T13:07:25.840+0200: 3.999: [GC (Allocation Failure) 2020-09-29T13:07:25.840+0200: 3.999: [ParNew: 557234K->7765K(613440K), 0.0075626 secs] 557624K->8155K(2029056K), 0.0076114 secs] [Times: user=0.02 sys=0.00, real=0.01 secs] 
2020-09-29T13:07:25.930+0200: 4.089: [GC (Allocation Failure) 2020-09-29T13:07:25.930+0200: 4.089: [ParNew: 553109K->6636K(613440K), 0.0070766 secs] 553499K->7027K(2029056K), 0.0071353 secs] [Times: user=0.00 sys=0.00, real=0.01 secs] 
2020-09-29T13:07:26.037+0200: 4.196: [GC (Allocation Failure) 2020-09-29T13:07:26.037+0200: 4.196: [ParNew: 551980K->3282K(613440K), 0.0052485 secs] 552371K->3672K(2029056K), 0.0053109 secs] [Times: user=0.00 sys=0.00, real=0.01 secs] 
2020-09-29T13:07:26.143+0200: 4.302: [GC (Allocation Failure) 2020-09-29T13:07:26.143+0200: 4.302: [ParNew: 548626K->71K(613440K), 0.0026427 secs] 549016K->461K(2029056K), 0.0027030 secs] [Times: user=0.13 sys=0.00, real=0.00 secs] 
2020-09-29T13:07:26.230+0200: 4.389: [GC (Allocation Failure) 2020-09-29T13:07:26.230+0200: 4.389: [ParNew: 545415K->12084K(613440K), 0.0111974 secs] 545805K->12474K(2029056K), 0.0112534 secs] [Times: user=0.13 sys=0.00, real=0.01 secs] 
2020-09-29T13:07:26.321+0200: 4.480: [GC (Allocation Failure) 2020-09-29T13:07:26.321+0200: 4.480: [ParNew: 557428K->17116K(613440K), 0.0093792 secs] 557818K->17506K(2029056K), 0.0094543 secs] [Times: user=0.00 sys=0.00, real=0.01 secs] 
2020-09-29T13:07:26.410+0200: 4.569: [GC (Allocation Failure) 2020-09-29T13:07:26.410+0200: 4.569: [ParNew: 562460K->12047K(613440K), 0.0085168 secs] 562850K->12437K(2029056K), 0.0085718 secs] [Times: user=0.02 sys=0.00, real=0.01 secs] 
2020-09-29T13:07:26.504+0200: 4.662: [GC (Allocation Failure) 2020-09-29T13:07:26.504+0200: 4.662: [ParNew: 557391K->8016K(613440K), 0.0080821 secs] 557781K->8406K(2029056K), 0.0081554 secs] [Times: user=0.13 sys=0.00, real=0.01 secs] 
2020-09-29T13:07:26.602+0200: 4.760: [GC (Allocation Failure) 2020-09-29T13:07:26.602+0200: 4.760: [ParNew: 553360K->6733K(613440K), 0.0062153 secs] 553750K->7123K(2029056K), 0.0062759 secs] [Times: user=0.00 sys=0.00, real=0.01 secs] 
2020-09-29T13:07:26.689+0200: 4.848: [GC (Allocation Failure) 2020-09-29T13:07:26.689+0200: 4.848: [ParNew: 550178K->273K(613440K), 0.0019215 secs] 550569K->664K(2029056K), 0.0019738 secs] [Times: user=0.00 sys=0.00, real=0.00 secs] 
2020-09-29T13:07:26.775+0200: 4.933: [GC (Allocation Failure) 2020-09-29T13:07:26.775+0200: 4.933: [ParNew: 545617K->12157K(613440K), 0.0112220 secs] 546008K->12547K(2029056K), 0.0112781 secs] [Times: user=0.00 sys=0.02, real=0.01 secs] 
2020-09-29T13:07:26.864+0200: 5.024: [GC (Allocation Failure) 2020-09-29T13:07:26.865+0200: 5.024: [ParNew: 557501K->17193K(613440K), 0.0099804 secs] 557891K->17583K(2029056K), 0.0100381 secs] [Times: user=0.00 sys=0.00, real=0.01 secs] 
2020-09-29T13:07:26.955+0200: 5.114: [GC (Allocation Failure) 2020-09-29T13:07:26.955+0200: 5.114: [ParNew: 562537K->12063K(613440K), 0.0088202 secs] 562927K->12454K(2029056K), 0.0088757 secs] [Times: user=0.13 sys=0.00, real=0.01 secs] 
2020-09-29T13:07:27.045+0200: 5.203: [GC (Allocation Failure) 2020-09-29T13:07:27.045+0200: 5.203: [ParNew: 557407K->8264K(613440K), 0.0078109 secs] 557798K->8654K(2029056K), 0.0078640 secs] [Times: user=0.13 sys=0.00, real=0.01 secs] 
2020-09-29T13:07:27.130+0200: 5.289: [GC (Allocation Failure) 2020-09-29T13:07:27.130+0200: 5.289: [ParNew: 553608K->7375K(613440K), 0.0068996 secs] 553998K->7765K(2029056K), 0.0069539 secs] [Times: user=0.00 sys=0.00, real=0.01 secs] 
2020-09-29T13:07:27.215+0200: 5.374: [GC (Allocation Failure) 2020-09-29T13:07:27.215+0200: 5.374: [ParNew: 552719K->5828K(613440K), 0.0058330 secs] 553109K->6219K(2029056K), 0.0058867 secs] [Times: user=0.00 sys=0.00, real=0.01 secs] 
2020-09-29T13:07:27.299+0200: 5.458: [GC (Allocation Failure) 2020-09-29T13:07:27.299+0200: 5.458: [ParNew: 551172K->168K(613440K), 0.0015161 secs] 551563K->558K(2029056K), 0.0015799 secs] [Times: user=0.00 sys=0.00, real=0.00 secs] 
2020-09-29T13:07:27.376+0200: 5.535: [GC (Allocation Failure) 2020-09-29T13:07:27.376+0200: 5.535: [ParNew: 545512K->12289K(613440K), 0.0104880 secs] 545902K->12679K(2029056K), 0.0105449 secs] [Times: user=0.13 sys=0.00, real=0.01 secs] 
2020-09-29T13:07:27.465+0200: 5.624: [GC (Allocation Failure) 2020-09-29T13:07:27.465+0200: 5.624: [ParNew: 557633K->17399K(613440K), 0.0098750 secs] 558023K->17789K(2029056K), 0.0099328 secs] [Times: user=0.13 sys=0.00, real=0.01 secs] 
2020-09-29T13:07:27.554+0200: 5.713: [GC (Allocation Failure) 2020-09-29T13:07:27.554+0200: 5.713: [ParNew: 562743K->12126K(613440K), 0.0091861 secs] 563133K->12516K(2029056K), 0.0092492 secs] [Times: user=0.00 sys=0.00, real=0.01 secs] 
2020-09-29T13:07:27.644+0200: 5.803: [GC (Allocation Failure) 2020-09-29T13:07:27.644+0200: 5.803: [ParNew: 557470K->8156K(613440K), 0.0075989 secs] 557860K->8547K(2029056K), 0.0076558 secs] [Times: user=0.13 sys=0.00, real=0.01 secs] 
2020-09-29T13:07:27.730+0200: 5.889: [GC (Allocation Failure) 2020-09-29T13:07:27.730+0200: 5.889: [ParNew: 553500K->7129K(613440K), 0.0066608 secs] 553891K->7520K(2029056K), 0.0067165 secs] [Times: user=0.00 sys=0.00, real=0.01 secs] 
2020-09-29T13:07:27.813+0200: 5.972: [GC (Allocation Failure) 2020-09-29T13:07:27.813+0200: 5.972: [ParNew: 552473K->4294K(613440K), 0.0047570 secs] 552864K->4684K(2029056K), 0.0048104 secs] [Times: user=0.13 sys=0.00, real=0.01 secs] 
2020-09-29T13:07:27.894+0200: 6.053: [GC (Allocation Failure) 2020-09-29T13:07:27.894+0200: 6.053: [ParNew: 549638K->90K(613440K), 0.0016365 secs] 550028K->480K(2029056K), 0.0016872 secs] [Times: user=0.13 sys=0.00, real=0.00 secs] 
2020-09-29T13:07:27.974+0200: 6.132: [GC (Allocation Failure) 2020-09-29T13:07:27.974+0200: 6.132: [ParNew: 545434K->11779K(613440K), 0.0109605 secs] 545824K->12169K(2029056K), 0.0110252 secs] [Times: user=0.00 sys=0.00, real=0.01 secs] 
2020-09-29T13:07:28.061+0200: 6.220: [GC (Allocation Failure) 2020-09-29T13:07:28.061+0200: 6.220: [ParNew: 557123K->16637K(613440K), 0.0094269 secs] 557513K->17027K(2029056K), 0.0094851 secs] [Times: user=0.13 sys=0.00, real=0.01 secs] 
2020-09-29T13:07:28.148+0200: 6.307: [GC (Allocation Failure) 2020-09-29T13:07:28.148+0200: 6.307: [ParNew: 561981K->11610K(613440K), 0.0083154 secs] 562371K->12000K(2029056K), 0.0083730 secs] [Times: user=0.00 sys=0.00, real=0.01 secs] 
2020-09-29T13:07:28.232+0200: 6.391: [GC (Allocation Failure) 2020-09-29T13:07:28.232+0200: 6.391: [ParNew: 556954K->7916K(613440K), 0.0075200 secs] 557344K->8306K(2029056K), 0.0075742 secs] [Times: user=0.13 sys=0.00, real=0.01 secs] 
2020-09-29T13:07:28.315+0200: 6.474: [GC (Allocation Failure) 2020-09-29T13:07:28.315+0200: 6.474: [ParNew: 553260K->7037K(613440K), 0.0063120 secs] 553650K->7427K(2029056K), 0.0064315 secs] [Times: user=0.13 sys=0.00, real=0.01 secs] 
2020-09-29T13:07:28.397+0200: 6.556: [GC (Allocation Failure) 2020-09-29T13:07:28.398+0200: 6.556: [ParNew: 552381K->5533K(613440K), 0.0057474 secs] 552771K->5923K(2029056K), 0.0058054 secs] [Times: user=0.00 sys=0.00, real=0.01 secs] 
2020-09-29T13:07:28.482+0200: 6.641: [GC (Allocation Failure) 2020-09-29T13:07:28.482+0200: 6.641: [ParNew: 550877K->184K(613440K), 0.0020531 secs] 551267K->574K(2029056K), 0.0021026 secs] [Times: user=0.00 sys=0.00, real=0.00 secs] 
2020-09-29T13:07:28.562+0200: 6.721: [GC (Allocation Failure) 2020-09-29T13:07:28.562+0200: 6.721: [ParNew: 545528K->12317K(613440K), 0.0109191 secs] 545918K->12707K(2029056K), 0.0109753 secs] [Times: user=0.11 sys=0.00, real=0.01 secs] 
2020-09-29T13:07:28.653+0200: 6.812: [GC (Allocation Failure) 2020-09-29T13:07:28.653+0200: 6.812: [ParNew: 557661K->17354K(613440K), 0.0093777 secs] 558051K->17744K(2029056K), 0.0094474 secs] [Times: user=0.13 sys=0.00, real=0.01 secs] 
2020-09-29T13:07:28.737+0200: 6.896: [GC (Allocation Failure) 2020-09-29T13:07:28.738+0200: 6.896: [ParNew: 562698K->11903K(613440K), 0.0080687 secs] 563088K->12294K(2029056K), 0.0081335 secs] [Times: user=0.13 sys=0.00, real=0.01 secs] 
2020-09-29T13:07:28.822+0200: 6.981: [GC (Allocation Failure) 2020-09-29T13:07:28.822+0200: 6.981: [ParNew: 557247K->7768K(613440K), 0.0076455 secs] 557638K->8158K(2029056K), 0.0077321 secs] [Times: user=0.00 sys=0.00, real=0.01 secs] 
2020-09-29T13:07:28.906+0200: 7.065: [GC (Allocation Failure) 2020-09-29T13:07:28.906+0200: 7.065: [ParNew: 553112K->6638K(613440K), 0.0064728 secs] 553502K->7028K(2029056K), 0.0065282 secs] [Times: user=0.13 sys=0.00, real=0.01 secs] 
2020-09-29T13:07:28.991+0200: 7.150: [GC (Allocation Failure) 2020-09-29T13:07:28.991+0200: 7.150: [ParNew: 551982K->4080K(613440K), 0.0050394 secs] 552372K->4470K(2029056K), 0.0050945 secs] [Times: user=0.00 sys=0.00, real=0.01 secs] 
2020-09-29T13:07:29.073+0200: 7.232: [GC (Allocation Failure) 2020-09-29T13:07:29.073+0200: 7.232: [ParNew: 549424K->71K(613440K), 0.0015605 secs] 549814K->461K(2029056K), 0.0016111 secs] [Times: user=0.00 sys=0.00, real=0.00 secs] 
2020-09-29T13:07:29.152+0200: 7.311: [GC (Allocation Failure) 2020-09-29T13:07:29.152+0200: 7.311: [ParNew: 545415K->12088K(613440K), 0.0107262 secs] 545805K->12478K(2029056K), 0.0107815 secs] [Times: user=0.13 sys=0.00, real=0.01 secs] 
2020-09-29T13:07:29.240+0200: 7.398: [GC (Allocation Failure) 2020-09-29T13:07:29.240+0200: 7.398: [ParNew: 557432K->17117K(613440K), 0.0099387 secs] 557822K->17507K(2029056K), 0.0099934 secs] [Times: user=0.00 sys=0.00, real=0.01 secs] 
2020-09-29T13:07:29.326+0200: 7.484: [GC (Allocation Failure) 2020-09-29T13:07:29.326+0200: 7.484: [ParNew: 562461K->12047K(613440K), 0.0084329 secs] 562851K->12437K(2029056K), 0.0084888 secs] [Times: user=0.13 sys=0.00, real=0.01 secs] 
2020-09-29T13:07:29.410+0200: 7.568: [GC (Allocation Failure) 2020-09-29T13:07:29.410+0200: 7.568: [ParNew: 557391K->8017K(613440K), 0.0072232 secs] 557781K->8407K(2029056K), 0.0072801 secs] [Times: user=0.13 sys=0.00, real=0.01 secs] 
2020-09-29T13:07:29.494+0200: 7.652: [GC (Allocation Failure) 2020-09-29T13:07:29.494+0200: 7.652: [ParNew: 553361K->6734K(613440K), 0.0060262 secs] 553751K->7124K(2029056K), 0.0060870 secs] [Times: user=0.00 sys=0.00, real=0.01 secs] 
2020-09-29T13:07:29.576+0200: 7.735: [GC (Allocation Failure) 2020-09-29T13:07:29.576+0200: 7.735: [ParNew: 550178K->273K(613440K), 0.0017606 secs] 550569K->664K(2029056K), 0.0018137 secs] [Times: user=0.00 sys=0.00, real=0.00 secs] 
2020-09-29T13:07:29.661+0200: 7.820: [GC (Allocation Failure) 2020-09-29T13:07:29.661+0200: 7.820: [ParNew: 545617K->12157K(613440K), 0.0115592 secs] 546008K->12547K(2029056K), 0.0116151 secs] [Times: user=0.00 sys=0.00, real=0.01 secs] 
2020-09-29T13:07:29.754+0200: 7.913: [GC (Allocation Failure) 2020-09-29T13:07:29.754+0200: 7.913: [ParNew: 557501K->17193K(613440K), 0.0101674 secs] 557891K->17583K(2029056K), 0.0102249 secs] [Times: user=0.00 sys=0.00, real=0.01 secs] 
2020-09-29T13:07:29.860+0200: 8.018: [GC (Allocation Failure) 2020-09-29T13:07:29.860+0200: 8.018: [ParNew: 562537K->12063K(613440K), 0.0096015 secs] 562927K->12454K(2029056K), 0.0096643 secs] [Times: user=0.13 sys=0.00, real=0.01 secs] 
2020-09-29T13:07:29.948+0200: 8.106: [GC (Allocation Failure) 2020-09-29T13:07:29.948+0200: 8.107: [ParNew: 557407K->8264K(613440K), 0.0078257 secs] 557798K->8654K(2029056K), 0.0078846 secs] [Times: user=0.00 sys=0.00, real=0.01 secs] 
2020-09-29T13:07:30.036+0200: 8.194: [GC (Allocation Failure) 2020-09-29T13:07:30.036+0200: 8.194: [ParNew: 553608K->7375K(613440K), 0.0064744 secs] 553998K->7765K(2029056K), 0.0065314 secs] [Times: user=0.00 sys=0.00, real=0.01 secs] 
2020-09-29T13:07:30.122+0200: 8.281: [GC (Allocation Failure) 2020-09-29T13:07:30.122+0200: 8.281: [ParNew: 552719K->5828K(613440K), 0.0058559 secs] 553109K->6219K(2029056K), 0.0059108 secs] [Times: user=0.00 sys=0.00, real=0.01 secs] 
2020-09-29T13:07:30.207+0200: 8.365: [GC (Allocation Failure) 2020-09-29T13:07:30.207+0200: 8.365: [ParNew: 551172K->168K(613440K), 0.0016034 secs] 551563K->558K(2029056K), 0.0016557 secs] [Times: user=0.13 sys=0.00, real=0.00 secs] 
2020-09-29T13:07:30.285+0200: 8.443: [GC (Allocation Failure) 2020-09-29T13:07:30.285+0200: 8.444: [ParNew: 545512K->12289K(613440K), 0.0106371 secs] 545902K->12679K(2029056K), 0.0106921 secs] [Times: user=0.09 sys=0.02, real=0.01 secs] 
2020-09-29T13:07:30.373+0200: 8.532: [GC (Allocation Failure) 2020-09-29T13:07:30.373+0200: 8.532: [ParNew: 557633K->17399K(613440K), 0.0097730 secs] 558023K->17789K(2029056K), 0.0098280 secs] [Times: user=0.13 sys=0.00, real=0.01 secs] 
2020-09-29T13:07:30.460+0200: 8.618: [GC (Allocation Failure) 2020-09-29T13:07:30.460+0200: 8.618: [ParNew: 562743K->12126K(613440K), 0.0085622 secs] 563133K->12516K(2029056K), 0.0086156 secs] [Times: user=0.00 sys=0.00, real=0.01 secs] 
2020-09-29T13:07:30.547+0200: 8.706: [GC (Allocation Failure) 2020-09-29T13:07:30.547+0200: 8.706: [ParNew: 557470K->8156K(613440K), 0.0075753 secs] 557860K->8547K(2029056K), 0.0076350 secs] [Times: user=0.13 sys=0.00, real=0.01 secs] 
2020-09-29T13:07:30.641+0200: 8.800: [GC (Allocation Failure) 2020-09-29T13:07:30.641+0200: 8.800: [ParNew: 553500K->7129K(613440K), 0.0065751 secs] 553891K->7520K(2029056K), 0.0066298 secs] [Times: user=0.13 sys=0.00, real=0.01 secs] 
2020-09-29T13:07:30.725+0200: 8.883: [GC (Allocation Failure) 2020-09-29T13:07:30.725+0200: 8.883: [ParNew: 552473K->4294K(613440K), 0.0049939 secs] 552864K->4684K(2029056K), 0.0050692 secs] [Times: user=0.00 sys=0.00, real=0.01 secs] 
2020-09-29T13:07:30.806+0200: 8.964: [GC (Allocation Failure) 2020-09-29T13:07:30.806+0200: 8.964: [ParNew: 549638K->90K(613440K), 0.0016954 secs] 550028K->480K(2029056K), 0.0017469 secs] [Times: user=0.00 sys=0.00, real=0.00 secs] 
2020-09-29T13:07:30.883+0200: 9.042: [GC (Allocation Failure) 2020-09-29T13:07:30.883+0200: 9.042: [ParNew: 545434K->11779K(613440K), 0.0104942 secs] 545824K->12169K(2029056K), 0.0105496 secs] [Times: user=0.00 sys=0.00, real=0.01 secs] 
2020-09-29T13:07:30.970+0200: 9.129: [GC (Allocation Failure) 2020-09-29T13:07:30.970+0200: 9.129: [ParNew: 557123K->16637K(613440K), 0.0095063 secs] 557513K->17027K(2029056K), 0.0095637 secs] [Times: user=0.13 sys=0.00, real=0.01 secs] 
2020-09-29T13:07:31.058+0200: 9.217: [GC (Allocation Failure) 2020-09-29T13:07:31.058+0200: 9.217: [ParNew: 561981K->11610K(613440K), 0.0083964 secs] 562371K->12000K(2029056K), 0.0084521 secs] [Times: user=0.00 sys=0.00, real=0.01 secs] 
2020-09-29T13:07:31.143+0200: 9.302: [GC (Allocation Failure) 2020-09-29T13:07:31.143+0200: 9.302: [ParNew: 556954K->7916K(613440K), 0.0075034 secs] 557344K->8306K(2029056K), 0.0075801 secs] [Times: user=0.11 sys=0.00, real=0.01 secs] 
2020-09-29T13:07:31.226+0200: 9.385: [GC (Allocation Failure) 2020-09-29T13:07:31.226+0200: 9.385: [ParNew: 553260K->7037K(613440K), 0.0062707 secs] 553650K->7427K(2029056K), 0.0063273 secs] [Times: user=0.00 sys=0.00, real=0.01 secs] 
2020-09-29T13:07:31.308+0200: 9.467: [GC (Allocation Failure) 2020-09-29T13:07:31.308+0200: 9.467: [ParNew: 552381K->5533K(613440K), 0.0055740 secs] 552771K->5923K(2029056K), 0.0056285 secs] [Times: user=0.00 sys=0.00, real=0.01 secs] 
2020-09-29T13:07:31.391+0200: 9.550: [GC (Allocation Failure) 2020-09-29T13:07:31.391+0200: 9.550: [ParNew: 550877K->184K(613440K), 0.0020166 secs] 551267K->574K(2029056K), 0.0020682 secs] [Times: user=0.00 sys=0.00, real=0.00 secs] 
2020-09-29T13:07:31.469+0200: 9.628: [GC (Allocation Failure) 2020-09-29T13:07:31.469+0200: 9.628: [ParNew: 545528K->12317K(613440K), 0.0104295 secs] 545918K->12707K(2029056K), 0.0105018 secs] [Times: user=0.13 sys=0.00, real=0.01 secs] 
2020-09-29T13:07:31.560+0200: 9.719: [GC (Allocation Failure) 2020-09-29T13:07:31.560+0200: 9.719: [ParNew: 557661K->15429K(613440K), 0.0098517 secs] 558051K->15819K(2029056K), 0.0099091 secs] [Times: user=0.11 sys=0.00, real=0.01 secs] 
2020-09-29T13:07:31.649+0200: 9.808: [GC (Allocation Failure) 2020-09-29T13:07:31.650+0200: 9.808: [ParNew: 560773K->9978K(613440K), 0.0087614 secs] 561163K->10368K(2029056K), 0.0088204 secs] [Times: user=0.00 sys=0.00, real=0.01 secs] 
2020-09-29T13:07:31.744+0200: 9.903: [GC (Allocation Failure) 2020-09-29T13:07:31.744+0200: 9.903: [ParNew: 555322K->8530K(613440K), 0.0082550 secs] 555712K->8920K(2029056K), 0.0083140 secs] [Times: user=0.00 sys=0.00, real=0.01 secs] 
2020-09-29T13:07:31.844+0200: 10.002: [GC (Allocation Failure) 2020-09-29T13:07:31.844+0200: 10.002: [ParNew: 553874K->6828K(613440K), 0.0064128 secs] 554264K->7218K(2029056K), 0.0064979 secs] [Times: user=0.13 sys=0.00, real=0.01 secs] 
2020-09-29T13:07:31.929+0200: 10.087: [GC (Allocation Failure) 2020-09-29T13:07:31.929+0200: 10.087: [ParNew: 552172K->4128K(613440K), 0.0048272 secs] 552562K->4518K(2029056K), 0.0048822 secs] [Times: user=0.00 sys=0.00, real=0.01 secs] 
2020-09-29T13:07:32.012+0200: 10.170: [GC (Allocation Failure) 2020-09-29T13:07:32.012+0200: 10.170: [ParNew: 549472K->72K(613440K), 0.0016577 secs] 549862K->462K(2029056K), 0.0017093 secs] [Times: user=0.00 sys=0.00, real=0.00 secs] 
2020-09-29T13:07:32.091+0200: 10.249: [GC (Allocation Failure) 2020-09-29T13:07:32.091+0200: 10.249: [ParNew: 545416K->12083K(613440K), 0.0103481 secs] 545806K->12473K(2029056K), 0.0104103 secs] [Times: user=0.13 sys=0.00, real=0.01 secs] 
2020-09-29T13:07:32.183+0200: 10.341: [GC (Allocation Failure) 2020-09-29T13:07:32.183+0200: 10.341: [ParNew: 557427K->17119K(613440K), 0.0097580 secs] 557817K->17509K(2029056K), 0.0098095 secs] [Times: user=0.13 sys=0.00, real=0.01 secs] 
2020-09-29T13:07:32.269+0200: 10.427: [GC (Allocation Failure) 2020-09-29T13:07:32.269+0200: 10.427: [ParNew: 562463K->12048K(613440K), 0.0083590 secs] 562853K->12438K(2029056K), 0.0084481 secs] [Times: user=0.13 sys=0.00, real=0.01 secs] 
2020-09-29T13:07:32.354+0200: 10.512: [GC (Allocation Failure) 2020-09-29T13:07:32.354+0200: 10.512: [ParNew: 557392K->8017K(613440K), 0.0072913 secs] 557782K->8407K(2029056K), 0.0073465 secs] [Times: user=0.00 sys=0.00, real=0.01 secs] 
2020-09-29T13:07:32.437+0200: 10.595: [GC (Allocation Failure) 2020-09-29T13:07:32.437+0200: 10.595: [ParNew: 553361K->6734K(613440K), 0.0061768 secs] 553751K->7124K(2029056K), 0.0062319 secs] [Times: user=0.13 sys=0.00, real=0.01 secs] 
2020-09-29T13:07:32.522+0200: 10.680: [GC (Allocation Failure) 2020-09-29T13:07:32.522+0200: 10.680: [ParNew: 550178K->273K(613440K), 0.0017987 secs] 550569K->664K(2029056K), 0.0018530 secs] [Times: user=0.00 sys=0.00, real=0.00 secs] 
2020-09-29T13:07:32.605+0200: 10.763: [GC (Allocation Failure) 2020-09-29T13:07:32.605+0200: 10.763: [ParNew: 545617K->12157K(613440K), 0.0104814 secs] 546008K->12547K(2029056K), 0.0105374 secs] [Times: user=0.13 sys=0.00, real=0.01 secs] 
2020-09-29T13:07:32.695+0200: 10.854: [GC (Allocation Failure) 2020-09-29T13:07:32.695+0200: 10.854: [ParNew: 557501K->17193K(613440K), 0.0098910 secs] 557891K->17583K(2029056K), 0.0099464 secs] [Times: user=0.00 sys=0.00, real=0.01 secs] 
2020-09-29T13:07:32.783+0200: 10.941: [GC (Allocation Failure) 2020-09-29T13:07:32.783+0200: 10.941: [ParNew: 562537K->12063K(613440K), 0.0087394 secs] 562927K->12454K(2029056K), 0.0087949 secs] [Times: user=0.13 sys=0.00, real=0.01 secs] 
2020-09-29T13:07:32.870+0200: 11.029: [GC (Allocation Failure) 2020-09-29T13:07:32.870+0200: 11.029: [ParNew: 557407K->8264K(613440K), 0.0080796 secs] 557798K->8654K(2029056K), 0.0081354 secs] [Times: user=0.00 sys=0.00, real=0.01 secs] 
2020-09-29T13:07:32.958+0200: 11.117: [GC (Allocation Failure) 2020-09-29T13:07:32.958+0200: 11.117: [ParNew: 553608K->7375K(613440K), 0.0067020 secs] 553998K->7765K(2029056K), 0.0067596 secs] [Times: user=0.00 sys=0.00, real=0.01 secs] 
2020-09-29T13:07:33.043+0200: 11.202: [GC (Allocation Failure) 2020-09-29T13:07:33.043+0200: 11.202: [ParNew: 552719K->5828K(613440K), 0.0057099 secs] 553109K->6219K(2029056K), 0.0057634 secs] [Times: user=0.00 sys=0.00, real=0.01 secs] 
2020-09-29T13:07:33.124+0200: 11.283: [GC (Allocation Failure) 2020-09-29T13:07:33.124+0200: 11.283: [ParNew: 551172K->168K(613440K), 0.0017431 secs] 551563K->558K(2029056K), 0.0017909 secs] [Times: user=0.00 sys=0.00, real=0.00 secs] 
2020-09-29T13:07:33.203+0200: 11.362: [GC (Allocation Failure) 2020-09-29T13:07:33.203+0200: 11.362: [ParNew: 545512K->12289K(613440K), 0.0105081 secs] 545902K->12679K(2029056K), 0.0105646 secs] [Times: user=0.13 sys=0.00, real=0.01 secs] 
2020-09-29T13:07:33.300+0200: 11.458: [GC (Allocation Failure) 2020-09-29T13:07:33.300+0200: 11.459: [ParNew: 557633K->17399K(613440K), 0.0096322 secs] 558023K->17789K(2029056K), 0.0096909 secs] [Times: user=0.13 sys=0.00, real=0.01 secs] 
2020-09-29T13:07:33.385+0200: 11.544: [GC (Allocation Failure) 2020-09-29T13:07:33.385+0200: 11.544: [ParNew: 562743K->12126K(613440K), 0.0085685 secs] 563133K->12516K(2029056K), 0.0086233 secs] [Times: user=0.00 sys=0.00, real=0.01 secs] 
2020-09-29T13:07:33.473+0200: 11.632: [GC (Allocation Failure) 2020-09-29T13:07:33.473+0200: 11.632: [ParNew: 557470K->8156K(613440K), 0.0077051 secs] 557860K->8547K(2029056K), 0.0077592 secs] [Times: user=0.00 sys=0.00, real=0.01 secs] 
2020-09-29T13:07:33.561+0200: 11.720: [GC (Allocation Failure) 2020-09-29T13:07:33.561+0200: 11.720: [ParNew: 553500K->6482K(613440K), 0.0066503 secs] 553891K->6873K(2029056K), 0.0067080 secs] [Times: user=0.11 sys=0.00, real=0.01 secs] 
2020-09-29T13:07:33.646+0200: 11.804: [GC (Allocation Failure) 2020-09-29T13:07:33.646+0200: 11.804: [ParNew: 551826K->5342K(613440K), 0.0051796 secs] 552217K->5732K(2029056K), 0.0052357 secs] [Times: user=0.00 sys=0.00, real=0.01 secs] 
2020-09-29T13:07:33.731+0200: 11.890: [GC (Allocation Failure) 2020-09-29T13:07:33.731+0200: 11.890: [ParNew: 550686K->118K(613440K), 0.0018216 secs] 551076K->509K(2029056K), 0.0018726 secs] [Times: user=0.00 sys=0.00, real=0.00 secs] 
2020-09-29T13:07:33.811+0200: 11.970: [GC (Allocation Failure) 2020-09-29T13:07:33.811+0200: 11.970: [ParNew: 545462K->11735K(613440K), 0.0106560 secs] 545853K->12125K(2029056K), 0.0107112 secs] [Times: user=0.13 sys=0.00, real=0.01 secs] 
2020-09-29T13:07:33.898+0200: 12.057: [GC (Allocation Failure) 2020-09-29T13:07:33.898+0200: 12.057: [ParNew: 557079K->16665K(613440K), 0.0093120 secs] 557469K->17055K(2029056K), 0.0093660 secs] [Times: user=0.00 sys=0.00, real=0.01 secs] 
2020-09-29T13:07:33.985+0200: 12.144: [GC (Allocation Failure) 2020-09-29T13:07:33.985+0200: 12.144: [ParNew: 562009K->11617K(613440K), 0.0086350 secs] 562399K->12007K(2029056K), 0.0087635 secs] [Times: user=0.13 sys=0.00, real=0.01 secs] 
2020-09-29T13:07:34.070+0200: 12.229: [GC (Allocation Failure) 2020-09-29T13:07:34.070+0200: 12.229: [ParNew: 556961K->7917K(613440K), 0.0073676 secs] 557351K->8307K(2029056K), 0.0074665 secs] [Times: user=0.00 sys=0.00, real=0.01 secs] 
2020-09-29T13:07:34.154+0200: 12.313: [GC (Allocation Failure) 2020-09-29T13:07:34.154+0200: 12.313: [ParNew: 553261K->7037K(613440K), 0.0063174 secs] 553651K->7428K(2029056K), 0.0063872 secs] [Times: user=0.00 sys=0.00, real=0.01 secs] 
2020-09-29T13:07:34.239+0200: 12.398: [GC (Allocation Failure) 2020-09-29T13:07:34.239+0200: 12.398: [ParNew: 552381K->5533K(613440K), 0.0053773 secs] 552772K->5923K(2029056K), 0.0054324 secs] [Times: user=0.00 sys=0.00, real=0.01 secs] 
2020-09-29T13:07:34.321+0200: 12.480: [GC (Allocation Failure) 2020-09-29T13:07:34.321+0200: 12.480: [ParNew: 550877K->184K(613440K), 0.0015417 secs] 551267K->574K(2029056K), 0.0015932 secs] [Times: user=0.00 sys=0.00, real=0.00 secs] 
2020-09-29T13:07:34.401+0200: 12.559: [GC (Allocation Failure) 2020-09-29T13:07:34.401+0200: 12.559: [ParNew: 545528K->12317K(613440K), 0.0106220 secs] 545918K->12707K(2029056K), 0.0106779 secs] [Times: user=0.13 sys=0.00, real=0.01 secs] 
2020-09-29T13:07:34.488+0200: 12.647: [GC (Allocation Failure) 2020-09-29T13:07:34.488+0200: 12.647: [ParNew: 557661K->17354K(613440K), 0.0094116 secs] 558051K->17744K(2029056K), 0.0094679 secs] [Times: user=0.06 sys=0.00, real=0.01 secs] 
2020-09-29T13:07:34.575+0200: 12.733: [GC (Allocation Failure) 2020-09-29T13:07:34.575+0200: 12.733: [ParNew: 562698K->10660K(613440K), 0.0082952 secs] 563088K->11050K(2029056K), 0.0083519 secs] [Times: user=0.11 sys=0.00, real=0.01 secs] 
2020-09-29T13:07:34.662+0200: 12.821: [GC (Allocation Failure) 2020-09-29T13:07:34.662+0200: 12.821: [ParNew: 556004K->7768K(613440K), 0.0072077 secs] 556394K->8158K(2029056K), 0.0072617 secs] [Times: user=0.00 sys=0.00, real=0.01 secs] 
2020-09-29T13:07:34.750+0200: 12.909: [GC (Allocation Failure) 2020-09-29T13:07:34.750+0200: 12.909: [ParNew: 553112K->6638K(613440K), 0.0061688 secs] 553502K->7028K(2029056K), 0.0062413 secs] [Times: user=0.13 sys=0.00, real=0.01 secs] 
2020-09-29T13:07:34.835+0200: 12.994: [GC (Allocation Failure) 2020-09-29T13:07:34.835+0200: 12.994: [ParNew: 551982K->4080K(613440K), 0.0046215 secs] 552372K->4470K(2029056K), 0.0046740 secs] [Times: user=0.00 sys=0.00, real=0.00 secs] 
2020-09-29T13:07:34.922+0200: 13.081: [GC (Allocation Failure) 2020-09-29T13:07:34.922+0200: 13.081: [ParNew: 549424K->71K(613440K), 0.0018842 secs] 549814K->461K(2029056K), 0.0019370 secs] [Times: user=0.00 sys=0.00, real=0.00 secs] 
2020-09-29T13:07:35.003+0200: 13.162: [GC (Allocation Failure) 2020-09-29T13:07:35.003+0200: 13.162: [ParNew: 545415K->12088K(613440K), 0.0106882 secs] 545805K->12478K(2029056K), 0.0107682 secs] [Times: user=0.13 sys=0.00, real=0.01 secs] 
2020-09-29T13:07:35.091+0200: 13.249: [GC (Allocation Failure) 2020-09-29T13:07:35.091+0200: 13.249: [ParNew: 557432K->17117K(613440K), 0.0094069 secs] 557822K->17507K(2029056K), 0.0094663 secs] [Times: user=0.13 sys=0.00, real=0.01 secs] 
2020-09-29T13:07:35.179+0200: 13.338: [GC (Allocation Failure) 2020-09-29T13:07:35.179+0200: 13.338: [ParNew: 562461K->12047K(613440K), 0.0086425 secs] 562851K->12437K(2029056K), 0.0086968 secs] [Times: user=0.00 sys=0.00, real=0.01 secs] 
2020-09-29T13:07:35.266+0200: 13.424: [GC (Allocation Failure) 2020-09-29T13:07:35.266+0200: 13.424: [ParNew: 557391K->8017K(613440K), 0.0073303 secs] 557781K->8407K(2029056K), 0.0073848 secs] [Times: user=0.13 sys=0.00, real=0.01 secs] 
2020-09-29T13:07:35.348+0200: 13.507: [GC (Allocation Failure) 2020-09-29T13:07:35.348+0200: 13.507: [ParNew: 553361K->6734K(613440K), 0.0060471 secs] 553751K->7124K(2029056K), 0.0061061 secs] [Times: user=0.00 sys=0.00, real=0.01 secs] 
2020-09-29T13:07:35.432+0200: 13.591: [GC (Allocation Failure) 2020-09-29T13:07:35.432+0200: 13.591: [ParNew: 550178K->273K(613440K), 0.0018405 secs] 550569K->664K(2029056K), 0.0018891 secs] [Times: user=0.00 sys=0.00, real=0.00 secs] 
2020-09-29T13:07:35.513+0200: 13.672: [GC (Allocation Failure) 2020-09-29T13:07:35.513+0200: 13.672: [ParNew: 545617K->12225K(613440K), 0.0105840 secs] 546008K->12616K(2029056K), 0.0106586 secs] [Times: user=0.13 sys=0.00, real=0.01 secs] 
2020-09-29T13:07:35.603+0200: 13.762: [GC (Allocation Failure) 2020-09-29T13:07:35.603+0200: 13.762: [ParNew: 557569K->17193K(613440K), 0.0100201 secs] 557960K->17583K(2029056K), 0.0100772 secs] [Times: user=0.00 sys=0.00, real=0.01 secs] 
2020-09-29T13:07:35.691+0200: 13.850: [GC (Allocation Failure) 2020-09-29T13:07:35.691+0200: 13.850: [ParNew: 562537K->12063K(613440K), 0.0085504 secs] 562927K->12454K(2029056K), 0.0086381 secs] [Times: user=0.00 sys=0.00, real=0.01 secs] 
2020-09-29T13:07:35.794+0200: 13.953: [GC (Allocation Failure) 2020-09-29T13:07:35.794+0200: 13.953: [ParNew: 557407K->8264K(613440K), 0.0088260 secs] 557798K->8654K(2029056K), 0.0088840 secs] [Times: user=0.13 sys=0.00, real=0.01 secs] 
2020-09-29T13:07:35.886+0200: 14.045: [GC (Allocation Failure) 2020-09-29T13:07:35.886+0200: 14.045: [ParNew: 553608K->7375K(613440K), 0.0068801 secs] 553998K->7765K(2029056K), 0.0069340 secs] [Times: user=0.00 sys=0.00, real=0.01 secs] 
2020-09-29T13:07:35.972+0200: 14.131: [GC (Allocation Failure) 2020-09-29T13:07:35.972+0200: 14.131: [ParNew: 552719K->5828K(613440K), 0.0055563 secs] 553109K->6219K(2029056K), 0.0056115 secs] [Times: user=0.13 sys=0.00, real=0.01 secs] 
2020-09-29T13:07:36.056+0200: 14.215: [GC (Allocation Failure) 2020-09-29T13:07:36.056+0200: 14.215: [ParNew: 551172K->168K(613440K), 0.0017251 secs] 551563K->558K(2029056K), 0.0017760 secs] [Times: user=0.00 sys=0.00, real=0.00 secs] 
2020-09-29T13:07:36.134+0200: 14.294: [GC (Allocation Failure) 2020-09-29T13:07:36.135+0200: 14.294: [ParNew: 545512K->12331K(613440K), 0.0104344 secs] 545902K->12721K(2029056K), 0.0105177 secs] [Times: user=0.13 sys=0.00, real=0.01 secs] 
2020-09-29T13:07:36.223+0200: 14.382: [GC (Allocation Failure) 2020-09-29T13:07:36.223+0200: 14.382: [ParNew: 557675K->17399K(613440K), 0.0095823 secs] 558065K->17789K(2029056K), 0.0096392 secs] [Times: user=0.00 sys=0.00, real=0.01 secs] 
2020-09-29T13:07:36.310+0200: 14.469: [GC (Allocation Failure) 2020-09-29T13:07:36.310+0200: 14.469: [ParNew: 562743K->12126K(613440K), 0.0084861 secs] 563133K->12516K(2029056K), 0.0085441 secs] [Times: user=0.13 sys=0.00, real=0.01 secs] 
2020-09-29T13:07:36.396+0200: 14.555: [GC (Allocation Failure) 2020-09-29T13:07:36.396+0200: 14.555: [ParNew: 557470K->8156K(613440K), 0.0076913 secs] 557860K->8547K(2029056K), 0.0077456 secs] [Times: user=0.00 sys=0.00, real=0.01 secs] 
2020-09-29T13:07:36.480+0200: 14.639: [GC (Allocation Failure) 2020-09-29T13:07:36.480+0200: 14.639: [ParNew: 553500K->7129K(613440K), 0.0063658 secs] 553891K->7520K(2029056K), 0.0064346 secs] [Times: user=0.00 sys=0.00, real=0.01 secs] 
2020-09-29T13:07:36.565+0200: 14.724: [GC (Allocation Failure) 2020-09-29T13:07:36.565+0200: 14.724: [ParNew: 552473K->4002K(613440K), 0.0051285 secs] 552864K->4392K(2029056K), 0.0051828 secs] [Times: user=0.13 sys=0.00, real=0.00 secs] 
2020-09-29T13:07:36.649+0200: 14.808: [GC (Allocation Failure) 2020-09-29T13:07:36.649+0200: 14.808: [ParNew: 549346K->90K(613440K), 0.0017639 secs] 549736K->480K(2029056K), 0.0018195 secs] [Times: user=0.00 sys=0.00, real=0.00 secs] 
2020-09-29T13:07:36.729+0200: 14.888: [GC (Allocation Failure) 2020-09-29T13:07:36.729+0200: 14.888: [ParNew: 545434K->11779K(613440K), 0.0101555 secs] 545824K->12169K(2029056K), 0.0102290 secs] [Times: user=0.13 sys=0.00, real=0.01 secs] 
2020-09-29T13:07:36.822+0200: 14.981: [GC (Allocation Failure) 2020-09-29T13:07:36.822+0200: 14.981: [ParNew: 557123K->16637K(613440K), 0.0107219 secs] 557513K->17027K(2029056K), 0.0107819 secs] [Times: user=0.13 sys=0.00, real=0.01 secs] 
2020-09-29T13:07:36.915+0200: 15.074: [GC (Allocation Failure) 2020-09-29T13:07:36.915+0200: 15.074: [ParNew: 561981K->11610K(613440K), 0.0085509 secs] 562371K->12000K(2029056K), 0.0086080 secs] [Times: user=0.00 sys=0.00, real=0.01 secs] 
2020-09-29T13:07:37.001+0200: 15.160: [GC (Allocation Failure) 2020-09-29T13:07:37.001+0200: 15.160: [ParNew: 556954K->7916K(613440K), 0.0075436 secs] 557344K->8306K(2029056K), 0.0076088 secs] [Times: user=0.13 sys=0.00, real=0.01 secs] 
2020-09-29T13:07:37.089+0200: 15.248: [GC (Allocation Failure) 2020-09-29T13:07:37.089+0200: 15.248: [ParNew: 553260K->7037K(613440K), 0.0066441 secs] 553650K->7427K(2029056K), 0.0066995 secs] [Times: user=0.00 sys=0.00, real=0.01 secs] 
2020-09-29T13:07:37.175+0200: 15.334: [GC (Allocation Failure) 2020-09-29T13:07:37.175+0200: 15.334: [ParNew: 552381K->5533K(613440K), 0.0056241 secs] 552771K->5923K(2029056K), 0.0056838 secs] [Times: user=0.13 sys=0.00, real=0.01 secs] 
2020-09-29T13:07:37.260+0200: 15.419: [GC (Allocation Failure) 2020-09-29T13:07:37.260+0200: 15.419: [ParNew: 550877K->184K(613440K), 0.0018446 secs] 551267K->574K(2029056K), 0.0018953 secs] [Times: user=0.00 sys=0.00, real=0.00 secs] 
2020-09-29T13:07:37.339+0200: 15.497: [GC (Allocation Failure) 2020-09-29T13:07:37.339+0200: 15.497: [ParNew: 545528K->12271K(613440K), 0.0108054 secs] 545918K->12661K(2029056K), 0.0108608 secs] [Times: user=0.13 sys=0.00, real=0.01 secs] 
2020-09-29T13:07:37.428+0200: 15.586: [GC (Allocation Failure) 2020-09-29T13:07:37.428+0200: 15.586: [ParNew: 557615K->17354K(613440K), 0.0095129 secs] 558005K->17744K(2029056K), 0.0095668 secs] [Times: user=0.00 sys=0.00, real=0.01 secs] 
2020-09-29T13:07:37.517+0200: 15.675: [GC (Allocation Failure) 2020-09-29T13:07:37.517+0200: 15.675: [ParNew: 562698K->11903K(613440K), 0.0083559 secs] 563088K->12294K(2029056K), 0.0084120 secs] [Times: user=0.13 sys=0.00, real=0.01 secs] 
2020-09-29T13:07:37.606+0200: 15.765: [GC (Allocation Failure) 2020-09-29T13:07:37.606+0200: 15.765: [ParNew: 557247K->7768K(613440K), 0.0091032 secs] 557638K->8158K(2029056K), 0.0091591 secs] [Times: user=0.11 sys=0.00, real=0.01 secs] 
2020-09-29T13:07:37.693+0200: 15.852: [GC (Allocation Failure) 2020-09-29T13:07:37.694+0200: 15.852: [ParNew: 553112K->6638K(613440K), 0.0064030 secs] 553502K->7028K(2029056K), 0.0064636 secs] [Times: user=0.00 sys=0.00, real=0.01 secs] 
2020-09-29T13:07:37.777+0200: 15.936: [GC (Allocation Failure) 2020-09-29T13:07:37.777+0200: 15.936: [ParNew: 551982K->4080K(613440K), 0.0046617 secs] 552372K->4470K(2029056K), 0.0047165 secs] [Times: user=0.00 sys=0.00, real=0.01 secs] 
2020-09-29T13:07:37.875+0200: 16.034: [GC (Allocation Failure) 2020-09-29T13:07:37.875+0200: 16.034: [ParNew: 549424K->71K(613440K), 0.0027111 secs] 549814K->461K(2029056K), 0.0027660 secs] [Times: user=0.00 sys=0.00, real=0.00 secs] 
2020-09-29T13:07:37.963+0200: 16.122: [GC (Allocation Failure) 2020-09-29T13:07:37.963+0200: 16.122: [ParNew: 545415K->12106K(613440K), 0.0107730 secs] 545805K->12496K(2029056K), 0.0108259 secs] [Times: user=0.13 sys=0.00, real=0.01 secs] 
2020-09-29T13:07:38.053+0200: 16.212: [GC (Allocation Failure) 2020-09-29T13:07:38.053+0200: 16.212: [ParNew: 557450K->17117K(613440K), 0.0093646 secs] 557840K->17507K(2029056K), 0.0094211 secs] [Times: user=0.00 sys=0.00, real=0.01 secs] 
2020-09-29T13:07:38.140+0200: 16.299: [GC (Allocation Failure) 2020-09-29T13:07:38.140+0200: 16.299: [ParNew: 562461K->12047K(613440K), 0.0083428 secs] 562851K->12437K(2029056K), 0.0083977 secs] [Times: user=0.13 sys=0.00, real=0.01 secs] 
2020-09-29T13:07:38.229+0200: 16.388: [GC (Allocation Failure) 2020-09-29T13:07:38.229+0200: 16.388: [ParNew: 557391K->8017K(613440K), 0.0073329 secs] 557781K->8407K(2029056K), 0.0073888 secs] [Times: user=0.00 sys=0.00, real=0.01 secs] 
2020-09-29T13:07:38.314+0200: 16.473: [GC (Allocation Failure) 2020-09-29T13:07:38.314+0200: 16.473: [ParNew: 553361K->6734K(613440K), 0.0062668 secs] 553751K->7124K(2029056K), 0.0063206 secs] [Times: user=0.13 sys=0.00, real=0.01 secs] 
2020-09-29T13:07:38.397+0200: 16.555: [GC (Allocation Failure) 2020-09-29T13:07:38.397+0200: 16.555: [ParNew: 550178K->273K(613440K), 0.0017540 secs] 550569K->664K(2029056K), 0.0018064 secs] [Times: user=0.00 sys=0.00, real=0.00 secs] 
2020-09-29T13:07:38.477+0200: 16.635: [GC (Allocation Failure) 2020-09-29T13:07:38.477+0200: 16.635: [ParNew: 545617K->12225K(613440K), 0.0106859 secs] 546008K->12616K(2029056K), 0.0107735 secs] [Times: user=0.00 sys=0.00, real=0.01 secs] 
2020-09-29T13:07:38.566+0200: 16.725: [GC (Allocation Failure) 2020-09-29T13:07:38.566+0200: 16.725: [ParNew: 557569K->17193K(613440K), 0.0098084 secs] 557960K->17583K(2029056K), 0.0098799 secs] [Times: user=0.09 sys=0.03, real=0.01 secs] 
2020-09-29T13:07:38.661+0200: 16.819: [GC (Allocation Failure) 2020-09-29T13:07:38.661+0200: 16.819: [ParNew: 562537K->12063K(613440K), 0.0085896 secs] 562927K->12454K(2029056K), 0.0086438 secs] [Times: user=0.00 sys=0.00, real=0.01 secs] 
2020-09-29T13:07:38.745+0200: 16.903: [GC (Allocation Failure) 2020-09-29T13:07:38.745+0200: 16.903: [ParNew: 557407K->8264K(613440K), 0.0076996 secs] 557798K->8654K(2029056K), 0.0077548 secs] [Times: user=0.00 sys=0.00, real=0.01 secs] 
2020-09-29T13:07:38.831+0200: 16.989: [GC (Allocation Failure) 2020-09-29T13:07:38.831+0200: 16.989: [ParNew: 553608K->7375K(613440K), 0.0066310 secs] 553998K->7765K(2029056K), 0.0066871 secs] [Times: user=0.13 sys=0.00, real=0.01 secs] 
2020-09-29T13:07:38.915+0200: 17.073: [GC (Allocation Failure) 2020-09-29T13:07:38.915+0200: 17.073: [ParNew: 552719K->5828K(613440K), 0.0054941 secs] 553109K->6219K(2029056K), 0.0055500 secs] [Times: user=0.00 sys=0.00, real=0.01 secs] 
2020-09-29T13:07:38.996+0200: 17.154: [GC (Allocation Failure) 2020-09-29T13:07:38.996+0200: 17.154: [ParNew: 551172K->168K(613440K), 0.0018398 secs] 551563K->558K(2029056K), 0.0018896 secs] [Times: user=0.00 sys=0.00, real=0.00 secs] 
2020-09-29T13:07:39.075+0200: 17.234: [GC (Allocation Failure) 2020-09-29T13:07:39.075+0200: 17.234: [ParNew: 545512K->12331K(613440K), 0.0105218 secs] 545902K->12721K(2029056K), 0.0105771 secs] [Times: user=0.13 sys=0.00, real=0.01 secs] 
2020-09-29T13:07:39.164+0200: 17.323: [GC (Allocation Failure) 2020-09-29T13:07:39.164+0200: 17.323: [ParNew: 557675K->17399K(613440K), 0.0098164 secs] 558065K->17789K(2029056K), 0.0098719 secs] [Times: user=0.00 sys=0.00, real=0.01 secs] 
2020-09-29T13:07:39.253+0200: 17.411: [GC (Allocation Failure) 2020-09-29T13:07:39.253+0200: 17.411: [ParNew: 562743K->12126K(613440K), 0.0083803 secs] 563133K->12516K(2029056K), 0.0084839 secs] [Times: user=0.13 sys=0.00, real=0.01 secs] 
2020-09-29T13:07:39.338+0200: 17.496: [GC (Allocation Failure) 2020-09-29T13:07:39.338+0200: 17.496: [ParNew: 557470K->8156K(613440K), 0.0076275 secs] 557860K->8547K(2029056K), 0.0076834 secs] [Times: user=0.00 sys=0.00, real=0.01 secs] 
2020-09-29T13:07:39.423+0200: 17.581: [GC (Allocation Failure) 2020-09-29T13:07:39.423+0200: 17.581: [ParNew: 553500K->7129K(613440K), 0.0061771 secs] 553891K->7520K(2029056K), 0.0062345 secs] [Times: user=0.13 sys=0.00, real=0.01 secs] 
2020-09-29T13:07:39.507+0200: 17.665: [GC (Allocation Failure) 2020-09-29T13:07:39.507+0200: 17.665: [ParNew: 552473K->4294K(613440K), 0.0049810 secs] 552864K->4684K(2029056K), 0.0050361 secs] [Times: user=0.00 sys=0.00, real=0.01 secs] 
2020-09-29T13:07:39.591+0200: 17.749: [GC (Allocation Failure) 2020-09-29T13:07:39.591+0200: 17.749: [ParNew: 549638K->90K(613440K), 0.0015471 secs] 550028K->480K(2029056K), 0.0016107 secs] [Times: user=0.00 sys=0.00, real=0.00 secs] 
2020-09-29T13:07:39.671+0200: 17.829: [GC (Allocation Failure) 2020-09-29T13:07:39.671+0200: 17.829: [ParNew: 545434K->11779K(613440K), 0.0102953 secs] 545824K->12169K(2029056K), 0.0103513 secs] [Times: user=0.13 sys=0.00, real=0.01 secs] 
2020-09-29T13:07:39.757+0200: 17.915: [GC (Allocation Failure) 2020-09-29T13:07:39.757+0200: 17.915: [ParNew: 557123K->16637K(613440K), 0.0095738 secs] 557513K->17027K(2029056K), 0.0096294 secs] [Times: user=0.00 sys=0.00, real=0.01 secs] 
2020-09-29T13:07:39.846+0200: 18.005: [GC (Allocation Failure) 2020-09-29T13:07:39.846+0200: 18.005: [ParNew: 561981K->11610K(613440K), 0.0085959 secs] 562371K->12000K(2029056K), 0.0086760 secs] [Times: user=0.13 sys=0.00, real=0.01 secs] 
2020-09-29T13:07:39.932+0200: 18.091: [GC (Allocation Failure) 2020-09-29T13:07:39.932+0200: 18.091: [ParNew: 556954K->7916K(613440K), 0.0074670 secs] 557344K->8306K(2029056K), 0.0075227 secs] [Times: user=0.00 sys=0.00, real=0.01 secs] 
2020-09-29T13:07:40.019+0200: 18.178: [GC (Allocation Failure) 2020-09-29T13:07:40.019+0200: 18.178: [ParNew: 553260K->7037K(613440K), 0.0065326 secs] 553650K->7427K(2029056K), 0.0065852 secs] [Times: user=0.13 sys=0.00, real=0.01 secs] 
2020-09-29T13:07:40.102+0200: 18.261: [GC (Allocation Failure) 2020-09-29T13:07:40.102+0200: 18.261: [ParNew: 552381K->5533K(613440K), 0.0056433 secs] 552771K->5923K(2029056K), 0.0057191 secs] [Times: user=0.00 sys=0.00, real=0.01 secs] 
2020-09-29T13:07:40.184+0200: 18.343: [GC (Allocation Failure) 2020-09-29T13:07:40.184+0200: 18.343: [ParNew: 550877K->184K(613440K), 0.0015658 secs] 551267K->574K(2029056K), 0.0016164 secs] [Times: user=0.00 sys=0.00, real=0.00 secs] 
2020-09-29T13:07:40.262+0200: 18.421: [GC (Allocation Failure) 2020-09-29T13:07:40.262+0200: 18.421: [ParNew: 545528K->12363K(613440K), 0.0105984 secs] 545918K->12753K(2029056K), 0.0106538 secs] [Times: user=0.13 sys=0.00, real=0.01 secs] 
2020-09-29T13:07:40.351+0200: 18.510: [GC (Allocation Failure) 2020-09-29T13:07:40.351+0200: 18.510: [ParNew: 557707K->17354K(613440K), 0.0095344 secs] 558097K->17744K(2029056K), 0.0111790 secs] [Times: user=0.00 sys=0.00, real=0.01 secs] 
2020-09-29T13:07:40.443+0200: 18.602: [GC (Allocation Failure) 2020-09-29T13:07:40.443+0200: 18.602: [ParNew: 562698K->11903K(613440K), 0.0082364 secs] 563088K->12294K(2029056K), 0.0083179 secs] [Times: user=0.00 sys=0.00, real=0.01 secs] 
2020-09-29T13:07:40.536+0200: 18.695: [GC (Allocation Failure) 2020-09-29T13:07:40.536+0200: 18.695: [ParNew: 557247K->7768K(613440K), 0.0074025 secs] 557638K->8158K(2029056K), 0.0074567 secs] [Times: user=0.00 sys=0.00, real=0.01 secs] 
2020-09-29T13:07:40.628+0200: 18.787: [GC (Allocation Failure) 2020-09-29T13:07:40.628+0200: 18.787: [ParNew: 553112K->6638K(613440K), 0.0068563 secs] 553502K->7028K(2029056K), 0.0069657 secs] [Times: user=0.13 sys=0.00, real=0.01 secs] 
2020-09-29T13:07:40.713+0200: 18.872: [GC (Allocation Failure) 2020-09-29T13:07:40.713+0200: 18.872: [ParNew: 551982K->4080K(613440K), 0.0046666 secs] 552372K->4470K(2029056K), 0.0047205 secs] [Times: user=0.00 sys=0.00, real=0.00 secs] 
2020-09-29T13:07:40.795+0200: 18.954: [GC (Allocation Failure) 2020-09-29T13:07:40.795+0200: 18.954: [ParNew: 549424K->71K(613440K), 0.0017941 secs] 549814K->461K(2029056K), 0.0018446 secs] [Times: user=0.00 sys=0.00, real=0.00 secs] 
2020-09-29T13:07:40.876+0200: 19.035: [GC (Allocation Failure) 2020-09-29T13:07:40.876+0200: 19.035: [ParNew: 545415K->12106K(613440K), 0.0109471 secs] 545805K->12496K(2029056K), 0.0110022 secs] [Times: user=0.13 sys=0.00, real=0.01 secs] 
2020-09-29T13:07:40.967+0200: 19.125: [GC (Allocation Failure) 2020-09-29T13:07:40.967+0200: 19.125: [ParNew: 557450K->17117K(613440K), 0.0098684 secs] 557840K->17507K(2029056K), 0.0099241 secs] [Times: user=0.13 sys=0.00, real=0.01 secs] 
2020-09-29T13:07:41.055+0200: 19.214: [GC (Allocation Failure) 2020-09-29T13:07:41.055+0200: 19.214: [ParNew: 562461K->12047K(613440K), 0.0084534 secs] 562851K->12437K(2029056K), 0.0085110 secs] [Times: user=0.00 sys=0.00, real=0.01 secs] 
2020-09-29T13:07:41.140+0200: 19.299: [GC (Allocation Failure) 2020-09-29T13:07:41.140+0200: 19.299: [ParNew: 557391K->8017K(613440K), 0.0071306 secs] 557781K->8407K(2029056K), 0.0071847 secs] [Times: user=0.13 sys=0.00, real=0.01 secs] 
2020-09-29T13:07:41.227+0200: 19.386: [GC (Allocation Failure) 2020-09-29T13:07:41.227+0200: 19.386: [ParNew: 553361K->6734K(613440K), 0.0063259 secs] 553751K->7124K(2029056K), 0.0063820 secs] [Times: user=0.00 sys=0.00, real=0.01 secs] 
2020-09-29T13:07:41.311+0200: 19.470: [GC (Allocation Failure) 2020-09-29T13:07:41.311+0200: 19.470: [ParNew: 550178K->273K(613440K), 0.0018091 secs] 550569K->664K(2029056K), 0.0018654 secs] [Times: user=0.00 sys=0.00, real=0.00 secs] 
2020-09-29T13:07:41.392+0200: 19.551: [GC (Allocation Failure) 2020-09-29T13:07:41.392+0200: 19.551: [ParNew: 545617K->12225K(613440K), 0.0104053 secs] 546008K->12616K(2029056K), 0.0104823 secs] [Times: user=0.13 sys=0.00, real=0.01 secs] 
2020-09-29T13:07:41.480+0200: 19.639: [GC (Allocation Failure) 2020-09-29T13:07:41.480+0200: 19.639: [ParNew: 557569K->17193K(613440K), 0.0095564 secs] 557960K->17583K(2029056K), 0.0096093 secs] [Times: user=0.13 sys=0.00, real=0.01 secs] 
2020-09-29T13:07:41.568+0200: 19.727: [GC (Allocation Failure) 2020-09-29T13:07:41.568+0200: 19.727: [ParNew: 562537K->11431K(613440K), 0.0090468 secs] 562927K->11822K(2029056K), 0.0091055 secs] [Times: user=0.00 sys=0.00, real=0.01 secs] 
2020-09-29T13:07:41.660+0200: 19.819: [GC (Allocation Failure) 2020-09-29T13:07:41.660+0200: 19.819: [ParNew: 556775K->8264K(613440K), 0.0080786 secs] 557166K->8654K(2029056K), 0.0081338 secs] [Times: user=0.13 sys=0.00, real=0.01 secs] 
2020-09-29T13:07:41.745+0200: 19.903: [GC (Allocation Failure) 2020-09-29T13:07:41.745+0200: 19.903: [ParNew: 553608K->7375K(613440K), 0.0067550 secs] 553998K->7765K(2029056K), 0.0068089 secs] [Times: user=0.00 sys=0.00, real=0.01 secs] 
2020-09-29T13:07:41.829+0200: 19.988: [GC (Allocation Failure) 2020-09-29T13:07:41.829+0200: 19.988: [ParNew: 552719K->5344K(613440K), 0.0064757 secs] 553109K->5734K(2029056K), 0.0065478 secs] [Times: user=0.11 sys=0.00, real=0.01 secs] 
2020-09-29T13:07:41.922+0200: 20.081: [GC (Allocation Failure) 2020-09-29T13:07:41.922+0200: 20.081: [ParNew: 550688K->192K(613440K), 0.0015241 secs] 551078K->582K(2029056K), 0.0015778 secs] [Times: user=0.00 sys=0.00, real=0.00 secs] 
2020-09-29T13:07:42.004+0200: 20.162: [GC (Allocation Failure) 2020-09-29T13:07:42.004+0200: 20.162: [ParNew: 545536K->12447K(613440K), 0.0107245 secs] 545926K->12838K(2029056K), 0.0107791 secs] [Times: user=0.13 sys=0.00, real=0.01 secs] 
2020-09-29T13:07:42.094+0200: 20.253: [GC (Allocation Failure) 2020-09-29T13:07:42.094+0200: 20.253: [ParNew: 557791K->17423K(613440K), 0.0097146 secs] 558182K->17813K(2029056K), 0.0097683 secs] [Times: user=0.13 sys=0.00, real=0.01 secs] 
2020-09-29T13:07:42.181+0200: 20.340: [GC (Allocation Failure) 2020-09-29T13:07:42.182+0200: 20.340: [ParNew: 562767K->12132K(613440K), 0.0089630 secs] 563157K->12522K(2029056K), 0.0090306 secs] [Times: user=0.00 sys=0.00, real=0.01 secs] 
2020-09-29T13:07:42.267+0200: 20.426: [GC (Allocation Failure) 2020-09-29T13:07:42.267+0200: 20.426: [ParNew: 557476K->8157K(613440K), 0.0073384 secs] 557866K->8547K(2029056K), 0.0073938 secs] [Times: user=0.13 sys=0.00, real=0.01 secs] 
2020-09-29T13:07:42.351+0200: 20.509: [GC (Allocation Failure) 2020-09-29T13:07:42.351+0200: 20.509: [ParNew: 553501K->7130K(613440K), 0.0062735 secs] 553891K->7520K(2029056K), 0.0063364 secs] [Times: user=0.00 sys=0.00, real=0.01 secs] 
2020-09-29T13:07:42.433+0200: 20.592: [GC (Allocation Failure) 2020-09-29T13:07:42.433+0200: 20.592: [ParNew: 552474K->4294K(613440K), 0.0050862 secs] 552864K->4684K(2029056K), 0.0051398 secs] [Times: user=0.00 sys=0.00, real=0.00 secs] 
2020-09-29T13:07:42.514+0200: 20.673: [GC (Allocation Failure) 2020-09-29T13:07:42.514+0200: 20.673: [ParNew: 549638K->90K(613440K), 0.0017463 secs] 550028K->480K(2029056K), 0.0017983 secs] [Times: user=0.00 sys=0.00, real=0.00 secs] 
2020-09-29T13:07:42.595+0200: 20.753: [GC (Allocation Failure) 2020-09-29T13:07:42.595+0200: 20.753: [ParNew: 545434K->11756K(613440K), 0.0109237 secs] 545824K->12146K(2029056K), 0.0109886 secs] [Times: user=0.11 sys=0.00, real=0.01 secs] 
2020-09-29T13:07:42.685+0200: 20.844: [GC (Allocation Failure) 2020-09-29T13:07:42.686+0200: 20.844: [ParNew: 557100K->16637K(613440K), 0.0093461 secs] 557490K->17027K(2029056K), 0.0094041 secs] [Times: user=0.13 sys=0.00, real=0.01 secs] 
2020-09-29T13:07:42.773+0200: 20.932: [GC (Allocation Failure) 2020-09-29T13:07:42.774+0200: 20.932: [ParNew: 561981K->11610K(613440K), 0.0086102 secs] 562371K->12000K(2029056K), 0.0086903 secs] [Times: user=0.00 sys=0.00, real=0.01 secs] 
2020-09-29T13:07:42.859+0200: 21.018: [GC (Allocation Failure) 2020-09-29T13:07:42.859+0200: 21.018: [ParNew: 556954K->7916K(613440K), 0.0074210 secs] 557344K->8306K(2029056K), 0.0074949 secs] [Times: user=0.13 sys=0.00, real=0.01 secs] 
2020-09-29T13:07:42.946+0200: 21.104: [GC (Allocation Failure) 2020-09-29T13:07:42.946+0200: 21.104: [ParNew: 553260K->7037K(613440K), 0.0067258 secs] 553650K->7427K(2029056K), 0.0067840 secs] [Times: user=0.00 sys=0.00, real=0.01 secs] 
2020-09-29T13:07:43.031+0200: 21.190: [GC (Allocation Failure) 2020-09-29T13:07:43.032+0200: 21.190: [ParNew: 552381K->5533K(613440K), 0.0056937 secs] 552771K->5923K(2029056K), 0.0057544 secs] [Times: user=0.13 sys=0.00, real=0.01 secs] 
2020-09-29T13:07:43.115+0200: 21.273: [GC (Allocation Failure) 2020-09-29T13:07:43.115+0200: 21.273: [ParNew: 550877K->184K(613440K), 0.0015860 secs] 551267K->574K(2029056K), 0.0016369 secs] [Times: user=0.00 sys=0.00, real=0.00 secs] 
2020-09-29T13:07:43.193+0200: 21.352: [GC (Allocation Failure) 2020-09-29T13:07:43.193+0200: 21.352: [ParNew: 545528K->12271K(613440K), 0.0105737 secs] 545918K->12661K(2029056K), 0.0106835 secs] [Times: user=0.00 sys=0.00, real=0.01 secs] 
2020-09-29T13:07:43.283+0200: 21.442: [GC (Allocation Failure) 2020-09-29T13:07:43.283+0200: 21.442: [ParNew: 557615K->17354K(613440K), 0.0102239 secs] 558005K->17744K(2029056K), 0.0102898 secs] [Times: user=0.13 sys=0.00, real=0.01 secs] 
2020-09-29T13:07:43.387+0200: 21.546: [GC (Allocation Failure) 2020-09-29T13:07:43.387+0200: 21.546: [ParNew: 562698K->11903K(613440K), 0.0085926 secs] 563088K->12294K(2029056K), 0.0086491 secs] [Times: user=0.13 sys=0.00, real=0.01 secs] 
2020-09-29T13:07:43.474+0200: 21.633: [GC (Allocation Failure) 2020-09-29T13:07:43.474+0200: 21.633: [ParNew: 557247K->7768K(613440K), 0.0073311 secs] 557638K->8158K(2029056K), 0.0074159 secs] [Times: user=0.00 sys=0.00, real=0.01 secs] 
2020-09-29T13:07:43.563+0200: 21.722: [GC (Allocation Failure) 2020-09-29T13:07:43.563+0200: 21.722: [ParNew: 553112K->6638K(613440K), 0.0064787 secs] 553502K->7028K(2029056K), 0.0065554 secs] [Times: user=0.13 sys=0.00, real=0.01 secs] 
2020-09-29T13:07:43.647+0200: 21.805: [GC (Allocation Failure) 2020-09-29T13:07:43.647+0200: 21.805: [ParNew: 551982K->4080K(613440K), 0.0050328 secs] 552372K->4470K(2029056K), 0.0050876 secs] [Times: user=0.00 sys=0.00, real=0.00 secs] 
2020-09-29T13:07:43.732+0200: 21.890: [GC (Allocation Failure) 2020-09-29T13:07:43.732+0200: 21.890: [ParNew: 549424K->71K(613440K), 0.0016958 secs] 549814K->461K(2029056K), 0.0017458 secs] [Times: user=0.00 sys=0.00, real=0.00 secs] 
2020-09-29T13:07:43.810+0200: 21.969: [GC (Allocation Failure) 2020-09-29T13:07:43.810+0200: 21.969: [ParNew: 545415K->12088K(613440K), 0.0103878 secs] 545805K->12478K(2029056K), 0.0104721 secs] [Times: user=0.13 sys=0.00, real=0.01 secs] 
Heap
 par new generation   total 613440K, used 545997K [0x0000000080000000, 0x00000000a9990000, 0x00000000a9990000)
  eden space 545344K,  97% used [0x0000000080000000, 0x00000000a0965330, 0x00000000a1490000)
  from space 68096K,  17% used [0x00000000a1490000, 0x00000000a205e1d0, 0x00000000a5710000)
  to   space 68096K,   0% used [0x00000000a5710000, 0x00000000a5710000, 0x00000000a9990000)
 concurrent mark-sweep generation total 1415616K, used 390K [0x00000000a9990000, 0x0000000100000000, 0x0000000100000000)
 Metaspace       used 2594K, capacity 4486K, committed 4864K, reserved 1056768K
  class space    used 285K, capacity 386K, committed 512K, reserved 1048576K
