Java HotSpot(TM) 64-Bit Server VM (25.261-b12) for windows-amd64 JRE (1.8.0_261-b12), built on Jun 18 2020 06:56:32 by "" with unknown MS VC++:1916
Memory: 4k page, physical 16659684k(8935044k free), swap 23213284k(7880368k free)
CommandLine flags: -XX:InitialHeapSize=2147483648 -XX:MaxHeapSize=2147483648 -XX:MaxNewSize=697933824 -XX:MaxTenuringThreshold=6 -XX:NewSize=697933824 -XX:OldPLABSize=16 -XX:OldSize=1395867648 -XX:+PrintGC -XX:+PrintGCDateStamps -XX:+PrintGCDetails -XX:+PrintGCTimeStamps -XX:+UseCompressedClassPointers -XX:+UseCompressedOops -XX:+UseConcMarkSweepGC -XX:-UseLargePagesIndividualAllocation -XX:+UseParNewGC 
2020-09-29T13:04:42.387+0200: 0.469: [GC (Allocation Failure) 2020-09-29T13:04:42.387+0200: 0.469: [ParNew: 545344K->4414K(613440K), 0.0159610 secs] 545344K->4414K(2029056K), 0.0160890 secs] [Times: user=0.00 sys=0.00, real=0.02 secs] 
2020-09-29T13:04:42.507+0200: 0.589: [GC (Allocation Failure) 2020-09-29T13:04:42.507+0200: 0.589: [ParNew: 549758K->4304K(613440K), 0.0065705 secs] 549758K->4304K(2029056K), 0.0066256 secs] [Times: user=0.00 sys=0.00, real=0.01 secs] 
2020-09-29T13:04:42.600+0200: 0.682: [GC (Allocation Failure) 2020-09-29T13:04:42.600+0200: 0.682: [ParNew: 549648K->972K(613440K), 0.0020940 secs] 549648K->972K(2029056K), 0.0021461 secs] [Times: user=0.00 sys=0.00, real=0.00 secs] 
2020-09-29T13:04:42.699+0200: 0.781: [GC (Allocation Failure) 2020-09-29T13:04:42.699+0200: 0.781: [ParNew: 546316K->12658K(613440K), 0.0133605 secs] 546316K->12658K(2029056K), 0.0134275 secs] [Times: user=0.11 sys=0.00, real=0.01 secs] 
2020-09-29T13:04:42.805+0200: 0.887: [GC (Allocation Failure) 2020-09-29T13:04:42.805+0200: 0.887: [ParNew: 558002K->16835K(613440K), 0.0114382 secs] 558002K->16835K(2029056K), 0.0115011 secs] [Times: user=0.00 sys=0.00, real=0.01 secs] 
2020-09-29T13:04:42.910+0200: 0.992: [GC (Allocation Failure) 2020-09-29T13:04:42.910+0200: 0.992: [ParNew: 562179K->11763K(613440K), 0.0091333 secs] 562179K->11763K(2029056K), 0.0091896 secs] [Times: user=0.09 sys=0.00, real=0.01 secs] 
2020-09-29T13:04:43.005+0200: 1.086: [GC (Allocation Failure) 2020-09-29T13:04:43.005+0200: 1.087: [ParNew: 557107K->9593K(613440K), 0.0092391 secs] 557107K->9984K(2029056K), 0.0092943 secs] [Times: user=0.00 sys=0.00, real=0.01 secs] 
2020-09-29T13:04:43.101+0200: 1.183: [GC (Allocation Failure) 2020-09-29T13:04:43.101+0200: 1.183: [ParNew: 554937K->7664K(613440K), 0.0063781 secs] 555328K->8055K(2029056K), 0.0064327 secs] [Times: user=0.00 sys=0.00, real=0.01 secs] 
2020-09-29T13:04:43.193+0200: 1.275: [GC (Allocation Failure) 2020-09-29T13:04:43.193+0200: 1.275: [ParNew: 553008K->4628K(613440K), 0.0056059 secs] 553399K->5018K(2029056K), 0.0056622 secs] [Times: user=0.00 sys=0.00, real=0.01 secs] 
2020-09-29T13:04:43.286+0200: 1.368: [GC (Allocation Failure) 2020-09-29T13:04:43.286+0200: 1.368: [ParNew: 549972K->147K(613440K), 0.0015970 secs] 550362K->537K(2029056K), 0.0016449 secs] [Times: user=0.00 sys=0.00, real=0.00 secs] 
2020-09-29T13:04:43.373+0200: 1.455: [GC (Allocation Failure) 2020-09-29T13:04:43.373+0200: 1.455: [ParNew: 545491K->12299K(613440K), 0.0104434 secs] 545881K->12689K(2029056K), 0.0104972 secs] [Times: user=0.13 sys=0.00, real=0.01 secs] 
2020-09-29T13:04:43.470+0200: 1.552: [GC (Allocation Failure) 2020-09-29T13:04:43.470+0200: 1.552: [ParNew: 557643K->17290K(613440K), 0.0097656 secs] 558033K->17680K(2029056K), 0.0098217 secs] [Times: user=0.13 sys=0.00, real=0.01 secs] 
2020-09-29T13:04:43.566+0200: 1.648: [GC (Allocation Failure) 2020-09-29T13:04:43.566+0200: 1.648: [ParNew: 562634K->12231K(613440K), 0.0085313 secs] 563024K->12621K(2029056K), 0.0086028 secs] [Times: user=0.13 sys=0.00, real=0.01 secs] 
2020-09-29T13:04:43.659+0200: 1.741: [GC (Allocation Failure) 2020-09-29T13:04:43.659+0200: 1.741: [ParNew: 557575K->8411K(613440K), 0.0076120 secs] 557965K->8801K(2029056K), 0.0076666 secs] [Times: user=0.13 sys=0.00, real=0.01 secs] 
2020-09-29T13:04:43.750+0200: 1.833: [GC (Allocation Failure) 2020-09-29T13:04:43.750+0200: 1.833: [ParNew: 553755K->7464K(613440K), 0.0065813 secs] 554145K->7854K(2029056K), 0.0066820 secs] [Times: user=0.13 sys=0.00, real=0.01 secs] 
2020-09-29T13:04:43.843+0200: 1.925: [GC (Allocation Failure) 2020-09-29T13:04:43.843+0200: 1.925: [ParNew: 552808K->5985K(613440K), 0.0060792 secs] 553198K->6376K(2029056K), 0.0061352 secs] [Times: user=0.13 sys=0.00, real=0.01 secs] 
2020-09-29T13:04:43.932+0200: 2.014: [GC (Allocation Failure) 2020-09-29T13:04:43.932+0200: 2.014: [ParNew: 550697K->220K(613440K), 0.0015423 secs] 551088K->610K(2029056K), 0.0015882 secs] [Times: user=0.00 sys=0.00, real=0.00 secs] 
2020-09-29T13:04:44.017+0200: 2.098: [GC (Allocation Failure) 2020-09-29T13:04:44.017+0200: 2.098: [ParNew: 545564K->12074K(613440K), 0.0101077 secs] 545954K->12464K(2029056K), 0.0101610 secs] [Times: user=0.13 sys=0.00, real=0.01 secs] 
2020-09-29T13:04:44.112+0200: 2.194: [GC (Allocation Failure) 2020-09-29T13:04:44.112+0200: 2.194: [ParNew: 557418K->16923K(613440K), 0.0094730 secs] 557808K->17313K(2029056K), 0.0095282 secs] [Times: user=0.11 sys=0.02, real=0.01 secs] 
2020-09-29T13:04:44.204+0200: 2.286: [GC (Allocation Failure) 2020-09-29T13:04:44.204+0200: 2.286: [ParNew: 562267K->11920K(613440K), 0.0082051 secs] 562657K->12310K(2029056K), 0.0082591 secs] [Times: user=0.13 sys=0.00, real=0.01 secs] 
2020-09-29T13:04:44.295+0200: 2.377: [GC (Allocation Failure) 2020-09-29T13:04:44.295+0200: 2.377: [ParNew: 557264K->8094K(613440K), 0.0073202 secs] 557654K->8484K(2029056K), 0.0073779 secs] [Times: user=0.13 sys=0.00, real=0.01 secs] 
2020-09-29T13:04:44.388+0200: 2.470: [GC (Allocation Failure) 2020-09-29T13:04:44.388+0200: 2.470: [ParNew: 553438K->7105K(613440K), 0.0065187 secs] 553828K->7495K(2029056K), 0.0065925 secs] [Times: user=0.00 sys=0.00, real=0.01 secs] 
2020-09-29T13:04:44.477+0200: 2.558: [GC (Allocation Failure) 2020-09-29T13:04:44.477+0200: 2.558: [ParNew: 552449K->5596K(613440K), 0.0053303 secs] 552839K->5987K(2029056K), 0.0053838 secs] [Times: user=0.00 sys=0.00, real=0.01 secs] 
2020-09-29T13:04:44.567+0200: 2.649: [GC (Allocation Failure) 2020-09-29T13:04:44.567+0200: 2.649: [ParNew: 550940K->151K(613440K), 0.0020659 secs] 551331K->541K(2029056K), 0.0021228 secs] [Times: user=0.00 sys=0.00, real=0.00 secs] 
2020-09-29T13:04:44.651+0200: 2.733: [GC (Allocation Failure) 2020-09-29T13:04:44.651+0200: 2.733: [ParNew: 545495K->12217K(613440K), 0.0105246 secs] 545885K->12607K(2029056K), 0.0105786 secs] [Times: user=0.13 sys=0.00, real=0.01 secs] 
2020-09-29T13:04:44.746+0200: 2.828: [GC (Allocation Failure) 2020-09-29T13:04:44.746+0200: 2.828: [ParNew: 557561K->17295K(613440K), 0.0093509 secs] 557951K->17685K(2029056K), 0.0094065 secs] [Times: user=0.13 sys=0.00, real=0.01 secs] 
2020-09-29T13:04:44.840+0200: 2.922: [GC (Allocation Failure) 2020-09-29T13:04:44.840+0200: 2.922: [ParNew: 562639K->12228K(613440K), 0.0086286 secs] 563029K->12618K(2029056K), 0.0086881 secs] [Times: user=0.13 sys=0.00, real=0.01 secs] 
2020-09-29T13:04:44.930+0200: 3.012: [GC (Allocation Failure) 2020-09-29T13:04:44.930+0200: 3.012: [ParNew: 557572K->8526K(613440K), 0.0073033 secs] 557962K->8916K(2029056K), 0.0073627 secs] [Times: user=0.00 sys=0.00, real=0.01 secs] 
2020-09-29T13:04:45.019+0200: 3.101: [GC (Allocation Failure) 2020-09-29T13:04:45.019+0200: 3.101: [ParNew: 553870K->7605K(613440K), 0.0064836 secs] 554260K->7995K(2029056K), 0.0065392 secs] [Times: user=0.13 sys=0.00, real=0.01 secs] 
2020-09-29T13:04:45.109+0200: 3.191: [GC (Allocation Failure) 2020-09-29T13:04:45.109+0200: 3.191: [ParNew: 552949K->4556K(613440K), 0.0054040 secs] 553339K->4946K(2029056K), 0.0054589 secs] [Times: user=0.13 sys=0.00, real=0.01 secs] 
2020-09-29T13:04:45.198+0200: 3.280: [GC (Allocation Failure) 2020-09-29T13:04:45.198+0200: 3.280: [ParNew: 549900K->138K(613440K), 0.0014955 secs] 550290K->529K(2029056K), 0.0015444 secs] [Times: user=0.00 sys=0.00, real=0.00 secs] 
2020-09-29T13:04:45.282+0200: 3.364: [GC (Allocation Failure) 2020-09-29T13:04:45.282+0200: 3.364: [ParNew: 545482K->12236K(613440K), 0.0100939 secs] 545873K->12627K(2029056K), 0.0101490 secs] [Times: user=0.13 sys=0.00, real=0.01 secs] 
2020-09-29T13:04:45.379+0200: 3.462: [GC (Allocation Failure) 2020-09-29T13:04:45.379+0200: 3.462: [ParNew: 557580K->17300K(613440K), 0.0094101 secs] 557971K->17691K(2029056K), 0.0094646 secs] [Times: user=0.00 sys=0.00, real=0.01 secs] 
2020-09-29T13:04:45.473+0200: 3.555: [GC (Allocation Failure) 2020-09-29T13:04:45.473+0200: 3.555: [ParNew: 562644K->12230K(613440K), 0.0084473 secs] 563035K->12620K(2029056K), 0.0085034 secs] [Times: user=0.00 sys=0.00, real=0.01 secs] 
2020-09-29T13:04:45.566+0200: 3.648: [GC (Allocation Failure) 2020-09-29T13:04:45.566+0200: 3.648: [ParNew: 557574K->8405K(613440K), 0.0079545 secs] 557964K->8796K(2029056K), 0.0080197 secs] [Times: user=0.13 sys=0.00, real=0.01 secs] 
2020-09-29T13:04:45.658+0200: 3.740: [GC (Allocation Failure) 2020-09-29T13:04:45.658+0200: 3.740: [ParNew: 553749K->7436K(613440K), 0.0065654 secs] 554140K->7826K(2029056K), 0.0066198 secs] [Times: user=0.13 sys=0.00, real=0.01 secs] 
2020-09-29T13:04:45.750+0200: 3.832: [GC (Allocation Failure) 2020-09-29T13:04:45.750+0200: 3.832: [ParNew: 552780K->4531K(613440K), 0.0053920 secs] 553170K->4922K(2029056K), 0.0054449 secs] [Times: user=0.13 sys=0.00, real=0.01 secs] 
2020-09-29T13:04:45.841+0200: 3.922: [GC (Allocation Failure) 2020-09-29T13:04:45.841+0200: 3.922: [ParNew: 549875K->136K(613440K), 0.0015471 secs] 550266K->526K(2029056K), 0.0015977 secs] [Times: user=0.00 sys=0.00, real=0.00 secs] 
2020-09-29T13:04:45.924+0200: 4.006: [GC (Allocation Failure) 2020-09-29T13:04:45.924+0200: 4.006: [ParNew: 545480K->12230K(613440K), 0.0105449 secs] 545870K->12620K(2029056K), 0.0106334 secs] [Times: user=0.11 sys=0.00, real=0.01 secs] 
2020-09-29T13:04:46.016+0200: 4.098: [GC (Allocation Failure) 2020-09-29T13:04:46.016+0200: 4.098: [ParNew: 557574K->17303K(613440K), 0.0089499 secs] 557964K->17693K(2029056K), 0.0090053 secs] [Times: user=0.13 sys=0.00, real=0.01 secs] 
2020-09-29T13:04:46.111+0200: 4.192: [GC (Allocation Failure) 2020-09-29T13:04:46.111+0200: 4.192: [ParNew: 562647K->11890K(613440K), 0.0078743 secs] 563037K->12280K(2029056K), 0.0080107 secs] [Times: user=0.13 sys=0.00, real=0.01 secs] 
2020-09-29T13:04:46.202+0200: 4.284: [GC (Allocation Failure) 2020-09-29T13:04:46.202+0200: 4.284: [ParNew: 557234K->7765K(613440K), 0.0067793 secs] 557624K->8155K(2029056K), 0.0068350 secs] [Times: user=0.13 sys=0.00, real=0.01 secs] 
2020-09-29T13:04:46.291+0200: 4.373: [GC (Allocation Failure) 2020-09-29T13:04:46.291+0200: 4.373: [ParNew: 553109K->6636K(613440K), 0.0059275 secs] 553499K->7027K(2029056K), 0.0059839 secs] [Times: user=0.00 sys=0.00, real=0.01 secs] 
2020-09-29T13:04:46.382+0200: 4.464: [GC (Allocation Failure) 2020-09-29T13:04:46.382+0200: 4.464: [ParNew: 551980K->4080K(613440K), 0.0049636 secs] 552371K->4470K(2029056K), 0.0050185 secs] [Times: user=0.00 sys=0.00, real=0.01 secs] 
2020-09-29T13:04:46.470+0200: 4.552: [GC (Allocation Failure) 2020-09-29T13:04:46.470+0200: 4.552: [ParNew: 549424K->71K(613440K), 0.0017461 secs] 549814K->461K(2029056K), 0.0017966 secs] [Times: user=0.00 sys=0.00, real=0.00 secs] 
2020-09-29T13:04:46.555+0200: 4.636: [GC (Allocation Failure) 2020-09-29T13:04:46.555+0200: 4.637: [ParNew: 545415K->12101K(613440K), 0.0100151 secs] 545805K->12492K(2029056K), 0.0100987 secs] [Times: user=0.00 sys=0.00, real=0.01 secs] 
2020-09-29T13:04:46.648+0200: 4.730: [GC (Allocation Failure) 2020-09-29T13:04:46.648+0200: 4.730: [ParNew: 557445K->17116K(613440K), 0.0092370 secs] 557836K->17506K(2029056K), 0.0092903 secs] [Times: user=0.00 sys=0.00, real=0.01 secs] 
2020-09-29T13:04:46.741+0200: 4.822: [GC (Allocation Failure) 2020-09-29T13:04:46.741+0200: 4.823: [ParNew: 562460K->12047K(613440K), 0.0082174 secs] 562850K->12437K(2029056K), 0.0082703 secs] [Times: user=0.00 sys=0.00, real=0.01 secs] 
2020-09-29T13:04:46.833+0200: 4.915: [GC (Allocation Failure) 2020-09-29T13:04:46.833+0200: 4.915: [ParNew: 557391K->8016K(613440K), 0.0070092 secs] 557781K->8406K(2029056K), 0.0070676 secs] [Times: user=0.00 sys=0.00, real=0.01 secs] 
2020-09-29T13:04:46.921+0200: 5.003: [GC (Allocation Failure) 2020-09-29T13:04:46.921+0200: 5.003: [ParNew: 553360K->6733K(613440K), 0.0062633 secs] 553750K->7123K(2029056K), 0.0063212 secs] [Times: user=0.13 sys=0.00, real=0.01 secs] 
2020-09-29T13:04:47.027+0200: 5.109: [GC (Allocation Failure) 2020-09-29T13:04:47.027+0200: 5.109: [ParNew: 550178K->273K(613440K), 0.0021319 secs] 550569K->664K(2029056K), 0.0021871 secs] [Times: user=0.00 sys=0.00, real=0.00 secs] 
2020-09-29T13:04:47.119+0200: 5.201: [GC (Allocation Failure) 2020-09-29T13:04:47.119+0200: 5.201: [ParNew: 545617K->12294K(613440K), 0.0102313 secs] 546008K->12684K(2029056K), 0.0103070 secs] [Times: user=0.00 sys=0.00, real=0.01 secs] 
2020-09-29T13:04:47.216+0200: 5.298: [GC (Allocation Failure) 2020-09-29T13:04:47.216+0200: 5.298: [ParNew: 557638K->17193K(613440K), 0.0092733 secs] 558028K->17583K(2029056K), 0.0093281 secs] [Times: user=0.13 sys=0.00, real=0.01 secs] 
2020-09-29T13:04:47.310+0200: 5.392: [GC (Allocation Failure) 2020-09-29T13:04:47.310+0200: 5.392: [ParNew: 562537K->12063K(613440K), 0.0085642 secs] 562927K->12454K(2029056K), 0.0086208 secs] [Times: user=0.13 sys=0.00, real=0.01 secs] 
2020-09-29T13:04:47.405+0200: 5.487: [GC (Allocation Failure) 2020-09-29T13:04:47.405+0200: 5.487: [ParNew: 557407K->8264K(613440K), 0.0076065 secs] 557798K->8654K(2029056K), 0.0076610 secs] [Times: user=0.13 sys=0.00, real=0.01 secs] 
2020-09-29T13:04:47.496+0200: 5.577: [GC (Allocation Failure) 2020-09-29T13:04:47.496+0200: 5.577: [ParNew: 553608K->7375K(613440K), 0.0065867 secs] 553998K->7765K(2029056K), 0.0066416 secs] [Times: user=0.00 sys=0.00, real=0.00 secs] 
2020-09-29T13:04:47.587+0200: 5.670: [GC (Allocation Failure) 2020-09-29T13:04:47.587+0200: 5.670: [ParNew: 552719K->5344K(613440K), 0.0053546 secs] 553109K->5734K(2029056K), 0.0054159 secs] [Times: user=0.00 sys=0.00, real=0.01 secs] 
2020-09-29T13:04:47.681+0200: 5.764: [GC (Allocation Failure) 2020-09-29T13:04:47.681+0200: 5.764: [ParNew: 550688K->192K(613440K), 0.0016037 secs] 551078K->582K(2029056K), 0.0016544 secs] [Times: user=0.00 sys=0.00, real=0.00 secs] 
2020-09-29T13:04:47.767+0200: 5.849: [GC (Allocation Failure) 2020-09-29T13:04:47.767+0200: 5.850: [ParNew: 545536K->12303K(613440K), 0.0100572 secs] 545926K->12693K(2029056K), 0.0101592 secs] [Times: user=0.13 sys=0.00, real=0.01 secs] 
2020-09-29T13:04:47.859+0200: 5.942: [GC (Allocation Failure) 2020-09-29T13:04:47.859+0200: 5.942: [ParNew: 557647K->17423K(613440K), 0.0092713 secs] 558037K->17813K(2029056K), 0.0093273 secs] [Times: user=0.13 sys=0.00, real=0.01 secs] 
2020-09-29T13:04:47.952+0200: 6.034: [GC (Allocation Failure) 2020-09-29T13:04:47.952+0200: 6.034: [ParNew: 562767K->12132K(613440K), 0.0080655 secs] 563157K->12522K(2029056K), 0.0081241 secs] [Times: user=0.13 sys=0.00, real=0.01 secs] 
2020-09-29T13:04:48.042+0200: 6.124: [GC (Allocation Failure) 2020-09-29T13:04:48.042+0200: 6.124: [ParNew: 557476K->8157K(613440K), 0.0072942 secs] 557866K->8547K(2029056K), 0.0073499 secs] [Times: user=0.00 sys=0.00, real=0.01 secs] 
2020-09-29T13:04:48.131+0200: 6.214: [GC (Allocation Failure) 2020-09-29T13:04:48.131+0200: 6.214: [ParNew: 553501K->7130K(613440K), 0.0059042 secs] 553891K->7520K(2029056K), 0.0059805 secs] [Times: user=0.00 sys=0.00, real=0.01 secs] 
2020-09-29T13:04:48.219+0200: 6.302: [GC (Allocation Failure) 2020-09-29T13:04:48.219+0200: 6.302: [ParNew: 552474K->4294K(613440K), 0.0046620 secs] 552864K->4684K(2029056K), 0.0047620 secs] [Times: user=0.13 sys=0.00, real=0.00 secs] 
2020-09-29T13:04:48.305+0200: 6.388: [GC (Allocation Failure) 2020-09-29T13:04:48.305+0200: 6.388: [ParNew: 549638K->90K(613440K), 0.0014362 secs] 550028K->480K(2029056K), 0.0014871 secs] [Times: user=0.00 sys=0.00, real=0.00 secs] 
2020-09-29T13:04:48.391+0200: 6.472: [GC (Allocation Failure) 2020-09-29T13:04:48.391+0200: 6.472: [ParNew: 545434K->11801K(613440K), 0.0102798 secs] 545824K->12192K(2029056K), 0.0103337 secs] [Times: user=0.13 sys=0.00, real=0.01 secs] 
2020-09-29T13:04:48.488+0200: 6.570: [GC (Allocation Failure) 2020-09-29T13:04:48.488+0200: 6.570: [ParNew: 557145K->16637K(613440K), 0.0092886 secs] 557536K->17027K(2029056K), 0.0093461 secs] [Times: user=0.08 sys=0.02, real=0.01 secs] 
2020-09-29T13:04:48.584+0200: 6.665: [GC (Allocation Failure) 2020-09-29T13:04:48.584+0200: 6.665: [ParNew: 561981K->11610K(613440K), 0.0081213 secs] 562371K->12000K(2029056K), 0.0081827 secs] [Times: user=0.00 sys=0.00, real=0.01 secs] 
2020-09-29T13:04:48.675+0200: 6.757: [GC (Allocation Failure) 2020-09-29T13:04:48.675+0200: 6.757: [ParNew: 556954K->7916K(613440K), 0.0072658 secs] 557344K->8306K(2029056K), 0.0073217 secs] [Times: user=0.13 sys=0.00, real=0.01 secs] 
2020-09-29T13:04:48.768+0200: 6.849: [GC (Allocation Failure) 2020-09-29T13:04:48.768+0200: 6.849: [ParNew: 553260K->7037K(613440K), 0.0061654 secs] 553650K->7427K(2029056K), 0.0062229 secs] [Times: user=0.13 sys=0.00, real=0.01 secs] 
2020-09-29T13:04:48.856+0200: 6.938: [GC (Allocation Failure) 2020-09-29T13:04:48.856+0200: 6.938: [ParNew: 552381K->5533K(613440K), 0.0055240 secs] 552771K->5923K(2029056K), 0.0055817 secs] [Times: user=0.00 sys=0.00, real=0.01 secs] 
2020-09-29T13:04:48.944+0200: 7.026: [GC (Allocation Failure) 2020-09-29T13:04:48.944+0200: 7.026: [ParNew: 550877K->184K(613440K), 0.0017830 secs] 551267K->574K(2029056K), 0.0018314 secs] [Times: user=0.00 sys=0.00, real=0.00 secs] 
2020-09-29T13:04:49.029+0200: 7.110: [GC (Allocation Failure) 2020-09-29T13:04:49.029+0200: 7.110: [ParNew: 545528K->12271K(613440K), 0.0104833 secs] 545918K->12661K(2029056K), 0.0105349 secs] [Times: user=0.13 sys=0.00, real=0.01 secs] 
2020-09-29T13:04:49.123+0200: 7.206: [GC (Allocation Failure) 2020-09-29T13:04:49.123+0200: 7.206: [ParNew: 557615K->17354K(613440K), 0.0090959 secs] 558005K->17744K(2029056K), 0.0091571 secs] [Times: user=0.13 sys=0.00, real=0.01 secs] 
2020-09-29T13:04:49.217+0200: 7.300: [GC (Allocation Failure) 2020-09-29T13:04:49.217+0200: 7.300: [ParNew: 562698K->11903K(613440K), 0.0078495 secs] 563088K->12294K(2029056K), 0.0079080 secs] [Times: user=0.13 sys=0.00, real=0.01 secs] 
2020-09-29T13:04:49.311+0200: 7.393: [GC (Allocation Failure) 2020-09-29T13:04:49.311+0200: 7.393: [ParNew: 557247K->7768K(613440K), 0.0073695 secs] 557638K->8158K(2029056K), 0.0074289 secs] [Times: user=0.13 sys=0.00, real=0.01 secs] 
2020-09-29T13:04:49.400+0200: 7.483: [GC (Allocation Failure) 2020-09-29T13:04:49.400+0200: 7.483: [ParNew: 553112K->6052K(613440K), 0.0062504 secs] 553502K->6442K(2029056K), 0.0063001 secs] [Times: user=0.00 sys=0.00, real=0.01 secs] 
2020-09-29T13:04:49.489+0200: 7.572: [GC (Allocation Failure) 2020-09-29T13:04:49.489+0200: 7.572: [ParNew: 551396K->5037K(613440K), 0.0045854 secs] 551786K->5427K(2029056K), 0.0046378 secs] [Times: user=0.00 sys=0.00, real=0.00 secs] 
2020-09-29T13:04:49.579+0200: 7.661: [GC (Allocation Failure) 2020-09-29T13:04:49.579+0200: 7.661: [ParNew: 550381K->101K(613440K), 0.0013732 secs] 550771K->491K(2029056K), 0.0014275 secs] [Times: user=0.00 sys=0.00, real=0.00 secs] 
2020-09-29T13:04:49.674+0200: 7.755: [GC (Allocation Failure) 2020-09-29T13:04:49.674+0200: 7.755: [ParNew: 545445K->12141K(613440K), 0.0101652 secs] 545835K->12531K(2029056K), 0.0102411 secs] [Times: user=0.13 sys=0.00, real=0.01 secs] 
2020-09-29T13:04:49.769+0200: 7.851: [GC (Allocation Failure) 2020-09-29T13:04:49.769+0200: 7.851: [ParNew: 557485K->17147K(613440K), 0.0090581 secs] 557875K->17537K(2029056K), 0.0091293 secs] [Times: user=0.13 sys=0.00, real=0.01 secs] 
2020-09-29T13:04:49.864+0200: 7.946: [GC (Allocation Failure) 2020-09-29T13:04:49.864+0200: 7.946: [ParNew: 562491K->12055K(613440K), 0.0080544 secs] 562881K->12445K(2029056K), 0.0081434 secs] [Times: user=0.00 sys=0.00, real=0.01 secs] 
2020-09-29T13:04:49.957+0200: 8.039: [GC (Allocation Failure) 2020-09-29T13:04:49.957+0200: 8.039: [ParNew: 557399K->8018K(613440K), 0.0067872 secs] 557789K->8408K(2029056K), 0.0068443 secs] [Times: user=0.13 sys=0.00, real=0.01 secs] 
2020-09-29T13:04:50.046+0200: 8.128: [GC (Allocation Failure) 2020-09-29T13:04:50.046+0200: 8.128: [ParNew: 553362K->6734K(613440K), 0.0061497 secs] 553752K->7124K(2029056K), 0.0062630 secs] [Times: user=0.13 sys=0.00, real=0.01 secs] 
2020-09-29T13:04:50.138+0200: 8.219: [GC (Allocation Failure) 2020-09-29T13:04:50.138+0200: 8.219: [ParNew: 550179K->273K(613440K), 0.0015262 secs] 550569K->664K(2029056K), 0.0015788 secs] [Times: user=0.00 sys=0.00, real=0.00 secs] 
2020-09-29T13:04:50.224+0200: 8.306: [GC (Allocation Failure) 2020-09-29T13:04:50.224+0200: 8.306: [ParNew: 545617K->12362K(613440K), 0.0102718 secs] 546008K->12752K(2029056K), 0.0103274 secs] [Times: user=0.00 sys=0.00, real=0.01 secs] 
2020-09-29T13:04:50.317+0200: 8.399: [GC (Allocation Failure) 2020-09-29T13:04:50.317+0200: 8.399: [ParNew: 557706K->17193K(613440K), 0.0094629 secs] 558096K->17583K(2029056K), 0.0095165 secs] [Times: user=0.00 sys=0.00, real=0.01 secs] 
2020-09-29T13:04:50.410+0200: 8.492: [GC (Allocation Failure) 2020-09-29T13:04:50.410+0200: 8.492: [ParNew: 562537K->12063K(613440K), 0.0082076 secs] 562927K->12454K(2029056K), 0.0082975 secs] [Times: user=0.13 sys=0.00, real=0.01 secs] 
2020-09-29T13:04:50.515+0200: 8.597: [GC (Allocation Failure) 2020-09-29T13:04:50.515+0200: 8.597: [ParNew: 557407K->8264K(613440K), 0.0086791 secs] 557798K->8654K(2029056K), 0.0087442 secs] [Times: user=0.11 sys=0.00, real=0.01 secs] 
2020-09-29T13:04:50.612+0200: 8.694: [GC (Allocation Failure) 2020-09-29T13:04:50.612+0200: 8.694: [ParNew: 553608K->7375K(613440K), 0.0067099 secs] 553998K->7765K(2029056K), 0.0067682 secs] [Times: user=0.13 sys=0.00, real=0.01 secs] 
2020-09-29T13:04:50.702+0200: 8.784: [GC (Allocation Failure) 2020-09-29T13:04:50.702+0200: 8.784: [ParNew: 552719K->5828K(613440K), 0.0058074 secs] 553109K->6219K(2029056K), 0.0058573 secs] [Times: user=0.00 sys=0.02, real=0.01 secs] 
2020-09-29T13:04:50.807+0200: 8.889: [GC (Allocation Failure) 2020-09-29T13:04:50.807+0200: 8.889: [ParNew: 551172K->168K(613440K), 0.0019862 secs] 551563K->558K(2029056K), 0.0020407 secs] [Times: user=0.00 sys=0.00, real=0.00 secs] 
2020-09-29T13:04:50.897+0200: 8.979: [GC (Allocation Failure) 2020-09-29T13:04:50.897+0200: 8.979: [ParNew: 545512K->12331K(613440K), 0.0103365 secs] 545902K->12721K(2029056K), 0.0103912 secs] [Times: user=0.00 sys=0.00, real=0.01 secs] 
2020-09-29T13:04:51.001+0200: 9.082: [GC (Allocation Failure) 2020-09-29T13:04:51.001+0200: 9.083: [ParNew: 557675K->17399K(613440K), 0.0090993 secs] 558065K->17789K(2029056K), 0.0091535 secs] [Times: user=0.13 sys=0.00, real=0.01 secs] 
2020-09-29T13:04:51.092+0200: 9.174: [GC (Allocation Failure) 2020-09-29T13:04:51.092+0200: 9.174: [ParNew: 562743K->12126K(613440K), 0.0083835 secs] 563133K->12516K(2029056K), 0.0084518 secs] [Times: user=0.13 sys=0.00, real=0.01 secs] 
2020-09-29T13:04:51.185+0200: 9.267: [GC (Allocation Failure) 2020-09-29T13:04:51.185+0200: 9.267: [ParNew: 557470K->8156K(613440K), 0.0073257 secs] 557860K->8547K(2029056K), 0.0073804 secs] [Times: user=0.13 sys=0.00, real=0.01 secs] 
2020-09-29T13:04:51.277+0200: 9.359: [GC (Allocation Failure) 2020-09-29T13:04:51.277+0200: 9.359: [ParNew: 553500K->7129K(613440K), 0.0060085 secs] 553891K->7520K(2029056K), 0.0060643 secs] [Times: user=0.00 sys=0.00, real=0.01 secs] 
2020-09-29T13:04:51.368+0200: 9.450: [GC (Allocation Failure) 2020-09-29T13:04:51.368+0200: 9.450: [ParNew: 552473K->4294K(613440K), 0.0049502 secs] 552864K->4684K(2029056K), 0.0050095 secs] [Times: user=0.00 sys=0.00, real=0.00 secs] 
2020-09-29T13:04:51.459+0200: 9.541: [GC (Allocation Failure) 2020-09-29T13:04:51.459+0200: 9.541: [ParNew: 549638K->90K(613440K), 0.0022830 secs] 550028K->480K(2029056K), 0.0023315 secs] [Times: user=0.00 sys=0.00, real=0.00 secs] 
2020-09-29T13:04:51.550+0200: 9.632: [GC (Allocation Failure) 2020-09-29T13:04:51.550+0200: 9.632: [ParNew: 545434K->11801K(613440K), 0.0101017 secs] 545824K->12192K(2029056K), 0.0101560 secs] [Times: user=0.13 sys=0.00, real=0.01 secs] 
2020-09-29T13:04:51.650+0200: 9.732: [GC (Allocation Failure) 2020-09-29T13:04:51.650+0200: 9.732: [ParNew: 557145K->16637K(613440K), 0.0094524 secs] 557536K->17027K(2029056K), 0.0095115 secs] [Times: user=0.00 sys=0.00, real=0.01 secs] 
2020-09-29T13:04:51.746+0200: 9.828: [GC (Allocation Failure) 2020-09-29T13:04:51.746+0200: 9.828: [ParNew: 561981K->11610K(613440K), 0.0083497 secs] 562371K->12000K(2029056K), 0.0084040 secs] [Times: user=0.00 sys=0.00, real=0.01 secs] 
2020-09-29T13:04:51.838+0200: 9.920: [GC (Allocation Failure) 2020-09-29T13:04:51.838+0200: 9.920: [ParNew: 556954K->7916K(613440K), 0.0072739 secs] 557344K->8306K(2029056K), 0.0073315 secs] [Times: user=0.00 sys=0.00, real=0.01 secs] 
2020-09-29T13:04:51.929+0200: 10.011: [GC (Allocation Failure) 2020-09-29T13:04:51.929+0200: 10.011: [ParNew: 553260K->7037K(613440K), 0.0063590 secs] 553650K->7427K(2029056K), 0.0064308 secs] [Times: user=0.00 sys=0.00, real=0.01 secs] 
2020-09-29T13:04:52.019+0200: 10.101: [GC (Allocation Failure) 2020-09-29T13:04:52.019+0200: 10.101: [ParNew: 552381K->5533K(613440K), 0.0056079 secs] 552771K->5923K(2029056K), 0.0056611 secs] [Times: user=0.00 sys=0.01, real=0.01 secs] 
2020-09-29T13:04:52.110+0200: 10.192: [GC (Allocation Failure) 2020-09-29T13:04:52.110+0200: 10.192: [ParNew: 550877K->184K(613440K), 0.0014974 secs] 551267K->574K(2029056K), 0.0015475 secs] [Times: user=0.00 sys=0.00, real=0.00 secs] 
2020-09-29T13:04:52.214+0200: 10.295: [GC (Allocation Failure) 2020-09-29T13:04:52.214+0200: 10.295: [ParNew: 545528K->12179K(613440K), 0.0124091 secs] 545918K->12569K(2029056K), 0.0124695 secs] [Times: user=0.13 sys=0.00, real=0.01 secs] 
2020-09-29T13:04:52.312+0200: 10.395: [GC (Allocation Failure) 2020-09-29T13:04:52.313+0200: 10.395: [ParNew: 557523K->16392K(613440K), 0.0092965 secs] 557913K->16782K(2029056K), 0.0093568 secs] [Times: user=0.13 sys=0.00, real=0.01 secs] 
2020-09-29T13:04:52.405+0200: 10.488: [GC (Allocation Failure) 2020-09-29T13:04:52.405+0200: 10.488: [ParNew: 561736K->11903K(613440K), 0.0081537 secs] 562126K->12294K(2029056K), 0.0082164 secs] [Times: user=0.13 sys=0.00, real=0.01 secs] 
2020-09-29T13:04:52.498+0200: 10.580: [GC (Allocation Failure) 2020-09-29T13:04:52.498+0200: 10.580: [ParNew: 557247K->7768K(613440K), 0.0070242 secs] 557638K->8158K(2029056K), 0.0070803 secs] [Times: user=0.13 sys=0.00, real=0.01 secs] 
2020-09-29T13:04:52.589+0200: 10.672: [GC (Allocation Failure) 2020-09-29T13:04:52.589+0200: 10.672: [ParNew: 553112K->6638K(613440K), 0.0060661 secs] 553502K->7028K(2029056K), 0.0061341 secs] [Times: user=0.00 sys=0.00, real=0.01 secs] 
2020-09-29T13:04:52.678+0200: 10.760: [GC (Allocation Failure) 2020-09-29T13:04:52.678+0200: 10.760: [ParNew: 551982K->4080K(613440K), 0.0046818 secs] 552372K->4470K(2029056K), 0.0047341 secs] [Times: user=0.00 sys=0.00, real=0.00 secs] 
2020-09-29T13:04:52.769+0200: 10.852: [GC (Allocation Failure) 2020-09-29T13:04:52.769+0200: 10.852: [ParNew: 549424K->71K(613440K), 0.0018592 secs] 549814K->461K(2029056K), 0.0019095 secs] [Times: user=0.02 sys=0.00, real=0.00 secs] 
2020-09-29T13:04:52.856+0200: 10.938: [GC (Allocation Failure) 2020-09-29T13:04:52.856+0200: 10.938: [ParNew: 545415K->12106K(613440K), 0.0102669 secs] 545805K->12496K(2029056K), 0.0103345 secs] [Times: user=0.13 sys=0.00, real=0.01 secs] 
2020-09-29T13:04:52.952+0200: 11.034: [GC (Allocation Failure) 2020-09-29T13:04:52.952+0200: 11.034: [ParNew: 557450K->17117K(613440K), 0.0095810 secs] 557840K->17507K(2029056K), 0.0096373 secs] [Times: user=0.13 sys=0.00, real=0.01 secs] 
2020-09-29T13:04:53.047+0200: 11.129: [GC (Allocation Failure) 2020-09-29T13:04:53.047+0200: 11.129: [ParNew: 562461K->12047K(613440K), 0.0083293 secs] 562851K->12437K(2029056K), 0.0083850 secs] [Times: user=0.13 sys=0.00, real=0.01 secs] 
2020-09-29T13:04:53.140+0200: 11.222: [GC (Allocation Failure) 2020-09-29T13:04:53.140+0200: 11.222: [ParNew: 557391K->8017K(613440K), 0.0073599 secs] 557781K->8407K(2029056K), 0.0074144 secs] [Times: user=0.13 sys=0.00, real=0.01 secs] 
2020-09-29T13:04:53.232+0200: 11.314: [GC (Allocation Failure) 2020-09-29T13:04:53.232+0200: 11.314: [ParNew: 553361K->6734K(613440K), 0.0062218 secs] 553751K->7124K(2029056K), 0.0062802 secs] [Times: user=0.00 sys=0.02, real=0.01 secs] 
2020-09-29T13:04:53.320+0200: 11.402: [GC (Allocation Failure) 2020-09-29T13:04:53.320+0200: 11.402: [ParNew: 550178K->273K(613440K), 0.0014791 secs] 550569K->664K(2029056K), 0.0015729 secs] [Times: user=0.00 sys=0.00, real=0.00 secs] 
2020-09-29T13:04:53.405+0200: 11.486: [GC (Allocation Failure) 2020-09-29T13:04:53.405+0200: 11.486: [ParNew: 545617K->12225K(613440K), 0.0099474 secs] 546008K->12616K(2029056K), 0.0100035 secs] [Times: user=0.13 sys=0.00, real=0.01 secs] 
2020-09-29T13:04:53.500+0200: 11.582: [GC (Allocation Failure) 2020-09-29T13:04:53.500+0200: 11.582: [ParNew: 557569K->17193K(613440K), 0.0096389 secs] 557960K->17583K(2029056K), 0.0096937 secs] [Times: user=0.13 sys=0.00, real=0.01 secs] 
2020-09-29T13:04:53.600+0200: 11.682: [GC (Allocation Failure) 2020-09-29T13:04:53.601+0200: 11.682: [ParNew: 562537K->11431K(613440K), 0.0089578 secs] 562927K->11822K(2029056K), 0.0090338 secs] [Times: user=0.00 sys=0.00, real=0.01 secs] 
2020-09-29T13:04:53.695+0200: 11.777: [GC (Allocation Failure) 2020-09-29T13:04:53.695+0200: 11.777: [ParNew: 556775K->8264K(613440K), 0.0074872 secs] 557166K->8654K(2029056K), 0.0075437 secs] [Times: user=0.00 sys=0.00, real=0.01 secs] 
2020-09-29T13:04:53.788+0200: 11.870: [GC (Allocation Failure) 2020-09-29T13:04:53.788+0200: 11.870: [ParNew: 553608K->7375K(613440K), 0.0066924 secs] 553998K->7765K(2029056K), 0.0067468 secs] [Times: user=0.00 sys=0.00, real=0.01 secs] 
2020-09-29T13:04:53.878+0200: 11.960: [GC (Allocation Failure) 2020-09-29T13:04:53.878+0200: 11.960: [ParNew: 552719K->5828K(613440K), 0.0054707 secs] 553109K->6219K(2029056K), 0.0055251 secs] [Times: user=0.13 sys=0.00, real=0.01 secs] 
2020-09-29T13:04:53.968+0200: 12.049: [GC (Allocation Failure) 2020-09-29T13:04:53.968+0200: 12.049: [ParNew: 551172K->168K(613440K), 0.0016331 secs] 551563K->558K(2029056K), 0.0016830 secs] [Times: user=0.00 sys=0.00, real=0.00 secs] 
2020-09-29T13:04:54.053+0200: 12.135: [GC (Allocation Failure) 2020-09-29T13:04:54.053+0200: 12.135: [ParNew: 545512K->12331K(613440K), 0.0102759 secs] 545902K->12721K(2029056K), 0.0183931 secs] [Times: user=0.00 sys=0.00, real=0.02 secs] 
2020-09-29T13:04:54.160+0200: 12.242: [GC (Allocation Failure) 2020-09-29T13:04:54.160+0200: 12.242: [ParNew: 557675K->17399K(613440K), 0.0090147 secs] 558065K->17789K(2029056K), 0.0090869 secs] [Times: user=0.13 sys=0.00, real=0.01 secs] 
2020-09-29T13:04:54.252+0200: 12.334: [GC (Allocation Failure) 2020-09-29T13:04:54.252+0200: 12.334: [ParNew: 562743K->12126K(613440K), 0.0080511 secs] 563133K->12516K(2029056K), 0.0081232 secs] [Times: user=0.13 sys=0.00, real=0.01 secs] 
2020-09-29T13:04:54.345+0200: 12.427: [GC (Allocation Failure) 2020-09-29T13:04:54.345+0200: 12.427: [ParNew: 557470K->8156K(613440K), 0.0071268 secs] 557860K->8547K(2029056K), 0.0071833 secs] [Times: user=0.13 sys=0.00, real=0.01 secs] 
2020-09-29T13:04:54.434+0200: 12.516: [GC (Allocation Failure) 2020-09-29T13:04:54.434+0200: 12.516: [ParNew: 553500K->7129K(613440K), 0.0060005 secs] 553891K->7520K(2029056K), 0.0060897 secs] [Times: user=0.00 sys=0.00, real=0.01 secs] 
2020-09-29T13:04:54.527+0200: 12.609: [GC (Allocation Failure) 2020-09-29T13:04:54.527+0200: 12.609: [ParNew: 552473K->4294K(613440K), 0.0053629 secs] 552864K->4684K(2029056K), 0.0054162 secs] [Times: user=0.00 sys=0.00, real=0.01 secs] 
2020-09-29T13:04:54.619+0200: 12.701: [GC (Allocation Failure) 2020-09-29T13:04:54.619+0200: 12.701: [ParNew: 549638K->90K(613440K), 0.0014345 secs] 550028K->480K(2029056K), 0.0014863 secs] [Times: user=0.00 sys=0.00, real=0.00 secs] 
2020-09-29T13:04:54.703+0200: 12.784: [GC (Allocation Failure) 2020-09-29T13:04:54.703+0200: 12.784: [ParNew: 545434K->11801K(613440K), 0.0106015 secs] 545824K->12192K(2029056K), 0.0106567 secs] [Times: user=0.13 sys=0.00, real=0.01 secs] 
2020-09-29T13:04:54.798+0200: 12.879: [GC (Allocation Failure) 2020-09-29T13:04:54.798+0200: 12.880: [ParNew: 557145K->16637K(613440K), 0.0091544 secs] 557536K->17027K(2029056K), 0.0092088 secs] [Times: user=0.13 sys=0.00, real=0.01 secs] 
2020-09-29T13:04:54.889+0200: 12.971: [GC (Allocation Failure) 2020-09-29T13:04:54.889+0200: 12.971: [ParNew: 561981K->11610K(613440K), 0.0079163 secs] 562371K->12000K(2029056K), 0.0079771 secs] [Times: user=0.13 sys=0.00, real=0.01 secs] 
2020-09-29T13:04:54.979+0200: 13.061: [GC (Allocation Failure) 2020-09-29T13:04:54.979+0200: 13.061: [ParNew: 556954K->7916K(613440K), 0.0075357 secs] 557344K->8306K(2029056K), 0.0075896 secs] [Times: user=0.00 sys=0.00, real=0.01 secs] 
2020-09-29T13:04:55.068+0200: 13.150: [GC (Allocation Failure) 2020-09-29T13:04:55.068+0200: 13.150: [ParNew: 553260K->7037K(613440K), 0.0063011 secs] 553650K->7427K(2029056K), 0.0063570 secs] [Times: user=0.00 sys=0.00, real=0.01 secs] 
2020-09-29T13:04:55.158+0200: 13.240: [GC (Allocation Failure) 2020-09-29T13:04:55.158+0200: 13.240: [ParNew: 552381K->5533K(613440K), 0.0054655 secs] 552771K->5923K(2029056K), 0.0055205 secs] [Times: user=0.13 sys=0.00, real=0.01 secs] 
2020-09-29T13:04:55.246+0200: 13.328: [GC (Allocation Failure) 2020-09-29T13:04:55.246+0200: 13.328: [ParNew: 550877K->184K(613440K), 0.0016934 secs] 551267K->574K(2029056K), 0.0017428 secs] [Times: user=0.00 sys=0.00, real=0.00 secs] 
2020-09-29T13:04:55.332+0200: 13.414: [GC (Allocation Failure) 2020-09-29T13:04:55.332+0200: 13.414: [ParNew: 545528K->12317K(613440K), 0.0102278 secs] 545918K->12707K(2029056K), 0.0102963 secs] [Times: user=0.13 sys=0.00, real=0.01 secs] 
2020-09-29T13:04:55.426+0200: 13.508: [GC (Allocation Failure) 2020-09-29T13:04:55.426+0200: 13.508: [ParNew: 557661K->17354K(613440K), 0.0094871 secs] 558051K->17744K(2029056K), 0.0095418 secs] [Times: user=0.13 sys=0.00, real=0.01 secs] 
2020-09-29T13:04:55.521+0200: 13.602: [GC (Allocation Failure) 2020-09-29T13:04:55.521+0200: 13.602: [ParNew: 562698K->10038K(613440K), 0.0086718 secs] 563088K->10428K(2029056K), 0.0087226 secs] [Times: user=0.00 sys=0.00, real=0.01 secs] 
2020-09-29T13:04:55.617+0200: 13.699: [GC (Allocation Failure) 2020-09-29T13:04:55.617+0200: 13.699: [ParNew: 555382K->7768K(613440K), 0.0069367 secs] 555772K->8158K(2029056K), 0.0069922 secs] [Times: user=0.00 sys=0.00, real=0.01 secs] 
2020-09-29T13:04:55.707+0200: 13.789: [GC (Allocation Failure) 2020-09-29T13:04:55.707+0200: 13.789: [ParNew: 553112K->6638K(613440K), 0.0060140 secs] 553502K->7028K(2029056K), 0.0060887 secs] [Times: user=0.08 sys=0.00, real=0.01 secs] 
2020-09-29T13:04:55.797+0200: 13.878: [GC (Allocation Failure) 2020-09-29T13:04:55.797+0200: 13.878: [ParNew: 551982K->4080K(613440K), 0.0045935 secs] 552372K->4470K(2029056K), 0.0046454 secs] [Times: user=0.00 sys=0.00, real=0.00 secs] 
2020-09-29T13:04:55.884+0200: 13.965: [GC (Allocation Failure) 2020-09-29T13:04:55.884+0200: 13.965: [ParNew: 549424K->71K(613440K), 0.0016689 secs] 549814K->461K(2029056K), 0.0017225 secs] [Times: user=0.00 sys=0.00, real=0.00 secs] 
2020-09-29T13:04:55.966+0200: 14.048: [GC (Allocation Failure) 2020-09-29T13:04:55.966+0200: 14.048: [ParNew: 545415K->12106K(613440K), 0.0104521 secs] 545805K->12496K(2029056K), 0.0105085 secs] [Times: user=0.11 sys=0.00, real=0.01 secs] 
2020-09-29T13:04:56.058+0200: 14.140: [GC (Allocation Failure) 2020-09-29T13:04:56.058+0200: 14.140: [ParNew: 557450K->17117K(613440K), 0.0094024 secs] 557840K->17507K(2029056K), 0.0094586 secs] [Times: user=0.00 sys=0.00, real=0.01 secs] 
2020-09-29T13:04:56.151+0200: 14.234: [GC (Allocation Failure) 2020-09-29T13:04:56.151+0200: 14.234: [ParNew: 562461K->12047K(613440K), 0.0083172 secs] 562851K->12437K(2029056K), 0.0083702 secs] [Times: user=0.00 sys=0.02, real=0.01 secs] 
2020-09-29T13:04:56.250+0200: 14.332: [GC (Allocation Failure) 2020-09-29T13:04:56.250+0200: 14.332: [ParNew: 557391K->8017K(613440K), 0.0080143 secs] 557781K->8407K(2029056K), 0.0080827 secs] [Times: user=0.13 sys=0.00, real=0.01 secs] 
2020-09-29T13:04:56.354+0200: 14.436: [GC (Allocation Failure) 2020-09-29T13:04:56.354+0200: 14.436: [ParNew: 553361K->6734K(613440K), 0.0062080 secs] 553751K->7124K(2029056K), 0.0062781 secs] [Times: user=0.00 sys=0.00, real=0.01 secs] 
2020-09-29T13:04:56.443+0200: 14.525: [GC (Allocation Failure) 2020-09-29T13:04:56.443+0200: 14.525: [ParNew: 550178K->273K(613440K), 0.0016836 secs] 550569K->664K(2029056K), 0.0017365 secs] [Times: user=0.00 sys=0.00, real=0.00 secs] 
2020-09-29T13:04:56.527+0200: 14.609: [GC (Allocation Failure) 2020-09-29T13:04:56.527+0200: 14.609: [ParNew: 545617K->12157K(613440K), 0.0100849 secs] 546008K->12547K(2029056K), 0.0101416 secs] [Times: user=0.13 sys=0.00, real=0.01 secs] 
2020-09-29T13:04:56.627+0200: 14.709: [GC (Allocation Failure) 2020-09-29T13:04:56.627+0200: 14.709: [ParNew: 557501K->17193K(613440K), 0.0092836 secs] 557891K->17583K(2029056K), 0.0093392 secs] [Times: user=0.13 sys=0.00, real=0.01 secs] 
2020-09-29T13:04:56.722+0200: 14.803: [GC (Allocation Failure) 2020-09-29T13:04:56.722+0200: 14.803: [ParNew: 562537K->12063K(613440K), 0.0082733 secs] 562927K->12454K(2029056K), 0.0083328 secs] [Times: user=0.13 sys=0.00, real=0.01 secs] 
2020-09-29T13:04:56.814+0200: 14.896: [GC (Allocation Failure) 2020-09-29T13:04:56.814+0200: 14.896: [ParNew: 557407K->8264K(613440K), 0.0074204 secs] 557798K->8654K(2029056K), 0.0074755 secs] [Times: user=0.13 sys=0.00, real=0.01 secs] 
2020-09-29T13:04:56.906+0200: 14.988: [GC (Allocation Failure) 2020-09-29T13:04:56.906+0200: 14.988: [ParNew: 553608K->7375K(613440K), 0.0064604 secs] 553998K->7765K(2029056K), 0.0065150 secs] [Times: user=0.13 sys=0.00, real=0.01 secs] 
2020-09-29T13:04:56.996+0200: 15.078: [GC (Allocation Failure) 2020-09-29T13:04:56.996+0200: 15.078: [ParNew: 552719K->5828K(613440K), 0.0053868 secs] 553109K->6219K(2029056K), 0.0054419 secs] [Times: user=0.00 sys=0.00, real=0.01 secs] 
2020-09-29T13:04:57.083+0200: 15.166: [GC (Allocation Failure) 2020-09-29T13:04:57.083+0200: 15.166: [ParNew: 551172K->168K(613440K), 0.0017367 secs] 551563K->558K(2029056K), 0.0017866 secs] [Times: user=0.00 sys=0.00, real=0.00 secs] 
2020-09-29T13:04:57.171+0200: 15.253: [GC (Allocation Failure) 2020-09-29T13:04:57.171+0200: 15.253: [ParNew: 545512K->12289K(613440K), 0.0103197 secs] 545902K->12679K(2029056K), 0.0103749 secs] [Times: user=0.13 sys=0.00, real=0.01 secs] 
2020-09-29T13:04:57.268+0200: 15.350: [GC (Allocation Failure) 2020-09-29T13:04:57.268+0200: 15.350: [ParNew: 557633K->17399K(613440K), 0.0098754 secs] 558023K->17789K(2029056K), 0.0099311 secs] [Times: user=0.13 sys=0.00, real=0.01 secs] 
2020-09-29T13:04:57.362+0200: 15.445: [GC (Allocation Failure) 2020-09-29T13:04:57.362+0200: 15.445: [ParNew: 562743K->12126K(613440K), 0.0082839 secs] 563133K->12516K(2029056K), 0.0083394 secs] [Times: user=0.09 sys=0.03, real=0.01 secs] 
2020-09-29T13:04:57.456+0200: 15.538: [GC (Allocation Failure) 2020-09-29T13:04:57.456+0200: 15.538: [ParNew: 557470K->8156K(613440K), 0.0074938 secs] 557860K->8547K(2029056K), 0.0075481 secs] [Times: user=0.13 sys=0.00, real=0.01 secs] 
2020-09-29T13:04:57.545+0200: 15.628: [GC (Allocation Failure) 2020-09-29T13:04:57.545+0200: 15.628: [ParNew: 553500K->7129K(613440K), 0.0061497 secs] 553891K->7520K(2029056K), 0.0062053 secs] [Times: user=0.13 sys=0.00, real=0.01 secs] 
2020-09-29T13:04:57.639+0200: 15.721: [GC (Allocation Failure) 2020-09-29T13:04:57.639+0200: 15.721: [ParNew: 552473K->4294K(613440K), 0.0049351 secs] 552864K->4684K(2029056K), 0.0049871 secs] [Times: user=0.00 sys=0.00, real=0.01 secs] 
2020-09-29T13:04:57.726+0200: 15.808: [GC (Allocation Failure) 2020-09-29T13:04:57.726+0200: 15.808: [ParNew: 549638K->90K(613440K), 0.0016590 secs] 550028K->480K(2029056K), 0.0017101 secs] [Times: user=0.00 sys=0.00, real=0.00 secs] 
2020-09-29T13:04:57.813+0200: 15.895: [GC (Allocation Failure) 2020-09-29T13:04:57.813+0200: 15.895: [ParNew: 545434K->11779K(613440K), 0.0101152 secs] 545824K->12169K(2029056K), 0.0101718 secs] [Times: user=0.13 sys=0.00, real=0.01 secs] 
2020-09-29T13:04:57.907+0200: 15.989: [GC (Allocation Failure) 2020-09-29T13:04:57.907+0200: 15.989: [ParNew: 557123K->16637K(613440K), 0.0088134 secs] 557513K->17027K(2029056K), 0.0088694 secs] [Times: user=0.13 sys=0.00, real=0.01 secs] 
2020-09-29T13:04:58.000+0200: 16.082: [GC (Allocation Failure) 2020-09-29T13:04:58.000+0200: 16.082: [ParNew: 561981K->11610K(613440K), 0.0083003 secs] 562371K->12000K(2029056K), 0.0083731 secs] [Times: user=0.13 sys=0.00, real=0.01 secs] 
2020-09-29T13:04:58.089+0200: 16.171: [GC (Allocation Failure) 2020-09-29T13:04:58.089+0200: 16.171: [ParNew: 556954K->7916K(613440K), 0.0072117 secs] 557344K->8306K(2029056K), 0.0072663 secs] [Times: user=0.00 sys=0.00, real=0.01 secs] 
2020-09-29T13:04:58.181+0200: 16.263: [GC (Allocation Failure) 2020-09-29T13:04:58.181+0200: 16.263: [ParNew: 553260K->7037K(613440K), 0.0063207 secs] 553650K->7427K(2029056K), 0.0063766 secs] [Times: user=0.00 sys=0.00, real=0.01 secs] 
2020-09-29T13:04:58.274+0200: 16.356: [GC (Allocation Failure) 2020-09-29T13:04:58.274+0200: 16.356: [ParNew: 552381K->5533K(613440K), 0.0056388 secs] 552771K->5923K(2029056K), 0.0056926 secs] [Times: user=0.00 sys=0.00, real=0.01 secs] 
2020-09-29T13:04:58.362+0200: 16.444: [GC (Allocation Failure) 2020-09-29T13:04:58.362+0200: 16.444: [ParNew: 550877K->184K(613440K), 0.0017888 secs] 551267K->574K(2029056K), 0.0018390 secs] [Times: user=0.00 sys=0.00, real=0.00 secs] 
2020-09-29T13:04:58.445+0200: 16.527: [GC (Allocation Failure) 2020-09-29T13:04:58.445+0200: 16.527: [ParNew: 545528K->12271K(613440K), 0.0102744 secs] 545918K->12661K(2029056K), 0.0103586 secs] [Times: user=0.00 sys=0.00, real=0.01 secs] 
2020-09-29T13:04:58.537+0200: 16.619: [GC (Allocation Failure) 2020-09-29T13:04:58.537+0200: 16.619: [ParNew: 557615K->16392K(613440K), 0.0089143 secs] 558005K->16782K(2029056K), 0.0089705 secs] [Times: user=0.00 sys=0.00, real=0.01 secs] 
2020-09-29T13:04:58.636+0200: 16.718: [GC (Allocation Failure) 2020-09-29T13:04:58.636+0200: 16.718: [ParNew: 561736K->11903K(613440K), 0.0079366 secs] 562126K->12294K(2029056K), 0.0079895 secs] [Times: user=0.00 sys=0.00, real=0.01 secs] 
2020-09-29T13:04:58.726+0200: 16.809: [GC (Allocation Failure) 2020-09-29T13:04:58.726+0200: 16.809: [ParNew: 557247K->7768K(613440K), 0.0068402 secs] 557638K->8158K(2029056K), 0.0069242 secs] [Times: user=0.00 sys=0.00, real=0.01 secs] 
2020-09-29T13:04:58.816+0200: 16.898: [GC (Allocation Failure) 2020-09-29T13:04:58.816+0200: 16.898: [ParNew: 553112K->6638K(613440K), 0.0060579 secs] 553502K->7028K(2029056K), 0.0061152 secs] [Times: user=0.13 sys=0.00, real=0.01 secs] 
2020-09-29T13:04:58.904+0200: 16.986: [GC (Allocation Failure) 2020-09-29T13:04:58.904+0200: 16.986: [ParNew: 551982K->4080K(613440K), 0.0044248 secs] 552372K->4470K(2029056K), 0.0044768 secs] [Times: user=0.00 sys=0.00, real=0.00 secs] 
2020-09-29T13:04:58.990+0200: 17.072: [GC (Allocation Failure) 2020-09-29T13:04:58.990+0200: 17.072: [ParNew: 549424K->71K(613440K), 0.0017395 secs] 549814K->461K(2029056K), 0.0017916 secs] [Times: user=0.00 sys=0.00, real=0.00 secs] 
2020-09-29T13:04:59.073+0200: 17.156: [GC (Allocation Failure) 2020-09-29T13:04:59.073+0200: 17.156: [ParNew: 545415K->12088K(613440K), 0.0100695 secs] 545805K->12478K(2029056K), 0.0101355 secs] [Times: user=0.13 sys=0.00, real=0.01 secs] 
2020-09-29T13:04:59.167+0200: 17.250: [GC (Allocation Failure) 2020-09-29T13:04:59.167+0200: 17.250: [ParNew: 557432K->17117K(613440K), 0.0095321 secs] 557822K->17507K(2029056K), 0.0095872 secs] [Times: user=0.13 sys=0.00, real=0.01 secs] 
2020-09-29T13:04:59.262+0200: 17.344: [GC (Allocation Failure) 2020-09-29T13:04:59.262+0200: 17.344: [ParNew: 562461K->12047K(613440K), 0.0079509 secs] 562851K->12437K(2029056K), 0.0080052 secs] [Times: user=0.13 sys=0.00, real=0.01 secs] 
2020-09-29T13:04:59.358+0200: 17.440: [GC (Allocation Failure) 2020-09-29T13:04:59.358+0200: 17.440: [ParNew: 557391K->7259K(613440K), 0.0080260 secs] 557781K->7649K(2029056K), 0.0080867 secs] [Times: user=0.11 sys=0.00, real=0.01 secs] 
2020-09-29T13:04:59.458+0200: 17.539: [GC (Allocation Failure) 2020-09-29T13:04:59.458+0200: 17.539: [ParNew: 552603K->6734K(613440K), 0.0061675 secs] 552993K->7124K(2029056K), 0.0062219 secs] [Times: user=0.00 sys=0.00, real=0.01 secs] 
2020-09-29T13:04:59.550+0200: 17.632: [GC (Allocation Failure) 2020-09-29T13:04:59.550+0200: 17.632: [ParNew: 550178K->273K(613440K), 0.0014619 secs] 550569K->664K(2029056K), 0.0015180 secs] [Times: user=0.00 sys=0.00, real=0.00 secs] 
2020-09-29T13:04:59.641+0200: 17.723: [GC (Allocation Failure) 2020-09-29T13:04:59.641+0200: 17.723: [ParNew: 545617K->12294K(613440K), 0.0099385 secs] 546008K->12684K(2029056K), 0.0099954 secs] [Times: user=0.13 sys=0.00, real=0.01 secs] 
2020-09-29T13:04:59.734+0200: 17.815: [GC (Allocation Failure) 2020-09-29T13:04:59.734+0200: 17.815: [ParNew: 557638K->17193K(613440K), 0.0095562 secs] 558028K->17583K(2029056K), 0.0096114 secs] [Times: user=0.13 sys=0.00, real=0.01 secs] 
2020-09-29T13:04:59.827+0200: 17.909: [GC (Allocation Failure) 2020-09-29T13:04:59.827+0200: 17.909: [ParNew: 562537K->12063K(613440K), 0.0080864 secs] 562927K->12454K(2029056K), 0.0081571 secs] [Times: user=0.13 sys=0.00, real=0.01 secs] 
2020-09-29T13:04:59.917+0200: 17.999: [GC (Allocation Failure) 2020-09-29T13:04:59.917+0200: 17.999: [ParNew: 557407K->8264K(613440K), 0.0075493 secs] 557798K->8654K(2029056K), 0.0076179 secs] [Times: user=0.00 sys=0.00, real=0.01 secs] 
2020-09-29T13:05:00.006+0200: 18.088: [GC (Allocation Failure) 2020-09-29T13:05:00.006+0200: 18.088: [ParNew: 553608K->7375K(613440K), 0.0064007 secs] 553998K->7765K(2029056K), 0.0065019 secs] [Times: user=0.00 sys=0.00, real=0.01 secs] 
2020-09-29T13:05:00.105+0200: 18.187: [GC (Allocation Failure) 2020-09-29T13:05:00.105+0200: 18.187: [ParNew: 552719K->5828K(613440K), 0.0062232 secs] 553109K->6219K(2029056K), 0.0062756 secs] [Times: user=0.00 sys=0.00, real=0.01 secs] 
2020-09-29T13:05:00.197+0200: 18.279: [GC (Allocation Failure) 2020-09-29T13:05:00.197+0200: 18.279: [ParNew: 551172K->168K(613440K), 0.0015912 secs] 551563K->558K(2029056K), 0.0016425 secs] [Times: user=0.00 sys=0.00, real=0.00 secs] 
2020-09-29T13:05:00.284+0200: 18.366: [GC (Allocation Failure) 2020-09-29T13:05:00.284+0200: 18.366: [ParNew: 545512K->12246K(613440K), 0.0100677 secs] 545902K->12637K(2029056K), 0.0101887 secs] [Times: user=0.13 sys=0.00, real=0.01 secs] 
2020-09-29T13:05:00.380+0200: 18.462: [GC (Allocation Failure) 2020-09-29T13:05:00.380+0200: 18.462: [ParNew: 557590K->17399K(613440K), 0.0093489 secs] 557981K->17789K(2029056K), 0.0094049 secs] [Times: user=0.00 sys=0.00, real=0.01 secs] 
2020-09-29T13:05:00.472+0200: 18.553: [GC (Allocation Failure) 2020-09-29T13:05:00.472+0200: 18.553: [ParNew: 562743K->12126K(613440K), 0.0083133 secs] 563133K->12516K(2029056K), 0.0083674 secs] [Times: user=0.13 sys=0.00, real=0.01 secs] 
2020-09-29T13:05:00.565+0200: 18.647: [GC (Allocation Failure) 2020-09-29T13:05:00.565+0200: 18.647: [ParNew: 557470K->8932K(613440K), 0.0081866 secs] 557860K->9322K(2029056K), 0.0082463 secs] [Times: user=0.09 sys=0.00, real=0.01 secs] 
2020-09-29T13:05:00.662+0200: 18.744: [GC (Allocation Failure) 2020-09-29T13:05:00.662+0200: 18.744: [ParNew: 554276K->7129K(613440K), 0.0061808 secs] 554666K->7520K(2029056K), 0.0062544 secs] [Times: user=0.00 sys=0.00, real=0.01 secs] 
2020-09-29T13:05:00.751+0200: 18.833: [GC (Allocation Failure) 2020-09-29T13:05:00.751+0200: 18.833: [ParNew: 552473K->4294K(613440K), 0.0049297 secs] 552864K->4684K(2029056K), 0.0049811 secs] [Times: user=0.13 sys=0.00, real=0.01 secs] 
2020-09-29T13:05:00.838+0200: 18.919: [GC (Allocation Failure) 2020-09-29T13:05:00.838+0200: 18.919: [ParNew: 549638K->90K(613440K), 0.0019119 secs] 550028K->480K(2029056K), 0.0019622 secs] [Times: user=0.00 sys=0.00, real=0.00 secs] 
2020-09-29T13:05:00.922+0200: 19.004: [GC (Allocation Failure) 2020-09-29T13:05:00.922+0200: 19.004: [ParNew: 545434K->11801K(613440K), 0.0100806 secs] 545824K->12192K(2029056K), 0.0101359 secs] [Times: user=0.13 sys=0.00, real=0.01 secs] 
2020-09-29T13:05:01.016+0200: 19.098: [GC (Allocation Failure) 2020-09-29T13:05:01.016+0200: 19.098: [ParNew: 557145K->16637K(613440K), 0.0092303 secs] 557536K->17027K(2029056K), 0.0092840 secs] [Times: user=0.13 sys=0.00, real=0.01 secs] 
2020-09-29T13:05:01.110+0200: 19.191: [GC (Allocation Failure) 2020-09-29T13:05:01.110+0200: 19.191: [ParNew: 561981K->11610K(613440K), 0.0086117 secs] 562371K->12000K(2029056K), 0.0086715 secs] [Times: user=0.13 sys=0.00, real=0.01 secs] 
2020-09-29T13:05:01.202+0200: 19.284: [GC (Allocation Failure) 2020-09-29T13:05:01.202+0200: 19.284: [ParNew: 556954K->7916K(613440K), 0.0071292 secs] 557344K->8306K(2029056K), 0.0071859 secs] [Times: user=0.13 sys=0.00, real=0.01 secs] 
2020-09-29T13:05:01.294+0200: 19.376: [GC (Allocation Failure) 2020-09-29T13:05:01.294+0200: 19.376: [ParNew: 553260K->7037K(613440K), 0.0061041 secs] 553650K->7427K(2029056K), 0.0061586 secs] [Times: user=0.00 sys=0.00, real=0.01 secs] 
2020-09-29T13:05:01.383+0200: 19.465: [GC (Allocation Failure) 2020-09-29T13:05:01.383+0200: 19.465: [ParNew: 552381K->5533K(613440K), 0.0055578 secs] 552771K->5923K(2029056K), 0.0056116 secs] [Times: user=0.00 sys=0.00, real=0.01 secs] 
2020-09-29T13:05:01.473+0200: 19.555: [GC (Allocation Failure) 2020-09-29T13:05:01.473+0200: 19.555: [ParNew: 550877K->184K(613440K), 0.0017427 secs] 551267K->574K(2029056K), 0.0017934 secs] [Times: user=0.13 sys=0.00, real=0.00 secs] 
2020-09-29T13:05:01.558+0200: 19.640: [GC (Allocation Failure) 2020-09-29T13:05:01.558+0200: 19.640: [ParNew: 545528K->12317K(613440K), 0.0103073 secs] 545918K->12707K(2029056K), 0.0103708 secs] [Times: user=0.13 sys=0.00, real=0.01 secs] 
2020-09-29T13:05:01.659+0200: 19.741: [GC (Allocation Failure) 2020-09-29T13:05:01.659+0200: 19.741: [ParNew: 557661K->15429K(613440K), 0.0097250 secs] 558051K->15819K(2029056K), 0.0097730 secs] [Times: user=0.13 sys=0.00, real=0.01 secs] 
2020-09-29T13:05:01.753+0200: 19.835: [GC (Allocation Failure) 2020-09-29T13:05:01.753+0200: 19.835: [ParNew: 560773K->9978K(613440K), 0.0080725 secs] 561163K->10368K(2029056K), 0.0081282 secs] [Times: user=0.13 sys=0.00, real=0.01 secs] 
2020-09-29T13:05:01.844+0200: 19.926: [GC (Allocation Failure) 2020-09-29T13:05:01.844+0200: 19.926: [ParNew: 555322K->8530K(613440K), 0.0067407 secs] 555712K->8920K(2029056K), 0.0068340 secs] [Times: user=0.13 sys=0.00, real=0.01 secs] 
2020-09-29T13:05:01.933+0200: 20.015: [GC (Allocation Failure) 2020-09-29T13:05:01.933+0200: 20.015: [ParNew: 553874K->6828K(613440K), 0.0057915 secs] 554264K->7218K(2029056K), 0.0058481 secs] [Times: user=0.00 sys=0.00, real=0.01 secs] 
2020-09-29T13:05:02.021+0200: 20.103: [GC (Allocation Failure) 2020-09-29T13:05:02.021+0200: 20.103: [ParNew: 552172K->4128K(613440K), 0.0048056 secs] 552562K->4518K(2029056K), 0.0048577 secs] [Times: user=0.00 sys=0.00, real=0.01 secs] 
2020-09-29T13:05:02.108+0200: 20.190: [GC (Allocation Failure) 2020-09-29T13:05:02.108+0200: 20.190: [ParNew: 549472K->72K(613440K), 0.0022218 secs] 549862K->462K(2029056K), 0.0022859 secs] [Times: user=0.00 sys=0.00, real=0.00 secs] 
2020-09-29T13:05:02.210+0200: 20.292: [GC (Allocation Failure) 2020-09-29T13:05:02.210+0200: 20.292: [ParNew: 545416K->12119K(613440K), 0.0114512 secs] 545806K->12510K(2029056K), 0.0115176 secs] [Times: user=0.00 sys=0.00, real=0.01 secs] 
2020-09-29T13:05:02.310+0200: 20.392: [GC (Allocation Failure) 2020-09-29T13:05:02.310+0200: 20.392: [ParNew: 557463K->17119K(613440K), 0.0092693 secs] 557854K->17509K(2029056K), 0.0093262 secs] [Times: user=0.13 sys=0.00, real=0.01 secs] 
2020-09-29T13:05:02.406+0200: 20.488: [GC (Allocation Failure) 2020-09-29T13:05:02.406+0200: 20.488: [ParNew: 562463K->12048K(613440K), 0.0082974 secs] 562853K->12438K(2029056K), 0.0083518 secs] [Times: user=0.13 sys=0.00, real=0.01 secs] 
2020-09-29T13:05:02.498+0200: 20.581: [GC (Allocation Failure) 2020-09-29T13:05:02.498+0200: 20.581: [ParNew: 557392K->8017K(613440K), 0.0068806 secs] 557782K->8407K(2029056K), 0.0069353 secs] [Times: user=0.13 sys=0.00, real=0.01 secs] 
2020-09-29T13:05:02.589+0200: 20.672: [GC (Allocation Failure) 2020-09-29T13:05:02.589+0200: 20.672: [ParNew: 553361K->6136K(613440K), 0.0064997 secs] 553751K->6526K(2029056K), 0.0065571 secs] [Times: user=0.00 sys=0.00, real=0.01 secs] 
2020-09-29T13:05:02.681+0200: 20.764: [GC (Allocation Failure) 2020-09-29T13:05:02.681+0200: 20.764: [ParNew: 549581K->398K(613440K), 0.0017820 secs] 549971K->788K(2029056K), 0.0018382 secs] [Times: user=0.00 sys=0.00, real=0.00 secs] 
2020-09-29T13:05:02.771+0200: 20.853: [GC (Allocation Failure) 2020-09-29T13:05:02.771+0200: 20.853: [ParNew: 545742K->12413K(613440K), 0.0104990 secs] 546132K->12803K(2029056K), 0.0105545 secs] [Times: user=0.00 sys=0.00, real=0.01 secs] 
2020-09-29T13:05:02.865+0200: 20.948: [GC (Allocation Failure) 2020-09-29T13:05:02.865+0200: 20.948: [ParNew: 557757K->17317K(613440K), 0.0096508 secs] 558147K->17707K(2029056K), 0.0097052 secs] [Times: user=0.00 sys=0.00, real=0.01 secs] 
2020-09-29T13:05:02.958+0200: 21.039: [GC (Allocation Failure) 2020-09-29T13:05:02.958+0200: 21.039: [ParNew: 562661K->12095K(613440K), 0.0081153 secs] 563051K->12485K(2029056K), 0.0081998 secs] [Times: user=0.00 sys=0.00, real=0.01 secs] 
2020-09-29T13:05:03.047+0200: 21.129: [GC (Allocation Failure) 2020-09-29T13:05:03.048+0200: 21.129: [ParNew: 557439K->8268K(613440K), 0.0072585 secs] 557829K->8658K(2029056K), 0.0073419 secs] [Times: user=0.13 sys=0.00, real=0.01 secs] 
2020-09-29T13:05:03.138+0200: 21.219: [GC (Allocation Failure) 2020-09-29T13:05:03.138+0200: 21.219: [ParNew: 553612K->7376K(613440K), 0.0065198 secs] 554002K->7766K(2029056K), 0.0065766 secs] [Times: user=0.00 sys=0.00, real=0.01 secs] 
2020-09-29T13:05:03.226+0200: 21.308: [GC (Allocation Failure) 2020-09-29T13:05:03.226+0200: 21.308: [ParNew: 552720K->5829K(613440K), 0.0054032 secs] 553110K->6219K(2029056K), 0.0054548 secs] [Times: user=0.00 sys=0.00, real=0.01 secs] 
2020-09-29T13:05:03.314+0200: 21.395: [GC (Allocation Failure) 2020-09-29T13:05:03.314+0200: 21.395: [ParNew: 551173K->168K(613440K), 0.0017701 secs] 551563K->558K(2029056K), 0.0018207 secs] [Times: user=0.00 sys=0.00, real=0.00 secs] 
2020-09-29T13:05:03.398+0200: 21.479: [GC (Allocation Failure) 2020-09-29T13:05:03.398+0200: 21.479: [ParNew: 545512K->12331K(613440K), 0.0103184 secs] 545902K->12721K(2029056K), 0.0103745 secs] [Times: user=0.00 sys=0.00, real=0.01 secs] 
2020-09-29T13:05:03.490+0200: 21.572: [GC (Allocation Failure) 2020-09-29T13:05:03.490+0200: 21.572: [ParNew: 557675K->16434K(613440K), 0.0094237 secs] 558065K->16824K(2029056K), 0.0094778 secs] [Times: user=0.00 sys=0.00, real=0.01 secs] 
2020-09-29T13:05:03.583+0200: 21.665: [GC (Allocation Failure) 2020-09-29T13:05:03.583+0200: 21.665: [ParNew: 561778K->10855K(613440K), 0.0085212 secs] 562168K->11245K(2029056K), 0.0085762 secs] [Times: user=0.00 sys=0.00, real=0.01 secs] 
2020-09-29T13:05:03.692+0200: 21.773: [GC (Allocation Failure) 2020-09-29T13:05:03.692+0200: 21.773: [ParNew: 556199K->8156K(613440K), 0.0071982 secs] 556589K->8547K(2029056K), 0.0072688 secs] [Times: user=0.00 sys=0.00, real=0.01 secs] 
2020-09-29T13:05:03.787+0200: 21.869: [GC (Allocation Failure) 2020-09-29T13:05:03.787+0200: 21.869: [ParNew: 553500K->7129K(613440K), 0.0059966 secs] 553891K->7520K(2029056K), 0.0060523 secs] [Times: user=0.00 sys=0.00, real=0.01 secs] 
2020-09-29T13:05:03.882+0200: 21.964: [GC (Allocation Failure) 2020-09-29T13:05:03.882+0200: 21.964: [ParNew: 552473K->4294K(613440K), 0.0051144 secs] 552864K->4684K(2029056K), 0.0051810 secs] [Times: user=0.00 sys=0.00, real=0.01 secs] 
2020-09-29T13:05:03.970+0200: 22.052: [GC (Allocation Failure) 2020-09-29T13:05:03.970+0200: 22.052: [ParNew: 549638K->90K(613440K), 0.0014845 secs] 550028K->480K(2029056K), 0.0015327 secs] [Times: user=0.00 sys=0.00, real=0.00 secs] 
2020-09-29T13:05:04.054+0200: 22.136: [GC (Allocation Failure) 2020-09-29T13:05:04.054+0200: 22.136: [ParNew: 545434K->11779K(613440K), 0.0098237 secs] 545824K->12169K(2029056K), 0.0098804 secs] [Times: user=0.00 sys=0.00, real=0.01 secs] 
2020-09-29T13:05:04.150+0200: 22.231: [GC (Allocation Failure) 2020-09-29T13:05:04.150+0200: 22.231: [ParNew: 557123K->16637K(613440K), 0.0091472 secs] 557513K->17027K(2029056K), 0.0092042 secs] [Times: user=0.00 sys=0.00, real=0.01 secs] 
2020-09-29T13:05:04.242+0200: 22.324: [GC (Allocation Failure) 2020-09-29T13:05:04.242+0200: 22.324: [ParNew: 561981K->11610K(613440K), 0.0083311 secs] 562371K->12000K(2029056K), 0.0083910 secs] [Times: user=0.00 sys=0.00, real=0.01 secs] 
2020-09-29T13:05:04.333+0200: 22.415: [GC (Allocation Failure) 2020-09-29T13:05:04.333+0200: 22.415: [ParNew: 556954K->7916K(613440K), 0.0077515 secs] 557344K->8306K(2029056K), 0.0078420 secs] [Times: user=0.00 sys=0.00, real=0.01 secs] 
2020-09-29T13:05:04.423+0200: 22.505: [GC (Allocation Failure) 2020-09-29T13:05:04.423+0200: 22.505: [ParNew: 553260K->7037K(613440K), 0.0063833 secs] 553650K->7427K(2029056K), 0.0064567 secs] [Times: user=0.13 sys=0.00, real=0.01 secs] 
2020-09-29T13:05:04.526+0200: 22.608: [GC (Allocation Failure) 2020-09-29T13:05:04.526+0200: 22.608: [ParNew: 552381K->5533K(613440K), 0.0062202 secs] 552771K->5923K(2029056K), 0.0062732 secs] [Times: user=0.00 sys=0.00, real=0.01 secs] 
2020-09-29T13:05:04.621+0200: 22.703: [GC (Allocation Failure) 2020-09-29T13:05:04.621+0200: 22.703: [ParNew: 550877K->184K(613440K), 0.0016564 secs] 551267K->574K(2029056K), 0.0017100 secs] [Times: user=0.00 sys=0.00, real=0.00 secs] 
2020-09-29T13:05:04.709+0200: 22.791: [GC (Allocation Failure) 2020-09-29T13:05:04.709+0200: 22.791: [ParNew: 545528K->12317K(613440K), 0.0100907 secs] 545918K->12707K(2029056K), 0.0101496 secs] [Times: user=0.00 sys=0.00, real=0.01 secs] 
2020-09-29T13:05:04.807+0200: 22.889: [GC (Allocation Failure) 2020-09-29T13:05:04.807+0200: 22.889: [ParNew: 557661K->17354K(613440K), 0.0091558 secs] 558051K->17744K(2029056K), 0.0092462 secs] [Times: user=0.00 sys=0.00, real=0.01 secs] 
2020-09-29T13:05:04.898+0200: 22.980: [GC (Allocation Failure) 2020-09-29T13:05:04.898+0200: 22.980: [ParNew: 562698K->11903K(613440K), 0.0079940 secs] 563088K->12294K(2029056K), 0.0080624 secs] [Times: user=0.00 sys=0.00, real=0.01 secs] 
2020-09-29T13:05:04.988+0200: 23.070: [GC (Allocation Failure) 2020-09-29T13:05:04.988+0200: 23.070: [ParNew: 557247K->7768K(613440K), 0.0070365 secs] 557638K->8158K(2029056K), 0.0071125 secs] [Times: user=0.13 sys=0.00, real=0.01 secs] 
2020-09-29T13:05:05.077+0200: 23.159: [GC (Allocation Failure) 2020-09-29T13:05:05.077+0200: 23.159: [ParNew: 553112K->6638K(613440K), 0.0060142 secs] 553502K->7028K(2029056K), 0.0060681 secs] [Times: user=0.13 sys=0.00, real=0.01 secs] 
2020-09-29T13:05:05.166+0200: 23.248: [GC (Allocation Failure) 2020-09-29T13:05:05.166+0200: 23.248: [ParNew: 551982K->4080K(613440K), 0.0048042 secs] 552372K->4470K(2029056K), 0.0048744 secs] [Times: user=0.00 sys=0.00, real=0.01 secs] 
2020-09-29T13:05:05.253+0200: 23.335: [GC (Allocation Failure) 2020-09-29T13:05:05.253+0200: 23.335: [ParNew: 549424K->71K(613440K), 0.0016654 secs] 549814K->461K(2029056K), 0.0017150 secs] [Times: user=0.02 sys=0.00, real=0.00 secs] 
2020-09-29T13:05:05.336+0200: 23.418: [GC (Allocation Failure) 2020-09-29T13:05:05.336+0200: 23.418: [ParNew: 545415K->12106K(613440K), 0.0100210 secs] 545805K->12496K(2029056K), 0.0100776 secs] [Times: user=0.00 sys=0.00, real=0.01 secs] 
Heap
 par new generation   total 613440K, used 546015K [0x0000000080000000, 0x00000000a9990000, 0x00000000a9990000)
  eden space 545344K,  97% used [0x0000000080000000, 0x00000000a0965330, 0x00000000a1490000)
  from space 68096K,  17% used [0x00000000a1490000, 0x00000000a2062910, 0x00000000a5710000)
  to   space 68096K,   0% used [0x00000000a5710000, 0x00000000a5710000, 0x00000000a9990000)
 concurrent mark-sweep generation total 1415616K, used 390K [0x00000000a9990000, 0x0000000100000000, 0x0000000100000000)
 Metaspace       used 2594K, capacity 4486K, committed 4864K, reserved 1056768K
  class space    used 285K, capacity 386K, committed 512K, reserved 1048576K
