Java HotSpot(TM) 64-Bit Server VM (25.261-b12) for windows-amd64 JRE (1.8.0_261-b12), built on Jun 18 2020 06:56:32 by "" with unknown MS VC++:1916
Memory: 4k page, physical 16659684k(8884104k free), swap 23213284k(7953416k free)
CommandLine flags: -XX:InitialHeapSize=2147483648 -XX:MaxHeapSize=2147483648 -XX:MaxNewSize=697933824 -XX:MaxTenuringThreshold=6 -XX:NewSize=697933824 -XX:OldPLABSize=16 -XX:OldSize=1395867648 -XX:+PrintGC -XX:+PrintGCDateStamps -XX:+PrintGCDetails -XX:+PrintGCTimeStamps -XX:+UseCompressedClassPointers -XX:+UseCompressedOops -XX:+UseConcMarkSweepGC -XX:-UseLargePagesIndividualAllocation -XX:+UseParNewGC 
2020-09-29T13:09:13.975+0200: 0.442: [GC (Allocation Failure) 2020-09-29T13:09:13.975+0200: 0.442: [ParNew: 545344K->4394K(613440K), 0.0115029 secs] 545344K->4394K(2029056K), 0.0116932 secs] [Times: user=0.00 sys=0.00, real=0.01 secs] 
2020-09-29T13:09:14.078+0200: 0.544: [GC (Allocation Failure) 2020-09-29T13:09:14.078+0200: 0.544: [ParNew: 549738K->4299K(613440K), 0.0079282 secs] 549738K->4299K(2029056K), 0.0079834 secs] [Times: user=0.11 sys=0.00, real=0.01 secs] 
2020-09-29T13:09:14.170+0200: 0.636: [GC (Allocation Failure) 2020-09-29T13:09:14.170+0200: 0.636: [ParNew: 549643K->971K(613440K), 0.0022009 secs] 549643K->971K(2029056K), 0.0022559 secs] [Times: user=0.00 sys=0.00, real=0.00 secs] 
2020-09-29T13:09:14.254+0200: 0.721: [GC (Allocation Failure) 2020-09-29T13:09:14.254+0200: 0.721: [ParNew: 546315K->12684K(613440K), 0.0141320 secs] 546315K->12684K(2029056K), 0.0141939 secs] [Times: user=0.05 sys=0.02, real=0.02 secs] 
2020-09-29T13:09:14.359+0200: 0.825: [GC (Allocation Failure) 2020-09-29T13:09:14.359+0200: 0.825: [ParNew: 558028K->15843K(613440K), 0.0124576 secs] 558028K->15843K(2029056K), 0.0125229 secs] [Times: user=0.13 sys=0.00, real=0.01 secs] 
2020-09-29T13:09:14.456+0200: 0.923: [GC (Allocation Failure) 2020-09-29T13:09:14.456+0200: 0.923: [ParNew: 561187K->11763K(613440K), 0.0090673 secs] 561187K->11763K(2029056K), 0.0091558 secs] [Times: user=0.13 sys=0.00, real=0.01 secs] 
2020-09-29T13:09:14.548+0200: 1.015: [GC (Allocation Failure) 2020-09-29T13:09:14.548+0200: 1.015: [ParNew: 557107K->9593K(613440K), 0.0094196 secs] 557107K->9984K(2029056K), 0.0094749 secs] [Times: user=0.09 sys=0.00, real=0.01 secs] 
2020-09-29T13:09:14.642+0200: 1.109: [GC (Allocation Failure) 2020-09-29T13:09:14.642+0200: 1.109: [ParNew: 554937K->7664K(613440K), 0.0070597 secs] 555328K->8055K(2029056K), 0.0071530 secs] [Times: user=0.13 sys=0.00, real=0.01 secs] 
2020-09-29T13:09:14.731+0200: 1.197: [GC (Allocation Failure) 2020-09-29T13:09:14.731+0200: 1.197: [ParNew: 553008K->4628K(613440K), 0.0055969 secs] 553399K->5018K(2029056K), 0.0056507 secs] [Times: user=0.00 sys=0.00, real=0.01 secs] 
2020-09-29T13:09:14.815+0200: 1.282: [GC (Allocation Failure) 2020-09-29T13:09:14.815+0200: 1.282: [ParNew: 549972K->147K(613440K), 0.0015230 secs] 550362K->537K(2029056K), 0.0015786 secs] [Times: user=0.00 sys=0.02, real=0.00 secs] 
2020-09-29T13:09:14.894+0200: 1.361: [GC (Allocation Failure) 2020-09-29T13:09:14.894+0200: 1.361: [ParNew: 545491K->12226K(613440K), 0.0111831 secs] 545881K->12616K(2029056K), 0.0112389 secs] [Times: user=0.13 sys=0.00, real=0.01 secs] 
2020-09-29T13:09:14.983+0200: 1.450: [GC (Allocation Failure) 2020-09-29T13:09:14.983+0200: 1.450: [ParNew: 557570K->17290K(613440K), 0.0103830 secs] 557960K->17680K(2029056K), 0.0104374 secs] [Times: user=0.13 sys=0.00, real=0.01 secs] 
2020-09-29T13:09:15.075+0200: 1.542: [GC (Allocation Failure) 2020-09-29T13:09:15.075+0200: 1.542: [ParNew: 562634K->12231K(613440K), 0.0094488 secs] 563024K->12621K(2029056K), 0.0095044 secs] [Times: user=0.13 sys=0.00, real=0.01 secs] 
2020-09-29T13:09:15.164+0200: 1.631: [GC (Allocation Failure) 2020-09-29T13:09:15.164+0200: 1.631: [ParNew: 557575K->8411K(613440K), 0.0082912 secs] 557965K->8801K(2029056K), 0.0083464 secs] [Times: user=0.00 sys=0.00, real=0.01 secs] 
2020-09-29T13:09:15.252+0200: 1.719: [GC (Allocation Failure) 2020-09-29T13:09:15.252+0200: 1.719: [ParNew: 553755K->7464K(613440K), 0.0070965 secs] 554145K->7854K(2029056K), 0.0071962 secs] [Times: user=0.13 sys=0.00, real=0.01 secs] 
2020-09-29T13:09:15.338+0200: 1.805: [GC (Allocation Failure) 2020-09-29T13:09:15.338+0200: 1.805: [ParNew: 552808K->5985K(613440K), 0.0061345 secs] 553198K->6376K(2029056K), 0.0061890 secs] [Times: user=0.00 sys=0.00, real=0.01 secs] 
2020-09-29T13:09:15.421+0200: 1.888: [GC (Allocation Failure) 2020-09-29T13:09:15.421+0200: 1.888: [ParNew: 550697K->220K(613440K), 0.0015588 secs] 551088K->610K(2029056K), 0.0016105 secs] [Times: user=0.00 sys=0.00, real=0.00 secs] 
2020-09-29T13:09:15.500+0200: 1.967: [GC (Allocation Failure) 2020-09-29T13:09:15.500+0200: 1.967: [ParNew: 545564K->11964K(613440K), 0.0108337 secs] 545954K->12354K(2029056K), 0.0109076 secs] [Times: user=0.13 sys=0.00, real=0.01 secs] 
2020-09-29T13:09:15.592+0200: 2.058: [GC (Allocation Failure) 2020-09-29T13:09:15.592+0200: 2.058: [ParNew: 557308K->15987K(613440K), 0.0101990 secs] 557698K->16377K(2029056K), 0.0102597 secs] [Times: user=0.13 sys=0.00, real=0.01 secs] 
2020-09-29T13:09:15.686+0200: 2.153: [GC (Allocation Failure) 2020-09-29T13:09:15.686+0200: 2.153: [ParNew: 561331K->11920K(613440K), 0.0086852 secs] 561721K->12310K(2029056K), 0.0087401 secs] [Times: user=0.13 sys=0.00, real=0.01 secs] 
2020-09-29T13:09:15.777+0200: 2.244: [GC (Allocation Failure) 2020-09-29T13:09:15.778+0200: 2.244: [ParNew: 557264K->8094K(613440K), 0.0085751 secs] 557654K->8484K(2029056K), 0.0089321 secs] [Times: user=0.13 sys=0.00, real=0.01 secs] 
2020-09-29T13:09:15.876+0200: 2.342: [GC (Allocation Failure) 2020-09-29T13:09:15.876+0200: 2.342: [ParNew: 553438K->7105K(613440K), 0.0068722 secs] 553828K->7495K(2029056K), 0.0069260 secs] [Times: user=0.13 sys=0.00, real=0.01 secs] 
2020-09-29T13:09:15.964+0200: 2.431: [GC (Allocation Failure) 2020-09-29T13:09:15.964+0200: 2.431: [ParNew: 552449K->5596K(613440K), 0.0057003 secs] 552839K->5987K(2029056K), 0.0057540 secs] [Times: user=0.00 sys=0.00, real=0.01 secs] 
2020-09-29T13:09:16.049+0200: 2.516: [GC (Allocation Failure) 2020-09-29T13:09:16.050+0200: 2.516: [ParNew: 550940K->151K(613440K), 0.0014637 secs] 551331K->541K(2029056K), 0.0015227 secs] [Times: user=0.13 sys=0.00, real=0.00 secs] 
2020-09-29T13:09:16.131+0200: 2.598: [GC (Allocation Failure) 2020-09-29T13:09:16.131+0200: 2.598: [ParNew: 545495K->12293K(613440K), 0.0112551 secs] 545885K->12683K(2029056K), 0.0113237 secs] [Times: user=0.00 sys=0.00, real=0.01 secs] 
2020-09-29T13:09:16.222+0200: 2.689: [GC (Allocation Failure) 2020-09-29T13:09:16.222+0200: 2.689: [ParNew: 557637K->16336K(613440K), 0.0097623 secs] 558027K->16726K(2029056K), 0.0098178 secs] [Times: user=0.13 sys=0.00, real=0.01 secs] 
2020-09-29T13:09:16.309+0200: 2.776: [GC (Allocation Failure) 2020-09-29T13:09:16.309+0200: 2.776: [ParNew: 561680K->12228K(613440K), 0.0089318 secs] 562070K->12618K(2029056K), 0.0090006 secs] [Times: user=0.13 sys=0.00, real=0.01 secs] 
2020-09-29T13:09:16.397+0200: 2.863: [GC (Allocation Failure) 2020-09-29T13:09:16.397+0200: 2.863: [ParNew: 557572K->8526K(613440K), 0.0078680 secs] 557962K->8916K(2029056K), 0.0079333 secs] [Times: user=0.00 sys=0.00, real=0.01 secs] 
2020-09-29T13:09:16.483+0200: 2.949: [GC (Allocation Failure) 2020-09-29T13:09:16.483+0200: 2.950: [ParNew: 553870K->7605K(613440K), 0.0070292 secs] 554260K->7995K(2029056K), 0.0070825 secs] [Times: user=0.11 sys=0.00, real=0.01 secs] 
2020-09-29T13:09:16.568+0200: 3.034: [GC (Allocation Failure) 2020-09-29T13:09:16.568+0200: 3.034: [ParNew: 552949K->4556K(613440K), 0.0054384 secs] 553339K->4946K(2029056K), 0.0055074 secs] [Times: user=0.00 sys=0.00, real=0.00 secs] 
2020-09-29T13:09:16.650+0200: 3.117: [GC (Allocation Failure) 2020-09-29T13:09:16.650+0200: 3.117: [ParNew: 549900K->138K(613440K), 0.0018161 secs] 550290K->529K(2029056K), 0.0018658 secs] [Times: user=0.00 sys=0.00, real=0.00 secs] 
2020-09-29T13:09:16.730+0200: 3.197: [GC (Allocation Failure) 2020-09-29T13:09:16.730+0200: 3.197: [ParNew: 545482K->12202K(613440K), 0.0109670 secs] 545873K->12592K(2029056K), 0.0110418 secs] [Times: user=0.13 sys=0.00, real=0.01 secs] 
2020-09-29T13:09:16.818+0200: 3.285: [GC (Allocation Failure) 2020-09-29T13:09:16.818+0200: 3.285: [ParNew: 557546K->16341K(613440K), 0.0097862 secs] 557936K->16731K(2029056K), 0.0098718 secs] [Times: user=0.00 sys=0.00, real=0.01 secs] 
2020-09-29T13:09:16.905+0200: 3.372: [GC (Allocation Failure) 2020-09-29T13:09:16.905+0200: 3.372: [ParNew: 561685K->12230K(613440K), 0.0088450 secs] 562075K->12620K(2029056K), 0.0089006 secs] [Times: user=0.13 sys=0.00, real=0.01 secs] 
2020-09-29T13:09:16.990+0200: 3.457: [GC (Allocation Failure) 2020-09-29T13:09:16.990+0200: 3.457: [ParNew: 557574K->8405K(613440K), 0.0078910 secs] 557964K->8796K(2029056K), 0.0079805 secs] [Times: user=0.00 sys=0.00, real=0.01 secs] 
2020-09-29T13:09:17.077+0200: 3.544: [GC (Allocation Failure) 2020-09-29T13:09:17.077+0200: 3.544: [ParNew: 553749K->7436K(613440K), 0.0068916 secs] 554140K->7826K(2029056K), 0.0069446 secs] [Times: user=0.13 sys=0.00, real=0.01 secs] 
2020-09-29T13:09:17.166+0200: 3.633: [GC (Allocation Failure) 2020-09-29T13:09:17.166+0200: 3.633: [ParNew: 552780K->4209K(613440K), 0.0059137 secs] 553170K->4599K(2029056K), 0.0059795 secs] [Times: user=0.00 sys=0.00, real=0.01 secs] 
2020-09-29T13:09:17.256+0200: 3.723: [GC (Allocation Failure) 2020-09-29T13:09:17.256+0200: 3.723: [ParNew: 549553K->136K(613440K), 0.0026151 secs] 549943K->526K(2029056K), 0.0026669 secs] [Times: user=0.00 sys=0.00, real=0.00 secs] 
2020-09-29T13:09:17.338+0200: 3.804: [GC (Allocation Failure) 2020-09-29T13:09:17.338+0200: 3.804: [ParNew: 545480K->12230K(613440K), 0.0108098 secs] 545870K->12620K(2029056K), 0.0108772 secs] [Times: user=0.00 sys=0.00, real=0.01 secs] 
2020-09-29T13:09:17.426+0200: 3.892: [GC (Allocation Failure) 2020-09-29T13:09:17.426+0200: 3.892: [ParNew: 557574K->15384K(613440K), 0.0097127 secs] 557964K->15774K(2029056K), 0.0097996 secs] [Times: user=0.13 sys=0.00, real=0.01 secs] 
2020-09-29T13:09:17.514+0200: 3.981: [GC (Allocation Failure) 2020-09-29T13:09:17.514+0200: 3.981: [ParNew: 560728K->9971K(613440K), 0.0089008 secs] 561118K->10361K(2029056K), 0.0089542 secs] [Times: user=0.13 sys=0.00, real=0.01 secs] 
2020-09-29T13:09:17.602+0200: 4.068: [GC (Allocation Failure) 2020-09-29T13:09:17.602+0200: 4.068: [ParNew: 555315K->8527K(613440K), 0.0073670 secs] 555705K->8918K(2029056K), 0.0074452 secs] [Times: user=0.00 sys=0.00, real=0.01 secs] 
2020-09-29T13:09:17.688+0200: 4.155: [GC (Allocation Failure) 2020-09-29T13:09:17.688+0200: 4.155: [ParNew: 553871K->6827K(613440K), 0.0060755 secs] 554262K->7217K(2029056K), 0.0061635 secs] [Times: user=0.13 sys=0.00, real=0.01 secs] 
2020-09-29T13:09:17.773+0200: 4.240: [GC (Allocation Failure) 2020-09-29T13:09:17.773+0200: 4.241: [ParNew: 552171K->3855K(613440K), 0.0051817 secs] 552561K->4246K(2029056K), 0.0052381 secs] [Times: user=0.00 sys=0.00, real=0.01 secs] 
2020-09-29T13:09:17.859+0200: 4.326: [GC (Allocation Failure) 2020-09-29T13:09:17.859+0200: 4.326: [ParNew: 549199K->72K(613440K), 0.0014793 secs] 549590K->462K(2029056K), 0.0015302 secs] [Times: user=0.00 sys=0.00, real=0.00 secs] 
2020-09-29T13:09:17.943+0200: 4.410: [GC (Allocation Failure) 2020-09-29T13:09:17.943+0200: 4.410: [ParNew: 545416K->12097K(613440K), 0.0112822 secs] 545806K->12487K(2029056K), 0.0113378 secs] [Times: user=0.00 sys=0.00, real=0.01 secs] 
2020-09-29T13:09:18.034+0200: 4.500: [GC (Allocation Failure) 2020-09-29T13:09:18.034+0200: 4.500: [ParNew: 557441K->16170K(613440K), 0.0101761 secs] 557831K->16560K(2029056K), 0.0102302 secs] [Times: user=0.11 sys=0.00, real=0.01 secs] 
2020-09-29T13:09:18.122+0200: 4.589: [GC (Allocation Failure) 2020-09-29T13:09:18.122+0200: 4.589: [ParNew: 561514K->11416K(613440K), 0.0089762 secs] 561904K->11807K(2029056K), 0.0090275 secs] [Times: user=0.13 sys=0.00, real=0.01 secs] 
2020-09-29T13:09:18.213+0200: 4.680: [GC (Allocation Failure) 2020-09-29T13:09:18.213+0200: 4.680: [ParNew: 556760K->8016K(613440K), 0.0074804 secs] 557151K->8406K(2029056K), 0.0075352 secs] [Times: user=0.00 sys=0.00, real=0.01 secs] 
2020-09-29T13:09:18.299+0200: 4.766: [GC (Allocation Failure) 2020-09-29T13:09:18.299+0200: 4.766: [ParNew: 553360K->6733K(613440K), 0.0062234 secs] 553750K->7123K(2029056K), 0.0062828 secs] [Times: user=0.13 sys=0.00, real=0.01 secs] 
2020-09-29T13:09:18.382+0200: 4.848: [GC (Allocation Failure) 2020-09-29T13:09:18.382+0200: 4.848: [ParNew: 550178K->273K(613440K), 0.0014854 secs] 550569K->664K(2029056K), 0.0015377 secs] [Times: user=0.00 sys=0.00, real=0.00 secs] 
2020-09-29T13:09:18.459+0200: 4.925: [GC (Allocation Failure) 2020-09-29T13:09:18.459+0200: 4.925: [ParNew: 545617K->12225K(613440K), 0.0108797 secs] 546008K->12616K(2029056K), 0.0109566 secs] [Times: user=0.00 sys=0.00, real=0.01 secs] 
2020-09-29T13:09:18.549+0200: 5.015: [GC (Allocation Failure) 2020-09-29T13:09:18.549+0200: 5.015: [ParNew: 557569K->16240K(613440K), 0.0097025 secs] 557960K->16630K(2029056K), 0.0097610 secs] [Times: user=0.13 sys=0.00, real=0.01 secs] 
2020-09-29T13:09:18.636+0200: 5.102: [GC (Allocation Failure) 2020-09-29T13:09:18.636+0200: 5.102: [ParNew: 561584K->12063K(613440K), 0.0087491 secs] 561974K->12454K(2029056K), 0.0088062 secs] [Times: user=0.00 sys=0.00, real=0.01 secs] 
2020-09-29T13:09:18.723+0200: 5.190: [GC (Allocation Failure) 2020-09-29T13:09:18.723+0200: 5.190: [ParNew: 557407K->8264K(613440K), 0.0080115 secs] 557798K->8654K(2029056K), 0.0080665 secs] [Times: user=0.11 sys=0.02, real=0.01 secs] 
2020-09-29T13:09:18.809+0200: 5.276: [GC (Allocation Failure) 2020-09-29T13:09:18.809+0200: 5.276: [ParNew: 553608K->7375K(613440K), 0.0068842 secs] 553998K->7765K(2029056K), 0.0069386 secs] [Times: user=0.00 sys=0.00, real=0.01 secs] 
2020-09-29T13:09:18.893+0200: 5.359: [GC (Allocation Failure) 2020-09-29T13:09:18.893+0200: 5.359: [ParNew: 552719K->5828K(613440K), 0.0056764 secs] 553109K->6219K(2029056K), 0.0057286 secs] [Times: user=0.13 sys=0.00, real=0.01 secs] 
2020-09-29T13:09:18.976+0200: 5.443: [GC (Allocation Failure) 2020-09-29T13:09:18.976+0200: 5.443: [ParNew: 551172K->168K(613440K), 0.0015465 secs] 551563K->558K(2029056K), 0.0015971 secs] [Times: user=0.00 sys=0.00, real=0.00 secs] 
2020-09-29T13:09:19.055+0200: 5.522: [GC (Allocation Failure) 2020-09-29T13:09:19.055+0200: 5.522: [ParNew: 545512K->12289K(613440K), 0.0107971 secs] 545902K->12679K(2029056K), 0.0108868 secs] [Times: user=0.00 sys=0.00, real=0.01 secs] 
2020-09-29T13:09:19.143+0200: 5.610: [GC (Allocation Failure) 2020-09-29T13:09:19.143+0200: 5.610: [ParNew: 557633K->16434K(613440K), 0.0099198 secs] 558023K->16824K(2029056K), 0.0099957 secs] [Times: user=0.11 sys=0.00, real=0.01 secs] 
2020-09-29T13:09:19.234+0200: 5.701: [GC (Allocation Failure) 2020-09-29T13:09:19.234+0200: 5.701: [ParNew: 561778K->12126K(613440K), 0.0089939 secs] 562168K->12516K(2029056K), 0.0090478 secs] [Times: user=0.13 sys=0.00, real=0.01 secs] 
2020-09-29T13:09:19.321+0200: 5.788: [GC (Allocation Failure) 2020-09-29T13:09:19.321+0200: 5.788: [ParNew: 557470K->8156K(613440K), 0.0075146 secs] 557860K->8547K(2029056K), 0.0075697 secs] [Times: user=0.00 sys=0.00, real=0.01 secs] 
2020-09-29T13:09:19.404+0200: 5.871: [GC (Allocation Failure) 2020-09-29T13:09:19.404+0200: 5.871: [ParNew: 553500K->7129K(613440K), 0.0064472 secs] 553891K->7520K(2029056K), 0.0065364 secs] [Times: user=0.02 sys=0.01, real=0.01 secs] 
2020-09-29T13:09:19.486+0200: 5.953: [GC (Allocation Failure) 2020-09-29T13:09:19.486+0200: 5.953: [ParNew: 552473K->4294K(613440K), 0.0053754 secs] 552864K->4684K(2029056K), 0.0054285 secs] [Times: user=0.11 sys=0.00, real=0.01 secs] 
2020-09-29T13:09:19.569+0200: 6.036: [GC (Allocation Failure) 2020-09-29T13:09:19.569+0200: 6.036: [ParNew: 549638K->90K(613440K), 0.0015091 secs] 550028K->480K(2029056K), 0.0015624 secs] [Times: user=0.00 sys=0.00, real=0.00 secs] 
2020-09-29T13:09:19.654+0200: 6.121: [GC (Allocation Failure) 2020-09-29T13:09:19.654+0200: 6.121: [ParNew: 545434K->11824K(613440K), 0.0107231 secs] 545824K->12214K(2029056K), 0.0107780 secs] [Times: user=0.13 sys=0.00, real=0.01 secs] 
2020-09-29T13:09:19.744+0200: 6.211: [GC (Allocation Failure) 2020-09-29T13:09:19.744+0200: 6.211: [ParNew: 557168K->15719K(613440K), 0.0098797 secs] 557558K->16109K(2029056K), 0.0099392 secs] [Times: user=0.13 sys=0.00, real=0.01 secs] 
2020-09-29T13:09:19.833+0200: 6.300: [GC (Allocation Failure) 2020-09-29T13:09:19.833+0200: 6.300: [ParNew: 561063K->11610K(613440K), 0.0086012 secs] 561453K->12000K(2029056K), 0.0086533 secs] [Times: user=0.00 sys=0.00, real=0.01 secs] 
2020-09-29T13:09:19.918+0200: 6.385: [GC (Allocation Failure) 2020-09-29T13:09:19.918+0200: 6.385: [ParNew: 556954K->7916K(613440K), 0.0078595 secs] 557344K->8306K(2029056K), 0.0079140 secs] [Times: user=0.03 sys=0.09, real=0.01 secs] 
2020-09-29T13:09:20.008+0200: 6.475: [GC (Allocation Failure) 2020-09-29T13:09:20.008+0200: 6.475: [ParNew: 553260K->7037K(613440K), 0.0069423 secs] 553650K->7427K(2029056K), 0.0069976 secs] [Times: user=0.00 sys=0.00, real=0.01 secs] 
2020-09-29T13:09:20.092+0200: 6.558: [GC (Allocation Failure) 2020-09-29T13:09:20.092+0200: 6.558: [ParNew: 552381K->5085K(613440K), 0.0056087 secs] 552771K->5475K(2029056K), 0.0056769 secs] [Times: user=0.00 sys=0.00, real=0.01 secs] 
2020-09-29T13:09:20.192+0200: 6.658: [GC (Allocation Failure) 2020-09-29T13:09:20.192+0200: 6.658: [ParNew: 550429K->184K(613440K), 0.0017654 secs] 550819K->574K(2029056K), 0.0018201 secs] [Times: user=0.13 sys=0.00, real=0.00 secs] 
2020-09-29T13:09:20.275+0200: 6.741: [GC (Allocation Failure) 2020-09-29T13:09:20.275+0200: 6.741: [ParNew: 545528K->12317K(613440K), 0.0108724 secs] 545918K->12707K(2029056K), 0.0109344 secs] [Times: user=0.13 sys=0.00, real=0.01 secs] 
2020-09-29T13:09:20.368+0200: 6.834: [GC (Allocation Failure) 2020-09-29T13:09:20.368+0200: 6.834: [ParNew: 557661K->15429K(613440K), 0.0098767 secs] 558051K->15819K(2029056K), 0.0099302 secs] [Times: user=0.00 sys=0.00, real=0.01 secs] 
2020-09-29T13:09:20.453+0200: 6.920: [GC (Allocation Failure) 2020-09-29T13:09:20.453+0200: 6.920: [ParNew: 560773K->9978K(613440K), 0.0082675 secs] 561163K->10368K(2029056K), 0.0083823 secs] [Times: user=0.13 sys=0.00, real=0.01 secs] 
2020-09-29T13:09:20.540+0200: 7.007: [GC (Allocation Failure) 2020-09-29T13:09:20.540+0200: 7.007: [ParNew: 555322K->8530K(613440K), 0.0073886 secs] 555712K->8920K(2029056K), 0.0074435 secs] [Times: user=0.00 sys=0.00, real=0.01 secs] 
2020-09-29T13:09:20.631+0200: 7.098: [GC (Allocation Failure) 2020-09-29T13:09:20.631+0200: 7.098: [ParNew: 553874K->6828K(613440K), 0.0062771 secs] 554264K->7218K(2029056K), 0.0063320 secs] [Times: user=0.00 sys=0.00, real=0.01 secs] 
2020-09-29T13:09:20.717+0200: 7.184: [GC (Allocation Failure) 2020-09-29T13:09:20.717+0200: 7.184: [ParNew: 552172K->4128K(613440K), 0.0051139 secs] 552562K->4518K(2029056K), 0.0051653 secs] [Times: user=0.00 sys=0.00, real=0.00 secs] 
2020-09-29T13:09:20.799+0200: 7.266: [GC (Allocation Failure) 2020-09-29T13:09:20.799+0200: 7.266: [ParNew: 549472K->72K(613440K), 0.0015720 secs] 549862K->462K(2029056K), 0.0016217 secs] [Times: user=0.13 sys=0.00, real=0.00 secs] 
2020-09-29T13:09:20.877+0200: 7.344: [GC (Allocation Failure) 2020-09-29T13:09:20.877+0200: 7.344: [ParNew: 545416K->12101K(613440K), 0.0110004 secs] 545806K->12491K(2029056K), 0.0110561 secs] [Times: user=0.13 sys=0.00, real=0.01 secs] 
2020-09-29T13:09:20.969+0200: 7.435: [GC (Allocation Failure) 2020-09-29T13:09:20.969+0200: 7.435: [ParNew: 557445K->16171K(613440K), 0.0101665 secs] 557835K->16561K(2029056K), 0.0102231 secs] [Times: user=0.13 sys=0.00, real=0.01 secs] 
2020-09-29T13:09:21.057+0200: 7.524: [GC (Allocation Failure) 2020-09-29T13:09:21.057+0200: 7.524: [ParNew: 561515K->12048K(613440K), 0.0085473 secs] 561905K->12438K(2029056K), 0.0086015 secs] [Times: user=0.00 sys=0.00, real=0.01 secs] 
2020-09-29T13:09:21.142+0200: 7.609: [GC (Allocation Failure) 2020-09-29T13:09:21.142+0200: 7.609: [ParNew: 557392K->8017K(613440K), 0.0075367 secs] 557782K->8407K(2029056K), 0.0075925 secs] [Times: user=0.13 sys=0.00, real=0.01 secs] 
2020-09-29T13:09:21.229+0200: 7.696: [GC (Allocation Failure) 2020-09-29T13:09:21.229+0200: 7.696: [ParNew: 553361K->6734K(613440K), 0.0062183 secs] 553751K->7124K(2029056K), 0.0098025 secs] [Times: user=0.00 sys=0.00, real=0.01 secs] 
2020-09-29T13:09:21.360+0200: 7.827: [GC (Allocation Failure) 2020-09-29T13:09:21.360+0200: 7.827: [ParNew: 550178K->273K(613440K), 0.0016840 secs] 550569K->664K(2029056K), 0.0017375 secs] [Times: user=0.00 sys=0.00, real=0.00 secs] 
2020-09-29T13:09:21.444+0200: 7.911: [GC (Allocation Failure) 2020-09-29T13:09:21.444+0200: 7.911: [ParNew: 545617K->12225K(613440K), 0.0106912 secs] 546008K->12616K(2029056K), 0.0107460 secs] [Times: user=0.00 sys=0.00, real=0.01 secs] 
2020-09-29T13:09:21.535+0200: 8.002: [GC (Allocation Failure) 2020-09-29T13:09:21.535+0200: 8.002: [ParNew: 557569K->16240K(613440K), 0.0100289 secs] 557960K->16630K(2029056K), 0.0100846 secs] [Times: user=0.13 sys=0.00, real=0.01 secs] 
2020-09-29T13:09:21.629+0200: 8.096: [GC (Allocation Failure) 2020-09-29T13:09:21.629+0200: 8.096: [ParNew: 561584K->12063K(613440K), 0.0093518 secs] 561974K->12454K(2029056K), 0.0094080 secs] [Times: user=0.00 sys=0.00, real=0.01 secs] 
2020-09-29T13:09:21.718+0200: 8.184: [GC (Allocation Failure) 2020-09-29T13:09:21.718+0200: 8.184: [ParNew: 557407K->8264K(613440K), 0.0079863 secs] 557798K->8654K(2029056K), 0.0080418 secs] [Times: user=0.13 sys=0.00, real=0.01 secs] 
2020-09-29T13:09:21.802+0200: 8.269: [GC (Allocation Failure) 2020-09-29T13:09:21.802+0200: 8.269: [ParNew: 553608K->7375K(613440K), 0.0067022 secs] 553998K->7765K(2029056K), 0.0067565 secs] [Times: user=0.00 sys=0.00, real=0.01 secs] 
2020-09-29T13:09:21.886+0200: 8.353: [GC (Allocation Failure) 2020-09-29T13:09:21.886+0200: 8.353: [ParNew: 552719K->5828K(613440K), 0.0058089 secs] 553109K->6219K(2029056K), 0.0058649 secs] [Times: user=0.00 sys=0.00, real=0.01 secs] 
2020-09-29T13:09:21.967+0200: 8.434: [GC (Allocation Failure) 2020-09-29T13:09:21.967+0200: 8.434: [ParNew: 551172K->168K(613440K), 0.0017782 secs] 551563K->558K(2029056K), 0.0018291 secs] [Times: user=0.00 sys=0.00, real=0.00 secs] 
2020-09-29T13:09:22.046+0200: 8.513: [GC (Allocation Failure) 2020-09-29T13:09:22.046+0200: 8.513: [ParNew: 545512K->12331K(613440K), 0.0111577 secs] 545902K->12721K(2029056K), 0.0112140 secs] [Times: user=0.13 sys=0.00, real=0.01 secs] 
2020-09-29T13:09:22.138+0200: 8.605: [GC (Allocation Failure) 2020-09-29T13:09:22.138+0200: 8.605: [ParNew: 557675K->15468K(613440K), 0.0100364 secs] 558065K->15859K(2029056K), 0.0100908 secs] [Times: user=0.13 sys=0.00, real=0.01 secs] 
2020-09-29T13:09:22.227+0200: 8.694: [GC (Allocation Failure) 2020-09-29T13:09:22.227+0200: 8.694: [ParNew: 560812K->10195K(613440K), 0.0089158 secs] 561203K->10586K(2029056K), 0.0089699 secs] [Times: user=0.00 sys=0.00, real=0.01 secs] 
2020-09-29T13:09:22.314+0200: 8.781: [GC (Allocation Failure) 2020-09-29T13:09:22.314+0200: 8.781: [ParNew: 555539K->8945K(613440K), 0.0075246 secs] 555930K->9336K(2029056K), 0.0075801 secs] [Times: user=0.13 sys=0.00, real=0.01 secs] 
2020-09-29T13:09:22.403+0200: 8.870: [GC (Allocation Failure) 2020-09-29T13:09:22.403+0200: 8.870: [ParNew: 554289K->7327K(613440K), 0.0062624 secs] 554680K->7717K(2029056K), 0.0063166 secs] [Times: user=0.00 sys=0.00, real=0.01 secs] 
2020-09-29T13:09:22.486+0200: 8.953: [GC (Allocation Failure) 2020-09-29T13:09:22.486+0200: 8.953: [ParNew: 552671K->4344K(613440K), 0.0051248 secs] 553061K->4734K(2029056K), 0.0051766 secs] [Times: user=0.13 sys=0.00, real=0.00 secs] 
2020-09-29T13:09:22.572+0200: 9.039: [GC (Allocation Failure) 2020-09-29T13:09:22.572+0200: 9.039: [ParNew: 549688K->92K(613440K), 0.0015409 secs] 550078K->482K(2029056K), 0.0016003 secs] [Times: user=0.00 sys=0.00, real=0.00 secs] 
2020-09-29T13:09:22.660+0200: 9.127: [GC (Allocation Failure) 2020-09-29T13:09:22.660+0200: 9.127: [ParNew: 545436K->11807K(613440K), 0.0118482 secs] 545826K->12197K(2029056K), 0.0119082 secs] [Times: user=0.01 sys=0.02, real=0.01 secs] 
2020-09-29T13:09:22.753+0200: 9.220: [GC (Allocation Failure) 2020-09-29T13:09:22.753+0200: 9.220: [ParNew: 557151K->15721K(613440K), 0.0095407 secs] 557541K->16111K(2029056K), 0.0095954 secs] [Times: user=0.13 sys=0.00, real=0.01 secs] 
2020-09-29T13:09:22.841+0200: 9.308: [GC (Allocation Failure) 2020-09-29T13:09:22.841+0200: 9.308: [ParNew: 561065K->11610K(613440K), 0.0086404 secs] 561455K->12001K(2029056K), 0.0087159 secs] [Times: user=0.13 sys=0.00, real=0.01 secs] 
2020-09-29T13:09:22.930+0200: 9.397: [GC (Allocation Failure) 2020-09-29T13:09:22.930+0200: 9.397: [ParNew: 556954K->7916K(613440K), 0.0078712 secs] 557345K->8306K(2029056K), 0.0079251 secs] [Times: user=0.00 sys=0.00, real=0.01 secs] 
2020-09-29T13:09:23.020+0200: 9.487: [GC (Allocation Failure) 2020-09-29T13:09:23.020+0200: 9.487: [ParNew: 553260K->7037K(613440K), 0.0064450 secs] 553650K->7427K(2029056K), 0.0065031 secs] [Times: user=0.00 sys=0.00, real=0.01 secs] 
2020-09-29T13:09:23.103+0200: 9.570: [GC (Allocation Failure) 2020-09-29T13:09:23.103+0200: 9.570: [ParNew: 552381K->5533K(613440K), 0.0055055 secs] 552771K->5923K(2029056K), 0.0055638 secs] [Times: user=0.00 sys=0.00, real=0.01 secs] 
2020-09-29T13:09:23.185+0200: 9.652: [GC (Allocation Failure) 2020-09-29T13:09:23.185+0200: 9.652: [ParNew: 550877K->184K(613440K), 0.0017391 secs] 551267K->574K(2029056K), 0.0017905 secs] [Times: user=0.00 sys=0.00, real=0.00 secs] 
2020-09-29T13:09:23.265+0200: 9.732: [GC (Allocation Failure) 2020-09-29T13:09:23.265+0200: 9.732: [ParNew: 545528K->12271K(613440K), 0.0106951 secs] 545918K->12661K(2029056K), 0.0108169 secs] [Times: user=0.11 sys=0.00, real=0.01 secs] 
2020-09-29T13:09:23.352+0200: 9.819: [GC (Allocation Failure) 2020-09-29T13:09:23.352+0200: 9.819: [ParNew: 557615K->15429K(613440K), 0.0097686 secs] 558005K->15819K(2029056K), 0.0098433 secs] [Times: user=0.00 sys=0.00, real=0.01 secs] 
2020-09-29T13:09:23.438+0200: 9.904: [GC (Allocation Failure) 2020-09-29T13:09:23.438+0200: 9.904: [ParNew: 560773K->9978K(613440K), 0.0084186 secs] 561163K->10368K(2029056K), 0.0084729 secs] [Times: user=0.13 sys=0.00, real=0.01 secs] 
2020-09-29T13:09:23.526+0200: 9.992: [GC (Allocation Failure) 2020-09-29T13:09:23.526+0200: 9.992: [ParNew: 555322K->8530K(613440K), 0.0072227 secs] 555712K->8920K(2029056K), 0.0072798 secs] [Times: user=0.00 sys=0.00, real=0.01 secs] 
2020-09-29T13:09:23.613+0200: 10.079: [GC (Allocation Failure) 2020-09-29T13:09:23.613+0200: 10.079: [ParNew: 553874K->6828K(613440K), 0.0063393 secs] 554264K->7218K(2029056K), 0.0064272 secs] [Times: user=0.13 sys=0.00, real=0.01 secs] 
2020-09-29T13:09:23.700+0200: 10.166: [GC (Allocation Failure) 2020-09-29T13:09:23.700+0200: 10.166: [ParNew: 552172K->4128K(613440K), 0.0050519 secs] 552562K->4518K(2029056K), 0.0051031 secs] [Times: user=0.00 sys=0.00, real=0.00 secs] 
2020-09-29T13:09:23.784+0200: 10.250: [GC (Allocation Failure) 2020-09-29T13:09:23.784+0200: 10.250: [ParNew: 549472K->72K(613440K), 0.0018875 secs] 549862K->462K(2029056K), 0.0019393 secs] [Times: user=0.00 sys=0.00, real=0.00 secs] 
2020-09-29T13:09:23.861+0200: 10.328: [GC (Allocation Failure) 2020-09-29T13:09:23.861+0200: 10.328: [ParNew: 545416K->12101K(613440K), 0.0111536 secs] 545806K->12491K(2029056K), 0.0112082 secs] [Times: user=0.13 sys=0.00, real=0.01 secs] 
2020-09-29T13:09:23.948+0200: 10.415: [GC (Allocation Failure) 2020-09-29T13:09:23.948+0200: 10.415: [ParNew: 557445K->16171K(613440K), 0.0098729 secs] 557835K->16561K(2029056K), 0.0099233 secs] [Times: user=0.13 sys=0.00, real=0.01 secs] 
2020-09-29T13:09:24.036+0200: 10.502: [GC (Allocation Failure) 2020-09-29T13:09:24.036+0200: 10.502: [ParNew: 561515K->12048K(613440K), 0.0084662 secs] 561905K->12438K(2029056K), 0.0085441 secs] [Times: user=0.00 sys=0.00, real=0.01 secs] 
2020-09-29T13:09:24.123+0200: 10.590: [GC (Allocation Failure) 2020-09-29T13:09:24.123+0200: 10.590: [ParNew: 557392K->8017K(613440K), 0.0075130 secs] 557782K->8407K(2029056K), 0.0075668 secs] [Times: user=0.13 sys=0.00, real=0.01 secs] 
2020-09-29T13:09:24.212+0200: 10.679: [GC (Allocation Failure) 2020-09-29T13:09:24.212+0200: 10.679: [ParNew: 553361K->6734K(613440K), 0.0064509 secs] 553751K->7124K(2029056K), 0.0065059 secs] [Times: user=0.00 sys=0.00, real=0.01 secs] 
2020-09-29T13:09:24.303+0200: 10.770: [GC (Allocation Failure) 2020-09-29T13:09:24.303+0200: 10.770: [ParNew: 550178K->273K(613440K), 0.0017331 secs] 550569K->664K(2029056K), 0.0017879 secs] [Times: user=0.00 sys=0.00, real=0.00 secs] 
2020-09-29T13:09:24.395+0200: 10.862: [GC (Allocation Failure) 2020-09-29T13:09:24.395+0200: 10.862: [ParNew: 545617K->12225K(613440K), 0.0112433 secs] 546008K->12616K(2029056K), 0.0112983 secs] [Times: user=0.00 sys=0.00, real=0.01 secs] 
2020-09-29T13:09:24.485+0200: 10.952: [GC (Allocation Failure) 2020-09-29T13:09:24.485+0200: 10.952: [ParNew: 557569K->16240K(613440K), 0.0099383 secs] 557960K->16630K(2029056K), 0.0099919 secs] [Times: user=0.13 sys=0.00, real=0.01 secs] 
2020-09-29T13:09:24.574+0200: 11.041: [GC (Allocation Failure) 2020-09-29T13:09:24.574+0200: 11.041: [ParNew: 561584K->10800K(613440K), 0.0091113 secs] 561974K->11190K(2029056K), 0.0091696 secs] [Times: user=0.11 sys=0.00, real=0.01 secs] 
2020-09-29T13:09:24.663+0200: 11.130: [GC (Allocation Failure) 2020-09-29T13:09:24.663+0200: 11.130: [ParNew: 556144K->8264K(613440K), 0.0077701 secs] 556534K->8654K(2029056K), 0.0078238 secs] [Times: user=0.00 sys=0.00, real=0.01 secs] 
2020-09-29T13:09:24.748+0200: 11.215: [GC (Allocation Failure) 2020-09-29T13:09:24.748+0200: 11.215: [ParNew: 553608K->7375K(613440K), 0.0068353 secs] 553998K->7765K(2029056K), 0.0068898 secs] [Times: user=0.13 sys=0.00, real=0.01 secs] 
2020-09-29T13:09:24.834+0200: 11.300: [GC (Allocation Failure) 2020-09-29T13:09:24.834+0200: 11.300: [ParNew: 552719K->5828K(613440K), 0.0060851 secs] 553109K->6219K(2029056K), 0.0061391 secs] [Times: user=0.00 sys=0.00, real=0.01 secs] 
2020-09-29T13:09:24.918+0200: 11.385: [GC (Allocation Failure) 2020-09-29T13:09:24.918+0200: 11.385: [ParNew: 551172K->168K(613440K), 0.0018540 secs] 551563K->558K(2029056K), 0.0019031 secs] [Times: user=0.00 sys=0.00, real=0.00 secs] 
2020-09-29T13:09:24.996+0200: 11.463: [GC (Allocation Failure) 2020-09-29T13:09:24.996+0200: 11.463: [ParNew: 545512K->12331K(613440K), 0.0112472 secs] 545902K->12721K(2029056K), 0.0113343 secs] [Times: user=0.13 sys=0.00, real=0.01 secs] 
2020-09-29T13:09:25.085+0200: 11.552: [GC (Allocation Failure) 2020-09-29T13:09:25.085+0200: 11.552: [ParNew: 557675K->15468K(613440K), 0.0098664 secs] 558065K->15859K(2029056K), 0.0099205 secs] [Times: user=0.00 sys=0.00, real=0.01 secs] 
2020-09-29T13:09:25.173+0200: 11.639: [GC (Allocation Failure) 2020-09-29T13:09:25.173+0200: 11.639: [ParNew: 560812K->10195K(613440K), 0.0089783 secs] 561203K->10586K(2029056K), 0.0090326 secs] [Times: user=0.13 sys=0.00, real=0.01 secs] 
2020-09-29T13:09:25.258+0200: 11.725: [GC (Allocation Failure) 2020-09-29T13:09:25.258+0200: 11.725: [ParNew: 555539K->8945K(613440K), 0.0074380 secs] 555930K->9336K(2029056K), 0.0074935 secs] [Times: user=0.00 sys=0.00, real=0.01 secs] 
2020-09-29T13:09:25.344+0200: 11.811: [GC (Allocation Failure) 2020-09-29T13:09:25.344+0200: 11.811: [ParNew: 554289K->7327K(613440K), 0.0063896 secs] 554680K->7717K(2029056K), 0.0064504 secs] [Times: user=0.13 sys=0.00, real=0.01 secs] 
2020-09-29T13:09:25.426+0200: 11.893: [GC (Allocation Failure) 2020-09-29T13:09:25.426+0200: 11.893: [ParNew: 552671K->4344K(613440K), 0.0050701 secs] 553061K->4734K(2029056K), 0.0051230 secs] [Times: user=0.00 sys=0.00, real=0.00 secs] 
2020-09-29T13:09:25.507+0200: 11.974: [GC (Allocation Failure) 2020-09-29T13:09:25.507+0200: 11.974: [ParNew: 549688K->92K(613440K), 0.0014580 secs] 550078K->482K(2029056K), 0.0015467 secs] [Times: user=0.00 sys=0.00, real=0.00 secs] 
2020-09-29T13:09:25.587+0200: 12.054: [GC (Allocation Failure) 2020-09-29T13:09:25.587+0200: 12.054: [ParNew: 545436K->11784K(613440K), 0.0111997 secs] 545826K->12174K(2029056K), 0.0112677 secs] [Times: user=0.13 sys=0.00, real=0.01 secs] 
2020-09-29T13:09:25.682+0200: 12.149: [GC (Allocation Failure) 2020-09-29T13:09:25.682+0200: 12.149: [ParNew: 557128K->15721K(613440K), 0.0106658 secs] 557518K->16111K(2029056K), 0.0107602 secs] [Times: user=0.13 sys=0.00, real=0.01 secs] 
2020-09-29T13:09:25.772+0200: 12.239: [GC (Allocation Failure) 2020-09-29T13:09:25.772+0200: 12.239: [ParNew: 561065K->11610K(613440K), 0.0087928 secs] 561455K->12001K(2029056K), 0.0088854 secs] [Times: user=0.00 sys=0.00, real=0.01 secs] 
2020-09-29T13:09:25.859+0200: 12.325: [GC (Allocation Failure) 2020-09-29T13:09:25.859+0200: 12.325: [ParNew: 556954K->7916K(613440K), 0.0077039 secs] 557345K->8306K(2029056K), 0.0077571 secs] [Times: user=0.13 sys=0.00, real=0.01 secs] 
2020-09-29T13:09:25.949+0200: 12.416: [GC (Allocation Failure) 2020-09-29T13:09:25.949+0200: 12.416: [ParNew: 553260K->7037K(613440K), 0.0068403 secs] 553650K->7427K(2029056K), 0.0068949 secs] [Times: user=0.00 sys=0.00, real=0.01 secs] 
2020-09-29T13:09:26.033+0200: 12.499: [GC (Allocation Failure) 2020-09-29T13:09:26.033+0200: 12.500: [ParNew: 552381K->5533K(613440K), 0.0057138 secs] 552771K->5923K(2029056K), 0.0057677 secs] [Times: user=0.13 sys=0.00, real=0.01 secs] 
2020-09-29T13:09:26.117+0200: 12.584: [GC (Allocation Failure) 2020-09-29T13:09:26.117+0200: 12.584: [ParNew: 550877K->184K(613440K), 0.0017669 secs] 551267K->574K(2029056K), 0.0018170 secs] [Times: user=0.00 sys=0.00, real=0.00 secs] 
2020-09-29T13:09:26.197+0200: 12.663: [GC (Allocation Failure) 2020-09-29T13:09:26.197+0200: 12.664: [ParNew: 545528K->12317K(613440K), 0.0109644 secs] 545918K->12707K(2029056K), 0.0110196 secs] [Times: user=0.00 sys=0.00, real=0.01 secs] 
2020-09-29T13:09:26.284+0200: 12.751: [GC (Allocation Failure) 2020-09-29T13:09:26.284+0200: 12.751: [ParNew: 557661K->15429K(613440K), 0.0095276 secs] 558051K->15819K(2029056K), 0.0095916 secs] [Times: user=0.13 sys=0.00, real=0.01 secs] 
2020-09-29T13:09:26.372+0200: 12.839: [GC (Allocation Failure) 2020-09-29T13:09:26.372+0200: 12.839: [ParNew: 560773K->9978K(613440K), 0.0086377 secs] 561163K->10368K(2029056K), 0.0086921 secs] [Times: user=0.13 sys=0.00, real=0.01 secs] 
2020-09-29T13:09:26.457+0200: 12.924: [GC (Allocation Failure) 2020-09-29T13:09:26.457+0200: 12.924: [ParNew: 555322K->8530K(613440K), 0.0072550 secs] 555712K->8920K(2029056K), 0.0073090 secs] [Times: user=0.09 sys=0.01, real=0.01 secs] 
2020-09-29T13:09:26.542+0200: 13.009: [GC (Allocation Failure) 2020-09-29T13:09:26.542+0200: 13.009: [ParNew: 553874K->6828K(613440K), 0.0063489 secs] 554264K->7218K(2029056K), 0.0064042 secs] [Times: user=0.00 sys=0.00, real=0.01 secs] 
2020-09-29T13:09:26.631+0200: 13.098: [GC (Allocation Failure) 2020-09-29T13:09:26.631+0200: 13.098: [ParNew: 552172K->4128K(613440K), 0.0049927 secs] 552562K->4518K(2029056K), 0.0050456 secs] [Times: user=0.00 sys=0.00, real=0.00 secs] 
2020-09-29T13:09:26.714+0200: 13.181: [GC (Allocation Failure) 2020-09-29T13:09:26.714+0200: 13.181: [ParNew: 549472K->72K(613440K), 0.0016366 secs] 549862K->462K(2029056K), 0.0016866 secs] [Times: user=0.00 sys=0.00, real=0.00 secs] 
2020-09-29T13:09:26.793+0200: 13.260: [GC (Allocation Failure) 2020-09-29T13:09:26.793+0200: 13.260: [ParNew: 545416K->12101K(613440K), 0.0111242 secs] 545806K->12491K(2029056K), 0.0111781 secs] [Times: user=0.13 sys=0.00, real=0.01 secs] 
2020-09-29T13:09:26.881+0200: 13.347: [GC (Allocation Failure) 2020-09-29T13:09:26.881+0200: 13.348: [ParNew: 557445K->16171K(613440K), 0.0099771 secs] 557835K->16561K(2029056K), 0.0100506 secs] [Times: user=0.00 sys=0.00, real=0.01 secs] 
2020-09-29T13:09:26.967+0200: 13.434: [GC (Allocation Failure) 2020-09-29T13:09:26.967+0200: 13.434: [ParNew: 561515K->12048K(613440K), 0.0084118 secs] 561905K->12438K(2029056K), 0.0084699 secs] [Times: user=0.13 sys=0.00, real=0.01 secs] 
2020-09-29T13:09:27.054+0200: 13.520: [GC (Allocation Failure) 2020-09-29T13:09:27.054+0200: 13.520: [ParNew: 557392K->8017K(613440K), 0.0076120 secs] 557782K->8407K(2029056K), 0.0076673 secs] [Times: user=0.00 sys=0.00, real=0.01 secs] 
2020-09-29T13:09:27.139+0200: 13.606: [GC (Allocation Failure) 2020-09-29T13:09:27.139+0200: 13.606: [ParNew: 553361K->6734K(613440K), 0.0066431 secs] 553751K->7124K(2029056K), 0.0066973 secs] [Times: user=0.13 sys=0.00, real=0.01 secs] 
2020-09-29T13:09:27.224+0200: 13.690: [GC (Allocation Failure) 2020-09-29T13:09:27.224+0200: 13.690: [ParNew: 550178K->273K(613440K), 0.0017681 secs] 550569K->664K(2029056K), 0.0018220 secs] [Times: user=0.00 sys=0.00, real=0.00 secs] 
2020-09-29T13:09:27.302+0200: 13.768: [GC (Allocation Failure) 2020-09-29T13:09:27.302+0200: 13.768: [ParNew: 545617K->12225K(613440K), 0.0113014 secs] 546008K->12616K(2029056K), 0.0113758 secs] [Times: user=0.00 sys=0.00, real=0.01 secs] 
2020-09-29T13:09:27.395+0200: 13.862: [GC (Allocation Failure) 2020-09-29T13:09:27.395+0200: 13.862: [ParNew: 557569K->16240K(613440K), 0.0096728 secs] 557960K->16630K(2029056K), 0.0097288 secs] [Times: user=0.00 sys=0.00, real=0.01 secs] 
2020-09-29T13:09:27.480+0200: 13.947: [GC (Allocation Failure) 2020-09-29T13:09:27.480+0200: 13.947: [ParNew: 561584K->12063K(613440K), 0.0086455 secs] 561974K->12454K(2029056K), 0.0087396 secs] [Times: user=0.13 sys=0.00, real=0.01 secs] 
2020-09-29T13:09:27.571+0200: 14.037: [GC (Allocation Failure) 2020-09-29T13:09:27.571+0200: 14.037: [ParNew: 557407K->8264K(613440K), 0.0083345 secs] 557798K->8654K(2029056K), 0.0083931 secs] [Times: user=0.00 sys=0.00, real=0.01 secs] 
2020-09-29T13:09:27.658+0200: 14.125: [GC (Allocation Failure) 2020-09-29T13:09:27.658+0200: 14.125: [ParNew: 553608K->7375K(613440K), 0.0069163 secs] 553998K->7765K(2029056K), 0.0069702 secs] [Times: user=0.13 sys=0.00, real=0.01 secs] 
2020-09-29T13:09:27.744+0200: 14.210: [GC (Allocation Failure) 2020-09-29T13:09:27.744+0200: 14.210: [ParNew: 552719K->5828K(613440K), 0.0058856 secs] 553109K->6219K(2029056K), 0.0059406 secs] [Times: user=0.00 sys=0.00, real=0.01 secs] 
2020-09-29T13:09:27.826+0200: 14.293: [GC (Allocation Failure) 2020-09-29T13:09:27.826+0200: 14.293: [ParNew: 551172K->168K(613440K), 0.0016443 secs] 551563K->558K(2029056K), 0.0016949 secs] [Times: user=0.00 sys=0.00, real=0.00 secs] 
2020-09-29T13:09:27.905+0200: 14.372: [GC (Allocation Failure) 2020-09-29T13:09:27.905+0200: 14.372: [ParNew: 545512K->12289K(613440K), 0.0109257 secs] 545902K->12679K(2029056K), 0.0109814 secs] [Times: user=0.13 sys=0.00, real=0.01 secs] 
2020-09-29T13:09:27.992+0200: 14.459: [GC (Allocation Failure) 2020-09-29T13:09:27.992+0200: 14.459: [ParNew: 557633K->16434K(613440K), 0.0096581 secs] 558023K->16824K(2029056K), 0.0097112 secs] [Times: user=0.00 sys=0.00, real=0.01 secs] 
2020-09-29T13:09:28.082+0200: 14.549: [GC (Allocation Failure) 2020-09-29T13:09:28.082+0200: 14.549: [ParNew: 561778K->12126K(613440K), 0.0087310 secs] 562168K->12516K(2029056K), 0.0087888 secs] [Times: user=0.13 sys=0.00, real=0.01 secs] 
2020-09-29T13:09:28.170+0200: 14.637: [GC (Allocation Failure) 2020-09-29T13:09:28.170+0200: 14.637: [ParNew: 557470K->8156K(613440K), 0.0076613 secs] 557860K->8547K(2029056K), 0.0077173 secs] [Times: user=0.13 sys=0.00, real=0.01 secs] 
2020-09-29T13:09:28.257+0200: 14.723: [GC (Allocation Failure) 2020-09-29T13:09:28.257+0200: 14.723: [ParNew: 553500K->7129K(613440K), 0.0067025 secs] 553891K->7520K(2029056K), 0.0067591 secs] [Times: user=0.00 sys=0.00, real=0.01 secs] 
2020-09-29T13:09:28.342+0200: 14.808: [GC (Allocation Failure) 2020-09-29T13:09:28.342+0200: 14.808: [ParNew: 552473K->4294K(613440K), 0.0052514 secs] 552864K->4684K(2029056K), 0.0053052 secs] [Times: user=0.00 sys=0.00, real=0.00 secs] 
2020-09-29T13:09:28.426+0200: 14.893: [GC (Allocation Failure) 2020-09-29T13:09:28.426+0200: 14.893: [ParNew: 549638K->90K(613440K), 0.0016380 secs] 550028K->480K(2029056K), 0.0016860 secs] [Times: user=0.05 sys=0.00, real=0.00 secs] 
2020-09-29T13:09:28.503+0200: 14.970: [GC (Allocation Failure) 2020-09-29T13:09:28.503+0200: 14.970: [ParNew: 545434K->11779K(613440K), 0.0108089 secs] 545824K->12169K(2029056K), 0.0108638 secs] [Times: user=0.13 sys=0.00, real=0.01 secs] 
2020-09-29T13:09:28.594+0200: 15.061: [GC (Allocation Failure) 2020-09-29T13:09:28.594+0200: 15.061: [ParNew: 557123K->14801K(613440K), 0.0100383 secs] 557513K->15192K(2029056K), 0.0101059 secs] [Times: user=0.11 sys=0.00, real=0.01 secs] 
2020-09-29T13:09:28.682+0200: 15.149: [GC (Allocation Failure) 2020-09-29T13:09:28.682+0200: 15.149: [ParNew: 560145K->9775K(613440K), 0.0086912 secs] 560536K->10165K(2029056K), 0.0087512 secs] [Times: user=0.00 sys=0.00, real=0.01 secs] 
2020-09-29T13:09:28.767+0200: 15.234: [GC (Allocation Failure) 2020-09-29T13:09:28.767+0200: 15.234: [ParNew: 555119K->8665K(613440K), 0.0077438 secs] 555509K->9055K(2029056K), 0.0077967 secs] [Times: user=0.13 sys=0.00, real=0.01 secs] 
2020-09-29T13:09:28.856+0200: 15.322: [GC (Allocation Failure) 2020-09-29T13:09:28.856+0200: 15.322: [ParNew: 554009K->7224K(613440K), 0.0067075 secs] 554399K->7615K(2029056K), 0.0067612 secs] [Times: user=0.00 sys=0.00, real=0.01 secs] 
2020-09-29T13:09:28.939+0200: 15.405: [GC (Allocation Failure) 2020-09-29T13:09:28.939+0200: 15.406: [ParNew: 552568K->4425K(613440K), 0.0059756 secs] 552959K->4815K(2029056K), 0.0060307 secs] [Times: user=0.13 sys=0.00, real=0.01 secs] 
2020-09-29T13:09:29.021+0200: 15.488: [GC (Allocation Failure) 2020-09-29T13:09:29.021+0200: 15.488: [ParNew: 549769K->222K(613440K), 0.0020398 secs] 550159K->612K(2029056K), 0.0020909 secs] [Times: user=0.00 sys=0.00, real=0.00 secs] 
2020-09-29T13:09:29.101+0200: 15.568: [GC (Allocation Failure) 2020-09-29T13:09:29.101+0200: 15.568: [ParNew: 545566K->12334K(613440K), 0.0109118 secs] 545956K->12724K(2029056K), 0.0109946 secs] [Times: user=0.00 sys=0.00, real=0.01 secs] 
2020-09-29T13:09:29.192+0200: 15.659: [GC (Allocation Failure) 2020-09-29T13:09:29.192+0200: 15.659: [ParNew: 557678K->15462K(613440K), 0.0097865 secs] 558068K->15852K(2029056K), 0.0098425 secs] [Times: user=0.00 sys=0.00, real=0.01 secs] 
2020-09-29T13:09:29.280+0200: 15.747: [GC (Allocation Failure) 2020-09-29T13:09:29.280+0200: 15.747: [ParNew: 560806K->9983K(613440K), 0.0087988 secs] 561196K->10373K(2029056K), 0.0088529 secs] [Times: user=0.13 sys=0.00, real=0.01 secs] 
2020-09-29T13:09:29.369+0200: 15.836: [GC (Allocation Failure) 2020-09-29T13:09:29.369+0200: 15.836: [ParNew: 555327K->8531K(613440K), 0.0077980 secs] 555717K->8922K(2029056K), 0.0078552 secs] [Times: user=0.00 sys=0.00, real=0.01 secs] 
2020-09-29T13:09:29.453+0200: 15.919: [GC (Allocation Failure) 2020-09-29T13:09:29.453+0200: 15.919: [ParNew: 553875K->6829K(613440K), 0.0061997 secs] 554266K->7219K(2029056K), 0.0062559 secs] [Times: user=0.13 sys=0.00, real=0.01 secs] 
2020-09-29T13:09:29.536+0200: 16.003: [GC (Allocation Failure) 2020-09-29T13:09:29.536+0200: 16.003: [ParNew: 552173K->4128K(613440K), 0.0051611 secs] 552563K->4518K(2029056K), 0.0052154 secs] [Times: user=0.00 sys=0.00, real=0.00 secs] 
2020-09-29T13:09:29.623+0200: 16.090: [GC (Allocation Failure) 2020-09-29T13:09:29.623+0200: 16.090: [ParNew: 549472K->72K(613440K), 0.0015175 secs] 549862K->462K(2029056K), 0.0015703 secs] [Times: user=0.00 sys=0.00, real=0.00 secs] 
2020-09-29T13:09:29.704+0200: 16.171: [GC (Allocation Failure) 2020-09-29T13:09:29.704+0200: 16.171: [ParNew: 545416K->12101K(613440K), 0.0108030 secs] 545806K->12491K(2029056K), 0.0108568 secs] [Times: user=0.13 sys=0.00, real=0.01 secs] 
2020-09-29T13:09:29.793+0200: 16.260: [GC (Allocation Failure) 2020-09-29T13:09:29.793+0200: 16.260: [ParNew: 557445K->16171K(613440K), 0.0101808 secs] 557835K->16561K(2029056K), 0.0102673 secs] [Times: user=0.13 sys=0.00, real=0.01 secs] 
2020-09-29T13:09:29.881+0200: 16.348: [GC (Allocation Failure) 2020-09-29T13:09:29.881+0200: 16.348: [ParNew: 561515K->12048K(613440K), 0.0085688 secs] 561905K->12438K(2029056K), 0.0086199 secs] [Times: user=0.00 sys=0.00, real=0.01 secs] 
2020-09-29T13:09:29.968+0200: 16.435: [GC (Allocation Failure) 2020-09-29T13:09:29.968+0200: 16.435: [ParNew: 557392K->8017K(613440K), 0.0076826 secs] 557782K->8407K(2029056K), 0.0077376 secs] [Times: user=0.13 sys=0.00, real=0.01 secs] 
2020-09-29T13:09:30.053+0200: 16.520: [GC (Allocation Failure) 2020-09-29T13:09:30.053+0200: 16.520: [ParNew: 553361K->6734K(613440K), 0.0062190 secs] 553751K->7124K(2029056K), 0.0062756 secs] [Times: user=0.00 sys=0.00, real=0.01 secs] 
2020-09-29T13:09:30.138+0200: 16.605: [GC (Allocation Failure) 2020-09-29T13:09:30.138+0200: 16.605: [ParNew: 550178K->273K(613440K), 0.0014892 secs] 550569K->664K(2029056K), 0.0015456 secs] [Times: user=0.00 sys=0.00, real=0.00 secs] 
2020-09-29T13:09:30.218+0200: 16.684: [GC (Allocation Failure) 2020-09-29T13:09:30.218+0200: 16.684: [ParNew: 545617K->12294K(613440K), 0.0107722 secs] 546008K->12684K(2029056K), 0.0108668 secs] [Times: user=0.13 sys=0.00, real=0.01 secs] 
2020-09-29T13:09:30.322+0200: 16.790: [GC (Allocation Failure) 2020-09-29T13:09:30.322+0200: 16.790: [ParNew: 557638K->16240K(613440K), 0.0119430 secs] 558028K->16630K(2029056K), 0.0120039 secs] [Times: user=0.13 sys=0.00, real=0.01 secs] 
2020-09-29T13:09:30.418+0200: 16.885: [GC (Allocation Failure) 2020-09-29T13:09:30.418+0200: 16.885: [ParNew: 561584K->12063K(613440K), 0.0088754 secs] 561974K->12454K(2029056K), 0.0089264 secs] [Times: user=0.13 sys=0.00, real=0.01 secs] 
2020-09-29T13:09:30.504+0200: 16.971: [GC (Allocation Failure) 2020-09-29T13:09:30.504+0200: 16.971: [ParNew: 557407K->8264K(613440K), 0.0077548 secs] 557798K->8654K(2029056K), 0.0078138 secs] [Times: user=0.00 sys=0.00, real=0.01 secs] 
2020-09-29T13:09:30.592+0200: 17.060: [GC (Allocation Failure) 2020-09-29T13:09:30.592+0200: 17.060: [ParNew: 553608K->6697K(613440K), 0.0085559 secs] 553998K->7087K(2029056K), 0.0086289 secs] [Times: user=0.11 sys=0.00, real=0.01 secs] 
2020-09-29T13:09:30.684+0200: 17.151: [GC (Allocation Failure) 2020-09-29T13:09:30.684+0200: 17.151: [ParNew: 552041K->5828K(613440K), 0.0054761 secs] 552431K->6219K(2029056K), 0.0055307 secs] [Times: user=0.00 sys=0.00, real=0.01 secs] 
2020-09-29T13:09:30.768+0200: 17.235: [GC (Allocation Failure) 2020-09-29T13:09:30.768+0200: 17.235: [ParNew: 551172K->168K(613440K), 0.0016244 secs] 551563K->558K(2029056K), 0.0016776 secs] [Times: user=0.00 sys=0.00, real=0.00 secs] 
2020-09-29T13:09:30.847+0200: 17.314: [GC (Allocation Failure) 2020-09-29T13:09:30.847+0200: 17.314: [ParNew: 545512K->12373K(613440K), 0.0107309 secs] 545902K->12763K(2029056K), 0.0107957 secs] [Times: user=0.13 sys=0.00, real=0.01 secs] 
2020-09-29T13:09:30.934+0200: 17.401: [GC (Allocation Failure) 2020-09-29T13:09:30.934+0200: 17.401: [ParNew: 557717K->16434K(613440K), 0.0096912 secs] 558107K->16824K(2029056K), 0.0097453 secs] [Times: user=0.13 sys=0.00, real=0.01 secs] 
2020-09-29T13:09:31.020+0200: 17.487: [GC (Allocation Failure) 2020-09-29T13:09:31.020+0200: 17.487: [ParNew: 561778K->12126K(613440K), 0.0085040 secs] 562168K->12516K(2029056K), 0.0085601 secs] [Times: user=0.00 sys=0.00, real=0.01 secs] 
2020-09-29T13:09:31.107+0200: 17.575: [GC (Allocation Failure) 2020-09-29T13:09:31.107+0200: 17.575: [ParNew: 557470K->8156K(613440K), 0.0075218 secs] 557860K->8547K(2029056K), 0.0076226 secs] [Times: user=0.13 sys=0.00, real=0.01 secs] 
2020-09-29T13:09:31.190+0200: 17.657: [GC (Allocation Failure) 2020-09-29T13:09:31.190+0200: 17.658: [ParNew: 553500K->7129K(613440K), 0.0066339 secs] 553891K->7520K(2029056K), 0.0066869 secs] [Times: user=0.13 sys=0.00, real=0.01 secs] 
2020-09-29T13:09:31.275+0200: 17.742: [GC (Allocation Failure) 2020-09-29T13:09:31.275+0200: 17.742: [ParNew: 552473K->4294K(613440K), 0.0052074 secs] 552864K->4684K(2029056K), 0.0052615 secs] [Times: user=0.00 sys=0.00, real=0.00 secs] 
2020-09-29T13:09:31.357+0200: 17.824: [GC (Allocation Failure) 2020-09-29T13:09:31.357+0200: 17.824: [ParNew: 549638K->90K(613440K), 0.0014287 secs] 550028K->480K(2029056K), 0.0014815 secs] [Times: user=0.00 sys=0.00, real=0.00 secs] 
2020-09-29T13:09:31.437+0200: 17.904: [GC (Allocation Failure) 2020-09-29T13:09:31.437+0200: 17.904: [ParNew: 545434K->11779K(613440K), 0.0109424 secs] 545824K->12169K(2029056K), 0.0109976 secs] [Times: user=0.13 sys=0.00, real=0.01 secs] 
2020-09-29T13:09:31.526+0200: 17.992: [GC (Allocation Failure) 2020-09-29T13:09:31.526+0200: 17.992: [ParNew: 557123K->15719K(613440K), 0.0099605 secs] 557513K->16109K(2029056K), 0.0100282 secs] [Times: user=0.00 sys=0.00, real=0.01 secs] 
2020-09-29T13:09:31.617+0200: 18.084: [GC (Allocation Failure) 2020-09-29T13:09:31.617+0200: 18.084: [ParNew: 561063K->11610K(613440K), 0.0089822 secs] 561453K->12000K(2029056K), 0.0090437 secs] [Times: user=0.00 sys=0.00, real=0.01 secs] 
2020-09-29T13:09:31.706+0200: 18.172: [GC (Allocation Failure) 2020-09-29T13:09:31.706+0200: 18.172: [ParNew: 556954K->7916K(613440K), 0.0076152 secs] 557344K->8306K(2029056K), 0.0076833 secs] [Times: user=0.13 sys=0.00, real=0.01 secs] 
2020-09-29T13:09:31.795+0200: 18.262: [GC (Allocation Failure) 2020-09-29T13:09:31.795+0200: 18.262: [ParNew: 553260K->7037K(613440K), 0.0067261 secs] 553650K->7427K(2029056K), 0.0067814 secs] [Times: user=0.13 sys=0.00, real=0.01 secs] 
2020-09-29T13:09:31.877+0200: 18.344: [GC (Allocation Failure) 2020-09-29T13:09:31.877+0200: 18.344: [ParNew: 552381K->5533K(613440K), 0.0057173 secs] 552771K->5923K(2029056K), 0.0057716 secs] [Times: user=0.13 sys=0.00, real=0.01 secs] 
2020-09-29T13:09:31.958+0200: 18.425: [GC (Allocation Failure) 2020-09-29T13:09:31.958+0200: 18.425: [ParNew: 550877K->184K(613440K), 0.0016999 secs] 551267K->574K(2029056K), 0.0017520 secs] [Times: user=0.00 sys=0.00, real=0.00 secs] 
2020-09-29T13:09:32.035+0200: 18.502: [GC (Allocation Failure) 2020-09-29T13:09:32.035+0200: 18.502: [ParNew: 545528K->12225K(613440K), 0.0110906 secs] 545918K->12615K(2029056K), 0.0111802 secs] [Times: user=0.13 sys=0.00, real=0.01 secs] 
2020-09-29T13:09:32.124+0200: 18.591: [GC (Allocation Failure) 2020-09-29T13:09:32.124+0200: 18.591: [ParNew: 557569K->15429K(613440K), 0.0098012 secs] 557959K->15819K(2029056K), 0.0098561 secs] [Times: user=0.13 sys=0.00, real=0.01 secs] 
2020-09-29T13:09:32.211+0200: 18.678: [GC (Allocation Failure) 2020-09-29T13:09:32.212+0200: 18.678: [ParNew: 560773K->9978K(613440K), 0.0082267 secs] 561163K->10368K(2029056K), 0.0083195 secs] [Times: user=0.00 sys=0.00, real=0.01 secs] 
2020-09-29T13:09:32.297+0200: 18.764: [GC (Allocation Failure) 2020-09-29T13:09:32.297+0200: 18.764: [ParNew: 555322K->8530K(613440K), 0.0073904 secs] 555712K->8920K(2029056K), 0.0074447 secs] [Times: user=0.13 sys=0.00, real=0.01 secs] 
2020-09-29T13:09:32.384+0200: 18.851: [GC (Allocation Failure) 2020-09-29T13:09:32.384+0200: 18.851: [ParNew: 553874K->6219K(613440K), 0.0062657 secs] 554264K->6609K(2029056K), 0.0063198 secs] [Times: user=0.00 sys=0.00, real=0.01 secs] 
2020-09-29T13:09:32.469+0200: 18.936: [GC (Allocation Failure) 2020-09-29T13:09:32.469+0200: 18.936: [ParNew: 551563K->4128K(613440K), 0.0049634 secs] 551953K->4518K(2029056K), 0.0050160 secs] [Times: user=0.13 sys=0.00, real=0.00 secs] 
2020-09-29T13:09:32.550+0200: 19.017: [GC (Allocation Failure) 2020-09-29T13:09:32.550+0200: 19.017: [ParNew: 549472K->72K(613440K), 0.0024907 secs] 549862K->462K(2029056K), 0.0025422 secs] [Times: user=0.02 sys=0.00, real=0.00 secs] 
2020-09-29T13:09:32.635+0200: 19.102: [GC (Allocation Failure) 2020-09-29T13:09:32.635+0200: 19.102: [ParNew: 545416K->12083K(613440K), 0.0110988 secs] 545806K->12473K(2029056K), 0.0111514 secs] [Times: user=0.13 sys=0.00, real=0.01 secs] 
2020-09-29T13:09:32.724+0200: 19.191: [GC (Allocation Failure) 2020-09-29T13:09:32.724+0200: 19.191: [ParNew: 557427K->16171K(613440K), 0.0098482 secs] 557817K->16561K(2029056K), 0.0099222 secs] [Times: user=0.00 sys=0.00, real=0.01 secs] 
2020-09-29T13:09:32.812+0200: 19.279: [GC (Allocation Failure) 2020-09-29T13:09:32.812+0200: 19.279: [ParNew: 561515K->12048K(613440K), 0.0085076 secs] 561905K->12438K(2029056K), 0.0085620 secs] [Times: user=0.13 sys=0.00, real=0.01 secs] 
2020-09-29T13:09:32.901+0200: 19.367: [GC (Allocation Failure) 2020-09-29T13:09:32.901+0200: 19.367: [ParNew: 557392K->8017K(613440K), 0.0071960 secs] 557782K->8407K(2029056K), 0.0072523 secs] [Times: user=0.00 sys=0.00, real=0.01 secs] 
2020-09-29T13:09:32.986+0200: 19.453: [GC (Allocation Failure) 2020-09-29T13:09:32.986+0200: 19.453: [ParNew: 553361K->6734K(613440K), 0.0061286 secs] 553751K->7124K(2029056K), 0.0061840 secs] [Times: user=0.13 sys=0.00, real=0.01 secs] 
2020-09-29T13:09:33.070+0200: 19.536: [GC (Allocation Failure) 2020-09-29T13:09:33.070+0200: 19.536: [ParNew: 550178K->273K(613440K), 0.0019372 secs] 550569K->664K(2029056K), 0.0019932 secs] [Times: user=0.00 sys=0.00, real=0.00 secs] 
2020-09-29T13:09:33.149+0200: 19.616: [GC (Allocation Failure) 2020-09-29T13:09:33.149+0200: 19.616: [ParNew: 545617K->12225K(613440K), 0.0106356 secs] 546008K->12616K(2029056K), 0.0106928 secs] [Times: user=0.00 sys=0.00, real=0.01 secs] 
2020-09-29T13:09:33.238+0200: 19.704: [GC (Allocation Failure) 2020-09-29T13:09:33.238+0200: 19.704: [ParNew: 557569K->16240K(613440K), 0.0098027 secs] 557960K->16630K(2029056K), 0.0098774 secs] [Times: user=0.08 sys=0.02, real=0.01 secs] 
2020-09-29T13:09:33.325+0200: 19.791: [GC (Allocation Failure) 2020-09-29T13:09:33.325+0200: 19.791: [ParNew: 561584K->12063K(613440K), 0.0090369 secs] 561974K->12454K(2029056K), 0.0090916 secs] [Times: user=0.11 sys=0.00, real=0.01 secs] 
2020-09-29T13:09:33.418+0200: 19.885: [GC (Allocation Failure) 2020-09-29T13:09:33.418+0200: 19.885: [ParNew: 557407K->8264K(613440K), 0.0078312 secs] 557798K->8654K(2029056K), 0.0078874 secs] [Times: user=0.13 sys=0.00, real=0.01 secs] 
2020-09-29T13:09:33.505+0200: 19.972: [GC (Allocation Failure) 2020-09-29T13:09:33.505+0200: 19.972: [ParNew: 553608K->7375K(613440K), 0.0066081 secs] 553998K->7765K(2029056K), 0.0067227 secs] [Times: user=0.00 sys=0.00, real=0.01 secs] 
2020-09-29T13:09:33.590+0200: 20.057: [GC (Allocation Failure) 2020-09-29T13:09:33.590+0200: 20.057: [ParNew: 552719K->5828K(613440K), 0.0063479 secs] 553109K->6219K(2029056K), 0.0064066 secs] [Times: user=0.00 sys=0.00, real=0.01 secs] 
2020-09-29T13:09:33.676+0200: 20.143: [GC (Allocation Failure) 2020-09-29T13:09:33.676+0200: 20.143: [ParNew: 551172K->168K(613440K), 0.0017937 secs] 551563K->558K(2029056K), 0.0018455 secs] [Times: user=0.00 sys=0.00, real=0.00 secs] 
2020-09-29T13:09:33.754+0200: 20.221: [GC (Allocation Failure) 2020-09-29T13:09:33.754+0200: 20.221: [ParNew: 545512K->12289K(613440K), 0.0107906 secs] 545902K->12679K(2029056K), 0.0108608 secs] [Times: user=0.00 sys=0.00, real=0.01 secs] 
2020-09-29T13:09:33.847+0200: 20.314: [GC (Allocation Failure) 2020-09-29T13:09:33.847+0200: 20.314: [ParNew: 557633K->16434K(613440K), 0.0111547 secs] 558023K->16824K(2029056K), 0.0112078 secs] [Times: user=0.13 sys=0.00, real=0.01 secs] 
2020-09-29T13:09:33.951+0200: 20.417: [GC (Allocation Failure) 2020-09-29T13:09:33.951+0200: 20.417: [ParNew: 561778K->12126K(613440K), 0.0088956 secs] 562168K->12516K(2029056K), 0.0089496 secs] [Times: user=0.13 sys=0.00, real=0.01 secs] 
2020-09-29T13:09:34.036+0200: 20.503: [GC (Allocation Failure) 2020-09-29T13:09:34.036+0200: 20.503: [ParNew: 557470K->8156K(613440K), 0.0077611 secs] 557860K->8547K(2029056K), 0.0078168 secs] [Times: user=0.00 sys=0.00, real=0.01 secs] 
2020-09-29T13:09:34.122+0200: 20.590: [GC (Allocation Failure) 2020-09-29T13:09:34.122+0200: 20.590: [ParNew: 553500K->7129K(613440K), 0.0074744 secs] 553891K->7520K(2029056K), 0.0075289 secs] [Times: user=0.13 sys=0.00, real=0.01 secs] 
2020-09-29T13:09:34.207+0200: 20.675: [GC (Allocation Failure) 2020-09-29T13:09:34.207+0200: 20.675: [ParNew: 552473K->4002K(613440K), 0.0053143 secs] 552864K->4392K(2029056K), 0.0053600 secs] [Times: user=0.00 sys=0.00, real=0.01 secs] 
2020-09-29T13:09:34.295+0200: 20.761: [GC (Allocation Failure) 2020-09-29T13:09:34.295+0200: 20.761: [ParNew: 549346K->90K(613440K), 0.0017043 secs] 549736K->480K(2029056K), 0.0017556 secs] [Times: user=0.00 sys=0.00, real=0.00 secs] 
2020-09-29T13:09:34.374+0200: 20.840: [GC (Allocation Failure) 2020-09-29T13:09:34.374+0200: 20.840: [ParNew: 545434K->11779K(613440K), 0.0107663 secs] 545824K->12169K(2029056K), 0.0108401 secs] [Times: user=0.13 sys=0.00, real=0.01 secs] 
2020-09-29T13:09:34.463+0200: 20.930: [GC (Allocation Failure) 2020-09-29T13:09:34.463+0200: 20.930: [ParNew: 557123K->14801K(613440K), 0.0101330 secs] 557513K->15192K(2029056K), 0.0101896 secs] [Times: user=0.11 sys=0.00, real=0.01 secs] 
2020-09-29T13:09:34.556+0200: 21.023: [GC (Allocation Failure) 2020-09-29T13:09:34.556+0200: 21.023: [ParNew: 560145K->10752K(613440K), 0.0095563 secs] 560536K->11143K(2029056K), 0.0096364 secs] [Times: user=0.00 sys=0.00, real=0.01 secs] 
2020-09-29T13:09:34.644+0200: 21.111: [GC (Allocation Failure) 2020-09-29T13:09:34.644+0200: 21.111: [ParNew: 556096K->8665K(613440K), 0.0078473 secs] 556487K->9055K(2029056K), 0.0079555 secs] [Times: user=0.13 sys=0.00, real=0.01 secs] 
2020-09-29T13:09:34.732+0200: 21.199: [GC (Allocation Failure) 2020-09-29T13:09:34.732+0200: 21.199: [ParNew: 554009K->7224K(613440K), 0.0064204 secs] 554399K->7615K(2029056K), 0.0064768 secs] [Times: user=0.13 sys=0.00, real=0.01 secs] 
2020-09-29T13:09:34.816+0200: 21.283: [GC (Allocation Failure) 2020-09-29T13:09:34.816+0200: 21.283: [ParNew: 552568K->4425K(613440K), 0.0058345 secs] 552959K->4815K(2029056K), 0.0058897 secs] [Times: user=0.13 sys=0.00, real=0.01 secs] 
2020-09-29T13:09:34.900+0200: 21.367: [GC (Allocation Failure) 2020-09-29T13:09:34.900+0200: 21.367: [ParNew: 549769K->222K(613440K), 0.0016780 secs] 550159K->612K(2029056K), 0.0017305 secs] [Times: user=0.00 sys=0.00, real=0.00 secs] 
2020-09-29T13:09:34.982+0200: 21.449: [GC (Allocation Failure) 2020-09-29T13:09:34.982+0200: 21.449: [ParNew: 545566K->12334K(613440K), 0.0108839 secs] 545956K->12724K(2029056K), 0.0109380 secs] [Times: user=0.13 sys=0.00, real=0.01 secs] 
2020-09-29T13:09:35.072+0200: 21.539: [GC (Allocation Failure) 2020-09-29T13:09:35.072+0200: 21.539: [ParNew: 557678K->15462K(613440K), 0.0095436 secs] 558068K->15852K(2029056K), 0.0095990 secs] [Times: user=0.00 sys=0.00, real=0.01 secs] 
2020-09-29T13:09:35.159+0200: 21.626: [GC (Allocation Failure) 2020-09-29T13:09:35.159+0200: 21.626: [ParNew: 560806K->9983K(613440K), 0.0083401 secs] 561196K->10373K(2029056K), 0.0084000 secs] [Times: user=0.13 sys=0.00, real=0.01 secs] 
2020-09-29T13:09:35.245+0200: 21.713: [GC (Allocation Failure) 2020-09-29T13:09:35.245+0200: 21.713: [ParNew: 555327K->8531K(613440K), 0.0073822 secs] 555717K->8922K(2029056K), 0.0074368 secs] [Times: user=0.00 sys=0.00, real=0.01 secs] 
2020-09-29T13:09:35.330+0200: 21.797: [GC (Allocation Failure) 2020-09-29T13:09:35.330+0200: 21.797: [ParNew: 553875K->6829K(613440K), 0.0063555 secs] 554266K->7219K(2029056K), 0.0064085 secs] [Times: user=0.13 sys=0.00, real=0.01 secs] 
2020-09-29T13:09:35.415+0200: 21.882: [GC (Allocation Failure) 2020-09-29T13:09:35.415+0200: 21.882: [ParNew: 552173K->4128K(613440K), 0.0049487 secs] 552563K->4518K(2029056K), 0.0050023 secs] [Times: user=0.00 sys=0.00, real=0.01 secs] 
2020-09-29T13:09:35.496+0200: 21.964: [GC (Allocation Failure) 2020-09-29T13:09:35.496+0200: 21.964: [ParNew: 549472K->72K(613440K), 0.0018186 secs] 549862K->462K(2029056K), 0.0018686 secs] [Times: user=0.00 sys=0.00, real=0.00 secs] 
2020-09-29T13:09:35.582+0200: 22.049: [GC (Allocation Failure) 2020-09-29T13:09:35.582+0200: 22.049: [ParNew: 545416K->12101K(613440K), 0.0110511 secs] 545806K->12491K(2029056K), 0.0111373 secs] [Times: user=0.00 sys=0.00, real=0.01 secs] 
Heap
 par new generation   total 613440K, used 546010K [0x0000000080000000, 0x00000000a9990000, 0x00000000a9990000)
  eden space 545344K,  97% used [0x0000000080000000, 0x00000000a0965330, 0x00000000a1490000)
  from space 68096K,  17% used [0x00000000a1490000, 0x00000000a2061710, 0x00000000a5710000)
  to   space 68096K,   0% used [0x00000000a5710000, 0x00000000a5710000, 0x00000000a9990000)
 concurrent mark-sweep generation total 1415616K, used 390K [0x00000000a9990000, 0x0000000100000000, 0x0000000100000000)
 Metaspace       used 2594K, capacity 4486K, committed 4864K, reserved 1056768K
  class space    used 285K, capacity 386K, committed 512K, reserved 1048576K
