Java HotSpot(TM) 64-Bit Server VM (25.261-b12) for windows-amd64 JRE (1.8.0_261-b12), built on Jun 18 2020 06:56:32 by "" with unknown MS VC++:1916
Memory: 4k page, physical 16659684k(8808140k free), swap 23213284k(7867804k free)
CommandLine flags: -XX:InitialHeapSize=2147483648 -XX:MaxHeapSize=2147483648 -XX:MaxNewSize=697933824 -XX:MaxTenuringThreshold=6 -XX:NewSize=697933824 -XX:OldPLABSize=16 -XX:OldSize=1395867648 -XX:+PrintGC -XX:+PrintGCDateStamps -XX:+PrintGCDetails -XX:+PrintGCTimeStamps -XX:+UseCompressedClassPointers -XX:+UseCompressedOops -XX:+UseConcMarkSweepGC -XX:-UseLargePagesIndividualAllocation -XX:+UseParNewGC 
2020-09-29T13:04:19.810+0200: 0.457: [GC (Allocation Failure) 2020-09-29T13:04:19.810+0200: 0.457: [ParNew: 545344K->4405K(613440K), 0.0166380 secs] 545344K->4405K(2029056K), 0.0167613 secs] [Times: user=0.00 sys=0.00, real=0.02 secs] 
2020-09-29T13:04:19.919+0200: 0.567: [GC (Allocation Failure) 2020-09-29T13:04:19.919+0200: 0.567: [ParNew: 549749K->4589K(613440K), 0.0059445 secs] 549749K->4589K(2029056K), 0.0059986 secs] [Times: user=0.00 sys=0.00, real=0.01 secs] 
2020-09-29T13:04:20.006+0200: 0.653: [GC (Allocation Failure) 2020-09-29T13:04:20.006+0200: 0.653: [ParNew: 549933K->1067K(613440K), 0.0021098 secs] 549933K->1067K(2029056K), 0.0021630 secs] [Times: user=0.00 sys=0.00, real=0.00 secs] 
2020-09-29T13:04:20.096+0200: 0.743: [GC (Allocation Failure) 2020-09-29T13:04:20.096+0200: 0.743: [ParNew: 546411K->12654K(613440K), 0.0136029 secs] 546411K->12654K(2029056K), 0.0136637 secs] [Times: user=0.09 sys=0.01, real=0.01 secs] 
2020-09-29T13:04:20.202+0200: 0.849: [GC (Allocation Failure) 2020-09-29T13:04:20.202+0200: 0.849: [ParNew: 557998K->16818K(613440K), 0.0131540 secs] 557998K->16818K(2029056K), 0.0132309 secs] [Times: user=0.08 sys=0.03, real=0.01 secs] 
2020-09-29T13:04:20.298+0200: 0.945: [GC (Allocation Failure) 2020-09-29T13:04:20.298+0200: 0.945: [ParNew: 562162K->10670K(613440K), 0.0084902 secs] 562162K->10670K(2029056K), 0.0085460 secs] [Times: user=0.13 sys=0.00, real=0.01 secs] 
2020-09-29T13:04:20.388+0200: 1.034: [GC (Allocation Failure) 2020-09-29T13:04:20.388+0200: 1.034: [ParNew: 556014K->9593K(613440K), 0.0084851 secs] 556014K->9983K(2029056K), 0.0085406 secs] [Times: user=0.13 sys=0.00, real=0.01 secs] 
2020-09-29T13:04:20.474+0200: 1.121: [GC (Allocation Failure) 2020-09-29T13:04:20.474+0200: 1.121: [ParNew: 554937K->7664K(613440K), 0.0068647 secs] 555327K->8054K(2029056K), 0.0069192 secs] [Times: user=0.00 sys=0.00, real=0.01 secs] 
2020-09-29T13:04:20.557+0200: 1.204: [GC (Allocation Failure) 2020-09-29T13:04:20.557+0200: 1.204: [ParNew: 553008K->4628K(613440K), 0.0058048 secs] 553398K->5018K(2029056K), 0.0058587 secs] [Times: user=0.00 sys=0.00, real=0.01 secs] 
2020-09-29T13:04:20.642+0200: 1.289: [GC (Allocation Failure) 2020-09-29T13:04:20.642+0200: 1.289: [ParNew: 549972K->147K(613440K), 0.0016852 secs] 550362K->537K(2029056K), 0.0017397 secs] [Times: user=0.00 sys=0.00, real=0.00 secs] 
2020-09-29T13:04:20.725+0200: 1.372: [GC (Allocation Failure) 2020-09-29T13:04:20.725+0200: 1.372: [ParNew: 545491K->12262K(613440K), 0.0102314 secs] 545881K->12653K(2029056K), 0.0103469 secs] [Times: user=0.00 sys=0.00, real=0.01 secs] 
2020-09-29T13:04:20.815+0200: 1.462: [GC (Allocation Failure) 2020-09-29T13:04:20.815+0200: 1.462: [ParNew: 557606K->17290K(613440K), 0.0094019 secs] 557997K->17680K(2029056K), 0.0094767 secs] [Times: user=0.13 sys=0.00, real=0.01 secs] 
2020-09-29T13:04:20.908+0200: 1.555: [GC (Allocation Failure) 2020-09-29T13:04:20.908+0200: 1.555: [ParNew: 562634K->12231K(613440K), 0.0086003 secs] 563024K->12621K(2029056K), 0.0086554 secs] [Times: user=0.13 sys=0.00, real=0.01 secs] 
2020-09-29T13:04:20.996+0200: 1.642: [GC (Allocation Failure) 2020-09-29T13:04:20.996+0200: 1.642: [ParNew: 557575K->8411K(613440K), 0.0074647 secs] 557965K->8801K(2029056K), 0.0075250 secs] [Times: user=0.00 sys=0.00, real=0.01 secs] 
2020-09-29T13:04:21.080+0200: 1.727: [GC (Allocation Failure) 2020-09-29T13:04:21.080+0200: 1.727: [ParNew: 553755K->7464K(613440K), 0.0065996 secs] 554145K->7854K(2029056K), 0.0067284 secs] [Times: user=0.13 sys=0.00, real=0.01 secs] 
2020-09-29T13:04:21.166+0200: 1.813: [GC (Allocation Failure) 2020-09-29T13:04:21.166+0200: 1.813: [ParNew: 552808K->5985K(613440K), 0.0058141 secs] 553198K->6376K(2029056K), 0.0058710 secs] [Times: user=0.00 sys=0.00, real=0.01 secs] 
2020-09-29T13:04:21.250+0200: 1.897: [GC (Allocation Failure) 2020-09-29T13:04:21.250+0200: 1.897: [ParNew: 550697K->220K(613440K), 0.0014060 secs] 551088K->610K(2029056K), 0.0014811 secs] [Times: user=0.00 sys=0.00, real=0.00 secs] 
2020-09-29T13:04:21.329+0200: 1.975: [GC (Allocation Failure) 2020-09-29T13:04:21.329+0200: 1.975: [ParNew: 545564K->12074K(613440K), 0.0099867 secs] 545954K->12464K(2029056K), 0.0185941 secs] [Times: user=0.13 sys=0.00, real=0.02 secs] 
2020-09-29T13:04:21.439+0200: 2.086: [GC (Allocation Failure) 2020-09-29T13:04:21.439+0200: 2.086: [ParNew: 557418K->15987K(613440K), 0.0095444 secs] 557808K->16377K(2029056K), 0.0095988 secs] [Times: user=0.13 sys=0.00, real=0.01 secs] 
2020-09-29T13:04:21.531+0200: 2.178: [GC (Allocation Failure) 2020-09-29T13:04:21.531+0200: 2.178: [ParNew: 561331K->11920K(613440K), 0.0089333 secs] 561721K->12310K(2029056K), 0.0089931 secs] [Times: user=0.13 sys=0.00, real=0.01 secs] 
2020-09-29T13:04:21.624+0200: 2.271: [GC (Allocation Failure) 2020-09-29T13:04:21.624+0200: 2.271: [ParNew: 557264K->8094K(613440K), 0.0079130 secs] 557654K->8484K(2029056K), 0.0079704 secs] [Times: user=0.13 sys=0.00, real=0.01 secs] 
2020-09-29T13:04:21.713+0200: 2.359: [GC (Allocation Failure) 2020-09-29T13:04:21.713+0200: 2.359: [ParNew: 553438K->7105K(613440K), 0.0064231 secs] 553828K->7495K(2029056K), 0.0064775 secs] [Times: user=0.00 sys=0.00, real=0.00 secs] 
2020-09-29T13:04:21.797+0200: 2.443: [GC (Allocation Failure) 2020-09-29T13:04:21.797+0200: 2.443: [ParNew: 552449K->5596K(613440K), 0.0052999 secs] 552839K->5987K(2029056K), 0.0053540 secs] [Times: user=0.13 sys=0.00, real=0.00 secs] 
2020-09-29T13:04:21.881+0200: 2.528: [GC (Allocation Failure) 2020-09-29T13:04:21.881+0200: 2.528: [ParNew: 550940K->151K(613440K), 0.0017952 secs] 551331K->541K(2029056K), 0.0018467 secs] [Times: user=0.00 sys=0.00, real=0.00 secs] 
2020-09-29T13:04:21.962+0200: 2.609: [GC (Allocation Failure) 2020-09-29T13:04:21.963+0200: 2.609: [ParNew: 545495K->12255K(613440K), 0.0103265 secs] 545885K->12645K(2029056K), 0.0103937 secs] [Times: user=0.00 sys=0.00, real=0.01 secs] 
2020-09-29T13:04:22.053+0200: 2.700: [GC (Allocation Failure) 2020-09-29T13:04:22.053+0200: 2.700: [ParNew: 557599K->17295K(613440K), 0.0095589 secs] 557989K->17685K(2029056K), 0.0096135 secs] [Times: user=0.00 sys=0.00, real=0.01 secs] 
2020-09-29T13:04:22.138+0200: 2.785: [GC (Allocation Failure) 2020-09-29T13:04:22.138+0200: 2.785: [ParNew: 562639K->12228K(613440K), 0.0088084 secs] 563029K->12618K(2029056K), 0.0088643 secs] [Times: user=0.13 sys=0.00, real=0.01 secs] 
2020-09-29T13:04:22.225+0200: 2.872: [GC (Allocation Failure) 2020-09-29T13:04:22.225+0200: 2.872: [ParNew: 557572K->8526K(613440K), 0.0076057 secs] 557962K->8916K(2029056K), 0.0076612 secs] [Times: user=0.00 sys=0.00, real=0.01 secs] 
2020-09-29T13:04:22.310+0200: 2.957: [GC (Allocation Failure) 2020-09-29T13:04:22.310+0200: 2.957: [ParNew: 553870K->7605K(613440K), 0.0063821 secs] 554260K->7995K(2029056K), 0.0064578 secs] [Times: user=0.00 sys=0.00, real=0.01 secs] 
2020-09-29T13:04:22.395+0200: 3.042: [GC (Allocation Failure) 2020-09-29T13:04:22.395+0200: 3.042: [ParNew: 552949K->4556K(613440K), 0.0051780 secs] 553339K->4946K(2029056K), 0.0052336 secs] [Times: user=0.13 sys=0.00, real=0.01 secs] 
2020-09-29T13:04:22.479+0200: 3.126: [GC (Allocation Failure) 2020-09-29T13:04:22.479+0200: 3.126: [ParNew: 549900K->138K(613440K), 0.0022629 secs] 550290K->529K(2029056K), 0.0023152 secs] [Times: user=0.00 sys=0.00, real=0.00 secs] 
2020-09-29T13:04:22.561+0200: 3.208: [GC (Allocation Failure) 2020-09-29T13:04:22.561+0200: 3.208: [ParNew: 545482K->12167K(613440K), 0.0106090 secs] 545873K->12557K(2029056K), 0.0106639 secs] [Times: user=0.11 sys=0.00, real=0.01 secs] 
2020-09-29T13:04:22.674+0200: 3.321: [GC (Allocation Failure) 2020-09-29T13:04:22.674+0200: 3.321: [ParNew: 557511K->16341K(613440K), 0.0107040 secs] 557901K->16731K(2029056K), 0.0107767 secs] [Times: user=0.11 sys=0.00, real=0.01 secs] 
2020-09-29T13:04:22.761+0200: 3.408: [GC (Allocation Failure) 2020-09-29T13:04:22.761+0200: 3.408: [ParNew: 561685K->12230K(613440K), 0.0085235 secs] 562075K->12620K(2029056K), 0.0085827 secs] [Times: user=0.02 sys=0.00, real=0.01 secs] 
2020-09-29T13:04:22.854+0200: 3.501: [GC (Allocation Failure) 2020-09-29T13:04:22.854+0200: 3.501: [ParNew: 557574K->8405K(613440K), 0.0078989 secs] 557964K->8796K(2029056K), 0.0079659 secs] [Times: user=0.00 sys=0.00, real=0.01 secs] 
2020-09-29T13:04:22.945+0200: 3.592: [GC (Allocation Failure) 2020-09-29T13:04:22.945+0200: 3.592: [ParNew: 553749K->7436K(613440K), 0.0065186 secs] 554140K->7826K(2029056K), 0.0065721 secs] [Times: user=0.00 sys=0.00, real=0.01 secs] 
2020-09-29T13:04:23.031+0200: 3.678: [GC (Allocation Failure) 2020-09-29T13:04:23.031+0200: 3.678: [ParNew: 552780K->4531K(613440K), 0.0055704 secs] 553170K->4922K(2029056K), 0.0056458 secs] [Times: user=0.13 sys=0.00, real=0.01 secs] 
2020-09-29T13:04:23.115+0200: 3.762: [GC (Allocation Failure) 2020-09-29T13:04:23.115+0200: 3.762: [ParNew: 549875K->136K(613440K), 0.0018695 secs] 550266K->526K(2029056K), 0.0019189 secs] [Times: user=0.00 sys=0.00, real=0.00 secs] 
2020-09-29T13:04:23.195+0200: 3.842: [GC (Allocation Failure) 2020-09-29T13:04:23.195+0200: 3.842: [ParNew: 545480K->12196K(613440K), 0.0102355 secs] 545870K->12586K(2029056K), 0.0102888 secs] [Times: user=0.00 sys=0.00, real=0.01 secs] 
2020-09-29T13:04:23.283+0200: 3.930: [GC (Allocation Failure) 2020-09-29T13:04:23.283+0200: 3.930: [ParNew: 557540K->17303K(613440K), 0.0090878 secs] 557930K->17693K(2029056K), 0.0091430 secs] [Times: user=0.13 sys=0.00, real=0.01 secs] 
2020-09-29T13:04:23.370+0200: 4.018: [GC (Allocation Failure) 2020-09-29T13:04:23.370+0200: 4.018: [ParNew: 562647K->11890K(613440K), 0.0080979 secs] 563037K->12280K(2029056K), 0.0081478 secs] [Times: user=0.00 sys=0.00, real=0.01 secs] 
2020-09-29T13:04:23.457+0200: 4.104: [GC (Allocation Failure) 2020-09-29T13:04:23.457+0200: 4.104: [ParNew: 557234K->7765K(613440K), 0.0069555 secs] 557624K->8155K(2029056K), 0.0070096 secs] [Times: user=0.13 sys=0.00, real=0.01 secs] 
2020-09-29T13:04:23.544+0200: 4.191: [GC (Allocation Failure) 2020-09-29T13:04:23.544+0200: 4.191: [ParNew: 553109K->6636K(613440K), 0.0060797 secs] 553499K->7027K(2029056K), 0.0061340 secs] [Times: user=0.00 sys=0.00, real=0.01 secs] 
2020-09-29T13:04:23.627+0200: 4.274: [GC (Allocation Failure) 2020-09-29T13:04:23.627+0200: 4.274: [ParNew: 551980K->4080K(613440K), 0.0049002 secs] 552371K->4470K(2029056K), 0.0049548 secs] [Times: user=0.13 sys=0.00, real=0.00 secs] 
2020-09-29T13:04:23.713+0200: 4.360: [GC (Allocation Failure) 2020-09-29T13:04:23.713+0200: 4.360: [ParNew: 549424K->71K(613440K), 0.0014490 secs] 549814K->461K(2029056K), 0.0015004 secs] [Times: user=0.00 sys=0.00, real=0.00 secs] 
2020-09-29T13:04:23.794+0200: 4.441: [GC (Allocation Failure) 2020-09-29T13:04:23.794+0200: 4.441: [ParNew: 545415K->12101K(613440K), 0.0101245 secs] 545805K->12492K(2029056K), 0.0101813 secs] [Times: user=0.13 sys=0.00, real=0.01 secs] 
2020-09-29T13:04:23.882+0200: 4.529: [GC (Allocation Failure) 2020-09-29T13:04:23.882+0200: 4.529: [ParNew: 557445K->17116K(613440K), 0.0093559 secs] 557836K->17506K(2029056K), 0.0094318 secs] [Times: user=0.00 sys=0.00, real=0.01 secs] 
2020-09-29T13:04:23.971+0200: 4.618: [GC (Allocation Failure) 2020-09-29T13:04:23.971+0200: 4.618: [ParNew: 562460K->12047K(613440K), 0.0084603 secs] 562850K->12437K(2029056K), 0.0085143 secs] [Times: user=0.13 sys=0.00, real=0.01 secs] 
2020-09-29T13:04:24.060+0200: 4.707: [GC (Allocation Failure) 2020-09-29T13:04:24.060+0200: 4.707: [ParNew: 557391K->8016K(613440K), 0.0068051 secs] 557781K->8406K(2029056K), 0.0150952 secs] [Times: user=0.13 sys=0.00, real=0.02 secs] 
2020-09-29T13:04:24.161+0200: 4.808: [GC (Allocation Failure) 2020-09-29T13:04:24.161+0200: 4.808: [ParNew: 553360K->6733K(613440K), 0.0060085 secs] 553750K->7123K(2029056K), 0.0060895 secs] [Times: user=0.00 sys=0.00, real=0.01 secs] 
2020-09-29T13:04:24.244+0200: 4.891: [GC (Allocation Failure) 2020-09-29T13:04:24.244+0200: 4.891: [ParNew: 550178K->273K(613440K), 0.0017111 secs] 550569K->664K(2029056K), 0.0017620 secs] [Times: user=0.00 sys=0.00, real=0.00 secs] 
2020-09-29T13:04:24.321+0200: 4.968: [GC (Allocation Failure) 2020-09-29T13:04:24.321+0200: 4.968: [ParNew: 545617K->12225K(613440K), 0.0100179 secs] 546008K->12616K(2029056K), 0.0100930 secs] [Times: user=0.00 sys=0.00, real=0.01 secs] 
2020-09-29T13:04:24.408+0200: 5.055: [GC (Allocation Failure) 2020-09-29T13:04:24.408+0200: 5.055: [ParNew: 557569K->17193K(613440K), 0.0090473 secs] 557960K->17583K(2029056K), 0.0091009 secs] [Times: user=0.13 sys=0.00, real=0.01 secs] 
2020-09-29T13:04:24.495+0200: 5.141: [GC (Allocation Failure) 2020-09-29T13:04:24.495+0200: 5.142: [ParNew: 562537K->12063K(613440K), 0.0083178 secs] 562927K->12454K(2029056K), 0.0083960 secs] [Times: user=0.00 sys=0.00, real=0.01 secs] 
2020-09-29T13:04:24.581+0200: 5.228: [GC (Allocation Failure) 2020-09-29T13:04:24.581+0200: 5.228: [ParNew: 557407K->7475K(613440K), 0.0076359 secs] 557798K->7865K(2029056K), 0.0077091 secs] [Times: user=0.11 sys=0.02, real=0.01 secs] 
2020-09-29T13:04:24.671+0200: 5.318: [GC (Allocation Failure) 2020-09-29T13:04:24.671+0200: 5.318: [ParNew: 552819K->7375K(613440K), 0.0064590 secs] 553209K->7765K(2029056K), 0.0065152 secs] [Times: user=0.13 sys=0.00, real=0.01 secs] 
2020-09-29T13:04:24.753+0200: 5.400: [GC (Allocation Failure) 2020-09-29T13:04:24.753+0200: 5.400: [ParNew: 552719K->5828K(613440K), 0.0054485 secs] 553109K->6219K(2029056K), 0.0055036 secs] [Times: user=0.13 sys=0.00, real=0.01 secs] 
2020-09-29T13:04:24.837+0200: 5.484: [GC (Allocation Failure) 2020-09-29T13:04:24.837+0200: 5.484: [ParNew: 551172K->168K(613440K), 0.0016292 secs] 551563K->558K(2029056K), 0.0016807 secs] [Times: user=0.00 sys=0.00, real=0.00 secs] 
2020-09-29T13:04:24.917+0200: 5.564: [GC (Allocation Failure) 2020-09-29T13:04:24.917+0200: 5.564: [ParNew: 545512K->12289K(613440K), 0.0105871 secs] 545902K->12679K(2029056K), 0.0106409 secs] [Times: user=0.13 sys=0.00, real=0.01 secs] 
2020-09-29T13:04:25.008+0200: 5.655: [GC (Allocation Failure) 2020-09-29T13:04:25.008+0200: 5.655: [ParNew: 557633K->17399K(613440K), 0.0092674 secs] 558023K->17789K(2029056K), 0.0093226 secs] [Times: user=0.00 sys=0.00, real=0.01 secs] 
2020-09-29T13:04:25.094+0200: 5.742: [GC (Allocation Failure) 2020-09-29T13:04:25.094+0200: 5.742: [ParNew: 562743K->12126K(613440K), 0.0082158 secs] 563133K->12516K(2029056K), 0.0082710 secs] [Times: user=0.13 sys=0.00, real=0.01 secs] 
2020-09-29T13:04:25.180+0200: 5.827: [GC (Allocation Failure) 2020-09-29T13:04:25.180+0200: 5.827: [ParNew: 557470K->8156K(613440K), 0.0073500 secs] 557860K->8547K(2029056K), 0.0074496 secs] [Times: user=0.00 sys=0.00, real=0.01 secs] 
2020-09-29T13:04:25.265+0200: 5.912: [GC (Allocation Failure) 2020-09-29T13:04:25.265+0200: 5.912: [ParNew: 553500K->7129K(613440K), 0.0063433 secs] 553891K->7520K(2029056K), 0.0064035 secs] [Times: user=0.13 sys=0.00, real=0.01 secs] 
2020-09-29T13:04:25.350+0200: 5.997: [GC (Allocation Failure) 2020-09-29T13:04:25.350+0200: 5.997: [ParNew: 552473K->4294K(613440K), 0.0049323 secs] 552864K->4684K(2029056K), 0.0049862 secs] [Times: user=0.00 sys=0.00, real=0.01 secs] 
2020-09-29T13:04:25.433+0200: 6.080: [GC (Allocation Failure) 2020-09-29T13:04:25.433+0200: 6.080: [ParNew: 549638K->90K(613440K), 0.0015235 secs] 550028K->480K(2029056K), 0.0015721 secs] [Times: user=0.00 sys=0.00, real=0.00 secs] 
2020-09-29T13:04:25.512+0200: 6.160: [GC (Allocation Failure) 2020-09-29T13:04:25.512+0200: 6.160: [ParNew: 545434K->11801K(613440K), 0.0104713 secs] 545824K->12192K(2029056K), 0.0105319 secs] [Times: user=0.13 sys=0.00, real=0.01 secs] 
2020-09-29T13:04:25.602+0200: 6.250: [GC (Allocation Failure) 2020-09-29T13:04:25.602+0200: 6.250: [ParNew: 557145K->16637K(613440K), 0.0093308 secs] 557536K->17027K(2029056K), 0.0093895 secs] [Times: user=0.00 sys=0.00, real=0.01 secs] 
2020-09-29T13:04:25.691+0200: 6.338: [GC (Allocation Failure) 2020-09-29T13:04:25.691+0200: 6.338: [ParNew: 561981K->11610K(613440K), 0.0082223 secs] 562371K->12000K(2029056K), 0.0082801 secs] [Times: user=0.13 sys=0.00, real=0.01 secs] 
2020-09-29T13:04:25.777+0200: 6.424: [GC (Allocation Failure) 2020-09-29T13:04:25.777+0200: 6.424: [ParNew: 556954K->7916K(613440K), 0.0072352 secs] 557344K->8306K(2029056K), 0.0072962 secs] [Times: user=0.00 sys=0.00, real=0.01 secs] 
2020-09-29T13:04:25.867+0200: 6.515: [GC (Allocation Failure) 2020-09-29T13:04:25.867+0200: 6.515: [ParNew: 553260K->7037K(613440K), 0.0066073 secs] 553650K->7427K(2029056K), 0.0066623 secs] [Times: user=0.00 sys=0.00, real=0.01 secs] 
2020-09-29T13:04:25.955+0200: 6.603: [GC (Allocation Failure) 2020-09-29T13:04:25.955+0200: 6.603: [ParNew: 552381K->5533K(613440K), 0.0055235 secs] 552771K->5923K(2029056K), 0.0055786 secs] [Times: user=0.13 sys=0.00, real=0.01 secs] 
2020-09-29T13:04:26.040+0200: 6.687: [GC (Allocation Failure) 2020-09-29T13:04:26.040+0200: 6.687: [ParNew: 550877K->184K(613440K), 0.0016428 secs] 551267K->574K(2029056K), 0.0016962 secs] [Times: user=0.00 sys=0.00, real=0.00 secs] 
2020-09-29T13:04:26.118+0200: 6.766: [GC (Allocation Failure) 2020-09-29T13:04:26.118+0200: 6.766: [ParNew: 545528K->12317K(613440K), 0.0101521 secs] 545918K->12707K(2029056K), 0.0102075 secs] [Times: user=0.00 sys=0.00, real=0.01 secs] 
2020-09-29T13:04:26.206+0200: 6.853: [GC (Allocation Failure) 2020-09-29T13:04:26.206+0200: 6.853: [ParNew: 557661K->17354K(613440K), 0.0088350 secs] 558051K->17744K(2029056K), 0.0089237 secs] [Times: user=0.13 sys=0.00, real=0.01 secs] 
2020-09-29T13:04:26.293+0200: 6.940: [GC (Allocation Failure) 2020-09-29T13:04:26.293+0200: 6.940: [ParNew: 562698K->11903K(613440K), 0.0081167 secs] 563088K->12294K(2029056K), 0.0081719 secs] [Times: user=0.00 sys=0.00, real=0.01 secs] 
2020-09-29T13:04:26.377+0200: 7.025: [GC (Allocation Failure) 2020-09-29T13:04:26.377+0200: 7.025: [ParNew: 557247K->7768K(613440K), 0.0069876 secs] 557638K->8158K(2029056K), 0.0070625 secs] [Times: user=0.13 sys=0.00, real=0.01 secs] 
2020-09-29T13:04:26.463+0200: 7.111: [GC (Allocation Failure) 2020-09-29T13:04:26.463+0200: 7.111: [ParNew: 553112K->6638K(613440K), 0.0058213 secs] 553502K->7028K(2029056K), 0.0059126 secs] [Times: user=0.00 sys=0.00, real=0.01 secs] 
2020-09-29T13:04:26.547+0200: 7.194: [GC (Allocation Failure) 2020-09-29T13:04:26.547+0200: 7.194: [ParNew: 551982K->3814K(613440K), 0.0044564 secs] 552372K->4204K(2029056K), 0.0045079 secs] [Times: user=0.13 sys=0.00, real=0.00 secs] 
2020-09-29T13:04:26.634+0200: 7.282: [GC (Allocation Failure) 2020-09-29T13:04:26.634+0200: 7.282: [ParNew: 549158K->71K(613440K), 0.0015504 secs] 549548K->461K(2029056K), 0.0016031 secs] [Times: user=0.00 sys=0.00, real=0.00 secs] 
2020-09-29T13:04:26.716+0200: 7.364: [GC (Allocation Failure) 2020-09-29T13:04:26.716+0200: 7.364: [ParNew: 545415K->12106K(613440K), 0.0100769 secs] 545805K->12496K(2029056K), 0.0101340 secs] [Times: user=0.13 sys=0.00, real=0.01 secs] 
2020-09-29T13:04:26.804+0200: 7.452: [GC (Allocation Failure) 2020-09-29T13:04:26.804+0200: 7.452: [ParNew: 557450K->17117K(613440K), 0.0093292 secs] 557840K->17507K(2029056K), 0.0093865 secs] [Times: user=0.00 sys=0.00, real=0.01 secs] 
2020-09-29T13:04:26.891+0200: 7.539: [GC (Allocation Failure) 2020-09-29T13:04:26.891+0200: 7.539: [ParNew: 562461K->12047K(613440K), 0.0080280 secs] 562851K->12437K(2029056K), 0.0080891 secs] [Times: user=0.13 sys=0.00, real=0.01 secs] 
2020-09-29T13:04:26.987+0200: 7.634: [GC (Allocation Failure) 2020-09-29T13:04:26.987+0200: 7.634: [ParNew: 557391K->8017K(613440K), 0.0079692 secs] 557781K->8407K(2029056K), 0.0080417 secs] [Times: user=0.11 sys=0.00, real=0.01 secs] 
2020-09-29T13:04:27.082+0200: 7.729: [GC (Allocation Failure) 2020-09-29T13:04:27.082+0200: 7.729: [ParNew: 553361K->6734K(613440K), 0.0063922 secs] 553751K->7124K(2029056K), 0.0064497 secs] [Times: user=0.13 sys=0.00, real=0.01 secs] 
2020-09-29T13:04:27.167+0200: 7.814: [GC (Allocation Failure) 2020-09-29T13:04:27.167+0200: 7.814: [ParNew: 550178K->273K(613440K), 0.0018461 secs] 550569K->664K(2029056K), 0.0019180 secs] [Times: user=0.00 sys=0.00, real=0.00 secs] 
2020-09-29T13:04:27.246+0200: 7.894: [GC (Allocation Failure) 2020-09-29T13:04:27.246+0200: 7.894: [ParNew: 545617K->12225K(613440K), 0.0102644 secs] 546008K->12616K(2029056K), 0.0103183 secs] [Times: user=0.13 sys=0.00, real=0.01 secs] 
2020-09-29T13:04:27.333+0200: 7.981: [GC (Allocation Failure) 2020-09-29T13:04:27.333+0200: 7.981: [ParNew: 557569K->17193K(613440K), 0.0090816 secs] 557960K->17583K(2029056K), 0.0091387 secs] [Times: user=0.00 sys=0.00, real=0.01 secs] 
2020-09-29T13:04:27.433+0200: 8.080: [GC (Allocation Failure) 2020-09-29T13:04:27.433+0200: 8.080: [ParNew: 562537K->12063K(613440K), 0.0081471 secs] 562927K->12454K(2029056K), 0.0082033 secs] [Times: user=0.00 sys=0.00, real=0.01 secs] 
2020-09-29T13:04:27.519+0200: 8.167: [GC (Allocation Failure) 2020-09-29T13:04:27.519+0200: 8.167: [ParNew: 557407K->8264K(613440K), 0.0073798 secs] 557798K->8654K(2029056K), 0.0074380 secs] [Times: user=0.13 sys=0.00, real=0.01 secs] 
2020-09-29T13:04:27.607+0200: 8.254: [GC (Allocation Failure) 2020-09-29T13:04:27.607+0200: 8.254: [ParNew: 553608K->7375K(613440K), 0.0067155 secs] 553998K->7765K(2029056K), 0.0067701 secs] [Times: user=0.00 sys=0.00, real=0.01 secs] 
2020-09-29T13:04:27.693+0200: 8.341: [GC (Allocation Failure) 2020-09-29T13:04:27.693+0200: 8.341: [ParNew: 552719K->5828K(613440K), 0.0054808 secs] 553109K->6219K(2029056K), 0.0055350 secs] [Times: user=0.00 sys=0.00, real=0.01 secs] 
2020-09-29T13:04:27.777+0200: 8.424: [GC (Allocation Failure) 2020-09-29T13:04:27.777+0200: 8.424: [ParNew: 551172K->168K(613440K), 0.0017653 secs] 551563K->558K(2029056K), 0.0018167 secs] [Times: user=0.00 sys=0.00, real=0.00 secs] 
2020-09-29T13:04:27.854+0200: 8.502: [GC (Allocation Failure) 2020-09-29T13:04:27.854+0200: 8.502: [ParNew: 545512K->12331K(613440K), 0.0100575 secs] 545902K->12721K(2029056K), 0.0101212 secs] [Times: user=0.13 sys=0.00, real=0.01 secs] 
2020-09-29T13:04:27.943+0200: 8.590: [GC (Allocation Failure) 2020-09-29T13:04:27.943+0200: 8.590: [ParNew: 557675K->17399K(613440K), 0.0089668 secs] 558065K->17789K(2029056K), 0.0090603 secs] [Times: user=0.00 sys=0.00, real=0.01 secs] 
2020-09-29T13:04:28.032+0200: 8.680: [GC (Allocation Failure) 2020-09-29T13:04:28.032+0200: 8.680: [ParNew: 562743K->12126K(613440K), 0.0080315 secs] 563133K->12516K(2029056K), 0.0081218 secs] [Times: user=0.13 sys=0.00, real=0.01 secs] 
2020-09-29T13:04:28.119+0200: 8.766: [GC (Allocation Failure) 2020-09-29T13:04:28.119+0200: 8.766: [ParNew: 557470K->8156K(613440K), 0.0072295 secs] 557860K->8547K(2029056K), 0.0072850 secs] [Times: user=0.00 sys=0.00, real=0.01 secs] 
2020-09-29T13:04:28.206+0200: 8.853: [GC (Allocation Failure) 2020-09-29T13:04:28.206+0200: 8.853: [ParNew: 553500K->7129K(613440K), 0.0062213 secs] 553891K->7520K(2029056K), 0.0062743 secs] [Times: user=0.13 sys=0.00, real=0.01 secs] 
2020-09-29T13:04:28.288+0200: 8.936: [GC (Allocation Failure) 2020-09-29T13:04:28.288+0200: 8.936: [ParNew: 552473K->4294K(613440K), 0.0048813 secs] 552864K->4684K(2029056K), 0.0049347 secs] [Times: user=0.00 sys=0.00, real=0.00 secs] 
2020-09-29T13:04:28.371+0200: 9.018: [GC (Allocation Failure) 2020-09-29T13:04:28.371+0200: 9.018: [ParNew: 549638K->90K(613440K), 0.0020428 secs] 550028K->480K(2029056K), 0.0020943 secs] [Times: user=0.00 sys=0.00, real=0.00 secs] 
2020-09-29T13:04:28.451+0200: 9.099: [GC (Allocation Failure) 2020-09-29T13:04:28.451+0200: 9.099: [ParNew: 545434K->11801K(613440K), 0.0103896 secs] 545824K->12192K(2029056K), 0.0104439 secs] [Times: user=0.11 sys=0.00, real=0.01 secs] 
2020-09-29T13:04:28.542+0200: 9.189: [GC (Allocation Failure) 2020-09-29T13:04:28.542+0200: 9.189: [ParNew: 557145K->16637K(613440K), 0.0090195 secs] 557536K->17027K(2029056K), 0.0091036 secs] [Times: user=0.13 sys=0.00, real=0.01 secs] 
2020-09-29T13:04:28.627+0200: 9.275: [GC (Allocation Failure) 2020-09-29T13:04:28.627+0200: 9.275: [ParNew: 561981K->11610K(613440K), 0.0085296 secs] 562371K->12000K(2029056K), 0.0085859 secs] [Times: user=0.13 sys=0.00, real=0.01 secs] 
2020-09-29T13:04:28.718+0200: 9.365: [GC (Allocation Failure) 2020-09-29T13:04:28.718+0200: 9.365: [ParNew: 556954K->7916K(613440K), 0.0073884 secs] 557344K->8306K(2029056K), 0.0074416 secs] [Times: user=0.13 sys=0.00, real=0.01 secs] 
2020-09-29T13:04:28.803+0200: 9.450: [GC (Allocation Failure) 2020-09-29T13:04:28.803+0200: 9.450: [ParNew: 553260K->7037K(613440K), 0.0062854 secs] 553650K->7427K(2029056K), 0.0063402 secs] [Times: user=0.00 sys=0.00, real=0.01 secs] 
2020-09-29T13:04:28.886+0200: 9.533: [GC (Allocation Failure) 2020-09-29T13:04:28.886+0200: 9.533: [ParNew: 552381K->5533K(613440K), 0.0054877 secs] 552771K->5923K(2029056K), 0.0055431 secs] [Times: user=0.00 sys=0.00, real=0.01 secs] 
2020-09-29T13:04:28.967+0200: 9.615: [GC (Allocation Failure) 2020-09-29T13:04:28.967+0200: 9.615: [ParNew: 550877K->184K(613440K), 0.0014508 secs] 551267K->574K(2029056K), 0.0015090 secs] [Times: user=0.00 sys=0.00, real=0.00 secs] 
2020-09-29T13:04:29.049+0200: 9.697: [GC (Allocation Failure) 2020-09-29T13:04:29.049+0200: 9.697: [ParNew: 545528K->12317K(613440K), 0.0106394 secs] 545918K->12707K(2029056K), 0.0106949 secs] [Times: user=0.13 sys=0.00, real=0.01 secs] 
2020-09-29T13:04:29.137+0200: 9.784: [GC (Allocation Failure) 2020-09-29T13:04:29.137+0200: 9.784: [ParNew: 557661K->16392K(613440K), 0.0091324 secs] 558051K->16782K(2029056K), 0.0091856 secs] [Times: user=0.13 sys=0.00, real=0.01 secs] 
2020-09-29T13:04:29.225+0200: 9.872: [GC (Allocation Failure) 2020-09-29T13:04:29.225+0200: 9.872: [ParNew: 561736K->11903K(613440K), 0.0078352 secs] 562126K->12294K(2029056K), 0.0078916 secs] [Times: user=0.00 sys=0.00, real=0.01 secs] 
2020-09-29T13:04:29.309+0200: 9.956: [GC (Allocation Failure) 2020-09-29T13:04:29.309+0200: 9.956: [ParNew: 557247K->7768K(613440K), 0.0068683 secs] 557638K->8158K(2029056K), 0.0069234 secs] [Times: user=0.00 sys=0.00, real=0.01 secs] 
2020-09-29T13:04:29.395+0200: 10.042: [GC (Allocation Failure) 2020-09-29T13:04:29.395+0200: 10.042: [ParNew: 553112K->6638K(613440K), 0.0060133 secs] 553502K->7028K(2029056K), 0.0060674 secs] [Times: user=0.00 sys=0.00, real=0.01 secs] 
2020-09-29T13:04:29.478+0200: 10.126: [GC (Allocation Failure) 2020-09-29T13:04:29.478+0200: 10.126: [ParNew: 551982K->4080K(613440K), 0.0046010 secs] 552372K->4470K(2029056K), 0.0046560 secs] [Times: user=0.00 sys=0.00, real=0.01 secs] 
2020-09-29T13:04:29.563+0200: 10.211: [GC (Allocation Failure) 2020-09-29T13:04:29.563+0200: 10.211: [ParNew: 549424K->71K(613440K), 0.0014099 secs] 549814K->461K(2029056K), 0.0014628 secs] [Times: user=0.00 sys=0.00, real=0.00 secs] 
2020-09-29T13:04:29.648+0200: 10.296: [GC (Allocation Failure) 2020-09-29T13:04:29.648+0200: 10.296: [ParNew: 545415K->12106K(613440K), 0.0105325 secs] 545805K->12496K(2029056K), 0.0105875 secs] [Times: user=0.00 sys=0.00, real=0.01 secs] 
2020-09-29T13:04:29.739+0200: 10.387: [GC (Allocation Failure) 2020-09-29T13:04:29.739+0200: 10.387: [ParNew: 557450K->17117K(613440K), 0.0093458 secs] 557840K->17507K(2029056K), 0.0094029 secs] [Times: user=0.00 sys=0.00, real=0.01 secs] 
2020-09-29T13:04:29.830+0200: 10.477: [GC (Allocation Failure) 2020-09-29T13:04:29.830+0200: 10.477: [ParNew: 562461K->12047K(613440K), 0.0080409 secs] 562851K->12437K(2029056K), 0.0080946 secs] [Times: user=0.13 sys=0.00, real=0.01 secs] 
2020-09-29T13:04:29.915+0200: 10.562: [GC (Allocation Failure) 2020-09-29T13:04:29.915+0200: 10.562: [ParNew: 557391K->8017K(613440K), 0.0070502 secs] 557781K->8407K(2029056K), 0.0071256 secs] [Times: user=0.00 sys=0.00, real=0.01 secs] 
2020-09-29T13:04:29.999+0200: 10.646: [GC (Allocation Failure) 2020-09-29T13:04:29.999+0200: 10.646: [ParNew: 553361K->6734K(613440K), 0.0063268 secs] 553751K->7124K(2029056K), 0.0064086 secs] [Times: user=0.11 sys=0.00, real=0.01 secs] 
2020-09-29T13:04:30.099+0200: 10.746: [GC (Allocation Failure) 2020-09-29T13:04:30.099+0200: 10.746: [ParNew: 550178K->273K(613440K), 0.0023085 secs] 550569K->664K(2029056K), 0.0023687 secs] [Times: user=0.00 sys=0.00, real=0.00 secs] 
2020-09-29T13:04:30.185+0200: 10.832: [GC (Allocation Failure) 2020-09-29T13:04:30.185+0200: 10.832: [ParNew: 545617K->12225K(613440K), 0.0100946 secs] 546008K->12616K(2029056K), 0.0101616 secs] [Times: user=0.13 sys=0.00, real=0.01 secs] 
2020-09-29T13:04:30.275+0200: 10.922: [GC (Allocation Failure) 2020-09-29T13:04:30.275+0200: 10.922: [ParNew: 557569K->17193K(613440K), 0.0090185 secs] 557960K->17583K(2029056K), 0.0091202 secs] [Times: user=0.00 sys=0.00, real=0.01 secs] 
2020-09-29T13:04:30.361+0200: 11.009: [GC (Allocation Failure) 2020-09-29T13:04:30.361+0200: 11.009: [ParNew: 562537K->12063K(613440K), 0.0085039 secs] 562927K->12454K(2029056K), 0.0085600 secs] [Times: user=0.13 sys=0.00, real=0.01 secs] 
2020-09-29T13:04:30.447+0200: 11.094: [GC (Allocation Failure) 2020-09-29T13:04:30.447+0200: 11.094: [ParNew: 557407K->8264K(613440K), 0.0072150 secs] 557798K->8654K(2029056K), 0.0072701 secs] [Times: user=0.00 sys=0.00, real=0.01 secs] 
2020-09-29T13:04:30.531+0200: 11.179: [GC (Allocation Failure) 2020-09-29T13:04:30.531+0200: 11.179: [ParNew: 553608K->7375K(613440K), 0.0063740 secs] 553998K->7765K(2029056K), 0.0064360 secs] [Times: user=0.13 sys=0.00, real=0.01 secs] 
2020-09-29T13:04:30.618+0200: 11.265: [GC (Allocation Failure) 2020-09-29T13:04:30.618+0200: 11.265: [ParNew: 552719K->5828K(613440K), 0.0059444 secs] 553109K->6219K(2029056K), 0.0060028 secs] [Times: user=0.00 sys=0.00, real=0.01 secs] 
2020-09-29T13:04:30.707+0200: 11.354: [GC (Allocation Failure) 2020-09-29T13:04:30.707+0200: 11.354: [ParNew: 551172K->168K(613440K), 0.0018380 secs] 551563K->558K(2029056K), 0.0018894 secs] [Times: user=0.13 sys=0.00, real=0.00 secs] 
2020-09-29T13:04:30.788+0200: 11.435: [GC (Allocation Failure) 2020-09-29T13:04:30.788+0200: 11.435: [ParNew: 545512K->12331K(613440K), 0.0100369 secs] 545902K->12721K(2029056K), 0.0101355 secs] [Times: user=0.00 sys=0.00, real=0.01 secs] 
2020-09-29T13:04:30.880+0200: 11.527: [GC (Allocation Failure) 2020-09-29T13:04:30.880+0200: 11.527: [ParNew: 557675K->17399K(613440K), 0.0094273 secs] 558065K->17789K(2029056K), 0.0094803 secs] [Times: user=0.00 sys=0.00, real=0.01 secs] 
2020-09-29T13:04:30.970+0200: 11.617: [GC (Allocation Failure) 2020-09-29T13:04:30.970+0200: 11.617: [ParNew: 562743K->12126K(613440K), 0.0083699 secs] 563133K->12516K(2029056K), 0.0084259 secs] [Times: user=0.13 sys=0.00, real=0.01 secs] 
2020-09-29T13:04:31.059+0200: 11.705: [GC (Allocation Failure) 2020-09-29T13:04:31.059+0200: 11.705: [ParNew: 557470K->8156K(613440K), 0.0074756 secs] 557860K->8547K(2029056K), 0.0075331 secs] [Times: user=0.00 sys=0.00, real=0.01 secs] 
2020-09-29T13:04:31.144+0200: 11.790: [GC (Allocation Failure) 2020-09-29T13:04:31.144+0200: 11.790: [ParNew: 553500K->7129K(613440K), 0.0059470 secs] 553891K->7520K(2029056K), 0.0060017 secs] [Times: user=0.13 sys=0.00, real=0.01 secs] 
2020-09-29T13:04:31.229+0200: 11.876: [GC (Allocation Failure) 2020-09-29T13:04:31.229+0200: 11.876: [ParNew: 552473K->4294K(613440K), 0.0048201 secs] 552864K->4684K(2029056K), 0.0048740 secs] [Times: user=0.00 sys=0.00, real=0.00 secs] 
2020-09-29T13:04:31.312+0200: 11.958: [GC (Allocation Failure) 2020-09-29T13:04:31.312+0200: 11.958: [ParNew: 549638K->90K(613440K), 0.0015125 secs] 550028K->480K(2029056K), 0.0015639 secs] [Times: user=0.00 sys=0.00, real=0.00 secs] 
2020-09-29T13:04:31.391+0200: 12.037: [GC (Allocation Failure) 2020-09-29T13:04:31.391+0200: 12.037: [ParNew: 545434K->11801K(613440K), 0.0099655 secs] 545824K->12192K(2029056K), 0.0100231 secs] [Times: user=0.13 sys=0.00, real=0.01 secs] 
2020-09-29T13:04:31.479+0200: 12.126: [GC (Allocation Failure) 2020-09-29T13:04:31.479+0200: 12.126: [ParNew: 557145K->16637K(613440K), 0.0089123 secs] 557536K->17027K(2029056K), 0.0089665 secs] [Times: user=0.00 sys=0.00, real=0.01 secs] 
2020-09-29T13:04:31.567+0200: 12.214: [GC (Allocation Failure) 2020-09-29T13:04:31.568+0200: 12.214: [ParNew: 561981K->11006K(613440K), 0.0085643 secs] 562371K->11397K(2029056K), 0.0086717 secs] [Times: user=0.00 sys=0.02, real=0.01 secs] 
2020-09-29T13:04:31.654+0200: 12.301: [GC (Allocation Failure) 2020-09-29T13:04:31.654+0200: 12.301: [ParNew: 556350K->7916K(613440K), 0.0072172 secs] 556741K->8306K(2029056K), 0.0072819 secs] [Times: user=0.11 sys=0.00, real=0.01 secs] 
2020-09-29T13:04:31.738+0200: 12.385: [GC (Allocation Failure) 2020-09-29T13:04:31.738+0200: 12.385: [ParNew: 553260K->7037K(613440K), 0.0062369 secs] 553650K->7427K(2029056K), 0.0063278 secs] [Times: user=0.13 sys=0.00, real=0.01 secs] 
2020-09-29T13:04:31.821+0200: 12.468: [GC (Allocation Failure) 2020-09-29T13:04:31.821+0200: 12.468: [ParNew: 552381K->5533K(613440K), 0.0054598 secs] 552771K->5923K(2029056K), 0.0055185 secs] [Times: user=0.00 sys=0.00, real=0.01 secs] 
2020-09-29T13:04:31.903+0200: 12.550: [GC (Allocation Failure) 2020-09-29T13:04:31.903+0200: 12.550: [ParNew: 550877K->184K(613440K), 0.0017546 secs] 551267K->574K(2029056K), 0.0018073 secs] [Times: user=0.00 sys=0.00, real=0.00 secs] 
2020-09-29T13:04:31.983+0200: 12.630: [GC (Allocation Failure) 2020-09-29T13:04:31.983+0200: 12.630: [ParNew: 545528K->12363K(613440K), 0.0103497 secs] 545918K->12753K(2029056K), 0.0104058 secs] [Times: user=0.13 sys=0.00, real=0.01 secs] 
2020-09-29T13:04:32.082+0200: 12.729: [GC (Allocation Failure) 2020-09-29T13:04:32.082+0200: 12.729: [ParNew: 557707K->16392K(613440K), 0.0098225 secs] 558097K->16782K(2029056K), 0.0099019 secs] [Times: user=0.08 sys=0.00, real=0.01 secs] 
2020-09-29T13:04:32.199+0200: 12.845: [GC (Allocation Failure) 2020-09-29T13:04:32.199+0200: 12.846: [ParNew: 561736K->10660K(613440K), 0.0101424 secs] 562126K->11050K(2029056K), 0.0102064 secs] [Times: user=0.11 sys=0.00, real=0.01 secs] 
2020-09-29T13:04:32.303+0200: 12.949: [GC (Allocation Failure) 2020-09-29T13:04:32.303+0200: 12.949: [ParNew: 556004K->7041K(613440K), 0.0080936 secs] 556394K->7431K(2029056K), 0.0081541 secs] [Times: user=0.00 sys=0.00, real=0.01 secs] 
2020-09-29T13:04:32.406+0200: 13.053: [GC (Allocation Failure) 2020-09-29T13:04:32.406+0200: 13.053: [ParNew: 552385K->6638K(613440K), 0.0059323 secs] 552775K->7028K(2029056K), 0.0059970 secs] [Times: user=0.13 sys=0.00, real=0.01 secs] 
2020-09-29T13:04:32.500+0200: 13.147: [GC (Allocation Failure) 2020-09-29T13:04:32.500+0200: 13.147: [ParNew: 551982K->3548K(613440K), 0.0047365 secs] 552372K->3938K(2029056K), 0.0047945 secs] [Times: user=0.00 sys=0.00, real=0.01 secs] 
2020-09-29T13:04:32.599+0200: 13.246: [GC (Allocation Failure) 2020-09-29T13:04:32.599+0200: 13.246: [ParNew: 548892K->71K(613440K), 0.0019689 secs] 549282K->461K(2029056K), 0.0020253 secs] [Times: user=0.00 sys=0.00, real=0.00 secs] 
2020-09-29T13:04:32.687+0200: 13.334: [GC (Allocation Failure) 2020-09-29T13:04:32.687+0200: 13.334: [ParNew: 545415K->12052K(613440K), 0.0111267 secs] 545805K->12443K(2029056K), 0.0112085 secs] [Times: user=0.11 sys=0.00, real=0.01 secs] 
2020-09-29T13:04:32.784+0200: 13.431: [GC (Allocation Failure) 2020-09-29T13:04:32.784+0200: 13.431: [ParNew: 557396K->17117K(613440K), 0.0092157 secs] 557787K->17507K(2029056K), 0.0092768 secs] [Times: user=0.13 sys=0.00, real=0.01 secs] 
2020-09-29T13:04:32.881+0200: 13.527: [GC (Allocation Failure) 2020-09-29T13:04:32.881+0200: 13.527: [ParNew: 562461K->11416K(613440K), 0.0092243 secs] 562851K->11807K(2029056K), 0.0092829 secs] [Times: user=0.00 sys=0.00, real=0.01 secs] 
2020-09-29T13:04:32.980+0200: 13.627: [GC (Allocation Failure) 2020-09-29T13:04:32.980+0200: 13.627: [ParNew: 556760K->8017K(613440K), 0.0079855 secs] 557151K->8407K(2029056K), 0.0080430 secs] [Times: user=0.00 sys=0.00, real=0.01 secs] 
2020-09-29T13:04:33.077+0200: 13.724: [GC (Allocation Failure) 2020-09-29T13:04:33.077+0200: 13.724: [ParNew: 553361K->6734K(613440K), 0.0061876 secs] 553751K->7124K(2029056K), 0.0062465 secs] [Times: user=0.11 sys=0.00, real=0.01 secs] 
2020-09-29T13:04:33.170+0200: 13.816: [GC (Allocation Failure) 2020-09-29T13:04:33.170+0200: 13.816: [ParNew: 550178K->273K(613440K), 0.0023031 secs] 550569K->664K(2029056K), 0.0023618 secs] [Times: user=0.00 sys=0.00, real=0.00 secs] 
2020-09-29T13:04:33.256+0200: 13.903: [GC (Allocation Failure) 2020-09-29T13:04:33.256+0200: 13.903: [ParNew: 545617K->12225K(613440K), 0.0113423 secs] 546008K->12616K(2029056K), 0.0114037 secs] [Times: user=0.00 sys=0.00, real=0.01 secs] 
2020-09-29T13:04:33.366+0200: 14.012: [GC (Allocation Failure) 2020-09-29T13:04:33.366+0200: 14.012: [ParNew: 557569K->15288K(613440K), 0.0095908 secs] 557960K->15678K(2029056K), 0.0096681 secs] [Times: user=0.00 sys=0.00, real=0.01 secs] 
2020-09-29T13:04:33.461+0200: 14.108: [GC (Allocation Failure) 2020-09-29T13:04:33.461+0200: 14.108: [ParNew: 560632K->10158K(613440K), 0.0083024 secs] 561022K->10549K(2029056K), 0.0083588 secs] [Times: user=0.00 sys=0.00, real=0.01 secs] 
2020-09-29T13:04:33.561+0200: 14.208: [GC (Allocation Failure) 2020-09-29T13:04:33.561+0200: 14.208: [ParNew: 555502K->9051K(613440K), 0.0092770 secs] 555893K->9442K(2029056K), 0.0093420 secs] [Times: user=0.13 sys=0.00, real=0.01 secs] 
2020-09-29T13:04:33.670+0200: 14.316: [GC (Allocation Failure) 2020-09-29T13:04:33.670+0200: 14.316: [ParNew: 554395K->7572K(613440K), 0.0077924 secs] 554786K->7962K(2029056K), 0.0078554 secs] [Times: user=0.11 sys=0.00, real=0.01 secs] 
2020-09-29T13:04:33.773+0200: 14.420: [GC (Allocation Failure) 2020-09-29T13:04:33.773+0200: 14.420: [ParNew: 552916K->4284K(613440K), 0.0053401 secs] 553306K->4675K(2029056K), 0.0054029 secs] [Times: user=0.00 sys=0.00, real=0.01 secs] 
2020-09-29T13:04:33.863+0200: 14.510: [GC (Allocation Failure) 2020-09-29T13:04:33.863+0200: 14.510: [ParNew: 549628K->226K(613440K), 0.0017482 secs] 550019K->616K(2029056K), 0.0018009 secs] [Times: user=0.13 sys=0.00, real=0.00 secs] 
2020-09-29T13:04:33.954+0200: 14.600: [GC (Allocation Failure) 2020-09-29T13:04:33.954+0200: 14.600: [ParNew: 545570K->12357K(613440K), 0.0106324 secs] 545960K->12747K(2029056K), 0.0106898 secs] [Times: user=0.11 sys=0.00, real=0.01 secs] 
2020-09-29T13:04:34.044+0200: 14.691: [GC (Allocation Failure) 2020-09-29T13:04:34.045+0200: 14.691: [ParNew: 557701K->16488K(613440K), 0.0096377 secs] 558091K->16878K(2029056K), 0.0096979 secs] [Times: user=0.11 sys=0.00, real=0.01 secs] 
2020-09-29T13:04:34.141+0200: 14.788: [GC (Allocation Failure) 2020-09-29T13:04:34.141+0200: 14.788: [ParNew: 561832K->11504K(613440K), 0.0081321 secs] 562222K->11894K(2029056K), 0.0082026 secs] [Times: user=0.11 sys=0.00, real=0.01 secs] 
2020-09-29T13:04:34.232+0200: 14.878: [GC (Allocation Failure) 2020-09-29T13:04:34.232+0200: 14.878: [ParNew: 556848K->8158K(613440K), 0.0067691 secs] 557238K->8548K(2029056K), 0.0068235 secs] [Times: user=0.00 sys=0.00, real=0.01 secs] 
2020-09-29T13:04:34.318+0200: 14.965: [GC (Allocation Failure) 2020-09-29T13:04:34.318+0200: 14.965: [ParNew: 553502K->7130K(613440K), 0.0056216 secs] 553892K->7520K(2029056K), 0.0056782 secs] [Times: user=0.00 sys=0.00, real=0.01 secs] 
2020-09-29T13:04:34.402+0200: 15.049: [GC (Allocation Failure) 2020-09-29T13:04:34.402+0200: 15.049: [ParNew: 552474K->4294K(613440K), 0.0044333 secs] 552864K->4685K(2029056K), 0.0044808 secs] [Times: user=0.00 sys=0.00, real=0.01 secs] 
2020-09-29T13:04:34.483+0200: 15.130: [GC (Allocation Failure) 2020-09-29T13:04:34.483+0200: 15.130: [ParNew: 549638K->90K(613440K), 0.0008719 secs] 550029K->480K(2029056K), 0.0009141 secs] [Times: user=0.00 sys=0.00, real=0.00 secs] 
2020-09-29T13:04:34.562+0200: 15.208: [GC (Allocation Failure) 2020-09-29T13:04:34.562+0200: 15.208: [ParNew: 545434K->11779K(613440K), 0.0094304 secs] 545824K->12169K(2029056K), 0.0094899 secs] [Times: user=0.13 sys=0.00, real=0.01 secs] 
2020-09-29T13:04:34.649+0200: 15.296: [GC (Allocation Failure) 2020-09-29T13:04:34.649+0200: 15.296: [ParNew: 557123K->16637K(613440K), 0.0084405 secs] 557513K->17027K(2029056K), 0.0084962 secs] [Times: user=0.00 sys=0.00, real=0.01 secs] 
2020-09-29T13:04:34.738+0200: 15.384: [GC (Allocation Failure) 2020-09-29T13:04:34.738+0200: 15.384: [ParNew: 561981K->11610K(613440K), 0.0075732 secs] 562371K->12000K(2029056K), 0.0076331 secs] [Times: user=0.13 sys=0.00, real=0.01 secs] 
2020-09-29T13:04:34.824+0200: 15.471: [GC (Allocation Failure) 2020-09-29T13:04:34.824+0200: 15.471: [ParNew: 556954K->7916K(613440K), 0.0066763 secs] 557344K->8306K(2029056K), 0.0067292 secs] [Times: user=0.00 sys=0.00, real=0.01 secs] 
2020-09-29T13:04:34.909+0200: 15.557: [GC (Allocation Failure) 2020-09-29T13:04:34.909+0200: 15.557: [ParNew: 553260K->7037K(613440K), 0.0058774 secs] 553650K->7427K(2029056K), 0.0059299 secs] [Times: user=0.13 sys=0.00, real=0.01 secs] 
2020-09-29T13:04:34.994+0200: 15.641: [GC (Allocation Failure) 2020-09-29T13:04:34.994+0200: 15.641: [ParNew: 552381K->5533K(613440K), 0.0050111 secs] 552771K->5923K(2029056K), 0.0050630 secs] [Times: user=0.00 sys=0.00, real=0.01 secs] 
2020-09-29T13:04:35.079+0200: 15.726: [GC (Allocation Failure) 2020-09-29T13:04:35.079+0200: 15.726: [ParNew: 550877K->184K(613440K), 0.0011930 secs] 551267K->574K(2029056K), 0.0012383 secs] [Times: user=0.00 sys=0.00, real=0.00 secs] 
2020-09-29T13:04:35.159+0200: 15.806: [GC (Allocation Failure) 2020-09-29T13:04:35.159+0200: 15.806: [ParNew: 545528K->12179K(613440K), 0.0099441 secs] 545918K->12569K(2029056K), 0.0100164 secs] [Times: user=0.13 sys=0.00, real=0.01 secs] 
2020-09-29T13:04:35.249+0200: 15.896: [GC (Allocation Failure) 2020-09-29T13:04:35.249+0200: 15.896: [ParNew: 557523K->16392K(613440K), 0.0084485 secs] 557913K->16782K(2029056K), 0.0085133 secs] [Times: user=0.13 sys=0.00, real=0.01 secs] 
2020-09-29T13:04:35.336+0200: 15.983: [GC (Allocation Failure) 2020-09-29T13:04:35.336+0200: 15.983: [ParNew: 561736K->11903K(613440K), 0.0071680 secs] 562126K->12294K(2029056K), 0.0072272 secs] [Times: user=0.00 sys=0.00, real=0.01 secs] 
2020-09-29T13:04:35.422+0200: 16.068: [GC (Allocation Failure) 2020-09-29T13:04:35.422+0200: 16.068: [ParNew: 557247K->7768K(613440K), 0.0061547 secs] 557638K->8158K(2029056K), 0.0062333 secs] [Times: user=0.13 sys=0.00, real=0.01 secs] 
2020-09-29T13:04:35.508+0200: 16.154: [GC (Allocation Failure) 2020-09-29T13:04:35.508+0200: 16.155: [ParNew: 553112K->6638K(613440K), 0.0051689 secs] 553502K->7028K(2029056K), 0.0052416 secs] [Times: user=0.00 sys=0.00, real=0.01 secs] 
2020-09-29T13:04:35.594+0200: 16.241: [GC (Allocation Failure) 2020-09-29T13:04:35.594+0200: 16.241: [ParNew: 551982K->3814K(613440K), 0.0047090 secs] 552372K->4204K(2029056K), 0.0047681 secs] [Times: user=0.00 sys=0.00, real=0.00 secs] 
2020-09-29T13:04:35.681+0200: 16.328: [GC (Allocation Failure) 2020-09-29T13:04:35.681+0200: 16.328: [ParNew: 549158K->71K(613440K), 0.0011237 secs] 549548K->461K(2029056K), 0.0011697 secs] [Times: user=0.00 sys=0.00, real=0.00 secs] 
2020-09-29T13:04:35.760+0200: 16.407: [GC (Allocation Failure) 2020-09-29T13:04:35.760+0200: 16.407: [ParNew: 545415K->12106K(613440K), 0.0094322 secs] 545805K->12496K(2029056K), 0.0094935 secs] [Times: user=0.00 sys=0.00, real=0.01 secs] 
2020-09-29T13:04:35.848+0200: 16.495: [GC (Allocation Failure) 2020-09-29T13:04:35.848+0200: 16.495: [ParNew: 557450K->17117K(613440K), 0.0087909 secs] 557840K->17507K(2029056K), 0.0088461 secs] [Times: user=0.00 sys=0.00, real=0.01 secs] 
2020-09-29T13:04:35.939+0200: 16.586: [GC (Allocation Failure) 2020-09-29T13:04:35.940+0200: 16.586: [ParNew: 562461K->12047K(613440K), 0.0074801 secs] 562851K->12437K(2029056K), 0.0075355 secs] [Times: user=0.13 sys=0.00, real=0.01 secs] 
2020-09-29T13:04:36.024+0200: 16.671: [GC (Allocation Failure) 2020-09-29T13:04:36.024+0200: 16.671: [ParNew: 557391K->8017K(613440K), 0.0066358 secs] 557781K->8407K(2029056K), 0.0066910 secs] [Times: user=0.00 sys=0.00, real=0.01 secs] 
2020-09-29T13:04:36.110+0200: 16.756: [GC (Allocation Failure) 2020-09-29T13:04:36.110+0200: 16.757: [ParNew: 553361K->6734K(613440K), 0.0054881 secs] 553751K->7124K(2029056K), 0.0055427 secs] [Times: user=0.13 sys=0.00, real=0.01 secs] 
2020-09-29T13:04:36.195+0200: 16.841: [GC (Allocation Failure) 2020-09-29T13:04:36.195+0200: 16.841: [ParNew: 550178K->273K(613440K), 0.0011839 secs] 550569K->664K(2029056K), 0.0012297 secs] [Times: user=0.00 sys=0.00, real=0.00 secs] 
2020-09-29T13:04:36.274+0200: 16.921: [GC (Allocation Failure) 2020-09-29T13:04:36.274+0200: 16.921: [ParNew: 545617K->12088K(613440K), 0.0096421 secs] 546008K->12479K(2029056K), 0.0096965 secs] [Times: user=0.00 sys=0.00, real=0.01 secs] 
2020-09-29T13:04:36.361+0200: 17.008: [GC (Allocation Failure) 2020-09-29T13:04:36.361+0200: 17.008: [ParNew: 557432K->17193K(613440K), 0.0088808 secs] 557823K->17583K(2029056K), 0.0089362 secs] [Times: user=0.13 sys=0.00, real=0.01 secs] 
2020-09-29T13:04:36.450+0200: 17.097: [GC (Allocation Failure) 2020-09-29T13:04:36.450+0200: 17.097: [ParNew: 562537K->12063K(613440K), 0.0080339 secs] 562927K->12454K(2029056K), 0.0080903 secs] [Times: user=0.13 sys=0.00, real=0.01 secs] 
2020-09-29T13:04:36.537+0200: 17.185: [GC (Allocation Failure) 2020-09-29T13:04:36.537+0200: 17.185: [ParNew: 557407K->8264K(613440K), 0.0070751 secs] 557798K->8654K(2029056K), 0.0071317 secs] [Times: user=0.00 sys=0.00, real=0.01 secs] 
2020-09-29T13:04:36.624+0200: 17.271: [GC (Allocation Failure) 2020-09-29T13:04:36.624+0200: 17.271: [ParNew: 553608K->7375K(613440K), 0.0059694 secs] 553998K->7765K(2029056K), 0.0060408 secs] [Times: user=0.13 sys=0.00, real=0.01 secs] 
2020-09-29T13:04:36.709+0200: 17.357: [GC (Allocation Failure) 2020-09-29T13:04:36.709+0200: 17.357: [ParNew: 552719K->5828K(613440K), 0.0049159 secs] 553109K->6219K(2029056K), 0.0049866 secs] [Times: user=0.00 sys=0.00, real=0.00 secs] 
2020-09-29T13:04:36.791+0200: 17.438: [GC (Allocation Failure) 2020-09-29T13:04:36.791+0200: 17.438: [ParNew: 551172K->168K(613440K), 0.0012146 secs] 551563K->558K(2029056K), 0.0012598 secs] [Times: user=0.00 sys=0.00, real=0.00 secs] 
2020-09-29T13:04:36.870+0200: 17.517: [GC (Allocation Failure) 2020-09-29T13:04:36.870+0200: 17.517: [ParNew: 545512K->12289K(613440K), 0.0094219 secs] 545902K->12679K(2029056K), 0.0094800 secs] [Times: user=0.00 sys=0.00, real=0.01 secs] 
2020-09-29T13:04:36.958+0200: 17.604: [GC (Allocation Failure) 2020-09-29T13:04:36.958+0200: 17.604: [ParNew: 557633K->17399K(613440K), 0.0084877 secs] 558023K->17789K(2029056K), 0.0085841 secs] [Times: user=0.00 sys=0.00, real=0.01 secs] 
2020-09-29T13:04:37.045+0200: 17.692: [GC (Allocation Failure) 2020-09-29T13:04:37.045+0200: 17.692: [ParNew: 562743K->12126K(613440K), 0.0077601 secs] 563133K->12516K(2029056K), 0.0078351 secs] [Times: user=0.13 sys=0.00, real=0.01 secs] 
2020-09-29T13:04:37.130+0200: 17.777: [GC (Allocation Failure) 2020-09-29T13:04:37.130+0200: 17.777: [ParNew: 557470K->8156K(613440K), 0.0064436 secs] 557860K->8547K(2029056K), 0.0064963 secs] [Times: user=0.00 sys=0.00, real=0.01 secs] 
2020-09-29T13:04:37.218+0200: 17.864: [GC (Allocation Failure) 2020-09-29T13:04:37.218+0200: 17.864: [ParNew: 553500K->7129K(613440K), 0.0053595 secs] 553891K->7520K(2029056K), 0.0054158 secs] [Times: user=0.00 sys=0.00, real=0.01 secs] 
2020-09-29T13:04:37.298+0200: 17.945: [GC (Allocation Failure) 2020-09-29T13:04:37.298+0200: 17.945: [ParNew: 552473K->4294K(613440K), 0.0044480 secs] 552864K->4684K(2029056K), 0.0045009 secs] [Times: user=0.13 sys=0.00, real=0.00 secs] 
2020-09-29T13:04:37.380+0200: 18.027: [GC (Allocation Failure) 2020-09-29T13:04:37.380+0200: 18.027: [ParNew: 549638K->90K(613440K), 0.0012622 secs] 550028K->480K(2029056K), 0.0013274 secs] [Times: user=0.00 sys=0.00, real=0.00 secs] 
2020-09-29T13:04:37.459+0200: 18.106: [GC (Allocation Failure) 2020-09-29T13:04:37.459+0200: 18.106: [ParNew: 545434K->11801K(613440K), 0.0094203 secs] 545824K->12192K(2029056K), 0.0094739 secs] [Times: user=0.00 sys=0.00, real=0.01 secs] 
2020-09-29T13:04:37.547+0200: 18.194: [GC (Allocation Failure) 2020-09-29T13:04:37.547+0200: 18.194: [ParNew: 557145K->16637K(613440K), 0.0085429 secs] 557536K->17027K(2029056K), 0.0086199 secs] [Times: user=0.13 sys=0.00, real=0.01 secs] 
2020-09-29T13:04:37.633+0200: 18.280: [GC (Allocation Failure) 2020-09-29T13:04:37.633+0200: 18.280: [ParNew: 561981K->11610K(613440K), 0.0076433 secs] 562371K->12000K(2029056K), 0.0077006 secs] [Times: user=0.00 sys=0.00, real=0.01 secs] 
2020-09-29T13:04:37.720+0200: 18.367: [GC (Allocation Failure) 2020-09-29T13:04:37.720+0200: 18.367: [ParNew: 556954K->7916K(613440K), 0.0065937 secs] 557344K->8306K(2029056K), 0.0066519 secs] [Times: user=0.13 sys=0.00, real=0.01 secs] 
2020-09-29T13:04:37.809+0200: 18.456: [GC (Allocation Failure) 2020-09-29T13:04:37.809+0200: 18.456: [ParNew: 553260K->7037K(613440K), 0.0065846 secs] 553650K->7427K(2029056K), 0.0066392 secs] [Times: user=0.00 sys=0.00, real=0.01 secs] 
2020-09-29T13:04:37.912+0200: 18.559: [GC (Allocation Failure) 2020-09-29T13:04:37.912+0200: 18.559: [ParNew: 552381K->5533K(613440K), 0.0055514 secs] 552771K->5923K(2029056K), 0.0056081 secs] [Times: user=0.00 sys=0.00, real=0.01 secs] 
2020-09-29T13:04:37.996+0200: 18.643: [GC (Allocation Failure) 2020-09-29T13:04:37.996+0200: 18.643: [ParNew: 550877K->184K(613440K), 0.0012003 secs] 551267K->574K(2029056K), 0.0012438 secs] [Times: user=0.00 sys=0.00, real=0.00 secs] 
2020-09-29T13:04:38.074+0200: 18.722: [GC (Allocation Failure) 2020-09-29T13:04:38.074+0200: 18.722: [ParNew: 545528K->12271K(613440K), 0.0094972 secs] 545918K->12661K(2029056K), 0.0095774 secs] [Times: user=0.13 sys=0.00, real=0.01 secs] 
2020-09-29T13:04:38.160+0200: 18.807: [GC (Allocation Failure) 2020-09-29T13:04:38.160+0200: 18.807: [ParNew: 557615K->17354K(613440K), 0.0085580 secs] 558005K->17744K(2029056K), 0.0086129 secs] [Times: user=0.11 sys=0.02, real=0.01 secs] 
2020-09-29T13:04:38.248+0200: 18.895: [GC (Allocation Failure) 2020-09-29T13:04:38.248+0200: 18.895: [ParNew: 562698K->11903K(613440K), 0.0073911 secs] 563088K->12294K(2029056K), 0.0074457 secs] [Times: user=0.13 sys=0.00, real=0.01 secs] 
2020-09-29T13:04:38.332+0200: 18.980: [GC (Allocation Failure) 2020-09-29T13:04:38.332+0200: 18.980: [ParNew: 557247K->7768K(613440K), 0.0065681 secs] 557638K->8158K(2029056K), 0.0066245 secs] [Times: user=0.01 sys=0.00, real=0.01 secs] 
2020-09-29T13:04:38.415+0200: 19.063: [GC (Allocation Failure) 2020-09-29T13:04:38.416+0200: 19.063: [ParNew: 553112K->6638K(613440K), 0.0053592 secs] 553502K->7028K(2029056K), 0.0054157 secs] [Times: user=0.00 sys=0.00, real=0.01 secs] 
2020-09-29T13:04:38.498+0200: 19.145: [GC (Allocation Failure) 2020-09-29T13:04:38.498+0200: 19.145: [ParNew: 551982K->3814K(613440K), 0.0046404 secs] 552372K->4204K(2029056K), 0.0046888 secs] [Times: user=0.00 sys=0.00, real=0.00 secs] 
2020-09-29T13:04:38.581+0200: 19.228: [GC (Allocation Failure) 2020-09-29T13:04:38.581+0200: 19.228: [ParNew: 549158K->71K(613440K), 0.0013085 secs] 549548K->461K(2029056K), 0.0013541 secs] [Times: user=0.00 sys=0.00, real=0.00 secs] 
2020-09-29T13:04:38.667+0200: 19.313: [GC (Allocation Failure) 2020-09-29T13:04:38.667+0200: 19.313: [ParNew: 545415K->12106K(613440K), 0.0099538 secs] 545805K->12496K(2029056K), 0.0100077 secs] [Times: user=0.00 sys=0.00, real=0.01 secs] 
2020-09-29T13:04:38.754+0200: 19.401: [GC (Allocation Failure) 2020-09-29T13:04:38.754+0200: 19.401: [ParNew: 557450K->17117K(613440K), 0.0090507 secs] 557840K->17507K(2029056K), 0.0091060 secs] [Times: user=0.03 sys=0.00, real=0.01 secs] 
2020-09-29T13:04:38.839+0200: 19.486: [GC (Allocation Failure) 2020-09-29T13:04:38.839+0200: 19.486: [ParNew: 562461K->12047K(613440K), 0.0075528 secs] 562851K->12437K(2029056K), 0.0076057 secs] [Times: user=0.00 sys=0.00, real=0.01 secs] 
2020-09-29T13:04:38.923+0200: 19.570: [GC (Allocation Failure) 2020-09-29T13:04:38.923+0200: 19.570: [ParNew: 557391K->8017K(613440K), 0.0066959 secs] 557781K->8407K(2029056K), 0.0067511 secs] [Times: user=0.13 sys=0.00, real=0.01 secs] 
2020-09-29T13:04:39.005+0200: 19.652: [GC (Allocation Failure) 2020-09-29T13:04:39.005+0200: 19.652: [ParNew: 553361K->6734K(613440K), 0.0055593 secs] 553751K->7124K(2029056K), 0.0056121 secs] [Times: user=0.00 sys=0.00, real=0.01 secs] 
2020-09-29T13:04:39.088+0200: 19.735: [GC (Allocation Failure) 2020-09-29T13:04:39.088+0200: 19.735: [ParNew: 550178K->273K(613440K), 0.0010711 secs] 550569K->664K(2029056K), 0.0011203 secs] [Times: user=0.00 sys=0.00, real=0.00 secs] 
2020-09-29T13:04:39.165+0200: 19.812: [GC (Allocation Failure) 2020-09-29T13:04:39.165+0200: 19.812: [ParNew: 545617K->12088K(613440K), 0.0095528 secs] 546008K->12479K(2029056K), 0.0096092 secs] [Times: user=0.00 sys=0.00, real=0.01 secs] 
2020-09-29T13:04:39.252+0200: 19.899: [GC (Allocation Failure) 2020-09-29T13:04:39.253+0200: 19.899: [ParNew: 557432K->17193K(613440K), 0.0086975 secs] 557823K->17583K(2029056K), 0.0087528 secs] [Times: user=0.13 sys=0.00, real=0.01 secs] 
2020-09-29T13:04:39.337+0200: 19.984: [GC (Allocation Failure) 2020-09-29T13:04:39.337+0200: 19.984: [ParNew: 562537K->12063K(613440K), 0.0077543 secs] 562927K->12454K(2029056K), 0.0078092 secs] [Times: user=0.00 sys=0.00, real=0.01 secs] 
2020-09-29T13:04:39.421+0200: 20.068: [GC (Allocation Failure) 2020-09-29T13:04:39.421+0200: 20.068: [ParNew: 557407K->8264K(613440K), 0.0068900 secs] 557798K->8654K(2029056K), 0.0069462 secs] [Times: user=0.13 sys=0.00, real=0.01 secs] 
2020-09-29T13:04:39.521+0200: 20.168: [GC (Allocation Failure) 2020-09-29T13:04:39.521+0200: 20.168: [ParNew: 553608K->7375K(613440K), 0.0057054 secs] 553998K->7765K(2029056K), 0.0057638 secs] [Times: user=0.00 sys=0.00, real=0.01 secs] 
2020-09-29T13:04:39.610+0200: 20.257: [GC (Allocation Failure) 2020-09-29T13:04:39.610+0200: 20.257: [ParNew: 552719K->5828K(613440K), 0.0052843 secs] 553109K->6219K(2029056K), 0.0053367 secs] [Times: user=0.13 sys=0.00, real=0.01 secs] 
2020-09-29T13:04:39.695+0200: 20.342: [GC (Allocation Failure) 2020-09-29T13:04:39.695+0200: 20.342: [ParNew: 551172K->168K(613440K), 0.0011480 secs] 551563K->558K(2029056K), 0.0011938 secs] [Times: user=0.00 sys=0.00, real=0.00 secs] 
2020-09-29T13:04:39.772+0200: 20.419: [GC (Allocation Failure) 2020-09-29T13:04:39.772+0200: 20.419: [ParNew: 545512K->12289K(613440K), 0.0095264 secs] 545902K->12679K(2029056K), 0.0095998 secs] [Times: user=0.00 sys=0.00, real=0.01 secs] 
2020-09-29T13:04:39.860+0200: 20.507: [GC (Allocation Failure) 2020-09-29T13:04:39.860+0200: 20.507: [ParNew: 557633K->17399K(613440K), 0.0086177 secs] 558023K->17789K(2029056K), 0.0086734 secs] [Times: user=0.13 sys=0.00, real=0.01 secs] 
2020-09-29T13:04:39.945+0200: 20.592: [GC (Allocation Failure) 2020-09-29T13:04:39.945+0200: 20.592: [ParNew: 562743K->12126K(613440K), 0.0076583 secs] 563133K->12516K(2029056K), 0.0077103 secs] [Times: user=0.00 sys=0.00, real=0.01 secs] 
2020-09-29T13:04:40.029+0200: 20.676: [GC (Allocation Failure) 2020-09-29T13:04:40.029+0200: 20.676: [ParNew: 557470K->8156K(613440K), 0.0070244 secs] 557860K->8547K(2029056K), 0.0071113 secs] [Times: user=0.00 sys=0.00, real=0.01 secs] 
2020-09-29T13:04:40.115+0200: 20.762: [GC (Allocation Failure) 2020-09-29T13:04:40.115+0200: 20.762: [ParNew: 553500K->7129K(613440K), 0.0055149 secs] 553891K->7520K(2029056K), 0.0055681 secs] [Times: user=0.00 sys=0.00, real=0.00 secs] 
2020-09-29T13:04:40.199+0200: 20.846: [GC (Allocation Failure) 2020-09-29T13:04:40.199+0200: 20.846: [ParNew: 552473K->4294K(613440K), 0.0042922 secs] 552864K->4684K(2029056K), 0.0043405 secs] [Times: user=0.00 sys=0.00, real=0.00 secs] 
2020-09-29T13:04:40.283+0200: 20.929: [GC (Allocation Failure) 2020-09-29T13:04:40.283+0200: 20.929: [ParNew: 549638K->90K(613440K), 0.0011899 secs] 550028K->480K(2029056K), 0.0012379 secs] [Times: user=0.00 sys=0.00, real=0.00 secs] 
2020-09-29T13:04:40.363+0200: 21.010: [GC (Allocation Failure) 2020-09-29T13:04:40.363+0200: 21.010: [ParNew: 545434K->11801K(613440K), 0.0095905 secs] 545824K->12192K(2029056K), 0.0096455 secs] [Times: user=0.13 sys=0.00, real=0.01 secs] 
2020-09-29T13:04:40.450+0200: 21.097: [GC (Allocation Failure) 2020-09-29T13:04:40.450+0200: 21.097: [ParNew: 557145K->16637K(613440K), 0.0083229 secs] 557536K->17027K(2029056K), 0.0083768 secs] [Times: user=0.13 sys=0.00, real=0.01 secs] 
2020-09-29T13:04:40.536+0200: 21.183: [GC (Allocation Failure) 2020-09-29T13:04:40.536+0200: 21.183: [ParNew: 561981K->11610K(613440K), 0.0074455 secs] 562371K->12000K(2029056K), 0.0075819 secs] [Times: user=0.00 sys=0.00, real=0.01 secs] 
2020-09-29T13:04:40.620+0200: 21.267: [GC (Allocation Failure) 2020-09-29T13:04:40.621+0200: 21.268: [ParNew: 556954K->7916K(613440K), 0.0066571 secs] 557344K->8306K(2029056K), 0.0067172 secs] [Times: user=0.00 sys=0.00, real=0.01 secs] 
2020-09-29T13:04:40.704+0200: 21.352: [GC (Allocation Failure) 2020-09-29T13:04:40.704+0200: 21.352: [ParNew: 553260K->7037K(613440K), 0.0057318 secs] 553650K->7427K(2029056K), 0.0057841 secs] [Times: user=0.13 sys=0.00, real=0.01 secs] 
2020-09-29T13:04:40.790+0200: 21.437: [GC (Allocation Failure) 2020-09-29T13:04:40.790+0200: 21.437: [ParNew: 552381K->5533K(613440K), 0.0050680 secs] 552771K->5923K(2029056K), 0.0051173 secs] [Times: user=0.00 sys=0.00, real=0.01 secs] 
2020-09-29T13:04:40.874+0200: 21.521: [GC (Allocation Failure) 2020-09-29T13:04:40.874+0200: 21.521: [ParNew: 550877K->184K(613440K), 0.0012396 secs] 551267K->574K(2029056K), 0.0012837 secs] [Times: user=0.00 sys=0.00, real=0.00 secs] 
2020-09-29T13:04:40.956+0200: 21.603: [GC (Allocation Failure) 2020-09-29T13:04:40.956+0200: 21.603: [ParNew: 545528K->12317K(613440K), 0.0098062 secs] 545918K->12707K(2029056K), 0.0098601 secs] [Times: user=0.13 sys=0.00, real=0.01 secs] 
2020-09-29T13:04:41.043+0200: 21.691: [GC (Allocation Failure) 2020-09-29T13:04:41.043+0200: 21.691: [ParNew: 557661K->15429K(613440K), 0.0089352 secs] 558051K->15819K(2029056K), 0.0089949 secs] [Times: user=0.13 sys=0.00, real=0.01 secs] 
2020-09-29T13:04:41.132+0200: 21.780: [GC (Allocation Failure) 2020-09-29T13:04:41.133+0200: 21.780: [ParNew: 560773K->9978K(613440K), 0.0072229 secs] 561163K->10368K(2029056K), 0.0072785 secs] [Times: user=0.00 sys=0.00, real=0.01 secs] 
2020-09-29T13:04:41.219+0200: 21.866: [GC (Allocation Failure) 2020-09-29T13:04:41.219+0200: 21.866: [ParNew: 555322K->8530K(613440K), 0.0064549 secs] 555712K->8920K(2029056K), 0.0065086 secs] [Times: user=0.13 sys=0.00, real=0.01 secs] 
2020-09-29T13:04:41.305+0200: 21.952: [GC (Allocation Failure) 2020-09-29T13:04:41.305+0200: 21.952: [ParNew: 553874K->6828K(613440K), 0.0051975 secs] 554264K->7218K(2029056K), 0.0052531 secs] [Times: user=0.00 sys=0.00, real=0.00 secs] 
2020-09-29T13:04:41.386+0200: 22.032: [GC (Allocation Failure) 2020-09-29T13:04:41.386+0200: 22.032: [ParNew: 552172K->4128K(613440K), 0.0041536 secs] 552562K->4518K(2029056K), 0.0042022 secs] [Times: user=0.00 sys=0.00, real=0.00 secs] 
2020-09-29T13:04:41.465+0200: 22.112: [GC (Allocation Failure) 2020-09-29T13:04:41.465+0200: 22.112: [ParNew: 549472K->72K(613440K), 0.0011609 secs] 549862K->462K(2029056K), 0.0012062 secs] [Times: user=0.00 sys=0.00, real=0.00 secs] 
2020-09-29T13:04:41.543+0200: 22.190: [GC (Allocation Failure) 2020-09-29T13:04:41.543+0200: 22.190: [ParNew: 545416K->12101K(613440K), 0.0093553 secs] 545806K->12491K(2029056K), 0.0094111 secs] [Times: user=0.13 sys=0.00, real=0.01 secs] 
Heap
 par new generation   total 613440K, used 546010K [0x0000000080000000, 0x00000000a9990000, 0x00000000a9990000)
  eden space 545344K,  97% used [0x0000000080000000, 0x00000000a0965330, 0x00000000a1490000)
  from space 68096K,  17% used [0x00000000a1490000, 0x00000000a2061710, 0x00000000a5710000)
  to   space 68096K,   0% used [0x00000000a5710000, 0x00000000a5710000, 0x00000000a9990000)
 concurrent mark-sweep generation total 1415616K, used 390K [0x00000000a9990000, 0x0000000100000000, 0x0000000100000000)
 Metaspace       used 2594K, capacity 4486K, committed 4864K, reserved 1056768K
  class space    used 285K, capacity 386K, committed 512K, reserved 1048576K
