Java HotSpot(TM) 64-Bit Server VM (25.261-b12) for windows-amd64 JRE (1.8.0_261-b12), built on Jun 18 2020 06:56:32 by "" with unknown MS VC++:1916
Memory: 4k page, physical 16659684k(8815060k free), swap 23213284k(7882572k free)
CommandLine flags: -XX:InitialHeapSize=2147483648 -XX:MaxHeapSize=2147483648 -XX:MaxNewSize=697933824 -XX:MaxTenuringThreshold=6 -XX:NewSize=697933824 -XX:OldPLABSize=16 -XX:OldSize=1395867648 -XX:+PrintGC -XX:+PrintGCDateStamps -XX:+PrintGCDetails -XX:+PrintGCTimeStamps -XX:+UseCompressedClassPointers -XX:+UseCompressedOops -XX:+UseConcMarkSweepGC -XX:-UseLargePagesIndividualAllocation -XX:+UseParNewGC 
2020-09-29T13:03:33.984+0200: 0.425: [GC (Allocation Failure) 2020-09-29T13:03:33.984+0200: 0.425: [ParNew: 545344K->4417K(613440K), 0.0122483 secs] 545344K->4417K(2029056K), 0.0123939 secs] [Times: user=0.00 sys=0.00, real=0.01 secs] 
2020-09-29T13:03:34.097+0200: 0.537: [GC (Allocation Failure) 2020-09-29T13:03:34.097+0200: 0.537: [ParNew: 549761K->4301K(613440K), 0.0066636 secs] 549761K->4301K(2029056K), 0.0067228 secs] [Times: user=0.11 sys=0.02, real=0.01 secs] 
2020-09-29T13:03:34.187+0200: 0.628: [GC (Allocation Failure) 2020-09-29T13:03:34.187+0200: 0.628: [ParNew: 549645K->971K(613440K), 0.0018053 secs] 549645K->971K(2029056K), 0.0018572 secs] [Times: user=0.00 sys=0.00, real=0.00 secs] 
2020-09-29T13:03:34.268+0200: 0.709: [GC (Allocation Failure) 2020-09-29T13:03:34.268+0200: 0.709: [ParNew: 546315K->12615K(613440K), 0.0132327 secs] 546315K->12615K(2029056K), 0.0132931 secs] [Times: user=0.09 sys=0.00, real=0.01 secs] 
2020-09-29T13:03:34.383+0200: 0.824: [GC (Allocation Failure) 2020-09-29T13:03:34.383+0200: 0.824: [ParNew: 557959K->17827K(613440K), 0.0130420 secs] 557959K->17827K(2029056K), 0.0131257 secs] [Times: user=0.11 sys=0.00, real=0.01 secs] 
2020-09-29T13:03:34.483+0200: 0.923: [GC (Allocation Failure) 2020-09-29T13:03:34.483+0200: 0.924: [ParNew: 563171K->12657K(613440K), 0.0095595 secs] 563171K->12657K(2029056K), 0.0096199 secs] [Times: user=0.13 sys=0.00, real=0.01 secs] 
2020-09-29T13:03:34.576+0200: 1.017: [GC (Allocation Failure) 2020-09-29T13:03:34.576+0200: 1.017: [ParNew: 558001K->7902K(613440K), 0.0092117 secs] 558001K->8292K(2029056K), 0.0092729 secs] [Times: user=0.11 sys=0.00, real=0.01 secs] 
2020-09-29T13:03:34.663+0200: 1.104: [GC (Allocation Failure) 2020-09-29T13:03:34.663+0200: 1.104: [ParNew: 553246K->7454K(613440K), 0.0066660 secs] 553636K->7844K(2029056K), 0.0067209 secs] [Times: user=0.00 sys=0.00, real=0.01 secs] 
2020-09-29T13:03:34.751+0200: 1.192: [GC (Allocation Failure) 2020-09-29T13:03:34.751+0200: 1.192: [ParNew: 552798K->5823K(613440K), 0.0055299 secs] 553188K->6213K(2029056K), 0.0056183 secs] [Times: user=0.13 sys=0.00, real=0.01 secs] 
2020-09-29T13:03:34.839+0200: 1.279: [GC (Allocation Failure) 2020-09-29T13:03:34.839+0200: 1.279: [ParNew: 551167K->163K(613440K), 0.0017274 secs] 551557K->553K(2029056K), 0.0017805 secs] [Times: user=0.00 sys=0.00, real=0.00 secs] 
2020-09-29T13:03:34.923+0200: 1.364: [GC (Allocation Failure) 2020-09-29T13:03:34.923+0200: 1.364: [ParNew: 545507K->12286K(613440K), 0.0110142 secs] 545897K->12676K(2029056K), 0.0110691 secs] [Times: user=0.13 sys=0.00, real=0.01 secs] 
2020-09-29T13:03:35.012+0200: 1.453: [GC (Allocation Failure) 2020-09-29T13:03:35.012+0200: 1.453: [ParNew: 557630K->17306K(613440K), 0.0094755 secs] 558020K->17696K(2029056K), 0.0095311 secs] [Times: user=0.13 sys=0.00, real=0.01 secs] 
2020-09-29T13:03:35.100+0200: 1.541: [GC (Allocation Failure) 2020-09-29T13:03:35.100+0200: 1.541: [ParNew: 562650K->12235K(613440K), 0.0085409 secs] 563040K->12625K(2029056K), 0.0085964 secs] [Times: user=0.00 sys=0.00, real=0.01 secs] 
2020-09-29T13:03:35.204+0200: 1.645: [GC (Allocation Failure) 2020-09-29T13:03:35.204+0200: 1.645: [ParNew: 557579K->8412K(613440K), 0.0091799 secs] 557969K->8802K(2029056K), 0.0092379 secs] [Times: user=0.13 sys=0.00, real=0.01 secs] 
2020-09-29T13:03:35.294+0200: 1.735: [GC (Allocation Failure) 2020-09-29T13:03:35.294+0200: 1.735: [ParNew: 553756K->7464K(613440K), 0.0067790 secs] 554146K->7854K(2029056K), 0.0068784 secs] [Times: user=0.00 sys=0.00, real=0.01 secs] 
2020-09-29T13:03:35.382+0200: 1.823: [GC (Allocation Failure) 2020-09-29T13:03:35.382+0200: 1.824: [ParNew: 552808K->5985K(613440K), 0.0059613 secs] 553198K->6376K(2029056K), 0.0060159 secs] [Times: user=0.00 sys=0.00, real=0.01 secs] 
2020-09-29T13:03:35.466+0200: 1.907: [GC (Allocation Failure) 2020-09-29T13:03:35.466+0200: 1.907: [ParNew: 550697K->220K(613440K), 0.0015484 secs] 551088K->610K(2029056K), 0.0015992 secs] [Times: user=0.00 sys=0.00, real=0.00 secs] 
2020-09-29T13:03:35.545+0200: 1.986: [GC (Allocation Failure) 2020-09-29T13:03:35.545+0200: 1.986: [ParNew: 545564K->12019K(613440K), 0.0100423 secs] 545954K->12409K(2029056K), 0.0101236 secs] [Times: user=0.13 sys=0.00, real=0.01 secs] 
2020-09-29T13:03:35.636+0200: 2.077: [GC (Allocation Failure) 2020-09-29T13:03:35.636+0200: 2.077: [ParNew: 557363K->16923K(613440K), 0.0095862 secs] 557753K->17313K(2029056K), 0.0096432 secs] [Times: user=0.11 sys=0.00, real=0.01 secs] 
2020-09-29T13:03:35.726+0200: 2.167: [GC (Allocation Failure) 2020-09-29T13:03:35.726+0200: 2.167: [ParNew: 562267K->11920K(613440K), 0.0081904 secs] 562657K->12310K(2029056K), 0.0082633 secs] [Times: user=0.00 sys=0.00, real=0.01 secs] 
2020-09-29T13:03:35.816+0200: 2.257: [GC (Allocation Failure) 2020-09-29T13:03:35.816+0200: 2.257: [ParNew: 557264K->8094K(613440K), 0.0081029 secs] 557654K->8484K(2029056K), 0.0081776 secs] [Times: user=0.09 sys=0.00, real=0.01 secs] 
2020-09-29T13:03:35.910+0200: 2.351: [GC (Allocation Failure) 2020-09-29T13:03:35.910+0200: 2.351: [ParNew: 553438K->7105K(613440K), 0.0065266 secs] 553828K->7495K(2029056K), 0.0065828 secs] [Times: user=0.00 sys=0.00, real=0.01 secs] 
2020-09-29T13:03:35.996+0200: 2.437: [GC (Allocation Failure) 2020-09-29T13:03:35.996+0200: 2.437: [ParNew: 552449K->5596K(613440K), 0.0053452 secs] 552839K->5987K(2029056K), 0.0053993 secs] [Times: user=0.00 sys=0.00, real=0.00 secs] 
2020-09-29T13:03:36.081+0200: 2.522: [GC (Allocation Failure) 2020-09-29T13:03:36.081+0200: 2.522: [ParNew: 550940K->151K(613440K), 0.0019273 secs] 551331K->541K(2029056K), 0.0019794 secs] [Times: user=0.11 sys=0.00, real=0.00 secs] 
2020-09-29T13:03:36.162+0200: 2.602: [GC (Allocation Failure) 2020-09-29T13:03:36.162+0200: 2.602: [ParNew: 545495K->12217K(613440K), 0.0107518 secs] 545885K->12607K(2029056K), 0.0108057 secs] [Times: user=0.00 sys=0.00, real=0.01 secs] 
2020-09-29T13:03:36.254+0200: 2.695: [GC (Allocation Failure) 2020-09-29T13:03:36.254+0200: 2.695: [ParNew: 557561K->17295K(613440K), 0.0095877 secs] 557951K->17685K(2029056K), 0.0096733 secs] [Times: user=0.00 sys=0.00, real=0.01 secs] 
2020-09-29T13:03:36.344+0200: 2.784: [GC (Allocation Failure) 2020-09-29T13:03:36.344+0200: 2.784: [ParNew: 562639K->12228K(613440K), 0.0089273 secs] 563029K->12618K(2029056K), 0.0089858 secs] [Times: user=0.13 sys=0.00, real=0.01 secs] 
2020-09-29T13:03:36.432+0200: 2.872: [GC (Allocation Failure) 2020-09-29T13:03:36.432+0200: 2.872: [ParNew: 557572K->8526K(613440K), 0.0073877 secs] 557962K->8916K(2029056K), 0.0074461 secs] [Times: user=0.00 sys=0.00, real=0.01 secs] 
2020-09-29T13:03:36.534+0200: 2.974: [GC (Allocation Failure) 2020-09-29T13:03:36.534+0200: 2.974: [ParNew: 553870K->7605K(613440K), 0.0076292 secs] 554260K->7995K(2029056K), 0.0076899 secs] [Times: user=0.09 sys=0.00, real=0.01 secs] 
2020-09-29T13:03:36.678+0200: 3.119: [GC (Allocation Failure) 2020-09-29T13:03:36.679+0200: 3.119: [ParNew: 552949K->4231K(613440K), 0.0064660 secs] 553339K->4621K(2029056K), 0.0065411 secs] [Times: user=0.00 sys=0.00, real=0.01 secs] 
2020-09-29T13:03:36.803+0200: 3.244: [GC (Allocation Failure) 2020-09-29T13:03:36.804+0200: 3.244: [ParNew: 549575K->138K(613440K), 0.0024590 secs] 549965K->529K(2029056K), 0.0025179 secs] [Times: user=0.00 sys=0.00, real=0.00 secs] 
2020-09-29T13:03:36.956+0200: 3.396: [GC (Allocation Failure) 2020-09-29T13:03:36.956+0200: 3.396: [ParNew: 545482K->12202K(613440K), 0.0115721 secs] 545873K->12592K(2029056K), 0.0116698 secs] [Times: user=0.08 sys=0.00, real=0.01 secs] 
2020-09-29T13:03:37.111+0200: 3.552: [GC (Allocation Failure) 2020-09-29T13:03:37.111+0200: 3.552: [ParNew: 557546K->17300K(613440K), 0.0108540 secs] 557936K->17691K(2029056K), 0.0109290 secs] [Times: user=0.13 sys=0.00, real=0.01 secs] 
2020-09-29T13:03:37.244+0200: 3.685: [GC (Allocation Failure) 2020-09-29T13:03:37.244+0200: 3.685: [ParNew: 562644K->11587K(613440K), 0.0099150 secs] 563035K->11977K(2029056K), 0.0099894 secs] [Times: user=0.00 sys=0.00, real=0.01 secs] 
2020-09-29T13:03:37.393+0200: 3.834: [GC (Allocation Failure) 2020-09-29T13:03:37.393+0200: 3.834: [ParNew: 556931K->8405K(613440K), 0.0090906 secs] 557321K->8796K(2029056K), 0.0091638 secs] [Times: user=0.13 sys=0.00, real=0.01 secs] 
2020-09-29T13:03:37.594+0200: 4.035: [GC (Allocation Failure) 2020-09-29T13:03:37.594+0200: 4.035: [ParNew: 553749K->6750K(613440K), 0.0092707 secs] 554140K->7141K(2029056K), 0.0093534 secs] [Times: user=0.08 sys=0.00, real=0.01 secs] 
2020-09-29T13:03:37.779+0200: 4.220: [GC (Allocation Failure) 2020-09-29T13:03:37.779+0200: 4.220: [ParNew: 552094K->5266K(613440K), 0.0065076 secs] 552485K->5656K(2029056K), 0.0065867 secs] [Times: user=0.09 sys=0.00, real=0.01 secs] 
2020-09-29T13:03:37.916+0200: 4.356: [GC (Allocation Failure) 2020-09-29T13:03:37.916+0200: 4.356: [ParNew: 550610K->155K(613440K), 0.0024494 secs] 551000K->545K(2029056K), 0.0025128 secs] [Times: user=0.00 sys=0.00, real=0.00 secs] 
2020-09-29T13:03:38.019+0200: 4.459: [GC (Allocation Failure) 2020-09-29T13:03:38.019+0200: 4.459: [ParNew: 545499K->12205K(613440K), 0.0113860 secs] 545889K->12596K(2029056K), 0.0114749 secs] [Times: user=0.11 sys=0.00, real=0.01 secs] 
2020-09-29T13:03:38.124+0200: 4.565: [GC (Allocation Failure) 2020-09-29T13:03:38.124+0200: 4.565: [ParNew: 557549K->17322K(613440K), 0.0108287 secs] 557940K->17712K(2029056K), 0.0108887 secs] [Times: user=0.13 sys=0.00, real=0.01 secs] 
2020-09-29T13:03:38.229+0200: 4.670: [GC (Allocation Failure) 2020-09-29T13:03:38.229+0200: 4.670: [ParNew: 562666K->11894K(613440K), 0.0097762 secs] 563056K->12284K(2029056K), 0.0098384 secs] [Times: user=0.13 sys=0.00, real=0.01 secs] 
2020-09-29T13:03:38.326+0200: 4.766: [GC (Allocation Failure) 2020-09-29T13:03:38.326+0200: 4.766: [ParNew: 557238K->7765K(613440K), 0.0072950 secs] 557628K->8156K(2029056K), 0.0073494 secs] [Times: user=0.13 sys=0.00, real=0.01 secs] 
2020-09-29T13:03:38.417+0200: 4.857: [GC (Allocation Failure) 2020-09-29T13:03:38.417+0200: 4.857: [ParNew: 553109K->6637K(613440K), 0.0064363 secs] 553500K->7027K(2029056K), 0.0065204 secs] [Times: user=0.00 sys=0.00, real=0.01 secs] 
2020-09-29T13:03:38.509+0200: 4.950: [GC (Allocation Failure) 2020-09-29T13:03:38.509+0200: 4.950: [ParNew: 551981K->4080K(613440K), 0.0050091 secs] 552371K->4470K(2029056K), 0.0050748 secs] [Times: user=0.00 sys=0.00, real=0.01 secs] 
2020-09-29T13:03:38.598+0200: 5.038: [GC (Allocation Failure) 2020-09-29T13:03:38.598+0200: 5.038: [ParNew: 549424K->71K(613440K), 0.0019359 secs] 549814K->461K(2029056K), 0.0019912 secs] [Times: user=0.13 sys=0.00, real=0.00 secs] 
2020-09-29T13:03:38.680+0200: 5.120: [GC (Allocation Failure) 2020-09-29T13:03:38.680+0200: 5.120: [ParNew: 545415K->12101K(613440K), 0.0104278 secs] 545805K->12492K(2029056K), 0.0104914 secs] [Times: user=0.00 sys=0.00, real=0.01 secs] 
2020-09-29T13:03:38.783+0200: 5.224: [GC (Allocation Failure) 2020-09-29T13:03:38.783+0200: 5.224: [ParNew: 557445K->17116K(613440K), 0.0100816 secs] 557836K->17506K(2029056K), 0.0101378 secs] [Times: user=0.13 sys=0.00, real=0.01 secs] 
2020-09-29T13:03:38.877+0200: 5.317: [GC (Allocation Failure) 2020-09-29T13:03:38.877+0200: 5.317: [ParNew: 562460K->12047K(613440K), 0.0087228 secs] 562850K->12437K(2029056K), 0.0087759 secs] [Times: user=0.13 sys=0.00, real=0.01 secs] 
2020-09-29T13:03:38.972+0200: 5.412: [GC (Allocation Failure) 2020-09-29T13:03:38.972+0200: 5.412: [ParNew: 557391K->8016K(613440K), 0.0076794 secs] 557781K->8406K(2029056K), 0.0077391 secs] [Times: user=0.13 sys=0.00, real=0.01 secs] 
2020-09-29T13:03:39.059+0200: 5.499: [GC (Allocation Failure) 2020-09-29T13:03:39.059+0200: 5.499: [ParNew: 553360K->6733K(613440K), 0.0062585 secs] 553750K->7123K(2029056K), 0.0063187 secs] [Times: user=0.00 sys=0.00, real=0.01 secs] 
2020-09-29T13:03:39.142+0200: 5.583: [GC (Allocation Failure) 2020-09-29T13:03:39.142+0200: 5.583: [ParNew: 550178K->273K(613440K), 0.0014946 secs] 550569K->664K(2029056K), 0.0015464 secs] [Times: user=0.00 sys=0.00, real=0.00 secs] 
2020-09-29T13:03:39.219+0200: 5.660: [GC (Allocation Failure) 2020-09-29T13:03:39.219+0200: 5.660: [ParNew: 545617K->12088K(613440K), 0.0101093 secs] 546008K->12479K(2029056K), 0.0101698 secs] [Times: user=0.13 sys=0.00, real=0.01 secs] 
2020-09-29T13:03:39.305+0200: 5.746: [GC (Allocation Failure) 2020-09-29T13:03:39.305+0200: 5.746: [ParNew: 557432K->17193K(613440K), 0.0093869 secs] 557823K->17583K(2029056K), 0.0094416 secs] [Times: user=0.00 sys=0.00, real=0.01 secs] 
2020-09-29T13:03:39.392+0200: 5.833: [GC (Allocation Failure) 2020-09-29T13:03:39.392+0200: 5.833: [ParNew: 562537K->12063K(613440K), 0.0084506 secs] 562927K->12454K(2029056K), 0.0085475 secs] [Times: user=0.13 sys=0.00, real=0.01 secs] 
2020-09-29T13:03:39.487+0200: 5.927: [GC (Allocation Failure) 2020-09-29T13:03:39.487+0200: 5.927: [ParNew: 557407K->8264K(613440K), 0.0076259 secs] 557798K->8654K(2029056K), 0.0076806 secs] [Times: user=0.13 sys=0.00, real=0.01 secs] 
2020-09-29T13:03:39.578+0200: 6.018: [GC (Allocation Failure) 2020-09-29T13:03:39.578+0200: 6.018: [ParNew: 553608K->7375K(613440K), 0.0068581 secs] 553998K->7765K(2029056K), 0.0069185 secs] [Times: user=0.13 sys=0.00, real=0.01 secs] 
2020-09-29T13:03:39.666+0200: 6.107: [GC (Allocation Failure) 2020-09-29T13:03:39.666+0200: 6.107: [ParNew: 552719K->5828K(613440K), 0.0056933 secs] 553109K->6219K(2029056K), 0.0057466 secs] [Times: user=0.00 sys=0.00, real=0.01 secs] 
2020-09-29T13:03:39.748+0200: 6.188: [GC (Allocation Failure) 2020-09-29T13:03:39.748+0200: 6.188: [ParNew: 551172K->168K(613440K), 0.0013827 secs] 551563K->558K(2029056K), 0.0014324 secs] [Times: user=0.00 sys=0.00, real=0.00 secs] 
2020-09-29T13:03:39.827+0200: 6.268: [GC (Allocation Failure) 2020-09-29T13:03:39.827+0200: 6.268: [ParNew: 545512K->12331K(613440K), 0.0101876 secs] 545902K->12721K(2029056K), 0.0102899 secs] [Times: user=0.13 sys=0.00, real=0.01 secs] 
2020-09-29T13:03:39.921+0200: 6.362: [GC (Allocation Failure) 2020-09-29T13:03:39.921+0200: 6.362: [ParNew: 557675K->17399K(613440K), 0.0095351 secs] 558065K->17789K(2029056K), 0.0095917 secs] [Times: user=0.13 sys=0.00, real=0.01 secs] 
2020-09-29T13:03:40.011+0200: 6.452: [GC (Allocation Failure) 2020-09-29T13:03:40.011+0200: 6.452: [ParNew: 562743K->12126K(613440K), 0.0081138 secs] 563133K->12516K(2029056K), 0.0081694 secs] [Times: user=0.13 sys=0.00, real=0.01 secs] 
2020-09-29T13:03:40.097+0200: 6.537: [GC (Allocation Failure) 2020-09-29T13:03:40.097+0200: 6.537: [ParNew: 557470K->8156K(613440K), 0.0076238 secs] 557860K->8547K(2029056K), 0.0076998 secs] [Times: user=0.11 sys=0.00, real=0.01 secs] 
2020-09-29T13:03:40.182+0200: 6.622: [GC (Allocation Failure) 2020-09-29T13:03:40.182+0200: 6.622: [ParNew: 553500K->7129K(613440K), 0.0061507 secs] 553891K->7520K(2029056K), 0.0062043 secs] [Times: user=0.00 sys=0.00, real=0.01 secs] 
2020-09-29T13:03:40.265+0200: 6.705: [GC (Allocation Failure) 2020-09-29T13:03:40.265+0200: 6.705: [ParNew: 552473K->4294K(613440K), 0.0049241 secs] 552864K->4684K(2029056K), 0.0049775 secs] [Times: user=0.13 sys=0.00, real=0.00 secs] 
2020-09-29T13:03:40.347+0200: 6.788: [GC (Allocation Failure) 2020-09-29T13:03:40.347+0200: 6.788: [ParNew: 549638K->90K(613440K), 0.0018488 secs] 550028K->480K(2029056K), 0.0019001 secs] [Times: user=0.13 sys=0.00, real=0.00 secs] 
2020-09-29T13:03:40.431+0200: 6.871: [GC (Allocation Failure) 2020-09-29T13:03:40.431+0200: 6.871: [ParNew: 545434K->11756K(613440K), 0.0104030 secs] 545824K->12146K(2029056K), 0.0104965 secs] [Times: user=0.00 sys=0.00, real=0.01 secs] 
2020-09-29T13:03:40.526+0200: 6.967: [GC (Allocation Failure) 2020-09-29T13:03:40.526+0200: 6.967: [ParNew: 557100K->16637K(613440K), 0.0092130 secs] 557490K->17027K(2029056K), 0.0092756 secs] [Times: user=0.00 sys=0.00, real=0.01 secs] 
2020-09-29T13:03:40.616+0200: 7.056: [GC (Allocation Failure) 2020-09-29T13:03:40.616+0200: 7.056: [ParNew: 561981K->11610K(613440K), 0.0083880 secs] 562371K->12000K(2029056K), 0.0084435 secs] [Times: user=0.00 sys=0.00, real=0.01 secs] 
2020-09-29T13:03:40.705+0200: 7.145: [GC (Allocation Failure) 2020-09-29T13:03:40.705+0200: 7.145: [ParNew: 556954K->7916K(613440K), 0.0072583 secs] 557344K->8306K(2029056K), 0.0073131 secs] [Times: user=0.13 sys=0.00, real=0.01 secs] 
2020-09-29T13:03:40.797+0200: 7.238: [GC (Allocation Failure) 2020-09-29T13:03:40.797+0200: 7.238: [ParNew: 553260K->7037K(613440K), 0.0071384 secs] 553650K->7427K(2029056K), 0.0071978 secs] [Times: user=0.13 sys=0.00, real=0.01 secs] 
2020-09-29T13:03:40.899+0200: 7.339: [GC (Allocation Failure) 2020-09-29T13:03:40.899+0200: 7.339: [ParNew: 552381K->5533K(613440K), 0.0058634 secs] 552771K->5923K(2029056K), 0.0059197 secs] [Times: user=0.00 sys=0.00, real=0.01 secs] 
2020-09-29T13:03:40.987+0200: 7.427: [GC (Allocation Failure) 2020-09-29T13:03:40.987+0200: 7.427: [ParNew: 550877K->184K(613440K), 0.0017833 secs] 551267K->574K(2029056K), 0.0018350 secs] [Times: user=0.00 sys=0.00, real=0.00 secs] 
2020-09-29T13:03:41.070+0200: 7.511: [GC (Allocation Failure) 2020-09-29T13:03:41.070+0200: 7.511: [ParNew: 545528K->12225K(613440K), 0.0107883 secs] 545918K->12615K(2029056K), 0.0108516 secs] [Times: user=0.00 sys=0.00, real=0.01 secs] 
2020-09-29T13:03:41.161+0200: 7.602: [GC (Allocation Failure) 2020-09-29T13:03:41.161+0200: 7.602: [ParNew: 557569K->16392K(613440K), 0.0095363 secs] 557959K->16782K(2029056K), 0.0095952 secs] [Times: user=0.00 sys=0.00, real=0.01 secs] 
2020-09-29T13:03:41.265+0200: 7.706: [GC (Allocation Failure) 2020-09-29T13:03:41.265+0200: 7.706: [ParNew: 561736K->10660K(613440K), 0.0103188 secs] 562126K->11050K(2029056K), 0.0103827 secs] [Times: user=0.11 sys=0.00, real=0.01 secs] 
2020-09-29T13:03:41.360+0200: 7.801: [GC (Allocation Failure) 2020-09-29T13:03:41.360+0200: 7.801: [ParNew: 556004K->7041K(613440K), 0.0078333 secs] 556394K->7431K(2029056K), 0.0078923 secs] [Times: user=0.11 sys=0.00, real=0.01 secs] 
2020-09-29T13:03:41.451+0200: 7.892: [GC (Allocation Failure) 2020-09-29T13:03:41.451+0200: 7.892: [ParNew: 552385K->6052K(613440K), 0.0065290 secs] 552775K->6442K(2029056K), 0.0065975 secs] [Times: user=0.11 sys=0.00, real=0.01 secs] 
2020-09-29T13:03:41.540+0200: 7.981: [GC (Allocation Failure) 2020-09-29T13:03:41.540+0200: 7.981: [ParNew: 551396K->4651K(613440K), 0.0050675 secs] 551786K->5041K(2029056K), 0.0051232 secs] [Times: user=0.00 sys=0.00, real=0.01 secs] 
2020-09-29T13:03:41.644+0200: 8.085: [GC (Allocation Failure) 2020-09-29T13:03:41.645+0200: 8.085: [ParNew: 549995K->101K(613440K), 0.0022114 secs] 550385K->491K(2029056K), 0.0022689 secs] [Times: user=0.02 sys=0.00, real=0.00 secs] 
2020-09-29T13:03:41.730+0200: 8.171: [GC (Allocation Failure) 2020-09-29T13:03:41.730+0200: 8.171: [ParNew: 545445K->12166K(613440K), 0.0114231 secs] 545835K->12556K(2029056K), 0.0114821 secs] [Times: user=0.13 sys=0.00, real=0.01 secs] 
2020-09-29T13:03:41.823+0200: 8.263: [GC (Allocation Failure) 2020-09-29T13:03:41.823+0200: 8.263: [ParNew: 557510K->17147K(613440K), 0.0093399 secs] 557900K->17537K(2029056K), 0.0093943 secs] [Times: user=0.00 sys=0.00, real=0.01 secs] 
2020-09-29T13:03:41.912+0200: 8.353: [GC (Allocation Failure) 2020-09-29T13:03:41.912+0200: 8.353: [ParNew: 562491K->12055K(613440K), 0.0084453 secs] 562881K->12445K(2029056K), 0.0085012 secs] [Times: user=0.00 sys=0.00, real=0.01 secs] 
2020-09-29T13:03:42.014+0200: 8.455: [GC (Allocation Failure) 2020-09-29T13:03:42.014+0200: 8.455: [ParNew: 557399K->8018K(613440K), 0.0074677 secs] 557789K->8408K(2029056K), 0.0075249 secs] [Times: user=0.13 sys=0.00, real=0.01 secs] 
2020-09-29T13:03:42.101+0200: 8.542: [GC (Allocation Failure) 2020-09-29T13:03:42.101+0200: 8.542: [ParNew: 553362K->6734K(613440K), 0.0068060 secs] 553752K->7124K(2029056K), 0.0068665 secs] [Times: user=0.00 sys=0.00, real=0.01 secs] 
2020-09-29T13:03:42.186+0200: 8.627: [GC (Allocation Failure) 2020-09-29T13:03:42.187+0200: 8.627: [ParNew: 550179K->273K(613440K), 0.0014900 secs] 550569K->664K(2029056K), 0.0015447 secs] [Times: user=0.00 sys=0.00, real=0.00 secs] 
2020-09-29T13:03:42.270+0200: 8.711: [GC (Allocation Failure) 2020-09-29T13:03:42.270+0200: 8.711: [ParNew: 545617K->12225K(613440K), 0.0106474 secs] 546008K->12616K(2029056K), 0.0106990 secs] [Times: user=0.00 sys=0.00, real=0.01 secs] 
2020-09-29T13:03:42.362+0200: 8.803: [GC (Allocation Failure) 2020-09-29T13:03:42.362+0200: 8.803: [ParNew: 557569K->17193K(613440K), 0.0099358 secs] 557960K->17583K(2029056K), 0.0100104 secs] [Times: user=0.11 sys=0.00, real=0.01 secs] 
2020-09-29T13:03:42.458+0200: 8.899: [GC (Allocation Failure) 2020-09-29T13:03:42.458+0200: 8.899: [ParNew: 562537K->12063K(613440K), 0.0086997 secs] 562927K->12454K(2029056K), 0.0087567 secs] [Times: user=0.00 sys=0.00, real=0.01 secs] 
2020-09-29T13:03:42.548+0200: 8.989: [GC (Allocation Failure) 2020-09-29T13:03:42.548+0200: 8.989: [ParNew: 557407K->8264K(613440K), 0.0076374 secs] 557798K->8654K(2029056K), 0.0076888 secs] [Times: user=0.13 sys=0.00, real=0.01 secs] 
2020-09-29T13:03:42.639+0200: 9.080: [GC (Allocation Failure) 2020-09-29T13:03:42.639+0200: 9.080: [ParNew: 553608K->7375K(613440K), 0.0069566 secs] 553998K->7765K(2029056K), 0.0070142 secs] [Times: user=0.13 sys=0.00, real=0.01 secs] 
2020-09-29T13:03:42.724+0200: 9.165: [GC (Allocation Failure) 2020-09-29T13:03:42.724+0200: 9.165: [ParNew: 552719K->5828K(613440K), 0.0054420 secs] 553109K->6219K(2029056K), 0.0054976 secs] [Times: user=0.00 sys=0.00, real=0.01 secs] 
2020-09-29T13:03:42.811+0200: 9.252: [GC (Allocation Failure) 2020-09-29T13:03:42.811+0200: 9.252: [ParNew: 551172K->168K(613440K), 0.0018915 secs] 551563K->558K(2029056K), 0.0019450 secs] [Times: user=0.00 sys=0.00, real=0.00 secs] 
2020-09-29T13:03:42.895+0200: 9.336: [GC (Allocation Failure) 2020-09-29T13:03:42.895+0200: 9.336: [ParNew: 545512K->12331K(613440K), 0.0114893 secs] 545902K->12721K(2029056K), 0.0115464 secs] [Times: user=0.00 sys=0.00, real=0.01 secs] 
2020-09-29T13:03:42.988+0200: 9.429: [GC (Allocation Failure) 2020-09-29T13:03:42.988+0200: 9.429: [ParNew: 557675K->16434K(613440K), 0.0096535 secs] 558065K->16824K(2029056K), 0.0097101 secs] [Times: user=0.00 sys=0.00, real=0.01 secs] 
2020-09-29T13:03:43.081+0200: 9.522: [GC (Allocation Failure) 2020-09-29T13:03:43.081+0200: 9.522: [ParNew: 561778K->12126K(613440K), 0.0083185 secs] 562168K->12516K(2029056K), 0.0083759 secs] [Times: user=0.13 sys=0.00, real=0.01 secs] 
2020-09-29T13:03:43.168+0200: 9.609: [GC (Allocation Failure) 2020-09-29T13:03:43.168+0200: 9.609: [ParNew: 557470K->8156K(613440K), 0.0074298 secs] 557860K->8547K(2029056K), 0.0074811 secs] [Times: user=0.00 sys=0.00, real=0.01 secs] 
2020-09-29T13:03:43.256+0200: 9.697: [GC (Allocation Failure) 2020-09-29T13:03:43.256+0200: 9.697: [ParNew: 553500K->7129K(613440K), 0.0061780 secs] 553891K->7520K(2029056K), 0.0062470 secs] [Times: user=0.00 sys=0.00, real=0.01 secs] 
2020-09-29T13:03:43.338+0200: 9.779: [GC (Allocation Failure) 2020-09-29T13:03:43.338+0200: 9.779: [ParNew: 552473K->4294K(613440K), 0.0048563 secs] 552864K->4684K(2029056K), 0.0049088 secs] [Times: user=0.00 sys=0.00, real=0.00 secs] 
2020-09-29T13:03:43.422+0200: 9.863: [GC (Allocation Failure) 2020-09-29T13:03:43.422+0200: 9.863: [ParNew: 549638K->90K(613440K), 0.0018771 secs] 550028K->480K(2029056K), 0.0019293 secs] [Times: user=0.00 sys=0.00, real=0.00 secs] 
2020-09-29T13:03:43.506+0200: 9.947: [GC (Allocation Failure) 2020-09-29T13:03:43.506+0200: 9.947: [ParNew: 545434K->11801K(613440K), 0.0102269 secs] 545824K->12192K(2029056K), 0.0103410 secs] [Times: user=0.00 sys=0.00, real=0.01 secs] 
2020-09-29T13:03:43.598+0200: 10.039: [GC (Allocation Failure) 2020-09-29T13:03:43.598+0200: 10.039: [ParNew: 557145K->16637K(613440K), 0.0100495 secs] 557536K->17027K(2029056K), 0.0101053 secs] [Times: user=0.00 sys=0.00, real=0.01 secs] 
2020-09-29T13:03:43.690+0200: 10.131: [GC (Allocation Failure) 2020-09-29T13:03:43.690+0200: 10.131: [ParNew: 561981K->11610K(613440K), 0.0082853 secs] 562371K->12000K(2029056K), 0.0083407 secs] [Times: user=0.13 sys=0.00, real=0.01 secs] 
2020-09-29T13:03:43.777+0200: 10.217: [GC (Allocation Failure) 2020-09-29T13:03:43.777+0200: 10.217: [ParNew: 556954K->7916K(613440K), 0.0074532 secs] 557344K->8306K(2029056K), 0.0075073 secs] [Times: user=0.00 sys=0.00, real=0.01 secs] 
2020-09-29T13:03:43.862+0200: 10.303: [GC (Allocation Failure) 2020-09-29T13:03:43.862+0200: 10.303: [ParNew: 553260K->7037K(613440K), 0.0067258 secs] 553650K->7427K(2029056K), 0.0067746 secs] [Times: user=0.13 sys=0.00, real=0.01 secs] 
2020-09-29T13:03:43.948+0200: 10.389: [GC (Allocation Failure) 2020-09-29T13:03:43.948+0200: 10.389: [ParNew: 552381K->5533K(613440K), 0.0056224 secs] 552771K->5923K(2029056K), 0.0056772 secs] [Times: user=0.00 sys=0.00, real=0.01 secs] 
2020-09-29T13:03:44.033+0200: 10.473: [GC (Allocation Failure) 2020-09-29T13:03:44.033+0200: 10.473: [ParNew: 550877K->184K(613440K), 0.0017480 secs] 551267K->574K(2029056K), 0.0017999 secs] [Times: user=0.00 sys=0.00, real=0.00 secs] 
2020-09-29T13:03:44.115+0200: 10.556: [GC (Allocation Failure) 2020-09-29T13:03:44.115+0200: 10.556: [ParNew: 545528K->12317K(613440K), 0.0108555 secs] 545918K->12707K(2029056K), 0.0109105 secs] [Times: user=0.00 sys=0.00, real=0.01 secs] 
2020-09-29T13:03:44.205+0200: 10.646: [GC (Allocation Failure) 2020-09-29T13:03:44.205+0200: 10.646: [ParNew: 557661K->16392K(613440K), 0.0093445 secs] 558051K->16782K(2029056K), 0.0093982 secs] [Times: user=0.13 sys=0.00, real=0.01 secs] 
2020-09-29T13:03:44.291+0200: 10.732: [GC (Allocation Failure) 2020-09-29T13:03:44.291+0200: 10.732: [ParNew: 561736K->11903K(613440K), 0.0080426 secs] 562126K->12294K(2029056K), 0.0080972 secs] [Times: user=0.00 sys=0.00, real=0.01 secs] 
2020-09-29T13:03:44.376+0200: 10.818: [GC (Allocation Failure) 2020-09-29T13:03:44.376+0200: 10.818: [ParNew: 557247K->7768K(613440K), 0.0072424 secs] 557638K->8158K(2029056K), 0.0072987 secs] [Times: user=0.13 sys=0.00, real=0.01 secs] 
2020-09-29T13:03:44.460+0200: 10.901: [GC (Allocation Failure) 2020-09-29T13:03:44.460+0200: 10.901: [ParNew: 553112K->6638K(613440K), 0.0059029 secs] 553502K->7028K(2029056K), 0.0059572 secs] [Times: user=0.00 sys=0.00, real=0.01 secs] 
2020-09-29T13:03:44.544+0200: 10.986: [GC (Allocation Failure) 2020-09-29T13:03:44.544+0200: 10.986: [ParNew: 551982K->3814K(613440K), 0.0048989 secs] 552372K->4204K(2029056K), 0.0049523 secs] [Times: user=0.00 sys=0.00, real=0.01 secs] 
2020-09-29T13:03:44.632+0200: 11.073: [GC (Allocation Failure) 2020-09-29T13:03:44.632+0200: 11.073: [ParNew: 549158K->71K(613440K), 0.0017835 secs] 549548K->461K(2029056K), 0.0018362 secs] [Times: user=0.00 sys=0.00, real=0.00 secs] 
2020-09-29T13:03:44.719+0200: 11.160: [GC (Allocation Failure) 2020-09-29T13:03:44.719+0200: 11.160: [ParNew: 545415K->12088K(613440K), 0.0117732 secs] 545805K->12478K(2029056K), 0.0118353 secs] [Times: user=0.11 sys=0.00, real=0.01 secs] 
2020-09-29T13:03:44.821+0200: 11.262: [GC (Allocation Failure) 2020-09-29T13:03:44.821+0200: 11.262: [ParNew: 557432K->17117K(613440K), 0.0097106 secs] 557822K->17507K(2029056K), 0.0097675 secs] [Times: user=0.00 sys=0.00, real=0.01 secs] 
2020-09-29T13:03:44.910+0200: 11.351: [GC (Allocation Failure) 2020-09-29T13:03:44.910+0200: 11.351: [ParNew: 562461K->12047K(613440K), 0.0082731 secs] 562851K->12437K(2029056K), 0.0083654 secs] [Times: user=0.00 sys=0.00, real=0.01 secs] 
2020-09-29T13:03:44.996+0200: 11.438: [GC (Allocation Failure) 2020-09-29T13:03:44.996+0200: 11.438: [ParNew: 557391K->8017K(613440K), 0.0069763 secs] 557781K->8407K(2029056K), 0.0070329 secs] [Times: user=0.00 sys=0.00, real=0.01 secs] 
2020-09-29T13:03:45.083+0200: 11.525: [GC (Allocation Failure) 2020-09-29T13:03:45.083+0200: 11.525: [ParNew: 553361K->6734K(613440K), 0.0064052 secs] 553751K->7124K(2029056K), 0.0064597 secs] [Times: user=0.00 sys=0.00, real=0.01 secs] 
2020-09-29T13:03:45.167+0200: 11.609: [GC (Allocation Failure) 2020-09-29T13:03:45.167+0200: 11.609: [ParNew: 550178K->273K(613440K), 0.0014328 secs] 550569K->664K(2029056K), 0.0014846 secs] [Times: user=0.00 sys=0.00, real=0.00 secs] 
2020-09-29T13:03:45.244+0200: 11.686: [GC (Allocation Failure) 2020-09-29T13:03:45.244+0200: 11.686: [ParNew: 545617K->12088K(613440K), 0.0104439 secs] 546008K->12479K(2029056K), 0.0105012 secs] [Times: user=0.13 sys=0.00, real=0.01 secs] 
2020-09-29T13:03:45.331+0200: 11.772: [GC (Allocation Failure) 2020-09-29T13:03:45.331+0200: 11.772: [ParNew: 557432K->17193K(613440K), 0.0093414 secs] 557823K->17583K(2029056K), 0.0094005 secs] [Times: user=0.13 sys=0.00, real=0.01 secs] 
2020-09-29T13:03:45.420+0200: 11.860: [GC (Allocation Failure) 2020-09-29T13:03:45.420+0200: 11.860: [ParNew: 562537K->12063K(613440K), 0.0086787 secs] 562927K->12454K(2029056K), 0.0087338 secs] [Times: user=0.13 sys=0.00, real=0.01 secs] 
2020-09-29T13:03:45.507+0200: 11.948: [GC (Allocation Failure) 2020-09-29T13:03:45.507+0200: 11.948: [ParNew: 557407K->8264K(613440K), 0.0077732 secs] 557798K->8654K(2029056K), 0.0078316 secs] [Times: user=0.00 sys=0.00, real=0.01 secs] 
2020-09-29T13:03:45.595+0200: 12.035: [GC (Allocation Failure) 2020-09-29T13:03:45.595+0200: 12.036: [ParNew: 553608K->6697K(613440K), 0.0071895 secs] 553998K->7087K(2029056K), 0.0072453 secs] [Times: user=0.11 sys=0.00, real=0.01 secs] 
2020-09-29T13:03:45.679+0200: 12.119: [GC (Allocation Failure) 2020-09-29T13:03:45.679+0200: 12.119: [ParNew: 552041K->5828K(613440K), 0.0054332 secs] 552431K->6219K(2029056K), 0.0054899 secs] [Times: user=0.00 sys=0.00, real=0.01 secs] 
2020-09-29T13:03:45.762+0200: 12.202: [GC (Allocation Failure) 2020-09-29T13:03:45.762+0200: 12.202: [ParNew: 551172K->168K(613440K), 0.0016730 secs] 551563K->558K(2029056K), 0.0017241 secs] [Times: user=0.00 sys=0.00, real=0.00 secs] 
2020-09-29T13:03:45.840+0200: 12.281: [GC (Allocation Failure) 2020-09-29T13:03:45.840+0200: 12.281: [ParNew: 545512K->12331K(613440K), 0.0101830 secs] 545902K->12721K(2029056K), 0.0102650 secs] [Times: user=0.13 sys=0.00, real=0.01 secs] 
2020-09-29T13:03:45.931+0200: 12.371: [GC (Allocation Failure) 2020-09-29T13:03:45.931+0200: 12.371: [ParNew: 557675K->17399K(613440K), 0.0096066 secs] 558065K->17789K(2029056K), 0.0096634 secs] [Times: user=0.00 sys=0.00, real=0.01 secs] 
2020-09-29T13:03:46.018+0200: 12.459: [GC (Allocation Failure) 2020-09-29T13:03:46.018+0200: 12.459: [ParNew: 562743K->12126K(613440K), 0.0083861 secs] 563133K->12516K(2029056K), 0.0084406 secs] [Times: user=0.13 sys=0.00, real=0.01 secs] 
2020-09-29T13:03:46.106+0200: 12.546: [GC (Allocation Failure) 2020-09-29T13:03:46.106+0200: 12.546: [ParNew: 557470K->8156K(613440K), 0.0077831 secs] 557860K->8547K(2029056K), 0.0078561 secs] [Times: user=0.00 sys=0.00, real=0.01 secs] 
2020-09-29T13:03:46.192+0200: 12.633: [GC (Allocation Failure) 2020-09-29T13:03:46.192+0200: 12.633: [ParNew: 553500K->7129K(613440K), 0.0063094 secs] 553891K->7520K(2029056K), 0.0063657 secs] [Times: user=0.00 sys=0.00, real=0.01 secs] 
2020-09-29T13:03:46.275+0200: 12.716: [GC (Allocation Failure) 2020-09-29T13:03:46.275+0200: 12.716: [ParNew: 552473K->4294K(613440K), 0.0046268 secs] 552864K->4684K(2029056K), 0.0047326 secs] [Times: user=0.00 sys=0.00, real=0.00 secs] 
2020-09-29T13:03:46.357+0200: 12.798: [GC (Allocation Failure) 2020-09-29T13:03:46.357+0200: 12.798: [ParNew: 549638K->90K(613440K), 0.0022597 secs] 550028K->480K(2029056K), 0.0023140 secs] [Times: user=0.00 sys=0.00, real=0.00 secs] 
2020-09-29T13:03:46.444+0200: 12.885: [GC (Allocation Failure) 2020-09-29T13:03:46.444+0200: 12.885: [ParNew: 545434K->11756K(613440K), 0.0102052 secs] 545824K->12146K(2029056K), 0.0102634 secs] [Times: user=0.00 sys=0.00, real=0.01 secs] 
2020-09-29T13:03:46.533+0200: 12.974: [GC (Allocation Failure) 2020-09-29T13:03:46.533+0200: 12.974: [ParNew: 557100K->16637K(613440K), 0.0092243 secs] 557490K->17027K(2029056K), 0.0092791 secs] [Times: user=0.13 sys=0.00, real=0.01 secs] 
2020-09-29T13:03:46.624+0200: 13.065: [GC (Allocation Failure) 2020-09-29T13:03:46.624+0200: 13.065: [ParNew: 561981K->11610K(613440K), 0.0083412 secs] 562371K->12000K(2029056K), 0.0084010 secs] [Times: user=0.13 sys=0.00, real=0.01 secs] 
2020-09-29T13:03:46.713+0200: 13.154: [GC (Allocation Failure) 2020-09-29T13:03:46.713+0200: 13.154: [ParNew: 556954K->7916K(613440K), 0.0076014 secs] 557344K->8306K(2029056K), 0.0076522 secs] [Times: user=0.00 sys=0.00, real=0.01 secs] 
2020-09-29T13:03:46.801+0200: 13.242: [GC (Allocation Failure) 2020-09-29T13:03:46.801+0200: 13.242: [ParNew: 553260K->7037K(613440K), 0.0063739 secs] 553650K->7427K(2029056K), 0.0064479 secs] [Times: user=0.06 sys=0.00, real=0.01 secs] 
2020-09-29T13:03:46.888+0200: 13.328: [GC (Allocation Failure) 2020-09-29T13:03:46.888+0200: 13.329: [ParNew: 552381K->5533K(613440K), 0.0056042 secs] 552771K->5923K(2029056K), 0.0056557 secs] [Times: user=0.00 sys=0.00, real=0.00 secs] 
2020-09-29T13:03:46.972+0200: 13.413: [GC (Allocation Failure) 2020-09-29T13:03:46.972+0200: 13.413: [ParNew: 550877K->184K(613440K), 0.0023440 secs] 551267K->574K(2029056K), 0.0023936 secs] [Times: user=0.03 sys=0.00, real=0.00 secs] 
2020-09-29T13:03:47.061+0200: 13.502: [GC (Allocation Failure) 2020-09-29T13:03:47.061+0200: 13.502: [ParNew: 545528K->12317K(613440K), 0.0106734 secs] 545918K->12707K(2029056K), 0.0107289 secs] [Times: user=0.13 sys=0.00, real=0.01 secs] 
2020-09-29T13:03:47.152+0200: 13.593: [GC (Allocation Failure) 2020-09-29T13:03:47.152+0200: 13.593: [ParNew: 557661K->15429K(613440K), 0.0093443 secs] 558051K->15819K(2029056K), 0.0094156 secs] [Times: user=0.11 sys=0.00, real=0.01 secs] 
2020-09-29T13:03:47.237+0200: 13.678: [GC (Allocation Failure) 2020-09-29T13:03:47.237+0200: 13.678: [ParNew: 560773K->9978K(613440K), 0.0079764 secs] 561163K->10368K(2029056K), 0.0080311 secs] [Times: user=0.13 sys=0.00, real=0.01 secs] 
2020-09-29T13:03:47.322+0200: 13.763: [GC (Allocation Failure) 2020-09-29T13:03:47.323+0200: 13.763: [ParNew: 555322K->8530K(613440K), 0.0070807 secs] 555712K->8920K(2029056K), 0.0071412 secs] [Times: user=0.00 sys=0.00, real=0.01 secs] 
2020-09-29T13:03:47.409+0200: 13.849: [GC (Allocation Failure) 2020-09-29T13:03:47.409+0200: 13.850: [ParNew: 553874K->6828K(613440K), 0.0062177 secs] 554264K->7218K(2029056K), 0.0062734 secs] [Times: user=0.13 sys=0.00, real=0.01 secs] 
2020-09-29T13:03:47.494+0200: 13.934: [GC (Allocation Failure) 2020-09-29T13:03:47.494+0200: 13.934: [ParNew: 552172K->4128K(613440K), 0.0047722 secs] 552562K->4518K(2029056K), 0.0048250 secs] [Times: user=0.00 sys=0.00, real=0.00 secs] 
2020-09-29T13:03:47.580+0200: 14.020: [GC (Allocation Failure) 2020-09-29T13:03:47.580+0200: 14.020: [ParNew: 549472K->72K(613440K), 0.0022025 secs] 549862K->462K(2029056K), 0.0022625 secs] [Times: user=0.00 sys=0.00, real=0.00 secs] 
2020-09-29T13:03:47.667+0200: 14.108: [GC (Allocation Failure) 2020-09-29T13:03:47.667+0200: 14.108: [ParNew: 545416K->12083K(613440K), 0.0102157 secs] 545806K->12473K(2029056K), 0.0102820 secs] [Times: user=0.13 sys=0.00, real=0.01 secs] 
2020-09-29T13:03:47.757+0200: 14.198: [GC (Allocation Failure) 2020-09-29T13:03:47.757+0200: 14.198: [ParNew: 557427K->17119K(613440K), 0.0095688 secs] 557817K->17509K(2029056K), 0.0096437 secs] [Times: user=0.00 sys=0.00, real=0.01 secs] 
2020-09-29T13:03:47.845+0200: 14.286: [GC (Allocation Failure) 2020-09-29T13:03:47.845+0200: 14.286: [ParNew: 562463K->12048K(613440K), 0.0080655 secs] 562853K->12438K(2029056K), 0.0081369 secs] [Times: user=0.13 sys=0.00, real=0.01 secs] 
2020-09-29T13:03:47.935+0200: 14.376: [GC (Allocation Failure) 2020-09-29T13:03:47.935+0200: 14.376: [ParNew: 557392K->8017K(613440K), 0.0069977 secs] 557782K->8407K(2029056K), 0.0070593 secs] [Times: user=0.13 sys=0.00, real=0.01 secs] 
2020-09-29T13:03:48.021+0200: 14.462: [GC (Allocation Failure) 2020-09-29T13:03:48.021+0200: 14.462: [ParNew: 553361K->6734K(613440K), 0.0060956 secs] 553751K->7124K(2029056K), 0.0061498 secs] [Times: user=0.00 sys=0.00, real=0.01 secs] 
2020-09-29T13:03:48.104+0200: 14.545: [GC (Allocation Failure) 2020-09-29T13:03:48.104+0200: 14.545: [ParNew: 550178K->273K(613440K), 0.0014763 secs] 550569K->664K(2029056K), 0.0015308 secs] [Times: user=0.00 sys=0.00, real=0.00 secs] 
2020-09-29T13:03:48.186+0200: 14.627: [GC (Allocation Failure) 2020-09-29T13:03:48.186+0200: 14.627: [ParNew: 545617K->12225K(613440K), 0.0101833 secs] 546008K->12616K(2029056K), 0.0102393 secs] [Times: user=0.13 sys=0.00, real=0.01 secs] 
2020-09-29T13:03:48.273+0200: 14.714: [GC (Allocation Failure) 2020-09-29T13:03:48.273+0200: 14.714: [ParNew: 557569K->17193K(613440K), 0.0094929 secs] 557960K->17583K(2029056K), 0.0095464 secs] [Times: user=0.00 sys=0.00, real=0.01 secs] 
2020-09-29T13:03:48.361+0200: 14.802: [GC (Allocation Failure) 2020-09-29T13:03:48.361+0200: 14.802: [ParNew: 562537K->12063K(613440K), 0.0089714 secs] 562927K->12454K(2029056K), 0.0090264 secs] [Times: user=0.13 sys=0.00, real=0.01 secs] 
2020-09-29T13:03:48.453+0200: 14.894: [GC (Allocation Failure) 2020-09-29T13:03:48.453+0200: 14.894: [ParNew: 557407K->8264K(613440K), 0.0082214 secs] 557798K->8654K(2029056K), 0.0082949 secs] [Times: user=0.13 sys=0.00, real=0.01 secs] 
2020-09-29T13:03:48.546+0200: 14.986: [GC (Allocation Failure) 2020-09-29T13:03:48.546+0200: 14.986: [ParNew: 553608K->7375K(613440K), 0.0070989 secs] 553998K->7765K(2029056K), 0.0071559 secs] [Times: user=0.13 sys=0.00, real=0.01 secs] 
2020-09-29T13:03:48.639+0200: 15.079: [GC (Allocation Failure) 2020-09-29T13:03:48.639+0200: 15.079: [ParNew: 552719K->5344K(613440K), 0.0058369 secs] 553109K->5734K(2029056K), 0.0058897 secs] [Times: user=0.00 sys=0.00, real=0.01 secs] 
2020-09-29T13:03:48.740+0200: 15.181: [GC (Allocation Failure) 2020-09-29T13:03:48.740+0200: 15.181: [ParNew: 550688K->192K(613440K), 0.0020089 secs] 551078K->582K(2029056K), 0.0020678 secs] [Times: user=0.00 sys=0.00, real=0.00 secs] 
2020-09-29T13:03:48.827+0200: 15.268: [GC (Allocation Failure) 2020-09-29T13:03:48.827+0200: 15.268: [ParNew: 545536K->12351K(613440K), 0.0107229 secs] 545926K->12741K(2029056K), 0.0107779 secs] [Times: user=0.13 sys=0.00, real=0.01 secs] 
2020-09-29T13:03:48.921+0200: 15.361: [GC (Allocation Failure) 2020-09-29T13:03:48.921+0200: 15.361: [ParNew: 557695K->17423K(613440K), 0.0095986 secs] 558085K->17813K(2029056K), 0.0096545 secs] [Times: user=0.13 sys=0.00, real=0.01 secs] 
2020-09-29T13:03:49.010+0200: 15.451: [GC (Allocation Failure) 2020-09-29T13:03:49.010+0200: 15.451: [ParNew: 562767K->12132K(613440K), 0.0081875 secs] 563157K->12522K(2029056K), 0.0082549 secs] [Times: user=0.00 sys=0.00, real=0.01 secs] 
2020-09-29T13:03:49.096+0200: 15.537: [GC (Allocation Failure) 2020-09-29T13:03:49.096+0200: 15.537: [ParNew: 557476K->8157K(613440K), 0.0074535 secs] 557866K->8547K(2029056K), 0.0075117 secs] [Times: user=0.11 sys=0.00, real=0.01 secs] 
2020-09-29T13:03:49.184+0200: 15.624: [GC (Allocation Failure) 2020-09-29T13:03:49.184+0200: 15.624: [ParNew: 553501K->7130K(613440K), 0.0060789 secs] 553891K->7520K(2029056K), 0.0061343 secs] [Times: user=0.00 sys=0.00, real=0.01 secs] 
2020-09-29T13:03:49.268+0200: 15.708: [GC (Allocation Failure) 2020-09-29T13:03:49.268+0200: 15.708: [ParNew: 552474K->4294K(613440K), 0.0049305 secs] 552864K->4684K(2029056K), 0.0049834 secs] [Times: user=0.13 sys=0.00, real=0.01 secs] 
2020-09-29T13:03:49.351+0200: 15.792: [GC (Allocation Failure) 2020-09-29T13:03:49.351+0200: 15.792: [ParNew: 549638K->90K(613440K), 0.0017240 secs] 550028K->480K(2029056K), 0.0017740 secs] [Times: user=0.00 sys=0.00, real=0.00 secs] 
2020-09-29T13:03:49.430+0200: 15.870: [GC (Allocation Failure) 2020-09-29T13:03:49.430+0200: 15.870: [ParNew: 545434K->11756K(613440K), 0.0102368 secs] 545824K->12146K(2029056K), 0.0102919 secs] [Times: user=0.00 sys=0.00, real=0.01 secs] 
2020-09-29T13:03:49.524+0200: 15.965: [GC (Allocation Failure) 2020-09-29T13:03:49.524+0200: 15.965: [ParNew: 557100K->16637K(613440K), 0.0097732 secs] 557490K->17027K(2029056K), 0.0098320 secs] [Times: user=0.00 sys=0.00, real=0.01 secs] 
2020-09-29T13:03:49.618+0200: 16.059: [GC (Allocation Failure) 2020-09-29T13:03:49.618+0200: 16.059: [ParNew: 561981K->11610K(613440K), 0.0085391 secs] 562371K->12000K(2029056K), 0.0086180 secs] [Times: user=0.00 sys=0.00, real=0.01 secs] 
2020-09-29T13:03:49.708+0200: 16.149: [GC (Allocation Failure) 2020-09-29T13:03:49.708+0200: 16.149: [ParNew: 556954K->7916K(613440K), 0.0071788 secs] 557344K->8306K(2029056K), 0.0072581 secs] [Times: user=0.00 sys=0.00, real=0.01 secs] 
2020-09-29T13:03:49.796+0200: 16.236: [GC (Allocation Failure) 2020-09-29T13:03:49.796+0200: 16.236: [ParNew: 553260K->7037K(613440K), 0.0066386 secs] 553650K->7427K(2029056K), 0.0066942 secs] [Times: user=0.13 sys=0.00, real=0.01 secs] 
2020-09-29T13:03:49.880+0200: 16.320: [GC (Allocation Failure) 2020-09-29T13:03:49.880+0200: 16.320: [ParNew: 552381K->5533K(613440K), 0.0055912 secs] 552771K->5923K(2029056K), 0.0056458 secs] [Times: user=0.00 sys=0.00, real=0.01 secs] 
2020-09-29T13:03:49.963+0200: 16.403: [GC (Allocation Failure) 2020-09-29T13:03:49.963+0200: 16.403: [ParNew: 550877K->184K(613440K), 0.0016073 secs] 551267K->574K(2029056K), 0.0016592 secs] [Times: user=0.00 sys=0.00, real=0.00 secs] 
2020-09-29T13:03:50.041+0200: 16.482: [GC (Allocation Failure) 2020-09-29T13:03:50.041+0200: 16.482: [ParNew: 545528K->12271K(613440K), 0.0106178 secs] 545918K->12661K(2029056K), 0.0106755 secs] [Times: user=0.13 sys=0.00, real=0.01 secs] 
2020-09-29T13:03:50.129+0200: 16.570: [GC (Allocation Failure) 2020-09-29T13:03:50.129+0200: 16.570: [ParNew: 557615K->17354K(613440K), 0.0091688 secs] 558005K->17744K(2029056K), 0.0092254 secs] [Times: user=0.00 sys=0.00, real=0.01 secs] 
2020-09-29T13:03:50.232+0200: 16.672: [GC (Allocation Failure) 2020-09-29T13:03:50.232+0200: 16.672: [ParNew: 562698K->11903K(613440K), 0.0079468 secs] 563088K->12294K(2029056K), 0.0080452 secs] [Times: user=0.13 sys=0.00, real=0.01 secs] 
2020-09-29T13:03:50.318+0200: 16.758: [GC (Allocation Failure) 2020-09-29T13:03:50.318+0200: 16.758: [ParNew: 557247K->7041K(613440K), 0.0077950 secs] 557638K->7431K(2029056K), 0.0078543 secs] [Times: user=0.00 sys=0.00, real=0.01 secs] 
2020-09-29T13:03:50.420+0200: 16.861: [GC (Allocation Failure) 2020-09-29T13:03:50.420+0200: 16.861: [ParNew: 552385K->6638K(613440K), 0.0063707 secs] 552775K->7028K(2029056K), 0.0064270 secs] [Times: user=0.13 sys=0.00, real=0.01 secs] 
2020-09-29T13:03:50.504+0200: 16.944: [GC (Allocation Failure) 2020-09-29T13:03:50.504+0200: 16.944: [ParNew: 551982K->3282K(613440K), 0.0046059 secs] 552372K->3673K(2029056K), 0.0046654 secs] [Times: user=0.00 sys=0.00, real=0.00 secs] 
2020-09-29T13:03:50.585+0200: 17.026: [GC (Allocation Failure) 2020-09-29T13:03:50.585+0200: 17.026: [ParNew: 548626K->71K(613440K), 0.0020632 secs] 549017K->461K(2029056K), 0.0021233 secs] [Times: user=0.00 sys=0.00, real=0.00 secs] 
2020-09-29T13:03:50.668+0200: 17.108: [GC (Allocation Failure) 2020-09-29T13:03:50.668+0200: 17.108: [ParNew: 545415K->12088K(613440K), 0.0105425 secs] 545805K->12478K(2029056K), 0.0106282 secs] [Times: user=0.13 sys=0.00, real=0.01 secs] 
2020-09-29T13:03:50.760+0200: 17.200: [GC (Allocation Failure) 2020-09-29T13:03:50.760+0200: 17.200: [ParNew: 557432K->17117K(613440K), 0.0097873 secs] 557822K->17507K(2029056K), 0.0098424 secs] [Times: user=0.00 sys=0.00, real=0.01 secs] 
2020-09-29T13:03:50.848+0200: 17.289: [GC (Allocation Failure) 2020-09-29T13:03:50.848+0200: 17.289: [ParNew: 562461K->12047K(613440K), 0.0082506 secs] 562851K->12437K(2029056K), 0.0083050 secs] [Times: user=0.00 sys=0.00, real=0.01 secs] 
2020-09-29T13:03:50.935+0200: 17.376: [GC (Allocation Failure) 2020-09-29T13:03:50.935+0200: 17.376: [ParNew: 557391K->8017K(613440K), 0.0070982 secs] 557781K->8407K(2029056K), 0.0071552 secs] [Times: user=0.13 sys=0.00, real=0.01 secs] 
2020-09-29T13:03:51.020+0200: 17.461: [GC (Allocation Failure) 2020-09-29T13:03:51.020+0200: 17.461: [ParNew: 553361K->6734K(613440K), 0.0061327 secs] 553751K->7124K(2029056K), 0.0061855 secs] [Times: user=0.00 sys=0.00, real=0.01 secs] 
2020-09-29T13:03:51.105+0200: 17.545: [GC (Allocation Failure) 2020-09-29T13:03:51.105+0200: 17.545: [ParNew: 550178K->273K(613440K), 0.0016898 secs] 550569K->664K(2029056K), 0.0017427 secs] [Times: user=0.00 sys=0.00, real=0.00 secs] 
2020-09-29T13:03:51.191+0200: 17.631: [GC (Allocation Failure) 2020-09-29T13:03:51.191+0200: 17.631: [ParNew: 545617K->12157K(613440K), 0.0111127 secs] 546008K->12547K(2029056K), 0.0111928 secs] [Times: user=0.09 sys=0.00, real=0.01 secs] 
2020-09-29T13:03:51.291+0200: 17.732: [GC (Allocation Failure) 2020-09-29T13:03:51.291+0200: 17.732: [ParNew: 557501K->17193K(613440K), 0.0097273 secs] 557891K->17583K(2029056K), 0.0097831 secs] [Times: user=0.00 sys=0.00, real=0.01 secs] 
2020-09-29T13:03:51.379+0200: 17.820: [GC (Allocation Failure) 2020-09-29T13:03:51.379+0200: 17.820: [ParNew: 562537K->12063K(613440K), 0.0085475 secs] 562927K->12454K(2029056K), 0.0086027 secs] [Times: user=0.11 sys=0.00, real=0.01 secs] 
2020-09-29T13:03:51.465+0200: 17.905: [GC (Allocation Failure) 2020-09-29T13:03:51.465+0200: 17.905: [ParNew: 557407K->8264K(613440K), 0.0074216 secs] 557798K->8654K(2029056K), 0.0074759 secs] [Times: user=0.00 sys=0.00, real=0.01 secs] 
2020-09-29T13:03:51.548+0200: 17.989: [GC (Allocation Failure) 2020-09-29T13:03:51.548+0200: 17.989: [ParNew: 553608K->7375K(613440K), 0.0069441 secs] 553998K->7765K(2029056K), 0.0069997 secs] [Times: user=0.13 sys=0.00, real=0.01 secs] 
2020-09-29T13:03:51.641+0200: 18.082: [GC (Allocation Failure) 2020-09-29T13:03:51.641+0200: 18.082: [ParNew: 552719K->5828K(613440K), 0.0056894 secs] 553109K->6219K(2029056K), 0.0057424 secs] [Times: user=0.13 sys=0.00, real=0.01 secs] 
2020-09-29T13:03:51.725+0200: 18.165: [GC (Allocation Failure) 2020-09-29T13:03:51.725+0200: 18.165: [ParNew: 551172K->168K(613440K), 0.0017604 secs] 551563K->558K(2029056K), 0.0018087 secs] [Times: user=0.00 sys=0.00, real=0.00 secs] 
2020-09-29T13:03:51.803+0200: 18.244: [GC (Allocation Failure) 2020-09-29T13:03:51.803+0200: 18.244: [ParNew: 545512K->12289K(613440K), 0.0105435 secs] 545902K->12679K(2029056K), 0.0105989 secs] [Times: user=0.00 sys=0.00, real=0.01 secs] 
2020-09-29T13:03:51.906+0200: 18.347: [GC (Allocation Failure) 2020-09-29T13:03:51.907+0200: 18.347: [ParNew: 557633K->17399K(613440K), 0.0100843 secs] 558023K->17789K(2029056K), 0.0101460 secs] [Times: user=0.13 sys=0.00, real=0.01 secs] 
2020-09-29T13:03:51.996+0200: 18.437: [GC (Allocation Failure) 2020-09-29T13:03:51.996+0200: 18.437: [ParNew: 562743K->12126K(613440K), 0.0087477 secs] 563133K->12516K(2029056K), 0.0088008 secs] [Times: user=0.13 sys=0.00, real=0.01 secs] 
2020-09-29T13:03:52.082+0200: 18.522: [GC (Allocation Failure) 2020-09-29T13:03:52.082+0200: 18.522: [ParNew: 557470K->8156K(613440K), 0.0071592 secs] 557860K->8547K(2029056K), 0.0072132 secs] [Times: user=0.13 sys=0.00, real=0.01 secs] 
2020-09-29T13:03:52.170+0200: 18.610: [GC (Allocation Failure) 2020-09-29T13:03:52.170+0200: 18.610: [ParNew: 553500K->7129K(613440K), 0.0067552 secs] 553891K->7520K(2029056K), 0.0068125 secs] [Times: user=0.00 sys=0.00, real=0.01 secs] 
2020-09-29T13:03:52.258+0200: 18.698: [GC (Allocation Failure) 2020-09-29T13:03:52.258+0200: 18.698: [ParNew: 552473K->4294K(613440K), 0.0048850 secs] 552864K->4684K(2029056K), 0.0049370 secs] [Times: user=0.00 sys=0.00, real=0.01 secs] 
2020-09-29T13:03:52.340+0200: 18.780: [GC (Allocation Failure) 2020-09-29T13:03:52.340+0200: 18.780: [ParNew: 549638K->90K(613440K), 0.0017172 secs] 550028K->480K(2029056K), 0.0017674 secs] [Times: user=0.00 sys=0.00, real=0.00 secs] 
2020-09-29T13:03:52.421+0200: 18.862: [GC (Allocation Failure) 2020-09-29T13:03:52.421+0200: 18.862: [ParNew: 545434K->11801K(613440K), 0.0103405 secs] 545824K->12192K(2029056K), 0.0103940 secs] [Times: user=0.13 sys=0.00, real=0.01 secs] 
2020-09-29T13:03:52.510+0200: 18.951: [GC (Allocation Failure) 2020-09-29T13:03:52.510+0200: 18.951: [ParNew: 557145K->16637K(613440K), 0.0094948 secs] 557536K->17027K(2029056K), 0.0095516 secs] [Times: user=0.00 sys=0.00, real=0.01 secs] 
2020-09-29T13:03:52.601+0200: 19.041: [GC (Allocation Failure) 2020-09-29T13:03:52.601+0200: 19.041: [ParNew: 561981K->11610K(613440K), 0.0089606 secs] 562371K->12000K(2029056K), 0.0090282 secs] [Times: user=0.00 sys=0.00, real=0.01 secs] 
2020-09-29T13:03:52.689+0200: 19.129: [GC (Allocation Failure) 2020-09-29T13:03:52.689+0200: 19.129: [ParNew: 556954K->7916K(613440K), 0.0074062 secs] 557344K->8306K(2029056K), 0.0074800 secs] [Times: user=0.13 sys=0.00, real=0.01 secs] 
2020-09-29T13:03:52.775+0200: 19.216: [GC (Allocation Failure) 2020-09-29T13:03:52.775+0200: 19.216: [ParNew: 553260K->7037K(613440K), 0.0068520 secs] 553650K->7427K(2029056K), 0.0069079 secs] [Times: user=0.00 sys=0.00, real=0.01 secs] 
2020-09-29T13:03:52.863+0200: 19.303: [GC (Allocation Failure) 2020-09-29T13:03:52.863+0200: 19.303: [ParNew: 552381K->5533K(613440K), 0.0059748 secs] 552771K->5923K(2029056K), 0.0060315 secs] [Times: user=0.13 sys=0.00, real=0.01 secs] 
2020-09-29T13:03:52.950+0200: 19.391: [GC (Allocation Failure) 2020-09-29T13:03:52.950+0200: 19.391: [ParNew: 550877K->184K(613440K), 0.0018727 secs] 551267K->574K(2029056K), 0.0019244 secs] [Times: user=0.00 sys=0.00, real=0.00 secs] 
2020-09-29T13:03:53.031+0200: 19.471: [GC (Allocation Failure) 2020-09-29T13:03:53.031+0200: 19.471: [ParNew: 545528K->12271K(613440K), 0.0103595 secs] 545918K->12661K(2029056K), 0.0104137 secs] [Times: user=0.13 sys=0.00, real=0.01 secs] 
2020-09-29T13:03:53.120+0200: 19.561: [GC (Allocation Failure) 2020-09-29T13:03:53.120+0200: 19.561: [ParNew: 557615K->16392K(613440K), 0.0092476 secs] 558005K->16782K(2029056K), 0.0093544 secs] [Times: user=0.13 sys=0.00, real=0.01 secs] 
2020-09-29T13:03:53.212+0200: 19.652: [GC (Allocation Failure) 2020-09-29T13:03:53.212+0200: 19.653: [ParNew: 561736K->11903K(613440K), 0.0078551 secs] 562126K->12294K(2029056K), 0.0079102 secs] [Times: user=0.00 sys=0.00, real=0.01 secs] 
2020-09-29T13:03:53.299+0200: 19.740: [GC (Allocation Failure) 2020-09-29T13:03:53.299+0200: 19.740: [ParNew: 557247K->7768K(613440K), 0.0070955 secs] 557638K->8158K(2029056K), 0.0071504 secs] [Times: user=0.13 sys=0.00, real=0.01 secs] 
2020-09-29T13:03:53.410+0200: 19.851: [GC (Allocation Failure) 2020-09-29T13:03:53.410+0200: 19.851: [ParNew: 553112K->6638K(613440K), 0.0070346 secs] 553502K->7028K(2029056K), 0.0070925 secs] [Times: user=0.00 sys=0.00, real=0.01 secs] 
2020-09-29T13:03:53.497+0200: 19.939: [GC (Allocation Failure) 2020-09-29T13:03:53.497+0200: 19.939: [ParNew: 551982K->4080K(613440K), 0.0046203 secs] 552372K->4470K(2029056K), 0.0046747 secs] [Times: user=0.00 sys=0.00, real=0.01 secs] 
2020-09-29T13:03:53.580+0200: 20.021: [GC (Allocation Failure) 2020-09-29T13:03:53.580+0200: 20.021: [ParNew: 549424K->71K(613440K), 0.0017851 secs] 549814K->461K(2029056K), 0.0018356 secs] [Times: user=0.00 sys=0.00, real=0.00 secs] 
2020-09-29T13:03:53.659+0200: 20.100: [GC (Allocation Failure) 2020-09-29T13:03:53.659+0200: 20.100: [ParNew: 545415K->12088K(613440K), 0.0102650 secs] 545805K->12478K(2029056K), 0.0103721 secs] [Times: user=0.13 sys=0.00, real=0.01 secs] 
2020-09-29T13:03:53.746+0200: 20.186: [GC (Allocation Failure) 2020-09-29T13:03:53.746+0200: 20.186: [ParNew: 557432K->17117K(613440K), 0.0093684 secs] 557822K->17507K(2029056K), 0.0094216 secs] [Times: user=0.13 sys=0.00, real=0.01 secs] 
2020-09-29T13:03:53.837+0200: 20.277: [GC (Allocation Failure) 2020-09-29T13:03:53.837+0200: 20.277: [ParNew: 562461K->12047K(613440K), 0.0087396 secs] 562851K->12437K(2029056K), 0.0087970 secs] [Times: user=0.00 sys=0.00, real=0.01 secs] 
2020-09-29T13:03:53.927+0200: 20.367: [GC (Allocation Failure) 2020-09-29T13:03:53.927+0200: 20.367: [ParNew: 557391K->8017K(613440K), 0.0071701 secs] 557781K->8407K(2029056K), 0.0072263 secs] [Times: user=0.00 sys=0.00, real=0.01 secs] 
2020-09-29T13:03:54.012+0200: 20.452: [GC (Allocation Failure) 2020-09-29T13:03:54.012+0200: 20.452: [ParNew: 553361K->6734K(613440K), 0.0061687 secs] 553751K->7124K(2029056K), 0.0062223 secs] [Times: user=0.00 sys=0.00, real=0.01 secs] 
2020-09-29T13:03:54.094+0200: 20.535: [GC (Allocation Failure) 2020-09-29T13:03:54.094+0200: 20.535: [ParNew: 550178K->273K(613440K), 0.0016098 secs] 550569K->664K(2029056K), 0.0016675 secs] [Times: user=0.00 sys=0.00, real=0.00 secs] 
2020-09-29T13:03:54.172+0200: 20.612: [GC (Allocation Failure) 2020-09-29T13:03:54.172+0200: 20.612: [ParNew: 545617K->12088K(613440K), 0.0101134 secs] 546008K->12479K(2029056K), 0.0102018 secs] [Times: user=0.13 sys=0.00, real=0.01 secs] 
2020-09-29T13:03:54.259+0200: 20.700: [GC (Allocation Failure) 2020-09-29T13:03:54.259+0200: 20.700: [ParNew: 557432K->17193K(613440K), 0.0092768 secs] 557823K->17583K(2029056K), 0.0093365 secs] [Times: user=0.00 sys=0.00, real=0.01 secs] 
2020-09-29T13:03:54.349+0200: 20.789: [GC (Allocation Failure) 2020-09-29T13:03:54.349+0200: 20.789: [ParNew: 562537K->12063K(613440K), 0.0086741 secs] 562927K->12454K(2029056K), 0.0087295 secs] [Times: user=0.00 sys=0.00, real=0.01 secs] 
2020-09-29T13:03:54.437+0200: 20.878: [GC (Allocation Failure) 2020-09-29T13:03:54.437+0200: 20.878: [ParNew: 557407K->8264K(613440K), 0.0078284 secs] 557798K->8654K(2029056K), 0.0078840 secs] [Times: user=0.13 sys=0.00, real=0.01 secs] 
2020-09-29T13:03:54.523+0200: 20.964: [GC (Allocation Failure) 2020-09-29T13:03:54.523+0200: 20.964: [ParNew: 553608K->7375K(613440K), 0.0064592 secs] 553998K->7765K(2029056K), 0.0065131 secs] [Times: user=0.00 sys=0.00, real=0.01 secs] 
2020-09-29T13:03:54.613+0200: 21.054: [GC (Allocation Failure) 2020-09-29T13:03:54.613+0200: 21.054: [ParNew: 552719K->5828K(613440K), 0.0060408 secs] 553109K->6219K(2029056K), 0.0060998 secs] [Times: user=0.13 sys=0.00, real=0.01 secs] 
2020-09-29T13:03:54.694+0200: 21.135: [GC (Allocation Failure) 2020-09-29T13:03:54.694+0200: 21.135: [ParNew: 551172K->168K(613440K), 0.0019101 secs] 551563K->558K(2029056K), 0.0019609 secs] [Times: user=0.00 sys=0.00, real=0.00 secs] 
2020-09-29T13:03:54.773+0200: 21.214: [GC (Allocation Failure) 2020-09-29T13:03:54.773+0200: 21.214: [ParNew: 545512K->12331K(613440K), 0.0107800 secs] 545902K->12721K(2029056K), 0.0108420 secs] [Times: user=0.00 sys=0.00, real=0.01 secs] 
2020-09-29T13:03:54.864+0200: 21.305: [GC (Allocation Failure) 2020-09-29T13:03:54.864+0200: 21.305: [ParNew: 557675K->17399K(613440K), 0.0093683 secs] 558065K->17789K(2029056K), 0.0094227 secs] [Times: user=0.00 sys=0.00, real=0.01 secs] 
2020-09-29T13:03:54.952+0200: 21.393: [GC (Allocation Failure) 2020-09-29T13:03:54.952+0200: 21.393: [ParNew: 562743K->12126K(613440K), 0.0084805 secs] 563133K->12516K(2029056K), 0.0085370 secs] [Times: user=0.13 sys=0.00, real=0.01 secs] 
2020-09-29T13:03:55.038+0200: 21.479: [GC (Allocation Failure) 2020-09-29T13:03:55.038+0200: 21.479: [ParNew: 557470K->8156K(613440K), 0.0071196 secs] 557860K->8547K(2029056K), 0.0071775 secs] [Times: user=0.00 sys=0.00, real=0.01 secs] 
2020-09-29T13:03:55.122+0200: 21.562: [GC (Allocation Failure) 2020-09-29T13:03:55.122+0200: 21.562: [ParNew: 553500K->7129K(613440K), 0.0060525 secs] 553891K->7520K(2029056K), 0.0061100 secs] [Times: user=0.00 sys=0.00, real=0.01 secs] 
2020-09-29T13:03:55.204+0200: 21.644: [GC (Allocation Failure) 2020-09-29T13:03:55.204+0200: 21.644: [ParNew: 552473K->4294K(613440K), 0.0050927 secs] 552864K->4684K(2029056K), 0.0051463 secs] [Times: user=0.13 sys=0.00, real=0.01 secs] 
2020-09-29T13:03:55.285+0200: 21.726: [GC (Allocation Failure) 2020-09-29T13:03:55.285+0200: 21.726: [ParNew: 549638K->90K(613440K), 0.0017073 secs] 550028K->480K(2029056K), 0.0017773 secs] [Times: user=0.03 sys=0.00, real=0.00 secs] 
2020-09-29T13:03:55.366+0200: 21.807: [GC (Allocation Failure) 2020-09-29T13:03:55.366+0200: 21.807: [ParNew: 545434K->11779K(613440K), 0.0101416 secs] 545824K->12169K(2029056K), 0.0101976 secs] [Times: user=0.00 sys=0.00, real=0.01 secs] 
2020-09-29T13:03:55.455+0200: 21.895: [GC (Allocation Failure) 2020-09-29T13:03:55.455+0200: 21.896: [ParNew: 557123K->16637K(613440K), 0.0090337 secs] 557513K->17027K(2029056K), 0.0090929 secs] [Times: user=0.13 sys=0.00, real=0.01 secs] 
2020-09-29T13:03:55.545+0200: 21.986: [GC (Allocation Failure) 2020-09-29T13:03:55.545+0200: 21.986: [ParNew: 561981K->11610K(613440K), 0.0085096 secs] 562371K->12000K(2029056K), 0.0085695 secs] [Times: user=0.13 sys=0.00, real=0.01 secs] 
2020-09-29T13:03:55.638+0200: 22.079: [GC (Allocation Failure) 2020-09-29T13:03:55.638+0200: 22.079: [ParNew: 556954K->7916K(613440K), 0.0075671 secs] 557344K->8306K(2029056K), 0.0076440 secs] [Times: user=0.13 sys=0.00, real=0.01 secs] 
2020-09-29T13:03:55.722+0200: 22.162: [GC (Allocation Failure) 2020-09-29T13:03:55.722+0200: 22.162: [ParNew: 553260K->7037K(613440K), 0.0065556 secs] 553650K->7427K(2029056K), 0.0066104 secs] [Times: user=0.13 sys=0.00, real=0.01 secs] 
2020-09-29T13:03:55.808+0200: 22.249: [GC (Allocation Failure) 2020-09-29T13:03:55.808+0200: 22.249: [ParNew: 552381K->5533K(613440K), 0.0056967 secs] 552771K->5923K(2029056K), 0.0057500 secs] [Times: user=0.00 sys=0.00, real=0.01 secs] 
2020-09-29T13:03:55.893+0200: 22.334: [GC (Allocation Failure) 2020-09-29T13:03:55.893+0200: 22.334: [ParNew: 550877K->184K(613440K), 0.0016341 secs] 551267K->574K(2029056K), 0.0016864 secs] [Times: user=0.02 sys=0.00, real=0.00 secs] 
2020-09-29T13:03:55.972+0200: 22.413: [GC (Allocation Failure) 2020-09-29T13:03:55.972+0200: 22.413: [ParNew: 545528K->12271K(613440K), 0.0102770 secs] 545918K->12661K(2029056K), 0.0103317 secs] [Times: user=0.13 sys=0.00, real=0.01 secs] 
2020-09-29T13:03:56.057+0200: 22.498: [GC (Allocation Failure) 2020-09-29T13:03:56.057+0200: 22.498: [ParNew: 557615K->16392K(613440K), 0.0091551 secs] 558005K->16782K(2029056K), 0.0092360 secs] [Times: user=0.05 sys=0.02, real=0.01 secs] 
2020-09-29T13:03:56.143+0200: 22.584: [GC (Allocation Failure) 2020-09-29T13:03:56.143+0200: 22.584: [ParNew: 561736K->11903K(613440K), 0.0079202 secs] 562126K->12294K(2029056K), 0.0079762 secs] [Times: user=0.13 sys=0.00, real=0.01 secs] 
2020-09-29T13:03:56.228+0200: 22.668: [GC (Allocation Failure) 2020-09-29T13:03:56.228+0200: 22.668: [ParNew: 557247K->7768K(613440K), 0.0068041 secs] 557638K->8158K(2029056K), 0.0068589 secs] [Times: user=0.00 sys=0.00, real=0.01 secs] 
2020-09-29T13:03:56.311+0200: 22.751: [GC (Allocation Failure) 2020-09-29T13:03:56.311+0200: 22.751: [ParNew: 553112K->6638K(613440K), 0.0058736 secs] 553502K->7028K(2029056K), 0.0059667 secs] [Times: user=0.01 sys=0.00, real=0.01 secs] 
2020-09-29T13:03:56.397+0200: 22.838: [GC (Allocation Failure) 2020-09-29T13:03:56.397+0200: 22.838: [ParNew: 551982K->4080K(613440K), 0.0046318 secs] 552372K->4470K(2029056K), 0.0046867 secs] [Times: user=0.00 sys=0.00, real=0.00 secs] 
2020-09-29T13:03:56.478+0200: 22.919: [GC (Allocation Failure) 2020-09-29T13:03:56.478+0200: 22.919: [ParNew: 549424K->71K(613440K), 0.0014498 secs] 549814K->461K(2029056K), 0.0015007 secs] [Times: user=0.00 sys=0.00, real=0.00 secs] 
2020-09-29T13:03:56.559+0200: 23.000: [GC (Allocation Failure) 2020-09-29T13:03:56.559+0200: 23.000: [ParNew: 545415K->12088K(613440K), 0.0103913 secs] 545805K->12478K(2029056K), 0.0104824 secs] [Times: user=0.13 sys=0.00, real=0.01 secs] 
Heap
 par new generation   total 613440K, used 545997K [0x0000000080000000, 0x00000000a9990000, 0x00000000a9990000)
  eden space 545344K,  97% used [0x0000000080000000, 0x00000000a0965330, 0x00000000a1490000)
  from space 68096K,  17% used [0x00000000a1490000, 0x00000000a205e1d0, 0x00000000a5710000)
  to   space 68096K,   0% used [0x00000000a5710000, 0x00000000a5710000, 0x00000000a9990000)
 concurrent mark-sweep generation total 1415616K, used 390K [0x00000000a9990000, 0x0000000100000000, 0x0000000100000000)
 Metaspace       used 2594K, capacity 4486K, committed 4864K, reserved 1056768K
  class space    used 285K, capacity 386K, committed 512K, reserved 1048576K
