Java HotSpot(TM) 64-Bit Server VM (25.261-b12) for windows-amd64 JRE (1.8.0_261-b12), built on Jun 18 2020 06:56:32 by "" with unknown MS VC++:1916
Memory: 4k page, physical 16659684k(8886284k free), swap 23213284k(7955720k free)
CommandLine flags: -XX:InitialHeapSize=2147483648 -XX:MaxHeapSize=2147483648 -XX:MaxNewSize=697933824 -XX:MaxTenuringThreshold=6 -XX:NewSize=697933824 -XX:OldPLABSize=16 -XX:OldSize=1395867648 -XX:+PrintGC -XX:+PrintGCDateStamps -XX:+PrintGCDetails -XX:+PrintGCTimeStamps -XX:+UseCompressedClassPointers -XX:+UseCompressedOops -XX:+UseConcMarkSweepGC -XX:-UseLargePagesIndividualAllocation -XX:+UseParNewGC 
2020-09-29T13:08:51.656+0200: 0.450: [GC (Allocation Failure) 2020-09-29T13:08:51.656+0200: 0.450: [ParNew: 545344K->4411K(613440K), 0.0108801 secs] 545344K->4411K(2029056K), 0.0110255 secs] [Times: user=0.13 sys=0.00, real=0.01 secs] 
2020-09-29T13:08:51.757+0200: 0.551: [GC (Allocation Failure) 2020-09-29T13:08:51.757+0200: 0.551: [ParNew: 549755K->4299K(613440K), 0.0056967 secs] 549755K->4299K(2029056K), 0.0057511 secs] [Times: user=0.00 sys=0.00, real=0.01 secs] 
2020-09-29T13:08:51.841+0200: 0.636: [GC (Allocation Failure) 2020-09-29T13:08:51.841+0200: 0.636: [ParNew: 549643K->971K(613440K), 0.0020659 secs] 549643K->971K(2029056K), 0.0021155 secs] [Times: user=0.00 sys=0.00, real=0.00 secs] 
2020-09-29T13:08:51.922+0200: 0.716: [GC (Allocation Failure) 2020-09-29T13:08:51.922+0200: 0.716: [ParNew: 546315K->12650K(613440K), 0.0131678 secs] 546315K->12650K(2029056K), 0.0132267 secs] [Times: user=0.13 sys=0.00, real=0.01 secs] 
2020-09-29T13:08:52.025+0200: 0.819: [GC (Allocation Failure) 2020-09-29T13:08:52.025+0200: 0.819: [ParNew: 557994K->16829K(613440K), 0.0124924 secs] 557994K->16829K(2029056K), 0.0125561 secs] [Times: user=0.11 sys=0.00, real=0.01 secs] 
2020-09-29T13:08:52.122+0200: 0.916: [GC (Allocation Failure) 2020-09-29T13:08:52.122+0200: 0.916: [ParNew: 562173K->10672K(613440K), 0.0095906 secs] 562173K->10672K(2029056K), 0.0096476 secs] [Times: user=0.13 sys=0.00, real=0.01 secs] 
2020-09-29T13:08:52.209+0200: 1.003: [GC (Allocation Failure) 2020-09-29T13:08:52.209+0200: 1.003: [ParNew: 556016K->9593K(613440K), 0.0090735 secs] 556016K->9983K(2029056K), 0.0091622 secs] [Times: user=0.00 sys=0.00, real=0.01 secs] 
2020-09-29T13:08:52.296+0200: 1.090: [GC (Allocation Failure) 2020-09-29T13:08:52.296+0200: 1.090: [ParNew: 554937K->7664K(613440K), 0.0068039 secs] 555327K->8054K(2029056K), 0.0068603 secs] [Times: user=0.13 sys=0.00, real=0.01 secs] 
2020-09-29T13:08:52.381+0200: 1.176: [GC (Allocation Failure) 2020-09-29T13:08:52.382+0200: 1.176: [ParNew: 553008K->4628K(613440K), 0.0057038 secs] 553398K->5018K(2029056K), 0.0057833 secs] [Times: user=0.00 sys=0.00, real=0.01 secs] 
2020-09-29T13:08:52.469+0200: 1.263: [GC (Allocation Failure) 2020-09-29T13:08:52.469+0200: 1.263: [ParNew: 549972K->147K(613440K), 0.0019513 secs] 550362K->537K(2029056K), 0.0020051 secs] [Times: user=0.00 sys=0.00, real=0.00 secs] 
2020-09-29T13:08:52.550+0200: 1.344: [GC (Allocation Failure) 2020-09-29T13:08:52.550+0200: 1.344: [ParNew: 545491K->12226K(613440K), 0.0110672 secs] 545881K->12616K(2029056K), 0.0111640 secs] [Times: user=0.13 sys=0.00, real=0.01 secs] 
2020-09-29T13:08:52.648+0200: 1.442: [GC (Allocation Failure) 2020-09-29T13:08:52.648+0200: 1.442: [ParNew: 557570K->17290K(613440K), 0.0109211 secs] 557960K->17680K(2029056K), 0.0109792 secs] [Times: user=0.00 sys=0.00, real=0.01 secs] 
2020-09-29T13:08:52.739+0200: 1.533: [GC (Allocation Failure) 2020-09-29T13:08:52.739+0200: 1.533: [ParNew: 562634K->12231K(613440K), 0.0093066 secs] 563024K->12621K(2029056K), 0.0093609 secs] [Times: user=0.00 sys=0.00, real=0.01 secs] 
2020-09-29T13:08:52.826+0200: 1.620: [GC (Allocation Failure) 2020-09-29T13:08:52.826+0200: 1.620: [ParNew: 557575K->8411K(613440K), 0.0079009 secs] 557965K->8801K(2029056K), 0.0079562 secs] [Times: user=0.13 sys=0.00, real=0.01 secs] 
2020-09-29T13:08:52.913+0200: 1.707: [GC (Allocation Failure) 2020-09-29T13:08:52.913+0200: 1.707: [ParNew: 553755K->7464K(613440K), 0.0068636 secs] 554145K->7854K(2029056K), 0.0070130 secs] [Times: user=0.00 sys=0.00, real=0.01 secs] 
2020-09-29T13:08:53.000+0200: 1.794: [GC (Allocation Failure) 2020-09-29T13:08:53.000+0200: 1.794: [ParNew: 552808K->5985K(613440K), 0.0064289 secs] 553198K->6376K(2029056K), 0.0064848 secs] [Times: user=0.13 sys=0.00, real=0.01 secs] 
2020-09-29T13:08:53.088+0200: 1.881: [GC (Allocation Failure) 2020-09-29T13:08:53.088+0200: 1.881: [ParNew: 550697K->220K(613440K), 0.0019840 secs] 551088K->610K(2029056K), 0.0020416 secs] [Times: user=0.00 sys=0.00, real=0.00 secs] 
2020-09-29T13:08:53.177+0200: 1.971: [GC (Allocation Failure) 2020-09-29T13:08:53.177+0200: 1.971: [ParNew: 545564K->12019K(613440K), 0.0110523 secs] 545954K->12409K(2029056K), 0.0111222 secs] [Times: user=0.00 sys=0.00, real=0.01 secs] 
2020-09-29T13:08:53.268+0200: 2.062: [GC (Allocation Failure) 2020-09-29T13:08:53.268+0200: 2.062: [ParNew: 557363K->16923K(613440K), 0.0099513 secs] 557753K->17313K(2029056K), 0.0100069 secs] [Times: user=0.13 sys=0.00, real=0.01 secs] 
2020-09-29T13:08:53.355+0200: 2.149: [GC (Allocation Failure) 2020-09-29T13:08:53.355+0200: 2.149: [ParNew: 562267K->11920K(613440K), 0.0087682 secs] 562657K->12310K(2029056K), 0.0088434 secs] [Times: user=0.00 sys=0.00, real=0.01 secs] 
2020-09-29T13:08:53.442+0200: 2.236: [GC (Allocation Failure) 2020-09-29T13:08:53.442+0200: 2.236: [ParNew: 557264K->8094K(613440K), 0.0078869 secs] 557654K->8484K(2029056K), 0.0079408 secs] [Times: user=0.00 sys=0.00, real=0.01 secs] 
2020-09-29T13:08:53.528+0200: 2.321: [GC (Allocation Failure) 2020-09-29T13:08:53.528+0200: 2.321: [ParNew: 553438K->7105K(613440K), 0.0065815 secs] 553828K->7495K(2029056K), 0.0066370 secs] [Times: user=0.00 sys=0.00, real=0.01 secs] 
2020-09-29T13:08:53.615+0200: 2.408: [GC (Allocation Failure) 2020-09-29T13:08:53.615+0200: 2.408: [ParNew: 552449K->5596K(613440K), 0.0056276 secs] 552839K->5987K(2029056K), 0.0056825 secs] [Times: user=0.00 sys=0.00, real=0.00 secs] 
2020-09-29T13:08:53.704+0200: 2.497: [GC (Allocation Failure) 2020-09-29T13:08:53.704+0200: 2.497: [ParNew: 550940K->151K(613440K), 0.0017042 secs] 551331K->541K(2029056K), 0.0017736 secs] [Times: user=0.00 sys=0.00, real=0.00 secs] 
2020-09-29T13:08:53.783+0200: 2.577: [GC (Allocation Failure) 2020-09-29T13:08:53.783+0200: 2.577: [ParNew: 545495K->12217K(613440K), 0.0109845 secs] 545885K->12607K(2029056K), 0.0110398 secs] [Times: user=0.13 sys=0.00, real=0.01 secs] 
2020-09-29T13:08:53.871+0200: 2.665: [GC (Allocation Failure) 2020-09-29T13:08:53.871+0200: 2.665: [ParNew: 557561K->17295K(613440K), 0.0099227 secs] 557951K->17685K(2029056K), 0.0099789 secs] [Times: user=0.13 sys=0.00, real=0.01 secs] 
2020-09-29T13:08:53.960+0200: 2.754: [GC (Allocation Failure) 2020-09-29T13:08:53.960+0200: 2.754: [ParNew: 562639K->12228K(613440K), 0.0091551 secs] 563029K->12618K(2029056K), 0.0092078 secs] [Times: user=0.00 sys=0.00, real=0.01 secs] 
2020-09-29T13:08:54.046+0200: 2.840: [GC (Allocation Failure) 2020-09-29T13:08:54.046+0200: 2.840: [ParNew: 557572K->8526K(613440K), 0.0080158 secs] 557962K->8916K(2029056K), 0.0080998 secs] [Times: user=0.13 sys=0.00, real=0.01 secs] 
2020-09-29T13:08:54.135+0200: 2.929: [GC (Allocation Failure) 2020-09-29T13:08:54.135+0200: 2.929: [ParNew: 553870K->7605K(613440K), 0.0070597 secs] 554260K->7995K(2029056K), 0.0071175 secs] [Times: user=0.00 sys=0.00, real=0.01 secs] 
2020-09-29T13:08:54.222+0200: 3.016: [GC (Allocation Failure) 2020-09-29T13:08:54.222+0200: 3.016: [ParNew: 552949K->4556K(613440K), 0.0056427 secs] 553339K->4946K(2029056K), 0.0056974 secs] [Times: user=0.13 sys=0.00, real=0.01 secs] 
2020-09-29T13:08:54.304+0200: 3.097: [GC (Allocation Failure) 2020-09-29T13:08:54.304+0200: 3.097: [ParNew: 549900K->138K(613440K), 0.0017450 secs] 550290K->529K(2029056K), 0.0017966 secs] [Times: user=0.00 sys=0.00, real=0.00 secs] 
2020-09-29T13:08:54.384+0200: 3.178: [GC (Allocation Failure) 2020-09-29T13:08:54.384+0200: 3.178: [ParNew: 545482K->12236K(613440K), 0.0118713 secs] 545873K->12627K(2029056K), 0.0119355 secs] [Times: user=0.13 sys=0.00, real=0.01 secs] 
2020-09-29T13:08:54.489+0200: 3.283: [GC (Allocation Failure) 2020-09-29T13:08:54.489+0200: 3.283: [ParNew: 557580K->17300K(613440K), 0.0104694 secs] 557971K->17691K(2029056K), 0.0105262 secs] [Times: user=0.00 sys=0.00, real=0.01 secs] 
2020-09-29T13:08:54.580+0200: 3.374: [GC (Allocation Failure) 2020-09-29T13:08:54.580+0200: 3.374: [ParNew: 562644K->11587K(613440K), 0.0093364 secs] 563035K->11977K(2029056K), 0.0094089 secs] [Times: user=0.11 sys=0.00, real=0.01 secs] 
2020-09-29T13:08:54.672+0200: 3.466: [GC (Allocation Failure) 2020-09-29T13:08:54.672+0200: 3.466: [ParNew: 556931K->8405K(613440K), 0.0083499 secs] 557321K->8796K(2029056K), 0.0084032 secs] [Times: user=0.13 sys=0.00, real=0.01 secs] 
2020-09-29T13:08:54.758+0200: 3.552: [GC (Allocation Failure) 2020-09-29T13:08:54.758+0200: 3.552: [ParNew: 553749K->7436K(613440K), 0.0068163 secs] 554140K->7826K(2029056K), 0.0069044 secs] [Times: user=0.00 sys=0.00, real=0.01 secs] 
2020-09-29T13:08:54.844+0200: 3.638: [GC (Allocation Failure) 2020-09-29T13:08:54.844+0200: 3.638: [ParNew: 552780K->4531K(613440K), 0.0055328 secs] 553170K->4922K(2029056K), 0.0055867 secs] [Times: user=0.11 sys=0.00, real=0.01 secs] 
2020-09-29T13:08:54.928+0200: 3.721: [GC (Allocation Failure) 2020-09-29T13:08:54.928+0200: 3.721: [ParNew: 549875K->136K(613440K), 0.0017749 secs] 550266K->526K(2029056K), 0.0018254 secs] [Times: user=0.00 sys=0.00, real=0.00 secs] 
2020-09-29T13:08:55.006+0200: 3.800: [GC (Allocation Failure) 2020-09-29T13:08:55.006+0200: 3.800: [ParNew: 545480K->12264K(613440K), 0.0110439 secs] 545870K->12654K(2029056K), 0.0110984 secs] [Times: user=0.00 sys=0.00, real=0.01 secs] 
2020-09-29T13:08:55.095+0200: 3.889: [GC (Allocation Failure) 2020-09-29T13:08:55.095+0200: 3.889: [ParNew: 557608K->17303K(613440K), 0.0099137 secs] 557998K->17693K(2029056K), 0.0099695 secs] [Times: user=0.13 sys=0.00, real=0.01 secs] 
2020-09-29T13:08:55.183+0200: 3.977: [GC (Allocation Failure) 2020-09-29T13:08:55.183+0200: 3.977: [ParNew: 562647K->11890K(613440K), 0.0084101 secs] 563037K->12280K(2029056K), 0.0084864 secs] [Times: user=0.00 sys=0.00, real=0.01 secs] 
2020-09-29T13:08:55.270+0200: 4.064: [GC (Allocation Failure) 2020-09-29T13:08:55.270+0200: 4.064: [ParNew: 557234K->7765K(613440K), 0.0074110 secs] 557624K->8155K(2029056K), 0.0074669 secs] [Times: user=0.13 sys=0.00, real=0.01 secs] 
2020-09-29T13:08:55.354+0200: 4.147: [GC (Allocation Failure) 2020-09-29T13:08:55.354+0200: 4.147: [ParNew: 553109K->6636K(613440K), 0.0064648 secs] 553499K->7027K(2029056K), 0.0065215 secs] [Times: user=0.00 sys=0.00, real=0.01 secs] 
2020-09-29T13:08:55.458+0200: 4.252: [GC (Allocation Failure) 2020-09-29T13:08:55.458+0200: 4.252: [ParNew: 551980K->4080K(613440K), 0.0051727 secs] 552371K->4470K(2029056K), 0.0052264 secs] [Times: user=0.00 sys=0.00, real=0.01 secs] 
2020-09-29T13:08:55.545+0200: 4.339: [GC (Allocation Failure) 2020-09-29T13:08:55.545+0200: 4.339: [ParNew: 549424K->71K(613440K), 0.0015012 secs] 549814K->461K(2029056K), 0.0015523 secs] [Times: user=0.00 sys=0.00, real=0.00 secs] 
2020-09-29T13:08:55.626+0200: 4.420: [GC (Allocation Failure) 2020-09-29T13:08:55.626+0200: 4.420: [ParNew: 545415K->12101K(613440K), 0.0111729 secs] 545805K->12492K(2029056K), 0.0112307 secs] [Times: user=0.13 sys=0.00, real=0.01 secs] 
2020-09-29T13:08:55.718+0200: 4.512: [GC (Allocation Failure) 2020-09-29T13:08:55.718+0200: 4.512: [ParNew: 557445K->17116K(613440K), 0.0097509 secs] 557836K->17506K(2029056K), 0.0098296 secs] [Times: user=0.13 sys=0.00, real=0.01 secs] 
2020-09-29T13:08:55.805+0200: 4.598: [GC (Allocation Failure) 2020-09-29T13:08:55.805+0200: 4.598: [ParNew: 562460K->12047K(613440K), 0.0088034 secs] 562850K->12437K(2029056K), 0.0088790 secs] [Times: user=0.00 sys=0.00, real=0.01 secs] 
2020-09-29T13:08:55.889+0200: 4.683: [GC (Allocation Failure) 2020-09-29T13:08:55.889+0200: 4.683: [ParNew: 557391K->8016K(613440K), 0.0073454 secs] 557781K->8406K(2029056K), 0.0074017 secs] [Times: user=0.13 sys=0.00, real=0.01 secs] 
2020-09-29T13:08:55.975+0200: 4.769: [GC (Allocation Failure) 2020-09-29T13:08:55.975+0200: 4.769: [ParNew: 553360K->6733K(613440K), 0.0064142 secs] 553750K->7123K(2029056K), 0.0064747 secs] [Times: user=0.00 sys=0.00, real=0.01 secs] 
2020-09-29T13:08:56.057+0200: 4.851: [GC (Allocation Failure) 2020-09-29T13:08:56.057+0200: 4.851: [ParNew: 550178K->273K(613440K), 0.0016557 secs] 550569K->664K(2029056K), 0.0017090 secs] [Times: user=0.00 sys=0.00, real=0.00 secs] 
2020-09-29T13:08:56.136+0200: 4.930: [GC (Allocation Failure) 2020-09-29T13:08:56.136+0200: 4.930: [ParNew: 545617K->12225K(613440K), 0.0111778 secs] 546008K->12616K(2029056K), 0.0112368 secs] [Times: user=0.13 sys=0.00, real=0.01 secs] 
2020-09-29T13:08:56.228+0200: 5.022: [GC (Allocation Failure) 2020-09-29T13:08:56.228+0200: 5.022: [ParNew: 557569K->17193K(613440K), 0.0102316 secs] 557960K->17583K(2029056K), 0.0102886 secs] [Times: user=0.00 sys=0.00, real=0.01 secs] 
2020-09-29T13:08:56.315+0200: 5.109: [GC (Allocation Failure) 2020-09-29T13:08:56.315+0200: 5.109: [ParNew: 562537K->12063K(613440K), 0.0090746 secs] 562927K->12454K(2029056K), 0.0091324 secs] [Times: user=0.13 sys=0.00, real=0.01 secs] 
2020-09-29T13:08:56.401+0200: 5.195: [GC (Allocation Failure) 2020-09-29T13:08:56.401+0200: 5.195: [ParNew: 557407K->8264K(613440K), 0.0079835 secs] 557798K->8654K(2029056K), 0.0080552 secs] [Times: user=0.00 sys=0.00, real=0.01 secs] 
2020-09-29T13:08:56.486+0200: 5.280: [GC (Allocation Failure) 2020-09-29T13:08:56.486+0200: 5.280: [ParNew: 553608K->7375K(613440K), 0.0068465 secs] 553998K->7765K(2029056K), 0.0069000 secs] [Times: user=0.13 sys=0.00, real=0.01 secs] 
2020-09-29T13:08:56.569+0200: 5.363: [GC (Allocation Failure) 2020-09-29T13:08:56.569+0200: 5.363: [ParNew: 552719K->5344K(613440K), 0.0054994 secs] 553109K->5734K(2029056K), 0.0055894 secs] [Times: user=0.00 sys=0.00, real=0.01 secs] 
2020-09-29T13:08:56.652+0200: 5.446: [GC (Allocation Failure) 2020-09-29T13:08:56.652+0200: 5.446: [ParNew: 550688K->192K(613440K), 0.0016670 secs] 551078K->582K(2029056K), 0.0017179 secs] [Times: user=0.00 sys=0.00, real=0.00 secs] 
2020-09-29T13:08:56.732+0200: 5.526: [GC (Allocation Failure) 2020-09-29T13:08:56.732+0200: 5.526: [ParNew: 545536K->12303K(613440K), 0.0112085 secs] 545926K->12693K(2029056K), 0.0112659 secs] [Times: user=0.13 sys=0.00, real=0.01 secs] 
2020-09-29T13:08:56.820+0200: 5.614: [GC (Allocation Failure) 2020-09-29T13:08:56.820+0200: 5.614: [ParNew: 557647K->17423K(613440K), 0.0100201 secs] 558037K->17813K(2029056K), 0.0100749 secs] [Times: user=0.00 sys=0.00, real=0.01 secs] 
2020-09-29T13:08:56.909+0200: 5.703: [GC (Allocation Failure) 2020-09-29T13:08:56.909+0200: 5.703: [ParNew: 562767K->11496K(613440K), 0.0094125 secs] 563157K->11886K(2029056K), 0.0094690 secs] [Times: user=0.13 sys=0.00, real=0.01 secs] 
2020-09-29T13:08:56.998+0200: 5.792: [GC (Allocation Failure) 2020-09-29T13:08:56.998+0200: 5.792: [ParNew: 556840K->8157K(613440K), 0.0076505 secs] 557230K->8547K(2029056K), 0.0077072 secs] [Times: user=0.13 sys=0.00, real=0.01 secs] 
2020-09-29T13:08:57.082+0200: 5.877: [GC (Allocation Failure) 2020-09-29T13:08:57.083+0200: 5.877: [ParNew: 553501K->7130K(613440K), 0.0067044 secs] 553891K->7520K(2029056K), 0.0067618 secs] [Times: user=0.00 sys=0.02, real=0.01 secs] 
2020-09-29T13:08:57.168+0200: 5.962: [GC (Allocation Failure) 2020-09-29T13:08:57.168+0200: 5.962: [ParNew: 552474K->4294K(613440K), 0.0051757 secs] 552864K->4684K(2029056K), 0.0052436 secs] [Times: user=0.00 sys=0.00, real=0.01 secs] 
2020-09-29T13:08:57.253+0200: 6.047: [GC (Allocation Failure) 2020-09-29T13:08:57.253+0200: 6.047: [ParNew: 549638K->90K(613440K), 0.0017890 secs] 550028K->480K(2029056K), 0.0018406 secs] [Times: user=0.13 sys=0.00, real=0.00 secs] 
2020-09-29T13:08:57.332+0200: 6.126: [GC (Allocation Failure) 2020-09-29T13:08:57.332+0200: 6.126: [ParNew: 545434K->11801K(613440K), 0.0105524 secs] 545824K->12192K(2029056K), 0.0106106 secs] [Times: user=0.03 sys=0.00, real=0.01 secs] 
2020-09-29T13:08:57.419+0200: 6.213: [GC (Allocation Failure) 2020-09-29T13:08:57.419+0200: 6.213: [ParNew: 557145K->14801K(613440K), 0.0098145 secs] 557536K->15192K(2029056K), 0.0098846 secs] [Times: user=0.13 sys=0.00, real=0.01 secs] 
2020-09-29T13:08:57.506+0200: 6.300: [GC (Allocation Failure) 2020-09-29T13:08:57.506+0200: 6.300: [ParNew: 560145K->9775K(613440K), 0.0088591 secs] 560536K->10165K(2029056K), 0.0089140 secs] [Times: user=0.00 sys=0.00, real=0.01 secs] 
2020-09-29T13:08:57.593+0200: 6.387: [GC (Allocation Failure) 2020-09-29T13:08:57.593+0200: 6.387: [ParNew: 555119K->8665K(613440K), 0.0080812 secs] 555509K->9055K(2029056K), 0.0081406 secs] [Times: user=0.13 sys=0.00, real=0.01 secs] 
2020-09-29T13:08:57.679+0200: 6.473: [GC (Allocation Failure) 2020-09-29T13:08:57.679+0200: 6.473: [ParNew: 554009K->7224K(613440K), 0.0066370 secs] 554399K->7615K(2029056K), 0.0066910 secs] [Times: user=0.00 sys=0.00, real=0.01 secs] 
2020-09-29T13:08:57.766+0200: 6.560: [GC (Allocation Failure) 2020-09-29T13:08:57.766+0200: 6.560: [ParNew: 552568K->4116K(613440K), 0.0061538 secs] 552959K->4506K(2029056K), 0.0062109 secs] [Times: user=0.13 sys=0.00, real=0.01 secs] 
2020-09-29T13:08:57.853+0200: 6.647: [GC (Allocation Failure) 2020-09-29T13:08:57.853+0200: 6.647: [ParNew: 549460K->222K(613440K), 0.0017515 secs] 549850K->612K(2029056K), 0.0018014 secs] [Times: user=0.00 sys=0.00, real=0.00 secs] 
2020-09-29T13:08:57.932+0200: 6.727: [GC (Allocation Failure) 2020-09-29T13:08:57.933+0200: 6.727: [ParNew: 545566K->12390K(613440K), 0.0114622 secs] 545956K->12780K(2029056K), 0.0115214 secs] [Times: user=0.13 sys=0.00, real=0.01 secs] 
2020-09-29T13:08:58.022+0200: 6.816: [GC (Allocation Failure) 2020-09-29T13:08:58.022+0200: 6.816: [ParNew: 557734K->16427K(613440K), 0.0097601 secs] 558124K->16817K(2029056K), 0.0098175 secs] [Times: user=0.00 sys=0.00, real=0.01 secs] 
2020-09-29T13:08:58.110+0200: 6.904: [GC (Allocation Failure) 2020-09-29T13:08:58.110+0200: 6.904: [ParNew: 561771K->11913K(613440K), 0.0084581 secs] 562161K->12303K(2029056K), 0.0085197 secs] [Times: user=0.13 sys=0.00, real=0.01 secs] 
2020-09-29T13:08:58.197+0200: 6.991: [GC (Allocation Failure) 2020-09-29T13:08:58.197+0200: 6.991: [ParNew: 557257K->7769K(613440K), 0.0072548 secs] 557647K->8159K(2029056K), 0.0073300 secs] [Times: user=0.00 sys=0.00, real=0.01 secs] 
2020-09-29T13:08:58.280+0200: 7.074: [GC (Allocation Failure) 2020-09-29T13:08:58.280+0200: 7.074: [ParNew: 553113K->6638K(613440K), 0.0063342 secs] 553503K->7028K(2029056K), 0.0063886 secs] [Times: user=0.13 sys=0.00, real=0.01 secs] 
2020-09-29T13:08:58.361+0200: 7.156: [GC (Allocation Failure) 2020-09-29T13:08:58.361+0200: 7.156: [ParNew: 551982K->4080K(613440K), 0.0047669 secs] 552372K->4470K(2029056K), 0.0048212 secs] [Times: user=0.13 sys=0.00, real=0.00 secs] 
2020-09-29T13:08:58.444+0200: 7.238: [GC (Allocation Failure) 2020-09-29T13:08:58.444+0200: 7.238: [ParNew: 549424K->71K(613440K), 0.0017804 secs] 549814K->461K(2029056K), 0.0018334 secs] [Times: user=0.00 sys=0.00, real=0.00 secs] 
2020-09-29T13:08:58.523+0200: 7.317: [GC (Allocation Failure) 2020-09-29T13:08:58.523+0200: 7.317: [ParNew: 545415K->12106K(613440K), 0.0107633 secs] 545805K->12496K(2029056K), 0.0108185 secs] [Times: user=0.00 sys=0.00, real=0.01 secs] 
2020-09-29T13:08:58.611+0200: 7.405: [GC (Allocation Failure) 2020-09-29T13:08:58.611+0200: 7.405: [ParNew: 557450K->17117K(613440K), 0.0100694 secs] 557840K->17507K(2029056K), 0.0101234 secs] [Times: user=0.13 sys=0.00, real=0.01 secs] 
2020-09-29T13:08:58.701+0200: 7.495: [GC (Allocation Failure) 2020-09-29T13:08:58.701+0200: 7.495: [ParNew: 562461K->12047K(613440K), 0.0084486 secs] 562851K->12437K(2029056K), 0.0085061 secs] [Times: user=0.13 sys=0.00, real=0.01 secs] 
2020-09-29T13:08:58.788+0200: 7.582: [GC (Allocation Failure) 2020-09-29T13:08:58.788+0200: 7.582: [ParNew: 557391K->8017K(613440K), 0.0074578 secs] 557781K->8407K(2029056K), 0.0075141 secs] [Times: user=0.00 sys=0.00, real=0.01 secs] 
2020-09-29T13:08:58.874+0200: 7.668: [GC (Allocation Failure) 2020-09-29T13:08:58.874+0200: 7.668: [ParNew: 553361K->6734K(613440K), 0.0064643 secs] 553751K->7124K(2029056K), 0.0065229 secs] [Times: user=0.13 sys=0.00, real=0.01 secs] 
2020-09-29T13:08:58.957+0200: 7.751: [GC (Allocation Failure) 2020-09-29T13:08:58.957+0200: 7.751: [ParNew: 550178K->273K(613440K), 0.0018078 secs] 550569K->664K(2029056K), 0.0018589 secs] [Times: user=0.00 sys=0.00, real=0.00 secs] 
2020-09-29T13:08:59.035+0200: 7.829: [GC (Allocation Failure) 2020-09-29T13:08:59.035+0200: 7.829: [ParNew: 545617K->12225K(613440K), 0.0108123 secs] 546008K->12616K(2029056K), 0.0108704 secs] [Times: user=0.00 sys=0.00, real=0.01 secs] 
2020-09-29T13:08:59.123+0200: 7.917: [GC (Allocation Failure) 2020-09-29T13:08:59.123+0200: 7.917: [ParNew: 557569K->17193K(613440K), 0.0099774 secs] 557960K->17583K(2029056K), 0.0100318 secs] [Times: user=0.13 sys=0.00, real=0.01 secs] 
2020-09-29T13:08:59.210+0200: 8.004: [GC (Allocation Failure) 2020-09-29T13:08:59.210+0200: 8.004: [ParNew: 562537K->12063K(613440K), 0.0088256 secs] 562927K->12454K(2029056K), 0.0088801 secs] [Times: user=0.00 sys=0.00, real=0.01 secs] 
2020-09-29T13:08:59.295+0200: 8.089: [GC (Allocation Failure) 2020-09-29T13:08:59.295+0200: 8.089: [ParNew: 557407K->8264K(613440K), 0.0076826 secs] 557798K->8654K(2029056K), 0.0077403 secs] [Times: user=0.13 sys=0.00, real=0.01 secs] 
2020-09-29T13:08:59.378+0200: 8.172: [GC (Allocation Failure) 2020-09-29T13:08:59.378+0200: 8.172: [ParNew: 553608K->7375K(613440K), 0.0069131 secs] 553998K->7765K(2029056K), 0.0069684 secs] [Times: user=0.13 sys=0.00, real=0.01 secs] 
2020-09-29T13:08:59.463+0200: 8.257: [GC (Allocation Failure) 2020-09-29T13:08:59.464+0200: 8.257: [ParNew: 552719K->5828K(613440K), 0.0058976 secs] 553109K->6219K(2029056K), 0.0059571 secs] [Times: user=0.00 sys=0.00, real=0.01 secs] 
2020-09-29T13:08:59.546+0200: 8.340: [GC (Allocation Failure) 2020-09-29T13:08:59.546+0200: 8.340: [ParNew: 551172K->168K(613440K), 0.0018034 secs] 551563K->558K(2029056K), 0.0018521 secs] [Times: user=0.00 sys=0.00, real=0.00 secs] 
2020-09-29T13:08:59.625+0200: 8.420: [GC (Allocation Failure) 2020-09-29T13:08:59.626+0200: 8.420: [ParNew: 545512K->12331K(613440K), 0.0111112 secs] 545902K->12721K(2029056K), 0.0111707 secs] [Times: user=0.13 sys=0.00, real=0.01 secs] 
2020-09-29T13:08:59.712+0200: 8.506: [GC (Allocation Failure) 2020-09-29T13:08:59.712+0200: 8.506: [ParNew: 557675K->17399K(613440K), 0.0098257 secs] 558065K->17789K(2029056K), 0.0098796 secs] [Times: user=0.00 sys=0.00, real=0.01 secs] 
2020-09-29T13:08:59.805+0200: 8.598: [GC (Allocation Failure) 2020-09-29T13:08:59.805+0200: 8.598: [ParNew: 562743K->12126K(613440K), 0.0096401 secs] 563133K->12516K(2029056K), 0.0096968 secs] [Times: user=0.00 sys=0.00, real=0.01 secs] 
2020-09-29T13:08:59.895+0200: 8.689: [GC (Allocation Failure) 2020-09-29T13:08:59.895+0200: 8.689: [ParNew: 557470K->8156K(613440K), 0.0078517 secs] 557860K->8547K(2029056K), 0.0079121 secs] [Times: user=0.00 sys=0.00, real=0.01 secs] 
2020-09-29T13:08:59.981+0200: 8.775: [GC (Allocation Failure) 2020-09-29T13:08:59.981+0200: 8.775: [ParNew: 553500K->7129K(613440K), 0.0066421 secs] 553891K->7520K(2029056K), 0.0066962 secs] [Times: user=0.00 sys=0.00, real=0.01 secs] 
2020-09-29T13:09:00.071+0200: 8.865: [GC (Allocation Failure) 2020-09-29T13:09:00.071+0200: 8.865: [ParNew: 552473K->4294K(613440K), 0.0054576 secs] 552864K->4684K(2029056K), 0.0055133 secs] [Times: user=0.00 sys=0.00, real=0.00 secs] 
2020-09-29T13:09:00.164+0200: 8.958: [GC (Allocation Failure) 2020-09-29T13:09:00.164+0200: 8.958: [ParNew: 549638K->90K(613440K), 0.0013951 secs] 550028K->480K(2029056K), 0.0014493 secs] [Times: user=0.00 sys=0.00, real=0.00 secs] 
2020-09-29T13:09:00.244+0200: 9.038: [GC (Allocation Failure) 2020-09-29T13:09:00.244+0200: 9.038: [ParNew: 545434K->11779K(613440K), 0.0113308 secs] 545824K->12169K(2029056K), 0.0113910 secs] [Times: user=0.13 sys=0.00, real=0.01 secs] 
2020-09-29T13:09:00.339+0200: 9.133: [GC (Allocation Failure) 2020-09-29T13:09:00.339+0200: 9.134: [ParNew: 557123K->16637K(613440K), 0.0097994 secs] 557513K->17027K(2029056K), 0.0098562 secs] [Times: user=0.13 sys=0.00, real=0.01 secs] 
2020-09-29T13:09:00.428+0200: 9.222: [GC (Allocation Failure) 2020-09-29T13:09:00.428+0200: 9.222: [ParNew: 561981K->11610K(613440K), 0.0093082 secs] 562371K->12000K(2029056K), 0.0093918 secs] [Times: user=0.00 sys=0.00, real=0.01 secs] 
2020-09-29T13:09:00.536+0200: 9.330: [GC (Allocation Failure) 2020-09-29T13:09:00.536+0200: 9.330: [ParNew: 556954K->7916K(613440K), 0.0092317 secs] 557344K->8306K(2029056K), 0.0092927 secs] [Times: user=0.00 sys=0.00, real=0.01 secs] 
2020-09-29T13:09:00.632+0200: 9.426: [GC (Allocation Failure) 2020-09-29T13:09:00.632+0200: 9.426: [ParNew: 553260K->7037K(613440K), 0.0074364 secs] 553650K->7427K(2029056K), 0.0074927 secs] [Times: user=0.00 sys=0.00, real=0.01 secs] 
2020-09-29T13:09:00.720+0200: 9.514: [GC (Allocation Failure) 2020-09-29T13:09:00.720+0200: 9.514: [ParNew: 552381K->5533K(613440K), 0.0056054 secs] 552771K->5923K(2029056K), 0.0056594 secs] [Times: user=0.13 sys=0.00, real=0.01 secs] 
2020-09-29T13:09:00.803+0200: 9.597: [GC (Allocation Failure) 2020-09-29T13:09:00.803+0200: 9.597: [ParNew: 550877K->184K(613440K), 0.0015346 secs] 551267K->574K(2029056K), 0.0015860 secs] [Times: user=0.00 sys=0.00, real=0.00 secs] 
2020-09-29T13:09:00.882+0200: 9.676: [GC (Allocation Failure) 2020-09-29T13:09:00.882+0200: 9.676: [ParNew: 545528K->12271K(613440K), 0.0111518 secs] 545918K->12661K(2029056K), 0.0112081 secs] [Times: user=0.00 sys=0.00, real=0.01 secs] 
2020-09-29T13:09:00.971+0200: 9.765: [GC (Allocation Failure) 2020-09-29T13:09:00.971+0200: 9.765: [ParNew: 557615K->16392K(613440K), 0.0094284 secs] 558005K->16782K(2029056K), 0.0095113 secs] [Times: user=0.11 sys=0.02, real=0.01 secs] 
2020-09-29T13:09:01.057+0200: 9.851: [GC (Allocation Failure) 2020-09-29T13:09:01.057+0200: 9.851: [ParNew: 561736K->11903K(613440K), 0.0084568 secs] 562126K->12294K(2029056K), 0.0085186 secs] [Times: user=0.00 sys=0.00, real=0.01 secs] 
2020-09-29T13:09:01.143+0200: 9.937: [GC (Allocation Failure) 2020-09-29T13:09:01.143+0200: 9.937: [ParNew: 557247K->7768K(613440K), 0.0075298 secs] 557638K->8158K(2029056K), 0.0076124 secs] [Times: user=0.13 sys=0.00, real=0.01 secs] 
2020-09-29T13:09:01.228+0200: 10.022: [GC (Allocation Failure) 2020-09-29T13:09:01.228+0200: 10.022: [ParNew: 553112K->6638K(613440K), 0.0062512 secs] 553502K->7028K(2029056K), 0.0063075 secs] [Times: user=0.00 sys=0.00, real=0.01 secs] 
2020-09-29T13:09:01.310+0200: 10.104: [GC (Allocation Failure) 2020-09-29T13:09:01.310+0200: 10.104: [ParNew: 551982K->4080K(613440K), 0.0046853 secs] 552372K->4470K(2029056K), 0.0047379 secs] [Times: user=0.00 sys=0.00, real=0.00 secs] 
2020-09-29T13:09:01.391+0200: 10.185: [GC (Allocation Failure) 2020-09-29T13:09:01.391+0200: 10.185: [ParNew: 549424K->71K(613440K), 0.0019961 secs] 549814K->461K(2029056K), 0.0020470 secs] [Times: user=0.00 sys=0.00, real=0.00 secs] 
2020-09-29T13:09:01.470+0200: 10.264: [GC (Allocation Failure) 2020-09-29T13:09:01.470+0200: 10.264: [ParNew: 545415K->12106K(613440K), 0.0110986 secs] 545805K->12496K(2029056K), 0.0111538 secs] [Times: user=0.13 sys=0.00, real=0.01 secs] 
2020-09-29T13:09:01.561+0200: 10.355: [GC (Allocation Failure) 2020-09-29T13:09:01.561+0200: 10.355: [ParNew: 557450K->17117K(613440K), 0.0100513 secs] 557840K->17507K(2029056K), 0.0101214 secs] [Times: user=0.13 sys=0.00, real=0.01 secs] 
2020-09-29T13:09:01.648+0200: 10.442: [GC (Allocation Failure) 2020-09-29T13:09:01.648+0200: 10.442: [ParNew: 562461K->12047K(613440K), 0.0089168 secs] 562851K->12437K(2029056K), 0.0089750 secs] [Times: user=0.00 sys=0.00, real=0.01 secs] 
2020-09-29T13:09:01.736+0200: 10.530: [GC (Allocation Failure) 2020-09-29T13:09:01.736+0200: 10.530: [ParNew: 557391K->8017K(613440K), 0.0071795 secs] 557781K->8407K(2029056K), 0.0072359 secs] [Times: user=0.13 sys=0.00, real=0.01 secs] 
2020-09-29T13:09:01.823+0200: 10.617: [GC (Allocation Failure) 2020-09-29T13:09:01.823+0200: 10.617: [ParNew: 553361K->6734K(613440K), 0.0064864 secs] 553751K->7124K(2029056K), 0.0065436 secs] [Times: user=0.00 sys=0.00, real=0.01 secs] 
2020-09-29T13:09:01.909+0200: 10.702: [GC (Allocation Failure) 2020-09-29T13:09:01.909+0200: 10.702: [ParNew: 550178K->273K(613440K), 0.0018617 secs] 550569K->664K(2029056K), 0.0019171 secs] [Times: user=0.00 sys=0.00, real=0.00 secs] 
2020-09-29T13:09:01.987+0200: 10.781: [GC (Allocation Failure) 2020-09-29T13:09:01.987+0200: 10.781: [ParNew: 545617K->12225K(613440K), 0.0107868 secs] 546008K->12616K(2029056K), 0.0108742 secs] [Times: user=0.13 sys=0.00, real=0.01 secs] 
2020-09-29T13:09:02.074+0200: 10.868: [GC (Allocation Failure) 2020-09-29T13:09:02.074+0200: 10.868: [ParNew: 557569K->17193K(613440K), 0.0097146 secs] 557960K->17583K(2029056K), 0.0097924 secs] [Times: user=0.13 sys=0.00, real=0.01 secs] 
2020-09-29T13:09:02.163+0200: 10.956: [GC (Allocation Failure) 2020-09-29T13:09:02.163+0200: 10.956: [ParNew: 562537K->12063K(613440K), 0.0090595 secs] 562927K->12454K(2029056K), 0.0091155 secs] [Times: user=0.00 sys=0.00, real=0.01 secs] 
2020-09-29T13:09:02.250+0200: 11.043: [GC (Allocation Failure) 2020-09-29T13:09:02.250+0200: 11.043: [ParNew: 557407K->7475K(613440K), 0.0081324 secs] 557798K->7865K(2029056K), 0.0081879 secs] [Times: user=0.11 sys=0.00, real=0.01 secs] 
2020-09-29T13:09:02.333+0200: 11.127: [GC (Allocation Failure) 2020-09-29T13:09:02.333+0200: 11.127: [ParNew: 552819K->7375K(613440K), 0.0069043 secs] 553209K->7765K(2029056K), 0.0069596 secs] [Times: user=0.00 sys=0.00, real=0.01 secs] 
2020-09-29T13:09:02.417+0200: 11.210: [GC (Allocation Failure) 2020-09-29T13:09:02.417+0200: 11.210: [ParNew: 552719K->5828K(613440K), 0.0054358 secs] 553109K->6219K(2029056K), 0.0054919 secs] [Times: user=0.00 sys=0.00, real=0.00 secs] 
2020-09-29T13:09:02.499+0200: 11.293: [GC (Allocation Failure) 2020-09-29T13:09:02.499+0200: 11.293: [ParNew: 551172K->168K(613440K), 0.0017311 secs] 551563K->558K(2029056K), 0.0017817 secs] [Times: user=0.00 sys=0.00, real=0.00 secs] 
2020-09-29T13:09:02.580+0200: 11.373: [GC (Allocation Failure) 2020-09-29T13:09:02.580+0200: 11.373: [ParNew: 545512K->12246K(613440K), 0.0113711 secs] 545902K->12637K(2029056K), 0.0114624 secs] [Times: user=0.11 sys=0.00, real=0.01 secs] 
2020-09-29T13:09:02.669+0200: 11.462: [GC (Allocation Failure) 2020-09-29T13:09:02.669+0200: 11.462: [ParNew: 557590K->17399K(613440K), 0.0097837 secs] 557981K->17789K(2029056K), 0.0098775 secs] [Times: user=0.13 sys=0.00, real=0.01 secs] 
2020-09-29T13:09:02.757+0200: 11.550: [GC (Allocation Failure) 2020-09-29T13:09:02.757+0200: 11.550: [ParNew: 562743K->12126K(613440K), 0.0089945 secs] 563133K->12516K(2029056K), 0.0090655 secs] [Times: user=0.00 sys=0.00, real=0.01 secs] 
2020-09-29T13:09:02.843+0200: 11.637: [GC (Allocation Failure) 2020-09-29T13:09:02.843+0200: 11.637: [ParNew: 557470K->8156K(613440K), 0.0075287 secs] 557860K->8547K(2029056K), 0.0075846 secs] [Times: user=0.13 sys=0.00, real=0.01 secs] 
2020-09-29T13:09:02.928+0200: 11.721: [GC (Allocation Failure) 2020-09-29T13:09:02.928+0200: 11.721: [ParNew: 553500K->7129K(613440K), 0.0066064 secs] 553891K->7520K(2029056K), 0.0066617 secs] [Times: user=0.00 sys=0.00, real=0.01 secs] 
2020-09-29T13:09:03.011+0200: 11.804: [GC (Allocation Failure) 2020-09-29T13:09:03.011+0200: 11.804: [ParNew: 552473K->4294K(613440K), 0.0052476 secs] 552864K->4684K(2029056K), 0.0053019 secs] [Times: user=0.00 sys=0.00, real=0.01 secs] 
2020-09-29T13:09:03.102+0200: 11.895: [GC (Allocation Failure) 2020-09-29T13:09:03.102+0200: 11.895: [ParNew: 549638K->90K(613440K), 0.0018514 secs] 550028K->480K(2029056K), 0.0019204 secs] [Times: user=0.00 sys=0.00, real=0.00 secs] 
2020-09-29T13:09:03.191+0200: 11.985: [GC (Allocation Failure) 2020-09-29T13:09:03.191+0200: 11.985: [ParNew: 545434K->11779K(613440K), 0.0105322 secs] 545824K->12169K(2029056K), 0.0105938 secs] [Times: user=0.13 sys=0.00, real=0.01 secs] 
2020-09-29T13:09:03.279+0200: 12.072: [GC (Allocation Failure) 2020-09-29T13:09:03.279+0200: 12.072: [ParNew: 557123K->16637K(613440K), 0.0097550 secs] 557513K->17027K(2029056K), 0.0098109 secs] [Times: user=0.13 sys=0.00, real=0.01 secs] 
2020-09-29T13:09:03.364+0200: 12.158: [GC (Allocation Failure) 2020-09-29T13:09:03.364+0200: 12.158: [ParNew: 561981K->11610K(613440K), 0.0085167 secs] 562371K->12000K(2029056K), 0.0086117 secs] [Times: user=0.00 sys=0.00, real=0.01 secs] 
2020-09-29T13:09:03.450+0200: 12.243: [GC (Allocation Failure) 2020-09-29T13:09:03.450+0200: 12.243: [ParNew: 556954K->7916K(613440K), 0.0077525 secs] 557344K->8306K(2029056K), 0.0078418 secs] [Times: user=0.00 sys=0.00, real=0.01 secs] 
2020-09-29T13:09:03.534+0200: 12.327: [GC (Allocation Failure) 2020-09-29T13:09:03.534+0200: 12.327: [ParNew: 553260K->7037K(613440K), 0.0068077 secs] 553650K->7427K(2029056K), 0.0068650 secs] [Times: user=0.13 sys=0.00, real=0.01 secs] 
2020-09-29T13:09:03.618+0200: 12.412: [GC (Allocation Failure) 2020-09-29T13:09:03.618+0200: 12.412: [ParNew: 552381K->5533K(613440K), 0.0059867 secs] 552771K->5923K(2029056K), 0.0060404 secs] [Times: user=0.00 sys=0.00, real=0.01 secs] 
2020-09-29T13:09:03.705+0200: 12.498: [GC (Allocation Failure) 2020-09-29T13:09:03.705+0200: 12.498: [ParNew: 550877K->184K(613440K), 0.0020454 secs] 551267K->574K(2029056K), 0.0020952 secs] [Times: user=0.00 sys=0.00, real=0.00 secs] 
2020-09-29T13:09:03.783+0200: 12.577: [GC (Allocation Failure) 2020-09-29T13:09:03.783+0200: 12.577: [ParNew: 545528K->12317K(613440K), 0.0108139 secs] 545918K->12707K(2029056K), 0.0108836 secs] [Times: user=0.13 sys=0.00, real=0.01 secs] 
2020-09-29T13:09:03.873+0200: 12.668: [GC (Allocation Failure) 2020-09-29T13:09:03.873+0200: 12.668: [ParNew: 557661K->16392K(613440K), 0.0095683 secs] 558051K->16782K(2029056K), 0.0096304 secs] [Times: user=0.13 sys=0.00, real=0.01 secs] 
2020-09-29T13:09:03.960+0200: 12.755: [GC (Allocation Failure) 2020-09-29T13:09:03.960+0200: 12.755: [ParNew: 561736K->11903K(613440K), 0.0083243 secs] 562126K->12294K(2029056K), 0.0084017 secs] [Times: user=0.00 sys=0.00, real=0.01 secs] 
2020-09-29T13:09:04.045+0200: 12.840: [GC (Allocation Failure) 2020-09-29T13:09:04.046+0200: 12.840: [ParNew: 557247K->7768K(613440K), 0.0073111 secs] 557638K->8158K(2029056K), 0.0073890 secs] [Times: user=0.13 sys=0.00, real=0.01 secs] 
2020-09-29T13:09:04.129+0200: 12.924: [GC (Allocation Failure) 2020-09-29T13:09:04.129+0200: 12.924: [ParNew: 553112K->6638K(613440K), 0.0064034 secs] 553502K->7028K(2029056K), 0.0064592 secs] [Times: user=0.00 sys=0.00, real=0.01 secs] 
2020-09-29T13:09:04.216+0200: 13.010: [GC (Allocation Failure) 2020-09-29T13:09:04.216+0200: 13.010: [ParNew: 551982K->4080K(613440K), 0.0047149 secs] 552372K->4470K(2029056K), 0.0047698 secs] [Times: user=0.00 sys=0.00, real=0.00 secs] 
2020-09-29T13:09:04.297+0200: 13.091: [GC (Allocation Failure) 2020-09-29T13:09:04.297+0200: 13.091: [ParNew: 549424K->71K(613440K), 0.0014577 secs] 549814K->461K(2029056K), 0.0015096 secs] [Times: user=0.00 sys=0.00, real=0.00 secs] 
2020-09-29T13:09:04.373+0200: 13.168: [GC (Allocation Failure) 2020-09-29T13:09:04.373+0200: 13.168: [ParNew: 545415K->12088K(613440K), 0.0107488 secs] 545805K->12478K(2029056K), 0.0108225 secs] [Times: user=0.13 sys=0.00, real=0.01 secs] 
2020-09-29T13:09:04.461+0200: 13.256: [GC (Allocation Failure) 2020-09-29T13:09:04.461+0200: 13.256: [ParNew: 557432K->17117K(613440K), 0.0097651 secs] 557822K->17507K(2029056K), 0.0098241 secs] [Times: user=0.00 sys=0.00, real=0.01 secs] 
2020-09-29T13:09:04.547+0200: 13.342: [GC (Allocation Failure) 2020-09-29T13:09:04.547+0200: 13.342: [ParNew: 562461K->12047K(613440K), 0.0084534 secs] 562851K->12437K(2029056K), 0.0085233 secs] [Times: user=0.13 sys=0.00, real=0.01 secs] 
2020-09-29T13:09:04.633+0200: 13.427: [GC (Allocation Failure) 2020-09-29T13:09:04.633+0200: 13.427: [ParNew: 557391K->8017K(613440K), 0.0076645 secs] 557781K->8407K(2029056K), 0.0077198 secs] [Times: user=0.00 sys=0.00, real=0.01 secs] 
2020-09-29T13:09:04.721+0200: 13.515: [GC (Allocation Failure) 2020-09-29T13:09:04.721+0200: 13.515: [ParNew: 553361K->6734K(613440K), 0.0064809 secs] 553751K->7124K(2029056K), 0.0065398 secs] [Times: user=0.13 sys=0.00, real=0.01 secs] 
2020-09-29T13:09:04.805+0200: 13.598: [GC (Allocation Failure) 2020-09-29T13:09:04.805+0200: 13.598: [ParNew: 550178K->273K(613440K), 0.0016070 secs] 550569K->664K(2029056K), 0.0016623 secs] [Times: user=0.00 sys=0.00, real=0.00 secs] 
2020-09-29T13:09:04.886+0200: 13.680: [GC (Allocation Failure) 2020-09-29T13:09:04.886+0200: 13.680: [ParNew: 545617K->12157K(613440K), 0.0117398 secs] 546008K->12547K(2029056K), 0.0117908 secs] [Times: user=0.13 sys=0.00, real=0.01 secs] 
2020-09-29T13:09:04.978+0200: 13.772: [GC (Allocation Failure) 2020-09-29T13:09:04.978+0200: 13.772: [ParNew: 557501K->17193K(613440K), 0.0099172 secs] 557891K->17583K(2029056K), 0.0099762 secs] [Times: user=0.00 sys=0.00, real=0.01 secs] 
2020-09-29T13:09:05.065+0200: 13.859: [GC (Allocation Failure) 2020-09-29T13:09:05.065+0200: 13.859: [ParNew: 562537K->12063K(613440K), 0.0086922 secs] 562927K->12454K(2029056K), 0.0087861 secs] [Times: user=0.13 sys=0.00, real=0.01 secs] 
2020-09-29T13:09:05.151+0200: 13.946: [GC (Allocation Failure) 2020-09-29T13:09:05.152+0200: 13.946: [ParNew: 557407K->8264K(613440K), 0.0078791 secs] 557798K->8654K(2029056K), 0.0079394 secs] [Times: user=0.00 sys=0.00, real=0.01 secs] 
2020-09-29T13:09:05.237+0200: 14.031: [GC (Allocation Failure) 2020-09-29T13:09:05.237+0200: 14.031: [ParNew: 553608K->7375K(613440K), 0.0069502 secs] 553998K->7765K(2029056K), 0.0070057 secs] [Times: user=0.11 sys=0.02, real=0.01 secs] 
2020-09-29T13:09:05.319+0200: 14.114: [GC (Allocation Failure) 2020-09-29T13:09:05.319+0200: 14.114: [ParNew: 552719K->5828K(613440K), 0.0059237 secs] 553109K->6219K(2029056K), 0.0059792 secs] [Times: user=0.00 sys=0.00, real=0.01 secs] 
2020-09-29T13:09:05.419+0200: 14.213: [GC (Allocation Failure) 2020-09-29T13:09:05.419+0200: 14.213: [ParNew: 551172K->168K(613440K), 0.0015834 secs] 551563K->558K(2029056K), 0.0016347 secs] [Times: user=0.00 sys=0.00, real=0.00 secs] 
2020-09-29T13:09:05.507+0200: 14.301: [GC (Allocation Failure) 2020-09-29T13:09:05.507+0200: 14.301: [ParNew: 545512K->12373K(613440K), 0.0113181 secs] 545902K->12763K(2029056K), 0.0113752 secs] [Times: user=0.00 sys=0.00, real=0.01 secs] 
2020-09-29T13:09:05.602+0200: 14.396: [GC (Allocation Failure) 2020-09-29T13:09:05.602+0200: 14.396: [ParNew: 557717K->16434K(613440K), 0.0107005 secs] 558107K->16824K(2029056K), 0.0107598 secs] [Times: user=0.00 sys=0.00, real=0.01 secs] 
2020-09-29T13:09:05.693+0200: 14.487: [GC (Allocation Failure) 2020-09-29T13:09:05.693+0200: 14.487: [ParNew: 561778K->12126K(613440K), 0.0090754 secs] 562168K->12516K(2029056K), 0.0091316 secs] [Times: user=0.00 sys=0.00, real=0.01 secs] 
2020-09-29T13:09:05.778+0200: 14.572: [GC (Allocation Failure) 2020-09-29T13:09:05.778+0200: 14.572: [ParNew: 557470K->8156K(613440K), 0.0077257 secs] 557860K->8547K(2029056K), 0.0077818 secs] [Times: user=0.13 sys=0.00, real=0.01 secs] 
2020-09-29T13:09:05.862+0200: 14.656: [GC (Allocation Failure) 2020-09-29T13:09:05.862+0200: 14.656: [ParNew: 553500K->7129K(613440K), 0.0065250 secs] 553891K->7520K(2029056K), 0.0065978 secs] [Times: user=0.13 sys=0.00, real=0.01 secs] 
2020-09-29T13:09:05.947+0200: 14.741: [GC (Allocation Failure) 2020-09-29T13:09:05.947+0200: 14.741: [ParNew: 552473K->4294K(613440K), 0.0053327 secs] 552864K->4684K(2029056K), 0.0053867 secs] [Times: user=0.00 sys=0.00, real=0.00 secs] 
2020-09-29T13:09:06.031+0200: 14.825: [GC (Allocation Failure) 2020-09-29T13:09:06.031+0200: 14.825: [ParNew: 549638K->90K(613440K), 0.0018139 secs] 550028K->480K(2029056K), 0.0018647 secs] [Times: user=0.00 sys=0.00, real=0.00 secs] 
2020-09-29T13:09:06.110+0200: 14.904: [GC (Allocation Failure) 2020-09-29T13:09:06.110+0200: 14.904: [ParNew: 545434K->11779K(613440K), 0.0106544 secs] 545824K->12169K(2029056K), 0.0107158 secs] [Times: user=0.13 sys=0.00, real=0.01 secs] 
2020-09-29T13:09:06.215+0200: 15.010: [GC (Allocation Failure) 2020-09-29T13:09:06.215+0200: 15.010: [ParNew: 557123K->16637K(613440K), 0.0094573 secs] 557513K->17027K(2029056K), 0.0095148 secs] [Times: user=0.13 sys=0.00, real=0.01 secs] 
2020-09-29T13:09:06.301+0200: 15.095: [GC (Allocation Failure) 2020-09-29T13:09:06.301+0200: 15.095: [ParNew: 561981K->11610K(613440K), 0.0085182 secs] 562371K->12000K(2029056K), 0.0085809 secs] [Times: user=0.00 sys=0.00, real=0.01 secs] 
2020-09-29T13:09:06.386+0200: 15.181: [GC (Allocation Failure) 2020-09-29T13:09:06.386+0200: 15.181: [ParNew: 556954K->7916K(613440K), 0.0078444 secs] 557344K->8306K(2029056K), 0.0079191 secs] [Times: user=0.00 sys=0.00, real=0.01 secs] 
2020-09-29T13:09:06.471+0200: 15.265: [GC (Allocation Failure) 2020-09-29T13:09:06.471+0200: 15.265: [ParNew: 553260K->7037K(613440K), 0.0068408 secs] 553650K->7427K(2029056K), 0.0068969 secs] [Times: user=0.13 sys=0.00, real=0.01 secs] 
2020-09-29T13:09:06.555+0200: 15.350: [GC (Allocation Failure) 2020-09-29T13:09:06.555+0200: 15.350: [ParNew: 552381K->5533K(613440K), 0.0055676 secs] 552771K->5923K(2029056K), 0.0056518 secs] [Times: user=0.00 sys=0.00, real=0.01 secs] 
2020-09-29T13:09:06.637+0200: 15.432: [GC (Allocation Failure) 2020-09-29T13:09:06.637+0200: 15.432: [ParNew: 550877K->184K(613440K), 0.0015184 secs] 551267K->574K(2029056K), 0.0015701 secs] [Times: user=0.00 sys=0.00, real=0.00 secs] 
2020-09-29T13:09:06.717+0200: 15.511: [GC (Allocation Failure) 2020-09-29T13:09:06.717+0200: 15.511: [ParNew: 545528K->12317K(613440K), 0.0113206 secs] 545918K->12707K(2029056K), 0.0113753 secs] [Times: user=0.13 sys=0.00, real=0.01 secs] 
2020-09-29T13:09:06.805+0200: 15.599: [GC (Allocation Failure) 2020-09-29T13:09:06.805+0200: 15.599: [ParNew: 557661K->16392K(613440K), 0.0096916 secs] 558051K->16782K(2029056K), 0.0097524 secs] [Times: user=0.00 sys=0.00, real=0.01 secs] 
2020-09-29T13:09:06.891+0200: 15.685: [GC (Allocation Failure) 2020-09-29T13:09:06.891+0200: 15.685: [ParNew: 561736K->11903K(613440K), 0.0084306 secs] 562126K->12294K(2029056K), 0.0084878 secs] [Times: user=0.13 sys=0.00, real=0.01 secs] 
2020-09-29T13:09:06.977+0200: 15.771: [GC (Allocation Failure) 2020-09-29T13:09:06.977+0200: 15.771: [ParNew: 557247K->7768K(613440K), 0.0076068 secs] 557638K->8158K(2029056K), 0.0076598 secs] [Times: user=0.00 sys=0.00, real=0.01 secs] 
2020-09-29T13:09:07.060+0200: 15.855: [GC (Allocation Failure) 2020-09-29T13:09:07.061+0200: 15.855: [ParNew: 553112K->6638K(613440K), 0.0061111 secs] 553502K->7028K(2029056K), 0.0062059 secs] [Times: user=0.11 sys=0.00, real=0.01 secs] 
2020-09-29T13:09:07.142+0200: 15.937: [GC (Allocation Failure) 2020-09-29T13:09:07.142+0200: 15.937: [ParNew: 551982K->4080K(613440K), 0.0048739 secs] 552372K->4470K(2029056K), 0.0049273 secs] [Times: user=0.13 sys=0.00, real=0.01 secs] 
2020-09-29T13:09:07.225+0200: 16.020: [GC (Allocation Failure) 2020-09-29T13:09:07.225+0200: 16.020: [ParNew: 549424K->71K(613440K), 0.0014991 secs] 549814K->461K(2029056K), 0.0015498 secs] [Times: user=0.00 sys=0.00, real=0.00 secs] 
2020-09-29T13:09:07.303+0200: 16.097: [GC (Allocation Failure) 2020-09-29T13:09:07.303+0200: 16.097: [ParNew: 545415K->12088K(613440K), 0.0108329 secs] 545805K->12478K(2029056K), 0.0109100 secs] [Times: user=0.00 sys=0.00, real=0.01 secs] 
2020-09-29T13:09:07.390+0200: 16.185: [GC (Allocation Failure) 2020-09-29T13:09:07.390+0200: 16.185: [ParNew: 557432K->17117K(613440K), 0.0100424 secs] 557822K->17507K(2029056K), 0.0100983 secs] [Times: user=0.13 sys=0.00, real=0.01 secs] 
2020-09-29T13:09:07.478+0200: 16.273: [GC (Allocation Failure) 2020-09-29T13:09:07.478+0200: 16.273: [ParNew: 562461K->12047K(613440K), 0.0085790 secs] 562851K->12437K(2029056K), 0.0086701 secs] [Times: user=0.00 sys=0.00, real=0.01 secs] 
2020-09-29T13:09:07.563+0200: 16.358: [GC (Allocation Failure) 2020-09-29T13:09:07.563+0200: 16.358: [ParNew: 557391K->8017K(613440K), 0.0073955 secs] 557781K->8407K(2029056K), 0.0074506 secs] [Times: user=0.13 sys=0.00, real=0.01 secs] 
2020-09-29T13:09:07.654+0200: 16.448: [GC (Allocation Failure) 2020-09-29T13:09:07.654+0200: 16.448: [ParNew: 553361K->6734K(613440K), 0.0065408 secs] 553751K->7124K(2029056K), 0.0065979 secs] [Times: user=0.13 sys=0.00, real=0.01 secs] 
2020-09-29T13:09:07.740+0200: 16.534: [GC (Allocation Failure) 2020-09-29T13:09:07.740+0200: 16.534: [ParNew: 550178K->273K(613440K), 0.0015519 secs] 550569K->664K(2029056K), 0.0016401 secs] [Times: user=0.00 sys=0.00, real=0.00 secs] 
2020-09-29T13:09:07.819+0200: 16.614: [GC (Allocation Failure) 2020-09-29T13:09:07.819+0200: 16.614: [ParNew: 545617K->12157K(613440K), 0.0121629 secs] 546008K->12547K(2029056K), 0.0122177 secs] [Times: user=0.00 sys=0.00, real=0.01 secs] 
2020-09-29T13:09:07.913+0200: 16.707: [GC (Allocation Failure) 2020-09-29T13:09:07.913+0200: 16.707: [ParNew: 557501K->17193K(613440K), 0.0098708 secs] 557891K->17583K(2029056K), 0.0099272 secs] [Times: user=0.00 sys=0.00, real=0.01 secs] 
2020-09-29T13:09:08.005+0200: 16.799: [GC (Allocation Failure) 2020-09-29T13:09:08.005+0200: 16.799: [ParNew: 562537K->12063K(613440K), 0.0089679 secs] 562927K->12454K(2029056K), 0.0090237 secs] [Times: user=0.00 sys=0.00, real=0.01 secs] 
2020-09-29T13:09:08.091+0200: 16.885: [GC (Allocation Failure) 2020-09-29T13:09:08.091+0200: 16.885: [ParNew: 557407K->8264K(613440K), 0.0076364 secs] 557798K->8654K(2029056K), 0.0077268 secs] [Times: user=0.13 sys=0.00, real=0.01 secs] 
2020-09-29T13:09:08.175+0200: 16.970: [GC (Allocation Failure) 2020-09-29T13:09:08.176+0200: 16.970: [ParNew: 553608K->7375K(613440K), 0.0070491 secs] 553998K->7765K(2029056K), 0.0071074 secs] [Times: user=0.00 sys=0.02, real=0.01 secs] 
2020-09-29T13:09:08.261+0200: 17.055: [GC (Allocation Failure) 2020-09-29T13:09:08.261+0200: 17.055: [ParNew: 552719K->5828K(613440K), 0.0058832 secs] 553109K->6219K(2029056K), 0.0059383 secs] [Times: user=0.00 sys=0.00, real=0.01 secs] 
2020-09-29T13:09:08.347+0200: 17.141: [GC (Allocation Failure) 2020-09-29T13:09:08.347+0200: 17.141: [ParNew: 551172K->168K(613440K), 0.0015473 secs] 551563K->558K(2029056K), 0.0016035 secs] [Times: user=0.13 sys=0.00, real=0.00 secs] 
2020-09-29T13:09:08.426+0200: 17.220: [GC (Allocation Failure) 2020-09-29T13:09:08.426+0200: 17.220: [ParNew: 545512K->12331K(613440K), 0.0108241 secs] 545902K->12721K(2029056K), 0.0108809 secs] [Times: user=0.00 sys=0.00, real=0.01 secs] 
2020-09-29T13:09:08.515+0200: 17.309: [GC (Allocation Failure) 2020-09-29T13:09:08.515+0200: 17.309: [ParNew: 557675K->17399K(613440K), 0.0097146 secs] 558065K->17789K(2029056K), 0.0097900 secs] [Times: user=0.13 sys=0.00, real=0.01 secs] 
2020-09-29T13:09:08.605+0200: 17.400: [GC (Allocation Failure) 2020-09-29T13:09:08.605+0200: 17.400: [ParNew: 562743K->12126K(613440K), 0.0090943 secs] 563133K->12516K(2029056K), 0.0091523 secs] [Times: user=0.13 sys=0.00, real=0.01 secs] 
2020-09-29T13:09:08.696+0200: 17.490: [GC (Allocation Failure) 2020-09-29T13:09:08.696+0200: 17.490: [ParNew: 557470K->8156K(613440K), 0.0077898 secs] 557860K->8547K(2029056K), 0.0078458 secs] [Times: user=0.00 sys=0.00, real=0.01 secs] 
2020-09-29T13:09:08.780+0200: 17.575: [GC (Allocation Failure) 2020-09-29T13:09:08.780+0200: 17.575: [ParNew: 553500K->7129K(613440K), 0.0064906 secs] 553891K->7520K(2029056K), 0.0065466 secs] [Times: user=0.13 sys=0.00, real=0.01 secs] 
2020-09-29T13:09:08.862+0200: 17.657: [GC (Allocation Failure) 2020-09-29T13:09:08.862+0200: 17.657: [ParNew: 552473K->4294K(613440K), 0.0050663 secs] 552864K->4684K(2029056K), 0.0051210 secs] [Times: user=0.13 sys=0.00, real=0.01 secs] 
2020-09-29T13:09:08.944+0200: 17.738: [GC (Allocation Failure) 2020-09-29T13:09:08.944+0200: 17.738: [ParNew: 549638K->90K(613440K), 0.0018787 secs] 550028K->480K(2029056K), 0.0019286 secs] [Times: user=0.00 sys=0.00, real=0.00 secs] 
2020-09-29T13:09:09.025+0200: 17.820: [GC (Allocation Failure) 2020-09-29T13:09:09.025+0200: 17.820: [ParNew: 545434K->11779K(613440K), 0.0108160 secs] 545824K->12169K(2029056K), 0.0108725 secs] [Times: user=0.13 sys=0.00, real=0.01 secs] 
2020-09-29T13:09:09.113+0200: 17.907: [GC (Allocation Failure) 2020-09-29T13:09:09.113+0200: 17.907: [ParNew: 557123K->16637K(613440K), 0.0095663 secs] 557513K->17027K(2029056K), 0.0096261 secs] [Times: user=0.13 sys=0.00, real=0.01 secs] 
2020-09-29T13:09:09.200+0200: 17.994: [GC (Allocation Failure) 2020-09-29T13:09:09.200+0200: 17.994: [ParNew: 561981K->11610K(613440K), 0.0090369 secs] 562371K->12000K(2029056K), 0.0091129 secs] [Times: user=0.13 sys=0.00, real=0.01 secs] 
2020-09-29T13:09:09.289+0200: 18.083: [GC (Allocation Failure) 2020-09-29T13:09:09.289+0200: 18.083: [ParNew: 556954K->7916K(613440K), 0.0078095 secs] 557344K->8306K(2029056K), 0.0078665 secs] [Times: user=0.00 sys=0.00, real=0.01 secs] 
2020-09-29T13:09:09.372+0200: 18.167: [GC (Allocation Failure) 2020-09-29T13:09:09.372+0200: 18.167: [ParNew: 553260K->7037K(613440K), 0.0065034 secs] 553650K->7427K(2029056K), 0.0065632 secs] [Times: user=0.13 sys=0.00, real=0.01 secs] 
2020-09-29T13:09:09.456+0200: 18.250: [GC (Allocation Failure) 2020-09-29T13:09:09.456+0200: 18.250: [ParNew: 552381K->5533K(613440K), 0.0058310 secs] 552771K->5923K(2029056K), 0.0059135 secs] [Times: user=0.13 sys=0.00, real=0.01 secs] 
2020-09-29T13:09:09.541+0200: 18.335: [GC (Allocation Failure) 2020-09-29T13:09:09.541+0200: 18.335: [ParNew: 550877K->184K(613440K), 0.0014918 secs] 551267K->574K(2029056K), 0.0015420 secs] [Times: user=0.00 sys=0.00, real=0.00 secs] 
2020-09-29T13:09:09.622+0200: 18.417: [GC (Allocation Failure) 2020-09-29T13:09:09.622+0200: 18.417: [ParNew: 545528K->12225K(613440K), 0.0110749 secs] 545918K->12615K(2029056K), 0.0111308 secs] [Times: user=0.13 sys=0.00, real=0.01 secs] 
2020-09-29T13:09:09.711+0200: 18.506: [GC (Allocation Failure) 2020-09-29T13:09:09.711+0200: 18.506: [ParNew: 557569K->17354K(613440K), 0.0095814 secs] 557959K->17744K(2029056K), 0.0096376 secs] [Times: user=0.00 sys=0.00, real=0.01 secs] 
2020-09-29T13:09:09.799+0200: 18.593: [GC (Allocation Failure) 2020-09-29T13:09:09.799+0200: 18.593: [ParNew: 562698K->11903K(613440K), 0.0084085 secs] 563088K->12294K(2029056K), 0.0084647 secs] [Times: user=0.13 sys=0.00, real=0.01 secs] 
2020-09-29T13:09:09.884+0200: 18.678: [GC (Allocation Failure) 2020-09-29T13:09:09.884+0200: 18.678: [ParNew: 557247K->7768K(613440K), 0.0074383 secs] 557638K->8158K(2029056K), 0.0074913 secs] [Times: user=0.00 sys=0.00, real=0.01 secs] 
2020-09-29T13:09:09.987+0200: 18.781: [GC (Allocation Failure) 2020-09-29T13:09:09.987+0200: 18.781: [ParNew: 553112K->6638K(613440K), 0.0070370 secs] 553502K->7028K(2029056K), 0.0070968 secs] [Times: user=0.13 sys=0.00, real=0.01 secs] 
2020-09-29T13:09:10.074+0200: 18.868: [GC (Allocation Failure) 2020-09-29T13:09:10.074+0200: 18.868: [ParNew: 551982K->4080K(613440K), 0.0051552 secs] 552372K->4470K(2029056K), 0.0052114 secs] [Times: user=0.00 sys=0.00, real=0.01 secs] 
2020-09-29T13:09:10.157+0200: 18.952: [GC (Allocation Failure) 2020-09-29T13:09:10.157+0200: 18.952: [ParNew: 549424K->71K(613440K), 0.0015350 secs] 549814K->461K(2029056K), 0.0015872 secs] [Times: user=0.00 sys=0.00, real=0.00 secs] 
2020-09-29T13:09:10.237+0200: 19.032: [GC (Allocation Failure) 2020-09-29T13:09:10.237+0200: 19.032: [ParNew: 545415K->12088K(613440K), 0.0107684 secs] 545805K->12478K(2029056K), 0.0108229 secs] [Times: user=0.13 sys=0.00, real=0.01 secs] 
2020-09-29T13:09:10.324+0200: 19.118: [GC (Allocation Failure) 2020-09-29T13:09:10.324+0200: 19.118: [ParNew: 557432K->17117K(613440K), 0.0097468 secs] 557822K->17507K(2029056K), 0.0098208 secs] [Times: user=0.13 sys=0.00, real=0.01 secs] 
2020-09-29T13:09:10.412+0200: 19.206: [GC (Allocation Failure) 2020-09-29T13:09:10.412+0200: 19.206: [ParNew: 562461K->12047K(613440K), 0.0085182 secs] 562851K->12437K(2029056K), 0.0086237 secs] [Times: user=0.00 sys=0.00, real=0.01 secs] 
2020-09-29T13:09:10.499+0200: 19.294: [GC (Allocation Failure) 2020-09-29T13:09:10.499+0200: 19.294: [ParNew: 557391K->8017K(613440K), 0.0075162 secs] 557781K->8407K(2029056K), 0.0075722 secs] [Times: user=0.13 sys=0.00, real=0.01 secs] 
2020-09-29T13:09:10.586+0200: 19.381: [GC (Allocation Failure) 2020-09-29T13:09:10.586+0200: 19.381: [ParNew: 553361K->6136K(613440K), 0.0067974 secs] 553751K->6526K(2029056K), 0.0068611 secs] [Times: user=0.00 sys=0.00, real=0.01 secs] 
2020-09-29T13:09:10.675+0200: 19.470: [GC (Allocation Failure) 2020-09-29T13:09:10.675+0200: 19.470: [ParNew: 549581K->398K(613440K), 0.0018430 secs] 549971K->788K(2029056K), 0.0018987 secs] [Times: user=0.13 sys=0.00, real=0.00 secs] 
2020-09-29T13:09:10.757+0200: 19.552: [GC (Allocation Failure) 2020-09-29T13:09:10.758+0200: 19.552: [ParNew: 545742K->12413K(613440K), 0.0106436 secs] 546132K->12803K(2029056K), 0.0107075 secs] [Times: user=0.00 sys=0.00, real=0.01 secs] 
2020-09-29T13:09:10.844+0200: 19.638: [GC (Allocation Failure) 2020-09-29T13:09:10.844+0200: 19.638: [ParNew: 557757K->17317K(613440K), 0.0096641 secs] 558147K->17707K(2029056K), 0.0097388 secs] [Times: user=0.13 sys=0.00, real=0.01 secs] 
2020-09-29T13:09:10.930+0200: 19.724: [GC (Allocation Failure) 2020-09-29T13:09:10.930+0200: 19.724: [ParNew: 562661K->12095K(613440K), 0.0089454 secs] 563051K->12485K(2029056K), 0.0090028 secs] [Times: user=0.00 sys=0.00, real=0.01 secs] 
2020-09-29T13:09:11.019+0200: 19.813: [GC (Allocation Failure) 2020-09-29T13:09:11.019+0200: 19.813: [ParNew: 557439K->8268K(613440K), 0.0082302 secs] 557829K->8658K(2029056K), 0.0082858 secs] [Times: user=0.13 sys=0.00, real=0.01 secs] 
2020-09-29T13:09:11.105+0200: 19.899: [GC (Allocation Failure) 2020-09-29T13:09:11.106+0200: 19.899: [ParNew: 553612K->7376K(613440K), 0.0069076 secs] 554002K->7766K(2029056K), 0.0069675 secs] [Times: user=0.00 sys=0.00, real=0.01 secs] 
2020-09-29T13:09:11.189+0200: 19.983: [GC (Allocation Failure) 2020-09-29T13:09:11.189+0200: 19.983: [ParNew: 552720K->5829K(613440K), 0.0057441 secs] 553110K->6219K(2029056K), 0.0057998 secs] [Times: user=0.13 sys=0.00, real=0.01 secs] 
2020-09-29T13:09:11.272+0200: 20.066: [GC (Allocation Failure) 2020-09-29T13:09:11.272+0200: 20.066: [ParNew: 551173K->168K(613440K), 0.0017053 secs] 551563K->558K(2029056K), 0.0017566 secs] [Times: user=0.00 sys=0.00, real=0.00 secs] 
2020-09-29T13:09:11.349+0200: 20.143: [GC (Allocation Failure) 2020-09-29T13:09:11.349+0200: 20.143: [ParNew: 545512K->12331K(613440K), 0.0108317 secs] 545902K->12721K(2029056K), 0.0108880 secs] [Times: user=0.00 sys=0.00, real=0.01 secs] 
2020-09-29T13:09:11.436+0200: 20.229: [GC (Allocation Failure) 2020-09-29T13:09:11.436+0200: 20.229: [ParNew: 557675K->17399K(613440K), 0.0098741 secs] 558065K->17789K(2029056K), 0.0099287 secs] [Times: user=0.13 sys=0.00, real=0.01 secs] 
2020-09-29T13:09:11.525+0200: 20.319: [GC (Allocation Failure) 2020-09-29T13:09:11.525+0200: 20.319: [ParNew: 562743K->12126K(613440K), 0.0090350 secs] 563133K->12516K(2029056K), 0.0090898 secs] [Times: user=0.00 sys=0.00, real=0.01 secs] 
2020-09-29T13:09:11.615+0200: 20.409: [GC (Allocation Failure) 2020-09-29T13:09:11.615+0200: 20.409: [ParNew: 557470K->8156K(613440K), 0.0080327 secs] 557860K->8547K(2029056K), 0.0080902 secs] [Times: user=0.00 sys=0.00, real=0.01 secs] 
2020-09-29T13:09:11.702+0200: 20.496: [GC (Allocation Failure) 2020-09-29T13:09:11.702+0200: 20.496: [ParNew: 553500K->7129K(613440K), 0.0064761 secs] 553891K->7520K(2029056K), 0.0065318 secs] [Times: user=0.13 sys=0.00, real=0.01 secs] 
2020-09-29T13:09:11.785+0200: 20.580: [GC (Allocation Failure) 2020-09-29T13:09:11.785+0200: 20.580: [ParNew: 552473K->4294K(613440K), 0.0051479 secs] 552864K->4684K(2029056K), 0.0052017 secs] [Times: user=0.00 sys=0.00, real=0.01 secs] 
2020-09-29T13:09:11.869+0200: 20.663: [GC (Allocation Failure) 2020-09-29T13:09:11.869+0200: 20.663: [ParNew: 549638K->90K(613440K), 0.0016926 secs] 550028K->480K(2029056K), 0.0017439 secs] [Times: user=0.00 sys=0.00, real=0.00 secs] 
2020-09-29T13:09:11.947+0200: 20.742: [GC (Allocation Failure) 2020-09-29T13:09:11.947+0200: 20.742: [ParNew: 545434K->11779K(613440K), 0.0112769 secs] 545824K->12169K(2029056K), 0.0113317 secs] [Times: user=0.13 sys=0.00, real=0.01 secs] 
2020-09-29T13:09:12.040+0200: 20.834: [GC (Allocation Failure) 2020-09-29T13:09:12.040+0200: 20.834: [ParNew: 557123K->16637K(613440K), 0.0094922 secs] 557513K->17027K(2029056K), 0.0095637 secs] [Times: user=0.00 sys=0.00, real=0.01 secs] 
2020-09-29T13:09:12.127+0200: 20.921: [GC (Allocation Failure) 2020-09-29T13:09:12.127+0200: 20.921: [ParNew: 561981K->11610K(613440K), 0.0084993 secs] 562371K->12000K(2029056K), 0.0085698 secs] [Times: user=0.13 sys=0.00, real=0.01 secs] 
2020-09-29T13:09:12.212+0200: 21.006: [GC (Allocation Failure) 2020-09-29T13:09:12.212+0200: 21.006: [ParNew: 556954K->7916K(613440K), 0.0075806 secs] 557344K->8306K(2029056K), 0.0076852 secs] [Times: user=0.00 sys=0.00, real=0.01 secs] 
2020-09-29T13:09:12.297+0200: 21.091: [GC (Allocation Failure) 2020-09-29T13:09:12.297+0200: 21.091: [ParNew: 553260K->7037K(613440K), 0.0066254 secs] 553650K->7427K(2029056K), 0.0066814 secs] [Times: user=0.13 sys=0.00, real=0.01 secs] 
2020-09-29T13:09:12.381+0200: 21.175: [GC (Allocation Failure) 2020-09-29T13:09:12.381+0200: 21.175: [ParNew: 552381K->5533K(613440K), 0.0057847 secs] 552771K->5923K(2029056K), 0.0058380 secs] [Times: user=0.00 sys=0.00, real=0.01 secs] 
2020-09-29T13:09:12.463+0200: 21.257: [GC (Allocation Failure) 2020-09-29T13:09:12.463+0200: 21.257: [ParNew: 550877K->184K(613440K), 0.0015540 secs] 551267K->574K(2029056K), 0.0016233 secs] [Times: user=0.00 sys=0.00, real=0.00 secs] 
2020-09-29T13:09:12.543+0200: 21.337: [GC (Allocation Failure) 2020-09-29T13:09:12.543+0200: 21.337: [ParNew: 545528K->12271K(613440K), 0.0109113 secs] 545918K->12661K(2029056K), 0.0109680 secs] [Times: user=0.13 sys=0.00, real=0.01 secs] 
2020-09-29T13:09:12.637+0200: 21.431: [GC (Allocation Failure) 2020-09-29T13:09:12.637+0200: 21.431: [ParNew: 557615K->16392K(613440K), 0.0098733 secs] 558005K->16782K(2029056K), 0.0099291 secs] [Times: user=0.13 sys=0.00, real=0.01 secs] 
2020-09-29T13:09:12.724+0200: 21.518: [GC (Allocation Failure) 2020-09-29T13:09:12.724+0200: 21.518: [ParNew: 561736K->11903K(613440K), 0.0086351 secs] 562126K->12294K(2029056K), 0.0086922 secs] [Times: user=0.00 sys=0.00, real=0.01 secs] 
2020-09-29T13:09:12.811+0200: 21.605: [GC (Allocation Failure) 2020-09-29T13:09:12.812+0200: 21.605: [ParNew: 557247K->7768K(613440K), 0.0074951 secs] 557638K->8158K(2029056K), 0.0075550 secs] [Times: user=0.13 sys=0.00, real=0.01 secs] 
2020-09-29T13:09:12.898+0200: 21.693: [GC (Allocation Failure) 2020-09-29T13:09:12.898+0200: 21.693: [ParNew: 553112K->6638K(613440K), 0.0065928 secs] 553502K->7028K(2029056K), 0.0066495 secs] [Times: user=0.00 sys=0.00, real=0.01 secs] 
2020-09-29T13:09:12.981+0200: 21.776: [GC (Allocation Failure) 2020-09-29T13:09:12.981+0200: 21.776: [ParNew: 551982K->4080K(613440K), 0.0049461 secs] 552372K->4470K(2029056K), 0.0050001 secs] [Times: user=0.00 sys=0.00, real=0.01 secs] 
2020-09-29T13:09:13.065+0200: 21.859: [GC (Allocation Failure) 2020-09-29T13:09:13.065+0200: 21.859: [ParNew: 549424K->71K(613440K), 0.0014937 secs] 549814K->461K(2029056K), 0.0015655 secs] [Times: user=0.02 sys=0.00, real=0.00 secs] 
2020-09-29T13:09:13.147+0200: 21.941: [GC (Allocation Failure) 2020-09-29T13:09:13.147+0200: 21.941: [ParNew: 545415K->12088K(613440K), 0.0115776 secs] 545805K->12478K(2029056K), 0.0116383 secs] [Times: user=0.00 sys=0.00, real=0.01 secs] 
Heap
 par new generation   total 613440K, used 545997K [0x0000000080000000, 0x00000000a9990000, 0x00000000a9990000)
  eden space 545344K,  97% used [0x0000000080000000, 0x00000000a0965330, 0x00000000a1490000)
  from space 68096K,  17% used [0x00000000a1490000, 0x00000000a205e1d0, 0x00000000a5710000)
  to   space 68096K,   0% used [0x00000000a5710000, 0x00000000a5710000, 0x00000000a9990000)
 concurrent mark-sweep generation total 1415616K, used 390K [0x00000000a9990000, 0x0000000100000000, 0x0000000100000000)
 Metaspace       used 2594K, capacity 4486K, committed 4864K, reserved 1056768K
  class space    used 285K, capacity 386K, committed 512K, reserved 1048576K
