Java HotSpot(TM) 64-Bit Server VM (25.261-b12) for windows-amd64 JRE (1.8.0_261-b12), built on Jun 18 2020 06:56:32 by "" with unknown MS VC++:1916
Memory: 4k page, physical 16659684k(8885172k free), swap 23213284k(7945352k free)
CommandLine flags: -XX:InitialHeapSize=2147483648 -XX:MaxHeapSize=2147483648 -XX:MaxNewSize=697933824 -XX:MaxTenuringThreshold=6 -XX:NewSize=697933824 -XX:OldPLABSize=16 -XX:OldSize=1395867648 -XX:+PrintGC -XX:+PrintGCDateStamps -XX:+PrintGCDetails -XX:+PrintGCTimeStamps -XX:+UseCompressedClassPointers -XX:+UseCompressedOops -XX:+UseConcMarkSweepGC -XX:-UseLargePagesIndividualAllocation -XX:+UseParNewGC 
2020-09-29T13:08:29.300+0200: 0.402: [GC (Allocation Failure) 2020-09-29T13:08:29.300+0200: 0.402: [ParNew: 545344K->4421K(613440K), 0.0105170 secs] 545344K->4421K(2029056K), 0.0106458 secs] [Times: user=0.00 sys=0.00, real=0.01 secs] 
2020-09-29T13:08:29.401+0200: 0.504: [GC (Allocation Failure) 2020-09-29T13:08:29.401+0200: 0.504: [ParNew: 549765K->4599K(613440K), 0.0059669 secs] 549765K->4599K(2029056K), 0.0060204 secs] [Times: user=0.00 sys=0.00, real=0.01 secs] 
2020-09-29T13:08:29.485+0200: 0.588: [GC (Allocation Failure) 2020-09-29T13:08:29.485+0200: 0.588: [ParNew: 549943K->973K(613440K), 0.0017531 secs] 549943K->973K(2029056K), 0.0018121 secs] [Times: user=0.00 sys=0.00, real=0.00 secs] 
2020-09-29T13:08:29.565+0200: 0.668: [GC (Allocation Failure) 2020-09-29T13:08:29.565+0200: 0.668: [ParNew: 546317K->12636K(613440K), 0.0125529 secs] 546317K->12636K(2029056K), 0.0126121 secs] [Times: user=0.09 sys=0.02, real=0.01 secs] 
2020-09-29T13:08:29.672+0200: 0.775: [GC (Allocation Failure) 2020-09-29T13:08:29.672+0200: 0.775: [ParNew: 557980K->15875K(613440K), 0.0126471 secs] 557980K->15875K(2029056K), 0.0127064 secs] [Times: user=0.11 sys=0.00, real=0.01 secs] 
2020-09-29T13:08:29.770+0200: 0.873: [GC (Allocation Failure) 2020-09-29T13:08:29.770+0200: 0.873: [ParNew: 561219K->11768K(613440K), 0.0093160 secs] 561219K->11768K(2029056K), 0.0093765 secs] [Times: user=0.00 sys=0.00, real=0.01 secs] 
2020-09-29T13:08:29.865+0200: 0.968: [GC (Allocation Failure) 2020-09-29T13:08:29.865+0200: 0.968: [ParNew: 557112K->9595K(613440K), 0.0098433 secs] 557112K->9985K(2029056K), 0.0099040 secs] [Times: user=0.00 sys=0.00, real=0.01 secs] 
2020-09-29T13:08:29.958+0200: 1.060: [GC (Allocation Failure) 2020-09-29T13:08:29.958+0200: 1.060: [ParNew: 554939K->7665K(613440K), 0.0076044 secs] 555329K->8055K(2029056K), 0.0076588 secs] [Times: user=0.00 sys=0.00, real=0.01 secs] 
2020-09-29T13:08:30.042+0200: 1.145: [GC (Allocation Failure) 2020-09-29T13:08:30.042+0200: 1.145: [ParNew: 553009K->4628K(613440K), 0.0054057 secs] 553399K->5018K(2029056K), 0.0054600 secs] [Times: user=0.00 sys=0.00, real=0.01 secs] 
2020-09-29T13:08:30.128+0200: 1.230: [GC (Allocation Failure) 2020-09-29T13:08:30.128+0200: 1.230: [ParNew: 549972K->147K(613440K), 0.0015501 secs] 550362K->537K(2029056K), 0.0016019 secs] [Times: user=0.00 sys=0.00, real=0.00 secs] 
2020-09-29T13:08:30.209+0200: 1.311: [GC (Allocation Failure) 2020-09-29T13:08:30.209+0200: 1.311: [ParNew: 545491K->12262K(613440K), 0.0111267 secs] 545881K->12653K(2029056K), 0.0111804 secs] [Times: user=0.00 sys=0.00, real=0.01 secs] 
2020-09-29T13:08:30.297+0200: 1.400: [GC (Allocation Failure) 2020-09-29T13:08:30.297+0200: 1.400: [ParNew: 557606K->17290K(613440K), 0.0098455 secs] 557997K->17680K(2029056K), 0.0098981 secs] [Times: user=0.13 sys=0.00, real=0.01 secs] 
2020-09-29T13:08:30.386+0200: 1.488: [GC (Allocation Failure) 2020-09-29T13:08:30.386+0200: 1.488: [ParNew: 562634K->12231K(613440K), 0.0090518 secs] 563024K->12621K(2029056K), 0.0091069 secs] [Times: user=0.00 sys=0.00, real=0.01 secs] 
2020-09-29T13:08:30.472+0200: 1.575: [GC (Allocation Failure) 2020-09-29T13:08:30.472+0200: 1.575: [ParNew: 557575K->8411K(613440K), 0.0079912 secs] 557965K->8801K(2029056K), 0.0080485 secs] [Times: user=0.13 sys=0.00, real=0.01 secs] 
2020-09-29T13:08:30.557+0200: 1.659: [GC (Allocation Failure) 2020-09-29T13:08:30.557+0200: 1.659: [ParNew: 553755K->7464K(613440K), 0.0067625 secs] 554145K->7854K(2029056K), 0.0069175 secs] [Times: user=0.00 sys=0.00, real=0.01 secs] 
2020-09-29T13:08:30.653+0200: 1.756: [GC (Allocation Failure) 2020-09-29T13:08:30.653+0200: 1.756: [ParNew: 552808K->5985K(613440K), 0.0071901 secs] 553198K->6376K(2029056K), 0.0072508 secs] [Times: user=0.00 sys=0.00, real=0.01 secs] 
2020-09-29T13:08:30.740+0200: 1.842: [GC (Allocation Failure) 2020-09-29T13:08:30.740+0200: 1.842: [ParNew: 550697K->220K(613440K), 0.0017307 secs] 551088K->610K(2029056K), 0.0017804 secs] [Times: user=0.00 sys=0.00, real=0.00 secs] 
2020-09-29T13:08:30.817+0200: 1.920: [GC (Allocation Failure) 2020-09-29T13:08:30.818+0200: 1.920: [ParNew: 545564K->12074K(613440K), 0.0103886 secs] 545954K->12464K(2029056K), 0.0104990 secs] [Times: user=0.00 sys=0.00, real=0.01 secs] 
2020-09-29T13:08:30.907+0200: 2.010: [GC (Allocation Failure) 2020-09-29T13:08:30.907+0200: 2.010: [ParNew: 557418K->16923K(613440K), 0.0097724 secs] 557808K->17313K(2029056K), 0.0098252 secs] [Times: user=0.13 sys=0.00, real=0.01 secs] 
2020-09-29T13:08:30.997+0200: 2.100: [GC (Allocation Failure) 2020-09-29T13:08:30.997+0200: 2.100: [ParNew: 562267K->11920K(613440K), 0.0086363 secs] 562657K->12310K(2029056K), 0.0086812 secs] [Times: user=0.13 sys=0.00, real=0.01 secs] 
2020-09-29T13:08:31.095+0200: 2.198: [GC (Allocation Failure) 2020-09-29T13:08:31.095+0200: 2.198: [ParNew: 557264K->8094K(613440K), 0.0086143 secs] 557654K->8484K(2029056K), 0.0086753 secs] [Times: user=0.13 sys=0.00, real=0.01 secs] 
2020-09-29T13:08:31.188+0200: 2.291: [GC (Allocation Failure) 2020-09-29T13:08:31.188+0200: 2.291: [ParNew: 553438K->7105K(613440K), 0.0064996 secs] 553828K->7495K(2029056K), 0.0065828 secs] [Times: user=0.13 sys=0.00, real=0.01 secs] 
2020-09-29T13:08:31.274+0200: 2.377: [GC (Allocation Failure) 2020-09-29T13:08:31.274+0200: 2.377: [ParNew: 552449K->5596K(613440K), 0.0053583 secs] 552839K->5987K(2029056K), 0.0054121 secs] [Times: user=0.00 sys=0.00, real=0.01 secs] 
2020-09-29T13:08:31.360+0200: 2.463: [GC (Allocation Failure) 2020-09-29T13:08:31.360+0200: 2.463: [ParNew: 550940K->151K(613440K), 0.0019604 secs] 551331K->541K(2029056K), 0.0020121 secs] [Times: user=0.00 sys=0.00, real=0.00 secs] 
2020-09-29T13:08:31.440+0200: 2.543: [GC (Allocation Failure) 2020-09-29T13:08:31.440+0200: 2.543: [ParNew: 545495K->12217K(613440K), 0.0106825 secs] 545885K->12607K(2029056K), 0.0107358 secs] [Times: user=0.13 sys=0.00, real=0.01 secs] 
2020-09-29T13:08:31.527+0200: 2.629: [GC (Allocation Failure) 2020-09-29T13:08:31.527+0200: 2.629: [ParNew: 557561K->17295K(613440K), 0.0099661 secs] 557951K->17685K(2029056K), 0.0100195 secs] [Times: user=0.13 sys=0.00, real=0.01 secs] 
2020-09-29T13:08:31.620+0200: 2.722: [GC (Allocation Failure) 2020-09-29T13:08:31.620+0200: 2.722: [ParNew: 562639K->12228K(613440K), 0.0094810 secs] 563029K->12618K(2029056K), 0.0095365 secs] [Times: user=0.00 sys=0.00, real=0.01 secs] 
2020-09-29T13:08:31.707+0200: 2.809: [GC (Allocation Failure) 2020-09-29T13:08:31.707+0200: 2.809: [ParNew: 557572K->8526K(613440K), 0.0078794 secs] 557962K->8916K(2029056K), 0.0079350 secs] [Times: user=0.13 sys=0.00, real=0.01 secs] 
2020-09-29T13:08:31.805+0200: 2.908: [GC (Allocation Failure) 2020-09-29T13:08:31.805+0200: 2.908: [ParNew: 553870K->7605K(613440K), 0.0079112 secs] 554260K->7995K(2029056K), 0.0079660 secs] [Times: user=0.00 sys=0.00, real=0.01 secs] 
2020-09-29T13:08:31.897+0200: 2.999: [GC (Allocation Failure) 2020-09-29T13:08:31.897+0200: 2.999: [ParNew: 552949K->4556K(613440K), 0.0053936 secs] 553339K->4946K(2029056K), 0.0054481 secs] [Times: user=0.00 sys=0.00, real=0.00 secs] 
2020-09-29T13:08:31.980+0200: 3.082: [GC (Allocation Failure) 2020-09-29T13:08:31.980+0200: 3.082: [ParNew: 549900K->138K(613440K), 0.0014055 secs] 550290K->529K(2029056K), 0.0014619 secs] [Times: user=0.00 sys=0.00, real=0.00 secs] 
2020-09-29T13:08:32.058+0200: 3.161: [GC (Allocation Failure) 2020-09-29T13:08:32.058+0200: 3.161: [ParNew: 545482K->12202K(613440K), 0.0106505 secs] 545873K->12592K(2029056K), 0.0107114 secs] [Times: user=0.13 sys=0.00, real=0.01 secs] 
2020-09-29T13:08:32.150+0200: 3.252: [GC (Allocation Failure) 2020-09-29T13:08:32.150+0200: 3.252: [ParNew: 557546K->17300K(613440K), 0.0102306 secs] 557936K->17691K(2029056K), 0.0102785 secs] [Times: user=0.00 sys=0.00, real=0.01 secs] 
2020-09-29T13:08:32.236+0200: 3.339: [GC (Allocation Failure) 2020-09-29T13:08:32.236+0200: 3.339: [ParNew: 562644K->11587K(613440K), 0.0097779 secs] 563035K->11977K(2029056K), 0.0098279 secs] [Times: user=0.11 sys=0.00, real=0.01 secs] 
2020-09-29T13:08:32.324+0200: 3.427: [GC (Allocation Failure) 2020-09-29T13:08:32.324+0200: 3.427: [ParNew: 556931K->8405K(613440K), 0.0076147 secs] 557321K->8796K(2029056K), 0.0076667 secs] [Times: user=0.11 sys=0.00, real=0.01 secs] 
2020-09-29T13:08:32.412+0200: 3.515: [GC (Allocation Failure) 2020-09-29T13:08:32.412+0200: 3.515: [ParNew: 553749K->7436K(613440K), 0.0068052 secs] 554140K->7826K(2029056K), 0.0068589 secs] [Times: user=0.00 sys=0.00, real=0.01 secs] 
2020-09-29T13:08:32.496+0200: 3.598: [GC (Allocation Failure) 2020-09-29T13:08:32.496+0200: 3.599: [ParNew: 552780K->4531K(613440K), 0.0056038 secs] 553170K->4922K(2029056K), 0.0056572 secs] [Times: user=0.00 sys=0.00, real=0.01 secs] 
2020-09-29T13:08:32.580+0200: 3.682: [GC (Allocation Failure) 2020-09-29T13:08:32.580+0200: 3.682: [ParNew: 549875K->136K(613440K), 0.0019611 secs] 550266K->526K(2029056K), 0.0020140 secs] [Times: user=0.00 sys=0.00, real=0.00 secs] 
2020-09-29T13:08:32.664+0200: 3.766: [GC (Allocation Failure) 2020-09-29T13:08:32.664+0200: 3.766: [ParNew: 545480K->12298K(613440K), 0.0107679 secs] 545870K->12688K(2029056K), 0.0108224 secs] [Times: user=0.00 sys=0.00, real=0.01 secs] 
2020-09-29T13:08:32.753+0200: 3.856: [GC (Allocation Failure) 2020-09-29T13:08:32.753+0200: 3.856: [ParNew: 557642K->16343K(613440K), 0.0097464 secs] 558032K->16733K(2029056K), 0.0097998 secs] [Times: user=0.13 sys=0.00, real=0.01 secs] 
2020-09-29T13:08:32.843+0200: 3.945: [GC (Allocation Failure) 2020-09-29T13:08:32.843+0200: 3.945: [ParNew: 561687K->11890K(613440K), 0.0086477 secs] 562077K->12280K(2029056K), 0.0087068 secs] [Times: user=0.13 sys=0.00, real=0.01 secs] 
2020-09-29T13:08:32.930+0200: 4.032: [GC (Allocation Failure) 2020-09-29T13:08:32.930+0200: 4.032: [ParNew: 557234K->7765K(613440K), 0.0075567 secs] 557624K->8155K(2029056K), 0.0076127 secs] [Times: user=0.00 sys=0.00, real=0.01 secs] 
2020-09-29T13:08:33.015+0200: 4.117: [GC (Allocation Failure) 2020-09-29T13:08:33.015+0200: 4.117: [ParNew: 553109K->6636K(613440K), 0.0061407 secs] 553499K->7027K(2029056K), 0.0061966 secs] [Times: user=0.13 sys=0.00, real=0.01 secs] 
2020-09-29T13:08:33.100+0200: 4.203: [GC (Allocation Failure) 2020-09-29T13:08:33.100+0200: 4.203: [ParNew: 551980K->4080K(613440K), 0.0050372 secs] 552371K->4470K(2029056K), 0.0050920 secs] [Times: user=0.00 sys=0.00, real=0.01 secs] 
2020-09-29T13:08:33.184+0200: 4.287: [GC (Allocation Failure) 2020-09-29T13:08:33.184+0200: 4.287: [ParNew: 549424K->71K(613440K), 0.0019083 secs] 549814K->461K(2029056K), 0.0019580 secs] [Times: user=0.00 sys=0.00, real=0.00 secs] 
2020-09-29T13:08:33.263+0200: 4.366: [GC (Allocation Failure) 2020-09-29T13:08:33.263+0200: 4.366: [ParNew: 545415K->12101K(613440K), 0.0115603 secs] 545805K->12492K(2029056K), 0.0116119 secs] [Times: user=0.13 sys=0.00, real=0.01 secs] 
2020-09-29T13:08:33.354+0200: 4.457: [GC (Allocation Failure) 2020-09-29T13:08:33.354+0200: 4.457: [ParNew: 557445K->17116K(613440K), 0.0100890 secs] 557836K->17506K(2029056K), 0.0101423 secs] [Times: user=0.11 sys=0.00, real=0.01 secs] 
2020-09-29T13:08:33.443+0200: 4.545: [GC (Allocation Failure) 2020-09-29T13:08:33.443+0200: 4.545: [ParNew: 562460K->12047K(613440K), 0.0086010 secs] 562850K->12437K(2029056K), 0.0086553 secs] [Times: user=0.00 sys=0.00, real=0.01 secs] 
2020-09-29T13:08:33.531+0200: 4.633: [GC (Allocation Failure) 2020-09-29T13:08:33.531+0200: 4.634: [ParNew: 557391K->8016K(613440K), 0.0072775 secs] 557781K->8406K(2029056K), 0.0073336 secs] [Times: user=0.13 sys=0.00, real=0.01 secs] 
2020-09-29T13:08:33.620+0200: 4.723: [GC (Allocation Failure) 2020-09-29T13:08:33.620+0200: 4.723: [ParNew: 553360K->6733K(613440K), 0.0069350 secs] 553750K->7123K(2029056K), 0.0069959 secs] [Times: user=0.00 sys=0.00, real=0.01 secs] 
2020-09-29T13:08:33.707+0200: 4.809: [GC (Allocation Failure) 2020-09-29T13:08:33.707+0200: 4.809: [ParNew: 550178K->273K(613440K), 0.0018314 secs] 550569K->664K(2029056K), 0.0018813 secs] [Times: user=0.00 sys=0.00, real=0.00 secs] 
2020-09-29T13:08:33.789+0200: 4.892: [GC (Allocation Failure) 2020-09-29T13:08:33.789+0200: 4.892: [ParNew: 545617K->12294K(613440K), 0.0114470 secs] 546008K->12684K(2029056K), 0.0115042 secs] [Times: user=0.00 sys=0.00, real=0.01 secs] 
2020-09-29T13:08:33.879+0200: 4.982: [GC (Allocation Failure) 2020-09-29T13:08:33.879+0200: 4.982: [ParNew: 557638K->17193K(613440K), 0.0096978 secs] 558028K->17583K(2029056K), 0.0097514 secs] [Times: user=0.00 sys=0.00, real=0.01 secs] 
2020-09-29T13:08:33.968+0200: 5.071: [GC (Allocation Failure) 2020-09-29T13:08:33.968+0200: 5.071: [ParNew: 562537K->12063K(613440K), 0.0087277 secs] 562927K->12454K(2029056K), 0.0088030 secs] [Times: user=0.13 sys=0.00, real=0.01 secs] 
2020-09-29T13:08:34.055+0200: 5.158: [GC (Allocation Failure) 2020-09-29T13:08:34.055+0200: 5.158: [ParNew: 557407K->8264K(613440K), 0.0078831 secs] 557798K->8654K(2029056K), 0.0079621 secs] [Times: user=0.00 sys=0.00, real=0.01 secs] 
2020-09-29T13:08:34.141+0200: 5.245: [GC (Allocation Failure) 2020-09-29T13:08:34.141+0200: 5.245: [ParNew: 553608K->7375K(613440K), 0.0067319 secs] 553998K->7765K(2029056K), 0.0068218 secs] [Times: user=0.13 sys=0.00, real=0.01 secs] 
2020-09-29T13:08:34.234+0200: 5.338: [GC (Allocation Failure) 2020-09-29T13:08:34.234+0200: 5.338: [ParNew: 552719K->5828K(613440K), 0.0059308 secs] 553109K->6219K(2029056K), 0.0059853 secs] [Times: user=0.13 sys=0.00, real=0.01 secs] 
2020-09-29T13:08:34.321+0200: 5.424: [GC (Allocation Failure) 2020-09-29T13:08:34.321+0200: 5.424: [ParNew: 551172K->168K(613440K), 0.0017092 secs] 551563K->558K(2029056K), 0.0017604 secs] [Times: user=0.00 sys=0.00, real=0.00 secs] 
2020-09-29T13:08:34.403+0200: 5.506: [GC (Allocation Failure) 2020-09-29T13:08:34.403+0200: 5.506: [ParNew: 545512K->12246K(613440K), 0.0107119 secs] 545902K->12637K(2029056K), 0.0107680 secs] [Times: user=0.13 sys=0.00, real=0.01 secs] 
2020-09-29T13:08:34.490+0200: 5.593: [GC (Allocation Failure) 2020-09-29T13:08:34.490+0200: 5.593: [ParNew: 557590K->17399K(613440K), 0.0096562 secs] 557981K->17789K(2029056K), 0.0097099 secs] [Times: user=0.00 sys=0.00, real=0.01 secs] 
2020-09-29T13:08:34.577+0200: 5.680: [GC (Allocation Failure) 2020-09-29T13:08:34.577+0200: 5.680: [ParNew: 562743K->10855K(613440K), 0.0085535 secs] 563133K->11245K(2029056K), 0.0086114 secs] [Times: user=0.11 sys=0.00, real=0.01 secs] 
2020-09-29T13:08:34.668+0200: 5.771: [GC (Allocation Failure) 2020-09-29T13:08:34.668+0200: 5.771: [ParNew: 556199K->8156K(613440K), 0.0074426 secs] 556589K->8547K(2029056K), 0.0075146 secs] [Times: user=0.00 sys=0.00, real=0.01 secs] 
2020-09-29T13:08:34.752+0200: 5.854: [GC (Allocation Failure) 2020-09-29T13:08:34.752+0200: 5.854: [ParNew: 553500K->7129K(613440K), 0.0061534 secs] 553891K->7520K(2029056K), 0.0062287 secs] [Times: user=0.13 sys=0.00, real=0.01 secs] 
2020-09-29T13:08:34.837+0200: 5.939: [GC (Allocation Failure) 2020-09-29T13:08:34.837+0200: 5.939: [ParNew: 552473K->4294K(613440K), 0.0051796 secs] 552864K->4684K(2029056K), 0.0052335 secs] [Times: user=0.00 sys=0.00, real=0.01 secs] 
2020-09-29T13:08:34.919+0200: 6.022: [GC (Allocation Failure) 2020-09-29T13:08:34.919+0200: 6.022: [ParNew: 549638K->90K(613440K), 0.0018775 secs] 550028K->480K(2029056K), 0.0019286 secs] [Times: user=0.00 sys=0.00, real=0.00 secs] 
2020-09-29T13:08:35.000+0200: 6.103: [GC (Allocation Failure) 2020-09-29T13:08:35.000+0200: 6.103: [ParNew: 545434K->11801K(613440K), 0.0105554 secs] 545824K->12192K(2029056K), 0.0106087 secs] [Times: user=0.13 sys=0.00, real=0.01 secs] 
2020-09-29T13:08:35.087+0200: 6.190: [GC (Allocation Failure) 2020-09-29T13:08:35.087+0200: 6.190: [ParNew: 557145K->14801K(613440K), 0.0100234 secs] 557536K->15192K(2029056K), 0.0100814 secs] [Times: user=0.00 sys=0.00, real=0.01 secs] 
2020-09-29T13:08:35.173+0200: 6.276: [GC (Allocation Failure) 2020-09-29T13:08:35.173+0200: 6.276: [ParNew: 560145K->9775K(613440K), 0.0085822 secs] 560536K->10165K(2029056K), 0.0086384 secs] [Times: user=0.11 sys=0.00, real=0.01 secs] 
2020-09-29T13:08:35.258+0200: 6.361: [GC (Allocation Failure) 2020-09-29T13:08:35.258+0200: 6.361: [ParNew: 555119K->8665K(613440K), 0.0078515 secs] 555509K->9055K(2029056K), 0.0079053 secs] [Times: user=0.00 sys=0.00, real=0.01 secs] 
2020-09-29T13:08:35.345+0200: 6.447: [GC (Allocation Failure) 2020-09-29T13:08:35.345+0200: 6.447: [ParNew: 554009K->7224K(613440K), 0.0066030 secs] 554399K->7615K(2029056K), 0.0066579 secs] [Times: user=0.13 sys=0.00, real=0.01 secs] 
2020-09-29T13:08:35.428+0200: 6.530: [GC (Allocation Failure) 2020-09-29T13:08:35.428+0200: 6.530: [ParNew: 552568K->4425K(613440K), 0.0055956 secs] 552959K->4815K(2029056K), 0.0056502 secs] [Times: user=0.00 sys=0.00, real=0.01 secs] 
2020-09-29T13:08:35.509+0200: 6.612: [GC (Allocation Failure) 2020-09-29T13:08:35.509+0200: 6.612: [ParNew: 549769K->222K(613440K), 0.0018697 secs] 550159K->612K(2029056K), 0.0019194 secs] [Times: user=0.00 sys=0.00, real=0.00 secs] 
2020-09-29T13:08:35.588+0200: 6.690: [GC (Allocation Failure) 2020-09-29T13:08:35.588+0200: 6.690: [ParNew: 545566K->12334K(613440K), 0.0110143 secs] 545956K->12724K(2029056K), 0.0110820 secs] [Times: user=0.13 sys=0.00, real=0.01 secs] 
2020-09-29T13:08:35.675+0200: 6.777: [GC (Allocation Failure) 2020-09-29T13:08:35.675+0200: 6.777: [ParNew: 557678K->15462K(613440K), 0.0095963 secs] 558068K->15852K(2029056K), 0.0096515 secs] [Times: user=0.13 sys=0.00, real=0.01 secs] 
2020-09-29T13:08:35.763+0200: 6.865: [GC (Allocation Failure) 2020-09-29T13:08:35.763+0200: 6.865: [ParNew: 560806K->9983K(613440K), 0.0083430 secs] 561196K->10373K(2029056K), 0.0084007 secs] [Times: user=0.13 sys=0.00, real=0.01 secs] 
2020-09-29T13:08:35.850+0200: 6.953: [GC (Allocation Failure) 2020-09-29T13:08:35.850+0200: 6.953: [ParNew: 555327K->8531K(613440K), 0.0075982 secs] 555717K->8922K(2029056K), 0.0076535 secs] [Times: user=0.00 sys=0.00, real=0.01 secs] 
2020-09-29T13:08:35.939+0200: 7.041: [GC (Allocation Failure) 2020-09-29T13:08:35.939+0200: 7.041: [ParNew: 553875K->6829K(613440K), 0.0063653 secs] 554266K->7219K(2029056K), 0.0064178 secs] [Times: user=0.13 sys=0.00, real=0.01 secs] 
2020-09-29T13:08:36.022+0200: 7.125: [GC (Allocation Failure) 2020-09-29T13:08:36.022+0200: 7.125: [ParNew: 552173K->4128K(613440K), 0.0047203 secs] 552563K->4518K(2029056K), 0.0047713 secs] [Times: user=0.00 sys=0.00, real=0.00 secs] 
2020-09-29T13:08:36.104+0200: 7.207: [GC (Allocation Failure) 2020-09-29T13:08:36.104+0200: 7.208: [ParNew: 549472K->72K(613440K), 0.0015431 secs] 549862K->462K(2029056K), 0.0015948 secs] [Times: user=0.00 sys=0.00, real=0.00 secs] 
2020-09-29T13:08:36.185+0200: 7.288: [GC (Allocation Failure) 2020-09-29T13:08:36.185+0200: 7.288: [ParNew: 545416K->12119K(613440K), 0.0106830 secs] 545806K->12510K(2029056K), 0.0107697 secs] [Times: user=0.13 sys=0.00, real=0.01 secs] 
2020-09-29T13:08:36.272+0200: 7.375: [GC (Allocation Failure) 2020-09-29T13:08:36.272+0200: 7.375: [ParNew: 557463K->17119K(613440K), 0.0095558 secs] 557854K->17509K(2029056K), 0.0096354 secs] [Times: user=0.00 sys=0.00, real=0.01 secs] 
2020-09-29T13:08:36.361+0200: 7.464: [GC (Allocation Failure) 2020-09-29T13:08:36.361+0200: 7.464: [ParNew: 562463K->12048K(613440K), 0.0086185 secs] 562853K->12438K(2029056K), 0.0086747 secs] [Times: user=0.13 sys=0.00, real=0.01 secs] 
2020-09-29T13:08:36.445+0200: 7.549: [GC (Allocation Failure) 2020-09-29T13:08:36.445+0200: 7.549: [ParNew: 557392K->8017K(613440K), 0.0070176 secs] 557782K->8407K(2029056K), 0.0071073 secs] [Times: user=0.00 sys=0.00, real=0.01 secs] 
2020-09-29T13:08:36.529+0200: 7.632: [GC (Allocation Failure) 2020-09-29T13:08:36.529+0200: 7.632: [ParNew: 553361K->6734K(613440K), 0.0061620 secs] 553751K->7124K(2029056K), 0.0062209 secs] [Times: user=0.13 sys=0.00, real=0.01 secs] 
2020-09-29T13:08:36.617+0200: 7.720: [GC (Allocation Failure) 2020-09-29T13:08:36.617+0200: 7.720: [ParNew: 550178K->273K(613440K), 0.0016383 secs] 550569K->664K(2029056K), 0.0016910 secs] [Times: user=0.00 sys=0.00, real=0.00 secs] 
2020-09-29T13:08:36.703+0200: 7.806: [GC (Allocation Failure) 2020-09-29T13:08:36.703+0200: 7.806: [ParNew: 545617K->12225K(613440K), 0.0105484 secs] 546008K->12616K(2029056K), 0.0106268 secs] [Times: user=0.13 sys=0.00, real=0.01 secs] 
2020-09-29T13:08:36.792+0200: 7.894: [GC (Allocation Failure) 2020-09-29T13:08:36.792+0200: 7.894: [ParNew: 557569K->17193K(613440K), 0.0096989 secs] 557960K->17583K(2029056K), 0.0097525 secs] [Times: user=0.00 sys=0.00, real=0.01 secs] 
2020-09-29T13:08:36.879+0200: 7.982: [GC (Allocation Failure) 2020-09-29T13:08:36.879+0200: 7.982: [ParNew: 562537K->12063K(613440K), 0.0089287 secs] 562927K->12454K(2029056K), 0.0089828 secs] [Times: user=0.13 sys=0.00, real=0.01 secs] 
2020-09-29T13:08:36.975+0200: 8.077: [GC (Allocation Failure) 2020-09-29T13:08:36.975+0200: 8.077: [ParNew: 557407K->7475K(613440K), 0.0088855 secs] 557798K->7865K(2029056K), 0.0089402 secs] [Times: user=0.00 sys=0.00, real=0.01 secs] 
2020-09-29T13:08:37.068+0200: 8.171: [GC (Allocation Failure) 2020-09-29T13:08:37.068+0200: 8.171: [ParNew: 552819K->7375K(613440K), 0.0067814 secs] 553209K->7765K(2029056K), 0.0068378 secs] [Times: user=0.00 sys=0.00, real=0.01 secs] 
2020-09-29T13:08:37.155+0200: 8.258: [GC (Allocation Failure) 2020-09-29T13:08:37.155+0200: 8.258: [ParNew: 552719K->5828K(613440K), 0.0059014 secs] 553109K->6219K(2029056K), 0.0059558 secs] [Times: user=0.13 sys=0.00, real=0.01 secs] 
2020-09-29T13:08:37.239+0200: 8.341: [GC (Allocation Failure) 2020-09-29T13:08:37.239+0200: 8.341: [ParNew: 551172K->168K(613440K), 0.0016365 secs] 551563K->558K(2029056K), 0.0016868 secs] [Times: user=0.00 sys=0.00, real=0.00 secs] 
2020-09-29T13:08:37.316+0200: 8.419: [GC (Allocation Failure) 2020-09-29T13:08:37.316+0200: 8.419: [ParNew: 545512K->12373K(613440K), 0.0105323 secs] 545902K->12763K(2029056K), 0.0105959 secs] [Times: user=0.13 sys=0.00, real=0.01 secs] 
2020-09-29T13:08:37.407+0200: 8.510: [GC (Allocation Failure) 2020-09-29T13:08:37.407+0200: 8.510: [ParNew: 557717K->17399K(613440K), 0.0096253 secs] 558107K->17789K(2029056K), 0.0096796 secs] [Times: user=0.13 sys=0.00, real=0.01 secs] 
2020-09-29T13:08:37.495+0200: 8.597: [GC (Allocation Failure) 2020-09-29T13:08:37.495+0200: 8.597: [ParNew: 562743K->12126K(613440K), 0.0084513 secs] 563133K->12516K(2029056K), 0.0085070 secs] [Times: user=0.00 sys=0.00, real=0.01 secs] 
2020-09-29T13:08:37.582+0200: 8.684: [GC (Allocation Failure) 2020-09-29T13:08:37.582+0200: 8.684: [ParNew: 557470K->8156K(613440K), 0.0077124 secs] 557860K->8547K(2029056K), 0.0077822 secs] [Times: user=0.13 sys=0.00, real=0.01 secs] 
2020-09-29T13:08:37.670+0200: 8.773: [GC (Allocation Failure) 2020-09-29T13:08:37.670+0200: 8.773: [ParNew: 553500K->7129K(613440K), 0.0063889 secs] 553891K->7520K(2029056K), 0.0064442 secs] [Times: user=0.00 sys=0.00, real=0.01 secs] 
2020-09-29T13:08:37.752+0200: 8.855: [GC (Allocation Failure) 2020-09-29T13:08:37.752+0200: 8.855: [ParNew: 552473K->4294K(613440K), 0.0051005 secs] 552864K->4684K(2029056K), 0.0051538 secs] [Times: user=0.13 sys=0.00, real=0.00 secs] 
2020-09-29T13:08:37.833+0200: 8.935: [GC (Allocation Failure) 2020-09-29T13:08:37.833+0200: 8.935: [ParNew: 549638K->90K(613440K), 0.0015314 secs] 550028K->480K(2029056K), 0.0015819 secs] [Times: user=0.00 sys=0.00, real=0.00 secs] 
2020-09-29T13:08:37.913+0200: 9.015: [GC (Allocation Failure) 2020-09-29T13:08:37.913+0200: 9.015: [ParNew: 545434K->11779K(613440K), 0.0106427 secs] 545824K->12169K(2029056K), 0.0106968 secs] [Times: user=0.00 sys=0.00, real=0.01 secs] 
2020-09-29T13:08:38.002+0200: 9.104: [GC (Allocation Failure) 2020-09-29T13:08:38.002+0200: 9.104: [ParNew: 557123K->14801K(613440K), 0.0098579 secs] 557513K->15192K(2029056K), 0.0099120 secs] [Times: user=0.09 sys=0.00, real=0.01 secs] 
2020-09-29T13:08:38.090+0200: 9.192: [GC (Allocation Failure) 2020-09-29T13:08:38.090+0200: 9.192: [ParNew: 560145K->9775K(613440K), 0.0085431 secs] 560536K->10165K(2029056K), 0.0085980 secs] [Times: user=0.00 sys=0.00, real=0.01 secs] 
2020-09-29T13:08:38.174+0200: 9.276: [GC (Allocation Failure) 2020-09-29T13:08:38.174+0200: 9.276: [ParNew: 555119K->8665K(613440K), 0.0074789 secs] 555509K->9055K(2029056K), 0.0075344 secs] [Times: user=0.13 sys=0.00, real=0.01 secs] 
2020-09-29T13:08:38.258+0200: 9.360: [GC (Allocation Failure) 2020-09-29T13:08:38.258+0200: 9.360: [ParNew: 554009K->7224K(613440K), 0.0064747 secs] 554399K->7615K(2029056K), 0.0065297 secs] [Times: user=0.00 sys=0.00, real=0.01 secs] 
2020-09-29T13:08:38.340+0200: 9.442: [GC (Allocation Failure) 2020-09-29T13:08:38.340+0200: 9.442: [ParNew: 552568K->4425K(613440K), 0.0053815 secs] 552959K->4815K(2029056K), 0.0054384 secs] [Times: user=0.00 sys=0.00, real=0.01 secs] 
2020-09-29T13:08:38.424+0200: 9.527: [GC (Allocation Failure) 2020-09-29T13:08:38.424+0200: 9.527: [ParNew: 549769K->222K(613440K), 0.0016845 secs] 550159K->612K(2029056K), 0.0017343 secs] [Times: user=0.00 sys=0.00, real=0.00 secs] 
2020-09-29T13:08:38.505+0200: 9.607: [GC (Allocation Failure) 2020-09-29T13:08:38.505+0200: 9.607: [ParNew: 545566K->12445K(613440K), 0.0106716 secs] 545956K->12835K(2029056K), 0.0107302 secs] [Times: user=0.00 sys=0.00, real=0.01 secs] 
2020-09-29T13:08:38.593+0200: 9.695: [GC (Allocation Failure) 2020-09-29T13:08:38.593+0200: 9.695: [ParNew: 557789K->16427K(613440K), 0.0099247 secs] 558179K->16817K(2029056K), 0.0099794 secs] [Times: user=0.13 sys=0.00, real=0.01 secs] 
2020-09-29T13:08:38.681+0200: 9.783: [GC (Allocation Failure) 2020-09-29T13:08:38.681+0200: 9.783: [ParNew: 561771K->11913K(613440K), 0.0083353 secs] 562161K->12303K(2029056K), 0.0083895 secs] [Times: user=0.00 sys=0.00, real=0.01 secs] 
2020-09-29T13:08:38.765+0200: 9.867: [GC (Allocation Failure) 2020-09-29T13:08:38.765+0200: 9.867: [ParNew: 557257K->7769K(613440K), 0.0074277 secs] 557647K->8159K(2029056K), 0.0074869 secs] [Times: user=0.13 sys=0.00, real=0.01 secs] 
2020-09-29T13:08:38.850+0200: 9.952: [GC (Allocation Failure) 2020-09-29T13:08:38.850+0200: 9.952: [ParNew: 553113K->6638K(613440K), 0.0061861 secs] 553503K->7028K(2029056K), 0.0062408 secs] [Times: user=0.00 sys=0.00, real=0.01 secs] 
2020-09-29T13:08:38.935+0200: 10.038: [GC (Allocation Failure) 2020-09-29T13:08:38.935+0200: 10.038: [ParNew: 551982K->4080K(613440K), 0.0050924 secs] 552372K->4470K(2029056K), 0.0051462 secs] [Times: user=0.00 sys=0.00, real=0.01 secs] 
2020-09-29T13:08:39.019+0200: 10.121: [GC (Allocation Failure) 2020-09-29T13:08:39.019+0200: 10.121: [ParNew: 549424K->71K(613440K), 0.0032784 secs] 549814K->461K(2029056K), 0.0033289 secs] [Times: user=0.11 sys=0.00, real=0.00 secs] 
2020-09-29T13:08:39.099+0200: 10.202: [GC (Allocation Failure) 2020-09-29T13:08:39.099+0200: 10.202: [ParNew: 545415K->12088K(613440K), 0.0108332 secs] 545805K->12478K(2029056K), 0.0108939 secs] [Times: user=0.00 sys=0.00, real=0.01 secs] 
2020-09-29T13:08:39.189+0200: 10.291: [GC (Allocation Failure) 2020-09-29T13:08:39.189+0200: 10.291: [ParNew: 557432K->15222K(613440K), 0.0100888 secs] 557822K->15612K(2029056K), 0.0101529 secs] [Times: user=0.11 sys=0.00, real=0.01 secs] 
2020-09-29T13:08:39.285+0200: 10.388: [GC (Allocation Failure) 2020-09-29T13:08:39.285+0200: 10.388: [ParNew: 560566K->10152K(613440K), 0.0087843 secs] 560956K->10542K(2029056K), 0.0088382 secs] [Times: user=0.02 sys=0.00, real=0.01 secs] 
2020-09-29T13:08:39.373+0200: 10.475: [GC (Allocation Failure) 2020-09-29T13:08:39.373+0200: 10.475: [ParNew: 555496K->7948K(613440K), 0.0076075 secs] 555886K->8338K(2029056K), 0.0076707 secs] [Times: user=0.11 sys=0.00, real=0.01 secs] 
2020-09-29T13:08:39.462+0200: 10.564: [GC (Allocation Failure) 2020-09-29T13:08:39.462+0200: 10.564: [ParNew: 553292K->6931K(613440K), 0.0063129 secs] 553682K->7321K(2029056K), 0.0063685 secs] [Times: user=0.00 sys=0.00, real=0.01 secs] 
2020-09-29T13:08:39.545+0200: 10.647: [GC (Allocation Failure) 2020-09-29T13:08:39.545+0200: 10.647: [ParNew: 550375K->280K(613440K), 0.0017290 secs] 550766K->670K(2029056K), 0.0017813 secs] [Times: user=0.00 sys=0.00, real=0.00 secs] 
2020-09-29T13:08:39.627+0200: 10.729: [GC (Allocation Failure) 2020-09-29T13:08:39.627+0200: 10.729: [ParNew: 545624K->12176K(613440K), 0.0110129 secs] 546014K->12566K(2029056K), 0.0110679 secs] [Times: user=0.13 sys=0.00, real=0.01 secs] 
2020-09-29T13:08:39.715+0200: 10.817: [GC (Allocation Failure) 2020-09-29T13:08:39.715+0200: 10.817: [ParNew: 557520K->17199K(613440K), 0.0096949 secs] 557910K->17589K(2029056K), 0.0097466 secs] [Times: user=0.13 sys=0.00, real=0.01 secs] 
2020-09-29T13:08:39.802+0200: 10.904: [GC (Allocation Failure) 2020-09-29T13:08:39.802+0200: 10.904: [ParNew: 562543K->12065K(613440K), 0.0089693 secs] 562933K->12455K(2029056K), 0.0090213 secs] [Times: user=0.00 sys=0.00, real=0.01 secs] 
2020-09-29T13:08:39.889+0200: 10.991: [GC (Allocation Failure) 2020-09-29T13:08:39.889+0200: 10.991: [ParNew: 557409K->8264K(613440K), 0.0080896 secs] 557799K->8654K(2029056K), 0.0081630 secs] [Times: user=0.13 sys=0.00, real=0.01 secs] 
2020-09-29T13:08:39.972+0200: 11.074: [GC (Allocation Failure) 2020-09-29T13:08:39.972+0200: 11.074: [ParNew: 553608K->7375K(613440K), 0.0065502 secs] 553998K->7765K(2029056K), 0.0066043 secs] [Times: user=0.13 sys=0.00, real=0.01 secs] 
2020-09-29T13:08:40.056+0200: 11.158: [GC (Allocation Failure) 2020-09-29T13:08:40.056+0200: 11.158: [ParNew: 552719K->5828K(613440K), 0.0054552 secs] 553109K->6219K(2029056K), 0.0055275 secs] [Times: user=0.00 sys=0.00, real=0.01 secs] 
2020-09-29T13:08:40.140+0200: 11.242: [GC (Allocation Failure) 2020-09-29T13:08:40.140+0200: 11.242: [ParNew: 551172K->168K(613440K), 0.0016382 secs] 551563K->558K(2029056K), 0.0016884 secs] [Times: user=0.00 sys=0.00, real=0.00 secs] 
2020-09-29T13:08:40.218+0200: 11.320: [GC (Allocation Failure) 2020-09-29T13:08:40.218+0200: 11.320: [ParNew: 545512K->12331K(613440K), 0.0109913 secs] 545902K->12721K(2029056K), 0.0110461 secs] [Times: user=0.13 sys=0.00, real=0.01 secs] 
2020-09-29T13:08:40.306+0200: 11.408: [GC (Allocation Failure) 2020-09-29T13:08:40.306+0200: 11.408: [ParNew: 557675K->17399K(613440K), 0.0096682 secs] 558065K->17789K(2029056K), 0.0097219 secs] [Times: user=0.00 sys=0.00, real=0.01 secs] 
2020-09-29T13:08:40.396+0200: 11.498: [GC (Allocation Failure) 2020-09-29T13:08:40.396+0200: 11.498: [ParNew: 562743K->10855K(613440K), 0.0090318 secs] 563133K->11245K(2029056K), 0.0090815 secs] [Times: user=0.00 sys=0.00, real=0.01 secs] 
2020-09-29T13:08:40.486+0200: 11.588: [GC (Allocation Failure) 2020-09-29T13:08:40.486+0200: 11.588: [ParNew: 556199K->8156K(613440K), 0.0077752 secs] 556589K->8547K(2029056K), 0.0078338 secs] [Times: user=0.13 sys=0.00, real=0.01 secs] 
2020-09-29T13:08:40.573+0200: 11.676: [GC (Allocation Failure) 2020-09-29T13:08:40.573+0200: 11.676: [ParNew: 553500K->6482K(613440K), 0.0064715 secs] 553891K->6873K(2029056K), 0.0065466 secs] [Times: user=0.00 sys=0.00, real=0.01 secs] 
2020-09-29T13:08:40.664+0200: 11.767: [GC (Allocation Failure) 2020-09-29T13:08:40.664+0200: 11.767: [ParNew: 551826K->5342K(613440K), 0.0053694 secs] 552217K->5732K(2029056K), 0.0054216 secs] [Times: user=0.00 sys=0.00, real=0.00 secs] 
2020-09-29T13:08:40.746+0200: 11.849: [GC (Allocation Failure) 2020-09-29T13:08:40.746+0200: 11.849: [ParNew: 550686K->118K(613440K), 0.0018322 secs] 551076K->509K(2029056K), 0.0018800 secs] [Times: user=0.00 sys=0.00, real=0.00 secs] 
2020-09-29T13:08:40.823+0200: 11.926: [GC (Allocation Failure) 2020-09-29T13:08:40.823+0200: 11.926: [ParNew: 545462K->11795K(613440K), 0.0105481 secs] 545853K->12185K(2029056K), 0.0106032 secs] [Times: user=0.13 sys=0.00, real=0.01 secs] 
2020-09-29T13:08:40.911+0200: 12.013: [GC (Allocation Failure) 2020-09-29T13:08:40.911+0200: 12.013: [ParNew: 557139K->16665K(613440K), 0.0096947 secs] 557529K->17055K(2029056K), 0.0097486 secs] [Times: user=0.00 sys=0.00, real=0.01 secs] 
2020-09-29T13:08:40.996+0200: 12.099: [GC (Allocation Failure) 2020-09-29T13:08:40.996+0200: 12.099: [ParNew: 562009K->11617K(613440K), 0.0083693 secs] 562399K->12007K(2029056K), 0.0084676 secs] [Times: user=0.13 sys=0.00, real=0.01 secs] 
2020-09-29T13:08:41.084+0200: 12.186: [GC (Allocation Failure) 2020-09-29T13:08:41.084+0200: 12.186: [ParNew: 556961K->7917K(613440K), 0.0075367 secs] 557351K->8307K(2029056K), 0.0075931 secs] [Times: user=0.00 sys=0.00, real=0.01 secs] 
2020-09-29T13:08:41.170+0200: 12.273: [GC (Allocation Failure) 2020-09-29T13:08:41.170+0200: 12.273: [ParNew: 553261K->7037K(613440K), 0.0063626 secs] 553651K->7428K(2029056K), 0.0064391 secs] [Times: user=0.13 sys=0.00, real=0.01 secs] 
2020-09-29T13:08:41.252+0200: 12.355: [GC (Allocation Failure) 2020-09-29T13:08:41.252+0200: 12.355: [ParNew: 552381K->5533K(613440K), 0.0057555 secs] 552772K->5923K(2029056K), 0.0058083 secs] [Times: user=0.13 sys=0.00, real=0.01 secs] 
2020-09-29T13:08:41.333+0200: 12.436: [GC (Allocation Failure) 2020-09-29T13:08:41.333+0200: 12.437: [ParNew: 550877K->184K(613440K), 0.0014905 secs] 551267K->574K(2029056K), 0.0015742 secs] [Times: user=0.00 sys=0.00, real=0.00 secs] 
2020-09-29T13:08:41.414+0200: 12.517: [GC (Allocation Failure) 2020-09-29T13:08:41.414+0200: 12.517: [ParNew: 545528K->12317K(613440K), 0.0114914 secs] 545918K->12707K(2029056K), 0.0115434 secs] [Times: user=0.00 sys=0.00, real=0.01 secs] 
2020-09-29T13:08:41.507+0200: 12.610: [GC (Allocation Failure) 2020-09-29T13:08:41.507+0200: 12.610: [ParNew: 557661K->15429K(613440K), 0.0096881 secs] 558051K->15819K(2029056K), 0.0097444 secs] [Times: user=0.00 sys=0.00, real=0.01 secs] 
2020-09-29T13:08:41.596+0200: 12.699: [GC (Allocation Failure) 2020-09-29T13:08:41.596+0200: 12.699: [ParNew: 560773K->9978K(613440K), 0.0089791 secs] 561163K->10368K(2029056K), 0.0090350 secs] [Times: user=0.13 sys=0.00, real=0.01 secs] 
2020-09-29T13:08:41.681+0200: 12.784: [GC (Allocation Failure) 2020-09-29T13:08:41.681+0200: 12.784: [ParNew: 555322K->8530K(613440K), 0.0072170 secs] 555712K->8920K(2029056K), 0.0072749 secs] [Times: user=0.00 sys=0.00, real=0.01 secs] 
2020-09-29T13:08:41.767+0200: 12.870: [GC (Allocation Failure) 2020-09-29T13:08:41.767+0200: 12.870: [ParNew: 553874K->6828K(613440K), 0.0062326 secs] 554264K->7218K(2029056K), 0.0063033 secs] [Times: user=0.13 sys=0.00, real=0.01 secs] 
2020-09-29T13:08:41.849+0200: 12.952: [GC (Allocation Failure) 2020-09-29T13:08:41.849+0200: 12.952: [ParNew: 552172K->4128K(613440K), 0.0046879 secs] 552562K->4518K(2029056K), 0.0047404 secs] [Times: user=0.00 sys=0.00, real=0.01 secs] 
2020-09-29T13:08:41.932+0200: 13.035: [GC (Allocation Failure) 2020-09-29T13:08:41.932+0200: 13.035: [ParNew: 549472K->72K(613440K), 0.0017414 secs] 549862K->462K(2029056K), 0.0017904 secs] [Times: user=0.00 sys=0.00, real=0.00 secs] 
2020-09-29T13:08:42.011+0200: 13.114: [GC (Allocation Failure) 2020-09-29T13:08:42.011+0200: 13.114: [ParNew: 545416K->12083K(613440K), 0.0108959 secs] 545806K->12473K(2029056K), 0.0109503 secs] [Times: user=0.13 sys=0.00, real=0.01 secs] 
2020-09-29T13:08:42.099+0200: 13.202: [GC (Allocation Failure) 2020-09-29T13:08:42.099+0200: 13.202: [ParNew: 557427K->15223K(613440K), 0.0101923 secs] 557817K->15613K(2029056K), 0.0102504 secs] [Times: user=0.00 sys=0.00, real=0.01 secs] 
2020-09-29T13:08:42.193+0200: 13.296: [GC (Allocation Failure) 2020-09-29T13:08:42.193+0200: 13.296: [ParNew: 560567K->10152K(613440K), 0.0084240 secs] 560957K->10542K(2029056K), 0.0084780 secs] [Times: user=0.00 sys=0.00, real=0.01 secs] 
2020-09-29T13:08:42.277+0200: 13.379: [GC (Allocation Failure) 2020-09-29T13:08:42.277+0200: 13.380: [ParNew: 555496K->8805K(613440K), 0.0074401 secs] 555886K->9195K(2029056K), 0.0074934 secs] [Times: user=0.00 sys=0.00, real=0.01 secs] 
2020-09-29T13:08:42.363+0200: 13.465: [GC (Allocation Failure) 2020-09-29T13:08:42.363+0200: 13.465: [ParNew: 554149K->6931K(613440K), 0.0063433 secs] 554539K->7321K(2029056K), 0.0063981 secs] [Times: user=0.13 sys=0.00, real=0.01 secs] 
2020-09-29T13:08:42.450+0200: 13.553: [GC (Allocation Failure) 2020-09-29T13:08:42.450+0200: 13.553: [ParNew: 550375K->280K(613440K), 0.0018427 secs] 550766K->670K(2029056K), 0.0018978 secs] [Times: user=0.00 sys=0.00, real=0.00 secs] 
2020-09-29T13:08:42.530+0200: 13.632: [GC (Allocation Failure) 2020-09-29T13:08:42.530+0200: 13.632: [ParNew: 545624K->12246K(613440K), 0.0107159 secs] 546014K->12636K(2029056K), 0.0107706 secs] [Times: user=0.13 sys=0.00, real=0.01 secs] 
2020-09-29T13:08:42.619+0200: 13.722: [GC (Allocation Failure) 2020-09-29T13:08:42.619+0200: 13.722: [ParNew: 557590K->17199K(613440K), 0.0097310 secs] 557980K->17589K(2029056K), 0.0097874 secs] [Times: user=0.00 sys=0.00, real=0.01 secs] 
2020-09-29T13:08:42.707+0200: 13.809: [GC (Allocation Failure) 2020-09-29T13:08:42.707+0200: 13.810: [ParNew: 562543K->12065K(613440K), 0.0091126 secs] 562933K->12455K(2029056K), 0.0091675 secs] [Times: user=0.13 sys=0.00, real=0.01 secs] 
2020-09-29T13:08:42.793+0200: 13.896: [GC (Allocation Failure) 2020-09-29T13:08:42.793+0200: 13.896: [ParNew: 557409K->8264K(613440K), 0.0077269 secs] 557799K->8654K(2029056K), 0.0077848 secs] [Times: user=0.13 sys=0.00, real=0.01 secs] 
2020-09-29T13:08:42.895+0200: 13.998: [GC (Allocation Failure) 2020-09-29T13:08:42.895+0200: 13.998: [ParNew: 553608K->7375K(613440K), 0.0075504 secs] 553998K->7765K(2029056K), 0.0076084 secs] [Times: user=0.00 sys=0.00, real=0.01 secs] 
2020-09-29T13:08:42.983+0200: 14.086: [GC (Allocation Failure) 2020-09-29T13:08:42.983+0200: 14.086: [ParNew: 552719K->5828K(613440K), 0.0054380 secs] 553109K->6219K(2029056K), 0.0054934 secs] [Times: user=0.13 sys=0.00, real=0.01 secs] 
2020-09-29T13:08:43.067+0200: 14.170: [GC (Allocation Failure) 2020-09-29T13:08:43.067+0200: 14.170: [ParNew: 551172K->168K(613440K), 0.0015135 secs] 551563K->558K(2029056K), 0.0015648 secs] [Times: user=0.00 sys=0.00, real=0.00 secs] 
2020-09-29T13:08:43.147+0200: 14.250: [GC (Allocation Failure) 2020-09-29T13:08:43.147+0200: 14.250: [ParNew: 545512K->12246K(613440K), 0.0109640 secs] 545902K->12637K(2029056K), 0.0110213 secs] [Times: user=0.00 sys=0.00, real=0.01 secs] 
2020-09-29T13:08:43.236+0200: 14.339: [GC (Allocation Failure) 2020-09-29T13:08:43.236+0200: 14.339: [ParNew: 557590K->16434K(613440K), 0.0094278 secs] 557981K->16824K(2029056K), 0.0095054 secs] [Times: user=0.13 sys=0.00, real=0.01 secs] 
2020-09-29T13:08:43.322+0200: 14.425: [GC (Allocation Failure) 2020-09-29T13:08:43.322+0200: 14.425: [ParNew: 561778K->12126K(613440K), 0.0088305 secs] 562168K->12516K(2029056K), 0.0088848 secs] [Times: user=0.00 sys=0.00, real=0.01 secs] 
2020-09-29T13:08:43.410+0200: 14.513: [GC (Allocation Failure) 2020-09-29T13:08:43.410+0200: 14.513: [ParNew: 557470K->8156K(613440K), 0.0076670 secs] 557860K->8547K(2029056K), 0.0077230 secs] [Times: user=0.00 sys=0.00, real=0.01 secs] 
2020-09-29T13:08:43.499+0200: 14.602: [GC (Allocation Failure) 2020-09-29T13:08:43.499+0200: 14.602: [ParNew: 553500K->7129K(613440K), 0.0064251 secs] 553891K->7520K(2029056K), 0.0064794 secs] [Times: user=0.13 sys=0.00, real=0.01 secs] 
2020-09-29T13:08:43.584+0200: 14.686: [GC (Allocation Failure) 2020-09-29T13:08:43.584+0200: 14.686: [ParNew: 552473K->4002K(613440K), 0.0052307 secs] 552864K->4392K(2029056K), 0.0053043 secs] [Times: user=0.00 sys=0.00, real=0.00 secs] 
2020-09-29T13:08:43.671+0200: 14.773: [GC (Allocation Failure) 2020-09-29T13:08:43.671+0200: 14.774: [ParNew: 549346K->90K(613440K), 0.0017306 secs] 549736K->480K(2029056K), 0.0017804 secs] [Times: user=0.00 sys=0.00, real=0.00 secs] 
2020-09-29T13:08:43.749+0200: 14.851: [GC (Allocation Failure) 2020-09-29T13:08:43.749+0200: 14.851: [ParNew: 545434K->11779K(613440K), 0.0104780 secs] 545824K->12169K(2029056K), 0.0105342 secs] [Times: user=0.13 sys=0.00, real=0.01 secs] 
2020-09-29T13:08:43.838+0200: 14.940: [GC (Allocation Failure) 2020-09-29T13:08:43.838+0200: 14.940: [ParNew: 557123K->16637K(613440K), 0.0096529 secs] 557513K->17027K(2029056K), 0.0097083 secs] [Times: user=0.00 sys=0.00, real=0.01 secs] 
2020-09-29T13:08:43.926+0200: 15.028: [GC (Allocation Failure) 2020-09-29T13:08:43.926+0200: 15.029: [ParNew: 561981K->11610K(613440K), 0.0082701 secs] 562371K->12000K(2029056K), 0.0083295 secs] [Times: user=0.08 sys=0.00, real=0.01 secs] 
2020-09-29T13:08:44.010+0200: 15.112: [GC (Allocation Failure) 2020-09-29T13:08:44.010+0200: 15.112: [ParNew: 556954K->7916K(613440K), 0.0073706 secs] 557344K->8306K(2029056K), 0.0074581 secs] [Times: user=0.00 sys=0.00, real=0.01 secs] 
2020-09-29T13:08:44.094+0200: 15.197: [GC (Allocation Failure) 2020-09-29T13:08:44.094+0200: 15.197: [ParNew: 553260K->7037K(613440K), 0.0066797 secs] 553650K->7427K(2029056K), 0.0067355 secs] [Times: user=0.13 sys=0.00, real=0.01 secs] 
2020-09-29T13:08:44.180+0200: 15.282: [GC (Allocation Failure) 2020-09-29T13:08:44.180+0200: 15.282: [ParNew: 552381K->5533K(613440K), 0.0057699 secs] 552771K->5923K(2029056K), 0.0058261 secs] [Times: user=0.00 sys=0.00, real=0.01 secs] 
2020-09-29T13:08:44.262+0200: 15.364: [GC (Allocation Failure) 2020-09-29T13:08:44.262+0200: 15.364: [ParNew: 550877K->184K(613440K), 0.0014716 secs] 551267K->574K(2029056K), 0.0015298 secs] [Times: user=0.00 sys=0.00, real=0.00 secs] 
2020-09-29T13:08:44.341+0200: 15.443: [GC (Allocation Failure) 2020-09-29T13:08:44.341+0200: 15.443: [ParNew: 545528K->12225K(613440K), 0.0106343 secs] 545918K->12615K(2029056K), 0.0107077 secs] [Times: user=0.13 sys=0.00, real=0.01 secs] 
2020-09-29T13:08:44.429+0200: 15.531: [GC (Allocation Failure) 2020-09-29T13:08:44.429+0200: 15.531: [ParNew: 557569K->17354K(613440K), 0.0099490 secs] 557959K->17744K(2029056K), 0.0100060 secs] [Times: user=0.00 sys=0.00, real=0.01 secs] 
2020-09-29T13:08:44.521+0200: 15.624: [GC (Allocation Failure) 2020-09-29T13:08:44.521+0200: 15.624: [ParNew: 562698K->11903K(613440K), 0.0085051 secs] 563088K->12294K(2029056K), 0.0085602 secs] [Times: user=0.00 sys=0.00, real=0.01 secs] 
2020-09-29T13:08:44.610+0200: 15.712: [GC (Allocation Failure) 2020-09-29T13:08:44.610+0200: 15.712: [ParNew: 557247K->7768K(613440K), 0.0077631 secs] 557638K->8158K(2029056K), 0.0078222 secs] [Times: user=0.13 sys=0.00, real=0.01 secs] 
2020-09-29T13:08:44.695+0200: 15.797: [GC (Allocation Failure) 2020-09-29T13:08:44.695+0200: 15.797: [ParNew: 553112K->6638K(613440K), 0.0063809 secs] 553502K->7028K(2029056K), 0.0064341 secs] [Times: user=0.00 sys=0.00, real=0.01 secs] 
2020-09-29T13:08:44.780+0200: 15.882: [GC (Allocation Failure) 2020-09-29T13:08:44.780+0200: 15.882: [ParNew: 551982K->4080K(613440K), 0.0050142 secs] 552372K->4470K(2029056K), 0.0050687 secs] [Times: user=0.00 sys=0.00, real=0.01 secs] 
2020-09-29T13:08:44.864+0200: 15.967: [GC (Allocation Failure) 2020-09-29T13:08:44.864+0200: 15.967: [ParNew: 549424K->71K(613440K), 0.0017765 secs] 549814K->461K(2029056K), 0.0018272 secs] [Times: user=0.00 sys=0.00, real=0.00 secs] 
2020-09-29T13:08:44.943+0200: 16.046: [GC (Allocation Failure) 2020-09-29T13:08:44.943+0200: 16.046: [ParNew: 545415K->12106K(613440K), 0.0106485 secs] 545805K->12496K(2029056K), 0.0107225 secs] [Times: user=0.00 sys=0.00, real=0.01 secs] 
2020-09-29T13:08:45.030+0200: 16.133: [GC (Allocation Failure) 2020-09-29T13:08:45.030+0200: 16.133: [ParNew: 557450K->17117K(613440K), 0.0098982 secs] 557840K->17507K(2029056K), 0.0099528 secs] [Times: user=0.13 sys=0.00, real=0.01 secs] 
2020-09-29T13:08:45.118+0200: 16.221: [GC (Allocation Failure) 2020-09-29T13:08:45.118+0200: 16.221: [ParNew: 562461K->12047K(613440K), 0.0086257 secs] 562851K->12437K(2029056K), 0.0086950 secs] [Times: user=0.00 sys=0.00, real=0.01 secs] 
2020-09-29T13:08:45.203+0200: 16.306: [GC (Allocation Failure) 2020-09-29T13:08:45.203+0200: 16.306: [ParNew: 557391K->8017K(613440K), 0.0074193 secs] 557781K->8407K(2029056K), 0.0074736 secs] [Times: user=0.13 sys=0.00, real=0.01 secs] 
2020-09-29T13:08:45.287+0200: 16.390: [GC (Allocation Failure) 2020-09-29T13:08:45.287+0200: 16.390: [ParNew: 553361K->6734K(613440K), 0.0061717 secs] 553751K->7124K(2029056K), 0.0062252 secs] [Times: user=0.00 sys=0.00, real=0.01 secs] 
2020-09-29T13:08:45.369+0200: 16.472: [GC (Allocation Failure) 2020-09-29T13:08:45.369+0200: 16.472: [ParNew: 550178K->273K(613440K), 0.0017001 secs] 550569K->664K(2029056K), 0.0017522 secs] [Times: user=0.00 sys=0.00, real=0.00 secs] 
2020-09-29T13:08:45.448+0200: 16.551: [GC (Allocation Failure) 2020-09-29T13:08:45.448+0200: 16.551: [ParNew: 545617K->12225K(613440K), 0.0106521 secs] 546008K->12616K(2029056K), 0.0107079 secs] [Times: user=0.13 sys=0.00, real=0.01 secs] 
2020-09-29T13:08:45.539+0200: 16.642: [GC (Allocation Failure) 2020-09-29T13:08:45.539+0200: 16.642: [ParNew: 557569K->17193K(613440K), 0.0103262 secs] 557960K->17583K(2029056K), 0.0103815 secs] [Times: user=0.00 sys=0.00, real=0.01 secs] 
2020-09-29T13:08:45.629+0200: 16.732: [GC (Allocation Failure) 2020-09-29T13:08:45.629+0200: 16.732: [ParNew: 562537K->12063K(613440K), 0.0087319 secs] 562927K->12454K(2029056K), 0.0088130 secs] [Times: user=0.02 sys=0.00, real=0.01 secs] 
2020-09-29T13:08:45.715+0200: 16.818: [GC (Allocation Failure) 2020-09-29T13:08:45.715+0200: 16.818: [ParNew: 557407K->8264K(613440K), 0.0077169 secs] 557798K->8654K(2029056K), 0.0077707 secs] [Times: user=0.13 sys=0.00, real=0.01 secs] 
2020-09-29T13:08:45.800+0200: 16.903: [GC (Allocation Failure) 2020-09-29T13:08:45.800+0200: 16.903: [ParNew: 553608K->7375K(613440K), 0.0066257 secs] 553998K->7765K(2029056K), 0.0066790 secs] [Times: user=0.13 sys=0.00, real=0.01 secs] 
2020-09-29T13:08:45.884+0200: 16.986: [GC (Allocation Failure) 2020-09-29T13:08:45.884+0200: 16.986: [ParNew: 552719K->5828K(613440K), 0.0059634 secs] 553109K->6219K(2029056K), 0.0060175 secs] [Times: user=0.00 sys=0.00, real=0.01 secs] 
2020-09-29T13:08:45.966+0200: 17.068: [GC (Allocation Failure) 2020-09-29T13:08:45.966+0200: 17.068: [ParNew: 551172K->168K(613440K), 0.0017522 secs] 551563K->558K(2029056K), 0.0018030 secs] [Times: user=0.00 sys=0.00, real=0.00 secs] 
2020-09-29T13:08:46.043+0200: 17.146: [GC (Allocation Failure) 2020-09-29T13:08:46.043+0200: 17.146: [ParNew: 545512K->12289K(613440K), 0.0110613 secs] 545902K->12679K(2029056K), 0.0111174 secs] [Times: user=0.13 sys=0.00, real=0.01 secs] 
2020-09-29T13:08:46.134+0200: 17.237: [GC (Allocation Failure) 2020-09-29T13:08:46.134+0200: 17.237: [ParNew: 557633K->17399K(613440K), 0.0097593 secs] 558023K->17789K(2029056K), 0.0098384 secs] [Times: user=0.00 sys=0.00, real=0.01 secs] 
2020-09-29T13:08:46.223+0200: 17.326: [GC (Allocation Failure) 2020-09-29T13:08:46.223+0200: 17.326: [ParNew: 562743K->12126K(613440K), 0.0087239 secs] 563133K->12516K(2029056K), 0.0087822 secs] [Times: user=0.00 sys=0.00, real=0.01 secs] 
2020-09-29T13:08:46.309+0200: 17.412: [GC (Allocation Failure) 2020-09-29T13:08:46.309+0200: 17.412: [ParNew: 557470K->8156K(613440K), 0.0074766 secs] 557860K->8547K(2029056K), 0.0075488 secs] [Times: user=0.00 sys=0.03, real=0.01 secs] 
2020-09-29T13:08:46.395+0200: 17.498: [GC (Allocation Failure) 2020-09-29T13:08:46.395+0200: 17.498: [ParNew: 553500K->7129K(613440K), 0.0065988 secs] 553891K->7520K(2029056K), 0.0066550 secs] [Times: user=0.00 sys=0.00, real=0.01 secs] 
2020-09-29T13:08:46.481+0200: 17.583: [GC (Allocation Failure) 2020-09-29T13:08:46.481+0200: 17.583: [ParNew: 552473K->4294K(613440K), 0.0051799 secs] 552864K->4684K(2029056K), 0.0052332 secs] [Times: user=0.00 sys=0.00, real=0.01 secs] 
2020-09-29T13:08:46.565+0200: 17.667: [GC (Allocation Failure) 2020-09-29T13:08:46.565+0200: 17.667: [ParNew: 549638K->90K(613440K), 0.0020114 secs] 550028K->480K(2029056K), 0.0020636 secs] [Times: user=0.00 sys=0.00, real=0.00 secs] 
2020-09-29T13:08:46.650+0200: 17.752: [GC (Allocation Failure) 2020-09-29T13:08:46.650+0200: 17.752: [ParNew: 545434K->11733K(613440K), 0.0104170 secs] 545824K->12124K(2029056K), 0.0104708 secs] [Times: user=0.00 sys=0.00, real=0.01 secs] 
2020-09-29T13:08:46.737+0200: 17.839: [GC (Allocation Failure) 2020-09-29T13:08:46.737+0200: 17.839: [ParNew: 557077K->16637K(613440K), 0.0092315 secs] 557468K->17027K(2029056K), 0.0093076 secs] [Times: user=0.13 sys=0.00, real=0.01 secs] 
2020-09-29T13:08:46.824+0200: 17.927: [GC (Allocation Failure) 2020-09-29T13:08:46.825+0200: 17.927: [ParNew: 561981K->11610K(613440K), 0.0083447 secs] 562371K->12000K(2029056K), 0.0084327 secs] [Times: user=0.13 sys=0.00, real=0.01 secs] 
2020-09-29T13:08:46.913+0200: 18.015: [GC (Allocation Failure) 2020-09-29T13:08:46.913+0200: 18.015: [ParNew: 556954K->7916K(613440K), 0.0083935 secs] 557344K->8306K(2029056K), 0.0084513 secs] [Times: user=0.00 sys=0.00, real=0.01 secs] 
2020-09-29T13:08:47.009+0200: 18.111: [GC (Allocation Failure) 2020-09-29T13:08:47.009+0200: 18.111: [ParNew: 553260K->6402K(613440K), 0.0074356 secs] 553650K->6792K(2029056K), 0.0074959 secs] [Times: user=0.00 sys=0.00, real=0.01 secs] 
2020-09-29T13:08:47.107+0200: 18.210: [GC (Allocation Failure) 2020-09-29T13:08:47.107+0200: 18.210: [ParNew: 551746K->5085K(613440K), 0.0058261 secs] 552136K->5475K(2029056K), 0.0058835 secs] [Times: user=0.00 sys=0.00, real=0.01 secs] 
2020-09-29T13:08:47.211+0200: 18.313: [GC (Allocation Failure) 2020-09-29T13:08:47.211+0200: 18.313: [ParNew: 550429K->184K(613440K), 0.0018379 secs] 550819K->574K(2029056K), 0.0018892 secs] [Times: user=0.00 sys=0.00, real=0.00 secs] 
2020-09-29T13:08:47.299+0200: 18.401: [GC (Allocation Failure) 2020-09-29T13:08:47.299+0200: 18.401: [ParNew: 545528K->12271K(613440K), 0.0113849 secs] 545918K->12661K(2029056K), 0.0114533 secs] [Times: user=0.13 sys=0.00, real=0.01 secs] 
2020-09-29T13:08:47.390+0200: 18.492: [GC (Allocation Failure) 2020-09-29T13:08:47.390+0200: 18.492: [ParNew: 557615K->15429K(613440K), 0.0097933 secs] 558005K->15819K(2029056K), 0.0098481 secs] [Times: user=0.13 sys=0.00, real=0.01 secs] 
2020-09-29T13:08:47.478+0200: 18.580: [GC (Allocation Failure) 2020-09-29T13:08:47.478+0200: 18.580: [ParNew: 560773K->9978K(613440K), 0.0086297 secs] 561163K->10368K(2029056K), 0.0086843 secs] [Times: user=0.00 sys=0.00, real=0.01 secs] 
2020-09-29T13:08:47.565+0200: 18.667: [GC (Allocation Failure) 2020-09-29T13:08:47.565+0200: 18.667: [ParNew: 555322K->8530K(613440K), 0.0072480 secs] 555712K->8920K(2029056K), 0.0073079 secs] [Times: user=0.13 sys=0.00, real=0.01 secs] 
2020-09-29T13:08:47.653+0200: 18.755: [GC (Allocation Failure) 2020-09-29T13:08:47.653+0200: 18.756: [ParNew: 553874K->6219K(613440K), 0.0066523 secs] 554264K->6609K(2029056K), 0.0067071 secs] [Times: user=0.00 sys=0.00, real=0.01 secs] 
2020-09-29T13:08:47.741+0200: 18.844: [GC (Allocation Failure) 2020-09-29T13:08:47.741+0200: 18.844: [ParNew: 551563K->4128K(613440K), 0.0048054 secs] 551953K->4518K(2029056K), 0.0048605 secs] [Times: user=0.00 sys=0.00, real=0.01 secs] 
2020-09-29T13:08:47.825+0200: 18.928: [GC (Allocation Failure) 2020-09-29T13:08:47.825+0200: 18.928: [ParNew: 549472K->72K(613440K), 0.0015539 secs] 549862K->462K(2029056K), 0.0016045 secs] [Times: user=0.00 sys=0.00, real=0.00 secs] 
2020-09-29T13:08:47.904+0200: 19.007: [GC (Allocation Failure) 2020-09-29T13:08:47.904+0200: 19.007: [ParNew: 545416K->12101K(613440K), 0.0106799 secs] 545806K->12491K(2029056K), 0.0107548 secs] [Times: user=0.13 sys=0.00, real=0.01 secs] 
2020-09-29T13:08:47.992+0200: 19.094: [GC (Allocation Failure) 2020-09-29T13:08:47.992+0200: 19.094: [ParNew: 557445K->17119K(613440K), 0.0095917 secs] 557835K->17509K(2029056K), 0.0096649 secs] [Times: user=0.00 sys=0.00, real=0.01 secs] 
2020-09-29T13:08:48.078+0200: 19.180: [GC (Allocation Failure) 2020-09-29T13:08:48.078+0200: 19.181: [ParNew: 562463K->12048K(613440K), 0.0086955 secs] 562853K->12438K(2029056K), 0.0087513 secs] [Times: user=0.13 sys=0.00, real=0.01 secs] 
2020-09-29T13:08:48.163+0200: 19.266: [GC (Allocation Failure) 2020-09-29T13:08:48.163+0200: 19.266: [ParNew: 557392K->8017K(613440K), 0.0072889 secs] 557782K->8407K(2029056K), 0.0073439 secs] [Times: user=0.00 sys=0.00, real=0.01 secs] 
2020-09-29T13:08:48.247+0200: 19.349: [GC (Allocation Failure) 2020-09-29T13:08:48.247+0200: 19.349: [ParNew: 553361K->6734K(613440K), 0.0061051 secs] 553751K->7124K(2029056K), 0.0061601 secs] [Times: user=0.00 sys=0.00, real=0.01 secs] 
2020-09-29T13:08:48.329+0200: 19.432: [GC (Allocation Failure) 2020-09-29T13:08:48.329+0200: 19.432: [ParNew: 550178K->273K(613440K), 0.0018512 secs] 550569K->664K(2029056K), 0.0019046 secs] [Times: user=0.00 sys=0.00, real=0.00 secs] 
2020-09-29T13:08:48.409+0200: 19.511: [GC (Allocation Failure) 2020-09-29T13:08:48.409+0200: 19.511: [ParNew: 545617K->12225K(613440K), 0.0104626 secs] 546008K->12616K(2029056K), 0.0105431 secs] [Times: user=0.13 sys=0.00, real=0.01 secs] 
2020-09-29T13:08:48.496+0200: 19.599: [GC (Allocation Failure) 2020-09-29T13:08:48.496+0200: 19.599: [ParNew: 557569K->17193K(613440K), 0.0096358 secs] 557960K->17583K(2029056K), 0.0096909 secs] [Times: user=0.13 sys=0.00, real=0.01 secs] 
2020-09-29T13:08:48.587+0200: 19.689: [GC (Allocation Failure) 2020-09-29T13:08:48.587+0200: 19.689: [ParNew: 562537K->11431K(613440K), 0.0090704 secs] 562927K->11822K(2029056K), 0.0091276 secs] [Times: user=0.00 sys=0.00, real=0.01 secs] 
2020-09-29T13:08:48.677+0200: 19.780: [GC (Allocation Failure) 2020-09-29T13:08:48.677+0200: 19.780: [ParNew: 556775K->8264K(613440K), 0.0076688 secs] 557166K->8654K(2029056K), 0.0077279 secs] [Times: user=0.00 sys=0.00, real=0.01 secs] 
2020-09-29T13:08:48.761+0200: 19.864: [GC (Allocation Failure) 2020-09-29T13:08:48.761+0200: 19.864: [ParNew: 553608K->7375K(613440K), 0.0066792 secs] 553998K->7765K(2029056K), 0.0067504 secs] [Times: user=0.00 sys=0.00, real=0.01 secs] 
2020-09-29T13:08:48.844+0200: 19.946: [GC (Allocation Failure) 2020-09-29T13:08:48.844+0200: 19.946: [ParNew: 552719K->5828K(613440K), 0.0053616 secs] 553109K->6219K(2029056K), 0.0054366 secs] [Times: user=0.13 sys=0.00, real=0.00 secs] 
2020-09-29T13:08:48.939+0200: 20.042: [GC (Allocation Failure) 2020-09-29T13:08:48.939+0200: 20.042: [ParNew: 551172K->168K(613440K), 0.0024919 secs] 551563K->558K(2029056K), 0.0025446 secs] [Times: user=0.00 sys=0.00, real=0.00 secs] 
2020-09-29T13:08:49.028+0200: 20.131: [GC (Allocation Failure) 2020-09-29T13:08:49.028+0200: 20.131: [ParNew: 545512K->12331K(613440K), 0.0108584 secs] 545902K->12721K(2029056K), 0.0109320 secs] [Times: user=0.13 sys=0.00, real=0.01 secs] 
2020-09-29T13:08:49.117+0200: 20.220: [GC (Allocation Failure) 2020-09-29T13:08:49.117+0200: 20.220: [ParNew: 557675K->17399K(613440K), 0.0098512 secs] 558065K->17789K(2029056K), 0.0099080 secs] [Times: user=0.00 sys=0.00, real=0.01 secs] 
2020-09-29T13:08:49.207+0200: 20.310: [GC (Allocation Failure) 2020-09-29T13:08:49.207+0200: 20.310: [ParNew: 562743K->12126K(613440K), 0.0087879 secs] 563133K->12516K(2029056K), 0.0088577 secs] [Times: user=0.13 sys=0.00, real=0.01 secs] 
2020-09-29T13:08:49.295+0200: 20.398: [GC (Allocation Failure) 2020-09-29T13:08:49.295+0200: 20.398: [ParNew: 557470K->8156K(613440K), 0.0078938 secs] 557860K->8547K(2029056K), 0.0079512 secs] [Times: user=0.13 sys=0.00, real=0.01 secs] 
2020-09-29T13:08:49.380+0200: 20.483: [GC (Allocation Failure) 2020-09-29T13:08:49.380+0200: 20.483: [ParNew: 553500K->7129K(613440K), 0.0062712 secs] 553891K->7520K(2029056K), 0.0063251 secs] [Times: user=0.00 sys=0.00, real=0.01 secs] 
2020-09-29T13:08:49.467+0200: 20.569: [GC (Allocation Failure) 2020-09-29T13:08:49.467+0200: 20.569: [ParNew: 552473K->4294K(613440K), 0.0051088 secs] 552864K->4684K(2029056K), 0.0051603 secs] [Times: user=0.00 sys=0.00, real=0.00 secs] 
2020-09-29T13:08:49.550+0200: 20.652: [GC (Allocation Failure) 2020-09-29T13:08:49.550+0200: 20.652: [ParNew: 549638K->90K(613440K), 0.0017787 secs] 550028K->480K(2029056K), 0.0018291 secs] [Times: user=0.13 sys=0.00, real=0.00 secs] 
2020-09-29T13:08:49.637+0200: 20.739: [GC (Allocation Failure) 2020-09-29T13:08:49.637+0200: 20.739: [ParNew: 545434K->11824K(613440K), 0.0108387 secs] 545824K->12214K(2029056K), 0.0109002 secs] [Times: user=0.13 sys=0.00, real=0.01 secs] 
2020-09-29T13:08:49.724+0200: 20.827: [GC (Allocation Failure) 2020-09-29T13:08:49.724+0200: 20.827: [ParNew: 557168K->16637K(613440K), 0.0093889 secs] 557558K->17027K(2029056K), 0.0094630 secs] [Times: user=0.00 sys=0.00, real=0.01 secs] 
2020-09-29T13:08:49.812+0200: 20.915: [GC (Allocation Failure) 2020-09-29T13:08:49.812+0200: 20.915: [ParNew: 561981K->11610K(613440K), 0.0084781 secs] 562371K->12000K(2029056K), 0.0085338 secs] [Times: user=0.13 sys=0.00, real=0.01 secs] 
2020-09-29T13:08:49.898+0200: 21.000: [GC (Allocation Failure) 2020-09-29T13:08:49.898+0200: 21.001: [ParNew: 556954K->7916K(613440K), 0.0073611 secs] 557344K->8306K(2029056K), 0.0074285 secs] [Times: user=0.00 sys=0.00, real=0.01 secs] 
2020-09-29T13:08:49.982+0200: 21.085: [GC (Allocation Failure) 2020-09-29T13:08:49.982+0200: 21.085: [ParNew: 553260K->7037K(613440K), 0.0066442 secs] 553650K->7427K(2029056K), 0.0066987 secs] [Times: user=0.02 sys=0.06, real=0.01 secs] 
2020-09-29T13:08:50.065+0200: 21.167: [GC (Allocation Failure) 2020-09-29T13:08:50.065+0200: 21.167: [ParNew: 552381K->5533K(613440K), 0.0056588 secs] 552771K->5923K(2029056K), 0.0057125 secs] [Times: user=0.13 sys=0.00, real=0.01 secs] 
2020-09-29T13:08:50.148+0200: 21.251: [GC (Allocation Failure) 2020-09-29T13:08:50.148+0200: 21.251: [ParNew: 550877K->184K(613440K), 0.0017739 secs] 551267K->574K(2029056K), 0.0018235 secs] [Times: user=0.00 sys=0.00, real=0.00 secs] 
2020-09-29T13:08:50.226+0200: 21.328: [GC (Allocation Failure) 2020-09-29T13:08:50.226+0200: 21.328: [ParNew: 545528K->12271K(613440K), 0.0110260 secs] 545918K->12661K(2029056K), 0.0110800 secs] [Times: user=0.00 sys=0.00, real=0.01 secs] 
2020-09-29T13:08:50.314+0200: 21.416: [GC (Allocation Failure) 2020-09-29T13:08:50.314+0200: 21.416: [ParNew: 557615K->16392K(613440K), 0.0093583 secs] 558005K->16782K(2029056K), 0.0094268 secs] [Times: user=0.13 sys=0.00, real=0.01 secs] 
2020-09-29T13:08:50.400+0200: 21.503: [GC (Allocation Failure) 2020-09-29T13:08:50.400+0200: 21.503: [ParNew: 561736K->11903K(613440K), 0.0086472 secs] 562126K->12294K(2029056K), 0.0087017 secs] [Times: user=0.00 sys=0.00, real=0.01 secs] 
2020-09-29T13:08:50.486+0200: 21.588: [GC (Allocation Failure) 2020-09-29T13:08:50.486+0200: 21.588: [ParNew: 557247K->7768K(613440K), 0.0073510 secs] 557638K->8158K(2029056K), 0.0074056 secs] [Times: user=0.13 sys=0.00, real=0.01 secs] 
2020-09-29T13:08:50.574+0200: 21.676: [GC (Allocation Failure) 2020-09-29T13:08:50.574+0200: 21.676: [ParNew: 553112K->5466K(613440K), 0.0065697 secs] 553502K->5857K(2029056K), 0.0066197 secs] [Times: user=0.00 sys=0.00, real=0.01 secs] 
2020-09-29T13:08:50.665+0200: 21.767: [GC (Allocation Failure) 2020-09-29T13:08:50.665+0200: 21.767: [ParNew: 550810K->5037K(613440K), 0.0047341 secs] 551201K->5427K(2029056K), 0.0047899 secs] [Times: user=0.00 sys=0.00, real=0.01 secs] 
2020-09-29T13:08:50.746+0200: 21.849: [GC (Allocation Failure) 2020-09-29T13:08:50.746+0200: 21.849: [ParNew: 550381K->101K(613440K), 0.0016567 secs] 550771K->491K(2029056K), 0.0017051 secs] [Times: user=0.00 sys=0.00, real=0.00 secs] 
2020-09-29T13:08:50.825+0200: 21.927: [GC (Allocation Failure) 2020-09-29T13:08:50.825+0200: 21.927: [ParNew: 545445K->12116K(613440K), 0.0109105 secs] 545835K->12506K(2029056K), 0.0109690 secs] [Times: user=0.13 sys=0.00, real=0.01 secs] 
Heap
 par new generation   total 613440K, used 546025K [0x0000000080000000, 0x00000000a9990000, 0x00000000a9990000)
  eden space 545344K,  97% used [0x0000000080000000, 0x00000000a0965330, 0x00000000a1490000)
  from space 68096K,  17% used [0x00000000a1490000, 0x00000000a20650d0, 0x00000000a5710000)
  to   space 68096K,   0% used [0x00000000a5710000, 0x00000000a5710000, 0x00000000a9990000)
 concurrent mark-sweep generation total 1415616K, used 390K [0x00000000a9990000, 0x0000000100000000, 0x0000000100000000)
 Metaspace       used 2593K, capacity 4486K, committed 4864K, reserved 1056768K
  class space    used 285K, capacity 386K, committed 512K, reserved 1048576K
