Java HotSpot(TM) 64-Bit Server VM (25.261-b12) for windows-amd64 JRE (1.8.0_261-b12), built on Jun 18 2020 06:56:32 by "" with unknown MS VC++:1916
Memory: 4k page, physical 16659684k(8924996k free), swap 23213284k(7913252k free)
CommandLine flags: -XX:InitialHeapSize=2147483648 -XX:MaxHeapSize=2147483648 -XX:MaxNewSize=697933824 -XX:MaxTenuringThreshold=6 -XX:NewSize=697933824 -XX:OldPLABSize=16 -XX:OldSize=1395867648 -XX:+PrintGC -XX:+PrintGCDateStamps -XX:+PrintGCDetails -XX:+PrintGCTimeStamps -XX:+UseCompressedClassPointers -XX:+UseCompressedOops -XX:+UseConcMarkSweepGC -XX:-UseLargePagesIndividualAllocation -XX:+UseParNewGC 
2020-09-29T13:06:58.311+0200: 0.430: [GC (Allocation Failure) 2020-09-29T13:06:58.311+0200: 0.430: [ParNew: 545344K->4408K(613440K), 0.0173024 secs] 545344K->4408K(2029056K), 0.0174409 secs] [Times: user=0.00 sys=0.00, real=0.02 secs] 
2020-09-29T13:06:58.430+0200: 0.550: [GC (Allocation Failure) 2020-09-29T13:06:58.430+0200: 0.550: [ParNew: 549752K->4302K(613440K), 0.0066834 secs] 549752K->4302K(2029056K), 0.0067387 secs] [Times: user=0.00 sys=0.00, real=0.01 secs] 
2020-09-29T13:06:58.529+0200: 0.649: [GC (Allocation Failure) 2020-09-29T13:06:58.529+0200: 0.649: [ParNew: 549646K->1069K(613440K), 0.0019962 secs] 549646K->1069K(2029056K), 0.0020544 secs] [Times: user=0.00 sys=0.00, real=0.00 secs] 
2020-09-29T13:06:58.631+0200: 0.751: [GC (Allocation Failure) 2020-09-29T13:06:58.631+0200: 0.751: [ParNew: 546413K->12621K(613440K), 0.0149958 secs] 546413K->12621K(2029056K), 0.0150564 secs] [Times: user=0.13 sys=0.00, real=0.01 secs] 
2020-09-29T13:06:58.741+0200: 0.861: [GC (Allocation Failure) 2020-09-29T13:06:58.741+0200: 0.861: [ParNew: 557965K->15885K(613440K), 0.0117952 secs] 557965K->15885K(2029056K), 0.0118495 secs] [Times: user=0.00 sys=0.00, real=0.01 secs] 
2020-09-29T13:06:58.845+0200: 0.965: [GC (Allocation Failure) 2020-09-29T13:06:58.845+0200: 0.965: [ParNew: 561229K->11769K(613440K), 0.0092486 secs] 561229K->11769K(2029056K), 0.0093032 secs] [Times: user=0.13 sys=0.00, real=0.01 secs] 
2020-09-29T13:06:58.940+0200: 1.060: [GC (Allocation Failure) 2020-09-29T13:06:58.940+0200: 1.060: [ParNew: 557113K->9595K(613440K), 0.0093258 secs] 557113K->9985K(2029056K), 0.0093811 secs] [Times: user=0.05 sys=0.00, real=0.01 secs] 
2020-09-29T13:06:59.038+0200: 1.157: [GC (Allocation Failure) 2020-09-29T13:06:59.038+0200: 1.157: [ParNew: 554939K->7665K(613440K), 0.0071031 secs] 555329K->8055K(2029056K), 0.0071590 secs] [Times: user=0.00 sys=0.00, real=0.01 secs] 
2020-09-29T13:06:59.130+0200: 1.249: [GC (Allocation Failure) 2020-09-29T13:06:59.130+0200: 1.249: [ParNew: 553009K->4628K(613440K), 0.0055069 secs] 553399K->5018K(2029056K), 0.0055623 secs] [Times: user=0.00 sys=0.00, real=0.00 secs] 
2020-09-29T13:06:59.219+0200: 1.338: [GC (Allocation Failure) 2020-09-29T13:06:59.219+0200: 1.338: [ParNew: 549972K->147K(613440K), 0.0015782 secs] 550362K->537K(2029056K), 0.0016283 secs] [Times: user=0.00 sys=0.00, real=0.00 secs] 
2020-09-29T13:06:59.303+0200: 1.423: [GC (Allocation Failure) 2020-09-29T13:06:59.303+0200: 1.423: [ParNew: 545491K->12189K(613440K), 0.0111511 secs] 545881K->12579K(2029056K), 0.0112039 secs] [Times: user=0.00 sys=0.00, real=0.01 secs] 
2020-09-29T13:06:59.399+0200: 1.519: [GC (Allocation Failure) 2020-09-29T13:06:59.400+0200: 1.519: [ParNew: 557533K->16331K(613440K), 0.0098741 secs] 557923K->16722K(2029056K), 0.0099664 secs] [Times: user=0.00 sys=0.00, real=0.01 secs] 
2020-09-29T13:06:59.496+0200: 1.616: [GC (Allocation Failure) 2020-09-29T13:06:59.497+0200: 1.616: [ParNew: 561675K->12231K(613440K), 0.0089684 secs] 562066K->12621K(2029056K), 0.0090439 secs] [Times: user=0.11 sys=0.00, real=0.01 secs] 
2020-09-29T13:06:59.594+0200: 1.713: [GC (Allocation Failure) 2020-09-29T13:06:59.594+0200: 1.713: [ParNew: 557575K->8411K(613440K), 0.0084881 secs] 557965K->8801K(2029056K), 0.0085464 secs] [Times: user=0.13 sys=0.00, real=0.01 secs] 
2020-09-29T13:06:59.690+0200: 1.810: [GC (Allocation Failure) 2020-09-29T13:06:59.690+0200: 1.810: [ParNew: 553755K->7464K(613440K), 0.0067862 secs] 554145K->7854K(2029056K), 0.0068863 secs] [Times: user=0.13 sys=0.00, real=0.01 secs] 
2020-09-29T13:06:59.800+0200: 1.919: [GC (Allocation Failure) 2020-09-29T13:06:59.800+0200: 1.919: [ParNew: 552808K->5985K(613440K), 0.0071012 secs] 553198K->6376K(2029056K), 0.0071640 secs] [Times: user=0.13 sys=0.00, real=0.01 secs] 
2020-09-29T13:06:59.896+0200: 2.016: [GC (Allocation Failure) 2020-09-29T13:06:59.896+0200: 2.016: [ParNew: 550697K->220K(613440K), 0.0022496 secs] 551088K->610K(2029056K), 0.0023033 secs] [Times: user=0.00 sys=0.00, real=0.00 secs] 
2020-09-29T13:06:59.983+0200: 2.103: [GC (Allocation Failure) 2020-09-29T13:06:59.983+0200: 2.103: [ParNew: 545564K->11964K(613440K), 0.0107553 secs] 545954K->12354K(2029056K), 0.0108126 secs] [Times: user=0.13 sys=0.00, real=0.01 secs] 
2020-09-29T13:07:00.097+0200: 2.217: [GC (Allocation Failure) 2020-09-29T13:07:00.097+0200: 2.217: [ParNew: 557308K->15987K(613440K), 0.0109243 secs] 557698K->16377K(2029056K), 0.0109831 secs] [Times: user=0.13 sys=0.00, real=0.01 secs] 
2020-09-29T13:07:00.194+0200: 2.314: [GC (Allocation Failure) 2020-09-29T13:07:00.194+0200: 2.314: [ParNew: 561331K->11920K(613440K), 0.0092102 secs] 561721K->12310K(2029056K), 0.0092649 secs] [Times: user=0.00 sys=0.00, real=0.01 secs] 
2020-09-29T13:07:00.288+0200: 2.408: [GC (Allocation Failure) 2020-09-29T13:07:00.289+0200: 2.408: [ParNew: 557264K->8094K(613440K), 0.0076014 secs] 557654K->8484K(2029056K), 0.0076659 secs] [Times: user=0.00 sys=0.00, real=0.01 secs] 
2020-09-29T13:07:00.380+0200: 2.500: [GC (Allocation Failure) 2020-09-29T13:07:00.380+0200: 2.500: [ParNew: 553438K->7105K(613440K), 0.0067052 secs] 553828K->7495K(2029056K), 0.0067749 secs] [Times: user=0.00 sys=0.00, real=0.01 secs] 
2020-09-29T13:07:00.471+0200: 2.590: [GC (Allocation Failure) 2020-09-29T13:07:00.471+0200: 2.590: [ParNew: 552449K->5596K(613440K), 0.0053771 secs] 552839K->5987K(2029056K), 0.0054293 secs] [Times: user=0.13 sys=0.00, real=0.01 secs] 
2020-09-29T13:07:00.559+0200: 2.679: [GC (Allocation Failure) 2020-09-29T13:07:00.559+0200: 2.679: [ParNew: 550940K->151K(613440K), 0.0015921 secs] 551331K->541K(2029056K), 0.0016460 secs] [Times: user=0.00 sys=0.00, real=0.00 secs] 
2020-09-29T13:07:00.650+0200: 2.770: [GC (Allocation Failure) 2020-09-29T13:07:00.650+0200: 2.770: [ParNew: 545495K->12293K(613440K), 0.0114128 secs] 545885K->12683K(2029056K), 0.0114685 secs] [Times: user=0.13 sys=0.00, real=0.01 secs] 
2020-09-29T13:07:00.745+0200: 2.865: [GC (Allocation Failure) 2020-09-29T13:07:00.745+0200: 2.865: [ParNew: 557637K->16336K(613440K), 0.0102935 secs] 558027K->16726K(2029056K), 0.0103487 secs] [Times: user=0.13 sys=0.00, real=0.01 secs] 
2020-09-29T13:07:00.841+0200: 2.961: [GC (Allocation Failure) 2020-09-29T13:07:00.841+0200: 2.961: [ParNew: 561680K->12228K(613440K), 0.0092086 secs] 562070K->12618K(2029056K), 0.0092649 secs] [Times: user=0.13 sys=0.00, real=0.01 secs] 
2020-09-29T13:07:00.935+0200: 3.055: [GC (Allocation Failure) 2020-09-29T13:07:00.935+0200: 3.055: [ParNew: 557572K->8526K(613440K), 0.0081367 secs] 557962K->8916K(2029056K), 0.0081901 secs] [Times: user=0.13 sys=0.00, real=0.01 secs] 
2020-09-29T13:07:01.029+0200: 3.149: [GC (Allocation Failure) 2020-09-29T13:07:01.029+0200: 3.149: [ParNew: 553870K->7605K(613440K), 0.0069698 secs] 554260K->7995K(2029056K), 0.0070209 secs] [Times: user=0.11 sys=0.00, real=0.01 secs] 
2020-09-29T13:07:01.121+0200: 3.241: [GC (Allocation Failure) 2020-09-29T13:07:01.121+0200: 3.241: [ParNew: 552949K->4556K(613440K), 0.0055668 secs] 553339K->4946K(2029056K), 0.0056227 secs] [Times: user=0.00 sys=0.00, real=0.01 secs] 
2020-09-29T13:07:01.211+0200: 3.331: [GC (Allocation Failure) 2020-09-29T13:07:01.211+0200: 3.331: [ParNew: 549900K->138K(613440K), 0.0016276 secs] 550290K->529K(2029056K), 0.0016756 secs] [Times: user=0.00 sys=0.00, real=0.00 secs] 
2020-09-29T13:07:01.295+0200: 3.415: [GC (Allocation Failure) 2020-09-29T13:07:01.295+0200: 3.415: [ParNew: 545482K->12202K(613440K), 0.0111355 secs] 545873K->12592K(2029056K), 0.0111938 secs] [Times: user=0.13 sys=0.00, real=0.01 secs] 
2020-09-29T13:07:01.394+0200: 3.514: [GC (Allocation Failure) 2020-09-29T13:07:01.394+0200: 3.514: [ParNew: 557546K->16341K(613440K), 0.0103021 secs] 557936K->16731K(2029056K), 0.0103566 secs] [Times: user=0.11 sys=0.00, real=0.01 secs] 
2020-09-29T13:07:01.487+0200: 3.607: [GC (Allocation Failure) 2020-09-29T13:07:01.487+0200: 3.607: [ParNew: 561685K->12230K(613440K), 0.0087735 secs] 562075K->12620K(2029056K), 0.0088730 secs] [Times: user=0.13 sys=0.00, real=0.01 secs] 
2020-09-29T13:07:01.582+0200: 3.702: [GC (Allocation Failure) 2020-09-29T13:07:01.582+0200: 3.702: [ParNew: 557574K->8405K(613440K), 0.0083040 secs] 557964K->8796K(2029056K), 0.0083601 secs] [Times: user=0.00 sys=0.00, real=0.01 secs] 
2020-09-29T13:07:01.681+0200: 3.801: [GC (Allocation Failure) 2020-09-29T13:07:01.681+0200: 3.801: [ParNew: 553749K->7436K(613440K), 0.0072010 secs] 554140K->7826K(2029056K), 0.0072656 secs] [Times: user=0.00 sys=0.00, real=0.01 secs] 
2020-09-29T13:07:01.772+0200: 3.892: [GC (Allocation Failure) 2020-09-29T13:07:01.772+0200: 3.892: [ParNew: 552780K->4531K(613440K), 0.0054364 secs] 553170K->4922K(2029056K), 0.0054918 secs] [Times: user=0.00 sys=0.00, real=0.00 secs] 
2020-09-29T13:07:01.860+0200: 3.980: [GC (Allocation Failure) 2020-09-29T13:07:01.860+0200: 3.980: [ParNew: 549875K->136K(613440K), 0.0013916 secs] 550266K->526K(2029056K), 0.0014484 secs] [Times: user=0.00 sys=0.00, real=0.00 secs] 
2020-09-29T13:07:01.944+0200: 4.064: [GC (Allocation Failure) 2020-09-29T13:07:01.944+0200: 4.064: [ParNew: 545480K->12196K(613440K), 0.0111318 secs] 545870K->12586K(2029056K), 0.0112000 secs] [Times: user=0.00 sys=0.00, real=0.01 secs] 
2020-09-29T13:07:02.040+0200: 4.160: [GC (Allocation Failure) 2020-09-29T13:07:02.040+0200: 4.160: [ParNew: 557540K->15384K(613440K), 0.0108364 secs] 557930K->15774K(2029056K), 0.0109064 secs] [Times: user=0.00 sys=0.00, real=0.01 secs] 
2020-09-29T13:07:02.139+0200: 4.259: [GC (Allocation Failure) 2020-09-29T13:07:02.139+0200: 4.259: [ParNew: 560728K->9971K(613440K), 0.0084036 secs] 561118K->10361K(2029056K), 0.0084581 secs] [Times: user=0.13 sys=0.00, real=0.01 secs] 
2020-09-29T13:07:02.233+0200: 4.354: [GC (Allocation Failure) 2020-09-29T13:07:02.234+0200: 4.354: [ParNew: 555315K->8527K(613440K), 0.0075301 secs] 555705K->8918K(2029056K), 0.0075909 secs] [Times: user=0.13 sys=0.00, real=0.01 secs] 
2020-09-29T13:07:02.325+0200: 4.445: [GC (Allocation Failure) 2020-09-29T13:07:02.325+0200: 4.445: [ParNew: 553871K->6827K(613440K), 0.0066008 secs] 554262K->7217K(2029056K), 0.0066554 secs] [Times: user=0.00 sys=0.02, real=0.01 secs] 
2020-09-29T13:07:02.416+0200: 4.536: [GC (Allocation Failure) 2020-09-29T13:07:02.416+0200: 4.536: [ParNew: 552171K->4127K(613440K), 0.0049699 secs] 552561K->4517K(2029056K), 0.0050213 secs] [Times: user=0.00 sys=0.00, real=0.01 secs] 
2020-09-29T13:07:02.506+0200: 4.626: [GC (Allocation Failure) 2020-09-29T13:07:02.506+0200: 4.626: [ParNew: 549471K->72K(613440K), 0.0013940 secs] 549861K->462K(2029056K), 0.0014438 secs] [Times: user=0.00 sys=0.00, real=0.00 secs] 
2020-09-29T13:07:02.592+0200: 4.712: [GC (Allocation Failure) 2020-09-29T13:07:02.592+0200: 4.712: [ParNew: 545416K->12097K(613440K), 0.0120329 secs] 545806K->12487K(2029056K), 0.0121045 secs] [Times: user=0.13 sys=0.00, real=0.01 secs] 
2020-09-29T13:07:02.688+0200: 4.809: [GC (Allocation Failure) 2020-09-29T13:07:02.689+0200: 4.809: [ParNew: 557441K->16170K(613440K), 0.0100144 secs] 557831K->16560K(2029056K), 0.0100811 secs] [Times: user=0.13 sys=0.00, real=0.01 secs] 
2020-09-29T13:07:02.781+0200: 4.901: [GC (Allocation Failure) 2020-09-29T13:07:02.781+0200: 4.901: [ParNew: 561514K->12047K(613440K), 0.0086833 secs] 561904K->12437K(2029056K), 0.0087458 secs] [Times: user=0.13 sys=0.00, real=0.01 secs] 
2020-09-29T13:07:02.872+0200: 4.992: [GC (Allocation Failure) 2020-09-29T13:07:02.872+0200: 4.992: [ParNew: 557391K->8016K(613440K), 0.0074462 secs] 557781K->8406K(2029056K), 0.0075219 secs] [Times: user=0.13 sys=0.00, real=0.01 secs] 
2020-09-29T13:07:02.965+0200: 5.085: [GC (Allocation Failure) 2020-09-29T13:07:02.965+0200: 5.085: [ParNew: 553360K->6733K(613440K), 0.0064364 secs] 553750K->7123K(2029056K), 0.0064930 secs] [Times: user=0.00 sys=0.00, real=0.01 secs] 
2020-09-29T13:07:03.055+0200: 5.174: [GC (Allocation Failure) 2020-09-29T13:07:03.055+0200: 5.174: [ParNew: 550178K->273K(613440K), 0.0014490 secs] 550569K->664K(2029056K), 0.0015014 secs] [Times: user=0.00 sys=0.00, real=0.00 secs] 
2020-09-29T13:07:03.142+0200: 5.262: [GC (Allocation Failure) 2020-09-29T13:07:03.142+0200: 5.262: [ParNew: 545617K->12225K(613440K), 0.0112477 secs] 546008K->12616K(2029056K), 0.0113041 secs] [Times: user=0.13 sys=0.00, real=0.01 secs] 
2020-09-29T13:07:03.235+0200: 5.356: [GC (Allocation Failure) 2020-09-29T13:07:03.235+0200: 5.356: [ParNew: 557569K->16240K(613440K), 0.0106519 secs] 557960K->16630K(2029056K), 0.0107059 secs] [Times: user=0.13 sys=0.00, real=0.01 secs] 
2020-09-29T13:07:03.328+0200: 5.448: [GC (Allocation Failure) 2020-09-29T13:07:03.328+0200: 5.448: [ParNew: 561584K->12063K(613440K), 0.0088251 secs] 561974K->12454K(2029056K), 0.0088970 secs] [Times: user=0.13 sys=0.00, real=0.01 secs] 
2020-09-29T13:07:03.420+0200: 5.540: [GC (Allocation Failure) 2020-09-29T13:07:03.420+0200: 5.540: [ParNew: 557407K->8264K(613440K), 0.0076414 secs] 557798K->8654K(2029056K), 0.0077000 secs] [Times: user=0.13 sys=0.00, real=0.01 secs] 
2020-09-29T13:07:03.509+0200: 5.629: [GC (Allocation Failure) 2020-09-29T13:07:03.509+0200: 5.629: [ParNew: 553608K->7375K(613440K), 0.0068437 secs] 553998K->7765K(2029056K), 0.0068984 secs] [Times: user=0.00 sys=0.00, real=0.01 secs] 
2020-09-29T13:07:03.605+0200: 5.724: [GC (Allocation Failure) 2020-09-29T13:07:03.605+0200: 5.724: [ParNew: 552719K->5828K(613440K), 0.0061550 secs] 553109K->6219K(2029056K), 0.0062121 secs] [Times: user=0.00 sys=0.00, real=0.01 secs] 
2020-09-29T13:07:03.695+0200: 5.814: [GC (Allocation Failure) 2020-09-29T13:07:03.695+0200: 5.814: [ParNew: 551172K->168K(613440K), 0.0014110 secs] 551563K->558K(2029056K), 0.0014621 secs] [Times: user=0.00 sys=0.00, real=0.00 secs] 
2020-09-29T13:07:03.780+0200: 5.899: [GC (Allocation Failure) 2020-09-29T13:07:03.780+0200: 5.899: [ParNew: 545512K->12373K(613440K), 0.0112647 secs] 545902K->12763K(2029056K), 0.0113209 secs] [Times: user=0.13 sys=0.00, real=0.01 secs] 
2020-09-29T13:07:03.877+0200: 5.996: [GC (Allocation Failure) 2020-09-29T13:07:03.877+0200: 5.996: [ParNew: 557717K->15468K(613440K), 0.0101157 secs] 558107K->15859K(2029056K), 0.0101696 secs] [Times: user=0.13 sys=0.00, real=0.01 secs] 
2020-09-29T13:07:03.974+0200: 6.093: [GC (Allocation Failure) 2020-09-29T13:07:03.974+0200: 6.093: [ParNew: 560812K->10195K(613440K), 0.0089050 secs] 561203K->10586K(2029056K), 0.0089580 secs] [Times: user=0.00 sys=0.00, real=0.01 secs] 
2020-09-29T13:07:04.068+0200: 6.188: [GC (Allocation Failure) 2020-09-29T13:07:04.068+0200: 6.188: [ParNew: 555539K->8945K(613440K), 0.0080791 secs] 555930K->9336K(2029056K), 0.0081340 secs] [Times: user=0.00 sys=0.00, real=0.01 secs] 
2020-09-29T13:07:04.162+0200: 6.282: [GC (Allocation Failure) 2020-09-29T13:07:04.162+0200: 6.282: [ParNew: 554289K->7327K(613440K), 0.0071153 secs] 554680K->7717K(2029056K), 0.0071684 secs] [Times: user=0.00 sys=0.00, real=0.01 secs] 
2020-09-29T13:07:04.255+0200: 6.374: [GC (Allocation Failure) 2020-09-29T13:07:04.255+0200: 6.374: [ParNew: 552671K->4344K(613440K), 0.0054000 secs] 553061K->4734K(2029056K), 0.0054524 secs] [Times: user=0.00 sys=0.00, real=0.00 secs] 
2020-09-29T13:07:04.345+0200: 6.465: [GC (Allocation Failure) 2020-09-29T13:07:04.345+0200: 6.465: [ParNew: 549688K->92K(613440K), 0.0016032 secs] 550078K->482K(2029056K), 0.0016531 secs] [Times: user=0.00 sys=0.00, real=0.00 secs] 
2020-09-29T13:07:04.431+0200: 6.551: [GC (Allocation Failure) 2020-09-29T13:07:04.432+0200: 6.551: [ParNew: 545436K->11784K(613440K), 0.0107802 secs] 545826K->12174K(2029056K), 0.0108364 secs] [Times: user=0.13 sys=0.00, real=0.01 secs] 
2020-09-29T13:07:04.524+0200: 6.644: [GC (Allocation Failure) 2020-09-29T13:07:04.524+0200: 6.644: [ParNew: 557128K->14803K(613440K), 0.0095639 secs] 557518K->15193K(2029056K), 0.0096202 secs] [Times: user=0.00 sys=0.00, real=0.01 secs] 
2020-09-29T13:07:04.623+0200: 6.743: [GC (Allocation Failure) 2020-09-29T13:07:04.624+0200: 6.743: [ParNew: 560147K->9775K(613440K), 0.0091518 secs] 560537K->10165K(2029056K), 0.0092126 secs] [Times: user=0.13 sys=0.00, real=0.01 secs] 
2020-09-29T13:07:04.718+0200: 6.838: [GC (Allocation Failure) 2020-09-29T13:07:04.718+0200: 6.838: [ParNew: 555119K->8665K(613440K), 0.0079937 secs] 555509K->9055K(2029056K), 0.0080489 secs] [Times: user=0.13 sys=0.00, real=0.01 secs] 
2020-09-29T13:07:04.811+0200: 6.931: [GC (Allocation Failure) 2020-09-29T13:07:04.811+0200: 6.931: [ParNew: 554009K->7224K(613440K), 0.0068563 secs] 554399K->7615K(2029056K), 0.0069112 secs] [Times: user=0.13 sys=0.00, real=0.01 secs] 
2020-09-29T13:07:04.901+0200: 7.021: [GC (Allocation Failure) 2020-09-29T13:07:04.901+0200: 7.021: [ParNew: 552568K->4425K(613440K), 0.0057111 secs] 552959K->4815K(2029056K), 0.0057659 secs] [Times: user=0.00 sys=0.00, real=0.01 secs] 
2020-09-29T13:07:04.992+0200: 7.112: [GC (Allocation Failure) 2020-09-29T13:07:04.992+0200: 7.112: [ParNew: 549769K->222K(613440K), 0.0016959 secs] 550159K->612K(2029056K), 0.0017460 secs] [Times: user=0.00 sys=0.00, real=0.00 secs] 
2020-09-29T13:07:05.079+0200: 7.199: [GC (Allocation Failure) 2020-09-29T13:07:05.079+0200: 7.199: [ParNew: 545566K->12334K(613440K), 0.0108210 secs] 545956K->12724K(2029056K), 0.0108764 secs] [Times: user=0.13 sys=0.00, real=0.01 secs] 
2020-09-29T13:07:05.178+0200: 7.298: [GC (Allocation Failure) 2020-09-29T13:07:05.178+0200: 7.298: [ParNew: 557678K->15462K(613440K), 0.0097225 secs] 558068K->15852K(2029056K), 0.0098112 secs] [Times: user=0.00 sys=0.00, real=0.01 secs] 
2020-09-29T13:07:05.269+0200: 7.389: [GC (Allocation Failure) 2020-09-29T13:07:05.269+0200: 7.389: [ParNew: 560806K->9983K(613440K), 0.0085368 secs] 561196K->10373K(2029056K), 0.0085926 secs] [Times: user=0.13 sys=0.00, real=0.01 secs] 
2020-09-29T13:07:05.375+0200: 7.495: [GC (Allocation Failure) 2020-09-29T13:07:05.375+0200: 7.495: [ParNew: 555327K->8531K(613440K), 0.0084267 secs] 555717K->8922K(2029056K), 0.0084936 secs] [Times: user=0.13 sys=0.00, real=0.01 secs] 
2020-09-29T13:07:05.468+0200: 7.588: [GC (Allocation Failure) 2020-09-29T13:07:05.468+0200: 7.588: [ParNew: 553875K->6829K(613440K), 0.0063774 secs] 554266K->7219K(2029056K), 0.0064261 secs] [Times: user=0.13 sys=0.00, real=0.01 secs] 
2020-09-29T13:07:05.559+0200: 7.679: [GC (Allocation Failure) 2020-09-29T13:07:05.559+0200: 7.679: [ParNew: 552173K->4128K(613440K), 0.0047901 secs] 552563K->4518K(2029056K), 0.0048457 secs] [Times: user=0.00 sys=0.00, real=0.00 secs] 
2020-09-29T13:07:05.647+0200: 7.767: [GC (Allocation Failure) 2020-09-29T13:07:05.647+0200: 7.767: [ParNew: 549472K->72K(613440K), 0.0018374 secs] 549862K->462K(2029056K), 0.0018868 secs] [Times: user=0.00 sys=0.00, real=0.00 secs] 
2020-09-29T13:07:05.731+0200: 7.851: [GC (Allocation Failure) 2020-09-29T13:07:05.731+0200: 7.851: [ParNew: 545416K->12101K(613440K), 0.0111053 secs] 545806K->12491K(2029056K), 0.0111621 secs] [Times: user=0.13 sys=0.00, real=0.01 secs] 
2020-09-29T13:07:05.826+0200: 7.947: [GC (Allocation Failure) 2020-09-29T13:07:05.826+0200: 7.947: [ParNew: 557445K->16171K(613440K), 0.0098831 secs] 557835K->16561K(2029056K), 0.0099401 secs] [Times: user=0.13 sys=0.00, real=0.01 secs] 
2020-09-29T13:07:05.921+0200: 8.041: [GC (Allocation Failure) 2020-09-29T13:07:05.921+0200: 8.041: [ParNew: 561515K->12048K(613440K), 0.0089795 secs] 561905K->12438K(2029056K), 0.0090339 secs] [Times: user=0.13 sys=0.00, real=0.01 secs] 
2020-09-29T13:07:06.014+0200: 8.134: [GC (Allocation Failure) 2020-09-29T13:07:06.014+0200: 8.134: [ParNew: 557392K->8017K(613440K), 0.0073387 secs] 557782K->8407K(2029056K), 0.0074117 secs] [Times: user=0.13 sys=0.00, real=0.01 secs] 
2020-09-29T13:07:06.106+0200: 8.226: [GC (Allocation Failure) 2020-09-29T13:07:06.106+0200: 8.226: [ParNew: 553361K->6734K(613440K), 0.0061955 secs] 553751K->7124K(2029056K), 0.0062563 secs] [Times: user=0.00 sys=0.00, real=0.01 secs] 
2020-09-29T13:07:06.197+0200: 8.317: [GC (Allocation Failure) 2020-09-29T13:07:06.197+0200: 8.317: [ParNew: 550178K->273K(613440K), 0.0014337 secs] 550569K->664K(2029056K), 0.0014819 secs] [Times: user=0.00 sys=0.00, real=0.00 secs] 
2020-09-29T13:07:06.284+0200: 8.403: [GC (Allocation Failure) 2020-09-29T13:07:06.284+0200: 8.403: [ParNew: 545617K->12294K(613440K), 0.0110001 secs] 546008K->12684K(2029056K), 0.0110862 secs] [Times: user=0.13 sys=0.00, real=0.01 secs] 
2020-09-29T13:07:06.380+0200: 8.499: [GC (Allocation Failure) 2020-09-29T13:07:06.380+0200: 8.499: [ParNew: 557638K->16240K(613440K), 0.0100644 secs] 558028K->16630K(2029056K), 0.0101177 secs] [Times: user=0.00 sys=0.00, real=0.01 secs] 
2020-09-29T13:07:06.474+0200: 8.594: [GC (Allocation Failure) 2020-09-29T13:07:06.474+0200: 8.594: [ParNew: 561584K->12063K(613440K), 0.0089199 secs] 561974K->12454K(2029056K), 0.0089747 secs] [Times: user=0.00 sys=0.00, real=0.01 secs] 
2020-09-29T13:07:06.567+0200: 8.687: [GC (Allocation Failure) 2020-09-29T13:07:06.567+0200: 8.687: [ParNew: 557407K->7475K(613440K), 0.0083424 secs] 557798K->7865K(2029056K), 0.0084071 secs] [Times: user=0.02 sys=0.00, real=0.01 secs] 
2020-09-29T13:07:06.665+0200: 8.786: [GC (Allocation Failure) 2020-09-29T13:07:06.665+0200: 8.786: [ParNew: 552819K->7375K(613440K), 0.0071804 secs] 553209K->7765K(2029056K), 0.0072387 secs] [Times: user=0.00 sys=0.00, real=0.01 secs] 
2020-09-29T13:07:06.757+0200: 8.877: [GC (Allocation Failure) 2020-09-29T13:07:06.757+0200: 8.877: [ParNew: 552719K->5828K(613440K), 0.0060432 secs] 553109K->6219K(2029056K), 0.0060980 secs] [Times: user=0.00 sys=0.00, real=0.01 secs] 
2020-09-29T13:07:06.846+0200: 8.966: [GC (Allocation Failure) 2020-09-29T13:07:06.846+0200: 8.966: [ParNew: 551172K->168K(613440K), 0.0014091 secs] 551563K->558K(2029056K), 0.0014581 secs] [Times: user=0.00 sys=0.00, real=0.00 secs] 
2020-09-29T13:07:06.931+0200: 9.051: [GC (Allocation Failure) 2020-09-29T13:07:06.931+0200: 9.051: [ParNew: 545512K->12331K(613440K), 0.0110902 secs] 545902K->12721K(2029056K), 0.0111444 secs] [Times: user=0.02 sys=0.00, real=0.01 secs] 
2020-09-29T13:07:07.027+0200: 9.147: [GC (Allocation Failure) 2020-09-29T13:07:07.027+0200: 9.147: [ParNew: 557675K->15468K(613440K), 0.0100816 secs] 558065K->15859K(2029056K), 0.0101513 secs] [Times: user=0.13 sys=0.00, real=0.01 secs] 
2020-09-29T13:07:07.123+0200: 9.243: [GC (Allocation Failure) 2020-09-29T13:07:07.124+0200: 9.243: [ParNew: 560812K->10195K(613440K), 0.0087894 secs] 561203K->10586K(2029056K), 0.0088550 secs] [Times: user=0.13 sys=0.00, real=0.01 secs] 
2020-09-29T13:07:07.218+0200: 9.338: [GC (Allocation Failure) 2020-09-29T13:07:07.218+0200: 9.338: [ParNew: 555539K->8945K(613440K), 0.0076569 secs] 555930K->9336K(2029056K), 0.0077138 secs] [Times: user=0.13 sys=0.00, real=0.01 secs] 
2020-09-29T13:07:07.309+0200: 9.429: [GC (Allocation Failure) 2020-09-29T13:07:07.309+0200: 9.429: [ParNew: 554289K->7327K(613440K), 0.0063966 secs] 554680K->7717K(2029056K), 0.0064513 secs] [Times: user=0.00 sys=0.00, real=0.01 secs] 
2020-09-29T13:07:07.400+0200: 9.519: [GC (Allocation Failure) 2020-09-29T13:07:07.400+0200: 9.519: [ParNew: 552671K->4344K(613440K), 0.0051546 secs] 553061K->4734K(2029056K), 0.0052054 secs] [Times: user=0.00 sys=0.00, real=0.00 secs] 
2020-09-29T13:07:07.488+0200: 9.608: [GC (Allocation Failure) 2020-09-29T13:07:07.488+0200: 9.608: [ParNew: 549688K->92K(613440K), 0.0016763 secs] 550078K->482K(2029056K), 0.0017244 secs] [Times: user=0.13 sys=0.00, real=0.00 secs] 
2020-09-29T13:07:07.574+0200: 9.693: [GC (Allocation Failure) 2020-09-29T13:07:07.574+0200: 9.693: [ParNew: 545436K->11761K(613440K), 0.0112078 secs] 545826K->12151K(2029056K), 0.0112649 secs] [Times: user=0.11 sys=0.00, real=0.01 secs] 
2020-09-29T13:07:07.675+0200: 9.795: [GC (Allocation Failure) 2020-09-29T13:07:07.675+0200: 9.795: [ParNew: 557105K->15721K(613440K), 0.0098024 secs] 557495K->16111K(2029056K), 0.0098612 secs] [Times: user=0.13 sys=0.00, real=0.01 secs] 
2020-09-29T13:07:07.768+0200: 9.888: [GC (Allocation Failure) 2020-09-29T13:07:07.768+0200: 9.888: [ParNew: 561065K->11610K(613440K), 0.0088525 secs] 561455K->12001K(2029056K), 0.0089084 secs] [Times: user=0.13 sys=0.00, real=0.01 secs] 
2020-09-29T13:07:07.859+0200: 9.979: [GC (Allocation Failure) 2020-09-29T13:07:07.859+0200: 9.979: [ParNew: 556954K->7916K(613440K), 0.0079791 secs] 557345K->8306K(2029056K), 0.0080319 secs] [Times: user=0.13 sys=0.00, real=0.01 secs] 
2020-09-29T13:07:07.951+0200: 10.071: [GC (Allocation Failure) 2020-09-29T13:07:07.951+0200: 10.071: [ParNew: 553260K->7037K(613440K), 0.0067996 secs] 553650K->7427K(2029056K), 0.0068527 secs] [Times: user=0.13 sys=0.00, real=0.01 secs] 
2020-09-29T13:07:08.040+0200: 10.160: [GC (Allocation Failure) 2020-09-29T13:07:08.041+0200: 10.160: [ParNew: 552381K->5533K(613440K), 0.0056529 secs] 552771K->5923K(2029056K), 0.0057120 secs] [Times: user=0.00 sys=0.00, real=0.01 secs] 
2020-09-29T13:07:08.130+0200: 10.250: [GC (Allocation Failure) 2020-09-29T13:07:08.130+0200: 10.250: [ParNew: 550877K->184K(613440K), 0.0015393 secs] 551267K->574K(2029056K), 0.0015900 secs] [Times: user=0.00 sys=0.00, real=0.00 secs] 
2020-09-29T13:07:08.216+0200: 10.336: [GC (Allocation Failure) 2020-09-29T13:07:08.216+0200: 10.336: [ParNew: 545528K->12271K(613440K), 0.0111089 secs] 545918K->12661K(2029056K), 0.0112143 secs] [Times: user=0.13 sys=0.00, real=0.01 secs] 
2020-09-29T13:07:08.309+0200: 10.429: [GC (Allocation Failure) 2020-09-29T13:07:08.309+0200: 10.429: [ParNew: 557615K->15429K(613440K), 0.0096808 secs] 558005K->15819K(2029056K), 0.0097344 secs] [Times: user=0.13 sys=0.00, real=0.01 secs] 
2020-09-29T13:07:08.403+0200: 10.523: [GC (Allocation Failure) 2020-09-29T13:07:08.403+0200: 10.523: [ParNew: 560773K->9978K(613440K), 0.0083530 secs] 561163K->10368K(2029056K), 0.0084124 secs] [Times: user=0.13 sys=0.00, real=0.01 secs] 
2020-09-29T13:07:08.510+0200: 10.630: [GC (Allocation Failure) 2020-09-29T13:07:08.510+0200: 10.630: [ParNew: 555322K->8530K(613440K), 0.0074078 secs] 555712K->8920K(2029056K), 0.0074646 secs] [Times: user=0.00 sys=0.00, real=0.01 secs] 
2020-09-29T13:07:08.607+0200: 10.726: [GC (Allocation Failure) 2020-09-29T13:07:08.607+0200: 10.726: [ParNew: 553874K->6828K(613440K), 0.0065268 secs] 554264K->7218K(2029056K), 0.0065820 secs] [Times: user=0.00 sys=0.00, real=0.01 secs] 
2020-09-29T13:07:08.701+0200: 10.820: [GC (Allocation Failure) 2020-09-29T13:07:08.701+0200: 10.820: [ParNew: 552172K->4128K(613440K), 0.0048829 secs] 552562K->4518K(2029056K), 0.0049525 secs] [Times: user=0.00 sys=0.00, real=0.01 secs] 
2020-09-29T13:07:08.788+0200: 10.907: [GC (Allocation Failure) 2020-09-29T13:07:08.788+0200: 10.907: [ParNew: 549472K->72K(613440K), 0.0016260 secs] 549862K->462K(2029056K), 0.0016883 secs] [Times: user=0.00 sys=0.00, real=0.00 secs] 
2020-09-29T13:07:08.873+0200: 10.992: [GC (Allocation Failure) 2020-09-29T13:07:08.873+0200: 10.992: [ParNew: 545416K->12101K(613440K), 0.0109996 secs] 545806K->12491K(2029056K), 0.0110541 secs] [Times: user=0.13 sys=0.00, real=0.01 secs] 
2020-09-29T13:07:08.970+0200: 11.090: [GC (Allocation Failure) 2020-09-29T13:07:08.970+0200: 11.090: [ParNew: 557445K->16171K(613440K), 0.0101365 secs] 557835K->16561K(2029056K), 0.0101924 secs] [Times: user=0.13 sys=0.00, real=0.01 secs] 
2020-09-29T13:07:09.064+0200: 11.184: [GC (Allocation Failure) 2020-09-29T13:07:09.064+0200: 11.184: [ParNew: 561515K->12048K(613440K), 0.0089137 secs] 561905K->12438K(2029056K), 0.0089665 secs] [Times: user=0.11 sys=0.00, real=0.01 secs] 
2020-09-29T13:07:09.157+0200: 11.276: [GC (Allocation Failure) 2020-09-29T13:07:09.157+0200: 11.277: [ParNew: 557392K->8017K(613440K), 0.0075126 secs] 557782K->8407K(2029056K), 0.0075666 secs] [Times: user=0.13 sys=0.00, real=0.01 secs] 
2020-09-29T13:07:09.250+0200: 11.370: [GC (Allocation Failure) 2020-09-29T13:07:09.250+0200: 11.370: [ParNew: 553361K->6734K(613440K), 0.0065431 secs] 553751K->7124K(2029056K), 0.0065967 secs] [Times: user=0.13 sys=0.00, real=0.01 secs] 
2020-09-29T13:07:09.339+0200: 11.459: [GC (Allocation Failure) 2020-09-29T13:07:09.339+0200: 11.459: [ParNew: 550178K->273K(613440K), 0.0016469 secs] 550569K->664K(2029056K), 0.0017002 secs] [Times: user=0.00 sys=0.00, real=0.00 secs] 
2020-09-29T13:07:09.422+0200: 11.542: [GC (Allocation Failure) 2020-09-29T13:07:09.422+0200: 11.542: [ParNew: 545617K->12157K(613440K), 0.0107451 secs] 546008K->12547K(2029056K), 0.0108000 secs] [Times: user=0.13 sys=0.00, real=0.01 secs] 
2020-09-29T13:07:09.517+0200: 11.636: [GC (Allocation Failure) 2020-09-29T13:07:09.517+0200: 11.636: [ParNew: 557501K->16240K(613440K), 0.0102828 secs] 557891K->16630K(2029056K), 0.0103386 secs] [Times: user=0.13 sys=0.00, real=0.01 secs] 
2020-09-29T13:07:09.614+0200: 11.734: [GC (Allocation Failure) 2020-09-29T13:07:09.614+0200: 11.734: [ParNew: 561584K->12063K(613440K), 0.0088624 secs] 561974K->12454K(2029056K), 0.0089163 secs] [Times: user=0.00 sys=0.00, real=0.01 secs] 
2020-09-29T13:07:09.709+0200: 11.829: [GC (Allocation Failure) 2020-09-29T13:07:09.709+0200: 11.829: [ParNew: 557407K->8264K(613440K), 0.0078920 secs] 557798K->8654K(2029056K), 0.0079477 secs] [Times: user=0.00 sys=0.00, real=0.01 secs] 
2020-09-29T13:07:09.801+0200: 11.921: [GC (Allocation Failure) 2020-09-29T13:07:09.801+0200: 11.921: [ParNew: 553608K->7375K(613440K), 0.0069835 secs] 553998K->7765K(2029056K), 0.0070375 secs] [Times: user=0.00 sys=0.00, real=0.01 secs] 
2020-09-29T13:07:09.892+0200: 12.012: [GC (Allocation Failure) 2020-09-29T13:07:09.892+0200: 12.012: [ParNew: 552719K->5828K(613440K), 0.0055325 secs] 553109K->6219K(2029056K), 0.0056131 secs] [Times: user=0.13 sys=0.00, real=0.01 secs] 
2020-09-29T13:07:09.983+0200: 12.103: [GC (Allocation Failure) 2020-09-29T13:07:09.983+0200: 12.103: [ParNew: 551172K->168K(613440K), 0.0013828 secs] 551563K->558K(2029056K), 0.0014328 secs] [Times: user=0.00 sys=0.00, real=0.00 secs] 
2020-09-29T13:07:10.068+0200: 12.188: [GC (Allocation Failure) 2020-09-29T13:07:10.068+0200: 12.188: [ParNew: 545512K->12331K(613440K), 0.0112005 secs] 545902K->12721K(2029056K), 0.0112560 secs] [Times: user=0.00 sys=0.00, real=0.01 secs] 
2020-09-29T13:07:10.164+0200: 12.284: [GC (Allocation Failure) 2020-09-29T13:07:10.164+0200: 12.284: [ParNew: 557675K->16434K(613440K), 0.0100507 secs] 558065K->16824K(2029056K), 0.0101034 secs] [Times: user=0.00 sys=0.00, real=0.01 secs] 
2020-09-29T13:07:10.259+0200: 12.378: [GC (Allocation Failure) 2020-09-29T13:07:10.259+0200: 12.378: [ParNew: 561778K->12126K(613440K), 0.0087860 secs] 562168K->12516K(2029056K), 0.0088410 secs] [Times: user=0.00 sys=0.00, real=0.01 secs] 
2020-09-29T13:07:10.355+0200: 12.475: [GC (Allocation Failure) 2020-09-29T13:07:10.355+0200: 12.475: [ParNew: 557470K->8156K(613440K), 0.0088323 secs] 557860K->8547K(2029056K), 0.0088836 secs] [Times: user=0.11 sys=0.00, real=0.01 secs] 
2020-09-29T13:07:10.460+0200: 12.580: [GC (Allocation Failure) 2020-09-29T13:07:10.460+0200: 12.580: [ParNew: 553500K->7129K(613440K), 0.0066814 secs] 553891K->7520K(2029056K), 0.0067487 secs] [Times: user=0.00 sys=0.00, real=0.01 secs] 
2020-09-29T13:07:10.550+0200: 12.670: [GC (Allocation Failure) 2020-09-29T13:07:10.550+0200: 12.670: [ParNew: 552473K->4294K(613440K), 0.0051527 secs] 552864K->4684K(2029056K), 0.0052065 secs] [Times: user=0.13 sys=0.00, real=0.01 secs] 
2020-09-29T13:07:10.651+0200: 12.771: [GC (Allocation Failure) 2020-09-29T13:07:10.651+0200: 12.771: [ParNew: 549638K->90K(613440K), 0.0018075 secs] 550028K->480K(2029056K), 0.0018603 secs] [Times: user=0.00 sys=0.00, real=0.00 secs] 
2020-09-29T13:07:10.737+0200: 12.857: [GC (Allocation Failure) 2020-09-29T13:07:10.737+0200: 12.857: [ParNew: 545434K->11779K(613440K), 0.0108293 secs] 545824K->12169K(2029056K), 0.0108850 secs] [Times: user=0.13 sys=0.00, real=0.01 secs] 
2020-09-29T13:07:10.833+0200: 12.952: [GC (Allocation Failure) 2020-09-29T13:07:10.833+0200: 12.952: [ParNew: 557123K->15719K(613440K), 0.0098251 secs] 557513K->16109K(2029056K), 0.0099092 secs] [Times: user=0.00 sys=0.00, real=0.01 secs] 
2020-09-29T13:07:10.927+0200: 13.046: [GC (Allocation Failure) 2020-09-29T13:07:10.927+0200: 13.046: [ParNew: 561063K->11610K(613440K), 0.0088485 secs] 561453K->12000K(2029056K), 0.0089056 secs] [Times: user=0.00 sys=0.00, real=0.01 secs] 
2020-09-29T13:07:11.020+0200: 13.140: [GC (Allocation Failure) 2020-09-29T13:07:11.020+0200: 13.140: [ParNew: 556954K->7916K(613440K), 0.0076211 secs] 557344K->8306K(2029056K), 0.0076748 secs] [Times: user=0.00 sys=0.00, real=0.01 secs] 
2020-09-29T13:07:11.113+0200: 13.233: [GC (Allocation Failure) 2020-09-29T13:07:11.113+0200: 13.233: [ParNew: 553260K->7037K(613440K), 0.0066125 secs] 553650K->7427K(2029056K), 0.0066679 secs] [Times: user=0.13 sys=0.00, real=0.01 secs] 
2020-09-29T13:07:11.203+0200: 13.323: [GC (Allocation Failure) 2020-09-29T13:07:11.203+0200: 13.323: [ParNew: 552381K->5533K(613440K), 0.0056629 secs] 552771K->5923K(2029056K), 0.0057177 secs] [Times: user=0.13 sys=0.00, real=0.01 secs] 
2020-09-29T13:07:11.294+0200: 13.414: [GC (Allocation Failure) 2020-09-29T13:07:11.294+0200: 13.414: [ParNew: 550877K->184K(613440K), 0.0018305 secs] 551267K->574K(2029056K), 0.0018810 secs] [Times: user=0.00 sys=0.00, real=0.00 secs] 
2020-09-29T13:07:11.378+0200: 13.498: [GC (Allocation Failure) 2020-09-29T13:07:11.378+0200: 13.498: [ParNew: 545528K->12317K(613440K), 0.0114010 secs] 545918K->12707K(2029056K), 0.0114555 secs] [Times: user=0.13 sys=0.00, real=0.01 secs] 
2020-09-29T13:07:11.477+0200: 13.597: [GC (Allocation Failure) 2020-09-29T13:07:11.477+0200: 13.597: [ParNew: 557661K->15429K(613440K), 0.0097507 secs] 558051K->15819K(2029056K), 0.0098109 secs] [Times: user=0.00 sys=0.00, real=0.01 secs] 
2020-09-29T13:07:11.569+0200: 13.689: [GC (Allocation Failure) 2020-09-29T13:07:11.570+0200: 13.689: [ParNew: 560773K->8975K(613440K), 0.0088401 secs] 561163K->9365K(2029056K), 0.0088913 secs] [Times: user=0.00 sys=0.00, real=0.01 secs] 
2020-09-29T13:07:11.672+0200: 13.792: [GC (Allocation Failure) 2020-09-29T13:07:11.672+0200: 13.792: [ParNew: 554319K->8530K(613440K), 0.0088015 secs] 554709K->8920K(2029056K), 0.0088582 secs] [Times: user=0.11 sys=0.00, real=0.01 secs] 
2020-09-29T13:07:11.768+0200: 13.888: [GC (Allocation Failure) 2020-09-29T13:07:11.769+0200: 13.888: [ParNew: 553874K->6828K(613440K), 0.0063142 secs] 554264K->7218K(2029056K), 0.0063786 secs] [Times: user=0.13 sys=0.00, real=0.01 secs] 
2020-09-29T13:07:11.858+0200: 13.977: [GC (Allocation Failure) 2020-09-29T13:07:11.858+0200: 13.977: [ParNew: 552172K->3584K(613440K), 0.0057599 secs] 552562K->3974K(2029056K), 0.0058135 secs] [Times: user=0.00 sys=0.00, real=0.00 secs] 
2020-09-29T13:07:11.949+0200: 14.068: [GC (Allocation Failure) 2020-09-29T13:07:11.949+0200: 14.068: [ParNew: 548928K->72K(613440K), 0.0019015 secs] 549318K->462K(2029056K), 0.0019488 secs] [Times: user=0.00 sys=0.00, real=0.00 secs] 
2020-09-29T13:07:12.034+0200: 14.154: [GC (Allocation Failure) 2020-09-29T13:07:12.034+0200: 14.154: [ParNew: 545416K->12101K(613440K), 0.0111379 secs] 545806K->12491K(2029056K), 0.0112344 secs] [Times: user=0.11 sys=0.00, real=0.01 secs] 
2020-09-29T13:07:12.134+0200: 14.254: [GC (Allocation Failure) 2020-09-29T13:07:12.134+0200: 14.254: [ParNew: 557445K->15223K(613440K), 0.0098226 secs] 557835K->15613K(2029056K), 0.0098795 secs] [Times: user=0.00 sys=0.00, real=0.01 secs] 
2020-09-29T13:07:12.226+0200: 14.345: [GC (Allocation Failure) 2020-09-29T13:07:12.226+0200: 14.346: [ParNew: 560567K->10152K(613440K), 0.0087033 secs] 560957K->10542K(2029056K), 0.0087572 secs] [Times: user=0.00 sys=0.00, real=0.01 secs] 
2020-09-29T13:07:12.319+0200: 14.439: [GC (Allocation Failure) 2020-09-29T13:07:12.319+0200: 14.439: [ParNew: 555496K->8805K(613440K), 0.0074767 secs] 555886K->9195K(2029056K), 0.0075412 secs] [Times: user=0.00 sys=0.00, real=0.01 secs] 
2020-09-29T13:07:12.409+0200: 14.529: [GC (Allocation Failure) 2020-09-29T13:07:12.409+0200: 14.529: [ParNew: 554149K->6931K(613440K), 0.0062978 secs] 554539K->7321K(2029056K), 0.0063525 secs] [Times: user=0.13 sys=0.00, real=0.01 secs] 
2020-09-29T13:07:12.499+0200: 14.619: [GC (Allocation Failure) 2020-09-29T13:07:12.499+0200: 14.619: [ParNew: 550375K->280K(613440K), 0.0013500 secs] 550766K->670K(2029056K), 0.0014023 secs] [Times: user=0.00 sys=0.00, real=0.00 secs] 
2020-09-29T13:07:12.589+0200: 14.709: [GC (Allocation Failure) 2020-09-29T13:07:12.589+0200: 14.709: [ParNew: 545624K->12106K(613440K), 0.0125416 secs] 546014K->12496K(2029056K), 0.0126315 secs] [Times: user=0.13 sys=0.00, real=0.01 secs] 
2020-09-29T13:07:12.699+0200: 14.819: [GC (Allocation Failure) 2020-09-29T13:07:12.699+0200: 14.819: [ParNew: 557450K->15293K(613440K), 0.0099179 secs] 557840K->15683K(2029056K), 0.0099729 secs] [Times: user=0.13 sys=0.00, real=0.01 secs] 
2020-09-29T13:07:12.795+0200: 14.915: [GC (Allocation Failure) 2020-09-29T13:07:12.795+0200: 14.915: [ParNew: 560637K->10159K(613440K), 0.0088145 secs] 561027K->10549K(2029056K), 0.0088687 secs] [Times: user=0.13 sys=0.00, real=0.01 secs] 
2020-09-29T13:07:12.888+0200: 15.008: [GC (Allocation Failure) 2020-09-29T13:07:12.888+0200: 15.008: [ParNew: 555503K->9052K(613440K), 0.0080171 secs] 555893K->9442K(2029056K), 0.0080757 secs] [Times: user=0.11 sys=0.00, real=0.01 secs] 
2020-09-29T13:07:12.981+0200: 15.101: [GC (Allocation Failure) 2020-09-29T13:07:12.981+0200: 15.101: [ParNew: 554396K->7572K(613440K), 0.0065911 secs] 554786K->7962K(2029056K), 0.0066449 secs] [Times: user=0.00 sys=0.00, real=0.01 secs] 
2020-09-29T13:07:13.071+0200: 15.191: [GC (Allocation Failure) 2020-09-29T13:07:13.071+0200: 15.191: [ParNew: 552916K->4618K(613440K), 0.0057657 secs] 553306K->5008K(2029056K), 0.0058238 secs] [Times: user=0.00 sys=0.00, real=0.01 secs] 
2020-09-29T13:07:13.163+0200: 15.283: [GC (Allocation Failure) 2020-09-29T13:07:13.163+0200: 15.283: [ParNew: 549962K->154K(613440K), 0.0017168 secs] 550352K->544K(2029056K), 0.0017684 secs] [Times: user=0.00 sys=0.00, real=0.00 secs] 
2020-09-29T13:07:13.249+0200: 15.369: [GC (Allocation Failure) 2020-09-29T13:07:13.249+0200: 15.369: [ParNew: 545498K->12321K(613440K), 0.0115622 secs] 545888K->12711K(2029056K), 0.0116176 secs] [Times: user=0.13 sys=0.00, real=0.01 secs] 
2020-09-29T13:07:13.349+0200: 15.468: [GC (Allocation Failure) 2020-09-29T13:07:13.349+0200: 15.468: [ParNew: 557665K->16421K(613440K), 0.0100178 secs] 558055K->16811K(2029056K), 0.0100722 secs] [Times: user=0.00 sys=0.00, real=0.01 secs] 
2020-09-29T13:07:13.443+0200: 15.562: [GC (Allocation Failure) 2020-09-29T13:07:13.443+0200: 15.562: [ParNew: 561765K->12123K(613440K), 0.0089891 secs] 562155K->12513K(2029056K), 0.0090427 secs] [Times: user=0.00 sys=0.00, real=0.01 secs] 
2020-09-29T13:07:13.535+0200: 15.655: [GC (Allocation Failure) 2020-09-29T13:07:13.535+0200: 15.655: [ParNew: 557467K->8156K(613440K), 0.0079921 secs] 557857K->8546K(2029056K), 0.0080472 secs] [Times: user=0.13 sys=0.00, real=0.01 secs] 
2020-09-29T13:07:13.632+0200: 15.751: [GC (Allocation Failure) 2020-09-29T13:07:13.632+0200: 15.751: [ParNew: 553500K->7129K(613440K), 0.0067560 secs] 553890K->7520K(2029056K), 0.0068112 secs] [Times: user=0.00 sys=0.00, real=0.01 secs] 
2020-09-29T13:07:13.722+0200: 15.842: [GC (Allocation Failure) 2020-09-29T13:07:13.722+0200: 15.842: [ParNew: 552473K->4294K(613440K), 0.0050987 secs] 552864K->4684K(2029056K), 0.0051531 secs] [Times: user=0.13 sys=0.00, real=0.01 secs] 
2020-09-29T13:07:13.811+0200: 15.930: [GC (Allocation Failure) 2020-09-29T13:07:13.811+0200: 15.930: [ParNew: 549638K->90K(613440K), 0.0016479 secs] 550028K->480K(2029056K), 0.0017160 secs] [Times: user=0.00 sys=0.00, real=0.00 secs] 
2020-09-29T13:07:13.897+0200: 16.016: [GC (Allocation Failure) 2020-09-29T13:07:13.897+0200: 16.016: [ParNew: 545434K->11824K(613440K), 0.0109035 secs] 545824K->12214K(2029056K), 0.0109825 secs] [Times: user=0.00 sys=0.00, real=0.01 secs] 
2020-09-29T13:07:13.992+0200: 16.112: [GC (Allocation Failure) 2020-09-29T13:07:13.992+0200: 16.112: [ParNew: 557168K->14801K(613440K), 0.0094443 secs] 557558K->15192K(2029056K), 0.0094992 secs] [Times: user=0.00 sys=0.00, real=0.01 secs] 
2020-09-29T13:07:14.085+0200: 16.204: [GC (Allocation Failure) 2020-09-29T13:07:14.085+0200: 16.204: [ParNew: 560145K->9775K(613440K), 0.0084297 secs] 560536K->10165K(2029056K), 0.0084916 secs] [Times: user=0.00 sys=0.00, real=0.01 secs] 
2020-09-29T13:07:14.175+0200: 16.295: [GC (Allocation Failure) 2020-09-29T13:07:14.175+0200: 16.295: [ParNew: 555119K->8665K(613440K), 0.0073991 secs] 555509K->9055K(2029056K), 0.0074541 secs] [Times: user=0.13 sys=0.00, real=0.01 secs] 
2020-09-29T13:07:14.264+0200: 16.384: [GC (Allocation Failure) 2020-09-29T13:07:14.264+0200: 16.384: [ParNew: 554009K->7224K(613440K), 0.0063908 secs] 554399K->7615K(2029056K), 0.0064481 secs] [Times: user=0.13 sys=0.00, real=0.01 secs] 
2020-09-29T13:07:14.357+0200: 16.476: [GC (Allocation Failure) 2020-09-29T13:07:14.357+0200: 16.476: [ParNew: 552568K->4425K(613440K), 0.0058866 secs] 552959K->4815K(2029056K), 0.0059422 secs] [Times: user=0.00 sys=0.00, real=0.01 secs] 
2020-09-29T13:07:14.447+0200: 16.567: [GC (Allocation Failure) 2020-09-29T13:07:14.447+0200: 16.567: [ParNew: 549769K->222K(613440K), 0.0014192 secs] 550159K->612K(2029056K), 0.0014675 secs] [Times: user=0.00 sys=0.00, real=0.00 secs] 
2020-09-29T13:07:14.532+0200: 16.652: [GC (Allocation Failure) 2020-09-29T13:07:14.532+0200: 16.652: [ParNew: 545566K->12279K(613440K), 0.0111632 secs] 545956K->12669K(2029056K), 0.0112648 secs] [Times: user=0.13 sys=0.00, real=0.01 secs] 
2020-09-29T13:07:14.634+0200: 16.754: [GC (Allocation Failure) 2020-09-29T13:07:14.634+0200: 16.754: [ParNew: 557623K->15462K(613440K), 0.0103370 secs] 558013K->15852K(2029056K), 0.0103923 secs] [Times: user=0.00 sys=0.00, real=0.01 secs] 
2020-09-29T13:07:14.728+0200: 16.848: [GC (Allocation Failure) 2020-09-29T13:07:14.728+0200: 16.848: [ParNew: 560806K->9983K(613440K), 0.0086204 secs] 561196K->10373K(2029056K), 0.0086755 secs] [Times: user=0.00 sys=0.00, real=0.01 secs] 
2020-09-29T13:07:14.823+0200: 16.942: [GC (Allocation Failure) 2020-09-29T13:07:14.823+0200: 16.942: [ParNew: 555327K->8531K(613440K), 0.0075060 secs] 555717K->8922K(2029056K), 0.0075616 secs] [Times: user=0.00 sys=0.00, real=0.01 secs] 
2020-09-29T13:07:14.914+0200: 17.033: [GC (Allocation Failure) 2020-09-29T13:07:14.914+0200: 17.033: [ParNew: 553875K->6829K(613440K), 0.0066556 secs] 554266K->7219K(2029056K), 0.0067116 secs] [Times: user=0.00 sys=0.00, real=0.01 secs] 
2020-09-29T13:07:15.007+0200: 17.126: [GC (Allocation Failure) 2020-09-29T13:07:15.007+0200: 17.126: [ParNew: 552173K->4128K(613440K), 0.0048411 secs] 552563K->4518K(2029056K), 0.0048928 secs] [Times: user=0.00 sys=0.00, real=0.00 secs] 
2020-09-29T13:07:15.094+0200: 17.214: [GC (Allocation Failure) 2020-09-29T13:07:15.094+0200: 17.214: [ParNew: 549472K->72K(613440K), 0.0016944 secs] 549862K->462K(2029056K), 0.0017479 secs] [Times: user=0.00 sys=0.00, real=0.00 secs] 
2020-09-29T13:07:15.180+0200: 17.299: [GC (Allocation Failure) 2020-09-29T13:07:15.180+0200: 17.299: [ParNew: 545416K->12083K(613440K), 0.0107217 secs] 545806K->12473K(2029056K), 0.0107776 secs] [Times: user=0.00 sys=0.00, real=0.01 secs] 
2020-09-29T13:07:15.275+0200: 17.394: [GC (Allocation Failure) 2020-09-29T13:07:15.275+0200: 17.394: [ParNew: 557427K->16171K(613440K), 0.0102364 secs] 557817K->16561K(2029056K), 0.0102904 secs] [Times: user=0.00 sys=0.00, real=0.01 secs] 
2020-09-29T13:07:15.386+0200: 17.505: [GC (Allocation Failure) 2020-09-29T13:07:15.386+0200: 17.505: [ParNew: 561515K->12048K(613440K), 0.0093296 secs] 561905K->12438K(2029056K), 0.0093848 secs] [Times: user=0.00 sys=0.00, real=0.01 secs] 
2020-09-29T13:07:15.481+0200: 17.600: [GC (Allocation Failure) 2020-09-29T13:07:15.481+0200: 17.600: [ParNew: 557392K->8017K(613440K), 0.0077614 secs] 557782K->8407K(2029056K), 0.0078302 secs] [Times: user=0.00 sys=0.00, real=0.01 secs] 
2020-09-29T13:07:15.572+0200: 17.691: [GC (Allocation Failure) 2020-09-29T13:07:15.572+0200: 17.691: [ParNew: 553361K->6136K(613440K), 0.0063043 secs] 553751K->6526K(2029056K), 0.0063610 secs] [Times: user=0.00 sys=0.00, real=0.01 secs] 
2020-09-29T13:07:15.666+0200: 17.785: [GC (Allocation Failure) 2020-09-29T13:07:15.666+0200: 17.785: [ParNew: 549581K->398K(613440K), 0.0015953 secs] 549971K->788K(2029056K), 0.0016504 secs] [Times: user=0.00 sys=0.00, real=0.00 secs] 
2020-09-29T13:07:15.749+0200: 17.868: [GC (Allocation Failure) 2020-09-29T13:07:15.749+0200: 17.868: [ParNew: 545742K->12314K(613440K), 0.0107611 secs] 546132K->12704K(2029056K), 0.0108147 secs] [Times: user=0.13 sys=0.00, real=0.01 secs] 
2020-09-29T13:07:15.842+0200: 17.961: [GC (Allocation Failure) 2020-09-29T13:07:15.842+0200: 17.961: [ParNew: 557658K->15397K(613440K), 0.0099468 secs] 558048K->15787K(2029056K), 0.0100026 secs] [Times: user=0.13 sys=0.00, real=0.01 secs] 
2020-09-29T13:07:15.937+0200: 18.056: [GC (Allocation Failure) 2020-09-29T13:07:15.937+0200: 18.056: [ParNew: 560741K->10174K(613440K), 0.0088928 secs] 561131K->10564K(2029056K), 0.0089448 secs] [Times: user=0.13 sys=0.00, real=0.01 secs] 
2020-09-29T13:07:16.030+0200: 18.149: [GC (Allocation Failure) 2020-09-29T13:07:16.030+0200: 18.149: [ParNew: 555518K->9055K(613440K), 0.0080586 secs] 555908K->9445K(2029056K), 0.0081454 secs] [Times: user=0.13 sys=0.00, real=0.01 secs] 
2020-09-29T13:07:16.123+0200: 18.243: [GC (Allocation Failure) 2020-09-29T13:07:16.123+0200: 18.243: [ParNew: 554399K->7573K(613440K), 0.0068216 secs] 554789K->7963K(2029056K), 0.0068773 secs] [Times: user=0.00 sys=0.00, real=0.01 secs] 
2020-09-29T13:07:16.212+0200: 18.332: [GC (Allocation Failure) 2020-09-29T13:07:16.212+0200: 18.332: [ParNew: 552917K->4618K(613440K), 0.0056572 secs] 553307K->5008K(2029056K), 0.0057109 secs] [Times: user=0.00 sys=0.00, real=0.01 secs] 
2020-09-29T13:07:16.300+0200: 18.419: [GC (Allocation Failure) 2020-09-29T13:07:16.300+0200: 18.419: [ParNew: 549962K->154K(613440K), 0.0014508 secs] 550352K->544K(2029056K), 0.0015007 secs] [Times: user=0.00 sys=0.00, real=0.00 secs] 
2020-09-29T13:07:16.387+0200: 18.506: [GC (Allocation Failure) 2020-09-29T13:07:16.387+0200: 18.506: [ParNew: 545498K->12282K(613440K), 0.0109487 secs] 545888K->12672K(2029056K), 0.0110542 secs] [Times: user=0.13 sys=0.00, real=0.01 secs] 
2020-09-29T13:07:16.483+0200: 18.602: [GC (Allocation Failure) 2020-09-29T13:07:16.483+0200: 18.602: [ParNew: 557626K->15456K(613440K), 0.0103570 secs] 558016K->15846K(2029056K), 0.0104098 secs] [Times: user=0.13 sys=0.00, real=0.01 secs] 
2020-09-29T13:07:16.577+0200: 18.697: [GC (Allocation Failure) 2020-09-29T13:07:16.577+0200: 18.697: [ParNew: 560800K->9164K(613440K), 0.0091311 secs] 561190K->9554K(2029056K), 0.0092015 secs] [Times: user=0.11 sys=0.00, real=0.01 secs] 
2020-09-29T13:07:16.682+0200: 18.802: [GC (Allocation Failure) 2020-09-29T13:07:16.682+0200: 18.802: [ParNew: 554508K->8945K(613440K), 0.0079136 secs] 554898K->9335K(2029056K), 0.0079698 secs] [Times: user=0.00 sys=0.00, real=0.01 secs] 
2020-09-29T13:07:16.782+0200: 18.901: [GC (Allocation Failure) 2020-09-29T13:07:16.782+0200: 18.901: [ParNew: 554289K->7327K(613440K), 0.0066912 secs] 554679K->7717K(2029056K), 0.0067448 secs] [Times: user=0.13 sys=0.00, real=0.01 secs] 
2020-09-29T13:07:16.873+0200: 18.993: [GC (Allocation Failure) 2020-09-29T13:07:16.873+0200: 18.993: [ParNew: 552671K->4343K(613440K), 0.0051792 secs] 553061K->4734K(2029056K), 0.0052338 secs] [Times: user=0.00 sys=0.00, real=0.01 secs] 
2020-09-29T13:07:16.961+0200: 19.081: [GC (Allocation Failure) 2020-09-29T13:07:16.961+0200: 19.081: [ParNew: 549687K->92K(613440K), 0.0016045 secs] 550078K->482K(2029056K), 0.0016557 secs] [Times: user=0.00 sys=0.00, real=0.00 secs] 
2020-09-29T13:07:17.045+0200: 19.165: [GC (Allocation Failure) 2020-09-29T13:07:17.045+0200: 19.165: [ParNew: 545436K->11784K(613440K), 0.0109195 secs] 545826K->12174K(2029056K), 0.0109746 secs] [Times: user=0.13 sys=0.00, real=0.01 secs] 
2020-09-29T13:07:17.141+0200: 19.261: [GC (Allocation Failure) 2020-09-29T13:07:17.141+0200: 19.261: [ParNew: 557128K->14803K(613440K), 0.0097967 secs] 557518K->15193K(2029056K), 0.0098516 secs] [Times: user=0.13 sys=0.00, real=0.01 secs] 
2020-09-29T13:07:17.238+0200: 19.358: [GC (Allocation Failure) 2020-09-29T13:07:17.238+0200: 19.358: [ParNew: 560147K->9775K(613440K), 0.0091086 secs] 560537K->10165K(2029056K), 0.0091693 secs] [Times: user=0.13 sys=0.00, real=0.01 secs] 
2020-09-29T13:07:17.332+0200: 19.451: [GC (Allocation Failure) 2020-09-29T13:07:17.332+0200: 19.451: [ParNew: 555119K->8665K(613440K), 0.0076546 secs] 555509K->9055K(2029056K), 0.0077058 secs] [Times: user=0.13 sys=0.00, real=0.01 secs] 
2020-09-29T13:07:17.427+0200: 19.547: [GC (Allocation Failure) 2020-09-29T13:07:17.427+0200: 19.547: [ParNew: 554009K->7224K(613440K), 0.0073212 secs] 554399K->7615K(2029056K), 0.0073763 secs] [Times: user=0.00 sys=0.00, real=0.01 secs] 
2020-09-29T13:07:17.522+0200: 19.641: [GC (Allocation Failure) 2020-09-29T13:07:17.522+0200: 19.641: [ParNew: 552568K->4425K(613440K), 0.0060440 secs] 552959K->4815K(2029056K), 0.0061030 secs] [Times: user=0.00 sys=0.00, real=0.01 secs] 
2020-09-29T13:07:17.631+0200: 19.750: [GC (Allocation Failure) 2020-09-29T13:07:17.631+0200: 19.750: [ParNew: 549769K->222K(613440K), 0.0016569 secs] 550159K->612K(2029056K), 0.0017085 secs] [Times: user=0.00 sys=0.00, real=0.00 secs] 
2020-09-29T13:07:17.721+0200: 19.840: [GC (Allocation Failure) 2020-09-29T13:07:17.721+0200: 19.840: [ParNew: 545566K->12334K(613440K), 0.0109347 secs] 545956K->12724K(2029056K), 0.0110128 secs] [Times: user=0.13 sys=0.00, real=0.01 secs] 
2020-09-29T13:07:17.816+0200: 19.936: [GC (Allocation Failure) 2020-09-29T13:07:17.816+0200: 19.936: [ParNew: 557678K->15462K(613440K), 0.0099327 secs] 558068K->15852K(2029056K), 0.0099865 secs] [Times: user=0.13 sys=0.00, real=0.01 secs] 
2020-09-29T13:07:17.909+0200: 20.029: [GC (Allocation Failure) 2020-09-29T13:07:17.909+0200: 20.029: [ParNew: 560806K->9983K(613440K), 0.0086552 secs] 561196K->10373K(2029056K), 0.0087432 secs] [Times: user=0.13 sys=0.00, real=0.01 secs] 
2020-09-29T13:07:18.002+0200: 20.122: [GC (Allocation Failure) 2020-09-29T13:07:18.002+0200: 20.122: [ParNew: 555327K->8531K(613440K), 0.0075695 secs] 555717K->8922K(2029056K), 0.0076256 secs] [Times: user=0.13 sys=0.00, real=0.01 secs] 
2020-09-29T13:07:18.092+0200: 20.212: [GC (Allocation Failure) 2020-09-29T13:07:18.092+0200: 20.212: [ParNew: 553875K->6829K(613440K), 0.0063823 secs] 554266K->7219K(2029056K), 0.0064363 secs] [Times: user=0.00 sys=0.00, real=0.01 secs] 
2020-09-29T13:07:18.180+0200: 20.300: [GC (Allocation Failure) 2020-09-29T13:07:18.180+0200: 20.300: [ParNew: 552173K->4128K(613440K), 0.0049711 secs] 552563K->4518K(2029056K), 0.0050229 secs] [Times: user=0.00 sys=0.00, real=0.00 secs] 
2020-09-29T13:07:18.266+0200: 20.386: [GC (Allocation Failure) 2020-09-29T13:07:18.266+0200: 20.386: [ParNew: 549472K->72K(613440K), 0.0017592 secs] 549862K->462K(2029056K), 0.0018079 secs] [Times: user=0.00 sys=0.00, real=0.00 secs] 
2020-09-29T13:07:18.349+0200: 20.469: [GC (Allocation Failure) 2020-09-29T13:07:18.349+0200: 20.469: [ParNew: 545416K->12119K(613440K), 0.0107544 secs] 545806K->12510K(2029056K), 0.0108591 secs] [Times: user=0.00 sys=0.00, real=0.01 secs] 
2020-09-29T13:07:18.443+0200: 20.563: [GC (Allocation Failure) 2020-09-29T13:07:18.443+0200: 20.563: [ParNew: 557463K->16171K(613440K), 0.0100987 secs] 557854K->16561K(2029056K), 0.0101555 secs] [Times: user=0.00 sys=0.00, real=0.01 secs] 
2020-09-29T13:07:18.538+0200: 20.657: [GC (Allocation Failure) 2020-09-29T13:07:18.538+0200: 20.657: [ParNew: 561515K->12048K(613440K), 0.0084642 secs] 561905K->12438K(2029056K), 0.0085226 secs] [Times: user=0.00 sys=0.00, real=0.01 secs] 
2020-09-29T13:07:18.634+0200: 20.753: [GC (Allocation Failure) 2020-09-29T13:07:18.634+0200: 20.753: [ParNew: 557392K->8017K(613440K), 0.0075689 secs] 557782K->8407K(2029056K), 0.0076243 secs] [Times: user=0.00 sys=0.00, real=0.01 secs] 
2020-09-29T13:07:18.723+0200: 20.843: [GC (Allocation Failure) 2020-09-29T13:07:18.723+0200: 20.843: [ParNew: 553361K->6734K(613440K), 0.0062955 secs] 553751K->7124K(2029056K), 0.0063681 secs] [Times: user=0.00 sys=0.00, real=0.01 secs] 
2020-09-29T13:07:18.812+0200: 20.932: [GC (Allocation Failure) 2020-09-29T13:07:18.812+0200: 20.932: [ParNew: 550178K->273K(613440K), 0.0015948 secs] 550569K->664K(2029056K), 0.0016495 secs] [Times: user=0.00 sys=0.00, real=0.00 secs] 
2020-09-29T13:07:18.895+0200: 21.015: [GC (Allocation Failure) 2020-09-29T13:07:18.895+0200: 21.015: [ParNew: 545617K->12225K(613440K), 0.0108434 secs] 546008K->12616K(2029056K), 0.0109192 secs] [Times: user=0.00 sys=0.00, real=0.01 secs] 
2020-09-29T13:07:18.991+0200: 21.111: [GC (Allocation Failure) 2020-09-29T13:07:18.992+0200: 21.111: [ParNew: 557569K->16240K(613440K), 0.0097316 secs] 557960K->16630K(2029056K), 0.0098123 secs] [Times: user=0.00 sys=0.00, real=0.01 secs] 
2020-09-29T13:07:19.086+0200: 21.206: [GC (Allocation Failure) 2020-09-29T13:07:19.086+0200: 21.206: [ParNew: 561584K->12063K(613440K), 0.0087156 secs] 561974K->12454K(2029056K), 0.0088138 secs] [Times: user=0.00 sys=0.00, real=0.01 secs] 
2020-09-29T13:07:19.180+0200: 21.300: [GC (Allocation Failure) 2020-09-29T13:07:19.180+0200: 21.300: [ParNew: 557407K->8264K(613440K), 0.0080696 secs] 557798K->8654K(2029056K), 0.0081230 secs] [Times: user=0.00 sys=0.00, real=0.01 secs] 
2020-09-29T13:07:19.271+0200: 21.391: [GC (Allocation Failure) 2020-09-29T13:07:19.271+0200: 21.391: [ParNew: 553608K->7375K(613440K), 0.0067234 secs] 553998K->7765K(2029056K), 0.0068121 secs] [Times: user=0.00 sys=0.00, real=0.01 secs] 
2020-09-29T13:07:19.364+0200: 21.483: [GC (Allocation Failure) 2020-09-29T13:07:19.364+0200: 21.484: [ParNew: 552719K->5828K(613440K), 0.0058724 secs] 553109K->6219K(2029056K), 0.0059276 secs] [Times: user=0.00 sys=0.00, real=0.01 secs] 
2020-09-29T13:07:19.456+0200: 21.575: [GC (Allocation Failure) 2020-09-29T13:07:19.456+0200: 21.575: [ParNew: 551172K->168K(613440K), 0.0018825 secs] 551563K->558K(2029056K), 0.0019357 secs] [Times: user=0.00 sys=0.00, real=0.00 secs] 
2020-09-29T13:07:19.545+0200: 21.665: [GC (Allocation Failure) 2020-09-29T13:07:19.545+0200: 21.665: [ParNew: 545512K->12246K(613440K), 0.0109871 secs] 545902K->12637K(2029056K), 0.0110408 secs] [Times: user=0.13 sys=0.00, real=0.01 secs] 
2020-09-29T13:07:19.644+0200: 21.764: [GC (Allocation Failure) 2020-09-29T13:07:19.644+0200: 21.764: [ParNew: 557590K->15468K(613440K), 0.0101048 secs] 557981K->15859K(2029056K), 0.0101793 secs] [Times: user=0.13 sys=0.00, real=0.01 secs] 
2020-09-29T13:07:19.737+0200: 21.857: [GC (Allocation Failure) 2020-09-29T13:07:19.737+0200: 21.857: [ParNew: 560812K->10195K(613440K), 0.0089748 secs] 561203K->10586K(2029056K), 0.0090642 secs] [Times: user=0.13 sys=0.00, real=0.01 secs] 
2020-09-29T13:07:19.834+0200: 21.954: [GC (Allocation Failure) 2020-09-29T13:07:19.834+0200: 21.954: [ParNew: 555539K->8945K(613440K), 0.0082610 secs] 555930K->9336K(2029056K), 0.0083200 secs] [Times: user=0.00 sys=0.00, real=0.01 secs] 
2020-09-29T13:07:19.930+0200: 22.050: [GC (Allocation Failure) 2020-09-29T13:07:19.930+0200: 22.050: [ParNew: 554289K->7327K(613440K), 0.0062869 secs] 554680K->7717K(2029056K), 0.0063781 secs] [Times: user=0.00 sys=0.00, real=0.01 secs] 
2020-09-29T13:07:20.022+0200: 22.141: [GC (Allocation Failure) 2020-09-29T13:07:20.022+0200: 22.141: [ParNew: 552671K->4344K(613440K), 0.0051626 secs] 553061K->4734K(2029056K), 0.0052156 secs] [Times: user=0.00 sys=0.00, real=0.00 secs] 
2020-09-29T13:07:20.111+0200: 22.231: [GC (Allocation Failure) 2020-09-29T13:07:20.111+0200: 22.231: [ParNew: 549688K->92K(613440K), 0.0014163 secs] 550078K->482K(2029056K), 0.0014659 secs] [Times: user=0.00 sys=0.00, real=0.00 secs] 
2020-09-29T13:07:20.195+0200: 22.315: [GC (Allocation Failure) 2020-09-29T13:07:20.195+0200: 22.315: [ParNew: 545436K->11807K(613440K), 0.0107744 secs] 545826K->12197K(2029056K), 0.0108305 secs] [Times: user=0.00 sys=0.00, real=0.01 secs] 
2020-09-29T13:07:20.289+0200: 22.409: [GC (Allocation Failure) 2020-09-29T13:07:20.289+0200: 22.409: [ParNew: 557151K->14803K(613440K), 0.0101439 secs] 557541K->15193K(2029056K), 0.0102005 secs] [Times: user=0.00 sys=0.00, real=0.01 secs] 
2020-09-29T13:07:20.381+0200: 22.502: [GC (Allocation Failure) 2020-09-29T13:07:20.381+0200: 22.502: [ParNew: 560147K->9775K(613440K), 0.0084191 secs] 560537K->10165K(2029056K), 0.0084888 secs] [Times: user=0.00 sys=0.00, real=0.01 secs] 
2020-09-29T13:07:20.475+0200: 22.596: [GC (Allocation Failure) 2020-09-29T13:07:20.476+0200: 22.596: [ParNew: 555119K->8665K(613440K), 0.0078797 secs] 555509K->9055K(2029056K), 0.0079386 secs] [Times: user=0.00 sys=0.00, real=0.01 secs] 
2020-09-29T13:07:20.568+0200: 22.688: [GC (Allocation Failure) 2020-09-29T13:07:20.568+0200: 22.688: [ParNew: 554009K->7224K(613440K), 0.0064988 secs] 554399K->7615K(2029056K), 0.0065772 secs] [Times: user=0.00 sys=0.00, real=0.01 secs] 
2020-09-29T13:07:20.664+0200: 22.784: [GC (Allocation Failure) 2020-09-29T13:07:20.664+0200: 22.784: [ParNew: 552568K->4425K(613440K), 0.0056757 secs] 552959K->4815K(2029056K), 0.0057289 secs] [Times: user=0.00 sys=0.00, real=0.01 secs] 
2020-09-29T13:07:20.752+0200: 22.872: [GC (Allocation Failure) 2020-09-29T13:07:20.752+0200: 22.872: [ParNew: 549769K->222K(613440K), 0.0018683 secs] 550159K->612K(2029056K), 0.0019173 secs] [Times: user=0.02 sys=0.00, real=0.00 secs] 
2020-09-29T13:07:20.837+0200: 22.956: [GC (Allocation Failure) 2020-09-29T13:07:20.837+0200: 22.956: [ParNew: 545566K->12279K(613440K), 0.0112184 secs] 545956K->12669K(2029056K), 0.0112771 secs] [Times: user=0.00 sys=0.00, real=0.01 secs] 
2020-09-29T13:07:20.932+0200: 23.053: [GC (Allocation Failure) 2020-09-29T13:07:20.932+0200: 23.053: [ParNew: 557623K->15462K(613440K), 0.0097099 secs] 558013K->15852K(2029056K), 0.0097678 secs] [Times: user=0.13 sys=0.00, real=0.01 secs] 
2020-09-29T13:07:21.027+0200: 23.147: [GC (Allocation Failure) 2020-09-29T13:07:21.027+0200: 23.147: [ParNew: 560806K->9983K(613440K), 0.0088363 secs] 561196K->10373K(2029056K), 0.0088905 secs] [Times: user=0.13 sys=0.00, real=0.01 secs] 
2020-09-29T13:07:21.120+0200: 23.240: [GC (Allocation Failure) 2020-09-29T13:07:21.120+0200: 23.240: [ParNew: 555327K->8531K(613440K), 0.0075783 secs] 555717K->8922K(2029056K), 0.0076365 secs] [Times: user=0.00 sys=0.00, real=0.01 secs] 
2020-09-29T13:07:21.212+0200: 23.332: [GC (Allocation Failure) 2020-09-29T13:07:21.212+0200: 23.332: [ParNew: 553875K->6829K(613440K), 0.0064484 secs] 554266K->7219K(2029056K), 0.0065063 secs] [Times: user=0.00 sys=0.00, real=0.01 secs] 
2020-09-29T13:07:21.301+0200: 23.421: [GC (Allocation Failure) 2020-09-29T13:07:21.301+0200: 23.421: [ParNew: 552173K->4128K(613440K), 0.0048325 secs] 552563K->4518K(2029056K), 0.0048854 secs] [Times: user=0.00 sys=0.00, real=0.00 secs] 
2020-09-29T13:07:21.387+0200: 23.507: [GC (Allocation Failure) 2020-09-29T13:07:21.387+0200: 23.507: [ParNew: 549472K->72K(613440K), 0.0017166 secs] 549862K->462K(2029056K), 0.0017667 secs] [Times: user=0.00 sys=0.00, real=0.00 secs] 
2020-09-29T13:07:21.474+0200: 23.594: [GC (Allocation Failure) 2020-09-29T13:07:21.474+0200: 23.594: [ParNew: 545416K->12101K(613440K), 0.0112972 secs] 545806K->12491K(2029056K), 0.0113517 secs] [Times: user=0.00 sys=0.00, real=0.01 secs] 
Heap
 par new generation   total 613440K, used 546010K [0x0000000080000000, 0x00000000a9990000, 0x00000000a9990000)
  eden space 545344K,  97% used [0x0000000080000000, 0x00000000a0965330, 0x00000000a1490000)
  from space 68096K,  17% used [0x00000000a1490000, 0x00000000a2061710, 0x00000000a5710000)
  to   space 68096K,   0% used [0x00000000a5710000, 0x00000000a5710000, 0x00000000a9990000)
 concurrent mark-sweep generation total 1415616K, used 390K [0x00000000a9990000, 0x0000000100000000, 0x0000000100000000)
 Metaspace       used 2594K, capacity 4486K, committed 4864K, reserved 1056768K
  class space    used 285K, capacity 386K, committed 512K, reserved 1048576K
