Java HotSpot(TM) 64-Bit Server VM (25.261-b12) for windows-amd64 JRE (1.8.0_261-b12), built on Jun 18 2020 06:56:32 by "" with unknown MS VC++:1916
Memory: 4k page, physical 16659684k(8807180k free), swap 23213284k(7866144k free)
CommandLine flags: -XX:InitialHeapSize=2147483648 -XX:MaxHeapSize=2147483648 -XX:MaxNewSize=697933824 -XX:MaxTenuringThreshold=6 -XX:NewSize=697933824 -XX:OldPLABSize=16 -XX:OldSize=1395867648 -XX:+PrintGC -XX:+PrintGCDateStamps -XX:+PrintGCDetails -XX:+PrintGCTimeStamps -XX:+UseCompressedClassPointers -XX:+UseCompressedOops -XX:+UseConcMarkSweepGC -XX:-UseLargePagesIndividualAllocation -XX:+UseParNewGC 
2020-09-29T13:03:11.416+0200: 0.428: [GC (Allocation Failure) 2020-09-29T13:03:11.416+0200: 0.428: [ParNew: 545344K->4402K(613440K), 0.0095090 secs] 545344K->4402K(2029056K), 0.0096502 secs] [Times: user=0.13 sys=0.00, real=0.01 secs] 
2020-09-29T13:03:11.518+0200: 0.530: [GC (Allocation Failure) 2020-09-29T13:03:11.518+0200: 0.530: [ParNew: 549746K->4299K(613440K), 0.0067517 secs] 549746K->4299K(2029056K), 0.0068053 secs] [Times: user=0.13 sys=0.00, real=0.01 secs] 
2020-09-29T13:03:11.606+0200: 0.618: [GC (Allocation Failure) 2020-09-29T13:03:11.606+0200: 0.618: [ParNew: 549643K->971K(613440K), 0.0020621 secs] 549643K->971K(2029056K), 0.0021142 secs] [Times: user=0.00 sys=0.00, real=0.00 secs] 
2020-09-29T13:03:11.688+0200: 0.701: [GC (Allocation Failure) 2020-09-29T13:03:11.688+0200: 0.701: [ParNew: 546315K->12613K(613440K), 0.0138241 secs] 546315K->12613K(2029056K), 0.0138841 secs] [Times: user=0.11 sys=0.00, real=0.01 secs] 
2020-09-29T13:03:11.798+0200: 0.810: [GC (Allocation Failure) 2020-09-29T13:03:11.798+0200: 0.810: [ParNew: 557957K->16835K(613440K), 0.0133382 secs] 557957K->16835K(2029056K), 0.0133983 secs] [Times: user=0.09 sys=0.02, real=0.01 secs] 
2020-09-29T13:03:11.900+0200: 0.912: [GC (Allocation Failure) 2020-09-29T13:03:11.900+0200: 0.912: [ParNew: 562179K->11763K(613440K), 0.0090009 secs] 562179K->11763K(2029056K), 0.0090813 secs] [Times: user=0.00 sys=0.00, real=0.01 secs] 
2020-09-29T13:03:11.987+0200: 0.999: [GC (Allocation Failure) 2020-09-29T13:03:11.987+0200: 0.999: [ParNew: 557107K->9593K(613440K), 0.0092283 secs] 557107K->9984K(2029056K), 0.0092829 secs] [Times: user=0.13 sys=0.00, real=0.01 secs] 
2020-09-29T13:03:12.076+0200: 1.088: [GC (Allocation Failure) 2020-09-29T13:03:12.076+0200: 1.088: [ParNew: 554937K->7664K(613440K), 0.0067611 secs] 555328K->8055K(2029056K), 0.0068170 secs] [Times: user=0.13 sys=0.00, real=0.01 secs] 
2020-09-29T13:03:12.162+0200: 1.174: [GC (Allocation Failure) 2020-09-29T13:03:12.162+0200: 1.174: [ParNew: 553008K->4628K(613440K), 0.0060878 secs] 553399K->5018K(2029056K), 0.0061417 secs] [Times: user=0.00 sys=0.00, real=0.01 secs] 
2020-09-29T13:03:12.248+0200: 1.260: [GC (Allocation Failure) 2020-09-29T13:03:12.248+0200: 1.260: [ParNew: 549972K->147K(613440K), 0.0021306 secs] 550362K->537K(2029056K), 0.0021824 secs] [Times: user=0.00 sys=0.00, real=0.00 secs] 
2020-09-29T13:03:12.330+0200: 1.343: [GC (Allocation Failure) 2020-09-29T13:03:12.330+0200: 1.343: [ParNew: 545491K->12226K(613440K), 0.0108774 secs] 545881K->12616K(2029056K), 0.0109347 secs] [Times: user=0.13 sys=0.00, real=0.01 secs] 
2020-09-29T13:03:12.424+0200: 1.436: [GC (Allocation Failure) 2020-09-29T13:03:12.424+0200: 1.436: [ParNew: 557570K->17290K(613440K), 0.0103448 secs] 557960K->17680K(2029056K), 0.0104003 secs] [Times: user=0.13 sys=0.00, real=0.01 secs] 
2020-09-29T13:03:12.513+0200: 1.525: [GC (Allocation Failure) 2020-09-29T13:03:12.513+0200: 1.525: [ParNew: 562634K->12231K(613440K), 0.0089903 secs] 563024K->12621K(2029056K), 0.0090434 secs] [Times: user=0.13 sys=0.00, real=0.01 secs] 
2020-09-29T13:03:12.599+0200: 1.611: [GC (Allocation Failure) 2020-09-29T13:03:12.599+0200: 1.611: [ParNew: 557575K->8411K(613440K), 0.0078904 secs] 557965K->8801K(2029056K), 0.0079438 secs] [Times: user=0.00 sys=0.00, real=0.01 secs] 
2020-09-29T13:03:12.684+0200: 1.696: [GC (Allocation Failure) 2020-09-29T13:03:12.684+0200: 1.696: [ParNew: 553755K->7464K(613440K), 0.0067270 secs] 554145K->7854K(2029056K), 0.0068160 secs] [Times: user=0.00 sys=0.00, real=0.01 secs] 
2020-09-29T13:03:12.767+0200: 1.780: [GC (Allocation Failure) 2020-09-29T13:03:12.768+0200: 1.780: [ParNew: 552808K->5985K(613440K), 0.0061508 secs] 553198K->6376K(2029056K), 0.0062152 secs] [Times: user=0.13 sys=0.00, real=0.01 secs] 
2020-09-29T13:03:12.850+0200: 1.862: [GC (Allocation Failure) 2020-09-29T13:03:12.850+0200: 1.862: [ParNew: 550697K->220K(613440K), 0.0014409 secs] 551088K->610K(2029056K), 0.0014895 secs] [Times: user=0.00 sys=0.00, real=0.00 secs] 
2020-09-29T13:03:12.930+0200: 1.942: [GC (Allocation Failure) 2020-09-29T13:03:12.930+0200: 1.942: [ParNew: 545564K->11964K(613440K), 0.0101419 secs] 545954K->12354K(2029056K), 0.0101947 secs] [Times: user=0.00 sys=0.00, real=0.01 secs] 
2020-09-29T13:03:13.016+0200: 2.028: [GC (Allocation Failure) 2020-09-29T13:03:13.016+0200: 2.028: [ParNew: 557308K->16923K(613440K), 0.0096428 secs] 557698K->17313K(2029056K), 0.0097146 secs] [Times: user=0.13 sys=0.00, real=0.01 secs] 
2020-09-29T13:03:13.106+0200: 2.118: [GC (Allocation Failure) 2020-09-29T13:03:13.106+0200: 2.118: [ParNew: 562267K->11920K(613440K), 0.0087130 secs] 562657K->12310K(2029056K), 0.0087679 secs] [Times: user=0.13 sys=0.00, real=0.01 secs] 
2020-09-29T13:03:13.194+0200: 2.205: [GC (Allocation Failure) 2020-09-29T13:03:13.194+0200: 2.205: [ParNew: 557264K->8094K(613440K), 0.0078337 secs] 557654K->8484K(2029056K), 0.0078917 secs] [Times: user=0.00 sys=0.00, real=0.01 secs] 
2020-09-29T13:03:13.281+0200: 2.293: [GC (Allocation Failure) 2020-09-29T13:03:13.281+0200: 2.293: [ParNew: 553438K->7105K(613440K), 0.0065354 secs] 553828K->7495K(2029056K), 0.0066058 secs] [Times: user=0.13 sys=0.00, real=0.01 secs] 
2020-09-29T13:03:13.368+0200: 2.380: [GC (Allocation Failure) 2020-09-29T13:03:13.368+0200: 2.380: [ParNew: 552449K->5596K(613440K), 0.0057354 secs] 552839K->5987K(2029056K), 0.0057898 secs] [Times: user=0.00 sys=0.00, real=0.00 secs] 
2020-09-29T13:03:13.454+0200: 2.466: [GC (Allocation Failure) 2020-09-29T13:03:13.454+0200: 2.466: [ParNew: 550940K->151K(613440K), 0.0015871 secs] 551331K->541K(2029056K), 0.0016388 secs] [Times: user=0.00 sys=0.00, real=0.00 secs] 
2020-09-29T13:03:13.537+0200: 2.549: [GC (Allocation Failure) 2020-09-29T13:03:13.537+0200: 2.549: [ParNew: 545495K->12217K(613440K), 0.0114242 secs] 545885K->12607K(2029056K), 0.0114792 secs] [Times: user=0.00 sys=0.00, real=0.01 secs] 
2020-09-29T13:03:13.628+0200: 2.640: [GC (Allocation Failure) 2020-09-29T13:03:13.628+0200: 2.640: [ParNew: 557561K->17295K(613440K), 0.0097783 secs] 557951K->17685K(2029056K), 0.0098345 secs] [Times: user=0.13 sys=0.00, real=0.01 secs] 
2020-09-29T13:03:13.718+0200: 2.730: [GC (Allocation Failure) 2020-09-29T13:03:13.718+0200: 2.730: [ParNew: 562639K->12228K(613440K), 0.0087906 secs] 563029K->12618K(2029056K), 0.0088448 secs] [Times: user=0.13 sys=0.00, real=0.01 secs] 
2020-09-29T13:03:13.806+0200: 2.818: [GC (Allocation Failure) 2020-09-29T13:03:13.806+0200: 2.818: [ParNew: 557572K->8526K(613440K), 0.0079275 secs] 557962K->8916K(2029056K), 0.0079808 secs] [Times: user=0.00 sys=0.00, real=0.01 secs] 
2020-09-29T13:03:13.890+0200: 2.902: [GC (Allocation Failure) 2020-09-29T13:03:13.890+0200: 2.902: [ParNew: 553870K->7605K(613440K), 0.0065947 secs] 554260K->7995K(2029056K), 0.0066489 secs] [Times: user=0.13 sys=0.00, real=0.01 secs] 
2020-09-29T13:03:13.974+0200: 2.986: [GC (Allocation Failure) 2020-09-29T13:03:13.974+0200: 2.986: [ParNew: 552949K->4556K(613440K), 0.0052692 secs] 553339K->4946K(2029056K), 0.0053248 secs] [Times: user=0.00 sys=0.00, real=0.01 secs] 
2020-09-29T13:03:14.057+0200: 3.069: [GC (Allocation Failure) 2020-09-29T13:03:14.057+0200: 3.069: [ParNew: 549900K->138K(613440K), 0.0015002 secs] 550290K->529K(2029056K), 0.0015520 secs] [Times: user=0.00 sys=0.00, real=0.00 secs] 
2020-09-29T13:03:14.137+0200: 3.149: [GC (Allocation Failure) 2020-09-29T13:03:14.137+0200: 3.149: [ParNew: 545482K->12236K(613440K), 0.0105973 secs] 545873K->12627K(2029056K), 0.0106534 secs] [Times: user=0.13 sys=0.00, real=0.01 secs] 
2020-09-29T13:03:14.225+0200: 3.237: [GC (Allocation Failure) 2020-09-29T13:03:14.225+0200: 3.237: [ParNew: 557580K->17300K(613440K), 0.0096735 secs] 557971K->17691K(2029056K), 0.0097290 secs] [Times: user=0.00 sys=0.00, real=0.01 secs] 
2020-09-29T13:03:14.313+0200: 3.325: [GC (Allocation Failure) 2020-09-29T13:03:14.313+0200: 3.325: [ParNew: 562644K->12230K(613440K), 0.0088403 secs] 563035K->12620K(2029056K), 0.0088965 secs] [Times: user=0.13 sys=0.00, real=0.01 secs] 
2020-09-29T13:03:14.399+0200: 3.410: [GC (Allocation Failure) 2020-09-29T13:03:14.399+0200: 3.410: [ParNew: 557574K->8405K(613440K), 0.0074675 secs] 557964K->8796K(2029056K), 0.0075241 secs] [Times: user=0.00 sys=0.00, real=0.01 secs] 
2020-09-29T13:03:14.486+0200: 3.498: [GC (Allocation Failure) 2020-09-29T13:03:14.486+0200: 3.498: [ParNew: 553749K->7436K(613440K), 0.0067408 secs] 554140K->7826K(2029056K), 0.0067958 secs] [Times: user=0.13 sys=0.00, real=0.01 secs] 
2020-09-29T13:03:14.573+0200: 3.585: [GC (Allocation Failure) 2020-09-29T13:03:14.573+0200: 3.585: [ParNew: 552780K->4531K(613440K), 0.0054474 secs] 553170K->4922K(2029056K), 0.0055058 secs] [Times: user=0.00 sys=0.00, real=0.01 secs] 
2020-09-29T13:03:14.660+0200: 3.672: [GC (Allocation Failure) 2020-09-29T13:03:14.660+0200: 3.672: [ParNew: 549875K->136K(613440K), 0.0014888 secs] 550266K->526K(2029056K), 0.0015407 secs] [Times: user=0.13 sys=0.00, real=0.00 secs] 
2020-09-29T13:03:14.738+0200: 3.750: [GC (Allocation Failure) 2020-09-29T13:03:14.738+0200: 3.750: [ParNew: 545480K->12264K(613440K), 0.0103650 secs] 545870K->12654K(2029056K), 0.0104487 secs] [Times: user=0.02 sys=0.02, real=0.01 secs] 
2020-09-29T13:03:14.828+0200: 3.840: [GC (Allocation Failure) 2020-09-29T13:03:14.828+0200: 3.840: [ParNew: 557608K->17303K(613440K), 0.0095947 secs] 557998K->17693K(2029056K), 0.0096484 secs] [Times: user=0.13 sys=0.00, real=0.01 secs] 
2020-09-29T13:03:14.913+0200: 3.925: [GC (Allocation Failure) 2020-09-29T13:03:14.913+0200: 3.925: [ParNew: 562647K->11890K(613440K), 0.0083115 secs] 563037K->12280K(2029056K), 0.0084020 secs] [Times: user=0.00 sys=0.00, real=0.01 secs] 
2020-09-29T13:03:14.999+0200: 4.011: [GC (Allocation Failure) 2020-09-29T13:03:14.999+0200: 4.011: [ParNew: 557234K->7765K(613440K), 0.0073329 secs] 557624K->8155K(2029056K), 0.0073890 secs] [Times: user=0.13 sys=0.00, real=0.01 secs] 
2020-09-29T13:03:15.086+0200: 4.097: [GC (Allocation Failure) 2020-09-29T13:03:15.086+0200: 4.097: [ParNew: 553109K->6636K(613440K), 0.0062713 secs] 553499K->7027K(2029056K), 0.0063452 secs] [Times: user=0.00 sys=0.00, real=0.01 secs] 
2020-09-29T13:03:15.169+0200: 4.181: [GC (Allocation Failure) 2020-09-29T13:03:15.169+0200: 4.181: [ParNew: 551980K->3814K(613440K), 0.0050550 secs] 552371K->4204K(2029056K), 0.0051063 secs] [Times: user=0.00 sys=0.00, real=0.01 secs] 
2020-09-29T13:03:15.250+0200: 4.262: [GC (Allocation Failure) 2020-09-29T13:03:15.250+0200: 4.262: [ParNew: 549158K->71K(613440K), 0.0016915 secs] 549548K->461K(2029056K), 0.0017412 secs] [Times: user=0.00 sys=0.00, real=0.00 secs] 
2020-09-29T13:03:15.335+0200: 4.346: [GC (Allocation Failure) 2020-09-29T13:03:15.335+0200: 4.346: [ParNew: 545415K->12084K(613440K), 0.0108220 secs] 545805K->12474K(2029056K), 0.0108773 secs] [Times: user=0.00 sys=0.00, real=0.01 secs] 
2020-09-29T13:03:15.425+0200: 4.437: [GC (Allocation Failure) 2020-09-29T13:03:15.425+0200: 4.437: [ParNew: 557428K->17116K(613440K), 0.0095993 secs] 557818K->17506K(2029056K), 0.0096538 secs] [Times: user=0.13 sys=0.00, real=0.01 secs] 
2020-09-29T13:03:15.519+0200: 4.531: [GC (Allocation Failure) 2020-09-29T13:03:15.519+0200: 4.531: [ParNew: 562460K->12047K(613440K), 0.0085925 secs] 562850K->12437K(2029056K), 0.0086840 secs] [Times: user=0.11 sys=0.02, real=0.01 secs] 
2020-09-29T13:03:15.604+0200: 4.616: [GC (Allocation Failure) 2020-09-29T13:03:15.604+0200: 4.616: [ParNew: 557391K->8016K(613440K), 0.0071510 secs] 557781K->8406K(2029056K), 0.0072251 secs] [Times: user=0.00 sys=0.00, real=0.01 secs] 
2020-09-29T13:03:15.687+0200: 4.699: [GC (Allocation Failure) 2020-09-29T13:03:15.687+0200: 4.699: [ParNew: 553360K->6733K(613440K), 0.0062050 secs] 553750K->7123K(2029056K), 0.0062646 secs] [Times: user=0.13 sys=0.00, real=0.01 secs] 
2020-09-29T13:03:15.769+0200: 4.781: [GC (Allocation Failure) 2020-09-29T13:03:15.769+0200: 4.781: [ParNew: 550178K->273K(613440K), 0.0015608 secs] 550569K->664K(2029056K), 0.0016116 secs] [Times: user=0.13 sys=0.00, real=0.00 secs] 
2020-09-29T13:03:15.850+0200: 4.862: [GC (Allocation Failure) 2020-09-29T13:03:15.850+0200: 4.862: [ParNew: 545617K->12225K(613440K), 0.0104991 secs] 546008K->12616K(2029056K), 0.0105749 secs] [Times: user=0.00 sys=0.00, real=0.01 secs] 
2020-09-29T13:03:15.939+0200: 4.951: [GC (Allocation Failure) 2020-09-29T13:03:15.940+0200: 4.951: [ParNew: 557569K->16240K(613440K), 0.0100570 secs] 557960K->16630K(2029056K), 0.0101366 secs] [Times: user=0.11 sys=0.00, real=0.01 secs] 
2020-09-29T13:03:16.027+0200: 5.039: [GC (Allocation Failure) 2020-09-29T13:03:16.027+0200: 5.039: [ParNew: 561584K->12063K(613440K), 0.0084835 secs] 561974K->12454K(2029056K), 0.0085409 secs] [Times: user=0.00 sys=0.03, real=0.01 secs] 
2020-09-29T13:03:16.113+0200: 5.125: [GC (Allocation Failure) 2020-09-29T13:03:16.113+0200: 5.125: [ParNew: 557407K->8264K(613440K), 0.0076030 secs] 557798K->8654K(2029056K), 0.0076575 secs] [Times: user=0.13 sys=0.00, real=0.01 secs] 
2020-09-29T13:03:16.196+0200: 5.208: [GC (Allocation Failure) 2020-09-29T13:03:16.196+0200: 5.208: [ParNew: 553608K->7375K(613440K), 0.0067894 secs] 553998K->7765K(2029056K), 0.0068441 secs] [Times: user=0.00 sys=0.00, real=0.01 secs] 
2020-09-29T13:03:16.281+0200: 5.293: [GC (Allocation Failure) 2020-09-29T13:03:16.281+0200: 5.293: [ParNew: 552719K->5828K(613440K), 0.0057081 secs] 553109K->6219K(2029056K), 0.0057625 secs] [Times: user=0.13 sys=0.00, real=0.01 secs] 
2020-09-29T13:03:16.366+0200: 5.378: [GC (Allocation Failure) 2020-09-29T13:03:16.366+0200: 5.378: [ParNew: 551172K->168K(613440K), 0.0019526 secs] 551563K->558K(2029056K), 0.0020033 secs] [Times: user=0.00 sys=0.00, real=0.00 secs] 
2020-09-29T13:03:16.463+0200: 5.475: [GC (Allocation Failure) 2020-09-29T13:03:16.463+0200: 5.475: [ParNew: 545512K->12331K(613440K), 0.0117369 secs] 545902K->12721K(2029056K), 0.0117935 secs] [Times: user=0.13 sys=0.00, real=0.01 secs] 
2020-09-29T13:03:16.559+0200: 5.571: [GC (Allocation Failure) 2020-09-29T13:03:16.559+0200: 5.571: [ParNew: 557675K->17399K(613440K), 0.0096094 secs] 558065K->17789K(2029056K), 0.0097061 secs] [Times: user=0.13 sys=0.00, real=0.01 secs] 
2020-09-29T13:03:16.649+0200: 5.661: [GC (Allocation Failure) 2020-09-29T13:03:16.649+0200: 5.661: [ParNew: 562743K->12126K(613440K), 0.0085009 secs] 563133K->12516K(2029056K), 0.0085739 secs] [Times: user=0.00 sys=0.00, real=0.01 secs] 
2020-09-29T13:03:16.733+0200: 5.745: [GC (Allocation Failure) 2020-09-29T13:03:16.733+0200: 5.745: [ParNew: 557470K->8156K(613440K), 0.0075963 secs] 557860K->8547K(2029056K), 0.0076533 secs] [Times: user=0.13 sys=0.00, real=0.01 secs] 
2020-09-29T13:03:16.820+0200: 5.832: [GC (Allocation Failure) 2020-09-29T13:03:16.820+0200: 5.832: [ParNew: 553500K->7129K(613440K), 0.0065664 secs] 553891K->7520K(2029056K), 0.0066218 secs] [Times: user=0.00 sys=0.00, real=0.01 secs] 
2020-09-29T13:03:16.907+0200: 5.918: [GC (Allocation Failure) 2020-09-29T13:03:16.907+0200: 5.918: [ParNew: 552473K->4294K(613440K), 0.0049158 secs] 552864K->4684K(2029056K), 0.0049908 secs] [Times: user=0.13 sys=0.00, real=0.00 secs] 
2020-09-29T13:03:16.990+0200: 6.001: [GC (Allocation Failure) 2020-09-29T13:03:16.990+0200: 6.001: [ParNew: 549638K->90K(613440K), 0.0015298 secs] 550028K->480K(2029056K), 0.0015799 secs] [Times: user=0.00 sys=0.00, real=0.00 secs] 
2020-09-29T13:03:17.068+0200: 6.080: [GC (Allocation Failure) 2020-09-29T13:03:17.068+0200: 6.080: [ParNew: 545434K->11756K(613440K), 0.0105157 secs] 545824K->12146K(2029056K), 0.0105777 secs] [Times: user=0.00 sys=0.00, real=0.01 secs] 
2020-09-29T13:03:17.157+0200: 6.170: [GC (Allocation Failure) 2020-09-29T13:03:17.157+0200: 6.170: [ParNew: 557100K->15719K(613440K), 0.0099328 secs] 557490K->16109K(2029056K), 0.0100068 secs] [Times: user=0.08 sys=0.00, real=0.01 secs] 
2020-09-29T13:03:17.245+0200: 6.258: [GC (Allocation Failure) 2020-09-29T13:03:17.245+0200: 6.258: [ParNew: 561063K->11610K(613440K), 0.0084148 secs] 561453K->12000K(2029056K), 0.0084982 secs] [Times: user=0.00 sys=0.00, real=0.01 secs] 
2020-09-29T13:03:17.334+0200: 6.347: [GC (Allocation Failure) 2020-09-29T13:03:17.334+0200: 6.347: [ParNew: 556954K->7916K(613440K), 0.0077400 secs] 557344K->8306K(2029056K), 0.0077934 secs] [Times: user=0.00 sys=0.00, real=0.01 secs] 
2020-09-29T13:03:17.422+0200: 6.434: [GC (Allocation Failure) 2020-09-29T13:03:17.422+0200: 6.434: [ParNew: 553260K->7037K(613440K), 0.0064669 secs] 553650K->7427K(2029056K), 0.0065226 secs] [Times: user=0.13 sys=0.00, real=0.01 secs] 
2020-09-29T13:03:17.505+0200: 6.517: [GC (Allocation Failure) 2020-09-29T13:03:17.505+0200: 6.517: [ParNew: 552381K->5085K(613440K), 0.0056149 secs] 552771K->5475K(2029056K), 0.0056683 secs] [Times: user=0.00 sys=0.00, real=0.01 secs] 
2020-09-29T13:03:17.593+0200: 6.605: [GC (Allocation Failure) 2020-09-29T13:03:17.593+0200: 6.606: [ParNew: 550429K->184K(613440K), 0.0017599 secs] 550819K->574K(2029056K), 0.0018133 secs] [Times: user=0.00 sys=0.00, real=0.00 secs] 
2020-09-29T13:03:17.674+0200: 6.686: [GC (Allocation Failure) 2020-09-29T13:03:17.674+0200: 6.686: [ParNew: 545528K->12317K(613440K), 0.0106998 secs] 545918K->12707K(2029056K), 0.0107552 secs] [Times: user=0.13 sys=0.00, real=0.01 secs] 
2020-09-29T13:03:17.763+0200: 6.775: [GC (Allocation Failure) 2020-09-29T13:03:17.763+0200: 6.775: [ParNew: 557661K->15429K(613440K), 0.0096655 secs] 558051K->15819K(2029056K), 0.0097199 secs] [Times: user=0.13 sys=0.00, real=0.01 secs] 
2020-09-29T13:03:17.850+0200: 6.863: [GC (Allocation Failure) 2020-09-29T13:03:17.850+0200: 6.863: [ParNew: 560773K->9978K(613440K), 0.0081371 secs] 561163K->10368K(2029056K), 0.0081930 secs] [Times: user=0.00 sys=0.00, real=0.01 secs] 
2020-09-29T13:03:17.936+0200: 6.948: [GC (Allocation Failure) 2020-09-29T13:03:17.936+0200: 6.949: [ParNew: 555322K->8530K(613440K), 0.0070341 secs] 555712K->8920K(2029056K), 0.0070872 secs] [Times: user=0.13 sys=0.00, real=0.01 secs] 
2020-09-29T13:03:18.021+0200: 7.033: [GC (Allocation Failure) 2020-09-29T13:03:18.021+0200: 7.033: [ParNew: 553874K->6828K(613440K), 0.0062774 secs] 554264K->7218K(2029056K), 0.0063322 secs] [Times: user=0.00 sys=0.00, real=0.01 secs] 
2020-09-29T13:03:18.105+0200: 7.118: [GC (Allocation Failure) 2020-09-29T13:03:18.105+0200: 7.118: [ParNew: 552172K->4128K(613440K), 0.0046942 secs] 552562K->4518K(2029056K), 0.0047604 secs] [Times: user=0.00 sys=0.00, real=0.00 secs] 
2020-09-29T13:03:18.186+0200: 7.199: [GC (Allocation Failure) 2020-09-29T13:03:18.186+0200: 7.199: [ParNew: 549472K->72K(613440K), 0.0018263 secs] 549862K->462K(2029056K), 0.0018767 secs] [Times: user=0.00 sys=0.00, real=0.00 secs] 
2020-09-29T13:03:18.266+0200: 7.278: [GC (Allocation Failure) 2020-09-29T13:03:18.266+0200: 7.278: [ParNew: 545416K->12101K(613440K), 0.0110040 secs] 545806K->12491K(2029056K), 0.0110643 secs] [Times: user=0.11 sys=0.00, real=0.01 secs] 
2020-09-29T13:03:18.354+0200: 7.367: [GC (Allocation Failure) 2020-09-29T13:03:18.354+0200: 7.367: [ParNew: 557445K->17119K(613440K), 0.0095676 secs] 557835K->17509K(2029056K), 0.0096221 secs] [Times: user=0.13 sys=0.00, real=0.01 secs] 
2020-09-29T13:03:18.442+0200: 7.454: [GC (Allocation Failure) 2020-09-29T13:03:18.442+0200: 7.454: [ParNew: 562463K->12048K(613440K), 0.0085078 secs] 562853K->12438K(2029056K), 0.0085882 secs] [Times: user=0.00 sys=0.00, real=0.01 secs] 
2020-09-29T13:03:18.528+0200: 7.540: [GC (Allocation Failure) 2020-09-29T13:03:18.528+0200: 7.541: [ParNew: 557392K->7259K(613440K), 0.0073988 secs] 557782K->7649K(2029056K), 0.0074533 secs] [Times: user=0.11 sys=0.00, real=0.01 secs] 
2020-09-29T13:03:18.615+0200: 7.627: [GC (Allocation Failure) 2020-09-29T13:03:18.615+0200: 7.627: [ParNew: 552603K->6734K(613440K), 0.0060590 secs] 552993K->7124K(2029056K), 0.0061193 secs] [Times: user=0.00 sys=0.00, real=0.01 secs] 
2020-09-29T13:03:18.698+0200: 7.710: [GC (Allocation Failure) 2020-09-29T13:03:18.698+0200: 7.710: [ParNew: 550178K->273K(613440K), 0.0016916 secs] 550569K->664K(2029056K), 0.0017430 secs] [Times: user=0.00 sys=0.00, real=0.00 secs] 
2020-09-29T13:03:18.779+0200: 7.791: [GC (Allocation Failure) 2020-09-29T13:03:18.779+0200: 7.791: [ParNew: 545617K->12157K(613440K), 0.0119448 secs] 546008K->12547K(2029056K), 0.0120079 secs] [Times: user=0.13 sys=0.00, real=0.01 secs] 
2020-09-29T13:03:18.881+0200: 7.894: [GC (Allocation Failure) 2020-09-29T13:03:18.881+0200: 7.894: [ParNew: 557501K->15288K(613440K), 0.0107691 secs] 557891K->15678K(2029056K), 0.0108260 secs] [Times: user=0.00 sys=0.00, real=0.01 secs] 
2020-09-29T13:03:18.988+0200: 8.000: [GC (Allocation Failure) 2020-09-29T13:03:18.988+0200: 8.000: [ParNew: 560632K->10158K(613440K), 0.0088399 secs] 561022K->10549K(2029056K), 0.0088970 secs] [Times: user=0.11 sys=0.00, real=0.01 secs] 
2020-09-29T13:03:19.086+0200: 8.099: [GC (Allocation Failure) 2020-09-29T13:03:19.086+0200: 8.099: [ParNew: 555502K->9051K(613440K), 0.0084722 secs] 555893K->9442K(2029056K), 0.0085290 secs] [Times: user=0.00 sys=0.00, real=0.01 secs] 
2020-09-29T13:03:19.172+0200: 8.185: [GC (Allocation Failure) 2020-09-29T13:03:19.173+0200: 8.185: [ParNew: 554395K->6870K(613440K), 0.0067901 secs] 554786K->7260K(2029056K), 0.0068922 secs] [Times: user=0.11 sys=0.00, real=0.01 secs] 
2020-09-29T13:03:19.257+0200: 8.270: [GC (Allocation Failure) 2020-09-29T13:03:19.257+0200: 8.270: [ParNew: 552214K->5878K(613440K), 0.0056891 secs] 552604K->6268K(2029056K), 0.0057594 secs] [Times: user=0.00 sys=0.00, real=0.01 secs] 
2020-09-29T13:03:19.354+0200: 8.366: [GC (Allocation Failure) 2020-09-29T13:03:19.354+0200: 8.366: [ParNew: 551222K->170K(613440K), 0.0019334 secs] 551612K->560K(2029056K), 0.0019886 secs] [Times: user=0.00 sys=0.00, real=0.00 secs] 
2020-09-29T13:03:19.442+0200: 8.455: [GC (Allocation Failure) 2020-09-29T13:03:19.442+0200: 8.455: [ParNew: 545514K->12297K(613440K), 0.0108640 secs] 545904K->12687K(2029056K), 0.0109300 secs] [Times: user=0.00 sys=0.00, real=0.01 secs] 
2020-09-29T13:03:19.535+0200: 8.547: [GC (Allocation Failure) 2020-09-29T13:03:19.535+0200: 8.547: [ParNew: 557641K->17401K(613440K), 0.0098260 secs] 558031K->17791K(2029056K), 0.0098833 secs] [Times: user=0.00 sys=0.00, real=0.01 secs] 
2020-09-29T13:03:19.629+0200: 8.641: [GC (Allocation Failure) 2020-09-29T13:03:19.629+0200: 8.641: [ParNew: 562745K->12127K(613440K), 0.0086027 secs] 563135K->12517K(2029056K), 0.0086587 secs] [Times: user=0.00 sys=0.00, real=0.01 secs] 
2020-09-29T13:03:19.715+0200: 8.727: [GC (Allocation Failure) 2020-09-29T13:03:19.715+0200: 8.727: [ParNew: 557471K->8156K(613440K), 0.0073273 secs] 557861K->8547K(2029056K), 0.0074149 secs] [Times: user=0.00 sys=0.00, real=0.01 secs] 
2020-09-29T13:03:19.799+0200: 8.811: [GC (Allocation Failure) 2020-09-29T13:03:19.799+0200: 8.811: [ParNew: 553500K->7129K(613440K), 0.0063138 secs] 553891K->7520K(2029056K), 0.0063680 secs] [Times: user=0.13 sys=0.00, real=0.01 secs] 
2020-09-29T13:03:19.881+0200: 8.894: [GC (Allocation Failure) 2020-09-29T13:03:19.881+0200: 8.894: [ParNew: 552473K->4294K(613440K), 0.0051038 secs] 552864K->4684K(2029056K), 0.0051615 secs] [Times: user=0.00 sys=0.00, real=0.01 secs] 
2020-09-29T13:03:19.966+0200: 8.978: [GC (Allocation Failure) 2020-09-29T13:03:19.966+0200: 8.978: [ParNew: 549638K->90K(613440K), 0.0015898 secs] 550028K->480K(2029056K), 0.0016391 secs] [Times: user=0.00 sys=0.00, real=0.00 secs] 
2020-09-29T13:03:20.044+0200: 9.056: [GC (Allocation Failure) 2020-09-29T13:03:20.044+0200: 9.056: [ParNew: 545434K->11733K(613440K), 0.0102959 secs] 545824K->12124K(2029056K), 0.0103525 secs] [Times: user=0.13 sys=0.00, real=0.01 secs] 
2020-09-29T13:03:20.133+0200: 9.145: [GC (Allocation Failure) 2020-09-29T13:03:20.133+0200: 9.145: [ParNew: 557077K->16637K(613440K), 0.0093503 secs] 557468K->17027K(2029056K), 0.0094037 secs] [Times: user=0.00 sys=0.00, real=0.01 secs] 
2020-09-29T13:03:20.218+0200: 9.230: [GC (Allocation Failure) 2020-09-29T13:03:20.218+0200: 9.231: [ParNew: 561981K->11610K(613440K), 0.0085933 secs] 562371K->12000K(2029056K), 0.0086498 secs] [Times: user=0.13 sys=0.00, real=0.01 secs] 
2020-09-29T13:03:20.304+0200: 9.316: [GC (Allocation Failure) 2020-09-29T13:03:20.304+0200: 9.316: [ParNew: 556954K->7916K(613440K), 0.0076875 secs] 557344K->8306K(2029056K), 0.0077441 secs] [Times: user=0.00 sys=0.00, real=0.01 secs] 
2020-09-29T13:03:20.391+0200: 9.403: [GC (Allocation Failure) 2020-09-29T13:03:20.391+0200: 9.403: [ParNew: 553260K->7037K(613440K), 0.0064151 secs] 553650K->7427K(2029056K), 0.0064699 secs] [Times: user=0.13 sys=0.00, real=0.01 secs] 
2020-09-29T13:03:20.476+0200: 9.488: [GC (Allocation Failure) 2020-09-29T13:03:20.476+0200: 9.488: [ParNew: 552381K->5533K(613440K), 0.0057623 secs] 552771K->5923K(2029056K), 0.0058171 secs] [Times: user=0.00 sys=0.00, real=0.01 secs] 
2020-09-29T13:03:20.564+0200: 9.576: [GC (Allocation Failure) 2020-09-29T13:03:20.564+0200: 9.576: [ParNew: 550877K->184K(613440K), 0.0020658 secs] 551267K->574K(2029056K), 0.0021138 secs] [Times: user=0.00 sys=0.00, real=0.00 secs] 
2020-09-29T13:03:20.652+0200: 9.664: [GC (Allocation Failure) 2020-09-29T13:03:20.652+0200: 9.664: [ParNew: 545528K->12317K(613440K), 0.0104898 secs] 545918K->12707K(2029056K), 0.0105701 secs] [Times: user=0.13 sys=0.00, real=0.01 secs] 
2020-09-29T13:03:20.740+0200: 9.752: [GC (Allocation Failure) 2020-09-29T13:03:20.740+0200: 9.752: [ParNew: 557661K->17354K(613440K), 0.0093639 secs] 558051K->17744K(2029056K), 0.0095077 secs] [Times: user=0.00 sys=0.00, real=0.01 secs] 
2020-09-29T13:03:20.843+0200: 9.856: [GC (Allocation Failure) 2020-09-29T13:03:20.843+0200: 9.856: [ParNew: 562698K->11903K(613440K), 0.0092427 secs] 563088K->12294K(2029056K), 0.0092953 secs] [Times: user=0.13 sys=0.00, real=0.01 secs] 
2020-09-29T13:03:20.930+0200: 9.942: [GC (Allocation Failure) 2020-09-29T13:03:20.930+0200: 9.942: [ParNew: 557247K->7768K(613440K), 0.0073718 secs] 557638K->8158K(2029056K), 0.0074278 secs] [Times: user=0.00 sys=0.00, real=0.01 secs] 
2020-09-29T13:03:21.017+0200: 10.029: [GC (Allocation Failure) 2020-09-29T13:03:21.017+0200: 10.029: [ParNew: 553112K->6638K(613440K), 0.0059967 secs] 553502K->7028K(2029056K), 0.0060514 secs] [Times: user=0.13 sys=0.00, real=0.01 secs] 
2020-09-29T13:03:21.101+0200: 10.113: [GC (Allocation Failure) 2020-09-29T13:03:21.101+0200: 10.113: [ParNew: 551982K->4080K(613440K), 0.0048851 secs] 552372K->4470K(2029056K), 0.0049388 secs] [Times: user=0.00 sys=0.00, real=0.00 secs] 
2020-09-29T13:03:21.182+0200: 10.194: [GC (Allocation Failure) 2020-09-29T13:03:21.182+0200: 10.194: [ParNew: 549424K->71K(613440K), 0.0020670 secs] 549814K->461K(2029056K), 0.0021153 secs] [Times: user=0.00 sys=0.00, real=0.00 secs] 
2020-09-29T13:03:21.261+0200: 10.272: [GC (Allocation Failure) 2020-09-29T13:03:21.261+0200: 10.272: [ParNew: 545415K->12088K(613440K), 0.0106457 secs] 545805K->12478K(2029056K), 0.0107040 secs] [Times: user=0.13 sys=0.00, real=0.01 secs] 
2020-09-29T13:03:21.356+0200: 10.368: [GC (Allocation Failure) 2020-09-29T13:03:21.356+0200: 10.368: [ParNew: 557432K->16169K(613440K), 0.0102961 secs] 557822K->16560K(2029056K), 0.0103528 secs] [Times: user=0.13 sys=0.00, real=0.01 secs] 
2020-09-29T13:03:21.446+0200: 10.458: [GC (Allocation Failure) 2020-09-29T13:03:21.446+0200: 10.458: [ParNew: 561513K->12047K(613440K), 0.0083731 secs] 561904K->12437K(2029056K), 0.0084302 secs] [Times: user=0.00 sys=0.00, real=0.01 secs] 
2020-09-29T13:03:21.530+0200: 10.542: [GC (Allocation Failure) 2020-09-29T13:03:21.530+0200: 10.542: [ParNew: 557391K->8017K(613440K), 0.0074879 secs] 557781K->8407K(2029056K), 0.0075428 secs] [Times: user=0.13 sys=0.00, real=0.01 secs] 
2020-09-29T13:03:21.619+0200: 10.631: [GC (Allocation Failure) 2020-09-29T13:03:21.619+0200: 10.631: [ParNew: 553361K->6734K(613440K), 0.0066468 secs] 553751K->7124K(2029056K), 0.0067029 secs] [Times: user=0.00 sys=0.00, real=0.01 secs] 
2020-09-29T13:03:21.702+0200: 10.714: [GC (Allocation Failure) 2020-09-29T13:03:21.702+0200: 10.714: [ParNew: 550178K->273K(613440K), 0.0014313 secs] 550569K->664K(2029056K), 0.0014989 secs] [Times: user=0.00 sys=0.00, real=0.00 secs] 
2020-09-29T13:03:21.780+0200: 10.791: [GC (Allocation Failure) 2020-09-29T13:03:21.780+0200: 10.792: [ParNew: 545617K->12157K(613440K), 0.0105950 secs] 546008K->12547K(2029056K), 0.0106529 secs] [Times: user=0.13 sys=0.00, real=0.01 secs] 
2020-09-29T13:03:21.868+0200: 10.880: [GC (Allocation Failure) 2020-09-29T13:03:21.868+0200: 10.880: [ParNew: 557501K->17193K(613440K), 0.0095297 secs] 557891K->17583K(2029056K), 0.0096461 secs] [Times: user=0.00 sys=0.00, real=0.01 secs] 
2020-09-29T13:03:21.956+0200: 10.968: [GC (Allocation Failure) 2020-09-29T13:03:21.956+0200: 10.968: [ParNew: 562537K->11431K(613440K), 0.0086423 secs] 562927K->11822K(2029056K), 0.0086975 secs] [Times: user=0.11 sys=0.00, real=0.01 secs] 
2020-09-29T13:03:22.045+0200: 11.057: [GC (Allocation Failure) 2020-09-29T13:03:22.045+0200: 11.057: [ParNew: 556775K->8264K(613440K), 0.0076818 secs] 557166K->8654K(2029056K), 0.0077387 secs] [Times: user=0.13 sys=0.00, real=0.01 secs] 
2020-09-29T13:03:22.130+0200: 11.142: [GC (Allocation Failure) 2020-09-29T13:03:22.130+0200: 11.142: [ParNew: 553608K->7375K(613440K), 0.0068314 secs] 553998K->7765K(2029056K), 0.0068832 secs] [Times: user=0.00 sys=0.00, real=0.01 secs] 
2020-09-29T13:03:22.213+0200: 11.225: [GC (Allocation Failure) 2020-09-29T13:03:22.213+0200: 11.225: [ParNew: 552719K->5828K(613440K), 0.0058050 secs] 553109K->6219K(2029056K), 0.0058592 secs] [Times: user=0.00 sys=0.00, real=0.01 secs] 
2020-09-29T13:03:22.298+0200: 11.310: [GC (Allocation Failure) 2020-09-29T13:03:22.298+0200: 11.310: [ParNew: 551172K->168K(613440K), 0.0015148 secs] 551563K->558K(2029056K), 0.0015678 secs] [Times: user=0.00 sys=0.00, real=0.00 secs] 
2020-09-29T13:03:22.379+0200: 11.391: [GC (Allocation Failure) 2020-09-29T13:03:22.379+0200: 11.391: [ParNew: 545512K->12289K(613440K), 0.0105117 secs] 545902K->12679K(2029056K), 0.0105669 secs] [Times: user=0.13 sys=0.00, real=0.01 secs] 
2020-09-29T13:03:22.468+0200: 11.480: [GC (Allocation Failure) 2020-09-29T13:03:22.468+0200: 11.480: [ParNew: 557633K->17399K(613440K), 0.0097837 secs] 558023K->17789K(2029056K), 0.0098377 secs] [Times: user=0.13 sys=0.00, real=0.01 secs] 
2020-09-29T13:03:22.557+0200: 11.569: [GC (Allocation Failure) 2020-09-29T13:03:22.557+0200: 11.569: [ParNew: 562743K->12126K(613440K), 0.0084192 secs] 563133K->12516K(2029056K), 0.0085065 secs] [Times: user=0.00 sys=0.00, real=0.01 secs] 
2020-09-29T13:03:22.652+0200: 11.664: [GC (Allocation Failure) 2020-09-29T13:03:22.652+0200: 11.664: [ParNew: 557470K->8156K(613440K), 0.0080313 secs] 557860K->8547K(2029056K), 0.0080877 secs] [Times: user=0.00 sys=0.00, real=0.01 secs] 
2020-09-29T13:03:22.741+0200: 11.753: [GC (Allocation Failure) 2020-09-29T13:03:22.741+0200: 11.753: [ParNew: 553500K->7129K(613440K), 0.0064781 secs] 553891K->7520K(2029056K), 0.0065350 secs] [Times: user=0.00 sys=0.00, real=0.01 secs] 
2020-09-29T13:03:22.828+0200: 11.840: [GC (Allocation Failure) 2020-09-29T13:03:22.828+0200: 11.840: [ParNew: 552473K->4294K(613440K), 0.0054278 secs] 552864K->4684K(2029056K), 0.0054810 secs] [Times: user=0.13 sys=0.00, real=0.00 secs] 
2020-09-29T13:03:22.912+0200: 11.925: [GC (Allocation Failure) 2020-09-29T13:03:22.912+0200: 11.925: [ParNew: 549638K->90K(613440K), 0.0017663 secs] 550028K->480K(2029056K), 0.0018171 secs] [Times: user=0.00 sys=0.00, real=0.00 secs] 
2020-09-29T13:03:22.994+0200: 12.006: [GC (Allocation Failure) 2020-09-29T13:03:22.994+0200: 12.006: [ParNew: 545434K->11801K(613440K), 0.0101113 secs] 545824K->12192K(2029056K), 0.0101710 secs] [Times: user=0.13 sys=0.00, real=0.01 secs] 
2020-09-29T13:03:23.083+0200: 12.095: [GC (Allocation Failure) 2020-09-29T13:03:23.083+0200: 12.095: [ParNew: 557145K->16637K(613440K), 0.0096846 secs] 557536K->17027K(2029056K), 0.0097407 secs] [Times: user=0.00 sys=0.00, real=0.01 secs] 
2020-09-29T13:03:23.170+0200: 12.182: [GC (Allocation Failure) 2020-09-29T13:03:23.170+0200: 12.182: [ParNew: 561981K->11610K(613440K), 0.0082545 secs] 562371K->12000K(2029056K), 0.0083459 secs] [Times: user=0.13 sys=0.00, real=0.01 secs] 
2020-09-29T13:03:23.256+0200: 12.269: [GC (Allocation Failure) 2020-09-29T13:03:23.256+0200: 12.269: [ParNew: 556954K->7916K(613440K), 0.0075809 secs] 557344K->8306K(2029056K), 0.0076373 secs] [Times: user=0.00 sys=0.00, real=0.01 secs] 
2020-09-29T13:03:23.343+0200: 12.355: [GC (Allocation Failure) 2020-09-29T13:03:23.343+0200: 12.355: [ParNew: 553260K->7037K(613440K), 0.0064068 secs] 553650K->7427K(2029056K), 0.0064928 secs] [Times: user=0.13 sys=0.00, real=0.01 secs] 
2020-09-29T13:03:23.428+0200: 12.440: [GC (Allocation Failure) 2020-09-29T13:03:23.428+0200: 12.440: [ParNew: 552381K->5533K(613440K), 0.0057469 secs] 552771K->5923K(2029056K), 0.0058000 secs] [Times: user=0.00 sys=0.00, real=0.01 secs] 
2020-09-29T13:03:23.512+0200: 12.524: [GC (Allocation Failure) 2020-09-29T13:03:23.512+0200: 12.524: [ParNew: 550877K->184K(613440K), 0.0018961 secs] 551267K->574K(2029056K), 0.0019462 secs] [Times: user=0.00 sys=0.00, real=0.00 secs] 
2020-09-29T13:03:23.592+0200: 12.604: [GC (Allocation Failure) 2020-09-29T13:03:23.592+0200: 12.604: [ParNew: 545528K->12271K(613440K), 0.0106429 secs] 545918K->12661K(2029056K), 0.0107434 secs] [Times: user=0.13 sys=0.00, real=0.01 secs] 
2020-09-29T13:03:23.682+0200: 12.693: [GC (Allocation Failure) 2020-09-29T13:03:23.682+0200: 12.693: [ParNew: 557615K->17354K(613440K), 0.0093775 secs] 558005K->17744K(2029056K), 0.0094684 secs] [Times: user=0.00 sys=0.00, real=0.01 secs] 
2020-09-29T13:03:23.768+0200: 12.780: [GC (Allocation Failure) 2020-09-29T13:03:23.769+0200: 12.780: [ParNew: 562698K->11903K(613440K), 0.0083544 secs] 563088K->12294K(2029056K), 0.0084178 secs] [Times: user=0.13 sys=0.00, real=0.01 secs] 
2020-09-29T13:03:23.859+0200: 12.871: [GC (Allocation Failure) 2020-09-29T13:03:23.859+0200: 12.871: [ParNew: 557247K->7768K(613440K), 0.0073073 secs] 557638K->8158K(2029056K), 0.0073626 secs] [Times: user=0.13 sys=0.00, real=0.01 secs] 
2020-09-29T13:03:23.943+0200: 12.954: [GC (Allocation Failure) 2020-09-29T13:03:23.943+0200: 12.954: [ParNew: 553112K->6638K(613440K), 0.0061897 secs] 553502K->7028K(2029056K), 0.0062449 secs] [Times: user=0.00 sys=0.00, real=0.01 secs] 
2020-09-29T13:03:24.028+0200: 13.040: [GC (Allocation Failure) 2020-09-29T13:03:24.028+0200: 13.040: [ParNew: 551982K->4080K(613440K), 0.0048098 secs] 552372K->4470K(2029056K), 0.0048660 secs] [Times: user=0.00 sys=0.00, real=0.00 secs] 
2020-09-29T13:03:24.111+0200: 13.123: [GC (Allocation Failure) 2020-09-29T13:03:24.111+0200: 13.123: [ParNew: 549424K->71K(613440K), 0.0014986 secs] 549814K->461K(2029056K), 0.0015652 secs] [Times: user=0.00 sys=0.00, real=0.00 secs] 
2020-09-29T13:03:24.189+0200: 13.202: [GC (Allocation Failure) 2020-09-29T13:03:24.189+0200: 13.202: [ParNew: 545415K->12088K(613440K), 0.0102803 secs] 545805K->12478K(2029056K), 0.0103533 secs] [Times: user=0.13 sys=0.00, real=0.01 secs] 
2020-09-29T13:03:24.276+0200: 13.288: [GC (Allocation Failure) 2020-09-29T13:03:24.276+0200: 13.288: [ParNew: 557432K->17117K(613440K), 0.0094517 secs] 557822K->17507K(2029056K), 0.0095094 secs] [Times: user=0.00 sys=0.00, real=0.01 secs] 
2020-09-29T13:03:24.364+0200: 13.376: [GC (Allocation Failure) 2020-09-29T13:03:24.364+0200: 13.376: [ParNew: 562461K->12047K(613440K), 0.0082455 secs] 562851K->12437K(2029056K), 0.0083172 secs] [Times: user=0.00 sys=0.00, real=0.01 secs] 
2020-09-29T13:03:24.451+0200: 13.463: [GC (Allocation Failure) 2020-09-29T13:03:24.451+0200: 13.463: [ParNew: 557391K->8017K(613440K), 0.0070105 secs] 557781K->8407K(2029056K), 0.0070718 secs] [Times: user=0.13 sys=0.00, real=0.01 secs] 
2020-09-29T13:03:24.534+0200: 13.546: [GC (Allocation Failure) 2020-09-29T13:03:24.534+0200: 13.546: [ParNew: 553361K->6734K(613440K), 0.0062065 secs] 553751K->7124K(2029056K), 0.0062622 secs] [Times: user=0.13 sys=0.00, real=0.01 secs] 
2020-09-29T13:03:24.620+0200: 13.632: [GC (Allocation Failure) 2020-09-29T13:03:24.620+0200: 13.632: [ParNew: 550178K->273K(613440K), 0.0014667 secs] 550569K->664K(2029056K), 0.0015212 secs] [Times: user=0.00 sys=0.00, real=0.00 secs] 
2020-09-29T13:03:24.703+0200: 13.716: [GC (Allocation Failure) 2020-09-29T13:03:24.703+0200: 13.716: [ParNew: 545617K->12225K(613440K), 0.0105697 secs] 546008K->12616K(2029056K), 0.0106247 secs] [Times: user=0.13 sys=0.00, real=0.01 secs] 
2020-09-29T13:03:24.794+0200: 13.806: [GC (Allocation Failure) 2020-09-29T13:03:24.794+0200: 13.806: [ParNew: 557569K->16240K(613440K), 0.0097318 secs] 557960K->16630K(2029056K), 0.0097893 secs] [Times: user=0.13 sys=0.00, real=0.01 secs] 
2020-09-29T13:03:24.881+0200: 13.892: [GC (Allocation Failure) 2020-09-29T13:03:24.881+0200: 13.892: [ParNew: 561584K->12063K(613440K), 0.0084389 secs] 561974K->12454K(2029056K), 0.0085091 secs] [Times: user=0.00 sys=0.00, real=0.01 secs] 
2020-09-29T13:03:24.968+0200: 13.980: [GC (Allocation Failure) 2020-09-29T13:03:24.968+0200: 13.980: [ParNew: 557407K->8264K(613440K), 0.0077109 secs] 557798K->8654K(2029056K), 0.0077663 secs] [Times: user=0.11 sys=0.00, real=0.01 secs] 
2020-09-29T13:03:25.056+0200: 14.068: [GC (Allocation Failure) 2020-09-29T13:03:25.056+0200: 14.068: [ParNew: 553608K->7375K(613440K), 0.0070029 secs] 553998K->7765K(2029056K), 0.0070588 secs] [Times: user=0.00 sys=0.00, real=0.01 secs] 
2020-09-29T13:03:25.143+0200: 14.155: [GC (Allocation Failure) 2020-09-29T13:03:25.143+0200: 14.155: [ParNew: 552719K->5828K(613440K), 0.0056085 secs] 553109K->6219K(2029056K), 0.0057028 secs] [Times: user=0.13 sys=0.00, real=0.01 secs] 
2020-09-29T13:03:25.225+0200: 14.237: [GC (Allocation Failure) 2020-09-29T13:03:25.225+0200: 14.237: [ParNew: 551172K->168K(613440K), 0.0015356 secs] 551563K->558K(2029056K), 0.0015864 secs] [Times: user=0.00 sys=0.00, real=0.00 secs] 
2020-09-29T13:03:25.304+0200: 14.316: [GC (Allocation Failure) 2020-09-29T13:03:25.304+0200: 14.316: [ParNew: 545512K->12331K(613440K), 0.0105264 secs] 545902K->12721K(2029056K), 0.0105812 secs] [Times: user=0.00 sys=0.00, real=0.01 secs] 
2020-09-29T13:03:25.394+0200: 14.406: [GC (Allocation Failure) 2020-09-29T13:03:25.394+0200: 14.406: [ParNew: 557675K->17399K(613440K), 0.0093582 secs] 558065K->17789K(2029056K), 0.0094142 secs] [Times: user=0.13 sys=0.00, real=0.01 secs] 
2020-09-29T13:03:25.485+0200: 14.497: [GC (Allocation Failure) 2020-09-29T13:03:25.485+0200: 14.497: [ParNew: 562743K->12126K(613440K), 0.0087225 secs] 563133K->12516K(2029056K), 0.0087851 secs] [Times: user=0.13 sys=0.00, real=0.01 secs] 
2020-09-29T13:03:25.573+0200: 14.585: [GC (Allocation Failure) 2020-09-29T13:03:25.573+0200: 14.585: [ParNew: 557470K->7381K(613440K), 0.0077652 secs] 557860K->7771K(2029056K), 0.0078353 secs] [Times: user=0.00 sys=0.00, real=0.01 secs] 
2020-09-29T13:03:25.657+0200: 14.669: [GC (Allocation Failure) 2020-09-29T13:03:25.657+0200: 14.669: [ParNew: 552725K->7129K(613440K), 0.0061473 secs] 553115K->7520K(2029056K), 0.0062019 secs] [Times: user=0.13 sys=0.00, real=0.01 secs] 
2020-09-29T13:03:25.744+0200: 14.756: [GC (Allocation Failure) 2020-09-29T13:03:25.744+0200: 14.756: [ParNew: 552473K->4294K(613440K), 0.0051054 secs] 552864K->4684K(2029056K), 0.0051644 secs] [Times: user=0.00 sys=0.00, real=0.01 secs] 
2020-09-29T13:03:25.828+0200: 14.840: [GC (Allocation Failure) 2020-09-29T13:03:25.828+0200: 14.840: [ParNew: 549638K->90K(613440K), 0.0016580 secs] 550028K->480K(2029056K), 0.0017112 secs] [Times: user=0.00 sys=0.00, real=0.00 secs] 
2020-09-29T13:03:25.908+0200: 14.920: [GC (Allocation Failure) 2020-09-29T13:03:25.908+0200: 14.920: [ParNew: 545434K->11756K(613440K), 0.0104505 secs] 545824K->12146K(2029056K), 0.0105040 secs] [Times: user=0.13 sys=0.00, real=0.01 secs] 
2020-09-29T13:03:25.995+0200: 15.007: [GC (Allocation Failure) 2020-09-29T13:03:25.995+0200: 15.007: [ParNew: 557100K->15719K(613440K), 0.0094483 secs] 557490K->16109K(2029056K), 0.0095017 secs] [Times: user=0.13 sys=0.00, real=0.01 secs] 
2020-09-29T13:03:26.086+0200: 15.098: [GC (Allocation Failure) 2020-09-29T13:03:26.086+0200: 15.098: [ParNew: 561063K->11610K(613440K), 0.0083417 secs] 561453K->12000K(2029056K), 0.0084150 secs] [Times: user=0.00 sys=0.00, real=0.01 secs] 
2020-09-29T13:03:26.171+0200: 15.182: [GC (Allocation Failure) 2020-09-29T13:03:26.171+0200: 15.182: [ParNew: 556954K->7916K(613440K), 0.0073247 secs] 557344K->8306K(2029056K), 0.0074144 secs] [Times: user=0.11 sys=0.00, real=0.01 secs] 
2020-09-29T13:03:26.255+0200: 15.266: [GC (Allocation Failure) 2020-09-29T13:03:26.255+0200: 15.267: [ParNew: 553260K->7037K(613440K), 0.0066743 secs] 553650K->7427K(2029056K), 0.0067644 secs] [Times: user=0.00 sys=0.00, real=0.01 secs] 
2020-09-29T13:03:26.339+0200: 15.351: [GC (Allocation Failure) 2020-09-29T13:03:26.339+0200: 15.351: [ParNew: 552381K->5533K(613440K), 0.0056920 secs] 552771K->5923K(2029056K), 0.0057653 secs] [Times: user=0.00 sys=0.00, real=0.01 secs] 
2020-09-29T13:03:26.421+0200: 15.433: [GC (Allocation Failure) 2020-09-29T13:03:26.421+0200: 15.433: [ParNew: 550877K->184K(613440K), 0.0016379 secs] 551267K->574K(2029056K), 0.0016884 secs] [Times: user=0.00 sys=0.00, real=0.00 secs] 
2020-09-29T13:03:26.499+0200: 15.511: [GC (Allocation Failure) 2020-09-29T13:03:26.499+0200: 15.511: [ParNew: 545528K->12317K(613440K), 0.0104513 secs] 545918K->12707K(2029056K), 0.0105229 secs] [Times: user=0.13 sys=0.00, real=0.01 secs] 
2020-09-29T13:03:26.589+0200: 15.601: [GC (Allocation Failure) 2020-09-29T13:03:26.589+0200: 15.601: [ParNew: 557661K->15429K(613440K), 0.0101588 secs] 558051K->15819K(2029056K), 0.0102173 secs] [Times: user=0.11 sys=0.00, real=0.01 secs] 
2020-09-29T13:03:26.697+0200: 15.709: [GC (Allocation Failure) 2020-09-29T13:03:26.697+0200: 15.709: [ParNew: 560773K->8975K(613440K), 0.0094818 secs] 561163K->9365K(2029056K), 0.0095339 secs] [Times: user=0.00 sys=0.00, real=0.01 secs] 
2020-09-29T13:03:26.789+0200: 15.801: [GC (Allocation Failure) 2020-09-29T13:03:26.789+0200: 15.801: [ParNew: 554319K->8530K(613440K), 0.0071764 secs] 554709K->8920K(2029056K), 0.0072511 secs] [Times: user=0.00 sys=0.00, real=0.01 secs] 
2020-09-29T13:03:26.881+0200: 15.893: [GC (Allocation Failure) 2020-09-29T13:03:26.881+0200: 15.893: [ParNew: 553874K->6828K(613440K), 0.0066432 secs] 554264K->7218K(2029056K), 0.0066993 secs] [Times: user=0.00 sys=0.00, real=0.01 secs] 
2020-09-29T13:03:26.966+0200: 15.979: [GC (Allocation Failure) 2020-09-29T13:03:26.967+0200: 15.979: [ParNew: 552172K->4128K(613440K), 0.0049435 secs] 552562K->4518K(2029056K), 0.0049988 secs] [Times: user=0.00 sys=0.00, real=0.00 secs] 
2020-09-29T13:03:27.051+0200: 16.063: [GC (Allocation Failure) 2020-09-29T13:03:27.051+0200: 16.063: [ParNew: 549472K->72K(613440K), 0.0016465 secs] 549862K->462K(2029056K), 0.0016971 secs] [Times: user=0.00 sys=0.00, real=0.00 secs] 
2020-09-29T13:03:27.131+0200: 16.143: [GC (Allocation Failure) 2020-09-29T13:03:27.131+0200: 16.143: [ParNew: 545416K->12083K(613440K), 0.0103688 secs] 545806K->12473K(2029056K), 0.0104229 secs] [Times: user=0.00 sys=0.00, real=0.01 secs] 
2020-09-29T13:03:27.220+0200: 16.232: [GC (Allocation Failure) 2020-09-29T13:03:27.220+0200: 16.232: [ParNew: 557427K->17119K(613440K), 0.0100582 secs] 557817K->17509K(2029056K), 0.0101152 secs] [Times: user=0.13 sys=0.00, real=0.01 secs] 
2020-09-29T13:03:27.311+0200: 16.323: [GC (Allocation Failure) 2020-09-29T13:03:27.311+0200: 16.323: [ParNew: 562463K->12048K(613440K), 0.0086376 secs] 562853K->12438K(2029056K), 0.0086938 secs] [Times: user=0.13 sys=0.00, real=0.01 secs] 
2020-09-29T13:03:27.398+0200: 16.409: [GC (Allocation Failure) 2020-09-29T13:03:27.398+0200: 16.409: [ParNew: 557392K->8017K(613440K), 0.0070231 secs] 557782K->8407K(2029056K), 0.0070798 secs] [Times: user=0.00 sys=0.00, real=0.01 secs] 
2020-09-29T13:03:27.483+0200: 16.495: [GC (Allocation Failure) 2020-09-29T13:03:27.483+0200: 16.495: [ParNew: 553361K->6734K(613440K), 0.0063243 secs] 553751K->7124K(2029056K), 0.0063777 secs] [Times: user=0.13 sys=0.00, real=0.01 secs] 
2020-09-29T13:03:27.569+0200: 16.581: [GC (Allocation Failure) 2020-09-29T13:03:27.569+0200: 16.581: [ParNew: 550178K->273K(613440K), 0.0023839 secs] 550569K->664K(2029056K), 0.0024504 secs] [Times: user=0.00 sys=0.00, real=0.00 secs] 
2020-09-29T13:03:27.656+0200: 16.668: [GC (Allocation Failure) 2020-09-29T13:03:27.656+0200: 16.668: [ParNew: 545617K->12157K(613440K), 0.0104786 secs] 546008K->12547K(2029056K), 0.0105854 secs] [Times: user=0.13 sys=0.00, real=0.01 secs] 
2020-09-29T13:03:27.754+0200: 16.766: [GC (Allocation Failure) 2020-09-29T13:03:27.754+0200: 16.766: [ParNew: 557501K->16240K(613440K), 0.0109890 secs] 557891K->16630K(2029056K), 0.0110485 secs] [Times: user=0.00 sys=0.00, real=0.01 secs] 
2020-09-29T13:03:27.855+0200: 16.868: [GC (Allocation Failure) 2020-09-29T13:03:27.856+0200: 16.868: [ParNew: 561584K->12063K(613440K), 0.0089693 secs] 561974K->12454K(2029056K), 0.0090303 secs] [Times: user=0.13 sys=0.00, real=0.01 secs] 
2020-09-29T13:03:27.945+0200: 16.957: [GC (Allocation Failure) 2020-09-29T13:03:27.945+0200: 16.957: [ParNew: 557407K->8264K(613440K), 0.0078449 secs] 557798K->8654K(2029056K), 0.0079031 secs] [Times: user=0.00 sys=0.00, real=0.01 secs] 
2020-09-29T13:03:28.031+0200: 17.042: [GC (Allocation Failure) 2020-09-29T13:03:28.031+0200: 17.042: [ParNew: 553608K->7375K(613440K), 0.0063862 secs] 553998K->7765K(2029056K), 0.0064426 secs] [Times: user=0.13 sys=0.00, real=0.01 secs] 
2020-09-29T13:03:28.119+0200: 17.131: [GC (Allocation Failure) 2020-09-29T13:03:28.119+0200: 17.131: [ParNew: 552719K->5828K(613440K), 0.0058163 secs] 553109K->6219K(2029056K), 0.0058890 secs] [Times: user=0.00 sys=0.00, real=0.01 secs] 
2020-09-29T13:03:28.201+0200: 17.213: [GC (Allocation Failure) 2020-09-29T13:03:28.201+0200: 17.213: [ParNew: 551172K->168K(613440K), 0.0031387 secs] 551563K->558K(2029056K), 0.0031866 secs] [Times: user=0.00 sys=0.00, real=0.00 secs] 
2020-09-29T13:03:28.283+0200: 17.295: [GC (Allocation Failure) 2020-09-29T13:03:28.283+0200: 17.295: [ParNew: 545512K->12331K(613440K), 0.0106585 secs] 545902K->12721K(2029056K), 0.0107177 secs] [Times: user=0.13 sys=0.00, real=0.01 secs] 
2020-09-29T13:03:28.375+0200: 17.387: [GC (Allocation Failure) 2020-09-29T13:03:28.375+0200: 17.387: [ParNew: 557675K->17399K(613440K), 0.0097950 secs] 558065K->17789K(2029056K), 0.0098505 secs] [Times: user=0.13 sys=0.00, real=0.01 secs] 
2020-09-29T13:03:28.462+0200: 17.474: [GC (Allocation Failure) 2020-09-29T13:03:28.462+0200: 17.474: [ParNew: 562743K->12126K(613440K), 0.0084332 secs] 563133K->12516K(2029056K), 0.0084887 secs] [Times: user=0.00 sys=0.00, real=0.01 secs] 
2020-09-29T13:03:28.548+0200: 17.560: [GC (Allocation Failure) 2020-09-29T13:03:28.548+0200: 17.560: [ParNew: 557470K->8156K(613440K), 0.0075315 secs] 557860K->8547K(2029056K), 0.0075891 secs] [Times: user=0.13 sys=0.00, real=0.01 secs] 
2020-09-29T13:03:28.640+0200: 17.652: [GC (Allocation Failure) 2020-09-29T13:03:28.640+0200: 17.652: [ParNew: 553500K->7129K(613440K), 0.0063150 secs] 553891K->7520K(2029056K), 0.0063918 secs] [Times: user=0.13 sys=0.00, real=0.01 secs] 
2020-09-29T13:03:28.724+0200: 17.736: [GC (Allocation Failure) 2020-09-29T13:03:28.724+0200: 17.736: [ParNew: 552473K->4294K(613440K), 0.0049680 secs] 552864K->4684K(2029056K), 0.0050220 secs] [Times: user=0.00 sys=0.00, real=0.01 secs] 
2020-09-29T13:03:28.809+0200: 17.821: [GC (Allocation Failure) 2020-09-29T13:03:28.809+0200: 17.821: [ParNew: 549638K->90K(613440K), 0.0019724 secs] 550028K->480K(2029056K), 0.0020232 secs] [Times: user=0.00 sys=0.00, real=0.00 secs] 
2020-09-29T13:03:28.890+0200: 17.902: [GC (Allocation Failure) 2020-09-29T13:03:28.890+0200: 17.902: [ParNew: 545434K->11779K(613440K), 0.0104243 secs] 545824K->12169K(2029056K), 0.0104783 secs] [Times: user=0.13 sys=0.00, real=0.01 secs] 
2020-09-29T13:03:28.978+0200: 17.990: [GC (Allocation Failure) 2020-09-29T13:03:28.978+0200: 17.990: [ParNew: 557123K->16637K(613440K), 0.0090859 secs] 557513K->17027K(2029056K), 0.0091599 secs] [Times: user=0.00 sys=0.00, real=0.01 secs] 
2020-09-29T13:03:29.067+0200: 18.079: [GC (Allocation Failure) 2020-09-29T13:03:29.067+0200: 18.079: [ParNew: 561981K->11610K(613440K), 0.0084003 secs] 562371K->12000K(2029056K), 0.0084730 secs] [Times: user=0.00 sys=0.00, real=0.01 secs] 
2020-09-29T13:03:29.151+0200: 18.163: [GC (Allocation Failure) 2020-09-29T13:03:29.151+0200: 18.163: [ParNew: 556954K->7916K(613440K), 0.0071933 secs] 557344K->8306K(2029056K), 0.0072667 secs] [Times: user=0.00 sys=0.00, real=0.01 secs] 
2020-09-29T13:03:29.235+0200: 18.247: [GC (Allocation Failure) 2020-09-29T13:03:29.235+0200: 18.247: [ParNew: 553260K->7037K(613440K), 0.0065575 secs] 553650K->7427K(2029056K), 0.0066326 secs] [Times: user=0.13 sys=0.00, real=0.01 secs] 
2020-09-29T13:03:29.318+0200: 18.330: [GC (Allocation Failure) 2020-09-29T13:03:29.318+0200: 18.330: [ParNew: 552381K->5533K(613440K), 0.0058624 secs] 552771K->5923K(2029056K), 0.0059154 secs] [Times: user=0.00 sys=0.00, real=0.01 secs] 
2020-09-29T13:03:29.404+0200: 18.416: [GC (Allocation Failure) 2020-09-29T13:03:29.404+0200: 18.416: [ParNew: 550877K->184K(613440K), 0.0017014 secs] 551267K->574K(2029056K), 0.0017522 secs] [Times: user=0.00 sys=0.00, real=0.00 secs] 
2020-09-29T13:03:29.488+0200: 18.500: [GC (Allocation Failure) 2020-09-29T13:03:29.488+0200: 18.500: [ParNew: 545528K->12271K(613440K), 0.0116529 secs] 545918K->12661K(2029056K), 0.0117194 secs] [Times: user=0.13 sys=0.00, real=0.01 secs] 
2020-09-29T13:03:29.592+0200: 18.604: [GC (Allocation Failure) 2020-09-29T13:03:29.592+0200: 18.604: [ParNew: 557615K->14466K(613440K), 0.0110342 secs] 558005K->14857K(2029056K), 0.0110952 secs] [Times: user=0.11 sys=0.00, real=0.01 secs] 
2020-09-29T13:03:29.690+0200: 18.702: [GC (Allocation Failure) 2020-09-29T13:03:29.690+0200: 18.702: [ParNew: 559810K->9978K(613440K), 0.0081951 secs] 560201K->10368K(2029056K), 0.0082519 secs] [Times: user=0.13 sys=0.00, real=0.01 secs] 
2020-09-29T13:03:29.776+0200: 18.788: [GC (Allocation Failure) 2020-09-29T13:03:29.776+0200: 18.788: [ParNew: 555322K->8530K(613440K), 0.0075661 secs] 555712K->8920K(2029056K), 0.0076362 secs] [Times: user=0.00 sys=0.00, real=0.01 secs] 
2020-09-29T13:03:29.864+0200: 18.876: [GC (Allocation Failure) 2020-09-29T13:03:29.864+0200: 18.876: [ParNew: 553874K->6828K(613440K), 0.0060923 secs] 554264K->7218K(2029056K), 0.0061451 secs] [Times: user=0.00 sys=0.00, real=0.01 secs] 
2020-09-29T13:03:29.946+0200: 18.958: [GC (Allocation Failure) 2020-09-29T13:03:29.946+0200: 18.958: [ParNew: 552172K->4128K(613440K), 0.0047020 secs] 552562K->4518K(2029056K), 0.0047807 secs] [Times: user=0.00 sys=0.00, real=0.00 secs] 
2020-09-29T13:03:30.027+0200: 19.039: [GC (Allocation Failure) 2020-09-29T13:03:30.027+0200: 19.039: [ParNew: 549472K->72K(613440K), 0.0030454 secs] 549862K->462K(2029056K), 0.0030985 secs] [Times: user=0.00 sys=0.00, real=0.00 secs] 
2020-09-29T13:03:30.108+0200: 19.120: [GC (Allocation Failure) 2020-09-29T13:03:30.108+0200: 19.120: [ParNew: 545416K->12065K(613440K), 0.0106398 secs] 545806K->12455K(2029056K), 0.0107078 secs] [Times: user=0.13 sys=0.00, real=0.01 secs] 
2020-09-29T13:03:30.196+0200: 19.207: [GC (Allocation Failure) 2020-09-29T13:03:30.196+0200: 19.207: [ParNew: 557409K->17119K(613440K), 0.0093673 secs] 557799K->17509K(2029056K), 0.0094270 secs] [Times: user=0.00 sys=0.00, real=0.01 secs] 
2020-09-29T13:03:30.281+0200: 19.293: [GC (Allocation Failure) 2020-09-29T13:03:30.281+0200: 19.293: [ParNew: 562463K->12048K(613440K), 0.0084379 secs] 562853K->12438K(2029056K), 0.0085115 secs] [Times: user=0.13 sys=0.00, real=0.01 secs] 
2020-09-29T13:03:30.368+0200: 19.380: [GC (Allocation Failure) 2020-09-29T13:03:30.368+0200: 19.380: [ParNew: 557392K->8017K(613440K), 0.0071508 secs] 557782K->8407K(2029056K), 0.0072305 secs] [Times: user=0.00 sys=0.00, real=0.01 secs] 
2020-09-29T13:03:30.452+0200: 19.464: [GC (Allocation Failure) 2020-09-29T13:03:30.452+0200: 19.464: [ParNew: 553361K->6734K(613440K), 0.0061498 secs] 553751K->7124K(2029056K), 0.0062094 secs] [Times: user=0.13 sys=0.00, real=0.01 secs] 
2020-09-29T13:03:30.536+0200: 19.548: [GC (Allocation Failure) 2020-09-29T13:03:30.536+0200: 19.548: [ParNew: 550178K->273K(613440K), 0.0021126 secs] 550569K->664K(2029056K), 0.0021844 secs] [Times: user=0.00 sys=0.00, real=0.00 secs] 
2020-09-29T13:03:30.627+0200: 19.639: [GC (Allocation Failure) 2020-09-29T13:03:30.628+0200: 19.639: [ParNew: 545617K->12294K(613440K), 0.0109007 secs] 546008K->12684K(2029056K), 0.0109701 secs] [Times: user=0.13 sys=0.00, real=0.01 secs] 
2020-09-29T13:03:30.719+0200: 19.731: [GC (Allocation Failure) 2020-09-29T13:03:30.719+0200: 19.731: [ParNew: 557638K->17193K(613440K), 0.0099394 secs] 558028K->17583K(2029056K), 0.0099950 secs] [Times: user=0.13 sys=0.00, real=0.01 secs] 
2020-09-29T13:03:30.809+0200: 19.821: [GC (Allocation Failure) 2020-09-29T13:03:30.809+0200: 19.821: [ParNew: 562537K->12063K(613440K), 0.0092362 secs] 562927K->12454K(2029056K), 0.0092968 secs] [Times: user=0.13 sys=0.00, real=0.01 secs] 
2020-09-29T13:03:30.896+0200: 19.908: [GC (Allocation Failure) 2020-09-29T13:03:30.896+0200: 19.908: [ParNew: 557407K->8264K(613440K), 0.0077387 secs] 557798K->8654K(2029056K), 0.0077909 secs] [Times: user=0.00 sys=0.00, real=0.01 secs] 
2020-09-29T13:03:30.981+0200: 19.993: [GC (Allocation Failure) 2020-09-29T13:03:30.981+0200: 19.993: [ParNew: 553608K->7375K(613440K), 0.0065533 secs] 553998K->7765K(2029056K), 0.0066306 secs] [Times: user=0.00 sys=0.00, real=0.01 secs] 
2020-09-29T13:03:31.067+0200: 20.079: [GC (Allocation Failure) 2020-09-29T13:03:31.067+0200: 20.079: [ParNew: 552719K->5828K(613440K), 0.0056697 secs] 553109K->6219K(2029056K), 0.0057194 secs] [Times: user=0.00 sys=0.00, real=0.01 secs] 
2020-09-29T13:03:31.149+0200: 20.161: [GC (Allocation Failure) 2020-09-29T13:03:31.149+0200: 20.161: [ParNew: 551172K->168K(613440K), 0.0014647 secs] 551563K->558K(2029056K), 0.0015411 secs] [Times: user=0.00 sys=0.00, real=0.00 secs] 
2020-09-29T13:03:31.229+0200: 20.240: [GC (Allocation Failure) 2020-09-29T13:03:31.229+0200: 20.240: [ParNew: 545512K->12373K(613440K), 0.0114900 secs] 545902K->12763K(2029056K), 0.0115980 secs] [Times: user=0.13 sys=0.00, real=0.01 secs] 
2020-09-29T13:03:31.397+0200: 20.409: [GC (Allocation Failure) 2020-09-29T13:03:31.397+0200: 20.409: [ParNew: 557717K->16434K(613440K), 0.0108303 secs] 558107K->16824K(2029056K), 0.0108960 secs] [Times: user=0.00 sys=0.00, real=0.01 secs] 
2020-09-29T13:03:31.498+0200: 20.510: [GC (Allocation Failure) 2020-09-29T13:03:31.498+0200: 20.510: [ParNew: 561778K->12126K(613440K), 0.0100826 secs] 562168K->12516K(2029056K), 0.0101423 secs] [Times: user=0.13 sys=0.00, real=0.01 secs] 
2020-09-29T13:03:31.594+0200: 20.606: [GC (Allocation Failure) 2020-09-29T13:03:31.594+0200: 20.606: [ParNew: 557470K->7381K(613440K), 0.0078399 secs] 557860K->7771K(2029056K), 0.0079011 secs] [Times: user=0.11 sys=0.00, real=0.01 secs] 
2020-09-29T13:03:31.684+0200: 20.696: [GC (Allocation Failure) 2020-09-29T13:03:31.684+0200: 20.696: [ParNew: 552725K->7129K(613440K), 0.0065198 secs] 553115K->7520K(2029056K), 0.0065736 secs] [Times: user=0.00 sys=0.00, real=0.01 secs] 
2020-09-29T13:03:31.767+0200: 20.779: [GC (Allocation Failure) 2020-09-29T13:03:31.767+0200: 20.779: [ParNew: 552473K->4294K(613440K), 0.0049030 secs] 552864K->4684K(2029056K), 0.0049797 secs] [Times: user=0.13 sys=0.00, real=0.01 secs] 
2020-09-29T13:03:31.853+0200: 20.865: [GC (Allocation Failure) 2020-09-29T13:03:31.853+0200: 20.865: [ParNew: 549638K->90K(613440K), 0.0016976 secs] 550028K->480K(2029056K), 0.0017473 secs] [Times: user=0.00 sys=0.00, real=0.00 secs] 
2020-09-29T13:03:31.933+0200: 20.945: [GC (Allocation Failure) 2020-09-29T13:03:31.933+0200: 20.945: [ParNew: 545434K->11779K(613440K), 0.0104303 secs] 545824K->12169K(2029056K), 0.0104860 secs] [Times: user=0.13 sys=0.00, real=0.01 secs] 
2020-09-29T13:03:32.022+0200: 21.035: [GC (Allocation Failure) 2020-09-29T13:03:32.022+0200: 21.035: [ParNew: 557123K->16637K(613440K), 0.0096385 secs] 557513K->17027K(2029056K), 0.0096962 secs] [Times: user=0.00 sys=0.00, real=0.01 secs] 
2020-09-29T13:03:32.115+0200: 21.127: [GC (Allocation Failure) 2020-09-29T13:03:32.115+0200: 21.127: [ParNew: 561981K->11610K(613440K), 0.0085391 secs] 562371K->12000K(2029056K), 0.0085930 secs] [Times: user=0.00 sys=0.00, real=0.01 secs] 
2020-09-29T13:03:32.199+0200: 21.211: [GC (Allocation Failure) 2020-09-29T13:03:32.199+0200: 21.211: [ParNew: 556954K->7916K(613440K), 0.0075102 secs] 557344K->8306K(2029056K), 0.0075865 secs] [Times: user=0.00 sys=0.00, real=0.01 secs] 
2020-09-29T13:03:32.286+0200: 21.298: [GC (Allocation Failure) 2020-09-29T13:03:32.286+0200: 21.298: [ParNew: 553260K->7037K(613440K), 0.0065821 secs] 553650K->7427K(2029056K), 0.0066482 secs] [Times: user=0.00 sys=0.00, real=0.01 secs] 
2020-09-29T13:03:32.382+0200: 21.393: [GC (Allocation Failure) 2020-09-29T13:03:32.382+0200: 21.393: [ParNew: 552381K->5533K(613440K), 0.0059858 secs] 552771K->5923K(2029056K), 0.0060410 secs] [Times: user=0.00 sys=0.00, real=0.01 secs] 
2020-09-29T13:03:32.479+0200: 21.491: [GC (Allocation Failure) 2020-09-29T13:03:32.479+0200: 21.491: [ParNew: 550877K->184K(613440K), 0.0018681 secs] 551267K->574K(2029056K), 0.0019231 secs] [Times: user=0.00 sys=0.00, real=0.00 secs] 
2020-09-29T13:03:32.564+0200: 21.576: [GC (Allocation Failure) 2020-09-29T13:03:32.564+0200: 21.576: [ParNew: 545528K->12271K(613440K), 0.0105453 secs] 545918K->12661K(2029056K), 0.0106125 secs] [Times: user=0.13 sys=0.00, real=0.01 secs] 
2020-09-29T13:03:32.656+0200: 21.667: [GC (Allocation Failure) 2020-09-29T13:03:32.656+0200: 21.667: [ParNew: 557615K->17354K(613440K), 0.0093143 secs] 558005K->17744K(2029056K), 0.0093728 secs] [Times: user=0.13 sys=0.00, real=0.01 secs] 
2020-09-29T13:03:32.743+0200: 21.754: [GC (Allocation Failure) 2020-09-29T13:03:32.743+0200: 21.754: [ParNew: 562698K->11903K(613440K), 0.0083191 secs] 563088K->12294K(2029056K), 0.0083951 secs] [Times: user=0.00 sys=0.00, real=0.01 secs] 
2020-09-29T13:03:32.835+0200: 21.847: [GC (Allocation Failure) 2020-09-29T13:03:32.835+0200: 21.847: [ParNew: 557247K->7768K(613440K), 0.0084427 secs] 557638K->8158K(2029056K), 0.0084974 secs] [Times: user=0.00 sys=0.00, real=0.01 secs] 
2020-09-29T13:03:32.926+0200: 21.938: [GC (Allocation Failure) 2020-09-29T13:03:32.926+0200: 21.938: [ParNew: 553112K->6638K(613440K), 0.0060029 secs] 553502K->7028K(2029056K), 0.0060585 secs] [Times: user=0.13 sys=0.00, real=0.01 secs] 
2020-09-29T13:03:33.012+0200: 22.023: [GC (Allocation Failure) 2020-09-29T13:03:33.012+0200: 22.023: [ParNew: 551982K->4080K(613440K), 0.0046542 secs] 552372K->4470K(2029056K), 0.0047094 secs] [Times: user=0.00 sys=0.00, real=0.00 secs] 
2020-09-29T13:03:33.094+0200: 22.106: [GC (Allocation Failure) 2020-09-29T13:03:33.094+0200: 22.106: [ParNew: 549424K->71K(613440K), 0.0016661 secs] 549814K->461K(2029056K), 0.0017157 secs] [Times: user=0.00 sys=0.00, real=0.00 secs] 
2020-09-29T13:03:33.172+0200: 22.184: [GC (Allocation Failure) 2020-09-29T13:03:33.172+0200: 22.184: [ParNew: 545415K->12088K(613440K), 0.0107007 secs] 545805K->12478K(2029056K), 0.0107535 secs] [Times: user=0.13 sys=0.00, real=0.01 secs] 
Heap
 par new generation   total 613440K, used 545997K [0x0000000080000000, 0x00000000a9990000, 0x00000000a9990000)
  eden space 545344K,  97% used [0x0000000080000000, 0x00000000a0965330, 0x00000000a1490000)
  from space 68096K,  17% used [0x00000000a1490000, 0x00000000a205e1d0, 0x00000000a5710000)
  to   space 68096K,   0% used [0x00000000a5710000, 0x00000000a5710000, 0x00000000a9990000)
 concurrent mark-sweep generation total 1415616K, used 390K [0x00000000a9990000, 0x0000000100000000, 0x0000000100000000)
 Metaspace       used 2594K, capacity 4486K, committed 4864K, reserved 1056768K
  class space    used 285K, capacity 386K, committed 512K, reserved 1048576K
