Java HotSpot(TM) 64-Bit Server VM (25.261-b12) for windows-amd64 JRE (1.8.0_261-b12), built on Jun 18 2020 06:56:32 by "" with unknown MS VC++:1916
Memory: 4k page, physical 16659684k(8728956k free), swap 23213284k(7722576k free)
CommandLine flags: -XX:InitialHeapSize=2147483648 -XX:MaxHeapSize=2147483648 -XX:+PrintGC -XX:+PrintGCDateStamps -XX:+PrintGCDetails -XX:+PrintGCTimeStamps -XX:+UseCompressedClassPointers -XX:+UseCompressedOops -XX:+UseG1GC -XX:-UseLargePagesIndividualAllocation 
2020-09-29T12:23:54.012+0200: 0.298: [GC pause (G1 Evacuation Pause) (young), 0.0844235 secs]
   [Parallel Time: 83.2 ms, GC Workers: 8]
      [GC Worker Start (ms): Min: 298.5, Avg: 298.9, Max: 300.9, Diff: 2.4]
      [Ext Root Scanning (ms): Min: 0.0, Avg: 0.1, Max: 0.3, Diff: 0.3, Sum: 1.1]
      [Update RS (ms): Min: 0.0, Avg: 1.7, Max: 2.3, Diff: 2.3, Sum: 13.4]
         [Processed Buffers: Min: 0, Avg: 1.8, Max: 3, Diff: 3, Sum: 14]
      [Scan RS (ms): Min: 12.1, Avg: 12.5, Max: 13.1, Diff: 1.0, Sum: 99.7]
      [Code Root Scanning (ms): Min: 0.0, Avg: 0.0, Max: 0.0, Diff: 0.0, Sum: 0.1]
      [Object Copy (ms): Min: 68.0, Avg: 68.2, Max: 68.3, Diff: 0.3, Sum: 545.6]
      [Termination (ms): Min: 0.0, Avg: 0.0, Max: 0.0, Diff: 0.0, Sum: 0.1]
         [Termination Attempts: Min: 1, Avg: 36.0, Max: 59, Diff: 58, Sum: 288]
      [GC Worker Other (ms): Min: 0.0, Avg: 0.2, Max: 1.0, Diff: 1.0, Sum: 1.5]
      [GC Worker Total (ms): Min: 80.7, Avg: 82.7, Max: 83.1, Diff: 2.4, Sum: 661.4]
      [GC Worker End (ms): Min: 381.5, Avg: 381.6, Max: 381.6, Diff: 0.1]
   [Code Root Fixup: 0.0 ms]
   [Code Root Purge: 0.0 ms]
   [Clear CT: 0.3 ms]
   [Other: 0.9 ms]
      [Choose CSet: 0.0 ms]
      [Ref Proc: 0.2 ms]
      [Ref Enq: 0.0 ms]
      [Redirty Cards: 0.2 ms]
      [Humongous Register: 0.1 ms]
      [Humongous Reclaim: 0.0 ms]
      [Free CSet: 0.1 ms]
   [Eden: 102.0M(102.0M)->0.0B(89.0M) Survivors: 0.0B->13.0M Heap: 119.2M(2048.0M)->118.9M(2048.0M)]
 [Times: user=0.48 sys=0.09, real=0.08 secs] 
2020-09-29T12:23:54.173+0200: 0.459: [GC pause (G1 Evacuation Pause) (young), 0.0648137 secs]
   [Parallel Time: 63.9 ms, GC Workers: 8]
      [GC Worker Start (ms): Min: 459.4, Avg: 459.5, Max: 459.5, Diff: 0.1]
      [Ext Root Scanning (ms): Min: 0.0, Avg: 0.1, Max: 0.2, Diff: 0.2, Sum: 0.9]
      [Update RS (ms): Min: 0.2, Avg: 0.7, Max: 1.2, Diff: 1.1, Sum: 5.6]
         [Processed Buffers: Min: 1, Avg: 1.5, Max: 3, Diff: 2, Sum: 12]
      [Scan RS (ms): Min: 9.1, Avg: 9.6, Max: 10.2, Diff: 1.1, Sum: 77.1]
      [Code Root Scanning (ms): Min: 0.0, Avg: 0.0, Max: 0.0, Diff: 0.0, Sum: 0.0]
      [Object Copy (ms): Min: 52.9, Avg: 53.2, Max: 53.4, Diff: 0.4, Sum: 425.7]
      [Termination (ms): Min: 0.0, Avg: 0.0, Max: 0.1, Diff: 0.1, Sum: 0.4]
         [Termination Attempts: Min: 1, Avg: 333.4, Max: 424, Diff: 423, Sum: 2667]
      [GC Worker Other (ms): Min: 0.0, Avg: 0.0, Max: 0.1, Diff: 0.0, Sum: 0.2]
      [GC Worker Total (ms): Min: 63.7, Avg: 63.7, Max: 63.8, Diff: 0.1, Sum: 510.0]
      [GC Worker End (ms): Min: 523.2, Avg: 523.2, Max: 523.2, Diff: 0.0]
   [Code Root Fixup: 0.0 ms]
   [Code Root Purge: 0.0 ms]
   [Clear CT: 0.2 ms]
   [Other: 0.7 ms]
      [Choose CSet: 0.0 ms]
      [Ref Proc: 0.2 ms]
      [Ref Enq: 0.0 ms]
      [Redirty Cards: 0.2 ms]
      [Humongous Register: 0.0 ms]
      [Humongous Reclaim: 0.0 ms]
      [Free CSet: 0.1 ms]
   [Eden: 89.0M(89.0M)->0.0B(89.0M) Survivors: 13.0M->13.0M Heap: 223.2M(2048.0M)->224.9M(2048.0M)]
 [Times: user=0.42 sys=0.08, real=0.06 secs] 
2020-09-29T12:23:54.296+0200: 0.582: [GC pause (G1 Evacuation Pause) (young), 0.0598033 secs]
   [Parallel Time: 58.8 ms, GC Workers: 8]
      [GC Worker Start (ms): Min: 582.2, Avg: 582.3, Max: 582.4, Diff: 0.2]
      [Ext Root Scanning (ms): Min: 0.0, Avg: 0.1, Max: 0.2, Diff: 0.2, Sum: 0.5]
      [Update RS (ms): Min: 0.1, Avg: 0.2, Max: 0.6, Diff: 0.4, Sum: 1.9]
         [Processed Buffers: Min: 1, Avg: 1.5, Max: 2, Diff: 1, Sum: 12]
      [Scan RS (ms): Min: 8.5, Avg: 8.9, Max: 9.1, Diff: 0.6, Sum: 71.0]
      [Code Root Scanning (ms): Min: 0.0, Avg: 0.0, Max: 0.0, Diff: 0.0, Sum: 0.0]
      [Object Copy (ms): Min: 49.3, Avg: 49.4, Max: 49.5, Diff: 0.2, Sum: 395.2]
      [Termination (ms): Min: 0.0, Avg: 0.0, Max: 0.0, Diff: 0.0, Sum: 0.2]
         [Termination Attempts: Min: 1, Avg: 143.1, Max: 174, Diff: 173, Sum: 1145]
      [GC Worker Other (ms): Min: 0.0, Avg: 0.0, Max: 0.0, Diff: 0.0, Sum: 0.2]
      [GC Worker Total (ms): Min: 58.6, Avg: 58.6, Max: 58.7, Diff: 0.2, Sum: 468.9]
      [GC Worker End (ms): Min: 640.9, Avg: 640.9, Max: 641.0, Diff: 0.0]
   [Code Root Fixup: 0.0 ms]
   [Code Root Purge: 0.0 ms]
   [Clear CT: 0.2 ms]
   [Other: 0.8 ms]
      [Choose CSet: 0.0 ms]
      [Ref Proc: 0.2 ms]
      [Ref Enq: 0.0 ms]
      [Redirty Cards: 0.3 ms]
      [Humongous Register: 0.0 ms]
      [Humongous Reclaim: 0.0 ms]
      [Free CSet: 0.1 ms]
   [Eden: 89.0M(89.0M)->0.0B(89.0M) Survivors: 13.0M->13.0M Heap: 329.2M(2048.0M)->330.7M(2048.0M)]
 [Times: user=0.47 sys=0.03, real=0.06 secs] 
2020-09-29T12:23:54.430+0200: 0.716: [GC pause (G1 Evacuation Pause) (young), 0.0738317 secs]
   [Parallel Time: 72.9 ms, GC Workers: 8]
      [GC Worker Start (ms): Min: 716.4, Avg: 716.4, Max: 716.5, Diff: 0.2]
      [Ext Root Scanning (ms): Min: 0.0, Avg: 0.1, Max: 0.1, Diff: 0.1, Sum: 0.7]
      [Update RS (ms): Min: 0.9, Avg: 1.1, Max: 1.4, Diff: 0.5, Sum: 8.5]
         [Processed Buffers: Min: 1, Avg: 2.9, Max: 6, Diff: 5, Sum: 23]
      [Scan RS (ms): Min: 10.7, Avg: 11.1, Max: 11.3, Diff: 0.6, Sum: 88.7]
      [Code Root Scanning (ms): Min: 0.0, Avg: 0.0, Max: 0.0, Diff: 0.0, Sum: 0.0]
      [Object Copy (ms): Min: 60.3, Avg: 60.3, Max: 60.4, Diff: 0.2, Sum: 482.8]
      [Termination (ms): Min: 0.0, Avg: 0.0, Max: 0.1, Diff: 0.1, Sum: 0.4]
         [Termination Attempts: Min: 1, Avg: 269.0, Max: 359, Diff: 358, Sum: 2152]
      [GC Worker Other (ms): Min: 0.0, Avg: 0.0, Max: 0.0, Diff: 0.0, Sum: 0.1]
      [GC Worker Total (ms): Min: 72.6, Avg: 72.6, Max: 72.7, Diff: 0.1, Sum: 581.2]
      [GC Worker End (ms): Min: 789.1, Avg: 789.1, Max: 789.1, Diff: 0.0]
   [Code Root Fixup: 0.0 ms]
   [Code Root Purge: 0.0 ms]
   [Clear CT: 0.2 ms]
   [Other: 0.8 ms]
      [Choose CSet: 0.0 ms]
      [Ref Proc: 0.2 ms]
      [Ref Enq: 0.0 ms]
      [Redirty Cards: 0.2 ms]
      [Humongous Register: 0.1 ms]
      [Humongous Reclaim: 0.0 ms]
      [Free CSet: 0.1 ms]
   [Eden: 89.0M(89.0M)->0.0B(89.0M) Survivors: 13.0M->13.0M Heap: 434.9M(2048.0M)->436.9M(2048.0M)]
 [Times: user=0.41 sys=0.08, real=0.07 secs] 
2020-09-29T12:23:54.567+0200: 0.853: [GC pause (G1 Evacuation Pause) (young), 0.0646404 secs]
   [Parallel Time: 63.8 ms, GC Workers: 8]
      [GC Worker Start (ms): Min: 853.4, Avg: 853.4, Max: 853.5, Diff: 0.2]
      [Ext Root Scanning (ms): Min: 0.0, Avg: 0.1, Max: 0.1, Diff: 0.1, Sum: 0.7]
      [Update RS (ms): Min: 1.2, Avg: 1.8, Max: 2.8, Diff: 1.6, Sum: 14.7]
         [Processed Buffers: Min: 0, Avg: 1.8, Max: 3, Diff: 3, Sum: 14]
      [Scan RS (ms): Min: 8.5, Avg: 9.4, Max: 10.1, Diff: 1.7, Sum: 75.6]
      [Code Root Scanning (ms): Min: 0.0, Avg: 0.0, Max: 0.0, Diff: 0.0, Sum: 0.0]
      [Object Copy (ms): Min: 52.0, Avg: 52.1, Max: 52.2, Diff: 0.3, Sum: 417.0]
      [Termination (ms): Min: 0.0, Avg: 0.1, Max: 0.1, Diff: 0.1, Sum: 0.5]
         [Termination Attempts: Min: 1, Avg: 256.5, Max: 327, Diff: 326, Sum: 2052]
      [GC Worker Other (ms): Min: 0.0, Avg: 0.0, Max: 0.0, Diff: 0.0, Sum: 0.1]
      [GC Worker Total (ms): Min: 63.5, Avg: 63.6, Max: 63.6, Diff: 0.2, Sum: 508.6]
      [GC Worker End (ms): Min: 917.0, Avg: 917.0, Max: 917.0, Diff: 0.0]
   [Code Root Fixup: 0.0 ms]
   [Code Root Purge: 0.0 ms]
   [Clear CT: 0.1 ms]
   [Other: 0.7 ms]
      [Choose CSet: 0.0 ms]
      [Ref Proc: 0.1 ms]
      [Ref Enq: 0.0 ms]
      [Redirty Cards: 0.2 ms]
      [Humongous Register: 0.1 ms]
      [Humongous Reclaim: 0.0 ms]
      [Free CSet: 0.1 ms]
   [Eden: 89.0M(89.0M)->0.0B(89.0M) Survivors: 13.0M->13.0M Heap: 539.3M(2048.0M)->540.8M(2048.0M)]
 [Times: user=0.50 sys=0.00, real=0.07 secs] 
2020-09-29T12:23:54.694+0200: 0.980: [GC pause (G1 Evacuation Pause) (young), 0.0575393 secs]
   [Parallel Time: 56.7 ms, GC Workers: 8]
      [GC Worker Start (ms): Min: 980.6, Avg: 980.6, Max: 980.7, Diff: 0.1]
      [Ext Root Scanning (ms): Min: 0.0, Avg: 0.1, Max: 0.1, Diff: 0.1, Sum: 0.6]
      [Update RS (ms): Min: 0.8, Avg: 0.9, Max: 1.4, Diff: 0.5, Sum: 7.5]
         [Processed Buffers: Min: 1, Avg: 1.9, Max: 2, Diff: 1, Sum: 15]
      [Scan RS (ms): Min: 7.4, Avg: 7.9, Max: 8.2, Diff: 0.7, Sum: 63.5]
      [Code Root Scanning (ms): Min: 0.0, Avg: 0.0, Max: 0.0, Diff: 0.0, Sum: 0.0]
      [Object Copy (ms): Min: 47.5, Avg: 47.6, Max: 47.7, Diff: 0.2, Sum: 380.9]
      [Termination (ms): Min: 0.0, Avg: 0.0, Max: 0.0, Diff: 0.0, Sum: 0.1]
         [Termination Attempts: Min: 1, Avg: 72.4, Max: 100, Diff: 99, Sum: 579]
      [GC Worker Other (ms): Min: 0.0, Avg: 0.0, Max: 0.0, Diff: 0.0, Sum: 0.1]
      [GC Worker Total (ms): Min: 56.6, Avg: 56.6, Max: 56.6, Diff: 0.1, Sum: 452.8]
      [GC Worker End (ms): Min: 1037.2, Avg: 1037.2, Max: 1037.2, Diff: 0.0]
   [Code Root Fixup: 0.0 ms]
   [Code Root Purge: 0.0 ms]
   [Clear CT: 0.2 ms]
   [Other: 0.6 ms]
      [Choose CSet: 0.0 ms]
      [Ref Proc: 0.1 ms]
      [Ref Enq: 0.0 ms]
      [Redirty Cards: 0.2 ms]
      [Humongous Register: 0.1 ms]
      [Humongous Reclaim: 0.0 ms]
      [Free CSet: 0.1 ms]
   [Eden: 89.0M(89.0M)->0.0B(89.0M) Survivors: 13.0M->13.0M Heap: 645.1M(2048.0M)->647.1M(2048.0M)]
 [Times: user=0.38 sys=0.00, real=0.06 secs] 
2020-09-29T12:23:54.822+0200: 1.108: [GC pause (G1 Evacuation Pause) (young), 0.0721596 secs]
   [Parallel Time: 70.5 ms, GC Workers: 8]
      [GC Worker Start (ms): Min: 1108.0, Avg: 1108.0, Max: 1108.1, Diff: 0.1]
      [Ext Root Scanning (ms): Min: 0.0, Avg: 0.1, Max: 0.1, Diff: 0.1, Sum: 0.7]
      [Update RS (ms): Min: 0.9, Avg: 1.0, Max: 1.0, Diff: 0.1, Sum: 7.6]
         [Processed Buffers: Min: 1, Avg: 2.0, Max: 7, Diff: 6, Sum: 16]
      [Scan RS (ms): Min: 10.0, Avg: 10.1, Max: 10.2, Diff: 0.2, Sum: 81.2]
      [Code Root Scanning (ms): Min: 0.0, Avg: 0.0, Max: 0.0, Diff: 0.0, Sum: 0.0]
      [Object Copy (ms): Min: 58.9, Avg: 59.0, Max: 59.1, Diff: 0.2, Sum: 472.1]
      [Termination (ms): Min: 0.0, Avg: 0.0, Max: 0.0, Diff: 0.0, Sum: 0.1]
         [Termination Attempts: Min: 1, Avg: 50.4, Max: 68, Diff: 67, Sum: 403]
      [GC Worker Other (ms): Min: 0.0, Avg: 0.0, Max: 0.0, Diff: 0.0, Sum: 0.2]
      [GC Worker Total (ms): Min: 70.2, Avg: 70.2, Max: 70.3, Diff: 0.1, Sum: 561.9]
      [GC Worker End (ms): Min: 1178.2, Avg: 1178.2, Max: 1178.3, Diff: 0.0]
   [Code Root Fixup: 0.0 ms]
   [Code Root Purge: 0.0 ms]
   [Clear CT: 0.9 ms]
   [Other: 0.7 ms]
      [Choose CSet: 0.0 ms]
      [Ref Proc: 0.1 ms]
      [Ref Enq: 0.0 ms]
      [Redirty Cards: 0.2 ms]
      [Humongous Register: 0.1 ms]
      [Humongous Reclaim: 0.0 ms]
      [Free CSet: 0.1 ms]
   [Eden: 89.0M(89.0M)->0.0B(89.0M) Survivors: 13.0M->13.0M Heap: 751.3M(2048.0M)->753.3M(2048.0M)]
 [Times: user=0.42 sys=0.06, real=0.07 secs] 
2020-09-29T12:23:54.959+0200: 1.246: [GC pause (G1 Evacuation Pause) (young), 0.0648896 secs]
   [Parallel Time: 63.9 ms, GC Workers: 8]
      [GC Worker Start (ms): Min: 1245.8, Avg: 1245.8, Max: 1245.9, Diff: 0.1]
      [Ext Root Scanning (ms): Min: 0.0, Avg: 0.1, Max: 0.1, Diff: 0.1, Sum: 0.5]
      [Update RS (ms): Min: 0.9, Avg: 1.0, Max: 1.5, Diff: 0.6, Sum: 8.3]
         [Processed Buffers: Min: 2, Avg: 2.8, Max: 4, Diff: 2, Sum: 22]
      [Scan RS (ms): Min: 8.2, Avg: 8.7, Max: 9.0, Diff: 0.8, Sum: 69.9]
      [Code Root Scanning (ms): Min: 0.0, Avg: 0.0, Max: 0.0, Diff: 0.0, Sum: 0.0]
      [Object Copy (ms): Min: 53.7, Avg: 53.8, Max: 53.9, Diff: 0.2, Sum: 430.7]
      [Termination (ms): Min: 0.0, Avg: 0.0, Max: 0.0, Diff: 0.0, Sum: 0.3]
         [Termination Attempts: Min: 1, Avg: 205.9, Max: 268, Diff: 267, Sum: 1647]
      [GC Worker Other (ms): Min: 0.0, Avg: 0.0, Max: 0.0, Diff: 0.0, Sum: 0.2]
      [GC Worker Total (ms): Min: 63.7, Avg: 63.7, Max: 63.8, Diff: 0.1, Sum: 509.9]
      [GC Worker End (ms): Min: 1309.5, Avg: 1309.6, Max: 1309.6, Diff: 0.0]
   [Code Root Fixup: 0.0 ms]
   [Code Root Purge: 0.0 ms]
   [Clear CT: 0.2 ms]
   [Other: 0.8 ms]
      [Choose CSet: 0.0 ms]
      [Ref Proc: 0.1 ms]
      [Ref Enq: 0.0 ms]
      [Redirty Cards: 0.3 ms]
      [Humongous Register: 0.1 ms]
      [Humongous Reclaim: 0.0 ms]
      [Free CSet: 0.1 ms]
   [Eden: 89.0M(89.0M)->0.0B(89.0M) Survivors: 13.0M->13.0M Heap: 857.6M(2048.0M)->859.1M(2048.0M)]
 [Times: user=0.50 sys=0.00, real=0.06 secs] 
2020-09-29T12:23:55.089+0200: 1.376: [GC pause (G1 Evacuation Pause) (young), 0.0645762 secs]
   [Parallel Time: 63.8 ms, GC Workers: 8]
      [GC Worker Start (ms): Min: 1375.8, Avg: 1375.9, Max: 1376.0, Diff: 0.2]
      [Ext Root Scanning (ms): Min: 0.0, Avg: 0.1, Max: 0.2, Diff: 0.2, Sum: 0.5]
      [Update RS (ms): Min: 2.1, Avg: 2.2, Max: 2.6, Diff: 0.5, Sum: 17.6]
         [Processed Buffers: Min: 4, Avg: 4.0, Max: 4, Diff: 0, Sum: 32]
      [Scan RS (ms): Min: 8.1, Avg: 8.6, Max: 8.9, Diff: 0.8, Sum: 69.1]
      [Code Root Scanning (ms): Min: 0.0, Avg: 0.0, Max: 0.0, Diff: 0.0, Sum: 0.0]
      [Object Copy (ms): Min: 52.4, Avg: 52.6, Max: 52.7, Diff: 0.3, Sum: 420.6]
      [Termination (ms): Min: 0.0, Avg: 0.0, Max: 0.0, Diff: 0.0, Sum: 0.1]
         [Termination Attempts: Min: 1, Avg: 63.0, Max: 84, Diff: 83, Sum: 504]
      [GC Worker Other (ms): Min: 0.0, Avg: 0.0, Max: 0.1, Diff: 0.0, Sum: 0.2]
      [GC Worker Total (ms): Min: 63.5, Avg: 63.5, Max: 63.6, Diff: 0.2, Sum: 508.1]
      [GC Worker End (ms): Min: 1439.4, Avg: 1439.5, Max: 1439.5, Diff: 0.0]
   [Code Root Fixup: 0.0 ms]
   [Code Root Purge: 0.0 ms]
   [Clear CT: 0.1 ms]
   [Other: 0.6 ms]
      [Choose CSet: 0.0 ms]
      [Ref Proc: 0.2 ms]
      [Ref Enq: 0.0 ms]
      [Redirty Cards: 0.2 ms]
      [Humongous Register: 0.0 ms]
      [Humongous Reclaim: 0.0 ms]
      [Free CSet: 0.1 ms]
   [Eden: 89.0M(89.0M)->0.0B(89.0M) Survivors: 13.0M->13.0M Heap: 963.3M(2048.0M)->965.8M(2048.0M)]
 [Times: user=0.44 sys=0.06, real=0.07 secs] 
2020-09-29T12:23:55.168+0200: 1.455: [GC pause (G1 Humongous Allocation) (young) (initial-mark), 0.0188709 secs]
   [Parallel Time: 18.1 ms, GC Workers: 8]
      [GC Worker Start (ms): Min: 1454.7, Avg: 1454.8, Max: 1454.9, Diff: 0.1]
      [Ext Root Scanning (ms): Min: 0.0, Avg: 0.8, Max: 5.3, Diff: 5.3, Sum: 6.2]
      [Update RS (ms): Min: 0.0, Avg: 1.9, Max: 2.7, Diff: 2.7, Sum: 15.0]
         [Processed Buffers: Min: 0, Avg: 2.6, Max: 4, Diff: 4, Sum: 21]
      [Scan RS (ms): Min: 0.0, Avg: 0.8, Max: 1.3, Diff: 1.3, Sum: 6.7]
      [Code Root Scanning (ms): Min: 0.0, Avg: 0.0, Max: 0.0, Diff: 0.0, Sum: 0.0]
      [Object Copy (ms): Min: 12.8, Avg: 14.5, Max: 14.8, Diff: 2.1, Sum: 116.4]
      [Termination (ms): Min: 0.0, Avg: 0.0, Max: 0.0, Diff: 0.0, Sum: 0.0]
         [Termination Attempts: Min: 1, Avg: 28.5, Max: 38, Diff: 37, Sum: 228]
      [GC Worker Other (ms): Min: 0.0, Avg: 0.0, Max: 0.0, Diff: 0.0, Sum: 0.1]
      [GC Worker Total (ms): Min: 18.0, Avg: 18.1, Max: 18.1, Diff: 0.1, Sum: 144.4]
      [GC Worker End (ms): Min: 1472.8, Avg: 1472.8, Max: 1472.8, Diff: 0.0]
   [Code Root Fixup: 0.0 ms]
   [Code Root Purge: 0.0 ms]
   [Clear CT: 0.2 ms]
   [Other: 0.6 ms]
      [Choose CSet: 0.0 ms]
      [Ref Proc: 0.2 ms]
      [Ref Enq: 0.0 ms]
      [Redirty Cards: 0.1 ms]
      [Humongous Register: 0.0 ms]
      [Humongous Reclaim: 0.0 ms]
      [Free CSet: 0.0 ms]
   [Eden: 12.0M(89.0M)->0.0B(97.0M) Survivors: 13.0M->13.0M Heap: 977.3M(2048.0M)->980.3M(2048.0M)]
 [Times: user=0.09 sys=0.03, real=0.02 secs] 
2020-09-29T12:23:55.187+0200: 1.474: [GC concurrent-root-region-scan-start]
2020-09-29T12:23:55.191+0200: 1.477: [GC concurrent-root-region-scan-end, 0.0032457 secs]
2020-09-29T12:23:55.191+0200: 1.477: [GC concurrent-mark-start]
2020-09-29T12:23:55.194+0200: 1.480: [GC concurrent-mark-end, 0.0031951 secs]
2020-09-29T12:23:55.194+0200: 1.480: [GC remark 2020-09-29T12:23:55.194+0200: 1.480: [Finalize Marking, 0.0002253 secs] 2020-09-29T12:23:55.194+0200: 1.481: [GC ref-proc, 0.0002929 secs] 2020-09-29T12:23:55.195+0200: 1.481: [Unloading, 0.0004741 secs], 0.0013486 secs]
 [Times: user=0.00 sys=0.00, real=0.00 secs] 
2020-09-29T12:23:55.196+0200: 1.482: [GC cleanup 993M->41M(2048M), 0.0011618 secs]
 [Times: user=0.00 sys=0.00, real=0.00 secs] 
2020-09-29T12:23:55.197+0200: 1.483: [GC concurrent-cleanup-start]
2020-09-29T12:23:55.198+0200: 1.485: [GC concurrent-cleanup-end, 0.0013514 secs]
2020-09-29T12:23:55.244+0200: 1.531: [GC pause (G1 Evacuation Pause) (young), 0.0525635 secs]
   [Parallel Time: 51.7 ms, GC Workers: 8]
      [GC Worker Start (ms): Min: 1530.7, Avg: 1530.7, Max: 1530.8, Diff: 0.1]
      [Ext Root Scanning (ms): Min: 0.0, Avg: 0.1, Max: 0.1, Diff: 0.1, Sum: 0.6]
      [Update RS (ms): Min: 1.2, Avg: 1.7, Max: 3.7, Diff: 2.5, Sum: 14.0]
         [Processed Buffers: Min: 0, Avg: 2.6, Max: 5, Diff: 5, Sum: 21]
      [Scan RS (ms): Min: 5.5, Avg: 7.4, Max: 8.0, Diff: 2.5, Sum: 59.2]
      [Code Root Scanning (ms): Min: 0.0, Avg: 0.0, Max: 0.0, Diff: 0.0, Sum: 0.0]
      [Object Copy (ms): Min: 42.2, Avg: 42.2, Max: 42.3, Diff: 0.1, Sum: 338.0]
      [Termination (ms): Min: 0.0, Avg: 0.0, Max: 0.1, Diff: 0.1, Sum: 0.4]
         [Termination Attempts: Min: 1, Avg: 321.1, Max: 409, Diff: 408, Sum: 2569]
      [GC Worker Other (ms): Min: 0.0, Avg: 0.0, Max: 0.1, Diff: 0.0, Sum: 0.2]
      [GC Worker Total (ms): Min: 51.4, Avg: 51.6, Max: 51.6, Diff: 0.2, Sum: 412.4]
      [GC Worker End (ms): Min: 1582.2, Avg: 1582.3, Max: 1582.3, Diff: 0.0]
   [Code Root Fixup: 0.0 ms]
   [Code Root Purge: 0.0 ms]
   [Clear CT: 0.2 ms]
   [Other: 0.7 ms]
      [Choose CSet: 0.0 ms]
      [Ref Proc: 0.2 ms]
      [Ref Enq: 0.0 ms]
      [Redirty Cards: 0.2 ms]
      [Humongous Register: 0.1 ms]
      [Humongous Reclaim: 0.0 ms]
      [Free CSet: 0.1 ms]
   [Eden: 97.0M(97.0M)->0.0B(120.0M) Survivors: 13.0M->14.0M Heap: 142.2M(2048.0M)->131.2M(2048.0M)]
 [Times: user=0.38 sys=0.00, real=0.05 secs] 
2020-09-29T12:23:55.367+0200: 1.654: [GC pause (G1 Evacuation Pause) (young), 0.0775005 secs]
   [Parallel Time: 76.4 ms, GC Workers: 8]
      [GC Worker Start (ms): Min: 1653.7, Avg: 1653.8, Max: 1653.8, Diff: 0.2]
      [Ext Root Scanning (ms): Min: 0.0, Avg: 0.1, Max: 0.2, Diff: 0.2, Sum: 0.5]
      [Update RS (ms): Min: 1.8, Avg: 2.1, Max: 2.6, Diff: 0.8, Sum: 16.7]
         [Processed Buffers: Min: 2, Avg: 2.6, Max: 3, Diff: 1, Sum: 21]
      [Scan RS (ms): Min: 10.2, Avg: 10.8, Max: 11.1, Diff: 0.9, Sum: 86.1]
      [Code Root Scanning (ms): Min: 0.0, Avg: 0.0, Max: 0.0, Diff: 0.0, Sum: 0.0]
      [Object Copy (ms): Min: 63.0, Avg: 63.1, Max: 63.3, Diff: 0.4, Sum: 504.5]
      [Termination (ms): Min: 0.0, Avg: 0.2, Max: 0.2, Diff: 0.2, Sum: 1.6]
         [Termination Attempts: Min: 1, Avg: 1310.0, Max: 1606, Diff: 1605, Sum: 10480]
      [GC Worker Other (ms): Min: 0.0, Avg: 0.0, Max: 0.1, Diff: 0.0, Sum: 0.3]
      [GC Worker Total (ms): Min: 76.1, Avg: 76.2, Max: 76.3, Diff: 0.2, Sum: 609.7]
      [GC Worker End (ms): Min: 1730.0, Avg: 1730.0, Max: 1730.0, Diff: 0.0]
   [Code Root Fixup: 0.0 ms]
   [Code Root Purge: 0.0 ms]
   [Clear CT: 0.2 ms]
   [Other: 0.9 ms]
      [Choose CSet: 0.0 ms]
      [Ref Proc: 0.2 ms]
      [Ref Enq: 0.0 ms]
      [Redirty Cards: 0.2 ms]
      [Humongous Register: 0.0 ms]
      [Humongous Reclaim: 0.0 ms]
      [Free CSet: 0.1 ms]
   [Eden: 120.0M(120.0M)->0.0B(133.0M) Survivors: 14.0M->17.0M Heap: 270.2M(2048.0M)->271.7M(2048.0M)]
 [Times: user=0.59 sys=0.02, real=0.08 secs] 
2020-09-29T12:23:55.525+0200: 1.811: [GC pause (G1 Evacuation Pause) (young), 0.0706715 secs]
   [Parallel Time: 69.8 ms, GC Workers: 8]
      [GC Worker Start (ms): Min: 1811.0, Avg: 1811.1, Max: 1811.1, Diff: 0.1]
      [Ext Root Scanning (ms): Min: 0.0, Avg: 0.1, Max: 0.1, Diff: 0.1, Sum: 0.5]
      [Update RS (ms): Min: 2.1, Avg: 2.3, Max: 2.5, Diff: 0.4, Sum: 18.4]
         [Processed Buffers: Min: 3, Avg: 4.6, Max: 6, Diff: 3, Sum: 37]
      [Scan RS (ms): Min: 11.4, Avg: 11.7, Max: 11.9, Diff: 0.4, Sum: 93.3]
      [Code Root Scanning (ms): Min: 0.0, Avg: 0.0, Max: 0.0, Diff: 0.0, Sum: 0.0]
      [Object Copy (ms): Min: 55.5, Avg: 55.6, Max: 55.6, Diff: 0.1, Sum: 444.7]
      [Termination (ms): Min: 0.0, Avg: 0.0, Max: 0.0, Diff: 0.0, Sum: 0.0]
         [Termination Attempts: Min: 1, Avg: 12.0, Max: 16, Diff: 15, Sum: 96]
      [GC Worker Other (ms): Min: 0.0, Avg: 0.0, Max: 0.0, Diff: 0.0, Sum: 0.2]
      [GC Worker Total (ms): Min: 69.6, Avg: 69.6, Max: 69.7, Diff: 0.1, Sum: 557.1]
      [GC Worker End (ms): Min: 1880.7, Avg: 1880.7, Max: 1880.7, Diff: 0.0]
   [Code Root Fixup: 0.0 ms]
   [Code Root Purge: 0.0 ms]
   [Clear CT: 0.2 ms]
   [Other: 0.7 ms]
      [Choose CSet: 0.0 ms]
      [Ref Proc: 0.2 ms]
      [Ref Enq: 0.0 ms]
      [Redirty Cards: 0.2 ms]
      [Humongous Register: 0.0 ms]
      [Humongous Reclaim: 0.0 ms]
      [Free CSet: 0.1 ms]
   [Eden: 127.0M(127.0M)->0.0B(159.0M) Survivors: 17.0M->18.0M Heap: 421.6M(2048.0M)->424.1M(2048.0M)]
 [Times: user=0.42 sys=0.08, real=0.07 secs] 
2020-09-29T12:23:55.689+0200: 1.975: [GC pause (G1 Evacuation Pause) (young), 0.0877987 secs]
   [Parallel Time: 86.9 ms, GC Workers: 8]
      [GC Worker Start (ms): Min: 1975.0, Avg: 1975.0, Max: 1975.1, Diff: 0.1]
      [Ext Root Scanning (ms): Min: 0.0, Avg: 0.1, Max: 0.2, Diff: 0.1, Sum: 0.6]
      [Update RS (ms): Min: 1.7, Avg: 2.3, Max: 2.5, Diff: 0.8, Sum: 18.2]
         [Processed Buffers: Min: 3, Avg: 3.0, Max: 3, Diff: 0, Sum: 24]
      [Scan RS (ms): Min: 14.1, Avg: 14.3, Max: 14.9, Diff: 0.8, Sum: 114.2]
      [Code Root Scanning (ms): Min: 0.0, Avg: 0.0, Max: 0.0, Diff: 0.0, Sum: 0.0]
      [Object Copy (ms): Min: 70.0, Avg: 70.0, Max: 70.1, Diff: 0.1, Sum: 560.3]
      [Termination (ms): Min: 0.0, Avg: 0.0, Max: 0.0, Diff: 0.0, Sum: 0.1]
         [Termination Attempts: Min: 1, Avg: 106.3, Max: 166, Diff: 165, Sum: 850]
      [GC Worker Other (ms): Min: 0.0, Avg: 0.0, Max: 0.1, Diff: 0.0, Sum: 0.2]
      [GC Worker Total (ms): Min: 86.6, Avg: 86.7, Max: 86.8, Diff: 0.1, Sum: 693.7]
      [GC Worker End (ms): Min: 2061.7, Avg: 2061.8, Max: 2061.8, Diff: 0.0]
   [Code Root Fixup: 0.0 ms]
   [Code Root Purge: 0.0 ms]
   [Clear CT: 0.2 ms]
   [Other: 0.7 ms]
      [Choose CSet: 0.0 ms]
      [Ref Proc: 0.1 ms]
      [Ref Enq: 0.0 ms]
      [Redirty Cards: 0.2 ms]
      [Humongous Register: 0.0 ms]
      [Humongous Reclaim: 0.0 ms]
      [Free CSet: 0.2 ms]
   [Eden: 159.0M(159.0M)->0.0B(170.0M) Survivors: 18.0M->23.0M Heap: 607.9M(2048.0M)->609.9M(2048.0M)]
 [Times: user=0.70 sys=0.05, real=0.09 secs] 
2020-09-29T12:23:55.883+0200: 2.169: [GC pause (G1 Evacuation Pause) (young), 0.1124060 secs]
   [Parallel Time: 110.8 ms, GC Workers: 8]
      [GC Worker Start (ms): Min: 2168.9, Avg: 2169.1, Max: 2169.1, Diff: 0.2]
      [Ext Root Scanning (ms): Min: 0.0, Avg: 0.1, Max: 0.2, Diff: 0.2, Sum: 0.4]
      [Update RS (ms): Min: 2.4, Avg: 2.7, Max: 2.9, Diff: 0.5, Sum: 21.5]
         [Processed Buffers: Min: 3, Avg: 3.3, Max: 5, Diff: 2, Sum: 26]
      [Scan RS (ms): Min: 19.4, Avg: 19.6, Max: 20.0, Diff: 0.6, Sum: 157.1]
      [Code Root Scanning (ms): Min: 0.0, Avg: 0.0, Max: 0.0, Diff: 0.0, Sum: 0.0]
      [Object Copy (ms): Min: 88.1, Avg: 88.2, Max: 88.2, Diff: 0.1, Sum: 705.3]
      [Termination (ms): Min: 0.0, Avg: 0.0, Max: 0.0, Diff: 0.0, Sum: 0.1]
         [Termination Attempts: Min: 1, Avg: 38.3, Max: 52, Diff: 51, Sum: 306]
      [GC Worker Other (ms): Min: 0.0, Avg: 0.0, Max: 0.0, Diff: 0.0, Sum: 0.2]
      [GC Worker Total (ms): Min: 110.5, Avg: 110.6, Max: 110.7, Diff: 0.2, Sum: 884.6]
      [GC Worker End (ms): Min: 2279.6, Avg: 2279.6, Max: 2279.6, Diff: 0.0]
   [Code Root Fixup: 0.0 ms]
   [Code Root Purge: 0.0 ms]
   [Clear CT: 0.5 ms]
   [Other: 1.1 ms]
      [Choose CSet: 0.0 ms]
      [Ref Proc: 0.2 ms]
      [Ref Enq: 0.0 ms]
      [Redirty Cards: 0.4 ms]
      [Humongous Register: 0.0 ms]
      [Humongous Reclaim: 0.0 ms]
      [Free CSet: 0.2 ms]
   [Eden: 170.0M(170.0M)->0.0B(183.0M) Survivors: 23.0M->25.0M Heap: 808.5M(2048.0M)->810.0M(2048.0M)]
 [Times: user=0.83 sys=0.03, real=0.11 secs] 
2020-09-29T12:23:56.099+0200: 2.385: [GC pause (G1 Evacuation Pause) (young), 0.1179024 secs]
   [Parallel Time: 116.9 ms, GC Workers: 8]
      [GC Worker Start (ms): Min: 2384.8, Avg: 2385.0, Max: 2385.0, Diff: 0.2]
      [Ext Root Scanning (ms): Min: 0.0, Avg: 0.1, Max: 0.2, Diff: 0.2, Sum: 0.5]
      [Update RS (ms): Min: 2.4, Avg: 2.7, Max: 2.8, Diff: 0.5, Sum: 21.9]
         [Processed Buffers: Min: 3, Avg: 3.5, Max: 7, Diff: 4, Sum: 28]
      [Scan RS (ms): Min: 20.6, Avg: 20.7, Max: 21.0, Diff: 0.4, Sum: 165.3]
      [Code Root Scanning (ms): Min: 0.0, Avg: 0.0, Max: 0.0, Diff: 0.0, Sum: 0.0]
      [Object Copy (ms): Min: 92.9, Avg: 93.0, Max: 93.1, Diff: 0.2, Sum: 743.9]
      [Termination (ms): Min: 0.0, Avg: 0.0, Max: 0.0, Diff: 0.0, Sum: 0.0]
         [Termination Attempts: Min: 1, Avg: 1.0, Max: 1, Diff: 0, Sum: 8]
      [GC Worker Other (ms): Min: 0.0, Avg: 0.2, Max: 0.3, Diff: 0.3, Sum: 1.4]
      [GC Worker Total (ms): Min: 116.4, Avg: 116.6, Max: 116.9, Diff: 0.5, Sum: 933.1]
      [GC Worker End (ms): Min: 2501.4, Avg: 2501.6, Max: 2501.7, Diff: 0.3]
   [Code Root Fixup: 0.0 ms]
   [Code Root Purge: 0.0 ms]
   [Clear CT: 0.2 ms]
   [Other: 0.8 ms]
      [Choose CSet: 0.0 ms]
      [Ref Proc: 0.2 ms]
      [Ref Enq: 0.0 ms]
      [Redirty Cards: 0.3 ms]
      [Humongous Register: 0.0 ms]
      [Humongous Reclaim: 0.0 ms]
      [Free CSet: 0.2 ms]
   [Eden: 183.0M(183.0M)->0.0B(190.0M) Survivors: 25.0M->26.0M Heap: 1023.6M(2048.0M)->1025.6M(2048.0M)]
 [Times: user=0.83 sys=0.03, real=0.12 secs] 
2020-09-29T12:23:56.234+0200: 2.520: [GC pause (G1 Humongous Allocation) (young) (initial-mark), 0.0280164 secs]
   [Parallel Time: 27.0 ms, GC Workers: 8]
      [GC Worker Start (ms): Min: 2520.6, Avg: 2520.8, Max: 2520.9, Diff: 0.2]
      [Ext Root Scanning (ms): Min: 0.0, Avg: 0.6, Max: 1.2, Diff: 1.2, Sum: 4.8]
      [Update RS (ms): Min: 4.6, Avg: 5.9, Max: 8.9, Diff: 4.3, Sum: 47.5]
         [Processed Buffers: Min: 1, Avg: 6.5, Max: 9, Diff: 8, Sum: 52]
      [Scan RS (ms): Min: 0.0, Avg: 1.7, Max: 2.2, Diff: 2.2, Sum: 13.9]
      [Code Root Scanning (ms): Min: 0.0, Avg: 0.0, Max: 0.0, Diff: 0.0, Sum: 0.0]
      [Object Copy (ms): Min: 16.6, Avg: 18.4, Max: 18.8, Diff: 2.2, Sum: 147.5]
      [Termination (ms): Min: 0.0, Avg: 0.0, Max: 0.0, Diff: 0.0, Sum: 0.3]
         [Termination Attempts: Min: 1, Avg: 245.0, Max: 327, Diff: 326, Sum: 1960]
      [GC Worker Other (ms): Min: 0.0, Avg: 0.0, Max: 0.0, Diff: 0.0, Sum: 0.1]
      [GC Worker Total (ms): Min: 26.7, Avg: 26.8, Max: 26.9, Diff: 0.2, Sum: 214.2]
      [GC Worker End (ms): Min: 2547.5, Avg: 2547.5, Max: 2547.5, Diff: 0.0]
   [Code Root Fixup: 0.0 ms]
   [Code Root Purge: 0.0 ms]
   [Clear CT: 0.2 ms]
   [Other: 0.8 ms]
      [Choose CSet: 0.0 ms]
      [Ref Proc: 0.3 ms]
      [Ref Enq: 0.0 ms]
      [Redirty Cards: 0.2 ms]
      [Humongous Register: 0.1 ms]
      [Humongous Reclaim: 0.0 ms]
      [Free CSet: 0.0 ms]
   [Eden: 3072.0K(190.0M)->0.0B(230.0M) Survivors: 26.0M->5120.0K Heap: 1028.1M(2048.0M)->1032.6M(2048.0M)]
 [Times: user=0.22 sys=0.00, real=0.03 secs] 
2020-09-29T12:23:56.262+0200: 2.549: [GC concurrent-root-region-scan-start]
2020-09-29T12:23:56.263+0200: 2.549: [GC concurrent-root-region-scan-end, 0.0006521 secs]
2020-09-29T12:23:56.263+0200: 2.549: [GC concurrent-mark-start]
2020-09-29T12:23:56.266+0200: 2.552: [GC concurrent-mark-end, 0.0030506 secs]
2020-09-29T12:23:56.266+0200: 2.552: [GC remark 2020-09-29T12:23:56.266+0200: 2.553: [Finalize Marking, 0.0002156 secs] 2020-09-29T12:23:56.267+0200: 2.553: [GC ref-proc, 0.0003035 secs] 2020-09-29T12:23:56.267+0200: 2.553: [Unloading, 0.0005003 secs], 0.0013453 secs]
 [Times: user=0.00 sys=0.00, real=0.00 secs] 
2020-09-29T12:23:56.268+0200: 2.554: [GC cleanup 1038M->25M(2048M), 0.0013375 secs]
 [Times: user=0.00 sys=0.00, real=0.00 secs] 
2020-09-29T12:23:56.269+0200: 2.556: [GC concurrent-cleanup-start]
2020-09-29T12:23:56.271+0200: 2.557: [GC concurrent-cleanup-end, 0.0012658 secs]
2020-09-29T12:23:56.392+0200: 2.679: [GC pause (G1 Evacuation Pause) (young), 0.1285191 secs]
   [Parallel Time: 127.4 ms, GC Workers: 8]
      [GC Worker Start (ms): Min: 2678.8, Avg: 2678.8, Max: 2678.9, Diff: 0.1]
      [Ext Root Scanning (ms): Min: 0.0, Avg: 0.1, Max: 0.2, Diff: 0.1, Sum: 0.6]
      [Update RS (ms): Min: 3.3, Avg: 3.5, Max: 3.7, Diff: 0.4, Sum: 27.7]
         [Processed Buffers: Min: 4, Avg: 5.4, Max: 7, Diff: 3, Sum: 43]
      [Scan RS (ms): Min: 19.5, Avg: 19.8, Max: 20.0, Diff: 0.4, Sum: 158.5]
      [Code Root Scanning (ms): Min: 0.0, Avg: 0.0, Max: 0.0, Diff: 0.0, Sum: 0.0]
      [Object Copy (ms): Min: 103.5, Avg: 103.5, Max: 103.7, Diff: 0.2, Sum: 828.3]
      [Termination (ms): Min: 0.0, Avg: 0.2, Max: 0.3, Diff: 0.3, Sum: 1.7]
         [Termination Attempts: Min: 1, Avg: 1523.9, Max: 1867, Diff: 1866, Sum: 12191]
      [GC Worker Other (ms): Min: 0.0, Avg: 0.0, Max: 0.1, Diff: 0.1, Sum: 0.3]
      [GC Worker Total (ms): Min: 127.1, Avg: 127.1, Max: 127.3, Diff: 0.2, Sum: 1017.1]
      [GC Worker End (ms): Min: 2805.9, Avg: 2806.0, Max: 2806.0, Diff: 0.1]
   [Code Root Fixup: 0.0 ms]
   [Code Root Purge: 0.0 ms]
   [Clear CT: 0.1 ms]
   [Other: 1.0 ms]
      [Choose CSet: 0.0 ms]
      [Ref Proc: 0.2 ms]
      [Ref Enq: 0.0 ms]
      [Redirty Cards: 0.3 ms]
      [Humongous Register: 0.0 ms]
      [Humongous Reclaim: 0.0 ms]
      [Free CSet: 0.2 ms]
   [Eden: 230.0M(230.0M)->0.0B(213.0M) Survivors: 5120.0K->30.0M Heap: 289.6M(2048.0M)->287.1M(2048.0M)]
 [Times: user=0.97 sys=0.05, real=0.13 secs] 
2020-09-29T12:23:56.651+0200: 2.937: [GC pause (G1 Evacuation Pause) (young), 0.1200859 secs]
   [Parallel Time: 119.1 ms, GC Workers: 8]
      [GC Worker Start (ms): Min: 2936.9, Avg: 2937.0, Max: 2937.1, Diff: 0.2]
      [Ext Root Scanning (ms): Min: 0.0, Avg: 0.1, Max: 0.1, Diff: 0.1, Sum: 0.4]
      [Update RS (ms): Min: 4.7, Avg: 5.0, Max: 5.4, Diff: 0.7, Sum: 40.1]
         [Processed Buffers: Min: 6, Avg: 6.3, Max: 7, Diff: 1, Sum: 50]
      [Scan RS (ms): Min: 18.7, Avg: 19.2, Max: 19.6, Diff: 0.9, Sum: 153.7]
      [Code Root Scanning (ms): Min: 0.0, Avg: 0.0, Max: 0.0, Diff: 0.0, Sum: 0.0]
      [Object Copy (ms): Min: 94.5, Avg: 94.6, Max: 94.6, Diff: 0.2, Sum: 756.6]
      [Termination (ms): Min: 0.0, Avg: 0.0, Max: 0.0, Diff: 0.0, Sum: 0.2]
         [Termination Attempts: Min: 1, Avg: 197.3, Max: 267, Diff: 266, Sum: 1578]
      [GC Worker Other (ms): Min: 0.0, Avg: 0.0, Max: 0.1, Diff: 0.1, Sum: 0.4]
      [GC Worker Total (ms): Min: 118.8, Avg: 118.9, Max: 119.0, Diff: 0.2, Sum: 951.4]
      [GC Worker End (ms): Min: 3055.9, Avg: 3055.9, Max: 3056.0, Diff: 0.1]
   [Code Root Fixup: 0.0 ms]
   [Code Root Purge: 0.0 ms]
   [Clear CT: 0.1 ms]
   [Other: 0.8 ms]
      [Choose CSet: 0.0 ms]
      [Ref Proc: 0.1 ms]
      [Ref Enq: 0.0 ms]
      [Redirty Cards: 0.2 ms]
      [Humongous Register: 0.0 ms]
      [Humongous Reclaim: 0.0 ms]
      [Free CSet: 0.3 ms]
   [Eden: 213.0M(213.0M)->0.0B(229.0M) Survivors: 30.0M->31.0M Heap: 534.4M(2048.0M)->537.4M(2048.0M)]
 [Times: user=0.83 sys=0.06, real=0.12 secs] 
2020-09-29T12:23:56.912+0200: 3.199: [GC pause (G1 Evacuation Pause) (young), 0.1541313 secs]
   [Parallel Time: 153.1 ms, GC Workers: 8]
      [GC Worker Start (ms): Min: 3198.7, Avg: 3198.8, Max: 3198.8, Diff: 0.1]
      [Ext Root Scanning (ms): Min: 0.0, Avg: 0.1, Max: 0.1, Diff: 0.1, Sum: 0.7]
      [Update RS (ms): Min: 4.1, Avg: 4.5, Max: 5.0, Diff: 0.8, Sum: 36.4]
         [Processed Buffers: Min: 1, Avg: 4.9, Max: 6, Diff: 5, Sum: 39]
      [Scan RS (ms): Min: 23.8, Avg: 24.2, Max: 24.6, Diff: 0.8, Sum: 193.5]
      [Code Root Scanning (ms): Min: 0.0, Avg: 0.0, Max: 0.0, Diff: 0.0, Sum: 0.0]
      [Object Copy (ms): Min: 123.6, Avg: 123.8, Max: 123.9, Diff: 0.3, Sum: 990.0]
      [Termination (ms): Min: 0.0, Avg: 0.3, Max: 0.4, Diff: 0.4, Sum: 2.5]
         [Termination Attempts: Min: 1, Avg: 2237.5, Max: 3009, Diff: 3008, Sum: 17900]
      [GC Worker Other (ms): Min: 0.0, Avg: 0.0, Max: 0.1, Diff: 0.1, Sum: 0.4]
      [GC Worker Total (ms): Min: 152.9, Avg: 152.9, Max: 153.0, Diff: 0.1, Sum: 1223.5]
      [GC Worker End (ms): Min: 3351.7, Avg: 3351.7, Max: 3351.7, Diff: 0.1]
   [Code Root Fixup: 0.0 ms]
   [Code Root Purge: 0.0 ms]
   [Clear CT: 0.2 ms]
   [Other: 0.9 ms]
      [Choose CSet: 0.0 ms]
      [Ref Proc: 0.1 ms]
      [Ref Enq: 0.0 ms]
      [Redirty Cards: 0.2 ms]
      [Humongous Register: 0.1 ms]
      [Humongous Reclaim: 0.0 ms]
      [Free CSet: 0.3 ms]
   [Eden: 229.0M(229.0M)->0.0B(231.0M) Survivors: 31.0M->33.0M Heap: 804.5M(2048.0M)->806.0M(2048.0M)]
 [Times: user=1.05 sys=0.06, real=0.15 secs] 
2020-09-29T12:23:57.202+0200: 3.489: [GC pause (G1 Evacuation Pause) (young), 0.1402342 secs]
   [Parallel Time: 139.3 ms, GC Workers: 8]
      [GC Worker Start (ms): Min: 3488.8, Avg: 3488.9, Max: 3489.0, Diff: 0.2]
      [Ext Root Scanning (ms): Min: 0.0, Avg: 0.1, Max: 0.2, Diff: 0.2, Sum: 0.5]
      [Update RS (ms): Min: 5.0, Avg: 5.2, Max: 5.7, Diff: 0.7, Sum: 41.8]
         [Processed Buffers: Min: 4, Avg: 5.4, Max: 7, Diff: 3, Sum: 43]
      [Scan RS (ms): Min: 25.0, Avg: 25.5, Max: 25.7, Diff: 0.7, Sum: 203.7]
      [Code Root Scanning (ms): Min: 0.0, Avg: 0.0, Max: 0.0, Diff: 0.0, Sum: 0.0]
      [Object Copy (ms): Min: 108.1, Avg: 108.2, Max: 108.3, Diff: 0.3, Sum: 865.6]
      [Termination (ms): Min: 0.0, Avg: 0.1, Max: 0.1, Diff: 0.1, Sum: 0.6]
         [Termination Attempts: Min: 1, Avg: 503.9, Max: 638, Diff: 637, Sum: 4031]
      [GC Worker Other (ms): Min: 0.0, Avg: 0.0, Max: 0.1, Diff: 0.1, Sum: 0.3]
      [GC Worker Total (ms): Min: 139.0, Avg: 139.1, Max: 139.2, Diff: 0.2, Sum: 1112.5]
      [GC Worker End (ms): Min: 3628.0, Avg: 3628.0, Max: 3628.0, Diff: 0.1]
   [Code Root Fixup: 0.0 ms]
   [Code Root Purge: 0.0 ms]
   [Clear CT: 0.2 ms]
   [Other: 0.8 ms]
      [Choose CSet: 0.0 ms]
      [Ref Proc: 0.1 ms]
      [Ref Enq: 0.0 ms]
      [Redirty Cards: 0.2 ms]
      [Humongous Register: 0.0 ms]
      [Humongous Reclaim: 0.0 ms]
      [Free CSet: 0.2 ms]
   [Eden: 231.0M(231.0M)->0.0B(247.0M) Survivors: 33.0M->33.0M Heap: 1075.2M(2048.0M)->1077.2M(2048.0M)]
 [Times: user=1.05 sys=0.08, real=0.14 secs] 
2020-09-29T12:23:57.360+0200: 3.647: [GC pause (G1 Humongous Allocation) (young) (initial-mark), 0.0311159 secs]
   [Parallel Time: 30.3 ms, GC Workers: 8]
      [GC Worker Start (ms): Min: 3647.3, Avg: 3647.4, Max: 3647.4, Diff: 0.1]
      [Ext Root Scanning (ms): Min: 0.1, Avg: 0.1, Max: 0.1, Diff: 0.1, Sum: 0.7]
      [Update RS (ms): Min: 9.4, Avg: 9.7, Max: 10.1, Diff: 0.7, Sum: 77.9]
         [Processed Buffers: Min: 11, Avg: 12.5, Max: 14, Diff: 3, Sum: 100]
      [Scan RS (ms): Min: 1.8, Avg: 2.2, Max: 2.5, Diff: 0.7, Sum: 17.8]
      [Code Root Scanning (ms): Min: 0.0, Avg: 0.0, Max: 0.0, Diff: 0.0, Sum: 0.0]
      [Object Copy (ms): Min: 18.0, Avg: 18.0, Max: 18.1, Diff: 0.1, Sum: 144.1]
      [Termination (ms): Min: 0.0, Avg: 0.0, Max: 0.0, Diff: 0.0, Sum: 0.2]
         [Termination Attempts: Min: 1, Avg: 189.0, Max: 246, Diff: 245, Sum: 1512]
      [GC Worker Other (ms): Min: 0.0, Avg: 0.0, Max: 0.1, Diff: 0.0, Sum: 0.3]
      [GC Worker Total (ms): Min: 30.1, Avg: 30.1, Max: 30.2, Diff: 0.1, Sum: 240.9]
      [GC Worker End (ms): Min: 3677.5, Avg: 3677.5, Max: 3677.5, Diff: 0.0]
   [Code Root Fixup: 0.0 ms]
   [Code Root Purge: 0.0 ms]
   [Clear CT: 0.1 ms]
   [Other: 0.7 ms]
      [Choose CSet: 0.0 ms]
      [Ref Proc: 0.2 ms]
      [Ref Enq: 0.0 ms]
      [Redirty Cards: 0.1 ms]
      [Humongous Register: 0.1 ms]
      [Humongous Reclaim: 0.0 ms]
      [Free CSet: 0.1 ms]
   [Eden: 2048.0K(247.0M)->0.0B(297.0M) Survivors: 33.0M->5120.0K Heap: 1078.7M(2048.0M)->1084.2M(2048.0M)]
 [Times: user=0.22 sys=0.03, real=0.03 secs] 
2020-09-29T12:23:57.392+0200: 3.678: [GC concurrent-root-region-scan-start]
2020-09-29T12:23:57.392+0200: 3.679: [GC concurrent-root-region-scan-end, 0.0006040 secs]
2020-09-29T12:23:57.392+0200: 3.679: [GC concurrent-mark-start]
2020-09-29T12:23:57.396+0200: 3.682: [GC concurrent-mark-end, 0.0033943 secs]
2020-09-29T12:23:57.396+0200: 3.683: [GC remark 2020-09-29T12:23:57.396+0200: 3.683: [Finalize Marking, 0.0002218 secs] 2020-09-29T12:23:57.396+0200: 3.683: [GC ref-proc, 0.0003336 secs] 2020-09-29T12:23:57.397+0200: 3.683: [Unloading, 0.0004692 secs], 0.0014073 secs]
 [Times: user=0.00 sys=0.00, real=0.00 secs] 
2020-09-29T12:23:57.398+0200: 3.684: [GC cleanup 1091M->26M(2048M), 0.0017257 secs]
 [Times: user=0.00 sys=0.00, real=0.00 secs] 
2020-09-29T12:23:57.400+0200: 3.686: [GC concurrent-cleanup-start]
2020-09-29T12:23:57.402+0200: 3.688: [GC concurrent-cleanup-end, 0.0020307 secs]
2020-09-29T12:23:57.587+0200: 3.874: [GC pause (G1 Evacuation Pause) (young), 0.1543564 secs]
   [Parallel Time: 153.2 ms, GC Workers: 8]
      [GC Worker Start (ms): Min: 3873.9, Avg: 3873.9, Max: 3874.0, Diff: 0.1]
      [Ext Root Scanning (ms): Min: 0.0, Avg: 0.1, Max: 0.2, Diff: 0.1, Sum: 0.6]
      [Update RS (ms): Min: 4.9, Avg: 5.7, Max: 6.1, Diff: 1.2, Sum: 45.4]
         [Processed Buffers: Min: 6, Avg: 6.0, Max: 6, Diff: 0, Sum: 48]
      [Scan RS (ms): Min: 26.9, Avg: 27.3, Max: 28.1, Diff: 1.2, Sum: 218.5]
      [Code Root Scanning (ms): Min: 0.0, Avg: 0.0, Max: 0.0, Diff: 0.0, Sum: 0.0]
      [Object Copy (ms): Min: 119.8, Avg: 119.8, Max: 119.9, Diff: 0.1, Sum: 958.5]
      [Termination (ms): Min: 0.0, Avg: 0.0, Max: 0.0, Diff: 0.0, Sum: 0.1]
         [Termination Attempts: Min: 1, Avg: 106.6, Max: 140, Diff: 139, Sum: 853]
      [GC Worker Other (ms): Min: 0.0, Avg: 0.0, Max: 0.1, Diff: 0.1, Sum: 0.4]
      [GC Worker Total (ms): Min: 152.9, Avg: 152.9, Max: 153.0, Diff: 0.1, Sum: 1223.5]
      [GC Worker End (ms): Min: 4026.9, Avg: 4026.9, Max: 4026.9, Diff: 0.0]
   [Code Root Fixup: 0.0 ms]
   [Code Root Purge: 0.0 ms]
   [Clear CT: 0.2 ms]
   [Other: 1.0 ms]
      [Choose CSet: 0.0 ms]
      [Ref Proc: 0.1 ms]
      [Ref Enq: 0.0 ms]
      [Redirty Cards: 0.2 ms]
      [Humongous Register: 0.0 ms]
      [Humongous Reclaim: 0.0 ms]
      [Free CSet: 0.3 ms]
   [Eden: 297.0M(297.0M)->0.0B(267.0M) Survivors: 5120.0K->38.0M Heap: 366.1M(2048.0M)->363.1M(2048.0M)]
 [Times: user=1.19 sys=0.06, real=0.16 secs] 
2020-09-29T12:23:57.915+0200: 4.202: [GC pause (G1 Evacuation Pause) (young), 0.1864005 secs]
   [Parallel Time: 185.3 ms, GC Workers: 8]
      [GC Worker Start (ms): Min: 4201.6, Avg: 4201.7, Max: 4201.7, Diff: 0.1]
      [Ext Root Scanning (ms): Min: 0.0, Avg: 0.1, Max: 0.1, Diff: 0.1, Sum: 0.7]
      [Update RS (ms): Min: 7.9, Avg: 8.2, Max: 8.5, Diff: 0.6, Sum: 65.2]
         [Processed Buffers: Min: 8, Avg: 9.6, Max: 13, Diff: 5, Sum: 77]
      [Scan RS (ms): Min: 28.4, Avg: 28.6, Max: 28.9, Diff: 0.5, Sum: 229.0]
      [Code Root Scanning (ms): Min: 0.0, Avg: 0.0, Max: 0.0, Diff: 0.0, Sum: 0.0]
      [Object Copy (ms): Min: 147.5, Avg: 147.7, Max: 148.2, Diff: 0.8, Sum: 1181.7]
      [Termination (ms): Min: 0.0, Avg: 0.5, Max: 0.7, Diff: 0.7, Sum: 3.9]
         [Termination Attempts: Min: 1, Avg: 3508.5, Max: 4874, Diff: 4873, Sum: 28068]
      [GC Worker Other (ms): Min: 0.0, Avg: 0.1, Max: 0.1, Diff: 0.1, Sum: 0.4]
      [GC Worker Total (ms): Min: 185.0, Avg: 185.1, Max: 185.2, Diff: 0.2, Sum: 1481.0]
      [GC Worker End (ms): Min: 4386.8, Avg: 4386.8, Max: 4386.9, Diff: 0.1]
   [Code Root Fixup: 0.0 ms]
   [Code Root Purge: 0.0 ms]
   [Clear CT: 0.2 ms]
   [Other: 0.9 ms]
      [Choose CSet: 0.0 ms]
      [Ref Proc: 0.2 ms]
      [Ref Enq: 0.0 ms]
      [Redirty Cards: 0.2 ms]
      [Humongous Register: 0.0 ms]
      [Humongous Reclaim: 0.0 ms]
      [Free CSet: 0.3 ms]
   [Eden: 267.0M(267.0M)->0.0B(247.0M) Survivors: 38.0M->39.0M Heap: 675.9M(2048.0M)->678.9M(2048.0M)]
 [Times: user=1.42 sys=0.06, real=0.19 secs] 
2020-09-29T12:23:58.261+0200: 4.547: [GC pause (G1 Evacuation Pause) (young), 0.1533788 secs]
   [Parallel Time: 152.4 ms, GC Workers: 8]
      [GC Worker Start (ms): Min: 4547.5, Avg: 4547.5, Max: 4547.6, Diff: 0.2]
      [Ext Root Scanning (ms): Min: 0.0, Avg: 0.1, Max: 0.1, Diff: 0.1, Sum: 0.5]
      [Update RS (ms): Min: 7.0, Avg: 7.4, Max: 7.8, Diff: 0.8, Sum: 59.0]
         [Processed Buffers: Min: 0, Avg: 7.8, Max: 11, Diff: 11, Sum: 62]
      [Scan RS (ms): Min: 23.1, Avg: 23.4, Max: 23.8, Diff: 0.8, Sum: 187.5]
      [Code Root Scanning (ms): Min: 0.0, Avg: 0.0, Max: 0.0, Diff: 0.0, Sum: 0.0]
      [Object Copy (ms): Min: 121.1, Avg: 121.2, Max: 121.3, Diff: 0.2, Sum: 969.6]
      [Termination (ms): Min: 0.0, Avg: 0.1, Max: 0.1, Diff: 0.1, Sum: 0.6]
         [Termination Attempts: Min: 1, Avg: 300.6, Max: 456, Diff: 455, Sum: 2405]
      [GC Worker Other (ms): Min: 0.0, Avg: 0.0, Max: 0.0, Diff: 0.0, Sum: 0.1]
      [GC Worker Total (ms): Min: 152.1, Avg: 152.2, Max: 152.3, Diff: 0.2, Sum: 1217.4]
      [GC Worker End (ms): Min: 4699.7, Avg: 4699.7, Max: 4699.7, Diff: 0.0]
   [Code Root Fixup: 0.0 ms]
   [Code Root Purge: 0.0 ms]
   [Clear CT: 0.2 ms]
   [Other: 0.7 ms]
      [Choose CSet: 0.0 ms]
      [Ref Proc: 0.1 ms]
      [Ref Enq: 0.0 ms]
      [Redirty Cards: 0.2 ms]
      [Humongous Register: 0.0 ms]
      [Humongous Reclaim: 0.0 ms]
      [Free CSet: 0.2 ms]
   [Eden: 247.0M(247.0M)->0.0B(253.0M) Survivors: 39.0M->36.0M Heap: 965.9M(2048.0M)->967.4M(2048.0M)]
 [Times: user=1.17 sys=0.05, real=0.15 secs] 
2020-09-29T12:23:58.432+0200: 4.718: [GC pause (G1 Humongous Allocation) (young) (initial-mark), 0.0344878 secs]
   [Parallel Time: 33.7 ms, GC Workers: 8]
      [GC Worker Start (ms): Min: 4718.6, Avg: 4718.6, Max: 4718.7, Diff: 0.2]
      [Ext Root Scanning (ms): Min: 0.0, Avg: 0.3, Max: 1.1, Diff: 1.1, Sum: 2.1]
      [Update RS (ms): Min: 14.0, Avg: 14.9, Max: 15.2, Diff: 1.2, Sum: 118.8]
         [Processed Buffers: Min: 16, Avg: 17.8, Max: 19, Diff: 3, Sum: 142]
      [Scan RS (ms): Min: 2.2, Avg: 2.4, Max: 2.7, Diff: 0.5, Sum: 19.0]
      [Code Root Scanning (ms): Min: 0.0, Avg: 0.0, Max: 0.0, Diff: 0.0, Sum: 0.0]
      [Object Copy (ms): Min: 15.9, Avg: 16.0, Max: 16.1, Diff: 0.2, Sum: 128.2]
      [Termination (ms): Min: 0.0, Avg: 0.0, Max: 0.1, Diff: 0.1, Sum: 0.3]
         [Termination Attempts: Min: 1, Avg: 263.4, Max: 364, Diff: 363, Sum: 2107]
      [GC Worker Other (ms): Min: 0.0, Avg: 0.0, Max: 0.0, Diff: 0.0, Sum: 0.1]
      [GC Worker Total (ms): Min: 33.5, Avg: 33.6, Max: 33.6, Diff: 0.2, Sum: 268.5]
      [GC Worker End (ms): Min: 4752.2, Avg: 4752.2, Max: 4752.2, Diff: 0.0]
   [Code Root Fixup: 0.0 ms]
   [Code Root Purge: 0.0 ms]
   [Clear CT: 0.1 ms]
   [Other: 0.7 ms]
      [Choose CSet: 0.0 ms]
      [Ref Proc: 0.1 ms]
      [Ref Enq: 0.0 ms]
      [Redirty Cards: 0.2 ms]
      [Humongous Register: 0.1 ms]
      [Humongous Reclaim: 0.0 ms]
      [Free CSet: 0.1 ms]
   [Eden: 2048.0K(253.0M)->0.0B(317.0M) Survivors: 36.0M->5120.0K Heap: 969.4M(2048.0M)->973.4M(2048.0M)]
 [Times: user=0.25 sys=0.00, real=0.04 secs] 
2020-09-29T12:23:58.467+0200: 4.753: [GC concurrent-root-region-scan-start]
2020-09-29T12:23:58.467+0200: 4.754: [GC concurrent-root-region-scan-end, 0.0006112 secs]
2020-09-29T12:23:58.467+0200: 4.754: [GC concurrent-mark-start]
2020-09-29T12:23:58.471+0200: 4.757: [GC concurrent-mark-end, 0.0033456 secs]
2020-09-29T12:23:58.471+0200: 4.757: [GC remark 2020-09-29T12:23:58.471+0200: 4.757: [Finalize Marking, 0.0004143 secs] 2020-09-29T12:23:58.472+0200: 4.758: [GC ref-proc, 0.0003862 secs] 2020-09-29T12:23:58.472+0200: 4.758: [Unloading, 0.0005120 secs], 0.0016469 secs]
 [Times: user=0.00 sys=0.00, real=0.00 secs] 
2020-09-29T12:23:58.473+0200: 4.759: [GC cleanup 982M->28M(2048M), 0.0013689 secs]
 [Times: user=0.06 sys=0.00, real=0.00 secs] 
2020-09-29T12:23:58.475+0200: 4.761: [GC concurrent-cleanup-start]
2020-09-29T12:23:58.476+0200: 4.762: [GC concurrent-cleanup-end, 0.0014941 secs]
2020-09-29T12:23:58.642+0200: 4.928: [GC pause (G1 Evacuation Pause) (young), 0.1647797 secs]
   [Parallel Time: 163.5 ms, GC Workers: 8]
      [GC Worker Start (ms): Min: 4928.1, Avg: 4928.2, Max: 4928.3, Diff: 0.2]
      [Ext Root Scanning (ms): Min: 0.0, Avg: 0.1, Max: 0.2, Diff: 0.2, Sum: 0.5]
      [Update RS (ms): Min: 8.4, Avg: 8.6, Max: 9.2, Diff: 0.7, Sum: 68.8]
         [Processed Buffers: Min: 9, Avg: 9.9, Max: 12, Diff: 3, Sum: 79]
      [Scan RS (ms): Min: 24.5, Avg: 25.1, Max: 25.2, Diff: 0.7, Sum: 200.4]
      [Code Root Scanning (ms): Min: 0.0, Avg: 0.0, Max: 0.0, Diff: 0.0, Sum: 0.0]
      [Object Copy (ms): Min: 129.3, Avg: 129.3, Max: 129.4, Diff: 0.1, Sum: 1034.6]
      [Termination (ms): Min: 0.0, Avg: 0.1, Max: 0.1, Diff: 0.1, Sum: 0.9]
         [Termination Attempts: Min: 1, Avg: 833.4, Max: 1094, Diff: 1093, Sum: 6667]
      [GC Worker Other (ms): Min: 0.0, Avg: 0.1, Max: 0.1, Diff: 0.1, Sum: 0.5]
      [GC Worker Total (ms): Min: 163.1, Avg: 163.2, Max: 163.3, Diff: 0.2, Sum: 1305.8]
      [GC Worker End (ms): Min: 5091.4, Avg: 5091.4, Max: 5091.5, Diff: 0.1]
   [Code Root Fixup: 0.0 ms]
   [Code Root Purge: 0.0 ms]
   [Clear CT: 0.2 ms]
   [Other: 1.1 ms]
      [Choose CSet: 0.0 ms]
      [Ref Proc: 0.2 ms]
      [Ref Enq: 0.0 ms]
      [Redirty Cards: 0.3 ms]
      [Humongous Register: 0.0 ms]
      [Humongous Reclaim: 0.0 ms]
      [Free CSet: 0.3 ms]
   [Eden: 317.0M(317.0M)->0.0B(281.0M) Survivors: 5120.0K->41.0M Heap: 389.9M(2048.0M)->387.4M(2048.0M)]
 [Times: user=1.28 sys=0.03, real=0.16 secs] 
2020-09-29T12:23:58.980+0200: 5.267: [GC pause (G1 Evacuation Pause) (young), 0.1759645 secs]
   [Parallel Time: 174.8 ms, GC Workers: 8]
      [GC Worker Start (ms): Min: 5266.7, Avg: 5266.8, Max: 5266.9, Diff: 0.1]
      [Ext Root Scanning (ms): Min: 0.0, Avg: 0.1, Max: 0.2, Diff: 0.1, Sum: 0.5]
      [Update RS (ms): Min: 11.0, Avg: 11.1, Max: 11.3, Diff: 0.3, Sum: 88.6]
         [Processed Buffers: Min: 12, Avg: 13.1, Max: 16, Diff: 4, Sum: 105]
      [Scan RS (ms): Min: 24.5, Avg: 24.8, Max: 25.0, Diff: 0.5, Sum: 198.2]
      [Code Root Scanning (ms): Min: 0.0, Avg: 0.0, Max: 0.0, Diff: 0.0, Sum: 0.0]
      [Object Copy (ms): Min: 138.3, Avg: 138.5, Max: 138.7, Diff: 0.3, Sum: 1107.6]
      [Termination (ms): Min: 0.0, Avg: 0.2, Max: 0.3, Diff: 0.3, Sum: 1.6]
         [Termination Attempts: Min: 1, Avg: 1365.6, Max: 1725, Diff: 1724, Sum: 10925]
      [GC Worker Other (ms): Min: 0.0, Avg: 0.0, Max: 0.1, Diff: 0.1, Sum: 0.3]
      [GC Worker Total (ms): Min: 174.6, Avg: 174.6, Max: 174.7, Diff: 0.2, Sum: 1397.0]
      [GC Worker End (ms): Min: 5441.4, Avg: 5441.4, Max: 5441.5, Diff: 0.1]
   [Code Root Fixup: 0.0 ms]
   [Code Root Purge: 0.0 ms]
   [Clear CT: 0.2 ms]
   [Other: 1.0 ms]
      [Choose CSet: 0.0 ms]
      [Ref Proc: 0.2 ms]
      [Ref Enq: 0.0 ms]
      [Redirty Cards: 0.2 ms]
      [Humongous Register: 0.0 ms]
      [Humongous Reclaim: 0.0 ms]
      [Free CSet: 0.3 ms]
   [Eden: 281.0M(281.0M)->0.0B(271.0M) Survivors: 41.0M->41.0M Heap: 716.1M(2048.0M)->718.1M(2048.0M)]
 [Times: user=1.34 sys=0.00, real=0.18 secs] 
2020-09-29T12:23:59.320+0200: 5.606: [GC pause (G1 Evacuation Pause) (young), 0.1598888 secs]
   [Parallel Time: 158.8 ms, GC Workers: 8]
      [GC Worker Start (ms): Min: 5606.4, Avg: 5606.5, Max: 5606.6, Diff: 0.2]
      [Ext Root Scanning (ms): Min: 0.0, Avg: 0.1, Max: 0.1, Diff: 0.1, Sum: 0.5]
      [Update RS (ms): Min: 9.7, Avg: 10.3, Max: 11.2, Diff: 1.5, Sum: 82.1]
         [Processed Buffers: Min: 10, Avg: 10.5, Max: 12, Diff: 2, Sum: 84]
      [Scan RS (ms): Min: 24.2, Avg: 25.2, Max: 25.8, Diff: 1.5, Sum: 201.3]
      [Code Root Scanning (ms): Min: 0.0, Avg: 0.0, Max: 0.0, Diff: 0.0, Sum: 0.0]
      [Object Copy (ms): Min: 122.8, Avg: 123.0, Max: 123.1, Diff: 0.3, Sum: 983.9]
      [Termination (ms): Min: 0.0, Avg: 0.1, Max: 0.1, Diff: 0.1, Sum: 0.5]
         [Termination Attempts: Min: 1, Avg: 381.5, Max: 462, Diff: 461, Sum: 3052]
      [GC Worker Other (ms): Min: 0.1, Avg: 0.1, Max: 0.1, Diff: 0.0, Sum: 0.6]
      [GC Worker Total (ms): Min: 158.5, Avg: 158.6, Max: 158.7, Diff: 0.2, Sum: 1268.8]
      [GC Worker End (ms): Min: 5765.1, Avg: 5765.1, Max: 5765.1, Diff: 0.0]
   [Code Root Fixup: 0.0 ms]
   [Code Root Purge: 0.0 ms]
   [Clear CT: 0.2 ms]
   [Other: 0.9 ms]
      [Choose CSet: 0.0 ms]
      [Ref Proc: 0.2 ms]
      [Ref Enq: 0.0 ms]
      [Redirty Cards: 0.2 ms]
      [Humongous Register: 0.0 ms]
      [Humongous Reclaim: 0.0 ms]
      [Free CSet: 0.3 ms]
   [Eden: 271.0M(271.0M)->0.0B(274.0M) Survivors: 41.0M->39.0M Heap: 1033.0M(2048.0M)->1035.5M(2048.0M)]
 [Times: user=1.13 sys=0.08, real=0.16 secs] 
2020-09-29T12:23:59.498+0200: 5.785: [GC pause (G1 Humongous Allocation) (young) (initial-mark), 0.0433560 secs]
   [Parallel Time: 42.5 ms, GC Workers: 8]
      [GC Worker Start (ms): Min: 5784.7, Avg: 5784.7, Max: 5784.8, Diff: 0.1]
      [Ext Root Scanning (ms): Min: 0.0, Avg: 0.1, Max: 0.1, Diff: 0.1, Sum: 0.7]
      [Update RS (ms): Min: 20.6, Avg: 21.0, Max: 22.9, Diff: 2.4, Sum: 168.3]
         [Processed Buffers: Min: 5, Avg: 23.1, Max: 28, Diff: 23, Sum: 185]
      [Scan RS (ms): Min: 0.7, Avg: 2.6, Max: 3.1, Diff: 2.4, Sum: 20.7]
      [Code Root Scanning (ms): Min: 0.0, Avg: 0.0, Max: 0.0, Diff: 0.0, Sum: 0.0]
      [Object Copy (ms): Min: 18.4, Avg: 18.5, Max: 18.6, Diff: 0.2, Sum: 148.2]
      [Termination (ms): Min: 0.0, Avg: 0.0, Max: 0.1, Diff: 0.1, Sum: 0.4]
         [Termination Attempts: Min: 1, Avg: 313.3, Max: 441, Diff: 440, Sum: 2506]
      [GC Worker Other (ms): Min: 0.0, Avg: 0.0, Max: 0.0, Diff: 0.0, Sum: 0.1]
      [GC Worker Total (ms): Min: 42.3, Avg: 42.3, Max: 42.3, Diff: 0.1, Sum: 338.4]
      [GC Worker End (ms): Min: 5827.0, Avg: 5827.0, Max: 5827.1, Diff: 0.0]
   [Code Root Fixup: 0.0 ms]
   [Code Root Purge: 0.0 ms]
   [Clear CT: 0.2 ms]
   [Other: 0.7 ms]
      [Choose CSet: 0.0 ms]
      [Ref Proc: 0.2 ms]
      [Ref Enq: 0.0 ms]
      [Redirty Cards: 0.2 ms]
      [Humongous Register: 0.0 ms]
      [Humongous Reclaim: 0.0 ms]
      [Free CSet: 0.1 ms]
   [Eden: 1024.0K(274.0M)->0.0B(332.0M) Survivors: 39.0M->4096.0K Heap: 1036.5M(2048.0M)->1041.0M(2048.0M)]
 [Times: user=0.34 sys=0.00, real=0.04 secs] 
2020-09-29T12:23:59.542+0200: 5.828: [GC concurrent-root-region-scan-start]
2020-09-29T12:23:59.542+0200: 5.828: [GC concurrent-root-region-scan-end, 0.0004592 secs]
2020-09-29T12:23:59.542+0200: 5.829: [GC concurrent-mark-start]
2020-09-29T12:23:59.546+0200: 5.832: [GC concurrent-mark-end, 0.0037535 secs]
2020-09-29T12:23:59.546+0200: 5.833: [GC remark 2020-09-29T12:23:59.546+0200: 5.833: [Finalize Marking, 0.0002079 secs] 2020-09-29T12:23:59.547+0200: 5.833: [GC ref-proc, 0.0003154 secs] 2020-09-29T12:23:59.547+0200: 5.833: [Unloading, 0.0004859 secs], 0.0013461 secs]
 [Times: user=0.00 sys=0.00, real=0.00 secs] 
2020-09-29T12:23:59.548+0200: 5.834: [GC cleanup 1050M->28M(2048M), 0.0011675 secs]
 [Times: user=0.00 sys=0.00, real=0.00 secs] 
2020-09-29T12:23:59.549+0200: 5.836: [GC concurrent-cleanup-start]
2020-09-29T12:23:59.551+0200: 5.837: [GC concurrent-cleanup-end, 0.0012410 secs]
2020-09-29T12:23:59.717+0200: 6.003: [GC pause (G1 Evacuation Pause) (young), 0.1801404 secs]
   [Parallel Time: 178.8 ms, GC Workers: 8]
      [GC Worker Start (ms): Min: 6003.5, Avg: 6003.6, Max: 6003.6, Diff: 0.1]
      [Ext Root Scanning (ms): Min: 0.0, Avg: 0.1, Max: 0.1, Diff: 0.1, Sum: 0.6]
      [Update RS (ms): Min: 11.0, Avg: 11.1, Max: 11.6, Diff: 0.6, Sum: 88.8]
         [Processed Buffers: Min: 12, Avg: 13.6, Max: 17, Diff: 5, Sum: 109]
      [Scan RS (ms): Min: 23.9, Avg: 24.3, Max: 24.5, Diff: 0.6, Sum: 194.6]
      [Code Root Scanning (ms): Min: 0.0, Avg: 0.0, Max: 0.0, Diff: 0.0, Sum: 0.0]
      [Object Copy (ms): Min: 142.7, Avg: 142.9, Max: 143.1, Diff: 0.4, Sum: 1142.8]
      [Termination (ms): Min: 0.0, Avg: 0.2, Max: 0.3, Diff: 0.3, Sum: 1.7]
         [Termination Attempts: Min: 1, Avg: 1449.1, Max: 2002, Diff: 2001, Sum: 11593]
      [GC Worker Other (ms): Min: 0.0, Avg: 0.1, Max: 0.1, Diff: 0.1, Sum: 0.6]
      [GC Worker Total (ms): Min: 178.6, Avg: 178.6, Max: 178.7, Diff: 0.2, Sum: 1429.0]
      [GC Worker End (ms): Min: 6182.2, Avg: 6182.2, Max: 6182.3, Diff: 0.1]
   [Code Root Fixup: 0.0 ms]
   [Code Root Purge: 0.0 ms]
   [Clear CT: 0.2 ms]
   [Other: 1.1 ms]
      [Choose CSet: 0.0 ms]
      [Ref Proc: 0.3 ms]
      [Ref Enq: 0.0 ms]
      [Redirty Cards: 0.2 ms]
      [Humongous Register: 0.0 ms]
      [Humongous Reclaim: 0.0 ms]
      [Free CSet: 0.3 ms]
   [Eden: 332.0M(332.0M)->0.0B(286.0M) Survivors: 4096.0K->42.0M Heap: 407.7M(2048.0M)->405.7M(2048.0M)]
 [Times: user=1.45 sys=0.02, real=0.18 secs] 
2020-09-29T12:24:00.087+0200: 6.373: [GC pause (G1 Evacuation Pause) (young), 0.1626570 secs]
   [Parallel Time: 161.4 ms, GC Workers: 8]
      [GC Worker Start (ms): Min: 6373.6, Avg: 6373.7, Max: 6373.7, Diff: 0.2]
      [Ext Root Scanning (ms): Min: 0.0, Avg: 0.1, Max: 0.1, Diff: 0.1, Sum: 0.5]
      [Update RS (ms): Min: 10.0, Avg: 10.5, Max: 10.8, Diff: 0.8, Sum: 83.9]
         [Processed Buffers: Min: 11, Avg: 11.0, Max: 11, Diff: 0, Sum: 88]
      [Scan RS (ms): Min: 23.8, Avg: 24.1, Max: 24.5, Diff: 0.8, Sum: 192.6]
      [Code Root Scanning (ms): Min: 0.0, Avg: 0.0, Max: 0.0, Diff: 0.0, Sum: 0.0]
      [Object Copy (ms): Min: 126.5, Avg: 126.6, Max: 126.6, Diff: 0.1, Sum: 1012.5]
      [Termination (ms): Min: 0.0, Avg: 0.1, Max: 0.1, Diff: 0.1, Sum: 0.4]
         [Termination Attempts: Min: 1, Avg: 144.0, Max: 204, Diff: 203, Sum: 1152]
      [GC Worker Other (ms): Min: 0.0, Avg: 0.0, Max: 0.0, Diff: 0.0, Sum: 0.2]
      [GC Worker Total (ms): Min: 161.2, Avg: 161.3, Max: 161.4, Diff: 0.2, Sum: 1290.2]
      [GC Worker End (ms): Min: 6534.9, Avg: 6534.9, Max: 6534.9, Diff: 0.0]
   [Code Root Fixup: 0.0 ms]
   [Code Root Purge: 0.0 ms]
   [Clear CT: 0.2 ms]
   [Other: 1.0 ms]
      [Choose CSet: 0.0 ms]
      [Ref Proc: 0.2 ms]
      [Ref Enq: 0.0 ms]
      [Redirty Cards: 0.2 ms]
      [Humongous Register: 0.0 ms]
      [Humongous Reclaim: 0.0 ms]
      [Free CSet: 0.3 ms]
   [Eden: 286.0M(286.0M)->0.0B(285.0M) Survivors: 42.0M->41.0M Heap: 737.5M(2048.0M)->739.5M(2048.0M)]
 [Times: user=1.17 sys=0.08, real=0.16 secs] 
2020-09-29T12:24:00.437+0200: 6.723: [GC pause (G1 Evacuation Pause) (young), 0.2005104 secs]
   [Parallel Time: 199.1 ms, GC Workers: 8]
      [GC Worker Start (ms): Min: 6723.5, Avg: 6723.6, Max: 6723.6, Diff: 0.2]
      [Ext Root Scanning (ms): Min: 0.0, Avg: 0.1, Max: 0.2, Diff: 0.2, Sum: 0.5]
      [Update RS (ms): Min: 14.8, Avg: 15.1, Max: 15.7, Diff: 1.0, Sum: 121.0]
         [Processed Buffers: Min: 13, Avg: 13.6, Max: 15, Diff: 2, Sum: 109]
      [Scan RS (ms): Min: 27.1, Avg: 27.7, Max: 28.1, Diff: 1.0, Sum: 221.8]
      [Code Root Scanning (ms): Min: 0.0, Avg: 0.0, Max: 0.0, Diff: 0.0, Sum: 0.0]
      [Object Copy (ms): Min: 153.9, Avg: 155.4, Max: 155.9, Diff: 2.0, Sum: 1243.0]
      [Termination (ms): Min: 0.0, Avg: 0.5, Max: 2.1, Diff: 2.1, Sum: 4.3]
         [Termination Attempts: Min: 1, Avg: 1575.5, Max: 2151, Diff: 2150, Sum: 12604]
      [GC Worker Other (ms): Min: 0.0, Avg: 0.0, Max: 0.1, Diff: 0.0, Sum: 0.3]
      [GC Worker Total (ms): Min: 198.8, Avg: 198.9, Max: 199.0, Diff: 0.2, Sum: 1590.9]
      [GC Worker End (ms): Min: 6922.4, Avg: 6922.4, Max: 6922.5, Diff: 0.0]
   [Code Root Fixup: 0.0 ms]
   [Code Root Purge: 0.0 ms]
   [Clear CT: 0.1 ms]
   [Other: 1.3 ms]
      [Choose CSet: 0.0 ms]
      [Ref Proc: 0.5 ms]
      [Ref Enq: 0.0 ms]
      [Redirty Cards: 0.2 ms]
      [Humongous Register: 0.1 ms]
      [Humongous Reclaim: 0.0 ms]
      [Free CSet: 0.3 ms]
   [Eden: 285.0M(285.0M)->0.0B(253.0M) Survivors: 41.0M->41.0M Heap: 1072.2M(2048.0M)->1074.2M(2048.0M)]
 [Times: user=1.41 sys=0.14, real=0.20 secs] 
2020-09-29T12:24:00.655+0200: 6.941: [GC pause (G1 Humongous Allocation) (young) (initial-mark), 0.0418164 secs]
   [Parallel Time: 40.9 ms, GC Workers: 8]
      [GC Worker Start (ms): Min: 6941.0, Avg: 6941.1, Max: 6941.1, Diff: 0.1]
      [Ext Root Scanning (ms): Min: 0.1, Avg: 0.1, Max: 0.1, Diff: 0.1, Sum: 0.7]
      [Update RS (ms): Min: 20.7, Avg: 20.9, Max: 21.1, Diff: 0.4, Sum: 167.3]
         [Processed Buffers: Min: 26, Avg: 26.3, Max: 27, Diff: 1, Sum: 210]
      [Scan RS (ms): Min: 2.4, Avg: 2.6, Max: 2.9, Diff: 0.5, Sum: 20.8]
      [Code Root Scanning (ms): Min: 0.0, Avg: 0.0, Max: 0.0, Diff: 0.0, Sum: 0.0]
      [Object Copy (ms): Min: 17.2, Avg: 17.2, Max: 17.2, Diff: 0.1, Sum: 137.5]
      [Termination (ms): Min: 0.0, Avg: 0.0, Max: 0.0, Diff: 0.0, Sum: 0.1]
         [Termination Attempts: Min: 1, Avg: 81.4, Max: 108, Diff: 107, Sum: 651]
      [GC Worker Other (ms): Min: 0.0, Avg: 0.0, Max: 0.0, Diff: 0.0, Sum: 0.1]
      [GC Worker Total (ms): Min: 40.8, Avg: 40.8, Max: 40.9, Diff: 0.1, Sum: 326.5]
      [GC Worker End (ms): Min: 6981.9, Avg: 6981.9, Max: 6981.9, Diff: 0.0]
   [Code Root Fixup: 0.0 ms]
   [Code Root Purge: 0.0 ms]
   [Clear CT: 0.1 ms]
   [Other: 0.8 ms]
      [Choose CSet: 0.0 ms]
      [Ref Proc: 0.2 ms]
      [Ref Enq: 0.0 ms]
      [Redirty Cards: 0.1 ms]
      [Humongous Register: 0.1 ms]
      [Humongous Reclaim: 0.0 ms]
      [Free CSet: 0.1 ms]
   [Eden: 2048.0K(253.0M)->0.0B(318.0M) Survivors: 41.0M->4096.0K Heap: 1075.7M(2048.0M)->1079.2M(2048.0M)]
 [Times: user=0.38 sys=0.00, real=0.04 secs] 
2020-09-29T12:24:00.697+0200: 6.983: [GC concurrent-root-region-scan-start]
2020-09-29T12:24:00.697+0200: 6.983: [GC concurrent-root-region-scan-end, 0.0004451 secs]
2020-09-29T12:24:00.697+0200: 6.983: [GC concurrent-mark-start]
2020-09-29T12:24:00.701+0200: 6.987: [GC concurrent-mark-end, 0.0035420 secs]
2020-09-29T12:24:00.701+0200: 6.987: [GC remark 2020-09-29T12:24:00.701+0200: 6.987: [Finalize Marking, 0.0001939 secs] 2020-09-29T12:24:00.701+0200: 6.987: [GC ref-proc, 0.0004298 secs] 2020-09-29T12:24:00.702+0200: 6.988: [Unloading, 0.0004773 secs], 0.0014441 secs]
 [Times: user=0.00 sys=0.00, real=0.00 secs] 
2020-09-29T12:24:00.703+0200: 6.989: [GC cleanup 1088M->27M(2048M), 0.0015506 secs]
 [Times: user=0.00 sys=0.00, real=0.00 secs] 
2020-09-29T12:24:00.704+0200: 6.990: [GC concurrent-cleanup-start]
2020-09-29T12:24:00.706+0200: 6.993: [GC concurrent-cleanup-end, 0.0020873 secs]
2020-09-29T12:24:00.893+0200: 7.179: [GC pause (G1 Evacuation Pause) (young), 0.1853834 secs]
   [Parallel Time: 184.2 ms, GC Workers: 8]
      [GC Worker Start (ms): Min: 7179.6, Avg: 7179.7, Max: 7179.8, Diff: 0.2]
      [Ext Root Scanning (ms): Min: 0.0, Avg: 0.1, Max: 0.2, Diff: 0.1, Sum: 0.6]
      [Update RS (ms): Min: 10.3, Avg: 10.5, Max: 10.9, Diff: 0.7, Sum: 83.8]
         [Processed Buffers: Min: 11, Avg: 11.9, Max: 14, Diff: 3, Sum: 95]
      [Scan RS (ms): Min: 23.4, Avg: 24.7, Max: 31.0, Diff: 7.6, Sum: 197.6]
      [Code Root Scanning (ms): Min: 0.0, Avg: 0.0, Max: 0.0, Diff: 0.0, Sum: 0.0]
      [Object Copy (ms): Min: 141.2, Avg: 148.2, Max: 149.8, Diff: 8.6, Sum: 1185.8]
      [Termination (ms): Min: 0.0, Avg: 0.5, Max: 0.8, Diff: 0.8, Sum: 4.2]
         [Termination Attempts: Min: 1, Avg: 3187.6, Max: 4461, Diff: 4460, Sum: 25501]
      [GC Worker Other (ms): Min: 0.0, Avg: 0.0, Max: 0.1, Diff: 0.0, Sum: 0.3]
      [GC Worker Total (ms): Min: 183.9, Avg: 184.0, Max: 184.1, Diff: 0.2, Sum: 1472.2]
      [GC Worker End (ms): Min: 7363.7, Avg: 7363.7, Max: 7363.8, Diff: 0.0]
   [Code Root Fixup: 0.0 ms]
   [Code Root Purge: 0.0 ms]
   [Clear CT: 0.2 ms]
   [Other: 0.9 ms]
      [Choose CSet: 0.0 ms]
      [Ref Proc: 0.2 ms]
      [Ref Enq: 0.0 ms]
      [Redirty Cards: 0.1 ms]
      [Humongous Register: 0.0 ms]
      [Humongous Reclaim: 0.0 ms]
      [Free CSet: 0.3 ms]
   [Eden: 318.0M(318.0M)->0.0B(271.0M) Survivors: 4096.0K->41.0M Heap: 389.9M(2048.0M)->387.9M(2048.0M)]
 [Times: user=1.30 sys=0.05, real=0.19 secs] 
2020-09-29T12:24:01.257+0200: 7.544: [GC pause (G1 Evacuation Pause) (young), 0.1626749 secs]
   [Parallel Time: 161.6 ms, GC Workers: 8]
      [GC Worker Start (ms): Min: 7543.8, Avg: 7544.0, Max: 7544.0, Diff: 0.2]
      [Ext Root Scanning (ms): Min: 0.0, Avg: 0.1, Max: 0.2, Diff: 0.2, Sum: 0.6]
      [Update RS (ms): Min: 16.6, Avg: 16.8, Max: 17.2, Diff: 0.6, Sum: 134.1]
         [Processed Buffers: Min: 14, Avg: 15.8, Max: 17, Diff: 3, Sum: 126]
      [Scan RS (ms): Min: 22.5, Avg: 22.9, Max: 23.2, Diff: 0.7, Sum: 183.0]
      [Code Root Scanning (ms): Min: 0.0, Avg: 0.0, Max: 0.0, Diff: 0.0, Sum: 0.0]
      [Object Copy (ms): Min: 121.3, Avg: 121.4, Max: 121.5, Diff: 0.2, Sum: 971.1]
      [Termination (ms): Min: 0.1, Avg: 0.2, Max: 0.3, Diff: 0.2, Sum: 1.4]
         [Termination Attempts: Min: 1, Avg: 426.5, Max: 612, Diff: 611, Sum: 3412]
      [GC Worker Other (ms): Min: 0.0, Avg: 0.1, Max: 0.1, Diff: 0.1, Sum: 0.4]
      [GC Worker Total (ms): Min: 161.2, Avg: 161.3, Max: 161.4, Diff: 0.2, Sum: 1290.7]
      [GC Worker End (ms): Min: 7705.2, Avg: 7705.3, Max: 7705.4, Diff: 0.1]
   [Code Root Fixup: 0.0 ms]
   [Code Root Purge: 0.0 ms]
   [Clear CT: 0.1 ms]
   [Other: 0.9 ms]
      [Choose CSet: 0.0 ms]
      [Ref Proc: 0.2 ms]
      [Ref Enq: 0.0 ms]
      [Redirty Cards: 0.2 ms]
      [Humongous Register: 0.0 ms]
      [Humongous Reclaim: 0.0 ms]
      [Free CSet: 0.3 ms]
   [Eden: 271.0M(271.0M)->0.0B(272.0M) Survivors: 41.0M->39.0M Heap: 704.7M(2048.0M)->706.7M(2048.0M)]
 [Times: user=1.19 sys=0.06, real=0.16 secs] 
2020-09-29T12:24:01.600+0200: 7.887: [GC pause (G1 Evacuation Pause) (young), 0.2213710 secs]
   [Parallel Time: 220.0 ms, GC Workers: 8]
      [GC Worker Start (ms): Min: 7887.4, Avg: 7887.5, Max: 7887.6, Diff: 0.2]
      [Ext Root Scanning (ms): Min: 0.0, Avg: 0.1, Max: 0.2, Diff: 0.2, Sum: 0.9]
      [Update RS (ms): Min: 18.2, Avg: 18.4, Max: 18.8, Diff: 0.5, Sum: 146.8]
         [Processed Buffers: Min: 14, Avg: 15.5, Max: 19, Diff: 5, Sum: 124]
      [Scan RS (ms): Min: 28.9, Avg: 29.2, Max: 29.5, Diff: 0.6, Sum: 233.9]
      [Code Root Scanning (ms): Min: 0.0, Avg: 0.0, Max: 0.0, Diff: 0.0, Sum: 0.0]
      [Object Copy (ms): Min: 171.8, Avg: 171.9, Max: 172.1, Diff: 0.3, Sum: 1375.6]
      [Termination (ms): Min: 0.0, Avg: 0.1, Max: 0.1, Diff: 0.1, Sum: 0.5]
         [Termination Attempts: Min: 1, Avg: 292.5, Max: 379, Diff: 378, Sum: 2340]
      [GC Worker Other (ms): Min: 0.0, Avg: 0.1, Max: 0.1, Diff: 0.1, Sum: 0.4]
      [GC Worker Total (ms): Min: 219.6, Avg: 219.8, Max: 219.8, Diff: 0.2, Sum: 1758.2]
      [GC Worker End (ms): Min: 8107.2, Avg: 8107.2, Max: 8107.3, Diff: 0.1]
   [Code Root Fixup: 0.0 ms]
   [Code Root Purge: 0.0 ms]
   [Clear CT: 0.2 ms]
   [Other: 1.1 ms]
      [Choose CSet: 0.0 ms]
      [Ref Proc: 0.2 ms]
      [Ref Enq: 0.0 ms]
      [Redirty Cards: 0.3 ms]
      [Humongous Register: 0.1 ms]
      [Humongous Reclaim: 0.0 ms]
      [Free CSet: 0.3 ms]
   [Eden: 272.0M(272.0M)->0.0B(221.0M) Survivors: 39.0M->39.0M Heap: 1024.5M(2048.0M)->1026.5M(2048.0M)]
 [Times: user=1.64 sys=0.09, real=0.22 secs] 
2020-09-29T12:24:01.840+0200: 8.127: [GC pause (G1 Humongous Allocation) (young) (initial-mark), 0.0663008 secs]
   [Parallel Time: 65.1 ms, GC Workers: 8]
      [GC Worker Start (ms): Min: 8127.5, Avg: 8127.5, Max: 8127.7, Diff: 0.2]
      [Ext Root Scanning (ms): Min: 0.0, Avg: 0.2, Max: 0.3, Diff: 0.3, Sum: 1.5]
      [Update RS (ms): Min: 34.3, Avg: 34.6, Max: 34.9, Diff: 0.6, Sum: 277.2]
         [Processed Buffers: Min: 30, Avg: 31.1, Max: 34, Diff: 4, Sum: 249]
      [Scan RS (ms): Min: 3.8, Avg: 4.1, Max: 4.5, Diff: 0.7, Sum: 32.8]
      [Code Root Scanning (ms): Min: 0.0, Avg: 0.0, Max: 0.0, Diff: 0.0, Sum: 0.0]
      [Object Copy (ms): Min: 25.8, Avg: 25.9, Max: 26.0, Diff: 0.1, Sum: 207.2]
      [Termination (ms): Min: 0.0, Avg: 0.0, Max: 0.0, Diff: 0.0, Sum: 0.0]
         [Termination Attempts: Min: 1, Avg: 8.0, Max: 12, Diff: 11, Sum: 64]
      [GC Worker Other (ms): Min: 0.0, Avg: 0.0, Max: 0.1, Diff: 0.0, Sum: 0.2]
      [GC Worker Total (ms): Min: 64.7, Avg: 64.9, Max: 65.0, Diff: 0.2, Sum: 518.9]
      [GC Worker End (ms): Min: 8192.4, Avg: 8192.4, Max: 8192.4, Diff: 0.0]
   [Code Root Fixup: 0.0 ms]
   [Code Root Purge: 0.0 ms]
   [Clear CT: 0.2 ms]
   [Other: 0.9 ms]
      [Choose CSet: 0.0 ms]
      [Ref Proc: 0.2 ms]
      [Ref Enq: 0.0 ms]
      [Redirty Cards: 0.2 ms]
      [Humongous Register: 0.1 ms]
      [Humongous Reclaim: 0.0 ms]
      [Free CSet: 0.1 ms]
   [Eden: 9216.0K(221.0M)->0.0B(248.0M) Survivors: 39.0M->11.0M Heap: 1035.5M(2048.0M)->1040.0M(2048.0M)]
 [Times: user=0.45 sys=0.05, real=0.07 secs] 
2020-09-29T12:24:01.907+0200: 8.194: [GC concurrent-root-region-scan-start]
2020-09-29T12:24:01.911+0200: 8.198: [GC concurrent-root-region-scan-end, 0.0045416 secs]
2020-09-29T12:24:01.912+0200: 8.198: [GC concurrent-mark-start]
2020-09-29T12:24:01.917+0200: 8.204: [GC concurrent-mark-end, 0.0055476 secs]
2020-09-29T12:24:01.917+0200: 8.204: [GC remark 2020-09-29T12:24:01.917+0200: 8.204: [Finalize Marking, 0.0003655 secs] 2020-09-29T12:24:01.918+0200: 8.205: [GC ref-proc, 0.0005654 secs] 2020-09-29T12:24:01.918+0200: 8.205: [Unloading, 0.0006974 secs], 0.0021856 secs]
 [Times: user=0.00 sys=0.00, real=0.00 secs] 
2020-09-29T12:24:01.920+0200: 8.207: [GC cleanup 1057M->43M(2048M), 0.0017069 secs]
 [Times: user=0.00 sys=0.00, real=0.00 secs] 
2020-09-29T12:24:01.922+0200: 8.209: [GC concurrent-cleanup-start]
2020-09-29T12:24:01.924+0200: 8.211: [GC concurrent-cleanup-end, 0.0020150 secs]
2020-09-29T12:24:02.088+0200: 8.374: [GC pause (G1 Evacuation Pause) (young), 0.1816065 secs]
   [Parallel Time: 180.1 ms, GC Workers: 8]
      [GC Worker Start (ms): Min: 8374.6, Avg: 8374.7, Max: 8374.8, Diff: 0.2]
      [Ext Root Scanning (ms): Min: 0.0, Avg: 0.1, Max: 0.2, Diff: 0.2, Sum: 0.6]
      [Update RS (ms): Min: 18.9, Avg: 19.4, Max: 20.3, Diff: 1.4, Sum: 155.5]
         [Processed Buffers: Min: 14, Avg: 15.4, Max: 17, Diff: 3, Sum: 123]
      [Scan RS (ms): Min: 19.8, Avg: 20.6, Max: 21.4, Diff: 1.6, Sum: 165.1]
      [Code Root Scanning (ms): Min: 0.0, Avg: 0.0, Max: 0.0, Diff: 0.0, Sum: 0.0]
      [Object Copy (ms): Min: 139.4, Avg: 139.6, Max: 139.7, Diff: 0.3, Sum: 1116.8]
      [Termination (ms): Min: 0.0, Avg: 0.0, Max: 0.0, Diff: 0.0, Sum: 0.3]
         [Termination Attempts: Min: 1, Avg: 174.5, Max: 218, Diff: 217, Sum: 1396]
      [GC Worker Other (ms): Min: 0.0, Avg: 0.1, Max: 0.1, Diff: 0.1, Sum: 0.7]
      [GC Worker Total (ms): Min: 179.8, Avg: 179.9, Max: 180.0, Diff: 0.2, Sum: 1439.2]
      [GC Worker End (ms): Min: 8554.5, Avg: 8554.6, Max: 8554.6, Diff: 0.1]
   [Code Root Fixup: 0.0 ms]
   [Code Root Purge: 0.0 ms]
   [Clear CT: 0.2 ms]
   [Other: 1.2 ms]
      [Choose CSet: 0.0 ms]
      [Ref Proc: 0.3 ms]
      [Ref Enq: 0.0 ms]
      [Redirty Cards: 0.3 ms]
      [Humongous Register: 0.0 ms]
      [Humongous Reclaim: 0.0 ms]
      [Free CSet: 0.3 ms]
   [Eden: 248.0M(248.0M)->0.0B(215.0M) Survivors: 11.0M->33.0M Heap: 315.5M(2048.0M)->307.0M(2048.0M)]
 [Times: user=1.25 sys=0.08, real=0.18 secs] 
2020-09-29T12:24:02.424+0200: 8.711: [GC pause (G1 Evacuation Pause) (young), 0.1936119 secs]
   [Parallel Time: 192.2 ms, GC Workers: 8]
      [GC Worker Start (ms): Min: 8710.8, Avg: 8710.9, Max: 8711.2, Diff: 0.5]
      [Ext Root Scanning (ms): Min: 0.0, Avg: 0.1, Max: 0.2, Diff: 0.2, Sum: 0.7]
      [Update RS (ms): Min: 23.3, Avg: 23.6, Max: 24.3, Diff: 0.9, Sum: 188.8]
         [Processed Buffers: Min: 15, Avg: 17.6, Max: 21, Diff: 6, Sum: 141]
      [Scan RS (ms): Min: 19.8, Avg: 20.1, Max: 20.4, Diff: 0.6, Sum: 160.7]
      [Code Root Scanning (ms): Min: 0.0, Avg: 0.0, Max: 0.0, Diff: 0.0, Sum: 0.0]
      [Object Copy (ms): Min: 147.1, Avg: 147.9, Max: 148.2, Diff: 1.0, Sum: 1183.1]
      [Termination (ms): Min: 0.0, Avg: 0.1, Max: 0.2, Diff: 0.2, Sum: 1.1]
         [Termination Attempts: Min: 1, Avg: 616.4, Max: 741, Diff: 740, Sum: 4931]
      [GC Worker Other (ms): Min: 0.0, Avg: 0.1, Max: 0.1, Diff: 0.1, Sum: 0.4]
      [GC Worker Total (ms): Min: 191.6, Avg: 191.8, Max: 192.0, Diff: 0.4, Sum: 1534.8]
      [GC Worker End (ms): Min: 8902.8, Avg: 8902.8, Max: 8902.8, Diff: 0.1]
   [Code Root Fixup: 0.0 ms]
   [Code Root Purge: 0.0 ms]
   [Clear CT: 0.2 ms]
   [Other: 1.2 ms]
      [Choose CSet: 0.0 ms]
      [Ref Proc: 0.3 ms]
      [Ref Enq: 0.0 ms]
      [Redirty Cards: 0.3 ms]
      [Humongous Register: 0.1 ms]
      [Humongous Reclaim: 0.0 ms]
      [Free CSet: 0.3 ms]
   [Eden: 215.0M(215.0M)->0.0B(198.0M) Survivors: 33.0M->31.0M Heap: 558.2M(2048.0M)->560.2M(2048.0M)]
 [Times: user=1.44 sys=0.05, real=0.19 secs] 
2020-09-29T12:24:02.775+0200: 9.062: [GC pause (G1 Evacuation Pause) (young), 0.1931461 secs]
   [Parallel Time: 190.7 ms, GC Workers: 8]
      [GC Worker Start (ms): Min: 9061.7, Avg: 9061.8, Max: 9062.2, Diff: 0.5]
      [Ext Root Scanning (ms): Min: 0.0, Avg: 0.1, Max: 0.2, Diff: 0.2, Sum: 0.6]
      [Update RS (ms): Min: 21.7, Avg: 22.9, Max: 28.5, Diff: 6.8, Sum: 183.2]
         [Processed Buffers: Min: 15, Avg: 17.0, Max: 19, Diff: 4, Sum: 136]
      [Scan RS (ms): Min: 12.9, Avg: 18.4, Max: 19.4, Diff: 6.5, Sum: 146.9]
      [Code Root Scanning (ms): Min: 0.0, Avg: 0.0, Max: 0.0, Diff: 0.0, Sum: 0.0]
      [Object Copy (ms): Min: 148.2, Avg: 148.3, Max: 148.4, Diff: 0.2, Sum: 1186.5]
      [Termination (ms): Min: 0.0, Avg: 0.1, Max: 0.1, Diff: 0.1, Sum: 0.8]
         [Termination Attempts: Min: 1, Avg: 482.1, Max: 606, Diff: 605, Sum: 3857]
      [GC Worker Other (ms): Min: 0.0, Avg: 0.1, Max: 0.6, Diff: 0.5, Sum: 0.8]
      [GC Worker Total (ms): Min: 189.5, Avg: 189.9, Max: 190.4, Diff: 0.9, Sum: 1518.9]
      [GC Worker End (ms): Min: 9251.6, Avg: 9251.7, Max: 9252.1, Diff: 0.5]
   [Code Root Fixup: 0.0 ms]
   [Code Root Purge: 0.0 ms]
   [Clear CT: 0.3 ms]
   [Other: 2.2 ms]
      [Choose CSet: 0.0 ms]
      [Ref Proc: 1.3 ms]
      [Ref Enq: 0.0 ms]
      [Redirty Cards: 0.4 ms]
      [Humongous Register: 0.1 ms]
      [Humongous Reclaim: 0.0 ms]
      [Free CSet: 0.2 ms]
   [Eden: 198.0M(198.0M)->0.0B(183.0M) Survivors: 31.0M->29.0M Heap: 790.6M(2048.0M)->792.6M(2048.0M)]
 [Times: user=1.38 sys=0.06, real=0.19 secs] 
2020-09-29T12:24:03.107+0200: 9.394: [GC pause (G1 Evacuation Pause) (young), 0.1536069 secs]
   [Parallel Time: 152.3 ms, GC Workers: 8]
      [GC Worker Start (ms): Min: 9393.7, Avg: 9393.8, Max: 9393.9, Diff: 0.2]
      [Ext Root Scanning (ms): Min: 0.0, Avg: 0.1, Max: 0.2, Diff: 0.2, Sum: 0.7]
      [Update RS (ms): Min: 19.6, Avg: 20.0, Max: 20.8, Diff: 1.1, Sum: 160.1]
         [Processed Buffers: Min: 14, Avg: 15.6, Max: 17, Diff: 3, Sum: 125]
      [Scan RS (ms): Min: 15.0, Avg: 15.7, Max: 16.1, Diff: 1.1, Sum: 125.8]
      [Code Root Scanning (ms): Min: 0.0, Avg: 0.0, Max: 0.0, Diff: 0.0, Sum: 0.0]
      [Object Copy (ms): Min: 116.0, Avg: 116.1, Max: 116.2, Diff: 0.2, Sum: 929.0]
      [Termination (ms): Min: 0.0, Avg: 0.0, Max: 0.0, Diff: 0.0, Sum: 0.1]
         [Termination Attempts: Min: 1, Avg: 75.1, Max: 100, Diff: 99, Sum: 601]
      [GC Worker Other (ms): Min: 0.0, Avg: 0.0, Max: 0.1, Diff: 0.1, Sum: 0.3]
      [GC Worker Total (ms): Min: 151.9, Avg: 152.0, Max: 152.1, Diff: 0.2, Sum: 1216.1]
      [GC Worker End (ms): Min: 9545.8, Avg: 9545.8, Max: 9545.8, Diff: 0.1]
   [Code Root Fixup: 0.0 ms]
   [Code Root Purge: 0.0 ms]
   [Clear CT: 0.2 ms]
   [Other: 1.1 ms]
      [Choose CSet: 0.0 ms]
      [Ref Proc: 0.3 ms]
      [Ref Enq: 0.0 ms]
      [Redirty Cards: 0.3 ms]
      [Humongous Register: 0.1 ms]
      [Humongous Reclaim: 0.0 ms]
      [Free CSet: 0.2 ms]
   [Eden: 183.0M(183.0M)->0.0B(195.0M) Survivors: 29.0M->27.0M Heap: 1006.1M(2048.0M)->1008.1M(2048.0M)]
 [Times: user=1.20 sys=0.05, real=0.15 secs] 
2020-09-29T12:24:03.269+0200: 9.556: [GC pause (G1 Humongous Allocation) (young) (initial-mark), 0.0485334 secs]
   [Parallel Time: 47.3 ms, GC Workers: 8]
      [GC Worker Start (ms): Min: 9556.3, Avg: 9556.4, Max: 9556.5, Diff: 0.2]
      [Ext Root Scanning (ms): Min: 0.0, Avg: 0.2, Max: 0.3, Diff: 0.3, Sum: 1.7]
      [Update RS (ms): Min: 27.0, Avg: 27.3, Max: 27.7, Diff: 0.7, Sum: 218.7]
         [Processed Buffers: Min: 23, Avg: 25.4, Max: 27, Diff: 4, Sum: 203]
      [Scan RS (ms): Min: 1.8, Avg: 2.2, Max: 2.4, Diff: 0.6, Sum: 17.6]
      [Code Root Scanning (ms): Min: 0.0, Avg: 0.0, Max: 0.0, Diff: 0.0, Sum: 0.0]
      [Object Copy (ms): Min: 17.4, Avg: 17.4, Max: 17.5, Diff: 0.1, Sum: 139.3]
      [Termination (ms): Min: 0.0, Avg: 0.0, Max: 0.0, Diff: 0.0, Sum: 0.1]
         [Termination Attempts: Min: 1, Avg: 28.8, Max: 46, Diff: 45, Sum: 230]
      [GC Worker Other (ms): Min: 0.0, Avg: 0.0, Max: 0.0, Diff: 0.0, Sum: 0.2]
      [GC Worker Total (ms): Min: 47.1, Avg: 47.2, Max: 47.3, Diff: 0.2, Sum: 377.5]
      [GC Worker End (ms): Min: 9603.6, Avg: 9603.6, Max: 9603.6, Diff: 0.0]
   [Code Root Fixup: 0.0 ms]
   [Code Root Purge: 0.0 ms]
   [Clear CT: 0.3 ms]
   [Other: 0.9 ms]
      [Choose CSet: 0.0 ms]
      [Ref Proc: 0.2 ms]
      [Ref Enq: 0.0 ms]
      [Redirty Cards: 0.2 ms]
      [Humongous Register: 0.1 ms]
      [Humongous Reclaim: 0.0 ms]
      [Free CSet: 0.1 ms]
   [Eden: 3072.0K(195.0M)->0.0B(236.0M) Survivors: 27.0M->6144.0K Heap: 1011.1M(2048.0M)->1015.6M(2048.0M)]
 [Times: user=0.39 sys=0.00, real=0.05 secs] 
2020-09-29T12:24:03.318+0200: 9.605: [GC concurrent-root-region-scan-start]
2020-09-29T12:24:03.319+0200: 9.606: [GC concurrent-root-region-scan-end, 0.0013580 secs]
2020-09-29T12:24:03.319+0200: 9.606: [GC concurrent-mark-start]
2020-09-29T12:24:03.324+0200: 9.611: [GC concurrent-mark-end, 0.0043660 secs]
2020-09-29T12:24:03.324+0200: 9.611: [GC remark 2020-09-29T12:24:03.324+0200: 9.611: [Finalize Marking, 0.0001816 secs] 2020-09-29T12:24:03.324+0200: 9.611: [GC ref-proc, 0.0004994 secs] 2020-09-29T12:24:03.325+0200: 9.612: [Unloading, 0.0008522 secs], 0.0021086 secs]
 [Times: user=0.00 sys=0.00, real=0.00 secs] 
2020-09-29T12:24:03.327+0200: 9.614: [GC cleanup 1026M->31M(2048M), 0.0018369 secs]
 [Times: user=0.00 sys=0.00, real=0.00 secs] 
2020-09-29T12:24:03.329+0200: 9.616: [GC concurrent-cleanup-start]
2020-09-29T12:24:03.331+0200: 9.618: [GC concurrent-cleanup-end, 0.0020012 secs]
2020-09-29T12:24:03.491+0200: 9.778: [GC pause (G1 Evacuation Pause) (young), 0.1952132 secs]
   [Parallel Time: 193.7 ms, GC Workers: 8]
      [GC Worker Start (ms): Min: 9777.9, Avg: 9778.5, Max: 9781.9, Diff: 4.0]
      [Ext Root Scanning (ms): Min: 0.0, Avg: 0.1, Max: 0.2, Diff: 0.2, Sum: 0.8]
      [Update RS (ms): Min: 8.9, Avg: 12.4, Max: 13.6, Diff: 4.7, Sum: 99.3]
         [Processed Buffers: Min: 9, Avg: 10.6, Max: 13, Diff: 4, Sum: 85]
      [Scan RS (ms): Min: 22.0, Avg: 22.8, Max: 23.0, Diff: 1.0, Sum: 182.0]
      [Code Root Scanning (ms): Min: 0.0, Avg: 0.0, Max: 0.0, Diff: 0.0, Sum: 0.0]
      [Object Copy (ms): Min: 156.8, Avg: 157.1, Max: 157.7, Diff: 0.8, Sum: 1256.7]
      [Termination (ms): Min: 0.0, Avg: 0.6, Max: 0.9, Diff: 0.9, Sum: 5.0]
         [Termination Attempts: Min: 1, Avg: 3098.9, Max: 4116, Diff: 4115, Sum: 24791]
      [GC Worker Other (ms): Min: 0.0, Avg: 0.0, Max: 0.1, Diff: 0.1, Sum: 0.3]
      [GC Worker Total (ms): Min: 189.6, Avg: 193.0, Max: 193.6, Diff: 4.0, Sum: 1544.1]
      [GC Worker End (ms): Min: 9971.5, Avg: 9971.5, Max: 9971.6, Diff: 0.1]
   [Code Root Fixup: 0.0 ms]
   [Code Root Purge: 0.0 ms]
   [Clear CT: 0.3 ms]
   [Other: 1.2 ms]
      [Choose CSet: 0.0 ms]
      [Ref Proc: 0.1 ms]
      [Ref Enq: 0.0 ms]
      [Redirty Cards: 0.4 ms]
      [Humongous Register: 0.0 ms]
      [Humongous Reclaim: 0.0 ms]
      [Free CSet: 0.3 ms]
   [Eden: 236.0M(236.0M)->0.0B(195.0M) Survivors: 6144.0K->31.0M Heap: 296.6M(2048.0M)->293.1M(2048.0M)]
 [Times: user=1.41 sys=0.02, real=0.20 secs] 
2020-09-29T12:24:03.845+0200: 10.132: [GC pause (G1 Evacuation Pause) (young), 0.2170326 secs]
   [Parallel Time: 215.6 ms, GC Workers: 8]
      [GC Worker Start (ms): Min: 10132.5, Avg: 10132.6, Max: 10132.7, Diff: 0.2]
      [Ext Root Scanning (ms): Min: 0.0, Avg: 0.1, Max: 0.2, Diff: 0.2, Sum: 0.6]
      [Update RS (ms): Min: 17.9, Avg: 20.1, Max: 33.0, Diff: 15.1, Sum: 161.0]
         [Processed Buffers: Min: 9, Avg: 14.3, Max: 18, Diff: 9, Sum: 114]
      [Scan RS (ms): Min: 6.4, Avg: 22.6, Max: 45.8, Diff: 39.4, Sum: 180.8]
      [Code Root Scanning (ms): Min: 0.0, Avg: 0.0, Max: 0.0, Diff: 0.0, Sum: 0.0]
      [Object Copy (ms): Min: 151.5, Avg: 172.1, Max: 175.5, Diff: 24.0, Sum: 1376.8]
      [Termination (ms): Min: 0.0, Avg: 0.4, Max: 0.5, Diff: 0.5, Sum: 3.2]
         [Termination Attempts: Min: 1, Avg: 2075.9, Max: 2686, Diff: 2685, Sum: 16607]
      [GC Worker Other (ms): Min: 0.0, Avg: 0.0, Max: 0.1, Diff: 0.0, Sum: 0.2]
      [GC Worker Total (ms): Min: 215.2, Avg: 215.3, Max: 215.4, Diff: 0.2, Sum: 1722.7]
      [GC Worker End (ms): Min: 10347.9, Avg: 10347.9, Max: 10347.9, Diff: 0.0]
   [Code Root Fixup: 0.0 ms]
   [Code Root Purge: 0.0 ms]
   [Clear CT: 0.2 ms]
   [Other: 1.2 ms]
      [Choose CSet: 0.0 ms]
      [Ref Proc: 0.3 ms]
      [Ref Enq: 0.0 ms]
      [Redirty Cards: 0.3 ms]
      [Humongous Register: 0.0 ms]
      [Humongous Reclaim: 0.0 ms]
      [Free CSet: 0.3 ms]
   [Eden: 195.0M(195.0M)->0.0B(166.0M) Survivors: 31.0M->29.0M Heap: 520.5M(2048.0M)->523.0M(2048.0M)]
 [Times: user=1.61 sys=0.03, real=0.22 secs] 
2020-09-29T12:24:04.195+0200: 10.482: [GC pause (G1 Evacuation Pause) (young), 0.1509297 secs]
   [Parallel Time: 149.8 ms, GC Workers: 8]
      [GC Worker Start (ms): Min: 10482.4, Avg: 10482.5, Max: 10482.6, Diff: 0.2]
      [Ext Root Scanning (ms): Min: 0.0, Avg: 0.1, Max: 0.2, Diff: 0.2, Sum: 0.8]
      [Update RS (ms): Min: 12.0, Avg: 12.3, Max: 13.2, Diff: 1.2, Sum: 98.7]
         [Processed Buffers: Min: 9, Avg: 11.3, Max: 14, Diff: 5, Sum: 90]
      [Scan RS (ms): Min: 16.9, Avg: 17.7, Max: 18.0, Diff: 1.2, Sum: 141.8]
      [Code Root Scanning (ms): Min: 0.0, Avg: 0.0, Max: 0.0, Diff: 0.0, Sum: 0.0]
      [Object Copy (ms): Min: 118.8, Avg: 119.0, Max: 119.1, Diff: 0.3, Sum: 951.8]
      [Termination (ms): Min: 0.2, Avg: 0.4, Max: 0.5, Diff: 0.4, Sum: 3.4]
         [Termination Attempts: Min: 1, Avg: 1239.6, Max: 1543, Diff: 1542, Sum: 9917]
      [GC Worker Other (ms): Min: 0.0, Avg: 0.0, Max: 0.0, Diff: 0.0, Sum: 0.1]
      [GC Worker Total (ms): Min: 149.5, Avg: 149.6, Max: 149.6, Diff: 0.2, Sum: 1196.6]
      [GC Worker End (ms): Min: 10632.1, Avg: 10632.1, Max: 10632.1, Diff: 0.1]
   [Code Root Fixup: 0.0 ms]
   [Code Root Purge: 0.0 ms]
   [Clear CT: 0.2 ms]
   [Other: 0.9 ms]
      [Choose CSet: 0.0 ms]
      [Ref Proc: 0.2 ms]
      [Ref Enq: 0.0 ms]
      [Redirty Cards: 0.2 ms]
      [Humongous Register: 0.1 ms]
      [Humongous Reclaim: 0.0 ms]
      [Free CSet: 0.2 ms]
   [Eden: 166.0M(166.0M)->0.0B(179.0M) Survivors: 29.0M->25.0M Heap: 717.6M(2048.0M)->719.6M(2048.0M)]
 [Times: user=1.05 sys=0.03, real=0.15 secs] 
2020-09-29T12:24:04.489+0200: 10.776: [GC pause (G1 Evacuation Pause) (young), 0.1496005 secs]
   [Parallel Time: 148.3 ms, GC Workers: 8]
      [GC Worker Start (ms): Min: 10775.9, Avg: 10776.9, Max: 10782.8, Diff: 6.9]
      [Ext Root Scanning (ms): Min: 0.0, Avg: 0.1, Max: 0.2, Diff: 0.2, Sum: 0.7]
      [Update RS (ms): Min: 10.4, Avg: 16.3, Max: 17.9, Diff: 7.5, Sum: 130.5]
         [Processed Buffers: Min: 8, Avg: 13.0, Max: 15, Diff: 7, Sum: 104]
      [Scan RS (ms): Min: 16.0, Avg: 16.7, Max: 17.2, Diff: 1.3, Sum: 133.7]
      [Code Root Scanning (ms): Min: 0.0, Avg: 0.0, Max: 0.0, Diff: 0.0, Sum: 0.0]
      [Object Copy (ms): Min: 113.9, Avg: 114.0, Max: 114.1, Diff: 0.1, Sum: 912.1]
      [Termination (ms): Min: 0.0, Avg: 0.0, Max: 0.1, Diff: 0.1, Sum: 0.3]
         [Termination Attempts: Min: 1, Avg: 227.8, Max: 301, Diff: 300, Sum: 1822]
      [GC Worker Other (ms): Min: 0.1, Avg: 0.1, Max: 0.1, Diff: 0.0, Sum: 0.6]
      [GC Worker Total (ms): Min: 141.3, Avg: 147.2, Max: 148.2, Diff: 6.9, Sum: 1178.0]
      [GC Worker End (ms): Min: 10924.1, Avg: 10924.1, Max: 10924.1, Diff: 0.0]
   [Code Root Fixup: 0.0 ms]
   [Code Root Purge: 0.0 ms]
   [Clear CT: 0.3 ms]
   [Other: 1.0 ms]
      [Choose CSet: 0.0 ms]
      [Ref Proc: 0.2 ms]
      [Ref Enq: 0.0 ms]
      [Redirty Cards: 0.3 ms]
      [Humongous Register: 0.1 ms]
      [Humongous Reclaim: 0.0 ms]
      [Free CSet: 0.2 ms]
   [Eden: 179.0M(179.0M)->0.0B(191.0M) Survivors: 25.0M->26.0M Heap: 927.2M(2048.0M)->929.2M(2048.0M)]
 [Times: user=1.06 sys=0.05, real=0.15 secs] 
2020-09-29T12:24:04.694+0200: 10.981: [GC pause (G1 Humongous Allocation) (young) (initial-mark), 0.0657794 secs]
   [Parallel Time: 64.7 ms, GC Workers: 8]
      [GC Worker Start (ms): Min: 10981.0, Avg: 10981.0, Max: 10981.1, Diff: 0.1]
      [Ext Root Scanning (ms): Min: 0.0, Avg: 0.1, Max: 0.2, Diff: 0.1, Sum: 0.8]
      [Update RS (ms): Min: 13.3, Avg: 13.6, Max: 14.1, Diff: 0.8, Sum: 109.2]
         [Processed Buffers: Min: 10, Avg: 11.4, Max: 13, Diff: 3, Sum: 91]
      [Scan RS (ms): Min: 3.0, Avg: 3.4, Max: 3.7, Diff: 0.8, Sum: 27.1]
      [Code Root Scanning (ms): Min: 0.0, Avg: 0.0, Max: 0.0, Diff: 0.0, Sum: 0.0]
      [Object Copy (ms): Min: 47.2, Avg: 47.3, Max: 47.4, Diff: 0.1, Sum: 378.2]
      [Termination (ms): Min: 0.0, Avg: 0.0, Max: 0.1, Diff: 0.1, Sum: 0.4]
         [Termination Attempts: Min: 1, Avg: 4.5, Max: 8, Diff: 7, Sum: 36]
      [GC Worker Other (ms): Min: 0.0, Avg: 0.0, Max: 0.0, Diff: 0.0, Sum: 0.1]
      [GC Worker Total (ms): Min: 64.4, Avg: 64.5, Max: 64.5, Diff: 0.1, Sum: 515.8]
      [GC Worker End (ms): Min: 11045.5, Avg: 11045.5, Max: 11045.5, Diff: 0.0]
   [Code Root Fixup: 0.0 ms]
   [Code Root Purge: 0.0 ms]
   [Clear CT: 0.2 ms]
   [Other: 0.8 ms]
      [Choose CSet: 0.0 ms]
      [Ref Proc: 0.2 ms]
      [Ref Enq: 0.0 ms]
      [Redirty Cards: 0.2 ms]
      [Humongous Register: 0.0 ms]
      [Humongous Reclaim: 0.0 ms]
      [Free CSet: 0.1 ms]
   [Eden: 60.0M(191.0M)->0.0B(210.0M) Survivors: 26.0M->28.0M Heap: 998.2M(2048.0M)->999.7M(2048.0M)]
 [Times: user=0.47 sys=0.02, real=0.07 secs] 
2020-09-29T12:24:04.760+0200: 11.047: [GC concurrent-root-region-scan-start]
2020-09-29T12:24:04.773+0200: 11.060: [GC concurrent-root-region-scan-end, 0.0132457 secs]
2020-09-29T12:24:04.773+0200: 11.060: [GC concurrent-mark-start]
2020-09-29T12:24:04.777+0200: 11.064: [GC concurrent-mark-end, 0.0036533 secs]
2020-09-29T12:24:04.777+0200: 11.064: [GC remark 2020-09-29T12:24:04.777+0200: 11.064: [Finalize Marking, 0.0002782 secs] 2020-09-29T12:24:04.778+0200: 11.064: [GC ref-proc, 0.0004402 secs] 2020-09-29T12:24:04.778+0200: 11.065: [Unloading, 0.0006475 secs], 0.0018227 secs]
 [Times: user=0.00 sys=0.00, real=0.00 secs] 
2020-09-29T12:24:04.780+0200: 11.066: [GC cleanup 1026M->69M(2048M), 0.0015193 secs]
 [Times: user=0.00 sys=0.00, real=0.00 secs] 
2020-09-29T12:24:04.781+0200: 11.068: [GC concurrent-cleanup-start]
2020-09-29T12:24:04.783+0200: 11.070: [GC concurrent-cleanup-end, 0.0017165 secs]
2020-09-29T12:24:04.924+0200: 11.211: [GC pause (G1 Evacuation Pause) (young), 0.1676163 secs]
   [Parallel Time: 166.4 ms, GC Workers: 8]
      [GC Worker Start (ms): Min: 11211.4, Avg: 11211.4, Max: 11211.5, Diff: 0.1]
      [Ext Root Scanning (ms): Min: 0.0, Avg: 0.1, Max: 0.1, Diff: 0.1, Sum: 0.8]
      [Update RS (ms): Min: 17.1, Avg: 17.5, Max: 18.3, Diff: 1.2, Sum: 139.7]
         [Processed Buffers: Min: 12, Avg: 14.4, Max: 17, Diff: 5, Sum: 115]
      [Scan RS (ms): Min: 16.4, Avg: 17.2, Max: 17.8, Diff: 1.4, Sum: 138.0]
      [Code Root Scanning (ms): Min: 0.0, Avg: 0.0, Max: 0.0, Diff: 0.0, Sum: 0.0]
      [Object Copy (ms): Min: 130.8, Avg: 131.1, Max: 131.5, Diff: 0.7, Sum: 1048.6]
      [Termination (ms): Min: 0.0, Avg: 0.3, Max: 0.4, Diff: 0.4, Sum: 2.5]
         [Termination Attempts: Min: 1, Avg: 1266.0, Max: 1656, Diff: 1655, Sum: 10128]
      [GC Worker Other (ms): Min: 0.0, Avg: 0.0, Max: 0.0, Diff: 0.0, Sum: 0.1]
      [GC Worker Total (ms): Min: 166.1, Avg: 166.2, Max: 166.3, Diff: 0.1, Sum: 1329.6]
      [GC Worker End (ms): Min: 11377.6, Avg: 11377.6, Max: 11377.6, Diff: 0.0]
   [Code Root Fixup: 0.0 ms]
   [Code Root Purge: 0.0 ms]
   [Clear CT: 0.2 ms]
   [Other: 1.0 ms]
      [Choose CSet: 0.0 ms]
      [Ref Proc: 0.3 ms]
      [Ref Enq: 0.0 ms]
      [Redirty Cards: 0.3 ms]
      [Humongous Register: 0.1 ms]
      [Humongous Reclaim: 0.0 ms]
      [Free CSet: 0.2 ms]
   [Eden: 210.0M(210.0M)->0.0B(207.0M) Survivors: 28.0M->30.0M Heap: 289.2M(2048.0M)->263.2M(2048.0M)]
 [Times: user=1.33 sys=0.03, real=0.17 secs] 
2020-09-29T12:24:05.237+0200: 11.524: [GC pause (G1 Evacuation Pause) (young), 0.2132615 secs]
   [Parallel Time: 212.0 ms, GC Workers: 8]
      [GC Worker Start (ms): Min: 11523.6, Avg: 11523.7, Max: 11523.8, Diff: 0.2]
      [Ext Root Scanning (ms): Min: 0.0, Avg: 0.1, Max: 0.2, Diff: 0.2, Sum: 0.6]
      [Update RS (ms): Min: 20.7, Avg: 20.8, Max: 21.3, Diff: 0.6, Sum: 166.7]
         [Processed Buffers: Min: 15, Avg: 16.9, Max: 20, Diff: 5, Sum: 135]
      [Scan RS (ms): Min: 18.1, Avg: 18.7, Max: 18.9, Diff: 0.8, Sum: 149.3]
      [Code Root Scanning (ms): Min: 0.0, Avg: 0.0, Max: 0.0, Diff: 0.0, Sum: 0.0]
      [Object Copy (ms): Min: 171.2, Avg: 171.5, Max: 172.2, Diff: 1.0, Sum: 1372.0]
      [Termination (ms): Min: 0.0, Avg: 0.6, Max: 0.7, Diff: 0.7, Sum: 4.8]
         [Termination Attempts: Min: 1, Avg: 2896.9, Max: 3550, Diff: 3549, Sum: 23175]
      [GC Worker Other (ms): Min: 0.0, Avg: 0.0, Max: 0.1, Diff: 0.1, Sum: 0.3]
      [GC Worker Total (ms): Min: 211.6, Avg: 211.7, Max: 211.9, Diff: 0.2, Sum: 1693.7]
      [GC Worker End (ms): Min: 11735.4, Avg: 11735.5, Max: 11735.5, Diff: 0.1]
   [Code Root Fixup: 0.0 ms]
   [Code Root Purge: 0.0 ms]
   [Clear CT: 0.2 ms]
   [Other: 1.0 ms]
      [Choose CSet: 0.0 ms]
      [Ref Proc: 0.2 ms]
      [Ref Enq: 0.0 ms]
      [Redirty Cards: 0.3 ms]
      [Humongous Register: 0.0 ms]
      [Humongous Reclaim: 0.0 ms]
      [Free CSet: 0.2 ms]
   [Eden: 207.0M(207.0M)->0.0B(185.0M) Survivors: 30.0M->30.0M Heap: 504.6M(2048.0M)->507.1M(2048.0M)]
 [Times: user=1.55 sys=0.05, real=0.21 secs] 
2020-09-29T12:24:05.589+0200: 11.876: [GC pause (G1 Evacuation Pause) (young), 0.1611709 secs]
   [Parallel Time: 159.8 ms, GC Workers: 8]
      [GC Worker Start (ms): Min: 11875.9, Avg: 11876.1, Max: 11876.1, Diff: 0.2]
      [Ext Root Scanning (ms): Min: 0.0, Avg: 0.1, Max: 0.2, Diff: 0.2, Sum: 0.7]
      [Update RS (ms): Min: 15.8, Avg: 16.0, Max: 16.4, Diff: 0.6, Sum: 128.3]
         [Processed Buffers: Min: 11, Avg: 13.1, Max: 16, Diff: 5, Sum: 105]
      [Scan RS (ms): Min: 17.9, Avg: 18.3, Max: 18.4, Diff: 0.5, Sum: 146.1]
      [Code Root Scanning (ms): Min: 0.0, Avg: 0.0, Max: 0.0, Diff: 0.0, Sum: 0.0]
      [Object Copy (ms): Min: 124.8, Avg: 125.0, Max: 125.1, Diff: 0.3, Sum: 999.6]
      [Termination (ms): Min: 0.0, Avg: 0.2, Max: 0.2, Diff: 0.2, Sum: 1.3]
         [Termination Attempts: Min: 1, Avg: 804.4, Max: 1038, Diff: 1037, Sum: 6435]
      [GC Worker Other (ms): Min: 0.0, Avg: 0.1, Max: 0.1, Diff: 0.1, Sum: 0.5]
      [GC Worker Total (ms): Min: 159.5, Avg: 159.6, Max: 159.7, Diff: 0.2, Sum: 1276.4]
      [GC Worker End (ms): Min: 12035.6, Avg: 12035.6, Max: 12035.6, Diff: 0.1]
   [Code Root Fixup: 0.0 ms]
   [Code Root Purge: 0.0 ms]
   [Clear CT: 0.2 ms]
   [Other: 1.1 ms]
      [Choose CSet: 0.0 ms]
      [Ref Proc: 0.2 ms]
      [Ref Enq: 0.0 ms]
      [Redirty Cards: 0.3 ms]
      [Humongous Register: 0.0 ms]
      [Humongous Reclaim: 0.0 ms]
      [Free CSet: 0.2 ms]
   [Eden: 185.0M(185.0M)->0.0B(192.0M) Survivors: 30.0M->27.0M Heap: 722.6M(2048.0M)->724.1M(2048.0M)]
 [Times: user=1.17 sys=0.03, real=0.16 secs] 
2020-09-29T12:24:05.892+0200: 12.178: [GC pause (G1 Evacuation Pause) (young), 0.1631882 secs]
   [Parallel Time: 161.8 ms, GC Workers: 8]
      [GC Worker Start (ms): Min: 12178.6, Avg: 12178.7, Max: 12178.8, Diff: 0.2]
      [Ext Root Scanning (ms): Min: 0.0, Avg: 0.1, Max: 0.2, Diff: 0.2, Sum: 0.6]
      [Update RS (ms): Min: 16.8, Avg: 17.1, Max: 17.9, Diff: 1.1, Sum: 137.0]
         [Processed Buffers: Min: 13, Avg: 14.3, Max: 17, Diff: 4, Sum: 114]
      [Scan RS (ms): Min: 17.4, Avg: 18.2, Max: 18.6, Diff: 1.2, Sum: 145.5]
      [Code Root Scanning (ms): Min: 0.0, Avg: 0.0, Max: 0.0, Diff: 0.0, Sum: 0.0]
      [Object Copy (ms): Min: 125.8, Avg: 126.0, Max: 126.1, Diff: 0.2, Sum: 1007.9]
      [Termination (ms): Min: 0.0, Avg: 0.0, Max: 0.0, Diff: 0.0, Sum: 0.1]
         [Termination Attempts: Min: 1, Avg: 80.0, Max: 112, Diff: 111, Sum: 640]
      [GC Worker Other (ms): Min: 0.0, Avg: 0.0, Max: 0.1, Diff: 0.1, Sum: 0.3]
      [GC Worker Total (ms): Min: 161.4, Avg: 161.4, Max: 161.5, Diff: 0.2, Sum: 1291.5]
      [GC Worker End (ms): Min: 12340.1, Avg: 12340.1, Max: 12340.2, Diff: 0.1]
   [Code Root Fixup: 0.0 ms]
   [Code Root Purge: 0.0 ms]
   [Clear CT: 0.5 ms]
   [Other: 0.9 ms]
      [Choose CSet: 0.0 ms]
      [Ref Proc: 0.2 ms]
      [Ref Enq: 0.0 ms]
      [Redirty Cards: 0.3 ms]
      [Humongous Register: 0.0 ms]
      [Humongous Reclaim: 0.0 ms]
      [Free CSet: 0.2 ms]
   [Eden: 192.0M(192.0M)->0.0B(197.0M) Survivors: 27.0M->28.0M Heap: 948.5M(2048.0M)->950.5M(2048.0M)]
 [Times: user=1.17 sys=0.11, real=0.16 secs] 
2020-09-29T12:24:06.060+0200: 12.347: [GC pause (G1 Humongous Allocation) (young) (initial-mark), 0.0628746 secs]
   [Parallel Time: 60.2 ms, GC Workers: 8]
      [GC Worker Start (ms): Min: 12347.4, Avg: 12347.5, Max: 12347.6, Diff: 0.2]
      [Ext Root Scanning (ms): Min: 0.0, Avg: 0.7, Max: 4.2, Diff: 4.2, Sum: 5.4]
      [Update RS (ms): Min: 32.1, Avg: 35.5, Max: 36.3, Diff: 4.2, Sum: 283.9]
         [Processed Buffers: Min: 29, Avg: 32.3, Max: 34, Diff: 5, Sum: 258]
      [Scan RS (ms): Min: 1.8, Avg: 2.1, Max: 2.4, Diff: 0.7, Sum: 16.8]
      [Code Root Scanning (ms): Min: 0.0, Avg: 0.0, Max: 0.0, Diff: 0.0, Sum: 0.0]
      [Object Copy (ms): Min: 21.3, Avg: 21.5, Max: 21.5, Diff: 0.2, Sum: 171.6]
      [Termination (ms): Min: 0.0, Avg: 0.0, Max: 0.0, Diff: 0.0, Sum: 0.2]
         [Termination Attempts: Min: 1, Avg: 119.9, Max: 182, Diff: 181, Sum: 959]
      [GC Worker Other (ms): Min: 0.0, Avg: 0.0, Max: 0.0, Diff: 0.0, Sum: 0.2]
      [GC Worker Total (ms): Min: 59.7, Avg: 59.8, Max: 59.9, Diff: 0.2, Sum: 478.0]
      [GC Worker End (ms): Min: 12407.3, Avg: 12407.3, Max: 12407.3, Diff: 0.0]
   [Code Root Fixup: 0.0 ms]
   [Code Root Purge: 0.0 ms]
   [Clear CT: 1.9 ms]
   [Other: 0.9 ms]
      [Choose CSet: 0.0 ms]
      [Ref Proc: 0.2 ms]
      [Ref Enq: 0.0 ms]
      [Redirty Cards: 0.2 ms]
      [Humongous Register: 0.1 ms]
      [Humongous Reclaim: 0.0 ms]
      [Free CSet: 0.1 ms]
   [Eden: 8192.0K(197.0M)->0.0B(219.0M) Survivors: 28.0M->9216.0K Heap: 958.0M(2048.0M)->962.0M(2048.0M)]
 [Times: user=0.49 sys=0.00, real=0.06 secs] 
2020-09-29T12:24:06.123+0200: 12.410: [GC concurrent-root-region-scan-start]
2020-09-29T12:24:06.126+0200: 12.413: [GC concurrent-root-region-scan-end, 0.0033449 secs]
2020-09-29T12:24:06.127+0200: 12.413: [GC concurrent-mark-start]
2020-09-29T12:24:06.129+0200: 12.416: [GC concurrent-mark-end, 0.0028598 secs]
2020-09-29T12:24:06.130+0200: 12.417: [GC remark 2020-09-29T12:24:06.130+0200: 12.417: [Finalize Marking, 0.0002639 secs] 2020-09-29T12:24:06.130+0200: 12.417: [GC ref-proc, 0.0003639 secs] 2020-09-29T12:24:06.130+0200: 12.417: [Unloading, 0.0005468 secs], 0.0015750 secs]
 [Times: user=0.00 sys=0.00, real=0.00 secs] 
2020-09-29T12:24:06.132+0200: 12.419: [GC cleanup 973M->35M(2048M), 0.0014521 secs]
 [Times: user=0.00 sys=0.00, real=0.00 secs] 
2020-09-29T12:24:06.133+0200: 12.420: [GC concurrent-cleanup-start]
2020-09-29T12:24:06.135+0200: 12.421: [GC concurrent-cleanup-end, 0.0012276 secs]
2020-09-29T12:24:06.277+0200: 12.564: [GC pause (G1 Evacuation Pause) (young), 0.1768479 secs]
   [Parallel Time: 175.5 ms, GC Workers: 8]
      [GC Worker Start (ms): Min: 12564.4, Avg: 12564.5, Max: 12564.6, Diff: 0.2]
      [Ext Root Scanning (ms): Min: 0.0, Avg: 0.1, Max: 0.2, Diff: 0.2, Sum: 0.8]
      [Update RS (ms): Min: 21.0, Avg: 21.4, Max: 22.6, Diff: 1.6, Sum: 170.9]
         [Processed Buffers: Min: 15, Avg: 17.4, Max: 21, Diff: 6, Sum: 139]
      [Scan RS (ms): Min: 14.9, Avg: 16.2, Max: 16.6, Diff: 1.7, Sum: 129.5]
      [Code Root Scanning (ms): Min: 0.0, Avg: 0.0, Max: 0.0, Diff: 0.0, Sum: 0.0]
      [Object Copy (ms): Min: 126.0, Avg: 136.0, Max: 137.5, Diff: 11.5, Sum: 1087.8]
      [Termination (ms): Min: 0.0, Avg: 0.1, Max: 0.2, Diff: 0.2, Sum: 0.8]
         [Termination Attempts: Min: 1, Avg: 460.0, Max: 673, Diff: 672, Sum: 3680]
      [GC Worker Other (ms): Min: 0.0, Avg: 1.5, Max: 11.5, Diff: 11.5, Sum: 11.9]
      [GC Worker Total (ms): Min: 175.1, Avg: 175.2, Max: 175.3, Diff: 0.2, Sum: 1401.7]
      [GC Worker End (ms): Min: 12739.7, Avg: 12739.7, Max: 12739.8, Diff: 0.1]
   [Code Root Fixup: 0.0 ms]
   [Code Root Purge: 0.0 ms]
   [Clear CT: 0.2 ms]
   [Other: 1.1 ms]
      [Choose CSet: 0.0 ms]
      [Ref Proc: 0.3 ms]
      [Ref Enq: 0.0 ms]
      [Redirty Cards: 0.3 ms]
      [Humongous Register: 0.1 ms]
      [Humongous Reclaim: 0.0 ms]
      [Free CSet: 0.2 ms]
   [Eden: 219.0M(219.0M)->0.0B(199.0M) Survivors: 9216.0K->29.0M Heap: 281.1M(2048.0M)->273.6M(2048.0M)]
 [Times: user=1.25 sys=0.02, real=0.18 secs] 
2020-09-29T12:24:06.616+0200: 12.903: [GC pause (G1 Evacuation Pause) (young), 0.1966330 secs]
   [Parallel Time: 195.2 ms, GC Workers: 8]
      [GC Worker Start (ms): Min: 12903.3, Avg: 12903.4, Max: 12903.5, Diff: 0.2]
      [Ext Root Scanning (ms): Min: 0.0, Avg: 0.1, Max: 0.2, Diff: 0.2, Sum: 0.7]
      [Update RS (ms): Min: 21.2, Avg: 21.4, Max: 21.8, Diff: 0.6, Sum: 171.0]
         [Processed Buffers: Min: 14, Avg: 15.1, Max: 17, Diff: 3, Sum: 121]
      [Scan RS (ms): Min: 21.2, Avg: 21.8, Max: 22.0, Diff: 0.8, Sum: 174.6]
      [Code Root Scanning (ms): Min: 0.0, Avg: 0.0, Max: 0.0, Diff: 0.0, Sum: 0.0]
      [Object Copy (ms): Min: 151.2, Avg: 151.4, Max: 151.5, Diff: 0.3, Sum: 1211.4]
      [Termination (ms): Min: 0.0, Avg: 0.1, Max: 0.2, Diff: 0.2, Sum: 0.9]
         [Termination Attempts: Min: 1, Avg: 453.1, Max: 617, Diff: 616, Sum: 3625]
      [GC Worker Other (ms): Min: 0.0, Avg: 0.0, Max: 0.1, Diff: 0.1, Sum: 0.4]
      [GC Worker Total (ms): Min: 194.8, Avg: 194.9, Max: 195.0, Diff: 0.2, Sum: 1558.9]
      [GC Worker End (ms): Min: 13098.3, Avg: 13098.3, Max: 13098.3, Diff: 0.1]
   [Code Root Fixup: 0.0 ms]
   [Code Root Purge: 0.0 ms]
   [Clear CT: 0.3 ms]
   [Other: 1.2 ms]
      [Choose CSet: 0.0 ms]
      [Ref Proc: 0.3 ms]
      [Ref Enq: 0.0 ms]
      [Redirty Cards: 0.3 ms]
      [Humongous Register: 0.0 ms]
      [Humongous Reclaim: 0.0 ms]
      [Free CSet: 0.3 ms]
   [Eden: 199.0M(199.0M)->0.0B(182.0M) Survivors: 29.0M->29.0M Heap: 505.1M(2048.0M)->507.1M(2048.0M)]
 [Times: user=1.38 sys=0.05, real=0.20 secs] 
2020-09-29T12:24:06.975+0200: 13.262: [GC pause (G1 Evacuation Pause) (young), 0.1814014 secs]
   [Parallel Time: 179.9 ms, GC Workers: 8]
      [GC Worker Start (ms): Min: 13262.0, Avg: 13262.6, Max: 13266.2, Diff: 4.3]
      [Ext Root Scanning (ms): Min: 0.0, Avg: 0.1, Max: 0.2, Diff: 0.2, Sum: 0.9]
      [Update RS (ms): Min: 17.7, Avg: 21.5, Max: 22.4, Diff: 4.7, Sum: 171.7]
         [Processed Buffers: Min: 11, Avg: 15.0, Max: 20, Diff: 9, Sum: 120]
      [Scan RS (ms): Min: 19.1, Avg: 19.7, Max: 21.4, Diff: 2.3, Sum: 157.3]
      [Code Root Scanning (ms): Min: 0.0, Avg: 0.0, Max: 0.0, Diff: 0.0, Sum: 0.0]
      [Object Copy (ms): Min: 135.9, Avg: 137.7, Max: 138.1, Diff: 2.2, Sum: 1101.3]
      [Termination (ms): Min: 0.0, Avg: 0.1, Max: 0.2, Diff: 0.2, Sum: 1.1]
         [Termination Attempts: Min: 1, Avg: 544.3, Max: 644, Diff: 643, Sum: 4354]
      [GC Worker Other (ms): Min: 0.0, Avg: 0.1, Max: 0.1, Diff: 0.1, Sum: 0.5]
      [GC Worker Total (ms): Min: 175.4, Avg: 179.1, Max: 179.7, Diff: 4.3, Sum: 1432.7]
      [GC Worker End (ms): Min: 13441.6, Avg: 13441.6, Max: 13441.7, Diff: 0.1]
   [Code Root Fixup: 0.0 ms]
   [Code Root Purge: 0.0 ms]
   [Clear CT: 0.3 ms]
   [Other: 1.2 ms]
      [Choose CSet: 0.0 ms]
      [Ref Proc: 0.3 ms]
      [Ref Enq: 0.0 ms]
      [Redirty Cards: 0.4 ms]
      [Humongous Register: 0.1 ms]
      [Humongous Reclaim: 0.0 ms]
      [Free CSet: 0.3 ms]
   [Eden: 182.0M(182.0M)->0.0B(178.0M) Survivors: 29.0M->27.0M Heap: 719.6M(2048.0M)->721.6M(2048.0M)]
 [Times: user=1.28 sys=0.06, real=0.18 secs] 
2020-09-29T12:24:07.315+0200: 13.602: [GC pause (G1 Evacuation Pause) (young), 0.1785048 secs]
   [Parallel Time: 177.1 ms, GC Workers: 8]
      [GC Worker Start (ms): Min: 13602.2, Avg: 13602.3, Max: 13602.4, Diff: 0.2]
      [Ext Root Scanning (ms): Min: 0.0, Avg: 0.1, Max: 0.2, Diff: 0.2, Sum: 0.7]
      [Update RS (ms): Min: 15.1, Avg: 15.5, Max: 15.9, Diff: 0.8, Sum: 123.7]
         [Processed Buffers: Min: 9, Avg: 10.0, Max: 11, Diff: 2, Sum: 80]
      [Scan RS (ms): Min: 21.6, Avg: 21.9, Max: 22.3, Diff: 0.7, Sum: 175.4]
      [Code Root Scanning (ms): Min: 0.0, Avg: 0.0, Max: 0.0, Diff: 0.0, Sum: 0.0]
      [Object Copy (ms): Min: 138.8, Avg: 139.1, Max: 139.2, Diff: 0.4, Sum: 1112.6]
      [Termination (ms): Min: 0.0, Avg: 0.2, Max: 0.5, Diff: 0.5, Sum: 1.6]
         [Termination Attempts: Min: 1, Avg: 561.5, Max: 741, Diff: 740, Sum: 4492]
      [GC Worker Other (ms): Min: 0.0, Avg: 0.0, Max: 0.0, Diff: 0.0, Sum: 0.2]
      [GC Worker Total (ms): Min: 176.7, Avg: 176.8, Max: 176.9, Diff: 0.3, Sum: 1414.2]
      [GC Worker End (ms): Min: 13779.1, Avg: 13779.1, Max: 13779.1, Diff: 0.0]
   [Code Root Fixup: 0.0 ms]
   [Code Root Purge: 0.0 ms]
   [Clear CT: 0.2 ms]
   [Other: 1.2 ms]
      [Choose CSet: 0.0 ms]
      [Ref Proc: 0.3 ms]
      [Ref Enq: 0.0 ms]
      [Redirty Cards: 0.3 ms]
      [Humongous Register: 0.1 ms]
      [Humongous Reclaim: 0.0 ms]
      [Free CSet: 0.2 ms]
   [Eden: 178.0M(178.0M)->0.0B(172.0M) Survivors: 27.0M->26.0M Heap: 928.2M(2048.0M)->930.2M(2048.0M)]
 [Times: user=1.38 sys=0.06, real=0.18 secs] 
2020-09-29T12:24:07.558+0200: 13.845: [GC pause (G1 Humongous Allocation) (young) (initial-mark), 0.0805142 secs]
   [Parallel Time: 79.1 ms, GC Workers: 8]
      [GC Worker Start (ms): Min: 13845.0, Avg: 13845.1, Max: 13845.2, Diff: 0.1]
      [Ext Root Scanning (ms): Min: 0.1, Avg: 0.1, Max: 0.2, Diff: 0.1, Sum: 1.0]
      [Update RS (ms): Min: 15.2, Avg: 16.4, Max: 21.4, Diff: 6.2, Sum: 131.2]
         [Processed Buffers: Min: 8, Avg: 11.0, Max: 13, Diff: 5, Sum: 88]
      [Scan RS (ms): Min: 0.0, Avg: 3.9, Max: 4.9, Diff: 4.9, Sum: 31.2]
      [Code Root Scanning (ms): Min: 0.0, Avg: 0.0, Max: 0.0, Diff: 0.0, Sum: 0.0]
      [Object Copy (ms): Min: 57.2, Avg: 58.3, Max: 58.5, Diff: 1.3, Sum: 466.3]
      [Termination (ms): Min: 0.0, Avg: 0.0, Max: 0.0, Diff: 0.0, Sum: 0.2]
         [Termination Attempts: Min: 1, Avg: 81.5, Max: 107, Diff: 106, Sum: 652]
      [GC Worker Other (ms): Min: 0.0, Avg: 0.0, Max: 0.1, Diff: 0.0, Sum: 0.2]
      [GC Worker Total (ms): Min: 78.7, Avg: 78.8, Max: 78.8, Diff: 0.1, Sum: 630.2]
      [GC Worker End (ms): Min: 13923.9, Avg: 13923.9, Max: 13923.9, Diff: 0.0]
   [Code Root Fixup: 0.0 ms]
   [Code Root Purge: 0.0 ms]
   [Clear CT: 0.3 ms]
   [Other: 1.1 ms]
      [Choose CSet: 0.0 ms]
      [Ref Proc: 0.2 ms]
      [Ref Enq: 0.0 ms]
      [Redirty Cards: 0.3 ms]
      [Humongous Register: 0.1 ms]
      [Humongous Reclaim: 0.0 ms]
      [Free CSet: 0.1 ms]
   [Eden: 58.0M(172.0M)->0.0B(182.0M) Survivors: 26.0M->25.0M Heap: 997.2M(2048.0M)->999.7M(2048.0M)]
 [Times: user=0.58 sys=0.03, real=0.08 secs] 
2020-09-29T12:24:07.639+0200: 13.926: [GC concurrent-root-region-scan-start]
2020-09-29T12:24:07.653+0200: 13.940: [GC concurrent-root-region-scan-end, 0.0141839 secs]
2020-09-29T12:24:07.653+0200: 13.940: [GC concurrent-mark-start]
2020-09-29T12:24:07.657+0200: 13.944: [GC concurrent-mark-end, 0.0047459 secs]
2020-09-29T12:24:07.658+0200: 13.945: [GC remark 2020-09-29T12:24:07.658+0200: 13.945: [Finalize Marking, 0.0003092 secs] 2020-09-29T12:24:07.658+0200: 13.945: [GC ref-proc, 0.0005937 secs] 2020-09-29T12:24:07.659+0200: 13.946: [Unloading, 0.0007019 secs], 0.0021272 secs]
 [Times: user=0.00 sys=0.02, real=0.00 secs] 
2020-09-29T12:24:07.661+0200: 13.948: [GC cleanup 1025M->65M(2048M), 0.0016659 secs]
 [Times: user=0.00 sys=0.00, real=0.00 secs] 
2020-09-29T12:24:07.662+0200: 13.949: [GC concurrent-cleanup-start]
2020-09-29T12:24:07.664+0200: 13.951: [GC concurrent-cleanup-end, 0.0017623 secs]
2020-09-29T12:24:07.790+0200: 14.077: [GC pause (G1 Evacuation Pause) (young), 0.1608707 secs]
   [Parallel Time: 157.5 ms, GC Workers: 8]
      [GC Worker Start (ms): Min: 14076.9, Avg: 14077.0, Max: 14077.1, Diff: 0.2]
      [Ext Root Scanning (ms): Min: 0.0, Avg: 0.1, Max: 0.2, Diff: 0.2, Sum: 0.7]
      [Update RS (ms): Min: 18.1, Avg: 18.6, Max: 19.2, Diff: 1.1, Sum: 148.9]
         [Processed Buffers: Min: 12, Avg: 13.0, Max: 14, Diff: 2, Sum: 104]
      [Scan RS (ms): Min: 15.3, Avg: 16.0, Max: 16.3, Diff: 1.0, Sum: 127.9]
      [Code Root Scanning (ms): Min: 0.0, Avg: 0.0, Max: 0.0, Diff: 0.0, Sum: 0.0]
      [Object Copy (ms): Min: 121.0, Avg: 121.4, Max: 121.7, Diff: 0.6, Sum: 971.5]
      [Termination (ms): Min: 0.0, Avg: 0.1, Max: 0.2, Diff: 0.2, Sum: 1.1]
         [Termination Attempts: Min: 1, Avg: 620.4, Max: 801, Diff: 800, Sum: 4963]
      [GC Worker Other (ms): Min: 0.0, Avg: 0.5, Max: 0.6, Diff: 0.6, Sum: 3.6]
      [GC Worker Total (ms): Min: 156.3, Avg: 156.7, Max: 156.9, Diff: 0.6, Sum: 1253.8]
      [GC Worker End (ms): Min: 14233.3, Avg: 14233.7, Max: 14233.9, Diff: 0.6]
   [Code Root Fixup: 0.0 ms]
   [Code Root Purge: 0.0 ms]
   [Clear CT: 0.5 ms]
   [Other: 2.9 ms]
      [Choose CSet: 0.0 ms]
      [Ref Proc: 1.8 ms]
      [Ref Enq: 0.0 ms]
      [Redirty Cards: 0.6 ms]
      [Humongous Register: 0.0 ms]
      [Humongous Reclaim: 0.0 ms]
      [Free CSet: 0.2 ms]
   [Eden: 182.0M(182.0M)->0.0B(184.0M) Survivors: 25.0M->26.0M Heap: 252.5M(2048.0M)->228.5M(2048.0M)]
 [Times: user=1.14 sys=0.09, real=0.16 secs] 
2020-09-29T12:24:08.110+0200: 14.397: [GC pause (G1 Evacuation Pause) (young), 0.1805545 secs]
   [Parallel Time: 179.0 ms, GC Workers: 8]
      [GC Worker Start (ms): Min: 14396.8, Avg: 14397.0, Max: 14397.0, Diff: 0.2]
      [Ext Root Scanning (ms): Min: 0.0, Avg: 0.1, Max: 0.2, Diff: 0.2, Sum: 0.7]
      [Update RS (ms): Min: 20.0, Avg: 20.6, Max: 21.0, Diff: 1.0, Sum: 164.7]
         [Processed Buffers: Min: 13, Avg: 13.9, Max: 15, Diff: 2, Sum: 111]
      [Scan RS (ms): Min: 18.4, Avg: 18.8, Max: 19.5, Diff: 1.2, Sum: 150.6]
      [Code Root Scanning (ms): Min: 0.0, Avg: 0.0, Max: 0.0, Diff: 0.0, Sum: 0.0]
      [Object Copy (ms): Min: 138.6, Avg: 138.8, Max: 139.0, Diff: 0.4, Sum: 1110.6]
      [Termination (ms): Min: 0.0, Avg: 0.1, Max: 0.1, Diff: 0.1, Sum: 0.8]
         [Termination Attempts: Min: 1, Avg: 390.4, Max: 516, Diff: 515, Sum: 3123]
      [GC Worker Other (ms): Min: 0.0, Avg: 0.2, Max: 0.3, Diff: 0.2, Sum: 1.4]
      [GC Worker Total (ms): Min: 178.4, Avg: 178.6, Max: 178.8, Diff: 0.4, Sum: 1428.6]
      [GC Worker End (ms): Min: 14575.4, Avg: 14575.5, Max: 14575.6, Diff: 0.2]
   [Code Root Fixup: 0.0 ms]
   [Code Root Purge: 0.0 ms]
   [Clear CT: 0.4 ms]
   [Other: 1.1 ms]
      [Choose CSet: 0.0 ms]
      [Ref Proc: 0.3 ms]
      [Ref Enq: 0.0 ms]
      [Redirty Cards: 0.3 ms]
      [Humongous Register: 0.0 ms]
      [Humongous Reclaim: 0.0 ms]
      [Free CSet: 0.2 ms]
   [Eden: 184.0M(184.0M)->0.0B(179.0M) Survivors: 26.0M->27.0M Heap: 443.0M(2048.0M)->445.0M(2048.0M)]
 [Times: user=1.38 sys=0.06, real=0.18 secs] 
2020-09-29T12:24:08.446+0200: 14.733: [GC pause (G1 Evacuation Pause) (young), 0.1879444 secs]
   [Parallel Time: 186.6 ms, GC Workers: 8]
      [GC Worker Start (ms): Min: 14733.4, Avg: 14733.5, Max: 14733.6, Diff: 0.2]
      [Ext Root Scanning (ms): Min: 0.0, Avg: 0.1, Max: 0.2, Diff: 0.2, Sum: 0.8]
      [Update RS (ms): Min: 15.8, Avg: 16.3, Max: 17.1, Diff: 1.3, Sum: 130.2]
         [Processed Buffers: Min: 11, Avg: 11.9, Max: 14, Diff: 3, Sum: 95]
      [Scan RS (ms): Min: 20.1, Avg: 21.0, Max: 21.7, Diff: 1.6, Sum: 168.2]
      [Code Root Scanning (ms): Min: 0.0, Avg: 0.0, Max: 0.0, Diff: 0.0, Sum: 0.0]
      [Object Copy (ms): Min: 148.6, Avg: 148.8, Max: 148.9, Diff: 0.3, Sum: 1190.5]
      [Termination (ms): Min: 0.0, Avg: 0.0, Max: 0.0, Diff: 0.0, Sum: 0.1]
         [Termination Attempts: Min: 1, Avg: 51.0, Max: 70, Diff: 69, Sum: 408]
      [GC Worker Other (ms): Min: 0.0, Avg: 0.1, Max: 0.1, Diff: 0.1, Sum: 0.4]
      [GC Worker Total (ms): Min: 186.2, Avg: 186.3, Max: 186.4, Diff: 0.2, Sum: 1490.1]
      [GC Worker End (ms): Min: 14919.8, Avg: 14919.8, Max: 14919.8, Diff: 0.1]
   [Code Root Fixup: 0.0 ms]
   [Code Root Purge: 0.0 ms]
   [Clear CT: 0.3 ms]
   [Other: 1.1 ms]
      [Choose CSet: 0.0 ms]
      [Ref Proc: 0.2 ms]
      [Ref Enq: 0.0 ms]
      [Redirty Cards: 0.4 ms]
      [Humongous Register: 0.1 ms]
      [Humongous Reclaim: 0.0 ms]
      [Free CSet: 0.2 ms]
   [Eden: 179.0M(179.0M)->0.0B(171.0M) Survivors: 27.0M->26.0M Heap: 654.6M(2048.0M)->656.6M(2048.0M)]
 [Times: user=1.26 sys=0.13, real=0.19 secs] 
2020-09-29T12:24:08.772+0200: 15.059: [GC pause (G1 Evacuation Pause) (young), 0.1791443 secs]
   [Parallel Time: 174.5 ms, GC Workers: 8]
      [GC Worker Start (ms): Min: 15059.1, Avg: 15059.2, Max: 15059.3, Diff: 0.2]
      [Ext Root Scanning (ms): Min: 0.0, Avg: 0.1, Max: 0.2, Diff: 0.2, Sum: 0.7]
      [Update RS (ms): Min: 20.0, Avg: 20.4, Max: 21.2, Diff: 1.2, Sum: 163.2]
         [Processed Buffers: Min: 10, Avg: 13.8, Max: 17, Diff: 7, Sum: 110]
      [Scan RS (ms): Min: 18.2, Avg: 19.0, Max: 19.4, Diff: 1.2, Sum: 151.8]
      [Code Root Scanning (ms): Min: 0.0, Avg: 0.0, Max: 0.0, Diff: 0.0, Sum: 0.0]
      [Object Copy (ms): Min: 134.5, Avg: 134.5, Max: 134.6, Diff: 0.1, Sum: 1076.3]
      [Termination (ms): Min: 0.0, Avg: 0.0, Max: 0.0, Diff: 0.0, Sum: 0.2]
         [Termination Attempts: Min: 1, Avg: 120.6, Max: 151, Diff: 150, Sum: 965]
      [GC Worker Other (ms): Min: 0.0, Avg: 0.1, Max: 0.3, Diff: 0.2, Sum: 1.2]
      [GC Worker Total (ms): Min: 173.9, Avg: 174.2, Max: 174.4, Diff: 0.4, Sum: 1393.3]
      [GC Worker End (ms): Min: 15233.3, Avg: 15233.4, Max: 15233.5, Diff: 0.2]
   [Code Root Fixup: 0.0 ms]
   [Code Root Purge: 0.0 ms]
   [Clear CT: 0.5 ms]
   [Other: 4.1 ms]
      [Choose CSet: 0.0 ms]
      [Ref Proc: 0.3 ms]
      [Ref Enq: 0.0 ms]
      [Redirty Cards: 2.3 ms]
      [Humongous Register: 0.1 ms]
      [Humongous Reclaim: 0.0 ms]
      [Free CSet: 0.2 ms]
   [Eden: 171.0M(171.0M)->0.0B(171.0M) Survivors: 26.0M->25.0M Heap: 856.2M(2048.0M)->858.7M(2048.0M)]
 [Times: user=1.27 sys=0.06, real=0.18 secs] 
2020-09-29T12:24:09.101+0200: 15.388: [GC pause (G1 Evacuation Pause) (young), 0.1827439 secs]
   [Parallel Time: 181.5 ms, GC Workers: 8]
      [GC Worker Start (ms): Min: 15388.3, Avg: 15388.5, Max: 15388.6, Diff: 0.2]
      [Ext Root Scanning (ms): Min: 0.0, Avg: 0.1, Max: 0.2, Diff: 0.2, Sum: 0.8]
      [Update RS (ms): Min: 15.7, Avg: 16.2, Max: 16.9, Diff: 1.3, Sum: 129.2]
         [Processed Buffers: Min: 11, Avg: 12.0, Max: 14, Diff: 3, Sum: 96]
      [Scan RS (ms): Min: 18.5, Avg: 19.3, Max: 19.9, Diff: 1.3, Sum: 154.3]
      [Code Root Scanning (ms): Min: 0.0, Avg: 0.0, Max: 0.0, Diff: 0.0, Sum: 0.0]
      [Object Copy (ms): Min: 144.9, Avg: 145.2, Max: 145.5, Diff: 0.6, Sum: 1161.7]
      [Termination (ms): Min: 0.0, Avg: 0.4, Max: 0.5, Diff: 0.5, Sum: 3.3]
         [Termination Attempts: Min: 1, Avg: 1798.6, Max: 2149, Diff: 2148, Sum: 14389]
      [GC Worker Other (ms): Min: 0.0, Avg: 0.1, Max: 0.1, Diff: 0.1, Sum: 0.4]
      [GC Worker Total (ms): Min: 181.1, Avg: 181.2, Max: 181.4, Diff: 0.3, Sum: 1449.8]
      [GC Worker End (ms): Min: 15569.6, Avg: 15569.7, Max: 15569.7, Diff: 0.1]
   [Code Root Fixup: 0.0 ms]
   [Code Root Purge: 0.0 ms]
   [Clear CT: 0.3 ms]
   [Other: 1.0 ms]
      [Choose CSet: 0.0 ms]
      [Ref Proc: 0.3 ms]
      [Ref Enq: 0.0 ms]
      [Redirty Cards: 0.3 ms]
      [Humongous Register: 0.1 ms]
      [Humongous Reclaim: 0.0 ms]
      [Free CSet: 0.2 ms]
   [Eden: 171.0M(171.0M)->0.0B(167.0M) Survivors: 25.0M->25.0M Heap: 1058.3M(2048.0M)->1059.8M(2048.0M)]
 [Times: user=1.34 sys=0.02, real=0.18 secs] 
2020-09-29T12:24:09.290+0200: 15.577: [GC pause (G1 Humongous Allocation) (young) (initial-mark), 0.0636106 secs]
   [Parallel Time: 62.3 ms, GC Workers: 8]
      [GC Worker Start (ms): Min: 15577.4, Avg: 15577.5, Max: 15577.7, Diff: 0.2]
      [Ext Root Scanning (ms): Min: 0.0, Avg: 1.3, Max: 3.3, Diff: 3.3, Sum: 10.8]
      [Update RS (ms): Min: 35.0, Avg: 37.2, Max: 38.6, Diff: 3.7, Sum: 297.5]
         [Processed Buffers: Min: 25, Avg: 29.4, Max: 32, Diff: 7, Sum: 235]
      [Scan RS (ms): Min: 1.5, Avg: 1.9, Max: 2.4, Diff: 0.9, Sum: 15.5]
      [Code Root Scanning (ms): Min: 0.0, Avg: 0.0, Max: 0.0, Diff: 0.0, Sum: 0.0]
      [Object Copy (ms): Min: 21.4, Avg: 21.6, Max: 21.6, Diff: 0.2, Sum: 172.5]
      [Termination (ms): Min: 0.0, Avg: 0.0, Max: 0.1, Diff: 0.1, Sum: 0.3]
         [Termination Attempts: Min: 1, Avg: 165.3, Max: 203, Diff: 202, Sum: 1322]
      [GC Worker Other (ms): Min: 0.0, Avg: 0.0, Max: 0.1, Diff: 0.0, Sum: 0.2]
      [GC Worker Total (ms): Min: 62.0, Avg: 62.1, Max: 62.2, Diff: 0.2, Sum: 496.9]
      [GC Worker End (ms): Min: 15639.6, Avg: 15639.6, Max: 15639.6, Diff: 0.0]
   [Code Root Fixup: 0.0 ms]
   [Code Root Purge: 0.0 ms]
   [Clear CT: 0.2 ms]
   [Other: 1.1 ms]
      [Choose CSet: 0.0 ms]
      [Ref Proc: 0.3 ms]
      [Ref Enq: 0.0 ms]
      [Redirty Cards: 0.3 ms]
      [Humongous Register: 0.1 ms]
      [Humongous Reclaim: 0.0 ms]
      [Free CSet: 0.1 ms]
   [Eden: 6144.0K(167.0M)->0.0B(187.0M) Survivors: 25.0M->8192.0K Heap: 1065.8M(2048.0M)->1069.3M(2048.0M)]
 [Times: user=0.50 sys=0.00, real=0.06 secs] 
2020-09-29T12:24:09.354+0200: 15.641: [GC concurrent-root-region-scan-start]
2020-09-29T12:24:09.357+0200: 15.644: [GC concurrent-root-region-scan-end, 0.0028166 secs]
2020-09-29T12:24:09.357+0200: 15.644: [GC concurrent-mark-start]
2020-09-29T12:24:09.361+0200: 15.648: [GC concurrent-mark-end, 0.0039915 secs]
2020-09-29T12:24:09.361+0200: 15.648: [GC remark 2020-09-29T12:24:09.361+0200: 15.648: [Finalize Marking, 0.0002835 secs] 2020-09-29T12:24:09.361+0200: 15.648: [GC ref-proc, 0.0004267 secs] 2020-09-29T12:24:09.362+0200: 15.649: [Unloading, 0.0005501 secs], 0.0016716 secs]
 [Times: user=0.00 sys=0.00, real=0.00 secs] 
2020-09-29T12:24:09.363+0200: 15.650: [GC cleanup 1080M->33M(2048M), 0.0016770 secs]
 [Times: user=0.06 sys=0.02, real=0.00 secs] 
2020-09-29T12:24:09.365+0200: 15.652: [GC concurrent-cleanup-start]
2020-09-29T12:24:09.367+0200: 15.654: [GC concurrent-cleanup-end, 0.0021729 secs]
2020-09-29T12:24:09.511+0200: 15.798: [GC pause (G1 Evacuation Pause) (young), 0.1551066 secs]
   [Parallel Time: 153.8 ms, GC Workers: 8]
      [GC Worker Start (ms): Min: 15797.7, Avg: 15797.9, Max: 15797.9, Diff: 0.2]
      [Ext Root Scanning (ms): Min: 0.0, Avg: 0.1, Max: 0.2, Diff: 0.2, Sum: 0.7]
      [Update RS (ms): Min: 16.6, Avg: 17.0, Max: 18.0, Diff: 1.3, Sum: 135.8]
         [Processed Buffers: Min: 9, Avg: 12.0, Max: 15, Diff: 6, Sum: 96]
      [Scan RS (ms): Min: 17.1, Avg: 18.3, Max: 18.7, Diff: 1.7, Sum: 146.1]
      [Code Root Scanning (ms): Min: 0.0, Avg: 0.0, Max: 0.0, Diff: 0.0, Sum: 0.0]
      [Object Copy (ms): Min: 117.9, Avg: 118.1, Max: 118.3, Diff: 0.3, Sum: 944.6]
      [Termination (ms): Min: 0.0, Avg: 0.0, Max: 0.0, Diff: 0.0, Sum: 0.0]
         [Termination Attempts: Min: 1, Avg: 16.6, Max: 22, Diff: 21, Sum: 133]
      [GC Worker Other (ms): Min: 0.0, Avg: 0.0, Max: 0.1, Diff: 0.1, Sum: 0.3]
      [GC Worker Total (ms): Min: 153.4, Avg: 153.4, Max: 153.6, Diff: 0.2, Sum: 1227.6]
      [GC Worker End (ms): Min: 15951.3, Avg: 15951.3, Max: 15951.3, Diff: 0.1]
   [Code Root Fixup: 0.0 ms]
   [Code Root Purge: 0.0 ms]
   [Clear CT: 0.2 ms]
   [Other: 1.1 ms]
      [Choose CSet: 0.0 ms]
      [Ref Proc: 0.2 ms]
      [Ref Enq: 0.0 ms]
      [Redirty Cards: 0.3 ms]
      [Humongous Register: 0.1 ms]
      [Humongous Reclaim: 0.0 ms]
      [Free CSet: 0.2 ms]
   [Eden: 187.0M(187.0M)->0.0B(177.0M) Survivors: 8192.0K->25.0M Heap: 241.9M(2048.0M)->235.9M(2048.0M)]
 [Times: user=1.22 sys=0.02, real=0.15 secs] 
2020-09-29T12:24:09.810+0200: 16.097: [GC pause (G1 Evacuation Pause) (young), 0.1778248 secs]
   [Parallel Time: 174.7 ms, GC Workers: 8]
      [GC Worker Start (ms): Min: 16096.8, Avg: 16096.9, Max: 16097.0, Diff: 0.2]
      [Ext Root Scanning (ms): Min: 0.0, Avg: 0.1, Max: 0.2, Diff: 0.2, Sum: 0.8]
      [Update RS (ms): Min: 19.2, Avg: 19.6, Max: 20.2, Diff: 1.0, Sum: 156.5]
         [Processed Buffers: Min: 12, Avg: 13.8, Max: 17, Diff: 5, Sum: 110]
      [Scan RS (ms): Min: 18.2, Avg: 18.6, Max: 18.8, Diff: 0.6, Sum: 148.5]
      [Code Root Scanning (ms): Min: 0.0, Avg: 0.0, Max: 0.0, Diff: 0.0, Sum: 0.0]
      [Object Copy (ms): Min: 135.8, Avg: 136.1, Max: 136.3, Diff: 0.5, Sum: 1088.5]
      [Termination (ms): Min: 0.0, Avg: 0.0, Max: 0.0, Diff: 0.0, Sum: 0.2]
         [Termination Attempts: Min: 1, Avg: 126.0, Max: 164, Diff: 163, Sum: 1008]
      [GC Worker Other (ms): Min: 0.0, Avg: 0.0, Max: 0.1, Diff: 0.1, Sum: 0.4]
      [GC Worker Total (ms): Min: 174.2, Avg: 174.4, Max: 174.5, Diff: 0.3, Sum: 1394.9]
      [GC Worker End (ms): Min: 16271.3, Avg: 16271.3, Max: 16271.3, Diff: 0.1]
   [Code Root Fixup: 0.0 ms]
   [Code Root Purge: 0.0 ms]
   [Clear CT: 2.1 ms]
   [Other: 1.1 ms]
      [Choose CSet: 0.0 ms]
      [Ref Proc: 0.2 ms]
      [Ref Enq: 0.0 ms]
      [Redirty Cards: 0.4 ms]
      [Humongous Register: 0.0 ms]
      [Humongous Reclaim: 0.0 ms]
      [Free CSet: 0.2 ms]
   [Eden: 177.0M(177.0M)->0.0B(173.0M) Survivors: 25.0M->26.0M Heap: 441.5M(2048.0M)->443.0M(2048.0M)]
 [Times: user=1.30 sys=0.06, real=0.18 secs] 
2020-09-29T12:24:10.144+0200: 16.431: [GC pause (G1 Evacuation Pause) (young), 0.1789735 secs]
   [Parallel Time: 177.5 ms, GC Workers: 8]
      [GC Worker Start (ms): Min: 16431.5, Avg: 16431.7, Max: 16431.8, Diff: 0.2]
      [Ext Root Scanning (ms): Min: 0.0, Avg: 0.1, Max: 0.2, Diff: 0.2, Sum: 0.7]
      [Update RS (ms): Min: 19.9, Avg: 20.3, Max: 20.8, Diff: 0.9, Sum: 162.4]
         [Processed Buffers: Min: 13, Avg: 13.9, Max: 15, Diff: 2, Sum: 111]
      [Scan RS (ms): Min: 16.7, Avg: 17.4, Max: 17.8, Diff: 1.1, Sum: 138.9]
      [Code Root Scanning (ms): Min: 0.0, Avg: 0.0, Max: 0.0, Diff: 0.0, Sum: 0.0]
      [Object Copy (ms): Min: 138.7, Avg: 138.9, Max: 139.1, Diff: 0.4, Sum: 1111.4]
      [Termination (ms): Min: 0.0, Avg: 0.2, Max: 0.3, Diff: 0.3, Sum: 1.7]
         [Termination Attempts: Min: 1, Avg: 860.9, Max: 1031, Diff: 1030, Sum: 6887]
      [GC Worker Other (ms): Min: 0.0, Avg: 0.2, Max: 0.3, Diff: 0.3, Sum: 1.7]
      [GC Worker Total (ms): Min: 176.9, Avg: 177.1, Max: 177.3, Diff: 0.4, Sum: 1416.9]
      [GC Worker End (ms): Min: 16608.6, Avg: 16608.8, Max: 16608.9, Diff: 0.3]
   [Code Root Fixup: 0.0 ms]
   [Code Root Purge: 0.0 ms]
   [Clear CT: 0.2 ms]
   [Other: 1.2 ms]
      [Choose CSet: 0.0 ms]
      [Ref Proc: 0.3 ms]
      [Ref Enq: 0.0 ms]
      [Redirty Cards: 0.3 ms]
      [Humongous Register: 0.0 ms]
      [Humongous Reclaim: 0.0 ms]
      [Free CSet: 0.2 ms]
   [Eden: 173.0M(173.0M)->0.0B(172.0M) Survivors: 26.0M->25.0M Heap: 644.6M(2048.0M)->646.1M(2048.0M)]
 [Times: user=1.28 sys=0.06, real=0.18 secs] 
2020-09-29T12:24:10.474+0200: 16.761: [GC pause (G1 Evacuation Pause) (young), 0.1672786 secs]
   [Parallel Time: 165.8 ms, GC Workers: 8]
      [GC Worker Start (ms): Min: 16760.7, Avg: 16760.8, Max: 16760.9, Diff: 0.2]
      [Ext Root Scanning (ms): Min: 0.0, Avg: 0.1, Max: 0.2, Diff: 0.2, Sum: 0.7]
      [Update RS (ms): Min: 23.0, Avg: 23.8, Max: 24.4, Diff: 1.4, Sum: 190.1]
         [Processed Buffers: Min: 11, Avg: 15.0, Max: 17, Diff: 6, Sum: 120]
      [Scan RS (ms): Min: 15.5, Avg: 16.1, Max: 16.9, Diff: 1.4, Sum: 129.0]
      [Code Root Scanning (ms): Min: 0.0, Avg: 0.0, Max: 0.0, Diff: 0.0, Sum: 0.0]
      [Object Copy (ms): Min: 125.3, Avg: 125.6, Max: 125.6, Diff: 0.3, Sum: 1004.4]
      [Termination (ms): Min: 0.0, Avg: 0.0, Max: 0.0, Diff: 0.0, Sum: 0.1]
         [Termination Attempts: Min: 1, Avg: 65.4, Max: 84, Diff: 83, Sum: 523]
      [GC Worker Other (ms): Min: 0.0, Avg: 0.1, Max: 0.1, Diff: 0.1, Sum: 0.5]
      [GC Worker Total (ms): Min: 165.5, Avg: 165.6, Max: 165.8, Diff: 0.3, Sum: 1324.9]
      [GC Worker End (ms): Min: 16926.4, Avg: 16926.4, Max: 16926.5, Diff: 0.1]
   [Code Root Fixup: 0.0 ms]
   [Code Root Purge: 0.0 ms]
   [Clear CT: 0.3 ms]
   [Other: 1.2 ms]
      [Choose CSet: 0.0 ms]
      [Ref Proc: 0.3 ms]
      [Ref Enq: 0.0 ms]
      [Redirty Cards: 0.4 ms]
      [Humongous Register: 0.1 ms]
      [Humongous Reclaim: 0.0 ms]
      [Free CSet: 0.2 ms]
   [Eden: 172.0M(172.0M)->0.0B(176.0M) Survivors: 25.0M->25.0M Heap: 846.8M(2048.0M)->848.8M(2048.0M)]
 [Times: user=1.16 sys=0.09, real=0.17 secs] 
2020-09-29T12:24:10.796+0200: 17.083: [GC pause (G1 Evacuation Pause) (young), 0.1756021 secs]
   [Parallel Time: 173.5 ms, GC Workers: 8]
      [GC Worker Start (ms): Min: 17082.9, Avg: 17083.3, Max: 17085.2, Diff: 2.3]
      [Ext Root Scanning (ms): Min: 0.0, Avg: 0.1, Max: 0.2, Diff: 0.2, Sum: 0.7]
      [Update RS (ms): Min: 15.5, Avg: 17.4, Max: 17.8, Diff: 2.4, Sum: 138.9]
         [Processed Buffers: Min: 11, Avg: 13.0, Max: 15, Diff: 4, Sum: 104]
      [Scan RS (ms): Min: 19.6, Avg: 20.0, Max: 20.2, Diff: 0.6, Sum: 159.7]
      [Code Root Scanning (ms): Min: 0.0, Avg: 0.0, Max: 0.0, Diff: 0.0, Sum: 0.0]
      [Object Copy (ms): Min: 135.2, Avg: 135.4, Max: 135.6, Diff: 0.3, Sum: 1083.1]
      [Termination (ms): Min: 0.0, Avg: 0.1, Max: 0.1, Diff: 0.1, Sum: 0.5]
         [Termination Attempts: Min: 1, Avg: 286.8, Max: 354, Diff: 353, Sum: 2294]
      [GC Worker Other (ms): Min: 0.0, Avg: 0.1, Max: 0.1, Diff: 0.0, Sum: 0.5]
      [GC Worker Total (ms): Min: 171.1, Avg: 172.9, Max: 173.3, Diff: 2.3, Sum: 1383.5]
      [GC Worker End (ms): Min: 17256.2, Avg: 17256.2, Max: 17256.3, Diff: 0.0]
   [Code Root Fixup: 0.0 ms]
   [Code Root Purge: 0.0 ms]
   [Clear CT: 0.9 ms]
   [Other: 1.2 ms]
      [Choose CSet: 0.0 ms]
      [Ref Proc: 0.2 ms]
      [Ref Enq: 0.0 ms]
      [Redirty Cards: 0.4 ms]
      [Humongous Register: 0.1 ms]
      [Humongous Reclaim: 0.0 ms]
      [Free CSet: 0.2 ms]
   [Eden: 176.0M(176.0M)->0.0B(174.0M) Survivors: 25.0M->26.0M Heap: 1055.3M(2048.0M)->1057.3M(2048.0M)]
 [Times: user=1.22 sys=0.08, real=0.18 secs] 
2020-09-29T12:24:10.985+0200: 17.272: [GC pause (G1 Humongous Allocation) (young) (initial-mark), 0.0707343 secs]
   [Parallel Time: 69.1 ms, GC Workers: 8]
      [GC Worker Start (ms): Min: 17272.3, Avg: 17272.4, Max: 17272.5, Diff: 0.2]
      [Ext Root Scanning (ms): Min: 0.0, Avg: 0.5, Max: 1.9, Diff: 1.9, Sum: 3.8]
      [Update RS (ms): Min: 27.2, Avg: 28.4, Max: 28.9, Diff: 1.7, Sum: 227.3]
         [Processed Buffers: Min: 19, Avg: 22.1, Max: 23, Diff: 4, Sum: 177]
      [Scan RS (ms): Min: 2.3, Avg: 2.6, Max: 3.0, Diff: 0.7, Sum: 21.2]
      [Code Root Scanning (ms): Min: 0.0, Avg: 0.0, Max: 0.0, Diff: 0.0, Sum: 0.0]
      [Object Copy (ms): Min: 36.8, Avg: 36.9, Max: 37.1, Diff: 0.3, Sum: 295.2]
      [Termination (ms): Min: 0.0, Avg: 0.2, Max: 0.3, Diff: 0.3, Sum: 1.7]
         [Termination Attempts: Min: 1, Avg: 682.6, Max: 1093, Diff: 1092, Sum: 5461]
      [GC Worker Other (ms): Min: 0.0, Avg: 0.0, Max: 0.0, Diff: 0.0, Sum: 0.1]
      [GC Worker Total (ms): Min: 68.5, Avg: 68.7, Max: 68.7, Diff: 0.2, Sum: 549.3]
      [GC Worker End (ms): Min: 17341.0, Avg: 17341.1, Max: 17341.1, Diff: 0.0]
   [Code Root Fixup: 0.0 ms]
   [Code Root Purge: 0.0 ms]
   [Clear CT: 0.4 ms]
   [Other: 1.2 ms]
      [Choose CSet: 0.0 ms]
      [Ref Proc: 0.3 ms]
      [Ref Enq: 0.0 ms]
      [Redirty Cards: 0.5 ms]
      [Humongous Register: 0.0 ms]
      [Humongous Reclaim: 0.0 ms]
      [Free CSet: 0.1 ms]
   [Eden: 8192.0K(174.0M)->0.0B(160.0M) Survivors: 26.0M->10.0M Heap: 1065.3M(2048.0M)->1068.8M(2048.0M)]
 [Times: user=0.58 sys=0.00, real=0.07 secs] 
2020-09-29T12:24:11.056+0200: 17.343: [GC concurrent-root-region-scan-start]
2020-09-29T12:24:11.060+0200: 17.347: [GC concurrent-root-region-scan-end, 0.0039175 secs]
2020-09-29T12:24:11.060+0200: 17.347: [GC concurrent-mark-start]
2020-09-29T12:24:11.065+0200: 17.352: [GC concurrent-mark-end, 0.0049475 secs]
2020-09-29T12:24:11.066+0200: 17.353: [GC remark 2020-09-29T12:24:11.066+0200: 17.353: [Finalize Marking, 0.0002068 secs] 2020-09-29T12:24:11.066+0200: 17.353: [GC ref-proc, 0.0004158 secs] 2020-09-29T12:24:11.066+0200: 17.353: [Unloading, 0.0008157 secs], 0.0018522 secs]
 [Times: user=0.09 sys=0.00, real=0.00 secs] 
2020-09-29T12:24:11.068+0200: 17.355: [GC cleanup 1082M->37M(2048M), 0.0016622 secs]
 [Times: user=0.00 sys=0.00, real=0.00 secs] 
2020-09-29T12:24:11.070+0200: 17.357: [GC concurrent-cleanup-start]
2020-09-29T12:24:11.072+0200: 17.359: [GC concurrent-cleanup-end, 0.0023207 secs]
2020-09-29T12:24:11.189+0200: 17.476: [GC pause (G1 Evacuation Pause) (young), 0.1340595 secs]
   [Parallel Time: 132.5 ms, GC Workers: 8]
      [GC Worker Start (ms): Min: 17476.6, Avg: 17476.7, Max: 17476.8, Diff: 0.2]
      [Ext Root Scanning (ms): Min: 0.0, Avg: 0.1, Max: 0.2, Diff: 0.2, Sum: 0.8]
      [Update RS (ms): Min: 16.4, Avg: 16.9, Max: 17.7, Diff: 1.4, Sum: 135.0]
         [Processed Buffers: Min: 11, Avg: 11.5, Max: 12, Diff: 1, Sum: 92]
      [Scan RS (ms): Min: 12.5, Avg: 13.6, Max: 15.4, Diff: 2.9, Sum: 109.1]
      [Code Root Scanning (ms): Min: 0.0, Avg: 0.0, Max: 0.0, Diff: 0.0, Sum: 0.0]
      [Object Copy (ms): Min: 100.2, Avg: 101.5, Max: 101.9, Diff: 1.7, Sum: 812.2]
      [Termination (ms): Min: 0.0, Avg: 0.0, Max: 0.0, Diff: 0.0, Sum: 0.0]
         [Termination Attempts: Min: 1, Avg: 6.5, Max: 10, Diff: 9, Sum: 52]
      [GC Worker Other (ms): Min: 0.0, Avg: 0.0, Max: 0.1, Diff: 0.1, Sum: 0.4]
      [GC Worker Total (ms): Min: 132.1, Avg: 132.2, Max: 132.3, Diff: 0.2, Sum: 1057.6]
      [GC Worker End (ms): Min: 17608.8, Avg: 17608.9, Max: 17608.9, Diff: 0.1]
   [Code Root Fixup: 0.0 ms]
   [Code Root Purge: 0.0 ms]
   [Clear CT: 0.4 ms]
   [Other: 1.2 ms]
      [Choose CSet: 0.0 ms]
      [Ref Proc: 0.4 ms]
      [Ref Enq: 0.0 ms]
      [Redirty Cards: 0.3 ms]
      [Humongous Register: 0.0 ms]
      [Humongous Reclaim: 0.0 ms]
      [Free CSet: 0.1 ms]
   [Eden: 160.0M(160.0M)->0.0B(163.0M) Survivors: 10.0M->22.0M Heap: 211.2M(2048.0M)->203.7M(2048.0M)]
 [Times: user=1.06 sys=0.03, real=0.13 secs] 
2020-09-29T12:24:11.461+0200: 17.748: [GC pause (G1 Evacuation Pause) (young), 0.1619494 secs]
   [Parallel Time: 160.3 ms, GC Workers: 8]
      [GC Worker Start (ms): Min: 17747.7, Avg: 17747.9, Max: 17747.9, Diff: 0.2]
      [Ext Root Scanning (ms): Min: 0.0, Avg: 0.1, Max: 0.2, Diff: 0.2, Sum: 0.7]
      [Update RS (ms): Min: 16.3, Avg: 16.6, Max: 17.8, Diff: 1.5, Sum: 132.9]
         [Processed Buffers: Min: 10, Avg: 12.6, Max: 15, Diff: 5, Sum: 101]
      [Scan RS (ms): Min: 18.5, Avg: 19.6, Max: 20.1, Diff: 1.6, Sum: 157.1]
      [Code Root Scanning (ms): Min: 0.0, Avg: 0.0, Max: 0.0, Diff: 0.0, Sum: 0.0]
      [Object Copy (ms): Min: 123.3, Avg: 123.4, Max: 123.6, Diff: 0.3, Sum: 987.5]
      [Termination (ms): Min: 0.0, Avg: 0.2, Max: 0.2, Diff: 0.2, Sum: 1.3]
         [Termination Attempts: Min: 1, Avg: 659.0, Max: 890, Diff: 889, Sum: 5272]
      [GC Worker Other (ms): Min: 0.0, Avg: 0.1, Max: 0.1, Diff: 0.1, Sum: 0.7]
      [GC Worker Total (ms): Min: 159.9, Avg: 160.0, Max: 160.2, Diff: 0.3, Sum: 1280.2]
      [GC Worker End (ms): Min: 17907.8, Avg: 17907.9, Max: 17907.9, Diff: 0.1]
   [Code Root Fixup: 0.0 ms]
   [Code Root Purge: 0.0 ms]
   [Clear CT: 0.2 ms]
   [Other: 1.5 ms]
      [Choose CSet: 0.0 ms]
      [Ref Proc: 0.3 ms]
      [Ref Enq: 0.0 ms]
      [Redirty Cards: 0.4 ms]
      [Humongous Register: 0.1 ms]
      [Humongous Reclaim: 0.0 ms]
      [Free CSet: 0.3 ms]
   [Eden: 163.0M(163.0M)->0.0B(163.0M) Survivors: 22.0M->24.0M Heap: 395.3M(2048.0M)->397.3M(2048.0M)]
 [Times: user=1.22 sys=0.02, real=0.16 secs] 
2020-09-29T12:24:11.720+0200: 18.007: [GC pause (G1 Evacuation Pause) (young), 0.0988841 secs]
   [Parallel Time: 97.8 ms, GC Workers: 8]
      [GC Worker Start (ms): Min: 18007.2, Avg: 18007.3, Max: 18007.3, Diff: 0.2]
      [Ext Root Scanning (ms): Min: 0.0, Avg: 0.1, Max: 0.2, Diff: 0.2, Sum: 0.6]
      [Update RS (ms): Min: 11.4, Avg: 11.6, Max: 12.3, Diff: 0.9, Sum: 92.5]
         [Processed Buffers: Min: 12, Avg: 13.1, Max: 16, Diff: 4, Sum: 105]
      [Scan RS (ms): Min: 10.1, Avg: 10.8, Max: 11.1, Diff: 0.9, Sum: 86.2]
      [Code Root Scanning (ms): Min: 0.0, Avg: 0.0, Max: 0.0, Diff: 0.0, Sum: 0.0]
      [Object Copy (ms): Min: 75.0, Avg: 75.1, Max: 75.3, Diff: 0.4, Sum: 600.7]
      [Termination (ms): Min: 0.0, Avg: 0.0, Max: 0.0, Diff: 0.0, Sum: 0.2]
         [Termination Attempts: Min: 1, Avg: 125.4, Max: 167, Diff: 166, Sum: 1003]
      [GC Worker Other (ms): Min: 0.0, Avg: 0.0, Max: 0.1, Diff: 0.0, Sum: 0.2]
      [GC Worker Total (ms): Min: 97.5, Avg: 97.5, Max: 97.7, Diff: 0.2, Sum: 780.4]
      [GC Worker End (ms): Min: 18104.8, Avg: 18104.8, Max: 18104.8, Diff: 0.0]
   [Code Root Fixup: 0.0 ms]
   [Code Root Purge: 0.0 ms]
   [Clear CT: 0.2 ms]
   [Other: 0.8 ms]
      [Choose CSet: 0.0 ms]
      [Ref Proc: 0.2 ms]
      [Ref Enq: 0.0 ms]
      [Redirty Cards: 0.2 ms]
      [Humongous Register: 0.0 ms]
      [Humongous Reclaim: 0.0 ms]
      [Free CSet: 0.1 ms]
   [Eden: 163.0M(163.0M)->0.0B(188.0M) Survivors: 24.0M->24.0M Heap: 587.0M(2048.0M)->589.0M(2048.0M)]
 [Times: user=0.83 sys=0.05, real=0.10 secs] 
2020-09-29T12:24:11.924+0200: 18.211: [GC pause (G1 Evacuation Pause) (young), 0.1319570 secs]
   [Parallel Time: 129.7 ms, GC Workers: 8]
      [GC Worker Start (ms): Min: 18210.9, Avg: 18210.9, Max: 18211.0, Diff: 0.2]
      [Ext Root Scanning (ms): Min: 0.0, Avg: 0.1, Max: 0.2, Diff: 0.2, Sum: 0.5]
      [Update RS (ms): Min: 11.4, Avg: 11.8, Max: 12.2, Diff: 0.8, Sum: 94.5]
         [Processed Buffers: Min: 12, Avg: 13.0, Max: 14, Diff: 2, Sum: 104]
      [Scan RS (ms): Min: 13.4, Avg: 13.7, Max: 14.1, Diff: 0.7, Sum: 109.9]
      [Code Root Scanning (ms): Min: 0.0, Avg: 0.0, Max: 0.0, Diff: 0.0, Sum: 0.0]
      [Object Copy (ms): Min: 103.2, Avg: 103.4, Max: 103.6, Diff: 0.4, Sum: 827.4]
      [Termination (ms): Min: 0.0, Avg: 0.1, Max: 0.2, Diff: 0.2, Sum: 1.1]
         [Termination Attempts: Min: 1, Avg: 979.1, Max: 1269, Diff: 1268, Sum: 7833]
      [GC Worker Other (ms): Min: 0.0, Avg: 0.0, Max: 0.1, Diff: 0.0, Sum: 0.2]
      [GC Worker Total (ms): Min: 129.1, Avg: 129.2, Max: 129.3, Diff: 0.2, Sum: 1033.6]
      [GC Worker End (ms): Min: 18340.1, Avg: 18340.2, Max: 18340.2, Diff: 0.0]
   [Code Root Fixup: 0.0 ms]
   [Code Root Purge: 0.0 ms]
   [Clear CT: 0.5 ms]
   [Other: 1.7 ms]
      [Choose CSet: 0.0 ms]
      [Ref Proc: 1.1 ms]
      [Ref Enq: 0.0 ms]
      [Redirty Cards: 0.2 ms]
      [Humongous Register: 0.0 ms]
      [Humongous Reclaim: 0.0 ms]
      [Free CSet: 0.1 ms]
   [Eden: 188.0M(188.0M)->0.0B(202.0M) Survivors: 24.0M->27.0M Heap: 807.5M(2048.0M)->809.5M(2048.0M)]
 [Times: user=1.01 sys=0.06, real=0.13 secs] 
2020-09-29T12:24:12.162+0200: 18.449: [GC pause (G1 Evacuation Pause) (young), 0.1375772 secs]
   [Parallel Time: 136.7 ms, GC Workers: 8]
      [GC Worker Start (ms): Min: 18448.7, Avg: 18448.8, Max: 18448.9, Diff: 0.2]
      [Ext Root Scanning (ms): Min: 0.0, Avg: 0.1, Max: 0.2, Diff: 0.2, Sum: 0.5]
      [Update RS (ms): Min: 13.1, Avg: 13.3, Max: 13.6, Diff: 0.6, Sum: 106.4]
         [Processed Buffers: Min: 13, Avg: 15.1, Max: 18, Diff: 5, Sum: 121]
      [Scan RS (ms): Min: 13.0, Avg: 13.2, Max: 13.6, Diff: 0.6, Sum: 105.8]
      [Code Root Scanning (ms): Min: 0.0, Avg: 0.0, Max: 0.0, Diff: 0.0, Sum: 0.0]
      [Object Copy (ms): Min: 109.3, Avg: 109.5, Max: 110.0, Diff: 0.7, Sum: 875.7]
      [Termination (ms): Min: 0.0, Avg: 0.5, Max: 0.6, Diff: 0.6, Sum: 3.6]
         [Termination Attempts: Min: 1, Avg: 3007.1, Max: 4038, Diff: 4037, Sum: 24057]
      [GC Worker Other (ms): Min: 0.0, Avg: 0.0, Max: 0.1, Diff: 0.1, Sum: 0.3]
      [GC Worker Total (ms): Min: 136.4, Avg: 136.5, Max: 136.6, Diff: 0.2, Sum: 1092.4]
      [GC Worker End (ms): Min: 18585.4, Avg: 18585.4, Max: 18585.4, Diff: 0.1]
   [Code Root Fixup: 0.0 ms]
   [Code Root Purge: 0.0 ms]
   [Clear CT: 0.2 ms]
   [Other: 0.7 ms]
      [Choose CSet: 0.0 ms]
      [Ref Proc: 0.1 ms]
      [Ref Enq: 0.0 ms]
      [Redirty Cards: 0.2 ms]
      [Humongous Register: 0.0 ms]
      [Humongous Reclaim: 0.0 ms]
      [Free CSet: 0.2 ms]
   [Eden: 202.0M(202.0M)->0.0B(216.0M) Survivors: 27.0M->29.0M Heap: 1045.9M(2048.0M)->1048.4M(2048.0M)]
 [Times: user=0.91 sys=0.03, real=0.14 secs] 
2020-09-29T12:24:12.303+0200: 18.590: [GC pause (G1 Humongous Allocation) (young) (initial-mark), 0.0431516 secs]
   [Parallel Time: 42.3 ms, GC Workers: 8]
      [GC Worker Start (ms): Min: 18589.7, Avg: 18589.7, Max: 18589.8, Diff: 0.1]
      [Ext Root Scanning (ms): Min: 0.0, Avg: 0.1, Max: 0.2, Diff: 0.2, Sum: 1.0]
      [Update RS (ms): Min: 26.6, Avg: 26.9, Max: 27.2, Diff: 0.6, Sum: 215.1]
         [Processed Buffers: Min: 34, Avg: 34.9, Max: 36, Diff: 2, Sum: 279]
      [Scan RS (ms): Min: 0.7, Avg: 1.0, Max: 1.3, Diff: 0.6, Sum: 8.0]
      [Code Root Scanning (ms): Min: 0.0, Avg: 0.0, Max: 0.0, Diff: 0.0, Sum: 0.0]
      [Object Copy (ms): Min: 14.1, Avg: 14.2, Max: 14.2, Diff: 0.1, Sum: 113.3]
      [Termination (ms): Min: 0.0, Avg: 0.0, Max: 0.0, Diff: 0.0, Sum: 0.0]
         [Termination Attempts: Min: 1, Avg: 6.8, Max: 10, Diff: 9, Sum: 54]
      [GC Worker Other (ms): Min: 0.0, Avg: 0.0, Max: 0.0, Diff: 0.0, Sum: 0.1]
      [GC Worker Total (ms): Min: 42.1, Avg: 42.2, Max: 42.2, Diff: 0.1, Sum: 337.6]
      [GC Worker End (ms): Min: 18631.9, Avg: 18631.9, Max: 18631.9, Diff: 0.0]
   [Code Root Fixup: 0.0 ms]
   [Code Root Purge: 0.0 ms]
   [Clear CT: 0.1 ms]
   [Other: 0.7 ms]
      [Choose CSet: 0.0 ms]
      [Ref Proc: 0.2 ms]
      [Ref Enq: 0.0 ms]
      [Redirty Cards: 0.1 ms]
      [Humongous Register: 0.0 ms]
      [Humongous Reclaim: 0.0 ms]
      [Free CSet: 0.1 ms]
   [Eden: 6144.0K(216.0M)->0.0B(260.0M) Survivors: 29.0M->8192.0K Heap: 1053.9M(2048.0M)->1058.4M(2048.0M)]
 [Times: user=0.25 sys=0.00, real=0.04 secs] 
2020-09-29T12:24:12.346+0200: 18.633: [GC concurrent-root-region-scan-start]
2020-09-29T12:24:12.348+0200: 18.635: [GC concurrent-root-region-scan-end, 0.0018980 secs]
2020-09-29T12:24:12.348+0200: 18.635: [GC concurrent-mark-start]
2020-09-29T12:24:12.352+0200: 18.639: [GC concurrent-mark-end, 0.0038685 secs]
2020-09-29T12:24:12.352+0200: 18.639: [GC remark 2020-09-29T12:24:12.352+0200: 18.639: [Finalize Marking, 0.0002408 secs] 2020-09-29T12:24:12.352+0200: 18.639: [GC ref-proc, 0.0003763 secs] 2020-09-29T12:24:12.353+0200: 18.640: [Unloading, 0.0005539 secs], 0.0016914 secs]
 [Times: user=0.00 sys=0.00, real=0.00 secs] 
2020-09-29T12:24:12.354+0200: 18.641: [GC cleanup 1071M->35M(2048M), 0.0015398 secs]
 [Times: user=0.00 sys=0.00, real=0.00 secs] 
2020-09-29T12:24:12.356+0200: 18.643: [GC concurrent-cleanup-start]
2020-09-29T12:24:12.358+0200: 18.645: [GC concurrent-cleanup-end, 0.0021177 secs]
2020-09-29T12:24:12.504+0200: 18.791: [GC pause (G1 Evacuation Pause) (young), 0.1415300 secs]
   [Parallel Time: 140.3 ms, GC Workers: 8]
      [GC Worker Start (ms): Min: 18790.8, Avg: 18790.9, Max: 18791.0, Diff: 0.1]
      [Ext Root Scanning (ms): Min: 0.0, Avg: 0.1, Max: 0.1, Diff: 0.1, Sum: 0.5]
      [Update RS (ms): Min: 16.9, Avg: 17.1, Max: 17.4, Diff: 0.5, Sum: 136.6]
         [Processed Buffers: Min: 14, Avg: 16.3, Max: 20, Diff: 6, Sum: 130]
      [Scan RS (ms): Min: 17.9, Avg: 18.3, Max: 18.4, Diff: 0.5, Sum: 146.1]
      [Code Root Scanning (ms): Min: 0.0, Avg: 0.0, Max: 0.0, Diff: 0.0, Sum: 0.0]
      [Object Copy (ms): Min: 104.4, Avg: 104.6, Max: 104.6, Diff: 0.2, Sum: 836.6]
      [Termination (ms): Min: 0.0, Avg: 0.0, Max: 0.0, Diff: 0.0, Sum: 0.1]
         [Termination Attempts: Min: 1, Avg: 113.0, Max: 143, Diff: 142, Sum: 904]
      [GC Worker Other (ms): Min: 0.0, Avg: 0.1, Max: 0.2, Diff: 0.2, Sum: 0.7]
      [GC Worker Total (ms): Min: 140.0, Avg: 140.1, Max: 140.1, Diff: 0.1, Sum: 1120.6]
      [GC Worker End (ms): Min: 18930.9, Avg: 18931.0, Max: 18931.1, Diff: 0.2]
   [Code Root Fixup: 0.0 ms]
   [Code Root Purge: 0.0 ms]
   [Clear CT: 0.1 ms]
   [Other: 1.1 ms]
      [Choose CSet: 0.0 ms]
      [Ref Proc: 0.2 ms]
      [Ref Enq: 0.0 ms]
      [Redirty Cards: 0.2 ms]
      [Humongous Register: 0.0 ms]
      [Humongous Reclaim: 0.0 ms]
      [Free CSet: 0.3 ms]
   [Eden: 260.0M(260.0M)->0.0B(248.0M) Survivors: 8192.0K->34.0M Heap: 326.4M(2048.0M)->320.4M(2048.0M)]
 [Times: user=0.94 sys=0.11, real=0.14 secs] 
2020-09-29T12:24:12.787+0200: 19.074: [GC pause (G1 Evacuation Pause) (young), 0.1542799 secs]
   [Parallel Time: 152.5 ms, GC Workers: 8]
      [GC Worker Start (ms): Min: 19074.1, Avg: 19074.2, Max: 19074.3, Diff: 0.2]
      [Ext Root Scanning (ms): Min: 0.0, Avg: 0.1, Max: 0.2, Diff: 0.2, Sum: 0.6]
      [Update RS (ms): Min: 16.9, Avg: 17.1, Max: 17.6, Diff: 0.7, Sum: 136.9]
         [Processed Buffers: Min: 16, Avg: 17.3, Max: 19, Diff: 3, Sum: 138]
      [Scan RS (ms): Min: 19.4, Avg: 19.8, Max: 20.1, Diff: 0.7, Sum: 158.3]
      [Code Root Scanning (ms): Min: 0.0, Avg: 0.0, Max: 0.0, Diff: 0.0, Sum: 0.0]
      [Object Copy (ms): Min: 115.1, Avg: 115.2, Max: 115.3, Diff: 0.2, Sum: 921.4]
      [Termination (ms): Min: 0.0, Avg: 0.1, Max: 0.1, Diff: 0.1, Sum: 0.4]
         [Termination Attempts: Min: 1, Avg: 10.1, Max: 17, Diff: 16, Sum: 81]
      [GC Worker Other (ms): Min: 0.0, Avg: 0.0, Max: 0.2, Diff: 0.2, Sum: 0.2]
      [GC Worker Total (ms): Min: 152.1, Avg: 152.2, Max: 152.4, Diff: 0.3, Sum: 1217.8]
      [GC Worker End (ms): Min: 19226.4, Avg: 19226.4, Max: 19226.6, Diff: 0.2]
   [Code Root Fixup: 0.0 ms]
   [Code Root Purge: 0.0 ms]
   [Clear CT: 0.2 ms]
   [Other: 1.6 ms]
      [Choose CSet: 0.0 ms]
      [Ref Proc: 0.9 ms]
      [Ref Enq: 0.0 ms]
      [Redirty Cards: 0.3 ms]
      [Humongous Register: 0.0 ms]
      [Humongous Reclaim: 0.0 ms]
      [Free CSet: 0.1 ms]
   [Eden: 248.0M(248.0M)->0.0B(252.0M) Survivors: 34.0M->36.0M Heap: 610.3M(2048.0M)->612.8M(2048.0M)]
 [Times: user=1.08 sys=0.03, real=0.15 secs] 
2020-09-29T12:24:13.077+0200: 19.365: [GC pause (G1 Evacuation Pause) (young), 0.1631669 secs]
   [Parallel Time: 162.3 ms, GC Workers: 8]
      [GC Worker Start (ms): Min: 19364.6, Avg: 19364.7, Max: 19364.8, Diff: 0.2]
      [Ext Root Scanning (ms): Min: 0.0, Avg: 0.1, Max: 0.1, Diff: 0.1, Sum: 0.5]
      [Update RS (ms): Min: 16.9, Avg: 17.1, Max: 17.3, Diff: 0.4, Sum: 136.7]
         [Processed Buffers: Min: 16, Avg: 18.0, Max: 20, Diff: 4, Sum: 144]
      [Scan RS (ms): Min: 18.8, Avg: 19.2, Max: 19.4, Diff: 0.7, Sum: 153.7]
      [Code Root Scanning (ms): Min: 0.0, Avg: 0.0, Max: 0.0, Diff: 0.0, Sum: 0.0]
      [Object Copy (ms): Min: 125.5, Avg: 125.7, Max: 125.9, Diff: 0.3, Sum: 1005.2]
      [Termination (ms): Min: 0.0, Avg: 0.0, Max: 0.0, Diff: 0.0, Sum: 0.1]
         [Termination Attempts: Min: 1, Avg: 128.6, Max: 169, Diff: 168, Sum: 1029]
      [GC Worker Other (ms): Min: 0.0, Avg: 0.1, Max: 0.1, Diff: 0.1, Sum: 0.5]
      [GC Worker Total (ms): Min: 162.0, Avg: 162.1, Max: 162.2, Diff: 0.2, Sum: 1296.7]
      [GC Worker End (ms): Min: 19526.7, Avg: 19526.8, Max: 19526.8, Diff: 0.1]
   [Code Root Fixup: 0.0 ms]
   [Code Root Purge: 0.0 ms]
   [Clear CT: 0.2 ms]
   [Other: 0.7 ms]
      [Choose CSet: 0.0 ms]
      [Ref Proc: 0.2 ms]
      [Ref Enq: 0.0 ms]
      [Redirty Cards: 0.2 ms]
      [Humongous Register: 0.0 ms]
      [Humongous Reclaim: 0.0 ms]
      [Free CSet: 0.1 ms]
   [Eden: 252.0M(252.0M)->0.0B(257.0M) Survivors: 36.0M->36.0M Heap: 906.8M(2048.0M)->908.3M(2048.0M)]
 [Times: user=1.25 sys=0.08, real=0.16 secs] 
2020-09-29T12:24:13.372+0200: 19.658: [GC pause (G1 Humongous Allocation) (young) (initial-mark), 0.1842542 secs]
   [Parallel Time: 183.1 ms, GC Workers: 8]
      [GC Worker Start (ms): Min: 19658.7, Avg: 19658.7, Max: 19658.8, Diff: 0.1]
      [Ext Root Scanning (ms): Min: 0.0, Avg: 0.1, Max: 0.2, Diff: 0.1, Sum: 0.7]
      [Update RS (ms): Min: 20.2, Avg: 20.7, Max: 21.2, Diff: 1.0, Sum: 165.6]
         [Processed Buffers: Min: 19, Avg: 19.9, Max: 21, Diff: 2, Sum: 159]
      [Scan RS (ms): Min: 17.7, Avg: 20.0, Max: 33.3, Diff: 15.6, Sum: 160.1]
      [Code Root Scanning (ms): Min: 0.0, Avg: 0.0, Max: 0.0, Diff: 0.0, Sum: 0.0]
      [Object Copy (ms): Min: 129.1, Avg: 141.9, Max: 143.9, Diff: 14.8, Sum: 1135.2]
      [Termination (ms): Min: 0.0, Avg: 0.2, Max: 0.3, Diff: 0.3, Sum: 1.4]
         [Termination Attempts: Min: 1, Avg: 1136.6, Max: 1449, Diff: 1448, Sum: 9093]
      [GC Worker Other (ms): Min: 0.0, Avg: 0.1, Max: 0.1, Diff: 0.1, Sum: 0.5]
      [GC Worker Total (ms): Min: 182.9, Avg: 182.9, Max: 183.0, Diff: 0.1, Sum: 1463.4]
      [GC Worker End (ms): Min: 19841.6, Avg: 19841.7, Max: 19841.7, Diff: 0.1]
   [Code Root Fixup: 0.0 ms]
   [Code Root Purge: 0.0 ms]
   [Clear CT: 0.2 ms]
   [Other: 1.0 ms]
      [Choose CSet: 0.0 ms]
      [Ref Proc: 0.1 ms]
      [Ref Enq: 0.0 ms]
      [Redirty Cards: 0.2 ms]
      [Humongous Register: 0.0 ms]
      [Humongous Reclaim: 0.0 ms]
      [Free CSet: 0.3 ms]
   [Eden: 248.0M(257.0M)->0.0B(245.0M) Survivors: 36.0M->37.0M Heap: 1195.8M(2048.0M)->1197.8M(2048.0M)]
 [Times: user=1.30 sys=0.17, real=0.18 secs] 
2020-09-29T12:24:13.556+0200: 19.843: [GC concurrent-root-region-scan-start]
2020-09-29T12:24:13.571+0200: 19.857: [GC concurrent-root-region-scan-end, 0.0143930 secs]
2020-09-29T12:24:13.571+0200: 19.857: [GC concurrent-mark-start]
2020-09-29T12:24:13.576+0200: 19.862: [GC concurrent-mark-end, 0.0040979 secs]
2020-09-29T12:24:13.576+0200: 19.863: [GC remark 2020-09-29T12:24:13.576+0200: 19.863: [Finalize Marking, 0.0002595 secs] 2020-09-29T12:24:13.576+0200: 19.863: [GC ref-proc, 0.0003904 secs] 2020-09-29T12:24:13.577+0200: 19.863: [Unloading, 0.0005041 secs], 0.0015813 secs]
 [Times: user=0.00 sys=0.00, real=0.00 secs] 
2020-09-29T12:24:13.578+0200: 19.865: [GC cleanup 1207M->61M(2048M), 0.0013747 secs]
 [Times: user=0.00 sys=0.00, real=0.00 secs] 
2020-09-29T12:24:13.580+0200: 19.866: [GC concurrent-cleanup-start]
2020-09-29T12:24:13.581+0200: 19.868: [GC concurrent-cleanup-end, 0.0015800 secs]
2020-09-29T12:24:13.705+0200: 19.991: [GC pause (G1 Evacuation Pause) (young), 0.1396976 secs]
   [Parallel Time: 138.4 ms, GC Workers: 8]
      [GC Worker Start (ms): Min: 19991.5, Avg: 19991.6, Max: 19991.7, Diff: 0.2]
      [Ext Root Scanning (ms): Min: 0.0, Avg: 0.1, Max: 0.2, Diff: 0.2, Sum: 0.4]
      [Update RS (ms): Min: 24.7, Avg: 24.9, Max: 25.3, Diff: 0.6, Sum: 198.8]
         [Processed Buffers: Min: 22, Avg: 23.6, Max: 26, Diff: 4, Sum: 189]
      [Scan RS (ms): Min: 11.3, Avg: 11.7, Max: 11.9, Diff: 0.6, Sum: 93.7]
      [Code Root Scanning (ms): Min: 0.0, Avg: 0.0, Max: 0.0, Diff: 0.0, Sum: 0.0]
      [Object Copy (ms): Min: 101.3, Avg: 101.4, Max: 101.5, Diff: 0.3, Sum: 811.3]
      [Termination (ms): Min: 0.0, Avg: 0.1, Max: 0.2, Diff: 0.2, Sum: 0.7]
         [Termination Attempts: Min: 1, Avg: 641.1, Max: 987, Diff: 986, Sum: 5129]
      [GC Worker Other (ms): Min: 0.0, Avg: 0.1, Max: 0.1, Diff: 0.0, Sum: 0.5]
      [GC Worker Total (ms): Min: 138.1, Avg: 138.2, Max: 138.3, Diff: 0.2, Sum: 1105.5]
      [GC Worker End (ms): Min: 20129.8, Avg: 20129.8, Max: 20129.8, Diff: 0.0]
   [Code Root Fixup: 0.0 ms]
   [Code Root Purge: 0.0 ms]
   [Clear CT: 0.4 ms]
   [Other: 0.9 ms]
      [Choose CSet: 0.0 ms]
      [Ref Proc: 0.1 ms]
      [Ref Enq: 0.0 ms]
      [Redirty Cards: 0.3 ms]
      [Humongous Register: 0.0 ms]
      [Humongous Reclaim: 0.0 ms]
      [Free CSet: 0.2 ms]
   [Eden: 245.0M(245.0M)->0.0B(267.0M) Survivors: 37.0M->36.0M Heap: 339.0M(2048.0M)->304.5M(2048.0M)]
 [Times: user=1.09 sys=0.03, real=0.14 secs] 
2020-09-29T12:24:13.994+0200: 20.281: [GC pause (G1 Evacuation Pause) (young), 0.1682169 secs]
   [Parallel Time: 167.3 ms, GC Workers: 8]
      [GC Worker Start (ms): Min: 20281.0, Avg: 20281.1, Max: 20281.2, Diff: 0.2]
      [Ext Root Scanning (ms): Min: 0.0, Avg: 0.1, Max: 0.2, Diff: 0.2, Sum: 0.5]
      [Update RS (ms): Min: 20.1, Avg: 20.3, Max: 20.6, Diff: 0.5, Sum: 162.7]
         [Processed Buffers: Min: 19, Avg: 20.1, Max: 24, Diff: 5, Sum: 161]
      [Scan RS (ms): Min: 18.7, Avg: 19.0, Max: 19.2, Diff: 0.6, Sum: 151.9]
      [Code Root Scanning (ms): Min: 0.0, Avg: 0.0, Max: 0.0, Diff: 0.0, Sum: 0.0]
      [Object Copy (ms): Min: 127.5, Avg: 127.6, Max: 127.7, Diff: 0.2, Sum: 1020.9]
      [Termination (ms): Min: 0.0, Avg: 0.1, Max: 0.1, Diff: 0.1, Sum: 0.7]
         [Termination Attempts: Min: 1, Avg: 566.4, Max: 782, Diff: 781, Sum: 4531]
      [GC Worker Other (ms): Min: 0.0, Avg: 0.0, Max: 0.1, Diff: 0.1, Sum: 0.3]
      [GC Worker Total (ms): Min: 167.1, Avg: 167.1, Max: 167.2, Diff: 0.2, Sum: 1337.1]
      [GC Worker End (ms): Min: 20448.2, Avg: 20448.3, Max: 20448.3, Diff: 0.0]
   [Code Root Fixup: 0.0 ms]
   [Code Root Purge: 0.0 ms]
   [Clear CT: 0.2 ms]
   [Other: 0.7 ms]
      [Choose CSet: 0.0 ms]
      [Ref Proc: 0.1 ms]
      [Ref Enq: 0.0 ms]
      [Redirty Cards: 0.2 ms]
      [Humongous Register: 0.0 ms]
      [Humongous Reclaim: 0.0 ms]
      [Free CSet: 0.1 ms]
   [Eden: 267.0M(267.0M)->0.0B(269.0M) Survivors: 36.0M->38.0M Heap: 615.3M(2048.0M)->617.8M(2048.0M)]
 [Times: user=1.30 sys=0.05, real=0.17 secs] 
2020-09-29T12:24:14.309+0200: 20.595: [GC pause (G1 Evacuation Pause) (young), 0.1549250 secs]
   [Parallel Time: 153.7 ms, GC Workers: 8]
      [GC Worker Start (ms): Min: 20595.4, Avg: 20595.5, Max: 20595.5, Diff: 0.2]
      [Ext Root Scanning (ms): Min: 0.0, Avg: 0.1, Max: 0.2, Diff: 0.2, Sum: 0.5]
      [Update RS (ms): Min: 13.3, Avg: 13.4, Max: 13.7, Diff: 0.4, Sum: 107.3]
         [Processed Buffers: Min: 14, Avg: 15.9, Max: 18, Diff: 4, Sum: 127]
      [Scan RS (ms): Min: 21.0, Avg: 21.3, Max: 21.4, Diff: 0.5, Sum: 170.4]
      [Code Root Scanning (ms): Min: 0.0, Avg: 0.0, Max: 0.0, Diff: 0.0, Sum: 0.0]
      [Object Copy (ms): Min: 118.6, Avg: 118.6, Max: 118.6, Diff: 0.1, Sum: 948.8]
      [Termination (ms): Min: 0.0, Avg: 0.0, Max: 0.1, Diff: 0.1, Sum: 0.3]
         [Termination Attempts: Min: 1, Avg: 255.0, Max: 398, Diff: 397, Sum: 2040]
      [GC Worker Other (ms): Min: 0.0, Avg: 0.0, Max: 0.1, Diff: 0.1, Sum: 0.3]
      [GC Worker Total (ms): Min: 153.4, Avg: 153.5, Max: 153.6, Diff: 0.2, Sum: 1227.6]
      [GC Worker End (ms): Min: 20748.9, Avg: 20748.9, Max: 20749.0, Diff: 0.1]
   [Code Root Fixup: 0.0 ms]
   [Code Root Purge: 0.0 ms]
   [Clear CT: 0.2 ms]
   [Other: 1.0 ms]
      [Choose CSet: 0.0 ms]
      [Ref Proc: 0.2 ms]
      [Ref Enq: 0.0 ms]
      [Redirty Cards: 0.3 ms]
      [Humongous Register: 0.0 ms]
      [Humongous Reclaim: 0.0 ms]
      [Free CSet: 0.3 ms]
   [Eden: 269.0M(269.0M)->0.0B(279.0M) Survivors: 38.0M->39.0M Heap: 932.6M(2048.0M)->934.6M(2048.0M)]
 [Times: user=1.19 sys=0.05, real=0.15 secs] 
2020-09-29T12:24:14.542+0200: 20.829: [GC pause (G1 Humongous Allocation) (young) (initial-mark), 0.1038729 secs]
   [Parallel Time: 102.9 ms, GC Workers: 8]
      [GC Worker Start (ms): Min: 20828.7, Avg: 20828.8, Max: 20828.9, Diff: 0.1]
      [Ext Root Scanning (ms): Min: 0.0, Avg: 0.1, Max: 0.2, Diff: 0.1, Sum: 0.7]
      [Update RS (ms): Min: 16.2, Avg: 16.6, Max: 17.1, Diff: 0.8, Sum: 133.0]
         [Processed Buffers: Min: 16, Avg: 16.5, Max: 17, Diff: 1, Sum: 132]
      [Scan RS (ms): Min: 4.8, Avg: 6.6, Max: 15.9, Diff: 11.0, Sum: 52.6]
      [Code Root Scanning (ms): Min: 0.0, Avg: 0.0, Max: 0.0, Diff: 0.0, Sum: 0.0]
      [Object Copy (ms): Min: 69.8, Avg: 79.0, Max: 80.6, Diff: 10.8, Sum: 632.1]
      [Termination (ms): Min: 0.0, Avg: 0.4, Max: 0.5, Diff: 0.5, Sum: 3.1]
         [Termination Attempts: Min: 1, Avg: 2625.6, Max: 3250, Diff: 3249, Sum: 21005]
      [GC Worker Other (ms): Min: 0.0, Avg: 0.0, Max: 0.0, Diff: 0.0, Sum: 0.2]
      [GC Worker Total (ms): Min: 102.6, Avg: 102.7, Max: 102.8, Diff: 0.1, Sum: 821.6]
      [GC Worker End (ms): Min: 20931.5, Avg: 20931.5, Max: 20931.5, Diff: 0.0]
   [Code Root Fixup: 0.0 ms]
   [Code Root Purge: 0.0 ms]
   [Clear CT: 0.2 ms]
   [Other: 0.8 ms]
      [Choose CSet: 0.0 ms]
      [Ref Proc: 0.1 ms]
      [Ref Enq: 0.0 ms]
      [Redirty Cards: 0.2 ms]
      [Humongous Register: 0.0 ms]
      [Humongous Reclaim: 0.0 ms]
      [Free CSet: 0.2 ms]
   [Eden: 112.0M(279.0M)->0.0B(263.0M) Survivors: 39.0M->40.0M Heap: 1063.8M(2048.0M)->1065.8M(2048.0M)]
 [Times: user=0.80 sys=0.02, real=0.10 secs] 
2020-09-29T12:24:14.646+0200: 20.933: [GC concurrent-root-region-scan-start]
2020-09-29T12:24:14.660+0200: 20.946: [GC concurrent-root-region-scan-end, 0.0136977 secs]
2020-09-29T12:24:14.660+0200: 20.946: [GC concurrent-mark-start]
2020-09-29T12:24:14.663+0200: 20.949: [GC concurrent-mark-end, 0.0030200 secs]
2020-09-29T12:24:14.663+0200: 20.950: [GC remark 2020-09-29T12:24:14.663+0200: 20.950: [Finalize Marking, 0.0001300 secs] 2020-09-29T12:24:14.663+0200: 20.950: [GC ref-proc, 0.0002722 secs] 2020-09-29T12:24:14.663+0200: 20.950: [Unloading, 0.0004413 secs], 0.0011276 secs]
 [Times: user=0.00 sys=0.00, real=0.00 secs] 
2020-09-29T12:24:14.664+0200: 20.951: [GC cleanup 1096M->85M(2048M), 0.0010607 secs]
 [Times: user=0.00 sys=0.00, real=0.00 secs] 
2020-09-29T12:24:14.666+0200: 20.952: [GC concurrent-cleanup-start]
2020-09-29T12:24:14.667+0200: 20.953: [GC concurrent-cleanup-end, 0.0011681 secs]
2020-09-29T12:24:14.795+0200: 21.082: [GC pause (G1 Evacuation Pause) (young), 0.1422265 secs]
   [Parallel Time: 141.3 ms, GC Workers: 8]
      [GC Worker Start (ms): Min: 21081.7, Avg: 21081.8, Max: 21081.9, Diff: 0.2]
      [Ext Root Scanning (ms): Min: 0.0, Avg: 0.1, Max: 0.1, Diff: 0.1, Sum: 0.6]
      [Update RS (ms): Min: 18.3, Avg: 18.8, Max: 19.1, Diff: 0.8, Sum: 150.2]
         [Processed Buffers: Min: 17, Avg: 18.5, Max: 20, Diff: 3, Sum: 148]
      [Scan RS (ms): Min: 15.4, Avg: 15.8, Max: 16.3, Diff: 1.0, Sum: 126.2]
      [Code Root Scanning (ms): Min: 0.0, Avg: 0.0, Max: 0.0, Diff: 0.0, Sum: 0.0]
      [Object Copy (ms): Min: 105.9, Avg: 106.0, Max: 106.1, Diff: 0.2, Sum: 848.2]
      [Termination (ms): Min: 0.0, Avg: 0.0, Max: 0.0, Diff: 0.0, Sum: 0.1]
         [Termination Attempts: Min: 1, Avg: 76.8, Max: 116, Diff: 115, Sum: 614]
      [GC Worker Other (ms): Min: 0.0, Avg: 0.3, Max: 0.4, Diff: 0.4, Sum: 2.0]
      [GC Worker Total (ms): Min: 140.7, Avg: 140.9, Max: 141.1, Diff: 0.4, Sum: 1127.4]
      [GC Worker End (ms): Min: 21222.5, Avg: 21222.7, Max: 21222.9, Diff: 0.4]
   [Code Root Fixup: 0.0 ms]
   [Code Root Purge: 0.0 ms]
   [Clear CT: 0.2 ms]
   [Other: 0.8 ms]
      [Choose CSet: 0.0 ms]
      [Ref Proc: 0.2 ms]
      [Ref Enq: 0.0 ms]
      [Redirty Cards: 0.2 ms]
      [Humongous Register: 0.0 ms]
      [Humongous Reclaim: 0.0 ms]
      [Free CSet: 0.2 ms]
   [Eden: 263.0M(263.0M)->0.0B(282.0M) Survivors: 40.0M->38.0M Heap: 361.9M(2048.0M)->323.4M(2048.0M)]
 [Times: user=1.11 sys=0.02, real=0.14 secs] 
2020-09-29T12:24:15.089+0200: 21.375: [GC pause (G1 Evacuation Pause) (young), 0.1763955 secs]
   [Parallel Time: 175.5 ms, GC Workers: 8]
      [GC Worker Start (ms): Min: 21375.5, Avg: 21375.6, Max: 21375.7, Diff: 0.2]
      [Ext Root Scanning (ms): Min: 0.0, Avg: 0.1, Max: 0.1, Diff: 0.1, Sum: 0.5]
      [Update RS (ms): Min: 17.2, Avg: 17.5, Max: 18.1, Diff: 0.9, Sum: 140.4]
         [Processed Buffers: Min: 18, Avg: 18.9, Max: 20, Diff: 2, Sum: 151]
      [Scan RS (ms): Min: 18.8, Avg: 19.5, Max: 19.9, Diff: 1.1, Sum: 155.7]
      [Code Root Scanning (ms): Min: 0.0, Avg: 0.0, Max: 0.0, Diff: 0.0, Sum: 0.0]
      [Object Copy (ms): Min: 137.8, Avg: 138.0, Max: 138.2, Diff: 0.4, Sum: 1103.8]
      [Termination (ms): Min: 0.0, Avg: 0.2, Max: 0.2, Diff: 0.2, Sum: 1.4]
         [Termination Attempts: Min: 1, Avg: 1186.9, Max: 1585, Diff: 1584, Sum: 9495]
      [GC Worker Other (ms): Min: 0.1, Avg: 0.1, Max: 0.1, Diff: 0.0, Sum: 0.6]
      [GC Worker Total (ms): Min: 175.2, Avg: 175.3, Max: 175.4, Diff: 0.2, Sum: 1402.3]
      [GC Worker End (ms): Min: 21550.9, Avg: 21550.9, Max: 21550.9, Diff: 0.0]
   [Code Root Fixup: 0.0 ms]
   [Code Root Purge: 0.0 ms]
   [Clear CT: 0.2 ms]
   [Other: 0.8 ms]
      [Choose CSet: 0.0 ms]
      [Ref Proc: 0.2 ms]
      [Ref Enq: 0.0 ms]
      [Redirty Cards: 0.2 ms]
      [Humongous Register: 0.0 ms]
      [Humongous Reclaim: 0.0 ms]
      [Free CSet: 0.2 ms]
   [Eden: 282.0M(282.0M)->0.0B(276.0M) Survivors: 38.0M->40.0M Heap: 653.1M(2048.0M)->655.1M(2048.0M)]
 [Times: user=1.20 sys=0.06, real=0.18 secs] 
2020-09-29T12:24:15.427+0200: 21.714: [GC pause (G1 Evacuation Pause) (young), 0.1971967 secs]
   [Parallel Time: 196.1 ms, GC Workers: 8]
      [GC Worker Start (ms): Min: 21713.7, Avg: 21713.8, Max: 21713.9, Diff: 0.2]
      [Ext Root Scanning (ms): Min: 0.0, Avg: 0.1, Max: 0.2, Diff: 0.2, Sum: 0.5]
      [Update RS (ms): Min: 22.9, Avg: 23.2, Max: 23.8, Diff: 0.9, Sum: 185.8]
         [Processed Buffers: Min: 19, Avg: 21.0, Max: 23, Diff: 4, Sum: 168]
      [Scan RS (ms): Min: 20.9, Avg: 21.5, Max: 21.8, Diff: 0.9, Sum: 171.8]
      [Code Root Scanning (ms): Min: 0.0, Avg: 0.0, Max: 0.0, Diff: 0.0, Sum: 0.0]
      [Object Copy (ms): Min: 145.7, Avg: 150.1, Max: 150.9, Diff: 5.2, Sum: 1201.2]
      [Termination (ms): Min: 0.0, Avg: 0.9, Max: 5.4, Diff: 5.4, Sum: 7.2]
         [Termination Attempts: Min: 1, Avg: 795.5, Max: 1188, Diff: 1187, Sum: 6364]
      [GC Worker Other (ms): Min: 0.0, Avg: 0.0, Max: 0.1, Diff: 0.1, Sum: 0.3]
      [GC Worker Total (ms): Min: 195.8, Avg: 195.9, Max: 195.9, Diff: 0.2, Sum: 1566.9]
      [GC Worker End (ms): Min: 21909.7, Avg: 21909.7, Max: 21909.7, Diff: 0.1]
   [Code Root Fixup: 0.0 ms]
   [Code Root Purge: 0.0 ms]
   [Clear CT: 0.2 ms]
   [Other: 0.9 ms]
      [Choose CSet: 0.0 ms]
      [Ref Proc: 0.1 ms]
      [Ref Enq: 0.0 ms]
      [Redirty Cards: 0.2 ms]
      [Humongous Register: 0.0 ms]
      [Humongous Reclaim: 0.0 ms]
      [Free CSet: 0.3 ms]
   [Eden: 276.0M(276.0M)->0.0B(256.0M) Survivors: 40.0M->40.0M Heap: 976.8M(2048.0M)->978.3M(2048.0M)]
 [Times: user=1.30 sys=0.11, real=0.20 secs] 
2020-09-29T12:24:15.633+0200: 21.919: [GC pause (G1 Humongous Allocation) (young) (initial-mark), 0.0561605 secs]
   [Parallel Time: 55.3 ms, GC Workers: 8]
      [GC Worker Start (ms): Min: 21919.2, Avg: 21919.2, Max: 21919.3, Diff: 0.2]
      [Ext Root Scanning (ms): Min: 0.0, Avg: 1.7, Max: 13.0, Diff: 13.0, Sum: 13.9]
      [Update RS (ms): Min: 21.6, Avg: 32.9, Max: 34.8, Diff: 13.2, Sum: 263.5]
         [Processed Buffers: Min: 30, Avg: 40.8, Max: 44, Diff: 14, Sum: 326]
      [Scan RS (ms): Min: 2.5, Avg: 2.7, Max: 2.9, Diff: 0.3, Sum: 21.6]
      [Code Root Scanning (ms): Min: 0.0, Avg: 0.0, Max: 0.0, Diff: 0.0, Sum: 0.0]
      [Object Copy (ms): Min: 17.6, Avg: 17.7, Max: 17.8, Diff: 0.2, Sum: 141.7]
      [Termination (ms): Min: 0.0, Avg: 0.0, Max: 0.0, Diff: 0.0, Sum: 0.1]
         [Termination Attempts: Min: 1, Avg: 84.3, Max: 104, Diff: 103, Sum: 674]
      [GC Worker Other (ms): Min: 0.0, Avg: 0.0, Max: 0.0, Diff: 0.0, Sum: 0.2]
      [GC Worker Total (ms): Min: 55.0, Avg: 55.1, Max: 55.2, Diff: 0.1, Sum: 441.0]
      [GC Worker End (ms): Min: 21974.3, Avg: 21974.3, Max: 21974.4, Diff: 0.0]
   [Code Root Fixup: 0.0 ms]
   [Code Root Purge: 0.0 ms]
   [Clear CT: 0.2 ms]
   [Other: 0.7 ms]
      [Choose CSet: 0.0 ms]
      [Ref Proc: 0.1 ms]
      [Ref Enq: 0.0 ms]
      [Redirty Cards: 0.2 ms]
      [Humongous Register: 0.0 ms]
      [Humongous Reclaim: 0.0 ms]
      [Free CSet: 0.1 ms]
   [Eden: 4096.0K(256.0M)->0.0B(301.0M) Survivors: 40.0M->5120.0K Heap: 981.8M(2048.0M)->985.8M(2048.0M)]
 [Times: user=0.36 sys=0.00, real=0.06 secs] 
2020-09-29T12:24:15.689+0200: 21.975: [GC concurrent-root-region-scan-start]
2020-09-29T12:24:15.690+0200: 21.977: [GC concurrent-root-region-scan-end, 0.0012120 secs]
2020-09-29T12:24:15.690+0200: 21.977: [GC concurrent-mark-start]
2020-09-29T12:24:15.694+0200: 21.980: [GC concurrent-mark-end, 0.0034799 secs]
2020-09-29T12:24:15.694+0200: 21.980: [GC remark 2020-09-29T12:24:15.694+0200: 21.980: [Finalize Marking, 0.0001535 secs] 2020-09-29T12:24:15.695+0200: 21.981: [GC ref-proc, 0.0004467 secs] 2020-09-29T12:24:15.695+0200: 21.981: [Unloading, 0.0005204 secs], 0.0015478 secs]
 [Times: user=0.00 sys=0.00, real=0.00 secs] 
2020-09-29T12:24:15.696+0200: 21.982: [GC cleanup 995M->29M(2048M), 0.0014498 secs]
 [Times: user=0.00 sys=0.00, real=0.00 secs] 
2020-09-29T12:24:15.698+0200: 21.984: [GC concurrent-cleanup-start]
2020-09-29T12:24:15.700+0200: 21.986: [GC concurrent-cleanup-end, 0.0017513 secs]
2020-09-29T12:24:15.922+0200: 22.208: [GC pause (G1 Evacuation Pause) (young), 0.1956427 secs]
   [Parallel Time: 194.7 ms, GC Workers: 8]
      [GC Worker Start (ms): Min: 22208.2, Avg: 22208.4, Max: 22209.3, Diff: 1.0]
      [Ext Root Scanning (ms): Min: 0.0, Avg: 0.1, Max: 0.2, Diff: 0.2, Sum: 0.7]
      [Update RS (ms): Min: 18.9, Avg: 20.4, Max: 23.8, Diff: 4.9, Sum: 163.0]
         [Processed Buffers: Min: 10, Avg: 17.0, Max: 21, Diff: 11, Sum: 136]
      [Scan RS (ms): Min: 21.5, Avg: 24.7, Max: 25.6, Diff: 4.1, Sum: 197.8]
      [Code Root Scanning (ms): Min: 0.0, Avg: 0.0, Max: 0.0, Diff: 0.0, Sum: 0.0]
      [Object Copy (ms): Min: 148.8, Avg: 149.0, Max: 149.2, Diff: 0.4, Sum: 1191.6]
      [Termination (ms): Min: 0.0, Avg: 0.1, Max: 0.2, Diff: 0.2, Sum: 1.1]
         [Termination Attempts: Min: 1, Avg: 954.4, Max: 1241, Diff: 1240, Sum: 7635]
      [GC Worker Other (ms): Min: 0.0, Avg: 0.1, Max: 0.2, Diff: 0.1, Sum: 0.6]
      [GC Worker Total (ms): Min: 193.5, Avg: 194.4, Max: 194.6, Diff: 1.1, Sum: 1554.9]
      [GC Worker End (ms): Min: 22402.7, Avg: 22402.8, Max: 22402.9, Diff: 0.1]
   [Code Root Fixup: 0.0 ms]
   [Code Root Purge: 0.0 ms]
   [Clear CT: 0.2 ms]
   [Other: 0.8 ms]
      [Choose CSet: 0.0 ms]
      [Ref Proc: 0.2 ms]
      [Ref Enq: 0.0 ms]
      [Redirty Cards: 0.2 ms]
      [Humongous Register: 0.0 ms]
      [Humongous Reclaim: 0.0 ms]
      [Free CSet: 0.2 ms]
   [Eden: 301.0M(301.0M)->0.0B(245.0M) Survivors: 5120.0K->39.0M Heap: 372.5M(2048.0M)->370.0M(2048.0M)]
 [Times: user=1.48 sys=0.03, real=0.20 secs] 
2020-09-29T12:24:16.275+0200: 22.561: [GC pause (G1 Evacuation Pause) (young), 0.2144187 secs]
   [Parallel Time: 213.2 ms, GC Workers: 8]
      [GC Worker Start (ms): Min: 22561.2, Avg: 22567.7, Max: 22592.8, Diff: 31.6]
      [Ext Root Scanning (ms): Min: 0.0, Avg: 0.0, Max: 0.3, Diff: 0.3, Sum: 0.3]
      [Update RS (ms): Min: 0.0, Avg: 20.8, Max: 26.5, Diff: 26.5, Sum: 166.8]
         [Processed Buffers: Min: 0, Avg: 18.0, Max: 24, Diff: 24, Sum: 144]
      [Scan RS (ms): Min: 17.6, Avg: 24.0, Max: 36.8, Diff: 19.2, Sum: 191.6]
      [Code Root Scanning (ms): Min: 0.0, Avg: 0.0, Max: 0.0, Diff: 0.0, Sum: 0.0]
      [Object Copy (ms): Min: 149.0, Avg: 161.4, Max: 163.7, Diff: 14.7, Sum: 1291.6]
      [Termination (ms): Min: 0.0, Avg: 0.1, Max: 0.3, Diff: 0.3, Sum: 1.0]
         [Termination Attempts: Min: 1, Avg: 654.3, Max: 797, Diff: 796, Sum: 5234]
      [GC Worker Other (ms): Min: 0.0, Avg: 0.1, Max: 0.1, Diff: 0.1, Sum: 0.5]
      [GC Worker Total (ms): Min: 181.4, Avg: 206.5, Max: 212.9, Diff: 31.5, Sum: 1651.8]
      [GC Worker End (ms): Min: 22774.1, Avg: 22774.2, Max: 22774.4, Diff: 0.2]
   [Code Root Fixup: 0.0 ms]
   [Code Root Purge: 0.0 ms]
   [Clear CT: 0.2 ms]
   [Other: 1.0 ms]
      [Choose CSet: 0.0 ms]
      [Ref Proc: 0.1 ms]
      [Ref Enq: 0.0 ms]
      [Redirty Cards: 0.3 ms]
      [Humongous Register: 0.1 ms]
      [Humongous Reclaim: 0.0 ms]
      [Free CSet: 0.3 ms]
   [Eden: 245.0M(245.0M)->0.0B(208.0M) Survivors: 39.0M->36.0M Heap: 655.1M(2048.0M)->657.1M(2048.0M)]
 [Times: user=1.33 sys=0.06, real=0.21 secs] 
2020-09-29T12:24:16.747+0200: 23.033: [GC pause (G1 Evacuation Pause) (young), 0.1717036 secs]
   [Parallel Time: 170.6 ms, GC Workers: 8]
      [GC Worker Start (ms): Min: 23033.6, Avg: 23036.2, Max: 23045.3, Diff: 11.7]
      [Ext Root Scanning (ms): Min: 0.0, Avg: 0.0, Max: 0.2, Diff: 0.2, Sum: 0.3]
      [Update RS (ms): Min: 8.8, Avg: 18.2, Max: 24.0, Diff: 15.2, Sum: 145.7]
         [Processed Buffers: Min: 8, Avg: 14.1, Max: 19, Diff: 11, Sum: 113]
      [Scan RS (ms): Min: 15.3, Avg: 21.4, Max: 24.0, Diff: 8.7, Sum: 171.3]
      [Code Root Scanning (ms): Min: 0.0, Avg: 0.0, Max: 0.0, Diff: 0.0, Sum: 0.0]
      [Object Copy (ms): Min: 126.2, Avg: 127.9, Max: 128.5, Diff: 2.3, Sum: 1023.4]
      [Termination (ms): Min: 0.0, Avg: 0.2, Max: 0.2, Diff: 0.2, Sum: 1.4]
         [Termination Attempts: Min: 1, Avg: 1272.5, Max: 1612, Diff: 1611, Sum: 10180]
      [GC Worker Other (ms): Min: 0.0, Avg: 0.1, Max: 0.1, Diff: 0.1, Sum: 0.4]
      [GC Worker Total (ms): Min: 158.7, Avg: 167.8, Max: 170.5, Diff: 11.7, Sum: 1342.6]
      [GC Worker End (ms): Min: 23204.0, Avg: 23204.0, Max: 23204.1, Diff: 0.1]
   [Code Root Fixup: 0.0 ms]
   [Code Root Purge: 0.0 ms]
   [Clear CT: 0.2 ms]
   [Other: 0.9 ms]
      [Choose CSet: 0.0 ms]
      [Ref Proc: 0.1 ms]
      [Ref Enq: 0.0 ms]
      [Redirty Cards: 0.2 ms]
      [Humongous Register: 0.1 ms]
      [Humongous Reclaim: 0.0 ms]
      [Free CSet: 0.3 ms]
   [Eden: 208.0M(208.0M)->0.0B(206.0M) Survivors: 36.0M->31.0M Heap: 899.4M(2048.0M)->901.4M(2048.0M)]
 [Times: user=1.20 sys=0.06, real=0.17 secs] 
2020-09-29T12:24:17.153+0200: 23.439: [GC pause (G1 Evacuation Pause) (young), 0.1344963 secs]
   [Parallel Time: 133.4 ms, GC Workers: 8]
      [GC Worker Start (ms): Min: 23439.3, Avg: 23441.0, Max: 23447.2, Diff: 7.9]
      [Ext Root Scanning (ms): Min: 0.0, Avg: 0.1, Max: 0.2, Diff: 0.2, Sum: 0.7]
      [Update RS (ms): Min: 11.4, Avg: 17.6, Max: 19.3, Diff: 7.9, Sum: 140.6]
         [Processed Buffers: Min: 10, Avg: 15.1, Max: 17, Diff: 7, Sum: 121]
      [Scan RS (ms): Min: 14.3, Avg: 14.5, Max: 14.7, Diff: 0.4, Sum: 116.1]
      [Code Root Scanning (ms): Min: 0.0, Avg: 0.0, Max: 0.0, Diff: 0.0, Sum: 0.0]
      [Object Copy (ms): Min: 99.3, Avg: 99.3, Max: 99.4, Diff: 0.1, Sum: 794.6]
      [Termination (ms): Min: 0.0, Avg: 0.1, Max: 0.1, Diff: 0.1, Sum: 0.7]
         [Termination Attempts: Min: 1, Avg: 65.4, Max: 122, Diff: 121, Sum: 523]
      [GC Worker Other (ms): Min: 0.0, Avg: 0.0, Max: 0.0, Diff: 0.0, Sum: 0.2]
      [GC Worker Total (ms): Min: 125.3, Avg: 131.6, Max: 133.3, Diff: 8.0, Sum: 1052.9]
      [GC Worker End (ms): Min: 23572.5, Avg: 23572.6, Max: 23572.6, Diff: 0.1]
   [Code Root Fixup: 0.0 ms]
   [Code Root Purge: 0.0 ms]
   [Clear CT: 0.1 ms]
   [Other: 1.0 ms]
      [Choose CSet: 0.0 ms]
      [Ref Proc: 0.3 ms]
      [Ref Enq: 0.0 ms]
      [Redirty Cards: 0.2 ms]
      [Humongous Register: 0.1 ms]
      [Humongous Reclaim: 0.0 ms]
      [Free CSet: 0.2 ms]
   [Eden: 206.0M(206.0M)->0.0B(230.0M) Survivors: 31.0M->30.0M Heap: 1141.7M(2048.0M)->1143.2M(2048.0M)]
 [Times: user=1.00 sys=0.05, real=0.13 secs] 
2020-09-29T12:24:17.292+0200: 23.578: [GC pause (G1 Humongous Allocation) (young) (initial-mark), 0.0468385 secs]
   [Parallel Time: 45.8 ms, GC Workers: 8]
      [GC Worker Start (ms): Min: 23578.2, Avg: 23578.3, Max: 23578.3, Diff: 0.1]
      [Ext Root Scanning (ms): Min: 0.1, Avg: 0.1, Max: 0.1, Diff: 0.1, Sum: 0.8]
      [Update RS (ms): Min: 29.5, Avg: 29.8, Max: 30.2, Diff: 0.7, Sum: 238.5]
         [Processed Buffers: Min: 31, Avg: 34.4, Max: 37, Diff: 6, Sum: 275]
      [Scan RS (ms): Min: 1.0, Avg: 1.4, Max: 1.7, Diff: 0.7, Sum: 11.3]
      [Code Root Scanning (ms): Min: 0.0, Avg: 0.0, Max: 0.0, Diff: 0.0, Sum: 0.0]
      [Object Copy (ms): Min: 14.3, Avg: 14.4, Max: 14.4, Diff: 0.1, Sum: 115.0]
      [Termination (ms): Min: 0.0, Avg: 0.0, Max: 0.0, Diff: 0.0, Sum: 0.1]
         [Termination Attempts: Min: 1, Avg: 83.4, Max: 110, Diff: 109, Sum: 667]
      [GC Worker Other (ms): Min: 0.0, Avg: 0.0, Max: 0.0, Diff: 0.0, Sum: 0.1]
      [GC Worker Total (ms): Min: 45.7, Avg: 45.7, Max: 45.8, Diff: 0.1, Sum: 365.9]
      [GC Worker End (ms): Min: 23624.0, Avg: 23624.0, Max: 23624.0, Diff: 0.0]
   [Code Root Fixup: 0.0 ms]
   [Code Root Purge: 0.0 ms]
   [Clear CT: 0.2 ms]
   [Other: 0.9 ms]
      [Choose CSet: 0.0 ms]
      [Ref Proc: 0.2 ms]
      [Ref Enq: 0.0 ms]
      [Redirty Cards: 0.2 ms]
      [Humongous Register: 0.1 ms]
      [Humongous Reclaim: 0.0 ms]
      [Free CSet: 0.1 ms]
   [Eden: 2048.0K(230.0M)->0.0B(279.0M) Survivors: 30.0M->5120.0K Heap: 1144.7M(2048.0M)->1150.2M(2048.0M)]
 [Times: user=0.38 sys=0.00, real=0.05 secs] 
2020-09-29T12:24:17.339+0200: 23.625: [GC concurrent-root-region-scan-start]
2020-09-29T12:24:17.340+0200: 23.627: [GC concurrent-root-region-scan-end, 0.0017889 secs]
2020-09-29T12:24:17.340+0200: 23.627: [GC concurrent-mark-start]
2020-09-29T12:24:17.345+0200: 23.631: [GC concurrent-mark-end, 0.0041076 secs]
2020-09-29T12:24:17.345+0200: 23.631: [GC remark 2020-09-29T12:24:17.345+0200: 23.632: [Finalize Marking, 0.0002449 secs] 2020-09-29T12:24:17.345+0200: 23.632: [GC ref-proc, 0.0004102 secs] 2020-09-29T12:24:17.346+0200: 23.632: [Unloading, 0.0005351 secs], 0.0015509 secs]
 [Times: user=0.00 sys=0.00, real=0.00 secs] 
2020-09-29T12:24:17.347+0200: 23.633: [GC cleanup 1162M->31M(2048M), 0.0023349 secs]
 [Times: user=0.05 sys=0.00, real=0.00 secs] 
2020-09-29T12:24:17.350+0200: 23.636: [GC concurrent-cleanup-start]
2020-09-29T12:24:17.353+0200: 23.639: [GC concurrent-cleanup-end, 0.0030545 secs]
2020-09-29T12:24:17.540+0200: 23.826: [GC pause (G1 Evacuation Pause) (young), 0.2358467 secs]
   [Parallel Time: 234.7 ms, GC Workers: 8]
      [GC Worker Start (ms): Min: 23826.2, Avg: 23827.1, Max: 23832.6, Diff: 6.5]
      [Ext Root Scanning (ms): Min: 0.0, Avg: 0.1, Max: 0.1, Diff: 0.1, Sum: 0.7]
      [Update RS (ms): Min: 20.7, Avg: 26.0, Max: 27.8, Diff: 7.1, Sum: 208.0]
         [Processed Buffers: Min: 6, Avg: 17.4, Max: 24, Diff: 18, Sum: 139]
      [Scan RS (ms): Min: 27.8, Avg: 30.0, Max: 38.4, Diff: 10.6, Sum: 240.0]
      [Code Root Scanning (ms): Min: 0.0, Avg: 0.0, Max: 0.0, Diff: 0.0, Sum: 0.0]
      [Object Copy (ms): Min: 169.4, Avg: 177.3, Max: 178.6, Diff: 9.2, Sum: 1418.8]
      [Termination (ms): Min: 0.0, Avg: 0.2, Max: 0.3, Diff: 0.3, Sum: 1.6]
         [Termination Attempts: Min: 1, Avg: 1452.3, Max: 1910, Diff: 1909, Sum: 11618]
      [GC Worker Other (ms): Min: 0.0, Avg: 0.1, Max: 0.1, Diff: 0.1, Sum: 0.4]
      [GC Worker Total (ms): Min: 228.1, Avg: 233.7, Max: 234.6, Diff: 6.5, Sum: 1869.5]
      [GC Worker End (ms): Min: 24060.7, Avg: 24060.7, Max: 24060.8, Diff: 0.1]
   [Code Root Fixup: 0.0 ms]
   [Code Root Purge: 0.0 ms]
   [Clear CT: 0.2 ms]
   [Other: 1.0 ms]
      [Choose CSet: 0.0 ms]
      [Ref Proc: 0.2 ms]
      [Ref Enq: 0.0 ms]
      [Redirty Cards: 0.1 ms]
      [Humongous Register: 0.0 ms]
      [Humongous Reclaim: 0.0 ms]
      [Free CSet: 0.3 ms]
   [Eden: 279.0M(279.0M)->0.0B(192.0M) Survivors: 5120.0K->36.0M Heap: 346.2M(2048.0M)->343.7M(2048.0M)]
 [Times: user=1.59 sys=0.03, real=0.24 secs] 
2020-09-29T12:24:17.930+0200: 24.217: [GC pause (G1 Evacuation Pause) (young), 0.1593527 secs]
   [Parallel Time: 158.3 ms, GC Workers: 8]
      [GC Worker Start (ms): Min: 24216.6, Avg: 24219.2, Max: 24227.0, Diff: 10.4]
      [Ext Root Scanning (ms): Min: 0.0, Avg: 0.1, Max: 0.2, Diff: 0.1, Sum: 0.7]
      [Update RS (ms): Min: 8.9, Avg: 16.6, Max: 18.6, Diff: 9.7, Sum: 132.5]
         [Processed Buffers: Min: 6, Avg: 14.1, Max: 19, Diff: 13, Sum: 113]
      [Scan RS (ms): Min: 15.3, Avg: 20.7, Max: 29.5, Diff: 14.2, Sum: 165.7]
      [Code Root Scanning (ms): Min: 0.0, Avg: 0.0, Max: 0.0, Diff: 0.0, Sum: 0.0]
      [Object Copy (ms): Min: 109.7, Avg: 118.1, Max: 119.5, Diff: 9.9, Sum: 944.6]
      [Termination (ms): Min: 0.0, Avg: 0.2, Max: 0.3, Diff: 0.2, Sum: 1.5]
         [Termination Attempts: Min: 1, Avg: 1178.0, Max: 1521, Diff: 1520, Sum: 9424]
      [GC Worker Other (ms): Min: 0.0, Avg: 0.0, Max: 0.0, Diff: 0.0, Sum: 0.2]
      [GC Worker Total (ms): Min: 147.8, Avg: 155.6, Max: 158.2, Diff: 10.4, Sum: 1245.1]
      [GC Worker End (ms): Min: 24374.8, Avg: 24374.8, Max: 24374.8, Diff: 0.0]
   [Code Root Fixup: 0.0 ms]
   [Code Root Purge: 0.0 ms]
   [Clear CT: 0.1 ms]
   [Other: 0.9 ms]
      [Choose CSet: 0.0 ms]
      [Ref Proc: 0.1 ms]
      [Ref Enq: 0.0 ms]
      [Redirty Cards: 0.2 ms]
      [Humongous Register: 0.0 ms]
      [Humongous Reclaim: 0.0 ms]
      [Free CSet: 0.3 ms]
   [Eden: 192.0M(192.0M)->0.0B(200.0M) Survivors: 36.0M->29.0M Heap: 568.1M(2048.0M)->570.1M(2048.0M)]
 [Times: user=1.08 sys=0.05, real=0.16 secs] 
2020-09-29T12:24:18.258+0200: 24.544: [GC pause (G1 Evacuation Pause) (young), 0.1400324 secs]
   [Parallel Time: 138.9 ms, GC Workers: 8]
      [GC Worker Start (ms): Min: 24544.3, Avg: 24544.4, Max: 24544.6, Diff: 0.2]
      [Ext Root Scanning (ms): Min: 0.0, Avg: 0.1, Max: 0.1, Diff: 0.1, Sum: 0.7]
      [Update RS (ms): Min: 18.1, Avg: 18.4, Max: 19.0, Diff: 0.8, Sum: 147.5]
         [Processed Buffers: Min: 6, Avg: 14.8, Max: 17, Diff: 11, Sum: 118]
      [Scan RS (ms): Min: 15.3, Avg: 15.9, Max: 16.9, Diff: 1.6, Sum: 127.5]
      [Code Root Scanning (ms): Min: 0.0, Avg: 0.0, Max: 0.0, Diff: 0.0, Sum: 0.0]
      [Object Copy (ms): Min: 102.8, Avg: 104.1, Max: 104.4, Diff: 1.6, Sum: 832.6]
      [Termination (ms): Min: 0.0, Avg: 0.1, Max: 0.1, Diff: 0.1, Sum: 0.5]
         [Termination Attempts: Min: 1, Avg: 399.3, Max: 496, Diff: 495, Sum: 3194]
      [GC Worker Other (ms): Min: 0.0, Avg: 0.0, Max: 0.1, Diff: 0.1, Sum: 0.4]
      [GC Worker Total (ms): Min: 138.5, Avg: 138.6, Max: 138.7, Diff: 0.2, Sum: 1109.2]
      [GC Worker End (ms): Min: 24683.0, Avg: 24683.1, Max: 24683.1, Diff: 0.1]
   [Code Root Fixup: 0.0 ms]
   [Code Root Purge: 0.0 ms]
   [Clear CT: 0.2 ms]
   [Other: 1.0 ms]
      [Choose CSet: 0.0 ms]
      [Ref Proc: 0.2 ms]
      [Ref Enq: 0.0 ms]
      [Redirty Cards: 0.2 ms]
      [Humongous Register: 0.1 ms]
      [Humongous Reclaim: 0.0 ms]
      [Free CSet: 0.2 ms]
   [Eden: 200.0M(200.0M)->0.0B(217.0M) Survivors: 29.0M->29.0M Heap: 802.5M(2048.0M)->804.0M(2048.0M)]
 [Times: user=1.03 sys=0.01, real=0.14 secs] 
2020-09-29T12:24:18.588+0200: 24.874: [GC pause (G1 Evacuation Pause) (young), 0.1432786 secs]
   [Parallel Time: 142.3 ms, GC Workers: 8]
      [GC Worker Start (ms): Min: 24874.5, Avg: 24875.6, Max: 24882.6, Diff: 8.1]
      [Ext Root Scanning (ms): Min: 0.0, Avg: 0.2, Max: 0.9, Diff: 0.9, Sum: 1.4]
      [Update RS (ms): Min: 10.1, Avg: 17.0, Max: 18.5, Diff: 8.4, Sum: 136.1]
         [Processed Buffers: Min: 14, Avg: 17.3, Max: 19, Diff: 5, Sum: 138]
      [Scan RS (ms): Min: 13.5, Avg: 13.9, Max: 14.0, Diff: 0.5, Sum: 111.1]
      [Code Root Scanning (ms): Min: 0.0, Avg: 0.0, Max: 0.0, Diff: 0.0, Sum: 0.0]
      [Object Copy (ms): Min: 109.6, Avg: 109.7, Max: 109.9, Diff: 0.3, Sum: 877.6]
      [Termination (ms): Min: 0.0, Avg: 0.2, Max: 0.2, Diff: 0.2, Sum: 1.4]
         [Termination Attempts: Min: 1, Avg: 1250.6, Max: 1509, Diff: 1508, Sum: 10005]
      [GC Worker Other (ms): Min: 0.0, Avg: 0.0, Max: 0.1, Diff: 0.1, Sum: 0.3]
      [GC Worker Total (ms): Min: 134.1, Avg: 141.0, Max: 142.1, Diff: 8.1, Sum: 1127.9]
      [GC Worker End (ms): Min: 25016.6, Avg: 25016.6, Max: 25016.7, Diff: 0.1]
   [Code Root Fixup: 0.0 ms]
   [Code Root Purge: 0.0 ms]
   [Clear CT: 0.2 ms]
   [Other: 0.9 ms]
      [Choose CSet: 0.0 ms]
      [Ref Proc: 0.2 ms]
      [Ref Enq: 0.0 ms]
      [Redirty Cards: 0.2 ms]
      [Humongous Register: 0.1 ms]
      [Humongous Reclaim: 0.0 ms]
      [Free CSet: 0.2 ms]
   [Eden: 217.0M(217.0M)->0.0B(234.0M) Survivors: 29.0M->31.0M Heap: 1057.3M(2048.0M)->1059.8M(2048.0M)]
 [Times: user=1.06 sys=0.00, real=0.14 secs] 
2020-09-29T12:24:18.738+0200: 25.024: [GC pause (G1 Humongous Allocation) (young) (initial-mark), 0.0457525 secs]
   [Parallel Time: 44.7 ms, GC Workers: 8]
      [GC Worker Start (ms): Min: 25024.5, Avg: 25024.6, Max: 25024.7, Diff: 0.2]
      [Ext Root Scanning (ms): Min: 0.0, Avg: 0.2, Max: 0.7, Diff: 0.7, Sum: 1.5]
      [Update RS (ms): Min: 27.2, Avg: 27.4, Max: 27.7, Diff: 0.6, Sum: 219.4]
         [Processed Buffers: Min: 31, Avg: 32.6, Max: 34, Diff: 3, Sum: 261]
      [Scan RS (ms): Min: 1.6, Avg: 1.9, Max: 2.3, Diff: 0.6, Sum: 15.3]
      [Code Root Scanning (ms): Min: 0.0, Avg: 0.0, Max: 0.0, Diff: 0.0, Sum: 0.0]
      [Object Copy (ms): Min: 14.9, Avg: 15.0, Max: 15.0, Diff: 0.1, Sum: 119.9]
      [Termination (ms): Min: 0.0, Avg: 0.0, Max: 0.0, Diff: 0.0, Sum: 0.0]
         [Termination Attempts: Min: 1, Avg: 11.5, Max: 19, Diff: 18, Sum: 92]
      [GC Worker Other (ms): Min: 0.0, Avg: 0.0, Max: 0.0, Diff: 0.0, Sum: 0.2]
      [GC Worker Total (ms): Min: 44.4, Avg: 44.5, Max: 44.6, Diff: 0.1, Sum: 356.2]
      [GC Worker End (ms): Min: 25069.1, Avg: 25069.1, Max: 25069.1, Diff: 0.0]
   [Code Root Fixup: 0.0 ms]
   [Code Root Purge: 0.0 ms]
   [Clear CT: 0.1 ms]
   [Other: 0.9 ms]
      [Choose CSet: 0.0 ms]
      [Ref Proc: 0.2 ms]
      [Ref Enq: 0.0 ms]
      [Redirty Cards: 0.2 ms]
      [Humongous Register: 0.1 ms]
      [Humongous Reclaim: 0.0 ms]
      [Free CSet: 0.1 ms]
   [Eden: 5120.0K(234.0M)->0.0B(284.0M) Survivors: 31.0M->7168.0K Heap: 1064.8M(2048.0M)->1068.3M(2048.0M)]
 [Times: user=0.36 sys=0.00, real=0.05 secs] 
2020-09-29T12:24:18.784+0200: 25.070: [GC concurrent-root-region-scan-start]
2020-09-29T12:24:18.785+0200: 25.072: [GC concurrent-root-region-scan-end, 0.0013904 secs]
2020-09-29T12:24:18.785+0200: 25.072: [GC concurrent-mark-start]
2020-09-29T12:24:18.789+0200: 25.075: [GC concurrent-mark-end, 0.0038771 secs]
2020-09-29T12:24:18.789+0200: 25.076: [GC remark 2020-09-29T12:24:18.789+0200: 25.076: [Finalize Marking, 0.0002377 secs] 2020-09-29T12:24:18.790+0200: 25.076: [GC ref-proc, 0.0003347 secs] 2020-09-29T12:24:18.790+0200: 25.076: [Unloading, 0.0006617 secs], 0.0015829 secs]
 [Times: user=0.00 sys=0.00, real=0.00 secs] 
2020-09-29T12:24:18.791+0200: 25.078: [GC cleanup 1079M->32M(2048M), 0.0015154 secs]
 [Times: user=0.00 sys=0.00, real=0.00 secs] 
2020-09-29T12:24:18.793+0200: 25.079: [GC concurrent-cleanup-start]
2020-09-29T12:24:18.795+0200: 25.081: [GC concurrent-cleanup-end, 0.0020371 secs]
2020-09-29T12:24:18.968+0200: 25.255: [GC pause (G1 Evacuation Pause) (young), 0.1716576 secs]
   [Parallel Time: 170.3 ms, GC Workers: 8]
      [GC Worker Start (ms): Min: 25254.7, Avg: 25254.8, Max: 25254.9, Diff: 0.2]
      [Ext Root Scanning (ms): Min: 0.0, Avg: 0.1, Max: 0.2, Diff: 0.2, Sum: 0.5]
      [Update RS (ms): Min: 17.5, Avg: 17.7, Max: 17.9, Diff: 0.4, Sum: 141.6]
         [Processed Buffers: Min: 16, Avg: 16.5, Max: 18, Diff: 2, Sum: 132]
      [Scan RS (ms): Min: 20.8, Avg: 23.5, Max: 40.2, Diff: 19.4, Sum: 187.8]
      [Code Root Scanning (ms): Min: 0.0, Avg: 0.0, Max: 0.0, Diff: 0.0, Sum: 0.0]
      [Object Copy (ms): Min: 112.0, Avg: 128.7, Max: 131.2, Diff: 19.2, Sum: 1030.0]
      [Termination (ms): Min: 0.0, Avg: 0.1, Max: 0.1, Diff: 0.1, Sum: 0.7]
         [Termination Attempts: Min: 1, Avg: 294.0, Max: 471, Diff: 470, Sum: 2352]
      [GC Worker Other (ms): Min: 0.0, Avg: 0.0, Max: 0.0, Diff: 0.0, Sum: 0.1]
      [GC Worker Total (ms): Min: 170.0, Avg: 170.1, Max: 170.2, Diff: 0.2, Sum: 1360.7]
      [GC Worker End (ms): Min: 25424.9, Avg: 25424.9, Max: 25424.9, Diff: 0.0]
   [Code Root Fixup: 0.0 ms]
   [Code Root Purge: 0.0 ms]
   [Clear CT: 0.3 ms]
   [Other: 1.1 ms]
      [Choose CSet: 0.0 ms]
      [Ref Proc: 0.2 ms]
      [Ref Enq: 0.0 ms]
      [Redirty Cards: 0.3 ms]
      [Humongous Register: 0.1 ms]
      [Humongous Reclaim: 0.0 ms]
      [Free CSet: 0.3 ms]
   [Eden: 284.0M(284.0M)->0.0B(251.0M) Survivors: 7168.0K->37.0M Heap: 353.2M(2048.0M)->348.7M(2048.0M)]
 [Times: user=1.11 sys=0.09, real=0.17 secs] 
2020-09-29T12:24:19.284+0200: 25.570: [GC pause (G1 Evacuation Pause) (young), 0.1627282 secs]
   [Parallel Time: 161.7 ms, GC Workers: 8]
      [GC Worker Start (ms): Min: 25570.2, Avg: 25570.3, Max: 25570.4, Diff: 0.2]
      [Ext Root Scanning (ms): Min: 0.0, Avg: 0.1, Max: 0.2, Diff: 0.2, Sum: 0.6]
      [Update RS (ms): Min: 15.4, Avg: 15.5, Max: 15.7, Diff: 0.3, Sum: 124.3]
         [Processed Buffers: Min: 15, Avg: 16.9, Max: 19, Diff: 4, Sum: 135]
      [Scan RS (ms): Min: 17.5, Avg: 17.7, Max: 18.0, Diff: 0.5, Sum: 141.8]
      [Code Root Scanning (ms): Min: 0.0, Avg: 0.0, Max: 0.0, Diff: 0.0, Sum: 0.0]
      [Object Copy (ms): Min: 127.5, Avg: 127.7, Max: 128.0, Diff: 0.5, Sum: 1021.4]
      [Termination (ms): Min: 0.1, Avg: 0.4, Max: 0.5, Diff: 0.4, Sum: 2.9]
         [Termination Attempts: Min: 1, Avg: 2116.0, Max: 2535, Diff: 2534, Sum: 16928]
      [GC Worker Other (ms): Min: 0.0, Avg: 0.1, Max: 0.1, Diff: 0.1, Sum: 0.6]
      [GC Worker Total (ms): Min: 161.3, Avg: 161.4, Max: 161.5, Diff: 0.2, Sum: 1291.6]
      [GC Worker End (ms): Min: 25731.7, Avg: 25731.7, Max: 25731.8, Diff: 0.1]
   [Code Root Fixup: 0.0 ms]
   [Code Root Purge: 0.0 ms]
   [Clear CT: 0.2 ms]
   [Other: 0.9 ms]
      [Choose CSet: 0.0 ms]
      [Ref Proc: 0.1 ms]
      [Ref Enq: 0.0 ms]
      [Redirty Cards: 0.2 ms]
      [Humongous Register: 0.0 ms]
      [Humongous Reclaim: 0.0 ms]
      [Free CSet: 0.3 ms]
   [Eden: 251.0M(251.0M)->0.0B(255.0M) Survivors: 37.0M->36.0M Heap: 641.6M(2048.0M)->643.6M(2048.0M)]
 [Times: user=1.28 sys=0.06, real=0.16 secs] 
2020-09-29T12:24:19.627+0200: 25.913: [GC pause (G1 Evacuation Pause) (young), 0.1562840 secs]
   [Parallel Time: 155.1 ms, GC Workers: 8]
      [GC Worker Start (ms): Min: 25913.5, Avg: 25913.6, Max: 25913.6, Diff: 0.1]
      [Ext Root Scanning (ms): Min: 0.0, Avg: 0.1, Max: 0.1, Diff: 0.1, Sum: 0.7]
      [Update RS (ms): Min: 20.8, Avg: 21.0, Max: 21.5, Diff: 0.7, Sum: 167.8]
         [Processed Buffers: Min: 19, Avg: 22.0, Max: 27, Diff: 8, Sum: 176]
      [Scan RS (ms): Min: 15.6, Avg: 16.1, Max: 16.3, Diff: 0.7, Sum: 128.4]
      [Code Root Scanning (ms): Min: 0.0, Avg: 0.0, Max: 0.0, Diff: 0.0, Sum: 0.0]
      [Object Copy (ms): Min: 117.5, Avg: 117.7, Max: 117.8, Diff: 0.2, Sum: 941.5]
      [Termination (ms): Min: 0.0, Avg: 0.1, Max: 0.1, Diff: 0.1, Sum: 0.5]
         [Termination Attempts: Min: 1, Avg: 405.0, Max: 498, Diff: 497, Sum: 3240]
      [GC Worker Other (ms): Min: 0.0, Avg: 0.1, Max: 0.2, Diff: 0.1, Sum: 0.6]
      [GC Worker Total (ms): Min: 154.8, Avg: 154.9, Max: 155.0, Diff: 0.2, Sum: 1239.5]
      [GC Worker End (ms): Min: 26068.4, Avg: 26068.5, Max: 26068.6, Diff: 0.1]
   [Code Root Fixup: 0.0 ms]
   [Code Root Purge: 0.0 ms]
   [Clear CT: 0.2 ms]
   [Other: 1.0 ms]
      [Choose CSet: 0.0 ms]
      [Ref Proc: 0.2 ms]
      [Ref Enq: 0.0 ms]
      [Redirty Cards: 0.2 ms]
      [Humongous Register: 0.0 ms]
      [Humongous Reclaim: 0.0 ms]
      [Free CSet: 0.3 ms]
   [Eden: 255.0M(255.0M)->0.0B(266.0M) Survivors: 36.0M->37.0M Heap: 942.5M(2048.0M)->945.0M(2048.0M)]
 [Times: user=1.23 sys=0.00, real=0.16 secs] 
2020-09-29T12:24:19.817+0200: 26.104: [GC pause (G1 Humongous Allocation) (young) (initial-mark), 0.0593897 secs]
   [Parallel Time: 58.5 ms, GC Workers: 8]
      [GC Worker Start (ms): Min: 26104.1, Avg: 26104.1, Max: 26104.2, Diff: 0.2]
      [Ext Root Scanning (ms): Min: 0.0, Avg: 0.1, Max: 0.2, Diff: 0.2, Sum: 1.1]
      [Update RS (ms): Min: 17.1, Avg: 18.4, Max: 25.8, Diff: 8.8, Sum: 147.3]
         [Processed Buffers: Min: 18, Avg: 19.6, Max: 21, Diff: 3, Sum: 157]
      [Scan RS (ms): Min: 0.0, Avg: 3.4, Max: 4.1, Diff: 4.1, Sum: 27.2]
      [Code Root Scanning (ms): Min: 0.0, Avg: 0.0, Max: 0.0, Diff: 0.0, Sum: 0.0]
      [Object Copy (ms): Min: 32.3, Avg: 36.3, Max: 36.9, Diff: 4.6, Sum: 290.5]
      [Termination (ms): Min: 0.0, Avg: 0.0, Max: 0.0, Diff: 0.0, Sum: 0.0]
         [Termination Attempts: Min: 1, Avg: 8.3, Max: 15, Diff: 14, Sum: 66]
      [GC Worker Other (ms): Min: 0.0, Avg: 0.0, Max: 0.1, Diff: 0.0, Sum: 0.2]
      [GC Worker Total (ms): Min: 58.2, Avg: 58.3, Max: 58.3, Diff: 0.1, Sum: 466.3]
      [GC Worker End (ms): Min: 26162.4, Avg: 26162.4, Max: 26162.5, Diff: 0.0]
   [Code Root Fixup: 0.0 ms]
   [Code Root Purge: 0.0 ms]
   [Clear CT: 0.2 ms]
   [Other: 0.8 ms]
      [Choose CSet: 0.0 ms]
      [Ref Proc: 0.2 ms]
      [Ref Enq: 0.0 ms]
      [Redirty Cards: 0.2 ms]
      [Humongous Register: 0.0 ms]
      [Humongous Reclaim: 0.0 ms]
      [Free CSet: 0.1 ms]
   [Eden: 46.0M(266.0M)->0.0B(285.0M) Survivors: 37.0M->38.0M Heap: 996.2M(2048.0M)->998.2M(2048.0M)]
 [Times: user=0.38 sys=0.00, real=0.06 secs] 
2020-09-29T12:24:19.877+0200: 26.163: [GC concurrent-root-region-scan-start]
2020-09-29T12:24:19.888+0200: 26.175: [GC concurrent-root-region-scan-end, 0.0112485 secs]
2020-09-29T12:24:19.888+0200: 26.175: [GC concurrent-mark-start]
2020-09-29T12:24:19.891+0200: 26.178: [GC concurrent-mark-end, 0.0030792 secs]
2020-09-29T12:24:19.892+0200: 26.178: [GC remark 2020-09-29T12:24:19.892+0200: 26.178: [Finalize Marking, 0.0002308 secs] 2020-09-29T12:24:19.892+0200: 26.178: [GC ref-proc, 0.0003054 secs] 2020-09-29T12:24:19.892+0200: 26.179: [Unloading, 0.0005383 secs], 0.0014854 secs]
 [Times: user=0.00 sys=0.00, real=0.00 secs] 
2020-09-29T12:24:19.894+0200: 26.180: [GC cleanup 1028M->83M(2048M), 0.0016571 secs]
 [Times: user=0.08 sys=0.00, real=0.00 secs] 
2020-09-29T12:24:19.895+0200: 26.182: [GC concurrent-cleanup-start]
2020-09-29T12:24:19.896+0200: 26.183: [GC concurrent-cleanup-end, 0.0012018 secs]
2020-09-29T12:24:20.072+0200: 26.358: [GC pause (G1 Evacuation Pause) (young), 0.1767616 secs]
   [Parallel Time: 175.9 ms, GC Workers: 8]
      [GC Worker Start (ms): Min: 26358.2, Avg: 26358.2, Max: 26358.3, Diff: 0.2]
      [Ext Root Scanning (ms): Min: 0.0, Avg: 0.1, Max: 0.1, Diff: 0.1, Sum: 0.7]
      [Update RS (ms): Min: 27.9, Avg: 28.8, Max: 32.6, Diff: 4.6, Sum: 230.3]
         [Processed Buffers: Min: 16, Avg: 21.9, Max: 25, Diff: 9, Sum: 175]
      [Scan RS (ms): Min: 13.6, Avg: 19.7, Max: 35.6, Diff: 21.9, Sum: 157.2]
      [Code Root Scanning (ms): Min: 0.0, Avg: 0.0, Max: 0.0, Diff: 0.0, Sum: 0.0]
      [Object Copy (ms): Min: 111.8, Avg: 127.0, Max: 129.3, Diff: 17.4, Sum: 1016.4]
      [Termination (ms): Min: 0.0, Avg: 0.0, Max: 0.0, Diff: 0.0, Sum: 0.3]
         [Termination Attempts: Min: 1, Avg: 248.6, Max: 327, Diff: 326, Sum: 1989]
      [GC Worker Other (ms): Min: 0.0, Avg: 0.1, Max: 0.1, Diff: 0.1, Sum: 0.5]
      [GC Worker Total (ms): Min: 175.6, Avg: 175.7, Max: 175.7, Diff: 0.1, Sum: 1405.4]
      [GC Worker End (ms): Min: 26533.8, Avg: 26533.9, Max: 26533.9, Diff: 0.1]
   [Code Root Fixup: 0.0 ms]
   [Code Root Purge: 0.0 ms]
   [Clear CT: 0.2 ms]
   [Other: 0.7 ms]
      [Choose CSet: 0.0 ms]
      [Ref Proc: 0.2 ms]
      [Ref Enq: 0.0 ms]
      [Redirty Cards: 0.1 ms]
      [Humongous Register: 0.0 ms]
      [Humongous Reclaim: 0.0 ms]
      [Free CSet: 0.2 ms]
   [Eden: 285.0M(285.0M)->0.0B(272.0M) Survivors: 38.0M->41.0M Heap: 385.7M(2048.0M)->350.2M(2048.0M)]
 [Times: user=1.28 sys=0.02, real=0.18 secs] 
2020-09-29T12:24:20.428+0200: 26.714: [GC pause (G1 Evacuation Pause) (young), 0.1721166 secs]
   [Parallel Time: 171.0 ms, GC Workers: 8]
      [GC Worker Start (ms): Min: 26714.6, Avg: 26714.7, Max: 26714.7, Diff: 0.1]
      [Ext Root Scanning (ms): Min: 0.0, Avg: 0.1, Max: 0.1, Diff: 0.1, Sum: 0.6]
      [Update RS (ms): Min: 15.9, Avg: 16.0, Max: 16.3, Diff: 0.4, Sum: 128.3]
         [Processed Buffers: Min: 14, Avg: 15.6, Max: 17, Diff: 3, Sum: 125]
      [Scan RS (ms): Min: 21.1, Avg: 21.3, Max: 21.6, Diff: 0.5, Sum: 170.5]
      [Code Root Scanning (ms): Min: 0.0, Avg: 0.0, Max: 0.0, Diff: 0.0, Sum: 0.0]
      [Object Copy (ms): Min: 133.0, Avg: 133.3, Max: 133.4, Diff: 0.3, Sum: 1066.2]
      [Termination (ms): Min: 0.0, Avg: 0.0, Max: 0.0, Diff: 0.0, Sum: 0.0]
         [Termination Attempts: Min: 1, Avg: 37.4, Max: 59, Diff: 58, Sum: 299]
      [GC Worker Other (ms): Min: 0.0, Avg: 0.1, Max: 0.1, Diff: 0.1, Sum: 0.7]
      [GC Worker Total (ms): Min: 170.7, Avg: 170.8, Max: 170.9, Diff: 0.2, Sum: 1366.4]
      [GC Worker End (ms): Min: 26885.4, Avg: 26885.5, Max: 26885.5, Diff: 0.1]
   [Code Root Fixup: 0.0 ms]
   [Code Root Purge: 0.0 ms]
   [Clear CT: 0.2 ms]
   [Other: 1.0 ms]
      [Choose CSet: 0.0 ms]
      [Ref Proc: 0.2 ms]
      [Ref Enq: 0.0 ms]
      [Redirty Cards: 0.2 ms]
      [Humongous Register: 0.0 ms]
      [Humongous Reclaim: 0.0 ms]
      [Free CSet: 0.3 ms]
   [Eden: 272.0M(272.0M)->0.0B(266.0M) Survivors: 41.0M->40.0M Heap: 668.0M(2048.0M)->670.5M(2048.0M)]
 [Times: user=1.33 sys=0.05, real=0.17 secs] 
2020-09-29T12:24:20.771+0200: 27.057: [GC pause (G1 Evacuation Pause) (young), 0.1749096 secs]
   [Parallel Time: 174.1 ms, GC Workers: 8]
      [GC Worker Start (ms): Min: 27057.6, Avg: 27057.7, Max: 27057.8, Diff: 0.2]
      [Ext Root Scanning (ms): Min: 0.0, Avg: 0.1, Max: 0.2, Diff: 0.2, Sum: 0.5]
      [Update RS (ms): Min: 19.9, Avg: 20.3, Max: 20.8, Diff: 0.9, Sum: 162.7]
         [Processed Buffers: Min: 17, Avg: 18.3, Max: 20, Diff: 3, Sum: 146]
      [Scan RS (ms): Min: 22.0, Avg: 22.5, Max: 22.9, Diff: 0.9, Sum: 179.9]
      [Code Root Scanning (ms): Min: 0.0, Avg: 0.0, Max: 0.0, Diff: 0.0, Sum: 0.0]
      [Object Copy (ms): Min: 130.6, Avg: 130.7, Max: 130.7, Diff: 0.1, Sum: 1045.5]
      [Termination (ms): Min: 0.0, Avg: 0.1, Max: 0.2, Diff: 0.2, Sum: 1.1]
         [Termination Attempts: Min: 1, Avg: 1066.8, Max: 1383, Diff: 1382, Sum: 8534]
      [GC Worker Other (ms): Min: 0.0, Avg: 0.0, Max: 0.1, Diff: 0.1, Sum: 0.4]
      [GC Worker Total (ms): Min: 173.7, Avg: 173.8, Max: 173.9, Diff: 0.2, Sum: 1390.3]
      [GC Worker End (ms): Min: 27231.4, Avg: 27231.5, Max: 27231.6, Diff: 0.1]
   [Code Root Fixup: 0.0 ms]
   [Code Root Purge: 0.0 ms]
   [Clear CT: 0.1 ms]
   [Other: 0.7 ms]
      [Choose CSet: 0.0 ms]
      [Ref Proc: 0.2 ms]
      [Ref Enq: 0.0 ms]
      [Redirty Cards: 0.2 ms]
      [Humongous Register: 0.0 ms]
      [Humongous Reclaim: 0.0 ms]
      [Free CSet: 0.1 ms]
   [Eden: 266.0M(266.0M)->0.0B(262.0M) Survivors: 40.0M->39.0M Heap: 980.3M(2048.0M)->982.8M(2048.0M)]
 [Times: user=1.33 sys=0.02, real=0.18 secs] 
2020-09-29T12:24:20.955+0200: 27.241: [GC pause (G1 Humongous Allocation) (young) (initial-mark), 0.0474274 secs]
   [Parallel Time: 46.6 ms, GC Workers: 8]
      [GC Worker Start (ms): Min: 27241.4, Avg: 27241.4, Max: 27241.5, Diff: 0.1]
      [Ext Root Scanning (ms): Min: 0.0, Avg: 0.1, Max: 0.1, Diff: 0.1, Sum: 0.6]
      [Update RS (ms): Min: 27.4, Avg: 27.6, Max: 27.8, Diff: 0.5, Sum: 220.9]
         [Processed Buffers: Min: 33, Avg: 35.5, Max: 38, Diff: 5, Sum: 284]
      [Scan RS (ms): Min: 2.2, Avg: 2.5, Max: 2.7, Diff: 0.5, Sum: 19.9]
      [Code Root Scanning (ms): Min: 0.0, Avg: 0.0, Max: 0.0, Diff: 0.0, Sum: 0.0]
      [Object Copy (ms): Min: 16.1, Avg: 16.2, Max: 16.2, Diff: 0.1, Sum: 129.6]
      [Termination (ms): Min: 0.0, Avg: 0.0, Max: 0.0, Diff: 0.0, Sum: 0.1]
         [Termination Attempts: Min: 1, Avg: 114.8, Max: 167, Diff: 166, Sum: 918]
      [GC Worker Other (ms): Min: 0.0, Avg: 0.0, Max: 0.0, Diff: 0.0, Sum: 0.1]
      [GC Worker Total (ms): Min: 46.4, Avg: 46.4, Max: 46.5, Diff: 0.1, Sum: 371.3]
      [GC Worker End (ms): Min: 27287.8, Avg: 27287.8, Max: 27287.9, Diff: 0.0]
   [Code Root Fixup: 0.0 ms]
   [Code Root Purge: 0.0 ms]
   [Clear CT: 0.2 ms]
   [Other: 0.7 ms]
      [Choose CSet: 0.0 ms]
      [Ref Proc: 0.2 ms]
      [Ref Enq: 0.0 ms]
      [Redirty Cards: 0.2 ms]
      [Humongous Register: 0.0 ms]
      [Humongous Reclaim: 0.0 ms]
      [Free CSet: 0.1 ms]
   [Eden: 2048.0K(262.0M)->0.0B(316.0M) Survivors: 39.0M->4096.0K Heap: 984.3M(2048.0M)->988.8M(2048.0M)]
 [Times: user=0.38 sys=0.00, real=0.05 secs] 
2020-09-29T12:24:21.002+0200: 27.289: [GC concurrent-root-region-scan-start]
2020-09-29T12:24:21.003+0200: 27.289: [GC concurrent-root-region-scan-end, 0.0003321 secs]
2020-09-29T12:24:21.003+0200: 27.289: [GC concurrent-mark-start]
2020-09-29T12:24:21.005+0200: 27.292: [GC concurrent-mark-end, 0.0026124 secs]
2020-09-29T12:24:21.006+0200: 27.292: [GC remark 2020-09-29T12:24:21.006+0200: 27.292: [Finalize Marking, 0.0001908 secs] 2020-09-29T12:24:21.006+0200: 27.292: [GC ref-proc, 0.0002827 secs] 2020-09-29T12:24:21.006+0200: 27.293: [Unloading, 0.0004322 secs], 0.0014062 secs]
 [Times: user=0.00 sys=0.00, real=0.00 secs] 
2020-09-29T12:24:21.007+0200: 27.294: [GC cleanup 997M->27M(2048M), 0.0012271 secs]
 [Times: user=0.00 sys=0.00, real=0.00 secs] 
2020-09-29T12:24:21.009+0200: 27.295: [GC concurrent-cleanup-start]
2020-09-29T12:24:21.010+0200: 27.297: [GC concurrent-cleanup-end, 0.0014495 secs]
2020-09-29T12:24:21.190+0200: 27.476: [GC pause (G1 Evacuation Pause) (young), 0.1749236 secs]
   [Parallel Time: 173.7 ms, GC Workers: 8]
      [GC Worker Start (ms): Min: 27476.5, Avg: 27476.5, Max: 27476.6, Diff: 0.2]
      [Ext Root Scanning (ms): Min: 0.0, Avg: 0.1, Max: 0.2, Diff: 0.2, Sum: 0.6]
      [Update RS (ms): Min: 13.0, Avg: 13.2, Max: 13.9, Diff: 0.9, Sum: 105.5]
         [Processed Buffers: Min: 11, Avg: 13.4, Max: 16, Diff: 5, Sum: 107]
      [Scan RS (ms): Min: 22.2, Avg: 22.9, Max: 23.2, Diff: 0.9, Sum: 183.6]
      [Code Root Scanning (ms): Min: 0.0, Avg: 0.0, Max: 0.0, Diff: 0.0, Sum: 0.0]
      [Object Copy (ms): Min: 135.9, Avg: 137.0, Max: 137.3, Diff: 1.5, Sum: 1095.7]
      [Termination (ms): Min: 0.0, Avg: 0.3, Max: 1.3, Diff: 1.3, Sum: 2.7]
         [Termination Attempts: Min: 1, Avg: 1407.1, Max: 1976, Diff: 1975, Sum: 11257]
      [GC Worker Other (ms): Min: 0.0, Avg: 0.1, Max: 0.1, Diff: 0.1, Sum: 0.6]
      [GC Worker Total (ms): Min: 173.5, Avg: 173.6, Max: 173.7, Diff: 0.2, Sum: 1388.6]
      [GC Worker End (ms): Min: 27650.1, Avg: 27650.1, Max: 27650.2, Diff: 0.1]
   [Code Root Fixup: 0.0 ms]
   [Code Root Purge: 0.0 ms]
   [Clear CT: 0.2 ms]
   [Other: 1.0 ms]
      [Choose CSet: 0.0 ms]
      [Ref Proc: 0.1 ms]
      [Ref Enq: 0.0 ms]
      [Redirty Cards: 0.2 ms]
      [Humongous Register: 0.0 ms]
      [Humongous Reclaim: 0.0 ms]
      [Free CSet: 0.3 ms]
   [Eden: 316.0M(316.0M)->0.0B(277.0M) Survivors: 4096.0K->40.0M Heap: 388.4M(2048.0M)->386.9M(2048.0M)]
 [Times: user=1.33 sys=0.08, real=0.17 secs] 
2020-09-29T12:24:21.548+0200: 27.835: [GC pause (G1 Evacuation Pause) (young), 0.1695386 secs]
   [Parallel Time: 168.6 ms, GC Workers: 8]
      [GC Worker Start (ms): Min: 27834.8, Avg: 27834.9, Max: 27834.9, Diff: 0.2]
      [Ext Root Scanning (ms): Min: 0.0, Avg: 0.1, Max: 0.2, Diff: 0.2, Sum: 0.5]
      [Update RS (ms): Min: 18.6, Avg: 18.8, Max: 19.3, Diff: 0.7, Sum: 150.4]
         [Processed Buffers: Min: 19, Avg: 19.8, Max: 21, Diff: 2, Sum: 158]
      [Scan RS (ms): Min: 18.3, Avg: 18.7, Max: 18.8, Diff: 0.5, Sum: 149.2]
      [Code Root Scanning (ms): Min: 0.0, Avg: 0.0, Max: 0.0, Diff: 0.0, Sum: 0.0]
      [Object Copy (ms): Min: 130.7, Avg: 130.8, Max: 130.8, Diff: 0.2, Sum: 1046.0]
      [Termination (ms): Min: 0.0, Avg: 0.0, Max: 0.1, Diff: 0.1, Sum: 0.3]
         [Termination Attempts: Min: 1, Avg: 243.1, Max: 370, Diff: 369, Sum: 1945]
      [GC Worker Other (ms): Min: 0.0, Avg: 0.0, Max: 0.1, Diff: 0.1, Sum: 0.3]
      [GC Worker Total (ms): Min: 168.3, Avg: 168.3, Max: 168.4, Diff: 0.2, Sum: 1346.7]
      [GC Worker End (ms): Min: 28003.2, Avg: 28003.2, Max: 28003.2, Diff: 0.1]
   [Code Root Fixup: 0.0 ms]
   [Code Root Purge: 0.0 ms]
   [Clear CT: 0.2 ms]
   [Other: 0.7 ms]
      [Choose CSet: 0.0 ms]
      [Ref Proc: 0.1 ms]
      [Ref Enq: 0.0 ms]
      [Redirty Cards: 0.2 ms]
      [Humongous Register: 0.0 ms]
      [Humongous Reclaim: 0.0 ms]
      [Free CSet: 0.2 ms]
   [Eden: 277.0M(277.0M)->0.0B(277.0M) Survivors: 40.0M->40.0M Heap: 709.7M(2048.0M)->711.7M(2048.0M)]
 [Times: user=1.30 sys=0.05, real=0.17 secs] 
2020-09-29T12:24:21.870+0200: 28.156: [GC pause (G1 Evacuation Pause) (young), 0.1650779 secs]
   [Parallel Time: 164.0 ms, GC Workers: 8]
      [GC Worker Start (ms): Min: 28156.3, Avg: 28156.4, Max: 28156.4, Diff: 0.2]
      [Ext Root Scanning (ms): Min: 0.0, Avg: 0.1, Max: 0.2, Diff: 0.2, Sum: 0.5]
      [Update RS (ms): Min: 16.6, Avg: 16.8, Max: 17.1, Diff: 0.5, Sum: 134.6]
         [Processed Buffers: Min: 17, Avg: 19.3, Max: 22, Diff: 5, Sum: 154]
      [Scan RS (ms): Min: 19.3, Avg: 19.6, Max: 19.7, Diff: 0.5, Sum: 156.8]
      [Code Root Scanning (ms): Min: 0.0, Avg: 0.0, Max: 0.0, Diff: 0.0, Sum: 0.0]
      [Object Copy (ms): Min: 127.1, Avg: 127.3, Max: 127.4, Diff: 0.2, Sum: 1018.5]
      [Termination (ms): Min: 0.0, Avg: 0.0, Max: 0.1, Diff: 0.0, Sum: 0.4]
         [Termination Attempts: Min: 1, Avg: 239.3, Max: 303, Diff: 302, Sum: 1914]
      [GC Worker Other (ms): Min: 0.0, Avg: 0.0, Max: 0.0, Diff: 0.0, Sum: 0.2]
      [GC Worker Total (ms): Min: 163.8, Avg: 163.9, Max: 163.9, Diff: 0.2, Sum: 1310.9]
      [GC Worker End (ms): Min: 28320.2, Avg: 28320.2, Max: 28320.2, Diff: 0.0]
   [Code Root Fixup: 0.0 ms]
   [Code Root Purge: 0.0 ms]
   [Clear CT: 0.3 ms]
   [Other: 0.8 ms]
      [Choose CSet: 0.0 ms]
      [Ref Proc: 0.1 ms]
      [Ref Enq: 0.0 ms]
      [Redirty Cards: 0.2 ms]
      [Humongous Register: 0.0 ms]
      [Humongous Reclaim: 0.0 ms]
      [Free CSet: 0.2 ms]
   [Eden: 277.0M(277.0M)->0.0B(281.0M) Survivors: 40.0M->40.0M Heap: 1036.4M(2048.0M)->1037.9M(2048.0M)]
 [Times: user=1.20 sys=0.05, real=0.17 secs] 
2020-09-29T12:24:22.047+0200: 28.334: [GC pause (G1 Humongous Allocation) (young) (initial-mark), 0.0541419 secs]
   [Parallel Time: 53.4 ms, GC Workers: 8]
      [GC Worker Start (ms): Min: 28333.7, Avg: 28333.9, Max: 28334.3, Diff: 0.6]
      [Ext Root Scanning (ms): Min: 0.0, Avg: 0.5, Max: 0.7, Diff: 0.7, Sum: 3.7]
      [Update RS (ms): Min: 28.2, Avg: 28.8, Max: 29.0, Diff: 0.8, Sum: 230.6]
         [Processed Buffers: Min: 34, Avg: 35.9, Max: 38, Diff: 4, Sum: 287]
      [Scan RS (ms): Min: 2.7, Avg: 2.9, Max: 3.2, Diff: 0.5, Sum: 23.2]
      [Code Root Scanning (ms): Min: 0.0, Avg: 0.0, Max: 0.0, Diff: 0.0, Sum: 0.0]
      [Object Copy (ms): Min: 20.7, Avg: 20.8, Max: 20.9, Diff: 0.2, Sum: 166.5]
      [Termination (ms): Min: 0.0, Avg: 0.0, Max: 0.0, Diff: 0.0, Sum: 0.0]
         [Termination Attempts: Min: 1, Avg: 5.5, Max: 10, Diff: 9, Sum: 44]
      [GC Worker Other (ms): Min: 0.0, Avg: 0.0, Max: 0.0, Diff: 0.0, Sum: 0.2]
      [GC Worker Total (ms): Min: 52.7, Avg: 53.0, Max: 53.3, Diff: 0.6, Sum: 424.2]
      [GC Worker End (ms): Min: 28386.9, Avg: 28386.9, Max: 28387.0, Diff: 0.0]
   [Code Root Fixup: 0.0 ms]
   [Code Root Purge: 0.0 ms]
   [Clear CT: 0.2 ms]
   [Other: 0.6 ms]
      [Choose CSet: 0.0 ms]
      [Ref Proc: 0.2 ms]
      [Ref Enq: 0.0 ms]
      [Redirty Cards: 0.1 ms]
      [Humongous Register: 0.0 ms]
      [Humongous Reclaim: 0.0 ms]
      [Free CSet: 0.0 ms]
   [Eden: 12.0M(281.0M)->0.0B(323.0M) Survivors: 40.0M->14.0M Heap: 1049.4M(2048.0M)->1053.9M(2048.0M)]
 [Times: user=0.50 sys=0.00, real=0.05 secs] 
2020-09-29T12:24:22.101+0200: 28.388: [GC concurrent-root-region-scan-start]
2020-09-29T12:24:22.104+0200: 28.391: [GC concurrent-root-region-scan-end, 0.0028684 secs]
2020-09-29T12:24:22.104+0200: 28.391: [GC concurrent-mark-start]
2020-09-29T12:24:22.107+0200: 28.394: [GC concurrent-mark-end, 0.0028914 secs]
2020-09-29T12:24:22.107+0200: 28.394: [GC remark 2020-09-29T12:24:22.107+0200: 28.394: [Finalize Marking, 0.0005217 secs] 2020-09-29T12:24:22.108+0200: 28.394: [GC ref-proc, 0.0003079 secs] 2020-09-29T12:24:22.108+0200: 28.395: [Unloading, 0.0004337 secs], 0.0015940 secs]
 [Times: user=0.00 sys=0.00, real=0.00 secs] 
2020-09-29T12:24:22.109+0200: 28.396: [GC cleanup 1066M->41M(2048M), 0.0014020 secs]
 [Times: user=0.00 sys=0.00, real=0.00 secs] 
2020-09-29T12:24:22.111+0200: 28.397: [GC concurrent-cleanup-start]
2020-09-29T12:24:22.113+0200: 28.399: [GC concurrent-cleanup-end, 0.0017978 secs]
2020-09-29T12:24:22.290+0200: 28.577: [GC pause (G1 Evacuation Pause) (young), 0.1769547 secs]
   [Parallel Time: 175.9 ms, GC Workers: 8]
      [GC Worker Start (ms): Min: 28577.1, Avg: 28577.1, Max: 28577.2, Diff: 0.1]
      [Ext Root Scanning (ms): Min: 0.0, Avg: 0.1, Max: 0.1, Diff: 0.1, Sum: 0.6]
      [Update RS (ms): Min: 16.5, Avg: 16.6, Max: 16.8, Diff: 0.4, Sum: 132.6]
         [Processed Buffers: Min: 16, Avg: 18.9, Max: 22, Diff: 6, Sum: 151]
      [Scan RS (ms): Min: 20.9, Avg: 21.1, Max: 21.3, Diff: 0.5, Sum: 169.2]
      [Code Root Scanning (ms): Min: 0.0, Avg: 0.0, Max: 0.0, Diff: 0.0, Sum: 0.0]
      [Object Copy (ms): Min: 137.8, Avg: 137.9, Max: 138.0, Diff: 0.2, Sum: 1103.2]
      [Termination (ms): Min: 0.0, Avg: 0.1, Max: 0.1, Diff: 0.1, Sum: 0.4]
         [Termination Attempts: Min: 1, Avg: 396.6, Max: 490, Diff: 489, Sum: 3173]
      [GC Worker Other (ms): Min: 0.0, Avg: 0.0, Max: 0.1, Diff: 0.0, Sum: 0.3]
      [GC Worker Total (ms): Min: 175.7, Avg: 175.8, Max: 175.9, Diff: 0.1, Sum: 1406.4]
      [GC Worker End (ms): Min: 28752.9, Avg: 28752.9, Max: 28752.9, Diff: 0.0]
   [Code Root Fixup: 0.0 ms]
   [Code Root Purge: 0.0 ms]
   [Clear CT: 0.2 ms]
   [Other: 0.8 ms]
      [Choose CSet: 0.0 ms]
      [Ref Proc: 0.1 ms]
      [Ref Enq: 0.0 ms]
      [Redirty Cards: 0.2 ms]
      [Humongous Register: 0.0 ms]
      [Humongous Reclaim: 0.0 ms]
      [Free CSet: 0.2 ms]
   [Eden: 323.0M(323.0M)->0.0B(291.0M) Survivors: 14.0M->43.0M Heap: 407.3M(2048.0M)->394.8M(2048.0M)]
 [Times: user=1.34 sys=0.02, real=0.18 secs] 
2020-09-29T12:24:22.634+0200: 28.920: [GC pause (G1 Evacuation Pause) (young), 0.1859486 secs]
   [Parallel Time: 184.8 ms, GC Workers: 8]
      [GC Worker Start (ms): Min: 28920.2, Avg: 28920.3, Max: 28920.3, Diff: 0.2]
      [Ext Root Scanning (ms): Min: 0.0, Avg: 0.1, Max: 0.2, Diff: 0.1, Sum: 0.4]
      [Update RS (ms): Min: 18.8, Avg: 19.1, Max: 19.4, Diff: 0.5, Sum: 152.6]
         [Processed Buffers: Min: 19, Avg: 20.4, Max: 24, Diff: 5, Sum: 163]
      [Scan RS (ms): Min: 20.3, Avg: 22.6, Max: 36.2, Diff: 15.9, Sum: 180.5]
      [Code Root Scanning (ms): Min: 0.0, Avg: 0.0, Max: 0.0, Diff: 0.0, Sum: 0.0]
      [Object Copy (ms): Min: 128.9, Avg: 142.6, Max: 144.7, Diff: 15.8, Sum: 1141.2]
      [Termination (ms): Min: 0.0, Avg: 0.2, Max: 0.2, Diff: 0.2, Sum: 1.6]
         [Termination Attempts: Min: 1, Avg: 1421.3, Max: 1740, Diff: 1739, Sum: 11370]
      [GC Worker Other (ms): Min: 0.0, Avg: 0.1, Max: 0.1, Diff: 0.1, Sum: 0.4]
      [GC Worker Total (ms): Min: 184.5, Avg: 184.6, Max: 184.7, Diff: 0.2, Sum: 1476.8]
      [GC Worker End (ms): Min: 29104.9, Avg: 29104.9, Max: 29104.9, Diff: 0.1]
   [Code Root Fixup: 0.0 ms]
   [Code Root Purge: 0.0 ms]
   [Clear CT: 0.2 ms]
   [Other: 1.0 ms]
      [Choose CSet: 0.0 ms]
      [Ref Proc: 0.2 ms]
      [Ref Enq: 0.0 ms]
      [Redirty Cards: 0.2 ms]
      [Humongous Register: 0.0 ms]
      [Humongous Reclaim: 0.0 ms]
      [Free CSet: 0.3 ms]
   [Eden: 291.0M(291.0M)->0.0B(277.0M) Survivors: 43.0M->42.0M Heap: 733.5M(2048.0M)->736.0M(2048.0M)]
 [Times: user=1.38 sys=0.05, real=0.18 secs] 
2020-09-29T12:24:22.987+0200: 29.274: [GC pause (G1 Evacuation Pause) (young), 0.1785711 secs]
   [Parallel Time: 177.5 ms, GC Workers: 8]
      [GC Worker Start (ms): Min: 29273.9, Avg: 29274.0, Max: 29274.1, Diff: 0.2]
      [Ext Root Scanning (ms): Min: 0.0, Avg: 0.1, Max: 0.2, Diff: 0.2, Sum: 0.5]
      [Update RS (ms): Min: 18.6, Avg: 18.9, Max: 19.0, Diff: 0.4, Sum: 150.9]
         [Processed Buffers: Min: 16, Avg: 19.1, Max: 22, Diff: 6, Sum: 153]
      [Scan RS (ms): Min: 21.1, Avg: 21.4, Max: 21.7, Diff: 0.6, Sum: 170.9]
      [Code Root Scanning (ms): Min: 0.0, Avg: 0.0, Max: 0.0, Diff: 0.0, Sum: 0.0]
      [Object Copy (ms): Min: 136.7, Avg: 136.8, Max: 136.9, Diff: 0.2, Sum: 1094.2]
      [Termination (ms): Min: 0.0, Avg: 0.1, Max: 0.1, Diff: 0.1, Sum: 0.4]
         [Termination Attempts: Min: 1, Avg: 369.8, Max: 458, Diff: 457, Sum: 2958]
      [GC Worker Other (ms): Min: 0.1, Avg: 0.1, Max: 0.1, Diff: 0.1, Sum: 0.8]
      [GC Worker Total (ms): Min: 177.2, Avg: 177.2, Max: 177.3, Diff: 0.2, Sum: 1417.9]
      [GC Worker End (ms): Min: 29451.2, Avg: 29451.2, Max: 29451.3, Diff: 0.1]
   [Code Root Fixup: 0.0 ms]
   [Code Root Purge: 0.0 ms]
   [Clear CT: 0.1 ms]
   [Other: 0.9 ms]
      [Choose CSet: 0.0 ms]
      [Ref Proc: 0.2 ms]
      [Ref Enq: 0.0 ms]
      [Redirty Cards: 0.4 ms]
      [Humongous Register: 0.0 ms]
      [Humongous Reclaim: 0.0 ms]
      [Free CSet: 0.2 ms]
   [Eden: 277.0M(277.0M)->0.0B(272.0M) Survivors: 42.0M->40.0M Heap: 1058.8M(2048.0M)->1060.8M(2048.0M)]
 [Times: user=1.28 sys=0.06, real=0.18 secs] 
2020-09-29T12:24:23.166+0200: 29.453: [GC pause (G1 Humongous Allocation) (young) (initial-mark), 0.0616412 secs]
   [Parallel Time: 60.9 ms, GC Workers: 8]
      [GC Worker Start (ms): Min: 29453.5, Avg: 29453.5, Max: 29453.6, Diff: 0.1]
      [Ext Root Scanning (ms): Min: 0.0, Avg: 0.1, Max: 0.2, Diff: 0.2, Sum: 0.9]
      [Update RS (ms): Min: 41.2, Avg: 41.4, Max: 41.7, Diff: 0.5, Sum: 331.4]
         [Processed Buffers: Min: 52, Avg: 53.5, Max: 56, Diff: 4, Sum: 428]
      [Scan RS (ms): Min: 0.0, Avg: 0.0, Max: 0.0, Diff: 0.0, Sum: 0.0]
      [Code Root Scanning (ms): Min: 0.0, Avg: 0.0, Max: 0.0, Diff: 0.0, Sum: 0.0]
      [Object Copy (ms): Min: 18.8, Avg: 19.1, Max: 19.3, Diff: 0.4, Sum: 152.6]
      [Termination (ms): Min: 0.0, Avg: 0.1, Max: 0.1, Diff: 0.1, Sum: 0.6]
         [Termination Attempts: Min: 1, Avg: 539.3, Max: 718, Diff: 717, Sum: 4314]
      [GC Worker Other (ms): Min: 0.0, Avg: 0.0, Max: 0.0, Diff: 0.0, Sum: 0.2]
      [GC Worker Total (ms): Min: 60.6, Avg: 60.7, Max: 60.8, Diff: 0.2, Sum: 485.7]
      [GC Worker End (ms): Min: 29514.2, Avg: 29514.2, Max: 29514.3, Diff: 0.0]
   [Code Root Fixup: 0.0 ms]
   [Code Root Purge: 0.0 ms]
   [Clear CT: 0.2 ms]
   [Other: 0.5 ms]
      [Choose CSet: 0.0 ms]
      [Ref Proc: 0.1 ms]
      [Ref Enq: 0.0 ms]
      [Redirty Cards: 0.1 ms]
      [Humongous Register: 0.0 ms]
      [Humongous Reclaim: 0.0 ms]
      [Free CSet: 0.0 ms]
   [Eden: 2048.0K(272.0M)->0.0B(297.0M) Survivors: 40.0M->3072.0K Heap: 1062.8M(2048.0M)->1065.3M(2048.0M)]
 [Times: user=0.50 sys=0.00, real=0.06 secs] 
2020-09-29T12:24:23.228+0200: 29.515: [GC concurrent-root-region-scan-start]
2020-09-29T12:24:23.230+0200: 29.517: [GC concurrent-root-region-scan-end, 0.0016331 secs]
2020-09-29T12:24:23.230+0200: 29.517: [GC concurrent-mark-start]
2020-09-29T12:24:23.232+0200: 29.519: [GC concurrent-mark-end, 0.0026075 secs]
2020-09-29T12:24:23.233+0200: 29.520: [GC remark 2020-09-29T12:24:23.233+0200: 29.520: [Finalize Marking, 0.0001146 secs] 2020-09-29T12:24:23.233+0200: 29.520: [GC ref-proc, 0.0002714 secs] 2020-09-29T12:24:23.233+0200: 29.520: [Unloading, 0.0003705 secs], 0.0010438 secs]
 [Times: user=0.00 sys=0.00, real=0.00 secs] 
2020-09-29T12:24:23.234+0200: 29.521: [GC cleanup 1076M->28M(2048M), 0.0011652 secs]
 [Times: user=0.00 sys=0.00, real=0.00 secs] 
2020-09-29T12:24:23.235+0200: 29.522: [GC concurrent-cleanup-start]
2020-09-29T12:24:23.236+0200: 29.524: [GC concurrent-cleanup-end, 0.0013281 secs]
2020-09-29T12:24:23.395+0200: 29.682: [GC pause (G1 Evacuation Pause) (young), 0.1885939 secs]
   [Parallel Time: 187.4 ms, GC Workers: 8]
      [GC Worker Start (ms): Min: 29682.2, Avg: 29682.3, Max: 29682.4, Diff: 0.2]
      [Ext Root Scanning (ms): Min: 0.0, Avg: 0.1, Max: 0.2, Diff: 0.2, Sum: 0.6]
      [Update RS (ms): Min: 23.3, Avg: 24.0, Max: 26.0, Diff: 2.7, Sum: 191.8]
         [Processed Buffers: Min: 20, Avg: 21.6, Max: 23, Diff: 3, Sum: 173]
      [Scan RS (ms): Min: 16.5, Avg: 18.5, Max: 19.2, Diff: 2.6, Sum: 148.1]
      [Code Root Scanning (ms): Min: 0.0, Avg: 0.0, Max: 0.0, Diff: 0.0, Sum: 0.0]
      [Object Copy (ms): Min: 144.1, Avg: 144.2, Max: 144.6, Diff: 0.5, Sum: 1153.7]
      [Termination (ms): Min: 0.0, Avg: 0.3, Max: 0.5, Diff: 0.5, Sum: 2.8]
         [Termination Attempts: Min: 1, Avg: 2321.1, Max: 3049, Diff: 3048, Sum: 18569]
      [GC Worker Other (ms): Min: 0.0, Avg: 0.1, Max: 0.1, Diff: 0.1, Sum: 0.4]
      [GC Worker Total (ms): Min: 187.1, Avg: 187.2, Max: 187.3, Diff: 0.2, Sum: 1497.4]
      [GC Worker End (ms): Min: 29869.4, Avg: 29869.5, Max: 29869.5, Diff: 0.1]
   [Code Root Fixup: 0.0 ms]
   [Code Root Purge: 0.0 ms]
   [Clear CT: 0.2 ms]
   [Other: 1.0 ms]
      [Choose CSet: 0.0 ms]
      [Ref Proc: 0.3 ms]
      [Ref Enq: 0.0 ms]
      [Redirty Cards: 0.2 ms]
      [Humongous Register: 0.0 ms]
      [Humongous Reclaim: 0.0 ms]
      [Free CSet: 0.2 ms]
   [Eden: 297.0M(297.0M)->0.0B(249.0M) Survivors: 3072.0K->38.0M Heap: 364.6M(2048.0M)->363.6M(2048.0M)]
 [Times: user=1.33 sys=0.05, real=0.19 secs] 
2020-09-29T12:24:23.726+0200: 30.013: [GC pause (G1 Evacuation Pause) (young), 0.1527763 secs]
   [Parallel Time: 151.7 ms, GC Workers: 8]
      [GC Worker Start (ms): Min: 30013.1, Avg: 30013.2, Max: 30013.3, Diff: 0.2]
      [Ext Root Scanning (ms): Min: 0.0, Avg: 0.1, Max: 0.1, Diff: 0.1, Sum: 0.5]
      [Update RS (ms): Min: 17.4, Avg: 17.7, Max: 18.1, Diff: 0.7, Sum: 142.0]
         [Processed Buffers: Min: 17, Avg: 18.9, Max: 21, Diff: 4, Sum: 151]
      [Scan RS (ms): Min: 16.2, Avg: 16.6, Max: 16.9, Diff: 0.7, Sum: 132.6]
      [Code Root Scanning (ms): Min: 0.0, Avg: 0.0, Max: 0.0, Diff: 0.0, Sum: 0.0]
      [Object Copy (ms): Min: 116.9, Avg: 116.9, Max: 117.0, Diff: 0.1, Sum: 935.4]
      [Termination (ms): Min: 0.0, Avg: 0.0, Max: 0.1, Diff: 0.1, Sum: 0.4]
         [Termination Attempts: Min: 1, Avg: 349.9, Max: 462, Diff: 461, Sum: 2799]
      [GC Worker Other (ms): Min: 0.0, Avg: 0.1, Max: 0.2, Diff: 0.2, Sum: 0.7]
      [GC Worker Total (ms): Min: 151.3, Avg: 151.4, Max: 151.6, Diff: 0.3, Sum: 1211.5]
      [GC Worker End (ms): Min: 30164.6, Avg: 30164.6, Max: 30164.7, Diff: 0.2]
   [Code Root Fixup: 0.0 ms]
   [Code Root Purge: 0.0 ms]
   [Clear CT: 0.2 ms]
   [Other: 0.9 ms]
      [Choose CSet: 0.0 ms]
      [Ref Proc: 0.2 ms]
      [Ref Enq: 0.0 ms]
      [Redirty Cards: 0.1 ms]
      [Humongous Register: 0.0 ms]
      [Humongous Reclaim: 0.0 ms]
      [Free CSet: 0.3 ms]
   [Eden: 249.0M(249.0M)->0.0B(262.0M) Survivors: 38.0M->36.0M Heap: 654.6M(2048.0M)->657.6M(2048.0M)]
 [Times: user=1.13 sys=0.00, real=0.15 secs] 
2020-09-29T12:24:24.017+0200: 30.303: [GC pause (G1 Evacuation Pause) (young), 0.1619726 secs]
   [Parallel Time: 160.2 ms, GC Workers: 8]
      [GC Worker Start (ms): Min: 30303.2, Avg: 30303.3, Max: 30303.4, Diff: 0.1]
      [Ext Root Scanning (ms): Min: 0.0, Avg: 0.1, Max: 0.2, Diff: 0.1, Sum: 0.7]
      [Update RS (ms): Min: 17.9, Avg: 18.1, Max: 18.4, Diff: 0.5, Sum: 144.5]
         [Processed Buffers: Min: 18, Avg: 19.4, Max: 21, Diff: 3, Sum: 155]
      [Scan RS (ms): Min: 17.5, Avg: 17.8, Max: 18.1, Diff: 0.5, Sum: 142.4]
      [Code Root Scanning (ms): Min: 0.0, Avg: 0.0, Max: 0.0, Diff: 0.0, Sum: 0.0]
      [Object Copy (ms): Min: 123.7, Avg: 123.9, Max: 124.0, Diff: 0.3, Sum: 991.0]
      [Termination (ms): Min: 0.0, Avg: 0.1, Max: 0.2, Diff: 0.2, Sum: 1.0]
         [Termination Attempts: Min: 1, Avg: 877.1, Max: 1292, Diff: 1291, Sum: 7017]
      [GC Worker Other (ms): Min: 0.0, Avg: 0.0, Max: 0.1, Diff: 0.0, Sum: 0.3]
      [GC Worker Total (ms): Min: 159.9, Avg: 160.0, Max: 160.1, Diff: 0.1, Sum: 1279.9]
      [GC Worker End (ms): Min: 30463.3, Avg: 30463.3, Max: 30463.3, Diff: 0.0]
   [Code Root Fixup: 0.0 ms]
   [Code Root Purge: 0.0 ms]
   [Clear CT: 0.2 ms]
   [Other: 1.5 ms]
      [Choose CSet: 0.0 ms]
      [Ref Proc: 0.4 ms]
      [Ref Enq: 0.0 ms]
      [Redirty Cards: 0.8 ms]
      [Humongous Register: 0.0 ms]
      [Humongous Reclaim: 0.0 ms]
      [Free CSet: 0.1 ms]
   [Eden: 262.0M(262.0M)->0.0B(269.0M) Survivors: 36.0M->38.0M Heap: 963.4M(2048.0M)->964.9M(2048.0M)]
 [Times: user=1.34 sys=0.02, real=0.16 secs] 
2020-09-29T12:24:24.184+0200: 30.472: [GC pause (G1 Humongous Allocation) (young) (initial-mark), 0.0554949 secs]
   [Parallel Time: 54.6 ms, GC Workers: 8]
      [GC Worker Start (ms): Min: 30471.7, Avg: 30471.7, Max: 30471.8, Diff: 0.1]
      [Ext Root Scanning (ms): Min: 0.0, Avg: 0.7, Max: 2.6, Diff: 2.6, Sum: 6.0]
      [Update RS (ms): Min: 33.2, Avg: 35.1, Max: 35.9, Diff: 2.7, Sum: 280.6]
         [Processed Buffers: Min: 38, Avg: 42.1, Max: 46, Diff: 8, Sum: 337]
      [Scan RS (ms): Min: 2.3, Avg: 2.4, Max: 2.5, Diff: 0.2, Sum: 19.2]
      [Code Root Scanning (ms): Min: 0.0, Avg: 0.0, Max: 0.0, Diff: 0.0, Sum: 0.0]
      [Object Copy (ms): Min: 16.2, Avg: 16.2, Max: 16.3, Diff: 0.1, Sum: 129.8]
      [Termination (ms): Min: 0.0, Avg: 0.1, Max: 0.1, Diff: 0.1, Sum: 0.4]
         [Termination Attempts: Min: 1, Avg: 43.8, Max: 66, Diff: 65, Sum: 350]
      [GC Worker Other (ms): Min: 0.0, Avg: 0.0, Max: 0.0, Diff: 0.0, Sum: 0.1]
      [GC Worker Total (ms): Min: 54.4, Avg: 54.5, Max: 54.6, Diff: 0.2, Sum: 436.1]
      [GC Worker End (ms): Min: 30526.2, Avg: 30526.3, Max: 30526.3, Diff: 0.0]
   [Code Root Fixup: 0.0 ms]
   [Code Root Purge: 0.0 ms]
   [Clear CT: 0.2 ms]
   [Other: 0.6 ms]
      [Choose CSet: 0.0 ms]
      [Ref Proc: 0.2 ms]
      [Ref Enq: 0.0 ms]
      [Redirty Cards: 0.1 ms]
      [Humongous Register: 0.0 ms]
      [Humongous Reclaim: 0.0 ms]
      [Free CSet: 0.0 ms]
   [Eden: 5120.0K(269.0M)->0.0B(320.0M) Survivors: 38.0M->7168.0K Heap: 969.9M(2048.0M)->974.9M(2048.0M)]
 [Times: user=0.49 sys=0.01, real=0.06 secs] 
2020-09-29T12:24:24.240+0200: 30.527: [GC concurrent-root-region-scan-start]
2020-09-29T12:24:24.241+0200: 30.528: [GC concurrent-root-region-scan-end, 0.0011133 secs]
2020-09-29T12:24:24.241+0200: 30.528: [GC concurrent-mark-start]
2020-09-29T12:24:24.243+0200: 30.530: [GC concurrent-mark-end, 0.0020728 secs]
2020-09-29T12:24:24.243+0200: 30.531: [GC remark 2020-09-29T12:24:24.243+0200: 30.531: [Finalize Marking, 0.0001151 secs] 2020-09-29T12:24:24.244+0200: 30.531: [GC ref-proc, 0.0002720 secs] 2020-09-29T12:24:24.244+0200: 30.531: [Unloading, 0.0004313 secs], 0.0010794 secs]
 [Times: user=0.00 sys=0.00, real=0.00 secs] 
2020-09-29T12:24:24.245+0200: 30.532: [GC cleanup 983M->30M(2048M), 0.0009666 secs]
 [Times: user=0.00 sys=0.00, real=0.00 secs] 
2020-09-29T12:24:24.246+0200: 30.533: [GC concurrent-cleanup-start]
2020-09-29T12:24:24.247+0200: 30.534: [GC concurrent-cleanup-end, 0.0009702 secs]
2020-09-29T12:24:24.412+0200: 30.698: [GC pause (G1 Evacuation Pause) (young), 0.1789693 secs]
   [Parallel Time: 177.8 ms, GC Workers: 8]
      [GC Worker Start (ms): Min: 30698.5, Avg: 30698.6, Max: 30698.7, Diff: 0.2]
      [Ext Root Scanning (ms): Min: 0.0, Avg: 0.1, Max: 0.2, Diff: 0.2, Sum: 0.5]
      [Update RS (ms): Min: 21.7, Avg: 22.2, Max: 22.6, Diff: 0.8, Sum: 177.8]
         [Processed Buffers: Min: 18, Avg: 18.9, Max: 20, Diff: 2, Sum: 151]
      [Scan RS (ms): Min: 22.8, Avg: 23.2, Max: 23.8, Diff: 1.0, Sum: 185.8]
      [Code Root Scanning (ms): Min: 0.0, Avg: 0.0, Max: 0.0, Diff: 0.0, Sum: 0.0]
      [Object Copy (ms): Min: 131.8, Avg: 131.9, Max: 132.0, Diff: 0.2, Sum: 1055.2]
      [Termination (ms): Min: 0.0, Avg: 0.0, Max: 0.0, Diff: 0.0, Sum: 0.1]
         [Termination Attempts: Min: 1, Avg: 118.8, Max: 179, Diff: 178, Sum: 950]
      [GC Worker Other (ms): Min: 0.0, Avg: 0.1, Max: 0.1, Diff: 0.1, Sum: 0.6]
      [GC Worker Total (ms): Min: 177.4, Avg: 177.5, Max: 177.6, Diff: 0.3, Sum: 1420.1]
      [GC Worker End (ms): Min: 30876.1, Avg: 30876.1, Max: 30876.2, Diff: 0.1]
   [Code Root Fixup: 0.0 ms]
   [Code Root Purge: 0.0 ms]
   [Clear CT: 0.2 ms]
   [Other: 0.9 ms]
      [Choose CSet: 0.0 ms]
      [Ref Proc: 0.2 ms]
      [Ref Enq: 0.0 ms]
      [Redirty Cards: 0.3 ms]
      [Humongous Register: 0.0 ms]
      [Humongous Reclaim: 0.0 ms]
      [Free CSet: 0.2 ms]
   [Eden: 320.0M(320.0M)->0.0B(276.0M) Survivors: 7168.0K->41.0M Heap: 395.4M(2048.0M)->390.9M(2048.0M)]
 [Times: user=1.27 sys=0.11, real=0.18 secs] 
2020-09-29T12:24:24.753+0200: 31.040: [GC pause (G1 Evacuation Pause) (young), 0.1651546 secs]
   [Parallel Time: 163.5 ms, GC Workers: 8]
      [GC Worker Start (ms): Min: 31039.7, Avg: 31039.8, Max: 31039.9, Diff: 0.2]
      [Ext Root Scanning (ms): Min: 0.0, Avg: 0.1, Max: 0.2, Diff: 0.2, Sum: 0.5]
      [Update RS (ms): Min: 17.4, Avg: 17.5, Max: 17.8, Diff: 0.4, Sum: 140.4]
         [Processed Buffers: Min: 17, Avg: 19.9, Max: 23, Diff: 6, Sum: 159]
      [Scan RS (ms): Min: 19.2, Avg: 19.6, Max: 19.8, Diff: 0.5, Sum: 156.7]
      [Code Root Scanning (ms): Min: 0.0, Avg: 0.0, Max: 0.0, Diff: 0.0, Sum: 0.0]
      [Object Copy (ms): Min: 125.7, Avg: 125.8, Max: 125.9, Diff: 0.2, Sum: 1006.3]
      [Termination (ms): Min: 0.0, Avg: 0.0, Max: 0.0, Diff: 0.0, Sum: 0.1]
         [Termination Attempts: Min: 1, Avg: 48.6, Max: 68, Diff: 67, Sum: 389]
      [GC Worker Other (ms): Min: 0.0, Avg: 0.1, Max: 0.3, Diff: 0.2, Sum: 0.8]
      [GC Worker Total (ms): Min: 163.0, Avg: 163.1, Max: 163.3, Diff: 0.3, Sum: 1304.8]
      [GC Worker End (ms): Min: 31202.9, Avg: 31202.9, Max: 31203.1, Diff: 0.2]
   [Code Root Fixup: 0.0 ms]
   [Code Root Purge: 0.0 ms]
   [Clear CT: 0.4 ms]
   [Other: 1.3 ms]
      [Choose CSet: 0.0 ms]
      [Ref Proc: 0.5 ms]
      [Ref Enq: 0.0 ms]
      [Redirty Cards: 0.5 ms]
      [Humongous Register: 0.0 ms]
      [Humongous Reclaim: 0.0 ms]
      [Free CSet: 0.2 ms]
   [Eden: 276.0M(276.0M)->0.0B(278.0M) Survivors: 41.0M->40.0M Heap: 714.6M(2048.0M)->715.6M(2048.0M)]
 [Times: user=1.20 sys=0.08, real=0.16 secs] 
2020-09-29T12:24:25.074+0200: 31.360: [GC pause (G1 Evacuation Pause) (young), 0.1674622 secs]
   [Parallel Time: 166.6 ms, GC Workers: 8]
      [GC Worker Start (ms): Min: 31360.1, Avg: 31360.2, Max: 31360.3, Diff: 0.2]
      [Ext Root Scanning (ms): Min: 0.0, Avg: 0.1, Max: 0.2, Diff: 0.2, Sum: 0.5]
      [Update RS (ms): Min: 18.3, Avg: 18.4, Max: 18.7, Diff: 0.4, Sum: 147.2]
         [Processed Buffers: Min: 17, Avg: 19.5, Max: 22, Diff: 5, Sum: 156]
      [Scan RS (ms): Min: 19.7, Avg: 20.0, Max: 20.1, Diff: 0.4, Sum: 159.9]
      [Code Root Scanning (ms): Min: 0.0, Avg: 0.0, Max: 0.0, Diff: 0.0, Sum: 0.0]
      [Object Copy (ms): Min: 127.7, Avg: 127.8, Max: 127.9, Diff: 0.2, Sum: 1022.0]
      [Termination (ms): Min: 0.0, Avg: 0.1, Max: 0.1, Diff: 0.1, Sum: 0.8]
         [Termination Attempts: Min: 1, Avg: 700.8, Max: 857, Diff: 856, Sum: 5606]
      [GC Worker Other (ms): Min: 0.0, Avg: 0.0, Max: 0.1, Diff: 0.1, Sum: 0.4]
      [GC Worker Total (ms): Min: 166.3, Avg: 166.4, Max: 166.5, Diff: 0.2, Sum: 1330.8]
      [GC Worker End (ms): Min: 31526.6, Avg: 31526.6, Max: 31526.6, Diff: 0.1]
   [Code Root Fixup: 0.0 ms]
   [Code Root Purge: 0.0 ms]
   [Clear CT: 0.1 ms]
   [Other: 0.7 ms]
      [Choose CSet: 0.0 ms]
      [Ref Proc: 0.2 ms]
      [Ref Enq: 0.0 ms]
      [Redirty Cards: 0.2 ms]
      [Humongous Register: 0.0 ms]
      [Humongous Reclaim: 0.0 ms]
      [Free CSet: 0.2 ms]
   [Eden: 278.0M(278.0M)->0.0B(279.0M) Survivors: 40.0M->40.0M Heap: 1039.4M(2048.0M)->1041.9M(2048.0M)]
 [Times: user=1.36 sys=0.02, real=0.17 secs] 
2020-09-29T12:24:25.245+0200: 31.532: [GC pause (G1 Humongous Allocation) (young) (initial-mark), 0.0595593 secs]
   [Parallel Time: 58.8 ms, GC Workers: 8]
      [GC Worker Start (ms): Min: 31532.6, Avg: 31532.6, Max: 31532.7, Diff: 0.1]
      [Ext Root Scanning (ms): Min: 0.0, Avg: 0.1, Max: 0.2, Diff: 0.2, Sum: 1.0]
      [Update RS (ms): Min: 35.9, Avg: 36.0, Max: 36.4, Diff: 0.5, Sum: 288.2]
         [Processed Buffers: Min: 46, Avg: 46.8, Max: 47, Diff: 1, Sum: 374]
      [Scan RS (ms): Min: 1.8, Avg: 2.2, Max: 2.4, Diff: 0.6, Sum: 17.6]
      [Code Root Scanning (ms): Min: 0.0, Avg: 0.0, Max: 0.0, Diff: 0.0, Sum: 0.0]
      [Object Copy (ms): Min: 20.2, Avg: 20.2, Max: 20.2, Diff: 0.1, Sum: 161.6]
      [Termination (ms): Min: 0.0, Avg: 0.0, Max: 0.1, Diff: 0.1, Sum: 0.4]
         [Termination Attempts: Min: 1, Avg: 277.4, Max: 334, Diff: 333, Sum: 2219]
      [GC Worker Other (ms): Min: 0.0, Avg: 0.0, Max: 0.0, Diff: 0.0, Sum: 0.1]
      [GC Worker Total (ms): Min: 58.5, Avg: 58.6, Max: 58.7, Diff: 0.1, Sum: 468.9]
      [GC Worker End (ms): Min: 31591.2, Avg: 31591.2, Max: 31591.2, Diff: 0.0]
   [Code Root Fixup: 0.0 ms]
   [Code Root Purge: 0.0 ms]
   [Clear CT: 0.2 ms]
   [Other: 0.6 ms]
      [Choose CSet: 0.0 ms]
      [Ref Proc: 0.2 ms]
      [Ref Enq: 0.0 ms]
      [Redirty Cards: 0.2 ms]
      [Humongous Register: 0.0 ms]
      [Humongous Reclaim: 0.0 ms]
      [Free CSet: 0.1 ms]
   [Eden: 8192.0K(279.0M)->0.0B(316.0M) Survivors: 40.0M->10.0M Heap: 1049.4M(2048.0M)->1053.4M(2048.0M)]
 [Times: user=0.50 sys=0.00, real=0.06 secs] 
2020-09-29T12:24:25.305+0200: 31.592: [GC concurrent-root-region-scan-start]
2020-09-29T12:24:25.307+0200: 31.594: [GC concurrent-root-region-scan-end, 0.0022234 secs]
2020-09-29T12:24:25.307+0200: 31.594: [GC concurrent-mark-start]
2020-09-29T12:24:25.310+0200: 31.597: [GC concurrent-mark-end, 0.0026909 secs]
2020-09-29T12:24:25.310+0200: 31.597: [GC remark 2020-09-29T12:24:25.310+0200: 31.597: [Finalize Marking, 0.0002609 secs] 2020-09-29T12:24:25.310+0200: 31.598: [GC ref-proc, 0.0002935 secs] 2020-09-29T12:24:25.311+0200: 31.598: [Unloading, 0.0004451 secs], 0.0013967 secs]
 [Times: user=0.00 sys=0.00, real=0.00 secs] 
2020-09-29T12:24:25.312+0200: 31.599: [GC cleanup 1065M->36M(2048M), 0.0015826 secs]
 [Times: user=0.00 sys=0.00, real=0.00 secs] 
2020-09-29T12:24:25.314+0200: 31.601: [GC concurrent-cleanup-start]
2020-09-29T12:24:25.315+0200: 31.602: [GC concurrent-cleanup-end, 0.0014214 secs]
2020-09-29T12:24:25.494+0200: 31.781: [GC pause (G1 Evacuation Pause) (young), 0.1769737 secs]
   [Parallel Time: 175.7 ms, GC Workers: 8]
      [GC Worker Start (ms): Min: 31781.4, Avg: 31781.6, Max: 31781.6, Diff: 0.2]
      [Ext Root Scanning (ms): Min: 0.0, Avg: 0.1, Max: 0.2, Diff: 0.2, Sum: 0.5]
      [Update RS (ms): Min: 22.1, Avg: 22.3, Max: 22.6, Diff: 0.5, Sum: 178.6]
         [Processed Buffers: Min: 19, Avg: 21.1, Max: 24, Diff: 5, Sum: 169]
      [Scan RS (ms): Min: 20.5, Avg: 20.7, Max: 21.0, Diff: 0.5, Sum: 165.9]
      [Code Root Scanning (ms): Min: 0.0, Avg: 0.0, Max: 0.0, Diff: 0.0, Sum: 0.0]
      [Object Copy (ms): Min: 132.2, Avg: 132.3, Max: 132.4, Diff: 0.1, Sum: 1058.3]
      [Termination (ms): Min: 0.0, Avg: 0.0, Max: 0.0, Diff: 0.0, Sum: 0.1]
         [Termination Attempts: Min: 1, Avg: 86.3, Max: 113, Diff: 112, Sum: 690]
      [GC Worker Other (ms): Min: 0.0, Avg: 0.1, Max: 0.1, Diff: 0.1, Sum: 0.5]
      [GC Worker Total (ms): Min: 175.4, Avg: 175.5, Max: 175.6, Diff: 0.2, Sum: 1404.0]
      [GC Worker End (ms): Min: 31957.0, Avg: 31957.0, Max: 31957.1, Diff: 0.1]
   [Code Root Fixup: 0.0 ms]
   [Code Root Purge: 0.0 ms]
   [Clear CT: 0.2 ms]
   [Other: 1.1 ms]
      [Choose CSet: 0.0 ms]
      [Ref Proc: 0.3 ms]
      [Ref Enq: 0.0 ms]
      [Redirty Cards: 0.2 ms]
      [Humongous Register: 0.0 ms]
      [Humongous Reclaim: 0.0 ms]
      [Free CSet: 0.3 ms]
   [Eden: 316.0M(316.0M)->0.0B(280.0M) Survivors: 10.0M->41.0M Heap: 393.9M(2048.0M)->386.4M(2048.0M)]
 [Times: user=1.25 sys=0.05, real=0.18 secs] 
2020-09-29T12:24:25.884+0200: 32.170: [GC pause (G1 Evacuation Pause) (young), 0.2475174 secs]
   [Parallel Time: 245.6 ms, GC Workers: 8]
      [GC Worker Start (ms): Min: 32170.2, Avg: 32170.4, Max: 32170.5, Diff: 0.2]
      [Ext Root Scanning (ms): Min: 0.0, Avg: 0.1, Max: 0.2, Diff: 0.2, Sum: 0.6]
      [Update RS (ms): Min: 21.2, Avg: 21.4, Max: 21.7, Diff: 0.5, Sum: 171.0]
         [Processed Buffers: Min: 15, Avg: 16.8, Max: 18, Diff: 3, Sum: 134]
      [Scan RS (ms): Min: 32.2, Avg: 32.5, Max: 32.9, Diff: 0.7, Sum: 260.1]
      [Code Root Scanning (ms): Min: 0.0, Avg: 0.0, Max: 0.0, Diff: 0.0, Sum: 0.0]
      [Object Copy (ms): Min: 190.7, Avg: 190.9, Max: 191.1, Diff: 0.4, Sum: 1527.2]
      [Termination (ms): Min: 0.0, Avg: 0.3, Max: 0.3, Diff: 0.3, Sum: 2.0]
         [Termination Attempts: Min: 1, Avg: 980.1, Max: 1296, Diff: 1295, Sum: 7841]
      [GC Worker Other (ms): Min: 0.0, Avg: 0.0, Max: 0.1, Diff: 0.1, Sum: 0.3]
      [GC Worker Total (ms): Min: 245.0, Avg: 245.2, Max: 245.3, Diff: 0.2, Sum: 1961.3]
      [GC Worker End (ms): Min: 32415.5, Avg: 32415.5, Max: 32415.6, Diff: 0.1]
   [Code Root Fixup: 0.0 ms]
   [Code Root Purge: 0.0 ms]
   [Clear CT: 0.3 ms]
   [Other: 1.6 ms]
      [Choose CSet: 0.0 ms]
      [Ref Proc: 0.4 ms]
      [Ref Enq: 0.0 ms]
      [Redirty Cards: 0.6 ms]
      [Humongous Register: 0.0 ms]
      [Humongous Reclaim: 0.0 ms]
      [Free CSet: 0.3 ms]
   [Eden: 280.0M(280.0M)->0.0B(198.0M) Survivors: 41.0M->41.0M Heap: 714.1M(2048.0M)->715.6M(2048.0M)]
 [Times: user=1.78 sys=0.06, real=0.25 secs] 
2020-09-29T12:24:26.299+0200: 32.585: [GC pause (G1 Evacuation Pause) (young), 0.1844773 secs]
   [Parallel Time: 182.9 ms, GC Workers: 8]
      [GC Worker Start (ms): Min: 32585.4, Avg: 32585.5, Max: 32585.6, Diff: 0.2]
      [Ext Root Scanning (ms): Min: 0.0, Avg: 0.1, Max: 0.2, Diff: 0.2, Sum: 0.8]
      [Update RS (ms): Min: 18.1, Avg: 18.3, Max: 18.6, Diff: 0.5, Sum: 146.1]
         [Processed Buffers: Min: 13, Avg: 15.3, Max: 18, Diff: 5, Sum: 122]
      [Scan RS (ms): Min: 14.5, Avg: 14.8, Max: 15.0, Diff: 0.5, Sum: 118.4]
      [Code Root Scanning (ms): Min: 0.0, Avg: 0.0, Max: 0.0, Diff: 0.0, Sum: 0.0]
      [Object Copy (ms): Min: 149.0, Avg: 149.1, Max: 149.3, Diff: 0.3, Sum: 1192.8]
      [Termination (ms): Min: 0.0, Avg: 0.3, Max: 0.4, Diff: 0.4, Sum: 2.4]
         [Termination Attempts: Min: 1, Avg: 1479.0, Max: 1835, Diff: 1834, Sum: 11832]
      [GC Worker Other (ms): Min: 0.0, Avg: 0.0, Max: 0.1, Diff: 0.1, Sum: 0.3]
      [GC Worker Total (ms): Min: 182.5, Avg: 182.6, Max: 182.7, Diff: 0.2, Sum: 1460.8]
      [GC Worker End (ms): Min: 32768.1, Avg: 32768.1, Max: 32768.2, Diff: 0.1]
   [Code Root Fixup: 0.0 ms]
   [Code Root Purge: 0.0 ms]
   [Clear CT: 0.3 ms]
   [Other: 1.3 ms]
      [Choose CSet: 0.0 ms]
      [Ref Proc: 0.3 ms]
      [Ref Enq: 0.0 ms]
      [Redirty Cards: 0.4 ms]
      [Humongous Register: 0.0 ms]
      [Humongous Reclaim: 0.0 ms]
      [Free CSet: 0.3 ms]
   [Eden: 198.0M(198.0M)->0.0B(195.0M) Survivors: 41.0M->30.0M Heap: 946.0M(2048.0M)->948.0M(2048.0M)]
 [Times: user=1.48 sys=0.02, real=0.18 secs] 
2020-09-29T12:24:26.493+0200: 32.779: [GC pause (G1 Humongous Allocation) (young) (initial-mark), 0.0680789 secs]
   [Parallel Time: 66.9 ms, GC Workers: 8]
      [GC Worker Start (ms): Min: 32779.4, Avg: 32779.6, Max: 32779.7, Diff: 0.2]
      [Ext Root Scanning (ms): Min: 0.0, Avg: 0.7, Max: 3.1, Diff: 3.1, Sum: 5.7]
      [Update RS (ms): Min: 36.9, Avg: 39.0, Max: 39.7, Diff: 2.9, Sum: 311.7]
         [Processed Buffers: Min: 31, Avg: 33.0, Max: 35, Diff: 4, Sum: 264]
      [Scan RS (ms): Min: 2.2, Avg: 2.6, Max: 3.1, Diff: 0.9, Sum: 21.1]
      [Code Root Scanning (ms): Min: 0.0, Avg: 0.0, Max: 0.0, Diff: 0.0, Sum: 0.0]
      [Object Copy (ms): Min: 24.0, Avg: 24.1, Max: 24.1, Diff: 0.2, Sum: 192.6]
      [Termination (ms): Min: 0.0, Avg: 0.1, Max: 0.1, Diff: 0.1, Sum: 0.5]
         [Termination Attempts: Min: 1, Avg: 247.4, Max: 343, Diff: 342, Sum: 1979]
      [GC Worker Other (ms): Min: 0.0, Avg: 0.0, Max: 0.0, Diff: 0.0, Sum: 0.1]
      [GC Worker Total (ms): Min: 66.4, Avg: 66.5, Max: 66.6, Diff: 0.2, Sum: 531.8]
      [GC Worker End (ms): Min: 32846.0, Avg: 32846.0, Max: 32846.1, Diff: 0.0]
   [Code Root Fixup: 0.0 ms]
   [Code Root Purge: 0.0 ms]
   [Clear CT: 0.3 ms]
   [Other: 0.9 ms]
      [Choose CSet: 0.0 ms]
      [Ref Proc: 0.2 ms]
      [Ref Enq: 0.0 ms]
      [Redirty Cards: 0.3 ms]
      [Humongous Register: 0.1 ms]
      [Humongous Reclaim: 0.0 ms]
      [Free CSet: 0.1 ms]
   [Eden: 8192.0K(195.0M)->0.0B(214.0M) Survivors: 30.0M->10.0M Heap: 955.5M(2048.0M)->959.0M(2048.0M)]
 [Times: user=0.50 sys=0.00, real=0.07 secs] 
2020-09-29T12:24:26.561+0200: 32.847: [GC concurrent-root-region-scan-start]
2020-09-29T12:24:26.565+0200: 32.851: [GC concurrent-root-region-scan-end, 0.0037691 secs]
2020-09-29T12:24:26.565+0200: 32.851: [GC concurrent-mark-start]
2020-09-29T12:24:26.570+0200: 32.856: [GC concurrent-mark-end, 0.0046622 secs]
2020-09-29T12:24:26.570+0200: 32.856: [GC remark 2020-09-29T12:24:26.570+0200: 32.856: [Finalize Marking, 0.0003509 secs] 2020-09-29T12:24:26.570+0200: 32.857: [GC ref-proc, 0.0005139 secs] 2020-09-29T12:24:26.571+0200: 32.857: [Unloading, 0.0006405 secs], 0.0020147 secs]
 [Times: user=0.00 sys=0.00, real=0.00 secs] 
2020-09-29T12:24:26.573+0200: 32.859: [GC cleanup 971M->37M(2048M), 0.0021824 secs]
 [Times: user=0.00 sys=0.00, real=0.00 secs] 
2020-09-29T12:24:26.575+0200: 32.861: [GC concurrent-cleanup-start]
2020-09-29T12:24:26.577+0200: 32.864: [GC concurrent-cleanup-end, 0.0025153 secs]
2020-09-29T12:24:26.732+0200: 33.018: [GC pause (G1 Evacuation Pause) (young), 0.1758916 secs]
   [Parallel Time: 174.6 ms, GC Workers: 8]
      [GC Worker Start (ms): Min: 33018.3, Avg: 33018.4, Max: 33018.5, Diff: 0.2]
      [Ext Root Scanning (ms): Min: 0.0, Avg: 0.1, Max: 0.2, Diff: 0.2, Sum: 0.6]
      [Update RS (ms): Min: 21.3, Avg: 21.5, Max: 21.8, Diff: 0.5, Sum: 172.1]
         [Processed Buffers: Min: 13, Avg: 15.0, Max: 17, Diff: 4, Sum: 120]
      [Scan RS (ms): Min: 18.0, Avg: 18.3, Max: 18.5, Diff: 0.5, Sum: 146.4]
      [Code Root Scanning (ms): Min: 0.0, Avg: 0.0, Max: 0.0, Diff: 0.0, Sum: 0.0]
      [Object Copy (ms): Min: 134.1, Avg: 134.3, Max: 134.5, Diff: 0.4, Sum: 1074.3]
      [Termination (ms): Min: 0.0, Avg: 0.1, Max: 0.1, Diff: 0.1, Sum: 0.6]
         [Termination Attempts: Min: 1, Avg: 310.1, Max: 413, Diff: 412, Sum: 2481]
      [GC Worker Other (ms): Min: 0.0, Avg: 0.0, Max: 0.1, Diff: 0.1, Sum: 0.4]
      [GC Worker Total (ms): Min: 174.2, Avg: 174.3, Max: 174.4, Diff: 0.2, Sum: 1394.4]
      [GC Worker End (ms): Min: 33192.7, Avg: 33192.7, Max: 33192.7, Diff: 0.1]
   [Code Root Fixup: 0.0 ms]
   [Code Root Purge: 0.0 ms]
   [Clear CT: 0.3 ms]
   [Other: 1.0 ms]
      [Choose CSet: 0.0 ms]
      [Ref Proc: 0.2 ms]
      [Ref Enq: 0.0 ms]
      [Redirty Cards: 0.3 ms]
      [Humongous Register: 0.0 ms]
      [Humongous Reclaim: 0.0 ms]
      [Free CSet: 0.2 ms]
   [Eden: 214.0M(214.0M)->0.0B(187.0M) Survivors: 10.0M->28.0M Heap: 274.7M(2048.0M)->266.7M(2048.0M)]
 [Times: user=1.23 sys=0.09, real=0.18 secs] 
2020-09-29T12:24:27.059+0200: 33.346: [GC pause (G1 Evacuation Pause) (young), 0.1946121 secs]
   [Parallel Time: 193.4 ms, GC Workers: 8]
      [GC Worker Start (ms): Min: 33345.7, Avg: 33345.8, Max: 33345.9, Diff: 0.3]
      [Ext Root Scanning (ms): Min: 0.0, Avg: 0.1, Max: 0.2, Diff: 0.2, Sum: 0.6]
      [Update RS (ms): Min: 20.0, Avg: 20.2, Max: 20.6, Diff: 0.6, Sum: 161.5]
         [Processed Buffers: Min: 12, Avg: 15.5, Max: 19, Diff: 7, Sum: 124]
      [Scan RS (ms): Min: 21.0, Avg: 21.4, Max: 21.6, Diff: 0.6, Sum: 171.2]
      [Code Root Scanning (ms): Min: 0.0, Avg: 0.0, Max: 0.0, Diff: 0.0, Sum: 0.0]
      [Object Copy (ms): Min: 150.8, Avg: 150.9, Max: 151.3, Diff: 0.5, Sum: 1207.3]
      [Termination (ms): Min: 0.0, Avg: 0.4, Max: 0.4, Diff: 0.4, Sum: 3.0]
         [Termination Attempts: Min: 1, Avg: 1668.8, Max: 2058, Diff: 2057, Sum: 13350]
      [GC Worker Other (ms): Min: 0.0, Avg: 0.0, Max: 0.1, Diff: 0.1, Sum: 0.4]
      [GC Worker Total (ms): Min: 192.9, Avg: 193.0, Max: 193.2, Diff: 0.2, Sum: 1544.1]
      [GC Worker End (ms): Min: 33538.8, Avg: 33538.8, Max: 33538.9, Diff: 0.1]
   [Code Root Fixup: 0.0 ms]
   [Code Root Purge: 0.0 ms]
   [Clear CT: 0.3 ms]
   [Other: 1.0 ms]
      [Choose CSet: 0.0 ms]
      [Ref Proc: 0.2 ms]
      [Ref Enq: 0.0 ms]
      [Redirty Cards: 0.3 ms]
      [Humongous Register: 0.0 ms]
      [Humongous Reclaim: 0.0 ms]
      [Free CSet: 0.2 ms]
   [Eden: 187.0M(187.0M)->0.0B(168.0M) Survivors: 28.0M->27.0M Heap: 486.2M(2048.0M)->487.7M(2048.0M)]
 [Times: user=1.33 sys=0.08, real=0.19 secs] 
2020-09-29T12:24:27.394+0200: 33.680: [GC pause (G1 Evacuation Pause) (young), 0.1696035 secs]
   [Parallel Time: 168.3 ms, GC Workers: 8]
      [GC Worker Start (ms): Min: 33680.4, Avg: 33680.8, Max: 33682.6, Diff: 2.2]
      [Ext Root Scanning (ms): Min: 0.0, Avg: 0.1, Max: 0.2, Diff: 0.2, Sum: 0.7]
      [Update RS (ms): Min: 15.4, Avg: 17.4, Max: 17.8, Diff: 2.4, Sum: 138.9]
         [Processed Buffers: Min: 7, Avg: 12.4, Max: 15, Diff: 8, Sum: 99]
      [Scan RS (ms): Min: 18.0, Avg: 18.5, Max: 19.2, Diff: 1.2, Sum: 148.0]
      [Code Root Scanning (ms): Min: 0.0, Avg: 0.0, Max: 0.0, Diff: 0.0, Sum: 0.0]
      [Object Copy (ms): Min: 131.2, Avg: 131.7, Max: 132.0, Diff: 0.9, Sum: 1053.9]
      [Termination (ms): Min: 0.0, Avg: 0.1, Max: 0.1, Diff: 0.1, Sum: 0.4]
         [Termination Attempts: Min: 1, Avg: 225.1, Max: 293, Diff: 292, Sum: 1801]
      [GC Worker Other (ms): Min: 0.0, Avg: 0.1, Max: 0.1, Diff: 0.1, Sum: 0.5]
      [GC Worker Total (ms): Min: 166.0, Avg: 167.8, Max: 168.1, Diff: 2.2, Sum: 1342.4]
      [GC Worker End (ms): Min: 33848.6, Avg: 33848.6, Max: 33848.6, Diff: 0.1]
   [Code Root Fixup: 0.0 ms]
   [Code Root Purge: 0.0 ms]
   [Clear CT: 0.3 ms]
   [Other: 1.0 ms]
      [Choose CSet: 0.0 ms]
      [Ref Proc: 0.2 ms]
      [Ref Enq: 0.0 ms]
      [Redirty Cards: 0.3 ms]
      [Humongous Register: 0.0 ms]
      [Humongous Reclaim: 0.0 ms]
      [Free CSet: 0.2 ms]
   [Eden: 168.0M(168.0M)->0.0B(167.0M) Survivors: 27.0M->25.0M Heap: 682.4M(2048.0M)->684.4M(2048.0M)]
 [Times: user=1.17 sys=0.09, real=0.17 secs] 
2020-09-29T12:24:27.708+0200: 33.995: [GC pause (G1 Evacuation Pause) (young), 0.1573749 secs]
   [Parallel Time: 156.0 ms, GC Workers: 8]
      [GC Worker Start (ms): Min: 33994.7, Avg: 33994.8, Max: 33994.9, Diff: 0.2]
      [Ext Root Scanning (ms): Min: 0.0, Avg: 0.1, Max: 0.2, Diff: 0.2, Sum: 0.7]
      [Update RS (ms): Min: 16.6, Avg: 16.8, Max: 17.0, Diff: 0.3, Sum: 134.0]
         [Processed Buffers: Min: 12, Avg: 13.4, Max: 16, Diff: 4, Sum: 107]
      [Scan RS (ms): Min: 16.7, Avg: 18.1, Max: 26.8, Diff: 10.2, Sum: 144.8]
      [Code Root Scanning (ms): Min: 0.0, Avg: 0.0, Max: 0.0, Diff: 0.0, Sum: 0.0]
      [Object Copy (ms): Min: 112.1, Avg: 120.3, Max: 121.7, Diff: 9.6, Sum: 962.4]
      [Termination (ms): Min: 0.0, Avg: 0.4, Max: 0.6, Diff: 0.6, Sum: 3.4]
         [Termination Attempts: Min: 1, Avg: 1837.4, Max: 2527, Diff: 2526, Sum: 14699]
      [GC Worker Other (ms): Min: 0.0, Avg: 0.0, Max: 0.1, Diff: 0.0, Sum: 0.3]
      [GC Worker Total (ms): Min: 155.6, Avg: 155.7, Max: 155.8, Diff: 0.2, Sum: 1245.6]
      [GC Worker End (ms): Min: 34150.5, Avg: 34150.5, Max: 34150.5, Diff: 0.0]
   [Code Root Fixup: 0.0 ms]
   [Code Root Purge: 0.0 ms]
   [Clear CT: 0.2 ms]
   [Other: 1.2 ms]
      [Choose CSet: 0.0 ms]
      [Ref Proc: 0.3 ms]
      [Ref Enq: 0.0 ms]
      [Redirty Cards: 0.3 ms]
      [Humongous Register: 0.1 ms]
      [Humongous Reclaim: 0.0 ms]
      [Free CSet: 0.2 ms]
   [Eden: 167.0M(167.0M)->0.0B(176.0M) Survivors: 25.0M->24.0M Heap: 880.0M(2048.0M)->882.5M(2048.0M)]
 [Times: user=1.19 sys=0.06, real=0.16 secs] 
2020-09-29T12:24:28.004+0200: 34.291: [GC pause (G1 Evacuation Pause) (young), 0.1699702 secs]
   [Parallel Time: 168.7 ms, GC Workers: 8]
      [GC Worker Start (ms): Min: 34291.0, Avg: 34291.2, Max: 34291.3, Diff: 0.2]
      [Ext Root Scanning (ms): Min: 0.0, Avg: 0.1, Max: 0.2, Diff: 0.2, Sum: 0.7]
      [Update RS (ms): Min: 17.9, Avg: 18.2, Max: 19.0, Diff: 1.1, Sum: 145.5]
         [Processed Buffers: Min: 12, Avg: 13.5, Max: 17, Diff: 5, Sum: 108]
      [Scan RS (ms): Min: 11.9, Avg: 12.9, Max: 13.7, Diff: 1.8, Sum: 103.3]
      [Code Root Scanning (ms): Min: 0.0, Avg: 0.0, Max: 0.0, Diff: 0.0, Sum: 0.0]
      [Object Copy (ms): Min: 136.1, Avg: 137.0, Max: 137.2, Diff: 1.1, Sum: 1096.0]
      [Termination (ms): Min: 0.0, Avg: 0.2, Max: 0.2, Diff: 0.2, Sum: 1.5]
         [Termination Attempts: Min: 1, Avg: 855.1, Max: 1034, Diff: 1033, Sum: 6841]
      [GC Worker Other (ms): Min: 0.0, Avg: 0.0, Max: 0.1, Diff: 0.1, Sum: 0.3]
      [GC Worker Total (ms): Min: 168.3, Avg: 168.4, Max: 168.5, Diff: 0.2, Sum: 1347.3]
      [GC Worker End (ms): Min: 34459.6, Avg: 34459.6, Max: 34459.6, Diff: 0.1]
   [Code Root Fixup: 0.0 ms]
   [Code Root Purge: 0.0 ms]
   [Clear CT: 0.3 ms]
   [Other: 1.0 ms]
      [Choose CSet: 0.0 ms]
      [Ref Proc: 0.2 ms]
      [Ref Enq: 0.0 ms]
      [Redirty Cards: 0.4 ms]
      [Humongous Register: 0.1 ms]
      [Humongous Reclaim: 0.0 ms]
      [Free CSet: 0.2 ms]
   [Eden: 176.0M(176.0M)->0.0B(179.0M) Survivors: 24.0M->25.0M Heap: 1087.1M(2048.0M)->1089.1M(2048.0M)]
 [Times: user=1.11 sys=0.03, real=0.17 secs] 
2020-09-29T12:24:28.178+0200: 34.464: [GC pause (G1 Humongous Allocation) (young) (initial-mark), 0.0775594 secs]
   [Parallel Time: 76.3 ms, GC Workers: 8]
      [GC Worker Start (ms): Min: 34464.7, Avg: 34464.8, Max: 34464.9, Diff: 0.2]
      [Ext Root Scanning (ms): Min: 0.0, Avg: 0.2, Max: 0.5, Diff: 0.5, Sum: 1.8]
      [Update RS (ms): Min: 42.0, Avg: 42.4, Max: 43.1, Diff: 1.1, Sum: 339.4]
         [Processed Buffers: Min: 21, Avg: 31.5, Max: 35, Diff: 14, Sum: 252]
      [Scan RS (ms): Min: 0.0, Avg: 0.7, Max: 1.0, Diff: 0.9, Sum: 5.3]
      [Code Root Scanning (ms): Min: 0.0, Avg: 0.0, Max: 0.0, Diff: 0.0, Sum: 0.0]
      [Object Copy (ms): Min: 32.4, Avg: 32.5, Max: 32.7, Diff: 0.3, Sum: 259.6]
      [Termination (ms): Min: 0.0, Avg: 0.3, Max: 0.3, Diff: 0.3, Sum: 2.1]
         [Termination Attempts: Min: 1, Avg: 1077.6, Max: 1298, Diff: 1297, Sum: 8621]
      [GC Worker Other (ms): Min: 0.0, Avg: 0.1, Max: 0.2, Diff: 0.2, Sum: 0.5]
      [GC Worker Total (ms): Min: 75.9, Avg: 76.1, Max: 76.2, Diff: 0.2, Sum: 608.6]
      [GC Worker End (ms): Min: 34540.9, Avg: 34540.9, Max: 34540.9, Diff: 0.0]
   [Code Root Fixup: 0.0 ms]
   [Code Root Purge: 0.0 ms]
   [Clear CT: 0.3 ms]
   [Other: 1.0 ms]
      [Choose CSet: 0.0 ms]
      [Ref Proc: 0.3 ms]
      [Ref Enq: 0.0 ms]
      [Redirty Cards: 0.3 ms]
      [Humongous Register: 0.1 ms]
      [Humongous Reclaim: 0.0 ms]
      [Free CSet: 0.0 ms]
   [Eden: 4096.0K(179.0M)->0.0B(163.0M) Survivors: 25.0M->6144.0K Heap: 1093.1M(2048.0M)->1097.6M(2048.0M)]
 [Times: user=0.59 sys=0.02, real=0.08 secs] 
2020-09-29T12:24:28.255+0200: 34.542: [GC concurrent-root-region-scan-start]
2020-09-29T12:24:28.258+0200: 34.545: [GC concurrent-root-region-scan-end, 0.0028180 secs]
2020-09-29T12:24:28.258+0200: 34.545: [GC concurrent-mark-start]
2020-09-29T12:24:28.263+0200: 34.550: [GC concurrent-mark-end, 0.0049316 secs]
2020-09-29T12:24:28.264+0200: 34.550: [GC remark 2020-09-29T12:24:28.264+0200: 34.550: [Finalize Marking, 0.0003093 secs] 2020-09-29T12:24:28.264+0200: 34.551: [GC ref-proc, 0.0004019 secs] 2020-09-29T12:24:28.264+0200: 34.551: [Unloading, 0.0006000 secs], 0.0017762 secs]
 [Times: user=0.00 sys=0.00, real=0.00 secs] 
2020-09-29T12:24:28.266+0200: 34.552: [GC cleanup 1110M->33M(2048M), 0.0042649 secs]
 [Times: user=0.00 sys=0.02, real=0.00 secs] 
2020-09-29T12:24:28.270+0200: 34.557: [GC concurrent-cleanup-start]
2020-09-29T12:24:28.272+0200: 34.559: [GC concurrent-cleanup-end, 0.0022020 secs]
2020-09-29T12:24:28.398+0200: 34.684: [GC pause (G1 Evacuation Pause) (young), 0.1650544 secs]
   [Parallel Time: 163.6 ms, GC Workers: 8]
      [GC Worker Start (ms): Min: 34684.5, Avg: 34685.9, Max: 34694.3, Diff: 9.7]
      [Ext Root Scanning (ms): Min: 0.0, Avg: 0.1, Max: 0.2, Diff: 0.2, Sum: 0.8]
      [Update RS (ms): Min: 18.6, Avg: 27.6, Max: 33.3, Diff: 14.7, Sum: 221.1]
         [Processed Buffers: Min: 6, Avg: 15.1, Max: 20, Diff: 14, Sum: 121]
      [Scan RS (ms): Min: 8.7, Avg: 12.9, Max: 13.8, Diff: 5.1, Sum: 103.5]
      [Code Root Scanning (ms): Min: 0.0, Avg: 0.0, Max: 0.0, Diff: 0.0, Sum: 0.0]
      [Object Copy (ms): Min: 121.1, Avg: 121.4, Max: 121.6, Diff: 0.5, Sum: 971.2]
      [Termination (ms): Min: 0.0, Avg: 0.1, Max: 0.1, Diff: 0.1, Sum: 0.7]
         [Termination Attempts: Min: 1, Avg: 349.5, Max: 436, Diff: 435, Sum: 2796]
      [GC Worker Other (ms): Min: 0.0, Avg: 0.0, Max: 0.1, Diff: 0.1, Sum: 0.4]
      [GC Worker Total (ms): Min: 153.8, Avg: 162.2, Max: 163.5, Diff: 9.8, Sum: 1297.6]
      [GC Worker End (ms): Min: 34848.0, Avg: 34848.1, Max: 34848.1, Diff: 0.1]
   [Code Root Fixup: 0.0 ms]
   [Code Root Purge: 0.0 ms]
   [Clear CT: 0.2 ms]
   [Other: 1.2 ms]
      [Choose CSet: 0.0 ms]
      [Ref Proc: 0.3 ms]
      [Ref Enq: 0.0 ms]
      [Redirty Cards: 0.3 ms]
      [Humongous Register: 0.0 ms]
      [Humongous Reclaim: 0.0 ms]
      [Free CSet: 0.2 ms]
   [Eden: 163.0M(163.0M)->0.0B(148.0M) Survivors: 6144.0K->22.0M Heap: 212.6M(2048.0M)->208.6M(2048.0M)]
 [Times: user=1.20 sys=0.00, real=0.16 secs] 
2020-09-29T12:24:28.689+0200: 34.976: [GC pause (G1 Evacuation Pause) (young), 0.1279343 secs]
   [Parallel Time: 126.5 ms, GC Workers: 8]
      [GC Worker Start (ms): Min: 34976.0, Avg: 34976.1, Max: 34976.2, Diff: 0.2]
      [Ext Root Scanning (ms): Min: 0.0, Avg: 0.1, Max: 0.2, Diff: 0.2, Sum: 0.7]
      [Update RS (ms): Min: 17.4, Avg: 17.5, Max: 17.6, Diff: 0.2, Sum: 139.8]
         [Processed Buffers: Min: 13, Avg: 14.9, Max: 16, Diff: 3, Sum: 119]
      [Scan RS (ms): Min: 9.3, Avg: 9.4, Max: 9.5, Diff: 0.3, Sum: 75.4]
      [Code Root Scanning (ms): Min: 0.0, Avg: 0.0, Max: 0.0, Diff: 0.0, Sum: 0.0]
      [Object Copy (ms): Min: 98.6, Avg: 98.8, Max: 99.2, Diff: 0.6, Sum: 790.3]
      [Termination (ms): Min: 0.0, Avg: 0.3, Max: 0.4, Diff: 0.4, Sum: 2.8]
         [Termination Attempts: Min: 1, Avg: 63.5, Max: 106, Diff: 105, Sum: 508]
      [GC Worker Other (ms): Min: 0.0, Avg: 0.0, Max: 0.0, Diff: 0.0, Sum: 0.1]
      [GC Worker Total (ms): Min: 126.1, Avg: 126.1, Max: 126.3, Diff: 0.2, Sum: 1009.2]
      [GC Worker End (ms): Min: 35102.2, Avg: 35102.2, Max: 35102.3, Diff: 0.0]
   [Code Root Fixup: 0.0 ms]
   [Code Root Purge: 0.0 ms]
   [Clear CT: 0.3 ms]
   [Other: 1.1 ms]
      [Choose CSet: 0.0 ms]
      [Ref Proc: 0.3 ms]
      [Ref Enq: 0.0 ms]
      [Redirty Cards: 0.4 ms]
      [Humongous Register: 0.0 ms]
      [Humongous Reclaim: 0.0 ms]
      [Free CSet: 0.2 ms]
   [Eden: 148.0M(148.0M)->0.0B(167.0M) Survivors: 22.0M->22.0M Heap: 381.4M(2048.0M)->382.9M(2048.0M)]
 [Times: user=1.01 sys=0.00, real=0.13 secs] 
2020-09-29T12:24:28.950+0200: 35.237: [GC pause (G1 Evacuation Pause) (young), 0.1459393 secs]
   [Parallel Time: 144.6 ms, GC Workers: 8]
      [GC Worker Start (ms): Min: 35237.6, Avg: 35237.7, Max: 35237.8, Diff: 0.2]
      [Ext Root Scanning (ms): Min: 0.0, Avg: 0.1, Max: 0.2, Diff: 0.2, Sum: 0.8]
      [Update RS (ms): Min: 15.5, Avg: 15.8, Max: 16.4, Diff: 0.9, Sum: 126.7]
         [Processed Buffers: Min: 11, Avg: 12.5, Max: 15, Diff: 4, Sum: 100]
      [Scan RS (ms): Min: 11.5, Avg: 12.0, Max: 12.5, Diff: 1.0, Sum: 96.2]
      [Code Root Scanning (ms): Min: 0.0, Avg: 0.0, Max: 0.0, Diff: 0.0, Sum: 0.0]
      [Object Copy (ms): Min: 116.0, Avg: 116.2, Max: 116.4, Diff: 0.4, Sum: 929.7]
      [Termination (ms): Min: 0.0, Avg: 0.1, Max: 0.2, Diff: 0.2, Sum: 1.1]
         [Termination Attempts: Min: 1, Avg: 636.1, Max: 811, Diff: 810, Sum: 5089]
      [GC Worker Other (ms): Min: 0.0, Avg: 0.0, Max: 0.1, Diff: 0.1, Sum: 0.3]
      [GC Worker Total (ms): Min: 144.3, Avg: 144.4, Max: 144.4, Diff: 0.2, Sum: 1154.8]
      [GC Worker End (ms): Min: 35382.0, Avg: 35382.1, Max: 35382.1, Diff: 0.1]
   [Code Root Fixup: 0.0 ms]
   [Code Root Purge: 0.0 ms]
   [Clear CT: 0.3 ms]
   [Other: 1.0 ms]
      [Choose CSet: 0.0 ms]
      [Ref Proc: 0.3 ms]
      [Ref Enq: 0.0 ms]
      [Redirty Cards: 0.3 ms]
      [Humongous Register: 0.1 ms]
      [Humongous Reclaim: 0.0 ms]
      [Free CSet: 0.2 ms]
   [Eden: 167.0M(167.0M)->0.0B(178.0M) Survivors: 22.0M->24.0M Heap: 576.6M(2048.0M)->578.6M(2048.0M)]
 [Times: user=1.11 sys=0.00, real=0.15 secs] 
2020-09-29T12:24:29.235+0200: 35.522: [GC pause (G1 Evacuation Pause) (young), 0.1458156 secs]
   [Parallel Time: 144.4 ms, GC Workers: 8]
      [GC Worker Start (ms): Min: 35521.9, Avg: 35522.1, Max: 35522.1, Diff: 0.2]
      [Ext Root Scanning (ms): Min: 0.0, Avg: 0.1, Max: 0.2, Diff: 0.2, Sum: 0.6]
      [Update RS (ms): Min: 17.6, Avg: 17.7, Max: 18.0, Diff: 0.5, Sum: 141.8]
         [Processed Buffers: Min: 13, Avg: 15.0, Max: 18, Diff: 5, Sum: 120]
      [Scan RS (ms): Min: 11.5, Avg: 11.8, Max: 11.9, Diff: 0.4, Sum: 94.2]
      [Code Root Scanning (ms): Min: 0.0, Avg: 0.0, Max: 0.0, Diff: 0.0, Sum: 0.0]
      [Object Copy (ms): Min: 114.4, Avg: 114.5, Max: 114.6, Diff: 0.2, Sum: 915.9]
      [Termination (ms): Min: 0.0, Avg: 0.0, Max: 0.0, Diff: 0.0, Sum: 0.1]
         [Termination Attempts: Min: 1, Avg: 66.3, Max: 87, Diff: 86, Sum: 530]
      [GC Worker Other (ms): Min: 0.0, Avg: 0.0, Max: 0.1, Diff: 0.1, Sum: 0.4]
      [GC Worker Total (ms): Min: 144.0, Avg: 144.1, Max: 144.3, Diff: 0.3, Sum: 1153.2]
      [GC Worker End (ms): Min: 35666.2, Avg: 35666.2, Max: 35666.2, Diff: 0.1]
   [Code Root Fixup: 0.0 ms]
   [Code Root Purge: 0.0 ms]
   [Clear CT: 0.2 ms]
   [Other: 1.2 ms]
      [Choose CSet: 0.0 ms]
      [Ref Proc: 0.3 ms]
      [Ref Enq: 0.0 ms]
      [Redirty Cards: 0.4 ms]
      [Humongous Register: 0.0 ms]
      [Humongous Reclaim: 0.0 ms]
      [Free CSet: 0.2 ms]
   [Eden: 178.0M(178.0M)->0.0B(191.0M) Survivors: 24.0M->26.0M Heap: 787.1M(2048.0M)->789.1M(2048.0M)]
 [Times: user=1.25 sys=0.00, real=0.15 secs] 
2020-09-29T12:24:29.542+0200: 35.829: [GC pause (G1 Evacuation Pause) (young), 0.1780633 secs]
   [Parallel Time: 176.8 ms, GC Workers: 8]
      [GC Worker Start (ms): Min: 35828.7, Avg: 35828.8, Max: 35828.9, Diff: 0.2]
      [Ext Root Scanning (ms): Min: 0.0, Avg: 0.1, Max: 0.2, Diff: 0.2, Sum: 0.7]
      [Update RS (ms): Min: 20.4, Avg: 20.7, Max: 21.7, Diff: 1.3, Sum: 165.4]
         [Processed Buffers: Min: 15, Avg: 17.1, Max: 19, Diff: 4, Sum: 137]
      [Scan RS (ms): Min: 12.4, Avg: 13.4, Max: 14.3, Diff: 1.9, Sum: 107.6]
      [Code Root Scanning (ms): Min: 0.0, Avg: 0.0, Max: 0.0, Diff: 0.0, Sum: 0.0]
      [Object Copy (ms): Min: 141.5, Avg: 142.1, Max: 142.2, Diff: 0.7, Sum: 1136.4]
      [Termination (ms): Min: 0.0, Avg: 0.1, Max: 0.1, Diff: 0.1, Sum: 0.7]
         [Termination Attempts: Min: 1, Avg: 364.6, Max: 466, Diff: 465, Sum: 2917]
      [GC Worker Other (ms): Min: 0.0, Avg: 0.0, Max: 0.1, Diff: 0.1, Sum: 0.3]
      [GC Worker Total (ms): Min: 176.3, Avg: 176.4, Max: 176.6, Diff: 0.3, Sum: 1411.1]
      [GC Worker End (ms): Min: 36005.2, Avg: 36005.2, Max: 36005.2, Diff: 0.1]
   [Code Root Fixup: 0.0 ms]
   [Code Root Purge: 0.0 ms]
   [Clear CT: 0.2 ms]
   [Other: 1.0 ms]
      [Choose CSet: 0.0 ms]
      [Ref Proc: 0.2 ms]
      [Ref Enq: 0.0 ms]
      [Redirty Cards: 0.3 ms]
      [Humongous Register: 0.1 ms]
      [Humongous Reclaim: 0.0 ms]
      [Free CSet: 0.2 ms]
   [Eden: 191.0M(191.0M)->0.0B(191.0M) Survivors: 26.0M->28.0M Heap: 1012.6M(2048.0M)->1015.1M(2048.0M)]
 [Times: user=1.28 sys=0.00, real=0.18 secs] 
2020-09-29T12:24:29.746+0200: 36.033: [GC pause (G1 Humongous Allocation) (young) (initial-mark), 0.0521188 secs]
   [Parallel Time: 51.0 ms, GC Workers: 8]
      [GC Worker Start (ms): Min: 36033.1, Avg: 36033.2, Max: 36033.3, Diff: 0.2]
      [Ext Root Scanning (ms): Min: 0.0, Avg: 0.3, Max: 0.9, Diff: 0.9, Sum: 2.6]
      [Update RS (ms): Min: 22.5, Avg: 23.1, Max: 23.5, Diff: 1.0, Sum: 184.7]
         [Processed Buffers: Min: 18, Avg: 19.1, Max: 20, Diff: 2, Sum: 153]
      [Scan RS (ms): Min: 2.6, Avg: 2.9, Max: 3.0, Diff: 0.4, Sum: 22.9]
      [Code Root Scanning (ms): Min: 0.0, Avg: 0.0, Max: 0.0, Diff: 0.0, Sum: 0.0]
      [Object Copy (ms): Min: 24.3, Avg: 24.4, Max: 24.5, Diff: 0.2, Sum: 195.5]
      [Termination (ms): Min: 0.0, Avg: 0.0, Max: 0.0, Diff: 0.0, Sum: 0.1]
         [Termination Attempts: Min: 1, Avg: 61.5, Max: 95, Diff: 94, Sum: 492]
      [GC Worker Other (ms): Min: 0.0, Avg: 0.0, Max: 0.1, Diff: 0.0, Sum: 0.2]
      [GC Worker Total (ms): Min: 50.6, Avg: 50.8, Max: 50.8, Diff: 0.2, Sum: 406.1]
      [GC Worker End (ms): Min: 36084.0, Avg: 36084.0, Max: 36084.0, Diff: 0.0]
   [Code Root Fixup: 0.0 ms]
   [Code Root Purge: 0.0 ms]
   [Clear CT: 0.3 ms]
   [Other: 0.8 ms]
      [Choose CSet: 0.0 ms]
      [Ref Proc: 0.2 ms]
      [Ref Enq: 0.0 ms]
      [Redirty Cards: 0.2 ms]
      [Humongous Register: 0.1 ms]
      [Humongous Reclaim: 0.0 ms]
      [Free CSet: 0.1 ms]
   [Eden: 12.0M(191.0M)->0.0B(221.0M) Survivors: 28.0M->14.0M Heap: 1026.6M(2048.0M)->1030.6M(2048.0M)]
 [Times: user=0.38 sys=0.00, real=0.05 secs] 
2020-09-29T12:24:29.799+0200: 36.085: [GC concurrent-root-region-scan-start]
2020-09-29T12:24:29.805+0200: 36.091: [GC concurrent-root-region-scan-end, 0.0061790 secs]
2020-09-29T12:24:29.805+0200: 36.091: [GC concurrent-mark-start]
2020-09-29T12:24:29.809+0200: 36.095: [GC concurrent-mark-end, 0.0040397 secs]
2020-09-29T12:24:29.809+0200: 36.096: [GC remark 2020-09-29T12:24:29.809+0200: 36.096: [Finalize Marking, 0.0003821 secs] 2020-09-29T12:24:29.810+0200: 36.096: [GC ref-proc, 0.0003966 secs] 2020-09-29T12:24:29.810+0200: 36.096: [Unloading, 0.0006403 secs], 0.0021057 secs]
 [Times: user=0.00 sys=0.00, real=0.00 secs] 
2020-09-29T12:24:29.812+0200: 36.098: [GC cleanup 1046M->44M(2048M), 0.0021068 secs]
 [Times: user=0.00 sys=0.00, real=0.00 secs] 
2020-09-29T12:24:29.814+0200: 36.101: [GC concurrent-cleanup-start]
2020-09-29T12:24:29.816+0200: 36.102: [GC concurrent-cleanup-end, 0.0015857 secs]
2020-09-29T12:24:29.971+0200: 36.258: [GC pause (G1 Evacuation Pause) (young), 0.1683947 secs]
   [Parallel Time: 166.0 ms, GC Workers: 8]
      [GC Worker Start (ms): Min: 36257.9, Avg: 36258.1, Max: 36258.1, Diff: 0.2]
      [Ext Root Scanning (ms): Min: 0.0, Avg: 0.1, Max: 0.2, Diff: 0.2, Sum: 0.7]
      [Update RS (ms): Min: 16.1, Avg: 16.4, Max: 16.7, Diff: 0.6, Sum: 130.8]
         [Processed Buffers: Min: 11, Avg: 13.0, Max: 16, Diff: 5, Sum: 104]
      [Scan RS (ms): Min: 21.1, Avg: 21.4, Max: 21.8, Diff: 0.8, Sum: 171.3]
      [Code Root Scanning (ms): Min: 0.0, Avg: 0.0, Max: 0.0, Diff: 0.0, Sum: 0.0]
      [Object Copy (ms): Min: 127.6, Avg: 127.7, Max: 127.8, Diff: 0.2, Sum: 1021.7]
      [Termination (ms): Min: 0.0, Avg: 0.0, Max: 0.0, Diff: 0.0, Sum: 0.1]
         [Termination Attempts: Min: 1, Avg: 24.9, Max: 31, Diff: 30, Sum: 199]
      [GC Worker Other (ms): Min: 0.0, Avg: 0.0, Max: 0.1, Diff: 0.1, Sum: 0.3]
      [GC Worker Total (ms): Min: 165.5, Avg: 165.6, Max: 165.7, Diff: 0.2, Sum: 1325.0]
      [GC Worker End (ms): Min: 36423.7, Avg: 36423.7, Max: 36423.7, Diff: 0.1]
   [Code Root Fixup: 0.0 ms]
   [Code Root Purge: 0.0 ms]
   [Clear CT: 1.1 ms]
   [Other: 1.4 ms]
      [Choose CSet: 0.0 ms]
      [Ref Proc: 0.4 ms]
      [Ref Enq: 0.0 ms]
      [Redirty Cards: 0.4 ms]
      [Humongous Register: 0.0 ms]
      [Humongous Reclaim: 0.0 ms]
      [Free CSet: 0.3 ms]
   [Eden: 221.0M(221.0M)->0.0B(203.0M) Survivors: 14.0M->30.0M Heap: 287.6M(2048.0M)->276.1M(2048.0M)]
 [Times: user=1.31 sys=0.06, real=0.17 secs] 
2020-09-29T12:24:30.307+0200: 36.594: [GC pause (G1 Evacuation Pause) (young), 0.1679951 secs]
   [Parallel Time: 166.5 ms, GC Workers: 8]
      [GC Worker Start (ms): Min: 36594.1, Avg: 36594.3, Max: 36594.4, Diff: 0.2]
      [Ext Root Scanning (ms): Min: 0.0, Avg: 0.1, Max: 0.2, Diff: 0.2, Sum: 0.6]
      [Update RS (ms): Min: 16.8, Avg: 16.8, Max: 16.9, Diff: 0.2, Sum: 134.8]
         [Processed Buffers: Min: 13, Avg: 14.8, Max: 17, Diff: 4, Sum: 118]
      [Scan RS (ms): Min: 15.6, Avg: 15.7, Max: 16.0, Diff: 0.4, Sum: 125.5]
      [Code Root Scanning (ms): Min: 0.0, Avg: 0.0, Max: 0.0, Diff: 0.0, Sum: 0.0]
      [Object Copy (ms): Min: 133.2, Avg: 133.4, Max: 133.6, Diff: 0.3, Sum: 1067.6]
      [Termination (ms): Min: 0.0, Avg: 0.1, Max: 0.1, Diff: 0.1, Sum: 0.4]
         [Termination Attempts: Min: 1, Avg: 201.9, Max: 290, Diff: 289, Sum: 1615]
      [GC Worker Other (ms): Min: 0.0, Avg: 0.1, Max: 0.1, Diff: 0.1, Sum: 0.5]
      [GC Worker Total (ms): Min: 166.1, Avg: 166.2, Max: 166.3, Diff: 0.3, Sum: 1329.4]
      [GC Worker End (ms): Min: 36760.4, Avg: 36760.5, Max: 36760.5, Diff: 0.1]
   [Code Root Fixup: 0.0 ms]
   [Code Root Purge: 0.0 ms]
   [Clear CT: 0.3 ms]
   [Other: 1.2 ms]
      [Choose CSet: 0.0 ms]
      [Ref Proc: 0.4 ms]
      [Ref Enq: 0.0 ms]
      [Redirty Cards: 0.3 ms]
      [Humongous Register: 0.1 ms]
      [Humongous Reclaim: 0.0 ms]
      [Free CSet: 0.3 ms]
   [Eden: 203.0M(203.0M)->0.0B(204.0M) Survivors: 30.0M->30.0M Heap: 513.5M(2048.0M)->515.5M(2048.0M)]
 [Times: user=1.36 sys=0.00, real=0.17 secs] 
2020-09-29T12:24:30.656+0200: 36.942: [GC pause (G1 Evacuation Pause) (young), 0.2347191 secs]
   [Parallel Time: 232.8 ms, GC Workers: 8]
      [GC Worker Start (ms): Min: 36942.4, Avg: 36942.5, Max: 36942.6, Diff: 0.2]
      [Ext Root Scanning (ms): Min: 0.0, Avg: 0.1, Max: 0.2, Diff: 0.2, Sum: 0.6]
      [Update RS (ms): Min: 19.4, Avg: 19.8, Max: 20.2, Diff: 0.7, Sum: 158.3]
         [Processed Buffers: Min: 10, Avg: 14.6, Max: 16, Diff: 6, Sum: 117]
      [Scan RS (ms): Min: 14.5, Avg: 15.2, Max: 17.4, Diff: 2.9, Sum: 121.7]
      [Code Root Scanning (ms): Min: 0.0, Avg: 0.0, Max: 0.0, Diff: 0.0, Sum: 0.0]
      [Object Copy (ms): Min: 195.5, Avg: 197.1, Max: 197.5, Diff: 2.0, Sum: 1576.9]
      [Termination (ms): Min: 0.0, Avg: 0.2, Max: 0.3, Diff: 0.3, Sum: 2.0]
         [Termination Attempts: Min: 1, Avg: 876.0, Max: 1144, Diff: 1143, Sum: 7008]
      [GC Worker Other (ms): Min: 0.0, Avg: 0.1, Max: 0.1, Diff: 0.1, Sum: 0.5]
      [GC Worker Total (ms): Min: 232.4, Avg: 232.5, Max: 232.6, Diff: 0.2, Sum: 1860.0]
      [GC Worker End (ms): Min: 37175.0, Avg: 37175.0, Max: 37175.1, Diff: 0.1]
   [Code Root Fixup: 0.0 ms]
   [Code Root Purge: 0.0 ms]
   [Clear CT: 0.3 ms]
   [Other: 1.6 ms]
      [Choose CSet: 0.0 ms]
      [Ref Proc: 0.4 ms]
      [Ref Enq: 0.0 ms]
      [Redirty Cards: 0.5 ms]
      [Humongous Register: 0.1 ms]
      [Humongous Reclaim: 0.0 ms]
      [Free CSet: 0.3 ms]
   [Eden: 204.0M(204.0M)->0.0B(169.0M) Survivors: 30.0M->30.0M Heap: 751.9M(2048.0M)->753.4M(2048.0M)]
 [Times: user=1.61 sys=0.02, real=0.23 secs] 
2020-09-29T12:24:31.059+0200: 37.345: [GC pause (G1 Evacuation Pause) (young), 0.2114470 secs]
   [Parallel Time: 209.9 ms, GC Workers: 8]
      [GC Worker Start (ms): Min: 37345.6, Avg: 37345.7, Max: 37345.9, Diff: 0.3]
      [Ext Root Scanning (ms): Min: 0.0, Avg: 0.1, Max: 0.3, Diff: 0.3, Sum: 0.8]
      [Update RS (ms): Min: 33.1, Avg: 33.8, Max: 35.0, Diff: 1.8, Sum: 270.3]
         [Processed Buffers: Min: 17, Avg: 18.3, Max: 20, Diff: 3, Sum: 146]
      [Scan RS (ms): Min: 16.3, Avg: 17.4, Max: 17.9, Diff: 1.6, Sum: 139.0]
      [Code Root Scanning (ms): Min: 0.0, Avg: 0.0, Max: 0.0, Diff: 0.0, Sum: 0.0]
      [Object Copy (ms): Min: 158.0, Avg: 158.2, Max: 158.3, Diff: 0.3, Sum: 1265.7]
      [Termination (ms): Min: 0.0, Avg: 0.1, Max: 0.2, Diff: 0.1, Sum: 0.9]
         [Termination Attempts: Min: 1, Avg: 101.5, Max: 141, Diff: 140, Sum: 812]
      [GC Worker Other (ms): Min: 0.0, Avg: 0.0, Max: 0.0, Diff: 0.0, Sum: 0.2]
      [GC Worker Total (ms): Min: 209.5, Avg: 209.6, Max: 209.8, Diff: 0.3, Sum: 1676.9]
      [GC Worker End (ms): Min: 37555.3, Avg: 37555.4, Max: 37555.4, Diff: 0.0]
   [Code Root Fixup: 0.0 ms]
   [Code Root Purge: 0.0 ms]
   [Clear CT: 0.3 ms]
   [Other: 1.3 ms]
      [Choose CSet: 0.0 ms]
      [Ref Proc: 0.3 ms]
      [Ref Enq: 0.0 ms]
      [Redirty Cards: 0.3 ms]
      [Humongous Register: 0.1 ms]
      [Humongous Reclaim: 0.0 ms]
      [Free CSet: 0.3 ms]
   [Eden: 169.0M(169.0M)->0.0B(150.0M) Survivors: 30.0M->25.0M Heap: 951.0M(2048.0M)->953.5M(2048.0M)]
 [Times: user=1.53 sys=0.06, real=0.21 secs] 
2020-09-29T12:24:31.277+0200: 37.564: [GC pause (G1 Humongous Allocation) (young) (initial-mark), 0.0927423 secs]
   [Parallel Time: 91.0 ms, GC Workers: 8]
      [GC Worker Start (ms): Min: 37564.1, Avg: 37564.3, Max: 37564.4, Diff: 0.3]
      [Ext Root Scanning (ms): Min: 0.0, Avg: 0.2, Max: 0.4, Diff: 0.4, Sum: 1.6]
      [Update RS (ms): Min: 48.0, Avg: 48.5, Max: 49.2, Diff: 1.3, Sum: 388.0]
         [Processed Buffers: Min: 27, Avg: 30.0, Max: 33, Diff: 6, Sum: 240]
      [Scan RS (ms): Min: 0.2, Avg: 1.0, Max: 1.5, Diff: 1.3, Sum: 8.0]
      [Code Root Scanning (ms): Min: 0.0, Avg: 0.0, Max: 0.0, Diff: 0.0, Sum: 0.0]
      [Object Copy (ms): Min: 40.7, Avg: 40.8, Max: 40.9, Diff: 0.2, Sum: 326.8]
      [Termination (ms): Min: 0.0, Avg: 0.1, Max: 0.1, Diff: 0.1, Sum: 0.5]
         [Termination Attempts: Min: 1, Avg: 227.3, Max: 289, Diff: 288, Sum: 1818]
      [GC Worker Other (ms): Min: 0.0, Avg: 0.0, Max: 0.0, Diff: 0.0, Sum: 0.2]
      [GC Worker Total (ms): Min: 90.5, Avg: 90.6, Max: 90.8, Diff: 0.3, Sum: 725.1]
      [GC Worker End (ms): Min: 37654.9, Avg: 37654.9, Max: 37654.9, Diff: 0.0]
   [Code Root Fixup: 0.0 ms]
   [Code Root Purge: 0.0 ms]
   [Clear CT: 0.3 ms]
   [Other: 1.4 ms]
      [Choose CSet: 0.0 ms]
      [Ref Proc: 0.5 ms]
      [Ref Enq: 0.0 ms]
      [Redirty Cards: 0.4 ms]
      [Humongous Register: 0.1 ms]
      [Humongous Reclaim: 0.0 ms]
      [Free CSet: 0.1 ms]
   [Eden: 5120.0K(150.0M)->0.0B(127.0M) Survivors: 25.0M->6144.0K Heap: 958.0M(2048.0M)->961.5M(2048.0M)]
 [Times: user=0.69 sys=0.02, real=0.09 secs] 
2020-09-29T12:24:31.370+0200: 37.657: [GC concurrent-root-region-scan-start]
2020-09-29T12:24:31.381+0200: 37.668: [GC concurrent-root-region-scan-end, 0.0110593 secs]
2020-09-29T12:24:31.381+0200: 37.668: [GC concurrent-mark-start]
2020-09-29T12:24:31.387+0200: 37.674: [GC concurrent-mark-end, 0.0056151 secs]
2020-09-29T12:24:31.387+0200: 37.674: [GC remark 2020-09-29T12:24:31.388+0200: 37.674: [Finalize Marking, 0.0004102 secs] 2020-09-29T12:24:31.388+0200: 37.674: [GC ref-proc, 0.0006869 secs] 2020-09-29T12:24:31.389+0200: 37.675: [Unloading, 0.0009564 secs], 0.0029094 secs]
 [Times: user=0.00 sys=0.00, real=0.00 secs] 
2020-09-29T12:24:31.391+0200: 37.677: [GC cleanup 980M->40M(2048M), 0.0032723 secs]
 [Times: user=0.00 sys=0.00, real=0.00 secs] 
2020-09-29T12:24:31.394+0200: 37.681: [GC concurrent-cleanup-start]
2020-09-29T12:24:31.397+0200: 37.683: [GC concurrent-cleanup-end, 0.0024892 secs]
2020-09-29T12:24:31.522+0200: 37.808: [GC pause (G1 Evacuation Pause) (young), 0.1513446 secs]
   [Parallel Time: 149.8 ms, GC Workers: 8]
      [GC Worker Start (ms): Min: 37808.4, Avg: 37808.5, Max: 37808.9, Diff: 0.6]
      [Ext Root Scanning (ms): Min: 0.0, Avg: 0.1, Max: 0.2, Diff: 0.2, Sum: 1.0]
      [Update RS (ms): Min: 31.8, Avg: 32.3, Max: 33.2, Diff: 1.4, Sum: 258.4]
         [Processed Buffers: Min: 16, Avg: 17.8, Max: 21, Diff: 5, Sum: 142]
      [Scan RS (ms): Min: 5.5, Avg: 6.3, Max: 6.5, Diff: 1.0, Sum: 50.8]
      [Code Root Scanning (ms): Min: 0.0, Avg: 0.0, Max: 0.0, Diff: 0.0, Sum: 0.0]
      [Object Copy (ms): Min: 109.9, Avg: 110.3, Max: 110.6, Diff: 0.7, Sum: 882.1]
      [Termination (ms): Min: 0.0, Avg: 0.3, Max: 0.4, Diff: 0.4, Sum: 2.7]
         [Termination Attempts: Min: 1, Avg: 1007.0, Max: 1237, Diff: 1236, Sum: 8056]
      [GC Worker Other (ms): Min: 0.0, Avg: 0.0, Max: 0.0, Diff: 0.0, Sum: 0.2]
      [GC Worker Total (ms): Min: 149.0, Avg: 149.4, Max: 149.6, Diff: 0.6, Sum: 1195.2]
      [GC Worker End (ms): Min: 37957.9, Avg: 37957.9, Max: 37958.0, Diff: 0.0]
   [Code Root Fixup: 0.0 ms]
   [Code Root Purge: 0.0 ms]
   [Clear CT: 0.3 ms]
   [Other: 1.3 ms]
      [Choose CSet: 0.0 ms]
      [Ref Proc: 0.3 ms]
      [Ref Enq: 0.0 ms]
      [Redirty Cards: 0.3 ms]
      [Humongous Register: 0.1 ms]
      [Humongous Reclaim: 0.0 ms]
      [Free CSet: 0.2 ms]
   [Eden: 127.0M(127.0M)->0.0B(122.0M) Survivors: 6144.0K->17.0M Heap: 170.9M(2048.0M)->166.4M(2048.0M)]
 [Times: user=1.09 sys=0.00, real=0.15 secs] 
2020-09-29T12:24:31.828+0200: 38.115: [GC pause (G1 Evacuation Pause) (young), 0.1756962 secs]
   [Parallel Time: 174.1 ms, GC Workers: 8]
      [GC Worker Start (ms): Min: 38115.1, Avg: 38120.8, Max: 38134.4, Diff: 19.3]
      [Ext Root Scanning (ms): Min: 0.0, Avg: 0.1, Max: 0.2, Diff: 0.2, Sum: 0.9]
      [Update RS (ms): Min: 13.9, Avg: 27.7, Max: 34.5, Diff: 20.6, Sum: 221.4]
         [Processed Buffers: Min: 8, Avg: 15.0, Max: 19, Diff: 11, Sum: 120]
      [Scan RS (ms): Min: 9.4, Avg: 11.0, Max: 14.4, Diff: 5.0, Sum: 88.0]
      [Code Root Scanning (ms): Min: 0.0, Avg: 0.0, Max: 0.0, Diff: 0.0, Sum: 0.0]
      [Object Copy (ms): Min: 126.1, Avg: 129.2, Max: 129.9, Diff: 3.8, Sum: 1033.8]
      [Termination (ms): Min: 0.0, Avg: 0.0, Max: 0.1, Diff: 0.1, Sum: 0.3]
         [Termination Attempts: Min: 1, Avg: 129.6, Max: 173, Diff: 172, Sum: 1037]
      [GC Worker Other (ms): Min: 0.0, Avg: 0.0, Max: 0.1, Diff: 0.0, Sum: 0.4]
      [GC Worker Total (ms): Min: 154.5, Avg: 168.1, Max: 173.8, Diff: 19.3, Sum: 1344.7]
      [GC Worker End (ms): Min: 38288.9, Avg: 38288.9, Max: 38288.9, Diff: 0.0]
   [Code Root Fixup: 0.0 ms]
   [Code Root Purge: 0.0 ms]
   [Clear CT: 0.4 ms]
   [Other: 1.2 ms]
      [Choose CSet: 0.0 ms]
      [Ref Proc: 0.3 ms]
      [Ref Enq: 0.0 ms]
      [Redirty Cards: 0.3 ms]
      [Humongous Register: 0.1 ms]
      [Humongous Reclaim: 0.0 ms]
      [Free CSet: 0.2 ms]
   [Eden: 122.0M(122.0M)->0.0B(117.0M) Survivors: 17.0M->18.0M Heap: 307.5M(2048.0M)->309.5M(2048.0M)]
 [Times: user=1.25 sys=0.01, real=0.18 secs] 
2020-09-29T12:24:32.133+0200: 38.420: [GC pause (G1 Evacuation Pause) (young), 0.1369865 secs]
   [Parallel Time: 135.2 ms, GC Workers: 8]
      [GC Worker Start (ms): Min: 38419.8, Avg: 38419.9, Max: 38420.0, Diff: 0.2]
      [Ext Root Scanning (ms): Min: 0.0, Avg: 0.1, Max: 0.2, Diff: 0.2, Sum: 1.0]
      [Update RS (ms): Min: 17.7, Avg: 18.2, Max: 18.8, Diff: 1.1, Sum: 145.4]
         [Processed Buffers: Min: 11, Avg: 11.3, Max: 13, Diff: 2, Sum: 90]
      [Scan RS (ms): Min: 8.2, Avg: 8.8, Max: 9.4, Diff: 1.2, Sum: 70.4]
      [Code Root Scanning (ms): Min: 0.0, Avg: 0.0, Max: 0.0, Diff: 0.0, Sum: 0.0]
      [Object Copy (ms): Min: 107.5, Avg: 107.7, Max: 107.9, Diff: 0.4, Sum: 861.9]
      [Termination (ms): Min: 0.0, Avg: 0.0, Max: 0.0, Diff: 0.0, Sum: 0.1]
         [Termination Attempts: Min: 1, Avg: 36.0, Max: 55, Diff: 54, Sum: 288]
      [GC Worker Other (ms): Min: 0.0, Avg: 0.0, Max: 0.1, Diff: 0.1, Sum: 0.4]
      [GC Worker Total (ms): Min: 134.8, Avg: 134.9, Max: 135.0, Diff: 0.2, Sum: 1079.2]
      [GC Worker End (ms): Min: 38554.8, Avg: 38554.8, Max: 38554.9, Diff: 0.1]
   [Code Root Fixup: 0.0 ms]
   [Code Root Purge: 0.0 ms]
   [Clear CT: 0.6 ms]
   [Other: 1.2 ms]
      [Choose CSet: 0.0 ms]
      [Ref Proc: 0.3 ms]
      [Ref Enq: 0.0 ms]
      [Redirty Cards: 0.4 ms]
      [Humongous Register: 0.1 ms]
      [Humongous Reclaim: 0.0 ms]
      [Free CSet: 0.2 ms]
   [Eden: 117.0M(117.0M)->0.0B(131.0M) Survivors: 18.0M->17.0M Heap: 445.5M(2048.0M)->448.0M(2048.0M)]
 [Times: user=1.02 sys=0.00, real=0.14 secs] 
2020-09-29T12:24:32.406+0200: 38.693: [GC pause (G1 Evacuation Pause) (young), 0.1684034 secs]
   [Parallel Time: 166.9 ms, GC Workers: 8]
      [GC Worker Start (ms): Min: 38693.1, Avg: 38693.5, Max: 38695.5, Diff: 2.4]
      [Ext Root Scanning (ms): Min: 0.0, Avg: 0.1, Max: 0.3, Diff: 0.3, Sum: 0.9]
      [Update RS (ms): Min: 20.5, Avg: 21.8, Max: 23.0, Diff: 2.5, Sum: 174.3]
         [Processed Buffers: Min: 11, Avg: 13.1, Max: 15, Diff: 4, Sum: 105]
      [Scan RS (ms): Min: 14.6, Avg: 19.1, Max: 43.1, Diff: 28.6, Sum: 152.8]
      [Code Root Scanning (ms): Min: 0.0, Avg: 0.0, Max: 0.0, Diff: 0.0, Sum: 0.0]
      [Object Copy (ms): Min: 100.6, Avg: 125.2, Max: 128.8, Diff: 28.2, Sum: 1001.7]
      [Termination (ms): Min: 0.0, Avg: 0.1, Max: 0.1, Diff: 0.1, Sum: 0.5]
         [Termination Attempts: Min: 1, Avg: 204.6, Max: 257, Diff: 256, Sum: 1637]
      [GC Worker Other (ms): Min: 0.0, Avg: 0.1, Max: 0.1, Diff: 0.1, Sum: 0.5]
      [GC Worker Total (ms): Min: 164.3, Avg: 166.3, Max: 166.8, Diff: 2.5, Sum: 1330.6]
      [GC Worker End (ms): Min: 38859.8, Avg: 38859.8, Max: 38859.9, Diff: 0.1]
   [Code Root Fixup: 0.0 ms]
   [Code Root Purge: 0.0 ms]
   [Clear CT: 0.3 ms]
   [Other: 1.2 ms]
      [Choose CSet: 0.0 ms]
      [Ref Proc: 0.2 ms]
      [Ref Enq: 0.0 ms]
      [Redirty Cards: 0.3 ms]
      [Humongous Register: 0.1 ms]
      [Humongous Reclaim: 0.0 ms]
      [Free CSet: 0.2 ms]
   [Eden: 131.0M(131.0M)->0.0B(129.0M) Survivors: 17.0M->19.0M Heap: 601.9M(2048.0M)->603.9M(2048.0M)]
 [Times: user=1.28 sys=0.05, real=0.17 secs] 
2020-09-29T12:24:32.717+0200: 39.004: [GC pause (G1 Evacuation Pause) (young), 0.1413510 secs]
   [Parallel Time: 139.9 ms, GC Workers: 8]
      [GC Worker Start (ms): Min: 39003.8, Avg: 39004.0, Max: 39004.1, Diff: 0.3]
      [Ext Root Scanning (ms): Min: 0.0, Avg: 0.1, Max: 0.3, Diff: 0.3, Sum: 0.9]
      [Update RS (ms): Min: 16.6, Avg: 17.0, Max: 17.8, Diff: 1.2, Sum: 135.6]
         [Processed Buffers: Min: 10, Avg: 10.9, Max: 12, Diff: 2, Sum: 87]
      [Scan RS (ms): Min: 10.1, Avg: 10.9, Max: 11.5, Diff: 1.4, Sum: 87.5]
      [Code Root Scanning (ms): Min: 0.0, Avg: 0.0, Max: 0.0, Diff: 0.0, Sum: 0.0]
      [Object Copy (ms): Min: 111.2, Avg: 111.4, Max: 111.6, Diff: 0.4, Sum: 891.3]
      [Termination (ms): Min: 0.0, Avg: 0.0, Max: 0.0, Diff: 0.0, Sum: 0.2]
         [Termination Attempts: Min: 1, Avg: 54.5, Max: 72, Diff: 71, Sum: 436]
      [GC Worker Other (ms): Min: 0.0, Avg: 0.0, Max: 0.1, Diff: 0.1, Sum: 0.4]
      [GC Worker Total (ms): Min: 139.4, Avg: 139.5, Max: 139.7, Diff: 0.3, Sum: 1115.9]
      [GC Worker End (ms): Min: 39143.5, Avg: 39143.5, Max: 39143.5, Diff: 0.1]
   [Code Root Fixup: 0.0 ms]
   [Code Root Purge: 0.0 ms]
   [Clear CT: 0.3 ms]
   [Other: 1.1 ms]
      [Choose CSet: 0.0 ms]
      [Ref Proc: 0.3 ms]
      [Ref Enq: 0.0 ms]
      [Redirty Cards: 0.3 ms]
      [Humongous Register: 0.1 ms]
      [Humongous Reclaim: 0.0 ms]
      [Free CSet: 0.2 ms]
   [Eden: 129.0M(129.0M)->0.0B(141.0M) Survivors: 19.0M->19.0M Heap: 753.9M(2048.0M)->755.4M(2048.0M)]
 [Times: user=1.13 sys=0.00, real=0.14 secs] 
2020-09-29T12:24:33.004+0200: 39.291: [GC pause (G1 Evacuation Pause) (young), 0.1617528 secs]
   [Parallel Time: 159.5 ms, GC Workers: 8]
      [GC Worker Start (ms): Min: 39291.0, Avg: 39291.1, Max: 39291.3, Diff: 0.3]
      [Ext Root Scanning (ms): Min: 0.0, Avg: 0.1, Max: 0.3, Diff: 0.3, Sum: 0.8]
      [Update RS (ms): Min: 20.8, Avg: 20.9, Max: 21.0, Diff: 0.1, Sum: 167.1]
         [Processed Buffers: Min: 12, Avg: 14.3, Max: 17, Diff: 5, Sum: 114]
      [Scan RS (ms): Min: 12.2, Avg: 12.4, Max: 12.6, Diff: 0.4, Sum: 99.0]
      [Code Root Scanning (ms): Min: 0.0, Avg: 0.0, Max: 0.0, Diff: 0.0, Sum: 0.0]
      [Object Copy (ms): Min: 125.4, Avg: 125.6, Max: 125.7, Diff: 0.2, Sum: 1004.8]
      [Termination (ms): Min: 0.0, Avg: 0.1, Max: 0.1, Diff: 0.1, Sum: 0.4]
         [Termination Attempts: Min: 1, Avg: 184.4, Max: 228, Diff: 227, Sum: 1475]
      [GC Worker Other (ms): Min: 0.0, Avg: 0.0, Max: 0.1, Diff: 0.1, Sum: 0.4]
      [GC Worker Total (ms): Min: 159.0, Avg: 159.1, Max: 159.2, Diff: 0.3, Sum: 1272.5]
      [GC Worker End (ms): Min: 39450.2, Avg: 39450.2, Max: 39450.3, Diff: 0.1]
   [Code Root Fixup: 0.0 ms]
   [Code Root Purge: 0.0 ms]
   [Clear CT: 0.4 ms]
   [Other: 1.9 ms]
      [Choose CSet: 0.0 ms]
      [Ref Proc: 0.8 ms]
      [Ref Enq: 0.0 ms]
      [Redirty Cards: 0.5 ms]
      [Humongous Register: 0.1 ms]
      [Humongous Reclaim: 0.0 ms]
      [Free CSet: 0.3 ms]
   [Eden: 141.0M(141.0M)->0.0B(147.0M) Survivors: 19.0M->20.0M Heap: 921.2M(2048.0M)->923.2M(2048.0M)]
 [Times: user=1.26 sys=0.00, real=0.16 secs] 
2020-09-29T12:24:33.249+0200: 39.535: [GC pause (G1 Humongous Allocation) (young) (initial-mark), 0.0987223 secs]
   [Parallel Time: 97.0 ms, GC Workers: 8]
      [GC Worker Start (ms): Min: 39535.3, Avg: 39535.4, Max: 39535.5, Diff: 0.2]
      [Ext Root Scanning (ms): Min: 0.0, Avg: 0.1, Max: 0.3, Diff: 0.2, Sum: 1.1]
      [Update RS (ms): Min: 16.0, Avg: 16.6, Max: 17.0, Diff: 1.0, Sum: 132.6]
         [Processed Buffers: Min: 10, Avg: 10.3, Max: 11, Diff: 1, Sum: 82]
      [Scan RS (ms): Min: 3.1, Avg: 3.6, Max: 4.1, Diff: 1.1, Sum: 28.5]
      [Code Root Scanning (ms): Min: 0.0, Avg: 0.0, Max: 0.0, Diff: 0.0, Sum: 0.0]
      [Object Copy (ms): Min: 76.1, Avg: 76.3, Max: 76.4, Diff: 0.3, Sum: 610.1]
      [Termination (ms): Min: 0.0, Avg: 0.2, Max: 0.2, Diff: 0.2, Sum: 1.4]
         [Termination Attempts: Min: 1, Avg: 571.6, Max: 736, Diff: 735, Sum: 4573]
      [GC Worker Other (ms): Min: 0.0, Avg: 0.0, Max: 0.1, Diff: 0.0, Sum: 0.3]
      [GC Worker Total (ms): Min: 96.7, Avg: 96.7, Max: 96.9, Diff: 0.2, Sum: 773.9]
      [GC Worker End (ms): Min: 39632.2, Avg: 39632.2, Max: 39632.2, Diff: 0.0]
   [Code Root Fixup: 0.0 ms]
   [Code Root Purge: 0.0 ms]
   [Clear CT: 0.3 ms]
   [Other: 1.4 ms]
      [Choose CSet: 0.0 ms]
      [Ref Proc: 0.4 ms]
      [Ref Enq: 0.0 ms]
      [Redirty Cards: 0.5 ms]
      [Humongous Register: 0.0 ms]
      [Humongous Reclaim: 0.0 ms]
      [Free CSet: 0.2 ms]
   [Eden: 69.0M(147.0M)->0.0B(155.0M) Survivors: 20.0M->21.0M Heap: 1001.2M(2048.0M)->1003.2M(2048.0M)]
 [Times: user=0.73 sys=0.00, real=0.10 secs] 
2020-09-29T12:24:33.348+0200: 39.634: [GC concurrent-root-region-scan-start]
2020-09-29T12:24:33.362+0200: 39.648: [GC concurrent-root-region-scan-end, 0.0141128 secs]
2020-09-29T12:24:33.362+0200: 39.648: [GC concurrent-mark-start]
2020-09-29T12:24:33.368+0200: 39.654: [GC concurrent-mark-end, 0.0056473 secs]
2020-09-29T12:24:33.368+0200: 39.654: [GC remark 2020-09-29T12:24:33.368+0200: 39.654: [Finalize Marking, 0.0004099 secs] 2020-09-29T12:24:33.368+0200: 39.655: [GC ref-proc, 0.0007406 secs] 2020-09-29T12:24:33.369+0200: 39.656: [Unloading, 0.0011105 secs], 0.0029843 secs]
 [Times: user=0.00 sys=0.00, real=0.00 secs] 
2020-09-29T12:24:33.372+0200: 39.658: [GC cleanup 1026M->58M(2048M), 0.0025083 secs]
 [Times: user=0.00 sys=0.00, real=0.00 secs] 
2020-09-29T12:24:33.375+0200: 39.661: [GC concurrent-cleanup-start]
2020-09-29T12:24:33.377+0200: 39.664: [GC concurrent-cleanup-end, 0.0028409 secs]
2020-09-29T12:24:33.512+0200: 39.798: [GC pause (G1 Evacuation Pause) (young), 0.1614270 secs]
   [Parallel Time: 159.8 ms, GC Workers: 8]
      [GC Worker Start (ms): Min: 39798.1, Avg: 39798.3, Max: 39798.4, Diff: 0.3]
      [Ext Root Scanning (ms): Min: 0.0, Avg: 0.1, Max: 0.3, Diff: 0.3, Sum: 0.9]
      [Update RS (ms): Min: 17.4, Avg: 17.8, Max: 18.1, Diff: 0.7, Sum: 142.4]
         [Processed Buffers: Min: 10, Avg: 11.6, Max: 14, Diff: 4, Sum: 93]
      [Scan RS (ms): Min: 11.7, Avg: 12.1, Max: 12.5, Diff: 0.8, Sum: 96.6]
      [Code Root Scanning (ms): Min: 0.0, Avg: 0.0, Max: 0.0, Diff: 0.0, Sum: 0.0]
      [Object Copy (ms): Min: 128.8, Avg: 129.0, Max: 129.1, Diff: 0.2, Sum: 1031.7]
      [Termination (ms): Min: 0.1, Avg: 0.3, Max: 0.5, Diff: 0.3, Sum: 2.5]
         [Termination Attempts: Min: 1, Avg: 574.4, Max: 777, Diff: 776, Sum: 4595]
      [GC Worker Other (ms): Min: 0.0, Avg: 0.0, Max: 0.1, Diff: 0.0, Sum: 0.2]
      [GC Worker Total (ms): Min: 159.1, Avg: 159.3, Max: 159.6, Diff: 0.5, Sum: 1274.3]
      [GC Worker End (ms): Min: 39957.5, Avg: 39957.6, Max: 39957.7, Diff: 0.3]
   [Code Root Fixup: 0.0 ms]
   [Code Root Purge: 0.0 ms]
   [Clear CT: 0.3 ms]
   [Other: 1.4 ms]
      [Choose CSet: 0.0 ms]
      [Ref Proc: 0.3 ms]
      [Ref Enq: 0.0 ms]
      [Redirty Cards: 0.4 ms]
      [Humongous Register: 0.1 ms]
      [Humongous Reclaim: 0.0 ms]
      [Free CSet: 0.2 ms]
   [Eden: 155.0M(155.0M)->0.0B(157.0M) Survivors: 21.0M->22.0M Heap: 217.7M(2048.0M)->198.7M(2048.0M)]
 [Times: user=1.11 sys=0.02, real=0.16 secs] 
2020-09-29T12:24:33.836+0200: 40.122: [GC pause (G1 Evacuation Pause) (young), 0.1825360 secs]
   [Parallel Time: 180.5 ms, GC Workers: 8]
      [GC Worker Start (ms): Min: 40122.4, Avg: 40122.6, Max: 40122.7, Diff: 0.3]
      [Ext Root Scanning (ms): Min: 0.0, Avg: 0.1, Max: 0.3, Diff: 0.3, Sum: 0.8]
      [Update RS (ms): Min: 25.1, Avg: 25.4, Max: 26.0, Diff: 0.9, Sum: 203.5]
         [Processed Buffers: Min: 14, Avg: 15.1, Max: 16, Diff: 2, Sum: 121]
      [Scan RS (ms): Min: 17.1, Avg: 17.7, Max: 17.9, Diff: 0.8, Sum: 141.3]
      [Code Root Scanning (ms): Min: 0.0, Avg: 0.0, Max: 0.0, Diff: 0.0, Sum: 0.0]
      [Object Copy (ms): Min: 136.6, Avg: 136.7, Max: 136.9, Diff: 0.3, Sum: 1093.7]
      [Termination (ms): Min: 0.0, Avg: 0.2, Max: 0.2, Diff: 0.2, Sum: 1.5]
         [Termination Attempts: Min: 1, Avg: 660.3, Max: 811, Diff: 810, Sum: 5282]
      [GC Worker Other (ms): Min: 0.0, Avg: 0.1, Max: 0.1, Diff: 0.1, Sum: 0.4]
      [GC Worker Total (ms): Min: 180.0, Avg: 180.2, Max: 180.4, Diff: 0.3, Sum: 1441.4]
      [GC Worker End (ms): Min: 40302.7, Avg: 40302.7, Max: 40302.8, Diff: 0.1]
   [Code Root Fixup: 0.0 ms]
   [Code Root Purge: 0.0 ms]
   [Clear CT: 0.6 ms]
   [Other: 1.4 ms]
      [Choose CSet: 0.0 ms]
      [Ref Proc: 0.2 ms]
      [Ref Enq: 0.0 ms]
      [Redirty Cards: 0.5 ms]
      [Humongous Register: 0.1 ms]
      [Humongous Reclaim: 0.0 ms]
      [Free CSet: 0.2 ms]
   [Eden: 157.0M(157.0M)->0.0B(151.0M) Survivors: 22.0M->23.0M Heap: 382.4M(2048.0M)->384.9M(2048.0M)]
 [Times: user=1.36 sys=0.02, real=0.18 secs] 
2020-09-29T12:24:34.183+0200: 40.469: [GC pause (G1 Evacuation Pause) (young), 0.1640321 secs]
   [Parallel Time: 162.3 ms, GC Workers: 8]
      [GC Worker Start (ms): Min: 40469.2, Avg: 40469.3, Max: 40469.4, Diff: 0.2]
      [Ext Root Scanning (ms): Min: 0.0, Avg: 0.1, Max: 0.2, Diff: 0.2, Sum: 1.1]
      [Update RS (ms): Min: 17.4, Avg: 17.8, Max: 19.0, Diff: 1.6, Sum: 142.3]
         [Processed Buffers: Min: 10, Avg: 11.8, Max: 14, Diff: 4, Sum: 94]
      [Scan RS (ms): Min: 12.7, Avg: 13.9, Max: 14.5, Diff: 1.8, Sum: 111.5]
      [Code Root Scanning (ms): Min: 0.0, Avg: 0.0, Max: 0.0, Diff: 0.0, Sum: 0.0]
      [Object Copy (ms): Min: 129.8, Avg: 130.0, Max: 130.2, Diff: 0.4, Sum: 1040.1]
      [Termination (ms): Min: 0.0, Avg: 0.0, Max: 0.0, Diff: 0.0, Sum: 0.1]
         [Termination Attempts: Min: 1, Avg: 32.6, Max: 44, Diff: 43, Sum: 261]
      [GC Worker Other (ms): Min: 0.0, Avg: 0.0, Max: 0.1, Diff: 0.1, Sum: 0.4]
      [GC Worker Total (ms): Min: 161.8, Avg: 161.9, Max: 162.0, Diff: 0.2, Sum: 1295.4]
      [GC Worker End (ms): Min: 40631.2, Avg: 40631.2, Max: 40631.3, Diff: 0.1]
   [Code Root Fixup: 0.0 ms]
   [Code Root Purge: 0.0 ms]
   [Clear CT: 0.3 ms]
   [Other: 1.5 ms]
      [Choose CSet: 0.0 ms]
      [Ref Proc: 0.4 ms]
      [Ref Enq: 0.0 ms]
      [Redirty Cards: 0.5 ms]
      [Humongous Register: 0.1 ms]
      [Humongous Reclaim: 0.0 ms]
      [Free CSet: 0.3 ms]
   [Eden: 151.0M(151.0M)->0.0B(155.0M) Survivors: 23.0M->22.0M Heap: 560.7M(2048.0M)->562.2M(2048.0M)]
 [Times: user=1.25 sys=0.00, real=0.16 secs] 
2020-09-29T12:24:34.526+0200: 40.812: [GC pause (G1 Evacuation Pause) (young), 0.1783154 secs]
   [Parallel Time: 176.6 ms, GC Workers: 8]
      [GC Worker Start (ms): Min: 40812.6, Avg: 40812.7, Max: 40812.8, Diff: 0.2]
      [Ext Root Scanning (ms): Min: 0.1, Avg: 0.1, Max: 0.2, Diff: 0.2, Sum: 1.1]
      [Update RS (ms): Min: 23.5, Avg: 24.4, Max: 25.2, Diff: 1.7, Sum: 195.5]
         [Processed Buffers: Min: 13, Avg: 13.8, Max: 15, Diff: 2, Sum: 110]
      [Scan RS (ms): Min: 12.3, Avg: 13.8, Max: 18.6, Diff: 6.3, Sum: 110.3]
      [Code Root Scanning (ms): Min: 0.0, Avg: 0.0, Max: 0.0, Diff: 0.0, Sum: 0.0]
      [Object Copy (ms): Min: 133.0, Avg: 137.8, Max: 138.5, Diff: 5.6, Sum: 1102.5]
      [Termination (ms): Min: 0.0, Avg: 0.1, Max: 0.1, Diff: 0.1, Sum: 0.6]
         [Termination Attempts: Min: 1, Avg: 249.1, Max: 313, Diff: 312, Sum: 1993]
      [GC Worker Other (ms): Min: 0.0, Avg: 0.1, Max: 0.1, Diff: 0.1, Sum: 0.5]
      [GC Worker Total (ms): Min: 176.2, Avg: 176.3, Max: 176.4, Diff: 0.2, Sum: 1410.5]
      [GC Worker End (ms): Min: 40989.0, Avg: 40989.0, Max: 40989.1, Diff: 0.1]
   [Code Root Fixup: 0.0 ms]
   [Code Root Purge: 0.0 ms]
   [Clear CT: 0.3 ms]
   [Other: 1.3 ms]
      [Choose CSet: 0.0 ms]
      [Ref Proc: 0.3 ms]
      [Ref Enq: 0.0 ms]
      [Redirty Cards: 0.4 ms]
      [Humongous Register: 0.1 ms]
      [Humongous Reclaim: 0.0 ms]
      [Free CSet: 0.3 ms]
   [Eden: 155.0M(155.0M)->0.0B(155.0M) Survivors: 22.0M->23.0M Heap: 742.0M(2048.0M)->744.5M(2048.0M)]
 [Times: user=1.30 sys=0.00, real=0.18 secs] 
2020-09-29T12:24:34.888+0200: 41.174: [GC pause (G1 Evacuation Pause) (young), 0.1749610 secs]
   [Parallel Time: 173.2 ms, GC Workers: 8]
      [GC Worker Start (ms): Min: 41174.2, Avg: 41174.3, Max: 41174.4, Diff: 0.2]
      [Ext Root Scanning (ms): Min: 0.0, Avg: 0.1, Max: 0.2, Diff: 0.2, Sum: 1.0]
      [Update RS (ms): Min: 19.1, Avg: 19.3, Max: 19.4, Diff: 0.3, Sum: 154.3]
         [Processed Buffers: Min: 11, Avg: 12.0, Max: 15, Diff: 4, Sum: 96]
      [Scan RS (ms): Min: 14.2, Avg: 14.5, Max: 15.5, Diff: 1.3, Sum: 116.1]
      [Code Root Scanning (ms): Min: 0.0, Avg: 0.0, Max: 0.0, Diff: 0.0, Sum: 0.0]
      [Object Copy (ms): Min: 137.8, Avg: 138.9, Max: 139.2, Diff: 1.4, Sum: 1111.5]
      [Termination (ms): Min: 0.0, Avg: 0.0, Max: 0.0, Diff: 0.0, Sum: 0.0]
         [Termination Attempts: Min: 1, Avg: 11.1, Max: 16, Diff: 15, Sum: 89]
      [GC Worker Other (ms): Min: 0.0, Avg: 0.1, Max: 0.1, Diff: 0.1, Sum: 0.4]
      [GC Worker Total (ms): Min: 172.8, Avg: 172.9, Max: 173.1, Diff: 0.3, Sum: 1383.4]
      [GC Worker End (ms): Min: 41347.2, Avg: 41347.3, Max: 41347.3, Diff: 0.1]
   [Code Root Fixup: 0.0 ms]
   [Code Root Purge: 0.0 ms]
   [Clear CT: 0.5 ms]
   [Other: 1.3 ms]
      [Choose CSet: 0.0 ms]
      [Ref Proc: 0.3 ms]
      [Ref Enq: 0.0 ms]
      [Redirty Cards: 0.4 ms]
      [Humongous Register: 0.1 ms]
      [Humongous Reclaim: 0.0 ms]
      [Free CSet: 0.3 ms]
   [Eden: 155.0M(155.0M)->0.0B(157.0M) Survivors: 23.0M->23.0M Heap: 926.2M(2048.0M)->928.2M(2048.0M)]
 [Times: user=1.30 sys=0.00, real=0.17 secs] 
2020-09-29T12:24:35.133+0200: 41.419: [GC pause (G1 Humongous Allocation) (young) (initial-mark), 0.0884886 secs]
   [Parallel Time: 86.0 ms, GC Workers: 8]
      [GC Worker Start (ms): Min: 41419.2, Avg: 41419.3, Max: 41419.5, Diff: 0.3]
      [Ext Root Scanning (ms): Min: 0.0, Avg: 0.4, Max: 1.4, Diff: 1.4, Sum: 3.2]
      [Update RS (ms): Min: 18.6, Avg: 19.4, Max: 20.0, Diff: 1.4, Sum: 155.4]
         [Processed Buffers: Min: 11, Avg: 12.4, Max: 13, Diff: 2, Sum: 99]
      [Scan RS (ms): Min: 2.5, Avg: 2.9, Max: 3.2, Diff: 0.7, Sum: 23.2]
      [Code Root Scanning (ms): Min: 0.0, Avg: 0.0, Max: 0.0, Diff: 0.0, Sum: 0.0]
      [Object Copy (ms): Min: 62.7, Avg: 62.8, Max: 62.9, Diff: 0.2, Sum: 502.5]
      [Termination (ms): Min: 0.0, Avg: 0.1, Max: 0.1, Diff: 0.1, Sum: 0.6]
         [Termination Attempts: Min: 1, Avg: 213.4, Max: 261, Diff: 260, Sum: 1707]
      [GC Worker Other (ms): Min: 0.0, Avg: 0.0, Max: 0.1, Diff: 0.0, Sum: 0.3]
      [GC Worker Total (ms): Min: 85.5, Avg: 85.6, Max: 85.8, Diff: 0.4, Sum: 685.1]
      [GC Worker End (ms): Min: 41504.9, Avg: 41505.0, Max: 41505.0, Diff: 0.0]
   [Code Root Fixup: 0.0 ms]
   [Code Root Purge: 0.0 ms]
   [Clear CT: 0.3 ms]
   [Other: 2.2 ms]
      [Choose CSet: 0.0 ms]
      [Ref Proc: 0.4 ms]
      [Ref Enq: 0.0 ms]
      [Redirty Cards: 1.1 ms]
      [Humongous Register: 0.1 ms]
      [Humongous Reclaim: 0.0 ms]
      [Free CSet: 0.1 ms]
   [Eden: 52.0M(157.0M)->0.0B(160.0M) Survivors: 23.0M->23.0M Heap: 987.3M(2048.0M)->988.3M(2048.0M)]
 [Times: user=0.58 sys=0.00, real=0.09 secs] 
2020-09-29T12:24:35.221+0200: 41.508: [GC concurrent-root-region-scan-start]
2020-09-29T12:24:35.234+0200: 41.521: [GC concurrent-root-region-scan-end, 0.0135719 secs]
2020-09-29T12:24:35.235+0200: 41.521: [GC concurrent-mark-start]
2020-09-29T12:24:35.240+0200: 41.527: [GC concurrent-mark-end, 0.0057618 secs]
2020-09-29T12:24:35.241+0200: 41.528: [GC remark 2020-09-29T12:24:35.241+0200: 41.528: [Finalize Marking, 0.0003562 secs] 2020-09-29T12:24:35.241+0200: 41.528: [GC ref-proc, 0.0006822 secs] 2020-09-29T12:24:35.242+0200: 41.529: [Unloading, 0.0011918 secs], 0.0031757 secs]
 [Times: user=0.00 sys=0.00, real=0.00 secs] 
2020-09-29T12:24:35.245+0200: 41.532: [GC cleanup 1010M->59M(2048M), 0.0023949 secs]
 [Times: user=0.00 sys=0.00, real=0.00 secs] 
2020-09-29T12:24:35.247+0200: 41.534: [GC concurrent-cleanup-start]
2020-09-29T12:24:35.250+0200: 41.537: [GC concurrent-cleanup-end, 0.0025584 secs]
2020-09-29T12:24:35.393+0200: 41.680: [GC pause (G1 Evacuation Pause) (young), 0.1654886 secs]
   [Parallel Time: 163.7 ms, GC Workers: 8]
      [GC Worker Start (ms): Min: 41679.8, Avg: 41679.9, Max: 41680.0, Diff: 0.2]
      [Ext Root Scanning (ms): Min: 0.0, Avg: 0.1, Max: 0.2, Diff: 0.2, Sum: 1.0]
      [Update RS (ms): Min: 22.5, Avg: 23.0, Max: 23.8, Diff: 1.4, Sum: 184.2]
         [Processed Buffers: Min: 13, Avg: 13.9, Max: 14, Diff: 1, Sum: 111]
      [Scan RS (ms): Min: 9.7, Avg: 10.7, Max: 11.7, Diff: 1.9, Sum: 85.5]
      [Code Root Scanning (ms): Min: 0.0, Avg: 0.0, Max: 0.0, Diff: 0.0, Sum: 0.0]
      [Object Copy (ms): Min: 128.6, Avg: 129.4, Max: 130.0, Diff: 1.4, Sum: 1035.5]
      [Termination (ms): Min: 0.0, Avg: 0.1, Max: 0.1, Diff: 0.1, Sum: 0.6]
         [Termination Attempts: Min: 1, Avg: 245.1, Max: 327, Diff: 326, Sum: 1961]
      [GC Worker Other (ms): Min: 0.0, Avg: 0.1, Max: 0.1, Diff: 0.1, Sum: 0.4]
      [GC Worker Total (ms): Min: 163.3, Avg: 163.4, Max: 163.5, Diff: 0.2, Sum: 1307.4]
      [GC Worker End (ms): Min: 41843.3, Avg: 41843.3, Max: 41843.3, Diff: 0.1]
   [Code Root Fixup: 0.0 ms]
   [Code Root Purge: 0.0 ms]
   [Clear CT: 0.4 ms]
   [Other: 1.4 ms]
      [Choose CSet: 0.0 ms]
      [Ref Proc: 0.3 ms]
      [Ref Enq: 0.0 ms]
      [Redirty Cards: 0.3 ms]
      [Humongous Register: 0.1 ms]
      [Humongous Reclaim: 0.0 ms]
      [Free CSet: 0.3 ms]
   [Eden: 160.0M(160.0M)->0.0B(166.0M) Survivors: 23.0M->23.0M Heap: 224.7M(2048.0M)->204.2M(2048.0M)]
 [Times: user=1.31 sys=0.00, real=0.17 secs] 
2020-09-29T12:24:35.741+0200: 42.028: [GC pause (G1 Evacuation Pause) (young), 0.1893772 secs]
   [Parallel Time: 187.1 ms, GC Workers: 8]
      [GC Worker Start (ms): Min: 42027.9, Avg: 42028.9, Max: 42032.7, Diff: 4.8]
      [Ext Root Scanning (ms): Min: 0.0, Avg: 0.1, Max: 0.2, Diff: 0.2, Sum: 0.9]
      [Update RS (ms): Min: 14.3, Avg: 18.4, Max: 20.3, Diff: 6.0, Sum: 146.9]
         [Processed Buffers: Min: 10, Avg: 11.6, Max: 14, Diff: 4, Sum: 93]
      [Scan RS (ms): Min: 15.7, Avg: 16.9, Max: 17.4, Diff: 1.7, Sum: 135.0]
      [Code Root Scanning (ms): Min: 0.0, Avg: 0.0, Max: 0.0, Diff: 0.0, Sum: 0.0]
      [Object Copy (ms): Min: 150.4, Avg: 150.5, Max: 150.7, Diff: 0.3, Sum: 1204.1]
      [Termination (ms): Min: 0.0, Avg: 0.0, Max: 0.0, Diff: 0.0, Sum: 0.2]
         [Termination Attempts: Min: 1, Avg: 64.9, Max: 89, Diff: 88, Sum: 519]
      [GC Worker Other (ms): Min: 0.0, Avg: 0.1, Max: 0.1, Diff: 0.1, Sum: 0.4]
      [GC Worker Total (ms): Min: 182.2, Avg: 185.9, Max: 186.9, Diff: 4.8, Sum: 1487.5]
      [GC Worker End (ms): Min: 42214.8, Avg: 42214.8, Max: 42214.9, Diff: 0.1]
   [Code Root Fixup: 0.0 ms]
   [Code Root Purge: 0.0 ms]
   [Clear CT: 0.3 ms]
   [Other: 1.9 ms]
      [Choose CSet: 0.0 ms]
      [Ref Proc: 0.5 ms]
      [Ref Enq: 0.0 ms]
      [Redirty Cards: 0.7 ms]
      [Humongous Register: 0.1 ms]
      [Humongous Reclaim: 0.0 ms]
      [Free CSet: 0.3 ms]
   [Eden: 166.0M(166.0M)->0.0B(162.0M) Survivors: 23.0M->24.0M Heap: 398.8M(2048.0M)->400.8M(2048.0M)]
 [Times: user=1.45 sys=0.00, real=0.19 secs] 
2020-09-29T12:24:36.038+0200: 42.325: [GC pause (G1 Evacuation Pause) (young), 0.0987395 secs]
   [Parallel Time: 96.5 ms, GC Workers: 8]
      [GC Worker Start (ms): Min: 42324.7, Avg: 42324.8, Max: 42324.8, Diff: 0.2]
      [Ext Root Scanning (ms): Min: 0.0, Avg: 0.1, Max: 0.2, Diff: 0.2, Sum: 0.5]
      [Update RS (ms): Min: 11.1, Avg: 11.4, Max: 11.8, Diff: 0.7, Sum: 90.9]
         [Processed Buffers: Min: 11, Avg: 12.8, Max: 15, Diff: 4, Sum: 102]
      [Scan RS (ms): Min: 6.6, Avg: 7.1, Max: 7.3, Diff: 0.7, Sum: 56.8]
      [Code Root Scanning (ms): Min: 0.0, Avg: 0.0, Max: 0.0, Diff: 0.0, Sum: 0.0]
      [Object Copy (ms): Min: 77.5, Avg: 77.6, Max: 77.8, Diff: 0.2, Sum: 620.7]
      [Termination (ms): Min: 0.0, Avg: 0.2, Max: 0.2, Diff: 0.2, Sum: 1.4]
         [Termination Attempts: Min: 1, Avg: 1202.9, Max: 1485, Diff: 1484, Sum: 9623]
      [GC Worker Other (ms): Min: 0.0, Avg: 0.0, Max: 0.1, Diff: 0.1, Sum: 0.3]
      [GC Worker Total (ms): Min: 96.2, Avg: 96.3, Max: 96.4, Diff: 0.2, Sum: 770.6]
      [GC Worker End (ms): Min: 42421.1, Avg: 42421.1, Max: 42421.1, Diff: 0.1]
   [Code Root Fixup: 0.0 ms]
   [Code Root Purge: 0.0 ms]
   [Clear CT: 1.4 ms]
   [Other: 0.8 ms]
      [Choose CSet: 0.0 ms]
      [Ref Proc: 0.2 ms]
      [Ref Enq: 0.0 ms]
      [Redirty Cards: 0.2 ms]
      [Humongous Register: 0.0 ms]
      [Humongous Reclaim: 0.0 ms]
      [Free CSet: 0.1 ms]
   [Eden: 162.0M(162.0M)->0.0B(178.0M) Survivors: 24.0M->24.0M Heap: 589.5M(2048.0M)->591.0M(2048.0M)]
 [Times: user=0.75 sys=0.00, real=0.10 secs] 
2020-09-29T12:24:36.235+0200: 42.522: [GC pause (G1 Evacuation Pause) (young), 0.1024349 secs]
   [Parallel Time: 101.3 ms, GC Workers: 8]
      [GC Worker Start (ms): Min: 42522.0, Avg: 42522.1, Max: 42522.1, Diff: 0.1]
      [Ext Root Scanning (ms): Min: 0.0, Avg: 0.1, Max: 0.1, Diff: 0.1, Sum: 0.6]
      [Update RS (ms): Min: 12.5, Avg: 12.5, Max: 12.6, Diff: 0.1, Sum: 99.9]
         [Processed Buffers: Min: 13, Avg: 14.8, Max: 17, Diff: 4, Sum: 118]
      [Scan RS (ms): Min: 12.1, Avg: 12.2, Max: 12.3, Diff: 0.2, Sum: 97.7]
      [Code Root Scanning (ms): Min: 0.0, Avg: 0.0, Max: 0.0, Diff: 0.0, Sum: 0.0]
      [Object Copy (ms): Min: 76.2, Avg: 76.3, Max: 76.3, Diff: 0.1, Sum: 610.1]
      [Termination (ms): Min: 0.0, Avg: 0.0, Max: 0.0, Diff: 0.0, Sum: 0.2]
         [Termination Attempts: Min: 1, Avg: 181.4, Max: 229, Diff: 228, Sum: 1451]
      [GC Worker Other (ms): Min: 0.0, Avg: 0.0, Max: 0.0, Diff: 0.0, Sum: 0.2]
      [GC Worker Total (ms): Min: 101.0, Avg: 101.1, Max: 101.1, Diff: 0.1, Sum: 808.7]
      [GC Worker End (ms): Min: 42623.2, Avg: 42623.2, Max: 42623.2, Diff: 0.0]
   [Code Root Fixup: 0.0 ms]
   [Code Root Purge: 0.0 ms]
   [Clear CT: 0.2 ms]
   [Other: 0.9 ms]
      [Choose CSet: 0.0 ms]
      [Ref Proc: 0.3 ms]
      [Ref Enq: 0.0 ms]
      [Redirty Cards: 0.2 ms]
      [Humongous Register: 0.0 ms]
      [Humongous Reclaim: 0.0 ms]
      [Free CSet: 0.2 ms]
   [Eden: 178.0M(178.0M)->0.0B(199.0M) Survivors: 24.0M->26.0M Heap: 799.5M(2048.0M)->802.0M(2048.0M)]
 [Times: user=0.83 sys=0.05, real=0.10 secs] 
2020-09-29T12:24:36.452+0200: 42.739: [GC pause (G1 Evacuation Pause) (young), 0.1238876 secs]
   [Parallel Time: 122.9 ms, GC Workers: 8]
      [GC Worker Start (ms): Min: 42738.9, Avg: 42739.0, Max: 42739.1, Diff: 0.1]
      [Ext Root Scanning (ms): Min: 0.0, Avg: 0.1, Max: 0.1, Diff: 0.1, Sum: 0.6]
      [Update RS (ms): Min: 14.7, Avg: 14.8, Max: 15.2, Diff: 0.6, Sum: 118.3]
         [Processed Buffers: Min: 15, Avg: 15.9, Max: 18, Diff: 3, Sum: 127]
      [Scan RS (ms): Min: 10.4, Avg: 10.6, Max: 10.8, Diff: 0.4, Sum: 85.0]
      [Code Root Scanning (ms): Min: 0.0, Avg: 0.0, Max: 0.0, Diff: 0.0, Sum: 0.0]
      [Object Copy (ms): Min: 96.9, Avg: 97.0, Max: 97.1, Diff: 0.2, Sum: 776.0]
      [Termination (ms): Min: 0.0, Avg: 0.2, Max: 0.2, Diff: 0.2, Sum: 1.4]
         [Termination Attempts: Min: 1, Avg: 1346.8, Max: 1775, Diff: 1774, Sum: 10774]
      [GC Worker Other (ms): Min: 0.0, Avg: 0.0, Max: 0.0, Diff: 0.0, Sum: 0.2]
      [GC Worker Total (ms): Min: 122.6, Avg: 122.7, Max: 122.8, Diff: 0.1, Sum: 981.6]
      [GC Worker End (ms): Min: 42861.7, Avg: 42861.7, Max: 42861.7, Diff: 0.0]
   [Code Root Fixup: 0.0 ms]
   [Code Root Purge: 0.0 ms]
   [Clear CT: 0.2 ms]
   [Other: 0.8 ms]
      [Choose CSet: 0.0 ms]
      [Ref Proc: 0.2 ms]
      [Ref Enq: 0.0 ms]
      [Redirty Cards: 0.1 ms]
      [Humongous Register: 0.0 ms]
      [Humongous Reclaim: 0.0 ms]
      [Free CSet: 0.2 ms]
   [Eden: 199.0M(199.0M)->0.0B(216.0M) Survivors: 26.0M->29.0M Heap: 1033.5M(2048.0M)->1035.5M(2048.0M)]
 [Times: user=1.00 sys=0.00, real=0.12 secs] 
2020-09-29T12:24:36.582+0200: 42.869: [GC pause (G1 Humongous Allocation) (young) (initial-mark), 0.0524995 secs]
   [Parallel Time: 51.4 ms, GC Workers: 8]
      [GC Worker Start (ms): Min: 42869.3, Avg: 42869.4, Max: 42869.5, Diff: 0.2]
      [Ext Root Scanning (ms): Min: 0.0, Avg: 0.6, Max: 2.0, Diff: 2.0, Sum: 4.7]
      [Update RS (ms): Min: 25.8, Avg: 27.3, Max: 27.9, Diff: 2.1, Sum: 218.0]
         [Processed Buffers: Min: 30, Avg: 31.1, Max: 32, Diff: 2, Sum: 249]
      [Scan RS (ms): Min: 1.5, Avg: 1.8, Max: 1.9, Diff: 0.4, Sum: 14.2]
      [Code Root Scanning (ms): Min: 0.0, Avg: 0.0, Max: 0.0, Diff: 0.0, Sum: 0.0]
      [Object Copy (ms): Min: 21.4, Avg: 21.5, Max: 21.6, Diff: 0.2, Sum: 172.0]
      [Termination (ms): Min: 0.0, Avg: 0.1, Max: 0.2, Diff: 0.2, Sum: 0.9]
         [Termination Attempts: Min: 1, Avg: 777.5, Max: 1075, Diff: 1074, Sum: 6220]
      [GC Worker Other (ms): Min: 0.0, Avg: 0.0, Max: 0.0, Diff: 0.0, Sum: 0.1]
      [GC Worker Total (ms): Min: 51.1, Avg: 51.2, Max: 51.3, Diff: 0.2, Sum: 409.9]
      [GC Worker End (ms): Min: 42920.6, Avg: 42920.6, Max: 42920.6, Diff: 0.0]
   [Code Root Fixup: 0.0 ms]
   [Code Root Purge: 0.0 ms]
   [Clear CT: 0.2 ms]
   [Other: 1.0 ms]
      [Choose CSet: 0.0 ms]
      [Ref Proc: 0.3 ms]
      [Ref Enq: 0.0 ms]
      [Redirty Cards: 0.2 ms]
      [Humongous Register: 0.1 ms]
      [Humongous Reclaim: 0.0 ms]
      [Free CSet: 0.1 ms]
   [Eden: 5120.0K(216.0M)->0.0B(237.0M) Survivors: 29.0M->7168.0K Heap: 1040.5M(2048.0M)->1044.5M(2048.0M)]
 [Times: user=0.38 sys=0.00, real=0.05 secs] 
2020-09-29T12:24:36.635+0200: 42.922: [GC concurrent-root-region-scan-start]
2020-09-29T12:24:36.636+0200: 42.923: [GC concurrent-root-region-scan-end, 0.0016625 secs]
2020-09-29T12:24:36.636+0200: 42.923: [GC concurrent-mark-start]
2020-09-29T12:24:36.640+0200: 42.927: [GC concurrent-mark-end, 0.0034511 secs]
2020-09-29T12:24:36.640+0200: 42.927: [GC remark 2020-09-29T12:24:36.640+0200: 42.927: [Finalize Marking, 0.0002676 secs] 2020-09-29T12:24:36.641+0200: 42.928: [GC ref-proc, 0.0004013 secs] 2020-09-29T12:24:36.641+0200: 42.928: [Unloading, 0.0003689 secs], 0.0014905 secs]
 [Times: user=0.00 sys=0.00, real=0.00 secs] 
2020-09-29T12:24:36.642+0200: 42.929: [GC cleanup 1056M->33M(2048M), 0.0014777 secs]
 [Times: user=0.00 sys=0.00, real=0.00 secs] 
2020-09-29T12:24:36.644+0200: 42.931: [GC concurrent-cleanup-start]
2020-09-29T12:24:36.646+0200: 42.933: [GC concurrent-cleanup-end, 0.0022494 secs]
2020-09-29T12:24:36.786+0200: 43.073: [GC pause (G1 Evacuation Pause) (young), 0.1237603 secs]
   [Parallel Time: 122.7 ms, GC Workers: 8]
      [GC Worker Start (ms): Min: 43073.0, Avg: 43073.1, Max: 43073.2, Diff: 0.2]
      [Ext Root Scanning (ms): Min: 0.0, Avg: 0.1, Max: 0.2, Diff: 0.2, Sum: 0.6]
      [Update RS (ms): Min: 20.5, Avg: 20.8, Max: 21.4, Diff: 0.9, Sum: 166.7]
         [Processed Buffers: Min: 19, Avg: 19.6, Max: 21, Diff: 2, Sum: 157]
      [Scan RS (ms): Min: 12.3, Avg: 12.9, Max: 13.3, Diff: 1.1, Sum: 103.3]
      [Code Root Scanning (ms): Min: 0.0, Avg: 0.0, Max: 0.0, Diff: 0.0, Sum: 0.0]
      [Object Copy (ms): Min: 88.5, Avg: 88.6, Max: 88.8, Diff: 0.3, Sum: 709.0]
      [Termination (ms): Min: 0.0, Avg: 0.1, Max: 0.1, Diff: 0.1, Sum: 0.4]
         [Termination Attempts: Min: 1, Avg: 342.3, Max: 504, Diff: 503, Sum: 2738]
      [GC Worker Other (ms): Min: 0.0, Avg: 0.0, Max: 0.1, Diff: 0.0, Sum: 0.3]
      [GC Worker Total (ms): Min: 122.5, Avg: 122.5, Max: 122.6, Diff: 0.1, Sum: 980.2]
      [GC Worker End (ms): Min: 43195.6, Avg: 43195.7, Max: 43195.7, Diff: 0.0]
   [Code Root Fixup: 0.0 ms]
   [Code Root Purge: 0.0 ms]
   [Clear CT: 0.2 ms]
   [Other: 0.9 ms]
      [Choose CSet: 0.0 ms]
      [Ref Proc: 0.1 ms]
      [Ref Enq: 0.0 ms]
      [Redirty Cards: 0.2 ms]
      [Humongous Register: 0.0 ms]
      [Humongous Reclaim: 0.0 ms]
      [Free CSet: 0.2 ms]
   [Eden: 237.0M(237.0M)->0.0B(238.0M) Survivors: 7168.0K->31.0M Heap: 299.1M(2048.0M)->294.1M(2048.0M)]
 [Times: user=0.86 sys=0.03, real=0.12 secs] 
2020-09-29T12:24:37.046+0200: 43.333: [GC pause (G1 Evacuation Pause) (young), 0.1331048 secs]
   [Parallel Time: 131.9 ms, GC Workers: 8]
      [GC Worker Start (ms): Min: 43332.7, Avg: 43332.8, Max: 43332.9, Diff: 0.2]
      [Ext Root Scanning (ms): Min: 0.0, Avg: 0.1, Max: 0.2, Diff: 0.2, Sum: 0.5]
      [Update RS (ms): Min: 17.1, Avg: 17.2, Max: 17.4, Diff: 0.3, Sum: 137.8]
         [Processed Buffers: Min: 17, Avg: 18.1, Max: 21, Diff: 4, Sum: 145]
      [Scan RS (ms): Min: 11.7, Avg: 11.9, Max: 12.1, Diff: 0.4, Sum: 95.6]
      [Code Root Scanning (ms): Min: 0.0, Avg: 0.0, Max: 0.0, Diff: 0.0, Sum: 0.0]
      [Object Copy (ms): Min: 102.2, Avg: 102.4, Max: 102.5, Diff: 0.2, Sum: 819.1]
      [Termination (ms): Min: 0.0, Avg: 0.0, Max: 0.0, Diff: 0.0, Sum: 0.0]
         [Termination Attempts: Min: 1, Avg: 24.5, Max: 32, Diff: 31, Sum: 196]
      [GC Worker Other (ms): Min: 0.0, Avg: 0.0, Max: 0.1, Diff: 0.1, Sum: 0.3]
      [GC Worker Total (ms): Min: 131.6, Avg: 131.7, Max: 131.8, Diff: 0.2, Sum: 1053.3]
      [GC Worker End (ms): Min: 43464.4, Avg: 43464.4, Max: 43464.5, Diff: 0.1]
   [Code Root Fixup: 0.0 ms]
   [Code Root Purge: 0.0 ms]
   [Clear CT: 0.2 ms]
   [Other: 1.0 ms]
      [Choose CSet: 0.0 ms]
      [Ref Proc: 0.2 ms]
      [Ref Enq: 0.0 ms]
      [Redirty Cards: 0.3 ms]
      [Humongous Register: 0.0 ms]
      [Humongous Reclaim: 0.0 ms]
      [Free CSet: 0.2 ms]
   [Eden: 238.0M(238.0M)->0.0B(255.0M) Survivors: 31.0M->34.0M Heap: 572.1M(2048.0M)->574.1M(2048.0M)]
 [Times: user=1.13 sys=0.00, real=0.13 secs] 
2020-09-29T12:24:37.347+0200: 43.634: [GC pause (G1 Evacuation Pause) (young), 0.1446068 secs]
   [Parallel Time: 143.4 ms, GC Workers: 8]
      [GC Worker Start (ms): Min: 43634.6, Avg: 43634.7, Max: 43634.7, Diff: 0.2]
      [Ext Root Scanning (ms): Min: 0.0, Avg: 0.1, Max: 0.2, Diff: 0.2, Sum: 0.6]
      [Update RS (ms): Min: 15.6, Avg: 15.9, Max: 16.2, Diff: 0.6, Sum: 127.2]
         [Processed Buffers: Min: 14, Avg: 15.8, Max: 17, Diff: 3, Sum: 126]
      [Scan RS (ms): Min: 15.8, Avg: 16.2, Max: 16.6, Diff: 0.8, Sum: 129.7]
      [Code Root Scanning (ms): Min: 0.0, Avg: 0.0, Max: 0.0, Diff: 0.0, Sum: 0.0]
      [Object Copy (ms): Min: 110.7, Avg: 110.9, Max: 111.0, Diff: 0.3, Sum: 886.9]
      [Termination (ms): Min: 0.0, Avg: 0.1, Max: 0.1, Diff: 0.1, Sum: 0.6]
         [Termination Attempts: Min: 1, Avg: 142.3, Max: 231, Diff: 230, Sum: 1138]
      [GC Worker Other (ms): Min: 0.0, Avg: 0.0, Max: 0.1, Diff: 0.1, Sum: 0.3]
      [GC Worker Total (ms): Min: 143.1, Avg: 143.2, Max: 143.3, Diff: 0.2, Sum: 1145.3]
      [GC Worker End (ms): Min: 43777.8, Avg: 43777.8, Max: 43777.9, Diff: 0.1]
   [Code Root Fixup: 0.0 ms]
   [Code Root Purge: 0.0 ms]
   [Clear CT: 0.2 ms]
   [Other: 1.0 ms]
      [Choose CSet: 0.0 ms]
      [Ref Proc: 0.3 ms]
      [Ref Enq: 0.0 ms]
      [Redirty Cards: 0.2 ms]
      [Humongous Register: 0.0 ms]
      [Humongous Reclaim: 0.0 ms]
      [Free CSet: 0.3 ms]
   [Eden: 255.0M(255.0M)->0.0B(267.0M) Survivors: 34.0M->37.0M Heap: 871.1M(2048.0M)->872.6M(2048.0M)]
 [Times: user=1.13 sys=0.00, real=0.15 secs] 
2020-09-29T12:24:37.651+0200: 43.938: [GC pause (G1 Evacuation Pause) (young), 0.1848649 secs]
   [Parallel Time: 183.9 ms, GC Workers: 8]
      [GC Worker Start (ms): Min: 43937.9, Avg: 43938.0, Max: 43938.0, Diff: 0.1]
      [Ext Root Scanning (ms): Min: 0.0, Avg: 0.1, Max: 0.1, Diff: 0.1, Sum: 0.6]
      [Update RS (ms): Min: 22.6, Avg: 22.8, Max: 23.1, Diff: 0.5, Sum: 182.2]
         [Processed Buffers: Min: 19, Avg: 22.3, Max: 25, Diff: 6, Sum: 178]
      [Scan RS (ms): Min: 16.3, Avg: 16.7, Max: 16.8, Diff: 0.5, Sum: 133.5]
      [Code Root Scanning (ms): Min: 0.0, Avg: 0.0, Max: 0.0, Diff: 0.0, Sum: 0.0]
      [Object Copy (ms): Min: 144.0, Avg: 144.1, Max: 144.1, Diff: 0.1, Sum: 1152.5]
      [Termination (ms): Min: 0.0, Avg: 0.1, Max: 0.1, Diff: 0.1, Sum: 0.4]
         [Termination Attempts: Min: 1, Avg: 368.1, Max: 532, Diff: 531, Sum: 2945]
      [GC Worker Other (ms): Min: 0.0, Avg: 0.0, Max: 0.1, Diff: 0.1, Sum: 0.3]
      [GC Worker Total (ms): Min: 183.6, Avg: 183.7, Max: 183.8, Diff: 0.2, Sum: 1469.5]
      [GC Worker End (ms): Min: 44121.6, Avg: 44121.6, Max: 44121.7, Diff: 0.1]
   [Code Root Fixup: 0.0 ms]
   [Code Root Purge: 0.0 ms]
   [Clear CT: 0.2 ms]
   [Other: 0.8 ms]
      [Choose CSet: 0.0 ms]
      [Ref Proc: 0.3 ms]
      [Ref Enq: 0.0 ms]
      [Redirty Cards: 0.2 ms]
      [Humongous Register: 0.0 ms]
      [Humongous Reclaim: 0.0 ms]
      [Free CSet: 0.2 ms]
   [Eden: 267.0M(267.0M)->0.0B(261.0M) Survivors: 37.0M->38.0M Heap: 1185.3M(2048.0M)->1186.8M(2048.0M)]
 [Times: user=1.38 sys=0.02, real=0.19 secs] 
2020-09-29T12:24:37.849+0200: 44.136: [GC pause (G1 Humongous Allocation) (young) (initial-mark), 0.0695929 secs]
   [Parallel Time: 68.8 ms, GC Workers: 8]
      [GC Worker Start (ms): Min: 44136.0, Avg: 44136.0, Max: 44136.1, Diff: 0.1]
      [Ext Root Scanning (ms): Min: 0.0, Avg: 0.1, Max: 0.1, Diff: 0.1, Sum: 0.6]
      [Update RS (ms): Min: 26.7, Avg: 27.0, Max: 27.3, Diff: 0.6, Sum: 216.0]
         [Processed Buffers: Min: 31, Avg: 32.6, Max: 33, Diff: 2, Sum: 261]
      [Scan RS (ms): Min: 2.2, Avg: 2.5, Max: 2.8, Diff: 0.6, Sum: 20.0]
      [Code Root Scanning (ms): Min: 0.0, Avg: 0.0, Max: 0.0, Diff: 0.0, Sum: 0.0]
      [Object Copy (ms): Min: 38.6, Avg: 38.7, Max: 39.0, Diff: 0.4, Sum: 309.9]
      [Termination (ms): Min: 0.0, Avg: 0.4, Max: 0.4, Diff: 0.4, Sum: 2.8]
         [Termination Attempts: Min: 1, Avg: 2460.3, Max: 3016, Diff: 3015, Sum: 19682]
      [GC Worker Other (ms): Min: 0.0, Avg: 0.0, Max: 0.0, Diff: 0.0, Sum: 0.1]
      [GC Worker Total (ms): Min: 68.6, Avg: 68.7, Max: 68.7, Diff: 0.1, Sum: 549.6]
      [GC Worker End (ms): Min: 44204.7, Avg: 44204.7, Max: 44204.7, Diff: 0.0]
   [Code Root Fixup: 0.0 ms]
   [Code Root Purge: 0.0 ms]
   [Clear CT: 0.1 ms]
   [Other: 0.6 ms]
      [Choose CSet: 0.0 ms]
      [Ref Proc: 0.1 ms]
      [Ref Enq: 0.0 ms]
      [Redirty Cards: 0.2 ms]
      [Humongous Register: 0.0 ms]
      [Humongous Reclaim: 0.0 ms]
      [Free CSet: 0.1 ms]
   [Eden: 11.0M(261.0M)->0.0B(234.0M) Survivors: 38.0M->12.0M Heap: 1197.3M(2048.0M)->1200.8M(2048.0M)]
 [Times: user=0.47 sys=0.02, real=0.07 secs] 
2020-09-29T12:24:37.919+0200: 44.206: [GC concurrent-root-region-scan-start]
2020-09-29T12:24:37.921+0200: 44.208: [GC concurrent-root-region-scan-end, 0.0023404 secs]
2020-09-29T12:24:37.921+0200: 44.208: [GC concurrent-mark-start]
2020-09-29T12:24:37.923+0200: 44.210: [GC concurrent-mark-end, 0.0023694 secs]
2020-09-29T12:24:37.924+0200: 44.211: [GC remark 2020-09-29T12:24:37.924+0200: 44.211: [Finalize Marking, 0.0001121 secs] 2020-09-29T12:24:37.924+0200: 44.211: [GC ref-proc, 0.0002559 secs] 2020-09-29T12:24:37.924+0200: 44.211: [Unloading, 0.0004002 secs], 0.0011005 secs]
 [Times: user=0.00 sys=0.00, real=0.00 secs] 
2020-09-29T12:24:37.925+0200: 44.212: [GC cleanup 1211M->37M(2048M), 0.0011800 secs]
 [Times: user=0.02 sys=0.02, real=0.00 secs] 
2020-09-29T12:24:37.926+0200: 44.213: [GC concurrent-cleanup-start]
2020-09-29T12:24:37.928+0200: 44.215: [GC concurrent-cleanup-end, 0.0015712 secs]
2020-09-29T12:24:38.053+0200: 44.340: [GC pause (G1 Evacuation Pause) (young), 0.1315461 secs]
   [Parallel Time: 130.0 ms, GC Workers: 8]
      [GC Worker Start (ms): Min: 44339.8, Avg: 44339.9, Max: 44340.0, Diff: 0.2]
      [Ext Root Scanning (ms): Min: 0.0, Avg: 0.1, Max: 0.1, Diff: 0.1, Sum: 0.5]
      [Update RS (ms): Min: 11.5, Avg: 11.7, Max: 12.3, Diff: 0.9, Sum: 93.5]
         [Processed Buffers: Min: 12, Avg: 13.3, Max: 16, Diff: 4, Sum: 106]
      [Scan RS (ms): Min: 14.2, Avg: 14.8, Max: 15.1, Diff: 0.8, Sum: 118.4]
      [Code Root Scanning (ms): Min: 0.0, Avg: 0.0, Max: 0.0, Diff: 0.0, Sum: 0.0]
      [Object Copy (ms): Min: 101.6, Avg: 102.7, Max: 103.2, Diff: 1.6, Sum: 821.3]
      [Termination (ms): Min: 0.0, Avg: 0.5, Max: 1.6, Diff: 1.6, Sum: 4.2]
         [Termination Attempts: Min: 1, Avg: 2116.6, Max: 3052, Diff: 3051, Sum: 16933]
      [GC Worker Other (ms): Min: 0.0, Avg: 0.0, Max: 0.1, Diff: 0.0, Sum: 0.2]
      [GC Worker Total (ms): Min: 129.7, Avg: 129.8, Max: 129.9, Diff: 0.2, Sum: 1038.1]
      [GC Worker End (ms): Min: 44469.6, Avg: 44469.6, Max: 44469.7, Diff: 0.0]
   [Code Root Fixup: 0.0 ms]
   [Code Root Purge: 0.0 ms]
   [Clear CT: 0.8 ms]
   [Other: 0.8 ms]
      [Choose CSet: 0.0 ms]
      [Ref Proc: 0.2 ms]
      [Ref Enq: 0.0 ms]
      [Redirty Cards: 0.2 ms]
      [Humongous Register: 0.0 ms]
      [Humongous Reclaim: 0.0 ms]
      [Free CSet: 0.1 ms]
   [Eden: 234.0M(234.0M)->0.0B(236.0M) Survivors: 12.0M->31.0M Heap: 301.1M(2048.0M)->291.1M(2048.0M)]
 [Times: user=0.97 sys=0.00, real=0.13 secs] 
2020-09-29T12:24:38.321+0200: 44.608: [GC pause (G1 Evacuation Pause) (young), 0.1341806 secs]
   [Parallel Time: 133.1 ms, GC Workers: 8]
      [GC Worker Start (ms): Min: 44608.3, Avg: 44608.6, Max: 44609.9, Diff: 1.6]
      [Ext Root Scanning (ms): Min: 0.0, Avg: 0.1, Max: 0.2, Diff: 0.2, Sum: 0.8]
      [Update RS (ms): Min: 11.3, Avg: 12.5, Max: 12.9, Diff: 1.5, Sum: 100.2]
         [Processed Buffers: Min: 13, Avg: 15.4, Max: 18, Diff: 5, Sum: 123]
      [Scan RS (ms): Min: 13.2, Avg: 14.0, Max: 19.6, Diff: 6.5, Sum: 112.1]
      [Code Root Scanning (ms): Min: 0.0, Avg: 0.0, Max: 0.0, Diff: 0.0, Sum: 0.0]
      [Object Copy (ms): Min: 100.5, Avg: 106.1, Max: 107.0, Diff: 6.5, Sum: 848.7]
      [Termination (ms): Min: 0.0, Avg: 0.0, Max: 0.0, Diff: 0.0, Sum: 0.3]
         [Termination Attempts: Min: 1, Avg: 224.0, Max: 273, Diff: 272, Sum: 1792]
      [GC Worker Other (ms): Min: 0.0, Avg: 0.1, Max: 0.1, Diff: 0.1, Sum: 0.5]
      [GC Worker Total (ms): Min: 131.5, Avg: 132.8, Max: 133.1, Diff: 1.6, Sum: 1062.6]
      [GC Worker End (ms): Min: 44741.4, Avg: 44741.4, Max: 44741.4, Diff: 0.1]
   [Code Root Fixup: 0.0 ms]
   [Code Root Purge: 0.0 ms]
   [Clear CT: 0.2 ms]
   [Other: 0.9 ms]
      [Choose CSet: 0.0 ms]
      [Ref Proc: 0.2 ms]
      [Ref Enq: 0.0 ms]
      [Redirty Cards: 0.2 ms]
      [Humongous Register: 0.1 ms]
      [Humongous Reclaim: 0.0 ms]
      [Free CSet: 0.2 ms]
   [Eden: 236.0M(236.0M)->0.0B(253.0M) Survivors: 31.0M->34.0M Heap: 567.1M(2048.0M)->568.6M(2048.0M)]
 [Times: user=0.97 sys=0.00, real=0.13 secs] 
2020-09-29T12:24:38.597+0200: 44.884: [GC pause (G1 Evacuation Pause) (young), 0.1374688 secs]
   [Parallel Time: 136.3 ms, GC Workers: 8]
      [GC Worker Start (ms): Min: 44884.1, Avg: 44884.1, Max: 44884.2, Diff: 0.1]
      [Ext Root Scanning (ms): Min: 0.0, Avg: 0.1, Max: 0.1, Diff: 0.1, Sum: 0.6]
      [Update RS (ms): Min: 16.9, Avg: 17.1, Max: 17.4, Diff: 0.5, Sum: 136.6]
         [Processed Buffers: Min: 18, Avg: 21.6, Max: 25, Diff: 7, Sum: 173]
      [Scan RS (ms): Min: 11.4, Avg: 11.7, Max: 12.1, Diff: 0.7, Sum: 94.0]
      [Code Root Scanning (ms): Min: 0.0, Avg: 0.0, Max: 0.0, Diff: 0.0, Sum: 0.0]
      [Object Copy (ms): Min: 107.0, Avg: 107.2, Max: 107.3, Diff: 0.3, Sum: 857.3]
      [Termination (ms): Min: 0.0, Avg: 0.0, Max: 0.0, Diff: 0.0, Sum: 0.1]
         [Termination Attempts: Min: 1, Avg: 77.0, Max: 110, Diff: 109, Sum: 616]
      [GC Worker Other (ms): Min: 0.0, Avg: 0.0, Max: 0.1, Diff: 0.0, Sum: 0.3]
      [GC Worker Total (ms): Min: 136.0, Avg: 136.1, Max: 136.2, Diff: 0.1, Sum: 1088.8]
      [GC Worker End (ms): Min: 45020.2, Avg: 45020.2, Max: 45020.3, Diff: 0.0]
   [Code Root Fixup: 0.0 ms]
   [Code Root Purge: 0.0 ms]
   [Clear CT: 0.2 ms]
   [Other: 1.0 ms]
      [Choose CSet: 0.0 ms]
      [Ref Proc: 0.2 ms]
      [Ref Enq: 0.0 ms]
      [Redirty Cards: 0.2 ms]
      [Humongous Register: 0.0 ms]
      [Humongous Reclaim: 0.0 ms]
      [Free CSet: 0.3 ms]
   [Eden: 253.0M(253.0M)->0.0B(274.0M) Survivors: 34.0M->36.0M Heap: 863.6M(2048.0M)->865.6M(2048.0M)]
 [Times: user=1.00 sys=0.00, real=0.14 secs] 
2020-09-29T12:24:38.900+0200: 45.186: [GC pause (G1 Evacuation Pause) (young), 0.1536149 secs]
   [Parallel Time: 152.5 ms, GC Workers: 8]
      [GC Worker Start (ms): Min: 45186.4, Avg: 45186.5, Max: 45186.6, Diff: 0.2]
      [Ext Root Scanning (ms): Min: 0.0, Avg: 0.1, Max: 0.2, Diff: 0.2, Sum: 0.4]
      [Update RS (ms): Min: 16.7, Avg: 16.9, Max: 17.4, Diff: 0.6, Sum: 135.0]
         [Processed Buffers: Min: 16, Avg: 19.3, Max: 21, Diff: 5, Sum: 154]
      [Scan RS (ms): Min: 16.0, Avg: 16.5, Max: 16.7, Diff: 0.7, Sum: 131.7]
      [Code Root Scanning (ms): Min: 0.0, Avg: 0.0, Max: 0.0, Diff: 0.0, Sum: 0.0]
      [Object Copy (ms): Min: 118.8, Avg: 118.9, Max: 118.9, Diff: 0.1, Sum: 950.9]
      [Termination (ms): Min: 0.0, Avg: 0.0, Max: 0.0, Diff: 0.0, Sum: 0.2]
         [Termination Attempts: Min: 1, Avg: 132.4, Max: 164, Diff: 163, Sum: 1059]
      [GC Worker Other (ms): Min: 0.0, Avg: 0.0, Max: 0.1, Diff: 0.1, Sum: 0.4]
      [GC Worker Total (ms): Min: 152.2, Avg: 152.3, Max: 152.5, Diff: 0.2, Sum: 1218.6]
      [GC Worker End (ms): Min: 45338.8, Avg: 45338.9, Max: 45338.9, Diff: 0.1]
   [Code Root Fixup: 0.0 ms]
   [Code Root Purge: 0.0 ms]
   [Clear CT: 0.3 ms]
   [Other: 0.8 ms]
      [Choose CSet: 0.0 ms]
      [Ref Proc: 0.2 ms]
      [Ref Enq: 0.0 ms]
      [Redirty Cards: 0.2 ms]
      [Humongous Register: 0.0 ms]
      [Humongous Reclaim: 0.0 ms]
      [Free CSet: 0.2 ms]
   [Eden: 274.0M(274.0M)->0.0B(286.0M) Survivors: 36.0M->39.0M Heap: 1185.3M(2048.0M)->1187.3M(2048.0M)]
 [Times: user=1.23 sys=0.01, real=0.15 secs] 
2020-09-29T12:24:39.070+0200: 45.357: [GC pause (G1 Humongous Allocation) (young) (initial-mark), 0.0527835 secs]
   [Parallel Time: 51.8 ms, GC Workers: 8]
      [GC Worker Start (ms): Min: 45356.9, Avg: 45357.0, Max: 45357.1, Diff: 0.2]
      [Ext Root Scanning (ms): Min: 0.0, Avg: 1.0, Max: 7.0, Diff: 7.0, Sum: 8.1]
      [Update RS (ms): Min: 20.1, Avg: 26.0, Max: 27.0, Diff: 6.9, Sum: 207.8]
         [Processed Buffers: Min: 22, Avg: 30.4, Max: 35, Diff: 13, Sum: 243]
      [Scan RS (ms): Min: 2.2, Avg: 2.3, Max: 2.5, Diff: 0.3, Sum: 18.6]
      [Code Root Scanning (ms): Min: 0.0, Avg: 0.0, Max: 0.0, Diff: 0.0, Sum: 0.0]
      [Object Copy (ms): Min: 22.2, Avg: 22.3, Max: 22.3, Diff: 0.1, Sum: 178.3]
      [Termination (ms): Min: 0.0, Avg: 0.1, Max: 0.1, Diff: 0.1, Sum: 0.5]
         [Termination Attempts: Min: 1, Avg: 392.1, Max: 562, Diff: 561, Sum: 3137]
      [GC Worker Other (ms): Min: 0.0, Avg: 0.0, Max: 0.0, Diff: 0.0, Sum: 0.1]
      [GC Worker Total (ms): Min: 51.6, Avg: 51.7, Max: 51.7, Diff: 0.2, Sum: 413.4]
      [GC Worker End (ms): Min: 45408.6, Avg: 45408.6, Max: 45408.7, Diff: 0.0]
   [Code Root Fixup: 0.0 ms]
   [Code Root Purge: 0.0 ms]
   [Clear CT: 0.2 ms]
   [Other: 0.8 ms]
      [Choose CSet: 0.0 ms]
      [Ref Proc: 0.1 ms]
      [Ref Enq: 0.0 ms]
      [Redirty Cards: 0.2 ms]
      [Humongous Register: 0.1 ms]
      [Humongous Reclaim: 0.0 ms]
      [Free CSet: 0.1 ms]
   [Eden: 11.0M(286.0M)->0.0B(316.0M) Survivors: 39.0M->13.0M Heap: 1197.8M(2048.0M)->1201.8M(2048.0M)]
 [Times: user=0.38 sys=0.00, real=0.05 secs] 
2020-09-29T12:24:39.123+0200: 45.410: [GC concurrent-root-region-scan-start]
2020-09-29T12:24:39.126+0200: 45.412: [GC concurrent-root-region-scan-end, 0.0028396 secs]
2020-09-29T12:24:39.126+0200: 45.412: [GC concurrent-mark-start]
2020-09-29T12:24:39.128+0200: 45.415: [GC concurrent-mark-end, 0.0025077 secs]
2020-09-29T12:24:39.129+0200: 45.415: [GC remark 2020-09-29T12:24:39.129+0200: 45.415: [Finalize Marking, 0.0001474 secs] 2020-09-29T12:24:39.129+0200: 45.415: [GC ref-proc, 0.0002902 secs] 2020-09-29T12:24:39.129+0200: 45.416: [Unloading, 0.0004221 secs], 0.0011388 secs]
 [Times: user=0.00 sys=0.02, real=0.00 secs] 
2020-09-29T12:24:39.130+0200: 45.417: [GC cleanup 1212M->38M(2048M), 0.0010736 secs]
 [Times: user=0.00 sys=0.00, real=0.00 secs] 
2020-09-29T12:24:39.131+0200: 45.418: [GC concurrent-cleanup-start]
2020-09-29T12:24:39.133+0200: 45.420: [GC concurrent-cleanup-end, 0.0020224 secs]
2020-09-29T12:24:39.304+0200: 45.591: [GC pause (G1 Evacuation Pause) (young), 0.1515722 secs]
   [Parallel Time: 150.4 ms, GC Workers: 8]
      [GC Worker Start (ms): Min: 45591.0, Avg: 45591.1, Max: 45591.2, Diff: 0.2]
      [Ext Root Scanning (ms): Min: 0.0, Avg: 0.1, Max: 0.1, Diff: 0.1, Sum: 0.5]
      [Update RS (ms): Min: 14.4, Avg: 14.5, Max: 14.8, Diff: 0.4, Sum: 116.1]
         [Processed Buffers: Min: 15, Avg: 17.4, Max: 19, Diff: 4, Sum: 139]
      [Scan RS (ms): Min: 15.7, Avg: 15.9, Max: 16.1, Diff: 0.4, Sum: 127.6]
      [Code Root Scanning (ms): Min: 0.0, Avg: 0.0, Max: 0.0, Diff: 0.0, Sum: 0.0]
      [Object Copy (ms): Min: 119.5, Avg: 119.6, Max: 119.6, Diff: 0.1, Sum: 956.6]
      [Termination (ms): Min: 0.0, Avg: 0.0, Max: 0.1, Diff: 0.1, Sum: 0.3]
         [Termination Attempts: Min: 1, Avg: 280.1, Max: 397, Diff: 396, Sum: 2241]
      [GC Worker Other (ms): Min: 0.0, Avg: 0.0, Max: 0.1, Diff: 0.1, Sum: 0.4]
      [GC Worker Total (ms): Min: 150.1, Avg: 150.2, Max: 150.3, Diff: 0.2, Sum: 1201.5]
      [GC Worker End (ms): Min: 45741.3, Avg: 45741.3, Max: 45741.3, Diff: 0.1]
   [Code Root Fixup: 0.0 ms]
   [Code Root Purge: 0.0 ms]
   [Clear CT: 0.2 ms]
   [Other: 0.9 ms]
      [Choose CSet: 0.0 ms]
      [Ref Proc: 0.2 ms]
      [Ref Enq: 0.0 ms]
      [Redirty Cards: 0.2 ms]
      [Humongous Register: 0.0 ms]
      [Humongous Reclaim: 0.0 ms]
      [Free CSet: 0.3 ms]
   [Eden: 316.0M(316.0M)->0.0B(306.0M) Survivors: 13.0M->42.0M Heap: 397.4M(2048.0M)->386.4M(2048.0M)]
 [Times: user=1.06 sys=0.03, real=0.15 secs] 
2020-09-29T12:24:39.643+0200: 45.930: [GC pause (G1 Evacuation Pause) (young), 0.1770873 secs]
   [Parallel Time: 176.0 ms, GC Workers: 8]
      [GC Worker Start (ms): Min: 45929.9, Avg: 45930.0, Max: 45930.1, Diff: 0.2]
      [Ext Root Scanning (ms): Min: 0.0, Avg: 0.1, Max: 0.2, Diff: 0.2, Sum: 0.5]
      [Update RS (ms): Min: 23.4, Avg: 23.5, Max: 23.9, Diff: 0.5, Sum: 188.2]
         [Processed Buffers: Min: 21, Avg: 24.8, Max: 28, Diff: 7, Sum: 198]
      [Scan RS (ms): Min: 16.1, Avg: 16.4, Max: 16.6, Diff: 0.5, Sum: 131.3]
      [Code Root Scanning (ms): Min: 0.0, Avg: 0.0, Max: 0.0, Diff: 0.0, Sum: 0.0]
      [Object Copy (ms): Min: 135.4, Avg: 135.5, Max: 135.6, Diff: 0.2, Sum: 1084.3]
      [Termination (ms): Min: 0.0, Avg: 0.1, Max: 0.1, Diff: 0.1, Sum: 0.6]
         [Termination Attempts: Min: 1, Avg: 571.9, Max: 697, Diff: 696, Sum: 4575]
      [GC Worker Other (ms): Min: 0.0, Avg: 0.1, Max: 0.1, Diff: 0.1, Sum: 0.6]
      [GC Worker Total (ms): Min: 175.6, Avg: 175.7, Max: 175.8, Diff: 0.3, Sum: 1405.6]
      [GC Worker End (ms): Min: 46105.7, Avg: 46105.7, Max: 46105.8, Diff: 0.1]
   [Code Root Fixup: 0.0 ms]
   [Code Root Purge: 0.0 ms]
   [Clear CT: 0.2 ms]
   [Other: 0.9 ms]
      [Choose CSet: 0.0 ms]
      [Ref Proc: 0.1 ms]
      [Ref Enq: 0.0 ms]
      [Redirty Cards: 0.2 ms]
      [Humongous Register: 0.0 ms]
      [Humongous Reclaim: 0.0 ms]
      [Free CSet: 0.3 ms]
   [Eden: 306.0M(306.0M)->0.0B(299.0M) Survivors: 42.0M->44.0M Heap: 743.9M(2048.0M)->745.9M(2048.0M)]
 [Times: user=1.44 sys=0.05, real=0.18 secs] 
2020-09-29T12:24:39.993+0200: 46.280: [GC pause (G1 Evacuation Pause) (young), 0.1674457 secs]
   [Parallel Time: 166.1 ms, GC Workers: 8]
      [GC Worker Start (ms): Min: 46280.1, Avg: 46280.1, Max: 46280.2, Diff: 0.1]
      [Ext Root Scanning (ms): Min: 0.0, Avg: 0.1, Max: 0.1, Diff: 0.1, Sum: 0.7]
      [Update RS (ms): Min: 15.6, Avg: 15.8, Max: 15.9, Diff: 0.2, Sum: 126.0]
         [Processed Buffers: Min: 17, Avg: 19.0, Max: 21, Diff: 4, Sum: 152]
      [Scan RS (ms): Min: 17.3, Avg: 17.5, Max: 17.7, Diff: 0.4, Sum: 139.6]
      [Code Root Scanning (ms): Min: 0.0, Avg: 0.0, Max: 0.0, Diff: 0.0, Sum: 0.0]
      [Object Copy (ms): Min: 132.3, Avg: 132.5, Max: 132.7, Diff: 0.4, Sum: 1060.3]
      [Termination (ms): Min: 0.0, Avg: 0.1, Max: 0.1, Diff: 0.1, Sum: 0.8]
         [Termination Attempts: Min: 1, Avg: 760.8, Max: 1014, Diff: 1013, Sum: 6086]
      [GC Worker Other (ms): Min: 0.0, Avg: 0.0, Max: 0.1, Diff: 0.1, Sum: 0.4]
      [GC Worker Total (ms): Min: 165.9, Avg: 166.0, Max: 166.0, Diff: 0.1, Sum: 1327.8]
      [GC Worker End (ms): Min: 46446.1, Avg: 46446.1, Max: 46446.1, Diff: 0.1]
   [Code Root Fixup: 0.0 ms]
   [Code Root Purge: 0.0 ms]
   [Clear CT: 0.2 ms]
   [Other: 1.1 ms]
      [Choose CSet: 0.0 ms]
      [Ref Proc: 0.1 ms]
      [Ref Enq: 0.0 ms]
      [Redirty Cards: 0.5 ms]
      [Humongous Register: 0.1 ms]
      [Humongous Reclaim: 0.0 ms]
      [Free CSet: 0.3 ms]
   [Eden: 299.0M(299.0M)->0.0B(302.0M) Survivors: 44.0M->43.0M Heap: 1094.5M(2048.0M)->1096.5M(2048.0M)]
 [Times: user=1.22 sys=0.05, real=0.17 secs] 
2020-09-29T12:24:40.174+0200: 46.461: [GC pause (G1 Humongous Allocation) (young) (initial-mark), 0.0524305 secs]
   [Parallel Time: 51.4 ms, GC Workers: 8]
      [GC Worker Start (ms): Min: 46461.2, Avg: 46461.3, Max: 46461.3, Diff: 0.2]
      [Ext Root Scanning (ms): Min: 0.0, Avg: 0.4, Max: 1.7, Diff: 1.7, Sum: 3.3]
      [Update RS (ms): Min: 28.0, Avg: 28.9, Max: 29.4, Diff: 1.4, Sum: 231.2]
         [Processed Buffers: Min: 34, Avg: 36.3, Max: 38, Diff: 4, Sum: 290]
      [Scan RS (ms): Min: 2.2, Avg: 2.7, Max: 3.2, Diff: 0.9, Sum: 21.6]
      [Code Root Scanning (ms): Min: 0.0, Avg: 0.0, Max: 0.0, Diff: 0.0, Sum: 0.0]
      [Object Copy (ms): Min: 19.0, Avg: 19.2, Max: 19.4, Diff: 0.4, Sum: 154.0]
      [Termination (ms): Min: 0.0, Avg: 0.0, Max: 0.0, Diff: 0.0, Sum: 0.0]
         [Termination Attempts: Min: 1, Avg: 16.3, Max: 23, Diff: 22, Sum: 130]
      [GC Worker Other (ms): Min: 0.0, Avg: 0.0, Max: 0.0, Diff: 0.0, Sum: 0.2]
      [GC Worker Total (ms): Min: 51.2, Avg: 51.3, Max: 51.4, Diff: 0.2, Sum: 410.2]
      [GC Worker End (ms): Min: 46512.5, Avg: 46512.5, Max: 46512.5, Diff: 0.0]
   [Code Root Fixup: 0.0 ms]
   [Code Root Purge: 0.0 ms]
   [Clear CT: 0.2 ms]
   [Other: 0.8 ms]
      [Choose CSet: 0.0 ms]
      [Ref Proc: 0.3 ms]
      [Ref Enq: 0.0 ms]
      [Redirty Cards: 0.2 ms]
      [Humongous Register: 0.1 ms]
      [Humongous Reclaim: 0.0 ms]
      [Free CSet: 0.1 ms]
   [Eden: 7168.0K(302.0M)->0.0B(352.0M) Survivors: 43.0M->9216.0K Heap: 1103.0M(2048.0M)->1107.0M(2048.0M)]
 [Times: user=0.50 sys=0.00, real=0.05 secs] 
2020-09-29T12:24:40.227+0200: 46.514: [GC concurrent-root-region-scan-start]
2020-09-29T12:24:40.229+0200: 46.515: [GC concurrent-root-region-scan-end, 0.0019123 secs]
2020-09-29T12:24:40.229+0200: 46.515: [GC concurrent-mark-start]
2020-09-29T12:24:40.232+0200: 46.519: [GC concurrent-mark-end, 0.0032575 secs]
2020-09-29T12:24:40.233+0200: 46.519: [GC remark 2020-09-29T12:24:40.233+0200: 46.519: [Finalize Marking, 0.0001877 secs] 2020-09-29T12:24:40.233+0200: 46.519: [GC ref-proc, 0.0003991 secs] 2020-09-29T12:24:40.233+0200: 46.520: [Unloading, 0.0018770 secs], 0.0028443 secs]
 [Times: user=0.00 sys=0.00, real=0.00 secs] 
2020-09-29T12:24:40.236+0200: 46.522: [GC cleanup 1117M->34M(2048M), 0.0014682 secs]
 [Times: user=0.00 sys=0.00, real=0.00 secs] 
2020-09-29T12:24:40.237+0200: 46.524: [GC concurrent-cleanup-start]
2020-09-29T12:24:40.240+0200: 46.526: [GC concurrent-cleanup-end, 0.0024700 secs]
2020-09-29T12:24:40.440+0200: 46.726: [GC pause (G1 Evacuation Pause) (young), 0.2115011 secs]
   [Parallel Time: 210.1 ms, GC Workers: 8]
      [GC Worker Start (ms): Min: 46726.6, Avg: 46726.7, Max: 46726.8, Diff: 0.2]
      [Ext Root Scanning (ms): Min: 0.0, Avg: 0.1, Max: 0.2, Diff: 0.2, Sum: 0.5]
      [Update RS (ms): Min: 16.7, Avg: 16.9, Max: 17.1, Diff: 0.4, Sum: 134.8]
         [Processed Buffers: Min: 15, Avg: 17.0, Max: 19, Diff: 4, Sum: 136]
      [Scan RS (ms): Min: 20.1, Avg: 23.6, Max: 46.3, Diff: 26.3, Sum: 188.5]
      [Code Root Scanning (ms): Min: 0.0, Avg: 0.0, Max: 0.0, Diff: 0.0, Sum: 0.0]
      [Object Copy (ms): Min: 146.2, Avg: 169.2, Max: 172.6, Diff: 26.4, Sum: 1353.3]
      [Termination (ms): Min: 0.0, Avg: 0.2, Max: 0.2, Diff: 0.2, Sum: 1.2]
         [Termination Attempts: Min: 1, Avg: 1081.8, Max: 1436, Diff: 1435, Sum: 8654]
      [GC Worker Other (ms): Min: 0.0, Avg: 0.0, Max: 0.1, Diff: 0.1, Sum: 0.4]
      [GC Worker Total (ms): Min: 209.8, Avg: 209.8, Max: 209.9, Diff: 0.2, Sum: 1678.7]
      [GC Worker End (ms): Min: 46936.5, Avg: 46936.5, Max: 46936.6, Diff: 0.1]
   [Code Root Fixup: 0.0 ms]
   [Code Root Purge: 0.0 ms]
   [Clear CT: 0.2 ms]
   [Other: 1.2 ms]
      [Choose CSet: 0.0 ms]
      [Ref Proc: 0.2 ms]
      [Ref Enq: 0.0 ms]
      [Redirty Cards: 0.2 ms]
      [Humongous Register: 0.0 ms]
      [Humongous Reclaim: 0.0 ms]
      [Free CSet: 0.4 ms]
   [Eden: 352.0M(352.0M)->0.0B(278.0M) Survivors: 9216.0K->46.0M Heap: 434.6M(2048.0M)->428.6M(2048.0M)]
 [Times: user=1.59 sys=0.01, real=0.21 secs] 
2020-09-29T12:24:40.836+0200: 47.122: [GC pause (G1 Evacuation Pause) (young), 0.2113487 secs]
   [Parallel Time: 210.2 ms, GC Workers: 8]
      [GC Worker Start (ms): Min: 47122.4, Avg: 47122.6, Max: 47122.6, Diff: 0.2]
      [Ext Root Scanning (ms): Min: 0.0, Avg: 0.1, Max: 0.2, Diff: 0.2, Sum: 0.5]
      [Update RS (ms): Min: 21.4, Avg: 22.8, Max: 31.4, Diff: 10.0, Sum: 182.4]
         [Processed Buffers: Min: 0, Avg: 21.4, Max: 26, Diff: 26, Sum: 171]
      [Scan RS (ms): Min: 8.6, Avg: 20.2, Max: 42.2, Diff: 33.6, Sum: 162.0]
      [Code Root Scanning (ms): Min: 0.0, Avg: 0.0, Max: 0.0, Diff: 0.0, Sum: 0.0]
      [Object Copy (ms): Min: 145.8, Avg: 166.5, Max: 169.6, Diff: 23.7, Sum: 1331.9]
      [Termination (ms): Min: 0.0, Avg: 0.2, Max: 0.3, Diff: 0.3, Sum: 1.8]
         [Termination Attempts: Min: 1, Avg: 1649.0, Max: 1993, Diff: 1992, Sum: 13192]
      [GC Worker Other (ms): Min: 0.0, Avg: 0.1, Max: 0.1, Diff: 0.1, Sum: 0.7]
      [GC Worker Total (ms): Min: 209.8, Avg: 209.9, Max: 210.0, Diff: 0.2, Sum: 1679.3]
      [GC Worker End (ms): Min: 47332.4, Avg: 47332.5, Max: 47332.5, Diff: 0.1]
   [Code Root Fixup: 0.0 ms]
   [Code Root Purge: 0.0 ms]
   [Clear CT: 0.2 ms]
   [Other: 1.0 ms]
      [Choose CSet: 0.0 ms]
      [Ref Proc: 0.2 ms]
      [Ref Enq: 0.0 ms]
      [Redirty Cards: 0.2 ms]
      [Humongous Register: 0.1 ms]
      [Humongous Reclaim: 0.0 ms]
      [Free CSet: 0.3 ms]
   [Eden: 278.0M(278.0M)->0.0B(248.0M) Survivors: 46.0M->41.0M Heap: 754.3M(2048.0M)->756.3M(2048.0M)]
 [Times: user=1.39 sys=0.02, real=0.21 secs] 
2020-09-29T12:24:41.193+0200: 47.479: [GC pause (G1 Evacuation Pause) (young), 0.1511806 secs]
   [Parallel Time: 150.1 ms, GC Workers: 8]
      [GC Worker Start (ms): Min: 47479.4, Avg: 47479.5, Max: 47479.5, Diff: 0.1]
      [Ext Root Scanning (ms): Min: 0.0, Avg: 0.1, Max: 0.1, Diff: 0.1, Sum: 0.5]
      [Update RS (ms): Min: 14.1, Avg: 14.4, Max: 15.1, Diff: 1.0, Sum: 115.5]
         [Processed Buffers: Min: 14, Avg: 15.8, Max: 17, Diff: 3, Sum: 126]
      [Scan RS (ms): Min: 17.9, Avg: 18.4, Max: 19.0, Diff: 1.1, Sum: 146.9]
      [Code Root Scanning (ms): Min: 0.0, Avg: 0.0, Max: 0.0, Diff: 0.0, Sum: 0.0]
      [Object Copy (ms): Min: 116.6, Avg: 116.8, Max: 116.9, Diff: 0.3, Sum: 934.4]
      [Termination (ms): Min: 0.0, Avg: 0.2, Max: 0.3, Diff: 0.3, Sum: 1.7]
         [Termination Attempts: Min: 1, Avg: 1361.6, Max: 1896, Diff: 1895, Sum: 10893]
      [GC Worker Other (ms): Min: 0.0, Avg: 0.0, Max: 0.1, Diff: 0.1, Sum: 0.3]
      [GC Worker Total (ms): Min: 149.9, Avg: 149.9, Max: 150.0, Diff: 0.1, Sum: 1199.4]
      [GC Worker End (ms): Min: 47629.4, Avg: 47629.4, Max: 47629.4, Diff: 0.1]
   [Code Root Fixup: 0.0 ms]
   [Code Root Purge: 0.0 ms]
   [Clear CT: 0.2 ms]
   [Other: 0.9 ms]
      [Choose CSet: 0.0 ms]
      [Ref Proc: 0.2 ms]
      [Ref Enq: 0.0 ms]
      [Redirty Cards: 0.2 ms]
      [Humongous Register: 0.0 ms]
      [Humongous Reclaim: 0.0 ms]
      [Free CSet: 0.3 ms]
   [Eden: 248.0M(248.0M)->0.0B(264.0M) Survivors: 41.0M->37.0M Heap: 1044.4M(2048.0M)->1046.4M(2048.0M)]
 [Times: user=1.02 sys=0.09, real=0.15 secs] 
2020-09-29T12:24:41.356+0200: 47.643: [GC pause (G1 Humongous Allocation) (young) (initial-mark), 0.0611250 secs]
   [Parallel Time: 60.2 ms, GC Workers: 8]
      [GC Worker Start (ms): Min: 47643.3, Avg: 47643.3, Max: 47643.4, Diff: 0.2]
      [Ext Root Scanning (ms): Min: 0.0, Avg: 1.2, Max: 8.0, Diff: 8.0, Sum: 9.3]
      [Update RS (ms): Min: 20.8, Avg: 27.6, Max: 28.7, Diff: 7.9, Sum: 220.5]
         [Processed Buffers: Min: 18, Avg: 31.3, Max: 34, Diff: 16, Sum: 250]
      [Scan RS (ms): Min: 2.2, Avg: 2.3, Max: 2.6, Diff: 0.4, Sum: 18.5]
      [Code Root Scanning (ms): Min: 0.0, Avg: 0.0, Max: 0.0, Diff: 0.0, Sum: 0.0]
      [Object Copy (ms): Min: 28.6, Avg: 28.7, Max: 28.8, Diff: 0.2, Sum: 229.5]
      [Termination (ms): Min: 0.0, Avg: 0.1, Max: 0.1, Diff: 0.1, Sum: 0.5]
         [Termination Attempts: Min: 1, Avg: 129.4, Max: 196, Diff: 195, Sum: 1035]
      [GC Worker Other (ms): Min: 0.0, Avg: 0.1, Max: 0.2, Diff: 0.2, Sum: 0.8]
      [GC Worker Total (ms): Min: 59.7, Avg: 59.9, Max: 60.0, Diff: 0.3, Sum: 479.0]
      [GC Worker End (ms): Min: 47703.1, Avg: 47703.2, Max: 47703.3, Diff: 0.2]
   [Code Root Fixup: 0.0 ms]
   [Code Root Purge: 0.0 ms]
   [Clear CT: 0.2 ms]
   [Other: 0.7 ms]
      [Choose CSet: 0.0 ms]
      [Ref Proc: 0.1 ms]
      [Ref Enq: 0.0 ms]
      [Redirty Cards: 0.1 ms]
      [Humongous Register: 0.1 ms]
      [Humongous Reclaim: 0.0 ms]
      [Free CSet: 0.1 ms]
   [Eden: 4096.0K(264.0M)->0.0B(254.0M) Survivors: 37.0M->5120.0K Heap: 1049.9M(2048.0M)->1052.9M(2048.0M)]
 [Times: user=0.47 sys=0.00, real=0.06 secs] 
2020-09-29T12:24:41.418+0200: 47.704: [GC concurrent-root-region-scan-start]
2020-09-29T12:24:41.420+0200: 47.706: [GC concurrent-root-region-scan-end, 0.0020375 secs]
2020-09-29T12:24:41.420+0200: 47.706: [GC concurrent-mark-start]
2020-09-29T12:24:41.423+0200: 47.710: [GC concurrent-mark-end, 0.0033354 secs]
2020-09-29T12:24:41.424+0200: 47.711: [GC remark 2020-09-29T12:24:41.424+0200: 47.711: [Finalize Marking, 0.0002789 secs] 2020-09-29T12:24:41.424+0200: 47.711: [GC ref-proc, 0.0004352 secs] 2020-09-29T12:24:41.425+0200: 47.711: [Unloading, 0.0006718 secs], 0.0019606 secs]
 [Times: user=0.00 sys=0.00, real=0.00 secs] 
2020-09-29T12:24:41.426+0200: 47.713: [GC cleanup 1064M->31M(2048M), 0.0017982 secs]
 [Times: user=0.03 sys=0.00, real=0.00 secs] 
2020-09-29T12:24:41.428+0200: 47.715: [GC concurrent-cleanup-start]
2020-09-29T12:24:41.430+0200: 47.717: [GC concurrent-cleanup-end, 0.0021740 secs]
2020-09-29T12:24:41.561+0200: 47.847: [GC pause (G1 Evacuation Pause) (young), 0.1583708 secs]
   [Parallel Time: 157.3 ms, GC Workers: 8]
      [GC Worker Start (ms): Min: 47847.5, Avg: 47847.6, Max: 47847.6, Diff: 0.1]
      [Ext Root Scanning (ms): Min: 0.0, Avg: 0.1, Max: 0.1, Diff: 0.1, Sum: 0.7]
      [Update RS (ms): Min: 19.3, Avg: 19.5, Max: 19.8, Diff: 0.5, Sum: 156.1]
         [Processed Buffers: Min: 16, Avg: 19.3, Max: 21, Diff: 5, Sum: 154]
      [Scan RS (ms): Min: 14.1, Avg: 18.1, Max: 44.3, Diff: 30.2, Sum: 144.4]
      [Code Root Scanning (ms): Min: 0.0, Avg: 0.0, Max: 0.0, Diff: 0.0, Sum: 0.0]
      [Object Copy (ms): Min: 93.3, Avg: 118.8, Max: 122.8, Diff: 29.5, Sum: 950.6]
      [Termination (ms): Min: 0.0, Avg: 0.5, Max: 0.7, Diff: 0.7, Sum: 4.3]
         [Termination Attempts: Min: 1, Avg: 3544.6, Max: 4749, Diff: 4748, Sum: 28357]
      [GC Worker Other (ms): Min: 0.0, Avg: 0.1, Max: 0.1, Diff: 0.1, Sum: 0.5]
      [GC Worker Total (ms): Min: 157.0, Avg: 157.1, Max: 157.1, Diff: 0.1, Sum: 1256.7]
      [GC Worker End (ms): Min: 48004.6, Avg: 48004.7, Max: 48004.7, Diff: 0.1]
   [Code Root Fixup: 0.0 ms]
   [Code Root Purge: 0.0 ms]
   [Clear CT: 0.1 ms]
   [Other: 1.0 ms]
      [Choose CSet: 0.0 ms]
      [Ref Proc: 0.2 ms]
      [Ref Enq: 0.0 ms]
      [Redirty Cards: 0.3 ms]
      [Humongous Register: 0.1 ms]
      [Humongous Reclaim: 0.0 ms]
      [Free CSet: 0.2 ms]
   [Eden: 254.0M(254.0M)->0.0B(233.0M) Survivors: 5120.0K->33.0M Heap: 317.9M(2048.0M)->314.4M(2048.0M)]
 [Times: user=1.16 sys=0.05, real=0.16 secs] 
2020-09-29T12:24:41.856+0200: 48.143: [GC pause (G1 Evacuation Pause) (young), 0.1292406 secs]
   [Parallel Time: 128.1 ms, GC Workers: 8]
      [GC Worker Start (ms): Min: 48143.0, Avg: 48143.0, Max: 48143.1, Diff: 0.1]
      [Ext Root Scanning (ms): Min: 0.0, Avg: 0.1, Max: 0.2, Diff: 0.1, Sum: 0.7]
      [Update RS (ms): Min: 20.1, Avg: 20.3, Max: 20.5, Diff: 0.4, Sum: 162.3]
         [Processed Buffers: Min: 20, Avg: 21.6, Max: 24, Diff: 4, Sum: 173]
      [Scan RS (ms): Min: 9.7, Avg: 9.9, Max: 10.2, Diff: 0.4, Sum: 79.4]
      [Code Root Scanning (ms): Min: 0.0, Avg: 0.0, Max: 0.0, Diff: 0.0, Sum: 0.0]
      [Object Copy (ms): Min: 97.4, Avg: 97.5, Max: 97.5, Diff: 0.1, Sum: 779.8]
      [Termination (ms): Min: 0.0, Avg: 0.0, Max: 0.0, Diff: 0.0, Sum: 0.2]
         [Termination Attempts: Min: 1, Avg: 142.9, Max: 195, Diff: 194, Sum: 1143]
      [GC Worker Other (ms): Min: 0.0, Avg: 0.0, Max: 0.1, Diff: 0.1, Sum: 0.4]
      [GC Worker Total (ms): Min: 127.8, Avg: 127.8, Max: 128.0, Diff: 0.2, Sum: 1022.8]
      [GC Worker End (ms): Min: 48270.8, Avg: 48270.9, Max: 48271.0, Diff: 0.1]
   [Code Root Fixup: 0.0 ms]
   [Code Root Purge: 0.0 ms]
   [Clear CT: 0.2 ms]
   [Other: 0.9 ms]
      [Choose CSet: 0.0 ms]
      [Ref Proc: 0.2 ms]
      [Ref Enq: 0.0 ms]
      [Redirty Cards: 0.2 ms]
      [Humongous Register: 0.0 ms]
      [Humongous Reclaim: 0.0 ms]
      [Free CSet: 0.2 ms]
   [Eden: 233.0M(233.0M)->0.0B(257.0M) Survivors: 33.0M->34.0M Heap: 585.5M(2048.0M)->587.5M(2048.0M)]
 [Times: user=0.97 sys=0.00, real=0.13 secs] 
2020-09-29T12:24:42.138+0200: 48.425: [GC pause (G1 Evacuation Pause) (young), 0.1498416 secs]
   [Parallel Time: 147.7 ms, GC Workers: 8]
      [GC Worker Start (ms): Min: 48424.8, Avg: 48424.9, Max: 48425.0, Diff: 0.1]
      [Ext Root Scanning (ms): Min: 0.0, Avg: 0.1, Max: 0.1, Diff: 0.1, Sum: 0.6]
      [Update RS (ms): Min: 17.5, Avg: 17.6, Max: 18.1, Diff: 0.6, Sum: 141.1]
         [Processed Buffers: Min: 18, Avg: 19.9, Max: 24, Diff: 6, Sum: 159]
      [Scan RS (ms): Min: 13.3, Avg: 13.7, Max: 13.9, Diff: 0.7, Sum: 109.8]
      [Code Root Scanning (ms): Min: 0.0, Avg: 0.0, Max: 0.0, Diff: 0.0, Sum: 0.0]
      [Object Copy (ms): Min: 115.9, Avg: 116.0, Max: 116.1, Diff: 0.2, Sum: 928.2]
      [Termination (ms): Min: 0.0, Avg: 0.0, Max: 0.0, Diff: 0.0, Sum: 0.2]
         [Termination Attempts: Min: 1, Avg: 197.4, Max: 249, Diff: 248, Sum: 1579]
      [GC Worker Other (ms): Min: 0.0, Avg: 0.0, Max: 0.1, Diff: 0.1, Sum: 0.3]
      [GC Worker Total (ms): Min: 147.4, Avg: 147.5, Max: 147.6, Diff: 0.2, Sum: 1180.2]
      [GC Worker End (ms): Min: 48572.4, Avg: 48572.4, Max: 48572.4, Diff: 0.1]
   [Code Root Fixup: 0.0 ms]
   [Code Root Purge: 0.0 ms]
   [Clear CT: 0.2 ms]
   [Other: 1.9 ms]
      [Choose CSet: 0.0 ms]
      [Ref Proc: 0.1 ms]
      [Ref Enq: 0.0 ms]
      [Redirty Cards: 1.3 ms]
      [Humongous Register: 0.0 ms]
      [Humongous Reclaim: 0.0 ms]
      [Free CSet: 0.2 ms]
   [Eden: 257.0M(257.0M)->0.0B(270.0M) Survivors: 34.0M->37.0M Heap: 888.4M(2048.0M)->890.9M(2048.0M)]
 [Times: user=1.22 sys=0.00, real=0.15 secs] 
2020-09-29T12:24:42.467+0200: 48.753: [GC pause (G1 Evacuation Pause) (young), 0.1611394 secs]
   [Parallel Time: 160.1 ms, GC Workers: 8]
      [GC Worker Start (ms): Min: 48753.4, Avg: 48753.5, Max: 48753.5, Diff: 0.1]
      [Ext Root Scanning (ms): Min: 0.0, Avg: 0.1, Max: 0.1, Diff: 0.1, Sum: 0.5]
      [Update RS (ms): Min: 18.5, Avg: 18.7, Max: 19.0, Diff: 0.5, Sum: 149.3]
         [Processed Buffers: Min: 20, Avg: 21.4, Max: 23, Diff: 3, Sum: 171]
      [Scan RS (ms): Min: 13.3, Avg: 13.7, Max: 14.3, Diff: 1.1, Sum: 109.4]
      [Code Root Scanning (ms): Min: 0.0, Avg: 0.0, Max: 0.0, Diff: 0.0, Sum: 0.0]
      [Object Copy (ms): Min: 126.9, Avg: 127.4, Max: 127.5, Diff: 0.6, Sum: 1018.9]
      [Termination (ms): Min: 0.0, Avg: 0.0, Max: 0.1, Diff: 0.1, Sum: 0.4]
         [Termination Attempts: Min: 1, Avg: 349.1, Max: 447, Diff: 446, Sum: 2793]
      [GC Worker Other (ms): Min: 0.0, Avg: 0.0, Max: 0.1, Diff: 0.0, Sum: 0.3]
      [GC Worker Total (ms): Min: 159.8, Avg: 159.8, Max: 159.9, Diff: 0.1, Sum: 1278.8]
      [GC Worker End (ms): Min: 48913.3, Avg: 48913.3, Max: 48913.4, Diff: 0.0]
   [Code Root Fixup: 0.0 ms]
   [Code Root Purge: 0.0 ms]
   [Clear CT: 0.3 ms]
   [Other: 0.8 ms]
      [Choose CSet: 0.0 ms]
      [Ref Proc: 0.1 ms]
      [Ref Enq: 0.0 ms]
      [Redirty Cards: 0.1 ms]
      [Humongous Register: 0.1 ms]
      [Humongous Reclaim: 0.0 ms]
      [Free CSet: 0.3 ms]
   [Eden: 270.0M(270.0M)->0.0B(279.0M) Survivors: 37.0M->39.0M Heap: 1204.8M(2048.0M)->1206.3M(2048.0M)]
 [Times: user=1.19 sys=0.00, real=0.16 secs] 
2020-09-29T12:24:42.635+0200: 48.922: [GC pause (G1 Humongous Allocation) (young) (initial-mark), 0.0556843 secs]
   [Parallel Time: 54.6 ms, GC Workers: 8]
      [GC Worker Start (ms): Min: 48922.0, Avg: 48922.1, Max: 48922.1, Diff: 0.1]
      [Ext Root Scanning (ms): Min: 0.1, Avg: 0.1, Max: 0.1, Diff: 0.1, Sum: 0.8]
      [Update RS (ms): Min: 32.2, Avg: 32.4, Max: 32.6, Diff: 0.4, Sum: 258.8]
         [Processed Buffers: Min: 39, Avg: 40.1, Max: 41, Diff: 2, Sum: 321]
      [Scan RS (ms): Min: 2.0, Avg: 2.3, Max: 2.4, Diff: 0.4, Sum: 18.2]
      [Code Root Scanning (ms): Min: 0.0, Avg: 0.0, Max: 0.0, Diff: 0.0, Sum: 0.0]
      [Object Copy (ms): Min: 19.6, Avg: 19.7, Max: 19.7, Diff: 0.1, Sum: 157.5]
      [Termination (ms): Min: 0.0, Avg: 0.0, Max: 0.0, Diff: 0.0, Sum: 0.3]
         [Termination Attempts: Min: 1, Avg: 273.1, Max: 334, Diff: 333, Sum: 2185]
      [GC Worker Other (ms): Min: 0.0, Avg: 0.0, Max: 0.0, Diff: 0.0, Sum: 0.1]
      [GC Worker Total (ms): Min: 54.4, Avg: 54.5, Max: 54.5, Diff: 0.1, Sum: 435.6]
      [GC Worker End (ms): Min: 48976.5, Avg: 48976.5, Max: 48976.5, Diff: 0.0]
   [Code Root Fixup: 0.0 ms]
   [Code Root Purge: 0.0 ms]
   [Clear CT: 0.2 ms]
   [Other: 0.9 ms]
      [Choose CSet: 0.0 ms]
      [Ref Proc: 0.3 ms]
      [Ref Enq: 0.0 ms]
      [Redirty Cards: 0.2 ms]
      [Humongous Register: 0.1 ms]
      [Humongous Reclaim: 0.0 ms]
      [Free CSet: 0.1 ms]
   [Eden: 5120.0K(279.0M)->0.0B(309.0M) Survivors: 39.0M->7168.0K Heap: 1211.3M(2048.0M)->1214.8M(2048.0M)]
 [Times: user=0.38 sys=0.00, real=0.06 secs] 
2020-09-29T12:24:42.691+0200: 48.978: [GC concurrent-root-region-scan-start]
2020-09-29T12:24:42.693+0200: 48.979: [GC concurrent-root-region-scan-end, 0.0015360 secs]
2020-09-29T12:24:42.693+0200: 48.979: [GC concurrent-mark-start]
2020-09-29T12:24:42.696+0200: 48.983: [GC concurrent-mark-end, 0.0034471 secs]
2020-09-29T12:24:42.696+0200: 48.983: [GC remark 2020-09-29T12:24:42.696+0200: 48.983: [Finalize Marking, 0.0002630 secs] 2020-09-29T12:24:42.697+0200: 48.983: [GC ref-proc, 0.0003019 secs] 2020-09-29T12:24:42.697+0200: 48.984: [Unloading, 0.0004725 secs], 0.0014763 secs]
 [Times: user=0.00 sys=0.00, real=0.00 secs] 
2020-09-29T12:24:42.698+0200: 48.985: [GC cleanup 1223M->30M(2048M), 0.0013479 secs]
 [Times: user=0.00 sys=0.00, real=0.00 secs] 
2020-09-29T12:24:42.700+0200: 48.986: [GC concurrent-cleanup-start]
2020-09-29T12:24:42.702+0200: 48.988: [GC concurrent-cleanup-end, 0.0018980 secs]
2020-09-29T12:24:42.866+0200: 49.152: [GC pause (G1 Evacuation Pause) (young), 0.1525420 secs]
   [Parallel Time: 151.3 ms, GC Workers: 8]
      [GC Worker Start (ms): Min: 49152.3, Avg: 49152.5, Max: 49152.5, Diff: 0.2]
      [Ext Root Scanning (ms): Min: 0.0, Avg: 0.1, Max: 0.2, Diff: 0.2, Sum: 0.6]
      [Update RS (ms): Min: 14.9, Avg: 15.2, Max: 15.7, Diff: 0.8, Sum: 121.7]
         [Processed Buffers: Min: 15, Avg: 16.3, Max: 17, Diff: 2, Sum: 130]
      [Scan RS (ms): Min: 16.0, Avg: 16.5, Max: 16.8, Diff: 0.8, Sum: 131.7]
      [Code Root Scanning (ms): Min: 0.0, Avg: 0.0, Max: 0.0, Diff: 0.0, Sum: 0.0]
      [Object Copy (ms): Min: 119.2, Avg: 119.3, Max: 119.4, Diff: 0.2, Sum: 954.2]
      [Termination (ms): Min: 0.0, Avg: 0.0, Max: 0.0, Diff: 0.0, Sum: 0.3]
         [Termination Attempts: Min: 1, Avg: 218.0, Max: 291, Diff: 290, Sum: 1744]
      [GC Worker Other (ms): Min: 0.0, Avg: 0.1, Max: 0.1, Diff: 0.1, Sum: 0.5]
      [GC Worker Total (ms): Min: 151.0, Avg: 151.1, Max: 151.2, Diff: 0.1, Sum: 1209.0]
      [GC Worker End (ms): Min: 49303.5, Avg: 49303.6, Max: 49303.6, Diff: 0.1]
   [Code Root Fixup: 0.0 ms]
   [Code Root Purge: 0.0 ms]
   [Clear CT: 0.2 ms]
   [Other: 1.0 ms]
      [Choose CSet: 0.0 ms]
      [Ref Proc: 0.2 ms]
      [Ref Enq: 0.0 ms]
      [Redirty Cards: 0.2 ms]
      [Humongous Register: 0.0 ms]
      [Humongous Reclaim: 0.0 ms]
      [Free CSet: 0.3 ms]
   [Eden: 309.0M(309.0M)->0.0B(297.0M) Survivors: 7168.0K->40.0M Heap: 382.0M(2048.0M)->378.5M(2048.0M)]
 [Times: user=1.08 sys=0.05, real=0.15 secs] 
2020-09-29T12:24:43.188+0200: 49.474: [GC pause (G1 Evacuation Pause) (young), 0.1750607 secs]
   [Parallel Time: 173.6 ms, GC Workers: 8]
      [GC Worker Start (ms): Min: 49474.4, Avg: 49474.6, Max: 49474.6, Diff: 0.2]
      [Ext Root Scanning (ms): Min: 0.0, Avg: 0.1, Max: 0.2, Diff: 0.2, Sum: 0.5]
      [Update RS (ms): Min: 15.7, Avg: 16.1, Max: 16.4, Diff: 0.7, Sum: 128.8]
         [Processed Buffers: Min: 16, Avg: 17.1, Max: 18, Diff: 2, Sum: 137]
      [Scan RS (ms): Min: 20.3, Avg: 20.7, Max: 21.0, Diff: 0.7, Sum: 165.7]
      [Code Root Scanning (ms): Min: 0.0, Avg: 0.0, Max: 0.0, Diff: 0.0, Sum: 0.0]
      [Object Copy (ms): Min: 136.2, Avg: 136.4, Max: 136.5, Diff: 0.3, Sum: 1090.9]
      [Termination (ms): Min: 0.0, Avg: 0.1, Max: 0.1, Diff: 0.1, Sum: 0.7]
         [Termination Attempts: Min: 1, Avg: 634.4, Max: 783, Diff: 782, Sum: 5075]
      [GC Worker Other (ms): Min: 0.0, Avg: 0.0, Max: 0.1, Diff: 0.1, Sum: 0.3]
      [GC Worker Total (ms): Min: 173.3, Avg: 173.4, Max: 173.5, Diff: 0.2, Sum: 1387.0]
      [GC Worker End (ms): Min: 49647.9, Avg: 49647.9, Max: 49648.0, Diff: 0.1]
   [Code Root Fixup: 0.0 ms]
   [Code Root Purge: 0.0 ms]
   [Clear CT: 0.2 ms]
   [Other: 1.3 ms]
      [Choose CSet: 0.0 ms]
      [Ref Proc: 0.2 ms]
      [Ref Enq: 0.0 ms]
      [Redirty Cards: 0.6 ms]
      [Humongous Register: 0.0 ms]
      [Humongous Reclaim: 0.0 ms]
      [Free CSet: 0.2 ms]
   [Eden: 297.0M(297.0M)->0.0B(287.0M) Survivors: 40.0M->43.0M Heap: 725.1M(2048.0M)->726.6M(2048.0M)]
 [Times: user=1.30 sys=0.05, real=0.17 secs] 
2020-09-29T12:24:43.548+0200: 49.835: [GC pause (G1 Evacuation Pause) (young), 0.1592953 secs]
   [Parallel Time: 158.2 ms, GC Workers: 8]
      [GC Worker Start (ms): Min: 49835.1, Avg: 49835.3, Max: 49835.3, Diff: 0.2]
      [Ext Root Scanning (ms): Min: 0.0, Avg: 0.1, Max: 0.2, Diff: 0.2, Sum: 0.5]
      [Update RS (ms): Min: 19.7, Avg: 19.8, Max: 20.3, Diff: 0.6, Sum: 158.6]
         [Processed Buffers: Min: 22, Avg: 23.4, Max: 25, Diff: 3, Sum: 187]
      [Scan RS (ms): Min: 14.1, Avg: 14.6, Max: 14.9, Diff: 0.7, Sum: 117.1]
      [Code Root Scanning (ms): Min: 0.0, Avg: 0.0, Max: 0.0, Diff: 0.0, Sum: 0.0]
      [Object Copy (ms): Min: 123.2, Avg: 123.3, Max: 123.4, Diff: 0.2, Sum: 986.5]
      [Termination (ms): Min: 0.0, Avg: 0.0, Max: 0.0, Diff: 0.0, Sum: 0.0]
         [Termination Attempts: Min: 1, Avg: 17.3, Max: 25, Diff: 24, Sum: 138]
      [GC Worker Other (ms): Min: 0.0, Avg: 0.1, Max: 0.1, Diff: 0.1, Sum: 0.5]
      [GC Worker Total (ms): Min: 157.9, Avg: 157.9, Max: 158.1, Diff: 0.2, Sum: 1263.3]
      [GC Worker End (ms): Min: 49993.1, Avg: 49993.2, Max: 49993.2, Diff: 0.1]
   [Code Root Fixup: 0.0 ms]
   [Code Root Purge: 0.0 ms]
   [Clear CT: 0.1 ms]
   [Other: 1.0 ms]
      [Choose CSet: 0.0 ms]
      [Ref Proc: 0.2 ms]
      [Ref Enq: 0.0 ms]
      [Redirty Cards: 0.2 ms]
      [Humongous Register: 0.1 ms]
      [Humongous Reclaim: 0.0 ms]
      [Free CSet: 0.3 ms]
   [Eden: 287.0M(287.0M)->0.0B(298.0M) Survivors: 43.0M->42.0M Heap: 1063.2M(2048.0M)->1065.2M(2048.0M)]
 [Times: user=1.19 sys=0.05, real=0.16 secs] 
2020-09-29T12:24:43.714+0200: 50.001: [GC pause (G1 Humongous Allocation) (young) (initial-mark), 0.0645884 secs]
   [Parallel Time: 63.6 ms, GC Workers: 8]
      [GC Worker Start (ms): Min: 50000.8, Avg: 50000.9, Max: 50000.9, Diff: 0.1]
      [Ext Root Scanning (ms): Min: 0.0, Avg: 0.1, Max: 0.1, Diff: 0.1, Sum: 0.7]
      [Update RS (ms): Min: 38.5, Avg: 38.8, Max: 39.2, Diff: 0.7, Sum: 310.1]
         [Processed Buffers: Min: 45, Avg: 48.5, Max: 52, Diff: 7, Sum: 388]
      [Scan RS (ms): Min: 1.5, Avg: 1.9, Max: 2.2, Diff: 0.7, Sum: 15.5]
      [Code Root Scanning (ms): Min: 0.0, Avg: 0.0, Max: 0.0, Diff: 0.0, Sum: 0.0]
      [Object Copy (ms): Min: 22.3, Avg: 22.3, Max: 22.3, Diff: 0.1, Sum: 178.5]
      [Termination (ms): Min: 0.0, Avg: 0.0, Max: 0.0, Diff: 0.0, Sum: 0.2]
         [Termination Attempts: Min: 1, Avg: 195.3, Max: 245, Diff: 244, Sum: 1562]
      [GC Worker Other (ms): Min: 0.0, Avg: 0.1, Max: 0.3, Diff: 0.3, Sum: 0.8]
      [GC Worker Total (ms): Min: 63.1, Avg: 63.2, Max: 63.4, Diff: 0.3, Sum: 505.9]
      [GC Worker End (ms): Min: 50064.0, Avg: 50064.1, Max: 50064.3, Diff: 0.3]
   [Code Root Fixup: 0.0 ms]
   [Code Root Purge: 0.0 ms]
   [Clear CT: 0.2 ms]
   [Other: 0.9 ms]
      [Choose CSet: 0.0 ms]
      [Ref Proc: 0.2 ms]
      [Ref Enq: 0.0 ms]
      [Redirty Cards: 0.2 ms]
      [Humongous Register: 0.1 ms]
      [Humongous Reclaim: 0.0 ms]
      [Free CSet: 0.1 ms]
   [Eden: 12.0M(298.0M)->0.0B(327.0M) Survivors: 42.0M->15.0M Heap: 1076.7M(2048.0M)->1081.7M(2048.0M)]
 [Times: user=0.50 sys=0.00, real=0.07 secs] 
2020-09-29T12:24:43.779+0200: 50.065: [GC concurrent-root-region-scan-start]
2020-09-29T12:24:43.782+0200: 50.069: [GC concurrent-root-region-scan-end, 0.0035330 secs]
2020-09-29T12:24:43.782+0200: 50.069: [GC concurrent-mark-start]
2020-09-29T12:24:43.786+0200: 50.072: [GC concurrent-mark-end, 0.0033789 secs]
2020-09-29T12:24:43.786+0200: 50.072: [GC remark 2020-09-29T12:24:43.786+0200: 50.072: [Finalize Marking, 0.0002701 secs] 2020-09-29T12:24:43.786+0200: 50.073: [GC ref-proc, 0.0002925 secs] 2020-09-29T12:24:43.786+0200: 50.073: [Unloading, 0.0005243 secs], 0.0014339 secs]
 [Times: user=0.00 sys=0.00, real=0.00 secs] 
2020-09-29T12:24:43.788+0200: 50.074: [GC cleanup 1097M->45M(2048M), 0.0013958 secs]
 [Times: user=0.00 sys=0.00, real=0.00 secs] 
2020-09-29T12:24:43.789+0200: 50.076: [GC concurrent-cleanup-start]
2020-09-29T12:24:43.791+0200: 50.077: [GC concurrent-cleanup-end, 0.0017325 secs]
2020-09-29T12:24:43.963+0200: 50.249: [GC pause (G1 Evacuation Pause) (young), 0.1577466 secs]
   [Parallel Time: 156.5 ms, GC Workers: 8]
      [GC Worker Start (ms): Min: 50249.5, Avg: 50249.6, Max: 50249.7, Diff: 0.2]
      [Ext Root Scanning (ms): Min: 0.0, Avg: 0.1, Max: 0.2, Diff: 0.2, Sum: 0.5]
      [Update RS (ms): Min: 18.0, Avg: 18.2, Max: 18.4, Diff: 0.3, Sum: 145.2]
         [Processed Buffers: Min: 19, Avg: 22.0, Max: 27, Diff: 8, Sum: 176]
      [Scan RS (ms): Min: 14.0, Avg: 14.2, Max: 14.5, Diff: 0.5, Sum: 113.9]
      [Code Root Scanning (ms): Min: 0.0, Avg: 0.0, Max: 0.0, Diff: 0.0, Sum: 0.0]
      [Object Copy (ms): Min: 123.6, Avg: 123.7, Max: 123.8, Diff: 0.2, Sum: 989.3]
      [Termination (ms): Min: 0.0, Avg: 0.1, Max: 0.2, Diff: 0.1, Sum: 0.8]
         [Termination Attempts: Min: 1, Avg: 441.0, Max: 623, Diff: 622, Sum: 3528]
      [GC Worker Other (ms): Min: 0.0, Avg: 0.1, Max: 0.1, Diff: 0.1, Sum: 0.4]
      [GC Worker Total (ms): Min: 156.2, Avg: 156.3, Max: 156.4, Diff: 0.1, Sum: 1250.2]
      [GC Worker End (ms): Min: 50405.9, Avg: 50405.9, Max: 50405.9, Diff: 0.1]
   [Code Root Fixup: 0.0 ms]
   [Code Root Purge: 0.0 ms]
   [Clear CT: 0.2 ms]
   [Other: 1.0 ms]
      [Choose CSet: 0.0 ms]
      [Ref Proc: 0.2 ms]
      [Ref Enq: 0.0 ms]
      [Redirty Cards: 0.2 ms]
      [Humongous Register: 0.0 ms]
      [Humongous Reclaim: 0.0 ms]
      [Free CSet: 0.3 ms]
   [Eden: 327.0M(327.0M)->0.0B(316.0M) Survivors: 15.0M->43.0M Heap: 411.8M(2048.0M)->399.3M(2048.0M)]
 [Times: user=1.25 sys=0.00, real=0.16 secs] 
2020-09-29T12:24:44.300+0200: 50.586: [GC pause (G1 Evacuation Pause) (young), 0.1738022 secs]
   [Parallel Time: 172.6 ms, GC Workers: 8]
      [GC Worker Start (ms): Min: 50586.3, Avg: 50586.3, Max: 50586.4, Diff: 0.1]
      [Ext Root Scanning (ms): Min: 0.0, Avg: 0.1, Max: 0.1, Diff: 0.1, Sum: 0.5]
      [Update RS (ms): Min: 20.3, Avg: 20.4, Max: 20.6, Diff: 0.2, Sum: 163.5]
         [Processed Buffers: Min: 21, Avg: 23.8, Max: 27, Diff: 6, Sum: 190]
      [Scan RS (ms): Min: 16.8, Avg: 17.3, Max: 20.0, Diff: 3.1, Sum: 138.6]
      [Code Root Scanning (ms): Min: 0.0, Avg: 0.0, Max: 0.0, Diff: 0.0, Sum: 0.0]
      [Object Copy (ms): Min: 131.8, Avg: 134.5, Max: 134.9, Diff: 3.1, Sum: 1075.9]
      [Termination (ms): Min: 0.0, Avg: 0.0, Max: 0.0, Diff: 0.0, Sum: 0.0]
         [Termination Attempts: Min: 1, Avg: 37.8, Max: 57, Diff: 56, Sum: 302]
      [GC Worker Other (ms): Min: 0.0, Avg: 0.1, Max: 0.1, Diff: 0.1, Sum: 0.5]
      [GC Worker Total (ms): Min: 172.3, Avg: 172.4, Max: 172.5, Diff: 0.2, Sum: 1379.0]
      [GC Worker End (ms): Min: 50758.7, Avg: 50758.7, Max: 50758.7, Diff: 0.1]
   [Code Root Fixup: 0.0 ms]
   [Code Root Purge: 0.0 ms]
   [Clear CT: 0.2 ms]
   [Other: 1.0 ms]
      [Choose CSet: 0.0 ms]
      [Ref Proc: 0.2 ms]
      [Ref Enq: 0.0 ms]
      [Redirty Cards: 0.2 ms]
      [Humongous Register: 0.0 ms]
      [Humongous Reclaim: 0.0 ms]
      [Free CSet: 0.3 ms]
   [Eden: 316.0M(316.0M)->0.0B(312.0M) Survivors: 43.0M->45.0M Heap: 768.7M(2048.0M)->770.7M(2048.0M)]
 [Times: user=1.33 sys=0.06, real=0.17 secs] 
2020-09-29T12:24:44.674+0200: 50.960: [GC pause (G1 Evacuation Pause) (young), 0.1939178 secs]
   [Parallel Time: 192.7 ms, GC Workers: 8]
      [GC Worker Start (ms): Min: 50960.3, Avg: 50960.4, Max: 50960.4, Diff: 0.2]
      [Ext Root Scanning (ms): Min: 0.0, Avg: 0.1, Max: 0.2, Diff: 0.2, Sum: 0.6]
      [Update RS (ms): Min: 22.8, Avg: 23.0, Max: 23.2, Diff: 0.4, Sum: 183.6]
         [Processed Buffers: Min: 18, Avg: 21.8, Max: 25, Diff: 7, Sum: 174]
      [Scan RS (ms): Min: 21.4, Avg: 21.7, Max: 21.8, Diff: 0.4, Sum: 173.7]
      [Code Root Scanning (ms): Min: 0.0, Avg: 0.0, Max: 0.0, Diff: 0.0, Sum: 0.0]
      [Object Copy (ms): Min: 147.4, Avg: 147.7, Max: 147.8, Diff: 0.4, Sum: 1181.4]
      [Termination (ms): Min: 0.0, Avg: 0.1, Max: 0.1, Diff: 0.1, Sum: 0.5]
         [Termination Attempts: Min: 1, Avg: 445.1, Max: 592, Diff: 591, Sum: 3561]
      [GC Worker Other (ms): Min: 0.0, Avg: 0.0, Max: 0.1, Diff: 0.0, Sum: 0.3]
      [GC Worker Total (ms): Min: 192.4, Avg: 192.5, Max: 192.6, Diff: 0.2, Sum: 1540.1]
      [GC Worker End (ms): Min: 51152.8, Avg: 51152.9, Max: 51152.9, Diff: 0.0]
   [Code Root Fixup: 0.0 ms]
   [Code Root Purge: 0.0 ms]
   [Clear CT: 0.2 ms]
   [Other: 1.0 ms]
      [Choose CSet: 0.0 ms]
      [Ref Proc: 0.2 ms]
      [Ref Enq: 0.0 ms]
      [Redirty Cards: 0.2 ms]
      [Humongous Register: 0.0 ms]
      [Humongous Reclaim: 0.0 ms]
      [Free CSet: 0.3 ms]
   [Eden: 312.0M(312.0M)->0.0B(287.0M) Survivors: 45.0M->45.0M Heap: 1134.2M(2048.0M)->1136.2M(2048.0M)]
 [Times: user=1.58 sys=0.02, real=0.19 secs] 
2020-09-29T12:24:44.891+0200: 51.177: [GC pause (G1 Humongous Allocation) (young) (initial-mark), 0.0480052 secs]
   [Parallel Time: 47.0 ms, GC Workers: 8]
      [GC Worker Start (ms): Min: 51177.7, Avg: 51177.8, Max: 51177.9, Diff: 0.2]
      [Ext Root Scanning (ms): Min: 0.0, Avg: 0.2, Max: 0.2, Diff: 0.2, Sum: 1.2]
      [Update RS (ms): Min: 24.2, Avg: 24.3, Max: 24.5, Diff: 0.3, Sum: 194.5]
         [Processed Buffers: Min: 26, Avg: 27.8, Max: 30, Diff: 4, Sum: 222]
      [Scan RS (ms): Min: 2.5, Avg: 2.7, Max: 2.8, Diff: 0.4, Sum: 21.8]
      [Code Root Scanning (ms): Min: 0.0, Avg: 0.0, Max: 0.0, Diff: 0.0, Sum: 0.0]
      [Object Copy (ms): Min: 19.6, Avg: 19.6, Max: 19.6, Diff: 0.1, Sum: 156.8]
      [Termination (ms): Min: 0.0, Avg: 0.0, Max: 0.0, Diff: 0.0, Sum: 0.1]
         [Termination Attempts: Min: 1, Avg: 64.6, Max: 93, Diff: 92, Sum: 517]
      [GC Worker Other (ms): Min: 0.0, Avg: 0.0, Max: 0.0, Diff: 0.0, Sum: 0.2]
      [GC Worker Total (ms): Min: 46.7, Avg: 46.8, Max: 46.9, Diff: 0.2, Sum: 374.7]
      [GC Worker End (ms): Min: 51224.6, Avg: 51224.6, Max: 51224.6, Diff: 0.0]
   [Code Root Fixup: 0.0 ms]
   [Code Root Purge: 0.0 ms]
   [Clear CT: 0.2 ms]
   [Other: 0.8 ms]
      [Choose CSet: 0.0 ms]
      [Ref Proc: 0.2 ms]
      [Ref Enq: 0.0 ms]
      [Redirty Cards: 0.2 ms]
      [Humongous Register: 0.1 ms]
      [Humongous Reclaim: 0.0 ms]
      [Free CSet: 0.1 ms]
   [Eden: 7168.0K(287.0M)->0.0B(344.0M) Survivors: 45.0M->9216.0K Heap: 1142.7M(2048.0M)->1146.2M(2048.0M)]
 [Times: user=0.34 sys=0.00, real=0.05 secs] 
2020-09-29T12:24:44.939+0200: 51.226: [GC concurrent-root-region-scan-start]
2020-09-29T12:24:44.941+0200: 51.228: [GC concurrent-root-region-scan-end, 0.0018700 secs]
2020-09-29T12:24:44.941+0200: 51.228: [GC concurrent-mark-start]
2020-09-29T12:24:44.944+0200: 51.231: [GC concurrent-mark-end, 0.0032302 secs]
2020-09-29T12:24:44.945+0200: 51.231: [GC remark 2020-09-29T12:24:44.945+0200: 51.231: [Finalize Marking, 0.0001589 secs] 2020-09-29T12:24:44.945+0200: 51.231: [GC ref-proc, 0.0003188 secs] 2020-09-29T12:24:44.945+0200: 51.232: [Unloading, 0.0005232 secs], 0.0013423 secs]
 [Times: user=0.00 sys=0.00, real=0.00 secs] 
2020-09-29T12:24:44.946+0200: 51.233: [GC cleanup 1157M->34M(2048M), 0.0013604 secs]
 [Times: user=0.00 sys=0.00, real=0.00 secs] 
2020-09-29T12:24:44.948+0200: 51.234: [GC concurrent-cleanup-start]
2020-09-29T12:24:44.950+0200: 51.236: [GC concurrent-cleanup-end, 0.0020971 secs]
2020-09-29T12:24:45.127+0200: 51.414: [GC pause (G1 Evacuation Pause) (young), 0.1818977 secs]
   [Parallel Time: 179.4 ms, GC Workers: 8]
      [GC Worker Start (ms): Min: 51414.1, Avg: 51414.1, Max: 51414.2, Diff: 0.1]
      [Ext Root Scanning (ms): Min: 0.0, Avg: 0.1, Max: 0.1, Diff: 0.1, Sum: 0.7]
      [Update RS (ms): Min: 20.6, Avg: 20.6, Max: 20.7, Diff: 0.2, Sum: 165.0]
         [Processed Buffers: Min: 21, Avg: 22.1, Max: 25, Diff: 4, Sum: 177]
      [Scan RS (ms): Min: 17.8, Avg: 17.9, Max: 18.0, Diff: 0.2, Sum: 143.3]
      [Code Root Scanning (ms): Min: 0.0, Avg: 0.0, Max: 0.0, Diff: 0.0, Sum: 0.0]
      [Object Copy (ms): Min: 140.4, Avg: 140.5, Max: 140.7, Diff: 0.2, Sum: 1124.0]
      [Termination (ms): Min: 0.0, Avg: 0.1, Max: 0.2, Diff: 0.2, Sum: 1.1]
         [Termination Attempts: Min: 1, Avg: 1048.1, Max: 1400, Diff: 1399, Sum: 8385]
      [GC Worker Other (ms): Min: 0.0, Avg: 0.0, Max: 0.1, Diff: 0.1, Sum: 0.3]
      [GC Worker Total (ms): Min: 179.2, Avg: 179.3, Max: 179.4, Diff: 0.1, Sum: 1434.4]
      [GC Worker End (ms): Min: 51593.4, Avg: 51593.4, Max: 51593.5, Diff: 0.1]
   [Code Root Fixup: 0.0 ms]
   [Code Root Purge: 0.0 ms]
   [Clear CT: 0.2 ms]
   [Other: 2.3 ms]
      [Choose CSet: 0.0 ms]
      [Ref Proc: 0.2 ms]
      [Ref Enq: 0.0 ms]
      [Redirty Cards: 1.5 ms]
      [Humongous Register: 0.0 ms]
      [Humongous Reclaim: 0.0 ms]
      [Free CSet: 0.3 ms]
   [Eden: 344.0M(344.0M)->0.0B(311.0M) Survivors: 9216.0K->45.0M Heap: 426.6M(2048.0M)->420.6M(2048.0M)]
 [Times: user=1.50 sys=0.00, real=0.18 secs] 
2020-09-29T12:24:45.505+0200: 51.791: [GC pause (G1 Evacuation Pause) (young), 0.1691526 secs]
   [Parallel Time: 167.8 ms, GC Workers: 8]
      [GC Worker Start (ms): Min: 51791.5, Avg: 51791.6, Max: 51791.7, Diff: 0.2]
      [Ext Root Scanning (ms): Min: 0.0, Avg: 0.1, Max: 0.2, Diff: 0.2, Sum: 0.6]
      [Update RS (ms): Min: 11.4, Avg: 11.6, Max: 11.9, Diff: 0.4, Sum: 92.6]
         [Processed Buffers: Min: 13, Avg: 15.0, Max: 17, Diff: 4, Sum: 120]
      [Scan RS (ms): Min: 18.9, Avg: 19.2, Max: 19.3, Diff: 0.5, Sum: 153.7]
      [Code Root Scanning (ms): Min: 0.0, Avg: 0.0, Max: 0.0, Diff: 0.0, Sum: 0.0]
      [Object Copy (ms): Min: 136.4, Avg: 136.5, Max: 136.6, Diff: 0.2, Sum: 1091.8]
      [Termination (ms): Min: 0.0, Avg: 0.1, Max: 0.2, Diff: 0.2, Sum: 1.1]
         [Termination Attempts: Min: 1, Avg: 914.4, Max: 1236, Diff: 1235, Sum: 7315]
      [GC Worker Other (ms): Min: 0.0, Avg: 0.0, Max: 0.1, Diff: 0.1, Sum: 0.3]
      [GC Worker Total (ms): Min: 167.4, Avg: 167.5, Max: 167.6, Diff: 0.2, Sum: 1340.1]
      [GC Worker End (ms): Min: 51959.1, Avg: 51959.1, Max: 51959.2, Diff: 0.1]
   [Code Root Fixup: 0.0 ms]
   [Code Root Purge: 0.0 ms]
   [Clear CT: 0.3 ms]
   [Other: 1.1 ms]
      [Choose CSet: 0.0 ms]
      [Ref Proc: 0.2 ms]
      [Ref Enq: 0.0 ms]
      [Redirty Cards: 0.2 ms]
      [Humongous Register: 0.0 ms]
      [Humongous Reclaim: 0.0 ms]
      [Free CSet: 0.4 ms]
   [Eden: 311.0M(311.0M)->0.0B(308.0M) Survivors: 45.0M->45.0M Heap: 783.1M(2048.0M)->784.6M(2048.0M)]
 [Times: user=1.19 sys=0.05, real=0.17 secs] 
2020-09-29T12:24:45.884+0200: 52.171: [GC pause (G1 Evacuation Pause) (young), 0.1660283 secs]
   [Parallel Time: 164.8 ms, GC Workers: 8]
      [GC Worker Start (ms): Min: 52171.1, Avg: 52171.2, Max: 52171.3, Diff: 0.2]
      [Ext Root Scanning (ms): Min: 0.0, Avg: 0.1, Max: 0.2, Diff: 0.2, Sum: 0.5]
      [Update RS (ms): Min: 15.1, Avg: 15.2, Max: 15.9, Diff: 0.8, Sum: 121.8]
         [Processed Buffers: Min: 15, Avg: 17.0, Max: 20, Diff: 5, Sum: 136]
      [Scan RS (ms): Min: 17.4, Avg: 18.1, Max: 18.4, Diff: 0.9, Sum: 145.2]
      [Code Root Scanning (ms): Min: 0.0, Avg: 0.0, Max: 0.0, Diff: 0.0, Sum: 0.0]
      [Object Copy (ms): Min: 131.0, Avg: 131.1, Max: 131.2, Diff: 0.2, Sum: 1048.8]
      [Termination (ms): Min: 0.0, Avg: 0.0, Max: 0.1, Diff: 0.1, Sum: 0.4]
         [Termination Attempts: Min: 1, Avg: 351.3, Max: 469, Diff: 468, Sum: 2810]
      [GC Worker Other (ms): Min: 0.0, Avg: 0.0, Max: 0.1, Diff: 0.1, Sum: 0.3]
      [GC Worker Total (ms): Min: 164.5, Avg: 164.6, Max: 164.7, Diff: 0.2, Sum: 1317.0]
      [GC Worker End (ms): Min: 52335.8, Avg: 52335.9, Max: 52335.9, Diff: 0.1]
   [Code Root Fixup: 0.0 ms]
   [Code Root Purge: 0.0 ms]
   [Clear CT: 0.2 ms]
   [Other: 1.0 ms]
      [Choose CSet: 0.0 ms]
      [Ref Proc: 0.2 ms]
      [Ref Enq: 0.0 ms]
      [Redirty Cards: 0.2 ms]
      [Humongous Register: 0.1 ms]
      [Humongous Reclaim: 0.0 ms]
      [Free CSet: 0.3 ms]
   [Eden: 308.0M(308.0M)->0.0B(312.0M) Survivors: 45.0M->45.0M Heap: 1144.1M(2048.0M)->1145.6M(2048.0M)]
 [Times: user=1.25 sys=0.00, real=0.17 secs] 
2020-09-29T12:24:46.070+0200: 52.357: [GC pause (G1 Humongous Allocation) (young) (initial-mark), 0.0545886 secs]
   [Parallel Time: 53.8 ms, GC Workers: 8]
      [GC Worker Start (ms): Min: 52356.8, Avg: 52356.8, Max: 52356.9, Diff: 0.1]
      [Ext Root Scanning (ms): Min: 0.0, Avg: 0.7, Max: 4.8, Diff: 4.8, Sum: 5.7]
      [Update RS (ms): Min: 21.9, Avg: 26.0, Max: 26.8, Diff: 4.8, Sum: 208.2]
         [Processed Buffers: Min: 26, Avg: 30.3, Max: 34, Diff: 8, Sum: 242]
      [Scan RS (ms): Min: 2.5, Avg: 2.7, Max: 2.8, Diff: 0.3, Sum: 21.7]
      [Code Root Scanning (ms): Min: 0.0, Avg: 0.0, Max: 0.0, Diff: 0.0, Sum: 0.0]
      [Object Copy (ms): Min: 24.2, Avg: 24.2, Max: 24.3, Diff: 0.1, Sum: 193.7]
      [Termination (ms): Min: 0.0, Avg: 0.0, Max: 0.0, Diff: 0.0, Sum: 0.3]
         [Termination Attempts: Min: 1, Avg: 243.1, Max: 323, Diff: 322, Sum: 1945]
      [GC Worker Other (ms): Min: 0.0, Avg: 0.0, Max: 0.0, Diff: 0.0, Sum: 0.1]
      [GC Worker Total (ms): Min: 53.6, Avg: 53.7, Max: 53.8, Diff: 0.1, Sum: 429.7]
      [GC Worker End (ms): Min: 52410.5, Avg: 52410.5, Max: 52410.6, Diff: 0.0]
   [Code Root Fixup: 0.0 ms]
   [Code Root Purge: 0.0 ms]
   [Clear CT: 0.1 ms]
   [Other: 0.6 ms]
      [Choose CSet: 0.0 ms]
      [Ref Proc: 0.2 ms]
      [Ref Enq: 0.0 ms]
      [Redirty Cards: 0.1 ms]
      [Humongous Register: 0.0 ms]
      [Humongous Reclaim: 0.0 ms]
      [Free CSet: 0.1 ms]
   [Eden: 10.0M(312.0M)->0.0B(337.0M) Survivors: 45.0M->12.0M Heap: 1155.6M(2048.0M)->1160.1M(2048.0M)]
 [Times: user=0.38 sys=0.00, real=0.06 secs] 
2020-09-29T12:24:46.125+0200: 52.411: [GC concurrent-root-region-scan-start]
2020-09-29T12:24:46.127+0200: 52.413: [GC concurrent-root-region-scan-end, 0.0018335 secs]
2020-09-29T12:24:46.127+0200: 52.413: [GC concurrent-mark-start]
2020-09-29T12:24:46.129+0200: 52.416: [GC concurrent-mark-end, 0.0023630 secs]
2020-09-29T12:24:46.129+0200: 52.416: [GC remark 2020-09-29T12:24:46.129+0200: 52.416: [Finalize Marking, 0.0001731 secs] 2020-09-29T12:24:46.129+0200: 52.416: [GC ref-proc, 0.0002778 secs] 2020-09-29T12:24:46.130+0200: 52.416: [Unloading, 0.0004172 secs], 0.0011460 secs]
 [Times: user=0.02 sys=0.00, real=0.00 secs] 
2020-09-29T12:24:46.131+0200: 52.417: [GC cleanup 1171M->37M(2048M), 0.0010343 secs]
 [Times: user=0.00 sys=0.00, real=0.00 secs] 
2020-09-29T12:24:46.132+0200: 52.418: [GC concurrent-cleanup-start]
2020-09-29T12:24:46.133+0200: 52.420: [GC concurrent-cleanup-end, 0.0014351 secs]
2020-09-29T12:24:46.305+0200: 52.592: [GC pause (G1 Evacuation Pause) (young), 0.1840400 secs]
   [Parallel Time: 182.7 ms, GC Workers: 8]
      [GC Worker Start (ms): Min: 52591.7, Avg: 52591.8, Max: 52591.9, Diff: 0.2]
      [Ext Root Scanning (ms): Min: 0.0, Avg: 0.1, Max: 0.2, Diff: 0.2, Sum: 0.5]
      [Update RS (ms): Min: 13.5, Avg: 13.7, Max: 14.2, Diff: 0.7, Sum: 109.2]
         [Processed Buffers: Min: 13, Avg: 15.4, Max: 18, Diff: 5, Sum: 123]
      [Scan RS (ms): Min: 18.7, Avg: 19.2, Max: 19.4, Diff: 0.7, Sum: 153.6]
      [Code Root Scanning (ms): Min: 0.0, Avg: 0.0, Max: 0.0, Diff: 0.0, Sum: 0.0]
      [Object Copy (ms): Min: 148.6, Avg: 148.9, Max: 149.5, Diff: 0.9, Sum: 1191.5]
      [Termination (ms): Min: 0.0, Avg: 0.6, Max: 0.9, Diff: 0.9, Sum: 4.7]
         [Termination Attempts: Min: 1, Avg: 3798.8, Max: 5686, Diff: 5685, Sum: 30390]
      [GC Worker Other (ms): Min: 0.0, Avg: 0.0, Max: 0.1, Diff: 0.1, Sum: 0.4]
      [GC Worker Total (ms): Min: 182.4, Avg: 182.5, Max: 182.6, Diff: 0.2, Sum: 1460.0]
      [GC Worker End (ms): Min: 52774.3, Avg: 52774.3, Max: 52774.3, Diff: 0.1]
   [Code Root Fixup: 0.0 ms]
   [Code Root Purge: 0.0 ms]
   [Clear CT: 0.2 ms]
   [Other: 1.1 ms]
      [Choose CSet: 0.0 ms]
      [Ref Proc: 0.2 ms]
      [Ref Enq: 0.0 ms]
      [Redirty Cards: 0.3 ms]
      [Humongous Register: 0.0 ms]
      [Humongous Reclaim: 0.0 ms]
      [Free CSet: 0.3 ms]
   [Eden: 337.0M(337.0M)->0.0B(305.0M) Survivors: 12.0M->44.0M Heap: 421.2M(2048.0M)->410.7M(2048.0M)]
 [Times: user=1.41 sys=0.00, real=0.18 secs] 
2020-09-29T12:24:46.673+0200: 52.959: [GC pause (G1 Evacuation Pause) (young), 0.2156632 secs]
   [Parallel Time: 214.6 ms, GC Workers: 8]
      [GC Worker Start (ms): Min: 52959.3, Avg: 52959.4, Max: 52959.4, Diff: 0.1]
      [Ext Root Scanning (ms): Min: 0.0, Avg: 0.1, Max: 0.1, Diff: 0.1, Sum: 0.6]
      [Update RS (ms): Min: 14.1, Avg: 14.1, Max: 14.3, Diff: 0.2, Sum: 113.1]
         [Processed Buffers: Min: 16, Avg: 18.3, Max: 21, Diff: 5, Sum: 146]
      [Scan RS (ms): Min: 17.3, Avg: 17.5, Max: 17.6, Diff: 0.3, Sum: 139.8]
      [Code Root Scanning (ms): Min: 0.0, Avg: 0.0, Max: 0.0, Diff: 0.0, Sum: 0.0]
      [Object Copy (ms): Min: 181.1, Avg: 181.4, Max: 182.5, Diff: 1.4, Sum: 1451.1]
      [Termination (ms): Min: 0.0, Avg: 1.2, Max: 1.5, Diff: 1.5, Sum: 9.7]
         [Termination Attempts: Min: 1, Avg: 7871.3, Max: 9921, Diff: 9920, Sum: 62970]
      [GC Worker Other (ms): Min: 0.0, Avg: 0.1, Max: 0.1, Diff: 0.1, Sum: 0.5]
      [GC Worker Total (ms): Min: 214.3, Avg: 214.3, Max: 214.4, Diff: 0.2, Sum: 1714.8]
      [GC Worker End (ms): Min: 53173.7, Avg: 53173.7, Max: 53173.8, Diff: 0.1]
   [Code Root Fixup: 0.0 ms]
   [Code Root Purge: 0.0 ms]
   [Clear CT: 0.2 ms]
   [Other: 0.9 ms]
      [Choose CSet: 0.0 ms]
      [Ref Proc: 0.2 ms]
      [Ref Enq: 0.0 ms]
      [Redirty Cards: 0.2 ms]
      [Humongous Register: 0.0 ms]
      [Humongous Reclaim: 0.0 ms]
      [Free CSet: 0.2 ms]
   [Eden: 305.0M(305.0M)->0.0B(268.0M) Survivors: 44.0M->44.0M Heap: 767.2M(2048.0M)->769.2M(2048.0M)]
 [Times: user=1.69 sys=0.00, real=0.21 secs] 
2020-09-29T12:24:47.043+0200: 53.330: [GC pause (G1 Evacuation Pause) (young), 0.1516020 secs]
   [Parallel Time: 150.4 ms, GC Workers: 8]
      [GC Worker Start (ms): Min: 53330.1, Avg: 53330.2, Max: 53330.3, Diff: 0.2]
      [Ext Root Scanning (ms): Min: 0.0, Avg: 0.1, Max: 0.2, Diff: 0.2, Sum: 0.6]
      [Update RS (ms): Min: 14.5, Avg: 14.9, Max: 15.2, Diff: 0.8, Sum: 118.8]
         [Processed Buffers: Min: 16, Avg: 17.8, Max: 20, Diff: 4, Sum: 142]
      [Scan RS (ms): Min: 14.2, Avg: 14.6, Max: 15.0, Diff: 0.8, Sum: 117.0]
      [Code Root Scanning (ms): Min: 0.0, Avg: 0.0, Max: 0.0, Diff: 0.0, Sum: 0.0]
      [Object Copy (ms): Min: 120.6, Avg: 120.6, Max: 120.6, Diff: 0.1, Sum: 964.8]
      [Termination (ms): Min: 0.0, Avg: 0.1, Max: 0.1, Diff: 0.1, Sum: 0.6]
         [Termination Attempts: Min: 1, Avg: 565.1, Max: 686, Diff: 685, Sum: 4521]
      [GC Worker Other (ms): Min: 0.0, Avg: 0.0, Max: 0.1, Diff: 0.1, Sum: 0.3]
      [GC Worker Total (ms): Min: 150.2, Avg: 150.3, Max: 150.4, Diff: 0.2, Sum: 1202.2]
      [GC Worker End (ms): Min: 53480.4, Avg: 53480.4, Max: 53480.5, Diff: 0.1]
   [Code Root Fixup: 0.0 ms]
   [Code Root Purge: 0.0 ms]
   [Clear CT: 0.2 ms]
   [Other: 1.0 ms]
      [Choose CSet: 0.0 ms]
      [Ref Proc: 0.2 ms]
      [Ref Enq: 0.0 ms]
      [Redirty Cards: 0.2 ms]
      [Humongous Register: 0.0 ms]
      [Humongous Reclaim: 0.0 ms]
      [Free CSet: 0.3 ms]
   [Eden: 268.0M(268.0M)->0.0B(288.0M) Survivors: 44.0M->39.0M Heap: 1081.1M(2048.0M)->1083.1M(2048.0M)]
 [Times: user=1.25 sys=0.00, real=0.15 secs] 
2020-09-29T12:24:47.205+0200: 53.492: [GC pause (G1 Humongous Allocation) (young) (initial-mark), 0.0548683 secs]
   [Parallel Time: 52.7 ms, GC Workers: 8]
      [GC Worker Start (ms): Min: 53492.0, Avg: 53492.1, Max: 53492.1, Diff: 0.1]
      [Ext Root Scanning (ms): Min: 0.0, Avg: 0.1, Max: 0.1, Diff: 0.1, Sum: 0.7]
      [Update RS (ms): Min: 32.2, Avg: 32.4, Max: 32.7, Diff: 0.5, Sum: 259.2]
         [Processed Buffers: Min: 36, Avg: 38.4, Max: 40, Diff: 4, Sum: 307]
      [Scan RS (ms): Min: 2.0, Avg: 2.3, Max: 2.5, Diff: 0.5, Sum: 18.4]
      [Code Root Scanning (ms): Min: 0.0, Avg: 0.0, Max: 0.0, Diff: 0.0, Sum: 0.0]
      [Object Copy (ms): Min: 17.7, Avg: 17.8, Max: 17.8, Diff: 0.1, Sum: 142.0]
      [Termination (ms): Min: 0.0, Avg: 0.0, Max: 0.0, Diff: 0.0, Sum: 0.0]
         [Termination Attempts: Min: 1, Avg: 29.1, Max: 41, Diff: 40, Sum: 233]
      [GC Worker Other (ms): Min: 0.0, Avg: 0.0, Max: 0.0, Diff: 0.0, Sum: 0.2]
      [GC Worker Total (ms): Min: 52.5, Avg: 52.6, Max: 52.6, Diff: 0.1, Sum: 420.5]
      [GC Worker End (ms): Min: 53544.6, Avg: 53544.6, Max: 53544.6, Diff: 0.0]
   [Code Root Fixup: 0.0 ms]
   [Code Root Purge: 0.0 ms]
   [Clear CT: 0.2 ms]
   [Other: 2.0 ms]
      [Choose CSet: 0.0 ms]
      [Ref Proc: 0.2 ms]
      [Ref Enq: 0.0 ms]
      [Redirty Cards: 1.4 ms]
      [Humongous Register: 0.1 ms]
      [Humongous Reclaim: 0.0 ms]
      [Free CSet: 0.1 ms]
   [Eden: 6144.0K(288.0M)->0.0B(331.0M) Survivors: 39.0M->7168.0K Heap: 1089.1M(2048.0M)->1092.1M(2048.0M)]
 [Times: user=0.50 sys=0.00, real=0.06 secs] 
2020-09-29T12:24:47.260+0200: 53.547: [GC concurrent-root-region-scan-start]
2020-09-29T12:24:47.262+0200: 53.549: [GC concurrent-root-region-scan-end, 0.0019354 secs]
2020-09-29T12:24:47.262+0200: 53.549: [GC concurrent-mark-start]
2020-09-29T12:24:47.266+0200: 53.553: [GC concurrent-mark-end, 0.0035846 secs]
2020-09-29T12:24:47.266+0200: 53.553: [GC remark 2020-09-29T12:24:47.266+0200: 53.553: [Finalize Marking, 0.0001709 secs] 2020-09-29T12:24:47.266+0200: 53.553: [GC ref-proc, 0.0003333 secs] 2020-09-29T12:24:47.267+0200: 53.553: [Unloading, 0.0004443 secs], 0.0012200 secs]
 [Times: user=0.00 sys=0.00, real=0.00 secs] 
2020-09-29T12:24:47.268+0200: 53.554: [GC cleanup 1104M->34M(2048M), 0.0015294 secs]
 [Times: user=0.00 sys=0.00, real=0.00 secs] 
2020-09-29T12:24:47.269+0200: 53.556: [GC concurrent-cleanup-start]
2020-09-29T12:24:47.271+0200: 53.557: [GC concurrent-cleanup-end, 0.0016129 secs]
2020-09-29T12:24:47.451+0200: 53.738: [GC pause (G1 Evacuation Pause) (young), 0.1690426 secs]
   [Parallel Time: 167.8 ms, GC Workers: 8]
      [GC Worker Start (ms): Min: 53737.8, Avg: 53737.9, Max: 53738.0, Diff: 0.2]
      [Ext Root Scanning (ms): Min: 0.0, Avg: 0.1, Max: 0.2, Diff: 0.2, Sum: 0.5]
      [Update RS (ms): Min: 19.2, Avg: 19.5, Max: 20.0, Diff: 0.7, Sum: 156.2]
         [Processed Buffers: Min: 17, Avg: 18.8, Max: 20, Diff: 3, Sum: 150]
      [Scan RS (ms): Min: 18.3, Avg: 19.4, Max: 24.5, Diff: 6.2, Sum: 155.0]
      [Code Root Scanning (ms): Min: 0.0, Avg: 0.0, Max: 0.0, Diff: 0.0, Sum: 0.0]
      [Object Copy (ms): Min: 123.5, Avg: 128.5, Max: 129.3, Diff: 5.8, Sum: 1028.0]
      [Termination (ms): Min: 0.0, Avg: 0.0, Max: 0.0, Diff: 0.0, Sum: 0.2]
         [Termination Attempts: Min: 1, Avg: 167.3, Max: 208, Diff: 207, Sum: 1338]
      [GC Worker Other (ms): Min: 0.0, Avg: 0.0, Max: 0.1, Diff: 0.0, Sum: 0.3]
      [GC Worker Total (ms): Min: 167.4, Avg: 167.5, Max: 167.6, Diff: 0.2, Sum: 1340.3]
      [GC Worker End (ms): Min: 53905.5, Avg: 53905.5, Max: 53905.5, Diff: 0.0]
   [Code Root Fixup: 0.0 ms]
   [Code Root Purge: 0.0 ms]
   [Clear CT: 0.2 ms]
   [Other: 1.1 ms]
      [Choose CSet: 0.0 ms]
      [Ref Proc: 0.2 ms]
      [Ref Enq: 0.0 ms]
      [Redirty Cards: 0.2 ms]
      [Humongous Register: 0.0 ms]
      [Humongous Reclaim: 0.0 ms]
      [Free CSet: 0.3 ms]
   [Eden: 331.0M(331.0M)->0.0B(298.0M) Survivors: 7168.0K->43.0M Heap: 408.3M(2048.0M)->404.3M(2048.0M)]
 [Times: user=1.33 sys=0.05, real=0.17 secs] 
2020-09-29T12:24:47.794+0200: 54.080: [GC pause (G1 Evacuation Pause) (young), 0.1745231 secs]
   [Parallel Time: 173.3 ms, GC Workers: 8]
      [GC Worker Start (ms): Min: 54080.5, Avg: 54080.6, Max: 54080.7, Diff: 0.2]
      [Ext Root Scanning (ms): Min: 0.0, Avg: 0.1, Max: 0.1, Diff: 0.1, Sum: 0.5]
      [Update RS (ms): Min: 22.5, Avg: 23.0, Max: 23.4, Diff: 0.9, Sum: 184.1]
         [Processed Buffers: Min: 21, Avg: 24.0, Max: 25, Diff: 4, Sum: 192]
      [Scan RS (ms): Min: 14.8, Avg: 15.3, Max: 15.9, Diff: 1.0, Sum: 122.4]
      [Code Root Scanning (ms): Min: 0.0, Avg: 0.0, Max: 0.0, Diff: 0.0, Sum: 0.0]
      [Object Copy (ms): Min: 134.5, Avg: 134.7, Max: 134.8, Diff: 0.3, Sum: 1077.6]
      [Termination (ms): Min: 0.0, Avg: 0.0, Max: 0.0, Diff: 0.0, Sum: 0.0]
         [Termination Attempts: Min: 1, Avg: 28.0, Max: 42, Diff: 41, Sum: 224]
      [GC Worker Other (ms): Min: 0.0, Avg: 0.0, Max: 0.1, Diff: 0.1, Sum: 0.3]
      [GC Worker Total (ms): Min: 173.0, Avg: 173.1, Max: 173.2, Diff: 0.2, Sum: 1385.0]
      [GC Worker End (ms): Min: 54253.7, Avg: 54253.7, Max: 54253.7, Diff: 0.1]
   [Code Root Fixup: 0.0 ms]
   [Code Root Purge: 0.0 ms]
   [Clear CT: 0.2 ms]
   [Other: 1.0 ms]
      [Choose CSet: 0.0 ms]
      [Ref Proc: 0.2 ms]
      [Ref Enq: 0.0 ms]
      [Redirty Cards: 0.3 ms]
      [Humongous Register: 0.0 ms]
      [Humongous Reclaim: 0.0 ms]
      [Free CSet: 0.3 ms]
   [Eden: 298.0M(298.0M)->0.0B(297.0M) Survivors: 43.0M->43.0M Heap: 751.9M(2048.0M)->753.4M(2048.0M)]
 [Times: user=1.31 sys=0.05, real=0.17 secs] 
2020-09-29T12:24:48.151+0200: 54.437: [GC pause (G1 Evacuation Pause) (young), 0.1580523 secs]
   [Parallel Time: 156.8 ms, GC Workers: 8]
      [GC Worker Start (ms): Min: 54437.3, Avg: 54437.4, Max: 54437.4, Diff: 0.2]
      [Ext Root Scanning (ms): Min: 0.0, Avg: 0.1, Max: 0.2, Diff: 0.2, Sum: 0.5]
      [Update RS (ms): Min: 13.8, Avg: 14.0, Max: 14.3, Diff: 0.5, Sum: 111.9]
         [Processed Buffers: Min: 16, Avg: 16.6, Max: 18, Diff: 2, Sum: 133]
      [Scan RS (ms): Min: 15.7, Avg: 16.0, Max: 16.4, Diff: 0.7, Sum: 128.4]
      [Code Root Scanning (ms): Min: 0.0, Avg: 0.0, Max: 0.0, Diff: 0.0, Sum: 0.0]
      [Object Copy (ms): Min: 126.3, Avg: 126.4, Max: 126.5, Diff: 0.2, Sum: 1011.4]
      [Termination (ms): Min: 0.0, Avg: 0.0, Max: 0.0, Diff: 0.0, Sum: 0.1]
         [Termination Attempts: Min: 1, Avg: 103.9, Max: 134, Diff: 133, Sum: 831]
      [GC Worker Other (ms): Min: 0.0, Avg: 0.0, Max: 0.1, Diff: 0.1, Sum: 0.3]
      [GC Worker Total (ms): Min: 156.5, Avg: 156.6, Max: 156.7, Diff: 0.2, Sum: 1252.6]
      [GC Worker End (ms): Min: 54593.9, Avg: 54593.9, Max: 54594.0, Diff: 0.1]
   [Code Root Fixup: 0.0 ms]
   [Code Root Purge: 0.0 ms]
   [Clear CT: 0.2 ms]
   [Other: 1.0 ms]
      [Choose CSet: 0.0 ms]
      [Ref Proc: 0.2 ms]
      [Ref Enq: 0.0 ms]
      [Redirty Cards: 0.3 ms]
      [Humongous Register: 0.0 ms]
      [Humongous Reclaim: 0.0 ms]
      [Free CSet: 0.3 ms]
   [Eden: 297.0M(297.0M)->0.0B(307.0M) Survivors: 43.0M->43.0M Heap: 1100.0M(2048.0M)->1101.5M(2048.0M)]
 [Times: user=1.24 sys=0.02, real=0.16 secs] 
2020-09-29T12:24:48.317+0200: 54.603: [GC pause (G1 Humongous Allocation) (young) (initial-mark), 0.0573325 secs]
   [Parallel Time: 56.1 ms, GC Workers: 8]
      [GC Worker Start (ms): Min: 54603.5, Avg: 54603.5, Max: 54603.5, Diff: 0.1]
      [Ext Root Scanning (ms): Min: 0.1, Avg: 0.1, Max: 0.1, Diff: 0.1, Sum: 0.7]
      [Update RS (ms): Min: 35.2, Avg: 35.5, Max: 35.8, Diff: 0.6, Sum: 283.7]
         [Processed Buffers: Min: 42, Avg: 44.3, Max: 47, Diff: 5, Sum: 354]
      [Scan RS (ms): Min: 2.2, Avg: 2.5, Max: 2.8, Diff: 0.6, Sum: 20.4]
      [Code Root Scanning (ms): Min: 0.0, Avg: 0.0, Max: 0.0, Diff: 0.0, Sum: 0.0]
      [Object Copy (ms): Min: 17.8, Avg: 17.9, Max: 17.9, Diff: 0.1, Sum: 142.8]
      [Termination (ms): Min: 0.0, Avg: 0.0, Max: 0.0, Diff: 0.0, Sum: 0.0]
         [Termination Attempts: Min: 1, Avg: 32.3, Max: 45, Diff: 44, Sum: 258]
      [GC Worker Other (ms): Min: 0.0, Avg: 0.0, Max: 0.0, Diff: 0.0, Sum: 0.2]
      [GC Worker Total (ms): Min: 55.9, Avg: 56.0, Max: 56.0, Diff: 0.1, Sum: 447.9]
      [GC Worker End (ms): Min: 54659.5, Avg: 54659.5, Max: 54659.5, Diff: 0.0]
   [Code Root Fixup: 0.0 ms]
   [Code Root Purge: 0.0 ms]
   [Clear CT: 0.2 ms]
   [Other: 1.0 ms]
      [Choose CSet: 0.0 ms]
      [Ref Proc: 0.2 ms]
      [Ref Enq: 0.0 ms]
      [Redirty Cards: 0.3 ms]
      [Humongous Register: 0.1 ms]
      [Humongous Reclaim: 0.0 ms]
      [Free CSet: 0.1 ms]
   [Eden: 2048.0K(307.0M)->0.0B(351.0M) Survivors: 43.0M->4096.0K Heap: 1103.0M(2048.0M)->1107.5M(2048.0M)]
 [Times: user=0.36 sys=0.00, real=0.06 secs] 
2020-09-29T12:24:48.374+0200: 54.661: [GC concurrent-root-region-scan-start]
2020-09-29T12:24:48.376+0200: 54.662: [GC concurrent-root-region-scan-end, 0.0016675 secs]
2020-09-29T12:24:48.376+0200: 54.662: [GC concurrent-mark-start]
2020-09-29T12:24:48.381+0200: 54.667: [GC concurrent-mark-end, 0.0045633 secs]
2020-09-29T12:24:48.381+0200: 54.668: [GC remark 2020-09-29T12:24:48.381+0200: 54.668: [Finalize Marking, 0.0001800 secs] 2020-09-29T12:24:48.381+0200: 54.668: [GC ref-proc, 0.0003994 secs] 2020-09-29T12:24:48.382+0200: 54.668: [Unloading, 0.0010500 secs], 0.0020305 secs]
 [Times: user=0.00 sys=0.00, real=0.00 secs] 
2020-09-29T12:24:48.383+0200: 54.670: [GC cleanup 1119M->30M(2048M), 0.0020844 secs]
 [Times: user=0.00 sys=0.00, real=0.00 secs] 
2020-09-29T12:24:48.386+0200: 54.672: [GC concurrent-cleanup-start]
2020-09-29T12:24:48.388+0200: 54.674: [GC concurrent-cleanup-end, 0.0022509 secs]
2020-09-29T12:24:48.577+0200: 54.863: [GC pause (G1 Evacuation Pause) (young), 0.2018796 secs]
   [Parallel Time: 200.7 ms, GC Workers: 8]
      [GC Worker Start (ms): Min: 54863.5, Avg: 54863.6, Max: 54863.7, Diff: 0.2]
      [Ext Root Scanning (ms): Min: 0.0, Avg: 0.1, Max: 0.2, Diff: 0.2, Sum: 0.5]
      [Update RS (ms): Min: 14.3, Avg: 14.6, Max: 15.1, Diff: 0.8, Sum: 116.8]
         [Processed Buffers: Min: 16, Avg: 17.8, Max: 21, Diff: 5, Sum: 142]
      [Scan RS (ms): Min: 17.2, Avg: 17.7, Max: 18.1, Diff: 0.9, Sum: 141.7]
      [Code Root Scanning (ms): Min: 0.0, Avg: 0.0, Max: 0.0, Diff: 0.0, Sum: 0.0]
      [Object Copy (ms): Min: 166.8, Avg: 167.1, Max: 168.0, Diff: 1.2, Sum: 1336.7]
      [Termination (ms): Min: 0.0, Avg: 0.9, Max: 1.2, Diff: 1.2, Sum: 7.5]
         [Termination Attempts: Min: 1, Avg: 6101.4, Max: 7403, Diff: 7402, Sum: 48811]
      [GC Worker Other (ms): Min: 0.0, Avg: 0.0, Max: 0.1, Diff: 0.0, Sum: 0.3]
      [GC Worker Total (ms): Min: 200.4, Avg: 200.5, Max: 200.6, Diff: 0.2, Sum: 1603.6]
      [GC Worker End (ms): Min: 55064.1, Avg: 55064.1, Max: 55064.1, Diff: 0.0]
   [Code Root Fixup: 0.0 ms]
   [Code Root Purge: 0.0 ms]
   [Clear CT: 0.2 ms]
   [Other: 1.0 ms]
      [Choose CSet: 0.0 ms]
      [Ref Proc: 0.2 ms]
      [Ref Enq: 0.0 ms]
      [Redirty Cards: 0.2 ms]
      [Humongous Register: 0.0 ms]
      [Humongous Reclaim: 0.0 ms]
      [Free CSet: 0.3 ms]
   [Eden: 351.0M(351.0M)->0.0B(289.0M) Survivors: 4096.0K->45.0M Heap: 429.1M(2048.0M)->427.1M(2048.0M)]
 [Times: user=1.59 sys=0.00, real=0.20 secs] 
2020-09-29T12:24:48.942+0200: 55.229: [GC pause (G1 Evacuation Pause) (young), 0.1689631 secs]
   [Parallel Time: 167.8 ms, GC Workers: 8]
      [GC Worker Start (ms): Min: 55228.9, Avg: 55229.0, Max: 55229.1, Diff: 0.2]
      [Ext Root Scanning (ms): Min: 0.0, Avg: 0.1, Max: 0.2, Diff: 0.2, Sum: 0.6]
      [Update RS (ms): Min: 23.8, Avg: 23.9, Max: 24.2, Diff: 0.4, Sum: 191.0]
         [Processed Buffers: Min: 23, Avg: 25.1, Max: 26, Diff: 3, Sum: 201]
      [Scan RS (ms): Min: 13.8, Avg: 14.2, Max: 14.4, Diff: 0.5, Sum: 113.3]
      [Code Root Scanning (ms): Min: 0.0, Avg: 0.0, Max: 0.0, Diff: 0.0, Sum: 0.0]
      [Object Copy (ms): Min: 129.2, Avg: 129.3, Max: 129.5, Diff: 0.3, Sum: 1034.5]
      [Termination (ms): Min: 0.0, Avg: 0.1, Max: 0.2, Diff: 0.2, Sum: 1.1]
         [Termination Attempts: Min: 1, Avg: 881.8, Max: 1092, Diff: 1091, Sum: 7054]
      [GC Worker Other (ms): Min: 0.0, Avg: 0.0, Max: 0.1, Diff: 0.1, Sum: 0.3]
      [GC Worker Total (ms): Min: 167.5, Avg: 167.6, Max: 167.7, Diff: 0.1, Sum: 1340.7]
      [GC Worker End (ms): Min: 55396.6, Avg: 55396.6, Max: 55396.6, Diff: 0.1]
   [Code Root Fixup: 0.0 ms]
   [Code Root Purge: 0.0 ms]
   [Clear CT: 0.2 ms]
   [Other: 0.9 ms]
      [Choose CSet: 0.0 ms]
      [Ref Proc: 0.2 ms]
      [Ref Enq: 0.0 ms]
      [Redirty Cards: 0.3 ms]
      [Humongous Register: 0.0 ms]
      [Humongous Reclaim: 0.0 ms]
      [Free CSet: 0.3 ms]
   [Eden: 289.0M(289.0M)->0.0B(294.0M) Survivors: 45.0M->42.0M Heap: 763.8M(2048.0M)->765.8M(2048.0M)]
 [Times: user=1.25 sys=0.00, real=0.17 secs] 
2020-09-29T12:24:49.283+0200: 55.570: [GC pause (G1 Evacuation Pause) (young), 0.1641160 secs]
   [Parallel Time: 162.9 ms, GC Workers: 8]
      [GC Worker Start (ms): Min: 55569.8, Avg: 55571.1, Max: 55571.3, Diff: 1.4]
      [Ext Root Scanning (ms): Min: 0.0, Avg: 0.0, Max: 0.2, Diff: 0.2, Sum: 0.2]
      [Update RS (ms): Min: 18.5, Avg: 18.8, Max: 19.8, Diff: 1.3, Sum: 150.3]
         [Processed Buffers: Min: 20, Avg: 21.5, Max: 23, Diff: 3, Sum: 172]
      [Scan RS (ms): Min: 14.0, Avg: 14.4, Max: 14.6, Diff: 0.6, Sum: 115.0]
      [Code Root Scanning (ms): Min: 0.0, Avg: 0.0, Max: 0.0, Diff: 0.0, Sum: 0.0]
      [Object Copy (ms): Min: 128.1, Avg: 128.2, Max: 128.4, Diff: 0.2, Sum: 1025.8]
      [Termination (ms): Min: 0.0, Avg: 0.1, Max: 0.2, Diff: 0.2, Sum: 1.0]
         [Termination Attempts: Min: 1, Avg: 943.6, Max: 1233, Diff: 1232, Sum: 7549]
      [GC Worker Other (ms): Min: 0.0, Avg: 0.0, Max: 0.1, Diff: 0.1, Sum: 0.3]
      [GC Worker Total (ms): Min: 161.3, Avg: 161.6, Max: 162.8, Diff: 1.4, Sum: 1292.6]
      [GC Worker End (ms): Min: 55732.6, Avg: 55732.7, Max: 55732.7, Diff: 0.1]
   [Code Root Fixup: 0.0 ms]
   [Code Root Purge: 0.0 ms]
   [Clear CT: 0.2 ms]
   [Other: 1.0 ms]
      [Choose CSet: 0.0 ms]
      [Ref Proc: 0.2 ms]
      [Ref Enq: 0.0 ms]
      [Redirty Cards: 0.2 ms]
      [Humongous Register: 0.1 ms]
      [Humongous Reclaim: 0.0 ms]
      [Free CSet: 0.4 ms]
   [Eden: 294.0M(294.0M)->0.0B(303.0M) Survivors: 42.0M->42.0M Heap: 1109.4M(2048.0M)->1111.9M(2048.0M)]
 [Times: user=1.36 sys=0.02, real=0.16 secs] 
2020-09-29T12:24:49.458+0200: 55.745: [GC pause (G1 Humongous Allocation) (young) (initial-mark), 0.0628932 secs]
   [Parallel Time: 61.8 ms, GC Workers: 8]
      [GC Worker Start (ms): Min: 55745.4, Avg: 55745.4, Max: 55745.6, Diff: 0.2]
      [Ext Root Scanning (ms): Min: 0.0, Avg: 0.2, Max: 0.3, Diff: 0.3, Sum: 1.6]
      [Update RS (ms): Min: 34.3, Avg: 34.9, Max: 37.8, Diff: 3.5, Sum: 279.4]
         [Processed Buffers: Min: 38, Avg: 39.8, Max: 44, Diff: 6, Sum: 318]
      [Scan RS (ms): Min: 0.1, Avg: 2.9, Max: 3.6, Diff: 3.5, Sum: 23.2]
      [Code Root Scanning (ms): Min: 0.0, Avg: 0.0, Max: 0.0, Diff: 0.0, Sum: 0.0]
      [Object Copy (ms): Min: 23.5, Avg: 23.5, Max: 23.5, Diff: 0.1, Sum: 188.0]
      [Termination (ms): Min: 0.0, Avg: 0.1, Max: 0.1, Diff: 0.1, Sum: 0.5]
         [Termination Attempts: Min: 1, Avg: 383.0, Max: 562, Diff: 561, Sum: 3064]
      [GC Worker Other (ms): Min: 0.0, Avg: 0.0, Max: 0.0, Diff: 0.0, Sum: 0.2]
      [GC Worker Total (ms): Min: 61.5, Avg: 61.6, Max: 61.7, Diff: 0.2, Sum: 492.8]
      [GC Worker End (ms): Min: 55807.0, Avg: 55807.0, Max: 55807.1, Diff: 0.0]
   [Code Root Fixup: 0.0 ms]
   [Code Root Purge: 0.0 ms]
   [Clear CT: 0.2 ms]
   [Other: 0.9 ms]
      [Choose CSet: 0.0 ms]
      [Ref Proc: 0.3 ms]
      [Ref Enq: 0.0 ms]
      [Redirty Cards: 0.2 ms]
      [Humongous Register: 0.1 ms]
      [Humongous Reclaim: 0.0 ms]
      [Free CSet: 0.1 ms]
   [Eden: 5120.0K(303.0M)->0.0B(316.0M) Survivors: 42.0M->7168.0K Heap: 1116.4M(2048.0M)->1119.4M(2048.0M)]
 [Times: user=0.48 sys=0.00, real=0.06 secs] 
2020-09-29T12:24:49.522+0200: 55.808: [GC concurrent-root-region-scan-start]
2020-09-29T12:24:49.523+0200: 55.810: [GC concurrent-root-region-scan-end, 0.0015319 secs]
2020-09-29T12:24:49.523+0200: 55.810: [GC concurrent-mark-start]
2020-09-29T12:24:49.527+0200: 55.813: [GC concurrent-mark-end, 0.0035120 secs]
2020-09-29T12:24:49.527+0200: 55.814: [GC remark 2020-09-29T12:24:49.527+0200: 55.814: [Finalize Marking, 0.0002573 secs] 2020-09-29T12:24:49.527+0200: 55.814: [GC ref-proc, 0.0004174 secs] 2020-09-29T12:24:49.528+0200: 55.814: [Unloading, 0.0005226 secs], 0.0016579 secs]
 [Times: user=0.00 sys=0.00, real=0.00 secs] 
2020-09-29T12:24:49.529+0200: 55.816: [GC cleanup 1130M->32M(2048M), 0.0017103 secs]
 [Times: user=0.00 sys=0.00, real=0.00 secs] 
2020-09-29T12:24:49.531+0200: 55.818: [GC concurrent-cleanup-start]
2020-09-29T12:24:49.533+0200: 55.820: [GC concurrent-cleanup-end, 0.0021984 secs]
2020-09-29T12:24:49.704+0200: 55.990: [GC pause (G1 Evacuation Pause) (young), 0.1532446 secs]
   [Parallel Time: 152.1 ms, GC Workers: 8]
      [GC Worker Start (ms): Min: 55990.6, Avg: 55990.7, Max: 55990.7, Diff: 0.1]
      [Ext Root Scanning (ms): Min: 0.0, Avg: 0.1, Max: 0.2, Diff: 0.1, Sum: 0.5]
      [Update RS (ms): Min: 14.9, Avg: 15.1, Max: 15.4, Diff: 0.6, Sum: 121.0]
         [Processed Buffers: Min: 14, Avg: 17.3, Max: 19, Diff: 5, Sum: 138]
      [Scan RS (ms): Min: 14.0, Avg: 14.4, Max: 14.6, Diff: 0.6, Sum: 115.2]
      [Code Root Scanning (ms): Min: 0.0, Avg: 0.0, Max: 0.0, Diff: 0.0, Sum: 0.0]
      [Object Copy (ms): Min: 121.8, Avg: 122.0, Max: 122.1, Diff: 0.3, Sum: 975.9]
      [Termination (ms): Min: 0.0, Avg: 0.1, Max: 0.1, Diff: 0.1, Sum: 0.4]
         [Termination Attempts: Min: 1, Avg: 325.6, Max: 419, Diff: 418, Sum: 2605]
      [GC Worker Other (ms): Min: 0.0, Avg: 0.2, Max: 0.3, Diff: 0.3, Sum: 1.4]
      [GC Worker Total (ms): Min: 151.6, Avg: 151.8, Max: 152.0, Diff: 0.4, Sum: 1214.5]
      [GC Worker End (ms): Min: 56142.3, Avg: 56142.5, Max: 56142.6, Diff: 0.3]
   [Code Root Fixup: 0.0 ms]
   [Code Root Purge: 0.0 ms]
   [Clear CT: 0.2 ms]
   [Other: 1.0 ms]
      [Choose CSet: 0.0 ms]
      [Ref Proc: 0.2 ms]
      [Ref Enq: 0.0 ms]
      [Redirty Cards: 0.2 ms]
      [Humongous Register: 0.0 ms]
      [Humongous Reclaim: 0.0 ms]
      [Free CSet: 0.3 ms]
   [Eden: 316.0M(316.0M)->0.0B(302.0M) Survivors: 7168.0K->41.0M Heap: 390.9M(2048.0M)->385.9M(2048.0M)]
 [Times: user=1.25 sys=0.00, real=0.15 secs] 
2020-09-29T12:24:50.129+0200: 56.416: [GC pause (G1 Evacuation Pause) (young), 0.3417530 secs]
   [Parallel Time: 339.8 ms, GC Workers: 8]
      [GC Worker Start (ms): Min: 56416.0, Avg: 56416.2, Max: 56416.3, Diff: 0.3]
      [Ext Root Scanning (ms): Min: 0.0, Avg: 0.1, Max: 0.3, Diff: 0.3, Sum: 1.1]
      [Update RS (ms): Min: 50.8, Avg: 51.7, Max: 52.8, Diff: 1.9, Sum: 413.5]
         [Processed Buffers: Min: 22, Avg: 24.6, Max: 27, Diff: 5, Sum: 197]
      [Scan RS (ms): Min: 31.8, Avg: 32.9, Max: 33.9, Diff: 2.1, Sum: 263.2]
      [Code Root Scanning (ms): Min: 0.0, Avg: 0.0, Max: 0.0, Diff: 0.0, Sum: 0.1]
      [Object Copy (ms): Min: 254.2, Avg: 254.4, Max: 254.7, Diff: 0.5, Sum: 2034.9]
      [Termination (ms): Min: 0.0, Avg: 0.1, Max: 0.1, Diff: 0.1, Sum: 0.9]
         [Termination Attempts: Min: 1, Avg: 393.1, Max: 478, Diff: 477, Sum: 3145]
      [GC Worker Other (ms): Min: 0.0, Avg: 0.1, Max: 0.1, Diff: 0.1, Sum: 0.5]
      [GC Worker Total (ms): Min: 339.1, Avg: 339.3, Max: 339.5, Diff: 0.4, Sum: 2714.2]
      [GC Worker End (ms): Min: 56755.4, Avg: 56755.5, Max: 56755.5, Diff: 0.1]
   [Code Root Fixup: 0.0 ms]
   [Code Root Purge: 0.0 ms]
   [Clear CT: 0.4 ms]
   [Other: 1.5 ms]
      [Choose CSet: 0.0 ms]
      [Ref Proc: 0.2 ms]
      [Ref Enq: 0.0 ms]
      [Redirty Cards: 0.5 ms]
      [Humongous Register: 0.1 ms]
      [Humongous Reclaim: 0.0 ms]
      [Free CSet: 0.4 ms]
   [Eden: 302.0M(302.0M)->0.0B(148.0M) Survivors: 41.0M->43.0M Heap: 737.5M(2048.0M)->740.0M(2048.0M)]
 [Times: user=2.53 sys=0.08, real=0.34 secs] 
2020-09-29T12:24:50.654+0200: 56.941: [GC pause (G1 Evacuation Pause) (young), 0.1838621 secs]
   [Parallel Time: 182.3 ms, GC Workers: 8]
      [GC Worker Start (ms): Min: 56941.3, Avg: 56941.4, Max: 56941.6, Diff: 0.3]
      [Ext Root Scanning (ms): Min: 0.0, Avg: 0.1, Max: 0.2, Diff: 0.2, Sum: 0.9]
      [Update RS (ms): Min: 29.6, Avg: 30.0, Max: 30.3, Diff: 0.7, Sum: 240.0]
         [Processed Buffers: Min: 17, Avg: 19.0, Max: 23, Diff: 6, Sum: 152]
      [Scan RS (ms): Min: 9.6, Avg: 10.0, Max: 10.4, Diff: 0.8, Sum: 79.7]
      [Code Root Scanning (ms): Min: 0.0, Avg: 0.0, Max: 0.0, Diff: 0.0, Sum: 0.0]
      [Object Copy (ms): Min: 141.5, Avg: 141.7, Max: 141.8, Diff: 0.3, Sum: 1133.4]
      [Termination (ms): Min: 0.0, Avg: 0.2, Max: 0.3, Diff: 0.3, Sum: 1.5]
         [Termination Attempts: Min: 1, Avg: 662.1, Max: 850, Diff: 849, Sum: 5297]
      [GC Worker Other (ms): Min: 0.0, Avg: 0.0, Max: 0.1, Diff: 0.1, Sum: 0.4]
      [GC Worker Total (ms): Min: 181.9, Avg: 182.0, Max: 182.1, Diff: 0.2, Sum: 1455.9]
      [GC Worker End (ms): Min: 57123.4, Avg: 57123.4, Max: 57123.5, Diff: 0.1]
   [Code Root Fixup: 0.0 ms]
   [Code Root Purge: 0.0 ms]
   [Clear CT: 0.3 ms]
   [Other: 1.2 ms]
      [Choose CSet: 0.0 ms]
      [Ref Proc: 0.3 ms]
      [Ref Enq: 0.0 ms]
      [Redirty Cards: 0.4 ms]
      [Humongous Register: 0.1 ms]
      [Humongous Reclaim: 0.0 ms]
      [Free CSet: 0.2 ms]
   [Eden: 148.0M(148.0M)->0.0B(152.0M) Survivors: 43.0M->24.0M Heap: 912.8M(2048.0M)->915.8M(2048.0M)]
 [Times: user=1.50 sys=0.00, real=0.18 secs] 
2020-09-29T12:24:50.956+0200: 57.243: [GC pause (G1 Humongous Allocation) (young) (initial-mark), 0.1405604 secs]
   [Parallel Time: 138.9 ms, GC Workers: 8]
      [GC Worker Start (ms): Min: 57243.4, Avg: 57243.5, Max: 57243.6, Diff: 0.2]
      [Ext Root Scanning (ms): Min: 0.0, Avg: 0.1, Max: 0.2, Diff: 0.2, Sum: 1.0]
      [Update RS (ms): Min: 24.8, Avg: 25.7, Max: 26.3, Diff: 1.5, Sum: 205.5]
         [Processed Buffers: Min: 16, Avg: 17.0, Max: 18, Diff: 2, Sum: 136]
      [Scan RS (ms): Min: 5.4, Avg: 6.0, Max: 7.0, Diff: 1.7, Sum: 48.1]
      [Code Root Scanning (ms): Min: 0.0, Avg: 0.0, Max: 0.0, Diff: 0.0, Sum: 0.0]
      [Object Copy (ms): Min: 106.5, Avg: 106.6, Max: 106.7, Diff: 0.3, Sum: 853.0]
      [Termination (ms): Min: 0.0, Avg: 0.1, Max: 0.1, Diff: 0.1, Sum: 0.5]
         [Termination Attempts: Min: 1, Avg: 188.8, Max: 234, Diff: 233, Sum: 1510]
      [GC Worker Other (ms): Min: 0.0, Avg: 0.0, Max: 0.1, Diff: 0.1, Sum: 0.4]
      [GC Worker Total (ms): Min: 138.4, Avg: 138.6, Max: 138.7, Diff: 0.3, Sum: 1108.5]
      [GC Worker End (ms): Min: 57382.1, Avg: 57382.1, Max: 57382.1, Diff: 0.1]
   [Code Root Fixup: 0.0 ms]
   [Code Root Purge: 0.0 ms]
   [Clear CT: 0.3 ms]
   [Other: 1.4 ms]
      [Choose CSet: 0.0 ms]
      [Ref Proc: 0.3 ms]
      [Ref Enq: 0.0 ms]
      [Redirty Cards: 0.4 ms]
      [Humongous Register: 0.0 ms]
      [Humongous Reclaim: 0.0 ms]
      [Free CSet: 0.2 ms]
   [Eden: 127.0M(152.0M)->0.0B(159.0M) Survivors: 24.0M->22.0M Heap: 1063.8M(2048.0M)->1065.3M(2048.0M)]
 [Times: user=0.97 sys=0.02, real=0.14 secs] 
2020-09-29T12:24:51.097+0200: 57.384: [GC concurrent-root-region-scan-start]
2020-09-29T12:24:51.111+0200: 57.397: [GC concurrent-root-region-scan-end, 0.0133758 secs]
2020-09-29T12:24:51.111+0200: 57.397: [GC concurrent-mark-start]
2020-09-29T12:24:51.116+0200: 57.403: [GC concurrent-mark-end, 0.0054680 secs]
2020-09-29T12:24:51.118+0200: 57.405: [GC remark 2020-09-29T12:24:51.118+0200: 57.405: [Finalize Marking, 0.0003471 secs] 2020-09-29T12:24:51.118+0200: 57.405: [GC ref-proc, 0.0006600 secs] 2020-09-29T12:24:51.119+0200: 57.406: [Unloading, 0.0009202 secs], 0.0024620 secs]
 [Times: user=0.00 sys=0.00, real=0.00 secs] 
2020-09-29T12:24:51.121+0200: 57.408: [GC cleanup 1087M->58M(2048M), 0.0024965 secs]
 [Times: user=0.00 sys=0.00, real=0.00 secs] 
2020-09-29T12:24:51.124+0200: 57.411: [GC concurrent-cleanup-start]
2020-09-29T12:24:51.126+0200: 57.413: [GC concurrent-cleanup-end, 0.0026114 secs]
2020-09-29T12:24:51.260+0200: 57.547: [GC pause (G1 Evacuation Pause) (young), 0.1511386 secs]
   [Parallel Time: 148.8 ms, GC Workers: 8]
      [GC Worker Start (ms): Min: 57547.0, Avg: 57547.1, Max: 57547.2, Diff: 0.3]
      [Ext Root Scanning (ms): Min: 0.0, Avg: 0.1, Max: 0.3, Diff: 0.3, Sum: 0.8]
      [Update RS (ms): Min: 20.8, Avg: 21.3, Max: 22.0, Diff: 1.2, Sum: 170.7]
         [Processed Buffers: Min: 13, Avg: 13.9, Max: 14, Diff: 1, Sum: 111]
      [Scan RS (ms): Min: 8.6, Avg: 9.2, Max: 9.7, Diff: 1.2, Sum: 73.7]
      [Code Root Scanning (ms): Min: 0.0, Avg: 0.0, Max: 0.0, Diff: 0.0, Sum: 0.0]
      [Object Copy (ms): Min: 117.5, Avg: 117.6, Max: 117.7, Diff: 0.2, Sum: 940.5]
      [Termination (ms): Min: 0.0, Avg: 0.1, Max: 0.1, Diff: 0.1, Sum: 0.7]
         [Termination Attempts: Min: 1, Avg: 321.0, Max: 419, Diff: 418, Sum: 2568]
      [GC Worker Other (ms): Min: 0.0, Avg: 0.1, Max: 0.1, Diff: 0.1, Sum: 0.5]
      [GC Worker Total (ms): Min: 148.2, Avg: 148.4, Max: 148.5, Diff: 0.3, Sum: 1186.8]
      [GC Worker End (ms): Min: 57695.4, Avg: 57695.5, Max: 57695.5, Diff: 0.1]
   [Code Root Fixup: 0.0 ms]
   [Code Root Purge: 0.0 ms]
   [Clear CT: 0.3 ms]
   [Other: 2.0 ms]
      [Choose CSet: 0.0 ms]
      [Ref Proc: 0.2 ms]
      [Ref Enq: 0.0 ms]
      [Redirty Cards: 1.2 ms]
      [Humongous Register: 0.0 ms]
      [Humongous Reclaim: 0.0 ms]
      [Free CSet: 0.2 ms]
   [Eden: 159.0M(159.0M)->0.0B(165.0M) Survivors: 22.0M->23.0M Heap: 222.7M(2048.0M)->203.2M(2048.0M)]
 [Times: user=1.13 sys=0.00, real=0.15 secs] 
2020-09-29T12:24:51.572+0200: 57.859: [GC pause (G1 Evacuation Pause) (young), 0.2075985 secs]
   [Parallel Time: 206.3 ms, GC Workers: 8]
      [GC Worker Start (ms): Min: 57858.8, Avg: 57859.0, Max: 57859.1, Diff: 0.2]
      [Ext Root Scanning (ms): Min: 0.0, Avg: 0.1, Max: 0.2, Diff: 0.2, Sum: 0.8]
      [Update RS (ms): Min: 17.0, Avg: 17.4, Max: 18.3, Diff: 1.3, Sum: 139.1]
         [Processed Buffers: Min: 11, Avg: 12.4, Max: 14, Diff: 3, Sum: 99]
      [Scan RS (ms): Min: 13.6, Avg: 14.5, Max: 15.5, Diff: 1.9, Sum: 116.2]
      [Code Root Scanning (ms): Min: 0.0, Avg: 0.0, Max: 0.0, Diff: 0.0, Sum: 0.0]
      [Object Copy (ms): Min: 173.2, Avg: 173.8, Max: 174.0, Diff: 0.8, Sum: 1390.7]
      [Termination (ms): Min: 0.0, Avg: 0.0, Max: 0.0, Diff: 0.0, Sum: 0.3]
         [Termination Attempts: Min: 1, Avg: 122.6, Max: 148, Diff: 147, Sum: 981]
      [GC Worker Other (ms): Min: 0.0, Avg: 0.1, Max: 0.1, Diff: 0.1, Sum: 0.4]
      [GC Worker Total (ms): Min: 205.9, Avg: 205.9, Max: 206.1, Diff: 0.2, Sum: 1647.5]
      [GC Worker End (ms): Min: 58064.9, Avg: 58064.9, Max: 58064.9, Diff: 0.1]
   [Code Root Fixup: 0.0 ms]
   [Code Root Purge: 0.0 ms]
   [Clear CT: 0.3 ms]
   [Other: 1.0 ms]
      [Choose CSet: 0.0 ms]
      [Ref Proc: 0.2 ms]
      [Ref Enq: 0.0 ms]
      [Redirty Cards: 0.2 ms]
      [Humongous Register: 0.1 ms]
      [Humongous Reclaim: 0.0 ms]
      [Free CSet: 0.3 ms]
   [Eden: 165.0M(165.0M)->0.0B(146.0M) Survivors: 23.0M->24.0M Heap: 396.8M(2048.0M)->398.3M(2048.0M)]
 [Times: user=1.47 sys=0.00, real=0.21 secs] 
2020-09-29T12:24:51.933+0200: 58.220: [GC pause (G1 Evacuation Pause) (young), 0.1577229 secs]
   [Parallel Time: 156.2 ms, GC Workers: 8]
      [GC Worker Start (ms): Min: 58219.9, Avg: 58220.0, Max: 58220.2, Diff: 0.3]
      [Ext Root Scanning (ms): Min: 0.0, Avg: 0.1, Max: 0.2, Diff: 0.2, Sum: 0.8]
      [Update RS (ms): Min: 20.6, Avg: 21.1, Max: 22.9, Diff: 2.4, Sum: 168.5]
         [Processed Buffers: Min: 12, Avg: 14.8, Max: 18, Diff: 6, Sum: 118]
      [Scan RS (ms): Min: 9.5, Avg: 11.4, Max: 12.2, Diff: 2.6, Sum: 90.9]
      [Code Root Scanning (ms): Min: 0.0, Avg: 0.0, Max: 0.0, Diff: 0.0, Sum: 0.0]
      [Object Copy (ms): Min: 122.8, Avg: 123.2, Max: 123.4, Diff: 0.6, Sum: 985.8]
      [Termination (ms): Min: 0.0, Avg: 0.1, Max: 0.1, Diff: 0.1, Sum: 0.8]
         [Termination Attempts: Min: 1, Avg: 332.8, Max: 468, Diff: 467, Sum: 2662]
      [GC Worker Other (ms): Min: 0.0, Avg: 0.1, Max: 0.1, Diff: 0.1, Sum: 0.4]
      [GC Worker Total (ms): Min: 155.8, Avg: 155.9, Max: 156.1, Diff: 0.3, Sum: 1247.3]
      [GC Worker End (ms): Min: 58375.9, Avg: 58375.9, Max: 58376.0, Diff: 0.1]
   [Code Root Fixup: 0.0 ms]
   [Code Root Purge: 0.0 ms]
   [Clear CT: 0.3 ms]
   [Other: 1.2 ms]
      [Choose CSet: 0.0 ms]
      [Ref Proc: 0.3 ms]
      [Ref Enq: 0.0 ms]
      [Redirty Cards: 0.3 ms]
      [Humongous Register: 0.1 ms]
      [Humongous Reclaim: 0.0 ms]
      [Free CSet: 0.2 ms]
   [Eden: 146.0M(146.0M)->0.0B(155.0M) Survivors: 24.0M->22.0M Heap: 569.1M(2048.0M)->570.6M(2048.0M)]
 [Times: user=1.22 sys=0.00, real=0.16 secs] 
2020-09-29T12:24:52.244+0200: 58.530: [GC pause (G1 Evacuation Pause) (young), 0.1594965 secs]
   [Parallel Time: 157.6 ms, GC Workers: 8]
      [GC Worker Start (ms): Min: 58530.1, Avg: 58530.3, Max: 58530.4, Diff: 0.3]
      [Ext Root Scanning (ms): Min: 0.0, Avg: 0.1, Max: 0.2, Diff: 0.2, Sum: 0.9]
      [Update RS (ms): Min: 19.0, Avg: 19.2, Max: 19.4, Diff: 0.4, Sum: 153.6]
         [Processed Buffers: Min: 12, Avg: 12.8, Max: 15, Diff: 3, Sum: 102]
      [Scan RS (ms): Min: 12.3, Avg: 12.4, Max: 12.5, Diff: 0.2, Sum: 99.2]
      [Code Root Scanning (ms): Min: 0.0, Avg: 0.0, Max: 0.0, Diff: 0.0, Sum: 0.0]
      [Object Copy (ms): Min: 125.3, Avg: 125.5, Max: 125.6, Diff: 0.3, Sum: 1003.7]
      [Termination (ms): Min: 0.0, Avg: 0.1, Max: 0.1, Diff: 0.1, Sum: 0.6]
         [Termination Attempts: Min: 1, Avg: 278.4, Max: 368, Diff: 367, Sum: 2227]
      [GC Worker Other (ms): Min: 0.0, Avg: 0.1, Max: 0.1, Diff: 0.1, Sum: 0.6]
      [GC Worker Total (ms): Min: 157.2, Avg: 157.3, Max: 157.4, Diff: 0.2, Sum: 1258.6]
      [GC Worker End (ms): Min: 58687.5, Avg: 58687.6, Max: 58687.6, Diff: 0.1]
   [Code Root Fixup: 0.0 ms]
   [Code Root Purge: 0.0 ms]
   [Clear CT: 0.5 ms]
   [Other: 1.4 ms]
      [Choose CSet: 0.0 ms]
      [Ref Proc: 0.4 ms]
      [Ref Enq: 0.0 ms]
      [Redirty Cards: 0.4 ms]
      [Humongous Register: 0.1 ms]
      [Humongous Reclaim: 0.0 ms]
      [Free CSet: 0.2 ms]
   [Eden: 155.0M(155.0M)->0.0B(161.0M) Survivors: 22.0M->23.0M Heap: 750.4M(2048.0M)->752.4M(2048.0M)]
 [Times: user=1.19 sys=0.02, real=0.16 secs] 
2020-09-29T12:24:52.564+0200: 58.850: [GC pause (G1 Evacuation Pause) (young), 0.1654189 secs]
   [Parallel Time: 164.0 ms, GC Workers: 8]
      [GC Worker Start (ms): Min: 58850.4, Avg: 58850.5, Max: 58850.7, Diff: 0.3]
      [Ext Root Scanning (ms): Min: 0.0, Avg: 0.1, Max: 0.3, Diff: 0.3, Sum: 0.8]
      [Update RS (ms): Min: 20.7, Avg: 21.3, Max: 21.7, Diff: 1.0, Sum: 170.2]
         [Processed Buffers: Min: 13, Avg: 13.9, Max: 16, Diff: 3, Sum: 111]
      [Scan RS (ms): Min: 12.4, Avg: 12.9, Max: 13.5, Diff: 1.2, Sum: 102.9]
      [Code Root Scanning (ms): Min: 0.0, Avg: 0.0, Max: 0.0, Diff: 0.0, Sum: 0.0]
      [Object Copy (ms): Min: 129.2, Avg: 129.3, Max: 129.4, Diff: 0.2, Sum: 1034.6]
      [Termination (ms): Min: 0.0, Avg: 0.0, Max: 0.0, Diff: 0.0, Sum: 0.2]
         [Termination Attempts: Min: 1, Avg: 99.6, Max: 127, Diff: 126, Sum: 797]
      [GC Worker Other (ms): Min: 0.0, Avg: 0.0, Max: 0.1, Diff: 0.1, Sum: 0.3]
      [GC Worker Total (ms): Min: 163.5, Avg: 163.6, Max: 163.8, Diff: 0.3, Sum: 1309.2]
      [GC Worker End (ms): Min: 59014.2, Avg: 59014.2, Max: 59014.2, Diff: 0.1]
   [Code Root Fixup: 0.0 ms]
   [Code Root Purge: 0.0 ms]
   [Clear CT: 0.2 ms]
   [Other: 1.2 ms]
      [Choose CSet: 0.0 ms]
      [Ref Proc: 0.2 ms]
      [Ref Enq: 0.0 ms]
      [Redirty Cards: 0.4 ms]
      [Humongous Register: 0.1 ms]
      [Humongous Reclaim: 0.0 ms]
      [Free CSet: 0.3 ms]
   [Eden: 161.0M(161.0M)->0.0B(167.0M) Survivors: 23.0M->23.0M Heap: 940.1M(2048.0M)->942.6M(2048.0M)]
 [Times: user=1.38 sys=0.00, real=0.17 secs] 
2020-09-29T12:24:52.741+0200: 59.027: [GC pause (G1 Humongous Allocation) (young) (initial-mark), 0.0597237 secs]
   [Parallel Time: 58.1 ms, GC Workers: 8]
      [GC Worker Start (ms): Min: 59027.1, Avg: 59027.2, Max: 59027.4, Diff: 0.3]
      [Ext Root Scanning (ms): Min: 0.0, Avg: 0.2, Max: 0.4, Diff: 0.4, Sum: 1.9]
      [Update RS (ms): Min: 31.9, Avg: 32.6, Max: 33.3, Diff: 1.4, Sum: 261.1]
         [Processed Buffers: Min: 20, Avg: 22.0, Max: 25, Diff: 5, Sum: 176]
      [Scan RS (ms): Min: 2.1, Avg: 2.6, Max: 3.2, Diff: 1.1, Sum: 20.5]
      [Code Root Scanning (ms): Min: 0.0, Avg: 0.0, Max: 0.0, Diff: 0.0, Sum: 0.0]
      [Object Copy (ms): Min: 22.2, Avg: 22.3, Max: 22.4, Diff: 0.2, Sum: 178.5]
      [Termination (ms): Min: 0.0, Avg: 0.0, Max: 0.0, Diff: 0.0, Sum: 0.0]
         [Termination Attempts: Min: 1, Avg: 4.1, Max: 7, Diff: 6, Sum: 33]
      [GC Worker Other (ms): Min: 0.0, Avg: 0.0, Max: 0.0, Diff: 0.0, Sum: 0.2]
      [GC Worker Total (ms): Min: 57.6, Avg: 57.8, Max: 57.9, Diff: 0.3, Sum: 462.2]
      [GC Worker End (ms): Min: 59085.0, Avg: 59085.0, Max: 59085.0, Diff: 0.0]
   [Code Root Fixup: 0.0 ms]
   [Code Root Purge: 0.0 ms]
   [Clear CT: 0.3 ms]
   [Other: 1.4 ms]
      [Choose CSet: 0.0 ms]
      [Ref Proc: 0.5 ms]
      [Ref Enq: 0.0 ms]
      [Redirty Cards: 0.3 ms]
      [Humongous Register: 0.1 ms]
      [Humongous Reclaim: 0.0 ms]
      [Free CSet: 0.1 ms]
   [Eden: 4096.0K(167.0M)->0.0B(187.0M) Survivors: 23.0M->6144.0K Heap: 946.6M(2048.0M)->950.1M(2048.0M)]
 [Times: user=0.38 sys=0.00, real=0.06 secs] 
2020-09-29T12:24:52.800+0200: 59.087: [GC concurrent-root-region-scan-start]
2020-09-29T12:24:52.803+0200: 59.089: [GC concurrent-root-region-scan-end, 0.0025141 secs]
2020-09-29T12:24:52.803+0200: 59.089: [GC concurrent-mark-start]
2020-09-29T12:24:52.808+0200: 59.094: [GC concurrent-mark-end, 0.0049838 secs]
2020-09-29T12:24:52.809+0200: 59.095: [GC remark 2020-09-29T12:24:52.809+0200: 59.095: [Finalize Marking, 0.0003922 secs] 2020-09-29T12:24:52.809+0200: 59.095: [GC ref-proc, 0.0005188 secs] 2020-09-29T12:24:52.810+0200: 59.096: [Unloading, 0.0006792 secs], 0.0020569 secs]
 [Times: user=0.00 sys=0.00, real=0.00 secs] 
2020-09-29T12:24:52.811+0200: 59.098: [GC cleanup 960M->30M(2048M), 0.0027092 secs]
 [Times: user=0.00 sys=0.00, real=0.00 secs] 
2020-09-29T12:24:52.814+0200: 59.101: [GC concurrent-cleanup-start]
2020-09-29T12:24:52.816+0200: 59.102: [GC concurrent-cleanup-end, 0.0018208 secs]
2020-09-29T12:24:52.983+0200: 59.269: [GC pause (G1 Evacuation Pause) (young), 0.1696027 secs]
   [Parallel Time: 167.7 ms, GC Workers: 8]
      [GC Worker Start (ms): Min: 59269.2, Avg: 59269.3, Max: 59269.4, Diff: 0.3]
      [Ext Root Scanning (ms): Min: 0.0, Avg: 0.1, Max: 0.3, Diff: 0.3, Sum: 0.8]
      [Update RS (ms): Min: 15.2, Avg: 15.4, Max: 15.9, Diff: 0.7, Sum: 123.5]
         [Processed Buffers: Min: 10, Avg: 11.1, Max: 13, Diff: 3, Sum: 89]
      [Scan RS (ms): Min: 14.5, Avg: 15.0, Max: 15.2, Diff: 0.7, Sum: 119.6]
      [Code Root Scanning (ms): Min: 0.0, Avg: 0.0, Max: 0.0, Diff: 0.0, Sum: 0.0]
      [Object Copy (ms): Min: 136.6, Avg: 136.7, Max: 136.8, Diff: 0.2, Sum: 1093.4]
      [Termination (ms): Min: 0.0, Avg: 0.2, Max: 0.2, Diff: 0.2, Sum: 1.3]
         [Termination Attempts: Min: 1, Avg: 601.8, Max: 714, Diff: 713, Sum: 4814]
      [GC Worker Other (ms): Min: 0.0, Avg: 0.0, Max: 0.1, Diff: 0.1, Sum: 0.4]
      [GC Worker Total (ms): Min: 167.3, Avg: 167.4, Max: 167.5, Diff: 0.3, Sum: 1339.0]
      [GC Worker End (ms): Min: 59436.7, Avg: 59436.7, Max: 59436.8, Diff: 0.1]
   [Code Root Fixup: 0.0 ms]
   [Code Root Purge: 0.0 ms]
   [Clear CT: 0.3 ms]
   [Other: 1.6 ms]
      [Choose CSet: 0.0 ms]
      [Ref Proc: 0.5 ms]
      [Ref Enq: 0.0 ms]
      [Redirty Cards: 0.5 ms]
      [Humongous Register: 0.0 ms]
      [Humongous Reclaim: 0.0 ms]
      [Free CSet: 0.3 ms]
   [Eden: 187.0M(187.0M)->0.0B(171.0M) Survivors: 6144.0K->25.0M Heap: 239.9M(2048.0M)->235.9M(2048.0M)]
 [Times: user=1.38 sys=0.00, real=0.17 secs] 
2020-09-29T12:24:53.324+0200: 59.610: [GC pause (G1 Evacuation Pause) (young), 0.1775474 secs]
   [Parallel Time: 175.9 ms, GC Workers: 8]
      [GC Worker Start (ms): Min: 59610.3, Avg: 59610.4, Max: 59610.4, Diff: 0.2]
      [Ext Root Scanning (ms): Min: 0.0, Avg: 0.1, Max: 0.2, Diff: 0.2, Sum: 1.0]
      [Update RS (ms): Min: 20.9, Avg: 21.1, Max: 21.5, Diff: 0.5, Sum: 168.6]
         [Processed Buffers: Min: 13, Avg: 15.1, Max: 20, Diff: 7, Sum: 121]
      [Scan RS (ms): Min: 13.4, Avg: 13.7, Max: 13.9, Diff: 0.5, Sum: 109.7]
      [Code Root Scanning (ms): Min: 0.0, Avg: 0.0, Max: 0.0, Diff: 0.0, Sum: 0.0]
      [Object Copy (ms): Min: 140.5, Avg: 140.6, Max: 140.6, Diff: 0.2, Sum: 1124.5]
      [Termination (ms): Min: 0.0, Avg: 0.1, Max: 0.1, Diff: 0.1, Sum: 0.5]
         [Termination Attempts: Min: 1, Avg: 234.0, Max: 312, Diff: 311, Sum: 1872]
      [GC Worker Other (ms): Min: 0.0, Avg: 0.1, Max: 0.1, Diff: 0.1, Sum: 0.4]
      [GC Worker Total (ms): Min: 175.5, Avg: 175.6, Max: 175.7, Diff: 0.2, Sum: 1404.7]
      [GC Worker End (ms): Min: 59785.9, Avg: 59785.9, Max: 59786.0, Diff: 0.1]
   [Code Root Fixup: 0.0 ms]
   [Code Root Purge: 0.0 ms]
   [Clear CT: 0.3 ms]
   [Other: 1.3 ms]
      [Choose CSet: 0.0 ms]
      [Ref Proc: 0.3 ms]
      [Ref Enq: 0.0 ms]
      [Redirty Cards: 0.4 ms]
      [Humongous Register: 0.1 ms]
      [Humongous Reclaim: 0.0 ms]
      [Free CSet: 0.3 ms]
   [Eden: 171.0M(171.0M)->0.0B(171.0M) Survivors: 25.0M->25.0M Heap: 435.5M(2048.0M)->438.0M(2048.0M)]
 [Times: user=1.38 sys=0.00, real=0.18 secs] 
2020-09-29T12:24:53.675+0200: 59.962: [GC pause (G1 Evacuation Pause) (young), 0.1778400 secs]
   [Parallel Time: 176.2 ms, GC Workers: 8]
      [GC Worker Start (ms): Min: 59962.1, Avg: 59962.2, Max: 59962.3, Diff: 0.2]
      [Ext Root Scanning (ms): Min: 0.1, Avg: 0.1, Max: 0.2, Diff: 0.2, Sum: 1.1]
      [Update RS (ms): Min: 18.0, Avg: 18.1, Max: 18.2, Diff: 0.2, Sum: 144.8]
         [Processed Buffers: Min: 12, Avg: 13.0, Max: 15, Diff: 3, Sum: 104]
      [Scan RS (ms): Min: 15.2, Avg: 15.4, Max: 16.1, Diff: 1.0, Sum: 123.4]
      [Code Root Scanning (ms): Min: 0.0, Avg: 0.0, Max: 0.0, Diff: 0.0, Sum: 0.0]
      [Object Copy (ms): Min: 141.5, Avg: 142.1, Max: 142.3, Diff: 0.8, Sum: 1137.1]
      [Termination (ms): Min: 0.0, Avg: 0.0, Max: 0.1, Diff: 0.1, Sum: 0.4]
         [Termination Attempts: Min: 1, Avg: 185.8, Max: 245, Diff: 244, Sum: 1486]
      [GC Worker Other (ms): Min: 0.0, Avg: 0.0, Max: 0.1, Diff: 0.1, Sum: 0.3]
      [GC Worker Total (ms): Min: 175.8, Avg: 175.9, Max: 176.0, Diff: 0.1, Sum: 1407.1]
      [GC Worker End (ms): Min: 60138.1, Avg: 60138.1, Max: 60138.1, Diff: 0.1]
   [Code Root Fixup: 0.0 ms]
   [Code Root Purge: 0.0 ms]
   [Clear CT: 0.3 ms]
   [Other: 1.3 ms]
      [Choose CSet: 0.0 ms]
      [Ref Proc: 0.3 ms]
      [Ref Enq: 0.0 ms]
      [Redirty Cards: 0.4 ms]
      [Humongous Register: 0.1 ms]
      [Humongous Reclaim: 0.0 ms]
      [Free CSet: 0.3 ms]
   [Eden: 171.0M(171.0M)->0.0B(171.0M) Survivors: 25.0M->25.0M Heap: 637.6M(2048.0M)->639.1M(2048.0M)]
 [Times: user=1.48 sys=0.00, real=0.18 secs] 
2020-09-29T12:24:54.025+0200: 60.311: [GC pause (G1 Evacuation Pause) (young), 0.1790874 secs]
   [Parallel Time: 177.7 ms, GC Workers: 8]
      [GC Worker Start (ms): Min: 60311.5, Avg: 60311.6, Max: 60311.7, Diff: 0.2]
      [Ext Root Scanning (ms): Min: 0.0, Avg: 0.1, Max: 0.3, Diff: 0.2, Sum: 0.9]
      [Update RS (ms): Min: 21.2, Avg: 21.5, Max: 21.9, Diff: 0.7, Sum: 172.3]
         [Processed Buffers: Min: 13, Avg: 15.3, Max: 17, Diff: 4, Sum: 122]
      [Scan RS (ms): Min: 13.2, Avg: 13.6, Max: 14.0, Diff: 0.8, Sum: 109.0]
      [Code Root Scanning (ms): Min: 0.0, Avg: 0.0, Max: 0.0, Diff: 0.0, Sum: 0.0]
      [Object Copy (ms): Min: 141.9, Avg: 142.0, Max: 142.0, Diff: 0.1, Sum: 1135.7]
      [Termination (ms): Min: 0.0, Avg: 0.1, Max: 0.1, Diff: 0.1, Sum: 0.6]
         [Termination Attempts: Min: 1, Avg: 244.4, Max: 312, Diff: 311, Sum: 1955]
      [GC Worker Other (ms): Min: 0.0, Avg: 0.0, Max: 0.1, Diff: 0.1, Sum: 0.3]
      [GC Worker Total (ms): Min: 177.3, Avg: 177.4, Max: 177.5, Diff: 0.3, Sum: 1418.9]
      [GC Worker End (ms): Min: 60489.0, Avg: 60489.0, Max: 60489.0, Diff: 0.1]
   [Code Root Fixup: 0.0 ms]
   [Code Root Purge: 0.0 ms]
   [Clear CT: 0.2 ms]
   [Other: 1.1 ms]
      [Choose CSet: 0.0 ms]
      [Ref Proc: 0.2 ms]
      [Ref Enq: 0.0 ms]
      [Redirty Cards: 0.4 ms]
      [Humongous Register: 0.1 ms]
      [Humongous Reclaim: 0.0 ms]
      [Free CSet: 0.2 ms]
   [Eden: 171.0M(171.0M)->0.0B(172.0M) Survivors: 25.0M->25.0M Heap: 838.8M(2048.0M)->841.3M(2048.0M)]
 [Times: user=1.34 sys=0.00, real=0.18 secs] 
2020-09-29T12:24:54.382+0200: 60.669: [GC pause (G1 Evacuation Pause) (young), 0.1850918 secs]
   [Parallel Time: 183.4 ms, GC Workers: 8]
      [GC Worker Start (ms): Min: 60669.5, Avg: 60669.6, Max: 60669.7, Diff: 0.2]
      [Ext Root Scanning (ms): Min: 0.0, Avg: 0.1, Max: 0.2, Diff: 0.2, Sum: 0.8]
      [Update RS (ms): Min: 19.6, Avg: 19.9, Max: 20.7, Diff: 1.1, Sum: 159.4]
         [Processed Buffers: Min: 11, Avg: 14.1, Max: 18, Diff: 7, Sum: 113]
      [Scan RS (ms): Min: 13.6, Avg: 14.5, Max: 14.9, Diff: 1.2, Sum: 115.9]
      [Code Root Scanning (ms): Min: 0.0, Avg: 0.0, Max: 0.0, Diff: 0.0, Sum: 0.0]
      [Object Copy (ms): Min: 148.3, Avg: 148.4, Max: 148.5, Diff: 0.2, Sum: 1187.2]
      [Termination (ms): Min: 0.0, Avg: 0.2, Max: 0.2, Diff: 0.2, Sum: 1.4]
         [Termination Attempts: Min: 1, Avg: 663.4, Max: 888, Diff: 887, Sum: 5307]
      [GC Worker Other (ms): Min: 0.0, Avg: 0.1, Max: 0.1, Diff: 0.1, Sum: 0.4]
      [GC Worker Total (ms): Min: 183.0, Avg: 183.1, Max: 183.2, Diff: 0.2, Sum: 1465.1]
      [GC Worker End (ms): Min: 60852.7, Avg: 60852.7, Max: 60852.8, Diff: 0.1]
   [Code Root Fixup: 0.0 ms]
   [Code Root Purge: 0.0 ms]
   [Clear CT: 0.3 ms]
   [Other: 1.3 ms]
      [Choose CSet: 0.0 ms]
      [Ref Proc: 0.4 ms]
      [Ref Enq: 0.0 ms]
      [Redirty Cards: 0.4 ms]
      [Humongous Register: 0.1 ms]
      [Humongous Reclaim: 0.0 ms]
      [Free CSet: 0.3 ms]
   [Eden: 172.0M(172.0M)->0.0B(170.0M) Survivors: 25.0M->25.0M Heap: 1041.9M(2048.0M)->1043.4M(2048.0M)]
 [Times: user=1.39 sys=0.01, real=0.19 secs] 
2020-09-29T12:24:54.592+0200: 60.879: [GC pause (G1 Humongous Allocation) (young) (initial-mark), 0.0558184 secs]
   [Parallel Time: 54.3 ms, GC Workers: 8]
      [GC Worker Start (ms): Min: 60879.0, Avg: 60879.1, Max: 60879.2, Diff: 0.3]
      [Ext Root Scanning (ms): Min: 0.0, Avg: 0.6, Max: 3.4, Diff: 3.4, Sum: 4.9]
      [Update RS (ms): Min: 20.9, Avg: 23.8, Max: 24.8, Diff: 3.8, Sum: 190.7]
         [Processed Buffers: Min: 16, Avg: 16.6, Max: 17, Diff: 1, Sum: 133]
      [Scan RS (ms): Min: 2.2, Avg: 2.7, Max: 3.3, Diff: 1.1, Sum: 21.7]
      [Code Root Scanning (ms): Min: 0.0, Avg: 0.0, Max: 0.0, Diff: 0.0, Sum: 0.0]
      [Object Copy (ms): Min: 26.7, Avg: 26.8, Max: 26.9, Diff: 0.2, Sum: 214.3]
      [Termination (ms): Min: 0.0, Avg: 0.0, Max: 0.0, Diff: 0.0, Sum: 0.1]
         [Termination Attempts: Min: 1, Avg: 20.6, Max: 31, Diff: 30, Sum: 165]
      [GC Worker Other (ms): Min: 0.0, Avg: 0.0, Max: 0.1, Diff: 0.0, Sum: 0.2]
      [GC Worker Total (ms): Min: 53.8, Avg: 54.0, Max: 54.1, Diff: 0.3, Sum: 431.9]
      [GC Worker End (ms): Min: 60933.1, Avg: 60933.1, Max: 60933.1, Diff: 0.0]
   [Code Root Fixup: 0.0 ms]
   [Code Root Purge: 0.0 ms]
   [Clear CT: 0.3 ms]
   [Other: 1.2 ms]
      [Choose CSet: 0.0 ms]
      [Ref Proc: 0.4 ms]
      [Ref Enq: 0.0 ms]
      [Redirty Cards: 0.3 ms]
      [Humongous Register: 0.1 ms]
      [Humongous Reclaim: 0.0 ms]
      [Free CSet: 0.1 ms]
   [Eden: 10.0M(170.0M)->0.0B(192.0M) Survivors: 25.0M->12.0M Heap: 1052.9M(2048.0M)->1057.4M(2048.0M)]
 [Times: user=0.47 sys=0.00, real=0.06 secs] 
2020-09-29T12:24:54.648+0200: 60.935: [GC concurrent-root-region-scan-start]
2020-09-29T12:24:54.654+0200: 60.941: [GC concurrent-root-region-scan-end, 0.0059148 secs]
2020-09-29T12:24:54.654+0200: 60.941: [GC concurrent-mark-start]
2020-09-29T12:24:54.659+0200: 60.946: [GC concurrent-mark-end, 0.0054885 secs]
2020-09-29T12:24:54.660+0200: 60.947: [GC remark 2020-09-29T12:24:54.660+0200: 60.947: [Finalize Marking, 0.0004018 secs] 2020-09-29T12:24:54.660+0200: 60.947: [GC ref-proc, 0.0006646 secs] 2020-09-29T12:24:54.661+0200: 60.948: [Unloading, 0.0009287 secs], 0.0025921 secs]
 [Times: user=0.02 sys=0.00, real=0.00 secs] 
2020-09-29T12:24:54.663+0200: 60.950: [GC cleanup 1068M->37M(2048M), 0.0030520 secs]
 [Times: user=0.00 sys=0.00, real=0.00 secs] 
2020-09-29T12:24:54.666+0200: 60.953: [GC concurrent-cleanup-start]
2020-09-29T12:24:54.669+0200: 60.956: [GC concurrent-cleanup-end, 0.0026354 secs]
2020-09-29T12:24:54.841+0200: 61.127: [GC pause (G1 Evacuation Pause) (young), 0.1913094 secs]
   [Parallel Time: 189.5 ms, GC Workers: 8]
      [GC Worker Start (ms): Min: 61127.6, Avg: 61127.8, Max: 61127.9, Diff: 0.3]
      [Ext Root Scanning (ms): Min: 0.0, Avg: 0.1, Max: 0.2, Diff: 0.2, Sum: 0.8]
      [Update RS (ms): Min: 18.9, Avg: 19.3, Max: 19.7, Diff: 0.7, Sum: 154.1]
         [Processed Buffers: Min: 12, Avg: 12.9, Max: 14, Diff: 2, Sum: 103]
      [Scan RS (ms): Min: 13.5, Avg: 13.8, Max: 14.2, Diff: 0.8, Sum: 110.7]
      [Code Root Scanning (ms): Min: 0.0, Avg: 0.0, Max: 0.0, Diff: 0.0, Sum: 0.0]
      [Object Copy (ms): Min: 155.4, Avg: 155.6, Max: 156.0, Diff: 0.5, Sum: 1245.0]
      [Termination (ms): Min: 0.0, Avg: 0.3, Max: 0.4, Diff: 0.4, Sum: 2.2]
         [Termination Attempts: Min: 1, Avg: 961.3, Max: 1231, Diff: 1230, Sum: 7690]
      [GC Worker Other (ms): Min: 0.0, Avg: 0.0, Max: 0.1, Diff: 0.0, Sum: 0.3]
      [GC Worker Total (ms): Min: 189.0, Avg: 189.1, Max: 189.3, Diff: 0.3, Sum: 1513.1]
      [GC Worker End (ms): Min: 61316.9, Avg: 61316.9, Max: 61316.9, Diff: 0.0]
   [Code Root Fixup: 0.0 ms]
   [Code Root Purge: 0.0 ms]
   [Clear CT: 0.4 ms]
   [Other: 1.3 ms]
      [Choose CSet: 0.0 ms]
      [Ref Proc: 0.3 ms]
      [Ref Enq: 0.0 ms]
      [Redirty Cards: 0.4 ms]
      [Humongous Register: 0.0 ms]
      [Humongous Reclaim: 0.0 ms]
      [Free CSet: 0.3 ms]
   [Eden: 192.0M(192.0M)->0.0B(172.0M) Survivors: 12.0M->26.0M Heap: 250.9M(2048.0M)->241.4M(2048.0M)]
 [Times: user=1.45 sys=0.00, real=0.19 secs] 
2020-09-29T12:24:55.322+0200: 61.609: [GC pause (G1 Evacuation Pause) (young), 0.3742781 secs]
   [Parallel Time: 370.3 ms, GC Workers: 8]
      [GC Worker Start (ms): Min: 61608.9, Avg: 61609.1, Max: 61609.3, Diff: 0.4]
      [Ext Root Scanning (ms): Min: 0.0, Avg: 0.2, Max: 0.4, Diff: 0.4, Sum: 1.5]
      [Update RS (ms): Min: 37.6, Avg: 40.3, Max: 53.3, Diff: 15.7, Sum: 322.1]
         [Processed Buffers: Min: 5, Avg: 12.8, Max: 17, Diff: 12, Sum: 102]
      [Scan RS (ms): Min: 16.0, Avg: 29.4, Max: 34.6, Diff: 18.6, Sum: 235.1]
      [Code Root Scanning (ms): Min: 0.0, Avg: 0.0, Max: 0.0, Diff: 0.0, Sum: 0.1]
      [Object Copy (ms): Min: 297.0, Avg: 299.7, Max: 300.3, Diff: 3.3, Sum: 2397.5]
      [Termination (ms): Min: 0.1, Avg: 0.3, Max: 0.3, Diff: 0.2, Sum: 2.0]
         [Termination Attempts: Min: 1, Avg: 325.8, Max: 415, Diff: 414, Sum: 2606]
      [GC Worker Other (ms): Min: 0.0, Avg: 0.0, Max: 0.0, Diff: 0.0, Sum: 0.3]
      [GC Worker Total (ms): Min: 369.5, Avg: 369.8, Max: 370.0, Diff: 0.5, Sum: 2958.5]
      [GC Worker End (ms): Min: 61978.8, Avg: 61978.9, Max: 61978.9, Diff: 0.1]
   [Code Root Fixup: 0.0 ms]
   [Code Root Purge: 0.0 ms]
   [Clear CT: 0.6 ms]
   [Other: 3.3 ms]
      [Choose CSet: 0.0 ms]
      [Ref Proc: 0.5 ms]
      [Ref Enq: 0.0 ms]
      [Redirty Cards: 1.9 ms]
      [Humongous Register: 0.1 ms]
      [Humongous Reclaim: 0.0 ms]
      [Free CSet: 0.4 ms]
   [Eden: 172.0M(172.0M)->0.0B(84.0M) Survivors: 26.0M->25.0M Heap: 442.0M(2048.0M)->444.0M(2048.0M)]
 [Times: user=2.78 sys=0.00, real=0.38 secs] 
2020-09-29T12:24:55.877+0200: 62.163: [GC pause (G1 Evacuation Pause) (young), 0.1691798 secs]
   [Parallel Time: 166.6 ms, GC Workers: 8]
      [GC Worker Start (ms): Min: 62163.6, Avg: 62163.8, Max: 62164.0, Diff: 0.4]
      [Ext Root Scanning (ms): Min: 0.0, Avg: 0.2, Max: 0.4, Diff: 0.4, Sum: 1.5]
      [Update RS (ms): Min: 24.5, Avg: 24.7, Max: 25.2, Diff: 0.7, Sum: 197.9]
         [Processed Buffers: Min: 10, Avg: 11.4, Max: 14, Diff: 4, Sum: 91]
      [Scan RS (ms): Min: 9.9, Avg: 10.3, Max: 10.5, Diff: 0.7, Sum: 82.6]
      [Code Root Scanning (ms): Min: 0.0, Avg: 0.0, Max: 0.0, Diff: 0.0, Sum: 0.0]
      [Object Copy (ms): Min: 130.5, Avg: 130.6, Max: 130.7, Diff: 0.2, Sum: 1044.9]
      [Termination (ms): Min: 0.0, Avg: 0.1, Max: 0.1, Diff: 0.1, Sum: 0.5]
         [Termination Attempts: Min: 1, Avg: 128.9, Max: 171, Diff: 170, Sum: 1031]
      [GC Worker Other (ms): Min: 0.0, Avg: 0.1, Max: 0.2, Diff: 0.1, Sum: 0.6]
      [GC Worker Total (ms): Min: 165.8, Avg: 166.0, Max: 166.2, Diff: 0.4, Sum: 1328.0]
      [GC Worker End (ms): Min: 62329.7, Avg: 62329.8, Max: 62329.9, Diff: 0.1]
   [Code Root Fixup: 0.0 ms]
   [Code Root Purge: 0.0 ms]
   [Clear CT: 0.7 ms]
   [Other: 1.9 ms]
      [Choose CSet: 0.0 ms]
      [Ref Proc: 0.5 ms]
      [Ref Enq: 0.0 ms]
      [Redirty Cards: 0.7 ms]
      [Humongous Register: 0.1 ms]
      [Humongous Reclaim: 0.0 ms]
      [Free CSet: 0.2 ms]
   [Eden: 84.0M(84.0M)->0.0B(93.0M) Survivors: 25.0M->14.0M Heap: 543.3M(2048.0M)->545.3M(2048.0M)]
 [Times: user=1.38 sys=0.00, real=0.17 secs] 
2020-09-29T12:24:56.193+0200: 62.479: [GC pause (G1 Evacuation Pause) (young), 0.1610937 secs]
   [Parallel Time: 158.6 ms, GC Workers: 8]
      [GC Worker Start (ms): Min: 62479.5, Avg: 62479.8, Max: 62480.0, Diff: 0.4]
      [Ext Root Scanning (ms): Min: 0.0, Avg: 0.2, Max: 0.4, Diff: 0.4, Sum: 1.4]
      [Update RS (ms): Min: 20.3, Avg: 20.7, Max: 21.8, Diff: 1.5, Sum: 165.5]
         [Processed Buffers: Min: 8, Avg: 9.5, Max: 11, Diff: 3, Sum: 76]
      [Scan RS (ms): Min: 10.9, Avg: 11.8, Max: 12.3, Diff: 1.4, Sum: 94.4]
      [Code Root Scanning (ms): Min: 0.0, Avg: 0.0, Max: 0.0, Diff: 0.0, Sum: 0.0]
      [Object Copy (ms): Min: 125.1, Avg: 125.3, Max: 125.4, Diff: 0.3, Sum: 1002.2]
      [Termination (ms): Min: 0.0, Avg: 0.0, Max: 0.0, Diff: 0.0, Sum: 0.0]
         [Termination Attempts: Min: 1, Avg: 3.0, Max: 6, Diff: 5, Sum: 24]
      [GC Worker Other (ms): Min: 0.0, Avg: 0.1, Max: 0.1, Diff: 0.1, Sum: 0.4]
      [GC Worker Total (ms): Min: 157.9, Avg: 158.0, Max: 158.2, Diff: 0.4, Sum: 1264.0]
      [GC Worker End (ms): Min: 62637.8, Avg: 62637.8, Max: 62637.8, Diff: 0.1]
   [Code Root Fixup: 0.0 ms]
   [Code Root Purge: 0.0 ms]
   [Clear CT: 0.5 ms]
   [Other: 2.0 ms]
      [Choose CSet: 0.0 ms]
      [Ref Proc: 0.6 ms]
      [Ref Enq: 0.0 ms]
      [Redirty Cards: 0.6 ms]
      [Humongous Register: 0.1 ms]
      [Humongous Reclaim: 0.0 ms]
      [Free CSet: 0.3 ms]
   [Eden: 93.0M(93.0M)->0.0B(96.0M) Survivors: 14.0M->14.0M Heap: 653.6M(2048.0M)->655.6M(2048.0M)]
 [Times: user=1.25 sys=0.00, real=0.16 secs] 
2020-09-29T12:24:56.507+0200: 62.793: [GC pause (G1 Evacuation Pause) (young), 0.2048710 secs]
   [Parallel Time: 202.5 ms, GC Workers: 8]
      [GC Worker Start (ms): Min: 62793.2, Avg: 62793.5, Max: 62793.6, Diff: 0.4]
      [Ext Root Scanning (ms): Min: 0.0, Avg: 0.2, Max: 0.4, Diff: 0.4, Sum: 1.4]
      [Update RS (ms): Min: 18.3, Avg: 19.6, Max: 24.1, Diff: 5.8, Sum: 157.0]
         [Processed Buffers: Min: 7, Avg: 8.4, Max: 10, Diff: 3, Sum: 67]
      [Scan RS (ms): Min: 8.1, Avg: 12.5, Max: 14.0, Diff: 5.9, Sum: 100.0]
      [Code Root Scanning (ms): Min: 0.0, Avg: 0.0, Max: 0.0, Diff: 0.0, Sum: 0.0]
      [Object Copy (ms): Min: 168.5, Avg: 168.7, Max: 169.5, Diff: 1.1, Sum: 1349.9]
      [Termination (ms): Min: 0.0, Avg: 0.8, Max: 1.0, Diff: 1.0, Sum: 6.4]
         [Termination Attempts: Min: 1, Avg: 1698.4, Max: 2022, Diff: 2021, Sum: 13587]
      [GC Worker Other (ms): Min: 0.0, Avg: 0.1, Max: 0.1, Diff: 0.1, Sum: 0.4]
      [GC Worker Total (ms): Min: 201.7, Avg: 201.9, Max: 202.1, Diff: 0.4, Sum: 1615.1]
      [GC Worker End (ms): Min: 62995.3, Avg: 62995.4, Max: 62995.4, Diff: 0.0]
   [Code Root Fixup: 0.0 ms]
   [Code Root Purge: 0.0 ms]
   [Clear CT: 0.5 ms]
   [Other: 1.9 ms]
      [Choose CSet: 0.0 ms]
      [Ref Proc: 0.6 ms]
      [Ref Enq: 0.0 ms]
      [Redirty Cards: 0.5 ms]
      [Humongous Register: 0.1 ms]
      [Humongous Reclaim: 0.0 ms]
      [Free CSet: 0.2 ms]
   [Eden: 96.0M(96.0M)->0.0B(88.0M) Survivors: 14.0M->14.0M Heap: 766.8M(2048.0M)->768.8M(2048.0M)]
 [Times: user=1.55 sys=0.03, real=0.20 secs] 
2020-09-29T12:24:56.868+0200: 63.155: [GC pause (G1 Evacuation Pause) (young), 0.1613791 secs]
   [Parallel Time: 158.9 ms, GC Workers: 8]
      [GC Worker Start (ms): Min: 63155.5, Avg: 63155.7, Max: 63155.9, Diff: 0.4]
      [Ext Root Scanning (ms): Min: 0.0, Avg: 0.2, Max: 0.4, Diff: 0.4, Sum: 1.4]
      [Update RS (ms): Min: 22.3, Avg: 22.7, Max: 23.2, Diff: 0.8, Sum: 181.2]
         [Processed Buffers: Min: 8, Avg: 9.6, Max: 11, Diff: 3, Sum: 77]
      [Scan RS (ms): Min: 14.6, Avg: 15.2, Max: 15.8, Diff: 1.2, Sum: 121.4]
      [Code Root Scanning (ms): Min: 0.0, Avg: 0.0, Max: 0.0, Diff: 0.0, Sum: 0.0]
      [Object Copy (ms): Min: 119.9, Avg: 120.2, Max: 120.4, Diff: 0.6, Sum: 961.6]
      [Termination (ms): Min: 0.0, Avg: 0.0, Max: 0.0, Diff: 0.0, Sum: 0.2]
         [Termination Attempts: Min: 1, Avg: 37.9, Max: 52, Diff: 51, Sum: 303]
      [GC Worker Other (ms): Min: 0.0, Avg: 0.1, Max: 0.2, Diff: 0.1, Sum: 0.7]
      [GC Worker Total (ms): Min: 158.1, Avg: 158.3, Max: 158.5, Diff: 0.4, Sum: 1266.4]
      [GC Worker End (ms): Min: 63314.0, Avg: 63314.0, Max: 63314.1, Diff: 0.1]
   [Code Root Fixup: 0.0 ms]
   [Code Root Purge: 0.0 ms]
   [Clear CT: 0.6 ms]
   [Other: 2.0 ms]
      [Choose CSet: 0.0 ms]
      [Ref Proc: 0.6 ms]
      [Ref Enq: 0.0 ms]
      [Redirty Cards: 0.6 ms]
      [Humongous Register: 0.1 ms]
      [Humongous Reclaim: 0.0 ms]
      [Free CSet: 0.3 ms]
   [Eden: 88.0M(88.0M)->0.0B(89.0M) Survivors: 14.0M->13.0M Heap: 872.1M(2048.0M)->873.6M(2048.0M)]
 [Times: user=1.22 sys=0.03, real=0.16 secs] 
2020-09-29T12:24:57.172+0200: 63.459: [GC pause (G1 Evacuation Pause) (young), 0.1589910 secs]
   [Parallel Time: 155.3 ms, GC Workers: 8]
      [GC Worker Start (ms): Min: 63458.8, Avg: 63458.9, Max: 63459.2, Diff: 0.4]
      [Ext Root Scanning (ms): Min: 0.0, Avg: 0.2, Max: 0.4, Diff: 0.4, Sum: 1.5]
      [Update RS (ms): Min: 22.6, Avg: 23.0, Max: 24.4, Diff: 1.8, Sum: 183.9]
         [Processed Buffers: Min: 9, Avg: 10.8, Max: 13, Diff: 4, Sum: 86]
      [Scan RS (ms): Min: 8.5, Avg: 9.9, Max: 10.3, Diff: 1.8, Sum: 78.9]
      [Code Root Scanning (ms): Min: 0.0, Avg: 0.0, Max: 0.0, Diff: 0.0, Sum: 0.0]
      [Object Copy (ms): Min: 121.5, Avg: 121.6, Max: 121.7, Diff: 0.2, Sum: 972.5]
      [Termination (ms): Min: 0.0, Avg: 0.1, Max: 0.1, Diff: 0.1, Sum: 0.8]
         [Termination Attempts: Min: 1, Avg: 195.3, Max: 245, Diff: 244, Sum: 1562]
      [GC Worker Other (ms): Min: 0.0, Avg: 0.0, Max: 0.1, Diff: 0.1, Sum: 0.4]
      [GC Worker Total (ms): Min: 154.6, Avg: 154.8, Max: 154.9, Diff: 0.4, Sum: 1238.1]
      [GC Worker End (ms): Min: 63613.7, Avg: 63613.7, Max: 63613.8, Diff: 0.1]
   [Code Root Fixup: 0.0 ms]
   [Code Root Purge: 0.0 ms]
   [Clear CT: 0.5 ms]
   [Other: 3.1 ms]
      [Choose CSet: 0.0 ms]
      [Ref Proc: 0.6 ms]
      [Ref Enq: 0.0 ms]
      [Redirty Cards: 1.9 ms]
      [Humongous Register: 0.1 ms]
      [Humongous Reclaim: 0.0 ms]
      [Free CSet: 0.3 ms]
   [Eden: 89.0M(89.0M)->0.0B(93.0M) Survivors: 13.0M->13.0M Heap: 977.8M(2048.0M)->979.8M(2048.0M)]
 [Times: user=1.25 sys=0.00, real=0.16 secs] 
2020-09-29T12:24:57.367+0200: 63.654: [GC pause (G1 Humongous Allocation) (young) (initial-mark), 0.0589520 secs]
   [Parallel Time: 56.5 ms, GC Workers: 8]
      [GC Worker Start (ms): Min: 63654.0, Avg: 63654.1, Max: 63654.2, Diff: 0.2]
      [Ext Root Scanning (ms): Min: 0.1, Avg: 0.2, Max: 0.4, Diff: 0.2, Sum: 1.9]
      [Update RS (ms): Min: 18.7, Avg: 19.6, Max: 22.3, Diff: 3.6, Sum: 156.5]
         [Processed Buffers: Min: 8, Avg: 8.4, Max: 9, Diff: 1, Sum: 67]
      [Scan RS (ms): Min: 0.0, Avg: 2.3, Max: 3.3, Diff: 3.3, Sum: 18.8]
      [Code Root Scanning (ms): Min: 0.0, Avg: 0.0, Max: 0.0, Diff: 0.0, Sum: 0.0]
      [Object Copy (ms): Min: 33.3, Avg: 33.7, Max: 33.8, Diff: 0.5, Sum: 269.4]
      [Termination (ms): Min: 0.0, Avg: 0.1, Max: 0.2, Diff: 0.2, Sum: 0.9]
         [Termination Attempts: Min: 1, Avg: 204.4, Max: 272, Diff: 271, Sum: 1635]
      [GC Worker Other (ms): Min: 0.0, Avg: 0.0, Max: 0.1, Diff: 0.0, Sum: 0.3]
      [GC Worker Total (ms): Min: 55.8, Avg: 56.0, Max: 56.1, Diff: 0.2, Sum: 447.7]
      [GC Worker End (ms): Min: 63710.0, Avg: 63710.0, Max: 63710.1, Diff: 0.0]
   [Code Root Fixup: 0.0 ms]
   [Code Root Purge: 0.0 ms]
   [Clear CT: 0.5 ms]
   [Other: 1.9 ms]
      [Choose CSet: 0.0 ms]
      [Ref Proc: 0.6 ms]
      [Ref Enq: 0.0 ms]
      [Redirty Cards: 0.6 ms]
      [Humongous Register: 0.1 ms]
      [Humongous Reclaim: 0.0 ms]
      [Free CSet: 0.1 ms]
   [Eden: 11.0M(93.0M)->0.0B(100.0M) Survivors: 13.0M->12.0M Heap: 990.3M(2048.0M)->993.3M(2048.0M)]
 [Times: user=0.38 sys=0.00, real=0.06 secs] 
2020-09-29T12:24:57.426+0200: 63.713: [GC concurrent-root-region-scan-start]
2020-09-29T12:24:57.432+0200: 63.720: [GC concurrent-root-region-scan-end, 0.0065163 secs]
2020-09-29T12:24:57.432+0200: 63.720: [GC concurrent-mark-start]
2020-09-29T12:24:57.439+0200: 63.726: [GC concurrent-mark-end, 0.0062946 secs]
2020-09-29T12:24:57.439+0200: 63.726: [GC remark 2020-09-29T12:24:57.439+0200: 63.726: [Finalize Marking, 0.0005683 secs] 2020-09-29T12:24:57.440+0200: 63.727: [GC ref-proc, 0.0008161 secs] 2020-09-29T12:24:57.441+0200: 63.728: [Unloading, 0.0011676 secs], 0.0033955 secs]
 [Times: user=0.13 sys=0.00, real=0.00 secs] 
2020-09-29T12:24:57.444+0200: 63.731: [GC cleanup 1003M->36M(2048M), 0.0035458 secs]
 [Times: user=0.00 sys=0.00, real=0.00 secs] 
2020-09-29T12:24:57.447+0200: 63.734: [GC concurrent-cleanup-start]
2020-09-29T12:24:57.450+0200: 63.737: [GC concurrent-cleanup-end, 0.0028145 secs]
2020-09-29T12:24:57.592+0200: 63.878: [GC pause (G1 Evacuation Pause) (young), 0.1530695 secs]
   [Parallel Time: 150.6 ms, GC Workers: 8]
      [GC Worker Start (ms): Min: 63878.2, Avg: 63878.4, Max: 63878.6, Diff: 0.4]
      [Ext Root Scanning (ms): Min: 0.0, Avg: 0.2, Max: 0.4, Diff: 0.4, Sum: 1.4]
      [Update RS (ms): Min: 16.5, Avg: 17.4, Max: 18.4, Diff: 1.9, Sum: 139.0]
         [Processed Buffers: Min: 7, Avg: 7.6, Max: 11, Diff: 4, Sum: 61]
      [Scan RS (ms): Min: 10.2, Avg: 11.2, Max: 11.9, Diff: 1.8, Sum: 89.6]
      [Code Root Scanning (ms): Min: 0.0, Avg: 0.0, Max: 0.0, Diff: 0.0, Sum: 0.0]
      [Object Copy (ms): Min: 121.0, Avg: 121.1, Max: 121.2, Diff: 0.3, Sum: 969.0]
      [Termination (ms): Min: 0.0, Avg: 0.1, Max: 0.1, Diff: 0.1, Sum: 0.6]
         [Termination Attempts: Min: 1, Avg: 145.0, Max: 181, Diff: 180, Sum: 1160]
      [GC Worker Other (ms): Min: 0.0, Avg: 0.1, Max: 0.1, Diff: 0.1, Sum: 0.5]
      [GC Worker Total (ms): Min: 149.8, Avg: 150.0, Max: 150.2, Diff: 0.4, Sum: 1200.0]
      [GC Worker End (ms): Min: 64028.3, Avg: 64028.4, Max: 64028.4, Diff: 0.1]
   [Code Root Fixup: 0.0 ms]
   [Code Root Purge: 0.0 ms]
   [Clear CT: 0.6 ms]
   [Other: 1.8 ms]
      [Choose CSet: 0.0 ms]
      [Ref Proc: 0.4 ms]
      [Ref Enq: 0.0 ms]
      [Redirty Cards: 0.6 ms]
      [Humongous Register: 0.1 ms]
      [Humongous Reclaim: 0.0 ms]
      [Free CSet: 0.3 ms]
   [Eden: 100.0M(100.0M)->0.0B(103.0M) Survivors: 12.0M->14.0M Heap: 144.2M(2048.0M)->134.2M(2048.0M)]
 [Times: user=1.25 sys=0.00, real=0.15 secs] 
2020-09-29T12:24:57.923+0200: 64.209: [GC pause (G1 Evacuation Pause) (young), 0.1839595 secs]
   [Parallel Time: 181.0 ms, GC Workers: 8]
      [GC Worker Start (ms): Min: 64209.4, Avg: 64209.6, Max: 64209.8, Diff: 0.4]
      [Ext Root Scanning (ms): Min: 0.0, Avg: 0.2, Max: 0.4, Diff: 0.4, Sum: 1.6]
      [Update RS (ms): Min: 19.4, Avg: 20.0, Max: 20.9, Diff: 1.5, Sum: 159.6]
         [Processed Buffers: Min: 8, Avg: 8.5, Max: 10, Diff: 2, Sum: 68]
      [Scan RS (ms): Min: 14.2, Avg: 14.9, Max: 15.5, Diff: 1.2, Sum: 119.5]
      [Code Root Scanning (ms): Min: 0.0, Avg: 0.0, Max: 0.0, Diff: 0.0, Sum: 0.0]
      [Object Copy (ms): Min: 145.0, Avg: 145.3, Max: 145.6, Diff: 0.6, Sum: 1162.7]
      [Termination (ms): Min: 0.0, Avg: 0.1, Max: 0.2, Diff: 0.2, Sum: 1.0]
         [Termination Attempts: Min: 1, Avg: 256.1, Max: 349, Diff: 348, Sum: 2049]
      [GC Worker Other (ms): Min: 0.0, Avg: 0.1, Max: 0.1, Diff: 0.1, Sum: 0.6]
      [GC Worker Total (ms): Min: 180.5, Avg: 180.6, Max: 180.8, Diff: 0.4, Sum: 1445.0]
      [GC Worker End (ms): Min: 64390.2, Avg: 64390.3, Max: 64390.3, Diff: 0.1]
   [Code Root Fixup: 0.0 ms]
   [Code Root Purge: 0.0 ms]
   [Clear CT: 0.8 ms]
   [Other: 2.1 ms]
      [Choose CSet: 0.0 ms]
      [Ref Proc: 0.6 ms]
      [Ref Enq: 0.0 ms]
      [Redirty Cards: 0.7 ms]
      [Humongous Register: 0.1 ms]
      [Humongous Reclaim: 0.0 ms]
      [Free CSet: 0.3 ms]
   [Eden: 103.0M(103.0M)->0.0B(100.0M) Survivors: 14.0M->15.0M Heap: 254.3M(2048.0M)->256.3M(2048.0M)]
 [Times: user=1.47 sys=0.02, real=0.18 secs] 
2020-09-29T12:24:58.266+0200: 64.552: [GC pause (G1 Evacuation Pause) (young), 0.1846864 secs]
   [Parallel Time: 176.5 ms, GC Workers: 8]
      [GC Worker Start (ms): Min: 64552.6, Avg: 64552.8, Max: 64553.0, Diff: 0.4]
      [Ext Root Scanning (ms): Min: 0.0, Avg: 0.2, Max: 0.3, Diff: 0.3, Sum: 1.4]
      [Update RS (ms): Min: 20.3, Avg: 20.7, Max: 22.3, Diff: 2.1, Sum: 165.8]
         [Processed Buffers: Min: 8, Avg: 9.1, Max: 12, Diff: 4, Sum: 73]
      [Scan RS (ms): Min: 11.4, Avg: 13.1, Max: 13.6, Diff: 2.2, Sum: 105.0]
      [Code Root Scanning (ms): Min: 0.0, Avg: 0.0, Max: 0.0, Diff: 0.0, Sum: 0.0]
      [Object Copy (ms): Min: 141.6, Avg: 141.7, Max: 141.7, Diff: 0.1, Sum: 1133.4]
      [Termination (ms): Min: 0.0, Avg: 0.1, Max: 0.1, Diff: 0.1, Sum: 0.7]
         [Termination Attempts: Min: 1, Avg: 196.6, Max: 250, Diff: 249, Sum: 1573]
      [GC Worker Other (ms): Min: 0.0, Avg: 0.1, Max: 0.1, Diff: 0.1, Sum: 0.4]
      [GC Worker Total (ms): Min: 175.6, Avg: 175.8, Max: 176.0, Diff: 0.4, Sum: 1406.7]
      [GC Worker End (ms): Min: 64728.6, Avg: 64728.6, Max: 64728.7, Diff: 0.1]
   [Code Root Fixup: 0.0 ms]
   [Code Root Purge: 0.0 ms]
   [Clear CT: 3.0 ms]
   [Other: 5.2 ms]
      [Choose CSet: 0.0 ms]
      [Ref Proc: 2.1 ms]
      [Ref Enq: 0.0 ms]
      [Redirty Cards: 2.3 ms]
      [Humongous Register: 0.1 ms]
      [Humongous Reclaim: 0.0 ms]
      [Free CSet: 0.3 ms]
   [Eden: 100.0M(100.0M)->0.0B(98.0M) Survivors: 15.0M->15.0M Heap: 373.5M(2048.0M)->376.5M(2048.0M)]
 [Times: user=1.50 sys=0.00, real=0.18 secs] 
2020-09-29T12:24:58.624+0200: 64.911: [GC pause (G1 Evacuation Pause) (young), 0.2281344 secs]
   [Parallel Time: 225.2 ms, GC Workers: 8]
      [GC Worker Start (ms): Min: 64911.3, Avg: 64915.4, Max: 64943.5, Diff: 32.3]
      [Ext Root Scanning (ms): Min: 0.0, Avg: 0.2, Max: 0.4, Diff: 0.4, Sum: 1.8]
      [Update RS (ms): Min: 0.0, Avg: 23.8, Max: 28.3, Diff: 28.3, Sum: 190.4]
         [Processed Buffers: Min: 0, Avg: 10.9, Max: 15, Diff: 15, Sum: 87]
      [Scan RS (ms): Min: 9.3, Avg: 16.6, Max: 37.2, Diff: 27.9, Sum: 132.4]
      [Code Root Scanning (ms): Min: 0.0, Avg: 0.0, Max: 0.0, Diff: 0.0, Sum: 0.0]
      [Object Copy (ms): Min: 160.0, Avg: 179.8, Max: 182.9, Diff: 22.9, Sum: 1438.4]
      [Termination (ms): Min: 0.0, Avg: 0.3, Max: 0.3, Diff: 0.3, Sum: 2.2]
         [Termination Attempts: Min: 1, Avg: 545.6, Max: 660, Diff: 659, Sum: 4365]
      [GC Worker Other (ms): Min: 0.0, Avg: 0.1, Max: 0.1, Diff: 0.1, Sum: 0.4]
      [GC Worker Total (ms): Min: 192.5, Avg: 220.7, Max: 224.9, Diff: 32.3, Sum: 1765.7]
      [GC Worker End (ms): Min: 65136.1, Avg: 65136.1, Max: 65136.2, Diff: 0.1]
   [Code Root Fixup: 0.0 ms]
   [Code Root Purge: 0.0 ms]
   [Clear CT: 0.4 ms]
   [Other: 2.5 ms]
      [Choose CSet: 0.0 ms]
      [Ref Proc: 0.7 ms]
      [Ref Enq: 0.0 ms]
      [Redirty Cards: 0.9 ms]
      [Humongous Register: 0.1 ms]
      [Humongous Reclaim: 0.0 ms]
      [Free CSet: 0.3 ms]
   [Eden: 98.0M(98.0M)->0.0B(87.0M) Survivors: 15.0M->15.0M Heap: 491.7M(2048.0M)->494.2M(2048.0M)]
 [Times: user=1.73 sys=0.00, real=0.23 secs] 
2020-09-29T12:24:59.001+0200: 65.288: [GC pause (G1 Evacuation Pause) (young), 0.1528040 secs]
   [Parallel Time: 150.3 ms, GC Workers: 8]
      [GC Worker Start (ms): Min: 65288.2, Avg: 65288.4, Max: 65288.6, Diff: 0.4]
      [Ext Root Scanning (ms): Min: 0.0, Avg: 0.2, Max: 0.4, Diff: 0.4, Sum: 1.4]
      [Update RS (ms): Min: 16.0, Avg: 16.9, Max: 18.0, Diff: 2.1, Sum: 135.6]
         [Processed Buffers: Min: 7, Avg: 7.5, Max: 9, Diff: 2, Sum: 60]
      [Scan RS (ms): Min: 10.8, Avg: 11.9, Max: 13.0, Diff: 2.1, Sum: 95.4]
      [Code Root Scanning (ms): Min: 0.0, Avg: 0.0, Max: 0.0, Diff: 0.0, Sum: 0.0]
      [Object Copy (ms): Min: 120.3, Avg: 120.5, Max: 120.6, Diff: 0.3, Sum: 963.9]
      [Termination (ms): Min: 0.0, Avg: 0.1, Max: 0.1, Diff: 0.1, Sum: 0.5]
         [Termination Attempts: Min: 1, Avg: 127.4, Max: 179, Diff: 178, Sum: 1019]
      [GC Worker Other (ms): Min: 0.0, Avg: 0.0, Max: 0.1, Diff: 0.0, Sum: 0.4]
      [GC Worker Total (ms): Min: 149.5, Avg: 149.7, Max: 149.9, Diff: 0.4, Sum: 1197.2]
      [GC Worker End (ms): Min: 65438.1, Avg: 65438.1, Max: 65438.1, Diff: 0.0]
   [Code Root Fixup: 0.0 ms]
   [Code Root Purge: 0.0 ms]
   [Clear CT: 0.6 ms]
   [Other: 1.9 ms]
      [Choose CSet: 0.0 ms]
      [Ref Proc: 0.5 ms]
      [Ref Enq: 0.0 ms]
      [Redirty Cards: 0.7 ms]
      [Humongous Register: 0.1 ms]
      [Humongous Reclaim: 0.0 ms]
      [Free CSet: 0.2 ms]
   [Eden: 87.0M(87.0M)->0.0B(92.0M) Survivors: 15.0M->13.0M Heap: 594.5M(2048.0M)->596.0M(2048.0M)]
 [Times: user=1.25 sys=0.00, real=0.15 secs] 
2020-09-29T12:24:59.300+0200: 65.586: [GC pause (G1 Evacuation Pause) (young), 0.1643124 secs]
   [Parallel Time: 161.6 ms, GC Workers: 8]
      [GC Worker Start (ms): Min: 65586.1, Avg: 65586.4, Max: 65586.6, Diff: 0.4]
      [Ext Root Scanning (ms): Min: 0.0, Avg: 0.2, Max: 0.4, Diff: 0.4, Sum: 1.5]
      [Update RS (ms): Min: 21.1, Avg: 21.7, Max: 22.6, Diff: 1.5, Sum: 173.6]
         [Processed Buffers: Min: 8, Avg: 8.8, Max: 9, Diff: 1, Sum: 70]
      [Scan RS (ms): Min: 10.6, Avg: 11.6, Max: 12.5, Diff: 1.9, Sum: 92.5]
      [Code Root Scanning (ms): Min: 0.0, Avg: 0.0, Max: 0.0, Diff: 0.0, Sum: 0.0]
      [Object Copy (ms): Min: 126.0, Avg: 127.4, Max: 127.7, Diff: 1.7, Sum: 1019.0]
      [Termination (ms): Min: 0.0, Avg: 0.1, Max: 0.1, Diff: 0.1, Sum: 0.8]
         [Termination Attempts: Min: 1, Avg: 226.1, Max: 297, Diff: 296, Sum: 1809]
      [GC Worker Other (ms): Min: 0.0, Avg: 0.1, Max: 0.1, Diff: 0.1, Sum: 0.4]
      [GC Worker Total (ms): Min: 160.8, Avg: 161.0, Max: 161.2, Diff: 0.4, Sum: 1287.9]
      [GC Worker End (ms): Min: 65747.3, Avg: 65747.4, Max: 65747.4, Diff: 0.1]
   [Code Root Fixup: 0.0 ms]
   [Code Root Purge: 0.0 ms]
   [Clear CT: 0.5 ms]
   [Other: 2.1 ms]
      [Choose CSet: 0.0 ms]
      [Ref Proc: 0.5 ms]
      [Ref Enq: 0.0 ms]
      [Redirty Cards: 0.9 ms]
      [Humongous Register: 0.1 ms]
      [Humongous Reclaim: 0.0 ms]
      [Free CSet: 0.3 ms]
   [Eden: 92.0M(92.0M)->0.0B(96.0M) Survivors: 13.0M->14.0M Heap: 703.3M(2048.0M)->705.3M(2048.0M)]
 [Times: user=1.34 sys=0.00, real=0.16 secs] 
2020-09-29T12:24:59.636+0200: 65.922: [GC pause (G1 Evacuation Pause) (young), 0.2161300 secs]
   [Parallel Time: 213.7 ms, GC Workers: 8]
      [GC Worker Start (ms): Min: 65922.6, Avg: 65922.7, Max: 65922.9, Diff: 0.4]
      [Ext Root Scanning (ms): Min: 0.0, Avg: 4.2, Max: 31.9, Diff: 31.9, Sum: 33.4]
      [Update RS (ms): Min: 0.0, Avg: 18.6, Max: 23.0, Diff: 23.0, Sum: 148.8]
         [Processed Buffers: Min: 0, Avg: 8.0, Max: 12, Diff: 12, Sum: 64]
      [Scan RS (ms): Min: 6.4, Avg: 17.2, Max: 31.7, Diff: 25.4, Sum: 137.9]
      [Code Root Scanning (ms): Min: 0.0, Avg: 0.0, Max: 0.0, Diff: 0.0, Sum: 0.0]
      [Object Copy (ms): Min: 160.0, Avg: 172.9, Max: 175.0, Diff: 15.0, Sum: 1383.1]
      [Termination (ms): Min: 0.0, Avg: 0.1, Max: 0.2, Diff: 0.2, Sum: 1.2]
         [Termination Attempts: Min: 1, Avg: 303.9, Max: 358, Diff: 357, Sum: 2431]
      [GC Worker Other (ms): Min: 0.0, Avg: 0.2, Max: 0.9, Diff: 0.9, Sum: 1.4]
      [GC Worker Total (ms): Min: 213.0, Avg: 213.2, Max: 213.4, Diff: 0.4, Sum: 1705.9]
      [GC Worker End (ms): Min: 66135.9, Avg: 66136.0, Max: 66136.0, Diff: 0.1]
   [Code Root Fixup: 0.0 ms]
   [Code Root Purge: 0.0 ms]
   [Clear CT: 0.5 ms]
   [Other: 1.9 ms]
      [Choose CSet: 0.0 ms]
      [Ref Proc: 0.6 ms]
      [Ref Enq: 0.0 ms]
      [Redirty Cards: 0.5 ms]
      [Humongous Register: 0.1 ms]
      [Humongous Reclaim: 0.0 ms]
      [Free CSet: 0.3 ms]
   [Eden: 96.0M(96.0M)->0.0B(88.0M) Survivors: 14.0M->14.0M Heap: 818.4M(2048.0M)->820.4M(2048.0M)]
 [Times: user=1.64 sys=0.01, real=0.22 secs] 
2020-09-29T12:24:59.997+0200: 66.284: [GC pause (G1 Evacuation Pause) (young), 0.1536745 secs]
   [Parallel Time: 151.4 ms, GC Workers: 8]
      [GC Worker Start (ms): Min: 66284.3, Avg: 66284.5, Max: 66284.7, Diff: 0.4]
      [Ext Root Scanning (ms): Min: 0.0, Avg: 0.2, Max: 0.4, Diff: 0.4, Sum: 1.4]
      [Update RS (ms): Min: 17.5, Avg: 17.7, Max: 18.2, Diff: 0.6, Sum: 141.6]
         [Processed Buffers: Min: 7, Avg: 7.8, Max: 10, Diff: 3, Sum: 62]
      [Scan RS (ms): Min: 11.1, Avg: 11.5, Max: 11.9, Diff: 0.8, Sum: 92.2]
      [Code Root Scanning (ms): Min: 0.0, Avg: 0.0, Max: 0.0, Diff: 0.0, Sum: 0.0]
      [Object Copy (ms): Min: 121.0, Avg: 121.2, Max: 121.3, Diff: 0.3, Sum: 969.8]
      [Termination (ms): Min: 0.0, Avg: 0.0, Max: 0.0, Diff: 0.0, Sum: 0.1]
         [Termination Attempts: Min: 1, Avg: 16.4, Max: 24, Diff: 23, Sum: 131]
      [GC Worker Other (ms): Min: 0.0, Avg: 0.0, Max: 0.1, Diff: 0.1, Sum: 0.4]
      [GC Worker Total (ms): Min: 150.5, Avg: 150.7, Max: 150.9, Diff: 0.4, Sum: 1205.4]
      [GC Worker End (ms): Min: 66435.2, Avg: 66435.2, Max: 66435.3, Diff: 0.1]
   [Code Root Fixup: 0.0 ms]
   [Code Root Purge: 0.0 ms]
   [Clear CT: 0.7 ms]
   [Other: 1.6 ms]
      [Choose CSet: 0.0 ms]
      [Ref Proc: 0.6 ms]
      [Ref Enq: 0.0 ms]
      [Redirty Cards: 0.4 ms]
      [Humongous Register: 0.1 ms]
      [Humongous Reclaim: 0.0 ms]
      [Free CSet: 0.2 ms]
   [Eden: 88.0M(88.0M)->0.0B(93.0M) Survivors: 14.0M->13.0M Heap: 921.8M(2048.0M)->923.8M(2048.0M)]
 [Times: user=1.23 sys=0.00, real=0.15 secs] 
2020-09-29T12:25:00.173+0200: 66.460: [GC pause (G1 Humongous Allocation) (young) (initial-mark), 0.0329845 secs]
   [Parallel Time: 32.1 ms, GC Workers: 8]
      [GC Worker Start (ms): Min: 66460.4, Avg: 66460.5, Max: 66460.6, Diff: 0.2]
      [Ext Root Scanning (ms): Min: 0.0, Avg: 0.1, Max: 0.2, Diff: 0.2, Sum: 0.7]
      [Update RS (ms): Min: 7.6, Avg: 7.8, Max: 8.1, Diff: 0.5, Sum: 62.2]
         [Processed Buffers: Min: 8, Avg: 8.6, Max: 9, Diff: 1, Sum: 69]
      [Scan RS (ms): Min: 0.6, Avg: 0.9, Max: 1.1, Diff: 0.5, Sum: 7.1]
      [Code Root Scanning (ms): Min: 0.0, Avg: 0.0, Max: 0.0, Diff: 0.0, Sum: 0.0]
      [Object Copy (ms): Min: 22.9, Avg: 23.0, Max: 23.1, Diff: 0.2, Sum: 184.0]
      [Termination (ms): Min: 0.0, Avg: 0.1, Max: 0.2, Diff: 0.2, Sum: 1.1]
         [Termination Attempts: Min: 1, Avg: 206.6, Max: 272, Diff: 271, Sum: 1653]
      [GC Worker Other (ms): Min: 0.0, Avg: 0.0, Max: 0.0, Diff: 0.0, Sum: 0.1]
      [GC Worker Total (ms): Min: 31.9, Avg: 31.9, Max: 32.0, Diff: 0.2, Sum: 255.3]
      [GC Worker End (ms): Min: 66492.4, Avg: 66492.4, Max: 66492.4, Diff: 0.0]
   [Code Root Fixup: 0.0 ms]
   [Code Root Purge: 0.0 ms]
   [Clear CT: 0.2 ms]
   [Other: 0.7 ms]
      [Choose CSet: 0.0 ms]
      [Ref Proc: 0.1 ms]
      [Ref Enq: 0.0 ms]
      [Redirty Cards: 0.2 ms]
      [Humongous Register: 0.0 ms]
      [Humongous Reclaim: 0.0 ms]
      [Free CSet: 0.1 ms]
   [Eden: 26.0M(93.0M)->0.0B(112.0M) Survivors: 13.0M->14.0M Heap: 953.6M(2048.0M)->955.6M(2048.0M)]
 [Times: user=0.22 sys=0.02, real=0.03 secs] 
2020-09-29T12:25:00.208+0200: 66.494: [GC concurrent-root-region-scan-start]
2020-09-29T12:25:00.210+0200: 66.497: [GC concurrent-root-region-scan-end, 0.0026078 secs]
2020-09-29T12:25:00.210+0200: 66.497: [GC concurrent-mark-start]
2020-09-29T12:25:00.213+0200: 66.500: [GC concurrent-mark-end, 0.0025842 secs]
2020-09-29T12:25:00.213+0200: 66.500: [GC remark 2020-09-29T12:25:00.213+0200: 66.500: [Finalize Marking, 0.0002318 secs] 2020-09-29T12:25:00.213+0200: 66.500: [GC ref-proc, 0.0003172 secs] 2020-09-29T12:25:00.214+0200: 66.501: [Unloading, 0.0006273 secs], 0.0015103 secs]
 [Times: user=0.00 sys=0.00, real=0.00 secs] 
2020-09-29T12:25:00.215+0200: 66.502: [GC cleanup 968M->41M(2048M), 0.0017268 secs]
 [Times: user=0.00 sys=0.00, real=0.00 secs] 
2020-09-29T12:25:00.217+0200: 66.504: [GC concurrent-cleanup-start]
2020-09-29T12:25:00.218+0200: 66.505: [GC concurrent-cleanup-end, 0.0013070 secs]
2020-09-29T12:25:00.275+0200: 66.562: [GC pause (G1 Evacuation Pause) (young), 0.0628949 secs]
   [Parallel Time: 61.9 ms, GC Workers: 8]
      [GC Worker Start (ms): Min: 66562.0, Avg: 66562.1, Max: 66562.2, Diff: 0.2]
      [Ext Root Scanning (ms): Min: 0.0, Avg: 0.1, Max: 0.2, Diff: 0.2, Sum: 0.5]
      [Update RS (ms): Min: 8.2, Avg: 8.5, Max: 8.9, Diff: 0.7, Sum: 67.8]
         [Processed Buffers: Min: 8, Avg: 8.9, Max: 10, Diff: 2, Sum: 71]
      [Scan RS (ms): Min: 5.9, Avg: 6.4, Max: 6.8, Diff: 0.9, Sum: 50.9]
      [Code Root Scanning (ms): Min: 0.0, Avg: 0.0, Max: 0.0, Diff: 0.0, Sum: 0.0]
      [Object Copy (ms): Min: 46.6, Avg: 46.7, Max: 46.8, Diff: 0.2, Sum: 374.0]
      [Termination (ms): Min: 0.0, Avg: 0.0, Max: 0.0, Diff: 0.0, Sum: 0.0]
         [Termination Attempts: Min: 1, Avg: 2.1, Max: 5, Diff: 4, Sum: 17]
      [GC Worker Other (ms): Min: 0.0, Avg: 0.0, Max: 0.0, Diff: 0.0, Sum: 0.2]
      [GC Worker Total (ms): Min: 61.6, Avg: 61.7, Max: 61.8, Diff: 0.2, Sum: 493.4]
      [GC Worker End (ms): Min: 66623.8, Avg: 66623.8, Max: 66623.8, Diff: 0.0]
   [Code Root Fixup: 0.0 ms]
   [Code Root Purge: 0.0 ms]
   [Clear CT: 0.2 ms]
   [Other: 0.7 ms]
      [Choose CSet: 0.0 ms]
      [Ref Proc: 0.2 ms]
      [Ref Enq: 0.0 ms]
      [Redirty Cards: 0.2 ms]
      [Humongous Register: 0.0 ms]
      [Humongous Reclaim: 0.0 ms]
      [Free CSet: 0.1 ms]
   [Eden: 112.0M(112.0M)->0.0B(136.0M) Survivors: 14.0M->16.0M Heap: 160.1M(2048.0M)->148.1M(2048.0M)]
 [Times: user=0.45 sys=0.01, real=0.06 secs] 
2020-09-29T12:25:00.412+0200: 66.699: [GC pause (G1 Evacuation Pause) (young), 0.0815018 secs]
   [Parallel Time: 80.5 ms, GC Workers: 8]
      [GC Worker Start (ms): Min: 66698.8, Avg: 66698.9, Max: 66699.0, Diff: 0.1]
      [Ext Root Scanning (ms): Min: 0.0, Avg: 0.1, Max: 0.1, Diff: 0.1, Sum: 0.6]
      [Update RS (ms): Min: 11.9, Avg: 12.0, Max: 12.1, Diff: 0.2, Sum: 95.8]
         [Processed Buffers: Min: 11, Avg: 12.5, Max: 13, Diff: 2, Sum: 100]
      [Scan RS (ms): Min: 7.3, Avg: 7.5, Max: 7.7, Diff: 0.4, Sum: 59.8]
      [Code Root Scanning (ms): Min: 0.0, Avg: 0.0, Max: 0.0, Diff: 0.0, Sum: 0.0]
      [Object Copy (ms): Min: 60.5, Avg: 60.7, Max: 60.7, Diff: 0.2, Sum: 485.2]
      [Termination (ms): Min: 0.0, Avg: 0.1, Max: 0.1, Diff: 0.1, Sum: 0.7]
         [Termination Attempts: Min: 1, Avg: 316.4, Max: 398, Diff: 397, Sum: 2531]
      [GC Worker Other (ms): Min: 0.0, Avg: 0.0, Max: 0.0, Diff: 0.0, Sum: 0.1]
      [GC Worker Total (ms): Min: 80.2, Avg: 80.3, Max: 80.3, Diff: 0.1, Sum: 642.2]
      [GC Worker End (ms): Min: 66779.2, Avg: 66779.2, Max: 66779.2, Diff: 0.0]
   [Code Root Fixup: 0.0 ms]
   [Code Root Purge: 0.0 ms]
   [Clear CT: 0.2 ms]
   [Other: 0.8 ms]
      [Choose CSet: 0.0 ms]
      [Ref Proc: 0.2 ms]
      [Ref Enq: 0.0 ms]
      [Redirty Cards: 0.2 ms]
      [Humongous Register: 0.0 ms]
      [Humongous Reclaim: 0.0 ms]
      [Free CSet: 0.1 ms]
   [Eden: 136.0M(136.0M)->0.0B(155.0M) Survivors: 16.0M->19.0M Heap: 307.0M(2048.0M)->309.0M(2048.0M)]
 [Times: user=0.63 sys=0.00, real=0.08 secs] 
2020-09-29T12:25:00.582+0200: 66.869: [GC pause (G1 Evacuation Pause) (young), 0.1127240 secs]
   [Parallel Time: 111.6 ms, GC Workers: 8]
      [GC Worker Start (ms): Min: 66868.7, Avg: 66868.8, Max: 66868.8, Diff: 0.1]
      [Ext Root Scanning (ms): Min: 0.0, Avg: 0.1, Max: 0.1, Diff: 0.1, Sum: 0.6]
      [Update RS (ms): Min: 11.4, Avg: 11.5, Max: 11.6, Diff: 0.2, Sum: 91.8]
         [Processed Buffers: Min: 11, Avg: 13.1, Max: 15, Diff: 4, Sum: 105]
      [Scan RS (ms): Min: 8.3, Avg: 8.5, Max: 8.6, Diff: 0.3, Sum: 67.7]
      [Code Root Scanning (ms): Min: 0.0, Avg: 0.0, Max: 0.0, Diff: 0.0, Sum: 0.0]
      [Object Copy (ms): Min: 90.2, Avg: 90.7, Max: 91.5, Diff: 1.2, Sum: 725.5]
      [Termination (ms): Min: 0.0, Avg: 0.7, Max: 1.0, Diff: 1.0, Sum: 5.7]
         [Termination Attempts: Min: 1, Avg: 4317.4, Max: 5549, Diff: 5548, Sum: 34539]
      [GC Worker Other (ms): Min: 0.0, Avg: 0.0, Max: 0.1, Diff: 0.1, Sum: 0.3]
      [GC Worker Total (ms): Min: 111.4, Avg: 111.4, Max: 111.5, Diff: 0.1, Sum: 891.6]
      [GC Worker End (ms): Min: 66980.2, Avg: 66980.2, Max: 66980.2, Diff: 0.1]
   [Code Root Fixup: 0.0 ms]
   [Code Root Purge: 0.0 ms]
   [Clear CT: 0.2 ms]
   [Other: 1.0 ms]
      [Choose CSet: 0.0 ms]
      [Ref Proc: 0.2 ms]
      [Ref Enq: 0.0 ms]
      [Redirty Cards: 0.2 ms]
      [Humongous Register: 0.0 ms]
      [Humongous Reclaim: 0.0 ms]
      [Free CSet: 0.2 ms]
   [Eden: 155.0M(155.0M)->0.0B(168.0M) Survivors: 19.0M->22.0M Heap: 490.7M(2048.0M)->492.7M(2048.0M)]
 [Times: user=0.97 sys=0.00, real=0.11 secs] 
2020-09-29T12:25:00.792+0200: 67.078: [GC pause (G1 Evacuation Pause) (young), 0.0956949 secs]
   [Parallel Time: 94.6 ms, GC Workers: 8]
      [GC Worker Start (ms): Min: 67078.5, Avg: 67078.6, Max: 67078.7, Diff: 0.1]
      [Ext Root Scanning (ms): Min: 0.0, Avg: 0.1, Max: 0.1, Diff: 0.1, Sum: 0.6]
      [Update RS (ms): Min: 12.1, Avg: 12.5, Max: 12.8, Diff: 0.7, Sum: 99.9]
         [Processed Buffers: Min: 14, Avg: 14.0, Max: 14, Diff: 0, Sum: 112]
      [Scan RS (ms): Min: 7.6, Avg: 8.0, Max: 8.5, Diff: 0.8, Sum: 63.9]
      [Code Root Scanning (ms): Min: 0.0, Avg: 0.0, Max: 0.0, Diff: 0.0, Sum: 0.0]
      [Object Copy (ms): Min: 73.6, Avg: 73.7, Max: 73.9, Diff: 0.2, Sum: 589.9]
      [Termination (ms): Min: 0.0, Avg: 0.0, Max: 0.0, Diff: 0.0, Sum: 0.2]
         [Termination Attempts: Min: 1, Avg: 181.4, Max: 257, Diff: 256, Sum: 1451]
      [GC Worker Other (ms): Min: 0.0, Avg: 0.0, Max: 0.1, Diff: 0.0, Sum: 0.2]
      [GC Worker Total (ms): Min: 94.3, Avg: 94.3, Max: 94.4, Diff: 0.1, Sum: 754.7]
      [GC Worker End (ms): Min: 67172.9, Avg: 67172.9, Max: 67173.0, Diff: 0.0]
   [Code Root Fixup: 0.0 ms]
   [Code Root Purge: 0.0 ms]
   [Clear CT: 0.2 ms]
   [Other: 1.0 ms]
      [Choose CSet: 0.0 ms]
      [Ref Proc: 0.2 ms]
      [Ref Enq: 0.0 ms]
      [Redirty Cards: 0.4 ms]
      [Humongous Register: 0.0 ms]
      [Humongous Reclaim: 0.0 ms]
      [Free CSet: 0.1 ms]
   [Eden: 168.0M(168.0M)->0.0B(193.0M) Survivors: 22.0M->24.0M Heap: 687.4M(2048.0M)->690.4M(2048.0M)]
 [Times: user=0.75 sys=0.00, real=0.10 secs] 
2020-09-29T12:25:01.005+0200: 67.291: [GC pause (G1 Evacuation Pause) (young), 0.1062597 secs]
   [Parallel Time: 105.4 ms, GC Workers: 8]
      [GC Worker Start (ms): Min: 67291.5, Avg: 67291.6, Max: 67291.7, Diff: 0.2]
      [Ext Root Scanning (ms): Min: 0.0, Avg: 0.1, Max: 0.2, Diff: 0.2, Sum: 0.6]
      [Update RS (ms): Min: 11.6, Avg: 11.9, Max: 12.2, Diff: 0.6, Sum: 95.0]
         [Processed Buffers: Min: 11, Avg: 12.0, Max: 15, Diff: 4, Sum: 96]
      [Scan RS (ms): Min: 10.5, Avg: 10.8, Max: 11.1, Diff: 0.6, Sum: 86.6]
      [Code Root Scanning (ms): Min: 0.0, Avg: 0.0, Max: 0.0, Diff: 0.0, Sum: 0.0]
      [Object Copy (ms): Min: 82.2, Avg: 82.3, Max: 82.4, Diff: 0.2, Sum: 658.4]
      [Termination (ms): Min: 0.0, Avg: 0.0, Max: 0.1, Diff: 0.1, Sum: 0.3]
         [Termination Attempts: Min: 1, Avg: 237.8, Max: 346, Diff: 345, Sum: 1902]
      [GC Worker Other (ms): Min: 0.0, Avg: 0.0, Max: 0.1, Diff: 0.0, Sum: 0.2]
      [GC Worker Total (ms): Min: 105.1, Avg: 105.1, Max: 105.3, Diff: 0.2, Sum: 841.1]
      [GC Worker End (ms): Min: 67396.8, Avg: 67396.8, Max: 67396.8, Diff: 0.0]
   [Code Root Fixup: 0.0 ms]
   [Code Root Purge: 0.0 ms]
   [Clear CT: 0.1 ms]
   [Other: 0.7 ms]
      [Choose CSet: 0.0 ms]
      [Ref Proc: 0.1 ms]
      [Ref Enq: 0.0 ms]
      [Redirty Cards: 0.2 ms]
      [Humongous Register: 0.0 ms]
      [Humongous Reclaim: 0.0 ms]
      [Free CSet: 0.2 ms]
   [Eden: 193.0M(193.0M)->0.0B(213.0M) Survivors: 24.0M->28.0M Heap: 915.8M(2048.0M)->917.3M(2048.0M)]
 [Times: user=0.75 sys=0.00, real=0.11 secs] 
2020-09-29T12:25:01.188+0200: 67.475: [GC pause (G1 Humongous Allocation) (young) (initial-mark), 0.0838154 secs]
   [Parallel Time: 82.9 ms, GC Workers: 8]
      [GC Worker Start (ms): Min: 67474.9, Avg: 67474.9, Max: 67475.0, Diff: 0.1]
      [Ext Root Scanning (ms): Min: 0.0, Avg: 0.3, Max: 1.4, Diff: 1.4, Sum: 2.3]
      [Update RS (ms): Min: 10.0, Avg: 11.3, Max: 11.8, Diff: 1.8, Sum: 90.7]
         [Processed Buffers: Min: 12, Avg: 13.9, Max: 15, Diff: 3, Sum: 111]
      [Scan RS (ms): Min: 5.2, Avg: 5.5, Max: 5.9, Diff: 0.7, Sum: 43.6]
      [Code Root Scanning (ms): Min: 0.0, Avg: 0.0, Max: 0.0, Diff: 0.0, Sum: 0.0]
      [Object Copy (ms): Min: 65.6, Avg: 65.6, Max: 65.7, Diff: 0.1, Sum: 525.0]
      [Termination (ms): Min: 0.0, Avg: 0.0, Max: 0.0, Diff: 0.0, Sum: 0.2]
         [Termination Attempts: Min: 1, Avg: 185.5, Max: 238, Diff: 237, Sum: 1484]
      [GC Worker Other (ms): Min: 0.0, Avg: 0.0, Max: 0.0, Diff: 0.0, Sum: 0.2]
      [GC Worker Total (ms): Min: 82.7, Avg: 82.8, Max: 82.8, Diff: 0.1, Sum: 662.1]
      [GC Worker End (ms): Min: 67557.7, Avg: 67557.7, Max: 67557.7, Diff: 0.0]
   [Code Root Fixup: 0.0 ms]
   [Code Root Purge: 0.0 ms]
   [Clear CT: 0.2 ms]
   [Other: 0.8 ms]
      [Choose CSet: 0.0 ms]
      [Ref Proc: 0.3 ms]
      [Ref Enq: 0.0 ms]
      [Redirty Cards: 0.2 ms]
      [Humongous Register: 0.0 ms]
      [Humongous Reclaim: 0.0 ms]
      [Free CSet: 0.1 ms]
   [Eden: 141.0M(213.0M)->0.0B(242.0M) Survivors: 28.0M->31.0M Heap: 1080.7M(2048.0M)->1082.2M(2048.0M)]
 [Times: user=0.75 sys=0.00, real=0.08 secs] 
2020-09-29T12:25:01.272+0200: 67.559: [GC concurrent-root-region-scan-start]
2020-09-29T12:25:01.281+0200: 67.568: [GC concurrent-root-region-scan-end, 0.0089900 secs]
2020-09-29T12:25:01.281+0200: 67.568: [GC concurrent-mark-start]
2020-09-29T12:25:01.284+0200: 67.571: [GC concurrent-mark-end, 0.0031941 secs]
2020-09-29T12:25:01.284+0200: 67.571: [GC remark 2020-09-29T12:25:01.284+0200: 67.571: [Finalize Marking, 0.0001688 secs] 2020-09-29T12:25:01.285+0200: 67.571: [GC ref-proc, 0.0002580 secs] 2020-09-29T12:25:01.285+0200: 67.572: [Unloading, 0.0002911 secs], 0.0010351 secs]
 [Times: user=0.00 sys=0.00, real=0.00 secs] 
2020-09-29T12:25:01.286+0200: 67.572: [GC cleanup 1110M->74M(2048M), 0.0013330 secs]
 [Times: user=0.00 sys=0.00, real=0.00 secs] 
2020-09-29T12:25:01.287+0200: 67.574: [GC concurrent-cleanup-start]
2020-09-29T12:25:01.288+0200: 67.575: [GC concurrent-cleanup-end, 0.0013090 secs]
2020-09-29T12:25:01.405+0200: 67.692: [GC pause (G1 Evacuation Pause) (young), 0.1249385 secs]
   [Parallel Time: 123.8 ms, GC Workers: 8]
      [GC Worker Start (ms): Min: 67692.2, Avg: 67692.2, Max: 67692.3, Diff: 0.1]
      [Ext Root Scanning (ms): Min: 0.0, Avg: 0.1, Max: 0.1, Diff: 0.1, Sum: 0.7]
      [Update RS (ms): Min: 15.8, Avg: 15.8, Max: 16.0, Diff: 0.2, Sum: 126.6]
         [Processed Buffers: Min: 16, Avg: 17.9, Max: 20, Diff: 4, Sum: 143]
      [Scan RS (ms): Min: 11.5, Avg: 11.6, Max: 11.7, Diff: 0.2, Sum: 92.7]
      [Code Root Scanning (ms): Min: 0.0, Avg: 0.0, Max: 0.0, Diff: 0.0, Sum: 0.0]
      [Object Copy (ms): Min: 96.0, Avg: 96.0, Max: 96.1, Diff: 0.1, Sum: 768.4]
      [Termination (ms): Min: 0.0, Avg: 0.0, Max: 0.1, Diff: 0.1, Sum: 0.3]
         [Termination Attempts: Min: 1, Avg: 270.3, Max: 382, Diff: 381, Sum: 2162]
      [GC Worker Other (ms): Min: 0.0, Avg: 0.0, Max: 0.0, Diff: 0.0, Sum: 0.2]
      [GC Worker Total (ms): Min: 123.6, Avg: 123.6, Max: 123.7, Diff: 0.1, Sum: 989.0]
      [GC Worker End (ms): Min: 67815.9, Avg: 67815.9, Max: 67815.9, Diff: 0.0]
   [Code Root Fixup: 0.0 ms]
   [Code Root Purge: 0.0 ms]
   [Clear CT: 0.2 ms]
   [Other: 1.0 ms]
      [Choose CSet: 0.0 ms]
      [Ref Proc: 0.2 ms]
      [Ref Enq: 0.0 ms]
      [Redirty Cards: 0.2 ms]
      [Humongous Register: 0.0 ms]
      [Humongous Reclaim: 0.0 ms]
      [Free CSet: 0.3 ms]
   [Eden: 242.0M(242.0M)->0.0B(257.0M) Survivors: 31.0M->35.0M Heap: 330.0M(2048.0M)->301.0M(2048.0M)]
 [Times: user=1.00 sys=0.00, real=0.13 secs] 
2020-09-29T12:25:01.674+0200: 67.961: [GC pause (G1 Evacuation Pause) (young), 0.1426499 secs]
   [Parallel Time: 141.5 ms, GC Workers: 8]
      [GC Worker Start (ms): Min: 67960.9, Avg: 67960.9, Max: 67961.0, Diff: 0.1]
      [Ext Root Scanning (ms): Min: 0.0, Avg: 0.1, Max: 0.1, Diff: 0.1, Sum: 0.5]
      [Update RS (ms): Min: 12.9, Avg: 13.1, Max: 13.6, Diff: 0.6, Sum: 105.1]
         [Processed Buffers: Min: 12, Avg: 15.3, Max: 17, Diff: 5, Sum: 122]
      [Scan RS (ms): Min: 14.2, Avg: 14.6, Max: 14.9, Diff: 0.7, Sum: 116.9]
      [Code Root Scanning (ms): Min: 0.0, Avg: 0.0, Max: 0.0, Diff: 0.0, Sum: 0.0]
      [Object Copy (ms): Min: 113.3, Avg: 113.4, Max: 113.4, Diff: 0.1, Sum: 907.1]
      [Termination (ms): Min: 0.0, Avg: 0.1, Max: 0.1, Diff: 0.1, Sum: 0.7]
         [Termination Attempts: Min: 1, Avg: 655.3, Max: 802, Diff: 801, Sum: 5242]
      [GC Worker Other (ms): Min: 0.0, Avg: 0.0, Max: 0.1, Diff: 0.1, Sum: 0.3]
      [GC Worker Total (ms): Min: 141.3, Avg: 141.3, Max: 141.4, Diff: 0.1, Sum: 1130.7]
      [GC Worker End (ms): Min: 68102.2, Avg: 68102.3, Max: 68102.3, Diff: 0.1]
   [Code Root Fixup: 0.0 ms]
   [Code Root Purge: 0.0 ms]
   [Clear CT: 0.2 ms]
   [Other: 0.9 ms]
      [Choose CSet: 0.0 ms]
      [Ref Proc: 0.2 ms]
      [Ref Enq: 0.0 ms]
      [Redirty Cards: 0.1 ms]
      [Humongous Register: 0.0 ms]
      [Humongous Reclaim: 0.0 ms]
      [Free CSet: 0.3 ms]
   [Eden: 257.0M(257.0M)->0.0B(266.0M) Survivors: 35.0M->37.0M Heap: 599.9M(2048.0M)->602.4M(2048.0M)]
 [Times: user=1.09 sys=0.02, real=0.14 secs] 
2020-09-29T12:25:01.976+0200: 68.262: [GC pause (G1 Evacuation Pause) (young), 0.1668206 secs]
   [Parallel Time: 165.7 ms, GC Workers: 8]
      [GC Worker Start (ms): Min: 68262.5, Avg: 68262.6, Max: 68262.7, Diff: 0.2]
      [Ext Root Scanning (ms): Min: 0.0, Avg: 0.1, Max: 0.2, Diff: 0.2, Sum: 0.5]
      [Update RS (ms): Min: 16.2, Avg: 16.6, Max: 17.0, Diff: 0.8, Sum: 132.4]
         [Processed Buffers: Min: 15, Avg: 17.0, Max: 19, Diff: 4, Sum: 136]
      [Scan RS (ms): Min: 14.8, Avg: 15.2, Max: 15.7, Diff: 0.9, Sum: 121.4]
      [Code Root Scanning (ms): Min: 0.0, Avg: 0.0, Max: 0.0, Diff: 0.0, Sum: 0.0]
      [Object Copy (ms): Min: 133.1, Avg: 133.3, Max: 133.5, Diff: 0.4, Sum: 1066.5]
      [Termination (ms): Min: 0.0, Avg: 0.2, Max: 0.3, Diff: 0.3, Sum: 2.0]
         [Termination Attempts: Min: 1, Avg: 1730.5, Max: 2192, Diff: 2191, Sum: 13844]
      [GC Worker Other (ms): Min: 0.0, Avg: 0.0, Max: 0.1, Diff: 0.1, Sum: 0.3]
      [GC Worker Total (ms): Min: 165.3, Avg: 165.4, Max: 165.5, Diff: 0.2, Sum: 1323.2]
      [GC Worker End (ms): Min: 68428.0, Avg: 68428.0, Max: 68428.0, Diff: 0.1]
   [Code Root Fixup: 0.0 ms]
   [Code Root Purge: 0.0 ms]
   [Clear CT: 0.2 ms]
   [Other: 1.0 ms]
      [Choose CSet: 0.0 ms]
      [Ref Proc: 0.2 ms]
      [Ref Enq: 0.0 ms]
      [Redirty Cards: 0.2 ms]
      [Humongous Register: 0.0 ms]
      [Humongous Reclaim: 0.0 ms]
      [Free CSet: 0.3 ms]
   [Eden: 266.0M(266.0M)->0.0B(267.0M) Survivors: 37.0M->38.0M Heap: 912.3M(2048.0M)->914.3M(2048.0M)]
 [Times: user=1.20 sys=0.00, real=0.17 secs] 
2020-09-29T12:25:02.276+0200: 68.563: [GC pause (G1 Humongous Allocation) (young) (initial-mark), 0.1503358 secs]
   [Parallel Time: 149.1 ms, GC Workers: 8]
      [GC Worker Start (ms): Min: 68563.0, Avg: 68563.1, Max: 68563.2, Diff: 0.2]
      [Ext Root Scanning (ms): Min: 0.0, Avg: 0.1, Max: 0.2, Diff: 0.2, Sum: 0.6]
      [Update RS (ms): Min: 21.9, Avg: 22.1, Max: 22.4, Diff: 0.5, Sum: 176.7]
         [Processed Buffers: Min: 22, Avg: 23.3, Max: 24, Diff: 2, Sum: 186]
      [Scan RS (ms): Min: 8.1, Avg: 8.3, Max: 8.5, Diff: 0.4, Sum: 66.4]
      [Code Root Scanning (ms): Min: 0.0, Avg: 0.0, Max: 0.0, Diff: 0.0, Sum: 0.0]
      [Object Copy (ms): Min: 117.7, Avg: 117.9, Max: 118.3, Diff: 0.7, Sum: 943.2]
      [Termination (ms): Min: 0.0, Avg: 0.4, Max: 0.6, Diff: 0.6, Sum: 3.6]
         [Termination Attempts: Min: 1, Avg: 3026.4, Max: 4224, Diff: 4223, Sum: 24211]
      [GC Worker Other (ms): Min: 0.0, Avg: 0.0, Max: 0.1, Diff: 0.0, Sum: 0.4]
      [GC Worker Total (ms): Min: 148.8, Avg: 148.9, Max: 149.0, Diff: 0.2, Sum: 1190.8]
      [GC Worker End (ms): Min: 68712.0, Avg: 68712.0, Max: 68712.0, Diff: 0.0]
   [Code Root Fixup: 0.0 ms]
   [Code Root Purge: 0.0 ms]
   [Clear CT: 0.2 ms]
   [Other: 1.0 ms]
      [Choose CSet: 0.0 ms]
      [Ref Proc: 0.2 ms]
      [Ref Enq: 0.0 ms]
      [Redirty Cards: 0.3 ms]
      [Humongous Register: 0.0 ms]
      [Humongous Reclaim: 0.0 ms]
      [Free CSet: 0.2 ms]
   [Eden: 220.0M(267.0M)->0.0B(270.0M) Survivors: 38.0M->39.0M Heap: 1170.0M(2048.0M)->1172.0M(2048.0M)]
 [Times: user=1.11 sys=0.00, real=0.15 secs] 
2020-09-29T12:25:02.427+0200: 68.713: [GC concurrent-root-region-scan-start]
2020-09-29T12:25:02.439+0200: 68.726: [GC concurrent-root-region-scan-end, 0.0126740 secs]
2020-09-29T12:25:02.439+0200: 68.726: [GC concurrent-mark-start]
2020-09-29T12:25:02.443+0200: 68.730: [GC concurrent-mark-end, 0.0036387 secs]
2020-09-29T12:25:02.451+0200: 68.737: [GC remark 2020-09-29T12:25:02.451+0200: 68.737: [Finalize Marking, 0.0006117 secs] 2020-09-29T12:25:02.451+0200: 68.738: [GC ref-proc, 0.0006035 secs] 2020-09-29T12:25:02.452+0200: 68.738: [Unloading, 0.0005138 secs], 0.0021451 secs]
 [Times: user=0.00 sys=0.00, real=0.00 secs] 
2020-09-29T12:25:02.453+0200: 68.739: [GC cleanup 1187M->69M(2048M), 0.0023761 secs]
 [Times: user=0.00 sys=0.00, real=0.00 secs] 
2020-09-29T12:25:02.456+0200: 68.742: [GC concurrent-cleanup-start]
2020-09-29T12:25:02.457+0200: 68.744: [GC concurrent-cleanup-end, 0.0017121 secs]
2020-09-29T12:25:02.585+0200: 68.871: [GC pause (G1 Evacuation Pause) (young), 0.1521361 secs]
   [Parallel Time: 150.7 ms, GC Workers: 8]
      [GC Worker Start (ms): Min: 68871.1, Avg: 68871.2, Max: 68871.2, Diff: 0.2]
      [Ext Root Scanning (ms): Min: 0.0, Avg: 0.1, Max: 0.2, Diff: 0.2, Sum: 0.4]
      [Update RS (ms): Min: 16.4, Avg: 16.5, Max: 16.6, Diff: 0.3, Sum: 131.6]
         [Processed Buffers: Min: 17, Avg: 19.6, Max: 24, Diff: 7, Sum: 157]
      [Scan RS (ms): Min: 10.2, Avg: 10.4, Max: 10.5, Diff: 0.3, Sum: 83.4]
      [Code Root Scanning (ms): Min: 0.0, Avg: 0.0, Max: 0.0, Diff: 0.0, Sum: 0.0]
      [Object Copy (ms): Min: 123.0, Avg: 123.2, Max: 123.6, Diff: 0.5, Sum: 985.3]
      [Termination (ms): Min: 0.0, Avg: 0.4, Max: 0.5, Diff: 0.5, Sum: 3.1]
         [Termination Attempts: Min: 1, Avg: 2701.5, Max: 3299, Diff: 3298, Sum: 21612]
      [GC Worker Other (ms): Min: 0.0, Avg: 0.0, Max: 0.1, Diff: 0.1, Sum: 0.3]
      [GC Worker Total (ms): Min: 150.4, Avg: 150.5, Max: 150.7, Diff: 0.2, Sum: 1204.2]
      [GC Worker End (ms): Min: 69021.7, Avg: 69021.7, Max: 69021.7, Diff: 0.1]
   [Code Root Fixup: 0.0 ms]
   [Code Root Purge: 0.0 ms]
   [Clear CT: 0.2 ms]
   [Other: 1.2 ms]
      [Choose CSet: 0.0 ms]
      [Ref Proc: 0.2 ms]
      [Ref Enq: 0.0 ms]
      [Redirty Cards: 0.2 ms]
      [Humongous Register: 0.0 ms]
      [Humongous Reclaim: 0.0 ms]
      [Free CSet: 0.3 ms]
   [Eden: 270.0M(270.0M)->0.0B(282.0M) Survivors: 39.0M->39.0M Heap: 369.8M(2048.0M)->333.8M(2048.0M)]
 [Times: user=1.02 sys=0.00, real=0.15 secs] 
2020-09-29T12:25:02.896+0200: 69.182: [GC pause (G1 Evacuation Pause) (young), 0.1533072 secs]
   [Parallel Time: 152.1 ms, GC Workers: 8]
      [GC Worker Start (ms): Min: 69182.1, Avg: 69182.3, Max: 69182.3, Diff: 0.2]
      [Ext Root Scanning (ms): Min: 0.0, Avg: 0.1, Max: 0.2, Diff: 0.2, Sum: 0.4]
      [Update RS (ms): Min: 18.6, Avg: 18.8, Max: 19.0, Diff: 0.4, Sum: 150.3]
         [Processed Buffers: Min: 22, Avg: 23.0, Max: 25, Diff: 3, Sum: 184]
      [Scan RS (ms): Min: 12.6, Avg: 12.9, Max: 13.2, Diff: 0.6, Sum: 103.2]
      [Code Root Scanning (ms): Min: 0.0, Avg: 0.0, Max: 0.0, Diff: 0.0, Sum: 0.0]
      [Object Copy (ms): Min: 120.0, Avg: 120.1, Max: 120.2, Diff: 0.3, Sum: 961.2]
      [Termination (ms): Min: 0.0, Avg: 0.1, Max: 0.1, Diff: 0.1, Sum: 0.4]
         [Termination Attempts: Min: 1, Avg: 399.6, Max: 516, Diff: 515, Sum: 3197]
      [GC Worker Other (ms): Min: 0.0, Avg: 0.0, Max: 0.1, Diff: 0.0, Sum: 0.2]
      [GC Worker Total (ms): Min: 151.9, Avg: 152.0, Max: 152.1, Diff: 0.2, Sum: 1215.7]
      [GC Worker End (ms): Min: 69334.2, Avg: 69334.2, Max: 69334.3, Diff: 0.0]
   [Code Root Fixup: 0.0 ms]
   [Code Root Purge: 0.0 ms]
   [Clear CT: 0.2 ms]
   [Other: 1.0 ms]
      [Choose CSet: 0.0 ms]
      [Ref Proc: 0.2 ms]
      [Ref Enq: 0.0 ms]
      [Redirty Cards: 0.2 ms]
      [Humongous Register: 0.0 ms]
      [Humongous Reclaim: 0.0 ms]
      [Free CSet: 0.3 ms]
   [Eden: 282.0M(282.0M)->0.0B(293.0M) Survivors: 39.0M->41.0M Heap: 663.5M(2048.0M)->665.5M(2048.0M)]
 [Times: user=1.06 sys=0.05, real=0.16 secs] 
2020-09-29T12:25:03.221+0200: 69.508: [GC pause (G1 Evacuation Pause) (young), 0.1607729 secs]
   [Parallel Time: 159.0 ms, GC Workers: 8]
      [GC Worker Start (ms): Min: 69508.0, Avg: 69508.1, Max: 69508.2, Diff: 0.2]
      [Ext Root Scanning (ms): Min: 0.0, Avg: 0.1, Max: 0.2, Diff: 0.2, Sum: 0.5]
      [Update RS (ms): Min: 17.3, Avg: 17.5, Max: 18.0, Diff: 0.7, Sum: 139.8]
         [Processed Buffers: Min: 16, Avg: 19.6, Max: 22, Diff: 6, Sum: 157]
      [Scan RS (ms): Min: 14.6, Avg: 14.9, Max: 15.5, Diff: 0.9, Sum: 119.5]
      [Code Root Scanning (ms): Min: 0.0, Avg: 0.0, Max: 0.0, Diff: 0.0, Sum: 0.0]
      [Object Copy (ms): Min: 125.2, Avg: 126.2, Max: 126.5, Diff: 1.3, Sum: 1009.8]
      [Termination (ms): Min: 0.0, Avg: 0.0, Max: 0.0, Diff: 0.0, Sum: 0.1]
         [Termination Attempts: Min: 1, Avg: 80.3, Max: 117, Diff: 116, Sum: 642]
      [GC Worker Other (ms): Min: 0.0, Avg: 0.0, Max: 0.1, Diff: 0.1, Sum: 0.4]
      [GC Worker Total (ms): Min: 158.7, Avg: 158.8, Max: 158.9, Diff: 0.2, Sum: 1270.2]
      [GC Worker End (ms): Min: 69666.8, Avg: 69666.8, Max: 69666.9, Diff: 0.1]
   [Code Root Fixup: 0.0 ms]
   [Code Root Purge: 0.0 ms]
   [Clear CT: 0.2 ms]
   [Other: 1.6 ms]
      [Choose CSet: 0.0 ms]
      [Ref Proc: 0.2 ms]
      [Ref Enq: 0.0 ms]
      [Redirty Cards: 1.0 ms]
      [Humongous Register: 0.0 ms]
      [Humongous Reclaim: 0.0 ms]
      [Free CSet: 0.2 ms]
   [Eden: 293.0M(293.0M)->0.0B(301.0M) Survivors: 41.0M->42.0M Heap: 1006.1M(2048.0M)->1008.1M(2048.0M)]
 [Times: user=1.34 sys=0.00, real=0.16 secs] 
2020-09-29T12:25:03.384+0200: 69.670: [GC pause (G1 Humongous Allocation) (young) (initial-mark), 0.0672129 secs]
   [Parallel Time: 66.1 ms, GC Workers: 8]
      [GC Worker Start (ms): Min: 69670.7, Avg: 69670.8, Max: 69670.9, Diff: 0.2]
      [Ext Root Scanning (ms): Min: 0.0, Avg: 0.2, Max: 0.5, Diff: 0.5, Sum: 1.6]
      [Update RS (ms): Min: 43.2, Avg: 43.6, Max: 44.0, Diff: 0.8, Sum: 348.6]
         [Processed Buffers: Min: 53, Avg: 55.1, Max: 58, Diff: 5, Sum: 441]
      [Scan RS (ms): Min: 0.0, Avg: 0.1, Max: 0.2, Diff: 0.2, Sum: 0.5]
      [Code Root Scanning (ms): Min: 0.0, Avg: 0.0, Max: 0.0, Diff: 0.0, Sum: 0.0]
      [Object Copy (ms): Min: 21.8, Avg: 22.0, Max: 22.1, Diff: 0.4, Sum: 176.3]
      [Termination (ms): Min: 0.0, Avg: 0.0, Max: 0.1, Diff: 0.1, Sum: 0.4]
         [Termination Attempts: Min: 1, Avg: 313.0, Max: 434, Diff: 433, Sum: 2504]
      [GC Worker Other (ms): Min: 0.0, Avg: 0.0, Max: 0.0, Diff: 0.0, Sum: 0.1]
      [GC Worker Total (ms): Min: 65.8, Avg: 65.9, Max: 66.0, Diff: 0.2, Sum: 527.4]
      [GC Worker End (ms): Min: 69736.7, Avg: 69736.7, Max: 69736.7, Diff: 0.0]
   [Code Root Fixup: 0.0 ms]
   [Code Root Purge: 0.0 ms]
   [Clear CT: 0.2 ms]
   [Other: 0.9 ms]
      [Choose CSet: 0.0 ms]
      [Ref Proc: 0.2 ms]
      [Ref Enq: 0.0 ms]
      [Redirty Cards: 0.4 ms]
      [Humongous Register: 0.0 ms]
      [Humongous Reclaim: 0.0 ms]
      [Free CSet: 0.0 ms]
   [Eden: 2048.0K(301.0M)->0.0B(310.0M) Survivors: 42.0M->4096.0K Heap: 1010.1M(2048.0M)->1014.1M(2048.0M)]
 [Times: user=0.50 sys=0.00, real=0.07 secs] 
2020-09-29T12:25:03.451+0200: 69.738: [GC concurrent-root-region-scan-start]
2020-09-29T12:25:03.452+0200: 69.738: [GC concurrent-root-region-scan-end, 0.0006215 secs]
2020-09-29T12:25:03.452+0200: 69.738: [GC concurrent-mark-start]
2020-09-29T12:25:03.454+0200: 69.741: [GC concurrent-mark-end, 0.0022954 secs]
2020-09-29T12:25:03.454+0200: 69.741: [GC remark 2020-09-29T12:25:03.454+0200: 69.741: [Finalize Marking, 0.0004021 secs] 2020-09-29T12:25:03.455+0200: 69.742: [GC ref-proc, 0.0002837 secs] 2020-09-29T12:25:03.455+0200: 69.742: [Unloading, 0.0003433 secs], 0.0013858 secs]
 [Times: user=0.00 sys=0.00, real=0.00 secs] 
2020-09-29T12:25:03.456+0200: 69.743: [GC cleanup 1022M->26M(2048M), 0.0026985 secs]
 [Times: user=0.00 sys=0.00, real=0.00 secs] 
2020-09-29T12:25:03.459+0200: 69.746: [GC concurrent-cleanup-start]
2020-09-29T12:25:03.460+0200: 69.747: [GC concurrent-cleanup-end, 0.0011508 secs]
2020-09-29T12:25:03.630+0200: 69.917: [GC pause (G1 Evacuation Pause) (young), 0.1511012 secs]
   [Parallel Time: 149.9 ms, GC Workers: 8]
      [GC Worker Start (ms): Min: 69917.3, Avg: 69917.4, Max: 69917.5, Diff: 0.2]
      [Ext Root Scanning (ms): Min: 0.0, Avg: 0.1, Max: 0.2, Diff: 0.2, Sum: 0.5]
      [Update RS (ms): Min: 16.8, Avg: 17.0, Max: 18.0, Diff: 1.2, Sum: 136.2]
         [Processed Buffers: Min: 17, Avg: 20.6, Max: 23, Diff: 6, Sum: 165]
      [Scan RS (ms): Min: 11.4, Avg: 12.4, Max: 12.7, Diff: 1.3, Sum: 99.3]
      [Code Root Scanning (ms): Min: 0.0, Avg: 0.0, Max: 0.0, Diff: 0.0, Sum: 0.0]
      [Object Copy (ms): Min: 119.9, Avg: 120.1, Max: 120.2, Diff: 0.2, Sum: 960.6]
      [Termination (ms): Min: 0.0, Avg: 0.1, Max: 0.1, Diff: 0.1, Sum: 0.6]
         [Termination Attempts: Min: 1, Avg: 519.0, Max: 680, Diff: 679, Sum: 4152]
      [GC Worker Other (ms): Min: 0.0, Avg: 0.0, Max: 0.1, Diff: 0.0, Sum: 0.3]
      [GC Worker Total (ms): Min: 149.6, Avg: 149.7, Max: 149.8, Diff: 0.2, Sum: 1197.6]
      [GC Worker End (ms): Min: 70067.1, Avg: 70067.1, Max: 70067.2, Diff: 0.1]
   [Code Root Fixup: 0.0 ms]
   [Code Root Purge: 0.0 ms]
   [Clear CT: 0.2 ms]
   [Other: 1.0 ms]
      [Choose CSet: 0.0 ms]
      [Ref Proc: 0.2 ms]
      [Ref Enq: 0.0 ms]
      [Redirty Cards: 0.2 ms]
      [Humongous Register: 0.0 ms]
      [Humongous Reclaim: 0.0 ms]
      [Free CSet: 0.3 ms]
   [Eden: 310.0M(310.0M)->0.0B(295.0M) Survivors: 4096.0K->40.0M Heap: 381.9M(2048.0M)->380.4M(2048.0M)]
 [Times: user=1.13 sys=0.00, real=0.15 secs] 
2020-09-29T12:25:03.942+0200: 70.229: [GC pause (G1 Evacuation Pause) (young), 0.1609331 secs]
   [Parallel Time: 159.9 ms, GC Workers: 8]
      [GC Worker Start (ms): Min: 70229.1, Avg: 70229.2, Max: 70229.3, Diff: 0.2]
      [Ext Root Scanning (ms): Min: 0.0, Avg: 0.1, Max: 0.2, Diff: 0.2, Sum: 0.4]
      [Update RS (ms): Min: 17.9, Avg: 18.1, Max: 18.5, Diff: 0.5, Sum: 145.0]
         [Processed Buffers: Min: 19, Avg: 21.3, Max: 24, Diff: 5, Sum: 170]
      [Scan RS (ms): Min: 13.9, Avg: 14.3, Max: 14.6, Diff: 0.7, Sum: 114.6]
      [Code Root Scanning (ms): Min: 0.0, Avg: 0.0, Max: 0.0, Diff: 0.0, Sum: 0.0]
      [Object Copy (ms): Min: 126.9, Avg: 127.0, Max: 127.1, Diff: 0.2, Sum: 1016.2]
      [Termination (ms): Min: 0.0, Avg: 0.1, Max: 0.1, Diff: 0.1, Sum: 0.7]
         [Termination Attempts: Min: 1, Avg: 587.1, Max: 734, Diff: 733, Sum: 4697]
      [GC Worker Other (ms): Min: 0.0, Avg: 0.0, Max: 0.1, Diff: 0.0, Sum: 0.2]
      [GC Worker Total (ms): Min: 159.6, Avg: 159.7, Max: 159.8, Diff: 0.2, Sum: 1277.2]
      [GC Worker End (ms): Min: 70388.8, Avg: 70388.8, Max: 70388.9, Diff: 0.0]
   [Code Root Fixup: 0.0 ms]
   [Code Root Purge: 0.0 ms]
   [Clear CT: 0.1 ms]
   [Other: 0.9 ms]
      [Choose CSet: 0.0 ms]
      [Ref Proc: 0.1 ms]
      [Ref Enq: 0.0 ms]
      [Redirty Cards: 0.3 ms]
      [Humongous Register: 0.0 ms]
      [Humongous Reclaim: 0.0 ms]
      [Free CSet: 0.2 ms]
   [Eden: 295.0M(295.0M)->0.0B(300.0M) Survivors: 40.0M->42.0M Heap: 723.1M(2048.0M)->725.6M(2048.0M)]
 [Times: user=1.22 sys=0.03, real=0.16 secs] 
2020-09-29T12:25:04.262+0200: 70.549: [GC pause (G1 Evacuation Pause) (young), 0.1813964 secs]
   [Parallel Time: 180.2 ms, GC Workers: 8]
      [GC Worker Start (ms): Min: 70548.7, Avg: 70548.8, Max: 70548.9, Diff: 0.2]
      [Ext Root Scanning (ms): Min: 0.0, Avg: 0.1, Max: 0.2, Diff: 0.2, Sum: 0.5]
      [Update RS (ms): Min: 20.9, Avg: 21.0, Max: 21.1, Diff: 0.2, Sum: 168.0]
         [Processed Buffers: Min: 23, Avg: 25.6, Max: 28, Diff: 5, Sum: 205]
      [Scan RS (ms): Min: 13.9, Avg: 14.1, Max: 14.3, Diff: 0.4, Sum: 112.7]
      [Code Root Scanning (ms): Min: 0.0, Avg: 0.0, Max: 0.0, Diff: 0.0, Sum: 0.0]
      [Object Copy (ms): Min: 143.9, Avg: 144.3, Max: 144.8, Diff: 0.9, Sum: 1154.0]
      [Termination (ms): Min: 0.0, Avg: 0.5, Max: 0.7, Diff: 0.7, Sum: 3.7]
         [Termination Attempts: Min: 1, Avg: 2879.1, Max: 4185, Diff: 4184, Sum: 23033]
      [GC Worker Other (ms): Min: 0.0, Avg: 0.0, Max: 0.1, Diff: 0.1, Sum: 0.4]
      [GC Worker Total (ms): Min: 179.8, Avg: 179.9, Max: 180.0, Diff: 0.2, Sum: 1439.4]
      [GC Worker End (ms): Min: 70728.7, Avg: 70728.7, Max: 70728.7, Diff: 0.1]
   [Code Root Fixup: 0.0 ms]
   [Code Root Purge: 0.0 ms]
   [Clear CT: 0.2 ms]
   [Other: 1.0 ms]
      [Choose CSet: 0.0 ms]
      [Ref Proc: 0.2 ms]
      [Ref Enq: 0.0 ms]
      [Redirty Cards: 0.2 ms]
      [Humongous Register: 0.0 ms]
      [Humongous Reclaim: 0.0 ms]
      [Free CSet: 0.3 ms]
   [Eden: 300.0M(300.0M)->0.0B(295.0M) Survivors: 42.0M->43.0M Heap: 1077.1M(2048.0M)->1079.6M(2048.0M)]
 [Times: user=1.48 sys=0.00, real=0.18 secs] 
2020-09-29T12:25:04.453+0200: 70.740: [GC pause (G1 Humongous Allocation) (young) (initial-mark), 0.0675704 secs]
   [Parallel Time: 66.6 ms, GC Workers: 8]
      [GC Worker Start (ms): Min: 70739.8, Avg: 70739.9, Max: 70740.1, Diff: 0.2]
      [Ext Root Scanning (ms): Min: 0.0, Avg: 0.3, Max: 0.5, Diff: 0.5, Sum: 2.8]
      [Update RS (ms): Min: 39.9, Avg: 40.2, Max: 40.7, Diff: 0.8, Sum: 321.3]
         [Processed Buffers: Min: 40, Avg: 45.3, Max: 50, Diff: 10, Sum: 362]
      [Scan RS (ms): Min: 2.1, Avg: 2.6, Max: 2.9, Diff: 0.7, Sum: 20.8]
      [Code Root Scanning (ms): Min: 0.0, Avg: 0.0, Max: 0.0, Diff: 0.0, Sum: 0.0]
      [Object Copy (ms): Min: 23.3, Avg: 23.3, Max: 23.3, Diff: 0.1, Sum: 186.5]
      [Termination (ms): Min: 0.0, Avg: 0.0, Max: 0.0, Diff: 0.0, Sum: 0.1]
         [Termination Attempts: Min: 1, Avg: 116.4, Max: 151, Diff: 150, Sum: 931]
      [GC Worker Other (ms): Min: 0.0, Avg: 0.0, Max: 0.0, Diff: 0.0, Sum: 0.1]
      [GC Worker Total (ms): Min: 66.3, Avg: 66.5, Max: 66.5, Diff: 0.2, Sum: 531.6]
      [GC Worker End (ms): Min: 70806.4, Avg: 70806.4, Max: 70806.4, Diff: 0.0]
   [Code Root Fixup: 0.0 ms]
   [Code Root Purge: 0.0 ms]
   [Clear CT: 0.2 ms]
   [Other: 0.8 ms]
      [Choose CSet: 0.0 ms]
      [Ref Proc: 0.1 ms]
      [Ref Enq: 0.0 ms]
      [Redirty Cards: 0.2 ms]
      [Humongous Register: 0.1 ms]
      [Humongous Reclaim: 0.0 ms]
      [Free CSet: 0.1 ms]
   [Eden: 11.0M(295.0M)->0.0B(324.0M) Survivors: 43.0M->13.0M Heap: 1090.6M(2048.0M)->1093.6M(2048.0M)]
 [Times: user=0.59 sys=0.00, real=0.07 secs] 
2020-09-29T12:25:04.520+0200: 70.807: [GC concurrent-root-region-scan-start]
2020-09-29T12:25:04.523+0200: 70.810: [GC concurrent-root-region-scan-end, 0.0026609 secs]
2020-09-29T12:25:04.523+0200: 70.810: [GC concurrent-mark-start]
2020-09-29T12:25:04.526+0200: 70.813: [GC concurrent-mark-end, 0.0030248 secs]
2020-09-29T12:25:04.527+0200: 70.813: [GC remark 2020-09-29T12:25:04.527+0200: 70.813: [Finalize Marking, 0.0001763 secs] 2020-09-29T12:25:04.527+0200: 70.814: [GC ref-proc, 0.0003946 secs] 2020-09-29T12:25:04.527+0200: 70.814: [Unloading, 0.0005319 secs], 0.0014507 secs]
 [Times: user=0.00 sys=0.00, real=0.00 secs] 
2020-09-29T12:25:04.528+0200: 70.815: [GC cleanup 1106M->40M(2048M), 0.0014330 secs]
 [Times: user=0.00 sys=0.00, real=0.00 secs] 
2020-09-29T12:25:04.530+0200: 70.817: [GC concurrent-cleanup-start]
2020-09-29T12:25:04.532+0200: 70.819: [GC concurrent-cleanup-end, 0.0020262 secs]
2020-09-29T12:25:04.715+0200: 71.002: [GC pause (G1 Evacuation Pause) (young), 0.1725276 secs]
   [Parallel Time: 171.3 ms, GC Workers: 8]
      [GC Worker Start (ms): Min: 71001.7, Avg: 71001.9, Max: 71002.0, Diff: 0.2]
      [Ext Root Scanning (ms): Min: 0.0, Avg: 0.1, Max: 0.2, Diff: 0.2, Sum: 0.5]
      [Update RS (ms): Min: 24.1, Avg: 24.4, Max: 24.8, Diff: 0.7, Sum: 194.9]
         [Processed Buffers: Min: 18, Avg: 22.4, Max: 26, Diff: 8, Sum: 179]
      [Scan RS (ms): Min: 17.7, Avg: 18.2, Max: 18.5, Diff: 0.8, Sum: 146.0]
      [Code Root Scanning (ms): Min: 0.0, Avg: 0.0, Max: 0.0, Diff: 0.0, Sum: 0.0]
      [Object Copy (ms): Min: 128.2, Avg: 128.3, Max: 128.4, Diff: 0.2, Sum: 1026.6]
      [Termination (ms): Min: 0.0, Avg: 0.0, Max: 0.0, Diff: 0.0, Sum: 0.1]
         [Termination Attempts: Min: 1, Avg: 57.5, Max: 79, Diff: 78, Sum: 460]
      [GC Worker Other (ms): Min: 0.0, Avg: 0.0, Max: 0.1, Diff: 0.1, Sum: 0.4]
      [GC Worker Total (ms): Min: 171.0, Avg: 171.1, Max: 171.2, Diff: 0.2, Sum: 1368.6]
      [GC Worker End (ms): Min: 71172.9, Avg: 71172.9, Max: 71173.0, Diff: 0.1]
   [Code Root Fixup: 0.0 ms]
   [Code Root Purge: 0.0 ms]
   [Clear CT: 0.2 ms]
   [Other: 0.9 ms]
      [Choose CSet: 0.0 ms]
      [Ref Proc: 0.1 ms]
      [Ref Enq: 0.0 ms]
      [Redirty Cards: 0.2 ms]
      [Humongous Register: 0.0 ms]
      [Humongous Reclaim: 0.0 ms]
      [Free CSet: 0.3 ms]
   [Eden: 324.0M(324.0M)->0.0B(292.0M) Survivors: 13.0M->43.0M Heap: 406.8M(2048.0M)->395.8M(2048.0M)]
 [Times: user=1.38 sys=0.00, real=0.17 secs] 
2020-09-29T12:25:05.062+0200: 71.349: [GC pause (G1 Evacuation Pause) (young), 0.1733226 secs]
   [Parallel Time: 172.2 ms, GC Workers: 8]
      [GC Worker Start (ms): Min: 71348.8, Avg: 71348.9, Max: 71349.0, Diff: 0.2]
      [Ext Root Scanning (ms): Min: 0.0, Avg: 0.1, Max: 0.2, Diff: 0.2, Sum: 0.5]
      [Update RS (ms): Min: 22.8, Avg: 23.0, Max: 23.3, Diff: 0.6, Sum: 183.7]
         [Processed Buffers: Min: 22, Avg: 23.8, Max: 26, Diff: 4, Sum: 190]
      [Scan RS (ms): Min: 14.7, Avg: 15.0, Max: 15.2, Diff: 0.5, Sum: 120.1]
      [Code Root Scanning (ms): Min: 0.0, Avg: 0.0, Max: 0.0, Diff: 0.0, Sum: 0.0]
      [Object Copy (ms): Min: 133.6, Avg: 133.7, Max: 133.8, Diff: 0.1, Sum: 1069.8]
      [Termination (ms): Min: 0.0, Avg: 0.1, Max: 0.1, Diff: 0.1, Sum: 0.5]
         [Termination Attempts: Min: 1, Avg: 429.6, Max: 539, Diff: 538, Sum: 3437]
      [GC Worker Other (ms): Min: 0.0, Avg: 0.0, Max: 0.1, Diff: 0.1, Sum: 0.3]
      [GC Worker Total (ms): Min: 171.8, Avg: 171.9, Max: 172.0, Diff: 0.2, Sum: 1375.0]
      [GC Worker End (ms): Min: 71520.8, Avg: 71520.8, Max: 71520.8, Diff: 0.1]
   [Code Root Fixup: 0.0 ms]
   [Code Root Purge: 0.0 ms]
   [Clear CT: 0.2 ms]
   [Other: 1.0 ms]
      [Choose CSet: 0.0 ms]
      [Ref Proc: 0.2 ms]
      [Ref Enq: 0.0 ms]
      [Redirty Cards: 0.3 ms]
      [Humongous Register: 0.0 ms]
      [Humongous Reclaim: 0.0 ms]
      [Free CSet: 0.3 ms]
   [Eden: 292.0M(292.0M)->0.0B(293.0M) Survivors: 43.0M->42.0M Heap: 735.5M(2048.0M)->736.5M(2048.0M)]
 [Times: user=1.36 sys=0.00, real=0.17 secs] 
2020-09-29T12:25:05.416+0200: 71.703: [GC pause (G1 Evacuation Pause) (young), 0.1710256 secs]
   [Parallel Time: 169.8 ms, GC Workers: 8]
      [GC Worker Start (ms): Min: 71702.6, Avg: 71702.7, Max: 71702.7, Diff: 0.1]
      [Ext Root Scanning (ms): Min: 0.0, Avg: 0.1, Max: 0.1, Diff: 0.1, Sum: 0.7]
      [Update RS (ms): Min: 18.2, Avg: 18.3, Max: 18.5, Diff: 0.3, Sum: 146.6]
         [Processed Buffers: Min: 15, Avg: 18.4, Max: 21, Diff: 6, Sum: 147]
      [Scan RS (ms): Min: 18.8, Avg: 19.1, Max: 19.3, Diff: 0.5, Sum: 152.5]
      [Code Root Scanning (ms): Min: 0.0, Avg: 0.0, Max: 0.0, Diff: 0.0, Sum: 0.0]
      [Object Copy (ms): Min: 132.0, Avg: 132.1, Max: 132.2, Diff: 0.3, Sum: 1056.7]
      [Termination (ms): Min: 0.0, Avg: 0.1, Max: 0.1, Diff: 0.1, Sum: 0.6]
         [Termination Attempts: Min: 1, Avg: 501.0, Max: 683, Diff: 682, Sum: 4008]
      [GC Worker Other (ms): Min: 0.0, Avg: 0.0, Max: 0.1, Diff: 0.1, Sum: 0.3]
      [GC Worker Total (ms): Min: 169.6, Avg: 169.7, Max: 169.8, Diff: 0.1, Sum: 1357.5]
      [GC Worker End (ms): Min: 71872.3, Avg: 71872.4, Max: 71872.4, Diff: 0.0]
   [Code Root Fixup: 0.0 ms]
   [Code Root Purge: 0.0 ms]
   [Clear CT: 0.2 ms]
   [Other: 1.0 ms]
      [Choose CSet: 0.0 ms]
      [Ref Proc: 0.2 ms]
      [Ref Enq: 0.0 ms]
      [Redirty Cards: 0.2 ms]
      [Humongous Register: 0.1 ms]
      [Humongous Reclaim: 0.0 ms]
      [Free CSet: 0.4 ms]
   [Eden: 293.0M(293.0M)->0.0B(291.0M) Survivors: 42.0M->42.0M Heap: 1079.1M(2048.0M)->1080.6M(2048.0M)]
 [Times: user=1.33 sys=0.00, real=0.17 secs] 
2020-09-29T12:25:05.601+0200: 71.888: [GC pause (G1 Humongous Allocation) (young) (initial-mark), 0.0640895 secs]
   [Parallel Time: 63.0 ms, GC Workers: 8]
      [GC Worker Start (ms): Min: 71887.9, Avg: 71888.0, Max: 71888.1, Diff: 0.2]
      [Ext Root Scanning (ms): Min: 0.0, Avg: 1.1, Max: 7.8, Diff: 7.8, Sum: 8.7]
      [Update RS (ms): Min: 22.6, Avg: 29.3, Max: 30.6, Diff: 8.0, Sum: 234.0]
         [Processed Buffers: Min: 26, Avg: 34.5, Max: 37, Diff: 11, Sum: 276]
      [Scan RS (ms): Min: 2.1, Avg: 2.5, Max: 2.7, Diff: 0.6, Sum: 19.8]
      [Code Root Scanning (ms): Min: 0.0, Avg: 0.0, Max: 0.0, Diff: 0.0, Sum: 0.0]
      [Object Copy (ms): Min: 29.7, Avg: 29.8, Max: 30.0, Diff: 0.3, Sum: 238.4]
      [Termination (ms): Min: 0.0, Avg: 0.2, Max: 0.3, Diff: 0.3, Sum: 1.8]
         [Termination Attempts: Min: 1, Avg: 1425.4, Max: 2007, Diff: 2006, Sum: 11403]
      [GC Worker Other (ms): Min: 0.0, Avg: 0.0, Max: 0.0, Diff: 0.0, Sum: 0.1]
      [GC Worker Total (ms): Min: 62.8, Avg: 62.8, Max: 62.9, Diff: 0.2, Sum: 502.7]
      [GC Worker End (ms): Min: 71950.8, Avg: 71950.8, Max: 71950.8, Diff: 0.0]
   [Code Root Fixup: 0.0 ms]
   [Code Root Purge: 0.0 ms]
   [Clear CT: 0.1 ms]
   [Other: 0.9 ms]
      [Choose CSet: 0.0 ms]
      [Ref Proc: 0.2 ms]
      [Ref Enq: 0.0 ms]
      [Redirty Cards: 0.2 ms]
      [Humongous Register: 0.1 ms]
      [Humongous Reclaim: 0.0 ms]
      [Free CSet: 0.1 ms]
   [Eden: 7168.0K(291.0M)->0.0B(283.0M) Survivors: 42.0M->9216.0K Heap: 1087.6M(2048.0M)->1091.6M(2048.0M)]
 [Times: user=0.47 sys=0.00, real=0.06 secs] 
2020-09-29T12:25:05.665+0200: 71.952: [GC concurrent-root-region-scan-start]
2020-09-29T12:25:05.667+0200: 71.954: [GC concurrent-root-region-scan-end, 0.0023667 secs]
2020-09-29T12:25:05.667+0200: 71.954: [GC concurrent-mark-start]
2020-09-29T12:25:05.671+0200: 71.958: [GC concurrent-mark-end, 0.0035451 secs]
2020-09-29T12:25:05.671+0200: 71.958: [GC remark 2020-09-29T12:25:05.671+0200: 71.958: [Finalize Marking, 0.0002466 secs] 2020-09-29T12:25:05.672+0200: 71.958: [GC ref-proc, 0.0003736 secs] 2020-09-29T12:25:05.672+0200: 71.959: [Unloading, 0.0004593 secs], 0.0014652 secs]
 [Times: user=0.00 sys=0.00, real=0.00 secs] 
2020-09-29T12:25:05.673+0200: 71.960: [GC cleanup 1104M->36M(2048M), 0.0014936 secs]
 [Times: user=0.00 sys=0.00, real=0.00 secs] 
2020-09-29T12:25:05.675+0200: 71.962: [GC concurrent-cleanup-start]
2020-09-29T12:25:05.677+0200: 71.964: [GC concurrent-cleanup-end, 0.0019590 secs]
2020-09-29T12:25:05.834+0200: 72.121: [GC pause (G1 Evacuation Pause) (young), 0.1434694 secs]
   [Parallel Time: 142.3 ms, GC Workers: 8]
      [GC Worker Start (ms): Min: 72121.4, Avg: 72121.4, Max: 72121.5, Diff: 0.1]
      [Ext Root Scanning (ms): Min: 0.0, Avg: 0.1, Max: 0.2, Diff: 0.1, Sum: 0.6]
      [Update RS (ms): Min: 12.6, Avg: 12.8, Max: 13.0, Diff: 0.4, Sum: 102.3]
         [Processed Buffers: Min: 14, Avg: 15.4, Max: 17, Diff: 3, Sum: 123]
      [Scan RS (ms): Min: 11.8, Avg: 12.0, Max: 12.3, Diff: 0.6, Sum: 96.3]
      [Code Root Scanning (ms): Min: 0.0, Avg: 0.0, Max: 0.0, Diff: 0.0, Sum: 0.0]
      [Object Copy (ms): Min: 116.7, Avg: 117.0, Max: 117.3, Diff: 0.6, Sum: 935.6]
      [Termination (ms): Min: 0.0, Avg: 0.3, Max: 0.3, Diff: 0.3, Sum: 2.0]
         [Termination Attempts: Min: 1, Avg: 1774.6, Max: 2158, Diff: 2157, Sum: 14197]
      [GC Worker Other (ms): Min: 0.0, Avg: 0.0, Max: 0.1, Diff: 0.0, Sum: 0.2]
      [GC Worker Total (ms): Min: 142.1, Avg: 142.1, Max: 142.2, Diff: 0.2, Sum: 1137.1]
      [GC Worker End (ms): Min: 72263.6, Avg: 72263.6, Max: 72263.6, Diff: 0.0]
   [Code Root Fixup: 0.0 ms]
   [Code Root Purge: 0.0 ms]
   [Clear CT: 0.2 ms]
   [Other: 1.0 ms]
      [Choose CSet: 0.0 ms]
      [Ref Proc: 0.2 ms]
      [Ref Enq: 0.0 ms]
      [Redirty Cards: 0.3 ms]
      [Humongous Register: 0.0 ms]
      [Humongous Reclaim: 0.0 ms]
      [Free CSet: 0.2 ms]
   [Eden: 283.0M(283.0M)->0.0B(280.0M) Survivors: 9216.0K->37.0M Heap: 354.7M(2048.0M)->347.7M(2048.0M)]
 [Times: user=1.09 sys=0.00, real=0.14 secs] 
2020-09-29T12:25:06.146+0200: 72.433: [GC pause (G1 Evacuation Pause) (young), 0.1636933 secs]
   [Parallel Time: 162.4 ms, GC Workers: 8]
      [GC Worker Start (ms): Min: 72432.9, Avg: 72433.0, Max: 72433.1, Diff: 0.2]
      [Ext Root Scanning (ms): Min: 0.0, Avg: 0.1, Max: 0.2, Diff: 0.2, Sum: 0.6]
      [Update RS (ms): Min: 22.4, Avg: 22.6, Max: 23.3, Diff: 0.9, Sum: 180.6]
         [Processed Buffers: Min: 20, Avg: 22.9, Max: 26, Diff: 6, Sum: 183]
      [Scan RS (ms): Min: 15.1, Avg: 15.8, Max: 16.1, Diff: 1.0, Sum: 126.5]
      [Code Root Scanning (ms): Min: 0.0, Avg: 0.0, Max: 0.0, Diff: 0.0, Sum: 0.0]
      [Object Copy (ms): Min: 123.5, Avg: 123.6, Max: 123.8, Diff: 0.3, Sum: 989.2]
      [Termination (ms): Min: 0.0, Avg: 0.0, Max: 0.0, Diff: 0.0, Sum: 0.2]
         [Termination Attempts: Min: 1, Avg: 151.8, Max: 229, Diff: 228, Sum: 1214]
      [GC Worker Other (ms): Min: 0.0, Avg: 0.0, Max: 0.1, Diff: 0.0, Sum: 0.3]
      [GC Worker Total (ms): Min: 162.1, Avg: 162.2, Max: 162.3, Diff: 0.1, Sum: 1297.4]
      [GC Worker End (ms): Min: 72595.1, Avg: 72595.2, Max: 72595.2, Diff: 0.1]
   [Code Root Fixup: 0.0 ms]
   [Code Root Purge: 0.0 ms]
   [Clear CT: 0.2 ms]
   [Other: 1.0 ms]
      [Choose CSet: 0.0 ms]
      [Ref Proc: 0.2 ms]
      [Ref Enq: 0.0 ms]
      [Redirty Cards: 0.2 ms]
      [Humongous Register: 0.0 ms]
      [Humongous Reclaim: 0.0 ms]
      [Free CSet: 0.3 ms]
   [Eden: 280.0M(280.0M)->0.0B(281.0M) Survivors: 37.0M->40.0M Heap: 675.4M(2048.0M)->677.9M(2048.0M)]
 [Times: user=1.25 sys=0.00, real=0.16 secs] 
2020-09-29T12:25:06.472+0200: 72.758: [GC pause (G1 Evacuation Pause) (young), 0.1562126 secs]
   [Parallel Time: 154.9 ms, GC Workers: 8]
      [GC Worker Start (ms): Min: 72758.5, Avg: 72758.6, Max: 72758.7, Diff: 0.1]
      [Ext Root Scanning (ms): Min: 0.0, Avg: 0.1, Max: 0.1, Diff: 0.1, Sum: 0.5]
      [Update RS (ms): Min: 16.7, Avg: 17.5, Max: 21.9, Diff: 5.2, Sum: 140.1]
         [Processed Buffers: Min: 18, Avg: 19.8, Max: 22, Diff: 4, Sum: 158]
      [Scan RS (ms): Min: 8.8, Avg: 13.3, Max: 14.1, Diff: 5.3, Sum: 106.2]
      [Code Root Scanning (ms): Min: 0.0, Avg: 0.0, Max: 0.0, Diff: 0.0, Sum: 0.0]
      [Object Copy (ms): Min: 123.6, Avg: 123.8, Max: 123.9, Diff: 0.2, Sum: 990.5]
      [Termination (ms): Min: 0.0, Avg: 0.0, Max: 0.0, Diff: 0.0, Sum: 0.1]
         [Termination Attempts: Min: 1, Avg: 79.5, Max: 116, Diff: 115, Sum: 636]
      [GC Worker Other (ms): Min: 0.0, Avg: 0.0, Max: 0.1, Diff: 0.1, Sum: 0.3]
      [GC Worker Total (ms): Min: 154.7, Avg: 154.7, Max: 154.8, Diff: 0.1, Sum: 1237.7]
      [GC Worker End (ms): Min: 72913.3, Avg: 72913.3, Max: 72913.3, Diff: 0.0]
   [Code Root Fixup: 0.0 ms]
   [Code Root Purge: 0.0 ms]
   [Clear CT: 0.2 ms]
   [Other: 1.2 ms]
      [Choose CSet: 0.0 ms]
      [Ref Proc: 0.2 ms]
      [Ref Enq: 0.0 ms]
      [Redirty Cards: 0.3 ms]
      [Humongous Register: 0.0 ms]
      [Humongous Reclaim: 0.0 ms]
      [Free CSet: 0.3 ms]
   [Eden: 281.0M(281.0M)->0.0B(292.0M) Survivors: 40.0M->41.0M Heap: 1004.6M(2048.0M)->1006.1M(2048.0M)]
 [Times: user=1.25 sys=0.00, real=0.16 secs] 
2020-09-29T12:25:06.639+0200: 72.926: [GC pause (G1 Humongous Allocation) (young) (initial-mark), 0.0520247 secs]
   [Parallel Time: 51.1 ms, GC Workers: 8]
      [GC Worker Start (ms): Min: 72926.5, Avg: 72926.5, Max: 72926.6, Diff: 0.2]
      [Ext Root Scanning (ms): Min: 0.0, Avg: 0.2, Max: 0.7, Diff: 0.7, Sum: 1.8]
      [Update RS (ms): Min: 29.7, Avg: 30.4, Max: 30.9, Diff: 1.3, Sum: 243.0]
         [Processed Buffers: Min: 35, Avg: 35.9, Max: 37, Diff: 2, Sum: 287]
      [Scan RS (ms): Min: 2.0, Avg: 2.5, Max: 2.7, Diff: 0.7, Sum: 19.7]
      [Code Root Scanning (ms): Min: 0.0, Avg: 0.0, Max: 0.0, Diff: 0.0, Sum: 0.0]
      [Object Copy (ms): Min: 17.7, Avg: 17.8, Max: 17.8, Diff: 0.1, Sum: 142.0]
      [Termination (ms): Min: 0.0, Avg: 0.0, Max: 0.0, Diff: 0.0, Sum: 0.1]
         [Termination Attempts: Min: 1, Avg: 96.4, Max: 131, Diff: 130, Sum: 771]
      [GC Worker Other (ms): Min: 0.0, Avg: 0.0, Max: 0.0, Diff: 0.0, Sum: 0.1]
      [GC Worker Total (ms): Min: 50.7, Avg: 50.9, Max: 50.9, Diff: 0.2, Sum: 406.8]
      [GC Worker End (ms): Min: 72977.4, Avg: 72977.4, Max: 72977.4, Diff: 0.0]
   [Code Root Fixup: 0.0 ms]
   [Code Root Purge: 0.0 ms]
   [Clear CT: 0.2 ms]
   [Other: 0.8 ms]
      [Choose CSet: 0.0 ms]
      [Ref Proc: 0.1 ms]
      [Ref Enq: 0.0 ms]
      [Redirty Cards: 0.1 ms]
      [Humongous Register: 0.1 ms]
      [Humongous Reclaim: 0.0 ms]
      [Free CSet: 0.1 ms]
   [Eden: 3072.0K(292.0M)->0.0B(343.0M) Survivors: 41.0M->6144.0K Heap: 1009.1M(2048.0M)->1013.1M(2048.0M)]
 [Times: user=0.38 sys=0.00, real=0.05 secs] 
2020-09-29T12:25:06.692+0200: 72.978: [GC concurrent-root-region-scan-start]
2020-09-29T12:25:06.692+0200: 72.979: [GC concurrent-root-region-scan-end, 0.0009225 secs]
2020-09-29T12:25:06.692+0200: 72.979: [GC concurrent-mark-start]
2020-09-29T12:25:06.696+0200: 72.983: [GC concurrent-mark-end, 0.0034621 secs]
2020-09-29T12:25:06.696+0200: 72.983: [GC remark 2020-09-29T12:25:06.696+0200: 72.983: [Finalize Marking, 0.0002396 secs] 2020-09-29T12:25:06.697+0200: 72.983: [GC ref-proc, 0.0004414 secs] 2020-09-29T12:25:06.697+0200: 72.984: [Unloading, 0.0004860 secs], 0.0017843 secs]
 [Times: user=0.00 sys=0.00, real=0.00 secs] 
2020-09-29T12:25:06.698+0200: 72.985: [GC cleanup 1023M->30M(2048M), 0.0016988 secs]
 [Times: user=0.00 sys=0.00, real=0.00 secs] 
2020-09-29T12:25:06.700+0200: 72.987: [GC concurrent-cleanup-start]
2020-09-29T12:25:06.701+0200: 72.988: [GC concurrent-cleanup-end, 0.0012158 secs]
2020-09-29T12:25:06.899+0200: 73.185: [GC pause (G1 Evacuation Pause) (young), 0.1811204 secs]
   [Parallel Time: 179.9 ms, GC Workers: 8]
      [GC Worker Start (ms): Min: 73185.6, Avg: 73185.7, Max: 73185.7, Diff: 0.2]
      [Ext Root Scanning (ms): Min: 0.0, Avg: 0.1, Max: 0.2, Diff: 0.2, Sum: 0.6]
      [Update RS (ms): Min: 19.0, Avg: 19.2, Max: 19.5, Diff: 0.4, Sum: 153.5]
         [Processed Buffers: Min: 17, Avg: 19.4, Max: 21, Diff: 4, Sum: 155]
      [Scan RS (ms): Min: 19.7, Avg: 20.2, Max: 20.6, Diff: 1.0, Sum: 161.2]
      [Code Root Scanning (ms): Min: 0.0, Avg: 0.0, Max: 0.0, Diff: 0.0, Sum: 0.0]
      [Object Copy (ms): Min: 139.8, Avg: 140.2, Max: 140.4, Diff: 0.6, Sum: 1121.2]
      [Termination (ms): Min: 0.0, Avg: 0.0, Max: 0.0, Diff: 0.0, Sum: 0.0]
         [Termination Attempts: Min: 1, Avg: 22.4, Max: 33, Diff: 32, Sum: 179]
      [GC Worker Other (ms): Min: 0.0, Avg: 0.1, Max: 0.1, Diff: 0.0, Sum: 0.5]
      [GC Worker Total (ms): Min: 179.6, Avg: 179.6, Max: 179.7, Diff: 0.1, Sum: 1437.1]
      [GC Worker End (ms): Min: 73365.3, Avg: 73365.3, Max: 73365.3, Diff: 0.0]
   [Code Root Fixup: 0.0 ms]
   [Code Root Purge: 0.0 ms]
   [Clear CT: 0.2 ms]
   [Other: 1.0 ms]
      [Choose CSet: 0.0 ms]
      [Ref Proc: 0.2 ms]
      [Ref Enq: 0.0 ms]
      [Redirty Cards: 0.3 ms]
      [Humongous Register: 0.0 ms]
      [Humongous Reclaim: 0.0 ms]
      [Free CSet: 0.3 ms]
   [Eden: 343.0M(343.0M)->0.0B(301.0M) Survivors: 6144.0K->44.0M Heap: 420.7M(2048.0M)->417.2M(2048.0M)]
 [Times: user=1.33 sys=0.03, real=0.18 secs] 
2020-09-29T12:25:07.250+0200: 73.537: [GC pause (G1 Evacuation Pause) (young), 0.1707294 secs]
   [Parallel Time: 169.5 ms, GC Workers: 8]
      [GC Worker Start (ms): Min: 73536.7, Avg: 73536.9, Max: 73536.9, Diff: 0.2]
      [Ext Root Scanning (ms): Min: 0.0, Avg: 0.1, Max: 0.2, Diff: 0.2, Sum: 0.5]
      [Update RS (ms): Min: 19.2, Avg: 19.3, Max: 19.5, Diff: 0.3, Sum: 154.7]
         [Processed Buffers: Min: 19, Avg: 21.6, Max: 24, Diff: 5, Sum: 173]
      [Scan RS (ms): Min: 17.0, Avg: 17.2, Max: 17.3, Diff: 0.3, Sum: 137.3]
      [Code Root Scanning (ms): Min: 0.0, Avg: 0.0, Max: 0.0, Diff: 0.0, Sum: 0.0]
      [Object Copy (ms): Min: 132.5, Avg: 132.6, Max: 132.7, Diff: 0.2, Sum: 1060.7]
      [Termination (ms): Min: 0.0, Avg: 0.1, Max: 0.1, Diff: 0.1, Sum: 0.7]
         [Termination Attempts: Min: 1, Avg: 709.4, Max: 882, Diff: 881, Sum: 5675]
      [GC Worker Other (ms): Min: 0.0, Avg: 0.0, Max: 0.1, Diff: 0.1, Sum: 0.3]
      [GC Worker Total (ms): Min: 169.2, Avg: 169.3, Max: 169.4, Diff: 0.2, Sum: 1354.2]
      [GC Worker End (ms): Min: 73706.1, Avg: 73706.1, Max: 73706.2, Diff: 0.1]
   [Code Root Fixup: 0.0 ms]
   [Code Root Purge: 0.0 ms]
   [Clear CT: 0.2 ms]
   [Other: 1.0 ms]
      [Choose CSet: 0.0 ms]
      [Ref Proc: 0.2 ms]
      [Ref Enq: 0.0 ms]
      [Redirty Cards: 0.2 ms]
      [Humongous Register: 0.0 ms]
      [Humongous Reclaim: 0.0 ms]
      [Free CSet: 0.3 ms]
   [Eden: 301.0M(301.0M)->0.0B(301.0M) Survivors: 44.0M->44.0M Heap: 769.7M(2048.0M)->771.2M(2048.0M)]
 [Times: user=1.33 sys=0.05, real=0.17 secs] 
2020-09-29T12:25:07.604+0200: 73.891: [GC pause (G1 Evacuation Pause) (young), 0.1801810 secs]
   [Parallel Time: 179.1 ms, GC Workers: 8]
      [GC Worker Start (ms): Min: 73891.0, Avg: 73891.1, Max: 73891.2, Diff: 0.2]
      [Ext Root Scanning (ms): Min: 0.0, Avg: 0.1, Max: 0.2, Diff: 0.2, Sum: 0.6]
      [Update RS (ms): Min: 19.0, Avg: 19.2, Max: 19.5, Diff: 0.4, Sum: 153.8]
         [Processed Buffers: Min: 17, Avg: 19.1, Max: 22, Diff: 5, Sum: 153]
      [Scan RS (ms): Min: 19.2, Avg: 19.8, Max: 22.4, Diff: 3.2, Sum: 158.3]
      [Code Root Scanning (ms): Min: 0.0, Avg: 0.0, Max: 0.0, Diff: 0.0, Sum: 0.0]
      [Object Copy (ms): Min: 136.7, Avg: 139.4, Max: 139.8, Diff: 3.2, Sum: 1114.9]
      [Termination (ms): Min: 0.0, Avg: 0.1, Max: 0.2, Diff: 0.2, Sum: 0.9]
         [Termination Attempts: Min: 1, Avg: 835.3, Max: 1083, Diff: 1082, Sum: 6682]
      [GC Worker Other (ms): Min: 0.0, Avg: 0.2, Max: 0.3, Diff: 0.3, Sum: 1.3]
      [GC Worker Total (ms): Min: 178.5, Avg: 178.7, Max: 179.0, Diff: 0.5, Sum: 1429.9]
      [GC Worker End (ms): Min: 74069.7, Avg: 74069.9, Max: 74070.0, Diff: 0.3]
   [Code Root Fixup: 0.0 ms]
   [Code Root Purge: 0.0 ms]
   [Clear CT: 0.2 ms]
   [Other: 0.9 ms]
      [Choose CSet: 0.0 ms]
      [Ref Proc: 0.2 ms]
      [Ref Enq: 0.0 ms]
      [Redirty Cards: 0.2 ms]
      [Humongous Register: 0.0 ms]
      [Humongous Reclaim: 0.0 ms]
      [Free CSet: 0.3 ms]
   [Eden: 301.0M(301.0M)->0.0B(293.0M) Survivors: 44.0M->44.0M Heap: 1121.8M(2048.0M)->1124.3M(2048.0M)]
 [Times: user=1.34 sys=0.00, real=0.18 secs] 
2020-09-29T12:25:07.795+0200: 74.082: [GC pause (G1 Humongous Allocation) (young) (initial-mark), 0.0597625 secs]
   [Parallel Time: 58.8 ms, GC Workers: 8]
      [GC Worker Start (ms): Min: 74082.2, Avg: 74082.2, Max: 74082.2, Diff: 0.1]
      [Ext Root Scanning (ms): Min: 0.0, Avg: 0.1, Max: 0.1, Diff: 0.1, Sum: 0.6]
      [Update RS (ms): Min: 34.5, Avg: 34.7, Max: 35.0, Diff: 0.5, Sum: 277.8]
         [Processed Buffers: Min: 40, Avg: 42.1, Max: 46, Diff: 6, Sum: 337]
      [Scan RS (ms): Min: 2.4, Avg: 2.6, Max: 2.9, Diff: 0.5, Sum: 21.1]
      [Code Root Scanning (ms): Min: 0.0, Avg: 0.0, Max: 0.0, Diff: 0.0, Sum: 0.0]
      [Object Copy (ms): Min: 21.1, Avg: 21.1, Max: 21.1, Diff: 0.1, Sum: 168.9]
      [Termination (ms): Min: 0.0, Avg: 0.0, Max: 0.0, Diff: 0.0, Sum: 0.1]
         [Termination Attempts: Min: 1, Avg: 118.3, Max: 152, Diff: 151, Sum: 946]
      [GC Worker Other (ms): Min: 0.0, Avg: 0.0, Max: 0.0, Diff: 0.0, Sum: 0.1]
      [GC Worker Total (ms): Min: 58.5, Avg: 58.6, Max: 58.6, Diff: 0.1, Sum: 468.7]
      [GC Worker End (ms): Min: 74140.8, Avg: 74140.8, Max: 74140.8, Diff: 0.0]
   [Code Root Fixup: 0.0 ms]
   [Code Root Purge: 0.0 ms]
   [Clear CT: 0.1 ms]
   [Other: 0.8 ms]
      [Choose CSet: 0.0 ms]
      [Ref Proc: 0.1 ms]
      [Ref Enq: 0.0 ms]
      [Redirty Cards: 0.2 ms]
      [Humongous Register: 0.1 ms]
      [Humongous Reclaim: 0.0 ms]
      [Free CSet: 0.1 ms]
   [Eden: 5120.0K(293.0M)->0.0B(332.0M) Survivors: 44.0M->7168.0K Heap: 1129.3M(2048.0M)->1133.3M(2048.0M)]
 [Times: user=0.50 sys=0.00, real=0.06 secs] 
2020-09-29T12:25:07.856+0200: 74.142: [GC concurrent-root-region-scan-start]
2020-09-29T12:25:07.857+0200: 74.143: [GC concurrent-root-region-scan-end, 0.0015619 secs]
2020-09-29T12:25:07.857+0200: 74.143: [GC concurrent-mark-start]
2020-09-29T12:25:07.860+0200: 74.147: [GC concurrent-mark-end, 0.0033002 secs]
2020-09-29T12:25:07.860+0200: 74.147: [GC remark 2020-09-29T12:25:07.860+0200: 74.147: [Finalize Marking, 0.0001944 secs] 2020-09-29T12:25:07.860+0200: 74.147: [GC ref-proc, 0.0003224 secs] 2020-09-29T12:25:07.861+0200: 74.148: [Unloading, 0.0005030 secs], 0.0013726 secs]
 [Times: user=0.00 sys=0.00, real=0.00 secs] 
2020-09-29T12:25:07.862+0200: 74.149: [GC cleanup 1144M->32M(2048M), 0.0016973 secs]
 [Times: user=0.08 sys=0.00, real=0.00 secs] 
2020-09-29T12:25:07.864+0200: 74.151: [GC concurrent-cleanup-start]
2020-09-29T12:25:07.866+0200: 74.153: [GC concurrent-cleanup-end, 0.0020436 secs]
2020-09-29T12:25:08.062+0200: 74.349: [GC pause (G1 Evacuation Pause) (young), 0.1874855 secs]
   [Parallel Time: 186.2 ms, GC Workers: 8]
      [GC Worker Start (ms): Min: 74349.6, Avg: 74349.7, Max: 74349.8, Diff: 0.3]
      [Ext Root Scanning (ms): Min: 0.0, Avg: 0.1, Max: 0.2, Diff: 0.2, Sum: 0.7]
      [Update RS (ms): Min: 22.5, Avg: 22.7, Max: 23.3, Diff: 0.9, Sum: 181.4]
         [Processed Buffers: Min: 16, Avg: 18.4, Max: 21, Diff: 5, Sum: 147]
      [Scan RS (ms): Min: 25.4, Avg: 27.3, Max: 35.8, Diff: 10.5, Sum: 218.6]
      [Code Root Scanning (ms): Min: 0.0, Avg: 0.0, Max: 0.0, Diff: 0.0, Sum: 0.0]
      [Object Copy (ms): Min: 127.3, Avg: 135.7, Max: 137.1, Diff: 9.8, Sum: 1085.6]
      [Termination (ms): Min: 0.0, Avg: 0.1, Max: 0.1, Diff: 0.1, Sum: 0.7]
         [Termination Attempts: Min: 1, Avg: 681.5, Max: 860, Diff: 859, Sum: 5452]
      [GC Worker Other (ms): Min: 0.0, Avg: 0.0, Max: 0.1, Diff: 0.1, Sum: 0.3]
      [GC Worker Total (ms): Min: 185.8, Avg: 185.9, Max: 186.1, Diff: 0.3, Sum: 1487.4]
      [GC Worker End (ms): Min: 74535.6, Avg: 74535.6, Max: 74535.7, Diff: 0.1]
   [Code Root Fixup: 0.0 ms]
   [Code Root Purge: 0.0 ms]
   [Clear CT: 0.2 ms]
   [Other: 1.1 ms]
      [Choose CSet: 0.0 ms]
      [Ref Proc: 0.2 ms]
      [Ref Enq: 0.0 ms]
      [Redirty Cards: 0.2 ms]
      [Humongous Register: 0.0 ms]
      [Humongous Reclaim: 0.0 ms]
      [Free CSet: 0.3 ms]
   [Eden: 332.0M(332.0M)->0.0B(274.0M) Survivors: 7168.0K->43.0M Heap: 411.2M(2048.0M)->407.2M(2048.0M)]
 [Times: user=1.45 sys=0.02, real=0.19 secs] 
2020-09-29T12:25:08.415+0200: 74.702: [GC pause (G1 Evacuation Pause) (young), 0.1610896 secs]
   [Parallel Time: 159.7 ms, GC Workers: 8]
      [GC Worker Start (ms): Min: 74702.4, Avg: 74702.5, Max: 74702.5, Diff: 0.2]
      [Ext Root Scanning (ms): Min: 0.0, Avg: 0.2, Max: 1.0, Diff: 1.0, Sum: 1.6]
      [Update RS (ms): Min: 15.4, Avg: 16.0, Max: 16.4, Diff: 0.9, Sum: 127.8]
         [Processed Buffers: Min: 15, Avg: 16.4, Max: 17, Diff: 2, Sum: 131]
      [Scan RS (ms): Min: 15.9, Avg: 16.4, Max: 17.7, Diff: 1.8, Sum: 131.3]
      [Code Root Scanning (ms): Min: 0.0, Avg: 0.0, Max: 0.0, Diff: 0.0, Sum: 0.0]
      [Object Copy (ms): Min: 125.0, Avg: 126.3, Max: 126.6, Diff: 1.6, Sum: 1010.4]
      [Termination (ms): Min: 0.0, Avg: 0.1, Max: 0.1, Diff: 0.1, Sum: 0.7]
         [Termination Attempts: Min: 1, Avg: 616.5, Max: 819, Diff: 818, Sum: 4932]
      [GC Worker Other (ms): Min: 0.0, Avg: 0.0, Max: 0.1, Diff: 0.1, Sum: 0.3]
      [GC Worker Total (ms): Min: 158.9, Avg: 159.0, Max: 159.1, Diff: 0.2, Sum: 1272.1]
      [GC Worker End (ms): Min: 74861.4, Avg: 74861.5, Max: 74861.5, Diff: 0.1]
   [Code Root Fixup: 0.0 ms]
   [Code Root Purge: 0.0 ms]
   [Clear CT: 0.2 ms]
   [Other: 1.2 ms]
      [Choose CSet: 0.0 ms]
      [Ref Proc: 0.3 ms]
      [Ref Enq: 0.0 ms]
      [Redirty Cards: 0.3 ms]
      [Humongous Register: 0.0 ms]
      [Humongous Reclaim: 0.0 ms]
      [Free CSet: 0.3 ms]
   [Eden: 274.0M(274.0M)->0.0B(284.0M) Survivors: 43.0M->40.0M Heap: 725.1M(2048.0M)->727.6M(2048.0M)]
 [Times: user=1.25 sys=0.00, real=0.16 secs] 
2020-09-29T12:25:08.747+0200: 75.033: [GC pause (G1 Evacuation Pause) (young), 0.1638825 secs]
   [Parallel Time: 162.6 ms, GC Workers: 8]
      [GC Worker Start (ms): Min: 75033.6, Avg: 75033.7, Max: 75033.8, Diff: 0.2]
      [Ext Root Scanning (ms): Min: 0.0, Avg: 0.1, Max: 0.2, Diff: 0.2, Sum: 0.5]
      [Update RS (ms): Min: 22.2, Avg: 22.5, Max: 22.8, Diff: 0.6, Sum: 180.4]
         [Processed Buffers: Min: 22, Avg: 23.4, Max: 25, Diff: 3, Sum: 187]
      [Scan RS (ms): Min: 14.3, Avg: 14.6, Max: 15.0, Diff: 0.7, Sum: 116.8]
      [Code Root Scanning (ms): Min: 0.0, Avg: 0.0, Max: 0.0, Diff: 0.0, Sum: 0.0]
      [Object Copy (ms): Min: 125.0, Avg: 125.1, Max: 125.2, Diff: 0.2, Sum: 1001.1]
      [Termination (ms): Min: 0.0, Avg: 0.1, Max: 0.1, Diff: 0.1, Sum: 0.7]
         [Termination Attempts: Min: 1, Avg: 628.0, Max: 816, Diff: 815, Sum: 5024]
      [GC Worker Other (ms): Min: 0.0, Avg: 0.0, Max: 0.1, Diff: 0.0, Sum: 0.3]
      [GC Worker Total (ms): Min: 162.4, Avg: 162.5, Max: 162.5, Diff: 0.2, Sum: 1299.7]
      [GC Worker End (ms): Min: 75196.1, Avg: 75196.2, Max: 75196.2, Diff: 0.0]
   [Code Root Fixup: 0.0 ms]
   [Code Root Purge: 0.0 ms]
   [Clear CT: 0.2 ms]
   [Other: 1.1 ms]
      [Choose CSet: 0.0 ms]
      [Ref Proc: 0.3 ms]
      [Ref Enq: 0.0 ms]
      [Redirty Cards: 0.2 ms]
      [Humongous Register: 0.0 ms]
      [Humongous Reclaim: 0.0 ms]
      [Free CSet: 0.3 ms]
   [Eden: 284.0M(284.0M)->0.0B(293.0M) Survivors: 40.0M->41.0M Heap: 1059.3M(2048.0M)->1061.3M(2048.0M)]
 [Times: user=1.22 sys=0.00, real=0.16 secs] 
2020-09-29T12:25:08.923+0200: 75.210: [GC pause (G1 Humongous Allocation) (young) (initial-mark), 0.0491856 secs]
   [Parallel Time: 48.2 ms, GC Workers: 8]
      [GC Worker Start (ms): Min: 75210.3, Avg: 75210.4, Max: 75210.4, Diff: 0.1]
      [Ext Root Scanning (ms): Min: 0.1, Avg: 0.1, Max: 0.1, Diff: 0.1, Sum: 0.7]
      [Update RS (ms): Min: 26.8, Avg: 27.1, Max: 27.3, Diff: 0.5, Sum: 216.6]
         [Processed Buffers: Min: 32, Avg: 33.3, Max: 35, Diff: 3, Sum: 266]
      [Scan RS (ms): Min: 2.3, Avg: 2.6, Max: 3.3, Diff: 0.9, Sum: 20.9]
      [Code Root Scanning (ms): Min: 0.0, Avg: 0.0, Max: 0.0, Diff: 0.0, Sum: 0.0]
      [Object Copy (ms): Min: 17.9, Avg: 18.3, Max: 18.4, Diff: 0.5, Sum: 146.5]
      [Termination (ms): Min: 0.0, Avg: 0.0, Max: 0.0, Diff: 0.0, Sum: 0.1]
         [Termination Attempts: Min: 1, Avg: 45.6, Max: 59, Diff: 58, Sum: 365]
      [GC Worker Other (ms): Min: 0.0, Avg: 0.0, Max: 0.0, Diff: 0.0, Sum: 0.2]
      [GC Worker Total (ms): Min: 48.1, Avg: 48.1, Max: 48.2, Diff: 0.1, Sum: 384.9]
      [GC Worker End (ms): Min: 75258.5, Avg: 75258.5, Max: 75258.5, Diff: 0.0]
   [Code Root Fixup: 0.0 ms]
   [Code Root Purge: 0.0 ms]
   [Clear CT: 0.2 ms]
   [Other: 0.8 ms]
      [Choose CSet: 0.0 ms]
      [Ref Proc: 0.1 ms]
      [Ref Enq: 0.0 ms]
      [Redirty Cards: 0.2 ms]
      [Humongous Register: 0.1 ms]
      [Humongous Reclaim: 0.0 ms]
      [Free CSet: 0.1 ms]
   [Eden: 3072.0K(293.0M)->0.0B(346.0M) Survivors: 41.0M->5120.0K Heap: 1064.3M(2048.0M)->1068.3M(2048.0M)]
 [Times: user=0.38 sys=0.00, real=0.05 secs] 
2020-09-29T12:25:08.973+0200: 75.260: [GC concurrent-root-region-scan-start]
2020-09-29T12:25:08.974+0200: 75.260: [GC concurrent-root-region-scan-end, 0.0009103 secs]
2020-09-29T12:25:08.974+0200: 75.260: [GC concurrent-mark-start]
2020-09-29T12:25:08.976+0200: 75.263: [GC concurrent-mark-end, 0.0027132 secs]
2020-09-29T12:25:08.977+0200: 75.263: [GC remark 2020-09-29T12:25:08.977+0200: 75.263: [Finalize Marking, 0.0001416 secs] 2020-09-29T12:25:08.977+0200: 75.264: [GC ref-proc, 0.0002844 secs] 2020-09-29T12:25:08.977+0200: 75.264: [Unloading, 0.0005249 secs], 0.0012724 secs]
 [Times: user=0.00 sys=0.00, real=0.00 secs] 
2020-09-29T12:25:08.978+0200: 75.265: [GC cleanup 1077M->28M(2048M), 0.0014902 secs]
 [Times: user=0.00 sys=0.00, real=0.00 secs] 
2020-09-29T12:25:08.980+0200: 75.267: [GC concurrent-cleanup-start]
2020-09-29T12:25:08.981+0200: 75.268: [GC concurrent-cleanup-end, 0.0013833 secs]
2020-09-29T12:25:09.171+0200: 75.458: [GC pause (G1 Evacuation Pause) (young), 0.1672512 secs]
   [Parallel Time: 165.9 ms, GC Workers: 8]
      [GC Worker Start (ms): Min: 75458.3, Avg: 75458.4, Max: 75458.4, Diff: 0.2]
      [Ext Root Scanning (ms): Min: 0.0, Avg: 0.1, Max: 0.2, Diff: 0.2, Sum: 0.6]
      [Update RS (ms): Min: 11.5, Avg: 11.6, Max: 11.6, Diff: 0.1, Sum: 92.4]
         [Processed Buffers: Min: 14, Avg: 15.3, Max: 18, Diff: 4, Sum: 122]
      [Scan RS (ms): Min: 17.4, Avg: 17.7, Max: 19.0, Diff: 1.6, Sum: 141.3]
      [Code Root Scanning (ms): Min: 0.0, Avg: 0.0, Max: 0.0, Diff: 0.0, Sum: 0.0]
      [Object Copy (ms): Min: 135.0, Avg: 136.3, Max: 136.6, Diff: 1.6, Sum: 1090.2]
      [Termination (ms): Min: 0.0, Avg: 0.1, Max: 0.2, Diff: 0.2, Sum: 1.2]
         [Termination Attempts: Min: 1, Avg: 871.6, Max: 1067, Diff: 1066, Sum: 6973]
      [GC Worker Other (ms): Min: 0.0, Avg: 0.1, Max: 0.1, Diff: 0.0, Sum: 0.6]
      [GC Worker Total (ms): Min: 165.7, Avg: 165.8, Max: 165.9, Diff: 0.1, Sum: 1326.4]
      [GC Worker End (ms): Min: 75624.1, Avg: 75624.2, Max: 75624.2, Diff: 0.1]
   [Code Root Fixup: 0.0 ms]
   [Code Root Purge: 0.0 ms]
   [Clear CT: 0.2 ms]
   [Other: 1.1 ms]
      [Choose CSet: 0.0 ms]
      [Ref Proc: 0.1 ms]
      [Ref Enq: 0.0 ms]
      [Redirty Cards: 0.3 ms]
      [Humongous Register: 0.0 ms]
      [Humongous Reclaim: 0.0 ms]
      [Free CSet: 0.4 ms]
   [Eden: 346.0M(346.0M)->0.0B(315.0M) Survivors: 5120.0K->44.0M Heap: 425.1M(2048.0M)->421.6M(2048.0M)]
 [Times: user=1.33 sys=0.02, real=0.17 secs] 
2020-09-29T12:25:09.550+0200: 75.837: [GC pause (G1 Evacuation Pause) (young), 0.1738795 secs]
   [Parallel Time: 172.7 ms, GC Workers: 8]
      [GC Worker Start (ms): Min: 75837.4, Avg: 75837.5, Max: 75837.6, Diff: 0.2]
      [Ext Root Scanning (ms): Min: 0.0, Avg: 0.1, Max: 0.2, Diff: 0.2, Sum: 0.5]
      [Update RS (ms): Min: 13.7, Avg: 14.1, Max: 14.8, Diff: 1.1, Sum: 113.0]
         [Processed Buffers: Min: 13, Avg: 14.0, Max: 15, Diff: 2, Sum: 112]
      [Scan RS (ms): Min: 22.6, Avg: 23.3, Max: 23.7, Diff: 1.1, Sum: 186.2]
      [Code Root Scanning (ms): Min: 0.0, Avg: 0.0, Max: 0.0, Diff: 0.0, Sum: 0.0]
      [Object Copy (ms): Min: 134.8, Avg: 135.0, Max: 135.1, Diff: 0.3, Sum: 1079.9]
      [Termination (ms): Min: 0.0, Avg: 0.0, Max: 0.0, Diff: 0.0, Sum: 0.1]
         [Termination Attempts: Min: 1, Avg: 103.4, Max: 140, Diff: 139, Sum: 827]
      [GC Worker Other (ms): Min: 0.0, Avg: 0.1, Max: 0.1, Diff: 0.1, Sum: 0.7]
      [GC Worker Total (ms): Min: 172.5, Avg: 172.6, Max: 172.7, Diff: 0.2, Sum: 1380.5]
      [GC Worker End (ms): Min: 76010.1, Avg: 76010.1, Max: 76010.1, Diff: 0.1]
   [Code Root Fixup: 0.0 ms]
   [Code Root Purge: 0.0 ms]
   [Clear CT: 0.2 ms]
   [Other: 1.0 ms]
      [Choose CSet: 0.0 ms]
      [Ref Proc: 0.1 ms]
      [Ref Enq: 0.0 ms]
      [Redirty Cards: 0.2 ms]
      [Humongous Register: 0.0 ms]
      [Humongous Reclaim: 0.0 ms]
      [Free CSet: 0.4 ms]
   [Eden: 315.0M(315.0M)->0.0B(304.0M) Survivors: 44.0M->45.0M Heap: 788.1M(2048.0M)->790.1M(2048.0M)]
 [Times: user=1.38 sys=0.01, real=0.17 secs] 
2020-09-29T12:25:09.895+0200: 76.182: [GC pause (G1 Evacuation Pause) (young), 0.1755282 secs]
   [Parallel Time: 174.3 ms, GC Workers: 8]
      [GC Worker Start (ms): Min: 76182.4, Avg: 76182.5, Max: 76182.6, Diff: 0.2]
      [Ext Root Scanning (ms): Min: 0.0, Avg: 0.1, Max: 0.2, Diff: 0.2, Sum: 0.5]
      [Update RS (ms): Min: 16.4, Avg: 16.4, Max: 16.6, Diff: 0.2, Sum: 131.5]
         [Processed Buffers: Min: 18, Avg: 20.6, Max: 23, Diff: 5, Sum: 165]
      [Scan RS (ms): Min: 15.4, Avg: 15.6, Max: 15.8, Diff: 0.3, Sum: 124.8]
      [Code Root Scanning (ms): Min: 0.0, Avg: 0.0, Max: 0.0, Diff: 0.0, Sum: 0.0]
      [Object Copy (ms): Min: 141.2, Avg: 141.3, Max: 141.6, Diff: 0.4, Sum: 1130.2]
      [Termination (ms): Min: 0.0, Avg: 0.3, Max: 0.4, Diff: 0.4, Sum: 2.7]
         [Termination Attempts: Min: 1, Avg: 2025.4, Max: 2663, Diff: 2662, Sum: 16203]
      [GC Worker Other (ms): Min: 0.0, Avg: 0.1, Max: 0.4, Diff: 0.3, Sum: 0.8]
      [GC Worker Total (ms): Min: 173.7, Avg: 173.8, Max: 174.0, Diff: 0.4, Sum: 1390.5]
      [GC Worker End (ms): Min: 76356.3, Avg: 76356.4, Max: 76356.6, Diff: 0.3]
   [Code Root Fixup: 0.0 ms]
   [Code Root Purge: 0.0 ms]
   [Clear CT: 0.2 ms]
   [Other: 1.0 ms]
      [Choose CSet: 0.0 ms]
      [Ref Proc: 0.3 ms]
      [Ref Enq: 0.0 ms]
      [Redirty Cards: 0.2 ms]
      [Humongous Register: 0.0 ms]
      [Humongous Reclaim: 0.0 ms]
      [Free CSet: 0.3 ms]
   [Eden: 304.0M(304.0M)->0.0B(304.0M) Survivors: 45.0M->44.0M Heap: 1145.6M(2048.0M)->1147.6M(2048.0M)]
 [Times: user=1.33 sys=0.03, real=0.18 secs] 
2020-09-29T12:25:10.086+0200: 76.373: [GC pause (G1 Humongous Allocation) (young) (initial-mark), 0.0530251 secs]
   [Parallel Time: 52.1 ms, GC Workers: 8]
      [GC Worker Start (ms): Min: 76373.4, Avg: 76373.4, Max: 76373.5, Diff: 0.1]
      [Ext Root Scanning (ms): Min: 0.0, Avg: 0.1, Max: 0.2, Diff: 0.1, Sum: 0.7]
      [Update RS (ms): Min: 29.3, Avg: 29.7, Max: 29.8, Diff: 0.5, Sum: 237.3]
         [Processed Buffers: Min: 30, Avg: 35.4, Max: 38, Diff: 8, Sum: 283]
      [Scan RS (ms): Min: 2.5, Avg: 2.7, Max: 3.0, Diff: 0.5, Sum: 21.5]
      [Code Root Scanning (ms): Min: 0.0, Avg: 0.0, Max: 0.0, Diff: 0.0, Sum: 0.0]
      [Object Copy (ms): Min: 19.4, Avg: 19.4, Max: 19.5, Diff: 0.1, Sum: 155.4]
      [Termination (ms): Min: 0.0, Avg: 0.0, Max: 0.0, Diff: 0.0, Sum: 0.1]
         [Termination Attempts: Min: 1, Avg: 77.4, Max: 98, Diff: 97, Sum: 619]
      [GC Worker Other (ms): Min: 0.0, Avg: 0.0, Max: 0.0, Diff: 0.0, Sum: 0.1]
      [GC Worker Total (ms): Min: 51.9, Avg: 51.9, Max: 52.0, Diff: 0.1, Sum: 415.2]
      [GC Worker End (ms): Min: 76425.3, Avg: 76425.3, Max: 76425.4, Diff: 0.0]
   [Code Root Fixup: 0.0 ms]
   [Code Root Purge: 0.0 ms]
   [Clear CT: 0.2 ms]
   [Other: 0.7 ms]
      [Choose CSet: 0.0 ms]
      [Ref Proc: 0.2 ms]
      [Ref Enq: 0.0 ms]
      [Redirty Cards: 0.2 ms]
      [Humongous Register: 0.0 ms]
      [Humongous Reclaim: 0.0 ms]
      [Free CSet: 0.1 ms]
   [Eden: 8192.0K(304.0M)->0.0B(338.0M) Survivors: 44.0M->9216.0K Heap: 1155.6M(2048.0M)->1159.1M(2048.0M)]
 [Times: user=0.38 sys=0.00, real=0.05 secs] 
2020-09-29T12:25:10.139+0200: 76.426: [GC concurrent-root-region-scan-start]
2020-09-29T12:25:10.141+0200: 76.428: [GC concurrent-root-region-scan-end, 0.0014548 secs]
2020-09-29T12:25:10.141+0200: 76.428: [GC concurrent-mark-start]
2020-09-29T12:25:10.143+0200: 76.430: [GC concurrent-mark-end, 0.0022714 secs]
2020-09-29T12:25:10.143+0200: 76.430: [GC remark 2020-09-29T12:25:10.143+0200: 76.430: [Finalize Marking, 0.0001721 secs] 2020-09-29T12:25:10.144+0200: 76.431: [GC ref-proc, 0.0002563 secs] 2020-09-29T12:25:10.144+0200: 76.431: [Unloading, 0.0004073 secs], 0.0011329 secs]
 [Times: user=0.06 sys=0.03, real=0.00 secs] 
2020-09-29T12:25:10.145+0200: 76.432: [GC cleanup 1169M->33M(2048M), 0.0010998 secs]
 [Times: user=0.00 sys=0.00, real=0.00 secs] 
2020-09-29T12:25:10.146+0200: 76.433: [GC concurrent-cleanup-start]
2020-09-29T12:25:10.148+0200: 76.435: [GC concurrent-cleanup-end, 0.0016148 secs]
2020-09-29T12:25:10.323+0200: 76.610: [GC pause (G1 Evacuation Pause) (young), 0.1926084 secs]
   [Parallel Time: 191.3 ms, GC Workers: 8]
      [GC Worker Start (ms): Min: 76609.7, Avg: 76609.9, Max: 76609.9, Diff: 0.2]
      [Ext Root Scanning (ms): Min: 0.0, Avg: 0.1, Max: 0.2, Diff: 0.2, Sum: 0.5]
      [Update RS (ms): Min: 18.7, Avg: 18.9, Max: 19.2, Diff: 0.5, Sum: 151.3]
         [Processed Buffers: Min: 17, Avg: 20.4, Max: 22, Diff: 5, Sum: 163]
      [Scan RS (ms): Min: 16.3, Avg: 16.6, Max: 16.9, Diff: 0.6, Sum: 133.1]
      [Code Root Scanning (ms): Min: 0.0, Avg: 0.0, Max: 0.0, Diff: 0.0, Sum: 0.0]
      [Object Copy (ms): Min: 154.1, Avg: 154.4, Max: 155.2, Diff: 1.2, Sum: 1235.6]
      [Termination (ms): Min: 0.0, Avg: 0.7, Max: 1.1, Diff: 1.1, Sum: 5.9]
         [Termination Attempts: Min: 1, Avg: 4472.9, Max: 6320, Diff: 6319, Sum: 35783]
      [GC Worker Other (ms): Min: 0.0, Avg: 0.2, Max: 0.3, Diff: 0.3, Sum: 1.4]
      [GC Worker Total (ms): Min: 190.8, Avg: 191.0, Max: 191.3, Diff: 0.5, Sum: 1527.8]
      [GC Worker End (ms): Min: 76800.7, Avg: 76800.8, Max: 76801.0, Diff: 0.3]
   [Code Root Fixup: 0.0 ms]
   [Code Root Purge: 0.0 ms]
   [Clear CT: 0.2 ms]
   [Other: 1.1 ms]
      [Choose CSet: 0.0 ms]
      [Ref Proc: 0.1 ms]
      [Ref Enq: 0.0 ms]
      [Redirty Cards: 0.4 ms]
      [Humongous Register: 0.0 ms]
      [Humongous Reclaim: 0.0 ms]
      [Free CSet: 0.3 ms]
   [Eden: 338.0M(338.0M)->0.0B(300.0M) Survivors: 9216.0K->44.0M Heap: 419.2M(2048.0M)->412.2M(2048.0M)]
 [Times: user=1.47 sys=0.00, real=0.19 secs] 
2020-09-29T12:25:10.700+0200: 76.987: [GC pause (G1 Evacuation Pause) (young), 0.1710076 secs]
   [Parallel Time: 169.8 ms, GC Workers: 8]
      [GC Worker Start (ms): Min: 76987.4, Avg: 76987.6, Max: 76987.6, Diff: 0.2]
      [Ext Root Scanning (ms): Min: 0.0, Avg: 0.1, Max: 0.2, Diff: 0.2, Sum: 0.5]
      [Update RS (ms): Min: 22.8, Avg: 23.0, Max: 23.5, Diff: 0.7, Sum: 184.4]
         [Processed Buffers: Min: 22, Avg: 23.8, Max: 25, Diff: 3, Sum: 190]
      [Scan RS (ms): Min: 16.1, Avg: 16.4, Max: 16.7, Diff: 0.7, Sum: 131.5]
      [Code Root Scanning (ms): Min: 0.0, Avg: 0.0, Max: 0.0, Diff: 0.0, Sum: 0.0]
      [Object Copy (ms): Min: 129.8, Avg: 130.0, Max: 130.0, Diff: 0.2, Sum: 1039.8]
      [Termination (ms): Min: 0.0, Avg: 0.0, Max: 0.0, Diff: 0.0, Sum: 0.1]
         [Termination Attempts: Min: 1, Avg: 49.6, Max: 70, Diff: 69, Sum: 397]
      [GC Worker Other (ms): Min: 0.0, Avg: 0.0, Max: 0.1, Diff: 0.0, Sum: 0.3]
      [GC Worker Total (ms): Min: 169.5, Avg: 169.6, Max: 169.7, Diff: 0.2, Sum: 1356.5]
      [GC Worker End (ms): Min: 77157.1, Avg: 77157.1, Max: 77157.1, Diff: 0.0]
   [Code Root Fixup: 0.0 ms]
   [Code Root Purge: 0.0 ms]
   [Clear CT: 0.2 ms]
   [Other: 1.0 ms]
      [Choose CSet: 0.0 ms]
      [Ref Proc: 0.2 ms]
      [Ref Enq: 0.0 ms]
      [Redirty Cards: 0.3 ms]
      [Humongous Register: 0.0 ms]
      [Humongous Reclaim: 0.0 ms]
      [Free CSet: 0.3 ms]
   [Eden: 300.0M(300.0M)->0.0B(301.0M) Survivors: 44.0M->43.0M Heap: 761.8M(2048.0M)->764.3M(2048.0M)]
 [Times: user=1.34 sys=0.00, real=0.17 secs] 
2020-09-29T12:25:11.039+0200: 77.326: [GC pause (G1 Evacuation Pause) (young), 0.1726980 secs]
   [Parallel Time: 171.7 ms, GC Workers: 8]
      [GC Worker Start (ms): Min: 77326.2, Avg: 77326.3, Max: 77326.3, Diff: 0.2]
      [Ext Root Scanning (ms): Min: 0.0, Avg: 0.1, Max: 0.2, Diff: 0.2, Sum: 0.5]
      [Update RS (ms): Min: 14.1, Avg: 14.2, Max: 14.6, Diff: 0.6, Sum: 113.5]
         [Processed Buffers: Min: 16, Avg: 18.3, Max: 21, Diff: 5, Sum: 146]
      [Scan RS (ms): Min: 15.9, Avg: 16.3, Max: 16.6, Diff: 0.8, Sum: 130.8]
      [Code Root Scanning (ms): Min: 0.0, Avg: 0.0, Max: 0.0, Diff: 0.0, Sum: 0.0]
      [Object Copy (ms): Min: 140.5, Avg: 140.7, Max: 141.0, Diff: 0.5, Sum: 1125.4]
      [Termination (ms): Min: 0.0, Avg: 0.2, Max: 0.2, Diff: 0.2, Sum: 1.5]
         [Termination Attempts: Min: 1, Avg: 1320.5, Max: 1635, Diff: 1634, Sum: 10564]
      [GC Worker Other (ms): Min: 0.0, Avg: 0.0, Max: 0.1, Diff: 0.0, Sum: 0.3]
      [GC Worker Total (ms): Min: 171.4, Avg: 171.5, Max: 171.6, Diff: 0.2, Sum: 1371.8]
      [GC Worker End (ms): Min: 77497.7, Avg: 77497.8, Max: 77497.8, Diff: 0.0]
   [Code Root Fixup: 0.0 ms]
   [Code Root Purge: 0.0 ms]
   [Clear CT: 0.2 ms]
   [Other: 0.8 ms]
      [Choose CSet: 0.0 ms]
      [Ref Proc: 0.2 ms]
      [Ref Enq: 0.0 ms]
      [Redirty Cards: 0.2 ms]
      [Humongous Register: 0.0 ms]
      [Humongous Reclaim: 0.0 ms]
      [Free CSet: 0.2 ms]
   [Eden: 301.0M(301.0M)->0.0B(301.0M) Survivors: 43.0M->43.0M Heap: 1116.8M(2048.0M)->1118.8M(2048.0M)]
 [Times: user=1.25 sys=0.05, real=0.17 secs] 
2020-09-29T12:25:11.225+0200: 77.511: [GC pause (G1 Humongous Allocation) (young) (initial-mark), 0.0584377 secs]
   [Parallel Time: 57.6 ms, GC Workers: 8]
      [GC Worker Start (ms): Min: 77511.6, Avg: 77511.7, Max: 77511.8, Diff: 0.2]
      [Ext Root Scanning (ms): Min: 0.0, Avg: 0.2, Max: 0.3, Diff: 0.3, Sum: 1.4]
      [Update RS (ms): Min: 32.6, Avg: 32.8, Max: 33.2, Diff: 0.6, Sum: 262.3]
         [Processed Buffers: Min: 37, Avg: 39.4, Max: 41, Diff: 4, Sum: 315]
      [Scan RS (ms): Min: 2.2, Avg: 2.6, Max: 2.9, Diff: 0.7, Sum: 20.8]
      [Code Root Scanning (ms): Min: 0.0, Avg: 0.0, Max: 0.0, Diff: 0.0, Sum: 0.0]
      [Object Copy (ms): Min: 21.8, Avg: 21.8, Max: 21.8, Diff: 0.1, Sum: 174.4]
      [Termination (ms): Min: 0.0, Avg: 0.0, Max: 0.0, Diff: 0.0, Sum: 0.0]
         [Termination Attempts: Min: 1, Avg: 18.9, Max: 27, Diff: 26, Sum: 151]
      [GC Worker Other (ms): Min: 0.0, Avg: 0.0, Max: 0.0, Diff: 0.0, Sum: 0.1]
      [GC Worker Total (ms): Min: 57.3, Avg: 57.4, Max: 57.5, Diff: 0.2, Sum: 459.1]
      [GC Worker End (ms): Min: 77569.1, Avg: 77569.1, Max: 77569.1, Diff: 0.0]
   [Code Root Fixup: 0.0 ms]
   [Code Root Purge: 0.0 ms]
   [Clear CT: 0.2 ms]
   [Other: 0.6 ms]
      [Choose CSet: 0.0 ms]
      [Ref Proc: 0.1 ms]
      [Ref Enq: 0.0 ms]
      [Redirty Cards: 0.2 ms]
      [Humongous Register: 0.0 ms]
      [Humongous Reclaim: 0.0 ms]
      [Free CSet: 0.1 ms]
   [Eden: 11.0M(301.0M)->0.0B(339.0M) Survivors: 43.0M->13.0M Heap: 1129.8M(2048.0M)->1132.8M(2048.0M)]
 [Times: user=0.38 sys=0.00, real=0.06 secs] 
2020-09-29T12:25:11.284+0200: 77.570: [GC concurrent-root-region-scan-start]
2020-09-29T12:25:11.286+0200: 77.572: [GC concurrent-root-region-scan-end, 0.0021032 secs]
2020-09-29T12:25:11.286+0200: 77.572: [GC concurrent-mark-start]
2020-09-29T12:25:11.288+0200: 77.575: [GC concurrent-mark-end, 0.0023977 secs]
2020-09-29T12:25:11.288+0200: 77.575: [GC remark 2020-09-29T12:25:11.288+0200: 77.575: [Finalize Marking, 0.0002134 secs] 2020-09-29T12:25:11.289+0200: 77.575: [GC ref-proc, 0.0002804 secs] 2020-09-29T12:25:11.289+0200: 77.575: [Unloading, 0.0004565 secs], 0.0012604 secs]
 [Times: user=0.00 sys=0.00, real=0.00 secs] 
2020-09-29T12:25:11.290+0200: 77.576: [GC cleanup 1144M->39M(2048M), 0.0013411 secs]
 [Times: user=0.00 sys=0.00, real=0.00 secs] 
2020-09-29T12:25:11.291+0200: 77.578: [GC concurrent-cleanup-start]
2020-09-29T12:25:11.293+0200: 77.579: [GC concurrent-cleanup-end, 0.0015203 secs]
2020-09-29T12:25:11.472+0200: 77.758: [GC pause (G1 Evacuation Pause) (young), 0.1726063 secs]
   [Parallel Time: 171.3 ms, GC Workers: 8]
      [GC Worker Start (ms): Min: 77758.2, Avg: 77758.2, Max: 77758.2, Diff: 0.1]
      [Ext Root Scanning (ms): Min: 0.0, Avg: 0.1, Max: 0.1, Diff: 0.1, Sum: 0.6]
      [Update RS (ms): Min: 14.5, Avg: 14.7, Max: 15.1, Diff: 0.5, Sum: 118.0]
         [Processed Buffers: Min: 17, Avg: 17.8, Max: 20, Diff: 3, Sum: 142]
      [Scan RS (ms): Min: 16.6, Avg: 16.8, Max: 17.2, Diff: 0.6, Sum: 134.6]
      [Code Root Scanning (ms): Min: 0.0, Avg: 0.0, Max: 0.0, Diff: 0.0, Sum: 0.0]
      [Object Copy (ms): Min: 139.2, Avg: 139.5, Max: 139.6, Diff: 0.4, Sum: 1115.9]
      [Termination (ms): Min: 0.0, Avg: 0.1, Max: 0.1, Diff: 0.1, Sum: 0.5]
         [Termination Attempts: Min: 1, Avg: 430.5, Max: 554, Diff: 553, Sum: 3444]
      [GC Worker Other (ms): Min: 0.0, Avg: 0.0, Max: 0.1, Diff: 0.1, Sum: 0.3]
      [GC Worker Total (ms): Min: 171.2, Avg: 171.2, Max: 171.3, Diff: 0.1, Sum: 1369.9]
      [GC Worker End (ms): Min: 77929.4, Avg: 77929.4, Max: 77929.5, Diff: 0.1]
   [Code Root Fixup: 0.0 ms]
   [Code Root Purge: 0.0 ms]
   [Clear CT: 0.2 ms]
   [Other: 1.1 ms]
      [Choose CSet: 0.0 ms]
      [Ref Proc: 0.2 ms]
      [Ref Enq: 0.0 ms]
      [Redirty Cards: 0.2 ms]
      [Humongous Register: 0.0 ms]
      [Humongous Reclaim: 0.0 ms]
      [Free CSet: 0.3 ms]
   [Eden: 339.0M(339.0M)->0.0B(313.0M) Survivors: 13.0M->44.0M Heap: 423.7M(2048.0M)->412.7M(2048.0M)]
 [Times: user=1.36 sys=0.00, real=0.17 secs] 
2020-09-29T12:25:11.825+0200: 78.111: [GC pause (G1 Evacuation Pause) (young), 0.1713776 secs]
   [Parallel Time: 170.2 ms, GC Workers: 8]
      [GC Worker Start (ms): Min: 78111.2, Avg: 78111.3, Max: 78111.4, Diff: 0.2]
      [Ext Root Scanning (ms): Min: 0.0, Avg: 0.1, Max: 0.2, Diff: 0.2, Sum: 0.7]
      [Update RS (ms): Min: 16.8, Avg: 17.1, Max: 17.4, Diff: 0.5, Sum: 137.0]
         [Processed Buffers: Min: 17, Avg: 17.6, Max: 19, Diff: 2, Sum: 141]
      [Scan RS (ms): Min: 17.6, Avg: 18.0, Max: 18.8, Diff: 1.2, Sum: 143.9]
      [Code Root Scanning (ms): Min: 0.0, Avg: 0.0, Max: 0.0, Diff: 0.0, Sum: 0.0]
      [Object Copy (ms): Min: 134.0, Avg: 134.7, Max: 134.9, Diff: 0.9, Sum: 1077.7]
      [Termination (ms): Min: 0.0, Avg: 0.0, Max: 0.1, Diff: 0.1, Sum: 0.4]
         [Termination Attempts: Min: 1, Avg: 298.3, Max: 435, Diff: 434, Sum: 2386]
      [GC Worker Other (ms): Min: 0.0, Avg: 0.0, Max: 0.1, Diff: 0.0, Sum: 0.3]
      [GC Worker Total (ms): Min: 169.9, Avg: 170.0, Max: 170.1, Diff: 0.2, Sum: 1359.9]
      [GC Worker End (ms): Min: 78281.3, Avg: 78281.3, Max: 78281.4, Diff: 0.0]
   [Code Root Fixup: 0.0 ms]
   [Code Root Purge: 0.0 ms]
   [Clear CT: 0.2 ms]
   [Other: 1.0 ms]
      [Choose CSet: 0.0 ms]
      [Ref Proc: 0.2 ms]
      [Ref Enq: 0.0 ms]
      [Redirty Cards: 0.2 ms]
      [Humongous Register: 0.0 ms]
      [Humongous Reclaim: 0.0 ms]
      [Free CSet: 0.3 ms]
   [Eden: 313.0M(313.0M)->0.0B(310.0M) Survivors: 44.0M->45.0M Heap: 777.2M(2048.0M)->779.2M(2048.0M)]
 [Times: user=1.38 sys=0.00, real=0.17 secs] 
2020-09-29T12:25:12.167+0200: 78.454: [GC pause (G1 Evacuation Pause) (young), 0.1758527 secs]
   [Parallel Time: 174.6 ms, GC Workers: 8]
      [GC Worker Start (ms): Min: 78454.3, Avg: 78454.4, Max: 78454.4, Diff: 0.2]
      [Ext Root Scanning (ms): Min: 0.0, Avg: 0.1, Max: 0.2, Diff: 0.2, Sum: 0.6]
      [Update RS (ms): Min: 18.0, Avg: 18.2, Max: 18.7, Diff: 0.7, Sum: 145.2]
         [Processed Buffers: Min: 17, Avg: 19.8, Max: 22, Diff: 5, Sum: 158]
      [Scan RS (ms): Min: 19.5, Avg: 20.1, Max: 20.3, Diff: 0.8, Sum: 161.2]
      [Code Root Scanning (ms): Min: 0.0, Avg: 0.0, Max: 0.0, Diff: 0.0, Sum: 0.0]
      [Object Copy (ms): Min: 135.8, Avg: 135.9, Max: 136.0, Diff: 0.2, Sum: 1087.4]
      [Termination (ms): Min: 0.0, Avg: 0.0, Max: 0.0, Diff: 0.0, Sum: 0.3]
         [Termination Attempts: Min: 1, Avg: 242.8, Max: 331, Diff: 330, Sum: 1942]
      [GC Worker Other (ms): Min: 0.0, Avg: 0.0, Max: 0.1, Diff: 0.1, Sum: 0.4]
      [GC Worker Total (ms): Min: 174.3, Avg: 174.4, Max: 174.5, Diff: 0.2, Sum: 1395.0]
      [GC Worker End (ms): Min: 78628.7, Avg: 78628.7, Max: 78628.8, Diff: 0.1]
   [Code Root Fixup: 0.0 ms]
   [Code Root Purge: 0.0 ms]
   [Clear CT: 0.2 ms]
   [Other: 1.0 ms]
      [Choose CSet: 0.0 ms]
      [Ref Proc: 0.2 ms]
      [Ref Enq: 0.0 ms]
      [Redirty Cards: 0.3 ms]
      [Humongous Register: 0.0 ms]
      [Humongous Reclaim: 0.0 ms]
      [Free CSet: 0.3 ms]
   [Eden: 310.0M(310.0M)->0.0B(305.0M) Survivors: 45.0M->45.0M Heap: 1142.6M(2048.0M)->1144.1M(2048.0M)]
 [Times: user=1.36 sys=0.01, real=0.18 secs] 
2020-09-29T12:25:12.360+0200: 78.647: [GC pause (G1 Humongous Allocation) (young) (initial-mark), 0.0604906 secs]
   [Parallel Time: 59.6 ms, GC Workers: 8]
      [GC Worker Start (ms): Min: 78646.7, Avg: 78646.7, Max: 78646.8, Diff: 0.1]
      [Ext Root Scanning (ms): Min: 0.0, Avg: 0.1, Max: 0.1, Diff: 0.1, Sum: 0.6]
      [Update RS (ms): Min: 30.3, Avg: 30.5, Max: 30.8, Diff: 0.5, Sum: 243.7]
         [Processed Buffers: Min: 35, Avg: 36.6, Max: 38, Diff: 3, Sum: 293]
      [Scan RS (ms): Min: 2.6, Avg: 2.9, Max: 3.1, Diff: 0.5, Sum: 23.5]
      [Code Root Scanning (ms): Min: 0.0, Avg: 0.0, Max: 0.0, Diff: 0.0, Sum: 0.0]
      [Object Copy (ms): Min: 25.8, Avg: 25.8, Max: 25.9, Diff: 0.1, Sum: 206.8]
      [Termination (ms): Min: 0.0, Avg: 0.0, Max: 0.1, Diff: 0.1, Sum: 0.4]
         [Termination Attempts: Min: 1, Avg: 306.0, Max: 388, Diff: 387, Sum: 2448]
      [GC Worker Other (ms): Min: 0.0, Avg: 0.0, Max: 0.0, Diff: 0.0, Sum: 0.1]
      [GC Worker Total (ms): Min: 59.4, Avg: 59.4, Max: 59.5, Diff: 0.1, Sum: 475.2]
      [GC Worker End (ms): Min: 78706.1, Avg: 78706.1, Max: 78706.1, Diff: 0.0]
   [Code Root Fixup: 0.0 ms]
   [Code Root Purge: 0.0 ms]
   [Clear CT: 0.2 ms]
   [Other: 0.8 ms]
      [Choose CSet: 0.0 ms]
      [Ref Proc: 0.2 ms]
      [Ref Enq: 0.0 ms]
      [Redirty Cards: 0.2 ms]
      [Humongous Register: 0.0 ms]
      [Humongous Reclaim: 0.0 ms]
      [Free CSet: 0.1 ms]
   [Eden: 11.0M(305.0M)->0.0B(327.0M) Survivors: 45.0M->13.0M Heap: 1155.1M(2048.0M)->1158.1M(2048.0M)]
 [Times: user=0.49 sys=0.00, real=0.06 secs] 
2020-09-29T12:25:12.420+0200: 78.707: [GC concurrent-root-region-scan-start]
2020-09-29T12:25:12.423+0200: 78.710: [GC concurrent-root-region-scan-end, 0.0023497 secs]
2020-09-29T12:25:12.423+0200: 78.710: [GC concurrent-mark-start]
2020-09-29T12:25:12.425+0200: 78.712: [GC concurrent-mark-end, 0.0025421 secs]
2020-09-29T12:25:12.425+0200: 78.712: [GC remark 2020-09-29T12:25:12.425+0200: 78.712: [Finalize Marking, 0.0002042 secs] 2020-09-29T12:25:12.426+0200: 78.712: [GC ref-proc, 0.0002862 secs] 2020-09-29T12:25:12.426+0200: 78.713: [Unloading, 0.0005166 secs], 0.0013122 secs]
 [Times: user=0.01 sys=0.00, real=0.00 secs] 
2020-09-29T12:25:12.429+0200: 78.716: [GC cleanup 1170M->39M(2048M), 0.0016445 secs]
 [Times: user=0.00 sys=0.00, real=0.00 secs] 
2020-09-29T12:25:12.430+0200: 78.717: [GC concurrent-cleanup-start]
2020-09-29T12:25:12.432+0200: 78.719: [GC concurrent-cleanup-end, 0.0016751 secs]
2020-09-29T12:25:12.605+0200: 78.892: [GC pause (G1 Evacuation Pause) (young), 0.1774459 secs]
   [Parallel Time: 176.2 ms, GC Workers: 8]
      [GC Worker Start (ms): Min: 78892.5, Avg: 78892.6, Max: 78892.7, Diff: 0.2]
      [Ext Root Scanning (ms): Min: 0.0, Avg: 0.1, Max: 0.2, Diff: 0.2, Sum: 0.5]
      [Update RS (ms): Min: 19.5, Avg: 19.8, Max: 20.2, Diff: 0.6, Sum: 158.5]
         [Processed Buffers: Min: 17, Avg: 20.1, Max: 24, Diff: 7, Sum: 161]
      [Scan RS (ms): Min: 15.9, Avg: 16.3, Max: 16.5, Diff: 0.7, Sum: 130.2]
      [Code Root Scanning (ms): Min: 0.0, Avg: 0.0, Max: 0.0, Diff: 0.0, Sum: 0.0]
      [Object Copy (ms): Min: 139.5, Avg: 139.7, Max: 139.8, Diff: 0.3, Sum: 1117.5]
      [Termination (ms): Min: 0.0, Avg: 0.0, Max: 0.0, Diff: 0.0, Sum: 0.2]
         [Termination Attempts: Min: 1, Avg: 171.4, Max: 222, Diff: 221, Sum: 1371]
      [GC Worker Other (ms): Min: 0.0, Avg: 0.0, Max: 0.1, Diff: 0.1, Sum: 0.3]
      [GC Worker Total (ms): Min: 175.8, Avg: 175.9, Max: 176.0, Diff: 0.2, Sum: 1407.3]
      [GC Worker End (ms): Min: 79068.5, Avg: 79068.5, Max: 79068.6, Diff: 0.1]
   [Code Root Fixup: 0.0 ms]
   [Code Root Purge: 0.0 ms]
   [Clear CT: 0.2 ms]
   [Other: 1.1 ms]
      [Choose CSet: 0.0 ms]
      [Ref Proc: 0.2 ms]
      [Ref Enq: 0.0 ms]
      [Redirty Cards: 0.2 ms]
      [Humongous Register: 0.0 ms]
      [Humongous Reclaim: 0.0 ms]
      [Free CSet: 0.3 ms]
   [Eden: 327.0M(327.0M)->0.0B(298.0M) Survivors: 13.0M->43.0M Heap: 409.8M(2048.0M)->399.3M(2048.0M)]
 [Times: user=1.28 sys=0.02, real=0.18 secs] 
2020-09-29T12:25:12.959+0200: 79.246: [GC pause (G1 Evacuation Pause) (young), 0.1708110 secs]
   [Parallel Time: 169.7 ms, GC Workers: 8]
      [GC Worker Start (ms): Min: 79246.4, Avg: 79246.6, Max: 79246.7, Diff: 0.2]
      [Ext Root Scanning (ms): Min: 0.0, Avg: 0.0, Max: 0.2, Diff: 0.2, Sum: 0.4]
      [Update RS (ms): Min: 20.3, Avg: 20.5, Max: 20.9, Diff: 0.6, Sum: 164.2]
         [Processed Buffers: Min: 21, Avg: 22.4, Max: 24, Diff: 3, Sum: 179]
      [Scan RS (ms): Min: 15.6, Avg: 16.0, Max: 16.6, Diff: 1.0, Sum: 128.4]
      [Code Root Scanning (ms): Min: 0.0, Avg: 0.0, Max: 0.0, Diff: 0.0, Sum: 0.0]
      [Object Copy (ms): Min: 132.4, Avg: 132.8, Max: 132.9, Diff: 0.5, Sum: 1062.3]
      [Termination (ms): Min: 0.0, Avg: 0.0, Max: 0.0, Diff: 0.0, Sum: 0.1]
         [Termination Attempts: Min: 1, Avg: 80.5, Max: 103, Diff: 102, Sum: 644]
      [GC Worker Other (ms): Min: 0.0, Avg: 0.0, Max: 0.1, Diff: 0.1, Sum: 0.3]
      [GC Worker Total (ms): Min: 169.4, Avg: 169.5, Max: 169.6, Diff: 0.2, Sum: 1355.7]
      [GC Worker End (ms): Min: 79416.0, Avg: 79416.0, Max: 79416.1, Diff: 0.1]
   [Code Root Fixup: 0.0 ms]
   [Code Root Purge: 0.0 ms]
   [Clear CT: 0.2 ms]
   [Other: 0.8 ms]
      [Choose CSet: 0.0 ms]
      [Ref Proc: 0.2 ms]
      [Ref Enq: 0.0 ms]
      [Redirty Cards: 0.2 ms]
      [Humongous Register: 0.0 ms]
      [Humongous Reclaim: 0.0 ms]
      [Free CSet: 0.2 ms]
   [Eden: 298.0M(298.0M)->0.0B(300.0M) Survivors: 43.0M->43.0M Heap: 746.9M(2048.0M)->749.9M(2048.0M)]
 [Times: user=1.38 sys=0.00, real=0.17 secs] 
2020-09-29T12:25:13.314+0200: 79.601: [GC pause (G1 Evacuation Pause) (young), 0.1648825 secs]
   [Parallel Time: 163.3 ms, GC Workers: 8]
      [GC Worker Start (ms): Min: 79601.1, Avg: 79601.2, Max: 79601.3, Diff: 0.2]
      [Ext Root Scanning (ms): Min: 0.0, Avg: 0.1, Max: 0.2, Diff: 0.2, Sum: 0.5]
      [Update RS (ms): Min: 17.8, Avg: 18.1, Max: 18.3, Diff: 0.5, Sum: 144.4]
         [Processed Buffers: Min: 16, Avg: 18.5, Max: 21, Diff: 5, Sum: 148]
      [Scan RS (ms): Min: 16.5, Avg: 16.7, Max: 16.9, Diff: 0.5, Sum: 133.3]
      [Code Root Scanning (ms): Min: 0.0, Avg: 0.0, Max: 0.0, Diff: 0.0, Sum: 0.0]
      [Object Copy (ms): Min: 128.1, Avg: 128.2, Max: 128.3, Diff: 0.2, Sum: 1025.6]
      [Termination (ms): Min: 0.0, Avg: 0.0, Max: 0.0, Diff: 0.0, Sum: 0.2]
         [Termination Attempts: Min: 1, Avg: 177.3, Max: 240, Diff: 239, Sum: 1418]
      [GC Worker Other (ms): Min: 0.0, Avg: 0.0, Max: 0.1, Diff: 0.1, Sum: 0.4]
      [GC Worker Total (ms): Min: 163.0, Avg: 163.1, Max: 163.1, Diff: 0.1, Sum: 1304.4]
      [GC Worker End (ms): Min: 79764.2, Avg: 79764.3, Max: 79764.3, Diff: 0.1]
   [Code Root Fixup: 0.0 ms]
   [Code Root Purge: 0.0 ms]
   [Clear CT: 0.4 ms]
   [Other: 1.2 ms]
      [Choose CSet: 0.0 ms]
      [Ref Proc: 0.2 ms]
      [Ref Enq: 0.0 ms]
      [Redirty Cards: 0.4 ms]
      [Humongous Register: 0.0 ms]
      [Humongous Reclaim: 0.0 ms]
      [Free CSet: 0.3 ms]
   [Eden: 300.0M(300.0M)->0.0B(305.0M) Survivors: 43.0M->43.0M Heap: 1099.5M(2048.0M)->1101.0M(2048.0M)]
 [Times: user=1.33 sys=0.05, real=0.17 secs] 
2020-09-29T12:25:13.487+0200: 79.774: [GC pause (G1 Humongous Allocation) (young) (initial-mark), 0.0598184 secs]
   [Parallel Time: 58.9 ms, GC Workers: 8]
      [GC Worker Start (ms): Min: 79774.1, Avg: 79774.2, Max: 79774.3, Diff: 0.2]
      [Ext Root Scanning (ms): Min: 0.0, Avg: 1.1, Max: 7.8, Diff: 7.8, Sum: 8.9]
      [Update RS (ms): Min: 29.0, Avg: 36.0, Max: 37.2, Diff: 8.2, Sum: 288.3]
         [Processed Buffers: Min: 38, Avg: 45.0, Max: 49, Diff: 11, Sum: 360]
      [Scan RS (ms): Min: 2.3, Avg: 2.5, Max: 2.8, Diff: 0.5, Sum: 20.3]
      [Code Root Scanning (ms): Min: 0.0, Avg: 0.0, Max: 0.0, Diff: 0.0, Sum: 0.0]
      [Object Copy (ms): Min: 18.9, Avg: 19.0, Max: 19.0, Diff: 0.1, Sum: 151.7]
      [Termination (ms): Min: 0.0, Avg: 0.0, Max: 0.0, Diff: 0.0, Sum: 0.2]
         [Termination Attempts: Min: 1, Avg: 222.4, Max: 288, Diff: 287, Sum: 1779]
      [GC Worker Other (ms): Min: 0.0, Avg: 0.0, Max: 0.0, Diff: 0.0, Sum: 0.2]
      [GC Worker Total (ms): Min: 58.6, Avg: 58.7, Max: 58.8, Diff: 0.2, Sum: 469.7]
      [GC Worker End (ms): Min: 79832.9, Avg: 79832.9, Max: 79832.9, Diff: 0.0]
   [Code Root Fixup: 0.0 ms]
   [Code Root Purge: 0.0 ms]
   [Clear CT: 0.2 ms]
   [Other: 0.8 ms]
      [Choose CSet: 0.0 ms]
      [Ref Proc: 0.2 ms]
      [Ref Enq: 0.0 ms]
      [Redirty Cards: 0.2 ms]
      [Humongous Register: 0.1 ms]
      [Humongous Reclaim: 0.0 ms]
      [Free CSet: 0.1 ms]
   [Eden: 3072.0K(305.0M)->0.0B(342.0M) Survivors: 43.0M->5120.0K Heap: 1103.5M(2048.0M)->1107.0M(2048.0M)]
 [Times: user=0.47 sys=0.00, real=0.06 secs] 
2020-09-29T12:25:13.547+0200: 79.834: [GC concurrent-root-region-scan-start]
2020-09-29T12:25:13.547+0200: 79.834: [GC concurrent-root-region-scan-end, 0.0004541 secs]
2020-09-29T12:25:13.547+0200: 79.834: [GC concurrent-mark-start]
2020-09-29T12:25:13.550+0200: 79.837: [GC concurrent-mark-end, 0.0027942 secs]
2020-09-29T12:25:13.550+0200: 79.837: [GC remark 2020-09-29T12:25:13.550+0200: 79.837: [Finalize Marking, 0.0004074 secs] 2020-09-29T12:25:13.551+0200: 79.838: [GC ref-proc, 0.0002822 secs] 2020-09-29T12:25:13.551+0200: 79.838: [Unloading, 0.0004519 secs], 0.0015328 secs]
 [Times: user=0.09 sys=0.00, real=0.00 secs] 
2020-09-29T12:25:13.552+0200: 79.839: [GC cleanup 1114M->27M(2048M), 0.0028518 secs]
 [Times: user=0.00 sys=0.00, real=0.00 secs] 
2020-09-29T12:25:13.555+0200: 79.842: [GC concurrent-cleanup-start]
2020-09-29T12:25:13.557+0200: 79.844: [GC concurrent-cleanup-end, 0.0016870 secs]
2020-09-29T12:25:13.743+0200: 80.030: [GC pause (G1 Evacuation Pause) (young), 0.1660891 secs]
   [Parallel Time: 164.9 ms, GC Workers: 8]
      [GC Worker Start (ms): Min: 80029.9, Avg: 80030.0, Max: 80030.1, Diff: 0.2]
      [Ext Root Scanning (ms): Min: 0.0, Avg: 0.1, Max: 0.2, Diff: 0.2, Sum: 0.5]
      [Update RS (ms): Min: 20.1, Avg: 20.5, Max: 20.9, Diff: 0.8, Sum: 163.9]
         [Processed Buffers: Min: 21, Avg: 24.0, Max: 25, Diff: 4, Sum: 192]
      [Scan RS (ms): Min: 13.3, Avg: 13.6, Max: 14.0, Diff: 0.7, Sum: 109.0]
      [Code Root Scanning (ms): Min: 0.0, Avg: 0.0, Max: 0.0, Diff: 0.0, Sum: 0.0]
      [Object Copy (ms): Min: 130.4, Avg: 130.4, Max: 130.4, Diff: 0.1, Sum: 1043.2]
      [Termination (ms): Min: 0.0, Avg: 0.0, Max: 0.0, Diff: 0.0, Sum: 0.2]
         [Termination Attempts: Min: 1, Avg: 210.4, Max: 279, Diff: 278, Sum: 1683]
      [GC Worker Other (ms): Min: 0.0, Avg: 0.0, Max: 0.1, Diff: 0.0, Sum: 0.3]
      [GC Worker Total (ms): Min: 164.6, Avg: 164.6, Max: 164.8, Diff: 0.2, Sum: 1317.1]
      [GC Worker End (ms): Min: 80194.7, Avg: 80194.7, Max: 80194.7, Diff: 0.0]
   [Code Root Fixup: 0.0 ms]
   [Code Root Purge: 0.0 ms]
   [Clear CT: 0.2 ms]
   [Other: 1.0 ms]
      [Choose CSet: 0.0 ms]
      [Ref Proc: 0.2 ms]
      [Ref Enq: 0.0 ms]
      [Redirty Cards: 0.2 ms]
      [Humongous Register: 0.0 ms]
      [Humongous Reclaim: 0.0 ms]
      [Free CSet: 0.3 ms]
   [Eden: 342.0M(342.0M)->0.0B(319.0M) Survivors: 5120.0K->44.0M Heap: 419.2M(2048.0M)->416.2M(2048.0M)]
 [Times: user=1.25 sys=0.00, real=0.17 secs] 
2020-09-29T12:25:14.119+0200: 80.406: [GC pause (G1 Evacuation Pause) (young), 0.3394922 secs]
   [Parallel Time: 335.5 ms, GC Workers: 8]
      [GC Worker Start (ms): Min: 80405.8, Avg: 80405.9, Max: 80406.0, Diff: 0.2]
      [Ext Root Scanning (ms): Min: 0.0, Avg: 0.1, Max: 0.2, Diff: 0.2, Sum: 0.9]
      [Update RS (ms): Min: 24.5, Avg: 24.9, Max: 25.6, Diff: 1.1, Sum: 199.2]
         [Processed Buffers: Min: 15, Avg: 16.5, Max: 17, Diff: 2, Sum: 132]
      [Scan RS (ms): Min: 34.3, Avg: 35.0, Max: 35.7, Diff: 1.4, Sum: 280.1]
      [Code Root Scanning (ms): Min: 0.0, Avg: 0.0, Max: 0.0, Diff: 0.0, Sum: 0.1]
      [Object Copy (ms): Min: 274.4, Avg: 274.7, Max: 274.9, Diff: 0.5, Sum: 2197.7]
      [Termination (ms): Min: 0.0, Avg: 0.4, Max: 0.5, Diff: 0.5, Sum: 2.9]
         [Termination Attempts: Min: 1, Avg: 1415.1, Max: 1830, Diff: 1829, Sum: 11321]
      [GC Worker Other (ms): Min: 0.0, Avg: 0.1, Max: 0.1, Diff: 0.1, Sum: 0.5]
      [GC Worker Total (ms): Min: 335.1, Avg: 335.2, Max: 335.3, Diff: 0.2, Sum: 2681.4]
      [GC Worker End (ms): Min: 80741.1, Avg: 80741.1, Max: 80741.2, Diff: 0.1]
   [Code Root Fixup: 0.0 ms]
   [Code Root Purge: 0.0 ms]
   [Clear CT: 0.5 ms]
   [Other: 3.5 ms]
      [Choose CSet: 0.0 ms]
      [Ref Proc: 0.3 ms]
      [Ref Enq: 0.0 ms]
      [Redirty Cards: 2.5 ms]
      [Humongous Register: 0.1 ms]
      [Humongous Reclaim: 0.0 ms]
      [Free CSet: 0.3 ms]
   [Eden: 319.0M(319.0M)->0.0B(164.0M) Survivors: 44.0M->46.0M Heap: 788.6M(2048.0M)->790.6M(2048.0M)]
 [Times: user=2.45 sys=0.08, real=0.34 secs] 
2020-09-29T12:25:14.645+0200: 80.931: [GC pause (G1 Evacuation Pause) (young), 0.1973927 secs]
   [Parallel Time: 195.8 ms, GC Workers: 8]
      [GC Worker Start (ms): Min: 80931.6, Avg: 80931.7, Max: 80931.9, Diff: 0.3]
      [Ext Root Scanning (ms): Min: 0.0, Avg: 0.1, Max: 0.3, Diff: 0.2, Sum: 0.8]
      [Update RS (ms): Min: 27.8, Avg: 27.9, Max: 27.9, Diff: 0.1, Sum: 222.8]
         [Processed Buffers: Min: 17, Avg: 19.0, Max: 22, Diff: 5, Sum: 152]
      [Scan RS (ms): Min: 12.6, Avg: 12.7, Max: 12.8, Diff: 0.2, Sum: 101.4]
      [Code Root Scanning (ms): Min: 0.0, Avg: 0.0, Max: 0.0, Diff: 0.0, Sum: 0.0]
      [Object Copy (ms): Min: 154.6, Avg: 154.7, Max: 154.7, Diff: 0.2, Sum: 1237.3]
      [Termination (ms): Min: 0.0, Avg: 0.1, Max: 0.2, Diff: 0.2, Sum: 1.1]
         [Termination Attempts: Min: 1, Avg: 434.9, Max: 598, Diff: 597, Sum: 3479]
      [GC Worker Other (ms): Min: 0.0, Avg: 0.1, Max: 0.1, Diff: 0.1, Sum: 0.4]
      [GC Worker Total (ms): Min: 195.4, Avg: 195.5, Max: 195.6, Diff: 0.3, Sum: 1563.8]
      [GC Worker End (ms): Min: 81127.2, Avg: 81127.2, Max: 81127.3, Diff: 0.1]
   [Code Root Fixup: 0.0 ms]
   [Code Root Purge: 0.0 ms]
   [Clear CT: 0.3 ms]
   [Other: 1.3 ms]
      [Choose CSet: 0.0 ms]
      [Ref Proc: 0.4 ms]
      [Ref Enq: 0.0 ms]
      [Redirty Cards: 0.4 ms]
      [Humongous Register: 0.1 ms]
      [Humongous Reclaim: 0.0 ms]
      [Free CSet: 0.2 ms]
   [Eden: 164.0M(164.0M)->0.0B(158.0M) Survivors: 46.0M->27.0M Heap: 983.2M(2048.0M)->985.2M(2048.0M)]
 [Times: user=1.51 sys=0.00, real=0.20 secs] 
2020-09-29T12:25:14.852+0200: 81.139: [GC pause (G1 Humongous Allocation) (young) (initial-mark), 0.0781312 secs]
   [Parallel Time: 76.6 ms, GC Workers: 8]
      [GC Worker Start (ms): Min: 81139.5, Avg: 81139.5, Max: 81139.6, Diff: 0.2]
      [Ext Root Scanning (ms): Min: 0.1, Avg: 0.1, Max: 0.2, Diff: 0.2, Sum: 1.1]
      [Update RS (ms): Min: 43.2, Avg: 43.8, Max: 44.7, Diff: 1.5, Sum: 350.7]
         [Processed Buffers: Min: 29, Avg: 30.0, Max: 31, Diff: 2, Sum: 240]
      [Scan RS (ms): Min: 0.2, Avg: 1.0, Max: 1.6, Diff: 1.4, Sum: 8.2]
      [Code Root Scanning (ms): Min: 0.0, Avg: 0.0, Max: 0.0, Diff: 0.0, Sum: 0.0]
      [Object Copy (ms): Min: 31.3, Avg: 31.3, Max: 31.4, Diff: 0.2, Sum: 250.6]
      [Termination (ms): Min: 0.0, Avg: 0.0, Max: 0.0, Diff: 0.0, Sum: 0.2]
         [Termination Attempts: Min: 1, Avg: 72.5, Max: 98, Diff: 97, Sum: 580]
      [GC Worker Other (ms): Min: 0.0, Avg: 0.0, Max: 0.0, Diff: 0.0, Sum: 0.2]
      [GC Worker Total (ms): Min: 76.3, Avg: 76.4, Max: 76.4, Diff: 0.2, Sum: 610.9]
      [GC Worker End (ms): Min: 81215.9, Avg: 81215.9, Max: 81215.9, Diff: 0.0]
   [Code Root Fixup: 0.0 ms]
   [Code Root Purge: 0.0 ms]
   [Clear CT: 0.3 ms]
   [Other: 1.2 ms]
      [Choose CSet: 0.0 ms]
      [Ref Proc: 0.3 ms]
      [Ref Enq: 0.0 ms]
      [Redirty Cards: 0.4 ms]
      [Humongous Register: 0.0 ms]
      [Humongous Reclaim: 0.0 ms]
      [Free CSet: 0.1 ms]
   [Eden: 11.0M(158.0M)->0.0B(162.0M) Survivors: 27.0M->14.0M Heap: 995.7M(2048.0M)->1000.7M(2048.0M)]
 [Times: user=0.63 sys=0.00, real=0.08 secs] 
2020-09-29T12:25:14.932+0200: 81.218: [GC concurrent-root-region-scan-start]
2020-09-29T12:25:14.935+0200: 81.222: [GC concurrent-root-region-scan-end, 0.0046261 secs]
2020-09-29T12:25:14.935+0200: 81.222: [GC concurrent-mark-start]
2020-09-29T12:25:14.939+0200: 81.226: [GC concurrent-mark-end, 0.0038134 secs]
2020-09-29T12:25:14.939+0200: 81.226: [GC remark 2020-09-29T12:25:14.939+0200: 81.226: [Finalize Marking, 0.0003775 secs] 2020-09-29T12:25:14.941+0200: 81.227: [GC ref-proc, 0.0005060 secs] 2020-09-29T12:25:14.941+0200: 81.227: [Unloading, 0.0008662 secs], 0.0024665 secs]
 [Times: user=0.01 sys=0.01, real=0.00 secs] 
2020-09-29T12:25:14.943+0200: 81.229: [GC cleanup 1011M->39M(2048M), 0.0020871 secs]
 [Times: user=0.00 sys=0.00, real=0.00 secs] 
2020-09-29T12:25:14.946+0200: 81.232: [GC concurrent-cleanup-start]
2020-09-29T12:25:14.946+0200: 81.234: [GC concurrent-cleanup-end, 0.0019253 secs]
2020-09-29T12:25:15.086+0200: 81.372: [GC pause (G1 Evacuation Pause) (young), 0.1518528 secs]
   [Parallel Time: 150.3 ms, GC Workers: 8]
      [GC Worker Start (ms): Min: 81372.3, Avg: 81372.4, Max: 81372.5, Diff: 0.3]
      [Ext Root Scanning (ms): Min: 0.0, Avg: 0.1, Max: 0.3, Diff: 0.3, Sum: 0.8]
      [Update RS (ms): Min: 19.2, Avg: 19.4, Max: 19.9, Diff: 0.7, Sum: 155.4]
         [Processed Buffers: Min: 12, Avg: 13.9, Max: 16, Diff: 4, Sum: 111]
      [Scan RS (ms): Min: 10.0, Avg: 10.4, Max: 10.6, Diff: 0.6, Sum: 83.2]
      [Code Root Scanning (ms): Min: 0.0, Avg: 0.0, Max: 0.0, Diff: 0.0, Sum: 0.0]
      [Object Copy (ms): Min: 119.7, Avg: 119.8, Max: 120.0, Diff: 0.3, Sum: 958.2]
      [Termination (ms): Min: 0.0, Avg: 0.2, Max: 0.2, Diff: 0.2, Sum: 1.2]
         [Termination Attempts: Min: 1, Avg: 531.0, Max: 764, Diff: 763, Sum: 4248]
      [GC Worker Other (ms): Min: 0.0, Avg: 0.0, Max: 0.1, Diff: 0.1, Sum: 0.3]
      [GC Worker Total (ms): Min: 149.8, Avg: 149.9, Max: 150.1, Diff: 0.3, Sum: 1199.2]
      [GC Worker End (ms): Min: 81522.3, Avg: 81522.3, Max: 81522.4, Diff: 0.1]
   [Code Root Fixup: 0.0 ms]
   [Code Root Purge: 0.0 ms]
   [Clear CT: 0.4 ms]
   [Other: 1.2 ms]
      [Choose CSet: 0.0 ms]
      [Ref Proc: 0.3 ms]
      [Ref Enq: 0.0 ms]
      [Redirty Cards: 0.3 ms]
      [Humongous Register: 0.0 ms]
      [Humongous Reclaim: 0.0 ms]
      [Free CSet: 0.2 ms]
   [Eden: 162.0M(162.0M)->0.0B(160.0M) Survivors: 14.0M->22.0M Heap: 219.1M(2048.0M)->207.6M(2048.0M)]
 [Times: user=1.13 sys=0.00, real=0.15 secs] 
2020-09-29T12:25:15.395+0200: 81.681: [GC pause (G1 Evacuation Pause) (young), 0.1710936 secs]
   [Parallel Time: 169.1 ms, GC Workers: 8]
      [GC Worker Start (ms): Min: 81681.5, Avg: 81681.7, Max: 81681.8, Diff: 0.3]
      [Ext Root Scanning (ms): Min: 0.0, Avg: 0.1, Max: 0.2, Diff: 0.2, Sum: 0.8]
      [Update RS (ms): Min: 20.7, Avg: 20.9, Max: 21.3, Diff: 0.7, Sum: 166.8]
         [Processed Buffers: Min: 13, Avg: 14.9, Max: 17, Diff: 4, Sum: 119]
      [Scan RS (ms): Min: 11.8, Avg: 12.3, Max: 12.5, Diff: 0.7, Sum: 98.7]
      [Code Root Scanning (ms): Min: 0.0, Avg: 0.0, Max: 0.0, Diff: 0.0, Sum: 0.0]
      [Object Copy (ms): Min: 135.2, Avg: 135.3, Max: 135.5, Diff: 0.2, Sum: 1082.7]
      [Termination (ms): Min: 0.0, Avg: 0.1, Max: 0.2, Diff: 0.2, Sum: 1.1]
         [Termination Attempts: Min: 1, Avg: 460.1, Max: 588, Diff: 587, Sum: 3681]
      [GC Worker Other (ms): Min: 0.0, Avg: 0.1, Max: 0.1, Diff: 0.1, Sum: 0.5]
      [GC Worker Total (ms): Min: 168.7, Avg: 168.8, Max: 169.0, Diff: 0.3, Sum: 1350.6]
      [GC Worker End (ms): Min: 81850.5, Avg: 81850.5, Max: 81850.6, Diff: 0.1]
   [Code Root Fixup: 0.0 ms]
   [Code Root Purge: 0.0 ms]
   [Clear CT: 0.3 ms]
   [Other: 1.6 ms]
      [Choose CSet: 0.0 ms]
      [Ref Proc: 0.4 ms]
      [Ref Enq: 0.0 ms]
      [Redirty Cards: 0.6 ms]
      [Humongous Register: 0.0 ms]
      [Humongous Reclaim: 0.0 ms]
      [Free CSet: 0.3 ms]
   [Eden: 160.0M(160.0M)->0.0B(159.0M) Survivors: 22.0M->23.0M Heap: 394.3M(2048.0M)->396.8M(2048.0M)]
 [Times: user=1.20 sys=0.00, real=0.17 secs] 
2020-09-29T12:25:15.727+0200: 82.013: [GC pause (G1 Evacuation Pause) (young), 0.1669534 secs]
   [Parallel Time: 165.4 ms, GC Workers: 8]
      [GC Worker Start (ms): Min: 82013.5, Avg: 82013.6, Max: 82013.7, Diff: 0.2]
      [Ext Root Scanning (ms): Min: 0.0, Avg: 0.1, Max: 0.2, Diff: 0.2, Sum: 0.9]
      [Update RS (ms): Min: 19.3, Avg: 19.4, Max: 19.5, Diff: 0.2, Sum: 155.4]
         [Processed Buffers: Min: 13, Avg: 14.1, Max: 16, Diff: 3, Sum: 113]
      [Scan RS (ms): Min: 12.7, Avg: 12.9, Max: 13.0, Diff: 0.3, Sum: 103.2]
      [Code Root Scanning (ms): Min: 0.0, Avg: 0.0, Max: 0.0, Diff: 0.0, Sum: 0.0]
      [Object Copy (ms): Min: 132.4, Avg: 132.6, Max: 132.7, Diff: 0.2, Sum: 1060.4]
      [Termination (ms): Min: 0.0, Avg: 0.1, Max: 0.1, Diff: 0.1, Sum: 0.5]
         [Termination Attempts: Min: 1, Avg: 232.6, Max: 314, Diff: 313, Sum: 1861]
      [GC Worker Other (ms): Min: 0.0, Avg: 0.0, Max: 0.1, Diff: 0.1, Sum: 0.3]
      [GC Worker Total (ms): Min: 165.0, Avg: 165.1, Max: 165.2, Diff: 0.3, Sum: 1320.7]
      [GC Worker End (ms): Min: 82178.7, Avg: 82178.7, Max: 82178.7, Diff: 0.1]
   [Code Root Fixup: 0.0 ms]
   [Code Root Purge: 0.0 ms]
   [Clear CT: 0.3 ms]
   [Other: 1.2 ms]
      [Choose CSet: 0.0 ms]
      [Ref Proc: 0.3 ms]
      [Ref Enq: 0.0 ms]
      [Redirty Cards: 0.4 ms]
      [Humongous Register: 0.1 ms]
      [Humongous Reclaim: 0.0 ms]
      [Free CSet: 0.2 ms]
   [Eden: 159.0M(159.0M)->0.0B(162.0M) Survivors: 23.0M->23.0M Heap: 582.5M(2048.0M)->585.5M(2048.0M)]
 [Times: user=1.22 sys=0.00, real=0.17 secs] 
2020-09-29T12:25:16.055+0200: 82.341: [GC pause (G1 Evacuation Pause) (young), 0.1662525 secs]
   [Parallel Time: 164.6 ms, GC Workers: 8]
      [GC Worker Start (ms): Min: 82341.2, Avg: 82341.4, Max: 82341.5, Diff: 0.2]
      [Ext Root Scanning (ms): Min: 0.0, Avg: 0.1, Max: 0.2, Diff: 0.2, Sum: 0.9]
      [Update RS (ms): Min: 19.3, Avg: 19.6, Max: 20.1, Diff: 0.8, Sum: 157.1]
         [Processed Buffers: Min: 12, Avg: 14.0, Max: 16, Diff: 4, Sum: 112]
      [Scan RS (ms): Min: 12.6, Avg: 13.1, Max: 13.4, Diff: 0.8, Sum: 105.0]
      [Code Root Scanning (ms): Min: 0.0, Avg: 0.0, Max: 0.0, Diff: 0.0, Sum: 0.0]
      [Object Copy (ms): Min: 131.2, Avg: 131.3, Max: 131.3, Diff: 0.1, Sum: 1050.1]
      [Termination (ms): Min: 0.0, Avg: 0.0, Max: 0.1, Diff: 0.1, Sum: 0.3]
         [Termination Attempts: Min: 1, Avg: 145.9, Max: 186, Diff: 185, Sum: 1167]
      [GC Worker Other (ms): Min: 0.0, Avg: 0.0, Max: 0.1, Diff: 0.1, Sum: 0.4]
      [GC Worker Total (ms): Min: 164.1, Avg: 164.2, Max: 164.4, Diff: 0.3, Sum: 1313.8]
      [GC Worker End (ms): Min: 82505.6, Avg: 82505.6, Max: 82505.6, Diff: 0.1]
   [Code Root Fixup: 0.0 ms]
   [Code Root Purge: 0.0 ms]
   [Clear CT: 0.3 ms]
   [Other: 1.4 ms]
      [Choose CSet: 0.0 ms]
      [Ref Proc: 0.4 ms]
      [Ref Enq: 0.0 ms]
      [Redirty Cards: 0.4 ms]
      [Humongous Register: 0.1 ms]
      [Humongous Reclaim: 0.0 ms]
      [Free CSet: 0.3 ms]
   [Eden: 162.0M(162.0M)->0.0B(165.0M) Survivors: 23.0M->24.0M Heap: 774.2M(2048.0M)->776.2M(2048.0M)]
 [Times: user=1.25 sys=0.00, real=0.17 secs] 
2020-09-29T12:25:16.378+0200: 82.664: [GC pause (G1 Evacuation Pause) (young), 0.1797399 secs]
   [Parallel Time: 177.8 ms, GC Workers: 8]
      [GC Worker Start (ms): Min: 82664.3, Avg: 82664.4, Max: 82664.6, Diff: 0.3]
      [Ext Root Scanning (ms): Min: 0.0, Avg: 0.1, Max: 0.3, Diff: 0.3, Sum: 0.8]
      [Update RS (ms): Min: 19.5, Avg: 19.9, Max: 20.4, Diff: 0.9, Sum: 159.3]
         [Processed Buffers: Min: 12, Avg: 13.6, Max: 15, Diff: 3, Sum: 109]
      [Scan RS (ms): Min: 12.8, Avg: 13.3, Max: 13.7, Diff: 1.0, Sum: 106.4]
      [Code Root Scanning (ms): Min: 0.0, Avg: 0.0, Max: 0.0, Diff: 0.0, Sum: 0.0]
      [Object Copy (ms): Min: 143.7, Avg: 143.8, Max: 144.2, Diff: 0.5, Sum: 1150.7]
      [Termination (ms): Min: 0.0, Avg: 0.3, Max: 0.4, Diff: 0.4, Sum: 2.3]
         [Termination Attempts: Min: 1, Avg: 942.1, Max: 1212, Diff: 1211, Sum: 7537]
      [GC Worker Other (ms): Min: 0.0, Avg: 0.0, Max: 0.1, Diff: 0.1, Sum: 0.3]
      [GC Worker Total (ms): Min: 177.3, Avg: 177.5, Max: 177.6, Diff: 0.3, Sum: 1419.8]
      [GC Worker End (ms): Min: 82841.9, Avg: 82841.9, Max: 82842.0, Diff: 0.1]
   [Code Root Fixup: 0.0 ms]
   [Code Root Purge: 0.0 ms]
   [Clear CT: 0.4 ms]
   [Other: 1.5 ms]
      [Choose CSet: 0.0 ms]
      [Ref Proc: 0.3 ms]
      [Ref Enq: 0.0 ms]
      [Redirty Cards: 0.6 ms]
      [Humongous Register: 0.1 ms]
      [Humongous Reclaim: 0.0 ms]
      [Free CSet: 0.3 ms]
   [Eden: 165.0M(165.0M)->0.0B(164.0M) Survivors: 24.0M->24.0M Heap: 967.9M(2048.0M)->970.4M(2048.0M)]
 [Times: user=1.50 sys=0.00, real=0.18 secs] 
2020-09-29T12:25:16.563+0200: 82.849: [GC pause (G1 Humongous Allocation) (young) (initial-mark), 0.0872438 secs]
   [Parallel Time: 82.8 ms, GC Workers: 8]
      [GC Worker Start (ms): Min: 82849.3, Avg: 82849.5, Max: 82849.8, Diff: 0.4]
      [Ext Root Scanning (ms): Min: 0.0, Avg: 2.2, Max: 15.3, Diff: 15.3, Sum: 17.5]
      [Update RS (ms): Min: 35.6, Avg: 50.4, Max: 66.5, Diff: 31.0, Sum: 403.4]
         [Processed Buffers: Min: 20, Avg: 29.5, Max: 37, Diff: 17, Sum: 236]
      [Scan RS (ms): Min: 0.0, Avg: 1.2, Max: 1.9, Diff: 1.9, Sum: 9.7]
      [Code Root Scanning (ms): Min: 0.0, Avg: 0.0, Max: 0.0, Diff: 0.0, Sum: 0.0]
      [Object Copy (ms): Min: 15.4, Avg: 28.4, Max: 30.4, Diff: 14.9, Sum: 227.4]
      [Termination (ms): Min: 0.0, Avg: 0.0, Max: 0.1, Diff: 0.1, Sum: 0.3]
         [Termination Attempts: Min: 1, Avg: 127.8, Max: 174, Diff: 173, Sum: 1022]
      [GC Worker Other (ms): Min: 0.0, Avg: 0.0, Max: 0.1, Diff: 0.0, Sum: 0.2]
      [GC Worker Total (ms): Min: 82.1, Avg: 82.3, Max: 82.5, Diff: 0.4, Sum: 658.6]
      [GC Worker End (ms): Min: 82931.8, Avg: 82931.9, Max: 82931.9, Diff: 0.0]
   [Code Root Fixup: 0.0 ms]
   [Code Root Purge: 0.0 ms]
   [Clear CT: 1.3 ms]
   [Other: 3.0 ms]
      [Choose CSet: 0.0 ms]
      [Ref Proc: 0.4 ms]
      [Ref Enq: 0.0 ms]
      [Redirty Cards: 2.1 ms]
      [Humongous Register: 0.1 ms]
      [Humongous Reclaim: 0.0 ms]
      [Free CSet: 0.1 ms]
   [Eden: 5120.0K(164.0M)->0.0B(159.0M) Survivors: 24.0M->6144.0K Heap: 975.4M(2048.0M)->978.4M(2048.0M)]
 [Times: user=0.58 sys=0.00, real=0.09 secs] 
2020-09-29T12:25:16.650+0200: 82.937: [GC concurrent-root-region-scan-start]
2020-09-29T12:25:16.655+0200: 82.941: [GC concurrent-root-region-scan-end, 0.0044301 secs]
2020-09-29T12:25:16.655+0200: 82.941: [GC concurrent-mark-start]
2020-09-29T12:25:16.661+0200: 82.948: [GC concurrent-mark-end, 0.0064011 secs]
2020-09-29T12:25:16.662+0200: 82.948: [GC remark 2020-09-29T12:25:16.662+0200: 82.948: [Finalize Marking, 0.0011127 secs] 2020-09-29T12:25:16.663+0200: 82.950: [GC ref-proc, 0.0006340 secs] 2020-09-29T12:25:16.664+0200: 82.950: [Unloading, 0.0007078 secs], 0.0031825 secs]
 [Times: user=0.00 sys=0.00, real=0.00 secs] 
2020-09-29T12:25:16.666+0200: 82.953: [GC cleanup 991M->33M(2048M), 0.0022849 secs]
 [Times: user=0.00 sys=0.00, real=0.00 secs] 
2020-09-29T12:25:16.669+0200: 82.955: [GC concurrent-cleanup-start]
2020-09-29T12:25:16.672+0200: 82.958: [GC concurrent-cleanup-end, 0.0032927 secs]
2020-09-29T12:25:16.811+0200: 83.097: [GC pause (G1 Evacuation Pause) (young), 0.1407068 secs]
   [Parallel Time: 139.0 ms, GC Workers: 8]
      [GC Worker Start (ms): Min: 83097.6, Avg: 83097.7, Max: 83097.8, Diff: 0.2]
      [Ext Root Scanning (ms): Min: 0.0, Avg: 0.1, Max: 0.2, Diff: 0.2, Sum: 0.8]
      [Update RS (ms): Min: 18.9, Avg: 19.3, Max: 20.0, Diff: 1.2, Sum: 154.1]
         [Processed Buffers: Min: 12, Avg: 12.9, Max: 14, Diff: 2, Sum: 103]
      [Scan RS (ms): Min: 9.0, Avg: 9.8, Max: 10.3, Diff: 1.2, Sum: 78.6]
      [Code Root Scanning (ms): Min: 0.0, Avg: 0.0, Max: 0.0, Diff: 0.0, Sum: 0.0]
      [Object Copy (ms): Min: 109.4, Avg: 109.5, Max: 109.6, Diff: 0.1, Sum: 875.9]
      [Termination (ms): Min: 0.0, Avg: 0.0, Max: 0.0, Diff: 0.0, Sum: 0.0]
         [Termination Attempts: Min: 1, Avg: 10.9, Max: 16, Diff: 15, Sum: 87]
      [GC Worker Other (ms): Min: 0.0, Avg: 0.0, Max: 0.1, Diff: 0.1, Sum: 0.4]
      [GC Worker Total (ms): Min: 138.6, Avg: 138.7, Max: 138.9, Diff: 0.3, Sum: 1109.9]
      [GC Worker End (ms): Min: 83236.4, Avg: 83236.5, Max: 83236.5, Diff: 0.1]
   [Code Root Fixup: 0.0 ms]
   [Code Root Purge: 0.0 ms]
   [Clear CT: 0.5 ms]
   [Other: 1.2 ms]
      [Choose CSet: 0.0 ms]
      [Ref Proc: 0.3 ms]
      [Ref Enq: 0.0 ms]
      [Redirty Cards: 0.4 ms]
      [Humongous Register: 0.0 ms]
      [Humongous Reclaim: 0.0 ms]
      [Free CSet: 0.2 ms]
   [Eden: 159.0M(159.0M)->0.0B(160.0M) Survivors: 6144.0K->21.0M Heap: 206.7M(2048.0M)->202.2M(2048.0M)]
 [Times: user=1.13 sys=0.00, real=0.14 secs] 
2020-09-29T12:25:17.101+0200: 83.388: [GC pause (G1 Evacuation Pause) (young), 0.1785750 secs]
   [Parallel Time: 177.0 ms, GC Workers: 8]
      [GC Worker Start (ms): Min: 83387.9, Avg: 83388.0, Max: 83388.1, Diff: 0.2]
      [Ext Root Scanning (ms): Min: 0.0, Avg: 0.1, Max: 0.3, Diff: 0.2, Sum: 0.9]
      [Update RS (ms): Min: 20.9, Avg: 21.2, Max: 21.7, Diff: 0.8, Sum: 169.7]
         [Processed Buffers: Min: 13, Avg: 14.0, Max: 16, Diff: 3, Sum: 112]
      [Scan RS (ms): Min: 11.3, Avg: 11.8, Max: 12.1, Diff: 0.8, Sum: 94.6]
      [Code Root Scanning (ms): Min: 0.0, Avg: 0.0, Max: 0.0, Diff: 0.0, Sum: 0.0]
      [Object Copy (ms): Min: 143.0, Avg: 143.2, Max: 143.3, Diff: 0.3, Sum: 1145.4]
      [Termination (ms): Min: 0.0, Avg: 0.2, Max: 0.3, Diff: 0.3, Sum: 1.8]
         [Termination Attempts: Min: 1, Avg: 832.4, Max: 1141, Diff: 1140, Sum: 6659]
      [GC Worker Other (ms): Min: 0.0, Avg: 0.0, Max: 0.1, Diff: 0.1, Sum: 0.3]
      [GC Worker Total (ms): Min: 176.5, Avg: 176.6, Max: 176.7, Diff: 0.2, Sum: 1412.8]
      [GC Worker End (ms): Min: 83564.6, Avg: 83564.6, Max: 83564.7, Diff: 0.1]
   [Code Root Fixup: 0.0 ms]
   [Code Root Purge: 0.0 ms]
   [Clear CT: 0.2 ms]
   [Other: 1.3 ms]
      [Choose CSet: 0.0 ms]
      [Ref Proc: 0.3 ms]
      [Ref Enq: 0.0 ms]
      [Redirty Cards: 0.4 ms]
      [Humongous Register: 0.0 ms]
      [Humongous Reclaim: 0.0 ms]
      [Free CSet: 0.3 ms]
   [Eden: 160.0M(160.0M)->0.0B(157.0M) Survivors: 21.0M->23.0M Heap: 388.9M(2048.0M)->390.9M(2048.0M)]
 [Times: user=1.34 sys=0.02, real=0.18 secs] 
2020-09-29T12:25:17.458+0200: 83.744: [GC pause (G1 Evacuation Pause) (young), 0.1889950 secs]
   [Parallel Time: 186.5 ms, GC Workers: 8]
      [GC Worker Start (ms): Min: 83744.3, Avg: 83744.9, Max: 83747.3, Diff: 3.0]
      [Ext Root Scanning (ms): Min: 0.0, Avg: 0.1, Max: 0.2, Diff: 0.2, Sum: 0.7]
      [Update RS (ms): Min: 18.3, Avg: 20.3, Max: 21.1, Diff: 2.9, Sum: 162.2]
         [Processed Buffers: Min: 11, Avg: 12.6, Max: 16, Diff: 5, Sum: 101]
      [Scan RS (ms): Min: 13.6, Avg: 14.6, Max: 17.3, Diff: 3.7, Sum: 116.6]
      [Code Root Scanning (ms): Min: 0.0, Avg: 0.0, Max: 0.0, Diff: 0.0, Sum: 0.0]
      [Object Copy (ms): Min: 147.4, Avg: 150.2, Max: 150.9, Diff: 3.5, Sum: 1201.8]
      [Termination (ms): Min: 0.0, Avg: 0.4, Max: 0.5, Diff: 0.5, Sum: 2.8]
         [Termination Attempts: Min: 1, Avg: 1308.6, Max: 1669, Diff: 1668, Sum: 10469]
      [GC Worker Other (ms): Min: 0.0, Avg: 0.1, Max: 0.1, Diff: 0.1, Sum: 0.4]
      [GC Worker Total (ms): Min: 183.2, Avg: 185.6, Max: 186.1, Diff: 2.9, Sum: 1484.6]
      [GC Worker End (ms): Min: 83930.5, Avg: 83930.5, Max: 83930.5, Diff: 0.1]
   [Code Root Fixup: 0.0 ms]
   [Code Root Purge: 0.0 ms]
   [Clear CT: 0.4 ms]
   [Other: 2.1 ms]
      [Choose CSet: 0.0 ms]
      [Ref Proc: 1.1 ms]
      [Ref Enq: 0.0 ms]
      [Redirty Cards: 0.4 ms]
      [Humongous Register: 0.1 ms]
      [Humongous Reclaim: 0.0 ms]
      [Free CSet: 0.3 ms]
   [Eden: 157.0M(157.0M)->0.0B(151.0M) Survivors: 23.0M->23.0M Heap: 574.6M(2048.0M)->576.6M(2048.0M)]
 [Times: user=1.31 sys=0.00, real=0.19 secs] 
2020-09-29T12:25:17.821+0200: 84.109: [GC pause (G1 Evacuation Pause) (young), 0.1678431 secs]
   [Parallel Time: 166.4 ms, GC Workers: 8]
      [GC Worker Start (ms): Min: 84108.7, Avg: 84108.8, Max: 84109.0, Diff: 0.3]
      [Ext Root Scanning (ms): Min: 0.0, Avg: 0.2, Max: 0.7, Diff: 0.7, Sum: 1.5]
      [Update RS (ms): Min: 19.3, Avg: 19.6, Max: 20.1, Diff: 0.8, Sum: 157.1]
         [Processed Buffers: Min: 11, Avg: 12.5, Max: 13, Diff: 2, Sum: 100]
      [Scan RS (ms): Min: 11.5, Avg: 12.4, Max: 13.0, Diff: 1.5, Sum: 98.9]
      [Code Root Scanning (ms): Min: 0.0, Avg: 0.0, Max: 0.0, Diff: 0.0, Sum: 0.0]
      [Object Copy (ms): Min: 133.4, Avg: 133.6, Max: 133.7, Diff: 0.4, Sum: 1069.0]
      [Termination (ms): Min: 0.0, Avg: 0.1, Max: 0.1, Diff: 0.1, Sum: 0.9]
         [Termination Attempts: Min: 1, Avg: 434.0, Max: 531, Diff: 530, Sum: 3472]
      [GC Worker Other (ms): Min: 0.0, Avg: 0.1, Max: 0.1, Diff: 0.1, Sum: 0.5]
      [GC Worker Total (ms): Min: 165.9, Avg: 166.0, Max: 166.1, Diff: 0.2, Sum: 1328.0]
      [GC Worker End (ms): Min: 84274.8, Avg: 84274.8, Max: 84274.8, Diff: 0.1]
   [Code Root Fixup: 0.0 ms]
   [Code Root Purge: 0.0 ms]
   [Clear CT: 0.3 ms]
   [Other: 1.2 ms]
      [Choose CSet: 0.0 ms]
      [Ref Proc: 0.2 ms]
      [Ref Enq: 0.0 ms]
      [Redirty Cards: 0.4 ms]
      [Humongous Register: 0.1 ms]
      [Humongous Reclaim: 0.0 ms]
      [Free CSet: 0.2 ms]
   [Eden: 151.0M(151.0M)->0.0B(157.0M) Survivors: 23.0M->22.0M Heap: 752.4M(2048.0M)->754.4M(2048.0M)]
 [Times: user=1.23 sys=0.02, real=0.17 secs] 
2020-09-29T12:25:18.147+0200: 84.434: [GC pause (G1 Evacuation Pause) (young), 0.1645888 secs]
   [Parallel Time: 163.0 ms, GC Workers: 8]
      [GC Worker Start (ms): Min: 84433.9, Avg: 84434.1, Max: 84434.2, Diff: 0.3]
      [Ext Root Scanning (ms): Min: 0.0, Avg: 0.1, Max: 0.2, Diff: 0.2, Sum: 0.9]
      [Update RS (ms): Min: 18.4, Avg: 18.6, Max: 19.3, Diff: 0.9, Sum: 149.2]
         [Processed Buffers: Min: 11, Avg: 12.6, Max: 15, Diff: 4, Sum: 101]
      [Scan RS (ms): Min: 12.4, Avg: 13.1, Max: 13.7, Diff: 1.3, Sum: 104.9]
      [Code Root Scanning (ms): Min: 0.0, Avg: 0.0, Max: 0.0, Diff: 0.0, Sum: 0.0]
      [Object Copy (ms): Min: 130.4, Avg: 130.7, Max: 130.8, Diff: 0.4, Sum: 1045.7]
      [Termination (ms): Min: 0.0, Avg: 0.0, Max: 0.0, Diff: 0.0, Sum: 0.2]
         [Termination Attempts: Min: 1, Avg: 63.0, Max: 79, Diff: 78, Sum: 504]
      [GC Worker Other (ms): Min: 0.0, Avg: 0.0, Max: 0.1, Diff: 0.0, Sum: 0.3]
      [GC Worker Total (ms): Min: 162.5, Avg: 162.6, Max: 162.8, Diff: 0.2, Sum: 1301.2]
      [GC Worker End (ms): Min: 84596.7, Avg: 84596.7, Max: 84596.7, Diff: 0.0]
   [Code Root Fixup: 0.0 ms]
   [Code Root Purge: 0.0 ms]
   [Clear CT: 0.4 ms]
   [Other: 1.2 ms]
      [Choose CSet: 0.0 ms]
      [Ref Proc: 0.2 ms]
      [Ref Enq: 0.0 ms]
      [Redirty Cards: 0.5 ms]
      [Humongous Register: 0.1 ms]
      [Humongous Reclaim: 0.0 ms]
      [Free CSet: 0.2 ms]
   [Eden: 157.0M(157.0M)->0.0B(162.0M) Survivors: 22.0M->23.0M Heap: 938.1M(2048.0M)->940.6M(2048.0M)]
 [Times: user=1.22 sys=0.00, real=0.16 secs] 
2020-09-29T12:25:18.319+0200: 84.606: [GC pause (G1 Humongous Allocation) (young) (initial-mark), 0.0795336 secs]
   [Parallel Time: 77.9 ms, GC Workers: 8]
      [GC Worker Start (ms): Min: 84605.7, Avg: 84605.9, Max: 84606.0, Diff: 0.3]
      [Ext Root Scanning (ms): Min: 0.0, Avg: 0.3, Max: 0.4, Diff: 0.4, Sum: 2.0]
      [Update RS (ms): Min: 42.6, Avg: 44.4, Max: 54.1, Diff: 11.5, Sum: 355.3]
         [Processed Buffers: Min: 22, Avg: 26.9, Max: 31, Diff: 9, Sum: 215]
      [Scan RS (ms): Min: 0.0, Avg: 1.7, Max: 2.6, Diff: 2.6, Sum: 14.0]
      [Code Root Scanning (ms): Min: 0.0, Avg: 0.0, Max: 0.0, Diff: 0.0, Sum: 0.0]
      [Object Copy (ms): Min: 23.1, Avg: 31.0, Max: 32.2, Diff: 9.1, Sum: 247.8]
      [Termination (ms): Min: 0.0, Avg: 0.1, Max: 0.1, Diff: 0.1, Sum: 0.9]
         [Termination Attempts: Min: 1, Avg: 402.5, Max: 521, Diff: 520, Sum: 3220]
      [GC Worker Other (ms): Min: 0.0, Avg: 0.0, Max: 0.1, Diff: 0.0, Sum: 0.3]
      [GC Worker Total (ms): Min: 77.4, Avg: 77.5, Max: 77.7, Diff: 0.3, Sum: 620.3]
      [GC Worker End (ms): Min: 84683.4, Avg: 84683.4, Max: 84683.5, Diff: 0.0]
   [Code Root Fixup: 0.0 ms]
   [Code Root Purge: 0.0 ms]
   [Clear CT: 0.3 ms]
   [Other: 1.3 ms]
      [Choose CSet: 0.0 ms]
      [Ref Proc: 0.4 ms]
      [Ref Enq: 0.0 ms]
      [Redirty Cards: 0.3 ms]
      [Humongous Register: 0.1 ms]
      [Humongous Reclaim: 0.0 ms]
      [Free CSet: 0.1 ms]
   [Eden: 6144.0K(162.0M)->0.0B(157.0M) Survivors: 23.0M->9216.0K Heap: 946.6M(2048.0M)->951.1M(2048.0M)]
 [Times: user=0.58 sys=0.00, real=0.08 secs] 
2020-09-29T12:25:18.399+0200: 84.685: [GC concurrent-root-region-scan-start]
2020-09-29T12:25:18.403+0200: 84.690: [GC concurrent-root-region-scan-end, 0.0046368 secs]
2020-09-29T12:25:18.403+0200: 84.690: [GC concurrent-mark-start]
2020-09-29T12:25:18.410+0200: 84.696: [GC concurrent-mark-end, 0.0058370 secs]
2020-09-29T12:25:18.411+0200: 84.698: [GC remark 2020-09-29T12:25:18.412+0200: 84.698: [Finalize Marking, 0.0002472 secs] 2020-09-29T12:25:18.412+0200: 84.699: [GC ref-proc, 0.0006238 secs] 2020-09-29T12:25:18.412+0200: 84.699: [Unloading, 0.0007506 secs], 0.0023179 secs]
 [Times: user=0.00 sys=0.00, real=0.00 secs] 
2020-09-29T12:25:18.415+0200: 84.701: [GC cleanup 967M->40M(2048M), 0.0022408 secs]
 [Times: user=0.00 sys=0.00, real=0.00 secs] 
2020-09-29T12:25:18.417+0200: 84.704: [GC concurrent-cleanup-start]
2020-09-29T12:25:18.419+0200: 84.706: [GC concurrent-cleanup-end, 0.0023283 secs]
2020-09-29T12:25:18.614+0200: 84.901: [GC pause (G1 Evacuation Pause) (young), 0.1885512 secs]
   [Parallel Time: 186.8 ms, GC Workers: 8]
      [GC Worker Start (ms): Min: 84901.0, Avg: 84901.1, Max: 84901.2, Diff: 0.2]
      [Ext Root Scanning (ms): Min: 0.0, Avg: 0.2, Max: 0.3, Diff: 0.3, Sum: 1.2]
      [Update RS (ms): Min: 22.6, Avg: 22.9, Max: 23.5, Diff: 0.9, Sum: 183.1]
         [Processed Buffers: Min: 3, Avg: 12.6, Max: 16, Diff: 13, Sum: 101]
      [Scan RS (ms): Min: 10.8, Avg: 12.3, Max: 17.4, Diff: 6.6, Sum: 98.2]
      [Code Root Scanning (ms): Min: 0.0, Avg: 0.0, Max: 0.0, Diff: 0.0, Sum: 0.0]
      [Object Copy (ms): Min: 145.6, Avg: 150.9, Max: 151.8, Diff: 6.2, Sum: 1207.3]
      [Termination (ms): Min: 0.0, Avg: 0.1, Max: 0.2, Diff: 0.2, Sum: 1.1]
         [Termination Attempts: Min: 1, Avg: 457.5, Max: 583, Diff: 582, Sum: 3660]
      [GC Worker Other (ms): Min: 0.0, Avg: 0.1, Max: 0.1, Diff: 0.1, Sum: 0.4]
      [GC Worker Total (ms): Min: 186.3, Avg: 186.4, Max: 186.5, Diff: 0.2, Sum: 1491.5]
      [GC Worker End (ms): Min: 85087.5, Avg: 85087.5, Max: 85087.6, Diff: 0.1]
   [Code Root Fixup: 0.0 ms]
   [Code Root Purge: 0.0 ms]
   [Clear CT: 0.3 ms]
   [Other: 1.5 ms]
      [Choose CSet: 0.0 ms]
      [Ref Proc: 0.4 ms]
      [Ref Enq: 0.0 ms]
      [Redirty Cards: 0.3 ms]
      [Humongous Register: 0.3 ms]
      [Humongous Reclaim: 0.0 ms]
      [Free CSet: 0.2 ms]
   [Eden: 157.0M(157.0M)->0.0B(139.0M) Survivors: 9216.0K->21.0M Heap: 207.7M(2048.0M)->200.7M(2048.0M)]
 [Times: user=1.31 sys=0.00, real=0.19 secs] 
2020-09-29T12:25:18.954+0200: 85.240: [GC pause (G1 Evacuation Pause) (young), 0.1638451 secs]
   [Parallel Time: 162.0 ms, GC Workers: 8]
      [GC Worker Start (ms): Min: 85240.7, Avg: 85240.8, Max: 85240.9, Diff: 0.3]
      [Ext Root Scanning (ms): Min: 0.0, Avg: 0.1, Max: 0.3, Diff: 0.3, Sum: 0.8]
      [Update RS (ms): Min: 17.0, Avg: 17.3, Max: 18.0, Diff: 1.0, Sum: 138.5]
         [Processed Buffers: Min: 10, Avg: 11.0, Max: 13, Diff: 3, Sum: 88]
      [Scan RS (ms): Min: 10.8, Avg: 11.5, Max: 11.9, Diff: 1.0, Sum: 92.4]
      [Code Root Scanning (ms): Min: 0.0, Avg: 0.0, Max: 0.0, Diff: 0.0, Sum: 0.0]
      [Object Copy (ms): Min: 129.7, Avg: 132.2, Max: 132.8, Diff: 3.1, Sum: 1058.0]
      [Termination (ms): Min: 0.0, Avg: 0.5, Max: 3.0, Diff: 3.0, Sum: 4.3]
         [Termination Attempts: Min: 1, Avg: 473.3, Max: 642, Diff: 641, Sum: 3786]
      [GC Worker Other (ms): Min: 0.0, Avg: 0.0, Max: 0.0, Diff: 0.0, Sum: 0.1]
      [GC Worker Total (ms): Min: 161.7, Avg: 161.8, Max: 161.9, Diff: 0.3, Sum: 1294.1]
      [GC Worker End (ms): Min: 85402.6, Avg: 85402.6, Max: 85402.6, Diff: 0.0]
   [Code Root Fixup: 0.0 ms]
   [Code Root Purge: 0.0 ms]
   [Clear CT: 0.4 ms]
   [Other: 1.4 ms]
      [Choose CSet: 0.0 ms]
      [Ref Proc: 0.4 ms]
      [Ref Enq: 0.0 ms]
      [Redirty Cards: 0.3 ms]
      [Humongous Register: 0.0 ms]
      [Humongous Reclaim: 0.0 ms]
      [Free CSet: 0.3 ms]
   [Eden: 139.0M(139.0M)->0.0B(145.0M) Survivors: 21.0M->20.0M Heap: 362.6M(2048.0M)->365.1M(2048.0M)]
 [Times: user=1.23 sys=0.02, real=0.16 secs] 
2020-09-29T12:25:19.414+0200: 85.700: [GC pause (G1 Evacuation Pause) (young), 0.3199738 secs]
   [Parallel Time: 317.4 ms, GC Workers: 8]
      [GC Worker Start (ms): Min: 85700.4, Avg: 85700.5, Max: 85700.7, Diff: 0.2]
      [Ext Root Scanning (ms): Min: 0.1, Avg: 0.2, Max: 0.3, Diff: 0.2, Sum: 1.8]
      [Update RS (ms): Min: 31.3, Avg: 31.9, Max: 33.5, Diff: 2.2, Sum: 255.3]
         [Processed Buffers: Min: 12, Avg: 13.4, Max: 15, Diff: 3, Sum: 107]
      [Scan RS (ms): Min: 19.3, Avg: 22.6, Max: 34.9, Diff: 15.5, Sum: 181.1]
      [Code Root Scanning (ms): Min: 0.0, Avg: 0.0, Max: 0.0, Diff: 0.0, Sum: 0.0]
      [Object Copy (ms): Min: 249.8, Avg: 261.5, Max: 263.7, Diff: 13.9, Sum: 2092.2]
      [Termination (ms): Min: 0.0, Avg: 0.5, Max: 0.8, Diff: 0.8, Sum: 4.2]
         [Termination Attempts: Min: 1, Avg: 1050.5, Max: 1281, Diff: 1280, Sum: 8404]
      [GC Worker Other (ms): Min: 0.0, Avg: 0.1, Max: 0.2, Diff: 0.1, Sum: 0.7]
      [GC Worker Total (ms): Min: 316.8, Avg: 316.9, Max: 317.0, Diff: 0.3, Sum: 2535.3]
      [GC Worker End (ms): Min: 86017.4, Avg: 86017.5, Max: 86017.6, Diff: 0.1]
   [Code Root Fixup: 0.0 ms]
   [Code Root Purge: 0.0 ms]
   [Clear CT: 0.5 ms]
   [Other: 2.1 ms]
      [Choose CSet: 0.0 ms]
      [Ref Proc: 0.6 ms]
      [Ref Enq: 0.0 ms]
      [Redirty Cards: 0.6 ms]
      [Humongous Register: 0.1 ms]
      [Humongous Reclaim: 0.0 ms]
      [Free CSet: 0.4 ms]
   [Eden: 145.0M(145.0M)->0.0B(86.0M) Survivors: 20.0M->21.0M Heap: 534.9M(2048.0M)->536.9M(2048.0M)]
 [Times: user=2.28 sys=0.01, real=0.32 secs] 
2020-09-29T12:25:20.005+0200: 86.292: [GC pause (G1 Evacuation Pause) (young), 0.2016591 secs]
   [Parallel Time: 199.3 ms, GC Workers: 8]
      [GC Worker Start (ms): Min: 86291.8, Avg: 86291.9, Max: 86292.2, Diff: 0.4]
      [Ext Root Scanning (ms): Min: 0.0, Avg: 0.2, Max: 0.4, Diff: 0.4, Sum: 1.9]
      [Update RS (ms): Min: 28.4, Avg: 28.6, Max: 29.1, Diff: 0.8, Sum: 228.5]
         [Processed Buffers: Min: 11, Avg: 12.9, Max: 15, Diff: 4, Sum: 103]
      [Scan RS (ms): Min: 7.9, Avg: 9.3, Max: 15.8, Diff: 7.9, Sum: 74.5]
      [Code Root Scanning (ms): Min: 0.0, Avg: 0.0, Max: 0.0, Diff: 0.0, Sum: 0.0]
      [Object Copy (ms): Min: 154.0, Avg: 160.5, Max: 161.7, Diff: 7.7, Sum: 1283.9]
      [Termination (ms): Min: 0.0, Avg: 0.2, Max: 0.3, Diff: 0.3, Sum: 1.6]
         [Termination Attempts: Min: 1, Avg: 430.8, Max: 547, Diff: 546, Sum: 3446]
      [GC Worker Other (ms): Min: 0.0, Avg: 0.0, Max: 0.1, Diff: 0.1, Sum: 0.4]
      [GC Worker Total (ms): Min: 198.6, Avg: 198.9, Max: 199.0, Diff: 0.4, Sum: 1590.9]
      [GC Worker End (ms): Min: 86490.8, Avg: 86490.8, Max: 86490.8, Diff: 0.1]
   [Code Root Fixup: 0.0 ms]
   [Code Root Purge: 0.0 ms]
   [Clear CT: 0.6 ms]
   [Other: 1.8 ms]
      [Choose CSet: 0.0 ms]
      [Ref Proc: 0.5 ms]
      [Ref Enq: 0.0 ms]
      [Redirty Cards: 0.5 ms]
      [Humongous Register: 0.1 ms]
      [Humongous Reclaim: 0.0 ms]
      [Free CSet: 0.2 ms]
   [Eden: 86.0M(86.0M)->0.0B(88.0M) Survivors: 21.0M->14.0M Heap: 638.1M(2048.0M)->640.1M(2048.0M)]
 [Times: user=1.36 sys=0.00, real=0.20 secs] 
2020-09-29T12:25:20.366+0200: 86.653: [GC pause (G1 Evacuation Pause) (young), 0.1622373 secs]
   [Parallel Time: 158.5 ms, GC Workers: 8]
      [GC Worker Start (ms): Min: 86652.7, Avg: 86653.4, Max: 86655.7, Diff: 2.9]
      [Ext Root Scanning (ms): Min: 0.0, Avg: 0.1, Max: 0.3, Diff: 0.3, Sum: 1.1]
      [Update RS (ms): Min: 21.6, Avg: 24.3, Max: 25.3, Diff: 3.7, Sum: 194.1]
         [Processed Buffers: Min: 9, Avg: 10.0, Max: 11, Diff: 2, Sum: 80]
      [Scan RS (ms): Min: 8.7, Avg: 9.4, Max: 10.0, Diff: 1.2, Sum: 75.0]
      [Code Root Scanning (ms): Min: 0.0, Avg: 0.0, Max: 0.0, Diff: 0.0, Sum: 0.0]
      [Object Copy (ms): Min: 123.4, Avg: 123.6, Max: 123.7, Diff: 0.3, Sum: 988.7]
      [Termination (ms): Min: 0.0, Avg: 0.1, Max: 0.1, Diff: 0.1, Sum: 0.5]
         [Termination Attempts: Min: 1, Avg: 129.8, Max: 159, Diff: 158, Sum: 1038]
      [GC Worker Other (ms): Min: 0.0, Avg: 0.1, Max: 0.1, Diff: 0.1, Sum: 0.5]
      [GC Worker Total (ms): Min: 155.1, Avg: 157.5, Max: 158.2, Diff: 3.0, Sum: 1259.9]
      [GC Worker End (ms): Min: 86810.8, Avg: 86810.9, Max: 86810.9, Diff: 0.1]
   [Code Root Fixup: 0.0 ms]
   [Code Root Purge: 0.0 ms]
   [Clear CT: 0.9 ms]
   [Other: 2.9 ms]
      [Choose CSet: 0.0 ms]
      [Ref Proc: 0.6 ms]
      [Ref Enq: 0.0 ms]
      [Redirty Cards: 1.6 ms]
      [Humongous Register: 0.1 ms]
      [Humongous Reclaim: 0.0 ms]
      [Free CSet: 0.2 ms]
   [Eden: 88.0M(88.0M)->0.0B(89.0M) Survivors: 14.0M->13.0M Heap: 741.5M(2048.0M)->742.5M(2048.0M)]
 [Times: user=1.20 sys=0.00, real=0.16 secs] 
2020-09-29T12:25:20.689+0200: 86.976: [GC pause (G1 Evacuation Pause) (young), 0.2330789 secs]
   [Parallel Time: 230.7 ms, GC Workers: 8]
      [GC Worker Start (ms): Min: 86976.4, Avg: 86980.6, Max: 87008.3, Diff: 31.9]
      [Ext Root Scanning (ms): Min: 0.0, Avg: 0.2, Max: 0.4, Diff: 0.4, Sum: 1.6]
      [Update RS (ms): Min: 0.0, Avg: 22.4, Max: 26.9, Diff: 26.9, Sum: 179.2]
         [Processed Buffers: Min: 0, Avg: 9.6, Max: 13, Diff: 13, Sum: 77]
      [Scan RS (ms): Min: 5.5, Avg: 10.5, Max: 11.9, Diff: 6.4, Sum: 84.4]
      [Code Root Scanning (ms): Min: 0.0, Avg: 0.0, Max: 0.0, Diff: 0.0, Sum: 0.0]
      [Object Copy (ms): Min: 192.2, Avg: 192.4, Max: 192.8, Diff: 0.6, Sum: 1539.0]
      [Termination (ms): Min: 0.1, Avg: 0.5, Max: 0.8, Diff: 0.7, Sum: 4.0]
         [Termination Attempts: Min: 1, Avg: 890.1, Max: 1374, Diff: 1373, Sum: 7121]
      [GC Worker Other (ms): Min: 0.0, Avg: 0.0, Max: 0.0, Diff: 0.0, Sum: 0.2]
      [GC Worker Total (ms): Min: 198.3, Avg: 226.0, Max: 230.2, Diff: 31.9, Sum: 1808.4]
      [GC Worker End (ms): Min: 87206.6, Avg: 87206.6, Max: 87206.7, Diff: 0.1]
   [Code Root Fixup: 0.0 ms]
   [Code Root Purge: 0.0 ms]
   [Clear CT: 0.5 ms]
   [Other: 1.8 ms]
      [Choose CSet: 0.0 ms]
      [Ref Proc: 0.4 ms]
      [Ref Enq: 0.0 ms]
      [Redirty Cards: 0.5 ms]
      [Humongous Register: 0.1 ms]
      [Humongous Reclaim: 0.0 ms]
      [Free CSet: 0.3 ms]
   [Eden: 89.0M(89.0M)->0.0B(89.0M) Survivors: 13.0M->13.0M Heap: 846.8M(2048.0M)->848.3M(2048.0M)]
 [Times: user=1.63 sys=0.00, real=0.23 secs] 
2020-09-29T12:25:21.074+0200: 87.361: [GC pause (G1 Evacuation Pause) (young), 0.2138372 secs]
   [Parallel Time: 211.6 ms, GC Workers: 8]
      [GC Worker Start (ms): Min: 87361.4, Avg: 87365.5, Max: 87393.3, Diff: 31.9]
      [Ext Root Scanning (ms): Min: 0.0, Avg: 0.2, Max: 0.4, Diff: 0.4, Sum: 1.8]
      [Update RS (ms): Min: 0.0, Avg: 22.7, Max: 27.0, Diff: 27.0, Sum: 181.5]
         [Processed Buffers: Min: 0, Avg: 9.9, Max: 14, Diff: 14, Sum: 79]
      [Scan RS (ms): Min: 6.4, Avg: 14.6, Max: 37.7, Diff: 31.3, Sum: 116.7]
      [Code Root Scanning (ms): Min: 0.0, Avg: 0.0, Max: 0.0, Diff: 0.0, Sum: 0.0]
      [Object Copy (ms): Min: 147.3, Avg: 169.4, Max: 172.8, Diff: 25.5, Sum: 1354.9]
      [Termination (ms): Min: 0.1, Avg: 0.5, Max: 0.7, Diff: 0.6, Sum: 3.7]
         [Termination Attempts: Min: 1, Avg: 837.3, Max: 1259, Diff: 1258, Sum: 6698]
      [GC Worker Other (ms): Min: 0.0, Avg: 0.0, Max: 0.0, Diff: 0.0, Sum: 0.2]
      [GC Worker Total (ms): Min: 179.6, Avg: 207.4, Max: 211.5, Diff: 31.9, Sum: 1658.9]
      [GC Worker End (ms): Min: 87572.9, Avg: 87572.9, Max: 87572.9, Diff: 0.0]
   [Code Root Fixup: 0.0 ms]
   [Code Root Purge: 0.0 ms]
   [Clear CT: 0.5 ms]
   [Other: 1.8 ms]
      [Choose CSet: 0.0 ms]
      [Ref Proc: 0.6 ms]
      [Ref Enq: 0.0 ms]
      [Redirty Cards: 0.5 ms]
      [Humongous Register: 0.1 ms]
      [Humongous Reclaim: 0.0 ms]
      [Free CSet: 0.2 ms]
   [Eden: 89.0M(89.0M)->0.0B(89.0M) Survivors: 13.0M->13.0M Heap: 952.5M(2048.0M)->954.5M(2048.0M)]
 [Times: user=1.48 sys=0.00, real=0.22 secs] 
2020-09-29T12:25:21.324+0200: 87.610: [GC pause (G1 Humongous Allocation) (young) (initial-mark), 0.0580260 secs]
   [Parallel Time: 55.6 ms, GC Workers: 8]
      [GC Worker Start (ms): Min: 87610.8, Avg: 87611.0, Max: 87611.2, Diff: 0.4]
      [Ext Root Scanning (ms): Min: 0.0, Avg: 0.4, Max: 0.6, Diff: 0.6, Sum: 2.9]
      [Update RS (ms): Min: 20.8, Avg: 21.9, Max: 22.8, Diff: 2.0, Sum: 175.1]
         [Processed Buffers: Min: 9, Avg: 9.6, Max: 11, Diff: 2, Sum: 77]
      [Scan RS (ms): Min: 1.3, Avg: 2.3, Max: 3.4, Diff: 2.1, Sum: 18.6]
      [Code Root Scanning (ms): Min: 0.0, Avg: 0.0, Max: 0.0, Diff: 0.0, Sum: 0.0]
      [Object Copy (ms): Min: 30.2, Avg: 30.3, Max: 30.4, Diff: 0.2, Sum: 242.7]
      [Termination (ms): Min: 0.0, Avg: 0.1, Max: 0.1, Diff: 0.1, Sum: 0.6]
         [Termination Attempts: Min: 1, Avg: 136.8, Max: 179, Diff: 178, Sum: 1094]
      [GC Worker Other (ms): Min: 0.0, Avg: 0.0, Max: 0.1, Diff: 0.1, Sum: 0.4]
      [GC Worker Total (ms): Min: 54.8, Avg: 55.0, Max: 55.2, Diff: 0.4, Sum: 440.2]
      [GC Worker End (ms): Min: 87666.0, Avg: 87666.0, Max: 87666.1, Diff: 0.1]
   [Code Root Fixup: 0.0 ms]
   [Code Root Purge: 0.0 ms]
   [Clear CT: 0.6 ms]
   [Other: 1.8 ms]
      [Choose CSet: 0.0 ms]
      [Ref Proc: 0.6 ms]
      [Ref Enq: 0.0 ms]
      [Redirty Cards: 0.5 ms]
      [Humongous Register: 0.1 ms]
      [Humongous Reclaim: 0.0 ms]
      [Free CSet: 0.1 ms]
   [Eden: 9216.0K(89.0M)->0.0B(92.0M) Survivors: 13.0M->10.0M Heap: 963.0M(2048.0M)->966.0M(2048.0M)]
 [Times: user=0.50 sys=0.00, real=0.06 secs] 
2020-09-29T12:25:21.382+0200: 87.669: [GC concurrent-root-region-scan-start]
2020-09-29T12:25:21.390+0200: 87.677: [GC concurrent-root-region-scan-end, 0.0077323 secs]
2020-09-29T12:25:21.390+0200: 87.677: [GC concurrent-mark-start]
2020-09-29T12:25:21.397+0200: 87.684: [GC concurrent-mark-end, 0.0067309 secs]
2020-09-29T12:25:21.397+0200: 87.684: [GC remark 2020-09-29T12:25:21.397+0200: 87.684: [Finalize Marking, 0.0006957 secs] 2020-09-29T12:25:21.398+0200: 87.685: [GC ref-proc, 0.0010185 secs] 2020-09-29T12:25:21.399+0200: 87.686: [Unloading, 0.0014638 secs], 0.0042975 secs]
 [Times: user=0.00 sys=0.00, real=0.00 secs] 
2020-09-29T12:25:21.403+0200: 87.690: [GC cleanup 977M->36M(2048M), 0.0035662 secs]
 [Times: user=0.00 sys=0.00, real=0.00 secs] 
2020-09-29T12:25:21.406+0200: 87.693: [GC concurrent-cleanup-start]
2020-09-29T12:25:21.409+0200: 87.696: [GC concurrent-cleanup-end, 0.0029345 secs]
2020-09-29T12:25:21.549+0200: 87.836: [GC pause (G1 Evacuation Pause) (young), 0.1494989 secs]
   [Parallel Time: 146.9 ms, GC Workers: 8]
      [GC Worker Start (ms): Min: 87835.9, Avg: 87836.1, Max: 87836.2, Diff: 0.3]
      [Ext Root Scanning (ms): Min: 0.1, Avg: 0.2, Max: 0.5, Diff: 0.4, Sum: 2.0]
      [Update RS (ms): Min: 16.7, Avg: 17.3, Max: 18.5, Diff: 1.8, Sum: 138.0]
         [Processed Buffers: Min: 7, Avg: 8.5, Max: 11, Diff: 4, Sum: 68]
      [Scan RS (ms): Min: 9.2, Avg: 10.4, Max: 10.7, Diff: 1.5, Sum: 83.3]
      [Code Root Scanning (ms): Min: 0.0, Avg: 0.0, Max: 0.0, Diff: 0.0, Sum: 0.0]
      [Object Copy (ms): Min: 118.2, Avg: 118.3, Max: 118.4, Diff: 0.2, Sum: 946.4]
      [Termination (ms): Min: 0.0, Avg: 0.0, Max: 0.0, Diff: 0.0, Sum: 0.1]
         [Termination Attempts: Min: 1, Avg: 27.4, Max: 47, Diff: 46, Sum: 219]
      [GC Worker Other (ms): Min: 0.0, Avg: 0.1, Max: 0.2, Diff: 0.2, Sum: 0.7]
      [GC Worker Total (ms): Min: 146.2, Avg: 146.3, Max: 146.4, Diff: 0.3, Sum: 1170.6]
      [GC Worker End (ms): Min: 87982.4, Avg: 87982.4, Max: 87982.5, Diff: 0.2]
   [Code Root Fixup: 0.0 ms]
   [Code Root Purge: 0.0 ms]
   [Clear CT: 0.7 ms]
   [Other: 1.9 ms]
      [Choose CSet: 0.0 ms]
      [Ref Proc: 0.5 ms]
      [Ref Enq: 0.0 ms]
      [Redirty Cards: 0.6 ms]
      [Humongous Register: 0.1 ms]
      [Humongous Reclaim: 0.0 ms]
      [Free CSet: 0.3 ms]
   [Eden: 92.0M(92.0M)->0.0B(89.0M) Survivors: 10.0M->13.0M Heap: 134.2M(2048.0M)->126.2M(2048.0M)]
 [Times: user=1.22 sys=0.00, real=0.15 secs] 
2020-09-29T12:25:21.868+0200: 88.154: [GC pause (G1 Evacuation Pause) (young), 0.1587067 secs]
   [Parallel Time: 156.3 ms, GC Workers: 8]
      [GC Worker Start (ms): Min: 88154.6, Avg: 88155.0, Max: 88155.6, Diff: 0.9]
      [Ext Root Scanning (ms): Min: 0.0, Avg: 0.2, Max: 0.4, Diff: 0.4, Sum: 1.8]
      [Update RS (ms): Min: 17.7, Avg: 18.7, Max: 19.5, Diff: 1.8, Sum: 149.2]
         [Processed Buffers: Min: 7, Avg: 7.9, Max: 9, Diff: 2, Sum: 63]
      [Scan RS (ms): Min: 10.6, Avg: 11.4, Max: 12.1, Diff: 1.5, Sum: 90.8]
      [Code Root Scanning (ms): Min: 0.0, Avg: 0.0, Max: 0.0, Diff: 0.0, Sum: 0.0]
      [Object Copy (ms): Min: 125.0, Avg: 125.1, Max: 125.2, Diff: 0.2, Sum: 1000.9]
      [Termination (ms): Min: 0.0, Avg: 0.2, Max: 0.2, Diff: 0.2, Sum: 1.4]
         [Termination Attempts: Min: 1, Avg: 339.3, Max: 431, Diff: 430, Sum: 2714]
      [GC Worker Other (ms): Min: 0.0, Avg: 0.1, Max: 0.2, Diff: 0.1, Sum: 0.6]
      [GC Worker Total (ms): Min: 155.0, Avg: 155.6, Max: 155.9, Diff: 0.9, Sum: 1244.7]
      [GC Worker End (ms): Min: 88310.5, Avg: 88310.5, Max: 88310.6, Diff: 0.1]
   [Code Root Fixup: 0.0 ms]
   [Code Root Purge: 0.0 ms]
   [Clear CT: 0.5 ms]
   [Other: 1.9 ms]
      [Choose CSet: 0.0 ms]
      [Ref Proc: 0.6 ms]
      [Ref Enq: 0.0 ms]
      [Redirty Cards: 0.6 ms]
      [Humongous Register: 0.1 ms]
      [Humongous Reclaim: 0.0 ms]
      [Free CSet: 0.2 ms]
   [Eden: 89.0M(89.0M)->0.0B(91.0M) Survivors: 13.0M->13.0M Heap: 228.5M(2048.0M)->230.0M(2048.0M)]
 [Times: user=1.25 sys=0.00, real=0.16 secs] 
2020-09-29T12:25:22.223+0200: 88.510: [GC pause (G1 Evacuation Pause) (young), 0.1819706 secs]
   [Parallel Time: 178.4 ms, GC Workers: 8]
      [GC Worker Start (ms): Min: 88509.8, Avg: 88510.6, Max: 88513.2, Diff: 3.3]
      [Ext Root Scanning (ms): Min: 0.0, Avg: 0.2, Max: 0.4, Diff: 0.4, Sum: 1.4]
      [Update RS (ms): Min: 18.5, Avg: 21.2, Max: 22.3, Diff: 3.8, Sum: 169.8]
         [Processed Buffers: Min: 6, Avg: 8.3, Max: 11, Diff: 5, Sum: 66]
      [Scan RS (ms): Min: 11.3, Avg: 12.1, Max: 12.9, Diff: 1.7, Sum: 96.7]
      [Code Root Scanning (ms): Min: 0.0, Avg: 0.0, Max: 0.0, Diff: 0.0, Sum: 0.0]
      [Object Copy (ms): Min: 142.4, Avg: 143.2, Max: 143.6, Diff: 1.1, Sum: 1145.6]
      [Termination (ms): Min: 0.0, Avg: 0.4, Max: 0.7, Diff: 0.7, Sum: 3.2]
         [Termination Attempts: Min: 1, Avg: 16.6, Max: 30, Diff: 29, Sum: 133]
      [GC Worker Other (ms): Min: 0.0, Avg: 0.0, Max: 0.1, Diff: 0.1, Sum: 0.3]
      [GC Worker Total (ms): Min: 174.5, Avg: 177.1, Max: 178.2, Diff: 3.7, Sum: 1417.1]
      [GC Worker End (ms): Min: 88687.6, Avg: 88687.7, Max: 88688.1, Diff: 0.5]
   [Code Root Fixup: 0.0 ms]
   [Code Root Purge: 0.0 ms]
   [Clear CT: 0.4 ms]
   [Other: 3.1 ms]
      [Choose CSet: 0.0 ms]
      [Ref Proc: 1.5 ms]
      [Ref Enq: 0.0 ms]
      [Redirty Cards: 0.7 ms]
      [Humongous Register: 0.1 ms]
      [Humongous Reclaim: 0.0 ms]
      [Free CSet: 0.3 ms]
   [Eden: 91.0M(91.0M)->0.0B(90.0M) Survivors: 13.0M->13.0M Heap: 336.3M(2048.0M)->338.8M(2048.0M)]
 [Times: user=1.28 sys=0.02, real=0.18 secs] 
2020-09-29T12:25:22.592+0200: 88.879: [GC pause (G1 Evacuation Pause) (young), 0.2313259 secs]
   [Parallel Time: 228.9 ms, GC Workers: 8]
      [GC Worker Start (ms): Min: 88878.8, Avg: 88880.4, Max: 88884.7, Diff: 5.9]
      [Ext Root Scanning (ms): Min: 0.0, Avg: 0.2, Max: 0.4, Diff: 0.3, Sum: 1.6]
      [Update RS (ms): Min: 13.4, Avg: 19.4, Max: 32.6, Diff: 19.2, Sum: 155.5]
         [Processed Buffers: Min: 3, Avg: 6.9, Max: 10, Diff: 7, Sum: 55]
      [Scan RS (ms): Min: 1.6, Avg: 13.6, Max: 15.8, Diff: 14.2, Sum: 109.1]
      [Code Root Scanning (ms): Min: 0.0, Avg: 0.0, Max: 0.0, Diff: 0.0, Sum: 0.0]
      [Object Copy (ms): Min: 192.5, Avg: 193.3, Max: 193.9, Diff: 1.4, Sum: 1546.2]
      [Termination (ms): Min: 0.1, Avg: 0.5, Max: 0.7, Diff: 0.6, Sum: 4.0]
         [Termination Attempts: Min: 1, Avg: 921.0, Max: 1223, Diff: 1222, Sum: 7368]
      [GC Worker Other (ms): Min: 0.0, Avg: 0.0, Max: 0.0, Diff: 0.0, Sum: 0.2]
      [GC Worker Total (ms): Min: 222.7, Avg: 227.1, Max: 228.6, Diff: 5.9, Sum: 1816.6]
      [GC Worker End (ms): Min: 89107.4, Avg: 89107.4, Max: 89107.5, Diff: 0.0]
   [Code Root Fixup: 0.0 ms]
   [Code Root Purge: 0.0 ms]
   [Clear CT: 0.5 ms]
   [Other: 1.8 ms]
      [Choose CSet: 0.0 ms]
      [Ref Proc: 0.6 ms]
      [Ref Enq: 0.0 ms]
      [Redirty Cards: 0.5 ms]
      [Humongous Register: 0.1 ms]
      [Humongous Reclaim: 0.0 ms]
      [Free CSet: 0.3 ms]
   [Eden: 90.0M(90.0M)->0.0B(89.0M) Survivors: 13.0M->13.0M Heap: 444.0M(2048.0M)->446.0M(2048.0M)]
 [Times: user=1.49 sys=0.00, real=0.23 secs] 
2020-09-29T12:25:22.993+0200: 89.280: [GC pause (G1 Evacuation Pause) (young), 0.2698130 secs]
   [Parallel Time: 267.4 ms, GC Workers: 8]
      [GC Worker Start (ms): Min: 89280.5, Avg: 89284.8, Max: 89313.4, Diff: 32.9]
      [Ext Root Scanning (ms): Min: 0.0, Avg: 0.1, Max: 0.4, Diff: 0.4, Sum: 1.2]
      [Update RS (ms): Min: 0.0, Avg: 21.8, Max: 27.0, Diff: 27.0, Sum: 174.2]
         [Processed Buffers: Min: 0, Avg: 8.3, Max: 12, Diff: 12, Sum: 66]
      [Scan RS (ms): Min: 8.5, Avg: 15.3, Max: 16.9, Diff: 8.3, Sum: 122.2]
      [Code Root Scanning (ms): Min: 0.0, Avg: 0.0, Max: 0.0, Diff: 0.0, Sum: 0.0]
      [Object Copy (ms): Min: 224.8, Avg: 225.2, Max: 225.6, Diff: 0.8, Sum: 1802.0]
      [Termination (ms): Min: 0.0, Avg: 0.4, Max: 0.9, Diff: 0.9, Sum: 3.0]
         [Termination Attempts: Min: 1, Avg: 242.1, Max: 409, Diff: 408, Sum: 1937]
      [GC Worker Other (ms): Min: 0.0, Avg: 0.0, Max: 0.0, Diff: 0.0, Sum: 0.2]
      [GC Worker Total (ms): Min: 234.2, Avg: 262.8, Max: 267.2, Diff: 33.0, Sum: 2102.7]
      [GC Worker End (ms): Min: 89547.6, Avg: 89547.7, Max: 89547.7, Diff: 0.1]
   [Code Root Fixup: 0.0 ms]
   [Code Root Purge: 0.0 ms]
   [Clear CT: 0.5 ms]
   [Other: 1.9 ms]
      [Choose CSet: 0.0 ms]
      [Ref Proc: 0.5 ms]
      [Ref Enq: 0.0 ms]
      [Redirty Cards: 0.6 ms]
      [Humongous Register: 0.1 ms]
      [Humongous Reclaim: 0.0 ms]
      [Free CSet: 0.2 ms]
   [Eden: 89.0M(89.0M)->0.0B(89.0M) Survivors: 13.0M->13.0M Heap: 550.3M(2048.0M)->552.8M(2048.0M)]
 [Times: user=1.67 sys=0.00, real=0.27 secs] 
2020-09-29T12:25:23.425+0200: 89.712: [GC pause (G1 Evacuation Pause) (young), 0.2263560 secs]
   [Parallel Time: 223.1 ms, GC Workers: 8]
      [GC Worker Start (ms): Min: 89712.3, Avg: 89712.5, Max: 89712.7, Diff: 0.4]
      [Ext Root Scanning (ms): Min: 0.0, Avg: 0.2, Max: 0.3, Diff: 0.3, Sum: 1.6]
      [Update RS (ms): Min: 19.4, Avg: 21.2, Max: 31.7, Diff: 12.3, Sum: 169.2]
         [Processed Buffers: Min: 0, Avg: 8.1, Max: 12, Diff: 12, Sum: 65]
      [Scan RS (ms): Min: 3.1, Avg: 14.1, Max: 17.1, Diff: 14.1, Sum: 113.2]
      [Code Root Scanning (ms): Min: 0.0, Avg: 0.0, Max: 0.0, Diff: 0.0, Sum: 0.0]
      [Object Copy (ms): Min: 184.9, Avg: 186.6, Max: 187.5, Diff: 2.6, Sum: 1493.1]
      [Termination (ms): Min: 0.1, Avg: 0.4, Max: 0.6, Diff: 0.5, Sum: 2.8]
         [Termination Attempts: Min: 1, Avg: 616.3, Max: 1003, Diff: 1002, Sum: 4930]
      [GC Worker Other (ms): Min: 0.0, Avg: 0.0, Max: 0.1, Diff: 0.1, Sum: 0.3]
      [GC Worker Total (ms): Min: 222.3, Avg: 222.5, Max: 222.7, Diff: 0.4, Sum: 1780.2]
      [GC Worker End (ms): Min: 89935.0, Avg: 89935.0, Max: 89935.0, Diff: 0.0]
   [Code Root Fixup: 0.0 ms]
   [Code Root Purge: 0.0 ms]
   [Clear CT: 0.6 ms]
   [Other: 2.6 ms]
      [Choose CSet: 0.0 ms]
      [Ref Proc: 0.8 ms]
      [Ref Enq: 0.0 ms]
      [Redirty Cards: 0.9 ms]
      [Humongous Register: 0.1 ms]
      [Humongous Reclaim: 0.0 ms]
      [Free CSet: 0.3 ms]
   [Eden: 89.0M(89.0M)->0.0B(89.0M) Survivors: 13.0M->13.0M Heap: 657.1M(2048.0M)->659.6M(2048.0M)]
 [Times: user=1.51 sys=0.00, real=0.23 secs] 
2020-09-29T12:25:23.845+0200: 90.132: [GC pause (G1 Evacuation Pause) (young), 0.2521286 secs]
   [Parallel Time: 249.6 ms, GC Workers: 8]
      [GC Worker Start (ms): Min: 90131.9, Avg: 90132.1, Max: 90132.3, Diff: 0.4]
      [Ext Root Scanning (ms): Min: 0.0, Avg: 0.2, Max: 0.4, Diff: 0.4, Sum: 1.6]
      [Update RS (ms): Min: 14.6, Avg: 17.6, Max: 32.1, Diff: 17.5, Sum: 140.8]
         [Processed Buffers: Min: 0, Avg: 5.3, Max: 8, Diff: 8, Sum: 42]
      [Scan RS (ms): Min: 0.0, Avg: 14.7, Max: 19.7, Diff: 19.6, Sum: 117.4]
      [Code Root Scanning (ms): Min: 0.0, Avg: 0.0, Max: 0.0, Diff: 0.0, Sum: 0.0]
      [Object Copy (ms): Min: 214.4, Avg: 216.5, Max: 216.9, Diff: 2.5, Sum: 1731.7]
      [Termination (ms): Min: 0.0, Avg: 0.1, Max: 0.3, Diff: 0.3, Sum: 1.2]
         [Termination Attempts: Min: 1, Avg: 34.6, Max: 58, Diff: 57, Sum: 277]
      [GC Worker Other (ms): Min: 0.0, Avg: 0.0, Max: 0.0, Diff: 0.0, Sum: 0.2]
      [GC Worker Total (ms): Min: 248.9, Avg: 249.1, Max: 249.3, Diff: 0.4, Sum: 1992.9]
      [GC Worker End (ms): Min: 90381.2, Avg: 90381.2, Max: 90381.2, Diff: 0.1]
   [Code Root Fixup: 0.0 ms]
   [Code Root Purge: 0.0 ms]
   [Clear CT: 0.5 ms]
   [Other: 2.0 ms]
      [Choose CSet: 0.0 ms]
      [Ref Proc: 0.6 ms]
      [Ref Enq: 0.0 ms]
      [Redirty Cards: 0.6 ms]
      [Humongous Register: 0.1 ms]
      [Humongous Reclaim: 0.0 ms]
      [Free CSet: 0.3 ms]
   [Eden: 89.0M(89.0M)->0.0B(89.0M) Survivors: 13.0M->13.0M Heap: 761.9M(2048.0M)->763.9M(2048.0M)]
 [Times: user=1.52 sys=0.00, real=0.25 secs] 
2020-09-29T12:25:24.196+0200: 90.483: [GC pause (G1 Evacuation Pause) (young), 0.0892800 secs]
   [Parallel Time: 88.3 ms, GC Workers: 8]
      [GC Worker Start (ms): Min: 90482.7, Avg: 90482.8, Max: 90482.9, Diff: 0.2]
      [Ext Root Scanning (ms): Min: 0.0, Avg: 0.1, Max: 0.1, Diff: 0.1, Sum: 0.7]
      [Update RS (ms): Min: 6.7, Avg: 9.9, Max: 31.6, Diff: 24.8, Sum: 79.5]
         [Processed Buffers: Min: 0, Avg: 6.6, Max: 9, Diff: 9, Sum: 53]
      [Scan RS (ms): Min: 0.0, Avg: 4.3, Max: 5.0, Diff: 5.0, Sum: 34.3]
      [Code Root Scanning (ms): Min: 0.0, Avg: 0.0, Max: 0.0, Diff: 0.0, Sum: 0.0]
      [Object Copy (ms): Min: 56.0, Avg: 73.5, Max: 76.3, Diff: 20.3, Sum: 587.7]
      [Termination (ms): Min: 0.1, Avg: 0.4, Max: 0.6, Diff: 0.5, Sum: 3.0]
         [Termination Attempts: Min: 1, Avg: 1976.8, Max: 2731, Diff: 2730, Sum: 15814]
      [GC Worker Other (ms): Min: 0.0, Avg: 0.0, Max: 0.0, Diff: 0.0, Sum: 0.1]
      [GC Worker Total (ms): Min: 88.1, Avg: 88.2, Max: 88.2, Diff: 0.2, Sum: 705.3]
      [GC Worker End (ms): Min: 90570.9, Avg: 90570.9, Max: 90571.0, Diff: 0.0]
   [Code Root Fixup: 0.0 ms]
   [Code Root Purge: 0.0 ms]
   [Clear CT: 0.2 ms]
   [Other: 0.8 ms]
      [Choose CSet: 0.0 ms]
      [Ref Proc: 0.2 ms]
      [Ref Enq: 0.0 ms]
      [Redirty Cards: 0.2 ms]
      [Humongous Register: 0.0 ms]
      [Humongous Reclaim: 0.0 ms]
      [Free CSet: 0.1 ms]
   [Eden: 89.0M(89.0M)->0.0B(89.0M) Survivors: 13.0M->13.0M Heap: 868.2M(2048.0M)->870.7M(2048.0M)]
 [Times: user=0.53 sys=0.00, real=0.09 secs] 
2020-09-29T12:25:24.356+0200: 90.642: [GC pause (G1 Evacuation Pause) (young), 0.0743794 secs]
   [Parallel Time: 73.5 ms, GC Workers: 8]
      [GC Worker Start (ms): Min: 90642.2, Avg: 90642.3, Max: 90642.4, Diff: 0.2]
      [Ext Root Scanning (ms): Min: 0.0, Avg: 0.1, Max: 0.2, Diff: 0.2, Sum: 0.8]
      [Update RS (ms): Min: 9.4, Avg: 10.8, Max: 18.8, Diff: 9.4, Sum: 86.8]
         [Processed Buffers: Min: 0, Avg: 8.5, Max: 13, Diff: 13, Sum: 68]
      [Scan RS (ms): Min: 0.0, Avg: 5.7, Max: 6.8, Diff: 6.8, Sum: 45.4]
      [Code Root Scanning (ms): Min: 0.0, Avg: 0.0, Max: 0.0, Diff: 0.0, Sum: 0.0]
      [Object Copy (ms): Min: 54.4, Avg: 56.6, Max: 57.0, Diff: 2.7, Sum: 452.9]
      [Termination (ms): Min: 0.0, Avg: 0.1, Max: 0.1, Diff: 0.1, Sum: 0.7]
         [Termination Attempts: Min: 1, Avg: 357.3, Max: 461, Diff: 460, Sum: 2858]
      [GC Worker Other (ms): Min: 0.0, Avg: 0.0, Max: 0.0, Diff: 0.0, Sum: 0.1]
      [GC Worker Total (ms): Min: 73.2, Avg: 73.3, Max: 73.4, Diff: 0.2, Sum: 586.6]
      [GC Worker End (ms): Min: 90715.6, Avg: 90715.6, Max: 90715.6, Diff: 0.0]
   [Code Root Fixup: 0.0 ms]
   [Code Root Purge: 0.0 ms]
   [Clear CT: 0.1 ms]
   [Other: 0.7 ms]
      [Choose CSet: 0.0 ms]
      [Ref Proc: 0.1 ms]
      [Ref Enq: 0.0 ms]
      [Redirty Cards: 0.2 ms]
      [Humongous Register: 0.1 ms]
      [Humongous Reclaim: 0.0 ms]
      [Free CSet: 0.1 ms]
   [Eden: 89.0M(89.0M)->0.0B(91.0M) Survivors: 13.0M->13.0M Heap: 974.9M(2048.0M)->976.9M(2048.0M)]
 [Times: user=0.58 sys=0.00, real=0.07 secs] 
2020-09-29T12:25:24.434+0200: 90.720: [GC pause (G1 Humongous Allocation) (young) (initial-mark), 0.0262572 secs]
   [Parallel Time: 25.3 ms, GC Workers: 8]
      [GC Worker Start (ms): Min: 90720.3, Avg: 90720.3, Max: 90720.4, Diff: 0.1]
      [Ext Root Scanning (ms): Min: 0.0, Avg: 0.1, Max: 0.1, Diff: 0.1, Sum: 0.7]
      [Update RS (ms): Min: 12.4, Avg: 12.8, Max: 13.2, Diff: 0.8, Sum: 102.7]
         [Processed Buffers: Min: 12, Avg: 14.0, Max: 16, Diff: 4, Sum: 112]
      [Scan RS (ms): Min: 0.5, Avg: 0.8, Max: 1.3, Diff: 0.8, Sum: 6.5]
      [Code Root Scanning (ms): Min: 0.0, Avg: 0.0, Max: 0.0, Diff: 0.0, Sum: 0.0]
      [Object Copy (ms): Min: 11.2, Avg: 11.3, Max: 11.3, Diff: 0.1, Sum: 90.3]
      [Termination (ms): Min: 0.0, Avg: 0.1, Max: 0.1, Diff: 0.1, Sum: 0.5]
         [Termination Attempts: Min: 1, Avg: 507.5, Max: 656, Diff: 655, Sum: 4060]
      [GC Worker Other (ms): Min: 0.0, Avg: 0.0, Max: 0.0, Diff: 0.0, Sum: 0.1]
      [GC Worker Total (ms): Min: 25.0, Avg: 25.1, Max: 25.2, Diff: 0.1, Sum: 200.8]
      [GC Worker End (ms): Min: 90745.4, Avg: 90745.4, Max: 90745.4, Diff: 0.0]
   [Code Root Fixup: 0.0 ms]
   [Code Root Purge: 0.0 ms]
   [Clear CT: 0.2 ms]
   [Other: 0.8 ms]
      [Choose CSet: 0.0 ms]
      [Ref Proc: 0.2 ms]
      [Ref Enq: 0.0 ms]
      [Redirty Cards: 0.1 ms]
      [Humongous Register: 0.1 ms]
      [Humongous Reclaim: 0.0 ms]
      [Free CSet: 0.1 ms]
   [Eden: 6144.0K(91.0M)->0.0B(117.0M) Survivors: 13.0M->8192.0K Heap: 982.9M(2048.0M)->986.4M(2048.0M)]
 [Times: user=0.22 sys=0.00, real=0.03 secs] 
2020-09-29T12:25:24.460+0200: 90.746: [GC concurrent-root-region-scan-start]
2020-09-29T12:25:24.462+0200: 90.749: [GC concurrent-root-region-scan-end, 0.0021905 secs]
2020-09-29T12:25:24.462+0200: 90.749: [GC concurrent-mark-start]
2020-09-29T12:25:24.466+0200: 90.752: [GC concurrent-mark-end, 0.0036957 secs]
2020-09-29T12:25:24.466+0200: 90.753: [GC remark 2020-09-29T12:25:24.466+0200: 90.753: [Finalize Marking, 0.0001704 secs] 2020-09-29T12:25:24.466+0200: 90.753: [GC ref-proc, 0.0003196 secs] 2020-09-29T12:25:24.467+0200: 90.753: [Unloading, 0.0004929 secs], 0.0012989 secs]
 [Times: user=0.00 sys=0.00, real=0.00 secs] 
2020-09-29T12:25:24.468+0200: 90.754: [GC cleanup 998M->34M(2048M), 0.0013308 secs]
 [Times: user=0.00 sys=0.00, real=0.00 secs] 
2020-09-29T12:25:24.469+0200: 90.756: [GC concurrent-cleanup-start]
2020-09-29T12:25:24.470+0200: 90.757: [GC concurrent-cleanup-end, 0.0012424 secs]
2020-09-29T12:25:24.539+0200: 90.825: [GC pause (G1 Evacuation Pause) (young), 0.0586635 secs]
   [Parallel Time: 57.6 ms, GC Workers: 8]
      [GC Worker Start (ms): Min: 90825.9, Avg: 90826.0, Max: 90826.0, Diff: 0.1]
      [Ext Root Scanning (ms): Min: 0.0, Avg: 0.1, Max: 0.1, Diff: 0.1, Sum: 0.7]
      [Update RS (ms): Min: 8.2, Avg: 8.3, Max: 8.6, Diff: 0.4, Sum: 66.7]
         [Processed Buffers: Min: 9, Avg: 10.4, Max: 14, Diff: 5, Sum: 83]
      [Scan RS (ms): Min: 3.9, Avg: 4.2, Max: 4.3, Diff: 0.4, Sum: 33.3]
      [Code Root Scanning (ms): Min: 0.0, Avg: 0.0, Max: 0.0, Diff: 0.0, Sum: 0.0]
      [Object Copy (ms): Min: 44.3, Avg: 44.3, Max: 44.3, Diff: 0.1, Sum: 354.5]
      [Termination (ms): Min: 0.0, Avg: 0.0, Max: 0.0, Diff: 0.0, Sum: 0.2]
         [Termination Attempts: Min: 1, Avg: 194.8, Max: 277, Diff: 276, Sum: 1558]
      [GC Worker Other (ms): Min: 0.0, Avg: 0.0, Max: 0.1, Diff: 0.0, Sum: 0.2]
      [GC Worker Total (ms): Min: 56.9, Avg: 57.0, Max: 57.0, Diff: 0.1, Sum: 455.6]
      [GC Worker End (ms): Min: 90882.9, Avg: 90882.9, Max: 90882.9, Diff: 0.0]
   [Code Root Fixup: 0.0 ms]
   [Code Root Purge: 0.0 ms]
   [Clear CT: 0.2 ms]
   [Other: 0.9 ms]
      [Choose CSet: 0.0 ms]
      [Ref Proc: 0.3 ms]
      [Ref Enq: 0.0 ms]
      [Redirty Cards: 0.2 ms]
      [Humongous Register: 0.0 ms]
      [Humongous Reclaim: 0.0 ms]
      [Free CSet: 0.1 ms]
   [Eden: 117.0M(117.0M)->0.0B(138.0M) Survivors: 8192.0K->16.0M Heap: 160.5M(2048.0M)->155.0M(2048.0M)]
 [Times: user=0.39 sys=0.02, real=0.06 secs] 
2020-09-29T12:25:24.677+0200: 90.964: [GC pause (G1 Evacuation Pause) (young), 0.0733551 secs]
   [Parallel Time: 72.3 ms, GC Workers: 8]
      [GC Worker Start (ms): Min: 90964.1, Avg: 90964.2, Max: 90964.3, Diff: 0.1]
      [Ext Root Scanning (ms): Min: 0.0, Avg: 0.1, Max: 0.2, Diff: 0.1, Sum: 0.6]
      [Update RS (ms): Min: 8.0, Avg: 8.1, Max: 8.6, Diff: 0.6, Sum: 64.8]
         [Processed Buffers: Min: 9, Avg: 10.4, Max: 12, Diff: 3, Sum: 83]
      [Scan RS (ms): Min: 5.8, Avg: 6.3, Max: 6.5, Diff: 0.7, Sum: 50.6]
      [Code Root Scanning (ms): Min: 0.0, Avg: 0.0, Max: 0.0, Diff: 0.0, Sum: 0.0]
      [Object Copy (ms): Min: 57.6, Avg: 57.6, Max: 57.6, Diff: 0.1, Sum: 460.7]
      [Termination (ms): Min: 0.0, Avg: 0.0, Max: 0.0, Diff: 0.0, Sum: 0.1]
         [Termination Attempts: Min: 1, Avg: 85.4, Max: 110, Diff: 109, Sum: 683]
      [GC Worker Other (ms): Min: 0.0, Avg: 0.0, Max: 0.1, Diff: 0.0, Sum: 0.2]
      [GC Worker Total (ms): Min: 72.1, Avg: 72.1, Max: 72.2, Diff: 0.2, Sum: 577.1]
      [GC Worker End (ms): Min: 91036.3, Avg: 91036.3, Max: 91036.4, Diff: 0.0]
   [Code Root Fixup: 0.0 ms]
   [Code Root Purge: 0.0 ms]
   [Clear CT: 0.2 ms]
   [Other: 0.9 ms]
      [Choose CSet: 0.0 ms]
      [Ref Proc: 0.2 ms]
      [Ref Enq: 0.0 ms]
      [Redirty Cards: 0.2 ms]
      [Humongous Register: 0.0 ms]
      [Humongous Reclaim: 0.0 ms]
      [Free CSet: 0.2 ms]
   [Eden: 138.0M(138.0M)->0.0B(160.0M) Survivors: 16.0M->20.0M Heap: 315.9M(2048.0M)->317.4M(2048.0M)]
 [Times: user=0.49 sys=0.02, real=0.07 secs] 
2020-09-29T12:25:24.855+0200: 91.142: [GC pause (G1 Evacuation Pause) (young), 0.1452203 secs]
   [Parallel Time: 144.2 ms, GC Workers: 8]
      [GC Worker Start (ms): Min: 91141.8, Avg: 91141.8, Max: 91141.9, Diff: 0.1]
      [Ext Root Scanning (ms): Min: 0.0, Avg: 0.1, Max: 0.1, Diff: 0.1, Sum: 0.7]
      [Update RS (ms): Min: 12.2, Avg: 14.7, Max: 31.6, Diff: 19.4, Sum: 117.8]
         [Processed Buffers: Min: 0, Avg: 12.0, Max: 16, Diff: 16, Sum: 96]
      [Scan RS (ms): Min: 0.0, Avg: 9.0, Max: 10.5, Diff: 10.4, Sum: 72.2]
      [Code Root Scanning (ms): Min: 0.0, Avg: 0.0, Max: 0.0, Diff: 0.0, Sum: 0.0]
      [Object Copy (ms): Min: 112.2, Avg: 120.1, Max: 121.3, Diff: 9.1, Sum: 961.0]
      [Termination (ms): Min: 0.0, Avg: 0.0, Max: 0.0, Diff: 0.0, Sum: 0.1]
         [Termination Attempts: Min: 1, Avg: 111.4, Max: 188, Diff: 187, Sum: 891]
      [GC Worker Other (ms): Min: 0.0, Avg: 0.0, Max: 0.1, Diff: 0.0, Sum: 0.3]
      [GC Worker Total (ms): Min: 144.0, Avg: 144.0, Max: 144.1, Diff: 0.1, Sum: 1152.1]
      [GC Worker End (ms): Min: 91285.8, Avg: 91285.8, Max: 91285.9, Diff: 0.0]
   [Code Root Fixup: 0.0 ms]
   [Code Root Purge: 0.0 ms]
   [Clear CT: 0.2 ms]
   [Other: 0.9 ms]
      [Choose CSet: 0.0 ms]
      [Ref Proc: 0.2 ms]
      [Ref Enq: 0.0 ms]
      [Redirty Cards: 0.2 ms]
      [Humongous Register: 0.0 ms]
      [Humongous Reclaim: 0.0 ms]
      [Free CSet: 0.2 ms]
   [Eden: 160.0M(160.0M)->0.0B(162.0M) Survivors: 20.0M->23.0M Heap: 504.1M(2048.0M)->506.1M(2048.0M)]
 [Times: user=1.02 sys=0.00, real=0.14 secs] 
2020-09-29T12:25:25.131+0200: 91.418: [GC pause (G1 Evacuation Pause) (young), 0.0933806 secs]
   [Parallel Time: 92.5 ms, GC Workers: 8]
      [GC Worker Start (ms): Min: 91418.3, Avg: 91418.4, Max: 91418.6, Diff: 0.2]
      [Ext Root Scanning (ms): Min: 0.0, Avg: 0.1, Max: 0.2, Diff: 0.2, Sum: 0.6]
      [Update RS (ms): Min: 10.1, Avg: 10.4, Max: 10.8, Diff: 0.6, Sum: 83.1]
         [Processed Buffers: Min: 10, Avg: 12.4, Max: 15, Diff: 5, Sum: 99]
      [Scan RS (ms): Min: 7.1, Avg: 7.4, Max: 7.5, Diff: 0.5, Sum: 59.1]
      [Code Root Scanning (ms): Min: 0.0, Avg: 0.0, Max: 0.0, Diff: 0.0, Sum: 0.0]
      [Object Copy (ms): Min: 74.3, Avg: 74.4, Max: 74.4, Diff: 0.1, Sum: 594.9]
      [Termination (ms): Min: 0.0, Avg: 0.0, Max: 0.1, Diff: 0.1, Sum: 0.3]
         [Termination Attempts: Min: 1, Avg: 241.6, Max: 355, Diff: 354, Sum: 1933]
      [GC Worker Other (ms): Min: 0.0, Avg: 0.0, Max: 0.0, Diff: 0.0, Sum: 0.2]
      [GC Worker Total (ms): Min: 92.1, Avg: 92.3, Max: 92.4, Diff: 0.2, Sum: 738.2]
      [GC Worker End (ms): Min: 91510.7, Avg: 91510.7, Max: 91510.7, Diff: 0.0]
   [Code Root Fixup: 0.0 ms]
   [Code Root Purge: 0.0 ms]
   [Clear CT: 0.2 ms]
   [Other: 0.7 ms]
      [Choose CSet: 0.0 ms]
      [Ref Proc: 0.2 ms]
      [Ref Enq: 0.0 ms]
      [Redirty Cards: 0.1 ms]
      [Humongous Register: 0.0 ms]
      [Humongous Reclaim: 0.0 ms]
      [Free CSet: 0.2 ms]
   [Eden: 162.0M(162.0M)->0.0B(189.0M) Survivors: 23.0M->24.0M Heap: 694.8M(2048.0M)->696.8M(2048.0M)]
 [Times: user=0.73 sys=0.00, real=0.09 secs] 
2020-09-29T12:25:25.345+0200: 91.631: [GC pause (G1 Evacuation Pause) (young), 0.1513662 secs]
   [Parallel Time: 150.5 ms, GC Workers: 8]
      [GC Worker Start (ms): Min: 91631.1, Avg: 91631.2, Max: 91631.3, Diff: 0.1]
      [Ext Root Scanning (ms): Min: 0.0, Avg: 0.1, Max: 0.2, Diff: 0.1, Sum: 0.6]
      [Update RS (ms): Min: 13.6, Avg: 15.2, Max: 21.4, Diff: 7.8, Sum: 121.4]
         [Processed Buffers: Min: 0, Avg: 12.6, Max: 16, Diff: 16, Sum: 101]
      [Scan RS (ms): Min: 5.4, Avg: 11.9, Max: 14.7, Diff: 9.3, Sum: 94.9]
      [Code Root Scanning (ms): Min: 0.0, Avg: 0.0, Max: 0.0, Diff: 0.0, Sum: 0.0]
      [Object Copy (ms): Min: 121.4, Avg: 123.1, Max: 123.3, Diff: 1.9, Sum: 984.4]
      [Termination (ms): Min: 0.0, Avg: 0.1, Max: 0.1, Diff: 0.1, Sum: 0.7]
         [Termination Attempts: Min: 1, Avg: 296.0, Max: 395, Diff: 394, Sum: 2368]
      [GC Worker Other (ms): Min: 0.0, Avg: 0.0, Max: 0.0, Diff: 0.0, Sum: 0.1]
      [GC Worker Total (ms): Min: 150.2, Avg: 150.3, Max: 150.3, Diff: 0.1, Sum: 1202.2]
      [GC Worker End (ms): Min: 91781.5, Avg: 91781.5, Max: 91781.5, Diff: 0.0]
   [Code Root Fixup: 0.0 ms]
   [Code Root Purge: 0.0 ms]
   [Clear CT: 0.2 ms]
   [Other: 0.7 ms]
      [Choose CSet: 0.0 ms]
      [Ref Proc: 0.1 ms]
      [Ref Enq: 0.0 ms]
      [Redirty Cards: 0.1 ms]
      [Humongous Register: 0.0 ms]
      [Humongous Reclaim: 0.0 ms]
      [Free CSet: 0.2 ms]
   [Eden: 189.0M(189.0M)->0.0B(192.0M) Survivors: 24.0M->27.0M Heap: 916.3M(2048.0M)->918.3M(2048.0M)]
 [Times: user=1.09 sys=0.00, real=0.15 secs] 
2020-09-29T12:25:25.590+0200: 91.876: [GC pause (G1 Humongous Allocation) (young) (initial-mark), 0.0845671 secs]
   [Parallel Time: 83.5 ms, GC Workers: 8]
      [GC Worker Start (ms): Min: 91876.7, Avg: 91876.7, Max: 91876.8, Diff: 0.2]
      [Ext Root Scanning (ms): Min: 0.0, Avg: 1.0, Max: 2.4, Diff: 2.4, Sum: 7.7]
      [Update RS (ms): Min: 11.8, Avg: 13.5, Max: 14.6, Diff: 2.9, Sum: 108.1]
         [Processed Buffers: Min: 12, Avg: 13.9, Max: 15, Diff: 3, Sum: 111]
      [Scan RS (ms): Min: 4.0, Avg: 4.4, Max: 4.8, Diff: 0.8, Sum: 35.3]
      [Code Root Scanning (ms): Min: 0.0, Avg: 0.0, Max: 0.0, Diff: 0.0, Sum: 0.0]
      [Object Copy (ms): Min: 64.2, Avg: 64.3, Max: 64.3, Diff: 0.1, Sum: 514.2]
      [Termination (ms): Min: 0.0, Avg: 0.0, Max: 0.0, Diff: 0.0, Sum: 0.0]
         [Termination Attempts: Min: 1, Avg: 37.0, Max: 56, Diff: 55, Sum: 296]
      [GC Worker Other (ms): Min: 0.0, Avg: 0.0, Max: 0.1, Diff: 0.1, Sum: 0.3]
      [GC Worker Total (ms): Min: 83.1, Avg: 83.2, Max: 83.3, Diff: 0.2, Sum: 665.6]
      [GC Worker End (ms): Min: 91959.9, Avg: 91959.9, Max: 91960.0, Diff: 0.1]
   [Code Root Fixup: 0.0 ms]
   [Code Root Purge: 0.0 ms]
   [Clear CT: 0.1 ms]
   [Other: 0.9 ms]
      [Choose CSet: 0.0 ms]
      [Ref Proc: 0.2 ms]
      [Ref Enq: 0.0 ms]
      [Redirty Cards: 0.2 ms]
      [Humongous Register: 0.1 ms]
      [Humongous Reclaim: 0.0 ms]
      [Free CSet: 0.2 ms]
   [Eden: 127.0M(192.0M)->0.0B(220.0M) Survivors: 27.0M->28.0M Heap: 1066.3M(2048.0M)->1068.3M(2048.0M)]
 [Times: user=0.59 sys=0.00, real=0.09 secs] 
2020-09-29T12:25:25.675+0200: 91.961: [GC concurrent-root-region-scan-start]
2020-09-29T12:25:25.685+0200: 91.971: [GC concurrent-root-region-scan-end, 0.0099290 secs]
2020-09-29T12:25:25.685+0200: 91.971: [GC concurrent-mark-start]
2020-09-29T12:25:25.688+0200: 91.975: [GC concurrent-mark-end, 0.0033813 secs]
2020-09-29T12:25:25.690+0200: 91.976: [GC remark 2020-09-29T12:25:25.690+0200: 91.976: [Finalize Marking, 0.0003303 secs] 2020-09-29T12:25:25.690+0200: 91.976: [GC ref-proc, 0.0004146 secs] 2020-09-29T12:25:25.691+0200: 91.977: [Unloading, 0.0007188 secs], 0.0022753 secs]
 [Times: user=0.00 sys=0.00, real=0.00 secs] 
2020-09-29T12:25:25.693+0200: 91.979: [GC cleanup 1090M->64M(2048M), 0.0016515 secs]
 [Times: user=0.00 sys=0.00, real=0.00 secs] 
2020-09-29T12:25:25.695+0200: 91.981: [GC concurrent-cleanup-start]
2020-09-29T12:25:25.696+0200: 91.982: [GC concurrent-cleanup-end, 0.0015990 secs]
2020-09-29T12:25:25.876+0200: 92.163: [GC pause (G1 Evacuation Pause) (young), 0.1719904 secs]
   [Parallel Time: 170.9 ms, GC Workers: 8]
      [GC Worker Start (ms): Min: 92163.1, Avg: 92163.7, Max: 92167.4, Diff: 4.3]
      [Ext Root Scanning (ms): Min: 0.0, Avg: 0.1, Max: 0.1, Diff: 0.1, Sum: 0.7]
      [Update RS (ms): Min: 14.1, Avg: 18.0, Max: 20.8, Diff: 6.7, Sum: 144.0]
         [Processed Buffers: Min: 12, Avg: 16.0, Max: 20, Diff: 8, Sum: 128]
      [Scan RS (ms): Min: 10.7, Avg: 13.0, Max: 13.8, Diff: 3.1, Sum: 103.6]
      [Code Root Scanning (ms): Min: 0.0, Avg: 0.0, Max: 0.0, Diff: 0.0, Sum: 0.0]
      [Object Copy (ms): Min: 138.6, Avg: 139.1, Max: 139.2, Diff: 0.6, Sum: 1112.7]
      [Termination (ms): Min: 0.0, Avg: 0.1, Max: 0.1, Diff: 0.1, Sum: 0.6]
         [Termination Attempts: Min: 1, Avg: 286.5, Max: 423, Diff: 422, Sum: 2292]
      [GC Worker Other (ms): Min: 0.0, Avg: 0.0, Max: 0.0, Diff: 0.0, Sum: 0.2]
      [GC Worker Total (ms): Min: 166.5, Avg: 170.2, Max: 170.9, Diff: 4.3, Sum: 1361.8]
      [GC Worker End (ms): Min: 92333.9, Avg: 92334.0, Max: 92334.0, Diff: 0.0]
   [Code Root Fixup: 0.0 ms]
   [Code Root Purge: 0.0 ms]
   [Clear CT: 0.1 ms]
   [Other: 1.0 ms]
      [Choose CSet: 0.0 ms]
      [Ref Proc: 0.2 ms]
      [Ref Enq: 0.0 ms]
      [Redirty Cards: 0.2 ms]
      [Humongous Register: 0.1 ms]
      [Humongous Reclaim: 0.0 ms]
      [Free CSet: 0.2 ms]
   [Eden: 220.0M(220.0M)->0.0B(213.0M) Survivors: 28.0M->31.0M Heap: 301.1M(2048.0M)->275.1M(2048.0M)]
 [Times: user=1.19 sys=0.02, real=0.17 secs] 
2020-09-29T12:25:26.217+0200: 92.504: [GC pause (G1 Evacuation Pause) (young), 0.1389724 secs]
   [Parallel Time: 137.9 ms, GC Workers: 8]
      [GC Worker Start (ms): Min: 92503.8, Avg: 92504.3, Max: 92504.8, Diff: 1.0]
      [Ext Root Scanning (ms): Min: 0.0, Avg: 0.1, Max: 0.2, Diff: 0.2, Sum: 0.5]
      [Update RS (ms): Min: 17.0, Avg: 17.7, Max: 18.2, Diff: 1.2, Sum: 141.2]
         [Processed Buffers: Min: 15, Avg: 17.1, Max: 21, Diff: 6, Sum: 137]
      [Scan RS (ms): Min: 9.9, Avg: 10.1, Max: 10.4, Diff: 0.5, Sum: 80.6]
      [Code Root Scanning (ms): Min: 0.0, Avg: 0.0, Max: 0.0, Diff: 0.0, Sum: 0.0]
      [Object Copy (ms): Min: 109.3, Avg: 109.4, Max: 109.4, Diff: 0.1, Sum: 875.1]
      [Termination (ms): Min: 0.0, Avg: 0.0, Max: 0.0, Diff: 0.0, Sum: 0.3]
         [Termination Attempts: Min: 1, Avg: 212.6, Max: 273, Diff: 272, Sum: 1701]
      [GC Worker Other (ms): Min: 0.0, Avg: 0.0, Max: 0.0, Diff: 0.0, Sum: 0.3]
      [GC Worker Total (ms): Min: 136.8, Avg: 137.3, Max: 137.8, Diff: 1.0, Sum: 1098.1]
      [GC Worker End (ms): Min: 92641.6, Avg: 92641.6, Max: 92641.6, Diff: 0.0]
   [Code Root Fixup: 0.0 ms]
   [Code Root Purge: 0.0 ms]
   [Clear CT: 0.1 ms]
   [Other: 1.0 ms]
      [Choose CSet: 0.0 ms]
      [Ref Proc: 0.2 ms]
      [Ref Enq: 0.0 ms]
      [Redirty Cards: 0.2 ms]
      [Humongous Register: 0.1 ms]
      [Humongous Reclaim: 0.0 ms]
      [Free CSet: 0.3 ms]
   [Eden: 213.0M(213.0M)->0.0B(227.0M) Survivors: 31.0M->31.0M Heap: 522.5M(2048.0M)->524.5M(2048.0M)]
 [Times: user=1.02 sys=0.01, real=0.14 secs] 
2020-09-29T12:25:26.510+0200: 92.796: [GC pause (G1 Evacuation Pause) (young), 0.1358718 secs]
   [Parallel Time: 134.9 ms, GC Workers: 8]
      [GC Worker Start (ms): Min: 92796.3, Avg: 92796.4, Max: 92796.4, Diff: 0.1]
      [Ext Root Scanning (ms): Min: 0.0, Avg: 0.1, Max: 0.1, Diff: 0.1, Sum: 0.6]
      [Update RS (ms): Min: 13.5, Avg: 13.7, Max: 14.0, Diff: 0.5, Sum: 109.6]
         [Processed Buffers: Min: 14, Avg: 16.3, Max: 18, Diff: 4, Sum: 130]
      [Scan RS (ms): Min: 10.0, Avg: 10.4, Max: 10.5, Diff: 0.5, Sum: 83.0]
      [Code Root Scanning (ms): Min: 0.0, Avg: 0.0, Max: 0.0, Diff: 0.0, Sum: 0.0]
      [Object Copy (ms): Min: 110.3, Avg: 110.4, Max: 110.6, Diff: 0.2, Sum: 883.4]
      [Termination (ms): Min: 0.0, Avg: 0.1, Max: 0.2, Diff: 0.2, Sum: 1.1]
         [Termination Attempts: Min: 1, Avg: 985.0, Max: 1368, Diff: 1367, Sum: 7880]
      [GC Worker Other (ms): Min: 0.0, Avg: 0.0, Max: 0.1, Diff: 0.1, Sum: 0.3]
      [GC Worker Total (ms): Min: 134.7, Avg: 134.7, Max: 134.8, Diff: 0.1, Sum: 1078.0]
      [GC Worker End (ms): Min: 92931.1, Avg: 92931.1, Max: 92931.2, Diff: 0.0]
   [Code Root Fixup: 0.0 ms]
   [Code Root Purge: 0.0 ms]
   [Clear CT: 0.1 ms]
   [Other: 0.8 ms]
      [Choose CSet: 0.0 ms]
      [Ref Proc: 0.1 ms]
      [Ref Enq: 0.0 ms]
      [Redirty Cards: 0.2 ms]
      [Humongous Register: 0.1 ms]
      [Humongous Reclaim: 0.0 ms]
      [Free CSet: 0.3 ms]
   [Eden: 227.0M(227.0M)->0.0B(243.0M) Survivors: 31.0M->33.0M Heap: 789.6M(2048.0M)->791.6M(2048.0M)]
 [Times: user=0.97 sys=0.00, real=0.14 secs] 
2020-09-29T12:25:26.873+0200: 93.160: [GC pause (G1 Evacuation Pause) (young), 0.1926051 secs]
   [Parallel Time: 191.5 ms, GC Workers: 8]
      [GC Worker Start (ms): Min: 93159.8, Avg: 93163.8, Max: 93191.1, Diff: 31.3]
      [Ext Root Scanning (ms): Min: 0.0, Avg: 0.1, Max: 0.2, Diff: 0.2, Sum: 0.8]
      [Update RS (ms): Min: 0.0, Avg: 23.4, Max: 27.4, Diff: 27.4, Sum: 186.9]
         [Processed Buffers: Min: 0, Avg: 20.9, Max: 26, Diff: 26, Sum: 167]
      [Scan RS (ms): Min: 11.2, Avg: 17.5, Max: 36.5, Diff: 25.3, Sum: 140.2]
      [Code Root Scanning (ms): Min: 0.0, Avg: 0.0, Max: 0.0, Diff: 0.0, Sum: 0.0]
      [Object Copy (ms): Min: 128.4, Avg: 146.4, Max: 149.1, Diff: 20.7, Sum: 1171.1]
      [Termination (ms): Min: 0.0, Avg: 0.0, Max: 0.0, Diff: 0.0, Sum: 0.0]
         [Termination Attempts: Min: 1, Avg: 27.6, Max: 41, Diff: 40, Sum: 221]
      [GC Worker Other (ms): Min: 0.0, Avg: 0.0, Max: 0.1, Diff: 0.1, Sum: 0.3]
      [GC Worker Total (ms): Min: 160.2, Avg: 187.4, Max: 191.4, Diff: 31.2, Sum: 1499.4]
      [GC Worker End (ms): Min: 93351.2, Avg: 93351.3, Max: 93351.3, Diff: 0.1]
   [Code Root Fixup: 0.0 ms]
   [Code Root Purge: 0.0 ms]
   [Clear CT: 0.2 ms]
   [Other: 0.9 ms]
      [Choose CSet: 0.0 ms]
      [Ref Proc: 0.2 ms]
      [Ref Enq: 0.0 ms]
      [Redirty Cards: 0.2 ms]
      [Humongous Register: 0.1 ms]
      [Humongous Reclaim: 0.0 ms]
      [Free CSet: 0.3 ms]
   [Eden: 243.0M(243.0M)->0.0B(227.0M) Survivors: 33.0M->35.0M Heap: 1074.7M(2048.0M)->1077.2M(2048.0M)]
 [Times: user=1.30 sys=0.00, real=0.19 secs] 
2020-09-29T12:25:27.067+0200: 93.353: [GC pause (G1 Humongous Allocation) (young) (initial-mark), 0.0700263 secs]
   [Parallel Time: 69.0 ms, GC Workers: 8]
      [GC Worker Start (ms): Min: 93353.4, Avg: 93353.5, Max: 93353.6, Diff: 0.1]
      [Ext Root Scanning (ms): Min: 0.0, Avg: 1.3, Max: 9.2, Diff: 9.2, Sum: 10.0]
      [Update RS (ms): Min: 38.2, Avg: 46.3, Max: 48.0, Diff: 9.8, Sum: 370.8]
         [Processed Buffers: Min: 29, Avg: 46.3, Max: 53, Diff: 24, Sum: 370]
      [Scan RS (ms): Min: 0.0, Avg: 0.0, Max: 0.0, Diff: 0.0, Sum: 0.0]
      [Code Root Scanning (ms): Min: 0.0, Avg: 0.0, Max: 0.0, Diff: 0.0, Sum: 0.0]
      [Object Copy (ms): Min: 20.6, Avg: 21.2, Max: 21.5, Diff: 0.9, Sum: 169.5]
      [Termination (ms): Min: 0.0, Avg: 0.0, Max: 0.1, Diff: 0.1, Sum: 0.3]
         [Termination Attempts: Min: 1, Avg: 291.5, Max: 413, Diff: 412, Sum: 2332]
      [GC Worker Other (ms): Min: 0.0, Avg: 0.0, Max: 0.0, Diff: 0.0, Sum: 0.1]
      [GC Worker Total (ms): Min: 68.7, Avg: 68.8, Max: 68.9, Diff: 0.1, Sum: 550.8]
      [GC Worker End (ms): Min: 93422.3, Avg: 93422.3, Max: 93422.4, Diff: 0.0]
   [Code Root Fixup: 0.0 ms]
   [Code Root Purge: 0.0 ms]
   [Clear CT: 0.2 ms]
   [Other: 0.8 ms]
      [Choose CSet: 0.0 ms]
      [Ref Proc: 0.2 ms]
      [Ref Enq: 0.0 ms]
      [Redirty Cards: 0.2 ms]
      [Humongous Register: 0.1 ms]
      [Humongous Reclaim: 0.0 ms]
      [Free CSet: 0.1 ms]
   [Eden: 2048.0K(227.0M)->0.0B(240.0M) Survivors: 35.0M->2048.0K Heap: 1078.7M(2048.0M)->1080.2M(2048.0M)]
 [Times: user=0.56 sys=0.00, real=0.07 secs] 
2020-09-29T12:25:27.137+0200: 93.423: [GC concurrent-root-region-scan-start]
2020-09-29T12:25:27.138+0200: 93.424: [GC concurrent-root-region-scan-end, 0.0004910 secs]
2020-09-29T12:25:27.138+0200: 93.424: [GC concurrent-mark-start]
2020-09-29T12:25:27.141+0200: 93.428: [GC concurrent-mark-end, 0.0037222 secs]
2020-09-29T12:25:27.141+0200: 93.428: [GC remark 2020-09-29T12:25:27.141+0200: 93.428: [Finalize Marking, 0.0002294 secs] 2020-09-29T12:25:27.142+0200: 93.428: [GC ref-proc, 0.0004410 secs] 2020-09-29T12:25:27.142+0200: 93.429: [Unloading, 0.0006034 secs], 0.0018324 secs]
 [Times: user=0.00 sys=0.00, real=0.00 secs] 
2020-09-29T12:25:27.144+0200: 93.430: [GC cleanup 1090M->26M(2048M), 0.0013885 secs]
 [Times: user=0.00 sys=0.00, real=0.00 secs] 
2020-09-29T12:25:27.146+0200: 93.432: [GC concurrent-cleanup-start]
2020-09-29T12:25:27.147+0200: 93.434: [GC concurrent-cleanup-end, 0.0019631 secs]
2020-09-29T12:25:27.303+0200: 93.589: [GC pause (G1 Evacuation Pause) (young), 0.1568752 secs]
   [Parallel Time: 155.6 ms, GC Workers: 8]
      [GC Worker Start (ms): Min: 93589.5, Avg: 93589.6, Max: 93589.8, Diff: 0.4]
      [Ext Root Scanning (ms): Min: 0.0, Avg: 0.1, Max: 0.2, Diff: 0.2, Sum: 0.7]
      [Update RS (ms): Min: 15.2, Avg: 15.4, Max: 15.6, Diff: 0.5, Sum: 123.0]
         [Processed Buffers: Min: 13, Avg: 15.5, Max: 17, Diff: 4, Sum: 124]
      [Scan RS (ms): Min: 10.0, Avg: 10.2, Max: 10.5, Diff: 0.5, Sum: 81.9]
      [Code Root Scanning (ms): Min: 0.0, Avg: 0.0, Max: 0.0, Diff: 0.0, Sum: 0.0]
      [Object Copy (ms): Min: 129.3, Avg: 129.4, Max: 129.5, Diff: 0.2, Sum: 1035.4]
      [Termination (ms): Min: 0.1, Avg: 0.1, Max: 0.2, Diff: 0.1, Sum: 1.1]
         [Termination Attempts: Min: 1, Avg: 492.6, Max: 712, Diff: 711, Sum: 3941]
      [GC Worker Other (ms): Min: 0.0, Avg: 0.0, Max: 0.1, Diff: 0.1, Sum: 0.2]
      [GC Worker Total (ms): Min: 155.1, Avg: 155.3, Max: 155.4, Diff: 0.3, Sum: 1242.4]
      [GC Worker End (ms): Min: 93744.8, Avg: 93744.9, Max: 93744.9, Diff: 0.1]
   [Code Root Fixup: 0.0 ms]
   [Code Root Purge: 0.0 ms]
   [Clear CT: 0.3 ms]
   [Other: 1.0 ms]
      [Choose CSet: 0.0 ms]
      [Ref Proc: 0.2 ms]
      [Ref Enq: 0.0 ms]
      [Redirty Cards: 0.3 ms]
      [Humongous Register: 0.0 ms]
      [Humongous Reclaim: 0.0 ms]
      [Free CSet: 0.2 ms]
   [Eden: 240.0M(240.0M)->0.0B(224.0M) Survivors: 2048.0K->31.0M Heap: 297.1M(2048.0M)->297.1M(2048.0M)]
 [Times: user=1.08 sys=0.00, real=0.16 secs] 
2020-09-29T12:25:27.624+0200: 93.910: [GC pause (G1 Evacuation Pause) (young), 0.1625220 secs]
   [Parallel Time: 161.3 ms, GC Workers: 8]
      [GC Worker Start (ms): Min: 93910.6, Avg: 93911.3, Max: 93913.1, Diff: 2.5]
      [Ext Root Scanning (ms): Min: 0.0, Avg: 0.1, Max: 0.2, Diff: 0.2, Sum: 0.6]
      [Update RS (ms): Min: 19.7, Avg: 21.2, Max: 22.0, Diff: 2.3, Sum: 169.9]
         [Processed Buffers: Min: 11, Avg: 17.8, Max: 20, Diff: 9, Sum: 142]
      [Scan RS (ms): Min: 10.7, Avg: 11.2, Max: 12.4, Diff: 1.6, Sum: 89.4]
      [Code Root Scanning (ms): Min: 0.0, Avg: 0.0, Max: 0.0, Diff: 0.0, Sum: 0.0]
      [Object Copy (ms): Min: 126.8, Avg: 127.9, Max: 128.2, Diff: 1.3, Sum: 1023.3]
      [Termination (ms): Min: 0.0, Avg: 0.1, Max: 0.2, Diff: 0.2, Sum: 0.7]
         [Termination Attempts: Min: 1, Avg: 669.6, Max: 993, Diff: 992, Sum: 5357]
      [GC Worker Other (ms): Min: 0.0, Avg: 0.0, Max: 0.1, Diff: 0.0, Sum: 0.3]
      [GC Worker Total (ms): Min: 158.8, Avg: 160.5, Max: 161.2, Diff: 2.4, Sum: 1284.3]
      [GC Worker End (ms): Min: 94071.8, Avg: 94071.8, Max: 94071.9, Diff: 0.0]
   [Code Root Fixup: 0.0 ms]
   [Code Root Purge: 0.0 ms]
   [Clear CT: 0.2 ms]
   [Other: 1.0 ms]
      [Choose CSet: 0.0 ms]
      [Ref Proc: 0.1 ms]
      [Ref Enq: 0.0 ms]
      [Redirty Cards: 0.3 ms]
      [Humongous Register: 0.1 ms]
      [Humongous Reclaim: 0.0 ms]
      [Free CSet: 0.2 ms]
   [Eden: 224.0M(224.0M)->0.0B(227.0M) Survivors: 31.0M->32.0M Heap: 559.2M(2048.0M)->561.2M(2048.0M)]
 [Times: user=1.22 sys=0.00, real=0.16 secs] 
2020-09-29T12:25:27.949+0200: 94.235: [GC pause (G1 Evacuation Pause) (young), 0.1613499 secs]
   [Parallel Time: 160.3 ms, GC Workers: 8]
      [GC Worker Start (ms): Min: 94235.2, Avg: 94235.3, Max: 94235.4, Diff: 0.2]
      [Ext Root Scanning (ms): Min: 0.0, Avg: 0.1, Max: 0.2, Diff: 0.2, Sum: 0.6]
      [Update RS (ms): Min: 19.7, Avg: 19.8, Max: 20.1, Diff: 0.4, Sum: 158.3]
         [Processed Buffers: Min: 11, Avg: 19.1, Max: 23, Diff: 12, Sum: 153]
      [Scan RS (ms): Min: 10.0, Avg: 10.3, Max: 10.5, Diff: 0.5, Sum: 82.8]
      [Code Root Scanning (ms): Min: 0.0, Avg: 0.0, Max: 0.0, Diff: 0.0, Sum: 0.0]
      [Object Copy (ms): Min: 129.5, Avg: 129.6, Max: 129.8, Diff: 0.4, Sum: 1036.5]
      [Termination (ms): Min: 0.0, Avg: 0.3, Max: 0.4, Diff: 0.4, Sum: 2.3]
         [Termination Attempts: Min: 1, Avg: 2050.5, Max: 2507, Diff: 2506, Sum: 16404]
      [GC Worker Other (ms): Min: 0.0, Avg: 0.0, Max: 0.1, Diff: 0.1, Sum: 0.3]
      [GC Worker Total (ms): Min: 160.0, Avg: 160.1, Max: 160.2, Diff: 0.2, Sum: 1280.8]
      [GC Worker End (ms): Min: 94395.4, Avg: 94395.4, Max: 94395.5, Diff: 0.1]
   [Code Root Fixup: 0.0 ms]
   [Code Root Purge: 0.0 ms]
   [Clear CT: 0.2 ms]
   [Other: 0.9 ms]
      [Choose CSet: 0.0 ms]
      [Ref Proc: 0.2 ms]
      [Ref Enq: 0.0 ms]
      [Redirty Cards: 0.2 ms]
      [Humongous Register: 0.0 ms]
      [Humongous Reclaim: 0.0 ms]
      [Free CSet: 0.3 ms]
   [Eden: 227.0M(227.0M)->0.0B(235.0M) Survivors: 32.0M->33.0M Heap: 826.3M(2048.0M)->827.3M(2048.0M)]
 [Times: user=1.09 sys=0.02, real=0.16 secs] 
2020-09-29T12:25:28.266+0200: 94.552: [GC pause (G1 Evacuation Pause) (young), 0.1468199 secs]
   [Parallel Time: 145.9 ms, GC Workers: 8]
      [GC Worker Start (ms): Min: 94552.0, Avg: 94552.1, Max: 94552.2, Diff: 0.2]
      [Ext Root Scanning (ms): Min: 0.0, Avg: 0.1, Max: 0.2, Diff: 0.2, Sum: 0.6]
      [Update RS (ms): Min: 16.2, Avg: 16.8, Max: 18.3, Diff: 2.1, Sum: 134.4]
         [Processed Buffers: Min: 15, Avg: 17.8, Max: 20, Diff: 5, Sum: 142]
      [Scan RS (ms): Min: 9.7, Avg: 11.2, Max: 11.7, Diff: 2.0, Sum: 89.5]
      [Code Root Scanning (ms): Min: 0.0, Avg: 0.0, Max: 0.0, Diff: 0.0, Sum: 0.0]
      [Object Copy (ms): Min: 117.4, Avg: 117.5, Max: 117.6, Diff: 0.2, Sum: 939.7]
      [Termination (ms): Min: 0.0, Avg: 0.1, Max: 0.1, Diff: 0.1, Sum: 0.7]
         [Termination Attempts: Min: 1, Avg: 384.6, Max: 482, Diff: 481, Sum: 3077]
      [GC Worker Other (ms): Min: 0.0, Avg: 0.0, Max: 0.0, Diff: 0.0, Sum: 0.1]
      [GC Worker Total (ms): Min: 145.6, Avg: 145.6, Max: 145.7, Diff: 0.2, Sum: 1165.1]
      [GC Worker End (ms): Min: 94697.8, Avg: 94697.8, Max: 94697.8, Diff: 0.0]
   [Code Root Fixup: 0.0 ms]
   [Code Root Purge: 0.0 ms]
   [Clear CT: 0.2 ms]
   [Other: 0.8 ms]
      [Choose CSet: 0.0 ms]
      [Ref Proc: 0.1 ms]
      [Ref Enq: 0.0 ms]
      [Redirty Cards: 0.2 ms]
      [Humongous Register: 0.0 ms]
      [Humongous Reclaim: 0.0 ms]
      [Free CSet: 0.2 ms]
   [Eden: 235.0M(235.0M)->0.0B(250.0M) Survivors: 33.0M->34.0M Heap: 1100.5M(2048.0M)->1102.5M(2048.0M)]
 [Times: user=1.22 sys=0.00, real=0.15 secs] 
2020-09-29T12:25:28.417+0200: 94.703: [GC pause (G1 Humongous Allocation) (young) (initial-mark), 0.0506585 secs]
   [Parallel Time: 49.7 ms, GC Workers: 8]
      [GC Worker Start (ms): Min: 94703.6, Avg: 94703.7, Max: 94703.8, Diff: 0.2]
      [Ext Root Scanning (ms): Min: 0.0, Avg: 0.2, Max: 0.2, Diff: 0.2, Sum: 1.2]
      [Update RS (ms): Min: 33.2, Avg: 33.5, Max: 33.7, Diff: 0.5, Sum: 267.6]
         [Processed Buffers: Min: 33, Avg: 37.8, Max: 41, Diff: 8, Sum: 302]
      [Scan RS (ms): Min: 1.6, Avg: 1.8, Max: 2.0, Diff: 0.4, Sum: 14.2]
      [Code Root Scanning (ms): Min: 0.0, Avg: 0.0, Max: 0.0, Diff: 0.0, Sum: 0.0]
      [Object Copy (ms): Min: 14.2, Avg: 14.2, Max: 14.2, Diff: 0.1, Sum: 113.7]
      [Termination (ms): Min: 0.0, Avg: 0.0, Max: 0.0, Diff: 0.0, Sum: 0.0]
         [Termination Attempts: Min: 1, Avg: 25.5, Max: 33, Diff: 32, Sum: 204]
      [GC Worker Other (ms): Min: 0.0, Avg: 0.0, Max: 0.0, Diff: 0.0, Sum: 0.1]
      [GC Worker Total (ms): Min: 49.5, Avg: 49.6, Max: 49.7, Diff: 0.2, Sum: 396.9]
      [GC Worker End (ms): Min: 94753.3, Avg: 94753.3, Max: 94753.3, Diff: 0.0]
   [Code Root Fixup: 0.0 ms]
   [Code Root Purge: 0.0 ms]
   [Clear CT: 0.1 ms]
   [Other: 0.8 ms]
      [Choose CSet: 0.0 ms]
      [Ref Proc: 0.2 ms]
      [Ref Enq: 0.0 ms]
      [Redirty Cards: 0.2 ms]
      [Humongous Register: 0.1 ms]
      [Humongous Reclaim: 0.0 ms]
      [Free CSet: 0.1 ms]
   [Eden: 2048.0K(250.0M)->0.0B(299.0M) Survivors: 34.0M->2048.0K Heap: 1104.0M(2048.0M)->1106.0M(2048.0M)]
 [Times: user=0.36 sys=0.00, real=0.05 secs] 
2020-09-29T12:25:28.468+0200: 94.754: [GC concurrent-root-region-scan-start]
2020-09-29T12:25:28.469+0200: 94.755: [GC concurrent-root-region-scan-end, 0.0005745 secs]
2020-09-29T12:25:28.469+0200: 94.755: [GC concurrent-mark-start]
2020-09-29T12:25:28.471+0200: 94.758: [GC concurrent-mark-end, 0.0032887 secs]
2020-09-29T12:25:28.472+0200: 94.758: [GC remark 2020-09-29T12:25:28.472+0200: 94.758: [Finalize Marking, 0.0002962 secs] 2020-09-29T12:25:28.472+0200: 94.759: [GC ref-proc, 0.0003910 secs] 2020-09-29T12:25:28.472+0200: 94.759: [Unloading, 0.0005972 secs], 0.0016212 secs]
 [Times: user=0.09 sys=0.00, real=0.00 secs] 
2020-09-29T12:25:28.474+0200: 94.760: [GC cleanup 1114M->25M(2048M), 0.0016009 secs]
 [Times: user=0.00 sys=0.00, real=0.00 secs] 
2020-09-29T12:25:28.475+0200: 94.762: [GC concurrent-cleanup-start]
2020-09-29T12:25:28.477+0200: 94.764: [GC concurrent-cleanup-end, 0.0020364 secs]
2020-09-29T12:25:28.677+0200: 94.963: [GC pause (G1 Evacuation Pause) (young), 0.1884964 secs]
   [Parallel Time: 187.3 ms, GC Workers: 8]
      [GC Worker Start (ms): Min: 94963.6, Avg: 94967.1, Max: 94991.3, Diff: 27.7]
      [Ext Root Scanning (ms): Min: 0.0, Avg: 0.1, Max: 0.1, Diff: 0.1, Sum: 0.7]
      [Update RS (ms): Min: 0.0, Avg: 18.2, Max: 21.2, Diff: 21.2, Sum: 145.3]
         [Processed Buffers: Min: 0, Avg: 17.0, Max: 23, Diff: 23, Sum: 136]
      [Scan RS (ms): Min: 11.1, Avg: 17.1, Max: 18.1, Diff: 7.0, Sum: 136.7]
      [Code Root Scanning (ms): Min: 0.0, Avg: 0.0, Max: 0.0, Diff: 0.0, Sum: 0.0]
      [Object Copy (ms): Min: 147.8, Avg: 148.1, Max: 148.3, Diff: 0.5, Sum: 1184.8]
      [Termination (ms): Min: 0.0, Avg: 0.2, Max: 0.3, Diff: 0.3, Sum: 1.9]
         [Termination Attempts: Min: 1, Avg: 1801.0, Max: 2288, Diff: 2287, Sum: 14408]
      [GC Worker Other (ms): Min: 0.0, Avg: 0.0, Max: 0.1, Diff: 0.0, Sum: 0.3]
      [GC Worker Total (ms): Min: 159.5, Avg: 183.7, Max: 187.2, Diff: 27.8, Sum: 1469.8]
      [GC Worker End (ms): Min: 95150.8, Avg: 95150.8, Max: 95150.9, Diff: 0.0]
   [Code Root Fixup: 0.0 ms]
   [Code Root Purge: 0.0 ms]
   [Clear CT: 0.2 ms]
   [Other: 1.0 ms]
      [Choose CSet: 0.0 ms]
      [Ref Proc: 0.1 ms]
      [Ref Enq: 0.0 ms]
      [Redirty Cards: 0.2 ms]
      [Humongous Register: 0.0 ms]
      [Humongous Reclaim: 0.0 ms]
      [Free CSet: 0.3 ms]
   [Eden: 299.0M(299.0M)->0.0B(254.0M) Survivors: 2048.0K->38.0M Heap: 367.0M(2048.0M)->367.5M(2048.0M)]
 [Times: user=1.44 sys=0.00, real=0.19 secs] 
2020-09-29T12:25:29.051+0200: 95.337: [GC pause (G1 Evacuation Pause) (young), 0.1767870 secs]
   [Parallel Time: 175.7 ms, GC Workers: 8]
      [GC Worker Start (ms): Min: 95337.2, Avg: 95337.2, Max: 95337.3, Diff: 0.1]
      [Ext Root Scanning (ms): Min: 0.0, Avg: 0.1, Max: 0.1, Diff: 0.1, Sum: 0.7]
      [Update RS (ms): Min: 17.5, Avg: 19.3, Max: 30.8, Diff: 13.2, Sum: 154.4]
         [Processed Buffers: Min: 0, Avg: 17.0, Max: 22, Diff: 22, Sum: 136]
      [Scan RS (ms): Min: 1.4, Avg: 12.9, Max: 15.1, Diff: 13.7, Sum: 103.6]
      [Code Root Scanning (ms): Min: 0.0, Avg: 0.0, Max: 0.0, Diff: 0.0, Sum: 0.0]
      [Object Copy (ms): Min: 142.6, Avg: 143.0, Max: 143.1, Diff: 0.5, Sum: 1144.2]
      [Termination (ms): Min: 0.0, Avg: 0.1, Max: 0.1, Diff: 0.1, Sum: 0.6]
         [Termination Attempts: Min: 1, Avg: 210.3, Max: 265, Diff: 264, Sum: 1682]
      [GC Worker Other (ms): Min: 0.0, Avg: 0.0, Max: 0.1, Diff: 0.1, Sum: 0.3]
      [GC Worker Total (ms): Min: 175.4, Avg: 175.5, Max: 175.5, Diff: 0.1, Sum: 1403.9]
      [GC Worker End (ms): Min: 95512.7, Avg: 95512.7, Max: 95512.7, Diff: 0.1]
   [Code Root Fixup: 0.0 ms]
   [Code Root Purge: 0.0 ms]
   [Clear CT: 0.1 ms]
   [Other: 0.9 ms]
      [Choose CSet: 0.0 ms]
      [Ref Proc: 0.2 ms]
      [Ref Enq: 0.0 ms]
      [Redirty Cards: 0.2 ms]
      [Humongous Register: 0.0 ms]
      [Humongous Reclaim: 0.0 ms]
      [Free CSet: 0.3 ms]
   [Eden: 254.0M(254.0M)->0.0B(252.0M) Survivors: 38.0M->37.0M Heap: 663.5M(2048.0M)->665.5M(2048.0M)]
 [Times: user=1.44 sys=0.00, real=0.18 secs] 
2020-09-29T12:25:29.476+0200: 95.762: [GC pause (G1 Evacuation Pause) (young), 0.3093591 secs]
   [Parallel Time: 308.2 ms, GC Workers: 8]
      [GC Worker Start (ms): Min: 95762.6, Avg: 95762.9, Max: 95764.4, Diff: 1.8]
      [Ext Root Scanning (ms): Min: 0.0, Avg: 0.1, Max: 0.2, Diff: 0.2, Sum: 0.7]
      [Update RS (ms): Min: 31.9, Avg: 36.0, Max: 44.8, Diff: 12.9, Sum: 287.7]
         [Processed Buffers: Min: 13, Avg: 20.4, Max: 30, Diff: 17, Sum: 163]
      [Scan RS (ms): Min: 24.1, Avg: 42.3, Max: 72.1, Diff: 48.0, Sum: 338.2]
      [Code Root Scanning (ms): Min: 0.0, Avg: 0.0, Max: 0.0, Diff: 0.0, Sum: 0.0]
      [Object Copy (ms): Min: 200.0, Avg: 229.3, Max: 242.5, Diff: 42.5, Sum: 1834.6]
      [Termination (ms): Min: 0.0, Avg: 0.1, Max: 0.2, Diff: 0.2, Sum: 1.1]
         [Termination Attempts: Min: 1, Avg: 846.0, Max: 1128, Diff: 1127, Sum: 6768]
      [GC Worker Other (ms): Min: 0.0, Avg: 0.1, Max: 0.3, Diff: 0.3, Sum: 0.6]
      [GC Worker Total (ms): Min: 306.4, Avg: 307.9, Max: 308.1, Diff: 1.8, Sum: 2463.0]
      [GC Worker End (ms): Min: 96070.7, Avg: 96070.7, Max: 96070.8, Diff: 0.1]
   [Code Root Fixup: 0.0 ms]
   [Code Root Purge: 0.0 ms]
   [Clear CT: 0.2 ms]
   [Other: 1.0 ms]
      [Choose CSet: 0.0 ms]
      [Ref Proc: 0.2 ms]
      [Ref Enq: 0.0 ms]
      [Redirty Cards: 0.2 ms]
      [Humongous Register: 0.1 ms]
      [Humongous Reclaim: 0.0 ms]
      [Free CSet: 0.3 ms]
   [Eden: 252.0M(252.0M)->0.0B(133.0M) Survivors: 37.0M->37.0M Heap: 959.4M(2048.0M)->961.4M(2048.0M)]
 [Times: user=1.63 sys=0.00, real=0.31 secs] 
2020-09-29T12:25:29.813+0200: 96.100: [GC pause (G1 Humongous Allocation) (young) (initial-mark), 0.0442356 secs]
   [Parallel Time: 43.2 ms, GC Workers: 8]
      [GC Worker Start (ms): Min: 96100.5, Avg: 96100.5, Max: 96100.7, Diff: 0.2]
      [Ext Root Scanning (ms): Min: 0.0, Avg: 0.5, Max: 2.5, Diff: 2.5, Sum: 3.8]
      [Update RS (ms): Min: 19.1, Avg: 21.5, Max: 22.1, Diff: 3.1, Sum: 171.8]
         [Processed Buffers: Min: 20, Avg: 21.6, Max: 23, Diff: 3, Sum: 173]
      [Scan RS (ms): Min: 2.1, Avg: 2.5, Max: 2.9, Diff: 0.8, Sum: 19.8]
      [Code Root Scanning (ms): Min: 0.0, Avg: 0.0, Max: 0.0, Diff: 0.0, Sum: 0.0]
      [Object Copy (ms): Min: 18.6, Avg: 18.6, Max: 18.7, Diff: 0.1, Sum: 148.9]
      [Termination (ms): Min: 0.0, Avg: 0.0, Max: 0.0, Diff: 0.0, Sum: 0.0]
         [Termination Attempts: Min: 1, Avg: 21.6, Max: 30, Diff: 29, Sum: 173]
      [GC Worker Other (ms): Min: 0.0, Avg: 0.0, Max: 0.0, Diff: 0.0, Sum: 0.1]
      [GC Worker Total (ms): Min: 42.9, Avg: 43.1, Max: 43.1, Diff: 0.2, Sum: 344.5]
      [GC Worker End (ms): Min: 96143.6, Avg: 96143.6, Max: 96143.6, Diff: 0.0]
   [Code Root Fixup: 0.0 ms]
   [Code Root Purge: 0.0 ms]
   [Clear CT: 0.2 ms]
   [Other: 0.9 ms]
      [Choose CSet: 0.0 ms]
      [Ref Proc: 0.2 ms]
      [Ref Enq: 0.0 ms]
      [Redirty Cards: 0.2 ms]
      [Humongous Register: 0.1 ms]
      [Humongous Reclaim: 0.0 ms]
      [Free CSet: 0.1 ms]
   [Eden: 8192.0K(133.0M)->0.0B(207.0M) Survivors: 37.0M->10.0M Heap: 969.4M(2048.0M)->973.4M(2048.0M)]
 [Times: user=0.31 sys=0.02, real=0.05 secs] 
2020-09-29T12:25:29.858+0200: 96.145: [GC concurrent-root-region-scan-start]
2020-09-29T12:25:29.861+0200: 96.147: [GC concurrent-root-region-scan-end, 0.0027136 secs]
2020-09-29T12:25:29.861+0200: 96.147: [GC concurrent-mark-start]
2020-09-29T12:25:29.865+0200: 96.152: [GC concurrent-mark-end, 0.0046722 secs]
2020-09-29T12:25:29.866+0200: 96.153: [GC remark 2020-09-29T12:25:29.866+0200: 96.153: [Finalize Marking, 0.0002809 secs] 2020-09-29T12:25:29.867+0200: 96.153: [GC ref-proc, 0.0004067 secs] 2020-09-29T12:25:29.867+0200: 96.153: [Unloading, 0.0013426 secs], 0.0025345 secs]
 [Times: user=0.00 sys=0.00, real=0.00 secs] 
2020-09-29T12:25:29.869+0200: 96.156: [GC cleanup 985M->36M(2048M), 0.0018988 secs]
 [Times: user=0.00 sys=0.00, real=0.00 secs] 
2020-09-29T12:25:29.871+0200: 96.158: [GC concurrent-cleanup-start]
2020-09-29T12:25:29.873+0200: 96.160: [GC concurrent-cleanup-end, 0.0017395 secs]
2020-09-29T12:25:30.049+0200: 96.336: [GC pause (G1 Evacuation Pause) (young), 0.1204226 secs]
   [Parallel Time: 119.4 ms, GC Workers: 8]
      [GC Worker Start (ms): Min: 96335.7, Avg: 96335.8, Max: 96336.3, Diff: 0.6]
      [Ext Root Scanning (ms): Min: 0.0, Avg: 0.1, Max: 0.2, Diff: 0.2, Sum: 0.8]
      [Update RS (ms): Min: 14.0, Avg: 14.4, Max: 15.1, Diff: 1.1, Sum: 114.9]
         [Processed Buffers: Min: 13, Avg: 15.9, Max: 19, Diff: 6, Sum: 127]
      [Scan RS (ms): Min: 7.6, Avg: 8.3, Max: 8.5, Diff: 0.9, Sum: 66.0]
      [Code Root Scanning (ms): Min: 0.0, Avg: 0.0, Max: 0.0, Diff: 0.0, Sum: 0.0]
      [Object Copy (ms): Min: 95.9, Avg: 96.1, Max: 96.3, Diff: 0.4, Sum: 769.2]
      [Termination (ms): Min: 0.0, Avg: 0.2, Max: 0.4, Diff: 0.4, Sum: 1.4]
         [Termination Attempts: Min: 1, Avg: 1071.4, Max: 1466, Diff: 1465, Sum: 8571]
      [GC Worker Other (ms): Min: 0.0, Avg: 0.0, Max: 0.1, Diff: 0.1, Sum: 0.4]
      [GC Worker Total (ms): Min: 118.6, Avg: 119.1, Max: 119.3, Diff: 0.7, Sum: 952.7]
      [GC Worker End (ms): Min: 96454.8, Avg: 96454.9, Max: 96454.9, Diff: 0.1]
   [Code Root Fixup: 0.0 ms]
   [Code Root Purge: 0.0 ms]
   [Clear CT: 0.2 ms]
   [Other: 0.9 ms]
      [Choose CSet: 0.0 ms]
      [Ref Proc: 0.2 ms]
      [Ref Enq: 0.0 ms]
      [Redirty Cards: 0.2 ms]
      [Humongous Register: 0.1 ms]
      [Humongous Reclaim: 0.0 ms]
      [Free CSet: 0.2 ms]
   [Eden: 207.0M(207.0M)->0.0B(223.0M) Survivors: 10.0M->28.0M Heap: 268.2M(2048.0M)->260.2M(2048.0M)]
 [Times: user=0.88 sys=0.00, real=0.12 secs] 
2020-09-29T12:25:30.361+0200: 96.647: [GC pause (G1 Evacuation Pause) (young), 0.1649032 secs]
   [Parallel Time: 163.8 ms, GC Workers: 8]
      [GC Worker Start (ms): Min: 96647.5, Avg: 96650.0, Max: 96657.4, Diff: 9.9]
      [Ext Root Scanning (ms): Min: 0.0, Avg: 0.3, Max: 1.3, Diff: 1.3, Sum: 2.1]
      [Update RS (ms): Min: 12.2, Avg: 20.8, Max: 32.8, Diff: 20.6, Sum: 166.7]
         [Processed Buffers: Min: 9, Avg: 17.3, Max: 22, Diff: 13, Sum: 138]
      [Scan RS (ms): Min: 0.9, Avg: 10.2, Max: 11.8, Diff: 10.9, Sum: 81.8]
      [Code Root Scanning (ms): Min: 0.0, Avg: 0.0, Max: 0.0, Diff: 0.0, Sum: 0.0]
      [Object Copy (ms): Min: 129.4, Avg: 129.5, Max: 129.8, Diff: 0.4, Sum: 1036.2]
      [Termination (ms): Min: 0.0, Avg: 0.3, Max: 0.3, Diff: 0.3, Sum: 2.1]
         [Termination Attempts: Min: 1, Avg: 1690.5, Max: 2159, Diff: 2158, Sum: 13524]
      [GC Worker Other (ms): Min: 0.0, Avg: 0.0, Max: 0.0, Diff: 0.0, Sum: 0.1]
      [GC Worker Total (ms): Min: 153.7, Avg: 161.1, Max: 163.6, Diff: 9.9, Sum: 1289.1]
      [GC Worker End (ms): Min: 96811.1, Avg: 96811.1, Max: 96811.1, Diff: 0.0]
   [Code Root Fixup: 0.0 ms]
   [Code Root Purge: 0.0 ms]
   [Clear CT: 0.2 ms]
   [Other: 1.0 ms]
      [Choose CSet: 0.0 ms]
      [Ref Proc: 0.1 ms]
      [Ref Enq: 0.0 ms]
      [Redirty Cards: 0.2 ms]
      [Humongous Register: 0.1 ms]
      [Humongous Reclaim: 0.0 ms]
      [Free CSet: 0.2 ms]
   [Eden: 223.0M(223.0M)->0.0B(222.0M) Survivors: 28.0M->32.0M Heap: 519.5M(2048.0M)->521.5M(2048.0M)]
 [Times: user=1.22 sys=0.00, real=0.16 secs] 
2020-09-29T12:25:30.741+0200: 97.028: [GC pause (G1 Evacuation Pause) (young), 0.2094663 secs]
   [Parallel Time: 208.3 ms, GC Workers: 8]
      [GC Worker Start (ms): Min: 97028.5, Avg: 97028.5, Max: 97028.6, Diff: 0.2]
      [Ext Root Scanning (ms): Min: 0.0, Avg: 0.1, Max: 0.1, Diff: 0.1, Sum: 0.7]
      [Update RS (ms): Min: 17.4, Avg: 19.5, Max: 32.0, Diff: 14.6, Sum: 155.9]
         [Processed Buffers: Min: 0, Avg: 16.0, Max: 21, Diff: 21, Sum: 128]
      [Scan RS (ms): Min: 0.1, Avg: 12.9, Max: 17.4, Diff: 17.4, Sum: 103.5]
      [Code Root Scanning (ms): Min: 0.0, Avg: 0.0, Max: 0.0, Diff: 0.0, Sum: 0.0]
      [Object Copy (ms): Min: 172.9, Avg: 175.2, Max: 175.7, Diff: 2.9, Sum: 1401.4]
      [Termination (ms): Min: 0.1, Avg: 0.4, Max: 0.7, Diff: 0.6, Sum: 3.1]
         [Termination Attempts: Min: 1, Avg: 1977.9, Max: 3321, Diff: 3320, Sum: 15823]
      [GC Worker Other (ms): Min: 0.0, Avg: 0.0, Max: 0.0, Diff: 0.0, Sum: 0.1]
      [GC Worker Total (ms): Min: 208.0, Avg: 208.1, Max: 208.2, Diff: 0.2, Sum: 1664.7]
      [GC Worker End (ms): Min: 97236.6, Avg: 97236.6, Max: 97236.6, Diff: 0.0]
   [Code Root Fixup: 0.0 ms]
   [Code Root Purge: 0.0 ms]
   [Clear CT: 0.2 ms]
   [Other: 1.0 ms]
      [Choose CSet: 0.0 ms]
      [Ref Proc: 0.1 ms]
      [Ref Enq: 0.0 ms]
      [Redirty Cards: 0.3 ms]
      [Humongous Register: 0.1 ms]
      [Humongous Reclaim: 0.0 ms]
      [Free CSet: 0.3 ms]
   [Eden: 222.0M(222.0M)->0.0B(198.0M) Survivors: 32.0M->32.0M Heap: 779.7M(2048.0M)->781.2M(2048.0M)]
 [Times: user=1.41 sys=0.00, real=0.21 secs] 
2020-09-29T12:25:31.111+0200: 97.398: [GC pause (G1 Evacuation Pause) (young), 0.1110885 secs]
   [Parallel Time: 109.8 ms, GC Workers: 8]
      [GC Worker Start (ms): Min: 97397.8, Avg: 97397.9, Max: 97398.0, Diff: 0.1]
      [Ext Root Scanning (ms): Min: 0.0, Avg: 0.1, Max: 0.1, Diff: 0.1, Sum: 0.7]
      [Update RS (ms): Min: 16.2, Avg: 16.2, Max: 16.4, Diff: 0.2, Sum: 129.8]
         [Processed Buffers: Min: 17, Avg: 19.0, Max: 21, Diff: 4, Sum: 152]
      [Scan RS (ms): Min: 8.0, Avg: 8.1, Max: 8.2, Diff: 0.2, Sum: 64.9]
      [Code Root Scanning (ms): Min: 0.0, Avg: 0.0, Max: 0.0, Diff: 0.0, Sum: 0.0]
      [Object Copy (ms): Min: 85.1, Avg: 85.2, Max: 85.2, Diff: 0.1, Sum: 681.4]
      [Termination (ms): Min: 0.0, Avg: 0.0, Max: 0.0, Diff: 0.0, Sum: 0.2]
         [Termination Attempts: Min: 1, Avg: 124.9, Max: 156, Diff: 155, Sum: 999]
      [GC Worker Other (ms): Min: 0.0, Avg: 0.0, Max: 0.1, Diff: 0.1, Sum: 0.3]
      [GC Worker Total (ms): Min: 109.6, Avg: 109.7, Max: 109.8, Diff: 0.2, Sum: 877.3]
      [GC Worker End (ms): Min: 97507.5, Avg: 97507.6, Max: 97507.6, Diff: 0.1]
   [Code Root Fixup: 0.0 ms]
   [Code Root Purge: 0.0 ms]
   [Clear CT: 0.4 ms]
   [Other: 0.9 ms]
      [Choose CSet: 0.0 ms]
      [Ref Proc: 0.2 ms]
      [Ref Enq: 0.0 ms]
      [Redirty Cards: 0.2 ms]
      [Humongous Register: 0.1 ms]
      [Humongous Reclaim: 0.0 ms]
      [Free CSet: 0.2 ms]
   [Eden: 198.0M(198.0M)->0.0B(233.0M) Survivors: 32.0M->29.0M Heap: 1013.6M(2048.0M)->1015.6M(2048.0M)]
 [Times: user=0.88 sys=0.00, real=0.11 secs] 
2020-09-29T12:25:31.227+0200: 97.514: [GC pause (G1 Humongous Allocation) (young) (initial-mark), 0.0501084 secs]
   [Parallel Time: 49.2 ms, GC Workers: 8]
      [GC Worker Start (ms): Min: 97514.4, Avg: 97514.4, Max: 97514.5, Diff: 0.1]
      [Ext Root Scanning (ms): Min: 0.0, Avg: 0.8, Max: 5.3, Diff: 5.3, Sum: 6.2]
      [Update RS (ms): Min: 23.9, Avg: 28.5, Max: 29.5, Diff: 5.6, Sum: 227.8]
         [Processed Buffers: Min: 30, Avg: 34.0, Max: 37, Diff: 7, Sum: 272]
      [Scan RS (ms): Min: 0.8, Avg: 1.1, Max: 1.3, Diff: 0.5, Sum: 9.2]
      [Code Root Scanning (ms): Min: 0.0, Avg: 0.0, Max: 0.0, Diff: 0.0, Sum: 0.0]
      [Object Copy (ms): Min: 18.6, Avg: 18.6, Max: 18.6, Diff: 0.1, Sum: 148.8]
      [Termination (ms): Min: 0.0, Avg: 0.0, Max: 0.1, Diff: 0.1, Sum: 0.4]
         [Termination Attempts: Min: 1, Avg: 323.8, Max: 398, Diff: 397, Sum: 2590]
      [GC Worker Other (ms): Min: 0.0, Avg: 0.0, Max: 0.0, Diff: 0.0, Sum: 0.1]
      [GC Worker Total (ms): Min: 49.0, Avg: 49.1, Max: 49.1, Diff: 0.1, Sum: 392.6]
      [GC Worker End (ms): Min: 97563.5, Avg: 97563.5, Max: 97563.5, Diff: 0.0]
   [Code Root Fixup: 0.0 ms]
   [Code Root Purge: 0.0 ms]
   [Clear CT: 0.2 ms]
   [Other: 0.7 ms]
      [Choose CSet: 0.0 ms]
      [Ref Proc: 0.1 ms]
      [Ref Enq: 0.0 ms]
      [Redirty Cards: 0.2 ms]
      [Humongous Register: 0.1 ms]
      [Humongous Reclaim: 0.0 ms]
      [Free CSet: 0.1 ms]
   [Eden: 9216.0K(233.0M)->0.0B(265.0M) Survivors: 29.0M->11.0M Heap: 1024.1M(2048.0M)->1028.6M(2048.0M)]
 [Times: user=0.38 sys=0.00, real=0.05 secs] 
2020-09-29T12:25:31.278+0200: 97.564: [GC concurrent-root-region-scan-start]
2020-09-29T12:25:31.282+0200: 97.568: [GC concurrent-root-region-scan-end, 0.0032496 secs]
2020-09-29T12:25:31.282+0200: 97.568: [GC concurrent-mark-start]
2020-09-29T12:25:31.285+0200: 97.571: [GC concurrent-mark-end, 0.0035279 secs]
2020-09-29T12:25:31.286+0200: 97.572: [GC remark 2020-09-29T12:25:31.286+0200: 97.572: [Finalize Marking, 0.0001840 secs] 2020-09-29T12:25:31.286+0200: 97.572: [GC ref-proc, 0.0004063 secs] 2020-09-29T12:25:31.286+0200: 97.573: [Unloading, 0.0006087 secs], 0.0016375 secs]
 [Times: user=0.00 sys=0.00, real=0.00 secs] 
2020-09-29T12:25:31.288+0200: 97.574: [GC cleanup 1045M->42M(2048M), 0.0018459 secs]
 [Times: user=0.00 sys=0.00, real=0.00 secs] 
2020-09-29T12:25:31.290+0200: 97.576: [GC concurrent-cleanup-start]
2020-09-29T12:25:31.291+0200: 97.577: [GC concurrent-cleanup-end, 0.0015774 secs]
2020-09-29T12:25:31.483+0200: 97.769: [GC pause (G1 Evacuation Pause) (young), 0.1647928 secs]
   [Parallel Time: 163.4 ms, GC Workers: 8]
      [GC Worker Start (ms): Min: 97769.2, Avg: 97770.7, Max: 97773.3, Diff: 4.1]
      [Ext Root Scanning (ms): Min: 0.0, Avg: 0.1, Max: 0.2, Diff: 0.2, Sum: 0.4]
      [Update RS (ms): Min: 15.4, Avg: 18.0, Max: 19.8, Diff: 4.4, Sum: 143.9]
         [Processed Buffers: Min: 12, Avg: 19.8, Max: 24, Diff: 12, Sum: 158]
      [Scan RS (ms): Min: 9.3, Avg: 9.7, Max: 9.9, Diff: 0.6, Sum: 77.9]
      [Code Root Scanning (ms): Min: 0.0, Avg: 0.0, Max: 0.0, Diff: 0.0, Sum: 0.0]
      [Object Copy (ms): Min: 133.2, Avg: 133.4, Max: 134.1, Diff: 0.9, Sum: 1066.8]
      [Termination (ms): Min: 0.0, Avg: 0.7, Max: 1.0, Diff: 1.0, Sum: 6.0]
         [Termination Attempts: Min: 1, Avg: 1399.3, Max: 2000, Diff: 1999, Sum: 11194]
      [GC Worker Other (ms): Min: 0.0, Avg: 0.0, Max: 0.1, Diff: 0.1, Sum: 0.2]
      [GC Worker Total (ms): Min: 159.3, Avg: 161.9, Max: 163.4, Diff: 4.1, Sum: 1295.3]
      [GC Worker End (ms): Min: 97932.6, Avg: 97932.6, Max: 97932.6, Diff: 0.0]
   [Code Root Fixup: 0.0 ms]
   [Code Root Purge: 0.0 ms]
   [Clear CT: 0.1 ms]
   [Other: 1.2 ms]
      [Choose CSet: 0.0 ms]
      [Ref Proc: 0.3 ms]
      [Ref Enq: 0.0 ms]
      [Redirty Cards: 0.2 ms]
      [Humongous Register: 0.1 ms]
      [Humongous Reclaim: 0.0 ms]
      [Free CSet: 0.3 ms]
   [Eden: 265.0M(265.0M)->0.0B(250.0M) Survivors: 11.0M->35.0M Heap: 336.8M(2048.0M)->327.8M(2048.0M)]
 [Times: user=1.24 sys=0.00, real=0.16 secs] 
2020-09-29T12:25:31.851+0200: 98.137: [GC pause (G1 Evacuation Pause) (young), 0.2092088 secs]
   [Parallel Time: 207.8 ms, GC Workers: 8]
      [GC Worker Start (ms): Min: 98136.8, Avg: 98142.6, Max: 98168.6, Diff: 31.8]
      [Ext Root Scanning (ms): Min: 0.0, Avg: 0.1, Max: 0.2, Diff: 0.2, Sum: 0.5]
      [Update RS (ms): Min: 0.0, Avg: 17.8, Max: 22.7, Diff: 22.7, Sum: 142.8]
         [Processed Buffers: Min: 0, Avg: 16.8, Max: 22, Diff: 22, Sum: 134]
      [Scan RS (ms): Min: 6.6, Avg: 14.7, Max: 16.2, Diff: 9.6, Sum: 117.9]
      [Code Root Scanning (ms): Min: 0.0, Avg: 0.0, Max: 0.0, Diff: 0.0, Sum: 0.0]
      [Object Copy (ms): Min: 169.0, Avg: 169.0, Max: 169.2, Diff: 0.2, Sum: 1352.1]
      [Termination (ms): Min: 0.0, Avg: 0.2, Max: 0.3, Diff: 0.3, Sum: 1.5]
         [Termination Attempts: Min: 1, Avg: 1005.1, Max: 1384, Diff: 1383, Sum: 8041]
      [GC Worker Other (ms): Min: 0.0, Avg: 0.0, Max: 0.0, Diff: 0.0, Sum: 0.1]
      [GC Worker Total (ms): Min: 175.9, Avg: 201.9, Max: 207.7, Diff: 31.8, Sum: 1615.0]
      [GC Worker End (ms): Min: 98344.5, Avg: 98344.5, Max: 98344.5, Diff: 0.0]
   [Code Root Fixup: 0.0 ms]
   [Code Root Purge: 0.0 ms]
   [Clear CT: 0.3 ms]
   [Other: 1.1 ms]
      [Choose CSet: 0.0 ms]
      [Ref Proc: 0.3 ms]
      [Ref Enq: 0.0 ms]
      [Redirty Cards: 0.2 ms]
      [Humongous Register: 0.1 ms]
      [Humongous Reclaim: 0.0 ms]
      [Free CSet: 0.3 ms]
   [Eden: 250.0M(250.0M)->0.0B(224.0M) Survivors: 35.0M->36.0M Heap: 617.8M(2048.0M)->620.8M(2048.0M)]
 [Times: user=1.47 sys=0.00, real=0.21 secs] 
2020-09-29T12:25:32.290+0200: 98.577: [GC pause (G1 Evacuation Pause) (young), 0.1618309 secs]
   [Parallel Time: 160.6 ms, GC Workers: 8]
      [GC Worker Start (ms): Min: 98577.2, Avg: 98577.2, Max: 98577.4, Diff: 0.2]
      [Ext Root Scanning (ms): Min: 0.0, Avg: 0.1, Max: 0.1, Diff: 0.1, Sum: 0.6]
      [Update RS (ms): Min: 17.6, Avg: 17.8, Max: 17.9, Diff: 0.3, Sum: 142.0]
         [Processed Buffers: Min: 8, Avg: 16.9, Max: 22, Diff: 14, Sum: 135]
      [Scan RS (ms): Min: 10.5, Avg: 10.8, Max: 11.2, Diff: 0.7, Sum: 86.5]
      [Code Root Scanning (ms): Min: 0.0, Avg: 0.0, Max: 0.0, Diff: 0.0, Sum: 0.0]
      [Object Copy (ms): Min: 131.0, Avg: 131.5, Max: 131.9, Diff: 0.8, Sum: 1052.1]
      [Termination (ms): Min: 0.0, Avg: 0.3, Max: 0.4, Diff: 0.4, Sum: 2.3]
         [Termination Attempts: Min: 1, Avg: 1496.9, Max: 1790, Diff: 1789, Sum: 11975]
      [GC Worker Other (ms): Min: 0.0, Avg: 0.0, Max: 0.1, Diff: 0.1, Sum: 0.2]
      [GC Worker Total (ms): Min: 160.3, Avg: 160.5, Max: 160.6, Diff: 0.3, Sum: 1283.7]
      [GC Worker End (ms): Min: 98737.6, Avg: 98737.7, Max: 98737.7, Diff: 0.1]
   [Code Root Fixup: 0.0 ms]
   [Code Root Purge: 0.0 ms]
   [Clear CT: 0.2 ms]
   [Other: 1.0 ms]
      [Choose CSet: 0.0 ms]
      [Ref Proc: 0.2 ms]
      [Ref Enq: 0.0 ms]
      [Redirty Cards: 0.3 ms]
      [Humongous Register: 0.1 ms]
      [Humongous Reclaim: 0.0 ms]
      [Free CSet: 0.2 ms]
   [Eden: 224.0M(224.0M)->0.0B(235.0M) Survivors: 36.0M->33.0M Heap: 883.0M(2048.0M)->885.5M(2048.0M)]
 [Times: user=1.03 sys=0.02, real=0.16 secs] 
2020-09-29T12:25:32.874+0200: 99.160: [GC pause (G1 Evacuation Pause) (young), 0.1426584 secs]
   [Parallel Time: 141.6 ms, GC Workers: 8]
      [GC Worker Start (ms): Min: 99160.3, Avg: 99160.3, Max: 99160.4, Diff: 0.1]
      [Ext Root Scanning (ms): Min: 0.0, Avg: 0.1, Max: 0.1, Diff: 0.1, Sum: 0.7]
      [Update RS (ms): Min: 19.4, Avg: 19.5, Max: 19.7, Diff: 0.3, Sum: 155.9]
         [Processed Buffers: Min: 18, Avg: 20.5, Max: 24, Diff: 6, Sum: 164]
      [Scan RS (ms): Min: 14.2, Avg: 14.4, Max: 14.7, Diff: 0.5, Sum: 115.4]
      [Code Root Scanning (ms): Min: 0.0, Avg: 0.0, Max: 0.0, Diff: 0.0, Sum: 0.0]
      [Object Copy (ms): Min: 107.0, Avg: 107.2, Max: 107.3, Diff: 0.2, Sum: 857.5]
      [Termination (ms): Min: 0.0, Avg: 0.2, Max: 0.3, Diff: 0.3, Sum: 1.6]
         [Termination Attempts: Min: 1, Avg: 1397.4, Max: 2062, Diff: 2061, Sum: 11179]
      [GC Worker Other (ms): Min: 0.0, Avg: 0.0, Max: 0.1, Diff: 0.1, Sum: 0.3]
      [GC Worker Total (ms): Min: 141.4, Avg: 141.4, Max: 141.5, Diff: 0.1, Sum: 1131.5]
      [GC Worker End (ms): Min: 99301.8, Avg: 99301.8, Max: 99301.8, Diff: 0.1]
   [Code Root Fixup: 0.0 ms]
   [Code Root Purge: 0.0 ms]
   [Clear CT: 0.1 ms]
   [Other: 0.9 ms]
      [Choose CSet: 0.0 ms]
      [Ref Proc: 0.2 ms]
      [Ref Enq: 0.0 ms]
      [Redirty Cards: 0.2 ms]
      [Humongous Register: 0.1 ms]
      [Humongous Reclaim: 0.0 ms]
      [Free CSet: 0.3 ms]
   [Eden: 235.0M(235.0M)->0.0B(252.0M) Survivors: 33.0M->34.0M Heap: 1160.5M(2048.0M)->1163.0M(2048.0M)]
 [Times: user=1.08 sys=0.05, real=0.14 secs] 
2020-09-29T12:25:33.022+0200: 99.309: [GC pause (G1 Humongous Allocation) (young) (initial-mark), 0.0554051 secs]
   [Parallel Time: 54.6 ms, GC Workers: 8]
      [GC Worker Start (ms): Min: 99308.8, Avg: 99308.9, Max: 99309.0, Diff: 0.2]
      [Ext Root Scanning (ms): Min: 0.0, Avg: 0.1, Max: 0.2, Diff: 0.2, Sum: 0.7]
      [Update RS (ms): Min: 31.6, Avg: 31.9, Max: 32.1, Diff: 0.5, Sum: 254.9]
         [Processed Buffers: Min: 39, Avg: 40.9, Max: 43, Diff: 4, Sum: 327]
      [Scan RS (ms): Min: 1.3, Avg: 1.6, Max: 1.8, Diff: 0.5, Sum: 12.7]
      [Code Root Scanning (ms): Min: 0.0, Avg: 0.0, Max: 0.0, Diff: 0.0, Sum: 0.0]
      [Object Copy (ms): Min: 20.5, Avg: 20.7, Max: 20.8, Diff: 0.3, Sum: 165.4]
      [Termination (ms): Min: 0.0, Avg: 0.1, Max: 0.1, Diff: 0.1, Sum: 0.9]
         [Termination Attempts: Min: 1, Avg: 740.9, Max: 878, Diff: 877, Sum: 5927]
      [GC Worker Other (ms): Min: 0.0, Avg: 0.0, Max: 0.0, Diff: 0.0, Sum: 0.2]
      [GC Worker Total (ms): Min: 54.3, Avg: 54.3, Max: 54.5, Diff: 0.2, Sum: 434.7]
      [GC Worker End (ms): Min: 99363.2, Avg: 99363.2, Max: 99363.3, Diff: 0.0]
   [Code Root Fixup: 0.0 ms]
   [Code Root Purge: 0.0 ms]
   [Clear CT: 0.1 ms]
   [Other: 0.7 ms]
      [Choose CSet: 0.0 ms]
      [Ref Proc: 0.1 ms]
      [Ref Enq: 0.0 ms]
      [Redirty Cards: 0.1 ms]
      [Humongous Register: 0.1 ms]
      [Humongous Reclaim: 0.0 ms]
      [Free CSet: 0.1 ms]
   [Eden: 11.0M(252.0M)->0.0B(282.0M) Survivors: 34.0M->14.0M Heap: 1173.5M(2048.0M)->1179.0M(2048.0M)]
 [Times: user=0.38 sys=0.00, real=0.05 secs] 
2020-09-29T12:25:33.078+0200: 99.364: [GC concurrent-root-region-scan-start]
2020-09-29T12:25:33.081+0200: 99.367: [GC concurrent-root-region-scan-end, 0.0033130 secs]
2020-09-29T12:25:33.081+0200: 99.367: [GC concurrent-mark-start]
2020-09-29T12:25:33.086+0200: 99.372: [GC concurrent-mark-end, 0.0041260 secs]
2020-09-29T12:25:33.086+0200: 99.373: [GC remark 2020-09-29T12:25:33.086+0200: 99.373: [Finalize Marking, 0.0002254 secs] 2020-09-29T12:25:33.086+0200: 99.373: [GC ref-proc, 0.0003866 secs] 2020-09-29T12:25:33.087+0200: 99.373: [Unloading, 0.0004675 secs], 0.0014636 secs]
 [Times: user=0.00 sys=0.00, real=0.00 secs] 
2020-09-29T12:25:33.088+0200: 99.374: [GC cleanup 1192M->41M(2048M), 0.0013195 secs]
 [Times: user=0.00 sys=0.00, real=0.00 secs] 
2020-09-29T12:25:33.089+0200: 99.376: [GC concurrent-cleanup-start]
2020-09-29T12:25:33.092+0200: 99.378: [GC concurrent-cleanup-end, 0.0027188 secs]
2020-09-29T12:25:33.362+0200: 99.649: [GC pause (G1 Evacuation Pause) (young), 0.1422995 secs]
   [Parallel Time: 141.2 ms, GC Workers: 8]
      [GC Worker Start (ms): Min: 99649.1, Avg: 99649.2, Max: 99649.2, Diff: 0.1]
      [Ext Root Scanning (ms): Min: 0.0, Avg: 0.1, Max: 0.1, Diff: 0.1, Sum: 0.7]
      [Update RS (ms): Min: 23.4, Avg: 23.5, Max: 23.9, Diff: 0.6, Sum: 188.3]
         [Processed Buffers: Min: 23, Avg: 24.0, Max: 25, Diff: 2, Sum: 192]
      [Scan RS (ms): Min: 12.4, Avg: 12.8, Max: 13.0, Diff: 0.6, Sum: 102.6]
      [Code Root Scanning (ms): Min: 0.0, Avg: 0.0, Max: 0.0, Diff: 0.0, Sum: 0.0]
      [Object Copy (ms): Min: 104.5, Avg: 104.5, Max: 104.6, Diff: 0.1, Sum: 836.2]
      [Termination (ms): Min: 0.0, Avg: 0.0, Max: 0.1, Diff: 0.1, Sum: 0.3]
         [Termination Attempts: Min: 1, Avg: 237.0, Max: 332, Diff: 331, Sum: 1896]
      [GC Worker Other (ms): Min: 0.0, Avg: 0.0, Max: 0.1, Diff: 0.1, Sum: 0.3]
      [GC Worker Total (ms): Min: 141.0, Avg: 141.0, Max: 141.1, Diff: 0.1, Sum: 1128.4]
      [GC Worker End (ms): Min: 99790.2, Avg: 99790.2, Max: 99790.3, Diff: 0.1]
   [Code Root Fixup: 0.0 ms]
   [Code Root Purge: 0.0 ms]
   [Clear CT: 0.2 ms]
   [Other: 1.0 ms]
      [Choose CSet: 0.0 ms]
      [Ref Proc: 0.2 ms]
      [Ref Enq: 0.0 ms]
      [Redirty Cards: 0.2 ms]
      [Humongous Register: 0.1 ms]
      [Humongous Reclaim: 0.0 ms]
      [Free CSet: 0.2 ms]
   [Eden: 282.0M(282.0M)->0.0B(279.0M) Survivors: 14.0M->37.0M Heap: 358.2M(2048.0M)->346.7M(2048.0M)]
 [Times: user=1.08 sys=0.06, real=0.14 secs] 
2020-09-29T12:25:33.792+0200: 100.078: [GC pause (G1 Evacuation Pause) (young), 0.1622624 secs]
   [Parallel Time: 161.0 ms, GC Workers: 8]
      [GC Worker Start (ms): Min: 100078.7, Avg: 100079.4, Max: 100080.2, Diff: 1.5]
      [Ext Root Scanning (ms): Min: 0.0, Avg: 0.1, Max: 0.3, Diff: 0.3, Sum: 0.6]
      [Update RS (ms): Min: 16.4, Avg: 17.1, Max: 17.6, Diff: 1.2, Sum: 136.7]
         [Processed Buffers: Min: 16, Avg: 19.8, Max: 22, Diff: 6, Sum: 158]
      [Scan RS (ms): Min: 14.0, Avg: 14.2, Max: 14.4, Diff: 0.4, Sum: 114.0]
      [Code Root Scanning (ms): Min: 0.0, Avg: 0.0, Max: 0.0, Diff: 0.0, Sum: 0.0]
      [Object Copy (ms): Min: 128.5, Avg: 128.7, Max: 128.8, Diff: 0.3, Sum: 1029.2]
      [Termination (ms): Min: 0.0, Avg: 0.1, Max: 0.2, Diff: 0.2, Sum: 1.1]
         [Termination Attempts: Min: 1, Avg: 665.8, Max: 878, Diff: 877, Sum: 5326]
      [GC Worker Other (ms): Min: 0.0, Avg: 0.0, Max: 0.0, Diff: 0.0, Sum: 0.2]
      [GC Worker Total (ms): Min: 159.5, Avg: 160.2, Max: 161.0, Diff: 1.5, Sum: 1281.7]
      [GC Worker End (ms): Min: 100239.6, Avg: 100239.6, Max: 100239.7, Diff: 0.0]
   [Code Root Fixup: 0.0 ms]
   [Code Root Purge: 0.0 ms]
   [Clear CT: 0.2 ms]
   [Other: 1.1 ms]
      [Choose CSet: 0.0 ms]
      [Ref Proc: 0.2 ms]
      [Ref Enq: 0.0 ms]
      [Redirty Cards: 0.3 ms]
      [Humongous Register: 0.1 ms]
      [Humongous Reclaim: 0.0 ms]
      [Free CSet: 0.3 ms]
   [Eden: 279.0M(279.0M)->0.0B(280.0M) Survivors: 37.0M->40.0M Heap: 673.4M(2048.0M)->674.9M(2048.0M)]
 [Times: user=1.23 sys=0.00, real=0.16 secs] 
2020-09-29T12:25:34.196+0200: 100.482: [GC pause (G1 Evacuation Pause) (young), 0.1589665 secs]
   [Parallel Time: 157.8 ms, GC Workers: 8]
      [GC Worker Start (ms): Min: 100482.4, Avg: 100482.5, Max: 100482.5, Diff: 0.1]
      [Ext Root Scanning (ms): Min: 0.0, Avg: 0.1, Max: 0.1, Diff: 0.1, Sum: 0.7]
      [Update RS (ms): Min: 16.9, Avg: 17.1, Max: 17.4, Diff: 0.4, Sum: 136.5]
         [Processed Buffers: Min: 18, Avg: 19.6, Max: 22, Diff: 4, Sum: 157]
      [Scan RS (ms): Min: 13.0, Avg: 13.3, Max: 13.5, Diff: 0.5, Sum: 106.5]
      [Code Root Scanning (ms): Min: 0.0, Avg: 0.0, Max: 0.0, Diff: 0.0, Sum: 0.0]
      [Object Copy (ms): Min: 127.0, Avg: 127.1, Max: 127.2, Diff: 0.2, Sum: 1016.8]
      [Termination (ms): Min: 0.0, Avg: 0.0, Max: 0.1, Diff: 0.1, Sum: 0.3]
         [Termination Attempts: Min: 1, Avg: 289.6, Max: 411, Diff: 410, Sum: 2317]
      [GC Worker Other (ms): Min: 0.0, Avg: 0.0, Max: 0.1, Diff: 0.0, Sum: 0.3]
      [GC Worker Total (ms): Min: 157.6, Avg: 157.7, Max: 157.7, Diff: 0.1, Sum: 1261.2]
      [GC Worker End (ms): Min: 100640.1, Avg: 100640.1, Max: 100640.1, Diff: 0.0]
   [Code Root Fixup: 0.0 ms]
   [Code Root Purge: 0.0 ms]
   [Clear CT: 0.1 ms]
   [Other: 1.0 ms]
      [Choose CSet: 0.0 ms]
      [Ref Proc: 0.2 ms]
      [Ref Enq: 0.0 ms]
      [Redirty Cards: 0.3 ms]
      [Humongous Register: 0.1 ms]
      [Humongous Reclaim: 0.0 ms]
      [Free CSet: 0.3 ms]
   [Eden: 280.0M(280.0M)->0.0B(289.0M) Survivors: 40.0M->40.0M Heap: 1000.6M(2048.0M)->1002.6M(2048.0M)]
 [Times: user=1.24 sys=0.00, real=0.16 secs] 
2020-09-29T12:25:34.364+0200: 100.651: [GC pause (G1 Humongous Allocation) (young) (initial-mark), 0.0823435 secs]
   [Parallel Time: 81.4 ms, GC Workers: 8]
      [GC Worker Start (ms): Min: 100651.3, Avg: 100651.4, Max: 100651.5, Diff: 0.1]
      [Ext Root Scanning (ms): Min: 0.0, Avg: 2.4, Max: 8.8, Diff: 8.8, Sum: 19.2]
      [Update RS (ms): Min: 35.9, Avg: 40.1, Max: 41.8, Diff: 5.9, Sum: 320.5]
         [Processed Buffers: Min: 28, Avg: 41.3, Max: 51, Diff: 23, Sum: 330]
      [Scan RS (ms): Min: 0.0, Avg: 2.7, Max: 4.9, Diff: 4.9, Sum: 21.4]
      [Code Root Scanning (ms): Min: 0.0, Avg: 0.0, Max: 0.0, Diff: 0.0, Sum: 0.0]
      [Object Copy (ms): Min: 32.0, Avg: 35.9, Max: 37.0, Diff: 5.0, Sum: 287.4]
      [Termination (ms): Min: 0.1, Avg: 0.2, Max: 0.3, Diff: 0.2, Sum: 1.5]
         [Termination Attempts: Min: 1, Avg: 992.5, Max: 1492, Diff: 1491, Sum: 7940]
      [GC Worker Other (ms): Min: 0.0, Avg: 0.0, Max: 0.0, Diff: 0.0, Sum: 0.1]
      [GC Worker Total (ms): Min: 81.2, Avg: 81.3, Max: 81.3, Diff: 0.2, Sum: 650.2]
      [GC Worker End (ms): Min: 100732.6, Avg: 100732.6, Max: 100732.7, Diff: 0.0]
   [Code Root Fixup: 0.0 ms]
   [Code Root Purge: 0.0 ms]
   [Clear CT: 0.1 ms]
   [Other: 0.8 ms]
      [Choose CSet: 0.0 ms]
      [Ref Proc: 0.1 ms]
      [Ref Enq: 0.0 ms]
      [Redirty Cards: 0.2 ms]
      [Humongous Register: 0.0 ms]
      [Humongous Reclaim: 0.0 ms]
      [Free CSet: 0.1 ms]
   [Eden: 6144.0K(289.0M)->0.0B(239.0M) Survivors: 40.0M->7168.0K Heap: 1008.6M(2048.0M)->1011.6M(2048.0M)]
 [Times: user=0.53 sys=0.00, real=0.08 secs] 
2020-09-29T12:25:34.447+0200: 100.734: [GC concurrent-root-region-scan-start]
2020-09-29T12:25:34.449+0200: 100.736: [GC concurrent-root-region-scan-end, 0.0020419 secs]
2020-09-29T12:25:34.449+0200: 100.736: [GC concurrent-mark-start]
2020-09-29T12:25:34.454+0200: 100.740: [GC concurrent-mark-end, 0.0040306 secs]
2020-09-29T12:25:34.454+0200: 100.740: [GC remark 2020-09-29T12:25:34.454+0200: 100.740: [Finalize Marking, 0.0002500 secs] 2020-09-29T12:25:34.454+0200: 100.740: [GC ref-proc, 0.0003222 secs] 2020-09-29T12:25:34.455+0200: 100.741: [Unloading, 0.0005241 secs], 0.0015255 secs]
 [Times: user=0.00 sys=0.00, real=0.00 secs] 
2020-09-29T12:25:34.456+0200: 100.742: [GC cleanup 1024M->34M(2048M), 0.0015738 secs]
 [Times: user=0.02 sys=0.02, real=0.00 secs] 
2020-09-29T12:25:34.458+0200: 100.744: [GC concurrent-cleanup-start]
2020-09-29T12:25:34.460+0200: 100.746: [GC concurrent-cleanup-end, 0.0023715 secs]
2020-09-29T12:25:34.631+0200: 100.917: [GC pause (G1 Evacuation Pause) (young), 0.1292515 secs]
   [Parallel Time: 128.3 ms, GC Workers: 8]
      [GC Worker Start (ms): Min: 100917.3, Avg: 100917.4, Max: 100917.4, Diff: 0.2]
      [Ext Root Scanning (ms): Min: 0.0, Avg: 0.1, Max: 0.1, Diff: 0.1, Sum: 0.7]
      [Update RS (ms): Min: 18.0, Avg: 18.3, Max: 18.6, Diff: 0.6, Sum: 146.4]
         [Processed Buffers: Min: 18, Avg: 19.5, Max: 23, Diff: 5, Sum: 156]
      [Scan RS (ms): Min: 7.7, Avg: 7.9, Max: 8.2, Diff: 0.6, Sum: 63.2]
      [Code Root Scanning (ms): Min: 0.0, Avg: 0.0, Max: 0.0, Diff: 0.0, Sum: 0.0]
      [Object Copy (ms): Min: 101.7, Avg: 101.7, Max: 101.7, Diff: 0.1, Sum: 813.7]
      [Termination (ms): Min: 0.0, Avg: 0.0, Max: 0.0, Diff: 0.0, Sum: 0.2]
         [Termination Attempts: Min: 1, Avg: 126.1, Max: 162, Diff: 161, Sum: 1009]
      [GC Worker Other (ms): Min: 0.0, Avg: 0.0, Max: 0.1, Diff: 0.0, Sum: 0.3]
      [GC Worker Total (ms): Min: 127.9, Avg: 128.1, Max: 128.1, Diff: 0.2, Sum: 1024.4]
      [GC Worker End (ms): Min: 101045.4, Avg: 101045.4, Max: 101045.4, Diff: 0.0]
   [Code Root Fixup: 0.0 ms]
   [Code Root Purge: 0.0 ms]
   [Clear CT: 0.2 ms]
   [Other: 0.8 ms]
      [Choose CSet: 0.0 ms]
      [Ref Proc: 0.2 ms]
      [Ref Enq: 0.0 ms]
      [Redirty Cards: 0.2 ms]
      [Humongous Register: 0.0 ms]
      [Humongous Reclaim: 0.0 ms]
      [Free CSet: 0.2 ms]
   [Eden: 239.0M(239.0M)->0.0B(246.0M) Survivors: 7168.0K->31.0M Heap: 301.1M(2048.0M)->297.1M(2048.0M)]
 [Times: user=0.97 sys=0.00, real=0.13 secs] 
2020-09-29T12:25:34.911+0200: 101.197: [GC pause (G1 Evacuation Pause) (young), 0.1520401 secs]
   [Parallel Time: 150.8 ms, GC Workers: 8]
      [GC Worker Start (ms): Min: 101197.5, Avg: 101197.5, Max: 101197.6, Diff: 0.1]
      [Ext Root Scanning (ms): Min: 0.0, Avg: 0.1, Max: 0.1, Diff: 0.1, Sum: 0.8]
      [Update RS (ms): Min: 27.3, Avg: 27.4, Max: 27.6, Diff: 0.3, Sum: 219.6]
         [Processed Buffers: Min: 26, Avg: 27.5, Max: 32, Diff: 6, Sum: 220]
      [Scan RS (ms): Min: 9.4, Avg: 9.5, Max: 9.6, Diff: 0.2, Sum: 76.0]
      [Code Root Scanning (ms): Min: 0.0, Avg: 0.0, Max: 0.0, Diff: 0.0, Sum: 0.0]
      [Object Copy (ms): Min: 113.4, Avg: 113.5, Max: 113.6, Diff: 0.2, Sum: 907.7]
      [Termination (ms): Min: 0.0, Avg: 0.1, Max: 0.1, Diff: 0.1, Sum: 0.7]
         [Termination Attempts: Min: 1, Avg: 634.3, Max: 768, Diff: 767, Sum: 5074]
      [GC Worker Other (ms): Min: 0.0, Avg: 0.0, Max: 0.1, Diff: 0.1, Sum: 0.4]
      [GC Worker Total (ms): Min: 150.6, Avg: 150.6, Max: 150.7, Diff: 0.1, Sum: 1205.1]
      [GC Worker End (ms): Min: 101348.2, Avg: 101348.2, Max: 101348.2, Diff: 0.1]
   [Code Root Fixup: 0.0 ms]
   [Code Root Purge: 0.0 ms]
   [Clear CT: 0.2 ms]
   [Other: 1.1 ms]
      [Choose CSet: 0.0 ms]
      [Ref Proc: 0.1 ms]
      [Ref Enq: 0.0 ms]
      [Redirty Cards: 0.3 ms]
      [Humongous Register: 0.1 ms]
      [Humongous Reclaim: 0.0 ms]
      [Free CSet: 0.3 ms]
   [Eden: 246.0M(246.0M)->0.0B(255.0M) Survivors: 31.0M->35.0M Heap: 585.0M(2048.0M)->587.0M(2048.0M)]
 [Times: user=1.11 sys=0.00, real=0.15 secs] 
2020-09-29T12:25:35.222+0200: 101.509: [GC pause (G1 Evacuation Pause) (young), 0.2231661 secs]
   [Parallel Time: 222.0 ms, GC Workers: 8]
      [GC Worker Start (ms): Min: 101508.7, Avg: 101511.8, Max: 101533.4, Diff: 24.7]
      [Ext Root Scanning (ms): Min: 0.0, Avg: 0.1, Max: 0.2, Diff: 0.2, Sum: 0.7]
      [Update RS (ms): Min: 0.0, Avg: 22.7, Max: 32.7, Diff: 32.7, Sum: 181.3]
         [Processed Buffers: Min: 0, Avg: 20.6, Max: 30, Diff: 30, Sum: 165]
      [Scan RS (ms): Min: 7.4, Avg: 16.7, Max: 32.4, Diff: 25.0, Sum: 133.2]
      [Code Root Scanning (ms): Min: 0.0, Avg: 0.0, Max: 0.0, Diff: 0.0, Sum: 0.0]
      [Object Copy (ms): Min: 164.3, Avg: 178.9, Max: 181.6, Diff: 17.2, Sum: 1431.1]
      [Termination (ms): Min: 0.0, Avg: 0.4, Max: 0.6, Diff: 0.6, Sum: 3.5]
         [Termination Attempts: Min: 1, Avg: 3114.9, Max: 4172, Diff: 4171, Sum: 24919]
      [GC Worker Other (ms): Min: 0.0, Avg: 0.0, Max: 0.1, Diff: 0.0, Sum: 0.3]
      [GC Worker Total (ms): Min: 197.2, Avg: 218.8, Max: 221.9, Diff: 24.7, Sum: 1750.1]
      [GC Worker End (ms): Min: 101730.6, Avg: 101730.6, Max: 101730.6, Diff: 0.0]
   [Code Root Fixup: 0.0 ms]
   [Code Root Purge: 0.0 ms]
   [Clear CT: 0.2 ms]
   [Other: 1.0 ms]
      [Choose CSet: 0.0 ms]
      [Ref Proc: 0.1 ms]
      [Ref Enq: 0.0 ms]
      [Redirty Cards: 0.2 ms]
      [Humongous Register: 0.1 ms]
      [Humongous Reclaim: 0.0 ms]
      [Free CSet: 0.4 ms]
   [Eden: 255.0M(255.0M)->0.0B(219.0M) Survivors: 35.0M->37.0M Heap: 884.0M(2048.0M)->886.5M(2048.0M)]
 [Times: user=1.69 sys=0.00, real=0.22 secs] 
2020-09-29T12:25:35.620+0200: 101.906: [GC pause (G1 Evacuation Pause) (young), 0.1994413 secs]
   [Parallel Time: 198.3 ms, GC Workers: 8]
      [GC Worker Start (ms): Min: 101906.0, Avg: 101913.6, Max: 101937.7, Diff: 31.7]
      [Ext Root Scanning (ms): Min: 0.0, Avg: 0.1, Max: 0.2, Diff: 0.2, Sum: 0.4]
      [Update RS (ms): Min: 0.0, Avg: 14.9, Max: 20.3, Diff: 20.3, Sum: 119.5]
         [Processed Buffers: Min: 0, Avg: 17.9, Max: 26, Diff: 26, Sum: 143]
      [Scan RS (ms): Min: 0.3, Avg: 9.6, Max: 12.3, Diff: 12.0, Sum: 76.5]
      [Code Root Scanning (ms): Min: 0.0, Avg: 0.0, Max: 0.0, Diff: 0.0, Sum: 0.0]
      [Object Copy (ms): Min: 165.4, Avg: 166.0, Max: 166.1, Diff: 0.7, Sum: 1327.8]
      [Termination (ms): Min: 0.0, Avg: 0.1, Max: 0.1, Diff: 0.1, Sum: 0.6]
         [Termination Attempts: Min: 1, Avg: 211.3, Max: 322, Diff: 321, Sum: 1690]
      [GC Worker Other (ms): Min: 0.0, Avg: 0.0, Max: 0.0, Diff: 0.0, Sum: 0.1]
      [GC Worker Total (ms): Min: 166.5, Avg: 190.6, Max: 198.2, Diff: 31.7, Sum: 1524.9]
      [GC Worker End (ms): Min: 102104.2, Avg: 102104.2, Max: 102104.2, Diff: 0.0]
   [Code Root Fixup: 0.0 ms]
   [Code Root Purge: 0.0 ms]
   [Clear CT: 0.2 ms]
   [Other: 0.9 ms]
      [Choose CSet: 0.0 ms]
      [Ref Proc: 0.2 ms]
      [Ref Enq: 0.0 ms]
      [Redirty Cards: 0.2 ms]
      [Humongous Register: 0.1 ms]
      [Humongous Reclaim: 0.0 ms]
      [Free CSet: 0.3 ms]
   [Eden: 219.0M(219.0M)->0.0B(209.0M) Survivors: 37.0M->32.0M Heap: 1141.7M(2048.0M)->1143.7M(2048.0M)]
 [Times: user=1.33 sys=0.00, real=0.20 secs] 
2020-09-29T12:25:35.829+0200: 102.115: [GC pause (G1 Humongous Allocation) (young) (initial-mark), 0.0684930 secs]
   [Parallel Time: 67.6 ms, GC Workers: 8]
      [GC Worker Start (ms): Min: 102115.6, Avg: 102115.7, Max: 102115.8, Diff: 0.2]
      [Ext Root Scanning (ms): Min: 0.0, Avg: 0.2, Max: 0.4, Diff: 0.4, Sum: 1.4]
      [Update RS (ms): Min: 31.0, Avg: 31.3, Max: 31.5, Diff: 0.5, Sum: 250.4]
         [Processed Buffers: Min: 24, Avg: 32.3, Max: 36, Diff: 12, Sum: 258]
      [Scan RS (ms): Min: 3.4, Avg: 7.2, Max: 33.1, Diff: 29.8, Sum: 57.5]
      [Code Root Scanning (ms): Min: 0.0, Avg: 0.0, Max: 0.0, Diff: 0.0, Sum: 0.0]
      [Object Copy (ms): Min: 3.1, Avg: 27.9, Max: 32.1, Diff: 29.0, Sum: 223.6]
      [Termination (ms): Min: 0.0, Avg: 0.8, Max: 3.3, Diff: 3.3, Sum: 6.4]
         [Termination Attempts: Min: 1, Avg: 1299.6, Max: 1610, Diff: 1609, Sum: 10397]
      [GC Worker Other (ms): Min: 0.0, Avg: 0.0, Max: 0.0, Diff: 0.0, Sum: 0.1]
      [GC Worker Total (ms): Min: 67.3, Avg: 67.4, Max: 67.5, Diff: 0.2, Sum: 539.3]
      [GC Worker End (ms): Min: 102183.1, Avg: 102183.1, Max: 102183.1, Diff: 0.0]
   [Code Root Fixup: 0.0 ms]
   [Code Root Purge: 0.0 ms]
   [Clear CT: 0.2 ms]
   [Other: 0.7 ms]
      [Choose CSet: 0.0 ms]
      [Ref Proc: 0.1 ms]
      [Ref Enq: 0.0 ms]
      [Redirty Cards: 0.2 ms]
      [Humongous Register: 0.1 ms]
      [Humongous Reclaim: 0.0 ms]
      [Free CSet: 0.1 ms]
   [Eden: 3072.0K(209.0M)->0.0B(190.0M) Survivors: 32.0M->4096.0K Heap: 1146.2M(2048.0M)->1149.7M(2048.0M)]
 [Times: user=0.51 sys=0.00, real=0.07 secs] 
2020-09-29T12:25:35.898+0200: 102.184: [GC concurrent-root-region-scan-start]
2020-09-29T12:25:35.899+0200: 102.185: [GC concurrent-root-region-scan-end, 0.0009932 secs]
2020-09-29T12:25:35.899+0200: 102.185: [GC concurrent-mark-start]
2020-09-29T12:25:35.903+0200: 102.189: [GC concurrent-mark-end, 0.0036922 secs]
2020-09-29T12:25:35.903+0200: 102.189: [GC remark 2020-09-29T12:25:35.903+0200: 102.189: [Finalize Marking, 0.0005019 secs] 2020-09-29T12:25:35.903+0200: 102.189: [GC ref-proc, 0.0003812 secs] 2020-09-29T12:25:35.904+0200: 102.190: [Unloading, 0.0005418 secs], 0.0019051 secs]
 [Times: user=0.00 sys=0.00, real=0.00 secs] 
2020-09-29T12:25:35.905+0200: 102.191: [GC cleanup 1160M->29M(2048M), 0.0014542 secs]
 [Times: user=0.00 sys=0.00, real=0.00 secs] 
2020-09-29T12:25:35.907+0200: 102.193: [GC concurrent-cleanup-start]
2020-09-29T12:25:35.909+0200: 102.195: [GC concurrent-cleanup-end, 0.0022147 secs]
2020-09-29T12:25:36.024+0200: 102.310: [GC pause (G1 Evacuation Pause) (young), 0.1595392 secs]
   [Parallel Time: 158.4 ms, GC Workers: 8]
      [GC Worker Start (ms): Min: 102310.0, Avg: 102314.1, Max: 102341.7, Diff: 31.8]
      [Ext Root Scanning (ms): Min: 0.0, Avg: 0.1, Max: 0.2, Diff: 0.2, Sum: 0.5]
      [Update RS (ms): Min: 0.0, Avg: 16.6, Max: 19.2, Diff: 19.2, Sum: 132.9]
         [Processed Buffers: Min: 0, Avg: 18.3, Max: 23, Diff: 23, Sum: 146]
      [Scan RS (ms): Min: 0.0, Avg: 5.5, Max: 6.4, Diff: 6.4, Sum: 43.8]
      [Code Root Scanning (ms): Min: 0.0, Avg: 0.0, Max: 0.0, Diff: 0.0, Sum: 0.0]
      [Object Copy (ms): Min: 126.2, Avg: 131.8, Max: 132.7, Diff: 6.5, Sum: 1054.2]
      [Termination (ms): Min: 0.0, Avg: 0.2, Max: 0.3, Diff: 0.3, Sum: 1.3]
         [Termination Attempts: Min: 1, Avg: 819.1, Max: 1130, Diff: 1129, Sum: 6553]
      [GC Worker Other (ms): Min: 0.0, Avg: 0.0, Max: 0.0, Diff: 0.0, Sum: 0.2]
      [GC Worker Total (ms): Min: 126.5, Avg: 154.1, Max: 158.2, Diff: 31.7, Sum: 1232.9]
      [GC Worker End (ms): Min: 102468.2, Avg: 102468.2, Max: 102468.2, Diff: 0.1]
   [Code Root Fixup: 0.0 ms]
   [Code Root Purge: 0.0 ms]
   [Clear CT: 0.2 ms]
   [Other: 1.0 ms]
      [Choose CSet: 0.0 ms]
      [Ref Proc: 0.2 ms]
      [Ref Enq: 0.0 ms]
      [Redirty Cards: 0.2 ms]
      [Humongous Register: 0.1 ms]
      [Humongous Reclaim: 0.0 ms]
      [Free CSet: 0.2 ms]
   [Eden: 190.0M(190.0M)->0.0B(182.0M) Survivors: 4096.0K->25.0M Heap: 241.4M(2048.0M)->239.4M(2048.0M)]
 [Times: user=1.08 sys=0.00, real=0.16 secs] 
2020-09-29T12:25:36.305+0200: 102.592: [GC pause (G1 Evacuation Pause) (young), 0.1143218 secs]
   [Parallel Time: 113.3 ms, GC Workers: 8]
      [GC Worker Start (ms): Min: 102591.8, Avg: 102591.9, Max: 102592.4, Diff: 0.6]
      [Ext Root Scanning (ms): Min: 0.0, Avg: 0.1, Max: 0.1, Diff: 0.1, Sum: 0.7]
      [Update RS (ms): Min: 17.8, Avg: 18.3, Max: 19.1, Diff: 1.2, Sum: 146.5]
         [Processed Buffers: Min: 16, Avg: 19.4, Max: 23, Diff: 7, Sum: 155]
      [Scan RS (ms): Min: 5.7, Avg: 6.4, Max: 6.7, Diff: 1.0, Sum: 51.1]
      [Code Root Scanning (ms): Min: 0.0, Avg: 0.0, Max: 0.0, Diff: 0.0, Sum: 0.0]
      [Object Copy (ms): Min: 88.1, Avg: 88.2, Max: 88.2, Diff: 0.1, Sum: 705.4]
      [Termination (ms): Min: 0.0, Avg: 0.0, Max: 0.1, Diff: 0.1, Sum: 0.3]
         [Termination Attempts: Min: 1, Avg: 15.6, Max: 38, Diff: 37, Sum: 125]
      [GC Worker Other (ms): Min: 0.0, Avg: 0.0, Max: 0.0, Diff: 0.0, Sum: 0.1]
      [GC Worker Total (ms): Min: 112.6, Avg: 113.0, Max: 113.1, Diff: 0.6, Sum: 904.2]
      [GC Worker End (ms): Min: 102704.9, Avg: 102704.9, Max: 102705.0, Diff: 0.1]
   [Code Root Fixup: 0.0 ms]
   [Code Root Purge: 0.0 ms]
   [Clear CT: 0.2 ms]
   [Other: 0.9 ms]
      [Choose CSet: 0.0 ms]
      [Ref Proc: 0.2 ms]
      [Ref Enq: 0.0 ms]
      [Redirty Cards: 0.2 ms]
      [Humongous Register: 0.0 ms]
      [Humongous Reclaim: 0.0 ms]
      [Free CSet: 0.2 ms]
   [Eden: 182.0M(182.0M)->0.0B(208.0M) Survivors: 25.0M->26.0M Heap: 451.9M(2048.0M)->454.4M(2048.0M)]
 [Times: user=0.84 sys=0.00, real=0.12 secs] 
2020-09-29T12:25:36.557+0200: 102.843: [GC pause (G1 Evacuation Pause) (young), 0.1308598 secs]
   [Parallel Time: 129.8 ms, GC Workers: 8]
      [GC Worker Start (ms): Min: 102842.9, Avg: 102843.8, Max: 102848.7, Diff: 5.8]
      [Ext Root Scanning (ms): Min: 0.0, Avg: 0.1, Max: 0.3, Diff: 0.3, Sum: 0.9]
      [Update RS (ms): Min: 15.0, Avg: 20.0, Max: 21.1, Diff: 6.1, Sum: 159.8]
         [Processed Buffers: Min: 13, Avg: 19.3, Max: 22, Diff: 9, Sum: 154]
      [Scan RS (ms): Min: 7.5, Avg: 7.9, Max: 8.0, Diff: 0.5, Sum: 63.3]
      [Code Root Scanning (ms): Min: 0.0, Avg: 0.0, Max: 0.0, Diff: 0.0, Sum: 0.0]
      [Object Copy (ms): Min: 100.7, Avg: 100.8, Max: 100.8, Diff: 0.1, Sum: 806.2]
      [Termination (ms): Min: 0.0, Avg: 0.0, Max: 0.0, Diff: 0.0, Sum: 0.2]
         [Termination Attempts: Min: 1, Avg: 185.4, Max: 237, Diff: 236, Sum: 1483]
      [GC Worker Other (ms): Min: 0.0, Avg: 0.0, Max: 0.1, Diff: 0.0, Sum: 0.3]
      [GC Worker Total (ms): Min: 123.9, Avg: 128.8, Max: 129.7, Diff: 5.8, Sum: 1030.7]
      [GC Worker End (ms): Min: 102972.6, Avg: 102972.6, Max: 102972.6, Diff: 0.0]
   [Code Root Fixup: 0.0 ms]
   [Code Root Purge: 0.0 ms]
   [Clear CT: 0.2 ms]
   [Other: 0.9 ms]
      [Choose CSet: 0.0 ms]
      [Ref Proc: 0.2 ms]
      [Ref Enq: 0.0 ms]
      [Redirty Cards: 0.2 ms]
      [Humongous Register: 0.1 ms]
      [Humongous Reclaim: 0.0 ms]
      [Free CSet: 0.2 ms]
   [Eden: 208.0M(208.0M)->0.0B(226.0M) Survivors: 26.0M->30.0M Heap: 696.8M(2048.0M)->698.8M(2048.0M)]
 [Times: user=0.91 sys=0.00, real=0.13 secs] 
2020-09-29T12:25:36.837+0200: 103.123: [GC pause (G1 Evacuation Pause) (young), 0.1409394 secs]
   [Parallel Time: 139.9 ms, GC Workers: 8]
      [GC Worker Start (ms): Min: 103123.4, Avg: 103123.5, Max: 103123.5, Diff: 0.1]
      [Ext Root Scanning (ms): Min: 0.0, Avg: 0.1, Max: 0.1, Diff: 0.1, Sum: 0.7]
      [Update RS (ms): Min: 26.9, Avg: 27.1, Max: 27.5, Diff: 0.5, Sum: 216.7]
         [Processed Buffers: Min: 22, Avg: 29.8, Max: 34, Diff: 12, Sum: 238]
      [Scan RS (ms): Min: 5.5, Avg: 6.0, Max: 6.2, Diff: 0.7, Sum: 47.8]
      [Code Root Scanning (ms): Min: 0.0, Avg: 0.0, Max: 0.0, Diff: 0.0, Sum: 0.0]
      [Object Copy (ms): Min: 106.3, Avg: 106.5, Max: 106.5, Diff: 0.2, Sum: 851.6]
      [Termination (ms): Min: 0.0, Avg: 0.1, Max: 0.1, Diff: 0.1, Sum: 0.5]
         [Termination Attempts: Min: 1, Avg: 483.0, Max: 688, Diff: 687, Sum: 3864]
      [GC Worker Other (ms): Min: 0.0, Avg: 0.0, Max: 0.1, Diff: 0.1, Sum: 0.3]
      [GC Worker Total (ms): Min: 139.7, Avg: 139.7, Max: 139.8, Diff: 0.1, Sum: 1117.7]
      [GC Worker End (ms): Min: 103263.2, Avg: 103263.2, Max: 103263.2, Diff: 0.1]
   [Code Root Fixup: 0.0 ms]
   [Code Root Purge: 0.0 ms]
   [Clear CT: 0.2 ms]
   [Other: 0.9 ms]
      [Choose CSet: 0.0 ms]
      [Ref Proc: 0.2 ms]
      [Ref Enq: 0.0 ms]
      [Redirty Cards: 0.2 ms]
      [Humongous Register: 0.0 ms]
      [Humongous Reclaim: 0.0 ms]
      [Free CSet: 0.2 ms]
   [Eden: 226.0M(226.0M)->0.0B(246.0M) Survivors: 30.0M->32.0M Heap: 962.9M(2048.0M)->965.4M(2048.0M)]
 [Times: user=1.06 sys=0.00, real=0.14 secs] 
2020-09-29T12:25:36.983+0200: 103.269: [GC pause (G1 Humongous Allocation) (young) (initial-mark), 0.0553715 secs]
   [Parallel Time: 54.5 ms, GC Workers: 8]
      [GC Worker Start (ms): Min: 103269.0, Avg: 103269.1, Max: 103269.2, Diff: 0.2]
      [Ext Root Scanning (ms): Min: 0.0, Avg: 0.5, Max: 2.0, Diff: 2.0, Sum: 4.1]
      [Update RS (ms): Min: 32.0, Avg: 33.8, Max: 34.4, Diff: 2.4, Sum: 270.0]
         [Processed Buffers: Min: 36, Avg: 39.0, Max: 42, Diff: 6, Sum: 312]
      [Scan RS (ms): Min: 0.3, Avg: 0.6, Max: 1.0, Diff: 0.7, Sum: 4.8]
      [Code Root Scanning (ms): Min: 0.0, Avg: 0.0, Max: 0.0, Diff: 0.0, Sum: 0.0]
      [Object Copy (ms): Min: 19.4, Avg: 19.4, Max: 19.5, Diff: 0.1, Sum: 155.5]
      [Termination (ms): Min: 0.0, Avg: 0.1, Max: 0.1, Diff: 0.1, Sum: 0.7]
         [Termination Attempts: Min: 1, Avg: 410.1, Max: 575, Diff: 574, Sum: 3281]
      [GC Worker Other (ms): Min: 0.0, Avg: 0.0, Max: 0.0, Diff: 0.0, Sum: 0.1]
      [GC Worker Total (ms): Min: 54.3, Avg: 54.4, Max: 54.5, Diff: 0.2, Sum: 435.2]
      [GC Worker End (ms): Min: 103323.5, Avg: 103323.5, Max: 103323.5, Diff: 0.0]
   [Code Root Fixup: 0.0 ms]
   [Code Root Purge: 0.0 ms]
   [Clear CT: 0.2 ms]
   [Other: 0.7 ms]
      [Choose CSet: 0.0 ms]
      [Ref Proc: 0.2 ms]
      [Ref Enq: 0.0 ms]
      [Redirty Cards: 0.2 ms]
      [Humongous Register: 0.0 ms]
      [Humongous Reclaim: 0.0 ms]
      [Free CSet: 0.1 ms]
   [Eden: 7168.0K(246.0M)->0.0B(279.0M) Survivors: 32.0M->9216.0K Heap: 972.4M(2048.0M)->975.9M(2048.0M)]
 [Times: user=0.50 sys=0.00, real=0.06 secs] 
2020-09-29T12:25:37.038+0200: 103.325: [GC concurrent-root-region-scan-start]
2020-09-29T12:25:37.040+0200: 103.326: [GC concurrent-root-region-scan-end, 0.0018062 secs]
2020-09-29T12:25:37.040+0200: 103.326: [GC concurrent-mark-start]
2020-09-29T12:25:37.043+0200: 103.329: [GC concurrent-mark-end, 0.0030920 secs]
2020-09-29T12:25:37.043+0200: 103.330: [GC remark 2020-09-29T12:25:37.043+0200: 103.330: [Finalize Marking, 0.0002870 secs] 2020-09-29T12:25:37.044+0200: 103.330: [GC ref-proc, 0.0002937 secs] 2020-09-29T12:25:37.044+0200: 103.330: [Unloading, 0.0005005 secs], 0.0014551 secs]
 [Times: user=0.00 sys=0.00, real=0.00 secs] 
2020-09-29T12:25:37.045+0200: 103.332: [GC cleanup 986M->34M(2048M), 0.0011883 secs]
 [Times: user=0.00 sys=0.00, real=0.00 secs] 
2020-09-29T12:25:37.047+0200: 103.333: [GC concurrent-cleanup-start]
2020-09-29T12:25:37.048+0200: 103.334: [GC concurrent-cleanup-end, 0.0011519 secs]
2020-09-29T12:25:37.202+0200: 103.488: [GC pause (G1 Evacuation Pause) (young), 0.1509544 secs]
   [Parallel Time: 149.9 ms, GC Workers: 8]
      [GC Worker Start (ms): Min: 103488.4, Avg: 103488.5, Max: 103488.6, Diff: 0.2]
      [Ext Root Scanning (ms): Min: 0.0, Avg: 0.1, Max: 0.2, Diff: 0.2, Sum: 0.6]
      [Update RS (ms): Min: 19.4, Avg: 19.5, Max: 19.6, Diff: 0.2, Sum: 155.6]
         [Processed Buffers: Min: 20, Avg: 22.0, Max: 25, Diff: 5, Sum: 176]
      [Scan RS (ms): Min: 10.4, Avg: 10.6, Max: 10.7, Diff: 0.3, Sum: 84.9]
      [Code Root Scanning (ms): Min: 0.0, Avg: 0.0, Max: 0.0, Diff: 0.0, Sum: 0.0]
      [Object Copy (ms): Min: 119.2, Avg: 119.3, Max: 119.5, Diff: 0.3, Sum: 954.4]
      [Termination (ms): Min: 0.0, Avg: 0.2, Max: 0.2, Diff: 0.2, Sum: 1.5]
         [Termination Attempts: Min: 1, Avg: 1322.3, Max: 1632, Diff: 1631, Sum: 10578]
      [GC Worker Other (ms): Min: 0.0, Avg: 0.0, Max: 0.1, Diff: 0.0, Sum: 0.3]
      [GC Worker Total (ms): Min: 149.6, Avg: 149.7, Max: 149.8, Diff: 0.2, Sum: 1197.3]
      [GC Worker End (ms): Min: 103638.2, Avg: 103638.2, Max: 103638.2, Diff: 0.0]
   [Code Root Fixup: 0.0 ms]
   [Code Root Purge: 0.0 ms]
   [Clear CT: 0.2 ms]
   [Other: 0.9 ms]
      [Choose CSet: 0.0 ms]
      [Ref Proc: 0.2 ms]
      [Ref Enq: 0.0 ms]
      [Redirty Cards: 0.2 ms]
      [Humongous Register: 0.0 ms]
      [Humongous Reclaim: 0.0 ms]
      [Free CSet: 0.2 ms]
   [Eden: 279.0M(279.0M)->0.0B(268.0M) Survivors: 9216.0K->36.0M Heap: 350.2M(2048.0M)->344.2M(2048.0M)]
 [Times: user=1.22 sys=0.00, real=0.15 secs] 
2020-09-29T12:25:37.526+0200: 103.812: [GC pause (G1 Evacuation Pause) (young), 0.1732920 secs]
   [Parallel Time: 172.2 ms, GC Workers: 8]
      [GC Worker Start (ms): Min: 103812.5, Avg: 103812.6, Max: 103812.7, Diff: 0.2]
      [Ext Root Scanning (ms): Min: 0.0, Avg: 0.1, Max: 0.2, Diff: 0.2, Sum: 0.6]
      [Update RS (ms): Min: 25.7, Avg: 25.9, Max: 26.3, Diff: 0.6, Sum: 207.3]
         [Processed Buffers: Min: 22, Avg: 24.0, Max: 26, Diff: 4, Sum: 192]
      [Scan RS (ms): Min: 15.2, Avg: 15.6, Max: 15.9, Diff: 0.7, Sum: 124.7]
      [Code Root Scanning (ms): Min: 0.0, Avg: 0.0, Max: 0.0, Diff: 0.0, Sum: 0.0]
      [Object Copy (ms): Min: 130.1, Avg: 130.3, Max: 130.4, Diff: 0.2, Sum: 1042.5]
      [Termination (ms): Min: 0.0, Avg: 0.0, Max: 0.0, Diff: 0.0, Sum: 0.0]
         [Termination Attempts: Min: 1, Avg: 31.0, Max: 40, Diff: 39, Sum: 248]
      [GC Worker Other (ms): Min: 0.0, Avg: 0.0, Max: 0.1, Diff: 0.1, Sum: 0.3]
      [GC Worker Total (ms): Min: 171.9, Avg: 171.9, Max: 172.0, Diff: 0.2, Sum: 1375.5]
      [GC Worker End (ms): Min: 103984.5, Avg: 103984.5, Max: 103984.6, Diff: 0.1]
   [Code Root Fixup: 0.0 ms]
   [Code Root Purge: 0.0 ms]
   [Clear CT: 0.2 ms]
   [Other: 0.9 ms]
      [Choose CSet: 0.0 ms]
      [Ref Proc: 0.2 ms]
      [Ref Enq: 0.0 ms]
      [Redirty Cards: 0.2 ms]
      [Humongous Register: 0.0 ms]
      [Humongous Reclaim: 0.0 ms]
      [Free CSet: 0.2 ms]
   [Eden: 268.0M(268.0M)->0.0B(264.0M) Survivors: 36.0M->38.0M Heap: 656.1M(2048.0M)->657.6M(2048.0M)]
 [Times: user=1.34 sys=0.00, real=0.17 secs] 
2020-09-29T12:25:37.876+0200: 104.162: [GC pause (G1 Evacuation Pause) (young), 0.1534137 secs]
   [Parallel Time: 152.3 ms, GC Workers: 8]
      [GC Worker Start (ms): Min: 104162.3, Avg: 104162.4, Max: 104162.5, Diff: 0.2]
      [Ext Root Scanning (ms): Min: 0.0, Avg: 0.1, Max: 0.1, Diff: 0.1, Sum: 0.6]
      [Update RS (ms): Min: 15.2, Avg: 15.4, Max: 15.8, Diff: 0.6, Sum: 123.1]
         [Processed Buffers: Min: 17, Avg: 17.5, Max: 19, Diff: 2, Sum: 140]
      [Scan RS (ms): Min: 12.2, Avg: 12.7, Max: 12.8, Diff: 0.6, Sum: 101.3]
      [Code Root Scanning (ms): Min: 0.0, Avg: 0.0, Max: 0.0, Diff: 0.0, Sum: 0.0]
      [Object Copy (ms): Min: 123.7, Avg: 123.8, Max: 123.9, Diff: 0.2, Sum: 990.1]
      [Termination (ms): Min: 0.1, Avg: 0.2, Max: 0.3, Diff: 0.2, Sum: 1.5]
         [Termination Attempts: Min: 1, Avg: 817.5, Max: 1161, Diff: 1160, Sum: 6540]
      [GC Worker Other (ms): Min: 0.0, Avg: 0.0, Max: 0.0, Diff: 0.0, Sum: 0.1]
      [GC Worker Total (ms): Min: 152.0, Avg: 152.1, Max: 152.2, Diff: 0.2, Sum: 1216.6]
      [GC Worker End (ms): Min: 104314.4, Avg: 104314.5, Max: 104314.5, Diff: 0.1]
   [Code Root Fixup: 0.0 ms]
   [Code Root Purge: 0.0 ms]
   [Clear CT: 0.2 ms]
   [Other: 1.0 ms]
      [Choose CSet: 0.0 ms]
      [Ref Proc: 0.2 ms]
      [Ref Enq: 0.0 ms]
      [Redirty Cards: 0.2 ms]
      [Humongous Register: 0.0 ms]
      [Humongous Reclaim: 0.0 ms]
      [Free CSet: 0.3 ms]
   [Eden: 264.0M(264.0M)->0.0B(276.0M) Survivors: 38.0M->38.0M Heap: 965.4M(2048.0M)->967.9M(2048.0M)]
 [Times: user=1.22 sys=0.00, real=0.15 secs] 
2020-09-29T12:25:38.035+0200: 104.322: [GC pause (G1 Humongous Allocation) (young) (initial-mark), 0.0902326 secs]
   [Parallel Time: 89.3 ms, GC Workers: 8]
      [GC Worker Start (ms): Min: 104321.9, Avg: 104322.0, Max: 104322.1, Diff: 0.2]
      [Ext Root Scanning (ms): Min: 0.0, Avg: 8.2, Max: 33.4, Diff: 33.4, Sum: 65.9]
      [Update RS (ms): Min: 19.0, Avg: 47.3, Max: 66.1, Diff: 47.1, Sum: 378.5]
         [Processed Buffers: Min: 23, Avg: 42.6, Max: 60, Diff: 37, Sum: 341]
      [Scan RS (ms): Min: 0.0, Avg: 2.5, Max: 3.5, Diff: 3.5, Sum: 19.9]
      [Code Root Scanning (ms): Min: 0.0, Avg: 0.0, Max: 0.0, Diff: 0.0, Sum: 0.0]
      [Object Copy (ms): Min: 22.7, Avg: 31.0, Max: 33.4, Diff: 10.6, Sum: 247.8]
      [Termination (ms): Min: 0.0, Avg: 0.1, Max: 0.1, Diff: 0.1, Sum: 0.4]
         [Termination Attempts: Min: 1, Avg: 71.3, Max: 134, Diff: 133, Sum: 570]
      [GC Worker Other (ms): Min: 0.0, Avg: 0.0, Max: 0.0, Diff: 0.0, Sum: 0.1]
      [GC Worker Total (ms): Min: 89.0, Avg: 89.1, Max: 89.1, Diff: 0.1, Sum: 712.6]
      [GC Worker End (ms): Min: 104411.0, Avg: 104411.0, Max: 104411.0, Diff: 0.0]
   [Code Root Fixup: 0.0 ms]
   [Code Root Purge: 0.0 ms]
   [Clear CT: 0.2 ms]
   [Other: 0.8 ms]
      [Choose CSet: 0.0 ms]
      [Ref Proc: 0.2 ms]
      [Ref Enq: 0.0 ms]
      [Redirty Cards: 0.1 ms]
      [Humongous Register: 0.1 ms]
      [Humongous Reclaim: 0.0 ms]
      [Free CSet: 0.1 ms]
   [Eden: 2048.0K(276.0M)->0.0B(238.0M) Survivors: 38.0M->4096.0K Heap: 969.9M(2048.0M)->973.9M(2048.0M)]
 [Times: user=0.44 sys=0.00, real=0.09 secs] 
2020-09-29T12:25:38.126+0200: 104.412: [GC concurrent-root-region-scan-start]
2020-09-29T12:25:38.127+0200: 104.413: [GC concurrent-root-region-scan-end, 0.0007121 secs]
2020-09-29T12:25:38.127+0200: 104.413: [GC concurrent-mark-start]
2020-09-29T12:25:38.130+0200: 104.416: [GC concurrent-mark-end, 0.0035371 secs]
2020-09-29T12:25:38.130+0200: 104.417: [GC remark 2020-09-29T12:25:38.130+0200: 104.417: [Finalize Marking, 0.0002687 secs] 2020-09-29T12:25:38.131+0200: 104.417: [GC ref-proc, 0.0004351 secs] 2020-09-29T12:25:38.131+0200: 104.417: [Unloading, 0.0006888 secs], 0.0018613 secs]
 [Times: user=0.00 sys=0.00, real=0.00 secs] 
2020-09-29T12:25:38.133+0200: 104.419: [GC cleanup 983M->28M(2048M), 0.0017085 secs]
 [Times: user=0.00 sys=0.00, real=0.00 secs] 
2020-09-29T12:25:38.135+0200: 104.421: [GC concurrent-cleanup-start]
2020-09-29T12:25:38.136+0200: 104.423: [GC concurrent-cleanup-end, 0.0017361 secs]
2020-09-29T12:25:38.309+0200: 104.596: [GC pause (G1 Evacuation Pause) (young), 0.2785636 secs]
   [Parallel Time: 276.6 ms, GC Workers: 8]
      [GC Worker Start (ms): Min: 104595.7, Avg: 104596.9, Max: 104603.3, Diff: 7.6]
      [Ext Root Scanning (ms): Min: 0.0, Avg: 0.1, Max: 0.2, Diff: 0.2, Sum: 1.1]
      [Update RS (ms): Min: 32.1, Avg: 39.0, Max: 41.9, Diff: 9.8, Sum: 312.1]
         [Processed Buffers: Min: 17, Avg: 20.0, Max: 23, Diff: 6, Sum: 160]
      [Scan RS (ms): Min: 14.4, Avg: 16.2, Max: 17.0, Diff: 2.6, Sum: 129.7]
      [Code Root Scanning (ms): Min: 0.0, Avg: 0.0, Max: 0.0, Diff: 0.0, Sum: 0.0]
      [Object Copy (ms): Min: 219.4, Avg: 219.6, Max: 219.8, Diff: 0.4, Sum: 1756.8]
      [Termination (ms): Min: 0.0, Avg: 0.2, Max: 0.3, Diff: 0.3, Sum: 1.8]
         [Termination Attempts: Min: 1, Avg: 711.6, Max: 927, Diff: 926, Sum: 5693]
      [GC Worker Other (ms): Min: 0.0, Avg: 0.1, Max: 0.1, Diff: 0.1, Sum: 0.5]
      [GC Worker Total (ms): Min: 268.9, Avg: 275.3, Max: 276.5, Diff: 7.6, Sum: 2202.0]
      [GC Worker End (ms): Min: 104872.1, Avg: 104872.1, Max: 104872.2, Diff: 0.1]
   [Code Root Fixup: 0.0 ms]
   [Code Root Purge: 0.0 ms]
   [Clear CT: 0.4 ms]
   [Other: 1.6 ms]
      [Choose CSet: 0.0 ms]
      [Ref Proc: 0.4 ms]
      [Ref Enq: 0.0 ms]
      [Redirty Cards: 0.4 ms]
      [Humongous Register: 0.1 ms]
      [Humongous Reclaim: 0.0 ms]
      [Free CSet: 0.3 ms]
   [Eden: 238.0M(238.0M)->0.0B(143.0M) Survivors: 4096.0K->31.0M Heap: 296.6M(2048.0M)->295.1M(2048.0M)]
 [Times: user=2.11 sys=0.02, real=0.28 secs] 
2020-09-29T12:25:38.801+0200: 105.088: [GC pause (G1 Evacuation Pause) (young), 0.1959516 secs]
   [Parallel Time: 194.2 ms, GC Workers: 8]
      [GC Worker Start (ms): Min: 105087.7, Avg: 105087.8, Max: 105087.9, Diff: 0.1]
      [Ext Root Scanning (ms): Min: 0.1, Avg: 0.2, Max: 0.2, Diff: 0.1, Sum: 1.2]
      [Update RS (ms): Min: 29.1, Avg: 29.4, Max: 30.6, Diff: 1.5, Sum: 235.4]
         [Processed Buffers: Min: 14, Avg: 16.5, Max: 18, Diff: 4, Sum: 132]
      [Scan RS (ms): Min: 10.7, Avg: 11.9, Max: 12.2, Diff: 1.6, Sum: 95.1]
      [Code Root Scanning (ms): Min: 0.0, Avg: 0.0, Max: 0.0, Diff: 0.0, Sum: 0.0]
      [Object Copy (ms): Min: 152.4, Avg: 152.5, Max: 152.6, Diff: 0.2, Sum: 1219.9]
      [Termination (ms): Min: 0.0, Avg: 0.1, Max: 0.2, Diff: 0.2, Sum: 0.8]
         [Termination Attempts: Min: 1, Avg: 46.5, Max: 68, Diff: 67, Sum: 372]
      [GC Worker Other (ms): Min: 0.0, Avg: 0.0, Max: 0.0, Diff: 0.0, Sum: 0.1]
      [GC Worker Total (ms): Min: 194.0, Avg: 194.1, Max: 194.1, Diff: 0.1, Sum: 1552.5]
      [GC Worker End (ms): Min: 105281.8, Avg: 105281.9, Max: 105281.9, Diff: 0.1]
   [Code Root Fixup: 0.0 ms]
   [Code Root Purge: 0.0 ms]
   [Clear CT: 0.3 ms]
   [Other: 1.4 ms]
      [Choose CSet: 0.0 ms]
      [Ref Proc: 0.4 ms]
      [Ref Enq: 0.0 ms]
      [Redirty Cards: 0.3 ms]
      [Humongous Register: 0.1 ms]
      [Humongous Reclaim: 0.0 ms]
      [Free CSet: 0.3 ms]
   [Eden: 143.0M(143.0M)->0.0B(134.0M) Survivors: 31.0M->22.0M Heap: 462.9M(2048.0M)->464.4M(2048.0M)]
 [Times: user=1.36 sys=0.05, real=0.20 secs] 
2020-09-29T12:25:39.169+0200: 105.455: [GC pause (G1 Evacuation Pause) (young), 0.1884631 secs]
   [Parallel Time: 186.7 ms, GC Workers: 8]
      [GC Worker Start (ms): Min: 105455.4, Avg: 105455.4, Max: 105455.5, Diff: 0.1]
      [Ext Root Scanning (ms): Min: 0.1, Avg: 0.1, Max: 0.2, Diff: 0.1, Sum: 1.2]
      [Update RS (ms): Min: 27.2, Avg: 28.1, Max: 28.8, Diff: 1.7, Sum: 224.8]
         [Processed Buffers: Min: 14, Avg: 15.9, Max: 17, Diff: 3, Sum: 127]
      [Scan RS (ms): Min: 8.3, Avg: 10.0, Max: 14.1, Diff: 5.8, Sum: 79.8]
      [Code Root Scanning (ms): Min: 0.0, Avg: 0.0, Max: 0.0, Diff: 0.0, Sum: 0.0]
      [Object Copy (ms): Min: 144.0, Avg: 147.9, Max: 148.9, Diff: 4.9, Sum: 1183.3]
      [Termination (ms): Min: 0.0, Avg: 0.2, Max: 0.2, Diff: 0.2, Sum: 1.2]
         [Termination Attempts: Min: 1, Avg: 464.1, Max: 561, Diff: 560, Sum: 3713]
      [GC Worker Other (ms): Min: 0.0, Avg: 0.1, Max: 0.1, Diff: 0.1, Sum: 0.5]
      [GC Worker Total (ms): Min: 186.3, Avg: 186.4, Max: 186.5, Diff: 0.2, Sum: 1490.9]
      [GC Worker End (ms): Min: 105641.8, Avg: 105641.8, Max: 105641.9, Diff: 0.1]
   [Code Root Fixup: 0.0 ms]
   [Code Root Purge: 0.0 ms]
   [Clear CT: 0.5 ms]
   [Other: 1.3 ms]
      [Choose CSet: 0.0 ms]
      [Ref Proc: 0.3 ms]
      [Ref Enq: 0.0 ms]
      [Redirty Cards: 0.4 ms]
      [Humongous Register: 0.1 ms]
      [Humongous Reclaim: 0.0 ms]
      [Free CSet: 0.2 ms]
   [Eden: 134.0M(134.0M)->0.0B(124.0M) Survivors: 22.0M->20.0M Heap: 619.3M(2048.0M)->621.3M(2048.0M)]
 [Times: user=1.38 sys=0.00, real=0.19 secs] 
2020-09-29T12:25:39.512+0200: 105.798: [GC pause (G1 Evacuation Pause) (young), 0.1748479 secs]
   [Parallel Time: 172.7 ms, GC Workers: 8]
      [GC Worker Start (ms): Min: 105798.5, Avg: 105798.6, Max: 105798.6, Diff: 0.2]
      [Ext Root Scanning (ms): Min: 0.1, Avg: 0.1, Max: 0.2, Diff: 0.1, Sum: 1.2]
      [Update RS (ms): Min: 25.6, Avg: 26.0, Max: 26.5, Diff: 0.9, Sum: 207.7]
         [Processed Buffers: Min: 12, Avg: 14.1, Max: 16, Diff: 4, Sum: 113]
      [Scan RS (ms): Min: 8.9, Avg: 9.5, Max: 9.9, Diff: 1.0, Sum: 76.1]
      [Code Root Scanning (ms): Min: 0.0, Avg: 0.0, Max: 0.0, Diff: 0.0, Sum: 0.0]
      [Object Copy (ms): Min: 136.2, Avg: 136.2, Max: 136.5, Diff: 0.4, Sum: 1090.0]
      [Termination (ms): Min: 0.0, Avg: 0.3, Max: 0.6, Diff: 0.6, Sum: 2.5]
         [Termination Attempts: Min: 1, Avg: 94.8, Max: 129, Diff: 128, Sum: 758]
      [GC Worker Other (ms): Min: 0.0, Avg: 0.0, Max: 0.1, Diff: 0.0, Sum: 0.2]
      [GC Worker Total (ms): Min: 172.1, Avg: 172.2, Max: 172.5, Diff: 0.4, Sum: 1377.8]
      [GC Worker End (ms): Min: 105970.7, Avg: 105970.8, Max: 105971.0, Diff: 0.3]
   [Code Root Fixup: 0.0 ms]
   [Code Root Purge: 0.0 ms]
   [Clear CT: 0.5 ms]
   [Other: 1.7 ms]
      [Choose CSet: 0.0 ms]
      [Ref Proc: 0.6 ms]
      [Ref Enq: 0.0 ms]
      [Redirty Cards: 0.4 ms]
      [Humongous Register: 0.1 ms]
      [Humongous Reclaim: 0.0 ms]
      [Free CSet: 0.3 ms]
   [Eden: 124.0M(124.0M)->0.0B(124.0M) Survivors: 20.0M->18.0M Heap: 766.3M(2048.0M)->768.3M(2048.0M)]
 [Times: user=1.23 sys=0.02, real=0.17 secs] 
2020-09-29T12:25:39.882+0200: 106.169: [GC pause (G1 Evacuation Pause) (young), 0.2404004 secs]
   [Parallel Time: 237.6 ms, GC Workers: 8]
      [GC Worker Start (ms): Min: 106168.8, Avg: 106168.9, Max: 106169.0, Diff: 0.3]
      [Ext Root Scanning (ms): Min: 0.0, Avg: 0.1, Max: 0.2, Diff: 0.2, Sum: 1.1]
      [Update RS (ms): Min: 25.2, Avg: 26.5, Max: 31.9, Diff: 6.6, Sum: 211.8]
         [Processed Buffers: Min: 0, Avg: 13.5, Max: 17, Diff: 17, Sum: 108]
      [Scan RS (ms): Min: 3.8, Avg: 12.7, Max: 38.7, Diff: 34.8, Sum: 101.3]
      [Code Root Scanning (ms): Min: 0.0, Avg: 0.0, Max: 0.0, Diff: 0.0, Sum: 0.0]
      [Object Copy (ms): Min: 172.3, Avg: 197.2, Max: 201.1, Diff: 28.8, Sum: 1577.4]
      [Termination (ms): Min: 0.0, Avg: 0.3, Max: 0.5, Diff: 0.5, Sum: 2.3]
         [Termination Attempts: Min: 1, Avg: 564.9, Max: 885, Diff: 884, Sum: 4519]
      [GC Worker Other (ms): Min: 0.0, Avg: 0.0, Max: 0.0, Diff: 0.0, Sum: 0.2]
      [GC Worker Total (ms): Min: 236.6, Avg: 236.8, Max: 236.9, Diff: 0.3, Sum: 1894.1]
      [GC Worker End (ms): Min: 106405.6, Avg: 106405.6, Max: 106405.7, Diff: 0.1]
   [Code Root Fixup: 0.0 ms]
   [Code Root Purge: 0.0 ms]
   [Clear CT: 0.7 ms]
   [Other: 2.1 ms]
      [Choose CSet: 0.0 ms]
      [Ref Proc: 1.0 ms]
      [Ref Enq: 0.0 ms]
      [Redirty Cards: 0.4 ms]
      [Humongous Register: 0.1 ms]
      [Humongous Reclaim: 0.0 ms]
      [Free CSet: 0.2 ms]
   [Eden: 124.0M(124.0M)->0.0B(97.0M) Survivors: 18.0M->18.0M Heap: 913.3M(2048.0M)->914.8M(2048.0M)]
 [Times: user=1.47 sys=0.00, real=0.24 secs] 
2020-09-29T12:25:40.254+0200: 106.540: [GC pause (G1 Evacuation Pause) (young), 0.1626050 secs]
   [Parallel Time: 160.9 ms, GC Workers: 8]
      [GC Worker Start (ms): Min: 106540.2, Avg: 106540.3, Max: 106540.5, Diff: 0.3]
      [Ext Root Scanning (ms): Min: 0.0, Avg: 0.1, Max: 0.2, Diff: 0.2, Sum: 1.1]
      [Update RS (ms): Min: 18.0, Avg: 18.2, Max: 18.6, Diff: 0.7, Sum: 145.3]
         [Processed Buffers: Min: 10, Avg: 11.9, Max: 14, Diff: 4, Sum: 95]
      [Scan RS (ms): Min: 6.9, Avg: 7.4, Max: 7.7, Diff: 0.7, Sum: 59.3]
      [Code Root Scanning (ms): Min: 0.0, Avg: 0.0, Max: 0.0, Diff: 0.0, Sum: 0.0]
      [Object Copy (ms): Min: 133.4, Avg: 134.1, Max: 134.8, Diff: 1.4, Sum: 1072.9]
      [Termination (ms): Min: 0.1, Avg: 0.7, Max: 1.4, Diff: 1.4, Sum: 6.0]
         [Termination Attempts: Min: 1, Avg: 1815.8, Max: 2259, Diff: 2258, Sum: 14526]
      [GC Worker Other (ms): Min: 0.0, Avg: 0.0, Max: 0.0, Diff: 0.0, Sum: 0.2]
      [GC Worker Total (ms): Min: 160.4, Avg: 160.6, Max: 160.7, Diff: 0.3, Sum: 1284.8]
      [GC Worker End (ms): Min: 106700.9, Avg: 106700.9, Max: 106700.9, Diff: 0.1]
   [Code Root Fixup: 0.0 ms]
   [Code Root Purge: 0.0 ms]
   [Clear CT: 0.4 ms]
   [Other: 1.3 ms]
      [Choose CSet: 0.0 ms]
      [Ref Proc: 0.2 ms]
      [Ref Enq: 0.0 ms]
      [Redirty Cards: 0.4 ms]
      [Humongous Register: 0.1 ms]
      [Humongous Reclaim: 0.0 ms]
      [Free CSet: 0.2 ms]
   [Eden: 97.0M(97.0M)->0.0B(104.0M) Survivors: 18.0M->15.0M Heap: 1029.0M(2048.0M)->1030.5M(2048.0M)]
 [Times: user=1.26 sys=0.00, real=0.16 secs] 
2020-09-29T12:25:40.428+0200: 106.714: [GC pause (G1 Humongous Allocation) (young) (initial-mark), 0.0591625 secs]
   [Parallel Time: 57.5 ms, GC Workers: 8]
      [GC Worker Start (ms): Min: 106714.6, Avg: 106714.7, Max: 106714.9, Diff: 0.3]
      [Ext Root Scanning (ms): Min: 0.0, Avg: 0.3, Max: 0.4, Diff: 0.4, Sum: 2.1]
      [Update RS (ms): Min: 26.9, Avg: 27.5, Max: 28.3, Diff: 1.3, Sum: 220.2]
         [Processed Buffers: Min: 15, Avg: 16.6, Max: 19, Diff: 4, Sum: 133]
      [Scan RS (ms): Min: 1.1, Avg: 1.7, Max: 2.2, Diff: 1.1, Sum: 13.5]
      [Code Root Scanning (ms): Min: 0.0, Avg: 0.0, Max: 0.0, Diff: 0.0, Sum: 0.0]
      [Object Copy (ms): Min: 27.7, Avg: 27.8, Max: 27.9, Diff: 0.2, Sum: 222.4]
      [Termination (ms): Min: 0.0, Avg: 0.0, Max: 0.0, Diff: 0.0, Sum: 0.2]
         [Termination Attempts: Min: 1, Avg: 79.3, Max: 97, Diff: 96, Sum: 634]
      [GC Worker Other (ms): Min: 0.0, Avg: 0.0, Max: 0.0, Diff: 0.0, Sum: 0.2]
      [GC Worker Total (ms): Min: 57.2, Avg: 57.3, Max: 57.4, Diff: 0.3, Sum: 458.6]
      [GC Worker End (ms): Min: 106772.0, Avg: 106772.0, Max: 106772.0, Diff: 0.0]
   [Code Root Fixup: 0.0 ms]
   [Code Root Purge: 0.0 ms]
   [Clear CT: 0.3 ms]
   [Other: 1.3 ms]
      [Choose CSet: 0.0 ms]
      [Ref Proc: 0.5 ms]
      [Ref Enq: 0.0 ms]
      [Redirty Cards: 0.3 ms]
      [Humongous Register: 0.1 ms]
      [Humongous Reclaim: 0.0 ms]
      [Free CSet: 0.1 ms]
   [Eden: 10.0M(104.0M)->0.0B(119.0M) Survivors: 15.0M->13.0M Heap: 1040.5M(2048.0M)->1046.0M(2048.0M)]
 [Times: user=0.31 sys=0.00, real=0.06 secs] 
2020-09-29T12:25:40.487+0200: 106.774: [GC concurrent-root-region-scan-start]
2020-09-29T12:25:40.494+0200: 106.781: [GC concurrent-root-region-scan-end, 0.0070936 secs]
2020-09-29T12:25:40.494+0200: 106.781: [GC concurrent-mark-start]
2020-09-29T12:25:40.503+0200: 106.789: [GC concurrent-mark-end, 0.0067194 secs]
2020-09-29T12:25:40.503+0200: 106.789: [GC remark 2020-09-29T12:25:40.503+0200: 106.789: [Finalize Marking, 0.0003704 secs] 2020-09-29T12:25:40.503+0200: 106.790: [GC ref-proc, 0.0007637 secs] 2020-09-29T12:25:40.504+0200: 106.790: [Unloading, 0.0009104 secs], 0.0026629 secs]
 [Times: user=0.08 sys=0.00, real=0.00 secs] 
2020-09-29T12:25:40.506+0200: 106.793: [GC cleanup 1063M->45M(2048M), 0.0026173 secs]
 [Times: user=0.00 sys=0.00, real=0.00 secs] 
2020-09-29T12:25:40.509+0200: 106.795: [GC concurrent-cleanup-start]
2020-09-29T12:25:40.512+0200: 106.798: [GC concurrent-cleanup-end, 0.0029776 secs]
2020-09-29T12:25:40.642+0200: 106.928: [GC pause (G1 Evacuation Pause) (young), 0.1947401 secs]
   [Parallel Time: 192.9 ms, GC Workers: 8]
      [GC Worker Start (ms): Min: 106928.2, Avg: 106928.4, Max: 106928.5, Diff: 0.3]
      [Ext Root Scanning (ms): Min: 0.0, Avg: 0.1, Max: 0.2, Diff: 0.2, Sum: 0.9]
      [Update RS (ms): Min: 23.1, Avg: 24.5, Max: 32.5, Diff: 9.4, Sum: 195.9]
         [Processed Buffers: Min: 0, Avg: 12.0, Max: 17, Diff: 17, Sum: 96]
      [Scan RS (ms): Min: 0.0, Avg: 7.3, Max: 8.6, Diff: 8.6, Sum: 58.5]
      [Code Root Scanning (ms): Min: 0.0, Avg: 0.0, Max: 0.0, Diff: 0.0, Sum: 0.0]
      [Object Copy (ms): Min: 159.7, Avg: 160.3, Max: 160.5, Diff: 0.8, Sum: 1282.7]
      [Termination (ms): Min: 0.0, Avg: 0.1, Max: 0.2, Diff: 0.1, Sum: 0.9]
         [Termination Attempts: Min: 1, Avg: 85.8, Max: 128, Diff: 127, Sum: 686]
      [GC Worker Other (ms): Min: 0.0, Avg: 0.0, Max: 0.2, Diff: 0.2, Sum: 0.3]
      [GC Worker Total (ms): Min: 192.2, Avg: 192.4, Max: 192.6, Diff: 0.4, Sum: 1539.3]
      [GC Worker End (ms): Min: 107120.7, Avg: 107120.8, Max: 107120.9, Diff: 0.2]
   [Code Root Fixup: 0.0 ms]
   [Code Root Purge: 0.0 ms]
   [Clear CT: 0.4 ms]
   [Other: 1.4 ms]
      [Choose CSet: 0.0 ms]
      [Ref Proc: 0.2 ms]
      [Ref Enq: 0.0 ms]
      [Redirty Cards: 0.5 ms]
      [Humongous Register: 0.1 ms]
      [Humongous Reclaim: 0.0 ms]
      [Free CSet: 0.2 ms]
   [Eden: 119.0M(119.0M)->0.0B(106.0M) Survivors: 13.0M->17.0M Heap: 167.5M(2048.0M)->156.5M(2048.0M)]
 [Times: user=1.39 sys=0.02, real=0.19 secs] 
2020-09-29T12:25:40.974+0200: 107.261: [GC pause (G1 Evacuation Pause) (young), 0.1424659 secs]
   [Parallel Time: 140.8 ms, GC Workers: 8]
      [GC Worker Start (ms): Min: 107260.8, Avg: 107261.5, Max: 107262.9, Diff: 2.1]
      [Ext Root Scanning (ms): Min: 0.0, Avg: 0.1, Max: 0.3, Diff: 0.3, Sum: 1.0]
      [Update RS (ms): Min: 15.5, Avg: 17.2, Max: 18.5, Diff: 3.0, Sum: 137.7]
         [Processed Buffers: Min: 9, Avg: 10.3, Max: 12, Diff: 3, Sum: 82]
      [Scan RS (ms): Min: 8.9, Avg: 9.6, Max: 10.0, Diff: 1.1, Sum: 77.1]
      [Code Root Scanning (ms): Min: 0.0, Avg: 0.0, Max: 0.0, Diff: 0.0, Sum: 0.0]
      [Object Copy (ms): Min: 112.6, Avg: 112.7, Max: 112.8, Diff: 0.2, Sum: 901.8]
      [Termination (ms): Min: 0.0, Avg: 0.1, Max: 0.2, Diff: 0.2, Sum: 1.1]
         [Termination Attempts: Min: 1, Avg: 457.9, Max: 603, Diff: 602, Sum: 3663]
      [GC Worker Other (ms): Min: 0.0, Avg: 0.0, Max: 0.1, Diff: 0.1, Sum: 0.3]
      [GC Worker Total (ms): Min: 138.5, Avg: 139.9, Max: 140.6, Diff: 2.1, Sum: 1119.2]
      [GC Worker End (ms): Min: 107401.3, Avg: 107401.4, Max: 107401.4, Diff: 0.1]
   [Code Root Fixup: 0.0 ms]
   [Code Root Purge: 0.0 ms]
   [Clear CT: 0.3 ms]
   [Other: 1.4 ms]
      [Choose CSet: 0.0 ms]
      [Ref Proc: 0.4 ms]
      [Ref Enq: 0.0 ms]
      [Redirty Cards: 0.3 ms]
      [Humongous Register: 0.1 ms]
      [Humongous Reclaim: 0.0 ms]
      [Free CSet: 0.2 ms]
   [Eden: 106.0M(106.0M)->0.0B(116.0M) Survivors: 17.0M->16.0M Heap: 279.6M(2048.0M)->282.1M(2048.0M)]
 [Times: user=1.03 sys=0.00, real=0.14 secs] 
2020-09-29T12:25:41.261+0200: 107.548: [GC pause (G1 Evacuation Pause) (young), 0.1544669 secs]
   [Parallel Time: 152.7 ms, GC Workers: 8]
      [GC Worker Start (ms): Min: 107547.7, Avg: 107548.0, Max: 107548.9, Diff: 1.2]
      [Ext Root Scanning (ms): Min: 0.0, Avg: 0.1, Max: 0.2, Diff: 0.2, Sum: 1.0]
      [Update RS (ms): Min: 20.0, Avg: 20.4, Max: 21.2, Diff: 1.2, Sum: 163.3]
         [Processed Buffers: Min: 10, Avg: 11.3, Max: 13, Diff: 3, Sum: 90]
      [Scan RS (ms): Min: 8.6, Avg: 9.3, Max: 9.9, Diff: 1.3, Sum: 74.2]
      [Code Root Scanning (ms): Min: 0.0, Avg: 0.0, Max: 0.0, Diff: 0.0, Sum: 0.0]
      [Object Copy (ms): Min: 122.1, Avg: 122.2, Max: 122.3, Diff: 0.2, Sum: 977.9]
      [Termination (ms): Min: 0.0, Avg: 0.1, Max: 0.2, Diff: 0.2, Sum: 1.0]
         [Termination Attempts: Min: 1, Avg: 46.8, Max: 65, Diff: 64, Sum: 374]
      [GC Worker Other (ms): Min: 0.0, Avg: 0.0, Max: 0.0, Diff: 0.0, Sum: 0.2]
      [GC Worker Total (ms): Min: 151.3, Avg: 152.2, Max: 152.5, Diff: 1.2, Sum: 1217.6]
      [GC Worker End (ms): Min: 107700.1, Avg: 107700.2, Max: 107700.2, Diff: 0.1]
   [Code Root Fixup: 0.0 ms]
   [Code Root Purge: 0.0 ms]
   [Clear CT: 0.3 ms]
   [Other: 1.5 ms]
      [Choose CSet: 0.0 ms]
      [Ref Proc: 0.4 ms]
      [Ref Enq: 0.0 ms]
      [Redirty Cards: 0.4 ms]
      [Humongous Register: 0.1 ms]
      [Humongous Reclaim: 0.0 ms]
      [Free CSet: 0.2 ms]
   [Eden: 116.0M(116.0M)->0.0B(122.0M) Survivors: 16.0M->17.0M Heap: 417.2M(2048.0M)->419.7M(2048.0M)]
 [Times: user=1.22 sys=0.02, real=0.15 secs] 
2020-09-29T12:25:41.582+0200: 107.868: [GC pause (G1 Evacuation Pause) (young), 0.1540188 secs]
   [Parallel Time: 151.6 ms, GC Workers: 8]
      [GC Worker Start (ms): Min: 107868.4, Avg: 107868.4, Max: 107868.5, Diff: 0.2]
      [Ext Root Scanning (ms): Min: 0.1, Avg: 0.2, Max: 0.2, Diff: 0.2, Sum: 1.2]
      [Update RS (ms): Min: 14.7, Avg: 15.0, Max: 15.5, Diff: 0.9, Sum: 119.9]
         [Processed Buffers: Min: 9, Avg: 9.6, Max: 12, Diff: 3, Sum: 77]
      [Scan RS (ms): Min: 11.3, Avg: 11.9, Max: 12.1, Diff: 0.9, Sum: 94.8]
      [Code Root Scanning (ms): Min: 0.0, Avg: 0.0, Max: 0.0, Diff: 0.0, Sum: 0.0]
      [Object Copy (ms): Min: 123.8, Avg: 124.0, Max: 124.2, Diff: 0.4, Sum: 991.8]
      [Termination (ms): Min: 0.0, Avg: 0.2, Max: 0.3, Diff: 0.3, Sum: 2.0]
         [Termination Attempts: Min: 1, Avg: 707.4, Max: 925, Diff: 924, Sum: 5659]
      [GC Worker Other (ms): Min: 0.0, Avg: 0.0, Max: 0.1, Diff: 0.1, Sum: 0.4]
      [GC Worker Total (ms): Min: 151.2, Avg: 151.3, Max: 151.3, Diff: 0.2, Sum: 1210.2]
      [GC Worker End (ms): Min: 108019.7, Avg: 108019.7, Max: 108019.8, Diff: 0.1]
   [Code Root Fixup: 0.0 ms]
   [Code Root Purge: 0.0 ms]
   [Clear CT: 0.4 ms]
   [Other: 2.0 ms]
      [Choose CSet: 0.0 ms]
      [Ref Proc: 0.4 ms]
      [Ref Enq: 0.0 ms]
      [Redirty Cards: 1.0 ms]
      [Humongous Register: 0.1 ms]
      [Humongous Reclaim: 0.0 ms]
      [Free CSet: 0.2 ms]
   [Eden: 122.0M(122.0M)->0.0B(128.0M) Survivors: 17.0M->18.0M Heap: 562.7M(2048.0M)->564.2M(2048.0M)]
 [Times: user=1.23 sys=0.00, real=0.15 secs] 
2020-09-29T12:25:41.911+0200: 108.197: [GC pause (G1 Evacuation Pause) (young), 0.1586628 secs]
   [Parallel Time: 156.7 ms, GC Workers: 8]
      [GC Worker Start (ms): Min: 108197.6, Avg: 108197.7, Max: 108198.1, Diff: 0.6]
      [Ext Root Scanning (ms): Min: 0.0, Avg: 0.1, Max: 0.3, Diff: 0.3, Sum: 1.1]
      [Update RS (ms): Min: 18.3, Avg: 18.7, Max: 19.1, Diff: 0.8, Sum: 149.7]
         [Processed Buffers: Min: 9, Avg: 11.0, Max: 13, Diff: 4, Sum: 88]
      [Scan RS (ms): Min: 11.1, Avg: 11.5, Max: 11.7, Diff: 0.7, Sum: 91.9]
      [Code Root Scanning (ms): Min: 0.0, Avg: 0.0, Max: 0.0, Diff: 0.0, Sum: 0.0]
      [Object Copy (ms): Min: 125.8, Avg: 125.9, Max: 125.9, Diff: 0.1, Sum: 1006.9]
      [Termination (ms): Min: 0.0, Avg: 0.1, Max: 0.1, Diff: 0.1, Sum: 0.6]
         [Termination Attempts: Min: 1, Avg: 226.5, Max: 286, Diff: 285, Sum: 1812]
      [GC Worker Other (ms): Min: 0.0, Avg: 0.0, Max: 0.1, Diff: 0.0, Sum: 0.3]
      [GC Worker Total (ms): Min: 155.9, Avg: 156.3, Max: 156.5, Diff: 0.6, Sum: 1250.5]
      [GC Worker End (ms): Min: 108354.0, Avg: 108354.0, Max: 108354.1, Diff: 0.0]
   [Code Root Fixup: 0.0 ms]
   [Code Root Purge: 0.0 ms]
   [Clear CT: 0.4 ms]
   [Other: 1.5 ms]
      [Choose CSet: 0.0 ms]
      [Ref Proc: 0.3 ms]
      [Ref Enq: 0.0 ms]
      [Redirty Cards: 0.5 ms]
      [Humongous Register: 0.1 ms]
      [Humongous Reclaim: 0.0 ms]
      [Free CSet: 0.2 ms]
   [Eden: 128.0M(128.0M)->0.0B(134.0M) Survivors: 18.0M->19.0M Heap: 713.2M(2048.0M)->715.2M(2048.0M)]
 [Times: user=1.17 sys=0.02, real=0.16 secs] 
2020-09-29T12:25:42.237+0200: 108.523: [GC pause (G1 Evacuation Pause) (young), 0.1966936 secs]
   [Parallel Time: 195.0 ms, GC Workers: 8]
      [GC Worker Start (ms): Min: 108523.5, Avg: 108523.9, Max: 108524.3, Diff: 0.8]
      [Ext Root Scanning (ms): Min: 0.0, Avg: 0.1, Max: 0.3, Diff: 0.3, Sum: 1.0]
      [Update RS (ms): Min: 22.1, Avg: 22.6, Max: 23.2, Diff: 1.1, Sum: 180.5]
         [Processed Buffers: Min: 11, Avg: 12.9, Max: 16, Diff: 5, Sum: 103]
      [Scan RS (ms): Min: 12.0, Avg: 12.8, Max: 15.3, Diff: 3.3, Sum: 102.4]
      [Code Root Scanning (ms): Min: 0.0, Avg: 0.0, Max: 0.0, Diff: 0.0, Sum: 0.0]
      [Object Copy (ms): Min: 156.1, Avg: 158.9, Max: 159.4, Diff: 3.3, Sum: 1270.9]
      [Termination (ms): Min: 0.0, Avg: 0.1, Max: 0.1, Diff: 0.1, Sum: 0.6]
         [Termination Attempts: Min: 1, Avg: 211.9, Max: 280, Diff: 279, Sum: 1695]
      [GC Worker Other (ms): Min: 0.0, Avg: 0.1, Max: 0.1, Diff: 0.1, Sum: 0.5]
      [GC Worker Total (ms): Min: 194.0, Avg: 194.5, Max: 194.9, Diff: 0.8, Sum: 1555.9]
      [GC Worker End (ms): Min: 108718.3, Avg: 108718.3, Max: 108718.4, Diff: 0.1]
   [Code Root Fixup: 0.0 ms]
   [Code Root Purge: 0.0 ms]
   [Clear CT: 0.3 ms]
   [Other: 1.3 ms]
      [Choose CSet: 0.0 ms]
      [Ref Proc: 0.3 ms]
      [Ref Enq: 0.0 ms]
      [Redirty Cards: 0.3 ms]
      [Humongous Register: 0.1 ms]
      [Humongous Reclaim: 0.0 ms]
      [Free CSet: 0.2 ms]
   [Eden: 134.0M(134.0M)->0.0B(129.0M) Survivors: 19.0M->20.0M Heap: 872.1M(2048.0M)->874.1M(2048.0M)]
 [Times: user=1.39 sys=0.00, real=0.20 secs] 
2020-09-29T12:25:42.601+0200: 108.888: [GC pause (G1 Evacuation Pause) (young), 0.1618195 secs]
   [Parallel Time: 159.8 ms, GC Workers: 8]
      [GC Worker Start (ms): Min: 108888.1, Avg: 108888.2, Max: 108888.3, Diff: 0.2]
      [Ext Root Scanning (ms): Min: 0.1, Avg: 0.1, Max: 0.2, Diff: 0.2, Sum: 1.1]
      [Update RS (ms): Min: 16.0, Avg: 16.5, Max: 17.3, Diff: 1.3, Sum: 132.3]
         [Processed Buffers: Min: 9, Avg: 10.0, Max: 12, Diff: 3, Sum: 80]
      [Scan RS (ms): Min: 11.8, Avg: 12.5, Max: 13.0, Diff: 1.3, Sum: 99.7]
      [Code Root Scanning (ms): Min: 0.0, Avg: 0.0, Max: 0.0, Diff: 0.0, Sum: 0.0]
      [Object Copy (ms): Min: 130.2, Avg: 130.2, Max: 130.3, Diff: 0.2, Sum: 1042.0]
      [Termination (ms): Min: 0.0, Avg: 0.0, Max: 0.0, Diff: 0.0, Sum: 0.1]
         [Termination Attempts: Min: 1, Avg: 34.1, Max: 47, Diff: 46, Sum: 273]
      [GC Worker Other (ms): Min: 0.0, Avg: 0.0, Max: 0.1, Diff: 0.0, Sum: 0.3]
      [GC Worker Total (ms): Min: 159.3, Avg: 159.4, Max: 159.5, Diff: 0.2, Sum: 1275.5]
      [GC Worker End (ms): Min: 109047.6, Avg: 109047.7, Max: 109047.7, Diff: 0.0]
   [Code Root Fixup: 0.0 ms]
   [Code Root Purge: 0.0 ms]
   [Clear CT: 0.4 ms]
   [Other: 1.7 ms]
      [Choose CSet: 0.0 ms]
      [Ref Proc: 0.4 ms]
      [Ref Enq: 0.0 ms]
      [Redirty Cards: 0.7 ms]
      [Humongous Register: 0.1 ms]
      [Humongous Reclaim: 0.0 ms]
      [Free CSet: 0.2 ms]
   [Eden: 129.0M(129.0M)->0.0B(135.0M) Survivors: 20.0M->19.0M Heap: 1024.1M(2048.0M)->1025.6M(2048.0M)]
 [Times: user=1.17 sys=0.01, real=0.16 secs] 
2020-09-29T12:25:42.774+0200: 109.060: [GC pause (G1 Humongous Allocation) (young) (initial-mark), 0.0889603 secs]
   [Parallel Time: 86.9 ms, GC Workers: 8]
      [GC Worker Start (ms): Min: 109060.6, Avg: 109060.7, Max: 109060.9, Diff: 0.3]
      [Ext Root Scanning (ms): Min: 0.0, Avg: 2.1, Max: 11.4, Diff: 11.4, Sum: 17.0]
      [Update RS (ms): Min: 27.9, Avg: 38.3, Max: 42.5, Diff: 14.6, Sum: 306.2]
         [Processed Buffers: Min: 10, Avg: 19.6, Max: 24, Diff: 14, Sum: 157]
      [Scan RS (ms): Min: 0.0, Avg: 2.8, Max: 3.7, Diff: 3.7, Sum: 22.0]
      [Code Root Scanning (ms): Min: 0.0, Avg: 0.0, Max: 0.0, Diff: 0.0, Sum: 0.0]
      [Object Copy (ms): Min: 43.0, Avg: 43.1, Max: 43.3, Diff: 0.3, Sum: 344.9]
      [Termination (ms): Min: 0.0, Avg: 0.2, Max: 0.3, Diff: 0.3, Sum: 1.5]
         [Termination Attempts: Min: 1, Avg: 375.5, Max: 557, Diff: 556, Sum: 3004]
      [GC Worker Other (ms): Min: 0.0, Avg: 0.0, Max: 0.0, Diff: 0.0, Sum: 0.1]
      [GC Worker Total (ms): Min: 86.3, Avg: 86.5, Max: 86.6, Diff: 0.4, Sum: 691.7]
      [GC Worker End (ms): Min: 109147.1, Avg: 109147.2, Max: 109147.2, Diff: 0.0]
   [Code Root Fixup: 0.0 ms]
   [Code Root Purge: 0.0 ms]
   [Clear CT: 0.5 ms]
   [Other: 1.6 ms]
      [Choose CSet: 0.0 ms]
      [Ref Proc: 0.5 ms]
      [Ref Enq: 0.0 ms]
      [Redirty Cards: 0.4 ms]
      [Humongous Register: 0.1 ms]
      [Humongous Reclaim: 0.0 ms]
      [Free CSet: 0.1 ms]
   [Eden: 5120.0K(135.0M)->0.0B(109.0M) Survivors: 19.0M->6144.0K Heap: 1030.1M(2048.0M)->1033.6M(2048.0M)]
 [Times: user=0.51 sys=0.00, real=0.09 secs] 
2020-09-29T12:25:42.863+0200: 109.150: [GC concurrent-root-region-scan-start]
2020-09-29T12:25:42.868+0200: 109.154: [GC concurrent-root-region-scan-end, 0.0046220 secs]
2020-09-29T12:25:42.868+0200: 109.154: [GC concurrent-mark-start]
2020-09-29T12:25:42.876+0200: 109.162: [GC concurrent-mark-end, 0.0078134 secs]
2020-09-29T12:25:42.876+0200: 109.163: [GC remark 2020-09-29T12:25:42.876+0200: 109.163: [Finalize Marking, 0.0004215 secs] 2020-09-29T12:25:42.876+0200: 109.163: [GC ref-proc, 0.0007587 secs] 2020-09-29T12:25:42.877+0200: 109.164: [Unloading, 0.0010181 secs], 0.0028901 secs]
 [Times: user=0.00 sys=0.00, real=0.00 secs] 
2020-09-29T12:25:42.880+0200: 109.166: [GC cleanup 1045M->32M(2048M), 0.0036931 secs]
 [Times: user=0.00 sys=0.00, real=0.00 secs] 
2020-09-29T12:25:42.884+0200: 109.170: [GC concurrent-cleanup-start]
2020-09-29T12:25:42.888+0200: 109.175: [GC concurrent-cleanup-end, 0.0049218 secs]
2020-09-29T12:25:43.002+0200: 109.288: [GC pause (G1 Evacuation Pause) (young), 0.1786089 secs]
   [Parallel Time: 176.7 ms, GC Workers: 8]
      [GC Worker Start (ms): Min: 109288.0, Avg: 109288.1, Max: 109288.2, Diff: 0.2]
      [Ext Root Scanning (ms): Min: 0.1, Avg: 0.1, Max: 0.2, Diff: 0.2, Sum: 1.1]
      [Update RS (ms): Min: 19.4, Avg: 20.7, Max: 28.6, Diff: 9.2, Sum: 165.7]
         [Processed Buffers: Min: 0, Avg: 10.4, Max: 14, Diff: 14, Sum: 83]
      [Scan RS (ms): Min: 0.0, Avg: 7.8, Max: 9.2, Diff: 9.2, Sum: 62.8]
      [Code Root Scanning (ms): Min: 0.0, Avg: 0.0, Max: 0.0, Diff: 0.0, Sum: 0.0]
      [Object Copy (ms): Min: 147.1, Avg: 147.2, Max: 147.4, Diff: 0.3, Sum: 1177.8]
      [Termination (ms): Min: 0.0, Avg: 0.3, Max: 0.3, Diff: 0.3, Sum: 2.1]
         [Termination Attempts: Min: 1, Avg: 845.4, Max: 1113, Diff: 1112, Sum: 6763]
      [GC Worker Other (ms): Min: 0.0, Avg: 0.0, Max: 0.1, Diff: 0.1, Sum: 0.4]
      [GC Worker Total (ms): Min: 176.2, Avg: 176.2, Max: 176.4, Diff: 0.2, Sum: 1409.9]
      [GC Worker End (ms): Min: 109464.4, Avg: 109464.4, Max: 109464.4, Diff: 0.1]
   [Code Root Fixup: 0.0 ms]
   [Code Root Purge: 0.0 ms]
   [Clear CT: 0.5 ms]
   [Other: 1.5 ms]
      [Choose CSet: 0.0 ms]
      [Ref Proc: 0.3 ms]
      [Ref Enq: 0.0 ms]
      [Redirty Cards: 0.5 ms]
      [Humongous Register: 0.1 ms]
      [Humongous Reclaim: 0.0 ms]
      [Free CSet: 0.2 ms]
   [Eden: 109.0M(109.0M)->0.0B(100.0M) Survivors: 6144.0K->15.0M Heap: 149.1M(2048.0M)->145.1M(2048.0M)]
 [Times: user=1.22 sys=0.00, real=0.18 secs] 
2020-09-29T12:25:43.368+0200: 109.655: [GC pause (G1 Evacuation Pause) (young), 0.3158934 secs]
   [Parallel Time: 312.8 ms, GC Workers: 8]
      [GC Worker Start (ms): Min: 109655.3, Avg: 109655.5, Max: 109655.8, Diff: 0.5]
      [Ext Root Scanning (ms): Min: 0.0, Avg: 0.3, Max: 0.5, Diff: 0.4, Sum: 2.1]
      [Update RS (ms): Min: 34.4, Avg: 35.5, Max: 39.5, Diff: 5.0, Sum: 284.2]
         [Processed Buffers: Min: 8, Avg: 9.4, Max: 12, Diff: 4, Sum: 75]
      [Scan RS (ms): Min: 22.1, Avg: 26.0, Max: 27.0, Diff: 4.9, Sum: 207.8]
      [Code Root Scanning (ms): Min: 0.0, Avg: 0.0, Max: 0.0, Diff: 0.0, Sum: 0.0]
      [Object Copy (ms): Min: 249.8, Avg: 250.0, Max: 250.5, Diff: 0.7, Sum: 2000.2]
      [Termination (ms): Min: 0.0, Avg: 0.3, Max: 0.5, Diff: 0.5, Sum: 2.8]
         [Termination Attempts: Min: 1, Avg: 372.8, Max: 528, Diff: 527, Sum: 2982]
      [GC Worker Other (ms): Min: 0.0, Avg: 0.0, Max: 0.0, Diff: 0.0, Sum: 0.2]
      [GC Worker Total (ms): Min: 311.9, Avg: 312.2, Max: 312.4, Diff: 0.5, Sum: 2497.4]
      [GC Worker End (ms): Min: 109967.7, Avg: 109967.7, Max: 109967.7, Diff: 0.1]
   [Code Root Fixup: 0.0 ms]
   [Code Root Purge: 0.0 ms]
   [Clear CT: 0.6 ms]
   [Other: 2.5 ms]
      [Choose CSet: 0.0 ms]
      [Ref Proc: 0.7 ms]
      [Ref Enq: 0.0 ms]
      [Redirty Cards: 0.7 ms]
      [Humongous Register: 0.2 ms]
      [Humongous Reclaim: 0.0 ms]
      [Free CSet: 0.4 ms]
   [Eden: 100.0M(100.0M)->0.0B(87.0M) Survivors: 15.0M->15.0M Heap: 262.2M(2048.0M)->263.7M(2048.0M)]
 [Times: user=2.06 sys=0.02, real=0.32 secs] 
2020-09-29T12:25:44.093+0200: 110.379: [GC pause (G1 Evacuation Pause) (young), 0.2858434 secs]
   [Parallel Time: 282.5 ms, GC Workers: 8]
      [GC Worker Start (ms): Min: 110379.8, Avg: 110380.1, Max: 110380.3, Diff: 0.6]
      [Ext Root Scanning (ms): Min: 0.0, Avg: 0.2, Max: 0.5, Diff: 0.5, Sum: 1.3]
      [Update RS (ms): Min: 32.1, Avg: 33.8, Max: 34.9, Diff: 2.7, Sum: 270.3]
         [Processed Buffers: Min: 6, Avg: 8.6, Max: 11, Diff: 5, Sum: 69]
      [Scan RS (ms): Min: 17.5, Avg: 19.1, Max: 22.3, Diff: 4.7, Sum: 153.1]
      [Code Root Scanning (ms): Min: 0.0, Avg: 0.0, Max: 0.0, Diff: 0.0, Sum: 0.0]
      [Object Copy (ms): Min: 227.0, Avg: 228.5, Max: 229.1, Diff: 2.2, Sum: 1828.2]
      [Termination (ms): Min: 0.1, Avg: 0.3, Max: 0.5, Diff: 0.4, Sum: 2.6]
         [Termination Attempts: Min: 1, Avg: 114.3, Max: 169, Diff: 168, Sum: 914]
      [GC Worker Other (ms): Min: 0.0, Avg: 0.0, Max: 0.1, Diff: 0.0, Sum: 0.3]
      [GC Worker Total (ms): Min: 281.7, Avg: 282.0, Max: 282.3, Diff: 0.6, Sum: 2255.7]
      [GC Worker End (ms): Min: 110662.0, Avg: 110662.1, Max: 110662.1, Diff: 0.1]
   [Code Root Fixup: 0.0 ms]
   [Code Root Purge: 0.0 ms]
   [Clear CT: 0.7 ms]
   [Other: 2.7 ms]
      [Choose CSet: 0.0 ms]
      [Ref Proc: 1.0 ms]
      [Ref Enq: 0.0 ms]
      [Redirty Cards: 0.7 ms]
      [Humongous Register: 0.1 ms]
      [Humongous Reclaim: 0.0 ms]
      [Free CSet: 0.3 ms]
   [Eden: 87.0M(87.0M)->0.0B(89.0M) Survivors: 15.0M->13.0M Heap: 364.1M(2048.0M)->366.1M(2048.0M)]
 [Times: user=1.66 sys=0.06, real=0.29 secs] 
2020-09-29T12:25:44.670+0200: 110.956: [GC pause (G1 Evacuation Pause) (young), 0.2479474 secs]
   [Parallel Time: 245.0 ms, GC Workers: 8]
      [GC Worker Start (ms): Min: 110956.8, Avg: 110956.9, Max: 110957.1, Diff: 0.3]
      [Ext Root Scanning (ms): Min: 0.1, Avg: 0.3, Max: 0.4, Diff: 0.3, Sum: 2.2]
      [Update RS (ms): Min: 21.6, Avg: 21.8, Max: 22.3, Diff: 0.7, Sum: 174.1]
         [Processed Buffers: Min: 6, Avg: 7.0, Max: 9, Diff: 3, Sum: 56]
      [Scan RS (ms): Min: 22.2, Avg: 23.2, Max: 25.4, Diff: 3.2, Sum: 185.4]
      [Code Root Scanning (ms): Min: 0.0, Avg: 0.0, Max: 0.0, Diff: 0.0, Sum: 0.0]
      [Object Copy (ms): Min: 195.9, Avg: 198.0, Max: 198.5, Diff: 2.5, Sum: 1584.4]
      [Termination (ms): Min: 0.0, Avg: 0.3, Max: 0.5, Diff: 0.5, Sum: 2.1]
         [Termination Attempts: Min: 1, Avg: 198.4, Max: 240, Diff: 239, Sum: 1587]
      [GC Worker Other (ms): Min: 0.0, Avg: 0.1, Max: 0.2, Diff: 0.2, Sum: 0.5]
      [GC Worker Total (ms): Min: 243.4, Avg: 243.6, Max: 244.0, Diff: 0.6, Sum: 1948.7]
      [GC Worker End (ms): Min: 111200.4, Avg: 111200.5, Max: 111200.9, Diff: 0.5]
   [Code Root Fixup: 0.0 ms]
   [Code Root Purge: 0.0 ms]
   [Clear CT: 0.6 ms]
   [Other: 2.3 ms]
      [Choose CSet: 0.0 ms]
      [Ref Proc: 0.8 ms]
      [Ref Enq: 0.0 ms]
      [Redirty Cards: 0.6 ms]
      [Humongous Register: 0.2 ms]
      [Humongous Reclaim: 0.0 ms]
      [Free CSet: 0.3 ms]
   [Eden: 89.0M(89.0M)->0.0B(89.0M) Survivors: 13.0M->13.0M Heap: 470.4M(2048.0M)->472.4M(2048.0M)]
 [Times: user=1.73 sys=0.01, real=0.25 secs] 
2020-09-29T12:25:45.223+0200: 111.510: [GC pause (G1 Evacuation Pause) (young), 0.2555988 secs]
   [Parallel Time: 252.6 ms, GC Workers: 8]
      [GC Worker Start (ms): Min: 111509.9, Avg: 111510.1, Max: 111510.3, Diff: 0.4]
      [Ext Root Scanning (ms): Min: 0.1, Avg: 0.5, Max: 1.6, Diff: 1.5, Sum: 3.6]
      [Update RS (ms): Min: 21.3, Avg: 21.9, Max: 22.4, Diff: 1.1, Sum: 175.1]
         [Processed Buffers: Min: 6, Avg: 7.1, Max: 9, Diff: 3, Sum: 57]
      [Scan RS (ms): Min: 18.3, Avg: 19.1, Max: 19.9, Diff: 1.6, Sum: 152.8]
      [Code Root Scanning (ms): Min: 0.0, Avg: 0.0, Max: 0.0, Diff: 0.0, Sum: 0.0]
      [Object Copy (ms): Min: 208.5, Avg: 210.4, Max: 211.0, Diff: 2.5, Sum: 1683.1]
      [Termination (ms): Min: 0.1, Avg: 0.4, Max: 1.4, Diff: 1.3, Sum: 3.2]
         [Termination Attempts: Min: 1, Avg: 227.5, Max: 385, Diff: 384, Sum: 1820]
      [GC Worker Other (ms): Min: 0.0, Avg: 0.0, Max: 0.0, Diff: 0.0, Sum: 0.3]
      [GC Worker Total (ms): Min: 252.1, Avg: 252.3, Max: 252.4, Diff: 0.3, Sum: 2018.0]
      [GC Worker End (ms): Min: 111762.3, Avg: 111762.3, Max: 111762.3, Diff: 0.0]
   [Code Root Fixup: 0.0 ms]
   [Code Root Purge: 0.0 ms]
   [Clear CT: 0.7 ms]
   [Other: 2.3 ms]
      [Choose CSet: 0.0 ms]
      [Ref Proc: 0.8 ms]
      [Ref Enq: 0.0 ms]
      [Redirty Cards: 0.7 ms]
      [Humongous Register: 0.2 ms]
      [Humongous Reclaim: 0.0 ms]
      [Free CSet: 0.3 ms]
   [Eden: 89.0M(89.0M)->0.0B(89.0M) Survivors: 13.0M->13.0M Heap: 576.6M(2048.0M)->578.1M(2048.0M)]
 [Times: user=1.75 sys=0.00, real=0.26 secs] 
2020-09-29T12:25:45.786+0200: 112.072: [GC pause (G1 Evacuation Pause) (young), 0.2513677 secs]
   [Parallel Time: 248.5 ms, GC Workers: 8]
      [GC Worker Start (ms): Min: 112072.6, Avg: 112073.2, Max: 112074.4, Diff: 1.8]
      [Ext Root Scanning (ms): Min: 0.0, Avg: 0.2, Max: 0.4, Diff: 0.4, Sum: 1.9]
      [Update RS (ms): Min: 25.7, Avg: 26.4, Max: 28.1, Diff: 2.4, Sum: 211.0]
         [Processed Buffers: Min: 2, Avg: 8.0, Max: 11, Diff: 9, Sum: 64]
      [Scan RS (ms): Min: 19.4, Avg: 20.6, Max: 21.4, Diff: 2.1, Sum: 164.8]
      [Code Root Scanning (ms): Min: 0.0, Avg: 0.0, Max: 0.0, Diff: 0.0, Sum: 0.0]
      [Object Copy (ms): Min: 199.9, Avg: 200.1, Max: 200.2, Diff: 0.3, Sum: 1600.6]
      [Termination (ms): Min: 0.0, Avg: 0.0, Max: 0.1, Diff: 0.1, Sum: 0.3]
         [Termination Attempts: Min: 1, Avg: 62.3, Max: 89, Diff: 88, Sum: 498]
      [GC Worker Other (ms): Min: 0.0, Avg: 0.1, Max: 0.1, Diff: 0.1, Sum: 0.5]
      [GC Worker Total (ms): Min: 246.3, Avg: 247.4, Max: 248.0, Diff: 1.8, Sum: 1979.2]
      [GC Worker End (ms): Min: 112320.6, Avg: 112320.6, Max: 112320.7, Diff: 0.1]
   [Code Root Fixup: 0.0 ms]
   [Code Root Purge: 0.0 ms]
   [Clear CT: 0.6 ms]
   [Other: 2.3 ms]
      [Choose CSet: 0.0 ms]
      [Ref Proc: 0.7 ms]
      [Ref Enq: 0.0 ms]
      [Redirty Cards: 0.6 ms]
      [Humongous Register: 0.2 ms]
      [Humongous Reclaim: 0.0 ms]
      [Free CSet: 0.4 ms]
   [Eden: 89.0M(89.0M)->0.0B(89.0M) Survivors: 13.0M->13.0M Heap: 682.4M(2048.0M)->683.4M(2048.0M)]
 [Times: user=1.67 sys=0.03, real=0.25 secs] 
2020-09-29T12:25:46.279+0200: 112.566: [GC pause (G1 Evacuation Pause) (young), 0.2329071 secs]
   [Parallel Time: 230.0 ms, GC Workers: 8]
      [GC Worker Start (ms): Min: 112566.0, Avg: 112566.3, Max: 112566.5, Diff: 0.5]
      [Ext Root Scanning (ms): Min: 0.0, Avg: 0.2, Max: 0.4, Diff: 0.4, Sum: 1.8]
      [Update RS (ms): Min: 13.2, Avg: 13.6, Max: 14.2, Diff: 1.1, Sum: 108.8]
         [Processed Buffers: Min: 4, Avg: 4.3, Max: 6, Diff: 2, Sum: 34]
      [Scan RS (ms): Min: 21.6, Avg: 22.4, Max: 23.0, Diff: 1.4, Sum: 178.9]
      [Code Root Scanning (ms): Min: 0.0, Avg: 0.0, Max: 0.0, Diff: 0.0, Sum: 0.0]
      [Object Copy (ms): Min: 192.8, Avg: 193.0, Max: 193.2, Diff: 0.4, Sum: 1544.4]
      [Termination (ms): Min: 0.0, Avg: 0.0, Max: 0.0, Diff: 0.0, Sum: 0.1]
         [Termination Attempts: Min: 1, Avg: 22.4, Max: 33, Diff: 32, Sum: 179]
      [GC Worker Other (ms): Min: 0.0, Avg: 0.1, Max: 0.1, Diff: 0.1, Sum: 0.5]
      [GC Worker Total (ms): Min: 229.0, Avg: 229.3, Max: 229.6, Diff: 0.5, Sum: 1834.6]
      [GC Worker End (ms): Min: 112795.5, Avg: 112795.6, Max: 112795.6, Diff: 0.1]
   [Code Root Fixup: 0.0 ms]
   [Code Root Purge: 0.0 ms]
   [Clear CT: 0.6 ms]
   [Other: 2.3 ms]
      [Choose CSet: 0.0 ms]
      [Ref Proc: 0.8 ms]
      [Ref Enq: 0.0 ms]
      [Redirty Cards: 0.7 ms]
      [Humongous Register: 0.1 ms]
      [Humongous Reclaim: 0.0 ms]
      [Free CSet: 0.3 ms]
   [Eden: 89.0M(89.0M)->0.0B(89.0M) Survivors: 13.0M->13.0M Heap: 785.7M(2048.0M)->786.7M(2048.0M)]
 [Times: user=1.67 sys=0.00, real=0.23 secs] 
2020-09-29T12:25:46.762+0200: 113.049: [GC pause (G1 Evacuation Pause) (young), 0.2685540 secs]
   [Parallel Time: 265.5 ms, GC Workers: 8]
      [GC Worker Start (ms): Min: 113049.0, Avg: 113049.3, Max: 113050.3, Diff: 1.3]
      [Ext Root Scanning (ms): Min: 0.0, Avg: 0.2, Max: 0.4, Diff: 0.4, Sum: 1.8]
      [Update RS (ms): Min: 20.6, Avg: 21.4, Max: 22.3, Diff: 1.6, Sum: 171.2]
         [Processed Buffers: Min: 4, Avg: 6.5, Max: 8, Diff: 4, Sum: 52]
      [Scan RS (ms): Min: 21.6, Avg: 24.2, Max: 35.6, Diff: 14.0, Sum: 193.7]
      [Code Root Scanning (ms): Min: 0.0, Avg: 0.0, Max: 0.0, Diff: 0.0, Sum: 0.0]
      [Object Copy (ms): Min: 208.1, Avg: 219.1, Max: 221.3, Diff: 13.2, Sum: 1752.5]
      [Termination (ms): Min: 0.0, Avg: 0.1, Max: 0.2, Diff: 0.2, Sum: 1.0]
         [Termination Attempts: Min: 1, Avg: 220.9, Max: 286, Diff: 285, Sum: 1767]
      [GC Worker Other (ms): Min: 0.0, Avg: 0.1, Max: 0.1, Diff: 0.1, Sum: 0.4]
      [GC Worker Total (ms): Min: 264.1, Avg: 265.1, Max: 265.4, Diff: 1.3, Sum: 2120.6]
      [GC Worker End (ms): Min: 113314.4, Avg: 113314.4, Max: 113314.5, Diff: 0.1]
   [Code Root Fixup: 0.0 ms]
   [Code Root Purge: 0.0 ms]
   [Clear CT: 0.6 ms]
   [Other: 2.4 ms]
      [Choose CSet: 0.0 ms]
      [Ref Proc: 0.7 ms]
      [Ref Enq: 0.0 ms]
      [Redirty Cards: 0.7 ms]
      [Humongous Register: 0.2 ms]
      [Humongous Reclaim: 0.0 ms]
      [Free CSet: 0.4 ms]
   [Eden: 89.0M(89.0M)->0.0B(89.0M) Survivors: 13.0M->13.0M Heap: 891.0M(2048.0M)->893.0M(2048.0M)]
 [Times: user=1.83 sys=0.05, real=0.27 secs] 
2020-09-29T12:25:47.313+0200: 113.599: [GC pause (G1 Evacuation Pause) (young), 0.2375705 secs]
   [Parallel Time: 234.4 ms, GC Workers: 8]
      [GC Worker Start (ms): Min: 113599.8, Avg: 113600.0, Max: 113600.6, Diff: 0.8]
      [Ext Root Scanning (ms): Min: 0.0, Avg: 0.3, Max: 0.4, Diff: 0.4, Sum: 2.1]
      [Update RS (ms): Min: 11.8, Avg: 12.7, Max: 13.3, Diff: 1.4, Sum: 101.3]
         [Processed Buffers: Min: 4, Avg: 4.6, Max: 7, Diff: 3, Sum: 37]
      [Scan RS (ms): Min: 22.3, Avg: 23.1, Max: 24.1, Diff: 1.8, Sum: 184.9]
      [Code Root Scanning (ms): Min: 0.0, Avg: 0.0, Max: 0.0, Diff: 0.0, Sum: 0.0]
      [Object Copy (ms): Min: 196.2, Avg: 197.0, Max: 197.3, Diff: 1.1, Sum: 1575.8]
      [Termination (ms): Min: 0.2, Avg: 0.4, Max: 0.7, Diff: 0.5, Sum: 3.4]
         [Termination Attempts: Min: 1, Avg: 134.9, Max: 186, Diff: 185, Sum: 1079]
      [GC Worker Other (ms): Min: 0.0, Avg: 0.0, Max: 0.0, Diff: 0.0, Sum: 0.2]
      [GC Worker Total (ms): Min: 233.0, Avg: 233.5, Max: 233.8, Diff: 0.9, Sum: 1867.9]
      [GC Worker End (ms): Min: 113833.3, Avg: 113833.5, Max: 113833.8, Diff: 0.5]
   [Code Root Fixup: 0.0 ms]
   [Code Root Purge: 0.0 ms]
   [Clear CT: 0.9 ms]
   [Other: 2.4 ms]
      [Choose CSet: 0.0 ms]
      [Ref Proc: 0.8 ms]
      [Ref Enq: 0.0 ms]
      [Redirty Cards: 0.6 ms]
      [Humongous Register: 0.2 ms]
      [Humongous Reclaim: 0.0 ms]
      [Free CSet: 0.3 ms]
   [Eden: 89.0M(89.0M)->0.0B(89.0M) Survivors: 13.0M->13.0M Heap: 997.2M(2048.0M)->1000.2M(2048.0M)]
 [Times: user=1.55 sys=0.01, real=0.24 secs] 
2020-09-29T12:25:47.583+0200: 113.869: [GC pause (G1 Humongous Allocation) (young) (initial-mark), 0.0731202 secs]
   [Parallel Time: 68.9 ms, GC Workers: 8]
      [GC Worker Start (ms): Min: 113869.6, Avg: 113869.7, Max: 113869.9, Diff: 0.3]
      [Ext Root Scanning (ms): Min: 0.1, Avg: 0.3, Max: 0.5, Diff: 0.3, Sum: 2.3]
      [Update RS (ms): Min: 22.4, Avg: 23.0, Max: 24.1, Diff: 1.7, Sum: 184.3]
         [Processed Buffers: Min: 6, Avg: 7.6, Max: 9, Diff: 3, Sum: 61]
      [Scan RS (ms): Min: 2.0, Avg: 3.1, Max: 3.7, Diff: 1.6, Sum: 25.0]
      [Code Root Scanning (ms): Min: 0.0, Avg: 0.0, Max: 0.0, Diff: 0.0, Sum: 0.0]
      [Object Copy (ms): Min: 41.7, Avg: 41.8, Max: 41.9, Diff: 0.2, Sum: 334.1]
      [Termination (ms): Min: 0.0, Avg: 0.0, Max: 0.1, Diff: 0.1, Sum: 0.3]
         [Termination Attempts: Min: 1, Avg: 69.0, Max: 89, Diff: 88, Sum: 552]
      [GC Worker Other (ms): Min: 0.0, Avg: 0.0, Max: 0.1, Diff: 0.0, Sum: 0.3]
      [GC Worker Total (ms): Min: 68.2, Avg: 68.3, Max: 68.5, Diff: 0.3, Sum: 546.5]
      [GC Worker End (ms): Min: 113938.0, Avg: 113938.1, Max: 113938.1, Diff: 0.0]
   [Code Root Fixup: 0.0 ms]
   [Code Root Purge: 0.0 ms]
   [Clear CT: 0.6 ms]
   [Other: 3.7 ms]
      [Choose CSet: 0.0 ms]
      [Ref Proc: 1.8 ms]
      [Ref Enq: 0.0 ms]
      [Redirty Cards: 1.0 ms]
      [Humongous Register: 0.1 ms]
      [Humongous Reclaim: 0.0 ms]
      [Free CSet: 0.2 ms]
   [Eden: 6144.0K(89.0M)->0.0B(94.0M) Survivors: 13.0M->8192.0K Heap: 1005.7M(2048.0M)->1009.2M(2048.0M)]
 [Times: user=0.45 sys=0.00, real=0.07 secs] 
2020-09-29T12:25:47.657+0200: 113.943: [GC concurrent-root-region-scan-start]
2020-09-29T12:25:47.665+0200: 113.951: [GC concurrent-root-region-scan-end, 0.0083899 secs]
2020-09-29T12:25:47.665+0200: 113.951: [GC concurrent-mark-start]
2020-09-29T12:25:47.678+0200: 113.964: [GC concurrent-mark-end, 0.0120616 secs]
2020-09-29T12:25:47.679+0200: 113.965: [GC remark 2020-09-29T12:25:47.679+0200: 113.965: [Finalize Marking, 0.0010010 secs] 2020-09-29T12:25:47.680+0200: 113.966: [GC ref-proc, 0.0014205 secs] 2020-09-29T12:25:47.682+0200: 113.968: [Unloading, 0.0017954 secs], 0.0051437 secs]
 [Times: user=0.00 sys=0.00, real=0.01 secs] 
2020-09-29T12:25:47.686+0200: 113.972: [GC cleanup 1021M->34M(2048M), 0.0048523 secs]
 [Times: user=0.00 sys=0.00, real=0.00 secs] 
2020-09-29T12:25:47.691+0200: 113.977: [GC concurrent-cleanup-start]
2020-09-29T12:25:47.696+0200: 113.982: [GC concurrent-cleanup-end, 0.0051565 secs]
2020-09-29T12:25:47.985+0200: 114.272: [GC pause (G1 Evacuation Pause) (young), 0.2495091 secs]
   [Parallel Time: 246.4 ms, GC Workers: 8]
      [GC Worker Start (ms): Min: 114272.0, Avg: 114272.6, Max: 114275.6, Diff: 3.6]
      [Ext Root Scanning (ms): Min: 0.0, Avg: 0.3, Max: 0.4, Diff: 0.4, Sum: 2.2]
      [Update RS (ms): Min: 10.5, Avg: 13.6, Max: 15.3, Diff: 4.8, Sum: 109.0]
         [Processed Buffers: Min: 4, Avg: 5.4, Max: 7, Diff: 3, Sum: 43]
      [Scan RS (ms): Min: 20.8, Avg: 21.6, Max: 22.8, Diff: 2.1, Sum: 173.0]
      [Code Root Scanning (ms): Min: 0.0, Avg: 0.0, Max: 0.0, Diff: 0.0, Sum: 0.0]
      [Object Copy (ms): Min: 208.6, Avg: 209.4, Max: 209.9, Diff: 1.3, Sum: 1675.5]
      [Termination (ms): Min: 0.0, Avg: 0.3, Max: 0.5, Diff: 0.5, Sum: 2.4]
         [Termination Attempts: Min: 1, Avg: 515.0, Max: 659, Diff: 658, Sum: 4120]
      [GC Worker Other (ms): Min: 0.0, Avg: 0.1, Max: 0.1, Diff: 0.1, Sum: 0.7]
      [GC Worker Total (ms): Min: 242.4, Avg: 245.3, Max: 245.9, Diff: 3.5, Sum: 1962.8]
      [GC Worker End (ms): Min: 114517.9, Avg: 114517.9, Max: 114518.0, Diff: 0.1]
   [Code Root Fixup: 0.0 ms]
   [Code Root Purge: 0.0 ms]
   [Clear CT: 0.7 ms]
   [Other: 2.5 ms]
      [Choose CSet: 0.0 ms]
      [Ref Proc: 0.7 ms]
      [Ref Enq: 0.0 ms]
      [Redirty Cards: 0.7 ms]
      [Humongous Register: 0.1 ms]
      [Humongous Reclaim: 0.0 ms]
      [Free CSet: 0.3 ms]
   [Eden: 94.0M(94.0M)->0.0B(89.0M) Survivors: 8192.0K->13.0M Heap: 133.7M(2048.0M)->128.2M(2048.0M)]
 [Times: user=1.72 sys=0.00, real=0.25 secs] 
2020-09-29T12:25:48.363+0200: 114.649: [GC pause (G1 Evacuation Pause) (young), 0.0874791 secs]
   [Parallel Time: 86.5 ms, GC Workers: 8]
      [GC Worker Start (ms): Min: 114649.2, Avg: 114649.3, Max: 114649.4, Diff: 0.2]
      [Ext Root Scanning (ms): Min: 0.0, Avg: 0.1, Max: 0.1, Diff: 0.1, Sum: 0.6]
      [Update RS (ms): Min: 5.0, Avg: 8.6, Max: 32.0, Diff: 27.0, Sum: 68.8]
         [Processed Buffers: Min: 0, Avg: 4.5, Max: 6, Diff: 6, Sum: 36]
      [Scan RS (ms): Min: 0.0, Avg: 6.1, Max: 7.2, Diff: 7.2, Sum: 48.5]
      [Code Root Scanning (ms): Min: 0.0, Avg: 0.0, Max: 0.0, Diff: 0.0, Sum: 0.0]
      [Object Copy (ms): Min: 53.8, Avg: 71.1, Max: 73.9, Diff: 20.1, Sum: 569.2]
      [Termination (ms): Min: 0.0, Avg: 0.3, Max: 0.5, Diff: 0.5, Sum: 2.6]
         [Termination Attempts: Min: 1, Avg: 2262.0, Max: 3575, Diff: 3574, Sum: 18096]
      [GC Worker Other (ms): Min: 0.0, Avg: 0.0, Max: 0.0, Diff: 0.0, Sum: 0.1]
      [GC Worker Total (ms): Min: 86.1, Avg: 86.2, Max: 86.3, Diff: 0.2, Sum: 689.9]
      [GC Worker End (ms): Min: 114735.5, Avg: 114735.5, Max: 114735.5, Diff: 0.0]
   [Code Root Fixup: 0.0 ms]
   [Code Root Purge: 0.0 ms]
   [Clear CT: 0.2 ms]
   [Other: 0.8 ms]
      [Choose CSet: 0.0 ms]
      [Ref Proc: 0.2 ms]
      [Ref Enq: 0.0 ms]
      [Redirty Cards: 0.2 ms]
      [Humongous Register: 0.1 ms]
      [Humongous Reclaim: 0.0 ms]
      [Free CSet: 0.1 ms]
   [Eden: 89.0M(89.0M)->0.0B(89.0M) Survivors: 13.0M->13.0M Heap: 230.5M(2048.0M)->232.5M(2048.0M)]
 [Times: user=0.64 sys=0.00, real=0.09 secs] 
2020-09-29T12:25:48.513+0200: 114.800: [GC pause (G1 Evacuation Pause) (young), 0.0744580 secs]
   [Parallel Time: 73.5 ms, GC Workers: 8]
      [GC Worker Start (ms): Min: 114799.8, Avg: 114800.2, Max: 114801.4, Diff: 1.7]
      [Ext Root Scanning (ms): Min: 0.0, Avg: 0.1, Max: 0.3, Diff: 0.3, Sum: 0.8]
      [Update RS (ms): Min: 7.2, Avg: 8.1, Max: 13.1, Diff: 5.9, Sum: 65.0]
         [Processed Buffers: Min: 1, Avg: 5.6, Max: 9, Diff: 8, Sum: 45]
      [Scan RS (ms): Min: 0.0, Avg: 6.1, Max: 7.3, Diff: 7.3, Sum: 48.5]
      [Code Root Scanning (ms): Min: 0.0, Avg: 0.0, Max: 0.0, Diff: 0.0, Sum: 0.0]
      [Object Copy (ms): Min: 58.5, Avg: 58.6, Max: 58.7, Diff: 0.2, Sum: 468.7]
      [Termination (ms): Min: 0.0, Avg: 0.1, Max: 0.1, Diff: 0.1, Sum: 0.6]
         [Termination Attempts: Min: 1, Avg: 540.8, Max: 738, Diff: 737, Sum: 4326]
      [GC Worker Other (ms): Min: 0.0, Avg: 0.0, Max: 0.0, Diff: 0.0, Sum: 0.2]
      [GC Worker Total (ms): Min: 71.7, Avg: 73.0, Max: 73.4, Diff: 1.7, Sum: 583.7]
      [GC Worker End (ms): Min: 114873.1, Avg: 114873.1, Max: 114873.1, Diff: 0.0]
   [Code Root Fixup: 0.0 ms]
   [Code Root Purge: 0.0 ms]
   [Clear CT: 0.2 ms]
   [Other: 0.8 ms]
      [Choose CSet: 0.0 ms]
      [Ref Proc: 0.2 ms]
      [Ref Enq: 0.0 ms]
      [Redirty Cards: 0.2 ms]
      [Humongous Register: 0.1 ms]
      [Humongous Reclaim: 0.0 ms]
      [Free CSet: 0.1 ms]
   [Eden: 89.0M(89.0M)->0.0B(89.0M) Survivors: 13.0M->13.0M Heap: 336.8M(2048.0M)->338.8M(2048.0M)]
 [Times: user=0.58 sys=0.02, real=0.08 secs] 
2020-09-29T12:25:48.648+0200: 114.934: [GC pause (G1 Evacuation Pause) (young), 0.0893926 secs]
   [Parallel Time: 88.4 ms, GC Workers: 8]
      [GC Worker Start (ms): Min: 114933.9, Avg: 114934.0, Max: 114934.1, Diff: 0.2]
      [Ext Root Scanning (ms): Min: 0.0, Avg: 0.1, Max: 0.1, Diff: 0.1, Sum: 0.6]
      [Update RS (ms): Min: 6.5, Avg: 9.7, Max: 31.7, Diff: 25.2, Sum: 77.7]
         [Processed Buffers: Min: 0, Avg: 7.0, Max: 9, Diff: 9, Sum: 56]
      [Scan RS (ms): Min: 0.0, Avg: 4.2, Max: 4.9, Diff: 4.9, Sum: 34.0]
      [Code Root Scanning (ms): Min: 0.0, Avg: 0.0, Max: 0.0, Diff: 0.0, Sum: 0.0]
      [Object Copy (ms): Min: 55.9, Avg: 73.6, Max: 76.6, Diff: 20.7, Sum: 589.1]
      [Termination (ms): Min: 0.0, Avg: 0.5, Max: 0.7, Diff: 0.7, Sum: 3.8]
         [Termination Attempts: Min: 1, Avg: 2964.8, Max: 4251, Diff: 4250, Sum: 23718]
      [GC Worker Other (ms): Min: 0.0, Avg: 0.0, Max: 0.0, Diff: 0.0, Sum: 0.1]
      [GC Worker Total (ms): Min: 88.0, Avg: 88.2, Max: 88.2, Diff: 0.2, Sum: 705.3]
      [GC Worker End (ms): Min: 115022.1, Avg: 115022.2, Max: 115022.2, Diff: 0.0]
   [Code Root Fixup: 0.0 ms]
   [Code Root Purge: 0.0 ms]
   [Clear CT: 0.2 ms]
   [Other: 0.8 ms]
      [Choose CSet: 0.0 ms]
      [Ref Proc: 0.2 ms]
      [Ref Enq: 0.0 ms]
      [Redirty Cards: 0.2 ms]
      [Humongous Register: 0.0 ms]
      [Humongous Reclaim: 0.0 ms]
      [Free CSet: 0.1 ms]
   [Eden: 89.0M(89.0M)->0.0B(97.0M) Survivors: 13.0M->13.0M Heap: 443.0M(2048.0M)->445.0M(2048.0M)]
 [Times: user=0.55 sys=0.00, real=0.09 secs] 
2020-09-29T12:25:48.806+0200: 115.092: [GC pause (G1 Evacuation Pause) (young), 0.0608525 secs]
   [Parallel Time: 59.9 ms, GC Workers: 8]
      [GC Worker Start (ms): Min: 115092.7, Avg: 115092.8, Max: 115093.0, Diff: 0.3]
      [Ext Root Scanning (ms): Min: 0.0, Avg: 0.1, Max: 0.2, Diff: 0.2, Sum: 0.7]
      [Update RS (ms): Min: 5.5, Avg: 5.7, Max: 6.0, Diff: 0.5, Sum: 45.7]
         [Processed Buffers: Min: 6, Avg: 7.6, Max: 10, Diff: 4, Sum: 61]
      [Scan RS (ms): Min: 5.1, Avg: 5.3, Max: 5.5, Diff: 0.4, Sum: 42.6]
      [Code Root Scanning (ms): Min: 0.0, Avg: 0.0, Max: 0.0, Diff: 0.0, Sum: 0.0]
      [Object Copy (ms): Min: 48.5, Avg: 48.5, Max: 48.6, Diff: 0.1, Sum: 388.1]
      [Termination (ms): Min: 0.0, Avg: 0.1, Max: 0.1, Diff: 0.1, Sum: 0.4]
         [Termination Attempts: Min: 1, Avg: 383.4, Max: 510, Diff: 509, Sum: 3067]
      [GC Worker Other (ms): Min: 0.0, Avg: 0.0, Max: 0.0, Diff: 0.0, Sum: 0.2]
      [GC Worker Total (ms): Min: 59.5, Avg: 59.7, Max: 59.8, Diff: 0.3, Sum: 477.7]
      [GC Worker End (ms): Min: 115152.5, Avg: 115152.5, Max: 115152.5, Diff: 0.0]
   [Code Root Fixup: 0.0 ms]
   [Code Root Purge: 0.0 ms]
   [Clear CT: 0.1 ms]
   [Other: 0.8 ms]
      [Choose CSet: 0.0 ms]
      [Ref Proc: 0.2 ms]
      [Ref Enq: 0.0 ms]
      [Redirty Cards: 0.1 ms]
      [Humongous Register: 0.1 ms]
      [Humongous Reclaim: 0.0 ms]
      [Free CSet: 0.1 ms]
   [Eden: 97.0M(97.0M)->0.0B(121.0M) Survivors: 13.0M->14.0M Heap: 559.2M(2048.0M)->560.7M(2048.0M)]
 [Times: user=0.49 sys=0.00, real=0.06 secs] 
2020-09-29T12:25:48.944+0200: 115.230: [GC pause (G1 Evacuation Pause) (young), 0.0691895 secs]
   [Parallel Time: 68.2 ms, GC Workers: 8]
      [GC Worker Start (ms): Min: 115230.5, Avg: 115230.6, Max: 115230.7, Diff: 0.2]
      [Ext Root Scanning (ms): Min: 0.0, Avg: 0.1, Max: 0.1, Diff: 0.1, Sum: 0.6]
      [Update RS (ms): Min: 6.1, Avg: 6.3, Max: 6.7, Diff: 0.6, Sum: 50.7]
         [Processed Buffers: Min: 5, Avg: 7.1, Max: 8, Diff: 3, Sum: 57]
      [Scan RS (ms): Min: 5.9, Avg: 6.3, Max: 6.6, Diff: 0.7, Sum: 50.5]
      [Code Root Scanning (ms): Min: 0.0, Avg: 0.0, Max: 0.0, Diff: 0.0, Sum: 0.0]
      [Object Copy (ms): Min: 55.2, Avg: 55.2, Max: 55.3, Diff: 0.1, Sum: 441.8]
      [Termination (ms): Min: 0.0, Avg: 0.0, Max: 0.0, Diff: 0.0, Sum: 0.2]
         [Termination Attempts: Min: 1, Avg: 146.1, Max: 178, Diff: 177, Sum: 1169]
      [GC Worker Other (ms): Min: 0.0, Avg: 0.0, Max: 0.0, Diff: 0.0, Sum: 0.2]
      [GC Worker Total (ms): Min: 67.9, Avg: 68.0, Max: 68.1, Diff: 0.1, Sum: 544.0]
      [GC Worker End (ms): Min: 115298.6, Avg: 115298.6, Max: 115298.6, Diff: 0.0]
   [Code Root Fixup: 0.0 ms]
   [Code Root Purge: 0.0 ms]
   [Clear CT: 0.2 ms]
   [Other: 0.9 ms]
      [Choose CSet: 0.0 ms]
      [Ref Proc: 0.2 ms]
      [Ref Enq: 0.0 ms]
      [Redirty Cards: 0.2 ms]
      [Humongous Register: 0.1 ms]
      [Humongous Reclaim: 0.0 ms]
      [Free CSet: 0.2 ms]
   [Eden: 121.0M(121.0M)->0.0B(145.0M) Survivors: 14.0M->17.0M Heap: 700.8M(2048.0M)->702.8M(2048.0M)]
 [Times: user=0.48 sys=0.00, real=0.07 secs] 
2020-09-29T12:25:49.114+0200: 115.401: [GC pause (G1 Evacuation Pause) (young), 0.1390544 secs]
   [Parallel Time: 137.9 ms, GC Workers: 8]
      [GC Worker Start (ms): Min: 115400.8, Avg: 115400.9, Max: 115401.0, Diff: 0.1]
      [Ext Root Scanning (ms): Min: 0.0, Avg: 0.1, Max: 0.1, Diff: 0.1, Sum: 0.7]
      [Update RS (ms): Min: 9.2, Avg: 11.6, Max: 18.4, Diff: 9.2, Sum: 92.6]
         [Processed Buffers: Min: 0, Avg: 8.6, Max: 13, Diff: 13, Sum: 69]
      [Scan RS (ms): Min: 1.6, Avg: 9.9, Max: 22.2, Diff: 20.6, Sum: 79.2]
      [Code Root Scanning (ms): Min: 0.0, Avg: 0.0, Max: 0.0, Diff: 0.0, Sum: 0.0]
      [Object Copy (ms): Min: 106.0, Avg: 116.0, Max: 117.5, Diff: 11.5, Sum: 927.7]
      [Termination (ms): Min: 0.1, Avg: 0.2, Max: 0.2, Diff: 0.2, Sum: 1.2]
         [Termination Attempts: Min: 1, Avg: 662.8, Max: 975, Diff: 974, Sum: 5302]
      [GC Worker Other (ms): Min: 0.0, Avg: 0.0, Max: 0.0, Diff: 0.0, Sum: 0.1]
      [GC Worker Total (ms): Min: 137.6, Avg: 137.7, Max: 137.7, Diff: 0.1, Sum: 1101.5]
      [GC Worker End (ms): Min: 115538.6, Avg: 115538.6, Max: 115538.6, Diff: 0.0]
   [Code Root Fixup: 0.0 ms]
   [Code Root Purge: 0.0 ms]
   [Clear CT: 0.2 ms]
   [Other: 1.0 ms]
      [Choose CSet: 0.0 ms]
      [Ref Proc: 0.2 ms]
      [Ref Enq: 0.0 ms]
      [Redirty Cards: 0.2 ms]
      [Humongous Register: 0.1 ms]
      [Humongous Reclaim: 0.0 ms]
      [Free CSet: 0.2 ms]
   [Eden: 145.0M(145.0M)->0.0B(147.0M) Survivors: 17.0M->21.0M Heap: 872.6M(2048.0M)->874.6M(2048.0M)]
 [Times: user=0.83 sys=0.00, real=0.14 secs] 
2020-09-29T12:25:49.363+0200: 115.650: [GC pause (G1 Evacuation Pause) (young), 0.1269090 secs]
   [Parallel Time: 125.7 ms, GC Workers: 8]
      [GC Worker Start (ms): Min: 115650.2, Avg: 115650.2, Max: 115650.3, Diff: 0.2]
      [Ext Root Scanning (ms): Min: 0.0, Avg: 0.1, Max: 0.1, Diff: 0.1, Sum: 0.8]
      [Update RS (ms): Min: 9.1, Avg: 10.4, Max: 19.4, Diff: 10.3, Sum: 83.5]
         [Processed Buffers: Min: 0, Avg: 9.9, Max: 13, Diff: 13, Sum: 79]
      [Scan RS (ms): Min: 0.0, Avg: 8.9, Max: 10.3, Diff: 10.3, Sum: 71.4]
      [Code Root Scanning (ms): Min: 0.0, Avg: 0.0, Max: 0.0, Diff: 0.0, Sum: 0.0]
      [Object Copy (ms): Min: 105.8, Avg: 105.9, Max: 106.0, Diff: 0.2, Sum: 847.0]
      [Termination (ms): Min: 0.0, Avg: 0.2, Max: 0.3, Diff: 0.2, Sum: 1.4]
         [Termination Attempts: Min: 1, Avg: 783.4, Max: 1076, Diff: 1075, Sum: 6267]
      [GC Worker Other (ms): Min: 0.0, Avg: 0.0, Max: 0.0, Diff: 0.0, Sum: 0.1]
      [GC Worker Total (ms): Min: 125.4, Avg: 125.5, Max: 125.6, Diff: 0.1, Sum: 1004.3]
      [GC Worker End (ms): Min: 115775.7, Avg: 115775.8, Max: 115775.8, Diff: 0.0]
   [Code Root Fixup: 0.0 ms]
   [Code Root Purge: 0.0 ms]
   [Clear CT: 0.2 ms]
   [Other: 1.0 ms]
      [Choose CSet: 0.0 ms]
      [Ref Proc: 0.2 ms]
      [Ref Enq: 0.0 ms]
      [Redirty Cards: 0.4 ms]
      [Humongous Register: 0.1 ms]
      [Humongous Reclaim: 0.0 ms]
      [Free CSet: 0.2 ms]
   [Eden: 147.0M(147.0M)->0.0B(160.0M) Survivors: 21.0M->21.0M Heap: 1046.4M(2048.0M)->1048.4M(2048.0M)]
 [Times: user=0.97 sys=0.00, real=0.13 secs] 
2020-09-29T12:25:49.508+0200: 115.794: [GC pause (G1 Humongous Allocation) (young) (initial-mark), 0.0274238 secs]
   [Parallel Time: 26.4 ms, GC Workers: 8]
      [GC Worker Start (ms): Min: 115794.6, Avg: 115794.6, Max: 115794.7, Diff: 0.2]
      [Ext Root Scanning (ms): Min: 0.0, Avg: 0.2, Max: 0.3, Diff: 0.2, Sum: 1.2]
      [Update RS (ms): Min: 10.3, Avg: 10.5, Max: 10.7, Diff: 0.4, Sum: 84.0]
         [Processed Buffers: Min: 11, Avg: 11.9, Max: 13, Diff: 2, Sum: 95]
      [Scan RS (ms): Min: 1.2, Avg: 1.4, Max: 1.6, Diff: 0.4, Sum: 11.6]
      [Code Root Scanning (ms): Min: 0.0, Avg: 0.0, Max: 0.0, Diff: 0.0, Sum: 0.0]
      [Object Copy (ms): Min: 14.1, Avg: 14.1, Max: 14.1, Diff: 0.1, Sum: 112.8]
      [Termination (ms): Min: 0.0, Avg: 0.0, Max: 0.0, Diff: 0.0, Sum: 0.2]
         [Termination Attempts: Min: 1, Avg: 219.8, Max: 264, Diff: 263, Sum: 1758]
      [GC Worker Other (ms): Min: 0.0, Avg: 0.0, Max: 0.0, Diff: 0.0, Sum: 0.1]
      [GC Worker Total (ms): Min: 26.1, Avg: 26.2, Max: 26.3, Diff: 0.2, Sum: 210.0]
      [GC Worker End (ms): Min: 115820.9, Avg: 115820.9, Max: 115820.9, Diff: 0.0]
   [Code Root Fixup: 0.0 ms]
   [Code Root Purge: 0.0 ms]
   [Clear CT: 0.2 ms]
   [Other: 0.8 ms]
      [Choose CSet: 0.0 ms]
      [Ref Proc: 0.2 ms]
      [Ref Enq: 0.0 ms]
      [Redirty Cards: 0.2 ms]
      [Humongous Register: 0.1 ms]
      [Humongous Reclaim: 0.0 ms]
      [Free CSet: 0.1 ms]
   [Eden: 11.0M(160.0M)->0.0B(201.0M) Survivors: 21.0M->13.0M Heap: 1058.9M(2048.0M)->1062.4M(2048.0M)]
 [Times: user=0.13 sys=0.00, real=0.03 secs] 
2020-09-29T12:25:49.535+0200: 115.822: [GC concurrent-root-region-scan-start]
2020-09-29T12:25:49.539+0200: 115.826: [GC concurrent-root-region-scan-end, 0.0036972 secs]
2020-09-29T12:25:49.539+0200: 115.826: [GC concurrent-mark-start]
2020-09-29T12:25:49.543+0200: 115.830: [GC concurrent-mark-end, 0.0042050 secs]
2020-09-29T12:25:49.543+0200: 115.830: [GC remark 2020-09-29T12:25:49.543+0200: 115.830: [Finalize Marking, 0.0002684 secs] 2020-09-29T12:25:49.544+0200: 115.831: [GC ref-proc, 0.0004185 secs] 2020-09-29T12:25:49.544+0200: 115.831: [Unloading, 0.0004739 secs], 0.0017458 secs]
 [Times: user=0.00 sys=0.00, real=0.00 secs] 
2020-09-29T12:25:49.546+0200: 115.832: [GC cleanup 1079M->44M(2048M), 0.0017290 secs]
 [Times: user=0.00 sys=0.00, real=0.00 secs] 
2020-09-29T12:25:49.547+0200: 115.834: [GC concurrent-cleanup-start]
2020-09-29T12:25:49.550+0200: 115.837: [GC concurrent-cleanup-end, 0.0024554 secs]
2020-09-29T12:25:49.673+0200: 115.960: [GC pause (G1 Evacuation Pause) (young), 0.1039519 secs]
   [Parallel Time: 102.8 ms, GC Workers: 8]
      [GC Worker Start (ms): Min: 115960.1, Avg: 115960.1, Max: 115960.2, Diff: 0.1]
      [Ext Root Scanning (ms): Min: 0.0, Avg: 0.1, Max: 0.1, Diff: 0.1, Sum: 0.7]
      [Update RS (ms): Min: 8.5, Avg: 8.7, Max: 9.0, Diff: 0.6, Sum: 69.3]
         [Processed Buffers: Min: 9, Avg: 10.1, Max: 12, Diff: 3, Sum: 81]
      [Scan RS (ms): Min: 10.2, Avg: 10.6, Max: 10.7, Diff: 0.5, Sum: 84.4]
      [Code Root Scanning (ms): Min: 0.0, Avg: 0.0, Max: 0.0, Diff: 0.0, Sum: 0.0]
      [Object Copy (ms): Min: 83.2, Avg: 83.2, Max: 83.3, Diff: 0.2, Sum: 665.8]
      [Termination (ms): Min: 0.0, Avg: 0.1, Max: 0.2, Diff: 0.1, Sum: 1.0]
         [Termination Attempts: Min: 1, Avg: 452.8, Max: 618, Diff: 617, Sum: 3622]
      [GC Worker Other (ms): Min: 0.0, Avg: 0.0, Max: 0.0, Diff: 0.0, Sum: 0.1]
      [GC Worker Total (ms): Min: 102.6, Avg: 102.7, Max: 102.7, Diff: 0.2, Sum: 821.3]
      [GC Worker End (ms): Min: 116062.8, Avg: 116062.8, Max: 116062.8, Diff: 0.1]
   [Code Root Fixup: 0.0 ms]
   [Code Root Purge: 0.0 ms]
   [Clear CT: 0.1 ms]
   [Other: 1.0 ms]
      [Choose CSet: 0.0 ms]
      [Ref Proc: 0.2 ms]
      [Ref Enq: 0.0 ms]
      [Redirty Cards: 0.2 ms]
      [Humongous Register: 0.0 ms]
      [Humongous Reclaim: 0.0 ms]
      [Free CSet: 0.2 ms]
   [Eden: 201.0M(201.0M)->0.0B(211.0M) Survivors: 13.0M->27.0M Heap: 262.8M(2048.0M)->252.3M(2048.0M)]
 [Times: user=0.84 sys=0.00, real=0.10 secs] 
2020-09-29T12:25:49.923+0200: 116.210: [GC pause (G1 Evacuation Pause) (young), 0.1319848 secs]
   [Parallel Time: 131.0 ms, GC Workers: 8]
      [GC Worker Start (ms): Min: 116209.7, Avg: 116209.8, Max: 116209.9, Diff: 0.2]
      [Ext Root Scanning (ms): Min: 0.0, Avg: 0.1, Max: 0.2, Diff: 0.2, Sum: 0.6]
      [Update RS (ms): Min: 10.9, Avg: 11.3, Max: 11.8, Diff: 0.9, Sum: 90.3]
         [Processed Buffers: Min: 10, Avg: 10.4, Max: 11, Diff: 1, Sum: 83]
      [Scan RS (ms): Min: 13.5, Avg: 14.0, Max: 14.3, Diff: 0.8, Sum: 111.6]
      [Code Root Scanning (ms): Min: 0.0, Avg: 0.0, Max: 0.0, Diff: 0.0, Sum: 0.0]
      [Object Copy (ms): Min: 105.3, Avg: 105.3, Max: 105.4, Diff: 0.2, Sum: 842.6]
      [Termination (ms): Min: 0.0, Avg: 0.1, Max: 0.2, Diff: 0.2, Sum: 1.0]
         [Termination Attempts: Min: 1, Avg: 910.8, Max: 1135, Diff: 1134, Sum: 7286]
      [GC Worker Other (ms): Min: 0.0, Avg: 0.0, Max: 0.1, Diff: 0.0, Sum: 0.3]
      [GC Worker Total (ms): Min: 130.7, Avg: 130.8, Max: 130.9, Diff: 0.2, Sum: 1046.4]
      [GC Worker End (ms): Min: 116340.6, Avg: 116340.6, Max: 116340.7, Diff: 0.0]
   [Code Root Fixup: 0.0 ms]
   [Code Root Purge: 0.0 ms]
   [Clear CT: 0.1 ms]
   [Other: 0.8 ms]
      [Choose CSet: 0.0 ms]
      [Ref Proc: 0.2 ms]
      [Ref Enq: 0.0 ms]
      [Redirty Cards: 0.2 ms]
      [Humongous Register: 0.0 ms]
      [Humongous Reclaim: 0.0 ms]
      [Free CSet: 0.2 ms]
   [Eden: 211.0M(211.0M)->0.0B(225.0M) Survivors: 27.0M->30.0M Heap: 497.7M(2048.0M)->500.2M(2048.0M)]
 [Times: user=1.05 sys=0.00, real=0.13 secs] 
2020-09-29T12:25:50.201+0200: 116.488: [GC pause (G1 Evacuation Pause) (young), 0.1352054 secs]
   [Parallel Time: 134.0 ms, GC Workers: 8]
      [GC Worker Start (ms): Min: 116487.8, Avg: 116487.9, Max: 116488.0, Diff: 0.2]
      [Ext Root Scanning (ms): Min: 0.0, Avg: 0.1, Max: 0.2, Diff: 0.2, Sum: 0.6]
      [Update RS (ms): Min: 11.4, Avg: 11.6, Max: 12.2, Diff: 0.8, Sum: 92.7]
         [Processed Buffers: Min: 11, Avg: 12.1, Max: 13, Diff: 2, Sum: 97]
      [Scan RS (ms): Min: 14.0, Avg: 14.6, Max: 15.0, Diff: 1.0, Sum: 117.0]
      [Code Root Scanning (ms): Min: 0.0, Avg: 0.0, Max: 0.0, Diff: 0.0, Sum: 0.0]
      [Object Copy (ms): Min: 107.1, Avg: 107.3, Max: 107.5, Diff: 0.4, Sum: 858.7]
      [Termination (ms): Min: 0.0, Avg: 0.2, Max: 0.2, Diff: 0.2, Sum: 1.3]
         [Termination Attempts: Min: 1, Avg: 884.0, Max: 1123, Diff: 1122, Sum: 7072]
      [GC Worker Other (ms): Min: 0.0, Avg: 0.0, Max: 0.0, Diff: 0.0, Sum: 0.2]
      [GC Worker Total (ms): Min: 133.8, Avg: 133.8, Max: 133.9, Diff: 0.2, Sum: 1070.5]
      [GC Worker End (ms): Min: 116621.7, Avg: 116621.7, Max: 116621.7, Diff: 0.0]
   [Code Root Fixup: 0.0 ms]
   [Code Root Purge: 0.0 ms]
   [Clear CT: 0.2 ms]
   [Other: 1.0 ms]
      [Choose CSet: 0.0 ms]
      [Ref Proc: 0.2 ms]
      [Ref Enq: 0.0 ms]
      [Redirty Cards: 0.3 ms]
      [Humongous Register: 0.0 ms]
      [Humongous Reclaim: 0.0 ms]
      [Free CSet: 0.3 ms]
   [Eden: 225.0M(225.0M)->0.0B(242.0M) Survivors: 30.0M->32.0M Heap: 763.3M(2048.0M)->765.3M(2048.0M)]
 [Times: user=1.08 sys=0.00, real=0.14 secs] 
2020-09-29T12:25:50.479+0200: 116.765: [GC pause (G1 Evacuation Pause) (young), 0.1448536 secs]
   [Parallel Time: 143.8 ms, GC Workers: 8]
      [GC Worker Start (ms): Min: 116765.5, Avg: 116765.6, Max: 116765.7, Diff: 0.2]
      [Ext Root Scanning (ms): Min: 0.0, Avg: 0.1, Max: 0.2, Diff: 0.2, Sum: 0.6]
      [Update RS (ms): Min: 15.2, Avg: 15.5, Max: 16.4, Diff: 1.2, Sum: 123.8]
         [Processed Buffers: Min: 8, Avg: 15.8, Max: 18, Diff: 10, Sum: 126]
      [Scan RS (ms): Min: 13.5, Avg: 14.5, Max: 14.7, Diff: 1.2, Sum: 115.9]
      [Code Root Scanning (ms): Min: 0.0, Avg: 0.0, Max: 0.0, Diff: 0.0, Sum: 0.0]
      [Object Copy (ms): Min: 113.4, Avg: 113.5, Max: 113.5, Diff: 0.1, Sum: 907.7]
      [Termination (ms): Min: 0.0, Avg: 0.0, Max: 0.1, Diff: 0.1, Sum: 0.4]
         [Termination Attempts: Min: 1, Avg: 337.9, Max: 462, Diff: 461, Sum: 2703]
      [GC Worker Other (ms): Min: 0.0, Avg: 0.0, Max: 0.1, Diff: 0.1, Sum: 0.4]
      [GC Worker Total (ms): Min: 143.5, Avg: 143.6, Max: 143.7, Diff: 0.2, Sum: 1148.7]
      [GC Worker End (ms): Min: 116909.2, Avg: 116909.2, Max: 116909.2, Diff: 0.1]
   [Code Root Fixup: 0.0 ms]
   [Code Root Purge: 0.0 ms]
   [Clear CT: 0.1 ms]
   [Other: 0.9 ms]
      [Choose CSet: 0.0 ms]
      [Ref Proc: 0.2 ms]
      [Ref Enq: 0.0 ms]
      [Redirty Cards: 0.2 ms]
      [Humongous Register: 0.0 ms]
      [Humongous Reclaim: 0.0 ms]
      [Free CSet: 0.3 ms]
   [Eden: 236.0M(231.0M)->0.0B(257.0M) Survivors: 32.0M->33.0M Heap: 1041.4M(2048.0M)->1043.4M(2048.0M)]
 [Times: user=1.08 sys=0.02, real=0.14 secs] 
2020-09-29T12:25:50.638+0200: 116.924: [GC pause (G1 Humongous Allocation) (young) (initial-mark), 0.0522356 secs]
   [Parallel Time: 51.3 ms, GC Workers: 8]
      [GC Worker Start (ms): Min: 116924.3, Avg: 116924.4, Max: 116924.4, Diff: 0.1]
      [Ext Root Scanning (ms): Min: 0.1, Avg: 0.1, Max: 0.1, Diff: 0.1, Sum: 0.8]
      [Update RS (ms): Min: 20.1, Avg: 20.4, Max: 20.6, Diff: 0.4, Sum: 163.1]
         [Processed Buffers: Min: 22, Avg: 24.1, Max: 25, Diff: 3, Sum: 193]
      [Scan RS (ms): Min: 1.9, Avg: 2.0, Max: 2.3, Diff: 0.4, Sum: 16.3]
      [Code Root Scanning (ms): Min: 0.0, Avg: 0.0, Max: 0.0, Diff: 0.0, Sum: 0.0]
      [Object Copy (ms): Min: 28.3, Avg: 28.4, Max: 28.6, Diff: 0.3, Sum: 227.4]
      [Termination (ms): Min: 0.0, Avg: 0.2, Max: 0.3, Diff: 0.3, Sum: 1.9]
         [Termination Attempts: Min: 1, Avg: 1585.0, Max: 2038, Diff: 2037, Sum: 12680]
      [GC Worker Other (ms): Min: 0.0, Avg: 0.0, Max: 0.0, Diff: 0.0, Sum: 0.2]
      [GC Worker Total (ms): Min: 51.2, Avg: 51.2, Max: 51.3, Diff: 0.1, Sum: 409.6]
      [GC Worker End (ms): Min: 116975.5, Avg: 116975.6, Max: 116975.6, Diff: 0.0]
   [Code Root Fixup: 0.0 ms]
   [Code Root Purge: 0.0 ms]
   [Clear CT: 0.2 ms]
   [Other: 0.7 ms]
      [Choose CSet: 0.0 ms]
      [Ref Proc: 0.2 ms]
      [Ref Enq: 0.0 ms]
      [Redirty Cards: 0.2 ms]
      [Humongous Register: 0.1 ms]
      [Humongous Reclaim: 0.0 ms]
      [Free CSet: 0.1 ms]
   [Eden: 9216.0K(257.0M)->0.0B(260.0M) Survivors: 33.0M->11.0M Heap: 1051.9M(2048.0M)->1055.4M(2048.0M)]
 [Times: user=0.33 sys=0.01, real=0.05 secs] 
2020-09-29T12:25:50.690+0200: 116.976: [GC concurrent-root-region-scan-start]
2020-09-29T12:25:50.693+0200: 116.980: [GC concurrent-root-region-scan-end, 0.0030575 secs]
2020-09-29T12:25:50.693+0200: 116.980: [GC concurrent-mark-start]
2020-09-29T12:25:50.699+0200: 116.985: [GC concurrent-mark-end, 0.0037198 secs]
2020-09-29T12:25:50.699+0200: 116.985: [GC remark 2020-09-29T12:25:50.699+0200: 116.985: [Finalize Marking, 0.0002853 secs] 2020-09-29T12:25:50.699+0200: 116.985: [GC ref-proc, 0.0003811 secs] 2020-09-29T12:25:50.700+0200: 116.986: [Unloading, 0.0004996 secs], 0.0015682 secs]
 [Times: user=0.00 sys=0.00, real=0.00 secs] 
2020-09-29T12:25:50.703+0200: 116.989: [GC cleanup 1078M->48M(2048M), 0.0012321 secs]
 [Times: user=0.00 sys=0.00, real=0.00 secs] 
2020-09-29T12:25:50.704+0200: 116.991: [GC concurrent-cleanup-start]
2020-09-29T12:25:50.706+0200: 116.992: [GC concurrent-cleanup-end, 0.0014757 secs]
2020-09-29T12:25:50.852+0200: 117.138: [GC pause (G1 Evacuation Pause) (young), 0.1411158 secs]
   [Parallel Time: 140.1 ms, GC Workers: 8]
      [GC Worker Start (ms): Min: 117138.0, Avg: 117138.1, Max: 117138.2, Diff: 0.2]
      [Ext Root Scanning (ms): Min: 0.0, Avg: 0.1, Max: 0.2, Diff: 0.2, Sum: 0.5]
      [Update RS (ms): Min: 15.2, Avg: 15.5, Max: 16.4, Diff: 1.2, Sum: 124.3]
         [Processed Buffers: Min: 12, Avg: 13.4, Max: 15, Diff: 3, Sum: 107]
      [Scan RS (ms): Min: 20.0, Avg: 20.8, Max: 21.1, Diff: 1.1, Sum: 166.4]
      [Code Root Scanning (ms): Min: 0.0, Avg: 0.0, Max: 0.0, Diff: 0.0, Sum: 0.0]
      [Object Copy (ms): Min: 103.3, Avg: 103.4, Max: 103.4, Diff: 0.1, Sum: 827.1]
      [Termination (ms): Min: 0.0, Avg: 0.0, Max: 0.0, Diff: 0.0, Sum: 0.1]
         [Termination Attempts: Min: 1, Avg: 97.5, Max: 119, Diff: 118, Sum: 780]
      [GC Worker Other (ms): Min: 0.0, Avg: 0.0, Max: 0.1, Diff: 0.0, Sum: 0.3]
      [GC Worker Total (ms): Min: 139.8, Avg: 139.8, Max: 139.9, Diff: 0.2, Sum: 1118.8]
      [GC Worker End (ms): Min: 117278.0, Avg: 117278.0, Max: 117278.0, Diff: 0.0]
   [Code Root Fixup: 0.0 ms]
   [Code Root Purge: 0.0 ms]
   [Clear CT: 0.2 ms]
   [Other: 0.8 ms]
      [Choose CSet: 0.0 ms]
      [Ref Proc: 0.2 ms]
      [Ref Enq: 0.0 ms]
      [Redirty Cards: 0.2 ms]
      [Humongous Register: 0.0 ms]
      [Humongous Reclaim: 0.0 ms]
      [Free CSet: 0.1 ms]
   [Eden: 260.0M(260.0M)->0.0B(254.0M) Survivors: 11.0M->34.0M Heap: 329.4M(2048.0M)->321.4M(2048.0M)]
 [Times: user=1.00 sys=0.05, real=0.14 secs] 
2020-09-29T12:25:51.147+0200: 117.434: [GC pause (G1 Evacuation Pause) (young), 0.1358042 secs]
   [Parallel Time: 134.7 ms, GC Workers: 8]
      [GC Worker Start (ms): Min: 117433.8, Avg: 117434.0, Max: 117434.0, Diff: 0.2]
      [Ext Root Scanning (ms): Min: 0.0, Avg: 0.1, Max: 0.2, Diff: 0.2, Sum: 0.6]
      [Update RS (ms): Min: 12.1, Avg: 12.3, Max: 12.4, Diff: 0.3, Sum: 98.2]
         [Processed Buffers: Min: 12, Avg: 13.0, Max: 15, Diff: 3, Sum: 104]
      [Scan RS (ms): Min: 16.1, Avg: 16.3, Max: 16.4, Diff: 0.3, Sum: 130.4]
      [Code Root Scanning (ms): Min: 0.0, Avg: 0.0, Max: 0.0, Diff: 0.0, Sum: 0.0]
      [Object Copy (ms): Min: 105.5, Avg: 105.8, Max: 105.9, Diff: 0.3, Sum: 846.2]
      [Termination (ms): Min: 0.0, Avg: 0.0, Max: 0.0, Diff: 0.0, Sum: 0.1]
         [Termination Attempts: Min: 1, Avg: 86.9, Max: 124, Diff: 123, Sum: 695]
      [GC Worker Other (ms): Min: 0.0, Avg: 0.0, Max: 0.1, Diff: 0.1, Sum: 0.3]
      [GC Worker Total (ms): Min: 134.4, Avg: 134.5, Max: 134.6, Diff: 0.2, Sum: 1075.8]
      [GC Worker End (ms): Min: 117568.4, Avg: 117568.4, Max: 117568.5, Diff: 0.1]
   [Code Root Fixup: 0.0 ms]
   [Code Root Purge: 0.0 ms]
   [Clear CT: 0.3 ms]
   [Other: 0.8 ms]
      [Choose CSet: 0.0 ms]
      [Ref Proc: 0.1 ms]
      [Ref Enq: 0.0 ms]
      [Redirty Cards: 0.1 ms]
      [Humongous Register: 0.0 ms]
      [Humongous Reclaim: 0.0 ms]
      [Free CSet: 0.3 ms]
   [Eden: 254.0M(254.0M)->0.0B(274.0M) Survivors: 34.0M->36.0M Heap: 617.3M(2048.0M)->618.8M(2048.0M)]
 [Times: user=0.98 sys=0.02, real=0.14 secs] 
2020-09-29T12:25:51.450+0200: 117.737: [GC pause (G1 Evacuation Pause) (young), 0.1475150 secs]
   [Parallel Time: 146.4 ms, GC Workers: 8]
      [GC Worker Start (ms): Min: 117736.9, Avg: 117737.0, Max: 117737.1, Diff: 0.2]
      [Ext Root Scanning (ms): Min: 0.0, Avg: 0.1, Max: 0.2, Diff: 0.2, Sum: 0.4]
      [Update RS (ms): Min: 12.3, Avg: 12.5, Max: 12.7, Diff: 0.4, Sum: 100.2]
         [Processed Buffers: Min: 13, Avg: 13.8, Max: 16, Diff: 3, Sum: 110]
      [Scan RS (ms): Min: 14.5, Avg: 14.8, Max: 15.1, Diff: 0.5, Sum: 118.3]
      [Code Root Scanning (ms): Min: 0.0, Avg: 0.0, Max: 0.0, Diff: 0.0, Sum: 0.0]
      [Object Copy (ms): Min: 118.4, Avg: 118.5, Max: 118.7, Diff: 0.3, Sum: 948.2]
      [Termination (ms): Min: 0.0, Avg: 0.1, Max: 0.2, Diff: 0.2, Sum: 1.1]
         [Termination Attempts: Min: 1, Avg: 947.6, Max: 1193, Diff: 1192, Sum: 7581]
      [GC Worker Other (ms): Min: 0.0, Avg: 0.0, Max: 0.1, Diff: 0.1, Sum: 0.3]
      [GC Worker Total (ms): Min: 146.0, Avg: 146.1, Max: 146.2, Diff: 0.2, Sum: 1168.6]
      [GC Worker End (ms): Min: 117883.1, Avg: 117883.1, Max: 117883.1, Diff: 0.1]
   [Code Root Fixup: 0.0 ms]
   [Code Root Purge: 0.0 ms]
   [Clear CT: 0.2 ms]
   [Other: 1.0 ms]
      [Choose CSet: 0.0 ms]
      [Ref Proc: 0.2 ms]
      [Ref Enq: 0.0 ms]
      [Redirty Cards: 0.2 ms]
      [Humongous Register: 0.0 ms]
      [Humongous Reclaim: 0.0 ms]
      [Free CSet: 0.3 ms]
   [Eden: 274.0M(274.0M)->0.0B(289.0M) Survivors: 36.0M->39.0M Heap: 938.6M(2048.0M)->941.1M(2048.0M)]
 [Times: user=1.14 sys=0.00, real=0.15 secs] 
2020-09-29T12:25:51.652+0200: 117.939: [GC pause (G1 Humongous Allocation) (young) (initial-mark), 0.0613723 secs]
   [Parallel Time: 60.5 ms, GC Workers: 8]
      [GC Worker Start (ms): Min: 117939.5, Avg: 117939.6, Max: 117939.7, Diff: 0.2]
      [Ext Root Scanning (ms): Min: 0.0, Avg: 0.8, Max: 5.1, Diff: 5.1, Sum: 6.0]
      [Update RS (ms): Min: 11.3, Avg: 15.6, Max: 16.4, Diff: 5.2, Sum: 125.0]
         [Processed Buffers: Min: 13, Avg: 18.1, Max: 20, Diff: 7, Sum: 145]
      [Scan RS (ms): Min: 2.2, Avg: 2.4, Max: 2.8, Diff: 0.6, Sum: 19.1]
      [Code Root Scanning (ms): Min: 0.0, Avg: 0.0, Max: 0.0, Diff: 0.0, Sum: 0.0]
      [Object Copy (ms): Min: 41.5, Avg: 41.5, Max: 41.6, Diff: 0.1, Sum: 332.4]
      [Termination (ms): Min: 0.0, Avg: 0.0, Max: 0.0, Diff: 0.0, Sum: 0.1]
         [Termination Attempts: Min: 1, Avg: 91.4, Max: 121, Diff: 120, Sum: 731]
      [GC Worker Other (ms): Min: 0.0, Avg: 0.0, Max: 0.1, Diff: 0.0, Sum: 0.2]
      [GC Worker Total (ms): Min: 60.3, Avg: 60.4, Max: 60.4, Diff: 0.2, Sum: 482.9]
      [GC Worker End (ms): Min: 117999.9, Avg: 118000.0, Max: 118000.0, Diff: 0.0]
   [Code Root Fixup: 0.0 ms]
   [Code Root Purge: 0.0 ms]
   [Clear CT: 0.2 ms]
   [Other: 0.7 ms]
      [Choose CSet: 0.0 ms]
      [Ref Proc: 0.2 ms]
      [Ref Enq: 0.0 ms]
      [Redirty Cards: 0.1 ms]
      [Humongous Register: 0.0 ms]
      [Humongous Reclaim: 0.0 ms]
      [Free CSet: 0.1 ms]
   [Eden: 71.0M(289.0M)->0.0B(313.0M) Survivors: 39.0M->41.0M Heap: 1023.1M(2048.0M)->1024.6M(2048.0M)]
 [Times: user=0.50 sys=0.00, real=0.06 secs] 
2020-09-29T12:25:51.714+0200: 118.001: [GC concurrent-root-region-scan-start]
2020-09-29T12:25:51.722+0200: 118.009: [GC concurrent-root-region-scan-end, 0.0082256 secs]
2020-09-29T12:25:51.722+0200: 118.009: [GC concurrent-mark-start]
2020-09-29T12:25:51.726+0200: 118.013: [GC concurrent-mark-end, 0.0034737 secs]
2020-09-29T12:25:51.726+0200: 118.013: [GC remark 2020-09-29T12:25:51.726+0200: 118.013: [Finalize Marking, 0.0002209 secs] 2020-09-29T12:25:51.726+0200: 118.013: [GC ref-proc, 0.0003423 secs] 2020-09-29T12:25:51.727+0200: 118.014: [Unloading, 0.0004732 secs], 0.0014336 secs]
 [Times: user=0.00 sys=0.00, real=0.00 secs] 
2020-09-29T12:25:51.728+0200: 118.015: [GC cleanup 1051M->82M(2048M), 0.0011723 secs]
 [Times: user=0.00 sys=0.00, real=0.00 secs] 
2020-09-29T12:25:51.729+0200: 118.016: [GC concurrent-cleanup-start]
2020-09-29T12:25:51.731+0200: 118.018: [GC concurrent-cleanup-end, 0.0017443 secs]
2020-09-29T12:25:51.904+0200: 118.191: [GC pause (G1 Evacuation Pause) (young), 0.1598651 secs]
   [Parallel Time: 158.8 ms, GC Workers: 8]
      [GC Worker Start (ms): Min: 118191.2, Avg: 118191.3, Max: 118191.3, Diff: 0.2]
      [Ext Root Scanning (ms): Min: 0.0, Avg: 0.1, Max: 0.2, Diff: 0.2, Sum: 0.5]
      [Update RS (ms): Min: 18.8, Avg: 18.9, Max: 19.1, Diff: 0.2, Sum: 151.3]
         [Processed Buffers: Min: 18, Avg: 19.4, Max: 21, Diff: 3, Sum: 155]
      [Scan RS (ms): Min: 16.0, Avg: 17.2, Max: 24.9, Diff: 8.9, Sum: 137.6]
      [Code Root Scanning (ms): Min: 0.0, Avg: 0.0, Max: 0.0, Diff: 0.0, Sum: 0.0]
      [Object Copy (ms): Min: 114.7, Avg: 122.3, Max: 123.4, Diff: 8.7, Sum: 978.3]
      [Termination (ms): Min: 0.0, Avg: 0.0, Max: 0.1, Diff: 0.1, Sum: 0.4]
         [Termination Attempts: Min: 1, Avg: 307.3, Max: 389, Diff: 388, Sum: 2458]
      [GC Worker Other (ms): Min: 0.0, Avg: 0.0, Max: 0.1, Diff: 0.1, Sum: 0.3]
      [GC Worker Total (ms): Min: 158.5, Avg: 158.6, Max: 158.7, Diff: 0.2, Sum: 1268.5]
      [GC Worker End (ms): Min: 118349.8, Avg: 118349.8, Max: 118349.8, Diff: 0.1]
   [Code Root Fixup: 0.0 ms]
   [Code Root Purge: 0.0 ms]
   [Clear CT: 0.2 ms]
   [Other: 0.9 ms]
      [Choose CSet: 0.0 ms]
      [Ref Proc: 0.1 ms]
      [Ref Enq: 0.0 ms]
      [Redirty Cards: 0.3 ms]
      [Humongous Register: 0.0 ms]
      [Humongous Reclaim: 0.0 ms]
      [Free CSet: 0.3 ms]
   [Eden: 313.0M(313.0M)->0.0B(310.0M) Survivors: 41.0M->45.0M Heap: 422.4M(2048.0M)->383.9M(2048.0M)]
 [Times: user=1.23 sys=0.00, real=0.16 secs] 
2020-09-29T12:25:52.236+0200: 118.522: [GC pause (G1 Evacuation Pause) (young), 0.1697034 secs]
   [Parallel Time: 168.5 ms, GC Workers: 8]
      [GC Worker Start (ms): Min: 118522.5, Avg: 118522.6, Max: 118522.7, Diff: 0.2]
      [Ext Root Scanning (ms): Min: 0.0, Avg: 0.1, Max: 0.2, Diff: 0.2, Sum: 0.5]
      [Update RS (ms): Min: 20.0, Avg: 20.3, Max: 20.8, Diff: 0.8, Sum: 162.1]
         [Processed Buffers: Min: 22, Avg: 24.9, Max: 27, Diff: 5, Sum: 199]
      [Scan RS (ms): Min: 14.2, Avg: 14.8, Max: 15.1, Diff: 0.9, Sum: 118.4]
      [Code Root Scanning (ms): Min: 0.0, Avg: 0.0, Max: 0.0, Diff: 0.0, Sum: 0.0]
      [Object Copy (ms): Min: 133.0, Avg: 133.1, Max: 133.2, Diff: 0.2, Sum: 1064.5]
      [Termination (ms): Min: 0.0, Avg: 0.1, Max: 0.1, Diff: 0.1, Sum: 0.6]
         [Termination Attempts: Min: 1, Avg: 571.4, Max: 698, Diff: 697, Sum: 4571]
      [GC Worker Other (ms): Min: 0.0, Avg: 0.0, Max: 0.1, Diff: 0.1, Sum: 0.3]
      [GC Worker Total (ms): Min: 168.2, Avg: 168.3, Max: 168.4, Diff: 0.2, Sum: 1346.4]
      [GC Worker End (ms): Min: 118690.9, Avg: 118690.9, Max: 118690.9, Diff: 0.1]
   [Code Root Fixup: 0.0 ms]
   [Code Root Purge: 0.0 ms]
   [Clear CT: 0.2 ms]
   [Other: 1.0 ms]
      [Choose CSet: 0.0 ms]
      [Ref Proc: 0.2 ms]
      [Ref Enq: 0.0 ms]
      [Redirty Cards: 0.3 ms]
      [Humongous Register: 0.0 ms]
      [Humongous Reclaim: 0.0 ms]
      [Free CSet: 0.3 ms]
   [Eden: 310.0M(310.0M)->0.0B(306.0M) Survivors: 45.0M->45.0M Heap: 745.4M(2048.0M)->747.9M(2048.0M)]
 [Times: user=1.34 sys=0.03, real=0.17 secs] 
2020-09-29T12:25:52.589+0200: 118.876: [GC pause (G1 Evacuation Pause) (young), 0.1650031 secs]
   [Parallel Time: 162.7 ms, GC Workers: 8]
      [GC Worker Start (ms): Min: 118876.2, Avg: 118876.3, Max: 118876.4, Diff: 0.2]
      [Ext Root Scanning (ms): Min: 0.0, Avg: 0.1, Max: 0.2, Diff: 0.2, Sum: 0.5]
      [Update RS (ms): Min: 15.1, Avg: 15.3, Max: 15.5, Diff: 0.4, Sum: 122.2]
         [Processed Buffers: Min: 16, Avg: 18.4, Max: 20, Diff: 4, Sum: 147]
      [Scan RS (ms): Min: 16.8, Avg: 17.0, Max: 17.3, Diff: 0.5, Sum: 136.2]
      [Code Root Scanning (ms): Min: 0.0, Avg: 0.0, Max: 0.0, Diff: 0.0, Sum: 0.0]
      [Object Copy (ms): Min: 130.0, Avg: 130.1, Max: 130.1, Diff: 0.1, Sum: 1040.6]
      [Termination (ms): Min: 0.0, Avg: 0.0, Max: 0.0, Diff: 0.0, Sum: 0.0]
         [Termination Attempts: Min: 1, Avg: 2.8, Max: 4, Diff: 3, Sum: 22]
      [GC Worker Other (ms): Min: 0.0, Avg: 0.1, Max: 0.1, Diff: 0.1, Sum: 0.4]
      [GC Worker Total (ms): Min: 162.4, Avg: 162.5, Max: 162.6, Diff: 0.2, Sum: 1299.9]
      [GC Worker End (ms): Min: 119038.8, Avg: 119038.8, Max: 119038.9, Diff: 0.1]
   [Code Root Fixup: 0.0 ms]
   [Code Root Purge: 0.0 ms]
   [Clear CT: 0.2 ms]
   [Other: 2.1 ms]
      [Choose CSet: 0.0 ms]
      [Ref Proc: 0.2 ms]
      [Ref Enq: 0.0 ms]
      [Redirty Cards: 1.3 ms]
      [Humongous Register: 0.0 ms]
      [Humongous Reclaim: 0.0 ms]
      [Free CSet: 0.3 ms]
   [Eden: 306.0M(306.0M)->0.0B(308.0M) Survivors: 45.0M->44.0M Heap: 1105.4M(2048.0M)->1107.4M(2048.0M)]
 [Times: user=1.23 sys=0.02, real=0.16 secs] 
2020-09-29T12:25:52.775+0200: 119.062: [GC pause (G1 Humongous Allocation) (young) (initial-mark), 0.0555233 secs]
   [Parallel Time: 54.6 ms, GC Workers: 8]
      [GC Worker Start (ms): Min: 119061.8, Avg: 119061.9, Max: 119062.0, Diff: 0.2]
      [Ext Root Scanning (ms): Min: 0.0, Avg: 1.3, Max: 8.6, Diff: 8.6, Sum: 10.6]
      [Update RS (ms): Min: 19.1, Avg: 26.6, Max: 27.9, Diff: 8.8, Sum: 212.6]
         [Processed Buffers: Min: 24, Avg: 31.9, Max: 35, Diff: 11, Sum: 255]
      [Scan RS (ms): Min: 2.5, Avg: 2.8, Max: 3.3, Diff: 0.9, Sum: 22.2]
      [Code Root Scanning (ms): Min: 0.0, Avg: 0.0, Max: 0.0, Diff: 0.0, Sum: 0.0]
      [Object Copy (ms): Min: 23.0, Avg: 23.6, Max: 23.7, Diff: 0.7, Sum: 188.8]
      [Termination (ms): Min: 0.0, Avg: 0.1, Max: 0.1, Diff: 0.1, Sum: 0.4]
         [Termination Attempts: Min: 1, Avg: 412.0, Max: 538, Diff: 537, Sum: 3296]
      [GC Worker Other (ms): Min: 0.0, Avg: 0.0, Max: 0.0, Diff: 0.0, Sum: 0.2]
      [GC Worker Total (ms): Min: 54.3, Avg: 54.4, Max: 54.5, Diff: 0.2, Sum: 434.8]
      [GC Worker End (ms): Min: 119116.3, Avg: 119116.3, Max: 119116.3, Diff: 0.0]
   [Code Root Fixup: 0.0 ms]
   [Code Root Purge: 0.0 ms]
   [Clear CT: 0.2 ms]
   [Other: 0.7 ms]
      [Choose CSet: 0.0 ms]
      [Ref Proc: 0.2 ms]
      [Ref Enq: 0.0 ms]
      [Redirty Cards: 0.2 ms]
      [Humongous Register: 0.0 ms]
      [Humongous Reclaim: 0.0 ms]
      [Free CSet: 0.1 ms]
   [Eden: 10.0M(308.0M)->0.0B(343.0M) Survivors: 44.0M->12.0M Heap: 1116.9M(2048.0M)->1121.4M(2048.0M)]
 [Times: user=0.36 sys=0.00, real=0.05 secs] 
2020-09-29T12:25:52.830+0200: 119.117: [GC concurrent-root-region-scan-start]
2020-09-29T12:25:52.834+0200: 119.121: [GC concurrent-root-region-scan-end, 0.0033100 secs]
2020-09-29T12:25:52.834+0200: 119.121: [GC concurrent-mark-start]
2020-09-29T12:25:52.838+0200: 119.124: [GC concurrent-mark-end, 0.0036978 secs]
2020-09-29T12:25:52.838+0200: 119.125: [GC remark 2020-09-29T12:25:52.838+0200: 119.125: [Finalize Marking, 0.0005442 secs] 2020-09-29T12:25:52.838+0200: 119.125: [GC ref-proc, 0.0003145 secs] 2020-09-29T12:25:52.839+0200: 119.125: [Unloading, 0.0011244 secs], 0.0023840 secs]
 [Times: user=0.00 sys=0.00, real=0.00 secs] 
2020-09-29T12:25:52.840+0200: 119.127: [GC cleanup 1136M->41M(2048M), 0.0013583 secs]
 [Times: user=0.00 sys=0.00, real=0.00 secs] 
2020-09-29T12:25:52.842+0200: 119.129: [GC concurrent-cleanup-start]
2020-09-29T12:25:52.844+0200: 119.131: [GC concurrent-cleanup-end, 0.0022060 secs]
2020-09-29T12:25:53.017+0200: 119.304: [GC pause (G1 Evacuation Pause) (young), 0.1628578 secs]
   [Parallel Time: 161.8 ms, GC Workers: 8]
      [GC Worker Start (ms): Min: 119303.7, Avg: 119303.8, Max: 119303.8, Diff: 0.2]
      [Ext Root Scanning (ms): Min: 0.0, Avg: 0.1, Max: 0.1, Diff: 0.1, Sum: 0.5]
      [Update RS (ms): Min: 15.8, Avg: 16.1, Max: 16.4, Diff: 0.7, Sum: 128.7]
         [Processed Buffers: Min: 17, Avg: 18.8, Max: 20, Diff: 3, Sum: 150]
      [Scan RS (ms): Min: 15.7, Avg: 16.1, Max: 16.4, Diff: 0.7, Sum: 128.4]
      [Code Root Scanning (ms): Min: 0.0, Avg: 0.0, Max: 0.0, Diff: 0.0, Sum: 0.0]
      [Object Copy (ms): Min: 129.2, Avg: 129.3, Max: 129.4, Diff: 0.2, Sum: 1034.4]
      [Termination (ms): Min: 0.0, Avg: 0.0, Max: 0.0, Diff: 0.0, Sum: 0.2]
         [Termination Attempts: Min: 1, Avg: 125.3, Max: 183, Diff: 182, Sum: 1002]
      [GC Worker Other (ms): Min: 0.0, Avg: 0.0, Max: 0.1, Diff: 0.1, Sum: 0.3]
      [GC Worker Total (ms): Min: 161.5, Avg: 161.6, Max: 161.6, Diff: 0.2, Sum: 1292.5]
      [GC Worker End (ms): Min: 119465.3, Avg: 119465.3, Max: 119465.3, Diff: 0.1]
   [Code Root Fixup: 0.0 ms]
   [Code Root Purge: 0.0 ms]
   [Clear CT: 0.2 ms]
   [Other: 0.9 ms]
      [Choose CSet: 0.0 ms]
      [Ref Proc: 0.2 ms]
      [Ref Enq: 0.0 ms]
      [Redirty Cards: 0.2 ms]
      [Humongous Register: 0.0 ms]
      [Humongous Reclaim: 0.0 ms]
      [Free CSet: 0.3 ms]
   [Eden: 343.0M(343.0M)->0.0B(322.0M) Survivors: 12.0M->45.0M Heap: 426.7M(2048.0M)->417.7M(2048.0M)]
 [Times: user=1.36 sys=0.00, real=0.16 secs] 
2020-09-29T12:25:53.350+0200: 119.637: [GC pause (G1 Evacuation Pause) (young), 0.1818668 secs]
   [Parallel Time: 180.7 ms, GC Workers: 8]
      [GC Worker Start (ms): Min: 119636.7, Avg: 119636.8, Max: 119636.9, Diff: 0.2]
      [Ext Root Scanning (ms): Min: 0.0, Avg: 0.1, Max: 0.2, Diff: 0.1, Sum: 0.5]
      [Update RS (ms): Min: 17.9, Avg: 18.0, Max: 18.3, Diff: 0.5, Sum: 143.8]
         [Processed Buffers: Min: 21, Avg: 23.0, Max: 25, Diff: 4, Sum: 184]
      [Scan RS (ms): Min: 16.6, Avg: 16.8, Max: 17.0, Diff: 0.4, Sum: 134.6]
      [Code Root Scanning (ms): Min: 0.0, Avg: 0.0, Max: 0.0, Diff: 0.0, Sum: 0.0]
      [Object Copy (ms): Min: 145.3, Avg: 145.5, Max: 145.8, Diff: 0.5, Sum: 1163.9]
      [Termination (ms): Min: 0.0, Avg: 0.2, Max: 0.2, Diff: 0.2, Sum: 1.2]
         [Termination Attempts: Min: 1, Avg: 1123.9, Max: 1367, Diff: 1366, Sum: 8991]
      [GC Worker Other (ms): Min: 0.0, Avg: 0.0, Max: 0.1, Diff: 0.1, Sum: 0.4]
      [GC Worker Total (ms): Min: 180.5, Avg: 180.6, Max: 180.6, Diff: 0.1, Sum: 1444.5]
      [GC Worker End (ms): Min: 119817.3, Avg: 119817.4, Max: 119817.4, Diff: 0.1]
   [Code Root Fixup: 0.0 ms]
   [Code Root Purge: 0.0 ms]
   [Clear CT: 0.2 ms]
   [Other: 1.0 ms]
      [Choose CSet: 0.0 ms]
      [Ref Proc: 0.1 ms]
      [Ref Enq: 0.0 ms]
      [Redirty Cards: 0.2 ms]
      [Humongous Register: 0.0 ms]
      [Humongous Reclaim: 0.0 ms]
      [Free CSet: 0.4 ms]
   [Eden: 322.0M(322.0M)->0.0B(313.0M) Survivors: 45.0M->46.0M Heap: 795.0M(2048.0M)->797.0M(2048.0M)]
 [Times: user=1.34 sys=0.03, real=0.18 secs] 
2020-09-29T12:25:53.704+0200: 119.991: [GC pause (G1 Evacuation Pause) (young), 0.1721132 secs]
   [Parallel Time: 170.8 ms, GC Workers: 8]
      [GC Worker Start (ms): Min: 119990.8, Avg: 119990.9, Max: 119991.0, Diff: 0.2]
      [Ext Root Scanning (ms): Min: 0.0, Avg: 0.1, Max: 0.2, Diff: 0.1, Sum: 0.6]
      [Update RS (ms): Min: 20.7, Avg: 20.9, Max: 21.2, Diff: 0.5, Sum: 166.8]
         [Processed Buffers: Min: 23, Avg: 25.5, Max: 28, Diff: 5, Sum: 204]
      [Scan RS (ms): Min: 14.3, Avg: 14.6, Max: 14.9, Diff: 0.6, Sum: 117.2]
      [Code Root Scanning (ms): Min: 0.0, Avg: 0.0, Max: 0.0, Diff: 0.0, Sum: 0.0]
      [Object Copy (ms): Min: 134.9, Avg: 135.0, Max: 135.1, Diff: 0.2, Sum: 1080.2]
      [Termination (ms): Min: 0.0, Avg: 0.0, Max: 0.0, Diff: 0.0, Sum: 0.1]
         [Termination Attempts: Min: 1, Avg: 68.4, Max: 84, Diff: 83, Sum: 547]
      [GC Worker Other (ms): Min: 0.0, Avg: 0.0, Max: 0.1, Diff: 0.0, Sum: 0.3]
      [GC Worker Total (ms): Min: 170.6, Avg: 170.7, Max: 170.7, Diff: 0.1, Sum: 1365.2]
      [GC Worker End (ms): Min: 120161.6, Avg: 120161.6, Max: 120161.6, Diff: 0.1]
   [Code Root Fixup: 0.0 ms]
   [Code Root Purge: 0.0 ms]
   [Clear CT: 0.2 ms]
   [Other: 1.1 ms]
      [Choose CSet: 0.0 ms]
      [Ref Proc: 0.2 ms]
      [Ref Enq: 0.0 ms]
      [Redirty Cards: 0.3 ms]
      [Humongous Register: 0.0 ms]
      [Humongous Reclaim: 0.0 ms]
      [Free CSet: 0.3 ms]
   [Eden: 313.0M(313.0M)->0.0B(317.0M) Survivors: 46.0M->45.0M Heap: 1161.5M(2048.0M)->1163.0M(2048.0M)]
 [Times: user=1.34 sys=0.03, real=0.17 secs] 
2020-09-29T12:25:53.893+0200: 120.180: [GC pause (G1 Humongous Allocation) (young) (initial-mark), 0.0568191 secs]
   [Parallel Time: 55.9 ms, GC Workers: 8]
      [GC Worker Start (ms): Min: 120179.8, Avg: 120179.8, Max: 120179.9, Diff: 0.2]
      [Ext Root Scanning (ms): Min: 0.0, Avg: 3.0, Max: 12.8, Diff: 12.8, Sum: 24.3]
      [Update RS (ms): Min: 19.4, Avg: 28.8, Max: 31.9, Diff: 12.6, Sum: 230.7]
         [Processed Buffers: Min: 23, Avg: 32.9, Max: 39, Diff: 16, Sum: 263]
      [Scan RS (ms): Min: 2.6, Avg: 2.8, Max: 3.1, Diff: 0.6, Sum: 22.8]
      [Code Root Scanning (ms): Min: 0.0, Avg: 0.0, Max: 0.0, Diff: 0.0, Sum: 0.0]
      [Object Copy (ms): Min: 20.9, Avg: 21.0, Max: 21.0, Diff: 0.1, Sum: 167.9]
      [Termination (ms): Min: 0.0, Avg: 0.0, Max: 0.0, Diff: 0.0, Sum: 0.1]
         [Termination Attempts: Min: 1, Avg: 101.8, Max: 128, Diff: 127, Sum: 814]
      [GC Worker Other (ms): Min: 0.0, Avg: 0.0, Max: 0.1, Diff: 0.0, Sum: 0.2]
      [GC Worker Total (ms): Min: 55.7, Avg: 55.8, Max: 55.8, Diff: 0.2, Sum: 446.1]
      [GC Worker End (ms): Min: 120235.6, Avg: 120235.6, Max: 120235.6, Diff: 0.0]
   [Code Root Fixup: 0.0 ms]
   [Code Root Purge: 0.0 ms]
   [Clear CT: 0.2 ms]
   [Other: 0.7 ms]
      [Choose CSet: 0.0 ms]
      [Ref Proc: 0.2 ms]
      [Ref Enq: 0.0 ms]
      [Redirty Cards: 0.2 ms]
      [Humongous Register: 0.1 ms]
      [Humongous Reclaim: 0.0 ms]
      [Free CSet: 0.1 ms]
   [Eden: 7168.0K(317.0M)->0.0B(330.0M) Survivors: 45.0M->9216.0K Heap: 1169.5M(2048.0M)->1173.0M(2048.0M)]
 [Times: user=0.47 sys=0.00, real=0.06 secs] 
2020-09-29T12:25:53.950+0200: 120.237: [GC concurrent-root-region-scan-start]
2020-09-29T12:25:53.952+0200: 120.238: [GC concurrent-root-region-scan-end, 0.0015566 secs]
2020-09-29T12:25:53.952+0200: 120.238: [GC concurrent-mark-start]
2020-09-29T12:25:53.955+0200: 120.242: [GC concurrent-mark-end, 0.0036486 secs]
2020-09-29T12:25:53.955+0200: 120.242: [GC remark 2020-09-29T12:25:53.955+0200: 120.242: [Finalize Marking, 0.0001436 secs] 2020-09-29T12:25:53.956+0200: 120.242: [GC ref-proc, 0.0002686 secs] 2020-09-29T12:25:53.956+0200: 120.242: [Unloading, 0.0004759 secs], 0.0012305 secs]
 [Times: user=0.00 sys=0.00, real=0.00 secs] 
2020-09-29T12:25:53.957+0200: 120.243: [GC cleanup 1184M->35M(2048M), 0.0014653 secs]
 [Times: user=0.01 sys=0.02, real=0.00 secs] 
2020-09-29T12:25:53.959+0200: 120.245: [GC concurrent-cleanup-start]
2020-09-29T12:25:53.960+0200: 120.247: [GC concurrent-cleanup-end, 0.0017346 secs]
2020-09-29T12:25:54.123+0200: 120.409: [GC pause (G1 Evacuation Pause) (young), 0.1603264 secs]
   [Parallel Time: 159.1 ms, GC Workers: 8]
      [GC Worker Start (ms): Min: 120409.6, Avg: 120409.6, Max: 120409.7, Diff: 0.2]
      [Ext Root Scanning (ms): Min: 0.0, Avg: 0.1, Max: 0.1, Diff: 0.1, Sum: 0.5]
      [Update RS (ms): Min: 16.4, Avg: 16.6, Max: 17.0, Diff: 0.6, Sum: 133.1]
         [Processed Buffers: Min: 15, Avg: 18.1, Max: 21, Diff: 6, Sum: 145]
      [Scan RS (ms): Min: 15.4, Avg: 16.0, Max: 16.5, Diff: 1.1, Sum: 128.0]
      [Code Root Scanning (ms): Min: 0.0, Avg: 0.0, Max: 0.0, Diff: 0.0, Sum: 0.0]
      [Object Copy (ms): Min: 125.3, Avg: 126.1, Max: 126.4, Diff: 1.1, Sum: 1008.8]
      [Termination (ms): Min: 0.0, Avg: 0.1, Max: 0.1, Diff: 0.1, Sum: 0.7]
         [Termination Attempts: Min: 1, Avg: 624.3, Max: 897, Diff: 896, Sum: 4994]
      [GC Worker Other (ms): Min: 0.0, Avg: 0.0, Max: 0.1, Diff: 0.1, Sum: 0.3]
      [GC Worker Total (ms): Min: 158.8, Avg: 158.9, Max: 159.0, Diff: 0.2, Sum: 1271.4]
      [GC Worker End (ms): Min: 120568.6, Avg: 120568.6, Max: 120568.6, Diff: 0.1]
   [Code Root Fixup: 0.0 ms]
   [Code Root Purge: 0.0 ms]
   [Clear CT: 0.2 ms]
   [Other: 1.0 ms]
      [Choose CSet: 0.0 ms]
      [Ref Proc: 0.2 ms]
      [Ref Enq: 0.0 ms]
      [Redirty Cards: 0.2 ms]
      [Humongous Register: 0.0 ms]
      [Humongous Reclaim: 0.0 ms]
      [Free CSet: 0.3 ms]
   [Eden: 330.0M(330.0M)->0.0B(332.0M) Survivors: 9216.0K->43.0M Heap: 408.8M(2048.0M)->402.3M(2048.0M)]
 [Times: user=1.22 sys=0.00, real=0.16 secs] 
2020-09-29T12:25:54.471+0200: 120.757: [GC pause (G1 Evacuation Pause) (young), 0.1843617 secs]
   [Parallel Time: 183.1 ms, GC Workers: 8]
      [GC Worker Start (ms): Min: 120757.1, Avg: 120757.2, Max: 120757.3, Diff: 0.2]
      [Ext Root Scanning (ms): Min: 0.0, Avg: 0.1, Max: 0.2, Diff: 0.2, Sum: 0.4]
      [Update RS (ms): Min: 15.9, Avg: 16.2, Max: 16.4, Diff: 0.5, Sum: 129.2]
         [Processed Buffers: Min: 17, Avg: 19.0, Max: 21, Diff: 4, Sum: 152]
      [Scan RS (ms): Min: 18.8, Avg: 19.0, Max: 19.3, Diff: 0.5, Sum: 152.2]
      [Code Root Scanning (ms): Min: 0.0, Avg: 0.0, Max: 0.0, Diff: 0.0, Sum: 0.0]
      [Object Copy (ms): Min: 147.4, Avg: 147.4, Max: 147.5, Diff: 0.2, Sum: 1179.5]
      [Termination (ms): Min: 0.0, Avg: 0.1, Max: 0.1, Diff: 0.1, Sum: 0.9]
         [Termination Attempts: Min: 1, Avg: 882.9, Max: 1109, Diff: 1108, Sum: 7063]
      [GC Worker Other (ms): Min: 0.0, Avg: 0.0, Max: 0.1, Diff: 0.1, Sum: 0.4]
      [GC Worker Total (ms): Min: 182.8, Avg: 182.8, Max: 182.9, Diff: 0.2, Sum: 1462.7]
      [GC Worker End (ms): Min: 120940.0, Avg: 120940.0, Max: 120940.0, Diff: 0.1]
   [Code Root Fixup: 0.0 ms]
   [Code Root Purge: 0.0 ms]
   [Clear CT: 0.2 ms]
   [Other: 1.1 ms]
      [Choose CSet: 0.0 ms]
      [Ref Proc: 0.2 ms]
      [Ref Enq: 0.0 ms]
      [Redirty Cards: 0.3 ms]
      [Humongous Register: 0.0 ms]
      [Humongous Reclaim: 0.0 ms]
      [Free CSet: 0.3 ms]
   [Eden: 332.0M(332.0M)->0.0B(318.0M) Survivors: 43.0M->47.0M Heap: 789.6M(2048.0M)->791.1M(2048.0M)]
 [Times: user=1.42 sys=0.08, real=0.18 secs] 
2020-09-29T12:25:54.840+0200: 121.127: [GC pause (G1 Evacuation Pause) (young), 0.1856278 secs]
   [Parallel Time: 184.6 ms, GC Workers: 8]
      [GC Worker Start (ms): Min: 121126.9, Avg: 121126.9, Max: 121127.0, Diff: 0.1]
      [Ext Root Scanning (ms): Min: 0.0, Avg: 0.1, Max: 0.1, Diff: 0.1, Sum: 0.5]
      [Update RS (ms): Min: 15.2, Avg: 15.3, Max: 15.5, Diff: 0.3, Sum: 122.7]
         [Processed Buffers: Min: 17, Avg: 18.6, Max: 20, Diff: 3, Sum: 149]
      [Scan RS (ms): Min: 17.8, Avg: 19.7, Max: 32.3, Diff: 14.4, Sum: 157.8]
      [Code Root Scanning (ms): Min: 0.0, Avg: 0.0, Max: 0.0, Diff: 0.0, Sum: 0.0]
      [Object Copy (ms): Min: 136.7, Avg: 148.9, Max: 150.8, Diff: 14.1, Sum: 1191.3]
      [Termination (ms): Min: 0.0, Avg: 0.4, Max: 0.5, Diff: 0.5, Sum: 3.0]
         [Termination Attempts: Min: 1, Avg: 2519.9, Max: 2972, Diff: 2971, Sum: 20159]
      [GC Worker Other (ms): Min: 0.0, Avg: 0.0, Max: 0.1, Diff: 0.1, Sum: 0.3]
      [GC Worker Total (ms): Min: 184.4, Avg: 184.5, Max: 184.6, Diff: 0.2, Sum: 1475.7]
      [GC Worker End (ms): Min: 121311.4, Avg: 121311.4, Max: 121311.4, Diff: 0.1]
   [Code Root Fixup: 0.0 ms]
   [Code Root Purge: 0.0 ms]
   [Clear CT: 0.2 ms]
   [Other: 0.8 ms]
      [Choose CSet: 0.0 ms]
      [Ref Proc: 0.2 ms]
      [Ref Enq: 0.0 ms]
      [Redirty Cards: 0.2 ms]
      [Humongous Register: 0.0 ms]
      [Humongous Reclaim: 0.0 ms]
      [Free CSet: 0.2 ms]
   [Eden: 318.0M(318.0M)->0.0B(307.0M) Survivors: 47.0M->46.0M Heap: 1162.5M(2048.0M)->1164.0M(2048.0M)]
 [Times: user=1.48 sys=0.00, real=0.19 secs] 
2020-09-29T12:25:55.038+0200: 121.325: [GC pause (G1 Humongous Allocation) (young) (initial-mark), 0.0651190 secs]
   [Parallel Time: 64.4 ms, GC Workers: 8]
      [GC Worker Start (ms): Min: 121324.7, Avg: 121324.7, Max: 121324.8, Diff: 0.1]
      [Ext Root Scanning (ms): Min: 0.0, Avg: 0.7, Max: 2.3, Diff: 2.3, Sum: 5.3]
      [Update RS (ms): Min: 37.6, Avg: 39.4, Max: 40.4, Diff: 2.8, Sum: 315.5]
         [Processed Buffers: Min: 38, Avg: 42.4, Max: 51, Diff: 13, Sum: 339]
      [Scan RS (ms): Min: 2.6, Avg: 2.9, Max: 3.2, Diff: 0.6, Sum: 23.5]
      [Code Root Scanning (ms): Min: 0.0, Avg: 0.0, Max: 0.0, Diff: 0.0, Sum: 0.0]
      [Object Copy (ms): Min: 21.2, Avg: 21.2, Max: 21.3, Diff: 0.1, Sum: 169.7]
      [Termination (ms): Min: 0.0, Avg: 0.0, Max: 0.0, Diff: 0.0, Sum: 0.1]
         [Termination Attempts: Min: 1, Avg: 117.0, Max: 171, Diff: 170, Sum: 936]
      [GC Worker Other (ms): Min: 0.0, Avg: 0.0, Max: 0.0, Diff: 0.0, Sum: 0.1]
      [GC Worker Total (ms): Min: 64.2, Avg: 64.3, Max: 64.3, Diff: 0.1, Sum: 514.4]
      [GC Worker End (ms): Min: 121389.0, Avg: 121389.0, Max: 121389.1, Diff: 0.0]
   [Code Root Fixup: 0.0 ms]
   [Code Root Purge: 0.0 ms]
   [Clear CT: 0.2 ms]
   [Other: 0.5 ms]
      [Choose CSet: 0.0 ms]
      [Ref Proc: 0.1 ms]
      [Ref Enq: 0.0 ms]
      [Redirty Cards: 0.1 ms]
      [Humongous Register: 0.0 ms]
      [Humongous Reclaim: 0.0 ms]
      [Free CSet: 0.1 ms]
   [Eden: 5120.0K(307.0M)->0.0B(331.0M) Survivors: 46.0M->6144.0K Heap: 1168.5M(2048.0M)->1172.0M(2048.0M)]
 [Times: user=0.42 sys=0.00, real=0.06 secs] 
2020-09-29T12:25:55.103+0200: 121.390: [GC concurrent-root-region-scan-start]
2020-09-29T12:25:55.104+0200: 121.391: [GC concurrent-root-region-scan-end, 0.0010309 secs]
2020-09-29T12:25:55.104+0200: 121.391: [GC concurrent-mark-start]
2020-09-29T12:25:55.107+0200: 121.393: [GC concurrent-mark-end, 0.0022568 secs]
2020-09-29T12:25:55.107+0200: 121.393: [GC remark 2020-09-29T12:25:55.107+0200: 121.393: [Finalize Marking, 0.0001508 secs] 2020-09-29T12:25:55.107+0200: 121.394: [GC ref-proc, 0.0002559 secs] 2020-09-29T12:25:55.107+0200: 121.394: [Unloading, 0.0003779 secs], 0.0010257 secs]
 [Times: user=0.00 sys=0.00, real=0.00 secs] 
2020-09-29T12:25:55.108+0200: 121.395: [GC cleanup 1181M->30M(2048M), 0.0009802 secs]
 [Times: user=0.00 sys=0.00, real=0.00 secs] 
2020-09-29T12:25:55.109+0200: 121.396: [GC concurrent-cleanup-start]
2020-09-29T12:25:55.111+0200: 121.397: [GC concurrent-cleanup-end, 0.0014317 secs]
2020-09-29T12:25:55.273+0200: 121.560: [GC pause (G1 Evacuation Pause) (young), 0.1623090 secs]
   [Parallel Time: 161.3 ms, GC Workers: 8]
      [GC Worker Start (ms): Min: 121559.7, Avg: 121559.8, Max: 121559.9, Diff: 0.2]
      [Ext Root Scanning (ms): Min: 0.0, Avg: 0.1, Max: 0.2, Diff: 0.2, Sum: 0.4]
      [Update RS (ms): Min: 15.9, Avg: 16.1, Max: 16.5, Diff: 0.6, Sum: 129.1]
         [Processed Buffers: Min: 18, Avg: 19.1, Max: 20, Diff: 2, Sum: 153]
      [Scan RS (ms): Min: 13.4, Avg: 13.8, Max: 14.2, Diff: 0.8, Sum: 110.7]
      [Code Root Scanning (ms): Min: 0.0, Avg: 0.0, Max: 0.0, Diff: 0.0, Sum: 0.0]
      [Object Copy (ms): Min: 130.6, Avg: 130.8, Max: 131.1, Diff: 0.5, Sum: 1046.3]
      [Termination (ms): Min: 0.0, Avg: 0.2, Max: 0.3, Diff: 0.3, Sum: 1.7]
         [Termination Attempts: Min: 1, Avg: 1476.4, Max: 1739, Diff: 1738, Sum: 11811]
      [GC Worker Other (ms): Min: 0.0, Avg: 0.0, Max: 0.1, Diff: 0.1, Sum: 0.3]
      [GC Worker Total (ms): Min: 161.0, Avg: 161.1, Max: 161.2, Diff: 0.2, Sum: 1288.6]
      [GC Worker End (ms): Min: 121720.9, Avg: 121720.9, Max: 121720.9, Diff: 0.1]
   [Code Root Fixup: 0.0 ms]
   [Code Root Purge: 0.0 ms]
   [Clear CT: 0.2 ms]
   [Other: 0.9 ms]
      [Choose CSet: 0.0 ms]
      [Ref Proc: 0.1 ms]
      [Ref Enq: 0.0 ms]
      [Redirty Cards: 0.2 ms]
      [Humongous Register: 0.0 ms]
      [Humongous Reclaim: 0.0 ms]
      [Free CSet: 0.2 ms]
   [Eden: 331.0M(331.0M)->0.0B(321.0M) Survivors: 6144.0K->43.0M Heap: 407.3M(2048.0M)->402.8M(2048.0M)]
 [Times: user=1.23 sys=0.00, real=0.16 secs] 
2020-09-29T12:25:55.612+0200: 121.899: [GC pause (G1 Evacuation Pause) (young), 0.1906594 secs]
   [Parallel Time: 189.0 ms, GC Workers: 8]
      [GC Worker Start (ms): Min: 121898.9, Avg: 121899.0, Max: 121899.0, Diff: 0.1]
      [Ext Root Scanning (ms): Min: 0.0, Avg: 0.1, Max: 0.2, Diff: 0.1, Sum: 0.6]
      [Update RS (ms): Min: 25.8, Avg: 26.2, Max: 26.6, Diff: 0.8, Sum: 209.8]
         [Processed Buffers: Min: 23, Avg: 26.3, Max: 29, Diff: 6, Sum: 210]
      [Scan RS (ms): Min: 17.0, Avg: 17.3, Max: 17.6, Diff: 0.6, Sum: 138.7]
      [Code Root Scanning (ms): Min: 0.0, Avg: 0.0, Max: 0.0, Diff: 0.0, Sum: 0.0]
      [Object Copy (ms): Min: 145.0, Avg: 145.1, Max: 145.2, Diff: 0.2, Sum: 1161.0]
      [Termination (ms): Min: 0.0, Avg: 0.0, Max: 0.1, Diff: 0.1, Sum: 0.3]
         [Termination Attempts: Min: 1, Avg: 261.6, Max: 353, Diff: 352, Sum: 2093]
      [GC Worker Other (ms): Min: 0.0, Avg: 0.0, Max: 0.1, Diff: 0.1, Sum: 0.3]
      [GC Worker Total (ms): Min: 188.8, Avg: 188.8, Max: 188.9, Diff: 0.1, Sum: 1510.8]
      [GC Worker End (ms): Min: 122087.8, Avg: 122087.8, Max: 122087.8, Diff: 0.1]
   [Code Root Fixup: 0.0 ms]
   [Code Root Purge: 0.0 ms]
   [Clear CT: 0.2 ms]
   [Other: 1.5 ms]
      [Choose CSet: 0.0 ms]
      [Ref Proc: 0.2 ms]
      [Ref Enq: 0.0 ms]
      [Redirty Cards: 0.7 ms]
      [Humongous Register: 0.0 ms]
      [Humongous Reclaim: 0.0 ms]
      [Free CSet: 0.3 ms]
   [Eden: 321.0M(321.0M)->0.0B(303.0M) Survivors: 43.0M->46.0M Heap: 777.2M(2048.0M)->779.2M(2048.0M)]
 [Times: user=1.53 sys=0.01, real=0.19 secs] 
2020-09-29T12:25:55.984+0200: 122.270: [GC pause (G1 Evacuation Pause) (young), 0.1719058 secs]
   [Parallel Time: 170.8 ms, GC Workers: 8]
      [GC Worker Start (ms): Min: 122270.6, Avg: 122270.7, Max: 122270.8, Diff: 0.2]
      [Ext Root Scanning (ms): Min: 0.0, Avg: 0.1, Max: 0.2, Diff: 0.2, Sum: 0.4]
      [Update RS (ms): Min: 16.8, Avg: 17.0, Max: 17.2, Diff: 0.4, Sum: 135.8]
         [Processed Buffers: Min: 16, Avg: 18.6, Max: 20, Diff: 4, Sum: 149]
      [Scan RS (ms): Min: 18.3, Avg: 18.6, Max: 19.1, Diff: 0.8, Sum: 149.0]
      [Code Root Scanning (ms): Min: 0.0, Avg: 0.0, Max: 0.0, Diff: 0.0, Sum: 0.0]
      [Object Copy (ms): Min: 134.5, Avg: 134.9, Max: 135.0, Diff: 0.4, Sum: 1079.0]
      [Termination (ms): Min: 0.0, Avg: 0.0, Max: 0.0, Diff: 0.0, Sum: 0.1]
         [Termination Attempts: Min: 1, Avg: 106.8, Max: 138, Diff: 137, Sum: 854]
      [GC Worker Other (ms): Min: 0.0, Avg: 0.0, Max: 0.1, Diff: 0.1, Sum: 0.3]
      [GC Worker Total (ms): Min: 170.5, Avg: 170.6, Max: 170.7, Diff: 0.2, Sum: 1364.6]
      [GC Worker End (ms): Min: 122441.3, Avg: 122441.3, Max: 122441.3, Diff: 0.1]
   [Code Root Fixup: 0.0 ms]
   [Code Root Purge: 0.0 ms]
   [Clear CT: 0.2 ms]
   [Other: 0.9 ms]
      [Choose CSet: 0.0 ms]
      [Ref Proc: 0.1 ms]
      [Ref Enq: 0.0 ms]
      [Redirty Cards: 0.3 ms]
      [Humongous Register: 0.0 ms]
      [Humongous Reclaim: 0.0 ms]
      [Free CSet: 0.2 ms]
   [Eden: 303.0M(303.0M)->0.0B(305.0M) Survivors: 46.0M->44.0M Heap: 1133.7M(2048.0M)->1136.2M(2048.0M)]
 [Times: user=1.31 sys=0.06, real=0.17 secs] 
2020-09-29T12:25:56.166+0200: 122.452: [GC pause (G1 Humongous Allocation) (young) (initial-mark), 0.0568222 secs]
   [Parallel Time: 56.0 ms, GC Workers: 8]
      [GC Worker Start (ms): Min: 122452.3, Avg: 122452.3, Max: 122452.4, Diff: 0.1]
      [Ext Root Scanning (ms): Min: 0.0, Avg: 0.1, Max: 0.1, Diff: 0.1, Sum: 0.6]
      [Update RS (ms): Min: 33.1, Avg: 33.3, Max: 33.5, Diff: 0.4, Sum: 266.1]
         [Processed Buffers: Min: 42, Avg: 42.8, Max: 44, Diff: 2, Sum: 342]
      [Scan RS (ms): Min: 2.4, Avg: 2.7, Max: 2.8, Diff: 0.4, Sum: 21.2]
      [Code Root Scanning (ms): Min: 0.0, Avg: 0.0, Max: 0.0, Diff: 0.0, Sum: 0.0]
      [Object Copy (ms): Min: 19.8, Avg: 19.8, Max: 19.8, Diff: 0.0, Sum: 158.4]
      [Termination (ms): Min: 0.0, Avg: 0.0, Max: 0.0, Diff: 0.0, Sum: 0.1]
         [Termination Attempts: Min: 1, Avg: 54.8, Max: 73, Diff: 72, Sum: 438]
      [GC Worker Other (ms): Min: 0.0, Avg: 0.0, Max: 0.0, Diff: 0.0, Sum: 0.2]
      [GC Worker Total (ms): Min: 55.8, Avg: 55.8, Max: 55.9, Diff: 0.1, Sum: 446.6]
      [GC Worker End (ms): Min: 122508.1, Avg: 122508.1, Max: 122508.2, Diff: 0.0]
   [Code Root Fixup: 0.0 ms]
   [Code Root Purge: 0.0 ms]
   [Clear CT: 0.2 ms]
   [Other: 0.6 ms]
      [Choose CSet: 0.0 ms]
      [Ref Proc: 0.1 ms]
      [Ref Enq: 0.0 ms]
      [Redirty Cards: 0.2 ms]
      [Humongous Register: 0.0 ms]
      [Humongous Reclaim: 0.0 ms]
      [Free CSet: 0.1 ms]
   [Eden: 7168.0K(305.0M)->0.0B(344.0M) Survivors: 44.0M->9216.0K Heap: 1142.7M(2048.0M)->1146.7M(2048.0M)]
 [Times: user=0.38 sys=0.00, real=0.06 secs] 
2020-09-29T12:25:56.223+0200: 122.509: [GC concurrent-root-region-scan-start]
2020-09-29T12:25:56.224+0200: 122.511: [GC concurrent-root-region-scan-end, 0.0015414 secs]
2020-09-29T12:25:56.224+0200: 122.511: [GC concurrent-mark-start]
2020-09-29T12:25:56.228+0200: 122.514: [GC concurrent-mark-end, 0.0034283 secs]
2020-09-29T12:25:56.228+0200: 122.514: [GC remark 2020-09-29T12:25:56.228+0200: 122.514: [Finalize Marking, 0.0002020 secs] 2020-09-29T12:25:56.228+0200: 122.515: [GC ref-proc, 0.0003082 secs] 2020-09-29T12:25:56.229+0200: 122.515: [Unloading, 0.0004938 secs], 0.0013585 secs]
 [Times: user=0.00 sys=0.00, real=0.00 secs] 
2020-09-29T12:25:56.230+0200: 122.516: [GC cleanup 1159M->36M(2048M), 0.0013404 secs]
 [Times: user=0.00 sys=0.00, real=0.00 secs] 
2020-09-29T12:25:56.231+0200: 122.517: [GC concurrent-cleanup-start]
2020-09-29T12:25:56.233+0200: 122.519: [GC concurrent-cleanup-end, 0.0018393 secs]
2020-09-29T12:25:56.413+0200: 122.699: [GC pause (G1 Evacuation Pause) (young), 0.1744089 secs]
   [Parallel Time: 173.1 ms, GC Workers: 8]
      [GC Worker Start (ms): Min: 122699.6, Avg: 122699.7, Max: 122699.8, Diff: 0.2]
      [Ext Root Scanning (ms): Min: 0.0, Avg: 0.1, Max: 0.2, Diff: 0.2, Sum: 0.4]
      [Update RS (ms): Min: 17.1, Avg: 17.1, Max: 17.2, Diff: 0.1, Sum: 137.1]
         [Processed Buffers: Min: 19, Avg: 20.3, Max: 22, Diff: 3, Sum: 162]
      [Scan RS (ms): Min: 16.8, Avg: 16.9, Max: 17.0, Diff: 0.1, Sum: 135.3]
      [Code Root Scanning (ms): Min: 0.0, Avg: 0.0, Max: 0.0, Diff: 0.0, Sum: 0.0]
      [Object Copy (ms): Min: 138.6, Avg: 138.6, Max: 138.8, Diff: 0.2, Sum: 1109.2]
      [Termination (ms): Min: 0.0, Avg: 0.1, Max: 0.1, Diff: 0.1, Sum: 0.7]
         [Termination Attempts: Min: 1, Avg: 627.1, Max: 889, Diff: 888, Sum: 5017]
      [GC Worker Other (ms): Min: 0.0, Avg: 0.1, Max: 0.1, Diff: 0.1, Sum: 0.4]
      [GC Worker Total (ms): Min: 172.8, Avg: 172.9, Max: 173.0, Diff: 0.2, Sum: 1383.1]
      [GC Worker End (ms): Min: 122872.6, Avg: 122872.6, Max: 122872.6, Diff: 0.1]
   [Code Root Fixup: 0.0 ms]
   [Code Root Purge: 0.0 ms]
   [Clear CT: 0.2 ms]
   [Other: 1.0 ms]
      [Choose CSet: 0.0 ms]
      [Ref Proc: 0.2 ms]
      [Ref Enq: 0.0 ms]
      [Redirty Cards: 0.2 ms]
      [Humongous Register: 0.1 ms]
      [Humongous Reclaim: 0.0 ms]
      [Free CSet: 0.3 ms]
   [Eden: 344.0M(344.0M)->0.0B(316.0M) Survivors: 9216.0K->45.0M Heap: 426.6M(2048.0M)->420.1M(2048.0M)]
 [Times: user=1.36 sys=0.00, real=0.17 secs] 
2020-09-29T12:25:56.776+0200: 123.062: [GC pause (G1 Evacuation Pause) (young), 0.1870445 secs]
   [Parallel Time: 185.6 ms, GC Workers: 8]
      [GC Worker Start (ms): Min: 123062.3, Avg: 123062.5, Max: 123062.5, Diff: 0.2]
      [Ext Root Scanning (ms): Min: 0.0, Avg: 0.1, Max: 0.2, Diff: 0.2, Sum: 0.5]
      [Update RS (ms): Min: 18.8, Avg: 18.9, Max: 19.1, Diff: 0.3, Sum: 151.1]
         [Processed Buffers: Min: 16, Avg: 20.0, Max: 24, Diff: 8, Sum: 160]
      [Scan RS (ms): Min: 18.3, Avg: 18.5, Max: 18.6, Diff: 0.4, Sum: 148.0]
      [Code Root Scanning (ms): Min: 0.0, Avg: 0.0, Max: 0.0, Diff: 0.0, Sum: 0.0]
      [Object Copy (ms): Min: 147.5, Avg: 147.6, Max: 147.8, Diff: 0.3, Sum: 1180.7]
      [Termination (ms): Min: 0.0, Avg: 0.2, Max: 0.3, Diff: 0.3, Sum: 1.7]
         [Termination Attempts: Min: 1, Avg: 1463.6, Max: 1867, Diff: 1866, Sum: 11709]
      [GC Worker Other (ms): Min: 0.0, Avg: 0.0, Max: 0.1, Diff: 0.1, Sum: 0.3]
      [GC Worker Total (ms): Min: 185.2, Avg: 185.3, Max: 185.4, Diff: 0.2, Sum: 1482.4]
      [GC Worker End (ms): Min: 123247.7, Avg: 123247.8, Max: 123247.8, Diff: 0.1]
   [Code Root Fixup: 0.0 ms]
   [Code Root Purge: 0.0 ms]
   [Clear CT: 0.6 ms]
   [Other: 0.9 ms]
      [Choose CSet: 0.0 ms]
      [Ref Proc: 0.3 ms]
      [Ref Enq: 0.0 ms]
      [Redirty Cards: 0.2 ms]
      [Humongous Register: 0.0 ms]
      [Humongous Reclaim: 0.0 ms]
      [Free CSet: 0.2 ms]
   [Eden: 316.0M(316.0M)->0.0B(302.0M) Survivors: 45.0M->46.0M Heap: 787.6M(2048.0M)->789.6M(2048.0M)]
 [Times: user=1.39 sys=0.00, real=0.19 secs] 
2020-09-29T12:25:57.127+0200: 123.414: [GC pause (G1 Evacuation Pause) (young), 0.1652849 secs]
   [Parallel Time: 164.1 ms, GC Workers: 8]
      [GC Worker Start (ms): Min: 123413.6, Avg: 123413.7, Max: 123413.8, Diff: 0.2]
      [Ext Root Scanning (ms): Min: 0.0, Avg: 0.1, Max: 0.1, Diff: 0.1, Sum: 0.5]
      [Update RS (ms): Min: 18.2, Avg: 18.3, Max: 18.4, Diff: 0.1, Sum: 146.2]
         [Processed Buffers: Min: 18, Avg: 21.9, Max: 27, Diff: 9, Sum: 175]
      [Scan RS (ms): Min: 15.7, Avg: 15.8, Max: 15.9, Diff: 0.3, Sum: 126.4]
      [Code Root Scanning (ms): Min: 0.0, Avg: 0.0, Max: 0.0, Diff: 0.0, Sum: 0.0]
      [Object Copy (ms): Min: 129.5, Avg: 129.6, Max: 129.7, Diff: 0.2, Sum: 1037.1]
      [Termination (ms): Min: 0.0, Avg: 0.0, Max: 0.0, Diff: 0.0, Sum: 0.0]
         [Termination Attempts: Min: 1, Avg: 1.9, Max: 4, Diff: 3, Sum: 15]
      [GC Worker Other (ms): Min: 0.0, Avg: 0.0, Max: 0.1, Diff: 0.1, Sum: 0.4]
      [GC Worker Total (ms): Min: 163.8, Avg: 163.8, Max: 163.9, Diff: 0.1, Sum: 1310.6]
      [GC Worker End (ms): Min: 123577.5, Avg: 123577.6, Max: 123577.6, Diff: 0.1]
   [Code Root Fixup: 0.0 ms]
   [Code Root Purge: 0.0 ms]
   [Clear CT: 0.2 ms]
   [Other: 1.0 ms]
      [Choose CSet: 0.0 ms]
      [Ref Proc: 0.2 ms]
      [Ref Enq: 0.0 ms]
      [Redirty Cards: 0.2 ms]
      [Humongous Register: 0.0 ms]
      [Humongous Reclaim: 0.0 ms]
      [Free CSet: 0.3 ms]
   [Eden: 302.0M(302.0M)->0.0B(311.0M) Survivors: 46.0M->44.0M Heap: 1143.1M(2048.0M)->1145.1M(2048.0M)]
 [Times: user=1.36 sys=0.02, real=0.16 secs] 
2020-09-29T12:25:57.309+0200: 123.596: [GC pause (G1 Humongous Allocation) (young) (initial-mark), 0.0584907 secs]
   [Parallel Time: 57.5 ms, GC Workers: 8]
      [GC Worker Start (ms): Min: 123595.9, Avg: 123596.0, Max: 123596.0, Diff: 0.1]
      [Ext Root Scanning (ms): Min: 0.0, Avg: 0.1, Max: 0.1, Diff: 0.1, Sum: 0.7]
      [Update RS (ms): Min: 32.1, Avg: 32.3, Max: 32.5, Diff: 0.4, Sum: 258.7]
         [Processed Buffers: Min: 37, Avg: 38.6, Max: 41, Diff: 4, Sum: 309]
      [Scan RS (ms): Min: 2.6, Avg: 2.8, Max: 3.1, Diff: 0.4, Sum: 22.4]
      [Code Root Scanning (ms): Min: 0.0, Avg: 0.0, Max: 0.0, Diff: 0.0, Sum: 0.0]
      [Object Copy (ms): Min: 22.1, Avg: 22.1, Max: 22.1, Diff: 0.1, Sum: 176.9]
      [Termination (ms): Min: 0.0, Avg: 0.0, Max: 0.0, Diff: 0.0, Sum: 0.0]
         [Termination Attempts: Min: 1, Avg: 9.9, Max: 18, Diff: 17, Sum: 79]
      [GC Worker Other (ms): Min: 0.0, Avg: 0.0, Max: 0.0, Diff: 0.0, Sum: 0.2]
      [GC Worker Total (ms): Min: 57.3, Avg: 57.3, Max: 57.4, Diff: 0.1, Sum: 458.8]
      [GC Worker End (ms): Min: 123653.3, Avg: 123653.3, Max: 123653.3, Diff: 0.0]
   [Code Root Fixup: 0.0 ms]
   [Code Root Purge: 0.0 ms]
   [Clear CT: 0.2 ms]
   [Other: 0.8 ms]
      [Choose CSet: 0.0 ms]
      [Ref Proc: 0.2 ms]
      [Ref Enq: 0.0 ms]
      [Redirty Cards: 0.2 ms]
      [Humongous Register: 0.1 ms]
      [Humongous Reclaim: 0.0 ms]
      [Free CSet: 0.1 ms]
   [Eden: 11.0M(311.0M)->0.0B(337.0M) Survivors: 44.0M->14.0M Heap: 1156.1M(2048.0M)->1160.1M(2048.0M)]
 [Times: user=0.50 sys=0.00, real=0.06 secs] 
2020-09-29T12:25:57.368+0200: 123.654: [GC concurrent-root-region-scan-start]
2020-09-29T12:25:57.371+0200: 123.658: [GC concurrent-root-region-scan-end, 0.0035014 secs]
2020-09-29T12:25:57.371+0200: 123.658: [GC concurrent-mark-start]
2020-09-29T12:25:57.375+0200: 123.662: [GC concurrent-mark-end, 0.0039260 secs]
2020-09-29T12:25:57.376+0200: 123.662: [GC remark 2020-09-29T12:25:57.376+0200: 123.662: [Finalize Marking, 0.0003049 secs] 2020-09-29T12:25:57.376+0200: 123.663: [GC ref-proc, 0.0003757 secs] 2020-09-29T12:25:57.376+0200: 123.663: [Unloading, 0.0006325 secs], 0.0016591 secs]
 [Times: user=0.00 sys=0.00, real=0.00 secs] 
2020-09-29T12:25:57.378+0200: 123.664: [GC cleanup 1176M->45M(2048M), 0.0014066 secs]
 [Times: user=0.00 sys=0.00, real=0.00 secs] 
2020-09-29T12:25:57.379+0200: 123.666: [GC concurrent-cleanup-start]
2020-09-29T12:25:57.381+0200: 123.668: [GC concurrent-cleanup-end, 0.0018029 secs]
2020-09-29T12:25:57.568+0200: 123.854: [GC pause (G1 Evacuation Pause) (young), 0.1675941 secs]
   [Parallel Time: 166.4 ms, GC Workers: 8]
      [GC Worker Start (ms): Min: 123854.6, Avg: 123854.7, Max: 123854.8, Diff: 0.2]
      [Ext Root Scanning (ms): Min: 0.0, Avg: 0.1, Max: 0.2, Diff: 0.2, Sum: 0.5]
      [Update RS (ms): Min: 26.9, Avg: 27.0, Max: 27.1, Diff: 0.2, Sum: 215.8]
         [Processed Buffers: Min: 26, Avg: 29.0, Max: 32, Diff: 6, Sum: 232]
      [Scan RS (ms): Min: 12.9, Avg: 13.1, Max: 13.2, Diff: 0.3, Sum: 104.5]
      [Code Root Scanning (ms): Min: 0.0, Avg: 0.0, Max: 0.0, Diff: 0.0, Sum: 0.0]
      [Object Copy (ms): Min: 125.9, Avg: 126.0, Max: 126.0, Diff: 0.1, Sum: 1007.9]
      [Termination (ms): Min: 0.0, Avg: 0.0, Max: 0.0, Diff: 0.0, Sum: 0.2]
         [Termination Attempts: Min: 1, Avg: 191.6, Max: 242, Diff: 241, Sum: 1533]
      [GC Worker Other (ms): Min: 0.0, Avg: 0.0, Max: 0.1, Diff: 0.1, Sum: 0.4]
      [GC Worker Total (ms): Min: 166.1, Avg: 166.2, Max: 166.3, Diff: 0.2, Sum: 1329.3]
      [GC Worker End (ms): Min: 124020.8, Avg: 124020.9, Max: 124020.9, Diff: 0.1]
   [Code Root Fixup: 0.0 ms]
   [Code Root Purge: 0.0 ms]
   [Clear CT: 0.2 ms]
   [Other: 1.0 ms]
      [Choose CSet: 0.0 ms]
      [Ref Proc: 0.1 ms]
      [Ref Enq: 0.0 ms]
      [Redirty Cards: 0.3 ms]
      [Humongous Register: 0.0 ms]
      [Humongous Reclaim: 0.0 ms]
      [Free CSet: 0.3 ms]
   [Eden: 337.0M(337.0M)->0.0B(329.0M) Survivors: 14.0M->44.0M Heap: 422.7M(2048.0M)->410.7M(2048.0M)]
 [Times: user=1.25 sys=0.00, real=0.17 secs] 
2020-09-29T12:25:57.928+0200: 124.214: [GC pause (G1 Evacuation Pause) (young), 0.1796995 secs]
   [Parallel Time: 178.6 ms, GC Workers: 8]
      [GC Worker Start (ms): Min: 124214.5, Avg: 124214.6, Max: 124214.7, Diff: 0.2]
      [Ext Root Scanning (ms): Min: 0.0, Avg: 0.1, Max: 0.2, Diff: 0.2, Sum: 0.7]
      [Update RS (ms): Min: 20.3, Avg: 20.4, Max: 20.5, Diff: 0.2, Sum: 163.5]
         [Processed Buffers: Min: 24, Avg: 25.1, Max: 29, Diff: 5, Sum: 201]
      [Scan RS (ms): Min: 16.1, Avg: 16.3, Max: 16.8, Diff: 0.7, Sum: 130.1]
      [Code Root Scanning (ms): Min: 0.0, Avg: 0.0, Max: 0.0, Diff: 0.0, Sum: 0.0]
      [Object Copy (ms): Min: 141.0, Avg: 141.5, Max: 141.7, Diff: 0.7, Sum: 1132.1]
      [Termination (ms): Min: 0.0, Avg: 0.1, Max: 0.1, Diff: 0.1, Sum: 0.5]
         [Termination Attempts: Min: 1, Avg: 388.1, Max: 476, Diff: 475, Sum: 3105]
      [GC Worker Other (ms): Min: 0.0, Avg: 0.0, Max: 0.1, Diff: 0.0, Sum: 0.2]
      [GC Worker Total (ms): Min: 178.3, Avg: 178.4, Max: 178.5, Diff: 0.2, Sum: 1427.1]
      [GC Worker End (ms): Min: 124393.0, Avg: 124393.0, Max: 124393.0, Diff: 0.0]
   [Code Root Fixup: 0.0 ms]
   [Code Root Purge: 0.0 ms]
   [Clear CT: 0.2 ms]
   [Other: 0.9 ms]
      [Choose CSet: 0.0 ms]
      [Ref Proc: 0.1 ms]
      [Ref Enq: 0.0 ms]
      [Redirty Cards: 0.3 ms]
      [Humongous Register: 0.0 ms]
      [Humongous Reclaim: 0.0 ms]
      [Free CSet: 0.3 ms]
   [Eden: 329.0M(329.0M)->0.0B(322.0M) Survivors: 44.0M->47.0M Heap: 795.0M(2048.0M)->796.5M(2048.0M)]
 [Times: user=1.36 sys=0.01, real=0.18 secs] 
2020-09-29T12:25:58.305+0200: 124.591: [GC pause (G1 Evacuation Pause) (young), 0.1742697 secs]
   [Parallel Time: 173.1 ms, GC Workers: 8]
      [GC Worker Start (ms): Min: 124591.6, Avg: 124591.7, Max: 124591.8, Diff: 0.2]
      [Ext Root Scanning (ms): Min: 0.0, Avg: 0.1, Max: 0.2, Diff: 0.2, Sum: 0.5]
      [Update RS (ms): Min: 16.4, Avg: 16.5, Max: 16.6, Diff: 0.2, Sum: 131.8]
         [Processed Buffers: Min: 17, Avg: 18.6, Max: 21, Diff: 4, Sum: 149]
      [Scan RS (ms): Min: 19.1, Avg: 19.2, Max: 19.2, Diff: 0.1, Sum: 153.4]
      [Code Root Scanning (ms): Min: 0.0, Avg: 0.0, Max: 0.0, Diff: 0.0, Sum: 0.0]
      [Object Copy (ms): Min: 136.9, Avg: 137.0, Max: 137.0, Diff: 0.1, Sum: 1096.0]
      [Termination (ms): Min: 0.0, Avg: 0.0, Max: 0.1, Diff: 0.1, Sum: 0.4]
         [Termination Attempts: Min: 1, Avg: 301.1, Max: 393, Diff: 392, Sum: 2409]
      [GC Worker Other (ms): Min: 0.0, Avg: 0.0, Max: 0.1, Diff: 0.1, Sum: 0.4]
      [GC Worker Total (ms): Min: 172.7, Avg: 172.8, Max: 172.9, Diff: 0.2, Sum: 1382.4]
      [GC Worker End (ms): Min: 124764.5, Avg: 124764.5, Max: 124764.6, Diff: 0.1]
   [Code Root Fixup: 0.0 ms]
   [Code Root Purge: 0.0 ms]
   [Clear CT: 0.2 ms]
   [Other: 1.0 ms]
      [Choose CSet: 0.0 ms]
      [Ref Proc: 0.2 ms]
      [Ref Enq: 0.0 ms]
      [Redirty Cards: 0.2 ms]
      [Humongous Register: 0.0 ms]
      [Humongous Reclaim: 0.0 ms]
      [Free CSet: 0.3 ms]
   [Eden: 322.0M(322.0M)->0.0B(319.0M) Survivors: 47.0M->47.0M Heap: 1171.9M(2048.0M)->1174.4M(2048.0M)]
 [Times: user=1.34 sys=0.02, real=0.17 secs] 
2020-09-29T12:25:58.493+0200: 124.780: [GC pause (G1 Humongous Allocation) (young) (initial-mark), 0.0588267 secs]
   [Parallel Time: 57.8 ms, GC Workers: 8]
      [GC Worker Start (ms): Min: 124779.9, Avg: 124779.9, Max: 124780.0, Diff: 0.1]
      [Ext Root Scanning (ms): Min: 0.0, Avg: 0.2, Max: 0.5, Diff: 0.5, Sum: 1.4]
      [Update RS (ms): Min: 32.2, Avg: 32.8, Max: 33.2, Diff: 1.0, Sum: 262.3]
         [Processed Buffers: Min: 38, Avg: 39.5, Max: 41, Diff: 3, Sum: 316]
      [Scan RS (ms): Min: 2.6, Avg: 2.9, Max: 3.2, Diff: 0.7, Sum: 23.4]
      [Code Root Scanning (ms): Min: 0.0, Avg: 0.0, Max: 0.0, Diff: 0.0, Sum: 0.0]
      [Object Copy (ms): Min: 21.7, Avg: 21.8, Max: 21.8, Diff: 0.1, Sum: 174.3]
      [Termination (ms): Min: 0.0, Avg: 0.0, Max: 0.0, Diff: 0.0, Sum: 0.0]
         [Termination Attempts: Min: 1, Avg: 13.4, Max: 19, Diff: 18, Sum: 107]
      [GC Worker Other (ms): Min: 0.0, Avg: 0.0, Max: 0.0, Diff: 0.0, Sum: 0.2]
      [GC Worker Total (ms): Min: 57.6, Avg: 57.7, Max: 57.7, Diff: 0.1, Sum: 461.6]
      [GC Worker End (ms): Min: 124837.6, Avg: 124837.6, Max: 124837.6, Diff: 0.0]
   [Code Root Fixup: 0.0 ms]
   [Code Root Purge: 0.0 ms]
   [Clear CT: 0.2 ms]
   [Other: 0.8 ms]
      [Choose CSet: 0.0 ms]
      [Ref Proc: 0.2 ms]
      [Ref Enq: 0.0 ms]
      [Redirty Cards: 0.2 ms]
      [Humongous Register: 0.1 ms]
      [Humongous Reclaim: 0.0 ms]
      [Free CSet: 0.1 ms]
   [Eden: 8192.0K(319.0M)->0.0B(325.0M) Survivors: 47.0M->9216.0K Heap: 1182.4M(2048.0M)->1184.9M(2048.0M)]
 [Times: user=0.38 sys=0.00, real=0.06 secs] 
2020-09-29T12:25:58.552+0200: 124.839: [GC concurrent-root-region-scan-start]
2020-09-29T12:25:58.555+0200: 124.842: [GC concurrent-root-region-scan-end, 0.0028547 secs]
2020-09-29T12:25:58.555+0200: 124.842: [GC concurrent-mark-start]
2020-09-29T12:25:58.559+0200: 124.845: [GC concurrent-mark-end, 0.0036600 secs]
2020-09-29T12:25:58.559+0200: 124.845: [GC remark 2020-09-29T12:25:58.559+0200: 124.845: [Finalize Marking, 0.0002125 secs] 2020-09-29T12:25:58.559+0200: 124.846: [GC ref-proc, 0.0003814 secs] 2020-09-29T12:25:58.560+0200: 124.846: [Unloading, 0.0004887 secs], 0.0014462 secs]
 [Times: user=0.00 sys=0.00, real=0.00 secs] 
2020-09-29T12:25:58.561+0200: 124.847: [GC cleanup 1200M->39M(2048M), 0.0013961 secs]
 [Times: user=0.00 sys=0.00, real=0.00 secs] 
2020-09-29T12:25:58.562+0200: 124.849: [GC concurrent-cleanup-start]
2020-09-29T12:25:58.564+0200: 124.851: [GC concurrent-cleanup-end, 0.0021586 secs]
2020-09-29T12:25:58.744+0200: 125.030: [GC pause (G1 Evacuation Pause) (young), 0.1676685 secs]
   [Parallel Time: 161.8 ms, GC Workers: 8]
      [GC Worker Start (ms): Min: 125030.4, Avg: 125030.5, Max: 125030.6, Diff: 0.1]
      [Ext Root Scanning (ms): Min: 0.0, Avg: 0.1, Max: 0.1, Diff: 0.1, Sum: 0.6]
      [Update RS (ms): Min: 16.8, Avg: 17.0, Max: 17.6, Diff: 0.8, Sum: 136.2]
         [Processed Buffers: Min: 9, Avg: 16.6, Max: 20, Diff: 11, Sum: 133]
      [Scan RS (ms): Min: 18.2, Avg: 18.6, Max: 19.2, Diff: 1.0, Sum: 148.5]
      [Code Root Scanning (ms): Min: 0.0, Avg: 0.0, Max: 0.0, Diff: 0.0, Sum: 0.0]
      [Object Copy (ms): Min: 124.6, Avg: 125.8, Max: 126.1, Diff: 1.5, Sum: 1006.6]
      [Termination (ms): Min: 0.0, Avg: 0.0, Max: 0.0, Diff: 0.0, Sum: 0.1]
         [Termination Attempts: Min: 1, Avg: 101.3, Max: 147, Diff: 146, Sum: 810]
      [GC Worker Other (ms): Min: 0.0, Avg: 0.1, Max: 0.1, Diff: 0.1, Sum: 0.5]
      [GC Worker Total (ms): Min: 161.5, Avg: 161.6, Max: 161.6, Diff: 0.1, Sum: 1292.6]
      [GC Worker End (ms): Min: 125192.0, Avg: 125192.1, Max: 125192.1, Diff: 0.1]
   [Code Root Fixup: 0.0 ms]
   [Code Root Purge: 0.0 ms]
   [Clear CT: 0.4 ms]
   [Other: 5.4 ms]
      [Choose CSet: 0.0 ms]
      [Ref Proc: 1.1 ms]
      [Ref Enq: 0.0 ms]
      [Redirty Cards: 2.4 ms]
      [Humongous Register: 0.0 ms]
      [Humongous Reclaim: 0.0 ms]
      [Free CSet: 1.7 ms]
   [Eden: 325.0M(325.0M)->0.0B(320.0M) Survivors: 9216.0K->42.0M Heap: 404.3M(2048.0M)->397.8M(2048.0M)]
 [Times: user=1.23 sys=0.00, real=0.17 secs] 
2020-09-29T12:25:59.084+0200: 125.370: [GC pause (G1 Evacuation Pause) (young), 0.1846951 secs]
   [Parallel Time: 183.4 ms, GC Workers: 8]
      [GC Worker Start (ms): Min: 125370.3, Avg: 125370.4, Max: 125370.4, Diff: 0.2]
      [Ext Root Scanning (ms): Min: 0.0, Avg: 0.1, Max: 0.2, Diff: 0.2, Sum: 0.5]
      [Update RS (ms): Min: 17.8, Avg: 18.0, Max: 18.3, Diff: 0.5, Sum: 144.1]
         [Processed Buffers: Min: 21, Avg: 22.5, Max: 25, Diff: 4, Sum: 180]
      [Scan RS (ms): Min: 16.3, Avg: 17.6, Max: 24.7, Diff: 8.5, Sum: 141.2]
      [Code Root Scanning (ms): Min: 0.0, Avg: 0.0, Max: 0.0, Diff: 0.0, Sum: 0.0]
      [Object Copy (ms): Min: 140.2, Avg: 147.3, Max: 148.4, Diff: 8.2, Sum: 1178.4]
      [Termination (ms): Min: 0.0, Avg: 0.1, Max: 0.1, Diff: 0.1, Sum: 0.7]
         [Termination Attempts: Min: 1, Avg: 667.9, Max: 843, Diff: 842, Sum: 5343]
      [GC Worker Other (ms): Min: 0.0, Avg: 0.1, Max: 0.1, Diff: 0.1, Sum: 0.4]
      [GC Worker Total (ms): Min: 183.1, Avg: 183.2, Max: 183.3, Diff: 0.2, Sum: 1465.3]
      [GC Worker End (ms): Min: 125553.5, Avg: 125553.5, Max: 125553.6, Diff: 0.1]
   [Code Root Fixup: 0.0 ms]
   [Code Root Purge: 0.0 ms]
   [Clear CT: 0.2 ms]
   [Other: 1.0 ms]
      [Choose CSet: 0.0 ms]
      [Ref Proc: 0.3 ms]
      [Ref Enq: 0.0 ms]
      [Redirty Cards: 0.3 ms]
      [Humongous Register: 0.0 ms]
      [Humongous Reclaim: 0.0 ms]
      [Free CSet: 0.3 ms]
   [Eden: 320.0M(320.0M)->0.0B(305.0M) Survivors: 42.0M->46.0M Heap: 771.2M(2048.0M)->772.7M(2048.0M)]
 [Times: user=1.33 sys=0.01, real=0.18 secs] 
2020-09-29T12:25:59.443+0200: 125.730: [GC pause (G1 Evacuation Pause) (young), 0.2032261 secs]
   [Parallel Time: 201.9 ms, GC Workers: 8]
      [GC Worker Start (ms): Min: 125730.2, Avg: 125730.3, Max: 125730.3, Diff: 0.2]
      [Ext Root Scanning (ms): Min: 0.0, Avg: 0.1, Max: 0.2, Diff: 0.2, Sum: 0.6]
      [Update RS (ms): Min: 22.8, Avg: 22.9, Max: 23.5, Diff: 0.7, Sum: 183.2]
         [Processed Buffers: Min: 22, Avg: 24.3, Max: 28, Diff: 6, Sum: 194]
      [Scan RS (ms): Min: 17.9, Avg: 21.2, Max: 41.5, Diff: 23.6, Sum: 169.5]
      [Code Root Scanning (ms): Min: 0.0, Avg: 0.0, Max: 0.0, Diff: 0.0, Sum: 0.0]
      [Object Copy (ms): Min: 137.1, Avg: 157.3, Max: 160.4, Diff: 23.4, Sum: 1258.5]
      [Termination (ms): Min: 0.0, Avg: 0.2, Max: 0.2, Diff: 0.2, Sum: 1.3]
         [Termination Attempts: Min: 1, Avg: 1144.9, Max: 1564, Diff: 1563, Sum: 9159]
      [GC Worker Other (ms): Min: 0.0, Avg: 0.0, Max: 0.1, Diff: 0.1, Sum: 0.3]
      [GC Worker Total (ms): Min: 201.6, Avg: 201.7, Max: 201.8, Diff: 0.2, Sum: 1613.5]
      [GC Worker End (ms): Min: 125931.9, Avg: 125932.0, Max: 125932.0, Diff: 0.1]
   [Code Root Fixup: 0.0 ms]
   [Code Root Purge: 0.0 ms]
   [Clear CT: 0.2 ms]
   [Other: 1.1 ms]
      [Choose CSet: 0.0 ms]
      [Ref Proc: 0.2 ms]
      [Ref Enq: 0.0 ms]
      [Redirty Cards: 0.2 ms]
      [Humongous Register: 0.0 ms]
      [Humongous Reclaim: 0.0 ms]
      [Free CSet: 0.4 ms]
   [Eden: 305.0M(305.0M)->0.0B(274.0M) Survivors: 46.0M->44.0M Heap: 1129.2M(2048.0M)->1131.2M(2048.0M)]
 [Times: user=1.47 sys=0.00, real=0.20 secs] 
2020-09-29T12:25:59.664+0200: 125.951: [GC pause (G1 Humongous Allocation) (young) (initial-mark), 0.0800441 secs]
   [Parallel Time: 79.1 ms, GC Workers: 8]
      [GC Worker Start (ms): Min: 125950.8, Avg: 125950.9, Max: 125951.0, Diff: 0.2]
      [Ext Root Scanning (ms): Min: 0.0, Avg: 3.6, Max: 13.6, Diff: 13.6, Sum: 29.0]
      [Update RS (ms): Min: 23.7, Avg: 34.5, Max: 41.2, Diff: 17.5, Sum: 275.9]
         [Processed Buffers: Min: 10, Avg: 33.5, Max: 42, Diff: 32, Sum: 268]
      [Scan RS (ms): Min: 0.0, Avg: 2.9, Max: 3.6, Diff: 3.5, Sum: 23.0]
      [Code Root Scanning (ms): Min: 0.0, Avg: 0.0, Max: 0.0, Diff: 0.0, Sum: 0.0]
      [Object Copy (ms): Min: 33.9, Avg: 37.7, Max: 38.4, Diff: 4.4, Sum: 301.9]
      [Termination (ms): Min: 0.0, Avg: 0.1, Max: 0.2, Diff: 0.2, Sum: 1.0]
         [Termination Attempts: Min: 1, Avg: 899.5, Max: 1119, Diff: 1118, Sum: 7196]
      [GC Worker Other (ms): Min: 0.0, Avg: 0.0, Max: 0.0, Diff: 0.0, Sum: 0.2]
      [GC Worker Total (ms): Min: 78.8, Avg: 78.9, Max: 79.0, Diff: 0.2, Sum: 631.0]
      [GC Worker End (ms): Min: 126029.7, Avg: 126029.7, Max: 126029.8, Diff: 0.0]
   [Code Root Fixup: 0.0 ms]
   [Code Root Purge: 0.0 ms]
   [Clear CT: 0.2 ms]
   [Other: 0.8 ms]
      [Choose CSet: 0.0 ms]
      [Ref Proc: 0.3 ms]
      [Ref Enq: 0.0 ms]
      [Redirty Cards: 0.2 ms]
      [Humongous Register: 0.0 ms]
      [Humongous Reclaim: 0.0 ms]
      [Free CSet: 0.1 ms]
   [Eden: 12.0M(274.0M)->0.0B(247.0M) Survivors: 44.0M->13.0M Heap: 1142.7M(2048.0M)->1146.2M(2048.0M)]
 [Times: user=0.50 sys=0.00, real=0.08 secs] 
2020-09-29T12:25:59.744+0200: 126.031: [GC concurrent-root-region-scan-start]
2020-09-29T12:25:59.749+0200: 126.035: [GC concurrent-root-region-scan-end, 0.0042119 secs]
2020-09-29T12:25:59.749+0200: 126.035: [GC concurrent-mark-start]
2020-09-29T12:25:59.753+0200: 126.039: [GC concurrent-mark-end, 0.0043174 secs]
2020-09-29T12:25:59.753+0200: 126.040: [GC remark 2020-09-29T12:25:59.753+0200: 126.040: [Finalize Marking, 0.0002160 secs] 2020-09-29T12:25:59.753+0200: 126.040: [GC ref-proc, 0.0003200 secs] 2020-09-29T12:25:59.754+0200: 126.040: [Unloading, 0.0004911 secs], 0.0015521 secs]
 [Times: user=0.05 sys=0.00, real=0.00 secs] 
2020-09-29T12:25:59.755+0200: 126.042: [GC cleanup 1163M->44M(2048M), 0.0020306 secs]
 [Times: user=0.00 sys=0.00, real=0.00 secs] 
2020-09-29T12:25:59.757+0200: 126.044: [GC concurrent-cleanup-start]
2020-09-29T12:25:59.760+0200: 126.046: [GC concurrent-cleanup-end, 0.0023684 secs]
2020-09-29T12:25:59.904+0200: 126.190: [GC pause (G1 Evacuation Pause) (young), 0.1369165 secs]
   [Parallel Time: 135.8 ms, GC Workers: 8]
      [GC Worker Start (ms): Min: 126190.2, Avg: 126190.3, Max: 126190.4, Diff: 0.1]
      [Ext Root Scanning (ms): Min: 0.0, Avg: 0.1, Max: 0.1, Diff: 0.1, Sum: 0.6]
      [Update RS (ms): Min: 13.8, Avg: 14.1, Max: 15.3, Diff: 1.5, Sum: 112.6]
         [Processed Buffers: Min: 15, Avg: 16.4, Max: 19, Diff: 4, Sum: 131]
      [Scan RS (ms): Min: 9.9, Avg: 10.4, Max: 10.6, Diff: 0.7, Sum: 83.2]
      [Code Root Scanning (ms): Min: 0.0, Avg: 0.0, Max: 0.0, Diff: 0.0, Sum: 0.0]
      [Object Copy (ms): Min: 109.3, Avg: 110.9, Max: 111.2, Diff: 1.9, Sum: 887.1]
      [Termination (ms): Min: 0.0, Avg: 0.2, Max: 1.1, Diff: 1.1, Sum: 1.7]
         [Termination Attempts: Min: 1, Avg: 382.9, Max: 551, Diff: 550, Sum: 3063]
      [GC Worker Other (ms): Min: 0.0, Avg: 0.0, Max: 0.1, Diff: 0.0, Sum: 0.3]
      [GC Worker Total (ms): Min: 135.6, Avg: 135.7, Max: 135.7, Diff: 0.1, Sum: 1085.4]
      [GC Worker End (ms): Min: 126325.9, Avg: 126326.0, Max: 126326.0, Diff: 0.0]
   [Code Root Fixup: 0.0 ms]
   [Code Root Purge: 0.0 ms]
   [Clear CT: 0.1 ms]
   [Other: 1.0 ms]
      [Choose CSet: 0.0 ms]
      [Ref Proc: 0.1 ms]
      [Ref Enq: 0.0 ms]
      [Redirty Cards: 0.2 ms]
      [Humongous Register: 0.1 ms]
      [Humongous Reclaim: 0.0 ms]
      [Free CSet: 0.3 ms]
   [Eden: 247.0M(247.0M)->0.0B(254.0M) Survivors: 13.0M->33.0M Heap: 316.5M(2048.0M)->306.5M(2048.0M)]
 [Times: user=1.08 sys=0.00, real=0.14 secs] 
2020-09-29T12:26:00.188+0200: 126.475: [GC pause (G1 Evacuation Pause) (young), 0.1562726 secs]
   [Parallel Time: 155.2 ms, GC Workers: 8]
      [GC Worker Start (ms): Min: 126475.0, Avg: 126475.1, Max: 126475.2, Diff: 0.2]
      [Ext Root Scanning (ms): Min: 0.0, Avg: 0.1, Max: 0.2, Diff: 0.2, Sum: 0.6]
      [Update RS (ms): Min: 19.7, Avg: 19.9, Max: 20.2, Diff: 0.4, Sum: 159.4]
         [Processed Buffers: Min: 23, Avg: 24.0, Max: 27, Diff: 4, Sum: 192]
      [Scan RS (ms): Min: 8.8, Avg: 9.1, Max: 9.3, Diff: 0.5, Sum: 72.7]
      [Code Root Scanning (ms): Min: 0.0, Avg: 0.0, Max: 0.0, Diff: 0.0, Sum: 0.0]
      [Object Copy (ms): Min: 125.6, Avg: 125.7, Max: 125.9, Diff: 0.2, Sum: 1005.7]
      [Termination (ms): Min: 0.0, Avg: 0.2, Max: 0.2, Diff: 0.2, Sum: 1.3]
         [Termination Attempts: Min: 1, Avg: 1275.4, Max: 1592, Diff: 1591, Sum: 10203]
      [GC Worker Other (ms): Min: 0.0, Avg: 0.0, Max: 0.1, Diff: 0.1, Sum: 0.3]
      [GC Worker Total (ms): Min: 154.9, Avg: 155.0, Max: 155.1, Diff: 0.2, Sum: 1240.1]
      [GC Worker End (ms): Min: 126630.1, Avg: 126630.1, Max: 126630.1, Diff: 0.1]
   [Code Root Fixup: 0.0 ms]
   [Code Root Purge: 0.0 ms]
   [Clear CT: 0.2 ms]
   [Other: 0.9 ms]
      [Choose CSet: 0.0 ms]
      [Ref Proc: 0.1 ms]
      [Ref Enq: 0.0 ms]
      [Redirty Cards: 0.2 ms]
      [Humongous Register: 0.1 ms]
      [Humongous Reclaim: 0.0 ms]
      [Free CSet: 0.3 ms]
   [Eden: 254.0M(254.0M)->0.0B(264.0M) Survivors: 33.0M->36.0M Heap: 602.4M(2048.0M)->603.9M(2048.0M)]
 [Times: user=1.23 sys=0.00, real=0.16 secs] 
2020-09-29T12:26:00.505+0200: 126.791: [GC pause (G1 Evacuation Pause) (young), 0.1577072 secs]
   [Parallel Time: 156.6 ms, GC Workers: 8]
      [GC Worker Start (ms): Min: 126791.5, Avg: 126791.6, Max: 126791.6, Diff: 0.1]
      [Ext Root Scanning (ms): Min: 0.0, Avg: 0.1, Max: 0.1, Diff: 0.1, Sum: 0.6]
      [Update RS (ms): Min: 21.8, Avg: 22.2, Max: 22.8, Diff: 1.0, Sum: 177.6]
         [Processed Buffers: Min: 22, Avg: 25.1, Max: 28, Diff: 6, Sum: 201]
      [Scan RS (ms): Min: 8.9, Avg: 9.5, Max: 9.9, Diff: 1.0, Sum: 75.9]
      [Code Root Scanning (ms): Min: 0.0, Avg: 0.0, Max: 0.0, Diff: 0.0, Sum: 0.0]
      [Object Copy (ms): Min: 124.4, Avg: 124.5, Max: 124.6, Diff: 0.1, Sum: 996.0]
      [Termination (ms): Min: 0.0, Avg: 0.1, Max: 0.1, Diff: 0.1, Sum: 0.5]
         [Termination Attempts: Min: 1, Avg: 497.6, Max: 656, Diff: 655, Sum: 3981]
      [GC Worker Other (ms): Min: 0.0, Avg: 0.0, Max: 0.1, Diff: 0.1, Sum: 0.4]
      [GC Worker Total (ms): Min: 156.4, Avg: 156.4, Max: 156.4, Diff: 0.0, Sum: 1251.0]
      [GC Worker End (ms): Min: 126947.9, Avg: 126948.0, Max: 126948.0, Diff: 0.1]
   [Code Root Fixup: 0.0 ms]
   [Code Root Purge: 0.0 ms]
   [Clear CT: 0.2 ms]
   [Other: 0.9 ms]
      [Choose CSet: 0.0 ms]
      [Ref Proc: 0.2 ms]
      [Ref Enq: 0.0 ms]
      [Redirty Cards: 0.2 ms]
      [Humongous Register: 0.0 ms]
      [Humongous Reclaim: 0.0 ms]
      [Free CSet: 0.3 ms]
   [Eden: 264.0M(264.0M)->0.0B(276.0M) Survivors: 36.0M->38.0M Heap: 911.8M(2048.0M)->913.3M(2048.0M)]
 [Times: user=1.22 sys=0.00, real=0.16 secs] 
2020-09-29T12:26:00.805+0200: 127.092: [GC pause (G1 Humongous Allocation) (young) (initial-mark), 0.1631541 secs]
   [Parallel Time: 162.0 ms, GC Workers: 8]
      [GC Worker Start (ms): Min: 127091.9, Avg: 127092.0, Max: 127092.1, Diff: 0.2]
      [Ext Root Scanning (ms): Min: 0.0, Avg: 1.3, Max: 8.3, Diff: 8.3, Sum: 10.5]
      [Update RS (ms): Min: 10.0, Avg: 17.0, Max: 18.6, Diff: 8.6, Sum: 136.4]
         [Processed Buffers: Min: 11, Avg: 19.4, Max: 22, Diff: 11, Sum: 155]
      [Scan RS (ms): Min: 8.8, Avg: 9.2, Max: 9.6, Diff: 0.8, Sum: 73.5]
      [Code Root Scanning (ms): Min: 0.0, Avg: 0.0, Max: 0.0, Diff: 0.0, Sum: 0.0]
      [Object Copy (ms): Min: 133.4, Avg: 133.6, Max: 134.2, Diff: 0.8, Sum: 1068.9]
      [Termination (ms): Min: 0.0, Avg: 0.6, Max: 0.8, Diff: 0.8, Sum: 4.9]
         [Termination Attempts: Min: 1, Avg: 3941.1, Max: 5205, Diff: 5204, Sum: 31529]
      [GC Worker Other (ms): Min: 0.0, Avg: 0.0, Max: 0.1, Diff: 0.1, Sum: 0.4]
      [GC Worker Total (ms): Min: 161.7, Avg: 161.8, Max: 161.9, Diff: 0.2, Sum: 1294.6]
      [GC Worker End (ms): Min: 127253.8, Avg: 127253.8, Max: 127253.8, Diff: 0.1]
   [Code Root Fixup: 0.0 ms]
   [Code Root Purge: 0.0 ms]
   [Clear CT: 0.2 ms]
   [Other: 1.0 ms]
      [Choose CSet: 0.0 ms]
      [Ref Proc: 0.2 ms]
      [Ref Enq: 0.0 ms]
      [Redirty Cards: 0.2 ms]
      [Humongous Register: 0.0 ms]
      [Humongous Reclaim: 0.0 ms]
      [Free CSet: 0.3 ms]
   [Eden: 220.0M(276.0M)->0.0B(266.0M) Survivors: 38.0M->40.0M Heap: 1169.0M(2048.0M)->1170.5M(2048.0M)]
 [Times: user=1.17 sys=0.00, real=0.16 secs] 
2020-09-29T12:26:00.968+0200: 127.255: [GC concurrent-root-region-scan-start]
2020-09-29T12:26:00.982+0200: 127.269: [GC concurrent-root-region-scan-end, 0.0141654 secs]
2020-09-29T12:26:00.982+0200: 127.269: [GC concurrent-mark-start]
2020-09-29T12:26:00.987+0200: 127.274: [GC concurrent-mark-end, 0.0035187 secs]
2020-09-29T12:26:00.987+0200: 127.274: [GC remark 2020-09-29T12:26:00.987+0200: 127.274: [Finalize Marking, 0.0002860 secs] 2020-09-29T12:26:00.987+0200: 127.274: [GC ref-proc, 0.0003914 secs] 2020-09-29T12:26:00.988+0200: 127.275: [Unloading, 0.0004715 secs], 0.0015990 secs]
 [Times: user=0.02 sys=0.02, real=0.00 secs] 
2020-09-29T12:26:00.989+0200: 127.276: [GC cleanup 1206M->90M(2048M), 0.0014715 secs]
 [Times: user=0.00 sys=0.00, real=0.00 secs] 
2020-09-29T12:26:00.990+0200: 127.277: [GC concurrent-cleanup-start]
2020-09-29T12:26:00.992+0200: 127.279: [GC concurrent-cleanup-end, 0.0019981 secs]
2020-09-29T12:26:01.122+0200: 127.409: [GC pause (G1 Evacuation Pause) (young), 0.1385981 secs]
   [Parallel Time: 137.4 ms, GC Workers: 8]
      [GC Worker Start (ms): Min: 127408.8, Avg: 127409.5, Max: 127414.0, Diff: 5.2]
      [Ext Root Scanning (ms): Min: 0.0, Avg: 0.1, Max: 0.1, Diff: 0.1, Sum: 0.6]
      [Update RS (ms): Min: 13.2, Avg: 17.7, Max: 18.9, Diff: 5.7, Sum: 141.7]
         [Processed Buffers: Min: 17, Avg: 21.8, Max: 24, Diff: 7, Sum: 174]
      [Scan RS (ms): Min: 8.7, Avg: 9.2, Max: 9.4, Diff: 0.7, Sum: 73.9]
      [Code Root Scanning (ms): Min: 0.0, Avg: 0.0, Max: 0.0, Diff: 0.0, Sum: 0.0]
      [Object Copy (ms): Min: 109.4, Avg: 109.5, Max: 109.5, Diff: 0.1, Sum: 875.7]
      [Termination (ms): Min: 0.0, Avg: 0.1, Max: 0.1, Diff: 0.1, Sum: 0.7]
         [Termination Attempts: Min: 1, Avg: 359.0, Max: 436, Diff: 435, Sum: 2872]
      [GC Worker Other (ms): Min: 0.0, Avg: 0.0, Max: 0.0, Diff: 0.0, Sum: 0.1]
      [GC Worker Total (ms): Min: 132.1, Avg: 136.6, Max: 137.3, Diff: 5.2, Sum: 1092.8]
      [GC Worker End (ms): Min: 127546.1, Avg: 127546.1, Max: 127546.1, Diff: 0.0]
   [Code Root Fixup: 0.0 ms]
   [Code Root Purge: 0.0 ms]
   [Clear CT: 0.2 ms]
   [Other: 1.0 ms]
      [Choose CSet: 0.0 ms]
      [Ref Proc: 0.2 ms]
      [Ref Enq: 0.0 ms]
      [Redirty Cards: 0.2 ms]
      [Humongous Register: 0.0 ms]
      [Humongous Reclaim: 0.0 ms]
      [Free CSet: 0.3 ms]
   [Eden: 266.0M(266.0M)->0.0B(292.0M) Survivors: 40.0M->39.0M Heap: 366.8M(2048.0M)->328.8M(2048.0M)]
 [Times: user=1.11 sys=0.00, real=0.14 secs] 
2020-09-29T12:26:01.433+0200: 127.720: [GC pause (G1 Evacuation Pause) (young), 0.2111285 secs]
   [Parallel Time: 209.9 ms, GC Workers: 8]
      [GC Worker Start (ms): Min: 127720.2, Avg: 127724.3, Max: 127752.6, Diff: 32.3]
      [Ext Root Scanning (ms): Min: 0.0, Avg: 0.1, Max: 0.1, Diff: 0.1, Sum: 0.6]
      [Update RS (ms): Min: 0.0, Avg: 21.7, Max: 25.1, Diff: 25.1, Sum: 173.4]
         [Processed Buffers: Min: 0, Avg: 21.1, Max: 26, Diff: 26, Sum: 169]
      [Scan RS (ms): Min: 8.4, Avg: 18.0, Max: 40.8, Diff: 32.5, Sum: 143.9]
      [Code Root Scanning (ms): Min: 0.0, Avg: 0.0, Max: 0.0, Diff: 0.0, Sum: 0.0]
      [Object Copy (ms): Min: 144.0, Avg: 165.7, Max: 168.9, Diff: 24.9, Sum: 1325.5]
      [Termination (ms): Min: 0.0, Avg: 0.2, Max: 0.2, Diff: 0.2, Sum: 1.4]
         [Termination Attempts: Min: 1, Avg: 1249.5, Max: 1619, Diff: 1618, Sum: 9996]
      [GC Worker Other (ms): Min: 0.0, Avg: 0.0, Max: 0.1, Diff: 0.1, Sum: 0.3]
      [GC Worker Total (ms): Min: 177.4, Avg: 205.6, Max: 209.8, Diff: 32.3, Sum: 1645.1]
      [GC Worker End (ms): Min: 127929.9, Avg: 127930.0, Max: 127930.0, Diff: 0.1]
   [Code Root Fixup: 0.0 ms]
   [Code Root Purge: 0.0 ms]
   [Clear CT: 0.2 ms]
   [Other: 1.0 ms]
      [Choose CSet: 0.0 ms]
      [Ref Proc: 0.2 ms]
      [Ref Enq: 0.0 ms]
      [Redirty Cards: 0.2 ms]
      [Humongous Register: 0.0 ms]
      [Humongous Reclaim: 0.0 ms]
      [Free CSet: 0.3 ms]
   [Eden: 292.0M(292.0M)->0.0B(263.0M) Survivors: 39.0M->42.0M Heap: 668.5M(2048.0M)->670.5M(2048.0M)]
 [Times: user=1.45 sys=0.00, real=0.21 secs] 
2020-09-29T12:26:01.804+0200: 128.091: [GC pause (G1 Evacuation Pause) (young), 0.1599869 secs]
   [Parallel Time: 158.7 ms, GC Workers: 8]
      [GC Worker Start (ms): Min: 128090.8, Avg: 128090.8, Max: 128090.8, Diff: 0.1]
      [Ext Root Scanning (ms): Min: 0.0, Avg: 0.1, Max: 0.1, Diff: 0.1, Sum: 0.6]
      [Update RS (ms): Min: 18.3, Avg: 18.6, Max: 18.9, Diff: 0.5, Sum: 148.7]
         [Processed Buffers: Min: 19, Avg: 20.9, Max: 24, Diff: 5, Sum: 167]
      [Scan RS (ms): Min: 11.4, Avg: 11.7, Max: 12.0, Diff: 0.6, Sum: 93.7]
      [Code Root Scanning (ms): Min: 0.0, Avg: 0.0, Max: 0.0, Diff: 0.0, Sum: 0.0]
      [Object Copy (ms): Min: 128.0, Avg: 128.1, Max: 128.2, Diff: 0.2, Sum: 1024.6]
      [Termination (ms): Min: 0.0, Avg: 0.1, Max: 0.1, Diff: 0.1, Sum: 0.9]
         [Termination Attempts: Min: 1, Avg: 816.5, Max: 1040, Diff: 1039, Sum: 6532]
      [GC Worker Other (ms): Min: 0.0, Avg: 0.0, Max: 0.1, Diff: 0.0, Sum: 0.4]
      [GC Worker Total (ms): Min: 158.6, Avg: 158.6, Max: 158.7, Diff: 0.1, Sum: 1269.0]
      [GC Worker End (ms): Min: 128249.4, Avg: 128249.4, Max: 128249.4, Diff: 0.0]
   [Code Root Fixup: 0.0 ms]
   [Code Root Purge: 0.0 ms]
   [Clear CT: 0.2 ms]
   [Other: 1.1 ms]
      [Choose CSet: 0.0 ms]
      [Ref Proc: 0.2 ms]
      [Ref Enq: 0.0 ms]
      [Redirty Cards: 0.4 ms]
      [Humongous Register: 0.0 ms]
      [Humongous Reclaim: 0.0 ms]
      [Free CSet: 0.2 ms]
   [Eden: 263.0M(263.0M)->0.0B(277.0M) Survivors: 42.0M->39.0M Heap: 977.3M(2048.0M)->979.3M(2048.0M)]
 [Times: user=1.20 sys=0.02, real=0.16 secs] 
2020-09-29T12:26:01.971+0200: 128.258: [GC pause (G1 Humongous Allocation) (young) (initial-mark), 0.0606550 secs]
   [Parallel Time: 59.7 ms, GC Workers: 8]
      [GC Worker Start (ms): Min: 128258.5, Avg: 128258.7, Max: 128259.4, Diff: 0.9]
      [Ext Root Scanning (ms): Min: 0.0, Avg: 1.2, Max: 3.9, Diff: 3.9, Sum: 9.3]
      [Update RS (ms): Min: 34.4, Avg: 37.1, Max: 37.8, Diff: 3.3, Sum: 297.0]
         [Processed Buffers: Min: 26, Avg: 40.8, Max: 47, Diff: 21, Sum: 326]
      [Scan RS (ms): Min: 2.4, Avg: 2.6, Max: 2.8, Diff: 0.4, Sum: 21.0]
      [Code Root Scanning (ms): Min: 0.0, Avg: 0.0, Max: 0.0, Diff: 0.0, Sum: 0.0]
      [Object Copy (ms): Min: 18.4, Avg: 18.4, Max: 18.5, Diff: 0.1, Sum: 147.4]
      [Termination (ms): Min: 0.0, Avg: 0.0, Max: 0.0, Diff: 0.0, Sum: 0.0]
         [Termination Attempts: Min: 1, Avg: 32.1, Max: 45, Diff: 44, Sum: 257]
      [GC Worker Other (ms): Min: 0.0, Avg: 0.0, Max: 0.1, Diff: 0.1, Sum: 0.2]
      [GC Worker Total (ms): Min: 58.7, Avg: 59.4, Max: 59.5, Diff: 0.9, Sum: 475.0]
      [GC Worker End (ms): Min: 128318.0, Avg: 128318.1, Max: 128318.1, Diff: 0.0]
   [Code Root Fixup: 0.0 ms]
   [Code Root Purge: 0.0 ms]
   [Clear CT: 0.2 ms]
   [Other: 0.8 ms]
      [Choose CSet: 0.0 ms]
      [Ref Proc: 0.2 ms]
      [Ref Enq: 0.0 ms]
      [Redirty Cards: 0.2 ms]
      [Humongous Register: 0.0 ms]
      [Humongous Reclaim: 0.0 ms]
      [Free CSet: 0.1 ms]
   [Eden: 4096.0K(277.0M)->0.0B(313.0M) Survivors: 39.0M->6144.0K Heap: 982.8M(2048.0M)->986.8M(2048.0M)]
 [Times: user=0.47 sys=0.00, real=0.06 secs] 
2020-09-29T12:26:02.032+0200: 128.319: [GC concurrent-root-region-scan-start]
2020-09-29T12:26:02.033+0200: 128.320: [GC concurrent-root-region-scan-end, 0.0008220 secs]
2020-09-29T12:26:02.033+0200: 128.320: [GC concurrent-mark-start]
2020-09-29T12:26:02.036+0200: 128.324: [GC concurrent-mark-end, 0.0035276 secs]
2020-09-29T12:26:02.038+0200: 128.324: [GC remark 2020-09-29T12:26:02.038+0200: 128.324: [Finalize Marking, 0.0009368 secs] 2020-09-29T12:26:02.038+0200: 128.325: [GC ref-proc, 0.0008326 secs] 2020-09-29T12:26:02.039+0200: 128.326: [Unloading, 0.0007380 secs], 0.0028566 secs]
 [Times: user=0.00 sys=0.00, real=0.00 secs] 
2020-09-29T12:26:02.040+0200: 128.327: [GC cleanup 997M->31M(2048M), 0.0029944 secs]
 [Times: user=0.00 sys=0.00, real=0.00 secs] 
2020-09-29T12:26:02.043+0200: 128.330: [GC concurrent-cleanup-start]
2020-09-29T12:26:02.045+0200: 128.332: [GC concurrent-cleanup-end, 0.0013578 secs]
2020-09-29T12:26:02.218+0200: 128.505: [GC pause (G1 Evacuation Pause) (young), 0.1562979 secs]
   [Parallel Time: 155.1 ms, GC Workers: 8]
      [GC Worker Start (ms): Min: 128505.6, Avg: 128505.7, Max: 128505.7, Diff: 0.1]
      [Ext Root Scanning (ms): Min: 0.0, Avg: 0.1, Max: 0.1, Diff: 0.1, Sum: 0.7]
      [Update RS (ms): Min: 16.3, Avg: 16.4, Max: 17.0, Diff: 0.7, Sum: 131.0]
         [Processed Buffers: Min: 18, Avg: 19.4, Max: 23, Diff: 5, Sum: 155]
      [Scan RS (ms): Min: 12.3, Avg: 12.9, Max: 13.2, Diff: 0.9, Sum: 103.5]
      [Code Root Scanning (ms): Min: 0.0, Avg: 0.0, Max: 0.0, Diff: 0.0, Sum: 0.0]
      [Object Copy (ms): Min: 125.2, Avg: 125.3, Max: 125.5, Diff: 0.4, Sum: 1002.6]
      [Termination (ms): Min: 0.0, Avg: 0.1, Max: 0.1, Diff: 0.1, Sum: 0.9]
         [Termination Attempts: Min: 1, Avg: 780.3, Max: 962, Diff: 961, Sum: 6242]
      [GC Worker Other (ms): Min: 0.0, Avg: 0.1, Max: 0.1, Diff: 0.1, Sum: 0.5]
      [GC Worker Total (ms): Min: 154.8, Avg: 154.9, Max: 155.0, Diff: 0.2, Sum: 1239.2]
      [GC Worker End (ms): Min: 128660.5, Avg: 128660.6, Max: 128660.6, Diff: 0.1]
   [Code Root Fixup: 0.0 ms]
   [Code Root Purge: 0.0 ms]
   [Clear CT: 0.2 ms]
   [Other: 1.1 ms]
      [Choose CSet: 0.0 ms]
      [Ref Proc: 0.2 ms]
      [Ref Enq: 0.0 ms]
      [Redirty Cards: 0.2 ms]
      [Humongous Register: 0.1 ms]
      [Humongous Reclaim: 0.0 ms]
      [Free CSet: 0.3 ms]
   [Eden: 313.0M(313.0M)->0.0B(298.0M) Survivors: 6144.0K->40.0M Heap: 386.9M(2048.0M)->383.9M(2048.0M)]
 [Times: user=1.25 sys=0.00, real=0.16 secs] 
2020-09-29T12:26:02.764+0200: 129.051: [GC pause (G1 Evacuation Pause) (young), 0.6469424 secs]
   [Parallel Time: 643.3 ms, GC Workers: 8]
      [GC Worker Start (ms): Min: 129051.1, Avg: 129051.4, Max: 129052.2, Diff: 1.1]
      [Ext Root Scanning (ms): Min: 0.0, Avg: 0.2, Max: 0.4, Diff: 0.4, Sum: 1.8]
      [Update RS (ms): Min: 65.1, Avg: 66.0, Max: 66.9, Diff: 1.8, Sum: 528.4]
         [Processed Buffers: Min: 13, Avg: 22.0, Max: 25, Diff: 12, Sum: 176]
      [Scan RS (ms): Min: 48.7, Avg: 49.3, Max: 49.8, Diff: 1.1, Sum: 394.7]
      [Code Root Scanning (ms): Min: 0.0, Avg: 0.0, Max: 0.0, Diff: 0.0, Sum: 0.1]
      [Object Copy (ms): Min: 525.8, Avg: 526.1, Max: 526.9, Diff: 1.1, Sum: 4208.4]
      [Termination (ms): Min: 0.0, Avg: 0.9, Max: 1.1, Diff: 1.1, Sum: 7.4]
         [Termination Attempts: Min: 1, Avg: 1840.8, Max: 2249, Diff: 2248, Sum: 14726]
      [GC Worker Other (ms): Min: 0.0, Avg: 0.1, Max: 0.2, Diff: 0.2, Sum: 0.8]
      [GC Worker Total (ms): Min: 641.8, Avg: 642.7, Max: 643.1, Diff: 1.2, Sum: 5141.6]
      [GC Worker End (ms): Min: 129694.0, Avg: 129694.1, Max: 129694.2, Diff: 0.2]
   [Code Root Fixup: 0.0 ms]
   [Code Root Purge: 0.0 ms]
   [Clear CT: 0.9 ms]
   [Other: 2.7 ms]
      [Choose CSet: 0.0 ms]
      [Ref Proc: 0.5 ms]
      [Ref Enq: 0.0 ms]
      [Redirty Cards: 0.8 ms]
      [Humongous Register: 0.1 ms]
      [Humongous Reclaim: 0.0 ms]
      [Free CSet: 0.7 ms]
   [Eden: 298.0M(298.0M)->0.0B(59.0M) Survivors: 40.0M->43.0M Heap: 731.5M(2048.0M)->734.0M(2048.0M)]
 [Times: user=4.80 sys=0.08, real=0.65 secs] 
2020-09-29T12:26:03.558+0200: 129.845: [GC pause (G1 Evacuation Pause) (young), 0.2739213 secs]
   [Parallel Time: 271.3 ms, GC Workers: 8]
      [GC Worker Start (ms): Min: 129845.6, Avg: 129849.9, Max: 129877.6, Diff: 32.0]
      [Ext Root Scanning (ms): Min: 0.0, Avg: 0.1, Max: 0.5, Diff: 0.5, Sum: 1.2]
      [Update RS (ms): Min: 46.4, Avg: 74.7, Max: 87.2, Diff: 40.8, Sum: 597.3]
         [Processed Buffers: Min: 13, Avg: 21.8, Max: 26, Diff: 13, Sum: 174]
      [Scan RS (ms): Min: 0.9, Avg: 10.7, Max: 20.1, Diff: 19.1, Sum: 85.5]
      [Code Root Scanning (ms): Min: 0.0, Avg: 0.0, Max: 0.0, Diff: 0.0, Sum: 0.0]
      [Object Copy (ms): Min: 171.9, Avg: 180.4, Max: 182.0, Diff: 10.1, Sum: 1443.1]
      [Termination (ms): Min: 0.0, Avg: 0.5, Max: 0.7, Diff: 0.7, Sum: 4.3]
         [Termination Attempts: Min: 1, Avg: 1047.0, Max: 1248, Diff: 1247, Sum: 8376]
      [GC Worker Other (ms): Min: 0.0, Avg: 0.1, Max: 0.1, Diff: 0.1, Sum: 0.4]
      [GC Worker Total (ms): Min: 238.8, Avg: 266.5, Max: 270.8, Diff: 32.0, Sum: 2131.8]
      [GC Worker End (ms): Min: 130116.4, Avg: 130116.4, Max: 130116.5, Diff: 0.1]
   [Code Root Fixup: 0.0 ms]
   [Code Root Purge: 0.0 ms]
   [Clear CT: 0.6 ms]
   [Other: 2.1 ms]
      [Choose CSet: 0.0 ms]
      [Ref Proc: 0.7 ms]
      [Ref Enq: 0.0 ms]
      [Redirty Cards: 0.6 ms]
      [Humongous Register: 0.1 ms]
      [Humongous Reclaim: 0.0 ms]
      [Free CSet: 0.3 ms]
   [Eden: 59.0M(59.0M)->0.0B(89.0M) Survivors: 43.0M->13.0M Heap: 802.5M(2048.0M)->804.5M(2048.0M)]
 [Times: user=1.80 sys=0.02, real=0.27 secs] 
2020-09-29T12:26:04.012+0200: 130.298: [GC pause (G1 Evacuation Pause) (young), 0.2296300 secs]
   [Parallel Time: 226.1 ms, GC Workers: 8]
      [GC Worker Start (ms): Min: 130297.9, Avg: 130302.0, Max: 130329.7, Diff: 31.8]
      [Ext Root Scanning (ms): Min: 0.0, Avg: 0.2, Max: 0.4, Diff: 0.4, Sum: 1.7]
      [Update RS (ms): Min: 23.6, Avg: 52.0, Max: 60.4, Diff: 36.9, Sum: 415.9]
         [Processed Buffers: Min: 10, Avg: 18.6, Max: 23, Diff: 13, Sum: 149]
      [Scan RS (ms): Min: 0.0, Avg: 2.9, Max: 3.6, Diff: 3.6, Sum: 23.3]
      [Code Root Scanning (ms): Min: 0.0, Avg: 0.0, Max: 0.0, Diff: 0.0, Sum: 0.0]
      [Object Copy (ms): Min: 164.8, Avg: 166.4, Max: 166.8, Diff: 2.0, Sum: 1331.5]
      [Termination (ms): Min: 0.0, Avg: 0.0, Max: 0.1, Diff: 0.1, Sum: 0.4]
         [Termination Attempts: Min: 1, Avg: 91.9, Max: 118, Diff: 117, Sum: 735]
      [GC Worker Other (ms): Min: 0.0, Avg: 0.1, Max: 0.1, Diff: 0.1, Sum: 0.6]
      [GC Worker Total (ms): Min: 194.0, Avg: 221.7, Max: 225.8, Diff: 31.8, Sum: 1773.3]
      [GC Worker End (ms): Min: 130523.6, Avg: 130523.7, Max: 130523.7, Diff: 0.1]
   [Code Root Fixup: 0.0 ms]
   [Code Root Purge: 0.0 ms]
   [Clear CT: 0.7 ms]
   [Other: 2.8 ms]
      [Choose CSet: 0.0 ms]
      [Ref Proc: 1.3 ms]
      [Ref Enq: 0.0 ms]
      [Redirty Cards: 0.6 ms]
      [Humongous Register: 0.1 ms]
      [Humongous Reclaim: 0.0 ms]
      [Free CSet: 0.4 ms]
   [Eden: 89.0M(89.0M)->0.0B(89.0M) Survivors: 13.0M->13.0M Heap: 908.8M(2048.0M)->910.3M(2048.0M)]
 [Times: user=1.66 sys=0.02, real=0.23 secs] 
2020-09-29T12:26:04.408+0200: 130.694: [GC pause (G1 Evacuation Pause) (young), 0.2370363 secs]
   [Parallel Time: 234.6 ms, GC Workers: 8]
      [GC Worker Start (ms): Min: 130694.6, Avg: 130701.0, Max: 130720.9, Diff: 26.3]
      [Ext Root Scanning (ms): Min: 0.0, Avg: 0.2, Max: 0.4, Diff: 0.4, Sum: 1.7]
      [Update RS (ms): Min: 24.1, Avg: 44.0, Max: 51.2, Diff: 27.0, Sum: 352.0]
         [Processed Buffers: Min: 12, Avg: 16.8, Max: 21, Diff: 9, Sum: 134]
      [Scan RS (ms): Min: 2.2, Avg: 2.9, Max: 3.4, Diff: 1.2, Sum: 23.6]
      [Code Root Scanning (ms): Min: 0.0, Avg: 0.0, Max: 0.0, Diff: 0.0, Sum: 0.0]
      [Object Copy (ms): Min: 180.3, Avg: 180.5, Max: 180.7, Diff: 0.4, Sum: 1444.1]
      [Termination (ms): Min: 0.0, Avg: 0.0, Max: 0.0, Diff: 0.0, Sum: 0.1]
         [Termination Attempts: Min: 1, Avg: 10.8, Max: 16, Diff: 15, Sum: 86]
      [GC Worker Other (ms): Min: 0.0, Avg: 0.1, Max: 0.1, Diff: 0.1, Sum: 0.6]
      [GC Worker Total (ms): Min: 207.8, Avg: 227.8, Max: 234.2, Diff: 26.4, Sum: 1822.0]
      [GC Worker End (ms): Min: 130928.8, Avg: 130928.8, Max: 130928.9, Diff: 0.1]
   [Code Root Fixup: 0.0 ms]
   [Code Root Purge: 0.0 ms]
   [Clear CT: 0.6 ms]
   [Other: 1.9 ms]
      [Choose CSet: 0.0 ms]
      [Ref Proc: 0.6 ms]
      [Ref Enq: 0.0 ms]
      [Redirty Cards: 0.6 ms]
      [Humongous Register: 0.1 ms]
      [Humongous Reclaim: 0.0 ms]
      [Free CSet: 0.2 ms]
   [Eden: 89.0M(89.0M)->0.0B(89.0M) Survivors: 13.0M->13.0M Heap: 1014.6M(2048.0M)->1016.1M(2048.0M)]
 [Times: user=1.67 sys=0.02, real=0.24 secs] 
2020-09-29T12:26:04.665+0200: 130.952: [GC pause (G1 Humongous Allocation) (young) (initial-mark), 0.0957977 secs]
   [Parallel Time: 92.9 ms, GC Workers: 8]
      [GC Worker Start (ms): Min: 130951.9, Avg: 130952.0, Max: 130952.1, Diff: 0.2]
      [Ext Root Scanning (ms): Min: 0.1, Avg: 0.2, Max: 0.4, Diff: 0.2, Sum: 1.9]
      [Update RS (ms): Min: 48.6, Avg: 49.4, Max: 50.7, Diff: 2.2, Sum: 395.5]
         [Processed Buffers: Min: 16, Avg: 16.9, Max: 18, Diff: 2, Sum: 135]
      [Scan RS (ms): Min: 0.0, Avg: 0.4, Max: 1.0, Diff: 1.0, Sum: 3.1]
      [Code Root Scanning (ms): Min: 0.0, Avg: 0.0, Max: 0.0, Diff: 0.0, Sum: 0.0]
      [Object Copy (ms): Min: 40.4, Avg: 41.3, Max: 41.6, Diff: 1.2, Sum: 330.4]
      [Termination (ms): Min: 0.0, Avg: 0.5, Max: 1.2, Diff: 1.1, Sum: 4.3]
         [Termination Attempts: Min: 1, Avg: 98.1, Max: 139, Diff: 138, Sum: 785]
      [GC Worker Other (ms): Min: 0.0, Avg: 0.0, Max: 0.1, Diff: 0.1, Sum: 0.3]
      [GC Worker Total (ms): Min: 91.5, Avg: 91.9, Max: 92.6, Diff: 1.2, Sum: 735.5]
      [GC Worker End (ms): Min: 131043.5, Avg: 131043.9, Max: 131044.5, Diff: 1.0]
   [Code Root Fixup: 0.0 ms]
   [Code Root Purge: 0.0 ms]
   [Clear CT: 0.5 ms]
   [Other: 2.4 ms]
      [Choose CSet: 0.0 ms]
      [Ref Proc: 1.0 ms]
      [Ref Enq: 0.0 ms]
      [Redirty Cards: 0.6 ms]
      [Humongous Register: 0.1 ms]
      [Humongous Reclaim: 0.0 ms]
      [Free CSet: 0.1 ms]
   [Eden: 11.0M(89.0M)->0.0B(89.0M) Survivors: 13.0M->13.0M Heap: 1026.6M(2048.0M)->1031.1M(2048.0M)]
 [Times: user=0.70 sys=0.00, real=0.10 secs] 
2020-09-29T12:26:04.761+0200: 131.048: [GC concurrent-root-region-scan-start]
2020-09-29T12:26:04.773+0200: 131.059: [GC concurrent-root-region-scan-end, 0.0114054 secs]
2020-09-29T12:26:04.773+0200: 131.059: [GC concurrent-mark-start]
2020-09-29T12:26:04.783+0200: 131.070: [GC concurrent-mark-end, 0.0102957 secs]
2020-09-29T12:26:04.785+0200: 131.071: [GC remark 2020-09-29T12:26:04.785+0200: 131.071: [Finalize Marking, 0.0008337 secs] 2020-09-29T12:26:04.786+0200: 131.072: [GC ref-proc, 0.0013597 secs] 2020-09-29T12:26:04.787+0200: 131.073: [Unloading, 0.0018015 secs], 0.0051536 secs]
 [Times: user=0.01 sys=0.02, real=0.00 secs] 
2020-09-29T12:26:04.791+0200: 131.078: [GC cleanup 1042M->39M(2048M), 0.0046320 secs]
 [Times: user=0.00 sys=0.00, real=0.01 secs] 
2020-09-29T12:26:04.796+0200: 131.082: [GC concurrent-cleanup-start]
2020-09-29T12:26:04.800+0200: 131.087: [GC concurrent-cleanup-end, 0.0042515 secs]
2020-09-29T12:26:04.965+0200: 131.251: [GC pause (G1 Evacuation Pause) (young), 0.1819125 secs]
   [Parallel Time: 179.4 ms, GC Workers: 8]
      [GC Worker Start (ms): Min: 131251.1, Avg: 131251.3, Max: 131251.4, Diff: 0.3]
      [Ext Root Scanning (ms): Min: 0.1, Avg: 0.2, Max: 0.4, Diff: 0.3, Sum: 1.7]
      [Update RS (ms): Min: 38.9, Avg: 40.1, Max: 41.1, Diff: 2.3, Sum: 320.5]
         [Processed Buffers: Min: 13, Avg: 14.6, Max: 16, Diff: 3, Sum: 117]
      [Scan RS (ms): Min: 0.0, Avg: 1.2, Max: 2.5, Diff: 2.4, Sum: 9.4]
      [Code Root Scanning (ms): Min: 0.0, Avg: 0.0, Max: 0.0, Diff: 0.0, Sum: 0.0]
      [Object Copy (ms): Min: 137.1, Avg: 137.2, Max: 137.3, Diff: 0.2, Sum: 1097.7]
      [Termination (ms): Min: 0.0, Avg: 0.1, Max: 0.2, Diff: 0.2, Sum: 1.0]
         [Termination Attempts: Min: 1, Avg: 208.5, Max: 280, Diff: 279, Sum: 1668]
      [GC Worker Other (ms): Min: 0.0, Avg: 0.1, Max: 0.1, Diff: 0.1, Sum: 0.4]
      [GC Worker Total (ms): Min: 178.7, Avg: 178.8, Max: 179.0, Diff: 0.3, Sum: 1430.7]
      [GC Worker End (ms): Min: 131430.1, Avg: 131430.1, Max: 131430.2, Diff: 0.1]
   [Code Root Fixup: 0.0 ms]
   [Code Root Purge: 0.0 ms]
   [Clear CT: 0.7 ms]
   [Other: 1.8 ms]
      [Choose CSet: 0.0 ms]
      [Ref Proc: 0.4 ms]
      [Ref Enq: 0.0 ms]
      [Redirty Cards: 0.6 ms]
      [Humongous Register: 0.1 ms]
      [Humongous Reclaim: 0.0 ms]
      [Free CSet: 0.2 ms]
   [Eden: 89.0M(89.0M)->0.0B(89.0M) Survivors: 13.0M->13.0M Heap: 132.3M(2048.0M)->121.3M(2048.0M)]
 [Times: user=1.31 sys=0.00, real=0.18 secs] 
2020-09-29T12:26:05.314+0200: 131.601: [GC pause (G1 Evacuation Pause) (young), 0.2542044 secs]
   [Parallel Time: 251.7 ms, GC Workers: 8]
      [GC Worker Start (ms): Min: 131600.7, Avg: 131608.8, Max: 131632.8, Diff: 32.1]
      [Ext Root Scanning (ms): Min: 0.0, Avg: 0.2, Max: 0.4, Diff: 0.4, Sum: 1.6]
      [Update RS (ms): Min: 6.8, Avg: 32.5, Max: 51.4, Diff: 44.6, Sum: 259.8]
         [Processed Buffers: Min: 3, Avg: 10.9, Max: 15, Diff: 12, Sum: 87]
      [Scan RS (ms): Min: 0.0, Avg: 9.2, Max: 10.9, Diff: 10.9, Sum: 73.7]
      [Code Root Scanning (ms): Min: 0.0, Avg: 0.0, Max: 0.0, Diff: 0.0, Sum: 0.0]
      [Object Copy (ms): Min: 198.8, Avg: 200.6, Max: 201.4, Diff: 2.7, Sum: 1605.1]
      [Termination (ms): Min: 0.0, Avg: 0.6, Max: 1.0, Diff: 1.0, Sum: 5.1]
         [Termination Attempts: Min: 1, Avg: 1150.5, Max: 1395, Diff: 1394, Sum: 9204]
      [GC Worker Other (ms): Min: 0.0, Avg: 0.1, Max: 0.1, Diff: 0.1, Sum: 0.4]
      [GC Worker Total (ms): Min: 219.2, Avg: 243.2, Max: 251.3, Diff: 32.1, Sum: 1945.7]
      [GC Worker End (ms): Min: 131852.0, Avg: 131852.0, Max: 131852.1, Diff: 0.1]
   [Code Root Fixup: 0.0 ms]
   [Code Root Purge: 0.0 ms]
   [Clear CT: 0.6 ms]
   [Other: 2.0 ms]
      [Choose CSet: 0.0 ms]
      [Ref Proc: 0.6 ms]
      [Ref Enq: 0.0 ms]
      [Redirty Cards: 0.5 ms]
      [Humongous Register: 0.1 ms]
      [Humongous Reclaim: 0.0 ms]
      [Free CSet: 0.3 ms]
   [Eden: 89.0M(89.0M)->0.0B(89.0M) Survivors: 13.0M->13.0M Heap: 225.5M(2048.0M)->228.0M(2048.0M)]
 [Times: user=1.70 sys=0.05, real=0.26 secs] 
2020-09-29T12:26:05.768+0200: 132.054: [GC pause (G1 Evacuation Pause) (young), 0.2059336 secs]
   [Parallel Time: 200.4 ms, GC Workers: 8]
      [GC Worker Start (ms): Min: 132054.7, Avg: 132054.8, Max: 132055.1, Diff: 0.4]
      [Ext Root Scanning (ms): Min: 0.0, Avg: 0.3, Max: 0.4, Diff: 0.4, Sum: 2.1]
      [Update RS (ms): Min: 32.6, Avg: 32.7, Max: 32.9, Diff: 0.3, Sum: 261.7]
         [Processed Buffers: Min: 1, Avg: 10.8, Max: 14, Diff: 13, Sum: 86]
      [Scan RS (ms): Min: 10.3, Avg: 10.6, Max: 10.9, Diff: 0.6, Sum: 84.4]
      [Code Root Scanning (ms): Min: 0.0, Avg: 0.0, Max: 0.0, Diff: 0.0, Sum: 0.0]
      [Object Copy (ms): Min: 156.0, Avg: 156.1, Max: 156.4, Diff: 0.4, Sum: 1249.1]
      [Termination (ms): Min: 0.0, Avg: 0.2, Max: 0.2, Diff: 0.2, Sum: 1.5]
         [Termination Attempts: Min: 1, Avg: 354.4, Max: 435, Diff: 434, Sum: 2835]
      [GC Worker Other (ms): Min: 0.0, Avg: 0.1, Max: 0.1, Diff: 0.1, Sum: 0.4]
      [GC Worker Total (ms): Min: 199.6, Avg: 199.9, Max: 200.1, Diff: 0.5, Sum: 1599.2]
      [GC Worker End (ms): Min: 132254.7, Avg: 132254.7, Max: 132254.8, Diff: 0.1]
   [Code Root Fixup: 0.0 ms]
   [Code Root Purge: 0.0 ms]
   [Clear CT: 2.8 ms]
   [Other: 2.7 ms]
      [Choose CSet: 0.0 ms]
      [Ref Proc: 0.6 ms]
      [Ref Enq: 0.0 ms]
      [Redirty Cards: 1.2 ms]
      [Humongous Register: 0.1 ms]
      [Humongous Reclaim: 0.0 ms]
      [Free CSet: 0.2 ms]
   [Eden: 89.0M(89.0M)->0.0B(89.0M) Survivors: 13.0M->13.0M Heap: 332.3M(2048.0M)->333.8M(2048.0M)]
 [Times: user=1.59 sys=0.00, real=0.21 secs] 
2020-09-29T12:26:06.138+0200: 132.425: [GC pause (G1 Evacuation Pause) (young), 0.2507456 secs]
   [Parallel Time: 248.2 ms, GC Workers: 8]
      [GC Worker Start (ms): Min: 132425.5, Avg: 132433.6, Max: 132457.5, Diff: 31.9]
      [Ext Root Scanning (ms): Min: 0.0, Avg: 0.2, Max: 0.4, Diff: 0.4, Sum: 1.4]
      [Update RS (ms): Min: 1.8, Avg: 29.8, Max: 64.4, Diff: 62.5, Sum: 238.4]
         [Processed Buffers: Min: 5, Avg: 10.6, Max: 15, Diff: 10, Sum: 85]
      [Scan RS (ms): Min: 0.0, Avg: 10.6, Max: 12.7, Diff: 12.6, Sum: 84.7]
      [Code Root Scanning (ms): Min: 0.0, Avg: 0.0, Max: 0.0, Diff: 0.0, Sum: 0.0]
      [Object Copy (ms): Min: 182.7, Avg: 198.9, Max: 201.4, Diff: 18.6, Sum: 1591.2]
      [Termination (ms): Min: 0.0, Avg: 0.2, Max: 0.3, Diff: 0.3, Sum: 1.8]
         [Termination Attempts: Min: 1, Avg: 469.6, Max: 623, Diff: 622, Sum: 3757]
      [GC Worker Other (ms): Min: 0.0, Avg: 0.1, Max: 0.1, Diff: 0.1, Sum: 0.4]
      [GC Worker Total (ms): Min: 215.9, Avg: 239.7, Max: 247.8, Diff: 31.9, Sum: 1917.9]
      [GC Worker End (ms): Min: 132673.4, Avg: 132673.4, Max: 132673.5, Diff: 0.1]
   [Code Root Fixup: 0.0 ms]
   [Code Root Purge: 0.0 ms]
   [Clear CT: 0.8 ms]
   [Other: 1.7 ms]
      [Choose CSet: 0.0 ms]
      [Ref Proc: 0.4 ms]
      [Ref Enq: 0.0 ms]
      [Redirty Cards: 0.6 ms]
      [Humongous Register: 0.1 ms]
      [Humongous Reclaim: 0.0 ms]
      [Free CSet: 0.3 ms]
   [Eden: 89.0M(89.0M)->0.0B(89.0M) Survivors: 13.0M->13.0M Heap: 438.0M(2048.0M)->440.5M(2048.0M)]
 [Times: user=1.78 sys=0.00, real=0.25 secs] 
2020-09-29T12:26:06.571+0200: 132.858: [GC pause (G1 Evacuation Pause) (young), 0.1661279 secs]
   [Parallel Time: 163.5 ms, GC Workers: 8]
      [GC Worker Start (ms): Min: 132858.2, Avg: 132858.3, Max: 132858.5, Diff: 0.3]
      [Ext Root Scanning (ms): Min: 0.0, Avg: 0.2, Max: 0.4, Diff: 0.3, Sum: 1.8]
      [Update RS (ms): Min: 21.6, Avg: 22.0, Max: 22.8, Diff: 1.3, Sum: 176.4]
         [Processed Buffers: Min: 7, Avg: 8.3, Max: 10, Diff: 3, Sum: 66]
      [Scan RS (ms): Min: 10.9, Avg: 11.8, Max: 12.4, Diff: 1.5, Sum: 94.5]
      [Code Root Scanning (ms): Min: 0.0, Avg: 0.0, Max: 0.0, Diff: 0.0, Sum: 0.0]
      [Object Copy (ms): Min: 128.5, Avg: 128.7, Max: 128.7, Diff: 0.2, Sum: 1029.2]
      [Termination (ms): Min: 0.0, Avg: 0.1, Max: 0.1, Diff: 0.1, Sum: 0.6]
         [Termination Attempts: Min: 1, Avg: 137.5, Max: 179, Diff: 178, Sum: 1100]
      [GC Worker Other (ms): Min: 0.0, Avg: 0.1, Max: 0.1, Diff: 0.1, Sum: 0.5]
      [GC Worker Total (ms): Min: 162.7, Avg: 162.9, Max: 163.0, Diff: 0.3, Sum: 1303.1]
      [GC Worker End (ms): Min: 133021.2, Avg: 133021.2, Max: 133021.3, Diff: 0.1]
   [Code Root Fixup: 0.0 ms]
   [Code Root Purge: 0.0 ms]
   [Clear CT: 0.5 ms]
   [Other: 2.1 ms]
      [Choose CSet: 0.0 ms]
      [Ref Proc: 0.8 ms]
      [Ref Enq: 0.0 ms]
      [Redirty Cards: 0.6 ms]
      [Humongous Register: 0.1 ms]
      [Humongous Reclaim: 0.0 ms]
      [Free CSet: 0.2 ms]
   [Eden: 89.0M(89.0M)->0.0B(89.0M) Survivors: 13.0M->13.0M Heap: 542.9M(2048.0M)->544.9M(2048.0M)]
 [Times: user=1.25 sys=0.00, real=0.17 secs] 
2020-09-29T12:26:06.958+0200: 133.244: [GC pause (G1 Evacuation Pause) (young), 0.1916730 secs]
   [Parallel Time: 188.8 ms, GC Workers: 8]
      [GC Worker Start (ms): Min: 133244.7, Avg: 133245.5, Max: 133247.6, Diff: 2.9]
      [Ext Root Scanning (ms): Min: 0.0, Avg: 0.2, Max: 0.4, Diff: 0.4, Sum: 1.9]
      [Update RS (ms): Min: 17.5, Avg: 19.9, Max: 22.7, Diff: 5.3, Sum: 158.8]
         [Processed Buffers: Min: 6, Avg: 7.3, Max: 9, Diff: 3, Sum: 58]
      [Scan RS (ms): Min: 12.2, Avg: 14.4, Max: 15.1, Diff: 3.0, Sum: 114.9]
      [Code Root Scanning (ms): Min: 0.0, Avg: 0.0, Max: 0.0, Diff: 0.0, Sum: 0.0]
      [Object Copy (ms): Min: 152.7, Avg: 152.8, Max: 153.1, Diff: 0.4, Sum: 1222.6]
      [Termination (ms): Min: 0.0, Avg: 0.3, Max: 0.4, Diff: 0.4, Sum: 2.2]
         [Termination Attempts: Min: 1, Avg: 577.0, Max: 732, Diff: 731, Sum: 4616]
      [GC Worker Other (ms): Min: 0.0, Avg: 0.1, Max: 0.1, Diff: 0.1, Sum: 0.5]
      [GC Worker Total (ms): Min: 185.5, Avg: 187.6, Max: 188.4, Diff: 2.9, Sum: 1500.9]
      [GC Worker End (ms): Min: 133433.1, Avg: 133433.1, Max: 133433.2, Diff: 0.1]
   [Code Root Fixup: 0.0 ms]
   [Code Root Purge: 0.0 ms]
   [Clear CT: 0.5 ms]
   [Other: 2.3 ms]
      [Choose CSet: 0.0 ms]
      [Ref Proc: 0.6 ms]
      [Ref Enq: 0.0 ms]
      [Redirty Cards: 0.7 ms]
      [Humongous Register: 0.1 ms]
      [Humongous Reclaim: 0.0 ms]
      [Free CSet: 0.4 ms]
   [Eden: 89.0M(89.0M)->0.0B(89.0M) Survivors: 13.0M->13.0M Heap: 649.1M(2048.0M)->652.1M(2048.0M)]
 [Times: user=1.45 sys=0.00, real=0.19 secs] 
2020-09-29T12:26:07.315+0200: 133.602: [GC pause (G1 Evacuation Pause) (young), 0.2660462 secs]
   [Parallel Time: 263.7 ms, GC Workers: 8]
      [GC Worker Start (ms): Min: 133602.3, Avg: 133611.8, Max: 133634.4, Diff: 32.1]
      [Ext Root Scanning (ms): Min: 0.0, Avg: 0.2, Max: 0.4, Diff: 0.4, Sum: 1.5]
      [Update RS (ms): Min: 0.0, Avg: 20.7, Max: 30.5, Diff: 30.5, Sum: 165.7]
         [Processed Buffers: Min: 0, Avg: 8.8, Max: 16, Diff: 16, Sum: 70]
      [Scan RS (ms): Min: 11.9, Avg: 16.1, Max: 34.0, Diff: 22.2, Sum: 128.9]
      [Code Root Scanning (ms): Min: 0.0, Avg: 0.0, Max: 0.0, Diff: 0.0, Sum: 0.0]
      [Object Copy (ms): Min: 198.3, Avg: 216.2, Max: 219.4, Diff: 21.1, Sum: 1729.7]
      [Termination (ms): Min: 0.0, Avg: 0.6, Max: 0.8, Diff: 0.8, Sum: 4.9]
         [Termination Attempts: Min: 1, Avg: 1031.8, Max: 1369, Diff: 1368, Sum: 8254]
      [GC Worker Other (ms): Min: 0.0, Avg: 0.0, Max: 0.0, Diff: 0.0, Sum: 0.2]
      [GC Worker Total (ms): Min: 231.3, Avg: 253.9, Max: 263.4, Diff: 32.1, Sum: 2031.0]
      [GC Worker End (ms): Min: 133865.6, Avg: 133865.7, Max: 133865.7, Diff: 0.1]
   [Code Root Fixup: 0.0 ms]
   [Code Root Purge: 0.0 ms]
   [Clear CT: 0.7 ms]
   [Other: 1.6 ms]
      [Choose CSet: 0.0 ms]
      [Ref Proc: 0.4 ms]
      [Ref Enq: 0.0 ms]
      [Redirty Cards: 0.6 ms]
      [Humongous Register: 0.1 ms]
      [Humongous Reclaim: 0.0 ms]
      [Free CSet: 0.2 ms]
   [Eden: 89.0M(89.0M)->0.0B(89.0M) Survivors: 13.0M->13.0M Heap: 756.4M(2048.0M)->758.4M(2048.0M)]
 [Times: user=1.73 sys=0.02, real=0.27 secs] 
2020-09-29T12:26:07.801+0200: 134.088: [GC pause (G1 Evacuation Pause) (young), 0.2365041 secs]
   [Parallel Time: 233.4 ms, GC Workers: 8]
      [GC Worker Start (ms): Min: 134087.8, Avg: 134088.0, Max: 134088.2, Diff: 0.3]
      [Ext Root Scanning (ms): Min: 0.1, Avg: 0.3, Max: 0.4, Diff: 0.3, Sum: 2.2]
      [Update RS (ms): Min: 23.8, Avg: 24.4, Max: 26.6, Diff: 2.8, Sum: 194.9]
         [Processed Buffers: Min: 7, Avg: 8.1, Max: 11, Diff: 4, Sum: 65]
      [Scan RS (ms): Min: 16.9, Avg: 19.3, Max: 19.9, Diff: 3.0, Sum: 154.6]
      [Code Root Scanning (ms): Min: 0.0, Avg: 0.0, Max: 0.0, Diff: 0.0, Sum: 0.0]
      [Object Copy (ms): Min: 188.5, Avg: 188.7, Max: 188.8, Diff: 0.3, Sum: 1509.5]
      [Termination (ms): Min: 0.0, Avg: 0.1, Max: 0.1, Diff: 0.1, Sum: 0.9]
         [Termination Attempts: Min: 1, Avg: 186.9, Max: 237, Diff: 236, Sum: 1495]
      [GC Worker Other (ms): Min: 0.0, Avg: 0.1, Max: 0.2, Diff: 0.1, Sum: 0.6]
      [GC Worker Total (ms): Min: 232.7, Avg: 232.8, Max: 232.9, Diff: 0.2, Sum: 1862.7]
      [GC Worker End (ms): Min: 134320.8, Avg: 134320.8, Max: 134320.9, Diff: 0.1]
   [Code Root Fixup: 0.0 ms]
   [Code Root Purge: 0.0 ms]
   [Clear CT: 0.8 ms]
   [Other: 2.3 ms]
      [Choose CSet: 0.0 ms]
      [Ref Proc: 0.8 ms]
      [Ref Enq: 0.0 ms]
      [Redirty Cards: 0.6 ms]
      [Humongous Register: 0.2 ms]
      [Humongous Reclaim: 0.0 ms]
      [Free CSet: 0.3 ms]
   [Eden: 89.0M(89.0M)->0.0B(89.0M) Survivors: 13.0M->13.0M Heap: 862.7M(2048.0M)->865.2M(2048.0M)]
 [Times: user=1.67 sys=0.00, real=0.24 secs] 
2020-09-29T12:26:08.252+0200: 134.539: [GC pause (G1 Evacuation Pause) (young), 0.2127662 secs]
   [Parallel Time: 209.5 ms, GC Workers: 8]
      [GC Worker Start (ms): Min: 134538.9, Avg: 134539.1, Max: 134539.2, Diff: 0.3]
      [Ext Root Scanning (ms): Min: 0.1, Avg: 0.3, Max: 0.4, Diff: 0.3, Sum: 2.1]
      [Update RS (ms): Min: 23.3, Avg: 24.6, Max: 26.2, Diff: 2.9, Sum: 196.6]
         [Processed Buffers: Min: 7, Avg: 7.3, Max: 8, Diff: 1, Sum: 58]
      [Scan RS (ms): Min: 13.9, Avg: 15.7, Max: 16.9, Diff: 2.9, Sum: 125.5]
      [Code Root Scanning (ms): Min: 0.0, Avg: 0.0, Max: 0.0, Diff: 0.0, Sum: 0.0]
      [Object Copy (ms): Min: 168.1, Avg: 168.3, Max: 168.4, Diff: 0.3, Sum: 1346.1]
      [Termination (ms): Min: 0.0, Avg: 0.1, Max: 0.1, Diff: 0.1, Sum: 0.6]
         [Termination Attempts: Min: 1, Avg: 130.0, Max: 215, Diff: 214, Sum: 1040]
      [GC Worker Other (ms): Min: 0.0, Avg: 0.1, Max: 0.2, Diff: 0.2, Sum: 1.0]
      [GC Worker Total (ms): Min: 208.8, Avg: 209.0, Max: 209.3, Diff: 0.5, Sum: 1671.9]
      [GC Worker End (ms): Min: 134748.0, Avg: 134748.1, Max: 134748.2, Diff: 0.2]
   [Code Root Fixup: 0.0 ms]
   [Code Root Purge: 0.0 ms]
   [Clear CT: 0.9 ms]
   [Other: 2.4 ms]
      [Choose CSet: 0.0 ms]
      [Ref Proc: 0.7 ms]
      [Ref Enq: 0.0 ms]
      [Redirty Cards: 0.9 ms]
      [Humongous Register: 0.2 ms]
      [Humongous Reclaim: 0.0 ms]
      [Free CSet: 0.2 ms]
   [Eden: 89.0M(89.0M)->0.0B(89.0M) Survivors: 13.0M->13.0M Heap: 967.5M(2048.0M)->969.5M(2048.0M)]
 [Times: user=1.73 sys=0.00, real=0.21 secs] 
2020-09-29T12:26:08.479+0200: 134.766: [GC pause (G1 Humongous Allocation) (young) (initial-mark), 0.0739791 secs]
   [Parallel Time: 70.7 ms, GC Workers: 8]
      [GC Worker Start (ms): Min: 134766.4, Avg: 134766.6, Max: 134766.8, Diff: 0.4]
      [Ext Root Scanning (ms): Min: 0.1, Avg: 0.3, Max: 0.5, Diff: 0.4, Sum: 2.2]
      [Update RS (ms): Min: 39.2, Avg: 40.1, Max: 41.9, Diff: 2.7, Sum: 320.5]
         [Processed Buffers: Min: 5, Avg: 11.8, Max: 15, Diff: 10, Sum: 94]
      [Scan RS (ms): Min: 1.4, Avg: 3.1, Max: 4.0, Diff: 2.6, Sum: 25.2]
      [Code Root Scanning (ms): Min: 0.0, Avg: 0.0, Max: 0.0, Diff: 0.0, Sum: 0.0]
      [Object Copy (ms): Min: 26.4, Avg: 26.7, Max: 26.8, Diff: 0.5, Sum: 213.3]
      [Termination (ms): Min: 0.0, Avg: 0.1, Max: 0.2, Diff: 0.2, Sum: 1.1]
         [Termination Attempts: Min: 1, Avg: 10.0, Max: 23, Diff: 22, Sum: 80]
      [GC Worker Other (ms): Min: 0.0, Avg: 0.0, Max: 0.0, Diff: 0.0, Sum: 0.2]
      [GC Worker Total (ms): Min: 70.2, Avg: 70.3, Max: 70.5, Diff: 0.3, Sum: 562.5]
      [GC Worker End (ms): Min: 134836.9, Avg: 134837.0, Max: 134837.0, Diff: 0.0]
   [Code Root Fixup: 0.0 ms]
   [Code Root Purge: 0.0 ms]
   [Clear CT: 0.7 ms]
   [Other: 2.5 ms]
      [Choose CSet: 0.0 ms]
      [Ref Proc: 1.0 ms]
      [Ref Enq: 0.0 ms]
      [Redirty Cards: 0.6 ms]
      [Humongous Register: 0.1 ms]
      [Humongous Reclaim: 0.0 ms]
      [Free CSet: 0.2 ms]
   [Eden: 1024.0K(89.0M)->0.0B(99.0M) Survivors: 13.0M->3072.0K Heap: 970.0M(2048.0M)->974.0M(2048.0M)]
 [Times: user=0.50 sys=0.00, real=0.07 secs] 
2020-09-29T12:26:08.554+0200: 134.841: [GC concurrent-root-region-scan-start]
2020-09-29T12:26:08.554+0200: 134.841: [GC concurrent-root-region-scan-end, 0.0005760 secs]
2020-09-29T12:26:08.554+0200: 134.841: [GC concurrent-mark-start]
2020-09-29T12:26:08.567+0200: 134.854: [GC concurrent-mark-end, 0.0128784 secs]
2020-09-29T12:26:08.568+0200: 134.855: [GC remark 2020-09-29T12:26:08.568+0200: 134.855: [Finalize Marking, 0.0008190 secs] 2020-09-29T12:26:08.569+0200: 134.856: [GC ref-proc, 0.0014673 secs] 2020-09-29T12:26:08.570+0200: 134.857: [Unloading, 0.0017919 secs], 0.0051015 secs]
 [Times: user=0.00 sys=0.00, real=0.00 secs] 
2020-09-29T12:26:08.574+0200: 134.861: [GC cleanup 982M->26M(2048M), 0.0047794 secs]
 [Times: user=0.00 sys=0.00, real=0.01 secs] 
2020-09-29T12:26:08.579+0200: 134.866: [GC concurrent-cleanup-start]
2020-09-29T12:26:08.585+0200: 134.872: [GC concurrent-cleanup-end, 0.0052690 secs]
2020-09-29T12:26:08.805+0200: 135.092: [GC pause (G1 Evacuation Pause) (young), 0.2290823 secs]
   [Parallel Time: 223.3 ms, GC Workers: 8]
      [GC Worker Start (ms): Min: 135092.5, Avg: 135093.4, Max: 135096.1, Diff: 3.6]
      [Ext Root Scanning (ms): Min: 0.0, Avg: 0.3, Max: 0.4, Diff: 0.4, Sum: 2.0]
      [Update RS (ms): Min: 16.6, Avg: 19.1, Max: 21.1, Diff: 4.5, Sum: 152.5]
         [Processed Buffers: Min: 5, Avg: 6.1, Max: 9, Diff: 4, Sum: 49]
      [Scan RS (ms): Min: 16.8, Avg: 18.2, Max: 19.1, Diff: 2.3, Sum: 145.9]
      [Code Root Scanning (ms): Min: 0.0, Avg: 0.0, Max: 0.0, Diff: 0.0, Sum: 0.0]
      [Object Copy (ms): Min: 183.8, Avg: 184.0, Max: 184.2, Diff: 0.4, Sum: 1471.8]
      [Termination (ms): Min: 0.0, Avg: 0.0, Max: 0.0, Diff: 0.0, Sum: 0.1]
         [Termination Attempts: Min: 1, Avg: 6.1, Max: 10, Diff: 9, Sum: 49]
      [GC Worker Other (ms): Min: 0.0, Avg: 0.1, Max: 0.2, Diff: 0.1, Sum: 0.7]
      [GC Worker Total (ms): Min: 219.0, Avg: 221.6, Max: 222.5, Diff: 3.5, Sum: 1773.0]
      [GC Worker End (ms): Min: 135315.0, Avg: 135315.0, Max: 135315.1, Diff: 0.1]
   [Code Root Fixup: 0.0 ms]
   [Code Root Purge: 0.0 ms]
   [Clear CT: 0.8 ms]
   [Other: 5.0 ms]
      [Choose CSet: 0.0 ms]
      [Ref Proc: 0.7 ms]
      [Ref Enq: 0.0 ms]
      [Redirty Cards: 3.3 ms]
      [Humongous Register: 0.1 ms]
      [Humongous Reclaim: 0.0 ms]
      [Free CSet: 0.3 ms]
   [Eden: 99.0M(99.0M)->0.0B(89.0M) Survivors: 3072.0K->13.0M Heap: 133.7M(2048.0M)->135.2M(2048.0M)]
 [Times: user=1.67 sys=0.00, real=0.23 secs] 
2020-09-29T12:26:09.279+0200: 135.566: [GC pause (G1 Evacuation Pause) (young), 0.2124978 secs]
   [Parallel Time: 209.3 ms, GC Workers: 8]
      [GC Worker Start (ms): Min: 135566.1, Avg: 135566.2, Max: 135566.6, Diff: 0.5]
      [Ext Root Scanning (ms): Min: 0.0, Avg: 0.3, Max: 0.4, Diff: 0.4, Sum: 2.2]
      [Update RS (ms): Min: 18.5, Avg: 19.2, Max: 20.8, Diff: 2.4, Sum: 154.0]
         [Processed Buffers: Min: 5, Avg: 6.8, Max: 8, Diff: 3, Sum: 54]
      [Scan RS (ms): Min: 17.3, Avg: 18.9, Max: 19.8, Diff: 2.5, Sum: 151.5]
      [Code Root Scanning (ms): Min: 0.0, Avg: 0.0, Max: 0.0, Diff: 0.0, Sum: 0.0]
      [Object Copy (ms): Min: 169.9, Avg: 170.1, Max: 170.2, Diff: 0.3, Sum: 1360.8]
      [Termination (ms): Min: 0.0, Avg: 0.1, Max: 0.1, Diff: 0.1, Sum: 0.4]
         [Termination Attempts: Min: 1, Avg: 81.8, Max: 115, Diff: 114, Sum: 654]
      [GC Worker Other (ms): Min: 0.0, Avg: 0.1, Max: 0.1, Diff: 0.1, Sum: 0.5]
      [GC Worker Total (ms): Min: 208.3, Avg: 208.7, Max: 208.8, Diff: 0.5, Sum: 1669.5]
      [GC Worker End (ms): Min: 135774.9, Avg: 135774.9, Max: 135775.0, Diff: 0.1]
   [Code Root Fixup: 0.0 ms]
   [Code Root Purge: 0.0 ms]
   [Clear CT: 0.6 ms]
   [Other: 2.6 ms]
      [Choose CSet: 0.0 ms]
      [Ref Proc: 1.0 ms]
      [Ref Enq: 0.0 ms]
      [Redirty Cards: 0.6 ms]
      [Humongous Register: 0.2 ms]
      [Humongous Reclaim: 0.0 ms]
      [Free CSet: 0.3 ms]
   [Eden: 89.0M(89.0M)->0.0B(89.0M) Survivors: 13.0M->13.0M Heap: 239.4M(2048.0M)->239.4M(2048.0M)]
 [Times: user=1.56 sys=0.02, real=0.21 secs] 
2020-09-29T12:26:09.734+0200: 136.021: [GC pause (G1 Evacuation Pause) (young), 0.2290118 secs]
   [Parallel Time: 226.0 ms, GC Workers: 8]
      [GC Worker Start (ms): Min: 136021.6, Avg: 136021.8, Max: 136022.0, Diff: 0.4]
      [Ext Root Scanning (ms): Min: 0.0, Avg: 0.2, Max: 0.4, Diff: 0.4, Sum: 1.8]
      [Update RS (ms): Min: 18.9, Avg: 19.4, Max: 21.0, Diff: 2.1, Sum: 155.6]
         [Processed Buffers: Min: 5, Avg: 6.9, Max: 9, Diff: 4, Sum: 55]
      [Scan RS (ms): Min: 19.4, Avg: 20.1, Max: 20.3, Diff: 1.0, Sum: 160.7]
      [Code Root Scanning (ms): Min: 0.0, Avg: 0.0, Max: 0.0, Diff: 0.0, Sum: 0.0]
      [Object Copy (ms): Min: 184.1, Avg: 185.5, Max: 185.8, Diff: 1.8, Sum: 1483.8]
      [Termination (ms): Min: 0.0, Avg: 0.0, Max: 0.0, Diff: 0.0, Sum: 0.1]
         [Termination Attempts: Min: 1, Avg: 8.1, Max: 11, Diff: 10, Sum: 65]
      [GC Worker Other (ms): Min: 0.0, Avg: 0.1, Max: 0.2, Diff: 0.2, Sum: 0.7]
      [GC Worker Total (ms): Min: 225.2, Avg: 225.3, Max: 225.6, Diff: 0.4, Sum: 1802.6]
      [GC Worker End (ms): Min: 136247.1, Avg: 136247.1, Max: 136247.3, Diff: 0.2]
   [Code Root Fixup: 0.0 ms]
   [Code Root Purge: 0.0 ms]
   [Clear CT: 0.8 ms]
   [Other: 2.3 ms]
      [Choose CSet: 0.0 ms]
      [Ref Proc: 0.6 ms]
      [Ref Enq: 0.0 ms]
      [Redirty Cards: 0.8 ms]
      [Humongous Register: 0.1 ms]
      [Humongous Reclaim: 0.0 ms]
      [Free CSet: 0.3 ms]
   [Eden: 89.0M(89.0M)->0.0B(89.0M) Survivors: 13.0M->13.0M Heap: 343.7M(2048.0M)->346.2M(2048.0M)]
 [Times: user=1.74 sys=0.00, real=0.23 secs] 
2020-09-29T12:26:10.201+0200: 136.487: [GC pause (G1 Evacuation Pause) (young), 0.2619395 secs]
   [Parallel Time: 258.9 ms, GC Workers: 8]
      [GC Worker Start (ms): Min: 136487.2, Avg: 136492.2, Max: 136519.7, Diff: 32.4]
      [Ext Root Scanning (ms): Min: 0.0, Avg: 0.3, Max: 0.5, Diff: 0.5, Sum: 2.1]
      [Update RS (ms): Min: 0.0, Avg: 19.9, Max: 25.0, Diff: 25.0, Sum: 159.4]
         [Processed Buffers: Min: 0, Avg: 5.8, Max: 8, Diff: 8, Sum: 46]
      [Scan RS (ms): Min: 13.8, Avg: 24.4, Max: 39.4, Diff: 25.5, Sum: 195.2]
      [Code Root Scanning (ms): Min: 0.0, Avg: 0.0, Max: 0.0, Diff: 0.0, Sum: 0.0]
      [Object Copy (ms): Min: 194.3, Avg: 208.5, Max: 211.8, Diff: 17.6, Sum: 1667.7]
      [Termination (ms): Min: 0.0, Avg: 0.3, Max: 0.5, Diff: 0.5, Sum: 2.8]
         [Termination Attempts: Min: 1, Avg: 568.8, Max: 769, Diff: 768, Sum: 4550]
      [GC Worker Other (ms): Min: 0.0, Avg: 0.1, Max: 0.2, Diff: 0.1, Sum: 0.7]
      [GC Worker Total (ms): Min: 226.0, Avg: 253.5, Max: 258.5, Diff: 32.4, Sum: 2027.9]
      [GC Worker End (ms): Min: 136745.6, Avg: 136745.7, Max: 136745.8, Diff: 0.1]
   [Code Root Fixup: 0.0 ms]
   [Code Root Purge: 0.0 ms]
   [Clear CT: 0.7 ms]
   [Other: 2.4 ms]
      [Choose CSet: 0.0 ms]
      [Ref Proc: 0.8 ms]
      [Ref Enq: 0.0 ms]
      [Redirty Cards: 0.6 ms]
      [Humongous Register: 0.2 ms]
      [Humongous Reclaim: 0.0 ms]
      [Free CSet: 0.3 ms]
   [Eden: 89.0M(89.0M)->0.0B(89.0M) Survivors: 13.0M->13.0M Heap: 448.5M(2048.0M)->450.5M(2048.0M)]
 [Times: user=2.02 sys=0.02, real=0.26 secs] 
2020-09-29T12:26:10.698+0200: 136.984: [GC pause (G1 Evacuation Pause) (young), 0.2259796 secs]
   [Parallel Time: 223.1 ms, GC Workers: 8]
      [GC Worker Start (ms): Min: 136984.6, Avg: 136990.7, Max: 137008.7, Diff: 24.1]
      [Ext Root Scanning (ms): Min: 0.0, Avg: 0.2, Max: 0.4, Diff: 0.4, Sum: 1.9]
      [Update RS (ms): Min: 3.4, Avg: 21.5, Max: 28.3, Diff: 24.9, Sum: 172.2]
         [Processed Buffers: Min: 2, Avg: 6.9, Max: 11, Diff: 9, Sum: 55]
      [Scan RS (ms): Min: 16.6, Avg: 17.3, Max: 17.7, Diff: 1.1, Sum: 138.1]
      [Code Root Scanning (ms): Min: 0.0, Avg: 0.0, Max: 0.0, Diff: 0.0, Sum: 0.0]
      [Object Copy (ms): Min: 177.1, Avg: 177.3, Max: 177.5, Diff: 0.4, Sum: 1418.6]
      [Termination (ms): Min: 0.0, Avg: 0.0, Max: 0.0, Diff: 0.0, Sum: 0.0]
         [Termination Attempts: Min: 1, Avg: 1.6, Max: 3, Diff: 2, Sum: 13]
      [GC Worker Other (ms): Min: 0.0, Avg: 0.1, Max: 0.2, Diff: 0.2, Sum: 0.7]
      [GC Worker Total (ms): Min: 198.4, Avg: 216.5, Max: 222.7, Diff: 24.2, Sum: 1731.6]
      [GC Worker End (ms): Min: 137207.1, Avg: 137207.1, Max: 137207.2, Diff: 0.2]
   [Code Root Fixup: 0.0 ms]
   [Code Root Purge: 0.0 ms]
   [Clear CT: 0.7 ms]
   [Other: 2.2 ms]
      [Choose CSet: 0.0 ms]
      [Ref Proc: 0.7 ms]
      [Ref Enq: 0.0 ms]
      [Redirty Cards: 0.7 ms]
      [Humongous Register: 0.1 ms]
      [Humongous Reclaim: 0.0 ms]
      [Free CSet: 0.3 ms]
   [Eden: 89.0M(89.0M)->0.0B(89.0M) Survivors: 13.0M->13.0M Heap: 554.8M(2048.0M)->556.8M(2048.0M)]
 [Times: user=1.72 sys=0.00, real=0.23 secs] 
2020-09-29T12:26:11.170+0200: 137.457: [GC pause (G1 Evacuation Pause) (young), 0.2174227 secs]
   [Parallel Time: 214.0 ms, GC Workers: 8]
      [GC Worker Start (ms): Min: 137457.0, Avg: 137457.1, Max: 137457.3, Diff: 0.3]
      [Ext Root Scanning (ms): Min: 0.1, Avg: 0.3, Max: 0.4, Diff: 0.3, Sum: 2.2]
      [Update RS (ms): Min: 17.3, Avg: 17.7, Max: 19.0, Diff: 1.8, Sum: 141.4]
         [Processed Buffers: Min: 6, Avg: 6.3, Max: 7, Diff: 1, Sum: 50]
      [Scan RS (ms): Min: 17.9, Avg: 19.4, Max: 19.9, Diff: 2.0, Sum: 155.4]
      [Code Root Scanning (ms): Min: 0.0, Avg: 0.0, Max: 0.0, Diff: 0.0, Sum: 0.0]
      [Object Copy (ms): Min: 175.9, Avg: 176.1, Max: 176.2, Diff: 0.3, Sum: 1409.0]
      [Termination (ms): Min: 0.0, Avg: 0.2, Max: 0.2, Diff: 0.2, Sum: 1.4]
         [Termination Attempts: Min: 1, Avg: 81.9, Max: 109, Diff: 108, Sum: 655]
      [GC Worker Other (ms): Min: 0.0, Avg: 0.0, Max: 0.0, Diff: 0.0, Sum: 0.2]
      [GC Worker Total (ms): Min: 213.6, Avg: 213.7, Max: 213.8, Diff: 0.3, Sum: 1709.5]
      [GC Worker End (ms): Min: 137670.8, Avg: 137670.8, Max: 137670.8, Diff: 0.0]
   [Code Root Fixup: 0.0 ms]
   [Code Root Purge: 0.0 ms]
   [Clear CT: 0.9 ms]
   [Other: 2.6 ms]
      [Choose CSet: 0.0 ms]
      [Ref Proc: 0.7 ms]
      [Ref Enq: 0.0 ms]
      [Redirty Cards: 0.7 ms]
      [Humongous Register: 0.2 ms]
      [Humongous Reclaim: 0.0 ms]
      [Free CSet: 0.3 ms]
   [Eden: 89.0M(89.0M)->0.0B(89.0M) Survivors: 13.0M->13.0M Heap: 661.1M(2048.0M)->663.6M(2048.0M)]
 [Times: user=1.67 sys=0.01, real=0.22 secs] 
2020-09-29T12:26:11.621+0200: 137.907: [GC pause (G1 Evacuation Pause) (young), 0.2643362 secs]
   [Parallel Time: 261.1 ms, GC Workers: 8]
      [GC Worker Start (ms): Min: 137907.4, Avg: 137908.1, Max: 137910.3, Diff: 2.9]
      [Ext Root Scanning (ms): Min: 0.0, Avg: 0.3, Max: 0.4, Diff: 0.4, Sum: 2.1]
      [Update RS (ms): Min: 21.5, Avg: 23.7, Max: 24.6, Diff: 3.1, Sum: 189.4]
         [Processed Buffers: Min: 6, Avg: 7.8, Max: 10, Diff: 4, Sum: 62]
      [Scan RS (ms): Min: 20.8, Avg: 21.2, Max: 21.7, Diff: 0.8, Sum: 170.0]
      [Code Root Scanning (ms): Min: 0.0, Avg: 0.0, Max: 0.0, Diff: 0.0, Sum: 0.0]
      [Object Copy (ms): Min: 214.6, Avg: 214.9, Max: 215.0, Diff: 0.4, Sum: 1718.9]
      [Termination (ms): Min: 0.0, Avg: 0.2, Max: 0.3, Diff: 0.3, Sum: 1.8]
         [Termination Attempts: Min: 1, Avg: 46.6, Max: 71, Diff: 70, Sum: 373]
      [GC Worker Other (ms): Min: 0.0, Avg: 0.0, Max: 0.0, Diff: 0.0, Sum: 0.2]
      [GC Worker Total (ms): Min: 258.1, Avg: 260.3, Max: 261.0, Diff: 2.9, Sum: 2082.4]
      [GC Worker End (ms): Min: 138168.3, Avg: 138168.4, Max: 138168.4, Diff: 0.1]
   [Code Root Fixup: 0.0 ms]
   [Code Root Purge: 0.0 ms]
   [Clear CT: 0.6 ms]
   [Other: 2.6 ms]
      [Choose CSet: 0.0 ms]
      [Ref Proc: 0.9 ms]
      [Ref Enq: 0.0 ms]
      [Redirty Cards: 0.6 ms]
      [Humongous Register: 0.2 ms]
      [Humongous Reclaim: 0.0 ms]
      [Free CSet: 0.3 ms]
   [Eden: 89.0M(89.0M)->0.0B(89.0M) Survivors: 13.0M->13.0M Heap: 767.8M(2048.0M)->769.3M(2048.0M)]
 [Times: user=1.81 sys=0.02, real=0.26 secs] 
2020-09-29T12:26:12.271+0200: 138.558: [GC pause (G1 Evacuation Pause) (young), 0.3264207 secs]
   [Parallel Time: 323.0 ms, GC Workers: 8]
      [GC Worker Start (ms): Min: 138558.5, Avg: 138561.6, Max: 138570.9, Diff: 12.4]
      [Ext Root Scanning (ms): Min: 0.0, Avg: 0.2, Max: 0.5, Diff: 0.5, Sum: 2.0]
      [Update RS (ms): Min: 13.0, Avg: 23.1, Max: 29.7, Diff: 16.7, Sum: 184.7]
         [Processed Buffers: Min: 4, Avg: 7.0, Max: 11, Diff: 7, Sum: 56]
      [Scan RS (ms): Min: 20.6, Avg: 24.2, Max: 25.4, Diff: 4.8, Sum: 193.7]
      [Code Root Scanning (ms): Min: 0.0, Avg: 0.0, Max: 0.0, Diff: 0.0, Sum: 0.0]
      [Object Copy (ms): Min: 270.5, Avg: 271.0, Max: 271.4, Diff: 0.9, Sum: 2168.4]
      [Termination (ms): Min: 0.0, Avg: 0.5, Max: 1.0, Diff: 1.0, Sum: 4.4]
         [Termination Attempts: Min: 1, Avg: 869.9, Max: 1222, Diff: 1221, Sum: 6959]
      [GC Worker Other (ms): Min: 0.0, Avg: 0.1, Max: 0.3, Diff: 0.3, Sum: 0.8]
      [GC Worker Total (ms): Min: 309.9, Avg: 319.2, Max: 322.3, Diff: 12.4, Sum: 2553.9]
      [GC Worker End (ms): Min: 138880.9, Avg: 138880.9, Max: 138880.9, Diff: 0.1]
   [Code Root Fixup: 0.0 ms]
   [Code Root Purge: 0.0 ms]
   [Clear CT: 0.6 ms]
   [Other: 2.8 ms]
      [Choose CSet: 0.0 ms]
      [Ref Proc: 1.1 ms]
      [Ref Enq: 0.0 ms]
      [Redirty Cards: 0.7 ms]
      [Humongous Register: 0.2 ms]
      [Humongous Reclaim: 0.0 ms]
      [Free CSet: 0.3 ms]
   [Eden: 89.0M(89.0M)->0.0B(89.0M) Survivors: 13.0M->13.0M Heap: 873.6M(2048.0M)->875.6M(2048.0M)]
 [Times: user=1.92 sys=0.02, real=0.33 secs] 
2020-09-29T12:26:12.717+0200: 139.004: [GC pause (G1 Evacuation Pause) (young), 0.0747925 secs]
   [Parallel Time: 73.4 ms, GC Workers: 8]
      [GC Worker Start (ms): Min: 139003.8, Avg: 139003.9, Max: 139003.9, Diff: 0.1]
      [Ext Root Scanning (ms): Min: 0.1, Avg: 0.1, Max: 0.2, Diff: 0.1, Sum: 0.9]
      [Update RS (ms): Min: 5.1, Avg: 5.5, Max: 6.1, Diff: 1.0, Sum: 44.3]
         [Processed Buffers: Min: 4, Avg: 4.8, Max: 5, Diff: 1, Sum: 38]
      [Scan RS (ms): Min: 6.8, Avg: 7.3, Max: 7.8, Diff: 1.1, Sum: 58.6]
      [Code Root Scanning (ms): Min: 0.0, Avg: 0.0, Max: 0.0, Diff: 0.0, Sum: 0.0]
      [Object Copy (ms): Min: 60.0, Avg: 60.1, Max: 60.2, Diff: 0.1, Sum: 480.9]
      [Termination (ms): Min: 0.0, Avg: 0.1, Max: 0.1, Diff: 0.1, Sum: 0.7]
         [Termination Attempts: Min: 1, Avg: 50.3, Max: 82, Diff: 81, Sum: 402]
      [GC Worker Other (ms): Min: 0.0, Avg: 0.0, Max: 0.0, Diff: 0.0, Sum: 0.1]
      [GC Worker Total (ms): Min: 73.1, Avg: 73.2, Max: 73.3, Diff: 0.2, Sum: 585.5]
      [GC Worker End (ms): Min: 139077.0, Avg: 139077.1, Max: 139077.1, Diff: 0.1]
   [Code Root Fixup: 0.0 ms]
   [Code Root Purge: 0.0 ms]
   [Clear CT: 0.2 ms]
   [Other: 1.2 ms]
      [Choose CSet: 0.0 ms]
      [Ref Proc: 0.5 ms]
      [Ref Enq: 0.0 ms]
      [Redirty Cards: 0.3 ms]
      [Humongous Register: 0.1 ms]
      [Humongous Reclaim: 0.0 ms]
      [Free CSet: 0.2 ms]
   [Eden: 89.0M(89.0M)->0.0B(89.0M) Survivors: 13.0M->13.0M Heap: 977.9M(2048.0M)->980.4M(2048.0M)]
 [Times: user=0.58 sys=0.00, real=0.08 secs] 
2020-09-29T12:26:12.803+0200: 139.090: [GC pause (G1 Humongous Allocation) (young) (initial-mark), 0.0239662 secs]
   [Parallel Time: 22.2 ms, GC Workers: 8]
      [GC Worker Start (ms): Min: 139089.8, Avg: 139089.9, Max: 139090.0, Diff: 0.2]
      [Ext Root Scanning (ms): Min: 0.0, Avg: 0.2, Max: 0.3, Diff: 0.3, Sum: 1.4]
      [Update RS (ms): Min: 9.4, Avg: 9.8, Max: 10.4, Diff: 1.0, Sum: 78.0]
         [Processed Buffers: Min: 6, Avg: 7.8, Max: 9, Diff: 3, Sum: 62]
      [Scan RS (ms): Min: 0.5, Avg: 1.1, Max: 1.5, Diff: 1.0, Sum: 8.9]
      [Code Root Scanning (ms): Min: 0.0, Avg: 0.0, Max: 0.0, Diff: 0.0, Sum: 0.0]
      [Object Copy (ms): Min: 10.9, Avg: 10.9, Max: 10.9, Diff: 0.1, Sum: 87.3]
      [Termination (ms): Min: 0.0, Avg: 0.0, Max: 0.0, Diff: 0.0, Sum: 0.1]
         [Termination Attempts: Min: 1, Avg: 32.4, Max: 43, Diff: 42, Sum: 259]
      [GC Worker Other (ms): Min: 0.0, Avg: 0.0, Max: 0.1, Diff: 0.1, Sum: 0.3]
      [GC Worker Total (ms): Min: 21.9, Avg: 22.0, Max: 22.1, Diff: 0.2, Sum: 176.0]
      [GC Worker End (ms): Min: 139111.9, Avg: 139111.9, Max: 139111.9, Diff: 0.1]
   [Code Root Fixup: 0.0 ms]
   [Code Root Purge: 0.0 ms]
   [Clear CT: 0.3 ms]
   [Other: 1.4 ms]
      [Choose CSet: 0.0 ms]
      [Ref Proc: 0.7 ms]
      [Ref Enq: 0.0 ms]
      [Redirty Cards: 0.3 ms]
      [Humongous Register: 0.1 ms]
      [Humongous Reclaim: 0.0 ms]
      [Free CSet: 0.1 ms]
   [Eden: 2048.0K(89.0M)->0.0B(97.0M) Survivors: 13.0M->5120.0K Heap: 982.4M(2048.0M)->986.9M(2048.0M)]
 [Times: user=0.13 sys=0.00, real=0.02 secs] 
2020-09-29T12:26:12.827+0200: 139.114: [GC concurrent-root-region-scan-start]
2020-09-29T12:26:12.828+0200: 139.115: [GC concurrent-root-region-scan-end, 0.0010221 secs]
2020-09-29T12:26:12.828+0200: 139.115: [GC concurrent-mark-start]
2020-09-29T12:26:12.833+0200: 139.120: [GC concurrent-mark-end, 0.0051310 secs]
2020-09-29T12:26:12.833+0200: 139.120: [GC remark 2020-09-29T12:26:12.833+0200: 139.120: [Finalize Marking, 0.0005805 secs] 2020-09-29T12:26:12.834+0200: 139.121: [GC ref-proc, 0.0005446 secs] 2020-09-29T12:26:12.835+0200: 139.121: [Unloading, 0.0006468 secs], 0.0030179 secs]
 [Times: user=0.00 sys=0.00, real=0.00 secs] 
2020-09-29T12:26:12.837+0200: 139.124: [GC cleanup 995M->28M(2048M), 0.0019682 secs]
 [Times: user=0.00 sys=0.00, real=0.00 secs] 
2020-09-29T12:26:12.839+0200: 139.126: [GC concurrent-cleanup-start]
2020-09-29T12:26:12.841+0200: 139.128: [GC concurrent-cleanup-end, 0.0019998 secs]
2020-09-29T12:26:12.919+0200: 139.206: [GC pause (G1 Evacuation Pause) (young), 0.0859124 secs]
   [Parallel Time: 84.6 ms, GC Workers: 8]
      [GC Worker Start (ms): Min: 139206.1, Avg: 139206.3, Max: 139207.3, Diff: 1.3]
      [Ext Root Scanning (ms): Min: 0.0, Avg: 0.1, Max: 0.2, Diff: 0.2, Sum: 0.8]
      [Update RS (ms): Min: 6.9, Avg: 7.7, Max: 8.4, Diff: 1.5, Sum: 61.8]
         [Processed Buffers: Min: 3, Avg: 6.8, Max: 9, Diff: 6, Sum: 54]
      [Scan RS (ms): Min: 6.1, Avg: 6.5, Max: 6.8, Diff: 0.7, Sum: 52.2]
      [Code Root Scanning (ms): Min: 0.0, Avg: 0.0, Max: 0.0, Diff: 0.0, Sum: 0.0]
      [Object Copy (ms): Min: 69.6, Avg: 69.7, Max: 69.9, Diff: 0.2, Sum: 557.7]
      [Termination (ms): Min: 0.0, Avg: 0.1, Max: 0.2, Diff: 0.2, Sum: 1.1]
         [Termination Attempts: Min: 1, Avg: 324.5, Max: 468, Diff: 467, Sum: 2596]
      [GC Worker Other (ms): Min: 0.0, Avg: 0.0, Max: 0.0, Diff: 0.0, Sum: 0.1]
      [GC Worker Total (ms): Min: 83.1, Avg: 84.2, Max: 84.4, Diff: 1.3, Sum: 673.8]
      [GC Worker End (ms): Min: 139290.5, Avg: 139290.5, Max: 139290.5, Diff: 0.1]
   [Code Root Fixup: 0.0 ms]
   [Code Root Purge: 0.0 ms]
   [Clear CT: 0.2 ms]
   [Other: 1.0 ms]
      [Choose CSet: 0.0 ms]
      [Ref Proc: 0.2 ms]
      [Ref Enq: 0.0 ms]
      [Redirty Cards: 0.3 ms]
      [Humongous Register: 0.1 ms]
      [Humongous Reclaim: 0.0 ms]
      [Free CSet: 0.1 ms]
   [Eden: 97.0M(97.0M)->0.0B(97.0M) Survivors: 5120.0K->13.0M Heap: 133.7M(2048.0M)->132.7M(2048.0M)]
 [Times: user=0.72 sys=0.00, real=0.09 secs] 
2020-09-29T12:26:13.099+0200: 139.386: [GC pause (G1 Evacuation Pause) (young), 0.1166758 secs]
   [Parallel Time: 115.3 ms, GC Workers: 8]
      [GC Worker Start (ms): Min: 139385.9, Avg: 139388.6, Max: 139405.0, Diff: 19.1]
      [Ext Root Scanning (ms): Min: 0.0, Avg: 0.1, Max: 0.2, Diff: 0.2, Sum: 0.7]
      [Update RS (ms): Min: 0.0, Avg: 9.6, Max: 12.8, Diff: 12.8, Sum: 76.7]
         [Processed Buffers: Min: 0, Avg: 6.6, Max: 9, Diff: 9, Sum: 53]
      [Scan RS (ms): Min: 0.6, Avg: 7.3, Max: 9.0, Diff: 8.4, Sum: 58.1]
      [Code Root Scanning (ms): Min: 0.0, Avg: 0.0, Max: 0.0, Diff: 0.0, Sum: 0.0]
      [Object Copy (ms): Min: 95.4, Avg: 95.5, Max: 95.6, Diff: 0.2, Sum: 763.7]
      [Termination (ms): Min: 0.0, Avg: 0.1, Max: 0.1, Diff: 0.1, Sum: 0.4]
         [Termination Attempts: Min: 1, Avg: 231.6, Max: 295, Diff: 294, Sum: 1853]
      [GC Worker Other (ms): Min: 0.0, Avg: 0.0, Max: 0.1, Diff: 0.0, Sum: 0.3]
      [GC Worker Total (ms): Min: 96.1, Avg: 112.5, Max: 115.2, Diff: 19.1, Sum: 900.0]
      [GC Worker End (ms): Min: 139501.1, Avg: 139501.1, Max: 139501.1, Diff: 0.0]
   [Code Root Fixup: 0.0 ms]
   [Code Root Purge: 0.0 ms]
   [Clear CT: 0.3 ms]
   [Other: 1.1 ms]
      [Choose CSet: 0.0 ms]
      [Ref Proc: 0.3 ms]
      [Ref Enq: 0.0 ms]
      [Redirty Cards: 0.2 ms]
      [Humongous Register: 0.1 ms]
      [Humongous Reclaim: 0.0 ms]
      [Free CSet: 0.2 ms]
   [Eden: 97.0M(97.0M)->0.0B(107.0M) Survivors: 13.0M->14.0M Heap: 244.9M(2048.0M)->246.4M(2048.0M)]
 [Times: user=0.78 sys=0.00, real=0.12 secs] 
2020-09-29T12:26:13.313+0200: 139.600: [GC pause (G1 Evacuation Pause) (young), 0.0946179 secs]
   [Parallel Time: 93.3 ms, GC Workers: 8]
      [GC Worker Start (ms): Min: 139600.2, Avg: 139600.3, Max: 139600.3, Diff: 0.1]
      [Ext Root Scanning (ms): Min: 0.0, Avg: 0.1, Max: 0.2, Diff: 0.1, Sum: 0.9]
      [Update RS (ms): Min: 8.5, Avg: 8.8, Max: 9.4, Diff: 1.0, Sum: 70.2]
         [Processed Buffers: Min: 7, Avg: 8.4, Max: 11, Diff: 4, Sum: 67]
      [Scan RS (ms): Min: 7.1, Avg: 7.8, Max: 8.2, Diff: 1.1, Sum: 62.5]
      [Code Root Scanning (ms): Min: 0.0, Avg: 0.0, Max: 0.0, Diff: 0.0, Sum: 0.0]
      [Object Copy (ms): Min: 76.2, Avg: 76.2, Max: 76.3, Diff: 0.1, Sum: 609.9]
      [Termination (ms): Min: 0.0, Avg: 0.0, Max: 0.1, Diff: 0.1, Sum: 0.4]
         [Termination Attempts: Min: 1, Avg: 206.5, Max: 256, Diff: 255, Sum: 1652]
      [GC Worker Other (ms): Min: 0.0, Avg: 0.0, Max: 0.1, Diff: 0.0, Sum: 0.3]
      [GC Worker Total (ms): Min: 92.9, Avg: 93.0, Max: 93.1, Diff: 0.2, Sum: 744.1]
      [GC Worker End (ms): Min: 139693.3, Avg: 139693.3, Max: 139693.3, Diff: 0.1]
   [Code Root Fixup: 0.0 ms]
   [Code Root Purge: 0.0 ms]
   [Clear CT: 0.2 ms]
   [Other: 1.1 ms]
      [Choose CSet: 0.0 ms]
      [Ref Proc: 0.3 ms]
      [Ref Enq: 0.0 ms]
      [Redirty Cards: 0.2 ms]
      [Humongous Register: 0.1 ms]
      [Humongous Reclaim: 0.0 ms]
      [Free CSet: 0.2 ms]
   [Eden: 107.0M(107.0M)->0.0B(122.0M) Survivors: 14.0M->16.0M Heap: 372.5M(2048.0M)->375.0M(2048.0M)]
 [Times: user=0.67 sys=0.00, real=0.10 secs] 
2020-09-29T12:26:13.519+0200: 139.806: [GC pause (G1 Evacuation Pause) (young), 0.1447641 secs]
   [Parallel Time: 143.4 ms, GC Workers: 8]
      [GC Worker Start (ms): Min: 139806.4, Avg: 139806.5, Max: 139806.6, Diff: 0.2]
      [Ext Root Scanning (ms): Min: 0.0, Avg: 0.1, Max: 0.2, Diff: 0.2, Sum: 0.8]
      [Update RS (ms): Min: 10.4, Avg: 12.3, Max: 22.0, Diff: 11.6, Sum: 98.1]
         [Processed Buffers: Min: 1, Avg: 7.6, Max: 10, Diff: 9, Sum: 61]
      [Scan RS (ms): Min: 0.0, Avg: 10.5, Max: 20.4, Diff: 20.4, Sum: 84.4]
      [Code Root Scanning (ms): Min: 0.0, Avg: 0.0, Max: 0.0, Diff: 0.0, Sum: 0.0]
      [Object Copy (ms): Min: 110.9, Avg: 120.1, Max: 121.5, Diff: 10.7, Sum: 960.5]
      [Termination (ms): Min: 0.0, Avg: 0.1, Max: 0.1, Diff: 0.1, Sum: 0.8]
         [Termination Attempts: Min: 1, Avg: 504.4, Max: 674, Diff: 673, Sum: 4035]
      [GC Worker Other (ms): Min: 0.0, Avg: 0.0, Max: 0.1, Diff: 0.1, Sum: 0.3]
      [GC Worker Total (ms): Min: 143.0, Avg: 143.1, Max: 143.3, Diff: 0.3, Sum: 1145.0]
      [GC Worker End (ms): Min: 139949.6, Avg: 139949.6, Max: 139949.6, Diff: 0.1]
   [Code Root Fixup: 0.0 ms]
   [Code Root Purge: 0.0 ms]
   [Clear CT: 0.2 ms]
   [Other: 1.2 ms]
      [Choose CSet: 0.0 ms]
      [Ref Proc: 0.3 ms]
      [Ref Enq: 0.0 ms]
      [Redirty Cards: 0.3 ms]
      [Humongous Register: 0.1 ms]
      [Humongous Reclaim: 0.0 ms]
      [Free CSet: 0.2 ms]
   [Eden: 122.0M(122.0M)->0.0B(125.0M) Survivors: 16.0M->18.0M Heap: 516.1M(2048.0M)->518.1M(2048.0M)]
 [Times: user=0.99 sys=0.00, real=0.14 secs] 
2020-09-29T12:26:13.798+0200: 140.084: [GC pause (G1 Evacuation Pause) (young), 0.1285914 secs]
   [Parallel Time: 127.3 ms, GC Workers: 8]
      [GC Worker Start (ms): Min: 140084.6, Avg: 140084.7, Max: 140084.7, Diff: 0.1]
      [Ext Root Scanning (ms): Min: 0.0, Avg: 0.1, Max: 0.2, Diff: 0.1, Sum: 0.8]
      [Update RS (ms): Min: 12.1, Avg: 12.7, Max: 14.1, Diff: 2.0, Sum: 101.4]
         [Processed Buffers: Min: 7, Avg: 8.8, Max: 11, Diff: 4, Sum: 70]
      [Scan RS (ms): Min: 9.3, Avg: 9.7, Max: 10.1, Diff: 0.8, Sum: 77.8]
      [Code Root Scanning (ms): Min: 0.0, Avg: 0.0, Max: 0.0, Diff: 0.0, Sum: 0.0]
      [Object Copy (ms): Min: 103.0, Avg: 104.5, Max: 104.7, Diff: 1.7, Sum: 835.7]
      [Termination (ms): Min: 0.0, Avg: 0.0, Max: 0.0, Diff: 0.0, Sum: 0.2]
         [Termination Attempts: Min: 1, Avg: 102.6, Max: 142, Diff: 141, Sum: 821]
      [GC Worker Other (ms): Min: 0.0, Avg: 0.0, Max: 0.1, Diff: 0.1, Sum: 0.3]
      [GC Worker Total (ms): Min: 127.0, Avg: 127.0, Max: 127.1, Diff: 0.1, Sum: 1016.3]
      [GC Worker End (ms): Min: 140211.7, Avg: 140211.7, Max: 140211.7, Diff: 0.1]
   [Code Root Fixup: 0.0 ms]
   [Code Root Purge: 0.0 ms]
   [Clear CT: 0.2 ms]
   [Other: 1.1 ms]
      [Choose CSet: 0.0 ms]
      [Ref Proc: 0.3 ms]
      [Ref Enq: 0.0 ms]
      [Redirty Cards: 0.3 ms]
      [Humongous Register: 0.1 ms]
      [Humongous Reclaim: 0.0 ms]
      [Free CSet: 0.2 ms]
   [Eden: 125.0M(125.0M)->0.0B(137.0M) Survivors: 18.0M->18.0M Heap: 664.1M(2048.0M)->666.1M(2048.0M)]
 [Times: user=0.91 sys=0.05, real=0.13 secs] 
2020-09-29T12:26:14.048+0200: 140.335: [GC pause (G1 Evacuation Pause) (young), 0.1412953 secs]
   [Parallel Time: 140.1 ms, GC Workers: 8]
      [GC Worker Start (ms): Min: 140335.1, Avg: 140335.8, Max: 140339.8, Diff: 4.6]
      [Ext Root Scanning (ms): Min: 0.0, Avg: 0.1, Max: 0.2, Diff: 0.2, Sum: 0.8]
      [Update RS (ms): Min: 11.8, Avg: 15.8, Max: 16.8, Diff: 5.0, Sum: 126.2]
         [Processed Buffers: Min: 9, Avg: 11.9, Max: 13, Diff: 4, Sum: 95]
      [Scan RS (ms): Min: 8.8, Avg: 9.3, Max: 9.7, Diff: 0.9, Sum: 74.2]
      [Code Root Scanning (ms): Min: 0.0, Avg: 0.0, Max: 0.0, Diff: 0.0, Sum: 0.0]
      [Object Copy (ms): Min: 114.0, Avg: 114.1, Max: 114.2, Diff: 0.2, Sum: 912.4]
      [Termination (ms): Min: 0.0, Avg: 0.1, Max: 0.1, Diff: 0.1, Sum: 0.8]
         [Termination Attempts: Min: 1, Avg: 406.0, Max: 539, Diff: 538, Sum: 3248]
      [GC Worker Other (ms): Min: 0.0, Avg: 0.1, Max: 0.1, Diff: 0.1, Sum: 0.4]
      [GC Worker Total (ms): Min: 135.4, Avg: 139.4, Max: 140.0, Diff: 4.6, Sum: 1114.9]
      [GC Worker End (ms): Min: 140475.1, Avg: 140475.1, Max: 140475.2, Diff: 0.1]
   [Code Root Fixup: 0.0 ms]
   [Code Root Purge: 0.0 ms]
   [Clear CT: 0.2 ms]
   [Other: 1.0 ms]
      [Choose CSet: 0.0 ms]
      [Ref Proc: 0.2 ms]
      [Ref Enq: 0.0 ms]
      [Redirty Cards: 0.3 ms]
      [Humongous Register: 0.1 ms]
      [Humongous Reclaim: 0.0 ms]
      [Free CSet: 0.2 ms]
   [Eden: 137.0M(137.0M)->0.0B(145.0M) Survivors: 18.0M->20.0M Heap: 825.9M(2048.0M)->828.4M(2048.0M)]
 [Times: user=1.00 sys=0.00, real=0.14 secs] 
2020-09-29T12:26:14.307+0200: 140.594: [GC pause (G1 Evacuation Pause) (young), 0.1744145 secs]
   [Parallel Time: 173.2 ms, GC Workers: 8]
      [GC Worker Start (ms): Min: 140593.9, Avg: 140594.0, Max: 140594.1, Diff: 0.2]
      [Ext Root Scanning (ms): Min: 0.0, Avg: 0.1, Max: 0.2, Diff: 0.2, Sum: 0.8]
      [Update RS (ms): Min: 17.6, Avg: 19.6, Max: 32.3, Diff: 14.7, Sum: 156.4]
         [Processed Buffers: Min: 0, Avg: 12.6, Max: 16, Diff: 16, Sum: 101]
      [Scan RS (ms): Min: 0.0, Avg: 9.3, Max: 10.9, Diff: 10.8, Sum: 74.7]
      [Code Root Scanning (ms): Min: 0.0, Avg: 0.0, Max: 0.0, Diff: 0.0, Sum: 0.0]
      [Object Copy (ms): Min: 140.5, Avg: 143.9, Max: 144.5, Diff: 4.0, Sum: 1151.3]
      [Termination (ms): Min: 0.0, Avg: 0.1, Max: 0.2, Diff: 0.2, Sum: 0.8]
         [Termination Attempts: Min: 1, Avg: 176.6, Max: 255, Diff: 254, Sum: 1413]
      [GC Worker Other (ms): Min: 0.0, Avg: 0.0, Max: 0.0, Diff: 0.0, Sum: 0.1]
      [GC Worker Total (ms): Min: 172.9, Avg: 173.0, Max: 173.1, Diff: 0.2, Sum: 1384.2]
      [GC Worker End (ms): Min: 140767.0, Avg: 140767.0, Max: 140767.1, Diff: 0.0]
   [Code Root Fixup: 0.0 ms]
   [Code Root Purge: 0.0 ms]
   [Clear CT: 0.2 ms]
   [Other: 1.0 ms]
      [Choose CSet: 0.0 ms]
      [Ref Proc: 0.3 ms]
      [Ref Enq: 0.0 ms]
      [Redirty Cards: 0.3 ms]
      [Humongous Register: 0.1 ms]
      [Humongous Reclaim: 0.0 ms]
      [Free CSet: 0.2 ms]
   [Eden: 145.0M(145.0M)->0.0B(146.0M) Survivors: 20.0M->21.0M Heap: 998.2M(2048.0M)->999.7M(2048.0M)]
 [Times: user=1.14 sys=0.00, real=0.18 secs] 
2020-09-29T12:26:14.496+0200: 140.783: [GC pause (G1 Humongous Allocation) (young) (initial-mark), 0.0487356 secs]
   [Parallel Time: 47.4 ms, GC Workers: 8]
      [GC Worker Start (ms): Min: 140783.0, Avg: 140783.1, Max: 140783.2, Diff: 0.2]
      [Ext Root Scanning (ms): Min: 0.0, Avg: 0.4, Max: 1.0, Diff: 1.0, Sum: 3.6]
      [Update RS (ms): Min: 21.6, Avg: 22.2, Max: 22.5, Diff: 0.9, Sum: 177.5]
         [Processed Buffers: Min: 14, Avg: 16.8, Max: 19, Diff: 5, Sum: 134]
      [Scan RS (ms): Min: 2.4, Avg: 3.1, Max: 3.6, Diff: 1.3, Sum: 24.7]
      [Code Root Scanning (ms): Min: 0.0, Avg: 0.0, Max: 0.0, Diff: 0.0, Sum: 0.0]
      [Object Copy (ms): Min: 20.9, Avg: 21.3, Max: 21.5, Diff: 0.5, Sum: 170.5]
      [Termination (ms): Min: 0.0, Avg: 0.0, Max: 0.1, Diff: 0.0, Sum: 0.4]
         [Termination Attempts: Min: 1, Avg: 154.4, Max: 208, Diff: 207, Sum: 1235]
      [GC Worker Other (ms): Min: 0.0, Avg: 0.0, Max: 0.1, Diff: 0.1, Sum: 0.2]
      [GC Worker Total (ms): Min: 47.0, Avg: 47.1, Max: 47.2, Diff: 0.3, Sum: 376.8]
      [GC Worker End (ms): Min: 140830.2, Avg: 140830.2, Max: 140830.2, Diff: 0.1]
   [Code Root Fixup: 0.0 ms]
   [Code Root Purge: 0.0 ms]
   [Clear CT: 0.3 ms]
   [Other: 1.0 ms]
      [Choose CSet: 0.0 ms]
      [Ref Proc: 0.3 ms]
      [Ref Enq: 0.0 ms]
      [Redirty Cards: 0.3 ms]
      [Humongous Register: 0.1 ms]
      [Humongous Reclaim: 0.0 ms]
      [Free CSet: 0.1 ms]
   [Eden: 6144.0K(146.0M)->0.0B(169.0M) Survivors: 21.0M->8192.0K Heap: 1005.2M(2048.0M)->1009.2M(2048.0M)]
 [Times: user=0.31 sys=0.00, real=0.05 secs] 
2020-09-29T12:26:14.545+0200: 140.832: [GC concurrent-root-region-scan-start]
2020-09-29T12:26:14.548+0200: 140.835: [GC concurrent-root-region-scan-end, 0.0030299 secs]
2020-09-29T12:26:14.548+0200: 140.835: [GC concurrent-mark-start]
2020-09-29T12:26:14.553+0200: 140.840: [GC concurrent-mark-end, 0.0051942 secs]
2020-09-29T12:26:14.554+0200: 140.840: [GC remark 2020-09-29T12:26:14.554+0200: 140.840: [Finalize Marking, 0.0002060 secs] 2020-09-29T12:26:14.554+0200: 140.841: [GC ref-proc, 0.0005630 secs] 2020-09-29T12:26:14.554+0200: 140.841: [Unloading, 0.0007101 secs], 0.0020476 secs]
 [Times: user=0.00 sys=0.00, real=0.00 secs] 
2020-09-29T12:26:14.556+0200: 140.843: [GC cleanup 1021M->34M(2048M), 0.0017483 secs]
 [Times: user=0.00 sys=0.00, real=0.00 secs] 
2020-09-29T12:26:14.558+0200: 140.845: [GC concurrent-cleanup-start]
2020-09-29T12:26:14.560+0200: 140.847: [GC concurrent-cleanup-end, 0.0020767 secs]
2020-09-29T12:26:14.692+0200: 140.979: [GC pause (G1 Evacuation Pause) (young), 0.1250306 secs]
   [Parallel Time: 123.6 ms, GC Workers: 8]
      [GC Worker Start (ms): Min: 140978.9, Avg: 140979.1, Max: 140979.5, Diff: 0.6]
      [Ext Root Scanning (ms): Min: 0.0, Avg: 0.1, Max: 0.2, Diff: 0.2, Sum: 0.8]
      [Update RS (ms): Min: 13.5, Avg: 13.8, Max: 14.3, Diff: 0.8, Sum: 110.3]
         [Processed Buffers: Min: 9, Avg: 10.5, Max: 12, Diff: 3, Sum: 84]
      [Scan RS (ms): Min: 9.9, Avg: 10.6, Max: 10.8, Diff: 0.9, Sum: 84.5]
      [Code Root Scanning (ms): Min: 0.0, Avg: 0.0, Max: 0.0, Diff: 0.0, Sum: 0.0]
      [Object Copy (ms): Min: 98.6, Avg: 98.7, Max: 98.7, Diff: 0.1, Sum: 789.4]
      [Termination (ms): Min: 0.0, Avg: 0.0, Max: 0.0, Diff: 0.0, Sum: 0.1]
         [Termination Attempts: Min: 1, Avg: 67.4, Max: 86, Diff: 85, Sum: 539]
      [GC Worker Other (ms): Min: 0.0, Avg: 0.0, Max: 0.1, Diff: 0.1, Sum: 0.3]
      [GC Worker Total (ms): Min: 122.8, Avg: 123.2, Max: 123.3, Diff: 0.5, Sum: 985.4]
      [GC Worker End (ms): Min: 141102.2, Avg: 141102.2, Max: 141102.3, Diff: 0.1]
   [Code Root Fixup: 0.0 ms]
   [Code Root Purge: 0.0 ms]
   [Clear CT: 0.2 ms]
   [Other: 1.2 ms]
      [Choose CSet: 0.0 ms]
      [Ref Proc: 0.3 ms]
      [Ref Enq: 0.0 ms]
      [Redirty Cards: 0.3 ms]
      [Humongous Register: 0.1 ms]
      [Humongous Reclaim: 0.0 ms]
      [Free CSet: 0.2 ms]
   [Eden: 169.0M(169.0M)->0.0B(170.0M) Survivors: 8192.0K->23.0M Heap: 220.1M(2048.0M)->214.1M(2048.0M)]
 [Times: user=0.88 sys=0.02, real=0.13 secs] 
2020-09-29T12:26:14.985+0200: 141.272: [GC pause (G1 Evacuation Pause) (young), 0.1579149 secs]
   [Parallel Time: 156.5 ms, GC Workers: 8]
      [GC Worker Start (ms): Min: 141272.2, Avg: 141272.3, Max: 141272.4, Diff: 0.2]
      [Ext Root Scanning (ms): Min: 0.0, Avg: 0.1, Max: 0.2, Diff: 0.2, Sum: 0.9]
      [Update RS (ms): Min: 15.4, Avg: 15.8, Max: 16.4, Diff: 1.0, Sum: 126.5]
         [Processed Buffers: Min: 11, Avg: 12.4, Max: 14, Diff: 3, Sum: 99]
      [Scan RS (ms): Min: 11.8, Avg: 12.3, Max: 12.7, Diff: 0.9, Sum: 98.6]
      [Code Root Scanning (ms): Min: 0.0, Avg: 0.0, Max: 0.0, Diff: 0.0, Sum: 0.0]
      [Object Copy (ms): Min: 127.7, Avg: 127.8, Max: 128.1, Diff: 0.3, Sum: 1022.8]
      [Termination (ms): Min: 0.0, Avg: 0.2, Max: 0.3, Diff: 0.3, Sum: 1.5]
         [Termination Attempts: Min: 1, Avg: 907.0, Max: 1217, Diff: 1216, Sum: 7256]
      [GC Worker Other (ms): Min: 0.0, Avg: 0.0, Max: 0.1, Diff: 0.1, Sum: 0.3]
      [GC Worker Total (ms): Min: 156.2, Avg: 156.3, Max: 156.4, Diff: 0.2, Sum: 1250.7]
      [GC Worker End (ms): Min: 141428.6, Avg: 141428.6, Max: 141428.6, Diff: 0.1]
   [Code Root Fixup: 0.0 ms]
   [Code Root Purge: 0.0 ms]
   [Clear CT: 0.2 ms]
   [Other: 1.2 ms]
      [Choose CSet: 0.0 ms]
      [Ref Proc: 0.3 ms]
      [Ref Enq: 0.0 ms]
      [Redirty Cards: 0.3 ms]
      [Humongous Register: 0.0 ms]
      [Humongous Reclaim: 0.0 ms]
      [Free CSet: 0.3 ms]
   [Eden: 170.0M(170.0M)->0.0B(174.0M) Survivors: 23.0M->25.0M Heap: 412.7M(2048.0M)->414.2M(2048.0M)]
 [Times: user=1.20 sys=0.00, real=0.16 secs] 
2020-09-29T12:26:15.300+0200: 141.587: [GC pause (G1 Evacuation Pause) (young), 0.1531947 secs]
   [Parallel Time: 151.8 ms, GC Workers: 8]
      [GC Worker Start (ms): Min: 141586.7, Avg: 141586.9, Max: 141587.1, Diff: 0.3]
      [Ext Root Scanning (ms): Min: 0.0, Avg: 0.1, Max: 0.2, Diff: 0.2, Sum: 0.8]
      [Update RS (ms): Min: 15.5, Avg: 15.9, Max: 16.4, Diff: 1.0, Sum: 126.9]
         [Processed Buffers: Min: 12, Avg: 13.0, Max: 14, Diff: 2, Sum: 104]
      [Scan RS (ms): Min: 11.4, Avg: 12.0, Max: 12.3, Diff: 0.8, Sum: 95.6]
      [Code Root Scanning (ms): Min: 0.0, Avg: 0.0, Max: 0.0, Diff: 0.0, Sum: 0.0]
      [Object Copy (ms): Min: 123.2, Avg: 123.4, Max: 123.6, Diff: 0.4, Sum: 987.0]
      [Termination (ms): Min: 0.0, Avg: 0.3, Max: 0.5, Diff: 0.4, Sum: 2.5]
         [Termination Attempts: Min: 1, Avg: 1117.4, Max: 1471, Diff: 1470, Sum: 8939]
      [GC Worker Other (ms): Min: 0.0, Avg: 0.0, Max: 0.1, Diff: 0.0, Sum: 0.2]
      [GC Worker Total (ms): Min: 151.4, Avg: 151.6, Max: 151.8, Diff: 0.4, Sum: 1213.1]
      [GC Worker End (ms): Min: 141738.5, Avg: 141738.5, Max: 141738.5, Diff: 0.1]
   [Code Root Fixup: 0.0 ms]
   [Code Root Purge: 0.0 ms]
   [Clear CT: 0.2 ms]
   [Other: 1.1 ms]
      [Choose CSet: 0.0 ms]
      [Ref Proc: 0.3 ms]
      [Ref Enq: 0.0 ms]
      [Redirty Cards: 0.3 ms]
      [Humongous Register: 0.1 ms]
      [Humongous Reclaim: 0.0 ms]
      [Free CSet: 0.2 ms]
   [Eden: 174.0M(174.0M)->0.0B(183.0M) Survivors: 25.0M->25.0M Heap: 616.8M(2048.0M)->619.3M(2048.0M)]
 [Times: user=1.25 sys=0.00, real=0.15 secs] 
2020-09-29T12:26:15.613+0200: 141.900: [GC pause (G1 Evacuation Pause) (young), 0.1508158 secs]
   [Parallel Time: 149.4 ms, GC Workers: 8]
      [GC Worker Start (ms): Min: 141900.0, Avg: 141900.1, Max: 141900.1, Diff: 0.1]
      [Ext Root Scanning (ms): Min: 0.1, Avg: 0.1, Max: 0.2, Diff: 0.1, Sum: 0.9]
      [Update RS (ms): Min: 16.9, Avg: 17.3, Max: 18.1, Diff: 1.2, Sum: 138.2]
         [Processed Buffers: Min: 12, Avg: 13.9, Max: 16, Diff: 4, Sum: 111]
      [Scan RS (ms): Min: 11.5, Avg: 12.3, Max: 12.7, Diff: 1.1, Sum: 98.4]
      [Code Root Scanning (ms): Min: 0.0, Avg: 0.0, Max: 0.0, Diff: 0.0, Sum: 0.0]
      [Object Copy (ms): Min: 119.4, Avg: 119.5, Max: 119.5, Diff: 0.1, Sum: 955.7]
      [Termination (ms): Min: 0.0, Avg: 0.0, Max: 0.0, Diff: 0.0, Sum: 0.2]
         [Termination Attempts: Min: 1, Avg: 85.5, Max: 134, Diff: 133, Sum: 684]
      [GC Worker Other (ms): Min: 0.0, Avg: 0.0, Max: 0.1, Diff: 0.1, Sum: 0.3]
      [GC Worker Total (ms): Min: 149.1, Avg: 149.2, Max: 149.3, Diff: 0.1, Sum: 1193.7]
      [GC Worker End (ms): Min: 142049.3, Avg: 142049.3, Max: 142049.3, Diff: 0.1]
   [Code Root Fixup: 0.0 ms]
   [Code Root Purge: 0.0 ms]
   [Clear CT: 0.2 ms]
   [Other: 1.2 ms]
      [Choose CSet: 0.0 ms]
      [Ref Proc: 0.3 ms]
      [Ref Enq: 0.0 ms]
      [Redirty Cards: 0.3 ms]
      [Humongous Register: 0.1 ms]
      [Humongous Reclaim: 0.0 ms]
      [Free CSet: 0.2 ms]
   [Eden: 183.0M(183.0M)->0.0B(193.0M) Survivors: 25.0M->26.0M Heap: 832.8M(2048.0M)->834.8M(2048.0M)]
 [Times: user=1.25 sys=0.00, real=0.15 secs] 
2020-09-29T12:26:15.943+0200: 142.230: [GC pause (G1 Evacuation Pause) (young), 0.2683435 secs]
   [Parallel Time: 267.0 ms, GC Workers: 8]
      [GC Worker Start (ms): Min: 142230.1, Avg: 142230.2, Max: 142230.4, Diff: 0.2]
      [Ext Root Scanning (ms): Min: 0.0, Avg: 0.1, Max: 0.2, Diff: 0.2, Sum: 0.8]
      [Update RS (ms): Min: 19.2, Avg: 21.0, Max: 31.8, Diff: 12.6, Sum: 167.9]
         [Processed Buffers: Min: 0, Avg: 14.3, Max: 18, Diff: 18, Sum: 114]
      [Scan RS (ms): Min: 2.6, Avg: 17.1, Max: 44.4, Diff: 41.8, Sum: 136.9]
      [Code Root Scanning (ms): Min: 0.0, Avg: 0.0, Max: 0.0, Diff: 0.0, Sum: 0.0]
      [Object Copy (ms): Min: 201.7, Avg: 227.7, Max: 232.1, Diff: 30.5, Sum: 1821.2]
      [Termination (ms): Min: 0.1, Avg: 0.8, Max: 1.4, Diff: 1.2, Sum: 6.7]
         [Termination Attempts: Min: 1, Avg: 3440.5, Max: 5460, Diff: 5459, Sum: 27524]
      [GC Worker Other (ms): Min: 0.0, Avg: 0.0, Max: 0.1, Diff: 0.0, Sum: 0.2]
      [GC Worker Total (ms): Min: 266.6, Avg: 266.7, Max: 266.8, Diff: 0.2, Sum: 2133.8]
      [GC Worker End (ms): Min: 142496.9, Avg: 142497.0, Max: 142497.0, Diff: 0.1]
   [Code Root Fixup: 0.0 ms]
   [Code Root Purge: 0.0 ms]
   [Clear CT: 0.3 ms]
   [Other: 1.1 ms]
      [Choose CSet: 0.0 ms]
      [Ref Proc: 0.3 ms]
      [Ref Enq: 0.0 ms]
      [Redirty Cards: 0.2 ms]
      [Humongous Register: 0.1 ms]
      [Humongous Reclaim: 0.0 ms]
      [Free CSet: 0.3 ms]
   [Eden: 193.0M(193.0M)->0.0B(149.0M) Survivors: 26.0M->28.0M Heap: 1060.3M(2048.0M)->1062.8M(2048.0M)]
 [Times: user=1.75 sys=0.01, real=0.27 secs] 
2020-09-29T12:26:16.234+0200: 142.520: [GC pause (G1 Humongous Allocation) (young) (initial-mark), 0.0588429 secs]
   [Parallel Time: 57.5 ms, GC Workers: 8]
      [GC Worker Start (ms): Min: 142520.6, Avg: 142520.7, Max: 142520.8, Diff: 0.2]
      [Ext Root Scanning (ms): Min: 0.0, Avg: 3.8, Max: 23.4, Diff: 23.4, Sum: 30.0]
      [Update RS (ms): Min: 7.0, Avg: 26.9, Max: 30.5, Diff: 23.6, Sum: 215.5]
         [Processed Buffers: Min: 5, Avg: 19.9, Max: 25, Diff: 20, Sum: 159]
      [Scan RS (ms): Min: 2.4, Avg: 3.3, Max: 4.0, Diff: 1.6, Sum: 26.1]
      [Code Root Scanning (ms): Min: 0.0, Avg: 0.0, Max: 0.0, Diff: 0.0, Sum: 0.0]
      [Object Copy (ms): Min: 22.6, Avg: 23.4, Max: 23.6, Diff: 1.0, Sum: 186.8]
      [Termination (ms): Min: 0.0, Avg: 0.0, Max: 0.1, Diff: 0.1, Sum: 0.3]
         [Termination Attempts: Min: 1, Avg: 4.5, Max: 11, Diff: 10, Sum: 36]
      [GC Worker Other (ms): Min: 0.0, Avg: 0.0, Max: 0.0, Diff: 0.0, Sum: 0.1]
      [GC Worker Total (ms): Min: 57.2, Avg: 57.4, Max: 57.5, Diff: 0.2, Sum: 458.9]
      [GC Worker End (ms): Min: 142578.0, Avg: 142578.0, Max: 142578.0, Diff: 0.0]
   [Code Root Fixup: 0.0 ms]
   [Code Root Purge: 0.0 ms]
   [Clear CT: 0.2 ms]
   [Other: 1.1 ms]
      [Choose CSet: 0.0 ms]
      [Ref Proc: 0.3 ms]
      [Ref Enq: 0.0 ms]
      [Redirty Cards: 0.3 ms]
      [Humongous Register: 0.1 ms]
      [Humongous Reclaim: 0.0 ms]
      [Free CSet: 0.1 ms]
   [Eden: 4096.0K(149.0M)->0.0B(179.0M) Survivors: 28.0M->6144.0K Heap: 1066.8M(2048.0M)->1070.8M(2048.0M)]
 [Times: user=0.47 sys=0.00, real=0.06 secs] 
2020-09-29T12:26:16.293+0200: 142.579: [GC concurrent-root-region-scan-start]
2020-09-29T12:26:16.295+0200: 142.582: [GC concurrent-root-region-scan-end, 0.0021091 secs]
2020-09-29T12:26:16.295+0200: 142.582: [GC concurrent-mark-start]
2020-09-29T12:26:16.300+0200: 142.587: [GC concurrent-mark-end, 0.0048447 secs]
2020-09-29T12:26:16.300+0200: 142.587: [GC remark 2020-09-29T12:26:16.300+0200: 142.587: [Finalize Marking, 0.0004319 secs] 2020-09-29T12:26:16.301+0200: 142.587: [GC ref-proc, 0.0005430 secs] 2020-09-29T12:26:16.301+0200: 142.588: [Unloading, 0.0006932 secs], 0.0021057 secs]
 [Times: user=0.00 sys=0.02, real=0.00 secs] 
2020-09-29T12:26:16.303+0200: 142.590: [GC cleanup 1081M->31M(2048M), 0.0015948 secs]
 [Times: user=0.00 sys=0.00, real=0.00 secs] 
2020-09-29T12:26:16.305+0200: 142.591: [GC concurrent-cleanup-start]
2020-09-29T12:26:16.307+0200: 142.594: [GC concurrent-cleanup-end, 0.0022727 secs]
2020-09-29T12:26:16.446+0200: 142.733: [GC pause (G1 Evacuation Pause) (young), 0.1990696 secs]
   [Parallel Time: 197.6 ms, GC Workers: 8]
      [GC Worker Start (ms): Min: 142732.9, Avg: 142738.9, Max: 142765.4, Diff: 32.5]
      [Ext Root Scanning (ms): Min: 0.0, Avg: 0.1, Max: 0.2, Diff: 0.2, Sum: 0.7]
      [Update RS (ms): Min: 0.0, Avg: 16.7, Max: 21.9, Diff: 21.9, Sum: 133.4]
         [Processed Buffers: Min: 0, Avg: 12.5, Max: 18, Diff: 18, Sum: 100]
      [Scan RS (ms): Min: 2.0, Avg: 12.3, Max: 16.5, Diff: 14.6, Sum: 98.3]
      [Code Root Scanning (ms): Min: 0.0, Avg: 0.0, Max: 0.0, Diff: 0.0, Sum: 0.0]
      [Object Copy (ms): Min: 159.3, Avg: 162.2, Max: 162.7, Diff: 3.4, Sum: 1297.3]
      [Termination (ms): Min: 0.0, Avg: 0.1, Max: 0.1, Diff: 0.1, Sum: 0.6]
         [Termination Attempts: Min: 1, Avg: 39.3, Max: 61, Diff: 60, Sum: 314]
      [GC Worker Other (ms): Min: 0.0, Avg: 0.0, Max: 0.2, Diff: 0.1, Sum: 0.3]
      [GC Worker Total (ms): Min: 164.8, Avg: 191.3, Max: 197.3, Diff: 32.5, Sum: 1530.7]
      [GC Worker End (ms): Min: 142930.2, Avg: 142930.3, Max: 142930.3, Diff: 0.1]
   [Code Root Fixup: 0.0 ms]
   [Code Root Purge: 0.0 ms]
   [Clear CT: 0.4 ms]
   [Other: 1.1 ms]
      [Choose CSet: 0.0 ms]
      [Ref Proc: 0.2 ms]
      [Ref Enq: 0.0 ms]
      [Redirty Cards: 0.3 ms]
      [Humongous Register: 0.0 ms]
      [Humongous Reclaim: 0.0 ms]
      [Free CSet: 0.2 ms]
   [Eden: 179.0M(179.0M)->0.0B(152.0M) Survivors: 6144.0K->24.0M Heap: 230.5M(2048.0M)->226.5M(2048.0M)]
 [Times: user=1.31 sys=0.03, real=0.20 secs] 
2020-09-29T12:26:16.787+0200: 143.074: [GC pause (G1 Evacuation Pause) (young), 0.2530909 secs]
   [Parallel Time: 251.6 ms, GC Workers: 8]
      [GC Worker Start (ms): Min: 143073.9, Avg: 143078.1, Max: 143107.2, Diff: 33.3]
      [Ext Root Scanning (ms): Min: 0.0, Avg: 0.1, Max: 0.2, Diff: 0.2, Sum: 0.7]
      [Update RS (ms): Min: 0.0, Avg: 22.3, Max: 33.4, Diff: 33.4, Sum: 178.8]
         [Processed Buffers: Min: 0, Avg: 13.8, Max: 20, Diff: 20, Sum: 110]
      [Scan RS (ms): Min: 3.4, Avg: 14.0, Max: 39.5, Diff: 36.2, Sum: 112.2]
      [Code Root Scanning (ms): Min: 0.0, Avg: 0.0, Max: 0.0, Diff: 0.0, Sum: 0.0]
      [Object Copy (ms): Min: 187.0, Avg: 210.0, Max: 213.9, Diff: 26.9, Sum: 1679.9]
      [Termination (ms): Min: 0.0, Avg: 0.7, Max: 1.2, Diff: 1.2, Sum: 5.8]
         [Termination Attempts: Min: 1, Avg: 3113.9, Max: 4668, Diff: 4667, Sum: 24911]
      [GC Worker Other (ms): Min: 0.0, Avg: 0.0, Max: 0.0, Diff: 0.0, Sum: 0.1]
      [GC Worker Total (ms): Min: 218.1, Avg: 247.2, Max: 251.4, Diff: 33.3, Sum: 1977.5]
      [GC Worker End (ms): Min: 143325.3, Avg: 143325.3, Max: 143325.3, Diff: 0.0]
   [Code Root Fixup: 0.0 ms]
   [Code Root Purge: 0.0 ms]
   [Clear CT: 0.2 ms]
   [Other: 1.3 ms]
      [Choose CSet: 0.0 ms]
      [Ref Proc: 0.2 ms]
      [Ref Enq: 0.0 ms]
      [Redirty Cards: 0.5 ms]
      [Humongous Register: 0.0 ms]
      [Humongous Reclaim: 0.0 ms]
      [Free CSet: 0.2 ms]
   [Eden: 152.0M(152.0M)->0.0B(123.0M) Survivors: 24.0M->22.0M Heap: 403.3M(2048.0M)->405.8M(2048.0M)]
 [Times: user=1.53 sys=0.00, real=0.25 secs] 
2020-09-29T12:26:17.154+0200: 143.440: [GC pause (G1 Evacuation Pause) (young), 0.1386745 secs]
   [Parallel Time: 136.5 ms, GC Workers: 8]
      [GC Worker Start (ms): Min: 143440.5, Avg: 143440.5, Max: 143440.6, Diff: 0.1]
      [Ext Root Scanning (ms): Min: 0.0, Avg: 0.1, Max: 0.2, Diff: 0.1, Sum: 0.8]
      [Update RS (ms): Min: 12.7, Avg: 13.5, Max: 17.4, Diff: 4.7, Sum: 108.2]
         [Processed Buffers: Min: 10, Avg: 10.5, Max: 13, Diff: 3, Sum: 84]
      [Scan RS (ms): Min: 8.3, Avg: 12.2, Max: 13.0, Diff: 4.7, Sum: 97.5]
      [Code Root Scanning (ms): Min: 0.0, Avg: 0.0, Max: 0.0, Diff: 0.0, Sum: 0.0]
      [Object Copy (ms): Min: 110.3, Avg: 110.4, Max: 110.4, Diff: 0.1, Sum: 883.2]
      [Termination (ms): Min: 0.0, Avg: 0.1, Max: 0.1, Diff: 0.1, Sum: 0.9]
         [Termination Attempts: Min: 1, Avg: 212.6, Max: 273, Diff: 272, Sum: 1701]
      [GC Worker Other (ms): Min: 0.0, Avg: 0.0, Max: 0.0, Diff: 0.0, Sum: 0.1]
      [GC Worker Total (ms): Min: 136.3, Avg: 136.3, Max: 136.4, Diff: 0.1, Sum: 1090.8]
      [GC Worker End (ms): Min: 143576.9, Avg: 143576.9, Max: 143576.9, Diff: 0.0]
   [Code Root Fixup: 0.0 ms]
   [Code Root Purge: 0.0 ms]
   [Clear CT: 0.3 ms]
   [Other: 1.9 ms]
      [Choose CSet: 0.0 ms]
      [Ref Proc: 0.3 ms]
      [Ref Enq: 0.0 ms]
      [Redirty Cards: 1.0 ms]
      [Humongous Register: 0.0 ms]
      [Humongous Reclaim: 0.0 ms]
      [Free CSet: 0.2 ms]
   [Eden: 123.0M(123.0M)->0.0B(137.0M) Survivors: 22.0M->19.0M Heap: 549.8M(2048.0M)->552.3M(2048.0M)]
 [Times: user=1.02 sys=0.00, real=0.14 secs] 
2020-09-29T12:26:17.402+0200: 143.688: [GC pause (G1 Evacuation Pause) (young), 0.1325116 secs]
   [Parallel Time: 131.3 ms, GC Workers: 8]
      [GC Worker Start (ms): Min: 143688.5, Avg: 143688.6, Max: 143688.7, Diff: 0.2]
      [Ext Root Scanning (ms): Min: 0.0, Avg: 0.1, Max: 0.2, Diff: 0.2, Sum: 0.8]
      [Update RS (ms): Min: 19.7, Avg: 19.9, Max: 20.2, Diff: 0.5, Sum: 159.1]
         [Processed Buffers: Min: 0, Avg: 14.4, Max: 19, Diff: 19, Sum: 115]
      [Scan RS (ms): Min: 6.8, Avg: 7.1, Max: 7.4, Diff: 0.6, Sum: 56.9]
      [Code Root Scanning (ms): Min: 0.0, Avg: 0.0, Max: 0.0, Diff: 0.0, Sum: 0.0]
      [Object Copy (ms): Min: 103.8, Avg: 103.8, Max: 103.9, Diff: 0.2, Sum: 830.8]
      [Termination (ms): Min: 0.0, Avg: 0.1, Max: 0.1, Diff: 0.1, Sum: 0.5]
         [Termination Attempts: Min: 1, Avg: 281.9, Max: 367, Diff: 366, Sum: 2255]
      [GC Worker Other (ms): Min: 0.0, Avg: 0.0, Max: 0.1, Diff: 0.0, Sum: 0.2]
      [GC Worker Total (ms): Min: 130.9, Avg: 131.0, Max: 131.1, Diff: 0.2, Sum: 1048.3]
      [GC Worker End (ms): Min: 143819.6, Avg: 143819.7, Max: 143819.7, Diff: 0.0]
   [Code Root Fixup: 0.0 ms]
   [Code Root Purge: 0.0 ms]
   [Clear CT: 0.4 ms]
   [Other: 0.9 ms]
      [Choose CSet: 0.0 ms]
      [Ref Proc: 0.2 ms]
      [Ref Enq: 0.0 ms]
      [Redirty Cards: 0.2 ms]
      [Humongous Register: 0.0 ms]
      [Humongous Reclaim: 0.0 ms]
      [Free CSet: 0.2 ms]
   [Eden: 137.0M(137.0M)->0.0B(152.0M) Survivors: 19.0M->20.0M Heap: 712.2M(2048.0M)->714.2M(2048.0M)]
 [Times: user=0.98 sys=0.00, real=0.13 secs] 
2020-09-29T12:26:17.659+0200: 143.945: [GC pause (G1 Evacuation Pause) (young), 0.0898673 secs]
   [Parallel Time: 88.7 ms, GC Workers: 8]
      [GC Worker Start (ms): Min: 143945.3, Avg: 143945.4, Max: 143945.5, Diff: 0.2]
      [Ext Root Scanning (ms): Min: 0.0, Avg: 0.1, Max: 0.2, Diff: 0.2, Sum: 0.5]
      [Update RS (ms): Min: 9.7, Avg: 9.9, Max: 10.2, Diff: 0.6, Sum: 79.5]
         [Processed Buffers: Min: 6, Avg: 11.8, Max: 17, Diff: 11, Sum: 94]
      [Scan RS (ms): Min: 6.1, Avg: 6.4, Max: 6.6, Diff: 0.5, Sum: 51.0]
      [Code Root Scanning (ms): Min: 0.0, Avg: 0.0, Max: 0.0, Diff: 0.0, Sum: 0.0]
      [Object Copy (ms): Min: 71.9, Avg: 72.0, Max: 72.1, Diff: 0.1, Sum: 575.8]
      [Termination (ms): Min: 0.0, Avg: 0.1, Max: 0.1, Diff: 0.1, Sum: 0.5]
         [Termination Attempts: Min: 1, Avg: 461.3, Max: 685, Diff: 684, Sum: 3690]
      [GC Worker Other (ms): Min: 0.0, Avg: 0.0, Max: 0.1, Diff: 0.1, Sum: 0.3]
      [GC Worker Total (ms): Min: 88.4, Avg: 88.5, Max: 88.6, Diff: 0.2, Sum: 707.6]
      [GC Worker End (ms): Min: 144033.9, Avg: 144033.9, Max: 144033.9, Diff: 0.0]
   [Code Root Fixup: 0.0 ms]
   [Code Root Purge: 0.0 ms]
   [Clear CT: 0.2 ms]
   [Other: 1.0 ms]
      [Choose CSet: 0.0 ms]
      [Ref Proc: 0.3 ms]
      [Ref Enq: 0.0 ms]
      [Redirty Cards: 0.3 ms]
      [Humongous Register: 0.1 ms]
      [Humongous Reclaim: 0.0 ms]
      [Free CSet: 0.2 ms]
   [Eden: 152.0M(152.0M)->0.0B(179.0M) Survivors: 20.0M->22.0M Heap: 891.0M(2048.0M)->893.0M(2048.0M)]
 [Times: user=0.72 sys=0.00, real=0.09 secs] 
2020-09-29T12:26:17.851+0200: 144.138: [GC pause (G1 Evacuation Pause) (young), 0.0955265 secs]
   [Parallel Time: 94.7 ms, GC Workers: 8]
      [GC Worker Start (ms): Min: 144138.1, Avg: 144138.2, Max: 144138.3, Diff: 0.2]
      [Ext Root Scanning (ms): Min: 0.0, Avg: 0.1, Max: 0.2, Diff: 0.2, Sum: 0.5]
      [Update RS (ms): Min: 11.2, Avg: 11.4, Max: 11.6, Diff: 0.4, Sum: 90.8]
         [Processed Buffers: Min: 13, Avg: 14.0, Max: 16, Diff: 3, Sum: 112]
      [Scan RS (ms): Min: 7.4, Avg: 7.6, Max: 7.8, Diff: 0.4, Sum: 60.7]
      [Code Root Scanning (ms): Min: 0.0, Avg: 0.0, Max: 0.0, Diff: 0.0, Sum: 0.0]
      [Object Copy (ms): Min: 75.4, Avg: 75.4, Max: 75.5, Diff: 0.1, Sum: 603.4]
      [Termination (ms): Min: 0.0, Avg: 0.0, Max: 0.0, Diff: 0.0, Sum: 0.2]
         [Termination Attempts: Min: 1, Avg: 181.8, Max: 236, Diff: 235, Sum: 1454]
      [GC Worker Other (ms): Min: 0.0, Avg: 0.0, Max: 0.1, Diff: 0.0, Sum: 0.3]
      [GC Worker Total (ms): Min: 94.4, Avg: 94.5, Max: 94.6, Diff: 0.2, Sum: 756.0]
      [GC Worker End (ms): Min: 144232.7, Avg: 144232.7, Max: 144232.7, Diff: 0.0]
   [Code Root Fixup: 0.0 ms]
   [Code Root Purge: 0.0 ms]
   [Clear CT: 0.2 ms]
   [Other: 0.7 ms]
      [Choose CSet: 0.0 ms]
      [Ref Proc: 0.1 ms]
      [Ref Enq: 0.0 ms]
      [Redirty Cards: 0.1 ms]
      [Humongous Register: 0.0 ms]
      [Humongous Reclaim: 0.0 ms]
      [Free CSet: 0.2 ms]
   [Eden: 179.0M(179.0M)->0.0B(203.0M) Survivors: 22.0M->26.0M Heap: 1102.5M(2048.0M)->1104.5M(2048.0M)]
 [Times: user=0.75 sys=0.00, real=0.10 secs] 
2020-09-29T12:26:17.958+0200: 144.245: [GC pause (G1 Humongous Allocation) (young) (initial-mark), 0.0353325 secs]
   [Parallel Time: 34.4 ms, GC Workers: 8]
      [GC Worker Start (ms): Min: 144244.9, Avg: 144244.9, Max: 144245.0, Diff: 0.1]
      [Ext Root Scanning (ms): Min: 0.1, Avg: 0.1, Max: 0.1, Diff: 0.1, Sum: 0.7]
      [Update RS (ms): Min: 19.2, Avg: 19.3, Max: 19.6, Diff: 0.5, Sum: 154.7]
         [Processed Buffers: Min: 21, Avg: 22.8, Max: 25, Diff: 4, Sum: 182]
      [Scan RS (ms): Min: 1.3, Avg: 1.6, Max: 1.9, Diff: 0.5, Sum: 12.8]
      [Code Root Scanning (ms): Min: 0.0, Avg: 0.0, Max: 0.0, Diff: 0.0, Sum: 0.0]
      [Object Copy (ms): Min: 13.2, Avg: 13.3, Max: 13.3, Diff: 0.1, Sum: 106.2]
      [Termination (ms): Min: 0.0, Avg: 0.0, Max: 0.0, Diff: 0.0, Sum: 0.3]
         [Termination Attempts: Min: 1, Avg: 47.5, Max: 63, Diff: 62, Sum: 380]
      [GC Worker Other (ms): Min: 0.0, Avg: 0.0, Max: 0.0, Diff: 0.0, Sum: 0.1]
      [GC Worker Total (ms): Min: 34.3, Avg: 34.3, Max: 34.4, Diff: 0.1, Sum: 274.7]
      [GC Worker End (ms): Min: 144279.3, Avg: 144279.3, Max: 144279.3, Diff: 0.0]
   [Code Root Fixup: 0.0 ms]
   [Code Root Purge: 0.0 ms]
   [Clear CT: 0.1 ms]
   [Other: 0.8 ms]
      [Choose CSet: 0.0 ms]
      [Ref Proc: 0.2 ms]
      [Ref Enq: 0.0 ms]
      [Redirty Cards: 0.2 ms]
      [Humongous Register: 0.1 ms]
      [Humongous Reclaim: 0.0 ms]
      [Free CSet: 0.1 ms]
   [Eden: 6144.0K(203.0M)->0.0B(251.0M) Survivors: 26.0M->7168.0K Heap: 1110.0M(2048.0M)->1112.5M(2048.0M)]
 [Times: user=0.25 sys=0.00, real=0.04 secs] 
2020-09-29T12:26:17.994+0200: 144.280: [GC concurrent-root-region-scan-start]
2020-09-29T12:26:17.996+0200: 144.282: [GC concurrent-root-region-scan-end, 0.0022383 secs]
2020-09-29T12:26:17.996+0200: 144.282: [GC concurrent-mark-start]
2020-09-29T12:26:18.000+0200: 144.286: [GC concurrent-mark-end, 0.0039452 secs]
2020-09-29T12:26:18.000+0200: 144.287: [GC remark 2020-09-29T12:26:18.000+0200: 144.287: [Finalize Marking, 0.0009287 secs] 2020-09-29T12:26:18.001+0200: 144.288: [GC ref-proc, 0.0006002 secs] 2020-09-29T12:26:18.002+0200: 144.288: [Unloading, 0.0005182 secs], 0.0024233 secs]
 [Times: user=0.00 sys=0.00, real=0.00 secs] 
2020-09-29T12:26:18.003+0200: 144.289: [GC cleanup 1125M->34M(2048M), 0.0016781 secs]
 [Times: user=0.00 sys=0.00, real=0.00 secs] 
2020-09-29T12:26:18.005+0200: 144.291: [GC concurrent-cleanup-start]
2020-09-29T12:26:18.006+0200: 144.293: [GC concurrent-cleanup-end, 0.0018977 secs]
2020-09-29T12:26:18.143+0200: 144.430: [GC pause (G1 Evacuation Pause) (young), 0.1191308 secs]
   [Parallel Time: 118.2 ms, GC Workers: 8]
      [GC Worker Start (ms): Min: 144430.1, Avg: 144430.2, Max: 144430.3, Diff: 0.1]
      [Ext Root Scanning (ms): Min: 0.0, Avg: 0.1, Max: 0.2, Diff: 0.1, Sum: 0.6]
      [Update RS (ms): Min: 14.6, Avg: 14.9, Max: 15.3, Diff: 0.6, Sum: 119.5]
         [Processed Buffers: Min: 16, Avg: 16.9, Max: 18, Diff: 2, Sum: 135]
      [Scan RS (ms): Min: 9.1, Avg: 9.4, Max: 9.7, Diff: 0.6, Sum: 75.3]
      [Code Root Scanning (ms): Min: 0.0, Avg: 0.0, Max: 0.0, Diff: 0.0, Sum: 0.0]
      [Object Copy (ms): Min: 93.5, Avg: 93.5, Max: 93.5, Diff: 0.1, Sum: 747.9]
      [Termination (ms): Min: 0.0, Avg: 0.0, Max: 0.0, Diff: 0.0, Sum: 0.1]
         [Termination Attempts: Min: 1, Avg: 90.9, Max: 112, Diff: 111, Sum: 727]
      [GC Worker Other (ms): Min: 0.0, Avg: 0.0, Max: 0.1, Diff: 0.0, Sum: 0.3]
      [GC Worker Total (ms): Min: 117.9, Avg: 118.0, Max: 118.0, Diff: 0.1, Sum: 943.7]
      [GC Worker End (ms): Min: 144548.1, Avg: 144548.2, Max: 144548.2, Diff: 0.0]
   [Code Root Fixup: 0.0 ms]
   [Code Root Purge: 0.0 ms]
   [Clear CT: 0.2 ms]
   [Other: 0.8 ms]
      [Choose CSet: 0.0 ms]
      [Ref Proc: 0.1 ms]
      [Ref Enq: 0.0 ms]
      [Redirty Cards: 0.3 ms]
      [Humongous Register: 0.0 ms]
      [Humongous Reclaim: 0.0 ms]
      [Free CSet: 0.2 ms]
   [Eden: 251.0M(251.0M)->0.0B(251.0M) Survivors: 7168.0K->33.0M Heap: 314.5M(2048.0M)->310.5M(2048.0M)]
 [Times: user=1.00 sys=0.00, real=0.12 secs] 
2020-09-29T12:26:18.393+0200: 144.680: [GC pause (G1 Evacuation Pause) (young), 0.1426298 secs]
   [Parallel Time: 141.5 ms, GC Workers: 8]
      [GC Worker Start (ms): Min: 144679.6, Avg: 144680.0, Max: 144682.2, Diff: 2.6]
      [Ext Root Scanning (ms): Min: 0.0, Avg: 0.1, Max: 0.1, Diff: 0.1, Sum: 0.5]
      [Update RS (ms): Min: 12.9, Avg: 14.9, Max: 15.5, Diff: 2.6, Sum: 119.5]
         [Processed Buffers: Min: 14, Avg: 16.5, Max: 19, Diff: 5, Sum: 132]
      [Scan RS (ms): Min: 13.0, Avg: 13.2, Max: 13.5, Diff: 0.5, Sum: 105.9]
      [Code Root Scanning (ms): Min: 0.0, Avg: 0.0, Max: 0.0, Diff: 0.0, Sum: 0.0]
      [Object Copy (ms): Min: 112.6, Avg: 112.7, Max: 112.7, Diff: 0.1, Sum: 901.3]
      [Termination (ms): Min: 0.0, Avg: 0.1, Max: 0.2, Diff: 0.2, Sum: 0.9]
         [Termination Attempts: Min: 1, Avg: 805.4, Max: 1078, Diff: 1077, Sum: 6443]
      [GC Worker Other (ms): Min: 0.0, Avg: 0.0, Max: 0.1, Diff: 0.0, Sum: 0.3]
      [GC Worker Total (ms): Min: 138.8, Avg: 141.0, Max: 141.5, Diff: 2.6, Sum: 1128.4]
      [GC Worker End (ms): Min: 144821.0, Avg: 144821.0, Max: 144821.1, Diff: 0.0]
   [Code Root Fixup: 0.0 ms]
   [Code Root Purge: 0.0 ms]
   [Clear CT: 0.2 ms]
   [Other: 0.9 ms]
      [Choose CSet: 0.0 ms]
      [Ref Proc: 0.2 ms]
      [Ref Enq: 0.0 ms]
      [Redirty Cards: 0.2 ms]
      [Humongous Register: 0.0 ms]
      [Humongous Reclaim: 0.0 ms]
      [Free CSet: 0.2 ms]
   [Eden: 251.0M(251.0M)->0.0B(259.0M) Survivors: 33.0M->36.0M Heap: 603.4M(2048.0M)->605.4M(2048.0M)]
 [Times: user=1.09 sys=0.02, real=0.14 secs] 
2020-09-29T12:26:18.684+0200: 144.971: [GC pause (G1 Evacuation Pause) (young), 0.1463181 secs]
   [Parallel Time: 145.2 ms, GC Workers: 8]
      [GC Worker Start (ms): Min: 144970.9, Avg: 144971.0, Max: 144971.0, Diff: 0.2]
      [Ext Root Scanning (ms): Min: 0.0, Avg: 0.1, Max: 0.1, Diff: 0.1, Sum: 0.5]
      [Update RS (ms): Min: 20.9, Avg: 21.1, Max: 21.5, Diff: 0.7, Sum: 168.7]
         [Processed Buffers: Min: 20, Avg: 22.6, Max: 24, Diff: 4, Sum: 181]
      [Scan RS (ms): Min: 11.3, Avg: 11.8, Max: 12.0, Diff: 0.6, Sum: 94.0]
      [Code Root Scanning (ms): Min: 0.0, Avg: 0.0, Max: 0.0, Diff: 0.0, Sum: 0.0]
      [Object Copy (ms): Min: 112.1, Avg: 112.1, Max: 112.2, Diff: 0.1, Sum: 896.9]
      [Termination (ms): Min: 0.0, Avg: 0.0, Max: 0.0, Diff: 0.0, Sum: 0.1]
         [Termination Attempts: Min: 1, Avg: 48.9, Max: 72, Diff: 71, Sum: 391]
      [GC Worker Other (ms): Min: 0.0, Avg: 0.0, Max: 0.1, Diff: 0.1, Sum: 0.3]
      [GC Worker Total (ms): Min: 145.0, Avg: 145.1, Max: 145.2, Diff: 0.2, Sum: 1160.5]
      [GC Worker End (ms): Min: 145116.0, Avg: 145116.0, Max: 145116.1, Diff: 0.1]
   [Code Root Fixup: 0.0 ms]
   [Code Root Purge: 0.0 ms]
   [Clear CT: 0.2 ms]
   [Other: 0.9 ms]
      [Choose CSet: 0.0 ms]
      [Ref Proc: 0.2 ms]
      [Ref Enq: 0.0 ms]
      [Redirty Cards: 0.2 ms]
      [Humongous Register: 0.0 ms]
      [Humongous Reclaim: 0.0 ms]
      [Free CSet: 0.3 ms]
   [Eden: 259.0M(259.0M)->0.0B(273.0M) Survivors: 36.0M->37.0M Heap: 908.3M(2048.0M)->909.8M(2048.0M)]
 [Times: user=1.13 sys=0.00, real=0.15 secs] 
2020-09-29T12:26:18.978+0200: 145.265: [GC pause (G1 Humongous Allocation) (young) (initial-mark), 0.1329289 secs]
   [Parallel Time: 131.6 ms, GC Workers: 8]
      [GC Worker Start (ms): Min: 145264.8, Avg: 145264.8, Max: 145264.9, Diff: 0.1]
      [Ext Root Scanning (ms): Min: 0.0, Avg: 0.1, Max: 0.1, Diff: 0.1, Sum: 0.7]
      [Update RS (ms): Min: 16.1, Avg: 16.4, Max: 16.8, Diff: 0.7, Sum: 131.4]
         [Processed Buffers: Min: 18, Avg: 18.9, Max: 20, Diff: 2, Sum: 151]
      [Scan RS (ms): Min: 10.2, Avg: 10.5, Max: 10.8, Diff: 0.7, Sum: 84.4]
      [Code Root Scanning (ms): Min: 0.0, Avg: 0.0, Max: 0.0, Diff: 0.0, Sum: 0.0]
      [Object Copy (ms): Min: 104.3, Avg: 104.4, Max: 104.4, Diff: 0.1, Sum: 834.9]
      [Termination (ms): Min: 0.0, Avg: 0.0, Max: 0.0, Diff: 0.0, Sum: 0.1]
         [Termination Attempts: Min: 1, Avg: 55.5, Max: 71, Diff: 70, Sum: 444]
      [GC Worker Other (ms): Min: 0.0, Avg: 0.0, Max: 0.1, Diff: 0.1, Sum: 0.3]
      [GC Worker Total (ms): Min: 131.4, Avg: 131.5, Max: 131.5, Diff: 0.1, Sum: 1051.8]
      [GC Worker End (ms): Min: 145396.3, Avg: 145396.3, Max: 145396.3, Diff: 0.1]
   [Code Root Fixup: 0.0 ms]
   [Code Root Purge: 0.0 ms]
   [Clear CT: 0.3 ms]
   [Other: 1.0 ms]
      [Choose CSet: 0.0 ms]
      [Ref Proc: 0.2 ms]
      [Ref Enq: 0.0 ms]
      [Redirty Cards: 0.2 ms]
      [Humongous Register: 0.0 ms]
      [Humongous Reclaim: 0.0 ms]
      [Free CSet: 0.3 ms]
   [Eden: 247.0M(273.0M)->0.0B(293.0M) Survivors: 37.0M->39.0M Heap: 1196.3M(2048.0M)->1197.8M(2048.0M)]
 [Times: user=0.98 sys=0.00, real=0.13 secs] 
2020-09-29T12:26:19.111+0200: 145.398: [GC concurrent-root-region-scan-start]
2020-09-29T12:26:19.125+0200: 145.411: [GC concurrent-root-region-scan-end, 0.0136896 secs]
2020-09-29T12:26:19.125+0200: 145.412: [GC concurrent-mark-start]
2020-09-29T12:26:19.128+0200: 145.415: [GC concurrent-mark-end, 0.0035547 secs]
2020-09-29T12:26:19.128+0200: 145.415: [GC remark 2020-09-29T12:26:19.128+0200: 145.415: [Finalize Marking, 0.0001875 secs] 2020-09-29T12:26:19.129+0200: 145.415: [GC ref-proc, 0.0002804 secs] 2020-09-29T12:26:19.129+0200: 145.416: [Unloading, 0.0004030 secs], 0.0012027 secs]
 [Times: user=0.02 sys=0.00, real=0.00 secs] 
2020-09-29T12:26:19.130+0200: 145.417: [GC cleanup 1206M->62M(2048M), 0.0012501 secs]
 [Times: user=0.00 sys=0.00, real=0.00 secs] 
2020-09-29T12:26:19.131+0200: 145.418: [GC concurrent-cleanup-start]
2020-09-29T12:26:19.133+0200: 145.420: [GC concurrent-cleanup-end, 0.0015266 secs]
2020-09-29T12:26:19.279+0200: 145.566: [GC pause (G1 Evacuation Pause) (young), 0.1429664 secs]
   [Parallel Time: 141.9 ms, GC Workers: 8]
      [GC Worker Start (ms): Min: 145565.7, Avg: 145565.8, Max: 145565.9, Diff: 0.2]
      [Ext Root Scanning (ms): Min: 0.0, Avg: 0.1, Max: 0.2, Diff: 0.2, Sum: 0.5]
      [Update RS (ms): Min: 16.0, Avg: 16.1, Max: 16.8, Diff: 0.8, Sum: 129.1]
         [Processed Buffers: Min: 17, Avg: 18.3, Max: 20, Diff: 3, Sum: 146]
      [Scan RS (ms): Min: 12.1, Avg: 12.7, Max: 12.9, Diff: 0.9, Sum: 102.0]
      [Code Root Scanning (ms): Min: 0.0, Avg: 0.0, Max: 0.0, Diff: 0.0, Sum: 0.0]
      [Object Copy (ms): Min: 112.6, Avg: 112.6, Max: 112.7, Diff: 0.1, Sum: 900.9]
      [Termination (ms): Min: 0.0, Avg: 0.0, Max: 0.1, Diff: 0.1, Sum: 0.3]
         [Termination Attempts: Min: 1, Avg: 320.9, Max: 402, Diff: 401, Sum: 2567]
      [GC Worker Other (ms): Min: 0.0, Avg: 0.0, Max: 0.1, Diff: 0.0, Sum: 0.3]
      [GC Worker Total (ms): Min: 141.6, Avg: 141.6, Max: 141.7, Diff: 0.1, Sum: 1133.0]
      [GC Worker End (ms): Min: 145707.4, Avg: 145707.5, Max: 145707.5, Diff: 0.0]
   [Code Root Fixup: 0.0 ms]
   [Code Root Purge: 0.0 ms]
   [Clear CT: 0.2 ms]
   [Other: 0.9 ms]
      [Choose CSet: 0.0 ms]
      [Ref Proc: 0.2 ms]
      [Ref Enq: 0.0 ms]
      [Redirty Cards: 0.2 ms]
      [Humongous Register: 0.0 ms]
      [Humongous Reclaim: 0.0 ms]
      [Free CSet: 0.3 ms]
   [Eden: 293.0M(293.0M)->0.0B(309.0M) Survivors: 39.0M->42.0M Heap: 396.6M(2048.0M)->360.1M(2048.0M)]
 [Times: user=1.13 sys=0.00, real=0.14 secs] 
2020-09-29T12:26:19.591+0200: 145.878: [GC pause (G1 Evacuation Pause) (young), 0.1873765 secs]
   [Parallel Time: 185.7 ms, GC Workers: 8]
      [GC Worker Start (ms): Min: 145878.3, Avg: 145878.4, Max: 145878.4, Diff: 0.1]
      [Ext Root Scanning (ms): Min: 0.0, Avg: 0.1, Max: 0.1, Diff: 0.1, Sum: 0.6]
      [Update RS (ms): Min: 21.5, Avg: 21.8, Max: 22.2, Diff: 0.7, Sum: 174.4]
         [Processed Buffers: Min: 22, Avg: 24.0, Max: 27, Diff: 5, Sum: 192]
      [Scan RS (ms): Min: 15.0, Avg: 18.7, Max: 42.4, Diff: 27.4, Sum: 149.6]
      [Code Root Scanning (ms): Min: 0.0, Avg: 0.0, Max: 0.0, Diff: 0.0, Sum: 0.0]
      [Object Copy (ms): Min: 121.4, Avg: 144.7, Max: 148.0, Diff: 26.6, Sum: 1157.2]
      [Termination (ms): Min: 0.1, Avg: 0.3, Max: 0.3, Diff: 0.3, Sum: 2.1]
         [Termination Attempts: Min: 1, Avg: 1335.9, Max: 1668, Diff: 1667, Sum: 10687]
      [GC Worker Other (ms): Min: 0.0, Avg: 0.0, Max: 0.0, Diff: 0.0, Sum: 0.1]
      [GC Worker Total (ms): Min: 185.5, Avg: 185.5, Max: 185.6, Diff: 0.1, Sum: 1484.0]
      [GC Worker End (ms): Min: 146063.9, Avg: 146063.9, Max: 146063.9, Diff: 0.1]
   [Code Root Fixup: 0.0 ms]
   [Code Root Purge: 0.0 ms]
   [Clear CT: 0.2 ms]
   [Other: 1.4 ms]
      [Choose CSet: 0.0 ms]
      [Ref Proc: 0.2 ms]
      [Ref Enq: 0.0 ms]
      [Redirty Cards: 0.3 ms]
      [Humongous Register: 0.0 ms]
      [Humongous Reclaim: 0.0 ms]
      [Free CSet: 0.5 ms]
   [Eden: 309.0M(309.0M)->0.0B(297.0M) Survivors: 42.0M->44.0M Heap: 720.6M(2048.0M)->723.1M(2048.0M)]
 [Times: user=1.39 sys=0.02, real=0.19 secs] 
2020-09-29T12:26:19.989+0200: 146.275: [GC pause (G1 Evacuation Pause) (young), 0.1994335 secs]
   [Parallel Time: 198.2 ms, GC Workers: 8]
      [GC Worker Start (ms): Min: 146275.5, Avg: 146276.2, Max: 146280.4, Diff: 4.8]
      [Ext Root Scanning (ms): Min: 0.0, Avg: 0.1, Max: 0.2, Diff: 0.2, Sum: 0.8]
      [Update RS (ms): Min: 15.3, Avg: 19.6, Max: 20.4, Diff: 5.1, Sum: 156.5]
         [Processed Buffers: Min: 18, Avg: 20.6, Max: 24, Diff: 6, Sum: 165]
      [Scan RS (ms): Min: 18.9, Avg: 19.1, Max: 19.3, Diff: 0.4, Sum: 153.2]
      [Code Root Scanning (ms): Min: 0.0, Avg: 0.0, Max: 0.0, Diff: 0.0, Sum: 0.0]
      [Object Copy (ms): Min: 158.1, Avg: 158.3, Max: 158.6, Diff: 0.5, Sum: 1266.5]
      [Termination (ms): Min: 0.0, Avg: 0.3, Max: 0.3, Diff: 0.3, Sum: 2.2]
         [Termination Attempts: Min: 1, Avg: 1882.0, Max: 2225, Diff: 2224, Sum: 15056]
      [GC Worker Other (ms): Min: 0.0, Avg: 0.0, Max: 0.0, Diff: 0.0, Sum: 0.2]
      [GC Worker Total (ms): Min: 193.3, Avg: 197.4, Max: 198.1, Diff: 4.8, Sum: 1579.5]
      [GC Worker End (ms): Min: 146473.6, Avg: 146473.6, Max: 146473.6, Diff: 0.0]
   [Code Root Fixup: 0.0 ms]
   [Code Root Purge: 0.0 ms]
   [Clear CT: 0.2 ms]
   [Other: 1.0 ms]
      [Choose CSet: 0.0 ms]
      [Ref Proc: 0.2 ms]
      [Ref Enq: 0.0 ms]
      [Redirty Cards: 0.2 ms]
      [Humongous Register: 0.1 ms]
      [Humongous Reclaim: 0.0 ms]
      [Free CSet: 0.3 ms]
   [Eden: 297.0M(297.0M)->0.0B(279.0M) Survivors: 44.0M->43.0M Heap: 1069.7M(2048.0M)->1071.2M(2048.0M)]
 [Times: user=1.38 sys=0.00, real=0.20 secs] 
2020-09-29T12:26:20.198+0200: 146.484: [GC pause (G1 Humongous Allocation) (young) (initial-mark), 0.0648636 secs]
   [Parallel Time: 63.9 ms, GC Workers: 8]
      [GC Worker Start (ms): Min: 146484.7, Avg: 146484.8, Max: 146484.8, Diff: 0.1]
      [Ext Root Scanning (ms): Min: 0.1, Avg: 0.1, Max: 0.1, Diff: 0.1, Sum: 0.7]
      [Update RS (ms): Min: 37.7, Avg: 37.9, Max: 38.4, Diff: 0.7, Sum: 303.2]
         [Processed Buffers: Min: 41, Avg: 42.9, Max: 46, Diff: 5, Sum: 343]
      [Scan RS (ms): Min: 2.4, Avg: 2.8, Max: 3.0, Diff: 0.6, Sum: 22.3]
      [Code Root Scanning (ms): Min: 0.0, Avg: 0.0, Max: 0.0, Diff: 0.0, Sum: 0.0]
      [Object Copy (ms): Min: 22.9, Avg: 22.9, Max: 23.0, Diff: 0.1, Sum: 183.4]
      [Termination (ms): Min: 0.0, Avg: 0.1, Max: 0.1, Diff: 0.1, Sum: 0.5]
         [Termination Attempts: Min: 1, Avg: 206.1, Max: 289, Diff: 288, Sum: 1649]
      [GC Worker Other (ms): Min: 0.0, Avg: 0.0, Max: 0.0, Diff: 0.0, Sum: 0.1]
      [GC Worker Total (ms): Min: 63.8, Avg: 63.8, Max: 63.9, Diff: 0.1, Sum: 510.4]
      [GC Worker End (ms): Min: 146548.5, Avg: 146548.6, Max: 146548.6, Diff: 0.1]
   [Code Root Fixup: 0.0 ms]
   [Code Root Purge: 0.0 ms]
   [Clear CT: 0.1 ms]
   [Other: 0.8 ms]
      [Choose CSet: 0.0 ms]
      [Ref Proc: 0.2 ms]
      [Ref Enq: 0.0 ms]
      [Redirty Cards: 0.2 ms]
      [Humongous Register: 0.1 ms]
      [Humongous Reclaim: 0.0 ms]
      [Free CSet: 0.1 ms]
   [Eden: 6144.0K(279.0M)->0.0B(307.0M) Survivors: 43.0M->8192.0K Heap: 1076.7M(2048.0M)->1080.7M(2048.0M)]
 [Times: user=0.50 sys=0.00, real=0.07 secs] 
2020-09-29T12:26:20.263+0200: 146.550: [GC concurrent-root-region-scan-start]
2020-09-29T12:26:20.266+0200: 146.553: [GC concurrent-root-region-scan-end, 0.0031671 secs]
2020-09-29T12:26:20.266+0200: 146.553: [GC concurrent-mark-start]
2020-09-29T12:26:20.270+0200: 146.556: [GC concurrent-mark-end, 0.0036608 secs]
2020-09-29T12:26:20.270+0200: 146.557: [GC remark 2020-09-29T12:26:20.270+0200: 146.557: [Finalize Marking, 0.0001519 secs] 2020-09-29T12:26:20.270+0200: 146.557: [GC ref-proc, 0.0003121 secs] 2020-09-29T12:26:20.270+0200: 146.557: [Unloading, 0.0006097 secs], 0.0014612 secs]
 [Times: user=0.00 sys=0.00, real=0.00 secs] 
2020-09-29T12:26:20.272+0200: 146.559: [GC cleanup 1097M->39M(2048M), 0.0013668 secs]
 [Times: user=0.00 sys=0.00, real=0.00 secs] 
2020-09-29T12:26:20.273+0200: 146.560: [GC concurrent-cleanup-start]
2020-09-29T12:26:20.275+0200: 146.562: [GC concurrent-cleanup-end, 0.0016461 secs]
2020-09-29T12:26:20.450+0200: 146.737: [GC pause (G1 Evacuation Pause) (young), 0.1849507 secs]
   [Parallel Time: 183.7 ms, GC Workers: 8]
      [GC Worker Start (ms): Min: 146736.8, Avg: 146737.0, Max: 146737.6, Diff: 0.8]
      [Ext Root Scanning (ms): Min: 0.0, Avg: 0.1, Max: 0.2, Diff: 0.2, Sum: 0.5]
      [Update RS (ms): Min: 26.6, Avg: 27.2, Max: 27.8, Diff: 1.2, Sum: 217.3]
         [Processed Buffers: Min: 19, Avg: 23.1, Max: 26, Diff: 7, Sum: 185]
      [Scan RS (ms): Min: 15.3, Avg: 17.2, Max: 25.8, Diff: 10.5, Sum: 137.4]
      [Code Root Scanning (ms): Min: 0.0, Avg: 0.0, Max: 0.0, Diff: 0.0, Sum: 0.0]
      [Object Copy (ms): Min: 130.0, Avg: 138.8, Max: 140.2, Diff: 10.2, Sum: 1110.8]
      [Termination (ms): Min: 0.0, Avg: 0.1, Max: 0.1, Diff: 0.1, Sum: 0.7]
         [Termination Attempts: Min: 1, Avg: 607.0, Max: 801, Diff: 800, Sum: 4856]
      [GC Worker Other (ms): Min: 0.0, Avg: 0.0, Max: 0.1, Diff: 0.1, Sum: 0.3]
      [GC Worker Total (ms): Min: 182.8, Avg: 183.4, Max: 183.6, Diff: 0.8, Sum: 1467.1]
      [GC Worker End (ms): Min: 146920.3, Avg: 146920.4, Max: 146920.4, Diff: 0.1]
   [Code Root Fixup: 0.0 ms]
   [Code Root Purge: 0.0 ms]
   [Clear CT: 0.2 ms]
   [Other: 1.1 ms]
      [Choose CSet: 0.0 ms]
      [Ref Proc: 0.2 ms]
      [Ref Enq: 0.0 ms]
      [Redirty Cards: 0.2 ms]
      [Humongous Register: 0.0 ms]
      [Humongous Reclaim: 0.0 ms]
      [Free CSet: 0.3 ms]
   [Eden: 307.0M(307.0M)->0.0B(267.0M) Survivors: 8192.0K->40.0M Heap: 381.0M(2048.0M)->375.0M(2048.0M)]
 [Times: user=1.50 sys=0.00, real=0.18 secs] 
2020-09-29T12:26:20.803+0200: 147.089: [GC pause (G1 Evacuation Pause) (young), 0.1605280 secs]
   [Parallel Time: 159.3 ms, GC Workers: 8]
      [GC Worker Start (ms): Min: 147089.5, Avg: 147089.6, Max: 147089.7, Diff: 0.2]
      [Ext Root Scanning (ms): Min: 0.0, Avg: 0.1, Max: 0.2, Diff: 0.2, Sum: 0.6]
      [Update RS (ms): Min: 19.5, Avg: 19.7, Max: 20.2, Diff: 0.7, Sum: 157.3]
         [Processed Buffers: Min: 18, Avg: 20.8, Max: 24, Diff: 6, Sum: 166]
      [Scan RS (ms): Min: 14.0, Avg: 14.5, Max: 14.8, Diff: 0.8, Sum: 116.1]
      [Code Root Scanning (ms): Min: 0.0, Avg: 0.0, Max: 0.0, Diff: 0.0, Sum: 0.0]
      [Object Copy (ms): Min: 124.7, Avg: 124.7, Max: 124.8, Diff: 0.2, Sum: 997.6]
      [Termination (ms): Min: 0.0, Avg: 0.1, Max: 0.2, Diff: 0.2, Sum: 1.0]
         [Termination Attempts: Min: 1, Avg: 904.3, Max: 1143, Diff: 1142, Sum: 7234]
      [GC Worker Other (ms): Min: 0.0, Avg: 0.0, Max: 0.1, Diff: 0.1, Sum: 0.3]
      [GC Worker Total (ms): Min: 159.0, Avg: 159.1, Max: 159.2, Diff: 0.2, Sum: 1272.9]
      [GC Worker End (ms): Min: 147248.7, Avg: 147248.7, Max: 147248.8, Diff: 0.1]
   [Code Root Fixup: 0.0 ms]
   [Code Root Purge: 0.0 ms]
   [Clear CT: 0.2 ms]
   [Other: 1.1 ms]
      [Choose CSet: 0.0 ms]
      [Ref Proc: 0.2 ms]
      [Ref Enq: 0.0 ms]
      [Redirty Cards: 0.3 ms]
      [Humongous Register: 0.1 ms]
      [Humongous Reclaim: 0.0 ms]
      [Free CSet: 0.3 ms]
   [Eden: 267.0M(267.0M)->0.0B(275.0M) Survivors: 40.0M->39.0M Heap: 687.8M(2048.0M)->689.3M(2048.0M)]
 [Times: user=1.23 sys=0.00, real=0.16 secs] 
2020-09-29T12:26:21.122+0200: 147.409: [GC pause (G1 Evacuation Pause) (young), 0.1487401 secs]
   [Parallel Time: 147.7 ms, GC Workers: 8]
      [GC Worker Start (ms): Min: 147408.7, Avg: 147408.8, Max: 147408.9, Diff: 0.2]
      [Ext Root Scanning (ms): Min: 0.0, Avg: 0.1, Max: 0.2, Diff: 0.2, Sum: 0.4]
      [Update RS (ms): Min: 18.4, Avg: 18.5, Max: 18.9, Diff: 0.5, Sum: 148.2]
         [Processed Buffers: Min: 20, Avg: 22.3, Max: 25, Diff: 5, Sum: 178]
      [Scan RS (ms): Min: 11.7, Avg: 12.0, Max: 12.2, Diff: 0.5, Sum: 96.4]
      [Code Root Scanning (ms): Min: 0.0, Avg: 0.0, Max: 0.0, Diff: 0.0, Sum: 0.1]
      [Object Copy (ms): Min: 116.7, Avg: 116.8, Max: 116.9, Diff: 0.2, Sum: 934.3]
      [Termination (ms): Min: 0.0, Avg: 0.1, Max: 0.1, Diff: 0.1, Sum: 0.4]
         [Termination Attempts: Min: 1, Avg: 384.8, Max: 509, Diff: 508, Sum: 3078]
      [GC Worker Other (ms): Min: 0.0, Avg: 0.0, Max: 0.0, Diff: 0.0, Sum: 0.2]
      [GC Worker Total (ms): Min: 147.4, Avg: 147.5, Max: 147.6, Diff: 0.2, Sum: 1180.0]
      [GC Worker End (ms): Min: 147556.3, Avg: 147556.3, Max: 147556.3, Diff: 0.0]
   [Code Root Fixup: 0.0 ms]
   [Code Root Purge: 0.0 ms]
   [Clear CT: 0.2 ms]
   [Other: 0.8 ms]
      [Choose CSet: 0.0 ms]
      [Ref Proc: 0.1 ms]
      [Ref Enq: 0.0 ms]
      [Redirty Cards: 0.2 ms]
      [Humongous Register: 0.0 ms]
      [Humongous Reclaim: 0.0 ms]
      [Free CSet: 0.3 ms]
   [Eden: 275.0M(275.0M)->0.0B(291.0M) Survivors: 39.0M->40.0M Heap: 1010.1M(2048.0M)->1012.1M(2048.0M)]
 [Times: user=1.25 sys=0.00, real=0.15 secs] 
2020-09-29T12:26:21.288+0200: 147.575: [GC pause (G1 Humongous Allocation) (young) (initial-mark), 0.0568469 secs]
   [Parallel Time: 56.0 ms, GC Workers: 8]
      [GC Worker Start (ms): Min: 147574.8, Avg: 147574.9, Max: 147574.9, Diff: 0.1]
      [Ext Root Scanning (ms): Min: 0.0, Avg: 0.1, Max: 0.1, Diff: 0.1, Sum: 0.5]
      [Update RS (ms): Min: 31.8, Avg: 32.1, Max: 33.0, Diff: 1.2, Sum: 256.9]
         [Processed Buffers: Min: 16, Avg: 32.0, Max: 39, Diff: 23, Sum: 256]
      [Scan RS (ms): Min: 1.8, Avg: 2.7, Max: 3.0, Diff: 1.2, Sum: 21.3]
      [Code Root Scanning (ms): Min: 0.0, Avg: 0.0, Max: 0.0, Diff: 0.0, Sum: 0.0]
      [Object Copy (ms): Min: 20.9, Avg: 20.9, Max: 20.9, Diff: 0.1, Sum: 167.1]
      [Termination (ms): Min: 0.0, Avg: 0.0, Max: 0.0, Diff: 0.0, Sum: 0.1]
         [Termination Attempts: Min: 1, Avg: 109.6, Max: 163, Diff: 162, Sum: 877]
      [GC Worker Other (ms): Min: 0.0, Avg: 0.0, Max: 0.0, Diff: 0.0, Sum: 0.2]
      [GC Worker Total (ms): Min: 55.7, Avg: 55.8, Max: 55.8, Diff: 0.1, Sum: 446.2]
      [GC Worker End (ms): Min: 147630.7, Avg: 147630.7, Max: 147630.7, Diff: 0.0]
   [Code Root Fixup: 0.0 ms]
   [Code Root Purge: 0.0 ms]
   [Clear CT: 0.2 ms]
   [Other: 0.7 ms]
      [Choose CSet: 0.0 ms]
      [Ref Proc: 0.1 ms]
      [Ref Enq: 0.0 ms]
      [Redirty Cards: 0.2 ms]
      [Humongous Register: 0.0 ms]
      [Humongous Reclaim: 0.0 ms]
      [Free CSet: 0.1 ms]
   [Eden: 10.0M(291.0M)->0.0B(333.0M) Survivors: 40.0M->11.0M Heap: 1021.6M(2048.0M)->1025.1M(2048.0M)]
 [Times: user=0.33 sys=0.00, real=0.06 secs] 
2020-09-29T12:26:21.345+0200: 147.632: [GC concurrent-root-region-scan-start]
2020-09-29T12:26:21.347+0200: 147.634: [GC concurrent-root-region-scan-end, 0.0024749 secs]
2020-09-29T12:26:21.347+0200: 147.634: [GC concurrent-mark-start]
2020-09-29T12:26:21.350+0200: 147.637: [GC concurrent-mark-end, 0.0031046 secs]
2020-09-29T12:26:21.351+0200: 147.637: [GC remark 2020-09-29T12:26:21.351+0200: 147.637: [Finalize Marking, 0.0003361 secs] 2020-09-29T12:26:21.351+0200: 147.638: [GC ref-proc, 0.0003971 secs] 2020-09-29T12:26:21.351+0200: 147.638: [Unloading, 0.0004824 secs], 0.0015931 secs]
 [Times: user=0.00 sys=0.00, real=0.00 secs] 
2020-09-29T12:26:21.353+0200: 147.639: [GC cleanup 1036M->37M(2048M), 0.0012802 secs]
 [Times: user=0.00 sys=0.00, real=0.00 secs] 
2020-09-29T12:26:21.354+0200: 147.641: [GC concurrent-cleanup-start]
2020-09-29T12:26:21.355+0200: 147.642: [GC concurrent-cleanup-end, 0.0013045 secs]
2020-09-29T12:26:21.549+0200: 147.836: [GC pause (G1 Evacuation Pause) (young), 0.1806663 secs]
   [Parallel Time: 179.5 ms, GC Workers: 8]
      [GC Worker Start (ms): Min: 147835.7, Avg: 147835.8, Max: 147835.9, Diff: 0.2]
      [Ext Root Scanning (ms): Min: 0.0, Avg: 0.1, Max: 0.2, Diff: 0.2, Sum: 0.5]
      [Update RS (ms): Min: 26.3, Avg: 26.6, Max: 27.4, Diff: 1.1, Sum: 212.8]
         [Processed Buffers: Min: 21, Avg: 25.5, Max: 29, Diff: 8, Sum: 204]
      [Scan RS (ms): Min: 15.9, Avg: 16.7, Max: 17.1, Diff: 1.2, Sum: 133.6]
      [Code Root Scanning (ms): Min: 0.0, Avg: 0.0, Max: 0.0, Diff: 0.0, Sum: 0.0]
      [Object Copy (ms): Min: 135.6, Avg: 135.8, Max: 135.9, Diff: 0.3, Sum: 1086.4]
      [Termination (ms): Min: 0.0, Avg: 0.0, Max: 0.0, Diff: 0.0, Sum: 0.1]
         [Termination Attempts: Min: 1, Avg: 51.1, Max: 65, Diff: 64, Sum: 409]
      [GC Worker Other (ms): Min: 0.0, Avg: 0.0, Max: 0.1, Diff: 0.1, Sum: 0.3]
      [GC Worker Total (ms): Min: 179.1, Avg: 179.2, Max: 179.3, Diff: 0.2, Sum: 1433.7]
      [GC Worker End (ms): Min: 148015.0, Avg: 148015.1, Max: 148015.1, Diff: 0.1]
   [Code Root Fixup: 0.0 ms]
   [Code Root Purge: 0.0 ms]
   [Clear CT: 0.2 ms]
   [Other: 1.0 ms]
      [Choose CSet: 0.0 ms]
      [Ref Proc: 0.1 ms]
      [Ref Enq: 0.0 ms]
      [Redirty Cards: 0.3 ms]
      [Humongous Register: 0.0 ms]
      [Humongous Reclaim: 0.0 ms]
      [Free CSet: 0.3 ms]
   [Eden: 333.0M(333.0M)->0.0B(301.0M) Survivors: 11.0M->43.0M Heap: 416.2M(2048.0M)->407.7M(2048.0M)]
 [Times: user=1.50 sys=0.00, real=0.18 secs] 
2020-09-29T12:26:21.930+0200: 148.217: [GC pause (G1 Evacuation Pause) (young), 0.1776103 secs]
   [Parallel Time: 176.2 ms, GC Workers: 8]
      [GC Worker Start (ms): Min: 148216.9, Avg: 148217.0, Max: 148217.1, Diff: 0.2]
      [Ext Root Scanning (ms): Min: 0.0, Avg: 0.1, Max: 0.2, Diff: 0.2, Sum: 0.5]
      [Update RS (ms): Min: 13.9, Avg: 14.0, Max: 14.3, Diff: 0.4, Sum: 112.0]
         [Processed Buffers: Min: 16, Avg: 17.0, Max: 19, Diff: 3, Sum: 136]
      [Scan RS (ms): Min: 16.4, Avg: 16.9, Max: 17.9, Diff: 1.5, Sum: 134.9]
      [Code Root Scanning (ms): Min: 0.0, Avg: 0.0, Max: 0.0, Diff: 0.0, Sum: 0.0]
      [Object Copy (ms): Min: 143.8, Avg: 144.8, Max: 145.1, Diff: 1.4, Sum: 1158.2]
      [Termination (ms): Min: 0.0, Avg: 0.2, Max: 0.3, Diff: 0.3, Sum: 1.7]
         [Termination Attempts: Min: 1, Avg: 1537.4, Max: 1946, Diff: 1945, Sum: 12299]
      [GC Worker Other (ms): Min: 0.0, Avg: 0.1, Max: 0.1, Diff: 0.1, Sum: 0.5]
      [GC Worker Total (ms): Min: 175.9, Avg: 176.0, Max: 176.1, Diff: 0.2, Sum: 1407.8]
      [GC Worker End (ms): Min: 148393.0, Avg: 148393.0, Max: 148393.1, Diff: 0.1]
   [Code Root Fixup: 0.0 ms]
   [Code Root Purge: 0.0 ms]
   [Clear CT: 0.3 ms]
   [Other: 1.1 ms]
      [Choose CSet: 0.0 ms]
      [Ref Proc: 0.2 ms]
      [Ref Enq: 0.0 ms]
      [Redirty Cards: 0.3 ms]
      [Humongous Register: 0.0 ms]
      [Humongous Reclaim: 0.0 ms]
      [Free CSet: 0.4 ms]
   [Eden: 301.0M(301.0M)->0.0B(293.0M) Survivors: 43.0M->43.0M Heap: 758.3M(2048.0M)->760.3M(2048.0M)]
 [Times: user=1.31 sys=0.00, real=0.18 secs] 
2020-09-29T12:26:22.278+0200: 148.564: [GC pause (G1 Evacuation Pause) (young), 0.1630635 secs]
   [Parallel Time: 161.7 ms, GC Workers: 8]
      [GC Worker Start (ms): Min: 148564.3, Avg: 148564.4, Max: 148564.5, Diff: 0.2]
      [Ext Root Scanning (ms): Min: 0.0, Avg: 0.1, Max: 0.2, Diff: 0.2, Sum: 0.4]
      [Update RS (ms): Min: 14.6, Avg: 14.8, Max: 15.2, Diff: 0.6, Sum: 118.7]
         [Processed Buffers: Min: 15, Avg: 17.4, Max: 19, Diff: 4, Sum: 139]
      [Scan RS (ms): Min: 14.9, Avg: 15.3, Max: 15.6, Diff: 0.8, Sum: 122.4]
      [Code Root Scanning (ms): Min: 0.0, Avg: 0.0, Max: 0.0, Diff: 0.0, Sum: 0.0]
      [Object Copy (ms): Min: 131.0, Avg: 131.1, Max: 131.2, Diff: 0.2, Sum: 1048.9]
      [Termination (ms): Min: 0.0, Avg: 0.0, Max: 0.0, Diff: 0.0, Sum: 0.2]
         [Termination Attempts: Min: 1, Avg: 195.1, Max: 263, Diff: 262, Sum: 1561]
      [GC Worker Other (ms): Min: 0.0, Avg: 0.0, Max: 0.1, Diff: 0.1, Sum: 0.3]
      [GC Worker Total (ms): Min: 161.3, Avg: 161.4, Max: 161.5, Diff: 0.2, Sum: 1291.0]
      [GC Worker End (ms): Min: 148725.7, Avg: 148725.7, Max: 148725.8, Diff: 0.1]
   [Code Root Fixup: 0.0 ms]
   [Code Root Purge: 0.0 ms]
   [Clear CT: 0.5 ms]
   [Other: 0.9 ms]
      [Choose CSet: 0.0 ms]
      [Ref Proc: 0.1 ms]
      [Ref Enq: 0.0 ms]
      [Redirty Cards: 0.3 ms]
      [Humongous Register: 0.0 ms]
      [Humongous Reclaim: 0.0 ms]
      [Free CSet: 0.3 ms]
   [Eden: 293.0M(293.0M)->0.0B(302.0M) Survivors: 43.0M->42.0M Heap: 1101.0M(2048.0M)->1103.5M(2048.0M)]
 [Times: user=1.19 sys=0.01, real=0.16 secs] 
2020-09-29T12:26:22.454+0200: 148.740: [GC pause (G1 Humongous Allocation) (young) (initial-mark), 0.0562637 secs]
   [Parallel Time: 55.3 ms, GC Workers: 8]
      [GC Worker Start (ms): Min: 148740.0, Avg: 148740.0, Max: 148740.1, Diff: 0.1]
      [Ext Root Scanning (ms): Min: 0.0, Avg: 0.1, Max: 0.1, Diff: 0.1, Sum: 0.6]
      [Update RS (ms): Min: 29.3, Avg: 29.5, Max: 29.7, Diff: 0.4, Sum: 236.4]
         [Processed Buffers: Min: 34, Avg: 36.4, Max: 38, Diff: 4, Sum: 291]
      [Scan RS (ms): Min: 2.4, Avg: 2.6, Max: 2.8, Diff: 0.4, Sum: 20.8]
      [Code Root Scanning (ms): Min: 0.0, Avg: 0.0, Max: 0.0, Diff: 0.0, Sum: 0.0]
      [Object Copy (ms): Min: 22.8, Avg: 22.8, Max: 23.0, Diff: 0.2, Sum: 182.5]
      [Termination (ms): Min: 0.0, Avg: 0.2, Max: 0.2, Diff: 0.2, Sum: 1.4]
         [Termination Attempts: Min: 1, Avg: 1183.3, Max: 1430, Diff: 1429, Sum: 9466]
      [GC Worker Other (ms): Min: 0.0, Avg: 0.0, Max: 0.0, Diff: 0.0, Sum: 0.1]
      [GC Worker Total (ms): Min: 55.2, Avg: 55.2, Max: 55.3, Diff: 0.1, Sum: 441.9]
      [GC Worker End (ms): Min: 148795.2, Avg: 148795.2, Max: 148795.3, Diff: 0.0]
   [Code Root Fixup: 0.0 ms]
   [Code Root Purge: 0.0 ms]
   [Clear CT: 0.2 ms]
   [Other: 0.7 ms]
      [Choose CSet: 0.0 ms]
      [Ref Proc: 0.2 ms]
      [Ref Enq: 0.0 ms]
      [Redirty Cards: 0.2 ms]
      [Humongous Register: 0.0 ms]
      [Humongous Reclaim: 0.0 ms]
      [Free CSet: 0.1 ms]
   [Eden: 1024.0K(302.0M)->0.0B(355.0M) Survivors: 42.0M->3072.0K Heap: 1104.0M(2048.0M)->1108.0M(2048.0M)]
 [Times: user=0.50 sys=0.00, real=0.06 secs] 
2020-09-29T12:26:22.510+0200: 148.796: [GC concurrent-root-region-scan-start]
2020-09-29T12:26:22.510+0200: 148.796: [GC concurrent-root-region-scan-end, 0.0001479 secs]
2020-09-29T12:26:22.510+0200: 148.796: [GC concurrent-mark-start]
2020-09-29T12:26:22.514+0200: 148.800: [GC concurrent-mark-end, 0.0036338 secs]
2020-09-29T12:26:22.514+0200: 148.800: [GC remark 2020-09-29T12:26:22.514+0200: 148.800: [Finalize Marking, 0.0002121 secs] 2020-09-29T12:26:22.514+0200: 148.800: [GC ref-proc, 0.0002911 secs] 2020-09-29T12:26:22.514+0200: 148.801: [Unloading, 0.0004837 secs], 0.0013074 secs]
 [Times: user=0.00 sys=0.00, real=0.00 secs] 
2020-09-29T12:26:22.516+0200: 148.802: [GC cleanup 1117M->27M(2048M), 0.0012825 secs]
 [Times: user=0.00 sys=0.00, real=0.00 secs] 
2020-09-29T12:26:22.517+0200: 148.803: [GC concurrent-cleanup-start]
2020-09-29T12:26:22.518+0200: 148.805: [GC concurrent-cleanup-end, 0.0014330 secs]
2020-09-29T12:26:22.718+0200: 149.005: [GC pause (G1 Evacuation Pause) (young), 0.1973005 secs]
   [Parallel Time: 196.1 ms, GC Workers: 8]
      [GC Worker Start (ms): Min: 149005.0, Avg: 149005.1, Max: 149005.2, Diff: 0.2]
      [Ext Root Scanning (ms): Min: 0.0, Avg: 0.1, Max: 0.2, Diff: 0.2, Sum: 0.6]
      [Update RS (ms): Min: 17.8, Avg: 17.8, Max: 18.1, Diff: 0.3, Sum: 142.8]
         [Processed Buffers: Min: 16, Avg: 18.5, Max: 22, Diff: 6, Sum: 148]
      [Scan RS (ms): Min: 21.8, Avg: 23.7, Max: 36.6, Diff: 14.8, Sum: 189.7]
      [Code Root Scanning (ms): Min: 0.0, Avg: 0.0, Max: 0.0, Diff: 0.0, Sum: 0.1]
      [Object Copy (ms): Min: 141.2, Avg: 154.1, Max: 156.1, Diff: 14.9, Sum: 1232.8]
      [Termination (ms): Min: 0.0, Avg: 0.1, Max: 0.2, Diff: 0.2, Sum: 0.9]
         [Termination Attempts: Min: 1, Avg: 765.4, Max: 1052, Diff: 1051, Sum: 6123]
      [GC Worker Other (ms): Min: 0.0, Avg: 0.0, Max: 0.1, Diff: 0.1, Sum: 0.3]
      [GC Worker Total (ms): Min: 195.8, Avg: 195.9, Max: 196.0, Diff: 0.2, Sum: 1567.1]
      [GC Worker End (ms): Min: 149200.9, Avg: 149201.0, Max: 149201.0, Diff: 0.1]
   [Code Root Fixup: 0.0 ms]
   [Code Root Purge: 0.0 ms]
   [Clear CT: 0.2 ms]
   [Other: 1.0 ms]
      [Choose CSet: 0.0 ms]
      [Ref Proc: 0.1 ms]
      [Ref Enq: 0.0 ms]
      [Redirty Cards: 0.2 ms]
      [Humongous Register: 0.0 ms]
      [Humongous Reclaim: 0.0 ms]
      [Free CSet: 0.3 ms]
   [Eden: 355.0M(355.0M)->0.0B(281.0M) Survivors: 3072.0K->45.0M Heap: 433.5M(2048.0M)->432.5M(2048.0M)]
 [Times: user=1.48 sys=0.05, real=0.20 secs] 
2020-09-29T12:26:23.077+0200: 149.363: [GC pause (G1 Evacuation Pause) (young), 0.1638417 secs]
   [Parallel Time: 162.7 ms, GC Workers: 8]
      [GC Worker Start (ms): Min: 149363.3, Avg: 149363.4, Max: 149363.4, Diff: 0.1]
      [Ext Root Scanning (ms): Min: 0.0, Avg: 0.1, Max: 0.1, Diff: 0.1, Sum: 0.5]
      [Update RS (ms): Min: 19.0, Avg: 19.1, Max: 19.4, Diff: 0.4, Sum: 152.7]
         [Processed Buffers: Min: 13, Avg: 21.1, Max: 24, Diff: 11, Sum: 169]
      [Scan RS (ms): Min: 13.7, Avg: 14.0, Max: 14.2, Diff: 0.5, Sum: 112.1]
      [Code Root Scanning (ms): Min: 0.0, Avg: 0.0, Max: 0.0, Diff: 0.0, Sum: 0.0]
      [Object Copy (ms): Min: 129.2, Avg: 129.3, Max: 129.4, Diff: 0.1, Sum: 1034.4]
      [Termination (ms): Min: 0.0, Avg: 0.0, Max: 0.0, Diff: 0.0, Sum: 0.2]
         [Termination Attempts: Min: 1, Avg: 168.4, Max: 213, Diff: 212, Sum: 1347]
      [GC Worker Other (ms): Min: 0.0, Avg: 0.0, Max: 0.1, Diff: 0.1, Sum: 0.4]
      [GC Worker Total (ms): Min: 162.4, Avg: 162.5, Max: 162.6, Diff: 0.2, Sum: 1300.2]
      [GC Worker End (ms): Min: 149525.9, Avg: 149525.9, Max: 149525.9, Diff: 0.1]
   [Code Root Fixup: 0.0 ms]
   [Code Root Purge: 0.0 ms]
   [Clear CT: 0.2 ms]
   [Other: 1.0 ms]
      [Choose CSet: 0.0 ms]
      [Ref Proc: 0.2 ms]
      [Ref Enq: 0.0 ms]
      [Redirty Cards: 0.2 ms]
      [Humongous Register: 0.0 ms]
      [Humongous Reclaim: 0.0 ms]
      [Free CSet: 0.3 ms]
   [Eden: 281.0M(281.0M)->0.0B(284.0M) Survivors: 45.0M->41.0M Heap: 759.3M(2048.0M)->760.8M(2048.0M)]
 [Times: user=1.38 sys=0.00, real=0.16 secs] 
2020-09-29T12:26:23.407+0200: 149.693: [GC pause (G1 Evacuation Pause) (young), 0.1743722 secs]
   [Parallel Time: 173.2 ms, GC Workers: 8]
      [GC Worker Start (ms): Min: 149693.1, Avg: 149693.2, Max: 149693.3, Diff: 0.2]
      [Ext Root Scanning (ms): Min: 0.0, Avg: 0.1, Max: 0.2, Diff: 0.2, Sum: 0.6]
      [Update RS (ms): Min: 22.1, Avg: 22.2, Max: 22.4, Diff: 0.3, Sum: 177.3]
         [Processed Buffers: Min: 20, Avg: 22.8, Max: 25, Diff: 5, Sum: 182]
      [Scan RS (ms): Min: 15.2, Avg: 15.4, Max: 15.5, Diff: 0.3, Sum: 123.0]
      [Code Root Scanning (ms): Min: 0.0, Avg: 0.0, Max: 0.0, Diff: 0.0, Sum: 0.0]
      [Object Copy (ms): Min: 135.2, Avg: 135.3, Max: 135.4, Diff: 0.2, Sum: 1082.3]
      [Termination (ms): Min: 0.0, Avg: 0.1, Max: 0.1, Diff: 0.1, Sum: 0.4]
         [Termination Attempts: Min: 1, Avg: 387.1, Max: 501, Diff: 500, Sum: 3097]
      [GC Worker Other (ms): Min: 0.0, Avg: 0.0, Max: 0.1, Diff: 0.0, Sum: 0.3]
      [GC Worker Total (ms): Min: 172.9, Avg: 173.0, Max: 173.1, Diff: 0.2, Sum: 1383.9]
      [GC Worker End (ms): Min: 149866.2, Avg: 149866.2, Max: 149866.2, Diff: 0.0]
   [Code Root Fixup: 0.0 ms]
   [Code Root Purge: 0.0 ms]
   [Clear CT: 0.2 ms]
   [Other: 0.9 ms]
      [Choose CSet: 0.0 ms]
      [Ref Proc: 0.2 ms]
      [Ref Enq: 0.0 ms]
      [Redirty Cards: 0.2 ms]
      [Humongous Register: 0.0 ms]
      [Humongous Reclaim: 0.0 ms]
      [Free CSet: 0.3 ms]
   [Eden: 284.0M(284.0M)->0.0B(285.0M) Survivors: 41.0M->41.0M Heap: 1092.5M(2048.0M)->1094.5M(2048.0M)]
 [Times: user=1.34 sys=0.00, real=0.17 secs] 
2020-09-29T12:26:23.596+0200: 149.882: [GC pause (G1 Humongous Allocation) (young) (initial-mark), 0.0536399 secs]
   [Parallel Time: 52.6 ms, GC Workers: 8]
      [GC Worker Start (ms): Min: 149882.0, Avg: 149882.1, Max: 149882.1, Diff: 0.1]
      [Ext Root Scanning (ms): Min: 0.0, Avg: 0.1, Max: 0.1, Diff: 0.1, Sum: 0.7]
      [Update RS (ms): Min: 30.6, Avg: 30.8, Max: 31.2, Diff: 0.7, Sum: 246.6]
         [Processed Buffers: Min: 17, Avg: 33.9, Max: 39, Diff: 22, Sum: 271]
      [Scan RS (ms): Min: 2.0, Avg: 2.4, Max: 2.7, Diff: 0.7, Sum: 19.5]
      [Code Root Scanning (ms): Min: 0.0, Avg: 0.0, Max: 0.0, Diff: 0.0, Sum: 0.0]
      [Object Copy (ms): Min: 19.0, Avg: 19.0, Max: 19.1, Diff: 0.1, Sum: 152.4]
      [Termination (ms): Min: 0.0, Avg: 0.0, Max: 0.0, Diff: 0.0, Sum: 0.1]
         [Termination Attempts: Min: 1, Avg: 123.0, Max: 171, Diff: 170, Sum: 984]
      [GC Worker Other (ms): Min: 0.0, Avg: 0.0, Max: 0.0, Diff: 0.0, Sum: 0.1]
      [GC Worker Total (ms): Min: 52.4, Avg: 52.4, Max: 52.5, Diff: 0.1, Sum: 419.4]
      [GC Worker End (ms): Min: 149934.5, Avg: 149934.5, Max: 149934.5, Diff: 0.0]
   [Code Root Fixup: 0.0 ms]
   [Code Root Purge: 0.0 ms]
   [Clear CT: 0.2 ms]
   [Other: 0.8 ms]
      [Choose CSet: 0.0 ms]
      [Ref Proc: 0.2 ms]
      [Ref Enq: 0.0 ms]
      [Redirty Cards: 0.2 ms]
      [Humongous Register: 0.0 ms]
      [Humongous Reclaim: 0.0 ms]
      [Free CSet: 0.1 ms]
   [Eden: 8192.0K(285.0M)->0.0B(335.0M) Survivors: 41.0M->9216.0K Heap: 1102.0M(2048.0M)->1105.5M(2048.0M)]
 [Times: user=0.48 sys=0.00, real=0.05 secs] 
2020-09-29T12:26:23.649+0200: 149.936: [GC concurrent-root-region-scan-start]
2020-09-29T12:26:23.651+0200: 149.938: [GC concurrent-root-region-scan-end, 0.0020441 secs]
2020-09-29T12:26:23.651+0200: 149.938: [GC concurrent-mark-start]
2020-09-29T12:26:23.654+0200: 149.941: [GC concurrent-mark-end, 0.0027961 secs]
2020-09-29T12:26:23.654+0200: 149.941: [GC remark 2020-09-29T12:26:23.654+0200: 149.941: [Finalize Marking, 0.0002084 secs] 2020-09-29T12:26:23.655+0200: 149.941: [GC ref-proc, 0.0002802 secs] 2020-09-29T12:26:23.655+0200: 149.941: [Unloading, 0.0004005 secs], 0.0012124 secs]
 [Times: user=0.00 sys=0.00, real=0.00 secs] 
2020-09-29T12:26:23.656+0200: 149.942: [GC cleanup 1116M->34M(2048M), 0.0010628 secs]
 [Times: user=0.00 sys=0.00, real=0.00 secs] 
2020-09-29T12:26:23.657+0200: 149.943: [GC concurrent-cleanup-start]
2020-09-29T12:26:23.658+0200: 149.945: [GC concurrent-cleanup-end, 0.0013758 secs]
2020-09-29T12:26:23.842+0200: 150.128: [GC pause (G1 Evacuation Pause) (young), 0.1616309 secs]
   [Parallel Time: 160.4 ms, GC Workers: 8]
      [GC Worker Start (ms): Min: 150128.5, Avg: 150128.6, Max: 150128.7, Diff: 0.2]
      [Ext Root Scanning (ms): Min: 0.0, Avg: 0.1, Max: 0.2, Diff: 0.2, Sum: 0.5]
      [Update RS (ms): Min: 15.7, Avg: 15.8, Max: 15.9, Diff: 0.2, Sum: 126.2]
         [Processed Buffers: Min: 15, Avg: 17.5, Max: 22, Diff: 7, Sum: 140]
      [Scan RS (ms): Min: 17.6, Avg: 17.8, Max: 17.9, Diff: 0.3, Sum: 142.1]
      [Code Root Scanning (ms): Min: 0.0, Avg: 0.0, Max: 0.0, Diff: 0.0, Sum: 0.0]
      [Object Copy (ms): Min: 126.4, Avg: 126.5, Max: 126.6, Diff: 0.2, Sum: 1012.1]
      [Termination (ms): Min: 0.0, Avg: 0.0, Max: 0.0, Diff: 0.0, Sum: 0.2]
         [Termination Attempts: Min: 1, Avg: 163.6, Max: 225, Diff: 224, Sum: 1309]
      [GC Worker Other (ms): Min: 0.0, Avg: 0.0, Max: 0.1, Diff: 0.1, Sum: 0.3]
      [GC Worker Total (ms): Min: 160.1, Avg: 160.2, Max: 160.3, Diff: 0.2, Sum: 1281.5]
      [GC Worker End (ms): Min: 150288.8, Avg: 150288.8, Max: 150288.8, Diff: 0.1]
   [Code Root Fixup: 0.0 ms]
   [Code Root Purge: 0.0 ms]
   [Clear CT: 0.2 ms]
   [Other: 1.0 ms]
      [Choose CSet: 0.0 ms]
      [Ref Proc: 0.2 ms]
      [Ref Enq: 0.0 ms]
      [Redirty Cards: 0.2 ms]
      [Humongous Register: 0.0 ms]
      [Humongous Reclaim: 0.0 ms]
      [Free CSet: 0.3 ms]
   [Eden: 335.0M(335.0M)->0.0B(313.0M) Survivors: 9216.0K->43.0M Heap: 416.2M(2048.0M)->409.2M(2048.0M)]
 [Times: user=1.25 sys=0.00, real=0.16 secs] 
2020-09-29T12:26:24.193+0200: 150.479: [GC pause (G1 Evacuation Pause) (young), 0.1720779 secs]
   [Parallel Time: 170.8 ms, GC Workers: 8]
      [GC Worker Start (ms): Min: 150479.4, Avg: 150479.6, Max: 150479.6, Diff: 0.2]
      [Ext Root Scanning (ms): Min: 0.0, Avg: 0.1, Max: 0.2, Diff: 0.2, Sum: 0.5]
      [Update RS (ms): Min: 16.7, Avg: 16.9, Max: 17.5, Diff: 0.8, Sum: 135.0]
         [Processed Buffers: Min: 18, Avg: 19.0, Max: 21, Diff: 3, Sum: 152]
      [Scan RS (ms): Min: 17.0, Avg: 17.7, Max: 17.9, Diff: 0.9, Sum: 141.3]
      [Code Root Scanning (ms): Min: 0.0, Avg: 0.0, Max: 0.0, Diff: 0.0, Sum: 0.0]
      [Object Copy (ms): Min: 135.7, Avg: 135.9, Max: 136.0, Diff: 0.3, Sum: 1087.3]
      [Termination (ms): Min: 0.0, Avg: 0.1, Max: 0.1, Diff: 0.1, Sum: 0.5]
         [Termination Attempts: Min: 1, Avg: 459.0, Max: 669, Diff: 668, Sum: 3672]
      [GC Worker Other (ms): Min: 0.0, Avg: 0.0, Max: 0.1, Diff: 0.0, Sum: 0.2]
      [GC Worker Total (ms): Min: 170.5, Avg: 170.6, Max: 170.7, Diff: 0.2, Sum: 1364.8]
      [GC Worker End (ms): Min: 150650.1, Avg: 150650.2, Max: 150650.2, Diff: 0.0]
   [Code Root Fixup: 0.0 ms]
   [Code Root Purge: 0.0 ms]
   [Clear CT: 0.2 ms]
   [Other: 1.1 ms]
      [Choose CSet: 0.0 ms]
      [Ref Proc: 0.2 ms]
      [Ref Enq: 0.0 ms]
      [Redirty Cards: 0.3 ms]
      [Humongous Register: 0.0 ms]
      [Humongous Reclaim: 0.0 ms]
      [Free CSet: 0.4 ms]
   [Eden: 313.0M(313.0M)->0.0B(310.0M) Survivors: 43.0M->45.0M Heap: 773.7M(2048.0M)->775.7M(2048.0M)]
 [Times: user=1.38 sys=0.00, real=0.17 secs] 
2020-09-29T12:26:24.542+0200: 150.828: [GC pause (G1 Evacuation Pause) (young), 0.1900335 secs]
   [Parallel Time: 188.9 ms, GC Workers: 8]
      [GC Worker Start (ms): Min: 150828.1, Avg: 150828.2, Max: 150828.3, Diff: 0.2]
      [Ext Root Scanning (ms): Min: 0.0, Avg: 0.1, Max: 0.2, Diff: 0.2, Sum: 0.5]
      [Update RS (ms): Min: 17.8, Avg: 18.1, Max: 18.4, Diff: 0.6, Sum: 144.7]
         [Processed Buffers: Min: 17, Avg: 19.4, Max: 22, Diff: 5, Sum: 155]
      [Scan RS (ms): Min: 17.6, Avg: 17.9, Max: 18.1, Diff: 0.5, Sum: 143.6]
      [Code Root Scanning (ms): Min: 0.0, Avg: 0.0, Max: 0.0, Diff: 0.0, Sum: 0.0]
      [Object Copy (ms): Min: 152.3, Avg: 152.4, Max: 152.5, Diff: 0.3, Sum: 1219.6]
      [Termination (ms): Min: 0.0, Avg: 0.1, Max: 0.2, Diff: 0.2, Sum: 0.8]
         [Termination Attempts: Min: 1, Avg: 435.9, Max: 664, Diff: 663, Sum: 3487]
      [GC Worker Other (ms): Min: 0.0, Avg: 0.0, Max: 0.0, Diff: 0.0, Sum: 0.1]
      [GC Worker Total (ms): Min: 188.6, Avg: 188.7, Max: 188.8, Diff: 0.2, Sum: 1509.3]
      [GC Worker End (ms): Min: 151016.9, Avg: 151016.9, Max: 151016.9, Diff: 0.0]
   [Code Root Fixup: 0.0 ms]
   [Code Root Purge: 0.0 ms]
   [Clear CT: 0.2 ms]
   [Other: 1.0 ms]
      [Choose CSet: 0.0 ms]
      [Ref Proc: 0.2 ms]
      [Ref Enq: 0.0 ms]
      [Redirty Cards: 0.2 ms]
      [Humongous Register: 0.0 ms]
      [Humongous Reclaim: 0.0 ms]
      [Free CSet: 0.3 ms]
   [Eden: 310.0M(310.0M)->0.0B(296.0M) Survivors: 45.0M->45.0M Heap: 1137.2M(2048.0M)->1139.2M(2048.0M)]
 [Times: user=1.44 sys=0.01, real=0.19 secs] 
2020-09-29T12:26:24.749+0200: 151.035: [GC pause (G1 Humongous Allocation) (young) (initial-mark), 0.0595400 secs]
   [Parallel Time: 58.6 ms, GC Workers: 8]
      [GC Worker Start (ms): Min: 151035.0, Avg: 151035.1, Max: 151035.2, Diff: 0.2]
      [Ext Root Scanning (ms): Min: 0.0, Avg: 0.5, Max: 2.0, Diff: 2.0, Sum: 4.3]
      [Update RS (ms): Min: 32.0, Avg: 33.8, Max: 34.3, Diff: 2.4, Sum: 270.0]
         [Processed Buffers: Min: 35, Avg: 37.4, Max: 39, Diff: 4, Sum: 299]
      [Scan RS (ms): Min: 2.8, Avg: 2.9, Max: 3.2, Diff: 0.4, Sum: 23.6]
      [Code Root Scanning (ms): Min: 0.0, Avg: 0.0, Max: 0.0, Diff: 0.0, Sum: 0.0]
      [Object Copy (ms): Min: 21.0, Avg: 21.1, Max: 21.1, Diff: 0.1, Sum: 168.5]
      [Termination (ms): Min: 0.0, Avg: 0.0, Max: 0.1, Diff: 0.1, Sum: 0.4]
         [Termination Attempts: Min: 1, Avg: 326.9, Max: 485, Diff: 484, Sum: 2615]
      [GC Worker Other (ms): Min: 0.0, Avg: 0.0, Max: 0.1, Diff: 0.1, Sum: 0.3]
      [GC Worker Total (ms): Min: 58.3, Avg: 58.4, Max: 58.5, Diff: 0.2, Sum: 467.1]
      [GC Worker End (ms): Min: 151093.5, Avg: 151093.5, Max: 151093.5, Diff: 0.0]
   [Code Root Fixup: 0.0 ms]
   [Code Root Purge: 0.0 ms]
   [Clear CT: 0.1 ms]
   [Other: 0.8 ms]
      [Choose CSet: 0.0 ms]
      [Ref Proc: 0.2 ms]
      [Ref Enq: 0.0 ms]
      [Redirty Cards: 0.1 ms]
      [Humongous Register: 0.1 ms]
      [Humongous Reclaim: 0.0 ms]
      [Free CSet: 0.1 ms]
   [Eden: 4096.0K(296.0M)->0.0B(338.0M) Survivors: 45.0M->6144.0K Heap: 1142.7M(2048.0M)->1147.2M(2048.0M)]
 [Times: user=0.48 sys=0.00, real=0.06 secs] 
2020-09-29T12:26:24.808+0200: 151.094: [GC concurrent-root-region-scan-start]
2020-09-29T12:26:24.810+0200: 151.096: [GC concurrent-root-region-scan-end, 0.0013629 secs]
2020-09-29T12:26:24.810+0200: 151.096: [GC concurrent-mark-start]
2020-09-29T12:26:24.813+0200: 151.099: [GC concurrent-mark-end, 0.0034345 secs]
2020-09-29T12:26:24.813+0200: 151.100: [GC remark 2020-09-29T12:26:24.813+0200: 151.100: [Finalize Marking, 0.0002505 secs] 2020-09-29T12:26:24.814+0200: 151.100: [GC ref-proc, 0.0003906 secs] 2020-09-29T12:26:24.814+0200: 151.100: [Unloading, 0.0006968 secs], 0.0017076 secs]
 [Times: user=0.00 sys=0.00, real=0.00 secs] 
2020-09-29T12:26:24.816+0200: 151.102: [GC cleanup 1158M->31M(2048M), 0.0016472 secs]
 [Times: user=0.09 sys=0.00, real=0.00 secs] 
2020-09-29T12:26:24.817+0200: 151.104: [GC concurrent-cleanup-start]
2020-09-29T12:26:24.820+0200: 151.106: [GC concurrent-cleanup-end, 0.0024243 secs]
2020-09-29T12:26:25.024+0200: 151.311: [GC pause (G1 Evacuation Pause) (young), 0.1836085 secs]
   [Parallel Time: 182.6 ms, GC Workers: 8]
      [GC Worker Start (ms): Min: 151311.2, Avg: 151311.3, Max: 151311.3, Diff: 0.1]
      [Ext Root Scanning (ms): Min: 0.0, Avg: 0.1, Max: 0.1, Diff: 0.1, Sum: 0.7]
      [Update RS (ms): Min: 22.7, Avg: 22.9, Max: 23.2, Diff: 0.5, Sum: 183.3]
         [Processed Buffers: Min: 19, Avg: 21.1, Max: 23, Diff: 4, Sum: 169]
      [Scan RS (ms): Min: 16.4, Avg: 16.8, Max: 17.1, Diff: 0.7, Sum: 134.3]
      [Code Root Scanning (ms): Min: 0.0, Avg: 0.0, Max: 0.0, Diff: 0.0, Sum: 0.0]
      [Object Copy (ms): Min: 142.4, Avg: 142.5, Max: 142.7, Diff: 0.3, Sum: 1139.7]
      [Termination (ms): Min: 0.0, Avg: 0.2, Max: 0.2, Diff: 0.2, Sum: 1.5]
         [Termination Attempts: Min: 1, Avg: 1427.0, Max: 1804, Diff: 1803, Sum: 11416]
      [GC Worker Other (ms): Min: 0.0, Avg: 0.0, Max: 0.1, Diff: 0.1, Sum: 0.3]
      [GC Worker Total (ms): Min: 182.4, Avg: 182.5, Max: 182.6, Diff: 0.1, Sum: 1459.9]
      [GC Worker End (ms): Min: 151493.7, Avg: 151493.8, Max: 151493.8, Diff: 0.1]
   [Code Root Fixup: 0.0 ms]
   [Code Root Purge: 0.0 ms]
   [Clear CT: 0.1 ms]
   [Other: 0.8 ms]
      [Choose CSet: 0.0 ms]
      [Ref Proc: 0.2 ms]
      [Ref Enq: 0.0 ms]
      [Redirty Cards: 0.2 ms]
      [Humongous Register: 0.0 ms]
      [Humongous Reclaim: 0.0 ms]
      [Free CSet: 0.2 ms]
   [Eden: 338.0M(338.0M)->0.0B(299.0M) Survivors: 6144.0K->43.0M Heap: 416.2M(2048.0M)->411.2M(2048.0M)]
 [Times: user=1.42 sys=0.02, real=0.18 secs] 
2020-09-29T12:26:25.374+0200: 151.661: [GC pause (G1 Evacuation Pause) (young), 0.1638218 secs]
   [Parallel Time: 162.7 ms, GC Workers: 8]
      [GC Worker Start (ms): Min: 151660.9, Avg: 151661.0, Max: 151661.1, Diff: 0.2]
      [Ext Root Scanning (ms): Min: 0.0, Avg: 0.1, Max: 0.2, Diff: 0.2, Sum: 0.5]
      [Update RS (ms): Min: 15.9, Avg: 16.2, Max: 16.4, Diff: 0.6, Sum: 129.4]
         [Processed Buffers: Min: 16, Avg: 16.8, Max: 18, Diff: 2, Sum: 134]
      [Scan RS (ms): Min: 17.7, Avg: 18.0, Max: 18.3, Diff: 0.6, Sum: 143.9]
      [Code Root Scanning (ms): Min: 0.0, Avg: 0.0, Max: 0.0, Diff: 0.0, Sum: 0.0]
      [Object Copy (ms): Min: 128.0, Avg: 128.1, Max: 128.2, Diff: 0.1, Sum: 1024.8]
      [Termination (ms): Min: 0.0, Avg: 0.1, Max: 0.1, Diff: 0.1, Sum: 0.5]
         [Termination Attempts: Min: 1, Avg: 422.9, Max: 541, Diff: 540, Sum: 3383]
      [GC Worker Other (ms): Min: 0.0, Avg: 0.0, Max: 0.1, Diff: 0.1, Sum: 0.4]
      [GC Worker Total (ms): Min: 162.3, Avg: 162.4, Max: 162.6, Diff: 0.2, Sum: 1299.4]
      [GC Worker End (ms): Min: 151823.4, Avg: 151823.4, Max: 151823.5, Diff: 0.1]
   [Code Root Fixup: 0.0 ms]
   [Code Root Purge: 0.0 ms]
   [Clear CT: 0.2 ms]
   [Other: 0.9 ms]
      [Choose CSet: 0.0 ms]
      [Ref Proc: 0.1 ms]
      [Ref Enq: 0.0 ms]
      [Redirty Cards: 0.2 ms]
      [Humongous Register: 0.0 ms]
      [Humongous Reclaim: 0.0 ms]
      [Free CSet: 0.3 ms]
   [Eden: 299.0M(299.0M)->0.0B(302.0M) Survivors: 43.0M->43.0M Heap: 759.8M(2048.0M)->761.8M(2048.0M)]
 [Times: user=1.36 sys=0.00, real=0.16 secs] 
2020-09-29T12:26:25.710+0200: 151.997: [GC pause (G1 Evacuation Pause) (young), 0.2343510 secs]
   [Parallel Time: 233.1 ms, GC Workers: 8]
      [GC Worker Start (ms): Min: 151996.9, Avg: 152002.4, Max: 152029.3, Diff: 32.4]
      [Ext Root Scanning (ms): Min: 0.0, Avg: 0.1, Max: 0.2, Diff: 0.2, Sum: 0.7]
      [Update RS (ms): Min: 0.0, Avg: 25.5, Max: 30.7, Diff: 30.7, Sum: 204.1]
         [Processed Buffers: Min: 0, Avg: 21.9, Max: 30, Diff: 30, Sum: 175]
      [Scan RS (ms): Min: 19.8, Avg: 22.6, Max: 31.8, Diff: 12.0, Sum: 181.1]
      [Code Root Scanning (ms): Min: 0.0, Avg: 0.0, Max: 0.0, Diff: 0.0, Sum: 0.0]
      [Object Copy (ms): Min: 170.3, Avg: 179.1, Max: 180.7, Diff: 10.4, Sum: 1433.0]
      [Termination (ms): Min: 0.0, Avg: 0.1, Max: 0.1, Diff: 0.1, Sum: 0.5]
         [Termination Attempts: Min: 1, Avg: 406.1, Max: 497, Diff: 496, Sum: 3249]
      [GC Worker Other (ms): Min: 0.0, Avg: 0.0, Max: 0.1, Diff: 0.0, Sum: 0.2]
      [GC Worker Total (ms): Min: 200.5, Avg: 227.4, Max: 233.0, Diff: 32.5, Sum: 1819.6]
      [GC Worker End (ms): Min: 152229.8, Avg: 152229.8, Max: 152229.9, Diff: 0.0]
   [Code Root Fixup: 0.0 ms]
   [Code Root Purge: 0.0 ms]
   [Clear CT: 0.2 ms]
   [Other: 1.1 ms]
      [Choose CSet: 0.0 ms]
      [Ref Proc: 0.2 ms]
      [Ref Enq: 0.0 ms]
      [Redirty Cards: 0.2 ms]
      [Humongous Register: 0.1 ms]
      [Humongous Reclaim: 0.0 ms]
      [Free CSet: 0.3 ms]
   [Eden: 302.0M(302.0M)->0.0B(239.0M) Survivors: 43.0M->44.0M Heap: 1115.3M(2048.0M)->1117.3M(2048.0M)]
 [Times: user=1.66 sys=0.00, real=0.23 secs] 
2020-09-29T12:26:25.991+0200: 152.278: [GC pause (G1 Humongous Allocation) (young) (initial-mark), 0.0764104 secs]
   [Parallel Time: 75.2 ms, GC Workers: 8]
      [GC Worker Start (ms): Min: 152278.1, Avg: 152278.5, Max: 152278.9, Diff: 0.7]
      [Ext Root Scanning (ms): Min: 0.1, Avg: 8.0, Max: 32.8, Diff: 32.7, Sum: 63.9]
      [Update RS (ms): Min: 0.0, Avg: 21.5, Max: 28.8, Diff: 28.8, Sum: 171.8]
         [Processed Buffers: Min: 0, Avg: 19.8, Max: 27, Diff: 27, Sum: 158]
      [Scan RS (ms): Min: 0.0, Avg: 3.7, Max: 4.5, Diff: 4.5, Sum: 29.2]
      [Code Root Scanning (ms): Min: 0.0, Avg: 0.0, Max: 0.0, Diff: 0.0, Sum: 0.0]
      [Object Copy (ms): Min: 41.4, Avg: 41.5, Max: 41.5, Diff: 0.1, Sum: 331.8]
      [Termination (ms): Min: 0.0, Avg: 0.1, Max: 0.1, Diff: 0.1, Sum: 0.7]
         [Termination Attempts: Min: 1, Avg: 350.8, Max: 540, Diff: 539, Sum: 2806]
      [GC Worker Other (ms): Min: 0.0, Avg: 0.0, Max: 0.1, Diff: 0.1, Sum: 0.2]
      [GC Worker Total (ms): Min: 74.3, Avg: 74.7, Max: 75.1, Diff: 0.8, Sum: 597.6]
      [GC Worker End (ms): Min: 152353.2, Avg: 152353.2, Max: 152353.2, Diff: 0.0]
   [Code Root Fixup: 0.0 ms]
   [Code Root Purge: 0.0 ms]
   [Clear CT: 0.1 ms]
   [Other: 1.1 ms]
      [Choose CSet: 0.0 ms]
      [Ref Proc: 0.2 ms]
      [Ref Enq: 0.0 ms]
      [Redirty Cards: 0.2 ms]
      [Humongous Register: 0.1 ms]
      [Humongous Reclaim: 0.0 ms]
      [Free CSet: 0.2 ms]
   [Eden: 11.0M(239.0M)->0.0B(220.0M) Survivors: 44.0M->13.0M Heap: 1128.3M(2048.0M)->1131.8M(2048.0M)]
 [Times: user=0.41 sys=0.00, real=0.08 secs] 
2020-09-29T12:26:26.068+0200: 152.354: [GC concurrent-root-region-scan-start]
2020-09-29T12:26:26.073+0200: 152.359: [GC concurrent-root-region-scan-end, 0.0048874 secs]
2020-09-29T12:26:26.073+0200: 152.359: [GC concurrent-mark-start]
2020-09-29T12:26:26.077+0200: 152.364: [GC concurrent-mark-end, 0.0046938 secs]
2020-09-29T12:26:26.078+0200: 152.365: [GC remark 2020-09-29T12:26:26.078+0200: 152.365: [Finalize Marking, 0.0002747 secs] 2020-09-29T12:26:26.078+0200: 152.365: [GC ref-proc, 0.0004706 secs] 2020-09-29T12:26:26.079+0200: 152.365: [Unloading, 0.0006256 secs], 0.0018795 secs]
 [Times: user=0.00 sys=0.00, real=0.00 secs] 
2020-09-29T12:26:26.080+0200: 152.367: [GC cleanup 1144M->40M(2048M), 0.0018706 secs]
 [Times: user=0.00 sys=0.00, real=0.00 secs] 
2020-09-29T12:26:26.082+0200: 152.369: [GC concurrent-cleanup-start]
2020-09-29T12:26:26.085+0200: 152.372: [GC concurrent-cleanup-end, 0.0027685 secs]
2020-09-29T12:26:26.221+0200: 152.508: [GC pause (G1 Evacuation Pause) (young), 0.1317435 secs]
   [Parallel Time: 130.7 ms, GC Workers: 8]
      [GC Worker Start (ms): Min: 152508.2, Avg: 152508.3, Max: 152508.5, Diff: 0.3]
      [Ext Root Scanning (ms): Min: 0.0, Avg: 0.1, Max: 0.1, Diff: 0.1, Sum: 0.7]
      [Update RS (ms): Min: 19.9, Avg: 20.2, Max: 21.0, Diff: 1.1, Sum: 161.5]
         [Processed Buffers: Min: 15, Avg: 21.1, Max: 25, Diff: 10, Sum: 169]
      [Scan RS (ms): Min: 6.1, Avg: 7.0, Max: 7.3, Diff: 1.2, Sum: 56.4]
      [Code Root Scanning (ms): Min: 0.0, Avg: 0.0, Max: 0.0, Diff: 0.0, Sum: 0.0]
      [Object Copy (ms): Min: 102.9, Avg: 103.0, Max: 103.2, Diff: 0.3, Sum: 824.1]
      [Termination (ms): Min: 0.0, Avg: 0.3, Max: 0.3, Diff: 0.3, Sum: 2.1]
         [Termination Attempts: Min: 1, Avg: 1442.4, Max: 1716, Diff: 1715, Sum: 11539]
      [GC Worker Other (ms): Min: 0.0, Avg: 0.0, Max: 0.0, Diff: 0.0, Sum: 0.1]
      [GC Worker Total (ms): Min: 130.4, Avg: 130.6, Max: 130.7, Diff: 0.3, Sum: 1044.8]
      [GC Worker End (ms): Min: 152638.9, Avg: 152638.9, Max: 152638.9, Diff: 0.0]
   [Code Root Fixup: 0.0 ms]
   [Code Root Purge: 0.0 ms]
   [Clear CT: 0.1 ms]
   [Other: 0.9 ms]
      [Choose CSet: 0.0 ms]
      [Ref Proc: 0.2 ms]
      [Ref Enq: 0.0 ms]
      [Redirty Cards: 0.2 ms]
      [Humongous Register: 0.0 ms]
      [Humongous Reclaim: 0.0 ms]
      [Free CSet: 0.2 ms]
   [Eden: 220.0M(220.0M)->0.0B(232.0M) Survivors: 13.0M->30.0M Heap: 286.1M(2048.0M)->274.6M(2048.0M)]
 [Times: user=1.05 sys=0.00, real=0.13 secs] 
2020-09-29T12:26:26.487+0200: 152.774: [GC pause (G1 Evacuation Pause) (young), 0.1582090 secs]
   [Parallel Time: 157.1 ms, GC Workers: 8]
      [GC Worker Start (ms): Min: 152774.4, Avg: 152774.5, Max: 152774.6, Diff: 0.2]
      [Ext Root Scanning (ms): Min: 0.0, Avg: 0.1, Max: 0.2, Diff: 0.2, Sum: 0.4]
      [Update RS (ms): Min: 15.7, Avg: 16.2, Max: 19.0, Diff: 3.3, Sum: 129.7]
         [Processed Buffers: Min: 11, Avg: 16.8, Max: 20, Diff: 9, Sum: 134]
      [Scan RS (ms): Min: 8.8, Avg: 11.7, Max: 13.1, Diff: 4.4, Sum: 93.6]
      [Code Root Scanning (ms): Min: 0.0, Avg: 0.0, Max: 0.0, Diff: 0.0, Sum: 0.0]
      [Object Copy (ms): Min: 126.0, Avg: 128.3, Max: 129.0, Diff: 3.1, Sum: 1026.2]
      [Termination (ms): Min: 0.0, Avg: 0.6, Max: 3.1, Diff: 3.1, Sum: 4.4]
         [Termination Attempts: Min: 1, Avg: 1436.1, Max: 1884, Diff: 1883, Sum: 11489]
      [GC Worker Other (ms): Min: 0.0, Avg: 0.0, Max: 0.1, Diff: 0.1, Sum: 0.3]
      [GC Worker Total (ms): Min: 156.7, Avg: 156.8, Max: 157.0, Diff: 0.2, Sum: 1254.7]
      [GC Worker End (ms): Min: 152931.3, Avg: 152931.3, Max: 152931.4, Diff: 0.1]
   [Code Root Fixup: 0.0 ms]
   [Code Root Purge: 0.0 ms]
   [Clear CT: 0.2 ms]
   [Other: 1.0 ms]
      [Choose CSet: 0.0 ms]
      [Ref Proc: 0.2 ms]
      [Ref Enq: 0.0 ms]
      [Redirty Cards: 0.2 ms]
      [Humongous Register: 0.0 ms]
      [Humongous Reclaim: 0.0 ms]
      [Free CSet: 0.3 ms]
   [Eden: 232.0M(232.0M)->0.0B(238.0M) Survivors: 30.0M->33.0M Heap: 544.8M(2048.0M)->545.8M(2048.0M)]
 [Times: user=1.28 sys=0.00, real=0.16 secs] 
2020-09-29T12:26:26.987+0200: 153.274: [GC pause (G1 Evacuation Pause) (young), 0.2174357 secs]
   [Parallel Time: 215.5 ms, GC Workers: 8]
      [GC Worker Start (ms): Min: 153274.0, Avg: 153274.1, Max: 153274.1, Diff: 0.1]
      [Ext Root Scanning (ms): Min: 0.1, Avg: 0.1, Max: 0.2, Diff: 0.1, Sum: 0.9]
      [Update RS (ms): Min: 26.8, Avg: 26.9, Max: 27.2, Diff: 0.4, Sum: 215.2]
         [Processed Buffers: Min: 19, Avg: 20.0, Max: 22, Diff: 3, Sum: 160]
      [Scan RS (ms): Min: 17.0, Avg: 17.3, Max: 17.4, Diff: 0.4, Sum: 138.4]
      [Code Root Scanning (ms): Min: 0.0, Avg: 0.0, Max: 0.0, Diff: 0.0, Sum: 0.0]
      [Object Copy (ms): Min: 170.8, Avg: 170.9, Max: 171.0, Diff: 0.1, Sum: 1367.2]
      [Termination (ms): Min: 0.0, Avg: 0.0, Max: 0.0, Diff: 0.0, Sum: 0.1]
         [Termination Attempts: Min: 1, Avg: 35.5, Max: 52, Diff: 51, Sum: 284]
      [GC Worker Other (ms): Min: 0.0, Avg: 0.1, Max: 0.1, Diff: 0.1, Sum: 0.4]
      [GC Worker Total (ms): Min: 215.2, Avg: 215.3, Max: 215.4, Diff: 0.2, Sum: 1722.3]
      [GC Worker End (ms): Min: 153489.3, Avg: 153489.4, Max: 153489.4, Diff: 0.1]
   [Code Root Fixup: 0.0 ms]
   [Code Root Purge: 0.0 ms]
   [Clear CT: 0.4 ms]
   [Other: 1.5 ms]
      [Choose CSet: 0.0 ms]
      [Ref Proc: 0.4 ms]
      [Ref Enq: 0.0 ms]
      [Redirty Cards: 0.4 ms]
      [Humongous Register: 0.1 ms]
      [Humongous Reclaim: 0.0 ms]
      [Free CSet: 0.3 ms]
   [Eden: 238.0M(238.0M)->0.0B(210.0M) Survivors: 33.0M->34.0M Heap: 823.8M(2048.0M)->825.8M(2048.0M)]
 [Times: user=1.75 sys=0.00, real=0.22 secs] 
2020-09-29T12:26:27.522+0200: 153.808: [GC pause (G1 Evacuation Pause) (young), 0.2029958 secs]
   [Parallel Time: 201.4 ms, GC Workers: 8]
      [GC Worker Start (ms): Min: 153808.3, Avg: 153808.4, Max: 153808.5, Diff: 0.1]
      [Ext Root Scanning (ms): Min: 0.1, Avg: 0.1, Max: 0.3, Diff: 0.3, Sum: 1.2]
      [Update RS (ms): Min: 21.2, Avg: 21.5, Max: 21.9, Diff: 0.8, Sum: 172.4]
         [Processed Buffers: Min: 14, Avg: 15.8, Max: 18, Diff: 4, Sum: 126]
      [Scan RS (ms): Min: 17.1, Avg: 17.4, Max: 17.9, Diff: 0.8, Sum: 139.4]
      [Code Root Scanning (ms): Min: 0.0, Avg: 0.0, Max: 0.0, Diff: 0.0, Sum: 0.0]
      [Object Copy (ms): Min: 161.6, Avg: 161.8, Max: 162.0, Diff: 0.3, Sum: 1294.1]
      [Termination (ms): Min: 0.0, Avg: 0.2, Max: 0.3, Diff: 0.3, Sum: 1.8]
         [Termination Attempts: Min: 1, Avg: 936.5, Max: 1107, Diff: 1106, Sum: 7492]
      [GC Worker Other (ms): Min: 0.0, Avg: 0.1, Max: 0.1, Diff: 0.1, Sum: 0.4]
      [GC Worker Total (ms): Min: 201.1, Avg: 201.2, Max: 201.3, Diff: 0.2, Sum: 1609.3]
      [GC Worker End (ms): Min: 154009.5, Avg: 154009.6, Max: 154009.6, Diff: 0.1]
   [Code Root Fixup: 0.0 ms]
   [Code Root Purge: 0.0 ms]
   [Clear CT: 0.4 ms]
   [Other: 1.2 ms]
      [Choose CSet: 0.0 ms]
      [Ref Proc: 0.2 ms]
      [Ref Enq: 0.0 ms]
      [Redirty Cards: 0.4 ms]
      [Humongous Register: 0.1 ms]
      [Humongous Reclaim: 0.0 ms]
      [Free CSet: 0.3 ms]
   [Eden: 210.0M(210.0M)->0.0B(194.0M) Survivors: 34.0M->31.0M Heap: 1070.2M(2048.0M)->1071.7M(2048.0M)]
 [Times: user=1.48 sys=0.02, real=0.20 secs] 
2020-09-29T12:26:27.729+0200: 154.015: [GC pause (G1 Humongous Allocation) (young) (initial-mark), 0.0791516 secs]
   [Parallel Time: 77.8 ms, GC Workers: 8]
      [GC Worker Start (ms): Min: 154015.3, Avg: 154015.5, Max: 154015.6, Diff: 0.3]
      [Ext Root Scanning (ms): Min: 0.0, Avg: 0.5, Max: 1.3, Diff: 1.3, Sum: 4.0]
      [Update RS (ms): Min: 50.7, Avg: 51.9, Max: 52.5, Diff: 1.8, Sum: 415.4]
         [Processed Buffers: Min: 35, Avg: 39.0, Max: 41, Diff: 6, Sum: 312]
      [Scan RS (ms): Min: 0.0, Avg: 0.2, Max: 0.6, Diff: 0.6, Sum: 1.8]
      [Code Root Scanning (ms): Min: 0.0, Avg: 0.0, Max: 0.0, Diff: 0.0, Sum: 0.0]
      [Object Copy (ms): Min: 24.5, Avg: 24.7, Max: 24.9, Diff: 0.4, Sum: 198.0]
      [Termination (ms): Min: 0.0, Avg: 0.0, Max: 0.0, Diff: 0.0, Sum: 0.0]
         [Termination Attempts: Min: 1, Avg: 3.4, Max: 6, Diff: 5, Sum: 27]
      [GC Worker Other (ms): Min: 0.0, Avg: 0.0, Max: 0.0, Diff: 0.0, Sum: 0.2]
      [GC Worker Total (ms): Min: 77.3, Avg: 77.4, Max: 77.5, Diff: 0.3, Sum: 619.3]
      [GC Worker End (ms): Min: 154092.9, Avg: 154092.9, Max: 154092.9, Diff: 0.0]
   [Code Root Fixup: 0.0 ms]
   [Code Root Purge: 0.0 ms]
   [Clear CT: 0.3 ms]
   [Other: 1.1 ms]
      [Choose CSet: 0.0 ms]
      [Ref Proc: 0.4 ms]
      [Ref Enq: 0.0 ms]
      [Redirty Cards: 0.3 ms]
      [Humongous Register: 0.1 ms]
      [Humongous Reclaim: 0.0 ms]
      [Free CSet: 0.1 ms]
   [Eden: 5120.0K(194.0M)->0.0B(203.0M) Survivors: 31.0M->6144.0K Heap: 1076.2M(2048.0M)->1078.7M(2048.0M)]
 [Times: user=0.63 sys=0.00, real=0.08 secs] 
2020-09-29T12:26:27.808+0200: 154.095: [GC concurrent-root-region-scan-start]
2020-09-29T12:26:27.811+0200: 154.097: [GC concurrent-root-region-scan-end, 0.0028029 secs]
2020-09-29T12:26:27.811+0200: 154.097: [GC concurrent-mark-start]
2020-09-29T12:26:27.817+0200: 154.103: [GC concurrent-mark-end, 0.0053439 secs]
2020-09-29T12:26:27.817+0200: 154.104: [GC remark 2020-09-29T12:26:27.817+0200: 154.104: [Finalize Marking, 0.0003274 secs] 2020-09-29T12:26:27.818+0200: 154.104: [GC ref-proc, 0.0005895 secs] 2020-09-29T12:26:27.818+0200: 154.105: [Unloading, 0.0006938 secs], 0.0020591 secs]
 [Times: user=0.00 sys=0.00, real=0.00 secs] 
2020-09-29T12:26:27.820+0200: 154.106: [GC cleanup 1089M->31M(2048M), 0.0026756 secs]
 [Times: user=0.00 sys=0.00, real=0.00 secs] 
2020-09-29T12:26:27.823+0200: 154.109: [GC concurrent-cleanup-start]
2020-09-29T12:26:27.825+0200: 154.112: [GC concurrent-cleanup-end, 0.0025174 secs]
2020-09-29T12:26:28.024+0200: 154.310: [GC pause (G1 Evacuation Pause) (young), 0.1716957 secs]
   [Parallel Time: 169.3 ms, GC Workers: 8]
      [GC Worker Start (ms): Min: 154310.2, Avg: 154311.0, Max: 154315.3, Diff: 5.1]
      [Ext Root Scanning (ms): Min: 0.0, Avg: 0.1, Max: 0.2, Diff: 0.2, Sum: 0.7]
      [Update RS (ms): Min: 13.8, Avg: 18.0, Max: 21.2, Diff: 7.4, Sum: 144.3]
         [Processed Buffers: Min: 9, Avg: 12.5, Max: 15, Diff: 6, Sum: 100]
      [Scan RS (ms): Min: 11.8, Avg: 14.3, Max: 15.0, Diff: 3.2, Sum: 114.6]
      [Code Root Scanning (ms): Min: 0.0, Avg: 0.0, Max: 0.0, Diff: 0.0, Sum: 0.0]
      [Object Copy (ms): Min: 135.7, Avg: 135.8, Max: 135.8, Diff: 0.1, Sum: 1086.2]
      [Termination (ms): Min: 0.0, Avg: 0.0, Max: 0.0, Diff: 0.0, Sum: 0.1]
         [Termination Attempts: Min: 1, Avg: 70.5, Max: 90, Diff: 89, Sum: 564]
      [GC Worker Other (ms): Min: 0.0, Avg: 0.0, Max: 0.1, Diff: 0.1, Sum: 0.4]
      [GC Worker Total (ms): Min: 163.9, Avg: 168.3, Max: 169.1, Diff: 5.2, Sum: 1346.3]
      [GC Worker End (ms): Min: 154479.2, Avg: 154479.2, Max: 154479.3, Diff: 0.1]
   [Code Root Fixup: 0.0 ms]
   [Code Root Purge: 0.0 ms]
   [Clear CT: 0.3 ms]
   [Other: 2.1 ms]
      [Choose CSet: 0.0 ms]
      [Ref Proc: 1.0 ms]
      [Ref Enq: 0.0 ms]
      [Redirty Cards: 0.4 ms]
      [Humongous Register: 0.1 ms]
      [Humongous Reclaim: 0.0 ms]
      [Free CSet: 0.3 ms]
   [Eden: 203.0M(203.0M)->0.0B(181.0M) Survivors: 6144.0K->27.0M Heap: 257.8M(2048.0M)->254.3M(2048.0M)]
 [Times: user=1.31 sys=0.03, real=0.17 secs] 
2020-09-29T12:26:28.357+0200: 154.643: [GC pause (G1 Evacuation Pause) (young), 0.1863776 secs]
   [Parallel Time: 184.9 ms, GC Workers: 8]
      [GC Worker Start (ms): Min: 154643.5, Avg: 154645.4, Max: 154658.7, Diff: 15.2]
      [Ext Root Scanning (ms): Min: 0.0, Avg: 0.1, Max: 0.2, Diff: 0.2, Sum: 0.9]
      [Update RS (ms): Min: 3.8, Avg: 17.3, Max: 20.2, Diff: 16.4, Sum: 138.5]
         [Processed Buffers: Min: 5, Avg: 12.9, Max: 15, Diff: 10, Sum: 103]
      [Scan RS (ms): Min: 13.8, Avg: 14.8, Max: 15.2, Diff: 1.4, Sum: 118.7]
      [Code Root Scanning (ms): Min: 0.0, Avg: 0.0, Max: 0.0, Diff: 0.0, Sum: 0.0]
      [Object Copy (ms): Min: 150.2, Avg: 150.3, Max: 150.5, Diff: 0.3, Sum: 1202.2]
      [Termination (ms): Min: 0.0, Avg: 0.2, Max: 0.3, Diff: 0.3, Sum: 1.7]
         [Termination Attempts: Min: 1, Avg: 813.0, Max: 1006, Diff: 1005, Sum: 6504]
      [GC Worker Other (ms): Min: 0.0, Avg: 0.0, Max: 0.1, Diff: 0.1, Sum: 0.3]
      [GC Worker Total (ms): Min: 169.5, Avg: 182.8, Max: 184.7, Diff: 15.2, Sum: 1462.4]
      [GC Worker End (ms): Min: 154828.2, Avg: 154828.2, Max: 154828.3, Diff: 0.1]
   [Code Root Fixup: 0.0 ms]
   [Code Root Purge: 0.0 ms]
   [Clear CT: 0.3 ms]
   [Other: 1.2 ms]
      [Choose CSet: 0.0 ms]
      [Ref Proc: 0.3 ms]
      [Ref Enq: 0.0 ms]
      [Redirty Cards: 0.3 ms]
      [Humongous Register: 0.1 ms]
      [Humongous Reclaim: 0.0 ms]
      [Free CSet: 0.2 ms]
   [Eden: 181.0M(181.0M)->0.0B(174.0M) Survivors: 27.0M->26.0M Heap: 465.9M(2048.0M)->467.9M(2048.0M)]
 [Times: user=1.49 sys=0.00, real=0.19 secs] 
2020-09-29T12:26:28.739+0200: 155.026: [GC pause (G1 Evacuation Pause) (young), 0.2376969 secs]
   [Parallel Time: 236.2 ms, GC Workers: 8]
      [GC Worker Start (ms): Min: 155026.2, Avg: 155033.5, Max: 155055.5, Diff: 29.3]
      [Ext Root Scanning (ms): Min: 0.0, Avg: 0.1, Max: 0.2, Diff: 0.2, Sum: 0.9]
      [Update RS (ms): Min: 1.4, Avg: 23.1, Max: 30.9, Diff: 29.5, Sum: 184.7]
         [Processed Buffers: Min: 1, Avg: 12.3, Max: 19, Diff: 18, Sum: 98]
      [Scan RS (ms): Min: 17.0, Avg: 17.6, Max: 18.0, Diff: 1.0, Sum: 140.6]
      [Code Root Scanning (ms): Min: 0.0, Avg: 0.0, Max: 0.0, Diff: 0.0, Sum: 0.0]
      [Object Copy (ms): Min: 187.5, Avg: 187.8, Max: 188.0, Diff: 0.5, Sum: 1502.7]
      [Termination (ms): Min: 0.0, Avg: 0.1, Max: 0.3, Diff: 0.3, Sum: 1.0]
         [Termination Attempts: Min: 1, Avg: 432.0, Max: 596, Diff: 595, Sum: 3456]
      [GC Worker Other (ms): Min: 0.0, Avg: 0.1, Max: 0.1, Diff: 0.1, Sum: 0.4]
      [GC Worker Total (ms): Min: 206.8, Avg: 228.8, Max: 236.1, Diff: 29.3, Sum: 1830.5]
      [GC Worker End (ms): Min: 155262.3, Avg: 155262.3, Max: 155262.4, Diff: 0.1]
   [Code Root Fixup: 0.0 ms]
   [Code Root Purge: 0.0 ms]
   [Clear CT: 0.4 ms]
   [Other: 1.1 ms]
      [Choose CSet: 0.0 ms]
      [Ref Proc: 0.2 ms]
      [Ref Enq: 0.0 ms]
      [Redirty Cards: 0.3 ms]
      [Humongous Register: 0.1 ms]
      [Humongous Reclaim: 0.0 ms]
      [Free CSet: 0.3 ms]
   [Eden: 174.0M(174.0M)->0.0B(136.0M) Survivors: 26.0M->25.0M Heap: 670.5M(2048.0M)->673.0M(2048.0M)]
 [Times: user=1.55 sys=0.00, real=0.24 secs] 
2020-09-29T12:26:29.131+0200: 155.418: [GC pause (G1 Evacuation Pause) (young), 0.1350808 secs]
   [Parallel Time: 133.6 ms, GC Workers: 8]
      [GC Worker Start (ms): Min: 155418.5, Avg: 155418.5, Max: 155418.6, Diff: 0.1]
      [Ext Root Scanning (ms): Min: 0.0, Avg: 0.1, Max: 0.2, Diff: 0.1, Sum: 0.9]
      [Update RS (ms): Min: 18.5, Avg: 18.8, Max: 19.2, Diff: 0.7, Sum: 150.3]
         [Processed Buffers: Min: 11, Avg: 13.1, Max: 16, Diff: 5, Sum: 105]
      [Scan RS (ms): Min: 8.9, Avg: 9.3, Max: 9.6, Diff: 0.7, Sum: 74.2]
      [Code Root Scanning (ms): Min: 0.0, Avg: 0.0, Max: 0.0, Diff: 0.0, Sum: 0.0]
      [Object Copy (ms): Min: 104.9, Avg: 105.0, Max: 105.0, Diff: 0.1, Sum: 839.8]
      [Termination (ms): Min: 0.0, Avg: 0.1, Max: 0.1, Diff: 0.1, Sum: 0.9]
         [Termination Attempts: Min: 1, Avg: 419.0, Max: 518, Diff: 517, Sum: 3352]
      [GC Worker Other (ms): Min: 0.0, Avg: 0.0, Max: 0.1, Diff: 0.0, Sum: 0.3]
      [GC Worker Total (ms): Min: 133.2, Avg: 133.3, Max: 133.4, Diff: 0.2, Sum: 1066.3]
      [GC Worker End (ms): Min: 155551.8, Avg: 155551.8, Max: 155551.8, Diff: 0.1]
   [Code Root Fixup: 0.0 ms]
   [Code Root Purge: 0.0 ms]
   [Clear CT: 0.2 ms]
   [Other: 1.3 ms]
      [Choose CSet: 0.0 ms]
      [Ref Proc: 0.4 ms]
      [Ref Enq: 0.0 ms]
      [Redirty Cards: 0.3 ms]
      [Humongous Register: 0.1 ms]
      [Humongous Reclaim: 0.0 ms]
      [Free CSet: 0.2 ms]
   [Eden: 136.0M(136.0M)->0.0B(157.0M) Survivors: 25.0M->21.0M Heap: 831.8M(2048.0M)->833.3M(2048.0M)]
 [Times: user=0.98 sys=0.00, real=0.14 secs] 
2020-09-29T12:26:29.410+0200: 155.697: [GC pause (G1 Evacuation Pause) (young), 0.1676525 secs]
   [Parallel Time: 166.1 ms, GC Workers: 8]
      [GC Worker Start (ms): Min: 155696.7, Avg: 155696.8, Max: 155696.9, Diff: 0.2]
      [Ext Root Scanning (ms): Min: 0.0, Avg: 0.1, Max: 0.2, Diff: 0.2, Sum: 0.9]
      [Update RS (ms): Min: 24.2, Avg: 24.4, Max: 24.9, Diff: 0.7, Sum: 195.2]
         [Processed Buffers: Min: 15, Avg: 17.8, Max: 21, Diff: 6, Sum: 142]
      [Scan RS (ms): Min: 8.3, Avg: 8.9, Max: 10.2, Diff: 1.9, Sum: 71.3]
      [Code Root Scanning (ms): Min: 0.0, Avg: 0.0, Max: 0.0, Diff: 0.0, Sum: 0.0]
      [Object Copy (ms): Min: 131.1, Avg: 132.4, Max: 132.6, Diff: 1.5, Sum: 1058.9]
      [Termination (ms): Min: 0.0, Avg: 0.1, Max: 0.1, Diff: 0.1, Sum: 0.7]
         [Termination Attempts: Min: 1, Avg: 391.8, Max: 533, Diff: 532, Sum: 3134]
      [GC Worker Other (ms): Min: 0.0, Avg: 0.1, Max: 0.1, Diff: 0.1, Sum: 0.4]
      [GC Worker Total (ms): Min: 165.8, Avg: 165.9, Max: 166.0, Diff: 0.2, Sum: 1327.5]
      [GC Worker End (ms): Min: 155862.7, Avg: 155862.7, Max: 155862.8, Diff: 0.1]
   [Code Root Fixup: 0.0 ms]
   [Code Root Purge: 0.0 ms]
   [Clear CT: 0.3 ms]
   [Other: 1.2 ms]
      [Choose CSet: 0.0 ms]
      [Ref Proc: 0.3 ms]
      [Ref Enq: 0.0 ms]
      [Redirty Cards: 0.4 ms]
      [Humongous Register: 0.1 ms]
      [Humongous Reclaim: 0.0 ms]
      [Free CSet: 0.2 ms]
   [Eden: 157.0M(157.0M)->0.0B(161.0M) Survivors: 21.0M->23.0M Heap: 1017.1M(2048.0M)->1019.1M(2048.0M)]
 [Times: user=1.36 sys=0.00, real=0.17 secs] 
2020-09-29T12:26:29.593+0200: 155.880: [GC pause (G1 Humongous Allocation) (young) (initial-mark), 0.0516900 secs]
   [Parallel Time: 50.1 ms, GC Workers: 8]
      [GC Worker Start (ms): Min: 155880.4, Avg: 155880.5, Max: 155880.7, Diff: 0.2]
      [Ext Root Scanning (ms): Min: 0.1, Avg: 0.3, Max: 0.7, Diff: 0.6, Sum: 2.7]
      [Update RS (ms): Min: 25.0, Avg: 25.5, Max: 26.1, Diff: 1.1, Sum: 203.8]
         [Processed Buffers: Min: 17, Avg: 18.6, Max: 21, Diff: 4, Sum: 149]
      [Scan RS (ms): Min: 1.7, Avg: 2.3, Max: 2.8, Diff: 1.1, Sum: 18.5]
      [Code Root Scanning (ms): Min: 0.0, Avg: 0.0, Max: 0.0, Diff: 0.0, Sum: 0.0]
      [Object Copy (ms): Min: 21.6, Avg: 21.7, Max: 21.8, Diff: 0.2, Sum: 173.6]
      [Termination (ms): Min: 0.0, Avg: 0.0, Max: 0.0, Diff: 0.0, Sum: 0.2]
         [Termination Attempts: Min: 1, Avg: 58.6, Max: 83, Diff: 82, Sum: 469]
      [GC Worker Other (ms): Min: 0.0, Avg: 0.0, Max: 0.0, Diff: 0.0, Sum: 0.1]
      [GC Worker Total (ms): Min: 49.7, Avg: 49.9, Max: 49.9, Diff: 0.2, Sum: 398.9]
      [GC Worker End (ms): Min: 155930.4, Avg: 155930.4, Max: 155930.4, Diff: 0.0]
   [Code Root Fixup: 0.0 ms]
   [Code Root Purge: 0.0 ms]
   [Clear CT: 0.3 ms]
   [Other: 1.3 ms]
      [Choose CSet: 0.0 ms]
      [Ref Proc: 0.3 ms]
      [Ref Enq: 0.0 ms]
      [Redirty Cards: 0.4 ms]
      [Humongous Register: 0.1 ms]
      [Humongous Reclaim: 0.0 ms]
      [Free CSet: 0.1 ms]
   [Eden: 8192.0K(161.0M)->0.0B(190.0M) Survivors: 23.0M->10.0M Heap: 1026.6M(2048.0M)->1030.6M(2048.0M)]
 [Times: user=0.38 sys=0.00, real=0.05 secs] 
2020-09-29T12:26:29.645+0200: 155.932: [GC concurrent-root-region-scan-start]
2020-09-29T12:26:29.650+0200: 155.937: [GC concurrent-root-region-scan-end, 0.0045915 secs]
2020-09-29T12:26:29.650+0200: 155.937: [GC concurrent-mark-start]
2020-09-29T12:26:29.655+0200: 155.942: [GC concurrent-mark-end, 0.0055586 secs]
2020-09-29T12:26:29.656+0200: 155.943: [GC remark 2020-09-29T12:26:29.656+0200: 155.943: [Finalize Marking, 0.0002743 secs] 2020-09-29T12:26:29.656+0200: 155.943: [GC ref-proc, 0.0005861 secs] 2020-09-29T12:26:29.657+0200: 155.944: [Unloading, 0.0005191 secs], 0.0019173 secs]
 [Times: user=0.00 sys=0.00, real=0.00 secs] 
2020-09-29T12:26:29.658+0200: 155.945: [GC cleanup 1043M->37M(2048M), 0.0022530 secs]
 [Times: user=0.03 sys=0.00, real=0.00 secs] 
2020-09-29T12:26:29.661+0200: 155.947: [GC concurrent-cleanup-start]
2020-09-29T12:26:29.664+0200: 155.951: [GC concurrent-cleanup-end, 0.0032284 secs]
2020-09-29T12:26:29.832+0200: 156.119: [GC pause (G1 Evacuation Pause) (young), 0.1504431 secs]
   [Parallel Time: 149.0 ms, GC Workers: 8]
      [GC Worker Start (ms): Min: 156119.2, Avg: 156120.1, Max: 156121.0, Diff: 1.7]
      [Ext Root Scanning (ms): Min: 0.0, Avg: 0.1, Max: 0.2, Diff: 0.2, Sum: 0.7]
      [Update RS (ms): Min: 12.0, Avg: 13.1, Max: 14.0, Diff: 2.0, Sum: 104.8]
         [Processed Buffers: Min: 9, Avg: 10.3, Max: 12, Diff: 3, Sum: 82]
      [Scan RS (ms): Min: 13.8, Avg: 14.0, Max: 14.3, Diff: 0.5, Sum: 111.9]
      [Code Root Scanning (ms): Min: 0.0, Avg: 0.0, Max: 0.0, Diff: 0.0, Sum: 0.0]
      [Object Copy (ms): Min: 120.7, Avg: 120.7, Max: 120.8, Diff: 0.1, Sum: 965.9]
      [Termination (ms): Min: 0.0, Avg: 0.0, Max: 0.1, Diff: 0.1, Sum: 0.3]
         [Termination Attempts: Min: 1, Avg: 135.6, Max: 203, Diff: 202, Sum: 1085]
      [GC Worker Other (ms): Min: 0.0, Avg: 0.0, Max: 0.1, Diff: 0.1, Sum: 0.4]
      [GC Worker Total (ms): Min: 147.1, Avg: 148.0, Max: 148.9, Diff: 1.8, Sum: 1184.0]
      [GC Worker End (ms): Min: 156268.1, Avg: 156268.1, Max: 156268.1, Diff: 0.1]
   [Code Root Fixup: 0.0 ms]
   [Code Root Purge: 0.0 ms]
   [Clear CT: 0.2 ms]
   [Other: 1.2 ms]
      [Choose CSet: 0.0 ms]
      [Ref Proc: 0.3 ms]
      [Ref Enq: 0.0 ms]
      [Redirty Cards: 0.3 ms]
      [Humongous Register: 0.1 ms]
      [Humongous Reclaim: 0.0 ms]
      [Free CSet: 0.3 ms]
   [Eden: 190.0M(190.0M)->0.0B(185.0M) Survivors: 10.0M->25.0M Heap: 246.9M(2048.0M)->239.9M(2048.0M)]
 [Times: user=1.13 sys=0.00, real=0.15 secs] 
2020-09-29T12:26:30.154+0200: 156.441: [GC pause (G1 Evacuation Pause) (young), 0.1747226 secs]
   [Parallel Time: 173.3 ms, GC Workers: 8]
      [GC Worker Start (ms): Min: 156441.4, Avg: 156441.5, Max: 156441.6, Diff: 0.3]
      [Ext Root Scanning (ms): Min: 0.0, Avg: 0.1, Max: 0.2, Diff: 0.2, Sum: 0.9]
      [Update RS (ms): Min: 20.7, Avg: 21.0, Max: 21.5, Diff: 0.8, Sum: 168.3]
         [Processed Buffers: Min: 12, Avg: 14.4, Max: 16, Diff: 4, Sum: 115]
      [Scan RS (ms): Min: 13.1, Avg: 13.7, Max: 15.0, Diff: 1.9, Sum: 109.6]
      [Code Root Scanning (ms): Min: 0.0, Avg: 0.0, Max: 0.0, Diff: 0.0, Sum: 0.0]
      [Object Copy (ms): Min: 136.8, Avg: 137.9, Max: 138.1, Diff: 1.4, Sum: 1103.3]
      [Termination (ms): Min: 0.0, Avg: 0.2, Max: 0.2, Diff: 0.2, Sum: 1.2]
         [Termination Attempts: Min: 1, Avg: 678.3, Max: 853, Diff: 852, Sum: 5426]
      [GC Worker Other (ms): Min: 0.0, Avg: 0.1, Max: 0.1, Diff: 0.1, Sum: 0.4]
      [GC Worker Total (ms): Min: 172.8, Avg: 173.0, Max: 173.1, Diff: 0.3, Sum: 1383.8]
      [GC Worker End (ms): Min: 156614.4, Avg: 156614.4, Max: 156614.5, Diff: 0.1]
   [Code Root Fixup: 0.0 ms]
   [Code Root Purge: 0.0 ms]
   [Clear CT: 0.2 ms]
   [Other: 1.2 ms]
      [Choose CSet: 0.0 ms]
      [Ref Proc: 0.3 ms]
      [Ref Enq: 0.0 ms]
      [Redirty Cards: 0.3 ms]
      [Humongous Register: 0.0 ms]
      [Humongous Reclaim: 0.0 ms]
      [Free CSet: 0.3 ms]
   [Eden: 185.0M(185.0M)->0.0B(184.0M) Survivors: 25.0M->27.0M Heap: 455.4M(2048.0M)->458.4M(2048.0M)]
 [Times: user=1.33 sys=0.03, real=0.17 secs] 
2020-09-29T12:26:30.506+0200: 156.793: [GC pause (G1 Evacuation Pause) (young), 0.1830062 secs]
   [Parallel Time: 181.5 ms, GC Workers: 8]
      [GC Worker Start (ms): Min: 156793.1, Avg: 156795.9, Max: 156812.7, Diff: 19.6]
      [Ext Root Scanning (ms): Min: 0.0, Avg: 0.1, Max: 0.2, Diff: 0.2, Sum: 0.9]
      [Update RS (ms): Min: 0.0, Avg: 16.5, Max: 19.5, Diff: 19.5, Sum: 132.4]
         [Processed Buffers: Min: 0, Avg: 11.5, Max: 16, Diff: 16, Sum: 92]
      [Scan RS (ms): Min: 15.6, Avg: 15.9, Max: 16.2, Diff: 0.5, Sum: 127.3]
      [Code Root Scanning (ms): Min: 0.0, Avg: 0.0, Max: 0.0, Diff: 0.0, Sum: 0.0]
      [Object Copy (ms): Min: 145.7, Avg: 145.8, Max: 145.9, Diff: 0.2, Sum: 1166.2]
      [Termination (ms): Min: 0.0, Avg: 0.1, Max: 0.1, Diff: 0.1, Sum: 0.6]
         [Termination Attempts: Min: 1, Avg: 319.1, Max: 413, Diff: 412, Sum: 2553]
      [GC Worker Other (ms): Min: 0.0, Avg: 0.1, Max: 0.1, Diff: 0.1, Sum: 0.5]
      [GC Worker Total (ms): Min: 161.7, Avg: 178.5, Max: 181.3, Diff: 19.6, Sum: 1428.0]
      [GC Worker End (ms): Min: 156974.3, Avg: 156974.4, Max: 156974.4, Diff: 0.1]
   [Code Root Fixup: 0.0 ms]
   [Code Root Purge: 0.0 ms]
   [Clear CT: 0.3 ms]
   [Other: 1.2 ms]
      [Choose CSet: 0.0 ms]
      [Ref Proc: 0.3 ms]
      [Ref Enq: 0.0 ms]
      [Redirty Cards: 0.3 ms]
      [Humongous Register: 0.1 ms]
      [Humongous Reclaim: 0.0 ms]
      [Free CSet: 0.2 ms]
   [Eden: 184.0M(184.0M)->0.0B(179.0M) Survivors: 27.0M->27.0M Heap: 673.0M(2048.0M)->674.5M(2048.0M)]
 [Times: user=1.36 sys=0.00, real=0.18 secs] 
2020-09-29T12:26:30.873+0200: 157.160: [GC pause (G1 Evacuation Pause) (young), 0.1648150 secs]
   [Parallel Time: 163.3 ms, GC Workers: 8]
      [GC Worker Start (ms): Min: 157160.0, Avg: 157160.9, Max: 157166.5, Diff: 6.5]
      [Ext Root Scanning (ms): Min: 0.0, Avg: 0.1, Max: 0.2, Diff: 0.2, Sum: 0.7]
      [Update RS (ms): Min: 11.3, Avg: 16.3, Max: 17.3, Diff: 6.1, Sum: 130.3]
         [Processed Buffers: Min: 8, Avg: 12.6, Max: 15, Diff: 7, Sum: 101]
      [Scan RS (ms): Min: 14.0, Avg: 14.4, Max: 14.7, Diff: 0.7, Sum: 115.0]
      [Code Root Scanning (ms): Min: 0.0, Avg: 0.0, Max: 0.0, Diff: 0.0, Sum: 0.0]
      [Object Copy (ms): Min: 131.2, Avg: 131.4, Max: 131.5, Diff: 0.3, Sum: 1051.0]
      [Termination (ms): Min: 0.0, Avg: 0.0, Max: 0.0, Diff: 0.0, Sum: 0.2]
         [Termination Attempts: Min: 1, Avg: 75.0, Max: 115, Diff: 114, Sum: 600]
      [GC Worker Other (ms): Min: 0.0, Avg: 0.0, Max: 0.1, Diff: 0.1, Sum: 0.4]
      [GC Worker Total (ms): Min: 156.6, Avg: 162.2, Max: 163.1, Diff: 6.5, Sum: 1297.6]
      [GC Worker End (ms): Min: 157323.1, Avg: 157323.1, Max: 157323.2, Diff: 0.1]
   [Code Root Fixup: 0.0 ms]
   [Code Root Purge: 0.0 ms]
   [Clear CT: 0.3 ms]
   [Other: 1.3 ms]
      [Choose CSet: 0.0 ms]
      [Ref Proc: 0.3 ms]
      [Ref Enq: 0.0 ms]
      [Redirty Cards: 0.4 ms]
      [Humongous Register: 0.1 ms]
      [Humongous Reclaim: 0.0 ms]
      [Free CSet: 0.3 ms]
   [Eden: 179.0M(179.0M)->0.0B(186.0M) Survivors: 27.0M->26.0M Heap: 884.0M(2048.0M)->885.5M(2048.0M)]
 [Times: user=1.36 sys=0.00, real=0.17 secs] 
2020-09-29T12:26:31.212+0200: 157.499: [GC pause (G1 Evacuation Pause) (young), 0.2135908 secs]
   [Parallel Time: 212.2 ms, GC Workers: 8]
      [GC Worker Start (ms): Min: 157499.0, Avg: 157500.6, Max: 157503.3, Diff: 4.3]
      [Ext Root Scanning (ms): Min: 0.0, Avg: 0.1, Max: 0.2, Diff: 0.2, Sum: 0.8]
      [Update RS (ms): Min: 14.3, Avg: 18.8, Max: 32.3, Diff: 18.0, Sum: 150.7]
         [Processed Buffers: Min: 10, Avg: 12.0, Max: 17, Diff: 7, Sum: 96]
      [Scan RS (ms): Min: 6.2, Avg: 18.6, Max: 21.9, Diff: 15.7, Sum: 148.9]
      [Code Root Scanning (ms): Min: 0.0, Avg: 0.0, Max: 0.0, Diff: 0.0, Sum: 0.0]
      [Object Copy (ms): Min: 169.9, Avg: 172.7, Max: 173.1, Diff: 3.2, Sum: 1381.7]
      [Termination (ms): Min: 0.0, Avg: 0.1, Max: 0.1, Diff: 0.1, Sum: 0.4]
         [Termination Attempts: Min: 1, Avg: 217.5, Max: 294, Diff: 293, Sum: 1740]
      [GC Worker Other (ms): Min: 0.0, Avg: 0.0, Max: 0.1, Diff: 0.1, Sum: 0.3]
      [GC Worker Total (ms): Min: 207.7, Avg: 210.4, Max: 212.0, Diff: 4.3, Sum: 1682.9]
      [GC Worker End (ms): Min: 157711.0, Avg: 157711.0, Max: 157711.0, Diff: 0.1]
   [Code Root Fixup: 0.0 ms]
   [Code Root Purge: 0.0 ms]
   [Clear CT: 0.3 ms]
   [Other: 1.2 ms]
      [Choose CSet: 0.0 ms]
      [Ref Proc: 0.3 ms]
      [Ref Enq: 0.0 ms]
      [Redirty Cards: 0.3 ms]
      [Humongous Register: 0.1 ms]
      [Humongous Reclaim: 0.0 ms]
      [Free CSet: 0.3 ms]
   [Eden: 186.0M(186.0M)->0.0B(164.0M) Survivors: 26.0M->27.0M Heap: 1102.0M(2048.0M)->1103.5M(2048.0M)]
 [Times: user=1.56 sys=0.00, real=0.21 secs] 
2020-09-29T12:26:31.434+0200: 157.720: [GC pause (G1 Humongous Allocation) (young) (initial-mark), 0.0740886 secs]
   [Parallel Time: 72.7 ms, GC Workers: 8]
      [GC Worker Start (ms): Min: 157720.3, Avg: 157720.4, Max: 157720.6, Diff: 0.2]
      [Ext Root Scanning (ms): Min: 0.0, Avg: 0.2, Max: 0.3, Diff: 0.3, Sum: 1.7]
      [Update RS (ms): Min: 39.0, Avg: 39.2, Max: 39.6, Diff: 0.6, Sum: 313.7]
         [Processed Buffers: Min: 27, Avg: 29.5, Max: 31, Diff: 4, Sum: 236]
      [Scan RS (ms): Min: 2.3, Avg: 2.6, Max: 2.8, Diff: 0.6, Sum: 21.2]
      [Code Root Scanning (ms): Min: 0.0, Avg: 0.0, Max: 0.0, Diff: 0.0, Sum: 0.0]
      [Object Copy (ms): Min: 30.0, Avg: 30.3, Max: 30.4, Diff: 0.4, Sum: 242.0]
      [Termination (ms): Min: 0.0, Avg: 0.2, Max: 0.4, Diff: 0.4, Sum: 1.4]
         [Termination Attempts: Min: 1, Avg: 649.1, Max: 913, Diff: 912, Sum: 5193]
      [GC Worker Other (ms): Min: 0.0, Avg: 0.0, Max: 0.0, Diff: 0.0, Sum: 0.1]
      [GC Worker Total (ms): Min: 72.4, Avg: 72.5, Max: 72.6, Diff: 0.2, Sum: 580.2]
      [GC Worker End (ms): Min: 157792.9, Avg: 157792.9, Max: 157792.9, Diff: 0.0]
   [Code Root Fixup: 0.0 ms]
   [Code Root Purge: 0.0 ms]
   [Clear CT: 0.2 ms]
   [Other: 1.2 ms]
      [Choose CSet: 0.0 ms]
      [Ref Proc: 0.4 ms]
      [Ref Enq: 0.0 ms]
      [Redirty Cards: 0.3 ms]
      [Humongous Register: 0.1 ms]
      [Humongous Reclaim: 0.0 ms]
      [Free CSet: 0.1 ms]
   [Eden: 4096.0K(164.0M)->0.0B(165.0M) Survivors: 27.0M->5120.0K Heap: 1107.0M(2048.0M)->1110.0M(2048.0M)]
 [Times: user=0.63 sys=0.00, real=0.07 secs] 
2020-09-29T12:26:31.508+0200: 157.794: [GC concurrent-root-region-scan-start]
2020-09-29T12:26:31.510+0200: 157.796: [GC concurrent-root-region-scan-end, 0.0018800 secs]
2020-09-29T12:26:31.510+0200: 157.796: [GC concurrent-mark-start]
2020-09-29T12:26:31.515+0200: 157.801: [GC concurrent-mark-end, 0.0047205 secs]
2020-09-29T12:26:31.515+0200: 157.801: [GC remark 2020-09-29T12:26:31.515+0200: 157.801: [Finalize Marking, 0.0003269 secs] 2020-09-29T12:26:31.515+0200: 157.802: [GC ref-proc, 0.0006155 secs] 2020-09-29T12:26:31.516+0200: 157.802: [Unloading, 0.0007079 secs], 0.0021330 secs]
 [Times: user=0.00 sys=0.00, real=0.00 secs] 
2020-09-29T12:26:31.518+0200: 157.804: [GC cleanup 1119M->29M(2048M), 0.0018502 secs]
 [Times: user=0.03 sys=0.00, real=0.00 secs] 
2020-09-29T12:26:31.520+0200: 157.806: [GC concurrent-cleanup-start]
2020-09-29T12:26:31.523+0200: 157.809: [GC concurrent-cleanup-end, 0.0030575 secs]
2020-09-29T12:26:31.661+0200: 157.947: [GC pause (G1 Evacuation Pause) (young), 0.1327844 secs]
   [Parallel Time: 131.3 ms, GC Workers: 8]
      [GC Worker Start (ms): Min: 157947.4, Avg: 157947.6, Max: 157947.7, Diff: 0.2]
      [Ext Root Scanning (ms): Min: 0.0, Avg: 0.1, Max: 0.2, Diff: 0.2, Sum: 0.7]
      [Update RS (ms): Min: 15.3, Avg: 15.5, Max: 15.9, Diff: 0.5, Sum: 124.3]
         [Processed Buffers: Min: 11, Avg: 12.3, Max: 14, Diff: 3, Sum: 98]
      [Scan RS (ms): Min: 10.1, Avg: 10.3, Max: 10.6, Diff: 0.5, Sum: 82.6]
      [Code Root Scanning (ms): Min: 0.0, Avg: 0.0, Max: 0.0, Diff: 0.0, Sum: 0.0]
      [Object Copy (ms): Min: 104.8, Avg: 104.9, Max: 104.9, Diff: 0.1, Sum: 838.9]
      [Termination (ms): Min: 0.0, Avg: 0.0, Max: 0.0, Diff: 0.0, Sum: 0.1]
         [Termination Attempts: Min: 1, Avg: 50.9, Max: 65, Diff: 64, Sum: 407]
      [GC Worker Other (ms): Min: 0.0, Avg: 0.0, Max: 0.1, Diff: 0.0, Sum: 0.2]
      [GC Worker Total (ms): Min: 130.8, Avg: 130.9, Max: 131.0, Diff: 0.3, Sum: 1047.0]
      [GC Worker End (ms): Min: 158078.4, Avg: 158078.4, Max: 158078.5, Diff: 0.0]
   [Code Root Fixup: 0.0 ms]
   [Code Root Purge: 0.0 ms]
   [Clear CT: 0.3 ms]
   [Other: 1.2 ms]
      [Choose CSet: 0.0 ms]
      [Ref Proc: 0.3 ms]
      [Ref Enq: 0.0 ms]
      [Redirty Cards: 0.4 ms]
      [Humongous Register: 0.0 ms]
      [Humongous Reclaim: 0.0 ms]
      [Free CSet: 0.2 ms]
   [Eden: 165.0M(165.0M)->0.0B(167.0M) Survivors: 5120.0K->22.0M Heap: 213.6M(2048.0M)->210.6M(2048.0M)]
 [Times: user=0.97 sys=0.00, real=0.13 secs] 
2020-09-29T12:26:32.010+0200: 158.297: [GC pause (G1 Evacuation Pause) (young), 0.2748484 secs]
   [Parallel Time: 272.9 ms, GC Workers: 8]
      [GC Worker Start (ms): Min: 158296.7, Avg: 158300.8, Max: 158328.4, Diff: 31.7]
      [Ext Root Scanning (ms): Min: 0.0, Avg: 0.1, Max: 0.3, Diff: 0.3, Sum: 1.1]
      [Update RS (ms): Min: 0.0, Avg: 26.6, Max: 31.6, Diff: 31.6, Sum: 213.0]
         [Processed Buffers: Min: 0, Avg: 15.1, Max: 21, Diff: 21, Sum: 121]
      [Scan RS (ms): Min: 18.7, Avg: 21.4, Max: 33.3, Diff: 14.6, Sum: 171.5]
      [Code Root Scanning (ms): Min: 0.0, Avg: 0.0, Max: 0.0, Diff: 0.0, Sum: 0.0]
      [Object Copy (ms): Min: 208.6, Avg: 220.1, Max: 222.1, Diff: 13.5, Sum: 1760.9]
      [Termination (ms): Min: 0.0, Avg: 0.2, Max: 0.2, Diff: 0.2, Sum: 1.4]
         [Termination Attempts: Min: 1, Avg: 491.3, Max: 626, Diff: 625, Sum: 3930]
      [GC Worker Other (ms): Min: 0.0, Avg: 0.1, Max: 0.1, Diff: 0.1, Sum: 0.4]
      [GC Worker Total (ms): Min: 240.9, Avg: 268.5, Max: 272.6, Diff: 31.7, Sum: 2148.3]
      [GC Worker End (ms): Min: 158569.3, Avg: 158569.3, Max: 158569.4, Diff: 0.1]
   [Code Root Fixup: 0.0 ms]
   [Code Root Purge: 0.0 ms]
   [Clear CT: 0.3 ms]
   [Other: 1.6 ms]
      [Choose CSet: 0.0 ms]
      [Ref Proc: 0.4 ms]
      [Ref Enq: 0.0 ms]
      [Redirty Cards: 0.4 ms]
      [Humongous Register: 0.1 ms]
      [Humongous Reclaim: 0.0 ms]
      [Free CSet: 0.3 ms]
   [Eden: 167.0M(167.0M)->0.0B(116.0M) Survivors: 22.0M->24.0M Heap: 406.2M(2048.0M)->408.7M(2048.0M)]
 [Times: user=2.02 sys=0.00, real=0.28 secs] 
2020-09-29T12:26:32.441+0200: 158.728: [GC pause (G1 Evacuation Pause) (young), 0.2165295 secs]
   [Parallel Time: 214.3 ms, GC Workers: 8]
      [GC Worker Start (ms): Min: 158728.3, Avg: 158732.4, Max: 158760.4, Diff: 32.2]
      [Ext Root Scanning (ms): Min: 0.0, Avg: 0.1, Max: 0.3, Diff: 0.3, Sum: 1.1]
      [Update RS (ms): Min: 0.0, Avg: 25.3, Max: 29.2, Diff: 29.2, Sum: 202.6]
         [Processed Buffers: Min: 0, Avg: 14.0, Max: 20, Diff: 20, Sum: 112]
      [Scan RS (ms): Min: 8.7, Avg: 11.3, Max: 12.0, Diff: 3.2, Sum: 90.6]
      [Code Root Scanning (ms): Min: 0.0, Avg: 0.0, Max: 0.0, Diff: 0.0, Sum: 0.0]
      [Object Copy (ms): Min: 172.7, Avg: 172.8, Max: 173.1, Diff: 0.4, Sum: 1382.5]
      [Termination (ms): Min: 0.0, Avg: 0.3, Max: 0.4, Diff: 0.4, Sum: 2.3]
         [Termination Attempts: Min: 1, Avg: 788.1, Max: 950, Diff: 949, Sum: 6305]
      [GC Worker Other (ms): Min: 0.0, Avg: 0.1, Max: 0.1, Diff: 0.1, Sum: 0.6]
      [GC Worker Total (ms): Min: 181.9, Avg: 210.0, Max: 214.1, Diff: 32.2, Sum: 1679.8]
      [GC Worker End (ms): Min: 158942.3, Avg: 158942.4, Max: 158942.5, Diff: 0.1]
   [Code Root Fixup: 0.0 ms]
   [Code Root Purge: 0.0 ms]
   [Clear CT: 0.4 ms]
   [Other: 1.8 ms]
      [Choose CSet: 0.0 ms]
      [Ref Proc: 0.4 ms]
      [Ref Enq: 0.0 ms]
      [Redirty Cards: 0.7 ms]
      [Humongous Register: 0.1 ms]
      [Humongous Reclaim: 0.0 ms]
      [Free CSet: 0.3 ms]
   [Eden: 116.0M(116.0M)->0.0B(105.0M) Survivors: 24.0M->18.0M Heap: 543.8M(2048.0M)->545.8M(2048.0M)]
 [Times: user=1.64 sys=0.00, real=0.22 secs] 
2020-09-29T12:26:32.801+0200: 159.088: [GC pause (G1 Evacuation Pause) (young), 0.1577963 secs]
   [Parallel Time: 155.9 ms, GC Workers: 8]
      [GC Worker Start (ms): Min: 159088.5, Avg: 159088.6, Max: 159088.8, Diff: 0.3]
      [Ext Root Scanning (ms): Min: 0.0, Avg: 0.1, Max: 0.3, Diff: 0.3, Sum: 1.1]
      [Update RS (ms): Min: 22.0, Avg: 22.5, Max: 23.9, Diff: 1.8, Sum: 179.7]
         [Processed Buffers: Min: 4, Avg: 11.5, Max: 14, Diff: 10, Sum: 92]
      [Scan RS (ms): Min: 8.5, Avg: 9.8, Max: 10.3, Diff: 1.8, Sum: 78.6]
      [Code Root Scanning (ms): Min: 0.0, Avg: 0.0, Max: 0.0, Diff: 0.0, Sum: 0.0]
      [Object Copy (ms): Min: 122.7, Avg: 122.8, Max: 122.9, Diff: 0.2, Sum: 982.7]
      [Termination (ms): Min: 0.0, Avg: 0.1, Max: 0.1, Diff: 0.1, Sum: 0.8]
         [Termination Attempts: Min: 1, Avg: 247.5, Max: 321, Diff: 320, Sum: 1980]
      [GC Worker Other (ms): Min: 0.0, Avg: 0.1, Max: 0.1, Diff: 0.1, Sum: 0.4]
      [GC Worker Total (ms): Min: 155.2, Avg: 155.4, Max: 155.6, Diff: 0.3, Sum: 1243.4]
      [GC Worker End (ms): Min: 159244.0, Avg: 159244.0, Max: 159244.1, Diff: 0.1]
   [Code Root Fixup: 0.0 ms]
   [Code Root Purge: 0.0 ms]
   [Clear CT: 0.4 ms]
   [Other: 1.5 ms]
      [Choose CSet: 0.0 ms]
      [Ref Proc: 0.4 ms]
      [Ref Enq: 0.0 ms]
      [Redirty Cards: 0.5 ms]
      [Humongous Register: 0.1 ms]
      [Humongous Reclaim: 0.0 ms]
      [Free CSet: 0.3 ms]
   [Eden: 105.0M(105.0M)->0.0B(112.0M) Survivors: 18.0M->16.0M Heap: 668.0M(2048.0M)->670.5M(2048.0M)]
 [Times: user=1.25 sys=0.00, real=0.16 secs] 
2020-09-29T12:26:33.104+0200: 159.391: [GC pause (G1 Evacuation Pause) (young), 0.1488959 secs]
   [Parallel Time: 147.1 ms, GC Workers: 8]
      [GC Worker Start (ms): Min: 159390.7, Avg: 159390.9, Max: 159391.0, Diff: 0.3]
      [Ext Root Scanning (ms): Min: 0.0, Avg: 0.1, Max: 0.3, Diff: 0.3, Sum: 1.1]
      [Update RS (ms): Min: 20.2, Avg: 20.4, Max: 20.8, Diff: 0.6, Sum: 163.0]
         [Processed Buffers: Min: 9, Avg: 11.6, Max: 14, Diff: 5, Sum: 93]
      [Scan RS (ms): Min: 10.2, Avg: 10.7, Max: 11.0, Diff: 0.7, Sum: 85.6]
      [Code Root Scanning (ms): Min: 0.0, Avg: 0.0, Max: 0.0, Diff: 0.0, Sum: 0.0]
      [Object Copy (ms): Min: 115.3, Avg: 115.4, Max: 115.5, Diff: 0.2, Sum: 923.3]
      [Termination (ms): Min: 0.0, Avg: 0.0, Max: 0.0, Diff: 0.0, Sum: 0.2]
         [Termination Attempts: Min: 1, Avg: 49.1, Max: 70, Diff: 69, Sum: 393]
      [GC Worker Other (ms): Min: 0.0, Avg: 0.0, Max: 0.1, Diff: 0.0, Sum: 0.3]
      [GC Worker Total (ms): Min: 146.6, Avg: 146.7, Max: 146.9, Diff: 0.3, Sum: 1173.6]
      [GC Worker End (ms): Min: 159537.5, Avg: 159537.6, Max: 159537.6, Diff: 0.0]
   [Code Root Fixup: 0.0 ms]
   [Code Root Purge: 0.0 ms]
   [Clear CT: 0.6 ms]
   [Other: 1.2 ms]
      [Choose CSet: 0.0 ms]
      [Ref Proc: 0.3 ms]
      [Ref Enq: 0.0 ms]
      [Redirty Cards: 0.4 ms]
      [Humongous Register: 0.1 ms]
      [Humongous Reclaim: 0.0 ms]
      [Free CSet: 0.1 ms]
   [Eden: 112.0M(112.0M)->0.0B(121.0M) Survivors: 16.0M->16.0M Heap: 801.5M(2048.0M)->803.5M(2048.0M)]
 [Times: user=1.13 sys=0.00, real=0.15 secs] 
2020-09-29T12:26:33.404+0200: 159.691: [GC pause (G1 Evacuation Pause) (young), 0.1626600 secs]
   [Parallel Time: 160.5 ms, GC Workers: 8]
      [GC Worker Start (ms): Min: 159690.9, Avg: 159691.0, Max: 159691.2, Diff: 0.3]
      [Ext Root Scanning (ms): Min: 0.0, Avg: 0.1, Max: 0.3, Diff: 0.3, Sum: 1.0]
      [Update RS (ms): Min: 17.5, Avg: 17.8, Max: 18.2, Diff: 0.7, Sum: 142.5]
         [Processed Buffers: Min: 8, Avg: 9.6, Max: 11, Diff: 3, Sum: 77]
      [Scan RS (ms): Min: 12.3, Avg: 12.6, Max: 12.9, Diff: 0.6, Sum: 101.0]
      [Code Root Scanning (ms): Min: 0.0, Avg: 0.0, Max: 0.0, Diff: 0.0, Sum: 0.0]
      [Object Copy (ms): Min: 129.3, Avg: 129.5, Max: 129.6, Diff: 0.2, Sum: 1035.7]
      [Termination (ms): Min: 0.0, Avg: 0.0, Max: 0.0, Diff: 0.0, Sum: 0.1]
         [Termination Attempts: Min: 1, Avg: 44.9, Max: 58, Diff: 57, Sum: 359]
      [GC Worker Other (ms): Min: 0.0, Avg: 0.0, Max: 0.1, Diff: 0.0, Sum: 0.3]
      [GC Worker Total (ms): Min: 160.0, Avg: 160.1, Max: 160.3, Diff: 0.3, Sum: 1280.8]
      [GC Worker End (ms): Min: 159851.1, Avg: 159851.1, Max: 159851.2, Diff: 0.0]
   [Code Root Fixup: 0.0 ms]
   [Code Root Purge: 0.0 ms]
   [Clear CT: 0.5 ms]
   [Other: 1.6 ms]
      [Choose CSet: 0.0 ms]
      [Ref Proc: 0.6 ms]
      [Ref Enq: 0.0 ms]
      [Redirty Cards: 0.5 ms]
      [Humongous Register: 0.1 ms]
      [Humongous Reclaim: 0.0 ms]
      [Free CSet: 0.3 ms]
   [Eden: 121.0M(121.0M)->0.0B(124.0M) Survivors: 16.0M->18.0M Heap: 943.6M(2048.0M)->944.6M(2048.0M)]
 [Times: user=1.25 sys=0.00, real=0.16 secs] 
2020-09-29T12:26:33.582+0200: 159.869: [GC pause (G1 Humongous Allocation) (young) (initial-mark), 0.0614990 secs]
   [Parallel Time: 59.4 ms, GC Workers: 8]
      [GC Worker Start (ms): Min: 159869.6, Avg: 159869.7, Max: 159870.0, Diff: 0.3]
      [Ext Root Scanning (ms): Min: 0.0, Avg: 0.3, Max: 0.6, Diff: 0.6, Sum: 2.6]
      [Update RS (ms): Min: 27.4, Avg: 28.1, Max: 29.2, Diff: 1.9, Sum: 225.0]
         [Processed Buffers: Min: 14, Avg: 15.4, Max: 17, Diff: 3, Sum: 123]
      [Scan RS (ms): Min: 2.0, Avg: 3.1, Max: 4.0, Diff: 2.0, Sum: 24.8]
      [Code Root Scanning (ms): Min: 0.0, Avg: 0.0, Max: 0.0, Diff: 0.0, Sum: 0.0]
      [Object Copy (ms): Min: 27.3, Avg: 27.3, Max: 27.4, Diff: 0.1, Sum: 218.7]
      [Termination (ms): Min: 0.0, Avg: 0.1, Max: 0.1, Diff: 0.1, Sum: 0.6]
         [Termination Attempts: Min: 1, Avg: 207.9, Max: 274, Diff: 273, Sum: 1663]
      [GC Worker Other (ms): Min: 0.0, Avg: 0.0, Max: 0.1, Diff: 0.1, Sum: 0.4]
      [GC Worker Total (ms): Min: 58.8, Avg: 59.0, Max: 59.1, Diff: 0.3, Sum: 472.0]
      [GC Worker End (ms): Min: 159928.7, Avg: 159928.7, Max: 159928.8, Diff: 0.0]
   [Code Root Fixup: 0.0 ms]
   [Code Root Purge: 0.0 ms]
   [Clear CT: 0.5 ms]
   [Other: 1.6 ms]
      [Choose CSet: 0.0 ms]
      [Ref Proc: 0.4 ms]
      [Ref Enq: 0.0 ms]
      [Redirty Cards: 0.5 ms]
      [Humongous Register: 0.1 ms]
      [Humongous Reclaim: 0.0 ms]
      [Free CSet: 0.1 ms]
   [Eden: 4096.0K(124.0M)->0.0B(134.0M) Survivors: 18.0M->6144.0K Heap: 948.6M(2048.0M)->952.6M(2048.0M)]
 [Times: user=0.38 sys=0.00, real=0.06 secs] 
2020-09-29T12:26:33.644+0200: 159.931: [GC concurrent-root-region-scan-start]
2020-09-29T12:26:33.647+0200: 159.934: [GC concurrent-root-region-scan-end, 0.0030445 secs]
2020-09-29T12:26:33.647+0200: 159.934: [GC concurrent-mark-start]
2020-09-29T12:26:33.654+0200: 159.941: [GC concurrent-mark-end, 0.0070743 secs]
2020-09-29T12:26:33.655+0200: 159.942: [GC remark 2020-09-29T12:26:33.655+0200: 159.942: [Finalize Marking, 0.0005025 secs] 2020-09-29T12:26:33.655+0200: 159.942: [GC ref-proc, 0.0009805 secs] 2020-09-29T12:26:33.656+0200: 159.943: [Unloading, 0.0012178 secs], 0.0035151 secs]
 [Times: user=0.00 sys=0.00, real=0.00 secs] 
2020-09-29T12:26:33.659+0200: 159.946: [GC cleanup 963M->31M(2048M), 0.0025198 secs]
 [Times: user=0.11 sys=0.00, real=0.00 secs] 
2020-09-29T12:26:33.662+0200: 159.949: [GC concurrent-cleanup-start]
2020-09-29T12:26:33.664+0200: 159.951: [GC concurrent-cleanup-end, 0.0026669 secs]
2020-09-29T12:26:33.819+0200: 160.106: [GC pause (G1 Evacuation Pause) (young), 0.1560621 secs]
   [Parallel Time: 153.8 ms, GC Workers: 8]
      [GC Worker Start (ms): Min: 160105.7, Avg: 160105.9, Max: 160106.1, Diff: 0.3]
      [Ext Root Scanning (ms): Min: 0.0, Avg: 0.1, Max: 0.3, Diff: 0.3, Sum: 1.0]
      [Update RS (ms): Min: 17.5, Avg: 17.9, Max: 18.4, Diff: 0.9, Sum: 142.8]
         [Processed Buffers: Min: 9, Avg: 9.6, Max: 11, Diff: 2, Sum: 77]
      [Scan RS (ms): Min: 11.5, Avg: 12.1, Max: 12.5, Diff: 1.0, Sum: 96.5]
      [Code Root Scanning (ms): Min: 0.0, Avg: 0.0, Max: 0.0, Diff: 0.0, Sum: 0.0]
      [Object Copy (ms): Min: 123.1, Avg: 123.2, Max: 123.3, Diff: 0.1, Sum: 985.5]
      [Termination (ms): Min: 0.0, Avg: 0.1, Max: 0.1, Diff: 0.1, Sum: 0.6]
         [Termination Attempts: Min: 1, Avg: 199.9, Max: 254, Diff: 253, Sum: 1599]
      [GC Worker Other (ms): Min: 0.0, Avg: 0.0, Max: 0.1, Diff: 0.1, Sum: 0.4]
      [GC Worker Total (ms): Min: 153.2, Avg: 153.4, Max: 153.6, Diff: 0.4, Sum: 1226.9]
      [GC Worker End (ms): Min: 160259.3, Avg: 160259.3, Max: 160259.3, Diff: 0.1]
   [Code Root Fixup: 0.0 ms]
   [Code Root Purge: 0.0 ms]
   [Clear CT: 0.5 ms]
   [Other: 1.7 ms]
      [Choose CSet: 0.0 ms]
      [Ref Proc: 0.4 ms]
      [Ref Enq: 0.0 ms]
      [Redirty Cards: 0.6 ms]
      [Humongous Register: 0.1 ms]
      [Humongous Reclaim: 0.0 ms]
      [Free CSet: 0.3 ms]
   [Eden: 134.0M(134.0M)->0.0B(129.0M) Survivors: 6144.0K->18.0M Heap: 177.9M(2048.0M)->173.9M(2048.0M)]
 [Times: user=1.13 sys=0.00, real=0.16 secs] 
2020-09-29T12:26:34.146+0200: 160.433: [GC pause (G1 Evacuation Pause) (young), 0.1762090 secs]
   [Parallel Time: 174.1 ms, GC Workers: 8]
      [GC Worker Start (ms): Min: 160433.3, Avg: 160433.4, Max: 160433.6, Diff: 0.3]
      [Ext Root Scanning (ms): Min: 0.0, Avg: 0.2, Max: 0.3, Diff: 0.3, Sum: 1.2]
      [Update RS (ms): Min: 15.7, Avg: 16.5, Max: 17.6, Diff: 1.9, Sum: 132.0]
         [Processed Buffers: Min: 7, Avg: 8.3, Max: 9, Diff: 2, Sum: 66]
      [Scan RS (ms): Min: 13.7, Avg: 14.9, Max: 15.6, Diff: 1.9, Sum: 119.3]
      [Code Root Scanning (ms): Min: 0.0, Avg: 0.0, Max: 0.0, Diff: 0.0, Sum: 0.0]
      [Object Copy (ms): Min: 141.7, Avg: 141.8, Max: 141.9, Diff: 0.3, Sum: 1134.2]
      [Termination (ms): Min: 0.0, Avg: 0.2, Max: 0.3, Diff: 0.3, Sum: 1.6]
         [Termination Attempts: Min: 1, Avg: 561.5, Max: 694, Diff: 693, Sum: 4492]
      [GC Worker Other (ms): Min: 0.0, Avg: 0.1, Max: 0.1, Diff: 0.1, Sum: 0.4]
      [GC Worker Total (ms): Min: 173.5, Avg: 173.6, Max: 173.7, Diff: 0.2, Sum: 1388.7]
      [GC Worker End (ms): Min: 160607.0, Avg: 160607.0, Max: 160607.1, Diff: 0.1]
   [Code Root Fixup: 0.0 ms]
   [Code Root Purge: 0.0 ms]
   [Clear CT: 0.4 ms]
   [Other: 1.7 ms]
      [Choose CSet: 0.0 ms]
      [Ref Proc: 0.5 ms]
      [Ref Enq: 0.0 ms]
      [Redirty Cards: 0.5 ms]
      [Humongous Register: 0.1 ms]
      [Humongous Reclaim: 0.0 ms]
      [Free CSet: 0.3 ms]
   [Eden: 129.0M(129.0M)->0.0B(127.0M) Survivors: 18.0M->19.0M Heap: 323.9M(2048.0M)->325.4M(2048.0M)]
 [Times: user=1.36 sys=0.00, real=0.18 secs] 
2020-09-29T12:26:34.485+0200: 160.772: [GC pause (G1 Evacuation Pause) (young), 0.1769317 secs]
   [Parallel Time: 175.0 ms, GC Workers: 8]
      [GC Worker Start (ms): Min: 160771.8, Avg: 160772.0, Max: 160772.2, Diff: 0.3]
      [Ext Root Scanning (ms): Min: 0.0, Avg: 0.1, Max: 0.3, Diff: 0.3, Sum: 1.1]
      [Update RS (ms): Min: 20.1, Avg: 20.4, Max: 21.0, Diff: 0.9, Sum: 163.5]
         [Processed Buffers: Min: 8, Avg: 11.1, Max: 14, Diff: 6, Sum: 89]
      [Scan RS (ms): Min: 13.1, Avg: 13.7, Max: 14.2, Diff: 1.1, Sum: 110.0]
      [Code Root Scanning (ms): Min: 0.0, Avg: 0.0, Max: 0.0, Diff: 0.0, Sum: 0.0]
      [Object Copy (ms): Min: 139.9, Avg: 140.0, Max: 140.1, Diff: 0.3, Sum: 1120.3]
      [Termination (ms): Min: 0.1, Avg: 0.1, Max: 0.2, Diff: 0.1, Sum: 1.1]
         [Termination Attempts: Min: 1, Avg: 152.6, Max: 198, Diff: 197, Sum: 1221]
      [GC Worker Other (ms): Min: 0.0, Avg: 0.0, Max: 0.0, Diff: 0.0, Sum: 0.2]
      [GC Worker Total (ms): Min: 174.3, Avg: 174.5, Max: 174.7, Diff: 0.4, Sum: 1396.1]
      [GC Worker End (ms): Min: 160946.5, Avg: 160946.5, Max: 160946.6, Diff: 0.1]
   [Code Root Fixup: 0.0 ms]
   [Code Root Purge: 0.0 ms]
   [Clear CT: 0.4 ms]
   [Other: 1.6 ms]
      [Choose CSet: 0.0 ms]
      [Ref Proc: 0.4 ms]
      [Ref Enq: 0.0 ms]
      [Redirty Cards: 0.4 ms]
      [Humongous Register: 0.1 ms]
      [Humongous Reclaim: 0.0 ms]
      [Free CSet: 0.2 ms]
   [Eden: 127.0M(127.0M)->0.0B(127.0M) Survivors: 19.0M->19.0M Heap: 475.3M(2048.0M)->477.3M(2048.0M)]
 [Times: user=1.38 sys=0.02, real=0.18 secs] 
2020-09-29T12:26:34.845+0200: 161.131: [GC pause (G1 Evacuation Pause) (young), 0.1660966 secs]
   [Parallel Time: 163.7 ms, GC Workers: 8]
      [GC Worker Start (ms): Min: 161131.6, Avg: 161131.8, Max: 161131.9, Diff: 0.3]
      [Ext Root Scanning (ms): Min: 0.0, Avg: 0.1, Max: 0.3, Diff: 0.3, Sum: 1.1]
      [Update RS (ms): Min: 16.7, Avg: 16.9, Max: 17.2, Diff: 0.5, Sum: 135.5]
         [Processed Buffers: Min: 9, Avg: 10.0, Max: 12, Diff: 3, Sum: 80]
      [Scan RS (ms): Min: 14.0, Avg: 14.4, Max: 14.7, Diff: 0.6, Sum: 114.9]
      [Code Root Scanning (ms): Min: 0.0, Avg: 0.0, Max: 0.0, Diff: 0.0, Sum: 0.0]
      [Object Copy (ms): Min: 131.8, Avg: 131.9, Max: 132.0, Diff: 0.2, Sum: 1055.0]
      [Termination (ms): Min: 0.0, Avg: 0.0, Max: 0.0, Diff: 0.0, Sum: 0.0]
         [Termination Attempts: Min: 1, Avg: 11.5, Max: 18, Diff: 17, Sum: 92]
      [GC Worker Other (ms): Min: 0.0, Avg: 0.0, Max: 0.1, Diff: 0.1, Sum: 0.3]
      [GC Worker Total (ms): Min: 163.2, Avg: 163.4, Max: 163.5, Diff: 0.3, Sum: 1306.9]
      [GC Worker End (ms): Min: 161295.1, Avg: 161295.1, Max: 161295.2, Diff: 0.1]
   [Code Root Fixup: 0.0 ms]
   [Code Root Purge: 0.0 ms]
   [Clear CT: 0.6 ms]
   [Other: 1.8 ms]
      [Choose CSet: 0.0 ms]
      [Ref Proc: 0.5 ms]
      [Ref Enq: 0.0 ms]
      [Redirty Cards: 0.7 ms]
      [Humongous Register: 0.1 ms]
      [Humongous Reclaim: 0.0 ms]
      [Free CSet: 0.2 ms]
   [Eden: 127.0M(127.0M)->0.0B(131.0M) Survivors: 19.0M->19.0M Heap: 625.2M(2048.0M)->627.2M(2048.0M)]
 [Times: user=1.36 sys=0.00, real=0.17 secs] 
2020-09-29T12:26:35.187+0200: 161.474: [GC pause (G1 Evacuation Pause) (young), 0.1700298 secs]
   [Parallel Time: 167.9 ms, GC Workers: 8]
      [GC Worker Start (ms): Min: 161473.8, Avg: 161474.0, Max: 161474.2, Diff: 0.3]
      [Ext Root Scanning (ms): Min: 0.0, Avg: 0.2, Max: 0.3, Diff: 0.3, Sum: 1.2]
      [Update RS (ms): Min: 19.8, Avg: 20.0, Max: 21.0, Diff: 1.2, Sum: 160.3]
         [Processed Buffers: Min: 10, Avg: 10.8, Max: 12, Diff: 2, Sum: 86]
      [Scan RS (ms): Min: 12.9, Avg: 13.8, Max: 14.1, Diff: 1.2, Sum: 110.2]
      [Code Root Scanning (ms): Min: 0.0, Avg: 0.0, Max: 0.0, Diff: 0.0, Sum: 0.0]
      [Object Copy (ms): Min: 133.4, Avg: 133.5, Max: 133.6, Diff: 0.2, Sum: 1068.1]
      [Termination (ms): Min: 0.0, Avg: 0.0, Max: 0.0, Diff: 0.0, Sum: 0.3]
         [Termination Attempts: Min: 1, Avg: 91.1, Max: 119, Diff: 118, Sum: 729]
      [GC Worker Other (ms): Min: 0.0, Avg: 0.1, Max: 0.1, Diff: 0.1, Sum: 0.5]
      [GC Worker Total (ms): Min: 167.4, Avg: 167.6, Max: 167.7, Diff: 0.3, Sum: 1340.6]
      [GC Worker End (ms): Min: 161641.5, Avg: 161641.5, Max: 161641.6, Diff: 0.1]
   [Code Root Fixup: 0.0 ms]
   [Code Root Purge: 0.0 ms]
   [Clear CT: 0.4 ms]
   [Other: 1.7 ms]
      [Choose CSet: 0.0 ms]
      [Ref Proc: 0.5 ms]
      [Ref Enq: 0.0 ms]
      [Redirty Cards: 0.5 ms]
      [Humongous Register: 0.1 ms]
      [Humongous Reclaim: 0.0 ms]
      [Free CSet: 0.3 ms]
   [Eden: 131.0M(131.0M)->0.0B(135.0M) Survivors: 19.0M->19.0M Heap: 779.2M(2048.0M)->781.2M(2048.0M)]
 [Times: user=1.38 sys=0.00, real=0.17 secs] 
2020-09-29T12:26:35.538+0200: 161.825: [GC pause (G1 Evacuation Pause) (young), 0.1849269 secs]
   [Parallel Time: 183.0 ms, GC Workers: 8]
      [GC Worker Start (ms): Min: 161825.2, Avg: 161825.7, Max: 161828.4, Diff: 3.2]
      [Ext Root Scanning (ms): Min: 0.0, Avg: 0.2, Max: 0.3, Diff: 0.3, Sum: 1.2]
      [Update RS (ms): Min: 19.5, Avg: 21.9, Max: 22.5, Diff: 3.1, Sum: 174.8]
         [Processed Buffers: Min: 9, Avg: 11.9, Max: 15, Diff: 6, Sum: 95]
      [Scan RS (ms): Min: 13.7, Avg: 14.1, Max: 14.6, Diff: 0.8, Sum: 112.6]
      [Code Root Scanning (ms): Min: 0.0, Avg: 0.0, Max: 0.0, Diff: 0.0, Sum: 0.0]
      [Object Copy (ms): Min: 145.9, Avg: 146.1, Max: 146.2, Diff: 0.3, Sum: 1168.5]
      [Termination (ms): Min: 0.0, Avg: 0.1, Max: 0.1, Diff: 0.1, Sum: 0.5]
         [Termination Attempts: Min: 1, Avg: 168.0, Max: 225, Diff: 224, Sum: 1344]
      [GC Worker Other (ms): Min: 0.0, Avg: 0.1, Max: 0.1, Diff: 0.1, Sum: 0.6]
      [GC Worker Total (ms): Min: 179.6, Avg: 182.3, Max: 182.8, Diff: 3.2, Sum: 1458.3]
      [GC Worker End (ms): Min: 162007.9, Avg: 162008.0, Max: 162008.1, Diff: 0.1]
   [Code Root Fixup: 0.0 ms]
   [Code Root Purge: 0.0 ms]
   [Clear CT: 0.3 ms]
   [Other: 1.5 ms]
      [Choose CSet: 0.0 ms]
      [Ref Proc: 0.4 ms]
      [Ref Enq: 0.0 ms]
      [Redirty Cards: 0.5 ms]
      [Humongous Register: 0.1 ms]
      [Humongous Reclaim: 0.0 ms]
      [Free CSet: 0.2 ms]
   [Eden: 135.0M(135.0M)->0.0B(133.0M) Survivors: 19.0M->20.0M Heap: 939.1M(2048.0M)->941.1M(2048.0M)]
 [Times: user=1.36 sys=0.02, real=0.18 secs] 
2020-09-29T12:26:35.742+0200: 162.029: [GC pause (G1 Humongous Allocation) (young) (initial-mark), 0.0602590 secs]
   [Parallel Time: 58.3 ms, GC Workers: 8]
      [GC Worker Start (ms): Min: 162029.2, Avg: 162029.3, Max: 162029.3, Diff: 0.2]
      [Ext Root Scanning (ms): Min: 0.1, Avg: 0.2, Max: 0.3, Diff: 0.2, Sum: 1.4]
      [Update RS (ms): Min: 25.0, Avg: 25.7, Max: 26.6, Diff: 1.6, Sum: 205.7]
         [Processed Buffers: Min: 13, Avg: 14.1, Max: 15, Diff: 2, Sum: 113]
      [Scan RS (ms): Min: 1.9, Avg: 2.8, Max: 3.5, Diff: 1.7, Sum: 22.0]
      [Code Root Scanning (ms): Min: 0.0, Avg: 0.0, Max: 0.0, Diff: 0.0, Sum: 0.0]
      [Object Copy (ms): Min: 29.0, Avg: 29.1, Max: 29.2, Diff: 0.1, Sum: 232.9]
      [Termination (ms): Min: 0.0, Avg: 0.1, Max: 0.1, Diff: 0.1, Sum: 0.5]
         [Termination Attempts: Min: 1, Avg: 146.6, Max: 206, Diff: 205, Sum: 1173]
      [GC Worker Other (ms): Min: 0.0, Avg: 0.0, Max: 0.0, Diff: 0.0, Sum: 0.2]
      [GC Worker Total (ms): Min: 57.8, Avg: 57.8, Max: 57.9, Diff: 0.2, Sum: 462.7]
      [GC Worker End (ms): Min: 162087.1, Avg: 162087.1, Max: 162087.1, Diff: 0.0]
   [Code Root Fixup: 0.0 ms]
   [Code Root Purge: 0.0 ms]
   [Clear CT: 0.4 ms]
   [Other: 1.6 ms]
      [Choose CSet: 0.0 ms]
      [Ref Proc: 0.6 ms]
      [Ref Enq: 0.0 ms]
      [Redirty Cards: 0.4 ms]
      [Humongous Register: 0.1 ms]
      [Humongous Reclaim: 0.0 ms]
      [Free CSet: 0.1 ms]
   [Eden: 7168.0K(133.0M)->0.0B(146.0M) Survivors: 20.0M->9216.0K Heap: 948.1M(2048.0M)->951.6M(2048.0M)]
 [Times: user=0.38 sys=0.02, real=0.06 secs] 
2020-09-29T12:26:35.802+0200: 162.089: [GC concurrent-root-region-scan-start]
2020-09-29T12:26:35.808+0200: 162.095: [GC concurrent-root-region-scan-end, 0.0054901 secs]
2020-09-29T12:26:35.808+0200: 162.095: [GC concurrent-mark-start]
2020-09-29T12:26:35.814+0200: 162.101: [GC concurrent-mark-end, 0.0061601 secs]
2020-09-29T12:26:35.815+0200: 162.102: [GC remark 2020-09-29T12:26:35.815+0200: 162.102: [Finalize Marking, 0.0004703 secs] 2020-09-29T12:26:35.815+0200: 162.102: [GC ref-proc, 0.0008684 secs] 2020-09-29T12:26:35.816+0200: 162.103: [Unloading, 0.0012509 secs], 0.0032216 secs]
 [Times: user=0.00 sys=0.00, real=0.00 secs] 
2020-09-29T12:26:35.819+0200: 162.106: [GC cleanup 962M->34M(2048M), 0.0032432 secs]
 [Times: user=0.00 sys=0.00, real=0.00 secs] 
2020-09-29T12:26:35.822+0200: 162.109: [GC concurrent-cleanup-start]
2020-09-29T12:26:35.825+0200: 162.112: [GC concurrent-cleanup-end, 0.0026231 secs]
2020-09-29T12:26:36.000+0200: 162.287: [GC pause (G1 Evacuation Pause) (young), 0.2360774 secs]
   [Parallel Time: 234.1 ms, GC Workers: 8]
      [GC Worker Start (ms): Min: 162286.7, Avg: 162290.8, Max: 162318.5, Diff: 31.8]
      [Ext Root Scanning (ms): Min: 0.0, Avg: 0.1, Max: 0.3, Diff: 0.3, Sum: 1.1]
      [Update RS (ms): Min: 0.0, Avg: 13.1, Max: 15.6, Diff: 15.6, Sum: 104.5]
         [Processed Buffers: Min: 0, Avg: 7.4, Max: 10, Diff: 10, Sum: 59]
      [Scan RS (ms): Min: 1.6, Avg: 19.9, Max: 48.1, Diff: 46.5, Sum: 159.3]
      [Code Root Scanning (ms): Min: 0.0, Avg: 0.0, Max: 0.0, Diff: 0.0, Sum: 0.0]
      [Object Copy (ms): Min: 169.8, Avg: 196.3, Max: 200.3, Diff: 30.5, Sum: 1570.3]
      [Termination (ms): Min: 0.1, Avg: 0.3, Max: 0.6, Diff: 0.6, Sum: 2.6]
         [Termination Attempts: Min: 1, Avg: 674.9, Max: 1088, Diff: 1087, Sum: 5399]
      [GC Worker Other (ms): Min: 0.0, Avg: 0.0, Max: 0.1, Diff: 0.1, Sum: 0.3]
      [GC Worker Total (ms): Min: 202.1, Avg: 229.8, Max: 233.9, Diff: 31.8, Sum: 1838.1]
      [GC Worker End (ms): Min: 162520.6, Avg: 162520.6, Max: 162520.7, Diff: 0.1]
   [Code Root Fixup: 0.0 ms]
   [Code Root Purge: 0.0 ms]
   [Clear CT: 0.4 ms]
   [Other: 1.6 ms]
      [Choose CSet: 0.0 ms]
      [Ref Proc: 0.4 ms]
      [Ref Enq: 0.0 ms]
      [Redirty Cards: 0.5 ms]
      [Humongous Register: 0.1 ms]
      [Humongous Reclaim: 0.0 ms]
      [Free CSet: 0.3 ms]
   [Eden: 146.0M(146.0M)->0.0B(108.0M) Survivors: 9216.0K->20.0M Heap: 194.3M(2048.0M)->187.8M(2048.0M)]
 [Times: user=1.64 sys=0.00, real=0.24 secs] 
2020-09-29T12:26:36.391+0200: 162.678: [GC pause (G1 Evacuation Pause) (young), 0.2141344 secs]
   [Parallel Time: 212.1 ms, GC Workers: 8]
      [GC Worker Start (ms): Min: 162677.8, Avg: 162681.9, Max: 162710.0, Diff: 32.3]
      [Ext Root Scanning (ms): Min: 0.0, Avg: 0.2, Max: 0.3, Diff: 0.3, Sum: 1.2]
      [Update RS (ms): Min: 0.0, Avg: 14.8, Max: 17.5, Diff: 17.5, Sum: 118.7]
         [Processed Buffers: Min: 0, Avg: 8.6, Max: 12, Diff: 12, Sum: 69]
      [Scan RS (ms): Min: 0.0, Avg: 13.6, Max: 18.3, Diff: 18.3, Sum: 108.9]
      [Code Root Scanning (ms): Min: 0.0, Avg: 0.0, Max: 0.0, Diff: 0.0, Sum: 0.0]
      [Object Copy (ms): Min: 176.2, Avg: 179.0, Max: 179.5, Diff: 3.3, Sum: 1431.7]
      [Termination (ms): Min: 0.0, Avg: 0.2, Max: 0.3, Diff: 0.3, Sum: 1.4]
         [Termination Attempts: Min: 1, Avg: 242.1, Max: 349, Diff: 348, Sum: 1937]
      [GC Worker Other (ms): Min: 0.0, Avg: 0.0, Max: 0.0, Diff: 0.0, Sum: 0.2]
      [GC Worker Total (ms): Min: 179.7, Avg: 207.8, Max: 211.9, Diff: 32.2, Sum: 1662.1]
      [GC Worker End (ms): Min: 162889.6, Avg: 162889.6, Max: 162889.7, Diff: 0.1]
   [Code Root Fixup: 0.0 ms]
   [Code Root Purge: 0.0 ms]
   [Clear CT: 0.4 ms]
   [Other: 1.6 ms]
      [Choose CSet: 0.0 ms]
      [Ref Proc: 0.5 ms]
      [Ref Enq: 0.0 ms]
      [Redirty Cards: 0.4 ms]
      [Humongous Register: 0.1 ms]
      [Humongous Reclaim: 0.0 ms]
      [Free CSet: 0.3 ms]
   [Eden: 108.0M(108.0M)->0.0B(100.0M) Survivors: 20.0M->16.0M Heap: 314.9M(2048.0M)->316.9M(2048.0M)]
 [Times: user=1.52 sys=0.00, real=0.21 secs] 
2020-09-29T12:26:36.774+0200: 163.060: [GC pause (G1 Evacuation Pause) (young), 0.1602744 secs]
   [Parallel Time: 158.1 ms, GC Workers: 8]
      [GC Worker Start (ms): Min: 163060.6, Avg: 163061.5, Max: 163065.8, Diff: 5.2]
      [Ext Root Scanning (ms): Min: 0.0, Avg: 0.1, Max: 0.3, Diff: 0.3, Sum: 0.9]
      [Update RS (ms): Min: 11.7, Avg: 16.8, Max: 21.6, Diff: 9.8, Sum: 134.1]
         [Processed Buffers: Min: 1, Avg: 7.5, Max: 9, Diff: 8, Sum: 60]
      [Scan RS (ms): Min: 7.2, Avg: 11.4, Max: 12.9, Diff: 5.7, Sum: 91.2]
      [Code Root Scanning (ms): Min: 0.0, Avg: 0.0, Max: 0.0, Diff: 0.0, Sum: 0.0]
      [Object Copy (ms): Min: 128.5, Avg: 128.6, Max: 128.8, Diff: 0.3, Sum: 1029.0]
      [Termination (ms): Min: 0.0, Avg: 0.2, Max: 0.2, Diff: 0.2, Sum: 1.3]
         [Termination Attempts: Min: 1, Avg: 443.6, Max: 560, Diff: 559, Sum: 3549]
      [GC Worker Other (ms): Min: 0.0, Avg: 0.0, Max: 0.1, Diff: 0.1, Sum: 0.3]
      [GC Worker Total (ms): Min: 152.7, Avg: 157.1, Max: 157.9, Diff: 5.2, Sum: 1256.7]
      [GC Worker End (ms): Min: 163218.5, Avg: 163218.6, Max: 163218.6, Diff: 0.1]
   [Code Root Fixup: 0.0 ms]
   [Code Root Purge: 0.0 ms]
   [Clear CT: 0.5 ms]
   [Other: 1.7 ms]
      [Choose CSet: 0.0 ms]
      [Ref Proc: 0.5 ms]
      [Ref Enq: 0.0 ms]
      [Redirty Cards: 0.4 ms]
      [Humongous Register: 0.1 ms]
      [Humongous Reclaim: 0.0 ms]
      [Free CSet: 0.2 ms]
   [Eden: 100.0M(100.0M)->0.0B(105.0M) Survivors: 16.0M->15.0M Heap: 432.1M(2048.0M)->434.6M(2048.0M)]
 [Times: user=1.24 sys=0.00, real=0.16 secs] 
2020-09-29T12:26:37.056+0200: 163.342: [GC pause (G1 Evacuation Pause) (young), 0.0872538 secs]
   [Parallel Time: 86.0 ms, GC Workers: 8]
      [GC Worker Start (ms): Min: 163342.2, Avg: 163343.0, Max: 163343.8, Diff: 1.6]
      [Ext Root Scanning (ms): Min: 0.0, Avg: 0.1, Max: 0.2, Diff: 0.2, Sum: 0.7]
      [Update RS (ms): Min: 8.5, Avg: 9.7, Max: 12.7, Diff: 4.2, Sum: 77.9]
         [Processed Buffers: Min: 7, Avg: 10.9, Max: 13, Diff: 6, Sum: 87]
      [Scan RS (ms): Min: 0.9, Avg: 4.7, Max: 5.3, Diff: 4.4, Sum: 37.3]
      [Code Root Scanning (ms): Min: 0.0, Avg: 0.0, Max: 0.0, Diff: 0.0, Sum: 0.0]
      [Object Copy (ms): Min: 70.4, Avg: 70.4, Max: 70.6, Diff: 0.2, Sum: 563.5]
      [Termination (ms): Min: 0.0, Avg: 0.1, Max: 0.1, Diff: 0.1, Sum: 0.6]
         [Termination Attempts: Min: 1, Avg: 517.3, Max: 818, Diff: 817, Sum: 4138]
      [GC Worker Other (ms): Min: 0.0, Avg: 0.0, Max: 0.1, Diff: 0.0, Sum: 0.4]
      [GC Worker Total (ms): Min: 84.2, Avg: 85.1, Max: 85.8, Diff: 1.6, Sum: 680.4]
      [GC Worker End (ms): Min: 163428.0, Avg: 163428.0, Max: 163428.0, Diff: 0.0]
   [Code Root Fixup: 0.0 ms]
   [Code Root Purge: 0.0 ms]
   [Clear CT: 0.2 ms]
   [Other: 1.1 ms]
      [Choose CSet: 0.0 ms]
      [Ref Proc: 0.2 ms]
      [Ref Enq: 0.0 ms]
      [Redirty Cards: 0.2 ms]
      [Humongous Register: 0.1 ms]
      [Humongous Reclaim: 0.0 ms]
      [Free CSet: 0.3 ms]
   [Eden: 105.0M(105.0M)->0.0B(123.0M) Survivors: 15.0M->15.0M Heap: 558.7M(2048.0M)->561.2M(2048.0M)]
 [Times: user=0.50 sys=0.00, real=0.09 secs] 
2020-09-29T12:26:37.232+0200: 163.519: [GC pause (G1 Evacuation Pause) (young), 0.1124013 secs]
   [Parallel Time: 111.5 ms, GC Workers: 8]
      [GC Worker Start (ms): Min: 163519.4, Avg: 163519.5, Max: 163519.5, Diff: 0.1]
      [Ext Root Scanning (ms): Min: 0.0, Avg: 0.1, Max: 0.1, Diff: 0.1, Sum: 0.7]
      [Update RS (ms): Min: 10.0, Avg: 12.8, Max: 32.0, Diff: 22.0, Sum: 102.6]
         [Processed Buffers: Min: 0, Avg: 10.1, Max: 13, Diff: 13, Sum: 81]
      [Scan RS (ms): Min: 0.0, Avg: 5.1, Max: 6.0, Diff: 5.9, Sum: 41.1]
      [Code Root Scanning (ms): Min: 0.0, Avg: 0.0, Max: 0.0, Diff: 0.0, Sum: 0.0]
      [Object Copy (ms): Min: 79.2, Avg: 93.1, Max: 95.2, Diff: 16.0, Sum: 745.2]
      [Termination (ms): Min: 0.0, Avg: 0.1, Max: 0.1, Diff: 0.1, Sum: 0.8]
         [Termination Attempts: Min: 1, Avg: 529.4, Max: 754, Diff: 753, Sum: 4235]
      [GC Worker Other (ms): Min: 0.0, Avg: 0.0, Max: 0.0, Diff: 0.0, Sum: 0.1]
      [GC Worker Total (ms): Min: 111.3, Avg: 111.3, Max: 111.4, Diff: 0.1, Sum: 890.5]
      [GC Worker End (ms): Min: 163630.8, Avg: 163630.8, Max: 163630.8, Diff: 0.0]
   [Code Root Fixup: 0.0 ms]
   [Code Root Purge: 0.0 ms]
   [Clear CT: 0.1 ms]
   [Other: 0.8 ms]
      [Choose CSet: 0.0 ms]
      [Ref Proc: 0.2 ms]
      [Ref Enq: 0.0 ms]
      [Redirty Cards: 0.2 ms]
      [Humongous Register: 0.0 ms]
      [Humongous Reclaim: 0.0 ms]
      [Free CSet: 0.2 ms]
   [Eden: 123.0M(123.0M)->0.0B(139.0M) Survivors: 15.0M->18.0M Heap: 703.3M(2048.0M)->705.3M(2048.0M)]
 [Times: user=0.70 sys=0.00, real=0.11 secs] 
2020-09-29T12:26:37.427+0200: 163.714: [GC pause (G1 Evacuation Pause) (young), 0.1101594 secs]
   [Parallel Time: 109.3 ms, GC Workers: 8]
      [GC Worker Start (ms): Min: 163714.4, Avg: 163714.4, Max: 163714.5, Diff: 0.1]
      [Ext Root Scanning (ms): Min: 0.0, Avg: 0.1, Max: 0.1, Diff: 0.1, Sum: 0.5]
      [Update RS (ms): Min: 9.3, Avg: 10.4, Max: 16.3, Diff: 7.0, Sum: 83.5]
         [Processed Buffers: Min: 0, Avg: 9.9, Max: 13, Diff: 13, Sum: 79]
      [Scan RS (ms): Min: 0.3, Avg: 8.1, Max: 22.6, Diff: 22.3, Sum: 64.6]
      [Code Root Scanning (ms): Min: 0.0, Avg: 0.0, Max: 0.0, Diff: 0.0, Sum: 0.0]
      [Object Copy (ms): Min: 76.8, Avg: 90.4, Max: 92.4, Diff: 15.7, Sum: 722.8]
      [Termination (ms): Min: 0.0, Avg: 0.1, Max: 0.2, Diff: 0.2, Sum: 1.1]
         [Termination Attempts: Min: 1, Avg: 767.9, Max: 1185, Diff: 1184, Sum: 6143]
      [GC Worker Other (ms): Min: 0.0, Avg: 0.0, Max: 0.0, Diff: 0.0, Sum: 0.1]
      [GC Worker Total (ms): Min: 109.0, Avg: 109.1, Max: 109.2, Diff: 0.1, Sum: 872.7]
      [GC Worker End (ms): Min: 163823.5, Avg: 163823.5, Max: 163823.5, Diff: 0.0]
   [Code Root Fixup: 0.0 ms]
   [Code Root Purge: 0.0 ms]
   [Clear CT: 0.1 ms]
   [Other: 0.7 ms]
      [Choose CSet: 0.0 ms]
      [Ref Proc: 0.2 ms]
      [Ref Enq: 0.0 ms]
      [Redirty Cards: 0.2 ms]
      [Humongous Register: 0.0 ms]
      [Humongous Reclaim: 0.0 ms]
      [Free CSet: 0.2 ms]
   [Eden: 139.0M(139.0M)->0.0B(156.0M) Survivors: 18.0M->20.0M Heap: 867.2M(2048.0M)->869.2M(2048.0M)]
 [Times: user=0.77 sys=0.00, real=0.11 secs] 
2020-09-29T12:26:37.643+0200: 163.930: [GC pause (G1 Evacuation Pause) (young), 0.1133968 secs]
   [Parallel Time: 112.2 ms, GC Workers: 8]
      [GC Worker Start (ms): Min: 163930.1, Avg: 163930.1, Max: 163930.2, Diff: 0.1]
      [Ext Root Scanning (ms): Min: 0.0, Avg: 0.1, Max: 0.1, Diff: 0.1, Sum: 0.7]
      [Update RS (ms): Min: 9.5, Avg: 9.6, Max: 9.9, Diff: 0.4, Sum: 76.8]
         [Processed Buffers: Min: 10, Avg: 11.5, Max: 14, Diff: 4, Sum: 92]
      [Scan RS (ms): Min: 6.8, Avg: 7.1, Max: 7.3, Diff: 0.5, Sum: 56.9]
      [Code Root Scanning (ms): Min: 0.0, Avg: 0.0, Max: 0.0, Diff: 0.0, Sum: 0.0]
      [Object Copy (ms): Min: 88.1, Avg: 93.9, Max: 95.2, Diff: 7.1, Sum: 751.4]
      [Termination (ms): Min: 0.1, Avg: 1.3, Max: 7.1, Diff: 7.1, Sum: 10.5]
         [Termination Attempts: Min: 1, Avg: 2954.0, Max: 3898, Diff: 3897, Sum: 23632]
      [GC Worker Other (ms): Min: 0.0, Avg: 0.0, Max: 0.0, Diff: 0.0, Sum: 0.1]
      [GC Worker Total (ms): Min: 112.0, Avg: 112.1, Max: 112.1, Diff: 0.1, Sum: 896.4]
      [GC Worker End (ms): Min: 164042.2, Avg: 164042.2, Max: 164042.2, Diff: 0.0]
   [Code Root Fixup: 0.0 ms]
   [Code Root Purge: 0.0 ms]
   [Clear CT: 0.2 ms]
   [Other: 1.0 ms]
      [Choose CSet: 0.0 ms]
      [Ref Proc: 0.2 ms]
      [Ref Enq: 0.0 ms]
      [Redirty Cards: 0.3 ms]
      [Humongous Register: 0.0 ms]
      [Humongous Reclaim: 0.0 ms]
      [Free CSet: 0.2 ms]
   [Eden: 156.0M(156.0M)->0.0B(174.0M) Survivors: 20.0M->22.0M Heap: 1051.9M(2048.0M)->1053.9M(2048.0M)]
 [Times: user=0.88 sys=0.00, real=0.11 secs] 
2020-09-29T12:26:37.767+0200: 164.054: [GC pause (G1 Humongous Allocation) (young) (initial-mark), 0.0447881 secs]
   [Parallel Time: 43.9 ms, GC Workers: 8]
      [GC Worker Start (ms): Min: 164054.0, Avg: 164054.1, Max: 164054.1, Diff: 0.1]
      [Ext Root Scanning (ms): Min: 0.0, Avg: 0.1, Max: 0.1, Diff: 0.1, Sum: 0.7]
      [Update RS (ms): Min: 18.1, Avg: 18.3, Max: 18.8, Diff: 0.8, Sum: 146.5]
         [Processed Buffers: Min: 13, Avg: 19.1, Max: 22, Diff: 9, Sum: 153]
      [Scan RS (ms): Min: 1.0, Avg: 1.5, Max: 1.7, Diff: 0.8, Sum: 12.0]
      [Code Root Scanning (ms): Min: 0.0, Avg: 0.0, Max: 0.0, Diff: 0.0, Sum: 0.0]
      [Object Copy (ms): Min: 23.4, Avg: 23.6, Max: 23.8, Diff: 0.4, Sum: 188.7]
      [Termination (ms): Min: 0.1, Avg: 0.2, Max: 0.4, Diff: 0.3, Sum: 1.8]
         [Termination Attempts: Min: 1, Avg: 1281.3, Max: 1921, Diff: 1920, Sum: 10250]
      [GC Worker Other (ms): Min: 0.0, Avg: 0.0, Max: 0.0, Diff: 0.0, Sum: 0.2]
      [GC Worker Total (ms): Min: 43.7, Avg: 43.7, Max: 43.8, Diff: 0.1, Sum: 350.0]
      [GC Worker End (ms): Min: 164097.8, Avg: 164097.8, Max: 164097.8, Diff: 0.0]
   [Code Root Fixup: 0.0 ms]
   [Code Root Purge: 0.0 ms]
   [Clear CT: 0.2 ms]
   [Other: 0.7 ms]
      [Choose CSet: 0.0 ms]
      [Ref Proc: 0.1 ms]
      [Ref Enq: 0.0 ms]
      [Redirty Cards: 0.2 ms]
      [Humongous Register: 0.1 ms]
      [Humongous Reclaim: 0.0 ms]
      [Free CSet: 0.1 ms]
   [Eden: 5120.0K(174.0M)->0.0B(190.0M) Survivors: 22.0M->6144.0K Heap: 1058.4M(2048.0M)->1061.9M(2048.0M)]
 [Times: user=0.33 sys=0.00, real=0.05 secs] 
2020-09-29T12:26:37.812+0200: 164.099: [GC concurrent-root-region-scan-start]
2020-09-29T12:26:37.813+0200: 164.100: [GC concurrent-root-region-scan-end, 0.0014191 secs]
2020-09-29T12:26:37.813+0200: 164.100: [GC concurrent-mark-start]
2020-09-29T12:26:37.816+0200: 164.104: [GC concurrent-mark-end, 0.0033425 secs]
2020-09-29T12:26:37.817+0200: 164.104: [GC remark 2020-09-29T12:26:37.817+0200: 164.104: [Finalize Marking, 0.0002124 secs] 2020-09-29T12:26:37.817+0200: 164.104: [GC ref-proc, 0.0002948 secs] 2020-09-29T12:26:37.817+0200: 164.104: [Unloading, 0.0004859 secs], 0.0013256 secs]
 [Times: user=0.00 sys=0.00, real=0.00 secs] 
2020-09-29T12:26:37.819+0200: 164.106: [GC cleanup 1073M->32M(2048M), 0.0016688 secs]
 [Times: user=0.00 sys=0.00, real=0.00 secs] 
2020-09-29T12:26:37.820+0200: 164.107: [GC concurrent-cleanup-start]
2020-09-29T12:26:37.823+0200: 164.110: [GC concurrent-cleanup-end, 0.0022828 secs]
2020-09-29T12:26:37.921+0200: 164.208: [GC pause (G1 Evacuation Pause) (young), 0.1289479 secs]
   [Parallel Time: 127.9 ms, GC Workers: 8]
      [GC Worker Start (ms): Min: 164208.3, Avg: 164208.4, Max: 164208.5, Diff: 0.2]
      [Ext Root Scanning (ms): Min: 0.0, Avg: 0.1, Max: 0.1, Diff: 0.1, Sum: 0.6]
      [Update RS (ms): Min: 10.8, Avg: 10.9, Max: 11.4, Diff: 0.6, Sum: 87.4]
         [Processed Buffers: Min: 12, Avg: 13.5, Max: 15, Diff: 3, Sum: 108]
      [Scan RS (ms): Min: 7.0, Avg: 7.5, Max: 7.7, Diff: 0.6, Sum: 60.0]
      [Code Root Scanning (ms): Min: 0.0, Avg: 0.0, Max: 0.0, Diff: 0.0, Sum: 0.0]
      [Object Copy (ms): Min: 108.6, Avg: 108.8, Max: 109.1, Diff: 0.6, Sum: 870.1]
      [Termination (ms): Min: 0.0, Avg: 0.4, Max: 0.6, Diff: 0.5, Sum: 3.1]
         [Termination Attempts: Min: 1, Avg: 2543.4, Max: 3839, Diff: 3838, Sum: 20347]
      [GC Worker Other (ms): Min: 0.0, Avg: 0.0, Max: 0.0, Diff: 0.0, Sum: 0.1]
      [GC Worker Total (ms): Min: 127.6, Avg: 127.7, Max: 127.7, Diff: 0.2, Sum: 1021.3]
      [GC Worker End (ms): Min: 164336.1, Avg: 164336.1, Max: 164336.1, Diff: 0.0]
   [Code Root Fixup: 0.0 ms]
   [Code Root Purge: 0.0 ms]
   [Clear CT: 0.1 ms]
   [Other: 0.9 ms]
      [Choose CSet: 0.0 ms]
      [Ref Proc: 0.1 ms]
      [Ref Enq: 0.0 ms]
      [Redirty Cards: 0.2 ms]
      [Humongous Register: 0.1 ms]
      [Humongous Reclaim: 0.0 ms]
      [Free CSet: 0.2 ms]
   [Eden: 190.0M(190.0M)->0.0B(190.0M) Survivors: 6144.0K->25.0M Heap: 243.4M(2048.0M)->239.4M(2048.0M)]
 [Times: user=0.89 sys=0.00, real=0.13 secs] 
2020-09-29T12:26:38.154+0200: 164.441: [GC pause (G1 Evacuation Pause) (young), 0.1524550 secs]
   [Parallel Time: 151.5 ms, GC Workers: 8]
      [GC Worker Start (ms): Min: 164441.4, Avg: 164444.5, Max: 164465.5, Diff: 24.1]
      [Ext Root Scanning (ms): Min: 0.0, Avg: 0.1, Max: 0.2, Diff: 0.2, Sum: 0.8]
      [Update RS (ms): Min: 0.0, Avg: 12.8, Max: 15.0, Diff: 15.0, Sum: 102.5]
         [Processed Buffers: Min: 0, Avg: 16.1, Max: 20, Diff: 20, Sum: 129]
      [Scan RS (ms): Min: 0.0, Avg: 8.1, Max: 9.4, Diff: 9.4, Sum: 64.9]
      [Code Root Scanning (ms): Min: 0.0, Avg: 0.0, Max: 0.0, Diff: 0.0, Sum: 0.0]
      [Object Copy (ms): Min: 126.9, Avg: 127.0, Max: 127.3, Diff: 0.4, Sum: 1016.4]
      [Termination (ms): Min: 0.0, Avg: 0.3, Max: 0.4, Diff: 0.3, Sum: 2.2]
         [Termination Attempts: Min: 1, Avg: 1779.5, Max: 2606, Diff: 2605, Sum: 14236]
      [GC Worker Other (ms): Min: 0.0, Avg: 0.0, Max: 0.0, Diff: 0.0, Sum: 0.1]
      [GC Worker Total (ms): Min: 127.3, Avg: 148.4, Max: 151.4, Diff: 24.1, Sum: 1186.9]
      [GC Worker End (ms): Min: 164592.8, Avg: 164592.8, Max: 164592.8, Diff: 0.0]
   [Code Root Fixup: 0.0 ms]
   [Code Root Purge: 0.0 ms]
   [Clear CT: 0.2 ms]
   [Other: 0.8 ms]
      [Choose CSet: 0.0 ms]
      [Ref Proc: 0.2 ms]
      [Ref Enq: 0.0 ms]
      [Redirty Cards: 0.2 ms]
      [Humongous Register: 0.0 ms]
      [Humongous Reclaim: 0.0 ms]
      [Free CSet: 0.1 ms]
   [Eden: 190.0M(190.0M)->0.0B(197.0M) Survivors: 25.0M->27.0M Heap: 461.9M(2048.0M)->463.9M(2048.0M)]
 [Times: user=1.08 sys=0.00, real=0.15 secs] 
2020-09-29T12:26:38.422+0200: 164.709: [GC pause (G1 Evacuation Pause) (young), 0.1633130 secs]
   [Parallel Time: 162.3 ms, GC Workers: 8]
      [GC Worker Start (ms): Min: 164709.0, Avg: 164713.0, Max: 164740.5, Diff: 31.5]
      [Ext Root Scanning (ms): Min: 0.0, Avg: 0.1, Max: 0.1, Diff: 0.1, Sum: 0.6]
      [Update RS (ms): Min: 0.0, Avg: 15.4, Max: 18.1, Diff: 18.1, Sum: 122.8]
         [Processed Buffers: Min: 0, Avg: 16.9, Max: 23, Diff: 23, Sum: 135]
      [Scan RS (ms): Min: 0.0, Avg: 8.5, Max: 9.9, Diff: 9.9, Sum: 68.2]
      [Code Root Scanning (ms): Min: 0.0, Avg: 0.0, Max: 0.0, Diff: 0.0, Sum: 0.0]
      [Object Copy (ms): Min: 130.5, Avg: 134.2, Max: 134.7, Diff: 4.2, Sum: 1073.2]
      [Termination (ms): Min: 0.0, Avg: 0.1, Max: 0.1, Diff: 0.1, Sum: 0.4]
         [Termination Attempts: Min: 1, Avg: 164.3, Max: 237, Diff: 236, Sum: 1314]
      [GC Worker Other (ms): Min: 0.0, Avg: 0.0, Max: 0.0, Diff: 0.0, Sum: 0.1]
      [GC Worker Total (ms): Min: 130.6, Avg: 158.2, Max: 162.2, Diff: 31.5, Sum: 1265.5]
      [GC Worker End (ms): Min: 164871.2, Avg: 164871.2, Max: 164871.2, Diff: 0.0]
   [Code Root Fixup: 0.0 ms]
   [Code Root Purge: 0.0 ms]
   [Clear CT: 0.2 ms]
   [Other: 0.8 ms]
      [Choose CSet: 0.0 ms]
      [Ref Proc: 0.1 ms]
      [Ref Enq: 0.0 ms]
      [Redirty Cards: 0.2 ms]
      [Humongous Register: 0.0 ms]
      [Humongous Reclaim: 0.0 ms]
      [Free CSet: 0.2 ms]
   [Eden: 197.0M(197.0M)->0.0B(203.0M) Survivors: 27.0M->28.0M Heap: 693.3M(2048.0M)->695.8M(2048.0M)]
 [Times: user=1.16 sys=0.00, real=0.16 secs] 
2020-09-29T12:26:38.710+0200: 164.997: [GC pause (G1 Evacuation Pause) (young), 0.1823381 secs]
   [Parallel Time: 181.3 ms, GC Workers: 8]
      [GC Worker Start (ms): Min: 164996.9, Avg: 164997.0, Max: 164997.1, Diff: 0.2]
      [Ext Root Scanning (ms): Min: 0.0, Avg: 0.1, Max: 0.1, Diff: 0.1, Sum: 0.7]
      [Update RS (ms): Min: 22.4, Avg: 23.7, Max: 31.5, Diff: 9.1, Sum: 189.7]
         [Processed Buffers: Min: 0, Avg: 21.8, Max: 29, Diff: 29, Sum: 174]
      [Scan RS (ms): Min: 0.0, Avg: 7.3, Max: 8.5, Diff: 8.5, Sum: 58.5]
      [Code Root Scanning (ms): Min: 0.0, Avg: 0.0, Max: 0.0, Diff: 0.0, Sum: 0.0]
      [Object Copy (ms): Min: 149.3, Avg: 149.8, Max: 149.9, Diff: 0.7, Sum: 1198.2]
      [Termination (ms): Min: 0.0, Avg: 0.2, Max: 0.3, Diff: 0.3, Sum: 1.3]
         [Termination Attempts: Min: 1, Avg: 585.6, Max: 882, Diff: 881, Sum: 4685]
      [GC Worker Other (ms): Min: 0.0, Avg: 0.0, Max: 0.0, Diff: 0.0, Sum: 0.1]
      [GC Worker Total (ms): Min: 181.0, Avg: 181.1, Max: 181.1, Diff: 0.2, Sum: 1448.6]
      [GC Worker End (ms): Min: 165178.0, Avg: 165178.0, Max: 165178.1, Diff: 0.0]
   [Code Root Fixup: 0.0 ms]
   [Code Root Purge: 0.0 ms]
   [Clear CT: 0.2 ms]
   [Other: 0.8 ms]
      [Choose CSet: 0.0 ms]
      [Ref Proc: 0.1 ms]
      [Ref Enq: 0.0 ms]
      [Redirty Cards: 0.2 ms]
      [Humongous Register: 0.1 ms]
      [Humongous Reclaim: 0.0 ms]
      [Free CSet: 0.2 ms]
   [Eden: 203.0M(203.0M)->0.0B(203.0M) Survivors: 28.0M->29.0M Heap: 933.1M(2048.0M)->935.6M(2048.0M)]
 [Times: user=1.17 sys=0.00, real=0.18 secs] 
2020-09-29T12:26:38.951+0200: 165.238: [GC pause (G1 Humongous Allocation) (young) (initial-mark), 0.0593276 secs]
   [Parallel Time: 58.4 ms, GC Workers: 8]
      [GC Worker Start (ms): Min: 165238.6, Avg: 165238.6, Max: 165238.7, Diff: 0.1]
      [Ext Root Scanning (ms): Min: 0.0, Avg: 0.1, Max: 0.1, Diff: 0.1, Sum: 0.8]
      [Update RS (ms): Min: 17.8, Avg: 18.0, Max: 18.3, Diff: 0.5, Sum: 144.1]
         [Processed Buffers: Min: 16, Avg: 18.0, Max: 20, Diff: 4, Sum: 144]
      [Scan RS (ms): Min: 1.8, Avg: 2.0, Max: 2.2, Diff: 0.4, Sum: 16.0]
      [Code Root Scanning (ms): Min: 0.0, Avg: 0.0, Max: 0.0, Diff: 0.0, Sum: 0.0]
      [Object Copy (ms): Min: 38.1, Avg: 38.1, Max: 38.1, Diff: 0.1, Sum: 304.8]
      [Termination (ms): Min: 0.0, Avg: 0.1, Max: 0.1, Diff: 0.1, Sum: 0.6]
         [Termination Attempts: Min: 1, Avg: 509.6, Max: 638, Diff: 637, Sum: 4077]
      [GC Worker Other (ms): Min: 0.0, Avg: 0.0, Max: 0.1, Diff: 0.0, Sum: 0.2]
      [GC Worker Total (ms): Min: 58.3, Avg: 58.3, Max: 58.4, Diff: 0.1, Sum: 466.4]
      [GC Worker End (ms): Min: 165296.9, Avg: 165296.9, Max: 165296.9, Diff: 0.0]
   [Code Root Fixup: 0.0 ms]
   [Code Root Purge: 0.0 ms]
   [Clear CT: 0.2 ms]
   [Other: 0.7 ms]
      [Choose CSet: 0.0 ms]
      [Ref Proc: 0.2 ms]
      [Ref Enq: 0.0 ms]
      [Redirty Cards: 0.2 ms]
      [Humongous Register: 0.0 ms]
      [Humongous Reclaim: 0.0 ms]
      [Free CSet: 0.1 ms]
   [Eden: 56.0M(203.0M)->0.0B(228.0M) Survivors: 29.0M->29.0M Heap: 998.7M(2048.0M)->1001.2M(2048.0M)]
 [Times: user=0.45 sys=0.00, real=0.06 secs] 
2020-09-29T12:26:39.011+0200: 165.298: [GC concurrent-root-region-scan-start]
2020-09-29T12:26:39.018+0200: 165.305: [GC concurrent-root-region-scan-end, 0.0069224 secs]
2020-09-29T12:26:39.018+0200: 165.305: [GC concurrent-mark-start]
2020-09-29T12:26:39.020+0200: 165.307: [GC concurrent-mark-end, 0.0021448 secs]
2020-09-29T12:26:39.020+0200: 165.307: [GC remark 2020-09-29T12:26:39.020+0200: 165.307: [Finalize Marking, 0.0001871 secs] 2020-09-29T12:26:39.020+0200: 165.307: [GC ref-proc, 0.0002897 secs] 2020-09-29T12:26:39.021+0200: 165.308: [Unloading, 0.0003936 secs], 0.0011897 secs]
 [Times: user=0.00 sys=0.00, real=0.00 secs] 
2020-09-29T12:26:39.022+0200: 165.309: [GC cleanup 1024M->66M(2048M), 0.0010708 secs]
 [Times: user=0.00 sys=0.00, real=0.00 secs] 
2020-09-29T12:26:39.023+0200: 165.310: [GC concurrent-cleanup-start]
2020-09-29T12:26:39.024+0200: 165.311: [GC concurrent-cleanup-end, 0.0010754 secs]
2020-09-29T12:26:39.152+0200: 165.439: [GC pause (G1 Evacuation Pause) (young), 0.1978989 secs]
   [Parallel Time: 196.7 ms, GC Workers: 8]
      [GC Worker Start (ms): Min: 165439.3, Avg: 165443.2, Max: 165470.6, Diff: 31.3]
      [Ext Root Scanning (ms): Min: 0.0, Avg: 0.1, Max: 0.1, Diff: 0.1, Sum: 0.6]
      [Update RS (ms): Min: 0.0, Avg: 18.9, Max: 22.0, Diff: 22.0, Sum: 151.1]
         [Processed Buffers: Min: 0, Avg: 19.8, Max: 26, Diff: 26, Sum: 158]
      [Scan RS (ms): Min: 0.0, Avg: 7.0, Max: 8.3, Diff: 8.3, Sum: 56.0]
      [Code Root Scanning (ms): Min: 0.0, Avg: 0.0, Max: 0.0, Diff: 0.0, Sum: 0.0]
      [Object Copy (ms): Min: 164.4, Avg: 166.1, Max: 166.7, Diff: 2.4, Sum: 1328.4]
      [Termination (ms): Min: 0.0, Avg: 0.5, Max: 0.9, Diff: 0.9, Sum: 4.1]
         [Termination Attempts: Min: 1, Avg: 2826.5, Max: 4610, Diff: 4609, Sum: 22612]
      [GC Worker Other (ms): Min: 0.0, Avg: 0.0, Max: 0.1, Diff: 0.0, Sum: 0.3]
      [GC Worker Total (ms): Min: 165.2, Avg: 192.6, Max: 196.5, Diff: 31.3, Sum: 1540.6]
      [GC Worker End (ms): Min: 165635.8, Avg: 165635.8, Max: 165635.8, Diff: 0.0]
   [Code Root Fixup: 0.0 ms]
   [Code Root Purge: 0.0 ms]
   [Clear CT: 0.2 ms]
   [Other: 1.1 ms]
      [Choose CSet: 0.0 ms]
      [Ref Proc: 0.2 ms]
      [Ref Enq: 0.0 ms]
      [Redirty Cards: 0.3 ms]
      [Humongous Register: 0.0 ms]
      [Humongous Reclaim: 0.0 ms]
      [Free CSet: 0.2 ms]
   [Eden: 228.0M(228.0M)->0.0B(210.0M) Survivors: 29.0M->33.0M Heap: 310.1M(2048.0M)->283.6M(2048.0M)]
 [Times: user=1.39 sys=0.00, real=0.20 secs] 
2020-09-29T12:26:39.493+0200: 165.780: [GC pause (G1 Evacuation Pause) (young), 0.2000676 secs]
   [Parallel Time: 198.9 ms, GC Workers: 8]
      [GC Worker Start (ms): Min: 165779.9, Avg: 165783.8, Max: 165810.0, Diff: 30.1]
      [Ext Root Scanning (ms): Min: 0.0, Avg: 0.1, Max: 0.1, Diff: 0.1, Sum: 0.5]
      [Update RS (ms): Min: 0.0, Avg: 21.0, Max: 24.2, Diff: 24.2, Sum: 167.8]
         [Processed Buffers: Min: 0, Avg: 25.3, Max: 30, Diff: 30, Sum: 202]
      [Scan RS (ms): Min: 1.8, Avg: 7.4, Max: 9.6, Diff: 7.8, Sum: 59.2]
      [Code Root Scanning (ms): Min: 0.0, Avg: 0.0, Max: 0.0, Diff: 0.0, Sum: 0.0]
      [Object Copy (ms): Min: 164.7, Avg: 166.1, Max: 166.7, Diff: 2.1, Sum: 1328.6]
      [Termination (ms): Min: 0.0, Avg: 0.4, Max: 0.6, Diff: 0.6, Sum: 3.4]
         [Termination Attempts: Min: 1, Avg: 2884.1, Max: 4271, Diff: 4270, Sum: 23073]
      [GC Worker Other (ms): Min: 0.0, Avg: 0.0, Max: 0.0, Diff: 0.0, Sum: 0.2]
      [GC Worker Total (ms): Min: 168.7, Avg: 195.0, Max: 198.8, Diff: 30.1, Sum: 1559.7]
      [GC Worker End (ms): Min: 165978.7, Avg: 165978.7, Max: 165978.7, Diff: 0.0]
   [Code Root Fixup: 0.0 ms]
   [Code Root Purge: 0.0 ms]
   [Clear CT: 0.3 ms]
   [Other: 0.9 ms]
      [Choose CSet: 0.0 ms]
      [Ref Proc: 0.1 ms]
      [Ref Enq: 0.0 ms]
      [Redirty Cards: 0.2 ms]
      [Humongous Register: 0.0 ms]
      [Humongous Reclaim: 0.0 ms]
      [Free CSet: 0.2 ms]
   [Eden: 210.0M(210.0M)->0.0B(202.0M) Survivors: 33.0M->31.0M Heap: 529.9M(2048.0M)->531.9M(2048.0M)]
 [Times: user=1.33 sys=0.00, real=0.20 secs] 
2020-09-29T12:26:39.827+0200: 166.113: [GC pause (G1 Evacuation Pause) (young), 0.1619209 secs]
   [Parallel Time: 161.0 ms, GC Workers: 8]
      [GC Worker Start (ms): Min: 166112.7, Avg: 166116.8, Max: 166144.6, Diff: 31.8]
      [Ext Root Scanning (ms): Min: 0.0, Avg: 0.1, Max: 0.2, Diff: 0.2, Sum: 0.6]
      [Update RS (ms): Min: 0.0, Avg: 13.5, Max: 15.8, Diff: 15.8, Sum: 107.7]
         [Processed Buffers: Min: 0, Avg: 15.9, Max: 19, Diff: 19, Sum: 127]
      [Scan RS (ms): Min: 0.0, Avg: 8.8, Max: 10.4, Diff: 10.3, Sum: 70.6]
      [Code Root Scanning (ms): Min: 0.0, Avg: 0.0, Max: 0.0, Diff: 0.0, Sum: 0.0]
      [Object Copy (ms): Min: 128.9, Avg: 134.4, Max: 135.3, Diff: 6.3, Sum: 1075.2]
      [Termination (ms): Min: 0.0, Avg: 0.1, Max: 0.1, Diff: 0.1, Sum: 0.5]
         [Termination Attempts: Min: 1, Avg: 411.1, Max: 507, Diff: 506, Sum: 3289]
      [GC Worker Other (ms): Min: 0.0, Avg: 0.0, Max: 0.1, Diff: 0.1, Sum: 0.3]
      [GC Worker Total (ms): Min: 129.1, Avg: 156.9, Max: 160.9, Diff: 31.8, Sum: 1254.9]
      [GC Worker End (ms): Min: 166273.6, Avg: 166273.6, Max: 166273.7, Diff: 0.0]
   [Code Root Fixup: 0.0 ms]
   [Code Root Purge: 0.0 ms]
   [Clear CT: 0.2 ms]
   [Other: 0.8 ms]
      [Choose CSet: 0.0 ms]
      [Ref Proc: 0.2 ms]
      [Ref Enq: 0.0 ms]
      [Redirty Cards: 0.2 ms]
      [Humongous Register: 0.1 ms]
      [Humongous Reclaim: 0.0 ms]
      [Free CSet: 0.1 ms]
   [Eden: 202.0M(202.0M)->0.0B(210.0M) Survivors: 31.0M->30.0M Heap: 766.3M(2048.0M)->768.3M(2048.0M)]
 [Times: user=1.11 sys=0.00, real=0.16 secs] 
2020-09-29T12:26:40.115+0200: 166.402: [GC pause (G1 Evacuation Pause) (young), 0.1532750 secs]
   [Parallel Time: 152.2 ms, GC Workers: 8]
      [GC Worker Start (ms): Min: 166401.8, Avg: 166402.7, Max: 166406.7, Diff: 4.9]
      [Ext Root Scanning (ms): Min: 0.0, Avg: 0.1, Max: 0.1, Diff: 0.1, Sum: 0.5]
      [Update RS (ms): Min: 19.9, Avg: 23.9, Max: 24.7, Diff: 4.8, Sum: 191.0]
         [Processed Buffers: Min: 20, Avg: 26.3, Max: 28, Diff: 8, Sum: 210]
      [Scan RS (ms): Min: 6.1, Avg: 6.2, Max: 6.2, Diff: 0.1, Sum: 49.3]
      [Code Root Scanning (ms): Min: 0.0, Avg: 0.0, Max: 0.0, Diff: 0.0, Sum: 0.0]
      [Object Copy (ms): Min: 120.9, Avg: 121.0, Max: 121.1, Diff: 0.2, Sum: 967.7]
      [Termination (ms): Min: 0.0, Avg: 0.2, Max: 0.2, Diff: 0.2, Sum: 1.4]
         [Termination Attempts: Min: 1, Avg: 938.8, Max: 1395, Diff: 1394, Sum: 7510]
      [GC Worker Other (ms): Min: 0.0, Avg: 0.0, Max: 0.0, Diff: 0.0, Sum: 0.1]
      [GC Worker Total (ms): Min: 147.3, Avg: 151.2, Max: 152.1, Diff: 4.9, Sum: 1210.0]
      [GC Worker End (ms): Min: 166553.9, Avg: 166553.9, Max: 166553.9, Diff: 0.0]
   [Code Root Fixup: 0.0 ms]
   [Code Root Purge: 0.0 ms]
   [Clear CT: 0.2 ms]
   [Other: 0.9 ms]
      [Choose CSet: 0.0 ms]
      [Ref Proc: 0.2 ms]
      [Ref Enq: 0.0 ms]
      [Redirty Cards: 0.2 ms]
      [Humongous Register: 0.0 ms]
      [Humongous Reclaim: 0.0 ms]
      [Free CSet: 0.2 ms]
   [Eden: 210.0M(210.0M)->0.0B(223.0M) Survivors: 30.0M->30.0M Heap: 1014.6M(2048.0M)->1016.1M(2048.0M)]
 [Times: user=1.03 sys=0.00, real=0.15 secs] 
2020-09-29T12:26:40.275+0200: 166.562: [GC pause (G1 Humongous Allocation) (young) (initial-mark), 0.0635665 secs]
   [Parallel Time: 62.4 ms, GC Workers: 8]
      [GC Worker Start (ms): Min: 166562.6, Avg: 166562.7, Max: 166562.8, Diff: 0.2]
      [Ext Root Scanning (ms): Min: 0.0, Avg: 0.2, Max: 0.3, Diff: 0.3, Sum: 1.2]
      [Update RS (ms): Min: 26.5, Avg: 26.6, Max: 26.8, Diff: 0.3, Sum: 212.9]
         [Processed Buffers: Min: 30, Avg: 32.3, Max: 34, Diff: 4, Sum: 258]
      [Scan RS (ms): Min: 1.6, Avg: 1.8, Max: 1.9, Diff: 0.3, Sum: 14.6]
      [Code Root Scanning (ms): Min: 0.0, Avg: 0.0, Max: 0.0, Diff: 0.0, Sum: 0.0]
      [Object Copy (ms): Min: 27.9, Avg: 32.5, Max: 33.5, Diff: 5.6, Sum: 259.7]
      [Termination (ms): Min: 0.0, Avg: 1.1, Max: 5.6, Diff: 5.6, Sum: 8.8]
         [Termination Attempts: Min: 1, Avg: 2847.5, Max: 3493, Diff: 3492, Sum: 22780]
      [GC Worker Other (ms): Min: 0.0, Avg: 0.0, Max: 0.0, Diff: 0.0, Sum: 0.1]
      [GC Worker Total (ms): Min: 62.1, Avg: 62.2, Max: 62.2, Diff: 0.2, Sum: 497.3]
      [GC Worker End (ms): Min: 166624.9, Avg: 166624.9, Max: 166624.9, Diff: 0.0]
   [Code Root Fixup: 0.0 ms]
   [Code Root Purge: 0.0 ms]
   [Clear CT: 0.3 ms]
   [Other: 0.9 ms]
      [Choose CSet: 0.0 ms]
      [Ref Proc: 0.4 ms]
      [Ref Enq: 0.0 ms]
      [Redirty Cards: 0.2 ms]
      [Humongous Register: 0.1 ms]
      [Humongous Reclaim: 0.0 ms]
      [Free CSet: 0.0 ms]
   [Eden: 9216.0K(223.0M)->0.0B(223.0M) Survivors: 30.0M->11.0M Heap: 1024.6M(2048.0M)->1030.1M(2048.0M)]
 [Times: user=0.47 sys=0.00, real=0.06 secs] 
2020-09-29T12:26:40.339+0200: 166.626: [GC concurrent-root-region-scan-start]
2020-09-29T12:26:40.341+0200: 166.628: [GC concurrent-root-region-scan-end, 0.0020899 secs]
2020-09-29T12:26:40.341+0200: 166.628: [GC concurrent-mark-start]
2020-09-29T12:26:40.344+0200: 166.631: [GC concurrent-mark-end, 0.0024349 secs]
2020-09-29T12:26:40.344+0200: 166.631: [GC remark 2020-09-29T12:26:40.344+0200: 166.631: [Finalize Marking, 0.0007560 secs] 2020-09-29T12:26:40.345+0200: 166.632: [GC ref-proc, 0.0003062 secs] 2020-09-29T12:26:40.345+0200: 166.632: [Unloading, 0.0004218 secs], 0.0017567 secs]
 [Times: user=0.00 sys=0.00, real=0.00 secs] 
2020-09-29T12:26:40.346+0200: 166.633: [GC cleanup 1040M->36M(2048M), 0.0011703 secs]
 [Times: user=0.00 sys=0.00, real=0.00 secs] 
2020-09-29T12:26:40.347+0200: 166.634: [GC concurrent-cleanup-start]
2020-09-29T12:26:40.348+0200: 166.635: [GC concurrent-cleanup-end, 0.0011283 secs]
2020-09-29T12:26:40.477+0200: 166.763: [GC pause (G1 Evacuation Pause) (young), 0.1661775 secs]
   [Parallel Time: 165.0 ms, GC Workers: 8]
      [GC Worker Start (ms): Min: 166763.3, Avg: 166763.3, Max: 166763.4, Diff: 0.1]
      [Ext Root Scanning (ms): Min: 0.0, Avg: 0.1, Max: 0.1, Diff: 0.1, Sum: 0.6]
      [Update RS (ms): Min: 19.1, Avg: 19.5, Max: 20.0, Diff: 0.9, Sum: 155.7]
         [Processed Buffers: Min: 0, Avg: 16.5, Max: 22, Diff: 22, Sum: 132]
      [Scan RS (ms): Min: 9.0, Avg: 9.7, Max: 11.1, Diff: 2.1, Sum: 77.7]
      [Code Root Scanning (ms): Min: 0.0, Avg: 0.0, Max: 0.0, Diff: 0.0, Sum: 0.0]
      [Object Copy (ms): Min: 134.1, Avg: 135.0, Max: 135.4, Diff: 1.4, Sum: 1080.2]
      [Termination (ms): Min: 0.0, Avg: 0.6, Max: 0.8, Diff: 0.8, Sum: 4.6]
         [Termination Attempts: Min: 1, Avg: 3931.0, Max: 5289, Diff: 5288, Sum: 31448]
      [GC Worker Other (ms): Min: 0.0, Avg: 0.0, Max: 0.0, Diff: 0.0, Sum: 0.1]
      [GC Worker Total (ms): Min: 164.8, Avg: 164.9, Max: 164.9, Diff: 0.1, Sum: 1318.9]
      [GC Worker End (ms): Min: 166928.2, Avg: 166928.2, Max: 166928.2, Diff: 0.0]
   [Code Root Fixup: 0.0 ms]
   [Code Root Purge: 0.0 ms]
   [Clear CT: 0.2 ms]
   [Other: 1.0 ms]
      [Choose CSet: 0.0 ms]
      [Ref Proc: 0.2 ms]
      [Ref Enq: 0.0 ms]
      [Redirty Cards: 0.2 ms]
      [Humongous Register: 0.0 ms]
      [Humongous Reclaim: 0.0 ms]
      [Free CSet: 0.2 ms]
   [Eden: 223.0M(223.0M)->0.0B(210.0M) Survivors: 11.0M->30.0M Heap: 287.1M(2048.0M)->277.6M(2048.0M)]
 [Times: user=1.13 sys=0.00, real=0.17 secs] 
2020-09-29T12:26:40.787+0200: 167.075: [GC pause (G1 Evacuation Pause) (young), 0.1503098 secs]
   [Parallel Time: 149.3 ms, GC Workers: 8]
      [GC Worker Start (ms): Min: 167074.7, Avg: 167074.7, Max: 167074.8, Diff: 0.1]
      [Ext Root Scanning (ms): Min: 0.0, Avg: 0.1, Max: 0.1, Diff: 0.1, Sum: 0.6]
      [Update RS (ms): Min: 15.0, Avg: 15.2, Max: 15.5, Diff: 0.5, Sum: 121.4]
         [Processed Buffers: Min: 15, Avg: 16.6, Max: 19, Diff: 4, Sum: 133]
      [Scan RS (ms): Min: 8.9, Avg: 9.2, Max: 9.3, Diff: 0.4, Sum: 73.2]
      [Code Root Scanning (ms): Min: 0.0, Avg: 0.0, Max: 0.0, Diff: 0.0, Sum: 0.0]
      [Object Copy (ms): Min: 111.2, Avg: 122.5, Max: 124.7, Diff: 13.5, Sum: 980.4]
      [Termination (ms): Min: 0.0, Avg: 2.1, Max: 13.5, Diff: 13.5, Sum: 17.0]
         [Termination Attempts: Min: 1, Avg: 3114.5, Max: 4263, Diff: 4262, Sum: 24916]
      [GC Worker Other (ms): Min: 0.0, Avg: 0.0, Max: 0.0, Diff: 0.0, Sum: 0.2]
      [GC Worker Total (ms): Min: 149.1, Avg: 149.1, Max: 149.2, Diff: 0.1, Sum: 1192.9]
      [GC Worker End (ms): Min: 167223.8, Avg: 167223.8, Max: 167223.9, Diff: 0.0]
   [Code Root Fixup: 0.0 ms]
   [Code Root Purge: 0.0 ms]
   [Clear CT: 0.2 ms]
   [Other: 0.8 ms]
      [Choose CSet: 0.0 ms]
      [Ref Proc: 0.1 ms]
      [Ref Enq: 0.0 ms]
      [Redirty Cards: 0.2 ms]
      [Humongous Register: 0.1 ms]
      [Humongous Reclaim: 0.0 ms]
      [Free CSet: 0.2 ms]
   [Eden: 210.0M(210.0M)->0.0B(223.0M) Survivors: 30.0M->30.0M Heap: 522.0M(2048.0M)->523.5M(2048.0M)]
 [Times: user=0.97 sys=0.02, real=0.15 secs] 
2020-09-29T12:26:41.073+0200: 167.360: [GC pause (G1 Evacuation Pause) (young), 0.1774897 secs]
   [Parallel Time: 176.3 ms, GC Workers: 8]
      [GC Worker Start (ms): Min: 167359.9, Avg: 167360.0, Max: 167360.1, Diff: 0.2]
      [Ext Root Scanning (ms): Min: 0.0, Avg: 0.1, Max: 0.1, Diff: 0.1, Sum: 0.6]
      [Update RS (ms): Min: 18.3, Avg: 18.9, Max: 22.5, Diff: 4.2, Sum: 151.4]
         [Processed Buffers: Min: 1, Avg: 18.5, Max: 26, Diff: 25, Sum: 148]
      [Scan RS (ms): Min: 6.8, Avg: 10.7, Max: 13.7, Diff: 7.0, Sum: 85.7]
      [Code Root Scanning (ms): Min: 0.0, Avg: 0.0, Max: 0.0, Diff: 0.0, Sum: 0.0]
      [Object Copy (ms): Min: 143.5, Avg: 146.1, Max: 146.7, Diff: 3.2, Sum: 1168.8]
      [Termination (ms): Min: 0.0, Avg: 0.3, Max: 0.4, Diff: 0.4, Sum: 2.4]
         [Termination Attempts: Min: 1, Avg: 1957.4, Max: 2683, Diff: 2682, Sum: 15659]
      [GC Worker Other (ms): Min: 0.0, Avg: 0.0, Max: 0.0, Diff: 0.0, Sum: 0.2]
      [GC Worker Total (ms): Min: 176.1, Avg: 176.1, Max: 176.2, Diff: 0.1, Sum: 1409.2]
      [GC Worker End (ms): Min: 167536.1, Avg: 167536.1, Max: 167536.2, Diff: 0.1]
   [Code Root Fixup: 0.0 ms]
   [Code Root Purge: 0.0 ms]
   [Clear CT: 0.2 ms]
   [Other: 1.0 ms]
      [Choose CSet: 0.0 ms]
      [Ref Proc: 0.2 ms]
      [Ref Enq: 0.0 ms]
      [Redirty Cards: 0.3 ms]
      [Humongous Register: 0.1 ms]
      [Humongous Reclaim: 0.0 ms]
      [Free CSet: 0.2 ms]
   [Eden: 223.0M(223.0M)->0.0B(223.0M) Survivors: 30.0M->32.0M Heap: 784.6M(2048.0M)->786.6M(2048.0M)]
 [Times: user=1.11 sys=0.00, real=0.18 secs] 
2020-09-29T12:26:41.402+0200: 167.689: [GC pause (G1 Evacuation Pause) (young), 0.1898372 secs]
   [Parallel Time: 188.9 ms, GC Workers: 8]
      [GC Worker Start (ms): Min: 167688.8, Avg: 167692.0, Max: 167714.0, Diff: 25.3]
      [Ext Root Scanning (ms): Min: 0.0, Avg: 0.1, Max: 0.2, Diff: 0.2, Sum: 0.7]
      [Update RS (ms): Min: 0.0, Avg: 18.2, Max: 21.1, Diff: 21.1, Sum: 145.3]
         [Processed Buffers: Min: 0, Avg: 19.6, Max: 23, Diff: 23, Sum: 157]
      [Scan RS (ms): Min: 8.0, Avg: 12.7, Max: 16.4, Diff: 8.4, Sum: 101.6]
      [Code Root Scanning (ms): Min: 0.0, Avg: 0.0, Max: 0.0, Diff: 0.0, Sum: 0.0]
      [Object Copy (ms): Min: 151.0, Avg: 154.4, Max: 155.5, Diff: 4.5, Sum: 1235.3]
      [Termination (ms): Min: 0.0, Avg: 0.2, Max: 0.3, Diff: 0.3, Sum: 1.5]
         [Termination Attempts: Min: 1, Avg: 994.1, Max: 1491, Diff: 1490, Sum: 7953]
      [GC Worker Other (ms): Min: 0.0, Avg: 0.0, Max: 0.0, Diff: 0.0, Sum: 0.1]
      [GC Worker Total (ms): Min: 163.5, Avg: 185.6, Max: 188.8, Diff: 25.3, Sum: 1484.5]
      [GC Worker End (ms): Min: 167877.6, Avg: 167877.6, Max: 167877.6, Diff: 0.0]
   [Code Root Fixup: 0.0 ms]
   [Code Root Purge: 0.0 ms]
   [Clear CT: 0.1 ms]
   [Other: 0.8 ms]
      [Choose CSet: 0.0 ms]
      [Ref Proc: 0.2 ms]
      [Ref Enq: 0.0 ms]
      [Redirty Cards: 0.1 ms]
      [Humongous Register: 0.0 ms]
      [Humongous Reclaim: 0.0 ms]
      [Free CSet: 0.2 ms]
   [Eden: 223.0M(223.0M)->0.0B(218.0M) Survivors: 32.0M->32.0M Heap: 1045.9M(2048.0M)->1047.9M(2048.0M)]
 [Times: user=1.25 sys=0.00, real=0.19 secs] 
2020-09-29T12:26:41.602+0200: 167.889: [GC pause (G1 Humongous Allocation) (young) (initial-mark), 0.0527650 secs]
   [Parallel Time: 51.7 ms, GC Workers: 8]
      [GC Worker Start (ms): Min: 167889.2, Avg: 167889.2, Max: 167889.3, Diff: 0.2]
      [Ext Root Scanning (ms): Min: 0.0, Avg: 0.5, Max: 1.5, Diff: 1.5, Sum: 4.0]
      [Update RS (ms): Min: 32.1, Avg: 33.6, Max: 34.3, Diff: 2.2, Sum: 268.5]
         [Processed Buffers: Min: 30, Avg: 33.9, Max: 37, Diff: 7, Sum: 271]
      [Scan RS (ms): Min: 1.5, Avg: 2.2, Max: 2.8, Diff: 1.4, Sum: 17.7]
      [Code Root Scanning (ms): Min: 0.0, Avg: 0.0, Max: 0.0, Diff: 0.0, Sum: 0.0]
      [Object Copy (ms): Min: 15.1, Avg: 15.3, Max: 15.3, Diff: 0.2, Sum: 122.0]
      [Termination (ms): Min: 0.0, Avg: 0.0, Max: 0.0, Diff: 0.0, Sum: 0.1]
         [Termination Attempts: Min: 1, Avg: 95.9, Max: 119, Diff: 118, Sum: 767]
      [GC Worker Other (ms): Min: 0.0, Avg: 0.0, Max: 0.0, Diff: 0.0, Sum: 0.1]
      [GC Worker Total (ms): Min: 51.5, Avg: 51.6, Max: 51.6, Diff: 0.2, Sum: 412.5]
      [GC Worker End (ms): Min: 167940.8, Avg: 167940.8, Max: 167940.8, Diff: 0.0]
   [Code Root Fixup: 0.0 ms]
   [Code Root Purge: 0.0 ms]
   [Clear CT: 0.3 ms]
   [Other: 0.8 ms]
      [Choose CSet: 0.0 ms]
      [Ref Proc: 0.2 ms]
      [Ref Enq: 0.0 ms]
      [Redirty Cards: 0.2 ms]
      [Humongous Register: 0.1 ms]
      [Humongous Reclaim: 0.0 ms]
      [Free CSet: 0.1 ms]
   [Eden: 3072.0K(218.0M)->0.0B(261.0M) Survivors: 32.0M->5120.0K Heap: 1050.4M(2048.0M)->1055.4M(2048.0M)]
 [Times: user=0.33 sys=0.00, real=0.05 secs] 
2020-09-29T12:26:41.655+0200: 167.942: [GC concurrent-root-region-scan-start]
2020-09-29T12:26:41.656+0200: 167.943: [GC concurrent-root-region-scan-end, 0.0008690 secs]
2020-09-29T12:26:41.656+0200: 167.943: [GC concurrent-mark-start]
2020-09-29T12:26:41.660+0200: 167.947: [GC concurrent-mark-end, 0.0037261 secs]
2020-09-29T12:26:41.660+0200: 167.947: [GC remark 2020-09-29T12:26:41.660+0200: 167.947: [Finalize Marking, 0.0002307 secs] 2020-09-29T12:26:41.661+0200: 167.948: [GC ref-proc, 0.0004003 secs] 2020-09-29T12:26:41.661+0200: 167.948: [Unloading, 0.0004920 secs], 0.0014736 secs]
 [Times: user=0.00 sys=0.00, real=0.00 secs] 
2020-09-29T12:26:41.662+0200: 167.949: [GC cleanup 1067M->31M(2048M), 0.0017269 secs]
 [Times: user=0.00 sys=0.00, real=0.00 secs] 
2020-09-29T12:26:41.664+0200: 167.951: [GC concurrent-cleanup-start]
2020-09-29T12:26:41.666+0200: 167.953: [GC concurrent-cleanup-end, 0.0020373 secs]
2020-09-29T12:26:41.828+0200: 168.116: [GC pause (G1 Evacuation Pause) (young), 0.1393408 secs]
   [Parallel Time: 138.1 ms, GC Workers: 8]
      [GC Worker Start (ms): Min: 168115.6, Avg: 168115.8, Max: 168115.8, Diff: 0.2]
      [Ext Root Scanning (ms): Min: 0.0, Avg: 0.1, Max: 0.2, Diff: 0.2, Sum: 0.5]
      [Update RS (ms): Min: 23.3, Avg: 23.6, Max: 23.9, Diff: 0.6, Sum: 188.5]
         [Processed Buffers: Min: 23, Avg: 26.0, Max: 29, Diff: 6, Sum: 208]
      [Scan RS (ms): Min: 6.7, Avg: 7.0, Max: 7.3, Diff: 0.6, Sum: 56.4]
      [Code Root Scanning (ms): Min: 0.0, Avg: 0.0, Max: 0.0, Diff: 0.0, Sum: 0.0]
      [Object Copy (ms): Min: 106.8, Avg: 107.0, Max: 107.0, Diff: 0.2, Sum: 855.8]
      [Termination (ms): Min: 0.0, Avg: 0.1, Max: 0.1, Diff: 0.1, Sum: 0.5]
         [Termination Attempts: Min: 1, Avg: 67.6, Max: 96, Diff: 95, Sum: 541]
      [GC Worker Other (ms): Min: 0.0, Avg: 0.0, Max: 0.1, Diff: 0.1, Sum: 0.3]
      [GC Worker Total (ms): Min: 137.7, Avg: 137.7, Max: 137.8, Diff: 0.1, Sum: 1101.9]
      [GC Worker End (ms): Min: 168253.5, Avg: 168253.5, Max: 168253.6, Diff: 0.1]
   [Code Root Fixup: 0.0 ms]
   [Code Root Purge: 0.0 ms]
   [Clear CT: 0.2 ms]
   [Other: 1.0 ms]
      [Choose CSet: 0.0 ms]
      [Ref Proc: 0.2 ms]
      [Ref Enq: 0.0 ms]
      [Redirty Cards: 0.2 ms]
      [Humongous Register: 0.0 ms]
      [Humongous Reclaim: 0.0 ms]
      [Free CSet: 0.2 ms]
   [Eden: 261.0M(261.0M)->0.0B(257.0M) Survivors: 5120.0K->34.0M Heap: 324.9M(2048.0M)->321.4M(2048.0M)]
 [Times: user=1.06 sys=0.00, real=0.14 secs] 
2020-09-29T12:26:42.141+0200: 168.427: [GC pause (G1 Evacuation Pause) (young), 0.1471259 secs]
   [Parallel Time: 146.0 ms, GC Workers: 8]
      [GC Worker Start (ms): Min: 168427.4, Avg: 168427.8, Max: 168427.9, Diff: 0.5]
      [Ext Root Scanning (ms): Min: 0.0, Avg: 0.0, Max: 0.2, Diff: 0.2, Sum: 0.2]
      [Update RS (ms): Min: 16.9, Avg: 17.0, Max: 17.4, Diff: 0.5, Sum: 136.1]
         [Processed Buffers: Min: 17, Avg: 18.9, Max: 21, Diff: 4, Sum: 151]
      [Scan RS (ms): Min: 11.3, Avg: 11.7, Max: 11.8, Diff: 0.5, Sum: 93.5]
      [Code Root Scanning (ms): Min: 0.0, Avg: 0.0, Max: 0.0, Diff: 0.0, Sum: 0.0]
      [Object Copy (ms): Min: 116.6, Avg: 116.6, Max: 116.7, Diff: 0.0, Sum: 933.1]
      [Termination (ms): Min: 0.0, Avg: 0.0, Max: 0.0, Diff: 0.0, Sum: 0.2]
         [Termination Attempts: Min: 1, Avg: 188.3, Max: 230, Diff: 229, Sum: 1506]
      [GC Worker Other (ms): Min: 0.0, Avg: 0.0, Max: 0.1, Diff: 0.1, Sum: 0.3]
      [GC Worker Total (ms): Min: 145.3, Avg: 145.4, Max: 145.9, Diff: 0.5, Sum: 1163.6]
      [GC Worker End (ms): Min: 168573.2, Avg: 168573.3, Max: 168573.3, Diff: 0.1]
   [Code Root Fixup: 0.0 ms]
   [Code Root Purge: 0.0 ms]
   [Clear CT: 0.2 ms]
   [Other: 0.9 ms]
      [Choose CSet: 0.0 ms]
      [Ref Proc: 0.2 ms]
      [Ref Enq: 0.0 ms]
      [Redirty Cards: 0.2 ms]
      [Humongous Register: 0.0 ms]
      [Humongous Reclaim: 0.0 ms]
      [Free CSet: 0.3 ms]
   [Eden: 257.0M(257.0M)->0.0B(266.0M) Survivors: 34.0M->37.0M Heap: 622.2M(2048.0M)->624.2M(2048.0M)]
 [Times: user=1.13 sys=0.00, real=0.15 secs] 
2020-09-29T12:26:42.444+0200: 168.730: [GC pause (G1 Evacuation Pause) (young), 0.1531948 secs]
   [Parallel Time: 151.9 ms, GC Workers: 8]
      [GC Worker Start (ms): Min: 168730.0, Avg: 168730.1, Max: 168730.2, Diff: 0.1]
      [Ext Root Scanning (ms): Min: 0.0, Avg: 0.1, Max: 0.1, Diff: 0.1, Sum: 0.6]
      [Update RS (ms): Min: 18.6, Avg: 18.8, Max: 19.0, Diff: 0.4, Sum: 150.0]
         [Processed Buffers: Min: 19, Avg: 21.3, Max: 23, Diff: 4, Sum: 170]
      [Scan RS (ms): Min: 11.3, Avg: 11.5, Max: 11.6, Diff: 0.3, Sum: 91.9]
      [Code Root Scanning (ms): Min: 0.0, Avg: 0.0, Max: 0.0, Diff: 0.0, Sum: 0.0]
      [Object Copy (ms): Min: 121.3, Avg: 121.3, Max: 121.3, Diff: 0.1, Sum: 970.3]
      [Termination (ms): Min: 0.0, Avg: 0.1, Max: 0.2, Diff: 0.2, Sum: 0.9]
         [Termination Attempts: Min: 1, Avg: 535.8, Max: 781, Diff: 780, Sum: 4286]
      [GC Worker Other (ms): Min: 0.0, Avg: 0.0, Max: 0.0, Diff: 0.0, Sum: 0.1]
      [GC Worker Total (ms): Min: 151.7, Avg: 151.7, Max: 151.8, Diff: 0.1, Sum: 1213.8]
      [GC Worker End (ms): Min: 168881.8, Avg: 168881.8, Max: 168881.8, Diff: 0.0]
   [Code Root Fixup: 0.0 ms]
   [Code Root Purge: 0.0 ms]
   [Clear CT: 0.2 ms]
   [Other: 1.1 ms]
      [Choose CSet: 0.0 ms]
      [Ref Proc: 0.2 ms]
      [Ref Enq: 0.0 ms]
      [Redirty Cards: 0.2 ms]
      [Humongous Register: 0.0 ms]
      [Humongous Reclaim: 0.0 ms]
      [Free CSet: 0.4 ms]
   [Eden: 266.0M(266.0M)->0.0B(278.0M) Survivors: 37.0M->38.0M Heap: 934.1M(2048.0M)->936.1M(2048.0M)]
 [Times: user=1.11 sys=0.00, real=0.15 secs] 
2020-09-29T12:26:42.671+0200: 168.957: [GC pause (G1 Humongous Allocation) (young) (initial-mark), 0.0788877 secs]
   [Parallel Time: 77.9 ms, GC Workers: 8]
      [GC Worker Start (ms): Min: 168956.8, Avg: 168956.9, Max: 168956.9, Diff: 0.1]
      [Ext Root Scanning (ms): Min: 0.0, Avg: 0.1, Max: 0.1, Diff: 0.1, Sum: 0.7]
      [Update RS (ms): Min: 21.2, Avg: 21.6, Max: 21.8, Diff: 0.6, Sum: 172.5]
         [Processed Buffers: Min: 22, Avg: 24.3, Max: 25, Diff: 3, Sum: 194]
      [Scan RS (ms): Min: 2.1, Avg: 2.3, Max: 2.7, Diff: 0.5, Sum: 18.8]
      [Code Root Scanning (ms): Min: 0.0, Avg: 0.0, Max: 0.0, Diff: 0.0, Sum: 0.0]
      [Object Copy (ms): Min: 53.6, Avg: 53.6, Max: 53.7, Diff: 0.1, Sum: 429.2]
      [Termination (ms): Min: 0.0, Avg: 0.1, Max: 0.1, Diff: 0.1, Sum: 0.7]
         [Termination Attempts: Min: 1, Avg: 178.9, Max: 245, Diff: 244, Sum: 1431]
      [GC Worker Other (ms): Min: 0.0, Avg: 0.0, Max: 0.0, Diff: 0.0, Sum: 0.1]
      [GC Worker Total (ms): Min: 77.7, Avg: 77.8, Max: 77.8, Diff: 0.1, Sum: 622.1]
      [GC Worker End (ms): Min: 169034.6, Avg: 169034.6, Max: 169034.7, Diff: 0.1]
   [Code Root Fixup: 0.0 ms]
   [Code Root Purge: 0.0 ms]
   [Clear CT: 0.2 ms]
   [Other: 0.8 ms]
      [Choose CSet: 0.0 ms]
      [Ref Proc: 0.1 ms]
      [Ref Enq: 0.0 ms]
      [Redirty Cards: 0.2 ms]
      [Humongous Register: 0.0 ms]
      [Humongous Reclaim: 0.0 ms]
      [Free CSet: 0.1 ms]
   [Eden: 98.0M(278.0M)->0.0B(299.0M) Survivors: 38.0M->40.0M Heap: 1048.9M(2048.0M)->1050.4M(2048.0M)]
 [Times: user=0.63 sys=0.00, real=0.08 secs] 
2020-09-29T12:26:42.750+0200: 169.036: [GC concurrent-root-region-scan-start]
2020-09-29T12:26:42.762+0200: 169.048: [GC concurrent-root-region-scan-end, 0.0124269 secs]
2020-09-29T12:26:42.762+0200: 169.048: [GC concurrent-mark-start]
2020-09-29T12:26:42.766+0200: 169.052: [GC concurrent-mark-end, 0.0034831 secs]
2020-09-29T12:26:42.767+0200: 169.053: [GC remark 2020-09-29T12:26:42.767+0200: 169.053: [Finalize Marking, 0.0002552 secs] 2020-09-29T12:26:42.767+0200: 169.054: [GC ref-proc, 0.0005296 secs] 2020-09-29T12:26:42.768+0200: 169.054: [Unloading, 0.0028208 secs], 0.0043682 secs]
 [Times: user=0.00 sys=0.00, real=0.00 secs] 
2020-09-29T12:26:42.771+0200: 169.058: [GC cleanup 1085M->89M(2048M), 0.0016060 secs]
 [Times: user=0.00 sys=0.00, real=0.00 secs] 
2020-09-29T12:26:42.773+0200: 169.060: [GC concurrent-cleanup-start]
2020-09-29T12:26:42.775+0200: 169.062: [GC concurrent-cleanup-end, 0.0018401 secs]
2020-09-29T12:26:42.954+0200: 169.241: [GC pause (G1 Evacuation Pause) (young), 0.1672315 secs]
   [Parallel Time: 166.0 ms, GC Workers: 8]
      [GC Worker Start (ms): Min: 169240.6, Avg: 169240.7, Max: 169240.8, Diff: 0.1]
      [Ext Root Scanning (ms): Min: 0.0, Avg: 0.1, Max: 0.1, Diff: 0.1, Sum: 0.7]
      [Update RS (ms): Min: 23.0, Avg: 23.4, Max: 25.9, Diff: 2.9, Sum: 187.4]
         [Processed Buffers: Min: 0, Avg: 22.1, Max: 29, Diff: 29, Sum: 177]
      [Scan RS (ms): Min: 11.6, Avg: 14.1, Max: 14.5, Diff: 2.9, Sum: 112.7]
      [Code Root Scanning (ms): Min: 0.0, Avg: 0.0, Max: 0.0, Diff: 0.0, Sum: 0.0]
      [Object Copy (ms): Min: 127.9, Avg: 128.0, Max: 128.1, Diff: 0.2, Sum: 1024.0]
      [Termination (ms): Min: 0.0, Avg: 0.1, Max: 0.1, Diff: 0.1, Sum: 0.9]
         [Termination Attempts: Min: 1, Avg: 814.3, Max: 1017, Diff: 1016, Sum: 6514]
      [GC Worker Other (ms): Min: 0.0, Avg: 0.0, Max: 0.1, Diff: 0.1, Sum: 0.4]
      [GC Worker Total (ms): Min: 165.7, Avg: 165.8, Max: 165.9, Diff: 0.2, Sum: 1326.1]
      [GC Worker End (ms): Min: 169406.4, Avg: 169406.5, Max: 169406.5, Diff: 0.1]
   [Code Root Fixup: 0.0 ms]
   [Code Root Purge: 0.0 ms]
   [Clear CT: 0.3 ms]
   [Other: 1.0 ms]
      [Choose CSet: 0.0 ms]
      [Ref Proc: 0.3 ms]
      [Ref Enq: 0.0 ms]
      [Redirty Cards: 0.3 ms]
      [Humongous Register: 0.0 ms]
      [Humongous Reclaim: 0.0 ms]
      [Free CSet: 0.2 ms]
   [Eden: 299.0M(299.0M)->0.0B(302.0M) Survivors: 40.0M->43.0M Heap: 405.5M(2048.0M)->367.5M(2048.0M)]
 [Times: user=1.34 sys=0.00, real=0.17 secs] 
2020-09-29T12:26:43.288+0200: 169.574: [GC pause (G1 Evacuation Pause) (young), 0.1794121 secs]
   [Parallel Time: 178.2 ms, GC Workers: 8]
      [GC Worker Start (ms): Min: 169574.5, Avg: 169574.6, Max: 169574.7, Diff: 0.2]
      [Ext Root Scanning (ms): Min: 0.0, Avg: 0.1, Max: 0.2, Diff: 0.2, Sum: 0.5]
      [Update RS (ms): Min: 20.2, Avg: 20.5, Max: 20.8, Diff: 0.6, Sum: 163.8]
         [Processed Buffers: Min: 18, Avg: 20.6, Max: 25, Diff: 7, Sum: 165]
      [Scan RS (ms): Min: 18.1, Avg: 18.5, Max: 18.8, Diff: 0.6, Sum: 148.0]
      [Code Root Scanning (ms): Min: 0.0, Avg: 0.0, Max: 0.0, Diff: 0.0, Sum: 0.0]
      [Object Copy (ms): Min: 138.7, Avg: 138.9, Max: 138.9, Diff: 0.3, Sum: 1110.9]
      [Termination (ms): Min: 0.0, Avg: 0.0, Max: 0.0, Diff: 0.0, Sum: 0.1]
         [Termination Attempts: Min: 1, Avg: 60.8, Max: 85, Diff: 84, Sum: 486]
      [GC Worker Other (ms): Min: 0.0, Avg: 0.0, Max: 0.1, Diff: 0.1, Sum: 0.2]
      [GC Worker Total (ms): Min: 177.9, Avg: 177.9, Max: 178.1, Diff: 0.2, Sum: 1423.6]
      [GC Worker End (ms): Min: 169752.5, Avg: 169752.6, Max: 169752.6, Diff: 0.1]
   [Code Root Fixup: 0.0 ms]
   [Code Root Purge: 0.0 ms]
   [Clear CT: 0.2 ms]
   [Other: 1.0 ms]
      [Choose CSet: 0.0 ms]
      [Ref Proc: 0.2 ms]
      [Ref Enq: 0.0 ms]
      [Redirty Cards: 0.3 ms]
      [Humongous Register: 0.0 ms]
      [Humongous Reclaim: 0.0 ms]
      [Free CSet: 0.3 ms]
   [Eden: 302.0M(302.0M)->0.0B(300.0M) Survivors: 43.0M->44.0M Heap: 719.1M(2048.0M)->721.6M(2048.0M)]
 [Times: user=1.34 sys=0.00, real=0.18 secs] 
2020-09-29T12:26:43.641+0200: 169.927: [GC pause (G1 Evacuation Pause) (young), 0.1594849 secs]
   [Parallel Time: 158.3 ms, GC Workers: 8]
      [GC Worker Start (ms): Min: 169927.6, Avg: 169927.7, Max: 169927.8, Diff: 0.2]
      [Ext Root Scanning (ms): Min: 0.0, Avg: 0.1, Max: 0.2, Diff: 0.2, Sum: 0.4]
      [Update RS (ms): Min: 14.9, Avg: 15.1, Max: 15.5, Diff: 0.6, Sum: 120.9]
         [Processed Buffers: Min: 15, Avg: 17.3, Max: 20, Diff: 5, Sum: 138]
      [Scan RS (ms): Min: 16.4, Avg: 16.7, Max: 16.9, Diff: 0.4, Sum: 133.5]
      [Code Root Scanning (ms): Min: 0.0, Avg: 0.0, Max: 0.0, Diff: 0.0, Sum: 0.0]
      [Object Copy (ms): Min: 126.0, Avg: 126.2, Max: 126.3, Diff: 0.2, Sum: 1009.6]
      [Termination (ms): Min: 0.0, Avg: 0.0, Max: 0.0, Diff: 0.0, Sum: 0.2]
         [Termination Attempts: Min: 1, Avg: 141.0, Max: 210, Diff: 209, Sum: 1128]
      [GC Worker Other (ms): Min: 0.0, Avg: 0.0, Max: 0.1, Diff: 0.0, Sum: 0.3]
      [GC Worker Total (ms): Min: 158.0, Avg: 158.1, Max: 158.2, Diff: 0.2, Sum: 1264.9]
      [GC Worker End (ms): Min: 170085.8, Avg: 170085.8, Max: 170085.8, Diff: 0.0]
   [Code Root Fixup: 0.0 ms]
   [Code Root Purge: 0.0 ms]
   [Clear CT: 0.2 ms]
   [Other: 1.0 ms]
      [Choose CSet: 0.0 ms]
      [Ref Proc: 0.2 ms]
      [Ref Enq: 0.0 ms]
      [Redirty Cards: 0.3 ms]
      [Humongous Register: 0.0 ms]
      [Humongous Reclaim: 0.0 ms]
      [Free CSet: 0.3 ms]
   [Eden: 300.0M(300.0M)->0.0B(308.0M) Survivors: 44.0M->43.0M Heap: 1071.2M(2048.0M)->1072.7M(2048.0M)]
 [Times: user=1.23 sys=0.00, real=0.16 secs] 
2020-09-29T12:26:43.819+0200: 170.106: [GC pause (G1 Humongous Allocation) (young) (initial-mark), 0.0557529 secs]
   [Parallel Time: 54.9 ms, GC Workers: 8]
      [GC Worker Start (ms): Min: 170106.0, Avg: 170106.0, Max: 170106.1, Diff: 0.1]
      [Ext Root Scanning (ms): Min: 0.0, Avg: 4.7, Max: 32.1, Diff: 32.1, Sum: 37.9]
      [Update RS (ms): Min: 0.0, Avg: 24.1, Max: 28.5, Diff: 28.5, Sum: 192.5]
         [Processed Buffers: Min: 0, Avg: 28.8, Max: 35, Diff: 35, Sum: 230]
      [Scan RS (ms): Min: 0.0, Avg: 2.7, Max: 3.3, Diff: 3.3, Sum: 21.9]
      [Code Root Scanning (ms): Min: 0.0, Avg: 0.0, Max: 0.0, Diff: 0.0, Sum: 0.0]
      [Object Copy (ms): Min: 22.6, Avg: 23.2, Max: 23.3, Diff: 0.7, Sum: 185.3]
      [Termination (ms): Min: 0.0, Avg: 0.0, Max: 0.0, Diff: 0.0, Sum: 0.0]
         [Termination Attempts: Min: 1, Avg: 3.6, Max: 9, Diff: 8, Sum: 29]
      [GC Worker Other (ms): Min: 0.0, Avg: 0.0, Max: 0.0, Diff: 0.0, Sum: 0.2]
      [GC Worker Total (ms): Min: 54.6, Avg: 54.7, Max: 54.8, Diff: 0.2, Sum: 437.7]
      [GC Worker End (ms): Min: 170160.7, Avg: 170160.7, Max: 170160.7, Diff: 0.0]
   [Code Root Fixup: 0.0 ms]
   [Code Root Purge: 0.0 ms]
   [Clear CT: 0.2 ms]
   [Other: 0.7 ms]
      [Choose CSet: 0.0 ms]
      [Ref Proc: 0.1 ms]
      [Ref Enq: 0.0 ms]
      [Redirty Cards: 0.2 ms]
      [Humongous Register: 0.1 ms]
      [Humongous Reclaim: 0.0 ms]
      [Free CSet: 0.1 ms]
   [Eden: 4096.0K(308.0M)->0.0B(335.0M) Survivors: 43.0M->6144.0K Heap: 1076.2M(2048.0M)->1080.7M(2048.0M)]
 [Times: user=0.34 sys=0.00, real=0.06 secs] 
2020-09-29T12:26:43.875+0200: 170.162: [GC concurrent-root-region-scan-start]
2020-09-29T12:26:43.876+0200: 170.163: [GC concurrent-root-region-scan-end, 0.0011531 secs]
2020-09-29T12:26:43.876+0200: 170.163: [GC concurrent-mark-start]
2020-09-29T12:26:43.880+0200: 170.166: [GC concurrent-mark-end, 0.0034385 secs]
2020-09-29T12:26:43.880+0200: 170.166: [GC remark 2020-09-29T12:26:43.880+0200: 170.166: [Finalize Marking, 0.0002120 secs] 2020-09-29T12:26:43.880+0200: 170.167: [GC ref-proc, 0.0002938 secs] 2020-09-29T12:26:43.880+0200: 170.167: [Unloading, 0.0004882 secs], 0.0013714 secs]
 [Times: user=0.00 sys=0.00, real=0.00 secs] 
2020-09-29T12:26:43.882+0200: 170.168: [GC cleanup 1091M->31M(2048M), 0.0012787 secs]
 [Times: user=0.00 sys=0.00, real=0.00 secs] 
2020-09-29T12:26:43.883+0200: 170.170: [GC concurrent-cleanup-start]
2020-09-29T12:26:43.884+0200: 170.171: [GC concurrent-cleanup-end, 0.0014169 secs]
2020-09-29T12:26:44.051+0200: 170.337: [GC pause (G1 Evacuation Pause) (young), 0.1602615 secs]
   [Parallel Time: 157.6 ms, GC Workers: 8]
      [GC Worker Start (ms): Min: 170337.5, Avg: 170337.6, Max: 170337.7, Diff: 0.2]
      [Ext Root Scanning (ms): Min: 0.0, Avg: 0.1, Max: 0.2, Diff: 0.2, Sum: 0.4]
      [Update RS (ms): Min: 14.4, Avg: 14.5, Max: 14.6, Diff: 0.2, Sum: 115.7]
         [Processed Buffers: Min: 15, Avg: 17.0, Max: 20, Diff: 5, Sum: 136]
      [Scan RS (ms): Min: 16.7, Avg: 16.9, Max: 17.0, Diff: 0.3, Sum: 135.0]
      [Code Root Scanning (ms): Min: 0.0, Avg: 0.0, Max: 0.0, Diff: 0.0, Sum: 0.0]
      [Object Copy (ms): Min: 125.4, Avg: 125.5, Max: 125.6, Diff: 0.2, Sum: 1004.1]
      [Termination (ms): Min: 0.0, Avg: 0.0, Max: 0.1, Diff: 0.1, Sum: 0.4]
         [Termination Attempts: Min: 1, Avg: 353.8, Max: 456, Diff: 455, Sum: 2830]
      [GC Worker Other (ms): Min: 0.0, Avg: 0.0, Max: 0.1, Diff: 0.1, Sum: 0.4]
      [GC Worker Total (ms): Min: 156.9, Avg: 157.0, Max: 157.1, Diff: 0.2, Sum: 1256.1]
      [GC Worker End (ms): Min: 170494.6, Avg: 170494.6, Max: 170494.7, Diff: 0.1]
   [Code Root Fixup: 0.0 ms]
   [Code Root Purge: 0.0 ms]
   [Clear CT: 0.5 ms]
   [Other: 2.2 ms]
      [Choose CSet: 0.0 ms]
      [Ref Proc: 0.3 ms]
      [Ref Enq: 0.0 ms]
      [Redirty Cards: 1.5 ms]
      [Humongous Register: 0.0 ms]
      [Humongous Reclaim: 0.0 ms]
      [Free CSet: 0.2 ms]
   [Eden: 335.0M(335.0M)->0.0B(310.0M) Survivors: 6144.0K->43.0M Heap: 413.2M(2048.0M)->409.2M(2048.0M)]
 [Times: user=1.25 sys=0.00, real=0.16 secs] 
2020-09-29T12:26:44.377+0200: 170.664: [GC pause (G1 Evacuation Pause) (young), 0.1724297 secs]
   [Parallel Time: 171.3 ms, GC Workers: 8]
      [GC Worker Start (ms): Min: 170664.2, Avg: 170664.2, Max: 170664.3, Diff: 0.2]
      [Ext Root Scanning (ms): Min: 0.0, Avg: 0.1, Max: 0.1, Diff: 0.1, Sum: 0.6]
      [Update RS (ms): Min: 14.5, Avg: 14.6, Max: 15.1, Diff: 0.6, Sum: 117.0]
         [Processed Buffers: Min: 10, Avg: 17.5, Max: 22, Diff: 12, Sum: 140]
      [Scan RS (ms): Min: 16.5, Avg: 17.1, Max: 17.3, Diff: 0.7, Sum: 136.4]
      [Code Root Scanning (ms): Min: 0.0, Avg: 0.0, Max: 0.0, Diff: 0.0, Sum: 0.0]
      [Object Copy (ms): Min: 138.9, Avg: 139.1, Max: 139.2, Diff: 0.3, Sum: 1112.4]
      [Termination (ms): Min: 0.0, Avg: 0.1, Max: 0.2, Diff: 0.2, Sum: 1.1]
         [Termination Attempts: Min: 1, Avg: 930.5, Max: 1133, Diff: 1132, Sum: 7444]
      [GC Worker Other (ms): Min: 0.0, Avg: 0.1, Max: 0.1, Diff: 0.1, Sum: 0.5]
      [GC Worker Total (ms): Min: 170.9, Avg: 171.0, Max: 171.1, Diff: 0.1, Sum: 1368.1]
      [GC Worker End (ms): Min: 170835.2, Avg: 170835.2, Max: 170835.3, Diff: 0.1]
   [Code Root Fixup: 0.0 ms]
   [Code Root Purge: 0.0 ms]
   [Clear CT: 0.2 ms]
   [Other: 0.9 ms]
      [Choose CSet: 0.0 ms]
      [Ref Proc: 0.1 ms]
      [Ref Enq: 0.0 ms]
      [Redirty Cards: 0.3 ms]
      [Humongous Register: 0.0 ms]
      [Humongous Reclaim: 0.0 ms]
      [Free CSet: 0.3 ms]
   [Eden: 310.0M(310.0M)->0.0B(307.0M) Survivors: 43.0M->45.0M Heap: 770.7M(2048.0M)->772.7M(2048.0M)]
 [Times: user=1.30 sys=0.00, real=0.17 secs] 
2020-09-29T12:26:44.727+0200: 171.014: [GC pause (G1 Evacuation Pause) (young), 0.1700520 secs]
   [Parallel Time: 168.7 ms, GC Workers: 8]
      [GC Worker Start (ms): Min: 171013.8, Avg: 171013.9, Max: 171013.9, Diff: 0.2]
      [Ext Root Scanning (ms): Min: 0.0, Avg: 0.1, Max: 0.2, Diff: 0.2, Sum: 0.5]
      [Update RS (ms): Min: 19.8, Avg: 20.0, Max: 20.4, Diff: 0.6, Sum: 160.2]
         [Processed Buffers: Min: 19, Avg: 22.8, Max: 26, Diff: 7, Sum: 182]
      [Scan RS (ms): Min: 14.6, Avg: 15.1, Max: 15.3, Diff: 0.7, Sum: 120.6]
      [Code Root Scanning (ms): Min: 0.0, Avg: 0.0, Max: 0.0, Diff: 0.0, Sum: 0.0]
      [Object Copy (ms): Min: 133.2, Avg: 133.3, Max: 133.3, Diff: 0.1, Sum: 1066.0]
      [Termination (ms): Min: 0.0, Avg: 0.0, Max: 0.0, Diff: 0.0, Sum: 0.1]
         [Termination Attempts: Min: 1, Avg: 76.0, Max: 108, Diff: 107, Sum: 608]
      [GC Worker Other (ms): Min: 0.0, Avg: 0.1, Max: 0.1, Diff: 0.1, Sum: 0.4]
      [GC Worker Total (ms): Min: 168.4, Avg: 168.5, Max: 168.6, Diff: 0.1, Sum: 1347.9]
      [GC Worker End (ms): Min: 171182.3, Avg: 171182.4, Max: 171182.4, Diff: 0.1]
   [Code Root Fixup: 0.0 ms]
   [Code Root Purge: 0.0 ms]
   [Clear CT: 0.4 ms]
   [Other: 1.0 ms]
      [Choose CSet: 0.0 ms]
      [Ref Proc: 0.2 ms]
      [Ref Enq: 0.0 ms]
      [Redirty Cards: 0.2 ms]
      [Humongous Register: 0.0 ms]
      [Humongous Reclaim: 0.0 ms]
      [Free CSet: 0.3 ms]
   [Eden: 307.0M(307.0M)->0.0B(311.0M) Survivors: 45.0M->44.0M Heap: 1131.2M(2048.0M)->1134.2M(2048.0M)]
 [Times: user=1.38 sys=0.00, real=0.17 secs] 
2020-09-29T12:26:44.919+0200: 171.205: [GC pause (G1 Humongous Allocation) (young) (initial-mark), 0.0585878 secs]
   [Parallel Time: 57.6 ms, GC Workers: 8]
      [GC Worker Start (ms): Min: 171205.5, Avg: 171205.5, Max: 171205.6, Diff: 0.1]
      [Ext Root Scanning (ms): Min: 0.0, Avg: 0.2, Max: 0.8, Diff: 0.8, Sum: 1.7]
      [Update RS (ms): Min: 24.5, Avg: 25.0, Max: 27.0, Diff: 2.6, Sum: 200.0]
         [Processed Buffers: Min: 19, Avg: 27.3, Max: 30, Diff: 11, Sum: 218]
      [Scan RS (ms): Min: 0.4, Avg: 3.1, Max: 3.7, Diff: 3.3, Sum: 24.5]
      [Code Root Scanning (ms): Min: 0.0, Avg: 0.0, Max: 0.0, Diff: 0.0, Sum: 0.0]
      [Object Copy (ms): Min: 29.1, Avg: 29.1, Max: 29.2, Diff: 0.1, Sum: 233.0]
      [Termination (ms): Min: 0.0, Avg: 0.0, Max: 0.0, Diff: 0.0, Sum: 0.2]
         [Termination Attempts: Min: 1, Avg: 176.1, Max: 249, Diff: 248, Sum: 1409]
      [GC Worker Other (ms): Min: 0.0, Avg: 0.0, Max: 0.1, Diff: 0.1, Sum: 0.4]
      [GC Worker Total (ms): Min: 57.4, Avg: 57.5, Max: 57.5, Diff: 0.2, Sum: 459.8]
      [GC Worker End (ms): Min: 171263.0, Avg: 171263.0, Max: 171263.0, Diff: 0.1]
   [Code Root Fixup: 0.0 ms]
   [Code Root Purge: 0.0 ms]
   [Clear CT: 0.1 ms]
   [Other: 0.8 ms]
      [Choose CSet: 0.0 ms]
      [Ref Proc: 0.2 ms]
      [Ref Enq: 0.0 ms]
      [Redirty Cards: 0.2 ms]
      [Humongous Register: 0.1 ms]
      [Humongous Reclaim: 0.0 ms]
      [Free CSet: 0.1 ms]
   [Eden: 10.0M(311.0M)->0.0B(316.0M) Survivors: 44.0M->12.0M Heap: 1143.7M(2048.0M)->1148.2M(2048.0M)]
 [Times: user=0.47 sys=0.00, real=0.06 secs] 
2020-09-29T12:26:44.977+0200: 171.264: [GC concurrent-root-region-scan-start]
2020-09-29T12:26:44.981+0200: 171.267: [GC concurrent-root-region-scan-end, 0.0033500 secs]
2020-09-29T12:26:44.981+0200: 171.267: [GC concurrent-mark-start]
2020-09-29T12:26:44.983+0200: 171.270: [GC concurrent-mark-end, 0.0026564 secs]
2020-09-29T12:26:44.984+0200: 171.270: [GC remark 2020-09-29T12:26:44.984+0200: 171.270: [Finalize Marking, 0.0001972 secs] 2020-09-29T12:26:44.984+0200: 171.270: [GC ref-proc, 0.0002924 secs] 2020-09-29T12:26:44.984+0200: 171.271: [Unloading, 0.0005214 secs], 0.0013471 secs]
 [Times: user=0.00 sys=0.00, real=0.00 secs] 
2020-09-29T12:26:44.985+0200: 171.272: [GC cleanup 1161M->39M(2048M), 0.0016177 secs]
 [Times: user=0.00 sys=0.00, real=0.00 secs] 
2020-09-29T12:26:44.987+0200: 171.274: [GC concurrent-cleanup-start]
2020-09-29T12:26:44.990+0200: 171.276: [GC concurrent-cleanup-end, 0.0025781 secs]
2020-09-29T12:26:45.177+0200: 171.463: [GC pause (G1 Evacuation Pause) (young), 0.1668578 secs]
   [Parallel Time: 165.7 ms, GC Workers: 8]
      [GC Worker Start (ms): Min: 171463.5, Avg: 171463.5, Max: 171463.6, Diff: 0.1]
      [Ext Root Scanning (ms): Min: 0.0, Avg: 0.1, Max: 0.1, Diff: 0.1, Sum: 0.7]
      [Update RS (ms): Min: 14.2, Avg: 14.4, Max: 14.8, Diff: 0.6, Sum: 115.1]
         [Processed Buffers: Min: 13, Avg: 14.5, Max: 16, Diff: 3, Sum: 116]
      [Scan RS (ms): Min: 18.0, Avg: 18.4, Max: 18.6, Diff: 0.6, Sum: 147.4]
      [Code Root Scanning (ms): Min: 0.0, Avg: 0.0, Max: 0.0, Diff: 0.0, Sum: 0.0]
      [Object Copy (ms): Min: 132.3, Avg: 132.5, Max: 132.6, Diff: 0.3, Sum: 1059.8]
      [Termination (ms): Min: 0.0, Avg: 0.1, Max: 0.2, Diff: 0.2, Sum: 1.2]
         [Termination Attempts: Min: 1, Avg: 988.5, Max: 1413, Diff: 1412, Sum: 7908]
      [GC Worker Other (ms): Min: 0.0, Avg: 0.0, Max: 0.1, Diff: 0.0, Sum: 0.3]
      [GC Worker Total (ms): Min: 165.5, Avg: 165.6, Max: 165.6, Diff: 0.1, Sum: 1324.5]
      [GC Worker End (ms): Min: 171629.0, Avg: 171629.1, Max: 171629.1, Diff: 0.0]
   [Code Root Fixup: 0.0 ms]
   [Code Root Purge: 0.0 ms]
   [Clear CT: 0.2 ms]
   [Other: 1.0 ms]
      [Choose CSet: 0.0 ms]
      [Ref Proc: 0.2 ms]
      [Ref Enq: 0.0 ms]
      [Redirty Cards: 0.2 ms]
      [Humongous Register: 0.0 ms]
      [Humongous Reclaim: 0.0 ms]
      [Free CSet: 0.3 ms]
   [Eden: 316.0M(316.0M)->0.0B(292.0M) Survivors: 12.0M->41.0M Heap: 396.4M(2048.0M)->386.4M(2048.0M)]
 [Times: user=1.19 sys=0.00, real=0.17 secs] 
2020-09-29T12:26:45.500+0200: 171.787: [GC pause (G1 Evacuation Pause) (young), 0.1591839 secs]
   [Parallel Time: 158.0 ms, GC Workers: 8]
      [GC Worker Start (ms): Min: 171786.8, Avg: 171786.9, Max: 171787.0, Diff: 0.2]
      [Ext Root Scanning (ms): Min: 0.0, Avg: 0.1, Max: 0.2, Diff: 0.2, Sum: 0.4]
      [Update RS (ms): Min: 13.4, Avg: 13.5, Max: 13.7, Diff: 0.3, Sum: 108.1]
         [Processed Buffers: Min: 15, Avg: 16.8, Max: 20, Diff: 5, Sum: 134]
      [Scan RS (ms): Min: 15.7, Avg: 15.9, Max: 16.1, Diff: 0.4, Sum: 127.2]
      [Code Root Scanning (ms): Min: 0.0, Avg: 0.0, Max: 0.0, Diff: 0.0, Sum: 0.0]
      [Object Copy (ms): Min: 128.1, Avg: 128.3, Max: 128.3, Diff: 0.2, Sum: 1026.3]
      [Termination (ms): Min: 0.0, Avg: 0.0, Max: 0.0, Diff: 0.0, Sum: 0.3]
         [Termination Attempts: Min: 1, Avg: 219.9, Max: 279, Diff: 278, Sum: 1759]
      [GC Worker Other (ms): Min: 0.0, Avg: 0.0, Max: 0.1, Diff: 0.1, Sum: 0.3]
      [GC Worker Total (ms): Min: 157.7, Avg: 157.8, Max: 157.9, Diff: 0.2, Sum: 1262.6]
      [GC Worker End (ms): Min: 171944.7, Avg: 171944.7, Max: 171944.7, Diff: 0.1]
   [Code Root Fixup: 0.0 ms]
   [Code Root Purge: 0.0 ms]
   [Clear CT: 0.2 ms]
   [Other: 1.0 ms]
      [Choose CSet: 0.0 ms]
      [Ref Proc: 0.2 ms]
      [Ref Enq: 0.0 ms]
      [Redirty Cards: 0.2 ms]
      [Humongous Register: 0.0 ms]
      [Humongous Reclaim: 0.0 ms]
      [Free CSet: 0.3 ms]
   [Eden: 292.0M(292.0M)->0.0B(299.0M) Survivors: 41.0M->42.0M Heap: 728.0M(2048.0M)->730.0M(2048.0M)]
 [Times: user=1.25 sys=0.00, real=0.16 secs] 
2020-09-29T12:26:45.841+0200: 172.127: [GC pause (G1 Evacuation Pause) (young), 0.1882989 secs]
   [Parallel Time: 187.2 ms, GC Workers: 8]
      [GC Worker Start (ms): Min: 172127.3, Avg: 172127.4, Max: 172127.5, Diff: 0.2]
      [Ext Root Scanning (ms): Min: 0.0, Avg: 0.1, Max: 0.2, Diff: 0.2, Sum: 0.5]
      [Update RS (ms): Min: 22.6, Avg: 22.7, Max: 23.0, Diff: 0.4, Sum: 181.8]
         [Processed Buffers: Min: 20, Avg: 23.9, Max: 28, Diff: 8, Sum: 191]
      [Scan RS (ms): Min: 16.3, Avg: 16.6, Max: 16.8, Diff: 0.5, Sum: 132.8]
      [Code Root Scanning (ms): Min: 0.0, Avg: 0.0, Max: 0.0, Diff: 0.0, Sum: 0.0]
      [Object Copy (ms): Min: 147.4, Avg: 147.5, Max: 147.6, Diff: 0.2, Sum: 1180.1]
      [Termination (ms): Min: 0.0, Avg: 0.1, Max: 0.1, Diff: 0.1, Sum: 0.4]
         [Termination Attempts: Min: 1, Avg: 369.8, Max: 490, Diff: 489, Sum: 2958]
      [GC Worker Other (ms): Min: 0.0, Avg: 0.0, Max: 0.1, Diff: 0.1, Sum: 0.3]
      [GC Worker Total (ms): Min: 186.9, Avg: 187.0, Max: 187.2, Diff: 0.2, Sum: 1495.9]
      [GC Worker End (ms): Min: 172314.4, Avg: 172314.4, Max: 172314.4, Diff: 0.1]
   [Code Root Fixup: 0.0 ms]
   [Code Root Purge: 0.0 ms]
   [Clear CT: 0.1 ms]
   [Other: 0.9 ms]
      [Choose CSet: 0.0 ms]
      [Ref Proc: 0.1 ms]
      [Ref Enq: 0.0 ms]
      [Redirty Cards: 0.2 ms]
      [Humongous Register: 0.0 ms]
      [Humongous Reclaim: 0.0 ms]
      [Free CSet: 0.3 ms]
   [Eden: 299.0M(299.0M)->0.0B(287.0M) Survivors: 42.0M->43.0M Heap: 1078.6M(2048.0M)->1081.1M(2048.0M)]
 [Times: user=1.44 sys=0.01, real=0.19 secs] 
2020-09-29T12:26:46.047+0200: 172.334: [GC pause (G1 Humongous Allocation) (young) (initial-mark), 0.0535346 secs]
   [Parallel Time: 52.5 ms, GC Workers: 8]
      [GC Worker Start (ms): Min: 172334.2, Avg: 172334.2, Max: 172334.2, Diff: 0.1]
      [Ext Root Scanning (ms): Min: 0.1, Avg: 0.1, Max: 0.1, Diff: 0.1, Sum: 0.8]
      [Update RS (ms): Min: 26.2, Avg: 26.4, Max: 26.5, Diff: 0.3, Sum: 210.9]
         [Processed Buffers: Min: 27, Avg: 29.6, Max: 32, Diff: 5, Sum: 237]
      [Scan RS (ms): Min: 2.6, Avg: 2.7, Max: 2.9, Diff: 0.3, Sum: 21.7]
      [Code Root Scanning (ms): Min: 0.0, Avg: 0.0, Max: 0.0, Diff: 0.0, Sum: 0.0]
      [Object Copy (ms): Min: 23.1, Avg: 23.2, Max: 23.2, Diff: 0.1, Sum: 185.4]
      [Termination (ms): Min: 0.0, Avg: 0.1, Max: 0.1, Diff: 0.1, Sum: 0.4]
         [Termination Attempts: Min: 1, Avg: 370.5, Max: 528, Diff: 527, Sum: 2964]
      [GC Worker Other (ms): Min: 0.0, Avg: 0.0, Max: 0.0, Diff: 0.0, Sum: 0.1]
      [GC Worker Total (ms): Min: 52.4, Avg: 52.4, Max: 52.5, Diff: 0.1, Sum: 419.5]
      [GC Worker End (ms): Min: 172386.6, Avg: 172386.7, Max: 172386.7, Diff: 0.0]
   [Code Root Fixup: 0.0 ms]
   [Code Root Purge: 0.0 ms]
   [Clear CT: 0.1 ms]
   [Other: 0.9 ms]
      [Choose CSet: 0.0 ms]
      [Ref Proc: 0.2 ms]
      [Ref Enq: 0.0 ms]
      [Redirty Cards: 0.2 ms]
      [Humongous Register: 0.1 ms]
      [Humongous Reclaim: 0.0 ms]
      [Free CSet: 0.1 ms]
   [Eden: 9216.0K(287.0M)->0.0B(330.0M) Survivors: 43.0M->11.0M Heap: 1090.1M(2048.0M)->1094.6M(2048.0M)]
 [Times: user=0.48 sys=0.00, real=0.05 secs] 
2020-09-29T12:26:46.101+0200: 172.388: [GC concurrent-root-region-scan-start]
2020-09-29T12:26:46.104+0200: 172.391: [GC concurrent-root-region-scan-end, 0.0031734 secs]
2020-09-29T12:26:46.104+0200: 172.391: [GC concurrent-mark-start]
2020-09-29T12:26:46.108+0200: 172.395: [GC concurrent-mark-end, 0.0037027 secs]
2020-09-29T12:26:46.108+0200: 172.395: [GC remark 2020-09-29T12:26:46.108+0200: 172.395: [Finalize Marking, 0.0002365 secs] 2020-09-29T12:26:46.109+0200: 172.395: [GC ref-proc, 0.0004166 secs] 2020-09-29T12:26:46.109+0200: 172.396: [Unloading, 0.0005819 secs], 0.0016022 secs]
 [Times: user=0.00 sys=0.00, real=0.00 secs] 
2020-09-29T12:26:46.110+0200: 172.397: [GC cleanup 1111M->42M(2048M), 0.0016243 secs]
 [Times: user=0.00 sys=0.00, real=0.00 secs] 
2020-09-29T12:26:46.112+0200: 172.399: [GC concurrent-cleanup-start]
2020-09-29T12:26:46.114+0200: 172.401: [GC concurrent-cleanup-end, 0.0019927 secs]
2020-09-29T12:26:46.286+0200: 172.573: [GC pause (G1 Evacuation Pause) (young), 0.1737627 secs]
   [Parallel Time: 172.7 ms, GC Workers: 8]
      [GC Worker Start (ms): Min: 172572.9, Avg: 172573.0, Max: 172573.0, Diff: 0.1]
      [Ext Root Scanning (ms): Min: 0.0, Avg: 0.1, Max: 0.1, Diff: 0.1, Sum: 0.6]
      [Update RS (ms): Min: 12.2, Avg: 12.4, Max: 12.6, Diff: 0.4, Sum: 98.8]
         [Processed Buffers: Min: 14, Avg: 15.1, Max: 18, Diff: 4, Sum: 121]
      [Scan RS (ms): Min: 15.3, Avg: 15.6, Max: 15.7, Diff: 0.4, Sum: 124.4]
      [Code Root Scanning (ms): Min: 0.0, Avg: 0.0, Max: 0.0, Diff: 0.0, Sum: 0.0]
      [Object Copy (ms): Min: 144.1, Avg: 144.2, Max: 144.5, Diff: 0.4, Sum: 1154.0]
      [Termination (ms): Min: 0.0, Avg: 0.3, Max: 0.4, Diff: 0.4, Sum: 2.4]
         [Termination Attempts: Min: 1, Avg: 2170.9, Max: 2862, Diff: 2861, Sum: 17367]
      [GC Worker Other (ms): Min: 0.0, Avg: 0.0, Max: 0.1, Diff: 0.1, Sum: 0.3]
      [GC Worker Total (ms): Min: 172.5, Avg: 172.6, Max: 172.6, Diff: 0.1, Sum: 1380.5]
      [GC Worker End (ms): Min: 172745.5, Avg: 172745.5, Max: 172745.5, Diff: 0.1]
   [Code Root Fixup: 0.0 ms]
   [Code Root Purge: 0.0 ms]
   [Clear CT: 0.1 ms]
   [Other: 0.9 ms]
      [Choose CSet: 0.0 ms]
      [Ref Proc: 0.2 ms]
      [Ref Enq: 0.0 ms]
      [Redirty Cards: 0.2 ms]
      [Humongous Register: 0.0 ms]
      [Humongous Reclaim: 0.0 ms]
      [Free CSet: 0.3 ms]
   [Eden: 330.0M(330.0M)->0.0B(303.0M) Survivors: 11.0M->43.0M Heap: 411.3M(2048.0M)->402.8M(2048.0M)]
 [Times: user=1.34 sys=0.00, real=0.17 secs] 
2020-09-29T12:26:46.643+0200: 172.930: [GC pause (G1 Evacuation Pause) (young), 0.1630804 secs]
   [Parallel Time: 161.8 ms, GC Workers: 8]
      [GC Worker Start (ms): Min: 172930.5, Avg: 172930.6, Max: 172930.7, Diff: 0.2]
      [Ext Root Scanning (ms): Min: 0.0, Avg: 0.1, Max: 0.2, Diff: 0.2, Sum: 0.5]
      [Update RS (ms): Min: 17.1, Avg: 17.2, Max: 17.4, Diff: 0.3, Sum: 137.6]
         [Processed Buffers: Min: 15, Avg: 18.4, Max: 23, Diff: 8, Sum: 147]
      [Scan RS (ms): Min: 16.2, Avg: 16.4, Max: 16.6, Diff: 0.4, Sum: 131.3]
      [Code Root Scanning (ms): Min: 0.0, Avg: 0.0, Max: 0.0, Diff: 0.0, Sum: 0.0]
      [Object Copy (ms): Min: 127.7, Avg: 127.8, Max: 127.9, Diff: 0.2, Sum: 1022.2]
      [Termination (ms): Min: 0.0, Avg: 0.0, Max: 0.0, Diff: 0.0, Sum: 0.2]
         [Termination Attempts: Min: 1, Avg: 137.3, Max: 201, Diff: 200, Sum: 1098]
      [GC Worker Other (ms): Min: 0.0, Avg: 0.1, Max: 0.1, Diff: 0.1, Sum: 0.5]
      [GC Worker Total (ms): Min: 161.4, Avg: 161.5, Max: 161.7, Diff: 0.2, Sum: 1292.3]
      [GC Worker End (ms): Min: 173092.1, Avg: 173092.2, Max: 173092.2, Diff: 0.1]
   [Code Root Fixup: 0.0 ms]
   [Code Root Purge: 0.0 ms]
   [Clear CT: 0.2 ms]
   [Other: 1.1 ms]
      [Choose CSet: 0.0 ms]
      [Ref Proc: 0.2 ms]
      [Ref Enq: 0.0 ms]
      [Redirty Cards: 0.3 ms]
      [Humongous Register: 0.0 ms]
      [Humongous Reclaim: 0.0 ms]
      [Free CSet: 0.3 ms]
   [Eden: 303.0M(303.0M)->0.0B(306.0M) Survivors: 43.0M->44.0M Heap: 757.3M(2048.0M)->759.3M(2048.0M)]
 [Times: user=1.30 sys=0.05, real=0.16 secs] 
2020-09-29T12:26:47.018+0200: 173.305: [GC pause (G1 Evacuation Pause) (young), 0.1849439 secs]
   [Parallel Time: 183.8 ms, GC Workers: 8]
      [GC Worker Start (ms): Min: 173305.2, Avg: 173305.3, Max: 173305.4, Diff: 0.2]
      [Ext Root Scanning (ms): Min: 0.0, Avg: 0.1, Max: 0.2, Diff: 0.2, Sum: 0.7]
      [Update RS (ms): Min: 19.2, Avg: 19.4, Max: 19.8, Diff: 0.5, Sum: 154.8]
         [Processed Buffers: Min: 16, Avg: 19.1, Max: 25, Diff: 9, Sum: 153]
      [Scan RS (ms): Min: 20.1, Avg: 22.6, Max: 37.4, Diff: 17.3, Sum: 180.8]
      [Code Root Scanning (ms): Min: 0.0, Avg: 0.0, Max: 0.0, Diff: 0.0, Sum: 0.0]
      [Object Copy (ms): Min: 126.8, Avg: 141.3, Max: 143.4, Diff: 16.6, Sum: 1130.1]
      [Termination (ms): Min: 0.0, Avg: 0.3, Max: 0.4, Diff: 0.4, Sum: 2.1]
         [Termination Attempts: Min: 1, Avg: 1648.5, Max: 2295, Diff: 2294, Sum: 13188]
      [GC Worker Other (ms): Min: 0.0, Avg: 0.0, Max: 0.1, Diff: 0.1, Sum: 0.3]
      [GC Worker Total (ms): Min: 183.5, Avg: 183.6, Max: 183.7, Diff: 0.2, Sum: 1468.9]
      [GC Worker End (ms): Min: 173488.8, Avg: 173488.9, Max: 173488.9, Diff: 0.1]
   [Code Root Fixup: 0.0 ms]
   [Code Root Purge: 0.0 ms]
   [Clear CT: 0.2 ms]
   [Other: 1.0 ms]
      [Choose CSet: 0.0 ms]
      [Ref Proc: 0.2 ms]
      [Ref Enq: 0.0 ms]
      [Redirty Cards: 0.3 ms]
      [Humongous Register: 0.1 ms]
      [Humongous Reclaim: 0.0 ms]
      [Free CSet: 0.3 ms]
   [Eden: 306.0M(306.0M)->0.0B(291.0M) Survivors: 44.0M->44.0M Heap: 1116.8M(2048.0M)->1119.3M(2048.0M)]
 [Times: user=1.41 sys=0.00, real=0.19 secs] 
2020-09-29T12:26:47.225+0200: 173.512: [GC pause (G1 Humongous Allocation) (young) (initial-mark), 0.0544131 secs]
   [Parallel Time: 53.2 ms, GC Workers: 8]
      [GC Worker Start (ms): Min: 173511.8, Avg: 173511.9, Max: 173512.0, Diff: 0.2]
      [Ext Root Scanning (ms): Min: 0.0, Avg: 0.5, Max: 1.7, Diff: 1.7, Sum: 3.7]
      [Update RS (ms): Min: 24.2, Avg: 25.4, Max: 26.0, Diff: 1.8, Sum: 202.9]
         [Processed Buffers: Min: 29, Avg: 30.3, Max: 31, Diff: 2, Sum: 242]
      [Scan RS (ms): Min: 2.4, Avg: 2.7, Max: 3.0, Diff: 0.6, Sum: 21.5]
      [Code Root Scanning (ms): Min: 0.0, Avg: 0.0, Max: 0.0, Diff: 0.0, Sum: 0.0]
      [Object Copy (ms): Min: 24.4, Avg: 24.4, Max: 24.4, Diff: 0.1, Sum: 195.3]
      [Termination (ms): Min: 0.0, Avg: 0.0, Max: 0.0, Diff: 0.0, Sum: 0.2]
         [Termination Attempts: Min: 1, Avg: 177.9, Max: 238, Diff: 237, Sum: 1423]
      [GC Worker Other (ms): Min: 0.0, Avg: 0.0, Max: 0.0, Diff: 0.0, Sum: 0.2]
      [GC Worker Total (ms): Min: 52.9, Avg: 53.0, Max: 53.1, Diff: 0.2, Sum: 423.8]
      [GC Worker End (ms): Min: 173564.9, Avg: 173564.9, Max: 173564.9, Diff: 0.0]
   [Code Root Fixup: 0.0 ms]
   [Code Root Purge: 0.0 ms]
   [Clear CT: 0.2 ms]
   [Other: 1.0 ms]
      [Choose CSet: 0.0 ms]
      [Ref Proc: 0.2 ms]
      [Ref Enq: 0.0 ms]
      [Redirty Cards: 0.4 ms]
      [Humongous Register: 0.1 ms]
      [Humongous Reclaim: 0.0 ms]
      [Free CSet: 0.1 ms]
   [Eden: 11.0M(291.0M)->0.0B(331.0M) Survivors: 44.0M->13.0M Heap: 1130.3M(2048.0M)->1134.3M(2048.0M)]
 [Times: user=0.38 sys=0.00, real=0.05 secs] 
2020-09-29T12:26:47.279+0200: 173.566: [GC concurrent-root-region-scan-start]
2020-09-29T12:26:47.283+0200: 173.570: [GC concurrent-root-region-scan-end, 0.0041454 secs]
2020-09-29T12:26:47.283+0200: 173.570: [GC concurrent-mark-start]
2020-09-29T12:26:47.287+0200: 173.574: [GC concurrent-mark-end, 0.0034495 secs]
2020-09-29T12:26:47.287+0200: 173.574: [GC remark 2020-09-29T12:26:47.287+0200: 173.574: [Finalize Marking, 0.0002802 secs] 2020-09-29T12:26:47.288+0200: 173.575: [GC ref-proc, 0.0003174 secs] 2020-09-29T12:26:47.288+0200: 173.575: [Unloading, 0.0010478 secs], 0.0019814 secs]
 [Times: user=0.00 sys=0.00, real=0.00 secs] 
2020-09-29T12:26:47.290+0200: 173.577: [GC cleanup 1151M->44M(2048M), 0.0012852 secs]
 [Times: user=0.00 sys=0.00, real=0.00 secs] 
2020-09-29T12:26:47.291+0200: 173.578: [GC concurrent-cleanup-start]
2020-09-29T12:26:47.293+0200: 173.580: [GC concurrent-cleanup-end, 0.0014209 secs]
2020-09-29T12:26:47.465+0200: 173.752: [GC pause (G1 Evacuation Pause) (young), 0.1589635 secs]
   [Parallel Time: 157.7 ms, GC Workers: 8]
      [GC Worker Start (ms): Min: 173752.3, Avg: 173752.4, Max: 173752.5, Diff: 0.2]
      [Ext Root Scanning (ms): Min: 0.0, Avg: 0.1, Max: 0.2, Diff: 0.2, Sum: 0.4]
      [Update RS (ms): Min: 12.9, Avg: 13.1, Max: 13.3, Diff: 0.4, Sum: 104.9]
         [Processed Buffers: Min: 15, Avg: 15.8, Max: 17, Diff: 2, Sum: 126]
      [Scan RS (ms): Min: 16.0, Avg: 16.3, Max: 16.5, Diff: 0.6, Sum: 130.2]
      [Code Root Scanning (ms): Min: 0.0, Avg: 0.0, Max: 0.0, Diff: 0.0, Sum: 0.0]
      [Object Copy (ms): Min: 127.8, Avg: 127.9, Max: 128.0, Diff: 0.2, Sum: 1023.0]
      [Termination (ms): Min: 0.0, Avg: 0.0, Max: 0.0, Diff: 0.0, Sum: 0.2]
         [Termination Attempts: Min: 1, Avg: 203.0, Max: 251, Diff: 250, Sum: 1624]
      [GC Worker Other (ms): Min: 0.0, Avg: 0.0, Max: 0.1, Diff: 0.1, Sum: 0.4]
      [GC Worker Total (ms): Min: 157.3, Avg: 157.4, Max: 157.5, Diff: 0.2, Sum: 1259.2]
      [GC Worker End (ms): Min: 173909.8, Avg: 173909.8, Max: 173909.9, Diff: 0.1]
   [Code Root Fixup: 0.0 ms]
   [Code Root Purge: 0.0 ms]
   [Clear CT: 0.2 ms]
   [Other: 1.1 ms]
      [Choose CSet: 0.0 ms]
      [Ref Proc: 0.2 ms]
      [Ref Enq: 0.0 ms]
      [Redirty Cards: 0.3 ms]
      [Humongous Register: 0.0 ms]
      [Humongous Reclaim: 0.0 ms]
      [Free CSet: 0.3 ms]
   [Eden: 331.0M(331.0M)->0.0B(316.0M) Survivors: 13.0M->43.0M Heap: 414.3M(2048.0M)->403.8M(2048.0M)]
 [Times: user=1.22 sys=0.02, real=0.16 secs] 
2020-09-29T12:26:47.819+0200: 174.106: [GC pause (G1 Evacuation Pause) (young), 0.1685771 secs]
   [Parallel Time: 167.4 ms, GC Workers: 8]
      [GC Worker Start (ms): Min: 174106.0, Avg: 174106.1, Max: 174106.2, Diff: 0.2]
      [Ext Root Scanning (ms): Min: 0.0, Avg: 0.1, Max: 0.2, Diff: 0.2, Sum: 0.5]
      [Update RS (ms): Min: 15.0, Avg: 15.1, Max: 15.5, Diff: 0.5, Sum: 121.1]
         [Processed Buffers: Min: 16, Avg: 17.9, Max: 19, Diff: 3, Sum: 143]
      [Scan RS (ms): Min: 16.8, Avg: 17.1, Max: 17.3, Diff: 0.6, Sum: 137.2]
      [Code Root Scanning (ms): Min: 0.0, Avg: 0.0, Max: 0.0, Diff: 0.0, Sum: 0.0]
      [Object Copy (ms): Min: 134.5, Avg: 134.7, Max: 134.8, Diff: 0.3, Sum: 1077.8]
      [Termination (ms): Min: 0.0, Avg: 0.0, Max: 0.1, Diff: 0.1, Sum: 0.3]
         [Termination Attempts: Min: 1, Avg: 213.5, Max: 280, Diff: 279, Sum: 1708]
      [GC Worker Other (ms): Min: 0.0, Avg: 0.0, Max: 0.1, Diff: 0.0, Sum: 0.3]
      [GC Worker Total (ms): Min: 167.1, Avg: 167.2, Max: 167.3, Diff: 0.2, Sum: 1337.3]
      [GC Worker End (ms): Min: 174273.3, Avg: 174273.3, Max: 174273.3, Diff: 0.0]
   [Code Root Fixup: 0.0 ms]
   [Code Root Purge: 0.0 ms]
   [Clear CT: 0.2 ms]
   [Other: 1.0 ms]
      [Choose CSet: 0.0 ms]
      [Ref Proc: 0.2 ms]
      [Ref Enq: 0.0 ms]
      [Redirty Cards: 0.2 ms]
      [Humongous Register: 0.0 ms]
      [Humongous Reclaim: 0.0 ms]
      [Free CSet: 0.3 ms]
   [Eden: 316.0M(316.0M)->0.0B(316.0M) Survivors: 43.0M->45.0M Heap: 773.2M(2048.0M)->774.2M(2048.0M)]
 [Times: user=1.23 sys=0.00, real=0.17 secs] 
2020-09-29T12:26:48.190+0200: 174.477: [GC pause (G1 Evacuation Pause) (young), 0.1832015 secs]
   [Parallel Time: 182.2 ms, GC Workers: 8]
      [GC Worker Start (ms): Min: 174476.7, Avg: 174476.8, Max: 174476.9, Diff: 0.1]
      [Ext Root Scanning (ms): Min: 0.0, Avg: 0.1, Max: 0.1, Diff: 0.1, Sum: 0.5]
      [Update RS (ms): Min: 18.3, Avg: 18.4, Max: 19.0, Diff: 0.7, Sum: 147.6]
         [Processed Buffers: Min: 21, Avg: 22.5, Max: 25, Diff: 4, Sum: 180]
      [Scan RS (ms): Min: 15.8, Avg: 16.8, Max: 20.7, Diff: 4.9, Sum: 134.1]
      [Code Root Scanning (ms): Min: 0.0, Avg: 0.0, Max: 0.0, Diff: 0.0, Sum: 0.0]
      [Object Copy (ms): Min: 142.9, Avg: 146.7, Max: 147.3, Diff: 4.4, Sum: 1173.4]
      [Termination (ms): Min: 0.0, Avg: 0.0, Max: 0.0, Diff: 0.0, Sum: 0.2]
         [Termination Attempts: Min: 1, Avg: 132.4, Max: 164, Diff: 163, Sum: 1059]
      [GC Worker Other (ms): Min: 0.0, Avg: 0.0, Max: 0.1, Diff: 0.1, Sum: 0.4]
      [GC Worker Total (ms): Min: 181.9, Avg: 182.0, Max: 182.1, Diff: 0.1, Sum: 1456.1]
      [GC Worker End (ms): Min: 174658.8, Avg: 174658.8, Max: 174658.8, Diff: 0.1]
   [Code Root Fixup: 0.0 ms]
   [Code Root Purge: 0.0 ms]
   [Clear CT: 0.2 ms]
   [Other: 0.8 ms]
      [Choose CSet: 0.0 ms]
      [Ref Proc: 0.3 ms]
      [Ref Enq: 0.0 ms]
      [Redirty Cards: 0.2 ms]
      [Humongous Register: 0.0 ms]
      [Humongous Reclaim: 0.0 ms]
      [Free CSet: 0.2 ms]
   [Eden: 316.0M(316.0M)->0.0B(309.0M) Survivors: 45.0M->46.0M Heap: 1143.6M(2048.0M)->1145.1M(2048.0M)]
 [Times: user=1.38 sys=0.03, real=0.18 secs] 
2020-09-29T12:26:48.381+0200: 174.668: [GC pause (G1 Humongous Allocation) (young) (initial-mark), 0.0772753 secs]
   [Parallel Time: 76.5 ms, GC Workers: 8]
      [GC Worker Start (ms): Min: 174667.8, Avg: 174667.8, Max: 174667.9, Diff: 0.1]
      [Ext Root Scanning (ms): Min: 0.0, Avg: 0.1, Max: 0.1, Diff: 0.1, Sum: 0.7]
      [Update RS (ms): Min: 41.5, Avg: 41.7, Max: 42.1, Diff: 0.6, Sum: 333.4]
         [Processed Buffers: Min: 48, Avg: 51.1, Max: 54, Diff: 6, Sum: 409]
      [Scan RS (ms): Min: 2.8, Avg: 3.3, Max: 3.6, Diff: 0.8, Sum: 26.4]
      [Code Root Scanning (ms): Min: 0.0, Avg: 0.0, Max: 0.0, Diff: 0.0, Sum: 0.0]
      [Object Copy (ms): Min: 30.8, Avg: 31.0, Max: 31.3, Diff: 0.4, Sum: 248.1]
      [Termination (ms): Min: 0.0, Avg: 0.2, Max: 0.2, Diff: 0.2, Sum: 1.5]
         [Termination Attempts: Min: 1, Avg: 1321.1, Max: 1602, Diff: 1601, Sum: 10569]
      [GC Worker Other (ms): Min: 0.0, Avg: 0.0, Max: 0.0, Diff: 0.0, Sum: 0.1]
      [GC Worker Total (ms): Min: 76.2, Avg: 76.3, Max: 76.3, Diff: 0.1, Sum: 610.2]
      [GC Worker End (ms): Min: 174744.1, Avg: 174744.1, Max: 174744.1, Diff: 0.0]
   [Code Root Fixup: 0.0 ms]
   [Code Root Purge: 0.0 ms]
   [Clear CT: 0.2 ms]
   [Other: 0.6 ms]
      [Choose CSet: 0.0 ms]
      [Ref Proc: 0.1 ms]
      [Ref Enq: 0.0 ms]
      [Redirty Cards: 0.2 ms]
      [Humongous Register: 0.0 ms]
      [Humongous Reclaim: 0.0 ms]
      [Free CSet: 0.1 ms]
   [Eden: 10.0M(309.0M)->0.0B(287.0M) Survivors: 46.0M->12.0M Heap: 1155.1M(2048.0M)->1158.6M(2048.0M)]
 [Times: user=0.63 sys=0.00, real=0.08 secs] 
2020-09-29T12:26:48.458+0200: 174.745: [GC concurrent-root-region-scan-start]
2020-09-29T12:26:48.461+0200: 174.747: [GC concurrent-root-region-scan-end, 0.0021466 secs]
2020-09-29T12:26:48.461+0200: 174.747: [GC concurrent-mark-start]
2020-09-29T12:26:48.463+0200: 174.750: [GC concurrent-mark-end, 0.0027179 secs]
2020-09-29T12:26:48.464+0200: 174.750: [GC remark 2020-09-29T12:26:48.464+0200: 174.750: [Finalize Marking, 0.0001546 secs] 2020-09-29T12:26:48.464+0200: 174.750: [GC ref-proc, 0.0004161 secs] 2020-09-29T12:26:48.464+0200: 174.751: [Unloading, 0.0004811 secs], 0.0014711 secs]
 [Times: user=0.00 sys=0.00, real=0.00 secs] 
2020-09-29T12:26:48.465+0200: 174.752: [GC cleanup 1170M->38M(2048M), 0.0016017 secs]
 [Times: user=0.00 sys=0.00, real=0.00 secs] 
2020-09-29T12:26:48.467+0200: 174.754: [GC concurrent-cleanup-start]
2020-09-29T12:26:48.470+0200: 174.756: [GC concurrent-cleanup-end, 0.0025392 secs]
2020-09-29T12:26:48.635+0200: 174.921: [GC pause (G1 Evacuation Pause) (young), 0.1673894 secs]
   [Parallel Time: 166.3 ms, GC Workers: 8]
      [GC Worker Start (ms): Min: 174921.3, Avg: 174921.4, Max: 174921.5, Diff: 0.2]
      [Ext Root Scanning (ms): Min: 0.0, Avg: 0.1, Max: 0.1, Diff: 0.1, Sum: 0.5]
      [Update RS (ms): Min: 28.0, Avg: 28.2, Max: 28.5, Diff: 0.6, Sum: 225.3]
         [Processed Buffers: Min: 27, Avg: 27.8, Max: 29, Diff: 2, Sum: 222]
      [Scan RS (ms): Min: 12.3, Avg: 15.0, Max: 32.1, Diff: 19.8, Sum: 120.3]
      [Code Root Scanning (ms): Min: 0.0, Avg: 0.0, Max: 0.0, Diff: 0.0, Sum: 0.0]
      [Object Copy (ms): Min: 105.9, Avg: 122.6, Max: 125.0, Diff: 19.2, Sum: 980.5]
      [Termination (ms): Min: 0.0, Avg: 0.2, Max: 0.3, Diff: 0.3, Sum: 1.9]
         [Termination Attempts: Min: 1, Avg: 1596.5, Max: 1864, Diff: 1863, Sum: 12772]
      [GC Worker Other (ms): Min: 0.0, Avg: 0.0, Max: 0.1, Diff: 0.0, Sum: 0.3]
      [GC Worker Total (ms): Min: 166.0, Avg: 166.1, Max: 166.1, Diff: 0.1, Sum: 1328.6]
      [GC Worker End (ms): Min: 175087.5, Avg: 175087.5, Max: 175087.5, Diff: 0.0]
   [Code Root Fixup: 0.0 ms]
   [Code Root Purge: 0.0 ms]
   [Clear CT: 0.1 ms]
   [Other: 1.0 ms]
      [Choose CSet: 0.0 ms]
      [Ref Proc: 0.2 ms]
      [Ref Enq: 0.0 ms]
      [Redirty Cards: 0.2 ms]
      [Humongous Register: 0.0 ms]
      [Humongous Reclaim: 0.0 ms]
      [Free CSet: 0.3 ms]
   [Eden: 287.0M(287.0M)->0.0B(260.0M) Survivors: 12.0M->38.0M Heap: 363.1M(2048.0M)->353.6M(2048.0M)]
 [Times: user=1.22 sys=0.05, real=0.17 secs] 
2020-09-29T12:26:48.954+0200: 175.240: [GC pause (G1 Evacuation Pause) (young), 0.1401573 secs]
   [Parallel Time: 138.9 ms, GC Workers: 8]
      [GC Worker Start (ms): Min: 175240.6, Avg: 175240.7, Max: 175240.7, Diff: 0.2]
      [Ext Root Scanning (ms): Min: 0.0, Avg: 0.1, Max: 0.2, Diff: 0.2, Sum: 0.5]
      [Update RS (ms): Min: 13.7, Avg: 14.0, Max: 14.4, Diff: 0.7, Sum: 112.1]
         [Processed Buffers: Min: 15, Avg: 16.6, Max: 18, Diff: 3, Sum: 133]
      [Scan RS (ms): Min: 12.7, Avg: 13.1, Max: 13.3, Diff: 0.7, Sum: 104.7]
      [Code Root Scanning (ms): Min: 0.0, Avg: 0.0, Max: 0.0, Diff: 0.0, Sum: 0.0]
      [Object Copy (ms): Min: 111.3, Avg: 111.4, Max: 111.5, Diff: 0.2, Sum: 891.6]
      [Termination (ms): Min: 0.0, Avg: 0.0, Max: 0.0, Diff: 0.0, Sum: 0.2]
         [Termination Attempts: Min: 1, Avg: 157.0, Max: 220, Diff: 219, Sum: 1256]
      [GC Worker Other (ms): Min: 0.0, Avg: 0.0, Max: 0.1, Diff: 0.1, Sum: 0.3]
      [GC Worker Total (ms): Min: 138.6, Avg: 138.7, Max: 138.8, Diff: 0.1, Sum: 1109.5]
      [GC Worker End (ms): Min: 175379.3, Avg: 175379.3, Max: 175379.4, Diff: 0.1]
   [Code Root Fixup: 0.0 ms]
   [Code Root Purge: 0.0 ms]
   [Clear CT: 0.2 ms]
   [Other: 1.0 ms]
      [Choose CSet: 0.0 ms]
      [Ref Proc: 0.2 ms]
      [Ref Enq: 0.0 ms]
      [Redirty Cards: 0.3 ms]
      [Humongous Register: 0.0 ms]
      [Humongous Reclaim: 0.0 ms]
      [Free CSet: 0.3 ms]
   [Eden: 260.0M(260.0M)->0.0B(280.0M) Survivors: 38.0M->38.0M Heap: 655.6M(2048.0M)->657.1M(2048.0M)]
 [Times: user=1.13 sys=0.00, real=0.14 secs] 
2020-09-29T12:26:49.249+0200: 175.535: [GC pause (G1 Evacuation Pause) (young), 0.1515548 secs]
   [Parallel Time: 150.5 ms, GC Workers: 8]
      [GC Worker Start (ms): Min: 175535.3, Avg: 175535.4, Max: 175535.5, Diff: 0.1]
      [Ext Root Scanning (ms): Min: 0.0, Avg: 0.1, Max: 0.1, Diff: 0.1, Sum: 0.6]
      [Update RS (ms): Min: 17.7, Avg: 17.8, Max: 18.2, Diff: 0.5, Sum: 142.4]
         [Processed Buffers: Min: 19, Avg: 20.6, Max: 23, Diff: 4, Sum: 165]
      [Scan RS (ms): Min: 12.8, Avg: 13.1, Max: 13.3, Diff: 0.5, Sum: 105.2]
      [Code Root Scanning (ms): Min: 0.0, Avg: 0.0, Max: 0.0, Diff: 0.0, Sum: 0.0]
      [Object Copy (ms): Min: 119.1, Avg: 119.2, Max: 119.2, Diff: 0.1, Sum: 953.5]
      [Termination (ms): Min: 0.0, Avg: 0.0, Max: 0.0, Diff: 0.0, Sum: 0.2]
         [Termination Attempts: Min: 1, Avg: 156.9, Max: 207, Diff: 206, Sum: 1255]
      [GC Worker Other (ms): Min: 0.0, Avg: 0.0, Max: 0.1, Diff: 0.1, Sum: 0.4]
      [GC Worker Total (ms): Min: 150.2, Avg: 150.3, Max: 150.3, Diff: 0.1, Sum: 1202.2]
      [GC Worker End (ms): Min: 175685.7, Avg: 175685.7, Max: 175685.7, Diff: 0.1]
   [Code Root Fixup: 0.0 ms]
   [Code Root Purge: 0.0 ms]
   [Clear CT: 0.2 ms]
   [Other: 0.9 ms]
      [Choose CSet: 0.0 ms]
      [Ref Proc: 0.2 ms]
      [Ref Enq: 0.0 ms]
      [Redirty Cards: 0.2 ms]
      [Humongous Register: 0.0 ms]
      [Humongous Reclaim: 0.0 ms]
      [Free CSet: 0.3 ms]
   [Eden: 280.0M(280.0M)->0.0B(296.0M) Survivors: 38.0M->40.0M Heap: 984.7M(2048.0M)->986.2M(2048.0M)]
 [Times: user=1.25 sys=0.00, real=0.15 secs] 
2020-09-29T12:26:49.405+0200: 175.692: [GC pause (G1 Humongous Allocation) (young) (initial-mark), 0.0811935 secs]
   [Parallel Time: 80.0 ms, GC Workers: 8]
      [GC Worker Start (ms): Min: 175692.0, Avg: 175692.1, Max: 175692.1, Diff: 0.1]
      [Ext Root Scanning (ms): Min: 0.0, Avg: 0.1, Max: 0.1, Diff: 0.1, Sum: 0.6]
      [Update RS (ms): Min: 39.0, Avg: 39.2, Max: 39.5, Diff: 0.6, Sum: 313.2]
         [Processed Buffers: Min: 46, Avg: 47.5, Max: 49, Diff: 3, Sum: 380]
      [Scan RS (ms): Min: 1.4, Avg: 1.8, Max: 2.1, Diff: 0.7, Sum: 14.6]
      [Code Root Scanning (ms): Min: 0.0, Avg: 0.0, Max: 0.0, Diff: 0.0, Sum: 0.0]
      [Object Copy (ms): Min: 38.1, Avg: 38.3, Max: 38.8, Diff: 0.6, Sum: 306.6]
      [Termination (ms): Min: 0.0, Avg: 0.4, Max: 0.6, Diff: 0.6, Sum: 3.2]
         [Termination Attempts: Min: 1, Avg: 2556.5, Max: 3564, Diff: 3563, Sum: 20452]
      [GC Worker Other (ms): Min: 0.0, Avg: 0.0, Max: 0.0, Diff: 0.0, Sum: 0.1]
      [GC Worker Total (ms): Min: 79.7, Avg: 79.8, Max: 79.9, Diff: 0.1, Sum: 638.3]
      [GC Worker End (ms): Min: 175771.9, Avg: 175771.9, Max: 175771.9, Diff: 0.0]
   [Code Root Fixup: 0.0 ms]
   [Code Root Purge: 0.0 ms]
   [Clear CT: 0.2 ms]
   [Other: 1.0 ms]
      [Choose CSet: 0.0 ms]
      [Ref Proc: 0.4 ms]
      [Ref Enq: 0.0 ms]
      [Redirty Cards: 0.2 ms]
      [Humongous Register: 0.0 ms]
      [Humongous Reclaim: 0.0 ms]
      [Free CSet: 0.1 ms]
   [Eden: 9216.0K(296.0M)->0.0B(234.0M) Survivors: 40.0M->10.0M Heap: 994.7M(2048.0M)->997.2M(2048.0M)]
 [Times: user=0.59 sys=0.02, real=0.08 secs] 
2020-09-29T12:26:49.487+0200: 175.773: [GC concurrent-root-region-scan-start]
2020-09-29T12:26:49.488+0200: 175.775: [GC concurrent-root-region-scan-end, 0.0018902 secs]
2020-09-29T12:26:49.488+0200: 175.775: [GC concurrent-mark-start]
2020-09-29T12:26:49.491+0200: 175.778: [GC concurrent-mark-end, 0.0026192 secs]
2020-09-29T12:26:49.491+0200: 175.778: [GC remark 2020-09-29T12:26:49.491+0200: 175.778: [Finalize Marking, 0.0002017 secs] 2020-09-29T12:26:49.491+0200: 175.778: [GC ref-proc, 0.0002980 secs] 2020-09-29T12:26:49.492+0200: 175.778: [Unloading, 0.0005002 secs], 0.0013129 secs]
 [Times: user=0.00 sys=0.00, real=0.00 secs] 
2020-09-29T12:26:49.493+0200: 175.780: [GC cleanup 1008M->35M(2048M), 0.0013024 secs]
 [Times: user=0.00 sys=0.00, real=0.00 secs] 
2020-09-29T12:26:49.494+0200: 175.781: [GC concurrent-cleanup-start]
2020-09-29T12:26:49.495+0200: 175.782: [GC concurrent-cleanup-end, 0.0011121 secs]
2020-09-29T12:26:49.620+0200: 175.907: [GC pause (G1 Evacuation Pause) (young), 0.1242164 secs]
   [Parallel Time: 123.1 ms, GC Workers: 8]
      [GC Worker Start (ms): Min: 175906.8, Avg: 175906.9, Max: 175907.0, Diff: 0.2]
      [Ext Root Scanning (ms): Min: 0.0, Avg: 0.1, Max: 0.1, Diff: 0.1, Sum: 0.6]
      [Update RS (ms): Min: 20.6, Avg: 20.8, Max: 21.3, Diff: 0.7, Sum: 166.7]
         [Processed Buffers: Min: 17, Avg: 19.4, Max: 21, Diff: 4, Sum: 155]
      [Scan RS (ms): Min: 12.9, Avg: 13.4, Max: 13.6, Diff: 0.8, Sum: 107.0]
      [Code Root Scanning (ms): Min: 0.0, Avg: 0.0, Max: 0.0, Diff: 0.0, Sum: 0.0]
      [Object Copy (ms): Min: 88.4, Avg: 88.5, Max: 88.6, Diff: 0.2, Sum: 708.4]
      [Termination (ms): Min: 0.0, Avg: 0.0, Max: 0.0, Diff: 0.0, Sum: 0.0]
         [Termination Attempts: Min: 1, Avg: 10.9, Max: 19, Diff: 18, Sum: 87]
      [GC Worker Other (ms): Min: 0.0, Avg: 0.0, Max: 0.1, Diff: 0.0, Sum: 0.3]
      [GC Worker Total (ms): Min: 122.8, Avg: 122.9, Max: 123.0, Diff: 0.2, Sum: 983.0]
      [GC Worker End (ms): Min: 176029.7, Avg: 176029.7, Max: 176029.8, Diff: 0.0]
   [Code Root Fixup: 0.0 ms]
   [Code Root Purge: 0.0 ms]
   [Clear CT: 0.2 ms]
   [Other: 0.9 ms]
      [Choose CSet: 0.0 ms]
      [Ref Proc: 0.2 ms]
      [Ref Enq: 0.0 ms]
      [Redirty Cards: 0.3 ms]
      [Humongous Register: 0.0 ms]
      [Humongous Reclaim: 0.0 ms]
      [Free CSet: 0.1 ms]
   [Eden: 234.0M(234.0M)->0.0B(235.0M) Survivors: 10.0M->31.0M Heap: 298.6M(2048.0M)->291.1M(2048.0M)]
 [Times: user=0.98 sys=0.02, real=0.12 secs] 
2020-09-29T12:26:49.871+0200: 176.158: [GC pause (G1 Evacuation Pause) (young), 0.1285882 secs]
   [Parallel Time: 127.5 ms, GC Workers: 8]
      [GC Worker Start (ms): Min: 176158.0, Avg: 176158.1, Max: 176158.1, Diff: 0.2]
      [Ext Root Scanning (ms): Min: 0.0, Avg: 0.1, Max: 0.2, Diff: 0.2, Sum: 0.5]
      [Update RS (ms): Min: 15.0, Avg: 15.3, Max: 15.6, Diff: 0.7, Sum: 122.0]
         [Processed Buffers: Min: 15, Avg: 17.6, Max: 19, Diff: 4, Sum: 141]
      [Scan RS (ms): Min: 10.8, Avg: 11.2, Max: 11.4, Diff: 0.6, Sum: 89.2]
      [Code Root Scanning (ms): Min: 0.0, Avg: 0.0, Max: 0.0, Diff: 0.0, Sum: 0.0]
      [Object Copy (ms): Min: 100.8, Avg: 100.8, Max: 100.9, Diff: 0.1, Sum: 806.4]
      [Termination (ms): Min: 0.0, Avg: 0.0, Max: 0.0, Diff: 0.0, Sum: 0.3]
         [Termination Attempts: Min: 1, Avg: 265.8, Max: 363, Diff: 362, Sum: 2126]
      [GC Worker Other (ms): Min: 0.0, Avg: 0.0, Max: 0.1, Diff: 0.0, Sum: 0.3]
      [GC Worker Total (ms): Min: 127.3, Avg: 127.3, Max: 127.4, Diff: 0.1, Sum: 1018.7]
      [GC Worker End (ms): Min: 176285.4, Avg: 176285.4, Max: 176285.5, Diff: 0.0]
   [Code Root Fixup: 0.0 ms]
   [Code Root Purge: 0.0 ms]
   [Clear CT: 0.2 ms]
   [Other: 0.9 ms]
      [Choose CSet: 0.0 ms]
      [Ref Proc: 0.1 ms]
      [Ref Enq: 0.0 ms]
      [Redirty Cards: 0.3 ms]
      [Humongous Register: 0.0 ms]
      [Humongous Reclaim: 0.0 ms]
      [Free CSet: 0.2 ms]
   [Eden: 235.0M(235.0M)->0.0B(258.0M) Survivors: 31.0M->34.0M Heap: 564.2M(2048.0M)->566.7M(2048.0M)]
 [Times: user=0.94 sys=0.06, real=0.13 secs] 
2020-09-29T12:26:50.145+0200: 176.432: [GC pause (G1 Evacuation Pause) (young), 0.1514990 secs]
   [Parallel Time: 150.1 ms, GC Workers: 8]
      [GC Worker Start (ms): Min: 176431.6, Avg: 176431.7, Max: 176431.8, Diff: 0.2]
      [Ext Root Scanning (ms): Min: 0.0, Avg: 0.1, Max: 0.2, Diff: 0.2, Sum: 0.6]
      [Update RS (ms): Min: 15.6, Avg: 15.8, Max: 16.1, Diff: 0.4, Sum: 126.1]
         [Processed Buffers: Min: 16, Avg: 18.4, Max: 21, Diff: 5, Sum: 147]
      [Scan RS (ms): Min: 12.9, Avg: 13.3, Max: 13.4, Diff: 0.5, Sum: 106.3]
      [Code Root Scanning (ms): Min: 0.0, Avg: 0.0, Max: 0.0, Diff: 0.0, Sum: 0.0]
      [Object Copy (ms): Min: 120.6, Avg: 120.7, Max: 120.8, Diff: 0.2, Sum: 965.7]
      [Termination (ms): Min: 0.0, Avg: 0.0, Max: 0.0, Diff: 0.0, Sum: 0.1]
         [Termination Attempts: Min: 1, Avg: 120.3, Max: 167, Diff: 166, Sum: 962]
      [GC Worker Other (ms): Min: 0.0, Avg: 0.0, Max: 0.1, Diff: 0.0, Sum: 0.3]
      [GC Worker Total (ms): Min: 149.8, Avg: 149.9, Max: 150.0, Diff: 0.1, Sum: 1199.1]
      [GC Worker End (ms): Min: 176581.6, Avg: 176581.6, Max: 176581.6, Diff: 0.0]
   [Code Root Fixup: 0.0 ms]
   [Code Root Purge: 0.0 ms]
   [Clear CT: 0.3 ms]
   [Other: 1.1 ms]
      [Choose CSet: 0.0 ms]
      [Ref Proc: 0.3 ms]
      [Ref Enq: 0.0 ms]
      [Redirty Cards: 0.4 ms]
      [Humongous Register: 0.0 ms]
      [Humongous Reclaim: 0.0 ms]
      [Free CSet: 0.2 ms]
   [Eden: 258.0M(258.0M)->0.0B(272.0M) Survivors: 34.0M->37.0M Heap: 868.6M(2048.0M)->871.1M(2048.0M)]
 [Times: user=1.09 sys=0.02, real=0.15 secs] 
2020-09-29T12:26:50.440+0200: 176.727: [GC pause (G1 Evacuation Pause) (young), 0.1521159 secs]
   [Parallel Time: 151.0 ms, GC Workers: 8]
      [GC Worker Start (ms): Min: 176726.9, Avg: 176727.0, Max: 176727.0, Diff: 0.2]
      [Ext Root Scanning (ms): Min: 0.0, Avg: 0.1, Max: 0.1, Diff: 0.1, Sum: 0.5]
      [Update RS (ms): Min: 17.4, Avg: 17.4, Max: 17.5, Diff: 0.2, Sum: 139.5]
         [Processed Buffers: Min: 19, Avg: 20.9, Max: 24, Diff: 5, Sum: 167]
      [Scan RS (ms): Min: 12.2, Avg: 12.3, Max: 12.4, Diff: 0.2, Sum: 98.3]
      [Code Root Scanning (ms): Min: 0.0, Avg: 0.0, Max: 0.0, Diff: 0.0, Sum: 0.0]
      [Object Copy (ms): Min: 120.8, Avg: 120.8, Max: 120.9, Diff: 0.1, Sum: 966.6]
      [Termination (ms): Min: 0.0, Avg: 0.1, Max: 0.1, Diff: 0.1, Sum: 0.9]
         [Termination Attempts: Min: 1, Avg: 741.0, Max: 910, Diff: 909, Sum: 5928]
      [GC Worker Other (ms): Min: 0.0, Avg: 0.0, Max: 0.1, Diff: 0.1, Sum: 0.3]
      [GC Worker Total (ms): Min: 150.7, Avg: 150.8, Max: 150.8, Diff: 0.2, Sum: 1206.0]
      [GC Worker End (ms): Min: 176877.7, Avg: 176877.7, Max: 176877.8, Diff: 0.1]
   [Code Root Fixup: 0.0 ms]
   [Code Root Purge: 0.0 ms]
   [Clear CT: 0.2 ms]
   [Other: 1.0 ms]
      [Choose CSet: 0.0 ms]
      [Ref Proc: 0.2 ms]
      [Ref Enq: 0.0 ms]
      [Redirty Cards: 0.2 ms]
      [Humongous Register: 0.0 ms]
      [Humongous Reclaim: 0.0 ms]
      [Free CSet: 0.3 ms]
   [Eden: 272.0M(272.0M)->0.0B(291.0M) Survivors: 37.0M->39.0M Heap: 1188.8M(2048.0M)->1191.3M(2048.0M)]
 [Times: user=1.25 sys=0.00, real=0.15 secs] 
2020-09-29T12:26:50.608+0200: 176.894: [GC pause (G1 Humongous Allocation) (young) (initial-mark), 0.0547428 secs]
   [Parallel Time: 53.7 ms, GC Workers: 8]
      [GC Worker Start (ms): Min: 176894.4, Avg: 176894.5, Max: 176894.6, Diff: 0.2]
      [Ext Root Scanning (ms): Min: 0.0, Avg: 0.2, Max: 0.3, Diff: 0.3, Sum: 1.3]
      [Update RS (ms): Min: 30.9, Avg: 31.1, Max: 31.9, Diff: 1.1, Sum: 249.0]
         [Processed Buffers: Min: 32, Avg: 35.8, Max: 38, Diff: 6, Sum: 286]
      [Scan RS (ms): Min: 1.6, Avg: 2.5, Max: 2.8, Diff: 1.1, Sum: 19.9]
      [Code Root Scanning (ms): Min: 0.0, Avg: 0.0, Max: 0.0, Diff: 0.0, Sum: 0.0]
      [Object Copy (ms): Min: 19.7, Avg: 19.7, Max: 19.7, Diff: 0.1, Sum: 157.7]
      [Termination (ms): Min: 0.0, Avg: 0.0, Max: 0.0, Diff: 0.0, Sum: 0.0]
         [Termination Attempts: Min: 1, Avg: 27.5, Max: 40, Diff: 39, Sum: 220]
      [GC Worker Other (ms): Min: 0.0, Avg: 0.0, Max: 0.0, Diff: 0.0, Sum: 0.2]
      [GC Worker Total (ms): Min: 53.4, Avg: 53.5, Max: 53.6, Diff: 0.2, Sum: 428.1]
      [GC Worker End (ms): Min: 176948.0, Avg: 176948.0, Max: 176948.0, Diff: 0.0]
   [Code Root Fixup: 0.0 ms]
   [Code Root Purge: 0.0 ms]
   [Clear CT: 0.2 ms]
   [Other: 0.9 ms]
      [Choose CSet: 0.0 ms]
      [Ref Proc: 0.2 ms]
      [Ref Enq: 0.0 ms]
      [Redirty Cards: 0.2 ms]
      [Humongous Register: 0.1 ms]
      [Humongous Reclaim: 0.0 ms]
      [Free CSet: 0.1 ms]
   [Eden: 9216.0K(291.0M)->0.0B(316.0M) Survivors: 39.0M->10.0M Heap: 1199.8M(2048.0M)->1202.8M(2048.0M)]
 [Times: user=0.47 sys=0.00, real=0.05 secs] 
2020-09-29T12:26:50.662+0200: 176.949: [GC concurrent-root-region-scan-start]
2020-09-29T12:26:50.665+0200: 176.952: [GC concurrent-root-region-scan-end, 0.0027664 secs]
2020-09-29T12:26:50.665+0200: 176.952: [GC concurrent-mark-start]
2020-09-29T12:26:50.669+0200: 176.955: [GC concurrent-mark-end, 0.0034158 secs]
2020-09-29T12:26:50.669+0200: 176.956: [GC remark 2020-09-29T12:26:50.669+0200: 176.956: [Finalize Marking, 0.0001591 secs] 2020-09-29T12:26:50.669+0200: 176.956: [GC ref-proc, 0.0003729 secs] 2020-09-29T12:26:50.670+0200: 176.956: [Unloading, 0.0004536 secs], 0.0013261 secs]
 [Times: user=0.00 sys=0.00, real=0.00 secs] 
2020-09-29T12:26:50.686+0200: 176.972: [GC cleanup 1221M->43M(2048M), 0.0018487 secs]
 [Times: user=0.00 sys=0.00, real=0.00 secs] 
2020-09-29T12:26:50.687+0200: 176.974: [GC concurrent-cleanup-start]
2020-09-29T12:26:50.690+0200: 176.976: [GC concurrent-cleanup-end, 0.0023184 secs]
2020-09-29T12:26:50.874+0200: 177.160: [GC pause (G1 Evacuation Pause) (young), 0.1483888 secs]
   [Parallel Time: 147.3 ms, GC Workers: 8]
      [GC Worker Start (ms): Min: 177160.3, Avg: 177160.4, Max: 177160.5, Diff: 0.2]
      [Ext Root Scanning (ms): Min: 0.0, Avg: 0.1, Max: 0.2, Diff: 0.2, Sum: 0.5]
      [Update RS (ms): Min: 20.6, Avg: 20.6, Max: 20.8, Diff: 0.2, Sum: 165.1]
         [Processed Buffers: Min: 20, Avg: 22.6, Max: 25, Diff: 5, Sum: 181]
      [Scan RS (ms): Min: 11.6, Avg: 11.8, Max: 12.0, Diff: 0.4, Sum: 94.3]
      [Code Root Scanning (ms): Min: 0.0, Avg: 0.0, Max: 0.0, Diff: 0.0, Sum: 0.0]
      [Object Copy (ms): Min: 114.4, Avg: 114.5, Max: 114.6, Diff: 0.2, Sum: 916.0]
      [Termination (ms): Min: 0.0, Avg: 0.0, Max: 0.0, Diff: 0.0, Sum: 0.0]
         [Termination Attempts: Min: 1, Avg: 36.4, Max: 47, Diff: 46, Sum: 291]
      [GC Worker Other (ms): Min: 0.0, Avg: 0.0, Max: 0.1, Diff: 0.1, Sum: 0.4]
      [GC Worker Total (ms): Min: 147.0, Avg: 147.0, Max: 147.2, Diff: 0.2, Sum: 1176.4]
      [GC Worker End (ms): Min: 177307.5, Avg: 177307.5, Max: 177307.5, Diff: 0.1]
   [Code Root Fixup: 0.0 ms]
   [Code Root Purge: 0.0 ms]
   [Clear CT: 0.2 ms]
   [Other: 0.9 ms]
      [Choose CSet: 0.0 ms]
      [Ref Proc: 0.1 ms]
      [Ref Enq: 0.0 ms]
      [Redirty Cards: 0.3 ms]
      [Humongous Register: 0.0 ms]
      [Humongous Reclaim: 0.0 ms]
      [Free CSet: 0.2 ms]
   [Eden: 316.0M(316.0M)->0.0B(318.0M) Survivors: 10.0M->41.0M Heap: 394.4M(2048.0M)->386.4M(2048.0M)]
 [Times: user=1.25 sys=0.00, real=0.15 secs] 
2020-09-29T12:26:51.207+0200: 177.493: [GC pause (G1 Evacuation Pause) (young), 0.1842028 secs]
   [Parallel Time: 183.0 ms, GC Workers: 8]
      [GC Worker Start (ms): Min: 177493.4, Avg: 177493.4, Max: 177493.5, Diff: 0.1]
      [Ext Root Scanning (ms): Min: 0.0, Avg: 0.1, Max: 0.1, Diff: 0.1, Sum: 0.7]
      [Update RS (ms): Min: 23.5, Avg: 23.8, Max: 24.6, Diff: 1.1, Sum: 190.1]
         [Processed Buffers: Min: 23, Avg: 24.5, Max: 27, Diff: 4, Sum: 196]
      [Scan RS (ms): Min: 14.9, Avg: 15.9, Max: 17.1, Diff: 2.2, Sum: 127.4]
      [Code Root Scanning (ms): Min: 0.0, Avg: 0.0, Max: 0.0, Diff: 0.0, Sum: 0.0]
      [Object Copy (ms): Min: 142.1, Avg: 143.1, Max: 143.3, Diff: 1.1, Sum: 1144.5]
      [Termination (ms): Min: 0.0, Avg: 0.0, Max: 0.0, Diff: 0.0, Sum: 0.2]
         [Termination Attempts: Min: 1, Avg: 176.3, Max: 246, Diff: 245, Sum: 1410]
      [GC Worker Other (ms): Min: 0.0, Avg: 0.0, Max: 0.1, Diff: 0.1, Sum: 0.3]
      [GC Worker Total (ms): Min: 182.8, Avg: 182.9, Max: 182.9, Diff: 0.1, Sum: 1463.1]
      [GC Worker End (ms): Min: 177676.3, Avg: 177676.3, Max: 177676.3, Diff: 0.1]
   [Code Root Fixup: 0.0 ms]
   [Code Root Purge: 0.0 ms]
   [Clear CT: 0.2 ms]
   [Other: 1.0 ms]
      [Choose CSet: 0.0 ms]
      [Ref Proc: 0.1 ms]
      [Ref Enq: 0.0 ms]
      [Redirty Cards: 0.3 ms]
      [Humongous Register: 0.0 ms]
      [Humongous Reclaim: 0.0 ms]
      [Free CSet: 0.3 ms]
   [Eden: 318.0M(318.0M)->0.0B(306.0M) Survivors: 41.0M->45.0M Heap: 757.8M(2048.0M)->759.3M(2048.0M)]
 [Times: user=1.41 sys=0.02, real=0.18 secs] 
2020-09-29T12:26:51.600+0200: 177.886: [GC pause (G1 Evacuation Pause) (young), 0.1884418 secs]
   [Parallel Time: 187.4 ms, GC Workers: 8]
      [GC Worker Start (ms): Min: 177886.0, Avg: 177887.2, Max: 177895.2, Diff: 9.3]
      [Ext Root Scanning (ms): Min: 0.0, Avg: 0.1, Max: 0.2, Diff: 0.2, Sum: 0.5]
      [Update RS (ms): Min: 11.7, Avg: 19.6, Max: 20.9, Diff: 9.2, Sum: 156.9]
         [Processed Buffers: Min: 14, Avg: 20.3, Max: 23, Diff: 9, Sum: 162]
      [Scan RS (ms): Min: 19.4, Avg: 19.6, Max: 19.9, Diff: 0.5, Sum: 156.8]
      [Code Root Scanning (ms): Min: 0.0, Avg: 0.0, Max: 0.0, Diff: 0.0, Sum: 0.0]
      [Object Copy (ms): Min: 146.3, Avg: 146.4, Max: 146.6, Diff: 0.3, Sum: 1171.3]
      [Termination (ms): Min: 0.0, Avg: 0.2, Max: 0.3, Diff: 0.3, Sum: 2.0]
         [Termination Attempts: Min: 1, Avg: 1559.6, Max: 2042, Diff: 2041, Sum: 12477]
      [GC Worker Other (ms): Min: 0.0, Avg: 0.0, Max: 0.0, Diff: 0.0, Sum: 0.1]
      [GC Worker Total (ms): Min: 177.9, Avg: 186.0, Max: 187.2, Diff: 9.3, Sum: 1487.6]
      [GC Worker End (ms): Min: 178073.1, Avg: 178073.2, Max: 178073.2, Diff: 0.1]
   [Code Root Fixup: 0.0 ms]
   [Code Root Purge: 0.0 ms]
   [Clear CT: 0.2 ms]
   [Other: 0.9 ms]
      [Choose CSet: 0.0 ms]
      [Ref Proc: 0.1 ms]
      [Ref Enq: 0.0 ms]
      [Redirty Cards: 0.2 ms]
      [Humongous Register: 0.0 ms]
      [Humongous Reclaim: 0.0 ms]
      [Free CSet: 0.3 ms]
   [Eden: 306.0M(306.0M)->0.0B(291.0M) Survivors: 45.0M->44.0M Heap: 1116.8M(2048.0M)->1118.8M(2048.0M)]
 [Times: user=1.45 sys=0.00, real=0.19 secs] 
2020-09-29T12:26:51.805+0200: 178.091: [GC pause (G1 Humongous Allocation) (young) (initial-mark), 0.0569674 secs]
   [Parallel Time: 55.9 ms, GC Workers: 8]
      [GC Worker Start (ms): Min: 178091.3, Avg: 178091.3, Max: 178091.5, Diff: 0.2]
      [Ext Root Scanning (ms): Min: 0.0, Avg: 0.2, Max: 0.3, Diff: 0.3, Sum: 1.4]
      [Update RS (ms): Min: 27.7, Avg: 27.8, Max: 28.0, Diff: 0.3, Sum: 222.6]
         [Processed Buffers: Min: 33, Avg: 34.3, Max: 36, Diff: 3, Sum: 274]
      [Scan RS (ms): Min: 2.6, Avg: 2.8, Max: 3.0, Diff: 0.4, Sum: 22.6]
      [Code Root Scanning (ms): Min: 0.0, Avg: 0.0, Max: 0.0, Diff: 0.0, Sum: 0.0]
      [Object Copy (ms): Min: 24.9, Avg: 24.9, Max: 24.9, Diff: 0.0, Sum: 199.2]
      [Termination (ms): Min: 0.0, Avg: 0.0, Max: 0.1, Diff: 0.1, Sum: 0.4]
         [Termination Attempts: Min: 1, Avg: 300.6, Max: 359, Diff: 358, Sum: 2405]
      [GC Worker Other (ms): Min: 0.0, Avg: 0.0, Max: 0.0, Diff: 0.0, Sum: 0.2]
      [GC Worker Total (ms): Min: 55.7, Avg: 55.8, Max: 55.9, Diff: 0.2, Sum: 446.4]
      [GC Worker End (ms): Min: 178147.1, Avg: 178147.1, Max: 178147.2, Diff: 0.0]
   [Code Root Fixup: 0.0 ms]
   [Code Root Purge: 0.0 ms]
   [Clear CT: 0.2 ms]
   [Other: 0.9 ms]
      [Choose CSet: 0.0 ms]
      [Ref Proc: 0.2 ms]
      [Ref Enq: 0.0 ms]
      [Redirty Cards: 0.2 ms]
      [Humongous Register: 0.1 ms]
      [Humongous Reclaim: 0.0 ms]
      [Free CSet: 0.1 ms]
   [Eden: 10.0M(291.0M)->0.0B(325.0M) Survivors: 44.0M->12.0M Heap: 1128.8M(2048.0M)->1132.3M(2048.0M)]
 [Times: user=0.38 sys=0.00, real=0.06 secs] 
2020-09-29T12:26:51.862+0200: 178.148: [GC concurrent-root-region-scan-start]
2020-09-29T12:26:51.866+0200: 178.152: [GC concurrent-root-region-scan-end, 0.0037356 secs]
2020-09-29T12:26:51.866+0200: 178.152: [GC concurrent-mark-start]
2020-09-29T12:26:51.871+0200: 178.157: [GC concurrent-mark-end, 0.0053316 secs]
2020-09-29T12:26:51.872+0200: 178.158: [GC remark 2020-09-29T12:26:51.872+0200: 178.158: [Finalize Marking, 0.0002228 secs] 2020-09-29T12:26:51.872+0200: 178.158: [GC ref-proc, 0.0004128 secs] 2020-09-29T12:26:51.872+0200: 178.159: [Unloading, 0.0005966 secs], 0.0017065 secs]
 [Times: user=0.00 sys=0.00, real=0.00 secs] 
2020-09-29T12:26:51.874+0200: 178.160: [GC cleanup 1152M->46M(2048M), 0.0018157 secs]
 [Times: user=0.00 sys=0.00, real=0.00 secs] 
2020-09-29T12:26:51.876+0200: 178.162: [GC concurrent-cleanup-start]
2020-09-29T12:26:51.878+0200: 178.164: [GC concurrent-cleanup-end, 0.0021511 secs]
2020-09-29T12:26:52.056+0200: 178.342: [GC pause (G1 Evacuation Pause) (young), 0.1616323 secs]
   [Parallel Time: 160.3 ms, GC Workers: 8]
      [GC Worker Start (ms): Min: 178342.1, Avg: 178342.2, Max: 178342.2, Diff: 0.2]
      [Ext Root Scanning (ms): Min: 0.0, Avg: 0.1, Max: 0.2, Diff: 0.2, Sum: 0.5]
      [Update RS (ms): Min: 15.4, Avg: 15.5, Max: 15.7, Diff: 0.3, Sum: 123.8]
         [Processed Buffers: Min: 16, Avg: 18.6, Max: 21, Diff: 5, Sum: 149]
      [Scan RS (ms): Min: 14.5, Avg: 14.6, Max: 15.2, Diff: 0.7, Sum: 117.1]
      [Code Root Scanning (ms): Min: 0.0, Avg: 0.0, Max: 0.0, Diff: 0.0, Sum: 0.0]
      [Object Copy (ms): Min: 129.0, Avg: 129.8, Max: 130.0, Diff: 0.9, Sum: 1038.2]
      [Termination (ms): Min: 0.0, Avg: 0.0, Max: 0.0, Diff: 0.0, Sum: 0.1]
         [Termination Attempts: Min: 1, Avg: 103.5, Max: 131, Diff: 130, Sum: 828]
      [GC Worker Other (ms): Min: 0.0, Avg: 0.0, Max: 0.1, Diff: 0.1, Sum: 0.3]
      [GC Worker Total (ms): Min: 159.9, Avg: 160.0, Max: 160.1, Diff: 0.2, Sum: 1280.1]
      [GC Worker End (ms): Min: 178502.1, Avg: 178502.2, Max: 178502.2, Diff: 0.1]
   [Code Root Fixup: 0.0 ms]
   [Code Root Purge: 0.0 ms]
   [Clear CT: 0.2 ms]
   [Other: 1.2 ms]
      [Choose CSet: 0.0 ms]
      [Ref Proc: 0.2 ms]
      [Ref Enq: 0.0 ms]
      [Redirty Cards: 0.4 ms]
      [Humongous Register: 0.0 ms]
      [Humongous Reclaim: 0.0 ms]
      [Free CSet: 0.3 ms]
   [Eden: 325.0M(325.0M)->0.0B(308.0M) Survivors: 12.0M->43.0M Heap: 407.3M(2048.0M)->397.3M(2048.0M)]
 [Times: user=1.22 sys=0.00, real=0.16 secs] 
2020-09-29T12:26:52.409+0200: 178.695: [GC pause (G1 Evacuation Pause) (young), 0.1994022 secs]
   [Parallel Time: 198.2 ms, GC Workers: 8]
      [GC Worker Start (ms): Min: 178695.0, Avg: 178695.0, Max: 178695.1, Diff: 0.2]
      [Ext Root Scanning (ms): Min: 0.0, Avg: 0.1, Max: 0.2, Diff: 0.2, Sum: 0.6]
      [Update RS (ms): Min: 17.0, Avg: 17.1, Max: 17.4, Diff: 0.3, Sum: 137.1]
         [Processed Buffers: Min: 15, Avg: 17.5, Max: 20, Diff: 5, Sum: 140]
      [Scan RS (ms): Min: 21.0, Avg: 21.3, Max: 21.6, Diff: 0.6, Sum: 170.3]
      [Code Root Scanning (ms): Min: 0.0, Avg: 0.0, Max: 0.0, Diff: 0.0, Sum: 0.0]
      [Object Copy (ms): Min: 158.7, Avg: 159.0, Max: 159.4, Diff: 0.8, Sum: 1271.8]
      [Termination (ms): Min: 0.0, Avg: 0.5, Max: 0.7, Diff: 0.7, Sum: 3.7]
         [Termination Attempts: Min: 1, Avg: 3401.4, Max: 4749, Diff: 4748, Sum: 27211]
      [GC Worker Other (ms): Min: 0.0, Avg: 0.0, Max: 0.1, Diff: 0.1, Sum: 0.3]
      [GC Worker Total (ms): Min: 197.9, Avg: 198.0, Max: 198.1, Diff: 0.2, Sum: 1583.9]
      [GC Worker End (ms): Min: 178893.0, Avg: 178893.0, Max: 178893.1, Diff: 0.1]
   [Code Root Fixup: 0.0 ms]
   [Code Root Purge: 0.0 ms]
   [Clear CT: 0.2 ms]
   [Other: 1.0 ms]
      [Choose CSet: 0.0 ms]
      [Ref Proc: 0.1 ms]
      [Ref Enq: 0.0 ms]
      [Redirty Cards: 0.3 ms]
      [Humongous Register: 0.0 ms]
      [Humongous Reclaim: 0.0 ms]
      [Free CSet: 0.3 ms]
   [Eden: 308.0M(308.0M)->0.0B(281.0M) Survivors: 43.0M->44.0M Heap: 756.8M(2048.0M)->758.8M(2048.0M)]
 [Times: user=1.58 sys=0.00, real=0.20 secs] 
2020-09-29T12:26:52.778+0200: 179.064: [GC pause (G1 Evacuation Pause) (young), 0.3695770 secs]
   [Parallel Time: 367.1 ms, GC Workers: 8]
      [GC Worker Start (ms): Min: 179064.2, Avg: 179064.7, Max: 179065.4, Diff: 1.1]
      [Ext Root Scanning (ms): Min: 0.0, Avg: 0.0, Max: 0.2, Diff: 0.2, Sum: 0.2]
      [Update RS (ms): Min: 19.2, Avg: 20.0, Max: 20.5, Diff: 1.3, Sum: 160.0]
         [Processed Buffers: Min: 15, Avg: 18.6, Max: 21, Diff: 6, Sum: 149]
      [Scan RS (ms): Min: 15.5, Avg: 16.1, Max: 16.7, Diff: 1.1, Sum: 129.2]
      [Code Root Scanning (ms): Min: 0.0, Avg: 0.0, Max: 0.0, Diff: 0.0, Sum: 0.0]
      [Object Copy (ms): Min: 329.5, Avg: 329.9, Max: 330.2, Diff: 0.7, Sum: 2639.6]
      [Termination (ms): Min: 0.2, Avg: 0.3, Max: 0.3, Diff: 0.2, Sum: 2.1]
         [Termination Attempts: Min: 1, Avg: 373.1, Max: 472, Diff: 471, Sum: 2985]
      [GC Worker Other (ms): Min: 0.0, Avg: 0.0, Max: 0.0, Diff: 0.0, Sum: 0.2]
      [GC Worker Total (ms): Min: 365.7, Avg: 366.4, Max: 366.8, Diff: 1.1, Sum: 2931.3]
      [GC Worker End (ms): Min: 179431.1, Avg: 179431.1, Max: 179431.1, Diff: 0.1]
   [Code Root Fixup: 0.0 ms]
   [Code Root Purge: 0.0 ms]
   [Clear CT: 0.4 ms]
   [Other: 2.1 ms]
      [Choose CSet: 0.0 ms]
      [Ref Proc: 0.5 ms]
      [Ref Enq: 0.0 ms]
      [Redirty Cards: 0.5 ms]
      [Humongous Register: 0.0 ms]
      [Humongous Reclaim: 0.0 ms]
      [Free CSet: 0.6 ms]
   [Eden: 281.0M(281.0M)->0.0B(156.0M) Survivors: 44.0M->41.0M Heap: 1085.6M(2048.0M)->1087.6M(2048.0M)]
 [Times: user=2.67 sys=0.02, real=0.37 secs] 
2020-09-29T12:26:53.161+0200: 179.447: [GC pause (G1 Humongous Allocation) (young) (initial-mark), 0.1499256 secs]
   [Parallel Time: 147.5 ms, GC Workers: 8]
      [GC Worker Start (ms): Min: 179447.8, Avg: 179447.9, Max: 179448.1, Diff: 0.3]
      [Ext Root Scanning (ms): Min: 0.0, Avg: 0.4, Max: 0.8, Diff: 0.8, Sum: 2.9]
      [Update RS (ms): Min: 96.7, Avg: 97.2, Max: 97.7, Diff: 0.9, Sum: 777.9]
         [Processed Buffers: Min: 43, Avg: 47.0, Max: 51, Diff: 8, Sum: 376]
      [Scan RS (ms): Min: 4.2, Avg: 4.4, Max: 4.6, Diff: 0.5, Sum: 35.5]
      [Code Root Scanning (ms): Min: 0.0, Avg: 0.0, Max: 0.0, Diff: 0.0, Sum: 0.0]
      [Object Copy (ms): Min: 44.7, Avg: 44.8, Max: 45.0, Diff: 0.3, Sum: 358.7]
      [Termination (ms): Min: 0.0, Avg: 0.1, Max: 0.1, Diff: 0.1, Sum: 0.7]
         [Termination Attempts: Min: 1, Avg: 219.4, Max: 274, Diff: 273, Sum: 1755]
      [GC Worker Other (ms): Min: 0.0, Avg: 0.0, Max: 0.1, Diff: 0.0, Sum: 0.3]
      [GC Worker Total (ms): Min: 146.8, Avg: 147.0, Max: 147.1, Diff: 0.3, Sum: 1176.0]
      [GC Worker End (ms): Min: 179594.9, Avg: 179594.9, Max: 179595.0, Diff: 0.0]
   [Code Root Fixup: 0.0 ms]
   [Code Root Purge: 0.0 ms]
   [Clear CT: 0.4 ms]
   [Other: 2.0 ms]
      [Choose CSet: 0.0 ms]
      [Ref Proc: 0.6 ms]
      [Ref Enq: 0.0 ms]
      [Redirty Cards: 0.7 ms]
      [Humongous Register: 0.1 ms]
      [Humongous Reclaim: 0.0 ms]
      [Free CSet: 0.1 ms]
   [Eden: 2048.0K(156.0M)->0.0B(121.0M) Survivors: 41.0M->3072.0K Heap: 1089.6M(2048.0M)->1092.1M(2048.0M)]
 [Times: user=1.08 sys=0.00, real=0.15 secs] 
2020-09-29T12:26:53.312+0200: 179.598: [GC concurrent-root-region-scan-start]
2020-09-29T12:26:53.313+0200: 179.600: [GC concurrent-root-region-scan-end, 0.0017348 secs]
2020-09-29T12:26:53.313+0200: 179.600: [GC concurrent-mark-start]
2020-09-29T12:26:53.323+0200: 179.609: [GC concurrent-mark-end, 0.0097618 secs]
2020-09-29T12:26:53.324+0200: 179.610: [GC remark 2020-09-29T12:26:53.324+0200: 179.610: [Finalize Marking, 0.0003754 secs] 2020-09-29T12:26:53.324+0200: 179.610: [GC ref-proc, 0.0008297 secs] 2020-09-29T12:26:53.325+0200: 179.611: [Unloading, 0.0012014 secs], 0.0030414 secs]
 [Times: user=0.00 sys=0.00, real=0.00 secs] 
2020-09-29T12:26:53.327+0200: 179.614: [GC cleanup 1103M->29M(2048M), 0.0033541 secs]
 [Times: user=0.00 sys=0.00, real=0.00 secs] 
2020-09-29T12:26:53.331+0200: 179.617: [GC concurrent-cleanup-start]
2020-09-29T12:26:53.335+0200: 179.622: [GC concurrent-cleanup-end, 0.0046356 secs]
2020-09-29T12:26:53.466+0200: 179.753: [GC pause (G1 Evacuation Pause) (young), 0.1628097 secs]
   [Parallel Time: 160.9 ms, GC Workers: 8]
      [GC Worker Start (ms): Min: 179752.7, Avg: 179753.2, Max: 179755.8, Diff: 3.1]
      [Ext Root Scanning (ms): Min: 0.0, Avg: 0.2, Max: 0.3, Diff: 0.3, Sum: 1.3]
      [Update RS (ms): Min: 37.7, Avg: 40.5, Max: 41.3, Diff: 3.6, Sum: 324.1]
         [Processed Buffers: Min: 15, Avg: 19.4, Max: 24, Diff: 9, Sum: 155]
      [Scan RS (ms): Min: 1.2, Avg: 1.6, Max: 2.0, Diff: 0.8, Sum: 13.2]
      [Code Root Scanning (ms): Min: 0.0, Avg: 0.0, Max: 0.0, Diff: 0.0, Sum: 0.0]
      [Object Copy (ms): Min: 117.8, Avg: 117.8, Max: 117.9, Diff: 0.1, Sum: 942.6]
      [Termination (ms): Min: 0.0, Avg: 0.0, Max: 0.0, Diff: 0.0, Sum: 0.2]
         [Termination Attempts: Min: 1, Avg: 57.8, Max: 77, Diff: 76, Sum: 462]
      [GC Worker Other (ms): Min: 0.0, Avg: 0.1, Max: 0.1, Diff: 0.1, Sum: 0.6]
      [GC Worker Total (ms): Min: 157.6, Avg: 160.2, Max: 160.7, Diff: 3.1, Sum: 1281.8]
      [GC Worker End (ms): Min: 179913.4, Avg: 179913.4, Max: 179913.5, Diff: 0.1]
   [Code Root Fixup: 0.0 ms]
   [Code Root Purge: 0.0 ms]
   [Clear CT: 0.4 ms]
   [Other: 1.5 ms]
      [Choose CSet: 0.0 ms]
      [Ref Proc: 0.4 ms]
      [Ref Enq: 0.0 ms]
      [Redirty Cards: 0.4 ms]
      [Humongous Register: 0.1 ms]
      [Humongous Reclaim: 0.0 ms]
      [Free CSet: 0.2 ms]
   [Eden: 121.0M(121.0M)->0.0B(102.0M) Survivors: 3072.0K->16.0M Heap: 160.0M(2048.0M)->159.0M(2048.0M)]
 [Times: user=1.23 sys=0.00, real=0.16 secs] 
2020-09-29T12:26:53.759+0200: 180.045: [GC pause (G1 Evacuation Pause) (young), 0.1574325 secs]
   [Parallel Time: 154.8 ms, GC Workers: 8]
      [GC Worker Start (ms): Min: 180045.3, Avg: 180045.4, Max: 180045.6, Diff: 0.3]
      [Ext Root Scanning (ms): Min: 0.0, Avg: 0.1, Max: 0.3, Diff: 0.3, Sum: 1.1]
      [Update RS (ms): Min: 31.8, Avg: 32.2, Max: 33.1, Diff: 1.3, Sum: 258.0]
         [Processed Buffers: Min: 14, Avg: 16.6, Max: 21, Diff: 7, Sum: 133]
      [Scan RS (ms): Min: 3.1, Avg: 3.8, Max: 4.3, Diff: 1.1, Sum: 30.7]
      [Code Root Scanning (ms): Min: 0.0, Avg: 0.0, Max: 0.0, Diff: 0.0, Sum: 0.0]
      [Object Copy (ms): Min: 117.7, Avg: 117.8, Max: 118.1, Diff: 0.4, Sum: 942.7]
      [Termination (ms): Min: 0.0, Avg: 0.2, Max: 0.3, Diff: 0.3, Sum: 2.0]
         [Termination Attempts: Min: 1, Avg: 635.4, Max: 778, Diff: 777, Sum: 5083]
      [GC Worker Other (ms): Min: 0.0, Avg: 0.1, Max: 0.1, Diff: 0.1, Sum: 0.5]
      [GC Worker Total (ms): Min: 154.2, Avg: 154.4, Max: 154.5, Diff: 0.3, Sum: 1235.0]
      [GC Worker End (ms): Min: 180199.8, Avg: 180199.8, Max: 180199.9, Diff: 0.1]
   [Code Root Fixup: 0.0 ms]
   [Code Root Purge: 0.0 ms]
   [Clear CT: 1.0 ms]
   [Other: 1.7 ms]
      [Choose CSet: 0.0 ms]
      [Ref Proc: 0.5 ms]
      [Ref Enq: 0.0 ms]
      [Redirty Cards: 0.5 ms]
      [Humongous Register: 0.1 ms]
      [Humongous Reclaim: 0.0 ms]
      [Free CSet: 0.3 ms]
   [Eden: 102.0M(102.0M)->0.0B(104.0M) Survivors: 16.0M->15.0M Heap: 278.1M(2048.0M)->280.6M(2048.0M)]
 [Times: user=1.22 sys=0.00, real=0.16 secs] 
2020-09-29T12:26:54.043+0200: 180.329: [GC pause (G1 Evacuation Pause) (young), 0.1614111 secs]
   [Parallel Time: 152.8 ms, GC Workers: 8]
      [GC Worker Start (ms): Min: 180328.9, Avg: 180329.1, Max: 180329.3, Diff: 0.3]
      [Ext Root Scanning (ms): Min: 0.0, Avg: 0.1, Max: 0.3, Diff: 0.3, Sum: 1.1]
      [Update RS (ms): Min: 37.4, Avg: 37.7, Max: 38.4, Diff: 1.0, Sum: 301.8]
         [Processed Buffers: Min: 18, Avg: 19.9, Max: 22, Diff: 4, Sum: 159]
      [Scan RS (ms): Min: 1.7, Avg: 2.3, Max: 2.7, Diff: 1.0, Sum: 18.8]
      [Code Root Scanning (ms): Min: 0.0, Avg: 0.0, Max: 0.0, Diff: 0.0, Sum: 0.0]
      [Object Copy (ms): Min: 111.9, Avg: 112.0, Max: 112.1, Diff: 0.2, Sum: 896.3]
      [Termination (ms): Min: 0.0, Avg: 0.1, Max: 0.1, Diff: 0.1, Sum: 0.4]
         [Termination Attempts: Min: 1, Avg: 154.9, Max: 201, Diff: 200, Sum: 1239]
      [GC Worker Other (ms): Min: 0.0, Avg: 0.1, Max: 0.1, Diff: 0.1, Sum: 0.6]
      [GC Worker Total (ms): Min: 152.2, Avg: 152.4, Max: 152.6, Diff: 0.4, Sum: 1218.9]
      [GC Worker End (ms): Min: 180481.5, Avg: 180481.5, Max: 180481.5, Diff: 0.1]
   [Code Root Fixup: 0.0 ms]
   [Code Root Purge: 0.0 ms]
   [Clear CT: 3.6 ms]
   [Other: 5.0 ms]
      [Choose CSet: 0.0 ms]
      [Ref Proc: 0.4 ms]
      [Ref Enq: 0.0 ms]
      [Redirty Cards: 1.0 ms]
      [Humongous Register: 0.1 ms]
      [Humongous Reclaim: 0.0 ms]
      [Free CSet: 1.7 ms]
   [Eden: 104.0M(104.0M)->0.0B(106.0M) Survivors: 15.0M->15.0M Heap: 401.8M(2048.0M)->403.8M(2048.0M)]
 [Times: user=1.25 sys=0.00, real=0.16 secs] 
2020-09-29T12:26:54.331+0200: 180.617: [GC pause (G1 Evacuation Pause) (young), 0.1571916 secs]
   [Parallel Time: 155.5 ms, GC Workers: 8]
      [GC Worker Start (ms): Min: 180617.4, Avg: 180617.6, Max: 180617.7, Diff: 0.3]
      [Ext Root Scanning (ms): Min: 0.0, Avg: 0.2, Max: 0.3, Diff: 0.3, Sum: 1.2]
      [Update RS (ms): Min: 36.3, Avg: 36.7, Max: 37.3, Diff: 1.1, Sum: 293.5]
         [Processed Buffers: Min: 17, Avg: 18.3, Max: 20, Diff: 3, Sum: 146]
      [Scan RS (ms): Min: 1.7, Avg: 2.3, Max: 2.7, Diff: 1.0, Sum: 18.5]
      [Code Root Scanning (ms): Min: 0.0, Avg: 0.0, Max: 0.0, Diff: 0.0, Sum: 0.0]
      [Object Copy (ms): Min: 115.7, Avg: 115.8, Max: 115.9, Diff: 0.2, Sum: 926.4]
      [Termination (ms): Min: 0.0, Avg: 0.1, Max: 0.1, Diff: 0.1, Sum: 0.6]
         [Termination Attempts: Min: 1, Avg: 200.3, Max: 244, Diff: 243, Sum: 1602]
      [GC Worker Other (ms): Min: 0.0, Avg: 0.0, Max: 0.1, Diff: 0.0, Sum: 0.3]
      [GC Worker Total (ms): Min: 155.0, Avg: 155.1, Max: 155.2, Diff: 0.3, Sum: 1240.6]
      [GC Worker End (ms): Min: 180772.6, Avg: 180772.7, Max: 180772.7, Diff: 0.0]
   [Code Root Fixup: 0.0 ms]
   [Code Root Purge: 0.0 ms]
   [Clear CT: 0.4 ms]
   [Other: 1.2 ms]
      [Choose CSet: 0.0 ms]
      [Ref Proc: 0.3 ms]
      [Ref Enq: 0.0 ms]
      [Redirty Cards: 0.3 ms]
      [Humongous Register: 0.1 ms]
      [Humongous Reclaim: 0.0 ms]
      [Free CSet: 0.2 ms]
   [Eden: 106.0M(106.0M)->0.0B(112.0M) Survivors: 15.0M->16.0M Heap: 527.0M(2048.0M)->529.0M(2048.0M)]
 [Times: user=1.25 sys=0.00, real=0.16 secs] 
2020-09-29T12:26:54.630+0200: 180.916: [GC pause (G1 Evacuation Pause) (young), 0.1782661 secs]
   [Parallel Time: 176.4 ms, GC Workers: 8]
      [GC Worker Start (ms): Min: 180916.1, Avg: 180920.3, Max: 180932.6, Diff: 16.6]
      [Ext Root Scanning (ms): Min: 0.0, Avg: 0.2, Max: 0.3, Diff: 0.3, Sum: 1.2]
      [Update RS (ms): Min: 18.6, Avg: 30.9, Max: 35.4, Diff: 16.8, Sum: 247.2]
         [Processed Buffers: Min: 10, Avg: 15.6, Max: 20, Diff: 10, Sum: 125]
      [Scan RS (ms): Min: 5.8, Avg: 6.2, Max: 6.5, Diff: 0.7, Sum: 50.0]
      [Code Root Scanning (ms): Min: 0.0, Avg: 0.0, Max: 0.0, Diff: 0.0, Sum: 0.0]
      [Object Copy (ms): Min: 134.4, Avg: 134.5, Max: 134.6, Diff: 0.2, Sum: 1076.3]
      [Termination (ms): Min: 0.0, Avg: 0.0, Max: 0.0, Diff: 0.0, Sum: 0.0]
         [Termination Attempts: Min: 1, Avg: 7.4, Max: 13, Diff: 12, Sum: 59]
      [GC Worker Other (ms): Min: 0.0, Avg: 0.1, Max: 0.1, Diff: 0.1, Sum: 0.4]
      [GC Worker Total (ms): Min: 159.5, Avg: 171.9, Max: 176.1, Diff: 16.6, Sum: 1375.2]
      [GC Worker End (ms): Min: 181092.1, Avg: 181092.2, Max: 181092.2, Diff: 0.1]
   [Code Root Fixup: 0.0 ms]
   [Code Root Purge: 0.0 ms]
   [Clear CT: 0.5 ms]
   [Other: 1.4 ms]
      [Choose CSet: 0.0 ms]
      [Ref Proc: 0.3 ms]
      [Ref Enq: 0.0 ms]
      [Redirty Cards: 0.5 ms]
      [Humongous Register: 0.1 ms]
      [Humongous Reclaim: 0.0 ms]
      [Free CSet: 0.2 ms]
   [Eden: 112.0M(112.0M)->0.0B(112.0M) Survivors: 16.0M->16.0M Heap: 660.1M(2048.0M)->663.1M(2048.0M)]
 [Times: user=1.34 sys=0.00, real=0.18 secs] 
2020-09-29T12:26:54.963+0200: 181.249: [GC pause (G1 Evacuation Pause) (young), 0.1526032 secs]
   [Parallel Time: 150.5 ms, GC Workers: 8]
      [GC Worker Start (ms): Min: 181249.6, Avg: 181249.7, Max: 181249.8, Diff: 0.2]
      [Ext Root Scanning (ms): Min: 0.1, Avg: 0.2, Max: 0.3, Diff: 0.2, Sum: 1.4]
      [Update RS (ms): Min: 25.6, Avg: 26.2, Max: 28.1, Diff: 2.4, Sum: 209.8]
         [Processed Buffers: Min: 13, Avg: 14.4, Max: 17, Diff: 4, Sum: 115]
      [Scan RS (ms): Min: 5.9, Avg: 7.7, Max: 8.4, Diff: 2.5, Sum: 61.3]
      [Code Root Scanning (ms): Min: 0.0, Avg: 0.0, Max: 0.0, Diff: 0.0, Sum: 0.0]
      [Object Copy (ms): Min: 116.0, Avg: 116.1, Max: 116.2, Diff: 0.2, Sum: 928.7]
      [Termination (ms): Min: 0.0, Avg: 0.0, Max: 0.0, Diff: 0.0, Sum: 0.3]
         [Termination Attempts: Min: 1, Avg: 84.8, Max: 119, Diff: 118, Sum: 678]
      [GC Worker Other (ms): Min: 0.0, Avg: 0.0, Max: 0.1, Diff: 0.1, Sum: 0.4]
      [GC Worker Total (ms): Min: 150.1, Avg: 150.2, Max: 150.4, Diff: 0.3, Sum: 1201.8]
      [GC Worker End (ms): Min: 181399.9, Avg: 181399.9, Max: 181400.0, Diff: 0.1]
   [Code Root Fixup: 0.0 ms]
   [Code Root Purge: 0.0 ms]
   [Clear CT: 0.5 ms]
   [Other: 1.6 ms]
      [Choose CSet: 0.0 ms]
      [Ref Proc: 0.5 ms]
      [Ref Enq: 0.0 ms]
      [Redirty Cards: 0.5 ms]
      [Humongous Register: 0.1 ms]
      [Humongous Reclaim: 0.0 ms]
      [Free CSet: 0.2 ms]
   [Eden: 112.0M(112.0M)->0.0B(121.0M) Survivors: 16.0M->16.0M Heap: 794.1M(2048.0M)->796.6M(2048.0M)]
 [Times: user=1.25 sys=0.00, real=0.15 secs] 
2020-09-29T12:26:55.267+0200: 181.553: [GC pause (G1 Evacuation Pause) (young), 0.1581977 secs]
   [Parallel Time: 156.4 ms, GC Workers: 8]
      [GC Worker Start (ms): Min: 181553.0, Avg: 181553.1, Max: 181553.2, Diff: 0.2]
      [Ext Root Scanning (ms): Min: 0.1, Avg: 0.2, Max: 0.3, Diff: 0.2, Sum: 1.3]
      [Update RS (ms): Min: 17.5, Avg: 18.0, Max: 18.7, Diff: 1.3, Sum: 144.3]
         [Processed Buffers: Min: 9, Avg: 9.3, Max: 10, Diff: 1, Sum: 74]
      [Scan RS (ms): Min: 11.7, Avg: 12.4, Max: 12.9, Diff: 1.3, Sum: 99.1]
      [Code Root Scanning (ms): Min: 0.0, Avg: 0.0, Max: 0.0, Diff: 0.0, Sum: 0.0]
      [Object Copy (ms): Min: 125.4, Avg: 125.5, Max: 125.6, Diff: 0.2, Sum: 1004.2]
      [Termination (ms): Min: 0.0, Avg: 0.0, Max: 0.0, Diff: 0.0, Sum: 0.1]
         [Termination Attempts: Min: 1, Avg: 30.9, Max: 44, Diff: 43, Sum: 247]
      [GC Worker Other (ms): Min: 0.0, Avg: 0.0, Max: 0.1, Diff: 0.1, Sum: 0.4]
      [GC Worker Total (ms): Min: 156.1, Avg: 156.2, Max: 156.3, Diff: 0.2, Sum: 1249.4]
      [GC Worker End (ms): Min: 181709.2, Avg: 181709.3, Max: 181709.3, Diff: 0.1]
   [Code Root Fixup: 0.0 ms]
   [Code Root Purge: 0.0 ms]
   [Clear CT: 0.4 ms]
   [Other: 1.4 ms]
      [Choose CSet: 0.0 ms]
      [Ref Proc: 0.4 ms]
      [Ref Enq: 0.0 ms]
      [Redirty Cards: 0.4 ms]
      [Humongous Register: 0.1 ms]
      [Humongous Reclaim: 0.0 ms]
      [Free CSet: 0.2 ms]
   [Eden: 121.0M(121.0M)->0.0B(124.0M) Survivors: 16.0M->18.0M Heap: 936.7M(2048.0M)->938.2M(2048.0M)]
 [Times: user=1.25 sys=0.00, real=0.16 secs] 
2020-09-29T12:26:55.426+0200: 181.712: [GC pause (G1 Humongous Allocation) (young) (initial-mark), 0.0749818 secs]
   [Parallel Time: 73.2 ms, GC Workers: 8]
      [GC Worker Start (ms): Min: 181712.0, Avg: 181712.1, Max: 181712.3, Diff: 0.3]
      [Ext Root Scanning (ms): Min: 0.0, Avg: 0.6, Max: 2.7, Diff: 2.7, Sum: 4.5]
      [Update RS (ms): Min: 43.4, Avg: 45.4, Max: 46.2, Diff: 2.8, Sum: 363.5]
         [Processed Buffers: Min: 20, Avg: 23.5, Max: 25, Diff: 5, Sum: 188]
      [Scan RS (ms): Min: 0.0, Avg: 0.0, Max: 0.0, Diff: 0.0, Sum: 0.0]
      [Code Root Scanning (ms): Min: 0.0, Avg: 0.0, Max: 0.0, Diff: 0.0, Sum: 0.0]
      [Object Copy (ms): Min: 26.3, Avg: 26.6, Max: 27.4, Diff: 1.1, Sum: 213.1]
      [Termination (ms): Min: 0.1, Avg: 0.1, Max: 0.2, Diff: 0.1, Sum: 1.2]
         [Termination Attempts: Min: 1, Avg: 243.1, Max: 336, Diff: 335, Sum: 1945]
      [GC Worker Other (ms): Min: 0.0, Avg: 0.0, Max: 0.0, Diff: 0.0, Sum: 0.2]
      [GC Worker Total (ms): Min: 72.6, Avg: 72.8, Max: 72.9, Diff: 0.3, Sum: 582.6]
      [GC Worker End (ms): Min: 181784.9, Avg: 181784.9, Max: 181785.0, Diff: 0.0]
   [Code Root Fixup: 0.0 ms]
   [Code Root Purge: 0.0 ms]
   [Clear CT: 0.5 ms]
   [Other: 1.3 ms]
      [Choose CSet: 0.0 ms]
      [Ref Proc: 0.3 ms]
      [Ref Enq: 0.0 ms]
      [Redirty Cards: 0.4 ms]
      [Humongous Register: 0.0 ms]
      [Humongous Reclaim: 0.0 ms]
      [Free CSet: 0.1 ms]
   [Eden: 1024.0K(124.0M)->0.0B(136.0M) Survivors: 18.0M->2048.0K Heap: 938.7M(2048.0M)->941.7M(2048.0M)]
 [Times: user=0.61 sys=0.00, real=0.07 secs] 
2020-09-29T12:26:55.501+0200: 181.787: [GC concurrent-root-region-scan-start]
2020-09-29T12:26:55.501+0200: 181.788: [GC concurrent-root-region-scan-end, 0.0004236 secs]
2020-09-29T12:26:55.501+0200: 181.788: [GC concurrent-mark-start]
2020-09-29T12:26:55.508+0200: 181.795: [GC concurrent-mark-end, 0.0070963 secs]
2020-09-29T12:26:55.509+0200: 181.795: [GC remark 2020-09-29T12:26:55.509+0200: 181.795: [Finalize Marking, 0.0004295 secs] 2020-09-29T12:26:55.509+0200: 181.796: [GC ref-proc, 0.0006471 secs] 2020-09-29T12:26:55.510+0200: 181.796: [Unloading, 0.0009307 secs], 0.0025712 secs]
 [Times: user=0.00 sys=0.00, real=0.00 secs] 
2020-09-29T12:26:55.512+0200: 181.798: [GC cleanup 950M->25M(2048M), 0.0024972 secs]
 [Times: user=0.00 sys=0.00, real=0.00 secs] 
2020-09-29T12:26:55.515+0200: 181.801: [GC concurrent-cleanup-start]
2020-09-29T12:26:55.517+0200: 181.803: [GC concurrent-cleanup-end, 0.0019984 secs]
2020-09-29T12:26:55.671+0200: 181.957: [GC pause (G1 Evacuation Pause) (young), 0.1567463 secs]
   [Parallel Time: 154.8 ms, GC Workers: 8]
      [GC Worker Start (ms): Min: 181957.7, Avg: 181957.9, Max: 181958.0, Diff: 0.4]
      [Ext Root Scanning (ms): Min: 0.0, Avg: 0.1, Max: 0.3, Diff: 0.3, Sum: 1.0]
      [Update RS (ms): Min: 19.2, Avg: 19.7, Max: 20.2, Diff: 1.0, Sum: 157.5]
         [Processed Buffers: Min: 9, Avg: 10.3, Max: 12, Diff: 3, Sum: 82]
      [Scan RS (ms): Min: 11.1, Avg: 11.6, Max: 12.0, Diff: 0.9, Sum: 92.6]
      [Code Root Scanning (ms): Min: 0.0, Avg: 0.0, Max: 0.0, Diff: 0.0, Sum: 0.0]
      [Object Copy (ms): Min: 122.8, Avg: 122.9, Max: 123.0, Diff: 0.2, Sum: 982.9]
      [Termination (ms): Min: 0.0, Avg: 0.0, Max: 0.0, Diff: 0.0, Sum: 0.1]
         [Termination Attempts: Min: 1, Avg: 19.1, Max: 28, Diff: 27, Sum: 153]
      [GC Worker Other (ms): Min: 0.0, Avg: 0.0, Max: 0.1, Diff: 0.0, Sum: 0.3]
      [GC Worker Total (ms): Min: 154.1, Avg: 154.3, Max: 154.5, Diff: 0.4, Sum: 1234.3]
      [GC Worker End (ms): Min: 182112.1, Avg: 182112.2, Max: 182112.2, Diff: 0.0]
   [Code Root Fixup: 0.0 ms]
   [Code Root Purge: 0.0 ms]
   [Clear CT: 0.4 ms]
   [Other: 1.5 ms]
      [Choose CSet: 0.0 ms]
      [Ref Proc: 0.4 ms]
      [Ref Enq: 0.0 ms]
      [Redirty Cards: 0.4 ms]
      [Humongous Register: 0.1 ms]
      [Humongous Reclaim: 0.0 ms]
      [Free CSet: 0.3 ms]
   [Eden: 136.0M(136.0M)->0.0B(121.0M) Survivors: 2048.0K->18.0M Heap: 175.4M(2048.0M)->176.4M(2048.0M)]
 [Times: user=1.25 sys=0.00, real=0.16 secs] 
2020-09-29T12:26:55.977+0200: 182.264: [GC pause (G1 Evacuation Pause) (young), 0.1682386 secs]
   [Parallel Time: 166.2 ms, GC Workers: 8]
      [GC Worker Start (ms): Min: 182263.7, Avg: 182263.9, Max: 182264.1, Diff: 0.4]
      [Ext Root Scanning (ms): Min: 0.0, Avg: 0.1, Max: 0.3, Diff: 0.3, Sum: 1.1]
      [Update RS (ms): Min: 25.4, Avg: 26.1, Max: 27.4, Diff: 2.0, Sum: 208.7]
         [Processed Buffers: Min: 13, Avg: 13.8, Max: 16, Diff: 3, Sum: 110]
      [Scan RS (ms): Min: 8.6, Avg: 10.0, Max: 10.8, Diff: 2.2, Sum: 79.7]
      [Code Root Scanning (ms): Min: 0.0, Avg: 0.0, Max: 0.0, Diff: 0.0, Sum: 0.0]
      [Object Copy (ms): Min: 129.2, Avg: 129.4, Max: 129.6, Diff: 0.4, Sum: 1035.2]
      [Termination (ms): Min: 0.0, Avg: 0.1, Max: 0.2, Diff: 0.2, Sum: 1.1]
         [Termination Attempts: Min: 1, Avg: 378.1, Max: 485, Diff: 484, Sum: 3025]
      [GC Worker Other (ms): Min: 0.0, Avg: 0.1, Max: 0.1, Diff: 0.1, Sum: 0.6]
      [GC Worker Total (ms): Min: 165.7, Avg: 165.8, Max: 165.9, Diff: 0.2, Sum: 1326.3]
      [GC Worker End (ms): Min: 182429.7, Avg: 182429.7, Max: 182429.8, Diff: 0.1]
   [Code Root Fixup: 0.0 ms]
   [Code Root Purge: 0.0 ms]
   [Clear CT: 0.4 ms]
   [Other: 1.6 ms]
      [Choose CSet: 0.0 ms]
      [Ref Proc: 0.4 ms]
      [Ref Enq: 0.0 ms]
      [Redirty Cards: 0.4 ms]
      [Humongous Register: 0.1 ms]
      [Humongous Reclaim: 0.0 ms]
      [Free CSet: 0.3 ms]
   [Eden: 121.0M(121.0M)->0.0B(121.0M) Survivors: 18.0M->18.0M Heap: 318.4M(2048.0M)->320.4M(2048.0M)]
 [Times: user=1.26 sys=0.00, real=0.17 secs] 
2020-09-29T12:26:56.300+0200: 182.587: [GC pause (G1 Evacuation Pause) (young), 0.1668328 secs]
   [Parallel Time: 165.0 ms, GC Workers: 8]
      [GC Worker Start (ms): Min: 182587.5, Avg: 182587.6, Max: 182587.7, Diff: 0.2]
      [Ext Root Scanning (ms): Min: 0.1, Avg: 0.2, Max: 0.2, Diff: 0.1, Sum: 1.4]
      [Update RS (ms): Min: 22.3, Avg: 22.5, Max: 22.9, Diff: 0.6, Sum: 179.8]
         [Processed Buffers: Min: 11, Avg: 12.5, Max: 15, Diff: 4, Sum: 100]
      [Scan RS (ms): Min: 11.2, Avg: 11.6, Max: 11.9, Diff: 0.8, Sum: 93.1]
      [Code Root Scanning (ms): Min: 0.0, Avg: 0.0, Max: 0.0, Diff: 0.0, Sum: 0.0]
      [Object Copy (ms): Min: 130.1, Avg: 130.3, Max: 130.3, Diff: 0.2, Sum: 1042.2]
      [Termination (ms): Min: 0.0, Avg: 0.1, Max: 0.1, Diff: 0.1, Sum: 0.8]
         [Termination Attempts: Min: 1, Avg: 252.1, Max: 313, Diff: 312, Sum: 2017]
      [GC Worker Other (ms): Min: 0.0, Avg: 0.0, Max: 0.0, Diff: 0.0, Sum: 0.2]
      [GC Worker Total (ms): Min: 164.6, Avg: 164.7, Max: 164.8, Diff: 0.2, Sum: 1317.6]
      [GC Worker End (ms): Min: 182752.3, Avg: 182752.3, Max: 182752.3, Diff: 0.0]
   [Code Root Fixup: 0.0 ms]
   [Code Root Purge: 0.0 ms]
   [Clear CT: 0.3 ms]
   [Other: 1.5 ms]
      [Choose CSet: 0.0 ms]
      [Ref Proc: 0.4 ms]
      [Ref Enq: 0.0 ms]
      [Redirty Cards: 0.3 ms]
      [Humongous Register: 0.1 ms]
      [Humongous Reclaim: 0.0 ms]
      [Free CSet: 0.2 ms]
   [Eden: 121.0M(121.0M)->0.0B(125.0M) Survivors: 18.0M->18.0M Heap: 462.4M(2048.0M)->464.9M(2048.0M)]
 [Times: user=1.25 sys=0.02, real=0.17 secs] 
2020-09-29T12:26:56.630+0200: 182.916: [GC pause (G1 Evacuation Pause) (young), 0.2105709 secs]
   [Parallel Time: 208.4 ms, GC Workers: 8]
      [GC Worker Start (ms): Min: 182916.6, Avg: 182916.7, Max: 182916.9, Diff: 0.3]
      [Ext Root Scanning (ms): Min: 0.0, Avg: 0.1, Max: 0.3, Diff: 0.3, Sum: 1.1]
      [Update RS (ms): Min: 20.8, Avg: 22.5, Max: 29.2, Diff: 8.4, Sum: 180.2]
         [Processed Buffers: Min: 0, Avg: 9.3, Max: 12, Diff: 12, Sum: 74]
      [Scan RS (ms): Min: 8.7, Avg: 15.4, Max: 17.1, Diff: 8.5, Sum: 123.1]
      [Code Root Scanning (ms): Min: 0.0, Avg: 0.0, Max: 0.0, Diff: 0.0, Sum: 0.0]
      [Object Copy (ms): Min: 168.6, Avg: 169.3, Max: 170.0, Diff: 1.3, Sum: 1354.7]
      [Termination (ms): Min: 0.0, Avg: 0.5, Max: 0.6, Diff: 0.6, Sum: 4.0]
         [Termination Attempts: Min: 1, Avg: 1462.9, Max: 1774, Diff: 1773, Sum: 11703]
      [GC Worker Other (ms): Min: 0.0, Avg: 0.1, Max: 0.1, Diff: 0.1, Sum: 0.6]
      [GC Worker Total (ms): Min: 207.8, Avg: 208.0, Max: 208.1, Diff: 0.3, Sum: 1663.7]
      [GC Worker End (ms): Min: 183124.6, Avg: 183124.7, Max: 183124.7, Diff: 0.1]
   [Code Root Fixup: 0.0 ms]
   [Code Root Purge: 0.0 ms]
   [Clear CT: 0.7 ms]
   [Other: 1.4 ms]
      [Choose CSet: 0.0 ms]
      [Ref Proc: 0.3 ms]
      [Ref Enq: 0.0 ms]
      [Redirty Cards: 0.4 ms]
      [Humongous Register: 0.1 ms]
      [Humongous Reclaim: 0.0 ms]
      [Free CSet: 0.3 ms]
   [Eden: 125.0M(125.0M)->0.0B(111.0M) Survivors: 18.0M->18.0M Heap: 608.9M(2048.0M)->610.9M(2048.0M)]
 [Times: user=1.55 sys=0.00, real=0.21 secs] 
2020-09-29T12:26:56.989+0200: 183.276: [GC pause (G1 Evacuation Pause) (young), 0.1449483 secs]
   [Parallel Time: 142.5 ms, GC Workers: 8]
      [GC Worker Start (ms): Min: 183276.3, Avg: 183276.5, Max: 183276.6, Diff: 0.2]
      [Ext Root Scanning (ms): Min: 0.0, Avg: 0.2, Max: 0.3, Diff: 0.2, Sum: 1.2]
      [Update RS (ms): Min: 13.8, Avg: 14.1, Max: 14.6, Diff: 0.8, Sum: 113.0]
         [Processed Buffers: Min: 7, Avg: 8.0, Max: 10, Diff: 3, Sum: 64]
      [Scan RS (ms): Min: 12.4, Avg: 12.9, Max: 13.3, Diff: 0.9, Sum: 103.3]
      [Code Root Scanning (ms): Min: 0.0, Avg: 0.0, Max: 0.0, Diff: 0.0, Sum: 0.0]
      [Object Copy (ms): Min: 114.7, Avg: 114.8, Max: 114.9, Diff: 0.2, Sum: 918.7]
      [Termination (ms): Min: 0.0, Avg: 0.0, Max: 0.0, Diff: 0.0, Sum: 0.1]
         [Termination Attempts: Min: 1, Avg: 12.6, Max: 18, Diff: 17, Sum: 101]
      [GC Worker Other (ms): Min: 0.0, Avg: 0.1, Max: 0.1, Diff: 0.1, Sum: 0.5]
      [GC Worker Total (ms): Min: 142.0, Avg: 142.1, Max: 142.2, Diff: 0.3, Sum: 1136.8]
      [GC Worker End (ms): Min: 183418.5, Avg: 183418.6, Max: 183418.6, Diff: 0.1]
   [Code Root Fixup: 0.0 ms]
   [Code Root Purge: 0.0 ms]
   [Clear CT: 0.6 ms]
   [Other: 1.8 ms]
      [Choose CSet: 0.0 ms]
      [Ref Proc: 0.5 ms]
      [Ref Enq: 0.0 ms]
      [Redirty Cards: 0.8 ms]
      [Humongous Register: 0.1 ms]
      [Humongous Reclaim: 0.0 ms]
      [Free CSet: 0.2 ms]
   [Eden: 111.0M(111.0M)->0.0B(121.0M) Survivors: 18.0M->17.0M Heap: 741.0M(2048.0M)->743.0M(2048.0M)]
 [Times: user=1.13 sys=0.00, real=0.15 secs] 
2020-09-29T12:26:57.284+0200: 183.571: [GC pause (G1 Evacuation Pause) (young), 0.1613815 secs]
   [Parallel Time: 159.4 ms, GC Workers: 8]
      [GC Worker Start (ms): Min: 183571.0, Avg: 183571.2, Max: 183571.3, Diff: 0.3]
      [Ext Root Scanning (ms): Min: 0.0, Avg: 0.2, Max: 0.3, Diff: 0.3, Sum: 1.2]
      [Update RS (ms): Min: 18.0, Avg: 18.5, Max: 19.8, Diff: 1.8, Sum: 147.9]
         [Processed Buffers: Min: 9, Avg: 10.8, Max: 13, Diff: 4, Sum: 86]
      [Scan RS (ms): Min: 11.3, Avg: 12.5, Max: 13.1, Diff: 1.8, Sum: 100.1]
      [Code Root Scanning (ms): Min: 0.0, Avg: 0.0, Max: 0.0, Diff: 0.0, Sum: 0.0]
      [Object Copy (ms): Min: 127.7, Avg: 127.7, Max: 127.8, Diff: 0.2, Sum: 1021.8]
      [Termination (ms): Min: 0.0, Avg: 0.0, Max: 0.0, Diff: 0.0, Sum: 0.2]
         [Termination Attempts: Min: 1, Avg: 54.6, Max: 77, Diff: 76, Sum: 437]
      [GC Worker Other (ms): Min: 0.0, Avg: 0.1, Max: 0.1, Diff: 0.1, Sum: 0.5]
      [GC Worker Total (ms): Min: 158.8, Avg: 159.0, Max: 159.2, Diff: 0.4, Sum: 1271.7]
      [GC Worker End (ms): Min: 183730.1, Avg: 183730.1, Max: 183730.2, Diff: 0.1]
   [Code Root Fixup: 0.0 ms]
   [Code Root Purge: 0.0 ms]
   [Clear CT: 0.5 ms]
   [Other: 1.5 ms]
      [Choose CSet: 0.0 ms]
      [Ref Proc: 0.4 ms]
      [Ref Enq: 0.0 ms]
      [Redirty Cards: 0.5 ms]
      [Humongous Register: 0.1 ms]
      [Humongous Reclaim: 0.0 ms]
      [Free CSet: 0.2 ms]
   [Eden: 121.0M(121.0M)->0.0B(126.0M) Survivors: 17.0M->18.0M Heap: 885.0M(2048.0M)->887.5M(2048.0M)]
 [Times: user=1.38 sys=0.00, real=0.16 secs] 
2020-09-29T12:26:57.603+0200: 183.890: [GC pause (G1 Evacuation Pause) (young), 0.1672000 secs]
   [Parallel Time: 165.4 ms, GC Workers: 8]
      [GC Worker Start (ms): Min: 183890.0, Avg: 183890.2, Max: 183890.3, Diff: 0.3]
      [Ext Root Scanning (ms): Min: 0.0, Avg: 0.1, Max: 0.3, Diff: 0.3, Sum: 1.1]
      [Update RS (ms): Min: 17.8, Avg: 18.0, Max: 18.3, Diff: 0.5, Sum: 144.2]
         [Processed Buffers: Min: 9, Avg: 10.6, Max: 14, Diff: 5, Sum: 85]
      [Scan RS (ms): Min: 13.2, Avg: 13.5, Max: 13.8, Diff: 0.6, Sum: 108.2]
      [Code Root Scanning (ms): Min: 0.0, Avg: 0.0, Max: 0.0, Diff: 0.0, Sum: 0.0]
      [Object Copy (ms): Min: 133.0, Avg: 133.1, Max: 133.2, Diff: 0.2, Sum: 1064.8]
      [Termination (ms): Min: 0.0, Avg: 0.1, Max: 0.1, Diff: 0.1, Sum: 0.7]
         [Termination Attempts: Min: 1, Avg: 198.3, Max: 268, Diff: 267, Sum: 1586]
      [GC Worker Other (ms): Min: 0.0, Avg: 0.1, Max: 0.1, Diff: 0.1, Sum: 0.5]
      [GC Worker Total (ms): Min: 164.8, Avg: 164.9, Max: 165.2, Diff: 0.4, Sum: 1319.5]
      [GC Worker End (ms): Min: 184055.1, Avg: 184055.1, Max: 184055.2, Diff: 0.1]
   [Code Root Fixup: 0.0 ms]
   [Code Root Purge: 0.0 ms]
   [Clear CT: 0.4 ms]
   [Other: 1.5 ms]
      [Choose CSet: 0.0 ms]
      [Ref Proc: 0.4 ms]
      [Ref Enq: 0.0 ms]
      [Redirty Cards: 0.4 ms]
      [Humongous Register: 0.1 ms]
      [Humongous Reclaim: 0.0 ms]
      [Free CSet: 0.3 ms]
   [Eden: 126.0M(126.0M)->0.0B(131.0M) Survivors: 18.0M->18.0M Heap: 1034.5M(2048.0M)->1036.0M(2048.0M)]
 [Times: user=1.25 sys=0.01, real=0.17 secs] 
2020-09-29T12:26:57.788+0200: 184.075: [GC pause (G1 Humongous Allocation) (young) (initial-mark), 0.0676743 secs]
   [Parallel Time: 63.4 ms, GC Workers: 8]
      [GC Worker Start (ms): Min: 184075.5, Avg: 184075.6, Max: 184075.8, Diff: 0.3]
      [Ext Root Scanning (ms): Min: 0.0, Avg: 0.3, Max: 0.5, Diff: 0.5, Sum: 2.3]
      [Update RS (ms): Min: 29.3, Avg: 29.8, Max: 30.6, Diff: 1.3, Sum: 238.5]
         [Processed Buffers: Min: 15, Avg: 16.1, Max: 18, Diff: 3, Sum: 129]
      [Scan RS (ms): Min: 1.7, Avg: 2.6, Max: 3.1, Diff: 1.4, Sum: 20.4]
      [Code Root Scanning (ms): Min: 0.0, Avg: 0.0, Max: 0.0, Diff: 0.0, Sum: 0.0]
      [Object Copy (ms): Min: 30.1, Avg: 30.2, Max: 30.3, Diff: 0.2, Sum: 241.8]
      [Termination (ms): Min: 0.0, Avg: 0.1, Max: 0.1, Diff: 0.1, Sum: 0.7]
         [Termination Attempts: Min: 1, Avg: 223.9, Max: 277, Diff: 276, Sum: 1791]
      [GC Worker Other (ms): Min: 0.0, Avg: 0.0, Max: 0.0, Diff: 0.0, Sum: 0.2]
      [GC Worker Total (ms): Min: 62.8, Avg: 63.0, Max: 63.1, Diff: 0.3, Sum: 503.8]
      [GC Worker End (ms): Min: 184138.5, Avg: 184138.6, Max: 184138.6, Diff: 0.0]
   [Code Root Fixup: 0.0 ms]
   [Code Root Purge: 0.0 ms]
   [Clear CT: 2.1 ms]
   [Other: 2.2 ms]
      [Choose CSet: 0.0 ms]
      [Ref Proc: 0.7 ms]
      [Ref Enq: 0.0 ms]
      [Redirty Cards: 0.7 ms]
      [Humongous Register: 0.1 ms]
      [Humongous Reclaim: 0.0 ms]
      [Free CSet: 0.2 ms]
   [Eden: 9216.0K(131.0M)->0.0B(137.0M) Survivors: 18.0M->11.0M Heap: 1045.0M(2048.0M)->1048.5M(2048.0M)]
 [Times: user=0.50 sys=0.00, real=0.07 secs] 
2020-09-29T12:26:57.856+0200: 184.143: [GC concurrent-root-region-scan-start]
2020-09-29T12:26:57.870+0200: 184.157: [GC concurrent-root-region-scan-end, 0.0132291 secs]
2020-09-29T12:26:57.870+0200: 184.157: [GC concurrent-mark-start]
2020-09-29T12:26:57.881+0200: 184.168: [GC concurrent-mark-end, 0.0113774 secs]
2020-09-29T12:26:57.882+0200: 184.169: [GC remark 2020-09-29T12:26:57.882+0200: 184.169: [Finalize Marking, 0.0009854 secs] 2020-09-29T12:26:57.883+0200: 184.170: [GC ref-proc, 0.0012994 secs] 2020-09-29T12:26:57.884+0200: 184.171: [Unloading, 0.0017963 secs], 0.0055947 secs]
 [Times: user=0.00 sys=0.00, real=0.01 secs] 
2020-09-29T12:26:57.889+0200: 184.176: [GC cleanup 1061M->38M(2048M), 0.0049018 secs]
 [Times: user=0.00 sys=0.00, real=0.01 secs] 
2020-09-29T12:26:57.894+0200: 184.181: [GC concurrent-cleanup-start]
2020-09-29T12:26:57.903+0200: 184.190: [GC concurrent-cleanup-end, 0.0090400 secs]
2020-09-29T12:26:58.174+0200: 184.461: [GC pause (G1 Evacuation Pause) (young), 0.2778194 secs]
   [Parallel Time: 274.9 ms, GC Workers: 8]
      [GC Worker Start (ms): Min: 184460.8, Avg: 184461.1, Max: 184461.3, Diff: 0.5]
      [Ext Root Scanning (ms): Min: 0.0, Avg: 0.2, Max: 0.5, Diff: 0.5, Sum: 1.7]
      [Update RS (ms): Min: 30.7, Avg: 32.3, Max: 33.7, Diff: 3.1, Sum: 258.3]
         [Processed Buffers: Min: 9, Avg: 9.5, Max: 11, Diff: 2, Sum: 76]
      [Scan RS (ms): Min: 20.3, Avg: 21.7, Max: 23.2, Diff: 2.8, Sum: 173.9]
      [Code Root Scanning (ms): Min: 0.0, Avg: 0.0, Max: 0.0, Diff: 0.0, Sum: 0.0]
      [Object Copy (ms): Min: 219.5, Avg: 219.7, Max: 220.0, Diff: 0.5, Sum: 1757.6]
      [Termination (ms): Min: 0.0, Avg: 0.1, Max: 0.1, Diff: 0.1, Sum: 0.9]
         [Termination Attempts: Min: 1, Avg: 194.1, Max: 249, Diff: 248, Sum: 1553]
      [GC Worker Other (ms): Min: 0.0, Avg: 0.1, Max: 0.1, Diff: 0.1, Sum: 0.6]
      [GC Worker Total (ms): Min: 273.9, Avg: 274.1, Max: 274.3, Diff: 0.4, Sum: 2192.9]
      [GC Worker End (ms): Min: 184735.2, Avg: 184735.2, Max: 184735.3, Diff: 0.1]
   [Code Root Fixup: 0.0 ms]
   [Code Root Purge: 0.0 ms]
   [Clear CT: 0.6 ms]
   [Other: 2.3 ms]
      [Choose CSet: 0.0 ms]
      [Ref Proc: 0.6 ms]
      [Ref Enq: 0.0 ms]
      [Redirty Cards: 0.8 ms]
      [Humongous Register: 0.1 ms]
      [Humongous Reclaim: 0.0 ms]
      [Free CSet: 0.3 ms]
   [Eden: 137.0M(137.0M)->0.0B(88.0M) Survivors: 11.0M->19.0M Heap: 185.4M(2048.0M)->176.9M(2048.0M)]
 [Times: user=2.24 sys=0.00, real=0.28 secs] 
2020-09-29T12:26:58.659+0200: 184.945: [GC pause (G1 Evacuation Pause) (young), 0.2216879 secs]
   [Parallel Time: 218.9 ms, GC Workers: 8]
      [GC Worker Start (ms): Min: 184944.9, Avg: 184946.6, Max: 184951.0, Diff: 6.1]
      [Ext Root Scanning (ms): Min: 0.0, Avg: 0.2, Max: 0.5, Diff: 0.5, Sum: 1.8]
      [Update RS (ms): Min: 21.4, Avg: 26.6, Max: 28.8, Diff: 7.3, Sum: 213.1]
         [Processed Buffers: Min: 7, Avg: 7.9, Max: 10, Diff: 3, Sum: 63]
      [Scan RS (ms): Min: 15.3, Avg: 17.2, Max: 18.3, Diff: 3.0, Sum: 137.7]
      [Code Root Scanning (ms): Min: 0.0, Avg: 0.0, Max: 0.0, Diff: 0.0, Sum: 0.0]
      [Object Copy (ms): Min: 172.2, Avg: 172.4, Max: 172.5, Diff: 0.3, Sum: 1378.9]
      [Termination (ms): Min: 0.0, Avg: 0.1, Max: 0.1, Diff: 0.1, Sum: 0.4]
         [Termination Attempts: Min: 1, Avg: 84.3, Max: 105, Diff: 104, Sum: 674]
      [GC Worker Other (ms): Min: 0.0, Avg: 0.1, Max: 0.2, Diff: 0.2, Sum: 0.7]
      [GC Worker Total (ms): Min: 212.2, Avg: 216.6, Max: 218.3, Diff: 6.1, Sum: 1732.7]
      [GC Worker End (ms): Min: 185163.1, Avg: 185163.2, Max: 185163.3, Diff: 0.2]
   [Code Root Fixup: 0.0 ms]
   [Code Root Purge: 0.0 ms]
   [Clear CT: 0.6 ms]
   [Other: 2.3 ms]
      [Choose CSet: 0.0 ms]
      [Ref Proc: 0.7 ms]
      [Ref Enq: 0.0 ms]
      [Redirty Cards: 0.7 ms]
      [Humongous Register: 0.1 ms]
      [Humongous Reclaim: 0.0 ms]
      [Free CSet: 0.3 ms]
   [Eden: 88.0M(88.0M)->0.0B(88.0M) Survivors: 19.0M->14.0M Heap: 280.1M(2048.0M)->281.6M(2048.0M)]
 [Times: user=1.70 sys=0.02, real=0.22 secs] 
2020-09-29T12:26:59.116+0200: 185.402: [GC pause (G1 Evacuation Pause) (young), 0.2129791 secs]
   [Parallel Time: 205.5 ms, GC Workers: 8]
      [GC Worker Start (ms): Min: 185402.4, Avg: 185402.7, Max: 185402.9, Diff: 0.4]
      [Ext Root Scanning (ms): Min: 0.0, Avg: 0.2, Max: 0.5, Diff: 0.4, Sum: 1.8]
      [Update RS (ms): Min: 23.4, Avg: 24.0, Max: 25.5, Diff: 2.1, Sum: 191.6]
         [Processed Buffers: Min: 7, Avg: 8.3, Max: 10, Diff: 3, Sum: 66]
      [Scan RS (ms): Min: 14.6, Avg: 16.2, Max: 16.9, Diff: 2.4, Sum: 129.8]
      [Code Root Scanning (ms): Min: 0.0, Avg: 0.0, Max: 0.0, Diff: 0.0, Sum: 0.0]
      [Object Copy (ms): Min: 164.1, Avg: 164.3, Max: 164.5, Diff: 0.4, Sum: 1314.2]
      [Termination (ms): Min: 0.0, Avg: 0.1, Max: 0.1, Diff: 0.1, Sum: 0.6]
         [Termination Attempts: Min: 1, Avg: 133.4, Max: 192, Diff: 191, Sum: 1067]
      [GC Worker Other (ms): Min: 0.0, Avg: 0.1, Max: 0.2, Diff: 0.2, Sum: 0.8]
      [GC Worker Total (ms): Min: 204.6, Avg: 204.9, Max: 205.1, Diff: 0.5, Sum: 1638.9]
      [GC Worker End (ms): Min: 185607.5, Avg: 185607.5, Max: 185607.6, Diff: 0.2]
   [Code Root Fixup: 0.0 ms]
   [Code Root Purge: 0.0 ms]
   [Clear CT: 2.4 ms]
   [Other: 5.1 ms]
      [Choose CSet: 0.0 ms]
      [Ref Proc: 1.1 ms]
      [Ref Enq: 0.0 ms]
      [Redirty Cards: 3.2 ms]
      [Humongous Register: 0.1 ms]
      [Humongous Reclaim: 0.0 ms]
      [Free CSet: 0.2 ms]
   [Eden: 88.0M(88.0M)->0.0B(89.0M) Survivors: 14.0M->13.0M Heap: 384.9M(2048.0M)->387.4M(2048.0M)]
 [Times: user=1.63 sys=0.00, real=0.21 secs] 
2020-09-29T12:26:59.525+0200: 185.812: [GC pause (G1 Evacuation Pause) (young), 0.2142737 secs]
   [Parallel Time: 211.6 ms, GC Workers: 8]
      [GC Worker Start (ms): Min: 185811.8, Avg: 185812.6, Max: 185815.5, Diff: 3.7]
      [Ext Root Scanning (ms): Min: 0.0, Avg: 0.3, Max: 0.6, Diff: 0.6, Sum: 2.1]
      [Update RS (ms): Min: 20.8, Avg: 23.3, Max: 25.2, Diff: 4.5, Sum: 186.4]
         [Processed Buffers: Min: 6, Avg: 8.0, Max: 11, Diff: 5, Sum: 64]
      [Scan RS (ms): Min: 16.3, Avg: 17.8, Max: 18.3, Diff: 2.0, Sum: 142.5]
      [Code Root Scanning (ms): Min: 0.0, Avg: 0.0, Max: 0.0, Diff: 0.0, Sum: 0.0]
      [Object Copy (ms): Min: 168.5, Avg: 168.7, Max: 169.0, Diff: 0.5, Sum: 1349.8]
      [Termination (ms): Min: 0.0, Avg: 0.1, Max: 0.1, Diff: 0.1, Sum: 0.8]
         [Termination Attempts: Min: 1, Avg: 183.5, Max: 239, Diff: 238, Sum: 1468]
      [GC Worker Other (ms): Min: 0.0, Avg: 0.1, Max: 0.2, Diff: 0.2, Sum: 0.8]
      [GC Worker Total (ms): Min: 207.3, Avg: 210.3, Max: 211.1, Diff: 3.8, Sum: 1682.5]
      [GC Worker End (ms): Min: 186022.8, Avg: 186022.9, Max: 186023.0, Diff: 0.2]
   [Code Root Fixup: 0.0 ms]
   [Code Root Purge: 0.0 ms]
   [Clear CT: 0.8 ms]
   [Other: 1.9 ms]
      [Choose CSet: 0.0 ms]
      [Ref Proc: 0.4 ms]
      [Ref Enq: 0.0 ms]
      [Redirty Cards: 0.7 ms]
      [Humongous Register: 0.1 ms]
      [Humongous Reclaim: 0.0 ms]
      [Free CSet: 0.3 ms]
   [Eden: 89.0M(89.0M)->0.0B(89.0M) Survivors: 13.0M->13.0M Heap: 491.7M(2048.0M)->493.7M(2048.0M)]
 [Times: user=1.59 sys=0.01, real=0.21 secs] 
2020-09-29T12:26:59.957+0200: 186.244: [GC pause (G1 Evacuation Pause) (young), 0.2134240 secs]
   [Parallel Time: 210.6 ms, GC Workers: 8]
      [GC Worker Start (ms): Min: 186244.0, Avg: 186244.2, Max: 186244.5, Diff: 0.4]
      [Ext Root Scanning (ms): Min: 0.0, Avg: 0.2, Max: 0.4, Diff: 0.4, Sum: 1.7]
      [Update RS (ms): Min: 23.9, Avg: 24.5, Max: 25.5, Diff: 1.6, Sum: 195.7]
         [Processed Buffers: Min: 7, Avg: 7.4, Max: 9, Diff: 2, Sum: 59]
      [Scan RS (ms): Min: 15.0, Avg: 16.1, Max: 16.7, Diff: 1.8, Sum: 128.7]
      [Code Root Scanning (ms): Min: 0.0, Avg: 0.0, Max: 0.0, Diff: 0.0, Sum: 0.0]
      [Object Copy (ms): Min: 168.8, Avg: 169.0, Max: 169.2, Diff: 0.3, Sum: 1352.2]
      [Termination (ms): Min: 0.0, Avg: 0.1, Max: 0.1, Diff: 0.1, Sum: 0.5]
         [Termination Attempts: Min: 1, Avg: 108.3, Max: 139, Diff: 138, Sum: 866]
      [GC Worker Other (ms): Min: 0.0, Avg: 0.1, Max: 0.1, Diff: 0.1, Sum: 0.5]
      [GC Worker Total (ms): Min: 209.7, Avg: 209.9, Max: 210.1, Diff: 0.4, Sum: 1679.3]
      [GC Worker End (ms): Min: 186454.1, Avg: 186454.2, Max: 186454.2, Diff: 0.1]
   [Code Root Fixup: 0.0 ms]
   [Code Root Purge: 0.0 ms]
   [Clear CT: 0.8 ms]
   [Other: 2.0 ms]
      [Choose CSet: 0.0 ms]
      [Ref Proc: 0.5 ms]
      [Ref Enq: 0.0 ms]
      [Redirty Cards: 0.6 ms]
      [Humongous Register: 0.1 ms]
      [Humongous Reclaim: 0.0 ms]
      [Free CSet: 0.4 ms]
   [Eden: 89.0M(89.0M)->0.0B(89.0M) Survivors: 13.0M->13.0M Heap: 596.0M(2048.0M)->598.5M(2048.0M)]
 [Times: user=1.64 sys=0.00, real=0.21 secs] 
2020-09-29T12:27:00.383+0200: 186.670: [GC pause (G1 Evacuation Pause) (young), 0.2175543 secs]
   [Parallel Time: 214.7 ms, GC Workers: 8]
      [GC Worker Start (ms): Min: 186670.0, Avg: 186670.2, Max: 186670.4, Diff: 0.4]
      [Ext Root Scanning (ms): Min: 0.0, Avg: 0.2, Max: 0.5, Diff: 0.4, Sum: 1.9]
      [Update RS (ms): Min: 14.0, Avg: 15.3, Max: 16.6, Diff: 2.6, Sum: 122.7]
         [Processed Buffers: Min: 5, Avg: 5.4, Max: 6, Diff: 1, Sum: 43]
      [Scan RS (ms): Min: 18.4, Avg: 19.6, Max: 21.2, Diff: 2.8, Sum: 157.2]
      [Code Root Scanning (ms): Min: 0.0, Avg: 0.0, Max: 0.0, Diff: 0.0, Sum: 0.0]
      [Object Copy (ms): Min: 178.2, Avg: 178.4, Max: 179.0, Diff: 0.8, Sum: 1427.5]
      [Termination (ms): Min: 0.0, Avg: 0.5, Max: 0.6, Diff: 0.6, Sum: 3.8]
         [Termination Attempts: Min: 1, Avg: 799.1, Max: 980, Diff: 979, Sum: 6393]
      [GC Worker Other (ms): Min: 0.0, Avg: 0.1, Max: 0.1, Diff: 0.1, Sum: 0.5]
      [GC Worker Total (ms): Min: 214.0, Avg: 214.2, Max: 214.5, Diff: 0.5, Sum: 1713.6]
      [GC Worker End (ms): Min: 186884.4, Avg: 186884.4, Max: 186884.5, Diff: 0.1]
   [Code Root Fixup: 0.0 ms]
   [Code Root Purge: 0.0 ms]
   [Clear CT: 0.8 ms]
   [Other: 2.1 ms]
      [Choose CSet: 0.0 ms]
      [Ref Proc: 0.5 ms]
      [Ref Enq: 0.0 ms]
      [Redirty Cards: 0.7 ms]
      [Humongous Register: 0.1 ms]
      [Humongous Reclaim: 0.0 ms]
      [Free CSet: 0.3 ms]
   [Eden: 89.0M(89.0M)->0.0B(89.0M) Survivors: 13.0M->13.0M Heap: 702.8M(2048.0M)->705.3M(2048.0M)]
 [Times: user=1.73 sys=0.00, real=0.22 secs] 
2020-09-29T12:27:00.810+0200: 187.097: [GC pause (G1 Evacuation Pause) (young), 0.2067528 secs]
   [Parallel Time: 203.3 ms, GC Workers: 8]
      [GC Worker Start (ms): Min: 187096.9, Avg: 187097.3, Max: 187098.5, Diff: 1.6]
      [Ext Root Scanning (ms): Min: 0.0, Avg: 0.2, Max: 0.5, Diff: 0.5, Sum: 1.9]
      [Update RS (ms): Min: 15.2, Avg: 16.6, Max: 17.7, Diff: 2.5, Sum: 132.5]
         [Processed Buffers: Min: 4, Avg: 5.9, Max: 9, Diff: 5, Sum: 47]
      [Scan RS (ms): Min: 19.2, Avg: 20.0, Max: 20.5, Diff: 1.3, Sum: 160.2]
      [Code Root Scanning (ms): Min: 0.0, Avg: 0.0, Max: 0.0, Diff: 0.0, Sum: 0.0]
      [Object Copy (ms): Min: 165.1, Avg: 165.3, Max: 165.6, Diff: 0.5, Sum: 1322.2]
      [Termination (ms): Min: 0.0, Avg: 0.2, Max: 0.3, Diff: 0.3, Sum: 1.6]
         [Termination Attempts: Min: 1, Avg: 319.6, Max: 503, Diff: 502, Sum: 2557]
      [GC Worker Other (ms): Min: 0.0, Avg: 0.1, Max: 0.1, Diff: 0.1, Sum: 0.5]
      [GC Worker Total (ms): Min: 201.2, Avg: 202.4, Max: 202.8, Diff: 1.6, Sum: 1618.9]
      [GC Worker End (ms): Min: 187299.6, Avg: 187299.6, Max: 187299.7, Diff: 0.1]
   [Code Root Fixup: 0.0 ms]
   [Code Root Purge: 0.0 ms]
   [Clear CT: 0.9 ms]
   [Other: 2.5 ms]
      [Choose CSet: 0.0 ms]
      [Ref Proc: 0.9 ms]
      [Ref Enq: 0.0 ms]
      [Redirty Cards: 1.0 ms]
      [Humongous Register: 0.1 ms]
      [Humongous Reclaim: 0.0 ms]
      [Free CSet: 0.3 ms]
   [Eden: 89.0M(89.0M)->0.0B(89.0M) Survivors: 13.0M->13.0M Heap: 809.5M(2048.0M)->811.0M(2048.0M)]
 [Times: user=1.61 sys=0.00, real=0.21 secs] 
2020-09-29T12:27:01.221+0200: 187.508: [GC pause (G1 Evacuation Pause) (young), 0.2341252 secs]
   [Parallel Time: 226.6 ms, GC Workers: 8]
      [GC Worker Start (ms): Min: 187508.6, Avg: 187509.2, Max: 187511.5, Diff: 2.9]
      [Ext Root Scanning (ms): Min: 0.0, Avg: 0.2, Max: 0.4, Diff: 0.4, Sum: 1.8]
      [Update RS (ms): Min: 20.8, Avg: 22.0, Max: 22.6, Diff: 1.8, Sum: 176.0]
         [Processed Buffers: Min: 4, Avg: 7.4, Max: 10, Diff: 6, Sum: 59]
      [Scan RS (ms): Min: 17.2, Avg: 18.1, Max: 18.7, Diff: 1.5, Sum: 144.7]
      [Code Root Scanning (ms): Min: 0.0, Avg: 0.0, Max: 0.0, Diff: 0.0, Sum: 0.0]
      [Object Copy (ms): Min: 184.8, Avg: 185.0, Max: 185.3, Diff: 0.5, Sum: 1479.7]
      [Termination (ms): Min: 0.0, Avg: 0.2, Max: 0.3, Diff: 0.3, Sum: 1.7]
         [Termination Attempts: Min: 1, Avg: 353.8, Max: 435, Diff: 434, Sum: 2830]
      [GC Worker Other (ms): Min: 0.0, Avg: 0.1, Max: 0.2, Diff: 0.1, Sum: 0.6]
      [GC Worker Total (ms): Min: 223.3, Avg: 225.6, Max: 226.2, Diff: 3.0, Sum: 1804.6]
      [GC Worker End (ms): Min: 187734.7, Avg: 187734.8, Max: 187734.9, Diff: 0.1]
   [Code Root Fixup: 0.0 ms]
   [Code Root Purge: 0.0 ms]
   [Clear CT: 1.7 ms]
   [Other: 5.8 ms]
      [Choose CSet: 0.0 ms]
      [Ref Proc: 0.9 ms]
      [Ref Enq: 0.0 ms]
      [Redirty Cards: 4.2 ms]
      [Humongous Register: 0.1 ms]
      [Humongous Reclaim: 0.0 ms]
      [Free CSet: 0.3 ms]
   [Eden: 89.0M(89.0M)->0.0B(89.0M) Survivors: 13.0M->13.0M Heap: 915.3M(2048.0M)->917.8M(2048.0M)]
 [Times: user=1.77 sys=0.02, real=0.24 secs] 
2020-09-29T12:27:01.617+0200: 187.904: [GC pause (G1 Humongous Allocation) (young) (initial-mark), 0.2365047 secs]
   [Parallel Time: 233.3 ms, GC Workers: 8]
      [GC Worker Start (ms): Min: 187904.3, Avg: 187904.5, Max: 187904.8, Diff: 0.6]
      [Ext Root Scanning (ms): Min: 0.0, Avg: 4.4, Max: 31.8, Diff: 31.8, Sum: 35.0]
      [Update RS (ms): Min: 0.0, Avg: 22.5, Max: 27.2, Diff: 27.2, Sum: 180.3]
         [Processed Buffers: Min: 0, Avg: 6.9, Max: 8, Diff: 8, Sum: 55]
      [Scan RS (ms): Min: 6.1, Avg: 14.3, Max: 36.8, Diff: 30.7, Sum: 114.1]
      [Code Root Scanning (ms): Min: 0.0, Avg: 0.0, Max: 0.0, Diff: 0.0, Sum: 0.0]
      [Object Copy (ms): Min: 167.9, Avg: 190.8, Max: 194.5, Diff: 26.6, Sum: 1526.3]
      [Termination (ms): Min: 0.0, Avg: 0.3, Max: 0.5, Diff: 0.5, Sum: 2.5]
         [Termination Attempts: Min: 1, Avg: 561.0, Max: 822, Diff: 821, Sum: 4488]
      [GC Worker Other (ms): Min: 0.0, Avg: 0.1, Max: 0.1, Diff: 0.1, Sum: 0.5]
      [GC Worker Total (ms): Min: 232.0, Avg: 232.4, Max: 232.6, Diff: 0.6, Sum: 1858.9]
      [GC Worker End (ms): Min: 188136.9, Avg: 188136.9, Max: 188137.0, Diff: 0.1]
   [Code Root Fixup: 0.0 ms]
   [Code Root Purge: 0.0 ms]
   [Clear CT: 0.8 ms]
   [Other: 2.4 ms]
      [Choose CSet: 0.0 ms]
      [Ref Proc: 0.6 ms]
      [Ref Enq: 0.0 ms]
      [Redirty Cards: 0.7 ms]
      [Humongous Register: 0.1 ms]
      [Humongous Reclaim: 0.0 ms]
      [Free CSet: 0.4 ms]
   [Eden: 67.0M(89.0M)->0.0B(89.0M) Survivors: 13.0M->13.0M Heap: 993.8M(2048.0M)->995.8M(2048.0M)]
 [Times: user=1.63 sys=0.00, real=0.24 secs] 
2020-09-29T12:27:01.854+0200: 188.141: [GC concurrent-root-region-scan-start]
2020-09-29T12:27:01.874+0200: 188.160: [GC concurrent-root-region-scan-end, 0.0193258 secs]
2020-09-29T12:27:01.874+0200: 188.160: [GC concurrent-mark-start]
2020-09-29T12:27:01.898+0200: 188.184: [GC concurrent-mark-end, 0.0201778 secs]
2020-09-29T12:27:01.910+0200: 188.197: [GC remark 2020-09-29T12:27:01.910+0200: 188.197: [Finalize Marking, 0.0006644 secs] 2020-09-29T12:27:01.910+0200: 188.197: [GC ref-proc, 0.0014289 secs] 2020-09-29T12:27:01.912+0200: 188.199: [Unloading, 0.0018397 secs], 0.0051952 secs]
 [Times: user=0.02 sys=0.02, real=0.00 secs] 
2020-09-29T12:27:01.917+0200: 188.204: [GC cleanup 1018M->50M(2048M), 0.0071916 secs]
 [Times: user=0.00 sys=0.00, real=0.01 secs] 
2020-09-29T12:27:01.924+0200: 188.211: [GC concurrent-cleanup-start]
2020-09-29T12:27:01.929+0200: 188.216: [GC concurrent-cleanup-end, 0.0044182 secs]
2020-09-29T12:27:02.083+0200: 188.370: [GC pause (G1 Evacuation Pause) (young), 0.1908445 secs]
   [Parallel Time: 176.4 ms, GC Workers: 8]
      [GC Worker Start (ms): Min: 188370.0, Avg: 188370.2, Max: 188370.3, Diff: 0.4]
      [Ext Root Scanning (ms): Min: 0.1, Avg: 0.2, Max: 0.4, Diff: 0.4, Sum: 2.0]
      [Update RS (ms): Min: 13.3, Avg: 13.4, Max: 13.9, Diff: 0.6, Sum: 107.5]
         [Processed Buffers: Min: 4, Avg: 4.8, Max: 6, Diff: 2, Sum: 38]
      [Scan RS (ms): Min: 16.5, Avg: 17.0, Max: 17.2, Diff: 0.7, Sum: 136.0]
      [Code Root Scanning (ms): Min: 0.0, Avg: 0.0, Max: 0.0, Diff: 0.0, Sum: 0.0]
      [Object Copy (ms): Min: 144.6, Avg: 144.9, Max: 145.1, Diff: 0.4, Sum: 1158.8]
      [Termination (ms): Min: 0.0, Avg: 0.2, Max: 0.2, Diff: 0.2, Sum: 1.2]
         [Termination Attempts: Min: 1, Avg: 254.4, Max: 366, Diff: 365, Sum: 2035]
      [GC Worker Other (ms): Min: 0.0, Avg: 0.1, Max: 0.2, Diff: 0.1, Sum: 0.6]
      [GC Worker Total (ms): Min: 175.6, Avg: 175.8, Max: 175.9, Diff: 0.3, Sum: 1406.1]
      [GC Worker End (ms): Min: 188545.9, Avg: 188545.9, Max: 188546.0, Diff: 0.1]
   [Code Root Fixup: 0.0 ms]
   [Code Root Purge: 0.0 ms]
   [Clear CT: 4.0 ms]
   [Other: 10.4 ms]
      [Choose CSet: 0.0 ms]
      [Ref Proc: 2.1 ms]
      [Ref Enq: 0.0 ms]
      [Redirty Cards: 4.4 ms]
      [Humongous Register: 0.1 ms]
      [Humongous Reclaim: 0.0 ms]
      [Free CSet: 0.5 ms]
   [Eden: 89.0M(89.0M)->0.0B(89.0M) Survivors: 13.0M->13.0M Heap: 132.3M(2048.0M)->121.8M(2048.0M)]
 [Times: user=1.38 sys=0.00, real=0.19 secs] 
2020-09-29T12:27:02.467+0200: 188.754: [GC pause (G1 Evacuation Pause) (young), 0.2156656 secs]
   [Parallel Time: 212.8 ms, GC Workers: 8]
      [GC Worker Start (ms): Min: 188754.5, Avg: 188754.8, Max: 188755.0, Diff: 0.5]
      [Ext Root Scanning (ms): Min: 0.0, Avg: 0.2, Max: 0.5, Diff: 0.5, Sum: 1.7]
      [Update RS (ms): Min: 14.4, Avg: 15.7, Max: 16.8, Diff: 2.4, Sum: 125.8]
         [Processed Buffers: Min: 5, Avg: 5.8, Max: 7, Diff: 2, Sum: 46]
      [Scan RS (ms): Min: 20.6, Avg: 22.0, Max: 24.1, Diff: 3.5, Sum: 175.7]
      [Code Root Scanning (ms): Min: 0.0, Avg: 0.0, Max: 0.0, Diff: 0.0, Sum: 0.0]
      [Object Copy (ms): Min: 171.6, Avg: 173.9, Max: 174.4, Diff: 2.8, Sum: 1391.0]
      [Termination (ms): Min: 0.0, Avg: 0.2, Max: 0.2, Diff: 0.2, Sum: 1.4]
         [Termination Attempts: Min: 1, Avg: 293.1, Max: 399, Diff: 398, Sum: 2345]
      [GC Worker Other (ms): Min: 0.0, Avg: 0.1, Max: 0.1, Diff: 0.1, Sum: 0.5]
      [GC Worker Total (ms): Min: 211.8, Avg: 212.0, Max: 212.3, Diff: 0.5, Sum: 1696.0]
      [GC Worker End (ms): Min: 188966.7, Avg: 188966.8, Max: 188966.8, Diff: 0.1]
   [Code Root Fixup: 0.0 ms]
   [Code Root Purge: 0.0 ms]
   [Clear CT: 0.8 ms]
   [Other: 2.1 ms]
      [Choose CSet: 0.0 ms]
      [Ref Proc: 0.5 ms]
      [Ref Enq: 0.0 ms]
      [Redirty Cards: 0.7 ms]
      [Humongous Register: 0.1 ms]
      [Humongous Reclaim: 0.0 ms]
      [Free CSet: 0.3 ms]
   [Eden: 89.0M(89.0M)->0.0B(89.0M) Survivors: 13.0M->13.0M Heap: 226.0M(2048.0M)->227.5M(2048.0M)]
 [Times: user=1.72 sys=0.02, real=0.22 secs] 
2020-09-29T12:27:02.886+0200: 189.172: [GC pause (G1 Evacuation Pause) (young), 0.0794480 secs]
   [Parallel Time: 78.1 ms, GC Workers: 8]
      [GC Worker Start (ms): Min: 189171.9, Avg: 189172.1, Max: 189172.2, Diff: 0.3]
      [Ext Root Scanning (ms): Min: 0.0, Avg: 0.1, Max: 0.2, Diff: 0.2, Sum: 0.7]
      [Update RS (ms): Min: 6.7, Avg: 6.9, Max: 7.9, Diff: 1.3, Sum: 55.5]
         [Processed Buffers: Min: 5, Avg: 6.4, Max: 11, Diff: 6, Sum: 51]
      [Scan RS (ms): Min: 6.6, Avg: 7.5, Max: 7.8, Diff: 1.2, Sum: 60.0]
      [Code Root Scanning (ms): Min: 0.0, Avg: 0.0, Max: 0.0, Diff: 0.0, Sum: 0.0]
      [Object Copy (ms): Min: 63.1, Avg: 63.2, Max: 63.3, Diff: 0.1, Sum: 505.6]
      [Termination (ms): Min: 0.0, Avg: 0.0, Max: 0.0, Diff: 0.0, Sum: 0.0]
         [Termination Attempts: Min: 1, Avg: 10.9, Max: 19, Diff: 18, Sum: 87]
      [GC Worker Other (ms): Min: 0.0, Avg: 0.0, Max: 0.1, Diff: 0.1, Sum: 0.3]
      [GC Worker Total (ms): Min: 77.7, Avg: 77.8, Max: 77.9, Diff: 0.3, Sum: 622.1]
      [GC Worker End (ms): Min: 189249.8, Avg: 189249.8, Max: 189249.9, Diff: 0.1]
   [Code Root Fixup: 0.0 ms]
   [Code Root Purge: 0.0 ms]
   [Clear CT: 0.3 ms]
   [Other: 1.0 ms]
      [Choose CSet: 0.0 ms]
      [Ref Proc: 0.3 ms]
      [Ref Enq: 0.0 ms]
      [Redirty Cards: 0.3 ms]
      [Humongous Register: 0.0 ms]
      [Humongous Reclaim: 0.0 ms]
      [Free CSet: 0.2 ms]
   [Eden: 89.0M(89.0M)->0.0B(89.0M) Survivors: 13.0M->13.0M Heap: 331.8M(2048.0M)->333.8M(2048.0M)]
 [Times: user=0.63 sys=0.00, real=0.08 secs] 
2020-09-29T12:27:03.039+0200: 189.326: [GC pause (G1 Evacuation Pause) (young), 0.0831827 secs]
   [Parallel Time: 81.1 ms, GC Workers: 8]
      [GC Worker Start (ms): Min: 189326.4, Avg: 189326.5, Max: 189326.6, Diff: 0.2]
      [Ext Root Scanning (ms): Min: 0.0, Avg: 0.1, Max: 0.2, Diff: 0.2, Sum: 0.8]
      [Update RS (ms): Min: 7.6, Avg: 7.8, Max: 8.1, Diff: 0.5, Sum: 62.2]
         [Processed Buffers: Min: 6, Avg: 7.4, Max: 9, Diff: 3, Sum: 59]
      [Scan RS (ms): Min: 6.9, Avg: 7.2, Max: 7.4, Diff: 0.5, Sum: 57.4]
      [Code Root Scanning (ms): Min: 0.0, Avg: 0.0, Max: 0.0, Diff: 0.0, Sum: 0.0]
      [Object Copy (ms): Min: 65.5, Avg: 65.6, Max: 65.6, Diff: 0.1, Sum: 524.7]
      [Termination (ms): Min: 0.0, Avg: 0.1, Max: 0.1, Diff: 0.1, Sum: 0.4]
         [Termination Attempts: Min: 1, Avg: 199.5, Max: 277, Diff: 276, Sum: 1596]
      [GC Worker Other (ms): Min: 0.0, Avg: 0.0, Max: 0.1, Diff: 0.1, Sum: 0.3]
      [GC Worker Total (ms): Min: 80.6, Avg: 80.7, Max: 80.8, Diff: 0.2, Sum: 645.8]
      [GC Worker End (ms): Min: 189407.2, Avg: 189407.3, Max: 189407.3, Diff: 0.1]
   [Code Root Fixup: 0.0 ms]
   [Code Root Purge: 0.0 ms]
   [Clear CT: 0.7 ms]
   [Other: 1.4 ms]
      [Choose CSet: 0.0 ms]
      [Ref Proc: 0.2 ms]
      [Ref Enq: 0.0 ms]
      [Redirty Cards: 0.7 ms]
      [Humongous Register: 0.1 ms]
      [Humongous Reclaim: 0.0 ms]
      [Free CSet: 0.1 ms]
   [Eden: 89.0M(89.0M)->0.0B(89.0M) Survivors: 13.0M->13.0M Heap: 438.0M(2048.0M)->440.0M(2048.0M)]
 [Times: user=0.63 sys=0.00, real=0.08 secs] 
2020-09-29T12:27:03.200+0200: 189.487: [GC pause (G1 Evacuation Pause) (young), 0.0810373 secs]
   [Parallel Time: 79.5 ms, GC Workers: 8]
      [GC Worker Start (ms): Min: 189487.1, Avg: 189487.3, Max: 189487.4, Diff: 0.3]
      [Ext Root Scanning (ms): Min: 0.0, Avg: 0.1, Max: 0.2, Diff: 0.2, Sum: 0.7]
      [Update RS (ms): Min: 8.2, Avg: 8.5, Max: 9.0, Diff: 0.8, Sum: 68.0]
         [Processed Buffers: Min: 6, Avg: 6.6, Max: 8, Diff: 2, Sum: 53]
      [Scan RS (ms): Min: 6.3, Avg: 6.8, Max: 7.1, Diff: 0.8, Sum: 54.3]
      [Code Root Scanning (ms): Min: 0.0, Avg: 0.0, Max: 0.0, Diff: 0.0, Sum: 0.0]
      [Object Copy (ms): Min: 63.7, Avg: 63.7, Max: 63.8, Diff: 0.1, Sum: 509.9]
      [Termination (ms): Min: 0.0, Avg: 0.0, Max: 0.0, Diff: 0.0, Sum: 0.1]
         [Termination Attempts: Min: 1, Avg: 29.3, Max: 38, Diff: 37, Sum: 234]
      [GC Worker Other (ms): Min: 0.0, Avg: 0.0, Max: 0.1, Diff: 0.1, Sum: 0.3]
      [GC Worker Total (ms): Min: 79.1, Avg: 79.2, Max: 79.3, Diff: 0.2, Sum: 633.3]
      [GC Worker End (ms): Min: 189566.4, Avg: 189566.5, Max: 189566.5, Diff: 0.1]
   [Code Root Fixup: 0.0 ms]
   [Code Root Purge: 0.0 ms]
   [Clear CT: 0.3 ms]
   [Other: 1.2 ms]
      [Choose CSet: 0.0 ms]
      [Ref Proc: 0.4 ms]
      [Ref Enq: 0.0 ms]
      [Redirty Cards: 0.4 ms]
      [Humongous Register: 0.0 ms]
      [Humongous Reclaim: 0.0 ms]
      [Free CSet: 0.1 ms]
   [Eden: 89.0M(89.0M)->0.0B(109.0M) Survivors: 13.0M->13.0M Heap: 542.4M(2048.0M)->543.9M(2048.0M)]
 [Times: user=0.61 sys=0.00, real=0.08 secs] 
2020-09-29T12:27:03.377+0200: 189.663: [GC pause (G1 Evacuation Pause) (young), 0.0964441 secs]
   [Parallel Time: 95.0 ms, GC Workers: 8]
      [GC Worker Start (ms): Min: 189663.4, Avg: 189663.5, Max: 189663.6, Diff: 0.2]
      [Ext Root Scanning (ms): Min: 0.0, Avg: 0.1, Max: 0.2, Diff: 0.2, Sum: 0.8]
      [Update RS (ms): Min: 10.2, Avg: 10.5, Max: 11.1, Diff: 0.9, Sum: 83.8]
         [Processed Buffers: Min: 7, Avg: 8.9, Max: 10, Diff: 3, Sum: 71]
      [Scan RS (ms): Min: 7.5, Avg: 8.1, Max: 8.4, Diff: 0.9, Sum: 64.8]
      [Code Root Scanning (ms): Min: 0.0, Avg: 0.0, Max: 0.0, Diff: 0.0, Sum: 0.0]
      [Object Copy (ms): Min: 75.8, Avg: 75.9, Max: 75.9, Diff: 0.1, Sum: 607.2]
      [Termination (ms): Min: 0.0, Avg: 0.0, Max: 0.1, Diff: 0.1, Sum: 0.4]
         [Termination Attempts: Min: 1, Avg: 183.5, Max: 222, Diff: 221, Sum: 1468]
      [GC Worker Other (ms): Min: 0.0, Avg: 0.0, Max: 0.1, Diff: 0.0, Sum: 0.3]
      [GC Worker Total (ms): Min: 94.6, Avg: 94.7, Max: 94.8, Diff: 0.2, Sum: 757.3]
      [GC Worker End (ms): Min: 189758.2, Avg: 189758.2, Max: 189758.2, Diff: 0.0]
   [Code Root Fixup: 0.0 ms]
   [Code Root Purge: 0.0 ms]
   [Clear CT: 0.4 ms]
   [Other: 1.1 ms]
      [Choose CSet: 0.0 ms]
      [Ref Proc: 0.3 ms]
      [Ref Enq: 0.0 ms]
      [Redirty Cards: 0.4 ms]
      [Humongous Register: 0.1 ms]
      [Humongous Reclaim: 0.0 ms]
      [Free CSet: 0.2 ms]
   [Eden: 109.0M(109.0M)->0.0B(125.0M) Survivors: 13.0M->16.0M Heap: 672.0M(2048.0M)->674.0M(2048.0M)]
 [Times: user=0.75 sys=0.02, real=0.10 secs] 
2020-09-29T12:27:03.585+0200: 189.872: [GC pause (G1 Evacuation Pause) (young), 0.1148539 secs]
   [Parallel Time: 113.5 ms, GC Workers: 8]
      [GC Worker Start (ms): Min: 189872.1, Avg: 189872.2, Max: 189872.2, Diff: 0.2]
      [Ext Root Scanning (ms): Min: 0.0, Avg: 0.1, Max: 0.2, Diff: 0.2, Sum: 0.9]
      [Update RS (ms): Min: 12.0, Avg: 12.3, Max: 12.7, Diff: 0.7, Sum: 98.3]
         [Processed Buffers: Min: 6, Avg: 9.6, Max: 12, Diff: 6, Sum: 77]
      [Scan RS (ms): Min: 9.1, Avg: 9.6, Max: 9.8, Diff: 0.7, Sum: 76.8]
      [Code Root Scanning (ms): Min: 0.0, Avg: 0.0, Max: 0.0, Diff: 0.0, Sum: 0.0]
      [Object Copy (ms): Min: 91.2, Avg: 91.2, Max: 91.3, Diff: 0.1, Sum: 729.8]
      [Termination (ms): Min: 0.0, Avg: 0.0, Max: 0.0, Diff: 0.0, Sum: 0.1]
         [Termination Attempts: Min: 1, Avg: 23.0, Max: 32, Diff: 31, Sum: 184]
      [GC Worker Other (ms): Min: 0.0, Avg: 0.0, Max: 0.1, Diff: 0.0, Sum: 0.3]
      [GC Worker Total (ms): Min: 113.2, Avg: 113.3, Max: 113.4, Diff: 0.2, Sum: 906.2]
      [GC Worker End (ms): Min: 189985.4, Avg: 189985.4, Max: 189985.5, Diff: 0.0]
   [Code Root Fixup: 0.0 ms]
   [Code Root Purge: 0.0 ms]
   [Clear CT: 0.3 ms]
   [Other: 1.0 ms]
      [Choose CSet: 0.0 ms]
      [Ref Proc: 0.3 ms]
      [Ref Enq: 0.0 ms]
      [Redirty Cards: 0.3 ms]
      [Humongous Register: 0.1 ms]
      [Humongous Reclaim: 0.0 ms]
      [Free CSet: 0.1 ms]
   [Eden: 125.0M(125.0M)->0.0B(137.0M) Survivors: 16.0M->18.0M Heap: 819.9M(2048.0M)->821.9M(2048.0M)]
 [Times: user=0.88 sys=0.00, real=0.12 secs] 
2020-09-29T12:27:03.821+0200: 190.108: [GC pause (G1 Evacuation Pause) (young), 0.1244917 secs]
   [Parallel Time: 122.6 ms, GC Workers: 8]
      [GC Worker Start (ms): Min: 190107.8, Avg: 190108.0, Max: 190108.1, Diff: 0.2]
      [Ext Root Scanning (ms): Min: 0.0, Avg: 0.1, Max: 0.2, Diff: 0.2, Sum: 0.7]
      [Update RS (ms): Min: 12.6, Avg: 12.9, Max: 13.8, Diff: 1.2, Sum: 102.9]
         [Processed Buffers: Min: 9, Avg: 10.5, Max: 13, Diff: 4, Sum: 84]
      [Scan RS (ms): Min: 9.6, Avg: 10.5, Max: 10.8, Diff: 1.2, Sum: 84.3]
      [Code Root Scanning (ms): Min: 0.0, Avg: 0.0, Max: 0.0, Diff: 0.0, Sum: 0.0]
      [Object Copy (ms): Min: 98.7, Avg: 98.7, Max: 98.8, Diff: 0.2, Sum: 789.9]
      [Termination (ms): Min: 0.0, Avg: 0.0, Max: 0.1, Diff: 0.1, Sum: 0.3]
         [Termination Attempts: Min: 1, Avg: 155.6, Max: 223, Diff: 222, Sum: 1245]
      [GC Worker Other (ms): Min: 0.0, Avg: 0.1, Max: 0.1, Diff: 0.1, Sum: 0.5]
      [GC Worker Total (ms): Min: 122.2, Avg: 122.3, Max: 122.5, Diff: 0.3, Sum: 978.6]
      [GC Worker End (ms): Min: 190230.2, Avg: 190230.3, Max: 190230.3, Diff: 0.1]
   [Code Root Fixup: 0.0 ms]
   [Code Root Purge: 0.0 ms]
   [Clear CT: 0.8 ms]
   [Other: 1.1 ms]
      [Choose CSet: 0.0 ms]
      [Ref Proc: 0.3 ms]
      [Ref Enq: 0.0 ms]
      [Redirty Cards: 0.3 ms]
      [Humongous Register: 0.1 ms]
      [Humongous Reclaim: 0.0 ms]
      [Free CSet: 0.2 ms]
   [Eden: 137.0M(137.0M)->0.0B(148.0M) Survivors: 18.0M->20.0M Heap: 981.8M(2048.0M)->983.8M(2048.0M)]
 [Times: user=0.98 sys=0.00, real=0.13 secs] 
2020-09-29T12:27:03.958+0200: 190.245: [GC pause (G1 Humongous Allocation) (young) (initial-mark), 0.0428627 secs]
   [Parallel Time: 41.4 ms, GC Workers: 8]
      [GC Worker Start (ms): Min: 190245.2, Avg: 190245.3, Max: 190245.4, Diff: 0.3]
      [Ext Root Scanning (ms): Min: 0.0, Avg: 0.2, Max: 0.4, Diff: 0.4, Sum: 1.7]
      [Update RS (ms): Min: 19.9, Avg: 20.3, Max: 20.9, Diff: 1.0, Sum: 162.2]
         [Processed Buffers: Min: 15, Avg: 16.3, Max: 17, Diff: 2, Sum: 130]
      [Scan RS (ms): Min: 1.3, Avg: 2.0, Max: 2.3, Diff: 1.0, Sum: 15.7]
      [Code Root Scanning (ms): Min: 0.0, Avg: 0.0, Max: 0.0, Diff: 0.0, Sum: 0.0]
      [Object Copy (ms): Min: 18.6, Avg: 18.6, Max: 18.7, Diff: 0.1, Sum: 149.1]
      [Termination (ms): Min: 0.0, Avg: 0.0, Max: 0.0, Diff: 0.0, Sum: 0.0]
         [Termination Attempts: Min: 1, Avg: 20.5, Max: 28, Diff: 27, Sum: 164]
      [GC Worker Other (ms): Min: 0.0, Avg: 0.0, Max: 0.0, Diff: 0.0, Sum: 0.2]
      [GC Worker Total (ms): Min: 41.0, Avg: 41.1, Max: 41.2, Diff: 0.3, Sum: 328.9]
      [GC Worker End (ms): Min: 190286.4, Avg: 190286.4, Max: 190286.4, Diff: 0.0]
   [Code Root Fixup: 0.0 ms]
   [Code Root Purge: 0.0 ms]
   [Clear CT: 0.3 ms]
   [Other: 1.1 ms]
      [Choose CSet: 0.0 ms]
      [Ref Proc: 0.2 ms]
      [Ref Enq: 0.0 ms]
      [Redirty Cards: 0.3 ms]
      [Humongous Register: 0.1 ms]
      [Humongous Reclaim: 0.0 ms]
      [Free CSet: 0.1 ms]
   [Eden: 9216.0K(148.0M)->0.0B(175.0M) Survivors: 20.0M->10.0M Heap: 992.3M(2048.0M)->995.8M(2048.0M)]
 [Times: user=0.25 sys=0.00, real=0.04 secs] 
2020-09-29T12:27:04.001+0200: 190.288: [GC concurrent-root-region-scan-start]
2020-09-29T12:27:04.005+0200: 190.292: [GC concurrent-root-region-scan-end, 0.0039107 secs]
2020-09-29T12:27:04.005+0200: 190.292: [GC concurrent-mark-start]
2020-09-29T12:27:04.009+0200: 190.296: [GC concurrent-mark-end, 0.0042224 secs]
2020-09-29T12:27:04.010+0200: 190.297: [GC remark 2020-09-29T12:27:04.010+0200: 190.297: [Finalize Marking, 0.0003406 secs] 2020-09-29T12:27:04.010+0200: 190.297: [GC ref-proc, 0.0005447 secs] 2020-09-29T12:27:04.011+0200: 190.298: [Unloading, 0.0006850 secs], 0.0021297 secs]
 [Times: user=0.00 sys=0.00, real=0.00 secs] 
2020-09-29T12:27:04.013+0200: 190.299: [GC cleanup 1007M->36M(2048M), 0.0021720 secs]
 [Times: user=0.00 sys=0.00, real=0.00 secs] 
2020-09-29T12:27:04.015+0200: 190.302: [GC concurrent-cleanup-start]
2020-09-29T12:27:04.017+0200: 190.303: [GC concurrent-cleanup-end, 0.0016903 secs]
2020-09-29T12:27:04.155+0200: 190.441: [GC pause (G1 Evacuation Pause) (young), 0.1406599 secs]
   [Parallel Time: 134.3 ms, GC Workers: 8]
      [GC Worker Start (ms): Min: 190441.1, Avg: 190441.3, Max: 190441.4, Diff: 0.3]
      [Ext Root Scanning (ms): Min: 0.0, Avg: 0.1, Max: 0.2, Diff: 0.2, Sum: 0.7]
      [Update RS (ms): Min: 12.5, Avg: 12.6, Max: 12.8, Diff: 0.3, Sum: 101.1]
         [Processed Buffers: Min: 9, Avg: 10.5, Max: 14, Diff: 5, Sum: 84]
      [Scan RS (ms): Min: 12.6, Avg: 12.8, Max: 12.9, Diff: 0.3, Sum: 102.2]
      [Code Root Scanning (ms): Min: 0.0, Avg: 0.0, Max: 0.0, Diff: 0.0, Sum: 0.0]
      [Object Copy (ms): Min: 108.2, Avg: 108.3, Max: 108.4, Diff: 0.1, Sum: 866.7]
      [Termination (ms): Min: 0.0, Avg: 0.0, Max: 0.0, Diff: 0.0, Sum: 0.2]
         [Termination Attempts: Min: 1, Avg: 77.4, Max: 97, Diff: 96, Sum: 619]
      [GC Worker Other (ms): Min: 0.0, Avg: 0.0, Max: 0.1, Diff: 0.1, Sum: 0.3]
      [GC Worker Total (ms): Min: 133.8, Avg: 133.9, Max: 134.0, Diff: 0.3, Sum: 1071.1]
      [GC Worker End (ms): Min: 190575.1, Avg: 190575.2, Max: 190575.2, Diff: 0.1]
   [Code Root Fixup: 0.0 ms]
   [Code Root Purge: 0.0 ms]
   [Clear CT: 3.9 ms]
   [Other: 2.5 ms]
      [Choose CSet: 0.0 ms]
      [Ref Proc: 0.3 ms]
      [Ref Enq: 0.0 ms]
      [Redirty Cards: 1.8 ms]
      [Humongous Register: 0.0 ms]
      [Humongous Reclaim: 0.0 ms]
      [Free CSet: 0.2 ms]
   [Eden: 175.0M(175.0M)->0.0B(170.0M) Survivors: 10.0M->24.0M Heap: 230.5M(2048.0M)->222.5M(2048.0M)]
 [Times: user=1.13 sys=0.00, real=0.14 secs] 
2020-09-29T12:27:04.443+0200: 190.730: [GC pause (G1 Evacuation Pause) (young), 0.1953776 secs]
   [Parallel Time: 193.8 ms, GC Workers: 8]
      [GC Worker Start (ms): Min: 190730.2, Avg: 190730.3, Max: 190730.5, Diff: 0.3]
      [Ext Root Scanning (ms): Min: 0.0, Avg: 0.1, Max: 0.2, Diff: 0.2, Sum: 0.9]
      [Update RS (ms): Min: 11.4, Avg: 11.6, Max: 12.4, Diff: 1.1, Sum: 93.1]
         [Processed Buffers: Min: 8, Avg: 9.9, Max: 12, Diff: 4, Sum: 79]
      [Scan RS (ms): Min: 14.3, Avg: 15.1, Max: 15.4, Diff: 1.1, Sum: 121.1]
      [Code Root Scanning (ms): Min: 0.0, Avg: 0.0, Max: 0.0, Diff: 0.0, Sum: 0.0]
      [Object Copy (ms): Min: 165.3, Avg: 165.5, Max: 166.6, Diff: 1.3, Sum: 1324.1]
      [Termination (ms): Min: 0.0, Avg: 1.0, Max: 1.3, Diff: 1.3, Sum: 8.1]
         [Termination Attempts: Min: 1, Avg: 4116.9, Max: 5135, Diff: 5134, Sum: 32935]
      [GC Worker Other (ms): Min: 0.0, Avg: 0.0, Max: 0.1, Diff: 0.1, Sum: 0.4]
      [GC Worker Total (ms): Min: 193.3, Avg: 193.5, Max: 193.6, Diff: 0.2, Sum: 1547.7]
      [GC Worker End (ms): Min: 190923.7, Avg: 190923.8, Max: 190923.8, Diff: 0.1]
   [Code Root Fixup: 0.0 ms]
   [Code Root Purge: 0.0 ms]
   [Clear CT: 0.3 ms]
   [Other: 1.3 ms]
      [Choose CSet: 0.0 ms]
      [Ref Proc: 0.3 ms]
      [Ref Enq: 0.0 ms]
      [Redirty Cards: 0.3 ms]
      [Humongous Register: 0.1 ms]
      [Humongous Reclaim: 0.0 ms]
      [Free CSet: 0.3 ms]
   [Eden: 170.0M(170.0M)->0.0B(157.0M) Survivors: 24.0M->25.0M Heap: 421.1M(2048.0M)->422.6M(2048.0M)]
 [Times: user=1.44 sys=0.00, real=0.20 secs] 
2020-09-29T12:27:04.784+0200: 191.071: [GC pause (G1 Evacuation Pause) (young), 0.1458778 secs]
   [Parallel Time: 144.3 ms, GC Workers: 8]
      [GC Worker Start (ms): Min: 191070.9, Avg: 191071.0, Max: 191071.1, Diff: 0.2]
      [Ext Root Scanning (ms): Min: 0.0, Avg: 0.1, Max: 0.2, Diff: 0.2, Sum: 0.8]
      [Update RS (ms): Min: 17.6, Avg: 18.1, Max: 18.6, Diff: 1.0, Sum: 144.5]
         [Processed Buffers: Min: 12, Avg: 12.9, Max: 14, Diff: 2, Sum: 103]
      [Scan RS (ms): Min: 10.6, Avg: 11.2, Max: 11.7, Diff: 1.1, Sum: 89.7]
      [Code Root Scanning (ms): Min: 0.0, Avg: 0.0, Max: 0.0, Diff: 0.0, Sum: 0.0]
      [Object Copy (ms): Min: 114.3, Avg: 114.4, Max: 114.5, Diff: 0.1, Sum: 915.3]
      [Termination (ms): Min: 0.0, Avg: 0.1, Max: 0.1, Diff: 0.1, Sum: 0.6]
         [Termination Attempts: Min: 1, Avg: 319.4, Max: 387, Diff: 386, Sum: 2555]
      [GC Worker Other (ms): Min: 0.0, Avg: 0.0, Max: 0.1, Diff: 0.1, Sum: 0.3]
      [GC Worker Total (ms): Min: 143.8, Avg: 143.9, Max: 144.1, Diff: 0.2, Sum: 1151.3]
      [GC Worker End (ms): Min: 191214.9, Avg: 191215.0, Max: 191215.0, Diff: 0.1]
   [Code Root Fixup: 0.0 ms]
   [Code Root Purge: 0.0 ms]
   [Clear CT: 0.3 ms]
   [Other: 1.3 ms]
      [Choose CSet: 0.0 ms]
      [Ref Proc: 0.3 ms]
      [Ref Enq: 0.0 ms]
      [Redirty Cards: 0.6 ms]
      [Humongous Register: 0.1 ms]
      [Humongous Reclaim: 0.0 ms]
      [Free CSet: 0.2 ms]
   [Eden: 157.0M(157.0M)->0.0B(169.0M) Survivors: 25.0M->23.0M Heap: 604.4M(2048.0M)->606.4M(2048.0M)]
 [Times: user=1.23 sys=0.02, real=0.15 secs] 
2020-09-29T12:27:05.082+0200: 191.369: [GC pause (G1 Evacuation Pause) (young), 0.1539812 secs]
   [Parallel Time: 152.4 ms, GC Workers: 8]
      [GC Worker Start (ms): Min: 191368.8, Avg: 191368.9, Max: 191369.0, Diff: 0.2]
      [Ext Root Scanning (ms): Min: 0.0, Avg: 0.1, Max: 0.2, Diff: 0.2, Sum: 0.7]
      [Update RS (ms): Min: 18.2, Avg: 18.5, Max: 18.9, Diff: 0.7, Sum: 147.7]
         [Processed Buffers: Min: 12, Avg: 13.8, Max: 16, Diff: 4, Sum: 110]
      [Scan RS (ms): Min: 11.6, Avg: 12.0, Max: 12.3, Diff: 0.8, Sum: 96.1]
      [Code Root Scanning (ms): Min: 0.0, Avg: 0.0, Max: 0.0, Diff: 0.0, Sum: 0.0]
      [Object Copy (ms): Min: 121.4, Avg: 121.4, Max: 121.5, Diff: 0.1, Sum: 971.4]
      [Termination (ms): Min: 0.0, Avg: 0.0, Max: 0.0, Diff: 0.0, Sum: 0.1]
         [Termination Attempts: Min: 1, Avg: 47.9, Max: 68, Diff: 67, Sum: 383]
      [GC Worker Other (ms): Min: 0.0, Avg: 0.1, Max: 0.1, Diff: 0.1, Sum: 0.4]
      [GC Worker Total (ms): Min: 152.0, Avg: 152.1, Max: 152.2, Diff: 0.1, Sum: 1216.5]
      [GC Worker End (ms): Min: 191521.0, Avg: 191521.0, Max: 191521.1, Diff: 0.1]
   [Code Root Fixup: 0.0 ms]
   [Code Root Purge: 0.0 ms]
   [Clear CT: 0.4 ms]
   [Other: 1.1 ms]
      [Choose CSet: 0.0 ms]
      [Ref Proc: 0.2 ms]
      [Ref Enq: 0.0 ms]
      [Redirty Cards: 0.3 ms]
      [Humongous Register: 0.1 ms]
      [Humongous Reclaim: 0.0 ms]
      [Free CSet: 0.3 ms]
   [Eden: 169.0M(169.0M)->0.0B(177.0M) Survivors: 23.0M->24.0M Heap: 804.0M(2048.0M)->806.0M(2048.0M)]
 [Times: user=1.03 sys=0.00, real=0.15 secs] 
2020-09-29T12:27:05.400+0200: 191.686: [GC pause (G1 Evacuation Pause) (young), 0.1793656 secs]
   [Parallel Time: 177.8 ms, GC Workers: 8]
      [GC Worker Start (ms): Min: 191686.6, Avg: 191686.7, Max: 191686.8, Diff: 0.3]
      [Ext Root Scanning (ms): Min: 0.0, Avg: 0.1, Max: 0.2, Diff: 0.2, Sum: 0.7]
      [Update RS (ms): Min: 16.9, Avg: 17.2, Max: 17.9, Diff: 1.0, Sum: 137.4]
         [Processed Buffers: Min: 11, Avg: 13.6, Max: 17, Diff: 6, Sum: 109]
      [Scan RS (ms): Min: 13.3, Avg: 14.1, Max: 14.4, Diff: 1.1, Sum: 112.5]
      [Code Root Scanning (ms): Min: 0.0, Avg: 0.0, Max: 0.0, Diff: 0.0, Sum: 0.0]
      [Object Copy (ms): Min: 145.6, Avg: 145.8, Max: 146.2, Diff: 0.6, Sum: 1166.0]
      [Termination (ms): Min: 0.0, Avg: 0.4, Max: 0.5, Diff: 0.5, Sum: 3.4]
         [Termination Attempts: Min: 1, Avg: 1827.4, Max: 2309, Diff: 2308, Sum: 14619]
      [GC Worker Other (ms): Min: 0.0, Avg: 0.0, Max: 0.1, Diff: 0.1, Sum: 0.4]
      [GC Worker Total (ms): Min: 177.4, Avg: 177.5, Max: 177.7, Diff: 0.3, Sum: 1420.3]
      [GC Worker End (ms): Min: 191864.3, Avg: 191864.3, Max: 191864.3, Diff: 0.1]
   [Code Root Fixup: 0.0 ms]
   [Code Root Purge: 0.0 ms]
   [Clear CT: 0.2 ms]
   [Other: 1.3 ms]
      [Choose CSet: 0.0 ms]
      [Ref Proc: 0.4 ms]
      [Ref Enq: 0.0 ms]
      [Redirty Cards: 0.3 ms]
      [Humongous Register: 0.1 ms]
      [Humongous Reclaim: 0.0 ms]
      [Free CSet: 0.3 ms]
   [Eden: 177.0M(177.0M)->0.0B(175.0M) Survivors: 24.0M->26.0M Heap: 1013.6M(2048.0M)->1016.1M(2048.0M)]
 [Times: user=1.38 sys=0.00, real=0.18 secs] 
2020-09-29T12:27:05.602+0200: 191.889: [GC pause (G1 Humongous Allocation) (young) (initial-mark), 0.0612719 secs]
   [Parallel Time: 60.1 ms, GC Workers: 8]
      [GC Worker Start (ms): Min: 191889.4, Avg: 191889.5, Max: 191889.6, Diff: 0.2]
      [Ext Root Scanning (ms): Min: 0.0, Avg: 0.1, Max: 0.2, Diff: 0.2, Sum: 0.8]
      [Update RS (ms): Min: 26.0, Avg: 27.1, Max: 33.0, Diff: 7.0, Sum: 217.0]
         [Processed Buffers: Min: 1, Avg: 18.1, Max: 22, Diff: 21, Sum: 145]
      [Scan RS (ms): Min: 0.0, Avg: 2.6, Max: 3.3, Diff: 3.3, Sum: 20.9]
      [Code Root Scanning (ms): Min: 0.0, Avg: 0.0, Max: 0.0, Diff: 0.0, Sum: 0.0]
      [Object Copy (ms): Min: 26.7, Avg: 29.9, Max: 30.4, Diff: 3.7, Sum: 239.1]
      [Termination (ms): Min: 0.0, Avg: 0.0, Max: 0.0, Diff: 0.0, Sum: 0.0]
         [Termination Attempts: Min: 1, Avg: 5.0, Max: 8, Diff: 7, Sum: 40]
      [GC Worker Other (ms): Min: 0.0, Avg: 0.0, Max: 0.0, Diff: 0.0, Sum: 0.1]
      [GC Worker Total (ms): Min: 59.7, Avg: 59.8, Max: 59.9, Diff: 0.2, Sum: 478.0]
      [GC Worker End (ms): Min: 191949.2, Avg: 191949.2, Max: 191949.2, Diff: 0.0]
   [Code Root Fixup: 0.0 ms]
   [Code Root Purge: 0.0 ms]
   [Clear CT: 0.3 ms]
   [Other: 0.9 ms]
      [Choose CSet: 0.0 ms]
      [Ref Proc: 0.3 ms]
      [Ref Enq: 0.0 ms]
      [Redirty Cards: 0.2 ms]
      [Humongous Register: 0.0 ms]
      [Humongous Reclaim: 0.0 ms]
      [Free CSet: 0.1 ms]
   [Eden: 11.0M(175.0M)->0.0B(188.0M) Survivors: 26.0M->12.0M Heap: 1026.6M(2048.0M)->1029.6M(2048.0M)]
 [Times: user=0.47 sys=0.00, real=0.06 secs] 
2020-09-29T12:27:05.664+0200: 191.951: [GC concurrent-root-region-scan-start]
2020-09-29T12:27:05.667+0200: 191.954: [GC concurrent-root-region-scan-end, 0.0032328 secs]
2020-09-29T12:27:05.667+0200: 191.954: [GC concurrent-mark-start]
2020-09-29T12:27:05.670+0200: 191.957: [GC concurrent-mark-end, 0.0032612 secs]
2020-09-29T12:27:05.671+0200: 191.958: [GC remark 2020-09-29T12:27:05.671+0200: 191.958: [Finalize Marking, 0.0002459 secs] 2020-09-29T12:27:05.671+0200: 191.958: [GC ref-proc, 0.0004448 secs] 2020-09-29T12:27:05.672+0200: 191.958: [Unloading, 0.0006228 secs], 0.0018045 secs]
 [Times: user=0.00 sys=0.00, real=0.00 secs] 
2020-09-29T12:27:05.673+0200: 191.960: [GC cleanup 1039M->36M(2048M), 0.0016505 secs]
 [Times: user=0.00 sys=0.00, real=0.00 secs] 
2020-09-29T12:27:05.675+0200: 191.962: [GC concurrent-cleanup-start]
2020-09-29T12:27:05.677+0200: 191.963: [GC concurrent-cleanup-end, 0.0016315 secs]
2020-09-29T12:27:05.828+0200: 192.114: [GC pause (G1 Evacuation Pause) (young), 0.1485717 secs]
   [Parallel Time: 147.0 ms, GC Workers: 8]
      [GC Worker Start (ms): Min: 192114.2, Avg: 192114.4, Max: 192114.5, Diff: 0.2]
      [Ext Root Scanning (ms): Min: 0.0, Avg: 0.1, Max: 0.2, Diff: 0.2, Sum: 0.7]
      [Update RS (ms): Min: 15.9, Avg: 16.2, Max: 17.0, Diff: 1.1, Sum: 129.2]
         [Processed Buffers: Min: 11, Avg: 12.5, Max: 14, Diff: 3, Sum: 100]
      [Scan RS (ms): Min: 11.8, Avg: 12.7, Max: 13.0, Diff: 1.1, Sum: 101.3]
      [Code Root Scanning (ms): Min: 0.0, Avg: 0.0, Max: 0.0, Diff: 0.0, Sum: 0.0]
      [Object Copy (ms): Min: 117.7, Avg: 117.7, Max: 117.8, Diff: 0.1, Sum: 941.9]
      [Termination (ms): Min: 0.0, Avg: 0.0, Max: 0.0, Diff: 0.0, Sum: 0.0]
         [Termination Attempts: Min: 1, Avg: 1.0, Max: 1, Diff: 0, Sum: 8]
      [GC Worker Other (ms): Min: 0.0, Avg: 0.0, Max: 0.1, Diff: 0.1, Sum: 0.3]
      [GC Worker Total (ms): Min: 146.6, Avg: 146.7, Max: 146.8, Diff: 0.2, Sum: 1173.5]
      [GC Worker End (ms): Min: 192261.0, Avg: 192261.1, Max: 192261.1, Diff: 0.1]
   [Code Root Fixup: 0.0 ms]
   [Code Root Purge: 0.0 ms]
   [Clear CT: 0.3 ms]
   [Other: 1.2 ms]
      [Choose CSet: 0.0 ms]
      [Ref Proc: 0.3 ms]
      [Ref Enq: 0.0 ms]
      [Redirty Cards: 0.4 ms]
      [Humongous Register: 0.0 ms]
      [Humongous Reclaim: 0.0 ms]
      [Free CSet: 0.2 ms]
   [Eden: 188.0M(188.0M)->0.0B(186.0M) Survivors: 12.0M->25.0M Heap: 246.9M(2048.0M)->236.9M(2048.0M)]
 [Times: user=1.25 sys=0.00, real=0.15 secs] 
2020-09-29T12:27:06.138+0200: 192.424: [GC pause (G1 Evacuation Pause) (young), 0.1675562 secs]
   [Parallel Time: 165.8 ms, GC Workers: 8]
      [GC Worker Start (ms): Min: 192424.5, Avg: 192424.6, Max: 192424.7, Diff: 0.2]
      [Ext Root Scanning (ms): Min: 0.0, Avg: 0.1, Max: 0.2, Diff: 0.2, Sum: 0.8]
      [Update RS (ms): Min: 20.4, Avg: 20.6, Max: 21.1, Diff: 0.7, Sum: 165.2]
         [Processed Buffers: Min: 14, Avg: 15.3, Max: 17, Diff: 3, Sum: 122]
      [Scan RS (ms): Min: 12.6, Avg: 13.0, Max: 13.2, Diff: 0.6, Sum: 103.8]
      [Code Root Scanning (ms): Min: 0.0, Avg: 0.0, Max: 0.0, Diff: 0.0, Sum: 0.0]
      [Object Copy (ms): Min: 131.6, Avg: 131.7, Max: 131.7, Diff: 0.1, Sum: 1053.5]
      [Termination (ms): Min: 0.0, Avg: 0.1, Max: 0.1, Diff: 0.1, Sum: 0.5]
         [Termination Attempts: Min: 1, Avg: 227.8, Max: 310, Diff: 309, Sum: 1822]
      [GC Worker Other (ms): Min: 0.0, Avg: 0.1, Max: 0.1, Diff: 0.1, Sum: 0.4]
      [GC Worker Total (ms): Min: 165.4, Avg: 165.5, Max: 165.6, Diff: 0.2, Sum: 1324.2]
      [GC Worker End (ms): Min: 192590.1, Avg: 192590.1, Max: 192590.2, Diff: 0.1]
   [Code Root Fixup: 0.0 ms]
   [Code Root Purge: 0.0 ms]
   [Clear CT: 0.2 ms]
   [Other: 1.6 ms]
      [Choose CSet: 0.0 ms]
      [Ref Proc: 0.3 ms]
      [Ref Enq: 0.0 ms]
      [Redirty Cards: 0.7 ms]
      [Humongous Register: 0.0 ms]
      [Humongous Reclaim: 0.0 ms]
      [Free CSet: 0.3 ms]
   [Eden: 186.0M(186.0M)->0.0B(187.0M) Survivors: 25.0M->27.0M Heap: 453.4M(2048.0M)->454.9M(2048.0M)]
 [Times: user=1.38 sys=0.00, real=0.17 secs] 
2020-09-29T12:27:06.475+0200: 192.761: [GC pause (G1 Evacuation Pause) (young), 0.1789178 secs]
   [Parallel Time: 177.3 ms, GC Workers: 8]
      [GC Worker Start (ms): Min: 192761.4, Avg: 192761.5, Max: 192761.6, Diff: 0.2]
      [Ext Root Scanning (ms): Min: 0.0, Avg: 0.1, Max: 0.2, Diff: 0.2, Sum: 0.8]
      [Update RS (ms): Min: 16.3, Avg: 17.2, Max: 22.8, Diff: 6.5, Sum: 137.5]
         [Processed Buffers: Min: 9, Avg: 13.0, Max: 17, Diff: 8, Sum: 104]
      [Scan RS (ms): Min: 10.2, Avg: 15.9, Max: 17.3, Diff: 7.0, Sum: 126.8]
      [Code Root Scanning (ms): Min: 0.0, Avg: 0.0, Max: 0.0, Diff: 0.0, Sum: 0.0]
      [Object Copy (ms): Min: 143.3, Avg: 143.8, Max: 144.0, Diff: 0.7, Sum: 1150.6]
      [Termination (ms): Min: 0.0, Avg: 0.1, Max: 0.1, Diff: 0.1, Sum: 0.4]
         [Termination Attempts: Min: 1, Avg: 223.1, Max: 292, Diff: 291, Sum: 1785]
      [GC Worker Other (ms): Min: 0.0, Avg: 0.0, Max: 0.1, Diff: 0.1, Sum: 0.4]
      [GC Worker Total (ms): Min: 177.0, Avg: 177.1, Max: 177.2, Diff: 0.2, Sum: 1416.5]
      [GC Worker End (ms): Min: 192938.6, Avg: 192938.6, Max: 192938.6, Diff: 0.1]
   [Code Root Fixup: 0.0 ms]
   [Code Root Purge: 0.0 ms]
   [Clear CT: 0.3 ms]
   [Other: 1.3 ms]
      [Choose CSet: 0.0 ms]
      [Ref Proc: 0.3 ms]
      [Ref Enq: 0.0 ms]
      [Redirty Cards: 0.4 ms]
      [Humongous Register: 0.1 ms]
      [Humongous Reclaim: 0.0 ms]
      [Free CSet: 0.3 ms]
   [Eden: 187.0M(187.0M)->0.0B(185.0M) Survivors: 27.0M->27.0M Heap: 674.4M(2048.0M)->676.4M(2048.0M)]
 [Times: user=1.36 sys=0.00, real=0.18 secs] 
2020-09-29T12:27:06.813+0200: 193.099: [GC pause (G1 Evacuation Pause) (young), 0.1686073 secs]
   [Parallel Time: 167.0 ms, GC Workers: 8]
      [GC Worker Start (ms): Min: 193099.7, Avg: 193099.8, Max: 193099.9, Diff: 0.3]
      [Ext Root Scanning (ms): Min: 0.0, Avg: 0.1, Max: 0.2, Diff: 0.2, Sum: 0.7]
      [Update RS (ms): Min: 16.7, Avg: 16.9, Max: 17.2, Diff: 0.5, Sum: 135.0]
         [Processed Buffers: Min: 12, Avg: 13.4, Max: 16, Diff: 4, Sum: 107]
      [Scan RS (ms): Min: 14.4, Avg: 14.9, Max: 15.0, Diff: 0.6, Sum: 118.8]
      [Code Root Scanning (ms): Min: 0.0, Avg: 0.0, Max: 0.0, Diff: 0.0, Sum: 0.0]
      [Object Copy (ms): Min: 134.7, Avg: 134.8, Max: 134.8, Diff: 0.1, Sum: 1078.3]
      [Termination (ms): Min: 0.0, Avg: 0.1, Max: 0.1, Diff: 0.1, Sum: 0.4]
         [Termination Attempts: Min: 1, Avg: 187.6, Max: 235, Diff: 234, Sum: 1501]
      [GC Worker Other (ms): Min: 0.0, Avg: 0.0, Max: 0.1, Diff: 0.1, Sum: 0.3]
      [GC Worker Total (ms): Min: 166.5, Avg: 166.7, Max: 166.9, Diff: 0.3, Sum: 1333.5]
      [GC Worker End (ms): Min: 193266.5, Avg: 193266.5, Max: 193266.5, Diff: 0.1]
   [Code Root Fixup: 0.0 ms]
   [Code Root Purge: 0.0 ms]
   [Clear CT: 0.4 ms]
   [Other: 1.2 ms]
      [Choose CSet: 0.0 ms]
      [Ref Proc: 0.3 ms]
      [Ref Enq: 0.0 ms]
      [Redirty Cards: 0.3 ms]
      [Humongous Register: 0.1 ms]
      [Humongous Reclaim: 0.0 ms]
      [Free CSet: 0.2 ms]
   [Eden: 185.0M(185.0M)->0.0B(189.0M) Survivors: 27.0M->27.0M Heap: 891.9M(2048.0M)->893.9M(2048.0M)]
 [Times: user=1.38 sys=0.00, real=0.17 secs] 
2020-09-29T12:27:07.147+0200: 193.433: [GC pause (G1 Evacuation Pause) (young), 0.1724696 secs]
   [Parallel Time: 169.7 ms, GC Workers: 8]
      [GC Worker Start (ms): Min: 193433.5, Avg: 193433.6, Max: 193433.7, Diff: 0.2]
      [Ext Root Scanning (ms): Min: 0.0, Avg: 0.1, Max: 0.2, Diff: 0.2, Sum: 0.8]
      [Update RS (ms): Min: 21.6, Avg: 21.8, Max: 22.5, Diff: 0.9, Sum: 174.4]
         [Processed Buffers: Min: 15, Avg: 16.1, Max: 18, Diff: 3, Sum: 129]
      [Scan RS (ms): Min: 12.2, Avg: 12.9, Max: 13.2, Diff: 1.0, Sum: 103.4]
      [Code Root Scanning (ms): Min: 0.0, Avg: 0.0, Max: 0.0, Diff: 0.0, Sum: 0.0]
      [Object Copy (ms): Min: 134.4, Avg: 134.5, Max: 134.6, Diff: 0.1, Sum: 1076.1]
      [Termination (ms): Min: 0.0, Avg: 0.0, Max: 0.0, Diff: 0.0, Sum: 0.0]
         [Termination Attempts: Min: 1, Avg: 7.5, Max: 11, Diff: 10, Sum: 60]
      [GC Worker Other (ms): Min: 0.0, Avg: 0.1, Max: 0.1, Diff: 0.1, Sum: 0.4]
      [GC Worker Total (ms): Min: 169.3, Avg: 169.4, Max: 169.5, Diff: 0.2, Sum: 1355.2]
      [GC Worker End (ms): Min: 193603.0, Avg: 193603.0, Max: 193603.1, Diff: 0.1]
   [Code Root Fixup: 0.0 ms]
   [Code Root Purge: 0.0 ms]
   [Clear CT: 0.3 ms]
   [Other: 2.4 ms]
      [Choose CSet: 0.0 ms]
      [Ref Proc: 0.3 ms]
      [Ref Enq: 0.0 ms]
      [Redirty Cards: 1.4 ms]
      [Humongous Register: 0.1 ms]
      [Humongous Reclaim: 0.0 ms]
      [Free CSet: 0.2 ms]
   [Eden: 189.0M(189.0M)->0.0B(193.0M) Survivors: 27.0M->27.0M Heap: 1113.4M(2048.0M)->1115.4M(2048.0M)]
 [Times: user=1.25 sys=0.01, real=0.17 secs] 
2020-09-29T12:27:07.331+0200: 193.618: [GC pause (G1 Humongous Allocation) (young) (initial-mark), 0.0642593 secs]
   [Parallel Time: 62.8 ms, GC Workers: 8]
      [GC Worker Start (ms): Min: 193618.1, Avg: 193618.2, Max: 193618.4, Diff: 0.3]
      [Ext Root Scanning (ms): Min: 0.0, Avg: 0.3, Max: 0.8, Diff: 0.8, Sum: 2.5]
      [Update RS (ms): Min: 34.5, Avg: 35.3, Max: 35.8, Diff: 1.3, Sum: 282.6]
         [Processed Buffers: Min: 23, Avg: 26.4, Max: 29, Diff: 6, Sum: 211]
      [Scan RS (ms): Min: 2.2, Avg: 2.8, Max: 3.8, Diff: 1.6, Sum: 22.8]
      [Code Root Scanning (ms): Min: 0.0, Avg: 0.0, Max: 0.0, Diff: 0.0, Sum: 0.0]
      [Object Copy (ms): Min: 22.8, Avg: 24.0, Max: 24.2, Diff: 1.4, Sum: 191.8]
      [Termination (ms): Min: 0.0, Avg: 0.0, Max: 0.1, Diff: 0.1, Sum: 0.4]
         [Termination Attempts: Min: 1, Avg: 192.3, Max: 249, Diff: 248, Sum: 1538]
      [GC Worker Other (ms): Min: 0.0, Avg: 0.0, Max: 0.0, Diff: 0.0, Sum: 0.2]
      [GC Worker Total (ms): Min: 62.4, Avg: 62.5, Max: 62.7, Diff: 0.3, Sum: 500.4]
      [GC Worker End (ms): Min: 193680.8, Avg: 193680.8, Max: 193680.8, Diff: 0.0]
   [Code Root Fixup: 0.0 ms]
   [Code Root Purge: 0.0 ms]
   [Clear CT: 0.5 ms]
   [Other: 0.9 ms]
      [Choose CSet: 0.0 ms]
      [Ref Proc: 0.3 ms]
      [Ref Enq: 0.0 ms]
      [Redirty Cards: 0.2 ms]
      [Humongous Register: 0.1 ms]
      [Humongous Reclaim: 0.0 ms]
      [Free CSet: 0.1 ms]
   [Eden: 4096.0K(193.0M)->0.0B(206.0M) Survivors: 27.0M->6144.0K Heap: 1118.9M(2048.0M)->1122.9M(2048.0M)]
 [Times: user=0.48 sys=0.00, real=0.06 secs] 
2020-09-29T12:27:07.396+0200: 193.683: [GC concurrent-root-region-scan-start]
2020-09-29T12:27:07.398+0200: 193.685: [GC concurrent-root-region-scan-end, 0.0020298 secs]
2020-09-29T12:27:07.398+0200: 193.685: [GC concurrent-mark-start]
2020-09-29T12:27:07.404+0200: 193.691: [GC concurrent-mark-end, 0.0057191 secs]
2020-09-29T12:27:07.404+0200: 193.691: [GC remark 2020-09-29T12:27:07.404+0200: 193.691: [Finalize Marking, 0.0002802 secs] 2020-09-29T12:27:07.405+0200: 193.691: [GC ref-proc, 0.0004399 secs] 2020-09-29T12:27:07.405+0200: 193.692: [Unloading, 0.0005802 secs], 0.0018073 secs]
 [Times: user=0.00 sys=0.00, real=0.00 secs] 
2020-09-29T12:27:07.407+0200: 193.693: [GC cleanup 1135M->33M(2048M), 0.0017018 secs]
 [Times: user=0.00 sys=0.00, real=0.00 secs] 
2020-09-29T12:27:07.409+0200: 193.695: [GC concurrent-cleanup-start]
2020-09-29T12:27:07.411+0200: 193.698: [GC concurrent-cleanup-end, 0.0025649 secs]
2020-09-29T12:27:07.573+0200: 193.860: [GC pause (G1 Evacuation Pause) (young), 0.1589792 secs]
   [Parallel Time: 157.6 ms, GC Workers: 8]
      [GC Worker Start (ms): Min: 193859.9, Avg: 193860.1, Max: 193860.2, Diff: 0.2]
      [Ext Root Scanning (ms): Min: 0.0, Avg: 0.1, Max: 0.2, Diff: 0.2, Sum: 0.8]
      [Update RS (ms): Min: 13.7, Avg: 14.3, Max: 14.8, Diff: 1.1, Sum: 114.2]
         [Processed Buffers: Min: 10, Avg: 10.4, Max: 11, Diff: 1, Sum: 83]
      [Scan RS (ms): Min: 14.5, Avg: 15.0, Max: 15.6, Diff: 1.1, Sum: 120.4]
      [Code Root Scanning (ms): Min: 0.0, Avg: 0.0, Max: 0.0, Diff: 0.0, Sum: 0.0]
      [Object Copy (ms): Min: 127.6, Avg: 127.7, Max: 127.7, Diff: 0.1, Sum: 1021.5]
      [Termination (ms): Min: 0.0, Avg: 0.0, Max: 0.0, Diff: 0.0, Sum: 0.1]
         [Termination Attempts: Min: 1, Avg: 61.3, Max: 83, Diff: 82, Sum: 490]
      [GC Worker Other (ms): Min: 0.0, Avg: 0.1, Max: 0.1, Diff: 0.1, Sum: 0.4]
      [GC Worker Total (ms): Min: 157.1, Avg: 157.2, Max: 157.3, Diff: 0.2, Sum: 1257.5]
      [GC Worker End (ms): Min: 194017.2, Avg: 194017.3, Max: 194017.3, Diff: 0.1]
   [Code Root Fixup: 0.0 ms]
   [Code Root Purge: 0.0 ms]
   [Clear CT: 0.3 ms]
   [Other: 1.1 ms]
      [Choose CSet: 0.0 ms]
      [Ref Proc: 0.3 ms]
      [Ref Enq: 0.0 ms]
      [Redirty Cards: 0.3 ms]
      [Humongous Register: 0.0 ms]
      [Humongous Reclaim: 0.0 ms]
      [Free CSet: 0.2 ms]
   [Eden: 206.0M(206.0M)->0.0B(193.0M) Survivors: 6144.0K->27.0M Heap: 260.8M(2048.0M)->257.3M(2048.0M)]
 [Times: user=1.25 sys=0.00, real=0.16 secs] 
2020-09-29T12:27:07.910+0200: 194.197: [GC pause (G1 Evacuation Pause) (young), 0.1105840 secs]
   [Parallel Time: 109.0 ms, GC Workers: 8]
      [GC Worker Start (ms): Min: 194196.7, Avg: 194196.8, Max: 194196.9, Diff: 0.2]
      [Ext Root Scanning (ms): Min: 0.0, Avg: 0.1, Max: 0.2, Diff: 0.2, Sum: 0.8]
      [Update RS (ms): Min: 15.3, Avg: 15.6, Max: 16.0, Diff: 0.6, Sum: 125.1]
         [Processed Buffers: Min: 12, Avg: 12.8, Max: 13, Diff: 1, Sum: 102]
      [Scan RS (ms): Min: 10.3, Avg: 10.7, Max: 10.9, Diff: 0.6, Sum: 85.3]
      [Code Root Scanning (ms): Min: 0.0, Avg: 0.0, Max: 0.0, Diff: 0.0, Sum: 0.0]
      [Object Copy (ms): Min: 82.3, Avg: 82.4, Max: 82.4, Diff: 0.1, Sum: 658.9]
      [Termination (ms): Min: 0.0, Avg: 0.0, Max: 0.0, Diff: 0.0, Sum: 0.1]
         [Termination Attempts: Min: 1, Avg: 119.0, Max: 148, Diff: 147, Sum: 952]
      [GC Worker Other (ms): Min: 0.0, Avg: 0.0, Max: 0.1, Diff: 0.1, Sum: 0.3]
      [GC Worker Total (ms): Min: 108.7, Avg: 108.8, Max: 108.9, Diff: 0.2, Sum: 870.6]
      [GC Worker End (ms): Min: 194305.6, Avg: 194305.6, Max: 194305.7, Diff: 0.1]
   [Code Root Fixup: 0.0 ms]
   [Code Root Purge: 0.0 ms]
   [Clear CT: 0.3 ms]
   [Other: 1.2 ms]
      [Choose CSet: 0.0 ms]
      [Ref Proc: 0.5 ms]
      [Ref Enq: 0.0 ms]
      [Redirty Cards: 0.3 ms]
      [Humongous Register: 0.1 ms]
      [Humongous Reclaim: 0.0 ms]
      [Free CSet: 0.1 ms]
   [Eden: 193.0M(193.0M)->0.0B(210.0M) Survivors: 27.0M->28.0M Heap: 482.8M(2048.0M)->484.8M(2048.0M)]
 [Times: user=0.81 sys=0.02, real=0.11 secs] 
2020-09-29T12:27:08.135+0200: 194.422: [GC pause (G1 Evacuation Pause) (young), 0.1085421 secs]
   [Parallel Time: 107.6 ms, GC Workers: 8]
      [GC Worker Start (ms): Min: 194421.9, Avg: 194422.0, Max: 194422.1, Diff: 0.2]
      [Ext Root Scanning (ms): Min: 0.0, Avg: 0.1, Max: 0.2, Diff: 0.2, Sum: 0.5]
      [Update RS (ms): Min: 10.2, Avg: 10.3, Max: 10.5, Diff: 0.4, Sum: 82.2]
         [Processed Buffers: Min: 12, Avg: 13.5, Max: 15, Diff: 3, Sum: 108]
      [Scan RS (ms): Min: 10.1, Avg: 10.4, Max: 10.5, Diff: 0.4, Sum: 82.8]
      [Code Root Scanning (ms): Min: 0.0, Avg: 0.0, Max: 0.0, Diff: 0.0, Sum: 0.0]
      [Object Copy (ms): Min: 86.5, Avg: 86.6, Max: 86.6, Diff: 0.1, Sum: 692.7]
      [Termination (ms): Min: 0.0, Avg: 0.0, Max: 0.0, Diff: 0.0, Sum: 0.0]
         [Termination Attempts: Min: 1, Avg: 13.6, Max: 20, Diff: 19, Sum: 109]
      [GC Worker Other (ms): Min: 0.0, Avg: 0.0, Max: 0.1, Diff: 0.0, Sum: 0.3]
      [GC Worker Total (ms): Min: 107.2, Avg: 107.3, Max: 107.4, Diff: 0.2, Sum: 858.5]
      [GC Worker End (ms): Min: 194529.3, Avg: 194529.3, Max: 194529.3, Diff: 0.0]
   [Code Root Fixup: 0.0 ms]
   [Code Root Purge: 0.0 ms]
   [Clear CT: 0.2 ms]
   [Other: 0.8 ms]
      [Choose CSet: 0.0 ms]
      [Ref Proc: 0.1 ms]
      [Ref Enq: 0.0 ms]
      [Redirty Cards: 0.3 ms]
      [Humongous Register: 0.0 ms]
      [Humongous Reclaim: 0.0 ms]
      [Free CSet: 0.2 ms]
   [Eden: 210.0M(210.0M)->0.0B(236.0M) Survivors: 28.0M->30.0M Heap: 731.0M(2048.0M)->733.5M(2048.0M)]
 [Times: user=0.86 sys=0.01, real=0.11 secs] 
Heap
 garbage-first heap   total 2097152K, used 815234K [0x0000000080000000, 0x0000000080104000, 0x0000000100000000)
  region size 1024K, 86 young (88064K), 30 survivors (30720K)
 Metaspace       used 2594K, capacity 4486K, committed 4864K, reserved 1056768K
  class space    used 285K, capacity 386K, committed 512K, reserved 1048576K
