Java HotSpot(TM) 64-Bit Server VM (25.261-b12) for windows-amd64 JRE (1.8.0_261-b12), built on Jun 18 2020 06:56:32 by "" with unknown MS VC++:1916
Memory: 4k page, physical 16659684k(8638180k free), swap 23213284k(7926776k free)
CommandLine flags: -XX:InitialHeapSize=2147483648 -XX:MaxHeapSize=2147483648 -XX:+PrintGC -XX:+PrintGCDateStamps -XX:+PrintGCDetails -XX:+PrintGCTimeStamps -XX:+UseCompressedClassPointers -XX:+UseCompressedOops -XX:+UseG1GC -XX:-UseLargePagesIndividualAllocation 
2020-09-29T12:20:40.135+0200: 0.290: [GC pause (G1 Evacuation Pause) (young), 0.0991006 secs]
   [Parallel Time: 97.7 ms, GC Workers: 8]
      [GC Worker Start (ms): Min: 290.5, Avg: 290.6, Max: 290.7, Diff: 0.2]
      [Ext Root Scanning (ms): Min: 0.1, Avg: 0.1, Max: 0.3, Diff: 0.2, Sum: 1.1]
      [Update RS (ms): Min: 1.3, Avg: 1.9, Max: 2.5, Diff: 1.2, Sum: 14.9]
         [Processed Buffers: Min: 1, Avg: 1.9, Max: 2, Diff: 1, Sum: 15]
      [Scan RS (ms): Min: 12.3, Avg: 13.1, Max: 14.1, Diff: 1.8, Sum: 104.8]
      [Code Root Scanning (ms): Min: 0.0, Avg: 0.0, Max: 0.0, Diff: 0.0, Sum: 0.1]
      [Object Copy (ms): Min: 81.4, Avg: 82.1, Max: 82.3, Diff: 0.9, Sum: 656.6]
      [Termination (ms): Min: 0.1, Avg: 0.2, Max: 0.2, Diff: 0.1, Sum: 1.3]
         [Termination Attempts: Min: 1, Avg: 420.5, Max: 491, Diff: 490, Sum: 3364]
      [GC Worker Other (ms): Min: 0.0, Avg: 0.0, Max: 0.1, Diff: 0.1, Sum: 0.4]
      [GC Worker Total (ms): Min: 97.3, Avg: 97.4, Max: 97.5, Diff: 0.2, Sum: 779.2]
      [GC Worker End (ms): Min: 388.0, Avg: 388.0, Max: 388.0, Diff: 0.0]
   [Code Root Fixup: 0.0 ms]
   [Code Root Purge: 0.0 ms]
   [Clear CT: 0.3 ms]
   [Other: 1.1 ms]
      [Choose CSet: 0.0 ms]
      [Ref Proc: 0.3 ms]
      [Ref Enq: 0.0 ms]
      [Redirty Cards: 0.4 ms]
      [Humongous Register: 0.0 ms]
      [Humongous Reclaim: 0.0 ms]
      [Free CSet: 0.1 ms]
   [Eden: 102.0M(102.0M)->0.0B(89.0M) Survivors: 0.0B->13.0M Heap: 119.2M(2048.0M)->118.9M(2048.0M)]
 [Times: user=0.64 sys=0.08, real=0.10 secs] 
2020-09-29T12:20:40.317+0200: 0.472: [GC pause (G1 Evacuation Pause) (young), 0.0851521 secs]
   [Parallel Time: 83.9 ms, GC Workers: 8]
      [GC Worker Start (ms): Min: 472.3, Avg: 472.4, Max: 472.5, Diff: 0.2]
      [Ext Root Scanning (ms): Min: 0.0, Avg: 0.1, Max: 0.2, Diff: 0.2, Sum: 0.8]
      [Update RS (ms): Min: 0.2, Avg: 0.8, Max: 1.2, Diff: 1.0, Sum: 6.0]
         [Processed Buffers: Min: 1, Avg: 1.5, Max: 2, Diff: 1, Sum: 12]
      [Scan RS (ms): Min: 11.9, Avg: 12.5, Max: 13.0, Diff: 1.2, Sum: 99.6]
      [Code Root Scanning (ms): Min: 0.0, Avg: 0.0, Max: 0.0, Diff: 0.0, Sum: 0.0]
      [Object Copy (ms): Min: 70.1, Avg: 70.3, Max: 70.4, Diff: 0.3, Sum: 562.2]
      [Termination (ms): Min: 0.0, Avg: 0.0, Max: 0.0, Diff: 0.0, Sum: 0.1]
         [Termination Attempts: Min: 1, Avg: 30.9, Max: 44, Diff: 43, Sum: 247]
      [GC Worker Other (ms): Min: 0.0, Avg: 0.0, Max: 0.0, Diff: 0.0, Sum: 0.2]
      [GC Worker Total (ms): Min: 83.5, Avg: 83.6, Max: 83.7, Diff: 0.2, Sum: 668.9]
      [GC Worker End (ms): Min: 556.0, Avg: 556.0, Max: 556.0, Diff: 0.0]
   [Code Root Fixup: 0.0 ms]
   [Code Root Purge: 0.0 ms]
   [Clear CT: 0.3 ms]
   [Other: 0.9 ms]
      [Choose CSet: 0.0 ms]
      [Ref Proc: 0.2 ms]
      [Ref Enq: 0.0 ms]
      [Redirty Cards: 0.3 ms]
      [Humongous Register: 0.0 ms]
      [Humongous Reclaim: 0.0 ms]
      [Free CSet: 0.1 ms]
   [Eden: 89.0M(89.0M)->0.0B(89.0M) Survivors: 13.0M->13.0M Heap: 223.2M(2048.0M)->224.9M(2048.0M)]
 [Times: user=0.50 sys=0.13, real=0.09 secs] 
2020-09-29T12:20:40.485+0200: 0.640: [GC pause (G1 Evacuation Pause) (young), 0.0993037 secs]
   [Parallel Time: 98.0 ms, GC Workers: 8]
      [GC Worker Start (ms): Min: 640.4, Avg: 640.5, Max: 640.6, Diff: 0.2]
      [Ext Root Scanning (ms): Min: 0.0, Avg: 0.1, Max: 0.1, Diff: 0.1, Sum: 0.7]
      [Update RS (ms): Min: 0.2, Avg: 0.5, Max: 1.1, Diff: 0.9, Sum: 4.1]
         [Processed Buffers: Min: 1, Avg: 1.6, Max: 2, Diff: 1, Sum: 13]
      [Scan RS (ms): Min: 12.8, Avg: 13.5, Max: 13.8, Diff: 1.0, Sum: 107.6]
      [Code Root Scanning (ms): Min: 0.0, Avg: 0.0, Max: 0.0, Diff: 0.0, Sum: 0.0]
      [Object Copy (ms): Min: 83.5, Avg: 83.6, Max: 83.8, Diff: 0.3, Sum: 669.2]
      [Termination (ms): Min: 0.0, Avg: 0.0, Max: 0.0, Diff: 0.0, Sum: 0.2]
         [Termination Attempts: Min: 1, Avg: 142.6, Max: 190, Diff: 189, Sum: 1141]
      [GC Worker Other (ms): Min: 0.0, Avg: 0.0, Max: 0.1, Diff: 0.1, Sum: 0.2]
      [GC Worker Total (ms): Min: 97.6, Avg: 97.8, Max: 97.8, Diff: 0.2, Sum: 782.0]
      [GC Worker End (ms): Min: 738.2, Avg: 738.2, Max: 738.3, Diff: 0.1]
   [Code Root Fixup: 0.0 ms]
   [Code Root Purge: 0.0 ms]
   [Clear CT: 0.2 ms]
   [Other: 1.1 ms]
      [Choose CSet: 0.0 ms]
      [Ref Proc: 0.3 ms]
      [Ref Enq: 0.0 ms]
      [Redirty Cards: 0.2 ms]
      [Humongous Register: 0.0 ms]
      [Humongous Reclaim: 0.0 ms]
      [Free CSet: 0.2 ms]
   [Eden: 89.0M(89.0M)->0.0B(89.0M) Survivors: 13.0M->13.0M Heap: 329.2M(2048.0M)->331.2M(2048.0M)]
 [Times: user=0.83 sys=0.03, real=0.10 secs] 
2020-09-29T12:20:40.671+0200: 0.827: [GC pause (G1 Evacuation Pause) (young), 0.0867175 secs]
   [Parallel Time: 85.6 ms, GC Workers: 8]
      [GC Worker Start (ms): Min: 826.8, Avg: 826.9, Max: 826.9, Diff: 0.1]
      [Ext Root Scanning (ms): Min: 0.1, Avg: 0.1, Max: 0.2, Diff: 0.1, Sum: 0.8]
      [Update RS (ms): Min: 0.9, Avg: 1.1, Max: 1.2, Diff: 0.3, Sum: 8.9]
         [Processed Buffers: Min: 1, Avg: 2.8, Max: 4, Diff: 3, Sum: 22]
      [Scan RS (ms): Min: 12.2, Avg: 12.4, Max: 12.6, Diff: 0.3, Sum: 98.8]
      [Code Root Scanning (ms): Min: 0.0, Avg: 0.0, Max: 0.0, Diff: 0.0, Sum: 0.0]
      [Object Copy (ms): Min: 71.7, Avg: 71.8, Max: 71.9, Diff: 0.2, Sum: 574.6]
      [Termination (ms): Min: 0.0, Avg: 0.0, Max: 0.0, Diff: 0.0, Sum: 0.2]
         [Termination Attempts: Min: 1, Avg: 96.9, Max: 123, Diff: 122, Sum: 775]
      [GC Worker Other (ms): Min: 0.0, Avg: 0.0, Max: 0.0, Diff: 0.0, Sum: 0.3]
      [GC Worker Total (ms): Min: 85.4, Avg: 85.4, Max: 85.5, Diff: 0.1, Sum: 683.5]
      [GC Worker End (ms): Min: 912.3, Avg: 912.3, Max: 912.3, Diff: 0.0]
   [Code Root Fixup: 0.0 ms]
   [Code Root Purge: 0.0 ms]
   [Clear CT: 0.2 ms]
   [Other: 0.9 ms]
      [Choose CSet: 0.0 ms]
      [Ref Proc: 0.2 ms]
      [Ref Enq: 0.0 ms]
      [Redirty Cards: 0.2 ms]
      [Humongous Register: 0.1 ms]
      [Humongous Reclaim: 0.0 ms]
      [Free CSet: 0.1 ms]
   [Eden: 89.0M(89.0M)->0.0B(89.0M) Survivors: 13.0M->13.0M Heap: 435.4M(2048.0M)->437.9M(2048.0M)]
 [Times: user=0.67 sys=0.08, real=0.09 secs] 
2020-09-29T12:20:40.828+0200: 0.984: [GC pause (G1 Evacuation Pause) (young), 0.0931707 secs]
   [Parallel Time: 91.8 ms, GC Workers: 8]
      [GC Worker Start (ms): Min: 983.7, Avg: 983.8, Max: 983.9, Diff: 0.1]
      [Ext Root Scanning (ms): Min: 0.0, Avg: 0.1, Max: 0.2, Diff: 0.1, Sum: 0.9]
      [Update RS (ms): Min: 1.1, Avg: 1.7, Max: 2.3, Diff: 1.1, Sum: 13.4]
         [Processed Buffers: Min: 1, Avg: 1.8, Max: 2, Diff: 1, Sum: 14]
      [Scan RS (ms): Min: 11.7, Avg: 12.3, Max: 12.9, Diff: 1.2, Sum: 98.6]
      [Code Root Scanning (ms): Min: 0.0, Avg: 0.0, Max: 0.0, Diff: 0.0, Sum: 0.0]
      [Object Copy (ms): Min: 77.3, Avg: 77.4, Max: 77.5, Diff: 0.3, Sum: 618.9]
      [Termination (ms): Min: 0.0, Avg: 0.2, Max: 0.2, Diff: 0.2, Sum: 1.3]
         [Termination Attempts: Min: 1, Avg: 706.8, Max: 852, Diff: 851, Sum: 5654]
      [GC Worker Other (ms): Min: 0.0, Avg: 0.0, Max: 0.0, Diff: 0.0, Sum: 0.1]
      [GC Worker Total (ms): Min: 91.6, Avg: 91.7, Max: 91.7, Diff: 0.1, Sum: 733.3]
      [GC Worker End (ms): Min: 1075.4, Avg: 1075.4, Max: 1075.5, Diff: 0.0]
   [Code Root Fixup: 0.0 ms]
   [Code Root Purge: 0.0 ms]
   [Clear CT: 0.4 ms]
   [Other: 1.0 ms]
      [Choose CSet: 0.0 ms]
      [Ref Proc: 0.3 ms]
      [Ref Enq: 0.0 ms]
      [Redirty Cards: 0.3 ms]
      [Humongous Register: 0.1 ms]
      [Humongous Reclaim: 0.0 ms]
      [Free CSet: 0.1 ms]
   [Eden: 89.0M(89.0M)->0.0B(89.0M) Survivors: 13.0M->13.0M Heap: 540.3M(2048.0M)->542.3M(2048.0M)]
 [Times: user=0.64 sys=0.09, real=0.09 secs] 
2020-09-29T12:20:41.001+0200: 1.156: [GC pause (G1 Evacuation Pause) (young), 0.0841258 secs]
   [Parallel Time: 82.8 ms, GC Workers: 8]
      [GC Worker Start (ms): Min: 1156.5, Avg: 1156.6, Max: 1156.7, Diff: 0.2]
      [Ext Root Scanning (ms): Min: 0.0, Avg: 0.1, Max: 0.2, Diff: 0.2, Sum: 0.6]
      [Update RS (ms): Min: 1.2, Avg: 1.3, Max: 1.9, Diff: 0.8, Sum: 10.6]
         [Processed Buffers: Min: 1, Avg: 1.9, Max: 2, Diff: 1, Sum: 15]
      [Scan RS (ms): Min: 11.2, Avg: 11.8, Max: 12.1, Diff: 0.9, Sum: 94.1]
      [Code Root Scanning (ms): Min: 0.0, Avg: 0.0, Max: 0.0, Diff: 0.0, Sum: 0.0]
      [Object Copy (ms): Min: 69.1, Avg: 69.3, Max: 69.4, Diff: 0.3, Sum: 554.7]
      [Termination (ms): Min: 0.0, Avg: 0.0, Max: 0.0, Diff: 0.0, Sum: 0.0]
         [Termination Attempts: Min: 1, Avg: 12.1, Max: 17, Diff: 16, Sum: 97]
      [GC Worker Other (ms): Min: 0.0, Avg: 0.0, Max: 0.0, Diff: 0.0, Sum: 0.2]
      [GC Worker Total (ms): Min: 82.5, Avg: 82.5, Max: 82.7, Diff: 0.2, Sum: 660.3]
      [GC Worker End (ms): Min: 1239.2, Avg: 1239.2, Max: 1239.2, Diff: 0.0]
   [Code Root Fixup: 0.0 ms]
   [Code Root Purge: 0.0 ms]
   [Clear CT: 0.3 ms]
   [Other: 1.0 ms]
      [Choose CSet: 0.0 ms]
      [Ref Proc: 0.4 ms]
      [Ref Enq: 0.0 ms]
      [Redirty Cards: 0.3 ms]
      [Humongous Register: 0.1 ms]
      [Humongous Reclaim: 0.0 ms]
      [Free CSet: 0.1 ms]
   [Eden: 89.0M(89.0M)->0.0B(89.0M) Survivors: 13.0M->13.0M Heap: 646.6M(2048.0M)->649.1M(2048.0M)]
 [Times: user=0.72 sys=0.03, real=0.08 secs] 
2020-09-29T12:20:41.167+0200: 1.323: [GC pause (G1 Evacuation Pause) (young), 0.0881478 secs]
   [Parallel Time: 87.0 ms, GC Workers: 8]
      [GC Worker Start (ms): Min: 1322.6, Avg: 1322.9, Max: 1323.5, Diff: 0.9]
      [Ext Root Scanning (ms): Min: 0.0, Avg: 0.1, Max: 0.2, Diff: 0.2, Sum: 0.6]
      [Update RS (ms): Min: 0.5, Avg: 1.1, Max: 1.3, Diff: 0.8, Sum: 9.0]
         [Processed Buffers: Min: 1, Avg: 2.0, Max: 3, Diff: 2, Sum: 16]
      [Scan RS (ms): Min: 12.6, Avg: 12.8, Max: 13.0, Diff: 0.4, Sum: 102.2]
      [Code Root Scanning (ms): Min: 0.0, Avg: 0.0, Max: 0.0, Diff: 0.0, Sum: 0.0]
      [Object Copy (ms): Min: 72.3, Avg: 72.6, Max: 72.7, Diff: 0.4, Sum: 580.5]
      [Termination (ms): Min: 0.0, Avg: 0.0, Max: 0.0, Diff: 0.0, Sum: 0.0]
         [Termination Attempts: Min: 1, Avg: 2.1, Max: 5, Diff: 4, Sum: 17]
      [GC Worker Other (ms): Min: 0.0, Avg: 0.0, Max: 0.1, Diff: 0.0, Sum: 0.3]
      [GC Worker Total (ms): Min: 85.9, Avg: 86.6, Max: 86.8, Diff: 0.9, Sum: 692.6]
      [GC Worker End (ms): Min: 1409.4, Avg: 1409.4, Max: 1409.5, Diff: 0.0]
   [Code Root Fixup: 0.0 ms]
   [Code Root Purge: 0.0 ms]
   [Clear CT: 0.2 ms]
   [Other: 0.9 ms]
      [Choose CSet: 0.0 ms]
      [Ref Proc: 0.3 ms]
      [Ref Enq: 0.0 ms]
      [Redirty Cards: 0.3 ms]
      [Humongous Register: 0.0 ms]
      [Humongous Reclaim: 0.0 ms]
      [Free CSet: 0.1 ms]
   [Eden: 89.0M(89.0M)->0.0B(89.0M) Survivors: 13.0M->13.0M Heap: 753.3M(2048.0M)->754.8M(2048.0M)]
 [Times: user=0.66 sys=0.06, real=0.09 secs] 
2020-09-29T12:20:41.335+0200: 1.491: [GC pause (G1 Evacuation Pause) (young), 0.0955984 secs]
   [Parallel Time: 94.5 ms, GC Workers: 8]
      [GC Worker Start (ms): Min: 1490.6, Avg: 1490.8, Max: 1490.9, Diff: 0.2]
      [Ext Root Scanning (ms): Min: 0.0, Avg: 0.1, Max: 0.2, Diff: 0.2, Sum: 0.5]
      [Update RS (ms): Min: 1.4, Avg: 1.5, Max: 1.9, Diff: 0.5, Sum: 12.0]
         [Processed Buffers: Min: 2, Avg: 2.9, Max: 4, Diff: 2, Sum: 23]
      [Scan RS (ms): Min: 12.2, Avg: 12.8, Max: 16.2, Diff: 4.0, Sum: 102.2]
      [Code Root Scanning (ms): Min: 0.0, Avg: 0.0, Max: 0.0, Diff: 0.0, Sum: 0.0]
      [Object Copy (ms): Min: 76.0, Avg: 79.7, Max: 80.3, Diff: 4.3, Sum: 637.8]
      [Termination (ms): Min: 0.0, Avg: 0.1, Max: 0.1, Diff: 0.1, Sum: 0.4]
         [Termination Attempts: Min: 1, Avg: 242.9, Max: 307, Diff: 306, Sum: 1943]
      [GC Worker Other (ms): Min: 0.0, Avg: 0.0, Max: 0.0, Diff: 0.0, Sum: 0.2]
      [GC Worker Total (ms): Min: 94.0, Avg: 94.1, Max: 94.3, Diff: 0.2, Sum: 753.1]
      [GC Worker End (ms): Min: 1584.9, Avg: 1584.9, Max: 1585.0, Diff: 0.0]
   [Code Root Fixup: 0.0 ms]
   [Code Root Purge: 0.0 ms]
   [Clear CT: 0.3 ms]
   [Other: 0.9 ms]
      [Choose CSet: 0.0 ms]
      [Ref Proc: 0.2 ms]
      [Ref Enq: 0.0 ms]
      [Redirty Cards: 0.3 ms]
      [Humongous Register: 0.0 ms]
      [Humongous Reclaim: 0.0 ms]
      [Free CSet: 0.1 ms]
   [Eden: 89.0M(89.0M)->0.0B(89.0M) Survivors: 13.0M->13.0M Heap: 859.1M(2048.0M)->860.6M(2048.0M)]
 [Times: user=0.67 sys=0.06, real=0.10 secs] 
2020-09-29T12:20:41.511+0200: 1.667: [GC pause (G1 Evacuation Pause) (young), 0.0870864 secs]
   [Parallel Time: 85.9 ms, GC Workers: 8]
      [GC Worker Start (ms): Min: 1666.9, Avg: 1667.0, Max: 1667.1, Diff: 0.1]
      [Ext Root Scanning (ms): Min: 0.0, Avg: 0.1, Max: 0.2, Diff: 0.1, Sum: 0.8]
      [Update RS (ms): Min: 2.8, Avg: 3.2, Max: 4.4, Diff: 1.5, Sum: 26.0]
         [Processed Buffers: Min: 0, Avg: 4.0, Max: 6, Diff: 6, Sum: 32]
      [Scan RS (ms): Min: 10.1, Avg: 11.0, Max: 11.4, Diff: 1.3, Sum: 88.0]
      [Code Root Scanning (ms): Min: 0.0, Avg: 0.0, Max: 0.0, Diff: 0.0, Sum: 0.0]
      [Object Copy (ms): Min: 71.0, Avg: 71.3, Max: 71.3, Diff: 0.3, Sum: 570.2]
      [Termination (ms): Min: 0.0, Avg: 0.0, Max: 0.0, Diff: 0.0, Sum: 0.0]
         [Termination Attempts: Min: 1, Avg: 1.8, Max: 3, Diff: 2, Sum: 14]
      [GC Worker Other (ms): Min: 0.0, Avg: 0.0, Max: 0.1, Diff: 0.0, Sum: 0.2]
      [GC Worker Total (ms): Min: 85.6, Avg: 85.6, Max: 85.7, Diff: 0.1, Sum: 685.2]
      [GC Worker End (ms): Min: 1752.6, Avg: 1752.7, Max: 1752.7, Diff: 0.0]
   [Code Root Fixup: 0.0 ms]
   [Code Root Purge: 0.0 ms]
   [Clear CT: 0.3 ms]
   [Other: 0.9 ms]
      [Choose CSet: 0.0 ms]
      [Ref Proc: 0.3 ms]
      [Ref Enq: 0.0 ms]
      [Redirty Cards: 0.3 ms]
      [Humongous Register: 0.1 ms]
      [Humongous Reclaim: 0.0 ms]
      [Free CSet: 0.1 ms]
   [Eden: 89.0M(89.0M)->0.0B(89.0M) Survivors: 13.0M->13.0M Heap: 964.8M(2048.0M)->967.3M(2048.0M)]
 [Times: user=0.64 sys=0.05, real=0.09 secs] 
2020-09-29T12:20:41.616+0200: 1.772: [GC pause (G1 Humongous Allocation) (young) (initial-mark), 0.0227897 secs]
   [Parallel Time: 21.7 ms, GC Workers: 8]
      [GC Worker Start (ms): Min: 1771.9, Avg: 1772.0, Max: 1772.0, Diff: 0.1]
      [Ext Root Scanning (ms): Min: 0.1, Avg: 0.1, Max: 0.2, Diff: 0.1, Sum: 0.9]
      [Update RS (ms): Min: 1.9, Avg: 2.5, Max: 3.0, Diff: 1.0, Sum: 19.9]
         [Processed Buffers: Min: 2, Avg: 2.8, Max: 4, Diff: 2, Sum: 22]
      [Scan RS (ms): Min: 0.7, Avg: 1.2, Max: 1.7, Diff: 1.0, Sum: 9.8]
      [Code Root Scanning (ms): Min: 0.0, Avg: 0.0, Max: 0.0, Diff: 0.0, Sum: 0.0]
      [Object Copy (ms): Min: 17.5, Avg: 17.7, Max: 17.8, Diff: 0.2, Sum: 141.5]
      [Termination (ms): Min: 0.0, Avg: 0.0, Max: 0.0, Diff: 0.0, Sum: 0.0]
         [Termination Attempts: Min: 1, Avg: 2.1, Max: 5, Diff: 4, Sum: 17]
      [GC Worker Other (ms): Min: 0.0, Avg: 0.0, Max: 0.0, Diff: 0.0, Sum: 0.2]
      [GC Worker Total (ms): Min: 21.5, Avg: 21.5, Max: 21.6, Diff: 0.1, Sum: 172.3]
      [GC Worker End (ms): Min: 1793.5, Avg: 1793.5, Max: 1793.5, Diff: 0.0]
   [Code Root Fixup: 0.0 ms]
   [Code Root Purge: 0.0 ms]
   [Clear CT: 0.2 ms]
   [Other: 0.8 ms]
      [Choose CSet: 0.0 ms]
      [Ref Proc: 0.2 ms]
      [Ref Enq: 0.0 ms]
      [Redirty Cards: 0.2 ms]
      [Humongous Register: 0.1 ms]
      [Humongous Reclaim: 0.0 ms]
      [Free CSet: 0.0 ms]
   [Eden: 12.0M(89.0M)->0.0B(89.0M) Survivors: 13.0M->13.0M Heap: 978.8M(2048.0M)->983.3M(2048.0M)]
 [Times: user=0.11 sys=0.02, real=0.02 secs] 
2020-09-29T12:20:41.639+0200: 1.795: [GC concurrent-root-region-scan-start]
2020-09-29T12:20:41.644+0200: 1.800: [GC concurrent-root-region-scan-end, 0.0051207 secs]
2020-09-29T12:20:41.644+0200: 1.800: [GC concurrent-mark-start]
2020-09-29T12:20:41.649+0200: 1.805: [GC concurrent-mark-end, 0.0048427 secs]
2020-09-29T12:20:41.650+0200: 1.806: [GC remark 2020-09-29T12:20:41.650+0200: 1.806: [Finalize Marking, 0.0001684 secs] 2020-09-29T12:20:41.651+0200: 1.806: [GC ref-proc, 0.0004492 secs] 2020-09-29T12:20:41.651+0200: 1.806: [Unloading, 0.0006244 secs], 0.0017340 secs]
 [Times: user=0.00 sys=0.00, real=0.00 secs] 
2020-09-29T12:20:41.653+0200: 1.808: [GC cleanup 999M->36M(2048M), 0.0014955 secs]
 [Times: user=0.00 sys=0.00, real=0.00 secs] 
2020-09-29T12:20:41.654+0200: 1.810: [GC concurrent-cleanup-start]
2020-09-29T12:20:41.656+0200: 1.811: [GC concurrent-cleanup-end, 0.0015519 secs]
2020-09-29T12:20:41.710+0200: 1.865: [GC pause (G1 Evacuation Pause) (young), 0.0695656 secs]
   [Parallel Time: 68.5 ms, GC Workers: 8]
      [GC Worker Start (ms): Min: 1865.5, Avg: 1865.6, Max: 1865.6, Diff: 0.1]
      [Ext Root Scanning (ms): Min: 0.0, Avg: 0.1, Max: 0.1, Diff: 0.1, Sum: 0.8]
      [Update RS (ms): Min: 1.7, Avg: 2.1, Max: 2.3, Diff: 0.6, Sum: 17.2]
         [Processed Buffers: Min: 2, Avg: 2.5, Max: 6, Diff: 4, Sum: 20]
      [Scan RS (ms): Min: 9.7, Avg: 9.9, Max: 10.5, Diff: 0.8, Sum: 79.3]
      [Code Root Scanning (ms): Min: 0.0, Avg: 0.0, Max: 0.0, Diff: 0.0, Sum: 0.0]
      [Object Copy (ms): Min: 55.8, Avg: 56.1, Max: 56.2, Diff: 0.3, Sum: 448.5]
      [Termination (ms): Min: 0.0, Avg: 0.0, Max: 0.0, Diff: 0.0, Sum: 0.3]
         [Termination Attempts: Min: 1, Avg: 165.3, Max: 229, Diff: 228, Sum: 1322]
      [GC Worker Other (ms): Min: 0.0, Avg: 0.0, Max: 0.1, Diff: 0.0, Sum: 0.2]
      [GC Worker Total (ms): Min: 68.2, Avg: 68.3, Max: 68.3, Diff: 0.1, Sum: 546.2]
      [GC Worker End (ms): Min: 1933.8, Avg: 1933.8, Max: 1933.9, Diff: 0.0]
   [Code Root Fixup: 0.0 ms]
   [Code Root Purge: 0.0 ms]
   [Clear CT: 0.3 ms]
   [Other: 0.8 ms]
      [Choose CSet: 0.0 ms]
      [Ref Proc: 0.2 ms]
      [Ref Enq: 0.0 ms]
      [Redirty Cards: 0.2 ms]
      [Humongous Register: 0.0 ms]
      [Humongous Reclaim: 0.0 ms]
      [Free CSet: 0.1 ms]
   [Eden: 89.0M(89.0M)->0.0B(102.0M) Survivors: 13.0M->13.0M Heap: 125.3M(2048.0M)->114.8M(2048.0M)]
 [Times: user=0.50 sys=0.00, real=0.07 secs] 
2020-09-29T12:20:41.856+0200: 2.012: [GC pause (G1 Evacuation Pause) (young), 0.0901827 secs]
   [Parallel Time: 88.8 ms, GC Workers: 8]
      [GC Worker Start (ms): Min: 2011.8, Avg: 2011.9, Max: 2012.0, Diff: 0.2]
      [Ext Root Scanning (ms): Min: 0.0, Avg: 0.1, Max: 0.2, Diff: 0.1, Sum: 0.7]
      [Update RS (ms): Min: 2.2, Avg: 2.3, Max: 2.4, Diff: 0.2, Sum: 18.0]
         [Processed Buffers: Min: 2, Avg: 2.6, Max: 7, Diff: 5, Sum: 21]
      [Scan RS (ms): Min: 13.2, Avg: 13.4, Max: 13.6, Diff: 0.4, Sum: 107.0]
      [Code Root Scanning (ms): Min: 0.0, Avg: 0.0, Max: 0.0, Diff: 0.0, Sum: 0.0]
      [Object Copy (ms): Min: 72.6, Avg: 72.8, Max: 72.9, Diff: 0.3, Sum: 582.3]
      [Termination (ms): Min: 0.0, Avg: 0.0, Max: 0.0, Diff: 0.0, Sum: 0.0]
         [Termination Attempts: Min: 1, Avg: 20.6, Max: 30, Diff: 29, Sum: 165]
      [GC Worker Other (ms): Min: 0.0, Avg: 0.0, Max: 0.1, Diff: 0.0, Sum: 0.2]
      [GC Worker Total (ms): Min: 88.5, Avg: 88.5, Max: 88.6, Diff: 0.2, Sum: 708.2]
      [GC Worker End (ms): Min: 2100.4, Avg: 2100.4, Max: 2100.5, Diff: 0.0]
   [Code Root Fixup: 0.0 ms]
   [Code Root Purge: 0.0 ms]
   [Clear CT: 0.2 ms]
   [Other: 1.2 ms]
      [Choose CSet: 0.0 ms]
      [Ref Proc: 0.3 ms]
      [Ref Enq: 0.0 ms]
      [Redirty Cards: 0.2 ms]
      [Humongous Register: 0.0 ms]
      [Humongous Reclaim: 0.0 ms]
      [Free CSet: 0.1 ms]
   [Eden: 102.0M(102.0M)->0.0B(112.0M) Survivors: 13.0M->15.0M Heap: 233.9M(2048.0M)->235.4M(2048.0M)]
 [Times: user=0.74 sys=0.00, real=0.09 secs] 
2020-09-29T12:20:42.032+0200: 2.187: [GC pause (G1 Evacuation Pause) (young), 0.1197307 secs]
   [Parallel Time: 118.6 ms, GC Workers: 8]
      [GC Worker Start (ms): Min: 2187.6, Avg: 2187.7, Max: 2187.8, Diff: 0.2]
      [Ext Root Scanning (ms): Min: 0.0, Avg: 0.1, Max: 0.2, Diff: 0.2, Sum: 0.6]
      [Update RS (ms): Min: 1.6, Avg: 2.0, Max: 2.3, Diff: 0.6, Sum: 15.9]
         [Processed Buffers: Min: 2, Avg: 2.9, Max: 5, Diff: 3, Sum: 23]
      [Scan RS (ms): Min: 15.0, Avg: 15.3, Max: 15.7, Diff: 0.8, Sum: 122.6]
      [Code Root Scanning (ms): Min: 0.0, Avg: 0.0, Max: 0.0, Diff: 0.0, Sum: 0.0]
      [Object Copy (ms): Min: 100.5, Avg: 100.7, Max: 100.9, Diff: 0.4, Sum: 805.2]
      [Termination (ms): Min: 0.0, Avg: 0.3, Max: 0.4, Diff: 0.4, Sum: 2.1]
         [Termination Attempts: Min: 1, Avg: 1111.1, Max: 1550, Diff: 1549, Sum: 8889]
      [GC Worker Other (ms): Min: 0.0, Avg: 0.0, Max: 0.0, Diff: 0.0, Sum: 0.1]
      [GC Worker Total (ms): Min: 118.3, Avg: 118.3, Max: 118.4, Diff: 0.2, Sum: 946.6]
      [GC Worker End (ms): Min: 2306.0, Avg: 2306.1, Max: 2306.1, Diff: 0.0]
   [Code Root Fixup: 0.0 ms]
   [Code Root Purge: 0.0 ms]
   [Clear CT: 0.2 ms]
   [Other: 0.9 ms]
      [Choose CSet: 0.0 ms]
      [Ref Proc: 0.2 ms]
      [Ref Enq: 0.0 ms]
      [Redirty Cards: 0.2 ms]
      [Humongous Register: 0.0 ms]
      [Humongous Reclaim: 0.0 ms]
      [Free CSet: 0.1 ms]
   [Eden: 112.0M(112.0M)->0.0B(118.0M) Survivors: 15.0M->16.0M Heap: 366.5M(2048.0M)->369.0M(2048.0M)]
 [Times: user=0.88 sys=0.00, real=0.12 secs] 
2020-09-29T12:20:42.239+0200: 2.394: [GC pause (G1 Evacuation Pause) (young), 0.1099871 secs]
   [Parallel Time: 108.5 ms, GC Workers: 8]
      [GC Worker Start (ms): Min: 2394.1, Avg: 2394.3, Max: 2394.4, Diff: 0.2]
      [Ext Root Scanning (ms): Min: 0.0, Avg: 0.1, Max: 0.2, Diff: 0.2, Sum: 0.6]
      [Update RS (ms): Min: 2.5, Avg: 2.9, Max: 3.4, Diff: 1.0, Sum: 23.0]
         [Processed Buffers: Min: 3, Avg: 3.0, Max: 3, Diff: 0, Sum: 24]
      [Scan RS (ms): Min: 16.4, Avg: 16.8, Max: 17.3, Diff: 0.9, Sum: 134.7]
      [Code Root Scanning (ms): Min: 0.0, Avg: 0.0, Max: 0.0, Diff: 0.0, Sum: 0.0]
      [Object Copy (ms): Min: 88.1, Avg: 88.3, Max: 88.4, Diff: 0.3, Sum: 706.7]
      [Termination (ms): Min: 0.0, Avg: 0.0, Max: 0.0, Diff: 0.0, Sum: 0.3]
         [Termination Attempts: Min: 1, Avg: 163.3, Max: 201, Diff: 200, Sum: 1306]
      [GC Worker Other (ms): Min: 0.0, Avg: 0.0, Max: 0.0, Diff: 0.0, Sum: 0.2]
      [GC Worker Total (ms): Min: 108.1, Avg: 108.2, Max: 108.3, Diff: 0.2, Sum: 865.4]
      [GC Worker End (ms): Min: 2502.4, Avg: 2502.4, Max: 2502.5, Diff: 0.0]
   [Code Root Fixup: 0.0 ms]
   [Code Root Purge: 0.0 ms]
   [Clear CT: 0.4 ms]
   [Other: 1.1 ms]
      [Choose CSet: 0.0 ms]
      [Ref Proc: 0.3 ms]
      [Ref Enq: 0.0 ms]
      [Redirty Cards: 0.4 ms]
      [Humongous Register: 0.0 ms]
      [Humongous Reclaim: 0.0 ms]
      [Free CSet: 0.1 ms]
   [Eden: 118.0M(118.0M)->0.0B(128.0M) Survivors: 16.0M->17.0M Heap: 506.1M(2048.0M)->507.6M(2048.0M)]
 [Times: user=0.80 sys=0.02, real=0.11 secs] 
2020-09-29T12:20:42.449+0200: 2.604: [GC pause (G1 Evacuation Pause) (young), 0.1179403 secs]
   [Parallel Time: 116.9 ms, GC Workers: 8]
      [GC Worker Start (ms): Min: 2604.1, Avg: 2604.2, Max: 2604.3, Diff: 0.2]
      [Ext Root Scanning (ms): Min: 0.0, Avg: 0.1, Max: 0.2, Diff: 0.2, Sum: 0.5]
      [Update RS (ms): Min: 3.4, Avg: 3.4, Max: 3.6, Diff: 0.3, Sum: 27.6]
         [Processed Buffers: Min: 3, Avg: 3.3, Max: 4, Diff: 1, Sum: 26]
      [Scan RS (ms): Min: 17.6, Avg: 17.8, Max: 17.9, Diff: 0.3, Sum: 142.0]
      [Code Root Scanning (ms): Min: 0.0, Avg: 0.0, Max: 0.0, Diff: 0.0, Sum: 0.0]
      [Object Copy (ms): Min: 95.1, Avg: 95.2, Max: 95.4, Diff: 0.3, Sum: 762.0]
      [Termination (ms): Min: 0.0, Avg: 0.0, Max: 0.1, Diff: 0.1, Sum: 0.4]
         [Termination Attempts: Min: 1, Avg: 219.0, Max: 274, Diff: 273, Sum: 1752]
      [GC Worker Other (ms): Min: 0.0, Avg: 0.0, Max: 0.1, Diff: 0.1, Sum: 0.3]
      [GC Worker Total (ms): Min: 116.5, Avg: 116.6, Max: 116.7, Diff: 0.2, Sum: 932.8]
      [GC Worker End (ms): Min: 2720.8, Avg: 2720.8, Max: 2720.9, Diff: 0.1]
   [Code Root Fixup: 0.0 ms]
   [Code Root Purge: 0.0 ms]
   [Clear CT: 0.2 ms]
   [Other: 0.8 ms]
      [Choose CSet: 0.0 ms]
      [Ref Proc: 0.2 ms]
      [Ref Enq: 0.0 ms]
      [Redirty Cards: 0.2 ms]
      [Humongous Register: 0.0 ms]
      [Humongous Reclaim: 0.0 ms]
      [Free CSet: 0.2 ms]
   [Eden: 128.0M(128.0M)->0.0B(136.0M) Survivors: 17.0M->19.0M Heap: 656.6M(2048.0M)->658.6M(2048.0M)]
 [Times: user=0.89 sys=0.03, real=0.12 secs] 
2020-09-29T12:20:42.680+0200: 2.836: [GC pause (G1 Evacuation Pause) (young), 0.1320891 secs]
   [Parallel Time: 130.9 ms, GC Workers: 8]
      [GC Worker Start (ms): Min: 2835.7, Avg: 2835.8, Max: 2835.9, Diff: 0.2]
      [Ext Root Scanning (ms): Min: 0.0, Avg: 0.1, Max: 0.2, Diff: 0.2, Sum: 0.7]
      [Update RS (ms): Min: 3.5, Avg: 4.7, Max: 9.0, Diff: 5.5, Sum: 37.3]
         [Processed Buffers: Min: 0, Avg: 3.5, Max: 4, Diff: 4, Sum: 28]
      [Scan RS (ms): Min: 14.8, Avg: 19.2, Max: 20.3, Diff: 5.5, Sum: 153.6]
      [Code Root Scanning (ms): Min: 0.0, Avg: 0.0, Max: 0.0, Diff: 0.0, Sum: 0.0]
      [Object Copy (ms): Min: 106.6, Avg: 106.7, Max: 106.8, Diff: 0.2, Sum: 853.5]
      [Termination (ms): Min: 0.0, Avg: 0.0, Max: 0.0, Diff: 0.0, Sum: 0.3]
         [Termination Attempts: Min: 1, Avg: 187.6, Max: 234, Diff: 233, Sum: 1501]
      [GC Worker Other (ms): Min: 0.0, Avg: 0.0, Max: 0.1, Diff: 0.0, Sum: 0.2]
      [GC Worker Total (ms): Min: 130.6, Avg: 130.7, Max: 130.8, Diff: 0.2, Sum: 1045.7]
      [GC Worker End (ms): Min: 2966.5, Avg: 2966.5, Max: 2966.5, Diff: 0.0]
   [Code Root Fixup: 0.0 ms]
   [Code Root Purge: 0.0 ms]
   [Clear CT: 0.3 ms]
   [Other: 0.9 ms]
      [Choose CSet: 0.0 ms]
      [Ref Proc: 0.2 ms]
      [Ref Enq: 0.0 ms]
      [Redirty Cards: 0.3 ms]
      [Humongous Register: 0.0 ms]
      [Humongous Reclaim: 0.0 ms]
      [Free CSet: 0.2 ms]
   [Eden: 136.0M(136.0M)->0.0B(142.0M) Survivors: 19.0M->20.0M Heap: 817.4M(2048.0M)->818.9M(2048.0M)]
 [Times: user=0.95 sys=0.00, real=0.13 secs] 
2020-09-29T12:20:42.924+0200: 3.079: [GC pause (G1 Evacuation Pause) (young), 0.1249600 secs]
   [Parallel Time: 123.9 ms, GC Workers: 8]
      [GC Worker Start (ms): Min: 3079.5, Avg: 3079.7, Max: 3079.7, Diff: 0.2]
      [Ext Root Scanning (ms): Min: 0.0, Avg: 0.1, Max: 0.2, Diff: 0.2, Sum: 0.6]
      [Update RS (ms): Min: 3.8, Avg: 4.0, Max: 4.8, Diff: 0.9, Sum: 31.9]
         [Processed Buffers: Min: 3, Avg: 4.9, Max: 7, Diff: 4, Sum: 39]
      [Scan RS (ms): Min: 18.3, Avg: 19.2, Max: 19.5, Diff: 1.2, Sum: 153.4]
      [Code Root Scanning (ms): Min: 0.0, Avg: 0.0, Max: 0.0, Diff: 0.0, Sum: 0.0]
      [Object Copy (ms): Min: 100.1, Avg: 100.3, Max: 100.4, Diff: 0.3, Sum: 802.5]
      [Termination (ms): Min: 0.0, Avg: 0.0, Max: 0.1, Diff: 0.1, Sum: 0.4]
         [Termination Attempts: Min: 1, Avg: 200.9, Max: 255, Diff: 254, Sum: 1607]
      [GC Worker Other (ms): Min: 0.0, Avg: 0.0, Max: 0.1, Diff: 0.1, Sum: 0.3]
      [GC Worker Total (ms): Min: 123.5, Avg: 123.6, Max: 123.8, Diff: 0.2, Sum: 989.1]
      [GC Worker End (ms): Min: 3203.3, Avg: 3203.3, Max: 3203.3, Diff: 0.1]
   [Code Root Fixup: 0.0 ms]
   [Code Root Purge: 0.0 ms]
   [Clear CT: 0.2 ms]
   [Other: 0.8 ms]
      [Choose CSet: 0.0 ms]
      [Ref Proc: 0.2 ms]
      [Ref Enq: 0.0 ms]
      [Redirty Cards: 0.3 ms]
      [Humongous Register: 0.0 ms]
      [Humongous Reclaim: 0.0 ms]
      [Free CSet: 0.2 ms]
   [Eden: 142.0M(142.0M)->0.0B(156.0M) Survivors: 20.0M->21.0M Heap: 985.7M(2048.0M)->987.7M(2048.0M)]
 [Times: user=0.94 sys=0.06, real=0.13 secs] 
2020-09-29T12:20:43.069+0200: 3.224: [GC pause (G1 Humongous Allocation) (young) (initial-mark), 0.0374751 secs]
   [Parallel Time: 36.4 ms, GC Workers: 8]
      [GC Worker Start (ms): Min: 3224.5, Avg: 3224.5, Max: 3224.7, Diff: 0.2]
      [Ext Root Scanning (ms): Min: 0.0, Avg: 4.1, Max: 31.4, Diff: 31.4, Sum: 32.5]
      [Update RS (ms): Min: 0.0, Avg: 5.4, Max: 6.3, Diff: 6.3, Sum: 43.0]
         [Processed Buffers: Min: 0, Avg: 5.8, Max: 8, Diff: 8, Sum: 46]
      [Scan RS (ms): Min: 0.0, Avg: 1.8, Max: 2.2, Diff: 2.2, Sum: 14.5]
      [Code Root Scanning (ms): Min: 0.0, Avg: 0.0, Max: 0.0, Diff: 0.0, Sum: 0.0]
      [Object Copy (ms): Min: 4.7, Avg: 24.8, Max: 27.8, Diff: 23.1, Sum: 198.7]
      [Termination (ms): Min: 0.0, Avg: 0.1, Max: 0.2, Diff: 0.2, Sum: 0.9]
         [Termination Attempts: Min: 1, Avg: 295.1, Max: 536, Diff: 535, Sum: 2361]
      [GC Worker Other (ms): Min: 0.0, Avg: 0.0, Max: 0.0, Diff: 0.0, Sum: 0.1]
      [GC Worker Total (ms): Min: 36.1, Avg: 36.2, Max: 36.3, Diff: 0.2, Sum: 289.7]
      [GC Worker End (ms): Min: 3260.7, Avg: 3260.8, Max: 3260.8, Diff: 0.1]
   [Code Root Fixup: 0.0 ms]
   [Code Root Purge: 0.0 ms]
   [Clear CT: 0.3 ms]
   [Other: 0.8 ms]
      [Choose CSet: 0.0 ms]
      [Ref Proc: 0.2 ms]
      [Ref Enq: 0.0 ms]
      [Redirty Cards: 0.2 ms]
      [Humongous Register: 0.0 ms]
      [Humongous Reclaim: 0.0 ms]
      [Free CSet: 0.1 ms]
   [Eden: 9216.0K(156.0M)->0.0B(178.0M) Survivors: 21.0M->11.0M Heap: 996.2M(2048.0M)->1000.7M(2048.0M)]
 [Times: user=0.17 sys=0.03, real=0.04 secs] 
2020-09-29T12:20:43.107+0200: 3.262: [GC concurrent-root-region-scan-start]
2020-09-29T12:20:43.111+0200: 3.267: [GC concurrent-root-region-scan-end, 0.0044884 secs]
2020-09-29T12:20:43.111+0200: 3.267: [GC concurrent-mark-start]
2020-09-29T12:20:43.115+0200: 3.271: [GC concurrent-mark-end, 0.0040089 secs]
2020-09-29T12:20:43.115+0200: 3.271: [GC remark 2020-09-29T12:20:43.115+0200: 3.271: [Finalize Marking, 0.0002539 secs] 2020-09-29T12:20:43.116+0200: 3.271: [GC ref-proc, 0.0003664 secs] 2020-09-29T12:20:43.116+0200: 3.271: [Unloading, 0.0005350 secs], 0.0016010 secs]
 [Times: user=0.00 sys=0.00, real=0.00 secs] 
2020-09-29T12:20:43.117+0200: 3.273: [GC cleanup 1012M->30M(2048M), 0.0016671 secs]
 [Times: user=0.00 sys=0.00, real=0.00 secs] 
2020-09-29T12:20:43.119+0200: 3.275: [GC concurrent-cleanup-start]
2020-09-29T12:20:43.121+0200: 3.276: [GC concurrent-cleanup-end, 0.0017078 secs]
2020-09-29T12:20:43.245+0200: 3.400: [GC pause (G1 Evacuation Pause) (young), 0.2095507 secs]
   [Parallel Time: 208.2 ms, GC Workers: 8]
      [GC Worker Start (ms): Min: 3400.2, Avg: 3401.0, Max: 3403.2, Diff: 3.0]
      [Ext Root Scanning (ms): Min: 0.0, Avg: 0.1, Max: 0.2, Diff: 0.2, Sum: 0.8]
      [Update RS (ms): Min: 3.2, Avg: 5.2, Max: 5.8, Diff: 2.7, Sum: 41.7]
         [Processed Buffers: Min: 1, Avg: 4.5, Max: 8, Diff: 7, Sum: 36]
      [Scan RS (ms): Min: 21.5, Avg: 23.9, Max: 24.6, Diff: 3.1, Sum: 191.1]
      [Code Root Scanning (ms): Min: 0.0, Avg: 0.0, Max: 0.0, Diff: 0.0, Sum: 0.0]
      [Object Copy (ms): Min: 177.5, Avg: 177.7, Max: 178.1, Diff: 0.6, Sum: 1421.3]
      [Termination (ms): Min: 0.0, Avg: 0.4, Max: 0.5, Diff: 0.5, Sum: 3.1]
         [Termination Attempts: Min: 1, Avg: 1743.4, Max: 2203, Diff: 2202, Sum: 13947]
      [GC Worker Other (ms): Min: 0.0, Avg: 0.0, Max: 0.1, Diff: 0.1, Sum: 0.2]
      [GC Worker Total (ms): Min: 205.1, Avg: 207.3, Max: 208.0, Diff: 3.0, Sum: 1658.2]
      [GC Worker End (ms): Min: 3608.3, Avg: 3608.3, Max: 3608.3, Diff: 0.1]
   [Code Root Fixup: 0.0 ms]
   [Code Root Purge: 0.0 ms]
   [Clear CT: 0.2 ms]
   [Other: 1.1 ms]
      [Choose CSet: 0.0 ms]
      [Ref Proc: 0.2 ms]
      [Ref Enq: 0.0 ms]
      [Redirty Cards: 0.3 ms]
      [Humongous Register: 0.1 ms]
      [Humongous Reclaim: 0.0 ms]
      [Free CSet: 0.2 ms]
   [Eden: 178.0M(178.0M)->0.0B(147.0M) Survivors: 11.0M->24.0M Heap: 227.5M(2048.0M)->219.0M(2048.0M)]
 [Times: user=1.33 sys=0.05, real=0.21 secs] 
2020-09-29T12:20:43.571+0200: 3.727: [GC pause (G1 Evacuation Pause) (young), 0.1469677 secs]
   [Parallel Time: 145.4 ms, GC Workers: 8]
      [GC Worker Start (ms): Min: 3727.0, Avg: 3727.1, Max: 3727.2, Diff: 0.2]
      [Ext Root Scanning (ms): Min: 0.0, Avg: 0.1, Max: 0.2, Diff: 0.2, Sum: 0.8]
      [Update RS (ms): Min: 5.2, Avg: 5.7, Max: 6.2, Diff: 1.0, Sum: 45.2]
         [Processed Buffers: Min: 5, Avg: 6.1, Max: 8, Diff: 3, Sum: 49]
      [Scan RS (ms): Min: 19.4, Avg: 19.7, Max: 20.3, Diff: 0.9, Sum: 157.5]
      [Code Root Scanning (ms): Min: 0.0, Avg: 0.0, Max: 0.0, Diff: 0.0, Sum: 0.0]
      [Object Copy (ms): Min: 119.5, Avg: 119.7, Max: 119.8, Diff: 0.3, Sum: 957.6]
      [Termination (ms): Min: 0.0, Avg: 0.0, Max: 0.0, Diff: 0.0, Sum: 0.1]
         [Termination Attempts: Min: 1, Avg: 40.6, Max: 57, Diff: 56, Sum: 325]
      [GC Worker Other (ms): Min: 0.0, Avg: 0.0, Max: 0.1, Diff: 0.0, Sum: 0.2]
      [GC Worker Total (ms): Min: 145.1, Avg: 145.2, Max: 145.3, Diff: 0.2, Sum: 1161.4]
      [GC Worker End (ms): Min: 3872.3, Avg: 3872.3, Max: 3872.3, Diff: 0.0]
   [Code Root Fixup: 0.0 ms]
   [Code Root Purge: 0.0 ms]
   [Clear CT: 0.2 ms]
   [Other: 1.3 ms]
      [Choose CSet: 0.0 ms]
      [Ref Proc: 0.3 ms]
      [Ref Enq: 0.0 ms]
      [Redirty Cards: 0.3 ms]
      [Humongous Register: 0.1 ms]
      [Humongous Reclaim: 0.0 ms]
      [Free CSet: 0.3 ms]
   [Eden: 147.0M(147.0M)->0.0B(155.0M) Survivors: 24.0M->22.0M Heap: 390.8M(2048.0M)->392.8M(2048.0M)]
 [Times: user=1.00 sys=0.03, real=0.15 secs] 
2020-09-29T12:20:43.853+0200: 4.008: [GC pause (G1 Evacuation Pause) (young), 0.1575833 secs]
   [Parallel Time: 156.3 ms, GC Workers: 8]
      [GC Worker Start (ms): Min: 4008.4, Avg: 4008.5, Max: 4008.6, Diff: 0.2]
      [Ext Root Scanning (ms): Min: 0.0, Avg: 0.1, Max: 0.2, Diff: 0.2, Sum: 0.9]
      [Update RS (ms): Min: 6.6, Avg: 7.4, Max: 8.7, Diff: 2.1, Sum: 59.4]
         [Processed Buffers: Min: 5, Avg: 5.8, Max: 6, Diff: 1, Sum: 46]
      [Scan RS (ms): Min: 20.1, Avg: 21.2, Max: 22.0, Diff: 1.9, Sum: 169.5]
      [Code Root Scanning (ms): Min: 0.0, Avg: 0.0, Max: 0.0, Diff: 0.0, Sum: 0.0]
      [Object Copy (ms): Min: 127.0, Avg: 127.2, Max: 127.3, Diff: 0.3, Sum: 1017.5]
      [Termination (ms): Min: 0.0, Avg: 0.1, Max: 0.2, Diff: 0.1, Sum: 0.9]
         [Termination Attempts: Min: 1, Avg: 276.3, Max: 354, Diff: 353, Sum: 2210]
      [GC Worker Other (ms): Min: 0.0, Avg: 0.1, Max: 0.2, Diff: 0.2, Sum: 0.6]
      [GC Worker Total (ms): Min: 155.9, Avg: 156.1, Max: 156.3, Diff: 0.3, Sum: 1248.8]
      [GC Worker End (ms): Min: 4164.5, Avg: 4164.6, Max: 4164.7, Diff: 0.1]
   [Code Root Fixup: 0.0 ms]
   [Code Root Purge: 0.0 ms]
   [Clear CT: 0.2 ms]
   [Other: 1.0 ms]
      [Choose CSet: 0.0 ms]
      [Ref Proc: 0.2 ms]
      [Ref Enq: 0.0 ms]
      [Redirty Cards: 0.3 ms]
      [Humongous Register: 0.1 ms]
      [Humongous Reclaim: 0.0 ms]
      [Free CSet: 0.2 ms]
   [Eden: 155.0M(155.0M)->0.0B(160.0M) Survivors: 22.0M->23.0M Heap: 572.6M(2048.0M)->574.6M(2048.0M)]
 [Times: user=1.05 sys=0.11, real=0.16 secs] 
2020-09-29T12:20:44.144+0200: 4.299: [GC pause (G1 Evacuation Pause) (young), 0.1913088 secs]
   [Parallel Time: 189.9 ms, GC Workers: 8]
      [GC Worker Start (ms): Min: 4299.2, Avg: 4299.3, Max: 4299.3, Diff: 0.2]
      [Ext Root Scanning (ms): Min: 0.0, Avg: 0.1, Max: 0.2, Diff: 0.2, Sum: 0.7]
      [Update RS (ms): Min: 7.3, Avg: 7.8, Max: 8.6, Diff: 1.3, Sum: 62.3]
         [Processed Buffers: Min: 5, Avg: 5.9, Max: 7, Diff: 2, Sum: 47]
      [Scan RS (ms): Min: 25.9, Avg: 26.9, Max: 27.6, Diff: 1.6, Sum: 214.8]
      [Code Root Scanning (ms): Min: 0.0, Avg: 0.0, Max: 0.0, Diff: 0.0, Sum: 0.0]
      [Object Copy (ms): Min: 154.4, Avg: 154.7, Max: 154.9, Diff: 0.5, Sum: 1238.0]
      [Termination (ms): Min: 0.0, Avg: 0.2, Max: 0.3, Diff: 0.3, Sum: 1.4]
         [Termination Attempts: Min: 1, Avg: 825.0, Max: 1086, Diff: 1085, Sum: 6600]
      [GC Worker Other (ms): Min: 0.0, Avg: 0.0, Max: 0.1, Diff: 0.1, Sum: 0.4]
      [GC Worker Total (ms): Min: 189.6, Avg: 189.7, Max: 189.8, Diff: 0.1, Sum: 1517.5]
      [GC Worker End (ms): Min: 4488.9, Avg: 4488.9, Max: 4489.0, Diff: 0.1]
   [Code Root Fixup: 0.0 ms]
   [Code Root Purge: 0.0 ms]
   [Clear CT: 0.2 ms]
   [Other: 1.2 ms]
      [Choose CSet: 0.0 ms]
      [Ref Proc: 0.2 ms]
      [Ref Enq: 0.0 ms]
      [Redirty Cards: 0.4 ms]
      [Humongous Register: 0.0 ms]
      [Humongous Reclaim: 0.0 ms]
      [Free CSet: 0.2 ms]
   [Eden: 160.0M(160.0M)->0.0B(155.0M) Survivors: 23.0M->23.0M Heap: 761.3M(2048.0M)->763.3M(2048.0M)]
 [Times: user=1.41 sys=0.06, real=0.19 secs] 
2020-09-29T12:20:44.467+0200: 4.622: [GC pause (G1 Evacuation Pause) (young), 0.1700958 secs]
   [Parallel Time: 168.5 ms, GC Workers: 8]
      [GC Worker Start (ms): Min: 4622.3, Avg: 4622.4, Max: 4622.5, Diff: 0.2]
      [Ext Root Scanning (ms): Min: 0.0, Avg: 0.1, Max: 0.1, Diff: 0.1, Sum: 0.7]
      [Update RS (ms): Min: 9.3, Avg: 10.6, Max: 17.9, Diff: 8.6, Sum: 84.8]
         [Processed Buffers: Min: 0, Avg: 7.0, Max: 10, Diff: 10, Sum: 56]
      [Scan RS (ms): Min: 13.4, Avg: 21.4, Max: 23.9, Diff: 10.5, Sum: 171.4]
      [Code Root Scanning (ms): Min: 0.0, Avg: 0.0, Max: 0.0, Diff: 0.0, Sum: 0.0]
      [Object Copy (ms): Min: 134.4, Avg: 136.1, Max: 136.9, Diff: 2.6, Sum: 1089.0]
      [Termination (ms): Min: 0.0, Avg: 0.1, Max: 0.1, Diff: 0.1, Sum: 0.5]
         [Termination Attempts: Min: 1, Avg: 319.5, Max: 406, Diff: 405, Sum: 2556]
      [GC Worker Other (ms): Min: 0.0, Avg: 0.0, Max: 0.1, Diff: 0.1, Sum: 0.3]
      [GC Worker Total (ms): Min: 168.2, Avg: 168.3, Max: 168.4, Diff: 0.2, Sum: 1346.7]
      [GC Worker End (ms): Min: 4790.7, Avg: 4790.7, Max: 4790.8, Diff: 0.1]
   [Code Root Fixup: 0.0 ms]
   [Code Root Purge: 0.0 ms]
   [Clear CT: 0.5 ms]
   [Other: 1.1 ms]
      [Choose CSet: 0.0 ms]
      [Ref Proc: 0.3 ms]
      [Ref Enq: 0.0 ms]
      [Redirty Cards: 0.3 ms]
      [Humongous Register: 0.0 ms]
      [Humongous Reclaim: 0.0 ms]
      [Free CSet: 0.2 ms]
   [Eden: 155.0M(155.0M)->0.0B(159.0M) Survivors: 23.0M->23.0M Heap: 945.0M(2048.0M)->947.0M(2048.0M)]
 [Times: user=1.14 sys=0.05, real=0.17 secs] 
2020-09-29T12:20:44.655+0200: 4.810: [GC pause (G1 Humongous Allocation) (young) (initial-mark), 0.0443808 secs]
   [Parallel Time: 43.0 ms, GC Workers: 8]
      [GC Worker Start (ms): Min: 4810.6, Avg: 4810.7, Max: 4810.9, Diff: 0.2]
      [Ext Root Scanning (ms): Min: 0.0, Avg: 1.0, Max: 6.2, Diff: 6.2, Sum: 7.7]
      [Update RS (ms): Min: 8.4, Avg: 16.2, Max: 34.9, Diff: 26.5, Sum: 129.9]
         [Processed Buffers: Min: 7, Avg: 11.4, Max: 14, Diff: 7, Sum: 91]
      [Scan RS (ms): Min: 0.0, Avg: 2.2, Max: 3.2, Diff: 3.2, Sum: 17.9]
      [Code Root Scanning (ms): Min: 0.0, Avg: 0.0, Max: 0.0, Diff: 0.0, Sum: 0.0]
      [Object Copy (ms): Min: 7.6, Avg: 23.2, Max: 25.5, Diff: 17.9, Sum: 185.8]
      [Termination (ms): Min: 0.0, Avg: 0.1, Max: 0.2, Diff: 0.2, Sum: 1.2]
         [Termination Attempts: Min: 1, Avg: 38.4, Max: 58, Diff: 57, Sum: 307]
      [GC Worker Other (ms): Min: 0.0, Avg: 0.0, Max: 0.0, Diff: 0.0, Sum: 0.1]
      [GC Worker Total (ms): Min: 42.7, Avg: 42.8, Max: 42.9, Diff: 0.2, Sum: 342.5]
      [GC Worker End (ms): Min: 4853.5, Avg: 4853.5, Max: 4853.6, Diff: 0.1]
   [Code Root Fixup: 0.0 ms]
   [Code Root Purge: 0.0 ms]
   [Clear CT: 0.4 ms]
   [Other: 0.9 ms]
      [Choose CSet: 0.0 ms]
      [Ref Proc: 0.3 ms]
      [Ref Enq: 0.0 ms]
      [Redirty Cards: 0.3 ms]
      [Humongous Register: 0.0 ms]
      [Humongous Reclaim: 0.0 ms]
      [Free CSet: 0.1 ms]
   [Eden: 7168.0K(159.0M)->0.0B(185.0M) Survivors: 23.0M->8192.0K Heap: 953.5M(2048.0M)->956.5M(2048.0M)]
 [Times: user=0.33 sys=0.00, real=0.05 secs] 
2020-09-29T12:20:44.700+0200: 4.855: [GC concurrent-root-region-scan-start]
2020-09-29T12:20:44.702+0200: 4.858: [GC concurrent-root-region-scan-end, 0.0025293 secs]
2020-09-29T12:20:44.702+0200: 4.858: [GC concurrent-mark-start]
2020-09-29T12:20:44.707+0200: 4.862: [GC concurrent-mark-end, 0.0043865 secs]
2020-09-29T12:20:44.707+0200: 4.862: [GC remark 2020-09-29T12:20:44.707+0200: 4.862: [Finalize Marking, 0.0003109 secs] 2020-09-29T12:20:44.707+0200: 4.863: [GC ref-proc, 0.0004963 secs] 2020-09-29T12:20:44.708+0200: 4.863: [Unloading, 0.0006173 secs], 0.0020745 secs]
 [Times: user=0.00 sys=0.00, real=0.00 secs] 
2020-09-29T12:20:44.709+0200: 4.865: [GC cleanup 968M->27M(2048M), 0.0017122 secs]
 [Times: user=0.00 sys=0.00, real=0.00 secs] 
2020-09-29T12:20:44.711+0200: 4.867: [GC concurrent-cleanup-start]
2020-09-29T12:20:44.713+0200: 4.869: [GC concurrent-cleanup-end, 0.0018942 secs]
2020-09-29T12:20:44.853+0200: 5.009: [GC pause (G1 Evacuation Pause) (young), 0.2274867 secs]
   [Parallel Time: 226.1 ms, GC Workers: 8]
      [GC Worker Start (ms): Min: 5008.7, Avg: 5008.8, Max: 5009.0, Diff: 0.3]
      [Ext Root Scanning (ms): Min: 0.0, Avg: 0.1, Max: 0.2, Diff: 0.2, Sum: 0.6]
      [Update RS (ms): Min: 11.7, Avg: 12.2, Max: 13.0, Diff: 1.4, Sum: 97.4]
         [Processed Buffers: Min: 8, Avg: 10.5, Max: 14, Diff: 6, Sum: 84]
      [Scan RS (ms): Min: 18.0, Avg: 19.0, Max: 19.6, Diff: 1.6, Sum: 151.9]
      [Code Root Scanning (ms): Min: 0.0, Avg: 0.0, Max: 0.0, Diff: 0.0, Sum: 0.0]
      [Object Copy (ms): Min: 193.9, Avg: 194.5, Max: 194.7, Diff: 0.8, Sum: 1555.7]
      [Termination (ms): Min: 0.0, Avg: 0.0, Max: 0.0, Diff: 0.0, Sum: 0.2]
         [Termination Attempts: Min: 1, Avg: 101.6, Max: 144, Diff: 143, Sum: 813]
      [GC Worker Other (ms): Min: 0.1, Avg: 0.1, Max: 0.1, Diff: 0.1, Sum: 0.7]
      [GC Worker Total (ms): Min: 225.6, Avg: 225.8, Max: 226.0, Diff: 0.4, Sum: 1806.5]
      [GC Worker End (ms): Min: 5234.6, Avg: 5234.6, Max: 5234.7, Diff: 0.1]
   [Code Root Fixup: 0.0 ms]
   [Code Root Purge: 0.0 ms]
   [Clear CT: 0.2 ms]
   [Other: 1.1 ms]
      [Choose CSet: 0.0 ms]
      [Ref Proc: 0.2 ms]
      [Ref Enq: 0.0 ms]
      [Redirty Cards: 0.3 ms]
      [Humongous Register: 0.1 ms]
      [Humongous Reclaim: 0.0 ms]
      [Free CSet: 0.2 ms]
   [Eden: 185.0M(185.0M)->0.0B(143.0M) Survivors: 8192.0K->25.0M Heap: 233.4M(2048.0M)->227.4M(2048.0M)]
 [Times: user=1.25 sys=0.06, real=0.23 secs] 
2020-09-29T12:20:45.218+0200: 5.373: [GC pause (G1 Evacuation Pause) (young), 0.1821276 secs]
   [Parallel Time: 180.8 ms, GC Workers: 8]
      [GC Worker Start (ms): Min: 5373.6, Avg: 5374.9, Max: 5378.5, Diff: 4.9]
      [Ext Root Scanning (ms): Min: 0.0, Avg: 0.1, Max: 0.4, Diff: 0.4, Sum: 1.1]
      [Update RS (ms): Min: 9.0, Avg: 13.4, Max: 16.0, Diff: 7.0, Sum: 107.0]
         [Processed Buffers: Min: 4, Avg: 8.1, Max: 11, Diff: 7, Sum: 65]
      [Scan RS (ms): Min: 13.8, Avg: 19.7, Max: 20.9, Diff: 7.1, Sum: 157.2]
      [Code Root Scanning (ms): Min: 0.0, Avg: 0.0, Max: 0.0, Diff: 0.0, Sum: 0.0]
      [Object Copy (ms): Min: 145.8, Avg: 145.9, Max: 146.1, Diff: 0.4, Sum: 1167.0]
      [Termination (ms): Min: 0.1, Avg: 0.2, Max: 0.4, Diff: 0.3, Sum: 1.7]
         [Termination Attempts: Min: 1, Avg: 709.5, Max: 1197, Diff: 1196, Sum: 5676]
      [GC Worker Other (ms): Min: 0.0, Avg: 0.0, Max: 0.0, Diff: 0.0, Sum: 0.1]
      [GC Worker Total (ms): Min: 175.7, Avg: 179.3, Max: 180.6, Diff: 4.9, Sum: 1434.2]
      [GC Worker End (ms): Min: 5554.2, Avg: 5554.2, Max: 5554.2, Diff: 0.0]
   [Code Root Fixup: 0.0 ms]
   [Code Root Purge: 0.0 ms]
   [Clear CT: 0.3 ms]
   [Other: 1.1 ms]
      [Choose CSet: 0.0 ms]
      [Ref Proc: 0.3 ms]
      [Ref Enq: 0.0 ms]
      [Redirty Cards: 0.3 ms]
      [Humongous Register: 0.1 ms]
      [Humongous Reclaim: 0.0 ms]
      [Free CSet: 0.2 ms]
   [Eden: 143.0M(143.0M)->0.0B(141.0M) Survivors: 25.0M->21.0M Heap: 393.3M(2048.0M)->395.3M(2048.0M)]
 [Times: user=1.25 sys=0.06, real=0.18 secs] 
2020-09-29T12:20:45.553+0200: 5.709: [GC pause (G1 Evacuation Pause) (young), 0.1588008 secs]
   [Parallel Time: 157.3 ms, GC Workers: 8]
      [GC Worker Start (ms): Min: 5708.9, Avg: 5709.0, Max: 5709.1, Diff: 0.2]
      [Ext Root Scanning (ms): Min: 0.0, Avg: 0.1, Max: 0.2, Diff: 0.2, Sum: 0.9]
      [Update RS (ms): Min: 15.1, Avg: 16.3, Max: 20.3, Diff: 5.2, Sum: 130.0]
         [Processed Buffers: Min: 7, Avg: 9.8, Max: 11, Diff: 4, Sum: 78]
      [Scan RS (ms): Min: 13.1, Avg: 17.2, Max: 18.3, Diff: 5.3, Sum: 137.4]
      [Code Root Scanning (ms): Min: 0.0, Avg: 0.0, Max: 0.0, Diff: 0.0, Sum: 0.0]
      [Object Copy (ms): Min: 123.1, Avg: 123.4, Max: 123.5, Diff: 0.4, Sum: 987.0]
      [Termination (ms): Min: 0.0, Avg: 0.0, Max: 0.0, Diff: 0.0, Sum: 0.3]
         [Termination Attempts: Min: 1, Avg: 133.1, Max: 168, Diff: 167, Sum: 1065]
      [GC Worker Other (ms): Min: 0.0, Avg: 0.0, Max: 0.1, Diff: 0.0, Sum: 0.2]
      [GC Worker Total (ms): Min: 156.9, Avg: 157.0, Max: 157.1, Diff: 0.2, Sum: 1255.8]
      [GC Worker End (ms): Min: 5866.0, Avg: 5866.0, Max: 5866.0, Diff: 0.0]
   [Code Root Fixup: 0.0 ms]
   [Code Root Purge: 0.0 ms]
   [Clear CT: 0.2 ms]
   [Other: 1.3 ms]
      [Choose CSet: 0.0 ms]
      [Ref Proc: 0.3 ms]
      [Ref Enq: 0.0 ms]
      [Redirty Cards: 0.5 ms]
      [Humongous Register: 0.1 ms]
      [Humongous Reclaim: 0.0 ms]
      [Free CSet: 0.2 ms]
   [Eden: 141.0M(141.0M)->0.0B(145.0M) Survivors: 21.0M->21.0M Heap: 559.2M(2048.0M)->561.2M(2048.0M)]
 [Times: user=1.19 sys=0.03, real=0.16 secs] 
2020-09-29T12:20:45.843+0200: 5.999: [GC pause (G1 Evacuation Pause) (young), 0.1515185 secs]
   [Parallel Time: 150.0 ms, GC Workers: 8]
      [GC Worker Start (ms): Min: 5999.1, Avg: 5999.2, Max: 5999.4, Diff: 0.3]
      [Ext Root Scanning (ms): Min: 0.0, Avg: 0.1, Max: 0.2, Diff: 0.2, Sum: 0.8]
      [Update RS (ms): Min: 19.3, Avg: 19.7, Max: 20.3, Diff: 1.0, Sum: 157.6]
         [Processed Buffers: Min: 12, Avg: 13.0, Max: 16, Diff: 4, Sum: 104]
      [Scan RS (ms): Min: 14.6, Avg: 15.0, Max: 15.5, Diff: 0.9, Sum: 120.3]
      [Code Root Scanning (ms): Min: 0.0, Avg: 0.0, Max: 0.0, Diff: 0.0, Sum: 0.0]
      [Object Copy (ms): Min: 114.3, Avg: 114.6, Max: 114.8, Diff: 0.5, Sum: 916.5]
      [Termination (ms): Min: 0.0, Avg: 0.1, Max: 0.1, Diff: 0.1, Sum: 0.6]
         [Termination Attempts: Min: 1, Avg: 304.9, Max: 375, Diff: 374, Sum: 2439]
      [GC Worker Other (ms): Min: 0.0, Avg: 0.1, Max: 0.2, Diff: 0.2, Sum: 0.7]
      [GC Worker Total (ms): Min: 149.4, Avg: 149.6, Max: 149.7, Diff: 0.4, Sum: 1196.6]
      [GC Worker End (ms): Min: 6148.7, Avg: 6148.8, Max: 6148.9, Diff: 0.2]
   [Code Root Fixup: 0.0 ms]
   [Code Root Purge: 0.0 ms]
   [Clear CT: 0.3 ms]
   [Other: 1.3 ms]
      [Choose CSet: 0.0 ms]
      [Ref Proc: 0.6 ms]
      [Ref Enq: 0.0 ms]
      [Redirty Cards: 0.3 ms]
      [Humongous Register: 0.1 ms]
      [Humongous Reclaim: 0.0 ms]
      [Free CSet: 0.2 ms]
   [Eden: 145.0M(145.0M)->0.0B(152.0M) Survivors: 21.0M->21.0M Heap: 731.0M(2048.0M)->733.0M(2048.0M)]
 [Times: user=1.22 sys=0.03, real=0.15 secs] 
2020-09-29T12:20:46.130+0200: 6.285: [GC pause (G1 Evacuation Pause) (young), 0.1781661 secs]
   [Parallel Time: 176.9 ms, GC Workers: 8]
      [GC Worker Start (ms): Min: 6285.5, Avg: 6285.9, Max: 6288.0, Diff: 2.5]
      [Ext Root Scanning (ms): Min: 0.0, Avg: 0.1, Max: 0.2, Diff: 0.2, Sum: 0.8]
      [Update RS (ms): Min: 16.1, Avg: 18.9, Max: 23.4, Diff: 7.3, Sum: 151.4]
         [Processed Buffers: Min: 10, Avg: 11.3, Max: 12, Diff: 2, Sum: 90]
      [Scan RS (ms): Min: 13.7, Avg: 17.9, Max: 18.8, Diff: 5.1, Sum: 143.2]
      [Code Root Scanning (ms): Min: 0.0, Avg: 0.0, Max: 0.0, Diff: 0.0, Sum: 0.0]
      [Object Copy (ms): Min: 139.1, Avg: 139.3, Max: 139.5, Diff: 0.4, Sum: 1114.1]
      [Termination (ms): Min: 0.0, Avg: 0.1, Max: 0.2, Diff: 0.2, Sum: 1.0]
         [Termination Attempts: Min: 1, Avg: 307.3, Max: 471, Diff: 470, Sum: 2458]
      [GC Worker Other (ms): Min: 0.0, Avg: 0.0, Max: 0.0, Diff: 0.0, Sum: 0.2]
      [GC Worker Total (ms): Min: 174.2, Avg: 176.3, Max: 176.7, Diff: 2.5, Sum: 1410.7]
      [GC Worker End (ms): Min: 6462.2, Avg: 6462.2, Max: 6462.2, Diff: 0.0]
   [Code Root Fixup: 0.0 ms]
   [Code Root Purge: 0.0 ms]
   [Clear CT: 0.2 ms]
   [Other: 1.0 ms]
      [Choose CSet: 0.0 ms]
      [Ref Proc: 0.2 ms]
      [Ref Enq: 0.0 ms]
      [Redirty Cards: 0.3 ms]
      [Humongous Register: 0.1 ms]
      [Humongous Reclaim: 0.0 ms]
      [Free CSet: 0.2 ms]
   [Eden: 152.0M(152.0M)->0.0B(150.0M) Survivors: 21.0M->22.0M Heap: 909.8M(2048.0M)->911.8M(2048.0M)]
 [Times: user=1.25 sys=0.05, real=0.18 secs] 
2020-09-29T12:20:46.457+0200: 6.613: [GC pause (G1 Humongous Allocation) (young) (initial-mark), 0.1553204 secs]
   [Parallel Time: 153.3 ms, GC Workers: 8]
      [GC Worker Start (ms): Min: 6613.2, Avg: 6613.3, Max: 6613.5, Diff: 0.2]
      [Ext Root Scanning (ms): Min: 0.0, Avg: 0.5, Max: 0.9, Diff: 0.9, Sum: 3.6]
      [Update RS (ms): Min: 17.0, Avg: 18.1, Max: 19.0, Diff: 2.0, Sum: 144.5]
         [Processed Buffers: Min: 10, Avg: 11.0, Max: 12, Diff: 2, Sum: 88]
      [Scan RS (ms): Min: 14.8, Avg: 15.6, Max: 16.3, Diff: 1.5, Sum: 125.0]
      [Code Root Scanning (ms): Min: 0.0, Avg: 0.0, Max: 0.0, Diff: 0.0, Sum: 0.0]
      [Object Copy (ms): Min: 118.0, Avg: 118.8, Max: 119.0, Diff: 1.0, Sum: 950.2]
      [Termination (ms): Min: 0.0, Avg: 0.0, Max: 0.0, Diff: 0.0, Sum: 0.2]
         [Termination Attempts: Min: 1, Avg: 102.3, Max: 138, Diff: 137, Sum: 818]
      [GC Worker Other (ms): Min: 0.0, Avg: 0.0, Max: 0.1, Diff: 0.1, Sum: 0.4]
      [GC Worker Total (ms): Min: 152.8, Avg: 153.0, Max: 153.1, Diff: 0.3, Sum: 1223.9]
      [GC Worker End (ms): Min: 6766.3, Avg: 6766.3, Max: 6766.3, Diff: 0.1]
   [Code Root Fixup: 0.0 ms]
   [Code Root Purge: 0.0 ms]
   [Clear CT: 0.2 ms]
   [Other: 1.8 ms]
      [Choose CSet: 0.0 ms]
      [Ref Proc: 0.3 ms]
      [Ref Enq: 0.0 ms]
      [Redirty Cards: 1.0 ms]
      [Humongous Register: 0.1 ms]
      [Humongous Reclaim: 0.0 ms]
      [Free CSet: 0.2 ms]
   [Eden: 139.0M(150.0M)->0.0B(157.0M) Survivors: 22.0M->22.0M Heap: 1073.2M(2048.0M)->1075.2M(2048.0M)]
 [Times: user=1.02 sys=0.08, real=0.16 secs] 
2020-09-29T12:20:46.613+0200: 6.769: [GC concurrent-root-region-scan-start]
2020-09-29T12:20:46.625+0200: 6.780: [GC concurrent-root-region-scan-end, 0.0116698 secs]
2020-09-29T12:20:46.625+0200: 6.780: [GC concurrent-mark-start]
2020-09-29T12:20:46.630+0200: 6.786: [GC concurrent-mark-end, 0.0050022 secs]
2020-09-29T12:20:46.631+0200: 6.786: [GC remark 2020-09-29T12:20:46.631+0200: 6.786: [Finalize Marking, 0.0003395 secs] 2020-09-29T12:20:46.631+0200: 6.787: [GC ref-proc, 0.0006306 secs] 2020-09-29T12:20:46.632+0200: 6.787: [Unloading, 0.0015196 secs], 0.0031157 secs]
 [Times: user=0.00 sys=0.00, real=0.00 secs] 
2020-09-29T12:20:46.635+0200: 6.790: [GC cleanup 1088M->42M(2048M), 0.0023175 secs]
 [Times: user=0.00 sys=0.00, real=0.00 secs] 
2020-09-29T12:20:46.637+0200: 6.793: [GC concurrent-cleanup-start]
2020-09-29T12:20:46.640+0200: 6.796: [GC concurrent-cleanup-end, 0.0031863 secs]
2020-09-29T12:20:46.763+0200: 6.919: [GC pause (G1 Evacuation Pause) (young), 0.1669583 secs]
   [Parallel Time: 165.7 ms, GC Workers: 8]
      [GC Worker Start (ms): Min: 6918.9, Avg: 6919.0, Max: 6919.1, Diff: 0.2]
      [Ext Root Scanning (ms): Min: 0.0, Avg: 0.1, Max: 0.2, Diff: 0.2, Sum: 0.8]
      [Update RS (ms): Min: 19.1, Avg: 19.7, Max: 20.7, Diff: 1.6, Sum: 157.3]
         [Processed Buffers: Min: 12, Avg: 12.8, Max: 15, Diff: 3, Sum: 102]
      [Scan RS (ms): Min: 13.7, Avg: 17.6, Max: 43.5, Diff: 29.8, Sum: 140.8]
      [Code Root Scanning (ms): Min: 0.0, Avg: 0.0, Max: 0.0, Diff: 0.0, Sum: 0.0]
      [Object Copy (ms): Min: 101.1, Avg: 127.7, Max: 131.7, Diff: 30.6, Sum: 1021.9]
      [Termination (ms): Min: 0.0, Avg: 0.3, Max: 0.4, Diff: 0.4, Sum: 2.4]
         [Termination Attempts: Min: 1, Avg: 1236.5, Max: 1563, Diff: 1562, Sum: 9892]
      [GC Worker Other (ms): Min: 0.0, Avg: 0.1, Max: 0.1, Diff: 0.1, Sum: 0.5]
      [GC Worker Total (ms): Min: 165.3, Avg: 165.5, Max: 165.6, Diff: 0.3, Sum: 1323.7]
      [GC Worker End (ms): Min: 7084.4, Avg: 7084.4, Max: 7084.5, Diff: 0.1]
   [Code Root Fixup: 0.0 ms]
   [Code Root Purge: 0.0 ms]
   [Clear CT: 0.3 ms]
   [Other: 1.0 ms]
      [Choose CSet: 0.0 ms]
      [Ref Proc: 0.2 ms]
      [Ref Enq: 0.0 ms]
      [Redirty Cards: 0.3 ms]
      [Humongous Register: 0.0 ms]
      [Humongous Reclaim: 0.0 ms]
      [Free CSet: 0.2 ms]
   [Eden: 157.0M(157.0M)->0.0B(154.0M) Survivors: 22.0M->23.0M Heap: 213.7M(2048.0M)->194.7M(2048.0M)]
 [Times: user=1.22 sys=0.03, real=0.17 secs] 
2020-09-29T12:20:47.051+0200: 7.206: [GC pause (G1 Evacuation Pause) (young), 0.1671752 secs]
   [Parallel Time: 165.7 ms, GC Workers: 8]
      [GC Worker Start (ms): Min: 7206.3, Avg: 7206.5, Max: 7206.6, Diff: 0.2]
      [Ext Root Scanning (ms): Min: 0.0, Avg: 0.1, Max: 0.2, Diff: 0.2, Sum: 0.6]
      [Update RS (ms): Min: 24.0, Avg: 24.3, Max: 25.1, Diff: 1.0, Sum: 194.3]
         [Processed Buffers: Min: 13, Avg: 16.1, Max: 21, Diff: 8, Sum: 129]
      [Scan RS (ms): Min: 13.9, Avg: 14.7, Max: 15.0, Diff: 1.1, Sum: 117.9]
      [Code Root Scanning (ms): Min: 0.0, Avg: 0.0, Max: 0.0, Diff: 0.0, Sum: 0.0]
      [Object Copy (ms): Min: 126.1, Avg: 126.2, Max: 126.3, Diff: 0.2, Sum: 1009.8]
      [Termination (ms): Min: 0.0, Avg: 0.0, Max: 0.1, Diff: 0.1, Sum: 0.3]
         [Termination Attempts: Min: 1, Avg: 177.9, Max: 238, Diff: 237, Sum: 1423]
      [GC Worker Other (ms): Min: 0.0, Avg: 0.0, Max: 0.1, Diff: 0.1, Sum: 0.3]
      [GC Worker Total (ms): Min: 165.3, Avg: 165.4, Max: 165.6, Diff: 0.2, Sum: 1323.3]
      [GC Worker End (ms): Min: 7371.9, Avg: 7371.9, Max: 7371.9, Diff: 0.1]
   [Code Root Fixup: 0.0 ms]
   [Code Root Purge: 0.0 ms]
   [Clear CT: 0.3 ms]
   [Other: 1.2 ms]
      [Choose CSet: 0.0 ms]
      [Ref Proc: 0.2 ms]
      [Ref Enq: 0.0 ms]
      [Redirty Cards: 0.4 ms]
      [Humongous Register: 0.0 ms]
      [Humongous Reclaim: 0.0 ms]
      [Free CSet: 0.2 ms]
   [Eden: 154.0M(154.0M)->0.0B(158.0M) Survivors: 23.0M->23.0M Heap: 375.4M(2048.0M)->377.4M(2048.0M)]
 [Times: user=1.22 sys=0.03, real=0.17 secs] 
2020-09-29T12:20:47.359+0200: 7.515: [GC pause (G1 Evacuation Pause) (young), 0.1613728 secs]
   [Parallel Time: 159.8 ms, GC Workers: 8]
      [GC Worker Start (ms): Min: 7515.3, Avg: 7515.3, Max: 7515.5, Diff: 0.2]
      [Ext Root Scanning (ms): Min: 0.0, Avg: 0.1, Max: 0.2, Diff: 0.2, Sum: 0.9]
      [Update RS (ms): Min: 18.6, Avg: 19.4, Max: 20.0, Diff: 1.3, Sum: 155.5]
         [Processed Buffers: Min: 11, Avg: 12.3, Max: 14, Diff: 3, Sum: 98]
      [Scan RS (ms): Min: 16.5, Avg: 17.0, Max: 17.8, Diff: 1.3, Sum: 136.0]
      [Code Root Scanning (ms): Min: 0.0, Avg: 0.0, Max: 0.0, Diff: 0.0, Sum: 0.0]
      [Object Copy (ms): Min: 122.8, Avg: 123.0, Max: 123.0, Diff: 0.2, Sum: 983.7]
      [Termination (ms): Min: 0.0, Avg: 0.0, Max: 0.0, Diff: 0.0, Sum: 0.1]
         [Termination Attempts: Min: 1, Avg: 39.3, Max: 66, Diff: 65, Sum: 314]
      [GC Worker Other (ms): Min: 0.1, Avg: 0.1, Max: 0.1, Diff: 0.0, Sum: 0.6]
      [GC Worker Total (ms): Min: 159.5, Avg: 159.6, Max: 159.7, Diff: 0.2, Sum: 1276.9]
      [GC Worker End (ms): Min: 7674.9, Avg: 7675.0, Max: 7675.0, Diff: 0.0]
   [Code Root Fixup: 0.0 ms]
   [Code Root Purge: 0.0 ms]
   [Clear CT: 0.4 ms]
   [Other: 1.1 ms]
      [Choose CSet: 0.0 ms]
      [Ref Proc: 0.2 ms]
      [Ref Enq: 0.0 ms]
      [Redirty Cards: 0.4 ms]
      [Humongous Register: 0.1 ms]
      [Humongous Reclaim: 0.0 ms]
      [Free CSet: 0.2 ms]
   [Eden: 158.0M(158.0M)->0.0B(164.0M) Survivors: 23.0M->23.0M Heap: 560.2M(2048.0M)->562.2M(2048.0M)]
 [Times: user=1.22 sys=0.05, real=0.16 secs] 
2020-09-29T12:20:47.659+0200: 7.814: [GC pause (G1 Evacuation Pause) (young), 0.1887136 secs]
   [Parallel Time: 187.4 ms, GC Workers: 8]
      [GC Worker Start (ms): Min: 7814.4, Avg: 7814.5, Max: 7814.6, Diff: 0.2]
      [Ext Root Scanning (ms): Min: 0.0, Avg: 0.1, Max: 0.2, Diff: 0.2, Sum: 0.8]
      [Update RS (ms): Min: 21.9, Avg: 22.1, Max: 22.5, Diff: 0.6, Sum: 176.5]
         [Processed Buffers: Min: 14, Avg: 14.9, Max: 17, Diff: 3, Sum: 119]
      [Scan RS (ms): Min: 17.9, Avg: 18.2, Max: 18.5, Diff: 0.7, Sum: 145.5]
      [Code Root Scanning (ms): Min: 0.0, Avg: 0.0, Max: 0.0, Diff: 0.0, Sum: 0.0]
      [Object Copy (ms): Min: 146.2, Avg: 146.6, Max: 146.9, Diff: 0.6, Sum: 1172.4]
      [Termination (ms): Min: 0.0, Avg: 0.2, Max: 0.2, Diff: 0.2, Sum: 1.3]
         [Termination Attempts: Min: 1, Avg: 738.0, Max: 901, Diff: 900, Sum: 5904]
      [GC Worker Other (ms): Min: 0.0, Avg: 0.1, Max: 0.1, Diff: 0.1, Sum: 0.5]
      [GC Worker Total (ms): Min: 187.1, Avg: 187.1, Max: 187.2, Diff: 0.2, Sum: 1497.1]
      [GC Worker End (ms): Min: 8001.6, Avg: 8001.6, Max: 8001.7, Diff: 0.1]
   [Code Root Fixup: 0.0 ms]
   [Code Root Purge: 0.0 ms]
   [Clear CT: 0.3 ms]
   [Other: 1.0 ms]
      [Choose CSet: 0.0 ms]
      [Ref Proc: 0.3 ms]
      [Ref Enq: 0.0 ms]
      [Redirty Cards: 0.3 ms]
      [Humongous Register: 0.1 ms]
      [Humongous Reclaim: 0.0 ms]
      [Free CSet: 0.2 ms]
   [Eden: 164.0M(164.0M)->0.0B(159.0M) Survivors: 23.0M->24.0M Heap: 754.8M(2048.0M)->756.8M(2048.0M)]
 [Times: user=1.36 sys=0.05, real=0.19 secs] 
2020-09-29T12:20:47.972+0200: 8.127: [GC pause (G1 Evacuation Pause) (young), 0.1825774 secs]
   [Parallel Time: 180.8 ms, GC Workers: 8]
      [GC Worker Start (ms): Min: 8127.4, Avg: 8127.5, Max: 8127.7, Diff: 0.3]
      [Ext Root Scanning (ms): Min: 0.0, Avg: 0.1, Max: 0.2, Diff: 0.2, Sum: 0.7]
      [Update RS (ms): Min: 19.1, Avg: 19.4, Max: 19.8, Diff: 0.7, Sum: 155.5]
         [Processed Buffers: Min: 12, Avg: 14.0, Max: 17, Diff: 5, Sum: 112]
      [Scan RS (ms): Min: 16.7, Avg: 17.1, Max: 17.5, Diff: 0.8, Sum: 136.6]
      [Code Root Scanning (ms): Min: 0.0, Avg: 0.0, Max: 0.0, Diff: 0.0, Sum: 0.0]
      [Object Copy (ms): Min: 143.4, Avg: 143.6, Max: 143.7, Diff: 0.3, Sum: 1148.8]
      [Termination (ms): Min: 0.0, Avg: 0.2, Max: 0.3, Diff: 0.3, Sum: 1.9]
         [Termination Attempts: Min: 1, Avg: 917.0, Max: 1115, Diff: 1114, Sum: 7336]
      [GC Worker Other (ms): Min: 0.0, Avg: 0.0, Max: 0.1, Diff: 0.1, Sum: 0.3]
      [GC Worker Total (ms): Min: 180.3, Avg: 180.5, Max: 180.7, Diff: 0.3, Sum: 1443.8]
      [GC Worker End (ms): Min: 8308.0, Avg: 8308.0, Max: 8308.0, Diff: 0.1]
   [Code Root Fixup: 0.0 ms]
   [Code Root Purge: 0.0 ms]
   [Clear CT: 0.3 ms]
   [Other: 1.5 ms]
      [Choose CSet: 0.0 ms]
      [Ref Proc: 0.3 ms]
      [Ref Enq: 0.0 ms]
      [Redirty Cards: 0.8 ms]
      [Humongous Register: 0.1 ms]
      [Humongous Reclaim: 0.0 ms]
      [Free CSet: 0.1 ms]
   [Eden: 159.0M(159.0M)->0.0B(160.0M) Survivors: 24.0M->23.0M Heap: 942.5M(2048.0M)->944.0M(2048.0M)]
 [Times: user=1.41 sys=0.05, real=0.18 secs] 
2020-09-29T12:20:48.164+0200: 8.319: [GC pause (G1 Humongous Allocation) (young) (initial-mark), 0.0574093 secs]
   [Parallel Time: 56.1 ms, GC Workers: 8]
      [GC Worker Start (ms): Min: 8319.4, Avg: 8319.5, Max: 8319.6, Diff: 0.1]
      [Ext Root Scanning (ms): Min: 0.0, Avg: 0.1, Max: 0.2, Diff: 0.1, Sum: 0.9]
      [Update RS (ms): Min: 30.3, Avg: 30.6, Max: 30.7, Diff: 0.4, Sum: 244.6]
         [Processed Buffers: Min: 22, Avg: 25.3, Max: 27, Diff: 5, Sum: 202]
      [Scan RS (ms): Min: 2.1, Avg: 2.4, Max: 2.7, Diff: 0.5, Sum: 18.9]
      [Code Root Scanning (ms): Min: 0.0, Avg: 0.0, Max: 0.0, Diff: 0.0, Sum: 0.0]
      [Object Copy (ms): Min: 22.6, Avg: 22.7, Max: 22.8, Diff: 0.2, Sum: 181.8]
      [Termination (ms): Min: 0.0, Avg: 0.0, Max: 0.0, Diff: 0.0, Sum: 0.2]
         [Termination Attempts: Min: 1, Avg: 88.8, Max: 115, Diff: 114, Sum: 710]
      [GC Worker Other (ms): Min: 0.0, Avg: 0.0, Max: 0.0, Diff: 0.0, Sum: 0.2]
      [GC Worker Total (ms): Min: 55.8, Avg: 55.8, Max: 55.9, Diff: 0.1, Sum: 446.6]
      [GC Worker End (ms): Min: 8375.3, Avg: 8375.3, Max: 8375.3, Diff: 0.0]
   [Code Root Fixup: 0.0 ms]
   [Code Root Purge: 0.0 ms]
   [Clear CT: 0.3 ms]
   [Other: 1.0 ms]
      [Choose CSet: 0.0 ms]
      [Ref Proc: 0.2 ms]
      [Ref Enq: 0.0 ms]
      [Redirty Cards: 0.3 ms]
      [Humongous Register: 0.1 ms]
      [Humongous Reclaim: 0.0 ms]
      [Free CSet: 0.1 ms]
   [Eden: 10.0M(160.0M)->0.0B(178.0M) Survivors: 23.0M->11.0M Heap: 953.5M(2048.0M)->956.0M(2048.0M)]
 [Times: user=0.38 sys=0.00, real=0.06 secs] 
2020-09-29T12:20:48.221+0200: 8.377: [GC concurrent-root-region-scan-start]
2020-09-29T12:20:48.225+0200: 8.381: [GC concurrent-root-region-scan-end, 0.0040027 secs]
2020-09-29T12:20:48.225+0200: 8.381: [GC concurrent-mark-start]
2020-09-29T12:20:48.230+0200: 8.385: [GC concurrent-mark-end, 0.0042326 secs]
2020-09-29T12:20:48.230+0200: 8.385: [GC remark 2020-09-29T12:20:48.230+0200: 8.385: [Finalize Marking, 0.0002304 secs] 2020-09-29T12:20:48.230+0200: 8.386: [GC ref-proc, 0.0006802 secs] 2020-09-29T12:20:48.231+0200: 8.386: [Unloading, 0.0006378 secs], 0.0019438 secs]
 [Times: user=0.00 sys=0.00, real=0.00 secs] 
2020-09-29T12:20:48.232+0200: 8.388: [GC cleanup 967M->30M(2048M), 0.0016754 secs]
 [Times: user=0.00 sys=0.00, real=0.00 secs] 
2020-09-29T12:20:48.234+0200: 8.390: [GC concurrent-cleanup-start]
2020-09-29T12:20:48.235+0200: 8.391: [GC concurrent-cleanup-end, 0.0013233 secs]
2020-09-29T12:20:48.365+0200: 8.521: [GC pause (G1 Evacuation Pause) (young), 0.1674216 secs]
   [Parallel Time: 165.9 ms, GC Workers: 8]
      [GC Worker Start (ms): Min: 8521.2, Avg: 8521.3, Max: 8521.4, Diff: 0.2]
      [Ext Root Scanning (ms): Min: 0.0, Avg: 0.1, Max: 0.2, Diff: 0.2, Sum: 0.7]
      [Update RS (ms): Min: 19.0, Avg: 19.4, Max: 20.3, Diff: 1.3, Sum: 155.0]
         [Processed Buffers: Min: 11, Avg: 13.0, Max: 15, Diff: 4, Sum: 104]
      [Scan RS (ms): Min: 15.2, Avg: 16.1, Max: 16.5, Diff: 1.3, Sum: 129.0]
      [Code Root Scanning (ms): Min: 0.0, Avg: 0.0, Max: 0.0, Diff: 0.0, Sum: 0.0]
      [Object Copy (ms): Min: 129.6, Avg: 129.7, Max: 129.9, Diff: 0.3, Sum: 1037.8]
      [Termination (ms): Min: 0.0, Avg: 0.2, Max: 0.2, Diff: 0.2, Sum: 1.2]
         [Termination Attempts: Min: 1, Avg: 650.1, Max: 791, Diff: 790, Sum: 5201]
      [GC Worker Other (ms): Min: 0.0, Avg: 0.0, Max: 0.1, Diff: 0.1, Sum: 0.3]
      [GC Worker Total (ms): Min: 165.4, Avg: 165.5, Max: 165.6, Diff: 0.2, Sum: 1324.0]
      [GC Worker End (ms): Min: 8686.8, Avg: 8686.8, Max: 8686.8, Diff: 0.1]
   [Code Root Fixup: 0.0 ms]
   [Code Root Purge: 0.0 ms]
   [Clear CT: 0.4 ms]
   [Other: 1.2 ms]
      [Choose CSet: 0.0 ms]
      [Ref Proc: 0.3 ms]
      [Ref Enq: 0.0 ms]
      [Redirty Cards: 0.4 ms]
      [Humongous Register: 0.0 ms]
      [Humongous Reclaim: 0.0 ms]
      [Free CSet: 0.2 ms]
   [Eden: 178.0M(178.0M)->0.0B(167.0M) Survivors: 11.0M->24.0M Heap: 227.0M(2048.0M)->218.0M(2048.0M)]
 [Times: user=1.17 sys=0.03, real=0.17 secs] 
2020-09-29T12:20:48.671+0200: 8.827: [GC pause (G1 Evacuation Pause) (young), 0.1775237 secs]
   [Parallel Time: 175.9 ms, GC Workers: 8]
      [GC Worker Start (ms): Min: 8827.1, Avg: 8827.3, Max: 8827.3, Diff: 0.2]
      [Ext Root Scanning (ms): Min: 0.0, Avg: 0.1, Max: 0.2, Diff: 0.2, Sum: 0.7]
      [Update RS (ms): Min: 29.2, Avg: 29.5, Max: 30.5, Diff: 1.3, Sum: 236.4]
         [Processed Buffers: Min: 17, Avg: 19.5, Max: 22, Diff: 5, Sum: 156]
      [Scan RS (ms): Min: 12.7, Avg: 13.8, Max: 14.2, Diff: 1.5, Sum: 110.0]
      [Code Root Scanning (ms): Min: 0.0, Avg: 0.0, Max: 0.0, Diff: 0.0, Sum: 0.0]
      [Object Copy (ms): Min: 131.9, Avg: 132.1, Max: 132.3, Diff: 0.4, Sum: 1056.8]
      [Termination (ms): Min: 0.0, Avg: 0.1, Max: 0.1, Diff: 0.1, Sum: 0.6]
         [Termination Attempts: Min: 1, Avg: 324.8, Max: 397, Diff: 396, Sum: 2598]
      [GC Worker Other (ms): Min: 0.0, Avg: 0.0, Max: 0.1, Diff: 0.0, Sum: 0.2]
      [GC Worker Total (ms): Min: 175.5, Avg: 175.6, Max: 175.7, Diff: 0.2, Sum: 1404.8]
      [GC Worker End (ms): Min: 9002.8, Avg: 9002.9, Max: 9002.9, Diff: 0.0]
   [Code Root Fixup: 0.0 ms]
   [Code Root Purge: 0.0 ms]
   [Clear CT: 0.3 ms]
   [Other: 1.3 ms]
      [Choose CSet: 0.0 ms]
      [Ref Proc: 0.3 ms]
      [Ref Enq: 0.0 ms]
      [Redirty Cards: 0.3 ms]
      [Humongous Register: 0.0 ms]
      [Humongous Reclaim: 0.0 ms]
      [Free CSet: 0.4 ms]
   [Eden: 167.0M(167.0M)->0.0B(167.0M) Survivors: 24.0M->24.0M Heap: 413.6M(2048.0M)->416.1M(2048.0M)]
 [Times: user=1.38 sys=0.08, real=0.18 secs] 
2020-09-29T12:20:48.984+0200: 9.140: [GC pause (G1 Evacuation Pause) (young), 0.1831531 secs]
   [Parallel Time: 181.7 ms, GC Workers: 8]
      [GC Worker Start (ms): Min: 9139.9, Avg: 9140.0, Max: 9140.2, Diff: 0.2]
      [Ext Root Scanning (ms): Min: 0.0, Avg: 0.1, Max: 0.2, Diff: 0.2, Sum: 0.9]
      [Update RS (ms): Min: 20.7, Avg: 21.0, Max: 21.5, Diff: 0.8, Sum: 167.9]
         [Processed Buffers: Min: 11, Avg: 13.0, Max: 15, Diff: 4, Sum: 104]
      [Scan RS (ms): Min: 18.9, Avg: 19.5, Max: 20.0, Diff: 1.0, Sum: 155.9]
      [Code Root Scanning (ms): Min: 0.0, Avg: 0.0, Max: 0.0, Diff: 0.0, Sum: 0.0]
      [Object Copy (ms): Min: 140.6, Avg: 140.8, Max: 141.0, Diff: 0.4, Sum: 1126.4]
      [Termination (ms): Min: 0.0, Avg: 0.0, Max: 0.1, Diff: 0.1, Sum: 0.3]
         [Termination Attempts: Min: 1, Avg: 163.6, Max: 206, Diff: 205, Sum: 1309]
      [GC Worker Other (ms): Min: 0.0, Avg: 0.0, Max: 0.1, Diff: 0.1, Sum: 0.3]
      [GC Worker Total (ms): Min: 181.3, Avg: 181.5, Max: 181.5, Diff: 0.2, Sum: 1451.7]
      [GC Worker End (ms): Min: 9321.5, Avg: 9321.5, Max: 9321.5, Diff: 0.1]
   [Code Root Fixup: 0.0 ms]
   [Code Root Purge: 0.0 ms]
   [Clear CT: 0.3 ms]
   [Other: 1.2 ms]
      [Choose CSet: 0.0 ms]
      [Ref Proc: 0.3 ms]
      [Ref Enq: 0.0 ms]
      [Redirty Cards: 0.3 ms]
      [Humongous Register: 0.0 ms]
      [Humongous Reclaim: 0.0 ms]
      [Free CSet: 0.2 ms]
   [Eden: 167.0M(167.0M)->0.0B(161.0M) Survivors: 24.0M->24.0M Heap: 609.8M(2048.0M)->612.3M(2048.0M)]
 [Times: user=1.41 sys=0.03, real=0.18 secs] 
2020-09-29T12:20:49.299+0200: 9.454: [GC pause (G1 Evacuation Pause) (young), 0.1775242 secs]
   [Parallel Time: 175.5 ms, GC Workers: 8]
      [GC Worker Start (ms): Min: 9454.4, Avg: 9454.7, Max: 9455.8, Diff: 1.4]
      [Ext Root Scanning (ms): Min: 0.0, Avg: 0.1, Max: 0.2, Diff: 0.2, Sum: 0.8]
      [Update RS (ms): Min: 16.5, Avg: 17.7, Max: 18.5, Diff: 2.0, Sum: 141.4]
         [Processed Buffers: Min: 10, Avg: 11.1, Max: 14, Diff: 4, Sum: 89]
      [Scan RS (ms): Min: 20.0, Avg: 20.9, Max: 23.5, Diff: 3.5, Sum: 167.0]
      [Code Root Scanning (ms): Min: 0.0, Avg: 0.0, Max: 0.0, Diff: 0.0, Sum: 0.0]
      [Object Copy (ms): Min: 133.1, Avg: 136.1, Max: 136.6, Diff: 3.5, Sum: 1088.6]
      [Termination (ms): Min: 0.0, Avg: 0.1, Max: 0.1, Diff: 0.1, Sum: 0.5]
         [Termination Attempts: Min: 1, Avg: 246.1, Max: 313, Diff: 312, Sum: 1969]
      [GC Worker Other (ms): Min: 0.0, Avg: 0.1, Max: 0.1, Diff: 0.1, Sum: 0.7]
      [GC Worker Total (ms): Min: 173.7, Avg: 174.9, Max: 175.1, Diff: 1.4, Sum: 1398.9]
      [GC Worker End (ms): Min: 9629.5, Avg: 9629.5, Max: 9629.5, Diff: 0.1]
   [Code Root Fixup: 0.0 ms]
   [Code Root Purge: 0.0 ms]
   [Clear CT: 0.9 ms]
   [Other: 1.1 ms]
      [Choose CSet: 0.0 ms]
      [Ref Proc: 0.4 ms]
      [Ref Enq: 0.0 ms]
      [Redirty Cards: 0.3 ms]
      [Humongous Register: 0.1 ms]
      [Humongous Reclaim: 0.0 ms]
      [Free CSet: 0.1 ms]
   [Eden: 161.0M(161.0M)->0.0B(158.0M) Survivors: 24.0M->24.0M Heap: 800.0M(2048.0M)->803.0M(2048.0M)]
 [Times: user=1.45 sys=0.05, real=0.18 secs] 
2020-09-29T12:20:49.604+0200: 9.760: [GC pause (G1 Evacuation Pause) (young), 0.1654964 secs]
   [Parallel Time: 164.1 ms, GC Workers: 8]
      [GC Worker Start (ms): Min: 9760.1, Avg: 9760.2, Max: 9760.2, Diff: 0.1]
      [Ext Root Scanning (ms): Min: 0.0, Avg: 0.1, Max: 0.2, Diff: 0.1, Sum: 0.9]
      [Update RS (ms): Min: 16.7, Avg: 17.3, Max: 18.1, Diff: 1.4, Sum: 138.1]
         [Processed Buffers: Min: 11, Avg: 11.9, Max: 16, Diff: 5, Sum: 95]
      [Scan RS (ms): Min: 17.4, Avg: 18.3, Max: 18.7, Diff: 1.4, Sum: 146.2]
      [Code Root Scanning (ms): Min: 0.0, Avg: 0.0, Max: 0.0, Diff: 0.0, Sum: 0.0]
      [Object Copy (ms): Min: 127.9, Avg: 128.0, Max: 128.1, Diff: 0.3, Sum: 1024.3]
      [Termination (ms): Min: 0.0, Avg: 0.1, Max: 0.1, Diff: 0.1, Sum: 0.7]
         [Termination Attempts: Min: 1, Avg: 333.9, Max: 470, Diff: 469, Sum: 2671]
      [GC Worker Other (ms): Min: 0.0, Avg: 0.0, Max: 0.1, Diff: 0.1, Sum: 0.4]
      [GC Worker Total (ms): Min: 163.7, Avg: 163.8, Max: 163.9, Diff: 0.1, Sum: 1310.5]
      [GC Worker End (ms): Min: 9923.9, Avg: 9924.0, Max: 9924.0, Diff: 0.1]
   [Code Root Fixup: 0.0 ms]
   [Code Root Purge: 0.0 ms]
   [Clear CT: 0.3 ms]
   [Other: 1.1 ms]
      [Choose CSet: 0.0 ms]
      [Ref Proc: 0.3 ms]
      [Ref Enq: 0.0 ms]
      [Redirty Cards: 0.4 ms]
      [Humongous Register: 0.1 ms]
      [Humongous Reclaim: 0.0 ms]
      [Free CSet: 0.2 ms]
   [Eden: 158.0M(158.0M)->0.0B(165.0M) Survivors: 24.0M->23.0M Heap: 987.7M(2048.0M)->989.2M(2048.0M)]
 [Times: user=1.09 sys=0.11, real=0.17 secs] 
2020-09-29T12:20:49.782+0200: 9.938: [GC pause (G1 Humongous Allocation) (young) (initial-mark), 0.0525989 secs]
   [Parallel Time: 51.3 ms, GC Workers: 8]
      [GC Worker Start (ms): Min: 9938.3, Avg: 9938.3, Max: 9938.4, Diff: 0.1]
      [Ext Root Scanning (ms): Min: 0.1, Avg: 0.1, Max: 0.2, Diff: 0.1, Sum: 1.0]
      [Update RS (ms): Min: 25.2, Avg: 25.7, Max: 26.4, Diff: 1.2, Sum: 205.9]
         [Processed Buffers: Min: 18, Avg: 21.3, Max: 23, Diff: 5, Sum: 170]
      [Scan RS (ms): Min: 1.8, Avg: 2.4, Max: 2.9, Diff: 1.2, Sum: 19.0]
      [Code Root Scanning (ms): Min: 0.0, Avg: 0.0, Max: 0.0, Diff: 0.0, Sum: 0.0]
      [Object Copy (ms): Min: 22.7, Avg: 22.8, Max: 22.9, Diff: 0.2, Sum: 182.4]
      [Termination (ms): Min: 0.0, Avg: 0.0, Max: 0.0, Diff: 0.0, Sum: 0.0]
         [Termination Attempts: Min: 1, Avg: 2.8, Max: 6, Diff: 5, Sum: 22]
      [GC Worker Other (ms): Min: 0.0, Avg: 0.0, Max: 0.0, Diff: 0.0, Sum: 0.2]
      [GC Worker Total (ms): Min: 51.0, Avg: 51.1, Max: 51.1, Diff: 0.1, Sum: 408.4]
      [GC Worker End (ms): Min: 9989.4, Avg: 9989.4, Max: 9989.4, Diff: 0.0]
   [Code Root Fixup: 0.0 ms]
   [Code Root Purge: 0.0 ms]
   [Clear CT: 0.3 ms]
   [Other: 1.0 ms]
      [Choose CSet: 0.0 ms]
      [Ref Proc: 0.3 ms]
      [Ref Enq: 0.0 ms]
      [Redirty Cards: 0.2 ms]
      [Humongous Register: 0.1 ms]
      [Humongous Reclaim: 0.0 ms]
      [Free CSet: 0.1 ms]
   [Eden: 5120.0K(165.0M)->0.0B(188.0M) Survivors: 23.0M->7168.0K Heap: 993.7M(2048.0M)->998.2M(2048.0M)]
 [Times: user=0.50 sys=0.00, real=0.05 secs] 
2020-09-29T12:20:49.835+0200: 9.991: [GC concurrent-root-region-scan-start]
2020-09-29T12:20:49.838+0200: 9.993: [GC concurrent-root-region-scan-end, 0.0023127 secs]
2020-09-29T12:20:49.838+0200: 9.993: [GC concurrent-mark-start]
2020-09-29T12:20:49.842+0200: 9.998: [GC concurrent-mark-end, 0.0045593 secs]
2020-09-29T12:20:49.843+0200: 9.998: [GC remark 2020-09-29T12:20:49.843+0200: 9.998: [Finalize Marking, 0.0003030 secs] 2020-09-29T12:20:49.843+0200: 9.999: [GC ref-proc, 0.0005570 secs] 2020-09-29T12:20:49.844+0200: 9.999: [Unloading, 0.0006044 secs], 0.0019838 secs]
 [Times: user=0.00 sys=0.00, real=0.00 secs] 
2020-09-29T12:20:49.845+0200: 10.001: [GC cleanup 1009M->25M(2048M), 0.0017307 secs]
 [Times: user=0.00 sys=0.00, real=0.00 secs] 
2020-09-29T12:20:49.847+0200: 10.003: [GC concurrent-cleanup-start]
2020-09-29T12:20:49.849+0200: 10.005: [GC concurrent-cleanup-end, 0.0020876 secs]
2020-09-29T12:20:49.986+0200: 10.142: [GC pause (G1 Evacuation Pause) (young), 0.1710303 secs]
   [Parallel Time: 169.7 ms, GC Workers: 8]
      [GC Worker Start (ms): Min: 10141.7, Avg: 10141.9, Max: 10142.0, Diff: 0.3]
      [Ext Root Scanning (ms): Min: 0.0, Avg: 0.1, Max: 0.2, Diff: 0.2, Sum: 0.6]
      [Update RS (ms): Min: 21.7, Avg: 22.0, Max: 22.4, Diff: 0.7, Sum: 175.8]
         [Processed Buffers: Min: 13, Avg: 14.9, Max: 19, Diff: 6, Sum: 119]
      [Scan RS (ms): Min: 16.0, Avg: 16.5, Max: 17.0, Diff: 1.0, Sum: 132.2]
      [Code Root Scanning (ms): Min: 0.0, Avg: 0.0, Max: 0.0, Diff: 0.0, Sum: 0.0]
      [Object Copy (ms): Min: 130.5, Avg: 130.7, Max: 130.9, Diff: 0.4, Sum: 1045.9]
      [Termination (ms): Min: 0.0, Avg: 0.1, Max: 0.1, Diff: 0.1, Sum: 0.4]
         [Termination Attempts: Min: 1, Avg: 224.5, Max: 280, Diff: 279, Sum: 1796]
      [GC Worker Other (ms): Min: 0.0, Avg: 0.1, Max: 0.1, Diff: 0.1, Sum: 0.4]
      [GC Worker Total (ms): Min: 169.3, Avg: 169.4, Max: 169.6, Diff: 0.3, Sum: 1355.3]
      [GC Worker End (ms): Min: 10311.3, Avg: 10311.3, Max: 10311.4, Diff: 0.1]
   [Code Root Fixup: 0.0 ms]
   [Code Root Purge: 0.0 ms]
   [Clear CT: 0.3 ms]
   [Other: 1.0 ms]
      [Choose CSet: 0.0 ms]
      [Ref Proc: 0.3 ms]
      [Ref Enq: 0.0 ms]
      [Redirty Cards: 0.1 ms]
      [Humongous Register: 0.0 ms]
      [Humongous Reclaim: 0.0 ms]
      [Free CSet: 0.2 ms]
   [Eden: 188.0M(188.0M)->0.0B(174.0M) Survivors: 7168.0K->25.0M Heap: 235.4M(2048.0M)->230.9M(2048.0M)]
 [Times: user=1.36 sys=0.02, real=0.17 secs] 
2020-09-29T12:20:50.280+0200: 10.435: [GC pause (G1 Evacuation Pause) (young), 0.1206925 secs]
   [Parallel Time: 119.8 ms, GC Workers: 8]
      [GC Worker Start (ms): Min: 10435.6, Avg: 10435.6, Max: 10435.7, Diff: 0.2]
      [Ext Root Scanning (ms): Min: 0.0, Avg: 0.1, Max: 0.1, Diff: 0.1, Sum: 0.6]
      [Update RS (ms): Min: 11.1, Avg: 11.4, Max: 11.9, Diff: 0.8, Sum: 91.1]
         [Processed Buffers: Min: 9, Avg: 10.3, Max: 13, Diff: 4, Sum: 82]
      [Scan RS (ms): Min: 14.0, Avg: 14.6, Max: 14.9, Diff: 0.9, Sum: 117.1]
      [Code Root Scanning (ms): Min: 0.0, Avg: 0.0, Max: 0.0, Diff: 0.0, Sum: 0.0]
      [Object Copy (ms): Min: 93.4, Avg: 93.5, Max: 93.5, Diff: 0.1, Sum: 747.7]
      [Termination (ms): Min: 0.0, Avg: 0.1, Max: 0.1, Diff: 0.1, Sum: 0.9]
         [Termination Attempts: Min: 1, Avg: 681.5, Max: 879, Diff: 878, Sum: 5452]
      [GC Worker Other (ms): Min: 0.0, Avg: 0.0, Max: 0.1, Diff: 0.0, Sum: 0.2]
      [GC Worker Total (ms): Min: 119.6, Avg: 119.7, Max: 119.8, Diff: 0.2, Sum: 957.6]
      [GC Worker End (ms): Min: 10555.3, Avg: 10555.3, Max: 10555.4, Diff: 0.0]
   [Code Root Fixup: 0.0 ms]
   [Code Root Purge: 0.0 ms]
   [Clear CT: 0.2 ms]
   [Other: 0.7 ms]
      [Choose CSet: 0.0 ms]
      [Ref Proc: 0.1 ms]
      [Ref Enq: 0.0 ms]
      [Redirty Cards: 0.2 ms]
      [Humongous Register: 0.0 ms]
      [Humongous Reclaim: 0.0 ms]
      [Free CSet: 0.1 ms]
   [Eden: 174.0M(174.0M)->0.0B(183.0M) Survivors: 25.0M->25.0M Heap: 433.5M(2048.0M)->435.0M(2048.0M)]
 [Times: user=0.99 sys=0.01, real=0.12 secs] 
2020-09-29T12:20:50.494+0200: 10.650: [GC pause (G1 Evacuation Pause) (young), 0.1294648 secs]
   [Parallel Time: 128.2 ms, GC Workers: 8]
      [GC Worker Start (ms): Min: 10650.1, Avg: 10650.2, Max: 10650.2, Diff: 0.1]
      [Ext Root Scanning (ms): Min: 0.0, Avg: 0.1, Max: 0.2, Diff: 0.1, Sum: 0.6]
      [Update RS (ms): Min: 10.8, Avg: 11.1, Max: 11.7, Diff: 0.9, Sum: 89.0]
         [Processed Buffers: Min: 10, Avg: 11.3, Max: 14, Diff: 4, Sum: 90]
      [Scan RS (ms): Min: 13.2, Avg: 13.7, Max: 14.0, Diff: 0.8, Sum: 109.8]
      [Code Root Scanning (ms): Min: 0.0, Avg: 0.0, Max: 0.0, Diff: 0.0, Sum: 0.0]
      [Object Copy (ms): Min: 101.8, Avg: 102.7, Max: 103.2, Diff: 1.4, Sum: 821.3]
      [Termination (ms): Min: 0.0, Avg: 0.4, Max: 1.4, Diff: 1.4, Sum: 3.5]
         [Termination Attempts: Min: 1, Avg: 1839.8, Max: 2381, Diff: 2380, Sum: 14718]
      [GC Worker Other (ms): Min: 0.0, Avg: 0.0, Max: 0.1, Diff: 0.1, Sum: 0.4]
      [GC Worker Total (ms): Min: 128.0, Avg: 128.1, Max: 128.2, Diff: 0.2, Sum: 1024.7]
      [GC Worker End (ms): Min: 10778.2, Avg: 10778.2, Max: 10778.3, Diff: 0.1]
   [Code Root Fixup: 0.0 ms]
   [Code Root Purge: 0.0 ms]
   [Clear CT: 0.2 ms]
   [Other: 1.1 ms]
      [Choose CSet: 0.0 ms]
      [Ref Proc: 0.1 ms]
      [Ref Enq: 0.0 ms]
      [Redirty Cards: 0.5 ms]
      [Humongous Register: 0.1 ms]
      [Humongous Reclaim: 0.0 ms]
      [Free CSet: 0.2 ms]
   [Eden: 183.0M(183.0M)->0.0B(204.0M) Survivors: 25.0M->26.0M Heap: 648.6M(2048.0M)->651.6M(2048.0M)]
 [Times: user=0.91 sys=0.06, real=0.13 secs] 
2020-09-29T12:20:50.733+0200: 10.889: [GC pause (G1 Evacuation Pause) (young), 0.1398239 secs]
   [Parallel Time: 138.9 ms, GC Workers: 8]
      [GC Worker Start (ms): Min: 10888.7, Avg: 10888.8, Max: 10888.8, Diff: 0.2]
      [Ext Root Scanning (ms): Min: 0.0, Avg: 0.1, Max: 0.2, Diff: 0.2, Sum: 0.5]
      [Update RS (ms): Min: 13.4, Avg: 13.7, Max: 14.0, Diff: 0.6, Sum: 109.2]
         [Processed Buffers: Min: 14, Avg: 15.1, Max: 18, Diff: 4, Sum: 121]
      [Scan RS (ms): Min: 14.9, Avg: 15.3, Max: 15.6, Diff: 0.6, Sum: 122.5]
      [Code Root Scanning (ms): Min: 0.0, Avg: 0.0, Max: 0.0, Diff: 0.0, Sum: 0.0]
      [Object Copy (ms): Min: 109.5, Avg: 109.6, Max: 109.7, Diff: 0.2, Sum: 876.4]
      [Termination (ms): Min: 0.0, Avg: 0.0, Max: 0.0, Diff: 0.0, Sum: 0.3]
         [Termination Attempts: Min: 1, Avg: 242.9, Max: 322, Diff: 321, Sum: 1943]
      [GC Worker Other (ms): Min: 0.0, Avg: 0.0, Max: 0.1, Diff: 0.1, Sum: 0.3]
      [GC Worker Total (ms): Min: 138.6, Avg: 138.7, Max: 138.7, Diff: 0.1, Sum: 1109.3]
      [GC Worker End (ms): Min: 11027.4, Avg: 11027.4, Max: 11027.5, Diff: 0.1]
   [Code Root Fixup: 0.0 ms]
   [Code Root Purge: 0.0 ms]
   [Clear CT: 0.2 ms]
   [Other: 0.7 ms]
      [Choose CSet: 0.0 ms]
      [Ref Proc: 0.2 ms]
      [Ref Enq: 0.0 ms]
      [Redirty Cards: 0.2 ms]
      [Humongous Register: 0.0 ms]
      [Humongous Reclaim: 0.0 ms]
      [Free CSet: 0.1 ms]
   [Eden: 204.0M(204.0M)->0.0B(214.0M) Survivors: 26.0M->29.0M Heap: 889.9M(2048.0M)->891.4M(2048.0M)]
 [Times: user=1.03 sys=0.03, real=0.14 secs] 
2020-09-29T12:20:50.983+0200: 11.139: [GC pause (G1 Evacuation Pause) (young), 0.1502303 secs]
   [Parallel Time: 149.3 ms, GC Workers: 8]
      [GC Worker Start (ms): Min: 11138.8, Avg: 11138.9, Max: 11139.0, Diff: 0.2]
      [Ext Root Scanning (ms): Min: 0.0, Avg: 0.1, Max: 0.2, Diff: 0.2, Sum: 0.5]
      [Update RS (ms): Min: 16.6, Avg: 16.7, Max: 17.2, Diff: 0.6, Sum: 133.9]
         [Processed Buffers: Min: 16, Avg: 18.1, Max: 20, Diff: 4, Sum: 145]
      [Scan RS (ms): Min: 14.2, Avg: 14.7, Max: 15.6, Diff: 1.4, Sum: 117.5]
      [Code Root Scanning (ms): Min: 0.0, Avg: 0.0, Max: 0.0, Diff: 0.0, Sum: 0.0]
      [Object Copy (ms): Min: 116.6, Avg: 117.5, Max: 117.7, Diff: 1.0, Sum: 939.9]
      [Termination (ms): Min: 0.0, Avg: 0.0, Max: 0.0, Diff: 0.0, Sum: 0.1]
         [Termination Attempts: Min: 1, Avg: 64.3, Max: 94, Diff: 93, Sum: 514]
      [GC Worker Other (ms): Min: 0.0, Avg: 0.0, Max: 0.1, Diff: 0.0, Sum: 0.2]
      [GC Worker Total (ms): Min: 149.0, Avg: 149.0, Max: 149.1, Diff: 0.1, Sum: 1192.1]
      [GC Worker End (ms): Min: 11287.9, Avg: 11287.9, Max: 11287.9, Diff: 0.0]
   [Code Root Fixup: 0.0 ms]
   [Code Root Purge: 0.0 ms]
   [Clear CT: 0.2 ms]
   [Other: 0.8 ms]
      [Choose CSet: 0.0 ms]
      [Ref Proc: 0.2 ms]
      [Ref Enq: 0.0 ms]
      [Redirty Cards: 0.2 ms]
      [Humongous Register: 0.0 ms]
      [Humongous Reclaim: 0.0 ms]
      [Free CSet: 0.2 ms]
   [Eden: 214.0M(214.0M)->0.0B(222.0M) Survivors: 29.0M->31.0M Heap: 1141.6M(2048.0M)->1143.6M(2048.0M)]
 [Times: user=1.06 sys=0.16, real=0.15 secs] 
2020-09-29T12:20:51.146+0200: 11.301: [GC pause (G1 Humongous Allocation) (young) (initial-mark), 0.0450114 secs]
   [Parallel Time: 44.2 ms, GC Workers: 8]
      [GC Worker Start (ms): Min: 11301.4, Avg: 11301.5, Max: 11301.6, Diff: 0.2]
      [Ext Root Scanning (ms): Min: 0.0, Avg: 0.2, Max: 0.3, Diff: 0.3, Sum: 1.3]
      [Update RS (ms): Min: 20.3, Avg: 20.5, Max: 20.8, Diff: 0.5, Sum: 163.7]
         [Processed Buffers: Min: 22, Avg: 24.6, Max: 26, Diff: 4, Sum: 197]
      [Scan RS (ms): Min: 1.8, Avg: 2.2, Max: 2.7, Diff: 0.8, Sum: 17.8]
      [Code Root Scanning (ms): Min: 0.0, Avg: 0.0, Max: 0.0, Diff: 0.0, Sum: 0.0]
      [Object Copy (ms): Min: 20.6, Avg: 21.1, Max: 21.2, Diff: 0.6, Sum: 168.9]
      [Termination (ms): Min: 0.0, Avg: 0.0, Max: 0.0, Diff: 0.0, Sum: 0.1]
         [Termination Attempts: Min: 1, Avg: 109.9, Max: 148, Diff: 147, Sum: 879]
      [GC Worker Other (ms): Min: 0.0, Avg: 0.0, Max: 0.0, Diff: 0.0, Sum: 0.2]
      [GC Worker Total (ms): Min: 43.9, Avg: 44.0, Max: 44.1, Diff: 0.2, Sum: 352.0]
      [GC Worker End (ms): Min: 11345.5, Avg: 11345.5, Max: 11345.5, Diff: 0.0]
   [Code Root Fixup: 0.0 ms]
   [Code Root Purge: 0.0 ms]
   [Clear CT: 0.2 ms]
   [Other: 0.7 ms]
      [Choose CSet: 0.0 ms]
      [Ref Proc: 0.2 ms]
      [Ref Enq: 0.0 ms]
      [Redirty Cards: 0.2 ms]
      [Humongous Register: 0.0 ms]
      [Humongous Reclaim: 0.0 ms]
      [Free CSet: 0.0 ms]
   [Eden: 10.0M(222.0M)->0.0B(261.0M) Survivors: 31.0M->12.0M Heap: 1153.6M(2048.0M)->1157.6M(2048.0M)]
 [Times: user=0.22 sys=0.03, real=0.05 secs] 
2020-09-29T12:20:51.191+0200: 11.346: [GC concurrent-root-region-scan-start]
2020-09-29T12:20:51.193+0200: 11.349: [GC concurrent-root-region-scan-end, 0.0021305 secs]
2020-09-29T12:20:51.193+0200: 11.349: [GC concurrent-mark-start]
2020-09-29T12:20:51.196+0200: 11.351: [GC concurrent-mark-end, 0.0029204 secs]
2020-09-29T12:20:51.196+0200: 11.352: [GC remark 2020-09-29T12:20:51.196+0200: 11.352: [Finalize Marking, 0.0002347 secs] 2020-09-29T12:20:51.196+0200: 11.352: [GC ref-proc, 0.0003586 secs] 2020-09-29T12:20:51.197+0200: 11.352: [Unloading, 0.0005137 secs], 0.0015244 secs]
 [Times: user=0.00 sys=0.00, real=0.00 secs] 
2020-09-29T12:20:51.198+0200: 11.353: [GC cleanup 1167M->29M(2048M), 0.0013746 secs]
 [Times: user=0.00 sys=0.00, real=0.00 secs] 
2020-09-29T12:20:51.199+0200: 11.355: [GC concurrent-cleanup-start]
2020-09-29T12:20:51.201+0200: 11.357: [GC concurrent-cleanup-end, 0.0018309 secs]
2020-09-29T12:20:51.338+0200: 11.494: [GC pause (G1 Evacuation Pause) (young), 0.1654704 secs]
   [Parallel Time: 163.8 ms, GC Workers: 8]
      [GC Worker Start (ms): Min: 11494.0, Avg: 11494.1, Max: 11494.1, Diff: 0.1]
      [Ext Root Scanning (ms): Min: 0.0, Avg: 0.1, Max: 0.2, Diff: 0.2, Sum: 0.7]
      [Update RS (ms): Min: 16.7, Avg: 17.1, Max: 17.7, Diff: 1.0, Sum: 136.7]
         [Processed Buffers: Min: 13, Avg: 14.6, Max: 18, Diff: 5, Sum: 117]
      [Scan RS (ms): Min: 20.3, Avg: 21.0, Max: 21.9, Diff: 1.6, Sum: 168.1]
      [Code Root Scanning (ms): Min: 0.0, Avg: 0.0, Max: 0.0, Diff: 0.0, Sum: 0.0]
      [Object Copy (ms): Min: 124.7, Avg: 125.2, Max: 125.4, Diff: 0.7, Sum: 1001.7]
      [Termination (ms): Min: 0.0, Avg: 0.1, Max: 0.1, Diff: 0.1, Sum: 0.9]
         [Termination Attempts: Min: 1, Avg: 897.3, Max: 1105, Diff: 1104, Sum: 7178]
      [GC Worker Other (ms): Min: 0.0, Avg: 0.0, Max: 0.1, Diff: 0.0, Sum: 0.2]
      [GC Worker Total (ms): Min: 163.5, Avg: 163.6, Max: 163.6, Diff: 0.1, Sum: 1308.5]
      [GC Worker End (ms): Min: 11657.6, Avg: 11657.6, Max: 11657.7, Diff: 0.0]
   [Code Root Fixup: 0.0 ms]
   [Code Root Purge: 0.0 ms]
   [Clear CT: 0.2 ms]
   [Other: 1.5 ms]
      [Choose CSet: 0.0 ms]
      [Ref Proc: 0.2 ms]
      [Ref Enq: 0.0 ms]
      [Redirty Cards: 0.8 ms]
      [Humongous Register: 0.0 ms]
      [Humongous Reclaim: 0.0 ms]
      [Free CSet: 0.2 ms]
   [Eden: 261.0M(261.0M)->0.0B(237.0M) Survivors: 12.0M->35.0M Heap: 324.9M(2048.0M)->314.9M(2048.0M)]
 [Times: user=1.22 sys=0.03, real=0.17 secs] 
2020-09-29T12:20:51.649+0200: 11.805: [GC pause (G1 Evacuation Pause) (young), 0.1794133 secs]
   [Parallel Time: 178.3 ms, GC Workers: 8]
      [GC Worker Start (ms): Min: 11805.1, Avg: 11806.3, Max: 11814.0, Diff: 8.9]
      [Ext Root Scanning (ms): Min: 0.0, Avg: 0.1, Max: 0.1, Diff: 0.1, Sum: 0.6]
      [Update RS (ms): Min: 0.0, Avg: 13.9, Max: 16.4, Diff: 16.4, Sum: 111.4]
         [Processed Buffers: Min: 0, Avg: 15.1, Max: 20, Diff: 20, Sum: 121]
      [Scan RS (ms): Min: 8.3, Avg: 19.0, Max: 20.9, Diff: 12.6, Sum: 152.1]
      [Code Root Scanning (ms): Min: 0.0, Avg: 0.0, Max: 0.0, Diff: 0.0, Sum: 0.0]
      [Object Copy (ms): Min: 141.3, Avg: 141.4, Max: 141.5, Diff: 0.3, Sum: 1131.5]
      [Termination (ms): Min: 0.0, Avg: 0.0, Max: 0.0, Diff: 0.0, Sum: 0.1]
         [Termination Attempts: Min: 1, Avg: 86.5, Max: 119, Diff: 118, Sum: 692]
      [GC Worker Other (ms): Min: 0.0, Avg: 2.5, Max: 19.3, Diff: 19.3, Sum: 19.7]
      [GC Worker Total (ms): Min: 169.2, Avg: 176.9, Max: 178.1, Diff: 8.9, Sum: 1415.5]
      [GC Worker End (ms): Min: 11983.1, Avg: 11983.2, Max: 11983.2, Diff: 0.1]
   [Code Root Fixup: 0.0 ms]
   [Code Root Purge: 0.0 ms]
   [Clear CT: 0.2 ms]
   [Other: 1.0 ms]
      [Choose CSet: 0.0 ms]
      [Ref Proc: 0.2 ms]
      [Ref Enq: 0.0 ms]
      [Redirty Cards: 0.2 ms]
      [Humongous Register: 0.1 ms]
      [Humongous Reclaim: 0.0 ms]
      [Free CSet: 0.3 ms]
   [Eden: 237.0M(237.0M)->0.0B(230.0M) Survivors: 35.0M->34.0M Heap: 591.9M(2048.0M)->593.9M(2048.0M)]
 [Times: user=1.20 sys=0.11, real=0.18 secs] 
2020-09-29T12:20:51.958+0200: 12.113: [GC pause (G1 Evacuation Pause) (young), 0.1585208 secs]
   [Parallel Time: 157.5 ms, GC Workers: 8]
      [GC Worker Start (ms): Min: 12113.5, Avg: 12113.6, Max: 12113.6, Diff: 0.1]
      [Ext Root Scanning (ms): Min: 0.0, Avg: 0.1, Max: 0.1, Diff: 0.1, Sum: 0.6]
      [Update RS (ms): Min: 16.2, Avg: 16.5, Max: 16.8, Diff: 0.6, Sum: 132.1]
         [Processed Buffers: Min: 15, Avg: 16.4, Max: 19, Diff: 4, Sum: 131]
      [Scan RS (ms): Min: 17.8, Avg: 19.8, Max: 32.1, Diff: 14.4, Sum: 158.1]
      [Code Root Scanning (ms): Min: 0.0, Avg: 0.0, Max: 0.0, Diff: 0.0, Sum: 0.0]
      [Object Copy (ms): Min: 108.9, Avg: 120.9, Max: 122.7, Diff: 13.8, Sum: 967.2]
      [Termination (ms): Min: 0.0, Avg: 0.0, Max: 0.1, Diff: 0.1, Sum: 0.3]
         [Termination Attempts: Min: 1, Avg: 268.5, Max: 346, Diff: 345, Sum: 2148]
      [GC Worker Other (ms): Min: 0.0, Avg: 0.1, Max: 0.1, Diff: 0.1, Sum: 0.5]
      [GC Worker Total (ms): Min: 157.3, Avg: 157.4, Max: 157.5, Diff: 0.1, Sum: 1259.0]
      [GC Worker End (ms): Min: 12270.9, Avg: 12270.9, Max: 12271.0, Diff: 0.1]
   [Code Root Fixup: 0.0 ms]
   [Code Root Purge: 0.0 ms]
   [Clear CT: 0.2 ms]
   [Other: 0.8 ms]
      [Choose CSet: 0.0 ms]
      [Ref Proc: 0.1 ms]
      [Ref Enq: 0.0 ms]
      [Redirty Cards: 0.2 ms]
      [Humongous Register: 0.0 ms]
      [Humongous Reclaim: 0.0 ms]
      [Free CSet: 0.2 ms]
   [Eden: 230.0M(230.0M)->0.0B(236.0M) Survivors: 34.0M->33.0M Heap: 862.1M(2048.0M)->863.6M(2048.0M)]
 [Times: user=1.14 sys=0.05, real=0.16 secs] 
2020-09-29T12:20:52.245+0200: 12.400: [GC pause (G1 Evacuation Pause) (young), 0.1592956 secs]
   [Parallel Time: 158.3 ms, GC Workers: 8]
      [GC Worker Start (ms): Min: 12400.4, Avg: 12400.6, Max: 12400.6, Diff: 0.2]
      [Ext Root Scanning (ms): Min: 0.0, Avg: 0.0, Max: 0.2, Diff: 0.2, Sum: 0.4]
      [Update RS (ms): Min: 17.4, Avg: 17.6, Max: 18.3, Diff: 0.9, Sum: 141.1]
         [Processed Buffers: Min: 17, Avg: 19.3, Max: 21, Diff: 4, Sum: 154]
      [Scan RS (ms): Min: 16.0, Avg: 16.7, Max: 17.1, Diff: 1.1, Sum: 133.7]
      [Code Root Scanning (ms): Min: 0.0, Avg: 0.0, Max: 0.0, Diff: 0.0, Sum: 0.0]
      [Object Copy (ms): Min: 123.5, Avg: 123.6, Max: 123.7, Diff: 0.3, Sum: 988.8]
      [Termination (ms): Min: 0.0, Avg: 0.1, Max: 0.1, Diff: 0.1, Sum: 0.5]
         [Termination Attempts: Min: 1, Avg: 398.5, Max: 490, Diff: 489, Sum: 3188]
      [GC Worker Other (ms): Min: 0.0, Avg: 0.0, Max: 0.1, Diff: 0.0, Sum: 0.3]
      [GC Worker Total (ms): Min: 158.1, Avg: 158.1, Max: 158.2, Diff: 0.2, Sum: 1264.9]
      [GC Worker End (ms): Min: 12558.6, Avg: 12558.7, Max: 12558.7, Diff: 0.0]
   [Code Root Fixup: 0.0 ms]
   [Code Root Purge: 0.0 ms]
   [Clear CT: 0.2 ms]
   [Other: 0.8 ms]
      [Choose CSet: 0.0 ms]
      [Ref Proc: 0.1 ms]
      [Ref Enq: 0.0 ms]
      [Redirty Cards: 0.2 ms]
      [Humongous Register: 0.0 ms]
      [Humongous Reclaim: 0.0 ms]
      [Free CSet: 0.3 ms]
   [Eden: 236.0M(236.0M)->0.0B(246.0M) Survivors: 33.0M->34.0M Heap: 1139.6M(2048.0M)->1142.1M(2048.0M)]
 [Times: user=1.19 sys=0.05, real=0.16 secs] 
2020-09-29T12:20:52.419+0200: 12.574: [GC pause (G1 Humongous Allocation) (young) (initial-mark), 0.0573261 secs]
   [Parallel Time: 56.5 ms, GC Workers: 8]
      [GC Worker Start (ms): Min: 12574.4, Avg: 12574.5, Max: 12574.6, Diff: 0.2]
      [Ext Root Scanning (ms): Min: 0.0, Avg: 0.7, Max: 4.4, Diff: 4.4, Sum: 5.4]
      [Update RS (ms): Min: 23.0, Avg: 26.6, Max: 27.5, Diff: 4.5, Sum: 213.2]
         [Processed Buffers: Min: 24, Avg: 29.5, Max: 35, Diff: 11, Sum: 236]
      [Scan RS (ms): Min: 2.7, Avg: 2.9, Max: 3.3, Diff: 0.6, Sum: 23.4]
      [Code Root Scanning (ms): Min: 0.0, Avg: 0.0, Max: 0.0, Diff: 0.0, Sum: 0.0]
      [Object Copy (ms): Min: 25.9, Avg: 26.0, Max: 26.0, Diff: 0.1, Sum: 207.9]
      [Termination (ms): Min: 0.0, Avg: 0.1, Max: 0.2, Diff: 0.1, Sum: 1.0]
         [Termination Attempts: Min: 1, Avg: 299.0, Max: 404, Diff: 403, Sum: 2392]
      [GC Worker Other (ms): Min: 0.0, Avg: 0.0, Max: 0.0, Diff: 0.0, Sum: 0.1]
      [GC Worker Total (ms): Min: 56.3, Avg: 56.4, Max: 56.4, Diff: 0.2, Sum: 451.0]
      [GC Worker End (ms): Min: 12630.8, Avg: 12630.8, Max: 12630.9, Diff: 0.1]
   [Code Root Fixup: 0.0 ms]
   [Code Root Purge: 0.0 ms]
   [Clear CT: 0.1 ms]
   [Other: 0.7 ms]
      [Choose CSet: 0.0 ms]
      [Ref Proc: 0.2 ms]
      [Ref Enq: 0.0 ms]
      [Redirty Cards: 0.2 ms]
      [Humongous Register: 0.0 ms]
      [Humongous Reclaim: 0.0 ms]
      [Free CSet: 0.0 ms]
   [Eden: 9216.0K(246.0M)->0.0B(263.0M) Survivors: 34.0M->11.0M Heap: 1151.1M(2048.0M)->1155.1M(2048.0M)]
 [Times: user=0.44 sys=0.00, real=0.06 secs] 
2020-09-29T12:20:52.476+0200: 12.632: [GC concurrent-root-region-scan-start]
2020-09-29T12:20:52.478+0200: 12.633: [GC concurrent-root-region-scan-end, 0.0017446 secs]
2020-09-29T12:20:52.478+0200: 12.633: [GC concurrent-mark-start]
2020-09-29T12:20:52.481+0200: 12.636: [GC concurrent-mark-end, 0.0026387 secs]
2020-09-29T12:20:52.481+0200: 12.636: [GC remark 2020-09-29T12:20:52.481+0200: 12.636: [Finalize Marking, 0.0001996 secs] 2020-09-29T12:20:52.481+0200: 12.637: [GC ref-proc, 0.0003124 secs] 2020-09-29T12:20:52.482+0200: 12.637: [Unloading, 0.0004734 secs], 0.0012642 secs]
 [Times: user=0.00 sys=0.00, real=0.00 secs] 
2020-09-29T12:20:52.483+0200: 12.638: [GC cleanup 1164M->27M(2048M), 0.0019604 secs]
 [Times: user=0.00 sys=0.00, real=0.00 secs] 
2020-09-29T12:20:52.485+0200: 12.640: [GC concurrent-cleanup-start]
2020-09-29T12:20:52.486+0200: 12.642: [GC concurrent-cleanup-end, 0.0014119 secs]
2020-09-29T12:20:52.635+0200: 12.791: [GC pause (G1 Evacuation Pause) (young), 0.1730413 secs]
   [Parallel Time: 172.0 ms, GC Workers: 8]
      [GC Worker Start (ms): Min: 12791.0, Avg: 12791.0, Max: 12791.1, Diff: 0.2]
      [Ext Root Scanning (ms): Min: 0.0, Avg: 0.1, Max: 0.1, Diff: 0.1, Sum: 0.7]
      [Update RS (ms): Min: 26.7, Avg: 27.2, Max: 27.7, Diff: 1.1, Sum: 217.8]
         [Processed Buffers: Min: 11, Avg: 19.4, Max: 23, Diff: 12, Sum: 155]
      [Scan RS (ms): Min: 14.3, Avg: 14.9, Max: 15.6, Diff: 1.2, Sum: 118.9]
      [Code Root Scanning (ms): Min: 0.0, Avg: 0.0, Max: 0.0, Diff: 0.0, Sum: 0.0]
      [Object Copy (ms): Min: 129.4, Avg: 129.6, Max: 129.6, Diff: 0.2, Sum: 1036.5]
      [Termination (ms): Min: 0.0, Avg: 0.1, Max: 0.1, Diff: 0.1, Sum: 0.9]
         [Termination Attempts: Min: 1, Avg: 753.3, Max: 981, Diff: 980, Sum: 6026]
      [GC Worker Other (ms): Min: 0.0, Avg: 0.0, Max: 0.1, Diff: 0.1, Sum: 0.3]
      [GC Worker Total (ms): Min: 171.8, Avg: 171.9, Max: 172.0, Diff: 0.2, Sum: 1375.1]
      [GC Worker End (ms): Min: 12962.9, Avg: 12962.9, Max: 12962.9, Diff: 0.1]
   [Code Root Fixup: 0.0 ms]
   [Code Root Purge: 0.0 ms]
   [Clear CT: 0.2 ms]
   [Other: 0.8 ms]
      [Choose CSet: 0.0 ms]
      [Ref Proc: 0.1 ms]
      [Ref Enq: 0.0 ms]
      [Redirty Cards: 0.2 ms]
      [Humongous Register: 0.0 ms]
      [Humongous Reclaim: 0.0 ms]
      [Free CSet: 0.2 ms]
   [Eden: 263.0M(263.0M)->0.0B(240.0M) Survivors: 11.0M->35.0M Heap: 325.9M(2048.0M)->316.9M(2048.0M)]
 [Times: user=1.14 sys=0.14, real=0.17 secs] 
2020-09-29T12:20:52.945+0200: 13.101: [GC pause (G1 Evacuation Pause) (young), 0.1657862 secs]
   [Parallel Time: 164.7 ms, GC Workers: 8]
      [GC Worker Start (ms): Min: 13100.6, Avg: 13100.7, Max: 13100.8, Diff: 0.1]
      [Ext Root Scanning (ms): Min: 0.0, Avg: 0.1, Max: 0.1, Diff: 0.1, Sum: 0.5]
      [Update RS (ms): Min: 18.9, Avg: 19.3, Max: 19.9, Diff: 1.0, Sum: 154.6]
         [Processed Buffers: Min: 15, Avg: 16.1, Max: 18, Diff: 3, Sum: 129]
      [Scan RS (ms): Min: 20.6, Avg: 21.2, Max: 21.7, Diff: 1.2, Sum: 169.7]
      [Code Root Scanning (ms): Min: 0.0, Avg: 0.0, Max: 0.0, Diff: 0.0, Sum: 0.0]
      [Object Copy (ms): Min: 123.7, Avg: 123.9, Max: 123.9, Diff: 0.2, Sum: 991.0]
      [Termination (ms): Min: 0.0, Avg: 0.1, Max: 0.1, Diff: 0.1, Sum: 0.5]
         [Termination Attempts: Min: 1, Avg: 494.3, Max: 595, Diff: 594, Sum: 3954]
      [GC Worker Other (ms): Min: 0.0, Avg: 0.1, Max: 0.1, Diff: 0.1, Sum: 0.4]
      [GC Worker Total (ms): Min: 164.5, Avg: 164.6, Max: 164.7, Diff: 0.1, Sum: 1316.6]
      [GC Worker End (ms): Min: 13265.3, Avg: 13265.3, Max: 13265.3, Diff: 0.1]
   [Code Root Fixup: 0.0 ms]
   [Code Root Purge: 0.0 ms]
   [Clear CT: 0.3 ms]
   [Other: 0.8 ms]
      [Choose CSet: 0.0 ms]
      [Ref Proc: 0.1 ms]
      [Ref Enq: 0.0 ms]
      [Redirty Cards: 0.2 ms]
      [Humongous Register: 0.0 ms]
      [Humongous Reclaim: 0.0 ms]
      [Free CSet: 0.2 ms]
   [Eden: 240.0M(240.0M)->0.0B(238.0M) Survivors: 35.0M->35.0M Heap: 596.9M(2048.0M)->598.9M(2048.0M)]
 [Times: user=1.16 sys=0.08, real=0.17 secs] 
2020-09-29T12:20:53.238+0200: 13.393: [GC pause (G1 Evacuation Pause) (young), 0.1823500 secs]
   [Parallel Time: 181.1 ms, GC Workers: 8]
      [GC Worker Start (ms): Min: 13393.2, Avg: 13393.3, Max: 13393.4, Diff: 0.2]
      [Ext Root Scanning (ms): Min: 0.0, Avg: 0.1, Max: 0.1, Diff: 0.1, Sum: 0.5]
      [Update RS (ms): Min: 17.6, Avg: 17.8, Max: 18.3, Diff: 0.8, Sum: 142.5]
         [Processed Buffers: Min: 16, Avg: 17.1, Max: 19, Diff: 3, Sum: 137]
      [Scan RS (ms): Min: 17.1, Avg: 18.7, Max: 26.3, Diff: 9.2, Sum: 149.2]
      [Code Root Scanning (ms): Min: 0.0, Avg: 0.0, Max: 0.0, Diff: 0.0, Sum: 0.0]
      [Object Copy (ms): Min: 136.5, Avg: 144.0, Max: 145.4, Diff: 8.9, Sum: 1152.2]
      [Termination (ms): Min: 0.0, Avg: 0.3, Max: 0.4, Diff: 0.4, Sum: 2.5]
         [Termination Attempts: Min: 1, Avg: 2138.6, Max: 2751, Diff: 2750, Sum: 17109]
      [GC Worker Other (ms): Min: 0.0, Avg: 0.0, Max: 0.1, Diff: 0.1, Sum: 0.4]
      [GC Worker Total (ms): Min: 180.9, Avg: 180.9, Max: 181.0, Diff: 0.1, Sum: 1447.3]
      [GC Worker End (ms): Min: 13574.2, Avg: 13574.2, Max: 13574.3, Diff: 0.1]
   [Code Root Fixup: 0.0 ms]
   [Code Root Purge: 0.0 ms]
   [Clear CT: 0.2 ms]
   [Other: 1.1 ms]
      [Choose CSet: 0.0 ms]
      [Ref Proc: 0.2 ms]
      [Ref Enq: 0.0 ms]
      [Redirty Cards: 0.3 ms]
      [Humongous Register: 0.0 ms]
      [Humongous Reclaim: 0.0 ms]
      [Free CSet: 0.3 ms]
   [Eden: 238.0M(238.0M)->0.0B(234.0M) Survivors: 35.0M->35.0M Heap: 877.0M(2048.0M)->879.0M(2048.0M)]
 [Times: user=1.42 sys=0.03, real=0.18 secs] 
2020-09-29T12:20:53.551+0200: 13.706: [GC pause (G1 Evacuation Pause) (young), 0.1717799 secs]
   [Parallel Time: 170.1 ms, GC Workers: 8]
      [GC Worker Start (ms): Min: 13706.6, Avg: 13706.7, Max: 13706.8, Diff: 0.2]
      [Ext Root Scanning (ms): Min: 0.0, Avg: 0.1, Max: 0.2, Diff: 0.2, Sum: 0.6]
      [Update RS (ms): Min: 18.9, Avg: 18.9, Max: 19.0, Diff: 0.1, Sum: 151.4]
         [Processed Buffers: Min: 15, Avg: 18.8, Max: 24, Diff: 9, Sum: 150]
      [Scan RS (ms): Min: 16.7, Avg: 16.8, Max: 17.0, Diff: 0.3, Sum: 134.5]
      [Code Root Scanning (ms): Min: 0.0, Avg: 0.0, Max: 0.0, Diff: 0.0, Sum: 0.0]
      [Object Copy (ms): Min: 133.5, Avg: 133.7, Max: 133.8, Diff: 0.3, Sum: 1069.4]
      [Termination (ms): Min: 0.0, Avg: 0.3, Max: 0.4, Diff: 0.4, Sum: 2.4]
         [Termination Attempts: Min: 1, Avg: 2036.6, Max: 2561, Diff: 2560, Sum: 16293]
      [GC Worker Other (ms): Min: 0.0, Avg: 0.1, Max: 0.1, Diff: 0.1, Sum: 0.5]
      [GC Worker Total (ms): Min: 169.8, Avg: 169.9, Max: 170.0, Diff: 0.2, Sum: 1358.8]
      [GC Worker End (ms): Min: 13876.5, Avg: 13876.6, Max: 13876.6, Diff: 0.1]
   [Code Root Fixup: 0.0 ms]
   [Code Root Purge: 0.0 ms]
   [Clear CT: 0.3 ms]
   [Other: 1.4 ms]
      [Choose CSet: 0.0 ms]
      [Ref Proc: 0.1 ms]
      [Ref Enq: 0.0 ms]
      [Redirty Cards: 0.8 ms]
      [Humongous Register: 0.0 ms]
      [Humongous Reclaim: 0.0 ms]
      [Free CSet: 0.2 ms]
   [Eden: 234.0M(234.0M)->0.0B(240.0M) Survivors: 35.0M->34.0M Heap: 1153.0M(2048.0M)->1154.0M(2048.0M)]
 [Times: user=1.14 sys=0.08, real=0.17 secs] 
2020-09-29T12:20:53.728+0200: 13.884: [GC pause (G1 Humongous Allocation) (young) (initial-mark), 0.0538559 secs]
   [Parallel Time: 53.0 ms, GC Workers: 8]
      [GC Worker Start (ms): Min: 13884.0, Avg: 13884.1, Max: 13884.1, Diff: 0.1]
      [Ext Root Scanning (ms): Min: 0.0, Avg: 0.1, Max: 0.1, Diff: 0.1, Sum: 0.7]
      [Update RS (ms): Min: 30.8, Avg: 31.1, Max: 31.4, Diff: 0.5, Sum: 248.7]
         [Processed Buffers: Min: 35, Avg: 39.8, Max: 42, Diff: 7, Sum: 318]
      [Scan RS (ms): Min: 1.8, Avg: 2.0, Max: 2.3, Diff: 0.5, Sum: 16.0]
      [Code Root Scanning (ms): Min: 0.0, Avg: 0.0, Max: 0.0, Diff: 0.0, Sum: 0.0]
      [Object Copy (ms): Min: 19.5, Avg: 19.6, Max: 19.6, Diff: 0.1, Sum: 156.5]
      [Termination (ms): Min: 0.0, Avg: 0.0, Max: 0.1, Diff: 0.1, Sum: 0.3]
         [Termination Attempts: Min: 1, Avg: 267.4, Max: 360, Diff: 359, Sum: 2139]
      [GC Worker Other (ms): Min: 0.0, Avg: 0.0, Max: 0.0, Diff: 0.0, Sum: 0.1]
      [GC Worker Total (ms): Min: 52.7, Avg: 52.8, Max: 52.8, Diff: 0.1, Sum: 422.3]
      [GC Worker End (ms): Min: 13936.8, Avg: 13936.8, Max: 13936.9, Diff: 0.0]
   [Code Root Fixup: 0.0 ms]
   [Code Root Purge: 0.0 ms]
   [Clear CT: 0.1 ms]
   [Other: 0.7 ms]
      [Choose CSet: 0.0 ms]
      [Ref Proc: 0.2 ms]
      [Ref Enq: 0.0 ms]
      [Redirty Cards: 0.1 ms]
      [Humongous Register: 0.1 ms]
      [Humongous Reclaim: 0.0 ms]
      [Free CSet: 0.1 ms]
   [Eden: 10.0M(240.0M)->0.0B(271.0M) Survivors: 34.0M->13.0M Heap: 1163.5M(2048.0M)->1169.0M(2048.0M)]
 [Times: user=0.36 sys=0.01, real=0.05 secs] 
2020-09-29T12:20:53.782+0200: 13.938: [GC concurrent-root-region-scan-start]
2020-09-29T12:20:53.785+0200: 13.941: [GC concurrent-root-region-scan-end, 0.0029529 secs]
2020-09-29T12:20:53.785+0200: 13.941: [GC concurrent-mark-start]
2020-09-29T12:20:53.789+0200: 13.944: [GC concurrent-mark-end, 0.0036294 secs]
2020-09-29T12:20:53.789+0200: 13.945: [GC remark 2020-09-29T12:20:53.789+0200: 13.945: [Finalize Marking, 0.0001731 secs] 2020-09-29T12:20:53.790+0200: 13.945: [GC ref-proc, 0.0003986 secs] 2020-09-29T12:20:53.790+0200: 13.945: [Unloading, 0.0004831 secs], 0.0015436 secs]
 [Times: user=0.00 sys=0.00, real=0.00 secs] 
2020-09-29T12:20:53.791+0200: 13.947: [GC cleanup 1180M->32M(2048M), 0.0013475 secs]
 [Times: user=0.00 sys=0.00, real=0.00 secs] 
2020-09-29T12:20:53.793+0200: 13.948: [GC concurrent-cleanup-start]
2020-09-29T12:20:53.795+0200: 13.950: [GC concurrent-cleanup-end, 0.0020749 secs]
2020-09-29T12:20:53.934+0200: 14.090: [GC pause (G1 Evacuation Pause) (young), 0.1603898 secs]
   [Parallel Time: 159.3 ms, GC Workers: 8]
      [GC Worker Start (ms): Min: 14090.1, Avg: 14090.2, Max: 14090.3, Diff: 0.2]
      [Ext Root Scanning (ms): Min: 0.0, Avg: 0.1, Max: 0.2, Diff: 0.2, Sum: 0.5]
      [Update RS (ms): Min: 19.5, Avg: 19.9, Max: 21.3, Diff: 1.8, Sum: 159.3]
         [Processed Buffers: Min: 17, Avg: 18.5, Max: 20, Diff: 3, Sum: 148]
      [Scan RS (ms): Min: 14.7, Avg: 16.2, Max: 16.5, Diff: 1.8, Sum: 129.2]
      [Code Root Scanning (ms): Min: 0.0, Avg: 0.0, Max: 0.0, Diff: 0.0, Sum: 0.0]
      [Object Copy (ms): Min: 122.5, Avg: 122.7, Max: 122.7, Diff: 0.2, Sum: 981.4]
      [Termination (ms): Min: 0.0, Avg: 0.1, Max: 0.2, Diff: 0.2, Sum: 1.2]
         [Termination Attempts: Min: 1, Avg: 937.3, Max: 1188, Diff: 1187, Sum: 7498]
      [GC Worker Other (ms): Min: 0.0, Avg: 0.1, Max: 0.2, Diff: 0.2, Sum: 0.7]
      [GC Worker Total (ms): Min: 158.9, Avg: 159.0, Max: 159.2, Diff: 0.3, Sum: 1272.3]
      [GC Worker End (ms): Min: 14249.2, Avg: 14249.2, Max: 14249.3, Diff: 0.2]
   [Code Root Fixup: 0.0 ms]
   [Code Root Purge: 0.0 ms]
   [Clear CT: 0.2 ms]
   [Other: 0.9 ms]
      [Choose CSet: 0.0 ms]
      [Ref Proc: 0.1 ms]
      [Ref Enq: 0.0 ms]
      [Redirty Cards: 0.2 ms]
      [Humongous Register: 0.0 ms]
      [Humongous Reclaim: 0.0 ms]
      [Free CSet: 0.2 ms]
   [Eden: 271.0M(271.0M)->0.0B(257.0M) Survivors: 13.0M->36.0M Heap: 337.3M(2048.0M)->326.8M(2048.0M)]
 [Times: user=1.23 sys=0.02, real=0.16 secs] 
2020-09-29T12:20:54.233+0200: 14.388: [GC pause (G1 Evacuation Pause) (young), 0.1977248 secs]
   [Parallel Time: 196.4 ms, GC Workers: 8]
      [GC Worker Start (ms): Min: 14388.2, Avg: 14388.2, Max: 14388.3, Diff: 0.1]
      [Ext Root Scanning (ms): Min: 0.0, Avg: 0.1, Max: 0.1, Diff: 0.1, Sum: 0.6]
      [Update RS (ms): Min: 24.7, Avg: 24.9, Max: 25.2, Diff: 0.5, Sum: 198.8]
         [Processed Buffers: Min: 23, Avg: 25.9, Max: 29, Diff: 6, Sum: 207]
      [Scan RS (ms): Min: 14.4, Avg: 14.7, Max: 15.0, Diff: 0.6, Sum: 117.8]
      [Code Root Scanning (ms): Min: 0.0, Avg: 0.0, Max: 0.0, Diff: 0.0, Sum: 0.0]
      [Object Copy (ms): Min: 156.3, Avg: 156.3, Max: 156.4, Diff: 0.0, Sum: 1250.6]
      [Termination (ms): Min: 0.0, Avg: 0.1, Max: 0.2, Diff: 0.2, Sum: 1.1]
         [Termination Attempts: Min: 1, Avg: 962.8, Max: 1178, Diff: 1177, Sum: 7702]
      [GC Worker Other (ms): Min: 0.0, Avg: 0.0, Max: 0.1, Diff: 0.1, Sum: 0.4]
      [GC Worker Total (ms): Min: 196.1, Avg: 196.2, Max: 196.2, Diff: 0.1, Sum: 1569.3]
      [GC Worker End (ms): Min: 14584.4, Avg: 14584.4, Max: 14584.5, Diff: 0.1]
   [Code Root Fixup: 0.0 ms]
   [Code Root Purge: 0.0 ms]
   [Clear CT: 0.2 ms]
   [Other: 1.1 ms]
      [Choose CSet: 0.0 ms]
      [Ref Proc: 0.2 ms]
      [Ref Enq: 0.0 ms]
      [Redirty Cards: 0.3 ms]
      [Humongous Register: 0.0 ms]
      [Humongous Reclaim: 0.0 ms]
      [Free CSet: 0.3 ms]
   [Eden: 257.0M(257.0M)->0.0B(240.0M) Survivors: 36.0M->37.0M Heap: 627.6M(2048.0M)->630.1M(2048.0M)]
 [Times: user=1.48 sys=0.08, real=0.20 secs] 
2020-09-29T12:20:54.558+0200: 14.714: [GC pause (G1 Evacuation Pause) (young), 0.1814336 secs]
   [Parallel Time: 179.9 ms, GC Workers: 8]
      [GC Worker Start (ms): Min: 14713.8, Avg: 14713.9, Max: 14714.0, Diff: 0.2]
      [Ext Root Scanning (ms): Min: 0.0, Avg: 0.1, Max: 0.2, Diff: 0.2, Sum: 0.5]
      [Update RS (ms): Min: 21.2, Avg: 21.4, Max: 22.1, Diff: 0.9, Sum: 171.5]
         [Processed Buffers: Min: 17, Avg: 20.3, Max: 22, Diff: 5, Sum: 162]
      [Scan RS (ms): Min: 16.0, Avg: 18.2, Max: 28.8, Diff: 12.8, Sum: 145.6]
      [Code Root Scanning (ms): Min: 0.0, Avg: 0.0, Max: 0.0, Diff: 0.0, Sum: 0.0]
      [Object Copy (ms): Min: 129.3, Avg: 139.7, Max: 141.5, Diff: 12.1, Sum: 1118.0]
      [Termination (ms): Min: 0.0, Avg: 0.2, Max: 0.2, Diff: 0.2, Sum: 1.3]
         [Termination Attempts: Min: 1, Avg: 1091.6, Max: 1432, Diff: 1431, Sum: 8733]
      [GC Worker Other (ms): Min: 0.0, Avg: 0.0, Max: 0.1, Diff: 0.0, Sum: 0.2]
      [GC Worker Total (ms): Min: 179.6, Avg: 179.6, Max: 179.8, Diff: 0.2, Sum: 1437.1]
      [GC Worker End (ms): Min: 14893.5, Avg: 14893.5, Max: 14893.6, Diff: 0.0]
   [Code Root Fixup: 0.0 ms]
   [Code Root Purge: 0.0 ms]
   [Clear CT: 0.2 ms]
   [Other: 1.3 ms]
      [Choose CSet: 0.0 ms]
      [Ref Proc: 0.2 ms]
      [Ref Enq: 0.0 ms]
      [Redirty Cards: 0.8 ms]
      [Humongous Register: 0.0 ms]
      [Humongous Reclaim: 0.0 ms]
      [Free CSet: 0.2 ms]
   [Eden: 240.0M(240.0M)->0.0B(236.0M) Survivors: 37.0M->35.0M Heap: 910.2M(2048.0M)->912.2M(2048.0M)]
 [Times: user=1.27 sys=0.03, real=0.18 secs] 
2020-09-29T12:20:54.858+0200: 15.013: [GC pause (G1 Humongous Allocation) (young) (initial-mark), 0.1533064 secs]
   [Parallel Time: 152.2 ms, GC Workers: 8]
      [GC Worker Start (ms): Min: 15013.6, Avg: 15013.6, Max: 15013.7, Diff: 0.1]
      [Ext Root Scanning (ms): Min: 0.0, Avg: 0.1, Max: 0.1, Diff: 0.1, Sum: 0.7]
      [Update RS (ms): Min: 16.0, Avg: 16.3, Max: 16.5, Diff: 0.5, Sum: 130.5]
         [Processed Buffers: Min: 15, Avg: 15.6, Max: 17, Diff: 2, Sum: 125]
      [Scan RS (ms): Min: 17.1, Avg: 17.3, Max: 17.6, Diff: 0.6, Sum: 138.5]
      [Code Root Scanning (ms): Min: 0.0, Avg: 0.0, Max: 0.0, Diff: 0.0, Sum: 0.0]
      [Object Copy (ms): Min: 118.1, Avg: 118.2, Max: 118.3, Diff: 0.2, Sum: 945.8]
      [Termination (ms): Min: 0.0, Avg: 0.0, Max: 0.1, Diff: 0.1, Sum: 0.3]
         [Termination Attempts: Min: 1, Avg: 283.0, Max: 348, Diff: 347, Sum: 2264]
      [GC Worker Other (ms): Min: 0.0, Avg: 0.0, Max: 0.1, Diff: 0.0, Sum: 0.4]
      [GC Worker Total (ms): Min: 152.0, Avg: 152.0, Max: 152.1, Diff: 0.1, Sum: 1216.2]
      [GC Worker End (ms): Min: 15165.6, Avg: 15165.6, Max: 15165.7, Diff: 0.0]
   [Code Root Fixup: 0.0 ms]
   [Code Root Purge: 0.0 ms]
   [Clear CT: 0.2 ms]
   [Other: 0.9 ms]
      [Choose CSet: 0.0 ms]
      [Ref Proc: 0.2 ms]
      [Ref Enq: 0.0 ms]
      [Redirty Cards: 0.2 ms]
      [Humongous Register: 0.0 ms]
      [Humongous Reclaim: 0.0 ms]
      [Free CSet: 0.2 ms]
   [Eden: 217.0M(236.0M)->0.0B(244.0M) Survivors: 35.0M->34.0M Heap: 1163.0M(2048.0M)->1165.0M(2048.0M)]
 [Times: user=1.20 sys=0.01, real=0.15 secs] 
2020-09-29T12:20:55.011+0200: 15.167: [GC concurrent-root-region-scan-start]
2020-09-29T12:20:55.023+0200: 15.178: [GC concurrent-root-region-scan-end, 0.0111431 secs]
2020-09-29T12:20:55.023+0200: 15.178: [GC concurrent-mark-start]
2020-09-29T12:20:55.026+0200: 15.181: [GC concurrent-mark-end, 0.0030785 secs]
2020-09-29T12:20:55.027+0200: 15.182: [GC remark 2020-09-29T12:20:55.027+0200: 15.182: [Finalize Marking, 0.0001930 secs] 2020-09-29T12:20:55.027+0200: 15.182: [GC ref-proc, 0.0003693 secs] 2020-09-29T12:20:55.027+0200: 15.183: [Unloading, 0.0004222 secs], 0.0013677 secs]
 [Times: user=0.00 sys=0.00, real=0.00 secs] 
2020-09-29T12:20:55.028+0200: 15.184: [GC cleanup 1186M->63M(2048M), 0.0014789 secs]
 [Times: user=0.00 sys=0.00, real=0.00 secs] 
2020-09-29T12:20:55.030+0200: 15.185: [GC concurrent-cleanup-start]
2020-09-29T12:20:55.032+0200: 15.188: [GC concurrent-cleanup-end, 0.0022815 secs]
2020-09-29T12:20:55.157+0200: 15.312: [GC pause (G1 Evacuation Pause) (young), 0.1645949 secs]
   [Parallel Time: 163.4 ms, GC Workers: 8]
      [GC Worker Start (ms): Min: 15312.4, Avg: 15312.4, Max: 15312.5, Diff: 0.1]
      [Ext Root Scanning (ms): Min: 0.0, Avg: 0.1, Max: 0.1, Diff: 0.1, Sum: 0.7]
      [Update RS (ms): Min: 20.8, Avg: 21.2, Max: 22.8, Diff: 2.0, Sum: 169.2]
         [Processed Buffers: Min: 7, Avg: 17.8, Max: 23, Diff: 16, Sum: 142]
      [Scan RS (ms): Min: 14.0, Avg: 15.6, Max: 16.0, Diff: 1.9, Sum: 124.9]
      [Code Root Scanning (ms): Min: 0.0, Avg: 0.0, Max: 0.0, Diff: 0.0, Sum: 0.0]
      [Object Copy (ms): Min: 126.1, Avg: 126.2, Max: 126.4, Diff: 0.2, Sum: 1009.7]
      [Termination (ms): Min: 0.0, Avg: 0.1, Max: 0.2, Diff: 0.2, Sum: 1.0]
         [Termination Attempts: Min: 1, Avg: 851.0, Max: 1076, Diff: 1075, Sum: 6808]
      [GC Worker Other (ms): Min: 0.0, Avg: 0.1, Max: 0.1, Diff: 0.1, Sum: 0.5]
      [GC Worker Total (ms): Min: 163.2, Avg: 163.3, Max: 163.3, Diff: 0.1, Sum: 1306.1]
      [GC Worker End (ms): Min: 15475.7, Avg: 15475.7, Max: 15475.7, Diff: 0.1]
   [Code Root Fixup: 0.0 ms]
   [Code Root Purge: 0.0 ms]
   [Clear CT: 0.2 ms]
   [Other: 1.0 ms]
      [Choose CSet: 0.0 ms]
      [Ref Proc: 0.1 ms]
      [Ref Enq: 0.0 ms]
      [Redirty Cards: 0.2 ms]
      [Humongous Register: 0.0 ms]
      [Humongous Reclaim: 0.0 ms]
      [Free CSet: 0.3 ms]
   [Eden: 244.0M(244.0M)->0.0B(246.0M) Survivors: 34.0M->35.0M Heap: 328.0M(2048.0M)->296.0M(2048.0M)]
 [Times: user=1.22 sys=0.06, real=0.16 secs] 
2020-09-29T12:20:55.466+0200: 15.622: [GC pause (G1 Evacuation Pause) (young), 0.1720579 secs]
   [Parallel Time: 171.0 ms, GC Workers: 8]
      [GC Worker Start (ms): Min: 15621.8, Avg: 15621.9, Max: 15622.0, Diff: 0.2]
      [Ext Root Scanning (ms): Min: 0.0, Avg: 0.1, Max: 0.2, Diff: 0.2, Sum: 0.7]
      [Update RS (ms): Min: 20.3, Avg: 20.5, Max: 20.9, Diff: 0.5, Sum: 163.8]
         [Processed Buffers: Min: 17, Avg: 18.3, Max: 20, Diff: 3, Sum: 146]
      [Scan RS (ms): Min: 17.7, Avg: 18.1, Max: 18.3, Diff: 0.6, Sum: 144.5]
      [Code Root Scanning (ms): Min: 0.0, Avg: 0.0, Max: 0.0, Diff: 0.0, Sum: 0.0]
      [Object Copy (ms): Min: 131.9, Avg: 132.0, Max: 132.1, Diff: 0.3, Sum: 1056.2]
      [Termination (ms): Min: 0.0, Avg: 0.0, Max: 0.0, Diff: 0.0, Sum: 0.2]
         [Termination Attempts: Min: 1, Avg: 193.6, Max: 250, Diff: 249, Sum: 1549]
      [GC Worker Other (ms): Min: 0.0, Avg: 0.1, Max: 0.1, Diff: 0.1, Sum: 0.5]
      [GC Worker Total (ms): Min: 170.7, Avg: 170.7, Max: 170.8, Diff: 0.2, Sum: 1365.9]
      [GC Worker End (ms): Min: 15792.6, Avg: 15792.7, Max: 15792.7, Diff: 0.1]
   [Code Root Fixup: 0.0 ms]
   [Code Root Purge: 0.0 ms]
   [Clear CT: 0.2 ms]
   [Other: 0.9 ms]
      [Choose CSet: 0.0 ms]
      [Ref Proc: 0.2 ms]
      [Ref Enq: 0.0 ms]
      [Redirty Cards: 0.2 ms]
      [Humongous Register: 0.0 ms]
      [Humongous Reclaim: 0.0 ms]
      [Free CSet: 0.2 ms]
   [Eden: 246.0M(246.0M)->0.0B(248.0M) Survivors: 35.0M->36.0M Heap: 582.0M(2048.0M)->584.0M(2048.0M)]
 [Times: user=1.30 sys=0.06, real=0.17 secs] 
2020-09-29T12:20:55.779+0200: 15.934: [GC pause (G1 Evacuation Pause) (young), 0.1657679 secs]
   [Parallel Time: 164.7 ms, GC Workers: 8]
      [GC Worker Start (ms): Min: 15934.3, Avg: 15934.3, Max: 15934.4, Diff: 0.2]
      [Ext Root Scanning (ms): Min: 0.0, Avg: 0.1, Max: 0.2, Diff: 0.2, Sum: 0.5]
      [Update RS (ms): Min: 17.7, Avg: 17.8, Max: 18.1, Diff: 0.4, Sum: 142.1]
         [Processed Buffers: Min: 17, Avg: 18.8, Max: 22, Diff: 5, Sum: 150]
      [Scan RS (ms): Min: 17.8, Avg: 18.1, Max: 18.3, Diff: 0.5, Sum: 144.8]
      [Code Root Scanning (ms): Min: 0.0, Avg: 0.0, Max: 0.0, Diff: 0.0, Sum: 0.0]
      [Object Copy (ms): Min: 128.1, Avg: 128.4, Max: 128.5, Diff: 0.4, Sum: 1026.8]
      [Termination (ms): Min: 0.0, Avg: 0.2, Max: 0.2, Diff: 0.2, Sum: 1.4]
         [Termination Attempts: Min: 1, Avg: 1079.1, Max: 1335, Diff: 1334, Sum: 8633]
      [GC Worker Other (ms): Min: 0.0, Avg: 0.1, Max: 0.1, Diff: 0.1, Sum: 0.4]
      [GC Worker Total (ms): Min: 164.4, Avg: 164.5, Max: 164.6, Diff: 0.2, Sum: 1316.1]
      [GC Worker End (ms): Min: 16098.8, Avg: 16098.9, Max: 16098.9, Diff: 0.1]
   [Code Root Fixup: 0.0 ms]
   [Code Root Purge: 0.0 ms]
   [Clear CT: 0.1 ms]
   [Other: 0.9 ms]
      [Choose CSet: 0.0 ms]
      [Ref Proc: 0.2 ms]
      [Ref Enq: 0.0 ms]
      [Redirty Cards: 0.3 ms]
      [Humongous Register: 0.0 ms]
      [Humongous Reclaim: 0.0 ms]
      [Free CSet: 0.2 ms]
   [Eden: 248.0M(248.0M)->0.0B(255.0M) Survivors: 36.0M->36.0M Heap: 874.0M(2048.0M)->875.5M(2048.0M)]
 [Times: user=1.28 sys=0.09, real=0.17 secs] 
2020-09-29T12:20:56.096+0200: 16.251: [GC pause (G1 Evacuation Pause) (young), 0.1679652 secs]
   [Parallel Time: 166.9 ms, GC Workers: 8]
      [GC Worker Start (ms): Min: 16251.2, Avg: 16251.3, Max: 16251.3, Diff: 0.2]
      [Ext Root Scanning (ms): Min: 0.0, Avg: 0.1, Max: 0.2, Diff: 0.2, Sum: 0.5]
      [Update RS (ms): Min: 18.3, Avg: 18.6, Max: 19.1, Diff: 0.8, Sum: 148.6]
         [Processed Buffers: Min: 16, Avg: 18.0, Max: 20, Diff: 4, Sum: 144]
      [Scan RS (ms): Min: 18.5, Avg: 18.9, Max: 19.3, Diff: 0.8, Sum: 151.3]
      [Code Root Scanning (ms): Min: 0.0, Avg: 0.0, Max: 0.0, Diff: 0.0, Sum: 0.0]
      [Object Copy (ms): Min: 128.8, Avg: 129.0, Max: 129.2, Diff: 0.3, Sum: 1031.8]
      [Termination (ms): Min: 0.0, Avg: 0.1, Max: 0.2, Diff: 0.2, Sum: 1.1]
         [Termination Attempts: Min: 1, Avg: 844.4, Max: 1017, Diff: 1016, Sum: 6755]
      [GC Worker Other (ms): Min: 0.0, Avg: 0.0, Max: 0.1, Diff: 0.1, Sum: 0.3]
      [GC Worker Total (ms): Min: 166.6, Avg: 166.7, Max: 166.8, Diff: 0.2, Sum: 1333.6]
      [GC Worker End (ms): Min: 16417.9, Avg: 16418.0, Max: 16418.0, Diff: 0.1]
   [Code Root Fixup: 0.0 ms]
   [Code Root Purge: 0.0 ms]
   [Clear CT: 0.2 ms]
   [Other: 0.9 ms]
      [Choose CSet: 0.0 ms]
      [Ref Proc: 0.1 ms]
      [Ref Enq: 0.0 ms]
      [Redirty Cards: 0.2 ms]
      [Humongous Register: 0.0 ms]
      [Humongous Reclaim: 0.0 ms]
      [Free CSet: 0.3 ms]
   [Eden: 255.0M(255.0M)->0.0B(260.0M) Survivors: 36.0M->37.0M Heap: 1172.4M(2048.0M)->1173.9M(2048.0M)]
 [Times: user=1.26 sys=0.06, real=0.17 secs] 
2020-09-29T12:20:56.271+0200: 16.426: [GC pause (G1 Humongous Allocation) (young) (initial-mark), 0.0523935 secs]
   [Parallel Time: 51.5 ms, GC Workers: 8]
      [GC Worker Start (ms): Min: 16426.2, Avg: 16426.3, Max: 16426.4, Diff: 0.2]
      [Ext Root Scanning (ms): Min: 0.0, Avg: 0.1, Max: 0.2, Diff: 0.2, Sum: 1.0]
      [Update RS (ms): Min: 29.4, Avg: 29.5, Max: 29.7, Diff: 0.4, Sum: 235.9]
         [Processed Buffers: Min: 35, Avg: 37.6, Max: 40, Diff: 5, Sum: 301]
      [Scan RS (ms): Min: 2.4, Avg: 2.6, Max: 2.7, Diff: 0.3, Sum: 20.7]
      [Code Root Scanning (ms): Min: 0.0, Avg: 0.0, Max: 0.0, Diff: 0.0, Sum: 0.0]
      [Object Copy (ms): Min: 19.0, Avg: 19.1, Max: 19.1, Diff: 0.1, Sum: 152.7]
      [Termination (ms): Min: 0.0, Avg: 0.0, Max: 0.0, Diff: 0.0, Sum: 0.0]
         [Termination Attempts: Min: 1, Avg: 25.3, Max: 39, Diff: 38, Sum: 202]
      [GC Worker Other (ms): Min: 0.0, Avg: 0.0, Max: 0.0, Diff: 0.0, Sum: 0.2]
      [GC Worker Total (ms): Min: 51.2, Avg: 51.3, Max: 51.4, Diff: 0.1, Sum: 410.4]
      [GC Worker End (ms): Min: 16477.6, Avg: 16477.6, Max: 16477.6, Diff: 0.0]
   [Code Root Fixup: 0.0 ms]
   [Code Root Purge: 0.0 ms]
   [Clear CT: 0.2 ms]
   [Other: 0.7 ms]
      [Choose CSet: 0.0 ms]
      [Ref Proc: 0.2 ms]
      [Ref Enq: 0.0 ms]
      [Redirty Cards: 0.1 ms]
      [Humongous Register: 0.1 ms]
      [Humongous Reclaim: 0.0 ms]
      [Free CSet: 0.1 ms]
   [Eden: 3072.0K(260.0M)->0.0B(297.0M) Survivors: 37.0M->5120.0K Heap: 1176.9M(2048.0M)->1181.4M(2048.0M)]
 [Times: user=0.38 sys=0.00, real=0.05 secs] 
2020-09-29T12:20:56.323+0200: 16.479: [GC concurrent-root-region-scan-start]
2020-09-29T12:20:56.324+0200: 16.480: [GC concurrent-root-region-scan-end, 0.0011101 secs]
2020-09-29T12:20:56.324+0200: 16.480: [GC concurrent-mark-start]
2020-09-29T12:20:56.329+0200: 16.484: [GC concurrent-mark-end, 0.0043255 secs]
2020-09-29T12:20:56.329+0200: 16.484: [GC remark 2020-09-29T12:20:56.329+0200: 16.484: [Finalize Marking, 0.0002330 secs] 2020-09-29T12:20:56.329+0200: 16.485: [GC ref-proc, 0.0004365 secs] 2020-09-29T12:20:56.330+0200: 16.485: [Unloading, 0.0006609 secs], 0.0019441 secs]
 [Times: user=0.00 sys=0.00, real=0.00 secs] 
2020-09-29T12:20:56.331+0200: 16.487: [GC cleanup 1191M->22M(2048M), 0.0015571 secs]
 [Times: user=0.13 sys=0.00, real=0.00 secs] 
2020-09-29T12:20:56.333+0200: 16.489: [GC concurrent-cleanup-start]
2020-09-29T12:20:56.335+0200: 16.491: [GC concurrent-cleanup-end, 0.0023500 secs]
2020-09-29T12:20:56.494+0200: 16.649: [GC pause (G1 Evacuation Pause) (young), 0.1894379 secs]
   [Parallel Time: 188.2 ms, GC Workers: 8]
      [GC Worker Start (ms): Min: 16649.5, Avg: 16649.6, Max: 16649.6, Diff: 0.2]
      [Ext Root Scanning (ms): Min: 0.0, Avg: 0.1, Max: 0.2, Diff: 0.2, Sum: 0.5]
      [Update RS (ms): Min: 15.6, Avg: 15.9, Max: 16.3, Diff: 0.7, Sum: 127.6]
         [Processed Buffers: Min: 13, Avg: 14.5, Max: 16, Diff: 3, Sum: 116]
      [Scan RS (ms): Min: 22.0, Avg: 23.3, Max: 29.6, Diff: 7.5, Sum: 186.4]
      [Code Root Scanning (ms): Min: 0.0, Avg: 0.0, Max: 0.0, Diff: 0.0, Sum: 0.0]
      [Object Copy (ms): Min: 142.2, Avg: 148.6, Max: 149.6, Diff: 7.4, Sum: 1188.9]
      [Termination (ms): Min: 0.0, Avg: 0.0, Max: 0.1, Diff: 0.1, Sum: 0.4]
         [Termination Attempts: Min: 1, Avg: 56.6, Max: 92, Diff: 91, Sum: 453]
      [GC Worker Other (ms): Min: 0.0, Avg: 0.1, Max: 0.1, Diff: 0.1, Sum: 0.5]
      [GC Worker Total (ms): Min: 188.0, Avg: 188.0, Max: 188.2, Diff: 0.2, Sum: 1504.3]
      [GC Worker End (ms): Min: 16837.6, Avg: 16837.6, Max: 16837.6, Diff: 0.1]
   [Code Root Fixup: 0.0 ms]
   [Code Root Purge: 0.0 ms]
   [Clear CT: 0.3 ms]
   [Other: 0.9 ms]
      [Choose CSet: 0.0 ms]
      [Ref Proc: 0.1 ms]
      [Ref Enq: 0.0 ms]
      [Redirty Cards: 0.2 ms]
      [Humongous Register: 0.0 ms]
      [Humongous Reclaim: 0.0 ms]
      [Free CSet: 0.3 ms]
   [Eden: 297.0M(297.0M)->0.0B(249.0M) Survivors: 5120.0K->38.0M Heap: 359.1M(2048.0M)->356.6M(2048.0M)]
 [Times: user=1.33 sys=0.08, real=0.19 secs] 
2020-09-29T12:20:56.817+0200: 16.973: [GC pause (G1 Evacuation Pause) (young), 0.1700473 secs]
   [Parallel Time: 169.0 ms, GC Workers: 8]
      [GC Worker Start (ms): Min: 16972.6, Avg: 16972.7, Max: 16972.8, Diff: 0.2]
      [Ext Root Scanning (ms): Min: 0.0, Avg: 0.1, Max: 0.1, Diff: 0.1, Sum: 0.4]
      [Update RS (ms): Min: 16.3, Avg: 16.6, Max: 17.0, Diff: 0.7, Sum: 132.6]
         [Processed Buffers: Min: 16, Avg: 16.6, Max: 19, Diff: 3, Sum: 133]
      [Scan RS (ms): Min: 20.3, Avg: 20.7, Max: 21.0, Diff: 0.7, Sum: 165.9]
      [Code Root Scanning (ms): Min: 0.0, Avg: 0.0, Max: 0.0, Diff: 0.0, Sum: 0.0]
      [Object Copy (ms): Min: 131.1, Avg: 131.3, Max: 131.3, Diff: 0.2, Sum: 1050.1]
      [Termination (ms): Min: 0.0, Avg: 0.1, Max: 0.1, Diff: 0.1, Sum: 0.4]
         [Termination Attempts: Min: 1, Avg: 304.3, Max: 409, Diff: 408, Sum: 2434]
      [GC Worker Other (ms): Min: 0.0, Avg: 0.1, Max: 0.1, Diff: 0.1, Sum: 0.5]
      [GC Worker Total (ms): Min: 168.7, Avg: 168.7, Max: 168.8, Diff: 0.2, Sum: 1350.0]
      [GC Worker End (ms): Min: 17141.4, Avg: 17141.5, Max: 17141.5, Diff: 0.1]
   [Code Root Fixup: 0.0 ms]
   [Code Root Purge: 0.0 ms]
   [Clear CT: 0.2 ms]
   [Other: 0.9 ms]
      [Choose CSet: 0.0 ms]
      [Ref Proc: 0.1 ms]
      [Ref Enq: 0.0 ms]
      [Redirty Cards: 0.2 ms]
      [Humongous Register: 0.0 ms]
      [Humongous Reclaim: 0.0 ms]
      [Free CSet: 0.2 ms]
   [Eden: 249.0M(249.0M)->0.0B(250.0M) Survivors: 38.0M->36.0M Heap: 647.6M(2048.0M)->649.6M(2048.0M)]
 [Times: user=1.16 sys=0.03, real=0.17 secs] 
2020-09-29T12:20:57.125+0200: 17.281: [GC pause (G1 Evacuation Pause) (young), 0.1862809 secs]
   [Parallel Time: 185.2 ms, GC Workers: 8]
      [GC Worker Start (ms): Min: 17281.0, Avg: 17281.2, Max: 17281.2, Diff: 0.2]
      [Ext Root Scanning (ms): Min: 0.0, Avg: 0.1, Max: 0.2, Diff: 0.2, Sum: 0.5]
      [Update RS (ms): Min: 21.8, Avg: 21.9, Max: 22.3, Diff: 0.5, Sum: 175.3]
         [Processed Buffers: Min: 18, Avg: 19.6, Max: 21, Diff: 3, Sum: 157]
      [Scan RS (ms): Min: 19.3, Avg: 19.8, Max: 20.0, Diff: 0.7, Sum: 158.4]
      [Code Root Scanning (ms): Min: 0.0, Avg: 0.0, Max: 0.0, Diff: 0.0, Sum: 0.0]
      [Object Copy (ms): Min: 142.6, Avg: 142.7, Max: 143.0, Diff: 0.4, Sum: 1141.9]
      [Termination (ms): Min: 0.0, Avg: 0.3, Max: 0.4, Diff: 0.4, Sum: 2.6]
         [Termination Attempts: Min: 1, Avg: 2579.0, Max: 3134, Diff: 3133, Sum: 20632]
      [GC Worker Other (ms): Min: 0.0, Avg: 0.1, Max: 0.1, Diff: 0.1, Sum: 0.5]
      [GC Worker Total (ms): Min: 184.8, Avg: 184.9, Max: 185.0, Diff: 0.3, Sum: 1479.3]
      [GC Worker End (ms): Min: 17466.0, Avg: 17466.1, Max: 17466.1, Diff: 0.1]
   [Code Root Fixup: 0.0 ms]
   [Code Root Purge: 0.0 ms]
   [Clear CT: 0.2 ms]
   [Other: 0.9 ms]
      [Choose CSet: 0.0 ms]
      [Ref Proc: 0.2 ms]
      [Ref Enq: 0.0 ms]
      [Redirty Cards: 0.3 ms]
      [Humongous Register: 0.0 ms]
      [Humongous Reclaim: 0.0 ms]
      [Free CSet: 0.2 ms]
   [Eden: 250.0M(250.0M)->0.0B(242.0M) Survivors: 36.0M->36.0M Heap: 941.5M(2048.0M)->943.5M(2048.0M)]
 [Times: user=1.44 sys=0.02, real=0.19 secs] 
2020-09-29T12:20:57.343+0200: 17.498: [GC pause (G1 Humongous Allocation) (young) (initial-mark), 0.0619452 secs]
   [Parallel Time: 61.1 ms, GC Workers: 8]
      [GC Worker Start (ms): Min: 17498.3, Avg: 17498.4, Max: 17498.5, Diff: 0.1]
      [Ext Root Scanning (ms): Min: 0.0, Avg: 0.3, Max: 1.5, Diff: 1.5, Sum: 2.4]
      [Update RS (ms): Min: 16.3, Avg: 17.0, Max: 17.6, Diff: 1.3, Sum: 136.2]
         [Processed Buffers: Min: 16, Avg: 19.3, Max: 21, Diff: 5, Sum: 154]
      [Scan RS (ms): Min: 2.9, Avg: 3.4, Max: 3.8, Diff: 0.9, Sum: 27.5]
      [Code Root Scanning (ms): Min: 0.0, Avg: 0.0, Max: 0.0, Diff: 0.0, Sum: 0.0]
      [Object Copy (ms): Min: 39.8, Avg: 40.0, Max: 40.2, Diff: 0.4, Sum: 320.1]
      [Termination (ms): Min: 0.0, Avg: 0.1, Max: 0.2, Diff: 0.2, Sum: 1.2]
         [Termination Attempts: Min: 1, Avg: 1009.8, Max: 1210, Diff: 1209, Sum: 8078]
      [GC Worker Other (ms): Min: 0.0, Avg: 0.0, Max: 0.0, Diff: 0.0, Sum: 0.2]
      [GC Worker Total (ms): Min: 60.9, Avg: 60.9, Max: 61.0, Diff: 0.1, Sum: 487.6]
      [GC Worker End (ms): Min: 17559.3, Avg: 17559.3, Max: 17559.4, Diff: 0.0]
   [Code Root Fixup: 0.0 ms]
   [Code Root Purge: 0.0 ms]
   [Clear CT: 0.2 ms]
   [Other: 0.6 ms]
      [Choose CSet: 0.0 ms]
      [Ref Proc: 0.1 ms]
      [Ref Enq: 0.0 ms]
      [Redirty Cards: 0.1 ms]
      [Humongous Register: 0.0 ms]
      [Humongous Reclaim: 0.0 ms]
      [Free CSet: 0.1 ms]
   [Eden: 40.0M(242.0M)->0.0B(252.0M) Survivors: 36.0M->35.0M Heap: 988.7M(2048.0M)->990.7M(2048.0M)]
 [Times: user=0.45 sys=0.03, real=0.06 secs] 
2020-09-29T12:20:57.405+0200: 17.560: [GC concurrent-root-region-scan-start]
2020-09-29T12:20:57.414+0200: 17.569: [GC concurrent-root-region-scan-end, 0.0087698 secs]
2020-09-29T12:20:57.414+0200: 17.569: [GC concurrent-mark-start]
2020-09-29T12:20:57.416+0200: 17.571: [GC concurrent-mark-end, 0.0023110 secs]
2020-09-29T12:20:57.416+0200: 17.572: [GC remark 2020-09-29T12:20:57.416+0200: 17.572: [Finalize Marking, 0.0002169 secs] 2020-09-29T12:20:57.416+0200: 17.572: [GC ref-proc, 0.0002992 secs] 2020-09-29T12:20:57.417+0200: 17.572: [Unloading, 0.0005074 secs], 0.0013414 secs]
 [Times: user=0.00 sys=0.00, real=0.00 secs] 
2020-09-29T12:20:57.418+0200: 17.573: [GC cleanup 1015M->67M(2048M), 0.0012825 secs]
 [Times: user=0.00 sys=0.00, real=0.00 secs] 
2020-09-29T12:20:57.419+0200: 17.575: [GC concurrent-cleanup-start]
2020-09-29T12:20:57.420+0200: 17.576: [GC concurrent-cleanup-end, 0.0012912 secs]
2020-09-29T12:20:57.559+0200: 17.714: [GC pause (G1 Evacuation Pause) (young), 0.1500231 secs]
   [Parallel Time: 148.4 ms, GC Workers: 8]
      [GC Worker Start (ms): Min: 17714.4, Avg: 17714.6, Max: 17714.6, Diff: 0.2]
      [Ext Root Scanning (ms): Min: 0.0, Avg: 0.1, Max: 0.2, Diff: 0.2, Sum: 0.5]
      [Update RS (ms): Min: 21.5, Avg: 21.6, Max: 21.8, Diff: 0.3, Sum: 172.6]
         [Processed Buffers: Min: 18, Avg: 19.5, Max: 25, Diff: 7, Sum: 156]
      [Scan RS (ms): Min: 14.4, Avg: 14.7, Max: 14.8, Diff: 0.4, Sum: 117.6]
      [Code Root Scanning (ms): Min: 0.0, Avg: 0.0, Max: 0.0, Diff: 0.0, Sum: 0.0]
      [Object Copy (ms): Min: 111.5, Avg: 111.7, Max: 111.7, Diff: 0.2, Sum: 893.5]
      [Termination (ms): Min: 0.0, Avg: 0.1, Max: 0.1, Diff: 0.1, Sum: 0.4]
         [Termination Attempts: Min: 1, Avg: 400.6, Max: 478, Diff: 477, Sum: 3205]
      [GC Worker Other (ms): Min: 0.0, Avg: 0.0, Max: 0.1, Diff: 0.0, Sum: 0.3]
      [GC Worker Total (ms): Min: 148.0, Avg: 148.1, Max: 148.3, Diff: 0.2, Sum: 1185.0]
      [GC Worker End (ms): Min: 17862.7, Avg: 17862.7, Max: 17862.7, Diff: 0.0]
   [Code Root Fixup: 0.0 ms]
   [Code Root Purge: 0.0 ms]
   [Clear CT: 0.3 ms]
   [Other: 1.3 ms]
      [Choose CSet: 0.0 ms]
      [Ref Proc: 0.4 ms]
      [Ref Enq: 0.0 ms]
      [Redirty Cards: 0.2 ms]
      [Humongous Register: 0.0 ms]
      [Humongous Reclaim: 0.0 ms]
      [Free CSet: 0.3 ms]
   [Eden: 252.0M(252.0M)->0.0B(264.0M) Survivors: 35.0M->36.0M Heap: 338.9M(2048.0M)->306.4M(2048.0M)]
 [Times: user=1.22 sys=0.02, real=0.15 secs] 
2020-09-29T12:20:57.857+0200: 18.013: [GC pause (G1 Evacuation Pause) (young), 0.1843639 secs]
   [Parallel Time: 183.1 ms, GC Workers: 8]
      [GC Worker Start (ms): Min: 18012.7, Avg: 18012.7, Max: 18012.8, Diff: 0.1]
      [Ext Root Scanning (ms): Min: 0.0, Avg: 0.1, Max: 0.1, Diff: 0.1, Sum: 0.6]
      [Update RS (ms): Min: 15.1, Avg: 15.4, Max: 16.2, Diff: 1.1, Sum: 123.1]
         [Processed Buffers: Min: 15, Avg: 16.6, Max: 19, Diff: 4, Sum: 133]
      [Scan RS (ms): Min: 20.5, Avg: 21.2, Max: 21.7, Diff: 1.1, Sum: 169.9]
      [Code Root Scanning (ms): Min: 0.0, Avg: 0.0, Max: 0.0, Diff: 0.0, Sum: 0.0]
      [Object Copy (ms): Min: 145.8, Avg: 146.0, Max: 146.2, Diff: 0.3, Sum: 1167.9]
      [Termination (ms): Min: 0.0, Avg: 0.2, Max: 0.2, Diff: 0.2, Sum: 1.3]
         [Termination Attempts: Min: 1, Avg: 1225.0, Max: 1569, Diff: 1568, Sum: 9800]
      [GC Worker Other (ms): Min: 0.0, Avg: 0.0, Max: 0.1, Diff: 0.1, Sum: 0.3]
      [GC Worker Total (ms): Min: 182.8, Avg: 182.9, Max: 183.0, Diff: 0.1, Sum: 1463.3]
      [GC Worker End (ms): Min: 18195.6, Avg: 18195.6, Max: 18195.7, Diff: 0.1]
   [Code Root Fixup: 0.0 ms]
   [Code Root Purge: 0.0 ms]
   [Clear CT: 0.2 ms]
   [Other: 1.1 ms]
      [Choose CSet: 0.0 ms]
      [Ref Proc: 0.3 ms]
      [Ref Enq: 0.0 ms]
      [Redirty Cards: 0.2 ms]
      [Humongous Register: 0.0 ms]
      [Humongous Reclaim: 0.0 ms]
      [Free CSet: 0.3 ms]
   [Eden: 264.0M(264.0M)->0.0B(251.0M) Survivors: 36.0M->38.0M Heap: 614.2M(2048.0M)->616.2M(2048.0M)]
 [Times: user=1.41 sys=0.06, real=0.18 secs] 
2020-09-29T12:20:58.185+0200: 18.341: [GC pause (G1 Evacuation Pause) (young), 0.1738505 secs]
   [Parallel Time: 172.7 ms, GC Workers: 8]
      [GC Worker Start (ms): Min: 18341.0, Avg: 18341.1, Max: 18341.1, Diff: 0.2]
      [Ext Root Scanning (ms): Min: 0.0, Avg: 0.1, Max: 0.2, Diff: 0.2, Sum: 0.5]
      [Update RS (ms): Min: 16.4, Avg: 16.6, Max: 17.2, Diff: 0.8, Sum: 132.6]
         [Processed Buffers: Min: 16, Avg: 18.4, Max: 21, Diff: 5, Sum: 147]
      [Scan RS (ms): Min: 17.7, Avg: 18.4, Max: 18.6, Diff: 0.9, Sum: 146.9]
      [Code Root Scanning (ms): Min: 0.0, Avg: 0.0, Max: 0.0, Diff: 0.0, Sum: 0.0]
      [Object Copy (ms): Min: 137.0, Avg: 137.2, Max: 137.4, Diff: 0.4, Sum: 1097.5]
      [Termination (ms): Min: 0.0, Avg: 0.3, Max: 0.3, Diff: 0.3, Sum: 2.0]
         [Termination Attempts: Min: 1, Avg: 1695.8, Max: 2037, Diff: 2036, Sum: 13566]
      [GC Worker Other (ms): Min: 0.0, Avg: 0.1, Max: 0.1, Diff: 0.1, Sum: 0.5]
      [GC Worker Total (ms): Min: 172.4, Avg: 172.5, Max: 172.6, Diff: 0.1, Sum: 1380.0]
      [GC Worker End (ms): Min: 18513.5, Avg: 18513.6, Max: 18513.6, Diff: 0.1]
   [Code Root Fixup: 0.0 ms]
   [Code Root Purge: 0.0 ms]
   [Clear CT: 0.2 ms]
   [Other: 1.0 ms]
      [Choose CSet: 0.0 ms]
      [Ref Proc: 0.1 ms]
      [Ref Enq: 0.0 ms]
      [Redirty Cards: 0.3 ms]
      [Humongous Register: 0.0 ms]
      [Humongous Reclaim: 0.0 ms]
      [Free CSet: 0.3 ms]
   [Eden: 251.0M(251.0M)->0.0B(252.0M) Survivors: 38.0M->37.0M Heap: 909.2M(2048.0M)->911.7M(2048.0M)]
 [Times: user=1.27 sys=0.03, real=0.17 secs] 
2020-09-29T12:20:58.500+0200: 18.655: [GC pause (G1 Humongous Allocation) (young) (initial-mark), 0.1738371 secs]
   [Parallel Time: 171.1 ms, GC Workers: 8]
      [GC Worker Start (ms): Min: 18655.3, Avg: 18655.4, Max: 18655.4, Diff: 0.2]
      [Ext Root Scanning (ms): Min: 0.0, Avg: 0.2, Max: 0.3, Diff: 0.3, Sum: 1.4]
      [Update RS (ms): Min: 22.1, Avg: 22.8, Max: 23.5, Diff: 1.4, Sum: 182.5]
         [Processed Buffers: Min: 18, Avg: 19.3, Max: 20, Diff: 2, Sum: 154]
      [Scan RS (ms): Min: 18.0, Avg: 18.6, Max: 19.2, Diff: 1.3, Sum: 149.0]
      [Code Root Scanning (ms): Min: 0.0, Avg: 0.0, Max: 0.0, Diff: 0.0, Sum: 0.0]
      [Object Copy (ms): Min: 129.0, Avg: 129.1, Max: 129.3, Diff: 0.3, Sum: 1033.0]
      [Termination (ms): Min: 0.0, Avg: 0.1, Max: 0.1, Diff: 0.1, Sum: 0.8]
         [Termination Attempts: Min: 1, Avg: 720.0, Max: 919, Diff: 918, Sum: 5760]
      [GC Worker Other (ms): Min: 0.0, Avg: 0.1, Max: 0.1, Diff: 0.0, Sum: 0.5]
      [GC Worker Total (ms): Min: 170.8, Avg: 170.9, Max: 171.0, Diff: 0.2, Sum: 1367.1]
      [GC Worker End (ms): Min: 18826.2, Avg: 18826.2, Max: 18826.3, Diff: 0.0]
   [Code Root Fixup: 0.0 ms]
   [Code Root Purge: 0.0 ms]
   [Clear CT: 1.7 ms]
   [Other: 1.1 ms]
      [Choose CSet: 0.0 ms]
      [Ref Proc: 0.2 ms]
      [Ref Enq: 0.0 ms]
      [Redirty Cards: 0.3 ms]
      [Humongous Register: 0.0 ms]
      [Humongous Reclaim: 0.0 ms]
      [Free CSet: 0.3 ms]
   [Eden: 241.0M(252.0M)->0.0B(247.0M) Survivors: 37.0M->37.0M Heap: 1190.3M(2048.0M)->1191.8M(2048.0M)]
 [Times: user=1.31 sys=0.03, real=0.17 secs] 
2020-09-29T12:20:58.674+0200: 18.829: [GC concurrent-root-region-scan-start]
2020-09-29T12:20:58.688+0200: 18.843: [GC concurrent-root-region-scan-end, 0.0135094 secs]
2020-09-29T12:20:58.688+0200: 18.843: [GC concurrent-mark-start]
2020-09-29T12:20:58.691+0200: 18.846: [GC concurrent-mark-end, 0.0030559 secs]
2020-09-29T12:20:58.696+0200: 18.851: [GC remark 2020-09-29T12:20:58.696+0200: 18.851: [Finalize Marking, 0.0002054 secs] 2020-09-29T12:20:58.696+0200: 18.851: [GC ref-proc, 0.0004590 secs] 2020-09-29T12:20:58.697+0200: 18.852: [Unloading, 0.0008582 secs], 0.0019509 secs]
 [Times: user=0.00 sys=0.00, real=0.00 secs] 
2020-09-29T12:20:58.699+0200: 18.854: [GC cleanup 1213M->66M(2048M), 0.0015622 secs]
 [Times: user=0.00 sys=0.00, real=0.00 secs] 
2020-09-29T12:20:58.700+0200: 18.856: [GC concurrent-cleanup-start]
2020-09-29T12:20:58.703+0200: 18.858: [GC concurrent-cleanup-end, 0.0022336 secs]
2020-09-29T12:20:58.817+0200: 18.973: [GC pause (G1 Evacuation Pause) (young), 0.1463287 secs]
   [Parallel Time: 145.3 ms, GC Workers: 8]
      [GC Worker Start (ms): Min: 18972.6, Avg: 18972.7, Max: 18972.8, Diff: 0.2]
      [Ext Root Scanning (ms): Min: 0.0, Avg: 0.1, Max: 0.2, Diff: 0.2, Sum: 0.6]
      [Update RS (ms): Min: 20.7, Avg: 20.8, Max: 21.2, Diff: 0.5, Sum: 166.6]
         [Processed Buffers: Min: 18, Avg: 19.8, Max: 23, Diff: 5, Sum: 158]
      [Scan RS (ms): Min: 14.4, Avg: 14.8, Max: 15.1, Diff: 0.7, Sum: 118.8]
      [Code Root Scanning (ms): Min: 0.0, Avg: 0.0, Max: 0.0, Diff: 0.0, Sum: 0.0]
      [Object Copy (ms): Min: 109.0, Avg: 109.1, Max: 109.2, Diff: 0.1, Sum: 872.9]
      [Termination (ms): Min: 0.0, Avg: 0.1, Max: 0.1, Diff: 0.1, Sum: 0.9]
         [Termination Attempts: Min: 1, Avg: 674.9, Max: 813, Diff: 812, Sum: 5399]
      [GC Worker Other (ms): Min: 0.0, Avg: 0.1, Max: 0.1, Diff: 0.1, Sum: 0.6]
      [GC Worker Total (ms): Min: 145.0, Avg: 145.1, Max: 145.2, Diff: 0.2, Sum: 1160.5]
      [GC Worker End (ms): Min: 19117.7, Avg: 19117.8, Max: 19117.8, Diff: 0.1]
   [Code Root Fixup: 0.0 ms]
   [Code Root Purge: 0.0 ms]
   [Clear CT: 0.1 ms]
   [Other: 0.9 ms]
      [Choose CSet: 0.0 ms]
      [Ref Proc: 0.2 ms]
      [Ref Enq: 0.0 ms]
      [Redirty Cards: 0.2 ms]
      [Humongous Register: 0.0 ms]
      [Humongous Reclaim: 0.0 ms]
      [Free CSet: 0.2 ms]
   [Eden: 247.0M(247.0M)->0.0B(264.0M) Survivors: 37.0M->36.0M Heap: 334.0M(2048.0M)->299.0M(2048.0M)]
 [Times: user=1.05 sys=0.08, real=0.15 secs] 
2020-09-29T12:20:59.142+0200: 19.297: [GC pause (G1 Evacuation Pause) (young), 0.1685798 secs]
   [Parallel Time: 167.5 ms, GC Workers: 8]
      [GC Worker Start (ms): Min: 19296.8, Avg: 19296.9, Max: 19297.0, Diff: 0.2]
      [Ext Root Scanning (ms): Min: 0.0, Avg: 0.1, Max: 0.2, Diff: 0.2, Sum: 0.8]
      [Update RS (ms): Min: 16.8, Avg: 17.1, Max: 17.7, Diff: 0.9, Sum: 136.7]
         [Processed Buffers: Min: 13, Avg: 15.4, Max: 17, Diff: 4, Sum: 123]
      [Scan RS (ms): Min: 20.1, Avg: 20.6, Max: 21.0, Diff: 0.9, Sum: 165.2]
      [Code Root Scanning (ms): Min: 0.0, Avg: 0.0, Max: 0.0, Diff: 0.0, Sum: 0.0]
      [Object Copy (ms): Min: 129.1, Avg: 129.1, Max: 129.3, Diff: 0.2, Sum: 1033.1]
      [Termination (ms): Min: 0.0, Avg: 0.1, Max: 0.1, Diff: 0.1, Sum: 0.7]
         [Termination Attempts: Min: 1, Avg: 563.1, Max: 729, Diff: 728, Sum: 4505]
      [GC Worker Other (ms): Min: 0.0, Avg: 0.1, Max: 0.2, Diff: 0.2, Sum: 0.6]
      [GC Worker Total (ms): Min: 167.0, Avg: 167.1, Max: 167.3, Diff: 0.3, Sum: 1337.0]
      [GC Worker End (ms): Min: 19464.0, Avg: 19464.0, Max: 19464.2, Diff: 0.2]
   [Code Root Fixup: 0.0 ms]
   [Code Root Purge: 0.0 ms]
   [Clear CT: 0.2 ms]
   [Other: 0.9 ms]
      [Choose CSet: 0.0 ms]
      [Ref Proc: 0.2 ms]
      [Ref Enq: 0.0 ms]
      [Redirty Cards: 0.2 ms]
      [Humongous Register: 0.1 ms]
      [Humongous Reclaim: 0.0 ms]
      [Free CSet: 0.2 ms]
   [Eden: 264.0M(264.0M)->0.0B(264.0M) Survivors: 36.0M->38.0M Heap: 606.8M(2048.0M)->608.3M(2048.0M)]
 [Times: user=1.33 sys=0.03, real=0.17 secs] 
2020-09-29T12:20:59.450+0200: 19.605: [GC pause (G1 Evacuation Pause) (young), 0.1962973 secs]
   [Parallel Time: 195.2 ms, GC Workers: 8]
      [GC Worker Start (ms): Min: 19605.5, Avg: 19605.6, Max: 19605.6, Diff: 0.2]
      [Ext Root Scanning (ms): Min: 0.0, Avg: 0.1, Max: 0.2, Diff: 0.1, Sum: 0.5]
      [Update RS (ms): Min: 17.9, Avg: 18.2, Max: 18.8, Diff: 1.0, Sum: 145.9]
         [Processed Buffers: Min: 16, Avg: 17.5, Max: 19, Diff: 3, Sum: 140]
      [Scan RS (ms): Min: 21.9, Avg: 23.5, Max: 30.1, Diff: 8.2, Sum: 187.7]
      [Code Root Scanning (ms): Min: 0.0, Avg: 0.0, Max: 0.0, Diff: 0.0, Sum: 0.0]
      [Object Copy (ms): Min: 146.3, Avg: 152.9, Max: 153.9, Diff: 7.5, Sum: 1223.2]
      [Termination (ms): Min: 0.0, Avg: 0.3, Max: 0.3, Diff: 0.3, Sum: 2.2]
         [Termination Attempts: Min: 1, Avg: 1775.0, Max: 2100, Diff: 2099, Sum: 14200]
      [GC Worker Other (ms): Min: 0.0, Avg: 0.1, Max: 0.1, Diff: 0.1, Sum: 0.4]
      [GC Worker Total (ms): Min: 194.9, Avg: 195.0, Max: 195.1, Diff: 0.2, Sum: 1559.9]
      [GC Worker End (ms): Min: 19800.5, Avg: 19800.6, Max: 19800.6, Diff: 0.1]
   [Code Root Fixup: 0.0 ms]
   [Code Root Purge: 0.0 ms]
   [Clear CT: 0.2 ms]
   [Other: 0.9 ms]
      [Choose CSet: 0.0 ms]
      [Ref Proc: 0.2 ms]
      [Ref Enq: 0.0 ms]
      [Redirty Cards: 0.2 ms]
      [Humongous Register: 0.0 ms]
      [Humongous Reclaim: 0.0 ms]
      [Free CSet: 0.3 ms]
   [Eden: 264.0M(264.0M)->0.0B(244.0M) Survivors: 38.0M->38.0M Heap: 916.2M(2048.0M)->918.7M(2048.0M)]
 [Times: user=1.50 sys=0.08, real=0.20 secs] 
2020-09-29T12:20:59.785+0200: 19.940: [GC pause (G1 Humongous Allocation) (young) (initial-mark), 0.1374759 secs]
   [Parallel Time: 136.6 ms, GC Workers: 8]
      [GC Worker Start (ms): Min: 19939.9, Avg: 19940.0, Max: 19940.1, Diff: 0.2]
      [Ext Root Scanning (ms): Min: 0.0, Avg: 0.1, Max: 0.2, Diff: 0.2, Sum: 1.2]
      [Update RS (ms): Min: 25.2, Avg: 25.4, Max: 26.0, Diff: 0.7, Sum: 203.5]
         [Processed Buffers: Min: 22, Avg: 23.4, Max: 25, Diff: 3, Sum: 187]
      [Scan RS (ms): Min: 9.3, Avg: 9.9, Max: 10.1, Diff: 0.8, Sum: 79.1]
      [Code Root Scanning (ms): Min: 0.0, Avg: 0.0, Max: 0.0, Diff: 0.0, Sum: 0.0]
      [Object Copy (ms): Min: 100.6, Avg: 100.6, Max: 100.7, Diff: 0.1, Sum: 805.0]
      [Termination (ms): Min: 0.0, Avg: 0.0, Max: 0.0, Diff: 0.0, Sum: 0.1]
         [Termination Attempts: Min: 1, Avg: 76.0, Max: 105, Diff: 104, Sum: 608]
      [GC Worker Other (ms): Min: 0.1, Avg: 0.1, Max: 0.3, Diff: 0.2, Sum: 1.0]
      [GC Worker Total (ms): Min: 136.1, Avg: 136.2, Max: 136.4, Diff: 0.4, Sum: 1089.8]
      [GC Worker End (ms): Min: 20076.1, Avg: 20076.2, Max: 20076.4, Diff: 0.2]
   [Code Root Fixup: 0.0 ms]
   [Code Root Purge: 0.0 ms]
   [Clear CT: 0.2 ms]
   [Other: 0.7 ms]
      [Choose CSet: 0.0 ms]
      [Ref Proc: 0.2 ms]
      [Ref Enq: 0.0 ms]
      [Redirty Cards: 0.2 ms]
      [Humongous Register: 0.0 ms]
      [Humongous Reclaim: 0.0 ms]
      [Free CSet: 0.1 ms]
   [Eden: 198.0M(244.0M)->0.0B(258.0M) Survivors: 38.0M->36.0M Heap: 1149.1M(2048.0M)->1151.1M(2048.0M)]
 [Times: user=1.08 sys=0.03, real=0.14 secs] 
2020-09-29T12:20:59.922+0200: 20.077: [GC concurrent-root-region-scan-start]
2020-09-29T12:20:59.933+0200: 20.089: [GC concurrent-root-region-scan-end, 0.0112289 secs]
2020-09-29T12:20:59.933+0200: 20.089: [GC concurrent-mark-start]
2020-09-29T12:20:59.936+0200: 20.092: [GC concurrent-mark-end, 0.0031199 secs]
2020-09-29T12:20:59.937+0200: 20.092: [GC remark 2020-09-29T12:20:59.937+0200: 20.092: [Finalize Marking, 0.0001888 secs] 2020-09-29T12:20:59.937+0200: 20.092: [GC ref-proc, 0.0002597 secs] 2020-09-29T12:20:59.937+0200: 20.093: [Unloading, 0.0004151 secs], 0.0012251 secs]
 [Times: user=0.00 sys=0.00, real=0.00 secs] 
2020-09-29T12:20:59.938+0200: 20.094: [GC cleanup 1167M->60M(2048M), 0.0012658 secs]
 [Times: user=0.00 sys=0.00, real=0.00 secs] 
2020-09-29T12:20:59.939+0200: 20.095: [GC concurrent-cleanup-start]
2020-09-29T12:20:59.941+0200: 20.097: [GC concurrent-cleanup-end, 0.0015284 secs]
2020-09-29T12:21:00.065+0200: 20.221: [GC pause (G1 Evacuation Pause) (young), 0.1736706 secs]
   [Parallel Time: 172.6 ms, GC Workers: 8]
      [GC Worker Start (ms): Min: 20220.6, Avg: 20220.7, Max: 20220.8, Diff: 0.2]
      [Ext Root Scanning (ms): Min: 0.0, Avg: 0.1, Max: 0.1, Diff: 0.1, Sum: 0.5]
      [Update RS (ms): Min: 18.7, Avg: 19.0, Max: 19.7, Diff: 0.9, Sum: 152.0]
         [Processed Buffers: Min: 8, Avg: 16.9, Max: 22, Diff: 14, Sum: 135]
      [Scan RS (ms): Min: 17.5, Avg: 18.2, Max: 18.5, Diff: 1.0, Sum: 145.3]
      [Code Root Scanning (ms): Min: 0.0, Avg: 0.0, Max: 0.0, Diff: 0.0, Sum: 0.0]
      [Object Copy (ms): Min: 134.7, Avg: 135.0, Max: 135.2, Diff: 0.5, Sum: 1079.6]
      [Termination (ms): Min: 0.0, Avg: 0.2, Max: 0.3, Diff: 0.3, Sum: 1.7]
         [Termination Attempts: Min: 1, Avg: 1371.1, Max: 1757, Diff: 1756, Sum: 10969]
      [GC Worker Other (ms): Min: 0.0, Avg: 0.0, Max: 0.1, Diff: 0.1, Sum: 0.3]
      [GC Worker Total (ms): Min: 172.3, Avg: 172.4, Max: 172.5, Diff: 0.2, Sum: 1379.5]
      [GC Worker End (ms): Min: 20393.1, Avg: 20393.1, Max: 20393.2, Diff: 0.1]
   [Code Root Fixup: 0.0 ms]
   [Code Root Purge: 0.0 ms]
   [Clear CT: 0.2 ms]
   [Other: 0.9 ms]
      [Choose CSet: 0.0 ms]
      [Ref Proc: 0.1 ms]
      [Ref Enq: 0.0 ms]
      [Redirty Cards: 0.2 ms]
      [Humongous Register: 0.0 ms]
      [Humongous Reclaim: 0.0 ms]
      [Free CSet: 0.3 ms]
   [Eden: 258.0M(258.0M)->0.0B(251.0M) Survivors: 36.0M->37.0M Heap: 345.9M(2048.0M)->312.4M(2048.0M)]
 [Times: user=1.22 sys=0.06, real=0.17 secs] 
2020-09-29T12:21:00.413+0200: 20.568: [GC pause (G1 Evacuation Pause) (young), 0.1851816 secs]
   [Parallel Time: 184.0 ms, GC Workers: 8]
      [GC Worker Start (ms): Min: 20568.1, Avg: 20568.9, Max: 20573.4, Diff: 5.2]
      [Ext Root Scanning (ms): Min: 0.0, Avg: 0.1, Max: 0.2, Diff: 0.2, Sum: 0.7]
      [Update RS (ms): Min: 20.2, Avg: 24.7, Max: 25.9, Diff: 5.6, Sum: 197.6]
         [Processed Buffers: Min: 16, Avg: 22.0, Max: 26, Diff: 10, Sum: 176]
      [Scan RS (ms): Min: 16.4, Avg: 19.9, Max: 39.2, Diff: 22.7, Sum: 159.3]
      [Code Root Scanning (ms): Min: 0.0, Avg: 0.0, Max: 0.0, Diff: 0.0, Sum: 0.0]
      [Object Copy (ms): Min: 119.0, Avg: 138.2, Max: 141.1, Diff: 22.1, Sum: 1105.8]
      [Termination (ms): Min: 0.0, Avg: 0.1, Max: 0.1, Diff: 0.1, Sum: 0.9]
         [Termination Attempts: Min: 1, Avg: 788.8, Max: 1078, Diff: 1077, Sum: 6310]
      [GC Worker Other (ms): Min: 0.0, Avg: 0.0, Max: 0.1, Diff: 0.0, Sum: 0.4]
      [GC Worker Total (ms): Min: 178.6, Avg: 183.1, Max: 183.8, Diff: 5.3, Sum: 1464.6]
      [GC Worker End (ms): Min: 20751.9, Avg: 20752.0, Max: 20752.0, Diff: 0.0]
   [Code Root Fixup: 0.0 ms]
   [Code Root Purge: 0.0 ms]
   [Clear CT: 0.2 ms]
   [Other: 1.1 ms]
      [Choose CSet: 0.0 ms]
      [Ref Proc: 0.1 ms]
      [Ref Enq: 0.0 ms]
      [Redirty Cards: 0.4 ms]
      [Humongous Register: 0.1 ms]
      [Humongous Reclaim: 0.0 ms]
      [Free CSet: 0.2 ms]
   [Eden: 251.0M(251.0M)->0.0B(245.0M) Survivors: 37.0M->36.0M Heap: 605.3M(2048.0M)->606.8M(2048.0M)]
 [Times: user=1.20 sys=0.03, real=0.18 secs] 
2020-09-29T12:21:00.761+0200: 20.916: [GC pause (G1 Evacuation Pause) (young), 0.1765851 secs]
   [Parallel Time: 175.5 ms, GC Workers: 8]
      [GC Worker Start (ms): Min: 20916.3, Avg: 20917.5, Max: 20921.4, Diff: 5.1]
      [Ext Root Scanning (ms): Min: 0.0, Avg: 0.1, Max: 0.2, Diff: 0.2, Sum: 0.7]
      [Update RS (ms): Min: 16.7, Avg: 20.2, Max: 21.8, Diff: 5.1, Sum: 161.3]
         [Processed Buffers: Min: 14, Avg: 18.0, Max: 20, Diff: 6, Sum: 144]
      [Scan RS (ms): Min: 17.4, Avg: 18.1, Max: 18.7, Diff: 1.3, Sum: 144.6]
      [Code Root Scanning (ms): Min: 0.0, Avg: 0.0, Max: 0.0, Diff: 0.0, Sum: 0.0]
      [Object Copy (ms): Min: 135.6, Avg: 135.7, Max: 135.8, Diff: 0.2, Sum: 1085.7]
      [Termination (ms): Min: 0.0, Avg: 0.2, Max: 0.2, Diff: 0.2, Sum: 1.4]
         [Termination Attempts: Min: 1, Avg: 1140.8, Max: 1434, Diff: 1433, Sum: 9126]
      [GC Worker Other (ms): Min: 0.0, Avg: 0.0, Max: 0.1, Diff: 0.1, Sum: 0.3]
      [GC Worker Total (ms): Min: 170.3, Avg: 174.2, Max: 175.4, Diff: 5.1, Sum: 1393.9]
      [GC Worker End (ms): Min: 21091.7, Avg: 21091.7, Max: 21091.7, Diff: 0.1]
   [Code Root Fixup: 0.0 ms]
   [Code Root Purge: 0.0 ms]
   [Clear CT: 0.2 ms]
   [Other: 0.9 ms]
      [Choose CSet: 0.0 ms]
      [Ref Proc: 0.2 ms]
      [Ref Enq: 0.0 ms]
      [Redirty Cards: 0.2 ms]
      [Humongous Register: 0.0 ms]
      [Humongous Reclaim: 0.0 ms]
      [Free CSet: 0.3 ms]
   [Eden: 245.0M(245.0M)->0.0B(244.0M) Survivors: 36.0M->36.0M Heap: 891.9M(2048.0M)->893.4M(2048.0M)]
 [Times: user=1.25 sys=0.03, real=0.18 secs] 
2020-09-29T12:21:01.100+0200: 21.256: [GC pause (G1 Evacuation Pause) (young), 0.1667244 secs]
   [Parallel Time: 165.1 ms, GC Workers: 8]
      [GC Worker Start (ms): Min: 21255.7, Avg: 21255.8, Max: 21255.8, Diff: 0.1]
      [Ext Root Scanning (ms): Min: 0.0, Avg: 0.1, Max: 0.1, Diff: 0.1, Sum: 0.6]
      [Update RS (ms): Min: 18.7, Avg: 18.8, Max: 19.1, Diff: 0.5, Sum: 150.4]
         [Processed Buffers: Min: 18, Avg: 19.3, Max: 22, Diff: 4, Sum: 154]
      [Scan RS (ms): Min: 17.1, Avg: 17.4, Max: 17.6, Diff: 0.5, Sum: 139.6]
      [Code Root Scanning (ms): Min: 0.0, Avg: 0.0, Max: 0.0, Diff: 0.0, Sum: 0.0]
      [Object Copy (ms): Min: 126.9, Avg: 126.9, Max: 126.9, Diff: 0.0, Sum: 1015.2]
      [Termination (ms): Min: 0.0, Avg: 0.1, Max: 0.2, Diff: 0.2, Sum: 0.8]
         [Termination Attempts: Min: 1, Avg: 142.3, Max: 184, Diff: 183, Sum: 1138]
      [GC Worker Other (ms): Min: 1.4, Avg: 1.5, Max: 1.6, Diff: 0.2, Sum: 12.1]
      [GC Worker Total (ms): Min: 164.8, Avg: 164.8, Max: 164.9, Diff: 0.2, Sum: 1318.7]
      [GC Worker End (ms): Min: 21420.5, Avg: 21420.6, Max: 21420.6, Diff: 0.1]
   [Code Root Fixup: 0.0 ms]
   [Code Root Purge: 0.0 ms]
   [Clear CT: 0.6 ms]
   [Other: 1.0 ms]
      [Choose CSet: 0.0 ms]
      [Ref Proc: 0.3 ms]
      [Ref Enq: 0.0 ms]
      [Redirty Cards: 0.3 ms]
      [Humongous Register: 0.1 ms]
      [Humongous Reclaim: 0.0 ms]
      [Free CSet: 0.3 ms]
   [Eden: 244.0M(244.0M)->0.0B(250.0M) Survivors: 36.0M->35.0M Heap: 1179.3M(2048.0M)->1181.8M(2048.0M)]
 [Times: user=1.22 sys=0.02, real=0.17 secs] 
2020-09-29T12:21:01.284+0200: 21.439: [GC pause (G1 Humongous Allocation) (young) (initial-mark), 0.0507459 secs]
   [Parallel Time: 49.8 ms, GC Workers: 8]
      [GC Worker Start (ms): Min: 21439.2, Avg: 21439.2, Max: 21439.3, Diff: 0.2]
      [Ext Root Scanning (ms): Min: 0.0, Avg: 0.1, Max: 0.2, Diff: 0.2, Sum: 1.0]
      [Update RS (ms): Min: 23.2, Avg: 23.5, Max: 23.6, Diff: 0.4, Sum: 187.6]
         [Processed Buffers: Min: 25, Avg: 26.6, Max: 30, Diff: 5, Sum: 213]
      [Scan RS (ms): Min: 2.5, Avg: 2.7, Max: 2.9, Diff: 0.4, Sum: 21.4]
      [Code Root Scanning (ms): Min: 0.0, Avg: 0.0, Max: 0.0, Diff: 0.0, Sum: 0.0]
      [Object Copy (ms): Min: 23.2, Avg: 23.3, Max: 23.3, Diff: 0.1, Sum: 186.3]
      [Termination (ms): Min: 0.0, Avg: 0.1, Max: 0.1, Diff: 0.1, Sum: 0.6]
         [Termination Attempts: Min: 1, Avg: 484.3, Max: 657, Diff: 656, Sum: 3874]
      [GC Worker Other (ms): Min: 0.0, Avg: 0.0, Max: 0.0, Diff: 0.0, Sum: 0.2]
      [GC Worker Total (ms): Min: 49.6, Avg: 49.6, Max: 49.7, Diff: 0.1, Sum: 397.1]
      [GC Worker End (ms): Min: 21488.9, Avg: 21488.9, Max: 21488.9, Diff: 0.0]
   [Code Root Fixup: 0.0 ms]
   [Code Root Purge: 0.0 ms]
   [Clear CT: 0.1 ms]
   [Other: 0.8 ms]
      [Choose CSet: 0.0 ms]
      [Ref Proc: 0.2 ms]
      [Ref Enq: 0.0 ms]
      [Redirty Cards: 0.2 ms]
      [Humongous Register: 0.1 ms]
      [Humongous Reclaim: 0.0 ms]
      [Free CSet: 0.1 ms]
   [Eden: 10.0M(250.0M)->0.0B(281.0M) Survivors: 35.0M->11.0M Heap: 1191.3M(2048.0M)->1194.3M(2048.0M)]
 [Times: user=0.48 sys=0.00, real=0.05 secs] 
2020-09-29T12:21:01.335+0200: 21.490: [GC concurrent-root-region-scan-start]
2020-09-29T12:21:01.338+0200: 21.493: [GC concurrent-root-region-scan-end, 0.0029241 secs]
2020-09-29T12:21:01.338+0200: 21.493: [GC concurrent-mark-start]
2020-09-29T12:21:01.341+0200: 21.496: [GC concurrent-mark-end, 0.0036323 secs]
2020-09-29T12:21:01.342+0200: 21.497: [GC remark 2020-09-29T12:21:01.342+0200: 21.497: [Finalize Marking, 0.0002346 secs] 2020-09-29T12:21:01.342+0200: 21.497: [GC ref-proc, 0.0003043 secs] 2020-09-29T12:21:01.342+0200: 21.498: [Unloading, 0.0004376 secs], 0.0013323 secs]
 [Times: user=0.00 sys=0.00, real=0.00 secs] 
2020-09-29T12:21:01.344+0200: 21.499: [GC cleanup 1206M->30M(2048M), 0.0016534 secs]
 [Times: user=0.00 sys=0.00, real=0.00 secs] 
2020-09-29T12:21:01.345+0200: 21.501: [GC concurrent-cleanup-start]
2020-09-29T12:21:01.348+0200: 21.503: [GC concurrent-cleanup-end, 0.0027241 secs]
2020-09-29T12:21:01.504+0200: 21.659: [GC pause (G1 Evacuation Pause) (young), 0.1697945 secs]
   [Parallel Time: 168.5 ms, GC Workers: 8]
      [GC Worker Start (ms): Min: 21659.2, Avg: 21659.2, Max: 21659.4, Diff: 0.2]
      [Ext Root Scanning (ms): Min: 0.0, Avg: 0.1, Max: 0.1, Diff: 0.1, Sum: 0.7]
      [Update RS (ms): Min: 19.9, Avg: 20.1, Max: 20.5, Diff: 0.6, Sum: 161.2]
         [Processed Buffers: Min: 11, Avg: 18.5, Max: 21, Diff: 10, Sum: 148]
      [Scan RS (ms): Min: 17.0, Avg: 17.4, Max: 17.6, Diff: 0.6, Sum: 139.0]
      [Code Root Scanning (ms): Min: 0.0, Avg: 0.0, Max: 0.0, Diff: 0.0, Sum: 0.0]
      [Object Copy (ms): Min: 130.5, Avg: 130.7, Max: 130.7, Diff: 0.2, Sum: 1045.2]
      [Termination (ms): Min: 0.0, Avg: 0.0, Max: 0.0, Diff: 0.0, Sum: 0.2]
         [Termination Attempts: Min: 1, Avg: 170.0, Max: 249, Diff: 248, Sum: 1360]
      [GC Worker Other (ms): Min: 0.0, Avg: 0.0, Max: 0.1, Diff: 0.1, Sum: 0.3]
      [GC Worker Total (ms): Min: 168.2, Avg: 168.3, Max: 168.4, Diff: 0.2, Sum: 1346.5]
      [GC Worker End (ms): Min: 21827.5, Avg: 21827.6, Max: 21827.6, Diff: 0.1]
   [Code Root Fixup: 0.0 ms]
   [Code Root Purge: 0.0 ms]
   [Clear CT: 0.3 ms]
   [Other: 1.0 ms]
      [Choose CSet: 0.0 ms]
      [Ref Proc: 0.2 ms]
      [Ref Enq: 0.0 ms]
      [Redirty Cards: 0.2 ms]
      [Humongous Register: 0.0 ms]
      [Humongous Reclaim: 0.0 ms]
      [Free CSet: 0.2 ms]
   [Eden: 281.0M(281.0M)->0.0B(260.0M) Survivors: 11.0M->37.0M Heap: 347.7M(2048.0M)->338.2M(2048.0M)]
 [Times: user=1.30 sys=0.05, real=0.17 secs] 
2020-09-29T12:21:01.879+0200: 22.034: [GC pause (G1 Evacuation Pause) (young), 0.2084992 secs]
   [Parallel Time: 207.0 ms, GC Workers: 8]
      [GC Worker Start (ms): Min: 22034.3, Avg: 22034.4, Max: 22034.5, Diff: 0.2]
      [Ext Root Scanning (ms): Min: 0.0, Avg: 0.1, Max: 0.2, Diff: 0.2, Sum: 0.7]
      [Update RS (ms): Min: 26.3, Avg: 26.8, Max: 28.4, Diff: 2.1, Sum: 214.8]
         [Processed Buffers: Min: 9, Avg: 16.1, Max: 25, Diff: 16, Sum: 129]
      [Scan RS (ms): Min: 23.1, Avg: 24.8, Max: 25.5, Diff: 2.3, Sum: 198.5]
      [Code Root Scanning (ms): Min: 0.0, Avg: 0.0, Max: 0.0, Diff: 0.0, Sum: 0.0]
      [Object Copy (ms): Min: 154.7, Avg: 154.9, Max: 155.0, Diff: 0.3, Sum: 1238.9]
      [Termination (ms): Min: 0.0, Avg: 0.1, Max: 0.1, Diff: 0.1, Sum: 0.9]
         [Termination Attempts: Min: 1, Avg: 419.8, Max: 550, Diff: 549, Sum: 3358]
      [GC Worker Other (ms): Min: 0.0, Avg: 0.1, Max: 0.1, Diff: 0.1, Sum: 0.5]
      [GC Worker Total (ms): Min: 206.6, Avg: 206.8, Max: 206.9, Diff: 0.3, Sum: 1654.3]
      [GC Worker End (ms): Min: 22241.1, Avg: 22241.2, Max: 22241.3, Diff: 0.2]
   [Code Root Fixup: 0.0 ms]
   [Code Root Purge: 0.0 ms]
   [Clear CT: 0.2 ms]
   [Other: 1.3 ms]
      [Choose CSet: 0.0 ms]
      [Ref Proc: 0.2 ms]
      [Ref Enq: 0.0 ms]
      [Redirty Cards: 0.5 ms]
      [Humongous Register: 0.1 ms]
      [Humongous Reclaim: 0.0 ms]
      [Free CSet: 0.3 ms]
   [Eden: 260.0M(260.0M)->0.0B(224.0M) Survivors: 37.0M->38.0M Heap: 642.1M(2048.0M)->644.1M(2048.0M)]
 [Times: user=1.56 sys=0.01, real=0.21 secs] 
2020-09-29T12:21:02.266+0200: 22.421: [GC pause (G1 Evacuation Pause) (young), 0.1719292 secs]
   [Parallel Time: 170.9 ms, GC Workers: 8]
      [GC Worker Start (ms): Min: 22421.0, Avg: 22421.8, Max: 22426.9, Diff: 5.9]
      [Ext Root Scanning (ms): Min: 0.0, Avg: 0.1, Max: 0.2, Diff: 0.2, Sum: 0.6]
      [Update RS (ms): Min: 11.1, Avg: 16.2, Max: 17.8, Diff: 6.8, Sum: 129.8]
         [Processed Buffers: Min: 6, Avg: 13.3, Max: 16, Diff: 10, Sum: 106]
      [Scan RS (ms): Min: 18.0, Avg: 19.0, Max: 19.4, Diff: 1.4, Sum: 151.8]
      [Code Root Scanning (ms): Min: 0.0, Avg: 0.0, Max: 0.0, Diff: 0.0, Sum: 0.0]
      [Object Copy (ms): Min: 134.0, Avg: 134.6, Max: 134.7, Diff: 0.7, Sum: 1076.6]
      [Termination (ms): Min: 0.0, Avg: 0.0, Max: 0.0, Diff: 0.0, Sum: 0.0]
         [Termination Attempts: Min: 1, Avg: 25.9, Max: 42, Diff: 41, Sum: 207]
      [GC Worker Other (ms): Min: 0.0, Avg: 0.0, Max: 0.1, Diff: 0.1, Sum: 0.4]
      [GC Worker Total (ms): Min: 164.8, Avg: 169.9, Max: 170.7, Diff: 6.0, Sum: 1359.2]
      [GC Worker End (ms): Min: 22591.7, Avg: 22591.7, Max: 22591.7, Diff: 0.1]
   [Code Root Fixup: 0.0 ms]
   [Code Root Purge: 0.0 ms]
   [Clear CT: 0.2 ms]
   [Other: 0.9 ms]
      [Choose CSet: 0.0 ms]
      [Ref Proc: 0.2 ms]
      [Ref Enq: 0.0 ms]
      [Redirty Cards: 0.2 ms]
      [Humongous Register: 0.0 ms]
      [Humongous Reclaim: 0.0 ms]
      [Free CSet: 0.3 ms]
   [Eden: 224.0M(224.0M)->0.0B(228.0M) Survivors: 38.0M->33.0M Heap: 904.3M(2048.0M)->905.8M(2048.0M)]
 [Times: user=1.27 sys=0.03, real=0.17 secs] 
2020-09-29T12:21:02.597+0200: 22.752: [GC pause (G1 Evacuation Pause) (young), 0.2009618 secs]
   [Parallel Time: 199.7 ms, GC Workers: 8]
      [GC Worker Start (ms): Min: 22752.6, Avg: 22756.6, Max: 22784.7, Diff: 32.1]
      [Ext Root Scanning (ms): Min: 0.0, Avg: 0.1, Max: 0.1, Diff: 0.1, Sum: 0.5]
      [Update RS (ms): Min: 0.0, Avg: 19.3, Max: 32.9, Diff: 32.9, Sum: 154.3]
         [Processed Buffers: Min: 0, Avg: 15.1, Max: 21, Diff: 21, Sum: 121]
      [Scan RS (ms): Min: 10.4, Avg: 22.6, Max: 43.7, Diff: 33.3, Sum: 181.1]
      [Code Root Scanning (ms): Min: 0.0, Avg: 0.0, Max: 0.0, Diff: 0.0, Sum: 0.0]
      [Object Copy (ms): Min: 135.3, Avg: 153.4, Max: 156.1, Diff: 20.8, Sum: 1227.2]
      [Termination (ms): Min: 0.0, Avg: 0.1, Max: 0.1, Diff: 0.1, Sum: 0.6]
         [Termination Attempts: Min: 1, Avg: 462.8, Max: 596, Diff: 595, Sum: 3702]
      [GC Worker Other (ms): Min: 0.0, Avg: 0.0, Max: 0.1, Diff: 0.0, Sum: 0.3]
      [GC Worker Total (ms): Min: 167.4, Avg: 195.5, Max: 199.6, Diff: 32.2, Sum: 1564.0]
      [GC Worker End (ms): Min: 22952.1, Avg: 22952.1, Max: 22952.2, Diff: 0.0]
   [Code Root Fixup: 0.0 ms]
   [Code Root Purge: 0.0 ms]
   [Clear CT: 0.3 ms]
   [Other: 1.0 ms]
      [Choose CSet: 0.0 ms]
      [Ref Proc: 0.2 ms]
      [Ref Enq: 0.0 ms]
      [Redirty Cards: 0.3 ms]
      [Humongous Register: 0.0 ms]
      [Humongous Reclaim: 0.0 ms]
      [Free CSet: 0.2 ms]
   [Eden: 228.0M(228.0M)->0.0B(203.0M) Survivors: 33.0M->33.0M Heap: 1171.9M(2048.0M)->1173.9M(2048.0M)]
 [Times: user=1.38 sys=0.08, real=0.20 secs] 
2020-09-29T12:21:02.813+0200: 22.968: [GC pause (G1 Humongous Allocation) (young) (initial-mark), 0.0398637 secs]
   [Parallel Time: 38.4 ms, GC Workers: 8]
      [GC Worker Start (ms): Min: 22968.1, Avg: 22968.1, Max: 22968.2, Diff: 0.1]
      [Ext Root Scanning (ms): Min: 0.0, Avg: 0.1, Max: 0.1, Diff: 0.1, Sum: 0.7]
      [Update RS (ms): Min: 20.5, Avg: 20.8, Max: 20.9, Diff: 0.4, Sum: 166.1]
         [Processed Buffers: Min: 21, Avg: 23.5, Max: 25, Diff: 4, Sum: 188]
      [Scan RS (ms): Min: 1.9, Avg: 2.1, Max: 2.3, Diff: 0.4, Sum: 16.7]
      [Code Root Scanning (ms): Min: 0.0, Avg: 0.0, Max: 0.0, Diff: 0.0, Sum: 0.0]
      [Object Copy (ms): Min: 15.2, Avg: 15.3, Max: 15.3, Diff: 0.1, Sum: 122.2]
      [Termination (ms): Min: 0.0, Avg: 0.0, Max: 0.0, Diff: 0.0, Sum: 0.0]
         [Termination Attempts: Min: 1, Avg: 32.6, Max: 44, Diff: 43, Sum: 261]
      [GC Worker Other (ms): Min: 0.0, Avg: 0.0, Max: 0.0, Diff: 0.0, Sum: 0.1]
      [GC Worker Total (ms): Min: 38.2, Avg: 38.2, Max: 38.3, Diff: 0.1, Sum: 305.9]
      [GC Worker End (ms): Min: 23006.4, Avg: 23006.4, Max: 23006.4, Diff: 0.0]
   [Code Root Fixup: 0.0 ms]
   [Code Root Purge: 0.0 ms]
   [Clear CT: 0.6 ms]
   [Other: 0.9 ms]
      [Choose CSet: 0.0 ms]
      [Ref Proc: 0.2 ms]
      [Ref Enq: 0.0 ms]
      [Redirty Cards: 0.2 ms]
      [Humongous Register: 0.1 ms]
      [Humongous Reclaim: 0.0 ms]
      [Free CSet: 0.1 ms]
   [Eden: 3072.0K(203.0M)->0.0B(263.0M) Survivors: 33.0M->6144.0K Heap: 1176.9M(2048.0M)->1181.4M(2048.0M)]
 [Times: user=0.38 sys=0.00, real=0.04 secs] 
2020-09-29T12:21:02.853+0200: 23.008: [GC concurrent-root-region-scan-start]
2020-09-29T12:21:02.854+0200: 23.010: [GC concurrent-root-region-scan-end, 0.0016276 secs]
2020-09-29T12:21:02.854+0200: 23.010: [GC concurrent-mark-start]
2020-09-29T12:21:02.859+0200: 23.014: [GC concurrent-mark-end, 0.0046758 secs]
2020-09-29T12:21:02.859+0200: 23.015: [GC remark 2020-09-29T12:21:02.859+0200: 23.015: [Finalize Marking, 0.0002788 secs] 2020-09-29T12:21:02.860+0200: 23.015: [GC ref-proc, 0.0004152 secs] 2020-09-29T12:21:02.860+0200: 23.015: [Unloading, 0.0004988 secs], 0.0015341 secs]
 [Times: user=0.00 sys=0.00, real=0.00 secs] 
2020-09-29T12:21:02.861+0200: 23.016: [GC cleanup 1194M->26M(2048M), 0.0015460 secs]
 [Times: user=0.00 sys=0.00, real=0.00 secs] 
2020-09-29T12:21:02.863+0200: 23.018: [GC concurrent-cleanup-start]
2020-09-29T12:21:02.867+0200: 23.022: [GC concurrent-cleanup-end, 0.0036499 secs]
2020-09-29T12:21:03.022+0200: 23.177: [GC pause (G1 Evacuation Pause) (young), 0.1695438 secs]
   [Parallel Time: 168.4 ms, GC Workers: 8]
      [GC Worker Start (ms): Min: 23177.6, Avg: 23180.5, Max: 23200.0, Diff: 22.4]
      [Ext Root Scanning (ms): Min: 0.0, Avg: 0.1, Max: 0.2, Diff: 0.1, Sum: 0.7]
      [Update RS (ms): Min: 0.0, Avg: 13.8, Max: 16.0, Diff: 16.0, Sum: 110.1]
         [Processed Buffers: Min: 0, Avg: 14.0, Max: 18, Diff: 18, Sum: 112]
      [Scan RS (ms): Min: 12.4, Avg: 18.1, Max: 19.1, Diff: 6.7, Sum: 144.8]
      [Code Root Scanning (ms): Min: 0.0, Avg: 0.0, Max: 0.0, Diff: 0.0, Sum: 0.0]
      [Object Copy (ms): Min: 133.3, Avg: 133.4, Max: 133.5, Diff: 0.2, Sum: 1066.9]
      [Termination (ms): Min: 0.0, Avg: 0.0, Max: 0.0, Diff: 0.0, Sum: 0.2]
         [Termination Attempts: Min: 1, Avg: 161.4, Max: 197, Diff: 196, Sum: 1291]
      [GC Worker Other (ms): Min: 0.0, Avg: 0.0, Max: 0.1, Diff: 0.1, Sum: 0.4]
      [GC Worker Total (ms): Min: 145.9, Avg: 165.4, Max: 168.4, Diff: 22.4, Sum: 1323.1]
      [GC Worker End (ms): Min: 23345.8, Avg: 23345.9, Max: 23345.9, Diff: 0.1]
   [Code Root Fixup: 0.0 ms]
   [Code Root Purge: 0.0 ms]
   [Clear CT: 0.2 ms]
   [Other: 1.0 ms]
      [Choose CSet: 0.0 ms]
      [Ref Proc: 0.1 ms]
      [Ref Enq: 0.0 ms]
      [Redirty Cards: 0.2 ms]
      [Humongous Register: 0.1 ms]
      [Humongous Reclaim: 0.0 ms]
      [Free CSet: 0.3 ms]
   [Eden: 263.0M(263.0M)->0.0B(238.0M) Survivors: 6144.0K->34.0M Heap: 320.4M(2048.0M)->316.4M(2048.0M)]
 [Times: user=1.14 sys=0.08, real=0.17 secs] 
2020-09-29T12:21:03.332+0200: 23.487: [GC pause (G1 Evacuation Pause) (young), 0.1627728 secs]
   [Parallel Time: 161.7 ms, GC Workers: 8]
      [GC Worker Start (ms): Min: 23487.4, Avg: 23487.5, Max: 23487.8, Diff: 0.4]
      [Ext Root Scanning (ms): Min: 0.0, Avg: 0.1, Max: 0.1, Diff: 0.1, Sum: 0.6]
      [Update RS (ms): Min: 18.7, Avg: 19.0, Max: 19.7, Diff: 1.0, Sum: 152.0]
         [Processed Buffers: Min: 11, Avg: 16.0, Max: 20, Diff: 9, Sum: 128]
      [Scan RS (ms): Min: 20.1, Avg: 21.2, Max: 24.0, Diff: 3.9, Sum: 169.5]
      [Code Root Scanning (ms): Min: 0.0, Avg: 0.0, Max: 0.0, Diff: 0.0, Sum: 0.0]
      [Object Copy (ms): Min: 118.7, Avg: 121.2, Max: 121.6, Diff: 2.9, Sum: 969.5]
      [Termination (ms): Min: 0.0, Avg: 0.0, Max: 0.0, Diff: 0.0, Sum: 0.0]
         [Termination Attempts: Min: 1, Avg: 20.6, Max: 27, Diff: 26, Sum: 165]
      [GC Worker Other (ms): Min: 0.0, Avg: 0.0, Max: 0.1, Diff: 0.0, Sum: 0.2]
      [GC Worker Total (ms): Min: 161.2, Avg: 161.5, Max: 161.6, Diff: 0.4, Sum: 1291.8]
      [GC Worker End (ms): Min: 23649.0, Avg: 23649.0, Max: 23649.0, Diff: 0.0]
   [Code Root Fixup: 0.0 ms]
   [Code Root Purge: 0.0 ms]
   [Clear CT: 0.2 ms]
   [Other: 0.9 ms]
      [Choose CSet: 0.0 ms]
      [Ref Proc: 0.2 ms]
      [Ref Enq: 0.0 ms]
      [Redirty Cards: 0.2 ms]
      [Humongous Register: 0.1 ms]
      [Humongous Reclaim: 0.0 ms]
      [Free CSet: 0.2 ms]
   [Eden: 238.0M(238.0M)->0.0B(239.0M) Survivors: 34.0M->34.0M Heap: 594.4M(2048.0M)->596.4M(2048.0M)]
 [Times: user=1.28 sys=0.05, real=0.16 secs] 
2020-09-29T12:21:03.629+0200: 23.785: [GC pause (G1 Evacuation Pause) (young), 0.1614394 secs]
   [Parallel Time: 160.4 ms, GC Workers: 8]
      [GC Worker Start (ms): Min: 23784.7, Avg: 23784.7, Max: 23784.8, Diff: 0.1]
      [Ext Root Scanning (ms): Min: 0.0, Avg: 0.1, Max: 0.1, Diff: 0.1, Sum: 0.6]
      [Update RS (ms): Min: 18.8, Avg: 19.1, Max: 19.7, Diff: 0.9, Sum: 153.1]
         [Processed Buffers: Min: 17, Avg: 18.5, Max: 20, Diff: 3, Sum: 148]
      [Scan RS (ms): Min: 16.0, Avg: 16.5, Max: 17.0, Diff: 1.0, Sum: 132.2]
      [Code Root Scanning (ms): Min: 0.0, Avg: 0.0, Max: 0.0, Diff: 0.0, Sum: 0.0]
      [Object Copy (ms): Min: 124.2, Avg: 124.3, Max: 124.5, Diff: 0.3, Sum: 994.7]
      [Termination (ms): Min: 0.0, Avg: 0.1, Max: 0.2, Diff: 0.2, Sum: 0.9]
         [Termination Attempts: Min: 1, Avg: 735.4, Max: 915, Diff: 914, Sum: 5883]
      [GC Worker Other (ms): Min: 0.1, Avg: 0.1, Max: 0.2, Diff: 0.1, Sum: 0.8]
      [GC Worker Total (ms): Min: 160.2, Avg: 160.3, Max: 160.4, Diff: 0.2, Sum: 1282.4]
      [GC Worker End (ms): Min: 23945.0, Avg: 23945.0, Max: 23945.1, Diff: 0.1]
   [Code Root Fixup: 0.0 ms]
   [Code Root Purge: 0.0 ms]
   [Clear CT: 0.2 ms]
   [Other: 0.8 ms]
      [Choose CSet: 0.0 ms]
      [Ref Proc: 0.2 ms]
      [Ref Enq: 0.0 ms]
      [Redirty Cards: 0.2 ms]
      [Humongous Register: 0.0 ms]
      [Humongous Reclaim: 0.0 ms]
      [Free CSet: 0.2 ms]
   [Eden: 239.0M(239.0M)->0.0B(247.0M) Survivors: 34.0M->35.0M Heap: 875.5M(2048.0M)->877.5M(2048.0M)]
 [Times: user=1.14 sys=0.11, real=0.16 secs] 
2020-09-29T12:21:03.925+0200: 24.081: [GC pause (G1 Evacuation Pause) (young), 0.1633804 secs]
   [Parallel Time: 162.4 ms, GC Workers: 8]
      [GC Worker Start (ms): Min: 24081.0, Avg: 24081.0, Max: 24081.1, Diff: 0.1]
      [Ext Root Scanning (ms): Min: 0.0, Avg: 0.1, Max: 0.1, Diff: 0.1, Sum: 0.6]
      [Update RS (ms): Min: 17.8, Avg: 18.0, Max: 18.4, Diff: 0.5, Sum: 144.0]
         [Processed Buffers: Min: 16, Avg: 18.3, Max: 21, Diff: 5, Sum: 146]
      [Scan RS (ms): Min: 17.4, Avg: 17.8, Max: 18.0, Diff: 0.6, Sum: 142.1]
      [Code Root Scanning (ms): Min: 0.0, Avg: 0.0, Max: 0.0, Diff: 0.0, Sum: 0.0]
      [Object Copy (ms): Min: 126.2, Avg: 126.3, Max: 126.4, Diff: 0.2, Sum: 1010.6]
      [Termination (ms): Min: 0.0, Avg: 0.0, Max: 0.1, Diff: 0.1, Sum: 0.3]
         [Termination Attempts: Min: 1, Avg: 290.4, Max: 357, Diff: 356, Sum: 2323]
      [GC Worker Other (ms): Min: 0.0, Avg: 0.0, Max: 0.1, Diff: 0.1, Sum: 0.3]
      [GC Worker Total (ms): Min: 162.1, Avg: 162.2, Max: 162.3, Diff: 0.1, Sum: 1297.8]
      [GC Worker End (ms): Min: 24243.2, Avg: 24243.3, Max: 24243.3, Diff: 0.0]
   [Code Root Fixup: 0.0 ms]
   [Code Root Purge: 0.0 ms]
   [Clear CT: 0.2 ms]
   [Other: 0.8 ms]
      [Choose CSet: 0.0 ms]
      [Ref Proc: 0.2 ms]
      [Ref Enq: 0.0 ms]
      [Redirty Cards: 0.2 ms]
      [Humongous Register: 0.0 ms]
      [Humongous Reclaim: 0.0 ms]
      [Free CSet: 0.2 ms]
   [Eden: 247.0M(247.0M)->0.0B(255.0M) Survivors: 35.0M->36.0M Heap: 1166.4M(2048.0M)->1168.4M(2048.0M)]
 [Times: user=1.34 sys=0.03, real=0.16 secs] 
2020-09-29T12:21:04.093+0200: 24.249: [GC pause (G1 Humongous Allocation) (young) (initial-mark), 0.0582713 secs]
   [Parallel Time: 57.3 ms, GC Workers: 8]
      [GC Worker Start (ms): Min: 24249.1, Avg: 24249.2, Max: 24249.3, Diff: 0.1]
      [Ext Root Scanning (ms): Min: 0.0, Avg: 0.2, Max: 0.3, Diff: 0.3, Sum: 1.4]
      [Update RS (ms): Min: 33.6, Avg: 33.9, Max: 34.4, Diff: 0.8, Sum: 271.4]
         [Processed Buffers: Min: 40, Avg: 43.1, Max: 46, Diff: 6, Sum: 345]
      [Scan RS (ms): Min: 1.3, Avg: 1.8, Max: 2.1, Diff: 0.8, Sum: 14.6]
      [Code Root Scanning (ms): Min: 0.0, Avg: 0.0, Max: 0.0, Diff: 0.0, Sum: 0.0]
      [Object Copy (ms): Min: 21.0, Avg: 21.1, Max: 21.2, Diff: 0.2, Sum: 168.6]
      [Termination (ms): Min: 0.0, Avg: 0.1, Max: 0.1, Diff: 0.1, Sum: 0.5]
         [Termination Attempts: Min: 1, Avg: 426.0, Max: 525, Diff: 524, Sum: 3408]
      [GC Worker Other (ms): Min: 0.0, Avg: 0.0, Max: 0.0, Diff: 0.0, Sum: 0.2]
      [GC Worker Total (ms): Min: 57.0, Avg: 57.1, Max: 57.1, Diff: 0.2, Sum: 456.7]
      [GC Worker End (ms): Min: 24306.3, Avg: 24306.3, Max: 24306.3, Diff: 0.0]
   [Code Root Fixup: 0.0 ms]
   [Code Root Purge: 0.0 ms]
   [Clear CT: 0.2 ms]
   [Other: 0.8 ms]
      [Choose CSet: 0.0 ms]
      [Ref Proc: 0.1 ms]
      [Ref Enq: 0.0 ms]
      [Redirty Cards: 0.2 ms]
      [Humongous Register: 0.0 ms]
      [Humongous Reclaim: 0.0 ms]
      [Free CSet: 0.1 ms]
   [Eden: 9216.0K(255.0M)->0.0B(279.0M) Survivors: 36.0M->12.0M Heap: 1177.4M(2048.0M)->1181.4M(2048.0M)]
 [Times: user=0.47 sys=0.03, real=0.06 secs] 
2020-09-29T12:21:04.152+0200: 24.307: [GC concurrent-root-region-scan-start]
2020-09-29T12:21:04.154+0200: 24.310: [GC concurrent-root-region-scan-end, 0.0024813 secs]
2020-09-29T12:21:04.154+0200: 24.310: [GC concurrent-mark-start]
2020-09-29T12:21:04.158+0200: 24.313: [GC concurrent-mark-end, 0.0033563 secs]
2020-09-29T12:21:04.158+0200: 24.313: [GC remark 2020-09-29T12:21:04.158+0200: 24.313: [Finalize Marking, 0.0001613 secs] 2020-09-29T12:21:04.158+0200: 24.314: [GC ref-proc, 0.0003622 secs] 2020-09-29T12:21:04.158+0200: 24.314: [Unloading, 0.0004756 secs], 0.0013166 secs]
 [Times: user=0.00 sys=0.00, real=0.00 secs] 
2020-09-29T12:21:04.159+0200: 24.315: [GC cleanup 1194M->32M(2048M), 0.0012965 secs]
 [Times: user=0.11 sys=0.00, real=0.00 secs] 
2020-09-29T12:21:04.161+0200: 24.316: [GC concurrent-cleanup-start]
2020-09-29T12:21:04.164+0200: 24.320: [GC concurrent-cleanup-end, 0.0032506 secs]
2020-09-29T12:21:04.305+0200: 24.461: [GC pause (G1 Evacuation Pause) (young), 0.1659701 secs]
   [Parallel Time: 164.8 ms, GC Workers: 8]
      [GC Worker Start (ms): Min: 24460.7, Avg: 24460.7, Max: 24460.7, Diff: 0.1]
      [Ext Root Scanning (ms): Min: 0.0, Avg: 0.1, Max: 0.1, Diff: 0.1, Sum: 0.6]
      [Update RS (ms): Min: 18.1, Avg: 18.4, Max: 19.0, Diff: 0.9, Sum: 147.3]
         [Processed Buffers: Min: 17, Avg: 18.9, Max: 20, Diff: 3, Sum: 151]
      [Scan RS (ms): Min: 17.4, Avg: 17.9, Max: 18.2, Diff: 0.8, Sum: 143.5]
      [Code Root Scanning (ms): Min: 0.0, Avg: 0.0, Max: 0.0, Diff: 0.0, Sum: 0.0]
      [Object Copy (ms): Min: 127.9, Avg: 128.2, Max: 128.3, Diff: 0.4, Sum: 1025.7]
      [Termination (ms): Min: 0.0, Avg: 0.0, Max: 0.1, Diff: 0.1, Sum: 0.4]
         [Termination Attempts: Min: 1, Avg: 29.1, Max: 55, Diff: 54, Sum: 233]
      [GC Worker Other (ms): Min: 0.0, Avg: 0.0, Max: 0.0, Diff: 0.0, Sum: 0.1]
      [GC Worker Total (ms): Min: 164.7, Avg: 164.7, Max: 164.7, Diff: 0.1, Sum: 1317.5]
      [GC Worker End (ms): Min: 24625.4, Avg: 24625.4, Max: 24625.4, Diff: 0.0]
   [Code Root Fixup: 0.0 ms]
   [Code Root Purge: 0.0 ms]
   [Clear CT: 0.2 ms]
   [Other: 1.0 ms]
      [Choose CSet: 0.0 ms]
      [Ref Proc: 0.2 ms]
      [Ref Enq: 0.0 ms]
      [Redirty Cards: 0.2 ms]
      [Humongous Register: 0.0 ms]
      [Humongous Reclaim: 0.0 ms]
      [Free CSet: 0.3 ms]
   [Eden: 279.0M(279.0M)->0.0B(259.0M) Survivors: 12.0M->37.0M Heap: 346.2M(2048.0M)->336.2M(2048.0M)]
 [Times: user=1.11 sys=0.03, real=0.17 secs] 
2020-09-29T12:21:04.615+0200: 24.771: [GC pause (G1 Evacuation Pause) (young), 0.1834284 secs]
   [Parallel Time: 182.4 ms, GC Workers: 8]
      [GC Worker Start (ms): Min: 24770.9, Avg: 24771.0, Max: 24771.1, Diff: 0.1]
      [Ext Root Scanning (ms): Min: 0.0, Avg: 0.1, Max: 0.1, Diff: 0.1, Sum: 0.5]
      [Update RS (ms): Min: 21.1, Avg: 21.2, Max: 21.6, Diff: 0.5, Sum: 169.8]
         [Processed Buffers: Min: 18, Avg: 21.6, Max: 25, Diff: 7, Sum: 173]
      [Scan RS (ms): Min: 17.5, Avg: 17.9, Max: 18.0, Diff: 0.5, Sum: 142.8]
      [Code Root Scanning (ms): Min: 0.0, Avg: 0.0, Max: 0.0, Diff: 0.0, Sum: 0.0]
      [Object Copy (ms): Min: 142.6, Avg: 142.7, Max: 142.9, Diff: 0.3, Sum: 1141.5]
      [Termination (ms): Min: 0.0, Avg: 0.2, Max: 0.3, Diff: 0.3, Sum: 1.9]
         [Termination Attempts: Min: 1, Avg: 1688.5, Max: 2055, Diff: 2054, Sum: 13508]
      [GC Worker Other (ms): Min: 0.0, Avg: 0.1, Max: 0.1, Diff: 0.1, Sum: 0.6]
      [GC Worker Total (ms): Min: 182.1, Avg: 182.2, Max: 182.2, Diff: 0.2, Sum: 1457.2]
      [GC Worker End (ms): Min: 24953.1, Avg: 24953.2, Max: 24953.2, Diff: 0.1]
   [Code Root Fixup: 0.0 ms]
   [Code Root Purge: 0.0 ms]
   [Clear CT: 0.2 ms]
   [Other: 0.9 ms]
      [Choose CSet: 0.0 ms]
      [Ref Proc: 0.1 ms]
      [Ref Enq: 0.0 ms]
      [Redirty Cards: 0.2 ms]
      [Humongous Register: 0.0 ms]
      [Humongous Reclaim: 0.0 ms]
      [Free CSet: 0.3 ms]
   [Eden: 259.0M(259.0M)->0.0B(251.0M) Survivors: 37.0M->37.0M Heap: 639.1M(2048.0M)->641.1M(2048.0M)]
 [Times: user=1.23 sys=0.09, real=0.18 secs] 
2020-09-29T12:21:04.929+0200: 25.085: [GC pause (G1 Evacuation Pause) (young), 0.1820089 secs]
   [Parallel Time: 181.0 ms, GC Workers: 8]
      [GC Worker Start (ms): Min: 25084.8, Avg: 25087.5, Max: 25105.3, Diff: 20.5]
      [Ext Root Scanning (ms): Min: 0.0, Avg: 0.1, Max: 0.1, Diff: 0.1, Sum: 0.6]
      [Update RS (ms): Min: 0.0, Avg: 16.2, Max: 18.9, Diff: 18.9, Sum: 129.8]
         [Processed Buffers: Min: 0, Avg: 16.5, Max: 20, Diff: 20, Sum: 132]
      [Scan RS (ms): Min: 17.4, Avg: 19.0, Max: 19.4, Diff: 2.1, Sum: 152.0]
      [Code Root Scanning (ms): Min: 0.0, Avg: 0.0, Max: 0.0, Diff: 0.0, Sum: 0.0]
      [Object Copy (ms): Min: 142.5, Avg: 142.7, Max: 142.9, Diff: 0.4, Sum: 1141.5]
      [Termination (ms): Min: 0.0, Avg: 0.2, Max: 0.2, Diff: 0.2, Sum: 1.4]
         [Termination Attempts: Min: 1, Avg: 1217.9, Max: 1484, Diff: 1483, Sum: 9743]
      [GC Worker Other (ms): Min: 0.0, Avg: 0.1, Max: 0.1, Diff: 0.1, Sum: 0.7]
      [GC Worker Total (ms): Min: 160.3, Avg: 178.2, Max: 180.9, Diff: 20.5, Sum: 1426.0]
      [GC Worker End (ms): Min: 25265.6, Avg: 25265.7, Max: 25265.7, Diff: 0.1]
   [Code Root Fixup: 0.0 ms]
   [Code Root Purge: 0.0 ms]
   [Clear CT: 0.2 ms]
   [Other: 0.9 ms]
      [Choose CSet: 0.0 ms]
      [Ref Proc: 0.2 ms]
      [Ref Enq: 0.0 ms]
      [Redirty Cards: 0.2 ms]
      [Humongous Register: 0.0 ms]
      [Humongous Reclaim: 0.0 ms]
      [Free CSet: 0.2 ms]
   [Eden: 251.0M(251.0M)->0.0B(244.0M) Survivors: 37.0M->36.0M Heap: 932.1M(2048.0M)->934.6M(2048.0M)]
 [Times: user=1.28 sys=0.05, real=0.18 secs] 
2020-09-29T12:21:05.169+0200: 25.325: [GC pause (G1 Humongous Allocation) (young) (initial-mark), 0.1059784 secs]
   [Parallel Time: 104.9 ms, GC Workers: 8]
      [GC Worker Start (ms): Min: 25325.0, Avg: 25325.1, Max: 25325.1, Diff: 0.1]
      [Ext Root Scanning (ms): Min: 0.0, Avg: 0.1, Max: 0.1, Diff: 0.1, Sum: 0.7]
      [Update RS (ms): Min: 19.2, Avg: 19.7, Max: 20.2, Diff: 1.0, Sum: 157.3]
         [Processed Buffers: Min: 16, Avg: 19.4, Max: 22, Diff: 6, Sum: 155]
      [Scan RS (ms): Min: 3.3, Avg: 3.8, Max: 4.2, Diff: 1.0, Sum: 30.6]
      [Code Root Scanning (ms): Min: 0.0, Avg: 0.0, Max: 0.0, Diff: 0.0, Sum: 0.0]
      [Object Copy (ms): Min: 80.8, Avg: 81.0, Max: 81.2, Diff: 0.4, Sum: 647.9]
      [Termination (ms): Min: 0.0, Avg: 0.2, Max: 0.2, Diff: 0.2, Sum: 1.5]
         [Termination Attempts: Min: 1, Avg: 1349.4, Max: 1740, Diff: 1739, Sum: 10795]
      [GC Worker Other (ms): Min: 0.0, Avg: 0.0, Max: 0.1, Diff: 0.1, Sum: 0.4]
      [GC Worker Total (ms): Min: 104.7, Avg: 104.8, Max: 104.9, Diff: 0.1, Sum: 838.4]
      [GC Worker End (ms): Min: 25429.9, Avg: 25429.9, Max: 25429.9, Diff: 0.1]
   [Code Root Fixup: 0.0 ms]
   [Code Root Purge: 0.0 ms]
   [Clear CT: 0.2 ms]
   [Other: 0.9 ms]
      [Choose CSet: 0.0 ms]
      [Ref Proc: 0.2 ms]
      [Ref Enq: 0.0 ms]
      [Redirty Cards: 0.2 ms]
      [Humongous Register: 0.0 ms]
      [Humongous Reclaim: 0.0 ms]
      [Free CSet: 0.1 ms]
   [Eden: 93.0M(244.0M)->0.0B(225.0M) Survivors: 36.0M->35.0M Heap: 1042.4M(2048.0M)->1044.4M(2048.0M)]
 [Times: user=0.78 sys=0.03, real=0.11 secs] 
2020-09-29T12:21:05.275+0200: 25.431: [GC concurrent-root-region-scan-start]
2020-09-29T12:21:05.288+0200: 25.443: [GC concurrent-root-region-scan-end, 0.0123241 secs]
2020-09-29T12:21:05.288+0200: 25.443: [GC concurrent-mark-start]
2020-09-29T12:21:05.291+0200: 25.447: [GC concurrent-mark-end, 0.0031597 secs]
2020-09-29T12:21:05.291+0200: 25.447: [GC remark 2020-09-29T12:21:05.291+0200: 25.447: [Finalize Marking, 0.0002335 secs] 2020-09-29T12:21:05.291+0200: 25.447: [GC ref-proc, 0.0003462 secs] 2020-09-29T12:21:05.292+0200: 25.447: [Unloading, 0.0005121 secs], 0.0015028 secs]
 [Times: user=0.00 sys=0.00, real=0.00 secs] 
2020-09-29T12:21:05.293+0200: 25.449: [GC cleanup 1077M->75M(2048M), 0.0014846 secs]
 [Times: user=0.00 sys=0.00, real=0.00 secs] 
2020-09-29T12:21:05.295+0200: 25.450: [GC concurrent-cleanup-start]
2020-09-29T12:21:05.297+0200: 25.452: [GC concurrent-cleanup-end, 0.0018869 secs]
2020-09-29T12:21:05.418+0200: 25.574: [GC pause (G1 Evacuation Pause) (young), 0.1531099 secs]
   [Parallel Time: 151.9 ms, GC Workers: 8]
      [GC Worker Start (ms): Min: 25573.7, Avg: 25575.3, Max: 25581.0, Diff: 7.3]
      [Ext Root Scanning (ms): Min: 0.0, Avg: 0.1, Max: 0.1, Diff: 0.1, Sum: 0.6]
      [Update RS (ms): Min: 12.6, Avg: 22.7, Max: 25.1, Diff: 12.5, Sum: 181.5]
         [Processed Buffers: Min: 12, Avg: 20.3, Max: 25, Diff: 13, Sum: 162]
      [Scan RS (ms): Min: 8.9, Avg: 11.3, Max: 11.8, Diff: 3.0, Sum: 90.4]
      [Code Root Scanning (ms): Min: 0.0, Avg: 0.0, Max: 0.0, Diff: 0.0, Sum: 0.0]
      [Object Copy (ms): Min: 115.6, Avg: 115.7, Max: 115.7, Diff: 0.1, Sum: 925.2]
      [Termination (ms): Min: 0.0, Avg: 0.0, Max: 0.0, Diff: 0.0, Sum: 0.2]
         [Termination Attempts: Min: 1, Avg: 171.8, Max: 234, Diff: 233, Sum: 1374]
      [GC Worker Other (ms): Min: 0.0, Avg: 0.6, Max: 4.5, Diff: 4.5, Sum: 4.8]
      [GC Worker Total (ms): Min: 144.5, Avg: 150.3, Max: 151.8, Diff: 7.3, Sum: 1202.6]
      [GC Worker End (ms): Min: 25725.6, Avg: 25725.6, Max: 25725.6, Diff: 0.1]
   [Code Root Fixup: 0.0 ms]
   [Code Root Purge: 0.0 ms]
   [Clear CT: 0.2 ms]
   [Other: 1.0 ms]
      [Choose CSet: 0.0 ms]
      [Ref Proc: 0.2 ms]
      [Ref Enq: 0.0 ms]
      [Redirty Cards: 0.2 ms]
      [Humongous Register: 0.0 ms]
      [Humongous Reclaim: 0.0 ms]
      [Free CSet: 0.2 ms]
   [Eden: 225.0M(225.0M)->0.0B(242.0M) Survivors: 35.0M->33.0M Heap: 306.1M(2048.0M)->273.1M(2048.0M)]
 [Times: user=1.13 sys=0.02, real=0.15 secs] 
2020-09-29T12:21:05.715+0200: 25.871: [GC pause (G1 Evacuation Pause) (young), 0.1576699 secs]
   [Parallel Time: 156.2 ms, GC Workers: 8]
      [GC Worker Start (ms): Min: 25871.1, Avg: 25871.1, Max: 25871.2, Diff: 0.1]
      [Ext Root Scanning (ms): Min: 0.0, Avg: 0.1, Max: 0.2, Diff: 0.1, Sum: 0.8]
      [Update RS (ms): Min: 22.4, Avg: 22.5, Max: 22.7, Diff: 0.3, Sum: 180.2]
         [Processed Buffers: Min: 19, Avg: 21.3, Max: 23, Diff: 4, Sum: 170]
      [Scan RS (ms): Min: 15.3, Avg: 15.5, Max: 15.7, Diff: 0.4, Sum: 124.2]
      [Code Root Scanning (ms): Min: 0.0, Avg: 0.0, Max: 0.0, Diff: 0.0, Sum: 0.0]
      [Object Copy (ms): Min: 117.6, Avg: 117.7, Max: 117.8, Diff: 0.1, Sum: 941.7]
      [Termination (ms): Min: 0.0, Avg: 0.1, Max: 0.1, Diff: 0.1, Sum: 0.4]
         [Termination Attempts: Min: 1, Avg: 342.3, Max: 492, Diff: 491, Sum: 2738]
      [GC Worker Other (ms): Min: 0.0, Avg: 0.1, Max: 0.2, Diff: 0.2, Sum: 0.7]
      [GC Worker Total (ms): Min: 155.9, Avg: 156.0, Max: 156.1, Diff: 0.2, Sum: 1248.0]
      [GC Worker End (ms): Min: 26027.0, Avg: 26027.1, Max: 26027.2, Diff: 0.2]
   [Code Root Fixup: 0.0 ms]
   [Code Root Purge: 0.0 ms]
   [Clear CT: 0.1 ms]
   [Other: 1.3 ms]
      [Choose CSet: 0.0 ms]
      [Ref Proc: 0.5 ms]
      [Ref Enq: 0.0 ms]
      [Redirty Cards: 0.2 ms]
      [Humongous Register: 0.1 ms]
      [Humongous Reclaim: 0.0 ms]
      [Free CSet: 0.3 ms]
   [Eden: 237.0M(232.0M)->0.0B(255.0M) Survivors: 33.0M->34.0M Heap: 550.2M(2048.0M)->552.7M(2048.0M)]
 [Times: user=1.20 sys=0.03, real=0.16 secs] 
2020-09-29T12:21:06.038+0200: 26.194: [GC pause (G1 Evacuation Pause) (young), 0.1840502 secs]
   [Parallel Time: 183.0 ms, GC Workers: 8]
      [GC Worker Start (ms): Min: 26193.8, Avg: 26193.9, Max: 26193.9, Diff: 0.1]
      [Ext Root Scanning (ms): Min: 0.0, Avg: 0.1, Max: 0.2, Diff: 0.1, Sum: 0.8]
      [Update RS (ms): Min: 18.3, Avg: 18.5, Max: 19.2, Diff: 0.9, Sum: 148.0]
         [Processed Buffers: Min: 16, Avg: 17.4, Max: 19, Diff: 3, Sum: 139]
      [Scan RS (ms): Min: 17.3, Avg: 21.5, Max: 46.1, Diff: 28.8, Sum: 172.0]
      [Code Root Scanning (ms): Min: 0.0, Avg: 0.0, Max: 0.0, Diff: 0.0, Sum: 0.0]
      [Object Copy (ms): Min: 118.3, Avg: 142.5, Max: 146.0, Diff: 27.7, Sum: 1140.1]
      [Termination (ms): Min: 0.0, Avg: 0.1, Max: 0.2, Diff: 0.2, Sum: 1.0]
         [Termination Attempts: Min: 1, Avg: 838.0, Max: 1036, Diff: 1035, Sum: 6704]
      [GC Worker Other (ms): Min: 0.0, Avg: 0.1, Max: 0.1, Diff: 0.1, Sum: 0.5]
      [GC Worker Total (ms): Min: 182.7, Avg: 182.8, Max: 182.9, Diff: 0.1, Sum: 1462.3]
      [GC Worker End (ms): Min: 26376.7, Avg: 26376.7, Max: 26376.7, Diff: 0.0]
   [Code Root Fixup: 0.0 ms]
   [Code Root Purge: 0.0 ms]
   [Clear CT: 0.2 ms]
   [Other: 0.9 ms]
      [Choose CSet: 0.0 ms]
      [Ref Proc: 0.2 ms]
      [Ref Enq: 0.0 ms]
      [Redirty Cards: 0.2 ms]
      [Humongous Register: 0.0 ms]
      [Humongous Reclaim: 0.0 ms]
      [Free CSet: 0.3 ms]
   [Eden: 243.0M(243.0M)->0.0B(251.0M) Survivors: 34.0M->35.0M Heap: 835.8M(2048.0M)->837.8M(2048.0M)]
 [Times: user=1.26 sys=0.03, real=0.18 secs] 
2020-09-29T12:21:06.467+0200: 26.622: [GC pause (G1 Evacuation Pause) (young), 0.3842683 secs]
   [Parallel Time: 381.9 ms, GC Workers: 8]
      [GC Worker Start (ms): Min: 26622.1, Avg: 26622.7, Max: 26626.0, Diff: 3.8]
      [Ext Root Scanning (ms): Min: 0.0, Avg: 0.1, Max: 0.3, Diff: 0.3, Sum: 1.1]
      [Update RS (ms): Min: 45.4, Avg: 49.3, Max: 52.9, Diff: 7.4, Sum: 394.7]
         [Processed Buffers: Min: 16, Avg: 21.5, Max: 25, Diff: 9, Sum: 172]
      [Scan RS (ms): Min: 33.0, Avg: 35.8, Max: 36.5, Diff: 3.5, Sum: 286.2]
      [Code Root Scanning (ms): Min: 0.0, Avg: 0.0, Max: 0.0, Diff: 0.0, Sum: 0.0]
      [Object Copy (ms): Min: 295.4, Avg: 295.6, Max: 295.9, Diff: 0.5, Sum: 2365.1]
      [Termination (ms): Min: 0.1, Avg: 0.2, Max: 0.6, Diff: 0.5, Sum: 1.7]
         [Termination Attempts: Min: 1, Avg: 150.4, Max: 194, Diff: 193, Sum: 1203]
      [GC Worker Other (ms): Min: 0.0, Avg: 0.0, Max: 0.0, Diff: 0.0, Sum: 0.2]
      [GC Worker Total (ms): Min: 377.9, Avg: 381.1, Max: 381.7, Diff: 3.8, Sum: 3049.1]
      [GC Worker End (ms): Min: 27003.8, Avg: 27003.8, Max: 27003.9, Diff: 0.1]
   [Code Root Fixup: 0.0 ms]
   [Code Root Purge: 0.0 ms]
   [Clear CT: 0.6 ms]
   [Other: 1.8 ms]
      [Choose CSet: 0.0 ms]
      [Ref Proc: 0.4 ms]
      [Ref Enq: 0.0 ms]
      [Redirty Cards: 0.6 ms]
      [Humongous Register: 0.1 ms]
      [Humongous Reclaim: 0.0 ms]
      [Free CSet: 0.4 ms]
   [Eden: 251.0M(251.0M)->0.0B(120.0M) Survivors: 35.0M->36.0M Heap: 1130.7M(2048.0M)->1132.7M(2048.0M)]
 [Times: user=3.00 sys=0.05, real=0.38 secs] 
2020-09-29T12:21:06.885+0200: 27.040: [GC pause (G1 Humongous Allocation) (young) (initial-mark), 0.0916945 secs]
   [Parallel Time: 88.5 ms, GC Workers: 8]
      [GC Worker Start (ms): Min: 27040.0, Avg: 27040.1, Max: 27040.3, Diff: 0.3]
      [Ext Root Scanning (ms): Min: 0.0, Avg: 0.5, Max: 1.4, Diff: 1.4, Sum: 4.2]
      [Update RS (ms): Min: 41.1, Avg: 42.2, Max: 43.0, Diff: 1.9, Sum: 337.7]
         [Processed Buffers: Min: 20, Avg: 24.4, Max: 26, Diff: 6, Sum: 195]
      [Scan RS (ms): Min: 5.3, Avg: 5.8, Max: 6.1, Diff: 0.8, Sum: 46.6]
      [Code Root Scanning (ms): Min: 0.0, Avg: 0.0, Max: 0.0, Diff: 0.0, Sum: 0.0]
      [Object Copy (ms): Min: 39.4, Avg: 39.4, Max: 39.6, Diff: 0.2, Sum: 315.6]
      [Termination (ms): Min: 0.0, Avg: 0.1, Max: 0.1, Diff: 0.1, Sum: 0.4]
         [Termination Attempts: Min: 1, Avg: 153.4, Max: 196, Diff: 195, Sum: 1227]
      [GC Worker Other (ms): Min: 0.0, Avg: 0.0, Max: 0.0, Diff: 0.0, Sum: 0.3]
      [GC Worker Total (ms): Min: 87.9, Avg: 88.1, Max: 88.2, Diff: 0.3, Sum: 704.9]
      [GC Worker End (ms): Min: 27128.2, Avg: 27128.2, Max: 27128.2, Diff: 0.0]
   [Code Root Fixup: 0.0 ms]
   [Code Root Purge: 0.0 ms]
   [Clear CT: 1.8 ms]
   [Other: 1.4 ms]
      [Choose CSet: 0.0 ms]
      [Ref Proc: 0.3 ms]
      [Ref Enq: 0.0 ms]
      [Redirty Cards: 0.4 ms]
      [Humongous Register: 0.1 ms]
      [Humongous Reclaim: 0.0 ms]
      [Free CSet: 0.1 ms]
   [Eden: 6144.0K(120.0M)->0.0B(140.0M) Survivors: 36.0M->8192.0K Heap: 1138.2M(2048.0M)->1142.7M(2048.0M)]
 [Times: user=0.63 sys=0.02, real=0.09 secs] 
2020-09-29T12:21:06.976+0200: 27.132: [GC concurrent-root-region-scan-start]
2020-09-29T12:21:06.981+0200: 27.135: [GC concurrent-root-region-scan-end, 0.0035848 secs]
2020-09-29T12:21:06.981+0200: 27.135: [GC concurrent-mark-start]
2020-09-29T12:21:06.987+0200: 27.142: [GC concurrent-mark-end, 0.0065165 secs]
2020-09-29T12:21:06.987+0200: 27.142: [GC remark 2020-09-29T12:21:06.987+0200: 27.142: [Finalize Marking, 0.0003914 secs] 2020-09-29T12:21:06.987+0200: 27.143: [GC ref-proc, 0.0007068 secs] 2020-09-29T12:21:06.988+0200: 27.144: [Unloading, 0.0008648 secs], 0.0025858 secs]
 [Times: user=0.02 sys=0.00, real=0.00 secs] 
2020-09-29T12:21:06.990+0200: 27.146: [GC cleanup 1154M->27M(2048M), 0.0022218 secs]
 [Times: user=0.00 sys=0.00, real=0.00 secs] 
2020-09-29T12:21:06.992+0200: 27.148: [GC concurrent-cleanup-start]
2020-09-29T12:21:06.996+0200: 27.152: [GC concurrent-cleanup-end, 0.0040998 secs]
2020-09-29T12:21:07.146+0200: 27.301: [GC pause (G1 Evacuation Pause) (young), 0.1949141 secs]
   [Parallel Time: 193.2 ms, GC Workers: 8]
      [GC Worker Start (ms): Min: 27301.6, Avg: 27302.6, Max: 27303.7, Diff: 2.1]
      [Ext Root Scanning (ms): Min: 0.0, Avg: 0.1, Max: 0.3, Diff: 0.3, Sum: 0.9]
      [Update RS (ms): Min: 35.6, Avg: 36.6, Max: 38.6, Diff: 3.0, Sum: 292.8]
         [Processed Buffers: Min: 15, Avg: 17.3, Max: 20, Diff: 5, Sum: 138]
      [Scan RS (ms): Min: 7.4, Avg: 12.5, Max: 28.4, Diff: 21.0, Sum: 100.0]
      [Code Root Scanning (ms): Min: 0.0, Avg: 0.0, Max: 0.0, Diff: 0.0, Sum: 0.0]
      [Object Copy (ms): Min: 126.7, Avg: 142.6, Max: 145.1, Diff: 18.5, Sum: 1141.0]
      [Termination (ms): Min: 0.0, Avg: 0.2, Max: 0.5, Diff: 0.5, Sum: 1.3]
         [Termination Attempts: Min: 1, Avg: 403.3, Max: 504, Diff: 503, Sum: 3226]
      [GC Worker Other (ms): Min: 0.0, Avg: 0.0, Max: 0.1, Diff: 0.1, Sum: 0.3]
      [GC Worker Total (ms): Min: 190.9, Avg: 192.0, Max: 193.0, Diff: 2.1, Sum: 1536.3]
      [GC Worker End (ms): Min: 27494.6, Avg: 27494.6, Max: 27494.6, Diff: 0.1]
   [Code Root Fixup: 0.0 ms]
   [Code Root Purge: 0.0 ms]
   [Clear CT: 0.4 ms]
   [Other: 1.4 ms]
      [Choose CSet: 0.0 ms]
      [Ref Proc: 0.4 ms]
      [Ref Enq: 0.0 ms]
      [Redirty Cards: 0.3 ms]
      [Humongous Register: 0.1 ms]
      [Humongous Reclaim: 0.0 ms]
      [Free CSet: 0.2 ms]
   [Eden: 140.0M(140.0M)->0.0B(110.0M) Survivors: 8192.0K->19.0M Heap: 180.3M(2048.0M)->174.3M(2048.0M)]
 [Times: user=1.33 sys=0.05, real=0.20 secs] 
2020-09-29T12:21:07.472+0200: 27.627: [GC pause (G1 Evacuation Pause) (young), 0.1678471 secs]
   [Parallel Time: 165.7 ms, GC Workers: 8]
      [GC Worker Start (ms): Min: 27627.5, Avg: 27627.6, Max: 27627.9, Diff: 0.4]
      [Ext Root Scanning (ms): Min: 0.0, Avg: 0.2, Max: 0.3, Diff: 0.3, Sum: 1.3]
      [Update RS (ms): Min: 29.4, Avg: 30.3, Max: 31.0, Diff: 1.6, Sum: 242.7]
         [Processed Buffers: Min: 13, Avg: 14.6, Max: 16, Diff: 3, Sum: 117]
      [Scan RS (ms): Min: 8.8, Avg: 9.7, Max: 10.6, Diff: 1.9, Sum: 77.2]
      [Code Root Scanning (ms): Min: 0.0, Avg: 0.0, Max: 0.0, Diff: 0.0, Sum: 0.0]
      [Object Copy (ms): Min: 124.7, Avg: 125.1, Max: 125.2, Diff: 0.5, Sum: 1000.7]
      [Termination (ms): Min: 0.0, Avg: 0.0, Max: 0.0, Diff: 0.0, Sum: 0.3]
         [Termination Attempts: Min: 1, Avg: 108.5, Max: 137, Diff: 136, Sum: 868]
      [GC Worker Other (ms): Min: 0.0, Avg: 0.0, Max: 0.1, Diff: 0.1, Sum: 0.4]
      [GC Worker Total (ms): Min: 165.1, Avg: 165.3, Max: 165.5, Diff: 0.4, Sum: 1322.5]
      [GC Worker End (ms): Min: 27792.9, Avg: 27793.0, Max: 27793.0, Diff: 0.1]
   [Code Root Fixup: 0.0 ms]
   [Code Root Purge: 0.0 ms]
   [Clear CT: 0.7 ms]
   [Other: 1.4 ms]
      [Choose CSet: 0.0 ms]
      [Ref Proc: 0.4 ms]
      [Ref Enq: 0.0 ms]
      [Redirty Cards: 0.4 ms]
      [Humongous Register: 0.1 ms]
      [Humongous Reclaim: 0.0 ms]
      [Free CSet: 0.2 ms]
   [Eden: 110.0M(110.0M)->0.0B(111.0M) Survivors: 19.0M->17.0M Heap: 301.5M(2048.0M)->304.0M(2048.0M)]
 [Times: user=1.36 sys=0.01, real=0.17 secs] 
2020-09-29T12:21:07.781+0200: 27.937: [GC pause (G1 Evacuation Pause) (young), 0.1680202 secs]
   [Parallel Time: 166.2 ms, GC Workers: 8]
      [GC Worker Start (ms): Min: 27936.8, Avg: 27936.9, Max: 27937.1, Diff: 0.3]
      [Ext Root Scanning (ms): Min: 0.0, Avg: 0.1, Max: 0.2, Diff: 0.2, Sum: 1.2]
      [Update RS (ms): Min: 26.8, Avg: 27.4, Max: 27.9, Diff: 1.1, Sum: 218.8]
         [Processed Buffers: Min: 12, Avg: 13.6, Max: 15, Diff: 3, Sum: 109]
      [Scan RS (ms): Min: 10.6, Avg: 11.3, Max: 11.8, Diff: 1.2, Sum: 90.0]
      [Code Root Scanning (ms): Min: 0.0, Avg: 0.0, Max: 0.0, Diff: 0.0, Sum: 0.0]
      [Object Copy (ms): Min: 126.8, Avg: 126.9, Max: 127.1, Diff: 0.2, Sum: 1015.5]
      [Termination (ms): Min: 0.0, Avg: 0.2, Max: 0.2, Diff: 0.2, Sum: 1.5]
         [Termination Attempts: Min: 1, Avg: 619.8, Max: 763, Diff: 762, Sum: 4958]
      [GC Worker Other (ms): Min: 0.0, Avg: 0.1, Max: 0.1, Diff: 0.1, Sum: 0.4]
      [GC Worker Total (ms): Min: 165.8, Avg: 165.9, Max: 166.0, Diff: 0.3, Sum: 1327.4]
      [GC Worker End (ms): Min: 28102.8, Avg: 28102.8, Max: 28102.8, Diff: 0.1]
   [Code Root Fixup: 0.0 ms]
   [Code Root Purge: 0.0 ms]
   [Clear CT: 0.4 ms]
   [Other: 1.4 ms]
      [Choose CSet: 0.0 ms]
      [Ref Proc: 0.2 ms]
      [Ref Enq: 0.0 ms]
      [Redirty Cards: 0.5 ms]
      [Humongous Register: 0.1 ms]
      [Humongous Reclaim: 0.0 ms]
      [Free CSet: 0.2 ms]
   [Eden: 111.0M(111.0M)->0.0B(114.0M) Survivors: 17.0M->16.0M Heap: 434.0M(2048.0M)->436.0M(2048.0M)]
 [Times: user=1.30 sys=0.05, real=0.17 secs] 
2020-09-29T12:21:08.077+0200: 28.233: [GC pause (G1 Evacuation Pause) (young), 0.1895547 secs]
   [Parallel Time: 187.9 ms, GC Workers: 8]
      [GC Worker Start (ms): Min: 28232.8, Avg: 28232.9, Max: 28233.0, Diff: 0.2]
      [Ext Root Scanning (ms): Min: 0.1, Avg: 0.1, Max: 0.2, Diff: 0.2, Sum: 1.2]
      [Update RS (ms): Min: 21.0, Avg: 21.4, Max: 22.4, Diff: 1.5, Sum: 170.8]
         [Processed Buffers: Min: 9, Avg: 11.1, Max: 15, Diff: 6, Sum: 89]
      [Scan RS (ms): Min: 13.9, Avg: 14.8, Max: 15.2, Diff: 1.3, Sum: 118.3]
      [Code Root Scanning (ms): Min: 0.0, Avg: 0.0, Max: 0.0, Diff: 0.0, Sum: 0.0]
      [Object Copy (ms): Min: 150.6, Avg: 150.8, Max: 151.1, Diff: 0.5, Sum: 1206.8]
      [Termination (ms): Min: 0.1, Avg: 0.3, Max: 0.6, Diff: 0.5, Sum: 2.7]
         [Termination Attempts: Min: 1, Avg: 831.5, Max: 1342, Diff: 1341, Sum: 6652]
      [GC Worker Other (ms): Min: 0.0, Avg: 0.0, Max: 0.1, Diff: 0.0, Sum: 0.3]
      [GC Worker Total (ms): Min: 187.4, Avg: 187.5, Max: 187.6, Diff: 0.1, Sum: 1500.1]
      [GC Worker End (ms): Min: 28420.4, Avg: 28420.4, Max: 28420.5, Diff: 0.1]
   [Code Root Fixup: 0.0 ms]
   [Code Root Purge: 0.0 ms]
   [Clear CT: 0.3 ms]
   [Other: 1.4 ms]
      [Choose CSet: 0.0 ms]
      [Ref Proc: 0.4 ms]
      [Ref Enq: 0.0 ms]
      [Redirty Cards: 0.4 ms]
      [Humongous Register: 0.1 ms]
      [Humongous Reclaim: 0.0 ms]
      [Free CSet: 0.2 ms]
   [Eden: 114.0M(114.0M)->0.0B(106.0M) Survivors: 16.0M->17.0M Heap: 569.1M(2048.0M)->570.6M(2048.0M)]
 [Times: user=1.34 sys=0.05, real=0.19 secs] 
2020-09-29T12:21:08.394+0200: 28.549: [GC pause (G1 Evacuation Pause) (young), 0.1798044 secs]
   [Parallel Time: 177.8 ms, GC Workers: 8]
      [GC Worker Start (ms): Min: 28549.1, Avg: 28549.2, Max: 28549.3, Diff: 0.2]
      [Ext Root Scanning (ms): Min: 0.1, Avg: 0.1, Max: 0.2, Diff: 0.2, Sum: 1.1]
      [Update RS (ms): Min: 16.5, Avg: 17.0, Max: 18.0, Diff: 1.5, Sum: 136.2]
         [Processed Buffers: Min: 8, Avg: 9.1, Max: 10, Diff: 2, Sum: 73]
      [Scan RS (ms): Min: 13.8, Avg: 15.0, Max: 15.7, Diff: 1.8, Sum: 119.8]
      [Code Root Scanning (ms): Min: 0.0, Avg: 0.0, Max: 0.0, Diff: 0.0, Sum: 0.0]
      [Object Copy (ms): Min: 144.1, Avg: 145.2, Max: 145.4, Diff: 1.3, Sum: 1161.3]
      [Termination (ms): Min: 0.0, Avg: 0.1, Max: 0.1, Diff: 0.1, Sum: 0.7]
         [Termination Attempts: Min: 1, Avg: 294.6, Max: 354, Diff: 353, Sum: 2357]
      [GC Worker Other (ms): Min: 0.0, Avg: 0.1, Max: 0.1, Diff: 0.1, Sum: 0.5]
      [GC Worker Total (ms): Min: 177.3, Avg: 177.5, Max: 177.6, Diff: 0.3, Sum: 1419.8]
      [GC Worker End (ms): Min: 28726.6, Avg: 28726.7, Max: 28726.7, Diff: 0.1]
   [Code Root Fixup: 0.0 ms]
   [Code Root Purge: 0.0 ms]
   [Clear CT: 0.3 ms]
   [Other: 1.6 ms]
      [Choose CSet: 0.0 ms]
      [Ref Proc: 0.4 ms]
      [Ref Enq: 0.0 ms]
      [Redirty Cards: 0.6 ms]
      [Humongous Register: 0.1 ms]
      [Humongous Reclaim: 0.0 ms]
      [Free CSet: 0.2 ms]
   [Eden: 106.0M(106.0M)->0.0B(106.0M) Survivors: 17.0M->16.0M Heap: 693.8M(2048.0M)->695.8M(2048.0M)]
 [Times: user=1.36 sys=0.03, real=0.18 secs] 
2020-09-29T12:21:08.696+0200: 28.852: [GC pause (G1 Evacuation Pause) (young), 0.1541800 secs]
   [Parallel Time: 152.5 ms, GC Workers: 8]
      [GC Worker Start (ms): Min: 28851.7, Avg: 28851.8, Max: 28851.9, Diff: 0.2]
      [Ext Root Scanning (ms): Min: 0.1, Avg: 0.2, Max: 0.3, Diff: 0.2, Sum: 1.3]
      [Update RS (ms): Min: 23.3, Avg: 23.5, Max: 23.8, Diff: 0.5, Sum: 187.8]
         [Processed Buffers: Min: 10, Avg: 12.8, Max: 16, Diff: 6, Sum: 102]
      [Scan RS (ms): Min: 12.5, Avg: 13.2, Max: 13.7, Diff: 1.3, Sum: 105.6]
      [Code Root Scanning (ms): Min: 0.0, Avg: 0.0, Max: 0.0, Diff: 0.0, Sum: 0.0]
      [Object Copy (ms): Min: 114.8, Avg: 115.2, Max: 115.7, Diff: 0.8, Sum: 921.8]
      [Termination (ms): Min: 0.0, Avg: 0.1, Max: 0.2, Diff: 0.2, Sum: 1.2]
         [Termination Attempts: Min: 1, Avg: 430.3, Max: 521, Diff: 520, Sum: 3442]
      [GC Worker Other (ms): Min: 0.0, Avg: 0.1, Max: 0.1, Diff: 0.1, Sum: 0.4]
      [GC Worker Total (ms): Min: 152.2, Avg: 152.3, Max: 152.4, Diff: 0.2, Sum: 1218.1]
      [GC Worker End (ms): Min: 29004.0, Avg: 29004.1, Max: 29004.1, Diff: 0.1]
   [Code Root Fixup: 0.0 ms]
   [Code Root Purge: 0.0 ms]
   [Clear CT: 0.4 ms]
   [Other: 1.3 ms]
      [Choose CSet: 0.0 ms]
      [Ref Proc: 0.4 ms]
      [Ref Enq: 0.0 ms]
      [Redirty Cards: 0.4 ms]
      [Humongous Register: 0.1 ms]
      [Humongous Reclaim: 0.0 ms]
      [Free CSet: 0.2 ms]
   [Eden: 106.0M(106.0M)->0.0B(113.0M) Survivors: 16.0M->16.0M Heap: 820.8M(2048.0M)->822.8M(2048.0M)]
 [Times: user=1.19 sys=0.03, real=0.15 secs] 
2020-09-29T12:21:08.974+0200: 29.129: [GC pause (G1 Evacuation Pause) (young), 0.2184849 secs]
   [Parallel Time: 216.7 ms, GC Workers: 8]
      [GC Worker Start (ms): Min: 29129.2, Avg: 29131.2, Max: 29142.2, Diff: 12.9]
      [Ext Root Scanning (ms): Min: 0.0, Avg: 0.1, Max: 0.2, Diff: 0.2, Sum: 0.9]
      [Update RS (ms): Min: 8.6, Avg: 19.9, Max: 23.0, Diff: 14.5, Sum: 159.5]
         [Processed Buffers: Min: 5, Avg: 9.8, Max: 13, Diff: 8, Sum: 78]
      [Scan RS (ms): Min: 14.0, Avg: 16.7, Max: 17.8, Diff: 3.8, Sum: 133.3]
      [Code Root Scanning (ms): Min: 0.0, Avg: 0.0, Max: 0.0, Diff: 0.0, Sum: 0.0]
      [Object Copy (ms): Min: 177.0, Avg: 177.3, Max: 177.9, Diff: 1.0, Sum: 1418.5]
      [Termination (ms): Min: 0.0, Avg: 0.5, Max: 0.6, Diff: 0.6, Sum: 3.9]
         [Termination Attempts: Min: 1, Avg: 1592.3, Max: 1896, Diff: 1895, Sum: 12738]
      [GC Worker Other (ms): Min: 0.0, Avg: 0.1, Max: 0.1, Diff: 0.1, Sum: 0.4]
      [GC Worker Total (ms): Min: 203.6, Avg: 214.6, Max: 216.6, Diff: 13.0, Sum: 1716.5]
      [GC Worker End (ms): Min: 29345.7, Avg: 29345.7, Max: 29345.8, Diff: 0.1]
   [Code Root Fixup: 0.0 ms]
   [Code Root Purge: 0.0 ms]
   [Clear CT: 0.3 ms]
   [Other: 1.4 ms]
      [Choose CSet: 0.0 ms]
      [Ref Proc: 0.3 ms]
      [Ref Enq: 0.0 ms]
      [Redirty Cards: 0.5 ms]
      [Humongous Register: 0.1 ms]
      [Humongous Reclaim: 0.0 ms]
      [Free CSet: 0.2 ms]
   [Eden: 113.0M(113.0M)->0.0B(98.0M) Survivors: 16.0M->17.0M Heap: 953.0M(2048.0M)->955.0M(2048.0M)]
 [Times: user=1.48 sys=0.02, real=0.22 secs] 
2020-09-29T12:21:09.197+0200: 29.353: [GC pause (G1 Humongous Allocation) (young) (initial-mark), 0.0548914 secs]
   [Parallel Time: 53.3 ms, GC Workers: 8]
      [GC Worker Start (ms): Min: 29353.1, Avg: 29353.2, Max: 29353.4, Diff: 0.3]
      [Ext Root Scanning (ms): Min: 0.0, Avg: 0.3, Max: 0.7, Diff: 0.6, Sum: 2.6]
      [Update RS (ms): Min: 31.9, Avg: 32.4, Max: 32.9, Diff: 1.0, Sum: 259.1]
         [Processed Buffers: Min: 16, Avg: 19.6, Max: 22, Diff: 6, Sum: 157]
      [Scan RS (ms): Min: 1.0, Avg: 1.4, Max: 1.8, Diff: 0.8, Sum: 11.2]
      [Code Root Scanning (ms): Min: 0.0, Avg: 0.0, Max: 0.0, Diff: 0.0, Sum: 0.0]
      [Object Copy (ms): Min: 18.7, Avg: 18.8, Max: 18.8, Diff: 0.1, Sum: 150.2]
      [Termination (ms): Min: 0.0, Avg: 0.1, Max: 0.1, Diff: 0.1, Sum: 0.5]
         [Termination Attempts: Min: 1, Avg: 159.1, Max: 217, Diff: 216, Sum: 1273]
      [GC Worker Other (ms): Min: 0.0, Avg: 0.0, Max: 0.0, Diff: 0.0, Sum: 0.3]
      [GC Worker Total (ms): Min: 52.8, Avg: 53.0, Max: 53.1, Diff: 0.3, Sum: 423.8]
      [GC Worker End (ms): Min: 29406.1, Avg: 29406.1, Max: 29406.2, Diff: 0.0]
   [Code Root Fixup: 0.0 ms]
   [Code Root Purge: 0.0 ms]
   [Clear CT: 0.3 ms]
   [Other: 1.3 ms]
      [Choose CSet: 0.0 ms]
      [Ref Proc: 0.4 ms]
      [Ref Enq: 0.0 ms]
      [Redirty Cards: 0.4 ms]
      [Humongous Register: 0.1 ms]
      [Humongous Reclaim: 0.0 ms]
      [Free CSet: 0.1 ms]
   [Eden: 2048.0K(98.0M)->0.0B(123.0M) Survivors: 17.0M->2048.0K Heap: 956.5M(2048.0M)->959.0M(2048.0M)]
 [Times: user=0.38 sys=0.00, real=0.06 secs] 
2020-09-29T12:21:09.253+0200: 29.408: [GC concurrent-root-region-scan-start]
2020-09-29T12:21:09.254+0200: 29.409: [GC concurrent-root-region-scan-end, 0.0010657 secs]
2020-09-29T12:21:09.254+0200: 29.409: [GC concurrent-mark-start]
2020-09-29T12:21:09.259+0200: 29.415: [GC concurrent-mark-end, 0.0054040 secs]
2020-09-29T12:21:09.260+0200: 29.416: [GC remark 2020-09-29T12:21:09.260+0200: 29.416: [Finalize Marking, 0.0004855 secs] 2020-09-29T12:21:09.261+0200: 29.416: [GC ref-proc, 0.0007488 secs] 2020-09-29T12:21:09.261+0200: 29.417: [Unloading, 0.0008221 secs], 0.0027419 secs]
 [Times: user=0.00 sys=0.00, real=0.00 secs] 
2020-09-29T12:21:09.264+0200: 29.419: [GC cleanup 967M->18M(2048M), 0.0027446 secs]
 [Times: user=0.00 sys=0.00, real=0.00 secs] 
2020-09-29T12:21:09.267+0200: 29.422: [GC concurrent-cleanup-start]
2020-09-29T12:21:09.269+0200: 29.424: [GC concurrent-cleanup-end, 0.0019022 secs]
2020-09-29T12:21:09.391+0200: 29.547: [GC pause (G1 Evacuation Pause) (young), 0.1843547 secs]
   [Parallel Time: 182.6 ms, GC Workers: 8]
      [GC Worker Start (ms): Min: 29546.7, Avg: 29546.9, Max: 29547.0, Diff: 0.3]
      [Ext Root Scanning (ms): Min: 0.0, Avg: 0.1, Max: 0.3, Diff: 0.3, Sum: 1.1]
      [Update RS (ms): Min: 18.0, Avg: 20.4, Max: 33.8, Diff: 15.8, Sum: 163.5]
         [Processed Buffers: Min: 6, Avg: 9.5, Max: 11, Diff: 5, Sum: 76]
      [Scan RS (ms): Min: 0.5, Avg: 14.6, Max: 21.3, Diff: 20.9, Sum: 116.6]
      [Code Root Scanning (ms): Min: 0.0, Avg: 0.0, Max: 0.0, Diff: 0.0, Sum: 0.0]
      [Object Copy (ms): Min: 141.7, Avg: 146.9, Max: 147.7, Diff: 6.1, Sum: 1175.5]
      [Termination (ms): Min: 0.0, Avg: 0.1, Max: 0.1, Diff: 0.1, Sum: 0.8]
         [Termination Attempts: Min: 1, Avg: 260.8, Max: 338, Diff: 337, Sum: 2086]
      [GC Worker Other (ms): Min: 0.0, Avg: 0.0, Max: 0.1, Diff: 0.0, Sum: 0.3]
      [GC Worker Total (ms): Min: 182.1, Avg: 182.2, Max: 182.4, Diff: 0.3, Sum: 1457.8]
      [GC Worker End (ms): Min: 29729.1, Avg: 29729.1, Max: 29729.1, Diff: 0.0]
   [Code Root Fixup: 0.0 ms]
   [Code Root Purge: 0.0 ms]
   [Clear CT: 0.3 ms]
   [Other: 1.4 ms]
      [Choose CSet: 0.0 ms]
      [Ref Proc: 0.4 ms]
      [Ref Enq: 0.0 ms]
      [Redirty Cards: 0.4 ms]
      [Humongous Register: 0.1 ms]
      [Humongous Reclaim: 0.0 ms]
      [Free CSet: 0.2 ms]
   [Eden: 123.0M(123.0M)->0.0B(106.0M) Survivors: 2048.0K->16.0M Heap: 154.0M(2048.0M)->154.0M(2048.0M)]
 [Times: user=1.47 sys=0.00, real=0.18 secs] 
2020-09-29T12:21:09.699+0200: 29.855: [GC pause (G1 Evacuation Pause) (young), 0.1481713 secs]
   [Parallel Time: 146.4 ms, GC Workers: 8]
      [GC Worker Start (ms): Min: 29854.8, Avg: 29855.0, Max: 29855.1, Diff: 0.3]
      [Ext Root Scanning (ms): Min: 0.0, Avg: 0.1, Max: 0.2, Diff: 0.2, Sum: 1.1]
      [Update RS (ms): Min: 14.8, Avg: 15.0, Max: 15.4, Diff: 0.6, Sum: 120.0]
         [Processed Buffers: Min: 7, Avg: 9.6, Max: 13, Diff: 6, Sum: 77]
      [Scan RS (ms): Min: 12.7, Avg: 13.2, Max: 13.3, Diff: 0.6, Sum: 105.3]
      [Code Root Scanning (ms): Min: 0.0, Avg: 0.0, Max: 0.0, Diff: 0.0, Sum: 0.0]
      [Object Copy (ms): Min: 117.5, Avg: 117.6, Max: 117.7, Diff: 0.2, Sum: 940.7]
      [Termination (ms): Min: 0.0, Avg: 0.1, Max: 0.1, Diff: 0.1, Sum: 0.9]
         [Termination Attempts: Min: 1, Avg: 366.5, Max: 470, Diff: 469, Sum: 2932]
      [GC Worker Other (ms): Min: 0.0, Avg: 0.0, Max: 0.1, Diff: 0.1, Sum: 0.4]
      [GC Worker Total (ms): Min: 145.9, Avg: 146.0, Max: 146.1, Diff: 0.2, Sum: 1168.3]
      [GC Worker End (ms): Min: 30001.0, Avg: 30001.0, Max: 30001.0, Diff: 0.1]
   [Code Root Fixup: 0.0 ms]
   [Code Root Purge: 0.0 ms]
   [Clear CT: 0.3 ms]
   [Other: 1.4 ms]
      [Choose CSet: 0.0 ms]
      [Ref Proc: 0.3 ms]
      [Ref Enq: 0.0 ms]
      [Redirty Cards: 0.4 ms]
      [Humongous Register: 0.1 ms]
      [Humongous Reclaim: 0.0 ms]
      [Free CSet: 0.2 ms]
   [Eden: 106.0M(106.0M)->0.0B(113.0M) Survivors: 16.0M->16.0M Heap: 279.1M(2048.0M)->281.1M(2048.0M)]
 [Times: user=1.11 sys=0.02, real=0.15 secs] 
2020-09-29T12:21:09.973+0200: 30.128: [GC pause (G1 Evacuation Pause) (young), 0.2139903 secs]
   [Parallel Time: 212.3 ms, GC Workers: 8]
      [GC Worker Start (ms): Min: 30128.3, Avg: 30134.9, Max: 30156.5, Diff: 28.2]
      [Ext Root Scanning (ms): Min: 0.0, Avg: 0.1, Max: 0.3, Diff: 0.3, Sum: 1.2]
      [Update RS (ms): Min: 0.0, Avg: 16.0, Max: 21.9, Diff: 21.9, Sum: 128.2]
         [Processed Buffers: Min: 0, Avg: 8.9, Max: 13, Diff: 13, Sum: 71]
      [Scan RS (ms): Min: 11.2, Avg: 18.5, Max: 30.6, Diff: 19.4, Sum: 147.8]
      [Code Root Scanning (ms): Min: 0.0, Avg: 0.0, Max: 0.0, Diff: 0.0, Sum: 0.0]
      [Object Copy (ms): Min: 159.7, Avg: 170.6, Max: 172.6, Diff: 12.9, Sum: 1364.8]
      [Termination (ms): Min: 0.0, Avg: 0.3, Max: 0.3, Diff: 0.3, Sum: 2.0]
         [Termination Attempts: Min: 1, Avg: 765.0, Max: 966, Diff: 965, Sum: 6120]
      [GC Worker Other (ms): Min: 0.0, Avg: 0.1, Max: 0.2, Diff: 0.2, Sum: 0.6]
      [GC Worker Total (ms): Min: 184.0, Avg: 205.6, Max: 212.2, Diff: 28.2, Sum: 1644.6]
      [GC Worker End (ms): Min: 30340.5, Avg: 30340.5, Max: 30340.6, Diff: 0.1]
   [Code Root Fixup: 0.0 ms]
   [Code Root Purge: 0.0 ms]
   [Clear CT: 0.3 ms]
   [Other: 1.3 ms]
      [Choose CSet: 0.0 ms]
      [Ref Proc: 0.4 ms]
      [Ref Enq: 0.0 ms]
      [Redirty Cards: 0.3 ms]
      [Humongous Register: 0.1 ms]
      [Humongous Reclaim: 0.0 ms]
      [Free CSet: 0.2 ms]
   [Eden: 113.0M(113.0M)->0.0B(99.0M) Survivors: 16.0M->17.0M Heap: 411.2M(2048.0M)->412.7M(2048.0M)]
 [Times: user=1.52 sys=0.05, real=0.21 secs] 
2020-09-29T12:21:10.294+0200: 30.449: [GC pause (G1 Evacuation Pause) (young), 0.1709741 secs]
   [Parallel Time: 169.0 ms, GC Workers: 8]
      [GC Worker Start (ms): Min: 30449.0, Avg: 30449.3, Max: 30450.6, Diff: 1.6]
      [Ext Root Scanning (ms): Min: 0.0, Avg: 0.1, Max: 0.2, Diff: 0.2, Sum: 1.1]
      [Update RS (ms): Min: 19.3, Avg: 19.8, Max: 20.7, Diff: 1.5, Sum: 158.3]
         [Processed Buffers: Min: 9, Avg: 10.5, Max: 13, Diff: 4, Sum: 84]
      [Scan RS (ms): Min: 11.4, Avg: 12.1, Max: 12.8, Diff: 1.4, Sum: 97.0]
      [Code Root Scanning (ms): Min: 0.0, Avg: 0.0, Max: 0.0, Diff: 0.0, Sum: 0.0]
      [Object Copy (ms): Min: 135.7, Avg: 136.0, Max: 136.6, Diff: 1.0, Sum: 1088.3]
      [Termination (ms): Min: 0.0, Avg: 0.3, Max: 0.4, Diff: 0.4, Sum: 2.7]
         [Termination Attempts: Min: 1, Avg: 1125.1, Max: 1468, Diff: 1467, Sum: 9001]
      [GC Worker Other (ms): Min: 0.0, Avg: 0.1, Max: 0.1, Diff: 0.1, Sum: 0.7]
      [GC Worker Total (ms): Min: 167.2, Avg: 168.5, Max: 168.8, Diff: 1.5, Sum: 1348.1]
      [GC Worker End (ms): Min: 30617.7, Avg: 30617.8, Max: 30617.8, Diff: 0.1]
   [Code Root Fixup: 0.0 ms]
   [Code Root Purge: 0.0 ms]
   [Clear CT: 0.3 ms]
   [Other: 1.7 ms]
      [Choose CSet: 0.0 ms]
      [Ref Proc: 0.8 ms]
      [Ref Enq: 0.0 ms]
      [Redirty Cards: 0.3 ms]
      [Humongous Register: 0.1 ms]
      [Humongous Reclaim: 0.0 ms]
      [Free CSet: 0.2 ms]
   [Eden: 99.0M(99.0M)->0.0B(103.0M) Survivors: 17.0M->15.0M Heap: 528.9M(2048.0M)->530.9M(2048.0M)]
 [Times: user=1.31 sys=0.02, real=0.17 secs] 
2020-09-29T12:21:10.576+0200: 30.731: [GC pause (G1 Evacuation Pause) (young), 0.1768542 secs]
   [Parallel Time: 174.3 ms, GC Workers: 8]
      [GC Worker Start (ms): Min: 30731.2, Avg: 30735.1, Max: 30761.1, Diff: 29.9]
      [Ext Root Scanning (ms): Min: 0.0, Avg: 0.1, Max: 0.3, Diff: 0.2, Sum: 1.0]
      [Update RS (ms): Min: 0.0, Avg: 23.6, Max: 27.3, Diff: 27.3, Sum: 188.6]
         [Processed Buffers: Min: 0, Avg: 13.1, Max: 18, Diff: 18, Sum: 105]
      [Scan RS (ms): Min: 5.8, Avg: 8.2, Max: 8.7, Diff: 3.0, Sum: 65.3]
      [Code Root Scanning (ms): Min: 0.0, Avg: 0.0, Max: 0.0, Diff: 0.0, Sum: 0.0]
      [Object Copy (ms): Min: 138.1, Avg: 138.2, Max: 138.4, Diff: 0.3, Sum: 1105.7]
      [Termination (ms): Min: 0.0, Avg: 0.1, Max: 0.2, Diff: 0.2, Sum: 1.1]
         [Termination Attempts: Min: 1, Avg: 424.1, Max: 549, Diff: 548, Sum: 3393]
      [GC Worker Other (ms): Min: 0.0, Avg: 0.1, Max: 0.1, Diff: 0.1, Sum: 0.5]
      [GC Worker Total (ms): Min: 144.2, Avg: 170.3, Max: 174.2, Diff: 30.0, Sum: 1362.3]
      [GC Worker End (ms): Min: 30905.3, Avg: 30905.3, Max: 30905.4, Diff: 0.1]
   [Code Root Fixup: 0.0 ms]
   [Code Root Purge: 0.0 ms]
   [Clear CT: 0.7 ms]
   [Other: 1.9 ms]
      [Choose CSet: 0.0 ms]
      [Ref Proc: 0.3 ms]
      [Ref Enq: 0.0 ms]
      [Redirty Cards: 1.0 ms]
      [Humongous Register: 0.1 ms]
      [Humongous Reclaim: 0.0 ms]
      [Free CSet: 0.2 ms]
   [Eden: 103.0M(103.0M)->0.0B(106.0M) Survivors: 15.0M->15.0M Heap: 651.1M(2048.0M)->653.1M(2048.0M)]
 [Times: user=1.22 sys=0.03, real=0.18 secs] 
2020-09-29T12:21:10.870+0200: 31.025: [GC pause (G1 Evacuation Pause) (young), 0.1669067 secs]
   [Parallel Time: 165.1 ms, GC Workers: 8]
      [GC Worker Start (ms): Min: 31024.8, Avg: 31025.3, Max: 31028.0, Diff: 3.2]
      [Ext Root Scanning (ms): Min: 0.0, Avg: 0.1, Max: 0.3, Diff: 0.3, Sum: 0.9]
      [Update RS (ms): Min: 18.8, Avg: 22.0, Max: 23.2, Diff: 4.4, Sum: 175.9]
         [Processed Buffers: Min: 9, Avg: 10.4, Max: 12, Diff: 3, Sum: 83]
      [Scan RS (ms): Min: 13.5, Avg: 14.6, Max: 15.2, Diff: 1.8, Sum: 116.5]
      [Code Root Scanning (ms): Min: 0.0, Avg: 0.0, Max: 0.0, Diff: 0.0, Sum: 0.0]
      [Object Copy (ms): Min: 126.0, Avg: 127.5, Max: 127.9, Diff: 1.9, Sum: 1020.2]
      [Termination (ms): Min: 0.0, Avg: 0.1, Max: 0.1, Diff: 0.1, Sum: 0.7]
         [Termination Attempts: Min: 1, Avg: 284.4, Max: 354, Diff: 353, Sum: 2275]
      [GC Worker Other (ms): Min: 0.0, Avg: 0.0, Max: 0.1, Diff: 0.0, Sum: 0.3]
      [GC Worker Total (ms): Min: 161.6, Avg: 164.3, Max: 164.8, Diff: 3.2, Sum: 1314.4]
      [GC Worker End (ms): Min: 31189.6, Avg: 31189.6, Max: 31189.6, Diff: 0.0]
   [Code Root Fixup: 0.0 ms]
   [Code Root Purge: 0.0 ms]
   [Clear CT: 0.4 ms]
   [Other: 1.4 ms]
      [Choose CSet: 0.0 ms]
      [Ref Proc: 0.4 ms]
      [Ref Enq: 0.0 ms]
      [Redirty Cards: 0.4 ms]
      [Humongous Register: 0.1 ms]
      [Humongous Reclaim: 0.0 ms]
      [Free CSet: 0.2 ms]
   [Eden: 106.0M(106.0M)->0.0B(108.0M) Survivors: 15.0M->16.0M Heap: 776.2M(2048.0M)->778.2M(2048.0M)]
 [Times: user=1.11 sys=0.05, real=0.17 secs] 
2020-09-29T12:21:11.153+0200: 31.308: [GC pause (G1 Evacuation Pause) (young), 0.2167765 secs]
   [Parallel Time: 212.6 ms, GC Workers: 8]
      [GC Worker Start (ms): Min: 31308.0, Avg: 31308.1, Max: 31308.2, Diff: 0.3]
      [Ext Root Scanning (ms): Min: 0.0, Avg: 0.2, Max: 0.3, Diff: 0.2, Sum: 1.3]
      [Update RS (ms): Min: 18.0, Avg: 19.3, Max: 25.3, Diff: 7.3, Sum: 154.7]
         [Processed Buffers: Min: 5, Avg: 8.9, Max: 15, Diff: 10, Sum: 71]
      [Scan RS (ms): Min: 11.1, Avg: 17.2, Max: 18.8, Diff: 7.6, Sum: 137.5]
      [Code Root Scanning (ms): Min: 0.0, Avg: 0.0, Max: 0.0, Diff: 0.0, Sum: 0.0]
      [Object Copy (ms): Min: 174.8, Avg: 175.1, Max: 175.2, Diff: 0.4, Sum: 1400.4]
      [Termination (ms): Min: 0.0, Avg: 0.3, Max: 0.3, Diff: 0.3, Sum: 2.2]
         [Termination Attempts: Min: 1, Avg: 436.1, Max: 531, Diff: 530, Sum: 3489]
      [GC Worker Other (ms): Min: 0.0, Avg: 0.1, Max: 0.1, Diff: 0.1, Sum: 0.5]
      [GC Worker Total (ms): Min: 212.0, Avg: 212.1, Max: 212.2, Diff: 0.2, Sum: 1696.6]
      [GC Worker End (ms): Min: 31520.2, Avg: 31520.2, Max: 31520.3, Diff: 0.1]
   [Code Root Fixup: 0.0 ms]
   [Code Root Purge: 0.0 ms]
   [Clear CT: 0.9 ms]
   [Other: 3.2 ms]
      [Choose CSet: 0.0 ms]
      [Ref Proc: 0.7 ms]
      [Ref Enq: 0.0 ms]
      [Redirty Cards: 1.6 ms]
      [Humongous Register: 0.1 ms]
      [Humongous Reclaim: 0.0 ms]
      [Free CSet: 0.4 ms]
   [Eden: 108.0M(108.0M)->0.0B(97.0M) Survivors: 16.0M->16.0M Heap: 905.3M(2048.0M)->907.3M(2048.0M)]
 [Times: user=1.58 sys=0.03, real=0.22 secs] 
2020-09-29T12:21:11.623+0200: 31.778: [GC pause (G1 Evacuation Pause) (young), 0.3016344 secs]
   [Parallel Time: 298.0 ms, GC Workers: 8]
      [GC Worker Start (ms): Min: 31778.7, Avg: 31779.0, Max: 31779.2, Diff: 0.5]
      [Ext Root Scanning (ms): Min: 0.0, Avg: 0.2, Max: 0.5, Diff: 0.5, Sum: 2.0]
      [Update RS (ms): Min: 34.8, Avg: 35.9, Max: 38.3, Diff: 3.5, Sum: 286.9]
         [Processed Buffers: Min: 1, Avg: 8.9, Max: 12, Diff: 11, Sum: 71]
      [Scan RS (ms): Min: 25.4, Avg: 28.1, Max: 29.3, Diff: 4.0, Sum: 224.9]
      [Code Root Scanning (ms): Min: 0.0, Avg: 0.0, Max: 0.0, Diff: 0.0, Sum: 0.0]
      [Object Copy (ms): Min: 232.4, Avg: 232.8, Max: 233.1, Diff: 0.7, Sum: 1862.6]
      [Termination (ms): Min: 0.0, Avg: 0.2, Max: 0.2, Diff: 0.2, Sum: 1.4]
         [Termination Attempts: Min: 1, Avg: 331.0, Max: 403, Diff: 402, Sum: 2648]
      [GC Worker Other (ms): Min: 0.0, Avg: 0.1, Max: 0.2, Diff: 0.1, Sum: 0.7]
      [GC Worker Total (ms): Min: 297.1, Avg: 297.3, Max: 297.5, Diff: 0.4, Sum: 2378.5]
      [GC Worker End (ms): Min: 32076.2, Avg: 32076.3, Max: 32076.4, Diff: 0.1]
   [Code Root Fixup: 0.0 ms]
   [Code Root Purge: 0.0 ms]
   [Clear CT: 1.0 ms]
   [Other: 2.6 ms]
      [Choose CSet: 0.0 ms]
      [Ref Proc: 0.9 ms]
      [Ref Enq: 0.0 ms]
      [Redirty Cards: 0.8 ms]
      [Humongous Register: 0.1 ms]
      [Humongous Reclaim: 0.0 ms]
      [Free CSet: 0.3 ms]
   [Eden: 97.0M(97.0M)->0.0B(87.0M) Survivors: 16.0M->15.0M Heap: 1019.6M(2048.0M)->1021.6M(2048.0M)]
 [Times: user=2.20 sys=0.08, real=0.30 secs] 
2020-09-29T12:21:11.940+0200: 32.095: [GC pause (G1 Humongous Allocation) (young) (initial-mark), 0.1018014 secs]
   [Parallel Time: 99.0 ms, GC Workers: 8]
      [GC Worker Start (ms): Min: 32095.3, Avg: 32095.5, Max: 32095.9, Diff: 0.6]
      [Ext Root Scanning (ms): Min: 0.0, Avg: 0.8, Max: 1.4, Diff: 1.4, Sum: 6.5]
      [Update RS (ms): Min: 51.0, Avg: 52.0, Max: 53.0, Diff: 2.0, Sum: 415.8]
         [Processed Buffers: Min: 14, Avg: 15.0, Max: 16, Diff: 2, Sum: 120]
      [Scan RS (ms): Min: 2.3, Avg: 3.8, Max: 4.5, Diff: 2.2, Sum: 30.3]
      [Code Root Scanning (ms): Min: 0.0, Avg: 0.0, Max: 0.0, Diff: 0.0, Sum: 0.0]
      [Object Copy (ms): Min: 41.7, Avg: 41.9, Max: 42.0, Diff: 0.4, Sum: 335.1]
      [Termination (ms): Min: 0.0, Avg: 0.1, Max: 0.2, Diff: 0.2, Sum: 1.2]
         [Termination Attempts: Min: 1, Avg: 17.0, Max: 24, Diff: 23, Sum: 136]
      [GC Worker Other (ms): Min: 0.0, Avg: 0.0, Max: 0.0, Diff: 0.0, Sum: 0.2]
      [GC Worker Total (ms): Min: 98.3, Avg: 98.6, Max: 98.9, Diff: 0.7, Sum: 789.1]
      [GC Worker End (ms): Min: 32194.1, Avg: 32194.2, Max: 32194.2, Diff: 0.0]
   [Code Root Fixup: 0.0 ms]
   [Code Root Purge: 0.0 ms]
   [Clear CT: 0.6 ms]
   [Other: 2.1 ms]
      [Choose CSet: 0.0 ms]
      [Ref Proc: 0.7 ms]
      [Ref Enq: 0.0 ms]
      [Redirty Cards: 0.6 ms]
      [Humongous Register: 0.1 ms]
      [Humongous Reclaim: 0.0 ms]
      [Free CSet: 0.1 ms]
   [Eden: 4096.0K(87.0M)->0.0B(96.0M) Survivors: 15.0M->6144.0K Heap: 1025.1M(2048.0M)->1029.6M(2048.0M)]
 [Times: user=0.75 sys=0.00, real=0.10 secs] 
2020-09-29T12:21:12.042+0200: 32.197: [GC concurrent-root-region-scan-start]
2020-09-29T12:21:12.047+0200: 32.202: [GC concurrent-root-region-scan-end, 0.0053254 secs]
2020-09-29T12:21:12.048+0200: 32.203: [GC concurrent-mark-start]
2020-09-29T12:21:12.061+0200: 32.216: [GC concurrent-mark-end, 0.0133334 secs]
2020-09-29T12:21:12.063+0200: 32.218: [GC remark 2020-09-29T12:21:12.063+0200: 32.218: [Finalize Marking, 0.0008125 secs] 2020-09-29T12:21:12.064+0200: 32.219: [GC ref-proc, 0.0017424 secs] 2020-09-29T12:21:12.066+0200: 32.221: [Unloading, 0.0018128 secs], 0.0064349 secs]
 [Times: user=0.09 sys=0.00, real=0.01 secs] 
2020-09-29T12:21:12.071+0200: 32.226: [GC cleanup 1040M->24M(2048M), 0.0046922 secs]
 [Times: user=0.00 sys=0.00, real=0.00 secs] 
2020-09-29T12:21:12.076+0200: 32.231: [GC concurrent-cleanup-start]
2020-09-29T12:21:12.081+0200: 32.236: [GC concurrent-cleanup-end, 0.0048610 secs]
2020-09-29T12:21:12.273+0200: 32.428: [GC pause (G1 Evacuation Pause) (young), 0.2394335 secs]
   [Parallel Time: 236.6 ms, GC Workers: 8]
      [GC Worker Start (ms): Min: 32428.2, Avg: 32428.4, Max: 32428.6, Diff: 0.4]
      [Ext Root Scanning (ms): Min: 0.1, Avg: 0.3, Max: 0.7, Diff: 0.6, Sum: 2.4]
      [Update RS (ms): Min: 27.4, Avg: 28.0, Max: 29.1, Diff: 1.8, Sum: 224.3]
         [Processed Buffers: Min: 7, Avg: 8.3, Max: 11, Diff: 4, Sum: 66]
      [Scan RS (ms): Min: 21.5, Avg: 22.8, Max: 23.9, Diff: 2.4, Sum: 182.3]
      [Code Root Scanning (ms): Min: 0.0, Avg: 0.0, Max: 0.0, Diff: 0.0, Sum: 0.0]
      [Object Copy (ms): Min: 183.9, Avg: 184.6, Max: 184.9, Diff: 1.0, Sum: 1477.2]
      [Termination (ms): Min: 0.0, Avg: 0.1, Max: 0.1, Diff: 0.1, Sum: 0.7]
         [Termination Attempts: Min: 1, Avg: 145.6, Max: 213, Diff: 212, Sum: 1165]
      [GC Worker Other (ms): Min: 0.0, Avg: 0.1, Max: 0.2, Diff: 0.1, Sum: 0.6]
      [GC Worker Total (ms): Min: 235.7, Avg: 235.9, Max: 236.1, Diff: 0.4, Sum: 1887.6]
      [GC Worker End (ms): Min: 32664.3, Avg: 32664.3, Max: 32664.4, Diff: 0.1]
   [Code Root Fixup: 0.0 ms]
   [Code Root Purge: 0.0 ms]
   [Clear CT: 0.7 ms]
   [Other: 2.1 ms]
      [Choose CSet: 0.0 ms]
      [Ref Proc: 0.6 ms]
      [Ref Enq: 0.0 ms]
      [Redirty Cards: 0.5 ms]
      [Humongous Register: 0.1 ms]
      [Humongous Reclaim: 0.0 ms]
      [Free CSet: 0.3 ms]
   [Eden: 96.0M(96.0M)->0.0B(89.0M) Survivors: 6144.0K->13.0M Heap: 126.7M(2048.0M)->123.2M(2048.0M)]
 [Times: user=1.80 sys=0.00, real=0.24 secs] 
2020-09-29T12:21:12.781+0200: 32.936: [GC pause (G1 Evacuation Pause) (young), 0.2450606 secs]
   [Parallel Time: 241.8 ms, GC Workers: 8]
      [GC Worker Start (ms): Min: 32936.1, Avg: 32936.3, Max: 32936.4, Diff: 0.3]
      [Ext Root Scanning (ms): Min: 0.1, Avg: 0.3, Max: 0.4, Diff: 0.3, Sum: 2.2]
      [Update RS (ms): Min: 24.4, Avg: 25.0, Max: 26.5, Diff: 2.2, Sum: 200.4]
         [Processed Buffers: Min: 6, Avg: 8.1, Max: 10, Diff: 4, Sum: 65]
      [Scan RS (ms): Min: 22.8, Avg: 24.2, Max: 24.9, Diff: 2.2, Sum: 193.7]
      [Code Root Scanning (ms): Min: 0.0, Avg: 0.0, Max: 0.0, Diff: 0.0, Sum: 0.0]
      [Object Copy (ms): Min: 191.3, Avg: 191.4, Max: 191.6, Diff: 0.3, Sum: 1531.6]
      [Termination (ms): Min: 0.0, Avg: 0.0, Max: 0.1, Diff: 0.1, Sum: 0.4]
         [Termination Attempts: Min: 1, Avg: 87.0, Max: 117, Diff: 116, Sum: 696]
      [GC Worker Other (ms): Min: 0.0, Avg: 0.1, Max: 0.2, Diff: 0.2, Sum: 0.7]
      [GC Worker Total (ms): Min: 240.9, Avg: 241.1, Max: 241.3, Diff: 0.3, Sum: 1929.0]
      [GC Worker End (ms): Min: 33177.4, Avg: 33177.4, Max: 33177.5, Diff: 0.2]
   [Code Root Fixup: 0.0 ms]
   [Code Root Purge: 0.0 ms]
   [Clear CT: 1.1 ms]
   [Other: 2.2 ms]
      [Choose CSet: 0.0 ms]
      [Ref Proc: 0.7 ms]
      [Ref Enq: 0.0 ms]
      [Redirty Cards: 0.6 ms]
      [Humongous Register: 0.1 ms]
      [Humongous Reclaim: 0.0 ms]
      [Free CSet: 0.3 ms]
   [Eden: 89.0M(89.0M)->0.0B(89.0M) Survivors: 13.0M->13.0M Heap: 227.4M(2048.0M)->229.4M(2048.0M)]
 [Times: user=1.97 sys=0.02, real=0.25 secs] 
2020-09-29T12:21:13.250+0200: 33.405: [GC pause (G1 Evacuation Pause) (young), 0.2508275 secs]
   [Parallel Time: 247.7 ms, GC Workers: 8]
      [GC Worker Start (ms): Min: 33405.5, Avg: 33406.0, Max: 33408.1, Diff: 2.7]
      [Ext Root Scanning (ms): Min: 0.0, Avg: 0.2, Max: 0.4, Diff: 0.4, Sum: 1.8]
      [Update RS (ms): Min: 25.2, Avg: 27.9, Max: 29.3, Diff: 4.1, Sum: 222.9]
         [Processed Buffers: Min: 7, Avg: 7.0, Max: 7, Diff: 0, Sum: 56]
      [Scan RS (ms): Min: 21.3, Avg: 22.6, Max: 23.5, Diff: 2.2, Sum: 180.4]
      [Code Root Scanning (ms): Min: 0.0, Avg: 0.0, Max: 0.0, Diff: 0.0, Sum: 0.0]
      [Object Copy (ms): Min: 195.2, Avg: 195.6, Max: 195.9, Diff: 0.7, Sum: 1565.2]
      [Termination (ms): Min: 0.1, Avg: 0.4, Max: 0.5, Diff: 0.4, Sum: 2.8]
         [Termination Attempts: Min: 1, Avg: 358.0, Max: 533, Diff: 532, Sum: 2864]
      [GC Worker Other (ms): Min: 0.0, Avg: 0.0, Max: 0.1, Diff: 0.1, Sum: 0.4]
      [GC Worker Total (ms): Min: 244.6, Avg: 246.7, Max: 247.3, Diff: 2.6, Sum: 1973.5]
      [GC Worker End (ms): Min: 33652.7, Avg: 33652.7, Max: 33652.8, Diff: 0.1]
   [Code Root Fixup: 0.0 ms]
   [Code Root Purge: 0.0 ms]
   [Clear CT: 1.0 ms]
   [Other: 2.2 ms]
      [Choose CSet: 0.0 ms]
      [Ref Proc: 0.6 ms]
      [Ref Enq: 0.0 ms]
      [Redirty Cards: 0.6 ms]
      [Humongous Register: 0.2 ms]
      [Humongous Reclaim: 0.0 ms]
      [Free CSet: 0.3 ms]
   [Eden: 89.0M(89.0M)->0.0B(89.0M) Survivors: 13.0M->13.0M Heap: 331.8M(2048.0M)->333.3M(2048.0M)]
 [Times: user=1.97 sys=0.00, real=0.25 secs] 
2020-09-29T12:21:13.737+0200: 33.892: [GC pause (G1 Evacuation Pause) (young), 0.2999784 secs]
   [Parallel Time: 297.2 ms, GC Workers: 8]
      [GC Worker Start (ms): Min: 33892.5, Avg: 33897.1, Max: 33925.8, Diff: 33.3]
      [Ext Root Scanning (ms): Min: 0.0, Avg: 0.2, Max: 0.5, Diff: 0.5, Sum: 1.6]
      [Update RS (ms): Min: 0.0, Avg: 24.2, Max: 28.4, Diff: 28.4, Sum: 193.6]
         [Processed Buffers: Min: 0, Avg: 6.6, Max: 13, Diff: 13, Sum: 53]
      [Scan RS (ms): Min: 20.7, Avg: 26.4, Max: 37.3, Diff: 16.6, Sum: 211.4]
      [Code Root Scanning (ms): Min: 0.0, Avg: 0.0, Max: 0.0, Diff: 0.0, Sum: 0.0]
      [Object Copy (ms): Min: 229.9, Avg: 240.8, Max: 242.6, Diff: 12.6, Sum: 1926.4]
      [Termination (ms): Min: 0.1, Avg: 0.5, Max: 0.6, Diff: 0.5, Sum: 4.0]
         [Termination Attempts: Min: 1, Avg: 197.0, Max: 249, Diff: 248, Sum: 1576]
      [GC Worker Other (ms): Min: 0.0, Avg: 0.1, Max: 0.1, Diff: 0.1, Sum: 0.5]
      [GC Worker Total (ms): Min: 263.4, Avg: 292.2, Max: 296.8, Diff: 33.4, Sum: 2337.4]
      [GC Worker End (ms): Min: 34189.2, Avg: 34189.3, Max: 34189.3, Diff: 0.1]
   [Code Root Fixup: 0.0 ms]
   [Code Root Purge: 0.0 ms]
   [Clear CT: 0.6 ms]
   [Other: 2.2 ms]
      [Choose CSet: 0.0 ms]
      [Ref Proc: 0.5 ms]
      [Ref Enq: 0.0 ms]
      [Redirty Cards: 0.7 ms]
      [Humongous Register: 0.1 ms]
      [Humongous Reclaim: 0.0 ms]
      [Free CSet: 0.4 ms]
   [Eden: 89.0M(89.0M)->0.0B(89.0M) Survivors: 13.0M->13.0M Heap: 437.5M(2048.0M)->439.0M(2048.0M)]
 [Times: user=2.02 sys=0.03, real=0.30 secs] 
2020-09-29T12:21:14.264+0200: 34.419: [GC pause (G1 Evacuation Pause) (young), 0.2363303 secs]
   [Parallel Time: 233.6 ms, GC Workers: 8]
      [GC Worker Start (ms): Min: 34419.2, Avg: 34419.3, Max: 34419.5, Diff: 0.4]
      [Ext Root Scanning (ms): Min: 0.1, Avg: 0.3, Max: 0.5, Diff: 0.4, Sum: 2.3]
      [Update RS (ms): Min: 11.4, Avg: 12.6, Max: 15.0, Diff: 3.6, Sum: 101.2]
         [Processed Buffers: Min: 3, Avg: 4.5, Max: 6, Diff: 3, Sum: 36]
      [Scan RS (ms): Min: 31.8, Avg: 34.0, Max: 35.3, Diff: 3.6, Sum: 271.9]
      [Code Root Scanning (ms): Min: 0.0, Avg: 0.0, Max: 0.0, Diff: 0.0, Sum: 0.0]
      [Object Copy (ms): Min: 185.6, Avg: 185.8, Max: 186.1, Diff: 0.5, Sum: 1486.7]
      [Termination (ms): Min: 0.0, Avg: 0.2, Max: 0.2, Diff: 0.2, Sum: 1.3]
         [Termination Attempts: Min: 1, Avg: 31.6, Max: 50, Diff: 49, Sum: 253]
      [GC Worker Other (ms): Min: 0.0, Avg: 0.0, Max: 0.0, Diff: 0.0, Sum: 0.3]
      [GC Worker Total (ms): Min: 232.8, Avg: 233.0, Max: 233.1, Diff: 0.3, Sum: 1863.7]
      [GC Worker End (ms): Min: 34652.3, Avg: 34652.3, Max: 34652.3, Diff: 0.1]
   [Code Root Fixup: 0.0 ms]
   [Code Root Purge: 0.0 ms]
   [Clear CT: 0.7 ms]
   [Other: 2.0 ms]
      [Choose CSet: 0.0 ms]
      [Ref Proc: 0.6 ms]
      [Ref Enq: 0.0 ms]
      [Redirty Cards: 0.6 ms]
      [Humongous Register: 0.1 ms]
      [Humongous Reclaim: 0.0 ms]
      [Free CSet: 0.3 ms]
   [Eden: 89.0M(89.0M)->0.0B(89.0M) Survivors: 13.0M->13.0M Heap: 543.3M(2048.0M)->545.3M(2048.0M)]
 [Times: user=1.83 sys=0.03, real=0.24 secs] 
2020-09-29T12:21:14.743+0200: 34.899: [GC pause (G1 Evacuation Pause) (young), 0.2760780 secs]
   [Parallel Time: 273.2 ms, GC Workers: 8]
      [GC Worker Start (ms): Min: 34899.2, Avg: 34901.7, Max: 34906.9, Diff: 7.7]
      [Ext Root Scanning (ms): Min: 0.0, Avg: 0.2, Max: 0.6, Diff: 0.6, Sum: 1.4]
      [Update RS (ms): Min: 14.1, Avg: 19.2, Max: 21.3, Diff: 7.2, Sum: 153.3]
         [Processed Buffers: Min: 4, Avg: 6.4, Max: 12, Diff: 8, Sum: 51]
      [Scan RS (ms): Min: 23.5, Avg: 24.0, Max: 24.9, Diff: 1.4, Sum: 191.6]
      [Code Root Scanning (ms): Min: 0.0, Avg: 0.0, Max: 0.0, Diff: 0.0, Sum: 0.0]
      [Object Copy (ms): Min: 226.5, Avg: 226.9, Max: 227.3, Diff: 0.8, Sum: 1815.4]
      [Termination (ms): Min: 0.0, Avg: 0.3, Max: 0.4, Diff: 0.4, Sum: 2.4]
         [Termination Attempts: Min: 1, Avg: 42.9, Max: 73, Diff: 72, Sum: 343]
      [GC Worker Other (ms): Min: 0.0, Avg: 0.0, Max: 0.0, Diff: 0.0, Sum: 0.3]
      [GC Worker Total (ms): Min: 265.4, Avg: 270.6, Max: 273.0, Diff: 7.7, Sum: 2164.5]
      [GC Worker End (ms): Min: 35172.2, Avg: 35172.3, Max: 35172.3, Diff: 0.0]
   [Code Root Fixup: 0.0 ms]
   [Code Root Purge: 0.0 ms]
   [Clear CT: 0.7 ms]
   [Other: 2.2 ms]
      [Choose CSet: 0.0 ms]
      [Ref Proc: 0.8 ms]
      [Ref Enq: 0.0 ms]
      [Redirty Cards: 0.6 ms]
      [Humongous Register: 0.1 ms]
      [Humongous Reclaim: 0.0 ms]
      [Free CSet: 0.3 ms]
   [Eden: 89.0M(89.0M)->0.0B(89.0M) Survivors: 13.0M->13.0M Heap: 649.6M(2048.0M)->651.1M(2048.0M)]
 [Times: user=1.77 sys=0.02, real=0.28 secs] 
2020-09-29T12:21:15.270+0200: 35.425: [GC pause (G1 Evacuation Pause) (young), 0.3573505 secs]
   [Parallel Time: 353.8 ms, GC Workers: 8]
      [GC Worker Start (ms): Min: 35425.6, Avg: 35426.7, Max: 35429.2, Diff: 3.6]
      [Ext Root Scanning (ms): Min: 0.0, Avg: 0.3, Max: 0.6, Diff: 0.6, Sum: 2.5]
      [Update RS (ms): Min: 34.8, Avg: 38.4, Max: 43.8, Diff: 9.0, Sum: 307.2]
         [Processed Buffers: Min: 7, Avg: 8.8, Max: 13, Diff: 6, Sum: 70]
      [Scan RS (ms): Min: 24.5, Avg: 29.4, Max: 31.7, Diff: 7.2, Sum: 235.6]
      [Code Root Scanning (ms): Min: 0.0, Avg: 0.0, Max: 0.0, Diff: 0.0, Sum: 0.0]
      [Object Copy (ms): Min: 281.2, Avg: 283.8, Max: 284.3, Diff: 3.1, Sum: 2270.7]
      [Termination (ms): Min: 0.0, Avg: 0.2, Max: 0.3, Diff: 0.2, Sum: 1.5]
         [Termination Attempts: Min: 1, Avg: 126.1, Max: 191, Diff: 190, Sum: 1009]
      [GC Worker Other (ms): Min: 0.0, Avg: 0.0, Max: 0.1, Diff: 0.1, Sum: 0.4]
      [GC Worker Total (ms): Min: 349.7, Avg: 352.2, Max: 353.3, Diff: 3.6, Sum: 2817.9]
      [GC Worker End (ms): Min: 35778.9, Avg: 35778.9, Max: 35778.9, Diff: 0.0]
   [Code Root Fixup: 0.0 ms]
   [Code Root Purge: 0.0 ms]
   [Clear CT: 0.7 ms]
   [Other: 2.9 ms]
      [Choose CSet: 0.0 ms]
      [Ref Proc: 1.1 ms]
      [Ref Enq: 0.0 ms]
      [Redirty Cards: 0.7 ms]
      [Humongous Register: 0.2 ms]
      [Humongous Reclaim: 0.0 ms]
      [Free CSet: 0.3 ms]
   [Eden: 89.0M(89.0M)->0.0B(89.0M) Survivors: 13.0M->13.0M Heap: 755.3M(2048.0M)->757.3M(2048.0M)]
 [Times: user=2.11 sys=0.08, real=0.36 secs] 
2020-09-29T12:21:15.922+0200: 36.077: [GC pause (G1 Evacuation Pause) (young), 0.2657840 secs]
   [Parallel Time: 262.9 ms, GC Workers: 8]
      [GC Worker Start (ms): Min: 36077.6, Avg: 36077.8, Max: 36078.1, Diff: 0.5]
      [Ext Root Scanning (ms): Min: 0.0, Avg: 0.2, Max: 0.5, Diff: 0.5, Sum: 1.8]
      [Update RS (ms): Min: 21.7, Avg: 23.3, Max: 27.1, Diff: 5.4, Sum: 186.3]
         [Processed Buffers: Min: 5, Avg: 6.3, Max: 7, Diff: 2, Sum: 50]
      [Scan RS (ms): Min: 26.8, Avg: 29.3, Max: 30.8, Diff: 4.0, Sum: 234.5]
      [Code Root Scanning (ms): Min: 0.0, Avg: 0.0, Max: 0.0, Diff: 0.0, Sum: 0.0]
      [Object Copy (ms): Min: 205.2, Avg: 209.1, Max: 210.0, Diff: 4.8, Sum: 1672.8]
      [Termination (ms): Min: 0.0, Avg: 0.2, Max: 0.2, Diff: 0.2, Sum: 1.4]
         [Termination Attempts: Min: 1, Avg: 271.5, Max: 336, Diff: 335, Sum: 2172]
      [GC Worker Other (ms): Min: 0.0, Avg: 0.1, Max: 0.2, Diff: 0.1, Sum: 0.6]
      [GC Worker Total (ms): Min: 261.8, Avg: 262.2, Max: 262.4, Diff: 0.6, Sum: 2097.4]
      [GC Worker End (ms): Min: 36340.0, Avg: 36340.0, Max: 36340.1, Diff: 0.1]
   [Code Root Fixup: 0.0 ms]
   [Code Root Purge: 0.0 ms]
   [Clear CT: 0.6 ms]
   [Other: 2.2 ms]
      [Choose CSet: 0.0 ms]
      [Ref Proc: 0.7 ms]
      [Ref Enq: 0.0 ms]
      [Redirty Cards: 0.7 ms]
      [Humongous Register: 0.1 ms]
      [Humongous Reclaim: 0.0 ms]
      [Free CSet: 0.3 ms]
   [Eden: 89.0M(89.0M)->0.0B(89.0M) Survivors: 13.0M->13.0M Heap: 859.7M(2048.0M)->861.2M(2048.0M)]
 [Times: user=1.95 sys=0.03, real=0.27 secs] 
2020-09-29T12:21:16.390+0200: 36.544: [GC pause (G1 Evacuation Pause) (young), 0.1440402 secs]
   [Parallel Time: 142.7 ms, GC Workers: 8]
      [GC Worker Start (ms): Min: 36544.5, Avg: 36545.6, Max: 36552.9, Diff: 8.4]
      [Ext Root Scanning (ms): Min: 0.0, Avg: 0.1, Max: 0.2, Diff: 0.2, Sum: 0.8]
      [Update RS (ms): Min: 0.0, Avg: 7.3, Max: 15.0, Diff: 15.0, Sum: 58.0]
         [Processed Buffers: Min: 0, Avg: 4.4, Max: 7, Diff: 7, Sum: 35]
      [Scan RS (ms): Min: 8.9, Avg: 17.6, Max: 31.3, Diff: 22.3, Sum: 140.9]
      [Code Root Scanning (ms): Min: 0.0, Avg: 0.0, Max: 0.0, Diff: 0.0, Sum: 0.0]
      [Object Copy (ms): Min: 104.8, Avg: 116.2, Max: 118.3, Diff: 13.4, Sum: 929.4]
      [Termination (ms): Min: 0.1, Avg: 0.2, Max: 0.3, Diff: 0.2, Sum: 1.8]
         [Termination Attempts: Min: 1, Avg: 706.8, Max: 1049, Diff: 1048, Sum: 5654]
      [GC Worker Other (ms): Min: 0.0, Avg: 0.0, Max: 0.0, Diff: 0.0, Sum: 0.1]
      [GC Worker Total (ms): Min: 134.1, Avg: 141.4, Max: 142.5, Diff: 8.4, Sum: 1131.0]
      [GC Worker End (ms): Min: 36687.0, Avg: 36687.0, Max: 36687.1, Diff: 0.1]
   [Code Root Fixup: 0.0 ms]
   [Code Root Purge: 0.0 ms]
   [Clear CT: 0.3 ms]
   [Other: 1.1 ms]
      [Choose CSet: 0.0 ms]
      [Ref Proc: 0.3 ms]
      [Ref Enq: 0.0 ms]
      [Redirty Cards: 0.3 ms]
      [Humongous Register: 0.1 ms]
      [Humongous Reclaim: 0.0 ms]
      [Free CSet: 0.2 ms]
   [Eden: 89.0M(89.0M)->0.0B(89.0M) Survivors: 13.0M->13.0M Heap: 965.4M(2048.0M)->966.9M(2048.0M)]
 [Times: user=0.88 sys=0.00, real=0.14 secs] 
2020-09-29T12:21:16.551+0200: 36.705: [GC pause (G1 Humongous Allocation) (young) (initial-mark), 0.0256592 secs]
   [Parallel Time: 24.4 ms, GC Workers: 8]
      [GC Worker Start (ms): Min: 36705.7, Avg: 36705.7, Max: 36705.8, Diff: 0.1]
      [Ext Root Scanning (ms): Min: 0.1, Avg: 0.3, Max: 1.4, Diff: 1.3, Sum: 2.3]
      [Update RS (ms): Min: 6.7, Avg: 7.2, Max: 8.3, Diff: 1.6, Sum: 57.7]
         [Processed Buffers: Min: 4, Avg: 6.1, Max: 8, Diff: 4, Sum: 49]
      [Scan RS (ms): Min: 0.0, Avg: 1.4, Max: 1.9, Diff: 1.9, Sum: 11.0]
      [Code Root Scanning (ms): Min: 0.0, Avg: 0.0, Max: 0.0, Diff: 0.0, Sum: 0.0]
      [Object Copy (ms): Min: 14.5, Avg: 15.3, Max: 15.4, Diff: 0.9, Sum: 122.0]
      [Termination (ms): Min: 0.0, Avg: 0.0, Max: 0.0, Diff: 0.0, Sum: 0.2]
         [Termination Attempts: Min: 1, Avg: 75.9, Max: 109, Diff: 108, Sum: 607]
      [GC Worker Other (ms): Min: 0.0, Avg: 0.0, Max: 0.1, Diff: 0.0, Sum: 0.3]
      [GC Worker Total (ms): Min: 24.1, Avg: 24.2, Max: 24.3, Diff: 0.1, Sum: 193.4]
      [GC Worker End (ms): Min: 36729.9, Avg: 36729.9, Max: 36729.9, Diff: 0.0]
   [Code Root Fixup: 0.0 ms]
   [Code Root Purge: 0.0 ms]
   [Clear CT: 0.2 ms]
   [Other: 1.0 ms]
      [Choose CSet: 0.0 ms]
      [Ref Proc: 0.2 ms]
      [Ref Enq: 0.0 ms]
      [Redirty Cards: 0.2 ms]
      [Humongous Register: 0.1 ms]
      [Humongous Reclaim: 0.0 ms]
      [Free CSet: 0.1 ms]
   [Eden: 5120.0K(89.0M)->0.0B(95.0M) Survivors: 13.0M->7168.0K Heap: 971.9M(2048.0M)->975.4M(2048.0M)]
 [Times: user=0.24 sys=0.00, real=0.02 secs] 
2020-09-29T12:21:16.576+0200: 36.731: [GC concurrent-root-region-scan-start]
2020-09-29T12:21:16.579+0200: 36.734: [GC concurrent-root-region-scan-end, 0.0028418 secs]
2020-09-29T12:21:16.579+0200: 36.734: [GC concurrent-mark-start]
2020-09-29T12:21:16.584+0200: 36.739: [GC concurrent-mark-end, 0.0050694 secs]
2020-09-29T12:21:16.594+0200: 36.748: [GC remark 2020-09-29T12:21:16.594+0200: 36.748: [Finalize Marking, 0.0002652 secs] 2020-09-29T12:21:16.594+0200: 36.749: [GC ref-proc, 0.0005168 secs] 2020-09-29T12:21:16.594+0200: 36.749: [Unloading, 0.0006822 secs], 0.0019352 secs]
 [Times: user=0.00 sys=0.00, real=0.00 secs] 
2020-09-29T12:21:16.598+0200: 36.752: [GC cleanup 1000M->39M(2048M), 0.0015316 secs]
 [Times: user=0.13 sys=0.00, real=0.00 secs] 
2020-09-29T12:21:16.599+0200: 36.754: [GC concurrent-cleanup-start]
2020-09-29T12:21:16.601+0200: 36.756: [GC concurrent-cleanup-end, 0.0018203 secs]
2020-09-29T12:21:16.671+0200: 36.826: [GC pause (G1 Evacuation Pause) (young), 0.1258478 secs]
   [Parallel Time: 124.4 ms, GC Workers: 8]
      [GC Worker Start (ms): Min: 36825.7, Avg: 36826.7, Max: 36833.3, Diff: 7.6]
      [Ext Root Scanning (ms): Min: 0.0, Avg: 0.1, Max: 0.2, Diff: 0.2, Sum: 0.9]
      [Update RS (ms): Min: 0.0, Avg: 6.2, Max: 7.3, Diff: 7.3, Sum: 49.4]
         [Processed Buffers: Min: 0, Avg: 6.1, Max: 8, Diff: 8, Sum: 49]
      [Scan RS (ms): Min: 11.5, Avg: 13.4, Max: 24.6, Diff: 13.1, Sum: 107.3]
      [Code Root Scanning (ms): Min: 0.0, Avg: 0.0, Max: 0.0, Diff: 0.0, Sum: 0.0]
      [Object Copy (ms): Min: 91.5, Avg: 103.1, Max: 105.0, Diff: 13.5, Sum: 824.8]
      [Termination (ms): Min: 0.0, Avg: 0.4, Max: 0.9, Diff: 0.9, Sum: 2.9]
         [Termination Attempts: Min: 1, Avg: 1337.5, Max: 1759, Diff: 1758, Sum: 10700]
      [GC Worker Other (ms): Min: 0.0, Avg: 0.0, Max: 0.0, Diff: 0.0, Sum: 0.2]
      [GC Worker Total (ms): Min: 116.6, Avg: 123.2, Max: 124.2, Diff: 7.6, Sum: 985.5]
      [GC Worker End (ms): Min: 36949.9, Avg: 36949.9, Max: 36949.9, Diff: 0.0]
   [Code Root Fixup: 0.0 ms]
   [Code Root Purge: 0.0 ms]
   [Clear CT: 0.3 ms]
   [Other: 1.2 ms]
      [Choose CSet: 0.0 ms]
      [Ref Proc: 0.3 ms]
      [Ref Enq: 0.0 ms]
      [Redirty Cards: 0.3 ms]
      [Humongous Register: 0.0 ms]
      [Humongous Reclaim: 0.0 ms]
      [Free CSet: 0.2 ms]
   [Eden: 95.0M(95.0M)->0.0B(89.0M) Survivors: 7168.0K->13.0M Heap: 126.7M(2048.0M)->122.7M(2048.0M)]
 [Times: user=0.89 sys=0.00, real=0.13 secs] 
2020-09-29T12:21:16.878+0200: 37.034: [GC pause (G1 Evacuation Pause) (young), 0.1061168 secs]
   [Parallel Time: 104.7 ms, GC Workers: 8]
      [GC Worker Start (ms): Min: 37033.7, Avg: 37033.8, Max: 37033.8, Diff: 0.1]
      [Ext Root Scanning (ms): Min: 0.0, Avg: 0.1, Max: 0.2, Diff: 0.1, Sum: 0.9]
      [Update RS (ms): Min: 7.2, Avg: 7.4, Max: 8.3, Diff: 1.0, Sum: 59.3]
         [Processed Buffers: Min: 3, Avg: 6.8, Max: 10, Diff: 7, Sum: 54]
      [Scan RS (ms): Min: 11.6, Avg: 12.1, Max: 12.2, Diff: 0.7, Sum: 96.4]
      [Code Root Scanning (ms): Min: 0.0, Avg: 0.0, Max: 0.0, Diff: 0.0, Sum: 0.0]
      [Object Copy (ms): Min: 84.4, Avg: 84.8, Max: 84.9, Diff: 0.5, Sum: 678.4]
      [Termination (ms): Min: 0.0, Avg: 0.0, Max: 0.0, Diff: 0.0, Sum: 0.1]
         [Termination Attempts: Min: 1, Avg: 71.5, Max: 96, Diff: 95, Sum: 572]
      [GC Worker Other (ms): Min: 0.0, Avg: 0.0, Max: 0.1, Diff: 0.0, Sum: 0.3]
      [GC Worker Total (ms): Min: 104.4, Avg: 104.4, Max: 104.5, Diff: 0.1, Sum: 835.5]
      [GC Worker End (ms): Min: 37138.2, Avg: 37138.2, Max: 37138.2, Diff: 0.0]
   [Code Root Fixup: 0.0 ms]
   [Code Root Purge: 0.0 ms]
   [Clear CT: 0.2 ms]
   [Other: 1.2 ms]
      [Choose CSet: 0.0 ms]
      [Ref Proc: 0.3 ms]
      [Ref Enq: 0.0 ms]
      [Redirty Cards: 0.3 ms]
      [Humongous Register: 0.0 ms]
      [Humongous Reclaim: 0.0 ms]
      [Free CSet: 0.1 ms]
   [Eden: 89.0M(89.0M)->0.0B(89.0M) Survivors: 13.0M->13.0M Heap: 226.9M(2048.0M)->229.4M(2048.0M)]
 [Times: user=0.77 sys=0.06, real=0.11 secs] 
2020-09-29T12:21:17.060+0200: 37.215: [GC pause (G1 Evacuation Pause) (young), 0.1021464 secs]
   [Parallel Time: 100.8 ms, GC Workers: 8]
      [GC Worker Start (ms): Min: 37215.1, Avg: 37215.2, Max: 37215.3, Diff: 0.2]
      [Ext Root Scanning (ms): Min: 0.0, Avg: 0.1, Max: 0.2, Diff: 0.2, Sum: 0.8]
      [Update RS (ms): Min: 10.4, Avg: 10.9, Max: 12.6, Diff: 2.2, Sum: 87.0]
         [Processed Buffers: Min: 6, Avg: 7.1, Max: 9, Diff: 3, Sum: 57]
      [Scan RS (ms): Min: 8.3, Avg: 9.8, Max: 10.3, Diff: 2.0, Sum: 78.8]
      [Code Root Scanning (ms): Min: 0.0, Avg: 0.0, Max: 0.0, Diff: 0.0, Sum: 0.0]
      [Object Copy (ms): Min: 79.4, Avg: 79.7, Max: 79.8, Diff: 0.4, Sum: 637.4]
      [Termination (ms): Min: 0.0, Avg: 0.1, Max: 0.1, Diff: 0.1, Sum: 0.5]
         [Termination Attempts: Min: 1, Avg: 66.0, Max: 94, Diff: 93, Sum: 528]
      [GC Worker Other (ms): Min: 0.0, Avg: 0.0, Max: 0.0, Diff: 0.0, Sum: 0.1]
      [GC Worker Total (ms): Min: 100.5, Avg: 100.6, Max: 100.7, Diff: 0.2, Sum: 804.6]
      [GC Worker End (ms): Min: 37315.8, Avg: 37315.8, Max: 37315.8, Diff: 0.0]
   [Code Root Fixup: 0.0 ms]
   [Code Root Purge: 0.0 ms]
   [Clear CT: 0.3 ms]
   [Other: 1.0 ms]
      [Choose CSet: 0.0 ms]
      [Ref Proc: 0.3 ms]
      [Ref Enq: 0.0 ms]
      [Redirty Cards: 0.3 ms]
      [Humongous Register: 0.0 ms]
      [Humongous Reclaim: 0.0 ms]
      [Free CSet: 0.1 ms]
   [Eden: 89.0M(89.0M)->0.0B(102.0M) Survivors: 13.0M->13.0M Heap: 331.8M(2048.0M)->333.8M(2048.0M)]
 [Times: user=0.75 sys=0.02, real=0.10 secs] 
2020-09-29T12:21:17.244+0200: 37.399: [GC pause (G1 Evacuation Pause) (young), 0.1091074 secs]
   [Parallel Time: 107.6 ms, GC Workers: 8]
      [GC Worker Start (ms): Min: 37399.4, Avg: 37399.8, Max: 37400.7, Diff: 1.3]
      [Ext Root Scanning (ms): Min: 0.0, Avg: 0.0, Max: 0.2, Diff: 0.2, Sum: 0.4]
      [Update RS (ms): Min: 6.6, Avg: 7.9, Max: 10.2, Diff: 3.6, Sum: 63.0]
         [Processed Buffers: Min: 5, Avg: 6.0, Max: 8, Diff: 3, Sum: 48]
      [Scan RS (ms): Min: 9.4, Avg: 10.9, Max: 11.7, Diff: 2.4, Sum: 87.6]
      [Code Root Scanning (ms): Min: 0.0, Avg: 0.0, Max: 0.0, Diff: 0.0, Sum: 0.0]
      [Object Copy (ms): Min: 87.4, Avg: 88.0, Max: 88.2, Diff: 0.8, Sum: 703.7]
      [Termination (ms): Min: 0.0, Avg: 0.0, Max: 0.0, Diff: 0.0, Sum: 0.2]
         [Termination Attempts: Min: 1, Avg: 74.8, Max: 96, Diff: 95, Sum: 598]
      [GC Worker Other (ms): Min: 0.0, Avg: 0.0, Max: 0.1, Diff: 0.0, Sum: 0.3]
      [GC Worker Total (ms): Min: 106.0, Avg: 106.9, Max: 107.3, Diff: 1.3, Sum: 855.1]
      [GC Worker End (ms): Min: 37506.7, Avg: 37506.7, Max: 37506.7, Diff: 0.0]
   [Code Root Fixup: 0.0 ms]
   [Code Root Purge: 0.0 ms]
   [Clear CT: 0.3 ms]
   [Other: 1.2 ms]
      [Choose CSet: 0.0 ms]
      [Ref Proc: 0.4 ms]
      [Ref Enq: 0.0 ms]
      [Redirty Cards: 0.4 ms]
      [Humongous Register: 0.0 ms]
      [Humongous Reclaim: 0.0 ms]
      [Free CSet: 0.1 ms]
   [Eden: 102.0M(102.0M)->0.0B(114.0M) Survivors: 13.0M->15.0M Heap: 452.9M(2048.0M)->454.9M(2048.0M)]
 [Times: user=0.72 sys=0.01, real=0.11 secs] 
2020-09-29T12:21:17.445+0200: 37.601: [GC pause (G1 Evacuation Pause) (young), 0.1346430 secs]
   [Parallel Time: 133.2 ms, GC Workers: 8]
      [GC Worker Start (ms): Min: 37600.7, Avg: 37600.8, Max: 37600.9, Diff: 0.2]
      [Ext Root Scanning (ms): Min: 0.0, Avg: 0.1, Max: 0.2, Diff: 0.2, Sum: 0.7]
      [Update RS (ms): Min: 12.2, Avg: 12.7, Max: 13.2, Diff: 1.1, Sum: 101.3]
         [Processed Buffers: Min: 5, Avg: 8.3, Max: 11, Diff: 6, Sum: 66]
      [Scan RS (ms): Min: 12.4, Avg: 13.0, Max: 13.6, Diff: 1.2, Sum: 104.3]
      [Code Root Scanning (ms): Min: 0.0, Avg: 0.0, Max: 0.0, Diff: 0.0, Sum: 0.0]
      [Object Copy (ms): Min: 106.6, Avg: 106.9, Max: 107.2, Diff: 0.6, Sum: 855.4]
      [Termination (ms): Min: 0.0, Avg: 0.3, Max: 0.4, Diff: 0.4, Sum: 2.0]
         [Termination Attempts: Min: 1, Avg: 1120.6, Max: 1503, Diff: 1502, Sum: 8965]
      [GC Worker Other (ms): Min: 0.0, Avg: 0.0, Max: 0.0, Diff: 0.0, Sum: 0.2]
      [GC Worker Total (ms): Min: 132.9, Avg: 133.0, Max: 133.1, Diff: 0.2, Sum: 1063.9]
      [GC Worker End (ms): Min: 37733.8, Avg: 37733.8, Max: 37733.8, Diff: 0.0]
   [Code Root Fixup: 0.0 ms]
   [Code Root Purge: 0.0 ms]
   [Clear CT: 0.3 ms]
   [Other: 1.2 ms]
      [Choose CSet: 0.0 ms]
      [Ref Proc: 0.3 ms]
      [Ref Enq: 0.0 ms]
      [Redirty Cards: 0.4 ms]
      [Humongous Register: 0.0 ms]
      [Humongous Reclaim: 0.0 ms]
      [Free CSet: 0.2 ms]
   [Eden: 114.0M(114.0M)->0.0B(121.0M) Survivors: 15.0M->17.0M Heap: 588.0M(2048.0M)->589.5M(2048.0M)]
 [Times: user=0.94 sys=0.03, real=0.13 secs] 
2020-09-29T12:21:17.678+0200: 37.834: [GC pause (G1 Evacuation Pause) (young), 0.1233510 secs]
   [Parallel Time: 121.9 ms, GC Workers: 8]
      [GC Worker Start (ms): Min: 37833.7, Avg: 37833.9, Max: 37834.0, Diff: 0.2]
      [Ext Root Scanning (ms): Min: 0.0, Avg: 0.1, Max: 0.2, Diff: 0.2, Sum: 0.8]
      [Update RS (ms): Min: 10.5, Avg: 10.8, Max: 12.3, Diff: 1.8, Sum: 86.8]
         [Processed Buffers: Min: 7, Avg: 8.4, Max: 10, Diff: 3, Sum: 67]
      [Scan RS (ms): Min: 13.9, Avg: 15.4, Max: 15.9, Diff: 2.0, Sum: 123.4]
      [Code Root Scanning (ms): Min: 0.0, Avg: 0.0, Max: 0.0, Diff: 0.0, Sum: 0.0]
      [Object Copy (ms): Min: 95.0, Avg: 95.2, Max: 95.4, Diff: 0.4, Sum: 761.6]
      [Termination (ms): Min: 0.0, Avg: 0.0, Max: 0.0, Diff: 0.0, Sum: 0.2]
         [Termination Attempts: Min: 1, Avg: 123.5, Max: 170, Diff: 169, Sum: 988]
      [GC Worker Other (ms): Min: 0.0, Avg: 0.0, Max: 0.1, Diff: 0.0, Sum: 0.3]
      [GC Worker Total (ms): Min: 121.5, Avg: 121.6, Max: 121.8, Diff: 0.3, Sum: 973.0]
      [GC Worker End (ms): Min: 37955.5, Avg: 37955.5, Max: 37955.5, Diff: 0.0]
   [Code Root Fixup: 0.0 ms]
   [Code Root Purge: 0.0 ms]
   [Clear CT: 0.3 ms]
   [Other: 1.2 ms]
      [Choose CSet: 0.0 ms]
      [Ref Proc: 0.2 ms]
      [Ref Enq: 0.0 ms]
      [Redirty Cards: 0.4 ms]
      [Humongous Register: 0.1 ms]
      [Humongous Reclaim: 0.0 ms]
      [Free CSet: 0.2 ms]
   [Eden: 121.0M(121.0M)->0.0B(131.0M) Survivors: 17.0M->18.0M Heap: 731.5M(2048.0M)->733.5M(2048.0M)]
 [Times: user=0.84 sys=0.05, real=0.12 secs] 
2020-09-29T12:21:17.909+0200: 38.064: [GC pause (G1 Evacuation Pause) (young), 0.1311064 secs]
   [Parallel Time: 129.9 ms, GC Workers: 8]
      [GC Worker Start (ms): Min: 38064.2, Avg: 38064.3, Max: 38064.4, Diff: 0.2]
      [Ext Root Scanning (ms): Min: 0.0, Avg: 0.1, Max: 0.2, Diff: 0.2, Sum: 0.7]
      [Update RS (ms): Min: 11.1, Avg: 11.7, Max: 12.2, Diff: 1.2, Sum: 93.4]
         [Processed Buffers: Min: 8, Avg: 8.5, Max: 9, Diff: 1, Sum: 68]
      [Scan RS (ms): Min: 13.5, Avg: 14.2, Max: 15.0, Diff: 1.4, Sum: 113.9]
      [Code Root Scanning (ms): Min: 0.0, Avg: 0.0, Max: 0.0, Diff: 0.0, Sum: 0.0]
      [Object Copy (ms): Min: 103.4, Avg: 103.5, Max: 103.7, Diff: 0.3, Sum: 828.4]
      [Termination (ms): Min: 0.0, Avg: 0.1, Max: 0.1, Diff: 0.1, Sum: 0.5]
         [Termination Attempts: Min: 1, Avg: 58.3, Max: 82, Diff: 81, Sum: 466]
      [GC Worker Other (ms): Min: 0.0, Avg: 0.0, Max: 0.0, Diff: 0.0, Sum: 0.2]
      [GC Worker Total (ms): Min: 129.5, Avg: 129.6, Max: 129.8, Diff: 0.3, Sum: 1037.0]
      [GC Worker End (ms): Min: 38193.9, Avg: 38193.9, Max: 38194.0, Diff: 0.0]
   [Code Root Fixup: 0.0 ms]
   [Code Root Purge: 0.0 ms]
   [Clear CT: 0.3 ms]
   [Other: 0.9 ms]
      [Choose CSet: 0.0 ms]
      [Ref Proc: 0.2 ms]
      [Ref Enq: 0.0 ms]
      [Redirty Cards: 0.3 ms]
      [Humongous Register: 0.1 ms]
      [Humongous Reclaim: 0.0 ms]
      [Free CSet: 0.1 ms]
   [Eden: 131.0M(131.0M)->0.0B(145.0M) Survivors: 18.0M->19.0M Heap: 885.5M(2048.0M)->887.0M(2048.0M)]
 [Times: user=1.09 sys=0.00, real=0.13 secs] 
2020-09-29T12:21:18.160+0200: 38.315: [GC pause (G1 Evacuation Pause) (young), 0.1568812 secs]
   [Parallel Time: 155.0 ms, GC Workers: 8]
      [GC Worker Start (ms): Min: 38315.4, Avg: 38315.5, Max: 38315.6, Diff: 0.2]
      [Ext Root Scanning (ms): Min: 0.0, Avg: 0.1, Max: 0.2, Diff: 0.2, Sum: 0.7]
      [Update RS (ms): Min: 12.7, Avg: 12.9, Max: 13.4, Diff: 0.7, Sum: 103.2]
         [Processed Buffers: Min: 8, Avg: 9.5, Max: 11, Diff: 3, Sum: 76]
      [Scan RS (ms): Min: 15.8, Avg: 16.3, Max: 16.6, Diff: 0.8, Sum: 130.7]
      [Code Root Scanning (ms): Min: 0.0, Avg: 0.0, Max: 0.0, Diff: 0.0, Sum: 0.0]
      [Object Copy (ms): Min: 124.9, Avg: 125.2, Max: 125.3, Diff: 0.4, Sum: 1001.6]
      [Termination (ms): Min: 0.0, Avg: 0.1, Max: 0.2, Diff: 0.2, Sum: 1.2]
         [Termination Attempts: Min: 1, Avg: 418.5, Max: 568, Diff: 567, Sum: 3348]
      [GC Worker Other (ms): Min: 0.0, Avg: 0.0, Max: 0.1, Diff: 0.0, Sum: 0.3]
      [GC Worker Total (ms): Min: 154.6, Avg: 154.7, Max: 154.9, Diff: 0.3, Sum: 1237.7]
      [GC Worker End (ms): Min: 38470.2, Avg: 38470.2, Max: 38470.2, Diff: 0.0]
   [Code Root Fixup: 0.0 ms]
   [Code Root Purge: 0.0 ms]
   [Clear CT: 0.5 ms]
   [Other: 1.3 ms]
      [Choose CSet: 0.0 ms]
      [Ref Proc: 0.3 ms]
      [Ref Enq: 0.0 ms]
      [Redirty Cards: 0.6 ms]
      [Humongous Register: 0.1 ms]
      [Humongous Reclaim: 0.0 ms]
      [Free CSet: 0.2 ms]
   [Eden: 145.0M(145.0M)->0.0B(146.0M) Survivors: 19.0M->21.0M Heap: 1056.8M(2048.0M)->1058.8M(2048.0M)]
 [Times: user=1.16 sys=0.00, real=0.16 secs] 
2020-09-29T12:21:18.329+0200: 38.484: [GC pause (G1 Humongous Allocation) (young) (initial-mark), 0.0501082 secs]
   [Parallel Time: 48.8 ms, GC Workers: 8]
      [GC Worker Start (ms): Min: 38484.0, Avg: 38484.1, Max: 38484.2, Diff: 0.2]
      [Ext Root Scanning (ms): Min: 0.0, Avg: 0.2, Max: 0.3, Diff: 0.3, Sum: 1.4]
      [Update RS (ms): Min: 22.5, Avg: 22.8, Max: 23.7, Diff: 1.2, Sum: 182.3]
         [Processed Buffers: Min: 14, Avg: 17.4, Max: 19, Diff: 5, Sum: 139]
      [Scan RS (ms): Min: 1.5, Avg: 2.2, Max: 2.5, Diff: 1.0, Sum: 17.5]
      [Code Root Scanning (ms): Min: 0.0, Avg: 0.0, Max: 0.0, Diff: 0.0, Sum: 0.0]
      [Object Copy (ms): Min: 23.1, Avg: 23.3, Max: 23.3, Diff: 0.2, Sum: 186.2]
      [Termination (ms): Min: 0.0, Avg: 0.0, Max: 0.1, Diff: 0.1, Sum: 0.3]
         [Termination Attempts: Min: 1, Avg: 140.4, Max: 212, Diff: 211, Sum: 1123]
      [GC Worker Other (ms): Min: 0.0, Avg: 0.0, Max: 0.1, Diff: 0.0, Sum: 0.2]
      [GC Worker Total (ms): Min: 48.4, Avg: 48.5, Max: 48.6, Diff: 0.2, Sum: 387.9]
      [GC Worker End (ms): Min: 38532.6, Avg: 38532.6, Max: 38532.6, Diff: 0.0]
   [Code Root Fixup: 0.0 ms]
   [Code Root Purge: 0.0 ms]
   [Clear CT: 0.3 ms]
   [Other: 1.0 ms]
      [Choose CSet: 0.0 ms]
      [Ref Proc: 0.3 ms]
      [Ref Enq: 0.0 ms]
      [Redirty Cards: 0.2 ms]
      [Humongous Register: 0.0 ms]
      [Humongous Reclaim: 0.0 ms]
      [Free CSet: 0.1 ms]
   [Eden: 7168.0K(146.0M)->0.0B(167.0M) Survivors: 21.0M->9216.0K Heap: 1065.8M(2048.0M)->1069.8M(2048.0M)]
 [Times: user=0.36 sys=0.00, real=0.05 secs] 
2020-09-29T12:21:18.379+0200: 38.534: [GC concurrent-root-region-scan-start]
2020-09-29T12:21:18.382+0200: 38.537: [GC concurrent-root-region-scan-end, 0.0023503 secs]
2020-09-29T12:21:18.382+0200: 38.537: [GC concurrent-mark-start]
2020-09-29T12:21:18.385+0200: 38.540: [GC concurrent-mark-end, 0.0037293 secs]
2020-09-29T12:21:18.386+0200: 38.541: [GC remark 2020-09-29T12:21:18.386+0200: 38.541: [Finalize Marking, 0.0003249 secs] 2020-09-29T12:21:18.386+0200: 38.541: [GC ref-proc, 0.0004192 secs] 2020-09-29T12:21:18.387+0200: 38.541: [Unloading, 0.0007552 secs], 0.0019747 secs]
 [Times: user=0.00 sys=0.00, real=0.00 secs] 
2020-09-29T12:21:18.388+0200: 38.543: [GC cleanup 1079M->26M(2048M), 0.0018034 secs]
 [Times: user=0.00 sys=0.00, real=0.00 secs] 
2020-09-29T12:21:18.390+0200: 38.545: [GC concurrent-cleanup-start]
2020-09-29T12:21:18.392+0200: 38.547: [GC concurrent-cleanup-end, 0.0016964 secs]
2020-09-29T12:21:18.512+0200: 38.667: [GC pause (G1 Evacuation Pause) (young), 0.1617737 secs]
   [Parallel Time: 159.8 ms, GC Workers: 8]
      [GC Worker Start (ms): Min: 38667.2, Avg: 38667.3, Max: 38667.5, Diff: 0.3]
      [Ext Root Scanning (ms): Min: 0.0, Avg: 0.1, Max: 0.2, Diff: 0.2, Sum: 0.8]
      [Update RS (ms): Min: 13.2, Avg: 13.4, Max: 14.2, Diff: 1.0, Sum: 107.5]
         [Processed Buffers: Min: 8, Avg: 9.4, Max: 12, Diff: 4, Sum: 75]
      [Scan RS (ms): Min: 17.6, Avg: 18.6, Max: 19.7, Diff: 2.1, Sum: 148.9]
      [Code Root Scanning (ms): Min: 0.0, Avg: 0.0, Max: 0.0, Diff: 0.0, Sum: 0.0]
      [Object Copy (ms): Min: 126.3, Avg: 127.2, Max: 127.6, Diff: 1.3, Sum: 1018.0]
      [Termination (ms): Min: 0.0, Avg: 0.0, Max: 0.0, Diff: 0.0, Sum: 0.1]
         [Termination Attempts: Min: 1, Avg: 73.0, Max: 102, Diff: 101, Sum: 584]
      [GC Worker Other (ms): Min: 0.0, Avg: 0.0, Max: 0.1, Diff: 0.1, Sum: 0.3]
      [GC Worker Total (ms): Min: 159.4, Avg: 159.5, Max: 159.6, Diff: 0.2, Sum: 1275.7]
      [GC Worker End (ms): Min: 38826.8, Avg: 38826.8, Max: 38826.8, Diff: 0.1]
   [Code Root Fixup: 0.0 ms]
   [Code Root Purge: 0.0 ms]
   [Clear CT: 0.3 ms]
   [Other: 1.7 ms]
      [Choose CSet: 0.0 ms]
      [Ref Proc: 0.4 ms]
      [Ref Enq: 0.0 ms]
      [Redirty Cards: 0.7 ms]
      [Humongous Register: 0.0 ms]
      [Humongous Reclaim: 0.0 ms]
      [Free CSet: 0.2 ms]
   [Eden: 167.0M(167.0M)->0.0B(155.0M) Survivors: 9216.0K->22.0M Heap: 212.1M(2048.0M)->205.6M(2048.0M)]
 [Times: user=1.14 sys=0.02, real=0.16 secs] 
2020-09-29T12:21:18.821+0200: 38.976: [GC pause (G1 Evacuation Pause) (young), 0.1986857 secs]
   [Parallel Time: 197.3 ms, GC Workers: 8]
      [GC Worker Start (ms): Min: 38976.1, Avg: 38976.1, Max: 38976.3, Diff: 0.2]
      [Ext Root Scanning (ms): Min: 0.0, Avg: 0.1, Max: 0.2, Diff: 0.2, Sum: 0.9]
      [Update RS (ms): Min: 16.9, Avg: 17.8, Max: 23.3, Diff: 6.5, Sum: 142.5]
         [Processed Buffers: Min: 3, Avg: 11.1, Max: 15, Diff: 12, Sum: 89]
      [Scan RS (ms): Min: 9.3, Avg: 15.7, Max: 23.3, Diff: 14.0, Sum: 126.0]
      [Code Root Scanning (ms): Min: 0.0, Avg: 0.0, Max: 0.0, Diff: 0.0, Sum: 0.0]
      [Object Copy (ms): Min: 156.4, Avg: 163.1, Max: 164.3, Diff: 7.9, Sum: 1304.9]
      [Termination (ms): Min: 0.0, Avg: 0.1, Max: 0.2, Diff: 0.2, Sum: 1.0]
         [Termination Attempts: Min: 1, Avg: 506.0, Max: 637, Diff: 636, Sum: 4048]
      [GC Worker Other (ms): Min: 0.0, Avg: 0.0, Max: 0.1, Diff: 0.0, Sum: 0.3]
      [GC Worker Total (ms): Min: 196.8, Avg: 196.9, Max: 197.0, Diff: 0.2, Sum: 1575.6]
      [GC Worker End (ms): Min: 39173.1, Avg: 39173.1, Max: 39173.1, Diff: 0.0]
   [Code Root Fixup: 0.0 ms]
   [Code Root Purge: 0.0 ms]
   [Clear CT: 0.3 ms]
   [Other: 1.1 ms]
      [Choose CSet: 0.0 ms]
      [Ref Proc: 0.3 ms]
      [Ref Enq: 0.0 ms]
      [Redirty Cards: 0.3 ms]
      [Humongous Register: 0.1 ms]
      [Humongous Reclaim: 0.0 ms]
      [Free CSet: 0.2 ms]
   [Eden: 155.0M(155.0M)->0.0B(143.0M) Survivors: 22.0M->23.0M Heap: 387.3M(2048.0M)->389.3M(2048.0M)]
 [Times: user=1.38 sys=0.00, real=0.20 secs] 
2020-09-29T12:21:19.140+0200: 39.295: [GC pause (G1 Evacuation Pause) (young), 0.1859246 secs]
   [Parallel Time: 184.3 ms, GC Workers: 8]
      [GC Worker Start (ms): Min: 39295.1, Avg: 39295.2, Max: 39295.3, Diff: 0.2]
      [Ext Root Scanning (ms): Min: 0.0, Avg: 0.1, Max: 0.2, Diff: 0.2, Sum: 0.7]
      [Update RS (ms): Min: 19.6, Avg: 20.4, Max: 23.7, Diff: 4.0, Sum: 162.8]
         [Processed Buffers: Min: 8, Avg: 11.5, Max: 16, Diff: 8, Sum: 92]
      [Scan RS (ms): Min: 15.1, Avg: 18.7, Max: 19.7, Diff: 4.6, Sum: 149.3]
      [Code Root Scanning (ms): Min: 0.0, Avg: 0.0, Max: 0.0, Diff: 0.0, Sum: 0.0]
      [Object Copy (ms): Min: 144.5, Avg: 144.8, Max: 145.0, Diff: 0.5, Sum: 1158.2]
      [Termination (ms): Min: 0.0, Avg: 0.1, Max: 0.1, Diff: 0.1, Sum: 0.8]
         [Termination Attempts: Min: 1, Avg: 104.4, Max: 150, Diff: 149, Sum: 835]
      [GC Worker Other (ms): Min: 0.0, Avg: 0.0, Max: 0.1, Diff: 0.0, Sum: 0.2]
      [GC Worker Total (ms): Min: 183.9, Avg: 184.0, Max: 184.1, Diff: 0.3, Sum: 1472.0]
      [GC Worker End (ms): Min: 39479.2, Avg: 39479.2, Max: 39479.3, Diff: 0.1]
   [Code Root Fixup: 0.0 ms]
   [Code Root Purge: 0.0 ms]
   [Clear CT: 0.2 ms]
   [Other: 1.4 ms]
      [Choose CSet: 0.0 ms]
      [Ref Proc: 0.2 ms]
      [Ref Enq: 0.0 ms]
      [Redirty Cards: 0.7 ms]
      [Humongous Register: 0.0 ms]
      [Humongous Reclaim: 0.0 ms]
      [Free CSet: 0.2 ms]
   [Eden: 143.0M(143.0M)->0.0B(138.0M) Survivors: 23.0M->21.0M Heap: 555.2M(2048.0M)->557.7M(2048.0M)]
 [Times: user=1.25 sys=0.06, real=0.19 secs] 
2020-09-29T12:21:19.447+0200: 39.602: [GC pause (G1 Evacuation Pause) (young), 0.1930784 secs]
   [Parallel Time: 191.6 ms, GC Workers: 8]
      [GC Worker Start (ms): Min: 39602.4, Avg: 39602.6, Max: 39602.9, Diff: 0.5]
      [Ext Root Scanning (ms): Min: 0.0, Avg: 0.1, Max: 0.2, Diff: 0.2, Sum: 0.8]
      [Update RS (ms): Min: 16.4, Avg: 16.9, Max: 17.4, Diff: 1.0, Sum: 134.8]
         [Processed Buffers: Min: 3, Avg: 10.1, Max: 13, Diff: 10, Sum: 81]
      [Scan RS (ms): Min: 13.4, Avg: 14.7, Max: 19.6, Diff: 6.2, Sum: 117.9]
      [Code Root Scanning (ms): Min: 0.0, Avg: 0.0, Max: 0.0, Diff: 0.0, Sum: 0.0]
      [Object Copy (ms): Min: 154.6, Avg: 159.6, Max: 160.5, Diff: 5.9, Sum: 1276.9]
      [Termination (ms): Min: 0.0, Avg: 0.0, Max: 0.0, Diff: 0.0, Sum: 0.2]
         [Termination Attempts: Min: 1, Avg: 93.8, Max: 129, Diff: 128, Sum: 750]
      [GC Worker Other (ms): Min: 0.0, Avg: 0.0, Max: 0.1, Diff: 0.0, Sum: 0.4]
      [GC Worker Total (ms): Min: 191.0, Avg: 191.4, Max: 191.6, Diff: 0.5, Sum: 1531.1]
      [GC Worker End (ms): Min: 39793.9, Avg: 39794.0, Max: 39794.0, Diff: 0.0]
   [Code Root Fixup: 0.0 ms]
   [Code Root Purge: 0.0 ms]
   [Clear CT: 0.3 ms]
   [Other: 1.2 ms]
      [Choose CSet: 0.0 ms]
      [Ref Proc: 0.3 ms]
      [Ref Enq: 0.0 ms]
      [Redirty Cards: 0.4 ms]
      [Humongous Register: 0.1 ms]
      [Humongous Reclaim: 0.0 ms]
      [Free CSet: 0.2 ms]
   [Eden: 138.0M(138.0M)->0.0B(133.0M) Survivors: 21.0M->20.0M Heap: 718.6M(2048.0M)->720.6M(2048.0M)]
 [Times: user=1.23 sys=0.03, real=0.19 secs] 
2020-09-29T12:21:19.776+0200: 39.931: [GC pause (G1 Evacuation Pause) (young), 0.1744853 secs]
   [Parallel Time: 173.0 ms, GC Workers: 8]
      [GC Worker Start (ms): Min: 39931.2, Avg: 39932.2, Max: 39939.6, Diff: 8.4]
      [Ext Root Scanning (ms): Min: 0.0, Avg: 0.1, Max: 0.2, Diff: 0.2, Sum: 1.0]
      [Update RS (ms): Min: 13.4, Avg: 21.1, Max: 27.6, Diff: 14.2, Sum: 168.8]
         [Processed Buffers: Min: 6, Avg: 12.0, Max: 17, Diff: 11, Sum: 96]
      [Scan RS (ms): Min: 10.2, Avg: 15.9, Max: 17.1, Diff: 6.8, Sum: 127.0]
      [Code Root Scanning (ms): Min: 0.0, Avg: 0.0, Max: 0.0, Diff: 0.0, Sum: 0.0]
      [Object Copy (ms): Min: 134.2, Avg: 134.4, Max: 134.7, Diff: 0.5, Sum: 1075.4]
      [Termination (ms): Min: 0.0, Avg: 0.1, Max: 0.1, Diff: 0.1, Sum: 0.9]
         [Termination Attempts: Min: 1, Avg: 482.1, Max: 609, Diff: 608, Sum: 3857]
      [GC Worker Other (ms): Min: 0.0, Avg: 0.0, Max: 0.1, Diff: 0.0, Sum: 0.3]
      [GC Worker Total (ms): Min: 164.3, Avg: 171.7, Max: 172.8, Diff: 8.5, Sum: 1373.3]
      [GC Worker End (ms): Min: 40103.9, Avg: 40103.9, Max: 40103.9, Diff: 0.0]
   [Code Root Fixup: 0.0 ms]
   [Code Root Purge: 0.0 ms]
   [Clear CT: 0.4 ms]
   [Other: 1.1 ms]
      [Choose CSet: 0.0 ms]
      [Ref Proc: 0.3 ms]
      [Ref Enq: 0.0 ms]
      [Redirty Cards: 0.3 ms]
      [Humongous Register: 0.1 ms]
      [Humongous Reclaim: 0.0 ms]
      [Free CSet: 0.2 ms]
   [Eden: 133.0M(133.0M)->0.0B(133.0M) Survivors: 20.0M->20.0M Heap: 876.5M(2048.0M)->878.5M(2048.0M)]
 [Times: user=1.22 sys=0.00, real=0.17 secs] 
2020-09-29T12:21:20.075+0200: 40.230: [GC pause (G1 Evacuation Pause) (young), 0.1675462 secs]
   [Parallel Time: 166.1 ms, GC Workers: 8]
      [GC Worker Start (ms): Min: 40229.8, Avg: 40230.1, Max: 40230.9, Diff: 1.0]
      [Ext Root Scanning (ms): Min: 0.0, Avg: 0.1, Max: 0.3, Diff: 0.3, Sum: 1.1]
      [Update RS (ms): Min: 12.4, Avg: 13.0, Max: 13.6, Diff: 1.2, Sum: 103.9]
         [Processed Buffers: Min: 7, Avg: 9.1, Max: 11, Diff: 4, Sum: 73]
      [Scan RS (ms): Min: 11.6, Avg: 12.1, Max: 12.5, Diff: 0.9, Sum: 96.7]
      [Code Root Scanning (ms): Min: 0.0, Avg: 0.0, Max: 0.0, Diff: 0.0, Sum: 0.0]
      [Object Copy (ms): Min: 139.0, Avg: 139.9, Max: 140.4, Diff: 1.4, Sum: 1119.0]
      [Termination (ms): Min: 0.0, Avg: 0.5, Max: 1.4, Diff: 1.4, Sum: 4.0]
         [Termination Attempts: Min: 1, Avg: 1712.3, Max: 2282, Diff: 2281, Sum: 13698]
      [GC Worker Other (ms): Min: 0.0, Avg: 0.1, Max: 0.1, Diff: 0.1, Sum: 0.4]
      [GC Worker Total (ms): Min: 164.9, Avg: 165.7, Max: 166.0, Diff: 1.1, Sum: 1325.3]
      [GC Worker End (ms): Min: 40395.8, Avg: 40395.8, Max: 40395.9, Diff: 0.1]
   [Code Root Fixup: 0.0 ms]
   [Code Root Purge: 0.0 ms]
   [Clear CT: 0.3 ms]
   [Other: 1.1 ms]
      [Choose CSet: 0.0 ms]
      [Ref Proc: 0.3 ms]
      [Ref Enq: 0.0 ms]
      [Redirty Cards: 0.3 ms]
      [Humongous Register: 0.1 ms]
      [Humongous Reclaim: 0.0 ms]
      [Free CSet: 0.2 ms]
   [Eden: 133.0M(133.0M)->0.0B(137.0M) Survivors: 20.0M->20.0M Heap: 1032.5M(2048.0M)->1034.0M(2048.0M)]
 [Times: user=1.27 sys=0.02, real=0.17 secs] 
2020-09-29T12:21:20.247+0200: 40.402: [GC pause (G1 Humongous Allocation) (young) (initial-mark), 0.0487905 secs]
   [Parallel Time: 47.5 ms, GC Workers: 8]
      [GC Worker Start (ms): Min: 40402.0, Avg: 40402.1, Max: 40402.3, Diff: 0.3]
      [Ext Root Scanning (ms): Min: 0.0, Avg: 0.6, Max: 1.8, Diff: 1.8, Sum: 4.9]
      [Update RS (ms): Min: 26.3, Avg: 28.3, Max: 29.4, Diff: 3.1, Sum: 226.5]
         [Processed Buffers: Min: 17, Avg: 22.1, Max: 24, Diff: 7, Sum: 177]
      [Scan RS (ms): Min: 1.0, Avg: 1.5, Max: 2.1, Diff: 1.1, Sum: 11.7]
      [Code Root Scanning (ms): Min: 0.0, Avg: 0.0, Max: 0.0, Diff: 0.0, Sum: 0.0]
      [Object Copy (ms): Min: 16.6, Avg: 16.8, Max: 17.0, Diff: 0.4, Sum: 134.7]
      [Termination (ms): Min: 0.0, Avg: 0.0, Max: 0.0, Diff: 0.0, Sum: 0.1]
         [Termination Attempts: Min: 1, Avg: 43.9, Max: 63, Diff: 62, Sum: 351]
      [GC Worker Other (ms): Min: 0.0, Avg: 0.0, Max: 0.0, Diff: 0.0, Sum: 0.2]
      [GC Worker Total (ms): Min: 47.1, Avg: 47.3, Max: 47.4, Diff: 0.2, Sum: 378.1]
      [GC Worker End (ms): Min: 40449.4, Avg: 40449.4, Max: 40449.4, Diff: 0.0]
   [Code Root Fixup: 0.0 ms]
   [Code Root Purge: 0.0 ms]
   [Clear CT: 0.3 ms]
   [Other: 0.9 ms]
      [Choose CSet: 0.0 ms]
      [Ref Proc: 0.2 ms]
      [Ref Enq: 0.0 ms]
      [Redirty Cards: 0.3 ms]
      [Humongous Register: 0.1 ms]
      [Humongous Reclaim: 0.0 ms]
      [Free CSet: 0.1 ms]
   [Eden: 1024.0K(137.0M)->0.0B(166.0M) Survivors: 20.0M->3072.0K Heap: 1035.0M(2048.0M)->1038.5M(2048.0M)]
 [Times: user=0.34 sys=0.00, real=0.05 secs] 
2020-09-29T12:21:20.296+0200: 40.451: [GC concurrent-root-region-scan-start]
2020-09-29T12:21:20.297+0200: 40.452: [GC concurrent-root-region-scan-end, 0.0008099 secs]
2020-09-29T12:21:20.297+0200: 40.452: [GC concurrent-mark-start]
2020-09-29T12:21:20.302+0200: 40.457: [GC concurrent-mark-end, 0.0047492 secs]
2020-09-29T12:21:20.302+0200: 40.457: [GC remark 2020-09-29T12:21:20.302+0200: 40.457: [Finalize Marking, 0.0003005 secs] 2020-09-29T12:21:20.302+0200: 40.457: [GC ref-proc, 0.0005877 secs] 2020-09-29T12:21:20.303+0200: 40.458: [Unloading, 0.0005142 secs], 0.0019133 secs]
 [Times: user=0.00 sys=0.00, real=0.00 secs] 
2020-09-29T12:21:20.305+0200: 40.460: [GC cleanup 1048M->20M(2048M), 0.0020365 secs]
 [Times: user=0.00 sys=0.00, real=0.00 secs] 
2020-09-29T12:21:20.307+0200: 40.462: [GC concurrent-cleanup-start]
2020-09-29T12:21:20.309+0200: 40.464: [GC concurrent-cleanup-end, 0.0023922 secs]
2020-09-29T12:21:20.453+0200: 40.608: [GC pause (G1 Evacuation Pause) (young), 0.1845733 secs]
   [Parallel Time: 183.0 ms, GC Workers: 8]
      [GC Worker Start (ms): Min: 40607.8, Avg: 40607.9, Max: 40607.9, Diff: 0.1]
      [Ext Root Scanning (ms): Min: 0.0, Avg: 0.1, Max: 0.2, Diff: 0.1, Sum: 0.9]
      [Update RS (ms): Min: 16.0, Avg: 16.2, Max: 16.7, Diff: 0.8, Sum: 129.4]
         [Processed Buffers: Min: 7, Avg: 9.9, Max: 14, Diff: 7, Sum: 79]
      [Scan RS (ms): Min: 18.4, Avg: 20.4, Max: 28.4, Diff: 10.0, Sum: 163.3]
      [Code Root Scanning (ms): Min: 0.0, Avg: 0.0, Max: 0.0, Diff: 0.0, Sum: 0.0]
      [Object Copy (ms): Min: 137.9, Avg: 145.6, Max: 147.4, Diff: 9.5, Sum: 1165.2]
      [Termination (ms): Min: 0.1, Avg: 0.3, Max: 0.4, Diff: 0.4, Sum: 2.8]
         [Termination Attempts: Min: 1, Avg: 1137.1, Max: 1421, Diff: 1420, Sum: 9097]
      [GC Worker Other (ms): Min: 0.0, Avg: 0.0, Max: 0.1, Diff: 0.1, Sum: 0.2]
      [GC Worker Total (ms): Min: 182.6, Avg: 182.7, Max: 182.8, Diff: 0.2, Sum: 1461.9]
      [GC Worker End (ms): Min: 40790.6, Avg: 40790.6, Max: 40790.6, Diff: 0.1]
   [Code Root Fixup: 0.0 ms]
   [Code Root Purge: 0.0 ms]
   [Clear CT: 0.2 ms]
   [Other: 1.3 ms]
      [Choose CSet: 0.0 ms]
      [Ref Proc: 0.4 ms]
      [Ref Enq: 0.0 ms]
      [Redirty Cards: 0.3 ms]
      [Humongous Register: 0.0 ms]
      [Humongous Reclaim: 0.0 ms]
      [Free CSet: 0.2 ms]
   [Eden: 166.0M(166.0M)->0.0B(141.0M) Survivors: 3072.0K->22.0M Heap: 205.1M(2048.0M)->204.1M(2048.0M)]
 [Times: user=1.41 sys=0.02, real=0.18 secs] 
2020-09-29T12:21:20.777+0200: 40.932: [GC pause (G1 Evacuation Pause) (young), 0.1777168 secs]
   [Parallel Time: 176.4 ms, GC Workers: 8]
      [GC Worker Start (ms): Min: 40931.8, Avg: 40931.9, Max: 40932.1, Diff: 0.3]
      [Ext Root Scanning (ms): Min: 0.0, Avg: 0.1, Max: 0.2, Diff: 0.2, Sum: 0.8]
      [Update RS (ms): Min: 14.9, Avg: 15.3, Max: 15.8, Diff: 0.9, Sum: 122.4]
         [Processed Buffers: Min: 9, Avg: 10.3, Max: 13, Diff: 4, Sum: 82]
      [Scan RS (ms): Min: 12.8, Avg: 13.5, Max: 14.1, Diff: 1.2, Sum: 107.7]
      [Code Root Scanning (ms): Min: 0.0, Avg: 0.0, Max: 0.0, Diff: 0.0, Sum: 0.0]
      [Object Copy (ms): Min: 146.1, Avg: 146.9, Max: 147.3, Diff: 1.2, Sum: 1175.0]
      [Termination (ms): Min: 0.0, Avg: 0.3, Max: 0.4, Diff: 0.4, Sum: 2.7]
         [Termination Attempts: Min: 1, Avg: 1208.8, Max: 1532, Diff: 1531, Sum: 9670]
      [GC Worker Other (ms): Min: 0.0, Avg: 0.0, Max: 0.0, Diff: 0.0, Sum: 0.2]
      [GC Worker Total (ms): Min: 175.9, Avg: 176.1, Max: 176.2, Diff: 0.3, Sum: 1408.8]
      [GC Worker End (ms): Min: 41108.0, Avg: 41108.0, Max: 41108.0, Diff: 0.0]
   [Code Root Fixup: 0.0 ms]
   [Code Root Purge: 0.0 ms]
   [Clear CT: 0.2 ms]
   [Other: 1.1 ms]
      [Choose CSet: 0.0 ms]
      [Ref Proc: 0.2 ms]
      [Ref Enq: 0.0 ms]
      [Redirty Cards: 0.3 ms]
      [Humongous Register: 0.1 ms]
      [Humongous Reclaim: 0.0 ms]
      [Free CSet: 0.2 ms]
   [Eden: 141.0M(141.0M)->0.0B(140.0M) Survivors: 22.0M->21.0M Heap: 368.0M(2048.0M)->370.0M(2048.0M)]
 [Times: user=1.23 sys=0.02, real=0.18 secs] 
2020-09-29T12:21:21.091+0200: 41.246: [GC pause (G1 Evacuation Pause) (young), 0.2009417 secs]
   [Parallel Time: 199.6 ms, GC Workers: 8]
      [GC Worker Start (ms): Min: 41246.4, Avg: 41246.5, Max: 41246.6, Diff: 0.2]
      [Ext Root Scanning (ms): Min: 0.0, Avg: 0.1, Max: 0.2, Diff: 0.2, Sum: 0.9]
      [Update RS (ms): Min: 22.9, Avg: 23.5, Max: 25.8, Diff: 2.8, Sum: 187.7]
         [Processed Buffers: Min: 0, Avg: 13.4, Max: 20, Diff: 20, Sum: 107]
      [Scan RS (ms): Min: 15.0, Avg: 18.8, Max: 30.6, Diff: 15.7, Sum: 150.4]
      [Code Root Scanning (ms): Min: 0.0, Avg: 0.0, Max: 0.0, Diff: 0.0, Sum: 0.0]
      [Object Copy (ms): Min: 145.3, Avg: 156.7, Max: 158.6, Diff: 13.3, Sum: 1253.3]
      [Termination (ms): Min: 0.1, Avg: 0.3, Max: 0.4, Diff: 0.4, Sum: 2.6]
         [Termination Attempts: Min: 1, Avg: 1202.5, Max: 1562, Diff: 1561, Sum: 9620]
      [GC Worker Other (ms): Min: 0.0, Avg: 0.0, Max: 0.1, Diff: 0.1, Sum: 0.2]
      [GC Worker Total (ms): Min: 199.2, Avg: 199.4, Max: 199.5, Diff: 0.2, Sum: 1595.1]
      [GC Worker End (ms): Min: 41445.8, Avg: 41445.9, Max: 41445.9, Diff: 0.0]
   [Code Root Fixup: 0.0 ms]
   [Code Root Purge: 0.0 ms]
   [Clear CT: 0.2 ms]
   [Other: 1.1 ms]
      [Choose CSet: 0.0 ms]
      [Ref Proc: 0.2 ms]
      [Ref Enq: 0.0 ms]
      [Redirty Cards: 0.3 ms]
      [Humongous Register: 0.1 ms]
      [Humongous Reclaim: 0.0 ms]
      [Free CSet: 0.3 ms]
   [Eden: 140.0M(140.0M)->0.0B(128.0M) Survivors: 21.0M->21.0M Heap: 534.8M(2048.0M)->536.3M(2048.0M)]
 [Times: user=1.47 sys=0.03, real=0.20 secs] 
2020-09-29T12:21:21.391+0200: 41.547: [GC pause (G1 Evacuation Pause) (young), 0.1022609 secs]
   [Parallel Time: 101.4 ms, GC Workers: 8]
      [GC Worker Start (ms): Min: 41546.9, Avg: 41546.9, Max: 41547.0, Diff: 0.1]
      [Ext Root Scanning (ms): Min: 0.0, Avg: 0.1, Max: 0.1, Diff: 0.1, Sum: 0.7]
      [Update RS (ms): Min: 13.7, Avg: 14.0, Max: 15.1, Diff: 1.4, Sum: 111.8]
         [Processed Buffers: Min: 10, Avg: 13.1, Max: 17, Diff: 7, Sum: 105]
      [Scan RS (ms): Min: 6.0, Avg: 7.1, Max: 7.4, Diff: 1.4, Sum: 56.5]
      [Code Root Scanning (ms): Min: 0.0, Avg: 0.0, Max: 0.0, Diff: 0.0, Sum: 0.0]
      [Object Copy (ms): Min: 79.8, Avg: 79.9, Max: 80.1, Diff: 0.3, Sum: 639.1]
      [Termination (ms): Min: 0.0, Avg: 0.2, Max: 0.3, Diff: 0.2, Sum: 1.7]
         [Termination Attempts: Min: 1, Avg: 1395.6, Max: 1719, Diff: 1718, Sum: 11165]
      [GC Worker Other (ms): Min: 0.0, Avg: 0.0, Max: 0.0, Diff: 0.0, Sum: 0.2]
      [GC Worker Total (ms): Min: 101.2, Avg: 101.2, Max: 101.3, Diff: 0.1, Sum: 810.0]
      [GC Worker End (ms): Min: 41648.2, Avg: 41648.2, Max: 41648.2, Diff: 0.0]
   [Code Root Fixup: 0.0 ms]
   [Code Root Purge: 0.0 ms]
   [Clear CT: 0.1 ms]
   [Other: 0.7 ms]
      [Choose CSet: 0.0 ms]
      [Ref Proc: 0.2 ms]
      [Ref Enq: 0.0 ms]
      [Redirty Cards: 0.2 ms]
      [Humongous Register: 0.0 ms]
      [Humongous Reclaim: 0.0 ms]
      [Free CSet: 0.1 ms]
   [Eden: 128.0M(128.0M)->0.0B(151.0M) Survivors: 21.0M->19.0M Heap: 685.3M(2048.0M)->687.3M(2048.0M)]
 [Times: user=0.83 sys=0.00, real=0.10 secs] 
2020-09-29T12:21:21.611+0200: 41.766: [GC pause (G1 Evacuation Pause) (young), 0.1223937 secs]
   [Parallel Time: 121.5 ms, GC Workers: 8]
      [GC Worker Start (ms): Min: 41766.7, Avg: 41766.8, Max: 41766.9, Diff: 0.2]
      [Ext Root Scanning (ms): Min: 0.0, Avg: 0.1, Max: 0.1, Diff: 0.1, Sum: 0.7]
      [Update RS (ms): Min: 14.4, Avg: 15.2, Max: 19.8, Diff: 5.4, Sum: 121.4]
         [Processed Buffers: Min: 0, Avg: 12.3, Max: 16, Diff: 16, Sum: 98]
      [Scan RS (ms): Min: 6.4, Avg: 11.1, Max: 12.0, Diff: 5.6, Sum: 89.1]
      [Code Root Scanning (ms): Min: 0.0, Avg: 0.0, Max: 0.0, Diff: 0.0, Sum: 0.0]
      [Object Copy (ms): Min: 94.6, Avg: 94.8, Max: 94.8, Diff: 0.2, Sum: 758.0]
      [Termination (ms): Min: 0.0, Avg: 0.0, Max: 0.0, Diff: 0.0, Sum: 0.2]
         [Termination Attempts: Min: 1, Avg: 175.4, Max: 224, Diff: 223, Sum: 1403]
      [GC Worker Other (ms): Min: 0.0, Avg: 0.0, Max: 0.1, Diff: 0.0, Sum: 0.3]
      [GC Worker Total (ms): Min: 121.1, Avg: 121.2, Max: 121.3, Diff: 0.1, Sum: 969.8]
      [GC Worker End (ms): Min: 41888.0, Avg: 41888.0, Max: 41888.1, Diff: 0.0]
   [Code Root Fixup: 0.0 ms]
   [Code Root Purge: 0.0 ms]
   [Clear CT: 0.2 ms]
   [Other: 0.8 ms]
      [Choose CSet: 0.0 ms]
      [Ref Proc: 0.2 ms]
      [Ref Enq: 0.0 ms]
      [Redirty Cards: 0.2 ms]
      [Humongous Register: 0.1 ms]
      [Humongous Reclaim: 0.0 ms]
      [Free CSet: 0.2 ms]
   [Eden: 151.0M(151.0M)->0.0B(169.0M) Survivors: 19.0M->22.0M Heap: 863.1M(2048.0M)->865.1M(2048.0M)]
 [Times: user=0.92 sys=0.03, real=0.12 secs] 
2020-09-29T12:21:21.846+0200: 42.001: [GC pause (G1 Evacuation Pause) (young), 0.1280944 secs]
   [Parallel Time: 127.1 ms, GC Workers: 8]
      [GC Worker Start (ms): Min: 42001.6, Avg: 42001.8, Max: 42002.4, Diff: 0.9]
      [Ext Root Scanning (ms): Min: 0.0, Avg: 0.1, Max: 0.1, Diff: 0.1, Sum: 0.7]
      [Update RS (ms): Min: 11.6, Avg: 12.2, Max: 12.7, Diff: 1.1, Sum: 97.4]
         [Processed Buffers: Min: 11, Avg: 12.8, Max: 15, Diff: 4, Sum: 102]
      [Scan RS (ms): Min: 10.9, Avg: 11.0, Max: 11.1, Diff: 0.2, Sum: 88.2]
      [Code Root Scanning (ms): Min: 0.0, Avg: 0.0, Max: 0.0, Diff: 0.0, Sum: 0.0]
      [Object Copy (ms): Min: 100.7, Avg: 102.8, Max: 103.4, Diff: 2.7, Sum: 822.5]
      [Termination (ms): Min: 0.0, Avg: 0.6, Max: 2.7, Diff: 2.7, Sum: 5.1]
         [Termination Attempts: Min: 1, Avg: 1815.6, Max: 2471, Diff: 2470, Sum: 14525]
      [GC Worker Other (ms): Min: 0.0, Avg: 0.0, Max: 0.0, Diff: 0.0, Sum: 0.1]
      [GC Worker Total (ms): Min: 126.1, Avg: 126.8, Max: 127.0, Diff: 0.9, Sum: 1014.1]
      [GC Worker End (ms): Min: 42128.6, Avg: 42128.6, Max: 42128.6, Diff: 0.0]
   [Code Root Fixup: 0.0 ms]
   [Code Root Purge: 0.0 ms]
   [Clear CT: 0.2 ms]
   [Other: 0.8 ms]
      [Choose CSet: 0.0 ms]
      [Ref Proc: 0.2 ms]
      [Ref Enq: 0.0 ms]
      [Redirty Cards: 0.2 ms]
      [Humongous Register: 0.1 ms]
      [Humongous Reclaim: 0.0 ms]
      [Free CSet: 0.2 ms]
   [Eden: 169.0M(169.0M)->0.0B(183.0M) Survivors: 22.0M->24.0M Heap: 1062.7M(2048.0M)->1064.7M(2048.0M)]
 [Times: user=1.06 sys=0.00, real=0.13 secs] 
2020-09-29T12:21:21.984+0200: 42.140: [GC pause (G1 Humongous Allocation) (young) (initial-mark), 0.0484599 secs]
   [Parallel Time: 47.7 ms, GC Workers: 8]
      [GC Worker Start (ms): Min: 42139.7, Avg: 42139.7, Max: 42139.7, Diff: 0.1]
      [Ext Root Scanning (ms): Min: 0.0, Avg: 0.1, Max: 0.1, Diff: 0.1, Sum: 0.7]
      [Update RS (ms): Min: 19.8, Avg: 19.9, Max: 20.0, Diff: 0.1, Sum: 159.3]
         [Processed Buffers: Min: 19, Avg: 21.4, Max: 24, Diff: 5, Sum: 171]
      [Scan RS (ms): Min: 1.7, Avg: 1.8, Max: 1.9, Diff: 0.2, Sum: 14.1]
      [Code Root Scanning (ms): Min: 0.0, Avg: 0.0, Max: 0.0, Diff: 0.0, Sum: 0.0]
      [Object Copy (ms): Min: 25.6, Avg: 25.6, Max: 25.8, Diff: 0.2, Sum: 205.1]
      [Termination (ms): Min: 0.0, Avg: 0.1, Max: 0.1, Diff: 0.1, Sum: 0.8]
         [Termination Attempts: Min: 1, Avg: 541.4, Max: 702, Diff: 701, Sum: 4331]
      [GC Worker Other (ms): Min: 0.0, Avg: 0.0, Max: 0.0, Diff: 0.0, Sum: 0.1]
      [GC Worker Total (ms): Min: 47.5, Avg: 47.5, Max: 47.6, Diff: 0.1, Sum: 380.2]
      [GC Worker End (ms): Min: 42187.2, Avg: 42187.2, Max: 42187.2, Diff: 0.0]
   [Code Root Fixup: 0.0 ms]
   [Code Root Purge: 0.0 ms]
   [Clear CT: 0.2 ms]
   [Other: 0.6 ms]
      [Choose CSet: 0.0 ms]
      [Ref Proc: 0.1 ms]
      [Ref Enq: 0.0 ms]
      [Redirty Cards: 0.2 ms]
      [Humongous Register: 0.0 ms]
      [Humongous Reclaim: 0.0 ms]
      [Free CSet: 0.1 ms]
   [Eden: 10.0M(183.0M)->0.0B(201.0M) Survivors: 24.0M->11.0M Heap: 1074.2M(2048.0M)->1077.7M(2048.0M)]
 [Times: user=0.34 sys=0.00, real=0.05 secs] 
2020-09-29T12:21:22.033+0200: 42.188: [GC concurrent-root-region-scan-start]
2020-09-29T12:21:22.035+0200: 42.191: [GC concurrent-root-region-scan-end, 0.0024601 secs]
2020-09-29T12:21:22.035+0200: 42.191: [GC concurrent-mark-start]
2020-09-29T12:21:22.038+0200: 42.194: [GC concurrent-mark-end, 0.0029954 secs]
2020-09-29T12:21:22.038+0200: 42.194: [GC remark 2020-09-29T12:21:22.038+0200: 42.194: [Finalize Marking, 0.0002573 secs] 2020-09-29T12:21:22.039+0200: 42.194: [GC ref-proc, 0.0003123 secs] 2020-09-29T12:21:22.039+0200: 42.194: [Unloading, 0.0004698 secs], 0.0013849 secs]
 [Times: user=0.00 sys=0.00, real=0.00 secs] 
2020-09-29T12:21:22.040+0200: 42.196: [GC cleanup 1090M->31M(2048M), 0.0012603 secs]
 [Times: user=0.00 sys=0.00, real=0.00 secs] 
2020-09-29T12:21:22.041+0200: 42.197: [GC concurrent-cleanup-start]
2020-09-29T12:21:22.043+0200: 42.199: [GC concurrent-cleanup-end, 0.0017577 secs]
2020-09-29T12:21:22.162+0200: 42.318: [GC pause (G1 Evacuation Pause) (young), 0.1258346 secs]
   [Parallel Time: 124.8 ms, GC Workers: 8]
      [GC Worker Start (ms): Min: 42318.0, Avg: 42318.1, Max: 42318.9, Diff: 0.9]
      [Ext Root Scanning (ms): Min: 0.0, Avg: 0.1, Max: 0.2, Diff: 0.1, Sum: 0.7]
      [Update RS (ms): Min: 17.9, Avg: 18.9, Max: 20.4, Diff: 2.5, Sum: 150.9]
         [Processed Buffers: Min: 14, Avg: 15.9, Max: 18, Diff: 4, Sum: 127]
      [Scan RS (ms): Min: 10.0, Avg: 11.3, Max: 11.8, Diff: 1.8, Sum: 90.8]
      [Code Root Scanning (ms): Min: 0.0, Avg: 0.0, Max: 0.0, Diff: 0.0, Sum: 0.0]
      [Object Copy (ms): Min: 94.1, Avg: 94.2, Max: 94.3, Diff: 0.2, Sum: 753.5]
      [Termination (ms): Min: 0.0, Avg: 0.0, Max: 0.0, Diff: 0.0, Sum: 0.1]
         [Termination Attempts: Min: 1, Avg: 103.6, Max: 162, Diff: 161, Sum: 829]
      [GC Worker Other (ms): Min: 0.0, Avg: 0.0, Max: 0.0, Diff: 0.0, Sum: 0.3]
      [GC Worker Total (ms): Min: 123.8, Avg: 124.5, Max: 124.7, Diff: 0.9, Sum: 996.2]
      [GC Worker End (ms): Min: 42442.6, Avg: 42442.7, Max: 42442.7, Diff: 0.0]
   [Code Root Fixup: 0.0 ms]
   [Code Root Purge: 0.0 ms]
   [Clear CT: 0.2 ms]
   [Other: 0.9 ms]
      [Choose CSet: 0.0 ms]
      [Ref Proc: 0.2 ms]
      [Ref Enq: 0.0 ms]
      [Redirty Cards: 0.2 ms]
      [Humongous Register: 0.0 ms]
      [Humongous Reclaim: 0.0 ms]
      [Free CSet: 0.2 ms]
   [Eden: 201.0M(201.0M)->0.0B(205.0M) Survivors: 11.0M->27.0M Heap: 254.3M(2048.0M)->245.3M(2048.0M)]
 [Times: user=0.84 sys=0.03, real=0.13 secs] 
2020-09-29T12:21:22.412+0200: 42.568: [GC pause (G1 Evacuation Pause) (young), 0.1926821 secs]
   [Parallel Time: 191.6 ms, GC Workers: 8]
      [GC Worker Start (ms): Min: 42568.0, Avg: 42568.1, Max: 42568.2, Diff: 0.1]
      [Ext Root Scanning (ms): Min: 0.0, Avg: 0.1, Max: 0.2, Diff: 0.1, Sum: 0.7]
      [Update RS (ms): Min: 22.3, Avg: 23.6, Max: 31.8, Diff: 9.5, Sum: 188.8]
         [Processed Buffers: Min: 0, Avg: 16.9, Max: 21, Diff: 21, Sum: 135]
      [Scan RS (ms): Min: 6.3, Avg: 17.6, Max: 41.5, Diff: 35.2, Sum: 141.1]
      [Code Root Scanning (ms): Min: 0.0, Avg: 0.0, Max: 0.0, Diff: 0.0, Sum: 0.0]
      [Object Copy (ms): Min: 127.1, Avg: 149.8, Max: 153.3, Diff: 26.2, Sum: 1198.2]
      [Termination (ms): Min: 0.0, Avg: 0.3, Max: 0.4, Diff: 0.4, Sum: 2.3]
         [Termination Attempts: Min: 1, Avg: 1917.8, Max: 2427, Diff: 2426, Sum: 15342]
      [GC Worker Other (ms): Min: 0.0, Avg: 0.0, Max: 0.1, Diff: 0.0, Sum: 0.4]
      [GC Worker Total (ms): Min: 191.4, Avg: 191.4, Max: 191.5, Diff: 0.2, Sum: 1531.5]
      [GC Worker End (ms): Min: 42759.5, Avg: 42759.5, Max: 42759.6, Diff: 0.0]
   [Code Root Fixup: 0.0 ms]
   [Code Root Purge: 0.0 ms]
   [Clear CT: 0.2 ms]
   [Other: 0.9 ms]
      [Choose CSet: 0.0 ms]
      [Ref Proc: 0.2 ms]
      [Ref Enq: 0.0 ms]
      [Redirty Cards: 0.2 ms]
      [Humongous Register: 0.0 ms]
      [Humongous Reclaim: 0.0 ms]
      [Free CSet: 0.2 ms]
   [Eden: 205.0M(205.0M)->0.0B(191.0M) Survivors: 27.0M->29.0M Heap: 484.7M(2048.0M)->486.7M(2048.0M)]
 [Times: user=1.31 sys=0.01, real=0.19 secs] 
2020-09-29T12:21:22.764+0200: 42.919: [GC pause (G1 Evacuation Pause) (young), 0.1698494 secs]
   [Parallel Time: 168.4 ms, GC Workers: 8]
      [GC Worker Start (ms): Min: 42919.5, Avg: 42919.8, Max: 42920.8, Diff: 1.3]
      [Ext Root Scanning (ms): Min: 0.0, Avg: 0.1, Max: 0.2, Diff: 0.2, Sum: 0.8]
      [Update RS (ms): Min: 0.0, Avg: 18.3, Max: 21.3, Diff: 21.3, Sum: 146.4]
         [Processed Buffers: Min: 0, Avg: 15.3, Max: 20, Diff: 20, Sum: 122]
      [Scan RS (ms): Min: 19.0, Avg: 19.5, Max: 19.8, Diff: 0.8, Sum: 156.2]
      [Code Root Scanning (ms): Min: 0.0, Avg: 0.0, Max: 0.0, Diff: 0.0, Sum: 0.0]
      [Object Copy (ms): Min: 127.1, Avg: 127.4, Max: 127.6, Diff: 0.5, Sum: 1019.5]
      [Termination (ms): Min: 0.1, Avg: 0.2, Max: 0.3, Diff: 0.3, Sum: 1.8]
         [Termination Attempts: Min: 1, Avg: 1181.3, Max: 1553, Diff: 1552, Sum: 9450]
      [GC Worker Other (ms): Min: 0.0, Avg: 2.5, Max: 19.9, Diff: 19.9, Sum: 20.1]
      [GC Worker Total (ms): Min: 167.0, Avg: 168.1, Max: 168.4, Diff: 1.3, Sum: 1344.8]
      [GC Worker End (ms): Min: 43087.9, Avg: 43087.9, Max: 43087.9, Diff: 0.0]
   [Code Root Fixup: 0.0 ms]
   [Code Root Purge: 0.0 ms]
   [Clear CT: 0.2 ms]
   [Other: 1.2 ms]
      [Choose CSet: 0.0 ms]
      [Ref Proc: 0.2 ms]
      [Ref Enq: 0.0 ms]
      [Redirty Cards: 0.2 ms]
      [Humongous Register: 0.3 ms]
      [Humongous Reclaim: 0.0 ms]
      [Free CSet: 0.2 ms]
   [Eden: 191.0M(191.0M)->0.0B(190.0M) Survivors: 29.0M->28.0M Heap: 710.1M(2048.0M)->712.6M(2048.0M)]
 [Times: user=1.17 sys=0.03, real=0.17 secs] 
2020-09-29T12:21:23.085+0200: 43.240: [GC pause (G1 Evacuation Pause) (young), 0.1675031 secs]
   [Parallel Time: 166.4 ms, GC Workers: 8]
      [GC Worker Start (ms): Min: 43240.4, Avg: 43240.5, Max: 43240.7, Diff: 0.4]
      [Ext Root Scanning (ms): Min: 0.0, Avg: 0.1, Max: 0.1, Diff: 0.1, Sum: 0.6]
      [Update RS (ms): Min: 20.2, Avg: 20.6, Max: 22.4, Diff: 2.2, Sum: 165.1]
         [Processed Buffers: Min: 10, Avg: 16.5, Max: 19, Diff: 9, Sum: 132]
      [Scan RS (ms): Min: 8.3, Avg: 10.5, Max: 12.5, Diff: 4.2, Sum: 84.3]
      [Code Root Scanning (ms): Min: 0.0, Avg: 0.0, Max: 0.0, Diff: 0.0, Sum: 0.0]
      [Object Copy (ms): Min: 133.1, Avg: 134.7, Max: 135.0, Diff: 1.9, Sum: 1077.6]
      [Termination (ms): Min: 0.0, Avg: 0.2, Max: 0.4, Diff: 0.4, Sum: 2.0]
         [Termination Attempts: Min: 1, Avg: 1562.3, Max: 1962, Diff: 1961, Sum: 12498]
      [GC Worker Other (ms): Min: 0.0, Avg: 0.1, Max: 0.2, Diff: 0.2, Sum: 0.6]
      [GC Worker Total (ms): Min: 166.0, Avg: 166.3, Max: 166.4, Diff: 0.4, Sum: 1330.1]
      [GC Worker End (ms): Min: 43406.7, Avg: 43406.7, Max: 43406.8, Diff: 0.1]
   [Code Root Fixup: 0.0 ms]
   [Code Root Purge: 0.0 ms]
   [Clear CT: 0.1 ms]
   [Other: 0.9 ms]
      [Choose CSet: 0.0 ms]
      [Ref Proc: 0.2 ms]
      [Ref Enq: 0.0 ms]
      [Redirty Cards: 0.2 ms]
      [Humongous Register: 0.1 ms]
      [Humongous Reclaim: 0.0 ms]
      [Free CSet: 0.2 ms]
   [Eden: 190.0M(190.0M)->0.0B(195.0M) Survivors: 28.0M->28.0M Heap: 933.1M(2048.0M)->934.6M(2048.0M)]
 [Times: user=1.14 sys=0.00, real=0.17 secs] 
2020-09-29T12:21:23.301+0200: 43.457: [GC pause (G1 Humongous Allocation) (young) (initial-mark), 0.0616067 secs]
   [Parallel Time: 60.6 ms, GC Workers: 8]
      [GC Worker Start (ms): Min: 43456.9, Avg: 43456.9, Max: 43457.0, Diff: 0.2]
      [Ext Root Scanning (ms): Min: 0.0, Avg: 0.3, Max: 1.2, Diff: 1.2, Sum: 2.5]
      [Update RS (ms): Min: 13.7, Avg: 14.4, Max: 17.2, Diff: 3.4, Sum: 114.8]
         [Processed Buffers: Min: 9, Avg: 13.4, Max: 16, Diff: 7, Sum: 107]
      [Scan RS (ms): Min: 0.0, Avg: 2.0, Max: 2.6, Diff: 2.6, Sum: 16.0]
      [Code Root Scanning (ms): Min: 0.0, Avg: 0.0, Max: 0.0, Diff: 0.0, Sum: 0.0]
      [Object Copy (ms): Min: 42.9, Avg: 43.6, Max: 43.8, Diff: 0.9, Sum: 349.0]
      [Termination (ms): Min: 0.0, Avg: 0.1, Max: 0.1, Diff: 0.1, Sum: 0.6]
         [Termination Attempts: Min: 1, Avg: 138.8, Max: 194, Diff: 193, Sum: 1110]
      [GC Worker Other (ms): Min: 0.0, Avg: 0.0, Max: 0.0, Diff: 0.0, Sum: 0.1]
      [GC Worker Total (ms): Min: 60.3, Avg: 60.4, Max: 60.4, Diff: 0.2, Sum: 482.9]
      [GC Worker End (ms): Min: 43517.3, Avg: 43517.3, Max: 43517.3, Diff: 0.0]
   [Code Root Fixup: 0.0 ms]
   [Code Root Purge: 0.0 ms]
   [Clear CT: 0.2 ms]
   [Other: 0.9 ms]
      [Choose CSet: 0.0 ms]
      [Ref Proc: 0.2 ms]
      [Ref Enq: 0.0 ms]
      [Redirty Cards: 0.2 ms]
      [Humongous Register: 0.0 ms]
      [Humongous Reclaim: 0.0 ms]
      [Free CSet: 0.1 ms]
   [Eden: 49.0M(195.0M)->0.0B(217.0M) Survivors: 28.0M->28.0M Heap: 990.7M(2048.0M)->992.7M(2048.0M)]
 [Times: user=0.34 sys=0.02, real=0.06 secs] 
2020-09-29T12:21:23.363+0200: 43.518: [GC concurrent-root-region-scan-start]
2020-09-29T12:21:23.374+0200: 43.530: [GC concurrent-root-region-scan-end, 0.0113305 secs]
2020-09-29T12:21:23.374+0200: 43.530: [GC concurrent-mark-start]
2020-09-29T12:21:23.378+0200: 43.534: [GC concurrent-mark-end, 0.0039538 secs]
2020-09-29T12:21:23.379+0200: 43.534: [GC remark 2020-09-29T12:21:23.379+0200: 43.534: [Finalize Marking, 0.0002879 secs] 2020-09-29T12:21:23.379+0200: 43.534: [GC ref-proc, 0.0004226 secs] 2020-09-29T12:21:23.379+0200: 43.535: [Unloading, 0.0005964 secs], 0.0016602 secs]
 [Times: user=0.00 sys=0.00, real=0.00 secs] 
2020-09-29T12:21:23.381+0200: 43.536: [GC cleanup 1017M->60M(2048M), 0.0019511 secs]
 [Times: user=0.00 sys=0.00, real=0.00 secs] 
2020-09-29T12:21:23.383+0200: 43.538: [GC concurrent-cleanup-start]
2020-09-29T12:21:23.384+0200: 43.539: [GC concurrent-cleanup-end, 0.0011868 secs]
2020-09-29T12:21:23.505+0200: 43.661: [GC pause (G1 Evacuation Pause) (young), 0.1343603 secs]
   [Parallel Time: 133.2 ms, GC Workers: 8]
      [GC Worker Start (ms): Min: 43660.8, Avg: 43660.9, Max: 43661.1, Diff: 0.3]
      [Ext Root Scanning (ms): Min: 0.0, Avg: 0.1, Max: 0.2, Diff: 0.2, Sum: 0.7]
      [Update RS (ms): Min: 16.2, Avg: 16.6, Max: 17.0, Diff: 0.8, Sum: 132.9]
         [Processed Buffers: Min: 14, Avg: 16.3, Max: 18, Diff: 4, Sum: 130]
      [Scan RS (ms): Min: 9.1, Avg: 9.5, Max: 10.1, Diff: 0.9, Sum: 76.2]
      [Code Root Scanning (ms): Min: 0.0, Avg: 0.0, Max: 0.0, Diff: 0.0, Sum: 0.0]
      [Object Copy (ms): Min: 106.4, Avg: 106.6, Max: 106.7, Diff: 0.4, Sum: 853.1]
      [Termination (ms): Min: 0.0, Avg: 0.0, Max: 0.0, Diff: 0.0, Sum: 0.3]
         [Termination Attempts: Min: 1, Avg: 277.6, Max: 347, Diff: 346, Sum: 2221]
      [GC Worker Other (ms): Min: 0.0, Avg: 0.0, Max: 0.1, Diff: 0.0, Sum: 0.3]
      [GC Worker Total (ms): Min: 132.7, Avg: 132.9, Max: 133.1, Diff: 0.4, Sum: 1063.5]
      [GC Worker End (ms): Min: 43793.9, Avg: 43793.9, Max: 43793.9, Diff: 0.0]
   [Code Root Fixup: 0.0 ms]
   [Code Root Purge: 0.0 ms]
   [Clear CT: 0.2 ms]
   [Other: 0.9 ms]
      [Choose CSet: 0.0 ms]
      [Ref Proc: 0.1 ms]
      [Ref Enq: 0.0 ms]
      [Redirty Cards: 0.2 ms]
      [Humongous Register: 0.1 ms]
      [Humongous Reclaim: 0.0 ms]
      [Free CSet: 0.2 ms]
   [Eden: 217.0M(217.0M)->0.0B(233.0M) Survivors: 28.0M->31.0M Heap: 289.2M(2048.0M)->262.7M(2048.0M)]
 [Times: user=0.98 sys=0.00, real=0.13 secs] 
2020-09-29T12:21:23.845+0200: 44.000: [GC pause (G1 Evacuation Pause) (young), 0.1735853 secs]
   [Parallel Time: 172.6 ms, GC Workers: 8]
      [GC Worker Start (ms): Min: 44000.6, Avg: 44002.0, Max: 44009.8, Diff: 9.2]
      [Ext Root Scanning (ms): Min: 0.0, Avg: 0.1, Max: 0.2, Diff: 0.2, Sum: 0.7]
      [Update RS (ms): Min: 10.0, Avg: 17.8, Max: 19.5, Diff: 9.5, Sum: 142.3]
         [Processed Buffers: Min: 8, Avg: 16.4, Max: 20, Diff: 12, Sum: 131]
      [Scan RS (ms): Min: 15.4, Avg: 15.8, Max: 16.0, Diff: 0.6, Sum: 126.4]
      [Code Root Scanning (ms): Min: 0.0, Avg: 0.0, Max: 0.0, Diff: 0.0, Sum: 0.0]
      [Object Copy (ms): Min: 137.2, Avg: 137.4, Max: 137.5, Diff: 0.3, Sum: 1098.9]
      [Termination (ms): Min: 0.0, Avg: 0.1, Max: 0.1, Diff: 0.1, Sum: 0.4]
         [Termination Attempts: Min: 1, Avg: 131.8, Max: 177, Diff: 176, Sum: 1054]
      [GC Worker Other (ms): Min: 0.0, Avg: 0.0, Max: 0.0, Diff: 0.0, Sum: 0.2]
      [GC Worker Total (ms): Min: 163.4, Avg: 171.1, Max: 172.5, Diff: 9.1, Sum: 1369.0]
      [GC Worker End (ms): Min: 44173.1, Avg: 44173.1, Max: 44173.1, Diff: 0.0]
   [Code Root Fixup: 0.0 ms]
   [Code Root Purge: 0.0 ms]
   [Clear CT: 0.2 ms]
   [Other: 0.8 ms]
      [Choose CSet: 0.0 ms]
      [Ref Proc: 0.2 ms]
      [Ref Enq: 0.0 ms]
      [Redirty Cards: 0.1 ms]
      [Humongous Register: 0.1 ms]
      [Humongous Reclaim: 0.0 ms]
      [Free CSet: 0.2 ms]
   [Eden: 233.0M(233.0M)->0.0B(228.0M) Survivors: 31.0M->33.0M Heap: 535.8M(2048.0M)->537.8M(2048.0M)]
 [Times: user=1.13 sys=0.06, real=0.17 secs] 
2020-09-29T12:21:24.162+0200: 44.317: [GC pause (G1 Evacuation Pause) (young), 0.1719272 secs]
   [Parallel Time: 170.9 ms, GC Workers: 8]
      [GC Worker Start (ms): Min: 44317.4, Avg: 44317.5, Max: 44317.6, Diff: 0.3]
      [Ext Root Scanning (ms): Min: 0.0, Avg: 0.1, Max: 0.1, Diff: 0.1, Sum: 0.6]
      [Update RS (ms): Min: 24.2, Avg: 24.5, Max: 25.0, Diff: 0.7, Sum: 195.8]
         [Processed Buffers: Min: 15, Avg: 18.9, Max: 24, Diff: 9, Sum: 151]
      [Scan RS (ms): Min: 21.7, Avg: 22.2, Max: 22.4, Diff: 0.7, Sum: 177.6]
      [Code Root Scanning (ms): Min: 0.0, Avg: 0.0, Max: 0.0, Diff: 0.0, Sum: 0.0]
      [Object Copy (ms): Min: 123.8, Avg: 123.8, Max: 123.9, Diff: 0.1, Sum: 990.8]
      [Termination (ms): Min: 0.0, Avg: 0.0, Max: 0.1, Diff: 0.1, Sum: 0.3]
         [Termination Attempts: Min: 1, Avg: 8.8, Max: 16, Diff: 15, Sum: 70]
      [GC Worker Other (ms): Min: 0.0, Avg: 0.0, Max: 0.0, Diff: 0.0, Sum: 0.1]
      [GC Worker Total (ms): Min: 170.5, Avg: 170.7, Max: 170.8, Diff: 0.3, Sum: 1365.2]
      [GC Worker End (ms): Min: 44488.1, Avg: 44488.1, Max: 44488.1, Diff: 0.0]
   [Code Root Fixup: 0.0 ms]
   [Code Root Purge: 0.0 ms]
   [Clear CT: 0.1 ms]
   [Other: 0.9 ms]
      [Choose CSet: 0.0 ms]
      [Ref Proc: 0.2 ms]
      [Ref Enq: 0.0 ms]
      [Redirty Cards: 0.2 ms]
      [Humongous Register: 0.1 ms]
      [Humongous Reclaim: 0.0 ms]
      [Free CSet: 0.2 ms]
   [Eden: 228.0M(228.0M)->0.0B(221.0M) Survivors: 33.0M->33.0M Heap: 803.9M(2048.0M)->806.4M(2048.0M)]
 [Times: user=1.11 sys=0.09, real=0.17 secs] 
2020-09-29T12:21:24.497+0200: 44.653: [GC pause (G1 Evacuation Pause) (young), 0.1692732 secs]
   [Parallel Time: 168.3 ms, GC Workers: 8]
      [GC Worker Start (ms): Min: 44653.0, Avg: 44654.3, Max: 44658.7, Diff: 5.8]
      [Ext Root Scanning (ms): Min: 0.0, Avg: 0.1, Max: 0.2, Diff: 0.2, Sum: 0.6]
      [Update RS (ms): Min: 13.1, Avg: 17.8, Max: 19.3, Diff: 6.2, Sum: 142.1]
         [Processed Buffers: Min: 9, Avg: 15.4, Max: 20, Diff: 11, Sum: 123]
      [Scan RS (ms): Min: 14.2, Avg: 14.7, Max: 16.2, Diff: 2.0, Sum: 117.9]
      [Code Root Scanning (ms): Min: 0.0, Avg: 0.0, Max: 0.0, Diff: 0.0, Sum: 0.0]
      [Object Copy (ms): Min: 132.8, Avg: 134.1, Max: 134.4, Diff: 1.6, Sum: 1072.9]
      [Termination (ms): Min: 0.0, Avg: 0.1, Max: 0.1, Diff: 0.1, Sum: 0.9]
         [Termination Attempts: Min: 1, Avg: 422.5, Max: 626, Diff: 625, Sum: 3380]
      [GC Worker Other (ms): Min: 0.0, Avg: 0.0, Max: 0.1, Diff: 0.0, Sum: 0.2]
      [GC Worker Total (ms): Min: 162.3, Avg: 166.8, Max: 168.1, Diff: 5.8, Sum: 1334.6]
      [GC Worker End (ms): Min: 44821.1, Avg: 44821.1, Max: 44821.1, Diff: 0.1]
   [Code Root Fixup: 0.0 ms]
   [Code Root Purge: 0.0 ms]
   [Clear CT: 0.1 ms]
   [Other: 0.9 ms]
      [Choose CSet: 0.0 ms]
      [Ref Proc: 0.2 ms]
      [Ref Enq: 0.0 ms]
      [Redirty Cards: 0.2 ms]
      [Humongous Register: 0.1 ms]
      [Humongous Reclaim: 0.0 ms]
      [Free CSet: 0.2 ms]
   [Eden: 221.0M(221.0M)->0.0B(225.0M) Survivors: 33.0M->32.0M Heap: 1063.7M(2048.0M)->1065.2M(2048.0M)]
 [Times: user=1.22 sys=0.02, real=0.17 secs] 
2020-09-29T12:21:24.682+0200: 44.838: [GC pause (G1 Humongous Allocation) (young) (initial-mark), 0.0524841 secs]
   [Parallel Time: 51.2 ms, GC Workers: 8]
      [GC Worker Start (ms): Min: 44838.2, Avg: 44838.3, Max: 44838.3, Diff: 0.1]
      [Ext Root Scanning (ms): Min: 0.0, Avg: 0.1, Max: 0.1, Diff: 0.1, Sum: 0.8]
      [Update RS (ms): Min: 25.2, Avg: 25.6, Max: 27.3, Diff: 2.1, Sum: 205.1]
         [Processed Buffers: Min: 14, Avg: 24.8, Max: 29, Diff: 15, Sum: 198]
      [Scan RS (ms): Min: 1.1, Avg: 2.8, Max: 3.3, Diff: 2.1, Sum: 22.2]
      [Code Root Scanning (ms): Min: 0.0, Avg: 0.0, Max: 0.0, Diff: 0.0, Sum: 0.0]
      [Object Copy (ms): Min: 22.4, Avg: 22.5, Max: 22.5, Diff: 0.0, Sum: 179.7]
      [Termination (ms): Min: 0.0, Avg: 0.0, Max: 0.0, Diff: 0.0, Sum: 0.1]
         [Termination Attempts: Min: 1, Avg: 69.1, Max: 101, Diff: 100, Sum: 553]
      [GC Worker Other (ms): Min: 0.0, Avg: 0.0, Max: 0.0, Diff: 0.0, Sum: 0.1]
      [GC Worker Total (ms): Min: 50.9, Avg: 51.0, Max: 51.1, Diff: 0.1, Sum: 408.0]
      [GC Worker End (ms): Min: 44889.3, Avg: 44889.3, Max: 44889.3, Diff: 0.0]
   [Code Root Fixup: 0.0 ms]
   [Code Root Purge: 0.0 ms]
   [Clear CT: 0.2 ms]
   [Other: 1.1 ms]
      [Choose CSet: 0.0 ms]
      [Ref Proc: 0.2 ms]
      [Ref Enq: 0.0 ms]
      [Redirty Cards: 0.5 ms]
      [Humongous Register: 0.1 ms]
      [Humongous Reclaim: 0.0 ms]
      [Free CSet: 0.1 ms]
   [Eden: 6144.0K(225.0M)->0.0B(255.0M) Survivors: 32.0M->7168.0K Heap: 1070.7M(2048.0M)->1074.2M(2048.0M)]
 [Times: user=0.36 sys=0.00, real=0.05 secs] 
2020-09-29T12:21:24.735+0200: 44.891: [GC concurrent-root-region-scan-start]
2020-09-29T12:21:24.737+0200: 44.893: [GC concurrent-root-region-scan-end, 0.0023286 secs]
2020-09-29T12:21:24.737+0200: 44.893: [GC concurrent-mark-start]
2020-09-29T12:21:24.741+0200: 44.897: [GC concurrent-mark-end, 0.0038898 secs]
2020-09-29T12:21:24.742+0200: 44.897: [GC remark 2020-09-29T12:21:24.742+0200: 44.897: [Finalize Marking, 0.0012673 secs] 2020-09-29T12:21:24.743+0200: 44.898: [GC ref-proc, 0.0004250 secs] 2020-09-29T12:21:24.743+0200: 44.899: [Unloading, 0.0005131 secs], 0.0026292 secs]
 [Times: user=0.00 sys=0.00, real=0.00 secs] 
2020-09-29T12:21:24.745+0200: 44.900: [GC cleanup 1086M->26M(2048M), 0.0015204 secs]
 [Times: user=0.00 sys=0.00, real=0.00 secs] 
2020-09-29T12:21:24.746+0200: 44.902: [GC concurrent-cleanup-start]
2020-09-29T12:21:24.749+0200: 44.904: [GC concurrent-cleanup-end, 0.0025128 secs]
2020-09-29T12:21:24.893+0200: 45.048: [GC pause (G1 Evacuation Pause) (young), 0.1677597 secs]
   [Parallel Time: 166.9 ms, GC Workers: 8]
      [GC Worker Start (ms): Min: 45048.2, Avg: 45048.3, Max: 45048.4, Diff: 0.2]
      [Ext Root Scanning (ms): Min: 0.0, Avg: 0.1, Max: 0.2, Diff: 0.2, Sum: 0.6]
      [Update RS (ms): Min: 20.0, Avg: 20.1, Max: 20.4, Diff: 0.4, Sum: 161.2]
         [Processed Buffers: Min: 14, Avg: 17.4, Max: 22, Diff: 8, Sum: 139]
      [Scan RS (ms): Min: 17.3, Avg: 17.6, Max: 17.7, Diff: 0.4, Sum: 140.5]
      [Code Root Scanning (ms): Min: 0.0, Avg: 0.0, Max: 0.0, Diff: 0.0, Sum: 0.0]
      [Object Copy (ms): Min: 128.7, Avg: 128.8, Max: 129.0, Diff: 0.2, Sum: 1030.8]
      [Termination (ms): Min: 0.0, Avg: 0.0, Max: 0.1, Diff: 0.1, Sum: 0.4]
         [Termination Attempts: Min: 1, Avg: 327.1, Max: 459, Diff: 458, Sum: 2617]
      [GC Worker Other (ms): Min: 0.0, Avg: 0.0, Max: 0.1, Diff: 0.0, Sum: 0.3]
      [GC Worker Total (ms): Min: 166.6, Avg: 166.7, Max: 166.8, Diff: 0.2, Sum: 1333.7]
      [GC Worker End (ms): Min: 45215.0, Avg: 45215.0, Max: 45215.0, Diff: 0.0]
   [Code Root Fixup: 0.0 ms]
   [Code Root Purge: 0.0 ms]
   [Clear CT: 0.2 ms]
   [Other: 0.7 ms]
      [Choose CSet: 0.0 ms]
      [Ref Proc: 0.2 ms]
      [Ref Enq: 0.0 ms]
      [Redirty Cards: 0.2 ms]
      [Humongous Register: 0.0 ms]
      [Humongous Reclaim: 0.0 ms]
      [Free CSet: 0.1 ms]
   [Eden: 255.0M(255.0M)->0.0B(235.0M) Survivors: 7168.0K->33.0M Heap: 313.9M(2048.0M)->308.9M(2048.0M)]
 [Times: user=1.13 sys=0.01, real=0.17 secs] 
2020-09-29T12:21:25.209+0200: 45.365: [GC pause (G1 Evacuation Pause) (young), 0.2215691 secs]
   [Parallel Time: 220.5 ms, GC Workers: 8]
      [GC Worker Start (ms): Min: 45365.1, Avg: 45365.1, Max: 45365.2, Diff: 0.1]
      [Ext Root Scanning (ms): Min: 0.0, Avg: 0.1, Max: 0.1, Diff: 0.1, Sum: 0.7]
      [Update RS (ms): Min: 17.2, Avg: 17.6, Max: 18.0, Diff: 0.7, Sum: 140.5]
         [Processed Buffers: Min: 14, Avg: 15.8, Max: 17, Diff: 3, Sum: 126]
      [Scan RS (ms): Min: 19.6, Avg: 20.1, Max: 20.5, Diff: 0.9, Sum: 161.0]
      [Code Root Scanning (ms): Min: 0.0, Avg: 0.0, Max: 0.0, Diff: 0.0, Sum: 0.0]
      [Object Copy (ms): Min: 181.8, Avg: 182.1, Max: 182.5, Diff: 0.8, Sum: 1456.7]
      [Termination (ms): Min: 0.0, Avg: 0.5, Max: 0.7, Diff: 0.7, Sum: 4.1]
         [Termination Attempts: Min: 1, Avg: 3168.5, Max: 4352, Diff: 4351, Sum: 25348]
      [GC Worker Other (ms): Min: 0.0, Avg: 0.0, Max: 0.0, Diff: 0.0, Sum: 0.1]
      [GC Worker Total (ms): Min: 220.3, Avg: 220.4, Max: 220.4, Diff: 0.1, Sum: 1763.1]
      [GC Worker End (ms): Min: 45585.5, Avg: 45585.5, Max: 45585.5, Diff: 0.0]
   [Code Root Fixup: 0.0 ms]
   [Code Root Purge: 0.0 ms]
   [Clear CT: 0.2 ms]
   [Other: 0.9 ms]
      [Choose CSet: 0.0 ms]
      [Ref Proc: 0.2 ms]
      [Ref Enq: 0.0 ms]
      [Redirty Cards: 0.2 ms]
      [Humongous Register: 0.0 ms]
      [Humongous Reclaim: 0.0 ms]
      [Free CSet: 0.2 ms]
   [Eden: 235.0M(235.0M)->0.0B(200.0M) Survivors: 33.0M->34.0M Heap: 582.0M(2048.0M)->584.0M(2048.0M)]
 [Times: user=1.39 sys=0.02, real=0.22 secs] 
2020-09-29T12:21:25.573+0200: 45.728: [GC pause (G1 Evacuation Pause) (young), 0.1383389 secs]
   [Parallel Time: 137.2 ms, GC Workers: 8]
      [GC Worker Start (ms): Min: 45728.3, Avg: 45728.4, Max: 45728.4, Diff: 0.1]
      [Ext Root Scanning (ms): Min: 0.0, Avg: 0.1, Max: 0.1, Diff: 0.1, Sum: 0.7]
      [Update RS (ms): Min: 15.2, Avg: 15.3, Max: 16.0, Diff: 0.8, Sum: 122.4]
         [Processed Buffers: Min: 13, Avg: 14.8, Max: 17, Diff: 4, Sum: 118]
      [Scan RS (ms): Min: 11.9, Avg: 12.5, Max: 12.7, Diff: 0.8, Sum: 100.0]
      [Code Root Scanning (ms): Min: 0.0, Avg: 0.0, Max: 0.0, Diff: 0.0, Sum: 0.0]
      [Object Copy (ms): Min: 109.0, Avg: 109.1, Max: 109.2, Diff: 0.2, Sum: 872.7]
      [Termination (ms): Min: 0.0, Avg: 0.0, Max: 0.0, Diff: 0.0, Sum: 0.1]
         [Termination Attempts: Min: 1, Avg: 105.1, Max: 146, Diff: 145, Sum: 841]
      [GC Worker Other (ms): Min: 0.0, Avg: 0.0, Max: 0.1, Diff: 0.1, Sum: 0.3]
      [GC Worker Total (ms): Min: 137.0, Avg: 137.0, Max: 137.1, Diff: 0.1, Sum: 1096.3]
      [GC Worker End (ms): Min: 45865.4, Avg: 45865.4, Max: 45865.5, Diff: 0.1]
   [Code Root Fixup: 0.0 ms]
   [Code Root Purge: 0.0 ms]
   [Clear CT: 0.2 ms]
   [Other: 1.0 ms]
      [Choose CSet: 0.0 ms]
      [Ref Proc: 0.2 ms]
      [Ref Enq: 0.0 ms]
      [Redirty Cards: 0.3 ms]
      [Humongous Register: 0.0 ms]
      [Humongous Reclaim: 0.0 ms]
      [Free CSet: 0.2 ms]
   [Eden: 200.0M(200.0M)->0.0B(221.0M) Survivors: 34.0M->30.0M Heap: 818.3M(2048.0M)->820.3M(2048.0M)]
 [Times: user=0.98 sys=0.00, real=0.14 secs] 
2020-09-29T12:21:25.851+0200: 46.006: [GC pause (G1 Evacuation Pause) (young), 0.1499205 secs]
   [Parallel Time: 148.9 ms, GC Workers: 8]
      [GC Worker Start (ms): Min: 46006.2, Avg: 46006.3, Max: 46006.3, Diff: 0.1]
      [Ext Root Scanning (ms): Min: 0.0, Avg: 0.1, Max: 0.1, Diff: 0.1, Sum: 0.6]
      [Update RS (ms): Min: 16.9, Avg: 17.0, Max: 17.2, Diff: 0.3, Sum: 136.3]
         [Processed Buffers: Min: 16, Avg: 17.5, Max: 19, Diff: 3, Sum: 140]
      [Scan RS (ms): Min: 11.4, Avg: 11.6, Max: 11.7, Diff: 0.3, Sum: 92.9]
      [Code Root Scanning (ms): Min: 0.0, Avg: 0.0, Max: 0.0, Diff: 0.0, Sum: 0.0]
      [Object Copy (ms): Min: 119.9, Avg: 120.0, Max: 120.1, Diff: 0.2, Sum: 959.9]
      [Termination (ms): Min: 0.0, Avg: 0.0, Max: 0.0, Diff: 0.0, Sum: 0.1]
         [Termination Attempts: Min: 1, Avg: 114.6, Max: 151, Diff: 150, Sum: 917]
      [GC Worker Other (ms): Min: 0.0, Avg: 0.0, Max: 0.1, Diff: 0.0, Sum: 0.4]
      [GC Worker Total (ms): Min: 148.7, Avg: 148.8, Max: 148.8, Diff: 0.1, Sum: 1190.2]
      [GC Worker End (ms): Min: 46155.0, Avg: 46155.0, Max: 46155.1, Diff: 0.0]
   [Code Root Fixup: 0.0 ms]
   [Code Root Purge: 0.0 ms]
   [Clear CT: 0.2 ms]
   [Other: 0.8 ms]
      [Choose CSet: 0.0 ms]
      [Ref Proc: 0.2 ms]
      [Ref Enq: 0.0 ms]
      [Redirty Cards: 0.2 ms]
      [Humongous Register: 0.0 ms]
      [Humongous Reclaim: 0.0 ms]
      [Free CSet: 0.2 ms]
   [Eden: 221.0M(221.0M)->0.0B(236.0M) Survivors: 30.0M->32.0M Heap: 1077.6M(2048.0M)->1079.6M(2048.0M)]
 [Times: user=0.95 sys=0.03, real=0.15 secs] 
2020-09-29T12:21:26.010+0200: 46.166: [GC pause (G1 Humongous Allocation) (young) (initial-mark), 0.0490991 secs]
   [Parallel Time: 48.2 ms, GC Workers: 8]
      [GC Worker Start (ms): Min: 46165.9, Avg: 46166.0, Max: 46166.1, Diff: 0.2]
      [Ext Root Scanning (ms): Min: 0.0, Avg: 0.2, Max: 0.4, Diff: 0.4, Sum: 1.7]
      [Update RS (ms): Min: 27.2, Avg: 27.7, Max: 28.1, Diff: 0.8, Sum: 221.7]
         [Processed Buffers: Min: 25, Avg: 29.9, Max: 34, Diff: 9, Sum: 239]
      [Scan RS (ms): Min: 2.0, Avg: 2.3, Max: 2.6, Diff: 0.6, Sum: 18.2]
      [Code Root Scanning (ms): Min: 0.0, Avg: 0.0, Max: 0.0, Diff: 0.0, Sum: 0.0]
      [Object Copy (ms): Min: 17.7, Avg: 17.8, Max: 17.8, Diff: 0.1, Sum: 142.1]
      [Termination (ms): Min: 0.0, Avg: 0.0, Max: 0.0, Diff: 0.0, Sum: 0.1]
         [Termination Attempts: Min: 1, Avg: 124.4, Max: 161, Diff: 160, Sum: 995]
      [GC Worker Other (ms): Min: 0.0, Avg: 0.0, Max: 0.0, Diff: 0.0, Sum: 0.1]
      [GC Worker Total (ms): Min: 47.9, Avg: 48.0, Max: 48.1, Diff: 0.2, Sum: 384.0]
      [GC Worker End (ms): Min: 46214.0, Avg: 46214.0, Max: 46214.0, Diff: 0.0]
   [Code Root Fixup: 0.0 ms]
   [Code Root Purge: 0.0 ms]
   [Clear CT: 0.1 ms]
   [Other: 0.8 ms]
      [Choose CSet: 0.0 ms]
      [Ref Proc: 0.2 ms]
      [Ref Enq: 0.0 ms]
      [Redirty Cards: 0.2 ms]
      [Humongous Register: 0.1 ms]
      [Humongous Reclaim: 0.0 ms]
      [Free CSet: 0.1 ms]
   [Eden: 5120.0K(236.0M)->0.0B(277.0M) Survivors: 32.0M->7168.0K Heap: 1084.6M(2048.0M)->1089.1M(2048.0M)]
 [Times: user=0.38 sys=0.00, real=0.05 secs] 
2020-09-29T12:21:26.059+0200: 46.215: [GC concurrent-root-region-scan-start]
2020-09-29T12:21:26.061+0200: 46.217: [GC concurrent-root-region-scan-end, 0.0018190 secs]
2020-09-29T12:21:26.061+0200: 46.217: [GC concurrent-mark-start]
2020-09-29T12:21:26.064+0200: 46.220: [GC concurrent-mark-end, 0.0031448 secs]
2020-09-29T12:21:26.065+0200: 46.220: [GC remark 2020-09-29T12:21:26.065+0200: 46.220: [Finalize Marking, 0.0002236 secs] 2020-09-29T12:21:26.065+0200: 46.220: [GC ref-proc, 0.0003080 secs] 2020-09-29T12:21:26.065+0200: 46.221: [Unloading, 0.0004620 secs], 0.0014214 secs]
 [Times: user=0.00 sys=0.00, real=0.00 secs] 
2020-09-29T12:21:26.066+0200: 46.222: [GC cleanup 1100M->26M(2048M), 0.0015599 secs]
 [Times: user=0.02 sys=0.00, real=0.00 secs] 
2020-09-29T12:21:26.068+0200: 46.224: [GC concurrent-cleanup-start]
2020-09-29T12:21:26.070+0200: 46.225: [GC concurrent-cleanup-end, 0.0017804 secs]
2020-09-29T12:21:26.232+0200: 46.387: [GC pause (G1 Evacuation Pause) (young), 0.1953066 secs]
   [Parallel Time: 194.1 ms, GC Workers: 8]
      [GC Worker Start (ms): Min: 46387.1, Avg: 46387.2, Max: 46387.3, Diff: 0.2]
      [Ext Root Scanning (ms): Min: 0.0, Avg: 0.1, Max: 0.2, Diff: 0.2, Sum: 0.5]
      [Update RS (ms): Min: 21.7, Avg: 22.6, Max: 27.8, Diff: 6.0, Sum: 180.7]
         [Processed Buffers: Min: 14, Avg: 19.8, Max: 24, Diff: 10, Sum: 158]
      [Scan RS (ms): Min: 15.6, Avg: 21.2, Max: 23.9, Diff: 8.3, Sum: 169.2]
      [Code Root Scanning (ms): Min: 0.0, Avg: 0.0, Max: 0.0, Diff: 0.0, Sum: 0.0]
      [Object Copy (ms): Min: 147.8, Avg: 149.8, Max: 150.3, Diff: 2.4, Sum: 1198.7]
      [Termination (ms): Min: 0.0, Avg: 0.1, Max: 0.1, Diff: 0.1, Sum: 0.8]
         [Termination Attempts: Min: 1, Avg: 712.1, Max: 911, Diff: 910, Sum: 5697]
      [GC Worker Other (ms): Min: 0.0, Avg: 0.1, Max: 0.2, Diff: 0.2, Sum: 0.7]
      [GC Worker Total (ms): Min: 193.7, Avg: 193.8, Max: 194.0, Diff: 0.3, Sum: 1550.7]
      [GC Worker End (ms): Min: 46581.0, Avg: 46581.1, Max: 46581.2, Diff: 0.2]
   [Code Root Fixup: 0.0 ms]
   [Code Root Purge: 0.0 ms]
   [Clear CT: 0.2 ms]
   [Other: 0.9 ms]
      [Choose CSet: 0.0 ms]
      [Ref Proc: 0.2 ms]
      [Ref Enq: 0.0 ms]
      [Redirty Cards: 0.2 ms]
      [Humongous Register: 0.0 ms]
      [Humongous Reclaim: 0.0 ms]
      [Free CSet: 0.2 ms]
   [Eden: 277.0M(277.0M)->0.0B(234.0M) Survivors: 7168.0K->36.0M Heap: 339.7M(2048.0M)->334.2M(2048.0M)]
 [Times: user=1.42 sys=0.05, real=0.20 secs] 
2020-09-29T12:21:26.589+0200: 46.745: [GC pause (G1 Evacuation Pause) (young), 0.1928760 secs]
   [Parallel Time: 191.8 ms, GC Workers: 8]
      [GC Worker Start (ms): Min: 46745.0, Avg: 46745.1, Max: 46745.2, Diff: 0.2]
      [Ext Root Scanning (ms): Min: 0.0, Avg: 0.1, Max: 0.2, Diff: 0.2, Sum: 0.6]
      [Update RS (ms): Min: 15.3, Avg: 15.6, Max: 15.9, Diff: 0.6, Sum: 125.2]
         [Processed Buffers: Min: 12, Avg: 14.9, Max: 20, Diff: 8, Sum: 119]
      [Scan RS (ms): Min: 13.3, Avg: 13.9, Max: 16.3, Diff: 3.0, Sum: 111.4]
      [Code Root Scanning (ms): Min: 0.0, Avg: 0.0, Max: 0.0, Diff: 0.0, Sum: 0.0]
      [Object Copy (ms): Min: 155.1, Avg: 155.8, Max: 159.5, Diff: 4.5, Sum: 1246.1]
      [Termination (ms): Min: 0.0, Avg: 6.2, Max: 7.2, Diff: 7.2, Sum: 49.8]
         [Termination Attempts: Min: 1, Avg: 2481.3, Max: 3291, Diff: 3290, Sum: 19850]
      [GC Worker Other (ms): Min: 0.0, Avg: 0.0, Max: 0.0, Diff: 0.0, Sum: 0.1]
      [GC Worker Total (ms): Min: 191.5, Avg: 191.7, Max: 191.7, Diff: 0.2, Sum: 1533.2]
      [GC Worker End (ms): Min: 46936.8, Avg: 46936.8, Max: 46936.8, Diff: 0.0]
   [Code Root Fixup: 0.0 ms]
   [Code Root Purge: 0.0 ms]
   [Clear CT: 0.2 ms]
   [Other: 0.9 ms]
      [Choose CSet: 0.0 ms]
      [Ref Proc: 0.2 ms]
      [Ref Enq: 0.0 ms]
      [Redirty Cards: 0.2 ms]
      [Humongous Register: 0.1 ms]
      [Humongous Reclaim: 0.0 ms]
      [Free CSet: 0.2 ms]
   [Eden: 234.0M(234.0M)->0.0B(225.0M) Survivors: 36.0M->34.0M Heap: 606.3M(2048.0M)->608.3M(2048.0M)]
 [Times: user=1.30 sys=0.00, real=0.19 secs] 
2020-09-29T12:21:26.926+0200: 47.081: [GC pause (G1 Evacuation Pause) (young), 0.1678226 secs]
   [Parallel Time: 166.6 ms, GC Workers: 8]
      [GC Worker Start (ms): Min: 47081.6, Avg: 47083.5, Max: 47095.5, Diff: 14.0]
      [Ext Root Scanning (ms): Min: 0.0, Avg: 0.1, Max: 0.2, Diff: 0.2, Sum: 0.7]
      [Update RS (ms): Min: 10.8, Avg: 19.5, Max: 21.1, Diff: 10.3, Sum: 156.2]
         [Processed Buffers: Min: 6, Avg: 17.8, Max: 24, Diff: 18, Sum: 142]
      [Scan RS (ms): Min: 14.9, Avg: 18.1, Max: 18.8, Diff: 3.9, Sum: 144.9]
      [Code Root Scanning (ms): Min: 0.0, Avg: 0.0, Max: 0.0, Diff: 0.0, Sum: 0.0]
      [Object Copy (ms): Min: 126.5, Avg: 126.7, Max: 126.8, Diff: 0.3, Sum: 1013.6]
      [Termination (ms): Min: 0.1, Avg: 0.1, Max: 0.2, Diff: 0.1, Sum: 1.0]
         [Termination Attempts: Min: 1, Avg: 611.9, Max: 787, Diff: 786, Sum: 4895]
      [GC Worker Other (ms): Min: 0.0, Avg: 0.0, Max: 0.0, Diff: 0.0, Sum: 0.1]
      [GC Worker Total (ms): Min: 152.5, Avg: 164.6, Max: 166.5, Diff: 14.0, Sum: 1316.4]
      [GC Worker End (ms): Min: 47248.0, Avg: 47248.1, Max: 47248.1, Diff: 0.1]
   [Code Root Fixup: 0.0 ms]
   [Code Root Purge: 0.0 ms]
   [Clear CT: 0.2 ms]
   [Other: 1.0 ms]
      [Choose CSet: 0.0 ms]
      [Ref Proc: 0.1 ms]
      [Ref Enq: 0.0 ms]
      [Redirty Cards: 0.2 ms]
      [Humongous Register: 0.1 ms]
      [Humongous Reclaim: 0.0 ms]
      [Free CSet: 0.3 ms]
   [Eden: 225.0M(225.0M)->0.0B(227.0M) Survivors: 34.0M->33.0M Heap: 871.5M(2048.0M)->873.5M(2048.0M)]
 [Times: user=1.14 sys=0.03, real=0.17 secs] 
2020-09-29T12:21:27.243+0200: 47.398: [GC pause (G1 Evacuation Pause) (young), 0.1447636 secs]
   [Parallel Time: 143.8 ms, GC Workers: 8]
      [GC Worker Start (ms): Min: 47398.3, Avg: 47398.3, Max: 47398.4, Diff: 0.1]
      [Ext Root Scanning (ms): Min: 0.0, Avg: 0.1, Max: 0.2, Diff: 0.1, Sum: 0.7]
      [Update RS (ms): Min: 15.7, Avg: 15.9, Max: 17.0, Diff: 1.2, Sum: 127.5]
         [Processed Buffers: Min: 14, Avg: 16.9, Max: 20, Diff: 6, Sum: 135]
      [Scan RS (ms): Min: 12.1, Avg: 13.0, Max: 13.2, Diff: 1.2, Sum: 104.0]
      [Code Root Scanning (ms): Min: 0.0, Avg: 0.0, Max: 0.0, Diff: 0.0, Sum: 0.0]
      [Object Copy (ms): Min: 114.3, Avg: 114.4, Max: 114.5, Diff: 0.2, Sum: 915.2]
      [Termination (ms): Min: 0.0, Avg: 0.0, Max: 0.0, Diff: 0.0, Sum: 0.0]
         [Termination Attempts: Min: 1, Avg: 21.4, Max: 38, Diff: 37, Sum: 171]
      [GC Worker Other (ms): Min: 0.0, Avg: 0.0, Max: 0.1, Diff: 0.1, Sum: 0.2]
      [GC Worker Total (ms): Min: 143.4, Avg: 143.5, Max: 143.5, Diff: 0.1, Sum: 1147.7]
      [GC Worker End (ms): Min: 47541.8, Avg: 47541.8, Max: 47541.8, Diff: 0.0]
   [Code Root Fixup: 0.0 ms]
   [Code Root Purge: 0.0 ms]
   [Clear CT: 0.2 ms]
   [Other: 0.9 ms]
      [Choose CSet: 0.0 ms]
      [Ref Proc: 0.2 ms]
      [Ref Enq: 0.0 ms]
      [Redirty Cards: 0.3 ms]
      [Humongous Register: 0.0 ms]
      [Humongous Reclaim: 0.0 ms]
      [Free CSet: 0.2 ms]
   [Eden: 227.0M(227.0M)->0.0B(244.0M) Survivors: 33.0M->33.0M Heap: 1138.6M(2048.0M)->1141.1M(2048.0M)]
 [Times: user=1.05 sys=0.03, real=0.14 secs] 
2020-09-29T12:21:27.393+0200: 47.548: [GC pause (G1 Humongous Allocation) (young) (initial-mark), 0.0645544 secs]
   [Parallel Time: 63.8 ms, GC Workers: 8]
      [GC Worker Start (ms): Min: 47548.4, Avg: 47548.5, Max: 47548.5, Diff: 0.1]
      [Ext Root Scanning (ms): Min: 0.0, Avg: 0.1, Max: 0.1, Diff: 0.1, Sum: 0.6]
      [Update RS (ms): Min: 30.9, Avg: 31.0, Max: 31.2, Diff: 0.3, Sum: 247.9]
         [Processed Buffers: Min: 32, Avg: 37.5, Max: 39, Diff: 7, Sum: 300]
      [Scan RS (ms): Min: 2.1, Avg: 2.2, Max: 2.4, Diff: 0.3, Sum: 17.9]
      [Code Root Scanning (ms): Min: 0.0, Avg: 0.0, Max: 0.0, Diff: 0.0, Sum: 0.0]
      [Object Copy (ms): Min: 30.0, Avg: 30.1, Max: 30.3, Diff: 0.3, Sum: 240.8]
      [Termination (ms): Min: 0.0, Avg: 0.2, Max: 0.3, Diff: 0.3, Sum: 1.7]
         [Termination Attempts: Min: 1, Avg: 1211.6, Max: 1817, Diff: 1816, Sum: 9693]
      [GC Worker Other (ms): Min: 0.0, Avg: 0.0, Max: 0.0, Diff: 0.0, Sum: 0.1]
      [GC Worker Total (ms): Min: 63.6, Avg: 63.6, Max: 63.7, Diff: 0.1, Sum: 509.0]
      [GC Worker End (ms): Min: 47612.1, Avg: 47612.1, Max: 47612.1, Diff: 0.0]
   [Code Root Fixup: 0.0 ms]
   [Code Root Purge: 0.0 ms]
   [Clear CT: 0.2 ms]
   [Other: 0.5 ms]
      [Choose CSet: 0.0 ms]
      [Ref Proc: 0.1 ms]
      [Ref Enq: 0.0 ms]
      [Redirty Cards: 0.1 ms]
      [Humongous Register: 0.0 ms]
      [Humongous Reclaim: 0.0 ms]
      [Free CSet: 0.1 ms]
   [Eden: 10.0M(244.0M)->0.0B(236.0M) Survivors: 33.0M->12.0M Heap: 1151.1M(2048.0M)->1154.6M(2048.0M)]
 [Times: user=0.58 sys=0.02, real=0.06 secs] 
2020-09-29T12:21:27.457+0200: 47.613: [GC concurrent-root-region-scan-start]
2020-09-29T12:21:27.461+0200: 47.616: [GC concurrent-root-region-scan-end, 0.0031743 secs]
2020-09-29T12:21:27.461+0200: 47.616: [GC concurrent-mark-start]
2020-09-29T12:21:27.463+0200: 47.619: [GC concurrent-mark-end, 0.0028195 secs]
2020-09-29T12:21:27.464+0200: 47.619: [GC remark 2020-09-29T12:21:27.464+0200: 47.619: [Finalize Marking, 0.0002431 secs] 2020-09-29T12:21:27.464+0200: 47.619: [GC ref-proc, 0.0002917 secs] 2020-09-29T12:21:27.464+0200: 47.620: [Unloading, 0.0004890 secs], 0.0014138 secs]
 [Times: user=0.00 sys=0.00, real=0.00 secs] 
2020-09-29T12:21:27.465+0200: 47.621: [GC cleanup 1170M->35M(2048M), 0.0013441 secs]
 [Times: user=0.00 sys=0.00, real=0.00 secs] 
2020-09-29T12:21:27.467+0200: 47.622: [GC concurrent-cleanup-start]
2020-09-29T12:21:27.469+0200: 47.624: [GC concurrent-cleanup-end, 0.0016655 secs]
2020-09-29T12:21:27.605+0200: 47.760: [GC pause (G1 Evacuation Pause) (young), 0.1376466 secs]
   [Parallel Time: 136.6 ms, GC Workers: 8]
      [GC Worker Start (ms): Min: 47760.2, Avg: 47760.2, Max: 47760.3, Diff: 0.1]
      [Ext Root Scanning (ms): Min: 0.0, Avg: 0.1, Max: 0.1, Diff: 0.1, Sum: 0.7]
      [Update RS (ms): Min: 17.6, Avg: 17.8, Max: 18.2, Diff: 0.7, Sum: 142.6]
         [Processed Buffers: Min: 14, Avg: 16.1, Max: 18, Diff: 4, Sum: 129]
      [Scan RS (ms): Min: 13.9, Avg: 14.2, Max: 14.8, Diff: 0.9, Sum: 113.8]
      [Code Root Scanning (ms): Min: 0.0, Avg: 0.0, Max: 0.0, Diff: 0.0, Sum: 0.0]
      [Object Copy (ms): Min: 104.0, Avg: 104.3, Max: 104.4, Diff: 0.4, Sum: 834.6]
      [Termination (ms): Min: 0.0, Avg: 0.0, Max: 0.0, Diff: 0.0, Sum: 0.1]
         [Termination Attempts: Min: 1, Avg: 110.8, Max: 146, Diff: 145, Sum: 886]
      [GC Worker Other (ms): Min: 0.0, Avg: 0.0, Max: 0.1, Diff: 0.1, Sum: 0.3]
      [GC Worker Total (ms): Min: 136.5, Avg: 136.5, Max: 136.5, Diff: 0.1, Sum: 1092.1]
      [GC Worker End (ms): Min: 47896.7, Avg: 47896.7, Max: 47896.8, Diff: 0.1]
   [Code Root Fixup: 0.0 ms]
   [Code Root Purge: 0.0 ms]
   [Clear CT: 0.2 ms]
   [Other: 0.8 ms]
      [Choose CSet: 0.0 ms]
      [Ref Proc: 0.2 ms]
      [Ref Enq: 0.0 ms]
      [Redirty Cards: 0.2 ms]
      [Humongous Register: 0.0 ms]
      [Humongous Reclaim: 0.0 ms]
      [Free CSet: 0.2 ms]
   [Eden: 236.0M(236.0M)->0.0B(236.0M) Survivors: 12.0M->31.0M Heap: 295.6M(2048.0M)->286.6M(2048.0M)]
 [Times: user=1.08 sys=0.03, real=0.14 secs] 
2020-09-29T12:21:27.872+0200: 48.027: [GC pause (G1 Evacuation Pause) (young), 0.1574165 secs]
   [Parallel Time: 156.4 ms, GC Workers: 8]
      [GC Worker Start (ms): Min: 48027.2, Avg: 48027.2, Max: 48027.3, Diff: 0.2]
      [Ext Root Scanning (ms): Min: 0.0, Avg: 0.1, Max: 0.1, Diff: 0.1, Sum: 0.6]
      [Update RS (ms): Min: 18.0, Avg: 18.1, Max: 18.5, Diff: 0.5, Sum: 145.1]
         [Processed Buffers: Min: 17, Avg: 19.1, Max: 21, Diff: 4, Sum: 153]
      [Scan RS (ms): Min: 14.4, Avg: 14.8, Max: 15.0, Diff: 0.6, Sum: 118.5]
      [Code Root Scanning (ms): Min: 0.0, Avg: 0.0, Max: 0.0, Diff: 0.0, Sum: 0.0]
      [Object Copy (ms): Min: 122.7, Avg: 122.9, Max: 123.2, Diff: 0.5, Sum: 983.2]
      [Termination (ms): Min: 0.0, Avg: 0.3, Max: 0.4, Diff: 0.4, Sum: 2.3]
         [Termination Attempts: Min: 1, Avg: 1867.8, Max: 2270, Diff: 2269, Sum: 14942]
      [GC Worker Other (ms): Min: 0.0, Avg: 0.0, Max: 0.1, Diff: 0.0, Sum: 0.3]
      [GC Worker Total (ms): Min: 156.2, Avg: 156.3, Max: 156.3, Diff: 0.2, Sum: 1250.1]
      [GC Worker End (ms): Min: 48183.5, Avg: 48183.5, Max: 48183.5, Diff: 0.0]
   [Code Root Fixup: 0.0 ms]
   [Code Root Purge: 0.0 ms]
   [Clear CT: 0.2 ms]
   [Other: 0.9 ms]
      [Choose CSet: 0.0 ms]
      [Ref Proc: 0.2 ms]
      [Ref Enq: 0.0 ms]
      [Redirty Cards: 0.2 ms]
      [Humongous Register: 0.1 ms]
      [Humongous Reclaim: 0.0 ms]
      [Free CSet: 0.2 ms]
   [Eden: 236.0M(236.0M)->0.0B(243.0M) Survivors: 31.0M->34.0M Heap: 562.6M(2048.0M)->564.1M(2048.0M)]
 [Times: user=1.25 sys=0.00, real=0.16 secs] 
2020-09-29T12:21:28.160+0200: 48.316: [GC pause (G1 Evacuation Pause) (young), 0.1622180 secs]
   [Parallel Time: 160.9 ms, GC Workers: 8]
      [GC Worker Start (ms): Min: 48315.7, Avg: 48315.9, Max: 48316.0, Diff: 0.2]
      [Ext Root Scanning (ms): Min: 0.0, Avg: 0.1, Max: 0.2, Diff: 0.2, Sum: 0.4]
      [Update RS (ms): Min: 22.8, Avg: 23.1, Max: 23.9, Diff: 1.1, Sum: 184.5]
         [Processed Buffers: Min: 19, Avg: 22.3, Max: 26, Diff: 7, Sum: 178]
      [Scan RS (ms): Min: 13.6, Avg: 14.3, Max: 14.6, Diff: 1.1, Sum: 114.7]
      [Code Root Scanning (ms): Min: 0.0, Avg: 0.0, Max: 0.0, Diff: 0.0, Sum: 0.0]
      [Object Copy (ms): Min: 123.0, Avg: 123.1, Max: 123.2, Diff: 0.1, Sum: 984.9]
      [Termination (ms): Min: 0.0, Avg: 0.1, Max: 0.1, Diff: 0.1, Sum: 0.5]
         [Termination Attempts: Min: 1, Avg: 482.5, Max: 706, Diff: 705, Sum: 3860]
      [GC Worker Other (ms): Min: 0.0, Avg: 0.0, Max: 0.0, Diff: 0.0, Sum: 0.2]
      [GC Worker Total (ms): Min: 160.6, Avg: 160.7, Max: 160.8, Diff: 0.2, Sum: 1285.4]
      [GC Worker End (ms): Min: 48476.5, Avg: 48476.5, Max: 48476.6, Diff: 0.0]
   [Code Root Fixup: 0.0 ms]
   [Code Root Purge: 0.0 ms]
   [Clear CT: 0.2 ms]
   [Other: 1.1 ms]
      [Choose CSet: 0.0 ms]
      [Ref Proc: 0.2 ms]
      [Ref Enq: 0.0 ms]
      [Redirty Cards: 0.3 ms]
      [Humongous Register: 0.0 ms]
      [Humongous Reclaim: 0.0 ms]
      [Free CSet: 0.3 ms]
   [Eden: 243.0M(243.0M)->0.0B(251.0M) Survivors: 34.0M->35.0M Heap: 847.2M(2048.0M)->849.2M(2048.0M)]
 [Times: user=1.38 sys=0.00, real=0.16 secs] 
2020-09-29T12:21:28.466+0200: 48.620: [GC pause (G1 Evacuation Pause) (young), 0.1865557 secs]
   [Parallel Time: 185.4 ms, GC Workers: 8]
      [GC Worker Start (ms): Min: 48620.6, Avg: 48620.7, Max: 48620.8, Diff: 0.2]
      [Ext Root Scanning (ms): Min: 0.0, Avg: 0.1, Max: 0.2, Diff: 0.2, Sum: 0.4]
      [Update RS (ms): Min: 17.9, Avg: 18.2, Max: 18.8, Diff: 0.9, Sum: 145.3]
         [Processed Buffers: Min: 15, Avg: 18.4, Max: 21, Diff: 6, Sum: 147]
      [Scan RS (ms): Min: 16.4, Avg: 17.2, Max: 17.5, Diff: 1.1, Sum: 137.3]
      [Code Root Scanning (ms): Min: 0.0, Avg: 0.0, Max: 0.0, Diff: 0.0, Sum: 0.0]
      [Object Copy (ms): Min: 149.5, Avg: 149.6, Max: 149.7, Diff: 0.2, Sum: 1197.0]
      [Termination (ms): Min: 0.0, Avg: 0.1, Max: 0.2, Diff: 0.2, Sum: 1.0]
         [Termination Attempts: Min: 1, Avg: 945.6, Max: 1196, Diff: 1195, Sum: 7565]
      [GC Worker Other (ms): Min: 0.0, Avg: 0.0, Max: 0.1, Diff: 0.0, Sum: 0.3]
      [GC Worker Total (ms): Min: 185.1, Avg: 185.2, Max: 185.3, Diff: 0.2, Sum: 1481.3]
      [GC Worker End (ms): Min: 48805.8, Avg: 48805.9, Max: 48805.9, Diff: 0.0]
   [Code Root Fixup: 0.0 ms]
   [Code Root Purge: 0.0 ms]
   [Clear CT: 0.2 ms]
   [Other: 1.0 ms]
      [Choose CSet: 0.0 ms]
      [Ref Proc: 0.2 ms]
      [Ref Enq: 0.0 ms]
      [Redirty Cards: 0.3 ms]
      [Humongous Register: 0.0 ms]
      [Humongous Reclaim: 0.0 ms]
      [Free CSet: 0.3 ms]
   [Eden: 251.0M(251.0M)->0.0B(245.0M) Survivors: 35.0M->36.0M Heap: 1142.1M(2048.0M)->1143.6M(2048.0M)]
 [Times: user=1.41 sys=0.02, real=0.19 secs] 
2020-09-29T12:21:28.660+0200: 48.815: [GC pause (G1 Humongous Allocation) (young) (initial-mark), 0.0539925 secs]
   [Parallel Time: 53.1 ms, GC Workers: 8]
      [GC Worker Start (ms): Min: 48814.9, Avg: 48815.0, Max: 48815.0, Diff: 0.1]
      [Ext Root Scanning (ms): Min: 0.0, Avg: 0.1, Max: 0.1, Diff: 0.1, Sum: 0.7]
      [Update RS (ms): Min: 31.6, Avg: 31.8, Max: 32.0, Diff: 0.5, Sum: 254.4]
         [Processed Buffers: Min: 34, Avg: 38.0, Max: 40, Diff: 6, Sum: 304]
      [Scan RS (ms): Min: 2.3, Avg: 2.6, Max: 2.9, Diff: 0.5, Sum: 21.0]
      [Code Root Scanning (ms): Min: 0.0, Avg: 0.0, Max: 0.0, Diff: 0.0, Sum: 0.0]
      [Object Copy (ms): Min: 18.3, Avg: 18.4, Max: 18.5, Diff: 0.2, Sum: 147.3]
      [Termination (ms): Min: 0.0, Avg: 0.0, Max: 0.0, Diff: 0.0, Sum: 0.0]
         [Termination Attempts: Min: 1, Avg: 2.5, Max: 4, Diff: 3, Sum: 20]
      [GC Worker Other (ms): Min: 0.0, Avg: 0.0, Max: 0.0, Diff: 0.0, Sum: 0.2]
      [GC Worker Total (ms): Min: 52.9, Avg: 53.0, Max: 53.0, Diff: 0.1, Sum: 423.6]
      [GC Worker End (ms): Min: 48867.9, Avg: 48867.9, Max: 48868.0, Diff: 0.0]
   [Code Root Fixup: 0.0 ms]
   [Code Root Purge: 0.0 ms]
   [Clear CT: 0.2 ms]
   [Other: 0.7 ms]
      [Choose CSet: 0.0 ms]
      [Ref Proc: 0.1 ms]
      [Ref Enq: 0.0 ms]
      [Redirty Cards: 0.2 ms]
      [Humongous Register: 0.1 ms]
      [Humongous Reclaim: 0.0 ms]
      [Free CSet: 0.1 ms]
   [Eden: 7168.0K(245.0M)->0.0B(286.0M) Survivors: 36.0M->9216.0K Heap: 1150.6M(2048.0M)->1154.1M(2048.0M)]
 [Times: user=0.50 sys=0.00, real=0.05 secs] 
2020-09-29T12:21:28.714+0200: 48.869: [GC concurrent-root-region-scan-start]
2020-09-29T12:21:28.717+0200: 48.872: [GC concurrent-root-region-scan-end, 0.0026643 secs]
2020-09-29T12:21:28.717+0200: 48.872: [GC concurrent-mark-start]
2020-09-29T12:21:28.720+0200: 48.875: [GC concurrent-mark-end, 0.0034499 secs]
2020-09-29T12:21:28.721+0200: 48.875: [GC remark 2020-09-29T12:21:28.721+0200: 48.875: [Finalize Marking, 0.0002069 secs] 2020-09-29T12:21:28.721+0200: 48.876: [GC ref-proc, 0.0003810 secs] 2020-09-29T12:21:28.721+0200: 48.876: [Unloading, 0.0005023 secs], 0.0014764 secs]
 [Times: user=0.00 sys=0.00, real=0.00 secs] 
2020-09-29T12:21:28.722+0200: 48.877: [GC cleanup 1167M->29M(2048M), 0.0012465 secs]
 [Times: user=0.11 sys=0.00, real=0.00 secs] 
2020-09-29T12:21:28.724+0200: 48.878: [GC concurrent-cleanup-start]
2020-09-29T12:21:28.726+0200: 48.881: [GC concurrent-cleanup-end, 0.0021287 secs]
2020-09-29T12:21:28.893+0200: 49.047: [GC pause (G1 Evacuation Pause) (young), 0.1675774 secs]
   [Parallel Time: 166.4 ms, GC Workers: 8]
      [GC Worker Start (ms): Min: 49047.4, Avg: 49047.5, Max: 49047.6, Diff: 0.2]
      [Ext Root Scanning (ms): Min: 0.0, Avg: 0.1, Max: 0.2, Diff: 0.2, Sum: 0.5]
      [Update RS (ms): Min: 22.9, Avg: 23.3, Max: 23.6, Diff: 0.7, Sum: 186.3]
         [Processed Buffers: Min: 17, Avg: 18.1, Max: 20, Diff: 3, Sum: 145]
      [Scan RS (ms): Min: 22.2, Avg: 22.6, Max: 23.1, Diff: 0.9, Sum: 180.6]
      [Code Root Scanning (ms): Min: 0.0, Avg: 0.0, Max: 0.0, Diff: 0.0, Sum: 0.0]
      [Object Copy (ms): Min: 120.0, Avg: 120.2, Max: 120.2, Diff: 0.2, Sum: 961.2]
      [Termination (ms): Min: 0.0, Avg: 0.0, Max: 0.0, Diff: 0.0, Sum: 0.2]
         [Termination Attempts: Min: 1, Avg: 187.5, Max: 250, Diff: 249, Sum: 1500]
      [GC Worker Other (ms): Min: 0.0, Avg: 0.1, Max: 0.1, Diff: 0.1, Sum: 0.5]
      [GC Worker Total (ms): Min: 166.1, Avg: 166.2, Max: 166.2, Diff: 0.2, Sum: 1329.3]
      [GC Worker End (ms): Min: 49213.7, Avg: 49213.7, Max: 49213.7, Diff: 0.1]
   [Code Root Fixup: 0.0 ms]
   [Code Root Purge: 0.0 ms]
   [Clear CT: 0.2 ms]
   [Other: 1.0 ms]
      [Choose CSet: 0.0 ms]
      [Ref Proc: 0.1 ms]
      [Ref Enq: 0.0 ms]
      [Redirty Cards: 0.3 ms]
      [Humongous Register: 0.0 ms]
      [Humongous Reclaim: 0.0 ms]
      [Free CSet: 0.3 ms]
   [Eden: 286.0M(286.0M)->0.0B(253.0M) Survivors: 9216.0K->37.0M Heap: 350.2M(2048.0M)->344.2M(2048.0M)]
 [Times: user=1.38 sys=0.00, real=0.17 secs] 
2020-09-29T12:21:29.224+0200: 49.379: [GC pause (G1 Evacuation Pause) (young), 0.1813932 secs]
   [Parallel Time: 180.3 ms, GC Workers: 8]
      [GC Worker Start (ms): Min: 49378.7, Avg: 49378.8, Max: 49378.8, Diff: 0.1]
      [Ext Root Scanning (ms): Min: 0.0, Avg: 0.1, Max: 0.1, Diff: 0.1, Sum: 0.6]
      [Update RS (ms): Min: 17.4, Avg: 17.6, Max: 18.4, Diff: 1.0, Sum: 140.5]
         [Processed Buffers: Min: 15, Avg: 17.5, Max: 22, Diff: 7, Sum: 140]
      [Scan RS (ms): Min: 16.9, Avg: 17.6, Max: 17.9, Diff: 1.0, Sum: 140.9]
      [Code Root Scanning (ms): Min: 0.0, Avg: 0.0, Max: 0.0, Diff: 0.0, Sum: 0.0]
      [Object Copy (ms): Min: 144.4, Avg: 144.5, Max: 144.7, Diff: 0.3, Sum: 1156.3]
      [Termination (ms): Min: 0.0, Avg: 0.0, Max: 0.0, Diff: 0.0, Sum: 0.2]
         [Termination Attempts: Min: 1, Avg: 161.6, Max: 201, Diff: 200, Sum: 1293]
      [GC Worker Other (ms): Min: 0.0, Avg: 0.2, Max: 0.3, Diff: 0.3, Sum: 1.5]
      [GC Worker Total (ms): Min: 179.8, Avg: 180.0, Max: 180.2, Diff: 0.4, Sum: 1440.0]
      [GC Worker End (ms): Min: 49558.6, Avg: 49558.8, Max: 49558.9, Diff: 0.3]
   [Code Root Fixup: 0.0 ms]
   [Code Root Purge: 0.0 ms]
   [Clear CT: 0.2 ms]
   [Other: 0.9 ms]
      [Choose CSet: 0.0 ms]
      [Ref Proc: 0.2 ms]
      [Ref Enq: 0.0 ms]
      [Redirty Cards: 0.2 ms]
      [Humongous Register: 0.0 ms]
      [Humongous Reclaim: 0.0 ms]
      [Free CSet: 0.3 ms]
   [Eden: 253.0M(253.0M)->0.0B(244.0M) Survivors: 37.0M->37.0M Heap: 641.1M(2048.0M)->643.6M(2048.0M)]
 [Times: user=1.24 sys=0.00, real=0.18 secs] 
2020-09-29T12:21:29.566+0200: 49.721: [GC pause (G1 Evacuation Pause) (young), 0.2143692 secs]
   [Parallel Time: 213.3 ms, GC Workers: 8]
      [GC Worker Start (ms): Min: 49721.1, Avg: 49721.2, Max: 49721.3, Diff: 0.2]
      [Ext Root Scanning (ms): Min: 0.0, Avg: 0.1, Max: 0.2, Diff: 0.2, Sum: 0.6]
      [Update RS (ms): Min: 21.2, Avg: 22.5, Max: 30.8, Diff: 9.6, Sum: 179.8]
         [Processed Buffers: Min: 0, Avg: 19.3, Max: 24, Diff: 24, Sum: 154]
      [Scan RS (ms): Min: 7.2, Avg: 18.7, Max: 42.2, Diff: 35.0, Sum: 149.8]
      [Code Root Scanning (ms): Min: 0.0, Avg: 0.0, Max: 0.0, Diff: 0.0, Sum: 0.0]
      [Object Copy (ms): Min: 149.4, Avg: 171.6, Max: 174.8, Diff: 25.4, Sum: 1373.0]
      [Termination (ms): Min: 0.0, Avg: 0.1, Max: 0.2, Diff: 0.1, Sum: 1.0]
         [Termination Attempts: Min: 1, Avg: 511.5, Max: 782, Diff: 781, Sum: 4092]
      [GC Worker Other (ms): Min: 0.0, Avg: 0.0, Max: 0.1, Diff: 0.1, Sum: 0.4]
      [GC Worker Total (ms): Min: 213.0, Avg: 213.1, Max: 213.1, Diff: 0.2, Sum: 1704.6]
      [GC Worker End (ms): Min: 49934.3, Avg: 49934.3, Max: 49934.4, Diff: 0.1]
   [Code Root Fixup: 0.0 ms]
   [Code Root Purge: 0.0 ms]
   [Clear CT: 0.1 ms]
   [Other: 0.9 ms]
      [Choose CSet: 0.0 ms]
      [Ref Proc: 0.2 ms]
      [Ref Enq: 0.0 ms]
      [Redirty Cards: 0.2 ms]
      [Humongous Register: 0.0 ms]
      [Humongous Reclaim: 0.0 ms]
      [Free CSet: 0.2 ms]
   [Eden: 244.0M(244.0M)->0.0B(213.0M) Survivors: 37.0M->36.0M Heap: 927.6M(2048.0M)->930.1M(2048.0M)]
 [Times: user=1.50 sys=0.00, real=0.21 secs] 
2020-09-29T12:21:29.861+0200: 50.016: [GC pause (G1 Humongous Allocation) (young) (initial-mark), 0.0913702 secs]
   [Parallel Time: 90.5 ms, GC Workers: 8]
      [GC Worker Start (ms): Min: 50015.7, Avg: 50015.7, Max: 50015.8, Diff: 0.1]
      [Ext Root Scanning (ms): Min: 0.0, Avg: 0.1, Max: 0.1, Diff: 0.1, Sum: 0.7]
      [Update RS (ms): Min: 15.4, Avg: 15.7, Max: 16.1, Diff: 0.7, Sum: 125.7]
         [Processed Buffers: Min: 14, Avg: 15.6, Max: 17, Diff: 3, Sum: 125]
      [Scan RS (ms): Min: 4.9, Avg: 5.2, Max: 5.6, Diff: 0.7, Sum: 41.6]
      [Code Root Scanning (ms): Min: 0.0, Avg: 0.0, Max: 0.0, Diff: 0.0, Sum: 0.0]
      [Object Copy (ms): Min: 69.3, Avg: 69.4, Max: 69.4, Diff: 0.1, Sum: 554.8]
      [Termination (ms): Min: 0.0, Avg: 0.0, Max: 0.0, Diff: 0.0, Sum: 0.1]
         [Termination Attempts: Min: 1, Avg: 58.0, Max: 79, Diff: 78, Sum: 464]
      [GC Worker Other (ms): Min: 0.0, Avg: 0.0, Max: 0.1, Diff: 0.1, Sum: 0.3]
      [GC Worker Total (ms): Min: 90.4, Avg: 90.4, Max: 90.5, Diff: 0.1, Sum: 723.2]
      [GC Worker End (ms): Min: 50106.1, Avg: 50106.1, Max: 50106.2, Diff: 0.1]
   [Code Root Fixup: 0.0 ms]
   [Code Root Purge: 0.0 ms]
   [Clear CT: 0.2 ms]
   [Other: 0.7 ms]
      [Choose CSet: 0.0 ms]
      [Ref Proc: 0.2 ms]
      [Ref Enq: 0.0 ms]
      [Redirty Cards: 0.2 ms]
      [Humongous Register: 0.0 ms]
      [Humongous Reclaim: 0.0 ms]
      [Free CSet: 0.1 ms]
   [Eden: 122.0M(213.0M)->0.0B(246.0M) Survivors: 36.0M->32.0M Heap: 1070.7M(2048.0M)->1072.7M(2048.0M)]
 [Times: user=0.75 sys=0.00, real=0.09 secs] 
2020-09-29T12:21:29.952+0200: 50.107: [GC concurrent-root-region-scan-start]
2020-09-29T12:21:29.963+0200: 50.118: [GC concurrent-root-region-scan-end, 0.0105709 secs]
2020-09-29T12:21:29.963+0200: 50.118: [GC concurrent-mark-start]
2020-09-29T12:21:29.965+0200: 50.120: [GC concurrent-mark-end, 0.0025463 secs]
2020-09-29T12:21:29.966+0200: 50.120: [GC remark 2020-09-29T12:21:29.966+0200: 50.120: [Finalize Marking, 0.0001856 secs] 2020-09-29T12:21:29.966+0200: 50.121: [GC ref-proc, 0.0002730 secs] 2020-09-29T12:21:29.966+0200: 50.121: [Unloading, 0.0004407 secs], 0.0011987 secs]
 [Times: user=0.00 sys=0.00, real=0.00 secs] 
2020-09-29T12:21:29.967+0200: 50.122: [GC cleanup 1102M->69M(2048M), 0.0014215 secs]
 [Times: user=0.00 sys=0.00, real=0.00 secs] 
2020-09-29T12:21:29.969+0200: 50.123: [GC concurrent-cleanup-start]
2020-09-29T12:21:29.970+0200: 50.125: [GC concurrent-cleanup-end, 0.0011729 secs]
2020-09-29T12:21:30.096+0200: 50.250: [GC pause (G1 Evacuation Pause) (young), 0.1591030 secs]
   [Parallel Time: 158.0 ms, GC Workers: 8]
      [GC Worker Start (ms): Min: 50250.5, Avg: 50250.6, Max: 50250.7, Diff: 0.2]
      [Ext Root Scanning (ms): Min: 0.0, Avg: 0.1, Max: 0.2, Diff: 0.2, Sum: 0.6]
      [Update RS (ms): Min: 20.5, Avg: 20.8, Max: 21.1, Diff: 0.5, Sum: 166.1]
         [Processed Buffers: Min: 16, Avg: 18.8, Max: 22, Diff: 6, Sum: 150]
      [Scan RS (ms): Min: 12.6, Avg: 12.9, Max: 13.2, Diff: 0.6, Sum: 103.6]
      [Code Root Scanning (ms): Min: 0.0, Avg: 0.0, Max: 0.0, Diff: 0.0, Sum: 0.0]
      [Object Copy (ms): Min: 123.8, Avg: 123.9, Max: 124.0, Diff: 0.2, Sum: 991.4]
      [Termination (ms): Min: 0.0, Avg: 0.1, Max: 0.1, Diff: 0.1, Sum: 0.6]
         [Termination Attempts: Min: 1, Avg: 511.1, Max: 621, Diff: 620, Sum: 4089]
      [GC Worker Other (ms): Min: 0.0, Avg: 0.1, Max: 0.1, Diff: 0.0, Sum: 0.5]
      [GC Worker Total (ms): Min: 157.8, Avg: 157.9, Max: 157.9, Diff: 0.2, Sum: 1262.8]
      [GC Worker End (ms): Min: 50408.4, Avg: 50408.4, Max: 50408.5, Diff: 0.0]
   [Code Root Fixup: 0.0 ms]
   [Code Root Purge: 0.0 ms]
   [Clear CT: 0.2 ms]
   [Other: 0.9 ms]
      [Choose CSet: 0.0 ms]
      [Ref Proc: 0.2 ms]
      [Ref Enq: 0.0 ms]
      [Redirty Cards: 0.3 ms]
      [Humongous Register: 0.0 ms]
      [Humongous Reclaim: 0.0 ms]
      [Free CSet: 0.1 ms]
   [Eden: 246.0M(246.0M)->0.0B(257.0M) Survivors: 32.0M->35.0M Heap: 328.0M(2048.0M)->297.5M(2048.0M)]
 [Times: user=1.06 sys=0.03, real=0.16 secs] 
2020-09-29T12:21:30.438+0200: 50.594: [GC pause (G1 Evacuation Pause) (young), 0.1700360 secs]
   [Parallel Time: 168.8 ms, GC Workers: 8]
      [GC Worker Start (ms): Min: 50593.7, Avg: 50593.8, Max: 50593.9, Diff: 0.2]
      [Ext Root Scanning (ms): Min: 0.0, Avg: 0.1, Max: 0.2, Diff: 0.2, Sum: 0.6]
      [Update RS (ms): Min: 17.5, Avg: 17.9, Max: 18.4, Diff: 1.0, Sum: 143.4]
         [Processed Buffers: Min: 14, Avg: 15.6, Max: 17, Diff: 3, Sum: 125]
      [Scan RS (ms): Min: 19.0, Avg: 19.6, Max: 20.1, Diff: 1.1, Sum: 156.4]
      [Code Root Scanning (ms): Min: 0.0, Avg: 0.0, Max: 0.0, Diff: 0.0, Sum: 0.0]
      [Object Copy (ms): Min: 130.5, Avg: 130.6, Max: 130.7, Diff: 0.3, Sum: 1045.2]
      [Termination (ms): Min: 0.0, Avg: 0.3, Max: 0.5, Diff: 0.5, Sum: 2.6]
         [Termination Attempts: Min: 1, Avg: 1803.5, Max: 2270, Diff: 2269, Sum: 14428]
      [GC Worker Other (ms): Min: 0.0, Avg: 0.0, Max: 0.0, Diff: 0.0, Sum: 0.1]
      [GC Worker Total (ms): Min: 168.5, Avg: 168.5, Max: 168.6, Diff: 0.2, Sum: 1348.4]
      [GC Worker End (ms): Min: 50762.3, Avg: 50762.3, Max: 50762.4, Diff: 0.0]
   [Code Root Fixup: 0.0 ms]
   [Code Root Purge: 0.0 ms]
   [Clear CT: 0.2 ms]
   [Other: 1.1 ms]
      [Choose CSet: 0.0 ms]
      [Ref Proc: 0.2 ms]
      [Ref Enq: 0.0 ms]
      [Redirty Cards: 0.3 ms]
      [Humongous Register: 0.0 ms]
      [Humongous Reclaim: 0.0 ms]
      [Free CSet: 0.3 ms]
   [Eden: 257.0M(257.0M)->0.0B(262.0M) Survivors: 35.0M->37.0M Heap: 596.4M(2048.0M)->598.9M(2048.0M)]
 [Times: user=1.27 sys=0.09, real=0.17 secs] 
2020-09-29T12:21:30.765+0200: 50.920: [GC pause (G1 Evacuation Pause) (young), 0.1787034 secs]
   [Parallel Time: 177.4 ms, GC Workers: 8]
      [GC Worker Start (ms): Min: 50920.1, Avg: 50920.2, Max: 50920.3, Diff: 0.2]
      [Ext Root Scanning (ms): Min: 0.0, Avg: 0.1, Max: 0.2, Diff: 0.2, Sum: 0.5]
      [Update RS (ms): Min: 17.1, Avg: 17.4, Max: 17.7, Diff: 0.6, Sum: 139.1]
         [Processed Buffers: Min: 14, Avg: 15.8, Max: 18, Diff: 4, Sum: 126]
      [Scan RS (ms): Min: 17.6, Avg: 18.0, Max: 18.4, Diff: 0.8, Sum: 144.4]
      [Code Root Scanning (ms): Min: 0.0, Avg: 0.0, Max: 0.1, Diff: 0.1, Sum: 0.2]
      [Object Copy (ms): Min: 141.5, Avg: 141.6, Max: 141.8, Diff: 0.3, Sum: 1132.7]
      [Termination (ms): Min: 0.1, Avg: 0.1, Max: 0.1, Diff: 0.1, Sum: 0.8]
         [Termination Attempts: Min: 1, Avg: 472.0, Max: 697, Diff: 696, Sum: 3776]
      [GC Worker Other (ms): Min: 0.0, Avg: 0.0, Max: 0.0, Diff: 0.0, Sum: 0.1]
      [GC Worker Total (ms): Min: 177.1, Avg: 177.2, Max: 177.3, Diff: 0.2, Sum: 1417.7]
      [GC Worker End (ms): Min: 51097.4, Avg: 51097.4, Max: 51097.4, Diff: 0.0]
   [Code Root Fixup: 0.0 ms]
   [Code Root Purge: 0.0 ms]
   [Clear CT: 0.2 ms]
   [Other: 1.1 ms]
      [Choose CSet: 0.0 ms]
      [Ref Proc: 0.2 ms]
      [Ref Enq: 0.0 ms]
      [Redirty Cards: 0.2 ms]
      [Humongous Register: 0.0 ms]
      [Humongous Reclaim: 0.0 ms]
      [Free CSet: 0.4 ms]
   [Eden: 262.0M(262.0M)->0.0B(262.0M) Survivors: 37.0M->38.0M Heap: 904.8M(2048.0M)->906.3M(2048.0M)]
 [Times: user=1.42 sys=0.00, real=0.18 secs] 
2020-09-29T12:21:31.125+0200: 51.280: [GC pause (G1 Evacuation Pause) (young), 0.1780584 secs]
   [Parallel Time: 176.9 ms, GC Workers: 8]
      [GC Worker Start (ms): Min: 51280.0, Avg: 51280.1, Max: 51280.2, Diff: 0.2]
      [Ext Root Scanning (ms): Min: 0.0, Avg: 0.1, Max: 0.2, Diff: 0.2, Sum: 0.6]
      [Update RS (ms): Min: 18.4, Avg: 18.6, Max: 18.9, Diff: 0.5, Sum: 149.1]
         [Processed Buffers: Min: 13, Avg: 17.3, Max: 20, Diff: 7, Sum: 138]
      [Scan RS (ms): Min: 16.5, Avg: 16.9, Max: 17.9, Diff: 1.5, Sum: 135.4]
      [Code Root Scanning (ms): Min: 0.0, Avg: 0.0, Max: 0.0, Diff: 0.0, Sum: 0.0]
      [Object Copy (ms): Min: 140.3, Avg: 141.1, Max: 141.3, Diff: 1.0, Sum: 1128.6]
      [Termination (ms): Min: 0.0, Avg: 0.0, Max: 0.0, Diff: 0.0, Sum: 0.2]
         [Termination Attempts: Min: 1, Avg: 132.3, Max: 173, Diff: 172, Sum: 1058]
      [GC Worker Other (ms): Min: 0.0, Avg: 0.0, Max: 0.1, Diff: 0.1, Sum: 0.3]
      [GC Worker Total (ms): Min: 176.7, Avg: 176.8, Max: 176.9, Diff: 0.1, Sum: 1414.1]
      [GC Worker End (ms): Min: 51456.9, Avg: 51456.9, Max: 51456.9, Diff: 0.1]
   [Code Root Fixup: 0.0 ms]
   [Code Root Purge: 0.0 ms]
   [Clear CT: 0.2 ms]
   [Other: 0.9 ms]
      [Choose CSet: 0.0 ms]
      [Ref Proc: 0.2 ms]
      [Ref Enq: 0.0 ms]
      [Redirty Cards: 0.2 ms]
      [Humongous Register: 0.0 ms]
      [Humongous Reclaim: 0.0 ms]
      [Free CSet: 0.3 ms]
   [Eden: 262.0M(262.0M)->0.0B(261.0M) Survivors: 38.0M->38.0M Heap: 1212.2M(2048.0M)->1214.2M(2048.0M)]
 [Times: user=1.38 sys=0.02, real=0.18 secs] 
2020-09-29T12:21:31.317+0200: 51.472: [GC pause (G1 Humongous Allocation) (young) (initial-mark), 0.0637792 secs]
   [Parallel Time: 62.9 ms, GC Workers: 8]
      [GC Worker Start (ms): Min: 51471.9, Avg: 51472.0, Max: 51472.1, Diff: 0.2]
      [Ext Root Scanning (ms): Min: 0.0, Avg: 0.2, Max: 0.3, Diff: 0.3, Sum: 1.4]
      [Update RS (ms): Min: 28.1, Avg: 28.3, Max: 28.5, Diff: 0.4, Sum: 226.6]
         [Processed Buffers: Min: 30, Avg: 32.6, Max: 37, Diff: 7, Sum: 261]
      [Scan RS (ms): Min: 2.5, Avg: 2.7, Max: 2.9, Diff: 0.4, Sum: 21.6]
      [Code Root Scanning (ms): Min: 0.0, Avg: 0.0, Max: 0.0, Diff: 0.0, Sum: 0.0]
      [Object Copy (ms): Min: 31.4, Avg: 31.5, Max: 31.5, Diff: 0.1, Sum: 251.6]
      [Termination (ms): Min: 0.0, Avg: 0.0, Max: 0.0, Diff: 0.0, Sum: 0.0]
         [Termination Attempts: Min: 1, Avg: 8.0, Max: 12, Diff: 11, Sum: 64]
      [GC Worker Other (ms): Min: 0.0, Avg: 0.0, Max: 0.1, Diff: 0.0, Sum: 0.3]
      [GC Worker Total (ms): Min: 62.6, Avg: 62.7, Max: 62.7, Diff: 0.2, Sum: 501.5]
      [GC Worker End (ms): Min: 51534.7, Avg: 51534.7, Max: 51534.7, Diff: 0.0]
   [Code Root Fixup: 0.0 ms]
   [Code Root Purge: 0.0 ms]
   [Clear CT: 0.2 ms]
   [Other: 0.8 ms]
      [Choose CSet: 0.0 ms]
      [Ref Proc: 0.2 ms]
      [Ref Enq: 0.0 ms]
      [Redirty Cards: 0.2 ms]
      [Humongous Register: 0.1 ms]
      [Humongous Reclaim: 0.0 ms]
      [Free CSet: 0.1 ms]
   [Eden: 4096.0K(261.0M)->0.0B(244.0M) Survivors: 38.0M->6144.0K Heap: 1217.7M(2048.0M)->1221.2M(2048.0M)]
 [Times: user=0.45 sys=0.01, real=0.06 secs] 
2020-09-29T12:21:31.381+0200: 51.536: [GC concurrent-root-region-scan-start]
2020-09-29T12:21:31.382+0200: 51.537: [GC concurrent-root-region-scan-end, 0.0012890 secs]
2020-09-29T12:21:31.382+0200: 51.537: [GC concurrent-mark-start]
2020-09-29T12:21:31.386+0200: 51.541: [GC concurrent-mark-end, 0.0042260 secs]
2020-09-29T12:21:31.387+0200: 51.542: [GC remark 2020-09-29T12:21:31.387+0200: 51.542: [Finalize Marking, 0.0003911 secs] 2020-09-29T12:21:31.387+0200: 51.542: [GC ref-proc, 0.0004656 secs] 2020-09-29T12:21:31.388+0200: 51.543: [Unloading, 0.0005117 secs], 0.0017425 secs]
 [Times: user=0.00 sys=0.00, real=0.00 secs] 
2020-09-29T12:21:31.389+0200: 51.544: [GC cleanup 1232M->24M(2048M), 0.0014306 secs]
 [Times: user=0.00 sys=0.00, real=0.00 secs] 
2020-09-29T12:21:31.391+0200: 51.546: [GC concurrent-cleanup-start]
2020-09-29T12:21:31.394+0200: 51.549: [GC concurrent-cleanup-end, 0.0030251 secs]
2020-09-29T12:21:31.545+0200: 51.701: [GC pause (G1 Evacuation Pause) (young), 0.1461859 secs]
   [Parallel Time: 145.0 ms, GC Workers: 8]
      [GC Worker Start (ms): Min: 51700.9, Avg: 51702.0, Max: 51705.2, Diff: 4.3]
      [Ext Root Scanning (ms): Min: 0.0, Avg: 0.1, Max: 0.2, Diff: 0.2, Sum: 0.5]
      [Update RS (ms): Min: 20.4, Avg: 23.5, Max: 24.5, Diff: 4.1, Sum: 187.7]
         [Processed Buffers: Min: 18, Avg: 20.9, Max: 24, Diff: 6, Sum: 167]
      [Scan RS (ms): Min: 13.3, Avg: 13.5, Max: 13.7, Diff: 0.4, Sum: 107.7]
      [Code Root Scanning (ms): Min: 0.0, Avg: 0.0, Max: 0.0, Diff: 0.0, Sum: 0.0]
      [Object Copy (ms): Min: 106.4, Avg: 106.7, Max: 106.9, Diff: 0.5, Sum: 853.8]
      [Termination (ms): Min: 0.0, Avg: 0.1, Max: 0.1, Diff: 0.1, Sum: 0.8]
         [Termination Attempts: Min: 1, Avg: 703.8, Max: 923, Diff: 922, Sum: 5630]
      [GC Worker Other (ms): Min: 0.0, Avg: 0.0, Max: 0.1, Diff: 0.1, Sum: 0.3]
      [GC Worker Total (ms): Min: 140.6, Avg: 143.8, Max: 144.9, Diff: 4.3, Sum: 1150.7]
      [GC Worker End (ms): Min: 51845.8, Avg: 51845.8, Max: 51845.8, Diff: 0.0]
   [Code Root Fixup: 0.0 ms]
   [Code Root Purge: 0.0 ms]
   [Clear CT: 0.2 ms]
   [Other: 1.0 ms]
      [Choose CSet: 0.0 ms]
      [Ref Proc: 0.2 ms]
      [Ref Enq: 0.0 ms]
      [Redirty Cards: 0.2 ms]
      [Humongous Register: 0.1 ms]
      [Humongous Reclaim: 0.0 ms]
      [Free CSet: 0.2 ms]
   [Eden: 244.0M(244.0M)->0.0B(234.0M) Survivors: 6144.0K->32.0M Heap: 299.5M(2048.0M)->296.0M(2048.0M)]
 [Times: user=1.09 sys=0.03, real=0.15 secs] 
2020-09-29T12:21:31.836+0200: 51.991: [GC pause (G1 Evacuation Pause) (young), 0.1478511 secs]
   [Parallel Time: 146.5 ms, GC Workers: 8]
      [GC Worker Start (ms): Min: 51991.0, Avg: 51991.0, Max: 51991.1, Diff: 0.1]
      [Ext Root Scanning (ms): Min: 0.0, Avg: 0.1, Max: 0.1, Diff: 0.1, Sum: 0.7]
      [Update RS (ms): Min: 15.1, Avg: 15.3, Max: 15.8, Diff: 0.8, Sum: 122.6]
         [Processed Buffers: Min: 14, Avg: 15.3, Max: 17, Diff: 3, Sum: 122]
      [Scan RS (ms): Min: 13.8, Avg: 14.3, Max: 14.6, Diff: 0.8, Sum: 114.6]
      [Code Root Scanning (ms): Min: 0.0, Avg: 0.0, Max: 0.0, Diff: 0.0, Sum: 0.0]
      [Object Copy (ms): Min: 116.5, Avg: 116.5, Max: 116.6, Diff: 0.1, Sum: 932.3]
      [Termination (ms): Min: 0.0, Avg: 0.1, Max: 0.1, Diff: 0.1, Sum: 0.6]
         [Termination Attempts: Min: 1, Avg: 559.1, Max: 707, Diff: 706, Sum: 4473]
      [GC Worker Other (ms): Min: 0.0, Avg: 0.0, Max: 0.1, Diff: 0.0, Sum: 0.3]
      [GC Worker Total (ms): Min: 146.3, Avg: 146.4, Max: 146.4, Diff: 0.1, Sum: 1171.1]
      [GC Worker End (ms): Min: 52137.4, Avg: 52137.4, Max: 52137.4, Diff: 0.0]
   [Code Root Fixup: 0.0 ms]
   [Code Root Purge: 0.0 ms]
   [Clear CT: 0.2 ms]
   [Other: 1.2 ms]
      [Choose CSet: 0.0 ms]
      [Ref Proc: 0.2 ms]
      [Ref Enq: 0.0 ms]
      [Redirty Cards: 0.3 ms]
      [Humongous Register: 0.0 ms]
      [Humongous Reclaim: 0.0 ms]
      [Free CSet: 0.3 ms]
   [Eden: 234.0M(234.0M)->0.0B(243.0M) Survivors: 32.0M->34.0M Heap: 568.1M(2048.0M)->569.6M(2048.0M)]
 [Times: user=1.09 sys=0.02, real=0.15 secs] 
2020-09-29T12:21:32.117+0200: 52.272: [GC pause (G1 Evacuation Pause) (young), 0.1643314 secs]
   [Parallel Time: 163.3 ms, GC Workers: 8]
      [GC Worker Start (ms): Min: 52272.1, Avg: 52273.0, Max: 52275.7, Diff: 3.6]
      [Ext Root Scanning (ms): Min: 0.0, Avg: 0.0, Max: 0.2, Diff: 0.2, Sum: 0.4]
      [Update RS (ms): Min: 19.2, Avg: 21.9, Max: 23.0, Diff: 3.8, Sum: 174.9]
         [Processed Buffers: Min: 17, Avg: 18.8, Max: 22, Diff: 5, Sum: 150]
      [Scan RS (ms): Min: 15.2, Avg: 15.7, Max: 16.2, Diff: 1.0, Sum: 125.5]
      [Code Root Scanning (ms): Min: 0.0, Avg: 0.0, Max: 0.0, Diff: 0.0, Sum: 0.0]
      [Object Copy (ms): Min: 124.5, Avg: 124.7, Max: 124.9, Diff: 0.4, Sum: 997.4]
      [Termination (ms): Min: 0.0, Avg: 0.1, Max: 0.1, Diff: 0.1, Sum: 0.6]
         [Termination Attempts: Min: 1, Avg: 480.5, Max: 707, Diff: 706, Sum: 3844]
      [GC Worker Other (ms): Min: 0.0, Avg: 0.0, Max: 0.1, Diff: 0.0, Sum: 0.3]
      [GC Worker Total (ms): Min: 159.6, Avg: 162.4, Max: 163.2, Diff: 3.5, Sum: 1299.0]
      [GC Worker End (ms): Min: 52435.3, Avg: 52435.4, Max: 52435.4, Diff: 0.0]
   [Code Root Fixup: 0.0 ms]
   [Code Root Purge: 0.0 ms]
   [Clear CT: 0.2 ms]
   [Other: 0.8 ms]
      [Choose CSet: 0.0 ms]
      [Ref Proc: 0.1 ms]
      [Ref Enq: 0.0 ms]
      [Redirty Cards: 0.2 ms]
      [Humongous Register: 0.0 ms]
      [Humongous Reclaim: 0.0 ms]
      [Free CSet: 0.2 ms]
   [Eden: 243.0M(243.0M)->0.0B(248.0M) Survivors: 34.0M->35.0M Heap: 852.7M(2048.0M)->854.7M(2048.0M)]
 [Times: user=1.22 sys=0.00, real=0.16 secs] 
2020-09-29T12:21:32.421+0200: 52.575: [GC pause (G1 Evacuation Pause) (young), 0.1583431 secs]
   [Parallel Time: 157.1 ms, GC Workers: 8]
      [GC Worker Start (ms): Min: 52575.6, Avg: 52575.7, Max: 52575.8, Diff: 0.2]
      [Ext Root Scanning (ms): Min: 0.0, Avg: 0.1, Max: 0.2, Diff: 0.2, Sum: 0.5]
      [Update RS (ms): Min: 19.6, Avg: 19.9, Max: 20.4, Diff: 0.8, Sum: 158.8]
         [Processed Buffers: Min: 18, Avg: 19.0, Max: 21, Diff: 3, Sum: 152]
      [Scan RS (ms): Min: 14.8, Avg: 15.4, Max: 15.8, Diff: 1.0, Sum: 123.4]
      [Code Root Scanning (ms): Min: 0.0, Avg: 0.0, Max: 0.0, Diff: 0.0, Sum: 0.0]
      [Object Copy (ms): Min: 121.3, Avg: 121.5, Max: 121.7, Diff: 0.3, Sum: 971.9]
      [Termination (ms): Min: 0.0, Avg: 0.1, Max: 0.1, Diff: 0.1, Sum: 0.5]
         [Termination Attempts: Min: 1, Avg: 460.8, Max: 560, Diff: 559, Sum: 3686]
      [GC Worker Other (ms): Min: 0.0, Avg: 0.0, Max: 0.1, Diff: 0.1, Sum: 0.3]
      [GC Worker Total (ms): Min: 156.9, Avg: 156.9, Max: 157.0, Diff: 0.1, Sum: 1255.5]
      [GC Worker End (ms): Min: 52732.6, Avg: 52732.6, Max: 52732.7, Diff: 0.1]
   [Code Root Fixup: 0.0 ms]
   [Code Root Purge: 0.0 ms]
   [Clear CT: 0.2 ms]
   [Other: 1.0 ms]
      [Choose CSet: 0.0 ms]
      [Ref Proc: 0.2 ms]
      [Ref Enq: 0.0 ms]
      [Redirty Cards: 0.2 ms]
      [Humongous Register: 0.0 ms]
      [Humongous Reclaim: 0.0 ms]
      [Free CSet: 0.3 ms]
   [Eden: 248.0M(248.0M)->0.0B(259.0M) Survivors: 35.0M->36.0M Heap: 1144.6M(2048.0M)->1146.1M(2048.0M)]
 [Times: user=1.23 sys=0.00, real=0.16 secs] 
2020-09-29T12:21:32.587+0200: 52.742: [GC pause (G1 Humongous Allocation) (young) (initial-mark), 0.0526308 secs]
   [Parallel Time: 51.6 ms, GC Workers: 8]
      [GC Worker Start (ms): Min: 52742.6, Avg: 52742.6, Max: 52742.7, Diff: 0.1]
      [Ext Root Scanning (ms): Min: 0.0, Avg: 0.1, Max: 0.1, Diff: 0.1, Sum: 0.7]
      [Update RS (ms): Min: 29.5, Avg: 29.6, Max: 29.9, Diff: 0.4, Sum: 237.1]
         [Processed Buffers: Min: 33, Avg: 35.5, Max: 37, Diff: 4, Sum: 284]
      [Scan RS (ms): Min: 2.4, Avg: 2.6, Max: 2.8, Diff: 0.3, Sum: 20.8]
      [Code Root Scanning (ms): Min: 0.0, Avg: 0.0, Max: 0.0, Diff: 0.0, Sum: 0.0]
      [Object Copy (ms): Min: 19.1, Avg: 19.1, Max: 19.2, Diff: 0.1, Sum: 153.1]
      [Termination (ms): Min: 0.0, Avg: 0.0, Max: 0.0, Diff: 0.0, Sum: 0.2]
         [Termination Attempts: Min: 1, Avg: 187.9, Max: 263, Diff: 262, Sum: 1503]
      [GC Worker Other (ms): Min: 0.0, Avg: 0.0, Max: 0.1, Diff: 0.0, Sum: 0.2]
      [GC Worker Total (ms): Min: 51.5, Avg: 51.5, Max: 51.6, Diff: 0.1, Sum: 412.2]
      [GC Worker End (ms): Min: 52794.1, Avg: 52794.2, Max: 52794.2, Diff: 0.0]
   [Code Root Fixup: 0.0 ms]
   [Code Root Purge: 0.0 ms]
   [Clear CT: 0.1 ms]
   [Other: 0.8 ms]
      [Choose CSet: 0.0 ms]
      [Ref Proc: 0.2 ms]
      [Ref Enq: 0.0 ms]
      [Redirty Cards: 0.1 ms]
      [Humongous Register: 0.1 ms]
      [Humongous Reclaim: 0.0 ms]
      [Free CSet: 0.1 ms]
   [Eden: 4096.0K(259.0M)->0.0B(295.0M) Survivors: 36.0M->5120.0K Heap: 1150.1M(2048.0M)->1152.6M(2048.0M)]
 [Times: user=0.36 sys=0.02, real=0.05 secs] 
2020-09-29T12:21:32.640+0200: 52.795: [GC concurrent-root-region-scan-start]
2020-09-29T12:21:32.642+0200: 52.797: [GC concurrent-root-region-scan-end, 0.0014406 secs]
2020-09-29T12:21:32.642+0200: 52.797: [GC concurrent-mark-start]
2020-09-29T12:21:32.645+0200: 52.800: [GC concurrent-mark-end, 0.0036191 secs]
2020-09-29T12:21:32.645+0200: 52.800: [GC remark 2020-09-29T12:21:32.645+0200: 52.800: [Finalize Marking, 0.0002789 secs] 2020-09-29T12:21:32.646+0200: 52.801: [GC ref-proc, 0.0003874 secs] 2020-09-29T12:21:32.646+0200: 52.801: [Unloading, 0.0004951 secs], 0.0016654 secs]
 [Times: user=0.02 sys=0.00, real=0.00 secs] 
2020-09-29T12:21:32.648+0200: 52.803: [GC cleanup 1163M->23M(2048M), 0.0015110 secs]
 [Times: user=0.00 sys=0.00, real=0.00 secs] 
2020-09-29T12:21:32.649+0200: 52.804: [GC concurrent-cleanup-start]
2020-09-29T12:21:32.652+0200: 52.807: [GC concurrent-cleanup-end, 0.0023606 secs]
2020-09-29T12:21:32.806+0200: 52.961: [GC pause (G1 Evacuation Pause) (young), 0.1607500 secs]
   [Parallel Time: 159.6 ms, GC Workers: 8]
      [GC Worker Start (ms): Min: 52960.7, Avg: 52960.8, Max: 52960.8, Diff: 0.2]
      [Ext Root Scanning (ms): Min: 0.0, Avg: 0.1, Max: 0.2, Diff: 0.2, Sum: 0.5]
      [Update RS (ms): Min: 15.1, Avg: 15.3, Max: 15.5, Diff: 0.4, Sum: 122.1]
         [Processed Buffers: Min: 15, Avg: 17.0, Max: 19, Diff: 4, Sum: 136]
      [Scan RS (ms): Min: 14.3, Avg: 14.6, Max: 14.7, Diff: 0.5, Sum: 116.5]
      [Code Root Scanning (ms): Min: 0.0, Avg: 0.0, Max: 0.0, Diff: 0.0, Sum: 0.0]
      [Object Copy (ms): Min: 129.2, Avg: 129.3, Max: 129.4, Diff: 0.1, Sum: 1034.2]
      [Termination (ms): Min: 0.0, Avg: 0.1, Max: 0.1, Diff: 0.1, Sum: 0.8]
         [Termination Attempts: Min: 1, Avg: 659.0, Max: 799, Diff: 798, Sum: 5272]
      [GC Worker Other (ms): Min: 0.0, Avg: 0.0, Max: 0.1, Diff: 0.1, Sum: 0.3]
      [GC Worker Total (ms): Min: 159.2, Avg: 159.3, Max: 159.4, Diff: 0.1, Sum: 1274.4]
      [GC Worker End (ms): Min: 53120.1, Avg: 53120.1, Max: 53120.1, Diff: 0.1]
   [Code Root Fixup: 0.0 ms]
   [Code Root Purge: 0.0 ms]
   [Clear CT: 0.2 ms]
   [Other: 1.0 ms]
      [Choose CSet: 0.0 ms]
      [Ref Proc: 0.1 ms]
      [Ref Enq: 0.0 ms]
      [Redirty Cards: 0.3 ms]
      [Humongous Register: 0.0 ms]
      [Humongous Reclaim: 0.0 ms]
      [Free CSet: 0.3 ms]
   [Eden: 295.0M(295.0M)->0.0B(274.0M) Survivors: 5120.0K->38.0M Heap: 357.6M(2048.0M)->354.1M(2048.0M)]
 [Times: user=1.11 sys=0.05, real=0.16 secs] 
2020-09-29T12:21:33.117+0200: 53.272: [GC pause (G1 Evacuation Pause) (young), 0.1815498 secs]
   [Parallel Time: 180.2 ms, GC Workers: 8]
      [GC Worker Start (ms): Min: 53272.6, Avg: 53272.7, Max: 53272.8, Diff: 0.1]
      [Ext Root Scanning (ms): Min: 0.0, Avg: 0.1, Max: 0.1, Diff: 0.1, Sum: 0.6]
      [Update RS (ms): Min: 16.1, Avg: 16.3, Max: 16.6, Diff: 0.5, Sum: 130.4]
         [Processed Buffers: Min: 16, Avg: 17.6, Max: 22, Diff: 6, Sum: 141]
      [Scan RS (ms): Min: 18.7, Avg: 19.1, Max: 19.6, Diff: 0.9, Sum: 152.4]
      [Code Root Scanning (ms): Min: 0.0, Avg: 0.0, Max: 0.0, Diff: 0.0, Sum: 0.0]
      [Object Copy (ms): Min: 144.1, Avg: 144.5, Max: 144.6, Diff: 0.4, Sum: 1155.7]
      [Termination (ms): Min: 0.0, Avg: 0.1, Max: 0.1, Diff: 0.1, Sum: 0.5]
         [Termination Attempts: Min: 1, Avg: 20.6, Max: 31, Diff: 30, Sum: 165]
      [GC Worker Other (ms): Min: 0.0, Avg: 0.0, Max: 0.0, Diff: 0.0, Sum: 0.1]
      [GC Worker Total (ms): Min: 179.9, Avg: 180.0, Max: 180.0, Diff: 0.2, Sum: 1439.8]
      [GC Worker End (ms): Min: 53452.6, Avg: 53452.7, Max: 53452.7, Diff: 0.0]
   [Code Root Fixup: 0.0 ms]
   [Code Root Purge: 0.0 ms]
   [Clear CT: 0.2 ms]
   [Other: 1.2 ms]
      [Choose CSet: 0.0 ms]
      [Ref Proc: 0.3 ms]
      [Ref Enq: 0.0 ms]
      [Redirty Cards: 0.2 ms]
      [Humongous Register: 0.1 ms]
      [Humongous Reclaim: 0.0 ms]
      [Free CSet: 0.3 ms]
   [Eden: 274.0M(274.0M)->0.0B(265.0M) Survivors: 38.0M->39.0M Heap: 673.9M(2048.0M)->675.9M(2048.0M)]
 [Times: user=1.34 sys=0.00, real=0.18 secs] 
2020-09-29T12:21:33.463+0200: 53.618: [GC pause (G1 Evacuation Pause) (young), 0.1858287 secs]
   [Parallel Time: 184.6 ms, GC Workers: 8]
      [GC Worker Start (ms): Min: 53618.2, Avg: 53618.3, Max: 53618.3, Diff: 0.2]
      [Ext Root Scanning (ms): Min: 0.0, Avg: 0.1, Max: 0.2, Diff: 0.2, Sum: 0.5]
      [Update RS (ms): Min: 20.8, Avg: 21.2, Max: 21.6, Diff: 0.8, Sum: 169.6]
         [Processed Buffers: Min: 18, Avg: 20.5, Max: 23, Diff: 5, Sum: 164]
      [Scan RS (ms): Min: 18.8, Avg: 19.1, Max: 19.6, Diff: 0.8, Sum: 153.0]
      [Code Root Scanning (ms): Min: 0.0, Avg: 0.0, Max: 0.0, Diff: 0.0, Sum: 0.0]
      [Object Copy (ms): Min: 143.7, Avg: 143.9, Max: 144.0, Diff: 0.2, Sum: 1151.1]
      [Termination (ms): Min: 0.0, Avg: 0.1, Max: 0.1, Diff: 0.1, Sum: 0.8]
         [Termination Attempts: Min: 1, Avg: 246.1, Max: 355, Diff: 354, Sum: 1969]
      [GC Worker Other (ms): Min: 0.0, Avg: 0.0, Max: 0.1, Diff: 0.1, Sum: 0.4]
      [GC Worker Total (ms): Min: 184.4, Avg: 184.4, Max: 184.5, Diff: 0.2, Sum: 1475.4]
      [GC Worker End (ms): Min: 53802.7, Avg: 53802.7, Max: 53802.7, Diff: 0.0]
   [Code Root Fixup: 0.0 ms]
   [Code Root Purge: 0.0 ms]
   [Clear CT: 0.2 ms]
   [Other: 1.0 ms]
      [Choose CSet: 0.0 ms]
      [Ref Proc: 0.2 ms]
      [Ref Enq: 0.0 ms]
      [Redirty Cards: 0.3 ms]
      [Humongous Register: 0.0 ms]
      [Humongous Reclaim: 0.0 ms]
      [Free CSet: 0.3 ms]
   [Eden: 265.0M(265.0M)->0.0B(255.0M) Survivors: 39.0M->38.0M Heap: 984.7M(2048.0M)->986.7M(2048.0M)]
 [Times: user=1.45 sys=0.00, real=0.19 secs] 
2020-09-29T12:21:33.659+0200: 53.815: [GC pause (G1 Humongous Allocation) (young) (initial-mark), 0.0608694 secs]
   [Parallel Time: 59.9 ms, GC Workers: 8]
      [GC Worker Start (ms): Min: 53814.8, Avg: 53814.9, Max: 53815.0, Diff: 0.2]
      [Ext Root Scanning (ms): Min: 0.0, Avg: 0.1, Max: 0.2, Diff: 0.2, Sum: 1.2]
      [Update RS (ms): Min: 29.1, Avg: 29.4, Max: 30.0, Diff: 0.8, Sum: 235.4]
         [Processed Buffers: Min: 29, Avg: 34.6, Max: 38, Diff: 9, Sum: 277]
      [Scan RS (ms): Min: 2.0, Avg: 2.6, Max: 3.0, Diff: 1.0, Sum: 21.0]
      [Code Root Scanning (ms): Min: 0.0, Avg: 0.0, Max: 0.0, Diff: 0.0, Sum: 0.0]
      [Object Copy (ms): Min: 27.0, Avg: 27.4, Max: 27.5, Diff: 0.5, Sum: 218.8]
      [Termination (ms): Min: 0.0, Avg: 0.1, Max: 0.2, Diff: 0.2, Sum: 0.8]
         [Termination Attempts: Min: 1, Avg: 537.5, Max: 763, Diff: 762, Sum: 4300]
      [GC Worker Other (ms): Min: 0.0, Avg: 0.0, Max: 0.0, Diff: 0.0, Sum: 0.1]
      [GC Worker Total (ms): Min: 59.6, Avg: 59.7, Max: 59.7, Diff: 0.2, Sum: 477.4]
      [GC Worker End (ms): Min: 53874.6, Avg: 53874.6, Max: 53874.6, Diff: 0.0]
   [Code Root Fixup: 0.0 ms]
   [Code Root Purge: 0.0 ms]
   [Clear CT: 0.2 ms]
   [Other: 0.9 ms]
      [Choose CSet: 0.0 ms]
      [Ref Proc: 0.2 ms]
      [Ref Enq: 0.0 ms]
      [Redirty Cards: 0.2 ms]
      [Humongous Register: 0.1 ms]
      [Humongous Reclaim: 0.0 ms]
      [Free CSet: 0.1 ms]
   [Eden: 2048.0K(255.0M)->0.0B(258.0M) Survivors: 38.0M->4096.0K Heap: 988.2M(2048.0M)->992.7M(2048.0M)]
 [Times: user=0.44 sys=0.02, real=0.06 secs] 
2020-09-29T12:21:33.720+0200: 53.876: [GC concurrent-root-region-scan-start]
2020-09-29T12:21:33.721+0200: 53.876: [GC concurrent-root-region-scan-end, 0.0005999 secs]
2020-09-29T12:21:33.721+0200: 53.876: [GC concurrent-mark-start]
2020-09-29T12:21:33.724+0200: 53.879: [GC concurrent-mark-end, 0.0030743 secs]
2020-09-29T12:21:33.724+0200: 53.880: [GC remark 2020-09-29T12:21:33.724+0200: 53.880: [Finalize Marking, 0.0002271 secs] 2020-09-29T12:21:33.724+0200: 53.880: [GC ref-proc, 0.0003081 secs] 2020-09-29T12:21:33.725+0200: 53.880: [Unloading, 0.0005407 secs], 0.0014509 secs]
 [Times: user=0.00 sys=0.00, real=0.00 secs] 
2020-09-29T12:21:33.726+0200: 53.881: [GC cleanup 1001M->20M(2048M), 0.0019300 secs]
 [Times: user=0.00 sys=0.00, real=0.00 secs] 
2020-09-29T12:21:33.728+0200: 53.883: [GC concurrent-cleanup-start]
2020-09-29T12:21:33.730+0200: 53.885: [GC concurrent-cleanup-end, 0.0019501 secs]
2020-09-29T12:21:33.887+0200: 54.042: [GC pause (G1 Evacuation Pause) (young), 0.1713931 secs]
   [Parallel Time: 170.2 ms, GC Workers: 8]
      [GC Worker Start (ms): Min: 54042.1, Avg: 54042.1, Max: 54042.2, Diff: 0.1]
      [Ext Root Scanning (ms): Min: 0.0, Avg: 0.1, Max: 0.1, Diff: 0.1, Sum: 0.7]
      [Update RS (ms): Min: 23.0, Avg: 23.3, Max: 23.9, Diff: 0.8, Sum: 186.7]
         [Processed Buffers: Min: 15, Avg: 17.1, Max: 19, Diff: 4, Sum: 137]
      [Scan RS (ms): Min: 21.9, Avg: 22.4, Max: 22.7, Diff: 0.9, Sum: 179.2]
      [Code Root Scanning (ms): Min: 0.0, Avg: 0.0, Max: 0.0, Diff: 0.0, Sum: 0.0]
      [Object Copy (ms): Min: 124.1, Avg: 124.1, Max: 124.2, Diff: 0.2, Sum: 993.0]
      [Termination (ms): Min: 0.0, Avg: 0.1, Max: 0.1, Diff: 0.1, Sum: 0.5]
         [Termination Attempts: Min: 1, Avg: 395.5, Max: 505, Diff: 504, Sum: 3164]
      [GC Worker Other (ms): Min: 0.0, Avg: 0.0, Max: 0.0, Diff: 0.0, Sum: 0.2]
      [GC Worker Total (ms): Min: 170.0, Avg: 170.0, Max: 170.1, Diff: 0.1, Sum: 1360.3]
      [GC Worker End (ms): Min: 54212.1, Avg: 54212.2, Max: 54212.2, Diff: 0.0]
   [Code Root Fixup: 0.0 ms]
   [Code Root Purge: 0.0 ms]
   [Clear CT: 0.2 ms]
   [Other: 1.0 ms]
      [Choose CSet: 0.0 ms]
      [Ref Proc: 0.1 ms]
      [Ref Enq: 0.0 ms]
      [Redirty Cards: 0.3 ms]
      [Humongous Register: 0.0 ms]
      [Humongous Reclaim: 0.0 ms]
      [Free CSet: 0.3 ms]
   [Eden: 258.0M(258.0M)->0.0B(222.0M) Survivors: 4096.0K->33.0M Heap: 313.9M(2048.0M)->311.9M(2048.0M)]
 [Times: user=1.16 sys=0.05, real=0.17 secs] 
2020-09-29T12:21:34.215+0200: 54.370: [GC pause (G1 Evacuation Pause) (young), 0.1540514 secs]
   [Parallel Time: 152.9 ms, GC Workers: 8]
      [GC Worker Start (ms): Min: 54370.1, Avg: 54370.2, Max: 54370.3, Diff: 0.1]
      [Ext Root Scanning (ms): Min: 0.0, Avg: 0.1, Max: 0.1, Diff: 0.1, Sum: 0.6]
      [Update RS (ms): Min: 16.0, Avg: 16.4, Max: 16.7, Diff: 0.7, Sum: 131.4]
         [Processed Buffers: Min: 6, Avg: 13.5, Max: 17, Diff: 11, Sum: 108]
      [Scan RS (ms): Min: 14.3, Avg: 14.6, Max: 14.9, Diff: 0.5, Sum: 116.5]
      [Code Root Scanning (ms): Min: 0.0, Avg: 0.0, Max: 0.0, Diff: 0.0, Sum: 0.0]
      [Object Copy (ms): Min: 121.4, Avg: 121.5, Max: 121.6, Diff: 0.2, Sum: 972.2]
      [Termination (ms): Min: 0.0, Avg: 0.1, Max: 0.2, Diff: 0.1, Sum: 1.0]
         [Termination Attempts: Min: 1, Avg: 546.8, Max: 798, Diff: 797, Sum: 4374]
      [GC Worker Other (ms): Min: 0.0, Avg: 0.0, Max: 0.0, Diff: 0.0, Sum: 0.1]
      [GC Worker Total (ms): Min: 152.7, Avg: 152.7, Max: 152.8, Diff: 0.1, Sum: 1221.8]
      [GC Worker End (ms): Min: 54522.9, Avg: 54522.9, Max: 54523.0, Diff: 0.0]
   [Code Root Fixup: 0.0 ms]
   [Code Root Purge: 0.0 ms]
   [Clear CT: 0.2 ms]
   [Other: 1.0 ms]
      [Choose CSet: 0.0 ms]
      [Ref Proc: 0.2 ms]
      [Ref Enq: 0.0 ms]
      [Redirty Cards: 0.2 ms]
      [Humongous Register: 0.0 ms]
      [Humongous Reclaim: 0.0 ms]
      [Free CSet: 0.3 ms]
   [Eden: 222.0M(222.0M)->0.0B(231.0M) Survivors: 33.0M->32.0M Heap: 570.1M(2048.0M)->572.6M(2048.0M)]
 [Times: user=1.20 sys=0.00, real=0.15 secs] 
2020-09-29T12:21:34.520+0200: 54.675: [GC pause (G1 Evacuation Pause) (young), 0.1912935 secs]
   [Parallel Time: 190.1 ms, GC Workers: 8]
      [GC Worker Start (ms): Min: 54674.8, Avg: 54675.3, Max: 54678.4, Diff: 3.6]
      [Ext Root Scanning (ms): Min: 0.0, Avg: 0.1, Max: 0.2, Diff: 0.2, Sum: 0.7]
      [Update RS (ms): Min: 17.1, Avg: 22.1, Max: 35.9, Diff: 18.8, Sum: 176.5]
         [Processed Buffers: Min: 13, Avg: 17.3, Max: 21, Diff: 8, Sum: 138]
      [Scan RS (ms): Min: 4.9, Avg: 18.6, Max: 21.4, Diff: 16.5, Sum: 149.0]
      [Code Root Scanning (ms): Min: 0.0, Avg: 0.0, Max: 0.0, Diff: 0.0, Sum: 0.0]
      [Object Copy (ms): Min: 147.8, Avg: 148.5, Max: 149.1, Diff: 1.3, Sum: 1188.2]
      [Termination (ms): Min: 0.0, Avg: 0.1, Max: 0.2, Diff: 0.2, Sum: 1.2]
         [Termination Attempts: Min: 1, Avg: 1001.8, Max: 1285, Diff: 1284, Sum: 8014]
      [GC Worker Other (ms): Min: 0.0, Avg: 0.0, Max: 0.1, Diff: 0.0, Sum: 0.3]
      [GC Worker Total (ms): Min: 186.4, Avg: 189.5, Max: 190.0, Diff: 3.6, Sum: 1515.9]
      [GC Worker End (ms): Min: 54864.8, Avg: 54864.8, Max: 54864.8, Diff: 0.0]
   [Code Root Fixup: 0.0 ms]
   [Code Root Purge: 0.0 ms]
   [Clear CT: 0.2 ms]
   [Other: 1.0 ms]
      [Choose CSet: 0.0 ms]
      [Ref Proc: 0.2 ms]
      [Ref Enq: 0.0 ms]
      [Redirty Cards: 0.3 ms]
      [Humongous Register: 0.1 ms]
      [Humongous Reclaim: 0.0 ms]
      [Free CSet: 0.3 ms]
   [Eden: 231.0M(231.0M)->0.0B(218.0M) Survivors: 32.0M->33.0M Heap: 843.7M(2048.0M)->845.7M(2048.0M)]
 [Times: user=1.41 sys=0.00, real=0.19 secs] 
2020-09-29T12:21:34.870+0200: 55.025: [GC pause (G1 Evacuation Pause) (young), 0.1445016 secs]
   [Parallel Time: 143.5 ms, GC Workers: 8]
      [GC Worker Start (ms): Min: 55025.4, Avg: 55025.5, Max: 55025.6, Diff: 0.2]
      [Ext Root Scanning (ms): Min: 0.0, Avg: 0.1, Max: 0.2, Diff: 0.2, Sum: 0.7]
      [Update RS (ms): Min: 15.7, Avg: 15.8, Max: 16.1, Diff: 0.4, Sum: 126.6]
         [Processed Buffers: Min: 13, Avg: 15.5, Max: 17, Diff: 4, Sum: 124]
      [Scan RS (ms): Min: 12.9, Avg: 13.2, Max: 13.3, Diff: 0.5, Sum: 105.5]
      [Code Root Scanning (ms): Min: 0.0, Avg: 0.0, Max: 0.0, Diff: 0.0, Sum: 0.0]
      [Object Copy (ms): Min: 113.9, Avg: 113.9, Max: 114.1, Diff: 0.2, Sum: 911.5]
      [Termination (ms): Min: 0.0, Avg: 0.1, Max: 0.2, Diff: 0.2, Sum: 1.1]
         [Termination Attempts: Min: 1, Avg: 542.4, Max: 821, Diff: 820, Sum: 4339]
      [GC Worker Other (ms): Min: 0.0, Avg: 0.0, Max: 0.0, Diff: 0.0, Sum: 0.1]
      [GC Worker Total (ms): Min: 143.1, Avg: 143.2, Max: 143.3, Diff: 0.2, Sum: 1145.6]
      [GC Worker End (ms): Min: 55168.7, Avg: 55168.7, Max: 55168.8, Diff: 0.1]
   [Code Root Fixup: 0.0 ms]
   [Code Root Purge: 0.0 ms]
   [Clear CT: 0.2 ms]
   [Other: 0.9 ms]
      [Choose CSet: 0.0 ms]
      [Ref Proc: 0.2 ms]
      [Ref Enq: 0.0 ms]
      [Redirty Cards: 0.2 ms]
      [Humongous Register: 0.0 ms]
      [Humongous Reclaim: 0.0 ms]
      [Free CSet: 0.3 ms]
   [Eden: 218.0M(218.0M)->0.0B(236.0M) Survivors: 33.0M->32.0M Heap: 1099.9M(2048.0M)->1101.4M(2048.0M)]
 [Times: user=1.05 sys=0.02, real=0.15 secs] 
2020-09-29T12:21:35.027+0200: 55.182: [GC pause (G1 Humongous Allocation) (young) (initial-mark), 0.0474734 secs]
   [Parallel Time: 45.5 ms, GC Workers: 8]
      [GC Worker Start (ms): Min: 55181.9, Avg: 55182.0, Max: 55182.0, Diff: 0.1]
      [Ext Root Scanning (ms): Min: 0.0, Avg: 0.1, Max: 0.1, Diff: 0.1, Sum: 0.7]
      [Update RS (ms): Min: 22.8, Avg: 23.0, Max: 23.4, Diff: 0.5, Sum: 184.1]
         [Processed Buffers: Min: 23, Avg: 26.4, Max: 29, Diff: 6, Sum: 211]
      [Scan RS (ms): Min: 1.7, Avg: 2.1, Max: 2.3, Diff: 0.6, Sum: 17.1]
      [Code Root Scanning (ms): Min: 0.0, Avg: 0.0, Max: 0.0, Diff: 0.0, Sum: 0.0]
      [Object Copy (ms): Min: 20.0, Avg: 20.0, Max: 20.1, Diff: 0.1, Sum: 160.2]
      [Termination (ms): Min: 0.0, Avg: 0.0, Max: 0.0, Diff: 0.0, Sum: 0.2]
         [Termination Attempts: Min: 1, Avg: 184.1, Max: 285, Diff: 284, Sum: 1473]
      [GC Worker Other (ms): Min: 0.0, Avg: 0.0, Max: 0.0, Diff: 0.0, Sum: 0.1]
      [GC Worker Total (ms): Min: 45.3, Avg: 45.3, Max: 45.3, Diff: 0.1, Sum: 362.5]
      [GC Worker End (ms): Min: 55227.3, Avg: 55227.3, Max: 55227.3, Diff: 0.0]
   [Code Root Fixup: 0.0 ms]
   [Code Root Purge: 0.0 ms]
   [Clear CT: 0.2 ms]
   [Other: 1.7 ms]
      [Choose CSet: 0.0 ms]
      [Ref Proc: 1.1 ms]
      [Ref Enq: 0.0 ms]
      [Redirty Cards: 0.2 ms]
      [Humongous Register: 0.1 ms]
      [Humongous Reclaim: 0.0 ms]
      [Free CSet: 0.1 ms]
   [Eden: 10.0M(236.0M)->0.0B(278.0M) Survivors: 32.0M->11.0M Heap: 1110.9M(2048.0M)->1114.9M(2048.0M)]
 [Times: user=0.38 sys=0.00, real=0.05 secs] 
2020-09-29T12:21:35.074+0200: 55.229: [GC concurrent-root-region-scan-start]
2020-09-29T12:21:35.079+0200: 55.234: [GC concurrent-root-region-scan-end, 0.0043255 secs]
2020-09-29T12:21:35.079+0200: 55.234: [GC concurrent-mark-start]
2020-09-29T12:21:35.082+0200: 55.237: [GC concurrent-mark-end, 0.0030751 secs]
2020-09-29T12:21:35.082+0200: 55.237: [GC remark 2020-09-29T12:21:35.082+0200: 55.237: [Finalize Marking, 0.0002516 secs] 2020-09-29T12:21:35.082+0200: 55.237: [GC ref-proc, 0.0004064 secs] 2020-09-29T12:21:35.083+0200: 55.238: [Unloading, 0.0006261 secs], 0.0018210 secs]
 [Times: user=0.01 sys=0.00, real=0.00 secs] 
2020-09-29T12:21:35.084+0200: 55.239: [GC cleanup 1131M->35M(2048M), 0.0013252 secs]
 [Times: user=0.00 sys=0.00, real=0.00 secs] 
2020-09-29T12:21:35.086+0200: 55.241: [GC concurrent-cleanup-start]
2020-09-29T12:21:35.087+0200: 55.242: [GC concurrent-cleanup-end, 0.0014831 secs]
2020-09-29T12:21:35.246+0200: 55.401: [GC pause (G1 Evacuation Pause) (young), 0.1484394 secs]
   [Parallel Time: 147.2 ms, GC Workers: 8]
      [GC Worker Start (ms): Min: 55401.6, Avg: 55401.7, Max: 55401.8, Diff: 0.2]
      [Ext Root Scanning (ms): Min: 0.0, Avg: 0.1, Max: 0.2, Diff: 0.2, Sum: 0.5]
      [Update RS (ms): Min: 12.9, Avg: 13.1, Max: 13.4, Diff: 0.5, Sum: 104.7]
         [Processed Buffers: Min: 13, Avg: 14.8, Max: 18, Diff: 5, Sum: 118]
      [Scan RS (ms): Min: 14.3, Avg: 14.7, Max: 14.9, Diff: 0.6, Sum: 117.9]
      [Code Root Scanning (ms): Min: 0.0, Avg: 0.0, Max: 0.0, Diff: 0.0, Sum: 0.0]
      [Object Copy (ms): Min: 118.9, Avg: 119.0, Max: 119.1, Diff: 0.2, Sum: 952.3]
      [Termination (ms): Min: 0.0, Avg: 0.0, Max: 0.0, Diff: 0.0, Sum: 0.2]
         [Termination Attempts: Min: 1, Avg: 120.0, Max: 148, Diff: 147, Sum: 960]
      [GC Worker Other (ms): Min: 0.0, Avg: 0.0, Max: 0.1, Diff: 0.0, Sum: 0.3]
      [GC Worker Total (ms): Min: 146.9, Avg: 147.0, Max: 147.1, Diff: 0.2, Sum: 1175.8]
      [GC Worker End (ms): Min: 55548.7, Avg: 55548.7, Max: 55548.7, Diff: 0.0]
   [Code Root Fixup: 0.0 ms]
   [Code Root Purge: 0.0 ms]
   [Clear CT: 0.2 ms]
   [Other: 1.1 ms]
      [Choose CSet: 0.0 ms]
      [Ref Proc: 0.2 ms]
      [Ref Enq: 0.0 ms]
      [Redirty Cards: 0.2 ms]
      [Humongous Register: 0.0 ms]
      [Humongous Reclaim: 0.0 ms]
      [Free CSet: 0.4 ms]
   [Eden: 278.0M(278.0M)->0.0B(268.0M) Survivors: 11.0M->37.0M Heap: 344.7M(2048.0M)->335.7M(2048.0M)]
 [Times: user=1.06 sys=0.00, real=0.15 secs] 
2020-09-29T12:21:35.558+0200: 55.713: [GC pause (G1 Evacuation Pause) (young), 0.1855584 secs]
   [Parallel Time: 184.3 ms, GC Workers: 8]
      [GC Worker Start (ms): Min: 55713.5, Avg: 55713.6, Max: 55713.7, Diff: 0.2]
      [Ext Root Scanning (ms): Min: 0.0, Avg: 0.1, Max: 0.2, Diff: 0.2, Sum: 0.6]
      [Update RS (ms): Min: 14.3, Avg: 14.4, Max: 14.6, Diff: 0.3, Sum: 115.6]
         [Processed Buffers: Min: 12, Avg: 14.4, Max: 16, Diff: 4, Sum: 115]
      [Scan RS (ms): Min: 17.5, Avg: 17.7, Max: 17.9, Diff: 0.3, Sum: 141.7]
      [Code Root Scanning (ms): Min: 0.0, Avg: 0.0, Max: 0.0, Diff: 0.0, Sum: 0.0]
      [Object Copy (ms): Min: 151.5, Avg: 151.8, Max: 151.9, Diff: 0.4, Sum: 1214.4]
      [Termination (ms): Min: 0.0, Avg: 0.0, Max: 0.0, Diff: 0.0, Sum: 0.1]
         [Termination Attempts: Min: 1, Avg: 77.3, Max: 102, Diff: 101, Sum: 618]
      [GC Worker Other (ms): Min: 0.0, Avg: 0.0, Max: 0.1, Diff: 0.1, Sum: 0.3]
      [GC Worker Total (ms): Min: 184.0, Avg: 184.1, Max: 184.2, Diff: 0.2, Sum: 1472.7]
      [GC Worker End (ms): Min: 55897.7, Avg: 55897.7, Max: 55897.7, Diff: 0.1]
   [Code Root Fixup: 0.0 ms]
   [Code Root Purge: 0.0 ms]
   [Clear CT: 0.2 ms]
   [Other: 1.1 ms]
      [Choose CSet: 0.0 ms]
      [Ref Proc: 0.2 ms]
      [Ref Enq: 0.0 ms]
      [Redirty Cards: 0.2 ms]
      [Humongous Register: 0.0 ms]
      [Humongous Reclaim: 0.0 ms]
      [Free CSet: 0.3 ms]
   [Eden: 268.0M(268.0M)->0.0B(256.0M) Survivors: 37.0M->39.0M Heap: 647.6M(2048.0M)->650.1M(2048.0M)]
 [Times: user=1.39 sys=0.02, real=0.18 secs] 
2020-09-29T12:21:35.915+0200: 56.071: [GC pause (G1 Evacuation Pause) (young), 0.1797851 secs]
   [Parallel Time: 178.7 ms, GC Workers: 8]
      [GC Worker Start (ms): Min: 56070.9, Avg: 56071.0, Max: 56071.1, Diff: 0.2]
      [Ext Root Scanning (ms): Min: 0.0, Avg: 0.1, Max: 0.1, Diff: 0.1, Sum: 0.7]
      [Update RS (ms): Min: 23.3, Avg: 23.5, Max: 24.2, Diff: 0.8, Sum: 188.1]
         [Processed Buffers: Min: 17, Avg: 19.5, Max: 23, Diff: 6, Sum: 156]
      [Scan RS (ms): Min: 19.3, Avg: 20.1, Max: 21.3, Diff: 2.1, Sum: 160.6]
      [Code Root Scanning (ms): Min: 0.0, Avg: 0.0, Max: 0.0, Diff: 0.0, Sum: 0.0]
      [Object Copy (ms): Min: 133.6, Avg: 134.6, Max: 134.9, Diff: 1.2, Sum: 1077.1]
      [Termination (ms): Min: 0.0, Avg: 0.0, Max: 0.1, Diff: 0.1, Sum: 0.3]
         [Termination Attempts: Min: 1, Avg: 251.9, Max: 317, Diff: 316, Sum: 2015]
      [GC Worker Other (ms): Min: 0.0, Avg: 0.1, Max: 0.2, Diff: 0.2, Sum: 1.0]
      [GC Worker Total (ms): Min: 178.4, Avg: 178.5, Max: 178.6, Diff: 0.2, Sum: 1427.9]
      [GC Worker End (ms): Min: 56249.3, Avg: 56249.4, Max: 56249.5, Diff: 0.2]
   [Code Root Fixup: 0.0 ms]
   [Code Root Purge: 0.0 ms]
   [Clear CT: 0.2 ms]
   [Other: 0.9 ms]
      [Choose CSet: 0.0 ms]
      [Ref Proc: 0.2 ms]
      [Ref Enq: 0.0 ms]
      [Redirty Cards: 0.2 ms]
      [Humongous Register: 0.1 ms]
      [Humongous Reclaim: 0.0 ms]
      [Free CSet: 0.3 ms]
   [Eden: 256.0M(256.0M)->0.0B(249.0M) Survivors: 39.0M->37.0M Heap: 949.9M(2048.0M)->951.9M(2048.0M)]
 [Times: user=1.27 sys=0.05, real=0.18 secs] 
2020-09-29T12:21:36.121+0200: 56.276: [GC pause (G1 Humongous Allocation) (young) (initial-mark), 0.0438484 secs]
   [Parallel Time: 42.9 ms, GC Workers: 8]
      [GC Worker Start (ms): Min: 56276.5, Avg: 56276.6, Max: 56276.7, Diff: 0.2]
      [Ext Root Scanning (ms): Min: 0.0, Avg: 1.3, Max: 9.4, Diff: 9.4, Sum: 10.5]
      [Update RS (ms): Min: 7.6, Avg: 15.9, Max: 17.5, Diff: 9.9, Sum: 127.2]
         [Processed Buffers: Min: 11, Avg: 17.9, Max: 21, Diff: 10, Sum: 143]
      [Scan RS (ms): Min: 2.5, Avg: 2.9, Max: 3.0, Diff: 0.5, Sum: 23.1]
      [Code Root Scanning (ms): Min: 0.0, Avg: 0.0, Max: 0.0, Diff: 0.0, Sum: 0.0]
      [Object Copy (ms): Min: 22.5, Avg: 22.6, Max: 22.6, Diff: 0.1, Sum: 180.6]
      [Termination (ms): Min: 0.0, Avg: 0.0, Max: 0.0, Diff: 0.0, Sum: 0.1]
         [Termination Attempts: Min: 1, Avg: 120.1, Max: 152, Diff: 151, Sum: 961]
      [GC Worker Other (ms): Min: 0.0, Avg: 0.0, Max: 0.1, Diff: 0.1, Sum: 0.3]
      [GC Worker Total (ms): Min: 42.6, Avg: 42.7, Max: 42.8, Diff: 0.2, Sum: 341.8]
      [GC Worker End (ms): Min: 56319.3, Avg: 56319.3, Max: 56319.4, Diff: 0.1]
   [Code Root Fixup: 0.0 ms]
   [Code Root Purge: 0.0 ms]
   [Clear CT: 0.2 ms]
   [Other: 0.8 ms]
      [Choose CSet: 0.0 ms]
      [Ref Proc: 0.2 ms]
      [Ref Enq: 0.0 ms]
      [Redirty Cards: 0.2 ms]
      [Humongous Register: 0.1 ms]
      [Humongous Reclaim: 0.0 ms]
      [Free CSet: 0.1 ms]
   [Eden: 11.0M(249.0M)->0.0B(298.0M) Survivors: 37.0M->13.0M Heap: 962.9M(2048.0M)->967.4M(2048.0M)]
 [Times: user=0.36 sys=0.00, real=0.04 secs] 
2020-09-29T12:21:36.165+0200: 56.320: [GC concurrent-root-region-scan-start]
2020-09-29T12:21:36.168+0200: 56.324: [GC concurrent-root-region-scan-end, 0.0035625 secs]
2020-09-29T12:21:36.168+0200: 56.324: [GC concurrent-mark-start]
2020-09-29T12:21:36.172+0200: 56.327: [GC concurrent-mark-end, 0.0032916 secs]
2020-09-29T12:21:36.172+0200: 56.327: [GC remark 2020-09-29T12:21:36.172+0200: 56.327: [Finalize Marking, 0.0002401 secs] 2020-09-29T12:21:36.172+0200: 56.328: [GC ref-proc, 0.0003979 secs] 2020-09-29T12:21:36.173+0200: 56.328: [Unloading, 0.0004780 secs], 0.0015848 secs]
 [Times: user=0.00 sys=0.00, real=0.00 secs] 
2020-09-29T12:21:36.174+0200: 56.329: [GC cleanup 982M->36M(2048M), 0.0017742 secs]
 [Times: user=0.00 sys=0.02, real=0.00 secs] 
2020-09-29T12:21:36.176+0200: 56.331: [GC concurrent-cleanup-start]
2020-09-29T12:21:36.177+0200: 56.333: [GC concurrent-cleanup-end, 0.0014998 secs]
2020-09-29T12:21:36.350+0200: 56.506: [GC pause (G1 Evacuation Pause) (young), 0.2018337 secs]
   [Parallel Time: 200.6 ms, GC Workers: 8]
      [GC Worker Start (ms): Min: 56505.9, Avg: 56506.1, Max: 56506.1, Diff: 0.2]
      [Ext Root Scanning (ms): Min: 0.0, Avg: 0.1, Max: 0.2, Diff: 0.2, Sum: 0.6]
      [Update RS (ms): Min: 22.1, Avg: 22.3, Max: 22.6, Diff: 0.4, Sum: 178.1]
         [Processed Buffers: Min: 19, Avg: 21.0, Max: 25, Diff: 6, Sum: 168]
      [Scan RS (ms): Min: 18.4, Avg: 18.8, Max: 19.0, Diff: 0.6, Sum: 150.4]
      [Code Root Scanning (ms): Min: 0.0, Avg: 0.0, Max: 0.0, Diff: 0.0, Sum: 0.0]
      [Object Copy (ms): Min: 158.4, Avg: 158.7, Max: 159.1, Diff: 0.7, Sum: 1269.6]
      [Termination (ms): Min: 0.0, Avg: 0.5, Max: 0.6, Diff: 0.6, Sum: 3.7]
         [Termination Attempts: Min: 1, Avg: 3224.5, Max: 3967, Diff: 3966, Sum: 25796]
      [GC Worker Other (ms): Min: 0.0, Avg: 0.1, Max: 0.1, Diff: 0.1, Sum: 0.4]
      [GC Worker Total (ms): Min: 200.3, Avg: 200.4, Max: 200.4, Diff: 0.2, Sum: 1602.8]
      [GC Worker End (ms): Min: 56706.4, Avg: 56706.4, Max: 56706.5, Diff: 0.1]
   [Code Root Fixup: 0.0 ms]
   [Code Root Purge: 0.0 ms]
   [Clear CT: 0.2 ms]
   [Other: 1.1 ms]
      [Choose CSet: 0.0 ms]
      [Ref Proc: 0.2 ms]
      [Ref Enq: 0.0 ms]
      [Redirty Cards: 0.2 ms]
      [Humongous Register: 0.0 ms]
      [Humongous Reclaim: 0.0 ms]
      [Free CSet: 0.3 ms]
   [Eden: 298.0M(298.0M)->0.0B(253.0M) Survivors: 13.0M->39.0M Heap: 370.5M(2048.0M)->359.5M(2048.0M)]
 [Times: user=1.61 sys=0.00, real=0.20 secs] 
2020-09-29T12:21:36.747+0200: 56.902: [GC pause (G1 Evacuation Pause) (young), 0.2469150 secs]
   [Parallel Time: 243.8 ms, GC Workers: 8]
      [GC Worker Start (ms): Min: 56902.5, Avg: 56902.7, Max: 56902.8, Diff: 0.2]
      [Ext Root Scanning (ms): Min: 0.0, Avg: 0.1, Max: 0.2, Diff: 0.2, Sum: 0.6]
      [Update RS (ms): Min: 17.6, Avg: 17.6, Max: 17.9, Diff: 0.3, Sum: 141.2]
         [Processed Buffers: Min: 12, Avg: 14.0, Max: 18, Diff: 6, Sum: 112]
      [Scan RS (ms): Min: 26.7, Avg: 26.8, Max: 26.9, Diff: 0.2, Sum: 214.0]
      [Code Root Scanning (ms): Min: 0.0, Avg: 0.0, Max: 0.0, Diff: 0.0, Sum: 0.0]
      [Object Copy (ms): Min: 198.5, Avg: 198.7, Max: 199.1, Diff: 0.6, Sum: 1590.0]
      [Termination (ms): Min: 0.0, Avg: 0.3, Max: 0.3, Diff: 0.3, Sum: 2.2]
         [Termination Attempts: Min: 1, Avg: 1104.4, Max: 1336, Diff: 1335, Sum: 8835]
      [GC Worker Other (ms): Min: 0.0, Avg: 0.1, Max: 0.1, Diff: 0.1, Sum: 0.4]
      [GC Worker Total (ms): Min: 243.4, Avg: 243.5, Max: 243.7, Diff: 0.2, Sum: 1948.4]
      [GC Worker End (ms): Min: 57146.2, Avg: 57146.2, Max: 57146.3, Diff: 0.1]
   [Code Root Fixup: 0.0 ms]
   [Code Root Purge: 0.0 ms]
   [Clear CT: 1.9 ms]
   [Other: 1.1 ms]
      [Choose CSet: 0.0 ms]
      [Ref Proc: 0.3 ms]
      [Ref Enq: 0.0 ms]
      [Redirty Cards: 0.3 ms]
      [Humongous Register: 0.0 ms]
      [Humongous Reclaim: 0.0 ms]
      [Free CSet: 0.2 ms]
   [Eden: 253.0M(253.0M)->0.0B(195.0M) Survivors: 39.0M->37.0M Heap: 654.5M(2048.0M)->657.0M(2048.0M)]
 [Times: user=1.94 sys=0.00, real=0.25 secs] 
2020-09-29T12:21:37.152+0200: 57.308: [GC pause (G1 Evacuation Pause) (young), 0.2041341 secs]
   [Parallel Time: 202.8 ms, GC Workers: 8]
      [GC Worker Start (ms): Min: 57308.0, Avg: 57308.1, Max: 57308.2, Diff: 0.2]
      [Ext Root Scanning (ms): Min: 0.0, Avg: 0.1, Max: 0.2, Diff: 0.2, Sum: 0.7]
      [Update RS (ms): Min: 23.4, Avg: 23.7, Max: 24.9, Diff: 1.5, Sum: 189.3]
         [Processed Buffers: Min: 14, Avg: 17.0, Max: 19, Diff: 5, Sum: 136]
      [Scan RS (ms): Min: 16.1, Avg: 17.2, Max: 17.4, Diff: 1.4, Sum: 137.4]
      [Code Root Scanning (ms): Min: 0.0, Avg: 0.0, Max: 0.0, Diff: 0.0, Sum: 0.0]
      [Object Copy (ms): Min: 161.1, Avg: 161.2, Max: 161.5, Diff: 0.4, Sum: 1289.7]
      [Termination (ms): Min: 0.0, Avg: 0.3, Max: 0.4, Diff: 0.4, Sum: 2.2]
         [Termination Attempts: Min: 1, Avg: 1119.4, Max: 1638, Diff: 1637, Sum: 8955]
      [GC Worker Other (ms): Min: 0.0, Avg: 0.0, Max: 0.1, Diff: 0.1, Sum: 0.3]
      [GC Worker Total (ms): Min: 202.3, Avg: 202.5, Max: 202.6, Diff: 0.2, Sum: 1619.7]
      [GC Worker End (ms): Min: 57510.5, Avg: 57510.6, Max: 57510.6, Diff: 0.1]
   [Code Root Fixup: 0.0 ms]
   [Code Root Purge: 0.0 ms]
   [Clear CT: 0.2 ms]
   [Other: 1.1 ms]
      [Choose CSet: 0.0 ms]
      [Ref Proc: 0.2 ms]
      [Ref Enq: 0.0 ms]
      [Redirty Cards: 0.3 ms]
      [Humongous Register: 0.0 ms]
      [Humongous Reclaim: 0.0 ms]
      [Free CSet: 0.3 ms]
   [Eden: 195.0M(195.0M)->0.0B(181.0M) Survivors: 37.0M->29.0M Heap: 884.4M(2048.0M)->886.4M(2048.0M)]
 [Times: user=1.61 sys=0.00, real=0.21 secs] 
2020-09-29T12:21:37.500+0200: 57.656: [GC pause (G1 Evacuation Pause) (young), 0.1757766 secs]
   [Parallel Time: 174.4 ms, GC Workers: 8]
      [GC Worker Start (ms): Min: 57655.7, Avg: 57655.8, Max: 57655.9, Diff: 0.2]
      [Ext Root Scanning (ms): Min: 0.0, Avg: 0.1, Max: 0.2, Diff: 0.2, Sum: 0.6]
      [Update RS (ms): Min: 17.6, Avg: 18.2, Max: 18.6, Diff: 1.0, Sum: 145.3]
         [Processed Buffers: Min: 11, Avg: 12.3, Max: 13, Diff: 2, Sum: 98]
      [Scan RS (ms): Min: 16.2, Avg: 16.8, Max: 17.3, Diff: 1.0, Sum: 134.2]
      [Code Root Scanning (ms): Min: 0.0, Avg: 0.0, Max: 0.0, Diff: 0.0, Sum: 0.0]
      [Object Copy (ms): Min: 138.8, Avg: 139.0, Max: 139.1, Diff: 0.3, Sum: 1111.8]
      [Termination (ms): Min: 0.0, Avg: 0.1, Max: 0.1, Diff: 0.1, Sum: 0.6]
         [Termination Attempts: Min: 1, Avg: 307.4, Max: 391, Diff: 390, Sum: 2459]
      [GC Worker Other (ms): Min: 0.0, Avg: 0.0, Max: 0.1, Diff: 0.0, Sum: 0.3]
      [GC Worker Total (ms): Min: 174.0, Avg: 174.1, Max: 174.2, Diff: 0.2, Sum: 1392.8]
      [GC Worker End (ms): Min: 57829.9, Avg: 57829.9, Max: 57830.0, Diff: 0.0]
   [Code Root Fixup: 0.0 ms]
   [Code Root Purge: 0.0 ms]
   [Clear CT: 0.2 ms]
   [Other: 1.1 ms]
      [Choose CSet: 0.0 ms]
      [Ref Proc: 0.3 ms]
      [Ref Enq: 0.0 ms]
      [Redirty Cards: 0.3 ms]
      [Humongous Register: 0.1 ms]
      [Humongous Reclaim: 0.0 ms]
      [Free CSet: 0.3 ms]
   [Eden: 181.0M(181.0M)->0.0B(179.0M) Survivors: 29.0M->27.0M Heap: 1096.0M(2048.0M)->1098.5M(2048.0M)]
 [Times: user=1.38 sys=0.00, real=0.18 secs] 
2020-09-29T12:21:37.682+0200: 57.838: [GC pause (G1 Humongous Allocation) (young) (initial-mark), 0.0619234 secs]
   [Parallel Time: 60.6 ms, GC Workers: 8]
      [GC Worker Start (ms): Min: 57838.0, Avg: 57838.2, Max: 57838.3, Diff: 0.3]
      [Ext Root Scanning (ms): Min: 0.0, Avg: 2.1, Max: 15.2, Diff: 15.2, Sum: 16.8]
      [Update RS (ms): Min: 23.4, Avg: 37.0, Max: 39.4, Diff: 16.1, Sum: 296.0]
         [Processed Buffers: Min: 19, Avg: 29.8, Max: 34, Diff: 15, Sum: 238]
      [Scan RS (ms): Min: 1.4, Avg: 2.1, Max: 2.5, Diff: 1.1, Sum: 16.9]
      [Code Root Scanning (ms): Min: 0.0, Avg: 0.0, Max: 0.0, Diff: 0.0, Sum: 0.0]
      [Object Copy (ms): Min: 19.0, Avg: 19.2, Max: 19.3, Diff: 0.4, Sum: 153.4]
      [Termination (ms): Min: 0.0, Avg: 0.0, Max: 0.0, Diff: 0.0, Sum: 0.1]
         [Termination Attempts: Min: 1, Avg: 39.5, Max: 59, Diff: 58, Sum: 316]
      [GC Worker Other (ms): Min: 0.0, Avg: 0.0, Max: 0.0, Diff: 0.0, Sum: 0.1]
      [GC Worker Total (ms): Min: 60.3, Avg: 60.4, Max: 60.6, Diff: 0.3, Sum: 483.3]
      [GC Worker End (ms): Min: 57898.6, Avg: 57898.6, Max: 57898.6, Diff: 0.0]
   [Code Root Fixup: 0.0 ms]
   [Code Root Purge: 0.0 ms]
   [Clear CT: 0.3 ms]
   [Other: 1.0 ms]
      [Choose CSet: 0.0 ms]
      [Ref Proc: 0.3 ms]
      [Ref Enq: 0.0 ms]
      [Redirty Cards: 0.2 ms]
      [Humongous Register: 0.1 ms]
      [Humongous Reclaim: 0.0 ms]
      [Free CSet: 0.1 ms]
   [Eden: 1024.0K(179.0M)->0.0B(228.0M) Survivors: 27.0M->2048.0K Heap: 1099.0M(2048.0M)->1102.5M(2048.0M)]
 [Times: user=0.49 sys=0.00, real=0.06 secs] 
2020-09-29T12:21:37.744+0200: 57.900: [GC concurrent-root-region-scan-start]
2020-09-29T12:21:37.744+0200: 57.900: [GC concurrent-root-region-scan-end, 0.0002009 secs]
2020-09-29T12:21:37.744+0200: 57.900: [GC concurrent-mark-start]
2020-09-29T12:21:37.749+0200: 57.905: [GC concurrent-mark-end, 0.0048885 secs]
2020-09-29T12:21:37.750+0200: 57.905: [GC remark 2020-09-29T12:21:37.750+0200: 57.905: [Finalize Marking, 0.0002439 secs] 2020-09-29T12:21:37.750+0200: 57.905: [GC ref-proc, 0.0004121 secs] 2020-09-29T12:21:37.750+0200: 57.906: [Unloading, 0.0006483 secs], 0.0017400 secs]
 [Times: user=0.00 sys=0.00, real=0.00 secs] 
2020-09-29T12:21:37.752+0200: 57.907: [GC cleanup 1111M->18M(2048M), 0.0015695 secs]
 [Times: user=0.00 sys=0.00, real=0.00 secs] 
2020-09-29T12:21:37.754+0200: 57.909: [GC concurrent-cleanup-start]
2020-09-29T12:21:37.756+0200: 57.911: [GC concurrent-cleanup-end, 0.0021865 secs]
2020-09-29T12:21:37.916+0200: 58.071: [GC pause (G1 Evacuation Pause) (young), 0.1861691 secs]
   [Parallel Time: 184.8 ms, GC Workers: 8]
      [GC Worker Start (ms): Min: 58071.4, Avg: 58071.5, Max: 58071.5, Diff: 0.1]
      [Ext Root Scanning (ms): Min: 0.0, Avg: 0.1, Max: 0.2, Diff: 0.1, Sum: 0.8]
      [Update RS (ms): Min: 16.2, Avg: 16.8, Max: 17.4, Diff: 1.2, Sum: 134.2]
         [Processed Buffers: Min: 11, Avg: 12.5, Max: 15, Diff: 4, Sum: 100]
      [Scan RS (ms): Min: 15.8, Avg: 16.5, Max: 17.1, Diff: 1.3, Sum: 131.9]
      [Code Root Scanning (ms): Min: 0.0, Avg: 0.0, Max: 0.0, Diff: 0.0, Sum: 0.0]
      [Object Copy (ms): Min: 151.0, Avg: 151.1, Max: 151.2, Diff: 0.2, Sum: 1208.8]
      [Termination (ms): Min: 0.0, Avg: 0.1, Max: 0.2, Diff: 0.2, Sum: 1.0]
         [Termination Attempts: Min: 1, Avg: 540.4, Max: 657, Diff: 656, Sum: 4323]
      [GC Worker Other (ms): Min: 0.0, Avg: 0.0, Max: 0.1, Diff: 0.1, Sum: 0.4]
      [GC Worker Total (ms): Min: 184.6, Avg: 184.6, Max: 184.7, Diff: 0.2, Sum: 1477.2]
      [GC Worker End (ms): Min: 58256.1, Avg: 58256.1, Max: 58256.1, Diff: 0.1]
   [Code Root Fixup: 0.0 ms]
   [Code Root Purge: 0.0 ms]
   [Clear CT: 0.2 ms]
   [Other: 1.2 ms]
      [Choose CSet: 0.0 ms]
      [Ref Proc: 0.3 ms]
      [Ref Enq: 0.0 ms]
      [Redirty Cards: 0.3 ms]
      [Humongous Register: 0.0 ms]
      [Humongous Reclaim: 0.0 ms]
      [Free CSet: 0.3 ms]
   [Eden: 228.0M(228.0M)->0.0B(189.0M) Survivors: 2048.0K->29.0M Heap: 276.1M(2048.0M)->276.1M(2048.0M)]
 [Times: user=1.50 sys=0.00, real=0.19 secs] 
2020-09-29T12:21:38.242+0200: 58.397: [GC pause (G1 Evacuation Pause) (young), 0.1930266 secs]
   [Parallel Time: 191.4 ms, GC Workers: 8]
      [GC Worker Start (ms): Min: 58397.6, Avg: 58397.7, Max: 58397.8, Diff: 0.2]
      [Ext Root Scanning (ms): Min: 0.0, Avg: 0.1, Max: 0.2, Diff: 0.2, Sum: 0.7]
      [Update RS (ms): Min: 18.7, Avg: 19.1, Max: 19.6, Diff: 0.8, Sum: 152.9]
         [Processed Buffers: Min: 14, Avg: 15.3, Max: 17, Diff: 3, Sum: 122]
      [Scan RS (ms): Min: 15.0, Avg: 15.5, Max: 16.1, Diff: 1.1, Sum: 124.3]
      [Code Root Scanning (ms): Min: 0.0, Avg: 0.0, Max: 0.0, Diff: 0.0, Sum: 0.0]
      [Object Copy (ms): Min: 155.9, Avg: 156.1, Max: 156.2, Diff: 0.4, Sum: 1248.5]
      [Termination (ms): Min: 0.0, Avg: 0.2, Max: 0.3, Diff: 0.3, Sum: 1.6]
         [Termination Attempts: Min: 1, Avg: 844.8, Max: 1040, Diff: 1039, Sum: 6758]
      [GC Worker Other (ms): Min: 0.0, Avg: 0.0, Max: 0.1, Diff: 0.1, Sum: 0.4]
      [GC Worker Total (ms): Min: 190.9, Avg: 191.0, Max: 191.2, Diff: 0.2, Sum: 1528.3]
      [GC Worker End (ms): Min: 58588.8, Avg: 58588.8, Max: 58588.8, Diff: 0.1]
   [Code Root Fixup: 0.0 ms]
   [Code Root Purge: 0.0 ms]
   [Clear CT: 0.3 ms]
   [Other: 1.3 ms]
      [Choose CSet: 0.0 ms]
      [Ref Proc: 0.3 ms]
      [Ref Enq: 0.0 ms]
      [Redirty Cards: 0.3 ms]
      [Humongous Register: 0.0 ms]
      [Humongous Reclaim: 0.0 ms]
      [Free CSet: 0.4 ms]
   [Eden: 189.0M(189.0M)->0.0B(175.0M) Survivors: 29.0M->28.0M Heap: 497.6M(2048.0M)->499.6M(2048.0M)]
 [Times: user=1.47 sys=0.00, real=0.19 secs] 
2020-09-29T12:21:38.576+0200: 58.731: [GC pause (G1 Evacuation Pause) (young), 0.1816410 secs]
   [Parallel Time: 180.3 ms, GC Workers: 8]
      [GC Worker Start (ms): Min: 58730.9, Avg: 58731.0, Max: 58731.0, Diff: 0.1]
      [Ext Root Scanning (ms): Min: 0.0, Avg: 0.1, Max: 0.2, Diff: 0.1, Sum: 0.8]
      [Update RS (ms): Min: 26.2, Avg: 26.6, Max: 26.9, Diff: 0.7, Sum: 212.8]
         [Processed Buffers: Min: 16, Avg: 18.6, Max: 22, Diff: 6, Sum: 149]
      [Scan RS (ms): Min: 10.2, Avg: 10.5, Max: 10.9, Diff: 0.8, Sum: 84.1]
      [Code Root Scanning (ms): Min: 0.0, Avg: 0.0, Max: 0.0, Diff: 0.0, Sum: 0.0]
      [Object Copy (ms): Min: 142.5, Avg: 142.6, Max: 142.8, Diff: 0.3, Sum: 1140.7]
      [Termination (ms): Min: 0.0, Avg: 0.1, Max: 0.2, Diff: 0.2, Sum: 1.1]
         [Termination Attempts: Min: 1, Avg: 638.1, Max: 820, Diff: 819, Sum: 5105]
      [GC Worker Other (ms): Min: 0.0, Avg: 0.0, Max: 0.1, Diff: 0.0, Sum: 0.3]
      [GC Worker Total (ms): Min: 179.9, Avg: 180.0, Max: 180.0, Diff: 0.1, Sum: 1439.9]
      [GC Worker End (ms): Min: 58910.9, Avg: 58911.0, Max: 58911.0, Diff: 0.1]
   [Code Root Fixup: 0.0 ms]
   [Code Root Purge: 0.0 ms]
   [Clear CT: 0.3 ms]
   [Other: 1.1 ms]
      [Choose CSet: 0.0 ms]
      [Ref Proc: 0.2 ms]
      [Ref Enq: 0.0 ms]
      [Redirty Cards: 0.3 ms]
      [Humongous Register: 0.1 ms]
      [Humongous Reclaim: 0.0 ms]
      [Free CSet: 0.2 ms]
   [Eden: 175.0M(175.0M)->0.0B(176.0M) Survivors: 28.0M->26.0M Heap: 703.2M(2048.0M)->705.7M(2048.0M)]
 [Times: user=1.41 sys=0.00, real=0.18 secs] 
2020-09-29T12:21:38.890+0200: 59.045: [GC pause (G1 Evacuation Pause) (young), 0.1815816 secs]
   [Parallel Time: 178.8 ms, GC Workers: 8]
      [GC Worker Start (ms): Min: 59045.1, Avg: 59045.3, Max: 59045.3, Diff: 0.2]
      [Ext Root Scanning (ms): Min: 0.0, Avg: 0.1, Max: 0.2, Diff: 0.2, Sum: 0.7]
      [Update RS (ms): Min: 19.5, Avg: 19.7, Max: 19.9, Diff: 0.4, Sum: 157.7]
         [Processed Buffers: Min: 12, Avg: 14.5, Max: 17, Diff: 5, Sum: 116]
      [Scan RS (ms): Min: 15.8, Avg: 16.0, Max: 16.2, Diff: 0.4, Sum: 128.1]
      [Code Root Scanning (ms): Min: 0.0, Avg: 0.0, Max: 0.0, Diff: 0.0, Sum: 0.0]
      [Object Copy (ms): Min: 142.4, Avg: 142.6, Max: 142.8, Diff: 0.4, Sum: 1140.4]
      [Termination (ms): Min: 0.0, Avg: 0.2, Max: 0.2, Diff: 0.2, Sum: 1.5]
         [Termination Attempts: Min: 1, Avg: 829.0, Max: 1002, Diff: 1001, Sum: 6632]
      [GC Worker Other (ms): Min: 0.0, Avg: 0.0, Max: 0.1, Diff: 0.0, Sum: 0.3]
      [GC Worker Total (ms): Min: 178.5, Avg: 178.6, Max: 178.7, Diff: 0.2, Sum: 1428.8]
      [GC Worker End (ms): Min: 59223.8, Avg: 59223.9, Max: 59223.9, Diff: 0.0]
   [Code Root Fixup: 0.0 ms]
   [Code Root Purge: 0.0 ms]
   [Clear CT: 0.3 ms]
   [Other: 2.5 ms]
      [Choose CSet: 0.0 ms]
      [Ref Proc: 0.4 ms]
      [Ref Enq: 0.0 ms]
      [Redirty Cards: 1.7 ms]
      [Humongous Register: 0.1 ms]
      [Humongous Reclaim: 0.0 ms]
      [Free CSet: 0.2 ms]
   [Eden: 176.0M(176.0M)->0.0B(173.0M) Survivors: 26.0M->26.0M Heap: 912.2M(2048.0M)->914.2M(2048.0M)]
 [Times: user=1.50 sys=0.00, real=0.18 secs] 
2020-09-29T12:21:39.190+0200: 59.345: [GC pause (G1 Humongous Allocation) (young) (initial-mark), 0.1636964 secs]
   [Parallel Time: 162.3 ms, GC Workers: 8]
      [GC Worker Start (ms): Min: 59345.2, Avg: 59345.3, Max: 59345.3, Diff: 0.2]
      [Ext Root Scanning (ms): Min: 0.0, Avg: 0.1, Max: 0.2, Diff: 0.2, Sum: 0.8]
      [Update RS (ms): Min: 27.6, Avg: 28.1, Max: 28.9, Diff: 1.2, Sum: 225.1]
         [Processed Buffers: Min: 17, Avg: 19.5, Max: 22, Diff: 5, Sum: 156]
      [Scan RS (ms): Min: 7.9, Avg: 8.6, Max: 9.2, Diff: 1.3, Sum: 69.0]
      [Code Root Scanning (ms): Min: 0.0, Avg: 0.0, Max: 0.0, Diff: 0.0, Sum: 0.0]
      [Object Copy (ms): Min: 125.0, Avg: 125.1, Max: 125.2, Diff: 0.2, Sum: 1000.7]
      [Termination (ms): Min: 0.0, Avg: 0.0, Max: 0.0, Diff: 0.0, Sum: 0.1]
         [Termination Attempts: Min: 1, Avg: 35.8, Max: 52, Diff: 51, Sum: 286]
      [GC Worker Other (ms): Min: 0.0, Avg: 0.0, Max: 0.1, Diff: 0.1, Sum: 0.4]
      [GC Worker Total (ms): Min: 161.9, Avg: 162.0, Max: 162.1, Diff: 0.2, Sum: 1296.1]
      [GC Worker End (ms): Min: 59507.2, Avg: 59507.3, Max: 59507.3, Diff: 0.1]
   [Code Root Fixup: 0.0 ms]
   [Code Root Purge: 0.0 ms]
   [Clear CT: 0.3 ms]
   [Other: 1.2 ms]
      [Choose CSet: 0.0 ms]
      [Ref Proc: 0.3 ms]
      [Ref Enq: 0.0 ms]
      [Redirty Cards: 0.3 ms]
      [Humongous Register: 0.0 ms]
      [Humongous Reclaim: 0.0 ms]
      [Free CSet: 0.2 ms]
   [Eden: 160.0M(173.0M)->0.0B(178.0M) Survivors: 26.0M->25.0M Heap: 1098.5M(2048.0M)->1100.5M(2048.0M)]
 [Times: user=1.38 sys=0.00, real=0.16 secs] 
2020-09-29T12:21:39.354+0200: 59.509: [GC concurrent-root-region-scan-start]
2020-09-29T12:21:39.366+0200: 59.522: [GC concurrent-root-region-scan-end, 0.0127847 secs]
2020-09-29T12:21:39.366+0200: 59.522: [GC concurrent-mark-start]
2020-09-29T12:21:39.371+0200: 59.526: [GC concurrent-mark-end, 0.0042805 secs]
2020-09-29T12:21:39.371+0200: 59.526: [GC remark 2020-09-29T12:21:39.371+0200: 59.526: [Finalize Marking, 0.0001776 secs] 2020-09-29T12:21:39.371+0200: 59.526: [GC ref-proc, 0.0003976 secs] 2020-09-29T12:21:39.371+0200: 59.527: [Unloading, 0.0006326 secs], 0.0015924 secs]
 [Times: user=0.00 sys=0.00, real=0.00 secs] 
2020-09-29T12:21:39.373+0200: 59.528: [GC cleanup 1111M->43M(2048M), 0.0017641 secs]
 [Times: user=0.00 sys=0.00, real=0.00 secs] 
2020-09-29T12:21:39.375+0200: 59.530: [GC concurrent-cleanup-start]
2020-09-29T12:21:39.377+0200: 59.532: [GC concurrent-cleanup-end, 0.0021178 secs]
2020-09-29T12:21:39.502+0200: 59.657: [GC pause (G1 Evacuation Pause) (young), 0.1774577 secs]
   [Parallel Time: 176.0 ms, GC Workers: 8]
      [GC Worker Start (ms): Min: 59657.5, Avg: 59657.6, Max: 59657.7, Diff: 0.3]
      [Ext Root Scanning (ms): Min: 0.0, Avg: 0.1, Max: 0.2, Diff: 0.2, Sum: 0.8]
      [Update RS (ms): Min: 22.1, Avg: 22.9, Max: 26.7, Diff: 4.6, Sum: 183.5]
         [Processed Buffers: Min: 0, Avg: 14.3, Max: 18, Diff: 18, Sum: 114]
      [Scan RS (ms): Min: 9.7, Avg: 13.6, Max: 15.4, Diff: 5.7, Sum: 108.7]
      [Code Root Scanning (ms): Min: 0.0, Avg: 0.0, Max: 0.0, Diff: 0.0, Sum: 0.0]
      [Object Copy (ms): Min: 137.9, Avg: 138.9, Max: 139.2, Diff: 1.3, Sum: 1111.4]
      [Termination (ms): Min: 0.0, Avg: 0.1, Max: 0.1, Diff: 0.1, Sum: 0.7]
         [Termination Attempts: Min: 1, Avg: 408.9, Max: 551, Diff: 550, Sum: 3271]
      [GC Worker Other (ms): Min: 0.0, Avg: 0.0, Max: 0.1, Diff: 0.0, Sum: 0.2]
      [GC Worker Total (ms): Min: 175.5, Avg: 175.7, Max: 175.8, Diff: 0.3, Sum: 1405.3]
      [GC Worker End (ms): Min: 59833.2, Avg: 59833.3, Max: 59833.3, Diff: 0.0]
   [Code Root Fixup: 0.0 ms]
   [Code Root Purge: 0.0 ms]
   [Clear CT: 0.3 ms]
   [Other: 1.2 ms]
      [Choose CSet: 0.0 ms]
      [Ref Proc: 0.3 ms]
      [Ref Enq: 0.0 ms]
      [Redirty Cards: 0.3 ms]
      [Humongous Register: 0.0 ms]
      [Humongous Reclaim: 0.0 ms]
      [Free CSet: 0.2 ms]
   [Eden: 178.0M(178.0M)->0.0B(172.0M) Survivors: 25.0M->26.0M Heap: 241.5M(2048.0M)->218.5M(2048.0M)]
 [Times: user=1.42 sys=0.00, real=0.18 secs] 
2020-09-29T12:21:39.820+0200: 59.975: [GC pause (G1 Evacuation Pause) (young), 0.1720624 secs]
   [Parallel Time: 170.0 ms, GC Workers: 8]
      [GC Worker Start (ms): Min: 59975.0, Avg: 59975.1, Max: 59975.2, Diff: 0.2]
      [Ext Root Scanning (ms): Min: 0.0, Avg: 0.1, Max: 0.2, Diff: 0.2, Sum: 0.8]
      [Update RS (ms): Min: 16.6, Avg: 17.1, Max: 18.3, Diff: 1.7, Sum: 137.1]
         [Processed Buffers: Min: 10, Avg: 12.1, Max: 13, Diff: 3, Sum: 97]
      [Scan RS (ms): Min: 15.1, Avg: 16.3, Max: 16.9, Diff: 1.8, Sum: 130.2]
      [Code Root Scanning (ms): Min: 0.0, Avg: 0.0, Max: 0.0, Diff: 0.0, Sum: 0.0]
      [Object Copy (ms): Min: 136.0, Avg: 136.1, Max: 136.1, Diff: 0.1, Sum: 1088.6]
      [Termination (ms): Min: 0.0, Avg: 0.1, Max: 0.1, Diff: 0.1, Sum: 0.5]
         [Termination Attempts: Min: 1, Avg: 267.5, Max: 388, Diff: 387, Sum: 2140]
      [GC Worker Other (ms): Min: 0.0, Avg: 0.0, Max: 0.1, Diff: 0.1, Sum: 0.3]
      [GC Worker Total (ms): Min: 169.6, Avg: 169.7, Max: 169.8, Diff: 0.2, Sum: 1357.5]
      [GC Worker End (ms): Min: 60144.8, Avg: 60144.8, Max: 60144.9, Diff: 0.1]
   [Code Root Fixup: 0.0 ms]
   [Code Root Purge: 0.0 ms]
   [Clear CT: 0.4 ms]
   [Other: 1.7 ms]
      [Choose CSet: 0.0 ms]
      [Ref Proc: 0.3 ms]
      [Ref Enq: 0.0 ms]
      [Redirty Cards: 0.7 ms]
      [Humongous Register: 0.0 ms]
      [Humongous Reclaim: 0.0 ms]
      [Free CSet: 0.3 ms]
   [Eden: 172.0M(172.0M)->0.0B(174.0M) Survivors: 26.0M->25.0M Heap: 419.1M(2048.0M)->421.6M(2048.0M)]
 [Times: user=1.38 sys=0.00, real=0.17 secs] 
2020-09-29T12:21:40.125+0200: 60.280: [GC pause (G1 Evacuation Pause) (young), 0.1920092 secs]
   [Parallel Time: 190.6 ms, GC Workers: 8]
      [GC Worker Start (ms): Min: 60279.9, Avg: 60280.1, Max: 60281.3, Diff: 1.5]
      [Ext Root Scanning (ms): Min: 0.0, Avg: 0.1, Max: 0.2, Diff: 0.2, Sum: 0.7]
      [Update RS (ms): Min: 20.5, Avg: 21.9, Max: 23.2, Diff: 2.7, Sum: 175.1]
         [Processed Buffers: Min: 9, Avg: 12.6, Max: 15, Diff: 6, Sum: 101]
      [Scan RS (ms): Min: 15.6, Avg: 16.8, Max: 18.1, Diff: 2.5, Sum: 134.5]
      [Code Root Scanning (ms): Min: 0.0, Avg: 0.0, Max: 0.0, Diff: 0.0, Sum: 0.0]
      [Object Copy (ms): Min: 151.0, Avg: 151.1, Max: 151.3, Diff: 0.3, Sum: 1209.1]
      [Termination (ms): Min: 0.0, Avg: 0.1, Max: 0.1, Diff: 0.1, Sum: 0.9]
         [Termination Attempts: Min: 1, Avg: 509.9, Max: 629, Diff: 628, Sum: 4079]
      [GC Worker Other (ms): Min: 0.0, Avg: 0.1, Max: 0.1, Diff: 0.1, Sum: 0.5]
      [GC Worker Total (ms): Min: 188.9, Avg: 190.1, Max: 190.4, Diff: 1.5, Sum: 1520.9]
      [GC Worker End (ms): Min: 60470.2, Avg: 60470.3, Max: 60470.3, Diff: 0.1]
   [Code Root Fixup: 0.0 ms]
   [Code Root Purge: 0.0 ms]
   [Clear CT: 0.3 ms]
   [Other: 1.1 ms]
      [Choose CSet: 0.0 ms]
      [Ref Proc: 0.3 ms]
      [Ref Enq: 0.0 ms]
      [Redirty Cards: 0.3 ms]
      [Humongous Register: 0.0 ms]
      [Humongous Reclaim: 0.0 ms]
      [Free CSet: 0.2 ms]
   [Eden: 174.0M(174.0M)->0.0B(166.0M) Survivors: 25.0M->25.0M Heap: 624.2M(2048.0M)->626.2M(2048.0M)]
 [Times: user=1.44 sys=0.00, real=0.19 secs] 
2020-09-29T12:21:40.456+0200: 60.610: [GC pause (G1 Evacuation Pause) (young), 0.1864312 secs]
   [Parallel Time: 185.1 ms, GC Workers: 8]
      [GC Worker Start (ms): Min: 60610.6, Avg: 60610.7, Max: 60610.8, Diff: 0.2]
      [Ext Root Scanning (ms): Min: 0.0, Avg: 0.1, Max: 0.2, Diff: 0.2, Sum: 0.7]
      [Update RS (ms): Min: 17.9, Avg: 18.1, Max: 18.6, Diff: 0.7, Sum: 144.4]
         [Processed Buffers: Min: 11, Avg: 12.5, Max: 15, Diff: 4, Sum: 100]
      [Scan RS (ms): Min: 15.0, Avg: 15.7, Max: 16.6, Diff: 1.5, Sum: 125.9]
      [Code Root Scanning (ms): Min: 0.0, Avg: 0.0, Max: 0.0, Diff: 0.0, Sum: 0.0]
      [Object Copy (ms): Min: 149.8, Avg: 150.5, Max: 150.9, Diff: 1.1, Sum: 1204.3]
      [Termination (ms): Min: 0.2, Avg: 0.4, Max: 0.5, Diff: 0.3, Sum: 2.9]
         [Termination Attempts: Min: 1, Avg: 1205.8, Max: 1563, Diff: 1562, Sum: 9646]
      [GC Worker Other (ms): Min: 0.0, Avg: 0.0, Max: 0.0, Diff: 0.0, Sum: 0.1]
      [GC Worker Total (ms): Min: 184.6, Avg: 184.8, Max: 185.0, Diff: 0.3, Sum: 1478.2]
      [GC Worker End (ms): Min: 60795.4, Avg: 60795.5, Max: 60795.6, Diff: 0.1]
   [Code Root Fixup: 0.0 ms]
   [Code Root Purge: 0.0 ms]
   [Clear CT: 0.2 ms]
   [Other: 1.1 ms]
      [Choose CSet: 0.0 ms]
      [Ref Proc: 0.3 ms]
      [Ref Enq: 0.0 ms]
      [Redirty Cards: 0.3 ms]
      [Humongous Register: 0.0 ms]
      [Humongous Reclaim: 0.0 ms]
      [Free CSet: 0.2 ms]
   [Eden: 166.0M(166.0M)->0.0B(163.0M) Survivors: 25.0M->24.0M Heap: 820.8M(2048.0M)->822.3M(2048.0M)]
 [Times: user=1.39 sys=0.02, real=0.18 secs] 
2020-09-29T12:21:40.780+0200: 60.935: [GC pause (G1 Evacuation Pause) (young), 0.1648712 secs]
   [Parallel Time: 163.5 ms, GC Workers: 8]
      [GC Worker Start (ms): Min: 60935.5, Avg: 60935.6, Max: 60935.7, Diff: 0.2]
      [Ext Root Scanning (ms): Min: 0.0, Avg: 0.1, Max: 0.2, Diff: 0.2, Sum: 0.7]
      [Update RS (ms): Min: 17.2, Avg: 17.5, Max: 18.3, Diff: 1.1, Sum: 139.9]
         [Processed Buffers: Min: 11, Avg: 12.9, Max: 17, Diff: 6, Sum: 103]
      [Scan RS (ms): Min: 13.0, Avg: 13.8, Max: 14.2, Diff: 1.2, Sum: 110.5]
      [Code Root Scanning (ms): Min: 0.0, Avg: 0.0, Max: 0.0, Diff: 0.0, Sum: 0.0]
      [Object Copy (ms): Min: 131.5, Avg: 131.6, Max: 131.7, Diff: 0.2, Sum: 1053.0]
      [Termination (ms): Min: 0.1, Avg: 0.1, Max: 0.1, Diff: 0.1, Sum: 0.9]
         [Termination Attempts: Min: 1, Avg: 282.8, Max: 343, Diff: 342, Sum: 2262]
      [GC Worker Other (ms): Min: 0.0, Avg: 0.0, Max: 0.0, Diff: 0.0, Sum: 0.2]
      [GC Worker Total (ms): Min: 163.1, Avg: 163.2, Max: 163.3, Diff: 0.2, Sum: 1305.3]
      [GC Worker End (ms): Min: 61098.8, Avg: 61098.8, Max: 61098.8, Diff: 0.0]
   [Code Root Fixup: 0.0 ms]
   [Code Root Purge: 0.0 ms]
   [Clear CT: 0.3 ms]
   [Other: 1.1 ms]
      [Choose CSet: 0.0 ms]
      [Ref Proc: 0.3 ms]
      [Ref Enq: 0.0 ms]
      [Redirty Cards: 0.3 ms]
      [Humongous Register: 0.1 ms]
      [Humongous Reclaim: 0.0 ms]
      [Free CSet: 0.2 ms]
   [Eden: 163.0M(163.0M)->0.0B(169.0M) Survivors: 24.0M->24.0M Heap: 1012.1M(2048.0M)->1013.6M(2048.0M)]
 [Times: user=1.33 sys=0.00, real=0.16 secs] 
2020-09-29T12:21:40.953+0200: 61.108: [GC pause (G1 Humongous Allocation) (young) (initial-mark), 0.0593989 secs]
   [Parallel Time: 57.4 ms, GC Workers: 8]
      [GC Worker Start (ms): Min: 61108.5, Avg: 61108.6, Max: 61108.7, Diff: 0.2]
      [Ext Root Scanning (ms): Min: 0.0, Avg: 0.2, Max: 0.4, Diff: 0.4, Sum: 1.9]
      [Update RS (ms): Min: 31.5, Avg: 32.0, Max: 32.6, Diff: 1.1, Sum: 256.1]
         [Processed Buffers: Min: 23, Avg: 26.1, Max: 28, Diff: 5, Sum: 209]
      [Scan RS (ms): Min: 1.9, Avg: 2.6, Max: 3.1, Diff: 1.2, Sum: 21.0]
      [Code Root Scanning (ms): Min: 0.0, Avg: 0.0, Max: 0.0, Diff: 0.0, Sum: 0.0]
      [Object Copy (ms): Min: 21.5, Avg: 22.1, Max: 22.3, Diff: 0.7, Sum: 177.0]
      [Termination (ms): Min: 0.0, Avg: 0.0, Max: 0.0, Diff: 0.0, Sum: 0.1]
         [Termination Attempts: Min: 1, Avg: 34.4, Max: 43, Diff: 42, Sum: 275]
      [GC Worker Other (ms): Min: 0.0, Avg: 0.0, Max: 0.1, Diff: 0.0, Sum: 0.3]
      [GC Worker Total (ms): Min: 56.9, Avg: 57.0, Max: 57.2, Diff: 0.2, Sum: 456.3]
      [GC Worker End (ms): Min: 61165.6, Avg: 61165.6, Max: 61165.6, Diff: 0.0]
   [Code Root Fixup: 0.0 ms]
   [Code Root Purge: 0.0 ms]
   [Clear CT: 0.9 ms]
   [Other: 1.1 ms]
      [Choose CSet: 0.0 ms]
      [Ref Proc: 0.3 ms]
      [Ref Enq: 0.0 ms]
      [Redirty Cards: 0.3 ms]
      [Humongous Register: 0.0 ms]
      [Humongous Reclaim: 0.0 ms]
      [Free CSet: 0.1 ms]
   [Eden: 6144.0K(169.0M)->0.0B(188.0M) Survivors: 24.0M->8192.0K Heap: 1019.1M(2048.0M)->1023.6M(2048.0M)]
 [Times: user=0.44 sys=0.00, real=0.06 secs] 
2020-09-29T12:21:41.012+0200: 61.168: [GC concurrent-root-region-scan-start]
2020-09-29T12:21:41.015+0200: 61.170: [GC concurrent-root-region-scan-end, 0.0025845 secs]
2020-09-29T12:21:41.015+0200: 61.171: [GC concurrent-mark-start]
2020-09-29T12:21:41.019+0200: 61.175: [GC concurrent-mark-end, 0.0041778 secs]
2020-09-29T12:21:41.019+0200: 61.175: [GC remark 2020-09-29T12:21:41.020+0200: 61.175: [Finalize Marking, 0.0003359 secs] 2020-09-29T12:21:41.020+0200: 61.176: [GC ref-proc, 0.0004338 secs] 2020-09-29T12:21:41.020+0200: 61.176: [Unloading, 0.0006757 secs], 0.0025960 secs]
 [Times: user=0.02 sys=0.00, real=0.00 secs] 
2020-09-29T12:21:41.023+0200: 61.179: [GC cleanup 1034M->26M(2048M), 0.0033431 secs]
 [Times: user=0.00 sys=0.00, real=0.00 secs] 
2020-09-29T12:21:41.026+0200: 61.182: [GC concurrent-cleanup-start]
2020-09-29T12:21:41.028+0200: 61.184: [GC concurrent-cleanup-end, 0.0016745 secs]
2020-09-29T12:21:41.159+0200: 61.315: [GC pause (G1 Evacuation Pause) (young), 0.1646841 secs]
   [Parallel Time: 163.3 ms, GC Workers: 8]
      [GC Worker Start (ms): Min: 61314.9, Avg: 61315.1, Max: 61315.2, Diff: 0.2]
      [Ext Root Scanning (ms): Min: 0.0, Avg: 0.1, Max: 0.2, Diff: 0.2, Sum: 0.6]
      [Update RS (ms): Min: 17.9, Avg: 18.2, Max: 18.8, Diff: 0.9, Sum: 145.3]
         [Processed Buffers: Min: 11, Avg: 13.0, Max: 16, Diff: 5, Sum: 104]
      [Scan RS (ms): Min: 13.6, Avg: 14.2, Max: 14.5, Diff: 0.9, Sum: 113.4]
      [Code Root Scanning (ms): Min: 0.0, Avg: 0.0, Max: 0.0, Diff: 0.0, Sum: 0.0]
      [Object Copy (ms): Min: 130.3, Avg: 130.4, Max: 130.5, Diff: 0.2, Sum: 1043.0]
      [Termination (ms): Min: 0.0, Avg: 0.1, Max: 0.1, Diff: 0.1, Sum: 0.7]
         [Termination Attempts: Min: 1, Avg: 398.8, Max: 531, Diff: 530, Sum: 3190]
      [GC Worker Other (ms): Min: 0.0, Avg: 0.0, Max: 0.1, Diff: 0.1, Sum: 0.3]
      [GC Worker Total (ms): Min: 162.8, Avg: 162.9, Max: 163.1, Diff: 0.2, Sum: 1303.4]
      [GC Worker End (ms): Min: 61478.0, Avg: 61478.0, Max: 61478.0, Diff: 0.1]
   [Code Root Fixup: 0.0 ms]
   [Code Root Purge: 0.0 ms]
   [Clear CT: 0.2 ms]
   [Other: 1.2 ms]
      [Choose CSet: 0.0 ms]
      [Ref Proc: 0.3 ms]
      [Ref Enq: 0.0 ms]
      [Redirty Cards: 0.3 ms]
      [Humongous Register: 0.0 ms]
      [Humongous Reclaim: 0.0 ms]
      [Free CSet: 0.2 ms]
   [Eden: 188.0M(188.0M)->0.0B(178.0M) Survivors: 8192.0K->25.0M Heap: 235.9M(2048.0M)->229.9M(2048.0M)]
 [Times: user=1.34 sys=0.00, real=0.16 secs] 
2020-09-29T12:21:41.461+0200: 61.616: [GC pause (G1 Evacuation Pause) (young), 0.1762427 secs]
   [Parallel Time: 174.6 ms, GC Workers: 8]
      [GC Worker Start (ms): Min: 61616.3, Avg: 61616.4, Max: 61616.5, Diff: 0.2]
      [Ext Root Scanning (ms): Min: 0.0, Avg: 0.1, Max: 0.2, Diff: 0.2, Sum: 0.6]
      [Update RS (ms): Min: 20.5, Avg: 21.1, Max: 22.0, Diff: 1.5, Sum: 169.1]
         [Processed Buffers: Min: 13, Avg: 14.5, Max: 16, Diff: 3, Sum: 116]
      [Scan RS (ms): Min: 13.4, Avg: 14.5, Max: 16.6, Diff: 3.3, Sum: 115.9]
      [Code Root Scanning (ms): Min: 0.0, Avg: 0.0, Max: 0.0, Diff: 0.0, Sum: 0.0]
      [Object Copy (ms): Min: 136.9, Avg: 138.5, Max: 138.7, Diff: 1.8, Sum: 1107.6]
      [Termination (ms): Min: 0.0, Avg: 0.0, Max: 0.0, Diff: 0.0, Sum: 0.2]
         [Termination Attempts: Min: 1, Avg: 133.3, Max: 180, Diff: 179, Sum: 1066]
      [GC Worker Other (ms): Min: 0.0, Avg: 0.0, Max: 0.1, Diff: 0.1, Sum: 0.3]
      [GC Worker Total (ms): Min: 174.1, Avg: 174.2, Max: 174.4, Diff: 0.3, Sum: 1393.7]
      [GC Worker End (ms): Min: 61790.6, Avg: 61790.7, Max: 61790.7, Diff: 0.1]
   [Code Root Fixup: 0.0 ms]
   [Code Root Purge: 0.0 ms]
   [Clear CT: 0.3 ms]
   [Other: 1.3 ms]
      [Choose CSet: 0.0 ms]
      [Ref Proc: 0.3 ms]
      [Ref Enq: 0.0 ms]
      [Redirty Cards: 0.4 ms]
      [Humongous Register: 0.0 ms]
      [Humongous Reclaim: 0.0 ms]
      [Free CSet: 0.3 ms]
   [Eden: 178.0M(178.0M)->0.0B(177.0M) Survivors: 25.0M->26.0M Heap: 436.5M(2048.0M)->438.5M(2048.0M)]
 [Times: user=1.36 sys=0.00, real=0.18 secs] 
2020-09-29T12:21:41.819+0200: 61.974: [GC pause (G1 Evacuation Pause) (young), 0.2699373 secs]
   [Parallel Time: 268.0 ms, GC Workers: 8]
      [GC Worker Start (ms): Min: 61974.5, Avg: 61976.0, Max: 61985.2, Diff: 10.7]
      [Ext Root Scanning (ms): Min: 0.0, Avg: 0.1, Max: 0.2, Diff: 0.2, Sum: 0.9]
      [Update RS (ms): Min: 18.4, Avg: 27.0, Max: 28.9, Diff: 10.5, Sum: 215.8]
         [Processed Buffers: Min: 8, Avg: 14.6, Max: 20, Diff: 12, Sum: 117]
      [Scan RS (ms): Min: 19.5, Avg: 24.0, Max: 36.5, Diff: 17.0, Sum: 192.0]
      [Code Root Scanning (ms): Min: 0.0, Avg: 0.0, Max: 0.0, Diff: 0.0, Sum: 0.0]
      [Object Copy (ms): Min: 202.2, Avg: 215.1, Max: 219.1, Diff: 16.9, Sum: 1720.6]
      [Termination (ms): Min: 0.1, Avg: 0.3, Max: 0.3, Diff: 0.2, Sum: 2.1]
         [Termination Attempts: Min: 1, Avg: 767.0, Max: 921, Diff: 920, Sum: 6136]
      [GC Worker Other (ms): Min: 0.0, Avg: 0.0, Max: 0.2, Diff: 0.1, Sum: 0.3]
      [GC Worker Total (ms): Min: 257.3, Avg: 266.5, Max: 268.0, Diff: 10.7, Sum: 2131.7]
      [GC Worker End (ms): Min: 62242.4, Avg: 62242.4, Max: 62242.5, Diff: 0.0]
   [Code Root Fixup: 0.0 ms]
   [Code Root Purge: 0.0 ms]
   [Clear CT: 0.4 ms]
   [Other: 1.5 ms]
      [Choose CSet: 0.0 ms]
      [Ref Proc: 0.4 ms]
      [Ref Enq: 0.0 ms]
      [Redirty Cards: 0.5 ms]
      [Humongous Register: 0.1 ms]
      [Humongous Reclaim: 0.0 ms]
      [Free CSet: 0.3 ms]
   [Eden: 177.0M(177.0M)->0.0B(125.0M) Survivors: 26.0M->26.0M Heap: 646.1M(2048.0M)->648.1M(2048.0M)]
 [Times: user=1.97 sys=0.00, real=0.27 secs] 
2020-09-29T12:21:42.244+0200: 62.399: [GC pause (G1 Evacuation Pause) (young), 0.1837970 secs]
   [Parallel Time: 182.2 ms, GC Workers: 8]
      [GC Worker Start (ms): Min: 62399.2, Avg: 62399.3, Max: 62399.5, Diff: 0.3]
      [Ext Root Scanning (ms): Min: 0.0, Avg: 0.1, Max: 0.2, Diff: 0.2, Sum: 1.0]
      [Update RS (ms): Min: 25.9, Avg: 26.2, Max: 27.3, Diff: 1.4, Sum: 209.6]
         [Processed Buffers: Min: 12, Avg: 13.4, Max: 16, Diff: 4, Sum: 107]
      [Scan RS (ms): Min: 12.2, Avg: 13.4, Max: 13.9, Diff: 1.7, Sum: 106.9]
      [Code Root Scanning (ms): Min: 0.0, Avg: 0.0, Max: 0.0, Diff: 0.0, Sum: 0.0]
      [Object Copy (ms): Min: 141.8, Avg: 142.1, Max: 142.3, Diff: 0.5, Sum: 1137.1]
      [Termination (ms): Min: 0.0, Avg: 0.1, Max: 0.1, Diff: 0.1, Sum: 0.5]
         [Termination Attempts: Min: 1, Avg: 197.4, Max: 249, Diff: 248, Sum: 1579]
      [GC Worker Other (ms): Min: 0.0, Avg: 0.1, Max: 0.1, Diff: 0.1, Sum: 0.4]
      [GC Worker Total (ms): Min: 181.8, Avg: 181.9, Max: 182.1, Diff: 0.3, Sum: 1455.6]
      [GC Worker End (ms): Min: 62581.2, Avg: 62581.3, Max: 62581.3, Diff: 0.1]
   [Code Root Fixup: 0.0 ms]
   [Code Root Purge: 0.0 ms]
   [Clear CT: 0.3 ms]
   [Other: 1.3 ms]
      [Choose CSet: 0.0 ms]
      [Ref Proc: 0.4 ms]
      [Ref Enq: 0.0 ms]
      [Redirty Cards: 0.4 ms]
      [Humongous Register: 0.1 ms]
      [Humongous Reclaim: 0.0 ms]
      [Free CSet: 0.2 ms]
   [Eden: 125.0M(125.0M)->0.0B(127.0M) Survivors: 26.0M->19.0M Heap: 794.0M(2048.0M)->796.0M(2048.0M)]
 [Times: user=1.30 sys=0.02, real=0.18 secs] 
2020-09-29T12:21:42.561+0200: 62.716: [GC pause (G1 Evacuation Pause) (young), 0.1919326 secs]
   [Parallel Time: 190.3 ms, GC Workers: 8]
      [GC Worker Start (ms): Min: 62715.9, Avg: 62716.0, Max: 62716.1, Diff: 0.3]
      [Ext Root Scanning (ms): Min: 0.0, Avg: 0.1, Max: 0.3, Diff: 0.3, Sum: 0.8]
      [Update RS (ms): Min: 23.3, Avg: 23.5, Max: 24.1, Diff: 0.8, Sum: 187.8]
         [Processed Buffers: Min: 11, Avg: 13.3, Max: 16, Diff: 5, Sum: 106]
      [Scan RS (ms): Min: 12.2, Avg: 12.9, Max: 14.0, Diff: 1.8, Sum: 102.9]
      [Code Root Scanning (ms): Min: 0.0, Avg: 0.0, Max: 0.0, Diff: 0.0, Sum: 0.0]
      [Object Copy (ms): Min: 152.5, Avg: 153.4, Max: 153.6, Diff: 1.1, Sum: 1227.0]
      [Termination (ms): Min: 0.0, Avg: 0.1, Max: 0.1, Diff: 0.1, Sum: 0.5]
         [Termination Attempts: Min: 1, Avg: 187.8, Max: 280, Diff: 279, Sum: 1502]
      [GC Worker Other (ms): Min: 0.0, Avg: 0.0, Max: 0.1, Diff: 0.1, Sum: 0.4]
      [GC Worker Total (ms): Min: 189.8, Avg: 189.9, Max: 190.1, Diff: 0.3, Sum: 1519.4]
      [GC Worker End (ms): Min: 62905.9, Avg: 62905.9, Max: 62906.0, Diff: 0.1]
   [Code Root Fixup: 0.0 ms]
   [Code Root Purge: 0.0 ms]
   [Clear CT: 0.4 ms]
   [Other: 1.2 ms]
      [Choose CSet: 0.0 ms]
      [Ref Proc: 0.3 ms]
      [Ref Enq: 0.0 ms]
      [Redirty Cards: 0.3 ms]
      [Humongous Register: 0.1 ms]
      [Humongous Reclaim: 0.0 ms]
      [Free CSet: 0.2 ms]
   [Eden: 127.0M(127.0M)->0.0B(120.0M) Survivors: 19.0M->19.0M Heap: 944.0M(2048.0M)->946.0M(2048.0M)]
 [Times: user=1.34 sys=0.00, real=0.19 secs] 
2020-09-29T12:21:42.773+0200: 62.927: [GC pause (G1 Humongous Allocation) (young) (initial-mark), 0.0467914 secs]
   [Parallel Time: 45.2 ms, GC Workers: 8]
      [GC Worker Start (ms): Min: 62927.7, Avg: 62927.8, Max: 62928.0, Diff: 0.2]
      [Ext Root Scanning (ms): Min: 0.0, Avg: 0.6, Max: 1.8, Diff: 1.8, Sum: 4.7]
      [Update RS (ms): Min: 19.4, Avg: 20.6, Max: 21.2, Diff: 1.9, Sum: 164.6]
         [Processed Buffers: Min: 10, Avg: 13.1, Max: 15, Diff: 5, Sum: 105]
      [Scan RS (ms): Min: 1.9, Avg: 2.2, Max: 2.4, Diff: 0.5, Sum: 17.2]
      [Code Root Scanning (ms): Min: 0.0, Avg: 0.0, Max: 0.0, Diff: 0.0, Sum: 0.0]
      [Object Copy (ms): Min: 21.6, Avg: 21.7, Max: 21.8, Diff: 0.1, Sum: 173.8]
      [Termination (ms): Min: 0.0, Avg: 0.0, Max: 0.0, Diff: 0.0, Sum: 0.1]
         [Termination Attempts: Min: 1, Avg: 41.8, Max: 54, Diff: 53, Sum: 334]
      [GC Worker Other (ms): Min: 0.0, Avg: 0.0, Max: 0.0, Diff: 0.0, Sum: 0.2]
      [GC Worker Total (ms): Min: 44.9, Avg: 45.1, Max: 45.2, Diff: 0.2, Sum: 360.6]
      [GC Worker End (ms): Min: 62972.9, Avg: 62972.9, Max: 62972.9, Diff: 0.0]
   [Code Root Fixup: 0.0 ms]
   [Code Root Purge: 0.0 ms]
   [Clear CT: 0.4 ms]
   [Other: 1.1 ms]
      [Choose CSet: 0.0 ms]
      [Ref Proc: 0.3 ms]
      [Ref Enq: 0.0 ms]
      [Redirty Cards: 0.3 ms]
      [Humongous Register: 0.1 ms]
      [Humongous Reclaim: 0.0 ms]
      [Free CSet: 0.1 ms]
   [Eden: 7168.0K(120.0M)->0.0B(149.0M) Survivors: 19.0M->8192.0K Heap: 952.5M(2048.0M)->956.0M(2048.0M)]
 [Times: user=0.38 sys=0.00, real=0.05 secs] 
2020-09-29T12:21:42.820+0200: 62.975: [GC concurrent-root-region-scan-start]
2020-09-29T12:21:42.824+0200: 62.979: [GC concurrent-root-region-scan-end, 0.0046135 secs]
2020-09-29T12:21:42.824+0200: 62.979: [GC concurrent-mark-start]
2020-09-29T12:21:42.830+0200: 62.985: [GC concurrent-mark-end, 0.0056153 secs]
2020-09-29T12:21:42.831+0200: 62.986: [GC remark 2020-09-29T12:21:42.831+0200: 62.986: [Finalize Marking, 0.0005343 secs] 2020-09-29T12:21:42.831+0200: 62.986: [GC ref-proc, 0.0007325 secs] 2020-09-29T12:21:42.832+0200: 62.987: [Unloading, 0.0021923 secs], 0.0061165 secs]
 [Times: user=0.02 sys=0.00, real=0.01 secs] 
2020-09-29T12:21:42.838+0200: 62.993: [GC cleanup 967M->27M(2048M), 0.0037515 secs]
 [Times: user=0.00 sys=0.00, real=0.00 secs] 
2020-09-29T12:21:42.842+0200: 62.996: [GC concurrent-cleanup-start]
2020-09-29T12:21:42.844+0200: 62.999: [GC concurrent-cleanup-end, 0.0022774 secs]
2020-09-29T12:21:42.975+0200: 63.130: [GC pause (G1 Evacuation Pause) (young), 0.1670712 secs]
   [Parallel Time: 165.4 ms, GC Workers: 8]
      [GC Worker Start (ms): Min: 63130.5, Avg: 63130.5, Max: 63130.7, Diff: 0.2]
      [Ext Root Scanning (ms): Min: 0.0, Avg: 0.1, Max: 0.2, Diff: 0.2, Sum: 1.0]
      [Update RS (ms): Min: 14.1, Avg: 14.4, Max: 15.2, Diff: 1.1, Sum: 115.2]
         [Processed Buffers: Min: 8, Avg: 9.5, Max: 11, Diff: 3, Sum: 76]
      [Scan RS (ms): Min: 19.7, Avg: 20.5, Max: 20.9, Diff: 1.3, Sum: 164.1]
      [Code Root Scanning (ms): Min: 0.0, Avg: 0.0, Max: 0.0, Diff: 0.0, Sum: 0.0]
      [Object Copy (ms): Min: 129.8, Avg: 130.1, Max: 130.2, Diff: 0.4, Sum: 1040.5]
      [Termination (ms): Min: 0.0, Avg: 0.0, Max: 0.0, Diff: 0.0, Sum: 0.3]
         [Termination Attempts: Min: 1, Avg: 128.3, Max: 159, Diff: 158, Sum: 1026]
      [GC Worker Other (ms): Min: 0.0, Avg: 0.0, Max: 0.1, Diff: 0.0, Sum: 0.3]
      [GC Worker Total (ms): Min: 165.1, Avg: 165.2, Max: 165.3, Diff: 0.2, Sum: 1321.4]
      [GC Worker End (ms): Min: 63295.7, Avg: 63295.7, Max: 63295.7, Diff: 0.0]
   [Code Root Fixup: 0.0 ms]
   [Code Root Purge: 0.0 ms]
   [Clear CT: 0.3 ms]
   [Other: 1.3 ms]
      [Choose CSet: 0.0 ms]
      [Ref Proc: 0.4 ms]
      [Ref Enq: 0.0 ms]
      [Redirty Cards: 0.3 ms]
      [Humongous Register: 0.1 ms]
      [Humongous Reclaim: 0.0 ms]
      [Free CSet: 0.2 ms]
   [Eden: 149.0M(149.0M)->0.0B(137.0M) Survivors: 8192.0K->20.0M Heap: 191.7M(2048.0M)->186.2M(2048.0M)]
 [Times: user=1.25 sys=0.00, real=0.17 secs] 
2020-09-29T12:21:43.284+0200: 63.439: [GC pause (G1 Evacuation Pause) (young), 0.1785568 secs]
   [Parallel Time: 176.8 ms, GC Workers: 8]
      [GC Worker Start (ms): Min: 63439.4, Avg: 63439.5, Max: 63439.6, Diff: 0.3]
      [Ext Root Scanning (ms): Min: 0.0, Avg: 0.1, Max: 0.3, Diff: 0.3, Sum: 0.8]
      [Update RS (ms): Min: 14.0, Avg: 15.0, Max: 16.9, Diff: 2.9, Sum: 119.8]
         [Processed Buffers: Min: 7, Avg: 8.1, Max: 9, Diff: 2, Sum: 65]
      [Scan RS (ms): Min: 14.7, Avg: 16.8, Max: 18.0, Diff: 3.2, Sum: 134.5]
      [Code Root Scanning (ms): Min: 0.0, Avg: 0.0, Max: 0.0, Diff: 0.0, Sum: 0.0]
      [Object Copy (ms): Min: 144.0, Avg: 144.5, Max: 144.7, Diff: 0.7, Sum: 1155.7]
      [Termination (ms): Min: 0.0, Avg: 0.0, Max: 0.0, Diff: 0.0, Sum: 0.1]
         [Termination Attempts: Min: 1, Avg: 19.0, Max: 26, Diff: 25, Sum: 152]
      [GC Worker Other (ms): Min: 0.0, Avg: 0.0, Max: 0.1, Diff: 0.1, Sum: 0.3]
      [GC Worker Total (ms): Min: 176.3, Avg: 176.4, Max: 176.5, Diff: 0.3, Sum: 1411.3]
      [GC Worker End (ms): Min: 63615.9, Avg: 63615.9, Max: 63616.0, Diff: 0.1]
   [Code Root Fixup: 0.0 ms]
   [Code Root Purge: 0.0 ms]
   [Clear CT: 0.3 ms]
   [Other: 1.4 ms]
      [Choose CSet: 0.0 ms]
      [Ref Proc: 0.4 ms]
      [Ref Enq: 0.0 ms]
      [Redirty Cards: 0.5 ms]
      [Humongous Register: 0.0 ms]
      [Humongous Reclaim: 0.0 ms]
      [Free CSet: 0.2 ms]
   [Eden: 137.0M(137.0M)->0.0B(134.0M) Survivors: 20.0M->20.0M Heap: 344.2M(2048.0M)->346.2M(2048.0M)]
 [Times: user=1.34 sys=0.02, real=0.18 secs] 
2020-09-29T12:21:43.600+0200: 63.755: [GC pause (G1 Evacuation Pause) (young), 0.2100161 secs]
   [Parallel Time: 208.1 ms, GC Workers: 8]
      [GC Worker Start (ms): Min: 63755.2, Avg: 63755.4, Max: 63755.5, Diff: 0.3]
      [Ext Root Scanning (ms): Min: 0.0, Avg: 0.1, Max: 0.3, Diff: 0.3, Sum: 0.9]
      [Update RS (ms): Min: 17.1, Avg: 17.4, Max: 18.6, Diff: 1.5, Sum: 139.1]
         [Processed Buffers: Min: 8, Avg: 9.4, Max: 11, Diff: 3, Sum: 75]
      [Scan RS (ms): Min: 16.4, Avg: 17.7, Max: 18.0, Diff: 1.6, Sum: 141.4]
      [Code Root Scanning (ms): Min: 0.0, Avg: 0.0, Max: 0.0, Diff: 0.0, Sum: 0.0]
      [Object Copy (ms): Min: 171.4, Avg: 171.7, Max: 172.5, Diff: 1.1, Sum: 1373.8]
      [Termination (ms): Min: 0.0, Avg: 0.8, Max: 1.1, Diff: 1.1, Sum: 6.0]
         [Termination Attempts: Min: 1, Avg: 2300.4, Max: 3280, Diff: 3279, Sum: 18403]
      [GC Worker Other (ms): Min: 0.0, Avg: 0.1, Max: 0.1, Diff: 0.1, Sum: 0.4]
      [GC Worker Total (ms): Min: 207.6, Avg: 207.7, Max: 207.9, Diff: 0.3, Sum: 1661.7]
      [GC Worker End (ms): Min: 63963.0, Avg: 63963.1, Max: 63963.1, Diff: 0.1]
   [Code Root Fixup: 0.0 ms]
   [Code Root Purge: 0.0 ms]
   [Clear CT: 0.4 ms]
   [Other: 1.5 ms]
      [Choose CSet: 0.0 ms]
      [Ref Proc: 0.4 ms]
      [Ref Enq: 0.0 ms]
      [Redirty Cards: 0.4 ms]
      [Humongous Register: 0.1 ms]
      [Humongous Reclaim: 0.0 ms]
      [Free CSet: 0.3 ms]
   [Eden: 134.0M(134.0M)->0.0B(120.0M) Survivors: 20.0M->20.0M Heap: 503.1M(2048.0M)->506.1M(2048.0M)]
 [Times: user=1.56 sys=0.00, real=0.21 secs] 
2020-09-29T12:21:43.926+0200: 64.081: [GC pause (G1 Evacuation Pause) (young), 0.1551234 secs]
   [Parallel Time: 151.0 ms, GC Workers: 8]
      [GC Worker Start (ms): Min: 64081.4, Avg: 64081.5, Max: 64081.6, Diff: 0.3]
      [Ext Root Scanning (ms): Min: 0.0, Avg: 0.1, Max: 0.3, Diff: 0.3, Sum: 0.9]
      [Update RS (ms): Min: 19.1, Avg: 19.3, Max: 19.7, Diff: 0.6, Sum: 154.6]
         [Processed Buffers: Min: 10, Avg: 12.3, Max: 14, Diff: 4, Sum: 98]
      [Scan RS (ms): Min: 11.1, Avg: 11.4, Max: 11.7, Diff: 0.6, Sum: 91.4]
      [Code Root Scanning (ms): Min: 0.0, Avg: 0.0, Max: 0.0, Diff: 0.0, Sum: 0.0]
      [Object Copy (ms): Min: 119.6, Avg: 119.7, Max: 119.8, Diff: 0.3, Sum: 957.4]
      [Termination (ms): Min: 0.0, Avg: 0.1, Max: 0.1, Diff: 0.1, Sum: 0.5]
         [Termination Attempts: Min: 1, Avg: 183.8, Max: 242, Diff: 241, Sum: 1470]
      [GC Worker Other (ms): Min: 0.0, Avg: 0.0, Max: 0.1, Diff: 0.0, Sum: 0.3]
      [GC Worker Total (ms): Min: 150.5, Avg: 150.6, Max: 150.8, Diff: 0.3, Sum: 1205.0]
      [GC Worker End (ms): Min: 64232.1, Avg: 64232.1, Max: 64232.2, Diff: 0.0]
   [Code Root Fixup: 0.0 ms]
   [Code Root Purge: 0.0 ms]
   [Clear CT: 0.3 ms]
   [Other: 3.7 ms]
      [Choose CSet: 0.0 ms]
      [Ref Proc: 0.3 ms]
      [Ref Enq: 0.0 ms]
      [Redirty Cards: 3.0 ms]
      [Humongous Register: 0.1 ms]
      [Humongous Reclaim: 0.0 ms]
      [Free CSet: 0.1 ms]
   [Eden: 120.0M(120.0M)->0.0B(129.0M) Survivors: 20.0M->18.0M Heap: 647.1M(2048.0M)->649.1M(2048.0M)]
 [Times: user=1.13 sys=0.00, real=0.16 secs] 
2020-09-29T12:21:44.207+0200: 64.362: [GC pause (G1 Evacuation Pause) (young), 0.1805499 secs]
   [Parallel Time: 179.0 ms, GC Workers: 8]
      [GC Worker Start (ms): Min: 64362.1, Avg: 64362.3, Max: 64362.4, Diff: 0.3]
      [Ext Root Scanning (ms): Min: 0.0, Avg: 0.1, Max: 0.3, Diff: 0.3, Sum: 1.0]
      [Update RS (ms): Min: 22.4, Avg: 22.7, Max: 23.4, Diff: 1.0, Sum: 181.5]
         [Processed Buffers: Min: 11, Avg: 13.0, Max: 15, Diff: 4, Sum: 104]
      [Scan RS (ms): Min: 11.7, Avg: 14.1, Max: 25.8, Diff: 14.1, Sum: 113.0]
      [Code Root Scanning (ms): Min: 0.0, Avg: 0.0, Max: 0.0, Diff: 0.0, Sum: 0.0]
      [Object Copy (ms): Min: 129.5, Avg: 141.4, Max: 143.2, Diff: 13.6, Sum: 1131.2]
      [Termination (ms): Min: 0.0, Avg: 0.2, Max: 0.3, Diff: 0.3, Sum: 1.7]
         [Termination Attempts: Min: 1, Avg: 624.5, Max: 749, Diff: 748, Sum: 4996]
      [GC Worker Other (ms): Min: 0.0, Avg: 0.0, Max: 0.1, Diff: 0.1, Sum: 0.4]
      [GC Worker Total (ms): Min: 178.4, Avg: 178.6, Max: 178.7, Diff: 0.3, Sum: 1428.8]
      [GC Worker End (ms): Min: 64540.9, Avg: 64540.9, Max: 64540.9, Diff: 0.1]
   [Code Root Fixup: 0.0 ms]
   [Code Root Purge: 0.0 ms]
   [Clear CT: 0.3 ms]
   [Other: 1.3 ms]
      [Choose CSet: 0.0 ms]
      [Ref Proc: 0.3 ms]
      [Ref Enq: 0.0 ms]
      [Redirty Cards: 0.3 ms]
      [Humongous Register: 0.1 ms]
      [Humongous Reclaim: 0.0 ms]
      [Free CSet: 0.3 ms]
   [Eden: 129.0M(129.0M)->0.0B(128.0M) Survivors: 18.0M->19.0M Heap: 799.0M(2048.0M)->801.0M(2048.0M)]
 [Times: user=1.45 sys=0.00, real=0.18 secs] 
2020-09-29T12:21:44.524+0200: 64.679: [GC pause (G1 Evacuation Pause) (young), 0.1996866 secs]
   [Parallel Time: 197.3 ms, GC Workers: 8]
      [GC Worker Start (ms): Min: 64679.3, Avg: 64683.4, Max: 64711.3, Diff: 32.0]
      [Ext Root Scanning (ms): Min: 0.0, Avg: 0.1, Max: 0.2, Diff: 0.2, Sum: 0.9]
      [Update RS (ms): Min: 0.0, Avg: 19.1, Max: 22.3, Diff: 22.3, Sum: 152.8]
         [Processed Buffers: Min: 0, Avg: 11.1, Max: 15, Diff: 15, Sum: 89]
      [Scan RS (ms): Min: 4.4, Avg: 13.4, Max: 15.5, Diff: 11.1, Sum: 107.0]
      [Code Root Scanning (ms): Min: 0.0, Avg: 0.0, Max: 0.0, Diff: 0.0, Sum: 0.0]
      [Object Copy (ms): Min: 159.1, Avg: 160.1, Max: 160.5, Diff: 1.3, Sum: 1281.1]
      [Termination (ms): Min: 0.0, Avg: 0.2, Max: 0.3, Diff: 0.3, Sum: 1.4]
         [Termination Attempts: Min: 1, Avg: 568.8, Max: 716, Diff: 715, Sum: 4550]
      [GC Worker Other (ms): Min: 0.0, Avg: 0.0, Max: 0.1, Diff: 0.1, Sum: 0.4]
      [GC Worker Total (ms): Min: 165.0, Avg: 192.9, Max: 197.0, Diff: 32.0, Sum: 1543.6]
      [GC Worker End (ms): Min: 64876.3, Avg: 64876.3, Max: 64876.4, Diff: 0.1]
   [Code Root Fixup: 0.0 ms]
   [Code Root Purge: 0.0 ms]
   [Clear CT: 1.0 ms]
   [Other: 1.4 ms]
      [Choose CSet: 0.0 ms]
      [Ref Proc: 0.4 ms]
      [Ref Enq: 0.0 ms]
      [Redirty Cards: 0.5 ms]
      [Humongous Register: 0.1 ms]
      [Humongous Reclaim: 0.0 ms]
      [Free CSet: 0.3 ms]
   [Eden: 128.0M(128.0M)->0.0B(122.0M) Survivors: 19.0M->19.0M Heap: 950.0M(2048.0M)->952.0M(2048.0M)]
 [Times: user=1.48 sys=0.00, real=0.20 secs] 
2020-09-29T12:21:44.738+0200: 64.893: [GC pause (G1 Humongous Allocation) (young) (initial-mark), 0.0784141 secs]
   [Parallel Time: 77.1 ms, GC Workers: 8]
      [GC Worker Start (ms): Min: 64893.0, Avg: 64893.2, Max: 64893.4, Diff: 0.4]
      [Ext Root Scanning (ms): Min: 0.0, Avg: 7.0, Max: 33.0, Diff: 32.9, Sum: 56.1]
      [Update RS (ms): Min: 3.6, Avg: 28.0, Max: 34.8, Diff: 31.2, Sum: 224.3]
         [Processed Buffers: Min: 1, Avg: 17.8, Max: 23, Diff: 22, Sum: 142]
      [Scan RS (ms): Min: 0.8, Avg: 5.8, Max: 29.8, Diff: 28.9, Sum: 46.3]
      [Code Root Scanning (ms): Min: 0.0, Avg: 0.0, Max: 0.0, Diff: 0.0, Sum: 0.0]
      [Object Copy (ms): Min: 12.1, Avg: 35.5, Max: 38.9, Diff: 26.8, Sum: 283.8]
      [Termination (ms): Min: 0.0, Avg: 0.3, Max: 0.4, Diff: 0.4, Sum: 2.7]
         [Termination Attempts: Min: 1, Avg: 1021.9, Max: 1279, Diff: 1278, Sum: 8175]
      [GC Worker Other (ms): Min: 0.0, Avg: 0.0, Max: 0.0, Diff: 0.0, Sum: 0.2]
      [GC Worker Total (ms): Min: 76.5, Avg: 76.7, Max: 76.9, Diff: 0.4, Sum: 613.5]
      [GC Worker End (ms): Min: 64969.9, Avg: 64969.9, Max: 64969.9, Diff: 0.0]
   [Code Root Fixup: 0.0 ms]
   [Code Root Purge: 0.0 ms]
   [Clear CT: 0.3 ms]
   [Other: 1.0 ms]
      [Choose CSet: 0.0 ms]
      [Ref Proc: 0.2 ms]
      [Ref Enq: 0.0 ms]
      [Redirty Cards: 0.3 ms]
      [Humongous Register: 0.1 ms]
      [Humongous Reclaim: 0.0 ms]
      [Free CSet: 0.1 ms]
   [Eden: 5120.0K(122.0M)->0.0B(111.0M) Survivors: 19.0M->6144.0K Heap: 956.5M(2048.0M)->960.5M(2048.0M)]
 [Times: user=0.42 sys=0.02, real=0.08 secs] 
2020-09-29T12:21:44.817+0200: 64.971: [GC concurrent-root-region-scan-start]
2020-09-29T12:21:44.819+0200: 64.974: [GC concurrent-root-region-scan-end, 0.0029216 secs]
2020-09-29T12:21:44.820+0200: 64.974: [GC concurrent-mark-start]
2020-09-29T12:21:44.824+0200: 64.979: [GC concurrent-mark-end, 0.0045230 secs]
2020-09-29T12:21:44.825+0200: 64.979: [GC remark 2020-09-29T12:21:44.825+0200: 64.979: [Finalize Marking, 0.0004940 secs] 2020-09-29T12:21:44.825+0200: 64.980: [GC ref-proc, 0.0007446 secs] 2020-09-29T12:21:44.826+0200: 64.981: [Unloading, 0.0008772 secs], 0.0027066 secs]
 [Times: user=0.00 sys=0.00, real=0.00 secs] 
2020-09-29T12:21:44.828+0200: 64.983: [GC cleanup 971M->24M(2048M), 0.0022840 secs]
 [Times: user=0.00 sys=0.00, real=0.00 secs] 
2020-09-29T12:21:44.830+0200: 64.985: [GC concurrent-cleanup-start]
2020-09-29T12:21:44.833+0200: 64.988: [GC concurrent-cleanup-end, 0.0022007 secs]
2020-09-29T12:21:44.939+0200: 65.093: [GC pause (G1 Evacuation Pause) (young), 0.1590797 secs]
   [Parallel Time: 157.4 ms, GC Workers: 8]
      [GC Worker Start (ms): Min: 65093.5, Avg: 65096.7, Max: 65118.1, Diff: 24.6]
      [Ext Root Scanning (ms): Min: 0.0, Avg: 0.1, Max: 0.2, Diff: 0.2, Sum: 0.7]
      [Update RS (ms): Min: 0.0, Avg: 18.7, Max: 22.7, Diff: 22.7, Sum: 149.8]
         [Processed Buffers: Min: 0, Avg: 10.6, Max: 15, Diff: 15, Sum: 85]
      [Scan RS (ms): Min: 5.3, Avg: 7.5, Max: 8.8, Diff: 3.5, Sum: 59.6]
      [Code Root Scanning (ms): Min: 0.0, Avg: 0.0, Max: 0.0, Diff: 0.0, Sum: 0.0]
      [Object Copy (ms): Min: 127.0, Avg: 127.4, Max: 127.7, Diff: 0.7, Sum: 1019.6]
      [Termination (ms): Min: 0.0, Avg: 0.2, Max: 0.2, Diff: 0.2, Sum: 1.3]
         [Termination Attempts: Min: 1, Avg: 542.3, Max: 709, Diff: 708, Sum: 4338]
      [GC Worker Other (ms): Min: 0.0, Avg: 0.0, Max: 0.1, Diff: 0.0, Sum: 0.3]
      [GC Worker Total (ms): Min: 132.5, Avg: 153.9, Max: 157.1, Diff: 24.6, Sum: 1231.3]
      [GC Worker End (ms): Min: 65250.6, Avg: 65250.6, Max: 65250.6, Diff: 0.0]
   [Code Root Fixup: 0.0 ms]
   [Code Root Purge: 0.0 ms]
   [Clear CT: 0.5 ms]
   [Other: 1.2 ms]
      [Choose CSet: 0.0 ms]
      [Ref Proc: 0.3 ms]
      [Ref Enq: 0.0 ms]
      [Redirty Cards: 0.3 ms]
      [Humongous Register: 0.1 ms]
      [Humongous Reclaim: 0.0 ms]
      [Free CSet: 0.2 ms]
   [Eden: 111.0M(111.0M)->0.0B(109.0M) Survivors: 6144.0K->15.0M Heap: 144.1M(2048.0M)->140.6M(2048.0M)]
 [Times: user=1.14 sys=0.00, real=0.16 secs] 
2020-09-29T12:21:45.206+0200: 65.361: [GC pause (G1 Evacuation Pause) (young), 0.1443896 secs]
   [Parallel Time: 142.8 ms, GC Workers: 8]
      [GC Worker Start (ms): Min: 65360.7, Avg: 65360.9, Max: 65361.0, Diff: 0.2]
      [Ext Root Scanning (ms): Min: 0.0, Avg: 0.1, Max: 0.2, Diff: 0.2, Sum: 0.8]
      [Update RS (ms): Min: 25.6, Avg: 26.0, Max: 27.3, Diff: 1.6, Sum: 207.8]
         [Processed Buffers: Min: 12, Avg: 15.0, Max: 19, Diff: 7, Sum: 120]
      [Scan RS (ms): Min: 5.4, Avg: 6.7, Max: 7.3, Diff: 1.9, Sum: 53.7]
      [Code Root Scanning (ms): Min: 0.0, Avg: 0.0, Max: 0.0, Diff: 0.0, Sum: 0.0]
      [Object Copy (ms): Min: 109.2, Avg: 109.5, Max: 109.6, Diff: 0.4, Sum: 876.1]
      [Termination (ms): Min: 0.0, Avg: 0.0, Max: 0.0, Diff: 0.0, Sum: 0.3]
         [Termination Attempts: Min: 1, Avg: 99.8, Max: 140, Diff: 139, Sum: 798]
      [GC Worker Other (ms): Min: 0.0, Avg: 0.0, Max: 0.1, Diff: 0.1, Sum: 0.3]
      [GC Worker Total (ms): Min: 142.3, Avg: 142.4, Max: 142.5, Diff: 0.3, Sum: 1139.0]
      [GC Worker End (ms): Min: 65503.2, Avg: 65503.2, Max: 65503.3, Diff: 0.1]
   [Code Root Fixup: 0.0 ms]
   [Code Root Purge: 0.0 ms]
   [Clear CT: 0.3 ms]
   [Other: 1.3 ms]
      [Choose CSet: 0.0 ms]
      [Ref Proc: 0.3 ms]
      [Ref Enq: 0.0 ms]
      [Redirty Cards: 0.5 ms]
      [Humongous Register: 0.0 ms]
      [Humongous Reclaim: 0.0 ms]
      [Free CSet: 0.1 ms]
   [Eden: 109.0M(109.0M)->0.0B(117.0M) Survivors: 15.0M->16.0M Heap: 268.6M(2048.0M)->270.1M(2048.0M)]
 [Times: user=1.13 sys=0.00, real=0.14 secs] 
2020-09-29T12:21:45.469+0200: 65.624: [GC pause (G1 Evacuation Pause) (young), 0.1659125 secs]
   [Parallel Time: 164.3 ms, GC Workers: 8]
      [GC Worker Start (ms): Min: 65623.9, Avg: 65624.0, Max: 65624.1, Diff: 0.3]
      [Ext Root Scanning (ms): Min: 0.0, Avg: 0.1, Max: 0.2, Diff: 0.2, Sum: 0.9]
      [Update RS (ms): Min: 17.9, Avg: 18.2, Max: 18.8, Diff: 0.9, Sum: 145.3]
         [Processed Buffers: Min: 9, Avg: 10.8, Max: 14, Diff: 5, Sum: 86]
      [Scan RS (ms): Min: 11.3, Avg: 11.8, Max: 12.1, Diff: 0.8, Sum: 94.5]
      [Code Root Scanning (ms): Min: 0.0, Avg: 0.0, Max: 0.0, Diff: 0.0, Sum: 0.0]
      [Object Copy (ms): Min: 133.6, Avg: 133.8, Max: 133.8, Diff: 0.2, Sum: 1070.1]
      [Termination (ms): Min: 0.0, Avg: 0.0, Max: 0.0, Diff: 0.0, Sum: 0.1]
         [Termination Attempts: Min: 1, Avg: 21.1, Max: 29, Diff: 28, Sum: 169]
      [GC Worker Other (ms): Min: 0.0, Avg: 0.0, Max: 0.1, Diff: 0.0, Sum: 0.3]
      [GC Worker Total (ms): Min: 163.8, Avg: 163.9, Max: 164.1, Diff: 0.3, Sum: 1311.1]
      [GC Worker End (ms): Min: 65787.9, Avg: 65787.9, Max: 65788.0, Diff: 0.0]
   [Code Root Fixup: 0.0 ms]
   [Code Root Purge: 0.0 ms]
   [Clear CT: 0.3 ms]
   [Other: 1.3 ms]
      [Choose CSet: 0.0 ms]
      [Ref Proc: 0.4 ms]
      [Ref Enq: 0.0 ms]
      [Redirty Cards: 0.3 ms]
      [Humongous Register: 0.1 ms]
      [Humongous Reclaim: 0.0 ms]
      [Free CSet: 0.2 ms]
   [Eden: 117.0M(117.0M)->0.0B(120.0M) Survivors: 16.0M->17.0M Heap: 406.2M(2048.0M)->407.7M(2048.0M)]
 [Times: user=1.33 sys=0.01, real=0.17 secs] 
2020-09-29T12:21:45.759+0200: 65.914: [GC pause (G1 Evacuation Pause) (young), 0.1582660 secs]
   [Parallel Time: 156.4 ms, GC Workers: 8]
      [GC Worker Start (ms): Min: 65914.4, Avg: 65914.5, Max: 65914.6, Diff: 0.2]
      [Ext Root Scanning (ms): Min: 0.0, Avg: 0.1, Max: 0.2, Diff: 0.2, Sum: 1.1]
      [Update RS (ms): Min: 24.4, Avg: 25.3, Max: 25.9, Diff: 1.5, Sum: 202.6]
         [Processed Buffers: Min: 12, Avg: 13.8, Max: 17, Diff: 5, Sum: 110]
      [Scan RS (ms): Min: 7.5, Avg: 8.0, Max: 9.0, Diff: 1.5, Sum: 64.4]
      [Code Root Scanning (ms): Min: 0.0, Avg: 0.0, Max: 0.0, Diff: 0.0, Sum: 0.0]
      [Object Copy (ms): Min: 122.4, Avg: 122.4, Max: 122.5, Diff: 0.1, Sum: 979.4]
      [Termination (ms): Min: 0.0, Avg: 0.0, Max: 0.1, Diff: 0.1, Sum: 0.3]
         [Termination Attempts: Min: 1, Avg: 118.4, Max: 151, Diff: 150, Sum: 947]
      [GC Worker Other (ms): Min: 0.0, Avg: 0.1, Max: 0.1, Diff: 0.1, Sum: 0.5]
      [GC Worker Total (ms): Min: 155.9, Avg: 156.0, Max: 156.1, Diff: 0.2, Sum: 1248.1]
      [GC Worker End (ms): Min: 66070.5, Avg: 66070.5, Max: 66070.6, Diff: 0.1]
   [Code Root Fixup: 0.0 ms]
   [Code Root Purge: 0.0 ms]
   [Clear CT: 0.3 ms]
   [Other: 1.6 ms]
      [Choose CSet: 0.0 ms]
      [Ref Proc: 0.5 ms]
      [Ref Enq: 0.0 ms]
      [Redirty Cards: 0.5 ms]
      [Humongous Register: 0.1 ms]
      [Humongous Reclaim: 0.0 ms]
      [Free CSet: 0.2 ms]
   [Eden: 120.0M(120.0M)->0.0B(127.0M) Survivors: 17.0M->18.0M Heap: 546.8M(2048.0M)->548.8M(2048.0M)]
 [Times: user=1.20 sys=0.00, real=0.16 secs] 
2020-09-29T12:21:46.048+0200: 66.203: [GC pause (G1 Evacuation Pause) (young), 0.1693315 secs]
   [Parallel Time: 167.8 ms, GC Workers: 8]
      [GC Worker Start (ms): Min: 66202.7, Avg: 66203.9, Max: 66210.9, Diff: 8.2]
      [Ext Root Scanning (ms): Min: 0.0, Avg: 0.1, Max: 0.3, Diff: 0.3, Sum: 0.9]
      [Update RS (ms): Min: 10.7, Avg: 17.7, Max: 19.2, Diff: 8.5, Sum: 142.0]
         [Processed Buffers: Min: 9, Avg: 10.8, Max: 14, Diff: 5, Sum: 86]
      [Scan RS (ms): Min: 13.7, Avg: 14.2, Max: 14.4, Diff: 0.7, Sum: 113.7]
      [Code Root Scanning (ms): Min: 0.0, Avg: 0.0, Max: 0.0, Diff: 0.0, Sum: 0.0]
      [Object Copy (ms): Min: 134.1, Avg: 134.1, Max: 134.2, Diff: 0.1, Sum: 1073.2]
      [Termination (ms): Min: 0.0, Avg: 0.1, Max: 0.1, Diff: 0.1, Sum: 0.6]
         [Termination Attempts: Min: 1, Avg: 254.4, Max: 322, Diff: 321, Sum: 2035]
      [GC Worker Other (ms): Min: 0.0, Avg: 0.1, Max: 0.1, Diff: 0.1, Sum: 0.6]
      [GC Worker Total (ms): Min: 159.3, Avg: 166.4, Max: 167.5, Diff: 8.2, Sum: 1331.0]
      [GC Worker End (ms): Min: 66370.2, Avg: 66370.3, Max: 66370.3, Diff: 0.1]
   [Code Root Fixup: 0.0 ms]
   [Code Root Purge: 0.0 ms]
   [Clear CT: 0.3 ms]
   [Other: 1.3 ms]
      [Choose CSet: 0.0 ms]
      [Ref Proc: 0.4 ms]
      [Ref Enq: 0.0 ms]
      [Redirty Cards: 0.3 ms]
      [Humongous Register: 0.1 ms]
      [Humongous Reclaim: 0.0 ms]
      [Free CSet: 0.2 ms]
   [Eden: 127.0M(127.0M)->0.0B(130.0M) Survivors: 18.0M->19.0M Heap: 698.7M(2048.0M)->700.7M(2048.0M)]
 [Times: user=1.36 sys=0.00, real=0.17 secs] 
2020-09-29T12:21:46.351+0200: 66.506: [GC pause (G1 Evacuation Pause) (young), 0.1767598 secs]
   [Parallel Time: 175.1 ms, GC Workers: 8]
      [GC Worker Start (ms): Min: 66505.9, Avg: 66506.1, Max: 66506.2, Diff: 0.3]
      [Ext Root Scanning (ms): Min: 0.0, Avg: 0.1, Max: 0.3, Diff: 0.3, Sum: 0.9]
      [Update RS (ms): Min: 19.4, Avg: 19.9, Max: 21.6, Diff: 2.2, Sum: 158.9]
         [Processed Buffers: Min: 10, Avg: 11.3, Max: 14, Diff: 4, Sum: 90]
      [Scan RS (ms): Min: 13.2, Avg: 15.0, Max: 15.6, Diff: 2.4, Sum: 120.2]
      [Code Root Scanning (ms): Min: 0.0, Avg: 0.0, Max: 0.0, Diff: 0.0, Sum: 0.0]
      [Object Copy (ms): Min: 139.6, Avg: 139.6, Max: 139.7, Diff: 0.2, Sum: 1117.0]
      [Termination (ms): Min: 0.0, Avg: 0.0, Max: 0.0, Diff: 0.0, Sum: 0.3]
         [Termination Attempts: Min: 1, Avg: 128.6, Max: 160, Diff: 159, Sum: 1029]
      [GC Worker Other (ms): Min: 0.0, Avg: 0.0, Max: 0.1, Diff: 0.0, Sum: 0.3]
      [GC Worker Total (ms): Min: 174.6, Avg: 174.7, Max: 174.8, Diff: 0.3, Sum: 1397.6]
      [GC Worker End (ms): Min: 66680.8, Avg: 66680.8, Max: 66680.8, Diff: 0.0]
   [Code Root Fixup: 0.0 ms]
   [Code Root Purge: 0.0 ms]
   [Clear CT: 0.3 ms]
   [Other: 1.3 ms]
      [Choose CSet: 0.0 ms]
      [Ref Proc: 0.4 ms]
      [Ref Enq: 0.0 ms]
      [Redirty Cards: 0.3 ms]
      [Humongous Register: 0.1 ms]
      [Humongous Reclaim: 0.0 ms]
      [Free CSet: 0.3 ms]
   [Eden: 130.0M(130.0M)->0.0B(133.0M) Survivors: 19.0M->19.0M Heap: 851.7M(2048.0M)->854.2M(2048.0M)]
 [Times: user=1.28 sys=0.02, real=0.18 secs] 
2020-09-29T12:21:46.659+0200: 66.814: [GC pause (G1 Evacuation Pause) (young), 0.0893390 secs]
   [Parallel Time: 88.4 ms, GC Workers: 8]
      [GC Worker Start (ms): Min: 66814.4, Avg: 66814.5, Max: 66814.6, Diff: 0.2]
      [Ext Root Scanning (ms): Min: 0.0, Avg: 0.1, Max: 0.2, Diff: 0.2, Sum: 0.5]
      [Update RS (ms): Min: 10.9, Avg: 11.0, Max: 11.3, Diff: 0.3, Sum: 88.2]
         [Processed Buffers: Min: 11, Avg: 12.4, Max: 15, Diff: 4, Sum: 99]
      [Scan RS (ms): Min: 7.0, Avg: 7.2, Max: 7.3, Diff: 0.3, Sum: 57.2]
      [Code Root Scanning (ms): Min: 0.0, Avg: 0.0, Max: 0.0, Diff: 0.0, Sum: 0.0]
      [Object Copy (ms): Min: 69.7, Avg: 69.8, Max: 69.9, Diff: 0.2, Sum: 558.3]
      [Termination (ms): Min: 0.0, Avg: 0.1, Max: 0.1, Diff: 0.1, Sum: 0.7]
         [Termination Attempts: Min: 1, Avg: 563.0, Max: 686, Diff: 685, Sum: 4504]
      [GC Worker Other (ms): Min: 0.0, Avg: 0.0, Max: 0.1, Diff: 0.1, Sum: 0.3]
      [GC Worker Total (ms): Min: 88.1, Avg: 88.2, Max: 88.3, Diff: 0.2, Sum: 705.3]
      [GC Worker End (ms): Min: 66902.7, Avg: 66902.7, Max: 66902.7, Diff: 0.1]
   [Code Root Fixup: 0.0 ms]
   [Code Root Purge: 0.0 ms]
   [Clear CT: 0.1 ms]
   [Other: 0.8 ms]
      [Choose CSet: 0.0 ms]
      [Ref Proc: 0.2 ms]
      [Ref Enq: 0.0 ms]
      [Redirty Cards: 0.2 ms]
      [Humongous Register: 0.0 ms]
      [Humongous Reclaim: 0.0 ms]
      [Free CSet: 0.2 ms]
   [Eden: 133.0M(133.0M)->0.0B(152.0M) Survivors: 19.0M->19.0M Heap: 1010.1M(2048.0M)->1012.6M(2048.0M)]
 [Times: user=0.75 sys=0.00, real=0.09 secs] 
2020-09-29T12:21:46.756+0200: 66.910: [GC pause (G1 Humongous Allocation) (young) (initial-mark), 0.0349506 secs]
   [Parallel Time: 34.0 ms, GC Workers: 8]
      [GC Worker Start (ms): Min: 66910.6, Avg: 66910.7, Max: 66910.7, Diff: 0.2]
      [Ext Root Scanning (ms): Min: 0.0, Avg: 0.1, Max: 0.2, Diff: 0.2, Sum: 0.6]
      [Update RS (ms): Min: 17.4, Avg: 17.7, Max: 18.0, Diff: 0.6, Sum: 141.5]
         [Processed Buffers: Min: 18, Avg: 20.0, Max: 22, Diff: 4, Sum: 160]
      [Scan RS (ms): Min: 1.1, Avg: 1.4, Max: 1.6, Diff: 0.6, Sum: 11.1]
      [Code Root Scanning (ms): Min: 0.0, Avg: 0.0, Max: 0.0, Diff: 0.0, Sum: 0.0]
      [Object Copy (ms): Min: 14.5, Avg: 14.6, Max: 14.6, Diff: 0.1, Sum: 116.5]
      [Termination (ms): Min: 0.0, Avg: 0.0, Max: 0.0, Diff: 0.0, Sum: 0.1]
         [Termination Attempts: Min: 1, Avg: 68.8, Max: 86, Diff: 85, Sum: 550]
      [GC Worker Other (ms): Min: 0.0, Avg: 0.0, Max: 0.0, Diff: 0.0, Sum: 0.1]
      [GC Worker Total (ms): Min: 33.7, Avg: 33.7, Max: 33.8, Diff: 0.1, Sum: 269.9]
      [GC Worker End (ms): Min: 66944.4, Avg: 66944.4, Max: 66944.4, Diff: 0.0]
   [Code Root Fixup: 0.0 ms]
   [Code Root Purge: 0.0 ms]
   [Clear CT: 0.2 ms]
   [Other: 0.8 ms]
      [Choose CSet: 0.0 ms]
      [Ref Proc: 0.2 ms]
      [Ref Enq: 0.0 ms]
      [Redirty Cards: 0.3 ms]
      [Humongous Register: 0.0 ms]
      [Humongous Reclaim: 0.0 ms]
      [Free CSet: 0.0 ms]
   [Eden: 12.0M(152.0M)->0.0B(183.0M) Survivors: 19.0M->13.0M Heap: 1024.1M(2048.0M)->1027.6M(2048.0M)]
 [Times: user=0.23 sys=0.00, real=0.03 secs] 
2020-09-29T12:21:46.791+0200: 66.946: [GC concurrent-root-region-scan-start]
2020-09-29T12:21:46.793+0200: 66.948: [GC concurrent-root-region-scan-end, 0.0022473 secs]
2020-09-29T12:21:46.793+0200: 66.948: [GC concurrent-mark-start]
2020-09-29T12:21:46.795+0200: 66.950: [GC concurrent-mark-end, 0.0025310 secs]
2020-09-29T12:21:46.796+0200: 66.951: [GC remark 2020-09-29T12:21:46.796+0200: 66.951: [Finalize Marking, 0.0006395 secs] 2020-09-29T12:21:46.796+0200: 66.951: [GC ref-proc, 0.0003121 secs] 2020-09-29T12:21:46.797+0200: 66.952: [Unloading, 0.0006966 secs], 0.0019884 secs]
 [Times: user=0.00 sys=0.00, real=0.00 secs] 
2020-09-29T12:21:46.798+0200: 66.953: [GC cleanup 1039M->32M(2048M), 0.0014779 secs]
 [Times: user=0.00 sys=0.00, real=0.00 secs] 
2020-09-29T12:21:46.800+0200: 66.955: [GC concurrent-cleanup-start]
2020-09-29T12:21:46.801+0200: 66.956: [GC concurrent-cleanup-end, 0.0017827 secs]
2020-09-29T12:21:46.904+0200: 67.059: [GC pause (G1 Evacuation Pause) (young), 0.1073875 secs]
   [Parallel Time: 106.4 ms, GC Workers: 8]
      [GC Worker Start (ms): Min: 67058.9, Avg: 67059.0, Max: 67059.1, Diff: 0.2]
      [Ext Root Scanning (ms): Min: 0.0, Avg: 0.1, Max: 0.2, Diff: 0.2, Sum: 0.5]
      [Update RS (ms): Min: 13.2, Avg: 13.8, Max: 14.7, Diff: 1.6, Sum: 110.4]
         [Processed Buffers: Min: 11, Avg: 12.8, Max: 14, Diff: 3, Sum: 102]
      [Scan RS (ms): Min: 8.3, Avg: 9.3, Max: 9.9, Diff: 1.6, Sum: 74.5]
      [Code Root Scanning (ms): Min: 0.0, Avg: 0.0, Max: 0.0, Diff: 0.0, Sum: 0.0]
      [Object Copy (ms): Min: 82.7, Avg: 82.8, Max: 82.9, Diff: 0.2, Sum: 662.4]
      [Termination (ms): Min: 0.0, Avg: 0.0, Max: 0.1, Diff: 0.1, Sum: 0.3]
         [Termination Attempts: Min: 1, Avg: 44.3, Max: 67, Diff: 66, Sum: 354]
      [GC Worker Other (ms): Min: 0.0, Avg: 0.0, Max: 0.0, Diff: 0.0, Sum: 0.1]
      [GC Worker Total (ms): Min: 106.0, Avg: 106.0, Max: 106.2, Diff: 0.2, Sum: 848.3]
      [GC Worker End (ms): Min: 67165.0, Avg: 67165.0, Max: 67165.1, Diff: 0.0]
   [Code Root Fixup: 0.0 ms]
   [Code Root Purge: 0.0 ms]
   [Clear CT: 0.2 ms]
   [Other: 0.8 ms]
      [Choose CSet: 0.0 ms]
      [Ref Proc: 0.2 ms]
      [Ref Enq: 0.0 ms]
      [Redirty Cards: 0.2 ms]
      [Humongous Register: 0.0 ms]
      [Humongous Reclaim: 0.0 ms]
      [Free CSet: 0.1 ms]
   [Eden: 183.0M(183.0M)->0.0B(194.0M) Survivors: 13.0M->25.0M Heap: 234.5M(2048.0M)->223.0M(2048.0M)]
 [Times: user=0.80 sys=0.03, real=0.11 secs] 
2020-09-29T12:21:47.133+0200: 67.288: [GC pause (G1 Evacuation Pause) (young), 0.1586906 secs]
   [Parallel Time: 157.6 ms, GC Workers: 8]
      [GC Worker Start (ms): Min: 67287.7, Avg: 67287.8, Max: 67288.0, Diff: 0.3]
      [Ext Root Scanning (ms): Min: 0.0, Avg: 0.1, Max: 0.2, Diff: 0.2, Sum: 0.5]
      [Update RS (ms): Min: 23.2, Avg: 23.4, Max: 23.9, Diff: 0.7, Sum: 187.4]
         [Processed Buffers: Min: 6, Avg: 16.9, Max: 22, Diff: 16, Sum: 135]
      [Scan RS (ms): Min: 13.0, Avg: 13.5, Max: 13.9, Diff: 0.9, Sum: 107.8]
      [Code Root Scanning (ms): Min: 0.0, Avg: 0.0, Max: 0.0, Diff: 0.0, Sum: 0.0]
      [Object Copy (ms): Min: 120.0, Avg: 120.2, Max: 120.2, Diff: 0.3, Sum: 961.3]
      [Termination (ms): Min: 0.1, Avg: 0.2, Max: 0.3, Diff: 0.2, Sum: 1.4]
         [Termination Attempts: Min: 1, Avg: 548.1, Max: 678, Diff: 677, Sum: 4385]
      [GC Worker Other (ms): Min: 0.0, Avg: 0.0, Max: 0.1, Diff: 0.1, Sum: 0.3]
      [GC Worker Total (ms): Min: 157.2, Avg: 157.3, Max: 157.4, Diff: 0.2, Sum: 1258.7]
      [GC Worker End (ms): Min: 67445.1, Avg: 67445.1, Max: 67445.2, Diff: 0.1]
   [Code Root Fixup: 0.0 ms]
   [Code Root Purge: 0.0 ms]
   [Clear CT: 0.2 ms]
   [Other: 0.9 ms]
      [Choose CSet: 0.0 ms]
      [Ref Proc: 0.2 ms]
      [Ref Enq: 0.0 ms]
      [Redirty Cards: 0.2 ms]
      [Humongous Register: 0.0 ms]
      [Humongous Reclaim: 0.0 ms]
      [Free CSet: 0.2 ms]
   [Eden: 194.0M(194.0M)->0.0B(194.0M) Survivors: 25.0M->28.0M Heap: 449.4M(2048.0M)->451.4M(2048.0M)]
 [Times: user=1.02 sys=0.00, real=0.16 secs] 
2020-09-29T12:21:47.416+0200: 67.570: [GC pause (G1 Evacuation Pause) (young), 0.1271847 secs]
   [Parallel Time: 126.1 ms, GC Workers: 8]
      [GC Worker Start (ms): Min: 67570.5, Avg: 67570.7, Max: 67570.7, Diff: 0.2]
      [Ext Root Scanning (ms): Min: 0.0, Avg: 0.1, Max: 0.2, Diff: 0.2, Sum: 0.5]
      [Update RS (ms): Min: 16.5, Avg: 17.0, Max: 17.2, Diff: 0.6, Sum: 135.6]
         [Processed Buffers: Min: 12, Avg: 14.0, Max: 16, Diff: 4, Sum: 112]
      [Scan RS (ms): Min: 10.8, Avg: 11.0, Max: 11.3, Diff: 0.5, Sum: 87.6]
      [Code Root Scanning (ms): Min: 0.0, Avg: 0.0, Max: 0.0, Diff: 0.0, Sum: 0.0]
      [Object Copy (ms): Min: 97.7, Avg: 97.9, Max: 98.0, Diff: 0.2, Sum: 783.0]
      [Termination (ms): Min: 0.0, Avg: 0.0, Max: 0.0, Diff: 0.0, Sum: 0.2]
         [Termination Attempts: Min: 1, Avg: 180.9, Max: 229, Diff: 228, Sum: 1447]
      [GC Worker Other (ms): Min: 0.0, Avg: 0.0, Max: 0.1, Diff: 0.1, Sum: 0.3]
      [GC Worker Total (ms): Min: 125.8, Avg: 125.9, Max: 126.1, Diff: 0.3, Sum: 1007.3]
      [GC Worker End (ms): Min: 67696.5, Avg: 67696.6, Max: 67696.6, Diff: 0.1]
   [Code Root Fixup: 0.0 ms]
   [Code Root Purge: 0.0 ms]
   [Clear CT: 0.2 ms]
   [Other: 0.9 ms]
      [Choose CSet: 0.0 ms]
      [Ref Proc: 0.2 ms]
      [Ref Enq: 0.0 ms]
      [Redirty Cards: 0.2 ms]
      [Humongous Register: 0.0 ms]
      [Humongous Reclaim: 0.0 ms]
      [Free CSet: 0.2 ms]
   [Eden: 194.0M(194.0M)->0.0B(213.0M) Survivors: 28.0M->28.0M Heap: 677.9M(2048.0M)->679.9M(2048.0M)]
 [Times: user=0.99 sys=0.00, real=0.13 secs] 
2020-09-29T12:21:47.657+0200: 67.812: [GC pause (G1 Evacuation Pause) (young), 0.1693208 secs]
   [Parallel Time: 168.3 ms, GC Workers: 8]
      [GC Worker Start (ms): Min: 67812.1, Avg: 67812.1, Max: 67812.2, Diff: 0.1]
      [Ext Root Scanning (ms): Min: 0.0, Avg: 0.1, Max: 0.1, Diff: 0.1, Sum: 0.5]
      [Update RS (ms): Min: 16.6, Avg: 17.0, Max: 18.6, Diff: 2.0, Sum: 136.3]
         [Processed Buffers: Min: 7, Avg: 15.4, Max: 19, Diff: 12, Sum: 123]
      [Scan RS (ms): Min: 14.7, Avg: 16.5, Max: 18.6, Diff: 3.9, Sum: 132.2]
      [Code Root Scanning (ms): Min: 0.0, Avg: 0.0, Max: 0.0, Diff: 0.0, Sum: 0.0]
      [Object Copy (ms): Min: 132.7, Avg: 134.3, Max: 134.6, Diff: 1.9, Sum: 1074.6]
      [Termination (ms): Min: 0.0, Avg: 0.1, Max: 0.1, Diff: 0.1, Sum: 0.8]
         [Termination Attempts: Min: 1, Avg: 734.8, Max: 943, Diff: 942, Sum: 5878]
      [GC Worker Other (ms): Min: 0.0, Avg: 0.0, Max: 0.0, Diff: 0.0, Sum: 0.2]
      [GC Worker Total (ms): Min: 168.0, Avg: 168.1, Max: 168.1, Diff: 0.1, Sum: 1344.6]
      [GC Worker End (ms): Min: 67980.2, Avg: 67980.2, Max: 67980.2, Diff: 0.0]
   [Code Root Fixup: 0.0 ms]
   [Code Root Purge: 0.0 ms]
   [Clear CT: 0.2 ms]
   [Other: 0.9 ms]
      [Choose CSet: 0.0 ms]
      [Ref Proc: 0.2 ms]
      [Ref Enq: 0.0 ms]
      [Redirty Cards: 0.2 ms]
      [Humongous Register: 0.0 ms]
      [Humongous Reclaim: 0.0 ms]
      [Free CSet: 0.2 ms]
   [Eden: 213.0M(213.0M)->0.0B(213.0M) Survivors: 28.0M->31.0M Heap: 929.1M(2048.0M)->931.1M(2048.0M)]
 [Times: user=1.30 sys=0.00, real=0.17 secs] 
2020-09-29T12:21:47.885+0200: 68.040: [GC pause (G1 Humongous Allocation) (young) (initial-mark), 0.0998461 secs]
   [Parallel Time: 98.8 ms, GC Workers: 8]
      [GC Worker Start (ms): Min: 68040.5, Avg: 68040.6, Max: 68040.7, Diff: 0.2]
      [Ext Root Scanning (ms): Min: 0.0, Avg: 0.8, Max: 4.4, Diff: 4.4, Sum: 6.7]
      [Update RS (ms): Min: 19.0, Avg: 24.2, Max: 33.9, Diff: 14.8, Sum: 193.8]
         [Processed Buffers: Min: 12, Avg: 17.9, Max: 22, Diff: 10, Sum: 143]
      [Scan RS (ms): Min: 0.0, Avg: 2.1, Max: 2.8, Diff: 2.8, Sum: 16.9]
      [Code Root Scanning (ms): Min: 0.0, Avg: 0.0, Max: 0.0, Diff: 0.0, Sum: 0.0]
      [Object Copy (ms): Min: 64.0, Avg: 71.1, Max: 72.4, Diff: 8.4, Sum: 569.2]
      [Termination (ms): Min: 0.0, Avg: 0.2, Max: 0.4, Diff: 0.4, Sum: 1.9]
         [Termination Attempts: Min: 1, Avg: 1483.3, Max: 2168, Diff: 2167, Sum: 11866]
      [GC Worker Other (ms): Min: 0.0, Avg: 0.0, Max: 0.1, Diff: 0.0, Sum: 0.2]
      [GC Worker Total (ms): Min: 98.5, Avg: 98.6, Max: 98.7, Diff: 0.2, Sum: 788.7]
      [GC Worker End (ms): Min: 68139.2, Avg: 68139.2, Max: 68139.2, Diff: 0.0]
   [Code Root Fixup: 0.0 ms]
   [Code Root Purge: 0.0 ms]
   [Clear CT: 0.2 ms]
   [Other: 0.8 ms]
      [Choose CSet: 0.0 ms]
      [Ref Proc: 0.2 ms]
      [Ref Enq: 0.0 ms]
      [Redirty Cards: 0.2 ms]
      [Humongous Register: 0.1 ms]
      [Humongous Reclaim: 0.0 ms]
      [Free CSet: 0.1 ms]
   [Eden: 86.0M(213.0M)->0.0B(218.0M) Survivors: 31.0M->31.0M Heap: 1030.5M(2048.0M)->1032.5M(2048.0M)]
 [Times: user=0.66 sys=0.00, real=0.10 secs] 
2020-09-29T12:21:47.985+0200: 68.140: [GC concurrent-root-region-scan-start]
2020-09-29T12:21:47.997+0200: 68.152: [GC concurrent-root-region-scan-end, 0.0113179 secs]
2020-09-29T12:21:47.997+0200: 68.152: [GC concurrent-mark-start]
2020-09-29T12:21:48.000+0200: 68.155: [GC concurrent-mark-end, 0.0031974 secs]
2020-09-29T12:21:48.000+0200: 68.155: [GC remark 2020-09-29T12:21:48.000+0200: 68.155: [Finalize Marking, 0.0002936 secs] 2020-09-29T12:21:48.001+0200: 68.155: [GC ref-proc, 0.0003108 secs] 2020-09-29T12:21:48.001+0200: 68.156: [Unloading, 0.0004383 secs], 0.0013363 secs]
 [Times: user=0.00 sys=0.00, real=0.00 secs] 
2020-09-29T12:21:48.002+0200: 68.157: [GC cleanup 1066M->72M(2048M), 0.0010324 secs]
 [Times: user=0.00 sys=0.00, real=0.00 secs] 
2020-09-29T12:21:48.003+0200: 68.158: [GC concurrent-cleanup-start]
2020-09-29T12:21:48.004+0200: 68.159: [GC concurrent-cleanup-end, 0.0010978 secs]
2020-09-29T12:21:48.106+0200: 68.261: [GC pause (G1 Evacuation Pause) (young), 0.1209267 secs]
   [Parallel Time: 119.8 ms, GC Workers: 8]
      [GC Worker Start (ms): Min: 68261.0, Avg: 68261.3, Max: 68262.8, Diff: 1.8]
      [Ext Root Scanning (ms): Min: 0.0, Avg: 0.1, Max: 0.1, Diff: 0.1, Sum: 0.5]
      [Update RS (ms): Min: 13.1, Avg: 14.7, Max: 15.5, Diff: 2.5, Sum: 117.2]
         [Processed Buffers: Min: 13, Avg: 16.0, Max: 19, Diff: 6, Sum: 128]
      [Scan RS (ms): Min: 9.1, Avg: 9.8, Max: 10.0, Diff: 0.9, Sum: 78.3]
      [Code Root Scanning (ms): Min: 0.0, Avg: 0.0, Max: 0.0, Diff: 0.0, Sum: 0.0]
      [Object Copy (ms): Min: 94.8, Avg: 94.9, Max: 94.9, Diff: 0.1, Sum: 759.0]
      [Termination (ms): Min: 0.0, Avg: 0.0, Max: 0.0, Diff: 0.0, Sum: 0.3]
         [Termination Attempts: Min: 1, Avg: 238.3, Max: 302, Diff: 301, Sum: 1906]
      [GC Worker Other (ms): Min: 0.0, Avg: 0.0, Max: 0.1, Diff: 0.0, Sum: 0.2]
      [GC Worker Total (ms): Min: 117.9, Avg: 119.4, Max: 119.7, Diff: 1.8, Sum: 955.5]
      [GC Worker End (ms): Min: 68380.7, Avg: 68380.7, Max: 68380.8, Diff: 0.0]
   [Code Root Fixup: 0.0 ms]
   [Code Root Purge: 0.0 ms]
   [Clear CT: 0.2 ms]
   [Other: 1.0 ms]
      [Choose CSet: 0.0 ms]
      [Ref Proc: 0.2 ms]
      [Ref Enq: 0.0 ms]
      [Redirty Cards: 0.2 ms]
      [Humongous Register: 0.0 ms]
      [Humongous Reclaim: 0.0 ms]
      [Free CSet: 0.2 ms]
   [Eden: 218.0M(218.0M)->0.0B(241.0M) Survivors: 31.0M->32.0M Heap: 295.1M(2048.0M)->266.1M(2048.0M)]
 [Times: user=0.98 sys=0.00, real=0.12 secs] 
2020-09-29T12:21:48.367+0200: 68.522: [GC pause (G1 Evacuation Pause) (young), 0.1657048 secs]
   [Parallel Time: 164.5 ms, GC Workers: 8]
      [GC Worker Start (ms): Min: 68522.3, Avg: 68522.4, Max: 68522.5, Diff: 0.2]
      [Ext Root Scanning (ms): Min: 0.0, Avg: 0.1, Max: 0.2, Diff: 0.2, Sum: 0.6]
      [Update RS (ms): Min: 21.6, Avg: 21.7, Max: 22.1, Diff: 0.5, Sum: 173.5]
         [Processed Buffers: Min: 13, Avg: 19.5, Max: 23, Diff: 10, Sum: 156]
      [Scan RS (ms): Min: 13.8, Avg: 14.2, Max: 14.6, Diff: 0.8, Sum: 113.6]
      [Code Root Scanning (ms): Min: 0.0, Avg: 0.0, Max: 0.0, Diff: 0.0, Sum: 0.0]
      [Object Copy (ms): Min: 127.9, Avg: 128.2, Max: 128.3, Diff: 0.4, Sum: 1025.7]
      [Termination (ms): Min: 0.0, Avg: 0.1, Max: 0.1, Diff: 0.1, Sum: 0.6]
         [Termination Attempts: Min: 1, Avg: 456.3, Max: 643, Diff: 642, Sum: 3650]
      [GC Worker Other (ms): Min: 0.0, Avg: 0.0, Max: 0.1, Diff: 0.0, Sum: 0.3]
      [GC Worker Total (ms): Min: 164.2, Avg: 164.3, Max: 164.4, Diff: 0.2, Sum: 1314.4]
      [GC Worker End (ms): Min: 68686.7, Avg: 68686.7, Max: 68686.7, Diff: 0.0]
   [Code Root Fixup: 0.0 ms]
   [Code Root Purge: 0.0 ms]
   [Clear CT: 0.1 ms]
   [Other: 1.0 ms]
      [Choose CSet: 0.0 ms]
      [Ref Proc: 0.2 ms]
      [Ref Enq: 0.0 ms]
      [Redirty Cards: 0.2 ms]
      [Humongous Register: 0.0 ms]
      [Humongous Reclaim: 0.0 ms]
      [Free CSet: 0.3 ms]
   [Eden: 241.0M(241.0M)->0.0B(242.0M) Survivors: 32.0M->35.0M Heap: 547.2M(2048.0M)->549.2M(2048.0M)]
 [Times: user=1.16 sys=0.00, real=0.17 secs] 
2020-09-29T12:21:48.694+0200: 68.849: [GC pause (G1 Evacuation Pause) (young), 0.1541790 secs]
   [Parallel Time: 153.0 ms, GC Workers: 8]
      [GC Worker Start (ms): Min: 68849.3, Avg: 68849.5, Max: 68849.5, Diff: 0.2]
      [Ext Root Scanning (ms): Min: 0.0, Avg: 0.1, Max: 0.2, Diff: 0.2, Sum: 0.6]
      [Update RS (ms): Min: 14.9, Avg: 15.1, Max: 16.0, Diff: 1.0, Sum: 121.1]
         [Processed Buffers: Min: 14, Avg: 15.5, Max: 18, Diff: 4, Sum: 124]
      [Scan RS (ms): Min: 14.1, Avg: 15.0, Max: 15.3, Diff: 1.2, Sum: 120.1]
      [Code Root Scanning (ms): Min: 0.0, Avg: 0.0, Max: 0.0, Diff: 0.0, Sum: 0.0]
      [Object Copy (ms): Min: 122.3, Avg: 122.4, Max: 122.6, Diff: 0.3, Sum: 979.4]
      [Termination (ms): Min: 0.0, Avg: 0.1, Max: 0.1, Diff: 0.1, Sum: 0.6]
         [Termination Attempts: Min: 1, Avg: 560.0, Max: 758, Diff: 757, Sum: 4480]
      [GC Worker Other (ms): Min: 0.0, Avg: 0.0, Max: 0.1, Diff: 0.0, Sum: 0.3]
      [GC Worker Total (ms): Min: 152.7, Avg: 152.8, Max: 152.9, Diff: 0.2, Sum: 1222.1]
      [GC Worker End (ms): Min: 69002.2, Avg: 69002.2, Max: 69002.2, Diff: 0.0]
   [Code Root Fixup: 0.0 ms]
   [Code Root Purge: 0.0 ms]
   [Clear CT: 0.2 ms]
   [Other: 1.0 ms]
      [Choose CSet: 0.0 ms]
      [Ref Proc: 0.2 ms]
      [Ref Enq: 0.0 ms]
      [Redirty Cards: 0.2 ms]
      [Humongous Register: 0.0 ms]
      [Humongous Reclaim: 0.0 ms]
      [Free CSet: 0.3 ms]
   [Eden: 242.0M(242.0M)->0.0B(251.0M) Survivors: 35.0M->35.0M Heap: 831.3M(2048.0M)->832.8M(2048.0M)]
 [Times: user=1.09 sys=0.02, real=0.15 secs] 
2020-09-29T12:21:48.998+0200: 69.153: [GC pause (G1 Evacuation Pause) (young), 0.2110700 secs]
   [Parallel Time: 209.7 ms, GC Workers: 8]
      [GC Worker Start (ms): Min: 69152.7, Avg: 69152.8, Max: 69152.9, Diff: 0.2]
      [Ext Root Scanning (ms): Min: 0.0, Avg: 0.1, Max: 0.1, Diff: 0.1, Sum: 0.6]
      [Update RS (ms): Min: 18.0, Avg: 18.2, Max: 18.5, Diff: 0.5, Sum: 145.7]
         [Processed Buffers: Min: 14, Avg: 18.1, Max: 21, Diff: 7, Sum: 145]
      [Scan RS (ms): Min: 16.5, Avg: 17.0, Max: 18.6, Diff: 2.1, Sum: 136.2]
      [Code Root Scanning (ms): Min: 0.0, Avg: 0.0, Max: 0.0, Diff: 0.0, Sum: 0.0]
      [Object Copy (ms): Min: 172.3, Avg: 173.8, Max: 174.0, Diff: 1.7, Sum: 1390.2]
      [Termination (ms): Min: 0.0, Avg: 0.1, Max: 0.2, Diff: 0.2, Sum: 0.8]
         [Termination Attempts: Min: 1, Avg: 75.3, Max: 95, Diff: 94, Sum: 602]
      [GC Worker Other (ms): Min: 0.0, Avg: 0.0, Max: 0.3, Diff: 0.3, Sum: 0.4]
      [GC Worker Total (ms): Min: 209.1, Avg: 209.2, Max: 209.5, Diff: 0.5, Sum: 1673.9]
      [GC Worker End (ms): Min: 69362.0, Avg: 69362.0, Max: 69362.3, Diff: 0.4]
   [Code Root Fixup: 0.0 ms]
   [Code Root Purge: 0.0 ms]
   [Clear CT: 0.1 ms]
   [Other: 1.2 ms]
      [Choose CSet: 0.0 ms]
      [Ref Proc: 0.1 ms]
      [Ref Enq: 0.0 ms]
      [Redirty Cards: 0.3 ms]
      [Humongous Register: 0.0 ms]
      [Humongous Reclaim: 0.0 ms]
      [Free CSet: 0.4 ms]
   [Eden: 251.0M(251.0M)->0.0B(230.0M) Survivors: 35.0M->36.0M Heap: 1125.7M(2048.0M)->1127.7M(2048.0M)]
 [Times: user=1.36 sys=0.00, real=0.21 secs] 
2020-09-29T12:21:49.218+0200: 69.373: [GC pause (G1 Humongous Allocation) (young) (initial-mark), 0.0620915 secs]
   [Parallel Time: 61.1 ms, GC Workers: 8]
      [GC Worker Start (ms): Min: 69373.6, Avg: 69373.6, Max: 69373.8, Diff: 0.2]
      [Ext Root Scanning (ms): Min: 0.0, Avg: 0.7, Max: 2.2, Diff: 2.2, Sum: 5.4]
      [Update RS (ms): Min: 36.2, Avg: 37.8, Max: 38.6, Diff: 2.4, Sum: 302.1]
         [Processed Buffers: Min: 37, Avg: 40.6, Max: 43, Diff: 6, Sum: 325]
      [Scan RS (ms): Min: 2.3, Avg: 2.7, Max: 2.9, Diff: 0.5, Sum: 21.8]
      [Code Root Scanning (ms): Min: 0.0, Avg: 0.0, Max: 0.0, Diff: 0.0, Sum: 0.0]
      [Object Copy (ms): Min: 19.7, Avg: 19.8, Max: 19.8, Diff: 0.1, Sum: 158.0]
      [Termination (ms): Min: 0.0, Avg: 0.0, Max: 0.0, Diff: 0.0, Sum: 0.0]
         [Termination Attempts: Min: 1, Avg: 26.8, Max: 40, Diff: 39, Sum: 214]
      [GC Worker Other (ms): Min: 0.0, Avg: 0.0, Max: 0.0, Diff: 0.0, Sum: 0.1]
      [GC Worker Total (ms): Min: 60.8, Avg: 60.9, Max: 61.0, Diff: 0.2, Sum: 487.5]
      [GC Worker End (ms): Min: 69434.6, Avg: 69434.6, Max: 69434.6, Diff: 0.0]
   [Code Root Fixup: 0.0 ms]
   [Code Root Purge: 0.0 ms]
   [Clear CT: 0.2 ms]
   [Other: 0.9 ms]
      [Choose CSet: 0.0 ms]
      [Ref Proc: 0.2 ms]
      [Ref Enq: 0.0 ms]
      [Redirty Cards: 0.2 ms]
      [Humongous Register: 0.1 ms]
      [Humongous Reclaim: 0.0 ms]
      [Free CSet: 0.1 ms]
   [Eden: 10.0M(230.0M)->0.0B(261.0M) Survivors: 36.0M->11.0M Heap: 1137.2M(2048.0M)->1140.7M(2048.0M)]
 [Times: user=0.48 sys=0.00, real=0.06 secs] 
2020-09-29T12:21:49.281+0200: 69.436: [GC concurrent-root-region-scan-start]
2020-09-29T12:21:49.283+0200: 69.438: [GC concurrent-root-region-scan-end, 0.0026619 secs]
2020-09-29T12:21:49.283+0200: 69.438: [GC concurrent-mark-start]
2020-09-29T12:21:49.286+0200: 69.441: [GC concurrent-mark-end, 0.0030891 secs]
2020-09-29T12:21:49.287+0200: 69.441: [GC remark 2020-09-29T12:21:49.287+0200: 69.441: [Finalize Marking, 0.0001930 secs] 2020-09-29T12:21:49.287+0200: 69.442: [GC ref-proc, 0.0002910 secs] 2020-09-29T12:21:49.287+0200: 69.442: [Unloading, 0.0004443 secs], 0.0012093 secs]
 [Times: user=0.00 sys=0.00, real=0.00 secs] 
2020-09-29T12:21:49.288+0200: 69.443: [GC cleanup 1153M->31M(2048M), 0.0012311 secs]
 [Times: user=0.00 sys=0.00, real=0.00 secs] 
2020-09-29T12:21:49.289+0200: 69.444: [GC concurrent-cleanup-start]
2020-09-29T12:21:49.292+0200: 69.447: [GC concurrent-cleanup-end, 0.0025381 secs]
2020-09-29T12:21:49.427+0200: 69.582: [GC pause (G1 Evacuation Pause) (young), 0.1533161 secs]
   [Parallel Time: 152.1 ms, GC Workers: 8]
      [GC Worker Start (ms): Min: 69582.6, Avg: 69582.7, Max: 69582.8, Diff: 0.2]
      [Ext Root Scanning (ms): Min: 0.0, Avg: 0.1, Max: 0.2, Diff: 0.2, Sum: 0.5]
      [Update RS (ms): Min: 18.0, Avg: 18.4, Max: 18.9, Diff: 0.9, Sum: 147.4]
         [Processed Buffers: Min: 14, Avg: 16.4, Max: 18, Diff: 4, Sum: 131]
      [Scan RS (ms): Min: 14.0, Avg: 14.5, Max: 15.0, Diff: 1.0, Sum: 115.7]
      [Code Root Scanning (ms): Min: 0.0, Avg: 0.0, Max: 0.0, Diff: 0.0, Sum: 0.0]
      [Object Copy (ms): Min: 118.7, Avg: 118.9, Max: 118.9, Diff: 0.2, Sum: 951.1]
      [Termination (ms): Min: 0.0, Avg: 0.0, Max: 0.0, Diff: 0.0, Sum: 0.1]
         [Termination Attempts: Min: 1, Avg: 59.9, Max: 92, Diff: 91, Sum: 479]
      [GC Worker Other (ms): Min: 0.0, Avg: 0.0, Max: 0.1, Diff: 0.1, Sum: 0.3]
      [GC Worker Total (ms): Min: 151.8, Avg: 151.9, Max: 152.0, Diff: 0.2, Sum: 1215.2]
      [GC Worker End (ms): Min: 69734.5, Avg: 69734.6, Max: 69734.6, Diff: 0.1]
   [Code Root Fixup: 0.0 ms]
   [Code Root Purge: 0.0 ms]
   [Clear CT: 0.2 ms]
   [Other: 1.0 ms]
      [Choose CSet: 0.0 ms]
      [Ref Proc: 0.2 ms]
      [Ref Enq: 0.0 ms]
      [Redirty Cards: 0.2 ms]
      [Humongous Register: 0.0 ms]
      [Humongous Reclaim: 0.0 ms]
      [Free CSet: 0.3 ms]
   [Eden: 261.0M(261.0M)->0.0B(251.0M) Survivors: 11.0M->34.0M Heap: 323.9M(2048.0M)->315.4M(2048.0M)]
 [Times: user=1.11 sys=0.00, real=0.15 secs] 
2020-09-29T12:21:49.725+0200: 69.881: [GC pause (G1 Evacuation Pause) (young), 0.1584085 secs]
   [Parallel Time: 157.2 ms, GC Workers: 8]
      [GC Worker Start (ms): Min: 69880.9, Avg: 69881.0, Max: 69881.0, Diff: 0.1]
      [Ext Root Scanning (ms): Min: 0.0, Avg: 0.1, Max: 0.1, Diff: 0.1, Sum: 0.5]
      [Update RS (ms): Min: 15.4, Avg: 15.6, Max: 15.9, Diff: 0.5, Sum: 125.0]
         [Processed Buffers: Min: 15, Avg: 16.4, Max: 18, Diff: 3, Sum: 131]
      [Scan RS (ms): Min: 16.0, Avg: 16.3, Max: 16.6, Diff: 0.6, Sum: 130.5]
      [Code Root Scanning (ms): Min: 0.0, Avg: 0.0, Max: 0.0, Diff: 0.0, Sum: 0.0]
      [Object Copy (ms): Min: 123.9, Avg: 124.2, Max: 124.3, Diff: 0.4, Sum: 993.6]
      [Termination (ms): Min: 0.0, Avg: 0.1, Max: 0.1, Diff: 0.1, Sum: 0.6]
         [Termination Attempts: Min: 1, Avg: 488.3, Max: 659, Diff: 658, Sum: 3906]
      [GC Worker Other (ms): Min: 0.0, Avg: 0.1, Max: 0.7, Diff: 0.7, Sum: 0.9]
      [GC Worker Total (ms): Min: 156.2, Avg: 156.4, Max: 157.0, Diff: 0.8, Sum: 1251.2]
      [GC Worker End (ms): Min: 70037.3, Avg: 70037.4, Max: 70037.9, Diff: 0.7]
   [Code Root Fixup: 0.0 ms]
   [Code Root Purge: 0.0 ms]
   [Clear CT: 0.2 ms]
   [Other: 1.0 ms]
      [Choose CSet: 0.0 ms]
      [Ref Proc: 0.2 ms]
      [Ref Enq: 0.0 ms]
      [Redirty Cards: 0.3 ms]
      [Humongous Register: 0.0 ms]
      [Humongous Reclaim: 0.0 ms]
      [Free CSet: 0.2 ms]
   [Eden: 251.0M(251.0M)->0.0B(258.0M) Survivors: 34.0M->36.0M Heap: 608.3M(2048.0M)->610.8M(2048.0M)]
 [Times: user=1.25 sys=0.00, real=0.16 secs] 
2020-09-29T12:21:50.028+0200: 70.183: [GC pause (G1 Evacuation Pause) (young), 0.1657964 secs]
   [Parallel Time: 164.7 ms, GC Workers: 8]
      [GC Worker Start (ms): Min: 70183.2, Avg: 70183.3, Max: 70183.5, Diff: 0.3]
      [Ext Root Scanning (ms): Min: 0.0, Avg: 0.1, Max: 0.1, Diff: 0.1, Sum: 0.6]
      [Update RS (ms): Min: 23.4, Avg: 23.6, Max: 23.9, Diff: 0.5, Sum: 188.4]
         [Processed Buffers: Min: 18, Avg: 22.4, Max: 26, Diff: 8, Sum: 179]
      [Scan RS (ms): Min: 14.8, Avg: 15.2, Max: 15.4, Diff: 0.7, Sum: 121.4]
      [Code Root Scanning (ms): Min: 0.0, Avg: 0.0, Max: 0.0, Diff: 0.0, Sum: 0.0]
      [Object Copy (ms): Min: 125.5, Avg: 125.7, Max: 125.7, Diff: 0.2, Sum: 1005.3]
      [Termination (ms): Min: 0.0, Avg: 0.0, Max: 0.0, Diff: 0.0, Sum: 0.0]
         [Termination Attempts: Min: 1, Avg: 17.6, Max: 27, Diff: 26, Sum: 141]
      [GC Worker Other (ms): Min: 0.0, Avg: 0.0, Max: 0.1, Diff: 0.0, Sum: 0.2]
      [GC Worker Total (ms): Min: 164.3, Avg: 164.5, Max: 164.6, Diff: 0.3, Sum: 1316.0]
      [GC Worker End (ms): Min: 70347.8, Avg: 70347.8, Max: 70347.8, Diff: 0.0]
   [Code Root Fixup: 0.0 ms]
   [Code Root Purge: 0.0 ms]
   [Clear CT: 0.2 ms]
   [Other: 1.0 ms]
      [Choose CSet: 0.0 ms]
      [Ref Proc: 0.2 ms]
      [Ref Enq: 0.0 ms]
      [Redirty Cards: 0.3 ms]
      [Humongous Register: 0.1 ms]
      [Humongous Reclaim: 0.0 ms]
      [Free CSet: 0.2 ms]
   [Eden: 258.0M(258.0M)->0.0B(264.0M) Survivors: 36.0M->37.0M Heap: 912.7M(2048.0M)->914.7M(2048.0M)]
 [Times: user=1.33 sys=0.03, real=0.17 secs] 
2020-09-29T12:21:50.326+0200: 70.482: [GC pause (G1 Humongous Allocation) (young) (initial-mark), 0.1423231 secs]
   [Parallel Time: 141.3 ms, GC Workers: 8]
      [GC Worker Start (ms): Min: 70481.9, Avg: 70482.0, Max: 70482.1, Diff: 0.2]
      [Ext Root Scanning (ms): Min: 0.0, Avg: 0.1, Max: 0.2, Diff: 0.2, Sum: 0.5]
      [Update RS (ms): Min: 15.7, Avg: 16.2, Max: 16.5, Diff: 0.8, Sum: 129.5]
         [Processed Buffers: Min: 15, Avg: 16.4, Max: 19, Diff: 4, Sum: 131]
      [Scan RS (ms): Min: 12.3, Avg: 12.7, Max: 13.2, Diff: 0.8, Sum: 101.5]
      [Code Root Scanning (ms): Min: 0.0, Avg: 0.0, Max: 0.0, Diff: 0.0, Sum: 0.0]
      [Object Copy (ms): Min: 111.7, Avg: 111.9, Max: 112.1, Diff: 0.3, Sum: 894.8]
      [Termination (ms): Min: 0.0, Avg: 0.2, Max: 0.3, Diff: 0.3, Sum: 1.6]
         [Termination Attempts: Min: 1, Avg: 1336.6, Max: 1811, Diff: 1810, Sum: 10693]
      [GC Worker Other (ms): Min: 0.0, Avg: 0.0, Max: 0.1, Diff: 0.1, Sum: 0.3]
      [GC Worker Total (ms): Min: 141.0, Avg: 141.0, Max: 141.2, Diff: 0.2, Sum: 1128.3]
      [GC Worker End (ms): Min: 70623.0, Avg: 70623.0, Max: 70623.1, Diff: 0.1]
   [Code Root Fixup: 0.0 ms]
   [Code Root Purge: 0.0 ms]
   [Clear CT: 0.2 ms]
   [Other: 0.9 ms]
      [Choose CSet: 0.0 ms]
      [Ref Proc: 0.1 ms]
      [Ref Enq: 0.0 ms]
      [Redirty Cards: 0.2 ms]
      [Humongous Register: 0.0 ms]
      [Humongous Reclaim: 0.0 ms]
      [Free CSet: 0.2 ms]
   [Eden: 215.0M(264.0M)->0.0B(275.0M) Survivors: 37.0M->38.0M Heap: 1163.5M(2048.0M)->1165.0M(2048.0M)]
 [Times: user=1.11 sys=0.00, real=0.14 secs] 
2020-09-29T12:21:50.469+0200: 70.624: [GC concurrent-root-region-scan-start]
2020-09-29T12:21:50.481+0200: 70.637: [GC concurrent-root-region-scan-end, 0.0125176 secs]
2020-09-29T12:21:50.481+0200: 70.637: [GC concurrent-mark-start]
2020-09-29T12:21:50.485+0200: 70.640: [GC concurrent-mark-end, 0.0035217 secs]
2020-09-29T12:21:50.485+0200: 70.641: [GC remark 2020-09-29T12:21:50.485+0200: 70.641: [Finalize Marking, 0.0002057 secs] 2020-09-29T12:21:50.485+0200: 70.641: [GC ref-proc, 0.0002991 secs] 2020-09-29T12:21:50.486+0200: 70.641: [Unloading, 0.0003976 secs], 0.0012275 secs]
 [Times: user=0.00 sys=0.00, real=0.00 secs] 
2020-09-29T12:21:50.487+0200: 70.642: [GC cleanup 1181M->62M(2048M), 0.0013247 secs]
 [Times: user=0.00 sys=0.00, real=0.00 secs] 
2020-09-29T12:21:50.488+0200: 70.644: [GC concurrent-cleanup-start]
2020-09-29T12:21:50.490+0200: 70.645: [GC concurrent-cleanup-end, 0.0016174 secs]
2020-09-29T12:21:50.631+0200: 70.787: [GC pause (G1 Evacuation Pause) (young), 0.1556686 secs]
   [Parallel Time: 154.5 ms, GC Workers: 8]
      [GC Worker Start (ms): Min: 70786.8, Avg: 70786.9, Max: 70787.0, Diff: 0.2]
      [Ext Root Scanning (ms): Min: 0.0, Avg: 0.1, Max: 0.2, Diff: 0.2, Sum: 0.6]
      [Update RS (ms): Min: 24.8, Avg: 25.0, Max: 25.6, Diff: 0.8, Sum: 200.1]
         [Processed Buffers: Min: 22, Avg: 24.0, Max: 25, Diff: 3, Sum: 192]
      [Scan RS (ms): Min: 11.4, Avg: 12.1, Max: 12.3, Diff: 0.9, Sum: 96.8]
      [Code Root Scanning (ms): Min: 0.0, Avg: 0.0, Max: 0.0, Diff: 0.0, Sum: 0.0]
      [Object Copy (ms): Min: 116.8, Avg: 117.0, Max: 117.1, Diff: 0.3, Sum: 936.2]
      [Termination (ms): Min: 0.0, Avg: 0.0, Max: 0.0, Diff: 0.0, Sum: 0.1]
         [Termination Attempts: Min: 1, Avg: 119.6, Max: 150, Diff: 149, Sum: 957]
      [GC Worker Other (ms): Min: 0.0, Avg: 0.0, Max: 0.1, Diff: 0.1, Sum: 0.3]
      [GC Worker Total (ms): Min: 154.2, Avg: 154.3, Max: 154.3, Diff: 0.2, Sum: 1234.1]
      [GC Worker End (ms): Min: 70941.1, Avg: 70941.2, Max: 70941.2, Diff: 0.1]
   [Code Root Fixup: 0.0 ms]
   [Code Root Purge: 0.0 ms]
   [Clear CT: 0.2 ms]
   [Other: 1.0 ms]
      [Choose CSet: 0.0 ms]
      [Ref Proc: 0.2 ms]
      [Ref Enq: 0.0 ms]
      [Redirty Cards: 0.2 ms]
      [Humongous Register: 0.0 ms]
      [Humongous Reclaim: 0.0 ms]
      [Free CSet: 0.3 ms]
   [Eden: 275.0M(275.0M)->0.0B(286.0M) Survivors: 38.0M->40.0M Heap: 368.7M(2048.0M)->333.2M(2048.0M)]
 [Times: user=1.25 sys=0.00, real=0.16 secs] 
2020-09-29T12:21:50.945+0200: 71.100: [GC pause (G1 Evacuation Pause) (young), 0.1782263 secs]
   [Parallel Time: 176.9 ms, GC Workers: 8]
      [GC Worker Start (ms): Min: 71100.2, Avg: 71100.3, Max: 71100.4, Diff: 0.2]
      [Ext Root Scanning (ms): Min: 0.0, Avg: 0.1, Max: 0.2, Diff: 0.1, Sum: 0.5]
      [Update RS (ms): Min: 17.4, Avg: 17.5, Max: 17.8, Diff: 0.4, Sum: 140.2]
         [Processed Buffers: Min: 16, Avg: 18.8, Max: 22, Diff: 6, Sum: 150]
      [Scan RS (ms): Min: 18.1, Avg: 18.4, Max: 18.6, Diff: 0.5, Sum: 147.0]
      [Code Root Scanning (ms): Min: 0.0, Avg: 0.0, Max: 0.0, Diff: 0.0, Sum: 0.0]
      [Object Copy (ms): Min: 140.5, Avg: 140.6, Max: 140.7, Diff: 0.2, Sum: 1125.0]
      [Termination (ms): Min: 0.0, Avg: 0.1, Max: 0.1, Diff: 0.1, Sum: 0.5]
         [Termination Attempts: Min: 1, Avg: 453.4, Max: 570, Diff: 569, Sum: 3627]
      [GC Worker Other (ms): Min: 0.0, Avg: 0.0, Max: 0.1, Diff: 0.0, Sum: 0.3]
      [GC Worker Total (ms): Min: 176.6, Avg: 176.7, Max: 176.8, Diff: 0.2, Sum: 1413.6]
      [GC Worker End (ms): Min: 71277.0, Avg: 71277.0, Max: 71277.0, Diff: 0.0]
   [Code Root Fixup: 0.0 ms]
   [Code Root Purge: 0.0 ms]
   [Clear CT: 0.2 ms]
   [Other: 1.1 ms]
      [Choose CSet: 0.0 ms]
      [Ref Proc: 0.2 ms]
      [Ref Enq: 0.0 ms]
      [Redirty Cards: 0.3 ms]
      [Humongous Register: 0.0 ms]
      [Humongous Reclaim: 0.0 ms]
      [Free CSet: 0.3 ms]
   [Eden: 286.0M(286.0M)->0.0B(281.0M) Survivors: 40.0M->41.0M Heap: 666.9M(2048.0M)->668.9M(2048.0M)]
 [Times: user=1.36 sys=0.02, real=0.18 secs] 
2020-09-29T12:21:51.270+0200: 71.425: [GC pause (G1 Evacuation Pause) (young), 0.1775127 secs]
   [Parallel Time: 176.4 ms, GC Workers: 8]
      [GC Worker Start (ms): Min: 71425.1, Avg: 71425.2, Max: 71425.3, Diff: 0.2]
      [Ext Root Scanning (ms): Min: 0.0, Avg: 0.1, Max: 0.2, Diff: 0.2, Sum: 0.4]
      [Update RS (ms): Min: 15.9, Avg: 16.1, Max: 16.3, Diff: 0.4, Sum: 129.1]
         [Processed Buffers: Min: 17, Avg: 18.5, Max: 20, Diff: 3, Sum: 148]
      [Scan RS (ms): Min: 17.0, Avg: 17.2, Max: 17.4, Diff: 0.4, Sum: 137.9]
      [Code Root Scanning (ms): Min: 0.0, Avg: 0.0, Max: 0.0, Diff: 0.0, Sum: 0.0]
      [Object Copy (ms): Min: 142.4, Avg: 142.5, Max: 142.6, Diff: 0.2, Sum: 1140.1]
      [Termination (ms): Min: 0.0, Avg: 0.0, Max: 0.0, Diff: 0.0, Sum: 0.3]
         [Termination Attempts: Min: 1, Avg: 260.3, Max: 331, Diff: 330, Sum: 2082]
      [GC Worker Other (ms): Min: 0.1, Avg: 0.1, Max: 0.2, Diff: 0.1, Sum: 1.0]
      [GC Worker Total (ms): Min: 176.0, Avg: 176.1, Max: 176.2, Diff: 0.2, Sum: 1408.8]
      [GC Worker End (ms): Min: 71601.3, Avg: 71601.3, Max: 71601.4, Diff: 0.1]
   [Code Root Fixup: 0.0 ms]
   [Code Root Purge: 0.0 ms]
   [Clear CT: 0.2 ms]
   [Other: 1.0 ms]
      [Choose CSet: 0.0 ms]
      [Ref Proc: 0.2 ms]
      [Ref Enq: 0.0 ms]
      [Redirty Cards: 0.3 ms]
      [Humongous Register: 0.0 ms]
      [Humongous Reclaim: 0.0 ms]
      [Free CSet: 0.3 ms]
   [Eden: 281.0M(281.0M)->0.0B(281.0M) Survivors: 41.0M->41.0M Heap: 995.6M(2048.0M)->997.6M(2048.0M)]
 [Times: user=1.34 sys=0.01, real=0.18 secs] 
2020-09-29T12:21:51.458+0200: 71.614: [GC pause (G1 Humongous Allocation) (young) (initial-mark), 0.0618255 secs]
   [Parallel Time: 60.9 ms, GC Workers: 8]
      [GC Worker Start (ms): Min: 71613.9, Avg: 71614.0, Max: 71614.1, Diff: 0.2]
      [Ext Root Scanning (ms): Min: 0.0, Avg: 0.2, Max: 0.3, Diff: 0.3, Sum: 1.4]
      [Update RS (ms): Min: 31.6, Avg: 32.6, Max: 35.9, Diff: 4.3, Sum: 260.8]
         [Processed Buffers: Min: 32, Avg: 38.3, Max: 41, Diff: 9, Sum: 306]
      [Scan RS (ms): Min: 0.0, Avg: 3.0, Max: 3.8, Diff: 3.8, Sum: 24.2]
      [Code Root Scanning (ms): Min: 0.0, Avg: 0.0, Max: 0.0, Diff: 0.0, Sum: 0.0]
      [Object Copy (ms): Min: 24.7, Avg: 25.0, Max: 25.0, Diff: 0.4, Sum: 199.7]
      [Termination (ms): Min: 0.0, Avg: 0.0, Max: 0.0, Diff: 0.0, Sum: 0.1]
         [Termination Attempts: Min: 1, Avg: 91.6, Max: 119, Diff: 118, Sum: 733]
      [GC Worker Other (ms): Min: 0.0, Avg: 0.0, Max: 0.0, Diff: 0.0, Sum: 0.1]
      [GC Worker Total (ms): Min: 60.7, Avg: 60.8, Max: 60.8, Diff: 0.2, Sum: 486.3]
      [GC Worker End (ms): Min: 71674.8, Avg: 71674.8, Max: 71674.8, Diff: 0.0]
   [Code Root Fixup: 0.0 ms]
   [Code Root Purge: 0.0 ms]
   [Clear CT: 0.2 ms]
   [Other: 0.7 ms]
      [Choose CSet: 0.0 ms]
      [Ref Proc: 0.1 ms]
      [Ref Enq: 0.0 ms]
      [Redirty Cards: 0.1 ms]
      [Humongous Register: 0.1 ms]
      [Humongous Reclaim: 0.0 ms]
      [Free CSet: 0.1 ms]
   [Eden: 5120.0K(281.0M)->0.0B(297.0M) Survivors: 41.0M->7168.0K Heap: 1002.6M(2048.0M)->1006.6M(2048.0M)]
 [Times: user=0.38 sys=0.02, real=0.06 secs] 
2020-09-29T12:21:51.520+0200: 71.676: [GC concurrent-root-region-scan-start]
2020-09-29T12:21:51.522+0200: 71.677: [GC concurrent-root-region-scan-end, 0.0016471 secs]
2020-09-29T12:21:51.522+0200: 71.677: [GC concurrent-mark-start]
2020-09-29T12:21:51.526+0200: 71.681: [GC concurrent-mark-end, 0.0035446 secs]
2020-09-29T12:21:51.526+0200: 71.681: [GC remark 2020-09-29T12:21:51.526+0200: 71.681: [Finalize Marking, 0.0001605 secs] 2020-09-29T12:21:51.526+0200: 71.682: [GC ref-proc, 0.0004485 secs] 2020-09-29T12:21:51.527+0200: 71.682: [Unloading, 0.0006785 secs], 0.0017001 secs]
 [Times: user=0.00 sys=0.00, real=0.00 secs] 
2020-09-29T12:21:51.528+0200: 71.684: [GC cleanup 1018M->26M(2048M), 0.0014897 secs]
 [Times: user=0.00 sys=0.00, real=0.00 secs] 
2020-09-29T12:21:51.530+0200: 71.685: [GC concurrent-cleanup-start]
2020-09-29T12:21:51.532+0200: 71.687: [GC concurrent-cleanup-end, 0.0020832 secs]
2020-09-29T12:21:51.709+0200: 71.864: [GC pause (G1 Evacuation Pause) (young), 0.1738314 secs]
   [Parallel Time: 172.6 ms, GC Workers: 8]
      [GC Worker Start (ms): Min: 71864.2, Avg: 71864.3, Max: 71864.4, Diff: 0.2]
      [Ext Root Scanning (ms): Min: 0.0, Avg: 0.1, Max: 0.2, Diff: 0.2, Sum: 0.5]
      [Update RS (ms): Min: 20.0, Avg: 20.7, Max: 21.0, Diff: 1.0, Sum: 165.3]
         [Processed Buffers: Min: 13, Avg: 16.3, Max: 18, Diff: 5, Sum: 130]
      [Scan RS (ms): Min: 23.3, Avg: 23.7, Max: 24.5, Diff: 1.2, Sum: 189.8]
      [Code Root Scanning (ms): Min: 0.0, Avg: 0.0, Max: 0.0, Diff: 0.0, Sum: 0.0]
      [Object Copy (ms): Min: 127.7, Avg: 127.9, Max: 128.0, Diff: 0.3, Sum: 1023.1]
      [Termination (ms): Min: 0.0, Avg: 0.0, Max: 0.0, Diff: 0.0, Sum: 0.2]
         [Termination Attempts: Min: 1, Avg: 189.9, Max: 260, Diff: 259, Sum: 1519]
      [GC Worker Other (ms): Min: 0.0, Avg: 0.0, Max: 0.1, Diff: 0.1, Sum: 0.4]
      [GC Worker Total (ms): Min: 172.3, Avg: 172.4, Max: 172.6, Diff: 0.2, Sum: 1379.4]
      [GC Worker End (ms): Min: 72036.7, Avg: 72036.7, Max: 72036.8, Diff: 0.1]
   [Code Root Fixup: 0.0 ms]
   [Code Root Purge: 0.0 ms]
   [Clear CT: 0.2 ms]
   [Other: 1.0 ms]
      [Choose CSet: 0.0 ms]
      [Ref Proc: 0.2 ms]
      [Ref Enq: 0.0 ms]
      [Redirty Cards: 0.2 ms]
      [Humongous Register: 0.0 ms]
      [Humongous Reclaim: 0.0 ms]
      [Free CSet: 0.3 ms]
   [Eden: 297.0M(297.0M)->0.0B(258.0M) Survivors: 7168.0K->38.0M Heap: 361.6M(2048.0M)->356.1M(2048.0M)]
 [Times: user=1.33 sys=0.01, real=0.17 secs] 
2020-09-29T12:21:52.042+0200: 72.198: [GC pause (G1 Evacuation Pause) (young), 0.1659405 secs]
   [Parallel Time: 164.8 ms, GC Workers: 8]
      [GC Worker Start (ms): Min: 72197.6, Avg: 72197.8, Max: 72198.9, Diff: 1.3]
      [Ext Root Scanning (ms): Min: 0.0, Avg: 0.1, Max: 0.1, Diff: 0.1, Sum: 0.5]
      [Update RS (ms): Min: 17.4, Avg: 18.1, Max: 18.7, Diff: 1.3, Sum: 145.1]
         [Processed Buffers: Min: 15, Avg: 16.4, Max: 18, Diff: 3, Sum: 131]
      [Scan RS (ms): Min: 16.3, Avg: 17.1, Max: 18.9, Diff: 2.7, Sum: 136.6]
      [Code Root Scanning (ms): Min: 0.0, Avg: 0.0, Max: 0.0, Diff: 0.0, Sum: 0.0]
      [Object Copy (ms): Min: 127.0, Avg: 129.2, Max: 129.6, Diff: 2.6, Sum: 1033.6]
      [Termination (ms): Min: 0.0, Avg: 0.0, Max: 0.0, Diff: 0.0, Sum: 0.2]
         [Termination Attempts: Min: 1, Avg: 172.3, Max: 225, Diff: 224, Sum: 1378]
      [GC Worker Other (ms): Min: 0.0, Avg: 0.1, Max: 0.1, Diff: 0.1, Sum: 0.4]
      [GC Worker Total (ms): Min: 163.4, Avg: 164.6, Max: 164.8, Diff: 1.4, Sum: 1316.5]
      [GC Worker End (ms): Min: 72362.4, Avg: 72362.4, Max: 72362.4, Diff: 0.1]
   [Code Root Fixup: 0.0 ms]
   [Code Root Purge: 0.0 ms]
   [Clear CT: 0.1 ms]
   [Other: 0.9 ms]
      [Choose CSet: 0.0 ms]
      [Ref Proc: 0.1 ms]
      [Ref Enq: 0.0 ms]
      [Redirty Cards: 0.2 ms]
      [Humongous Register: 0.0 ms]
      [Humongous Reclaim: 0.0 ms]
      [Free CSet: 0.3 ms]
   [Eden: 258.0M(258.0M)->0.0B(261.0M) Survivors: 38.0M->37.0M Heap: 658.0M(2048.0M)->660.0M(2048.0M)]
 [Times: user=1.17 sys=0.03, real=0.17 secs] 
2020-09-29T12:21:52.355+0200: 72.510: [GC pause (G1 Evacuation Pause) (young), 0.1555530 secs]
   [Parallel Time: 154.4 ms, GC Workers: 8]
      [GC Worker Start (ms): Min: 72510.6, Avg: 72510.7, Max: 72510.7, Diff: 0.2]
      [Ext Root Scanning (ms): Min: 0.0, Avg: 0.0, Max: 0.1, Diff: 0.1, Sum: 0.4]
      [Update RS (ms): Min: 14.7, Avg: 14.8, Max: 15.5, Diff: 0.8, Sum: 118.7]
         [Processed Buffers: Min: 15, Avg: 17.5, Max: 20, Diff: 5, Sum: 140]
      [Scan RS (ms): Min: 14.2, Avg: 14.8, Max: 15.0, Diff: 0.9, Sum: 118.2]
      [Code Root Scanning (ms): Min: 0.0, Avg: 0.0, Max: 0.0, Diff: 0.0, Sum: 0.0]
      [Object Copy (ms): Min: 124.4, Avg: 124.5, Max: 124.5, Diff: 0.1, Sum: 995.7]
      [Termination (ms): Min: 0.0, Avg: 0.0, Max: 0.0, Diff: 0.0, Sum: 0.2]
         [Termination Attempts: Min: 1, Avg: 151.0, Max: 193, Diff: 192, Sum: 1208]
      [GC Worker Other (ms): Min: 0.0, Avg: 0.0, Max: 0.0, Diff: 0.0, Sum: 0.2]
      [GC Worker Total (ms): Min: 154.1, Avg: 154.2, Max: 154.3, Diff: 0.2, Sum: 1233.5]
      [GC Worker End (ms): Min: 72664.8, Avg: 72664.8, Max: 72664.9, Diff: 0.0]
   [Code Root Fixup: 0.0 ms]
   [Code Root Purge: 0.0 ms]
   [Clear CT: 0.2 ms]
   [Other: 0.9 ms]
      [Choose CSet: 0.0 ms]
      [Ref Proc: 0.2 ms]
      [Ref Enq: 0.0 ms]
      [Redirty Cards: 0.2 ms]
      [Humongous Register: 0.0 ms]
      [Humongous Reclaim: 0.0 ms]
      [Free CSet: 0.3 ms]
   [Eden: 261.0M(261.0M)->0.0B(272.0M) Survivors: 37.0M->38.0M Heap: 964.8M(2048.0M)->966.8M(2048.0M)]
 [Times: user=1.19 sys=0.02, real=0.16 secs] 
2020-09-29T12:21:52.519+0200: 72.675: [GC pause (G1 Humongous Allocation) (young) (initial-mark), 0.0649091 secs]
   [Parallel Time: 64.0 ms, GC Workers: 8]
      [GC Worker Start (ms): Min: 72675.1, Avg: 72675.1, Max: 72675.2, Diff: 0.1]
      [Ext Root Scanning (ms): Min: 0.1, Avg: 0.1, Max: 0.1, Diff: 0.1, Sum: 0.7]
      [Update RS (ms): Min: 32.1, Avg: 32.3, Max: 32.6, Diff: 0.5, Sum: 258.4]
         [Processed Buffers: Min: 33, Avg: 37.8, Max: 41, Diff: 8, Sum: 302]
      [Scan RS (ms): Min: 2.1, Avg: 2.4, Max: 2.6, Diff: 0.5, Sum: 19.3]
      [Code Root Scanning (ms): Min: 0.0, Avg: 0.0, Max: 0.0, Diff: 0.0, Sum: 0.0]
      [Object Copy (ms): Min: 28.8, Avg: 28.9, Max: 29.0, Diff: 0.2, Sum: 231.0]
      [Termination (ms): Min: 0.0, Avg: 0.2, Max: 0.3, Diff: 0.3, Sum: 1.5]
         [Termination Attempts: Min: 1, Avg: 1037.1, Max: 1305, Diff: 1304, Sum: 8297]
      [GC Worker Other (ms): Min: 0.0, Avg: 0.0, Max: 0.0, Diff: 0.0, Sum: 0.1]
      [GC Worker Total (ms): Min: 63.8, Avg: 63.9, Max: 63.9, Diff: 0.1, Sum: 510.9]
      [GC Worker End (ms): Min: 72739.0, Avg: 72739.0, Max: 72739.1, Diff: 0.1]
   [Code Root Fixup: 0.0 ms]
   [Code Root Purge: 0.0 ms]
   [Clear CT: 0.1 ms]
   [Other: 0.8 ms]
      [Choose CSet: 0.0 ms]
      [Ref Proc: 0.2 ms]
      [Ref Enq: 0.0 ms]
      [Redirty Cards: 0.1 ms]
      [Humongous Register: 0.1 ms]
      [Humongous Reclaim: 0.0 ms]
      [Free CSet: 0.1 ms]
   [Eden: 9216.0K(272.0M)->0.0B(265.0M) Survivors: 38.0M->10.0M Heap: 975.3M(2048.0M)->978.3M(2048.0M)]
 [Times: user=0.48 sys=0.02, real=0.07 secs] 
2020-09-29T12:21:52.585+0200: 72.740: [GC concurrent-root-region-scan-start]
2020-09-29T12:21:52.587+0200: 72.743: [GC concurrent-root-region-scan-end, 0.0028344 secs]
2020-09-29T12:21:52.587+0200: 72.743: [GC concurrent-mark-start]
2020-09-29T12:21:52.591+0200: 72.746: [GC concurrent-mark-end, 0.0033249 secs]
2020-09-29T12:21:52.591+0200: 72.746: [GC remark 2020-09-29T12:21:52.591+0200: 72.746: [Finalize Marking, 0.0001922 secs] 2020-09-29T12:21:52.591+0200: 72.747: [GC ref-proc, 0.0003907 secs] 2020-09-29T12:21:52.592+0200: 72.747: [Unloading, 0.0005331 secs], 0.0015102 secs]
 [Times: user=0.00 sys=0.00, real=0.00 secs] 
2020-09-29T12:21:52.593+0200: 72.748: [GC cleanup 991M->30M(2048M), 0.0015598 secs]
 [Times: user=0.00 sys=0.00, real=0.00 secs] 
2020-09-29T12:21:52.594+0200: 72.750: [GC concurrent-cleanup-start]
2020-09-29T12:21:52.597+0200: 72.752: [GC concurrent-cleanup-end, 0.0024049 secs]
2020-09-29T12:21:52.726+0200: 72.882: [GC pause (G1 Evacuation Pause) (young), 0.1468309 secs]
   [Parallel Time: 145.8 ms, GC Workers: 8]
      [GC Worker Start (ms): Min: 72881.7, Avg: 72881.8, Max: 72881.9, Diff: 0.2]
      [Ext Root Scanning (ms): Min: 0.0, Avg: 0.0, Max: 0.2, Diff: 0.2, Sum: 0.4]
      [Update RS (ms): Min: 21.4, Avg: 21.4, Max: 21.5, Diff: 0.1, Sum: 171.2]
         [Processed Buffers: Min: 19, Avg: 20.5, Max: 22, Diff: 3, Sum: 164]
      [Scan RS (ms): Min: 14.7, Avg: 14.8, Max: 15.0, Diff: 0.2, Sum: 118.4]
      [Code Root Scanning (ms): Min: 0.0, Avg: 0.0, Max: 0.0, Diff: 0.0, Sum: 0.0]
      [Object Copy (ms): Min: 109.1, Avg: 109.2, Max: 109.3, Diff: 0.2, Sum: 873.5]
      [Termination (ms): Min: 0.0, Avg: 0.0, Max: 0.0, Diff: 0.0, Sum: 0.3]
         [Termination Attempts: Min: 1, Avg: 229.9, Max: 293, Diff: 292, Sum: 1839]
      [GC Worker Other (ms): Min: 0.0, Avg: 0.0, Max: 0.1, Diff: 0.1, Sum: 0.2]
      [GC Worker Total (ms): Min: 145.4, Avg: 145.5, Max: 145.6, Diff: 0.2, Sum: 1164.0]
      [GC Worker End (ms): Min: 73027.3, Avg: 73027.3, Max: 73027.3, Diff: 0.1]
   [Code Root Fixup: 0.0 ms]
   [Code Root Purge: 0.0 ms]
   [Clear CT: 0.1 ms]
   [Other: 0.9 ms]
      [Choose CSet: 0.0 ms]
      [Ref Proc: 0.1 ms]
      [Ref Enq: 0.0 ms]
      [Redirty Cards: 0.2 ms]
      [Humongous Register: 0.0 ms]
      [Humongous Reclaim: 0.0 ms]
      [Free CSet: 0.3 ms]
   [Eden: 265.0M(265.0M)->0.0B(258.0M) Survivors: 10.0M->35.0M Heap: 328.8M(2048.0M)->320.8M(2048.0M)]
 [Times: user=1.11 sys=0.02, real=0.15 secs] 
2020-09-29T12:21:53.015+0200: 73.171: [GC pause (G1 Evacuation Pause) (young), 0.1599528 secs]
   [Parallel Time: 158.8 ms, GC Workers: 8]
      [GC Worker Start (ms): Min: 73170.8, Avg: 73170.9, Max: 73170.9, Diff: 0.1]
      [Ext Root Scanning (ms): Min: 0.0, Avg: 0.1, Max: 0.1, Diff: 0.1, Sum: 0.6]
      [Update RS (ms): Min: 18.7, Avg: 19.0, Max: 19.4, Diff: 0.7, Sum: 152.0]
         [Processed Buffers: Min: 18, Avg: 19.6, Max: 22, Diff: 4, Sum: 157]
      [Scan RS (ms): Min: 15.1, Avg: 15.5, Max: 15.8, Diff: 0.7, Sum: 124.0]
      [Code Root Scanning (ms): Min: 0.0, Avg: 0.0, Max: 0.0, Diff: 0.0, Sum: 0.0]
      [Object Copy (ms): Min: 123.9, Avg: 124.0, Max: 124.2, Diff: 0.2, Sum: 992.1]
      [Termination (ms): Min: 0.0, Avg: 0.1, Max: 0.1, Diff: 0.1, Sum: 0.7]
         [Termination Attempts: Min: 1, Avg: 580.8, Max: 705, Diff: 704, Sum: 4646]
      [GC Worker Other (ms): Min: 0.0, Avg: 0.0, Max: 0.1, Diff: 0.1, Sum: 0.3]
      [GC Worker Total (ms): Min: 158.7, Avg: 158.7, Max: 158.8, Diff: 0.1, Sum: 1269.9]
      [GC Worker End (ms): Min: 73329.6, Avg: 73329.6, Max: 73329.6, Diff: 0.1]
   [Code Root Fixup: 0.0 ms]
   [Code Root Purge: 0.0 ms]
   [Clear CT: 0.2 ms]
   [Other: 0.9 ms]
      [Choose CSet: 0.0 ms]
      [Ref Proc: 0.1 ms]
      [Ref Enq: 0.0 ms]
      [Redirty Cards: 0.2 ms]
      [Humongous Register: 0.0 ms]
      [Humongous Reclaim: 0.0 ms]
      [Free CSet: 0.3 ms]
   [Eden: 258.0M(258.0M)->0.0B(263.0M) Survivors: 35.0M->37.0M Heap: 620.7M(2048.0M)->622.2M(2048.0M)]
 [Times: user=1.25 sys=0.00, real=0.16 secs] 
2020-09-29T12:21:53.331+0200: 73.486: [GC pause (G1 Evacuation Pause) (young), 0.1658492 secs]
   [Parallel Time: 164.7 ms, GC Workers: 8]
      [GC Worker Start (ms): Min: 73485.7, Avg: 73485.8, Max: 73485.8, Diff: 0.1]
      [Ext Root Scanning (ms): Min: 0.0, Avg: 0.1, Max: 0.1, Diff: 0.1, Sum: 0.6]
      [Update RS (ms): Min: 16.5, Avg: 16.6, Max: 16.9, Diff: 0.4, Sum: 133.0]
         [Processed Buffers: Min: 14, Avg: 16.0, Max: 18, Diff: 4, Sum: 128]
      [Scan RS (ms): Min: 18.8, Avg: 19.1, Max: 19.3, Diff: 0.5, Sum: 152.8]
      [Code Root Scanning (ms): Min: 0.0, Avg: 0.0, Max: 0.0, Diff: 0.0, Sum: 0.0]
      [Object Copy (ms): Min: 128.6, Avg: 128.6, Max: 128.7, Diff: 0.1, Sum: 1029.0]
      [Termination (ms): Min: 0.0, Avg: 0.1, Max: 0.1, Diff: 0.1, Sum: 0.7]
         [Termination Attempts: Min: 1, Avg: 611.1, Max: 876, Diff: 875, Sum: 4889]
      [GC Worker Other (ms): Min: 0.0, Avg: 0.0, Max: 0.1, Diff: 0.1, Sum: 0.3]
      [GC Worker Total (ms): Min: 164.5, Avg: 164.5, Max: 164.6, Diff: 0.1, Sum: 1316.4]
      [GC Worker End (ms): Min: 73650.3, Avg: 73650.3, Max: 73650.3, Diff: 0.1]
   [Code Root Fixup: 0.0 ms]
   [Code Root Purge: 0.0 ms]
   [Clear CT: 0.2 ms]
   [Other: 1.0 ms]
      [Choose CSet: 0.0 ms]
      [Ref Proc: 0.2 ms]
      [Ref Enq: 0.0 ms]
      [Redirty Cards: 0.2 ms]
      [Humongous Register: 0.0 ms]
      [Humongous Reclaim: 0.0 ms]
      [Free CSet: 0.3 ms]
   [Eden: 263.0M(263.0M)->0.0B(266.0M) Survivors: 37.0M->38.0M Heap: 929.1M(2048.0M)->931.1M(2048.0M)]
 [Times: user=1.34 sys=0.03, real=0.17 secs] 
2020-09-29T12:21:53.560+0200: 73.715: [GC pause (G1 Humongous Allocation) (young) (initial-mark), 0.1039016 secs]
   [Parallel Time: 103.0 ms, GC Workers: 8]
      [GC Worker Start (ms): Min: 73715.5, Avg: 73715.5, Max: 73715.6, Diff: 0.1]
      [Ext Root Scanning (ms): Min: 0.0, Avg: 0.1, Max: 0.2, Diff: 0.2, Sum: 0.9]
      [Update RS (ms): Min: 17.6, Avg: 17.9, Max: 18.2, Diff: 0.6, Sum: 143.2]
         [Processed Buffers: Min: 17, Avg: 17.8, Max: 20, Diff: 3, Sum: 142]
      [Scan RS (ms): Min: 3.7, Avg: 4.1, Max: 4.3, Diff: 0.6, Sum: 32.5]
      [Code Root Scanning (ms): Min: 0.0, Avg: 0.0, Max: 0.0, Diff: 0.0, Sum: 0.0]
      [Object Copy (ms): Min: 80.4, Avg: 80.5, Max: 80.7, Diff: 0.3, Sum: 644.0]
      [Termination (ms): Min: 0.0, Avg: 0.2, Max: 0.3, Diff: 0.3, Sum: 1.6]
         [Termination Attempts: Min: 1, Avg: 1315.9, Max: 1708, Diff: 1707, Sum: 10527]
      [GC Worker Other (ms): Min: 0.0, Avg: 0.0, Max: 0.0, Diff: 0.0, Sum: 0.2]
      [GC Worker Total (ms): Min: 102.7, Avg: 102.8, Max: 102.9, Diff: 0.1, Sum: 822.3]
      [GC Worker End (ms): Min: 73818.3, Avg: 73818.3, Max: 73818.4, Diff: 0.0]
   [Code Root Fixup: 0.0 ms]
   [Code Root Purge: 0.0 ms]
   [Clear CT: 0.1 ms]
   [Other: 0.8 ms]
      [Choose CSet: 0.0 ms]
      [Ref Proc: 0.1 ms]
      [Ref Enq: 0.0 ms]
      [Redirty Cards: 0.2 ms]
      [Humongous Register: 0.0 ms]
      [Humongous Reclaim: 0.0 ms]
      [Free CSet: 0.2 ms]
   [Eden: 119.0M(266.0M)->0.0B(267.0M) Survivors: 38.0M->38.0M Heap: 1068.7M(2048.0M)->1069.7M(2048.0M)]
 [Times: user=0.84 sys=0.00, real=0.10 secs] 
2020-09-29T12:21:53.664+0200: 73.819: [GC concurrent-root-region-scan-start]
2020-09-29T12:21:53.677+0200: 73.832: [GC concurrent-root-region-scan-end, 0.0128267 secs]
2020-09-29T12:21:53.677+0200: 73.832: [GC concurrent-mark-start]
2020-09-29T12:21:53.680+0200: 73.835: [GC concurrent-mark-end, 0.0028722 secs]
2020-09-29T12:21:53.680+0200: 73.835: [GC remark 2020-09-29T12:21:53.680+0200: 73.835: [Finalize Marking, 0.0002709 secs] 2020-09-29T12:21:53.681+0200: 73.836: [GC ref-proc, 0.0002814 secs] 2020-09-29T12:21:53.681+0200: 73.836: [Unloading, 0.0004819 secs], 0.0016081 secs]
 [Times: user=0.00 sys=0.00, real=0.00 secs] 
2020-09-29T12:21:53.682+0200: 73.837: [GC cleanup 1104M->80M(2048M), 0.0014591 secs]
 [Times: user=0.00 sys=0.00, real=0.00 secs] 
2020-09-29T12:21:53.684+0200: 73.839: [GC concurrent-cleanup-start]
2020-09-29T12:21:53.685+0200: 73.840: [GC concurrent-cleanup-end, 0.0013625 secs]
2020-09-29T12:21:53.815+0200: 73.970: [GC pause (G1 Evacuation Pause) (young), 0.1541044 secs]
   [Parallel Time: 152.9 ms, GC Workers: 8]
      [GC Worker Start (ms): Min: 73970.0, Avg: 73970.1, Max: 73970.2, Diff: 0.2]
      [Ext Root Scanning (ms): Min: 0.0, Avg: 0.1, Max: 0.2, Diff: 0.2, Sum: 0.5]
      [Update RS (ms): Min: 19.2, Avg: 19.3, Max: 19.7, Diff: 0.5, Sum: 154.8]
         [Processed Buffers: Min: 18, Avg: 20.0, Max: 22, Diff: 4, Sum: 160]
      [Scan RS (ms): Min: 12.6, Avg: 12.9, Max: 13.1, Diff: 0.5, Sum: 102.9]
      [Code Root Scanning (ms): Min: 0.0, Avg: 0.0, Max: 0.0, Diff: 0.0, Sum: 0.0]
      [Object Copy (ms): Min: 120.3, Avg: 120.3, Max: 120.4, Diff: 0.2, Sum: 962.6]
      [Termination (ms): Min: 0.0, Avg: 0.1, Max: 0.1, Diff: 0.1, Sum: 0.6]
         [Termination Attempts: Min: 1, Avg: 489.1, Max: 599, Diff: 598, Sum: 3913]
      [GC Worker Other (ms): Min: 0.0, Avg: 0.0, Max: 0.1, Diff: 0.1, Sum: 0.3]
      [GC Worker Total (ms): Min: 152.6, Avg: 152.7, Max: 152.8, Diff: 0.2, Sum: 1221.7]
      [GC Worker End (ms): Min: 74122.8, Avg: 74122.9, Max: 74122.9, Diff: 0.1]
   [Code Root Fixup: 0.0 ms]
   [Code Root Purge: 0.0 ms]
   [Clear CT: 0.2 ms]
   [Other: 1.0 ms]
      [Choose CSet: 0.0 ms]
      [Ref Proc: 0.2 ms]
      [Ref Enq: 0.0 ms]
      [Redirty Cards: 0.3 ms]
      [Humongous Register: 0.0 ms]
      [Humongous Reclaim: 0.0 ms]
      [Free CSet: 0.3 ms]
   [Eden: 267.0M(267.0M)->0.0B(279.0M) Survivors: 38.0M->39.0M Heap: 358.8M(2048.0M)->322.8M(2048.0M)]
 [Times: user=1.19 sys=0.00, real=0.15 secs] 
2020-09-29T12:21:54.123+0200: 74.278: [GC pause (G1 Evacuation Pause) (young), 0.1834630 secs]
   [Parallel Time: 182.4 ms, GC Workers: 8]
      [GC Worker Start (ms): Min: 74278.4, Avg: 74278.6, Max: 74278.6, Diff: 0.2]
      [Ext Root Scanning (ms): Min: 0.0, Avg: 0.1, Max: 0.2, Diff: 0.2, Sum: 0.5]
      [Update RS (ms): Min: 26.9, Avg: 27.2, Max: 27.6, Diff: 0.7, Sum: 217.4]
         [Processed Buffers: Min: 20, Avg: 23.9, Max: 26, Diff: 6, Sum: 191]
      [Scan RS (ms): Min: 17.1, Avg: 17.5, Max: 17.8, Diff: 0.7, Sum: 140.1]
      [Code Root Scanning (ms): Min: 0.0, Avg: 0.0, Max: 0.0, Diff: 0.0, Sum: 0.0]
      [Object Copy (ms): Min: 137.2, Avg: 137.3, Max: 137.3, Diff: 0.1, Sum: 1098.3]
      [Termination (ms): Min: 0.0, Avg: 0.0, Max: 0.0, Diff: 0.0, Sum: 0.0]
         [Termination Attempts: Min: 1, Avg: 9.1, Max: 14, Diff: 13, Sum: 73]
      [GC Worker Other (ms): Min: 0.0, Avg: 0.1, Max: 0.1, Diff: 0.1, Sum: 0.5]
      [GC Worker Total (ms): Min: 182.0, Avg: 182.1, Max: 182.3, Diff: 0.3, Sum: 1457.0]
      [GC Worker End (ms): Min: 74460.6, Avg: 74460.7, Max: 74460.7, Diff: 0.1]
   [Code Root Fixup: 0.0 ms]
   [Code Root Purge: 0.0 ms]
   [Clear CT: 0.2 ms]
   [Other: 0.9 ms]
      [Choose CSet: 0.0 ms]
      [Ref Proc: 0.2 ms]
      [Ref Enq: 0.0 ms]
      [Redirty Cards: 0.1 ms]
      [Humongous Register: 0.0 ms]
      [Humongous Reclaim: 0.0 ms]
      [Free CSet: 0.3 ms]
   [Eden: 279.0M(279.0M)->0.0B(269.0M) Survivors: 39.0M->40.0M Heap: 647.6M(2048.0M)->649.6M(2048.0M)]
 [Times: user=1.41 sys=0.00, real=0.18 secs] 
2020-09-29T12:21:54.465+0200: 74.620: [GC pause (G1 Evacuation Pause) (young), 0.1758555 secs]
   [Parallel Time: 174.7 ms, GC Workers: 8]
      [GC Worker Start (ms): Min: 74620.5, Avg: 74620.6, Max: 74620.7, Diff: 0.2]
      [Ext Root Scanning (ms): Min: 0.0, Avg: 0.1, Max: 0.2, Diff: 0.2, Sum: 0.5]
      [Update RS (ms): Min: 18.4, Avg: 18.5, Max: 18.7, Diff: 0.3, Sum: 147.7]
         [Processed Buffers: Min: 18, Avg: 20.3, Max: 22, Diff: 4, Sum: 162]
      [Scan RS (ms): Min: 15.9, Avg: 16.2, Max: 16.4, Diff: 0.4, Sum: 129.7]
      [Code Root Scanning (ms): Min: 0.0, Avg: 0.0, Max: 0.0, Diff: 0.0, Sum: 0.0]
      [Object Copy (ms): Min: 139.4, Avg: 139.6, Max: 139.7, Diff: 0.3, Sum: 1116.5]
      [Termination (ms): Min: 0.0, Avg: 0.1, Max: 0.2, Diff: 0.2, Sum: 1.0]
         [Termination Attempts: Min: 1, Avg: 827.5, Max: 1025, Diff: 1024, Sum: 6620]
      [GC Worker Other (ms): Min: 0.0, Avg: 0.0, Max: 0.1, Diff: 0.1, Sum: 0.4]
      [GC Worker Total (ms): Min: 174.4, Avg: 174.5, Max: 174.6, Diff: 0.2, Sum: 1395.9]
      [GC Worker End (ms): Min: 74795.1, Avg: 74795.1, Max: 74795.1, Diff: 0.1]
   [Code Root Fixup: 0.0 ms]
   [Code Root Purge: 0.0 ms]
   [Clear CT: 0.2 ms]
   [Other: 0.9 ms]
      [Choose CSet: 0.0 ms]
      [Ref Proc: 0.1 ms]
      [Ref Enq: 0.0 ms]
      [Redirty Cards: 0.2 ms]
      [Humongous Register: 0.0 ms]
      [Humongous Reclaim: 0.0 ms]
      [Free CSet: 0.3 ms]
   [Eden: 269.0M(269.0M)->0.0B(269.0M) Survivors: 40.0M->39.0M Heap: 964.3M(2048.0M)->965.8M(2048.0M)]
 [Times: user=1.38 sys=0.00, real=0.18 secs] 
2020-09-29T12:21:54.651+0200: 74.806: [GC pause (G1 Humongous Allocation) (young) (initial-mark), 0.0590640 secs]
   [Parallel Time: 58.0 ms, GC Workers: 8]
      [GC Worker Start (ms): Min: 74806.7, Avg: 74806.8, Max: 74806.8, Diff: 0.1]
      [Ext Root Scanning (ms): Min: 0.0, Avg: 0.1, Max: 0.2, Diff: 0.2, Sum: 0.8]
      [Update RS (ms): Min: 33.2, Avg: 33.4, Max: 33.7, Diff: 0.4, Sum: 267.3]
         [Processed Buffers: Min: 32, Avg: 39.3, Max: 42, Diff: 10, Sum: 314]
      [Scan RS (ms): Min: 2.5, Avg: 2.7, Max: 2.9, Diff: 0.4, Sum: 21.8]
      [Code Root Scanning (ms): Min: 0.0, Avg: 0.0, Max: 0.0, Diff: 0.0, Sum: 0.0]
      [Object Copy (ms): Min: 21.5, Avg: 21.6, Max: 21.6, Diff: 0.1, Sum: 172.9]
      [Termination (ms): Min: 0.0, Avg: 0.0, Max: 0.0, Diff: 0.0, Sum: 0.1]
         [Termination Attempts: Min: 1, Avg: 98.8, Max: 121, Diff: 120, Sum: 790]
      [GC Worker Other (ms): Min: 0.0, Avg: 0.0, Max: 0.0, Diff: 0.0, Sum: 0.1]
      [GC Worker Total (ms): Min: 57.8, Avg: 57.9, Max: 57.9, Diff: 0.1, Sum: 463.1]
      [GC Worker End (ms): Min: 74864.6, Avg: 74864.6, Max: 74864.7, Diff: 0.0]
   [Code Root Fixup: 0.0 ms]
   [Code Root Purge: 0.0 ms]
   [Clear CT: 0.1 ms]
   [Other: 0.9 ms]
      [Choose CSet: 0.0 ms]
      [Ref Proc: 0.3 ms]
      [Ref Enq: 0.0 ms]
      [Redirty Cards: 0.1 ms]
      [Humongous Register: 0.1 ms]
      [Humongous Reclaim: 0.0 ms]
      [Free CSet: 0.1 ms]
   [Eden: 10.0M(269.0M)->0.0B(302.0M) Survivors: 39.0M->11.0M Heap: 975.3M(2048.0M)->978.3M(2048.0M)]
 [Times: user=0.49 sys=0.00, real=0.06 secs] 
2020-09-29T12:21:54.710+0200: 74.866: [GC concurrent-root-region-scan-start]
2020-09-29T12:21:54.713+0200: 74.869: [GC concurrent-root-region-scan-end, 0.0030803 secs]
2020-09-29T12:21:54.713+0200: 74.869: [GC concurrent-mark-start]
2020-09-29T12:21:54.717+0200: 74.872: [GC concurrent-mark-end, 0.0033348 secs]
2020-09-29T12:21:54.717+0200: 74.872: [GC remark 2020-09-29T12:21:54.717+0200: 74.872: [Finalize Marking, 0.0001865 secs] 2020-09-29T12:21:54.717+0200: 74.873: [GC ref-proc, 0.0003985 secs] 2020-09-29T12:21:54.718+0200: 74.873: [Unloading, 0.0006107 secs], 0.0017219 secs]
 [Times: user=0.00 sys=0.00, real=0.00 secs] 
2020-09-29T12:21:54.719+0200: 74.875: [GC cleanup 991M->31M(2048M), 0.0015625 secs]
 [Times: user=0.00 sys=0.00, real=0.00 secs] 
2020-09-29T12:21:54.721+0200: 74.876: [GC concurrent-cleanup-start]
2020-09-29T12:21:54.723+0200: 74.878: [GC concurrent-cleanup-end, 0.0019440 secs]
2020-09-29T12:21:54.894+0200: 75.049: [GC pause (G1 Evacuation Pause) (young), 0.1698090 secs]
   [Parallel Time: 168.4 ms, GC Workers: 8]
      [GC Worker Start (ms): Min: 75049.2, Avg: 75049.3, Max: 75049.4, Diff: 0.2]
      [Ext Root Scanning (ms): Min: 0.0, Avg: 0.1, Max: 0.2, Diff: 0.2, Sum: 0.6]
      [Update RS (ms): Min: 20.3, Avg: 20.5, Max: 20.6, Diff: 0.3, Sum: 163.7]
         [Processed Buffers: Min: 17, Avg: 19.6, Max: 24, Diff: 7, Sum: 157]
      [Scan RS (ms): Min: 16.5, Avg: 16.7, Max: 16.8, Diff: 0.3, Sum: 133.8]
      [Code Root Scanning (ms): Min: 0.0, Avg: 0.0, Max: 0.0, Diff: 0.0, Sum: 0.0]
      [Object Copy (ms): Min: 130.7, Avg: 130.8, Max: 130.9, Diff: 0.2, Sum: 1046.2]
      [Termination (ms): Min: 0.0, Avg: 0.1, Max: 0.1, Diff: 0.1, Sum: 0.5]
         [Termination Attempts: Min: 1, Avg: 451.0, Max: 565, Diff: 564, Sum: 3608]
      [GC Worker Other (ms): Min: 0.0, Avg: 0.1, Max: 0.1, Diff: 0.1, Sum: 0.5]
      [GC Worker Total (ms): Min: 168.1, Avg: 168.2, Max: 168.2, Diff: 0.1, Sum: 1345.3]
      [GC Worker End (ms): Min: 75217.4, Avg: 75217.4, Max: 75217.5, Diff: 0.1]
   [Code Root Fixup: 0.0 ms]
   [Code Root Purge: 0.0 ms]
   [Clear CT: 0.2 ms]
   [Other: 1.2 ms]
      [Choose CSet: 0.0 ms]
      [Ref Proc: 0.2 ms]
      [Ref Enq: 0.0 ms]
      [Redirty Cards: 0.5 ms]
      [Humongous Register: 0.0 ms]
      [Humongous Reclaim: 0.0 ms]
      [Free CSet: 0.2 ms]
   [Eden: 302.0M(302.0M)->0.0B(279.0M) Survivors: 11.0M->40.0M Heap: 372.0M(2048.0M)->364.0M(2048.0M)]
 [Times: user=1.38 sys=0.00, real=0.17 secs] 
2020-09-29T12:21:55.235+0200: 75.391: [GC pause (G1 Evacuation Pause) (young), 0.1752040 secs]
   [Parallel Time: 173.9 ms, GC Workers: 8]
      [GC Worker Start (ms): Min: 75390.8, Avg: 75390.9, Max: 75390.9, Diff: 0.1]
      [Ext Root Scanning (ms): Min: 0.0, Avg: 0.1, Max: 0.1, Diff: 0.1, Sum: 0.6]
      [Update RS (ms): Min: 16.6, Avg: 16.9, Max: 17.4, Diff: 0.8, Sum: 135.1]
         [Processed Buffers: Min: 16, Avg: 17.8, Max: 20, Diff: 4, Sum: 142]
      [Scan RS (ms): Min: 18.1, Avg: 18.6, Max: 19.0, Diff: 0.9, Sum: 148.8]
      [Code Root Scanning (ms): Min: 0.0, Avg: 0.0, Max: 0.0, Diff: 0.0, Sum: 0.0]
      [Object Copy (ms): Min: 137.9, Avg: 138.0, Max: 138.0, Diff: 0.1, Sum: 1104.0]
      [Termination (ms): Min: 0.0, Avg: 0.1, Max: 0.2, Diff: 0.2, Sum: 1.0]
         [Termination Attempts: Min: 1, Avg: 756.8, Max: 1064, Diff: 1063, Sum: 6054]
      [GC Worker Other (ms): Min: 0.0, Avg: 0.0, Max: 0.1, Diff: 0.0, Sum: 0.3]
      [GC Worker Total (ms): Min: 173.7, Avg: 173.7, Max: 173.8, Diff: 0.1, Sum: 1389.8]
      [GC Worker End (ms): Min: 75564.6, Avg: 75564.6, Max: 75564.6, Diff: 0.0]
   [Code Root Fixup: 0.0 ms]
   [Code Root Purge: 0.0 ms]
   [Clear CT: 0.3 ms]
   [Other: 1.0 ms]
      [Choose CSet: 0.0 ms]
      [Ref Proc: 0.1 ms]
      [Ref Enq: 0.0 ms]
      [Redirty Cards: 0.3 ms]
      [Humongous Register: 0.0 ms]
      [Humongous Reclaim: 0.0 ms]
      [Free CSet: 0.3 ms]
   [Eden: 279.0M(279.0M)->0.0B(276.0M) Survivors: 40.0M->40.0M Heap: 688.8M(2048.0M)->690.3M(2048.0M)]
 [Times: user=1.31 sys=0.06, real=0.18 secs] 
2020-09-29T12:21:55.580+0200: 75.735: [GC pause (G1 Evacuation Pause) (young), 0.2013418 secs]
   [Parallel Time: 200.1 ms, GC Workers: 8]
      [GC Worker Start (ms): Min: 75735.6, Avg: 75735.6, Max: 75735.7, Diff: 0.1]
      [Ext Root Scanning (ms): Min: 0.0, Avg: 0.1, Max: 0.2, Diff: 0.1, Sum: 0.6]
      [Update RS (ms): Min: 18.3, Avg: 20.0, Max: 31.1, Diff: 12.9, Sum: 160.1]
         [Processed Buffers: Min: 0, Avg: 17.5, Max: 22, Diff: 22, Sum: 140]
      [Scan RS (ms): Min: 6.3, Avg: 18.4, Max: 28.0, Diff: 21.7, Sum: 147.6]
      [Code Root Scanning (ms): Min: 0.0, Avg: 0.0, Max: 0.0, Diff: 0.0, Sum: 0.0]
      [Object Copy (ms): Min: 153.3, Avg: 161.3, Max: 162.6, Diff: 9.2, Sum: 1290.4]
      [Termination (ms): Min: 0.0, Avg: 0.1, Max: 0.1, Diff: 0.1, Sum: 0.6]
         [Termination Attempts: Min: 1, Avg: 458.9, Max: 585, Diff: 584, Sum: 3671]
      [GC Worker Other (ms): Min: 0.0, Avg: 0.0, Max: 0.1, Diff: 0.0, Sum: 0.4]
      [GC Worker Total (ms): Min: 199.9, Avg: 200.0, Max: 200.1, Diff: 0.2, Sum: 1599.7]
      [GC Worker End (ms): Min: 75935.6, Avg: 75935.6, Max: 75935.6, Diff: 0.0]
   [Code Root Fixup: 0.0 ms]
   [Code Root Purge: 0.0 ms]
   [Clear CT: 0.2 ms]
   [Other: 1.1 ms]
      [Choose CSet: 0.0 ms]
      [Ref Proc: 0.2 ms]
      [Ref Enq: 0.0 ms]
      [Redirty Cards: 0.2 ms]
      [Humongous Register: 0.0 ms]
      [Humongous Reclaim: 0.0 ms]
      [Free CSet: 0.3 ms]
   [Eden: 276.0M(276.0M)->0.0B(251.0M) Survivors: 40.0M->40.0M Heap: 1012.1M(2048.0M)->1014.1M(2048.0M)]
 [Times: user=1.56 sys=0.02, real=0.20 secs] 
2020-09-29T12:21:55.791+0200: 75.947: [GC pause (G1 Humongous Allocation) (young) (initial-mark), 0.0558239 secs]
   [Parallel Time: 54.9 ms, GC Workers: 8]
      [GC Worker Start (ms): Min: 75947.0, Avg: 75947.0, Max: 75947.1, Diff: 0.1]
      [Ext Root Scanning (ms): Min: 0.0, Avg: 0.1, Max: 0.2, Diff: 0.2, Sum: 1.0]
      [Update RS (ms): Min: 31.0, Avg: 31.2, Max: 31.6, Diff: 0.6, Sum: 249.5]
         [Processed Buffers: Min: 32, Avg: 38.4, Max: 42, Diff: 10, Sum: 307]
      [Scan RS (ms): Min: 2.8, Avg: 3.3, Max: 3.5, Diff: 0.7, Sum: 26.3]
      [Code Root Scanning (ms): Min: 0.0, Avg: 0.0, Max: 0.0, Diff: 0.0, Sum: 0.0]
      [Object Copy (ms): Min: 20.1, Avg: 20.1, Max: 20.2, Diff: 0.1, Sum: 160.9]
      [Termination (ms): Min: 0.0, Avg: 0.0, Max: 0.0, Diff: 0.0, Sum: 0.0]
         [Termination Attempts: Min: 1, Avg: 1.1, Max: 2, Diff: 1, Sum: 9]
      [GC Worker Other (ms): Min: 0.0, Avg: 0.0, Max: 0.0, Diff: 0.0, Sum: 0.2]
      [GC Worker Total (ms): Min: 54.6, Avg: 54.7, Max: 54.8, Diff: 0.2, Sum: 437.9]
      [GC Worker End (ms): Min: 76001.8, Avg: 76001.8, Max: 76001.8, Diff: 0.0]
   [Code Root Fixup: 0.0 ms]
   [Code Root Purge: 0.0 ms]
   [Clear CT: 0.1 ms]
   [Other: 0.8 ms]
      [Choose CSet: 0.0 ms]
      [Ref Proc: 0.2 ms]
      [Ref Enq: 0.0 ms]
      [Redirty Cards: 0.1 ms]
      [Humongous Register: 0.1 ms]
      [Humongous Reclaim: 0.0 ms]
      [Free CSet: 0.1 ms]
   [Eden: 2048.0K(251.0M)->0.0B(293.0M) Survivors: 40.0M->4096.0K Heap: 1015.6M(2048.0M)->1020.1M(2048.0M)]
 [Times: user=0.38 sys=0.00, real=0.06 secs] 
2020-09-29T12:21:55.849+0200: 76.004: [GC concurrent-root-region-scan-start]
2020-09-29T12:21:55.849+0200: 76.005: [GC concurrent-root-region-scan-end, 0.0005947 secs]
2020-09-29T12:21:55.849+0200: 76.005: [GC concurrent-mark-start]
2020-09-29T12:21:55.853+0200: 76.008: [GC concurrent-mark-end, 0.0037891 secs]
2020-09-29T12:21:55.854+0200: 76.009: [GC remark 2020-09-29T12:21:55.854+0200: 76.009: [Finalize Marking, 0.0001557 secs] 2020-09-29T12:21:55.854+0200: 76.009: [GC ref-proc, 0.0003946 secs] 2020-09-29T12:21:55.854+0200: 76.009: [Unloading, 0.0005800 secs], 0.0015606 secs]
 [Times: user=0.00 sys=0.00, real=0.00 secs] 
2020-09-29T12:21:55.856+0200: 76.011: [GC cleanup 1029M->21M(2048M), 0.0014604 secs]
 [Times: user=0.00 sys=0.00, real=0.00 secs] 
2020-09-29T12:21:55.857+0200: 76.012: [GC concurrent-cleanup-start]
2020-09-29T12:21:55.859+0200: 76.014: [GC concurrent-cleanup-end, 0.0017018 secs]
2020-09-29T12:21:56.013+0200: 76.169: [GC pause (G1 Evacuation Pause) (young), 0.1560929 secs]
   [Parallel Time: 155.0 ms, GC Workers: 8]
      [GC Worker Start (ms): Min: 76168.9, Avg: 76169.0, Max: 76169.1, Diff: 0.2]
      [Ext Root Scanning (ms): Min: 0.0, Avg: 0.1, Max: 0.2, Diff: 0.2, Sum: 0.6]
      [Update RS (ms): Min: 15.7, Avg: 15.8, Max: 16.1, Diff: 0.4, Sum: 126.6]
         [Processed Buffers: Min: 16, Avg: 17.8, Max: 20, Diff: 4, Sum: 142]
      [Scan RS (ms): Min: 16.3, Avg: 16.7, Max: 17.3, Diff: 1.0, Sum: 133.7]
      [Code Root Scanning (ms): Min: 0.0, Avg: 0.0, Max: 0.0, Diff: 0.0, Sum: 0.0]
      [Object Copy (ms): Min: 121.6, Avg: 122.0, Max: 122.3, Diff: 0.7, Sum: 976.0]
      [Termination (ms): Min: 0.0, Avg: 0.1, Max: 0.2, Diff: 0.2, Sum: 1.1]
         [Termination Attempts: Min: 1, Avg: 610.8, Max: 799, Diff: 798, Sum: 4886]
      [GC Worker Other (ms): Min: 0.0, Avg: 0.0, Max: 0.0, Diff: 0.0, Sum: 0.1]
      [GC Worker Total (ms): Min: 154.7, Avg: 154.8, Max: 154.9, Diff: 0.2, Sum: 1238.2]
      [GC Worker End (ms): Min: 76323.7, Avg: 76323.8, Max: 76323.8, Diff: 0.1]
   [Code Root Fixup: 0.0 ms]
   [Code Root Purge: 0.0 ms]
   [Clear CT: 0.2 ms]
   [Other: 0.9 ms]
      [Choose CSet: 0.0 ms]
      [Ref Proc: 0.2 ms]
      [Ref Enq: 0.0 ms]
      [Redirty Cards: 0.2 ms]
      [Humongous Register: 0.0 ms]
      [Humongous Reclaim: 0.0 ms]
      [Free CSet: 0.2 ms]
   [Eden: 293.0M(293.0M)->0.0B(276.0M) Survivors: 4096.0K->38.0M Heap: 354.1M(2048.0M)->352.1M(2048.0M)]
 [Times: user=1.23 sys=0.00, real=0.16 secs] 
2020-09-29T12:21:56.328+0200: 76.483: [GC pause (G1 Evacuation Pause) (young), 0.1791598 secs]
   [Parallel Time: 178.0 ms, GC Workers: 8]
      [GC Worker Start (ms): Min: 76483.4, Avg: 76483.4, Max: 76483.5, Diff: 0.1]
      [Ext Root Scanning (ms): Min: 0.0, Avg: 0.1, Max: 0.1, Diff: 0.1, Sum: 0.6]
      [Update RS (ms): Min: 17.6, Avg: 17.9, Max: 18.3, Diff: 0.7, Sum: 143.1]
         [Processed Buffers: Min: 16, Avg: 18.1, Max: 21, Diff: 5, Sum: 145]
      [Scan RS (ms): Min: 17.9, Avg: 18.4, Max: 18.6, Diff: 0.8, Sum: 147.0]
      [Code Root Scanning (ms): Min: 0.0, Avg: 0.0, Max: 0.0, Diff: 0.0, Sum: 0.0]
      [Object Copy (ms): Min: 140.8, Avg: 141.3, Max: 141.5, Diff: 0.7, Sum: 1130.4]
      [Termination (ms): Min: 0.0, Avg: 0.1, Max: 0.2, Diff: 0.2, Sum: 0.8]
         [Termination Attempts: Min: 1, Avg: 673.5, Max: 992, Diff: 991, Sum: 5388]
      [GC Worker Other (ms): Min: 0.0, Avg: 0.0, Max: 0.1, Diff: 0.1, Sum: 0.3]
      [GC Worker Total (ms): Min: 177.7, Avg: 177.8, Max: 177.8, Diff: 0.1, Sum: 1422.2]
      [GC Worker End (ms): Min: 76661.2, Avg: 76661.2, Max: 76661.3, Diff: 0.1]
   [Code Root Fixup: 0.0 ms]
   [Code Root Purge: 0.0 ms]
   [Clear CT: 0.2 ms]
   [Other: 0.9 ms]
      [Choose CSet: 0.0 ms]
      [Ref Proc: 0.3 ms]
      [Ref Enq: 0.0 ms]
      [Redirty Cards: 0.3 ms]
      [Humongous Register: 0.0 ms]
      [Humongous Reclaim: 0.0 ms]
      [Free CSet: 0.2 ms]
   [Eden: 276.0M(276.0M)->0.0B(268.0M) Survivors: 38.0M->40.0M Heap: 673.9M(2048.0M)->675.9M(2048.0M)]
 [Times: user=1.44 sys=0.00, real=0.18 secs] 
2020-09-29T12:21:56.653+0200: 76.808: [GC pause (G1 Evacuation Pause) (young), 0.1774347 secs]
   [Parallel Time: 176.3 ms, GC Workers: 8]
      [GC Worker Start (ms): Min: 76808.4, Avg: 76809.7, Max: 76818.7, Diff: 10.3]
      [Ext Root Scanning (ms): Min: 0.0, Avg: 0.1, Max: 0.2, Diff: 0.1, Sum: 0.6]
      [Update RS (ms): Min: 8.7, Avg: 17.4, Max: 18.7, Diff: 10.0, Sum: 139.3]
         [Processed Buffers: Min: 8, Avg: 19.0, Max: 23, Diff: 15, Sum: 152]
      [Scan RS (ms): Min: 15.8, Avg: 15.9, Max: 15.9, Diff: 0.1, Sum: 127.0]
      [Code Root Scanning (ms): Min: 0.0, Avg: 0.0, Max: 0.0, Diff: 0.0, Sum: 0.0]
      [Object Copy (ms): Min: 141.1, Avg: 141.3, Max: 141.5, Diff: 0.3, Sum: 1130.6]
      [Termination (ms): Min: 0.0, Avg: 0.1, Max: 0.2, Diff: 0.2, Sum: 1.0]
         [Termination Attempts: Min: 1, Avg: 856.8, Max: 1076, Diff: 1075, Sum: 6854]
      [GC Worker Other (ms): Min: 0.0, Avg: 0.0, Max: 0.1, Diff: 0.0, Sum: 0.3]
      [GC Worker Total (ms): Min: 165.9, Avg: 174.8, Max: 176.2, Diff: 10.3, Sum: 1398.7]
      [GC Worker End (ms): Min: 76984.5, Avg: 76984.6, Max: 76984.6, Diff: 0.0]
   [Code Root Fixup: 0.0 ms]
   [Code Root Purge: 0.0 ms]
   [Clear CT: 0.2 ms]
   [Other: 1.0 ms]
      [Choose CSet: 0.0 ms]
      [Ref Proc: 0.2 ms]
      [Ref Enq: 0.0 ms]
      [Redirty Cards: 0.3 ms]
      [Humongous Register: 0.1 ms]
      [Humongous Reclaim: 0.0 ms]
      [Free CSet: 0.3 ms]
   [Eden: 268.0M(268.0M)->0.0B(267.0M) Survivors: 40.0M->39.0M Heap: 989.6M(2048.0M)->992.1M(2048.0M)]
 [Times: user=1.30 sys=0.00, real=0.18 secs] 
2020-09-29T12:21:56.844+0200: 77.000: [GC pause (G1 Humongous Allocation) (young) (initial-mark), 0.0576036 secs]
   [Parallel Time: 56.7 ms, GC Workers: 8]
      [GC Worker Start (ms): Min: 76999.8, Avg: 76999.9, Max: 76999.9, Diff: 0.1]
      [Ext Root Scanning (ms): Min: 0.0, Avg: 0.1, Max: 0.1, Diff: 0.1, Sum: 0.6]
      [Update RS (ms): Min: 28.9, Avg: 29.2, Max: 29.6, Diff: 0.7, Sum: 233.8]
         [Processed Buffers: Min: 29, Avg: 34.3, Max: 36, Diff: 7, Sum: 274]
      [Scan RS (ms): Min: 2.6, Avg: 3.1, Max: 3.4, Diff: 0.7, Sum: 24.9]
      [Code Root Scanning (ms): Min: 0.0, Avg: 0.0, Max: 0.0, Diff: 0.0, Sum: 0.0]
      [Object Copy (ms): Min: 23.5, Avg: 24.1, Max: 24.2, Diff: 0.7, Sum: 193.0]
      [Termination (ms): Min: 0.0, Avg: 0.0, Max: 0.1, Diff: 0.1, Sum: 0.3]
         [Termination Attempts: Min: 1, Avg: 315.9, Max: 382, Diff: 381, Sum: 2527]
      [GC Worker Other (ms): Min: 0.0, Avg: 0.0, Max: 0.0, Diff: 0.0, Sum: 0.1]
      [GC Worker Total (ms): Min: 56.5, Avg: 56.6, Max: 56.6, Diff: 0.1, Sum: 452.7]
      [GC Worker End (ms): Min: 77056.5, Avg: 77056.5, Max: 77056.5, Diff: 0.0]
   [Code Root Fixup: 0.0 ms]
   [Code Root Purge: 0.0 ms]
   [Clear CT: 0.2 ms]
   [Other: 0.7 ms]
      [Choose CSet: 0.0 ms]
      [Ref Proc: 0.2 ms]
      [Ref Enq: 0.0 ms]
      [Redirty Cards: 0.2 ms]
      [Humongous Register: 0.0 ms]
      [Humongous Reclaim: 0.0 ms]
      [Free CSet: 0.1 ms]
   [Eden: 10.0M(267.0M)->0.0B(298.0M) Survivors: 39.0M->12.0M Heap: 1002.1M(2048.0M)->1006.1M(2048.0M)]
 [Times: user=0.50 sys=0.00, real=0.06 secs] 
2020-09-29T12:21:56.902+0200: 77.057: [GC concurrent-root-region-scan-start]
2020-09-29T12:21:56.906+0200: 77.061: [GC concurrent-root-region-scan-end, 0.0039877 secs]
2020-09-29T12:21:56.906+0200: 77.061: [GC concurrent-mark-start]
2020-09-29T12:21:56.909+0200: 77.065: [GC concurrent-mark-end, 0.0030755 secs]
2020-09-29T12:21:56.909+0200: 77.065: [GC remark 2020-09-29T12:21:56.909+0200: 77.065: [Finalize Marking, 0.0002591 secs] 2020-09-29T12:21:56.910+0200: 77.065: [GC ref-proc, 0.0004252 secs] 2020-09-29T12:21:56.910+0200: 77.066: [Unloading, 0.0004999 secs], 0.0016250 secs]
 [Times: user=0.01 sys=0.03, real=0.00 secs] 
2020-09-29T12:21:56.912+0200: 77.067: [GC cleanup 1021M->35M(2048M), 0.0015257 secs]
 [Times: user=0.00 sys=0.00, real=0.00 secs] 
2020-09-29T12:21:56.913+0200: 77.068: [GC concurrent-cleanup-start]
2020-09-29T12:21:56.915+0200: 77.070: [GC concurrent-cleanup-end, 0.0017589 secs]
2020-09-29T12:21:57.077+0200: 77.233: [GC pause (G1 Evacuation Pause) (young), 0.1769965 secs]
   [Parallel Time: 175.9 ms, GC Workers: 8]
      [GC Worker Start (ms): Min: 77232.8, Avg: 77232.9, Max: 77232.9, Diff: 0.1]
      [Ext Root Scanning (ms): Min: 0.0, Avg: 0.1, Max: 0.1, Diff: 0.1, Sum: 0.5]
      [Update RS (ms): Min: 19.6, Avg: 19.8, Max: 20.0, Diff: 0.4, Sum: 158.0]
         [Processed Buffers: Min: 17, Avg: 20.4, Max: 23, Diff: 6, Sum: 163]
      [Scan RS (ms): Min: 16.5, Avg: 16.8, Max: 16.9, Diff: 0.4, Sum: 134.2]
      [Code Root Scanning (ms): Min: 0.0, Avg: 0.0, Max: 0.0, Diff: 0.0, Sum: 0.0]
      [Object Copy (ms): Min: 138.8, Avg: 138.9, Max: 139.1, Diff: 0.3, Sum: 1110.9]
      [Termination (ms): Min: 0.0, Avg: 0.3, Max: 0.3, Diff: 0.3, Sum: 2.0]
         [Termination Attempts: Min: 1, Avg: 1728.6, Max: 2134, Diff: 2133, Sum: 13829]
      [GC Worker Other (ms): Min: 0.0, Avg: 0.0, Max: 0.1, Diff: 0.1, Sum: 0.3]
      [GC Worker Total (ms): Min: 175.7, Avg: 175.7, Max: 175.8, Diff: 0.1, Sum: 1406.0]
      [GC Worker End (ms): Min: 77408.6, Avg: 77408.6, Max: 77408.6, Diff: 0.1]
   [Code Root Fixup: 0.0 ms]
   [Code Root Purge: 0.0 ms]
   [Clear CT: 0.2 ms]
   [Other: 0.9 ms]
      [Choose CSet: 0.0 ms]
      [Ref Proc: 0.1 ms]
      [Ref Enq: 0.0 ms]
      [Redirty Cards: 0.2 ms]
      [Humongous Register: 0.0 ms]
      [Humongous Reclaim: 0.0 ms]
      [Free CSet: 0.2 ms]
   [Eden: 298.0M(298.0M)->0.0B(273.0M) Survivors: 12.0M->39.0M Heap: 369.0M(2048.0M)->359.0M(2048.0M)]
 [Times: user=1.33 sys=0.03, real=0.18 secs] 
2020-09-29T12:21:57.399+0200: 77.554: [GC pause (G1 Evacuation Pause) (young), 0.1694553 secs]
   [Parallel Time: 168.3 ms, GC Workers: 8]
      [GC Worker Start (ms): Min: 77554.0, Avg: 77554.1, Max: 77554.2, Diff: 0.2]
      [Ext Root Scanning (ms): Min: 0.0, Avg: 0.1, Max: 0.2, Diff: 0.1, Sum: 0.5]
      [Update RS (ms): Min: 19.6, Avg: 20.0, Max: 20.4, Diff: 0.8, Sum: 159.9]
         [Processed Buffers: Min: 18, Avg: 20.1, Max: 22, Diff: 4, Sum: 161]
      [Scan RS (ms): Min: 15.5, Avg: 15.9, Max: 16.3, Diff: 0.7, Sum: 127.2]
      [Code Root Scanning (ms): Min: 0.0, Avg: 0.0, Max: 0.0, Diff: 0.0, Sum: 0.0]
      [Object Copy (ms): Min: 131.9, Avg: 132.1, Max: 132.1, Diff: 0.2, Sum: 1056.6]
      [Termination (ms): Min: 0.0, Avg: 0.0, Max: 0.0, Diff: 0.0, Sum: 0.2]
         [Termination Attempts: Min: 1, Avg: 143.5, Max: 201, Diff: 200, Sum: 1148]
      [GC Worker Other (ms): Min: 0.0, Avg: 0.0, Max: 0.1, Diff: 0.1, Sum: 0.3]
      [GC Worker Total (ms): Min: 168.0, Avg: 168.1, Max: 168.2, Diff: 0.2, Sum: 1344.7]
      [GC Worker End (ms): Min: 77722.2, Avg: 77722.2, Max: 77722.3, Diff: 0.1]
   [Code Root Fixup: 0.0 ms]
   [Code Root Purge: 0.0 ms]
   [Clear CT: 0.2 ms]
   [Other: 0.9 ms]
      [Choose CSet: 0.0 ms]
      [Ref Proc: 0.1 ms]
      [Ref Enq: 0.0 ms]
      [Redirty Cards: 0.3 ms]
      [Humongous Register: 0.0 ms]
      [Humongous Reclaim: 0.0 ms]
      [Free CSet: 0.3 ms]
   [Eden: 273.0M(273.0M)->0.0B(275.0M) Survivors: 39.0M->39.0M Heap: 675.9M(2048.0M)->677.9M(2048.0M)]
 [Times: user=1.34 sys=0.00, real=0.17 secs] 
2020-09-29T12:21:57.720+0200: 77.875: [GC pause (G1 Evacuation Pause) (young), 0.1870900 secs]
   [Parallel Time: 185.9 ms, GC Workers: 8]
      [GC Worker Start (ms): Min: 77875.0, Avg: 77875.1, Max: 77875.2, Diff: 0.2]
      [Ext Root Scanning (ms): Min: 0.0, Avg: 0.1, Max: 0.2, Diff: 0.2, Sum: 0.5]
      [Update RS (ms): Min: 28.4, Avg: 28.7, Max: 29.3, Diff: 0.9, Sum: 230.0]
         [Processed Buffers: Min: 23, Avg: 25.0, Max: 28, Diff: 5, Sum: 200]
      [Scan RS (ms): Min: 15.6, Avg: 16.3, Max: 16.6, Diff: 0.9, Sum: 130.1]
      [Code Root Scanning (ms): Min: 0.0, Avg: 0.0, Max: 0.0, Diff: 0.0, Sum: 0.0]
      [Object Copy (ms): Min: 140.2, Avg: 140.4, Max: 140.5, Diff: 0.3, Sum: 1122.8]
      [Termination (ms): Min: 0.0, Avg: 0.2, Max: 0.4, Diff: 0.4, Sum: 1.8]
         [Termination Attempts: Min: 1, Avg: 1446.4, Max: 2116, Diff: 2115, Sum: 11571]
      [GC Worker Other (ms): Min: 0.0, Avg: 0.0, Max: 0.1, Diff: 0.0, Sum: 0.3]
      [GC Worker Total (ms): Min: 185.6, Avg: 185.7, Max: 185.8, Diff: 0.1, Sum: 1485.5]
      [GC Worker End (ms): Min: 78060.7, Avg: 78060.8, Max: 78060.8, Diff: 0.0]
   [Code Root Fixup: 0.0 ms]
   [Code Root Purge: 0.0 ms]
   [Clear CT: 0.2 ms]
   [Other: 1.0 ms]
      [Choose CSet: 0.0 ms]
      [Ref Proc: 0.2 ms]
      [Ref Enq: 0.0 ms]
      [Redirty Cards: 0.2 ms]
      [Humongous Register: 0.0 ms]
      [Humongous Reclaim: 0.0 ms]
      [Free CSet: 0.3 ms]
   [Eden: 275.0M(275.0M)->0.0B(265.0M) Survivors: 39.0M->40.0M Heap: 998.6M(2048.0M)->1000.6M(2048.0M)]
 [Times: user=1.50 sys=0.00, real=0.19 secs] 
2020-09-29T12:21:57.914+0200: 78.069: [GC pause (G1 Humongous Allocation) (young) (initial-mark), 0.0556415 secs]
   [Parallel Time: 54.7 ms, GC Workers: 8]
      [GC Worker Start (ms): Min: 78069.3, Avg: 78069.4, Max: 78069.4, Diff: 0.1]
      [Ext Root Scanning (ms): Min: 0.0, Avg: 0.1, Max: 0.2, Diff: 0.2, Sum: 0.9]
      [Update RS (ms): Min: 33.3, Avg: 33.6, Max: 33.9, Diff: 0.6, Sum: 269.0]
         [Processed Buffers: Min: 35, Avg: 41.8, Max: 44, Diff: 9, Sum: 334]
      [Scan RS (ms): Min: 2.2, Avg: 2.5, Max: 2.9, Diff: 0.7, Sum: 19.8]
      [Code Root Scanning (ms): Min: 0.0, Avg: 0.0, Max: 0.0, Diff: 0.0, Sum: 0.0]
      [Object Copy (ms): Min: 18.3, Avg: 18.3, Max: 18.4, Diff: 0.1, Sum: 146.7]
      [Termination (ms): Min: 0.0, Avg: 0.0, Max: 0.0, Diff: 0.0, Sum: 0.1]
         [Termination Attempts: Min: 1, Avg: 71.9, Max: 96, Diff: 95, Sum: 575]
      [GC Worker Other (ms): Min: 0.0, Avg: 0.0, Max: 0.0, Diff: 0.0, Sum: 0.1]
      [GC Worker Total (ms): Min: 54.5, Avg: 54.6, Max: 54.6, Diff: 0.1, Sum: 436.6]
      [GC Worker End (ms): Min: 78123.9, Avg: 78123.9, Max: 78124.0, Diff: 0.0]
   [Code Root Fixup: 0.0 ms]
   [Code Root Purge: 0.0 ms]
   [Clear CT: 0.2 ms]
   [Other: 0.8 ms]
      [Choose CSet: 0.0 ms]
      [Ref Proc: 0.1 ms]
      [Ref Enq: 0.0 ms]
      [Redirty Cards: 0.2 ms]
      [Humongous Register: 0.1 ms]
      [Humongous Reclaim: 0.0 ms]
      [Free CSet: 0.1 ms]
   [Eden: 1024.0K(265.0M)->0.0B(311.0M) Survivors: 40.0M->4096.0K Heap: 1001.6M(2048.0M)->1006.1M(2048.0M)]
 [Times: user=0.38 sys=0.00, real=0.06 secs] 
2020-09-29T12:21:57.970+0200: 78.125: [GC concurrent-root-region-scan-start]
2020-09-29T12:21:57.970+0200: 78.125: [GC concurrent-root-region-scan-end, 0.0005011 secs]
2020-09-29T12:21:57.970+0200: 78.125: [GC concurrent-mark-start]
2020-09-29T12:21:57.976+0200: 78.131: [GC concurrent-mark-end, 0.0053087 secs]
2020-09-29T12:21:57.976+0200: 78.131: [GC remark 2020-09-29T12:21:57.976+0200: 78.131: [Finalize Marking, 0.0002269 secs] 2020-09-29T12:21:57.976+0200: 78.131: [GC ref-proc, 0.0004195 secs] 2020-09-29T12:21:57.977+0200: 78.132: [Unloading, 0.0005895 secs], 0.0016270 secs]
 [Times: user=0.00 sys=0.00, real=0.00 secs] 
2020-09-29T12:21:57.978+0200: 78.133: [GC cleanup 1019M->24M(2048M), 0.0015351 secs]
 [Times: user=0.00 sys=0.00, real=0.00 secs] 
2020-09-29T12:21:57.980+0200: 78.135: [GC concurrent-cleanup-start]
2020-09-29T12:21:57.982+0200: 78.137: [GC concurrent-cleanup-end, 0.0024652 secs]
2020-09-29T12:21:58.152+0200: 78.307: [GC pause (G1 Evacuation Pause) (young), 0.1744519 secs]
   [Parallel Time: 173.3 ms, GC Workers: 8]
      [GC Worker Start (ms): Min: 78307.1, Avg: 78307.2, Max: 78307.3, Diff: 0.2]
      [Ext Root Scanning (ms): Min: 0.0, Avg: 0.1, Max: 0.2, Diff: 0.2, Sum: 0.6]
      [Update RS (ms): Min: 26.4, Avg: 26.4, Max: 26.7, Diff: 0.3, Sum: 211.5]
         [Processed Buffers: Min: 21, Avg: 23.8, Max: 26, Diff: 5, Sum: 190]
      [Scan RS (ms): Min: 16.9, Avg: 17.1, Max: 17.2, Diff: 0.4, Sum: 136.6]
      [Code Root Scanning (ms): Min: 0.0, Avg: 0.0, Max: 0.0, Diff: 0.0, Sum: 0.0]
      [Object Copy (ms): Min: 129.4, Avg: 129.4, Max: 129.5, Diff: 0.1, Sum: 1035.5]
      [Termination (ms): Min: 0.0, Avg: 0.0, Max: 0.0, Diff: 0.0, Sum: 0.0]
         [Termination Attempts: Min: 1, Avg: 2.1, Max: 4, Diff: 3, Sum: 17]
      [GC Worker Other (ms): Min: 0.0, Avg: 0.0, Max: 0.1, Diff: 0.0, Sum: 0.3]
      [GC Worker Total (ms): Min: 172.9, Avg: 173.1, Max: 173.2, Diff: 0.3, Sum: 1384.5]
      [GC Worker End (ms): Min: 78480.2, Avg: 78480.2, Max: 78480.2, Diff: 0.0]
   [Code Root Fixup: 0.0 ms]
   [Code Root Purge: 0.0 ms]
   [Clear CT: 0.2 ms]
   [Other: 1.0 ms]
      [Choose CSet: 0.0 ms]
      [Ref Proc: 0.1 ms]
      [Ref Enq: 0.0 ms]
      [Redirty Cards: 0.2 ms]
      [Humongous Register: 0.0 ms]
      [Humongous Reclaim: 0.0 ms]
      [Free CSet: 0.3 ms]
   [Eden: 311.0M(311.0M)->0.0B(278.0M) Survivors: 4096.0K->40.0M Heap: 375.9M(2048.0M)->374.4M(2048.0M)]
 [Times: user=1.34 sys=0.03, real=0.17 secs] 
2020-09-29T12:21:58.494+0200: 78.649: [GC pause (G1 Evacuation Pause) (young), 0.1873829 secs]
   [Parallel Time: 186.2 ms, GC Workers: 8]
      [GC Worker Start (ms): Min: 78649.0, Avg: 78649.5, Max: 78651.7, Diff: 2.6]
      [Ext Root Scanning (ms): Min: 0.0, Avg: 0.1, Max: 0.2, Diff: 0.2, Sum: 0.5]
      [Update RS (ms): Min: 16.0, Avg: 18.0, Max: 18.5, Diff: 2.5, Sum: 143.9]
         [Processed Buffers: Min: 15, Avg: 17.9, Max: 20, Diff: 5, Sum: 143]
      [Scan RS (ms): Min: 19.3, Avg: 19.6, Max: 19.8, Diff: 0.5, Sum: 156.4]
      [Code Root Scanning (ms): Min: 0.0, Avg: 0.0, Max: 0.0, Diff: 0.0, Sum: 0.0]
      [Object Copy (ms): Min: 147.4, Avg: 147.7, Max: 148.0, Diff: 0.6, Sum: 1181.5]
      [Termination (ms): Min: 0.0, Avg: 0.3, Max: 0.4, Diff: 0.4, Sum: 2.5]
         [Termination Attempts: Min: 1, Avg: 1990.4, Max: 2557, Diff: 2556, Sum: 15923]
      [GC Worker Other (ms): Min: 0.0, Avg: 0.0, Max: 0.1, Diff: 0.0, Sum: 0.3]
      [GC Worker Total (ms): Min: 183.5, Avg: 185.6, Max: 186.1, Diff: 2.6, Sum: 1485.0]
      [GC Worker End (ms): Min: 78835.1, Avg: 78835.1, Max: 78835.1, Diff: 0.0]
   [Code Root Fixup: 0.0 ms]
   [Code Root Purge: 0.0 ms]
   [Clear CT: 0.2 ms]
   [Other: 1.0 ms]
      [Choose CSet: 0.0 ms]
      [Ref Proc: 0.2 ms]
      [Ref Enq: 0.0 ms]
      [Redirty Cards: 0.3 ms]
      [Humongous Register: 0.0 ms]
      [Humongous Reclaim: 0.0 ms]
      [Free CSet: 0.3 ms]
   [Eden: 278.0M(278.0M)->0.0B(263.0M) Survivors: 40.0M->40.0M Heap: 698.2M(2048.0M)->700.2M(2048.0M)]
 [Times: user=1.50 sys=0.00, real=0.19 secs] 
2020-09-29T12:21:58.833+0200: 78.988: [GC pause (G1 Evacuation Pause) (young), 0.1690820 secs]
   [Parallel Time: 167.8 ms, GC Workers: 8]
      [GC Worker Start (ms): Min: 78987.7, Avg: 78987.8, Max: 78987.9, Diff: 0.2]
      [Ext Root Scanning (ms): Min: 0.0, Avg: 0.1, Max: 0.2, Diff: 0.2, Sum: 0.5]
      [Update RS (ms): Min: 20.1, Avg: 20.4, Max: 20.9, Diff: 0.8, Sum: 162.8]
         [Processed Buffers: Min: 18, Avg: 19.6, Max: 21, Diff: 3, Sum: 157]
      [Scan RS (ms): Min: 15.0, Avg: 15.5, Max: 15.7, Diff: 0.7, Sum: 124.0]
      [Code Root Scanning (ms): Min: 0.0, Avg: 0.0, Max: 0.0, Diff: 0.0, Sum: 0.0]
      [Object Copy (ms): Min: 131.5, Avg: 131.6, Max: 131.6, Diff: 0.2, Sum: 1052.6]
      [Termination (ms): Min: 0.0, Avg: 0.1, Max: 0.1, Diff: 0.1, Sum: 0.5]
         [Termination Attempts: Min: 1, Avg: 155.8, Max: 227, Diff: 226, Sum: 1246]
      [GC Worker Other (ms): Min: 0.0, Avg: 0.0, Max: 0.0, Diff: 0.0, Sum: 0.1]
      [GC Worker Total (ms): Min: 167.5, Avg: 167.6, Max: 167.7, Diff: 0.2, Sum: 1340.6]
      [GC Worker End (ms): Min: 79155.4, Avg: 79155.4, Max: 79155.4, Diff: 0.0]
   [Code Root Fixup: 0.0 ms]
   [Code Root Purge: 0.0 ms]
   [Clear CT: 0.2 ms]
   [Other: 1.1 ms]
      [Choose CSet: 0.0 ms]
      [Ref Proc: 0.3 ms]
      [Ref Enq: 0.0 ms]
      [Redirty Cards: 0.4 ms]
      [Humongous Register: 0.0 ms]
      [Humongous Reclaim: 0.0 ms]
      [Free CSet: 0.2 ms]
   [Eden: 263.0M(263.0M)->0.0B(269.0M) Survivors: 40.0M->38.0M Heap: 1007.1M(2048.0M)->1009.1M(2048.0M)]
 [Times: user=1.22 sys=0.00, real=0.17 secs] 
2020-09-29T12:21:59.015+0200: 79.169: [GC pause (G1 Humongous Allocation) (young) (initial-mark), 0.0497984 secs]
   [Parallel Time: 48.9 ms, GC Workers: 8]
      [GC Worker Start (ms): Min: 79169.6, Avg: 79169.6, Max: 79169.6, Diff: 0.1]
      [Ext Root Scanning (ms): Min: 0.1, Avg: 0.1, Max: 0.1, Diff: 0.1, Sum: 0.7]
      [Update RS (ms): Min: 25.2, Avg: 25.4, Max: 25.8, Diff: 0.7, Sum: 202.9]
         [Processed Buffers: Min: 27, Avg: 31.1, Max: 33, Diff: 6, Sum: 249]
      [Scan RS (ms): Min: 2.3, Avg: 2.8, Max: 3.0, Diff: 0.7, Sum: 22.3]
      [Code Root Scanning (ms): Min: 0.0, Avg: 0.0, Max: 0.0, Diff: 0.0, Sum: 0.0]
      [Object Copy (ms): Min: 20.4, Avg: 20.4, Max: 20.5, Diff: 0.1, Sum: 163.5]
      [Termination (ms): Min: 0.0, Avg: 0.0, Max: 0.0, Diff: 0.0, Sum: 0.1]
         [Termination Attempts: Min: 1, Avg: 100.6, Max: 135, Diff: 134, Sum: 805]
      [GC Worker Other (ms): Min: 0.0, Avg: 0.0, Max: 0.0, Diff: 0.0, Sum: 0.1]
      [GC Worker Total (ms): Min: 48.7, Avg: 48.7, Max: 48.7, Diff: 0.1, Sum: 389.6]
      [GC Worker End (ms): Min: 79218.3, Avg: 79218.3, Max: 79218.3, Diff: 0.0]
   [Code Root Fixup: 0.0 ms]
   [Code Root Purge: 0.0 ms]
   [Clear CT: 0.1 ms]
   [Other: 0.7 ms]
      [Choose CSet: 0.0 ms]
      [Ref Proc: 0.2 ms]
      [Ref Enq: 0.0 ms]
      [Redirty Cards: 0.1 ms]
      [Humongous Register: 0.1 ms]
      [Humongous Reclaim: 0.0 ms]
      [Free CSet: 0.1 ms]
   [Eden: 7168.0K(269.0M)->0.0B(314.0M) Survivors: 38.0M->8192.0K Heap: 1015.6M(2048.0M)->1019.6M(2048.0M)]
 [Times: user=0.38 sys=0.00, real=0.05 secs] 
2020-09-29T12:21:59.064+0200: 79.219: [GC concurrent-root-region-scan-start]
2020-09-29T12:21:59.067+0200: 79.222: [GC concurrent-root-region-scan-end, 0.0021935 secs]
2020-09-29T12:21:59.067+0200: 79.222: [GC concurrent-mark-start]
2020-09-29T12:21:59.071+0200: 79.226: [GC concurrent-mark-end, 0.0044594 secs]
2020-09-29T12:21:59.073+0200: 79.227: [GC remark 2020-09-29T12:21:59.073+0200: 79.228: [Finalize Marking, 0.0002625 secs] 2020-09-29T12:21:59.073+0200: 79.228: [GC ref-proc, 0.0003967 secs] 2020-09-29T12:21:59.073+0200: 79.228: [Unloading, 0.0005197 secs], 0.0016078 secs]
 [Times: user=0.00 sys=0.00, real=0.00 secs] 
2020-09-29T12:21:59.076+0200: 79.230: [GC cleanup 1038M->34M(2048M), 0.0021314 secs]
 [Times: user=0.00 sys=0.00, real=0.00 secs] 
2020-09-29T12:21:59.078+0200: 79.233: [GC concurrent-cleanup-start]
2020-09-29T12:21:59.081+0200: 79.236: [GC concurrent-cleanup-end, 0.0031423 secs]
2020-09-29T12:21:59.245+0200: 79.400: [GC pause (G1 Evacuation Pause) (young), 0.1782864 secs]
   [Parallel Time: 177.2 ms, GC Workers: 8]
      [GC Worker Start (ms): Min: 79400.3, Avg: 79400.4, Max: 79400.5, Diff: 0.2]
      [Ext Root Scanning (ms): Min: 0.0, Avg: 0.1, Max: 0.2, Diff: 0.2, Sum: 0.4]
      [Update RS (ms): Min: 17.2, Avg: 17.3, Max: 17.5, Diff: 0.2, Sum: 138.5]
         [Processed Buffers: Min: 16, Avg: 18.5, Max: 23, Diff: 7, Sum: 148]
      [Scan RS (ms): Min: 17.7, Avg: 17.9, Max: 18.0, Diff: 0.3, Sum: 143.6]
      [Code Root Scanning (ms): Min: 0.0, Avg: 0.0, Max: 0.0, Diff: 0.0, Sum: 0.0]
      [Object Copy (ms): Min: 141.4, Avg: 141.5, Max: 141.7, Diff: 0.3, Sum: 1131.9]
      [Termination (ms): Min: 0.0, Avg: 0.2, Max: 0.2, Diff: 0.2, Sum: 1.3]
         [Termination Attempts: Min: 1, Avg: 689.4, Max: 958, Diff: 957, Sum: 5515]
      [GC Worker Other (ms): Min: 0.0, Avg: 0.0, Max: 0.0, Diff: 0.0, Sum: 0.2]
      [GC Worker Total (ms): Min: 176.9, Avg: 177.0, Max: 177.1, Diff: 0.2, Sum: 1415.9]
      [GC Worker End (ms): Min: 79577.4, Avg: 79577.4, Max: 79577.4, Diff: 0.1]
   [Code Root Fixup: 0.0 ms]
   [Code Root Purge: 0.0 ms]
   [Clear CT: 0.2 ms]
   [Other: 0.9 ms]
      [Choose CSet: 0.0 ms]
      [Ref Proc: 0.2 ms]
      [Ref Enq: 0.0 ms]
      [Redirty Cards: 0.2 ms]
      [Humongous Register: 0.0 ms]
      [Humongous Reclaim: 0.0 ms]
      [Free CSet: 0.3 ms]
   [Eden: 314.0M(314.0M)->0.0B(283.0M) Survivors: 8192.0K->41.0M Heap: 383.4M(2048.0M)->376.9M(2048.0M)]
 [Times: user=1.33 sys=0.00, real=0.18 secs] 
2020-09-29T12:21:59.594+0200: 79.749: [GC pause (G1 Evacuation Pause) (young), 0.1922250 secs]
   [Parallel Time: 190.9 ms, GC Workers: 8]
      [GC Worker Start (ms): Min: 79748.8, Avg: 79748.8, Max: 79748.9, Diff: 0.2]
      [Ext Root Scanning (ms): Min: 0.0, Avg: 0.1, Max: 0.2, Diff: 0.2, Sum: 0.6]
      [Update RS (ms): Min: 18.9, Avg: 18.9, Max: 19.1, Diff: 0.3, Sum: 151.4]
         [Processed Buffers: Min: 16, Avg: 18.9, Max: 21, Diff: 5, Sum: 151]
      [Scan RS (ms): Min: 20.1, Avg: 20.3, Max: 20.5, Diff: 0.4, Sum: 162.4]
      [Code Root Scanning (ms): Min: 0.0, Avg: 0.0, Max: 0.0, Diff: 0.0, Sum: 0.0]
      [Object Copy (ms): Min: 150.7, Avg: 150.9, Max: 151.3, Diff: 0.6, Sum: 1207.4]
      [Termination (ms): Min: 0.0, Avg: 0.4, Max: 0.5, Diff: 0.5, Sum: 3.2]
         [Termination Attempts: Min: 1, Avg: 2506.9, Max: 3187, Diff: 3186, Sum: 20055]
      [GC Worker Other (ms): Min: 0.0, Avg: 0.0, Max: 0.1, Diff: 0.1, Sum: 0.3]
      [GC Worker Total (ms): Min: 190.6, Avg: 190.7, Max: 190.8, Diff: 0.2, Sum: 1525.5]
      [GC Worker End (ms): Min: 79939.5, Avg: 79939.5, Max: 79939.6, Diff: 0.1]
   [Code Root Fixup: 0.0 ms]
   [Code Root Purge: 0.0 ms]
   [Clear CT: 0.3 ms]
   [Other: 1.0 ms]
      [Choose CSet: 0.0 ms]
      [Ref Proc: 0.1 ms]
      [Ref Enq: 0.0 ms]
      [Redirty Cards: 0.2 ms]
      [Humongous Register: 0.0 ms]
      [Humongous Reclaim: 0.0 ms]
      [Free CSet: 0.4 ms]
   [Eden: 283.0M(283.0M)->0.0B(266.0M) Survivors: 41.0M->41.0M Heap: 707.6M(2048.0M)->709.6M(2048.0M)]
 [Times: user=1.42 sys=0.05, real=0.19 secs] 
2020-09-29T12:21:59.939+0200: 80.094: [GC pause (G1 Evacuation Pause) (young), 0.1789192 secs]
   [Parallel Time: 177.8 ms, GC Workers: 8]
      [GC Worker Start (ms): Min: 80093.9, Avg: 80094.0, Max: 80094.1, Diff: 0.2]
      [Ext Root Scanning (ms): Min: 0.0, Avg: 0.1, Max: 0.2, Diff: 0.2, Sum: 0.6]
      [Update RS (ms): Min: 22.6, Avg: 22.8, Max: 23.0, Diff: 0.4, Sum: 182.7]
         [Processed Buffers: Min: 17, Avg: 21.0, Max: 25, Diff: 8, Sum: 168]
      [Scan RS (ms): Min: 18.0, Avg: 18.3, Max: 18.6, Diff: 0.5, Sum: 146.3]
      [Code Root Scanning (ms): Min: 0.0, Avg: 0.0, Max: 0.0, Diff: 0.0, Sum: 0.0]
      [Object Copy (ms): Min: 136.1, Avg: 136.3, Max: 136.4, Diff: 0.3, Sum: 1090.0]
      [Termination (ms): Min: 0.0, Avg: 0.1, Max: 0.1, Diff: 0.1, Sum: 0.8]
         [Termination Attempts: Min: 1, Avg: 648.1, Max: 803, Diff: 802, Sum: 5185]
      [GC Worker Other (ms): Min: 0.0, Avg: 0.0, Max: 0.1, Diff: 0.0, Sum: 0.3]
      [GC Worker Total (ms): Min: 177.5, Avg: 177.6, Max: 177.7, Diff: 0.2, Sum: 1420.6]
      [GC Worker End (ms): Min: 80271.6, Avg: 80271.6, Max: 80271.6, Diff: 0.0]
   [Code Root Fixup: 0.0 ms]
   [Code Root Purge: 0.0 ms]
   [Clear CT: 0.1 ms]
   [Other: 0.9 ms]
      [Choose CSet: 0.0 ms]
      [Ref Proc: 0.1 ms]
      [Ref Enq: 0.0 ms]
      [Redirty Cards: 0.3 ms]
      [Humongous Register: 0.0 ms]
      [Humongous Reclaim: 0.0 ms]
      [Free CSet: 0.3 ms]
   [Eden: 266.0M(266.0M)->0.0B(264.0M) Survivors: 41.0M->39.0M Heap: 1019.5M(2048.0M)->1022.0M(2048.0M)]
 [Times: user=1.48 sys=0.00, real=0.18 secs] 
2020-09-29T12:22:00.130+0200: 80.285: [GC pause (G1 Humongous Allocation) (young) (initial-mark), 0.0492081 secs]
   [Parallel Time: 48.1 ms, GC Workers: 8]
      [GC Worker Start (ms): Min: 80285.0, Avg: 80285.1, Max: 80285.1, Diff: 0.1]
      [Ext Root Scanning (ms): Min: 0.0, Avg: 0.1, Max: 0.1, Diff: 0.1, Sum: 0.7]
      [Update RS (ms): Min: 26.0, Avg: 26.2, Max: 26.6, Diff: 0.6, Sum: 209.9]
         [Processed Buffers: Min: 28, Avg: 32.5, Max: 35, Diff: 7, Sum: 260]
      [Scan RS (ms): Min: 2.2, Avg: 2.5, Max: 2.7, Diff: 0.5, Sum: 19.9]
      [Code Root Scanning (ms): Min: 0.0, Avg: 0.0, Max: 0.0, Diff: 0.0, Sum: 0.0]
      [Object Copy (ms): Min: 19.0, Avg: 19.1, Max: 19.1, Diff: 0.1, Sum: 152.5]
      [Termination (ms): Min: 0.0, Avg: 0.0, Max: 0.0, Diff: 0.0, Sum: 0.0]
         [Termination Attempts: Min: 1, Avg: 17.0, Max: 23, Diff: 22, Sum: 136]
      [GC Worker Other (ms): Min: 0.0, Avg: 0.0, Max: 0.0, Diff: 0.0, Sum: 0.1]
      [GC Worker Total (ms): Min: 47.9, Avg: 47.9, Max: 47.9, Diff: 0.1, Sum: 383.2]
      [GC Worker End (ms): Min: 80332.9, Avg: 80332.9, Max: 80333.0, Diff: 0.0]
   [Code Root Fixup: 0.0 ms]
   [Code Root Purge: 0.0 ms]
   [Clear CT: 0.2 ms]
   [Other: 0.9 ms]
      [Choose CSet: 0.0 ms]
      [Ref Proc: 0.3 ms]
      [Ref Enq: 0.0 ms]
      [Redirty Cards: 0.2 ms]
      [Humongous Register: 0.1 ms]
      [Humongous Reclaim: 0.0 ms]
      [Free CSet: 0.1 ms]
   [Eden: 7168.0K(264.0M)->0.0B(313.0M) Survivors: 39.0M->9216.0K Heap: 1029.0M(2048.0M)->1032.5M(2048.0M)]
 [Times: user=0.38 sys=0.00, real=0.05 secs] 
2020-09-29T12:22:00.179+0200: 80.334: [GC concurrent-root-region-scan-start]
2020-09-29T12:22:00.182+0200: 80.337: [GC concurrent-root-region-scan-end, 0.0025206 secs]
2020-09-29T12:22:00.182+0200: 80.337: [GC concurrent-mark-start]
2020-09-29T12:22:00.186+0200: 80.341: [GC concurrent-mark-end, 0.0040675 secs]
2020-09-29T12:22:00.186+0200: 80.341: [GC remark 2020-09-29T12:22:00.186+0200: 80.341: [Finalize Marking, 0.0002980 secs] 2020-09-29T12:22:00.187+0200: 80.341: [GC ref-proc, 0.0004288 secs] 2020-09-29T12:22:00.187+0200: 80.342: [Unloading, 0.0005603 secs], 0.0016631 secs]
 [Times: user=0.00 sys=0.00, real=0.00 secs] 
2020-09-29T12:22:00.188+0200: 80.343: [GC cleanup 1047M->31M(2048M), 0.0021184 secs]
 [Times: user=0.00 sys=0.00, real=0.00 secs] 
2020-09-29T12:22:00.190+0200: 80.345: [GC concurrent-cleanup-start]
2020-09-29T12:22:00.192+0200: 80.347: [GC concurrent-cleanup-end, 0.0018614 secs]
2020-09-29T12:22:00.354+0200: 80.509: [GC pause (G1 Evacuation Pause) (young), 0.1720685 secs]
   [Parallel Time: 170.9 ms, GC Workers: 8]
      [GC Worker Start (ms): Min: 80509.2, Avg: 80509.4, Max: 80509.4, Diff: 0.2]
      [Ext Root Scanning (ms): Min: 0.0, Avg: 0.1, Max: 0.2, Diff: 0.2, Sum: 0.5]
      [Update RS (ms): Min: 13.6, Avg: 13.8, Max: 14.0, Diff: 0.4, Sum: 110.2]
         [Processed Buffers: Min: 12, Avg: 14.3, Max: 17, Diff: 5, Sum: 114]
      [Scan RS (ms): Min: 20.2, Avg: 20.4, Max: 20.7, Diff: 0.5, Sum: 163.5]
      [Code Root Scanning (ms): Min: 0.0, Avg: 0.0, Max: 0.0, Diff: 0.0, Sum: 0.0]
      [Object Copy (ms): Min: 136.2, Avg: 136.3, Max: 136.4, Diff: 0.2, Sum: 1090.8]
      [Termination (ms): Min: 0.0, Avg: 0.0, Max: 0.0, Diff: 0.0, Sum: 0.3]
         [Termination Attempts: Min: 1, Avg: 245.9, Max: 310, Diff: 309, Sum: 1967]
      [GC Worker Other (ms): Min: 0.0, Avg: 0.0, Max: 0.1, Diff: 0.0, Sum: 0.3]
      [GC Worker Total (ms): Min: 170.6, Avg: 170.7, Max: 170.8, Diff: 0.2, Sum: 1365.4]
      [GC Worker End (ms): Min: 80680.0, Avg: 80680.0, Max: 80680.1, Diff: 0.0]
   [Code Root Fixup: 0.0 ms]
   [Code Root Purge: 0.0 ms]
   [Clear CT: 0.2 ms]
   [Other: 1.0 ms]
      [Choose CSet: 0.0 ms]
      [Ref Proc: 0.2 ms]
      [Ref Enq: 0.0 ms]
      [Redirty Cards: 0.2 ms]
      [Humongous Register: 0.0 ms]
      [Humongous Reclaim: 0.0 ms]
      [Free CSet: 0.3 ms]
   [Eden: 313.0M(313.0M)->0.0B(282.0M) Survivors: 9216.0K->41.0M Heap: 382.9M(2048.0M)->376.4M(2048.0M)]
 [Times: user=1.38 sys=0.00, real=0.17 secs] 
2020-09-29T12:22:00.715+0200: 80.871: [GC pause (G1 Evacuation Pause) (young), 0.3342872 secs]
   [Parallel Time: 332.2 ms, GC Workers: 8]
      [GC Worker Start (ms): Min: 80870.8, Avg: 80871.0, Max: 80871.1, Diff: 0.3]
      [Ext Root Scanning (ms): Min: 0.0, Avg: 0.1, Max: 0.3, Diff: 0.3, Sum: 0.8]
      [Update RS (ms): Min: 27.8, Avg: 28.4, Max: 29.2, Diff: 1.4, Sum: 227.2]
         [Processed Buffers: Min: 13, Avg: 15.0, Max: 18, Diff: 5, Sum: 120]
      [Scan RS (ms): Min: 35.1, Avg: 36.0, Max: 36.8, Diff: 1.7, Sum: 287.7]
      [Code Root Scanning (ms): Min: 0.0, Avg: 0.0, Max: 0.0, Diff: 0.0, Sum: 0.0]
      [Object Copy (ms): Min: 267.0, Avg: 267.2, Max: 267.4, Diff: 0.4, Sum: 2137.8]
      [Termination (ms): Min: 0.0, Avg: 0.1, Max: 0.1, Diff: 0.1, Sum: 0.7]
         [Termination Attempts: Min: 1, Avg: 309.8, Max: 400, Diff: 399, Sum: 2478]
      [GC Worker Other (ms): Min: 0.0, Avg: 0.1, Max: 0.1, Diff: 0.1, Sum: 0.5]
      [GC Worker Total (ms): Min: 331.7, Avg: 331.9, Max: 332.0, Diff: 0.4, Sum: 2654.9]
      [GC Worker End (ms): Min: 81202.8, Avg: 81202.8, Max: 81202.9, Diff: 0.1]
   [Code Root Fixup: 0.0 ms]
   [Code Root Purge: 0.0 ms]
   [Clear CT: 0.5 ms]
   [Other: 1.7 ms]
      [Choose CSet: 0.0 ms]
      [Ref Proc: 0.3 ms]
      [Ref Enq: 0.0 ms]
      [Redirty Cards: 0.6 ms]
      [Humongous Register: 0.1 ms]
      [Humongous Reclaim: 0.0 ms]
      [Free CSet: 0.4 ms]
   [Eden: 282.0M(282.0M)->0.0B(146.0M) Survivors: 41.0M->41.0M Heap: 704.2M(2048.0M)->706.7M(2048.0M)]
 [Times: user=2.59 sys=0.00, real=0.34 secs] 
2020-09-29T12:22:01.215+0200: 81.371: [GC pause (G1 Evacuation Pause) (young), 0.1918616 secs]
   [Parallel Time: 190.5 ms, GC Workers: 8]
      [GC Worker Start (ms): Min: 81371.1, Avg: 81371.2, Max: 81371.3, Diff: 0.2]
      [Ext Root Scanning (ms): Min: 0.0, Avg: 0.1, Max: 0.2, Diff: 0.2, Sum: 1.0]
      [Update RS (ms): Min: 26.7, Avg: 26.9, Max: 27.4, Diff: 0.7, Sum: 215.3]
         [Processed Buffers: Min: 13, Avg: 14.9, Max: 17, Diff: 4, Sum: 119]
      [Scan RS (ms): Min: 14.4, Avg: 14.9, Max: 15.1, Diff: 0.7, Sum: 119.0]
      [Code Root Scanning (ms): Min: 0.0, Avg: 0.0, Max: 0.0, Diff: 0.0, Sum: 0.0]
      [Object Copy (ms): Min: 148.1, Avg: 148.2, Max: 148.3, Diff: 0.2, Sum: 1185.9]
      [Termination (ms): Min: 0.0, Avg: 0.0, Max: 0.0, Diff: 0.0, Sum: 0.1]
         [Termination Attempts: Min: 1, Avg: 46.6, Max: 61, Diff: 60, Sum: 373]
      [GC Worker Other (ms): Min: 0.0, Avg: 0.0, Max: 0.1, Diff: 0.0, Sum: 0.3]
      [GC Worker Total (ms): Min: 190.1, Avg: 190.2, Max: 190.3, Diff: 0.2, Sum: 1521.5]
      [GC Worker End (ms): Min: 81561.3, Avg: 81561.4, Max: 81561.4, Diff: 0.0]
   [Code Root Fixup: 0.0 ms]
   [Code Root Purge: 0.0 ms]
   [Clear CT: 0.2 ms]
   [Other: 1.2 ms]
      [Choose CSet: 0.0 ms]
      [Ref Proc: 0.2 ms]
      [Ref Enq: 0.0 ms]
      [Redirty Cards: 0.4 ms]
      [Humongous Register: 0.1 ms]
      [Humongous Reclaim: 0.0 ms]
      [Free CSet: 0.2 ms]
   [Eden: 146.0M(146.0M)->0.0B(141.0M) Survivors: 41.0M->24.0M Heap: 877.5M(2048.0M)->879.5M(2048.0M)]
 [Times: user=1.48 sys=0.00, real=0.19 secs] 
2020-09-29T12:22:01.550+0200: 81.706: [GC pause (G1 Evacuation Pause) (young), 0.1803885 secs]
   [Parallel Time: 178.9 ms, GC Workers: 8]
      [GC Worker Start (ms): Min: 81706.0, Avg: 81706.1, Max: 81706.3, Diff: 0.3]
      [Ext Root Scanning (ms): Min: 0.0, Avg: 0.1, Max: 0.3, Diff: 0.3, Sum: 1.0]
      [Update RS (ms): Min: 26.2, Avg: 26.4, Max: 26.7, Diff: 0.4, Sum: 211.5]
         [Processed Buffers: Min: 15, Avg: 16.6, Max: 20, Diff: 5, Sum: 133]
      [Scan RS (ms): Min: 10.9, Avg: 11.1, Max: 11.3, Diff: 0.5, Sum: 89.0]
      [Code Root Scanning (ms): Min: 0.0, Avg: 0.0, Max: 0.0, Diff: 0.0, Sum: 0.0]
      [Object Copy (ms): Min: 140.6, Avg: 140.7, Max: 140.9, Diff: 0.3, Sum: 1125.8]
      [Termination (ms): Min: 0.0, Avg: 0.1, Max: 0.1, Diff: 0.1, Sum: 0.7]
         [Termination Attempts: Min: 1, Avg: 295.5, Max: 362, Diff: 361, Sum: 2364]
      [GC Worker Other (ms): Min: 0.0, Avg: 0.0, Max: 0.1, Diff: 0.1, Sum: 0.3]
      [GC Worker Total (ms): Min: 178.4, Avg: 178.5, Max: 178.7, Diff: 0.3, Sum: 1428.4]
      [GC Worker End (ms): Min: 81884.7, Avg: 81884.7, Max: 81884.7, Diff: 0.0]
   [Code Root Fixup: 0.0 ms]
   [Code Root Purge: 0.0 ms]
   [Clear CT: 0.3 ms]
   [Other: 1.2 ms]
      [Choose CSet: 0.0 ms]
      [Ref Proc: 0.3 ms]
      [Ref Enq: 0.0 ms]
      [Redirty Cards: 0.4 ms]
      [Humongous Register: 0.1 ms]
      [Humongous Reclaim: 0.0 ms]
      [Free CSet: 0.3 ms]
   [Eden: 141.0M(141.0M)->0.0B(135.0M) Survivors: 24.0M->21.0M Heap: 1045.3M(2048.0M)->1047.3M(2048.0M)]
 [Times: user=1.41 sys=0.01, real=0.18 secs] 
2020-09-29T12:22:01.755+0200: 81.911: [GC pause (G1 Humongous Allocation) (young) (initial-mark), 0.0518709 secs]
   [Parallel Time: 50.4 ms, GC Workers: 8]
      [GC Worker Start (ms): Min: 81911.0, Avg: 81911.2, Max: 81911.3, Diff: 0.4]
      [Ext Root Scanning (ms): Min: 0.0, Avg: 0.6, Max: 0.9, Diff: 0.9, Sum: 4.8]
      [Update RS (ms): Min: 19.9, Avg: 20.6, Max: 21.2, Diff: 1.3, Sum: 164.6]
         [Processed Buffers: Min: 13, Avg: 14.5, Max: 16, Diff: 3, Sum: 116]
      [Scan RS (ms): Min: 2.6, Avg: 2.7, Max: 2.9, Diff: 0.4, Sum: 21.7]
      [Code Root Scanning (ms): Min: 0.0, Avg: 0.0, Max: 0.0, Diff: 0.0, Sum: 0.0]
      [Object Copy (ms): Min: 25.8, Avg: 26.0, Max: 26.0, Diff: 0.2, Sum: 207.6]
      [Termination (ms): Min: 0.0, Avg: 0.0, Max: 0.0, Diff: 0.0, Sum: 0.0]
         [Termination Attempts: Min: 1, Avg: 1.5, Max: 2, Diff: 1, Sum: 12]
      [GC Worker Other (ms): Min: 0.0, Avg: 0.0, Max: 0.0, Diff: 0.0, Sum: 0.2]
      [GC Worker Total (ms): Min: 49.7, Avg: 49.9, Max: 50.1, Diff: 0.3, Sum: 398.9]
      [GC Worker End (ms): Min: 81961.0, Avg: 81961.0, Max: 81961.0, Diff: 0.0]
   [Code Root Fixup: 0.0 ms]
   [Code Root Purge: 0.0 ms]
   [Clear CT: 0.3 ms]
   [Other: 1.2 ms]
      [Choose CSet: 0.0 ms]
      [Ref Proc: 0.3 ms]
      [Ref Enq: 0.0 ms]
      [Redirty Cards: 0.3 ms]
      [Humongous Register: 0.1 ms]
      [Humongous Reclaim: 0.0 ms]
      [Free CSet: 0.1 ms]
   [Eden: 11.0M(135.0M)->0.0B(158.0M) Survivors: 21.0M->13.0M Heap: 1058.3M(2048.0M)->1062.3M(2048.0M)]
 [Times: user=0.38 sys=0.00, real=0.05 secs] 
2020-09-29T12:22:01.807+0200: 81.963: [GC concurrent-root-region-scan-start]
2020-09-29T12:22:01.814+0200: 81.969: [GC concurrent-root-region-scan-end, 0.0065301 secs]
2020-09-29T12:22:01.814+0200: 81.969: [GC concurrent-mark-start]
2020-09-29T12:22:01.819+0200: 81.975: [GC concurrent-mark-end, 0.0055700 secs]
2020-09-29T12:22:01.820+0200: 81.975: [GC remark 2020-09-29T12:22:01.820+0200: 81.975: [Finalize Marking, 0.0003672 secs] 2020-09-29T12:22:01.820+0200: 81.976: [GC ref-proc, 0.0006442 secs] 2020-09-29T12:22:01.821+0200: 81.976: [Unloading, 0.0008066 secs], 0.0023454 secs]
 [Times: user=0.00 sys=0.00, real=0.00 secs] 
2020-09-29T12:22:01.823+0200: 81.978: [GC cleanup 1078M->36M(2048M), 0.0025174 secs]
 [Times: user=0.00 sys=0.00, real=0.00 secs] 
2020-09-29T12:22:01.825+0200: 81.981: [GC concurrent-cleanup-start]
2020-09-29T12:22:01.828+0200: 81.983: [GC concurrent-cleanup-end, 0.0025545 secs]
2020-09-29T12:22:01.969+0200: 82.125: [GC pause (G1 Evacuation Pause) (young), 0.2477053 secs]
   [Parallel Time: 244.5 ms, GC Workers: 8]
      [GC Worker Start (ms): Min: 82126.3, Avg: 82126.4, Max: 82126.6, Diff: 0.3]
      [Ext Root Scanning (ms): Min: 0.0, Avg: 0.1, Max: 0.2, Diff: 0.2, Sum: 1.0]
      [Update RS (ms): Min: 17.6, Avg: 19.9, Max: 31.5, Diff: 13.9, Sum: 159.5]
         [Processed Buffers: Min: 0, Avg: 10.3, Max: 14, Diff: 14, Sum: 82]
      [Scan RS (ms): Min: 1.3, Avg: 16.8, Max: 45.1, Diff: 43.8, Sum: 134.3]
      [Code Root Scanning (ms): Min: 0.0, Avg: 0.0, Max: 0.0, Diff: 0.0, Sum: 0.0]
      [Object Copy (ms): Min: 180.5, Avg: 206.6, Max: 210.4, Diff: 30.0, Sum: 1652.7]
      [Termination (ms): Min: 0.0, Avg: 0.7, Max: 1.0, Diff: 1.0, Sum: 5.6]
         [Termination Attempts: Min: 1, Avg: 2710.8, Max: 3397, Diff: 3396, Sum: 21686]
      [GC Worker Other (ms): Min: 0.0, Avg: 0.1, Max: 0.1, Diff: 0.1, Sum: 0.4]
      [GC Worker Total (ms): Min: 244.0, Avg: 244.2, Max: 244.3, Diff: 0.3, Sum: 1953.6]
      [GC Worker End (ms): Min: 82370.6, Avg: 82370.6, Max: 82370.7, Diff: 0.1]
   [Code Root Fixup: 0.0 ms]
   [Code Root Purge: 0.0 ms]
   [Clear CT: 0.4 ms]
   [Other: 2.8 ms]
      [Choose CSet: 0.0 ms]
      [Ref Proc: 0.2 ms]
      [Ref Enq: 0.0 ms]
      [Redirty Cards: 0.3 ms]
      [Humongous Register: 0.9 ms]
      [Humongous Reclaim: 0.0 ms]
      [Free CSet: 0.3 ms]
   [Eden: 158.0M(158.0M)->0.0B(110.0M) Survivors: 13.0M->22.0M Heap: 205.7M(2048.0M)->195.2M(2048.0M)]
 [Times: user=1.81 sys=0.00, real=0.25 secs] 
2020-09-29T12:22:02.344+0200: 82.500: [GC pause (G1 Evacuation Pause) (young), 0.1465247 secs]
   [Parallel Time: 144.9 ms, GC Workers: 8]
      [GC Worker Start (ms): Min: 82499.7, Avg: 82499.8, Max: 82500.0, Diff: 0.2]
      [Ext Root Scanning (ms): Min: 0.0, Avg: 0.1, Max: 0.2, Diff: 0.2, Sum: 0.9]
      [Update RS (ms): Min: 18.2, Avg: 18.7, Max: 20.5, Diff: 2.3, Sum: 149.5]
         [Processed Buffers: Min: 9, Avg: 11.3, Max: 14, Diff: 5, Sum: 90]
      [Scan RS (ms): Min: 8.8, Avg: 10.7, Max: 11.2, Diff: 2.4, Sum: 85.4]
      [Code Root Scanning (ms): Min: 0.0, Avg: 0.0, Max: 0.0, Diff: 0.0, Sum: 0.0]
      [Object Copy (ms): Min: 114.6, Avg: 114.8, Max: 115.0, Diff: 0.4, Sum: 918.4]
      [Termination (ms): Min: 0.1, Avg: 0.3, Max: 0.3, Diff: 0.3, Sum: 2.0]
         [Termination Attempts: Min: 1, Avg: 719.0, Max: 872, Diff: 871, Sum: 5752]
      [GC Worker Other (ms): Min: 0.0, Avg: 0.0, Max: 0.0, Diff: 0.0, Sum: 0.2]
      [GC Worker Total (ms): Min: 144.5, Avg: 144.6, Max: 144.7, Diff: 0.2, Sum: 1156.5]
      [GC Worker End (ms): Min: 82644.4, Avg: 82644.4, Max: 82644.4, Diff: 0.0]
   [Code Root Fixup: 0.0 ms]
   [Code Root Purge: 0.0 ms]
   [Clear CT: 0.4 ms]
   [Other: 1.3 ms]
      [Choose CSet: 0.0 ms]
      [Ref Proc: 0.3 ms]
      [Ref Enq: 0.0 ms]
      [Redirty Cards: 0.4 ms]
      [Humongous Register: 0.1 ms]
      [Humongous Reclaim: 0.0 ms]
      [Free CSet: 0.2 ms]
   [Eden: 110.0M(110.0M)->0.0B(122.0M) Survivors: 22.0M->17.0M Heap: 324.3M(2048.0M)->326.3M(2048.0M)]
 [Times: user=1.19 sys=0.00, real=0.15 secs] 
2020-09-29T12:22:02.608+0200: 82.764: [GC pause (G1 Evacuation Pause) (young), 0.1730770 secs]
   [Parallel Time: 171.4 ms, GC Workers: 8]
      [GC Worker Start (ms): Min: 82763.8, Avg: 82763.9, Max: 82764.0, Diff: 0.2]
      [Ext Root Scanning (ms): Min: 0.0, Avg: 0.1, Max: 0.2, Diff: 0.2, Sum: 0.8]
      [Update RS (ms): Min: 19.5, Avg: 20.8, Max: 30.0, Diff: 10.5, Sum: 166.5]
         [Processed Buffers: Min: 0, Avg: 12.3, Max: 17, Diff: 17, Sum: 98]
      [Scan RS (ms): Min: 0.1, Avg: 9.6, Max: 12.9, Diff: 12.8, Sum: 76.5]
      [Code Root Scanning (ms): Min: 0.0, Avg: 0.0, Max: 0.0, Diff: 0.0, Sum: 0.0]
      [Object Copy (ms): Min: 138.5, Avg: 140.5, Max: 140.9, Diff: 2.5, Sum: 1123.7]
      [Termination (ms): Min: 0.0, Avg: 0.1, Max: 0.1, Diff: 0.1, Sum: 0.8]
         [Termination Attempts: Min: 1, Avg: 364.5, Max: 467, Diff: 466, Sum: 2916]
      [GC Worker Other (ms): Min: 0.0, Avg: 0.0, Max: 0.1, Diff: 0.0, Sum: 0.3]
      [GC Worker Total (ms): Min: 171.0, Avg: 171.1, Max: 171.2, Diff: 0.2, Sum: 1368.7]
      [GC Worker End (ms): Min: 82935.0, Avg: 82935.0, Max: 82935.0, Diff: 0.0]
   [Code Root Fixup: 0.0 ms]
   [Code Root Purge: 0.0 ms]
   [Clear CT: 0.3 ms]
   [Other: 1.3 ms]
      [Choose CSet: 0.0 ms]
      [Ref Proc: 0.4 ms]
      [Ref Enq: 0.0 ms]
      [Redirty Cards: 0.3 ms]
      [Humongous Register: 0.1 ms]
      [Humongous Reclaim: 0.0 ms]
      [Free CSet: 0.2 ms]
   [Eden: 122.0M(122.0M)->0.0B(123.0M) Survivors: 17.0M->18.0M Heap: 469.3M(2048.0M)->471.3M(2048.0M)]
 [Times: user=1.31 sys=0.02, real=0.17 secs] 
2020-09-29T12:22:02.904+0200: 83.060: [GC pause (G1 Evacuation Pause) (young), 0.1506006 secs]
   [Parallel Time: 148.5 ms, GC Workers: 8]
      [GC Worker Start (ms): Min: 83059.7, Avg: 83059.8, Max: 83059.9, Diff: 0.3]
      [Ext Root Scanning (ms): Min: 0.0, Avg: 0.1, Max: 0.3, Diff: 0.3, Sum: 0.8]
      [Update RS (ms): Min: 19.4, Avg: 20.1, Max: 20.5, Diff: 1.1, Sum: 160.7]
         [Processed Buffers: Min: 10, Avg: 11.5, Max: 14, Diff: 4, Sum: 92]
      [Scan RS (ms): Min: 10.8, Avg: 11.4, Max: 12.1, Diff: 1.3, Sum: 90.8]
      [Code Root Scanning (ms): Min: 0.0, Avg: 0.0, Max: 0.0, Diff: 0.0, Sum: 0.0]
      [Object Copy (ms): Min: 115.7, Avg: 116.5, Max: 116.7, Diff: 1.0, Sum: 932.0]
      [Termination (ms): Min: 0.0, Avg: 0.0, Max: 0.0, Diff: 0.0, Sum: 0.2]
         [Termination Attempts: Min: 1, Avg: 81.3, Max: 103, Diff: 102, Sum: 650]
      [GC Worker Other (ms): Min: 0.0, Avg: 0.0, Max: 0.0, Diff: 0.0, Sum: 0.2]
      [GC Worker Total (ms): Min: 148.0, Avg: 148.1, Max: 148.2, Diff: 0.3, Sum: 1184.7]
      [GC Worker End (ms): Min: 83207.9, Avg: 83207.9, Max: 83207.9, Diff: 0.0]
   [Code Root Fixup: 0.0 ms]
   [Code Root Purge: 0.0 ms]
   [Clear CT: 0.2 ms]
   [Other: 1.8 ms]
      [Choose CSet: 0.0 ms]
      [Ref Proc: 0.3 ms]
      [Ref Enq: 0.0 ms]
      [Redirty Cards: 1.0 ms]
      [Humongous Register: 0.1 ms]
      [Humongous Reclaim: 0.0 ms]
      [Free CSet: 0.2 ms]
   [Eden: 123.0M(123.0M)->0.0B(131.0M) Survivors: 18.0M->18.0M Heap: 613.3M(2048.0M)->615.3M(2048.0M)]
 [Times: user=1.22 sys=0.00, real=0.15 secs] 
2020-09-29T12:22:03.181+0200: 83.337: [GC pause (G1 Evacuation Pause) (young), 0.1583593 secs]
   [Parallel Time: 156.8 ms, GC Workers: 8]
      [GC Worker Start (ms): Min: 83336.7, Avg: 83336.9, Max: 83337.0, Diff: 0.3]
      [Ext Root Scanning (ms): Min: 0.0, Avg: 0.1, Max: 0.3, Diff: 0.3, Sum: 0.8]
      [Update RS (ms): Min: 19.3, Avg: 19.7, Max: 20.2, Diff: 0.9, Sum: 157.5]
         [Processed Buffers: Min: 11, Avg: 12.4, Max: 17, Diff: 6, Sum: 99]
      [Scan RS (ms): Min: 12.3, Avg: 12.9, Max: 13.4, Diff: 1.1, Sum: 103.3]
      [Code Root Scanning (ms): Min: 0.0, Avg: 0.0, Max: 0.0, Diff: 0.0, Sum: 0.0]
      [Object Copy (ms): Min: 123.4, Avg: 123.6, Max: 123.8, Diff: 0.4, Sum: 988.6]
      [Termination (ms): Min: 0.0, Avg: 0.1, Max: 0.1, Diff: 0.1, Sum: 0.9]
         [Termination Attempts: Min: 1, Avg: 410.9, Max: 505, Diff: 504, Sum: 3287]
      [GC Worker Other (ms): Min: 0.0, Avg: 0.0, Max: 0.1, Diff: 0.0, Sum: 0.3]
      [GC Worker Total (ms): Min: 156.3, Avg: 156.4, Max: 156.6, Diff: 0.3, Sum: 1251.4]
      [GC Worker End (ms): Min: 83493.3, Avg: 83493.3, Max: 83493.3, Diff: 0.0]
   [Code Root Fixup: 0.0 ms]
   [Code Root Purge: 0.0 ms]
   [Clear CT: 0.4 ms]
   [Other: 1.1 ms]
      [Choose CSet: 0.0 ms]
      [Ref Proc: 0.3 ms]
      [Ref Enq: 0.0 ms]
      [Redirty Cards: 0.3 ms]
      [Humongous Register: 0.1 ms]
      [Humongous Reclaim: 0.0 ms]
      [Free CSet: 0.2 ms]
   [Eden: 131.0M(131.0M)->0.0B(139.0M) Survivors: 18.0M->19.0M Heap: 769.2M(2048.0M)->771.2M(2048.0M)]
 [Times: user=1.25 sys=0.00, real=0.16 secs] 
2020-09-29T12:22:03.472+0200: 83.627: [GC pause (G1 Evacuation Pause) (young), 0.1723011 secs]
   [Parallel Time: 170.8 ms, GC Workers: 8]
      [GC Worker Start (ms): Min: 83627.5, Avg: 83627.6, Max: 83627.7, Diff: 0.2]
      [Ext Root Scanning (ms): Min: 0.0, Avg: 0.1, Max: 0.2, Diff: 0.2, Sum: 0.8]
      [Update RS (ms): Min: 20.8, Avg: 21.8, Max: 27.2, Diff: 6.4, Sum: 174.1]
         [Processed Buffers: Min: 10, Avg: 12.9, Max: 15, Diff: 5, Sum: 103]
      [Scan RS (ms): Min: 6.7, Avg: 12.2, Max: 13.2, Diff: 6.5, Sum: 97.9]
      [Code Root Scanning (ms): Min: 0.0, Avg: 0.0, Max: 0.0, Diff: 0.0, Sum: 0.0]
      [Object Copy (ms): Min: 136.0, Avg: 136.1, Max: 136.2, Diff: 0.2, Sum: 1088.8]
      [Termination (ms): Min: 0.0, Avg: 0.1, Max: 0.1, Diff: 0.1, Sum: 0.6]
         [Termination Attempts: Min: 1, Avg: 253.0, Max: 329, Diff: 328, Sum: 2024]
      [GC Worker Other (ms): Min: 0.0, Avg: 0.0, Max: 0.1, Diff: 0.1, Sum: 0.4]
      [GC Worker Total (ms): Min: 170.2, Avg: 170.3, Max: 170.5, Diff: 0.2, Sum: 1362.6]
      [GC Worker End (ms): Min: 83797.9, Avg: 83797.9, Max: 83798.0, Diff: 0.1]
   [Code Root Fixup: 0.0 ms]
   [Code Root Purge: 0.0 ms]
   [Clear CT: 0.3 ms]
   [Other: 1.2 ms]
      [Choose CSet: 0.0 ms]
      [Ref Proc: 0.3 ms]
      [Ref Enq: 0.0 ms]
      [Redirty Cards: 0.3 ms]
      [Humongous Register: 0.1 ms]
      [Humongous Reclaim: 0.0 ms]
      [Free CSet: 0.2 ms]
   [Eden: 139.0M(139.0M)->0.0B(144.0M) Survivors: 19.0M->20.0M Heap: 933.1M(2048.0M)->935.6M(2048.0M)]
 [Times: user=1.38 sys=0.00, real=0.17 secs] 
2020-09-29T12:22:03.667+0200: 83.823: [GC pause (G1 Humongous Allocation) (young) (initial-mark), 0.0469423 secs]
   [Parallel Time: 45.4 ms, GC Workers: 8]
      [GC Worker Start (ms): Min: 83822.8, Avg: 83823.0, Max: 83823.1, Diff: 0.3]
      [Ext Root Scanning (ms): Min: 0.0, Avg: 2.2, Max: 15.4, Diff: 15.4, Sum: 17.8]
      [Update RS (ms): Min: 3.2, Avg: 17.2, Max: 19.6, Diff: 16.4, Sum: 137.6]
         [Processed Buffers: Min: 4, Avg: 12.0, Max: 14, Diff: 10, Sum: 96]
      [Scan RS (ms): Min: 2.0, Avg: 2.8, Max: 3.4, Diff: 1.4, Sum: 22.0]
      [Code Root Scanning (ms): Min: 0.0, Avg: 0.0, Max: 0.0, Diff: 0.0, Sum: 0.0]
      [Object Copy (ms): Min: 22.8, Avg: 22.8, Max: 22.9, Diff: 0.1, Sum: 182.5]
      [Termination (ms): Min: 0.0, Avg: 0.0, Max: 0.0, Diff: 0.0, Sum: 0.3]
         [Termination Attempts: Min: 1, Avg: 111.3, Max: 145, Diff: 144, Sum: 890]
      [GC Worker Other (ms): Min: 0.0, Avg: 0.1, Max: 0.2, Diff: 0.2, Sum: 0.5]
      [GC Worker Total (ms): Min: 44.9, Avg: 45.1, Max: 45.3, Diff: 0.4, Sum: 360.7]
      [GC Worker End (ms): Min: 83868.0, Avg: 83868.1, Max: 83868.2, Diff: 0.2]
   [Code Root Fixup: 0.0 ms]
   [Code Root Purge: 0.0 ms]
   [Clear CT: 0.4 ms]
   [Other: 1.1 ms]
      [Choose CSet: 0.0 ms]
      [Ref Proc: 0.2 ms]
      [Ref Enq: 0.0 ms]
      [Redirty Cards: 0.3 ms]
      [Humongous Register: 0.1 ms]
      [Humongous Reclaim: 0.0 ms]
      [Free CSet: 0.1 ms]
   [Eden: 7168.0K(144.0M)->0.0B(168.0M) Survivors: 20.0M->9216.0K Heap: 942.6M(2048.0M)->946.6M(2048.0M)]
 [Times: user=0.36 sys=0.00, real=0.05 secs] 
2020-09-29T12:22:03.715+0200: 83.870: [GC concurrent-root-region-scan-start]
2020-09-29T12:22:03.717+0200: 83.872: [GC concurrent-root-region-scan-end, 0.0024177 secs]
2020-09-29T12:22:03.717+0200: 83.872: [GC concurrent-mark-start]
2020-09-29T12:22:03.721+0200: 83.876: [GC concurrent-mark-end, 0.0036007 secs]
2020-09-29T12:22:03.722+0200: 83.877: [GC remark 2020-09-29T12:22:03.722+0200: 83.877: [Finalize Marking, 0.0005000 secs] 2020-09-29T12:22:03.722+0200: 83.877: [GC ref-proc, 0.0005131 secs] 2020-09-29T12:22:03.723+0200: 83.878: [Unloading, 0.0007867 secs], 0.0023569 secs]
 [Times: user=0.06 sys=0.00, real=0.00 secs] 
2020-09-29T12:22:03.724+0200: 83.880: [GC cleanup 955M->25M(2048M), 0.0019877 secs]
 [Times: user=0.00 sys=0.00, real=0.00 secs] 
2020-09-29T12:22:03.727+0200: 83.882: [GC concurrent-cleanup-start]
2020-09-29T12:22:03.728+0200: 83.884: [GC concurrent-cleanup-end, 0.0019560 secs]
2020-09-29T12:22:03.871+0200: 84.026: [GC pause (G1 Evacuation Pause) (young), 0.1857379 secs]
   [Parallel Time: 183.9 ms, GC Workers: 8]
      [GC Worker Start (ms): Min: 84026.4, Avg: 84028.3, Max: 84040.7, Diff: 14.4]
      [Ext Root Scanning (ms): Min: 0.0, Avg: 0.1, Max: 0.3, Diff: 0.3, Sum: 0.8]
      [Update RS (ms): Min: 8.0, Avg: 20.5, Max: 23.0, Diff: 15.0, Sum: 164.0]
         [Processed Buffers: Min: 4, Avg: 11.8, Max: 14, Diff: 10, Sum: 94]
      [Scan RS (ms): Min: 14.5, Avg: 15.2, Max: 15.7, Diff: 1.2, Sum: 121.9]
      [Code Root Scanning (ms): Min: 0.0, Avg: 0.0, Max: 0.0, Diff: 0.0, Sum: 0.0]
      [Object Copy (ms): Min: 145.7, Avg: 145.8, Max: 145.9, Diff: 0.2, Sum: 1166.5]
      [Termination (ms): Min: 0.0, Avg: 0.0, Max: 0.0, Diff: 0.0, Sum: 0.2]
         [Termination Attempts: Min: 1, Avg: 60.5, Max: 90, Diff: 89, Sum: 484]
      [GC Worker Other (ms): Min: 0.0, Avg: 0.0, Max: 0.1, Diff: 0.1, Sum: 0.3]
      [GC Worker Total (ms): Min: 169.3, Avg: 181.7, Max: 183.6, Diff: 14.4, Sum: 1453.8]
      [GC Worker End (ms): Min: 84210.0, Avg: 84210.0, Max: 84210.1, Diff: 0.1]
   [Code Root Fixup: 0.0 ms]
   [Code Root Purge: 0.0 ms]
   [Clear CT: 0.5 ms]
   [Other: 1.3 ms]
      [Choose CSet: 0.0 ms]
      [Ref Proc: 0.3 ms]
      [Ref Enq: 0.0 ms]
      [Redirty Cards: 0.4 ms]
      [Humongous Register: 0.0 ms]
      [Humongous Reclaim: 0.0 ms]
      [Free CSet: 0.2 ms]
   [Eden: 168.0M(168.0M)->0.0B(151.0M) Survivors: 9216.0K->23.0M Heap: 213.1M(2048.0M)->207.1M(2048.0M)]
 [Times: user=1.49 sys=0.00, real=0.19 secs] 
2020-09-29T12:22:04.210+0200: 84.365: [GC pause (G1 Evacuation Pause) (young), 0.1802469 secs]
   [Parallel Time: 178.5 ms, GC Workers: 8]
      [GC Worker Start (ms): Min: 84364.8, Avg: 84364.9, Max: 84365.0, Diff: 0.2]
      [Ext Root Scanning (ms): Min: 0.0, Avg: 0.1, Max: 0.2, Diff: 0.2, Sum: 1.0]
      [Update RS (ms): Min: 15.8, Avg: 16.6, Max: 17.2, Diff: 1.3, Sum: 132.9]
         [Processed Buffers: Min: 9, Avg: 9.9, Max: 11, Diff: 2, Sum: 79]
      [Scan RS (ms): Min: 16.8, Avg: 17.4, Max: 18.2, Diff: 1.4, Sum: 139.1]
      [Code Root Scanning (ms): Min: 0.0, Avg: 0.0, Max: 0.0, Diff: 0.0, Sum: 0.0]
      [Object Copy (ms): Min: 143.9, Avg: 144.0, Max: 144.1, Diff: 0.2, Sum: 1152.1]
      [Termination (ms): Min: 0.0, Avg: 0.1, Max: 0.1, Diff: 0.1, Sum: 0.6]
         [Termination Attempts: Min: 1, Avg: 250.1, Max: 307, Diff: 306, Sum: 2001]
      [GC Worker Other (ms): Min: 0.0, Avg: 0.0, Max: 0.1, Diff: 0.1, Sum: 0.3]
      [GC Worker Total (ms): Min: 178.1, Avg: 178.2, Max: 178.4, Diff: 0.3, Sum: 1425.9]
      [GC Worker End (ms): Min: 84543.1, Avg: 84543.1, Max: 84543.1, Diff: 0.1]
   [Code Root Fixup: 0.0 ms]
   [Code Root Purge: 0.0 ms]
   [Clear CT: 0.3 ms]
   [Other: 1.4 ms]
      [Choose CSet: 0.0 ms]
      [Ref Proc: 0.4 ms]
      [Ref Enq: 0.0 ms]
      [Redirty Cards: 0.4 ms]
      [Humongous Register: 0.1 ms]
      [Humongous Reclaim: 0.0 ms]
      [Free CSet: 0.3 ms]
   [Eden: 151.0M(151.0M)->0.0B(150.0M) Survivors: 23.0M->22.0M Heap: 382.9M(2048.0M)->384.4M(2048.0M)]
 [Times: user=1.38 sys=0.00, real=0.18 secs] 
2020-09-29T12:22:04.542+0200: 84.697: [GC pause (G1 Evacuation Pause) (young), 0.1851861 secs]
   [Parallel Time: 183.6 ms, GC Workers: 8]
      [GC Worker Start (ms): Min: 84697.0, Avg: 84697.1, Max: 84697.3, Diff: 0.3]
      [Ext Root Scanning (ms): Min: 0.0, Avg: 0.1, Max: 0.3, Diff: 0.3, Sum: 0.8]
      [Update RS (ms): Min: 14.6, Avg: 15.3, Max: 16.1, Diff: 1.5, Sum: 122.0]
         [Processed Buffers: Min: 8, Avg: 8.8, Max: 10, Diff: 2, Sum: 70]
      [Scan RS (ms): Min: 16.7, Avg: 17.6, Max: 18.3, Diff: 1.6, Sum: 141.0]
      [Code Root Scanning (ms): Min: 0.0, Avg: 0.0, Max: 0.0, Diff: 0.0, Sum: 0.0]
      [Object Copy (ms): Min: 149.7, Avg: 149.9, Max: 150.2, Diff: 0.4, Sum: 1198.8]
      [Termination (ms): Min: 0.0, Avg: 0.4, Max: 0.4, Diff: 0.4, Sum: 2.9]
         [Termination Attempts: Min: 1, Avg: 1321.4, Max: 1598, Diff: 1597, Sum: 10571]
      [GC Worker Other (ms): Min: 0.0, Avg: 0.1, Max: 0.1, Diff: 0.1, Sum: 0.5]
      [GC Worker Total (ms): Min: 183.1, Avg: 183.3, Max: 183.5, Diff: 0.3, Sum: 1466.1]
      [GC Worker End (ms): Min: 84880.4, Avg: 84880.4, Max: 84880.5, Diff: 0.1]
   [Code Root Fixup: 0.0 ms]
   [Code Root Purge: 0.0 ms]
   [Clear CT: 0.3 ms]
   [Other: 1.3 ms]
      [Choose CSet: 0.0 ms]
      [Ref Proc: 0.4 ms]
      [Ref Enq: 0.0 ms]
      [Redirty Cards: 0.3 ms]
      [Humongous Register: 0.0 ms]
      [Humongous Reclaim: 0.0 ms]
      [Free CSet: 0.2 ms]
   [Eden: 150.0M(150.0M)->0.0B(145.0M) Survivors: 22.0M->22.0M Heap: 559.2M(2048.0M)->561.7M(2048.0M)]
 [Times: user=1.48 sys=0.00, real=0.18 secs] 
2020-09-29T12:22:04.884+0200: 85.039: [GC pause (G1 Evacuation Pause) (young), 0.1892420 secs]
   [Parallel Time: 187.6 ms, GC Workers: 8]
      [GC Worker Start (ms): Min: 85039.5, Avg: 85039.6, Max: 85039.8, Diff: 0.3]
      [Ext Root Scanning (ms): Min: 0.0, Avg: 0.1, Max: 0.3, Diff: 0.3, Sum: 0.8]
      [Update RS (ms): Min: 17.2, Avg: 17.8, Max: 18.6, Diff: 1.4, Sum: 142.3]
         [Processed Buffers: Min: 9, Avg: 11.1, Max: 13, Diff: 4, Sum: 89]
      [Scan RS (ms): Min: 14.6, Avg: 15.3, Max: 15.8, Diff: 1.2, Sum: 122.1]
      [Code Root Scanning (ms): Min: 0.0, Avg: 0.0, Max: 0.0, Diff: 0.0, Sum: 0.0]
      [Object Copy (ms): Min: 153.3, Avg: 153.6, Max: 153.9, Diff: 0.6, Sum: 1228.7]
      [Termination (ms): Min: 0.0, Avg: 0.4, Max: 0.5, Diff: 0.5, Sum: 3.5]
         [Termination Attempts: Min: 1, Avg: 1423.5, Max: 1706, Diff: 1705, Sum: 11388]
      [GC Worker Other (ms): Min: 0.0, Avg: 0.0, Max: 0.1, Diff: 0.0, Sum: 0.3]
      [GC Worker Total (ms): Min: 187.1, Avg: 187.2, Max: 187.4, Diff: 0.3, Sum: 1497.7]
      [GC Worker End (ms): Min: 85226.8, Avg: 85226.9, Max: 85226.9, Diff: 0.0]
   [Code Root Fixup: 0.0 ms]
   [Code Root Purge: 0.0 ms]
   [Clear CT: 0.3 ms]
   [Other: 1.3 ms]
      [Choose CSet: 0.0 ms]
      [Ref Proc: 0.4 ms]
      [Ref Enq: 0.0 ms]
      [Redirty Cards: 0.4 ms]
      [Humongous Register: 0.1 ms]
      [Humongous Reclaim: 0.0 ms]
      [Free CSet: 0.2 ms]
   [Eden: 145.0M(145.0M)->0.0B(142.0M) Survivors: 22.0M->21.0M Heap: 731.5M(2048.0M)->734.0M(2048.0M)]
 [Times: user=1.45 sys=0.00, real=0.19 secs] 
2020-09-29T12:22:05.210+0200: 85.365: [GC pause (G1 Evacuation Pause) (young), 0.1825433 secs]
   [Parallel Time: 181.0 ms, GC Workers: 8]
      [GC Worker Start (ms): Min: 85364.8, Avg: 85364.9, Max: 85365.0, Diff: 0.3]
      [Ext Root Scanning (ms): Min: 0.0, Avg: 0.1, Max: 0.3, Diff: 0.3, Sum: 0.8]
      [Update RS (ms): Min: 27.1, Avg: 27.3, Max: 27.8, Diff: 0.7, Sum: 218.4]
         [Processed Buffers: Min: 13, Avg: 16.1, Max: 18, Diff: 5, Sum: 129]
      [Scan RS (ms): Min: 12.0, Avg: 12.5, Max: 12.7, Diff: 0.7, Sum: 100.1]
      [Code Root Scanning (ms): Min: 0.0, Avg: 0.0, Max: 0.0, Diff: 0.0, Sum: 0.0]
      [Object Copy (ms): Min: 140.3, Avg: 140.5, Max: 140.8, Diff: 0.5, Sum: 1123.7]
      [Termination (ms): Min: 0.0, Avg: 0.2, Max: 0.3, Diff: 0.3, Sum: 1.8]
         [Termination Attempts: Min: 1, Avg: 785.4, Max: 1020, Diff: 1019, Sum: 6283]
      [GC Worker Other (ms): Min: 0.0, Avg: 0.0, Max: 0.1, Diff: 0.1, Sum: 0.4]
      [GC Worker Total (ms): Min: 180.5, Avg: 180.6, Max: 180.8, Diff: 0.3, Sum: 1445.1]
      [GC Worker End (ms): Min: 85545.6, Avg: 85545.6, Max: 85545.6, Diff: 0.1]
   [Code Root Fixup: 0.0 ms]
   [Code Root Purge: 0.0 ms]
   [Clear CT: 0.3 ms]
   [Other: 1.2 ms]
      [Choose CSet: 0.0 ms]
      [Ref Proc: 0.3 ms]
      [Ref Enq: 0.0 ms]
      [Redirty Cards: 0.4 ms]
      [Humongous Register: 0.1 ms]
      [Humongous Reclaim: 0.0 ms]
      [Free CSet: 0.2 ms]
   [Eden: 142.0M(142.0M)->0.0B(141.0M) Survivors: 21.0M->21.0M Heap: 900.8M(2048.0M)->902.3M(2048.0M)]
 [Times: user=1.38 sys=0.00, real=0.18 secs] 
2020-09-29T12:22:05.525+0200: 85.680: [GC pause (G1 Evacuation Pause) (young), 0.1676694 secs]
   [Parallel Time: 166.1 ms, GC Workers: 8]
      [GC Worker Start (ms): Min: 85680.0, Avg: 85680.1, Max: 85680.2, Diff: 0.3]
      [Ext Root Scanning (ms): Min: 0.0, Avg: 0.1, Max: 0.2, Diff: 0.2, Sum: 1.0]
      [Update RS (ms): Min: 17.6, Avg: 17.8, Max: 18.6, Diff: 1.0, Sum: 142.6]
         [Processed Buffers: Min: 11, Avg: 12.3, Max: 15, Diff: 4, Sum: 98]
      [Scan RS (ms): Min: 12.2, Avg: 13.0, Max: 13.2, Diff: 1.0, Sum: 103.7]
      [Code Root Scanning (ms): Min: 0.0, Avg: 0.0, Max: 0.0, Diff: 0.0, Sum: 0.0]
      [Object Copy (ms): Min: 134.7, Avg: 134.8, Max: 134.9, Diff: 0.2, Sum: 1078.5]
      [Termination (ms): Min: 0.0, Avg: 0.1, Max: 0.1, Diff: 0.1, Sum: 0.6]
         [Termination Attempts: Min: 1, Avg: 241.0, Max: 314, Diff: 313, Sum: 1928]
      [GC Worker Other (ms): Min: 0.0, Avg: 0.0, Max: 0.1, Diff: 0.1, Sum: 0.3]
      [GC Worker Total (ms): Min: 165.7, Avg: 165.8, Max: 166.0, Diff: 0.3, Sum: 1326.6]
      [GC Worker End (ms): Min: 85845.9, Avg: 85845.9, Max: 85845.9, Diff: 0.1]
   [Code Root Fixup: 0.0 ms]
   [Code Root Purge: 0.0 ms]
   [Clear CT: 0.3 ms]
   [Other: 1.3 ms]
      [Choose CSet: 0.0 ms]
      [Ref Proc: 0.3 ms]
      [Ref Enq: 0.0 ms]
      [Redirty Cards: 0.4 ms]
      [Humongous Register: 0.1 ms]
      [Humongous Reclaim: 0.0 ms]
      [Free CSet: 0.3 ms]
   [Eden: 141.0M(141.0M)->0.0B(146.0M) Survivors: 21.0M->21.0M Heap: 1066.2M(2048.0M)->1068.2M(2048.0M)]
 [Times: user=1.27 sys=0.00, real=0.17 secs] 
2020-09-29T12:22:05.705+0200: 85.860: [GC pause (G1 Humongous Allocation) (young) (initial-mark), 0.1061234 secs]
   [Parallel Time: 103.6 ms, GC Workers: 8]
      [GC Worker Start (ms): Min: 85860.8, Avg: 85861.2, Max: 85861.4, Diff: 0.6]
      [Ext Root Scanning (ms): Min: 0.0, Avg: 0.4, Max: 0.9, Diff: 0.8, Sum: 3.3]
      [Update RS (ms): Min: 56.4, Avg: 57.2, Max: 58.0, Diff: 1.6, Sum: 457.2]
         [Processed Buffers: Min: 20, Avg: 23.3, Max: 25, Diff: 5, Sum: 186]
      [Scan RS (ms): Min: 3.4, Avg: 3.9, Max: 4.6, Diff: 1.2, Sum: 31.5]
      [Code Root Scanning (ms): Min: 0.0, Avg: 0.0, Max: 0.0, Diff: 0.0, Sum: 0.0]
      [Object Copy (ms): Min: 41.1, Avg: 41.3, Max: 41.6, Diff: 0.5, Sum: 330.7]
      [Termination (ms): Min: 0.0, Avg: 0.2, Max: 0.3, Diff: 0.3, Sum: 1.4]
         [Termination Attempts: Min: 1, Avg: 309.5, Max: 383, Diff: 382, Sum: 2476]
      [GC Worker Other (ms): Min: 0.0, Avg: 0.0, Max: 0.1, Diff: 0.0, Sum: 0.3]
      [GC Worker Total (ms): Min: 102.8, Avg: 103.1, Max: 103.5, Diff: 0.6, Sum: 824.6]
      [GC Worker End (ms): Min: 85964.3, Avg: 85964.3, Max: 85964.3, Diff: 0.0]
   [Code Root Fixup: 0.0 ms]
   [Code Root Purge: 0.0 ms]
   [Clear CT: 0.6 ms]
   [Other: 1.9 ms]
      [Choose CSet: 0.0 ms]
      [Ref Proc: 0.5 ms]
      [Ref Enq: 0.0 ms]
      [Redirty Cards: 0.5 ms]
      [Humongous Register: 0.2 ms]
      [Humongous Reclaim: 0.0 ms]
      [Free CSet: 0.1 ms]
   [Eden: 8192.0K(146.0M)->0.0B(113.0M) Survivors: 21.0M->9216.0K Heap: 1075.7M(2048.0M)->1078.7M(2048.0M)]
 [Times: user=0.86 sys=0.00, real=0.11 secs] 
2020-09-29T12:22:05.812+0200: 85.967: [GC concurrent-root-region-scan-start]
2020-09-29T12:22:05.818+0200: 85.973: [GC concurrent-root-region-scan-end, 0.0064804 secs]
2020-09-29T12:22:05.818+0200: 85.973: [GC concurrent-mark-start]
2020-09-29T12:22:05.828+0200: 85.983: [GC concurrent-mark-end, 0.0093392 secs]
2020-09-29T12:22:05.829+0200: 85.984: [GC remark 2020-09-29T12:22:05.829+0200: 85.984: [Finalize Marking, 0.0006618 secs] 2020-09-29T12:22:05.829+0200: 85.985: [GC ref-proc, 0.0008762 secs] 2020-09-29T12:22:05.830+0200: 85.985: [Unloading, 0.0012585 secs], 0.0038995 secs]
 [Times: user=0.00 sys=0.02, real=0.00 secs] 
2020-09-29T12:22:05.834+0200: 85.989: [GC cleanup 1091M->29M(2048M), 0.0052083 secs]
 [Times: user=0.00 sys=0.00, real=0.00 secs] 
2020-09-29T12:22:05.839+0200: 85.994: [GC concurrent-cleanup-start]
2020-09-29T12:22:05.845+0200: 86.000: [GC concurrent-cleanup-end, 0.0055080 secs]
2020-09-29T12:22:05.998+0200: 86.153: [GC pause (G1 Evacuation Pause) (young), 0.2051684 secs]
   [Parallel Time: 202.0 ms, GC Workers: 8]
      [GC Worker Start (ms): Min: 86153.6, Avg: 86153.8, Max: 86153.9, Diff: 0.3]
      [Ext Root Scanning (ms): Min: 0.1, Avg: 0.2, Max: 0.4, Diff: 0.3, Sum: 1.6]
      [Update RS (ms): Min: 28.7, Avg: 29.0, Max: 29.5, Diff: 0.8, Sum: 232.3]
         [Processed Buffers: Min: 10, Avg: 10.3, Max: 11, Diff: 1, Sum: 82]
      [Scan RS (ms): Min: 13.6, Avg: 14.2, Max: 14.7, Diff: 1.1, Sum: 114.0]
      [Code Root Scanning (ms): Min: 0.0, Avg: 0.0, Max: 0.0, Diff: 0.0, Sum: 0.0]
      [Object Copy (ms): Min: 157.6, Avg: 157.7, Max: 157.9, Diff: 0.3, Sum: 1262.0]
      [Termination (ms): Min: 0.0, Avg: 0.1, Max: 0.2, Diff: 0.2, Sum: 1.1]
         [Termination Attempts: Min: 1, Avg: 241.5, Max: 303, Diff: 302, Sum: 1932]
      [GC Worker Other (ms): Min: 0.0, Avg: 0.1, Max: 0.1, Diff: 0.1, Sum: 0.5]
      [GC Worker Total (ms): Min: 201.2, Avg: 201.4, Max: 201.6, Diff: 0.4, Sum: 1611.4]
      [GC Worker End (ms): Min: 86355.2, Avg: 86355.2, Max: 86355.3, Diff: 0.1]
   [Code Root Fixup: 0.0 ms]
   [Code Root Purge: 0.0 ms]
   [Clear CT: 0.7 ms]
   [Other: 2.5 ms]
      [Choose CSet: 0.0 ms]
      [Ref Proc: 1.0 ms]
      [Ref Enq: 0.0 ms]
      [Redirty Cards: 0.7 ms]
      [Humongous Register: 0.1 ms]
      [Humongous Reclaim: 0.0 ms]
      [Free CSet: 0.2 ms]
   [Eden: 113.0M(113.0M)->0.0B(89.0M) Survivors: 9216.0K->16.0M Heap: 148.6M(2048.0M)->142.6M(2048.0M)]
 [Times: user=1.59 sys=0.00, real=0.21 secs] 
2020-09-29T12:22:06.348+0200: 86.503: [GC pause (G1 Evacuation Pause) (young), 0.1941910 secs]
   [Parallel Time: 191.8 ms, GC Workers: 8]
      [GC Worker Start (ms): Min: 86503.3, Avg: 86503.5, Max: 86503.7, Diff: 0.4]
      [Ext Root Scanning (ms): Min: 0.0, Avg: 0.2, Max: 0.4, Diff: 0.4, Sum: 1.5]
      [Update RS (ms): Min: 27.3, Avg: 28.0, Max: 29.2, Diff: 1.9, Sum: 224.0]
         [Processed Buffers: Min: 8, Avg: 10.1, Max: 12, Diff: 4, Sum: 81]
      [Scan RS (ms): Min: 10.7, Avg: 12.0, Max: 12.9, Diff: 2.2, Sum: 96.4]
      [Code Root Scanning (ms): Min: 0.0, Avg: 0.0, Max: 0.0, Diff: 0.0, Sum: 0.0]
      [Object Copy (ms): Min: 150.6, Avg: 150.8, Max: 150.9, Diff: 0.3, Sum: 1206.2]
      [Termination (ms): Min: 0.0, Avg: 0.2, Max: 0.3, Diff: 0.2, Sum: 1.3]
         [Termination Attempts: Min: 1, Avg: 20.0, Max: 31, Diff: 30, Sum: 160]
      [GC Worker Other (ms): Min: 0.0, Avg: 0.0, Max: 0.0, Diff: 0.0, Sum: 0.2]
      [GC Worker Total (ms): Min: 191.1, Avg: 191.2, Max: 191.4, Diff: 0.3, Sum: 1529.6]
      [GC Worker End (ms): Min: 86694.6, Avg: 86694.7, Max: 86694.8, Diff: 0.2]
   [Code Root Fixup: 0.0 ms]
   [Code Root Purge: 0.0 ms]
   [Clear CT: 0.5 ms]
   [Other: 1.9 ms]
      [Choose CSet: 0.0 ms]
      [Ref Proc: 0.6 ms]
      [Ref Enq: 0.0 ms]
      [Redirty Cards: 0.5 ms]
      [Humongous Register: 0.1 ms]
      [Humongous Reclaim: 0.0 ms]
      [Free CSet: 0.3 ms]
   [Eden: 89.0M(89.0M)->0.0B(88.0M) Survivors: 16.0M->14.0M Heap: 246.8M(2048.0M)->248.8M(2048.0M)]
 [Times: user=1.39 sys=0.00, real=0.19 secs] 
2020-09-29T12:22:06.687+0200: 86.843: [GC pause (G1 Evacuation Pause) (young), 0.1957476 secs]
   [Parallel Time: 193.2 ms, GC Workers: 8]
      [GC Worker Start (ms): Min: 86842.8, Avg: 86843.0, Max: 86843.2, Diff: 0.4]
      [Ext Root Scanning (ms): Min: 0.0, Avg: 0.2, Max: 0.4, Diff: 0.4, Sum: 1.4]
      [Update RS (ms): Min: 23.4, Avg: 23.6, Max: 24.6, Diff: 1.2, Sum: 189.1]
         [Processed Buffers: Min: 8, Avg: 9.1, Max: 10, Diff: 2, Sum: 73]
      [Scan RS (ms): Min: 13.6, Avg: 14.4, Max: 14.8, Diff: 1.2, Sum: 115.5]
      [Code Root Scanning (ms): Min: 0.0, Avg: 0.0, Max: 0.0, Diff: 0.0, Sum: 0.0]
      [Object Copy (ms): Min: 154.0, Avg: 154.2, Max: 154.3, Diff: 0.3, Sum: 1233.6]
      [Termination (ms): Min: 0.0, Avg: 0.0, Max: 0.1, Diff: 0.0, Sum: 0.3]
         [Termination Attempts: Min: 1, Avg: 71.8, Max: 94, Diff: 93, Sum: 574]
      [GC Worker Other (ms): Min: 0.0, Avg: 0.1, Max: 0.1, Diff: 0.1, Sum: 0.5]
      [GC Worker Total (ms): Min: 192.4, Avg: 192.6, Max: 192.8, Diff: 0.4, Sum: 1540.4]
      [GC Worker End (ms): Min: 87035.5, Avg: 87035.5, Max: 87035.6, Diff: 0.1]
   [Code Root Fixup: 0.0 ms]
   [Code Root Purge: 0.0 ms]
   [Clear CT: 0.5 ms]
   [Other: 2.0 ms]
      [Choose CSet: 0.0 ms]
      [Ref Proc: 0.6 ms]
      [Ref Enq: 0.0 ms]
      [Redirty Cards: 0.6 ms]
      [Humongous Register: 0.1 ms]
      [Humongous Reclaim: 0.0 ms]
      [Free CSet: 0.3 ms]
   [Eden: 88.0M(88.0M)->0.0B(89.0M) Survivors: 14.0M->13.0M Heap: 352.1M(2048.0M)->354.6M(2048.0M)]
 [Times: user=1.55 sys=0.00, real=0.20 secs] 
2020-09-29T12:22:07.042+0200: 87.197: [GC pause (G1 Evacuation Pause) (young), 0.2223540 secs]
   [Parallel Time: 219.5 ms, GC Workers: 8]
      [GC Worker Start (ms): Min: 87197.6, Avg: 87198.9, Max: 87202.9, Diff: 5.4]
      [Ext Root Scanning (ms): Min: 0.0, Avg: 0.2, Max: 0.4, Diff: 0.4, Sum: 1.4]
      [Update RS (ms): Min: 18.2, Avg: 22.7, Max: 24.8, Diff: 6.6, Sum: 181.4]
         [Processed Buffers: Min: 5, Avg: 9.1, Max: 13, Diff: 8, Sum: 73]
      [Scan RS (ms): Min: 12.7, Avg: 14.6, Max: 15.2, Diff: 2.6, Sum: 116.6]
      [Code Root Scanning (ms): Min: 0.0, Avg: 0.0, Max: 0.0, Diff: 0.0, Sum: 0.0]
      [Object Copy (ms): Min: 180.2, Avg: 180.3, Max: 180.4, Diff: 0.2, Sum: 1442.0]
      [Termination (ms): Min: 0.0, Avg: 0.2, Max: 0.3, Diff: 0.3, Sum: 1.5]
         [Termination Attempts: Min: 1, Avg: 45.8, Max: 90, Diff: 89, Sum: 366]
      [GC Worker Other (ms): Min: 0.0, Avg: 0.0, Max: 0.1, Diff: 0.1, Sum: 0.3]
      [GC Worker Total (ms): Min: 213.9, Avg: 217.9, Max: 219.2, Diff: 5.4, Sum: 1743.2]
      [GC Worker End (ms): Min: 87416.8, Avg: 87416.8, Max: 87416.8, Diff: 0.1]
   [Code Root Fixup: 0.0 ms]
   [Code Root Purge: 0.0 ms]
   [Clear CT: 0.5 ms]
   [Other: 2.4 ms]
      [Choose CSet: 0.0 ms]
      [Ref Proc: 0.6 ms]
      [Ref Enq: 0.0 ms]
      [Redirty Cards: 0.6 ms]
      [Humongous Register: 0.1 ms]
      [Humongous Reclaim: 0.0 ms]
      [Free CSet: 0.7 ms]
   [Eden: 89.0M(89.0M)->0.0B(89.0M) Survivors: 13.0M->13.0M Heap: 458.9M(2048.0M)->460.9M(2048.0M)]
 [Times: user=1.48 sys=0.00, real=0.22 secs] 
2020-09-29T12:22:07.443+0200: 87.599: [GC pause (G1 Evacuation Pause) (young), 0.2231976 secs]
   [Parallel Time: 221.0 ms, GC Workers: 8]
      [GC Worker Start (ms): Min: 87598.9, Avg: 87600.7, Max: 87611.3, Diff: 12.4]
      [Ext Root Scanning (ms): Min: 0.0, Avg: 0.2, Max: 0.5, Diff: 0.5, Sum: 1.5]
      [Update RS (ms): Min: 9.8, Avg: 20.0, Max: 24.9, Diff: 15.2, Sum: 159.9]
         [Processed Buffers: Min: 3, Avg: 7.0, Max: 9, Diff: 6, Sum: 56]
      [Scan RS (ms): Min: 12.7, Avg: 16.3, Max: 17.9, Diff: 5.2, Sum: 130.4]
      [Code Root Scanning (ms): Min: 0.0, Avg: 0.0, Max: 0.0, Diff: 0.0, Sum: 0.0]
      [Object Copy (ms): Min: 181.7, Avg: 181.9, Max: 182.5, Diff: 0.8, Sum: 1454.9]
      [Termination (ms): Min: 0.0, Avg: 0.6, Max: 0.8, Diff: 0.8, Sum: 4.5]
         [Termination Attempts: Min: 1, Avg: 1035.1, Max: 1358, Diff: 1357, Sum: 8281]
      [GC Worker Other (ms): Min: 0.0, Avg: 0.0, Max: 0.1, Diff: 0.0, Sum: 0.3]
      [GC Worker Total (ms): Min: 208.3, Avg: 218.9, Max: 220.7, Diff: 12.4, Sum: 1751.4]
      [GC Worker End (ms): Min: 87819.6, Avg: 87819.6, Max: 87819.6, Diff: 0.0]
   [Code Root Fixup: 0.0 ms]
   [Code Root Purge: 0.0 ms]
   [Clear CT: 0.4 ms]
   [Other: 1.8 ms]
      [Choose CSet: 0.0 ms]
      [Ref Proc: 0.5 ms]
      [Ref Enq: 0.0 ms]
      [Redirty Cards: 0.5 ms]
      [Humongous Register: 0.1 ms]
      [Humongous Reclaim: 0.0 ms]
      [Free CSet: 0.2 ms]
   [Eden: 89.0M(89.0M)->0.0B(89.0M) Survivors: 13.0M->13.0M Heap: 563.2M(2048.0M)->565.7M(2048.0M)]
 [Times: user=1.69 sys=0.02, real=0.22 secs] 
2020-09-29T12:22:07.870+0200: 88.025: [GC pause (G1 Evacuation Pause) (young), 0.1815674 secs]
   [Parallel Time: 179.1 ms, GC Workers: 8]
      [GC Worker Start (ms): Min: 88025.0, Avg: 88025.2, Max: 88025.4, Diff: 0.3]
      [Ext Root Scanning (ms): Min: 0.0, Avg: 0.2, Max: 0.4, Diff: 0.3, Sum: 1.9]
      [Update RS (ms): Min: 21.2, Avg: 21.7, Max: 22.5, Diff: 1.4, Sum: 174.0]
         [Processed Buffers: Min: 6, Avg: 8.3, Max: 11, Diff: 5, Sum: 66]
      [Scan RS (ms): Min: 13.1, Avg: 14.0, Max: 14.7, Diff: 1.5, Sum: 111.7]
      [Code Root Scanning (ms): Min: 0.0, Avg: 0.0, Max: 0.0, Diff: 0.0, Sum: 0.0]
      [Object Copy (ms): Min: 142.4, Avg: 142.6, Max: 142.7, Diff: 0.3, Sum: 1140.6]
      [Termination (ms): Min: 0.0, Avg: 0.1, Max: 0.1, Diff: 0.1, Sum: 0.8]
         [Termination Attempts: Min: 1, Avg: 198.0, Max: 251, Diff: 250, Sum: 1584]
      [GC Worker Other (ms): Min: 0.0, Avg: 0.1, Max: 0.1, Diff: 0.1, Sum: 0.4]
      [GC Worker Total (ms): Min: 178.5, Avg: 178.7, Max: 178.8, Diff: 0.3, Sum: 1429.4]
      [GC Worker End (ms): Min: 88203.8, Avg: 88203.9, Max: 88203.9, Diff: 0.1]
   [Code Root Fixup: 0.0 ms]
   [Code Root Purge: 0.0 ms]
   [Clear CT: 0.5 ms]
   [Other: 2.0 ms]
      [Choose CSet: 0.0 ms]
      [Ref Proc: 0.5 ms]
      [Ref Enq: 0.0 ms]
      [Redirty Cards: 0.7 ms]
      [Humongous Register: 0.2 ms]
      [Humongous Reclaim: 0.0 ms]
      [Free CSet: 0.2 ms]
   [Eden: 89.0M(89.0M)->0.0B(89.0M) Survivors: 13.0M->13.0M Heap: 670.0M(2048.0M)->671.5M(2048.0M)]
 [Times: user=1.38 sys=0.00, real=0.18 secs] 
2020-09-29T12:22:08.215+0200: 88.370: [GC pause (G1 Evacuation Pause) (young), 0.1944609 secs]
   [Parallel Time: 192.2 ms, GC Workers: 8]
      [GC Worker Start (ms): Min: 88370.0, Avg: 88370.2, Max: 88370.5, Diff: 0.4]
      [Ext Root Scanning (ms): Min: 0.0, Avg: 0.2, Max: 0.4, Diff: 0.4, Sum: 1.7]
      [Update RS (ms): Min: 19.9, Avg: 20.8, Max: 24.5, Diff: 4.6, Sum: 166.8]
         [Processed Buffers: Min: 1, Avg: 7.0, Max: 10, Diff: 9, Sum: 56]
      [Scan RS (ms): Min: 12.6, Avg: 16.2, Max: 17.4, Diff: 4.8, Sum: 130.0]
      [Code Root Scanning (ms): Min: 0.0, Avg: 0.0, Max: 0.0, Diff: 0.0, Sum: 0.0]
      [Object Copy (ms): Min: 153.9, Avg: 154.1, Max: 154.2, Diff: 0.3, Sum: 1232.8]
      [Termination (ms): Min: 0.0, Avg: 0.1, Max: 0.1, Diff: 0.1, Sum: 0.6]
         [Termination Attempts: Min: 1, Avg: 60.4, Max: 102, Diff: 101, Sum: 483]
      [GC Worker Other (ms): Min: 0.0, Avg: 0.0, Max: 0.1, Diff: 0.0, Sum: 0.2]
      [GC Worker Total (ms): Min: 191.2, Avg: 191.5, Max: 191.7, Diff: 0.5, Sum: 1532.1]
      [GC Worker End (ms): Min: 88561.7, Avg: 88561.7, Max: 88561.8, Diff: 0.0]
   [Code Root Fixup: 0.0 ms]
   [Code Root Purge: 0.0 ms]
   [Clear CT: 0.6 ms]
   [Other: 1.6 ms]
      [Choose CSet: 0.0 ms]
      [Ref Proc: 0.4 ms]
      [Ref Enq: 0.0 ms]
      [Redirty Cards: 0.5 ms]
      [Humongous Register: 0.1 ms]
      [Humongous Reclaim: 0.0 ms]
      [Free CSet: 0.2 ms]
   [Eden: 89.0M(89.0M)->0.0B(89.0M) Survivors: 13.0M->13.0M Heap: 775.7M(2048.0M)->778.2M(2048.0M)]
 [Times: user=1.47 sys=0.00, real=0.19 secs] 
2020-09-29T12:22:08.562+0200: 88.718: [GC pause (G1 Evacuation Pause) (young), 0.2021872 secs]
   [Parallel Time: 200.0 ms, GC Workers: 8]
      [GC Worker Start (ms): Min: 88717.7, Avg: 88717.9, Max: 88718.1, Diff: 0.4]
      [Ext Root Scanning (ms): Min: 0.0, Avg: 0.2, Max: 0.4, Diff: 0.4, Sum: 1.6]
      [Update RS (ms): Min: 21.1, Avg: 21.3, Max: 21.8, Diff: 0.7, Sum: 170.5]
         [Processed Buffers: Min: 2, Avg: 7.3, Max: 10, Diff: 8, Sum: 58]
      [Scan RS (ms): Min: 15.7, Avg: 16.3, Max: 16.5, Diff: 0.8, Sum: 130.2]
      [Code Root Scanning (ms): Min: 0.0, Avg: 0.0, Max: 0.0, Diff: 0.0, Sum: 0.0]
      [Object Copy (ms): Min: 161.4, Avg: 161.6, Max: 161.7, Diff: 0.3, Sum: 1293.0]
      [Termination (ms): Min: 0.0, Avg: 0.1, Max: 0.1, Diff: 0.1, Sum: 0.5]
         [Termination Attempts: Min: 1, Avg: 140.1, Max: 183, Diff: 182, Sum: 1121]
      [GC Worker Other (ms): Min: 0.0, Avg: 0.0, Max: 0.1, Diff: 0.1, Sum: 0.4]
      [GC Worker Total (ms): Min: 199.3, Avg: 199.5, Max: 199.7, Diff: 0.4, Sum: 1596.2]
      [GC Worker End (ms): Min: 88917.4, Avg: 88917.4, Max: 88917.5, Diff: 0.1]
   [Code Root Fixup: 0.0 ms]
   [Code Root Purge: 0.0 ms]
   [Clear CT: 0.4 ms]
   [Other: 1.7 ms]
      [Choose CSet: 0.0 ms]
      [Ref Proc: 0.6 ms]
      [Ref Enq: 0.0 ms]
      [Redirty Cards: 0.4 ms]
      [Humongous Register: 0.1 ms]
      [Humongous Reclaim: 0.0 ms]
      [Free CSet: 0.3 ms]
   [Eden: 89.0M(89.0M)->0.0B(89.0M) Survivors: 13.0M->13.0M Heap: 882.5M(2048.0M)->884.5M(2048.0M)]
 [Times: user=1.42 sys=0.03, real=0.20 secs] 
2020-09-29T12:22:08.944+0200: 89.100: [GC pause (G1 Evacuation Pause) (young), 0.2394428 secs]
   [Parallel Time: 236.8 ms, GC Workers: 8]
      [GC Worker Start (ms): Min: 89100.5, Avg: 89100.9, Max: 89102.1, Diff: 1.6]
      [Ext Root Scanning (ms): Min: 0.0, Avg: 0.2, Max: 0.4, Diff: 0.4, Sum: 1.3]
      [Update RS (ms): Min: 11.5, Avg: 13.5, Max: 14.8, Diff: 3.3, Sum: 108.2]
         [Processed Buffers: Min: 4, Avg: 5.0, Max: 6, Diff: 2, Sum: 40]
      [Scan RS (ms): Min: 18.3, Avg: 19.6, Max: 20.8, Diff: 2.5, Sum: 156.6]
      [Code Root Scanning (ms): Min: 0.0, Avg: 0.0, Max: 0.0, Diff: 0.0, Sum: 0.0]
      [Object Copy (ms): Min: 201.1, Avg: 202.4, Max: 202.9, Diff: 1.9, Sum: 1618.8]
      [Termination (ms): Min: 0.1, Avg: 0.4, Max: 0.6, Diff: 0.5, Sum: 3.6]
         [Termination Attempts: Min: 1, Avg: 674.8, Max: 946, Diff: 945, Sum: 5398]
      [GC Worker Other (ms): Min: 0.0, Avg: 0.0, Max: 0.0, Diff: 0.0, Sum: 0.2]
      [GC Worker Total (ms): Min: 234.9, Avg: 236.1, Max: 236.5, Diff: 1.7, Sum: 1888.8]
      [GC Worker End (ms): Min: 89336.9, Avg: 89337.0, Max: 89337.0, Diff: 0.1]
   [Code Root Fixup: 0.0 ms]
   [Code Root Purge: 0.0 ms]
   [Clear CT: 0.6 ms]
   [Other: 2.1 ms]
      [Choose CSet: 0.0 ms]
      [Ref Proc: 0.6 ms]
      [Ref Enq: 0.0 ms]
      [Redirty Cards: 0.5 ms]
      [Humongous Register: 0.3 ms]
      [Humongous Reclaim: 0.0 ms]
      [Free CSet: 0.2 ms]
   [Eden: 89.0M(89.0M)->0.0B(89.0M) Survivors: 13.0M->13.0M Heap: 986.8M(2048.0M)->988.3M(2048.0M)]
 [Times: user=1.47 sys=0.03, real=0.24 secs] 
2020-09-29T12:22:09.185+0200: 89.340: [GC pause (G1 Humongous Allocation) (young) (initial-mark), 0.0764680 secs]
   [Parallel Time: 73.8 ms, GC Workers: 8]
      [GC Worker Start (ms): Min: 89340.7, Avg: 89340.8, Max: 89340.9, Diff: 0.2]
      [Ext Root Scanning (ms): Min: 0.2, Avg: 0.3, Max: 0.4, Diff: 0.2, Sum: 2.0]
      [Update RS (ms): Min: 43.3, Avg: 44.4, Max: 45.4, Diff: 2.1, Sum: 355.5]
         [Processed Buffers: Min: 16, Avg: 17.8, Max: 20, Diff: 4, Sum: 142]
      [Scan RS (ms): Min: 0.0, Avg: 0.0, Max: 0.1, Diff: 0.1, Sum: 0.1]
      [Code Root Scanning (ms): Min: 0.0, Avg: 0.0, Max: 0.0, Diff: 0.0, Sum: 0.0]
      [Object Copy (ms): Min: 27.5, Avg: 28.5, Max: 29.5, Diff: 2.0, Sum: 228.0]
      [Termination (ms): Min: 0.0, Avg: 0.1, Max: 0.2, Diff: 0.2, Sum: 1.1]
         [Termination Attempts: Min: 1, Avg: 66.5, Max: 93, Diff: 92, Sum: 532]
      [GC Worker Other (ms): Min: 0.0, Avg: 0.0, Max: 0.1, Diff: 0.1, Sum: 0.3]
      [GC Worker Total (ms): Min: 73.3, Avg: 73.4, Max: 73.5, Diff: 0.3, Sum: 587.1]
      [GC Worker End (ms): Min: 89414.2, Avg: 89414.2, Max: 89414.2, Diff: 0.1]
   [Code Root Fixup: 0.0 ms]
   [Code Root Purge: 0.0 ms]
   [Clear CT: 0.8 ms]
   [Other: 1.8 ms]
      [Choose CSet: 0.0 ms]
      [Ref Proc: 0.6 ms]
      [Ref Enq: 0.0 ms]
      [Redirty Cards: 0.5 ms]
      [Humongous Register: 0.1 ms]
      [Humongous Reclaim: 0.0 ms]
      [Free CSet: 0.1 ms]
   [Eden: 1024.0K(89.0M)->0.0B(101.0M) Survivors: 13.0M->1024.0K Heap: 988.8M(2048.0M)->990.8M(2048.0M)]
 [Times: user=0.50 sys=0.00, real=0.08 secs] 
2020-09-29T12:22:09.262+0200: 89.417: [GC concurrent-root-region-scan-start]
2020-09-29T12:22:09.262+0200: 89.418: [GC concurrent-root-region-scan-end, 0.0005720 secs]
2020-09-29T12:22:09.262+0200: 89.418: [GC concurrent-mark-start]
2020-09-29T12:22:09.273+0200: 89.429: [GC concurrent-mark-end, 0.0098437 secs]
2020-09-29T12:22:09.275+0200: 89.431: [GC remark 2020-09-29T12:22:09.275+0200: 89.431: [Finalize Marking, 0.0007686 secs] 2020-09-29T12:22:09.276+0200: 89.431: [GC ref-proc, 0.0010875 secs] 2020-09-29T12:22:09.277+0200: 89.433: [Unloading, 0.0014986 secs], 0.0044153 secs]
 [Times: user=0.00 sys=0.00, real=0.00 secs] 
2020-09-29T12:22:09.280+0200: 89.436: [GC cleanup 1001M->19M(2048M), 0.0060374 secs]
 [Times: user=0.03 sys=0.00, real=0.01 secs] 
2020-09-29T12:22:09.287+0200: 89.442: [GC concurrent-cleanup-start]
2020-09-29T12:22:09.291+0200: 89.446: [GC concurrent-cleanup-end, 0.0042309 secs]
2020-09-29T12:22:09.449+0200: 89.604: [GC pause (G1 Evacuation Pause) (young), 0.2386206 secs]
   [Parallel Time: 236.3 ms, GC Workers: 8]
      [GC Worker Start (ms): Min: 89604.5, Avg: 89606.5, Max: 89619.1, Diff: 14.7]
      [Ext Root Scanning (ms): Min: 0.0, Avg: 0.2, Max: 0.4, Diff: 0.4, Sum: 1.6]
      [Update RS (ms): Min: 0.0, Avg: 12.0, Max: 14.5, Diff: 14.5, Sum: 95.6]
         [Processed Buffers: Min: 0, Avg: 5.0, Max: 8, Diff: 8, Sum: 40]
      [Scan RS (ms): Min: 23.2, Avg: 24.5, Max: 27.8, Diff: 4.6, Sum: 196.0]
      [Code Root Scanning (ms): Min: 0.0, Avg: 0.0, Max: 0.0, Diff: 0.0, Sum: 0.0]
      [Object Copy (ms): Min: 194.0, Avg: 197.1, Max: 197.7, Diff: 3.7, Sum: 1576.9]
      [Termination (ms): Min: 0.1, Avg: 0.3, Max: 0.4, Diff: 0.3, Sum: 2.4]
         [Termination Attempts: Min: 1, Avg: 422.4, Max: 538, Diff: 537, Sum: 3379]
      [GC Worker Other (ms): Min: 0.0, Avg: 0.0, Max: 0.0, Diff: 0.0, Sum: 0.2]
      [GC Worker Total (ms): Min: 221.4, Avg: 234.1, Max: 236.1, Diff: 14.7, Sum: 1872.8]
      [GC Worker End (ms): Min: 89840.5, Avg: 89840.5, Max: 89840.6, Diff: 0.1]
   [Code Root Fixup: 0.0 ms]
   [Code Root Purge: 0.0 ms]
   [Clear CT: 0.6 ms]
   [Other: 1.8 ms]
      [Choose CSet: 0.0 ms]
      [Ref Proc: 0.5 ms]
      [Ref Enq: 0.0 ms]
      [Redirty Cards: 0.5 ms]
      [Humongous Register: 0.1 ms]
      [Humongous Reclaim: 0.0 ms]
      [Free CSet: 0.3 ms]
   [Eden: 101.0M(101.0M)->0.0B(89.0M) Survivors: 1024.0K->13.0M Heap: 127.2M(2048.0M)->130.2M(2048.0M)]
 [Times: user=1.58 sys=0.02, real=0.24 secs] 
2020-09-29T12:22:09.855+0200: 90.010: [GC pause (G1 Evacuation Pause) (young), 0.1954285 secs]
   [Parallel Time: 190.0 ms, GC Workers: 8]
      [GC Worker Start (ms): Min: 90009.8, Avg: 90011.9, Max: 90023.2, Diff: 13.4]
      [Ext Root Scanning (ms): Min: 0.0, Avg: 0.2, Max: 0.3, Diff: 0.3, Sum: 1.5]
      [Update RS (ms): Min: 3.9, Avg: 13.7, Max: 15.8, Diff: 11.8, Sum: 109.5]
         [Processed Buffers: Min: 4, Avg: 6.1, Max: 9, Diff: 5, Sum: 49]
      [Scan RS (ms): Min: 15.7, Avg: 17.1, Max: 17.9, Diff: 2.2, Sum: 137.2]
      [Code Root Scanning (ms): Min: 0.0, Avg: 0.0, Max: 0.0, Diff: 0.0, Sum: 0.0]
      [Object Copy (ms): Min: 156.3, Avg: 156.5, Max: 156.7, Diff: 0.4, Sum: 1252.0]
      [Termination (ms): Min: 0.0, Avg: 0.1, Max: 0.2, Diff: 0.2, Sum: 0.9]
         [Termination Attempts: Min: 1, Avg: 199.9, Max: 259, Diff: 258, Sum: 1599]
      [GC Worker Other (ms): Min: 0.0, Avg: 0.1, Max: 0.1, Diff: 0.1, Sum: 0.4]
      [GC Worker Total (ms): Min: 176.4, Avg: 187.7, Max: 189.8, Diff: 13.5, Sum: 1501.6]
      [GC Worker End (ms): Min: 90199.6, Avg: 90199.6, Max: 90199.6, Diff: 0.1]
   [Code Root Fixup: 0.0 ms]
   [Code Root Purge: 0.0 ms]
   [Clear CT: 1.9 ms]
   [Other: 3.5 ms]
      [Choose CSet: 0.0 ms]
      [Ref Proc: 0.4 ms]
      [Ref Enq: 0.0 ms]
      [Redirty Cards: 2.2 ms]
      [Humongous Register: 0.1 ms]
      [Humongous Reclaim: 0.0 ms]
      [Free CSet: 0.2 ms]
   [Eden: 89.0M(89.0M)->0.0B(89.0M) Survivors: 13.0M->13.0M Heap: 234.4M(2048.0M)->233.9M(2048.0M)]
 [Times: user=1.47 sys=0.00, real=0.20 secs] 
2020-09-29T12:22:10.195+0200: 90.349: [GC pause (G1 Evacuation Pause) (young), 0.1758320 secs]
   [Parallel Time: 173.2 ms, GC Workers: 8]
      [GC Worker Start (ms): Min: 90349.6, Avg: 90349.9, Max: 90350.8, Diff: 1.2]
      [Ext Root Scanning (ms): Min: 0.0, Avg: 0.2, Max: 0.4, Diff: 0.4, Sum: 1.6]
      [Update RS (ms): Min: 16.3, Avg: 16.7, Max: 17.1, Diff: 0.7, Sum: 133.6]
         [Processed Buffers: Min: 5, Avg: 7.3, Max: 10, Diff: 5, Sum: 58]
      [Scan RS (ms): Min: 15.2, Avg: 15.6, Max: 16.1, Diff: 0.9, Sum: 124.9]
      [Code Root Scanning (ms): Min: 0.0, Avg: 0.0, Max: 0.0, Diff: 0.0, Sum: 0.0]
      [Object Copy (ms): Min: 139.5, Avg: 139.9, Max: 140.2, Diff: 0.6, Sum: 1119.2]
      [Termination (ms): Min: 0.0, Avg: 0.1, Max: 0.1, Diff: 0.1, Sum: 0.5]
         [Termination Attempts: Min: 1, Avg: 100.6, Max: 131, Diff: 130, Sum: 805]
      [GC Worker Other (ms): Min: 0.0, Avg: 0.1, Max: 0.1, Diff: 0.1, Sum: 0.5]
      [GC Worker Total (ms): Min: 171.6, Avg: 172.5, Max: 172.8, Diff: 1.3, Sum: 1380.3]
      [GC Worker End (ms): Min: 90522.4, Avg: 90522.4, Max: 90522.5, Diff: 0.1]
   [Code Root Fixup: 0.0 ms]
   [Code Root Purge: 0.0 ms]
   [Clear CT: 0.6 ms]
   [Other: 2.0 ms]
      [Choose CSet: 0.0 ms]
      [Ref Proc: 0.5 ms]
      [Ref Enq: 0.0 ms]
      [Redirty Cards: 0.7 ms]
      [Humongous Register: 0.1 ms]
      [Humongous Reclaim: 0.0 ms]
      [Free CSet: 0.2 ms]
   [Eden: 89.0M(89.0M)->0.0B(89.0M) Survivors: 13.0M->13.0M Heap: 338.2M(2048.0M)->339.7M(2048.0M)]
 [Times: user=1.36 sys=0.00, real=0.18 secs] 
2020-09-29T12:22:10.514+0200: 90.669: [GC pause (G1 Evacuation Pause) (young), 0.2080784 secs]
   [Parallel Time: 205.8 ms, GC Workers: 8]
      [GC Worker Start (ms): Min: 90668.8, Avg: 90672.8, Max: 90699.8, Diff: 31.0]
      [Ext Root Scanning (ms): Min: 0.0, Avg: 0.2, Max: 0.4, Diff: 0.4, Sum: 1.5]
      [Update RS (ms): Min: 0.0, Avg: 19.4, Max: 23.6, Diff: 23.6, Sum: 155.2]
         [Processed Buffers: Min: 0, Avg: 9.1, Max: 11, Diff: 11, Sum: 73]
      [Scan RS (ms): Min: 5.1, Avg: 12.5, Max: 14.3, Diff: 9.3, Sum: 100.4]
      [Code Root Scanning (ms): Min: 0.0, Avg: 0.0, Max: 0.0, Diff: 0.0, Sum: 0.0]
      [Object Copy (ms): Min: 168.9, Avg: 169.1, Max: 169.2, Diff: 0.3, Sum: 1352.7]
      [Termination (ms): Min: 0.0, Avg: 0.1, Max: 0.1, Diff: 0.1, Sum: 0.7]
         [Termination Attempts: Min: 1, Avg: 189.0, Max: 229, Diff: 228, Sum: 1512]
      [GC Worker Other (ms): Min: 0.0, Avg: 0.1, Max: 0.1, Diff: 0.1, Sum: 0.5]
      [GC Worker Total (ms): Min: 174.5, Avg: 201.4, Max: 205.4, Diff: 30.9, Sum: 1611.1]
      [GC Worker End (ms): Min: 90874.2, Avg: 90874.2, Max: 90874.3, Diff: 0.1]
   [Code Root Fixup: 0.0 ms]
   [Code Root Purge: 0.0 ms]
   [Clear CT: 0.5 ms]
   [Other: 1.7 ms]
      [Choose CSet: 0.0 ms]
      [Ref Proc: 0.5 ms]
      [Ref Enq: 0.0 ms]
      [Redirty Cards: 0.6 ms]
      [Humongous Register: 0.1 ms]
      [Humongous Reclaim: 0.0 ms]
      [Free CSet: 0.2 ms]
   [Eden: 89.0M(89.0M)->0.0B(89.0M) Survivors: 13.0M->13.0M Heap: 443.9M(2048.0M)->445.4M(2048.0M)]
 [Times: user=1.59 sys=0.00, real=0.21 secs] 
2020-09-29T12:22:10.790+0200: 90.945: [GC pause (G1 Evacuation Pause) (young), 0.0719341 secs]
   [Parallel Time: 71.0 ms, GC Workers: 8]
      [GC Worker Start (ms): Min: 90944.8, Avg: 90944.9, Max: 90945.0, Diff: 0.2]
      [Ext Root Scanning (ms): Min: 0.0, Avg: 0.1, Max: 0.1, Diff: 0.1, Sum: 0.6]
      [Update RS (ms): Min: 7.9, Avg: 9.3, Max: 15.6, Diff: 7.7, Sum: 74.1]
         [Processed Buffers: Min: 0, Avg: 6.8, Max: 8, Diff: 8, Sum: 54]
      [Scan RS (ms): Min: 0.0, Avg: 5.6, Max: 6.9, Diff: 6.9, Sum: 45.2]
      [Code Root Scanning (ms): Min: 0.0, Avg: 0.0, Max: 0.0, Diff: 0.0, Sum: 0.0]
      [Object Copy (ms): Min: 55.1, Avg: 55.8, Max: 56.0, Diff: 0.9, Sum: 446.1]
      [Termination (ms): Min: 0.0, Avg: 0.0, Max: 0.1, Diff: 0.1, Sum: 0.3]
         [Termination Attempts: Min: 1, Avg: 327.3, Max: 391, Diff: 390, Sum: 2618]
      [GC Worker Other (ms): Min: 0.0, Avg: 0.0, Max: 0.1, Diff: 0.0, Sum: 0.2]
      [GC Worker Total (ms): Min: 70.7, Avg: 70.8, Max: 70.9, Diff: 0.2, Sum: 566.6]
      [GC Worker End (ms): Min: 91015.7, Avg: 91015.7, Max: 91015.7, Diff: 0.0]
   [Code Root Fixup: 0.0 ms]
   [Code Root Purge: 0.0 ms]
   [Clear CT: 0.2 ms]
   [Other: 0.7 ms]
      [Choose CSet: 0.0 ms]
      [Ref Proc: 0.2 ms]
      [Ref Enq: 0.0 ms]
      [Redirty Cards: 0.2 ms]
      [Humongous Register: 0.0 ms]
      [Humongous Reclaim: 0.0 ms]
      [Free CSet: 0.1 ms]
   [Eden: 89.0M(89.0M)->0.0B(89.0M) Survivors: 13.0M->13.0M Heap: 547.8M(2048.0M)->549.3M(2048.0M)]
 [Times: user=0.47 sys=0.00, real=0.07 secs] 
2020-09-29T12:22:10.919+0200: 91.074: [GC pause (G1 Evacuation Pause) (young), 0.0555511 secs]
   [Parallel Time: 54.7 ms, GC Workers: 8]
      [GC Worker Start (ms): Min: 91074.0, Avg: 91074.1, Max: 91074.1, Diff: 0.2]
      [Ext Root Scanning (ms): Min: 0.0, Avg: 0.1, Max: 0.2, Diff: 0.2, Sum: 0.5]
      [Update RS (ms): Min: 6.4, Avg: 6.8, Max: 7.0, Diff: 0.6, Sum: 54.2]
         [Processed Buffers: Min: 7, Avg: 7.5, Max: 9, Diff: 2, Sum: 60]
      [Scan RS (ms): Min: 4.6, Avg: 4.9, Max: 5.3, Diff: 0.6, Sum: 39.3]
      [Code Root Scanning (ms): Min: 0.0, Avg: 0.0, Max: 0.0, Diff: 0.0, Sum: 0.0]
      [Object Copy (ms): Min: 42.6, Avg: 42.7, Max: 42.8, Diff: 0.2, Sum: 341.9]
      [Termination (ms): Min: 0.0, Avg: 0.0, Max: 0.0, Diff: 0.0, Sum: 0.1]
         [Termination Attempts: Min: 1, Avg: 88.3, Max: 120, Diff: 119, Sum: 706]
      [GC Worker Other (ms): Min: 0.0, Avg: 0.0, Max: 0.0, Diff: 0.0, Sum: 0.2]
      [GC Worker Total (ms): Min: 54.4, Avg: 54.5, Max: 54.6, Diff: 0.2, Sum: 436.2]
      [GC Worker End (ms): Min: 91128.6, Avg: 91128.6, Max: 91128.6, Diff: 0.0]
   [Code Root Fixup: 0.0 ms]
   [Code Root Purge: 0.0 ms]
   [Clear CT: 0.2 ms]
   [Other: 0.6 ms]
      [Choose CSet: 0.0 ms]
      [Ref Proc: 0.1 ms]
      [Ref Enq: 0.0 ms]
      [Redirty Cards: 0.2 ms]
      [Humongous Register: 0.0 ms]
      [Humongous Reclaim: 0.0 ms]
      [Free CSet: 0.1 ms]
   [Eden: 89.0M(89.0M)->0.0B(107.0M) Survivors: 13.0M->13.0M Heap: 653.6M(2048.0M)->655.6M(2048.0M)]
 [Times: user=0.50 sys=0.00, real=0.06 secs] 
2020-09-29T12:22:11.030+0200: 91.184: [GC pause (G1 Evacuation Pause) (young), 0.0894222 secs]
   [Parallel Time: 88.6 ms, GC Workers: 8]
      [GC Worker Start (ms): Min: 91184.5, Avg: 91184.5, Max: 91184.6, Diff: 0.1]
      [Ext Root Scanning (ms): Min: 0.0, Avg: 0.1, Max: 0.1, Diff: 0.1, Sum: 0.5]
      [Update RS (ms): Min: 7.3, Avg: 7.4, Max: 7.6, Diff: 0.2, Sum: 59.1]
         [Processed Buffers: Min: 8, Avg: 9.6, Max: 12, Diff: 4, Sum: 77]
      [Scan RS (ms): Min: 5.5, Avg: 5.6, Max: 5.8, Diff: 0.3, Sum: 44.6]
      [Code Root Scanning (ms): Min: 0.0, Avg: 0.0, Max: 0.0, Diff: 0.0, Sum: 0.0]
      [Object Copy (ms): Min: 74.6, Avg: 74.9, Max: 75.5, Diff: 0.9, Sum: 599.5]
      [Termination (ms): Min: 0.0, Avg: 0.5, Max: 0.6, Diff: 0.6, Sum: 3.8]
         [Termination Attempts: Min: 1, Avg: 3448.0, Max: 4537, Diff: 4536, Sum: 27584]
      [GC Worker Other (ms): Min: 0.0, Avg: 0.0, Max: 0.1, Diff: 0.0, Sum: 0.2]
      [GC Worker Total (ms): Min: 88.4, Avg: 88.5, Max: 88.5, Diff: 0.1, Sum: 707.8]
      [GC Worker End (ms): Min: 91273.0, Avg: 91273.0, Max: 91273.0, Diff: 0.0]
   [Code Root Fixup: 0.0 ms]
   [Code Root Purge: 0.0 ms]
   [Clear CT: 0.2 ms]
   [Other: 0.6 ms]
      [Choose CSet: 0.0 ms]
      [Ref Proc: 0.1 ms]
      [Ref Enq: 0.0 ms]
      [Redirty Cards: 0.1 ms]
      [Humongous Register: 0.0 ms]
      [Humongous Reclaim: 0.0 ms]
      [Free CSet: 0.1 ms]
   [Eden: 107.0M(107.0M)->0.0B(125.0M) Survivors: 13.0M->15.0M Heap: 781.6M(2048.0M)->783.6M(2048.0M)]
 [Times: user=0.72 sys=0.00, real=0.09 secs] 
2020-09-29T12:22:11.192+0200: 91.347: [GC pause (G1 Evacuation Pause) (young), 0.0809759 secs]
   [Parallel Time: 80.2 ms, GC Workers: 8]
      [GC Worker Start (ms): Min: 91347.1, Avg: 91347.2, Max: 91347.3, Diff: 0.2]
      [Ext Root Scanning (ms): Min: 0.0, Avg: 0.1, Max: 0.2, Diff: 0.2, Sum: 0.5]
      [Update RS (ms): Min: 9.3, Avg: 9.6, Max: 10.0, Diff: 0.7, Sum: 76.7]
         [Processed Buffers: Min: 8, Avg: 9.5, Max: 10, Diff: 2, Sum: 76]
      [Scan RS (ms): Min: 7.1, Avg: 7.6, Max: 8.1, Diff: 1.0, Sum: 60.4]
      [Code Root Scanning (ms): Min: 0.0, Avg: 0.0, Max: 0.0, Diff: 0.0, Sum: 0.0]
      [Object Copy (ms): Min: 62.5, Avg: 62.7, Max: 62.8, Diff: 0.3, Sum: 501.5]
      [Termination (ms): Min: 0.0, Avg: 0.0, Max: 0.0, Diff: 0.0, Sum: 0.2]
         [Termination Attempts: Min: 1, Avg: 181.6, Max: 221, Diff: 220, Sum: 1453]
      [GC Worker Other (ms): Min: 0.0, Avg: 0.0, Max: 0.0, Diff: 0.0, Sum: 0.2]
      [GC Worker Total (ms): Min: 79.9, Avg: 79.9, Max: 80.1, Diff: 0.2, Sum: 639.5]
      [GC Worker End (ms): Min: 91427.1, Avg: 91427.2, Max: 91427.2, Diff: 0.0]
   [Code Root Fixup: 0.0 ms]
   [Code Root Purge: 0.0 ms]
   [Clear CT: 0.2 ms]
   [Other: 0.6 ms]
      [Choose CSet: 0.0 ms]
      [Ref Proc: 0.1 ms]
      [Ref Enq: 0.0 ms]
      [Redirty Cards: 0.2 ms]
      [Humongous Register: 0.0 ms]
      [Humongous Reclaim: 0.0 ms]
      [Free CSet: 0.1 ms]
   [Eden: 125.0M(125.0M)->0.0B(146.0M) Survivors: 15.0M->18.0M Heap: 927.7M(2048.0M)->929.7M(2048.0M)]
 [Times: user=0.72 sys=0.00, real=0.08 secs] 
2020-09-29T12:22:11.282+0200: 91.436: [GC pause (G1 Humongous Allocation) (young) (initial-mark), 0.0272681 secs]
   [Parallel Time: 26.6 ms, GC Workers: 8]
      [GC Worker Start (ms): Min: 91436.6, Avg: 91436.6, Max: 91436.7, Diff: 0.1]
      [Ext Root Scanning (ms): Min: 0.0, Avg: 0.1, Max: 0.2, Diff: 0.2, Sum: 1.0]
      [Update RS (ms): Min: 11.7, Avg: 12.0, Max: 12.3, Diff: 0.6, Sum: 96.2]
         [Processed Buffers: Min: 12, Avg: 14.8, Max: 16, Diff: 4, Sum: 118]
      [Scan RS (ms): Min: 0.9, Avg: 1.2, Max: 1.6, Diff: 0.7, Sum: 10.0]
      [Code Root Scanning (ms): Min: 0.0, Avg: 0.0, Max: 0.0, Diff: 0.0, Sum: 0.0]
      [Object Copy (ms): Min: 12.7, Avg: 13.0, Max: 13.1, Diff: 0.4, Sum: 103.8]
      [Termination (ms): Min: 0.0, Avg: 0.0, Max: 0.0, Diff: 0.0, Sum: 0.0]
         [Termination Attempts: Min: 1, Avg: 35.0, Max: 55, Diff: 54, Sum: 280]
      [GC Worker Other (ms): Min: 0.0, Avg: 0.0, Max: 0.0, Diff: 0.0, Sum: 0.1]
      [GC Worker Total (ms): Min: 26.3, Avg: 26.4, Max: 26.5, Diff: 0.1, Sum: 211.2]
      [GC Worker End (ms): Min: 91463.0, Avg: 91463.0, Max: 91463.0, Diff: 0.0]
   [Code Root Fixup: 0.0 ms]
   [Code Root Purge: 0.0 ms]
   [Clear CT: 0.2 ms]
   [Other: 0.5 ms]
      [Choose CSet: 0.0 ms]
      [Ref Proc: 0.1 ms]
      [Ref Enq: 0.0 ms]
      [Redirty Cards: 0.1 ms]
      [Humongous Register: 0.0 ms]
      [Humongous Reclaim: 0.0 ms]
      [Free CSet: 0.0 ms]
   [Eden: 12.0M(146.0M)->0.0B(182.0M) Survivors: 18.0M->14.0M Heap: 943.6M(2048.0M)->947.1M(2048.0M)]
 [Times: user=0.23 sys=0.00, real=0.03 secs] 
2020-09-29T12:22:11.309+0200: 91.464: [GC concurrent-root-region-scan-start]
2020-09-29T12:22:11.313+0200: 91.468: [GC concurrent-root-region-scan-end, 0.0039261 secs]
2020-09-29T12:22:11.313+0200: 91.468: [GC concurrent-mark-start]
2020-09-29T12:22:11.316+0200: 91.471: [GC concurrent-mark-end, 0.0030229 secs]
2020-09-29T12:22:11.316+0200: 91.471: [GC remark 2020-09-29T12:22:11.316+0200: 91.471: [Finalize Marking, 0.0003285 secs] 2020-09-29T12:22:11.317+0200: 91.471: [GC ref-proc, 0.0003652 secs] 2020-09-29T12:22:11.317+0200: 91.472: [Unloading, 0.0004656 secs], 0.0014902 secs]
 [Times: user=0.08 sys=0.00, real=0.00 secs] 
2020-09-29T12:22:11.318+0200: 91.473: [GC cleanup 962M->37M(2048M), 0.0012568 secs]
 [Times: user=0.00 sys=0.00, real=0.00 secs] 
2020-09-29T12:22:11.319+0200: 91.474: [GC concurrent-cleanup-start]
2020-09-29T12:22:11.320+0200: 91.475: [GC concurrent-cleanup-end, 0.0010159 secs]
2020-09-29T12:22:11.415+0200: 91.570: [GC pause (G1 Evacuation Pause) (young), 0.1258817 secs]
   [Parallel Time: 124.9 ms, GC Workers: 8]
      [GC Worker Start (ms): Min: 91570.3, Avg: 91570.4, Max: 91570.6, Diff: 0.2]
      [Ext Root Scanning (ms): Min: 0.0, Avg: 0.1, Max: 0.1, Diff: 0.1, Sum: 0.7]
      [Update RS (ms): Min: 13.0, Avg: 13.1, Max: 13.3, Diff: 0.3, Sum: 105.1]
         [Processed Buffers: Min: 11, Avg: 12.3, Max: 14, Diff: 3, Sum: 98]
      [Scan RS (ms): Min: 10.6, Avg: 10.9, Max: 11.1, Diff: 0.5, Sum: 86.8]
      [Code Root Scanning (ms): Min: 0.0, Avg: 0.0, Max: 0.0, Diff: 0.0, Sum: 0.0]
      [Object Copy (ms): Min: 100.2, Avg: 100.4, Max: 100.7, Diff: 0.5, Sum: 803.2]
      [Termination (ms): Min: 0.0, Avg: 0.2, Max: 0.2, Diff: 0.2, Sum: 1.6]
         [Termination Attempts: Min: 1, Avg: 1525.5, Max: 1824, Diff: 1823, Sum: 12204]
      [GC Worker Other (ms): Min: 0.0, Avg: 0.0, Max: 0.0, Diff: 0.0, Sum: 0.2]
      [GC Worker Total (ms): Min: 124.5, Avg: 124.7, Max: 124.8, Diff: 0.2, Sum: 997.6]
      [GC Worker End (ms): Min: 91695.1, Avg: 91695.1, Max: 91695.1, Diff: 0.0]
   [Code Root Fixup: 0.0 ms]
   [Code Root Purge: 0.0 ms]
   [Clear CT: 0.1 ms]
   [Other: 0.9 ms]
      [Choose CSet: 0.0 ms]
      [Ref Proc: 0.2 ms]
      [Ref Enq: 0.0 ms]
      [Redirty Cards: 0.2 ms]
      [Humongous Register: 0.0 ms]
      [Humongous Reclaim: 0.0 ms]
      [Free CSet: 0.2 ms]
   [Eden: 182.0M(182.0M)->0.0B(184.0M) Survivors: 14.0M->25.0M Heap: 234.0M(2048.0M)->222.5M(2048.0M)]
 [Times: user=0.94 sys=0.00, real=0.13 secs] 
2020-09-29T12:22:11.647+0200: 91.802: [GC pause (G1 Evacuation Pause) (young), 0.1063577 secs]
   [Parallel Time: 105.4 ms, GC Workers: 8]
      [GC Worker Start (ms): Min: 91802.1, Avg: 91802.1, Max: 91802.2, Diff: 0.1]
      [Ext Root Scanning (ms): Min: 0.0, Avg: 0.1, Max: 0.1, Diff: 0.1, Sum: 0.5]
      [Update RS (ms): Min: 9.5, Avg: 9.7, Max: 10.2, Diff: 0.7, Sum: 77.4]
         [Processed Buffers: Min: 10, Avg: 10.6, Max: 11, Diff: 1, Sum: 85]
      [Scan RS (ms): Min: 10.3, Avg: 10.9, Max: 11.1, Diff: 0.9, Sum: 87.2]
      [Code Root Scanning (ms): Min: 0.0, Avg: 0.0, Max: 0.0, Diff: 0.0, Sum: 0.0]
      [Object Copy (ms): Min: 84.5, Avg: 84.6, Max: 84.7, Diff: 0.2, Sum: 677.0]
      [Termination (ms): Min: 0.0, Avg: 0.0, Max: 0.1, Diff: 0.1, Sum: 0.3]
         [Termination Attempts: Min: 1, Avg: 210.8, Max: 319, Diff: 318, Sum: 1686]
      [GC Worker Other (ms): Min: 0.0, Avg: 0.0, Max: 0.1, Diff: 0.1, Sum: 0.3]
      [GC Worker Total (ms): Min: 105.3, Avg: 105.3, Max: 105.4, Diff: 0.1, Sum: 842.6]
      [GC Worker End (ms): Min: 91907.4, Avg: 91907.5, Max: 91907.5, Diff: 0.1]
   [Code Root Fixup: 0.0 ms]
   [Code Root Purge: 0.0 ms]
   [Clear CT: 0.2 ms]
   [Other: 0.7 ms]
      [Choose CSet: 0.0 ms]
      [Ref Proc: 0.2 ms]
      [Ref Enq: 0.0 ms]
      [Redirty Cards: 0.2 ms]
      [Humongous Register: 0.0 ms]
      [Humongous Reclaim: 0.0 ms]
      [Free CSet: 0.1 ms]
   [Eden: 184.0M(184.0M)->0.0B(202.0M) Survivors: 25.0M->27.0M Heap: 437.0M(2048.0M)->439.0M(2048.0M)]
 [Times: user=0.75 sys=0.00, real=0.11 secs] 
2020-09-29T12:22:11.865+0200: 92.020: [GC pause (G1 Evacuation Pause) (young), 0.1358907 secs]
   [Parallel Time: 134.8 ms, GC Workers: 8]
      [GC Worker Start (ms): Min: 92020.1, Avg: 92020.2, Max: 92020.4, Diff: 0.3]
      [Ext Root Scanning (ms): Min: 0.0, Avg: 0.1, Max: 0.2, Diff: 0.1, Sum: 0.7]
      [Update RS (ms): Min: 15.5, Avg: 15.9, Max: 16.6, Diff: 1.2, Sum: 127.3]
         [Processed Buffers: Min: 3, Avg: 11.9, Max: 15, Diff: 12, Sum: 95]
      [Scan RS (ms): Min: 14.6, Avg: 15.2, Max: 15.6, Diff: 1.1, Sum: 121.7]
      [Code Root Scanning (ms): Min: 0.0, Avg: 0.0, Max: 0.0, Diff: 0.0, Sum: 0.0]
      [Object Copy (ms): Min: 103.3, Avg: 103.4, Max: 103.4, Diff: 0.1, Sum: 826.8]
      [Termination (ms): Min: 0.0, Avg: 0.0, Max: 0.0, Diff: 0.0, Sum: 0.2]
         [Termination Attempts: Min: 1, Avg: 186.9, Max: 232, Diff: 231, Sum: 1495]
      [GC Worker Other (ms): Min: 0.0, Avg: 0.0, Max: 0.1, Diff: 0.0, Sum: 0.3]
      [GC Worker Total (ms): Min: 134.4, Avg: 134.6, Max: 134.7, Diff: 0.3, Sum: 1077.0]
      [GC Worker End (ms): Min: 92154.8, Avg: 92154.9, Max: 92154.9, Diff: 0.0]
   [Code Root Fixup: 0.0 ms]
   [Code Root Purge: 0.0 ms]
   [Clear CT: 0.2 ms]
   [Other: 0.9 ms]
      [Choose CSet: 0.0 ms]
      [Ref Proc: 0.2 ms]
      [Ref Enq: 0.0 ms]
      [Redirty Cards: 0.2 ms]
      [Humongous Register: 0.1 ms]
      [Humongous Reclaim: 0.0 ms]
      [Free CSet: 0.2 ms]
   [Eden: 194.0M(194.0M)->0.0B(216.0M) Survivors: 27.0M->28.0M Heap: 665.5M(2048.0M)->666.5M(2048.0M)]
 [Times: user=1.00 sys=0.00, real=0.14 secs] 
2020-09-29T12:22:12.137+0200: 92.291: [GC pause (G1 Evacuation Pause) (young), 0.1498339 secs]
   [Parallel Time: 148.6 ms, GC Workers: 8]
      [GC Worker Start (ms): Min: 92291.4, Avg: 92293.7, Max: 92308.4, Diff: 17.0]
      [Ext Root Scanning (ms): Min: 0.0, Avg: 0.1, Max: 0.2, Diff: 0.2, Sum: 0.6]
      [Update RS (ms): Min: 2.4, Avg: 17.4, Max: 20.6, Diff: 18.2, Sum: 139.5]
         [Processed Buffers: Min: 4, Avg: 14.9, Max: 18, Diff: 14, Sum: 119]
      [Scan RS (ms): Min: 13.0, Avg: 14.1, Max: 14.6, Diff: 1.6, Sum: 112.6]
      [Code Root Scanning (ms): Min: 0.0, Avg: 0.0, Max: 0.0, Diff: 0.0, Sum: 0.0]
      [Object Copy (ms): Min: 114.4, Avg: 114.5, Max: 114.5, Diff: 0.2, Sum: 915.9]
      [Termination (ms): Min: 0.0, Avg: 0.1, Max: 0.1, Diff: 0.1, Sum: 0.5]
         [Termination Attempts: Min: 1, Avg: 441.1, Max: 550, Diff: 549, Sum: 3529]
      [GC Worker Other (ms): Min: 0.0, Avg: 0.0, Max: 0.1, Diff: 0.1, Sum: 0.3]
      [GC Worker Total (ms): Min: 131.4, Avg: 146.2, Max: 148.4, Diff: 17.0, Sum: 1169.4]
      [GC Worker End (ms): Min: 92439.8, Avg: 92439.8, Max: 92439.9, Diff: 0.1]
   [Code Root Fixup: 0.0 ms]
   [Code Root Purge: 0.0 ms]
   [Clear CT: 0.2 ms]
   [Other: 1.0 ms]
      [Choose CSet: 0.0 ms]
      [Ref Proc: 0.2 ms]
      [Ref Enq: 0.0 ms]
      [Redirty Cards: 0.4 ms]
      [Humongous Register: 0.0 ms]
      [Humongous Reclaim: 0.0 ms]
      [Free CSet: 0.2 ms]
   [Eden: 216.0M(216.0M)->0.0B(218.0M) Survivors: 28.0M->31.0M Heap: 918.7M(2048.0M)->921.7M(2048.0M)]
 [Times: user=1.11 sys=0.02, real=0.15 secs] 
2020-09-29T12:22:12.374+0200: 92.529: [GC pause (G1 Humongous Allocation) (young) (initial-mark), 0.1239510 secs]
   [Parallel Time: 122.9 ms, GC Workers: 8]
      [GC Worker Start (ms): Min: 92528.9, Avg: 92529.0, Max: 92529.1, Diff: 0.2]
      [Ext Root Scanning (ms): Min: 0.0, Avg: 1.1, Max: 5.3, Diff: 5.3, Sum: 8.5]
      [Update RS (ms): Min: 10.5, Avg: 14.9, Max: 16.3, Diff: 5.8, Sum: 119.3]
         [Processed Buffers: Min: 9, Avg: 13.8, Max: 16, Diff: 7, Sum: 110]
      [Scan RS (ms): Min: 6.9, Avg: 7.3, Max: 7.7, Diff: 0.9, Sum: 58.6]
      [Code Root Scanning (ms): Min: 0.0, Avg: 0.0, Max: 0.0, Diff: 0.0, Sum: 0.0]
      [Object Copy (ms): Min: 98.6, Avg: 98.8, Max: 99.5, Diff: 0.9, Sum: 790.5]
      [Termination (ms): Min: 0.0, Avg: 0.6, Max: 0.8, Diff: 0.8, Sum: 5.1]
         [Termination Attempts: Min: 1, Avg: 3762.8, Max: 4918, Diff: 4917, Sum: 30102]
      [GC Worker Other (ms): Min: 0.0, Avg: 0.0, Max: 0.0, Diff: 0.0, Sum: 0.1]
      [GC Worker Total (ms): Min: 122.7, Avg: 122.8, Max: 122.8, Diff: 0.2, Sum: 982.1]
      [GC Worker End (ms): Min: 92651.8, Avg: 92651.8, Max: 92651.8, Diff: 0.0]
   [Code Root Fixup: 0.0 ms]
   [Code Root Purge: 0.0 ms]
   [Clear CT: 0.2 ms]
   [Other: 0.9 ms]
      [Choose CSet: 0.0 ms]
      [Ref Proc: 0.2 ms]
      [Ref Enq: 0.0 ms]
      [Redirty Cards: 0.2 ms]
      [Humongous Register: 0.0 ms]
      [Humongous Reclaim: 0.0 ms]
      [Free CSet: 0.2 ms]
   [Eden: 140.0M(218.0M)->0.0B(221.0M) Survivors: 31.0M->32.0M Heap: 1084.6M(2048.0M)->1085.6M(2048.0M)]
 [Times: user=0.95 sys=0.00, real=0.12 secs] 
2020-09-29T12:22:12.498+0200: 92.653: [GC concurrent-root-region-scan-start]
2020-09-29T12:22:12.509+0200: 92.664: [GC concurrent-root-region-scan-end, 0.0108684 secs]
2020-09-29T12:22:12.509+0200: 92.664: [GC concurrent-mark-start]
2020-09-29T12:22:12.513+0200: 92.668: [GC concurrent-mark-end, 0.0036370 secs]
2020-09-29T12:22:12.515+0200: 92.670: [GC remark 2020-09-29T12:22:12.515+0200: 92.670: [Finalize Marking, 0.0004519 secs] 2020-09-29T12:22:12.515+0200: 92.670: [GC ref-proc, 0.0004171 secs] 2020-09-29T12:22:12.516+0200: 92.671: [Unloading, 0.0004551 secs], 0.0016894 secs]
 [Times: user=0.00 sys=0.00, real=0.00 secs] 
2020-09-29T12:22:12.517+0200: 92.672: [GC cleanup 1105M->59M(2048M), 0.0016242 secs]
 [Times: user=0.00 sys=0.00, real=0.00 secs] 
2020-09-29T12:22:12.519+0200: 92.673: [GC concurrent-cleanup-start]
2020-09-29T12:22:12.520+0200: 92.675: [GC concurrent-cleanup-end, 0.0016331 secs]
2020-09-29T12:22:12.656+0200: 92.811: [GC pause (G1 Evacuation Pause) (young), 0.1628026 secs]
   [Parallel Time: 161.6 ms, GC Workers: 8]
      [GC Worker Start (ms): Min: 92811.1, Avg: 92811.2, Max: 92811.3, Diff: 0.1]
      [Ext Root Scanning (ms): Min: 0.0, Avg: 0.1, Max: 0.1, Diff: 0.1, Sum: 0.6]
      [Update RS (ms): Min: 18.2, Avg: 18.4, Max: 18.6, Diff: 0.4, Sum: 146.9]
         [Processed Buffers: Min: 12, Avg: 18.8, Max: 22, Diff: 10, Sum: 150]
      [Scan RS (ms): Min: 8.1, Avg: 8.3, Max: 8.5, Diff: 0.4, Sum: 66.6]
      [Code Root Scanning (ms): Min: 0.0, Avg: 0.0, Max: 0.0, Diff: 0.0, Sum: 0.0]
      [Object Copy (ms): Min: 133.7, Avg: 134.1, Max: 134.6, Diff: 0.9, Sum: 1072.5]
      [Termination (ms): Min: 0.0, Avg: 0.6, Max: 1.0, Diff: 0.9, Sum: 4.6]
         [Termination Attempts: Min: 1, Avg: 3294.9, Max: 4868, Diff: 4867, Sum: 26359]
      [GC Worker Other (ms): Min: 0.0, Avg: 0.0, Max: 0.1, Diff: 0.0, Sum: 0.3]
      [GC Worker Total (ms): Min: 161.4, Avg: 161.4, Max: 161.5, Diff: 0.1, Sum: 1291.5]
      [GC Worker End (ms): Min: 92972.6, Avg: 92972.6, Max: 92972.6, Diff: 0.0]
   [Code Root Fixup: 0.0 ms]
   [Code Root Purge: 0.0 ms]
   [Clear CT: 0.2 ms]
   [Other: 1.0 ms]
      [Choose CSet: 0.0 ms]
      [Ref Proc: 0.2 ms]
      [Ref Enq: 0.0 ms]
      [Redirty Cards: 0.2 ms]
      [Humongous Register: 0.0 ms]
      [Humongous Reclaim: 0.0 ms]
      [Free CSet: 0.2 ms]
   [Eden: 221.0M(221.0M)->0.0B(224.0M) Survivors: 32.0M->32.0M Heap: 299.1M(2048.0M)->269.1M(2048.0M)]
 [Times: user=1.20 sys=0.02, real=0.16 secs] 
2020-09-29T12:22:12.946+0200: 93.101: [GC pause (G1 Evacuation Pause) (young), 0.1430782 secs]
   [Parallel Time: 142.0 ms, GC Workers: 8]
      [GC Worker Start (ms): Min: 93101.0, Avg: 93101.1, Max: 93101.1, Diff: 0.2]
      [Ext Root Scanning (ms): Min: 0.0, Avg: 0.1, Max: 0.1, Diff: 0.1, Sum: 0.5]
      [Update RS (ms): Min: 16.9, Avg: 17.2, Max: 18.0, Diff: 1.2, Sum: 137.5]
         [Processed Buffers: Min: 16, Avg: 17.3, Max: 19, Diff: 3, Sum: 138]
      [Scan RS (ms): Min: 11.7, Avg: 12.5, Max: 12.8, Diff: 1.1, Sum: 100.2]
      [Code Root Scanning (ms): Min: 0.0, Avg: 0.0, Max: 0.0, Diff: 0.0, Sum: 0.0]
      [Object Copy (ms): Min: 111.7, Avg: 111.8, Max: 112.0, Diff: 0.2, Sum: 894.6]
      [Termination (ms): Min: 0.0, Avg: 0.1, Max: 0.2, Diff: 0.2, Sum: 1.0]
         [Termination Attempts: Min: 1, Avg: 817.0, Max: 1193, Diff: 1192, Sum: 6536]
      [GC Worker Other (ms): Min: 0.0, Avg: 0.0, Max: 0.1, Diff: 0.1, Sum: 0.3]
      [GC Worker Total (ms): Min: 141.7, Avg: 141.8, Max: 141.9, Diff: 0.2, Sum: 1134.1]
      [GC Worker End (ms): Min: 93242.8, Avg: 93242.8, Max: 93242.9, Diff: 0.0]
   [Code Root Fixup: 0.0 ms]
   [Code Root Purge: 0.0 ms]
   [Clear CT: 0.2 ms]
   [Other: 0.9 ms]
      [Choose CSet: 0.0 ms]
      [Ref Proc: 0.2 ms]
      [Ref Enq: 0.0 ms]
      [Redirty Cards: 0.2 ms]
      [Humongous Register: 0.0 ms]
      [Humongous Reclaim: 0.0 ms]
      [Free CSet: 0.2 ms]
   [Eden: 224.0M(224.0M)->0.0B(241.0M) Survivors: 32.0M->32.0M Heap: 529.4M(2048.0M)->531.9M(2048.0M)]
 [Times: user=1.11 sys=0.00, real=0.14 secs] 
2020-09-29T12:22:13.215+0200: 93.370: [GC pause (G1 Evacuation Pause) (young), 0.1516778 secs]
   [Parallel Time: 150.7 ms, GC Workers: 8]
      [GC Worker Start (ms): Min: 93370.4, Avg: 93370.5, Max: 93370.6, Diff: 0.2]
      [Ext Root Scanning (ms): Min: 0.0, Avg: 0.1, Max: 0.2, Diff: 0.2, Sum: 0.5]
      [Update RS (ms): Min: 20.3, Avg: 20.7, Max: 21.0, Diff: 0.7, Sum: 165.7]
         [Processed Buffers: Min: 19, Avg: 21.3, Max: 24, Diff: 5, Sum: 170]
      [Scan RS (ms): Min: 12.1, Avg: 12.4, Max: 12.7, Diff: 0.6, Sum: 99.5]
      [Code Root Scanning (ms): Min: 0.0, Avg: 0.0, Max: 0.0, Diff: 0.0, Sum: 0.0]
      [Object Copy (ms): Min: 117.0, Avg: 117.2, Max: 117.3, Diff: 0.3, Sum: 937.6]
      [Termination (ms): Min: 0.0, Avg: 0.1, Max: 0.1, Diff: 0.1, Sum: 0.4]
         [Termination Attempts: Min: 1, Avg: 346.4, Max: 473, Diff: 472, Sum: 2771]
      [GC Worker Other (ms): Min: 0.0, Avg: 0.0, Max: 0.1, Diff: 0.0, Sum: 0.3]
      [GC Worker Total (ms): Min: 150.4, Avg: 150.5, Max: 150.6, Diff: 0.2, Sum: 1204.0]
      [GC Worker End (ms): Min: 93521.0, Avg: 93521.0, Max: 93521.0, Diff: 0.0]
   [Code Root Fixup: 0.0 ms]
   [Code Root Purge: 0.0 ms]
   [Clear CT: 0.2 ms]
   [Other: 0.8 ms]
      [Choose CSet: 0.0 ms]
      [Ref Proc: 0.2 ms]
      [Ref Enq: 0.0 ms]
      [Redirty Cards: 0.2 ms]
      [Humongous Register: 0.1 ms]
      [Humongous Reclaim: 0.0 ms]
      [Free CSet: 0.2 ms]
   [Eden: 241.0M(241.0M)->0.0B(247.0M) Survivors: 32.0M->35.0M Heap: 812.9M(2048.0M)->814.9M(2048.0M)]
 [Times: user=1.25 sys=0.00, real=0.15 secs] 
2020-09-29T12:22:13.497+0200: 93.653: [GC pause (G1 Evacuation Pause) (young), 0.1572035 secs]
   [Parallel Time: 156.0 ms, GC Workers: 8]
      [GC Worker Start (ms): Min: 93652.8, Avg: 93652.9, Max: 93653.1, Diff: 0.3]
      [Ext Root Scanning (ms): Min: 0.0, Avg: 0.1, Max: 0.3, Diff: 0.3, Sum: 0.8]
      [Update RS (ms): Min: 24.4, Avg: 24.8, Max: 25.1, Diff: 0.7, Sum: 198.1]
         [Processed Buffers: Min: 19, Avg: 22.0, Max: 24, Diff: 5, Sum: 176]
      [Scan RS (ms): Min: 11.8, Avg: 12.1, Max: 12.4, Diff: 0.6, Sum: 96.7]
      [Code Root Scanning (ms): Min: 0.0, Avg: 0.0, Max: 0.0, Diff: 0.0, Sum: 0.0]
      [Object Copy (ms): Min: 118.7, Avg: 118.7, Max: 118.8, Diff: 0.1, Sum: 949.9]
      [Termination (ms): Min: 0.0, Avg: 0.1, Max: 0.1, Diff: 0.1, Sum: 0.7]
         [Termination Attempts: Min: 1, Avg: 544.1, Max: 740, Diff: 739, Sum: 4353]
      [GC Worker Other (ms): Min: 0.0, Avg: 0.0, Max: 0.1, Diff: 0.1, Sum: 0.4]
      [GC Worker Total (ms): Min: 155.6, Avg: 155.8, Max: 155.9, Diff: 0.3, Sum: 1246.7]
      [GC Worker End (ms): Min: 93808.7, Avg: 93808.7, Max: 93808.7, Diff: 0.1]
   [Code Root Fixup: 0.0 ms]
   [Code Root Purge: 0.0 ms]
   [Clear CT: 0.2 ms]
   [Other: 1.0 ms]
      [Choose CSet: 0.0 ms]
      [Ref Proc: 0.3 ms]
      [Ref Enq: 0.0 ms]
      [Redirty Cards: 0.2 ms]
      [Humongous Register: 0.1 ms]
      [Humongous Reclaim: 0.0 ms]
      [Free CSet: 0.2 ms]
   [Eden: 247.0M(247.0M)->0.0B(254.0M) Survivors: 35.0M->36.0M Heap: 1103.9M(2048.0M)->1105.9M(2048.0M)]
 [Times: user=1.23 sys=0.00, real=0.16 secs] 
2020-09-29T12:22:13.665+0200: 93.821: [GC pause (G1 Humongous Allocation) (young) (initial-mark), 0.0467782 secs]
   [Parallel Time: 45.9 ms, GC Workers: 8]
      [GC Worker Start (ms): Min: 93820.8, Avg: 93820.8, Max: 93820.9, Diff: 0.1]
      [Ext Root Scanning (ms): Min: 0.1, Avg: 0.1, Max: 0.1, Diff: 0.1, Sum: 0.7]
      [Update RS (ms): Min: 25.5, Avg: 25.7, Max: 26.0, Diff: 0.5, Sum: 206.0]
         [Processed Buffers: Min: 26, Avg: 31.1, Max: 33, Diff: 7, Sum: 249]
      [Scan RS (ms): Min: 2.1, Avg: 2.4, Max: 2.6, Diff: 0.5, Sum: 18.9]
      [Code Root Scanning (ms): Min: 0.0, Avg: 0.0, Max: 0.0, Diff: 0.0, Sum: 0.0]
      [Object Copy (ms): Min: 17.5, Avg: 17.6, Max: 17.6, Diff: 0.1, Sum: 140.5]
      [Termination (ms): Min: 0.0, Avg: 0.0, Max: 0.0, Diff: 0.0, Sum: 0.1]
         [Termination Attempts: Min: 1, Avg: 44.0, Max: 58, Diff: 57, Sum: 352]
      [GC Worker Other (ms): Min: 0.0, Avg: 0.0, Max: 0.0, Diff: 0.0, Sum: 0.1]
      [GC Worker Total (ms): Min: 45.7, Avg: 45.8, Max: 45.8, Diff: 0.1, Sum: 366.2]
      [GC Worker End (ms): Min: 93866.6, Avg: 93866.6, Max: 93866.6, Diff: 0.0]
   [Code Root Fixup: 0.0 ms]
   [Code Root Purge: 0.0 ms]
   [Clear CT: 0.1 ms]
   [Other: 0.8 ms]
      [Choose CSet: 0.0 ms]
      [Ref Proc: 0.2 ms]
      [Ref Enq: 0.0 ms]
      [Redirty Cards: 0.1 ms]
      [Humongous Register: 0.1 ms]
      [Humongous Reclaim: 0.0 ms]
      [Free CSet: 0.1 ms]
   [Eden: 6144.0K(254.0M)->0.0B(302.0M) Survivors: 36.0M->8192.0K Heap: 1111.4M(2048.0M)->1115.4M(2048.0M)]
 [Times: user=0.38 sys=0.00, real=0.05 secs] 
2020-09-29T12:22:13.712+0200: 93.868: [GC concurrent-root-region-scan-start]
2020-09-29T12:22:13.714+0200: 93.869: [GC concurrent-root-region-scan-end, 0.0016641 secs]
2020-09-29T12:22:13.714+0200: 93.869: [GC concurrent-mark-start]
2020-09-29T12:22:13.718+0200: 93.873: [GC concurrent-mark-end, 0.0034526 secs]
2020-09-29T12:22:13.718+0200: 93.873: [GC remark 2020-09-29T12:22:13.718+0200: 93.873: [Finalize Marking, 0.0002061 secs] 2020-09-29T12:22:13.718+0200: 93.874: [GC ref-proc, 0.0004078 secs] 2020-09-29T12:22:13.719+0200: 93.874: [Unloading, 0.0005245 secs], 0.0015616 secs]
 [Times: user=0.00 sys=0.00, real=0.00 secs] 
2020-09-29T12:22:13.720+0200: 93.875: [GC cleanup 1128M->28M(2048M), 0.0012638 secs]
 [Times: user=0.00 sys=0.00, real=0.00 secs] 
2020-09-29T12:22:13.721+0200: 93.877: [GC concurrent-cleanup-start]
2020-09-29T12:22:13.724+0200: 93.879: [GC concurrent-cleanup-end, 0.0026156 secs]
2020-09-29T12:22:13.898+0200: 94.053: [GC pause (G1 Evacuation Pause) (young), 0.1749531 secs]
   [Parallel Time: 173.7 ms, GC Workers: 8]
      [GC Worker Start (ms): Min: 94053.2, Avg: 94053.2, Max: 94053.3, Diff: 0.1]
      [Ext Root Scanning (ms): Min: 0.0, Avg: 0.1, Max: 0.1, Diff: 0.1, Sum: 0.7]
      [Update RS (ms): Min: 15.9, Avg: 16.0, Max: 16.2, Diff: 0.2, Sum: 128.1]
         [Processed Buffers: Min: 12, Avg: 14.8, Max: 19, Diff: 7, Sum: 118]
      [Scan RS (ms): Min: 22.7, Avg: 22.8, Max: 22.9, Diff: 0.3, Sum: 182.3]
      [Code Root Scanning (ms): Min: 0.0, Avg: 0.0, Max: 0.0, Diff: 0.0, Sum: 0.0]
      [Object Copy (ms): Min: 134.4, Avg: 134.5, Max: 134.6, Diff: 0.2, Sum: 1076.1]
      [Termination (ms): Min: 0.0, Avg: 0.1, Max: 0.1, Diff: 0.1, Sum: 1.0]
         [Termination Attempts: Min: 1, Avg: 821.4, Max: 988, Diff: 987, Sum: 6571]
      [GC Worker Other (ms): Min: 0.0, Avg: 0.0, Max: 0.1, Diff: 0.1, Sum: 0.4]
      [GC Worker Total (ms): Min: 173.5, Avg: 173.6, Max: 173.6, Diff: 0.1, Sum: 1388.6]
      [GC Worker End (ms): Min: 94226.8, Avg: 94226.8, Max: 94226.8, Diff: 0.1]
   [Code Root Fixup: 0.0 ms]
   [Code Root Purge: 0.0 ms]
   [Clear CT: 0.2 ms]
   [Other: 1.1 ms]
      [Choose CSet: 0.0 ms]
      [Ref Proc: 0.2 ms]
      [Ref Enq: 0.0 ms]
      [Redirty Cards: 0.3 ms]
      [Humongous Register: 0.0 ms]
      [Humongous Reclaim: 0.0 ms]
      [Free CSet: 0.3 ms]
   [Eden: 302.0M(302.0M)->0.0B(265.0M) Survivors: 8192.0K->39.0M Heap: 369.5M(2048.0M)->363.5M(2048.0M)]
 [Times: user=1.38 sys=0.00, real=0.17 secs] 
2020-09-29T12:22:14.239+0200: 94.394: [GC pause (G1 Evacuation Pause) (young), 0.1655181 secs]
   [Parallel Time: 164.4 ms, GC Workers: 8]
      [GC Worker Start (ms): Min: 94394.5, Avg: 94394.6, Max: 94394.7, Diff: 0.1]
      [Ext Root Scanning (ms): Min: 0.0, Avg: 0.1, Max: 0.1, Diff: 0.1, Sum: 0.6]
      [Update RS (ms): Min: 16.8, Avg: 16.9, Max: 17.3, Diff: 0.5, Sum: 135.4]
         [Processed Buffers: Min: 15, Avg: 16.9, Max: 18, Diff: 3, Sum: 135]
      [Scan RS (ms): Min: 16.5, Avg: 16.8, Max: 17.1, Diff: 0.6, Sum: 134.6]
      [Code Root Scanning (ms): Min: 0.0, Avg: 0.0, Max: 0.0, Diff: 0.0, Sum: 0.0]
      [Object Copy (ms): Min: 130.1, Avg: 130.2, Max: 130.3, Diff: 0.3, Sum: 1041.4]
      [Termination (ms): Min: 0.0, Avg: 0.1, Max: 0.2, Diff: 0.2, Sum: 1.1]
         [Termination Attempts: Min: 1, Avg: 903.3, Max: 1294, Diff: 1293, Sum: 7226]
      [GC Worker Other (ms): Min: 0.0, Avg: 0.1, Max: 0.1, Diff: 0.1, Sum: 0.4]
      [GC Worker Total (ms): Min: 164.1, Avg: 164.2, Max: 164.3, Diff: 0.2, Sum: 1313.5]
      [GC Worker End (ms): Min: 94558.7, Avg: 94558.8, Max: 94558.8, Diff: 0.1]
   [Code Root Fixup: 0.0 ms]
   [Code Root Purge: 0.0 ms]
   [Clear CT: 0.2 ms]
   [Other: 1.0 ms]
      [Choose CSet: 0.0 ms]
      [Ref Proc: 0.2 ms]
      [Ref Enq: 0.0 ms]
      [Redirty Cards: 0.2 ms]
      [Humongous Register: 0.0 ms]
      [Humongous Reclaim: 0.0 ms]
      [Free CSet: 0.3 ms]
   [Eden: 265.0M(265.0M)->0.0B(267.0M) Survivors: 39.0M->38.0M Heap: 672.4M(2048.0M)->674.9M(2048.0M)]
 [Times: user=1.25 sys=0.00, real=0.17 secs] 
2020-09-29T12:22:14.563+0200: 94.718: [GC pause (G1 Evacuation Pause) (young), 0.1669009 secs]
   [Parallel Time: 165.8 ms, GC Workers: 8]
      [GC Worker Start (ms): Min: 94718.1, Avg: 94718.2, Max: 94718.3, Diff: 0.2]
      [Ext Root Scanning (ms): Min: 0.0, Avg: 0.1, Max: 0.2, Diff: 0.2, Sum: 0.6]
      [Update RS (ms): Min: 19.0, Avg: 19.3, Max: 19.7, Diff: 0.7, Sum: 154.2]
         [Processed Buffers: Min: 16, Avg: 17.4, Max: 20, Diff: 4, Sum: 139]
      [Scan RS (ms): Min: 17.1, Avg: 17.5, Max: 17.9, Diff: 0.8, Sum: 139.6]
      [Code Root Scanning (ms): Min: 0.0, Avg: 0.0, Max: 0.0, Diff: 0.0, Sum: 0.0]
      [Object Copy (ms): Min: 128.5, Avg: 128.7, Max: 128.8, Diff: 0.2, Sum: 1029.5]
      [Termination (ms): Min: 0.0, Avg: 0.0, Max: 0.0, Diff: 0.0, Sum: 0.0]
         [Termination Attempts: Min: 1, Avg: 25.8, Max: 43, Diff: 42, Sum: 206]
      [GC Worker Other (ms): Min: 0.0, Avg: 0.0, Max: 0.1, Diff: 0.1, Sum: 0.3]
      [GC Worker Total (ms): Min: 165.4, Avg: 165.5, Max: 165.6, Diff: 0.2, Sum: 1324.4]
      [GC Worker End (ms): Min: 94883.8, Avg: 94883.8, Max: 94883.8, Diff: 0.1]
   [Code Root Fixup: 0.0 ms]
   [Code Root Purge: 0.0 ms]
   [Clear CT: 0.2 ms]
   [Other: 1.0 ms]
      [Choose CSet: 0.0 ms]
      [Ref Proc: 0.2 ms]
      [Ref Enq: 0.0 ms]
      [Redirty Cards: 0.3 ms]
      [Humongous Register: 0.0 ms]
      [Humongous Reclaim: 0.0 ms]
      [Free CSet: 0.3 ms]
   [Eden: 267.0M(267.0M)->0.0B(268.0M) Survivors: 38.0M->39.0M Heap: 985.7M(2048.0M)->987.2M(2048.0M)]
 [Times: user=1.36 sys=0.02, real=0.17 secs] 
2020-09-29T12:22:14.740+0200: 94.895: [GC pause (G1 Humongous Allocation) (young) (initial-mark), 0.0611689 secs]
   [Parallel Time: 60.3 ms, GC Workers: 8]
      [GC Worker Start (ms): Min: 94894.8, Avg: 94894.8, Max: 94894.9, Diff: 0.2]
      [Ext Root Scanning (ms): Min: 0.0, Avg: 0.3, Max: 0.9, Diff: 0.9, Sum: 2.5]
      [Update RS (ms): Min: 29.2, Avg: 29.9, Max: 30.6, Diff: 1.5, Sum: 239.5]
         [Processed Buffers: Min: 33, Avg: 36.9, Max: 39, Diff: 6, Sum: 295]
      [Scan RS (ms): Min: 2.0, Avg: 2.5, Max: 2.7, Diff: 0.7, Sum: 19.6]
      [Code Root Scanning (ms): Min: 0.0, Avg: 0.0, Max: 0.0, Diff: 0.0, Sum: 0.0]
      [Object Copy (ms): Min: 27.1, Avg: 27.2, Max: 27.3, Diff: 0.2, Sum: 217.6]
      [Termination (ms): Min: 0.0, Avg: 0.2, Max: 0.2, Diff: 0.2, Sum: 1.3]
         [Termination Attempts: Min: 1, Avg: 1027.6, Max: 1449, Diff: 1448, Sum: 8221]
      [GC Worker Other (ms): Min: 0.0, Avg: 0.0, Max: 0.0, Diff: 0.0, Sum: 0.1]
      [GC Worker Total (ms): Min: 60.0, Avg: 60.1, Max: 60.1, Diff: 0.2, Sum: 480.6]
      [GC Worker End (ms): Min: 94954.9, Avg: 94954.9, Max: 94954.9, Diff: 0.0]
   [Code Root Fixup: 0.0 ms]
   [Code Root Purge: 0.0 ms]
   [Clear CT: 0.1 ms]
   [Other: 0.7 ms]
      [Choose CSet: 0.0 ms]
      [Ref Proc: 0.2 ms]
      [Ref Enq: 0.0 ms]
      [Redirty Cards: 0.1 ms]
      [Humongous Register: 0.1 ms]
      [Humongous Reclaim: 0.0 ms]
      [Free CSet: 0.1 ms]
   [Eden: 2048.0K(268.0M)->0.0B(265.0M) Survivors: 39.0M->4096.0K Heap: 988.7M(2048.0M)->992.7M(2048.0M)]
 [Times: user=0.34 sys=0.01, real=0.06 secs] 
2020-09-29T12:22:14.801+0200: 94.956: [GC concurrent-root-region-scan-start]
2020-09-29T12:22:14.802+0200: 94.957: [GC concurrent-root-region-scan-end, 0.0006824 secs]
2020-09-29T12:22:14.802+0200: 94.957: [GC concurrent-mark-start]
2020-09-29T12:22:14.805+0200: 94.960: [GC concurrent-mark-end, 0.0035438 secs]
2020-09-29T12:22:14.806+0200: 94.960: [GC remark 2020-09-29T12:22:14.806+0200: 94.960: [Finalize Marking, 0.0001718 secs] 2020-09-29T12:22:14.806+0200: 94.961: [GC ref-proc, 0.0004003 secs] 2020-09-29T12:22:14.806+0200: 94.961: [Unloading, 0.0005040 secs], 0.0014837 secs]
 [Times: user=0.00 sys=0.00, real=0.00 secs] 
2020-09-29T12:22:14.809+0200: 94.964: [GC cleanup 1005M->24M(2048M), 0.0013582 secs]
 [Times: user=0.00 sys=0.00, real=0.00 secs] 
2020-09-29T12:22:14.810+0200: 94.965: [GC concurrent-cleanup-start]
2020-09-29T12:22:14.812+0200: 94.967: [GC concurrent-cleanup-end, 0.0018212 secs]
2020-09-29T12:22:14.949+0200: 95.103: [GC pause (G1 Evacuation Pause) (young), 0.1560583 secs]
   [Parallel Time: 154.8 ms, GC Workers: 8]
      [GC Worker Start (ms): Min: 95103.5, Avg: 95103.6, Max: 95103.6, Diff: 0.2]
      [Ext Root Scanning (ms): Min: 0.0, Avg: 0.1, Max: 0.1, Diff: 0.1, Sum: 0.5]
      [Update RS (ms): Min: 18.1, Avg: 18.2, Max: 18.3, Diff: 0.1, Sum: 145.3]
         [Processed Buffers: Min: 17, Avg: 19.3, Max: 22, Diff: 5, Sum: 154]
      [Scan RS (ms): Min: 15.9, Avg: 16.1, Max: 16.3, Diff: 0.3, Sum: 128.7]
      [Code Root Scanning (ms): Min: 0.0, Avg: 0.0, Max: 0.0, Diff: 0.0, Sum: 0.0]
      [Object Copy (ms): Min: 120.0, Avg: 120.1, Max: 120.1, Diff: 0.1, Sum: 960.6]
      [Termination (ms): Min: 0.0, Avg: 0.1, Max: 0.2, Diff: 0.2, Sum: 1.1]
         [Termination Attempts: Min: 1, Avg: 911.4, Max: 1106, Diff: 1105, Sum: 7291]
      [GC Worker Other (ms): Min: 0.0, Avg: 0.1, Max: 0.1, Diff: 0.1, Sum: 0.5]
      [GC Worker Total (ms): Min: 154.5, Avg: 154.6, Max: 154.7, Diff: 0.2, Sum: 1236.7]
      [GC Worker End (ms): Min: 95258.1, Avg: 95258.1, Max: 95258.2, Diff: 0.1]
   [Code Root Fixup: 0.0 ms]
   [Code Root Purge: 0.0 ms]
   [Clear CT: 0.2 ms]
   [Other: 1.0 ms]
      [Choose CSet: 0.0 ms]
      [Ref Proc: 0.1 ms]
      [Ref Enq: 0.0 ms]
      [Redirty Cards: 0.4 ms]
      [Humongous Register: 0.0 ms]
      [Humongous Reclaim: 0.0 ms]
      [Free CSet: 0.2 ms]
   [Eden: 265.0M(265.0M)->0.0B(248.0M) Survivors: 4096.0K->34.0M Heap: 322.3M(2048.0M)->320.3M(2048.0M)]
 [Times: user=1.17 sys=0.05, real=0.16 secs] 
2020-09-29T12:22:15.241+0200: 95.396: [GC pause (G1 Evacuation Pause) (young), 0.1501114 secs]
   [Parallel Time: 149.0 ms, GC Workers: 8]
      [GC Worker Start (ms): Min: 95396.0, Avg: 95396.0, Max: 95396.1, Diff: 0.1]
      [Ext Root Scanning (ms): Min: 0.0, Avg: 0.1, Max: 0.1, Diff: 0.1, Sum: 0.6]
      [Update RS (ms): Min: 21.7, Avg: 22.1, Max: 22.5, Diff: 0.8, Sum: 177.0]
         [Processed Buffers: Min: 20, Avg: 22.6, Max: 27, Diff: 7, Sum: 181]
      [Scan RS (ms): Min: 12.4, Avg: 12.7, Max: 13.3, Diff: 0.9, Sum: 101.9]
      [Code Root Scanning (ms): Min: 0.0, Avg: 0.0, Max: 0.0, Diff: 0.0, Sum: 0.0]
      [Object Copy (ms): Min: 113.7, Avg: 113.8, Max: 113.9, Diff: 0.2, Sum: 910.5]
      [Termination (ms): Min: 0.0, Avg: 0.0, Max: 0.0, Diff: 0.0, Sum: 0.1]
         [Termination Attempts: Min: 1, Avg: 108.3, Max: 144, Diff: 143, Sum: 866]
      [GC Worker Other (ms): Min: 0.0, Avg: 0.0, Max: 0.1, Diff: 0.0, Sum: 0.3]
      [GC Worker Total (ms): Min: 148.8, Avg: 148.8, Max: 148.9, Diff: 0.1, Sum: 1190.5]
      [GC Worker End (ms): Min: 95544.8, Avg: 95544.9, Max: 95544.9, Diff: 0.0]
   [Code Root Fixup: 0.0 ms]
   [Code Root Purge: 0.0 ms]
   [Clear CT: 0.2 ms]
   [Other: 1.0 ms]
      [Choose CSet: 0.0 ms]
      [Ref Proc: 0.2 ms]
      [Ref Enq: 0.0 ms]
      [Redirty Cards: 0.3 ms]
      [Humongous Register: 0.0 ms]
      [Humongous Reclaim: 0.0 ms]
      [Free CSet: 0.2 ms]
   [Eden: 248.0M(248.0M)->0.0B(260.0M) Survivors: 34.0M->36.0M Heap: 608.3M(2048.0M)->610.8M(2048.0M)]
 [Times: user=1.08 sys=0.02, real=0.15 secs] 
2020-09-29T12:22:15.557+0200: 95.711: [GC pause (G1 Evacuation Pause) (young), 0.1841469 secs]
   [Parallel Time: 183.0 ms, GC Workers: 8]
      [GC Worker Start (ms): Min: 95711.5, Avg: 95711.9, Max: 95713.3, Diff: 1.8]
      [Ext Root Scanning (ms): Min: 0.0, Avg: 0.1, Max: 0.2, Diff: 0.2, Sum: 0.6]
      [Update RS (ms): Min: 19.3, Avg: 20.8, Max: 21.7, Diff: 2.4, Sum: 166.6]
         [Processed Buffers: Min: 9, Avg: 17.3, Max: 24, Diff: 15, Sum: 138]
      [Scan RS (ms): Min: 17.2, Avg: 18.9, Max: 25.6, Diff: 8.4, Sum: 151.1]
      [Code Root Scanning (ms): Min: 0.0, Avg: 0.0, Max: 0.0, Diff: 0.0, Sum: 0.0]
      [Object Copy (ms): Min: 135.8, Avg: 142.5, Max: 143.6, Diff: 7.7, Sum: 1140.2]
      [Termination (ms): Min: 0.0, Avg: 0.2, Max: 0.2, Diff: 0.2, Sum: 1.4]
         [Termination Attempts: Min: 1, Avg: 1088.6, Max: 1356, Diff: 1355, Sum: 8709]
      [GC Worker Other (ms): Min: 0.0, Avg: 0.0, Max: 0.1, Diff: 0.1, Sum: 0.3]
      [GC Worker Total (ms): Min: 181.1, Avg: 182.5, Max: 182.8, Diff: 1.8, Sum: 1460.2]
      [GC Worker End (ms): Min: 95894.4, Avg: 95894.4, Max: 95894.4, Diff: 0.1]
   [Code Root Fixup: 0.0 ms]
   [Code Root Purge: 0.0 ms]
   [Clear CT: 0.1 ms]
   [Other: 1.0 ms]
      [Choose CSet: 0.0 ms]
      [Ref Proc: 0.2 ms]
      [Ref Enq: 0.0 ms]
      [Redirty Cards: 0.2 ms]
      [Humongous Register: 0.0 ms]
      [Humongous Reclaim: 0.0 ms]
      [Free CSet: 0.3 ms]
   [Eden: 260.0M(260.0M)->0.0B(250.0M) Survivors: 36.0M->37.0M Heap: 914.7M(2048.0M)->916.7M(2048.0M)]
 [Times: user=1.36 sys=0.00, real=0.18 secs] 
2020-09-29T12:22:15.867+0200: 96.022: [GC pause (G1 Humongous Allocation) (young) (initial-mark), 0.1372596 secs]
   [Parallel Time: 136.2 ms, GC Workers: 8]
      [GC Worker Start (ms): Min: 96022.1, Avg: 96022.2, Max: 96022.2, Diff: 0.2]
      [Ext Root Scanning (ms): Min: 0.0, Avg: 0.1, Max: 0.2, Diff: 0.2, Sum: 0.6]
      [Update RS (ms): Min: 19.8, Avg: 20.2, Max: 20.7, Diff: 0.9, Sum: 161.4]
         [Processed Buffers: Min: 15, Avg: 17.4, Max: 19, Diff: 4, Sum: 139]
      [Scan RS (ms): Min: 12.2, Avg: 12.8, Max: 13.2, Diff: 1.0, Sum: 102.5]
      [Code Root Scanning (ms): Min: 0.0, Avg: 0.0, Max: 0.0, Diff: 0.0, Sum: 0.0]
      [Object Copy (ms): Min: 102.7, Avg: 102.8, Max: 102.8, Diff: 0.2, Sum: 822.2]
      [Termination (ms): Min: 0.0, Avg: 0.1, Max: 0.1, Diff: 0.1, Sum: 0.6]
         [Termination Attempts: Min: 1, Avg: 539.8, Max: 646, Diff: 645, Sum: 4318]
      [GC Worker Other (ms): Min: 0.0, Avg: 0.0, Max: 0.1, Diff: 0.1, Sum: 0.4]
      [GC Worker Total (ms): Min: 135.9, Avg: 136.0, Max: 136.1, Diff: 0.2, Sum: 1087.8]
      [GC Worker End (ms): Min: 96158.1, Avg: 96158.1, Max: 96158.2, Diff: 0.1]
   [Code Root Fixup: 0.0 ms]
   [Code Root Purge: 0.0 ms]
   [Clear CT: 0.2 ms]
   [Other: 0.9 ms]
      [Choose CSet: 0.0 ms]
      [Ref Proc: 0.2 ms]
      [Ref Enq: 0.0 ms]
      [Redirty Cards: 0.2 ms]
      [Humongous Register: 0.0 ms]
      [Humongous Reclaim: 0.0 ms]
      [Free CSet: 0.2 ms]
   [Eden: 200.0M(250.0M)->0.0B(262.0M) Survivors: 37.0M->36.0M Heap: 1149.1M(2048.0M)->1151.1M(2048.0M)]
 [Times: user=0.98 sys=0.02, real=0.14 secs] 
2020-09-29T12:22:16.005+0200: 96.159: [GC concurrent-root-region-scan-start]
2020-09-29T12:22:16.021+0200: 96.175: [GC concurrent-root-region-scan-end, 0.0160285 secs]
2020-09-29T12:22:16.021+0200: 96.175: [GC concurrent-mark-start]
2020-09-29T12:22:16.024+0200: 96.179: [GC concurrent-mark-end, 0.0030232 secs]
2020-09-29T12:22:16.024+0200: 96.179: [GC remark 2020-09-29T12:22:16.024+0200: 96.179: [Finalize Marking, 0.0002912 secs] 2020-09-29T12:22:16.025+0200: 96.179: [GC ref-proc, 0.0002889 secs] 2020-09-29T12:22:16.025+0200: 96.180: [Unloading, 0.0004776 secs], 0.0014890 secs]
 [Times: user=0.00 sys=0.00, real=0.00 secs] 
2020-09-29T12:22:16.026+0200: 96.181: [GC cleanup 1184M->77M(2048M), 0.0015402 secs]
 [Times: user=0.00 sys=0.00, real=0.00 secs] 
2020-09-29T12:22:16.028+0200: 96.182: [GC concurrent-cleanup-start]
2020-09-29T12:22:16.029+0200: 96.184: [GC concurrent-cleanup-end, 0.0015159 secs]
2020-09-29T12:22:16.162+0200: 96.317: [GC pause (G1 Evacuation Pause) (young), 0.1375611 secs]
   [Parallel Time: 135.7 ms, GC Workers: 8]
      [GC Worker Start (ms): Min: 96316.9, Avg: 96317.3, Max: 96317.4, Diff: 0.4]
      [Ext Root Scanning (ms): Min: 0.0, Avg: 0.0, Max: 0.2, Diff: 0.2, Sum: 0.2]
      [Update RS (ms): Min: 11.4, Avg: 11.6, Max: 11.9, Diff: 0.5, Sum: 92.5]
         [Processed Buffers: Min: 11, Avg: 12.3, Max: 15, Diff: 4, Sum: 98]
      [Scan RS (ms): Min: 12.9, Avg: 13.3, Max: 13.7, Diff: 0.8, Sum: 106.4]
      [Code Root Scanning (ms): Min: 0.0, Avg: 0.0, Max: 0.0, Diff: 0.0, Sum: 0.0]
      [Object Copy (ms): Min: 110.2, Avg: 110.2, Max: 110.3, Diff: 0.2, Sum: 881.9]
      [Termination (ms): Min: 0.0, Avg: 0.1, Max: 0.1, Diff: 0.1, Sum: 0.8]
         [Termination Attempts: Min: 1, Avg: 733.8, Max: 899, Diff: 898, Sum: 5870]
      [GC Worker Other (ms): Min: 0.0, Avg: 0.0, Max: 0.1, Diff: 0.1, Sum: 0.4]
      [GC Worker Total (ms): Min: 135.2, Avg: 135.3, Max: 135.6, Diff: 0.4, Sum: 1082.2]
      [GC Worker End (ms): Min: 96452.5, Avg: 96452.6, Max: 96452.6, Diff: 0.1]
   [Code Root Fixup: 0.0 ms]
   [Code Root Purge: 0.0 ms]
   [Clear CT: 0.2 ms]
   [Other: 1.7 ms]
      [Choose CSet: 0.0 ms]
      [Ref Proc: 0.1 ms]
      [Ref Enq: 0.0 ms]
      [Redirty Cards: 0.9 ms]
      [Humongous Register: 0.0 ms]
      [Humongous Reclaim: 0.0 ms]
      [Free CSet: 0.4 ms]
   [Eden: 262.0M(262.0M)->0.0B(281.0M) Survivors: 36.0M->38.0M Heap: 349.9M(2048.0M)->315.4M(2048.0M)]
 [Times: user=1.00 sys=0.00, real=0.14 secs] 
2020-09-29T12:22:16.444+0200: 96.599: [GC pause (G1 Evacuation Pause) (young), 0.1712888 secs]
   [Parallel Time: 170.1 ms, GC Workers: 8]
      [GC Worker Start (ms): Min: 96598.7, Avg: 96598.8, Max: 96598.8, Diff: 0.2]
      [Ext Root Scanning (ms): Min: 0.0, Avg: 0.1, Max: 0.2, Diff: 0.2, Sum: 0.4]
      [Update RS (ms): Min: 16.1, Avg: 16.2, Max: 16.5, Diff: 0.4, Sum: 129.8]
         [Processed Buffers: Min: 18, Avg: 18.9, Max: 20, Diff: 2, Sum: 151]
      [Scan RS (ms): Min: 16.0, Avg: 16.5, Max: 17.3, Diff: 1.3, Sum: 131.7]
      [Code Root Scanning (ms): Min: 0.0, Avg: 0.0, Max: 0.0, Diff: 0.0, Sum: 0.0]
      [Object Copy (ms): Min: 136.4, Avg: 137.1, Max: 137.2, Diff: 0.9, Sum: 1096.6]
      [Termination (ms): Min: 0.0, Avg: 0.0, Max: 0.0, Diff: 0.0, Sum: 0.1]
         [Termination Attempts: Min: 1, Avg: 62.3, Max: 89, Diff: 88, Sum: 498]
      [GC Worker Other (ms): Min: 0.0, Avg: 0.0, Max: 0.1, Diff: 0.1, Sum: 0.3]
      [GC Worker Total (ms): Min: 169.8, Avg: 169.9, Max: 170.0, Diff: 0.2, Sum: 1358.9]
      [GC Worker End (ms): Min: 96768.6, Avg: 96768.7, Max: 96768.7, Diff: 0.1]
   [Code Root Fixup: 0.0 ms]
   [Code Root Purge: 0.0 ms]
   [Clear CT: 0.2 ms]
   [Other: 1.0 ms]
      [Choose CSet: 0.0 ms]
      [Ref Proc: 0.1 ms]
      [Ref Enq: 0.0 ms]
      [Redirty Cards: 0.2 ms]
      [Humongous Register: 0.0 ms]
      [Humongous Reclaim: 0.0 ms]
      [Free CSet: 0.3 ms]
   [Eden: 281.0M(281.0M)->0.0B(283.0M) Survivors: 38.0M->40.0M Heap: 644.1M(2048.0M)->646.6M(2048.0M)]
 [Times: user=1.33 sys=0.02, real=0.17 secs] 
2020-09-29T12:22:16.774+0200: 96.929: [GC pause (G1 Evacuation Pause) (young), 0.1744901 secs]
   [Parallel Time: 173.2 ms, GC Workers: 8]
      [GC Worker Start (ms): Min: 96929.4, Avg: 96929.4, Max: 96929.5, Diff: 0.1]
      [Ext Root Scanning (ms): Min: 0.0, Avg: 0.1, Max: 0.1, Diff: 0.1, Sum: 0.5]
      [Update RS (ms): Min: 15.5, Avg: 15.7, Max: 16.4, Diff: 0.9, Sum: 125.7]
         [Processed Buffers: Min: 16, Avg: 17.8, Max: 19, Diff: 3, Sum: 142]
      [Scan RS (ms): Min: 18.9, Avg: 19.5, Max: 19.7, Diff: 0.8, Sum: 155.7]
      [Code Root Scanning (ms): Min: 0.0, Avg: 0.0, Max: 0.0, Diff: 0.0, Sum: 0.0]
      [Object Copy (ms): Min: 137.3, Avg: 137.5, Max: 137.8, Diff: 0.4, Sum: 1100.2]
      [Termination (ms): Min: 0.0, Avg: 0.2, Max: 0.3, Diff: 0.3, Sum: 1.2]
         [Termination Attempts: Min: 1, Avg: 1033.6, Max: 1553, Diff: 1552, Sum: 8269]
      [GC Worker Other (ms): Min: 0.0, Avg: 0.0, Max: 0.1, Diff: 0.1, Sum: 0.3]
      [GC Worker Total (ms): Min: 172.9, Avg: 173.0, Max: 173.0, Diff: 0.1, Sum: 1383.8]
      [GC Worker End (ms): Min: 97102.4, Avg: 97102.4, Max: 97102.5, Diff: 0.1]
   [Code Root Fixup: 0.0 ms]
   [Code Root Purge: 0.0 ms]
   [Clear CT: 0.2 ms]
   [Other: 1.0 ms]
      [Choose CSet: 0.0 ms]
      [Ref Proc: 0.2 ms]
      [Ref Enq: 0.0 ms]
      [Redirty Cards: 0.3 ms]
      [Humongous Register: 0.0 ms]
      [Humongous Reclaim: 0.0 ms]
      [Free CSet: 0.3 ms]
   [Eden: 283.0M(283.0M)->0.0B(282.0M) Survivors: 40.0M->41.0M Heap: 977.2M(2048.0M)->979.7M(2048.0M)]
 [Times: user=1.38 sys=0.00, real=0.17 secs] 
2020-09-29T12:22:16.963+0200: 97.118: [GC pause (G1 Humongous Allocation) (young) (initial-mark), 0.0515037 secs]
   [Parallel Time: 50.3 ms, GC Workers: 8]
      [GC Worker Start (ms): Min: 97118.4, Avg: 97118.4, Max: 97118.5, Diff: 0.1]
      [Ext Root Scanning (ms): Min: 0.0, Avg: 0.1, Max: 0.1, Diff: 0.1, Sum: 0.7]
      [Update RS (ms): Min: 26.4, Avg: 26.6, Max: 26.9, Diff: 0.5, Sum: 212.4]
         [Processed Buffers: Min: 29, Avg: 33.4, Max: 36, Diff: 7, Sum: 267]
      [Scan RS (ms): Min: 2.6, Avg: 2.9, Max: 3.1, Diff: 0.5, Sum: 23.6]
      [Code Root Scanning (ms): Min: 0.0, Avg: 0.0, Max: 0.0, Diff: 0.0, Sum: 0.0]
      [Object Copy (ms): Min: 20.4, Avg: 20.5, Max: 20.5, Diff: 0.1, Sum: 163.7]
      [Termination (ms): Min: 0.0, Avg: 0.0, Max: 0.0, Diff: 0.0, Sum: 0.1]
         [Termination Attempts: Min: 1, Avg: 43.1, Max: 58, Diff: 57, Sum: 345]
      [GC Worker Other (ms): Min: 0.0, Avg: 0.0, Max: 0.0, Diff: 0.0, Sum: 0.2]
      [GC Worker Total (ms): Min: 50.0, Avg: 50.1, Max: 50.1, Diff: 0.1, Sum: 400.7]
      [GC Worker End (ms): Min: 97168.5, Avg: 97168.5, Max: 97168.5, Diff: 0.0]
   [Code Root Fixup: 0.0 ms]
   [Code Root Purge: 0.0 ms]
   [Clear CT: 0.4 ms]
   [Other: 0.8 ms]
      [Choose CSet: 0.0 ms]
      [Ref Proc: 0.2 ms]
      [Ref Enq: 0.0 ms]
      [Redirty Cards: 0.2 ms]
      [Humongous Register: 0.1 ms]
      [Humongous Reclaim: 0.0 ms]
      [Free CSet: 0.1 ms]
   [Eden: 10.0M(282.0M)->0.0B(325.0M) Survivors: 41.0M->11.0M Heap: 989.2M(2048.0M)->992.7M(2048.0M)]
 [Times: user=0.38 sys=0.00, real=0.05 secs] 
2020-09-29T12:22:17.014+0200: 97.170: [GC concurrent-root-region-scan-start]
2020-09-29T12:22:17.018+0200: 97.173: [GC concurrent-root-region-scan-end, 0.0031115 secs]
2020-09-29T12:22:17.018+0200: 97.173: [GC concurrent-mark-start]
2020-09-29T12:22:17.021+0200: 97.176: [GC concurrent-mark-end, 0.0032648 secs]
2020-09-29T12:22:17.021+0200: 97.176: [GC remark 2020-09-29T12:22:17.021+0200: 97.176: [Finalize Marking, 0.0001782 secs] 2020-09-29T12:22:17.021+0200: 97.177: [GC ref-proc, 0.0003756 secs] 2020-09-29T12:22:17.022+0200: 97.177: [Unloading, 0.0005254 secs], 0.0014658 secs]
 [Times: user=0.00 sys=0.00, real=0.00 secs] 
2020-09-29T12:22:17.023+0200: 97.178: [GC cleanup 1008M->34M(2048M), 0.0015740 secs]
 [Times: user=0.00 sys=0.00, real=0.00 secs] 
2020-09-29T12:22:17.025+0200: 97.180: [GC concurrent-cleanup-start]
2020-09-29T12:22:17.026+0200: 97.182: [GC concurrent-cleanup-end, 0.0015246 secs]
2020-09-29T12:22:17.210+0200: 97.365: [GC pause (G1 Evacuation Pause) (young), 0.1732992 secs]
   [Parallel Time: 172.3 ms, GC Workers: 8]
      [GC Worker Start (ms): Min: 97365.1, Avg: 97365.2, Max: 97365.3, Diff: 0.1]
      [Ext Root Scanning (ms): Min: 0.0, Avg: 0.1, Max: 0.2, Diff: 0.1, Sum: 0.6]
      [Update RS (ms): Min: 20.2, Avg: 20.4, Max: 21.0, Diff: 0.9, Sum: 163.6]
         [Processed Buffers: Min: 17, Avg: 20.0, Max: 24, Diff: 7, Sum: 160]
      [Scan RS (ms): Min: 15.1, Avg: 15.7, Max: 16.1, Diff: 1.0, Sum: 125.7]
      [Code Root Scanning (ms): Min: 0.0, Avg: 0.0, Max: 0.0, Diff: 0.0, Sum: 0.0]
      [Object Copy (ms): Min: 135.6, Avg: 135.7, Max: 135.7, Diff: 0.2, Sum: 1085.4]
      [Termination (ms): Min: 0.0, Avg: 0.1, Max: 0.1, Diff: 0.1, Sum: 0.6]
         [Termination Attempts: Min: 1, Avg: 569.9, Max: 692, Diff: 691, Sum: 4559]
      [GC Worker Other (ms): Min: 0.0, Avg: 0.0, Max: 0.1, Diff: 0.1, Sum: 0.3]
      [GC Worker Total (ms): Min: 172.0, Avg: 172.0, Max: 172.2, Diff: 0.2, Sum: 1376.3]
      [GC Worker End (ms): Min: 97537.2, Avg: 97537.3, Max: 97537.3, Diff: 0.1]
   [Code Root Fixup: 0.0 ms]
   [Code Root Purge: 0.0 ms]
   [Clear CT: 0.2 ms]
   [Other: 0.8 ms]
      [Choose CSet: 0.0 ms]
      [Ref Proc: 0.1 ms]
      [Ref Enq: 0.0 ms]
      [Redirty Cards: 0.2 ms]
      [Humongous Register: 0.0 ms]
      [Humongous Reclaim: 0.0 ms]
      [Free CSet: 0.2 ms]
   [Eden: 325.0M(325.0M)->0.0B(299.0M) Survivors: 11.0M->42.0M Heap: 398.8M(2048.0M)->390.3M(2048.0M)]
 [Times: user=1.38 sys=0.00, real=0.17 secs] 
2020-09-29T12:22:17.541+0200: 97.697: [GC pause (G1 Evacuation Pause) (young), 0.1788369 secs]
   [Parallel Time: 177.6 ms, GC Workers: 8]
      [GC Worker Start (ms): Min: 97696.7, Avg: 97696.8, Max: 97696.8, Diff: 0.2]
      [Ext Root Scanning (ms): Min: 0.0, Avg: 0.1, Max: 0.2, Diff: 0.1, Sum: 0.6]
      [Update RS (ms): Min: 11.5, Avg: 11.7, Max: 11.9, Diff: 0.3, Sum: 93.4]
         [Processed Buffers: Min: 13, Avg: 14.1, Max: 16, Diff: 3, Sum: 113]
      [Scan RS (ms): Min: 19.8, Avg: 20.1, Max: 20.5, Diff: 0.7, Sum: 160.7]
      [Code Root Scanning (ms): Min: 0.0, Avg: 0.0, Max: 0.0, Diff: 0.0, Sum: 0.0]
      [Object Copy (ms): Min: 145.1, Avg: 145.4, Max: 145.6, Diff: 0.5, Sum: 1163.6]
      [Termination (ms): Min: 0.0, Avg: 0.1, Max: 0.1, Diff: 0.1, Sum: 0.4]
         [Termination Attempts: Min: 1, Avg: 333.4, Max: 419, Diff: 418, Sum: 2667]
      [GC Worker Other (ms): Min: 0.0, Avg: 0.0, Max: 0.1, Diff: 0.0, Sum: 0.4]
      [GC Worker Total (ms): Min: 177.3, Avg: 177.4, Max: 177.5, Diff: 0.1, Sum: 1419.1]
      [GC Worker End (ms): Min: 97874.1, Avg: 97874.1, Max: 97874.2, Diff: 0.0]
   [Code Root Fixup: 0.0 ms]
   [Code Root Purge: 0.0 ms]
   [Clear CT: 0.2 ms]
   [Other: 1.0 ms]
      [Choose CSet: 0.0 ms]
      [Ref Proc: 0.2 ms]
      [Ref Enq: 0.0 ms]
      [Redirty Cards: 0.2 ms]
      [Humongous Register: 0.0 ms]
      [Humongous Reclaim: 0.0 ms]
      [Free CSet: 0.3 ms]
   [Eden: 299.0M(299.0M)->0.0B(289.0M) Survivors: 42.0M->43.0M Heap: 738.9M(2048.0M)->740.9M(2048.0M)]
 [Times: user=1.34 sys=0.01, real=0.18 secs] 
2020-09-29T12:22:17.893+0200: 98.048: [GC pause (G1 Evacuation Pause) (young), 0.1870626 secs]
   [Parallel Time: 185.9 ms, GC Workers: 8]
      [GC Worker Start (ms): Min: 98048.4, Avg: 98048.5, Max: 98048.6, Diff: 0.1]
      [Ext Root Scanning (ms): Min: 0.0, Avg: 0.1, Max: 0.1, Diff: 0.1, Sum: 0.5]
      [Update RS (ms): Min: 17.0, Avg: 17.4, Max: 17.8, Diff: 0.8, Sum: 138.9]
         [Processed Buffers: Min: 15, Avg: 16.3, Max: 18, Diff: 3, Sum: 130]
      [Scan RS (ms): Min: 21.7, Avg: 22.2, Max: 22.6, Diff: 0.9, Sum: 177.7]
      [Code Root Scanning (ms): Min: 0.0, Avg: 0.0, Max: 0.0, Diff: 0.0, Sum: 0.0]
      [Object Copy (ms): Min: 145.5, Avg: 145.7, Max: 145.8, Diff: 0.3, Sum: 1165.3]
      [Termination (ms): Min: 0.0, Avg: 0.3, Max: 0.5, Diff: 0.5, Sum: 2.5]
         [Termination Attempts: Min: 1, Avg: 1952.9, Max: 2912, Diff: 2911, Sum: 15623]
      [GC Worker Other (ms): Min: 0.0, Avg: 0.1, Max: 0.1, Diff: 0.1, Sum: 0.4]
      [GC Worker Total (ms): Min: 185.6, Avg: 185.7, Max: 185.7, Diff: 0.1, Sum: 1485.4]
      [GC Worker End (ms): Min: 98234.1, Avg: 98234.2, Max: 98234.2, Diff: 0.1]
   [Code Root Fixup: 0.0 ms]
   [Code Root Purge: 0.0 ms]
   [Clear CT: 0.2 ms]
   [Other: 1.0 ms]
      [Choose CSet: 0.0 ms]
      [Ref Proc: 0.2 ms]
      [Ref Enq: 0.0 ms]
      [Redirty Cards: 0.2 ms]
      [Humongous Register: 0.0 ms]
      [Humongous Reclaim: 0.0 ms]
      [Free CSet: 0.3 ms]
   [Eden: 289.0M(289.0M)->0.0B(275.0M) Survivors: 43.0M->42.0M Heap: 1077.6M(2048.0M)->1079.1M(2048.0M)]
 [Times: user=1.50 sys=0.00, real=0.19 secs] 
2020-09-29T12:22:18.092+0200: 98.248: [GC pause (G1 Humongous Allocation) (young) (initial-mark), 0.0593063 secs]
   [Parallel Time: 57.0 ms, GC Workers: 8]
      [GC Worker Start (ms): Min: 98247.9, Avg: 98247.9, Max: 98248.0, Diff: 0.1]
      [Ext Root Scanning (ms): Min: 0.0, Avg: 0.3, Max: 0.6, Diff: 0.6, Sum: 2.3]
      [Update RS (ms): Min: 30.0, Avg: 30.4, Max: 30.8, Diff: 0.8, Sum: 243.3]
         [Processed Buffers: Min: 33, Avg: 36.5, Max: 38, Diff: 5, Sum: 292]
      [Scan RS (ms): Min: 2.8, Avg: 3.1, Max: 3.2, Diff: 0.4, Sum: 24.9]
      [Code Root Scanning (ms): Min: 0.0, Avg: 0.0, Max: 0.0, Diff: 0.0, Sum: 0.0]
      [Object Copy (ms): Min: 22.9, Avg: 23.0, Max: 23.0, Diff: 0.2, Sum: 183.9]
      [Termination (ms): Min: 0.0, Avg: 0.0, Max: 0.0, Diff: 0.0, Sum: 0.2]
         [Termination Attempts: Min: 1, Avg: 157.9, Max: 209, Diff: 208, Sum: 1263]
      [GC Worker Other (ms): Min: 0.0, Avg: 0.0, Max: 0.0, Diff: 0.0, Sum: 0.2]
      [GC Worker Total (ms): Min: 56.7, Avg: 56.8, Max: 56.9, Diff: 0.2, Sum: 454.7]
      [GC Worker End (ms): Min: 98304.7, Avg: 98304.8, Max: 98304.8, Diff: 0.0]
   [Code Root Fixup: 0.0 ms]
   [Code Root Purge: 0.0 ms]
   [Clear CT: 0.2 ms]
   [Other: 2.1 ms]
      [Choose CSet: 0.0 ms]
      [Ref Proc: 0.2 ms]
      [Ref Enq: 0.0 ms]
      [Redirty Cards: 1.5 ms]
      [Humongous Register: 0.1 ms]
      [Humongous Reclaim: 0.0 ms]
      [Free CSet: 0.1 ms]
   [Eden: 3072.0K(275.0M)->0.0B(303.0M) Survivors: 42.0M->5120.0K Heap: 1082.1M(2048.0M)->1086.6M(2048.0M)]
 [Times: user=0.50 sys=0.00, real=0.06 secs] 
2020-09-29T12:22:18.152+0200: 98.307: [GC concurrent-root-region-scan-start]
2020-09-29T12:22:18.153+0200: 98.308: [GC concurrent-root-region-scan-end, 0.0010859 secs]
2020-09-29T12:22:18.153+0200: 98.308: [GC concurrent-mark-start]
2020-09-29T12:22:18.159+0200: 98.315: [GC concurrent-mark-end, 0.0065072 secs]
2020-09-29T12:22:18.159+0200: 98.315: [GC remark 2020-09-29T12:22:18.159+0200: 98.315: [Finalize Marking, 0.0001804 secs] 2020-09-29T12:22:18.160+0200: 98.315: [GC ref-proc, 0.0004231 secs] 2020-09-29T12:22:18.160+0200: 98.316: [Unloading, 0.0005662 secs], 0.0015218 secs]
 [Times: user=0.00 sys=0.02, real=0.00 secs] 
2020-09-29T12:22:18.161+0200: 98.317: [GC cleanup 1101M->28M(2048M), 0.0014766 secs]
 [Times: user=0.00 sys=0.00, real=0.00 secs] 
2020-09-29T12:22:18.163+0200: 98.318: [GC concurrent-cleanup-start]
2020-09-29T12:22:18.165+0200: 98.320: [GC concurrent-cleanup-end, 0.0020707 secs]
2020-09-29T12:22:18.327+0200: 98.483: [GC pause (G1 Evacuation Pause) (young), 0.1622174 secs]
   [Parallel Time: 160.9 ms, GC Workers: 8]
      [GC Worker Start (ms): Min: 98482.6, Avg: 98482.7, Max: 98482.7, Diff: 0.1]
      [Ext Root Scanning (ms): Min: 0.0, Avg: 0.1, Max: 0.1, Diff: 0.1, Sum: 0.6]
      [Update RS (ms): Min: 13.5, Avg: 13.6, Max: 13.8, Diff: 0.3, Sum: 108.5]
         [Processed Buffers: Min: 13, Avg: 15.3, Max: 18, Diff: 5, Sum: 122]
      [Scan RS (ms): Min: 17.0, Avg: 17.2, Max: 17.4, Diff: 0.4, Sum: 137.8]
      [Code Root Scanning (ms): Min: 0.0, Avg: 0.0, Max: 0.0, Diff: 0.0, Sum: 0.0]
      [Object Copy (ms): Min: 129.7, Avg: 129.8, Max: 129.9, Diff: 0.2, Sum: 1038.4]
      [Termination (ms): Min: 0.0, Avg: 0.0, Max: 0.0, Diff: 0.0, Sum: 0.1]
         [Termination Attempts: Min: 1, Avg: 38.9, Max: 60, Diff: 59, Sum: 311]
      [GC Worker Other (ms): Min: 0.0, Avg: 0.0, Max: 0.1, Diff: 0.1, Sum: 0.3]
      [GC Worker Total (ms): Min: 160.6, Avg: 160.7, Max: 160.8, Diff: 0.2, Sum: 1285.8]
      [GC Worker End (ms): Min: 98643.4, Avg: 98643.4, Max: 98643.4, Diff: 0.1]
   [Code Root Fixup: 0.0 ms]
   [Code Root Purge: 0.0 ms]
   [Clear CT: 0.2 ms]
   [Other: 1.2 ms]
      [Choose CSet: 0.0 ms]
      [Ref Proc: 0.2 ms]
      [Ref Enq: 0.0 ms]
      [Redirty Cards: 0.2 ms]
      [Humongous Register: 0.0 ms]
      [Humongous Reclaim: 0.0 ms]
      [Free CSet: 0.3 ms]
   [Eden: 303.0M(303.0M)->0.0B(282.0M) Survivors: 5120.0K->39.0M Heap: 367.5M(2048.0M)->364.0M(2048.0M)]
 [Times: user=1.27 sys=0.00, real=0.16 secs] 
2020-09-29T12:22:18.654+0200: 98.809: [GC pause (G1 Evacuation Pause) (young), 0.1691043 secs]
   [Parallel Time: 167.9 ms, GC Workers: 8]
      [GC Worker Start (ms): Min: 98809.3, Avg: 98809.4, Max: 98809.5, Diff: 0.2]
      [Ext Root Scanning (ms): Min: 0.0, Avg: 0.1, Max: 0.2, Diff: 0.2, Sum: 0.5]
      [Update RS (ms): Min: 16.8, Avg: 16.9, Max: 17.1, Diff: 0.3, Sum: 135.5]
         [Processed Buffers: Min: 17, Avg: 18.5, Max: 21, Diff: 4, Sum: 148]
      [Scan RS (ms): Min: 17.4, Avg: 17.5, Max: 17.6, Diff: 0.3, Sum: 140.2]
      [Code Root Scanning (ms): Min: 0.0, Avg: 0.0, Max: 0.0, Diff: 0.0, Sum: 0.0]
      [Object Copy (ms): Min: 133.0, Avg: 133.0, Max: 133.1, Diff: 0.1, Sum: 1064.2]
      [Termination (ms): Min: 0.0, Avg: 0.0, Max: 0.0, Diff: 0.0, Sum: 0.1]
         [Termination Attempts: Min: 1, Avg: 106.0, Max: 141, Diff: 140, Sum: 848]
      [GC Worker Other (ms): Min: 0.0, Avg: 0.1, Max: 0.1, Diff: 0.1, Sum: 0.5]
      [GC Worker Total (ms): Min: 167.5, Avg: 167.6, Max: 167.8, Diff: 0.3, Sum: 1341.1]
      [GC Worker End (ms): Min: 98977.0, Avg: 98977.1, Max: 98977.1, Diff: 0.1]
   [Code Root Fixup: 0.0 ms]
   [Code Root Purge: 0.0 ms]
   [Clear CT: 0.2 ms]
   [Other: 0.9 ms]
      [Choose CSet: 0.0 ms]
      [Ref Proc: 0.2 ms]
      [Ref Enq: 0.0 ms]
      [Redirty Cards: 0.2 ms]
      [Humongous Register: 0.0 ms]
      [Humongous Reclaim: 0.0 ms]
      [Free CSet: 0.3 ms]
   [Eden: 282.0M(282.0M)->0.0B(282.0M) Survivors: 39.0M->41.0M Heap: 693.7M(2048.0M)->695.2M(2048.0M)]
 [Times: user=1.38 sys=0.00, real=0.17 secs] 
2020-09-29T12:22:18.978+0200: 99.133: [GC pause (G1 Evacuation Pause) (young), 0.1770581 secs]
   [Parallel Time: 175.8 ms, GC Workers: 8]
      [GC Worker Start (ms): Min: 99133.5, Avg: 99133.6, Max: 99133.7, Diff: 0.2]
      [Ext Root Scanning (ms): Min: 0.0, Avg: 0.1, Max: 0.2, Diff: 0.2, Sum: 0.5]
      [Update RS (ms): Min: 15.5, Avg: 15.7, Max: 16.2, Diff: 0.7, Sum: 125.9]
         [Processed Buffers: Min: 16, Avg: 17.5, Max: 19, Diff: 3, Sum: 140]
      [Scan RS (ms): Min: 15.8, Avg: 16.3, Max: 16.5, Diff: 0.7, Sum: 130.3]
      [Code Root Scanning (ms): Min: 0.0, Avg: 0.0, Max: 0.0, Diff: 0.0, Sum: 0.0]
      [Object Copy (ms): Min: 143.3, Avg: 143.4, Max: 143.4, Diff: 0.2, Sum: 1146.9]
      [Termination (ms): Min: 0.0, Avg: 0.1, Max: 0.1, Diff: 0.1, Sum: 0.5]
         [Termination Attempts: Min: 1, Avg: 454.6, Max: 586, Diff: 585, Sum: 3637]
      [GC Worker Other (ms): Min: 0.0, Avg: 0.0, Max: 0.1, Diff: 0.1, Sum: 0.3]
      [GC Worker Total (ms): Min: 175.5, Avg: 175.6, Max: 175.7, Diff: 0.2, Sum: 1404.5]
      [GC Worker End (ms): Min: 99309.2, Avg: 99309.2, Max: 99309.2, Diff: 0.1]
   [Code Root Fixup: 0.0 ms]
   [Code Root Purge: 0.0 ms]
   [Clear CT: 0.2 ms]
   [Other: 1.1 ms]
      [Choose CSet: 0.0 ms]
      [Ref Proc: 0.2 ms]
      [Ref Enq: 0.0 ms]
      [Redirty Cards: 0.4 ms]
      [Humongous Register: 0.0 ms]
      [Humongous Reclaim: 0.0 ms]
      [Free CSet: 0.3 ms]
   [Eden: 282.0M(282.0M)->0.0B(281.0M) Survivors: 41.0M->41.0M Heap: 1023.0M(2048.0M)->1025.5M(2048.0M)]
 [Times: user=1.33 sys=0.00, real=0.18 secs] 
2020-09-29T12:22:19.166+0200: 99.322: [GC pause (G1 Humongous Allocation) (young) (initial-mark), 0.0584264 secs]
   [Parallel Time: 57.4 ms, GC Workers: 8]
      [GC Worker Start (ms): Min: 99321.9, Avg: 99322.0, Max: 99322.1, Diff: 0.2]
      [Ext Root Scanning (ms): Min: 0.0, Avg: 0.5, Max: 1.9, Diff: 1.8, Sum: 3.8]
      [Update RS (ms): Min: 29.7, Avg: 31.2, Max: 31.7, Diff: 2.0, Sum: 249.4]
         [Processed Buffers: Min: 35, Avg: 38.3, Max: 41, Diff: 6, Sum: 306]
      [Scan RS (ms): Min: 2.9, Avg: 3.1, Max: 3.6, Diff: 0.7, Sum: 25.0]
      [Code Root Scanning (ms): Min: 0.0, Avg: 0.0, Max: 0.0, Diff: 0.0, Sum: 0.0]
      [Object Copy (ms): Min: 22.3, Avg: 22.4, Max: 22.4, Diff: 0.1, Sum: 179.0]
      [Termination (ms): Min: 0.0, Avg: 0.0, Max: 0.0, Diff: 0.0, Sum: 0.0]
         [Termination Attempts: Min: 1, Avg: 5.6, Max: 9, Diff: 8, Sum: 45]
      [GC Worker Other (ms): Min: 0.0, Avg: 0.0, Max: 0.0, Diff: 0.0, Sum: 0.1]
      [GC Worker Total (ms): Min: 57.1, Avg: 57.2, Max: 57.3, Diff: 0.2, Sum: 457.3]
      [GC Worker End (ms): Min: 99379.2, Avg: 99379.2, Max: 99379.2, Diff: 0.0]
   [Code Root Fixup: 0.0 ms]
   [Code Root Purge: 0.0 ms]
   [Clear CT: 0.2 ms]
   [Other: 0.9 ms]
      [Choose CSet: 0.0 ms]
      [Ref Proc: 0.3 ms]
      [Ref Enq: 0.0 ms]
      [Redirty Cards: 0.2 ms]
      [Humongous Register: 0.1 ms]
      [Humongous Reclaim: 0.0 ms]
      [Free CSet: 0.1 ms]
   [Eden: 3072.0K(281.0M)->0.0B(308.0M) Survivors: 41.0M->6144.0K Heap: 1028.5M(2048.0M)->1033.0M(2048.0M)]
 [Times: user=0.48 sys=0.00, real=0.06 secs] 
2020-09-29T12:22:19.225+0200: 99.380: [GC concurrent-root-region-scan-start]
2020-09-29T12:22:19.225+0200: 99.381: [GC concurrent-root-region-scan-end, 0.0007354 secs]
2020-09-29T12:22:19.225+0200: 99.381: [GC concurrent-mark-start]
2020-09-29T12:22:19.229+0200: 99.385: [GC concurrent-mark-end, 0.0035489 secs]
2020-09-29T12:22:19.230+0200: 99.386: [GC remark 2020-09-29T12:22:19.230+0200: 99.386: [Finalize Marking, 0.0001372 secs] 2020-09-29T12:22:19.230+0200: 99.386: [GC ref-proc, 0.0003009 secs] 2020-09-29T12:22:19.231+0200: 99.386: [Unloading, 0.0004566 secs], 0.0012631 secs]
 [Times: user=0.00 sys=0.00, real=0.00 secs] 
2020-09-29T12:22:19.232+0200: 99.387: [GC cleanup 1042M->23M(2048M), 0.0018857 secs]
 [Times: user=0.00 sys=0.00, real=0.00 secs] 
2020-09-29T12:22:19.234+0200: 99.389: [GC concurrent-cleanup-start]
2020-09-29T12:22:19.235+0200: 99.391: [GC concurrent-cleanup-end, 0.0016023 secs]
2020-09-29T12:22:19.401+0200: 99.557: [GC pause (G1 Evacuation Pause) (young), 0.1687730 secs]
   [Parallel Time: 166.7 ms, GC Workers: 8]
      [GC Worker Start (ms): Min: 99557.0, Avg: 99557.1, Max: 99557.1, Diff: 0.2]
      [Ext Root Scanning (ms): Min: 0.0, Avg: 0.1, Max: 0.2, Diff: 0.2, Sum: 0.6]
      [Update RS (ms): Min: 18.0, Avg: 18.3, Max: 18.7, Diff: 0.6, Sum: 146.7]
         [Processed Buffers: Min: 15, Avg: 16.4, Max: 18, Diff: 3, Sum: 131]
      [Scan RS (ms): Min: 18.9, Avg: 19.4, Max: 19.8, Diff: 0.9, Sum: 154.9]
      [Code Root Scanning (ms): Min: 0.0, Avg: 0.0, Max: 0.0, Diff: 0.0, Sum: 0.0]
      [Object Copy (ms): Min: 128.5, Avg: 128.6, Max: 128.8, Diff: 0.2, Sum: 1029.1]
      [Termination (ms): Min: 0.0, Avg: 0.0, Max: 0.0, Diff: 0.0, Sum: 0.1]
         [Termination Attempts: Min: 1, Avg: 71.8, Max: 95, Diff: 94, Sum: 574]
      [GC Worker Other (ms): Min: 0.0, Avg: 0.1, Max: 0.1, Diff: 0.1, Sum: 0.4]
      [GC Worker Total (ms): Min: 166.4, Avg: 166.5, Max: 166.6, Diff: 0.3, Sum: 1331.8]
      [GC Worker End (ms): Min: 99723.5, Avg: 99723.5, Max: 99723.6, Diff: 0.1]
   [Code Root Fixup: 0.0 ms]
   [Code Root Purge: 0.0 ms]
   [Clear CT: 0.2 ms]
   [Other: 1.9 ms]
      [Choose CSet: 0.0 ms]
      [Ref Proc: 0.2 ms]
      [Ref Enq: 0.0 ms]
      [Redirty Cards: 1.2 ms]
      [Humongous Register: 0.0 ms]
      [Humongous Reclaim: 0.0 ms]
      [Free CSet: 0.2 ms]
   [Eden: 308.0M(308.0M)->0.0B(277.0M) Survivors: 6144.0K->40.0M Heap: 373.0M(2048.0M)->370.0M(2048.0M)]
 [Times: user=1.33 sys=0.00, real=0.17 secs] 
2020-09-29T12:22:19.729+0200: 99.885: [GC pause (G1 Evacuation Pause) (young), 0.1846533 secs]
   [Parallel Time: 183.5 ms, GC Workers: 8]
      [GC Worker Start (ms): Min: 99884.9, Avg: 99885.0, Max: 99885.1, Diff: 0.2]
      [Ext Root Scanning (ms): Min: 0.0, Avg: 0.1, Max: 0.2, Diff: 0.1, Sum: 0.5]
      [Update RS (ms): Min: 22.4, Avg: 22.5, Max: 22.7, Diff: 0.3, Sum: 180.2]
         [Processed Buffers: Min: 18, Avg: 21.4, Max: 24, Diff: 6, Sum: 171]
      [Scan RS (ms): Min: 18.4, Avg: 18.5, Max: 18.7, Diff: 0.3, Sum: 148.4]
      [Code Root Scanning (ms): Min: 0.0, Avg: 0.0, Max: 0.0, Diff: 0.0, Sum: 0.0]
      [Object Copy (ms): Min: 142.0, Avg: 142.1, Max: 142.1, Diff: 0.1, Sum: 1136.4]
      [Termination (ms): Min: 0.0, Avg: 0.1, Max: 0.1, Diff: 0.1, Sum: 0.6]
         [Termination Attempts: Min: 1, Avg: 535.1, Max: 725, Diff: 724, Sum: 4281]
      [GC Worker Other (ms): Min: 0.0, Avg: 0.0, Max: 0.1, Diff: 0.0, Sum: 0.4]
      [GC Worker Total (ms): Min: 183.3, Avg: 183.3, Max: 183.4, Diff: 0.2, Sum: 1466.6]
      [GC Worker End (ms): Min: 100068.3, Avg: 100068.3, Max: 100068.4, Diff: 0.0]
   [Code Root Fixup: 0.0 ms]
   [Code Root Purge: 0.0 ms]
   [Clear CT: 0.2 ms]
   [Other: 1.0 ms]
      [Choose CSet: 0.0 ms]
      [Ref Proc: 0.2 ms]
      [Ref Enq: 0.0 ms]
      [Redirty Cards: 0.2 ms]
      [Humongous Register: 0.0 ms]
      [Humongous Reclaim: 0.0 ms]
      [Free CSet: 0.3 ms]
   [Eden: 277.0M(277.0M)->0.0B(267.0M) Survivors: 40.0M->40.0M Heap: 694.7M(2048.0M)->696.7M(2048.0M)]
 [Times: user=1.41 sys=0.08, real=0.18 secs] 
2020-09-29T12:22:20.079+0200: 100.234: [GC pause (G1 Evacuation Pause) (young), 0.1951723 secs]
   [Parallel Time: 193.0 ms, GC Workers: 8]
      [GC Worker Start (ms): Min: 100233.8, Avg: 100234.0, Max: 100234.0, Diff: 0.2]
      [Ext Root Scanning (ms): Min: 0.0, Avg: 0.1, Max: 0.2, Diff: 0.2, Sum: 0.4]
      [Update RS (ms): Min: 18.9, Avg: 20.7, Max: 32.8, Diff: 13.9, Sum: 165.7]
         [Processed Buffers: Min: 12, Avg: 19.4, Max: 23, Diff: 11, Sum: 155]
      [Scan RS (ms): Min: 5.1, Avg: 17.2, Max: 19.7, Diff: 14.6, Sum: 137.9]
      [Code Root Scanning (ms): Min: 0.0, Avg: 0.0, Max: 0.0, Diff: 0.0, Sum: 0.0]
      [Object Copy (ms): Min: 153.8, Avg: 154.5, Max: 154.6, Diff: 0.8, Sum: 1235.7]
      [Termination (ms): Min: 0.0, Avg: 0.1, Max: 0.2, Diff: 0.2, Sum: 1.2]
         [Termination Attempts: Min: 1, Avg: 976.1, Max: 1294, Diff: 1293, Sum: 7809]
      [GC Worker Other (ms): Min: 0.0, Avg: 0.1, Max: 0.1, Diff: 0.1, Sum: 0.5]
      [GC Worker Total (ms): Min: 192.6, Avg: 192.7, Max: 192.9, Diff: 0.3, Sum: 1541.4]
      [GC Worker End (ms): Min: 100426.6, Avg: 100426.6, Max: 100426.7, Diff: 0.1]
   [Code Root Fixup: 0.0 ms]
   [Code Root Purge: 0.0 ms]
   [Clear CT: 0.2 ms]
   [Other: 2.0 ms]
      [Choose CSet: 0.0 ms]
      [Ref Proc: 0.2 ms]
      [Ref Enq: 0.0 ms]
      [Redirty Cards: 1.3 ms]
      [Humongous Register: 0.0 ms]
      [Humongous Reclaim: 0.0 ms]
      [Free CSet: 0.3 ms]
   [Eden: 267.0M(267.0M)->0.0B(250.0M) Survivors: 40.0M->39.0M Heap: 1007.6M(2048.0M)->1009.6M(2048.0M)]
 [Times: user=1.53 sys=0.02, real=0.19 secs] 
2020-09-29T12:22:20.292+0200: 100.447: [GC pause (G1 Humongous Allocation) (young) (initial-mark), 0.0484364 secs]
   [Parallel Time: 47.3 ms, GC Workers: 8]
      [GC Worker Start (ms): Min: 100447.1, Avg: 100447.1, Max: 100447.2, Diff: 0.2]
      [Ext Root Scanning (ms): Min: 0.0, Avg: 0.2, Max: 0.4, Diff: 0.4, Sum: 1.4]
      [Update RS (ms): Min: 23.6, Avg: 24.1, Max: 24.4, Diff: 0.8, Sum: 192.6]
         [Processed Buffers: Min: 24, Avg: 27.5, Max: 30, Diff: 6, Sum: 220]
      [Scan RS (ms): Min: 2.8, Avg: 3.1, Max: 3.4, Diff: 0.5, Sum: 24.7]
      [Code Root Scanning (ms): Min: 0.0, Avg: 0.0, Max: 0.0, Diff: 0.0, Sum: 0.0]
      [Object Copy (ms): Min: 19.7, Avg: 19.8, Max: 19.8, Diff: 0.1, Sum: 158.0]
      [Termination (ms): Min: 0.0, Avg: 0.0, Max: 0.0, Diff: 0.0, Sum: 0.2]
         [Termination Attempts: Min: 1, Avg: 159.3, Max: 223, Diff: 222, Sum: 1274]
      [GC Worker Other (ms): Min: 0.0, Avg: 0.0, Max: 0.0, Diff: 0.0, Sum: 0.1]
      [GC Worker Total (ms): Min: 47.1, Avg: 47.1, Max: 47.2, Diff: 0.1, Sum: 377.0]
      [GC Worker End (ms): Min: 100494.2, Avg: 100494.2, Max: 100494.3, Diff: 0.0]
   [Code Root Fixup: 0.0 ms]
   [Code Root Purge: 0.0 ms]
   [Clear CT: 0.2 ms]
   [Other: 1.0 ms]
      [Choose CSet: 0.0 ms]
      [Ref Proc: 0.3 ms]
      [Ref Enq: 0.0 ms]
      [Redirty Cards: 0.2 ms]
      [Humongous Register: 0.1 ms]
      [Humongous Reclaim: 0.0 ms]
      [Free CSet: 0.1 ms]
   [Eden: 7168.0K(250.0M)->0.0B(302.0M) Survivors: 39.0M->8192.0K Heap: 1016.1M(2048.0M)->1019.6M(2048.0M)]
 [Times: user=0.38 sys=0.00, real=0.05 secs] 
2020-09-29T12:22:20.340+0200: 100.495: [GC concurrent-root-region-scan-start]
2020-09-29T12:22:20.342+0200: 100.497: [GC concurrent-root-region-scan-end, 0.0017175 secs]
2020-09-29T12:22:20.342+0200: 100.497: [GC concurrent-mark-start]
2020-09-29T12:22:20.345+0200: 100.500: [GC concurrent-mark-end, 0.0031657 secs]
2020-09-29T12:22:20.345+0200: 100.501: [GC remark 2020-09-29T12:22:20.345+0200: 100.501: [Finalize Marking, 0.0002180 secs] 2020-09-29T12:22:20.346+0200: 100.501: [GC ref-proc, 0.0003763 secs] 2020-09-29T12:22:20.346+0200: 100.501: [Unloading, 0.0005345 secs], 0.0016153 secs]
 [Times: user=0.00 sys=0.00, real=0.00 secs] 
2020-09-29T12:22:20.347+0200: 100.503: [GC cleanup 1030M->26M(2048M), 0.0014870 secs]
 [Times: user=0.06 sys=0.00, real=0.00 secs] 
2020-09-29T12:22:20.349+0200: 100.504: [GC concurrent-cleanup-start]
2020-09-29T12:22:20.350+0200: 100.506: [GC concurrent-cleanup-end, 0.0013971 secs]
2020-09-29T12:22:20.507+0200: 100.662: [GC pause (G1 Evacuation Pause) (young), 0.1673896 secs]
   [Parallel Time: 166.2 ms, GC Workers: 8]
      [GC Worker Start (ms): Min: 100662.1, Avg: 100662.2, Max: 100662.3, Diff: 0.2]
      [Ext Root Scanning (ms): Min: 0.0, Avg: 0.1, Max: 0.2, Diff: 0.2, Sum: 0.5]
      [Update RS (ms): Min: 15.6, Avg: 15.7, Max: 15.9, Diff: 0.3, Sum: 125.8]
         [Processed Buffers: Min: 16, Avg: 18.4, Max: 21, Diff: 5, Sum: 147]
      [Scan RS (ms): Min: 14.5, Avg: 14.7, Max: 14.9, Diff: 0.4, Sum: 117.7]
      [Code Root Scanning (ms): Min: 0.0, Avg: 0.0, Max: 0.0, Diff: 0.0, Sum: 0.0]
      [Object Copy (ms): Min: 135.1, Avg: 135.3, Max: 135.5, Diff: 0.4, Sum: 1082.2]
      [Termination (ms): Min: 0.0, Avg: 0.2, Max: 0.2, Diff: 0.2, Sum: 1.4]
         [Termination Attempts: Min: 1, Avg: 1177.6, Max: 1416, Diff: 1415, Sum: 9421]
      [GC Worker Other (ms): Min: 0.0, Avg: 0.0, Max: 0.1, Diff: 0.0, Sum: 0.2]
      [GC Worker Total (ms): Min: 165.9, Avg: 166.0, Max: 166.1, Diff: 0.2, Sum: 1327.8]
      [GC Worker End (ms): Min: 100828.2, Avg: 100828.2, Max: 100828.2, Diff: 0.0]
   [Code Root Fixup: 0.0 ms]
   [Code Root Purge: 0.0 ms]
   [Clear CT: 0.2 ms]
   [Other: 1.0 ms]
      [Choose CSet: 0.0 ms]
      [Ref Proc: 0.2 ms]
      [Ref Enq: 0.0 ms]
      [Redirty Cards: 0.2 ms]
      [Humongous Register: 0.0 ms]
      [Humongous Reclaim: 0.0 ms]
      [Free CSet: 0.3 ms]
   [Eden: 302.0M(302.0M)->0.0B(282.0M) Survivors: 8192.0K->39.0M Heap: 369.5M(2048.0M)->363.0M(2048.0M)]
 [Times: user=1.22 sys=0.00, real=0.17 secs] 
2020-09-29T12:22:20.842+0200: 100.998: [GC pause (G1 Evacuation Pause) (young), 0.1704371 secs]
   [Parallel Time: 169.3 ms, GC Workers: 8]
      [GC Worker Start (ms): Min: 100997.8, Avg: 100997.9, Max: 100998.0, Diff: 0.2]
      [Ext Root Scanning (ms): Min: 0.0, Avg: 0.1, Max: 0.2, Diff: 0.2, Sum: 0.5]
      [Update RS (ms): Min: 17.4, Avg: 17.5, Max: 17.5, Diff: 0.1, Sum: 139.8]
         [Processed Buffers: Min: 17, Avg: 19.0, Max: 21, Diff: 4, Sum: 152]
      [Scan RS (ms): Min: 18.9, Avg: 19.0, Max: 19.1, Diff: 0.3, Sum: 151.7]
      [Code Root Scanning (ms): Min: 0.0, Avg: 0.0, Max: 0.0, Diff: 0.0, Sum: 0.0]
      [Object Copy (ms): Min: 132.5, Avg: 132.6, Max: 132.6, Diff: 0.2, Sum: 1060.5]
      [Termination (ms): Min: 0.0, Avg: 0.0, Max: 0.0, Diff: 0.0, Sum: 0.2]
         [Termination Attempts: Min: 1, Avg: 141.8, Max: 191, Diff: 190, Sum: 1134]
      [GC Worker Other (ms): Min: 0.0, Avg: 0.0, Max: 0.1, Diff: 0.0, Sum: 0.3]
      [GC Worker Total (ms): Min: 169.0, Avg: 169.1, Max: 169.2, Diff: 0.2, Sum: 1352.9]
      [GC Worker End (ms): Min: 101167.0, Avg: 101167.0, Max: 101167.0, Diff: 0.0]
   [Code Root Fixup: 0.0 ms]
   [Code Root Purge: 0.0 ms]
   [Clear CT: 0.2 ms]
   [Other: 0.9 ms]
      [Choose CSet: 0.0 ms]
      [Ref Proc: 0.1 ms]
      [Ref Enq: 0.0 ms]
      [Redirty Cards: 0.2 ms]
      [Humongous Register: 0.0 ms]
      [Humongous Reclaim: 0.0 ms]
      [Free CSet: 0.3 ms]
   [Eden: 282.0M(282.0M)->0.0B(279.0M) Survivors: 39.0M->41.0M Heap: 692.7M(2048.0M)->695.2M(2048.0M)]
 [Times: user=1.38 sys=0.00, real=0.17 secs] 
2020-09-29T12:22:21.182+0200: 101.338: [GC pause (G1 Evacuation Pause) (young), 0.1688317 secs]
   [Parallel Time: 167.5 ms, GC Workers: 8]
      [GC Worker Start (ms): Min: 101337.8, Avg: 101337.9, Max: 101337.9, Diff: 0.2]
      [Ext Root Scanning (ms): Min: 0.0, Avg: 0.1, Max: 0.2, Diff: 0.1, Sum: 0.6]
      [Update RS (ms): Min: 16.4, Avg: 16.5, Max: 16.9, Diff: 0.6, Sum: 132.3]
         [Processed Buffers: Min: 18, Avg: 18.9, Max: 20, Diff: 2, Sum: 151]
      [Scan RS (ms): Min: 15.3, Avg: 15.7, Max: 15.9, Diff: 0.6, Sum: 125.4]
      [Code Root Scanning (ms): Min: 0.0, Avg: 0.0, Max: 0.0, Diff: 0.0, Sum: 0.0]
      [Object Copy (ms): Min: 134.8, Avg: 134.9, Max: 135.0, Diff: 0.3, Sum: 1079.6]
      [Termination (ms): Min: 0.0, Avg: 0.0, Max: 0.0, Diff: 0.0, Sum: 0.2]
         [Termination Attempts: Min: 1, Avg: 178.5, Max: 260, Diff: 259, Sum: 1428]
      [GC Worker Other (ms): Min: 0.0, Avg: 0.0, Max: 0.1, Diff: 0.0, Sum: 0.3]
      [GC Worker Total (ms): Min: 167.2, Avg: 167.3, Max: 167.4, Diff: 0.2, Sum: 1338.3]
      [GC Worker End (ms): Min: 101505.2, Avg: 101505.2, Max: 101505.2, Diff: 0.0]
   [Code Root Fixup: 0.0 ms]
   [Code Root Purge: 0.0 ms]
   [Clear CT: 0.2 ms]
   [Other: 1.1 ms]
      [Choose CSet: 0.0 ms]
      [Ref Proc: 0.2 ms]
      [Ref Enq: 0.0 ms]
      [Redirty Cards: 0.4 ms]
      [Humongous Register: 0.0 ms]
      [Humongous Reclaim: 0.0 ms]
      [Free CSet: 0.3 ms]
   [Eden: 279.0M(279.0M)->0.0B(285.0M) Survivors: 41.0M->40.0M Heap: 1020.0M(2048.0M)->1022.5M(2048.0M)]
 [Times: user=1.36 sys=0.00, real=0.17 secs] 
2020-09-29T12:22:21.371+0200: 101.526: [GC pause (G1 Humongous Allocation) (young) (initial-mark), 0.0698141 secs]
   [Parallel Time: 68.9 ms, GC Workers: 8]
      [GC Worker Start (ms): Min: 101526.6, Avg: 101526.7, Max: 101526.8, Diff: 0.1]
      [Ext Root Scanning (ms): Min: 0.0, Avg: 0.1, Max: 0.2, Diff: 0.2, Sum: 1.1]
      [Update RS (ms): Min: 24.3, Avg: 24.5, Max: 24.8, Diff: 0.5, Sum: 196.0]
         [Processed Buffers: Min: 24, Avg: 28.8, Max: 31, Diff: 7, Sum: 230]
      [Scan RS (ms): Min: 2.6, Avg: 3.0, Max: 3.2, Diff: 0.6, Sum: 23.9]
      [Code Root Scanning (ms): Min: 0.0, Avg: 0.0, Max: 0.0, Diff: 0.0, Sum: 0.0]
      [Object Copy (ms): Min: 40.5, Avg: 40.7, Max: 41.0, Diff: 0.5, Sum: 325.4]
      [Termination (ms): Min: 0.0, Avg: 0.4, Max: 0.5, Diff: 0.5, Sum: 3.1]
         [Termination Attempts: Min: 1, Avg: 2451.3, Max: 3117, Diff: 3116, Sum: 19610]
      [GC Worker Other (ms): Min: 0.0, Avg: 0.0, Max: 0.0, Diff: 0.0, Sum: 0.1]
      [GC Worker Total (ms): Min: 68.6, Avg: 68.7, Max: 68.8, Diff: 0.1, Sum: 549.5]
      [GC Worker End (ms): Min: 101595.4, Avg: 101595.4, Max: 101595.4, Diff: 0.0]
   [Code Root Fixup: 0.0 ms]
   [Code Root Purge: 0.0 ms]
   [Clear CT: 0.2 ms]
   [Other: 0.8 ms]
      [Choose CSet: 0.0 ms]
      [Ref Proc: 0.2 ms]
      [Ref Enq: 0.0 ms]
      [Redirty Cards: 0.2 ms]
      [Humongous Register: 0.0 ms]
      [Humongous Reclaim: 0.0 ms]
      [Free CSet: 0.1 ms]
   [Eden: 7168.0K(285.0M)->0.0B(227.0M) Survivors: 40.0M->9216.0K Heap: 1029.5M(2048.0M)->1032.5M(2048.0M)]
 [Times: user=0.47 sys=0.00, real=0.07 secs] 
2020-09-29T12:22:21.441+0200: 101.596: [GC concurrent-root-region-scan-start]
2020-09-29T12:22:21.444+0200: 101.599: [GC concurrent-root-region-scan-end, 0.0023670 secs]
2020-09-29T12:22:21.444+0200: 101.599: [GC concurrent-mark-start]
2020-09-29T12:22:21.446+0200: 101.602: [GC concurrent-mark-end, 0.0028309 secs]
2020-09-29T12:22:21.447+0200: 101.602: [GC remark 2020-09-29T12:22:21.447+0200: 101.602: [Finalize Marking, 0.0003468 secs] 2020-09-29T12:22:21.447+0200: 101.602: [GC ref-proc, 0.0002932 secs] 2020-09-29T12:22:21.447+0200: 101.603: [Unloading, 0.0004525 secs], 0.0014655 secs]
 [Times: user=0.00 sys=0.00, real=0.00 secs] 
2020-09-29T12:22:21.448+0200: 101.604: [GC cleanup 1043M->27M(2048M), 0.0010818 secs]
 [Times: user=0.00 sys=0.00, real=0.00 secs] 
2020-09-29T12:22:21.450+0200: 101.605: [GC concurrent-cleanup-start]
2020-09-29T12:22:21.451+0200: 101.606: [GC concurrent-cleanup-end, 0.0011498 secs]
2020-09-29T12:22:21.566+0200: 101.721: [GC pause (G1 Evacuation Pause) (young), 0.1291670 secs]
   [Parallel Time: 128.0 ms, GC Workers: 8]
      [GC Worker Start (ms): Min: 101721.6, Avg: 101721.8, Max: 101722.8, Diff: 1.2]
      [Ext Root Scanning (ms): Min: 0.0, Avg: 0.1, Max: 0.2, Diff: 0.2, Sum: 0.8]
      [Update RS (ms): Min: 18.2, Avg: 19.2, Max: 19.5, Diff: 1.4, Sum: 153.4]
         [Processed Buffers: Min: 17, Avg: 18.6, Max: 21, Diff: 4, Sum: 149]
      [Scan RS (ms): Min: 9.0, Avg: 9.3, Max: 9.5, Diff: 0.5, Sum: 74.1]
      [Code Root Scanning (ms): Min: 0.0, Avg: 0.0, Max: 0.0, Diff: 0.0, Sum: 0.0]
      [Object Copy (ms): Min: 99.0, Avg: 99.1, Max: 99.1, Diff: 0.1, Sum: 792.5]
      [Termination (ms): Min: 0.0, Avg: 0.0, Max: 0.0, Diff: 0.0, Sum: 0.0]
         [Termination Attempts: Min: 1, Avg: 8.6, Max: 14, Diff: 13, Sum: 69]
      [GC Worker Other (ms): Min: 0.0, Avg: 0.0, Max: 0.1, Diff: 0.0, Sum: 0.3]
      [GC Worker Total (ms): Min: 126.6, Avg: 127.6, Max: 127.9, Diff: 1.2, Sum: 1021.1]
      [GC Worker End (ms): Min: 101849.4, Avg: 101849.4, Max: 101849.5, Diff: 0.0]
   [Code Root Fixup: 0.0 ms]
   [Code Root Purge: 0.0 ms]
   [Clear CT: 0.2 ms]
   [Other: 1.0 ms]
      [Choose CSet: 0.0 ms]
      [Ref Proc: 0.2 ms]
      [Ref Enq: 0.0 ms]
      [Redirty Cards: 0.2 ms]
      [Humongous Register: 0.2 ms]
      [Humongous Reclaim: 0.0 ms]
      [Free CSet: 0.2 ms]
   [Eden: 227.0M(227.0M)->0.0B(233.0M) Survivors: 9216.0K->30.0M Heap: 281.6M(2048.0M)->274.6M(2048.0M)]
 [Times: user=1.05 sys=0.00, real=0.13 secs] 
2020-09-29T12:22:21.831+0200: 101.987: [GC pause (G1 Evacuation Pause) (young), 0.1455678 secs]
   [Parallel Time: 144.4 ms, GC Workers: 8]
      [GC Worker Start (ms): Min: 101986.9, Avg: 101987.0, Max: 101987.0, Diff: 0.2]
      [Ext Root Scanning (ms): Min: 0.0, Avg: 0.1, Max: 0.2, Diff: 0.2, Sum: 0.5]
      [Update RS (ms): Min: 19.5, Avg: 19.6, Max: 19.9, Diff: 0.4, Sum: 156.7]
         [Processed Buffers: Min: 19, Avg: 21.9, Max: 27, Diff: 8, Sum: 175]
      [Scan RS (ms): Min: 10.4, Avg: 10.7, Max: 10.8, Diff: 0.4, Sum: 85.5]
      [Code Root Scanning (ms): Min: 0.0, Avg: 0.0, Max: 0.0, Diff: 0.0, Sum: 0.0]
      [Object Copy (ms): Min: 113.8, Avg: 113.9, Max: 113.9, Diff: 0.1, Sum: 910.9]
      [Termination (ms): Min: 0.0, Avg: 0.0, Max: 0.0, Diff: 0.0, Sum: 0.2]
         [Termination Attempts: Min: 1, Avg: 142.6, Max: 183, Diff: 182, Sum: 1141]
      [GC Worker Other (ms): Min: 0.0, Avg: 0.0, Max: 0.1, Diff: 0.0, Sum: 0.3]
      [GC Worker Total (ms): Min: 144.2, Avg: 144.3, Max: 144.3, Diff: 0.1, Sum: 1154.1]
      [GC Worker End (ms): Min: 102131.2, Avg: 102131.2, Max: 102131.3, Diff: 0.1]
   [Code Root Fixup: 0.0 ms]
   [Code Root Purge: 0.0 ms]
   [Clear CT: 0.2 ms]
   [Other: 0.9 ms]
      [Choose CSet: 0.0 ms]
      [Ref Proc: 0.1 ms]
      [Ref Enq: 0.0 ms]
      [Redirty Cards: 0.2 ms]
      [Humongous Register: 0.1 ms]
      [Humongous Reclaim: 0.0 ms]
      [Free CSet: 0.3 ms]
   [Eden: 233.0M(233.0M)->0.0B(246.0M) Survivors: 30.0M->33.0M Heap: 547.7M(2048.0M)->549.2M(2048.0M)]
 [Times: user=1.25 sys=0.00, real=0.15 secs] 
2020-09-29T12:22:22.112+0200: 102.267: [GC pause (G1 Evacuation Pause) (young), 0.1677547 secs]
   [Parallel Time: 166.7 ms, GC Workers: 8]
      [GC Worker Start (ms): Min: 102267.1, Avg: 102267.2, Max: 102267.5, Diff: 0.4]
      [Ext Root Scanning (ms): Min: 0.0, Avg: 0.1, Max: 0.1, Diff: 0.1, Sum: 0.6]
      [Update RS (ms): Min: 23.7, Avg: 24.1, Max: 24.5, Diff: 0.9, Sum: 192.6]
         [Processed Buffers: Min: 19, Avg: 20.9, Max: 22, Diff: 3, Sum: 167]
      [Scan RS (ms): Min: 14.7, Avg: 16.3, Max: 24.9, Diff: 10.3, Sum: 130.2]
      [Code Root Scanning (ms): Min: 0.0, Avg: 0.0, Max: 0.0, Diff: 0.0, Sum: 0.0]
      [Object Copy (ms): Min: 117.4, Avg: 125.9, Max: 127.2, Diff: 9.8, Sum: 1007.1]
      [Termination (ms): Min: 0.0, Avg: 0.1, Max: 0.1, Diff: 0.1, Sum: 0.5]
         [Termination Attempts: Min: 1, Avg: 424.6, Max: 556, Diff: 555, Sum: 3397]
      [GC Worker Other (ms): Min: 0.0, Avg: 0.0, Max: 0.1, Diff: 0.0, Sum: 0.2]
      [GC Worker Total (ms): Min: 166.1, Avg: 166.4, Max: 166.5, Diff: 0.4, Sum: 1331.2]
      [GC Worker End (ms): Min: 102433.6, Avg: 102433.6, Max: 102433.6, Diff: 0.0]
   [Code Root Fixup: 0.0 ms]
   [Code Root Purge: 0.0 ms]
   [Clear CT: 0.2 ms]
   [Other: 0.9 ms]
      [Choose CSet: 0.0 ms]
      [Ref Proc: 0.2 ms]
      [Ref Enq: 0.0 ms]
      [Redirty Cards: 0.3 ms]
      [Humongous Register: 0.0 ms]
      [Humongous Reclaim: 0.0 ms]
      [Free CSet: 0.2 ms]
   [Eden: 246.0M(246.0M)->0.0B(244.0M) Survivors: 33.0M->35.0M Heap: 835.3M(2048.0M)->837.8M(2048.0M)]
 [Times: user=1.33 sys=0.00, real=0.17 secs] 
2020-09-29T12:22:22.431+0200: 102.587: [GC pause (G1 Evacuation Pause) (young), 0.1472757 secs]
   [Parallel Time: 146.1 ms, GC Workers: 8]
      [GC Worker Start (ms): Min: 102586.9, Avg: 102587.0, Max: 102587.1, Diff: 0.1]
      [Ext Root Scanning (ms): Min: 0.0, Avg: 0.1, Max: 0.1, Diff: 0.1, Sum: 0.4]
      [Update RS (ms): Min: 17.3, Avg: 17.4, Max: 17.6, Diff: 0.3, Sum: 139.0]
         [Processed Buffers: Min: 18, Avg: 19.6, Max: 22, Diff: 4, Sum: 157]
      [Scan RS (ms): Min: 13.2, Avg: 13.4, Max: 13.5, Diff: 0.3, Sum: 107.2]
      [Code Root Scanning (ms): Min: 0.0, Avg: 0.0, Max: 0.0, Diff: 0.0, Sum: 0.0]
      [Object Copy (ms): Min: 115.0, Avg: 115.1, Max: 115.1, Diff: 0.1, Sum: 920.4]
      [Termination (ms): Min: 0.0, Avg: 0.0, Max: 0.0, Diff: 0.0, Sum: 0.1]
         [Termination Attempts: Min: 1, Avg: 58.6, Max: 75, Diff: 74, Sum: 469]
      [GC Worker Other (ms): Min: 0.0, Avg: 0.0, Max: 0.1, Diff: 0.0, Sum: 0.2]
      [GC Worker Total (ms): Min: 145.9, Avg: 145.9, Max: 146.0, Diff: 0.1, Sum: 1167.4]
      [GC Worker End (ms): Min: 102732.9, Avg: 102732.9, Max: 102733.0, Diff: 0.0]
   [Code Root Fixup: 0.0 ms]
   [Code Root Purge: 0.0 ms]
   [Clear CT: 0.2 ms]
   [Other: 1.0 ms]
      [Choose CSet: 0.0 ms]
      [Ref Proc: 0.2 ms]
      [Ref Enq: 0.0 ms]
      [Redirty Cards: 0.3 ms]
      [Humongous Register: 0.0 ms]
      [Humongous Reclaim: 0.0 ms]
      [Free CSet: 0.3 ms]
   [Eden: 244.0M(244.0M)->0.0B(262.0M) Survivors: 35.0M->35.0M Heap: 1123.7M(2048.0M)->1125.7M(2048.0M)]
 [Times: user=1.13 sys=0.00, real=0.15 secs] 
2020-09-29T12:22:22.587+0200: 102.743: [GC pause (G1 Humongous Allocation) (young) (initial-mark), 0.0564841 secs]
   [Parallel Time: 55.5 ms, GC Workers: 8]
      [GC Worker Start (ms): Min: 102742.9, Avg: 102743.0, Max: 102743.0, Diff: 0.1]
      [Ext Root Scanning (ms): Min: 0.0, Avg: 0.1, Max: 0.1, Diff: 0.1, Sum: 0.7]
      [Update RS (ms): Min: 31.1, Avg: 31.3, Max: 31.9, Diff: 0.8, Sum: 250.5]
         [Processed Buffers: Min: 32, Avg: 36.5, Max: 38, Diff: 6, Sum: 292]
      [Scan RS (ms): Min: 2.1, Avg: 2.7, Max: 3.0, Diff: 0.8, Sum: 21.8]
      [Code Root Scanning (ms): Min: 0.0, Avg: 0.0, Max: 0.0, Diff: 0.0, Sum: 0.0]
      [Object Copy (ms): Min: 21.2, Avg: 21.2, Max: 21.3, Diff: 0.1, Sum: 169.8]
      [Termination (ms): Min: 0.0, Avg: 0.0, Max: 0.0, Diff: 0.0, Sum: 0.1]
         [Termination Attempts: Min: 1, Avg: 98.5, Max: 138, Diff: 137, Sum: 788]
      [GC Worker Other (ms): Min: 0.0, Avg: 0.0, Max: 0.0, Diff: 0.0, Sum: 0.2]
      [GC Worker Total (ms): Min: 55.4, Avg: 55.4, Max: 55.4, Diff: 0.1, Sum: 443.3]
      [GC Worker End (ms): Min: 102798.4, Avg: 102798.4, Max: 102798.4, Diff: 0.0]
   [Code Root Fixup: 0.0 ms]
   [Code Root Purge: 0.0 ms]
   [Clear CT: 0.2 ms]
   [Other: 0.8 ms]
      [Choose CSet: 0.0 ms]
      [Ref Proc: 0.1 ms]
      [Ref Enq: 0.0 ms]
      [Redirty Cards: 0.1 ms]
      [Humongous Register: 0.1 ms]
      [Humongous Reclaim: 0.0 ms]
      [Free CSet: 0.1 ms]
   [Eden: 12.0M(262.0M)->0.0B(291.0M) Survivors: 35.0M->14.0M Heap: 1137.2M(2048.0M)->1141.2M(2048.0M)]
 [Times: user=0.38 sys=0.00, real=0.06 secs] 
2020-09-29T12:22:22.644+0200: 102.799: [GC concurrent-root-region-scan-start]
2020-09-29T12:22:22.648+0200: 102.803: [GC concurrent-root-region-scan-end, 0.0038462 secs]
2020-09-29T12:22:22.648+0200: 102.803: [GC concurrent-mark-start]
2020-09-29T12:22:22.652+0200: 102.807: [GC concurrent-mark-end, 0.0039037 secs]
2020-09-29T12:22:22.653+0200: 102.808: [GC remark 2020-09-29T12:22:22.653+0200: 102.808: [Finalize Marking, 0.0001904 secs] 2020-09-29T12:22:22.653+0200: 102.809: [GC ref-proc, 0.0003863 secs] 2020-09-29T12:22:22.654+0200: 102.809: [Unloading, 0.0006784 secs], 0.0019195 secs]
 [Times: user=0.00 sys=0.00, real=0.00 secs] 
2020-09-29T12:22:22.655+0200: 102.811: [GC cleanup 1159M->39M(2048M), 0.0014842 secs]
 [Times: user=0.00 sys=0.00, real=0.00 secs] 
2020-09-29T12:22:22.657+0200: 102.812: [GC concurrent-cleanup-start]
2020-09-29T12:22:22.659+0200: 102.814: [GC concurrent-cleanup-end, 0.0020341 secs]
2020-09-29T12:22:22.826+0200: 102.982: [GC pause (G1 Evacuation Pause) (young), 0.1678105 secs]
   [Parallel Time: 166.6 ms, GC Workers: 8]
      [GC Worker Start (ms): Min: 102981.8, Avg: 102981.9, Max: 102982.0, Diff: 0.2]
      [Ext Root Scanning (ms): Min: 0.0, Avg: 0.1, Max: 0.1, Diff: 0.1, Sum: 0.7]
      [Update RS (ms): Min: 19.4, Avg: 19.5, Max: 19.7, Diff: 0.3, Sum: 155.6]
         [Processed Buffers: Min: 18, Avg: 19.4, Max: 20, Diff: 2, Sum: 155]
      [Scan RS (ms): Min: 16.9, Avg: 17.0, Max: 17.1, Diff: 0.2, Sum: 136.3]
      [Code Root Scanning (ms): Min: 0.0, Avg: 0.0, Max: 0.0, Diff: 0.0, Sum: 0.0]
      [Object Copy (ms): Min: 129.6, Avg: 129.7, Max: 129.8, Diff: 0.1, Sum: 1037.9]
      [Termination (ms): Min: 0.0, Avg: 0.0, Max: 0.0, Diff: 0.0, Sum: 0.1]
         [Termination Attempts: Min: 1, Avg: 86.3, Max: 108, Diff: 107, Sum: 690]
      [GC Worker Other (ms): Min: 0.0, Avg: 0.0, Max: 0.1, Diff: 0.1, Sum: 0.4]
      [GC Worker Total (ms): Min: 166.3, Avg: 166.4, Max: 166.4, Diff: 0.1, Sum: 1331.0]
      [GC Worker End (ms): Min: 103148.2, Avg: 103148.2, Max: 103148.3, Diff: 0.1]
   [Code Root Fixup: 0.0 ms]
   [Code Root Purge: 0.0 ms]
   [Clear CT: 0.1 ms]
   [Other: 1.1 ms]
      [Choose CSet: 0.0 ms]
      [Ref Proc: 0.1 ms]
      [Ref Enq: 0.0 ms]
      [Redirty Cards: 0.2 ms]
      [Humongous Register: 0.0 ms]
      [Humongous Reclaim: 0.0 ms]
      [Free CSet: 0.3 ms]
   [Eden: 291.0M(291.0M)->0.0B(270.0M) Survivors: 14.0M->39.0M Heap: 362.6M(2048.0M)->350.6M(2048.0M)]
 [Times: user=1.38 sys=0.00, real=0.17 secs] 
2020-09-29T12:22:23.151+0200: 103.306: [GC pause (G1 Evacuation Pause) (young), 0.1713941 secs]
   [Parallel Time: 170.1 ms, GC Workers: 8]
      [GC Worker Start (ms): Min: 103306.3, Avg: 103306.4, Max: 103306.4, Diff: 0.2]
      [Ext Root Scanning (ms): Min: 0.0, Avg: 0.1, Max: 0.2, Diff: 0.2, Sum: 0.5]
      [Update RS (ms): Min: 19.7, Avg: 19.7, Max: 19.8, Diff: 0.1, Sum: 157.8]
         [Processed Buffers: Min: 17, Avg: 20.1, Max: 22, Diff: 5, Sum: 161]
      [Scan RS (ms): Min: 17.0, Avg: 17.1, Max: 17.3, Diff: 0.3, Sum: 136.7]
      [Code Root Scanning (ms): Min: 0.0, Avg: 0.0, Max: 0.0, Diff: 0.0, Sum: 0.0]
      [Object Copy (ms): Min: 132.8, Avg: 132.9, Max: 132.9, Diff: 0.2, Sum: 1062.9]
      [Termination (ms): Min: 0.0, Avg: 0.1, Max: 0.2, Diff: 0.2, Sum: 0.9]
         [Termination Attempts: Min: 1, Avg: 777.3, Max: 1015, Diff: 1014, Sum: 6218]
      [GC Worker Other (ms): Min: 0.0, Avg: 0.0, Max: 0.1, Diff: 0.0, Sum: 0.3]
      [GC Worker Total (ms): Min: 169.8, Avg: 169.9, Max: 170.0, Diff: 0.2, Sum: 1359.1]
      [GC Worker End (ms): Min: 103476.2, Avg: 103476.3, Max: 103476.3, Diff: 0.0]
   [Code Root Fixup: 0.0 ms]
   [Code Root Purge: 0.0 ms]
   [Clear CT: 0.2 ms]
   [Other: 1.2 ms]
      [Choose CSet: 0.0 ms]
      [Ref Proc: 0.2 ms]
      [Ref Enq: 0.0 ms]
      [Redirty Cards: 0.6 ms]
      [Humongous Register: 0.0 ms]
      [Humongous Reclaim: 0.0 ms]
      [Free CSet: 0.2 ms]
   [Eden: 270.0M(270.0M)->0.0B(268.0M) Survivors: 39.0M->39.0M Heap: 666.4M(2048.0M)->667.9M(2048.0M)]
 [Times: user=1.38 sys=0.00, real=0.17 secs] 
2020-09-29T12:22:23.461+0200: 103.616: [GC pause (G1 Evacuation Pause) (young), 0.1851698 secs]
   [Parallel Time: 183.9 ms, GC Workers: 8]
      [GC Worker Start (ms): Min: 103615.8, Avg: 103615.9, Max: 103615.9, Diff: 0.1]
      [Ext Root Scanning (ms): Min: 0.0, Avg: 0.1, Max: 0.1, Diff: 0.1, Sum: 0.5]
      [Update RS (ms): Min: 19.8, Avg: 20.0, Max: 20.4, Diff: 0.6, Sum: 160.3]
         [Processed Buffers: Min: 19, Avg: 21.6, Max: 26, Diff: 7, Sum: 173]
      [Scan RS (ms): Min: 14.2, Avg: 14.6, Max: 14.8, Diff: 0.6, Sum: 116.5]
      [Code Root Scanning (ms): Min: 0.0, Avg: 0.0, Max: 0.0, Diff: 0.0, Sum: 0.0]
      [Object Copy (ms): Min: 148.7, Avg: 148.9, Max: 149.0, Diff: 0.3, Sum: 1191.2]
      [Termination (ms): Min: 0.0, Avg: 0.1, Max: 0.2, Diff: 0.2, Sum: 0.9]
         [Termination Attempts: Min: 1, Avg: 612.8, Max: 966, Diff: 965, Sum: 4902]
      [GC Worker Other (ms): Min: 0.0, Avg: 0.0, Max: 0.0, Diff: 0.0, Sum: 0.1]
      [GC Worker Total (ms): Min: 183.6, Avg: 183.7, Max: 183.8, Diff: 0.2, Sum: 1469.6]
      [GC Worker End (ms): Min: 103799.6, Avg: 103799.6, Max: 103799.6, Diff: 0.0]
   [Code Root Fixup: 0.0 ms]
   [Code Root Purge: 0.0 ms]
   [Clear CT: 0.2 ms]
   [Other: 1.1 ms]
      [Choose CSet: 0.0 ms]
      [Ref Proc: 0.5 ms]
      [Ref Enq: 0.0 ms]
      [Redirty Cards: 0.2 ms]
      [Humongous Register: 0.0 ms]
      [Humongous Reclaim: 0.0 ms]
      [Free CSet: 0.2 ms]
   [Eden: 268.0M(268.0M)->0.0B(262.0M) Survivors: 39.0M->39.0M Heap: 979.7M(2048.0M)->982.2M(2048.0M)]
 [Times: user=1.38 sys=0.01, real=0.18 secs] 
2020-09-29T12:22:23.650+0200: 103.805: [GC pause (G1 Humongous Allocation) (young) (initial-mark), 0.0638738 secs]
   [Parallel Time: 62.9 ms, GC Workers: 8]
      [GC Worker Start (ms): Min: 103805.4, Avg: 103805.4, Max: 103805.5, Diff: 0.1]
      [Ext Root Scanning (ms): Min: 0.1, Avg: 0.1, Max: 0.1, Diff: 0.1, Sum: 0.7]
      [Update RS (ms): Min: 36.5, Avg: 36.8, Max: 37.2, Diff: 0.7, Sum: 294.1]
         [Processed Buffers: Min: 41, Avg: 46.8, Max: 51, Diff: 10, Sum: 374]
      [Scan RS (ms): Min: 1.3, Avg: 1.7, Max: 2.0, Diff: 0.7, Sum: 13.7]
      [Code Root Scanning (ms): Min: 0.0, Avg: 0.0, Max: 0.0, Diff: 0.0, Sum: 0.0]
      [Object Copy (ms): Min: 23.9, Avg: 24.0, Max: 24.1, Diff: 0.2, Sum: 192.1]
      [Termination (ms): Min: 0.0, Avg: 0.1, Max: 0.1, Diff: 0.1, Sum: 0.7]
         [Termination Attempts: Min: 1, Avg: 625.1, Max: 816, Diff: 815, Sum: 5001]
      [GC Worker Other (ms): Min: 0.0, Avg: 0.0, Max: 0.1, Diff: 0.0, Sum: 0.2]
      [GC Worker Total (ms): Min: 62.6, Avg: 62.7, Max: 62.7, Diff: 0.1, Sum: 501.6]
      [GC Worker End (ms): Min: 103868.1, Avg: 103868.1, Max: 103868.1, Diff: 0.0]
   [Code Root Fixup: 0.0 ms]
   [Code Root Purge: 0.0 ms]
   [Clear CT: 0.2 ms]
   [Other: 0.8 ms]
      [Choose CSet: 0.0 ms]
      [Ref Proc: 0.2 ms]
      [Ref Enq: 0.0 ms]
      [Redirty Cards: 0.1 ms]
      [Humongous Register: 0.1 ms]
      [Humongous Reclaim: 0.0 ms]
      [Free CSet: 0.1 ms]
   [Eden: 7168.0K(262.0M)->0.0B(279.0M) Survivors: 39.0M->9216.0K Heap: 988.7M(2048.0M)->992.7M(2048.0M)]
 [Times: user=0.50 sys=0.00, real=0.06 secs] 
2020-09-29T12:22:23.714+0200: 103.869: [GC concurrent-root-region-scan-start]
2020-09-29T12:22:23.716+0200: 103.871: [GC concurrent-root-region-scan-end, 0.0022483 secs]
2020-09-29T12:22:23.716+0200: 103.871: [GC concurrent-mark-start]
2020-09-29T12:22:23.719+0200: 103.875: [GC concurrent-mark-end, 0.0031414 secs]
2020-09-29T12:22:23.720+0200: 103.875: [GC remark 2020-09-29T12:22:23.720+0200: 103.875: [Finalize Marking, 0.0003093 secs] 2020-09-29T12:22:23.720+0200: 103.876: [GC ref-proc, 0.0005071 secs] 2020-09-29T12:22:23.721+0200: 103.876: [Unloading, 0.0005588 secs], 0.0017759 secs]
 [Times: user=0.00 sys=0.00, real=0.00 secs] 
2020-09-29T12:22:23.722+0200: 103.877: [GC cleanup 1005M->29M(2048M), 0.0013778 secs]
 [Times: user=0.03 sys=0.00, real=0.00 secs] 
2020-09-29T12:22:23.723+0200: 103.879: [GC concurrent-cleanup-start]
2020-09-29T12:22:23.725+0200: 103.880: [GC concurrent-cleanup-end, 0.0014521 secs]
2020-09-29T12:22:23.884+0200: 104.040: [GC pause (G1 Evacuation Pause) (young), 0.1627112 secs]
   [Parallel Time: 161.5 ms, GC Workers: 8]
      [GC Worker Start (ms): Min: 104039.6, Avg: 104039.8, Max: 104039.8, Diff: 0.2]
      [Ext Root Scanning (ms): Min: 0.0, Avg: 0.1, Max: 0.2, Diff: 0.2, Sum: 0.5]
      [Update RS (ms): Min: 21.9, Avg: 22.1, Max: 22.6, Diff: 0.7, Sum: 176.8]
         [Processed Buffers: Min: 16, Avg: 18.6, Max: 22, Diff: 6, Sum: 149]
      [Scan RS (ms): Min: 20.5, Avg: 21.0, Max: 21.4, Diff: 0.8, Sum: 168.3]
      [Code Root Scanning (ms): Min: 0.0, Avg: 0.0, Max: 0.0, Diff: 0.0, Sum: 0.0]
      [Object Copy (ms): Min: 117.8, Avg: 118.0, Max: 118.1, Diff: 0.3, Sum: 943.6]
      [Termination (ms): Min: 0.0, Avg: 0.1, Max: 0.2, Diff: 0.2, Sum: 0.5]
         [Termination Attempts: Min: 1, Avg: 313.4, Max: 375, Diff: 374, Sum: 2507]
      [GC Worker Other (ms): Min: 0.0, Avg: 0.0, Max: 0.1, Diff: 0.1, Sum: 0.3]
      [GC Worker Total (ms): Min: 161.1, Avg: 161.3, Max: 161.4, Diff: 0.2, Sum: 1290.1]
      [GC Worker End (ms): Min: 104201.0, Avg: 104201.0, Max: 104201.0, Diff: 0.1]
   [Code Root Fixup: 0.0 ms]
   [Code Root Purge: 0.0 ms]
   [Clear CT: 0.2 ms]
   [Other: 1.0 ms]
      [Choose CSet: 0.0 ms]
      [Ref Proc: 0.2 ms]
      [Ref Enq: 0.0 ms]
      [Redirty Cards: 0.2 ms]
      [Humongous Register: 0.0 ms]
      [Humongous Reclaim: 0.0 ms]
      [Free CSet: 0.3 ms]
   [Eden: 279.0M(279.0M)->0.0B(251.0M) Survivors: 9216.0K->36.0M Heap: 343.2M(2048.0M)->336.7M(2048.0M)]
 [Times: user=1.17 sys=0.08, real=0.16 secs] 
2020-09-29T12:22:24.183+0200: 104.338: [GC pause (G1 Evacuation Pause) (young), 0.1513458 secs]
   [Parallel Time: 150.1 ms, GC Workers: 8]
      [GC Worker Start (ms): Min: 104338.2, Avg: 104338.3, Max: 104338.3, Diff: 0.2]
      [Ext Root Scanning (ms): Min: 0.0, Avg: 0.1, Max: 0.2, Diff: 0.2, Sum: 0.4]
      [Update RS (ms): Min: 18.6, Avg: 18.8, Max: 19.2, Diff: 0.6, Sum: 150.2]
         [Processed Buffers: Min: 17, Avg: 20.0, Max: 25, Diff: 8, Sum: 160]
      [Scan RS (ms): Min: 12.4, Avg: 12.9, Max: 13.2, Diff: 0.8, Sum: 103.1]
      [Code Root Scanning (ms): Min: 0.0, Avg: 0.0, Max: 0.0, Diff: 0.0, Sum: 0.0]
      [Object Copy (ms): Min: 117.8, Avg: 118.0, Max: 118.1, Diff: 0.3, Sum: 944.2]
      [Termination (ms): Min: 0.0, Avg: 0.0, Max: 0.1, Diff: 0.1, Sum: 0.4]
         [Termination Attempts: Min: 1, Avg: 328.0, Max: 404, Diff: 403, Sum: 2624]
      [GC Worker Other (ms): Min: 0.0, Avg: 0.0, Max: 0.1, Diff: 0.1, Sum: 0.3]
      [GC Worker Total (ms): Min: 149.8, Avg: 149.8, Max: 150.0, Diff: 0.2, Sum: 1198.7]
      [GC Worker End (ms): Min: 104488.1, Avg: 104488.1, Max: 104488.1, Diff: 0.1]
   [Code Root Fixup: 0.0 ms]
   [Code Root Purge: 0.0 ms]
   [Clear CT: 0.2 ms]
   [Other: 1.0 ms]
      [Choose CSet: 0.0 ms]
      [Ref Proc: 0.2 ms]
      [Ref Enq: 0.0 ms]
      [Redirty Cards: 0.4 ms]
      [Humongous Register: 0.0 ms]
      [Humongous Reclaim: 0.0 ms]
      [Free CSet: 0.2 ms]
   [Eden: 251.0M(251.0M)->0.0B(265.0M) Survivors: 36.0M->36.0M Heap: 629.6M(2048.0M)->631.6M(2048.0M)]
 [Times: user=1.25 sys=0.00, real=0.15 secs] 
2020-09-29T12:22:24.478+0200: 104.634: [GC pause (G1 Evacuation Pause) (young), 0.1653769 secs]
   [Parallel Time: 164.2 ms, GC Workers: 8]
      [GC Worker Start (ms): Min: 104633.7, Avg: 104633.8, Max: 104633.9, Diff: 0.2]
      [Ext Root Scanning (ms): Min: 0.0, Avg: 0.1, Max: 0.2, Diff: 0.2, Sum: 0.5]
      [Update RS (ms): Min: 17.1, Avg: 17.2, Max: 17.4, Diff: 0.3, Sum: 137.5]
         [Processed Buffers: Min: 11, Avg: 16.8, Max: 20, Diff: 9, Sum: 134]
      [Scan RS (ms): Min: 17.2, Avg: 17.3, Max: 17.5, Diff: 0.3, Sum: 138.8]
      [Code Root Scanning (ms): Min: 0.0, Avg: 0.0, Max: 0.0, Diff: 0.0, Sum: 0.0]
      [Object Copy (ms): Min: 129.2, Avg: 129.3, Max: 129.4, Diff: 0.2, Sum: 1034.5]
      [Termination (ms): Min: 0.0, Avg: 0.0, Max: 0.0, Diff: 0.0, Sum: 0.2]
         [Termination Attempts: Min: 1, Avg: 212.5, Max: 271, Diff: 270, Sum: 1700]
      [GC Worker Other (ms): Min: 0.0, Avg: 0.0, Max: 0.1, Diff: 0.1, Sum: 0.3]
      [GC Worker Total (ms): Min: 163.9, Avg: 164.0, Max: 164.1, Diff: 0.2, Sum: 1311.9]
      [GC Worker End (ms): Min: 104797.8, Avg: 104797.8, Max: 104797.8, Diff: 0.1]
   [Code Root Fixup: 0.0 ms]
   [Code Root Purge: 0.0 ms]
   [Clear CT: 0.2 ms]
   [Other: 1.0 ms]
      [Choose CSet: 0.0 ms]
      [Ref Proc: 0.2 ms]
      [Ref Enq: 0.0 ms]
      [Redirty Cards: 0.3 ms]
      [Humongous Register: 0.0 ms]
      [Humongous Reclaim: 0.0 ms]
      [Free CSet: 0.3 ms]
   [Eden: 265.0M(265.0M)->0.0B(268.0M) Survivors: 36.0M->38.0M Heap: 940.5M(2048.0M)->942.5M(2048.0M)]
 [Times: user=1.22 sys=0.00, real=0.17 secs] 
2020-09-29T12:22:24.685+0200: 104.841: [GC pause (G1 Humongous Allocation) (young) (initial-mark), 0.0603535 secs]
   [Parallel Time: 59.5 ms, GC Workers: 8]
      [GC Worker Start (ms): Min: 104840.9, Avg: 104841.0, Max: 104841.1, Diff: 0.1]
      [Ext Root Scanning (ms): Min: 0.0, Avg: 0.1, Max: 0.2, Diff: 0.2, Sum: 1.0]
      [Update RS (ms): Min: 15.8, Avg: 16.0, Max: 16.3, Diff: 0.5, Sum: 128.2]
         [Processed Buffers: Min: 16, Avg: 18.4, Max: 20, Diff: 4, Sum: 147]
      [Scan RS (ms): Min: 2.3, Avg: 2.6, Max: 2.9, Diff: 0.6, Sum: 20.6]
      [Code Root Scanning (ms): Min: 0.0, Avg: 0.0, Max: 0.0, Diff: 0.0, Sum: 0.0]
      [Object Copy (ms): Min: 40.5, Avg: 40.6, Max: 40.6, Diff: 0.1, Sum: 324.6]
      [Termination (ms): Min: 0.0, Avg: 0.0, Max: 0.0, Diff: 0.0, Sum: 0.0]
         [Termination Attempts: Min: 1, Avg: 30.4, Max: 40, Diff: 39, Sum: 243]
      [GC Worker Other (ms): Min: 0.0, Avg: 0.0, Max: 0.0, Diff: 0.0, Sum: 0.2]
      [GC Worker Total (ms): Min: 59.2, Avg: 59.3, Max: 59.4, Diff: 0.2, Sum: 474.7]
      [GC Worker End (ms): Min: 104900.3, Avg: 104900.3, Max: 104900.4, Diff: 0.0]
   [Code Root Fixup: 0.0 ms]
   [Code Root Purge: 0.0 ms]
   [Clear CT: 0.2 ms]
   [Other: 0.7 ms]
      [Choose CSet: 0.0 ms]
      [Ref Proc: 0.2 ms]
      [Ref Enq: 0.0 ms]
      [Redirty Cards: 0.2 ms]
      [Humongous Register: 0.0 ms]
      [Humongous Reclaim: 0.0 ms]
      [Free CSet: 0.1 ms]
   [Eden: 64.0M(268.0M)->0.0B(299.0M) Survivors: 38.0M->39.0M Heap: 1015.6M(2048.0M)->1017.1M(2048.0M)]
 [Times: user=0.50 sys=0.00, real=0.06 secs] 
2020-09-29T12:22:24.746+0200: 104.901: [GC concurrent-root-region-scan-start]
2020-09-29T12:22:24.755+0200: 104.911: [GC concurrent-root-region-scan-end, 0.0093944 secs]
2020-09-29T12:22:24.755+0200: 104.911: [GC concurrent-mark-start]
2020-09-29T12:22:24.758+0200: 104.913: [GC concurrent-mark-end, 0.0025367 secs]
2020-09-29T12:22:24.758+0200: 104.913: [GC remark 2020-09-29T12:22:24.758+0200: 104.913: [Finalize Marking, 0.0001982 secs] 2020-09-29T12:22:24.758+0200: 104.914: [GC ref-proc, 0.0002824 secs] 2020-09-29T12:22:24.758+0200: 104.914: [Unloading, 0.0004268 secs], 0.0011763 secs]
 [Times: user=0.00 sys=0.00, real=0.00 secs] 
2020-09-29T12:22:24.759+0200: 104.915: [GC cleanup 1045M->75M(2048M), 0.0012327 secs]
 [Times: user=0.00 sys=0.00, real=0.00 secs] 
2020-09-29T12:22:24.760+0200: 104.916: [GC concurrent-cleanup-start]
2020-09-29T12:22:24.762+0200: 104.917: [GC concurrent-cleanup-end, 0.0012161 secs]
2020-09-29T12:22:24.976+0200: 105.132: [GC pause (G1 Evacuation Pause) (young), 0.4086274 secs]
   [Parallel Time: 406.3 ms, GC Workers: 8]
      [GC Worker Start (ms): Min: 105131.7, Avg: 105131.9, Max: 105132.0, Diff: 0.3]
      [Ext Root Scanning (ms): Min: 0.0, Avg: 0.1, Max: 0.3, Diff: 0.3, Sum: 1.0]
      [Update RS (ms): Min: 45.4, Avg: 45.9, Max: 46.5, Diff: 1.1, Sum: 367.4]
         [Processed Buffers: Min: 17, Avg: 19.8, Max: 22, Diff: 5, Sum: 158]
      [Scan RS (ms): Min: 33.7, Avg: 35.0, Max: 38.7, Diff: 4.9, Sum: 280.3]
      [Code Root Scanning (ms): Min: 0.0, Avg: 0.0, Max: 0.0, Diff: 0.0, Sum: 0.0]
      [Object Copy (ms): Min: 321.0, Avg: 324.6, Max: 325.2, Diff: 4.2, Sum: 2596.4]
      [Termination (ms): Min: 0.0, Avg: 0.2, Max: 0.2, Diff: 0.2, Sum: 1.4]
         [Termination Attempts: Min: 1, Avg: 489.8, Max: 603, Diff: 602, Sum: 3918]
      [GC Worker Other (ms): Min: 0.0, Avg: 0.1, Max: 0.1, Diff: 0.1, Sum: 0.5]
      [GC Worker Total (ms): Min: 405.8, Avg: 405.9, Max: 406.1, Diff: 0.3, Sum: 3247.1]
      [GC Worker End (ms): Min: 105537.7, Avg: 105537.8, Max: 105537.8, Diff: 0.1]
   [Code Root Fixup: 0.0 ms]
   [Code Root Purge: 0.0 ms]
   [Clear CT: 0.5 ms]
   [Other: 1.8 ms]
      [Choose CSet: 0.0 ms]
      [Ref Proc: 0.4 ms]
      [Ref Enq: 0.0 ms]
      [Redirty Cards: 0.5 ms]
      [Humongous Register: 0.1 ms]
      [Humongous Reclaim: 0.0 ms]
      [Free CSet: 0.4 ms]
   [Eden: 293.0M(293.0M)->0.0B(125.0M) Survivors: 39.0M->42.0M Heap: 389.6M(2048.0M)->352.6M(2048.0M)]
 [Times: user=3.06 sys=0.00, real=0.41 secs] 
2020-09-29T12:22:25.568+0200: 105.723: [GC pause (G1 Evacuation Pause) (young), 0.2439237 secs]
   [Parallel Time: 241.9 ms, GC Workers: 8]
      [GC Worker Start (ms): Min: 105723.7, Avg: 105723.8, Max: 105723.9, Diff: 0.2]
      [Ext Root Scanning (ms): Min: 0.0, Avg: 0.2, Max: 0.3, Diff: 0.2, Sum: 1.3]
      [Update RS (ms): Min: 41.0, Avg: 41.5, Max: 42.1, Diff: 1.0, Sum: 331.9]
         [Processed Buffers: Min: 16, Avg: 17.9, Max: 19, Diff: 3, Sum: 143]
      [Scan RS (ms): Min: 11.6, Avg: 12.2, Max: 12.6, Diff: 1.0, Sum: 97.3]
      [Code Root Scanning (ms): Min: 0.0, Avg: 0.0, Max: 0.0, Diff: 0.0, Sum: 0.0]
      [Object Copy (ms): Min: 186.9, Avg: 187.1, Max: 187.5, Diff: 0.6, Sum: 1497.1]
      [Termination (ms): Min: 0.0, Avg: 0.4, Max: 0.5, Diff: 0.5, Sum: 3.0]
         [Termination Attempts: Min: 1, Avg: 993.1, Max: 1224, Diff: 1223, Sum: 7945]
      [GC Worker Other (ms): Min: 0.0, Avg: 0.1, Max: 0.1, Diff: 0.1, Sum: 0.5]
      [GC Worker Total (ms): Min: 241.3, Avg: 241.4, Max: 241.5, Diff: 0.3, Sum: 1931.1]
      [GC Worker End (ms): Min: 105965.2, Avg: 105965.2, Max: 105965.3, Diff: 0.1]
   [Code Root Fixup: 0.0 ms]
   [Code Root Purge: 0.0 ms]
   [Clear CT: 0.3 ms]
   [Other: 1.7 ms]
      [Choose CSet: 0.0 ms]
      [Ref Proc: 0.4 ms]
      [Ref Enq: 0.0 ms]
      [Redirty Cards: 0.5 ms]
      [Humongous Register: 0.1 ms]
      [Humongous Reclaim: 0.0 ms]
      [Free CSet: 0.3 ms]
   [Eden: 125.0M(125.0M)->0.0B(106.0M) Survivors: 42.0M->21.0M Heap: 498.6M(2048.0M)->501.1M(2048.0M)]
 [Times: user=1.80 sys=0.00, real=0.24 secs] 
2020-09-29T12:22:25.940+0200: 106.096: [GC pause (G1 Evacuation Pause) (young), 0.2042843 secs]
   [Parallel Time: 202.4 ms, GC Workers: 8]
      [GC Worker Start (ms): Min: 106095.8, Avg: 106095.9, Max: 106096.0, Diff: 0.3]
      [Ext Root Scanning (ms): Min: 0.0, Avg: 0.2, Max: 0.3, Diff: 0.2, Sum: 1.2]
      [Update RS (ms): Min: 34.2, Avg: 34.6, Max: 35.5, Diff: 1.4, Sum: 276.8]
         [Processed Buffers: Min: 13, Avg: 14.8, Max: 18, Diff: 5, Sum: 118]
      [Scan RS (ms): Min: 6.6, Avg: 7.6, Max: 8.2, Diff: 1.5, Sum: 61.0]
      [Code Root Scanning (ms): Min: 0.0, Avg: 0.0, Max: 0.0, Diff: 0.0, Sum: 0.0]
      [Object Copy (ms): Min: 158.8, Avg: 159.1, Max: 159.3, Diff: 0.5, Sum: 1272.5]
      [Termination (ms): Min: 0.0, Avg: 0.4, Max: 0.5, Diff: 0.5, Sum: 3.2]
         [Termination Attempts: Min: 1, Avg: 986.3, Max: 1310, Diff: 1309, Sum: 7890]
      [GC Worker Other (ms): Min: 0.0, Avg: 0.1, Max: 0.1, Diff: 0.1, Sum: 0.4]
      [GC Worker Total (ms): Min: 201.8, Avg: 201.9, Max: 202.0, Diff: 0.3, Sum: 1615.2]
      [GC Worker End (ms): Min: 106297.8, Avg: 106297.8, Max: 106297.9, Diff: 0.1]
   [Code Root Fixup: 0.0 ms]
   [Code Root Purge: 0.0 ms]
   [Clear CT: 0.4 ms]
   [Other: 1.5 ms]
      [Choose CSet: 0.0 ms]
      [Ref Proc: 0.4 ms]
      [Ref Enq: 0.0 ms]
      [Redirty Cards: 0.4 ms]
      [Humongous Register: 0.1 ms]
      [Humongous Reclaim: 0.0 ms]
      [Free CSet: 0.2 ms]
   [Eden: 106.0M(106.0M)->0.0B(95.0M) Survivors: 21.0M->16.0M Heap: 624.2M(2048.0M)->626.2M(2048.0M)]
 [Times: user=1.63 sys=0.00, real=0.20 secs] 
2020-09-29T12:22:26.265+0200: 106.420: [GC pause (G1 Evacuation Pause) (young), 0.1652825 secs]
   [Parallel Time: 163.5 ms, GC Workers: 8]
      [GC Worker Start (ms): Min: 106420.1, Avg: 106420.2, Max: 106420.4, Diff: 0.3]
      [Ext Root Scanning (ms): Min: 0.0, Avg: 0.2, Max: 0.3, Diff: 0.3, Sum: 1.3]
      [Update RS (ms): Min: 32.1, Avg: 32.3, Max: 32.9, Diff: 0.8, Sum: 258.5]
         [Processed Buffers: Min: 12, Avg: 14.9, Max: 17, Diff: 5, Sum: 119]
      [Scan RS (ms): Min: 5.8, Avg: 7.0, Max: 11.7, Diff: 5.9, Sum: 56.1]
      [Code Root Scanning (ms): Min: 0.0, Avg: 0.0, Max: 0.0, Diff: 0.0, Sum: 0.0]
      [Object Copy (ms): Min: 118.9, Avg: 123.4, Max: 124.4, Diff: 5.5, Sum: 987.5]
      [Termination (ms): Min: 0.0, Avg: 0.2, Max: 0.2, Diff: 0.2, Sum: 1.4]
         [Termination Attempts: Min: 1, Avg: 487.3, Max: 604, Diff: 603, Sum: 3898]
      [GC Worker Other (ms): Min: 0.0, Avg: 0.1, Max: 0.1, Diff: 0.1, Sum: 0.4]
      [GC Worker Total (ms): Min: 163.0, Avg: 163.2, Max: 163.3, Diff: 0.3, Sum: 1305.2]
      [GC Worker End (ms): Min: 106583.4, Avg: 106583.4, Max: 106583.4, Diff: 0.1]
   [Code Root Fixup: 0.0 ms]
   [Code Root Purge: 0.0 ms]
   [Clear CT: 0.4 ms]
   [Other: 1.4 ms]
      [Choose CSet: 0.0 ms]
      [Ref Proc: 0.4 ms]
      [Ref Enq: 0.0 ms]
      [Redirty Cards: 0.4 ms]
      [Humongous Register: 0.1 ms]
      [Humongous Reclaim: 0.0 ms]
      [Free CSet: 0.2 ms]
   [Eden: 95.0M(95.0M)->0.0B(96.0M) Survivors: 16.0M->14.0M Heap: 738.4M(2048.0M)->739.9M(2048.0M)]
 [Times: user=1.38 sys=0.00, real=0.16 secs] 
2020-09-29T12:22:26.549+0200: 106.704: [GC pause (G1 Evacuation Pause) (young), 0.1580788 secs]
   [Parallel Time: 156.3 ms, GC Workers: 8]
      [GC Worker Start (ms): Min: 106704.3, Avg: 106704.5, Max: 106704.7, Diff: 0.3]
      [Ext Root Scanning (ms): Min: 0.0, Avg: 0.1, Max: 0.3, Diff: 0.3, Sum: 1.0]
      [Update RS (ms): Min: 33.4, Avg: 33.7, Max: 34.4, Diff: 0.9, Sum: 269.4]
         [Processed Buffers: Min: 14, Avg: 15.4, Max: 19, Diff: 5, Sum: 123]
      [Scan RS (ms): Min: 4.2, Avg: 5.0, Max: 5.4, Diff: 1.1, Sum: 40.3]
      [Code Root Scanning (ms): Min: 0.0, Avg: 0.0, Max: 0.0, Diff: 0.0, Sum: 0.0]
      [Object Copy (ms): Min: 116.6, Avg: 116.8, Max: 116.9, Diff: 0.3, Sum: 934.0]
      [Termination (ms): Min: 0.0, Avg: 0.1, Max: 0.1, Diff: 0.1, Sum: 0.4]
         [Termination Attempts: Min: 1, Avg: 128.9, Max: 183, Diff: 182, Sum: 1031]
      [GC Worker Other (ms): Min: 0.0, Avg: 0.0, Max: 0.1, Diff: 0.1, Sum: 0.4]
      [GC Worker Total (ms): Min: 155.6, Avg: 155.7, Max: 155.9, Diff: 0.3, Sum: 1245.5]
      [GC Worker End (ms): Min: 106860.2, Avg: 106860.2, Max: 106860.3, Diff: 0.1]
   [Code Root Fixup: 0.0 ms]
   [Code Root Purge: 0.0 ms]
   [Clear CT: 0.4 ms]
   [Other: 1.4 ms]
      [Choose CSet: 0.0 ms]
      [Ref Proc: 0.4 ms]
      [Ref Enq: 0.0 ms]
      [Redirty Cards: 0.5 ms]
      [Humongous Register: 0.1 ms]
      [Humongous Reclaim: 0.0 ms]
      [Free CSet: 0.2 ms]
   [Eden: 96.0M(96.0M)->0.0B(102.0M) Survivors: 14.0M->14.0M Heap: 851.2M(2048.0M)->853.7M(2048.0M)]
 [Times: user=1.25 sys=0.00, real=0.16 secs] 
2020-09-29T12:22:26.840+0200: 106.995: [GC pause (G1 Evacuation Pause) (young), 0.1579370 secs]
   [Parallel Time: 155.8 ms, GC Workers: 8]
      [GC Worker Start (ms): Min: 106995.6, Avg: 106995.8, Max: 106996.0, Diff: 0.4]
      [Ext Root Scanning (ms): Min: 0.0, Avg: 0.1, Max: 0.3, Diff: 0.3, Sum: 1.1]
      [Update RS (ms): Min: 26.2, Avg: 26.4, Max: 26.8, Diff: 0.5, Sum: 211.0]
         [Processed Buffers: Min: 12, Avg: 13.1, Max: 15, Diff: 3, Sum: 105]
      [Scan RS (ms): Min: 8.3, Avg: 8.7, Max: 8.9, Diff: 0.6, Sum: 69.7]
      [Code Root Scanning (ms): Min: 0.0, Avg: 0.0, Max: 0.0, Diff: 0.0, Sum: 0.0]
      [Object Copy (ms): Min: 119.7, Avg: 119.8, Max: 120.1, Diff: 0.4, Sum: 958.7]
      [Termination (ms): Min: 0.0, Avg: 0.2, Max: 0.3, Diff: 0.3, Sum: 1.7]
         [Termination Attempts: Min: 1, Avg: 524.4, Max: 722, Diff: 721, Sum: 4195]
      [GC Worker Other (ms): Min: 0.0, Avg: 0.1, Max: 0.1, Diff: 0.1, Sum: 0.5]
      [GC Worker Total (ms): Min: 155.1, Avg: 155.3, Max: 155.5, Diff: 0.4, Sum: 1242.7]
      [GC Worker End (ms): Min: 107151.1, Avg: 107151.1, Max: 107151.2, Diff: 0.1]
   [Code Root Fixup: 0.0 ms]
   [Code Root Purge: 0.0 ms]
   [Clear CT: 0.4 ms]
   [Other: 1.8 ms]
      [Choose CSet: 0.0 ms]
      [Ref Proc: 0.4 ms]
      [Ref Enq: 0.0 ms]
      [Redirty Cards: 0.7 ms]
      [Humongous Register: 0.1 ms]
      [Humongous Reclaim: 0.0 ms]
      [Free CSet: 0.2 ms]
   [Eden: 102.0M(102.0M)->0.0B(107.0M) Survivors: 14.0M->15.0M Heap: 972.8M(2048.0M)->974.8M(2048.0M)]
 [Times: user=1.22 sys=0.00, real=0.16 secs] 
2020-09-29T12:22:27.007+0200: 107.162: [GC pause (G1 Humongous Allocation) (young) (initial-mark), 0.0643407 secs]
   [Parallel Time: 62.5 ms, GC Workers: 8]
      [GC Worker Start (ms): Min: 107162.6, Avg: 107162.7, Max: 107162.9, Diff: 0.3]
      [Ext Root Scanning (ms): Min: 0.0, Avg: 0.6, Max: 1.5, Diff: 1.5, Sum: 4.8]
      [Update RS (ms): Min: 33.8, Avg: 34.6, Max: 35.3, Diff: 1.5, Sum: 276.7]
         [Processed Buffers: Min: 16, Avg: 18.9, Max: 21, Diff: 5, Sum: 151]
      [Scan RS (ms): Min: 0.3, Avg: 0.6, Max: 1.1, Diff: 0.8, Sum: 4.7]
      [Code Root Scanning (ms): Min: 0.0, Avg: 0.0, Max: 0.0, Diff: 0.0, Sum: 0.0]
      [Object Copy (ms): Min: 26.4, Avg: 26.5, Max: 26.6, Diff: 0.1, Sum: 212.1]
      [Termination (ms): Min: 0.0, Avg: 0.0, Max: 0.0, Diff: 0.0, Sum: 0.1]
         [Termination Attempts: Min: 1, Avg: 35.6, Max: 45, Diff: 44, Sum: 285]
      [GC Worker Other (ms): Min: 0.0, Avg: 0.0, Max: 0.0, Diff: 0.0, Sum: 0.2]
      [GC Worker Total (ms): Min: 62.1, Avg: 62.3, Max: 62.4, Diff: 0.3, Sum: 498.5]
      [GC Worker End (ms): Min: 107225.0, Avg: 107225.0, Max: 107225.0, Diff: 0.0]
   [Code Root Fixup: 0.0 ms]
   [Code Root Purge: 0.0 ms]
   [Clear CT: 0.5 ms]
   [Other: 1.3 ms]
      [Choose CSet: 0.0 ms]
      [Ref Proc: 0.3 ms]
      [Ref Enq: 0.0 ms]
      [Redirty Cards: 0.4 ms]
      [Humongous Register: 0.1 ms]
      [Humongous Reclaim: 0.0 ms]
      [Free CSet: 0.1 ms]
   [Eden: 8192.0K(107.0M)->0.0B(120.0M) Survivors: 15.0M->10.0M Heap: 982.3M(2048.0M)->986.3M(2048.0M)]
 [Times: user=0.50 sys=0.00, real=0.07 secs] 
2020-09-29T12:22:27.072+0200: 107.227: [GC concurrent-root-region-scan-start]
2020-09-29T12:22:27.078+0200: 107.233: [GC concurrent-root-region-scan-end, 0.0058340 secs]
2020-09-29T12:22:27.078+0200: 107.233: [GC concurrent-mark-start]
2020-09-29T12:22:27.085+0200: 107.240: [GC concurrent-mark-end, 0.0070461 secs]
2020-09-29T12:22:27.086+0200: 107.241: [GC remark 2020-09-29T12:22:27.086+0200: 107.241: [Finalize Marking, 0.0002943 secs] 2020-09-29T12:22:27.086+0200: 107.241: [GC ref-proc, 0.0008447 secs] 2020-09-29T12:22:27.087+0200: 107.242: [Unloading, 0.0009764 secs], 0.0029056 secs]
 [Times: user=0.00 sys=0.00, real=0.00 secs] 
2020-09-29T12:22:27.089+0200: 107.245: [GC cleanup 998M->29M(2048M), 0.0022230 secs]
 [Times: user=0.00 sys=0.00, real=0.00 secs] 
2020-09-29T12:22:27.092+0200: 107.247: [GC concurrent-cleanup-start]
2020-09-29T12:22:27.096+0200: 107.251: [GC concurrent-cleanup-end, 0.0044705 secs]
2020-09-29T12:22:27.368+0200: 107.523: [GC pause (G1 Evacuation Pause) (young), 0.1665498 secs]
   [Parallel Time: 164.6 ms, GC Workers: 8]
      [GC Worker Start (ms): Min: 107523.5, Avg: 107523.6, Max: 107523.7, Diff: 0.2]
      [Ext Root Scanning (ms): Min: 0.0, Avg: 0.2, Max: 0.3, Diff: 0.2, Sum: 1.4]
      [Update RS (ms): Min: 22.2, Avg: 22.6, Max: 23.6, Diff: 1.4, Sum: 180.7]
         [Processed Buffers: Min: 9, Avg: 10.9, Max: 13, Diff: 4, Sum: 87]
      [Scan RS (ms): Min: 10.6, Avg: 11.7, Max: 12.2, Diff: 1.6, Sum: 93.7]
      [Code Root Scanning (ms): Min: 0.0, Avg: 0.0, Max: 0.0, Diff: 0.0, Sum: 0.0]
      [Object Copy (ms): Min: 129.6, Avg: 129.7, Max: 129.8, Diff: 0.2, Sum: 1037.5]
      [Termination (ms): Min: 0.0, Avg: 0.0, Max: 0.0, Diff: 0.0, Sum: 0.1]
         [Termination Attempts: Min: 1, Avg: 32.3, Max: 48, Diff: 47, Sum: 258]
      [GC Worker Other (ms): Min: 0.0, Avg: 0.0, Max: 0.1, Diff: 0.1, Sum: 0.4]
      [GC Worker Total (ms): Min: 164.1, Avg: 164.2, Max: 164.4, Diff: 0.3, Sum: 1313.8]
      [GC Worker End (ms): Min: 107687.8, Avg: 107687.8, Max: 107687.9, Diff: 0.1]
   [Code Root Fixup: 0.0 ms]
   [Code Root Purge: 0.0 ms]
   [Clear CT: 0.5 ms]
   [Other: 1.5 ms]
      [Choose CSet: 0.0 ms]
      [Ref Proc: 0.3 ms]
      [Ref Enq: 0.0 ms]
      [Redirty Cards: 0.4 ms]
      [Humongous Register: 0.1 ms]
      [Humongous Reclaim: 0.0 ms]
      [Free CSet: 0.2 ms]
   [Eden: 120.0M(120.0M)->0.0B(114.0M) Survivors: 10.0M->17.0M Heap: 158.5M(2048.0M)->151.0M(2048.0M)]
 [Times: user=1.25 sys=0.00, real=0.17 secs] 
2020-09-29T12:22:27.697+0200: 107.853: [GC pause (G1 Evacuation Pause) (young), 0.1764474 secs]
   [Parallel Time: 174.2 ms, GC Workers: 8]
      [GC Worker Start (ms): Min: 107853.0, Avg: 107853.1, Max: 107853.3, Diff: 0.3]
      [Ext Root Scanning (ms): Min: 0.0, Avg: 0.2, Max: 0.3, Diff: 0.3, Sum: 1.4]
      [Update RS (ms): Min: 17.3, Avg: 17.7, Max: 18.7, Diff: 1.4, Sum: 141.4]
         [Processed Buffers: Min: 8, Avg: 9.4, Max: 11, Diff: 3, Sum: 75]
      [Scan RS (ms): Min: 13.7, Avg: 14.7, Max: 15.1, Diff: 1.4, Sum: 117.2]
      [Code Root Scanning (ms): Min: 0.0, Avg: 0.0, Max: 0.0, Diff: 0.0, Sum: 0.0]
      [Object Copy (ms): Min: 141.2, Avg: 141.2, Max: 141.3, Diff: 0.1, Sum: 1129.8]
      [Termination (ms): Min: 0.0, Avg: 0.0, Max: 0.0, Diff: 0.0, Sum: 0.1]
         [Termination Attempts: Min: 1, Avg: 35.0, Max: 50, Diff: 49, Sum: 280]
      [GC Worker Other (ms): Min: 0.0, Avg: 0.1, Max: 0.1, Diff: 0.1, Sum: 0.4]
      [GC Worker Total (ms): Min: 173.6, Avg: 173.8, Max: 173.9, Diff: 0.3, Sum: 1390.3]
      [GC Worker End (ms): Min: 108026.9, Avg: 108026.9, Max: 108026.9, Diff: 0.1]
   [Code Root Fixup: 0.0 ms]
   [Code Root Purge: 0.0 ms]
   [Clear CT: 0.5 ms]
   [Other: 1.7 ms]
      [Choose CSet: 0.0 ms]
      [Ref Proc: 0.3 ms]
      [Ref Enq: 0.0 ms]
      [Redirty Cards: 0.8 ms]
      [Humongous Register: 0.1 ms]
      [Humongous Reclaim: 0.0 ms]
      [Free CSet: 0.2 ms]
   [Eden: 114.0M(114.0M)->0.0B(112.0M) Survivors: 17.0M->17.0M Heap: 284.1M(2048.0M)->285.1M(2048.0M)]
 [Times: user=1.38 sys=0.00, real=0.18 secs] 
2020-09-29T12:22:28.015+0200: 108.171: [GC pause (G1 Evacuation Pause) (young), 0.1765488 secs]
   [Parallel Time: 174.5 ms, GC Workers: 8]
      [GC Worker Start (ms): Min: 108170.8, Avg: 108171.0, Max: 108171.1, Diff: 0.3]
      [Ext Root Scanning (ms): Min: 0.0, Avg: 0.1, Max: 0.3, Diff: 0.3, Sum: 1.1]
      [Update RS (ms): Min: 20.8, Avg: 21.0, Max: 22.0, Diff: 1.2, Sum: 168.0]
         [Processed Buffers: Min: 9, Avg: 11.1, Max: 12, Diff: 3, Sum: 89]
      [Scan RS (ms): Min: 12.2, Avg: 13.3, Max: 13.6, Diff: 1.4, Sum: 106.4]
      [Code Root Scanning (ms): Min: 0.0, Avg: 0.0, Max: 0.0, Diff: 0.0, Sum: 0.0]
      [Object Copy (ms): Min: 139.3, Avg: 139.5, Max: 139.6, Diff: 0.3, Sum: 1116.0]
      [Termination (ms): Min: 0.0, Avg: 0.1, Max: 0.1, Diff: 0.1, Sum: 0.8]
         [Termination Attempts: Min: 1, Avg: 252.6, Max: 306, Diff: 305, Sum: 2021]
      [GC Worker Other (ms): Min: 0.0, Avg: 0.0, Max: 0.1, Diff: 0.1, Sum: 0.3]
      [GC Worker Total (ms): Min: 174.0, Avg: 174.1, Max: 174.2, Diff: 0.3, Sum: 1392.7]
      [GC Worker End (ms): Min: 108345.0, Avg: 108345.1, Max: 108345.1, Diff: 0.1]
   [Code Root Fixup: 0.0 ms]
   [Code Root Purge: 0.0 ms]
   [Clear CT: 0.4 ms]
   [Other: 1.7 ms]
      [Choose CSet: 0.0 ms]
      [Ref Proc: 0.4 ms]
      [Ref Enq: 0.0 ms]
      [Redirty Cards: 0.6 ms]
      [Humongous Register: 0.1 ms]
      [Humongous Reclaim: 0.0 ms]
      [Free CSet: 0.2 ms]
   [Eden: 112.0M(112.0M)->0.0B(112.0M) Survivors: 17.0M->17.0M Heap: 416.1M(2048.0M)->418.1M(2048.0M)]
 [Times: user=1.39 sys=0.00, real=0.18 secs] 
2020-09-29T12:22:28.362+0200: 108.517: [GC pause (G1 Evacuation Pause) (young), 0.1969688 secs]
   [Parallel Time: 195.1 ms, GC Workers: 8]
      [GC Worker Start (ms): Min: 108517.6, Avg: 108517.8, Max: 108518.0, Diff: 0.3]
      [Ext Root Scanning (ms): Min: 0.0, Avg: 0.2, Max: 0.3, Diff: 0.3, Sum: 1.2]
      [Update RS (ms): Min: 17.4, Avg: 17.7, Max: 18.1, Diff: 0.6, Sum: 141.5]
         [Processed Buffers: Min: 8, Avg: 10.0, Max: 14, Diff: 6, Sum: 80]
      [Scan RS (ms): Min: 13.5, Avg: 13.9, Max: 14.2, Diff: 0.7, Sum: 111.3]
      [Code Root Scanning (ms): Min: 0.0, Avg: 0.0, Max: 0.0, Diff: 0.0, Sum: 0.0]
      [Object Copy (ms): Min: 162.5, Avg: 162.7, Max: 162.9, Diff: 0.3, Sum: 1301.8]
      [Termination (ms): Min: 0.0, Avg: 0.1, Max: 0.1, Diff: 0.1, Sum: 0.7]
         [Termination Attempts: Min: 1, Avg: 51.3, Max: 74, Diff: 73, Sum: 410]
      [GC Worker Other (ms): Min: 0.0, Avg: 0.0, Max: 0.1, Diff: 0.1, Sum: 0.4]
      [GC Worker Total (ms): Min: 194.4, Avg: 194.6, Max: 194.8, Diff: 0.4, Sum: 1556.9]
      [GC Worker End (ms): Min: 108712.4, Avg: 108712.4, Max: 108712.4, Diff: 0.1]
   [Code Root Fixup: 0.0 ms]
   [Code Root Purge: 0.0 ms]
   [Clear CT: 0.4 ms]
   [Other: 1.5 ms]
      [Choose CSet: 0.0 ms]
      [Ref Proc: 0.5 ms]
      [Ref Enq: 0.0 ms]
      [Redirty Cards: 0.4 ms]
      [Humongous Register: 0.1 ms]
      [Humongous Reclaim: 0.0 ms]
      [Free CSet: 0.2 ms]
   [Eden: 112.0M(112.0M)->0.0B(106.0M) Survivors: 17.0M->17.0M Heap: 549.2M(2048.0M)->551.2M(2048.0M)]
 [Times: user=1.41 sys=0.00, real=0.20 secs] 
2020-09-29T12:22:28.706+0200: 108.862: [GC pause (G1 Evacuation Pause) (young), 0.2242129 secs]
   [Parallel Time: 222.3 ms, GC Workers: 8]
      [GC Worker Start (ms): Min: 108862.5, Avg: 108863.8, Max: 108872.5, Diff: 10.1]
      [Ext Root Scanning (ms): Min: 0.0, Avg: 0.2, Max: 0.4, Diff: 0.4, Sum: 1.5]
      [Update RS (ms): Min: 12.5, Avg: 21.1, Max: 22.7, Diff: 10.3, Sum: 168.4]
         [Processed Buffers: Min: 7, Avg: 10.0, Max: 12, Diff: 5, Sum: 80]
      [Scan RS (ms): Min: 14.0, Avg: 14.6, Max: 14.9, Diff: 0.8, Sum: 117.0]
      [Code Root Scanning (ms): Min: 0.0, Avg: 0.0, Max: 0.0, Diff: 0.0, Sum: 0.0]
      [Object Copy (ms): Min: 184.3, Avg: 184.5, Max: 184.8, Diff: 0.5, Sum: 1475.8]
      [Termination (ms): Min: 0.0, Avg: 0.3, Max: 0.4, Diff: 0.4, Sum: 2.7]
         [Termination Attempts: Min: 1, Avg: 872.1, Max: 1097, Diff: 1096, Sum: 6977]
      [GC Worker Other (ms): Min: 0.0, Avg: 0.0, Max: 0.1, Diff: 0.1, Sum: 0.3]
      [GC Worker Total (ms): Min: 212.0, Avg: 220.7, Max: 222.1, Diff: 10.1, Sum: 1765.8]
      [GC Worker End (ms): Min: 109084.5, Avg: 109084.5, Max: 109084.6, Diff: 0.1]
   [Code Root Fixup: 0.0 ms]
   [Code Root Purge: 0.0 ms]
   [Clear CT: 0.4 ms]
   [Other: 1.5 ms]
      [Choose CSet: 0.0 ms]
      [Ref Proc: 0.4 ms]
      [Ref Enq: 0.0 ms]
      [Redirty Cards: 0.4 ms]
      [Humongous Register: 0.1 ms]
      [Humongous Reclaim: 0.0 ms]
      [Free CSet: 0.2 ms]
   [Eden: 106.0M(106.0M)->0.0B(93.0M) Survivors: 17.0M->16.0M Heap: 674.4M(2048.0M)->676.9M(2048.0M)]
 [Times: user=1.58 sys=0.00, real=0.22 secs] 
2020-09-29T12:22:29.053+0200: 109.209: [GC pause (G1 Evacuation Pause) (young), 0.1494151 secs]
   [Parallel Time: 145.6 ms, GC Workers: 8]
      [GC Worker Start (ms): Min: 109209.4, Avg: 109209.5, Max: 109209.7, Diff: 0.3]
      [Ext Root Scanning (ms): Min: 0.0, Avg: 0.1, Max: 0.3, Diff: 0.3, Sum: 1.2]
      [Update RS (ms): Min: 15.9, Avg: 16.2, Max: 17.6, Diff: 1.7, Sum: 129.8]
         [Processed Buffers: Min: 7, Avg: 8.5, Max: 13, Diff: 6, Sum: 68]
      [Scan RS (ms): Min: 11.7, Avg: 13.0, Max: 13.4, Diff: 1.7, Sum: 103.6]
      [Code Root Scanning (ms): Min: 0.0, Avg: 0.0, Max: 0.0, Diff: 0.0, Sum: 0.0]
      [Object Copy (ms): Min: 115.6, Avg: 115.7, Max: 115.8, Diff: 0.3, Sum: 925.5]
      [Termination (ms): Min: 0.0, Avg: 0.1, Max: 0.2, Diff: 0.2, Sum: 1.1]
         [Termination Attempts: Min: 1, Avg: 338.6, Max: 419, Diff: 418, Sum: 2709]
      [GC Worker Other (ms): Min: 0.0, Avg: 0.0, Max: 0.1, Diff: 0.1, Sum: 0.3]
      [GC Worker Total (ms): Min: 145.1, Avg: 145.2, Max: 145.3, Diff: 0.3, Sum: 1161.6]
      [GC Worker End (ms): Min: 109354.7, Avg: 109354.7, Max: 109354.8, Diff: 0.1]
   [Code Root Fixup: 0.0 ms]
   [Code Root Purge: 0.0 ms]
   [Clear CT: 1.9 ms]
   [Other: 1.9 ms]
      [Choose CSet: 0.0 ms]
      [Ref Proc: 0.5 ms]
      [Ref Enq: 0.0 ms]
      [Redirty Cards: 0.9 ms]
      [Humongous Register: 0.1 ms]
      [Humongous Reclaim: 0.0 ms]
      [Free CSet: 0.1 ms]
   [Eden: 93.0M(93.0M)->0.0B(101.0M) Survivors: 16.0M->14.0M Heap: 785.1M(2048.0M)->787.1M(2048.0M)]
 [Times: user=1.13 sys=0.00, real=0.15 secs] 
2020-09-29T12:22:29.338+0200: 109.493: [GC pause (G1 Evacuation Pause) (young), 0.1592312 secs]
   [Parallel Time: 157.4 ms, GC Workers: 8]
      [GC Worker Start (ms): Min: 109492.7, Avg: 109493.2, Max: 109494.3, Diff: 1.5]
      [Ext Root Scanning (ms): Min: 0.0, Avg: 0.1, Max: 0.3, Diff: 0.3, Sum: 0.8]
      [Update RS (ms): Min: 16.2, Avg: 17.4, Max: 17.9, Diff: 1.7, Sum: 139.4]
         [Processed Buffers: Min: 8, Avg: 9.5, Max: 12, Diff: 4, Sum: 76]
      [Scan RS (ms): Min: 11.6, Avg: 11.9, Max: 12.3, Diff: 0.7, Sum: 95.0]
      [Code Root Scanning (ms): Min: 0.0, Avg: 0.0, Max: 0.0, Diff: 0.0, Sum: 0.0]
      [Object Copy (ms): Min: 127.0, Avg: 127.2, Max: 127.3, Diff: 0.2, Sum: 1017.5]
      [Termination (ms): Min: 0.0, Avg: 0.1, Max: 0.2, Diff: 0.2, Sum: 0.8]
         [Termination Attempts: Min: 1, Avg: 17.4, Max: 34, Diff: 33, Sum: 139]
      [GC Worker Other (ms): Min: 0.0, Avg: 0.0, Max: 0.0, Diff: 0.0, Sum: 0.2]
      [GC Worker Total (ms): Min: 155.6, Avg: 156.7, Max: 157.1, Diff: 1.5, Sum: 1253.7]
      [GC Worker End (ms): Min: 109649.8, Avg: 109649.9, Max: 109649.9, Diff: 0.1]
   [Code Root Fixup: 0.0 ms]
   [Code Root Purge: 0.0 ms]
   [Clear CT: 0.3 ms]
   [Other: 1.5 ms]
      [Choose CSet: 0.0 ms]
      [Ref Proc: 0.4 ms]
      [Ref Enq: 0.0 ms]
      [Redirty Cards: 0.5 ms]
      [Humongous Register: 0.1 ms]
      [Humongous Reclaim: 0.0 ms]
      [Free CSet: 0.2 ms]
   [Eden: 101.0M(101.0M)->0.0B(106.0M) Survivors: 14.0M->15.0M Heap: 905.3M(2048.0M)->907.3M(2048.0M)]
 [Times: user=1.25 sys=0.00, real=0.16 secs] 
2020-09-29T12:22:29.651+0200: 109.806: [GC pause (G1 Evacuation Pause) (young), 0.1784231 secs]
   [Parallel Time: 175.0 ms, GC Workers: 8]
      [GC Worker Start (ms): Min: 109806.6, Avg: 109806.8, Max: 109806.9, Diff: 0.3]
      [Ext Root Scanning (ms): Min: 0.0, Avg: 0.1, Max: 0.3, Diff: 0.3, Sum: 1.0]
      [Update RS (ms): Min: 22.1, Avg: 22.5, Max: 24.1, Diff: 2.0, Sum: 179.9]
         [Processed Buffers: Min: 5, Avg: 10.4, Max: 12, Diff: 7, Sum: 83]
      [Scan RS (ms): Min: 11.9, Avg: 13.4, Max: 13.8, Diff: 1.9, Sum: 106.8]
      [Code Root Scanning (ms): Min: 0.0, Avg: 0.0, Max: 0.0, Diff: 0.0, Sum: 0.0]
      [Object Copy (ms): Min: 138.2, Avg: 138.3, Max: 138.5, Diff: 0.4, Sum: 1106.2]
      [Termination (ms): Min: 0.1, Avg: 0.3, Max: 0.3, Diff: 0.3, Sum: 2.0]
         [Termination Attempts: Min: 1, Avg: 450.0, Max: 618, Diff: 617, Sum: 3600]
      [GC Worker Other (ms): Min: 0.0, Avg: 0.0, Max: 0.0, Diff: 0.0, Sum: 0.2]
      [GC Worker Total (ms): Min: 174.4, Avg: 174.5, Max: 174.7, Diff: 0.3, Sum: 1396.2]
      [GC Worker End (ms): Min: 109981.3, Avg: 109981.3, Max: 109981.4, Diff: 0.1]
   [Code Root Fixup: 0.0 ms]
   [Code Root Purge: 0.0 ms]
   [Clear CT: 0.4 ms]
   [Other: 3.1 ms]
      [Choose CSet: 0.0 ms]
      [Ref Proc: 2.1 ms]
      [Ref Enq: 0.0 ms]
      [Redirty Cards: 0.4 ms]
      [Humongous Register: 0.1 ms]
      [Humongous Reclaim: 0.0 ms]
      [Free CSet: 0.2 ms]
   [Eden: 106.0M(106.0M)->0.0B(106.0M) Survivors: 15.0M->16.0M Heap: 1030.5M(2048.0M)->1033.0M(2048.0M)]
 [Times: user=1.36 sys=0.00, real=0.18 secs] 
2020-09-29T12:22:29.846+0200: 110.001: [GC pause (G1 Humongous Allocation) (young) (initial-mark), 0.0545506 secs]
   [Parallel Time: 51.9 ms, GC Workers: 8]
      [GC Worker Start (ms): Min: 110001.7, Avg: 110001.8, Max: 110002.0, Diff: 0.3]
      [Ext Root Scanning (ms): Min: 0.0, Avg: 0.3, Max: 0.4, Diff: 0.4, Sum: 2.4]
      [Update RS (ms): Min: 23.2, Avg: 23.8, Max: 24.7, Diff: 1.4, Sum: 190.1]
         [Processed Buffers: Min: 11, Avg: 12.6, Max: 13, Diff: 2, Sum: 101]
      [Scan RS (ms): Min: 1.4, Avg: 2.2, Max: 2.7, Diff: 1.3, Sum: 17.7]
      [Code Root Scanning (ms): Min: 0.0, Avg: 0.0, Max: 0.0, Diff: 0.0, Sum: 0.0]
      [Object Copy (ms): Min: 25.1, Avg: 25.2, Max: 25.2, Diff: 0.1, Sum: 201.3]
      [Termination (ms): Min: 0.0, Avg: 0.1, Max: 0.1, Diff: 0.1, Sum: 0.5]
         [Termination Attempts: Min: 1, Avg: 24.4, Max: 42, Diff: 41, Sum: 195]
      [GC Worker Other (ms): Min: 0.0, Avg: 0.0, Max: 0.0, Diff: 0.0, Sum: 0.2]
      [GC Worker Total (ms): Min: 51.3, Avg: 51.5, Max: 51.7, Diff: 0.4, Sum: 412.2]
      [GC Worker End (ms): Min: 110053.3, Avg: 110053.3, Max: 110053.3, Diff: 0.1]
   [Code Root Fixup: 0.0 ms]
   [Code Root Purge: 0.0 ms]
   [Clear CT: 0.8 ms]
   [Other: 1.8 ms]
      [Choose CSet: 0.0 ms]
      [Ref Proc: 0.4 ms]
      [Ref Enq: 0.0 ms]
      [Redirty Cards: 0.7 ms]
      [Humongous Register: 0.1 ms]
      [Humongous Reclaim: 0.0 ms]
      [Free CSet: 0.1 ms]
   [Eden: 6144.0K(106.0M)->0.0B(123.0M) Survivors: 16.0M->7168.0K Heap: 1039.0M(2048.0M)->1042.0M(2048.0M)]
 [Times: user=0.47 sys=0.00, real=0.06 secs] 
2020-09-29T12:22:29.901+0200: 110.057: [GC concurrent-root-region-scan-start]
2020-09-29T12:22:29.910+0200: 110.065: [GC concurrent-root-region-scan-end, 0.0089416 secs]
2020-09-29T12:22:29.910+0200: 110.066: [GC concurrent-mark-start]
2020-09-29T12:22:29.923+0200: 110.079: [GC concurrent-mark-end, 0.0136183 secs]
2020-09-29T12:22:29.924+0200: 110.080: [GC remark 2020-09-29T12:22:29.924+0200: 110.080: [Finalize Marking, 0.0007350 secs] 2020-09-29T12:22:29.925+0200: 110.081: [GC ref-proc, 0.0016689 secs] 2020-09-29T12:22:29.927+0200: 110.083: [Unloading, 0.0021783 secs], 0.0062893 secs]
 [Times: user=0.00 sys=0.01, real=0.01 secs] 
2020-09-29T12:22:29.932+0200: 110.088: [GC cleanup 1054M->27M(2048M), 0.0045716 secs]
 [Times: user=0.00 sys=0.00, real=0.01 secs] 
2020-09-29T12:22:29.937+0200: 110.093: [GC concurrent-cleanup-start]
2020-09-29T12:22:29.944+0200: 110.099: [GC concurrent-cleanup-end, 0.0065745 secs]
2020-09-29T12:22:30.180+0200: 110.335: [GC pause (G1 Evacuation Pause) (young), 0.2808416 secs]
   [Parallel Time: 276.9 ms, GC Workers: 8]
      [GC Worker Start (ms): Min: 110335.7, Avg: 110336.0, Max: 110336.2, Diff: 0.5]
      [Ext Root Scanning (ms): Min: 0.0, Avg: 0.2, Max: 0.5, Diff: 0.5, Sum: 1.8]
      [Update RS (ms): Min: 24.0, Avg: 25.1, Max: 26.4, Diff: 2.4, Sum: 200.9]
         [Processed Buffers: Min: 7, Avg: 7.3, Max: 8, Diff: 1, Sum: 58]
      [Scan RS (ms): Min: 25.5, Avg: 26.8, Max: 27.9, Diff: 2.5, Sum: 214.4]
      [Code Root Scanning (ms): Min: 0.0, Avg: 0.0, Max: 0.0, Diff: 0.0, Sum: 0.0]
      [Object Copy (ms): Min: 223.9, Avg: 224.1, Max: 224.3, Diff: 0.4, Sum: 1793.0]
      [Termination (ms): Min: 0.0, Avg: 0.0, Max: 0.1, Diff: 0.1, Sum: 0.3]
         [Termination Attempts: Min: 1, Avg: 47.9, Max: 65, Diff: 64, Sum: 383]
      [GC Worker Other (ms): Min: 0.0, Avg: 0.1, Max: 0.1, Diff: 0.1, Sum: 0.5]
      [GC Worker Total (ms): Min: 276.2, Avg: 276.4, Max: 276.6, Diff: 0.4, Sum: 2210.9]
      [GC Worker End (ms): Min: 110612.3, Avg: 110612.3, Max: 110612.4, Diff: 0.1]
   [Code Root Fixup: 0.0 ms]
   [Code Root Purge: 0.0 ms]
   [Clear CT: 1.0 ms]
   [Other: 2.9 ms]
      [Choose CSet: 0.0 ms]
      [Ref Proc: 1.1 ms]
      [Ref Enq: 0.0 ms]
      [Redirty Cards: 0.8 ms]
      [Humongous Register: 0.1 ms]
      [Humongous Reclaim: 0.0 ms]
      [Free CSet: 0.3 ms]
   [Eden: 123.0M(123.0M)->0.0B(85.0M) Survivors: 7168.0K->17.0M Heap: 159.0M(2048.0M)->155.0M(2048.0M)]
 [Times: user=2.22 sys=0.00, real=0.28 secs] 
2020-09-29T12:22:30.714+0200: 110.870: [GC pause (G1 Evacuation Pause) (young), 0.2365729 secs]
   [Parallel Time: 233.8 ms, GC Workers: 8]
      [GC Worker Start (ms): Min: 110870.3, Avg: 110870.5, Max: 110870.7, Diff: 0.4]
      [Ext Root Scanning (ms): Min: 0.0, Avg: 0.2, Max: 0.4, Diff: 0.4, Sum: 1.8]
      [Update RS (ms): Min: 23.9, Avg: 24.9, Max: 27.2, Diff: 3.3, Sum: 198.9]
         [Processed Buffers: Min: 6, Avg: 8.3, Max: 11, Diff: 5, Sum: 66]
      [Scan RS (ms): Min: 18.6, Avg: 21.0, Max: 22.3, Diff: 3.7, Sum: 167.7]
      [Code Root Scanning (ms): Min: 0.0, Avg: 0.0, Max: 0.0, Diff: 0.0, Sum: 0.0]
      [Object Copy (ms): Min: 186.8, Avg: 187.1, Max: 187.2, Diff: 0.4, Sum: 1496.6]
      [Termination (ms): Min: 0.0, Avg: 0.2, Max: 0.3, Diff: 0.3, Sum: 1.7]
         [Termination Attempts: Min: 1, Avg: 340.3, Max: 479, Diff: 478, Sum: 2722]
      [GC Worker Other (ms): Min: 0.0, Avg: 0.1, Max: 0.1, Diff: 0.1, Sum: 0.5]
      [GC Worker Total (ms): Min: 233.2, Avg: 233.4, Max: 233.6, Diff: 0.4, Sum: 1867.3]
      [GC Worker End (ms): Min: 111103.9, Avg: 111104.0, Max: 111104.0, Diff: 0.1]
   [Code Root Fixup: 0.0 ms]
   [Code Root Purge: 0.0 ms]
   [Clear CT: 0.6 ms]
   [Other: 2.1 ms]
      [Choose CSet: 0.0 ms]
      [Ref Proc: 0.6 ms]
      [Ref Enq: 0.0 ms]
      [Redirty Cards: 0.6 ms]
      [Humongous Register: 0.1 ms]
      [Humongous Reclaim: 0.0 ms]
      [Free CSet: 0.3 ms]
   [Eden: 85.0M(85.0M)->0.0B(89.0M) Survivors: 17.0M->13.0M Heap: 255.2M(2048.0M)->256.7M(2048.0M)]
 [Times: user=1.86 sys=0.00, real=0.24 secs] 
2020-09-29T12:22:31.168+0200: 111.324: [GC pause (G1 Evacuation Pause) (young), 0.2487749 secs]
   [Parallel Time: 245.9 ms, GC Workers: 8]
      [GC Worker Start (ms): Min: 111324.1, Avg: 111324.2, Max: 111324.6, Diff: 0.5]
      [Ext Root Scanning (ms): Min: 0.0, Avg: 0.5, Max: 1.7, Diff: 1.7, Sum: 3.8]
      [Update RS (ms): Min: 16.8, Avg: 19.9, Max: 21.6, Diff: 4.7, Sum: 159.3]
         [Processed Buffers: Min: 3, Avg: 5.3, Max: 7, Diff: 4, Sum: 42]
      [Scan RS (ms): Min: 25.0, Avg: 26.6, Max: 29.3, Diff: 4.3, Sum: 212.8]
      [Code Root Scanning (ms): Min: 0.0, Avg: 0.0, Max: 0.0, Diff: 0.0, Sum: 0.0]
      [Object Copy (ms): Min: 197.1, Avg: 198.1, Max: 198.4, Diff: 1.3, Sum: 1584.6]
      [Termination (ms): Min: 0.0, Avg: 0.1, Max: 0.1, Diff: 0.1, Sum: 0.9]
         [Termination Attempts: Min: 1, Avg: 165.1, Max: 234, Diff: 233, Sum: 1321]
      [GC Worker Other (ms): Min: 0.0, Avg: 0.1, Max: 0.1, Diff: 0.1, Sum: 0.4]
      [GC Worker Total (ms): Min: 244.9, Avg: 245.2, Max: 245.4, Diff: 0.5, Sum: 1961.8]
      [GC Worker End (ms): Min: 111569.4, Avg: 111569.5, Max: 111569.5, Diff: 0.1]
   [Code Root Fixup: 0.0 ms]
   [Code Root Purge: 0.0 ms]
   [Clear CT: 0.7 ms]
   [Other: 2.2 ms]
      [Choose CSet: 0.0 ms]
      [Ref Proc: 0.7 ms]
      [Ref Enq: 0.0 ms]
      [Redirty Cards: 0.7 ms]
      [Humongous Register: 0.1 ms]
      [Humongous Reclaim: 0.0 ms]
      [Free CSet: 0.3 ms]
   [Eden: 89.0M(89.0M)->0.0B(89.0M) Survivors: 13.0M->13.0M Heap: 359.1M(2048.0M)->361.1M(2048.0M)]
 [Times: user=1.97 sys=0.00, real=0.25 secs] 
2020-09-29T12:22:31.636+0200: 111.792: [GC pause (G1 Evacuation Pause) (young), 0.2641101 secs]
   [Parallel Time: 261.0 ms, GC Workers: 8]
      [GC Worker Start (ms): Min: 111791.9, Avg: 111795.0, Max: 111815.3, Diff: 23.5]
      [Ext Root Scanning (ms): Min: 0.0, Avg: 0.2, Max: 0.5, Diff: 0.5, Sum: 1.8]
      [Update RS (ms): Min: 0.0, Avg: 20.1, Max: 25.1, Diff: 25.1, Sum: 160.5]
         [Processed Buffers: Min: 0, Avg: 6.3, Max: 8, Diff: 8, Sum: 50]
      [Scan RS (ms): Min: 21.4, Avg: 23.3, Max: 24.4, Diff: 3.0, Sum: 186.5]
      [Code Root Scanning (ms): Min: 0.0, Avg: 0.0, Max: 0.0, Diff: 0.0, Sum: 0.0]
      [Object Copy (ms): Min: 213.2, Avg: 213.5, Max: 213.7, Diff: 0.5, Sum: 1708.0]
      [Termination (ms): Min: 0.0, Avg: 0.2, Max: 0.2, Diff: 0.2, Sum: 1.2]
         [Termination Attempts: Min: 1, Avg: 247.0, Max: 310, Diff: 309, Sum: 1976]
      [GC Worker Other (ms): Min: 0.0, Avg: 0.0, Max: 0.1, Diff: 0.0, Sum: 0.3]
      [GC Worker Total (ms): Min: 236.9, Avg: 257.3, Max: 260.4, Diff: 23.5, Sum: 2058.2]
      [GC Worker End (ms): Min: 112052.3, Avg: 112052.3, Max: 112052.3, Diff: 0.0]
   [Code Root Fixup: 0.0 ms]
   [Code Root Purge: 0.0 ms]
   [Clear CT: 0.6 ms]
   [Other: 2.5 ms]
      [Choose CSet: 0.0 ms]
      [Ref Proc: 1.0 ms]
      [Ref Enq: 0.0 ms]
      [Redirty Cards: 0.6 ms]
      [Humongous Register: 0.1 ms]
      [Humongous Reclaim: 0.0 ms]
      [Free CSet: 0.3 ms]
   [Eden: 89.0M(89.0M)->0.0B(89.0M) Survivors: 13.0M->13.0M Heap: 465.4M(2048.0M)->466.9M(2048.0M)]
 [Times: user=2.08 sys=0.00, real=0.26 secs] 
2020-09-29T12:22:32.154+0200: 112.310: [GC pause (G1 Evacuation Pause) (young), 0.2460793 secs]
   [Parallel Time: 242.8 ms, GC Workers: 8]
      [GC Worker Start (ms): Min: 112310.4, Avg: 112310.6, Max: 112310.7, Diff: 0.4]
      [Ext Root Scanning (ms): Min: 0.1, Avg: 0.2, Max: 0.4, Diff: 0.4, Sum: 1.7]
      [Update RS (ms): Min: 20.7, Avg: 21.0, Max: 21.4, Diff: 0.7, Sum: 168.3]
         [Processed Buffers: Min: 6, Avg: 7.0, Max: 10, Diff: 4, Sum: 56]
      [Scan RS (ms): Min: 21.1, Avg: 21.5, Max: 21.9, Diff: 0.7, Sum: 171.9]
      [Code Root Scanning (ms): Min: 0.0, Avg: 0.0, Max: 0.0, Diff: 0.0, Sum: 0.0]
      [Object Copy (ms): Min: 199.1, Avg: 199.2, Max: 199.2, Diff: 0.1, Sum: 1593.3]
      [Termination (ms): Min: 0.0, Avg: 0.0, Max: 0.0, Diff: 0.0, Sum: 0.3]
         [Termination Attempts: Min: 1, Avg: 49.9, Max: 73, Diff: 72, Sum: 399]
      [GC Worker Other (ms): Min: 0.0, Avg: 0.1, Max: 0.1, Diff: 0.1, Sum: 0.6]
      [GC Worker Total (ms): Min: 241.8, Avg: 242.0, Max: 242.3, Diff: 0.5, Sum: 1936.2]
      [GC Worker End (ms): Min: 112552.6, Avg: 112552.6, Max: 112552.7, Diff: 0.1]
   [Code Root Fixup: 0.0 ms]
   [Code Root Purge: 0.0 ms]
   [Clear CT: 0.7 ms]
   [Other: 2.6 ms]
      [Choose CSet: 0.0 ms]
      [Ref Proc: 1.1 ms]
      [Ref Enq: 0.0 ms]
      [Redirty Cards: 0.7 ms]
      [Humongous Register: 0.1 ms]
      [Humongous Reclaim: 0.0 ms]
      [Free CSet: 0.3 ms]
   [Eden: 89.0M(89.0M)->0.0B(89.0M) Survivors: 13.0M->13.0M Heap: 571.1M(2048.0M)->572.6M(2048.0M)]
 [Times: user=1.94 sys=0.00, real=0.25 secs] 
2020-09-29T12:22:32.633+0200: 112.788: [GC pause (G1 Evacuation Pause) (young), 0.2750050 secs]
   [Parallel Time: 271.5 ms, GC Workers: 8]
      [GC Worker Start (ms): Min: 112788.7, Avg: 112788.9, Max: 112789.1, Diff: 0.4]
      [Ext Root Scanning (ms): Min: 0.0, Avg: 0.2, Max: 0.5, Diff: 0.4, Sum: 1.7]
      [Update RS (ms): Min: 19.1, Avg: 19.4, Max: 19.8, Diff: 0.6, Sum: 155.2]
         [Processed Buffers: Min: 4, Avg: 6.5, Max: 8, Diff: 4, Sum: 52]
      [Scan RS (ms): Min: 22.5, Avg: 22.9, Max: 23.2, Diff: 0.7, Sum: 183.2]
      [Code Root Scanning (ms): Min: 0.0, Avg: 0.0, Max: 0.2, Diff: 0.1, Sum: 0.2]
      [Object Copy (ms): Min: 228.0, Avg: 228.2, Max: 228.4, Diff: 0.3, Sum: 1825.8]
      [Termination (ms): Min: 0.0, Avg: 0.2, Max: 0.3, Diff: 0.3, Sum: 1.5]
         [Termination Attempts: Min: 1, Avg: 45.4, Max: 81, Diff: 80, Sum: 363]
      [GC Worker Other (ms): Min: 0.0, Avg: 0.0, Max: 0.0, Diff: 0.0, Sum: 0.2]
      [GC Worker Total (ms): Min: 270.8, Avg: 271.0, Max: 271.3, Diff: 0.5, Sum: 2167.7]
      [GC Worker End (ms): Min: 113059.8, Avg: 113059.9, Max: 113060.0, Diff: 0.1]
   [Code Root Fixup: 0.0 ms]
   [Code Root Purge: 0.0 ms]
   [Clear CT: 0.6 ms]
   [Other: 2.9 ms]
      [Choose CSet: 0.0 ms]
      [Ref Proc: 1.1 ms]
      [Ref Enq: 0.0 ms]
      [Redirty Cards: 1.0 ms]
      [Humongous Register: 0.1 ms]
      [Humongous Reclaim: 0.0 ms]
      [Free CSet: 0.3 ms]
   [Eden: 89.0M(89.0M)->0.0B(89.0M) Survivors: 13.0M->13.0M Heap: 676.9M(2048.0M)->679.9M(2048.0M)]
 [Times: user=1.91 sys=0.00, real=0.28 secs] 
2020-09-29T12:22:33.117+0200: 113.272: [GC pause (G1 Evacuation Pause) (young), 0.2344612 secs]
   [Parallel Time: 231.6 ms, GC Workers: 8]
      [GC Worker Start (ms): Min: 113272.8, Avg: 113273.0, Max: 113273.3, Diff: 0.5]
      [Ext Root Scanning (ms): Min: 0.0, Avg: 0.2, Max: 0.5, Diff: 0.5, Sum: 1.9]
      [Update RS (ms): Min: 19.0, Avg: 19.5, Max: 20.5, Diff: 1.5, Sum: 155.6]
         [Processed Buffers: Min: 5, Avg: 7.1, Max: 9, Diff: 4, Sum: 57]
      [Scan RS (ms): Min: 22.4, Avg: 23.4, Max: 24.0, Diff: 1.6, Sum: 186.9]
      [Code Root Scanning (ms): Min: 0.0, Avg: 0.0, Max: 0.0, Diff: 0.0, Sum: 0.0]
      [Object Copy (ms): Min: 187.0, Avg: 187.2, Max: 187.4, Diff: 0.4, Sum: 1497.9]
      [Termination (ms): Min: 0.0, Avg: 0.0, Max: 0.1, Diff: 0.1, Sum: 0.4]
         [Termination Attempts: Min: 1, Avg: 64.1, Max: 87, Diff: 86, Sum: 513]
      [GC Worker Other (ms): Min: 0.0, Avg: 0.0, Max: 0.1, Diff: 0.0, Sum: 0.4]
      [GC Worker Total (ms): Min: 230.1, Avg: 230.4, Max: 230.6, Diff: 0.5, Sum: 1843.1]
      [GC Worker End (ms): Min: 113503.4, Avg: 113503.4, Max: 113503.4, Diff: 0.0]
   [Code Root Fixup: 0.0 ms]
   [Code Root Purge: 0.0 ms]
   [Clear CT: 0.6 ms]
   [Other: 2.2 ms]
      [Choose CSet: 0.0 ms]
      [Ref Proc: 0.7 ms]
      [Ref Enq: 0.0 ms]
      [Redirty Cards: 0.7 ms]
      [Humongous Register: 0.1 ms]
      [Humongous Reclaim: 0.0 ms]
      [Free CSet: 0.3 ms]
   [Eden: 89.0M(89.0M)->0.0B(89.0M) Survivors: 13.0M->13.0M Heap: 784.1M(2048.0M)->786.1M(2048.0M)]
 [Times: user=1.83 sys=0.00, real=0.23 secs] 
2020-09-29T12:22:33.732+0200: 113.887: [GC pause (G1 Evacuation Pause) (young), 0.2337606 secs]
   [Parallel Time: 231.0 ms, GC Workers: 8]
      [GC Worker Start (ms): Min: 113887.8, Avg: 113888.1, Max: 113888.5, Diff: 0.7]
      [Ext Root Scanning (ms): Min: 0.0, Avg: 0.2, Max: 0.5, Diff: 0.5, Sum: 1.9]
      [Update RS (ms): Min: 20.5, Avg: 21.7, Max: 22.6, Diff: 2.1, Sum: 173.6]
         [Processed Buffers: Min: 5, Avg: 6.0, Max: 9, Diff: 4, Sum: 48]
      [Scan RS (ms): Min: 20.6, Avg: 21.7, Max: 23.0, Diff: 2.4, Sum: 173.6]
      [Code Root Scanning (ms): Min: 0.0, Avg: 0.0, Max: 0.0, Diff: 0.0, Sum: 0.0]
      [Object Copy (ms): Min: 186.7, Avg: 186.8, Max: 186.9, Diff: 0.3, Sum: 1494.2]
      [Termination (ms): Min: 0.0, Avg: 0.0, Max: 0.0, Diff: 0.0, Sum: 0.2]
         [Termination Attempts: Min: 1, Avg: 44.1, Max: 58, Diff: 57, Sum: 353]
      [GC Worker Other (ms): Min: 0.0, Avg: 0.0, Max: 0.1, Diff: 0.0, Sum: 0.4]
      [GC Worker Total (ms): Min: 230.1, Avg: 230.5, Max: 230.8, Diff: 0.7, Sum: 1843.9]
      [GC Worker End (ms): Min: 114118.6, Avg: 114118.6, Max: 114118.7, Diff: 0.0]
   [Code Root Fixup: 0.0 ms]
   [Code Root Purge: 0.0 ms]
   [Clear CT: 0.8 ms]
   [Other: 2.0 ms]
      [Choose CSet: 0.0 ms]
      [Ref Proc: 0.4 ms]
      [Ref Enq: 0.0 ms]
      [Redirty Cards: 0.6 ms]
      [Humongous Register: 0.2 ms]
      [Humongous Reclaim: 0.0 ms]
      [Free CSet: 0.3 ms]
   [Eden: 89.0M(89.0M)->0.0B(89.0M) Survivors: 13.0M->13.0M Heap: 888.5M(2048.0M)->891.0M(2048.0M)]
 [Times: user=1.80 sys=0.00, real=0.23 secs] 
2020-09-29T12:22:34.208+0200: 114.363: [GC pause (G1 Evacuation Pause) (young), 0.2426390 secs]
   [Parallel Time: 239.3 ms, GC Workers: 8]
      [GC Worker Start (ms): Min: 114363.6, Avg: 114363.9, Max: 114364.1, Diff: 0.5]
      [Ext Root Scanning (ms): Min: 0.0, Avg: 0.4, Max: 1.2, Diff: 1.2, Sum: 3.3]
      [Update RS (ms): Min: 15.5, Avg: 17.6, Max: 19.4, Diff: 3.9, Sum: 140.5]
         [Processed Buffers: Min: 5, Avg: 5.6, Max: 9, Diff: 4, Sum: 45]
      [Scan RS (ms): Min: 22.4, Avg: 24.3, Max: 26.1, Diff: 3.7, Sum: 194.6]
      [Code Root Scanning (ms): Min: 0.0, Avg: 0.0, Max: 0.0, Diff: 0.0, Sum: 0.0]
      [Object Copy (ms): Min: 195.9, Avg: 196.1, Max: 196.3, Diff: 0.4, Sum: 1568.7]
      [Termination (ms): Min: 0.0, Avg: 0.1, Max: 0.1, Diff: 0.1, Sum: 0.7]
         [Termination Attempts: Min: 1, Avg: 143.4, Max: 201, Diff: 200, Sum: 1147]
      [GC Worker Other (ms): Min: 0.0, Avg: 0.1, Max: 0.2, Diff: 0.1, Sum: 0.6]
      [GC Worker Total (ms): Min: 238.3, Avg: 238.5, Max: 238.9, Diff: 0.6, Sum: 1908.4]
      [GC Worker End (ms): Min: 114602.4, Avg: 114602.4, Max: 114602.5, Diff: 0.1]
   [Code Root Fixup: 0.0 ms]
   [Code Root Purge: 0.0 ms]
   [Clear CT: 0.9 ms]
   [Other: 2.4 ms]
      [Choose CSet: 0.0 ms]
      [Ref Proc: 0.5 ms]
      [Ref Enq: 0.0 ms]
      [Redirty Cards: 1.1 ms]
      [Humongous Register: 0.1 ms]
      [Humongous Reclaim: 0.0 ms]
      [Free CSet: 0.3 ms]
   [Eden: 89.0M(89.0M)->0.0B(89.0M) Survivors: 13.0M->13.0M Heap: 995.2M(2048.0M)->997.2M(2048.0M)]
 [Times: user=1.81 sys=0.00, real=0.24 secs] 
2020-09-29T12:22:34.473+0200: 114.628: [GC pause (G1 Humongous Allocation) (young) (initial-mark), 0.0793476 secs]
   [Parallel Time: 76.4 ms, GC Workers: 8]
      [GC Worker Start (ms): Min: 114628.7, Avg: 114628.8, Max: 114629.0, Diff: 0.3]
      [Ext Root Scanning (ms): Min: 0.1, Avg: 0.3, Max: 0.4, Diff: 0.3, Sum: 2.1]
      [Update RS (ms): Min: 30.5, Avg: 32.2, Max: 33.8, Diff: 3.3, Sum: 257.8]
         [Processed Buffers: Min: 4, Avg: 9.8, Max: 13, Diff: 9, Sum: 78]
      [Scan RS (ms): Min: 2.5, Avg: 4.3, Max: 7.0, Diff: 4.5, Sum: 34.3]
      [Code Root Scanning (ms): Min: 0.0, Avg: 0.0, Max: 0.0, Diff: 0.0, Sum: 0.0]
      [Object Copy (ms): Min: 37.9, Avg: 38.9, Max: 39.1, Diff: 1.2, Sum: 311.4]
      [Termination (ms): Min: 0.0, Avg: 0.0, Max: 0.0, Diff: 0.0, Sum: 0.0]
         [Termination Attempts: Min: 1, Avg: 1.4, Max: 3, Diff: 2, Sum: 11]
      [GC Worker Other (ms): Min: 0.0, Avg: 0.1, Max: 0.1, Diff: 0.1, Sum: 0.5]
      [GC Worker Total (ms): Min: 75.6, Avg: 75.8, Max: 75.9, Diff: 0.3, Sum: 606.1]
      [GC Worker End (ms): Min: 114704.6, Avg: 114704.6, Max: 114704.7, Diff: 0.1]
   [Code Root Fixup: 0.0 ms]
   [Code Root Purge: 0.0 ms]
   [Clear CT: 0.9 ms]
   [Other: 2.0 ms]
      [Choose CSet: 0.0 ms]
      [Ref Proc: 0.6 ms]
      [Ref Enq: 0.0 ms]
      [Redirty Cards: 0.6 ms]
      [Humongous Register: 0.1 ms]
      [Humongous Reclaim: 0.0 ms]
      [Free CSet: 0.1 ms]
   [Eden: 5120.0K(89.0M)->0.0B(96.0M) Survivors: 13.0M->6144.0K Heap: 1001.7M(2048.0M)->1005.7M(2048.0M)]
 [Times: user=0.44 sys=0.01, real=0.08 secs] 
2020-09-29T12:22:34.553+0200: 114.708: [GC concurrent-root-region-scan-start]
2020-09-29T12:22:34.559+0200: 114.715: [GC concurrent-root-region-scan-end, 0.0065374 secs]
2020-09-29T12:22:34.559+0200: 114.715: [GC concurrent-mark-start]
2020-09-29T12:22:34.572+0200: 114.728: [GC concurrent-mark-end, 0.0129490 secs]
2020-09-29T12:22:34.576+0200: 114.731: [GC remark 2020-09-29T12:22:34.576+0200: 114.732: [Finalize Marking, 0.0009376 secs] 2020-09-29T12:22:34.577+0200: 114.733: [GC ref-proc, 0.0015754 secs] 2020-09-29T12:22:34.579+0200: 114.734: [Unloading, 0.0018939 secs], 0.0056303 secs]
 [Times: user=0.02 sys=0.02, real=0.01 secs] 
2020-09-29T12:22:34.596+0200: 114.752: [GC cleanup 1018M->26M(2048M), 0.0062120 secs]
 [Times: user=0.03 sys=0.00, real=0.01 secs] 
2020-09-29T12:22:34.603+0200: 114.758: [GC concurrent-cleanup-start]
2020-09-29T12:22:34.609+0200: 114.765: [GC concurrent-cleanup-end, 0.0065580 secs]
2020-09-29T12:22:34.840+0200: 114.996: [GC pause (G1 Evacuation Pause) (young), 0.1537353 secs]
   [Parallel Time: 152.0 ms, GC Workers: 8]
      [GC Worker Start (ms): Min: 114996.3, Avg: 115001.2, Max: 115034.1, Diff: 37.7]
      [Ext Root Scanning (ms): Min: 0.0, Avg: 0.3, Max: 0.5, Diff: 0.5, Sum: 2.0]
      [Update RS (ms): Min: 0.0, Avg: 18.7, Max: 29.9, Diff: 29.9, Sum: 149.2]
         [Processed Buffers: Min: 0, Avg: 5.1, Max: 9, Diff: 9, Sum: 41]
      [Scan RS (ms): Min: 12.8, Avg: 27.1, Max: 34.7, Diff: 21.8, Sum: 217.0]
      [Code Root Scanning (ms): Min: 0.0, Avg: 0.0, Max: 0.0, Diff: 0.0, Sum: 0.0]
      [Object Copy (ms): Min: 96.9, Avg: 100.7, Max: 101.5, Diff: 4.6, Sum: 805.8]
      [Termination (ms): Min: 0.0, Avg: 0.1, Max: 0.2, Diff: 0.2, Sum: 1.0]
         [Termination Attempts: Min: 1, Avg: 657.8, Max: 834, Diff: 833, Sum: 5262]
      [GC Worker Other (ms): Min: 0.0, Avg: 0.0, Max: 0.1, Diff: 0.0, Sum: 0.3]
      [GC Worker Total (ms): Min: 114.1, Avg: 146.9, Max: 151.8, Diff: 37.8, Sum: 1175.4]
      [GC Worker End (ms): Min: 115148.1, Avg: 115148.1, Max: 115148.2, Diff: 0.0]
   [Code Root Fixup: 0.0 ms]
   [Code Root Purge: 0.0 ms]
   [Clear CT: 0.5 ms]
   [Other: 1.2 ms]
      [Choose CSet: 0.0 ms]
      [Ref Proc: 0.3 ms]
      [Ref Enq: 0.0 ms]
      [Redirty Cards: 0.2 ms]
      [Humongous Register: 0.1 ms]
      [Humongous Reclaim: 0.0 ms]
      [Free CSet: 0.1 ms]
   [Eden: 96.0M(96.0M)->0.0B(89.0M) Survivors: 6144.0K->13.0M Heap: 127.2M(2048.0M)->123.2M(2048.0M)]
 [Times: user=1.01 sys=0.02, real=0.15 secs] 
2020-09-29T12:22:35.055+0200: 115.210: [GC pause (G1 Evacuation Pause) (young), 0.0857637 secs]
   [Parallel Time: 84.7 ms, GC Workers: 8]
      [GC Worker Start (ms): Min: 115210.5, Avg: 115211.5, Max: 115217.8, Diff: 7.3]
      [Ext Root Scanning (ms): Min: 0.0, Avg: 0.1, Max: 0.2, Diff: 0.2, Sum: 0.4]
      [Update RS (ms): Min: 0.5, Avg: 6.9, Max: 8.6, Diff: 8.1, Sum: 55.1]
         [Processed Buffers: Min: 3, Avg: 7.0, Max: 8, Diff: 5, Sum: 56]
      [Scan RS (ms): Min: 7.3, Avg: 8.2, Max: 8.5, Diff: 1.1, Sum: 65.6]
      [Code Root Scanning (ms): Min: 0.0, Avg: 0.0, Max: 0.0, Diff: 0.0, Sum: 0.0]
      [Object Copy (ms): Min: 68.3, Avg: 68.4, Max: 68.4, Diff: 0.1, Sum: 547.0]
      [Termination (ms): Min: 0.0, Avg: 0.0, Max: 0.0, Diff: 0.0, Sum: 0.0]
         [Termination Attempts: Min: 1, Avg: 15.5, Max: 24, Diff: 23, Sum: 124]
      [GC Worker Other (ms): Min: 0.0, Avg: 0.0, Max: 0.0, Diff: 0.0, Sum: 0.2]
      [GC Worker Total (ms): Min: 77.3, Avg: 83.5, Max: 84.6, Diff: 7.3, Sum: 668.4]
      [GC Worker End (ms): Min: 115295.0, Avg: 115295.0, Max: 115295.1, Diff: 0.0]
   [Code Root Fixup: 0.0 ms]
   [Code Root Purge: 0.0 ms]
   [Clear CT: 0.2 ms]
   [Other: 0.8 ms]
      [Choose CSet: 0.0 ms]
      [Ref Proc: 0.1 ms]
      [Ref Enq: 0.0 ms]
      [Redirty Cards: 0.2 ms]
      [Humongous Register: 0.0 ms]
      [Humongous Reclaim: 0.0 ms]
      [Free CSet: 0.1 ms]
   [Eden: 89.0M(89.0M)->0.0B(89.0M) Survivors: 13.0M->13.0M Heap: 227.4M(2048.0M)->228.9M(2048.0M)]
 [Times: user=0.63 sys=0.00, real=0.09 secs] 
2020-09-29T12:22:35.204+0200: 115.359: [GC pause (G1 Evacuation Pause) (young), 0.0849236 secs]
   [Parallel Time: 83.8 ms, GC Workers: 8]
      [GC Worker Start (ms): Min: 115359.1, Avg: 115359.2, Max: 115359.3, Diff: 0.2]
      [Ext Root Scanning (ms): Min: 0.0, Avg: 0.1, Max: 0.2, Diff: 0.2, Sum: 0.5]
      [Update RS (ms): Min: 9.6, Avg: 10.1, Max: 10.9, Diff: 1.3, Sum: 81.0]
         [Processed Buffers: Min: 2, Avg: 7.3, Max: 9, Diff: 7, Sum: 58]
      [Scan RS (ms): Min: 5.6, Avg: 6.3, Max: 6.7, Diff: 1.2, Sum: 50.2]
      [Code Root Scanning (ms): Min: 0.0, Avg: 0.0, Max: 0.0, Diff: 0.0, Sum: 0.0]
      [Object Copy (ms): Min: 66.9, Avg: 67.0, Max: 67.1, Diff: 0.1, Sum: 536.0]
      [Termination (ms): Min: 0.0, Avg: 0.0, Max: 0.0, Diff: 0.0, Sum: 0.2]
         [Termination Attempts: Min: 1, Avg: 162.3, Max: 203, Diff: 202, Sum: 1298]
      [GC Worker Other (ms): Min: 0.0, Avg: 0.0, Max: 0.1, Diff: 0.0, Sum: 0.2]
      [GC Worker Total (ms): Min: 83.4, Avg: 83.5, Max: 83.6, Diff: 0.2, Sum: 668.2]
      [GC Worker End (ms): Min: 115442.7, Avg: 115442.7, Max: 115442.7, Diff: 0.0]
   [Code Root Fixup: 0.0 ms]
   [Code Root Purge: 0.0 ms]
   [Clear CT: 0.2 ms]
   [Other: 0.9 ms]
      [Choose CSet: 0.0 ms]
      [Ref Proc: 0.2 ms]
      [Ref Enq: 0.0 ms]
      [Redirty Cards: 0.2 ms]
      [Humongous Register: 0.0 ms]
      [Humongous Reclaim: 0.0 ms]
      [Free CSet: 0.1 ms]
   [Eden: 89.0M(89.0M)->0.0B(90.0M) Survivors: 13.0M->13.0M Heap: 331.3M(2048.0M)->332.8M(2048.0M)]
 [Times: user=0.70 sys=0.00, real=0.09 secs] 
2020-09-29T12:22:35.352+0200: 115.507: [GC pause (G1 Evacuation Pause) (young), 0.0696027 secs]
   [Parallel Time: 68.7 ms, GC Workers: 8]
      [GC Worker Start (ms): Min: 115507.1, Avg: 115507.1, Max: 115507.2, Diff: 0.1]
      [Ext Root Scanning (ms): Min: 0.0, Avg: 0.1, Max: 0.1, Diff: 0.1, Sum: 0.7]
      [Update RS (ms): Min: 6.7, Avg: 7.0, Max: 7.4, Diff: 0.7, Sum: 55.7]
         [Processed Buffers: Min: 6, Avg: 6.8, Max: 9, Diff: 3, Sum: 54]
      [Scan RS (ms): Min: 5.9, Avg: 6.3, Max: 6.5, Diff: 0.6, Sum: 50.7]
      [Code Root Scanning (ms): Min: 0.0, Avg: 0.0, Max: 0.0, Diff: 0.0, Sum: 0.0]
      [Object Copy (ms): Min: 55.0, Avg: 55.0, Max: 55.0, Diff: 0.1, Sum: 440.1]
      [Termination (ms): Min: 0.0, Avg: 0.0, Max: 0.0, Diff: 0.0, Sum: 0.2]
         [Termination Attempts: Min: 1, Avg: 126.3, Max: 155, Diff: 154, Sum: 1010]
      [GC Worker Other (ms): Min: 0.0, Avg: 0.0, Max: 0.1, Diff: 0.0, Sum: 0.2]
      [GC Worker Total (ms): Min: 68.4, Avg: 68.5, Max: 68.5, Diff: 0.1, Sum: 547.6]
      [GC Worker End (ms): Min: 115575.5, Avg: 115575.6, Max: 115575.6, Diff: 0.0]
   [Code Root Fixup: 0.0 ms]
   [Code Root Purge: 0.0 ms]
   [Clear CT: 0.2 ms]
   [Other: 0.7 ms]
      [Choose CSet: 0.0 ms]
      [Ref Proc: 0.1 ms]
      [Ref Enq: 0.0 ms]
      [Redirty Cards: 0.2 ms]
      [Humongous Register: 0.0 ms]
      [Humongous Reclaim: 0.0 ms]
      [Free CSet: 0.1 ms]
   [Eden: 90.0M(90.0M)->0.0B(114.0M) Survivors: 13.0M->13.0M Heap: 438.0M(2048.0M)->440.0M(2048.0M)]
 [Times: user=0.50 sys=0.00, real=0.07 secs] 
2020-09-29T12:22:35.498+0200: 115.653: [GC pause (G1 Evacuation Pause) (young), 0.0841967 secs]
   [Parallel Time: 83.0 ms, GC Workers: 8]
      [GC Worker Start (ms): Min: 115653.6, Avg: 115653.7, Max: 115653.7, Diff: 0.1]
      [Ext Root Scanning (ms): Min: 0.0, Avg: 0.1, Max: 0.2, Diff: 0.1, Sum: 0.6]
      [Update RS (ms): Min: 6.7, Avg: 6.9, Max: 7.3, Diff: 0.5, Sum: 55.1]
         [Processed Buffers: Min: 6, Avg: 6.8, Max: 8, Diff: 2, Sum: 54]
      [Scan RS (ms): Min: 7.8, Avg: 8.2, Max: 8.4, Diff: 0.6, Sum: 66.0]
      [Code Root Scanning (ms): Min: 0.0, Avg: 0.0, Max: 0.0, Diff: 0.0, Sum: 0.0]
      [Object Copy (ms): Min: 67.4, Avg: 67.5, Max: 67.5, Diff: 0.1, Sum: 539.8]
      [Termination (ms): Min: 0.0, Avg: 0.0, Max: 0.0, Diff: 0.0, Sum: 0.1]
         [Termination Attempts: Min: 1, Avg: 56.9, Max: 76, Diff: 75, Sum: 455]
      [GC Worker Other (ms): Min: 0.0, Avg: 0.0, Max: 0.0, Diff: 0.0, Sum: 0.2]
      [GC Worker Total (ms): Min: 82.7, Avg: 82.7, Max: 82.8, Diff: 0.1, Sum: 661.8]
      [GC Worker End (ms): Min: 115736.4, Avg: 115736.4, Max: 115736.4, Diff: 0.0]
   [Code Root Fixup: 0.0 ms]
   [Code Root Purge: 0.0 ms]
   [Clear CT: 0.2 ms]
   [Other: 1.0 ms]
      [Choose CSet: 0.0 ms]
      [Ref Proc: 0.2 ms]
      [Ref Enq: 0.0 ms]
      [Redirty Cards: 0.3 ms]
      [Humongous Register: 0.0 ms]
      [Humongous Reclaim: 0.0 ms]
      [Free CSet: 0.2 ms]
   [Eden: 114.0M(114.0M)->0.0B(134.0M) Survivors: 13.0M->16.0M Heap: 573.1M(2048.0M)->575.1M(2048.0M)]
 [Times: user=0.64 sys=0.00, real=0.09 secs] 
2020-09-29T12:22:35.679+0200: 115.834: [GC pause (G1 Evacuation Pause) (young), 0.1114762 secs]
   [Parallel Time: 110.4 ms, GC Workers: 8]
      [GC Worker Start (ms): Min: 115833.9, Avg: 115834.1, Max: 115834.3, Diff: 0.4]
      [Ext Root Scanning (ms): Min: 0.0, Avg: 0.1, Max: 0.2, Diff: 0.2, Sum: 0.5]
      [Update RS (ms): Min: 9.0, Avg: 9.4, Max: 9.9, Diff: 1.0, Sum: 75.3]
         [Processed Buffers: Min: 8, Avg: 8.8, Max: 10, Diff: 2, Sum: 70]
      [Scan RS (ms): Min: 10.7, Avg: 11.1, Max: 11.5, Diff: 0.8, Sum: 89.0]
      [Code Root Scanning (ms): Min: 0.0, Avg: 0.0, Max: 0.0, Diff: 0.0, Sum: 0.0]
      [Object Copy (ms): Min: 89.3, Avg: 89.3, Max: 89.4, Diff: 0.1, Sum: 714.7]
      [Termination (ms): Min: 0.1, Avg: 0.2, Max: 0.2, Diff: 0.2, Sum: 1.4]
         [Termination Attempts: Min: 1, Avg: 362.8, Max: 539, Diff: 538, Sum: 2902]
      [GC Worker Other (ms): Min: 0.0, Avg: 0.0, Max: 0.0, Diff: 0.0, Sum: 0.1]
      [GC Worker Total (ms): Min: 109.9, Avg: 110.1, Max: 110.3, Diff: 0.4, Sum: 881.0]
      [GC Worker End (ms): Min: 115944.2, Avg: 115944.2, Max: 115944.3, Diff: 0.0]
   [Code Root Fixup: 0.0 ms]
   [Code Root Purge: 0.0 ms]
   [Clear CT: 0.3 ms]
   [Other: 0.7 ms]
      [Choose CSet: 0.0 ms]
      [Ref Proc: 0.2 ms]
      [Ref Enq: 0.0 ms]
      [Redirty Cards: 0.2 ms]
      [Humongous Register: 0.0 ms]
      [Humongous Reclaim: 0.0 ms]
      [Free CSet: 0.2 ms]
   [Eden: 134.0M(134.0M)->0.0B(145.0M) Survivors: 16.0M->19.0M Heap: 732.0M(2048.0M)->734.0M(2048.0M)]
 [Times: user=0.84 sys=0.00, real=0.11 secs] 
2020-09-29T12:22:35.883+0200: 116.038: [GC pause (G1 Evacuation Pause) (young), 0.1186647 secs]
   [Parallel Time: 117.7 ms, GC Workers: 8]
      [GC Worker Start (ms): Min: 116038.4, Avg: 116038.4, Max: 116038.5, Diff: 0.1]
      [Ext Root Scanning (ms): Min: 0.0, Avg: 0.1, Max: 0.2, Diff: 0.1, Sum: 0.6]
      [Update RS (ms): Min: 11.2, Avg: 11.4, Max: 12.0, Diff: 0.9, Sum: 91.0]
         [Processed Buffers: Min: 9, Avg: 10.9, Max: 12, Diff: 3, Sum: 87]
      [Scan RS (ms): Min: 11.2, Avg: 11.7, Max: 12.0, Diff: 0.8, Sum: 93.7]
      [Code Root Scanning (ms): Min: 0.0, Avg: 0.0, Max: 0.0, Diff: 0.0, Sum: 0.0]
      [Object Copy (ms): Min: 94.0, Avg: 94.1, Max: 94.2, Diff: 0.2, Sum: 753.0]
      [Termination (ms): Min: 0.0, Avg: 0.1, Max: 0.1, Diff: 0.1, Sum: 0.7]
         [Termination Attempts: Min: 1, Avg: 427.1, Max: 590, Diff: 589, Sum: 3417]
      [GC Worker Other (ms): Min: 0.0, Avg: 0.0, Max: 0.1, Diff: 0.0, Sum: 0.2]
      [GC Worker Total (ms): Min: 117.3, Avg: 117.4, Max: 117.5, Diff: 0.2, Sum: 939.4]
      [GC Worker End (ms): Min: 116155.8, Avg: 116155.9, Max: 116155.9, Diff: 0.0]
   [Code Root Fixup: 0.0 ms]
   [Code Root Purge: 0.0 ms]
   [Clear CT: 0.2 ms]
   [Other: 0.8 ms]
      [Choose CSet: 0.0 ms]
      [Ref Proc: 0.2 ms]
      [Ref Enq: 0.0 ms]
      [Redirty Cards: 0.3 ms]
      [Humongous Register: 0.0 ms]
      [Humongous Reclaim: 0.0 ms]
      [Free CSet: 0.1 ms]
   [Eden: 145.0M(145.0M)->0.0B(157.0M) Survivors: 19.0M->21.0M Heap: 903.8M(2048.0M)->904.8M(2048.0M)]
 [Times: user=0.86 sys=0.00, real=0.12 secs] 
2020-09-29T12:22:36.102+0200: 116.257: [GC pause (G1 Evacuation Pause) (young), 0.1396243 secs]
   [Parallel Time: 138.4 ms, GC Workers: 8]
      [GC Worker Start (ms): Min: 116257.1, Avg: 116258.2, Max: 116261.6, Diff: 4.5]
      [Ext Root Scanning (ms): Min: 0.0, Avg: 0.2, Max: 0.7, Diff: 0.7, Sum: 1.3]
      [Update RS (ms): Min: 8.1, Avg: 11.5, Max: 12.5, Diff: 4.4, Sum: 91.6]
         [Processed Buffers: Min: 6, Avg: 10.0, Max: 14, Diff: 8, Sum: 80]
      [Scan RS (ms): Min: 11.8, Avg: 12.0, Max: 12.2, Diff: 0.4, Sum: 96.2]
      [Code Root Scanning (ms): Min: 0.0, Avg: 0.0, Max: 0.0, Diff: 0.0, Sum: 0.0]
      [Object Copy (ms): Min: 113.2, Avg: 113.4, Max: 113.4, Diff: 0.2, Sum: 906.9]
      [Termination (ms): Min: 0.0, Avg: 0.1, Max: 0.2, Diff: 0.2, Sum: 0.9]
         [Termination Attempts: Min: 1, Avg: 270.8, Max: 401, Diff: 400, Sum: 2166]
      [GC Worker Other (ms): Min: 0.0, Avg: 0.0, Max: 0.0, Diff: 0.0, Sum: 0.1]
      [GC Worker Total (ms): Min: 133.7, Avg: 137.1, Max: 138.2, Diff: 4.5, Sum: 1097.1]
      [GC Worker End (ms): Min: 116395.3, Avg: 116395.3, Max: 116395.3, Diff: 0.0]
   [Code Root Fixup: 0.0 ms]
   [Code Root Purge: 0.0 ms]
   [Clear CT: 0.3 ms]
   [Other: 0.9 ms]
      [Choose CSet: 0.0 ms]
      [Ref Proc: 0.2 ms]
      [Ref Enq: 0.0 ms]
      [Redirty Cards: 0.2 ms]
      [Humongous Register: 0.1 ms]
      [Humongous Reclaim: 0.0 ms]
      [Free CSet: 0.2 ms]
   [Eden: 149.0M(149.0M)->0.0B(168.0M) Survivors: 21.0M->22.0M Heap: 1078.6M(2048.0M)->1080.1M(2048.0M)]
 [Times: user=1.03 sys=0.00, real=0.14 secs] 
2020-09-29T12:22:36.261+0200: 116.416: [GC pause (G1 Humongous Allocation) (young) (initial-mark), 0.0495585 secs]
   [Parallel Time: 48.3 ms, GC Workers: 8]
      [GC Worker Start (ms): Min: 116416.4, Avg: 116416.5, Max: 116416.6, Diff: 0.2]
      [Ext Root Scanning (ms): Min: 0.0, Avg: 4.6, Max: 31.0, Diff: 31.0, Sum: 37.0]
      [Update RS (ms): Min: 0.0, Avg: 14.2, Max: 17.1, Diff: 17.1, Sum: 113.9]
         [Processed Buffers: Min: 0, Avg: 13.8, Max: 18, Diff: 18, Sum: 110]
      [Scan RS (ms): Min: 0.0, Avg: 2.0, Max: 2.6, Diff: 2.6, Sum: 16.0]
      [Code Root Scanning (ms): Min: 0.0, Avg: 0.0, Max: 0.0, Diff: 0.0, Sum: 0.0]
      [Object Copy (ms): Min: 16.9, Avg: 27.1, Max: 28.7, Diff: 11.8, Sum: 216.9]
      [Termination (ms): Min: 0.0, Avg: 0.1, Max: 0.2, Diff: 0.2, Sum: 0.8]
         [Termination Attempts: Min: 1, Avg: 319.9, Max: 449, Diff: 448, Sum: 2559]
      [GC Worker Other (ms): Min: 0.0, Avg: 0.0, Max: 0.0, Diff: 0.0, Sum: 0.1]
      [GC Worker Total (ms): Min: 48.0, Avg: 48.1, Max: 48.2, Diff: 0.2, Sum: 384.8]
      [GC Worker End (ms): Min: 116464.6, Avg: 116464.6, Max: 116464.7, Diff: 0.0]
   [Code Root Fixup: 0.0 ms]
   [Code Root Purge: 0.0 ms]
   [Clear CT: 0.3 ms]
   [Other: 0.9 ms]
      [Choose CSet: 0.0 ms]
      [Ref Proc: 0.2 ms]
      [Ref Enq: 0.0 ms]
      [Redirty Cards: 0.2 ms]
      [Humongous Register: 0.0 ms]
      [Humongous Reclaim: 0.0 ms]
      [Free CSet: 0.1 ms]
   [Eden: 10.0M(168.0M)->0.0B(181.0M) Survivors: 22.0M->12.0M Heap: 1090.1M(2048.0M)->1093.6M(2048.0M)]
 [Times: user=0.31 sys=0.00, real=0.05 secs] 
2020-09-29T12:22:36.311+0200: 116.466: [GC concurrent-root-region-scan-start]
2020-09-29T12:22:36.315+0200: 116.470: [GC concurrent-root-region-scan-end, 0.0041687 secs]
2020-09-29T12:22:36.315+0200: 116.470: [GC concurrent-mark-start]
2020-09-29T12:22:36.320+0200: 116.476: [GC concurrent-mark-end, 0.0050234 secs]
2020-09-29T12:22:36.321+0200: 116.476: [GC remark 2020-09-29T12:22:36.321+0200: 116.476: [Finalize Marking, 0.0003747 secs] 2020-09-29T12:22:36.321+0200: 116.476: [GC ref-proc, 0.0004754 secs] 2020-09-29T12:22:36.322+0200: 116.477: [Unloading, 0.0006424 secs], 0.0020730 secs]
 [Times: user=0.00 sys=0.00, real=0.00 secs] 
2020-09-29T12:22:36.323+0200: 116.479: [GC cleanup 1109M->35M(2048M), 0.0020200 secs]
 [Times: user=0.00 sys=0.00, real=0.00 secs] 
2020-09-29T12:22:36.325+0200: 116.481: [GC concurrent-cleanup-start]
2020-09-29T12:22:36.327+0200: 116.482: [GC concurrent-cleanup-end, 0.0016267 secs]
2020-09-29T12:22:36.433+0200: 116.588: [GC pause (G1 Evacuation Pause) (young), 0.1509228 secs]
   [Parallel Time: 149.7 ms, GC Workers: 8]
      [GC Worker Start (ms): Min: 116587.8, Avg: 116587.9, Max: 116587.9, Diff: 0.1]
      [Ext Root Scanning (ms): Min: 0.0, Avg: 0.1, Max: 0.1, Diff: 0.1, Sum: 0.7]
      [Update RS (ms): Min: 12.7, Avg: 13.0, Max: 13.8, Diff: 1.2, Sum: 103.9]
         [Processed Buffers: Min: 0, Avg: 10.0, Max: 14, Diff: 14, Sum: 80]
      [Scan RS (ms): Min: 12.2, Avg: 13.1, Max: 13.5, Diff: 1.3, Sum: 104.7]
      [Code Root Scanning (ms): Min: 0.0, Avg: 0.0, Max: 0.0, Diff: 0.0, Sum: 0.0]
      [Object Copy (ms): Min: 122.3, Avg: 123.1, Max: 123.4, Diff: 1.1, Sum: 984.5]
      [Termination (ms): Min: 0.0, Avg: 0.3, Max: 1.0, Diff: 1.0, Sum: 2.0]
         [Termination Attempts: Min: 1, Avg: 724.8, Max: 918, Diff: 917, Sum: 5798]
      [GC Worker Other (ms): Min: 0.0, Avg: 0.0, Max: 0.1, Diff: 0.0, Sum: 0.3]
      [GC Worker Total (ms): Min: 149.5, Avg: 149.5, Max: 149.6, Diff: 0.1, Sum: 1196.2]
      [GC Worker End (ms): Min: 116737.4, Avg: 116737.4, Max: 116737.4, Diff: 0.0]
   [Code Root Fixup: 0.0 ms]
   [Code Root Purge: 0.0 ms]
   [Clear CT: 0.2 ms]
   [Other: 1.0 ms]
      [Choose CSet: 0.0 ms]
      [Ref Proc: 0.3 ms]
      [Ref Enq: 0.0 ms]
      [Redirty Cards: 0.2 ms]
      [Humongous Register: 0.0 ms]
      [Humongous Reclaim: 0.0 ms]
      [Free CSet: 0.2 ms]
   [Eden: 181.0M(181.0M)->0.0B(178.0M) Survivors: 12.0M->25.0M Heap: 231.5M(2048.0M)->221.5M(2048.0M)]
 [Times: user=1.09 sys=0.01, real=0.15 secs] 
2020-09-29T12:22:36.713+0200: 116.868: [GC pause (G1 Evacuation Pause) (young), 0.1469614 secs]
   [Parallel Time: 145.6 ms, GC Workers: 8]
      [GC Worker Start (ms): Min: 116868.2, Avg: 116868.2, Max: 116868.3, Diff: 0.2]
      [Ext Root Scanning (ms): Min: 0.0, Avg: 0.1, Max: 0.1, Diff: 0.1, Sum: 0.7]
      [Update RS (ms): Min: 13.8, Avg: 14.1, Max: 14.7, Diff: 0.9, Sum: 112.7]
         [Processed Buffers: Min: 11, Avg: 12.5, Max: 15, Diff: 4, Sum: 100]
      [Scan RS (ms): Min: 13.6, Avg: 14.2, Max: 15.1, Diff: 1.5, Sum: 113.9]
      [Code Root Scanning (ms): Min: 0.0, Avg: 0.0, Max: 0.0, Diff: 0.0, Sum: 0.0]
      [Object Copy (ms): Min: 116.2, Avg: 116.8, Max: 117.0, Diff: 0.7, Sum: 934.2]
      [Termination (ms): Min: 0.0, Avg: 0.1, Max: 0.2, Diff: 0.1, Sum: 0.8]
         [Termination Attempts: Min: 1, Avg: 487.8, Max: 701, Diff: 700, Sum: 3902]
      [GC Worker Other (ms): Min: 0.0, Avg: 0.0, Max: 0.1, Diff: 0.0, Sum: 0.2]
      [GC Worker Total (ms): Min: 145.2, Avg: 145.3, Max: 145.4, Diff: 0.2, Sum: 1162.6]
      [GC Worker End (ms): Min: 117013.5, Avg: 117013.5, Max: 117013.6, Diff: 0.0]
   [Code Root Fixup: 0.0 ms]
   [Code Root Purge: 0.0 ms]
   [Clear CT: 0.2 ms]
   [Other: 1.2 ms]
      [Choose CSet: 0.0 ms]
      [Ref Proc: 0.2 ms]
      [Ref Enq: 0.0 ms]
      [Redirty Cards: 0.4 ms]
      [Humongous Register: 0.0 ms]
      [Humongous Reclaim: 0.0 ms]
      [Free CSet: 0.2 ms]
   [Eden: 178.0M(178.0M)->0.0B(182.0M) Survivors: 25.0M->26.0M Heap: 430.0M(2048.0M)->431.5M(2048.0M)]
 [Times: user=1.11 sys=0.00, real=0.15 secs] 
2020-09-29T12:22:36.984+0200: 117.139: [GC pause (G1 Evacuation Pause) (young), 0.1779658 secs]
   [Parallel Time: 176.9 ms, GC Workers: 8]
      [GC Worker Start (ms): Min: 117139.6, Avg: 117139.7, Max: 117139.8, Diff: 0.2]
      [Ext Root Scanning (ms): Min: 0.0, Avg: 0.1, Max: 0.2, Diff: 0.2, Sum: 0.7]
      [Update RS (ms): Min: 21.7, Avg: 21.9, Max: 22.6, Diff: 0.9, Sum: 175.3]
         [Processed Buffers: Min: 5, Avg: 16.5, Max: 21, Diff: 16, Sum: 132]
      [Scan RS (ms): Min: 12.2, Avg: 12.9, Max: 13.2, Diff: 1.0, Sum: 103.2]
      [Code Root Scanning (ms): Min: 0.0, Avg: 0.0, Max: 0.0, Diff: 0.0, Sum: 0.0]
      [Object Copy (ms): Min: 141.3, Avg: 141.5, Max: 141.7, Diff: 0.4, Sum: 1131.8]
      [Termination (ms): Min: 0.0, Avg: 0.2, Max: 0.3, Diff: 0.3, Sum: 1.7]
         [Termination Attempts: Min: 1, Avg: 1104.8, Max: 1508, Diff: 1507, Sum: 8838]
      [GC Worker Other (ms): Min: 0.0, Avg: 0.0, Max: 0.1, Diff: 0.0, Sum: 0.3]
      [GC Worker Total (ms): Min: 176.5, Avg: 176.6, Max: 176.7, Diff: 0.2, Sum: 1413.0]
      [GC Worker End (ms): Min: 117316.3, Avg: 117316.3, Max: 117316.3, Diff: 0.0]
   [Code Root Fixup: 0.0 ms]
   [Code Root Purge: 0.0 ms]
   [Clear CT: 0.2 ms]
   [Other: 0.9 ms]
      [Choose CSet: 0.0 ms]
      [Ref Proc: 0.1 ms]
      [Ref Enq: 0.0 ms]
      [Redirty Cards: 0.2 ms]
      [Humongous Register: 0.0 ms]
      [Humongous Reclaim: 0.0 ms]
      [Free CSet: 0.2 ms]
   [Eden: 182.0M(182.0M)->0.0B(179.0M) Survivors: 26.0M->26.0M Heap: 644.1M(2048.0M)->646.1M(2048.0M)]
 [Times: user=1.31 sys=0.00, real=0.18 secs] 
2020-09-29T12:22:37.295+0200: 117.450: [GC pause (G1 Evacuation Pause) (young), 0.1696383 secs]
   [Parallel Time: 168.0 ms, GC Workers: 8]
      [GC Worker Start (ms): Min: 117450.1, Avg: 117450.2, Max: 117450.3, Diff: 0.2]
      [Ext Root Scanning (ms): Min: 0.0, Avg: 0.1, Max: 0.2, Diff: 0.2, Sum: 0.8]
      [Update RS (ms): Min: 15.3, Avg: 15.8, Max: 16.8, Diff: 1.5, Sum: 126.6]
         [Processed Buffers: Min: 11, Avg: 12.4, Max: 14, Diff: 3, Sum: 99]
      [Scan RS (ms): Min: 12.6, Avg: 13.6, Max: 14.2, Diff: 1.6, Sum: 109.2]
      [Code Root Scanning (ms): Min: 0.0, Avg: 0.0, Max: 0.0, Diff: 0.0, Sum: 0.0]
      [Object Copy (ms): Min: 138.1, Avg: 138.1, Max: 138.2, Diff: 0.1, Sum: 1105.0]
      [Termination (ms): Min: 0.0, Avg: 0.1, Max: 0.1, Diff: 0.1, Sum: 0.5]
         [Termination Attempts: Min: 1, Avg: 286.4, Max: 381, Diff: 380, Sum: 2291]
      [GC Worker Other (ms): Min: 0.0, Avg: 0.1, Max: 0.2, Diff: 0.1, Sum: 0.5]
      [GC Worker Total (ms): Min: 167.7, Avg: 167.8, Max: 167.9, Diff: 0.2, Sum: 1342.5]
      [GC Worker End (ms): Min: 117618.0, Avg: 117618.0, Max: 117618.0, Diff: 0.1]
   [Code Root Fixup: 0.0 ms]
   [Code Root Purge: 0.0 ms]
   [Clear CT: 0.4 ms]
   [Other: 1.2 ms]
      [Choose CSet: 0.0 ms]
      [Ref Proc: 0.3 ms]
      [Ref Enq: 0.0 ms]
      [Redirty Cards: 0.4 ms]
      [Humongous Register: 0.1 ms]
      [Humongous Reclaim: 0.0 ms]
      [Free CSet: 0.2 ms]
   [Eden: 179.0M(179.0M)->0.0B(182.0M) Survivors: 26.0M->26.0M Heap: 853.7M(2048.0M)->855.7M(2048.0M)]
 [Times: user=1.16 sys=0.02, real=0.17 secs] 
2020-09-29T12:22:37.606+0200: 117.761: [GC pause (G1 Evacuation Pause) (young), 0.2173888 secs]
   [Parallel Time: 216.2 ms, GC Workers: 8]
      [GC Worker Start (ms): Min: 117761.4, Avg: 117765.6, Max: 117789.5, Diff: 28.1]
      [Ext Root Scanning (ms): Min: 0.0, Avg: 0.1, Max: 0.1, Diff: 0.1, Sum: 0.6]
      [Update RS (ms): Min: 0.0, Avg: 18.3, Max: 27.6, Diff: 27.6, Sum: 146.4]
         [Processed Buffers: Min: 0, Avg: 14.6, Max: 19, Diff: 19, Sum: 117]
      [Scan RS (ms): Min: 6.9, Avg: 14.1, Max: 26.7, Diff: 19.8, Sum: 112.7]
      [Code Root Scanning (ms): Min: 0.0, Avg: 0.0, Max: 0.0, Diff: 0.0, Sum: 0.0]
      [Object Copy (ms): Min: 168.8, Avg: 179.2, Max: 180.9, Diff: 12.2, Sum: 1433.7]
      [Termination (ms): Min: 0.1, Avg: 0.3, Max: 0.4, Diff: 0.4, Sum: 2.2]
         [Termination Attempts: Min: 1, Avg: 1167.4, Max: 1679, Diff: 1678, Sum: 9339]
      [GC Worker Other (ms): Min: 0.0, Avg: 0.0, Max: 0.0, Diff: 0.0, Sum: 0.1]
      [GC Worker Total (ms): Min: 188.1, Avg: 212.0, Max: 216.2, Diff: 28.1, Sum: 1695.7]
      [GC Worker End (ms): Min: 117977.6, Avg: 117977.6, Max: 117977.6, Diff: 0.0]
   [Code Root Fixup: 0.0 ms]
   [Code Root Purge: 0.0 ms]
   [Clear CT: 0.2 ms]
   [Other: 1.0 ms]
      [Choose CSet: 0.0 ms]
      [Ref Proc: 0.2 ms]
      [Ref Enq: 0.0 ms]
      [Redirty Cards: 0.3 ms]
      [Humongous Register: 0.1 ms]
      [Humongous Reclaim: 0.0 ms]
      [Free CSet: 0.2 ms]
   [Eden: 182.0M(182.0M)->0.0B(165.0M) Survivors: 26.0M->26.0M Heap: 1068.2M(2048.0M)->1071.2M(2048.0M)]
 [Times: user=1.47 sys=0.00, real=0.22 secs] 
2020-09-29T12:22:37.828+0200: 117.983: [GC pause (G1 Humongous Allocation) (young) (initial-mark), 0.0688443 secs]
   [Parallel Time: 67.8 ms, GC Workers: 8]
      [GC Worker Start (ms): Min: 117983.5, Avg: 117983.6, Max: 117983.7, Diff: 0.2]
      [Ext Root Scanning (ms): Min: 0.0, Avg: 2.5, Max: 19.2, Diff: 19.2, Sum: 20.3]
      [Update RS (ms): Min: 20.3, Avg: 36.0, Max: 40.2, Diff: 19.8, Sum: 288.0]
         [Processed Buffers: Min: 5, Avg: 30.1, Max: 38, Diff: 33, Sum: 241]
      [Scan RS (ms): Min: 0.0, Avg: 1.1, Max: 1.7, Diff: 1.7, Sum: 8.8]
      [Code Root Scanning (ms): Min: 0.0, Avg: 0.0, Max: 0.0, Diff: 0.0, Sum: 0.0]
      [Object Copy (ms): Min: 27.0, Avg: 27.8, Max: 28.0, Diff: 0.9, Sum: 222.7]
      [Termination (ms): Min: 0.0, Avg: 0.1, Max: 0.1, Diff: 0.1, Sum: 0.6]
         [Termination Attempts: Min: 1, Avg: 355.0, Max: 470, Diff: 469, Sum: 2840]
      [GC Worker Other (ms): Min: 0.0, Avg: 0.0, Max: 0.0, Diff: 0.0, Sum: 0.2]
      [GC Worker Total (ms): Min: 67.4, Avg: 67.6, Max: 67.6, Diff: 0.2, Sum: 540.5]
      [GC Worker End (ms): Min: 118051.1, Avg: 118051.1, Max: 118051.1, Diff: 0.0]
   [Code Root Fixup: 0.0 ms]
   [Code Root Purge: 0.0 ms]
   [Clear CT: 0.2 ms]
   [Other: 0.8 ms]
      [Choose CSet: 0.0 ms]
      [Ref Proc: 0.2 ms]
      [Ref Enq: 0.0 ms]
      [Redirty Cards: 0.2 ms]
      [Humongous Register: 0.1 ms]
      [Humongous Reclaim: 0.0 ms]
      [Free CSet: 0.1 ms]
   [Eden: 3072.0K(165.0M)->0.0B(171.0M) Survivors: 26.0M->3072.0K Heap: 1073.7M(2048.0M)->1076.2M(2048.0M)]
 [Times: user=0.53 sys=0.00, real=0.07 secs] 
2020-09-29T12:22:37.897+0200: 118.052: [GC concurrent-root-region-scan-start]
2020-09-29T12:22:37.898+0200: 118.053: [GC concurrent-root-region-scan-end, 0.0006815 secs]
2020-09-29T12:22:37.898+0200: 118.053: [GC concurrent-mark-start]
2020-09-29T12:22:37.901+0200: 118.056: [GC concurrent-mark-end, 0.0031755 secs]
2020-09-29T12:22:37.901+0200: 118.056: [GC remark 2020-09-29T12:22:37.901+0200: 118.056: [Finalize Marking, 0.0001726 secs] 2020-09-29T12:22:37.901+0200: 118.057: [GC ref-proc, 0.0003423 secs] 2020-09-29T12:22:37.902+0200: 118.057: [Unloading, 0.0004958 secs], 0.0014125 secs]
 [Times: user=0.00 sys=0.00, real=0.00 secs] 
2020-09-29T12:22:37.903+0200: 118.058: [GC cleanup 1085M->19M(2048M), 0.0011653 secs]
 [Times: user=0.00 sys=0.00, real=0.00 secs] 
2020-09-29T12:22:37.904+0200: 118.059: [GC concurrent-cleanup-start]
2020-09-29T12:22:37.906+0200: 118.061: [GC concurrent-cleanup-end, 0.0013998 secs]
2020-09-29T12:22:38.007+0200: 118.162: [GC pause (G1 Evacuation Pause) (young), 0.1276612 secs]
   [Parallel Time: 126.4 ms, GC Workers: 8]
      [GC Worker Start (ms): Min: 118162.3, Avg: 118162.5, Max: 118162.5, Diff: 0.2]
      [Ext Root Scanning (ms): Min: 0.0, Avg: 0.1, Max: 0.2, Diff: 0.2, Sum: 0.5]
      [Update RS (ms): Min: 16.1, Avg: 16.6, Max: 17.1, Diff: 1.0, Sum: 132.7]
         [Processed Buffers: Min: 12, Avg: 13.3, Max: 15, Diff: 3, Sum: 106]
      [Scan RS (ms): Min: 8.9, Avg: 9.4, Max: 9.8, Diff: 0.9, Sum: 74.9]
      [Code Root Scanning (ms): Min: 0.0, Avg: 0.0, Max: 0.0, Diff: 0.0, Sum: 0.0]
      [Object Copy (ms): Min: 100.0, Avg: 100.0, Max: 100.1, Diff: 0.1, Sum: 800.2]
      [Termination (ms): Min: 0.0, Avg: 0.0, Max: 0.0, Diff: 0.0, Sum: 0.0]
         [Termination Attempts: Min: 1, Avg: 24.1, Max: 33, Diff: 32, Sum: 193]
      [GC Worker Other (ms): Min: 0.0, Avg: 0.0, Max: 0.1, Diff: 0.0, Sum: 0.2]
      [GC Worker Total (ms): Min: 126.0, Avg: 126.1, Max: 126.2, Diff: 0.2, Sum: 1008.7]
      [GC Worker End (ms): Min: 118288.5, Avg: 118288.5, Max: 118288.6, Diff: 0.0]
   [Code Root Fixup: 0.0 ms]
   [Code Root Purge: 0.0 ms]
   [Clear CT: 0.3 ms]
   [Other: 1.0 ms]
      [Choose CSet: 0.0 ms]
      [Ref Proc: 0.3 ms]
      [Ref Enq: 0.0 ms]
      [Redirty Cards: 0.3 ms]
      [Humongous Register: 0.0 ms]
      [Humongous Reclaim: 0.0 ms]
      [Free CSet: 0.1 ms]
   [Eden: 171.0M(171.0M)->0.0B(172.0M) Survivors: 3072.0K->22.0M Heap: 210.6M(2048.0M)->209.1M(2048.0M)]
 [Times: user=0.86 sys=0.00, real=0.13 secs] 
2020-09-29T12:22:38.249+0200: 118.404: [GC pause (G1 Evacuation Pause) (young), 0.1659047 secs]
   [Parallel Time: 163.6 ms, GC Workers: 8]
      [GC Worker Start (ms): Min: 118404.4, Avg: 118405.7, Max: 118414.1, Diff: 9.7]
      [Ext Root Scanning (ms): Min: 0.0, Avg: 0.1, Max: 0.3, Diff: 0.3, Sum: 0.8]
      [Update RS (ms): Min: 15.1, Avg: 24.0, Max: 25.8, Diff: 10.7, Sum: 191.7]
         [Processed Buffers: Min: 11, Avg: 17.8, Max: 22, Diff: 11, Sum: 142]
      [Scan RS (ms): Min: 9.2, Avg: 9.8, Max: 10.4, Diff: 1.3, Sum: 78.4]
      [Code Root Scanning (ms): Min: 0.0, Avg: 0.0, Max: 0.0, Diff: 0.0, Sum: 0.0]
      [Object Copy (ms): Min: 128.0, Avg: 128.1, Max: 128.2, Diff: 0.2, Sum: 1024.6]
      [Termination (ms): Min: 0.0, Avg: 0.1, Max: 0.2, Diff: 0.2, Sum: 1.2]
         [Termination Attempts: Min: 1, Avg: 816.6, Max: 1148, Diff: 1147, Sum: 6533]
      [GC Worker Other (ms): Min: 0.0, Avg: 0.0, Max: 0.1, Diff: 0.0, Sum: 0.3]
      [GC Worker Total (ms): Min: 153.7, Avg: 162.1, Max: 163.4, Diff: 9.7, Sum: 1296.9]
      [GC Worker End (ms): Min: 118567.8, Avg: 118567.8, Max: 118567.9, Diff: 0.0]
   [Code Root Fixup: 0.0 ms]
   [Code Root Purge: 0.0 ms]
   [Clear CT: 0.8 ms]
   [Other: 1.6 ms]
      [Choose CSet: 0.0 ms]
      [Ref Proc: 0.3 ms]
      [Ref Enq: 0.0 ms]
      [Redirty Cards: 0.8 ms]
      [Humongous Register: 0.0 ms]
      [Humongous Reclaim: 0.0 ms]
      [Free CSet: 0.2 ms]
   [Eden: 172.0M(172.0M)->0.0B(174.0M) Survivors: 22.0M->25.0M Heap: 409.7M(2048.0M)->411.2M(2048.0M)]
 [Times: user=1.25 sys=0.00, real=0.17 secs] 
2020-09-29T12:22:38.541+0200: 118.696: [GC pause (G1 Evacuation Pause) (young), 0.1908148 secs]
   [Parallel Time: 189.6 ms, GC Workers: 8]
      [GC Worker Start (ms): Min: 118695.8, Avg: 118696.2, Max: 118697.2, Diff: 1.4]
      [Ext Root Scanning (ms): Min: 0.0, Avg: 0.1, Max: 0.2, Diff: 0.2, Sum: 0.5]
      [Update RS (ms): Min: 13.9, Avg: 14.9, Max: 15.7, Diff: 1.9, Sum: 119.1]
         [Processed Buffers: Min: 10, Avg: 12.5, Max: 14, Diff: 4, Sum: 100]
      [Scan RS (ms): Min: 13.9, Avg: 14.6, Max: 14.9, Diff: 1.0, Sum: 116.8]
      [Code Root Scanning (ms): Min: 0.0, Avg: 0.0, Max: 0.0, Diff: 0.0, Sum: 0.0]
      [Object Copy (ms): Min: 158.5, Avg: 158.8, Max: 159.5, Diff: 1.0, Sum: 1270.6]
      [Termination (ms): Min: 0.1, Avg: 0.7, Max: 1.0, Diff: 0.9, Sum: 6.0]
         [Termination Attempts: Min: 1, Avg: 3522.5, Max: 4620, Diff: 4619, Sum: 28180]
      [GC Worker Other (ms): Min: 0.0, Avg: 0.0, Max: 0.0, Diff: 0.0, Sum: 0.1]
      [GC Worker Total (ms): Min: 188.1, Avg: 189.1, Max: 189.6, Diff: 1.5, Sum: 1513.1]
      [GC Worker End (ms): Min: 118885.3, Avg: 118885.3, Max: 118885.4, Diff: 0.1]
   [Code Root Fixup: 0.0 ms]
   [Code Root Purge: 0.0 ms]
   [Clear CT: 0.3 ms]
   [Other: 0.9 ms]
      [Choose CSet: 0.0 ms]
      [Ref Proc: 0.2 ms]
      [Ref Enq: 0.0 ms]
      [Redirty Cards: 0.3 ms]
      [Humongous Register: 0.0 ms]
      [Humongous Reclaim: 0.0 ms]
      [Free CSet: 0.2 ms]
   [Eden: 174.0M(174.0M)->0.0B(168.0M) Survivors: 25.0M->25.0M Heap: 615.7M(2048.0M)->617.7M(2048.0M)]
 [Times: user=1.33 sys=0.00, real=0.19 secs] 
2020-09-29T12:22:38.846+0200: 119.001: [GC pause (G1 Evacuation Pause) (young), 0.1685771 secs]
   [Parallel Time: 167.4 ms, GC Workers: 8]
      [GC Worker Start (ms): Min: 119001.2, Avg: 119001.3, Max: 119001.4, Diff: 0.2]
      [Ext Root Scanning (ms): Min: 0.0, Avg: 0.1, Max: 0.2, Diff: 0.2, Sum: 0.5]
      [Update RS (ms): Min: 14.9, Avg: 15.4, Max: 16.9, Diff: 2.0, Sum: 123.0]
         [Processed Buffers: Min: 10, Avg: 12.4, Max: 15, Diff: 5, Sum: 99]
      [Scan RS (ms): Min: 10.8, Avg: 12.2, Max: 12.7, Diff: 1.8, Sum: 97.8]
      [Code Root Scanning (ms): Min: 0.0, Avg: 0.0, Max: 0.0, Diff: 0.0, Sum: 0.0]
      [Object Copy (ms): Min: 138.8, Avg: 139.0, Max: 139.4, Diff: 0.6, Sum: 1111.7]
      [Termination (ms): Min: 0.0, Avg: 0.5, Max: 0.6, Diff: 0.6, Sum: 3.9]
         [Termination Attempts: Min: 1, Avg: 2558.4, Max: 3088, Diff: 3087, Sum: 20467]
      [GC Worker Other (ms): Min: 0.0, Avg: 0.0, Max: 0.1, Diff: 0.0, Sum: 0.3]
      [GC Worker Total (ms): Min: 167.1, Avg: 167.2, Max: 167.3, Diff: 0.2, Sum: 1337.3]
      [GC Worker End (ms): Min: 119168.5, Avg: 119168.5, Max: 119168.5, Diff: 0.0]
   [Code Root Fixup: 0.0 ms]
   [Code Root Purge: 0.0 ms]
   [Clear CT: 0.2 ms]
   [Other: 1.0 ms]
      [Choose CSet: 0.0 ms]
      [Ref Proc: 0.2 ms]
      [Ref Enq: 0.0 ms]
      [Redirty Cards: 0.3 ms]
      [Humongous Register: 0.0 ms]
      [Humongous Reclaim: 0.0 ms]
      [Free CSet: 0.2 ms]
   [Eden: 168.0M(168.0M)->0.0B(173.0M) Survivors: 25.0M->25.0M Heap: 812.4M(2048.0M)->814.4M(2048.0M)]
 [Times: user=1.22 sys=0.00, real=0.17 secs] 
2020-09-29T12:22:39.124+0200: 119.279: [GC pause (G1 Evacuation Pause) (young), 0.1473706 secs]
   [Parallel Time: 146.2 ms, GC Workers: 8]
      [GC Worker Start (ms): Min: 119278.7, Avg: 119278.8, Max: 119278.9, Diff: 0.2]
      [Ext Root Scanning (ms): Min: 0.0, Avg: 0.1, Max: 0.2, Diff: 0.2, Sum: 0.6]
      [Update RS (ms): Min: 21.1, Avg: 21.4, Max: 21.9, Diff: 0.8, Sum: 171.5]
         [Processed Buffers: Min: 13, Avg: 16.3, Max: 19, Diff: 6, Sum: 130]
      [Scan RS (ms): Min: 10.3, Avg: 10.8, Max: 11.5, Diff: 1.2, Sum: 86.4]
      [Code Root Scanning (ms): Min: 0.0, Avg: 0.0, Max: 0.0, Diff: 0.0, Sum: 0.0]
      [Object Copy (ms): Min: 113.2, Avg: 113.5, Max: 113.6, Diff: 0.4, Sum: 907.8]
      [Termination (ms): Min: 0.0, Avg: 0.1, Max: 0.1, Diff: 0.1, Sum: 0.6]
         [Termination Attempts: Min: 1, Avg: 453.9, Max: 552, Diff: 551, Sum: 3631]
      [GC Worker Other (ms): Min: 0.0, Avg: 0.0, Max: 0.0, Diff: 0.0, Sum: 0.2]
      [GC Worker Total (ms): Min: 145.8, Avg: 145.9, Max: 146.0, Diff: 0.2, Sum: 1167.2]
      [GC Worker End (ms): Min: 119424.7, Avg: 119424.7, Max: 119424.7, Diff: 0.0]
   [Code Root Fixup: 0.0 ms]
   [Code Root Purge: 0.0 ms]
   [Clear CT: 0.3 ms]
   [Other: 0.9 ms]
      [Choose CSet: 0.0 ms]
      [Ref Proc: 0.2 ms]
      [Ref Enq: 0.0 ms]
      [Redirty Cards: 0.3 ms]
      [Humongous Register: 0.0 ms]
      [Humongous Reclaim: 0.0 ms]
      [Free CSet: 0.2 ms]
   [Eden: 173.0M(173.0M)->0.0B(186.0M) Survivors: 25.0M->25.0M Heap: 1016.1M(2048.0M)->1017.6M(2048.0M)]
 [Times: user=1.13 sys=0.01, real=0.15 secs] 
2020-09-29T12:22:39.278+0200: 119.432: [GC pause (G1 Humongous Allocation) (young) (initial-mark), 0.0450626 secs]
   [Parallel Time: 44.2 ms, GC Workers: 8]
      [GC Worker Start (ms): Min: 119432.6, Avg: 119432.7, Max: 119432.8, Diff: 0.2]
      [Ext Root Scanning (ms): Min: 0.0, Avg: 1.9, Max: 10.9, Diff: 10.9, Sum: 15.6]
      [Update RS (ms): Min: 17.4, Avg: 26.5, Max: 28.5, Diff: 11.1, Sum: 212.3]
         [Processed Buffers: Min: 17, Avg: 26.4, Max: 30, Diff: 13, Sum: 211]
      [Scan RS (ms): Min: 1.6, Avg: 1.8, Max: 2.1, Diff: 0.5, Sum: 14.6]
      [Code Root Scanning (ms): Min: 0.0, Avg: 0.0, Max: 0.0, Diff: 0.0, Sum: 0.0]
      [Object Copy (ms): Min: 13.6, Avg: 13.7, Max: 13.7, Diff: 0.1, Sum: 109.4]
      [Termination (ms): Min: 0.0, Avg: 0.0, Max: 0.0, Diff: 0.0, Sum: 0.1]
         [Termination Attempts: Min: 1, Avg: 74.1, Max: 94, Diff: 93, Sum: 593]
      [GC Worker Other (ms): Min: 0.0, Avg: 0.0, Max: 0.0, Diff: 0.0, Sum: 0.1]
      [GC Worker Total (ms): Min: 43.9, Avg: 44.0, Max: 44.1, Diff: 0.2, Sum: 352.1]
      [GC Worker End (ms): Min: 119476.7, Avg: 119476.7, Max: 119476.7, Diff: 0.0]
   [Code Root Fixup: 0.0 ms]
   [Code Root Purge: 0.0 ms]
   [Clear CT: 0.3 ms]
   [Other: 0.6 ms]
      [Choose CSet: 0.0 ms]
      [Ref Proc: 0.2 ms]
      [Ref Enq: 0.0 ms]
      [Redirty Cards: 0.2 ms]
      [Humongous Register: 0.0 ms]
      [Humongous Reclaim: 0.0 ms]
      [Free CSet: 0.0 ms]
   [Eden: 1024.0K(186.0M)->0.0B(242.0M) Survivors: 25.0M->2048.0K Heap: 1018.1M(2048.0M)->1021.6M(2048.0M)]
 [Times: user=0.34 sys=0.00, real=0.04 secs] 
2020-09-29T12:22:39.323+0200: 119.478: [GC concurrent-root-region-scan-start]
2020-09-29T12:22:39.323+0200: 119.478: [GC concurrent-root-region-scan-end, 0.0002369 secs]
2020-09-29T12:22:39.323+0200: 119.478: [GC concurrent-mark-start]
2020-09-29T12:22:39.328+0200: 119.483: [GC concurrent-mark-end, 0.0049394 secs]
2020-09-29T12:22:39.328+0200: 119.483: [GC remark 2020-09-29T12:22:39.328+0200: 119.483: [Finalize Marking, 0.0002210 secs] 2020-09-29T12:22:39.328+0200: 119.483: [GC ref-proc, 0.0003422 secs] 2020-09-29T12:22:39.329+0200: 119.484: [Unloading, 0.0005153 secs], 0.0013919 secs]
 [Times: user=0.00 sys=0.00, real=0.00 secs] 
2020-09-29T12:22:39.330+0200: 119.485: [GC cleanup 1032M->20M(2048M), 0.0011291 secs]
 [Times: user=0.00 sys=0.00, real=0.00 secs] 
2020-09-29T12:22:39.331+0200: 119.486: [GC concurrent-cleanup-start]
2020-09-29T12:22:39.332+0200: 119.487: [GC concurrent-cleanup-end, 0.0012506 secs]
2020-09-29T12:22:39.475+0200: 119.630: [GC pause (G1 Evacuation Pause) (young), 0.2266283 secs]
   [Parallel Time: 225.1 ms, GC Workers: 8]
      [GC Worker Start (ms): Min: 119630.0, Avg: 119631.2, Max: 119637.4, Diff: 7.4]
      [Ext Root Scanning (ms): Min: 0.0, Avg: 0.1, Max: 0.2, Diff: 0.2, Sum: 0.7]
      [Update RS (ms): Min: 10.1, Avg: 16.6, Max: 21.0, Diff: 11.0, Sum: 132.7]
         [Processed Buffers: Min: 7, Avg: 13.0, Max: 17, Diff: 10, Sum: 104]
      [Scan RS (ms): Min: 15.1, Avg: 18.6, Max: 19.9, Diff: 4.9, Sum: 148.5]
      [Code Root Scanning (ms): Min: 0.0, Avg: 0.0, Max: 0.0, Diff: 0.0, Sum: 0.0]
      [Object Copy (ms): Min: 182.1, Avg: 187.2, Max: 188.4, Diff: 6.3, Sum: 1497.7]
      [Termination (ms): Min: 0.1, Avg: 1.1, Max: 6.4, Diff: 6.3, Sum: 8.8]
         [Termination Attempts: Min: 1, Avg: 1077.9, Max: 1536, Diff: 1535, Sum: 8623]
      [GC Worker Other (ms): Min: 0.0, Avg: 0.0, Max: 0.0, Diff: 0.0, Sum: 0.1]
      [GC Worker Total (ms): Min: 217.4, Avg: 223.6, Max: 224.8, Diff: 7.4, Sum: 1788.6]
      [GC Worker End (ms): Min: 119854.8, Avg: 119854.8, Max: 119854.8, Diff: 0.0]
   [Code Root Fixup: 0.0 ms]
   [Code Root Purge: 0.0 ms]
   [Clear CT: 0.2 ms]
   [Other: 1.4 ms]
      [Choose CSet: 0.0 ms]
      [Ref Proc: 0.2 ms]
      [Ref Enq: 0.0 ms]
      [Redirty Cards: 0.5 ms]
      [Humongous Register: 0.0 ms]
      [Humongous Reclaim: 0.0 ms]
      [Free CSet: 0.3 ms]
   [Eden: 242.0M(242.0M)->0.0B(182.0M) Survivors: 2048.0K->31.0M Heap: 293.5M(2048.0M)->294.5M(2048.0M)]
 [Times: user=1.44 sys=0.00, real=0.23 secs] 
2020-09-29T12:22:39.849+0200: 120.004: [GC pause (G1 Evacuation Pause) (young), 0.2032417 secs]
   [Parallel Time: 202.3 ms, GC Workers: 8]
      [GC Worker Start (ms): Min: 120003.9, Avg: 120007.3, Max: 120030.0, Diff: 26.1]
      [Ext Root Scanning (ms): Min: 0.0, Avg: 0.1, Max: 0.2, Diff: 0.2, Sum: 0.6]
      [Update RS (ms): Min: 0.0, Avg: 17.4, Max: 20.1, Diff: 20.1, Sum: 139.0]
         [Processed Buffers: Min: 0, Avg: 14.9, Max: 23, Diff: 23, Sum: 119]
      [Scan RS (ms): Min: 10.1, Avg: 15.5, Max: 16.6, Diff: 6.4, Sum: 123.9]
      [Code Root Scanning (ms): Min: 0.0, Avg: 0.0, Max: 0.0, Diff: 0.0, Sum: 0.0]
      [Object Copy (ms): Min: 165.4, Avg: 165.5, Max: 165.6, Diff: 0.2, Sum: 1323.9]
      [Termination (ms): Min: 0.0, Avg: 0.4, Max: 0.6, Diff: 0.5, Sum: 3.2]
         [Termination Attempts: Min: 1, Avg: 2861.5, Max: 3871, Diff: 3870, Sum: 22892]
      [GC Worker Other (ms): Min: 0.0, Avg: 0.0, Max: 0.0, Diff: 0.0, Sum: 0.2]
      [GC Worker Total (ms): Min: 176.1, Avg: 198.9, Max: 202.2, Diff: 26.1, Sum: 1590.9]
      [GC Worker End (ms): Min: 120206.1, Avg: 120206.1, Max: 120206.1, Diff: 0.0]
   [Code Root Fixup: 0.0 ms]
   [Code Root Purge: 0.0 ms]
   [Clear CT: 0.2 ms]
   [Other: 0.7 ms]
      [Choose CSet: 0.0 ms]
      [Ref Proc: 0.1 ms]
      [Ref Enq: 0.0 ms]
      [Redirty Cards: 0.2 ms]
      [Humongous Register: 0.0 ms]
      [Humongous Reclaim: 0.0 ms]
      [Free CSet: 0.1 ms]
   [Eden: 182.0M(182.0M)->0.0B(169.0M) Survivors: 31.0M->27.0M Heap: 507.0M(2048.0M)->509.5M(2048.0M)]
 [Times: user=1.14 sys=0.03, real=0.20 secs] 
2020-09-29T12:22:40.153+0200: 120.308: [GC pause (G1 Evacuation Pause) (young), 0.1541646 secs]
   [Parallel Time: 152.3 ms, GC Workers: 8]
      [GC Worker Start (ms): Min: 120307.9, Avg: 120308.0, Max: 120308.2, Diff: 0.3]
      [Ext Root Scanning (ms): Min: 0.0, Avg: 0.1, Max: 0.2, Diff: 0.1, Sum: 0.6]
      [Update RS (ms): Min: 21.1, Avg: 21.4, Max: 22.1, Diff: 0.9, Sum: 171.4]
         [Processed Buffers: Min: 4, Avg: 15.4, Max: 21, Diff: 17, Sum: 123]
      [Scan RS (ms): Min: 9.7, Avg: 10.3, Max: 10.6, Diff: 1.0, Sum: 82.8]
      [Code Root Scanning (ms): Min: 0.0, Avg: 0.0, Max: 0.0, Diff: 0.0, Sum: 0.0]
      [Object Copy (ms): Min: 120.0, Avg: 120.1, Max: 120.2, Diff: 0.2, Sum: 960.8]
      [Termination (ms): Min: 0.0, Avg: 0.1, Max: 0.2, Diff: 0.2, Sum: 1.1]
         [Termination Attempts: Min: 1, Avg: 875.0, Max: 1254, Diff: 1253, Sum: 7000]
      [GC Worker Other (ms): Min: 0.0, Avg: 0.0, Max: 0.1, Diff: 0.1, Sum: 0.3]
      [GC Worker Total (ms): Min: 151.9, Avg: 152.1, Max: 152.2, Diff: 0.3, Sum: 1217.0]
      [GC Worker End (ms): Min: 120460.1, Avg: 120460.1, Max: 120460.1, Diff: 0.1]
   [Code Root Fixup: 0.0 ms]
   [Code Root Purge: 0.0 ms]
   [Clear CT: 0.2 ms]
   [Other: 1.6 ms]
      [Choose CSet: 0.0 ms]
      [Ref Proc: 0.2 ms]
      [Ref Enq: 0.0 ms]
      [Redirty Cards: 1.0 ms]
      [Humongous Register: 0.1 ms]
      [Humongous Reclaim: 0.0 ms]
      [Free CSet: 0.2 ms]
   [Eden: 169.0M(169.0M)->0.0B(181.0M) Survivors: 27.0M->25.0M Heap: 705.2M(2048.0M)->707.7M(2048.0M)]
 [Times: user=1.13 sys=0.02, real=0.15 secs] 
2020-09-29T12:22:40.432+0200: 120.587: [GC pause (G1 Evacuation Pause) (young), 0.1312006 secs]
   [Parallel Time: 130.3 ms, GC Workers: 8]
      [GC Worker Start (ms): Min: 120586.9, Avg: 120588.1, Max: 120596.1, Diff: 9.2]
      [Ext Root Scanning (ms): Min: 0.0, Avg: 0.1, Max: 0.1, Diff: 0.1, Sum: 0.6]
      [Update RS (ms): Min: 3.1, Avg: 11.2, Max: 12.7, Diff: 9.6, Sum: 89.3]
         [Processed Buffers: Min: 5, Avg: 13.0, Max: 18, Diff: 13, Sum: 104]
      [Scan RS (ms): Min: 10.3, Avg: 10.7, Max: 10.9, Diff: 0.6, Sum: 85.3]
      [Code Root Scanning (ms): Min: 0.0, Avg: 0.0, Max: 0.0, Diff: 0.0, Sum: 0.0]
      [Object Copy (ms): Min: 106.9, Avg: 107.0, Max: 107.0, Diff: 0.1, Sum: 855.8]
      [Termination (ms): Min: 0.0, Avg: 0.0, Max: 0.1, Diff: 0.1, Sum: 0.4]
         [Termination Attempts: Min: 1, Avg: 352.3, Max: 491, Diff: 490, Sum: 2818]
      [GC Worker Other (ms): Min: 0.0, Avg: 0.0, Max: 0.1, Diff: 0.0, Sum: 0.3]
      [GC Worker Total (ms): Min: 121.0, Avg: 129.0, Max: 130.2, Diff: 9.2, Sum: 1031.6]
      [GC Worker End (ms): Min: 120717.0, Avg: 120717.1, Max: 120717.1, Diff: 0.0]
   [Code Root Fixup: 0.0 ms]
   [Code Root Purge: 0.0 ms]
   [Clear CT: 0.1 ms]
   [Other: 0.8 ms]
      [Choose CSet: 0.0 ms]
      [Ref Proc: 0.2 ms]
      [Ref Enq: 0.0 ms]
      [Redirty Cards: 0.2 ms]
      [Humongous Register: 0.0 ms]
      [Humongous Reclaim: 0.0 ms]
      [Free CSet: 0.2 ms]
   [Eden: 181.0M(181.0M)->0.0B(199.0M) Survivors: 25.0M->26.0M Heap: 919.2M(2048.0M)->921.2M(2048.0M)]
 [Times: user=0.88 sys=0.00, real=0.13 secs] 
2020-09-29T12:22:40.646+0200: 120.801: [GC pause (G1 Humongous Allocation) (young) (initial-mark), 0.0883887 secs]
   [Parallel Time: 87.5 ms, GC Workers: 8]
      [GC Worker Start (ms): Min: 120801.2, Avg: 120801.2, Max: 120801.4, Diff: 0.2]
      [Ext Root Scanning (ms): Min: 0.0, Avg: 1.5, Max: 10.6, Diff: 10.6, Sum: 11.7]
      [Update RS (ms): Min: 8.3, Avg: 17.2, Max: 18.9, Diff: 10.6, Sum: 137.5]
         [Processed Buffers: Min: 6, Avg: 14.1, Max: 17, Diff: 11, Sum: 113]
      [Scan RS (ms): Min: 3.6, Avg: 4.0, Max: 4.4, Diff: 0.8, Sum: 31.8]
      [Code Root Scanning (ms): Min: 0.0, Avg: 0.0, Max: 0.0, Diff: 0.0, Sum: 0.0]
      [Object Copy (ms): Min: 64.6, Avg: 64.6, Max: 64.7, Diff: 0.1, Sum: 517.0]
      [Termination (ms): Min: 0.0, Avg: 0.0, Max: 0.1, Diff: 0.1, Sum: 0.3]
         [Termination Attempts: Min: 1, Avg: 267.8, Max: 343, Diff: 342, Sum: 2142]
      [GC Worker Other (ms): Min: 0.0, Avg: 0.0, Max: 0.0, Diff: 0.0, Sum: 0.2]
      [GC Worker Total (ms): Min: 87.2, Avg: 87.3, Max: 87.4, Diff: 0.2, Sum: 698.4]
      [GC Worker End (ms): Min: 120888.5, Avg: 120888.5, Max: 120888.6, Diff: 0.0]
   [Code Root Fixup: 0.0 ms]
   [Code Root Purge: 0.0 ms]
   [Clear CT: 0.1 ms]
   [Other: 0.8 ms]
      [Choose CSet: 0.0 ms]
      [Ref Proc: 0.2 ms]
      [Ref Enq: 0.0 ms]
      [Redirty Cards: 0.2 ms]
      [Humongous Register: 0.0 ms]
      [Humongous Reclaim: 0.0 ms]
      [Free CSet: 0.1 ms]
   [Eden: 108.0M(199.0M)->0.0B(219.0M) Survivors: 26.0M->29.0M Heap: 1045.9M(2048.0M)->1047.4M(2048.0M)]
 [Times: user=0.59 sys=0.00, real=0.09 secs] 
2020-09-29T12:22:40.735+0200: 120.890: [GC concurrent-root-region-scan-start]
2020-09-29T12:22:40.746+0200: 120.901: [GC concurrent-root-region-scan-end, 0.0117713 secs]
2020-09-29T12:22:40.746+0200: 120.901: [GC concurrent-mark-start]
2020-09-29T12:22:40.750+0200: 120.905: [GC concurrent-mark-end, 0.0034222 secs]
2020-09-29T12:22:40.751+0200: 120.906: [GC remark 2020-09-29T12:22:40.751+0200: 120.906: [Finalize Marking, 0.0002211 secs] 2020-09-29T12:22:40.751+0200: 120.906: [GC ref-proc, 0.0004428 secs] 2020-09-29T12:22:40.751+0200: 120.906: [Unloading, 0.0006348 secs], 0.0017812 secs]
 [Times: user=0.00 sys=0.00, real=0.00 secs] 
2020-09-29T12:22:40.754+0200: 120.909: [GC cleanup 1081M->70M(2048M), 0.0018410 secs]
 [Times: user=0.02 sys=0.00, real=0.00 secs] 
2020-09-29T12:22:40.756+0200: 120.911: [GC concurrent-cleanup-start]
2020-09-29T12:22:40.758+0200: 120.913: [GC concurrent-cleanup-end, 0.0018463 secs]
2020-09-29T12:22:40.887+0200: 121.042: [GC pause (G1 Evacuation Pause) (young), 0.1481331 secs]
   [Parallel Time: 147.1 ms, GC Workers: 8]
      [GC Worker Start (ms): Min: 121042.0, Avg: 121042.0, Max: 121042.1, Diff: 0.1]
      [Ext Root Scanning (ms): Min: 0.0, Avg: 0.1, Max: 0.1, Diff: 0.1, Sum: 0.7]
      [Update RS (ms): Min: 19.4, Avg: 19.9, Max: 22.6, Diff: 3.1, Sum: 159.4]
         [Processed Buffers: Min: 0, Avg: 17.3, Max: 23, Diff: 23, Sum: 138]
      [Scan RS (ms): Min: 10.3, Avg: 12.9, Max: 13.5, Diff: 3.2, Sum: 103.6]
      [Code Root Scanning (ms): Min: 0.0, Avg: 0.0, Max: 0.0, Diff: 0.0, Sum: 0.0]
      [Object Copy (ms): Min: 113.8, Avg: 113.9, Max: 114.0, Diff: 0.2, Sum: 910.9]
      [Termination (ms): Min: 0.0, Avg: 0.1, Max: 0.1, Diff: 0.1, Sum: 0.7]
         [Termination Attempts: Min: 1, Avg: 617.6, Max: 880, Diff: 879, Sum: 4941]
      [GC Worker Other (ms): Min: 0.0, Avg: 0.0, Max: 0.1, Diff: 0.0, Sum: 0.4]
      [GC Worker Total (ms): Min: 146.9, Avg: 147.0, Max: 147.0, Diff: 0.1, Sum: 1175.7]
      [GC Worker End (ms): Min: 121189.0, Avg: 121189.0, Max: 121189.0, Diff: 0.0]
   [Code Root Fixup: 0.0 ms]
   [Code Root Purge: 0.0 ms]
   [Clear CT: 0.1 ms]
   [Other: 0.9 ms]
      [Choose CSet: 0.0 ms]
      [Ref Proc: 0.2 ms]
      [Ref Enq: 0.0 ms]
      [Redirty Cards: 0.2 ms]
      [Humongous Register: 0.0 ms]
      [Humongous Reclaim: 0.0 ms]
      [Free CSet: 0.2 ms]
   [Eden: 219.0M(219.0M)->0.0B(228.0M) Survivors: 29.0M->31.0M Heap: 294.1M(2048.0M)->267.1M(2048.0M)]
 [Times: user=1.09 sys=0.00, real=0.15 secs] 
2020-09-29T12:22:41.180+0200: 121.335: [GC pause (G1 Evacuation Pause) (young), 0.2042729 secs]
   [Parallel Time: 203.1 ms, GC Workers: 8]
      [GC Worker Start (ms): Min: 121335.0, Avg: 121335.1, Max: 121335.2, Diff: 0.2]
      [Ext Root Scanning (ms): Min: 0.0, Avg: 0.1, Max: 0.3, Diff: 0.3, Sum: 0.9]
      [Update RS (ms): Min: 20.7, Avg: 20.9, Max: 21.0, Diff: 0.3, Sum: 167.3]
         [Processed Buffers: Min: 7, Avg: 20.0, Max: 26, Diff: 19, Sum: 160]
      [Scan RS (ms): Min: 11.5, Avg: 11.7, Max: 12.5, Diff: 1.0, Sum: 93.8]
      [Code Root Scanning (ms): Min: 0.0, Avg: 0.0, Max: 0.0, Diff: 0.0, Sum: 0.0]
      [Object Copy (ms): Min: 169.2, Avg: 169.9, Max: 170.2, Diff: 0.9, Sum: 1358.9]
      [Termination (ms): Min: 0.0, Avg: 0.3, Max: 0.5, Diff: 0.4, Sum: 2.1]
         [Termination Attempts: Min: 1, Avg: 1164.3, Max: 1699, Diff: 1698, Sum: 9314]
      [GC Worker Other (ms): Min: 0.0, Avg: 0.0, Max: 0.0, Diff: 0.0, Sum: 0.1]
      [GC Worker Total (ms): Min: 202.8, Avg: 202.9, Max: 203.0, Diff: 0.3, Sum: 1623.1]
      [GC Worker End (ms): Min: 121537.9, Avg: 121538.0, Max: 121538.1, Diff: 0.2]
   [Code Root Fixup: 0.0 ms]
   [Code Root Purge: 0.0 ms]
   [Clear CT: 0.2 ms]
   [Other: 1.0 ms]
      [Choose CSet: 0.0 ms]
      [Ref Proc: 0.2 ms]
      [Ref Enq: 0.0 ms]
      [Redirty Cards: 0.2 ms]
      [Humongous Register: 0.0 ms]
      [Humongous Reclaim: 0.0 ms]
      [Free CSet: 0.2 ms]
   [Eden: 228.0M(228.0M)->0.0B(211.0M) Survivors: 31.0M->33.0M Heap: 533.3M(2048.0M)->535.3M(2048.0M)]
 [Times: user=1.30 sys=0.00, real=0.20 secs] 
2020-09-29T12:22:41.517+0200: 121.673: [GC pause (G1 Evacuation Pause) (young), 0.1691039 secs]
   [Parallel Time: 168.0 ms, GC Workers: 8]
      [GC Worker Start (ms): Min: 121672.6, Avg: 121672.7, Max: 121672.8, Diff: 0.2]
      [Ext Root Scanning (ms): Min: 0.0, Avg: 0.1, Max: 0.2, Diff: 0.2, Sum: 0.6]
      [Update RS (ms): Min: 18.5, Avg: 19.6, Max: 26.4, Diff: 7.9, Sum: 157.2]
         [Processed Buffers: Min: 0, Avg: 15.0, Max: 19, Diff: 19, Sum: 120]
      [Scan RS (ms): Min: 7.8, Avg: 14.5, Max: 15.6, Diff: 7.9, Sum: 116.4]
      [Code Root Scanning (ms): Min: 0.0, Avg: 0.0, Max: 0.0, Diff: 0.0, Sum: 0.0]
      [Object Copy (ms): Min: 133.4, Avg: 133.5, Max: 133.5, Diff: 0.1, Sum: 1067.8]
      [Termination (ms): Min: 0.0, Avg: 0.0, Max: 0.0, Diff: 0.0, Sum: 0.3]
         [Termination Attempts: Min: 1, Avg: 275.8, Max: 341, Diff: 340, Sum: 2206]
      [GC Worker Other (ms): Min: 0.0, Avg: 0.0, Max: 0.1, Diff: 0.0, Sum: 0.3]
      [GC Worker Total (ms): Min: 167.7, Avg: 167.8, Max: 167.9, Diff: 0.2, Sum: 1342.7]
      [GC Worker End (ms): Min: 121840.6, Avg: 121840.6, Max: 121840.6, Diff: 0.0]
   [Code Root Fixup: 0.0 ms]
   [Code Root Purge: 0.0 ms]
   [Clear CT: 0.2 ms]
   [Other: 0.9 ms]
      [Choose CSet: 0.0 ms]
      [Ref Proc: 0.2 ms]
      [Ref Enq: 0.0 ms]
      [Redirty Cards: 0.2 ms]
      [Humongous Register: 0.0 ms]
      [Humongous Reclaim: 0.0 ms]
      [Free CSet: 0.3 ms]
   [Eden: 211.0M(211.0M)->0.0B(215.0M) Survivors: 33.0M->31.0M Heap: 780.6M(2048.0M)->782.1M(2048.0M)]
 [Times: user=1.20 sys=0.02, real=0.17 secs] 
2020-09-29T12:22:41.836+0200: 121.991: [GC pause (G1 Evacuation Pause) (young), 0.1847184 secs]
   [Parallel Time: 183.5 ms, GC Workers: 8]
      [GC Worker Start (ms): Min: 121990.9, Avg: 121991.0, Max: 121991.1, Diff: 0.2]
      [Ext Root Scanning (ms): Min: 0.0, Avg: 0.1, Max: 0.2, Diff: 0.2, Sum: 0.6]
      [Update RS (ms): Min: 19.1, Avg: 19.3, Max: 20.0, Diff: 0.8, Sum: 154.4]
         [Processed Buffers: Min: 16, Avg: 17.9, Max: 20, Diff: 4, Sum: 143]
      [Scan RS (ms): Min: 14.0, Avg: 17.8, Max: 43.6, Diff: 29.6, Sum: 142.6]
      [Code Root Scanning (ms): Min: 0.0, Avg: 0.0, Max: 0.0, Diff: 0.0, Sum: 0.0]
      [Object Copy (ms): Min: 119.3, Avg: 145.7, Max: 149.7, Diff: 30.4, Sum: 1165.3]
      [Termination (ms): Min: 0.1, Avg: 0.3, Max: 0.5, Diff: 0.4, Sum: 2.5]
         [Termination Attempts: Min: 1, Avg: 1655.8, Max: 2398, Diff: 2397, Sum: 13246]
      [GC Worker Other (ms): Min: 0.0, Avg: 0.0, Max: 0.0, Diff: 0.0, Sum: 0.1]
      [GC Worker Total (ms): Min: 183.1, Avg: 183.2, Max: 183.3, Diff: 0.1, Sum: 1465.5]
      [GC Worker End (ms): Min: 122174.2, Avg: 122174.2, Max: 122174.2, Diff: 0.0]
   [Code Root Fixup: 0.0 ms]
   [Code Root Purge: 0.0 ms]
   [Clear CT: 0.2 ms]
   [Other: 1.0 ms]
      [Choose CSet: 0.0 ms]
      [Ref Proc: 0.2 ms]
      [Ref Enq: 0.0 ms]
      [Redirty Cards: 0.3 ms]
      [Humongous Register: 0.0 ms]
      [Humongous Reclaim: 0.0 ms]
      [Free CSet: 0.3 ms]
   [Eden: 215.0M(215.0M)->0.0B(209.0M) Survivors: 31.0M->31.0M Heap: 1033.4M(2048.0M)->1034.4M(2048.0M)]
 [Times: user=1.23 sys=0.00, real=0.18 secs] 
2020-09-29T12:22:42.032+0200: 122.187: [GC pause (G1 Humongous Allocation) (young) (initial-mark), 0.0506903 secs]
   [Parallel Time: 49.8 ms, GC Workers: 8]
      [GC Worker Start (ms): Min: 122187.2, Avg: 122187.3, Max: 122187.4, Diff: 0.2]
      [Ext Root Scanning (ms): Min: 0.0, Avg: 0.5, Max: 2.6, Diff: 2.6, Sum: 3.9]
      [Update RS (ms): Min: 24.4, Avg: 26.7, Max: 27.1, Diff: 2.7, Sum: 213.5]
         [Processed Buffers: Min: 27, Avg: 30.0, Max: 32, Diff: 5, Sum: 240]
      [Scan RS (ms): Min: 2.3, Avg: 2.4, Max: 2.5, Diff: 0.2, Sum: 19.2]
      [Code Root Scanning (ms): Min: 0.0, Avg: 0.0, Max: 0.0, Diff: 0.0, Sum: 0.0]
      [Object Copy (ms): Min: 19.9, Avg: 20.0, Max: 20.0, Diff: 0.1, Sum: 159.7]
      [Termination (ms): Min: 0.0, Avg: 0.0, Max: 0.1, Diff: 0.1, Sum: 0.4]
         [Termination Attempts: Min: 1, Avg: 83.8, Max: 117, Diff: 116, Sum: 670]
      [GC Worker Other (ms): Min: 0.0, Avg: 0.0, Max: 0.0, Diff: 0.0, Sum: 0.1]
      [GC Worker Total (ms): Min: 49.5, Avg: 49.6, Max: 49.7, Diff: 0.2, Sum: 396.9]
      [GC Worker End (ms): Min: 122236.9, Avg: 122236.9, Max: 122236.9, Diff: 0.0]
   [Code Root Fixup: 0.0 ms]
   [Code Root Purge: 0.0 ms]
   [Clear CT: 0.1 ms]
   [Other: 0.8 ms]
      [Choose CSet: 0.0 ms]
      [Ref Proc: 0.1 ms]
      [Ref Enq: 0.0 ms]
      [Redirty Cards: 0.2 ms]
      [Humongous Register: 0.1 ms]
      [Humongous Reclaim: 0.0 ms]
      [Free CSet: 0.1 ms]
   [Eden: 9216.0K(209.0M)->0.0B(244.0M) Survivors: 31.0M->11.0M Heap: 1042.9M(2048.0M)->1046.4M(2048.0M)]
 [Times: user=0.39 sys=0.00, real=0.05 secs] 
2020-09-29T12:22:42.083+0200: 122.238: [GC concurrent-root-region-scan-start]
2020-09-29T12:22:42.085+0200: 122.240: [GC concurrent-root-region-scan-end, 0.0025063 secs]
2020-09-29T12:22:42.085+0200: 122.240: [GC concurrent-mark-start]
2020-09-29T12:22:42.090+0200: 122.245: [GC concurrent-mark-end, 0.0036806 secs]
2020-09-29T12:22:42.090+0200: 122.245: [GC remark 2020-09-29T12:22:42.090+0200: 122.245: [Finalize Marking, 0.0002794 secs] 2020-09-29T12:22:42.090+0200: 122.245: [GC ref-proc, 0.0004891 secs] 2020-09-29T12:22:42.091+0200: 122.246: [Unloading, 0.0006141 secs], 0.0017746 secs]
 [Times: user=0.00 sys=0.00, real=0.00 secs] 
2020-09-29T12:22:42.092+0200: 122.247: [GC cleanup 1062M->34M(2048M), 0.0015104 secs]
 [Times: user=0.00 sys=0.00, real=0.00 secs] 
2020-09-29T12:22:42.094+0200: 122.249: [GC concurrent-cleanup-start]
2020-09-29T12:22:42.096+0200: 122.251: [GC concurrent-cleanup-end, 0.0020079 secs]
2020-09-29T12:22:42.246+0200: 122.401: [GC pause (G1 Evacuation Pause) (young), 0.1369857 secs]
   [Parallel Time: 135.8 ms, GC Workers: 8]
      [GC Worker Start (ms): Min: 122401.6, Avg: 122402.3, Max: 122406.7, Diff: 5.1]
      [Ext Root Scanning (ms): Min: 0.0, Avg: 0.1, Max: 0.2, Diff: 0.2, Sum: 0.6]
      [Update RS (ms): Min: 14.2, Avg: 18.4, Max: 19.1, Diff: 4.9, Sum: 147.6]
         [Processed Buffers: Min: 13, Avg: 18.3, Max: 21, Diff: 8, Sum: 146]
      [Scan RS (ms): Min: 10.4, Avg: 10.4, Max: 10.5, Diff: 0.1, Sum: 83.4]
      [Code Root Scanning (ms): Min: 0.0, Avg: 0.0, Max: 0.0, Diff: 0.0, Sum: 0.0]
      [Object Copy (ms): Min: 105.9, Avg: 105.9, Max: 106.0, Diff: 0.1, Sum: 847.6]
      [Termination (ms): Min: 0.0, Avg: 0.0, Max: 0.0, Diff: 0.0, Sum: 0.1]
         [Termination Attempts: Min: 1, Avg: 85.8, Max: 111, Diff: 110, Sum: 686]
      [GC Worker Other (ms): Min: 0.0, Avg: 0.0, Max: 0.1, Diff: 0.0, Sum: 0.2]
      [GC Worker Total (ms): Min: 130.5, Avg: 134.9, Max: 135.7, Diff: 5.2, Sum: 1079.5]
      [GC Worker End (ms): Min: 122537.3, Avg: 122537.3, Max: 122537.3, Diff: 0.0]
   [Code Root Fixup: 0.0 ms]
   [Code Root Purge: 0.0 ms]
   [Clear CT: 0.3 ms]
   [Other: 0.9 ms]
      [Choose CSet: 0.0 ms]
      [Ref Proc: 0.2 ms]
      [Ref Enq: 0.0 ms]
      [Redirty Cards: 0.2 ms]
      [Humongous Register: 0.0 ms]
      [Humongous Reclaim: 0.0 ms]
      [Free CSet: 0.2 ms]
   [Eden: 244.0M(244.0M)->0.0B(244.0M) Survivors: 11.0M->32.0M Heap: 304.5M(2048.0M)->297.0M(2048.0M)]
 [Times: user=1.11 sys=0.02, real=0.14 secs] 
2020-09-29T12:22:42.536+0200: 122.691: [GC pause (G1 Evacuation Pause) (young), 0.1590294 secs]
   [Parallel Time: 157.9 ms, GC Workers: 8]
      [GC Worker Start (ms): Min: 122691.2, Avg: 122691.3, Max: 122691.4, Diff: 0.2]
      [Ext Root Scanning (ms): Min: 0.0, Avg: 0.1, Max: 0.2, Diff: 0.2, Sum: 0.5]
      [Update RS (ms): Min: 20.0, Avg: 20.2, Max: 20.5, Diff: 0.5, Sum: 161.5]
         [Processed Buffers: Min: 17, Avg: 18.6, Max: 21, Diff: 4, Sum: 149]
      [Scan RS (ms): Min: 14.3, Avg: 14.6, Max: 14.7, Diff: 0.4, Sum: 116.6]
      [Code Root Scanning (ms): Min: 0.0, Avg: 0.0, Max: 0.0, Diff: 0.0, Sum: 0.0]
      [Object Copy (ms): Min: 122.7, Avg: 122.8, Max: 122.9, Diff: 0.2, Sum: 982.3]
      [Termination (ms): Min: 0.0, Avg: 0.1, Max: 0.1, Diff: 0.1, Sum: 0.4]
         [Termination Attempts: Min: 1, Avg: 325.9, Max: 407, Diff: 406, Sum: 2607]
      [GC Worker Other (ms): Min: 0.0, Avg: 0.0, Max: 0.1, Diff: 0.1, Sum: 0.3]
      [GC Worker Total (ms): Min: 157.7, Avg: 157.7, Max: 157.8, Diff: 0.1, Sum: 1261.8]
      [GC Worker End (ms): Min: 122849.0, Avg: 122849.1, Max: 122849.1, Diff: 0.1]
   [Code Root Fixup: 0.0 ms]
   [Code Root Purge: 0.0 ms]
   [Clear CT: 0.2 ms]
   [Other: 0.9 ms]
      [Choose CSet: 0.0 ms]
      [Ref Proc: 0.2 ms]
      [Ref Enq: 0.0 ms]
      [Redirty Cards: 0.2 ms]
      [Humongous Register: 0.0 ms]
      [Humongous Reclaim: 0.0 ms]
      [Free CSet: 0.3 ms]
   [Eden: 244.0M(244.0M)->0.0B(248.0M) Survivors: 32.0M->35.0M Heap: 581.0M(2048.0M)->582.5M(2048.0M)]
 [Times: user=1.22 sys=0.00, real=0.16 secs] 
2020-09-29T12:22:42.828+0200: 122.984: [GC pause (G1 Evacuation Pause) (young), 0.1534719 secs]
   [Parallel Time: 152.4 ms, GC Workers: 8]
      [GC Worker Start (ms): Min: 122983.6, Avg: 122983.7, Max: 122983.8, Diff: 0.1]
      [Ext Root Scanning (ms): Min: 0.0, Avg: 0.1, Max: 0.1, Diff: 0.1, Sum: 0.6]
      [Update RS (ms): Min: 14.4, Avg: 14.6, Max: 15.1, Diff: 0.7, Sum: 116.8]
         [Processed Buffers: Min: 14, Avg: 15.8, Max: 18, Diff: 4, Sum: 126]
      [Scan RS (ms): Min: 14.7, Avg: 15.2, Max: 15.4, Diff: 0.8, Sum: 121.8]
      [Code Root Scanning (ms): Min: 0.0, Avg: 0.0, Max: 0.0, Diff: 0.0, Sum: 0.0]
      [Object Copy (ms): Min: 122.0, Avg: 122.1, Max: 122.3, Diff: 0.3, Sum: 976.4]
      [Termination (ms): Min: 0.0, Avg: 0.2, Max: 0.3, Diff: 0.3, Sum: 1.5]
         [Termination Attempts: Min: 1, Avg: 1182.1, Max: 1752, Diff: 1751, Sum: 9457]
      [GC Worker Other (ms): Min: 0.0, Avg: 0.0, Max: 0.1, Diff: 0.1, Sum: 0.3]
      [GC Worker Total (ms): Min: 152.1, Avg: 152.2, Max: 152.3, Diff: 0.2, Sum: 1217.4]
      [GC Worker End (ms): Min: 123135.9, Avg: 123135.9, Max: 123135.9, Diff: 0.1]
   [Code Root Fixup: 0.0 ms]
   [Code Root Purge: 0.0 ms]
   [Clear CT: 0.2 ms]
   [Other: 0.9 ms]
      [Choose CSet: 0.0 ms]
      [Ref Proc: 0.3 ms]
      [Ref Enq: 0.0 ms]
      [Redirty Cards: 0.3 ms]
      [Humongous Register: 0.0 ms]
      [Humongous Reclaim: 0.0 ms]
      [Free CSet: 0.2 ms]
   [Eden: 248.0M(248.0M)->0.0B(256.0M) Survivors: 35.0M->36.0M Heap: 872.5M(2048.0M)->874.5M(2048.0M)]
 [Times: user=1.25 sys=0.00, real=0.15 secs] 
2020-09-29T12:22:43.109+0200: 123.264: [GC pause (G1 Evacuation Pause) (young), 0.1558871 secs]
   [Parallel Time: 154.9 ms, GC Workers: 8]
      [GC Worker Start (ms): Min: 123263.9, Avg: 123263.9, Max: 123264.0, Diff: 0.2]
      [Ext Root Scanning (ms): Min: 0.0, Avg: 0.1, Max: 0.2, Diff: 0.2, Sum: 0.7]
      [Update RS (ms): Min: 16.0, Avg: 16.1, Max: 16.4, Diff: 0.4, Sum: 128.9]
         [Processed Buffers: Min: 14, Avg: 16.3, Max: 19, Diff: 5, Sum: 130]
      [Scan RS (ms): Min: 16.8, Avg: 17.1, Max: 17.2, Diff: 0.4, Sum: 136.9]
      [Code Root Scanning (ms): Min: 0.0, Avg: 0.0, Max: 0.0, Diff: 0.0, Sum: 0.0]
      [Object Copy (ms): Min: 121.2, Avg: 121.3, Max: 121.4, Diff: 0.1, Sum: 970.3]
      [Termination (ms): Min: 0.0, Avg: 0.1, Max: 0.1, Diff: 0.1, Sum: 0.4]
         [Termination Attempts: Min: 1, Avg: 387.3, Max: 482, Diff: 481, Sum: 3098]
      [GC Worker Other (ms): Min: 0.0, Avg: 0.0, Max: 0.1, Diff: 0.0, Sum: 0.2]
      [GC Worker Total (ms): Min: 154.6, Avg: 154.7, Max: 154.8, Diff: 0.1, Sum: 1237.5]
      [GC Worker End (ms): Min: 123418.6, Avg: 123418.6, Max: 123418.7, Diff: 0.0]
   [Code Root Fixup: 0.0 ms]
   [Code Root Purge: 0.0 ms]
   [Clear CT: 0.2 ms]
   [Other: 0.8 ms]
      [Choose CSet: 0.0 ms]
      [Ref Proc: 0.1 ms]
      [Ref Enq: 0.0 ms]
      [Redirty Cards: 0.2 ms]
      [Humongous Register: 0.1 ms]
      [Humongous Reclaim: 0.0 ms]
      [Free CSet: 0.3 ms]
   [Eden: 256.0M(256.0M)->0.0B(267.0M) Survivors: 36.0M->37.0M Heap: 1172.4M(2048.0M)->1174.4M(2048.0M)]
 [Times: user=1.25 sys=0.00, real=0.16 secs] 
2020-09-29T12:22:43.271+0200: 123.427: [GC pause (G1 Humongous Allocation) (young) (initial-mark), 0.0553597 secs]
   [Parallel Time: 54.3 ms, GC Workers: 8]
      [GC Worker Start (ms): Min: 123426.8, Avg: 123426.8, Max: 123426.9, Diff: 0.2]
      [Ext Root Scanning (ms): Min: 0.0, Avg: 0.2, Max: 0.3, Diff: 0.3, Sum: 1.3]
      [Update RS (ms): Min: 32.7, Avg: 32.8, Max: 33.4, Diff: 0.7, Sum: 262.8]
         [Processed Buffers: Min: 35, Avg: 39.3, Max: 42, Diff: 7, Sum: 314]
      [Scan RS (ms): Min: 2.1, Avg: 2.7, Max: 2.8, Diff: 0.8, Sum: 21.4]
      [Code Root Scanning (ms): Min: 0.0, Avg: 0.0, Max: 0.0, Diff: 0.0, Sum: 0.0]
      [Object Copy (ms): Min: 18.3, Avg: 18.4, Max: 18.4, Diff: 0.1, Sum: 146.8]
      [Termination (ms): Min: 0.0, Avg: 0.0, Max: 0.0, Diff: 0.0, Sum: 0.2]
         [Termination Attempts: Min: 1, Avg: 144.3, Max: 201, Diff: 200, Sum: 1154]
      [GC Worker Other (ms): Min: 0.0, Avg: 0.0, Max: 0.0, Diff: 0.0, Sum: 0.1]
      [GC Worker Total (ms): Min: 54.0, Avg: 54.1, Max: 54.1, Diff: 0.2, Sum: 432.6]
      [GC Worker End (ms): Min: 123480.9, Avg: 123480.9, Max: 123480.9, Diff: 0.0]
   [Code Root Fixup: 0.0 ms]
   [Code Root Purge: 0.0 ms]
   [Clear CT: 0.1 ms]
   [Other: 0.9 ms]
      [Choose CSet: 0.0 ms]
      [Ref Proc: 0.2 ms]
      [Ref Enq: 0.0 ms]
      [Redirty Cards: 0.4 ms]
      [Humongous Register: 0.1 ms]
      [Humongous Reclaim: 0.0 ms]
      [Free CSet: 0.0 ms]
   [Eden: 4096.0K(267.0M)->0.0B(303.0M) Survivors: 37.0M->6144.0K Heap: 1178.4M(2048.0M)->1182.4M(2048.0M)]
 [Times: user=0.38 sys=0.00, real=0.06 secs] 
2020-09-29T12:22:43.327+0200: 123.482: [GC concurrent-root-region-scan-start]
2020-09-29T12:22:43.328+0200: 123.483: [GC concurrent-root-region-scan-end, 0.0010299 secs]
2020-09-29T12:22:43.328+0200: 123.483: [GC concurrent-mark-start]
2020-09-29T12:22:43.332+0200: 123.487: [GC concurrent-mark-end, 0.0040152 secs]
2020-09-29T12:22:43.332+0200: 123.487: [GC remark 2020-09-29T12:22:43.332+0200: 123.487: [Finalize Marking, 0.0023245 secs] 2020-09-29T12:22:43.335+0200: 123.490: [GC ref-proc, 0.0002878 secs] 2020-09-29T12:22:43.335+0200: 123.490: [Unloading, 0.0004278 secs], 0.0033883 secs]
 [Times: user=0.03 sys=0.00, real=0.00 secs] 
2020-09-29T12:22:43.336+0200: 123.491: [GC cleanup 1195M->26M(2048M), 0.0013857 secs]
 [Times: user=0.00 sys=0.00, real=0.00 secs] 
2020-09-29T12:22:43.337+0200: 123.493: [GC concurrent-cleanup-start]
2020-09-29T12:22:43.339+0200: 123.494: [GC concurrent-cleanup-end, 0.0018605 secs]
2020-09-29T12:22:43.483+0200: 123.638: [GC pause (G1 Evacuation Pause) (young), 0.1631647 secs]
   [Parallel Time: 161.7 ms, GC Workers: 8]
      [GC Worker Start (ms): Min: 123638.2, Avg: 123638.3, Max: 123638.4, Diff: 0.1]
      [Ext Root Scanning (ms): Min: 0.0, Avg: 0.1, Max: 0.1, Diff: 0.1, Sum: 0.6]
      [Update RS (ms): Min: 15.3, Avg: 15.4, Max: 15.6, Diff: 0.4, Sum: 122.9]
         [Processed Buffers: Min: 12, Avg: 16.8, Max: 18, Diff: 6, Sum: 134]
      [Scan RS (ms): Min: 16.0, Avg: 16.3, Max: 16.6, Diff: 0.6, Sum: 130.5]
      [Code Root Scanning (ms): Min: 0.0, Avg: 0.0, Max: 0.0, Diff: 0.0, Sum: 0.0]
      [Object Copy (ms): Min: 129.6, Avg: 129.7, Max: 129.8, Diff: 0.2, Sum: 1037.7]
      [Termination (ms): Min: 0.0, Avg: 0.0, Max: 0.1, Diff: 0.1, Sum: 0.3]
         [Termination Attempts: Min: 1, Avg: 45.1, Max: 63, Diff: 62, Sum: 361]
      [GC Worker Other (ms): Min: 0.0, Avg: 0.0, Max: 0.0, Diff: 0.0, Sum: 0.2]
      [GC Worker Total (ms): Min: 161.5, Avg: 161.5, Max: 161.6, Diff: 0.1, Sum: 1292.2]
      [GC Worker End (ms): Min: 123799.8, Avg: 123799.8, Max: 123799.9, Diff: 0.0]
   [Code Root Fixup: 0.0 ms]
   [Code Root Purge: 0.0 ms]
   [Clear CT: 0.2 ms]
   [Other: 1.2 ms]
      [Choose CSet: 0.0 ms]
      [Ref Proc: 0.2 ms]
      [Ref Enq: 0.0 ms]
      [Redirty Cards: 0.2 ms]
      [Humongous Register: 0.0 ms]
      [Humongous Reclaim: 0.0 ms]
      [Free CSet: 0.4 ms]
   [Eden: 303.0M(303.0M)->0.0B(280.0M) Survivors: 6144.0K->39.0M Heap: 368.5M(2048.0M)->364.5M(2048.0M)]
 [Times: user=1.33 sys=0.00, real=0.16 secs] 
2020-09-29T12:22:43.826+0200: 123.981: [GC pause (G1 Evacuation Pause) (young), 0.1840999 secs]
   [Parallel Time: 183.1 ms, GC Workers: 8]
      [GC Worker Start (ms): Min: 123981.5, Avg: 123981.6, Max: 123981.7, Diff: 0.2]
      [Ext Root Scanning (ms): Min: 0.0, Avg: 0.1, Max: 0.2, Diff: 0.2, Sum: 0.5]
      [Update RS (ms): Min: 19.9, Avg: 20.3, Max: 20.8, Diff: 0.9, Sum: 162.2]
         [Processed Buffers: Min: 17, Avg: 18.3, Max: 19, Diff: 2, Sum: 146]
      [Scan RS (ms): Min: 19.2, Avg: 19.8, Max: 20.2, Diff: 1.0, Sum: 158.1]
      [Code Root Scanning (ms): Min: 0.0, Avg: 0.0, Max: 0.0, Diff: 0.0, Sum: 0.0]
      [Object Copy (ms): Min: 142.5, Avg: 142.6, Max: 142.7, Diff: 0.3, Sum: 1141.1]
      [Termination (ms): Min: 0.0, Avg: 0.1, Max: 0.1, Diff: 0.1, Sum: 0.6]
         [Termination Attempts: Min: 1, Avg: 564.4, Max: 691, Diff: 690, Sum: 4515]
      [GC Worker Other (ms): Min: 0.0, Avg: 0.0, Max: 0.1, Diff: 0.0, Sum: 0.3]
      [GC Worker Total (ms): Min: 182.8, Avg: 182.9, Max: 183.0, Diff: 0.2, Sum: 1462.8]
      [GC Worker End (ms): Min: 124164.5, Avg: 124164.5, Max: 124164.5, Diff: 0.0]
   [Code Root Fixup: 0.0 ms]
   [Code Root Purge: 0.0 ms]
   [Clear CT: 0.1 ms]
   [Other: 0.9 ms]
      [Choose CSet: 0.0 ms]
      [Ref Proc: 0.1 ms]
      [Ref Enq: 0.0 ms]
      [Redirty Cards: 0.2 ms]
      [Humongous Register: 0.0 ms]
      [Humongous Reclaim: 0.0 ms]
      [Free CSet: 0.3 ms]
   [Eden: 280.0M(280.0M)->0.0B(267.0M) Survivors: 39.0M->40.0M Heap: 690.3M(2048.0M)->692.3M(2048.0M)]
 [Times: user=1.47 sys=0.01, real=0.18 secs] 
2020-09-29T12:22:44.170+0200: 124.325: [GC pause (G1 Evacuation Pause) (young), 0.1850498 secs]
   [Parallel Time: 184.0 ms, GC Workers: 8]
      [GC Worker Start (ms): Min: 124325.3, Avg: 124325.4, Max: 124325.4, Diff: 0.2]
      [Ext Root Scanning (ms): Min: 0.0, Avg: 0.1, Max: 0.2, Diff: 0.2, Sum: 0.6]
      [Update RS (ms): Min: 22.0, Avg: 22.2, Max: 22.8, Diff: 0.7, Sum: 177.6]
         [Processed Buffers: Min: 18, Avg: 19.6, Max: 24, Diff: 6, Sum: 157]
      [Scan RS (ms): Min: 18.6, Avg: 19.2, Max: 19.8, Diff: 1.2, Sum: 153.8]
      [Code Root Scanning (ms): Min: 0.0, Avg: 0.0, Max: 0.1, Diff: 0.1, Sum: 0.1]
      [Object Copy (ms): Min: 141.3, Avg: 142.1, Max: 142.4, Diff: 1.1, Sum: 1137.0]
      [Termination (ms): Min: 0.0, Avg: 0.1, Max: 0.1, Diff: 0.1, Sum: 0.9]
         [Termination Attempts: Min: 1, Avg: 816.0, Max: 1034, Diff: 1033, Sum: 6528]
      [GC Worker Other (ms): Min: 0.0, Avg: 0.0, Max: 0.1, Diff: 0.1, Sum: 0.3]
      [GC Worker Total (ms): Min: 183.7, Avg: 183.8, Max: 183.9, Diff: 0.2, Sum: 1470.3]
      [GC Worker End (ms): Min: 124509.1, Avg: 124509.2, Max: 124509.2, Diff: 0.1]
   [Code Root Fixup: 0.0 ms]
   [Code Root Purge: 0.0 ms]
   [Clear CT: 0.1 ms]
   [Other: 0.9 ms]
      [Choose CSet: 0.0 ms]
      [Ref Proc: 0.1 ms]
      [Ref Enq: 0.0 ms]
      [Redirty Cards: 0.3 ms]
      [Humongous Register: 0.0 ms]
      [Humongous Reclaim: 0.0 ms]
      [Free CSet: 0.3 ms]
   [Eden: 267.0M(267.0M)->0.0B(258.0M) Survivors: 40.0M->39.0M Heap: 1005.1M(2048.0M)->1007.6M(2048.0M)]
 [Times: user=1.45 sys=0.02, real=0.18 secs] 
2020-09-29T12:22:44.376+0200: 124.531: [GC pause (G1 Humongous Allocation) (young) (initial-mark), 0.0427217 secs]
   [Parallel Time: 41.9 ms, GC Workers: 8]
      [GC Worker Start (ms): Min: 124531.3, Avg: 124531.3, Max: 124531.4, Diff: 0.1]
      [Ext Root Scanning (ms): Min: 0.0, Avg: 0.2, Max: 0.4, Diff: 0.4, Sum: 1.2]
      [Update RS (ms): Min: 18.1, Avg: 18.5, Max: 18.8, Diff: 0.7, Sum: 147.8]
         [Processed Buffers: Min: 19, Avg: 22.3, Max: 25, Diff: 6, Sum: 178]
      [Scan RS (ms): Min: 2.6, Avg: 2.8, Max: 3.2, Diff: 0.6, Sum: 22.7]
      [Code Root Scanning (ms): Min: 0.0, Avg: 0.0, Max: 0.0, Diff: 0.0, Sum: 0.0]
      [Object Copy (ms): Min: 20.3, Avg: 20.3, Max: 20.4, Diff: 0.1, Sum: 162.6]
      [Termination (ms): Min: 0.0, Avg: 0.0, Max: 0.0, Diff: 0.0, Sum: 0.0]
         [Termination Attempts: Min: 1, Avg: 24.4, Max: 35, Diff: 34, Sum: 195]
      [GC Worker Other (ms): Min: 0.0, Avg: 0.0, Max: 0.0, Diff: 0.0, Sum: 0.1]
      [GC Worker Total (ms): Min: 41.7, Avg: 41.8, Max: 41.9, Diff: 0.1, Sum: 334.5]
      [GC Worker End (ms): Min: 124573.1, Avg: 124573.1, Max: 124573.1, Diff: 0.0]
   [Code Root Fixup: 0.0 ms]
   [Code Root Purge: 0.0 ms]
   [Clear CT: 0.2 ms]
   [Other: 0.6 ms]
      [Choose CSet: 0.0 ms]
      [Ref Proc: 0.2 ms]
      [Ref Enq: 0.0 ms]
      [Redirty Cards: 0.2 ms]
      [Humongous Register: 0.0 ms]
      [Humongous Reclaim: 0.0 ms]
      [Free CSet: 0.1 ms]
   [Eden: 9216.0K(258.0M)->0.0B(314.0M) Survivors: 39.0M->11.0M Heap: 1016.1M(2048.0M)->1019.6M(2048.0M)]
 [Times: user=0.33 sys=0.00, real=0.04 secs] 
2020-09-29T12:22:44.419+0200: 124.574: [GC concurrent-root-region-scan-start]
2020-09-29T12:22:44.421+0200: 124.576: [GC concurrent-root-region-scan-end, 0.0017816 secs]
2020-09-29T12:22:44.421+0200: 124.576: [GC concurrent-mark-start]
2020-09-29T12:22:44.424+0200: 124.579: [GC concurrent-mark-end, 0.0033510 secs]
2020-09-29T12:22:44.424+0200: 124.579: [GC remark 2020-09-29T12:22:44.424+0200: 124.579: [Finalize Marking, 0.0012394 secs] 2020-09-29T12:22:44.425+0200: 124.581: [GC ref-proc, 0.0003009 secs] 2020-09-29T12:22:44.426+0200: 124.581: [Unloading, 0.0004177 secs], 0.0023517 secs]
 [Times: user=0.00 sys=0.02, real=0.00 secs] 
2020-09-29T12:22:44.427+0200: 124.582: [GC cleanup 1031M->30M(2048M), 0.0011533 secs]
 [Times: user=0.00 sys=0.00, real=0.00 secs] 
2020-09-29T12:22:44.428+0200: 124.583: [GC concurrent-cleanup-start]
2020-09-29T12:22:44.429+0200: 124.584: [GC concurrent-cleanup-end, 0.0012855 secs]
2020-09-29T12:22:44.587+0200: 124.742: [GC pause (G1 Evacuation Pause) (young), 0.1910649 secs]
   [Parallel Time: 189.9 ms, GC Workers: 8]
      [GC Worker Start (ms): Min: 124742.3, Avg: 124742.5, Max: 124743.7, Diff: 1.4]
      [Ext Root Scanning (ms): Min: 0.0, Avg: 0.1, Max: 0.1, Diff: 0.1, Sum: 0.6]
      [Update RS (ms): Min: 14.1, Avg: 14.9, Max: 15.2, Diff: 1.1, Sum: 119.4]
         [Processed Buffers: Min: 15, Avg: 15.9, Max: 18, Diff: 3, Sum: 127]
      [Scan RS (ms): Min: 19.5, Avg: 19.9, Max: 20.3, Diff: 0.8, Sum: 159.1]
      [Code Root Scanning (ms): Min: 0.0, Avg: 0.0, Max: 0.0, Diff: 0.0, Sum: 0.0]
      [Object Copy (ms): Min: 154.2, Avg: 154.7, Max: 154.8, Diff: 0.7, Sum: 1237.5]
      [Termination (ms): Min: 0.0, Avg: 0.0, Max: 0.0, Diff: 0.0, Sum: 0.2]
         [Termination Attempts: Min: 1, Avg: 169.3, Max: 219, Diff: 218, Sum: 1354]
      [GC Worker Other (ms): Min: 0.0, Avg: 0.0, Max: 0.1, Diff: 0.1, Sum: 0.3]
      [GC Worker Total (ms): Min: 188.5, Avg: 189.6, Max: 189.8, Diff: 1.4, Sum: 1517.1]
      [GC Worker End (ms): Min: 124932.1, Avg: 124932.1, Max: 124932.2, Diff: 0.1]
   [Code Root Fixup: 0.0 ms]
   [Code Root Purge: 0.0 ms]
   [Clear CT: 0.2 ms]
   [Other: 1.0 ms]
      [Choose CSet: 0.0 ms]
      [Ref Proc: 0.2 ms]
      [Ref Enq: 0.0 ms]
      [Redirty Cards: 0.3 ms]
      [Humongous Register: 0.0 ms]
      [Humongous Reclaim: 0.0 ms]
      [Free CSet: 0.2 ms]
   [Eden: 314.0M(314.0M)->0.0B(271.0M) Survivors: 11.0M->41.0M Heap: 385.9M(2048.0M)->376.9M(2048.0M)]
 [Times: user=1.41 sys=0.00, real=0.19 secs] 
2020-09-29T12:22:44.960+0200: 125.115: [GC pause (G1 Evacuation Pause) (young), 0.2086612 secs]
   [Parallel Time: 207.5 ms, GC Workers: 8]
      [GC Worker Start (ms): Min: 125115.6, Avg: 125115.7, Max: 125115.8, Diff: 0.2]
      [Ext Root Scanning (ms): Min: 0.0, Avg: 0.1, Max: 0.3, Diff: 0.3, Sum: 0.6]
      [Update RS (ms): Min: 25.0, Avg: 25.3, Max: 25.7, Diff: 0.7, Sum: 202.2]
         [Processed Buffers: Min: 20, Avg: 23.0, Max: 26, Diff: 6, Sum: 184]
      [Scan RS (ms): Min: 17.5, Avg: 18.1, Max: 19.2, Diff: 1.8, Sum: 145.0]
      [Code Root Scanning (ms): Min: 0.0, Avg: 0.0, Max: 0.0, Diff: 0.0, Sum: 0.0]
      [Object Copy (ms): Min: 162.7, Avg: 163.7, Max: 164.0, Diff: 1.3, Sum: 1309.5]
      [Termination (ms): Min: 0.0, Avg: 0.1, Max: 0.1, Diff: 0.1, Sum: 0.5]
         [Termination Attempts: Min: 1, Avg: 468.0, Max: 583, Diff: 582, Sum: 3744]
      [GC Worker Other (ms): Min: 0.0, Avg: 0.0, Max: 0.1, Diff: 0.1, Sum: 0.3]
      [GC Worker Total (ms): Min: 207.2, Avg: 207.3, Max: 207.4, Diff: 0.3, Sum: 1658.2]
      [GC Worker End (ms): Min: 125323.0, Avg: 125323.0, Max: 125323.0, Diff: 0.1]
   [Code Root Fixup: 0.0 ms]
   [Code Root Purge: 0.0 ms]
   [Clear CT: 0.1 ms]
   [Other: 1.0 ms]
      [Choose CSet: 0.0 ms]
      [Ref Proc: 0.3 ms]
      [Ref Enq: 0.0 ms]
      [Redirty Cards: 0.2 ms]
      [Humongous Register: 0.0 ms]
      [Humongous Reclaim: 0.0 ms]
      [Free CSet: 0.3 ms]
   [Eden: 271.0M(271.0M)->0.0B(246.0M) Survivors: 41.0M->39.0M Heap: 693.7M(2048.0M)->696.2M(2048.0M)]
 [Times: user=1.41 sys=0.02, real=0.21 secs] 
2020-09-29T12:22:45.350+0200: 125.506: [GC pause (G1 Evacuation Pause) (young), 0.1528571 secs]
   [Parallel Time: 151.6 ms, GC Workers: 8]
      [GC Worker Start (ms): Min: 125505.9, Avg: 125506.2, Max: 125507.4, Diff: 1.5]
      [Ext Root Scanning (ms): Min: 0.0, Avg: 0.1, Max: 0.3, Diff: 0.3, Sum: 0.8]
      [Update RS (ms): Min: 14.5, Avg: 15.7, Max: 16.3, Diff: 1.8, Sum: 125.7]
         [Processed Buffers: Min: 13, Avg: 16.0, Max: 18, Diff: 5, Sum: 128]
      [Scan RS (ms): Min: 16.1, Avg: 16.5, Max: 16.7, Diff: 0.6, Sum: 132.2]
      [Code Root Scanning (ms): Min: 0.0, Avg: 0.0, Max: 0.0, Diff: 0.0, Sum: 0.0]
      [Object Copy (ms): Min: 118.6, Avg: 118.7, Max: 118.7, Diff: 0.1, Sum: 949.5]
      [Termination (ms): Min: 0.0, Avg: 0.0, Max: 0.0, Diff: 0.0, Sum: 0.2]
         [Termination Attempts: Min: 1, Avg: 138.9, Max: 169, Diff: 168, Sum: 1111]
      [GC Worker Other (ms): Min: 0.0, Avg: 0.0, Max: 0.1, Diff: 0.1, Sum: 0.4]
      [GC Worker Total (ms): Min: 150.0, Avg: 151.1, Max: 151.4, Diff: 1.4, Sum: 1208.9]
      [GC Worker End (ms): Min: 125657.3, Avg: 125657.3, Max: 125657.4, Diff: 0.1]
   [Code Root Fixup: 0.0 ms]
   [Code Root Purge: 0.0 ms]
   [Clear CT: 0.2 ms]
   [Other: 1.1 ms]
      [Choose CSet: 0.0 ms]
      [Ref Proc: 0.2 ms]
      [Ref Enq: 0.0 ms]
      [Redirty Cards: 0.4 ms]
      [Humongous Register: 0.1 ms]
      [Humongous Reclaim: 0.0 ms]
      [Free CSet: 0.3 ms]
   [Eden: 246.0M(246.0M)->0.0B(260.0M) Survivors: 39.0M->36.0M Heap: 982.2M(2048.0M)->984.2M(2048.0M)]
 [Times: user=1.13 sys=0.00, real=0.15 secs] 
2020-09-29T12:22:45.512+0200: 125.668: [GC pause (G1 Humongous Allocation) (young) (initial-mark), 0.0577305 secs]
   [Parallel Time: 56.3 ms, GC Workers: 8]
      [GC Worker Start (ms): Min: 125667.7, Avg: 125667.8, Max: 125667.9, Diff: 0.1]
      [Ext Root Scanning (ms): Min: 0.0, Avg: 0.1, Max: 0.1, Diff: 0.1, Sum: 0.7]
      [Update RS (ms): Min: 31.0, Avg: 31.3, Max: 31.8, Diff: 0.8, Sum: 250.1]
         [Processed Buffers: Min: 30, Avg: 35.1, Max: 38, Diff: 8, Sum: 281]
      [Scan RS (ms): Min: 2.5, Avg: 3.1, Max: 3.4, Diff: 0.9, Sum: 24.5]
      [Code Root Scanning (ms): Min: 0.0, Avg: 0.0, Max: 0.0, Diff: 0.0, Sum: 0.0]
      [Object Copy (ms): Min: 21.5, Avg: 21.6, Max: 21.6, Diff: 0.1, Sum: 172.6]
      [Termination (ms): Min: 0.0, Avg: 0.1, Max: 0.1, Diff: 0.1, Sum: 0.5]
         [Termination Attempts: Min: 1, Avg: 409.9, Max: 578, Diff: 577, Sum: 3279]
      [GC Worker Other (ms): Min: 0.0, Avg: 0.0, Max: 0.0, Diff: 0.0, Sum: 0.1]
      [GC Worker Total (ms): Min: 56.0, Avg: 56.1, Max: 56.1, Diff: 0.1, Sum: 448.6]
      [GC Worker End (ms): Min: 125723.9, Avg: 125723.9, Max: 125723.9, Diff: 0.0]
   [Code Root Fixup: 0.0 ms]
   [Code Root Purge: 0.0 ms]
   [Clear CT: 0.4 ms]
   [Other: 1.0 ms]
      [Choose CSet: 0.0 ms]
      [Ref Proc: 0.2 ms]
      [Ref Enq: 0.0 ms]
      [Redirty Cards: 0.3 ms]
      [Humongous Register: 0.1 ms]
      [Humongous Reclaim: 0.0 ms]
      [Free CSet: 0.1 ms]
   [Eden: 5120.0K(260.0M)->0.0B(285.0M) Survivors: 36.0M->7168.0K Heap: 988.7M(2048.0M)->992.7M(2048.0M)]
 [Times: user=0.48 sys=0.00, real=0.06 secs] 
2020-09-29T12:22:45.570+0200: 125.725: [GC concurrent-root-region-scan-start]
2020-09-29T12:22:45.571+0200: 125.727: [GC concurrent-root-region-scan-end, 0.0016995 secs]
2020-09-29T12:22:45.571+0200: 125.727: [GC concurrent-mark-start]
2020-09-29T12:22:45.575+0200: 125.731: [GC concurrent-mark-end, 0.0039057 secs]
2020-09-29T12:22:45.576+0200: 125.731: [GC remark 2020-09-29T12:22:45.576+0200: 125.731: [Finalize Marking, 0.0002624 secs] 2020-09-29T12:22:45.576+0200: 125.732: [GC ref-proc, 0.0003869 secs] 2020-09-29T12:22:45.576+0200: 125.732: [Unloading, 0.0006850 secs], 0.0018522 secs]
 [Times: user=0.00 sys=0.00, real=0.00 secs] 
2020-09-29T12:22:45.578+0200: 125.734: [GC cleanup 1004M->26M(2048M), 0.0016870 secs]
 [Times: user=0.00 sys=0.00, real=0.00 secs] 
2020-09-29T12:22:45.580+0200: 125.735: [GC concurrent-cleanup-start]
2020-09-29T12:22:45.582+0200: 125.737: [GC concurrent-cleanup-end, 0.0020041 secs]
2020-09-29T12:22:45.734+0200: 125.889: [GC pause (G1 Evacuation Pause) (young), 0.1914931 secs]
   [Parallel Time: 190.1 ms, GC Workers: 8]
      [GC Worker Start (ms): Min: 125889.5, Avg: 125889.6, Max: 125889.6, Diff: 0.2]
      [Ext Root Scanning (ms): Min: 0.0, Avg: 0.1, Max: 0.2, Diff: 0.2, Sum: 0.5]
      [Update RS (ms): Min: 16.7, Avg: 17.0, Max: 17.6, Diff: 0.9, Sum: 136.0]
         [Processed Buffers: Min: 14, Avg: 15.9, Max: 18, Diff: 4, Sum: 127]
      [Scan RS (ms): Min: 15.0, Avg: 15.5, Max: 16.0, Diff: 1.0, Sum: 124.1]
      [Code Root Scanning (ms): Min: 0.0, Avg: 0.0, Max: 0.0, Diff: 0.0, Sum: 0.0]
      [Object Copy (ms): Min: 157.0, Avg: 157.2, Max: 157.3, Diff: 0.3, Sum: 1257.4]
      [Termination (ms): Min: 0.0, Avg: 0.1, Max: 0.1, Diff: 0.1, Sum: 0.7]
         [Termination Attempts: Min: 1, Avg: 215.9, Max: 338, Diff: 337, Sum: 1727]
      [GC Worker Other (ms): Min: 0.0, Avg: 0.0, Max: 0.0, Diff: 0.0, Sum: 0.1]
      [GC Worker Total (ms): Min: 189.8, Avg: 189.9, Max: 190.0, Diff: 0.2, Sum: 1518.9]
      [GC Worker End (ms): Min: 126079.4, Avg: 126079.4, Max: 126079.4, Diff: 0.0]
   [Code Root Fixup: 0.0 ms]
   [Code Root Purge: 0.0 ms]
   [Clear CT: 0.2 ms]
   [Other: 1.2 ms]
      [Choose CSet: 0.0 ms]
      [Ref Proc: 0.3 ms]
      [Ref Enq: 0.0 ms]
      [Redirty Cards: 0.3 ms]
      [Humongous Register: 0.0 ms]
      [Humongous Reclaim: 0.0 ms]
      [Free CSet: 0.2 ms]
   [Eden: 285.0M(285.0M)->0.0B(244.0M) Survivors: 7168.0K->37.0M Heap: 347.2M(2048.0M)->342.2M(2048.0M)]
 [Times: user=1.30 sys=0.00, real=0.19 secs] 
2020-09-29T12:22:46.082+0200: 126.238: [GC pause (G1 Evacuation Pause) (young), 0.1854386 secs]
   [Parallel Time: 184.3 ms, GC Workers: 8]
      [GC Worker Start (ms): Min: 126237.7, Avg: 126237.8, Max: 126237.9, Diff: 0.2]
      [Ext Root Scanning (ms): Min: 0.0, Avg: 0.1, Max: 0.2, Diff: 0.2, Sum: 0.6]
      [Update RS (ms): Min: 23.4, Avg: 23.7, Max: 24.6, Diff: 1.2, Sum: 189.3]
         [Processed Buffers: Min: 17, Avg: 19.4, Max: 21, Diff: 4, Sum: 155]
      [Scan RS (ms): Min: 18.2, Avg: 21.9, Max: 42.0, Diff: 23.8, Sum: 174.9]
      [Code Root Scanning (ms): Min: 0.0, Avg: 0.0, Max: 0.0, Diff: 0.0, Sum: 0.0]
      [Object Copy (ms): Min: 118.5, Avg: 138.4, Max: 141.3, Diff: 22.8, Sum: 1107.2]
      [Termination (ms): Min: 0.0, Avg: 0.0, Max: 0.0, Diff: 0.0, Sum: 0.1]
         [Termination Attempts: Min: 1, Avg: 44.9, Max: 62, Diff: 61, Sum: 359]
      [GC Worker Other (ms): Min: 0.0, Avg: 0.0, Max: 0.1, Diff: 0.0, Sum: 0.3]
      [GC Worker Total (ms): Min: 184.0, Avg: 184.0, Max: 184.1, Diff: 0.1, Sum: 1472.3]
      [GC Worker End (ms): Min: 126421.9, Avg: 126421.9, Max: 126421.9, Diff: 0.0]
   [Code Root Fixup: 0.0 ms]
   [Code Root Purge: 0.0 ms]
   [Clear CT: 0.2 ms]
   [Other: 1.0 ms]
      [Choose CSet: 0.0 ms]
      [Ref Proc: 0.2 ms]
      [Ref Enq: 0.0 ms]
      [Redirty Cards: 0.3 ms]
      [Humongous Register: 0.0 ms]
      [Humongous Reclaim: 0.0 ms]
      [Free CSet: 0.2 ms]
   [Eden: 244.0M(244.0M)->0.0B(229.0M) Survivors: 37.0M->36.0M Heap: 628.1M(2048.0M)->630.6M(2048.0M)]
 [Times: user=1.20 sys=0.03, real=0.19 secs] 
2020-09-29T12:22:46.413+0200: 126.569: [GC pause (G1 Evacuation Pause) (young), 0.1745945 secs]
   [Parallel Time: 173.4 ms, GC Workers: 8]
      [GC Worker Start (ms): Min: 126568.7, Avg: 126568.9, Max: 126569.5, Diff: 0.8]
      [Ext Root Scanning (ms): Min: 0.0, Avg: 0.1, Max: 0.2, Diff: 0.2, Sum: 0.7]
      [Update RS (ms): Min: 25.2, Avg: 25.6, Max: 26.3, Diff: 1.1, Sum: 204.6]
         [Processed Buffers: Min: 8, Avg: 15.6, Max: 23, Diff: 15, Sum: 125]
      [Scan RS (ms): Min: 23.6, Avg: 24.4, Max: 25.1, Diff: 1.5, Sum: 195.3]
      [Code Root Scanning (ms): Min: 0.0, Avg: 0.0, Max: 0.0, Diff: 0.0, Sum: 0.0]
      [Object Copy (ms): Min: 122.6, Avg: 122.9, Max: 123.1, Diff: 0.5, Sum: 983.1]
      [Termination (ms): Min: 0.0, Avg: 0.1, Max: 0.2, Diff: 0.2, Sum: 0.9]
         [Termination Attempts: Min: 1, Avg: 839.6, Max: 1121, Diff: 1120, Sum: 6717]
      [GC Worker Other (ms): Min: 0.0, Avg: 0.0, Max: 0.1, Diff: 0.0, Sum: 0.3]
      [GC Worker Total (ms): Min: 172.5, Avg: 173.1, Max: 173.3, Diff: 0.8, Sum: 1384.9]
      [GC Worker End (ms): Min: 126742.0, Avg: 126742.0, Max: 126742.0, Diff: 0.0]
   [Code Root Fixup: 0.0 ms]
   [Code Root Purge: 0.0 ms]
   [Clear CT: 0.2 ms]
   [Other: 1.0 ms]
      [Choose CSet: 0.0 ms]
      [Ref Proc: 0.3 ms]
      [Ref Enq: 0.0 ms]
      [Redirty Cards: 0.2 ms]
      [Humongous Register: 0.0 ms]
      [Humongous Reclaim: 0.0 ms]
      [Free CSet: 0.3 ms]
   [Eden: 229.0M(229.0M)->0.0B(217.0M) Survivors: 36.0M->34.0M Heap: 897.8M(2048.0M)->899.8M(2048.0M)]
 [Times: user=1.23 sys=0.03, real=0.17 secs] 
2020-09-29T12:22:46.747+0200: 126.903: [GC pause (G1 Evacuation Pause) (young), 0.1701800 secs]
   [Parallel Time: 169.2 ms, GC Workers: 8]
      [GC Worker Start (ms): Min: 126902.9, Avg: 126903.0, Max: 126903.1, Diff: 0.2]
      [Ext Root Scanning (ms): Min: 0.0, Avg: 0.1, Max: 0.2, Diff: 0.2, Sum: 0.7]
      [Update RS (ms): Min: 17.7, Avg: 18.7, Max: 25.0, Diff: 7.3, Sum: 149.6]
         [Processed Buffers: Min: 2, Avg: 15.4, Max: 21, Diff: 19, Sum: 123]
      [Scan RS (ms): Min: 8.4, Avg: 15.1, Max: 18.5, Diff: 10.0, Sum: 121.0]
      [Code Root Scanning (ms): Min: 0.0, Avg: 0.0, Max: 0.0, Diff: 0.0, Sum: 0.0]
      [Object Copy (ms): Min: 132.6, Avg: 135.0, Max: 135.4, Diff: 2.8, Sum: 1080.1]
      [Termination (ms): Min: 0.0, Avg: 0.0, Max: 0.0, Diff: 0.0, Sum: 0.0]
         [Termination Attempts: Min: 1, Avg: 10.3, Max: 20, Diff: 19, Sum: 82]
      [GC Worker Other (ms): Min: 0.0, Avg: 0.0, Max: 0.1, Diff: 0.1, Sum: 0.3]
      [GC Worker Total (ms): Min: 168.9, Avg: 169.0, Max: 169.1, Diff: 0.2, Sum: 1351.8]
      [GC Worker End (ms): Min: 127072.0, Avg: 127072.0, Max: 127072.0, Diff: 0.0]
   [Code Root Fixup: 0.0 ms]
   [Code Root Purge: 0.0 ms]
   [Clear CT: 0.2 ms]
   [Other: 0.8 ms]
      [Choose CSet: 0.0 ms]
      [Ref Proc: 0.2 ms]
      [Ref Enq: 0.0 ms]
      [Redirty Cards: 0.2 ms]
      [Humongous Register: 0.0 ms]
      [Humongous Reclaim: 0.0 ms]
      [Free CSet: 0.2 ms]
   [Eden: 217.0M(217.0M)->0.0B(221.0M) Survivors: 34.0M->32.0M Heap: 1153.0M(2048.0M)->1155.0M(2048.0M)]
 [Times: user=1.25 sys=0.00, real=0.17 secs] 
2020-09-29T12:22:46.930+0200: 127.086: [GC pause (G1 Humongous Allocation) (young) (initial-mark), 0.0657396 secs]
   [Parallel Time: 64.7 ms, GC Workers: 8]
      [GC Worker Start (ms): Min: 127086.0, Avg: 127086.0, Max: 127086.1, Diff: 0.2]
      [Ext Root Scanning (ms): Min: 0.0, Avg: 2.1, Max: 16.2, Diff: 16.1, Sum: 17.1]
      [Update RS (ms): Min: 9.3, Avg: 24.3, Max: 31.4, Diff: 22.0, Sum: 194.1]
         [Processed Buffers: Min: 12, Avg: 25.3, Max: 31, Diff: 19, Sum: 202]
      [Scan RS (ms): Min: 0.0, Avg: 2.2, Max: 2.8, Diff: 2.8, Sum: 18.0]
      [Code Root Scanning (ms): Min: 0.0, Avg: 0.0, Max: 0.0, Diff: 0.0, Sum: 0.0]
      [Object Copy (ms): Min: 32.8, Avg: 35.7, Max: 36.3, Diff: 3.4, Sum: 285.6]
      [Termination (ms): Min: 0.0, Avg: 0.2, Max: 0.3, Diff: 0.2, Sum: 1.4]
         [Termination Attempts: Min: 1, Avg: 849.6, Max: 1361, Diff: 1360, Sum: 6797]
      [GC Worker Other (ms): Min: 0.0, Avg: 0.0, Max: 0.0, Diff: 0.0, Sum: 0.1]
      [GC Worker Total (ms): Min: 64.4, Avg: 64.5, Max: 64.6, Diff: 0.2, Sum: 516.2]
      [GC Worker End (ms): Min: 127150.5, Avg: 127150.6, Max: 127150.6, Diff: 0.0]
   [Code Root Fixup: 0.0 ms]
   [Code Root Purge: 0.0 ms]
   [Clear CT: 0.2 ms]
   [Other: 0.9 ms]
      [Choose CSet: 0.0 ms]
      [Ref Proc: 0.2 ms]
      [Ref Enq: 0.0 ms]
      [Redirty Cards: 0.2 ms]
      [Humongous Register: 0.1 ms]
      [Humongous Reclaim: 0.0 ms]
      [Free CSet: 0.1 ms]
   [Eden: 10.0M(221.0M)->0.0B(201.0M) Survivors: 32.0M->11.0M Heap: 1164.5M(2048.0M)->1167.5M(2048.0M)]
 [Times: user=0.44 sys=0.00, real=0.07 secs] 
2020-09-29T12:22:46.996+0200: 127.152: [GC concurrent-root-region-scan-start]
2020-09-29T12:22:47.000+0200: 127.155: [GC concurrent-root-region-scan-end, 0.0037811 secs]
2020-09-29T12:22:47.000+0200: 127.155: [GC concurrent-mark-start]
2020-09-29T12:22:47.003+0200: 127.159: [GC concurrent-mark-end, 0.0036918 secs]
2020-09-29T12:22:47.004+0200: 127.160: [GC remark 2020-09-29T12:22:47.004+0200: 127.160: [Finalize Marking, 0.0001685 secs] 2020-09-29T12:22:47.004+0200: 127.160: [GC ref-proc, 0.0003511 secs] 2020-09-29T12:22:47.005+0200: 127.160: [Unloading, 0.0004433 secs], 0.0013625 secs]
 [Times: user=0.00 sys=0.00, real=0.00 secs] 
2020-09-29T12:22:47.006+0200: 127.161: [GC cleanup 1180M->31M(2048M), 0.0014749 secs]
 [Times: user=0.00 sys=0.00, real=0.00 secs] 
2020-09-29T12:22:47.007+0200: 127.163: [GC concurrent-cleanup-start]
2020-09-29T12:22:47.010+0200: 127.166: [GC concurrent-cleanup-end, 0.0031310 secs]
2020-09-29T12:22:47.126+0200: 127.282: [GC pause (G1 Evacuation Pause) (young), 0.1506848 secs]
   [Parallel Time: 149.6 ms, GC Workers: 8]
      [GC Worker Start (ms): Min: 127282.2, Avg: 127282.3, Max: 127282.5, Diff: 0.3]
      [Ext Root Scanning (ms): Min: 0.0, Avg: 0.1, Max: 0.1, Diff: 0.1, Sum: 0.7]
      [Update RS (ms): Min: 19.7, Avg: 22.3, Max: 31.6, Diff: 11.9, Sum: 178.3]
         [Processed Buffers: Min: 9, Avg: 13.8, Max: 21, Diff: 12, Sum: 110]
      [Scan RS (ms): Min: 3.4, Avg: 12.8, Max: 15.7, Diff: 12.3, Sum: 102.0]
      [Code Root Scanning (ms): Min: 0.0, Avg: 0.0, Max: 0.0, Diff: 0.0, Sum: 0.0]
      [Object Copy (ms): Min: 113.9, Avg: 114.1, Max: 114.2, Diff: 0.3, Sum: 913.1]
      [Termination (ms): Min: 0.0, Avg: 0.1, Max: 0.2, Diff: 0.2, Sum: 1.0]
         [Termination Attempts: Min: 1, Avg: 875.3, Max: 1116, Diff: 1115, Sum: 7002]
      [GC Worker Other (ms): Min: 0.0, Avg: 0.0, Max: 0.1, Diff: 0.0, Sum: 0.3]
      [GC Worker Total (ms): Min: 149.3, Avg: 149.4, Max: 149.5, Diff: 0.3, Sum: 1195.5]
      [GC Worker End (ms): Min: 127431.7, Avg: 127431.7, Max: 127431.7, Diff: 0.1]
   [Code Root Fixup: 0.0 ms]
   [Code Root Purge: 0.0 ms]
   [Clear CT: 0.1 ms]
   [Other: 0.9 ms]
      [Choose CSet: 0.0 ms]
      [Ref Proc: 0.2 ms]
      [Ref Enq: 0.0 ms]
      [Redirty Cards: 0.2 ms]
      [Humongous Register: 0.0 ms]
      [Humongous Reclaim: 0.0 ms]
      [Free CSet: 0.2 ms]
   [Eden: 201.0M(201.0M)->0.0B(194.0M) Survivors: 11.0M->27.0M Heap: 253.8M(2048.0M)->245.3M(2048.0M)]
 [Times: user=1.20 sys=0.00, real=0.15 secs] 
2020-09-29T12:22:47.405+0200: 127.560: [GC pause (G1 Evacuation Pause) (young), 0.1320109 secs]
   [Parallel Time: 131.0 ms, GC Workers: 8]
      [GC Worker Start (ms): Min: 127560.5, Avg: 127560.6, Max: 127560.6, Diff: 0.1]
      [Ext Root Scanning (ms): Min: 0.0, Avg: 0.1, Max: 0.1, Diff: 0.1, Sum: 0.6]
      [Update RS (ms): Min: 10.4, Avg: 10.6, Max: 10.9, Diff: 0.5, Sum: 84.5]
         [Processed Buffers: Min: 10, Avg: 11.8, Max: 13, Diff: 3, Sum: 94]
      [Scan RS (ms): Min: 12.3, Avg: 12.7, Max: 12.9, Diff: 0.6, Sum: 101.4]
      [Code Root Scanning (ms): Min: 0.0, Avg: 0.0, Max: 0.0, Diff: 0.0, Sum: 0.0]
      [Object Copy (ms): Min: 107.2, Avg: 107.3, Max: 107.5, Diff: 0.3, Sum: 858.3]
      [Termination (ms): Min: 0.0, Avg: 0.2, Max: 0.3, Diff: 0.3, Sum: 1.5]
         [Termination Attempts: Min: 1, Avg: 1311.3, Max: 1573, Diff: 1572, Sum: 10490]
      [GC Worker Other (ms): Min: 0.0, Avg: 0.0, Max: 0.1, Diff: 0.1, Sum: 0.3]
      [GC Worker Total (ms): Min: 130.8, Avg: 130.8, Max: 130.9, Diff: 0.1, Sum: 1046.6]
      [GC Worker End (ms): Min: 127691.4, Avg: 127691.4, Max: 127691.4, Diff: 0.1]
   [Code Root Fixup: 0.0 ms]
   [Code Root Purge: 0.0 ms]
   [Clear CT: 0.1 ms]
   [Other: 0.9 ms]
      [Choose CSet: 0.0 ms]
      [Ref Proc: 0.2 ms]
      [Ref Enq: 0.0 ms]
      [Redirty Cards: 0.2 ms]
      [Humongous Register: 0.0 ms]
      [Humongous Reclaim: 0.0 ms]
      [Free CSet: 0.2 ms]
   [Eden: 194.0M(194.0M)->0.0B(212.0M) Survivors: 27.0M->28.0M Heap: 471.8M(2048.0M)->473.8M(2048.0M)]
 [Times: user=1.09 sys=0.00, real=0.13 secs] 
2020-09-29T12:22:47.674+0200: 127.830: [GC pause (G1 Evacuation Pause) (young), 0.1430352 secs]
   [Parallel Time: 142.0 ms, GC Workers: 8]
      [GC Worker Start (ms): Min: 127829.7, Avg: 127829.8, Max: 127829.9, Diff: 0.2]
      [Ext Root Scanning (ms): Min: 0.0, Avg: 0.1, Max: 0.2, Diff: 0.2, Sum: 0.5]
      [Update RS (ms): Min: 15.0, Avg: 15.1, Max: 15.8, Diff: 0.8, Sum: 121.1]
         [Processed Buffers: Min: 13, Avg: 15.1, Max: 17, Diff: 4, Sum: 121]
      [Scan RS (ms): Min: 13.1, Avg: 13.8, Max: 14.9, Diff: 1.8, Sum: 110.1]
      [Code Root Scanning (ms): Min: 0.0, Avg: 0.0, Max: 0.0, Diff: 0.0, Sum: 0.0]
      [Object Copy (ms): Min: 111.8, Avg: 112.7, Max: 112.9, Diff: 1.2, Sum: 901.9]
      [Termination (ms): Min: 0.0, Avg: 0.0, Max: 0.1, Diff: 0.1, Sum: 0.3]
         [Termination Attempts: Min: 1, Avg: 287.1, Max: 417, Diff: 416, Sum: 2297]
      [GC Worker Other (ms): Min: 0.0, Avg: 0.0, Max: 0.1, Diff: 0.1, Sum: 0.3]
      [GC Worker Total (ms): Min: 141.7, Avg: 141.8, Max: 141.9, Diff: 0.2, Sum: 1134.2]
      [GC Worker End (ms): Min: 127971.6, Avg: 127971.6, Max: 127971.7, Diff: 0.1]
   [Code Root Fixup: 0.0 ms]
   [Code Root Purge: 0.0 ms]
   [Clear CT: 0.1 ms]
   [Other: 0.9 ms]
      [Choose CSet: 0.0 ms]
      [Ref Proc: 0.2 ms]
      [Ref Enq: 0.0 ms]
      [Redirty Cards: 0.2 ms]
      [Humongous Register: 0.0 ms]
      [Humongous Reclaim: 0.0 ms]
      [Free CSet: 0.2 ms]
   [Eden: 212.0M(212.0M)->0.0B(227.0M) Survivors: 28.0M->30.0M Heap: 722.0M(2048.0M)->723.5M(2048.0M)]
 [Times: user=1.11 sys=0.00, real=0.14 secs] 
2020-09-29T12:22:47.960+0200: 128.115: [GC pause (G1 Evacuation Pause) (young), 0.1594858 secs]
   [Parallel Time: 158.4 ms, GC Workers: 8]
      [GC Worker Start (ms): Min: 128115.4, Avg: 128115.5, Max: 128115.6, Diff: 0.2]
      [Ext Root Scanning (ms): Min: 0.0, Avg: 0.1, Max: 0.2, Diff: 0.2, Sum: 0.6]
      [Update RS (ms): Min: 16.8, Avg: 17.2, Max: 17.7, Diff: 0.8, Sum: 137.8]
         [Processed Buffers: Min: 13, Avg: 14.6, Max: 16, Diff: 3, Sum: 117]
      [Scan RS (ms): Min: 14.7, Avg: 15.0, Max: 15.4, Diff: 0.7, Sum: 119.9]
      [Code Root Scanning (ms): Min: 0.0, Avg: 0.0, Max: 0.0, Diff: 0.0, Sum: 0.0]
      [Object Copy (ms): Min: 125.6, Avg: 125.8, Max: 125.9, Diff: 0.3, Sum: 1006.3]
      [Termination (ms): Min: 0.0, Avg: 0.1, Max: 0.1, Diff: 0.1, Sum: 0.5]
         [Termination Attempts: Min: 1, Avg: 389.1, Max: 500, Diff: 499, Sum: 3113]
      [GC Worker Other (ms): Min: 0.0, Avg: 0.0, Max: 0.1, Diff: 0.0, Sum: 0.2]
      [GC Worker Total (ms): Min: 158.1, Avg: 158.2, Max: 158.3, Diff: 0.2, Sum: 1265.3]
      [GC Worker End (ms): Min: 128273.7, Avg: 128273.7, Max: 128273.7, Diff: 0.0]
   [Code Root Fixup: 0.0 ms]
   [Code Root Purge: 0.0 ms]
   [Clear CT: 0.2 ms]
   [Other: 0.9 ms]
      [Choose CSet: 0.0 ms]
      [Ref Proc: 0.2 ms]
      [Ref Enq: 0.0 ms]
      [Redirty Cards: 0.2 ms]
      [Humongous Register: 0.0 ms]
      [Humongous Reclaim: 0.0 ms]
      [Free CSet: 0.3 ms]
   [Eden: 227.0M(227.0M)->0.0B(234.0M) Survivors: 30.0M->33.0M Heap: 986.7M(2048.0M)->988.7M(2048.0M)]
 [Times: user=1.20 sys=0.00, real=0.16 secs] 
2020-09-29T12:22:48.124+0200: 128.280: [GC pause (G1 Humongous Allocation) (young) (initial-mark), 0.0596225 secs]
   [Parallel Time: 58.7 ms, GC Workers: 8]
      [GC Worker Start (ms): Min: 128280.2, Avg: 128280.3, Max: 128280.3, Diff: 0.1]
      [Ext Root Scanning (ms): Min: 0.1, Avg: 0.1, Max: 0.1, Diff: 0.1, Sum: 0.7]
      [Update RS (ms): Min: 29.3, Avg: 29.7, Max: 30.1, Diff: 0.8, Sum: 237.6]
         [Processed Buffers: Min: 31, Avg: 35.0, Max: 38, Diff: 7, Sum: 280]
      [Scan RS (ms): Min: 1.8, Avg: 2.3, Max: 2.6, Diff: 0.8, Sum: 18.4]
      [Code Root Scanning (ms): Min: 0.0, Avg: 0.0, Max: 0.0, Diff: 0.0, Sum: 0.0]
      [Object Copy (ms): Min: 26.3, Avg: 26.4, Max: 26.5, Diff: 0.2, Sum: 211.2]
      [Termination (ms): Min: 0.0, Avg: 0.0, Max: 0.0, Diff: 0.0, Sum: 0.1]
         [Termination Attempts: Min: 1, Avg: 47.8, Max: 65, Diff: 64, Sum: 382]
      [GC Worker Other (ms): Min: 0.0, Avg: 0.0, Max: 0.0, Diff: 0.0, Sum: 0.1]
      [GC Worker Total (ms): Min: 58.5, Avg: 58.5, Max: 58.6, Diff: 0.1, Sum: 468.1]
      [GC Worker End (ms): Min: 128338.8, Avg: 128338.8, Max: 128338.8, Diff: 0.0]
   [Code Root Fixup: 0.0 ms]
   [Code Root Purge: 0.0 ms]
   [Clear CT: 0.2 ms]
   [Other: 0.8 ms]
      [Choose CSet: 0.0 ms]
      [Ref Proc: 0.1 ms]
      [Ref Enq: 0.0 ms]
      [Redirty Cards: 0.1 ms]
      [Humongous Register: 0.1 ms]
      [Humongous Reclaim: 0.0 ms]
      [Free CSet: 0.1 ms]
   [Eden: 2048.0K(234.0M)->0.0B(235.0M) Survivors: 33.0M->4096.0K Heap: 990.2M(2048.0M)->994.7M(2048.0M)]
 [Times: user=0.50 sys=0.00, real=0.06 secs] 
2020-09-29T12:22:48.184+0200: 128.340: [GC concurrent-root-region-scan-start]
2020-09-29T12:22:48.185+0200: 128.340: [GC concurrent-root-region-scan-end, 0.0005913 secs]
2020-09-29T12:22:48.185+0200: 128.340: [GC concurrent-mark-start]
2020-09-29T12:22:48.188+0200: 128.344: [GC concurrent-mark-end, 0.0032206 secs]
2020-09-29T12:22:48.189+0200: 128.345: [GC remark 2020-09-29T12:22:48.189+0200: 128.345: [Finalize Marking, 0.0001565 secs] 2020-09-29T12:22:48.189+0200: 128.345: [GC ref-proc, 0.0004493 secs] 2020-09-29T12:22:48.190+0200: 128.345: [Unloading, 0.0006603 secs], 0.0017826 secs]
 [Times: user=0.00 sys=0.00, real=0.00 secs] 
2020-09-29T12:22:48.191+0200: 128.347: [GC cleanup 1004M->21M(2048M), 0.0024376 secs]
 [Times: user=0.02 sys=0.00, real=0.00 secs] 
2020-09-29T12:22:48.194+0200: 128.350: [GC concurrent-cleanup-start]
2020-09-29T12:22:48.196+0200: 128.352: [GC concurrent-cleanup-end, 0.0018217 secs]
2020-09-29T12:22:48.330+0200: 128.486: [GC pause (G1 Evacuation Pause) (young), 0.1289972 secs]
   [Parallel Time: 127.8 ms, GC Workers: 8]
      [GC Worker Start (ms): Min: 128485.7, Avg: 128485.8, Max: 128485.9, Diff: 0.2]
      [Ext Root Scanning (ms): Min: 0.0, Avg: 0.1, Max: 0.2, Diff: 0.2, Sum: 0.5]
      [Update RS (ms): Min: 16.8, Avg: 17.0, Max: 17.8, Diff: 1.0, Sum: 136.1]
         [Processed Buffers: Min: 12, Avg: 15.3, Max: 18, Diff: 6, Sum: 122]
      [Scan RS (ms): Min: 14.2, Avg: 14.9, Max: 15.2, Diff: 1.0, Sum: 119.2]
      [Code Root Scanning (ms): Min: 0.0, Avg: 0.0, Max: 0.0, Diff: 0.0, Sum: 0.0]
      [Object Copy (ms): Min: 95.5, Avg: 95.6, Max: 95.7, Diff: 0.2, Sum: 764.7]
      [Termination (ms): Min: 0.0, Avg: 0.0, Max: 0.0, Diff: 0.0, Sum: 0.0]
         [Termination Attempts: Min: 1, Avg: 28.8, Max: 40, Diff: 39, Sum: 230]
      [GC Worker Other (ms): Min: 0.0, Avg: 0.0, Max: 0.1, Diff: 0.1, Sum: 0.3]
      [GC Worker Total (ms): Min: 127.5, Avg: 127.6, Max: 127.7, Diff: 0.2, Sum: 1020.8]
      [GC Worker End (ms): Min: 128613.4, Avg: 128613.4, Max: 128613.4, Diff: 0.1]
   [Code Root Fixup: 0.0 ms]
   [Code Root Purge: 0.0 ms]
   [Clear CT: 0.2 ms]
   [Other: 1.0 ms]
      [Choose CSet: 0.0 ms]
      [Ref Proc: 0.2 ms]
      [Ref Enq: 0.0 ms]
      [Redirty Cards: 0.2 ms]
      [Humongous Register: 0.0 ms]
      [Humongous Reclaim: 0.0 ms]
      [Free CSet: 0.2 ms]
   [Eden: 235.0M(235.0M)->0.0B(231.0M) Survivors: 4096.0K->30.0M Heap: 287.1M(2048.0M)->284.6M(2048.0M)]
 [Times: user=1.11 sys=0.02, real=0.13 secs] 
2020-09-29T12:22:48.616+0200: 128.772: [GC pause (G1 Evacuation Pause) (young), 0.1678620 secs]
   [Parallel Time: 166.8 ms, GC Workers: 8]
      [GC Worker Start (ms): Min: 128771.7, Avg: 128772.7, Max: 128779.2, Diff: 7.5]
      [Ext Root Scanning (ms): Min: 0.0, Avg: 0.1, Max: 0.1, Diff: 0.1, Sum: 0.6]
      [Update RS (ms): Min: 9.6, Avg: 17.0, Max: 23.7, Diff: 14.1, Sum: 136.2]
         [Processed Buffers: Min: 9, Avg: 15.4, Max: 19, Diff: 10, Sum: 123]
      [Scan RS (ms): Min: 7.4, Avg: 13.2, Max: 14.3, Diff: 6.8, Sum: 105.6]
      [Code Root Scanning (ms): Min: 0.0, Avg: 0.0, Max: 0.0, Diff: 0.0, Sum: 0.0]
      [Object Copy (ms): Min: 135.0, Avg: 135.2, Max: 135.3, Diff: 0.3, Sum: 1081.8]
      [Termination (ms): Min: 0.0, Avg: 0.1, Max: 0.2, Diff: 0.2, Sum: 1.2]
         [Termination Attempts: Min: 1, Avg: 1133.0, Max: 1337, Diff: 1336, Sum: 9064]
      [GC Worker Other (ms): Min: 0.0, Avg: 0.0, Max: 0.1, Diff: 0.0, Sum: 0.3]
      [GC Worker Total (ms): Min: 159.2, Avg: 165.7, Max: 166.7, Diff: 7.5, Sum: 1325.7]
      [GC Worker End (ms): Min: 128938.4, Avg: 128938.4, Max: 128938.4, Diff: 0.0]
   [Code Root Fixup: 0.0 ms]
   [Code Root Purge: 0.0 ms]
   [Clear CT: 0.2 ms]
   [Other: 0.9 ms]
      [Choose CSet: 0.0 ms]
      [Ref Proc: 0.2 ms]
      [Ref Enq: 0.0 ms]
      [Redirty Cards: 0.2 ms]
      [Humongous Register: 0.0 ms]
      [Humongous Reclaim: 0.0 ms]
      [Free CSet: 0.2 ms]
   [Eden: 231.0M(231.0M)->0.0B(232.0M) Survivors: 30.0M->33.0M Heap: 553.7M(2048.0M)->555.7M(2048.0M)]
 [Times: user=1.16 sys=0.00, real=0.17 secs] 
2020-09-29T12:22:48.917+0200: 129.072: [GC pause (G1 Evacuation Pause) (young), 0.1891506 secs]
   [Parallel Time: 188.1 ms, GC Workers: 8]
      [GC Worker Start (ms): Min: 129072.3, Avg: 129072.4, Max: 129072.5, Diff: 0.2]
      [Ext Root Scanning (ms): Min: 0.0, Avg: 0.1, Max: 0.2, Diff: 0.2, Sum: 0.5]
      [Update RS (ms): Min: 20.2, Avg: 20.6, Max: 21.1, Diff: 0.9, Sum: 164.6]
         [Processed Buffers: Min: 14, Avg: 16.6, Max: 18, Diff: 4, Sum: 133]
      [Scan RS (ms): Min: 16.9, Avg: 21.1, Max: 46.7, Diff: 29.8, Sum: 168.4]
      [Code Root Scanning (ms): Min: 0.0, Avg: 0.0, Max: 0.0, Diff: 0.0, Sum: 0.0]
      [Object Copy (ms): Min: 120.4, Avg: 146.1, Max: 149.8, Diff: 29.3, Sum: 1168.5]
      [Termination (ms): Min: 0.0, Avg: 0.0, Max: 0.0, Diff: 0.0, Sum: 0.2]
         [Termination Attempts: Min: 1, Avg: 169.5, Max: 236, Diff: 235, Sum: 1356]
      [GC Worker Other (ms): Min: 0.0, Avg: 0.0, Max: 0.1, Diff: 0.1, Sum: 0.3]
      [GC Worker Total (ms): Min: 187.7, Avg: 187.8, Max: 187.9, Diff: 0.2, Sum: 1502.6]
      [GC Worker End (ms): Min: 129260.2, Avg: 129260.3, Max: 129260.3, Diff: 0.1]
   [Code Root Fixup: 0.0 ms]
   [Code Root Purge: 0.0 ms]
   [Clear CT: 0.2 ms]
   [Other: 0.9 ms]
      [Choose CSet: 0.0 ms]
      [Ref Proc: 0.1 ms]
      [Ref Enq: 0.0 ms]
      [Redirty Cards: 0.2 ms]
      [Humongous Register: 0.0 ms]
      [Humongous Reclaim: 0.0 ms]
      [Free CSet: 0.2 ms]
   [Eden: 232.0M(232.0M)->0.0B(218.0M) Survivors: 33.0M->34.0M Heap: 825.8M(2048.0M)->828.3M(2048.0M)]
 [Times: user=1.20 sys=0.00, real=0.19 secs] 
2020-09-29T12:22:49.277+0200: 129.432: [GC pause (G1 Evacuation Pause) (young), 0.2526657 secs]
   [Parallel Time: 251.2 ms, GC Workers: 8]
      [GC Worker Start (ms): Min: 129431.8, Avg: 129431.9, Max: 129432.0, Diff: 0.2]
      [Ext Root Scanning (ms): Min: 0.0, Avg: 0.1, Max: 0.2, Diff: 0.2, Sum: 0.7]
      [Update RS (ms): Min: 20.4, Avg: 20.5, Max: 21.3, Diff: 1.0, Sum: 164.3]
         [Processed Buffers: Min: 14, Avg: 15.4, Max: 19, Diff: 5, Sum: 123]
      [Scan RS (ms): Min: 20.1, Avg: 21.1, Max: 22.4, Diff: 2.3, Sum: 168.5]
      [Code Root Scanning (ms): Min: 0.0, Avg: 0.0, Max: 0.0, Diff: 0.0, Sum: 0.0]
      [Object Copy (ms): Min: 207.9, Avg: 209.1, Max: 209.3, Diff: 1.4, Sum: 1673.0]
      [Termination (ms): Min: 0.0, Avg: 0.1, Max: 0.1, Diff: 0.1, Sum: 0.8]
         [Termination Attempts: Min: 1, Avg: 470.6, Max: 613, Diff: 612, Sum: 3765]
      [GC Worker Other (ms): Min: 0.0, Avg: 0.0, Max: 0.1, Diff: 0.1, Sum: 0.4]
      [GC Worker Total (ms): Min: 250.8, Avg: 250.9, Max: 251.1, Diff: 0.2, Sum: 2007.6]
      [GC Worker End (ms): Min: 129682.8, Avg: 129682.9, Max: 129682.9, Diff: 0.1]
   [Code Root Fixup: 0.0 ms]
   [Code Root Purge: 0.0 ms]
   [Clear CT: 0.2 ms]
   [Other: 1.3 ms]
      [Choose CSet: 0.0 ms]
      [Ref Proc: 0.3 ms]
      [Ref Enq: 0.0 ms]
      [Redirty Cards: 0.3 ms]
      [Humongous Register: 0.1 ms]
      [Humongous Reclaim: 0.0 ms]
      [Free CSet: 0.3 ms]
   [Eden: 218.0M(218.0M)->0.0B(171.0M) Survivors: 34.0M->32.0M Heap: 1084.5M(2048.0M)->1086.5M(2048.0M)]
 [Times: user=1.77 sys=0.00, real=0.25 secs] 
2020-09-29T12:22:49.557+0200: 129.712: [GC pause (G1 Humongous Allocation) (young) (initial-mark), 0.0666437 secs]
   [Parallel Time: 65.4 ms, GC Workers: 8]
      [GC Worker Start (ms): Min: 129711.8, Avg: 129711.9, Max: 129712.0, Diff: 0.2]
      [Ext Root Scanning (ms): Min: 0.0, Avg: 0.3, Max: 0.9, Diff: 0.9, Sum: 2.2]
      [Update RS (ms): Min: 24.4, Avg: 24.9, Max: 26.7, Diff: 2.3, Sum: 199.5]
         [Processed Buffers: Min: 9, Avg: 18.8, Max: 22, Diff: 13, Sum: 150]
      [Scan RS (ms): Min: 1.7, Avg: 3.4, Max: 4.0, Diff: 2.3, Sum: 27.2]
      [Code Root Scanning (ms): Min: 0.0, Avg: 0.0, Max: 0.0, Diff: 0.0, Sum: 0.0]
      [Object Copy (ms): Min: 36.4, Avg: 36.5, Max: 36.5, Diff: 0.2, Sum: 291.7]
      [Termination (ms): Min: 0.0, Avg: 0.1, Max: 0.2, Diff: 0.2, Sum: 0.9]
         [Termination Attempts: Min: 1, Avg: 121.8, Max: 168, Diff: 167, Sum: 974]
      [GC Worker Other (ms): Min: 0.0, Avg: 0.0, Max: 0.1, Diff: 0.1, Sum: 0.2]
      [GC Worker Total (ms): Min: 65.0, Avg: 65.2, Max: 65.4, Diff: 0.3, Sum: 521.7]
      [GC Worker End (ms): Min: 129777.0, Avg: 129777.1, Max: 129777.2, Diff: 0.1]
   [Code Root Fixup: 0.0 ms]
   [Code Root Purge: 0.0 ms]
   [Clear CT: 0.3 ms]
   [Other: 0.9 ms]
      [Choose CSet: 0.0 ms]
      [Ref Proc: 0.2 ms]
      [Ref Enq: 0.0 ms]
      [Redirty Cards: 0.3 ms]
      [Humongous Register: 0.1 ms]
      [Humongous Reclaim: 0.0 ms]
      [Free CSet: 0.1 ms]
   [Eden: 12.0M(171.0M)->0.0B(183.0M) Survivors: 32.0M->13.0M Heap: 1098.0M(2048.0M)->1101.0M(2048.0M)]
 [Times: user=0.42 sys=0.00, real=0.07 secs] 
2020-09-29T12:22:49.624+0200: 129.778: [GC concurrent-root-region-scan-start]
2020-09-29T12:22:49.628+0200: 129.783: [GC concurrent-root-region-scan-end, 0.0049020 secs]
2020-09-29T12:22:49.628+0200: 129.783: [GC concurrent-mark-start]
2020-09-29T12:22:49.634+0200: 129.789: [GC concurrent-mark-end, 0.0059489 secs]
2020-09-29T12:22:49.635+0200: 129.790: [GC remark 2020-09-29T12:22:49.635+0200: 129.790: [Finalize Marking, 0.0004057 secs] 2020-09-29T12:22:49.635+0200: 129.790: [GC ref-proc, 0.0005359 secs] 2020-09-29T12:22:49.636+0200: 129.791: [Unloading, 0.0006715 secs], 0.0023341 secs]
 [Times: user=0.00 sys=0.00, real=0.00 secs] 
2020-09-29T12:22:49.637+0200: 129.792: [GC cleanup 1118M->38M(2048M), 0.0017819 secs]
 [Times: user=0.00 sys=0.00, real=0.00 secs] 
2020-09-29T12:22:49.639+0200: 129.794: [GC concurrent-cleanup-start]
2020-09-29T12:22:49.641+0200: 129.796: [GC concurrent-cleanup-end, 0.0018411 secs]
2020-09-29T12:22:49.757+0200: 129.912: [GC pause (G1 Evacuation Pause) (young), 0.1643868 secs]
   [Parallel Time: 163.0 ms, GC Workers: 8]
      [GC Worker Start (ms): Min: 129912.3, Avg: 129912.4, Max: 129912.5, Diff: 0.2]
      [Ext Root Scanning (ms): Min: 0.0, Avg: 0.1, Max: 0.2, Diff: 0.2, Sum: 0.7]
      [Update RS (ms): Min: 15.3, Avg: 16.3, Max: 18.5, Diff: 3.2, Sum: 130.2]
         [Processed Buffers: Min: 11, Avg: 12.0, Max: 14, Diff: 3, Sum: 96]
      [Scan RS (ms): Min: 9.1, Avg: 11.4, Max: 12.5, Diff: 3.4, Sum: 91.3]
      [Code Root Scanning (ms): Min: 0.0, Avg: 0.0, Max: 0.0, Diff: 0.0, Sum: 0.0]
      [Object Copy (ms): Min: 134.7, Avg: 134.8, Max: 135.0, Diff: 0.3, Sum: 1078.5]
      [Termination (ms): Min: 0.0, Avg: 0.1, Max: 0.3, Diff: 0.3, Sum: 0.9]
         [Termination Attempts: Min: 1, Avg: 405.6, Max: 505, Diff: 504, Sum: 3245]
      [GC Worker Other (ms): Min: 0.0, Avg: 0.0, Max: 0.1, Diff: 0.0, Sum: 0.3]
      [GC Worker Total (ms): Min: 162.6, Avg: 162.7, Max: 162.8, Diff: 0.2, Sum: 1301.9]
      [GC Worker End (ms): Min: 130075.1, Avg: 130075.1, Max: 130075.1, Diff: 0.0]
   [Code Root Fixup: 0.0 ms]
   [Code Root Purge: 0.0 ms]
   [Clear CT: 0.2 ms]
   [Other: 1.1 ms]
      [Choose CSet: 0.0 ms]
      [Ref Proc: 0.3 ms]
      [Ref Enq: 0.0 ms]
      [Redirty Cards: 0.3 ms]
      [Humongous Register: 0.0 ms]
      [Humongous Reclaim: 0.0 ms]
      [Free CSet: 0.2 ms]
   [Eden: 183.0M(183.0M)->0.0B(176.0M) Survivors: 13.0M->25.0M Heap: 234.5M(2048.0M)->224.0M(2048.0M)]
 [Times: user=1.20 sys=0.00, real=0.16 secs] 
2020-09-29T12:22:50.045+0200: 130.200: [GC pause (G1 Evacuation Pause) (young), 0.1750535 secs]
   [Parallel Time: 173.8 ms, GC Workers: 8]
      [GC Worker Start (ms): Min: 130199.6, Avg: 130199.8, Max: 130199.9, Diff: 0.2]
      [Ext Root Scanning (ms): Min: 0.0, Avg: 0.1, Max: 0.2, Diff: 0.2, Sum: 0.6]
      [Update RS (ms): Min: 20.4, Avg: 20.6, Max: 20.9, Diff: 0.5, Sum: 164.9]
         [Processed Buffers: Min: 13, Avg: 15.8, Max: 18, Diff: 5, Sum: 126]
      [Scan RS (ms): Min: 12.4, Avg: 12.6, Max: 12.7, Diff: 0.4, Sum: 100.8]
      [Code Root Scanning (ms): Min: 0.0, Avg: 0.0, Max: 0.0, Diff: 0.0, Sum: 0.0]
      [Object Copy (ms): Min: 139.7, Avg: 140.1, Max: 140.2, Diff: 0.4, Sum: 1120.6]
      [Termination (ms): Min: 0.0, Avg: 0.1, Max: 0.1, Diff: 0.1, Sum: 0.6]
         [Termination Attempts: Min: 1, Avg: 383.6, Max: 473, Diff: 472, Sum: 3069]
      [GC Worker Other (ms): Min: 0.0, Avg: 0.0, Max: 0.1, Diff: 0.0, Sum: 0.3]
      [GC Worker Total (ms): Min: 173.4, Avg: 173.5, Max: 173.6, Diff: 0.2, Sum: 1387.8]
      [GC Worker End (ms): Min: 130373.2, Avg: 130373.3, Max: 130373.3, Diff: 0.0]
   [Code Root Fixup: 0.0 ms]
   [Code Root Purge: 0.0 ms]
   [Clear CT: 0.2 ms]
   [Other: 1.0 ms]
      [Choose CSet: 0.0 ms]
      [Ref Proc: 0.2 ms]
      [Ref Enq: 0.0 ms]
      [Redirty Cards: 0.3 ms]
      [Humongous Register: 0.0 ms]
      [Humongous Reclaim: 0.0 ms]
      [Free CSet: 0.2 ms]
   [Eden: 176.0M(176.0M)->0.0B(175.0M) Survivors: 25.0M->26.0M Heap: 430.5M(2048.0M)->432.5M(2048.0M)]
 [Times: user=1.30 sys=0.00, real=0.17 secs] 
2020-09-29T12:22:50.359+0200: 130.514: [GC pause (G1 Evacuation Pause) (young), 0.1887170 secs]
   [Parallel Time: 186.8 ms, GC Workers: 8]
      [GC Worker Start (ms): Min: 130514.0, Avg: 130514.5, Max: 130516.7, Diff: 2.7]
      [Ext Root Scanning (ms): Min: 0.0, Avg: 0.1, Max: 0.2, Diff: 0.2, Sum: 0.7]
      [Update RS (ms): Min: 14.9, Avg: 17.6, Max: 21.3, Diff: 6.4, Sum: 140.6]
         [Processed Buffers: Min: 1, Avg: 11.4, Max: 15, Diff: 14, Sum: 91]
      [Scan RS (ms): Min: 13.2, Avg: 16.6, Max: 17.6, Diff: 4.5, Sum: 132.7]
      [Code Root Scanning (ms): Min: 0.0, Avg: 0.0, Max: 0.0, Diff: 0.0, Sum: 0.0]
      [Object Copy (ms): Min: 151.1, Avg: 151.8, Max: 152.0, Diff: 0.9, Sum: 1214.3]
      [Termination (ms): Min: 0.0, Avg: 0.1, Max: 0.2, Diff: 0.1, Sum: 1.0]
         [Termination Attempts: Min: 1, Avg: 252.8, Max: 440, Diff: 439, Sum: 2022]
      [GC Worker Other (ms): Min: 0.0, Avg: 0.0, Max: 0.0, Diff: 0.0, Sum: 0.1]
      [GC Worker Total (ms): Min: 184.0, Avg: 186.2, Max: 186.7, Diff: 2.6, Sum: 1489.4]
      [GC Worker End (ms): Min: 130700.6, Avg: 130700.7, Max: 130700.7, Diff: 0.1]
   [Code Root Fixup: 0.0 ms]
   [Code Root Purge: 0.0 ms]
   [Clear CT: 0.2 ms]
   [Other: 1.7 ms]
      [Choose CSet: 0.0 ms]
      [Ref Proc: 0.3 ms]
      [Ref Enq: 0.0 ms]
      [Redirty Cards: 0.9 ms]
      [Humongous Register: 0.0 ms]
      [Humongous Reclaim: 0.0 ms]
      [Free CSet: 0.2 ms]
   [Eden: 175.0M(175.0M)->0.0B(169.0M) Survivors: 26.0M->26.0M Heap: 636.1M(2048.0M)->638.6M(2048.0M)]
 [Times: user=1.31 sys=0.02, real=0.19 secs] 
2020-09-29T12:22:50.680+0200: 130.835: [GC pause (G1 Evacuation Pause) (young), 0.1506898 secs]
   [Parallel Time: 149.4 ms, GC Workers: 8]
      [GC Worker Start (ms): Min: 130834.9, Avg: 130834.9, Max: 130835.0, Diff: 0.2]
      [Ext Root Scanning (ms): Min: 0.0, Avg: 0.1, Max: 0.2, Diff: 0.2, Sum: 0.6]
      [Update RS (ms): Min: 17.8, Avg: 17.9, Max: 18.1, Diff: 0.3, Sum: 143.3]
         [Processed Buffers: Min: 12, Avg: 14.6, Max: 16, Diff: 4, Sum: 117]
      [Scan RS (ms): Min: 11.7, Avg: 12.0, Max: 12.2, Diff: 0.5, Sum: 95.7]
      [Code Root Scanning (ms): Min: 0.0, Avg: 0.0, Max: 0.0, Diff: 0.0, Sum: 0.0]
      [Object Copy (ms): Min: 118.9, Avg: 119.1, Max: 119.2, Diff: 0.2, Sum: 952.4]
      [Termination (ms): Min: 0.0, Avg: 0.1, Max: 0.1, Diff: 0.1, Sum: 0.7]
         [Termination Attempts: Min: 1, Avg: 412.9, Max: 572, Diff: 571, Sum: 3303]
      [GC Worker Other (ms): Min: 0.0, Avg: 0.0, Max: 0.1, Diff: 0.1, Sum: 0.2]
      [GC Worker Total (ms): Min: 149.1, Avg: 149.1, Max: 149.2, Diff: 0.2, Sum: 1193.1]
      [GC Worker End (ms): Min: 130984.1, Avg: 130984.1, Max: 130984.1, Diff: 0.1]
   [Code Root Fixup: 0.0 ms]
   [Code Root Purge: 0.0 ms]
   [Clear CT: 0.2 ms]
   [Other: 1.1 ms]
      [Choose CSet: 0.0 ms]
      [Ref Proc: 0.2 ms]
      [Ref Enq: 0.0 ms]
      [Redirty Cards: 0.3 ms]
      [Humongous Register: 0.0 ms]
      [Humongous Reclaim: 0.0 ms]
      [Free CSet: 0.3 ms]
   [Eden: 169.0M(169.0M)->0.0B(181.0M) Survivors: 26.0M->25.0M Heap: 836.3M(2048.0M)->838.3M(2048.0M)]
 [Times: user=1.11 sys=0.00, real=0.15 secs] 
2020-09-29T12:22:50.958+0200: 131.113: [GC pause (G1 Evacuation Pause) (young), 0.1601719 secs]
   [Parallel Time: 158.8 ms, GC Workers: 8]
      [GC Worker Start (ms): Min: 131113.1, Avg: 131113.2, Max: 131113.3, Diff: 0.2]
      [Ext Root Scanning (ms): Min: 0.0, Avg: 0.1, Max: 0.2, Diff: 0.2, Sum: 0.6]
      [Update RS (ms): Min: 17.6, Avg: 17.8, Max: 18.5, Diff: 0.9, Sum: 142.3]
         [Processed Buffers: Min: 14, Avg: 15.0, Max: 17, Diff: 3, Sum: 120]
      [Scan RS (ms): Min: 12.7, Avg: 13.5, Max: 13.7, Diff: 1.0, Sum: 107.9]
      [Code Root Scanning (ms): Min: 0.0, Avg: 0.0, Max: 0.0, Diff: 0.0, Sum: 0.0]
      [Object Copy (ms): Min: 126.8, Avg: 126.9, Max: 127.1, Diff: 0.2, Sum: 1015.2]
      [Termination (ms): Min: 0.0, Avg: 0.2, Max: 0.2, Diff: 0.2, Sum: 1.3]
         [Termination Attempts: Min: 1, Avg: 711.0, Max: 985, Diff: 984, Sum: 5688]
      [GC Worker Other (ms): Min: 0.0, Avg: 0.0, Max: 0.1, Diff: 0.0, Sum: 0.3]
      [GC Worker Total (ms): Min: 158.4, Avg: 158.4, Max: 158.6, Diff: 0.2, Sum: 1267.6]
      [GC Worker End (ms): Min: 131271.6, Avg: 131271.7, Max: 131271.7, Diff: 0.0]
   [Code Root Fixup: 0.0 ms]
   [Code Root Purge: 0.0 ms]
   [Clear CT: 0.2 ms]
   [Other: 1.2 ms]
      [Choose CSet: 0.0 ms]
      [Ref Proc: 0.2 ms]
      [Ref Enq: 0.0 ms]
      [Redirty Cards: 0.5 ms]
      [Humongous Register: 0.0 ms]
      [Humongous Reclaim: 0.0 ms]
      [Free CSet: 0.2 ms]
   [Eden: 181.0M(181.0M)->0.0B(189.0M) Survivors: 25.0M->26.0M Heap: 1049.8M(2048.0M)->1051.8M(2048.0M)]
 [Times: user=1.22 sys=0.00, real=0.16 secs] 
2020-09-29T12:22:51.135+0200: 131.290: [GC pause (G1 Humongous Allocation) (young) (initial-mark), 0.0718421 secs]
   [Parallel Time: 70.7 ms, GC Workers: 8]
      [GC Worker Start (ms): Min: 131290.4, Avg: 131290.5, Max: 131290.6, Diff: 0.2]
      [Ext Root Scanning (ms): Min: 0.0, Avg: 0.6, Max: 1.2, Diff: 1.2, Sum: 4.4]
      [Update RS (ms): Min: 28.6, Avg: 29.7, Max: 33.3, Diff: 4.7, Sum: 237.9]
         [Processed Buffers: Min: 13, Avg: 22.3, Max: 27, Diff: 14, Sum: 178]
      [Scan RS (ms): Min: 0.0, Avg: 3.0, Max: 4.1, Diff: 4.1, Sum: 23.8]
      [Code Root Scanning (ms): Min: 0.0, Avg: 0.0, Max: 0.0, Diff: 0.0, Sum: 0.0]
      [Object Copy (ms): Min: 36.1, Avg: 37.1, Max: 37.3, Diff: 1.2, Sum: 296.7]
      [Termination (ms): Min: 0.0, Avg: 0.1, Max: 0.1, Diff: 0.1, Sum: 0.6]
         [Termination Attempts: Min: 1, Avg: 138.9, Max: 241, Diff: 240, Sum: 1111]
      [GC Worker Other (ms): Min: 0.0, Avg: 0.0, Max: 0.0, Diff: 0.0, Sum: 0.1]
      [GC Worker Total (ms): Min: 70.3, Avg: 70.4, Max: 70.6, Diff: 0.2, Sum: 563.5]
      [GC Worker End (ms): Min: 131360.9, Avg: 131361.0, Max: 131361.0, Diff: 0.0]
   [Code Root Fixup: 0.0 ms]
   [Code Root Purge: 0.0 ms]
   [Clear CT: 0.2 ms]
   [Other: 0.9 ms]
      [Choose CSet: 0.0 ms]
      [Ref Proc: 0.3 ms]
      [Ref Enq: 0.0 ms]
      [Redirty Cards: 0.2 ms]
      [Humongous Register: 0.1 ms]
      [Humongous Reclaim: 0.0 ms]
      [Free CSet: 0.1 ms]
   [Eden: 9216.0K(189.0M)->0.0B(173.0M) Survivors: 26.0M->11.0M Heap: 1060.8M(2048.0M)->1064.8M(2048.0M)]
 [Times: user=0.42 sys=0.00, real=0.07 secs] 
2020-09-29T12:22:51.207+0200: 131.362: [GC concurrent-root-region-scan-start]
2020-09-29T12:22:51.210+0200: 131.366: [GC concurrent-root-region-scan-end, 0.0033580 secs]
2020-09-29T12:22:51.210+0200: 131.366: [GC concurrent-mark-start]
2020-09-29T12:22:51.214+0200: 131.369: [GC concurrent-mark-end, 0.0036740 secs]
2020-09-29T12:22:51.214+0200: 131.370: [GC remark 2020-09-29T12:22:51.214+0200: 131.370: [Finalize Marking, 0.0002918 secs] 2020-09-29T12:22:51.215+0200: 131.370: [GC ref-proc, 0.0004327 secs] 2020-09-29T12:22:51.215+0200: 131.371: [Unloading, 0.0005592 secs], 0.0018106 secs]
 [Times: user=0.00 sys=0.00, real=0.00 secs] 
2020-09-29T12:22:51.217+0200: 131.372: [GC cleanup 1076M->30M(2048M), 0.0019275 secs]
 [Times: user=0.00 sys=0.00, real=0.00 secs] 
2020-09-29T12:22:51.219+0200: 131.374: [GC concurrent-cleanup-start]
2020-09-29T12:22:51.221+0200: 131.376: [GC concurrent-cleanup-end, 0.0021773 secs]
2020-09-29T12:22:51.334+0200: 131.490: [GC pause (G1 Evacuation Pause) (young), 0.1577457 secs]
   [Parallel Time: 156.2 ms, GC Workers: 8]
      [GC Worker Start (ms): Min: 131489.7, Avg: 131489.8, Max: 131489.9, Diff: 0.2]
      [Ext Root Scanning (ms): Min: 0.0, Avg: 0.1, Max: 0.2, Diff: 0.2, Sum: 0.8]
      [Update RS (ms): Min: 20.7, Avg: 20.9, Max: 21.4, Diff: 0.7, Sum: 167.0]
         [Processed Buffers: Min: 15, Avg: 15.8, Max: 18, Diff: 3, Sum: 126]
      [Scan RS (ms): Min: 10.4, Avg: 10.9, Max: 11.0, Diff: 0.7, Sum: 86.9]
      [Code Root Scanning (ms): Min: 0.0, Avg: 0.0, Max: 0.0, Diff: 0.0, Sum: 0.0]
      [Object Copy (ms): Min: 124.0, Avg: 124.1, Max: 124.1, Diff: 0.2, Sum: 992.6]
      [Termination (ms): Min: 0.0, Avg: 0.1, Max: 0.2, Diff: 0.2, Sum: 0.8]
         [Termination Attempts: Min: 1, Avg: 53.5, Max: 94, Diff: 93, Sum: 428]
      [GC Worker Other (ms): Min: 0.0, Avg: 0.0, Max: 0.0, Diff: 0.0, Sum: 0.1]
      [GC Worker Total (ms): Min: 155.9, Avg: 156.0, Max: 156.2, Diff: 0.3, Sum: 1248.2]
      [GC Worker End (ms): Min: 131645.8, Avg: 131645.8, Max: 131645.9, Diff: 0.1]
   [Code Root Fixup: 0.0 ms]
   [Code Root Purge: 0.0 ms]
   [Clear CT: 0.3 ms]
   [Other: 1.2 ms]
      [Choose CSet: 0.0 ms]
      [Ref Proc: 0.3 ms]
      [Ref Enq: 0.0 ms]
      [Redirty Cards: 0.3 ms]
      [Humongous Register: 0.1 ms]
      [Humongous Reclaim: 0.0 ms]
      [Free CSet: 0.2 ms]
   [Eden: 173.0M(173.0M)->0.0B(169.0M) Survivors: 11.0M->23.0M Heap: 222.0M(2048.0M)->213.0M(2048.0M)]
 [Times: user=1.14 sys=0.00, real=0.16 secs] 
2020-09-29T12:22:51.624+0200: 131.780: [GC pause (G1 Evacuation Pause) (young), 0.1680629 secs]
   [Parallel Time: 166.6 ms, GC Workers: 8]
      [GC Worker Start (ms): Min: 131780.0, Avg: 131780.0, Max: 131780.1, Diff: 0.1]
      [Ext Root Scanning (ms): Min: 0.0, Avg: 0.1, Max: 0.2, Diff: 0.1, Sum: 0.7]
      [Update RS (ms): Min: 15.9, Avg: 16.2, Max: 16.8, Diff: 0.9, Sum: 130.0]
         [Processed Buffers: Min: 9, Avg: 12.1, Max: 14, Diff: 5, Sum: 97]
      [Scan RS (ms): Min: 13.5, Avg: 14.1, Max: 14.5, Diff: 1.0, Sum: 112.6]
      [Code Root Scanning (ms): Min: 0.0, Avg: 0.0, Max: 0.0, Diff: 0.0, Sum: 0.0]
      [Object Copy (ms): Min: 135.9, Avg: 135.9, Max: 136.0, Diff: 0.2, Sum: 1087.5]
      [Termination (ms): Min: 0.0, Avg: 0.1, Max: 0.1, Diff: 0.1, Sum: 0.5]
         [Termination Attempts: Min: 1, Avg: 43.1, Max: 72, Diff: 71, Sum: 345]
      [GC Worker Other (ms): Min: 0.0, Avg: 0.0, Max: 0.1, Diff: 0.1, Sum: 0.3]
      [GC Worker Total (ms): Min: 166.4, Avg: 166.4, Max: 166.5, Diff: 0.1, Sum: 1331.6]
      [GC Worker End (ms): Min: 131946.5, Avg: 131946.5, Max: 131946.5, Diff: 0.1]
   [Code Root Fixup: 0.0 ms]
   [Code Root Purge: 0.0 ms]
   [Clear CT: 0.3 ms]
   [Other: 1.2 ms]
      [Choose CSet: 0.0 ms]
      [Ref Proc: 0.3 ms]
      [Ref Enq: 0.0 ms]
      [Redirty Cards: 0.3 ms]
      [Humongous Register: 0.0 ms]
      [Humongous Reclaim: 0.0 ms]
      [Free CSet: 0.2 ms]
   [Eden: 169.0M(169.0M)->0.0B(172.0M) Survivors: 23.0M->24.0M Heap: 408.7M(2048.0M)->411.2M(2048.0M)]
 [Times: user=1.23 sys=0.02, real=0.17 secs] 
2020-09-29T12:22:51.922+0200: 132.078: [GC pause (G1 Evacuation Pause) (young), 0.1673051 secs]
   [Parallel Time: 166.1 ms, GC Workers: 8]
      [GC Worker Start (ms): Min: 132077.6, Avg: 132077.7, Max: 132077.9, Diff: 0.3]
      [Ext Root Scanning (ms): Min: 0.0, Avg: 0.1, Max: 0.2, Diff: 0.2, Sum: 0.8]
      [Update RS (ms): Min: 18.1, Avg: 18.7, Max: 19.2, Diff: 1.1, Sum: 149.2]
         [Processed Buffers: Min: 13, Avg: 14.1, Max: 15, Diff: 2, Sum: 113]
      [Scan RS (ms): Min: 10.6, Avg: 11.3, Max: 12.0, Diff: 1.3, Sum: 90.4]
      [Code Root Scanning (ms): Min: 0.0, Avg: 0.0, Max: 0.0, Diff: 0.0, Sum: 0.0]
      [Object Copy (ms): Min: 135.3, Avg: 135.8, Max: 135.9, Diff: 0.7, Sum: 1086.5]
      [Termination (ms): Min: 0.0, Avg: 0.0, Max: 0.0, Diff: 0.0, Sum: 0.3]
         [Termination Attempts: Min: 1, Avg: 178.3, Max: 244, Diff: 243, Sum: 1426]
      [GC Worker Other (ms): Min: 0.0, Avg: 0.0, Max: 0.1, Diff: 0.1, Sum: 0.3]
      [GC Worker Total (ms): Min: 165.8, Avg: 165.9, Max: 166.0, Diff: 0.2, Sum: 1327.5]
      [GC Worker End (ms): Min: 132243.6, Avg: 132243.7, Max: 132243.7, Diff: 0.1]
   [Code Root Fixup: 0.0 ms]
   [Code Root Purge: 0.0 ms]
   [Clear CT: 0.2 ms]
   [Other: 1.0 ms]
      [Choose CSet: 0.0 ms]
      [Ref Proc: 0.2 ms]
      [Ref Enq: 0.0 ms]
      [Redirty Cards: 0.2 ms]
      [Humongous Register: 0.0 ms]
      [Humongous Reclaim: 0.0 ms]
      [Free CSet: 0.2 ms]
   [Eden: 172.0M(172.0M)->0.0B(177.0M) Survivors: 24.0M->25.0M Heap: 611.8M(2048.0M)->614.3M(2048.0M)]
 [Times: user=1.28 sys=0.00, real=0.17 secs] 
2020-09-29T12:22:52.224+0200: 132.379: [GC pause (G1 Evacuation Pause) (young), 0.1662212 secs]
   [Parallel Time: 165.0 ms, GC Workers: 8]
      [GC Worker Start (ms): Min: 132379.0, Avg: 132379.1, Max: 132379.2, Diff: 0.2]
      [Ext Root Scanning (ms): Min: 0.0, Avg: 0.1, Max: 0.2, Diff: 0.2, Sum: 0.9]
      [Update RS (ms): Min: 26.3, Avg: 26.6, Max: 27.4, Diff: 1.1, Sum: 212.7]
         [Processed Buffers: Min: 18, Avg: 19.9, Max: 25, Diff: 7, Sum: 159]
      [Scan RS (ms): Min: 8.9, Avg: 9.7, Max: 10.0, Diff: 1.1, Sum: 77.3]
      [Code Root Scanning (ms): Min: 0.0, Avg: 0.0, Max: 0.0, Diff: 0.0, Sum: 0.0]
      [Object Copy (ms): Min: 128.2, Avg: 128.2, Max: 128.3, Diff: 0.2, Sum: 1025.9]
      [Termination (ms): Min: 0.0, Avg: 0.1, Max: 0.1, Diff: 0.1, Sum: 0.4]
         [Termination Attempts: Min: 1, Avg: 49.3, Max: 76, Diff: 75, Sum: 394]
      [GC Worker Other (ms): Min: 0.0, Avg: 0.0, Max: 0.0, Diff: 0.0, Sum: 0.1]
      [GC Worker Total (ms): Min: 164.6, Avg: 164.7, Max: 164.8, Diff: 0.1, Sum: 1317.4]
      [GC Worker End (ms): Min: 132543.8, Avg: 132543.8, Max: 132543.8, Diff: 0.0]
   [Code Root Fixup: 0.0 ms]
   [Code Root Purge: 0.0 ms]
   [Clear CT: 0.3 ms]
   [Other: 1.0 ms]
      [Choose CSet: 0.0 ms]
      [Ref Proc: 0.2 ms]
      [Ref Enq: 0.0 ms]
      [Redirty Cards: 0.3 ms]
      [Humongous Register: 0.1 ms]
      [Humongous Reclaim: 0.0 ms]
      [Free CSet: 0.2 ms]
   [Eden: 177.0M(177.0M)->0.0B(183.0M) Survivors: 25.0M->26.0M Heap: 821.8M(2048.0M)->824.3M(2048.0M)]
 [Times: user=1.14 sys=0.02, real=0.17 secs] 
2020-09-29T12:22:52.531+0200: 132.686: [GC pause (G1 Evacuation Pause) (young), 0.1793942 secs]
   [Parallel Time: 178.2 ms, GC Workers: 8]
      [GC Worker Start (ms): Min: 132686.1, Avg: 132686.4, Max: 132687.0, Diff: 0.9]
      [Ext Root Scanning (ms): Min: 0.0, Avg: 0.1, Max: 0.4, Diff: 0.4, Sum: 1.1]
      [Update RS (ms): Min: 19.3, Avg: 20.3, Max: 20.7, Diff: 1.4, Sum: 162.3]
         [Processed Buffers: Min: 8, Avg: 14.6, Max: 19, Diff: 11, Sum: 117]
      [Scan RS (ms): Min: 14.7, Avg: 15.1, Max: 15.5, Diff: 0.8, Sum: 120.9]
      [Code Root Scanning (ms): Min: 0.0, Avg: 0.0, Max: 0.0, Diff: 0.0, Sum: 0.0]
      [Object Copy (ms): Min: 141.8, Avg: 142.3, Max: 142.5, Diff: 0.7, Sum: 1138.1]
      [Termination (ms): Min: 0.0, Avg: 0.0, Max: 0.0, Diff: 0.0, Sum: 0.1]
         [Termination Attempts: Min: 1, Avg: 26.8, Max: 40, Diff: 39, Sum: 214]
      [GC Worker Other (ms): Min: 0.0, Avg: 0.0, Max: 0.1, Diff: 0.1, Sum: 0.4]
      [GC Worker Total (ms): Min: 177.2, Avg: 177.9, Max: 178.1, Diff: 0.9, Sum: 1422.8]
      [GC Worker End (ms): Min: 132864.2, Avg: 132864.2, Max: 132864.3, Diff: 0.1]
   [Code Root Fixup: 0.0 ms]
   [Code Root Purge: 0.0 ms]
   [Clear CT: 0.2 ms]
   [Other: 0.9 ms]
      [Choose CSet: 0.0 ms]
      [Ref Proc: 0.2 ms]
      [Ref Enq: 0.0 ms]
      [Redirty Cards: 0.3 ms]
      [Humongous Register: 0.1 ms]
      [Humongous Reclaim: 0.0 ms]
      [Free CSet: 0.2 ms]
   [Eden: 183.0M(183.0M)->0.0B(183.0M) Survivors: 26.0M->27.0M Heap: 1037.9M(2048.0M)->1040.9M(2048.0M)]
 [Times: user=1.41 sys=0.00, real=0.18 secs] 
2020-09-29T12:22:52.727+0200: 132.881: [GC pause (G1 Humongous Allocation) (young) (initial-mark), 0.0487769 secs]
   [Parallel Time: 47.5 ms, GC Workers: 8]
      [GC Worker Start (ms): Min: 132881.7, Avg: 132881.8, Max: 132881.8, Diff: 0.1]
      [Ext Root Scanning (ms): Min: 0.1, Avg: 0.1, Max: 0.2, Diff: 0.1, Sum: 0.9]
      [Update RS (ms): Min: 21.9, Avg: 22.4, Max: 23.0, Diff: 1.1, Sum: 179.0]
         [Processed Buffers: Min: 17, Avg: 20.0, Max: 22, Diff: 5, Sum: 160]
      [Scan RS (ms): Min: 2.1, Avg: 2.8, Max: 3.2, Diff: 1.1, Sum: 22.1]
      [Code Root Scanning (ms): Min: 0.0, Avg: 0.0, Max: 0.0, Diff: 0.0, Sum: 0.0]
      [Object Copy (ms): Min: 21.9, Avg: 22.0, Max: 22.0, Diff: 0.1, Sum: 176.1]
      [Termination (ms): Min: 0.0, Avg: 0.0, Max: 0.0, Diff: 0.0, Sum: 0.2]
         [Termination Attempts: Min: 1, Avg: 101.8, Max: 142, Diff: 141, Sum: 814]
      [GC Worker Other (ms): Min: 0.0, Avg: 0.0, Max: 0.0, Diff: 0.0, Sum: 0.2]
      [GC Worker Total (ms): Min: 47.2, Avg: 47.3, Max: 47.4, Diff: 0.1, Sum: 378.4]
      [GC Worker End (ms): Min: 132929.1, Avg: 132929.1, Max: 132929.1, Diff: 0.0]
   [Code Root Fixup: 0.0 ms]
   [Code Root Purge: 0.0 ms]
   [Clear CT: 0.2 ms]
   [Other: 1.0 ms]
      [Choose CSet: 0.0 ms]
      [Ref Proc: 0.3 ms]
      [Ref Enq: 0.0 ms]
      [Redirty Cards: 0.3 ms]
      [Humongous Register: 0.1 ms]
      [Humongous Reclaim: 0.0 ms]
      [Free CSet: 0.1 ms]
   [Eden: 8192.0K(183.0M)->0.0B(214.0M) Survivors: 27.0M->10.0M Heap: 1048.4M(2048.0M)->1052.4M(2048.0M)]
 [Times: user=0.38 sys=0.00, real=0.05 secs] 
2020-09-29T12:22:52.776+0200: 132.931: [GC concurrent-root-region-scan-start]
2020-09-29T12:22:52.779+0200: 132.934: [GC concurrent-root-region-scan-end, 0.0030865 secs]
2020-09-29T12:22:52.779+0200: 132.934: [GC concurrent-mark-start]
2020-09-29T12:22:52.783+0200: 132.938: [GC concurrent-mark-end, 0.0040071 secs]
2020-09-29T12:22:52.783+0200: 132.938: [GC remark 2020-09-29T12:22:52.783+0200: 132.938: [Finalize Marking, 0.0003246 secs] 2020-09-29T12:22:52.783+0200: 132.938: [GC ref-proc, 0.0004863 secs] 2020-09-29T12:22:52.784+0200: 132.939: [Unloading, 0.0006715 secs], 0.0021567 secs]
 [Times: user=0.00 sys=0.00, real=0.00 secs] 
2020-09-29T12:22:52.786+0200: 132.940: [GC cleanup 1064M->29M(2048M), 0.0023504 secs]
 [Times: user=0.00 sys=0.00, real=0.00 secs] 
2020-09-29T12:22:52.788+0200: 132.943: [GC concurrent-cleanup-start]
2020-09-29T12:22:52.790+0200: 132.945: [GC concurrent-cleanup-end, 0.0023117 secs]
2020-09-29T12:22:52.930+0200: 133.085: [GC pause (G1 Evacuation Pause) (young), 0.1628623 secs]
   [Parallel Time: 161.5 ms, GC Workers: 8]
      [GC Worker Start (ms): Min: 133084.8, Avg: 133084.8, Max: 133084.9, Diff: 0.2]
      [Ext Root Scanning (ms): Min: 0.0, Avg: 0.1, Max: 0.2, Diff: 0.2, Sum: 0.7]
      [Update RS (ms): Min: 14.1, Avg: 14.4, Max: 15.0, Diff: 0.9, Sum: 115.6]
         [Processed Buffers: Min: 10, Avg: 11.3, Max: 14, Diff: 4, Sum: 90]
      [Scan RS (ms): Min: 16.9, Avg: 17.5, Max: 17.8, Diff: 0.9, Sum: 139.9]
      [Code Root Scanning (ms): Min: 0.0, Avg: 0.0, Max: 0.0, Diff: 0.0, Sum: 0.0]
      [Object Copy (ms): Min: 129.0, Avg: 129.1, Max: 129.2, Diff: 0.2, Sum: 1033.1]
      [Termination (ms): Min: 0.0, Avg: 0.0, Max: 0.1, Diff: 0.1, Sum: 0.3]
         [Termination Attempts: Min: 1, Avg: 187.0, Max: 264, Diff: 263, Sum: 1496]
      [GC Worker Other (ms): Min: 0.0, Avg: 0.0, Max: 0.1, Diff: 0.1, Sum: 0.3]
      [GC Worker Total (ms): Min: 161.2, Avg: 161.3, Max: 161.3, Diff: 0.2, Sum: 1290.0]
      [GC Worker End (ms): Min: 133246.1, Avg: 133246.1, Max: 133246.1, Diff: 0.1]
   [Code Root Fixup: 0.0 ms]
   [Code Root Purge: 0.0 ms]
   [Clear CT: 0.3 ms]
   [Other: 1.0 ms]
      [Choose CSet: 0.0 ms]
      [Ref Proc: 0.2 ms]
      [Ref Enq: 0.0 ms]
      [Redirty Cards: 0.3 ms]
      [Humongous Register: 0.0 ms]
      [Humongous Reclaim: 0.0 ms]
      [Free CSet: 0.2 ms]
   [Eden: 214.0M(214.0M)->0.0B(200.0M) Survivors: 10.0M->28.0M Heap: 267.7M(2048.0M)->260.2M(2048.0M)]
 [Times: user=1.19 sys=0.00, real=0.16 secs] 
2020-09-29T12:22:53.228+0200: 133.382: [GC pause (G1 Evacuation Pause) (young), 0.2087722 secs]
   [Parallel Time: 207.4 ms, GC Workers: 8]
      [GC Worker Start (ms): Min: 133382.6, Avg: 133382.7, Max: 133382.8, Diff: 0.2]
      [Ext Root Scanning (ms): Min: 0.0, Avg: 0.1, Max: 0.2, Diff: 0.2, Sum: 0.6]
      [Update RS (ms): Min: 17.1, Avg: 18.3, Max: 25.0, Diff: 7.9, Sum: 146.2]
         [Processed Buffers: Min: 0, Avg: 14.4, Max: 18, Diff: 18, Sum: 115]
      [Scan RS (ms): Min: 10.2, Avg: 17.5, Max: 22.6, Diff: 12.4, Sum: 140.3]
      [Code Root Scanning (ms): Min: 0.0, Avg: 0.0, Max: 0.0, Diff: 0.0, Sum: 0.0]
      [Object Copy (ms): Min: 167.3, Avg: 171.1, Max: 171.8, Diff: 4.5, Sum: 1369.1]
      [Termination (ms): Min: 0.0, Avg: 0.0, Max: 0.1, Diff: 0.1, Sum: 0.3]
         [Termination Attempts: Min: 1, Avg: 16.3, Max: 37, Diff: 36, Sum: 130]
      [GC Worker Other (ms): Min: 0.0, Avg: 0.0, Max: 0.0, Diff: 0.0, Sum: 0.2]
      [GC Worker Total (ms): Min: 207.0, Avg: 207.1, Max: 207.2, Diff: 0.2, Sum: 1656.7]
      [GC Worker End (ms): Min: 133589.8, Avg: 133589.8, Max: 133589.8, Diff: 0.0]
   [Code Root Fixup: 0.0 ms]
   [Code Root Purge: 0.0 ms]
   [Clear CT: 0.2 ms]
   [Other: 1.2 ms]
      [Choose CSet: 0.0 ms]
      [Ref Proc: 0.3 ms]
      [Ref Enq: 0.0 ms]
      [Redirty Cards: 0.2 ms]
      [Humongous Register: 0.0 ms]
      [Humongous Reclaim: 0.0 ms]
      [Free CSet: 0.3 ms]
   [Eden: 200.0M(200.0M)->0.0B(181.0M) Survivors: 28.0M->29.0M Heap: 494.6M(2048.0M)->497.1M(2048.0M)]
 [Times: user=1.47 sys=0.01, real=0.21 secs] 
2020-09-29T12:22:53.594+0200: 133.749: [GC pause (G1 Evacuation Pause) (young), 0.1742352 secs]
   [Parallel Time: 172.8 ms, GC Workers: 8]
      [GC Worker Start (ms): Min: 133748.8, Avg: 133749.1, Max: 133749.6, Diff: 0.8]
      [Ext Root Scanning (ms): Min: 0.0, Avg: 0.1, Max: 0.2, Diff: 0.2, Sum: 0.8]
      [Update RS (ms): Min: 18.2, Avg: 18.9, Max: 20.4, Diff: 2.2, Sum: 151.6]
         [Processed Buffers: Min: 11, Avg: 13.4, Max: 15, Diff: 4, Sum: 107]
      [Scan RS (ms): Min: 13.3, Avg: 14.9, Max: 15.9, Diff: 2.6, Sum: 119.2]
      [Code Root Scanning (ms): Min: 0.0, Avg: 0.0, Max: 0.0, Diff: 0.0, Sum: 0.0]
      [Object Copy (ms): Min: 137.5, Avg: 138.4, Max: 138.6, Diff: 1.1, Sum: 1107.3]
      [Termination (ms): Min: 0.0, Avg: 0.0, Max: 0.2, Diff: 0.2, Sum: 0.4]
         [Termination Attempts: Min: 1, Avg: 140.5, Max: 181, Diff: 180, Sum: 1124]
      [GC Worker Other (ms): Min: 0.0, Avg: 0.0, Max: 0.1, Diff: 0.0, Sum: 0.3]
      [GC Worker Total (ms): Min: 172.0, Avg: 172.4, Max: 172.8, Diff: 0.8, Sum: 1379.6]
      [GC Worker End (ms): Min: 133921.5, Avg: 133921.6, Max: 133921.6, Diff: 0.0]
   [Code Root Fixup: 0.0 ms]
   [Code Root Purge: 0.0 ms]
   [Clear CT: 0.2 ms]
   [Other: 1.2 ms]
      [Choose CSet: 0.0 ms]
      [Ref Proc: 0.2 ms]
      [Ref Enq: 0.0 ms]
      [Redirty Cards: 0.4 ms]
      [Humongous Register: 0.1 ms]
      [Humongous Reclaim: 0.0 ms]
      [Free CSet: 0.2 ms]
   [Eden: 181.0M(181.0M)->0.0B(184.0M) Survivors: 29.0M->27.0M Heap: 706.7M(2048.0M)->708.7M(2048.0M)]
 [Times: user=1.25 sys=0.00, real=0.17 secs] 
2020-09-29T12:22:53.915+0200: 134.070: [GC pause (G1 Evacuation Pause) (young), 0.1793362 secs]
   [Parallel Time: 178.0 ms, GC Workers: 8]
      [GC Worker Start (ms): Min: 134070.6, Avg: 134070.7, Max: 134070.8, Diff: 0.2]
      [Ext Root Scanning (ms): Min: 0.0, Avg: 0.1, Max: 0.2, Diff: 0.2, Sum: 0.6]
      [Update RS (ms): Min: 21.4, Avg: 21.8, Max: 23.9, Diff: 2.5, Sum: 174.4]
         [Processed Buffers: Min: 1, Avg: 16.5, Max: 22, Diff: 21, Sum: 132]
      [Scan RS (ms): Min: 10.9, Avg: 13.0, Max: 13.4, Diff: 2.5, Sum: 103.9]
      [Code Root Scanning (ms): Min: 0.0, Avg: 0.0, Max: 0.0, Diff: 0.0, Sum: 0.0]
      [Object Copy (ms): Min: 142.6, Avg: 142.7, Max: 142.8, Diff: 0.1, Sum: 1141.5]
      [Termination (ms): Min: 0.0, Avg: 0.1, Max: 0.2, Diff: 0.2, Sum: 1.1]
         [Termination Attempts: Min: 1, Avg: 609.6, Max: 751, Diff: 750, Sum: 4877]
      [GC Worker Other (ms): Min: 0.0, Avg: 0.0, Max: 0.0, Diff: 0.0, Sum: 0.2]
      [GC Worker Total (ms): Min: 177.7, Avg: 177.7, Max: 177.8, Diff: 0.2, Sum: 1421.8]
      [GC Worker End (ms): Min: 134248.4, Avg: 134248.4, Max: 134248.4, Diff: 0.0]
   [Code Root Fixup: 0.0 ms]
   [Code Root Purge: 0.0 ms]
   [Clear CT: 0.2 ms]
   [Other: 1.1 ms]
      [Choose CSet: 0.0 ms]
      [Ref Proc: 0.3 ms]
      [Ref Enq: 0.0 ms]
      [Redirty Cards: 0.3 ms]
      [Humongous Register: 0.1 ms]
      [Humongous Reclaim: 0.0 ms]
      [Free CSet: 0.3 ms]
   [Eden: 184.0M(184.0M)->0.0B(185.0M) Survivors: 27.0M->27.0M Heap: 925.1M(2048.0M)->927.1M(2048.0M)]
 [Times: user=1.36 sys=0.00, real=0.18 secs] 
2020-09-29T12:22:54.176+0200: 134.330: [GC pause (G1 Humongous Allocation) (young) (initial-mark), 0.1133744 secs]
   [Parallel Time: 112.1 ms, GC Workers: 8]
      [GC Worker Start (ms): Min: 134330.7, Avg: 134330.8, Max: 134330.9, Diff: 0.2]
      [Ext Root Scanning (ms): Min: 0.0, Avg: 0.1, Max: 0.2, Diff: 0.2, Sum: 0.8]
      [Update RS (ms): Min: 24.0, Avg: 24.9, Max: 25.9, Diff: 1.9, Sum: 199.2]
         [Processed Buffers: Min: 14, Avg: 15.4, Max: 17, Diff: 3, Sum: 123]
      [Scan RS (ms): Min: 2.4, Avg: 3.4, Max: 4.2, Diff: 1.8, Sum: 27.2]
      [Code Root Scanning (ms): Min: 0.0, Avg: 0.0, Max: 0.0, Diff: 0.0, Sum: 0.0]
      [Object Copy (ms): Min: 83.2, Avg: 83.3, Max: 83.3, Diff: 0.1, Sum: 666.2]
      [Termination (ms): Min: 0.0, Avg: 0.1, Max: 0.1, Diff: 0.1, Sum: 0.4]
         [Termination Attempts: Min: 1, Avg: 188.6, Max: 287, Diff: 286, Sum: 1509]
      [GC Worker Other (ms): Min: 0.0, Avg: 0.0, Max: 0.0, Diff: 0.0, Sum: 0.2]
      [GC Worker Total (ms): Min: 111.7, Avg: 111.8, Max: 111.9, Diff: 0.2, Sum: 894.0]
      [GC Worker End (ms): Min: 134442.5, Avg: 134442.6, Max: 134442.6, Diff: 0.0]
   [Code Root Fixup: 0.0 ms]
   [Code Root Purge: 0.0 ms]
   [Clear CT: 0.3 ms]
   [Other: 1.0 ms]
      [Choose CSet: 0.0 ms]
      [Ref Proc: 0.3 ms]
      [Ref Enq: 0.0 ms]
      [Redirty Cards: 0.3 ms]
      [Humongous Register: 0.0 ms]
      [Humongous Reclaim: 0.0 ms]
      [Free CSet: 0.1 ms]
   [Eden: 91.0M(185.0M)->0.0B(185.0M) Survivors: 27.0M->27.0M Heap: 1031.5M(2048.0M)->1034.0M(2048.0M)]
 [Times: user=1.00 sys=0.00, real=0.11 secs] 
2020-09-29T12:22:54.289+0200: 134.444: [GC concurrent-root-region-scan-start]
2020-09-29T12:22:54.300+0200: 134.455: [GC concurrent-root-region-scan-end, 0.0111793 secs]
2020-09-29T12:22:54.300+0200: 134.455: [GC concurrent-mark-start]
2020-09-29T12:22:54.305+0200: 134.460: [GC concurrent-mark-end, 0.0048098 secs]
2020-09-29T12:22:54.305+0200: 134.461: [GC remark 2020-09-29T12:22:54.305+0200: 134.461: [Finalize Marking, 0.0003493 secs] 2020-09-29T12:22:54.306+0200: 134.461: [GC ref-proc, 0.0004158 secs] 2020-09-29T12:22:54.306+0200: 134.461: [Unloading, 0.0008129 secs], 0.0019792 secs]
 [Times: user=0.00 sys=0.00, real=0.00 secs] 
2020-09-29T12:22:54.308+0200: 134.463: [GC cleanup 1058M->59M(2048M), 0.0017830 secs]
 [Times: user=0.00 sys=0.00, real=0.00 secs] 
2020-09-29T12:22:54.309+0200: 134.465: [GC concurrent-cleanup-start]
2020-09-29T12:22:54.311+0200: 134.467: [GC concurrent-cleanup-end, 0.0018938 secs]
2020-09-29T12:22:54.435+0200: 134.590: [GC pause (G1 Evacuation Pause) (young), 0.1713568 secs]
   [Parallel Time: 169.8 ms, GC Workers: 8]
      [GC Worker Start (ms): Min: 134590.4, Avg: 134590.5, Max: 134590.6, Diff: 0.2]
      [Ext Root Scanning (ms): Min: 0.0, Avg: 0.1, Max: 0.2, Diff: 0.2, Sum: 0.7]
      [Update RS (ms): Min: 19.4, Avg: 19.5, Max: 19.5, Diff: 0.1, Sum: 155.6]
         [Processed Buffers: Min: 11, Avg: 13.8, Max: 18, Diff: 7, Sum: 110]
      [Scan RS (ms): Min: 13.5, Avg: 13.6, Max: 13.7, Diff: 0.2, Sum: 108.8]
      [Code Root Scanning (ms): Min: 0.0, Avg: 0.0, Max: 0.0, Diff: 0.0, Sum: 0.0]
      [Object Copy (ms): Min: 136.1, Avg: 136.2, Max: 136.2, Diff: 0.2, Sum: 1089.2]
      [Termination (ms): Min: 0.0, Avg: 0.1, Max: 0.3, Diff: 0.2, Sum: 0.9]
         [Termination Attempts: Min: 1, Avg: 401.8, Max: 539, Diff: 538, Sum: 3214]
      [GC Worker Other (ms): Min: 0.0, Avg: 0.0, Max: 0.1, Diff: 0.1, Sum: 0.3]
      [GC Worker Total (ms): Min: 169.4, Avg: 169.5, Max: 169.6, Diff: 0.2, Sum: 1355.7]
      [GC Worker End (ms): Min: 134759.9, Avg: 134760.0, Max: 134760.0, Diff: 0.1]
   [Code Root Fixup: 0.0 ms]
   [Code Root Purge: 0.0 ms]
   [Clear CT: 0.3 ms]
   [Other: 1.3 ms]
      [Choose CSet: 0.0 ms]
      [Ref Proc: 0.3 ms]
      [Ref Enq: 0.0 ms]
      [Redirty Cards: 0.4 ms]
      [Humongous Register: 0.0 ms]
      [Humongous Reclaim: 0.0 ms]
      [Free CSet: 0.2 ms]
   [Eden: 185.0M(185.0M)->0.0B(188.0M) Survivors: 27.0M->27.0M Heap: 252.4M(2048.0M)->227.4M(2048.0M)]
 [Times: user=1.38 sys=0.00, real=0.17 secs] 
2020-09-29T12:22:54.768+0200: 134.923: [GC pause (G1 Evacuation Pause) (young), 0.1973681 secs]
   [Parallel Time: 194.4 ms, GC Workers: 8]
      [GC Worker Start (ms): Min: 134923.2, Avg: 134923.4, Max: 134923.5, Diff: 0.2]
      [Ext Root Scanning (ms): Min: 0.0, Avg: 0.1, Max: 0.2, Diff: 0.2, Sum: 0.7]
      [Update RS (ms): Min: 17.4, Avg: 17.7, Max: 18.6, Diff: 1.2, Sum: 141.6]
         [Processed Buffers: Min: 11, Avg: 12.1, Max: 14, Diff: 3, Sum: 97]
      [Scan RS (ms): Min: 19.1, Avg: 20.0, Max: 20.4, Diff: 1.3, Sum: 160.3]
      [Code Root Scanning (ms): Min: 0.0, Avg: 0.0, Max: 0.0, Diff: 0.0, Sum: 0.0]
      [Object Copy (ms): Min: 156.0, Avg: 156.1, Max: 156.2, Diff: 0.2, Sum: 1248.5]
      [Termination (ms): Min: 0.0, Avg: 0.1, Max: 0.2, Diff: 0.2, Sum: 1.2]
         [Termination Attempts: Min: 1, Avg: 568.6, Max: 855, Diff: 854, Sum: 4549]
      [GC Worker Other (ms): Min: 0.0, Avg: 0.0, Max: 0.1, Diff: 0.1, Sum: 0.3]
      [GC Worker Total (ms): Min: 194.0, Avg: 194.1, Max: 194.2, Diff: 0.2, Sum: 1552.6]
      [GC Worker End (ms): Min: 135117.4, Avg: 135117.4, Max: 135117.5, Diff: 0.1]
   [Code Root Fixup: 0.0 ms]
   [Code Root Purge: 0.0 ms]
   [Clear CT: 0.3 ms]
   [Other: 2.6 ms]
      [Choose CSet: 0.0 ms]
      [Ref Proc: 0.4 ms]
      [Ref Enq: 0.0 ms]
      [Redirty Cards: 1.6 ms]
      [Humongous Register: 0.0 ms]
      [Humongous Reclaim: 0.0 ms]
      [Free CSet: 0.3 ms]
   [Eden: 188.0M(188.0M)->0.0B(180.0M) Survivors: 27.0M->27.0M Heap: 445.9M(2048.0M)->447.9M(2048.0M)]
 [Times: user=1.63 sys=0.00, real=0.20 secs] 
2020-09-29T12:22:55.121+0200: 135.276: [GC pause (G1 Evacuation Pause) (young), 0.1844428 secs]
   [Parallel Time: 183.0 ms, GC Workers: 8]
      [GC Worker Start (ms): Min: 135276.0, Avg: 135276.1, Max: 135276.3, Diff: 0.3]
      [Ext Root Scanning (ms): Min: 0.0, Avg: 0.1, Max: 0.2, Diff: 0.2, Sum: 0.7]
      [Update RS (ms): Min: 20.6, Avg: 20.9, Max: 21.6, Diff: 1.0, Sum: 167.4]
         [Processed Buffers: Min: 10, Avg: 14.3, Max: 18, Diff: 8, Sum: 114]
      [Scan RS (ms): Min: 16.5, Avg: 17.2, Max: 17.6, Diff: 1.1, Sum: 137.3]
      [Code Root Scanning (ms): Min: 0.0, Avg: 0.0, Max: 0.0, Diff: 0.0, Sum: 0.0]
      [Object Copy (ms): Min: 144.3, Avg: 144.4, Max: 144.5, Diff: 0.2, Sum: 1155.1]
      [Termination (ms): Min: 0.0, Avg: 0.1, Max: 0.2, Diff: 0.2, Sum: 1.1]
         [Termination Attempts: Min: 1, Avg: 504.3, Max: 597, Diff: 596, Sum: 4034]
      [GC Worker Other (ms): Min: 0.0, Avg: 0.1, Max: 0.2, Diff: 0.2, Sum: 0.4]
      [GC Worker Total (ms): Min: 182.6, Avg: 182.7, Max: 182.9, Diff: 0.3, Sum: 1462.0]
      [GC Worker End (ms): Min: 135458.8, Avg: 135458.9, Max: 135458.9, Diff: 0.1]
   [Code Root Fixup: 0.0 ms]
   [Code Root Purge: 0.0 ms]
   [Clear CT: 0.4 ms]
   [Other: 1.0 ms]
      [Choose CSet: 0.0 ms]
      [Ref Proc: 0.2 ms]
      [Ref Enq: 0.0 ms]
      [Redirty Cards: 0.3 ms]
      [Humongous Register: 0.1 ms]
      [Humongous Reclaim: 0.0 ms]
      [Free CSet: 0.3 ms]
   [Eden: 180.0M(180.0M)->0.0B(179.0M) Survivors: 27.0M->26.0M Heap: 658.5M(2048.0M)->660.5M(2048.0M)]
 [Times: user=1.44 sys=0.02, real=0.18 secs] 
2020-09-29T12:22:55.456+0200: 135.611: [GC pause (G1 Evacuation Pause) (young), 0.2150238 secs]
   [Parallel Time: 213.5 ms, GC Workers: 8]
      [GC Worker Start (ms): Min: 135611.4, Avg: 135611.5, Max: 135611.5, Diff: 0.1]
      [Ext Root Scanning (ms): Min: 0.0, Avg: 0.1, Max: 0.2, Diff: 0.1, Sum: 0.9]
      [Update RS (ms): Min: 19.3, Avg: 19.6, Max: 20.5, Diff: 1.3, Sum: 157.1]
         [Processed Buffers: Min: 11, Avg: 12.5, Max: 14, Diff: 3, Sum: 100]
      [Scan RS (ms): Min: 16.4, Avg: 18.0, Max: 22.8, Diff: 6.5, Sum: 143.6]
      [Code Root Scanning (ms): Min: 0.0, Avg: 0.0, Max: 0.0, Diff: 0.0, Sum: 0.0]
      [Object Copy (ms): Min: 170.8, Avg: 175.5, Max: 176.3, Diff: 5.5, Sum: 1404.0]
      [Termination (ms): Min: 0.0, Avg: 0.1, Max: 0.2, Diff: 0.2, Sum: 0.9]
         [Termination Attempts: Min: 1, Avg: 209.5, Max: 353, Diff: 352, Sum: 1676]
      [GC Worker Other (ms): Min: 0.0, Avg: 0.0, Max: 0.0, Diff: 0.0, Sum: 0.1]
      [GC Worker Total (ms): Min: 213.3, Avg: 213.3, Max: 213.4, Diff: 0.1, Sum: 1706.8]
      [GC Worker End (ms): Min: 135824.8, Avg: 135824.8, Max: 135824.8, Diff: 0.0]
   [Code Root Fixup: 0.0 ms]
   [Code Root Purge: 0.0 ms]
   [Clear CT: 0.3 ms]
   [Other: 1.3 ms]
      [Choose CSet: 0.0 ms]
      [Ref Proc: 0.3 ms]
      [Ref Enq: 0.0 ms]
      [Redirty Cards: 0.4 ms]
      [Humongous Register: 0.0 ms]
      [Humongous Reclaim: 0.0 ms]
      [Free CSet: 0.3 ms]
   [Eden: 179.0M(179.0M)->0.0B(160.0M) Survivors: 26.0M->26.0M Heap: 868.1M(2048.0M)->869.6M(2048.0M)]
 [Times: user=1.61 sys=0.00, real=0.21 secs] 
2020-09-29T12:22:55.811+0200: 135.966: [GC pause (G1 Evacuation Pause) (young), 0.1775954 secs]
   [Parallel Time: 176.1 ms, GC Workers: 8]
      [GC Worker Start (ms): Min: 135965.8, Avg: 135965.9, Max: 135966.0, Diff: 0.2]
      [Ext Root Scanning (ms): Min: 0.0, Avg: 0.1, Max: 0.2, Diff: 0.2, Sum: 0.7]
      [Update RS (ms): Min: 21.4, Avg: 22.0, Max: 22.5, Diff: 1.2, Sum: 175.7]
         [Processed Buffers: Min: 12, Avg: 13.6, Max: 16, Diff: 4, Sum: 109]
      [Scan RS (ms): Min: 14.5, Avg: 15.1, Max: 15.6, Diff: 1.2, Sum: 120.9]
      [Code Root Scanning (ms): Min: 0.0, Avg: 0.0, Max: 0.0, Diff: 0.0, Sum: 0.0]
      [Object Copy (ms): Min: 138.4, Avg: 138.5, Max: 138.7, Diff: 0.3, Sum: 1108.3]
      [Termination (ms): Min: 0.0, Avg: 0.1, Max: 0.2, Diff: 0.2, Sum: 1.1]
         [Termination Attempts: Min: 1, Avg: 526.9, Max: 776, Diff: 775, Sum: 4215]
      [GC Worker Other (ms): Min: 0.0, Avg: 0.0, Max: 0.1, Diff: 0.0, Sum: 0.3]
      [GC Worker Total (ms): Min: 175.8, Avg: 175.9, Max: 176.0, Diff: 0.2, Sum: 1407.0]
      [GC Worker End (ms): Min: 136141.7, Avg: 136141.8, Max: 136141.8, Diff: 0.1]
   [Code Root Fixup: 0.0 ms]
   [Code Root Purge: 0.0 ms]
   [Clear CT: 0.2 ms]
   [Other: 1.2 ms]
      [Choose CSet: 0.0 ms]
      [Ref Proc: 0.3 ms]
      [Ref Enq: 0.0 ms]
      [Redirty Cards: 0.3 ms]
      [Humongous Register: 0.1 ms]
      [Humongous Reclaim: 0.0 ms]
      [Free CSet: 0.3 ms]
   [Eden: 160.0M(160.0M)->0.0B(162.0M) Survivors: 26.0M->24.0M Heap: 1056.3M(2048.0M)->1057.8M(2048.0M)]
 [Times: user=1.38 sys=0.00, real=0.18 secs] 
2020-09-29T12:22:55.994+0200: 136.149: [GC pause (G1 Humongous Allocation) (young) (initial-mark), 0.0715509 secs]
   [Parallel Time: 70.3 ms, GC Workers: 8]
      [GC Worker Start (ms): Min: 136149.3, Avg: 136149.4, Max: 136149.6, Diff: 0.3]
      [Ext Root Scanning (ms): Min: 0.0, Avg: 0.5, Max: 2.2, Diff: 2.2, Sum: 3.8]
      [Update RS (ms): Min: 30.3, Avg: 32.5, Max: 33.6, Diff: 3.2, Sum: 260.3]
         [Processed Buffers: Min: 25, Avg: 26.1, Max: 29, Diff: 4, Sum: 209]
      [Scan RS (ms): Min: 1.2, Avg: 4.2, Max: 20.3, Diff: 19.0, Sum: 33.2]
      [Code Root Scanning (ms): Min: 0.0, Avg: 0.0, Max: 0.0, Diff: 0.0, Sum: 0.0]
      [Object Copy (ms): Min: 16.6, Avg: 32.4, Max: 34.9, Diff: 18.2, Sum: 259.2]
      [Termination (ms): Min: 0.0, Avg: 0.4, Max: 0.6, Diff: 0.6, Sum: 2.9]
         [Termination Attempts: Min: 1, Avg: 1349.5, Max: 1957, Diff: 1956, Sum: 10796]
      [GC Worker Other (ms): Min: 0.0, Avg: 0.0, Max: 0.1, Diff: 0.1, Sum: 0.2]
      [GC Worker Total (ms): Min: 69.8, Avg: 70.0, Max: 70.1, Diff: 0.3, Sum: 559.7]
      [GC Worker End (ms): Min: 136219.4, Avg: 136219.4, Max: 136219.4, Diff: 0.0]
   [Code Root Fixup: 0.0 ms]
   [Code Root Purge: 0.0 ms]
   [Clear CT: 0.3 ms]
   [Other: 1.0 ms]
      [Choose CSet: 0.0 ms]
      [Ref Proc: 0.3 ms]
      [Ref Enq: 0.0 ms]
      [Redirty Cards: 0.3 ms]
      [Humongous Register: 0.1 ms]
      [Humongous Reclaim: 0.0 ms]
      [Free CSet: 0.1 ms]
   [Eden: 1024.0K(162.0M)->0.0B(139.0M) Survivors: 24.0M->2048.0K Heap: 1058.8M(2048.0M)->1061.3M(2048.0M)]
 [Times: user=0.47 sys=0.00, real=0.07 secs] 
2020-09-29T12:22:56.066+0200: 136.221: [GC concurrent-root-region-scan-start]
2020-09-29T12:22:56.066+0200: 136.221: [GC concurrent-root-region-scan-end, 0.0005481 secs]
2020-09-29T12:22:56.066+0200: 136.221: [GC concurrent-mark-start]
2020-09-29T12:22:56.071+0200: 136.226: [GC concurrent-mark-end, 0.0044883 secs]
2020-09-29T12:22:56.071+0200: 136.226: [GC remark 2020-09-29T12:22:56.071+0200: 136.226: [Finalize Marking, 0.0003119 secs] 2020-09-29T12:22:56.072+0200: 136.227: [GC ref-proc, 0.0004285 secs] 2020-09-29T12:22:56.072+0200: 136.227: [Unloading, 0.0006958 secs], 0.0020723 secs]
 [Times: user=0.00 sys=0.00, real=0.00 secs] 
2020-09-29T12:22:56.074+0200: 136.229: [GC cleanup 1070M->18M(2048M), 0.0017473 secs]
 [Times: user=0.00 sys=0.00, real=0.00 secs] 
2020-09-29T12:22:56.076+0200: 136.231: [GC concurrent-cleanup-start]
2020-09-29T12:22:56.078+0200: 136.233: [GC concurrent-cleanup-end, 0.0026275 secs]
2020-09-29T12:22:56.179+0200: 136.334: [GC pause (G1 Evacuation Pause) (young), 0.1237283 secs]
   [Parallel Time: 122.5 ms, GC Workers: 8]
      [GC Worker Start (ms): Min: 136333.9, Avg: 136334.0, Max: 136334.1, Diff: 0.2]
      [Ext Root Scanning (ms): Min: 0.0, Avg: 0.1, Max: 0.2, Diff: 0.2, Sum: 0.7]
      [Update RS (ms): Min: 15.5, Avg: 15.7, Max: 16.1, Diff: 0.6, Sum: 125.5]
         [Processed Buffers: Min: 10, Avg: 11.6, Max: 13, Diff: 3, Sum: 93]
      [Scan RS (ms): Min: 10.3, Avg: 10.7, Max: 10.9, Diff: 0.6, Sum: 85.7]
      [Code Root Scanning (ms): Min: 0.0, Avg: 0.0, Max: 0.0, Diff: 0.0, Sum: 0.0]
      [Object Copy (ms): Min: 95.6, Avg: 95.7, Max: 95.7, Diff: 0.2, Sum: 765.4]
      [Termination (ms): Min: 0.0, Avg: 0.0, Max: 0.0, Diff: 0.0, Sum: 0.0]
         [Termination Attempts: Min: 1, Avg: 5.6, Max: 11, Diff: 10, Sum: 45]
      [GC Worker Other (ms): Min: 0.0, Avg: 0.0, Max: 0.1, Diff: 0.0, Sum: 0.3]
      [GC Worker Total (ms): Min: 122.1, Avg: 122.2, Max: 122.3, Diff: 0.2, Sum: 977.7]
      [GC Worker End (ms): Min: 136456.2, Avg: 136456.2, Max: 136456.3, Diff: 0.0]
   [Code Root Fixup: 0.0 ms]
   [Code Root Purge: 0.0 ms]
   [Clear CT: 0.2 ms]
   [Other: 1.0 ms]
      [Choose CSet: 0.0 ms]
      [Ref Proc: 0.2 ms]
      [Ref Enq: 0.0 ms]
      [Redirty Cards: 0.3 ms]
      [Humongous Register: 0.0 ms]
      [Humongous Reclaim: 0.0 ms]
      [Free CSet: 0.2 ms]
   [Eden: 139.0M(139.0M)->0.0B(140.0M) Survivors: 2048.0K->18.0M Heap: 173.8M(2048.0M)->173.8M(2048.0M)]
 [Times: user=0.89 sys=0.00, real=0.12 secs] 
2020-09-29T12:22:56.412+0200: 136.567: [GC pause (G1 Evacuation Pause) (young), 0.1635254 secs]
   [Parallel Time: 161.4 ms, GC Workers: 8]
      [GC Worker Start (ms): Min: 136567.1, Avg: 136567.2, Max: 136567.3, Diff: 0.2]
      [Ext Root Scanning (ms): Min: 0.0, Avg: 0.1, Max: 0.2, Diff: 0.2, Sum: 0.7]
      [Update RS (ms): Min: 21.1, Avg: 21.5, Max: 22.1, Diff: 1.0, Sum: 171.9]
         [Processed Buffers: Min: 13, Avg: 14.9, Max: 17, Diff: 4, Sum: 119]
      [Scan RS (ms): Min: 9.8, Avg: 10.4, Max: 11.0, Diff: 1.2, Sum: 83.1]
      [Code Root Scanning (ms): Min: 0.0, Avg: 0.0, Max: 0.0, Diff: 0.0, Sum: 0.0]
      [Object Copy (ms): Min: 127.8, Avg: 128.3, Max: 129.0, Diff: 1.2, Sum: 1026.4]
      [Termination (ms): Min: 0.0, Avg: 0.6, Max: 1.0, Diff: 1.0, Sum: 5.2]
         [Termination Attempts: Min: 1, Avg: 2455.9, Max: 3538, Diff: 3537, Sum: 19647]
      [GC Worker Other (ms): Min: 0.0, Avg: 0.0, Max: 0.1, Diff: 0.0, Sum: 0.2]
      [GC Worker Total (ms): Min: 160.9, Avg: 160.9, Max: 161.1, Diff: 0.2, Sum: 1287.6]
      [GC Worker End (ms): Min: 136728.1, Avg: 136728.1, Max: 136728.2, Diff: 0.0]
   [Code Root Fixup: 0.0 ms]
   [Code Root Purge: 0.0 ms]
   [Clear CT: 1.1 ms]
   [Other: 1.0 ms]
      [Choose CSet: 0.0 ms]
      [Ref Proc: 0.2 ms]
      [Ref Enq: 0.0 ms]
      [Redirty Cards: 0.3 ms]
      [Humongous Register: 0.0 ms]
      [Humongous Reclaim: 0.0 ms]
      [Free CSet: 0.2 ms]
   [Eden: 140.0M(140.0M)->0.0B(142.0M) Survivors: 18.0M->20.0M Heap: 336.7M(2048.0M)->338.7M(2048.0M)]
 [Times: user=1.25 sys=0.00, real=0.16 secs] 
2020-09-29T12:22:56.704+0200: 136.859: [GC pause (G1 Evacuation Pause) (young), 0.1690792 secs]
   [Parallel Time: 167.6 ms, GC Workers: 8]
      [GC Worker Start (ms): Min: 136859.3, Avg: 136860.2, Max: 136864.6, Diff: 5.3]
      [Ext Root Scanning (ms): Min: 0.0, Avg: 0.1, Max: 0.2, Diff: 0.2, Sum: 0.8]
      [Update RS (ms): Min: 13.1, Avg: 17.6, Max: 19.3, Diff: 6.2, Sum: 140.8]
         [Processed Buffers: Min: 8, Avg: 11.4, Max: 15, Diff: 7, Sum: 91]
      [Scan RS (ms): Min: 11.6, Avg: 12.5, Max: 13.0, Diff: 1.4, Sum: 100.0]
      [Code Root Scanning (ms): Min: 0.0, Avg: 0.0, Max: 0.0, Diff: 0.0, Sum: 0.0]
      [Object Copy (ms): Min: 135.9, Avg: 136.1, Max: 136.3, Diff: 0.4, Sum: 1088.5]
      [Termination (ms): Min: 0.0, Avg: 0.3, Max: 0.3, Diff: 0.3, Sum: 2.0]
         [Termination Attempts: Min: 1, Avg: 1109.4, Max: 1447, Diff: 1446, Sum: 8875]
      [GC Worker Other (ms): Min: 0.0, Avg: 0.0, Max: 0.1, Diff: 0.1, Sum: 0.3]
      [GC Worker Total (ms): Min: 162.2, Avg: 166.6, Max: 167.5, Diff: 5.2, Sum: 1332.6]
      [GC Worker End (ms): Min: 137026.8, Avg: 137026.8, Max: 137026.8, Diff: 0.1]
   [Code Root Fixup: 0.0 ms]
   [Code Root Purge: 0.0 ms]
   [Clear CT: 0.2 ms]
   [Other: 1.2 ms]
      [Choose CSet: 0.0 ms]
      [Ref Proc: 0.3 ms]
      [Ref Enq: 0.0 ms]
      [Redirty Cards: 0.3 ms]
      [Humongous Register: 0.1 ms]
      [Humongous Reclaim: 0.0 ms]
      [Free CSet: 0.2 ms]
   [Eden: 142.0M(142.0M)->0.0B(144.0M) Survivors: 20.0M->21.0M Heap: 503.6M(2048.0M)->505.6M(2048.0M)]
 [Times: user=1.30 sys=0.00, real=0.17 secs] 
2020-09-29T12:22:56.991+0200: 137.146: [GC pause (G1 Evacuation Pause) (young), 0.1429475 secs]
   [Parallel Time: 141.4 ms, GC Workers: 8]
      [GC Worker Start (ms): Min: 137146.6, Avg: 137146.7, Max: 137146.8, Diff: 0.2]
      [Ext Root Scanning (ms): Min: 0.0, Avg: 0.1, Max: 0.2, Diff: 0.2, Sum: 0.7]
      [Update RS (ms): Min: 16.9, Avg: 17.2, Max: 17.6, Diff: 0.7, Sum: 137.4]
         [Processed Buffers: Min: 11, Avg: 12.1, Max: 15, Diff: 4, Sum: 97]
      [Scan RS (ms): Min: 10.7, Avg: 11.2, Max: 11.4, Diff: 0.7, Sum: 89.5]
      [Code Root Scanning (ms): Min: 0.0, Avg: 0.0, Max: 0.0, Diff: 0.0, Sum: 0.0]
      [Object Copy (ms): Min: 112.5, Avg: 112.5, Max: 112.6, Diff: 0.1, Sum: 900.2]
      [Termination (ms): Min: 0.0, Avg: 0.0, Max: 0.0, Diff: 0.0, Sum: 0.2]
         [Termination Attempts: Min: 1, Avg: 84.9, Max: 107, Diff: 106, Sum: 679]
      [GC Worker Other (ms): Min: 0.0, Avg: 0.0, Max: 0.1, Diff: 0.0, Sum: 0.2]
      [GC Worker Total (ms): Min: 140.9, Avg: 141.0, Max: 141.1, Diff: 0.2, Sum: 1128.2]
      [GC Worker End (ms): Min: 137287.7, Avg: 137287.7, Max: 137287.8, Diff: 0.0]
   [Code Root Fixup: 0.0 ms]
   [Code Root Purge: 0.0 ms]
   [Clear CT: 0.3 ms]
   [Other: 1.3 ms]
      [Choose CSet: 0.0 ms]
      [Ref Proc: 0.5 ms]
      [Ref Enq: 0.0 ms]
      [Redirty Cards: 0.3 ms]
      [Humongous Register: 0.1 ms]
      [Humongous Reclaim: 0.0 ms]
      [Free CSet: 0.2 ms]
   [Eden: 144.0M(144.0M)->0.0B(157.0M) Survivors: 21.0M->21.0M Heap: 674.4M(2048.0M)->676.4M(2048.0M)]
 [Times: user=1.13 sys=0.00, real=0.14 secs] 
2020-09-29T12:22:57.260+0200: 137.415: [GC pause (G1 Evacuation Pause) (young), 0.1606228 secs]
   [Parallel Time: 159.1 ms, GC Workers: 8]
      [GC Worker Start (ms): Min: 137415.3, Avg: 137415.4, Max: 137415.5, Diff: 0.2]
      [Ext Root Scanning (ms): Min: 0.0, Avg: 0.1, Max: 0.2, Diff: 0.2, Sum: 0.7]
      [Update RS (ms): Min: 17.6, Avg: 17.7, Max: 17.8, Diff: 0.3, Sum: 141.3]
         [Processed Buffers: Min: 13, Avg: 13.6, Max: 15, Diff: 2, Sum: 109]
      [Scan RS (ms): Min: 12.7, Avg: 12.9, Max: 13.0, Diff: 0.3, Sum: 102.9]
      [Code Root Scanning (ms): Min: 0.0, Avg: 0.0, Max: 0.0, Diff: 0.0, Sum: 0.0]
      [Object Copy (ms): Min: 128.0, Avg: 128.1, Max: 128.1, Diff: 0.2, Sum: 1024.6]
      [Termination (ms): Min: 0.0, Avg: 0.0, Max: 0.0, Diff: 0.0, Sum: 0.0]
         [Termination Attempts: Min: 1, Avg: 19.0, Max: 31, Diff: 30, Sum: 152]
      [GC Worker Other (ms): Min: 0.0, Avg: 0.0, Max: 0.1, Diff: 0.1, Sum: 0.3]
      [GC Worker Total (ms): Min: 158.6, Avg: 158.7, Max: 158.9, Diff: 0.3, Sum: 1269.8]
      [GC Worker End (ms): Min: 137574.1, Avg: 137574.2, Max: 137574.2, Diff: 0.1]
   [Code Root Fixup: 0.0 ms]
   [Code Root Purge: 0.0 ms]
   [Clear CT: 0.3 ms]
   [Other: 1.2 ms]
      [Choose CSet: 0.0 ms]
      [Ref Proc: 0.4 ms]
      [Ref Enq: 0.0 ms]
      [Redirty Cards: 0.3 ms]
      [Humongous Register: 0.0 ms]
      [Humongous Reclaim: 0.0 ms]
      [Free CSet: 0.2 ms]
   [Eden: 157.0M(157.0M)->0.0B(164.0M) Survivors: 21.0M->23.0M Heap: 860.1M(2048.0M)->862.1M(2048.0M)]
 [Times: user=1.22 sys=0.00, real=0.16 secs] 
2020-09-29T12:22:57.560+0200: 137.716: [GC pause (G1 Evacuation Pause) (young), 0.1690903 secs]
   [Parallel Time: 167.6 ms, GC Workers: 8]
      [GC Worker Start (ms): Min: 137715.8, Avg: 137715.9, Max: 137716.0, Diff: 0.2]
      [Ext Root Scanning (ms): Min: 0.0, Avg: 0.1, Max: 0.2, Diff: 0.2, Sum: 0.7]
      [Update RS (ms): Min: 20.8, Avg: 21.0, Max: 21.3, Diff: 0.5, Sum: 167.8]
         [Processed Buffers: Min: 13, Avg: 14.4, Max: 16, Diff: 3, Sum: 115]
      [Scan RS (ms): Min: 14.0, Avg: 14.4, Max: 14.6, Diff: 0.6, Sum: 115.0]
      [Code Root Scanning (ms): Min: 0.0, Avg: 0.0, Max: 0.0, Diff: 0.0, Sum: 0.0]
      [Object Copy (ms): Min: 131.7, Avg: 131.8, Max: 131.9, Diff: 0.2, Sum: 1054.2]
      [Termination (ms): Min: 0.0, Avg: 0.0, Max: 0.0, Diff: 0.0, Sum: 0.1]
         [Termination Attempts: Min: 1, Avg: 35.1, Max: 48, Diff: 47, Sum: 281]
      [GC Worker Other (ms): Min: 0.0, Avg: 0.0, Max: 0.1, Diff: 0.1, Sum: 0.4]
      [GC Worker Total (ms): Min: 167.2, Avg: 167.3, Max: 167.4, Diff: 0.2, Sum: 1338.1]
      [GC Worker End (ms): Min: 137883.2, Avg: 137883.2, Max: 137883.2, Diff: 0.1]
   [Code Root Fixup: 0.0 ms]
   [Code Root Purge: 0.0 ms]
   [Clear CT: 0.2 ms]
   [Other: 1.3 ms]
      [Choose CSet: 0.0 ms]
      [Ref Proc: 0.4 ms]
      [Ref Enq: 0.0 ms]
      [Redirty Cards: 0.3 ms]
      [Humongous Register: 0.1 ms]
      [Humongous Reclaim: 0.0 ms]
      [Free CSet: 0.3 ms]
   [Eden: 164.0M(164.0M)->0.0B(169.0M) Survivors: 23.0M->24.0M Heap: 1052.8M(2048.0M)->1053.8M(2048.0M)]
 [Times: user=1.38 sys=0.00, real=0.17 secs] 
2020-09-29T12:22:57.742+0200: 137.898: [GC pause (G1 Humongous Allocation) (young) (initial-mark), 0.0875557 secs]
   [Parallel Time: 85.9 ms, GC Workers: 8]
      [GC Worker Start (ms): Min: 137897.9, Avg: 137898.0, Max: 137898.2, Diff: 0.2]
      [Ext Root Scanning (ms): Min: 0.0, Avg: 0.3, Max: 0.5, Diff: 0.5, Sum: 2.2]
      [Update RS (ms): Min: 29.5, Avg: 30.5, Max: 33.4, Diff: 3.9, Sum: 244.3]
         [Processed Buffers: Min: 1, Avg: 20.9, Max: 26, Diff: 25, Sum: 167]
      [Scan RS (ms): Min: 0.4, Avg: 3.2, Max: 4.1, Diff: 3.7, Sum: 25.3]
      [Code Root Scanning (ms): Min: 0.0, Avg: 0.0, Max: 0.0, Diff: 0.0, Sum: 0.0]
      [Object Copy (ms): Min: 51.0, Avg: 51.2, Max: 51.7, Diff: 0.7, Sum: 409.7]
      [Termination (ms): Min: 0.0, Avg: 0.4, Max: 0.6, Diff: 0.6, Sum: 3.5]
         [Termination Attempts: Min: 1, Avg: 1813.9, Max: 2278, Diff: 2277, Sum: 14511]
      [GC Worker Other (ms): Min: 0.0, Avg: 0.0, Max: 0.1, Diff: 0.1, Sum: 0.3]
      [GC Worker Total (ms): Min: 85.5, Avg: 85.7, Max: 85.8, Diff: 0.3, Sum: 685.4]
      [GC Worker End (ms): Min: 137983.7, Avg: 137983.7, Max: 137983.7, Diff: 0.1]
   [Code Root Fixup: 0.0 ms]
   [Code Root Purge: 0.0 ms]
   [Clear CT: 0.3 ms]
   [Other: 1.3 ms]
      [Choose CSet: 0.0 ms]
      [Ref Proc: 0.5 ms]
      [Ref Enq: 0.0 ms]
      [Redirty Cards: 0.3 ms]
      [Humongous Register: 0.1 ms]
      [Humongous Reclaim: 0.0 ms]
      [Free CSet: 0.1 ms]
   [Eden: 7168.0K(169.0M)->0.0B(126.0M) Survivors: 24.0M->9216.0K Heap: 1060.8M(2048.0M)->1064.3M(2048.0M)]
 [Times: user=0.56 sys=0.00, real=0.09 secs] 
2020-09-29T12:22:57.830+0200: 137.985: [GC concurrent-root-region-scan-start]
2020-09-29T12:22:57.833+0200: 137.988: [GC concurrent-root-region-scan-end, 0.0026519 secs]
2020-09-29T12:22:57.833+0200: 137.988: [GC concurrent-mark-start]
2020-09-29T12:22:57.837+0200: 137.992: [GC concurrent-mark-end, 0.0040135 secs]
2020-09-29T12:22:57.837+0200: 137.992: [GC remark 2020-09-29T12:22:57.837+0200: 137.992: [Finalize Marking, 0.0002022 secs] 2020-09-29T12:22:57.837+0200: 137.993: [GC ref-proc, 0.0004169 secs] 2020-09-29T12:22:57.837+0200: 137.993: [Unloading, 0.0006153 secs], 0.0017150 secs]
 [Times: user=0.00 sys=0.00, real=0.00 secs] 
2020-09-29T12:22:57.839+0200: 137.995: [GC cleanup 1074M->26M(2048M), 0.0017384 secs]
 [Times: user=0.00 sys=0.00, real=0.00 secs] 
2020-09-29T12:22:57.841+0200: 137.996: [GC concurrent-cleanup-start]
2020-09-29T12:22:57.843+0200: 137.998: [GC concurrent-cleanup-end, 0.0017286 secs]
2020-09-29T12:22:57.932+0200: 138.088: [GC pause (G1 Evacuation Pause) (young), 0.1179724 secs]
   [Parallel Time: 116.6 ms, GC Workers: 8]
      [GC Worker Start (ms): Min: 138087.7, Avg: 138087.8, Max: 138087.9, Diff: 0.2]
      [Ext Root Scanning (ms): Min: 0.0, Avg: 0.1, Max: 0.2, Diff: 0.2, Sum: 0.7]
      [Update RS (ms): Min: 16.0, Avg: 16.1, Max: 16.5, Diff: 0.5, Sum: 128.7]
         [Processed Buffers: Min: 10, Avg: 12.5, Max: 15, Diff: 5, Sum: 100]
      [Scan RS (ms): Min: 7.7, Avg: 8.2, Max: 8.4, Diff: 0.7, Sum: 65.6]
      [Code Root Scanning (ms): Min: 0.0, Avg: 0.0, Max: 0.0, Diff: 0.0, Sum: 0.0]
      [Object Copy (ms): Min: 91.7, Avg: 91.8, Max: 91.9, Diff: 0.2, Sum: 734.4]
      [Termination (ms): Min: 0.0, Avg: 0.1, Max: 0.2, Diff: 0.2, Sum: 1.1]
         [Termination Attempts: Min: 1, Avg: 312.0, Max: 394, Diff: 393, Sum: 2496]
      [GC Worker Other (ms): Min: 0.0, Avg: 0.0, Max: 0.0, Diff: 0.0, Sum: 0.1]
      [GC Worker Total (ms): Min: 116.2, Avg: 116.3, Max: 116.4, Diff: 0.2, Sum: 930.6]
      [GC Worker End (ms): Min: 138204.1, Avg: 138204.1, Max: 138204.1, Diff: 0.0]
   [Code Root Fixup: 0.0 ms]
   [Code Root Purge: 0.0 ms]
   [Clear CT: 0.3 ms]
   [Other: 1.1 ms]
      [Choose CSet: 0.0 ms]
      [Ref Proc: 0.3 ms]
      [Ref Enq: 0.0 ms]
      [Redirty Cards: 0.3 ms]
      [Humongous Register: 0.0 ms]
      [Humongous Reclaim: 0.0 ms]
      [Free CSet: 0.2 ms]
   [Eden: 126.0M(126.0M)->0.0B(135.0M) Survivors: 9216.0K->17.0M Heap: 165.9M(2048.0M)->158.4M(2048.0M)]
 [Times: user=0.86 sys=0.00, real=0.12 secs] 
2020-09-29T12:22:58.164+0200: 138.320: [GC pause (G1 Evacuation Pause) (young), 0.1661434 secs]
   [Parallel Time: 164.2 ms, GC Workers: 8]
      [GC Worker Start (ms): Min: 138319.9, Avg: 138320.4, Max: 138323.3, Diff: 3.4]
      [Ext Root Scanning (ms): Min: 0.0, Avg: 0.1, Max: 0.2, Diff: 0.2, Sum: 0.8]
      [Update RS (ms): Min: 18.2, Avg: 20.5, Max: 21.2, Diff: 3.0, Sum: 164.2]
         [Processed Buffers: Min: 11, Avg: 12.9, Max: 15, Diff: 4, Sum: 103]
      [Scan RS (ms): Min: 9.2, Avg: 9.6, Max: 10.2, Diff: 1.0, Sum: 77.0]
      [Code Root Scanning (ms): Min: 0.0, Avg: 0.0, Max: 0.0, Diff: 0.0, Sum: 0.0]
      [Object Copy (ms): Min: 132.5, Avg: 132.7, Max: 133.2, Diff: 0.7, Sum: 1061.5]
      [Termination (ms): Min: 0.0, Avg: 0.5, Max: 0.6, Diff: 0.6, Sum: 3.9]
         [Termination Attempts: Min: 1, Avg: 1850.9, Max: 2334, Diff: 2333, Sum: 14807]
      [GC Worker Other (ms): Min: 0.0, Avg: 0.0, Max: 0.1, Diff: 0.1, Sum: 0.3]
      [GC Worker Total (ms): Min: 160.6, Avg: 163.5, Max: 164.0, Diff: 3.4, Sum: 1307.6]
      [GC Worker End (ms): Min: 138483.9, Avg: 138483.9, Max: 138483.9, Diff: 0.1]
   [Code Root Fixup: 0.0 ms]
   [Code Root Purge: 0.0 ms]
   [Clear CT: 0.3 ms]
   [Other: 1.6 ms]
      [Choose CSet: 0.0 ms]
      [Ref Proc: 0.4 ms]
      [Ref Enq: 0.0 ms]
      [Redirty Cards: 0.7 ms]
      [Humongous Register: 0.0 ms]
      [Humongous Reclaim: 0.0 ms]
      [Free CSet: 0.2 ms]
   [Eden: 135.0M(135.0M)->0.0B(138.0M) Survivors: 17.0M->19.0M Heap: 314.4M(2048.0M)->315.9M(2048.0M)]
 [Times: user=1.22 sys=0.00, real=0.17 secs] 
2020-09-29T12:22:58.443+0200: 138.599: [GC pause (G1 Evacuation Pause) (young), 0.1465318 secs]
   [Parallel Time: 144.0 ms, GC Workers: 8]
      [GC Worker Start (ms): Min: 138598.7, Avg: 138598.7, Max: 138598.8, Diff: 0.1]
      [Ext Root Scanning (ms): Min: 0.0, Avg: 0.1, Max: 0.2, Diff: 0.1, Sum: 0.9]
      [Update RS (ms): Min: 16.1, Avg: 16.9, Max: 17.5, Diff: 1.4, Sum: 135.5]
         [Processed Buffers: Min: 10, Avg: 11.0, Max: 13, Diff: 3, Sum: 88]
      [Scan RS (ms): Min: 10.9, Avg: 11.4, Max: 12.2, Diff: 1.4, Sum: 91.5]
      [Code Root Scanning (ms): Min: 0.0, Avg: 0.0, Max: 0.0, Diff: 0.0, Sum: 0.0]
      [Object Copy (ms): Min: 114.8, Avg: 115.0, Max: 115.2, Diff: 0.4, Sum: 919.9]
      [Termination (ms): Min: 0.0, Avg: 0.2, Max: 0.3, Diff: 0.3, Sum: 1.6]
         [Termination Attempts: Min: 1, Avg: 768.6, Max: 1102, Diff: 1101, Sum: 6149]
      [GC Worker Other (ms): Min: 0.0, Avg: 0.0, Max: 0.1, Diff: 0.0, Sum: 0.2]
      [GC Worker Total (ms): Min: 143.6, Avg: 143.7, Max: 143.8, Diff: 0.2, Sum: 1149.6]
      [GC Worker End (ms): Min: 138742.4, Avg: 138742.4, Max: 138742.4, Diff: 0.0]
   [Code Root Fixup: 0.0 ms]
   [Code Root Purge: 0.0 ms]
   [Clear CT: 0.3 ms]
   [Other: 2.2 ms]
      [Choose CSet: 0.0 ms]
      [Ref Proc: 0.3 ms]
      [Ref Enq: 0.0 ms]
      [Redirty Cards: 1.4 ms]
      [Humongous Register: 0.0 ms]
      [Humongous Reclaim: 0.0 ms]
      [Free CSet: 0.2 ms]
   [Eden: 138.0M(138.0M)->0.0B(145.0M) Survivors: 19.0M->20.0M Heap: 476.8M(2048.0M)->478.8M(2048.0M)]
 [Times: user=1.13 sys=0.00, real=0.15 secs] 
2020-09-29T12:22:58.704+0200: 138.860: [GC pause (G1 Evacuation Pause) (young), 0.1608057 secs]
   [Parallel Time: 159.4 ms, GC Workers: 8]
      [GC Worker Start (ms): Min: 138859.8, Avg: 138859.9, Max: 138860.0, Diff: 0.2]
      [Ext Root Scanning (ms): Min: 0.0, Avg: 0.1, Max: 0.2, Diff: 0.2, Sum: 0.7]
      [Update RS (ms): Min: 17.5, Avg: 17.8, Max: 18.6, Diff: 1.1, Sum: 142.3]
         [Processed Buffers: Min: 11, Avg: 12.4, Max: 14, Diff: 3, Sum: 99]
      [Scan RS (ms): Min: 11.7, Avg: 12.8, Max: 14.6, Diff: 2.9, Sum: 102.5]
      [Code Root Scanning (ms): Min: 0.0, Avg: 0.0, Max: 0.0, Diff: 0.0, Sum: 0.0]
      [Object Copy (ms): Min: 126.8, Avg: 128.1, Max: 128.3, Diff: 1.6, Sum: 1024.6]
      [Termination (ms): Min: 0.0, Avg: 0.3, Max: 0.3, Diff: 0.3, Sum: 2.0]
         [Termination Attempts: Min: 1, Avg: 954.4, Max: 1201, Diff: 1200, Sum: 7635]
      [GC Worker Other (ms): Min: 0.0, Avg: 0.0, Max: 0.1, Diff: 0.0, Sum: 0.2]
      [GC Worker Total (ms): Min: 158.9, Avg: 159.0, Max: 159.2, Diff: 0.2, Sum: 1272.4]
      [GC Worker End (ms): Min: 139018.9, Avg: 139018.9, Max: 139019.0, Diff: 0.0]
   [Code Root Fixup: 0.0 ms]
   [Code Root Purge: 0.0 ms]
   [Clear CT: 0.2 ms]
   [Other: 1.2 ms]
      [Choose CSet: 0.0 ms]
      [Ref Proc: 0.3 ms]
      [Ref Enq: 0.0 ms]
      [Redirty Cards: 0.4 ms]
      [Humongous Register: 0.0 ms]
      [Humongous Reclaim: 0.0 ms]
      [Free CSet: 0.2 ms]
   [Eden: 145.0M(145.0M)->0.0B(149.0M) Survivors: 20.0M->21.0M Heap: 648.6M(2048.0M)->650.6M(2048.0M)]
 [Times: user=1.22 sys=0.02, real=0.16 secs] 
2020-09-29T12:22:58.983+0200: 139.139: [GC pause (G1 Evacuation Pause) (young), 0.1630429 secs]
   [Parallel Time: 161.6 ms, GC Workers: 8]
      [GC Worker Start (ms): Min: 139138.8, Avg: 139138.9, Max: 139139.0, Diff: 0.2]
      [Ext Root Scanning (ms): Min: 0.0, Avg: 0.1, Max: 0.2, Diff: 0.2, Sum: 0.7]
      [Update RS (ms): Min: 20.3, Avg: 20.6, Max: 21.4, Diff: 1.1, Sum: 164.9]
         [Processed Buffers: Min: 10, Avg: 13.1, Max: 15, Diff: 5, Sum: 105]
      [Scan RS (ms): Min: 12.2, Avg: 13.0, Max: 13.3, Diff: 1.0, Sum: 103.8]
      [Code Root Scanning (ms): Min: 0.0, Avg: 0.0, Max: 0.0, Diff: 0.0, Sum: 0.0]
      [Object Copy (ms): Min: 127.4, Avg: 127.5, Max: 127.5, Diff: 0.1, Sum: 1019.9]
      [Termination (ms): Min: 0.0, Avg: 0.1, Max: 0.1, Diff: 0.1, Sum: 0.5]
         [Termination Attempts: Min: 1, Avg: 83.0, Max: 113, Diff: 112, Sum: 664]
      [GC Worker Other (ms): Min: 0.0, Avg: 0.0, Max: 0.0, Diff: 0.0, Sum: 0.1]
      [GC Worker Total (ms): Min: 161.2, Avg: 161.2, Max: 161.4, Diff: 0.2, Sum: 1290.0]
      [GC Worker End (ms): Min: 139300.1, Avg: 139300.1, Max: 139300.1, Diff: 0.0]
   [Code Root Fixup: 0.0 ms]
   [Code Root Purge: 0.0 ms]
   [Clear CT: 0.3 ms]
   [Other: 1.1 ms]
      [Choose CSet: 0.0 ms]
      [Ref Proc: 0.3 ms]
      [Ref Enq: 0.0 ms]
      [Redirty Cards: 0.4 ms]
      [Humongous Register: 0.0 ms]
      [Humongous Reclaim: 0.0 ms]
      [Free CSet: 0.2 ms]
   [Eden: 149.0M(149.0M)->0.0B(154.0M) Survivors: 21.0M->22.0M Heap: 824.3M(2048.0M)->825.8M(2048.0M)]
 [Times: user=1.38 sys=0.00, real=0.16 secs] 
2020-09-29T12:22:59.241+0200: 139.397: [GC pause (G1 Evacuation Pause) (young), 0.1047593 secs]
   [Parallel Time: 103.8 ms, GC Workers: 8]
      [GC Worker Start (ms): Min: 139396.9, Avg: 139397.0, Max: 139397.0, Diff: 0.1]
      [Ext Root Scanning (ms): Min: 0.0, Avg: 0.1, Max: 0.1, Diff: 0.1, Sum: 0.6]
      [Update RS (ms): Min: 13.4, Avg: 13.5, Max: 13.9, Diff: 0.5, Sum: 107.7]
         [Processed Buffers: Min: 11, Avg: 13.1, Max: 16, Diff: 5, Sum: 105]
      [Scan RS (ms): Min: 10.2, Avg: 10.7, Max: 10.9, Diff: 0.6, Sum: 85.7]
      [Code Root Scanning (ms): Min: 0.0, Avg: 0.0, Max: 0.0, Diff: 0.0, Sum: 0.0]
      [Object Copy (ms): Min: 79.2, Avg: 79.3, Max: 79.4, Diff: 0.1, Sum: 634.4]
      [Termination (ms): Min: 0.0, Avg: 0.0, Max: 0.1, Diff: 0.1, Sum: 0.4]
         [Termination Attempts: Min: 1, Avg: 325.9, Max: 439, Diff: 438, Sum: 2607]
      [GC Worker Other (ms): Min: 0.0, Avg: 0.0, Max: 0.1, Diff: 0.0, Sum: 0.2]
      [GC Worker Total (ms): Min: 103.6, Avg: 103.6, Max: 103.7, Diff: 0.1, Sum: 829.0]
      [GC Worker End (ms): Min: 139500.6, Avg: 139500.6, Max: 139500.6, Diff: 0.0]
   [Code Root Fixup: 0.0 ms]
   [Code Root Purge: 0.0 ms]
   [Clear CT: 0.2 ms]
   [Other: 0.8 ms]
      [Choose CSet: 0.0 ms]
      [Ref Proc: 0.2 ms]
      [Ref Enq: 0.0 ms]
      [Redirty Cards: 0.2 ms]
      [Humongous Register: 0.0 ms]
      [Humongous Reclaim: 0.0 ms]
      [Free CSet: 0.2 ms]
   [Eden: 154.0M(154.0M)->0.0B(175.0M) Survivors: 22.0M->22.0M Heap: 1006.6M(2048.0M)->1009.1M(2048.0M)]
 [Times: user=0.75 sys=0.00, real=0.11 secs] 
2020-09-29T12:22:59.352+0200: 139.508: [GC pause (G1 Humongous Allocation) (young) (initial-mark), 0.0401454 secs]
   [Parallel Time: 39.3 ms, GC Workers: 8]
      [GC Worker Start (ms): Min: 139507.8, Avg: 139507.8, Max: 139507.9, Diff: 0.1]
      [Ext Root Scanning (ms): Min: 0.0, Avg: 0.8, Max: 5.2, Diff: 5.2, Sum: 6.2]
      [Update RS (ms): Min: 15.0, Avg: 19.4, Max: 20.3, Diff: 5.4, Sum: 155.0]
         [Processed Buffers: Min: 16, Avg: 23.3, Max: 25, Diff: 9, Sum: 186]
      [Scan RS (ms): Min: 1.3, Avg: 1.7, Max: 2.0, Diff: 0.6, Sum: 13.8]
      [Code Root Scanning (ms): Min: 0.0, Avg: 0.0, Max: 0.0, Diff: 0.0, Sum: 0.0]
      [Object Copy (ms): Min: 17.2, Avg: 17.3, Max: 17.3, Diff: 0.1, Sum: 138.1]
      [Termination (ms): Min: 0.0, Avg: 0.0, Max: 0.0, Diff: 0.0, Sum: 0.0]
         [Termination Attempts: Min: 1, Avg: 20.4, Max: 37, Diff: 36, Sum: 163]
      [GC Worker Other (ms): Min: 0.0, Avg: 0.0, Max: 0.0, Diff: 0.0, Sum: 0.1]
      [GC Worker Total (ms): Min: 39.1, Avg: 39.2, Max: 39.2, Diff: 0.2, Sum: 313.3]
      [GC Worker End (ms): Min: 139547.0, Avg: 139547.0, Max: 139547.0, Diff: 0.0]
   [Code Root Fixup: 0.0 ms]
   [Code Root Purge: 0.0 ms]
   [Clear CT: 0.2 ms]
   [Other: 0.7 ms]
      [Choose CSet: 0.0 ms]
      [Ref Proc: 0.1 ms]
      [Ref Enq: 0.0 ms]
      [Redirty Cards: 0.2 ms]
      [Humongous Register: 0.0 ms]
      [Humongous Reclaim: 0.0 ms]
      [Free CSet: 0.1 ms]
   [Eden: 12.0M(175.0M)->0.0B(206.0M) Survivors: 22.0M->13.0M Heap: 1020.6M(2048.0M)->1025.1M(2048.0M)]
 [Times: user=0.25 sys=0.00, real=0.04 secs] 
2020-09-29T12:22:59.392+0200: 139.548: [GC concurrent-root-region-scan-start]
2020-09-29T12:22:59.397+0200: 139.552: [GC concurrent-root-region-scan-end, 0.0045182 secs]
2020-09-29T12:22:59.397+0200: 139.553: [GC concurrent-mark-start]
2020-09-29T12:22:59.401+0200: 139.556: [GC concurrent-mark-end, 0.0035562 secs]
2020-09-29T12:22:59.401+0200: 139.556: [GC remark 2020-09-29T12:22:59.401+0200: 139.556: [Finalize Marking, 0.0004187 secs] 2020-09-29T12:22:59.401+0200: 139.557: [GC ref-proc, 0.0004332 secs] 2020-09-29T12:22:59.402+0200: 139.557: [Unloading, 0.0022827 secs], 0.0055924 secs]
 [Times: user=0.00 sys=0.00, real=0.00 secs] 
2020-09-29T12:22:59.407+0200: 139.562: [GC cleanup 1037M->33M(2048M), 0.0021875 secs]
 [Times: user=0.00 sys=0.00, real=0.00 secs] 
2020-09-29T12:22:59.409+0200: 139.565: [GC concurrent-cleanup-start]
2020-09-29T12:22:59.411+0200: 139.566: [GC concurrent-cleanup-end, 0.0015578 secs]
2020-09-29T12:22:59.515+0200: 139.670: [GC pause (G1 Evacuation Pause) (young), 0.1132836 secs]
   [Parallel Time: 112.3 ms, GC Workers: 8]
      [GC Worker Start (ms): Min: 139670.3, Avg: 139670.4, Max: 139670.5, Diff: 0.2]
      [Ext Root Scanning (ms): Min: 0.0, Avg: 0.1, Max: 0.2, Diff: 0.2, Sum: 0.5]
      [Update RS (ms): Min: 13.5, Avg: 13.8, Max: 14.4, Diff: 0.9, Sum: 110.5]
         [Processed Buffers: Min: 12, Avg: 13.4, Max: 16, Diff: 4, Sum: 107]
      [Scan RS (ms): Min: 10.7, Avg: 11.4, Max: 11.7, Diff: 1.0, Sum: 91.3]
      [Code Root Scanning (ms): Min: 0.0, Avg: 0.0, Max: 0.0, Diff: 0.0, Sum: 0.0]
      [Object Copy (ms): Min: 86.6, Avg: 86.7, Max: 86.8, Diff: 0.2, Sum: 693.4]
      [Termination (ms): Min: 0.0, Avg: 0.0, Max: 0.0, Diff: 0.0, Sum: 0.3]
         [Termination Attempts: Min: 1, Avg: 215.3, Max: 278, Diff: 277, Sum: 1722]
      [GC Worker Other (ms): Min: 0.0, Avg: 0.0, Max: 0.1, Diff: 0.0, Sum: 0.2]
      [GC Worker Total (ms): Min: 111.9, Avg: 112.0, Max: 112.2, Diff: 0.2, Sum: 896.2]
      [GC Worker End (ms): Min: 139782.4, Avg: 139782.4, Max: 139782.5, Diff: 0.0]
   [Code Root Fixup: 0.0 ms]
   [Code Root Purge: 0.0 ms]
   [Clear CT: 0.2 ms]
   [Other: 0.8 ms]
      [Choose CSet: 0.0 ms]
      [Ref Proc: 0.1 ms]
      [Ref Enq: 0.0 ms]
      [Redirty Cards: 0.2 ms]
      [Humongous Register: 0.0 ms]
      [Humongous Reclaim: 0.0 ms]
      [Free CSet: 0.2 ms]
   [Eden: 201.0M(201.0M)->0.0B(222.0M) Survivors: 13.0M->27.0M Heap: 256.3M(2048.0M)->245.8M(2048.0M)]
 [Times: user=0.88 sys=0.00, real=0.11 secs] 
2020-09-29T12:22:59.753+0200: 139.908: [GC pause (G1 Evacuation Pause) (young), 0.1465121 secs]
   [Parallel Time: 145.4 ms, GC Workers: 8]
      [GC Worker Start (ms): Min: 139908.0, Avg: 139908.1, Max: 139908.2, Diff: 0.2]
      [Ext Root Scanning (ms): Min: 0.0, Avg: 0.1, Max: 0.2, Diff: 0.2, Sum: 0.5]
      [Update RS (ms): Min: 20.2, Avg: 20.7, Max: 21.1, Diff: 0.9, Sum: 165.3]
         [Processed Buffers: Min: 15, Avg: 17.3, Max: 19, Diff: 4, Sum: 138]
      [Scan RS (ms): Min: 13.4, Avg: 13.9, Max: 14.4, Diff: 1.0, Sum: 111.5]
      [Code Root Scanning (ms): Min: 0.0, Avg: 0.0, Max: 0.0, Diff: 0.0, Sum: 0.0]
      [Object Copy (ms): Min: 110.4, Avg: 110.4, Max: 110.4, Diff: 0.1, Sum: 883.1]
      [Termination (ms): Min: 0.0, Avg: 0.1, Max: 0.1, Diff: 0.1, Sum: 0.4]
         [Termination Attempts: Min: 1, Avg: 390.3, Max: 469, Diff: 468, Sum: 3122]
      [GC Worker Other (ms): Min: 0.0, Avg: 0.0, Max: 0.1, Diff: 0.1, Sum: 0.3]
      [GC Worker Total (ms): Min: 145.1, Avg: 145.1, Max: 145.3, Diff: 0.2, Sum: 1161.2]
      [GC Worker End (ms): Min: 140053.2, Avg: 140053.3, Max: 140053.3, Diff: 0.1]
   [Code Root Fixup: 0.0 ms]
   [Code Root Purge: 0.0 ms]
   [Clear CT: 0.2 ms]
   [Other: 0.9 ms]
      [Choose CSet: 0.0 ms]
      [Ref Proc: 0.2 ms]
      [Ref Enq: 0.0 ms]
      [Redirty Cards: 0.2 ms]
      [Humongous Register: 0.0 ms]
      [Humongous Reclaim: 0.0 ms]
      [Free CSet: 0.3 ms]
   [Eden: 222.0M(222.0M)->0.0B(224.0M) Survivors: 27.0M->32.0M Heap: 504.1M(2048.0M)->505.6M(2048.0M)]
 [Times: user=1.19 sys=0.00, real=0.15 secs] 
2020-09-29T12:23:00.039+0200: 140.194: [GC pause (G1 Evacuation Pause) (young), 0.1427827 secs]
   [Parallel Time: 141.7 ms, GC Workers: 8]
      [GC Worker Start (ms): Min: 140193.8, Avg: 140193.9, Max: 140193.9, Diff: 0.2]
      [Ext Root Scanning (ms): Min: 0.0, Avg: 0.1, Max: 0.1, Diff: 0.1, Sum: 0.5]
      [Update RS (ms): Min: 15.4, Avg: 15.5, Max: 15.8, Diff: 0.4, Sum: 124.3]
         [Processed Buffers: Min: 14, Avg: 16.0, Max: 20, Diff: 6, Sum: 128]
      [Scan RS (ms): Min: 13.4, Avg: 13.7, Max: 13.8, Diff: 0.4, Sum: 109.2]
      [Code Root Scanning (ms): Min: 0.0, Avg: 0.0, Max: 0.0, Diff: 0.0, Sum: 0.0]
      [Object Copy (ms): Min: 112.1, Avg: 112.2, Max: 112.2, Diff: 0.1, Sum: 897.4]
      [Termination (ms): Min: 0.0, Avg: 0.0, Max: 0.0, Diff: 0.0, Sum: 0.1]
         [Termination Attempts: Min: 1, Avg: 100.0, Max: 138, Diff: 137, Sum: 800]
      [GC Worker Other (ms): Min: 0.0, Avg: 0.0, Max: 0.1, Diff: 0.1, Sum: 0.4]
      [GC Worker Total (ms): Min: 141.4, Avg: 141.5, Max: 141.6, Diff: 0.2, Sum: 1131.9]
      [GC Worker End (ms): Min: 140335.3, Avg: 140335.3, Max: 140335.4, Diff: 0.1]
   [Code Root Fixup: 0.0 ms]
   [Code Root Purge: 0.0 ms]
   [Clear CT: 0.2 ms]
   [Other: 0.9 ms]
      [Choose CSet: 0.0 ms]
      [Ref Proc: 0.2 ms]
      [Ref Enq: 0.0 ms]
      [Redirty Cards: 0.2 ms]
      [Humongous Register: 0.0 ms]
      [Humongous Reclaim: 0.0 ms]
      [Free CSet: 0.2 ms]
   [Eden: 224.0M(224.0M)->0.0B(235.0M) Survivors: 32.0M->32.0M Heap: 767.7M(2048.0M)->769.7M(2048.0M)]
 [Times: user=1.13 sys=0.00, real=0.14 secs] 
2020-09-29T12:23:00.330+0200: 140.485: [GC pause (G1 Evacuation Pause) (young), 0.1559741 secs]
   [Parallel Time: 154.8 ms, GC Workers: 8]
      [GC Worker Start (ms): Min: 140485.1, Avg: 140485.1, Max: 140485.3, Diff: 0.2]
      [Ext Root Scanning (ms): Min: 0.0, Avg: 0.1, Max: 0.2, Diff: 0.2, Sum: 0.7]
      [Update RS (ms): Min: 17.8, Avg: 17.9, Max: 18.5, Diff: 0.7, Sum: 143.6]
         [Processed Buffers: Min: 15, Avg: 17.9, Max: 20, Diff: 5, Sum: 143]
      [Scan RS (ms): Min: 12.9, Avg: 13.4, Max: 13.7, Diff: 0.8, Sum: 107.4]
      [Code Root Scanning (ms): Min: 0.0, Avg: 0.0, Max: 0.0, Diff: 0.0, Sum: 0.0]
      [Object Copy (ms): Min: 123.0, Avg: 123.2, Max: 123.4, Diff: 0.4, Sum: 985.6]
      [Termination (ms): Min: 0.0, Avg: 0.0, Max: 0.0, Diff: 0.0, Sum: 0.2]
         [Termination Attempts: Min: 1, Avg: 155.1, Max: 199, Diff: 198, Sum: 1241]
      [GC Worker Other (ms): Min: 0.0, Avg: 0.0, Max: 0.0, Diff: 0.0, Sum: 0.2]
      [GC Worker Total (ms): Min: 154.6, Avg: 154.7, Max: 154.8, Diff: 0.2, Sum: 1237.6]
      [GC Worker End (ms): Min: 140639.8, Avg: 140639.8, Max: 140639.9, Diff: 0.0]
   [Code Root Fixup: 0.0 ms]
   [Code Root Purge: 0.0 ms]
   [Clear CT: 0.2 ms]
   [Other: 1.0 ms]
      [Choose CSet: 0.0 ms]
      [Ref Proc: 0.2 ms]
      [Ref Enq: 0.0 ms]
      [Redirty Cards: 0.3 ms]
      [Humongous Register: 0.1 ms]
      [Humongous Reclaim: 0.0 ms]
      [Free CSet: 0.3 ms]
   [Eden: 235.0M(235.0M)->0.0B(243.0M) Survivors: 32.0M->34.0M Heap: 1044.8M(2048.0M)->1046.8M(2048.0M)]
 [Times: user=1.19 sys=0.00, real=0.16 secs] 
2020-09-29T12:23:00.499+0200: 140.654: [GC pause (G1 Humongous Allocation) (young) (initial-mark), 0.0500505 secs]
   [Parallel Time: 48.8 ms, GC Workers: 8]
      [GC Worker Start (ms): Min: 140653.8, Avg: 140653.9, Max: 140654.0, Diff: 0.2]
      [Ext Root Scanning (ms): Min: 0.0, Avg: 0.3, Max: 0.6, Diff: 0.6, Sum: 2.3]
      [Update RS (ms): Min: 24.1, Avg: 24.6, Max: 25.1, Diff: 1.0, Sum: 196.5]
         [Processed Buffers: Min: 26, Avg: 29.5, Max: 32, Diff: 6, Sum: 236]
      [Scan RS (ms): Min: 2.3, Avg: 2.7, Max: 2.9, Diff: 0.6, Sum: 21.4]
      [Code Root Scanning (ms): Min: 0.0, Avg: 0.0, Max: 0.0, Diff: 0.0, Sum: 0.0]
      [Object Copy (ms): Min: 21.0, Avg: 21.1, Max: 21.1, Diff: 0.1, Sum: 168.6]
      [Termination (ms): Min: 0.0, Avg: 0.0, Max: 0.0, Diff: 0.0, Sum: 0.0]
         [Termination Attempts: Min: 1, Avg: 29.9, Max: 47, Diff: 46, Sum: 239]
      [GC Worker Other (ms): Min: 0.0, Avg: 0.0, Max: 0.0, Diff: 0.0, Sum: 0.1]
      [GC Worker Total (ms): Min: 48.5, Avg: 48.6, Max: 48.7, Diff: 0.2, Sum: 389.0]
      [GC Worker End (ms): Min: 140702.5, Avg: 140702.5, Max: 140702.5, Diff: 0.0]
   [Code Root Fixup: 0.0 ms]
   [Code Root Purge: 0.0 ms]
   [Clear CT: 0.2 ms]
   [Other: 1.1 ms]
      [Choose CSet: 0.0 ms]
      [Ref Proc: 0.4 ms]
      [Ref Enq: 0.0 ms]
      [Redirty Cards: 0.2 ms]
      [Humongous Register: 0.1 ms]
      [Humongous Reclaim: 0.0 ms]
      [Free CSet: 0.1 ms]
   [Eden: 11.0M(243.0M)->0.0B(278.0M) Survivors: 34.0M->13.0M Heap: 1057.8M(2048.0M)->1061.3M(2048.0M)]
 [Times: user=0.38 sys=0.00, real=0.05 secs] 
2020-09-29T12:23:00.549+0200: 140.704: [GC concurrent-root-region-scan-start]
2020-09-29T12:23:00.552+0200: 140.707: [GC concurrent-root-region-scan-end, 0.0033594 secs]
2020-09-29T12:23:00.552+0200: 140.707: [GC concurrent-mark-start]
2020-09-29T12:23:00.556+0200: 140.711: [GC concurrent-mark-end, 0.0041884 secs]
2020-09-29T12:23:00.556+0200: 140.712: [GC remark 2020-09-29T12:23:00.556+0200: 140.712: [Finalize Marking, 0.0002785 secs] 2020-09-29T12:23:00.556+0200: 140.712: [GC ref-proc, 0.0003323 secs] 2020-09-29T12:23:00.557+0200: 140.712: [Unloading, 0.0012158 secs], 0.0030967 secs]
 [Times: user=0.00 sys=0.00, real=0.00 secs] 
2020-09-29T12:23:00.560+0200: 140.715: [GC cleanup 1078M->37M(2048M), 0.0012943 secs]
 [Times: user=0.00 sys=0.00, real=0.00 secs] 
2020-09-29T12:23:00.561+0200: 140.717: [GC concurrent-cleanup-start]
2020-09-29T12:23:00.563+0200: 140.718: [GC concurrent-cleanup-end, 0.0018797 secs]
2020-09-29T12:23:00.715+0200: 140.870: [GC pause (G1 Evacuation Pause) (young), 0.1692678 secs]
   [Parallel Time: 167.9 ms, GC Workers: 8]
      [GC Worker Start (ms): Min: 140870.5, Avg: 140870.5, Max: 140870.6, Diff: 0.1]
      [Ext Root Scanning (ms): Min: 0.0, Avg: 0.1, Max: 0.1, Diff: 0.1, Sum: 0.6]
      [Update RS (ms): Min: 15.2, Avg: 15.3, Max: 15.8, Diff: 0.6, Sum: 122.6]
         [Processed Buffers: Min: 14, Avg: 16.3, Max: 18, Diff: 4, Sum: 130]
      [Scan RS (ms): Min: 14.9, Avg: 15.4, Max: 15.6, Diff: 0.6, Sum: 123.2]
      [Code Root Scanning (ms): Min: 0.0, Avg: 0.0, Max: 0.0, Diff: 0.0, Sum: 0.0]
      [Object Copy (ms): Min: 136.3, Avg: 136.6, Max: 137.0, Diff: 0.7, Sum: 1092.6]
      [Termination (ms): Min: 0.0, Avg: 0.4, Max: 0.5, Diff: 0.5, Sum: 3.0]
         [Termination Attempts: Min: 1, Avg: 2368.5, Max: 3248, Diff: 3247, Sum: 18948]
      [GC Worker Other (ms): Min: 0.0, Avg: 0.0, Max: 0.1, Diff: 0.1, Sum: 0.3]
      [GC Worker Total (ms): Min: 167.7, Avg: 167.8, Max: 167.9, Diff: 0.2, Sum: 1342.3]
      [GC Worker End (ms): Min: 141038.3, Avg: 141038.3, Max: 141038.3, Diff: 0.1]
   [Code Root Fixup: 0.0 ms]
   [Code Root Purge: 0.0 ms]
   [Clear CT: 0.2 ms]
   [Other: 1.2 ms]
      [Choose CSet: 0.0 ms]
      [Ref Proc: 0.1 ms]
      [Ref Enq: 0.0 ms]
      [Redirty Cards: 0.4 ms]
      [Humongous Register: 0.0 ms]
      [Humongous Reclaim: 0.0 ms]
      [Free CSet: 0.3 ms]
   [Eden: 278.0M(278.0M)->0.0B(256.0M) Survivors: 13.0M->37.0M Heap: 346.2M(2048.0M)->335.7M(2048.0M)]
 [Times: user=1.33 sys=0.00, real=0.17 secs] 
2020-09-29T12:23:01.046+0200: 141.201: [GC pause (G1 Evacuation Pause) (young), 0.1687148 secs]
   [Parallel Time: 167.4 ms, GC Workers: 8]
      [GC Worker Start (ms): Min: 141201.3, Avg: 141201.5, Max: 141201.5, Diff: 0.2]
      [Ext Root Scanning (ms): Min: 0.0, Avg: 0.1, Max: 0.2, Diff: 0.2, Sum: 0.5]
      [Update RS (ms): Min: 20.5, Avg: 20.7, Max: 20.8, Diff: 0.3, Sum: 165.3]
         [Processed Buffers: Min: 16, Avg: 18.0, Max: 21, Diff: 5, Sum: 144]
      [Scan RS (ms): Min: 18.5, Avg: 18.7, Max: 19.0, Diff: 0.6, Sum: 149.4]
      [Code Root Scanning (ms): Min: 0.0, Avg: 0.0, Max: 0.0, Diff: 0.0, Sum: 0.0]
      [Object Copy (ms): Min: 127.5, Avg: 127.7, Max: 127.8, Diff: 0.3, Sum: 1021.3]
      [Termination (ms): Min: 0.0, Avg: 0.0, Max: 0.0, Diff: 0.0, Sum: 0.1]
         [Termination Attempts: Min: 1, Avg: 92.9, Max: 138, Diff: 137, Sum: 743]
      [GC Worker Other (ms): Min: 0.0, Avg: 0.0, Max: 0.1, Diff: 0.1, Sum: 0.3]
      [GC Worker Total (ms): Min: 167.1, Avg: 167.1, Max: 167.3, Diff: 0.2, Sum: 1337.0]
      [GC Worker End (ms): Min: 141368.6, Avg: 141368.6, Max: 141368.6, Diff: 0.0]
   [Code Root Fixup: 0.0 ms]
   [Code Root Purge: 0.0 ms]
   [Clear CT: 0.2 ms]
   [Other: 1.2 ms]
      [Choose CSet: 0.0 ms]
      [Ref Proc: 0.4 ms]
      [Ref Enq: 0.0 ms]
      [Redirty Cards: 0.3 ms]
      [Humongous Register: 0.0 ms]
      [Humongous Reclaim: 0.0 ms]
      [Free CSet: 0.3 ms]
   [Eden: 256.0M(256.0M)->0.0B(254.0M) Survivors: 37.0M->37.0M Heap: 633.6M(2048.0M)->636.1M(2048.0M)]
 [Times: user=1.38 sys=0.00, real=0.17 secs] 
2020-09-29T12:23:01.380+0200: 141.535: [GC pause (G1 Evacuation Pause) (young), 0.1777968 secs]
   [Parallel Time: 176.6 ms, GC Workers: 8]
      [GC Worker Start (ms): Min: 141534.8, Avg: 141534.9, Max: 141534.9, Diff: 0.1]
      [Ext Root Scanning (ms): Min: 0.0, Avg: 0.1, Max: 0.2, Diff: 0.1, Sum: 0.7]
      [Update RS (ms): Min: 16.5, Avg: 16.8, Max: 17.1, Diff: 0.6, Sum: 134.1]
         [Processed Buffers: Min: 14, Avg: 16.4, Max: 19, Diff: 5, Sum: 131]
      [Scan RS (ms): Min: 16.9, Avg: 17.4, Max: 18.2, Diff: 1.3, Sum: 139.1]
      [Code Root Scanning (ms): Min: 0.0, Avg: 0.0, Max: 0.0, Diff: 0.0, Sum: 0.0]
      [Object Copy (ms): Min: 141.4, Avg: 142.0, Max: 142.4, Diff: 1.0, Sum: 1136.3]
      [Termination (ms): Min: 0.0, Avg: 0.1, Max: 0.2, Diff: 0.2, Sum: 0.9]
         [Termination Attempts: Min: 1, Avg: 703.5, Max: 999, Diff: 998, Sum: 5628]
      [GC Worker Other (ms): Min: 0.0, Avg: 0.0, Max: 0.1, Diff: 0.1, Sum: 0.3]
      [GC Worker Total (ms): Min: 176.4, Avg: 176.4, Max: 176.5, Diff: 0.1, Sum: 1411.5]
      [GC Worker End (ms): Min: 141711.3, Avg: 141711.3, Max: 141711.3, Diff: 0.1]
   [Code Root Fixup: 0.0 ms]
   [Code Root Purge: 0.0 ms]
   [Clear CT: 0.2 ms]
   [Other: 1.0 ms]
      [Choose CSet: 0.0 ms]
      [Ref Proc: 0.2 ms]
      [Ref Enq: 0.0 ms]
      [Redirty Cards: 0.2 ms]
      [Humongous Register: 0.0 ms]
      [Humongous Reclaim: 0.0 ms]
      [Free CSet: 0.3 ms]
   [Eden: 254.0M(254.0M)->0.0B(250.0M) Survivors: 37.0M->37.0M Heap: 932.1M(2048.0M)->934.1M(2048.0M)]
 [Times: user=1.28 sys=0.00, real=0.18 secs] 
2020-09-29T12:23:01.616+0200: 141.771: [GC pause (G1 Humongous Allocation) (young) (initial-mark), 0.0920901 secs]
   [Parallel Time: 91.0 ms, GC Workers: 8]
      [GC Worker Start (ms): Min: 141771.4, Avg: 141771.5, Max: 141771.5, Diff: 0.1]
      [Ext Root Scanning (ms): Min: 0.0, Avg: 0.1, Max: 0.1, Diff: 0.1, Sum: 0.7]
      [Update RS (ms): Min: 17.2, Avg: 17.6, Max: 18.0, Diff: 0.8, Sum: 140.8]
         [Processed Buffers: Min: 17, Avg: 18.5, Max: 20, Diff: 3, Sum: 148]
      [Scan RS (ms): Min: 2.5, Avg: 3.0, Max: 3.4, Diff: 0.8, Sum: 24.0]
      [Code Root Scanning (ms): Min: 0.0, Avg: 0.0, Max: 0.0, Diff: 0.0, Sum: 0.0]
      [Object Copy (ms): Min: 69.8, Avg: 70.0, Max: 70.1, Diff: 0.3, Sum: 559.8]
      [Termination (ms): Min: 0.0, Avg: 0.2, Max: 0.4, Diff: 0.4, Sum: 1.7]
         [Termination Attempts: Min: 1, Avg: 1062.6, Max: 1618, Diff: 1617, Sum: 8501]
      [GC Worker Other (ms): Min: 0.0, Avg: 0.0, Max: 0.0, Diff: 0.0, Sum: 0.1]
      [GC Worker Total (ms): Min: 90.8, Avg: 90.9, Max: 90.9, Diff: 0.1, Sum: 727.1]
      [GC Worker End (ms): Min: 141862.3, Avg: 141862.4, Max: 141862.4, Diff: 0.0]
   [Code Root Fixup: 0.0 ms]
   [Code Root Purge: 0.0 ms]
   [Clear CT: 0.2 ms]
   [Other: 0.9 ms]
      [Choose CSet: 0.0 ms]
      [Ref Proc: 0.2 ms]
      [Ref Enq: 0.0 ms]
      [Redirty Cards: 0.2 ms]
      [Humongous Register: 0.0 ms]
      [Humongous Reclaim: 0.0 ms]
      [Free CSet: 0.1 ms]
   [Eden: 94.0M(250.0M)->0.0B(255.0M) Survivors: 37.0M->36.0M Heap: 1042.9M(2048.0M)->1044.4M(2048.0M)]
 [Times: user=0.58 sys=0.00, real=0.09 secs] 
2020-09-29T12:23:01.708+0200: 141.864: [GC concurrent-root-region-scan-start]
2020-09-29T12:23:01.722+0200: 141.877: [GC concurrent-root-region-scan-end, 0.0134647 secs]
2020-09-29T12:23:01.722+0200: 141.877: [GC concurrent-mark-start]
2020-09-29T12:23:01.726+0200: 141.881: [GC concurrent-mark-end, 0.0039937 secs]
2020-09-29T12:23:01.726+0200: 141.881: [GC remark 2020-09-29T12:23:01.726+0200: 141.881: [Finalize Marking, 0.0001597 secs] 2020-09-29T12:23:01.726+0200: 141.881: [GC ref-proc, 0.0003763 secs] 2020-09-29T12:23:01.727+0200: 141.882: [Unloading, 0.0004984 secs], 0.0014480 secs]
 [Times: user=0.00 sys=0.00, real=0.00 secs] 
2020-09-29T12:23:01.728+0200: 141.883: [GC cleanup 1080M->79M(2048M), 0.0015375 secs]
 [Times: user=0.00 sys=0.00, real=0.00 secs] 
2020-09-29T12:23:01.730+0200: 141.885: [GC concurrent-cleanup-start]
2020-09-29T12:23:01.731+0200: 141.887: [GC concurrent-cleanup-end, 0.0017713 secs]
2020-09-29T12:23:01.857+0200: 142.012: [GC pause (G1 Evacuation Pause) (young), 0.1397610 secs]
   [Parallel Time: 138.6 ms, GC Workers: 8]
      [GC Worker Start (ms): Min: 142012.1, Avg: 142012.2, Max: 142012.3, Diff: 0.2]
      [Ext Root Scanning (ms): Min: 0.0, Avg: 0.1, Max: 0.1, Diff: 0.1, Sum: 0.6]
      [Update RS (ms): Min: 15.6, Avg: 15.8, Max: 16.4, Diff: 0.8, Sum: 126.1]
         [Processed Buffers: Min: 15, Avg: 17.6, Max: 22, Diff: 7, Sum: 141]
      [Scan RS (ms): Min: 12.2, Avg: 12.9, Max: 13.1, Diff: 0.8, Sum: 103.2]
      [Code Root Scanning (ms): Min: 0.0, Avg: 0.0, Max: 0.0, Diff: 0.0, Sum: 0.0]
      [Object Copy (ms): Min: 109.6, Avg: 109.6, Max: 109.7, Diff: 0.1, Sum: 877.1]
      [Termination (ms): Min: 0.0, Avg: 0.0, Max: 0.0, Diff: 0.0, Sum: 0.2]
         [Termination Attempts: Min: 1, Avg: 223.8, Max: 318, Diff: 317, Sum: 1790]
      [GC Worker Other (ms): Min: 0.0, Avg: 0.0, Max: 0.1, Diff: 0.0, Sum: 0.3]
      [GC Worker Total (ms): Min: 138.3, Avg: 138.4, Max: 138.5, Diff: 0.1, Sum: 1107.5]
      [GC Worker End (ms): Min: 142150.6, Avg: 142150.6, Max: 142150.6, Diff: 0.0]
   [Code Root Fixup: 0.0 ms]
   [Code Root Purge: 0.0 ms]
   [Clear CT: 0.2 ms]
   [Other: 1.0 ms]
      [Choose CSet: 0.0 ms]
      [Ref Proc: 0.2 ms]
      [Ref Enq: 0.0 ms]
      [Redirty Cards: 0.2 ms]
      [Humongous Register: 0.1 ms]
      [Humongous Reclaim: 0.0 ms]
      [Free CSet: 0.3 ms]
   [Eden: 255.0M(255.0M)->0.0B(274.0M) Survivors: 36.0M->37.0M Heap: 342.9M(2048.0M)->309.4M(2048.0M)]
 [Times: user=1.11 sys=0.02, real=0.14 secs] 
2020-09-29T12:23:02.158+0200: 142.313: [GC pause (G1 Evacuation Pause) (young), 0.1734208 secs]
   [Parallel Time: 172.3 ms, GC Workers: 8]
      [GC Worker Start (ms): Min: 142312.9, Avg: 142312.9, Max: 142313.0, Diff: 0.1]
      [Ext Root Scanning (ms): Min: 0.0, Avg: 0.1, Max: 0.1, Diff: 0.1, Sum: 0.7]
      [Update RS (ms): Min: 21.7, Avg: 21.8, Max: 22.5, Diff: 0.9, Sum: 174.7]
         [Processed Buffers: Min: 18, Avg: 21.0, Max: 25, Diff: 7, Sum: 168]
      [Scan RS (ms): Min: 16.6, Avg: 17.2, Max: 17.4, Diff: 0.8, Sum: 137.4]
      [Code Root Scanning (ms): Min: 0.0, Avg: 0.0, Max: 0.0, Diff: 0.0, Sum: 0.0]
      [Object Copy (ms): Min: 132.8, Avg: 133.0, Max: 133.1, Diff: 0.2, Sum: 1063.6]
      [Termination (ms): Min: 0.0, Avg: 0.0, Max: 0.1, Diff: 0.1, Sum: 0.3]
         [Termination Attempts: Min: 1, Avg: 242.9, Max: 353, Diff: 352, Sum: 1943]
      [GC Worker Other (ms): Min: 0.0, Avg: 0.0, Max: 0.1, Diff: 0.1, Sum: 0.3]
      [GC Worker Total (ms): Min: 172.1, Avg: 172.1, Max: 172.2, Diff: 0.1, Sum: 1377.1]
      [GC Worker End (ms): Min: 142485.0, Avg: 142485.1, Max: 142485.1, Diff: 0.1]
   [Code Root Fixup: 0.0 ms]
   [Code Root Purge: 0.0 ms]
   [Clear CT: 0.2 ms]
   [Other: 0.9 ms]
      [Choose CSet: 0.0 ms]
      [Ref Proc: 0.2 ms]
      [Ref Enq: 0.0 ms]
      [Redirty Cards: 0.2 ms]
      [Humongous Register: 0.0 ms]
      [Humongous Reclaim: 0.0 ms]
      [Free CSet: 0.3 ms]
   [Eden: 274.0M(274.0M)->0.0B(269.0M) Survivors: 37.0M->39.0M Heap: 629.1M(2048.0M)->631.1M(2048.0M)]
 [Times: user=1.33 sys=0.03, real=0.17 secs] 
2020-09-29T12:23:02.496+0200: 142.651: [GC pause (G1 Evacuation Pause) (young), 0.1837476 secs]
   [Parallel Time: 182.2 ms, GC Workers: 8]
      [GC Worker Start (ms): Min: 142651.2, Avg: 142652.6, Max: 142653.9, Diff: 2.7]
      [Ext Root Scanning (ms): Min: 0.0, Avg: 0.0, Max: 0.2, Diff: 0.2, Sum: 0.3]
      [Update RS (ms): Min: 21.8, Avg: 23.1, Max: 24.8, Diff: 2.9, Sum: 185.0]
         [Processed Buffers: Min: 17, Avg: 20.8, Max: 23, Diff: 6, Sum: 166]
      [Scan RS (ms): Min: 19.7, Avg: 20.1, Max: 20.5, Diff: 0.8, Sum: 160.9]
      [Code Root Scanning (ms): Min: 0.0, Avg: 0.0, Max: 0.0, Diff: 0.0, Sum: 0.0]
      [Object Copy (ms): Min: 137.3, Avg: 137.3, Max: 137.5, Diff: 0.2, Sum: 1098.8]
      [Termination (ms): Min: 0.0, Avg: 0.1, Max: 0.1, Diff: 0.1, Sum: 0.7]
         [Termination Attempts: Min: 1, Avg: 648.4, Max: 792, Diff: 791, Sum: 5187]
      [GC Worker Other (ms): Min: 0.0, Avg: 0.0, Max: 0.1, Diff: 0.1, Sum: 0.3]
      [GC Worker Total (ms): Min: 179.5, Avg: 180.8, Max: 182.1, Diff: 2.6, Sum: 1446.0]
      [GC Worker End (ms): Min: 142833.3, Avg: 142833.3, Max: 142833.4, Diff: 0.1]
   [Code Root Fixup: 0.0 ms]
   [Code Root Purge: 0.0 ms]
   [Clear CT: 0.2 ms]
   [Other: 1.3 ms]
      [Choose CSet: 0.0 ms]
      [Ref Proc: 0.1 ms]
      [Ref Enq: 0.0 ms]
      [Redirty Cards: 0.3 ms]
      [Humongous Register: 0.1 ms]
      [Humongous Reclaim: 0.0 ms]
      [Free CSet: 0.3 ms]
   [Eden: 269.0M(269.0M)->0.0B(259.0M) Survivors: 39.0M->39.0M Heap: 944.0M(2048.0M)->946.0M(2048.0M)]
 [Times: user=1.48 sys=0.00, real=0.18 secs] 
2020-09-29T12:23:02.712+0200: 142.867: [GC pause (G1 Humongous Allocation) (young) (initial-mark), 0.0556531 secs]
   [Parallel Time: 54.6 ms, GC Workers: 8]
      [GC Worker Start (ms): Min: 142867.3, Avg: 142867.4, Max: 142867.4, Diff: 0.1]
      [Ext Root Scanning (ms): Min: 0.0, Avg: 0.1, Max: 0.1, Diff: 0.1, Sum: 0.7]
      [Update RS (ms): Min: 16.5, Avg: 16.8, Max: 17.4, Diff: 0.8, Sum: 134.3]
         [Processed Buffers: Min: 15, Avg: 18.6, Max: 21, Diff: 6, Sum: 149]
      [Scan RS (ms): Min: 2.6, Avg: 3.2, Max: 3.5, Diff: 0.9, Sum: 25.9]
      [Code Root Scanning (ms): Min: 0.0, Avg: 0.0, Max: 0.0, Diff: 0.0, Sum: 0.0]
      [Object Copy (ms): Min: 34.2, Avg: 34.3, Max: 34.3, Diff: 0.1, Sum: 274.0]
      [Termination (ms): Min: 0.0, Avg: 0.0, Max: 0.1, Diff: 0.1, Sum: 0.3]
         [Termination Attempts: Min: 1, Avg: 239.1, Max: 346, Diff: 345, Sum: 1913]
      [GC Worker Other (ms): Min: 0.0, Avg: 0.0, Max: 0.0, Diff: 0.0, Sum: 0.1]
      [GC Worker Total (ms): Min: 54.4, Avg: 54.4, Max: 54.5, Diff: 0.1, Sum: 435.3]
      [GC Worker End (ms): Min: 142921.8, Avg: 142921.8, Max: 142921.8, Diff: 0.0]
   [Code Root Fixup: 0.0 ms]
   [Code Root Purge: 0.0 ms]
   [Clear CT: 0.2 ms]
   [Other: 0.8 ms]
      [Choose CSet: 0.0 ms]
      [Ref Proc: 0.1 ms]
      [Ref Enq: 0.0 ms]
      [Redirty Cards: 0.2 ms]
      [Humongous Register: 0.1 ms]
      [Humongous Reclaim: 0.0 ms]
      [Free CSet: 0.1 ms]
   [Eden: 38.0M(259.0M)->0.0B(282.0M) Survivors: 39.0M->38.0M Heap: 989.2M(2048.0M)->992.2M(2048.0M)]
 [Times: user=0.38 sys=0.00, real=0.06 secs] 
2020-09-29T12:23:02.768+0200: 142.923: [GC concurrent-root-region-scan-start]
2020-09-29T12:23:02.782+0200: 142.937: [GC concurrent-root-region-scan-end, 0.0141175 secs]
2020-09-29T12:23:02.782+0200: 142.937: [GC concurrent-mark-start]
2020-09-29T12:23:02.786+0200: 142.941: [GC concurrent-mark-end, 0.0034977 secs]
2020-09-29T12:23:02.786+0200: 142.941: [GC remark 2020-09-29T12:23:02.786+0200: 142.941: [Finalize Marking, 0.0002354 secs] 2020-09-29T12:23:02.786+0200: 142.941: [GC ref-proc, 0.0004008 secs] 2020-09-29T12:23:02.787+0200: 142.942: [Unloading, 0.0005379 secs], 0.0015831 secs]
 [Times: user=0.00 sys=0.00, real=0.00 secs] 
2020-09-29T12:23:02.788+0200: 142.943: [GC cleanup 1029M->83M(2048M), 0.0022739 secs]
 [Times: user=0.00 sys=0.00, real=0.00 secs] 
2020-09-29T12:23:02.791+0200: 142.946: [GC concurrent-cleanup-start]
2020-09-29T12:23:02.792+0200: 142.947: [GC concurrent-cleanup-end, 0.0015963 secs]
2020-09-29T12:23:02.940+0200: 143.095: [GC pause (G1 Evacuation Pause) (young), 0.1491958 secs]
   [Parallel Time: 148.0 ms, GC Workers: 8]
      [GC Worker Start (ms): Min: 143095.2, Avg: 143095.4, Max: 143095.4, Diff: 0.2]
      [Ext Root Scanning (ms): Min: 0.0, Avg: 0.1, Max: 0.2, Diff: 0.2, Sum: 0.4]
      [Update RS (ms): Min: 16.9, Avg: 17.1, Max: 17.6, Diff: 0.7, Sum: 136.6]
         [Processed Buffers: Min: 17, Avg: 18.6, Max: 20, Diff: 3, Sum: 149]
      [Scan RS (ms): Min: 12.4, Avg: 12.9, Max: 13.0, Diff: 0.6, Sum: 102.9]
      [Code Root Scanning (ms): Min: 0.0, Avg: 0.0, Max: 0.0, Diff: 0.0, Sum: 0.0]
      [Object Copy (ms): Min: 117.7, Avg: 117.7, Max: 117.8, Diff: 0.1, Sum: 941.7]
      [Termination (ms): Min: 0.0, Avg: 0.1, Max: 0.1, Diff: 0.1, Sum: 0.4]
         [Termination Attempts: Min: 1, Avg: 376.3, Max: 463, Diff: 462, Sum: 3010]
      [GC Worker Other (ms): Min: 0.0, Avg: 0.0, Max: 0.1, Diff: 0.0, Sum: 0.4]
      [GC Worker Total (ms): Min: 147.7, Avg: 147.8, Max: 148.0, Diff: 0.2, Sum: 1182.6]
      [GC Worker End (ms): Min: 143243.2, Avg: 143243.2, Max: 143243.2, Diff: 0.1]
   [Code Root Fixup: 0.0 ms]
   [Code Root Purge: 0.0 ms]
   [Clear CT: 0.2 ms]
   [Other: 1.0 ms]
      [Choose CSet: 0.0 ms]
      [Ref Proc: 0.2 ms]
      [Ref Enq: 0.0 ms]
      [Redirty Cards: 0.2 ms]
      [Humongous Register: 0.0 ms]
      [Humongous Reclaim: 0.0 ms]
      [Free CSet: 0.3 ms]
   [Eden: 282.0M(282.0M)->0.0B(295.0M) Survivors: 38.0M->40.0M Heap: 375.7M(2048.0M)->339.2M(2048.0M)]
 [Times: user=1.23 sys=0.01, real=0.15 secs] 
2020-09-29T12:23:03.258+0200: 143.414: [GC pause (G1 Evacuation Pause) (young), 0.1848595 secs]
   [Parallel Time: 183.7 ms, GC Workers: 8]
      [GC Worker Start (ms): Min: 143413.7, Avg: 143413.8, Max: 143413.8, Diff: 0.2]
      [Ext Root Scanning (ms): Min: 0.0, Avg: 0.1, Max: 0.2, Diff: 0.2, Sum: 0.5]
      [Update RS (ms): Min: 20.3, Avg: 20.6, Max: 21.5, Diff: 1.2, Sum: 164.5]
         [Processed Buffers: Min: 16, Avg: 18.5, Max: 22, Diff: 6, Sum: 148]
      [Scan RS (ms): Min: 21.3, Avg: 22.0, Max: 22.3, Diff: 1.0, Sum: 176.2]
      [Code Root Scanning (ms): Min: 0.0, Avg: 0.0, Max: 0.0, Diff: 0.0, Sum: 0.0]
      [Object Copy (ms): Min: 140.6, Avg: 140.8, Max: 140.9, Diff: 0.2, Sum: 1126.2]
      [Termination (ms): Min: 0.0, Avg: 0.0, Max: 0.0, Diff: 0.0, Sum: 0.1]
         [Termination Attempts: Min: 1, Avg: 84.4, Max: 122, Diff: 121, Sum: 675]
      [GC Worker Other (ms): Min: 0.0, Avg: 0.0, Max: 0.1, Diff: 0.1, Sum: 0.3]
      [GC Worker Total (ms): Min: 183.4, Avg: 183.5, Max: 183.6, Diff: 0.2, Sum: 1467.9]
      [GC Worker End (ms): Min: 143597.2, Avg: 143597.2, Max: 143597.3, Diff: 0.1]
   [Code Root Fixup: 0.0 ms]
   [Code Root Purge: 0.0 ms]
   [Clear CT: 0.2 ms]
   [Other: 1.0 ms]
      [Choose CSet: 0.0 ms]
      [Ref Proc: 0.2 ms]
      [Ref Enq: 0.0 ms]
      [Redirty Cards: 0.2 ms]
      [Humongous Register: 0.0 ms]
      [Humongous Reclaim: 0.0 ms]
      [Free CSet: 0.3 ms]
   [Eden: 295.0M(295.0M)->0.0B(280.0M) Survivors: 40.0M->42.0M Heap: 683.8M(2048.0M)->686.3M(2048.0M)]
 [Times: user=1.50 sys=0.00, real=0.19 secs] 
2020-09-29T12:23:03.603+0200: 143.758: [GC pause (G1 Evacuation Pause) (young), 0.1781850 secs]
   [Parallel Time: 177.0 ms, GC Workers: 8]
      [GC Worker Start (ms): Min: 143758.1, Avg: 143758.2, Max: 143758.3, Diff: 0.2]
      [Ext Root Scanning (ms): Min: 0.0, Avg: 0.1, Max: 0.2, Diff: 0.2, Sum: 0.5]
      [Update RS (ms): Min: 18.2, Avg: 18.5, Max: 19.0, Diff: 0.8, Sum: 148.4]
         [Processed Buffers: Min: 16, Avg: 16.9, Max: 19, Diff: 3, Sum: 135]
      [Scan RS (ms): Min: 19.6, Avg: 20.1, Max: 20.4, Diff: 0.8, Sum: 161.1]
      [Code Root Scanning (ms): Min: 0.0, Avg: 0.0, Max: 0.0, Diff: 0.0, Sum: 0.0]
      [Object Copy (ms): Min: 137.8, Avg: 137.9, Max: 138.0, Diff: 0.2, Sum: 1103.0]
      [Termination (ms): Min: 0.0, Avg: 0.1, Max: 0.2, Diff: 0.2, Sum: 0.8]
         [Termination Attempts: Min: 1, Avg: 651.6, Max: 972, Diff: 971, Sum: 5213]
      [GC Worker Other (ms): Min: 0.0, Avg: 0.0, Max: 0.1, Diff: 0.0, Sum: 0.3]
      [GC Worker Total (ms): Min: 176.7, Avg: 176.8, Max: 176.9, Diff: 0.2, Sum: 1414.1]
      [GC Worker End (ms): Min: 143934.9, Avg: 143935.0, Max: 143935.0, Diff: 0.0]
   [Code Root Fixup: 0.0 ms]
   [Code Root Purge: 0.0 ms]
   [Clear CT: 0.2 ms]
   [Other: 0.9 ms]
      [Choose CSet: 0.0 ms]
      [Ref Proc: 0.2 ms]
      [Ref Enq: 0.0 ms]
      [Redirty Cards: 0.2 ms]
      [Humongous Register: 0.0 ms]
      [Humongous Reclaim: 0.0 ms]
      [Free CSet: 0.3 ms]
   [Eden: 280.0M(280.0M)->0.0B(275.0M) Survivors: 42.0M->41.0M Heap: 1012.1M(2048.0M)->1014.1M(2048.0M)]
 [Times: user=1.38 sys=0.00, real=0.18 secs] 
2020-09-29T12:23:03.793+0200: 143.949: [GC pause (G1 Humongous Allocation) (young) (initial-mark), 0.0627713 secs]
   [Parallel Time: 61.8 ms, GC Workers: 8]
      [GC Worker Start (ms): Min: 143948.9, Avg: 143949.0, Max: 143949.1, Diff: 0.1]
      [Ext Root Scanning (ms): Min: 0.0, Avg: 2.5, Max: 18.5, Diff: 18.5, Sum: 19.8]
      [Update RS (ms): Min: 16.8, Avg: 32.6, Max: 35.6, Diff: 18.8, Sum: 260.8]
         [Processed Buffers: Min: 19, Avg: 34.4, Max: 45, Diff: 26, Sum: 275]
      [Scan RS (ms): Min: 2.4, Avg: 5.4, Max: 21.1, Diff: 18.6, Sum: 43.0]
      [Code Root Scanning (ms): Min: 0.0, Avg: 0.0, Max: 0.0, Diff: 0.0, Sum: 0.0]
      [Object Copy (ms): Min: 5.2, Avg: 21.1, Max: 23.4, Diff: 18.3, Sum: 169.0]
      [Termination (ms): Min: 0.0, Avg: 0.0, Max: 0.0, Diff: 0.0, Sum: 0.2]
         [Termination Attempts: Min: 1, Avg: 125.8, Max: 175, Diff: 174, Sum: 1006]
      [GC Worker Other (ms): Min: 0.0, Avg: 0.0, Max: 0.0, Diff: 0.0, Sum: 0.2]
      [GC Worker Total (ms): Min: 61.5, Avg: 61.6, Max: 61.6, Diff: 0.1, Sum: 492.8]
      [GC Worker End (ms): Min: 144010.6, Avg: 144010.6, Max: 144010.6, Diff: 0.0]
   [Code Root Fixup: 0.0 ms]
   [Code Root Purge: 0.0 ms]
   [Clear CT: 0.2 ms]
   [Other: 0.8 ms]
      [Choose CSet: 0.0 ms]
      [Ref Proc: 0.1 ms]
      [Ref Enq: 0.0 ms]
      [Redirty Cards: 0.2 ms]
      [Humongous Register: 0.1 ms]
      [Humongous Reclaim: 0.0 ms]
      [Free CSet: 0.1 ms]
   [Eden: 2048.0K(275.0M)->0.0B(289.0M) Survivors: 41.0M->5120.0K Heap: 1015.6M(2048.0M)->1020.1M(2048.0M)]
 [Times: user=0.42 sys=0.00, real=0.06 secs] 
2020-09-29T12:23:03.856+0200: 144.012: [GC concurrent-root-region-scan-start]
2020-09-29T12:23:03.857+0200: 144.012: [GC concurrent-root-region-scan-end, 0.0006107 secs]
2020-09-29T12:23:03.857+0200: 144.012: [GC concurrent-mark-start]
2020-09-29T12:23:03.861+0200: 144.016: [GC concurrent-mark-end, 0.0034327 secs]
2020-09-29T12:23:03.861+0200: 144.016: [GC remark 2020-09-29T12:23:03.861+0200: 144.016: [Finalize Marking, 0.0003163 secs] 2020-09-29T12:23:03.861+0200: 144.017: [GC ref-proc, 0.0003966 secs] 2020-09-29T12:23:03.862+0200: 144.017: [Unloading, 0.0005592 secs], 0.0016741 secs]
 [Times: user=0.00 sys=0.00, real=0.00 secs] 
2020-09-29T12:23:03.863+0200: 144.018: [GC cleanup 1029M->22M(2048M), 0.0018048 secs]
 [Times: user=0.08 sys=0.00, real=0.00 secs] 
2020-09-29T12:23:03.865+0200: 144.020: [GC concurrent-cleanup-start]
2020-09-29T12:23:03.867+0200: 144.022: [GC concurrent-cleanup-end, 0.0016017 secs]
2020-09-29T12:23:04.020+0200: 144.175: [GC pause (G1 Evacuation Pause) (young), 0.1678488 secs]
   [Parallel Time: 166.7 ms, GC Workers: 8]
      [GC Worker Start (ms): Min: 144175.6, Avg: 144175.7, Max: 144175.8, Diff: 0.2]
      [Ext Root Scanning (ms): Min: 0.0, Avg: 0.1, Max: 0.2, Diff: 0.2, Sum: 0.5]
      [Update RS (ms): Min: 15.9, Avg: 16.1, Max: 16.6, Diff: 0.7, Sum: 128.8]
         [Processed Buffers: Min: 15, Avg: 16.4, Max: 19, Diff: 4, Sum: 131]
      [Scan RS (ms): Min: 17.1, Avg: 17.6, Max: 17.8, Diff: 0.7, Sum: 141.1]
      [Code Root Scanning (ms): Min: 0.0, Avg: 0.0, Max: 0.0, Diff: 0.0, Sum: 0.0]
      [Object Copy (ms): Min: 132.5, Avg: 132.5, Max: 132.6, Diff: 0.1, Sum: 1060.3]
      [Termination (ms): Min: 0.0, Avg: 0.0, Max: 0.1, Diff: 0.1, Sum: 0.4]
         [Termination Attempts: Min: 1, Avg: 313.3, Max: 400, Diff: 399, Sum: 2506]
      [GC Worker Other (ms): Min: 0.0, Avg: 0.0, Max: 0.1, Diff: 0.0, Sum: 0.3]
      [GC Worker Total (ms): Min: 166.4, Avg: 166.4, Max: 166.5, Diff: 0.2, Sum: 1331.4]
      [GC Worker End (ms): Min: 144342.1, Avg: 144342.1, Max: 144342.1, Diff: 0.0]
   [Code Root Fixup: 0.0 ms]
   [Code Root Purge: 0.0 ms]
   [Clear CT: 0.2 ms]
   [Other: 1.0 ms]
      [Choose CSet: 0.0 ms]
      [Ref Proc: 0.2 ms]
      [Ref Enq: 0.0 ms]
      [Redirty Cards: 0.3 ms]
      [Humongous Register: 0.0 ms]
      [Humongous Reclaim: 0.0 ms]
      [Free CSet: 0.3 ms]
   [Eden: 289.0M(289.0M)->0.0B(264.0M) Survivors: 5120.0K->37.0M Heap: 351.1M(2048.0M)->349.1M(2048.0M)]
 [Times: user=1.25 sys=0.00, real=0.17 secs] 
2020-09-29T12:23:04.342+0200: 144.497: [GC pause (G1 Evacuation Pause) (young), 0.1683249 secs]
   [Parallel Time: 167.0 ms, GC Workers: 8]
      [GC Worker Start (ms): Min: 144497.2, Avg: 144497.3, Max: 144497.3, Diff: 0.2]
      [Ext Root Scanning (ms): Min: 0.0, Avg: 0.1, Max: 0.2, Diff: 0.1, Sum: 0.5]
      [Update RS (ms): Min: 18.5, Avg: 18.6, Max: 18.8, Diff: 0.3, Sum: 148.4]
         [Processed Buffers: Min: 18, Avg: 19.6, Max: 22, Diff: 4, Sum: 157]
      [Scan RS (ms): Min: 15.4, Avg: 15.6, Max: 15.7, Diff: 0.3, Sum: 124.8]
      [Code Root Scanning (ms): Min: 0.0, Avg: 0.0, Max: 0.0, Diff: 0.0, Sum: 0.0]
      [Object Copy (ms): Min: 132.3, Avg: 132.3, Max: 132.4, Diff: 0.1, Sum: 1058.8]
      [Termination (ms): Min: 0.0, Avg: 0.2, Max: 0.2, Diff: 0.2, Sum: 1.2]
         [Termination Attempts: Min: 1, Avg: 1077.8, Max: 1341, Diff: 1340, Sum: 8622]
      [GC Worker Other (ms): Min: 0.0, Avg: 0.0, Max: 0.1, Diff: 0.0, Sum: 0.3]
      [GC Worker Total (ms): Min: 166.7, Avg: 166.7, Max: 166.8, Diff: 0.2, Sum: 1334.0]
      [GC Worker End (ms): Min: 144664.0, Avg: 144664.0, Max: 144664.0, Diff: 0.0]
   [Code Root Fixup: 0.0 ms]
   [Code Root Purge: 0.0 ms]
   [Clear CT: 0.2 ms]
   [Other: 1.2 ms]
      [Choose CSet: 0.0 ms]
      [Ref Proc: 0.2 ms]
      [Ref Enq: 0.0 ms]
      [Redirty Cards: 0.4 ms]
      [Humongous Register: 0.0 ms]
      [Humongous Reclaim: 0.0 ms]
      [Free CSet: 0.3 ms]
   [Eden: 264.0M(264.0M)->0.0B(267.0M) Survivors: 37.0M->38.0M Heap: 657.0M(2048.0M)->658.5M(2048.0M)]
 [Times: user=1.38 sys=0.00, real=0.17 secs] 
2020-09-29T12:23:04.663+0200: 144.819: [GC pause (G1 Evacuation Pause) (young), 0.1662188 secs]
   [Parallel Time: 165.2 ms, GC Workers: 8]
      [GC Worker Start (ms): Min: 144818.7, Avg: 144818.8, Max: 144818.8, Diff: 0.2]
      [Ext Root Scanning (ms): Min: 0.0, Avg: 0.1, Max: 0.2, Diff: 0.2, Sum: 0.6]
      [Update RS (ms): Min: 18.1, Avg: 18.3, Max: 18.7, Diff: 0.6, Sum: 146.6]
         [Processed Buffers: Min: 18, Avg: 20.3, Max: 22, Diff: 4, Sum: 162]
      [Scan RS (ms): Min: 14.3, Avg: 14.7, Max: 15.0, Diff: 0.7, Sum: 117.3]
      [Code Root Scanning (ms): Min: 0.0, Avg: 0.0, Max: 0.0, Diff: 0.0, Sum: 0.0]
      [Object Copy (ms): Min: 131.7, Avg: 131.8, Max: 132.0, Diff: 0.3, Sum: 1054.8]
      [Termination (ms): Min: 0.0, Avg: 0.1, Max: 0.1, Diff: 0.1, Sum: 0.4]
         [Termination Attempts: Min: 1, Avg: 351.8, Max: 447, Diff: 446, Sum: 2814]
      [GC Worker Other (ms): Min: 0.0, Avg: 0.0, Max: 0.1, Diff: 0.1, Sum: 0.3]
      [GC Worker Total (ms): Min: 164.9, Avg: 165.0, Max: 165.1, Diff: 0.2, Sum: 1320.0]
      [GC Worker End (ms): Min: 144983.7, Avg: 144983.8, Max: 144983.8, Diff: 0.0]
   [Code Root Fixup: 0.0 ms]
   [Code Root Purge: 0.0 ms]
   [Clear CT: 0.2 ms]
   [Other: 0.9 ms]
      [Choose CSet: 0.0 ms]
      [Ref Proc: 0.2 ms]
      [Ref Enq: 0.0 ms]
      [Redirty Cards: 0.1 ms]
      [Humongous Register: 0.0 ms]
      [Humongous Reclaim: 0.0 ms]
      [Free CSet: 0.3 ms]
   [Eden: 267.0M(267.0M)->0.0B(273.0M) Survivors: 38.0M->39.0M Heap: 969.3M(2048.0M)->970.8M(2048.0M)]
 [Times: user=1.23 sys=0.02, real=0.17 secs] 
2020-09-29T12:23:04.833+0200: 144.988: [GC pause (G1 Humongous Allocation) (young) (initial-mark), 0.0595743 secs]
   [Parallel Time: 58.6 ms, GC Workers: 8]
      [GC Worker Start (ms): Min: 144988.5, Avg: 144988.5, Max: 144988.6, Diff: 0.1]
      [Ext Root Scanning (ms): Min: 0.0, Avg: 0.1, Max: 0.2, Diff: 0.2, Sum: 0.8]
      [Update RS (ms): Min: 37.7, Avg: 37.9, Max: 38.2, Diff: 0.5, Sum: 303.1]
         [Processed Buffers: Min: 43, Avg: 47.4, Max: 50, Diff: 7, Sum: 379]
      [Scan RS (ms): Min: 0.3, Avg: 0.7, Max: 0.9, Diff: 0.6, Sum: 5.3]
      [Code Root Scanning (ms): Min: 0.0, Avg: 0.0, Max: 0.0, Diff: 0.0, Sum: 0.0]
      [Object Copy (ms): Min: 19.7, Avg: 19.8, Max: 19.8, Diff: 0.1, Sum: 158.4]
      [Termination (ms): Min: 0.0, Avg: 0.0, Max: 0.0, Diff: 0.0, Sum: 0.0]
         [Termination Attempts: Min: 1, Avg: 10.1, Max: 19, Diff: 18, Sum: 81]
      [GC Worker Other (ms): Min: 0.0, Avg: 0.0, Max: 0.0, Diff: 0.0, Sum: 0.2]
      [GC Worker Total (ms): Min: 58.4, Avg: 58.5, Max: 58.5, Diff: 0.1, Sum: 467.8]
      [GC Worker End (ms): Min: 145047.0, Avg: 145047.0, Max: 145047.0, Diff: 0.0]
   [Code Root Fixup: 0.0 ms]
   [Code Root Purge: 0.0 ms]
   [Clear CT: 0.2 ms]
   [Other: 0.8 ms]
      [Choose CSet: 0.0 ms]
      [Ref Proc: 0.2 ms]
      [Ref Enq: 0.0 ms]
      [Redirty Cards: 0.1 ms]
      [Humongous Register: 0.1 ms]
      [Humongous Reclaim: 0.0 ms]
      [Free CSet: 0.1 ms]
   [Eden: 5120.0K(273.0M)->0.0B(305.0M) Survivors: 39.0M->6144.0K Heap: 975.3M(2048.0M)->978.8M(2048.0M)]
 [Times: user=0.38 sys=0.00, real=0.06 secs] 
2020-09-29T12:23:04.893+0200: 145.048: [GC concurrent-root-region-scan-start]
2020-09-29T12:23:04.894+0200: 145.049: [GC concurrent-root-region-scan-end, 0.0012950 secs]
2020-09-29T12:23:04.894+0200: 145.049: [GC concurrent-mark-start]
2020-09-29T12:23:04.898+0200: 145.053: [GC concurrent-mark-end, 0.0037654 secs]
2020-09-29T12:23:04.898+0200: 145.053: [GC remark 2020-09-29T12:23:04.898+0200: 145.054: [Finalize Marking, 0.0002935 secs] 2020-09-29T12:23:04.899+0200: 145.054: [GC ref-proc, 0.0003837 secs] 2020-09-29T12:23:04.899+0200: 145.054: [Unloading, 0.0005118 secs], 0.0015997 secs]
 [Times: user=0.00 sys=0.00, real=0.00 secs] 
2020-09-29T12:23:04.901+0200: 145.056: [GC cleanup 990M->25M(2048M), 0.0015583 secs]
 [Times: user=0.00 sys=0.00, real=0.00 secs] 
2020-09-29T12:23:04.902+0200: 145.058: [GC concurrent-cleanup-start]
2020-09-29T12:23:04.904+0200: 145.059: [GC concurrent-cleanup-end, 0.0018550 secs]
2020-09-29T12:23:05.066+0200: 145.221: [GC pause (G1 Evacuation Pause) (young), 0.1812152 secs]
   [Parallel Time: 180.0 ms, GC Workers: 8]
      [GC Worker Start (ms): Min: 145220.9, Avg: 145221.0, Max: 145221.2, Diff: 0.3]
      [Ext Root Scanning (ms): Min: 0.0, Avg: 0.1, Max: 0.2, Diff: 0.2, Sum: 0.7]
      [Update RS (ms): Min: 16.7, Avg: 16.8, Max: 16.9, Diff: 0.3, Sum: 134.4]
         [Processed Buffers: Min: 18, Avg: 19.0, Max: 21, Diff: 3, Sum: 152]
      [Scan RS (ms): Min: 13.6, Avg: 14.0, Max: 15.0, Diff: 1.3, Sum: 111.6]
      [Code Root Scanning (ms): Min: 0.0, Avg: 0.0, Max: 0.0, Diff: 0.0, Sum: 0.0]
      [Object Copy (ms): Min: 147.5, Avg: 148.6, Max: 148.9, Diff: 1.4, Sum: 1188.7]
      [Termination (ms): Min: 0.0, Avg: 0.3, Max: 0.5, Diff: 0.5, Sum: 2.8]
         [Termination Attempts: Min: 1, Avg: 2166.0, Max: 2960, Diff: 2959, Sum: 17328]
      [GC Worker Other (ms): Min: 0.0, Avg: 0.0, Max: 0.1, Diff: 0.1, Sum: 0.3]
      [GC Worker Total (ms): Min: 179.6, Avg: 179.8, Max: 179.9, Diff: 0.3, Sum: 1438.6]
      [GC Worker End (ms): Min: 145400.8, Avg: 145400.8, Max: 145400.9, Diff: 0.1]
   [Code Root Fixup: 0.0 ms]
   [Code Root Purge: 0.0 ms]
   [Clear CT: 0.1 ms]
   [Other: 1.0 ms]
      [Choose CSet: 0.0 ms]
      [Ref Proc: 0.2 ms]
      [Ref Enq: 0.0 ms]
      [Redirty Cards: 0.2 ms]
      [Humongous Register: 0.0 ms]
      [Humongous Reclaim: 0.0 ms]
      [Free CSet: 0.3 ms]
   [Eden: 305.0M(305.0M)->0.0B(270.0M) Survivors: 6144.0K->39.0M Heap: 370.5M(2048.0M)->366.0M(2048.0M)]
 [Times: user=1.42 sys=0.00, real=0.18 secs] 
2020-09-29T12:23:05.413+0200: 145.568: [GC pause (G1 Evacuation Pause) (young), 0.1761263 secs]
   [Parallel Time: 173.2 ms, GC Workers: 8]
      [GC Worker Start (ms): Min: 145568.1, Avg: 145568.3, Max: 145568.3, Diff: 0.2]
      [Ext Root Scanning (ms): Min: 0.0, Avg: 0.0, Max: 0.2, Diff: 0.2, Sum: 0.4]
      [Update RS (ms): Min: 19.6, Avg: 19.7, Max: 19.9, Diff: 0.3, Sum: 157.6]
         [Processed Buffers: Min: 20, Avg: 22.4, Max: 25, Diff: 5, Sum: 179]
      [Scan RS (ms): Min: 13.3, Avg: 13.5, Max: 13.6, Diff: 0.4, Sum: 108.0]
      [Code Root Scanning (ms): Min: 0.0, Avg: 0.0, Max: 0.0, Diff: 0.0, Sum: 0.0]
      [Object Copy (ms): Min: 139.2, Avg: 139.3, Max: 139.7, Diff: 0.5, Sum: 1114.5]
      [Termination (ms): Min: 0.0, Avg: 0.3, Max: 0.4, Diff: 0.4, Sum: 2.5]
         [Termination Attempts: Min: 1, Avg: 2169.6, Max: 2664, Diff: 2663, Sum: 17357]
      [GC Worker Other (ms): Min: 0.0, Avg: 0.0, Max: 0.1, Diff: 0.0, Sum: 0.3]
      [GC Worker Total (ms): Min: 172.9, Avg: 172.9, Max: 173.1, Diff: 0.2, Sum: 1383.4]
      [GC Worker End (ms): Min: 145741.2, Avg: 145741.2, Max: 145741.2, Diff: 0.0]
   [Code Root Fixup: 0.0 ms]
   [Code Root Purge: 0.0 ms]
   [Clear CT: 1.9 ms]
   [Other: 1.1 ms]
      [Choose CSet: 0.0 ms]
      [Ref Proc: 0.2 ms]
      [Ref Enq: 0.0 ms]
      [Redirty Cards: 0.3 ms]
      [Humongous Register: 0.0 ms]
      [Humongous Reclaim: 0.0 ms]
      [Free CSet: 0.3 ms]
   [Eden: 270.0M(270.0M)->0.0B(270.0M) Survivors: 39.0M->39.0M Heap: 681.8M(2048.0M)->684.3M(2048.0M)]
 [Times: user=1.34 sys=0.00, real=0.18 secs] 
2020-09-29T12:23:05.733+0200: 145.889: [GC pause (G1 Evacuation Pause) (young), 0.1736809 secs]
   [Parallel Time: 172.6 ms, GC Workers: 8]
      [GC Worker Start (ms): Min: 145888.8, Avg: 145888.9, Max: 145889.0, Diff: 0.2]
      [Ext Root Scanning (ms): Min: 0.0, Avg: 0.1, Max: 0.1, Diff: 0.1, Sum: 0.5]
      [Update RS (ms): Min: 22.5, Avg: 22.9, Max: 23.3, Diff: 0.8, Sum: 183.0]
         [Processed Buffers: Min: 21, Avg: 23.5, Max: 25, Diff: 4, Sum: 188]
      [Scan RS (ms): Min: 13.0, Avg: 13.5, Max: 13.8, Diff: 0.8, Sum: 107.6]
      [Code Root Scanning (ms): Min: 0.0, Avg: 0.0, Max: 0.0, Diff: 0.0, Sum: 0.0]
      [Object Copy (ms): Min: 135.6, Avg: 135.7, Max: 135.9, Diff: 0.3, Sum: 1085.3]
      [Termination (ms): Min: 0.0, Avg: 0.2, Max: 0.3, Diff: 0.3, Sum: 1.6]
         [Termination Attempts: Min: 1, Avg: 1345.0, Max: 1600, Diff: 1599, Sum: 10760]
      [GC Worker Other (ms): Min: 0.0, Avg: 0.1, Max: 0.1, Diff: 0.1, Sum: 0.5]
      [GC Worker Total (ms): Min: 172.2, Avg: 172.3, Max: 172.4, Diff: 0.2, Sum: 1378.4]
      [GC Worker End (ms): Min: 146061.2, Avg: 146061.2, Max: 146061.2, Diff: 0.1]
   [Code Root Fixup: 0.0 ms]
   [Code Root Purge: 0.0 ms]
   [Clear CT: 0.2 ms]
   [Other: 1.0 ms]
      [Choose CSet: 0.0 ms]
      [Ref Proc: 0.2 ms]
      [Ref Enq: 0.0 ms]
      [Redirty Cards: 0.2 ms]
      [Humongous Register: 0.0 ms]
      [Humongous Reclaim: 0.0 ms]
      [Free CSet: 0.3 ms]
   [Eden: 270.0M(270.0M)->0.0B(272.0M) Survivors: 39.0M->39.0M Heap: 998.1M(2048.0M)->999.6M(2048.0M)]
 [Times: user=1.28 sys=0.06, real=0.17 secs] 
2020-09-29T12:23:05.913+0200: 146.068: [GC pause (G1 Humongous Allocation) (young) (initial-mark), 0.0609949 secs]
   [Parallel Time: 60.1 ms, GC Workers: 8]
      [GC Worker Start (ms): Min: 146068.7, Avg: 146068.7, Max: 146068.8, Diff: 0.1]
      [Ext Root Scanning (ms): Min: 0.0, Avg: 0.7, Max: 4.7, Diff: 4.7, Sum: 5.5]
      [Update RS (ms): Min: 32.0, Avg: 35.9, Max: 36.8, Diff: 4.8, Sum: 287.2]
         [Processed Buffers: Min: 31, Avg: 43.8, Max: 48, Diff: 17, Sum: 350]
      [Scan RS (ms): Min: 2.2, Avg: 2.5, Max: 2.8, Diff: 0.5, Sum: 19.7]
      [Code Root Scanning (ms): Min: 0.0, Avg: 0.0, Max: 0.0, Diff: 0.0, Sum: 0.0]
      [Object Copy (ms): Min: 20.7, Avg: 20.8, Max: 20.9, Diff: 0.1, Sum: 166.4]
      [Termination (ms): Min: 0.0, Avg: 0.1, Max: 0.1, Diff: 0.1, Sum: 0.4]
         [Termination Attempts: Min: 1, Avg: 346.4, Max: 500, Diff: 499, Sum: 2771]
      [GC Worker Other (ms): Min: 0.0, Avg: 0.0, Max: 0.0, Diff: 0.0, Sum: 0.1]
      [GC Worker Total (ms): Min: 59.8, Avg: 59.9, Max: 60.0, Diff: 0.1, Sum: 479.3]
      [GC Worker End (ms): Min: 146128.7, Avg: 146128.7, Max: 146128.7, Diff: 0.0]
   [Code Root Fixup: 0.0 ms]
   [Code Root Purge: 0.0 ms]
   [Clear CT: 0.2 ms]
   [Other: 0.7 ms]
      [Choose CSet: 0.0 ms]
      [Ref Proc: 0.1 ms]
      [Ref Enq: 0.0 ms]
      [Redirty Cards: 0.2 ms]
      [Humongous Register: 0.1 ms]
      [Humongous Reclaim: 0.0 ms]
      [Free CSet: 0.1 ms]
   [Eden: 2048.0K(272.0M)->0.0B(302.0M) Survivors: 39.0M->3072.0K Heap: 1001.6M(2048.0M)->1005.1M(2048.0M)]
 [Times: user=0.49 sys=0.00, real=0.06 secs] 
2020-09-29T12:23:05.974+0200: 146.130: [GC concurrent-root-region-scan-start]
2020-09-29T12:23:05.975+0200: 146.130: [GC concurrent-root-region-scan-end, 0.0007382 secs]
2020-09-29T12:23:05.975+0200: 146.130: [GC concurrent-mark-start]
2020-09-29T12:23:05.979+0200: 146.134: [GC concurrent-mark-end, 0.0035941 secs]
2020-09-29T12:23:05.979+0200: 146.134: [GC remark 2020-09-29T12:23:05.979+0200: 146.134: [Finalize Marking, 0.0002175 secs] 2020-09-29T12:23:05.979+0200: 146.135: [GC ref-proc, 0.0002982 secs] 2020-09-29T12:23:05.980+0200: 146.135: [Unloading, 0.0004351 secs], 0.0013031 secs]
 [Times: user=0.00 sys=0.00, real=0.00 secs] 
2020-09-29T12:23:05.981+0200: 146.136: [GC cleanup 1016M->21M(2048M), 0.0012714 secs]
 [Times: user=0.00 sys=0.00, real=0.00 secs] 
2020-09-29T12:23:05.982+0200: 146.137: [GC concurrent-cleanup-start]
2020-09-29T12:23:05.983+0200: 146.139: [GC concurrent-cleanup-end, 0.0012230 secs]
2020-09-29T12:23:06.139+0200: 146.294: [GC pause (G1 Evacuation Pause) (young), 0.1627147 secs]
   [Parallel Time: 161.6 ms, GC Workers: 8]
      [GC Worker Start (ms): Min: 146294.3, Avg: 146294.4, Max: 146294.5, Diff: 0.2]
      [Ext Root Scanning (ms): Min: 0.0, Avg: 0.1, Max: 0.2, Diff: 0.2, Sum: 0.5]
      [Update RS (ms): Min: 16.7, Avg: 16.9, Max: 17.1, Diff: 0.3, Sum: 134.8]
         [Processed Buffers: Min: 16, Avg: 18.4, Max: 22, Diff: 6, Sum: 147]
      [Scan RS (ms): Min: 15.0, Avg: 15.2, Max: 15.5, Diff: 0.5, Sum: 122.0]
      [Code Root Scanning (ms): Min: 0.0, Avg: 0.0, Max: 0.0, Diff: 0.0, Sum: 0.0]
      [Object Copy (ms): Min: 128.9, Avg: 129.1, Max: 129.2, Diff: 0.3, Sum: 1032.8]
      [Termination (ms): Min: 0.0, Avg: 0.0, Max: 0.1, Diff: 0.1, Sum: 0.4]
         [Termination Attempts: Min: 1, Avg: 310.1, Max: 393, Diff: 392, Sum: 2481]
      [GC Worker Other (ms): Min: 0.0, Avg: 0.0, Max: 0.1, Diff: 0.1, Sum: 0.4]
      [GC Worker Total (ms): Min: 161.3, Avg: 161.4, Max: 161.5, Diff: 0.2, Sum: 1290.9]
      [GC Worker End (ms): Min: 146455.7, Avg: 146455.8, Max: 146455.8, Diff: 0.1]
   [Code Root Fixup: 0.0 ms]
   [Code Root Purge: 0.0 ms]
   [Clear CT: 0.2 ms]
   [Other: 0.9 ms]
      [Choose CSet: 0.0 ms]
      [Ref Proc: 0.2 ms]
      [Ref Enq: 0.0 ms]
      [Redirty Cards: 0.2 ms]
      [Humongous Register: 0.0 ms]
      [Humongous Reclaim: 0.0 ms]
      [Free CSet: 0.3 ms]
   [Eden: 302.0M(302.0M)->0.0B(279.0M) Survivors: 3072.0K->39.0M Heap: 364.5M(2048.0M)->363.5M(2048.0M)]
 [Times: user=1.22 sys=0.00, real=0.16 secs] 
2020-09-29T12:23:06.463+0200: 146.618: [GC pause (G1 Evacuation Pause) (young), 0.1788946 secs]
   [Parallel Time: 177.4 ms, GC Workers: 8]
      [GC Worker Start (ms): Min: 146618.4, Avg: 146618.5, Max: 146618.6, Diff: 0.2]
      [Ext Root Scanning (ms): Min: 0.0, Avg: 0.2, Max: 1.0, Diff: 1.0, Sum: 1.4]
      [Update RS (ms): Min: 18.4, Avg: 19.0, Max: 19.4, Diff: 0.9, Sum: 151.9]
         [Processed Buffers: Min: 19, Avg: 20.4, Max: 23, Diff: 4, Sum: 163]
      [Scan RS (ms): Min: 15.7, Avg: 16.0, Max: 16.3, Diff: 0.6, Sum: 128.1]
      [Code Root Scanning (ms): Min: 0.0, Avg: 0.0, Max: 0.0, Diff: 0.0, Sum: 0.0]
      [Object Copy (ms): Min: 141.5, Avg: 141.7, Max: 141.7, Diff: 0.2, Sum: 1133.4]
      [Termination (ms): Min: 0.0, Avg: 0.1, Max: 0.1, Diff: 0.1, Sum: 0.6]
         [Termination Attempts: Min: 1, Avg: 468.0, Max: 563, Diff: 562, Sum: 3744]
      [GC Worker Other (ms): Min: 0.0, Avg: 0.0, Max: 0.1, Diff: 0.1, Sum: 0.3]
      [GC Worker Total (ms): Min: 176.9, Avg: 177.0, Max: 177.0, Diff: 0.2, Sum: 1415.6]
      [GC Worker End (ms): Min: 146795.5, Avg: 146795.5, Max: 146795.5, Diff: 0.1]
   [Code Root Fixup: 0.0 ms]
   [Code Root Purge: 0.0 ms]
   [Clear CT: 0.5 ms]
   [Other: 1.1 ms]
      [Choose CSet: 0.0 ms]
      [Ref Proc: 0.2 ms]
      [Ref Enq: 0.0 ms]
      [Redirty Cards: 0.2 ms]
      [Humongous Register: 0.0 ms]
      [Humongous Reclaim: 0.0 ms]
      [Free CSet: 0.4 ms]
   [Eden: 279.0M(279.0M)->0.0B(274.0M) Survivors: 39.0M->40.0M Heap: 688.3M(2048.0M)->689.3M(2048.0M)]
 [Times: user=1.38 sys=0.00, real=0.18 secs] 
2020-09-29T12:23:06.804+0200: 146.959: [GC pause (G1 Evacuation Pause) (young), 0.1807806 secs]
   [Parallel Time: 179.7 ms, GC Workers: 8]
      [GC Worker Start (ms): Min: 146959.3, Avg: 146959.4, Max: 146959.5, Diff: 0.2]
      [Ext Root Scanning (ms): Min: 0.0, Avg: 0.1, Max: 0.1, Diff: 0.1, Sum: 0.5]
      [Update RS (ms): Min: 22.0, Avg: 22.1, Max: 22.4, Diff: 0.4, Sum: 176.9]
         [Processed Buffers: Min: 20, Avg: 22.3, Max: 26, Diff: 6, Sum: 178]
      [Scan RS (ms): Min: 15.3, Avg: 15.6, Max: 15.8, Diff: 0.5, Sum: 124.9]
      [Code Root Scanning (ms): Min: 0.0, Avg: 0.0, Max: 0.0, Diff: 0.0, Sum: 0.0]
      [Object Copy (ms): Min: 141.5, Avg: 141.5, Max: 141.7, Diff: 0.2, Sum: 1132.3]
      [Termination (ms): Min: 0.0, Avg: 0.1, Max: 0.1, Diff: 0.1, Sum: 0.8]
         [Termination Attempts: Min: 1, Avg: 657.4, Max: 895, Diff: 894, Sum: 5259]
      [GC Worker Other (ms): Min: 0.0, Avg: 0.0, Max: 0.1, Diff: 0.0, Sum: 0.2]
      [GC Worker Total (ms): Min: 179.4, Avg: 179.5, Max: 179.5, Diff: 0.2, Sum: 1435.6]
      [GC Worker End (ms): Min: 147138.8, Avg: 147138.9, Max: 147138.9, Diff: 0.0]
   [Code Root Fixup: 0.0 ms]
   [Code Root Purge: 0.0 ms]
   [Clear CT: 0.2 ms]
   [Other: 0.9 ms]
      [Choose CSet: 0.0 ms]
      [Ref Proc: 0.2 ms]
      [Ref Enq: 0.0 ms]
      [Redirty Cards: 0.2 ms]
      [Humongous Register: 0.0 ms]
      [Humongous Reclaim: 0.0 ms]
      [Free CSet: 0.3 ms]
   [Eden: 274.0M(274.0M)->0.0B(271.0M) Survivors: 40.0M->40.0M Heap: 1009.1M(2048.0M)->1011.6M(2048.0M)]
 [Times: user=1.36 sys=0.00, real=0.18 secs] 
2020-09-29T12:23:06.991+0200: 147.146: [GC pause (G1 Humongous Allocation) (young) (initial-mark), 0.0572105 secs]
   [Parallel Time: 56.4 ms, GC Workers: 8]
      [GC Worker Start (ms): Min: 147146.6, Avg: 147146.6, Max: 147146.7, Diff: 0.2]
      [Ext Root Scanning (ms): Min: 0.0, Avg: 0.2, Max: 0.4, Diff: 0.4, Sum: 1.4]
      [Update RS (ms): Min: 35.9, Avg: 36.3, Max: 36.5, Diff: 0.6, Sum: 290.2]
         [Processed Buffers: Min: 38, Avg: 44.3, Max: 47, Diff: 9, Sum: 354]
      [Scan RS (ms): Min: 2.0, Avg: 2.2, Max: 2.4, Diff: 0.4, Sum: 18.0]
      [Code Root Scanning (ms): Min: 0.0, Avg: 0.0, Max: 0.0, Diff: 0.0, Sum: 0.0]
      [Object Copy (ms): Min: 17.5, Avg: 17.5, Max: 17.6, Diff: 0.1, Sum: 140.2]
      [Termination (ms): Min: 0.0, Avg: 0.0, Max: 0.0, Diff: 0.0, Sum: 0.1]
         [Termination Attempts: Min: 1, Avg: 72.1, Max: 96, Diff: 95, Sum: 577]
      [GC Worker Other (ms): Min: 0.0, Avg: 0.0, Max: 0.0, Diff: 0.0, Sum: 0.1]
      [GC Worker Total (ms): Min: 56.1, Avg: 56.2, Max: 56.3, Diff: 0.2, Sum: 450.0]
      [GC Worker End (ms): Min: 147202.9, Avg: 147202.9, Max: 147202.9, Diff: 0.0]
   [Code Root Fixup: 0.0 ms]
   [Code Root Purge: 0.0 ms]
   [Clear CT: 0.1 ms]
   [Other: 0.7 ms]
      [Choose CSet: 0.0 ms]
      [Ref Proc: 0.2 ms]
      [Ref Enq: 0.0 ms]
      [Redirty Cards: 0.1 ms]
      [Humongous Register: 0.1 ms]
      [Humongous Reclaim: 0.0 ms]
      [Free CSet: 0.1 ms]
   [Eden: 4096.0K(271.0M)->0.0B(314.0M) Survivors: 40.0M->5120.0K Heap: 1015.1M(2048.0M)->1018.1M(2048.0M)]
 [Times: user=0.38 sys=0.00, real=0.06 secs] 
2020-09-29T12:23:07.049+0200: 147.204: [GC concurrent-root-region-scan-start]
2020-09-29T12:23:07.050+0200: 147.205: [GC concurrent-root-region-scan-end, 0.0012064 secs]
2020-09-29T12:23:07.050+0200: 147.205: [GC concurrent-mark-start]
2020-09-29T12:23:07.053+0200: 147.208: [GC concurrent-mark-end, 0.0032115 secs]
2020-09-29T12:23:07.053+0200: 147.209: [GC remark 2020-09-29T12:23:07.053+0200: 147.209: [Finalize Marking, 0.0002057 secs] 2020-09-29T12:23:07.054+0200: 147.209: [GC ref-proc, 0.0003032 secs] 2020-09-29T12:23:07.054+0200: 147.209: [Unloading, 0.0004812 secs], 0.0013374 secs]
 [Times: user=0.00 sys=0.00, real=0.00 secs] 
2020-09-29T12:23:07.055+0200: 147.210: [GC cleanup 1027M->22M(2048M), 0.0015218 secs]
 [Times: user=0.00 sys=0.00, real=0.00 secs] 
2020-09-29T12:23:07.056+0200: 147.212: [GC concurrent-cleanup-start]
2020-09-29T12:23:07.058+0200: 147.213: [GC concurrent-cleanup-end, 0.0016313 secs]
2020-09-29T12:23:07.230+0200: 147.386: [GC pause (G1 Evacuation Pause) (young), 0.1728839 secs]
   [Parallel Time: 171.7 ms, GC Workers: 8]
      [GC Worker Start (ms): Min: 147385.7, Avg: 147385.8, Max: 147385.9, Diff: 0.2]
      [Ext Root Scanning (ms): Min: 0.0, Avg: 0.1, Max: 0.2, Diff: 0.2, Sum: 0.4]
      [Update RS (ms): Min: 19.7, Avg: 19.9, Max: 20.5, Diff: 0.8, Sum: 159.3]
         [Processed Buffers: Min: 19, Avg: 21.5, Max: 25, Diff: 6, Sum: 172]
      [Scan RS (ms): Min: 13.8, Avg: 14.4, Max: 14.7, Diff: 1.0, Sum: 115.3]
      [Code Root Scanning (ms): Min: 0.0, Avg: 0.0, Max: 0.0, Diff: 0.0, Sum: 0.0]
      [Object Copy (ms): Min: 136.8, Avg: 136.9, Max: 137.1, Diff: 0.3, Sum: 1095.4]
      [Termination (ms): Min: 0.0, Avg: 0.1, Max: 0.1, Diff: 0.1, Sum: 0.6]
         [Termination Attempts: Min: 1, Avg: 585.5, Max: 719, Diff: 718, Sum: 4684]
      [GC Worker Other (ms): Min: 0.0, Avg: 0.1, Max: 0.1, Diff: 0.1, Sum: 0.4]
      [GC Worker Total (ms): Min: 171.3, Avg: 171.4, Max: 171.6, Diff: 0.3, Sum: 1371.5]
      [GC Worker End (ms): Min: 147557.2, Avg: 147557.2, Max: 147557.3, Diff: 0.1]
   [Code Root Fixup: 0.0 ms]
   [Code Root Purge: 0.0 ms]
   [Clear CT: 0.2 ms]
   [Other: 1.0 ms]
      [Choose CSet: 0.0 ms]
      [Ref Proc: 0.2 ms]
      [Ref Enq: 0.0 ms]
      [Redirty Cards: 0.4 ms]
      [Humongous Register: 0.0 ms]
      [Humongous Reclaim: 0.0 ms]
      [Free CSet: 0.2 ms]
   [Eden: 314.0M(314.0M)->0.0B(287.0M) Survivors: 5120.0K->40.0M Heap: 379.9M(2048.0M)->376.9M(2048.0M)]
 [Times: user=1.36 sys=0.00, real=0.17 secs] 
2020-09-29T12:23:07.556+0200: 147.711: [GC pause (G1 Evacuation Pause) (young), 0.1839610 secs]
   [Parallel Time: 182.8 ms, GC Workers: 8]
      [GC Worker Start (ms): Min: 147711.4, Avg: 147711.4, Max: 147711.5, Diff: 0.1]
      [Ext Root Scanning (ms): Min: 0.0, Avg: 0.1, Max: 0.1, Diff: 0.1, Sum: 0.6]
      [Update RS (ms): Min: 18.4, Avg: 18.7, Max: 19.0, Diff: 0.6, Sum: 149.2]
         [Processed Buffers: Min: 17, Avg: 19.8, Max: 21, Diff: 4, Sum: 158]
      [Scan RS (ms): Min: 17.1, Avg: 17.5, Max: 17.8, Diff: 0.7, Sum: 139.8]
      [Code Root Scanning (ms): Min: 0.0, Avg: 0.0, Max: 0.0, Diff: 0.0, Sum: 0.0]
      [Object Copy (ms): Min: 146.3, Avg: 146.3, Max: 146.4, Diff: 0.1, Sum: 1170.6]
      [Termination (ms): Min: 0.0, Avg: 0.1, Max: 0.2, Diff: 0.2, Sum: 1.0]
         [Termination Attempts: Min: 1, Avg: 821.9, Max: 1206, Diff: 1205, Sum: 6575]
      [GC Worker Other (ms): Min: 0.0, Avg: 0.0, Max: 0.1, Diff: 0.0, Sum: 0.2]
      [GC Worker Total (ms): Min: 182.6, Avg: 182.7, Max: 182.7, Diff: 0.1, Sum: 1461.4]
      [GC Worker End (ms): Min: 147894.1, Avg: 147894.1, Max: 147894.1, Diff: 0.0]
   [Code Root Fixup: 0.0 ms]
   [Code Root Purge: 0.0 ms]
   [Clear CT: 0.2 ms]
   [Other: 1.0 ms]
      [Choose CSet: 0.0 ms]
      [Ref Proc: 0.1 ms]
      [Ref Enq: 0.0 ms]
      [Redirty Cards: 0.2 ms]
      [Humongous Register: 0.0 ms]
      [Humongous Reclaim: 0.0 ms]
      [Free CSet: 0.3 ms]
   [Eden: 287.0M(287.0M)->0.0B(277.0M) Survivors: 40.0M->41.0M Heap: 711.6M(2048.0M)->713.6M(2048.0M)]
 [Times: user=1.50 sys=0.00, real=0.19 secs] 
2020-09-29T12:23:07.908+0200: 148.064: [GC pause (G1 Evacuation Pause) (young), 0.1709225 secs]
   [Parallel Time: 169.8 ms, GC Workers: 8]
      [GC Worker Start (ms): Min: 148063.6, Avg: 148063.7, Max: 148063.8, Diff: 0.1]
      [Ext Root Scanning (ms): Min: 0.0, Avg: 0.1, Max: 0.2, Diff: 0.1, Sum: 0.6]
      [Update RS (ms): Min: 21.3, Avg: 21.5, Max: 21.8, Diff: 0.5, Sum: 171.8]
         [Processed Buffers: Min: 20, Avg: 22.8, Max: 27, Diff: 7, Sum: 182]
      [Scan RS (ms): Min: 14.5, Avg: 14.8, Max: 15.0, Diff: 0.5, Sum: 118.7]
      [Code Root Scanning (ms): Min: 0.0, Avg: 0.0, Max: 0.0, Diff: 0.0, Sum: 0.0]
      [Object Copy (ms): Min: 133.0, Avg: 133.1, Max: 133.2, Diff: 0.2, Sum: 1065.0]
      [Termination (ms): Min: 0.0, Avg: 0.0, Max: 0.0, Diff: 0.0, Sum: 0.2]
         [Termination Attempts: Min: 1, Avg: 167.1, Max: 254, Diff: 253, Sum: 1337]
      [GC Worker Other (ms): Min: 0.0, Avg: 0.1, Max: 0.1, Diff: 0.1, Sum: 0.4]
      [GC Worker Total (ms): Min: 169.5, Avg: 169.6, Max: 169.7, Diff: 0.2, Sum: 1356.7]
      [GC Worker End (ms): Min: 148233.3, Avg: 148233.3, Max: 148233.4, Diff: 0.1]
   [Code Root Fixup: 0.0 ms]
   [Code Root Purge: 0.0 ms]
   [Clear CT: 0.2 ms]
   [Other: 1.0 ms]
      [Choose CSet: 0.0 ms]
      [Ref Proc: 0.2 ms]
      [Ref Enq: 0.0 ms]
      [Redirty Cards: 0.2 ms]
      [Humongous Register: 0.0 ms]
      [Humongous Reclaim: 0.0 ms]
      [Free CSet: 0.3 ms]
   [Eden: 277.0M(277.0M)->0.0B(282.0M) Survivors: 41.0M->40.0M Heap: 1036.4M(2048.0M)->1037.9M(2048.0M)]
 [Times: user=1.34 sys=0.02, real=0.17 secs] 
2020-09-29T12:23:08.087+0200: 148.243: [GC pause (G1 Humongous Allocation) (young) (initial-mark), 0.0580165 secs]
   [Parallel Time: 57.0 ms, GC Workers: 8]
      [GC Worker Start (ms): Min: 148242.8, Avg: 148242.8, Max: 148242.9, Diff: 0.1]
      [Ext Root Scanning (ms): Min: 0.1, Avg: 0.1, Max: 0.1, Diff: 0.1, Sum: 0.7]
      [Update RS (ms): Min: 33.4, Avg: 33.5, Max: 33.7, Diff: 0.3, Sum: 268.0]
         [Processed Buffers: Min: 35, Avg: 41.4, Max: 44, Diff: 9, Sum: 331]
      [Scan RS (ms): Min: 2.7, Avg: 2.9, Max: 3.0, Diff: 0.3, Sum: 23.1]
      [Code Root Scanning (ms): Min: 0.0, Avg: 0.0, Max: 0.0, Diff: 0.0, Sum: 0.0]
      [Object Copy (ms): Min: 20.3, Avg: 20.3, Max: 20.4, Diff: 0.1, Sum: 162.6]
      [Termination (ms): Min: 0.0, Avg: 0.0, Max: 0.1, Diff: 0.1, Sum: 0.4]
         [Termination Attempts: Min: 1, Avg: 326.8, Max: 470, Diff: 469, Sum: 2614]
      [GC Worker Other (ms): Min: 0.0, Avg: 0.0, Max: 0.0, Diff: 0.0, Sum: 0.2]
      [GC Worker Total (ms): Min: 56.8, Avg: 56.9, Max: 56.9, Diff: 0.1, Sum: 455.0]
      [GC Worker End (ms): Min: 148299.7, Avg: 148299.7, Max: 148299.7, Diff: 0.0]
   [Code Root Fixup: 0.0 ms]
   [Code Root Purge: 0.0 ms]
   [Clear CT: 0.2 ms]
   [Other: 0.8 ms]
      [Choose CSet: 0.0 ms]
      [Ref Proc: 0.1 ms]
      [Ref Enq: 0.0 ms]
      [Redirty Cards: 0.2 ms]
      [Humongous Register: 0.1 ms]
      [Humongous Reclaim: 0.0 ms]
      [Free CSet: 0.1 ms]
   [Eden: 4096.0K(282.0M)->0.0B(319.0M) Survivors: 40.0M->6144.0K Heap: 1041.4M(2048.0M)->1045.9M(2048.0M)]
 [Times: user=0.50 sys=0.00, real=0.06 secs] 
2020-09-29T12:23:08.146+0200: 148.301: [GC concurrent-root-region-scan-start]
2020-09-29T12:23:08.147+0200: 148.302: [GC concurrent-root-region-scan-end, 0.0011921 secs]
2020-09-29T12:23:08.147+0200: 148.302: [GC concurrent-mark-start]
2020-09-29T12:23:08.150+0200: 148.305: [GC concurrent-mark-end, 0.0033336 secs]
2020-09-29T12:23:08.150+0200: 148.305: [GC remark 2020-09-29T12:23:08.150+0200: 148.305: [Finalize Marking, 0.0001301 secs] 2020-09-29T12:23:08.150+0200: 148.306: [GC ref-proc, 0.0003111 secs] 2020-09-29T12:23:08.151+0200: 148.306: [Unloading, 0.0004269 secs], 0.0011874 secs]
 [Times: user=0.00 sys=0.00, real=0.00 secs] 
2020-09-29T12:23:08.152+0200: 148.307: [GC cleanup 1055M->23M(2048M), 0.0013224 secs]
 [Times: user=0.00 sys=0.00, real=0.00 secs] 
2020-09-29T12:23:08.153+0200: 148.308: [GC concurrent-cleanup-start]
2020-09-29T12:23:08.155+0200: 148.310: [GC concurrent-cleanup-end, 0.0016313 secs]
2020-09-29T12:23:08.340+0200: 148.496: [GC pause (G1 Evacuation Pause) (young), 0.1827257 secs]
   [Parallel Time: 180.9 ms, GC Workers: 8]
      [GC Worker Start (ms): Min: 148495.8, Avg: 148495.9, Max: 148496.0, Diff: 0.2]
      [Ext Root Scanning (ms): Min: 0.0, Avg: 0.1, Max: 0.2, Diff: 0.2, Sum: 0.6]
      [Update RS (ms): Min: 17.6, Avg: 18.1, Max: 18.4, Diff: 0.8, Sum: 144.4]
         [Processed Buffers: Min: 14, Avg: 15.9, Max: 17, Diff: 3, Sum: 127]
      [Scan RS (ms): Min: 21.4, Avg: 21.8, Max: 22.4, Diff: 1.0, Sum: 174.6]
      [Code Root Scanning (ms): Min: 0.0, Avg: 0.0, Max: 0.0, Diff: 0.0, Sum: 0.0]
      [Object Copy (ms): Min: 140.4, Avg: 140.5, Max: 140.8, Diff: 0.4, Sum: 1124.4]
      [Termination (ms): Min: 0.0, Avg: 0.1, Max: 0.2, Diff: 0.2, Sum: 1.0]
         [Termination Attempts: Min: 1, Avg: 925.3, Max: 1209, Diff: 1208, Sum: 7402]
      [GC Worker Other (ms): Min: 0.0, Avg: 0.0, Max: 0.1, Diff: 0.0, Sum: 0.2]
      [GC Worker Total (ms): Min: 180.6, Avg: 180.7, Max: 180.8, Diff: 0.2, Sum: 1445.2]
      [GC Worker End (ms): Min: 148676.6, Avg: 148676.6, Max: 148676.6, Diff: 0.0]
   [Code Root Fixup: 0.0 ms]
   [Code Root Purge: 0.0 ms]
   [Clear CT: 0.2 ms]
   [Other: 1.7 ms]
      [Choose CSet: 0.0 ms]
      [Ref Proc: 0.2 ms]
      [Ref Enq: 0.0 ms]
      [Redirty Cards: 0.9 ms]
      [Humongous Register: 0.0 ms]
      [Humongous Reclaim: 0.0 ms]
      [Free CSet: 0.3 ms]
   [Eden: 319.0M(319.0M)->0.0B(273.0M) Survivors: 6144.0K->41.0M Heap: 386.4M(2048.0M)->382.4M(2048.0M)]
 [Times: user=1.45 sys=0.02, real=0.18 secs] 
2020-09-29T12:23:08.689+0200: 148.844: [GC pause (G1 Evacuation Pause) (young), 0.1708965 secs]
   [Parallel Time: 169.9 ms, GC Workers: 8]
      [GC Worker Start (ms): Min: 148844.4, Avg: 148844.5, Max: 148844.5, Diff: 0.1]
      [Ext Root Scanning (ms): Min: 0.0, Avg: 0.1, Max: 0.2, Diff: 0.2, Sum: 0.7]
      [Update RS (ms): Min: 22.4, Avg: 22.7, Max: 23.2, Diff: 0.8, Sum: 181.9]
         [Processed Buffers: Min: 19, Avg: 20.8, Max: 23, Diff: 4, Sum: 166]
      [Scan RS (ms): Min: 15.1, Avg: 15.6, Max: 16.0, Diff: 1.0, Sum: 125.1]
      [Code Root Scanning (ms): Min: 0.0, Avg: 0.0, Max: 0.0, Diff: 0.0, Sum: 0.0]
      [Object Copy (ms): Min: 131.0, Avg: 131.1, Max: 131.1, Diff: 0.1, Sum: 1048.7]
      [Termination (ms): Min: 0.0, Avg: 0.0, Max: 0.0, Diff: 0.0, Sum: 0.1]
         [Termination Attempts: Min: 1, Avg: 79.9, Max: 107, Diff: 106, Sum: 639]
      [GC Worker Other (ms): Min: 0.0, Avg: 0.1, Max: 0.1, Diff: 0.1, Sum: 0.4]
      [GC Worker Total (ms): Min: 169.5, Avg: 169.6, Max: 169.7, Diff: 0.2, Sum: 1356.9]
      [GC Worker End (ms): Min: 149014.1, Avg: 149014.1, Max: 149014.1, Diff: 0.1]
   [Code Root Fixup: 0.0 ms]
   [Code Root Purge: 0.0 ms]
   [Clear CT: 0.1 ms]
   [Other: 0.9 ms]
      [Choose CSet: 0.0 ms]
      [Ref Proc: 0.1 ms]
      [Ref Enq: 0.0 ms]
      [Redirty Cards: 0.2 ms]
      [Humongous Register: 0.0 ms]
      [Humongous Reclaim: 0.0 ms]
      [Free CSet: 0.3 ms]
   [Eden: 273.0M(273.0M)->0.0B(275.0M) Survivors: 41.0M->40.0M Heap: 701.2M(2048.0M)->703.7M(2048.0M)]
 [Times: user=1.38 sys=0.00, real=0.17 secs] 
2020-09-29T12:23:09.036+0200: 149.191: [GC pause (G1 Evacuation Pause) (young), 0.1669847 secs]
   [Parallel Time: 165.8 ms, GC Workers: 8]
      [GC Worker Start (ms): Min: 149190.8, Avg: 149190.9, Max: 149191.1, Diff: 0.3]
      [Ext Root Scanning (ms): Min: 0.0, Avg: 0.1, Max: 0.1, Diff: 0.1, Sum: 0.5]
      [Update RS (ms): Min: 13.1, Avg: 13.3, Max: 13.5, Diff: 0.4, Sum: 106.6]
         [Processed Buffers: Min: 15, Avg: 15.8, Max: 19, Diff: 4, Sum: 126]
      [Scan RS (ms): Min: 15.0, Avg: 15.2, Max: 15.3, Diff: 0.4, Sum: 121.3]
      [Code Root Scanning (ms): Min: 0.0, Avg: 0.0, Max: 0.0, Diff: 0.0, Sum: 0.0]
      [Object Copy (ms): Min: 137.0, Avg: 137.0, Max: 137.1, Diff: 0.2, Sum: 1096.0]
      [Termination (ms): Min: 0.0, Avg: 0.1, Max: 0.1, Diff: 0.1, Sum: 0.9]
         [Termination Attempts: Min: 1, Avg: 697.6, Max: 893, Diff: 892, Sum: 5581]
      [GC Worker Other (ms): Min: 0.0, Avg: 0.0, Max: 0.1, Diff: 0.1, Sum: 0.3]
      [GC Worker Total (ms): Min: 165.6, Avg: 165.7, Max: 165.8, Diff: 0.3, Sum: 1325.6]
      [GC Worker End (ms): Min: 149356.6, Avg: 149356.6, Max: 149356.7, Diff: 0.1]
   [Code Root Fixup: 0.0 ms]
   [Code Root Purge: 0.0 ms]
   [Clear CT: 0.1 ms]
   [Other: 1.0 ms]
      [Choose CSet: 0.0 ms]
      [Ref Proc: 0.2 ms]
      [Ref Enq: 0.0 ms]
      [Redirty Cards: 0.2 ms]
      [Humongous Register: 0.0 ms]
      [Humongous Reclaim: 0.0 ms]
      [Free CSet: 0.3 ms]
   [Eden: 275.0M(275.0M)->0.0B(280.0M) Survivors: 40.0M->40.0M Heap: 1024.5M(2048.0M)->1026.5M(2048.0M)]
 [Times: user=1.25 sys=0.00, real=0.17 secs] 
2020-09-29T12:23:09.214+0200: 149.369: [GC pause (G1 Humongous Allocation) (young) (initial-mark), 0.0559924 secs]
   [Parallel Time: 54.9 ms, GC Workers: 8]
      [GC Worker Start (ms): Min: 149369.1, Avg: 149369.2, Max: 149369.3, Diff: 0.2]
      [Ext Root Scanning (ms): Min: 0.0, Avg: 0.1, Max: 0.2, Diff: 0.2, Sum: 1.2]
      [Update RS (ms): Min: 32.4, Avg: 32.8, Max: 33.2, Diff: 0.8, Sum: 262.3]
         [Processed Buffers: Min: 34, Avg: 38.8, Max: 40, Diff: 6, Sum: 310]
      [Scan RS (ms): Min: 2.2, Avg: 2.6, Max: 2.9, Diff: 0.7, Sum: 21.1]
      [Code Root Scanning (ms): Min: 0.0, Avg: 0.0, Max: 0.0, Diff: 0.0, Sum: 0.0]
      [Object Copy (ms): Min: 19.1, Avg: 19.2, Max: 19.2, Diff: 0.1, Sum: 153.3]
      [Termination (ms): Min: 0.0, Avg: 0.0, Max: 0.1, Diff: 0.1, Sum: 0.4]
         [Termination Attempts: Min: 1, Avg: 351.1, Max: 471, Diff: 470, Sum: 2809]
      [GC Worker Other (ms): Min: 0.0, Avg: 0.0, Max: 0.0, Diff: 0.0, Sum: 0.2]
      [GC Worker Total (ms): Min: 54.7, Avg: 54.8, Max: 54.9, Diff: 0.2, Sum: 438.4]
      [GC Worker End (ms): Min: 149424.0, Avg: 149424.0, Max: 149424.0, Diff: 0.0]
   [Code Root Fixup: 0.0 ms]
   [Code Root Purge: 0.0 ms]
   [Clear CT: 0.2 ms]
   [Other: 0.9 ms]
      [Choose CSet: 0.0 ms]
      [Ref Proc: 0.3 ms]
      [Ref Enq: 0.0 ms]
      [Redirty Cards: 0.2 ms]
      [Humongous Register: 0.1 ms]
      [Humongous Reclaim: 0.0 ms]
      [Free CSet: 0.1 ms]
   [Eden: 3072.0K(280.0M)->0.0B(322.0M) Survivors: 40.0M->6144.0K Heap: 1029.5M(2048.0M)->1034.0M(2048.0M)]
 [Times: user=0.39 sys=0.01, real=0.06 secs] 
2020-09-29T12:23:09.270+0200: 149.425: [GC concurrent-root-region-scan-start]
2020-09-29T12:23:09.271+0200: 149.426: [GC concurrent-root-region-scan-end, 0.0008963 secs]
2020-09-29T12:23:09.271+0200: 149.426: [GC concurrent-mark-start]
2020-09-29T12:23:09.274+0200: 149.429: [GC concurrent-mark-end, 0.0033481 secs]
2020-09-29T12:23:09.274+0200: 149.430: [GC remark 2020-09-29T12:23:09.274+0200: 149.430: [Finalize Marking, 0.0002090 secs] 2020-09-29T12:23:09.275+0200: 149.430: [GC ref-proc, 0.0002954 secs] 2020-09-29T12:23:09.275+0200: 149.430: [Unloading, 0.0005601 secs], 0.0014768 secs]
 [Times: user=0.00 sys=0.00, real=0.00 secs] 
2020-09-29T12:23:09.276+0200: 149.431: [GC cleanup 1044M->24M(2048M), 0.0015664 secs]
 [Times: user=0.00 sys=0.00, real=0.00 secs] 
2020-09-29T12:23:09.278+0200: 149.433: [GC concurrent-cleanup-start]
2020-09-29T12:23:09.279+0200: 149.435: [GC concurrent-cleanup-end, 0.0015413 secs]
2020-09-29T12:23:09.466+0200: 149.621: [GC pause (G1 Evacuation Pause) (young), 0.1778208 secs]
   [Parallel Time: 176.6 ms, GC Workers: 8]
      [GC Worker Start (ms): Min: 149620.9, Avg: 149621.0, Max: 149621.1, Diff: 0.1]
      [Ext Root Scanning (ms): Min: 0.0, Avg: 0.1, Max: 0.2, Diff: 0.1, Sum: 0.6]
      [Update RS (ms): Min: 15.6, Avg: 15.6, Max: 15.6, Diff: 0.1, Sum: 124.9]
         [Processed Buffers: Min: 15, Avg: 18.0, Max: 21, Diff: 6, Sum: 144]
      [Scan RS (ms): Min: 17.9, Avg: 18.0, Max: 18.1, Diff: 0.2, Sum: 143.9]
      [Code Root Scanning (ms): Min: 0.0, Avg: 0.0, Max: 0.0, Diff: 0.0, Sum: 0.0]
      [Object Copy (ms): Min: 142.3, Avg: 142.5, Max: 142.6, Diff: 0.3, Sum: 1139.9]
      [Termination (ms): Min: 0.0, Avg: 0.1, Max: 0.1, Diff: 0.1, Sum: 0.7]
         [Termination Attempts: Min: 1, Avg: 639.1, Max: 786, Diff: 785, Sum: 5113]
      [GC Worker Other (ms): Min: 0.0, Avg: 0.1, Max: 0.1, Diff: 0.1, Sum: 0.4]
      [GC Worker Total (ms): Min: 176.2, Avg: 176.3, Max: 176.4, Diff: 0.1, Sum: 1410.4]
      [GC Worker End (ms): Min: 149797.3, Avg: 149797.3, Max: 149797.4, Diff: 0.1]
   [Code Root Fixup: 0.0 ms]
   [Code Root Purge: 0.0 ms]
   [Clear CT: 0.2 ms]
   [Other: 1.0 ms]
      [Choose CSet: 0.0 ms]
      [Ref Proc: 0.2 ms]
      [Ref Enq: 0.0 ms]
      [Redirty Cards: 0.2 ms]
      [Humongous Register: 0.0 ms]
      [Humongous Reclaim: 0.0 ms]
      [Free CSet: 0.3 ms]
   [Eden: 322.0M(322.0M)->0.0B(289.0M) Survivors: 6144.0K->41.0M Heap: 390.8M(2048.0M)->387.8M(2048.0M)]
 [Times: user=1.38 sys=0.00, real=0.18 secs] 
2020-09-29T12:23:09.810+0200: 149.966: [GC pause (G1 Evacuation Pause) (young), 0.1800593 secs]
   [Parallel Time: 178.9 ms, GC Workers: 8]
      [GC Worker Start (ms): Min: 149965.7, Avg: 149965.8, Max: 149965.9, Diff: 0.2]
      [Ext Root Scanning (ms): Min: 0.0, Avg: 0.1, Max: 0.2, Diff: 0.2, Sum: 0.6]
      [Update RS (ms): Min: 17.6, Avg: 17.7, Max: 17.9, Diff: 0.2, Sum: 141.8]
         [Processed Buffers: Min: 15, Avg: 18.1, Max: 22, Diff: 7, Sum: 145]
      [Scan RS (ms): Min: 18.9, Avg: 19.0, Max: 19.2, Diff: 0.4, Sum: 152.2]
      [Code Root Scanning (ms): Min: 0.0, Avg: 0.0, Max: 0.0, Diff: 0.0, Sum: 0.0]
      [Object Copy (ms): Min: 141.6, Avg: 141.8, Max: 141.9, Diff: 0.2, Sum: 1134.3]
      [Termination (ms): Min: 0.0, Avg: 0.0, Max: 0.0, Diff: 0.0, Sum: 0.0]
         [Termination Attempts: Min: 1, Avg: 34.8, Max: 45, Diff: 44, Sum: 278]
      [GC Worker Other (ms): Min: 0.0, Avg: 0.0, Max: 0.1, Diff: 0.1, Sum: 0.3]
      [GC Worker Total (ms): Min: 178.6, Avg: 178.7, Max: 178.8, Diff: 0.2, Sum: 1429.3]
      [GC Worker End (ms): Min: 150144.4, Avg: 150144.5, Max: 150144.5, Diff: 0.1]
   [Code Root Fixup: 0.0 ms]
   [Code Root Purge: 0.0 ms]
   [Clear CT: 0.2 ms]
   [Other: 0.9 ms]
      [Choose CSet: 0.0 ms]
      [Ref Proc: 0.2 ms]
      [Ref Enq: 0.0 ms]
      [Redirty Cards: 0.2 ms]
      [Humongous Register: 0.0 ms]
      [Humongous Reclaim: 0.0 ms]
      [Free CSet: 0.3 ms]
   [Eden: 289.0M(289.0M)->0.0B(281.0M) Survivors: 41.0M->42.0M Heap: 724.5M(2048.0M)->727.0M(2048.0M)]
 [Times: user=1.48 sys=0.02, real=0.18 secs] 
2020-09-29T12:23:10.153+0200: 150.309: [GC pause (G1 Evacuation Pause) (young), 0.1838662 secs]
   [Parallel Time: 182.6 ms, GC Workers: 8]
      [GC Worker Start (ms): Min: 150308.8, Avg: 150308.9, Max: 150309.0, Diff: 0.2]
      [Ext Root Scanning (ms): Min: 0.0, Avg: 0.1, Max: 0.2, Diff: 0.2, Sum: 0.5]
      [Update RS (ms): Min: 21.3, Avg: 21.5, Max: 22.0, Diff: 0.7, Sum: 172.3]
         [Processed Buffers: Min: 17, Avg: 18.5, Max: 21, Diff: 4, Sum: 148]
      [Scan RS (ms): Min: 20.0, Avg: 20.5, Max: 20.8, Diff: 0.8, Sum: 163.9]
      [Code Root Scanning (ms): Min: 0.0, Avg: 0.0, Max: 0.0, Diff: 0.0, Sum: 0.0]
      [Object Copy (ms): Min: 140.1, Avg: 140.2, Max: 140.2, Diff: 0.1, Sum: 1121.5]
      [Termination (ms): Min: 0.0, Avg: 0.1, Max: 0.1, Diff: 0.1, Sum: 0.4]
         [Termination Attempts: Min: 1, Avg: 362.5, Max: 501, Diff: 500, Sum: 2900]
      [GC Worker Other (ms): Min: 0.0, Avg: 0.0, Max: 0.1, Diff: 0.0, Sum: 0.3]
      [GC Worker Total (ms): Min: 182.3, Avg: 182.4, Max: 182.5, Diff: 0.1, Sum: 1459.0]
      [GC Worker End (ms): Min: 150491.3, Avg: 150491.3, Max: 150491.3, Diff: 0.0]
   [Code Root Fixup: 0.0 ms]
   [Code Root Purge: 0.0 ms]
   [Clear CT: 0.2 ms]
   [Other: 1.0 ms]
      [Choose CSet: 0.0 ms]
      [Ref Proc: 0.2 ms]
      [Ref Enq: 0.0 ms]
      [Redirty Cards: 0.3 ms]
      [Humongous Register: 0.0 ms]
      [Humongous Reclaim: 0.0 ms]
      [Free CSet: 0.3 ms]
   [Eden: 281.0M(281.0M)->0.0B(269.0M) Survivors: 42.0M->41.0M Heap: 1053.8M(2048.0M)->1054.8M(2048.0M)]
 [Times: user=1.50 sys=0.00, real=0.18 secs] 
2020-09-29T12:23:10.348+0200: 150.503: [GC pause (G1 Humongous Allocation) (young) (initial-mark), 0.0530881 secs]
   [Parallel Time: 52.2 ms, GC Workers: 8]
      [GC Worker Start (ms): Min: 150503.6, Avg: 150503.7, Max: 150503.8, Diff: 0.2]
      [Ext Root Scanning (ms): Min: 0.0, Avg: 0.2, Max: 0.3, Diff: 0.3, Sum: 1.3]
      [Update RS (ms): Min: 29.4, Avg: 29.8, Max: 30.2, Diff: 0.8, Sum: 238.3]
         [Processed Buffers: Min: 32, Avg: 36.5, Max: 39, Diff: 7, Sum: 292]
      [Scan RS (ms): Min: 2.4, Avg: 2.9, Max: 3.2, Diff: 0.8, Sum: 23.1]
      [Code Root Scanning (ms): Min: 0.0, Avg: 0.0, Max: 0.0, Diff: 0.0, Sum: 0.0]
      [Object Copy (ms): Min: 19.0, Avg: 19.1, Max: 19.1, Diff: 0.1, Sum: 152.5]
      [Termination (ms): Min: 0.0, Avg: 0.1, Max: 0.1, Diff: 0.1, Sum: 0.4]
         [Termination Attempts: Min: 1, Avg: 354.1, Max: 473, Diff: 472, Sum: 2833]
      [GC Worker Other (ms): Min: 0.0, Avg: 0.0, Max: 0.0, Diff: 0.0, Sum: 0.1]
      [GC Worker Total (ms): Min: 51.9, Avg: 52.0, Max: 52.0, Diff: 0.1, Sum: 415.8]
      [GC Worker End (ms): Min: 150555.7, Avg: 150555.7, Max: 150555.7, Diff: 0.0]
   [Code Root Fixup: 0.0 ms]
   [Code Root Purge: 0.0 ms]
   [Clear CT: 0.1 ms]
   [Other: 0.8 ms]
      [Choose CSet: 0.0 ms]
      [Ref Proc: 0.2 ms]
      [Ref Enq: 0.0 ms]
      [Redirty Cards: 0.2 ms]
      [Humongous Register: 0.1 ms]
      [Humongous Reclaim: 0.0 ms]
      [Free CSet: 0.1 ms]
   [Eden: 1024.0K(269.0M)->0.0B(327.0M) Survivors: 41.0M->3072.0K Heap: 1055.8M(2048.0M)->1059.8M(2048.0M)]
 [Times: user=0.38 sys=0.00, real=0.05 secs] 
2020-09-29T12:23:10.401+0200: 150.557: [GC concurrent-root-region-scan-start]
2020-09-29T12:23:10.402+0200: 150.557: [GC concurrent-root-region-scan-end, 0.0003892 secs]
2020-09-29T12:23:10.402+0200: 150.557: [GC concurrent-mark-start]
2020-09-29T12:23:10.405+0200: 150.561: [GC concurrent-mark-end, 0.0035833 secs]
2020-09-29T12:23:10.406+0200: 150.561: [GC remark 2020-09-29T12:23:10.406+0200: 150.561: [Finalize Marking, 0.0002084 secs] 2020-09-29T12:23:10.406+0200: 150.561: [GC ref-proc, 0.0002948 secs] 2020-09-29T12:23:10.406+0200: 150.562: [Unloading, 0.0005196 secs], 0.0014095 secs]
 [Times: user=0.00 sys=0.00, real=0.00 secs] 
2020-09-29T12:23:10.408+0200: 150.563: [GC cleanup 1069M->20M(2048M), 0.0017429 secs]
 [Times: user=0.00 sys=0.00, real=0.00 secs] 
2020-09-29T12:23:10.410+0200: 150.565: [GC concurrent-cleanup-start]
2020-09-29T12:23:10.411+0200: 150.567: [GC concurrent-cleanup-end, 0.0017470 secs]
2020-09-29T12:23:10.577+0200: 150.732: [GC pause (G1 Evacuation Pause) (young), 0.1736472 secs]
   [Parallel Time: 172.4 ms, GC Workers: 8]
      [GC Worker Start (ms): Min: 150732.1, Avg: 150732.2, Max: 150732.2, Diff: 0.1]
      [Ext Root Scanning (ms): Min: 0.0, Avg: 0.1, Max: 0.1, Diff: 0.1, Sum: 0.5]
      [Update RS (ms): Min: 13.0, Avg: 13.3, Max: 13.6, Diff: 0.6, Sum: 106.2]
         [Processed Buffers: Min: 14, Avg: 15.9, Max: 18, Diff: 4, Sum: 127]
      [Scan RS (ms): Min: 17.7, Avg: 18.0, Max: 18.4, Diff: 0.7, Sum: 144.1]
      [Code Root Scanning (ms): Min: 0.0, Avg: 0.0, Max: 0.0, Diff: 0.0, Sum: 0.0]
      [Object Copy (ms): Min: 140.6, Avg: 140.8, Max: 140.9, Diff: 0.4, Sum: 1126.1]
      [Termination (ms): Min: 0.0, Avg: 0.1, Max: 0.2, Diff: 0.2, Sum: 1.0]
         [Termination Attempts: Min: 1, Avg: 848.0, Max: 1070, Diff: 1069, Sum: 6784]
      [GC Worker Other (ms): Min: 0.0, Avg: 0.0, Max: 0.1, Diff: 0.0, Sum: 0.3]
      [GC Worker Total (ms): Min: 172.2, Avg: 172.3, Max: 172.4, Diff: 0.2, Sum: 1378.3]
      [GC Worker End (ms): Min: 150904.4, Avg: 150904.5, Max: 150904.5, Diff: 0.0]
   [Code Root Fixup: 0.0 ms]
   [Code Root Purge: 0.0 ms]
   [Clear CT: 0.2 ms]
   [Other: 1.1 ms]
      [Choose CSet: 0.0 ms]
      [Ref Proc: 0.2 ms]
      [Ref Enq: 0.0 ms]
      [Redirty Cards: 0.3 ms]
      [Humongous Register: 0.0 ms]
      [Humongous Reclaim: 0.0 ms]
      [Free CSet: 0.3 ms]
   [Eden: 327.0M(327.0M)->0.0B(290.0M) Survivors: 3072.0K->42.0M Heap: 393.3M(2048.0M)->392.3M(2048.0M)]
 [Times: user=1.36 sys=0.02, real=0.17 secs] 
2020-09-29T12:23:10.901+0200: 151.056: [GC pause (G1 Evacuation Pause) (young), 0.1882836 secs]
   [Parallel Time: 187.1 ms, GC Workers: 8]
      [GC Worker Start (ms): Min: 151056.5, Avg: 151056.6, Max: 151056.7, Diff: 0.2]
      [Ext Root Scanning (ms): Min: 0.0, Avg: 0.1, Max: 0.2, Diff: 0.2, Sum: 0.6]
      [Update RS (ms): Min: 18.0, Avg: 18.3, Max: 18.4, Diff: 0.4, Sum: 146.1]
         [Processed Buffers: Min: 16, Avg: 18.1, Max: 20, Diff: 4, Sum: 145]
      [Scan RS (ms): Min: 18.9, Avg: 19.1, Max: 19.4, Diff: 0.5, Sum: 152.8]
      [Code Root Scanning (ms): Min: 0.0, Avg: 0.0, Max: 0.0, Diff: 0.0, Sum: 0.0]
      [Object Copy (ms): Min: 149.0, Avg: 149.1, Max: 149.3, Diff: 0.3, Sum: 1193.1]
      [Termination (ms): Min: 0.0, Avg: 0.3, Max: 0.5, Diff: 0.5, Sum: 2.6]
         [Termination Attempts: Min: 1, Avg: 2066.4, Max: 3026, Diff: 3025, Sum: 16531]
      [GC Worker Other (ms): Min: 0.0, Avg: 0.0, Max: 0.1, Diff: 0.0, Sum: 0.3]
      [GC Worker Total (ms): Min: 186.9, Avg: 186.9, Max: 187.0, Diff: 0.1, Sum: 1495.6]
      [GC Worker End (ms): Min: 151243.5, Avg: 151243.6, Max: 151243.6, Diff: 0.0]
   [Code Root Fixup: 0.0 ms]
   [Code Root Purge: 0.0 ms]
   [Clear CT: 0.2 ms]
   [Other: 0.9 ms]
      [Choose CSet: 0.0 ms]
      [Ref Proc: 0.2 ms]
      [Ref Enq: 0.0 ms]
      [Redirty Cards: 0.2 ms]
      [Humongous Register: 0.0 ms]
      [Humongous Reclaim: 0.0 ms]
      [Free CSet: 0.3 ms]
   [Eden: 290.0M(290.0M)->0.0B(274.0M) Survivors: 42.0M->42.0M Heap: 730.0M(2048.0M)->731.0M(2048.0M)]
 [Times: user=1.44 sys=0.02, real=0.19 secs] 
2020-09-29T12:23:11.264+0200: 151.419: [GC pause (G1 Evacuation Pause) (young), 0.1706593 secs]
   [Parallel Time: 169.4 ms, GC Workers: 8]
      [GC Worker Start (ms): Min: 151419.5, Avg: 151419.6, Max: 151419.7, Diff: 0.2]
      [Ext Root Scanning (ms): Min: 0.0, Avg: 0.1, Max: 0.1, Diff: 0.1, Sum: 0.4]
      [Update RS (ms): Min: 21.2, Avg: 21.4, Max: 21.7, Diff: 0.5, Sum: 171.2]
         [Processed Buffers: Min: 21, Avg: 22.1, Max: 25, Diff: 4, Sum: 177]
      [Scan RS (ms): Min: 13.6, Avg: 13.9, Max: 14.1, Diff: 0.4, Sum: 111.6]
      [Code Root Scanning (ms): Min: 0.0, Avg: 0.0, Max: 0.0, Diff: 0.0, Sum: 0.0]
      [Object Copy (ms): Min: 133.6, Avg: 133.7, Max: 133.8, Diff: 0.3, Sum: 1069.4]
      [Termination (ms): Min: 0.0, Avg: 0.1, Max: 0.2, Diff: 0.2, Sum: 0.9]
         [Termination Attempts: Min: 1, Avg: 697.5, Max: 1046, Diff: 1045, Sum: 5580]
      [GC Worker Other (ms): Min: 0.0, Avg: 0.0, Max: 0.1, Diff: 0.0, Sum: 0.3]
      [GC Worker Total (ms): Min: 169.2, Avg: 169.2, Max: 169.3, Diff: 0.2, Sum: 1353.8]
      [GC Worker End (ms): Min: 151588.8, Avg: 151588.8, Max: 151588.9, Diff: 0.0]
   [Code Root Fixup: 0.0 ms]
   [Code Root Purge: 0.0 ms]
   [Clear CT: 0.2 ms]
   [Other: 1.0 ms]
      [Choose CSet: 0.0 ms]
      [Ref Proc: 0.1 ms]
      [Ref Enq: 0.0 ms]
      [Redirty Cards: 0.3 ms]
      [Humongous Register: 0.0 ms]
      [Humongous Reclaim: 0.0 ms]
      [Free CSet: 0.3 ms]
   [Eden: 274.0M(274.0M)->0.0B(282.0M) Survivors: 42.0M->40.0M Heap: 1050.8M(2048.0M)->1052.8M(2048.0M)]
 [Times: user=1.34 sys=0.00, real=0.17 secs] 
2020-09-29T12:23:11.444+0200: 151.599: [GC pause (G1 Humongous Allocation) (young) (initial-mark), 0.0606920 secs]
   [Parallel Time: 59.7 ms, GC Workers: 8]
      [GC Worker Start (ms): Min: 151599.6, Avg: 151599.7, Max: 151599.8, Diff: 0.2]
      [Ext Root Scanning (ms): Min: 0.0, Avg: 2.9, Max: 22.0, Diff: 22.0, Sum: 23.0]
      [Update RS (ms): Min: 12.5, Avg: 31.6, Max: 34.5, Diff: 22.0, Sum: 252.7]
         [Processed Buffers: Min: 16, Avg: 38.4, Max: 46, Diff: 30, Sum: 307]
      [Scan RS (ms): Min: 2.6, Avg: 2.8, Max: 3.0, Diff: 0.3, Sum: 22.2]
      [Code Root Scanning (ms): Min: 0.0, Avg: 0.0, Max: 0.0, Diff: 0.0, Sum: 0.0]
      [Object Copy (ms): Min: 22.1, Avg: 22.2, Max: 22.3, Diff: 0.2, Sum: 177.5]
      [Termination (ms): Min: 0.0, Avg: 0.1, Max: 0.1, Diff: 0.1, Sum: 0.6]
         [Termination Attempts: Min: 1, Avg: 603.9, Max: 711, Diff: 710, Sum: 4831]
      [GC Worker Other (ms): Min: 0.0, Avg: 0.0, Max: 0.0, Diff: 0.0, Sum: 0.1]
      [GC Worker Total (ms): Min: 59.4, Avg: 59.5, Max: 59.6, Diff: 0.2, Sum: 476.2]
      [GC Worker End (ms): Min: 151659.2, Avg: 151659.2, Max: 151659.2, Diff: 0.0]
   [Code Root Fixup: 0.0 ms]
   [Code Root Purge: 0.0 ms]
   [Clear CT: 0.2 ms]
   [Other: 0.8 ms]
      [Choose CSet: 0.0 ms]
      [Ref Proc: 0.2 ms]
      [Ref Enq: 0.0 ms]
      [Redirty Cards: 0.1 ms]
      [Humongous Register: 0.1 ms]
      [Humongous Reclaim: 0.0 ms]
      [Free CSet: 0.1 ms]
   [Eden: 2048.0K(282.0M)->0.0B(295.0M) Survivors: 40.0M->3072.0K Heap: 1054.8M(2048.0M)->1056.8M(2048.0M)]
 [Times: user=0.38 sys=0.02, real=0.06 secs] 
2020-09-29T12:23:11.505+0200: 151.660: [GC concurrent-root-region-scan-start]
2020-09-29T12:23:11.506+0200: 151.661: [GC concurrent-root-region-scan-end, 0.0007940 secs]
2020-09-29T12:23:11.506+0200: 151.661: [GC concurrent-mark-start]
2020-09-29T12:23:11.510+0200: 151.665: [GC concurrent-mark-end, 0.0044252 secs]
2020-09-29T12:23:11.511+0200: 151.666: [GC remark 2020-09-29T12:23:11.511+0200: 151.666: [Finalize Marking, 0.0002798 secs] 2020-09-29T12:23:11.511+0200: 151.666: [GC ref-proc, 0.0003936 secs] 2020-09-29T12:23:11.511+0200: 151.666: [Unloading, 0.0005008 secs], 0.0017171 secs]
 [Times: user=0.00 sys=0.00, real=0.00 secs] 
2020-09-29T12:23:11.513+0200: 151.668: [GC cleanup 1066M->20M(2048M), 0.0013118 secs]
 [Times: user=0.00 sys=0.00, real=0.00 secs] 
2020-09-29T12:23:11.514+0200: 151.669: [GC concurrent-cleanup-start]
2020-09-29T12:23:11.516+0200: 151.671: [GC concurrent-cleanup-end, 0.0018828 secs]
2020-09-29T12:23:11.663+0200: 151.819: [GC pause (G1 Evacuation Pause) (young), 0.1564955 secs]
   [Parallel Time: 155.3 ms, GC Workers: 8]
      [GC Worker Start (ms): Min: 151818.7, Avg: 151818.8, Max: 151818.9, Diff: 0.2]
      [Ext Root Scanning (ms): Min: 0.0, Avg: 0.1, Max: 0.2, Diff: 0.2, Sum: 0.5]
      [Update RS (ms): Min: 12.7, Avg: 13.0, Max: 13.6, Diff: 0.8, Sum: 103.9]
         [Processed Buffers: Min: 13, Avg: 14.9, Max: 16, Diff: 3, Sum: 119]
      [Scan RS (ms): Min: 14.2, Avg: 14.7, Max: 15.0, Diff: 0.8, Sum: 117.5]
      [Code Root Scanning (ms): Min: 0.0, Avg: 0.0, Max: 0.0, Diff: 0.0, Sum: 0.0]
      [Object Copy (ms): Min: 127.2, Avg: 127.3, Max: 127.4, Diff: 0.2, Sum: 1018.6]
      [Termination (ms): Min: 0.0, Avg: 0.0, Max: 0.0, Diff: 0.0, Sum: 0.1]
         [Termination Attempts: Min: 1, Avg: 129.8, Max: 169, Diff: 168, Sum: 1038]
      [GC Worker Other (ms): Min: 0.0, Avg: 0.0, Max: 0.0, Diff: 0.0, Sum: 0.2]
      [GC Worker Total (ms): Min: 155.1, Avg: 155.1, Max: 155.2, Diff: 0.1, Sum: 1240.9]
      [GC Worker End (ms): Min: 151973.9, Avg: 151973.9, Max: 151974.0, Diff: 0.0]
   [Code Root Fixup: 0.0 ms]
   [Code Root Purge: 0.0 ms]
   [Clear CT: 0.2 ms]
   [Other: 1.0 ms]
      [Choose CSet: 0.0 ms]
      [Ref Proc: 0.2 ms]
      [Ref Enq: 0.0 ms]
      [Redirty Cards: 0.3 ms]
      [Humongous Register: 0.0 ms]
      [Humongous Reclaim: 0.0 ms]
      [Free CSet: 0.2 ms]
   [Eden: 295.0M(295.0M)->0.0B(278.0M) Survivors: 3072.0K->38.0M Heap: 355.6M(2048.0M)->354.6M(2048.0M)]
 [Times: user=1.25 sys=0.00, real=0.16 secs] 
2020-09-29T12:23:11.984+0200: 152.139: [GC pause (G1 Evacuation Pause) (young), 0.1816598 secs]
   [Parallel Time: 180.6 ms, GC Workers: 8]
      [GC Worker Start (ms): Min: 152139.4, Avg: 152139.5, Max: 152139.6, Diff: 0.2]
      [Ext Root Scanning (ms): Min: 0.0, Avg: 0.1, Max: 0.2, Diff: 0.2, Sum: 0.5]
      [Update RS (ms): Min: 16.2, Avg: 16.3, Max: 16.5, Diff: 0.2, Sum: 130.7]
         [Processed Buffers: Min: 15, Avg: 17.0, Max: 20, Diff: 5, Sum: 136]
      [Scan RS (ms): Min: 19.5, Avg: 19.8, Max: 20.1, Diff: 0.5, Sum: 158.7]
      [Code Root Scanning (ms): Min: 0.0, Avg: 0.0, Max: 0.0, Diff: 0.0, Sum: 0.0]
      [Object Copy (ms): Min: 143.7, Avg: 143.9, Max: 144.1, Diff: 0.3, Sum: 1151.2]
      [Termination (ms): Min: 0.0, Avg: 0.1, Max: 0.2, Diff: 0.2, Sum: 1.1]
         [Termination Attempts: Min: 1, Avg: 978.6, Max: 1205, Diff: 1204, Sum: 7829]
      [GC Worker Other (ms): Min: 0.0, Avg: 0.0, Max: 0.1, Diff: 0.0, Sum: 0.2]
      [GC Worker Total (ms): Min: 180.2, Avg: 180.3, Max: 180.5, Diff: 0.2, Sum: 1442.6]
      [GC Worker End (ms): Min: 152319.9, Avg: 152319.9, Max: 152319.9, Diff: 0.0]
   [Code Root Fixup: 0.0 ms]
   [Code Root Purge: 0.0 ms]
   [Clear CT: 0.1 ms]
   [Other: 0.9 ms]
      [Choose CSet: 0.0 ms]
      [Ref Proc: 0.1 ms]
      [Ref Enq: 0.0 ms]
      [Redirty Cards: 0.2 ms]
      [Humongous Register: 0.0 ms]
      [Humongous Reclaim: 0.0 ms]
      [Free CSet: 0.3 ms]
   [Eden: 278.0M(278.0M)->0.0B(267.0M) Survivors: 38.0M->40.0M Heap: 680.3M(2048.0M)->682.8M(2048.0M)]
 [Times: user=1.50 sys=0.00, real=0.18 secs] 
2020-09-29T12:23:12.315+0200: 152.470: [GC pause (G1 Evacuation Pause) (young), 0.1628318 secs]
   [Parallel Time: 161.7 ms, GC Workers: 8]
      [GC Worker Start (ms): Min: 152470.1, Avg: 152470.2, Max: 152470.3, Diff: 0.2]
      [Ext Root Scanning (ms): Min: 0.0, Avg: 0.1, Max: 0.2, Diff: 0.2, Sum: 0.4]
      [Update RS (ms): Min: 16.9, Avg: 17.0, Max: 17.1, Diff: 0.2, Sum: 135.7]
         [Processed Buffers: Min: 17, Avg: 19.8, Max: 21, Diff: 4, Sum: 158]
      [Scan RS (ms): Min: 14.7, Avg: 14.9, Max: 15.2, Diff: 0.5, Sum: 119.1]
      [Code Root Scanning (ms): Min: 0.0, Avg: 0.0, Max: 0.0, Diff: 0.0, Sum: 0.0]
      [Object Copy (ms): Min: 129.1, Avg: 129.5, Max: 129.6, Diff: 0.5, Sum: 1035.7]
      [Termination (ms): Min: 0.0, Avg: 0.1, Max: 0.1, Diff: 0.1, Sum: 0.4]
         [Termination Attempts: Min: 1, Avg: 336.3, Max: 445, Diff: 444, Sum: 2690]
      [GC Worker Other (ms): Min: 0.0, Avg: 0.0, Max: 0.1, Diff: 0.0, Sum: 0.2]
      [GC Worker Total (ms): Min: 161.4, Avg: 161.4, Max: 161.6, Diff: 0.2, Sum: 1291.6]
      [GC Worker End (ms): Min: 152631.6, Avg: 152631.7, Max: 152631.7, Diff: 0.0]
   [Code Root Fixup: 0.0 ms]
   [Code Root Purge: 0.0 ms]
   [Clear CT: 0.2 ms]
   [Other: 1.0 ms]
      [Choose CSet: 0.0 ms]
      [Ref Proc: 0.2 ms]
      [Ref Enq: 0.0 ms]
      [Redirty Cards: 0.2 ms]
      [Humongous Register: 0.0 ms]
      [Humongous Reclaim: 0.0 ms]
      [Free CSet: 0.3 ms]
   [Eden: 267.0M(267.0M)->0.0B(277.0M) Survivors: 40.0M->39.0M Heap: 993.6M(2048.0M)->995.1M(2048.0M)]
 [Times: user=1.36 sys=0.00, real=0.16 secs] 
2020-09-29T12:23:12.487+0200: 152.642: [GC pause (G1 Humongous Allocation) (young) (initial-mark), 0.0573565 secs]
   [Parallel Time: 56.4 ms, GC Workers: 8]
      [GC Worker Start (ms): Min: 152642.0, Avg: 152642.0, Max: 152642.1, Diff: 0.2]
      [Ext Root Scanning (ms): Min: 0.0, Avg: 2.0, Max: 7.6, Diff: 7.6, Sum: 15.8]
      [Update RS (ms): Min: 26.3, Avg: 32.0, Max: 34.0, Diff: 7.8, Sum: 255.7]
         [Processed Buffers: Min: 32, Avg: 39.1, Max: 44, Diff: 12, Sum: 313]
      [Scan RS (ms): Min: 2.3, Avg: 2.5, Max: 2.7, Diff: 0.4, Sum: 20.4]
      [Code Root Scanning (ms): Min: 0.0, Avg: 0.0, Max: 0.0, Diff: 0.0, Sum: 0.0]
      [Object Copy (ms): Min: 19.7, Avg: 19.7, Max: 19.8, Diff: 0.1, Sum: 157.6]
      [Termination (ms): Min: 0.0, Avg: 0.0, Max: 0.0, Diff: 0.0, Sum: 0.0]
         [Termination Attempts: Min: 1, Avg: 19.8, Max: 28, Diff: 27, Sum: 158]
      [GC Worker Other (ms): Min: 0.0, Avg: 0.0, Max: 0.0, Diff: 0.0, Sum: 0.2]
      [GC Worker Total (ms): Min: 56.1, Avg: 56.2, Max: 56.3, Diff: 0.1, Sum: 449.7]
      [GC Worker End (ms): Min: 152698.2, Avg: 152698.2, Max: 152698.3, Diff: 0.0]
   [Code Root Fixup: 0.0 ms]
   [Code Root Purge: 0.0 ms]
   [Clear CT: 0.1 ms]
   [Other: 0.8 ms]
      [Choose CSet: 0.0 ms]
      [Ref Proc: 0.3 ms]
      [Ref Enq: 0.0 ms]
      [Redirty Cards: 0.2 ms]
      [Humongous Register: 0.0 ms]
      [Humongous Reclaim: 0.0 ms]
      [Free CSet: 0.1 ms]
   [Eden: 7168.0K(277.0M)->0.0B(315.0M) Survivors: 39.0M->9216.0K Heap: 1002.1M(2048.0M)->1005.6M(2048.0M)]
 [Times: user=0.47 sys=0.00, real=0.06 secs] 
2020-09-29T12:23:12.544+0200: 152.699: [GC concurrent-root-region-scan-start]
2020-09-29T12:23:12.546+0200: 152.702: [GC concurrent-root-region-scan-end, 0.0028283 secs]
2020-09-29T12:23:12.546+0200: 152.702: [GC concurrent-mark-start]
2020-09-29T12:23:12.549+0200: 152.705: [GC concurrent-mark-end, 0.0029789 secs]
2020-09-29T12:23:12.550+0200: 152.705: [GC remark 2020-09-29T12:23:12.550+0200: 152.705: [Finalize Marking, 0.0002172 secs] 2020-09-29T12:23:12.550+0200: 152.706: [GC ref-proc, 0.0003883 secs] 2020-09-29T12:23:12.550+0200: 152.706: [Unloading, 0.0005201 secs], 0.0019866 secs]
 [Times: user=0.08 sys=0.00, real=0.00 secs] 
2020-09-29T12:23:12.552+0200: 152.708: [GC cleanup 1018M->29M(2048M), 0.0018508 secs]
 [Times: user=0.00 sys=0.00, real=0.00 secs] 
2020-09-29T12:23:12.554+0200: 152.710: [GC concurrent-cleanup-start]
2020-09-29T12:23:12.556+0200: 152.711: [GC concurrent-cleanup-end, 0.0017176 secs]
2020-09-29T12:23:12.719+0200: 152.874: [GC pause (G1 Evacuation Pause) (young), 0.1672716 secs]
   [Parallel Time: 166.1 ms, GC Workers: 8]
      [GC Worker Start (ms): Min: 152873.8, Avg: 152873.9, Max: 152874.0, Diff: 0.2]
      [Ext Root Scanning (ms): Min: 0.0, Avg: 0.1, Max: 0.1, Diff: 0.1, Sum: 0.4]
      [Update RS (ms): Min: 18.5, Avg: 18.8, Max: 19.4, Diff: 0.9, Sum: 150.4]
         [Processed Buffers: Min: 19, Avg: 21.1, Max: 23, Diff: 4, Sum: 169]
      [Scan RS (ms): Min: 15.0, Avg: 15.7, Max: 16.0, Diff: 1.0, Sum: 125.2]
      [Code Root Scanning (ms): Min: 0.0, Avg: 0.0, Max: 0.0, Diff: 0.0, Sum: 0.0]
      [Object Copy (ms): Min: 131.2, Avg: 131.3, Max: 131.4, Diff: 0.2, Sum: 1050.7]
      [Termination (ms): Min: 0.0, Avg: 0.0, Max: 0.0, Diff: 0.0, Sum: 0.2]
         [Termination Attempts: Min: 1, Avg: 132.3, Max: 209, Diff: 208, Sum: 1058]
      [GC Worker Other (ms): Min: 0.0, Avg: 0.0, Max: 0.1, Diff: 0.1, Sum: 0.3]
      [GC Worker Total (ms): Min: 165.8, Avg: 165.9, Max: 166.0, Diff: 0.2, Sum: 1327.2]
      [GC Worker End (ms): Min: 153039.8, Avg: 153039.8, Max: 153039.8, Diff: 0.1]
   [Code Root Fixup: 0.0 ms]
   [Code Root Purge: 0.0 ms]
   [Clear CT: 0.2 ms]
   [Other: 1.0 ms]
      [Choose CSet: 0.0 ms]
      [Ref Proc: 0.2 ms]
      [Ref Enq: 0.0 ms]
      [Redirty Cards: 0.2 ms]
      [Humongous Register: 0.0 ms]
      [Humongous Reclaim: 0.0 ms]
      [Free CSet: 0.4 ms]
   [Eden: 315.0M(315.0M)->0.0B(294.0M) Survivors: 9216.0K->41.0M Heap: 384.9M(2048.0M)->378.9M(2048.0M)]
 [Times: user=1.38 sys=0.00, real=0.17 secs] 
2020-09-29T12:23:13.052+0200: 153.208: [GC pause (G1 Evacuation Pause) (young), 0.1834214 secs]
   [Parallel Time: 182.2 ms, GC Workers: 8]
      [GC Worker Start (ms): Min: 153207.9, Avg: 153208.0, Max: 153208.1, Diff: 0.2]
      [Ext Root Scanning (ms): Min: 0.0, Avg: 0.1, Max: 0.2, Diff: 0.2, Sum: 0.5]
      [Update RS (ms): Min: 16.9, Avg: 17.1, Max: 17.8, Diff: 0.9, Sum: 136.8]
         [Processed Buffers: Min: 17, Avg: 19.5, Max: 23, Diff: 6, Sum: 156]
      [Scan RS (ms): Min: 16.6, Avg: 17.3, Max: 17.7, Diff: 1.1, Sum: 138.6]
      [Code Root Scanning (ms): Min: 0.0, Avg: 0.0, Max: 0.0, Diff: 0.0, Sum: 0.0]
      [Object Copy (ms): Min: 147.1, Avg: 147.3, Max: 147.5, Diff: 0.3, Sum: 1178.1]
      [Termination (ms): Min: 0.0, Avg: 0.2, Max: 0.2, Diff: 0.2, Sum: 1.4]
         [Termination Attempts: Min: 1, Avg: 1175.9, Max: 1400, Diff: 1399, Sum: 9407]
      [GC Worker Other (ms): Min: 0.0, Avg: 0.0, Max: 0.1, Diff: 0.0, Sum: 0.3]
      [GC Worker Total (ms): Min: 181.9, Avg: 182.0, Max: 182.1, Diff: 0.1, Sum: 1455.7]
      [GC Worker End (ms): Min: 153390.0, Avg: 153390.0, Max: 153390.0, Diff: 0.0]
   [Code Root Fixup: 0.0 ms]
   [Code Root Purge: 0.0 ms]
   [Clear CT: 0.2 ms]
   [Other: 1.0 ms]
      [Choose CSet: 0.0 ms]
      [Ref Proc: 0.2 ms]
      [Ref Enq: 0.0 ms]
      [Redirty Cards: 0.2 ms]
      [Humongous Register: 0.0 ms]
      [Humongous Reclaim: 0.0 ms]
      [Free CSet: 0.3 ms]
   [Eden: 294.0M(294.0M)->0.0B(285.0M) Survivors: 41.0M->42.0M Heap: 722.5M(2048.0M)->724.5M(2048.0M)]
 [Times: user=1.34 sys=0.00, real=0.18 secs] 
2020-09-29T12:23:13.488+0200: 153.643: [GC pause (G1 Evacuation Pause) (young), 0.4024434 secs]
   [Parallel Time: 400.6 ms, GC Workers: 8]
      [GC Worker Start (ms): Min: 153642.9, Avg: 153643.0, Max: 153643.2, Diff: 0.4]
      [Ext Root Scanning (ms): Min: 0.0, Avg: 0.1, Max: 0.3, Diff: 0.3, Sum: 1.2]
      [Update RS (ms): Min: 59.1, Avg: 59.7, Max: 62.0, Diff: 3.0, Sum: 477.9]
         [Processed Buffers: Min: 19, Avg: 25.0, Max: 31, Diff: 12, Sum: 200]
      [Scan RS (ms): Min: 29.4, Avg: 31.7, Max: 32.4, Diff: 2.9, Sum: 253.6]
      [Code Root Scanning (ms): Min: 0.0, Avg: 0.0, Max: 0.0, Diff: 0.0, Sum: 0.0]
      [Object Copy (ms): Min: 307.9, Avg: 308.1, Max: 308.7, Diff: 0.8, Sum: 2464.9]
      [Termination (ms): Min: 0.0, Avg: 0.5, Max: 0.8, Diff: 0.8, Sum: 4.3]
         [Termination Attempts: Min: 1, Avg: 1807.4, Max: 2448, Diff: 2447, Sum: 14459]
      [GC Worker Other (ms): Min: 0.0, Avg: 0.1, Max: 0.1, Diff: 0.1, Sum: 0.5]
      [GC Worker Total (ms): Min: 400.1, Avg: 400.3, Max: 400.5, Diff: 0.4, Sum: 3202.5]
      [GC Worker End (ms): Min: 154043.3, Avg: 154043.3, Max: 154043.4, Diff: 0.1]
   [Code Root Fixup: 0.0 ms]
   [Code Root Purge: 0.0 ms]
   [Clear CT: 0.4 ms]
   [Other: 1.4 ms]
      [Choose CSet: 0.0 ms]
      [Ref Proc: 0.3 ms]
      [Ref Enq: 0.0 ms]
      [Redirty Cards: 0.4 ms]
      [Humongous Register: 0.1 ms]
      [Humongous Reclaim: 0.0 ms]
      [Free CSet: 0.4 ms]
   [Eden: 285.0M(285.0M)->0.0B(114.0M) Survivors: 42.0M->41.0M Heap: 1057.2M(2048.0M)->1058.2M(2048.0M)]
 [Times: user=3.11 sys=0.00, real=0.40 secs] 
2020-09-29T12:23:13.914+0200: 154.069: [GC pause (G1 Humongous Allocation) (young) (initial-mark), 0.1120032 secs]
   [Parallel Time: 109.9 ms, GC Workers: 8]
      [GC Worker Start (ms): Min: 154069.1, Avg: 154069.2, Max: 154069.4, Diff: 0.3]
      [Ext Root Scanning (ms): Min: 0.0, Avg: 0.3, Max: 0.5, Diff: 0.5, Sum: 2.3]
      [Update RS (ms): Min: 54.4, Avg: 54.8, Max: 55.3, Diff: 0.9, Sum: 438.7]
         [Processed Buffers: Min: 35, Avg: 36.3, Max: 38, Diff: 3, Sum: 290]
      [Scan RS (ms): Min: 5.5, Avg: 6.1, Max: 6.4, Diff: 0.9, Sum: 48.4]
      [Code Root Scanning (ms): Min: 0.0, Avg: 0.0, Max: 0.0, Diff: 0.0, Sum: 0.0]
      [Object Copy (ms): Min: 48.2, Avg: 48.3, Max: 48.4, Diff: 0.2, Sum: 386.8]
      [Termination (ms): Min: 0.0, Avg: 0.0, Max: 0.0, Diff: 0.0, Sum: 0.2]
         [Termination Attempts: Min: 1, Avg: 105.0, Max: 129, Diff: 128, Sum: 840]
      [GC Worker Other (ms): Min: 0.0, Avg: 0.0, Max: 0.1, Diff: 0.0, Sum: 0.3]
      [GC Worker Total (ms): Min: 109.4, Avg: 109.6, Max: 109.7, Diff: 0.2, Sum: 876.7]
      [GC Worker End (ms): Min: 154178.7, Avg: 154178.8, Max: 154178.8, Diff: 0.0]
   [Code Root Fixup: 0.0 ms]
   [Code Root Purge: 0.0 ms]
   [Clear CT: 0.9 ms]
   [Other: 1.2 ms]
      [Choose CSet: 0.0 ms]
      [Ref Proc: 0.3 ms]
      [Ref Enq: 0.0 ms]
      [Redirty Cards: 0.3 ms]
      [Humongous Register: 0.1 ms]
      [Humongous Reclaim: 0.0 ms]
      [Free CSet: 0.1 ms]
   [Eden: 11.0M(114.0M)->0.0B(118.0M) Survivors: 41.0M->12.0M Heap: 1068.7M(2048.0M)->1072.2M(2048.0M)]
 [Times: user=0.84 sys=0.00, real=0.11 secs] 
2020-09-29T12:23:14.026+0200: 154.181: [GC concurrent-root-region-scan-start]
2020-09-29T12:23:14.034+0200: 154.189: [GC concurrent-root-region-scan-end, 0.0082278 secs]
2020-09-29T12:23:14.035+0200: 154.189: [GC concurrent-mark-start]
2020-09-29T12:23:14.040+0200: 154.195: [GC concurrent-mark-end, 0.0057889 secs]
2020-09-29T12:23:14.041+0200: 154.196: [GC remark 2020-09-29T12:23:14.041+0200: 154.196: [Finalize Marking, 0.0004220 secs] 2020-09-29T12:23:14.041+0200: 154.196: [GC ref-proc, 0.0006341 secs] 2020-09-29T12:23:14.042+0200: 154.197: [Unloading, 0.0010501 secs], 0.0028150 secs]
 [Times: user=0.00 sys=0.00, real=0.00 secs] 
2020-09-29T12:23:14.044+0200: 154.199: [GC cleanup 1085M->33M(2048M), 0.0035463 secs]
 [Times: user=0.00 sys=0.00, real=0.00 secs] 
2020-09-29T12:23:14.048+0200: 154.203: [GC concurrent-cleanup-start]
2020-09-29T12:23:14.053+0200: 154.208: [GC concurrent-cleanup-end, 0.0049794 secs]
2020-09-29T12:23:14.168+0200: 154.323: [GC pause (G1 Evacuation Pause) (young), 0.1590794 secs]
   [Parallel Time: 157.2 ms, GC Workers: 8]
      [GC Worker Start (ms): Min: 154323.1, Avg: 154323.8, Max: 154325.8, Diff: 2.8]
      [Ext Root Scanning (ms): Min: 0.0, Avg: 0.1, Max: 0.3, Diff: 0.3, Sum: 1.0]
      [Update RS (ms): Min: 39.4, Avg: 41.6, Max: 43.5, Diff: 4.1, Sum: 332.6]
         [Processed Buffers: Min: 18, Avg: 21.4, Max: 25, Diff: 7, Sum: 171]
      [Scan RS (ms): Min: 0.0, Avg: 0.0, Max: 0.0, Diff: 0.0, Sum: 0.1]
      [Code Root Scanning (ms): Min: 0.0, Avg: 0.0, Max: 0.0, Diff: 0.0, Sum: 0.0]
      [Object Copy (ms): Min: 113.3, Avg: 114.4, Max: 114.8, Diff: 1.5, Sum: 915.2]
      [Termination (ms): Min: 0.1, Avg: 0.2, Max: 0.4, Diff: 0.3, Sum: 1.9]
         [Termination Attempts: Min: 1, Avg: 737.9, Max: 1087, Diff: 1086, Sum: 5903]
      [GC Worker Other (ms): Min: 0.0, Avg: 0.0, Max: 0.0, Diff: 0.0, Sum: 0.1]
      [GC Worker Total (ms): Min: 154.4, Avg: 156.4, Max: 157.1, Diff: 2.8, Sum: 1251.0]
      [GC Worker End (ms): Min: 154480.2, Avg: 154480.2, Max: 154480.2, Diff: 0.0]
   [Code Root Fixup: 0.0 ms]
   [Code Root Purge: 0.0 ms]
   [Clear CT: 0.3 ms]
   [Other: 1.5 ms]
      [Choose CSet: 0.0 ms]
      [Ref Proc: 0.3 ms]
      [Ref Enq: 0.0 ms]
      [Redirty Cards: 0.6 ms]
      [Humongous Register: 0.1 ms]
      [Humongous Reclaim: 0.0 ms]
      [Free CSet: 0.2 ms]
   [Eden: 118.0M(118.0M)->0.0B(114.0M) Survivors: 12.0M->17.0M Heap: 159.0M(2048.0M)->148.5M(2048.0M)]
 [Times: user=1.09 sys=0.00, real=0.16 secs] 
2020-09-29T12:23:14.438+0200: 154.593: [GC pause (G1 Evacuation Pause) (young), 0.1536353 secs]
   [Parallel Time: 151.5 ms, GC Workers: 8]
      [GC Worker Start (ms): Min: 154593.4, Avg: 154593.7, Max: 154594.4, Diff: 1.0]
      [Ext Root Scanning (ms): Min: 0.0, Avg: 0.1, Max: 0.2, Diff: 0.2, Sum: 0.8]
      [Update RS (ms): Min: 28.4, Avg: 29.1, Max: 29.5, Diff: 1.1, Sum: 232.5]
         [Processed Buffers: Min: 12, Avg: 16.0, Max: 22, Diff: 10, Sum: 128]
      [Scan RS (ms): Min: 6.5, Avg: 6.8, Max: 7.0, Diff: 0.5, Sum: 54.7]
      [Code Root Scanning (ms): Min: 0.0, Avg: 0.0, Max: 0.0, Diff: 0.0, Sum: 0.0]
      [Object Copy (ms): Min: 114.8, Avg: 114.9, Max: 114.9, Diff: 0.1, Sum: 918.8]
      [Termination (ms): Min: 0.0, Avg: 0.1, Max: 0.2, Diff: 0.2, Sum: 1.2]
         [Termination Attempts: Min: 1, Avg: 208.8, Max: 289, Diff: 288, Sum: 1670]
      [GC Worker Other (ms): Min: 0.0, Avg: 0.0, Max: 0.0, Diff: 0.0, Sum: 0.1]
      [GC Worker Total (ms): Min: 150.4, Avg: 151.0, Max: 151.3, Diff: 0.9, Sum: 1208.2]
      [GC Worker End (ms): Min: 154744.7, Avg: 154744.7, Max: 154744.8, Diff: 0.1]
   [Code Root Fixup: 0.0 ms]
   [Code Root Purge: 0.0 ms]
   [Clear CT: 0.3 ms]
   [Other: 1.8 ms]
      [Choose CSet: 0.0 ms]
      [Ref Proc: 0.4 ms]
      [Ref Enq: 0.0 ms]
      [Redirty Cards: 0.7 ms]
      [Humongous Register: 0.1 ms]
      [Humongous Reclaim: 0.0 ms]
      [Free CSet: 0.2 ms]
   [Eden: 114.0M(114.0M)->0.0B(117.0M) Survivors: 17.0M->17.0M Heap: 281.6M(2048.0M)->283.6M(2048.0M)]
 [Times: user=1.05 sys=0.03, real=0.15 secs] 
2020-09-29T12:23:14.708+0200: 154.863: [GC pause (G1 Evacuation Pause) (young), 0.1545775 secs]
   [Parallel Time: 153.2 ms, GC Workers: 8]
      [GC Worker Start (ms): Min: 154863.3, Avg: 154863.4, Max: 154863.5, Diff: 0.3]
      [Ext Root Scanning (ms): Min: 0.0, Avg: 0.1, Max: 0.3, Diff: 0.3, Sum: 0.8]
      [Update RS (ms): Min: 23.6, Avg: 23.9, Max: 24.9, Diff: 1.3, Sum: 191.1]
         [Processed Buffers: Min: 12, Avg: 13.8, Max: 16, Diff: 4, Sum: 110]
      [Scan RS (ms): Min: 7.9, Avg: 8.9, Max: 9.2, Diff: 1.3, Sum: 71.1]
      [Code Root Scanning (ms): Min: 0.0, Avg: 0.0, Max: 0.0, Diff: 0.0, Sum: 0.0]
      [Object Copy (ms): Min: 119.5, Avg: 119.8, Max: 119.9, Diff: 0.4, Sum: 958.2]
      [Termination (ms): Min: 0.0, Avg: 0.2, Max: 0.3, Diff: 0.3, Sum: 1.3]
         [Termination Attempts: Min: 1, Avg: 546.9, Max: 798, Diff: 797, Sum: 4375]
      [GC Worker Other (ms): Min: 0.0, Avg: 0.0, Max: 0.1, Diff: 0.0, Sum: 0.3]
      [GC Worker Total (ms): Min: 152.7, Avg: 152.8, Max: 153.0, Diff: 0.3, Sum: 1222.8]
      [GC Worker End (ms): Min: 155016.3, Avg: 155016.3, Max: 155016.3, Diff: 0.0]
   [Code Root Fixup: 0.0 ms]
   [Code Root Purge: 0.0 ms]
   [Clear CT: 0.3 ms]
   [Other: 1.1 ms]
      [Choose CSet: 0.0 ms]
      [Ref Proc: 0.3 ms]
      [Ref Enq: 0.0 ms]
      [Redirty Cards: 0.3 ms]
      [Humongous Register: 0.0 ms]
      [Humongous Reclaim: 0.0 ms]
      [Free CSet: 0.2 ms]
   [Eden: 117.0M(117.0M)->0.0B(123.0M) Survivors: 17.0M->17.0M Heap: 419.6M(2048.0M)->421.6M(2048.0M)]
 [Times: user=1.11 sys=0.00, real=0.15 secs] 
2020-09-29T12:23:14.979+0200: 155.134: [GC pause (G1 Evacuation Pause) (young), 0.1452651 secs]
   [Parallel Time: 143.7 ms, GC Workers: 8]
      [GC Worker Start (ms): Min: 155134.4, Avg: 155134.6, Max: 155134.7, Diff: 0.3]
      [Ext Root Scanning (ms): Min: 0.0, Avg: 0.1, Max: 0.3, Diff: 0.3, Sum: 0.8]
      [Update RS (ms): Min: 20.8, Avg: 21.0, Max: 21.6, Diff: 0.8, Sum: 167.8]
         [Processed Buffers: Min: 11, Avg: 13.3, Max: 15, Diff: 4, Sum: 106]
      [Scan RS (ms): Min: 8.7, Avg: 9.3, Max: 9.6, Diff: 0.9, Sum: 74.8]
      [Code Root Scanning (ms): Min: 0.0, Avg: 0.0, Max: 0.0, Diff: 0.0, Sum: 0.0]
      [Object Copy (ms): Min: 112.7, Avg: 112.8, Max: 112.9, Diff: 0.1, Sum: 902.4]
      [Termination (ms): Min: 0.0, Avg: 0.0, Max: 0.1, Diff: 0.1, Sum: 0.3]
         [Termination Attempts: Min: 1, Avg: 123.4, Max: 171, Diff: 170, Sum: 987]
      [GC Worker Other (ms): Min: 0.0, Avg: 0.0, Max: 0.1, Diff: 0.1, Sum: 0.3]
      [GC Worker Total (ms): Min: 143.2, Avg: 143.3, Max: 143.4, Diff: 0.3, Sum: 1146.3]
      [GC Worker End (ms): Min: 155277.9, Avg: 155277.9, Max: 155277.9, Diff: 0.1]
   [Code Root Fixup: 0.0 ms]
   [Code Root Purge: 0.0 ms]
   [Clear CT: 0.3 ms]
   [Other: 1.2 ms]
      [Choose CSet: 0.0 ms]
      [Ref Proc: 0.3 ms]
      [Ref Enq: 0.0 ms]
      [Redirty Cards: 0.3 ms]
      [Humongous Register: 0.1 ms]
      [Humongous Reclaim: 0.0 ms]
      [Free CSet: 0.2 ms]
   [Eden: 123.0M(123.0M)->0.0B(134.0M) Survivors: 17.0M->18.0M Heap: 565.6M(2048.0M)->567.6M(2048.0M)]
 [Times: user=1.11 sys=0.00, real=0.14 secs] 
2020-09-29T12:23:15.257+0200: 155.413: [GC pause (G1 Evacuation Pause) (young), 0.1805489 secs]
   [Parallel Time: 179.0 ms, GC Workers: 8]
      [GC Worker Start (ms): Min: 155412.8, Avg: 155413.2, Max: 155414.4, Diff: 1.6]
      [Ext Root Scanning (ms): Min: 0.0, Avg: 0.1, Max: 0.3, Diff: 0.3, Sum: 0.9]
      [Update RS (ms): Min: 24.8, Avg: 27.0, Max: 30.4, Diff: 5.6, Sum: 215.8]
         [Processed Buffers: Min: 1, Avg: 12.3, Max: 17, Diff: 16, Sum: 98]
      [Scan RS (ms): Min: 9.8, Avg: 13.0, Max: 14.0, Diff: 4.3, Sum: 103.8]
      [Code Root Scanning (ms): Min: 0.0, Avg: 0.0, Max: 0.0, Diff: 0.0, Sum: 0.0]
      [Object Copy (ms): Min: 138.2, Avg: 138.3, Max: 138.4, Diff: 0.2, Sum: 1106.1]
      [Termination (ms): Min: 0.1, Avg: 0.1, Max: 0.2, Diff: 0.1, Sum: 1.1]
         [Termination Attempts: Min: 1, Avg: 312.0, Max: 404, Diff: 403, Sum: 2496]
      [GC Worker Other (ms): Min: 0.0, Avg: 0.0, Max: 0.0, Diff: 0.0, Sum: 0.1]
      [GC Worker Total (ms): Min: 177.3, Avg: 178.5, Max: 178.9, Diff: 1.6, Sum: 1427.9]
      [GC Worker End (ms): Min: 155591.7, Avg: 155591.7, Max: 155591.7, Diff: 0.0]
   [Code Root Fixup: 0.0 ms]
   [Code Root Purge: 0.0 ms]
   [Clear CT: 0.3 ms]
   [Other: 1.3 ms]
      [Choose CSet: 0.0 ms]
      [Ref Proc: 0.4 ms]
      [Ref Enq: 0.0 ms]
      [Redirty Cards: 0.4 ms]
      [Humongous Register: 0.1 ms]
      [Humongous Reclaim: 0.0 ms]
      [Free CSet: 0.2 ms]
   [Eden: 134.0M(134.0M)->0.0B(131.0M) Survivors: 18.0M->19.0M Heap: 722.6M(2048.0M)->724.1M(2048.0M)]
 [Times: user=1.31 sys=0.01, real=0.18 secs] 
2020-09-29T12:23:15.561+0200: 155.717: [GC pause (G1 Evacuation Pause) (young), 0.1592284 secs]
   [Parallel Time: 157.4 ms, GC Workers: 8]
      [GC Worker Start (ms): Min: 155716.9, Avg: 155717.0, Max: 155717.1, Diff: 0.3]
      [Ext Root Scanning (ms): Min: 0.0, Avg: 0.1, Max: 0.2, Diff: 0.2, Sum: 1.0]
      [Update RS (ms): Min: 19.3, Avg: 19.5, Max: 19.9, Diff: 0.5, Sum: 156.3]
         [Processed Buffers: Min: 10, Avg: 11.9, Max: 15, Diff: 5, Sum: 95]
      [Scan RS (ms): Min: 12.2, Avg: 12.6, Max: 12.9, Diff: 0.7, Sum: 100.8]
      [Code Root Scanning (ms): Min: 0.0, Avg: 0.0, Max: 0.0, Diff: 0.0, Sum: 0.0]
      [Object Copy (ms): Min: 124.6, Avg: 124.7, Max: 124.8, Diff: 0.2, Sum: 997.6]
      [Termination (ms): Min: 0.0, Avg: 0.1, Max: 0.1, Diff: 0.1, Sum: 0.7]
         [Termination Attempts: Min: 1, Avg: 308.9, Max: 399, Diff: 398, Sum: 2471]
      [GC Worker Other (ms): Min: 0.0, Avg: 0.0, Max: 0.1, Diff: 0.1, Sum: 0.3]
      [GC Worker Total (ms): Min: 156.9, Avg: 157.1, Max: 157.2, Diff: 0.3, Sum: 1256.7]
      [GC Worker End (ms): Min: 155874.1, Avg: 155874.1, Max: 155874.1, Diff: 0.1]
   [Code Root Fixup: 0.0 ms]
   [Code Root Purge: 0.0 ms]
   [Clear CT: 0.3 ms]
   [Other: 1.5 ms]
      [Choose CSet: 0.0 ms]
      [Ref Proc: 0.4 ms]
      [Ref Enq: 0.0 ms]
      [Redirty Cards: 0.6 ms]
      [Humongous Register: 0.1 ms]
      [Humongous Reclaim: 0.0 ms]
      [Free CSet: 0.2 ms]
   [Eden: 131.0M(131.0M)->0.0B(137.0M) Survivors: 19.0M->19.0M Heap: 878.0M(2048.0M)->879.0M(2048.0M)]
 [Times: user=1.22 sys=0.00, real=0.16 secs] 
2020-09-29T12:23:15.862+0200: 156.017: [GC pause (G1 Evacuation Pause) (young), 0.1754306 secs]
   [Parallel Time: 173.8 ms, GC Workers: 8]
      [GC Worker Start (ms): Min: 156017.4, Avg: 156017.6, Max: 156017.7, Diff: 0.3]
      [Ext Root Scanning (ms): Min: 0.0, Avg: 0.1, Max: 0.3, Diff: 0.3, Sum: 0.8]
      [Update RS (ms): Min: 20.0, Avg: 20.4, Max: 21.1, Diff: 1.1, Sum: 162.8]
         [Processed Buffers: Min: 10, Avg: 12.3, Max: 14, Diff: 4, Sum: 98]
      [Scan RS (ms): Min: 12.8, Avg: 13.6, Max: 15.0, Diff: 2.2, Sum: 109.1]
      [Code Root Scanning (ms): Min: 0.0, Avg: 0.0, Max: 0.0, Diff: 0.0, Sum: 0.0]
      [Object Copy (ms): Min: 137.9, Avg: 139.3, Max: 139.8, Diff: 1.8, Sum: 1114.6]
      [Termination (ms): Min: 0.0, Avg: 0.2, Max: 0.2, Diff: 0.2, Sum: 1.2]
         [Termination Attempts: Min: 1, Avg: 465.9, Max: 582, Diff: 581, Sum: 3727]
      [GC Worker Other (ms): Min: 0.0, Avg: 0.0, Max: 0.0, Diff: 0.0, Sum: 0.2]
      [GC Worker Total (ms): Min: 173.5, Avg: 173.6, Max: 173.7, Diff: 0.3, Sum: 1388.6]
      [GC Worker End (ms): Min: 156191.1, Avg: 156191.2, Max: 156191.2, Diff: 0.0]
   [Code Root Fixup: 0.0 ms]
   [Code Root Purge: 0.0 ms]
   [Clear CT: 0.3 ms]
   [Other: 1.3 ms]
      [Choose CSet: 0.0 ms]
      [Ref Proc: 0.4 ms]
      [Ref Enq: 0.0 ms]
      [Redirty Cards: 0.3 ms]
      [Humongous Register: 0.1 ms]
      [Humongous Reclaim: 0.0 ms]
      [Free CSet: 0.3 ms]
   [Eden: 137.0M(137.0M)->0.0B(137.0M) Survivors: 19.0M->20.0M Heap: 1038.9M(2048.0M)->1041.4M(2048.0M)]
 [Times: user=1.47 sys=0.00, real=0.18 secs] 
2020-09-29T12:23:16.058+0200: 156.213: [GC pause (G1 Humongous Allocation) (young) (initial-mark), 0.0605085 secs]
   [Parallel Time: 59.0 ms, GC Workers: 8]
      [GC Worker Start (ms): Min: 156213.6, Avg: 156213.7, Max: 156213.9, Diff: 0.3]
      [Ext Root Scanning (ms): Min: 0.0, Avg: 0.5, Max: 2.2, Diff: 2.2, Sum: 3.9]
      [Update RS (ms): Min: 20.3, Avg: 21.8, Max: 22.5, Diff: 2.2, Sum: 174.4]
         [Processed Buffers: Min: 6, Avg: 14.0, Max: 16, Diff: 10, Sum: 112]
      [Scan RS (ms): Min: 1.8, Avg: 2.4, Max: 2.9, Diff: 1.0, Sum: 18.9]
      [Code Root Scanning (ms): Min: 0.0, Avg: 0.0, Max: 0.0, Diff: 0.0, Sum: 0.0]
      [Object Copy (ms): Min: 33.6, Avg: 33.6, Max: 33.9, Diff: 0.3, Sum: 269.1]
      [Termination (ms): Min: 0.1, Avg: 0.3, Max: 0.5, Diff: 0.4, Sum: 2.7]
         [Termination Attempts: Min: 1, Avg: 623.4, Max: 814, Diff: 813, Sum: 4987]
      [GC Worker Other (ms): Min: 0.0, Avg: 0.0, Max: 0.0, Diff: 0.0, Sum: 0.1]
      [GC Worker Total (ms): Min: 58.4, Avg: 58.6, Max: 58.8, Diff: 0.4, Sum: 469.1]
      [GC Worker End (ms): Min: 156272.3, Avg: 156272.4, Max: 156272.5, Diff: 0.2]
   [Code Root Fixup: 0.0 ms]
   [Code Root Purge: 0.0 ms]
   [Clear CT: 0.3 ms]
   [Other: 1.2 ms]
      [Choose CSet: 0.0 ms]
      [Ref Proc: 0.3 ms]
      [Ref Enq: 0.0 ms]
      [Redirty Cards: 0.3 ms]
      [Humongous Register: 0.1 ms]
      [Humongous Reclaim: 0.0 ms]
      [Free CSet: 0.1 ms]
   [Eden: 8192.0K(137.0M)->0.0B(142.0M) Survivors: 20.0M->9216.0K Heap: 1048.9M(2048.0M)->1052.4M(2048.0M)]
 [Times: user=0.47 sys=0.00, real=0.06 secs] 
2020-09-29T12:23:16.119+0200: 156.274: [GC concurrent-root-region-scan-start]
2020-09-29T12:23:16.123+0200: 156.278: [GC concurrent-root-region-scan-end, 0.0039938 secs]
2020-09-29T12:23:16.123+0200: 156.278: [GC concurrent-mark-start]
2020-09-29T12:23:16.128+0200: 156.283: [GC concurrent-mark-end, 0.0051625 secs]
2020-09-29T12:23:16.128+0200: 156.284: [GC remark 2020-09-29T12:23:16.128+0200: 156.284: [Finalize Marking, 0.0004156 secs] 2020-09-29T12:23:16.128+0200: 156.284: [GC ref-proc, 0.0006021 secs] 2020-09-29T12:23:16.129+0200: 156.285: [Unloading, 0.0008022 secs], 0.0023825 secs]
 [Times: user=0.03 sys=0.00, real=0.00 secs] 
2020-09-29T12:23:16.131+0200: 156.287: [GC cleanup 1062M->26M(2048M), 0.0021013 secs]
 [Times: user=0.00 sys=0.00, real=0.00 secs] 
2020-09-29T12:23:16.133+0200: 156.289: [GC concurrent-cleanup-start]
2020-09-29T12:23:16.135+0200: 156.291: [GC concurrent-cleanup-end, 0.0019446 secs]
2020-09-29T12:23:16.255+0200: 156.411: [GC pause (G1 Evacuation Pause) (young), 0.1552223 secs]
   [Parallel Time: 153.8 ms, GC Workers: 8]
      [GC Worker Start (ms): Min: 156410.9, Avg: 156411.1, Max: 156411.2, Diff: 0.3]
      [Ext Root Scanning (ms): Min: 0.0, Avg: 0.1, Max: 0.3, Diff: 0.3, Sum: 0.9]
      [Update RS (ms): Min: 16.7, Avg: 16.8, Max: 16.9, Diff: 0.2, Sum: 134.1]
         [Processed Buffers: Min: 8, Avg: 10.0, Max: 12, Diff: 4, Sum: 80]
      [Scan RS (ms): Min: 14.1, Avg: 14.3, Max: 14.5, Diff: 0.3, Sum: 114.6]
      [Code Root Scanning (ms): Min: 0.0, Avg: 0.0, Max: 0.0, Diff: 0.0, Sum: 0.0]
      [Object Copy (ms): Min: 122.0, Avg: 122.1, Max: 122.2, Diff: 0.2, Sum: 977.2]
      [Termination (ms): Min: 0.0, Avg: 0.0, Max: 0.0, Diff: 0.0, Sum: 0.1]
         [Termination Attempts: Min: 1, Avg: 28.0, Max: 35, Diff: 34, Sum: 224]
      [GC Worker Other (ms): Min: 0.0, Avg: 0.0, Max: 0.1, Diff: 0.1, Sum: 0.3]
      [GC Worker Total (ms): Min: 153.3, Avg: 153.4, Max: 153.5, Diff: 0.2, Sum: 1227.1]
      [GC Worker End (ms): Min: 156564.4, Avg: 156564.5, Max: 156564.5, Diff: 0.1]
   [Code Root Fixup: 0.0 ms]
   [Code Root Purge: 0.0 ms]
   [Clear CT: 0.4 ms]
   [Other: 1.0 ms]
      [Choose CSet: 0.0 ms]
      [Ref Proc: 0.2 ms]
      [Ref Enq: 0.0 ms]
      [Redirty Cards: 0.3 ms]
      [Humongous Register: 0.0 ms]
      [Humongous Reclaim: 0.0 ms]
      [Free CSet: 0.2 ms]
   [Eden: 142.0M(142.0M)->0.0B(138.0M) Survivors: 9216.0K->19.0M Heap: 183.3M(2048.0M)->177.3M(2048.0M)]
 [Times: user=1.14 sys=0.00, real=0.16 secs] 
2020-09-29T12:23:16.534+0200: 156.689: [GC pause (G1 Evacuation Pause) (young), 0.2011193 secs]
   [Parallel Time: 199.6 ms, GC Workers: 8]
      [GC Worker Start (ms): Min: 156689.6, Avg: 156689.9, Max: 156690.5, Diff: 0.9]
      [Ext Root Scanning (ms): Min: 0.0, Avg: 0.1, Max: 0.3, Diff: 0.3, Sum: 0.8]
      [Update RS (ms): Min: 15.6, Avg: 16.5, Max: 17.6, Diff: 2.0, Sum: 132.1]
         [Processed Buffers: Min: 9, Avg: 10.5, Max: 13, Diff: 4, Sum: 84]
      [Scan RS (ms): Min: 13.5, Avg: 14.5, Max: 15.0, Diff: 1.5, Sum: 116.0]
      [Code Root Scanning (ms): Min: 0.0, Avg: 0.0, Max: 0.0, Diff: 0.0, Sum: 0.0]
      [Object Copy (ms): Min: 166.2, Avg: 166.7, Max: 167.8, Diff: 1.7, Sum: 1333.8]
      [Termination (ms): Min: 0.0, Avg: 1.1, Max: 1.7, Diff: 1.7, Sum: 9.1]
         [Termination Attempts: Min: 1, Avg: 3372.1, Max: 4898, Diff: 4897, Sum: 26977]
      [GC Worker Other (ms): Min: 0.0, Avg: 0.0, Max: 0.1, Diff: 0.0, Sum: 0.3]
      [GC Worker Total (ms): Min: 198.3, Avg: 199.0, Max: 199.3, Diff: 0.9, Sum: 1592.0]
      [GC Worker End (ms): Min: 156888.9, Avg: 156888.9, Max: 156888.9, Diff: 0.0]
   [Code Root Fixup: 0.0 ms]
   [Code Root Purge: 0.0 ms]
   [Clear CT: 0.3 ms]
   [Other: 1.3 ms]
      [Choose CSet: 0.0 ms]
      [Ref Proc: 0.3 ms]
      [Ref Enq: 0.0 ms]
      [Redirty Cards: 0.3 ms]
      [Humongous Register: 0.0 ms]
      [Humongous Reclaim: 0.0 ms]
      [Free CSet: 0.2 ms]
   [Eden: 138.0M(138.0M)->0.0B(128.0M) Survivors: 19.0M->20.0M Heap: 338.2M(2048.0M)->340.7M(2048.0M)]
 [Times: user=1.58 sys=0.00, real=0.20 secs] 
2020-09-29T12:23:16.863+0200: 157.018: [GC pause (G1 Evacuation Pause) (young), 0.1814753 secs]
   [Parallel Time: 179.9 ms, GC Workers: 8]
      [GC Worker Start (ms): Min: 157018.3, Avg: 157018.4, Max: 157018.5, Diff: 0.2]
      [Ext Root Scanning (ms): Min: 0.0, Avg: 0.1, Max: 0.2, Diff: 0.2, Sum: 1.0]
      [Update RS (ms): Min: 18.0, Avg: 18.4, Max: 19.1, Diff: 1.0, Sum: 147.6]
         [Processed Buffers: Min: 10, Avg: 11.3, Max: 13, Diff: 3, Sum: 90]
      [Scan RS (ms): Min: 12.0, Avg: 12.7, Max: 13.4, Diff: 1.3, Sum: 101.3]
      [Code Root Scanning (ms): Min: 0.0, Avg: 0.0, Max: 0.0, Diff: 0.0, Sum: 0.0]
      [Object Copy (ms): Min: 147.6, Avg: 147.7, Max: 147.7, Diff: 0.1, Sum: 1181.3]
      [Termination (ms): Min: 0.0, Avg: 0.5, Max: 0.7, Diff: 0.7, Sum: 4.2]
         [Termination Attempts: Min: 1, Avg: 1885.1, Max: 2379, Diff: 2378, Sum: 15081]
      [GC Worker Other (ms): Min: 0.0, Avg: 0.0, Max: 0.1, Diff: 0.0, Sum: 0.3]
      [GC Worker Total (ms): Min: 179.4, Avg: 179.5, Max: 179.6, Diff: 0.2, Sum: 1435.6]
      [GC Worker End (ms): Min: 157197.9, Avg: 157197.9, Max: 157197.9, Diff: 0.0]
   [Code Root Fixup: 0.0 ms]
   [Code Root Purge: 0.0 ms]
   [Clear CT: 0.3 ms]
   [Other: 1.3 ms]
      [Choose CSet: 0.0 ms]
      [Ref Proc: 0.5 ms]
      [Ref Enq: 0.0 ms]
      [Redirty Cards: 0.3 ms]
      [Humongous Register: 0.1 ms]
      [Humongous Reclaim: 0.0 ms]
      [Free CSet: 0.2 ms]
   [Eden: 128.0M(128.0M)->0.0B(128.0M) Survivors: 20.0M->19.0M Heap: 489.7M(2048.0M)->491.2M(2048.0M)]
 [Times: user=1.45 sys=0.00, real=0.18 secs] 
2020-09-29T12:23:17.166+0200: 157.322: [GC pause (G1 Evacuation Pause) (young), 0.1726452 secs]
   [Parallel Time: 171.2 ms, GC Workers: 8]
      [GC Worker Start (ms): Min: 157322.2, Avg: 157322.3, Max: 157322.4, Diff: 0.2]
      [Ext Root Scanning (ms): Min: 0.0, Avg: 0.1, Max: 0.3, Diff: 0.2, Sum: 0.9]
      [Update RS (ms): Min: 20.3, Avg: 20.7, Max: 21.4, Diff: 1.1, Sum: 165.4]
         [Processed Buffers: Min: 11, Avg: 11.9, Max: 14, Diff: 3, Sum: 95]
      [Scan RS (ms): Min: 11.4, Avg: 12.1, Max: 12.5, Diff: 1.1, Sum: 96.4]
      [Code Root Scanning (ms): Min: 0.0, Avg: 0.0, Max: 0.0, Diff: 0.0, Sum: 0.0]
      [Object Copy (ms): Min: 137.6, Avg: 137.7, Max: 138.0, Diff: 0.4, Sum: 1101.7]
      [Termination (ms): Min: 0.0, Avg: 0.3, Max: 0.3, Diff: 0.3, Sum: 2.1]
         [Termination Attempts: Min: 1, Avg: 842.0, Max: 1046, Diff: 1045, Sum: 6736]
      [GC Worker Other (ms): Min: 0.0, Avg: 0.0, Max: 0.1, Diff: 0.0, Sum: 0.3]
      [GC Worker Total (ms): Min: 170.7, Avg: 170.8, Max: 171.0, Diff: 0.2, Sum: 1366.7]
      [GC Worker End (ms): Min: 157493.2, Avg: 157493.2, Max: 157493.2, Diff: 0.0]
   [Code Root Fixup: 0.0 ms]
   [Code Root Purge: 0.0 ms]
   [Clear CT: 0.3 ms]
   [Other: 1.2 ms]
      [Choose CSet: 0.0 ms]
      [Ref Proc: 0.2 ms]
      [Ref Enq: 0.0 ms]
      [Redirty Cards: 0.3 ms]
      [Humongous Register: 0.1 ms]
      [Humongous Reclaim: 0.0 ms]
      [Free CSet: 0.2 ms]
   [Eden: 128.0M(128.0M)->0.0B(131.0M) Survivors: 19.0M->19.0M Heap: 640.1M(2048.0M)->642.6M(2048.0M)]
 [Times: user=1.30 sys=0.00, real=0.17 secs] 
2020-09-29T12:23:17.459+0200: 157.614: [GC pause (G1 Evacuation Pause) (young), 0.1541998 secs]
   [Parallel Time: 151.8 ms, GC Workers: 8]
      [GC Worker Start (ms): Min: 157614.5, Avg: 157614.7, Max: 157614.8, Diff: 0.2]
      [Ext Root Scanning (ms): Min: 0.0, Avg: 0.1, Max: 0.2, Diff: 0.2, Sum: 0.9]
      [Update RS (ms): Min: 21.8, Avg: 21.9, Max: 22.0, Diff: 0.2, Sum: 175.6]
         [Processed Buffers: Min: 12, Avg: 13.1, Max: 17, Diff: 5, Sum: 105]
      [Scan RS (ms): Min: 12.2, Avg: 12.9, Max: 16.6, Diff: 4.4, Sum: 103.2]
      [Code Root Scanning (ms): Min: 0.0, Avg: 0.0, Max: 0.0, Diff: 0.0, Sum: 0.0]
      [Object Copy (ms): Min: 112.7, Avg: 116.4, Max: 117.0, Diff: 4.3, Sum: 930.8]
      [Termination (ms): Min: 0.0, Avg: 0.0, Max: 0.1, Diff: 0.1, Sum: 0.3]
         [Termination Attempts: Min: 1, Avg: 124.6, Max: 182, Diff: 181, Sum: 997]
      [GC Worker Other (ms): Min: 0.0, Avg: 0.0, Max: 0.1, Diff: 0.1, Sum: 0.3]
      [GC Worker Total (ms): Min: 151.3, Avg: 151.4, Max: 151.5, Diff: 0.2, Sum: 1211.1]
      [GC Worker End (ms): Min: 157766.0, Avg: 157766.1, Max: 157766.1, Diff: 0.1]
   [Code Root Fixup: 0.0 ms]
   [Code Root Purge: 0.0 ms]
   [Clear CT: 0.5 ms]
   [Other: 1.9 ms]
      [Choose CSet: 0.0 ms]
      [Ref Proc: 0.2 ms]
      [Ref Enq: 0.0 ms]
      [Redirty Cards: 1.1 ms]
      [Humongous Register: 0.1 ms]
      [Humongous Reclaim: 0.0 ms]
      [Free CSet: 0.2 ms]
   [Eden: 131.0M(131.0M)->0.0B(138.0M) Survivors: 19.0M->19.0M Heap: 796.5M(2048.0M)->798.5M(2048.0M)]
 [Times: user=1.13 sys=0.00, real=0.15 secs] 
2020-09-29T12:23:17.745+0200: 157.900: [GC pause (G1 Evacuation Pause) (young), 0.1699176 secs]
   [Parallel Time: 168.4 ms, GC Workers: 8]
      [GC Worker Start (ms): Min: 157900.4, Avg: 157900.6, Max: 157900.7, Diff: 0.3]
      [Ext Root Scanning (ms): Min: 0.0, Avg: 0.1, Max: 0.3, Diff: 0.3, Sum: 0.8]
      [Update RS (ms): Min: 16.1, Avg: 16.3, Max: 16.5, Diff: 0.4, Sum: 130.0]
         [Processed Buffers: Min: 9, Avg: 10.4, Max: 13, Diff: 4, Sum: 83]
      [Scan RS (ms): Min: 15.9, Avg: 16.2, Max: 16.4, Diff: 0.4, Sum: 129.5]
      [Code Root Scanning (ms): Min: 0.0, Avg: 0.0, Max: 0.0, Diff: 0.0, Sum: 0.0]
      [Object Copy (ms): Min: 135.0, Avg: 135.1, Max: 135.3, Diff: 0.4, Sum: 1081.1]
      [Termination (ms): Min: 0.0, Avg: 0.2, Max: 0.4, Diff: 0.4, Sum: 1.9]
         [Termination Attempts: Min: 1, Avg: 791.5, Max: 1139, Diff: 1138, Sum: 6332]
      [GC Worker Other (ms): Min: 0.0, Avg: 0.0, Max: 0.1, Diff: 0.0, Sum: 0.3]
      [GC Worker Total (ms): Min: 167.8, Avg: 168.0, Max: 168.1, Diff: 0.3, Sum: 1343.6]
      [GC Worker End (ms): Min: 158068.5, Avg: 158068.6, Max: 158068.6, Diff: 0.0]
   [Code Root Fixup: 0.0 ms]
   [Code Root Purge: 0.0 ms]
   [Clear CT: 0.3 ms]
   [Other: 1.2 ms]
      [Choose CSet: 0.0 ms]
      [Ref Proc: 0.4 ms]
      [Ref Enq: 0.0 ms]
      [Redirty Cards: 0.3 ms]
      [Humongous Register: 0.1 ms]
      [Humongous Reclaim: 0.0 ms]
      [Free CSet: 0.3 ms]
   [Eden: 138.0M(138.0M)->0.0B(141.0M) Survivors: 19.0M->20.0M Heap: 959.4M(2048.0M)->960.9M(2048.0M)]
 [Times: user=1.36 sys=0.02, real=0.17 secs] 
2020-09-29T12:23:17.937+0200: 158.093: [GC pause (G1 Humongous Allocation) (young) (initial-mark), 0.0626376 secs]
   [Parallel Time: 61.2 ms, GC Workers: 8]
      [GC Worker Start (ms): Min: 158093.3, Avg: 158093.4, Max: 158093.6, Diff: 0.3]
      [Ext Root Scanning (ms): Min: 0.0, Avg: 1.3, Max: 4.7, Diff: 4.7, Sum: 10.2]
      [Update RS (ms): Min: 18.5, Avg: 22.8, Max: 34.1, Diff: 15.6, Sum: 182.7]
         [Processed Buffers: Min: 4, Avg: 13.6, Max: 17, Diff: 13, Sum: 109]
      [Scan RS (ms): Min: 0.0, Avg: 2.3, Max: 3.1, Diff: 3.1, Sum: 18.6]
      [Code Root Scanning (ms): Min: 0.0, Avg: 0.0, Max: 0.0, Diff: 0.0, Sum: 0.0]
      [Object Copy (ms): Min: 26.5, Avg: 34.1, Max: 35.5, Diff: 9.0, Sum: 273.1]
      [Termination (ms): Min: 0.0, Avg: 0.3, Max: 1.5, Diff: 1.5, Sum: 2.3]
         [Termination Attempts: Min: 1, Avg: 356.4, Max: 455, Diff: 454, Sum: 2851]
      [GC Worker Other (ms): Min: 0.0, Avg: 0.0, Max: 0.0, Diff: 0.0, Sum: 0.2]
      [GC Worker Total (ms): Min: 60.7, Avg: 60.9, Max: 61.0, Diff: 0.3, Sum: 487.1]
      [GC Worker End (ms): Min: 158154.3, Avg: 158154.3, Max: 158154.3, Diff: 0.0]
   [Code Root Fixup: 0.0 ms]
   [Code Root Purge: 0.0 ms]
   [Clear CT: 0.3 ms]
   [Other: 1.1 ms]
      [Choose CSet: 0.0 ms]
      [Ref Proc: 0.3 ms]
      [Ref Enq: 0.0 ms]
      [Redirty Cards: 0.3 ms]
      [Humongous Register: 0.1 ms]
      [Humongous Reclaim: 0.0 ms]
      [Free CSet: 0.1 ms]
   [Eden: 8192.0K(141.0M)->0.0B(145.0M) Survivors: 20.0M->10.0M Heap: 968.9M(2048.0M)->973.4M(2048.0M)]
 [Times: user=0.42 sys=0.00, real=0.06 secs] 
2020-09-29T12:23:18.000+0200: 158.156: [GC concurrent-root-region-scan-start]
2020-09-29T12:23:18.005+0200: 158.161: [GC concurrent-root-region-scan-end, 0.0050431 secs]
2020-09-29T12:23:18.005+0200: 158.161: [GC concurrent-mark-start]
2020-09-29T12:23:18.011+0200: 158.166: [GC concurrent-mark-end, 0.0051948 secs]
2020-09-29T12:23:18.011+0200: 158.167: [GC remark 2020-09-29T12:23:18.011+0200: 158.167: [Finalize Marking, 0.0004001 secs] 2020-09-29T12:23:18.012+0200: 158.167: [GC ref-proc, 0.0006445 secs] 2020-09-29T12:23:18.012+0200: 158.168: [Unloading, 0.0008120 secs], 0.0024237 secs]
 [Times: user=0.00 sys=0.00, real=0.00 secs] 
2020-09-29T12:23:18.014+0200: 158.170: [GC cleanup 985M->29M(2048M), 0.0022228 secs]
 [Times: user=0.00 sys=0.00, real=0.00 secs] 
2020-09-29T12:23:18.017+0200: 158.172: [GC concurrent-cleanup-start]
2020-09-29T12:23:18.019+0200: 158.175: [GC concurrent-cleanup-end, 0.0025051 secs]
2020-09-29T12:23:18.145+0200: 158.301: [GC pause (G1 Evacuation Pause) (young), 0.1683723 secs]
   [Parallel Time: 164.4 ms, GC Workers: 8]
      [GC Worker Start (ms): Min: 158300.9, Avg: 158301.1, Max: 158301.2, Diff: 0.3]
      [Ext Root Scanning (ms): Min: 0.0, Avg: 0.1, Max: 0.3, Diff: 0.3, Sum: 0.8]
      [Update RS (ms): Min: 13.4, Avg: 14.1, Max: 16.6, Diff: 3.2, Sum: 113.1]
         [Processed Buffers: Min: 7, Avg: 8.9, Max: 12, Diff: 5, Sum: 71]
      [Scan RS (ms): Min: 9.5, Avg: 12.1, Max: 12.9, Diff: 3.4, Sum: 96.7]
      [Code Root Scanning (ms): Min: 0.0, Avg: 0.0, Max: 0.0, Diff: 0.0, Sum: 0.0]
      [Object Copy (ms): Min: 137.1, Avg: 137.3, Max: 137.6, Diff: 0.5, Sum: 1098.2]
      [Termination (ms): Min: 0.0, Avg: 0.3, Max: 0.5, Diff: 0.5, Sum: 2.8]
         [Termination Attempts: Min: 1, Avg: 1082.1, Max: 1282, Diff: 1281, Sum: 8657]
      [GC Worker Other (ms): Min: 0.0, Avg: 0.0, Max: 0.1, Diff: 0.1, Sum: 0.3]
      [GC Worker Total (ms): Min: 163.9, Avg: 164.0, Max: 164.1, Diff: 0.2, Sum: 1312.0]
      [GC Worker End (ms): Min: 158465.0, Avg: 158465.0, Max: 158465.1, Diff: 0.1]
   [Code Root Fixup: 0.0 ms]
   [Code Root Purge: 0.0 ms]
   [Clear CT: 2.2 ms]
   [Other: 1.8 ms]
      [Choose CSet: 0.0 ms]
      [Ref Proc: 0.3 ms]
      [Ref Enq: 0.0 ms]
      [Redirty Cards: 0.8 ms]
      [Humongous Register: 0.0 ms]
      [Humongous Reclaim: 0.0 ms]
      [Free CSet: 0.3 ms]
   [Eden: 145.0M(145.0M)->0.0B(138.0M) Survivors: 10.0M->20.0M Heap: 187.8M(2048.0M)->179.8M(2048.0M)]
 [Times: user=1.17 sys=0.02, real=0.17 secs] 
2020-09-29T12:23:18.531+0200: 158.686: [GC pause (G1 Evacuation Pause) (young), 0.3422407 secs]
   [Parallel Time: 339.7 ms, GC Workers: 8]
      [GC Worker Start (ms): Min: 158686.3, Avg: 158686.5, Max: 158686.8, Diff: 0.5]
      [Ext Root Scanning (ms): Min: 0.0, Avg: 0.2, Max: 0.4, Diff: 0.4, Sum: 1.7]
      [Update RS (ms): Min: 32.0, Avg: 33.7, Max: 37.2, Diff: 5.3, Sum: 269.7]
         [Processed Buffers: Min: 4, Avg: 9.5, Max: 12, Diff: 8, Sum: 76]
      [Scan RS (ms): Min: 36.1, Avg: 39.3, Max: 40.5, Diff: 4.4, Sum: 314.5]
      [Code Root Scanning (ms): Min: 0.0, Avg: 0.1, Max: 0.4, Diff: 0.4, Sum: 0.5]
      [Object Copy (ms): Min: 262.7, Avg: 265.6, Max: 266.5, Diff: 3.7, Sum: 2124.9]
      [Termination (ms): Min: 0.0, Avg: 0.1, Max: 0.2, Diff: 0.2, Sum: 1.0]
         [Termination Attempts: Min: 1, Avg: 280.4, Max: 384, Diff: 383, Sum: 2243]
      [GC Worker Other (ms): Min: 0.0, Avg: 0.1, Max: 0.1, Diff: 0.1, Sum: 0.6]
      [GC Worker Total (ms): Min: 338.8, Avg: 339.1, Max: 339.3, Diff: 0.5, Sum: 2712.9]
      [GC Worker End (ms): Min: 159025.6, Avg: 159025.6, Max: 159025.6, Diff: 0.1]
   [Code Root Fixup: 0.0 ms]
   [Code Root Purge: 0.0 ms]
   [Clear CT: 0.5 ms]
   [Other: 2.1 ms]
      [Choose CSet: 0.0 ms]
      [Ref Proc: 0.6 ms]
      [Ref Enq: 0.0 ms]
      [Redirty Cards: 0.6 ms]
      [Humongous Register: 0.1 ms]
      [Humongous Reclaim: 0.0 ms]
      [Free CSet: 0.3 ms]
   [Eden: 138.0M(138.0M)->0.0B(82.0M) Survivors: 20.0M->20.0M Heap: 340.7M(2048.0M)->344.2M(2048.0M)]
 [Times: user=2.50 sys=0.03, real=0.34 secs] 
2020-09-29T12:23:19.035+0200: 159.191: [GC pause (G1 Evacuation Pause) (young), 0.1943804 secs]
   [Parallel Time: 192.1 ms, GC Workers: 8]
      [GC Worker Start (ms): Min: 159191.4, Avg: 159192.9, Max: 159197.3, Diff: 5.9]
      [Ext Root Scanning (ms): Min: 0.0, Avg: 0.2, Max: 0.3, Diff: 0.3, Sum: 1.5]
      [Update RS (ms): Min: 24.6, Avg: 28.7, Max: 31.3, Diff: 6.7, Sum: 229.9]
         [Processed Buffers: Min: 7, Avg: 10.0, Max: 13, Diff: 6, Sum: 80]
      [Scan RS (ms): Min: 9.5, Avg: 10.7, Max: 11.4, Diff: 1.8, Sum: 85.4]
      [Code Root Scanning (ms): Min: 0.0, Avg: 0.0, Max: 0.0, Diff: 0.0, Sum: 0.0]
      [Object Copy (ms): Min: 150.3, Avg: 150.5, Max: 150.7, Diff: 0.4, Sum: 1204.2]
      [Termination (ms): Min: 0.0, Avg: 0.0, Max: 0.0, Diff: 0.0, Sum: 0.2]
         [Termination Attempts: Min: 1, Avg: 53.5, Max: 65, Diff: 64, Sum: 428]
      [GC Worker Other (ms): Min: 0.0, Avg: 0.1, Max: 0.2, Diff: 0.1, Sum: 0.6]
      [GC Worker Total (ms): Min: 185.8, Avg: 190.2, Max: 191.8, Diff: 6.0, Sum: 1521.9]
      [GC Worker End (ms): Min: 159383.1, Avg: 159383.1, Max: 159383.2, Diff: 0.1]
   [Code Root Fixup: 0.0 ms]
   [Code Root Purge: 0.0 ms]
   [Clear CT: 0.6 ms]
   [Other: 1.7 ms]
      [Choose CSet: 0.0 ms]
      [Ref Proc: 0.3 ms]
      [Ref Enq: 0.0 ms]
      [Redirty Cards: 0.5 ms]
      [Humongous Register: 0.1 ms]
      [Humongous Reclaim: 0.0 ms]
      [Free CSet: 0.3 ms]
   [Eden: 82.0M(82.0M)->0.0B(89.0M) Survivors: 20.0M->13.0M Heap: 439.5M(2048.0M)->441.5M(2048.0M)]
 [Times: user=1.47 sys=0.00, real=0.19 secs] 
2020-09-29T12:23:19.388+0200: 159.543: [GC pause (G1 Evacuation Pause) (young), 0.1970841 secs]
   [Parallel Time: 194.8 ms, GC Workers: 8]
      [GC Worker Start (ms): Min: 159543.5, Avg: 159543.8, Max: 159543.9, Diff: 0.4]
      [Ext Root Scanning (ms): Min: 0.0, Avg: 0.2, Max: 0.4, Diff: 0.4, Sum: 1.4]
      [Update RS (ms): Min: 23.5, Avg: 23.8, Max: 24.9, Diff: 1.5, Sum: 190.6]
         [Processed Buffers: Min: 8, Avg: 9.0, Max: 11, Diff: 3, Sum: 72]
      [Scan RS (ms): Min: 11.5, Avg: 12.5, Max: 12.9, Diff: 1.4, Sum: 99.8]
      [Code Root Scanning (ms): Min: 0.0, Avg: 0.0, Max: 0.0, Diff: 0.0, Sum: 0.0]
      [Object Copy (ms): Min: 157.1, Avg: 157.3, Max: 157.6, Diff: 0.5, Sum: 1258.4]
      [Termination (ms): Min: 0.0, Avg: 0.4, Max: 0.4, Diff: 0.4, Sum: 2.8]
         [Termination Attempts: Min: 1, Avg: 723.8, Max: 884, Diff: 883, Sum: 5790]
      [GC Worker Other (ms): Min: 0.0, Avg: 0.1, Max: 0.1, Diff: 0.1, Sum: 0.4]
      [GC Worker Total (ms): Min: 194.0, Avg: 194.2, Max: 194.4, Diff: 0.4, Sum: 1553.5]
      [GC Worker End (ms): Min: 159737.9, Avg: 159738.0, Max: 159738.0, Diff: 0.1]
   [Code Root Fixup: 0.0 ms]
   [Code Root Purge: 0.0 ms]
   [Clear CT: 0.6 ms]
   [Other: 1.7 ms]
      [Choose CSet: 0.0 ms]
      [Ref Proc: 0.4 ms]
      [Ref Enq: 0.0 ms]
      [Redirty Cards: 0.6 ms]
      [Humongous Register: 0.1 ms]
      [Humongous Reclaim: 0.0 ms]
      [Free CSet: 0.2 ms]
   [Eden: 89.0M(89.0M)->0.0B(89.0M) Survivors: 13.0M->13.0M Heap: 545.8M(2048.0M)->547.8M(2048.0M)]
 [Times: user=1.59 sys=0.00, real=0.20 secs] 
2020-09-29T12:23:19.744+0200: 159.899: [GC pause (G1 Evacuation Pause) (young), 0.1952071 secs]
   [Parallel Time: 192.7 ms, GC Workers: 8]
      [GC Worker Start (ms): Min: 159899.1, Avg: 159899.3, Max: 159899.4, Diff: 0.3]
      [Ext Root Scanning (ms): Min: 0.1, Avg: 0.2, Max: 0.4, Diff: 0.3, Sum: 1.6]
      [Update RS (ms): Min: 23.3, Avg: 23.6, Max: 24.2, Diff: 0.9, Sum: 188.7]
         [Processed Buffers: Min: 5, Avg: 8.1, Max: 9, Diff: 4, Sum: 65]
      [Scan RS (ms): Min: 14.0, Avg: 14.7, Max: 15.3, Diff: 1.4, Sum: 117.4]
      [Code Root Scanning (ms): Min: 0.0, Avg: 0.0, Max: 0.0, Diff: 0.0, Sum: 0.0]
      [Object Copy (ms): Min: 153.1, Avg: 153.6, Max: 153.8, Diff: 0.6, Sum: 1228.8]
      [Termination (ms): Min: 0.0, Avg: 0.0, Max: 0.1, Diff: 0.1, Sum: 0.4]
         [Termination Attempts: Min: 1, Avg: 90.1, Max: 127, Diff: 126, Sum: 721]
      [GC Worker Other (ms): Min: 0.0, Avg: 0.0, Max: 0.1, Diff: 0.1, Sum: 0.4]
      [GC Worker Total (ms): Min: 192.0, Avg: 192.2, Max: 192.4, Diff: 0.4, Sum: 1537.2]
      [GC Worker End (ms): Min: 160091.4, Avg: 160091.5, Max: 160091.5, Diff: 0.1]
   [Code Root Fixup: 0.0 ms]
   [Code Root Purge: 0.0 ms]
   [Clear CT: 0.8 ms]
   [Other: 1.7 ms]
      [Choose CSet: 0.0 ms]
      [Ref Proc: 0.3 ms]
      [Ref Enq: 0.0 ms]
      [Redirty Cards: 0.6 ms]
      [Humongous Register: 0.1 ms]
      [Humongous Reclaim: 0.0 ms]
      [Free CSet: 0.2 ms]
   [Eden: 89.0M(89.0M)->0.0B(89.0M) Survivors: 13.0M->13.0M Heap: 652.1M(2048.0M)->654.1M(2048.0M)]
 [Times: user=1.47 sys=0.00, real=0.19 secs] 
2020-09-29T12:23:20.099+0200: 160.254: [GC pause (G1 Evacuation Pause) (young), 0.1929260 secs]
   [Parallel Time: 189.6 ms, GC Workers: 8]
      [GC Worker Start (ms): Min: 160254.5, Avg: 160255.0, Max: 160256.0, Diff: 1.5]
      [Ext Root Scanning (ms): Min: 0.0, Avg: 0.3, Max: 0.7, Diff: 0.7, Sum: 2.1]
      [Update RS (ms): Min: 16.2, Avg: 17.0, Max: 18.8, Diff: 2.6, Sum: 136.1]
         [Processed Buffers: Min: 6, Avg: 7.9, Max: 10, Diff: 4, Sum: 63]
      [Scan RS (ms): Min: 15.6, Avg: 17.5, Max: 18.0, Diff: 2.4, Sum: 139.8]
      [Code Root Scanning (ms): Min: 0.0, Avg: 0.0, Max: 0.0, Diff: 0.0, Sum: 0.0]
      [Object Copy (ms): Min: 153.6, Avg: 153.7, Max: 153.9, Diff: 0.3, Sum: 1229.7]
      [Termination (ms): Min: 0.1, Avg: 0.3, Max: 0.3, Diff: 0.2, Sum: 2.0]
         [Termination Attempts: Min: 1, Avg: 325.9, Max: 461, Diff: 460, Sum: 2607]
      [GC Worker Other (ms): Min: 0.0, Avg: 0.0, Max: 0.1, Diff: 0.1, Sum: 0.2]
      [GC Worker Total (ms): Min: 187.7, Avg: 188.7, Max: 189.3, Diff: 1.6, Sum: 1509.9]
      [GC Worker End (ms): Min: 160443.7, Avg: 160443.8, Max: 160443.8, Diff: 0.1]
   [Code Root Fixup: 0.0 ms]
   [Code Root Purge: 0.0 ms]
   [Clear CT: 0.5 ms]
   [Other: 2.8 ms]
      [Choose CSet: 0.0 ms]
      [Ref Proc: 0.4 ms]
      [Ref Enq: 0.0 ms]
      [Redirty Cards: 1.5 ms]
      [Humongous Register: 0.1 ms]
      [Humongous Reclaim: 0.0 ms]
      [Free CSet: 0.3 ms]
   [Eden: 89.0M(89.0M)->0.0B(89.0M) Survivors: 13.0M->13.0M Heap: 758.3M(2048.0M)->760.8M(2048.0M)]
 [Times: user=1.39 sys=0.00, real=0.19 secs] 
2020-09-29T12:23:20.456+0200: 160.611: [GC pause (G1 Evacuation Pause) (young), 0.1864175 secs]
   [Parallel Time: 182.4 ms, GC Workers: 8]
      [GC Worker Start (ms): Min: 160611.5, Avg: 160611.7, Max: 160611.9, Diff: 0.4]
      [Ext Root Scanning (ms): Min: 0.0, Avg: 0.2, Max: 0.4, Diff: 0.4, Sum: 1.4]
      [Update RS (ms): Min: 16.2, Avg: 16.8, Max: 17.8, Diff: 1.6, Sum: 134.7]
         [Processed Buffers: Min: 6, Avg: 6.3, Max: 7, Diff: 1, Sum: 50]
      [Scan RS (ms): Min: 15.3, Avg: 18.2, Max: 31.1, Diff: 15.8, Sum: 145.4]
      [Code Root Scanning (ms): Min: 0.0, Avg: 0.0, Max: 0.0, Diff: 0.0, Sum: 0.0]
      [Object Copy (ms): Min: 133.7, Avg: 146.5, Max: 148.4, Diff: 14.7, Sum: 1171.8]
      [Termination (ms): Min: 0.0, Avg: 0.0, Max: 0.0, Diff: 0.0, Sum: 0.2]
         [Termination Attempts: Min: 1, Avg: 56.6, Max: 74, Diff: 73, Sum: 453]
      [GC Worker Other (ms): Min: 0.0, Avg: 0.0, Max: 0.1, Diff: 0.1, Sum: 0.4]
      [GC Worker Total (ms): Min: 181.6, Avg: 181.7, Max: 182.0, Diff: 0.4, Sum: 1453.8]
      [GC Worker End (ms): Min: 160793.5, Avg: 160793.5, Max: 160793.5, Diff: 0.1]
   [Code Root Fixup: 0.0 ms]
   [Code Root Purge: 0.0 ms]
   [Clear CT: 1.4 ms]
   [Other: 2.6 ms]
      [Choose CSet: 0.0 ms]
      [Ref Proc: 1.4 ms]
      [Ref Enq: 0.0 ms]
      [Redirty Cards: 0.5 ms]
      [Humongous Register: 0.1 ms]
      [Humongous Reclaim: 0.0 ms]
      [Free CSet: 0.3 ms]
   [Eden: 89.0M(89.0M)->0.0B(89.0M) Survivors: 13.0M->13.0M Heap: 863.2M(2048.0M)->865.2M(2048.0M)]
 [Times: user=1.45 sys=0.02, real=0.19 secs] 
2020-09-29T12:23:20.791+0200: 160.946: [GC pause (G1 Evacuation Pause) (young), 0.2246316 secs]
   [Parallel Time: 222.0 ms, GC Workers: 8]
      [GC Worker Start (ms): Min: 160946.2, Avg: 160950.9, Max: 160982.6, Diff: 36.4]
      [Ext Root Scanning (ms): Min: 0.0, Avg: 0.2, Max: 0.4, Diff: 0.4, Sum: 1.8]
      [Update RS (ms): Min: 0.0, Avg: 22.9, Max: 29.0, Diff: 29.0, Sum: 183.0]
         [Processed Buffers: Min: 0, Avg: 7.6, Max: 12, Diff: 12, Sum: 61]
      [Scan RS (ms): Min: 6.0, Avg: 14.7, Max: 17.1, Diff: 11.2, Sum: 117.5]
      [Code Root Scanning (ms): Min: 0.0, Avg: 0.0, Max: 0.0, Diff: 0.0, Sum: 0.0]
      [Object Copy (ms): Min: 178.9, Avg: 179.0, Max: 179.0, Diff: 0.2, Sum: 1431.8]
      [Termination (ms): Min: 0.0, Avg: 0.1, Max: 0.1, Diff: 0.1, Sum: 0.8]
         [Termination Attempts: Min: 1, Avg: 204.1, Max: 254, Diff: 253, Sum: 1633]
      [GC Worker Other (ms): Min: 0.0, Avg: 0.1, Max: 0.1, Diff: 0.1, Sum: 0.6]
      [GC Worker Total (ms): Min: 185.3, Avg: 216.9, Max: 221.6, Diff: 36.3, Sum: 1735.5]
      [GC Worker End (ms): Min: 161167.8, Avg: 161167.8, Max: 161167.9, Diff: 0.1]
   [Code Root Fixup: 0.0 ms]
   [Code Root Purge: 0.0 ms]
   [Clear CT: 0.6 ms]
   [Other: 2.0 ms]
      [Choose CSet: 0.0 ms]
      [Ref Proc: 0.6 ms]
      [Ref Enq: 0.0 ms]
      [Redirty Cards: 0.5 ms]
      [Humongous Register: 0.1 ms]
      [Humongous Reclaim: 0.0 ms]
      [Free CSet: 0.3 ms]
   [Eden: 89.0M(89.0M)->0.0B(89.0M) Survivors: 13.0M->13.0M Heap: 969.4M(2048.0M)->971.4M(2048.0M)]
 [Times: user=1.66 sys=0.00, real=0.23 secs] 
2020-09-29T12:23:21.030+0200: 161.185: [GC pause (G1 Humongous Allocation) (young) (initial-mark), 0.0601781 secs]
   [Parallel Time: 57.8 ms, GC Workers: 8]
      [GC Worker Start (ms): Min: 161185.9, Avg: 161186.0, Max: 161186.2, Diff: 0.3]
      [Ext Root Scanning (ms): Min: 0.1, Avg: 0.2, Max: 0.4, Diff: 0.3, Sum: 1.9]
      [Update RS (ms): Min: 28.4, Avg: 29.2, Max: 29.8, Diff: 1.4, Sum: 233.8]
         [Processed Buffers: Min: 11, Avg: 12.1, Max: 14, Diff: 3, Sum: 97]
      [Scan RS (ms): Min: 2.0, Avg: 2.4, Max: 3.1, Diff: 1.1, Sum: 19.4]
      [Code Root Scanning (ms): Min: 0.0, Avg: 0.0, Max: 0.0, Diff: 0.0, Sum: 0.0]
      [Object Copy (ms): Min: 24.5, Avg: 25.2, Max: 25.4, Diff: 0.8, Sum: 201.4]
      [Termination (ms): Min: 0.0, Avg: 0.0, Max: 0.0, Diff: 0.0, Sum: 0.3]
         [Termination Attempts: Min: 1, Avg: 67.9, Max: 94, Diff: 93, Sum: 543]
      [GC Worker Other (ms): Min: 0.0, Avg: 0.0, Max: 0.1, Diff: 0.0, Sum: 0.3]
      [GC Worker Total (ms): Min: 57.0, Avg: 57.1, Max: 57.3, Diff: 0.3, Sum: 457.1]
      [GC Worker End (ms): Min: 161243.1, Avg: 161243.1, Max: 161243.2, Diff: 0.0]
   [Code Root Fixup: 0.0 ms]
   [Code Root Purge: 0.0 ms]
   [Clear CT: 0.7 ms]
   [Other: 1.7 ms]
      [Choose CSet: 0.0 ms]
      [Ref Proc: 0.4 ms]
      [Ref Enq: 0.0 ms]
      [Redirty Cards: 0.5 ms]
      [Humongous Register: 0.1 ms]
      [Humongous Reclaim: 0.0 ms]
      [Free CSet: 0.1 ms]
   [Eden: 3072.0K(89.0M)->0.0B(97.0M) Survivors: 13.0M->5120.0K Heap: 974.4M(2048.0M)->978.4M(2048.0M)]
 [Times: user=0.48 sys=0.00, real=0.06 secs] 
2020-09-29T12:23:21.091+0200: 161.246: [GC concurrent-root-region-scan-start]
2020-09-29T12:23:21.094+0200: 161.249: [GC concurrent-root-region-scan-end, 0.0026365 secs]
2020-09-29T12:23:21.094+0200: 161.249: [GC concurrent-mark-start]
2020-09-29T12:23:21.103+0200: 161.258: [GC concurrent-mark-end, 0.0089600 secs]
2020-09-29T12:23:21.103+0200: 161.258: [GC remark 2020-09-29T12:23:21.103+0200: 161.258: [Finalize Marking, 0.0005701 secs] 2020-09-29T12:23:21.104+0200: 161.259: [GC ref-proc, 0.0008960 secs] 2020-09-29T12:23:21.105+0200: 161.260: [Unloading, 0.0014159 secs], 0.0039655 secs]
 [Times: user=0.00 sys=0.00, real=0.00 secs] 
2020-09-29T12:23:21.108+0200: 161.263: [GC cleanup 988M->22M(2048M), 0.0040479 secs]
 [Times: user=0.00 sys=0.00, real=0.00 secs] 
2020-09-29T12:23:21.113+0200: 161.268: [GC concurrent-cleanup-start]
2020-09-29T12:23:21.116+0200: 161.271: [GC concurrent-cleanup-end, 0.0029737 secs]
2020-09-29T12:23:21.259+0200: 161.414: [GC pause (G1 Evacuation Pause) (young), 0.1787473 secs]
   [Parallel Time: 176.2 ms, GC Workers: 8]
      [GC Worker Start (ms): Min: 161413.8, Avg: 161414.0, Max: 161414.2, Diff: 0.3]
      [Ext Root Scanning (ms): Min: 0.1, Avg: 0.2, Max: 0.4, Diff: 0.3, Sum: 1.6]
      [Update RS (ms): Min: 16.9, Avg: 17.0, Max: 17.1, Diff: 0.2, Sum: 135.9]
         [Processed Buffers: Min: 6, Avg: 7.3, Max: 8, Diff: 2, Sum: 58]
      [Scan RS (ms): Min: 14.5, Avg: 14.7, Max: 15.1, Diff: 0.5, Sum: 117.8]
      [Code Root Scanning (ms): Min: 0.0, Avg: 0.0, Max: 0.0, Diff: 0.0, Sum: 0.0]
      [Object Copy (ms): Min: 143.3, Avg: 143.5, Max: 143.7, Diff: 0.4, Sum: 1147.6]
      [Termination (ms): Min: 0.0, Avg: 0.2, Max: 0.3, Diff: 0.3, Sum: 1.8]
         [Termination Attempts: Min: 1, Avg: 410.0, Max: 486, Diff: 485, Sum: 3280]
      [GC Worker Other (ms): Min: 0.0, Avg: 0.0, Max: 0.1, Diff: 0.1, Sum: 0.4]
      [GC Worker Total (ms): Min: 175.5, Avg: 175.6, Max: 175.8, Diff: 0.3, Sum: 1405.1]
      [GC Worker End (ms): Min: 161589.6, Avg: 161589.7, Max: 161589.7, Diff: 0.1]
   [Code Root Fixup: 0.0 ms]
   [Code Root Purge: 0.0 ms]
   [Clear CT: 0.5 ms]
   [Other: 2.1 ms]
      [Choose CSet: 0.0 ms]
      [Ref Proc: 0.5 ms]
      [Ref Enq: 0.0 ms]
      [Redirty Cards: 0.8 ms]
      [Humongous Register: 0.1 ms]
      [Humongous Reclaim: 0.0 ms]
      [Free CSet: 0.2 ms]
   [Eden: 97.0M(97.0M)->0.0B(89.0M) Survivors: 5120.0K->13.0M Heap: 127.2M(2048.0M)->123.7M(2048.0M)]
 [Times: user=1.38 sys=0.00, real=0.18 secs] 
2020-09-29T12:23:21.590+0200: 161.746: [GC pause (G1 Evacuation Pause) (young), 0.1802875 secs]
   [Parallel Time: 178.1 ms, GC Workers: 8]
      [GC Worker Start (ms): Min: 161746.1, Avg: 161746.3, Max: 161746.4, Diff: 0.3]
      [Ext Root Scanning (ms): Min: 0.1, Avg: 0.2, Max: 0.4, Diff: 0.3, Sum: 1.8]
      [Update RS (ms): Min: 15.8, Avg: 16.2, Max: 18.2, Diff: 2.4, Sum: 129.8]
         [Processed Buffers: Min: 7, Avg: 7.8, Max: 9, Diff: 2, Sum: 62]
      [Scan RS (ms): Min: 12.1, Avg: 14.0, Max: 14.5, Diff: 2.4, Sum: 112.4]
      [Code Root Scanning (ms): Min: 0.0, Avg: 0.0, Max: 0.0, Diff: 0.0, Sum: 0.0]
      [Object Copy (ms): Min: 146.7, Avg: 146.8, Max: 146.9, Diff: 0.2, Sum: 1174.3]
      [Termination (ms): Min: 0.0, Avg: 0.1, Max: 0.1, Diff: 0.1, Sum: 0.5]
         [Termination Attempts: Min: 1, Avg: 133.0, Max: 167, Diff: 166, Sum: 1064]
      [GC Worker Other (ms): Min: 0.0, Avg: 0.1, Max: 0.1, Diff: 0.1, Sum: 0.4]
      [GC Worker Total (ms): Min: 177.3, Avg: 177.4, Max: 177.6, Diff: 0.3, Sum: 1419.4]
      [GC Worker End (ms): Min: 161923.7, Avg: 161923.7, Max: 161923.8, Diff: 0.1]
   [Code Root Fixup: 0.0 ms]
   [Code Root Purge: 0.0 ms]
   [Clear CT: 0.5 ms]
   [Other: 1.7 ms]
      [Choose CSet: 0.0 ms]
      [Ref Proc: 0.5 ms]
      [Ref Enq: 0.0 ms]
      [Redirty Cards: 0.5 ms]
      [Humongous Register: 0.1 ms]
      [Humongous Reclaim: 0.0 ms]
      [Free CSet: 0.2 ms]
   [Eden: 89.0M(89.0M)->0.0B(89.0M) Survivors: 13.0M->13.0M Heap: 227.9M(2048.0M)->230.4M(2048.0M)]
 [Times: user=1.38 sys=0.00, real=0.18 secs] 
2020-09-29T12:23:21.937+0200: 162.093: [GC pause (G1 Evacuation Pause) (young), 0.2000024 secs]
   [Parallel Time: 197.5 ms, GC Workers: 8]
      [GC Worker Start (ms): Min: 162092.9, Avg: 162093.4, Max: 162095.0, Diff: 2.1]
      [Ext Root Scanning (ms): Min: 0.0, Avg: 0.2, Max: 0.4, Diff: 0.4, Sum: 1.7]
      [Update RS (ms): Min: 22.2, Avg: 23.9, Max: 25.6, Diff: 3.4, Sum: 191.3]
         [Processed Buffers: Min: 8, Avg: 10.1, Max: 12, Diff: 4, Sum: 81]
      [Scan RS (ms): Min: 11.0, Avg: 12.4, Max: 12.8, Diff: 1.8, Sum: 99.0]
      [Code Root Scanning (ms): Min: 0.0, Avg: 0.0, Max: 0.0, Diff: 0.0, Sum: 0.0]
      [Object Copy (ms): Min: 159.5, Avg: 159.6, Max: 159.8, Diff: 0.3, Sum: 1276.8]
      [Termination (ms): Min: 0.0, Avg: 0.4, Max: 0.5, Diff: 0.5, Sum: 3.0]
         [Termination Attempts: Min: 1, Avg: 694.9, Max: 846, Diff: 845, Sum: 5559]
      [GC Worker Other (ms): Min: 0.0, Avg: 0.1, Max: 0.1, Diff: 0.1, Sum: 0.5]
      [GC Worker Total (ms): Min: 195.0, Avg: 196.5, Max: 197.1, Diff: 2.1, Sum: 1572.3]
      [GC Worker End (ms): Min: 162290.0, Avg: 162290.0, Max: 162290.1, Diff: 0.1]
   [Code Root Fixup: 0.0 ms]
   [Code Root Purge: 0.0 ms]
   [Clear CT: 0.5 ms]
   [Other: 2.0 ms]
      [Choose CSet: 0.0 ms]
      [Ref Proc: 0.6 ms]
      [Ref Enq: 0.0 ms]
      [Redirty Cards: 0.5 ms]
      [Humongous Register: 0.1 ms]
      [Humongous Reclaim: 0.0 ms]
      [Free CSet: 0.3 ms]
   [Eden: 89.0M(89.0M)->0.0B(89.0M) Survivors: 13.0M->13.0M Heap: 334.7M(2048.0M)->337.2M(2048.0M)]
 [Times: user=1.61 sys=0.00, real=0.20 secs] 
2020-09-29T12:23:22.301+0200: 162.456: [GC pause (G1 Evacuation Pause) (young), 0.1970861 secs]
   [Parallel Time: 194.9 ms, GC Workers: 8]
      [GC Worker Start (ms): Min: 162456.7, Avg: 162456.9, Max: 162457.2, Diff: 0.5]
      [Ext Root Scanning (ms): Min: 0.0, Avg: 0.2, Max: 0.4, Diff: 0.4, Sum: 2.0]
      [Update RS (ms): Min: 20.7, Avg: 21.6, Max: 23.2, Diff: 2.5, Sum: 172.6]
         [Processed Buffers: Min: 6, Avg: 7.6, Max: 9, Diff: 3, Sum: 61]
      [Scan RS (ms): Min: 13.3, Avg: 15.2, Max: 16.9, Diff: 3.6, Sum: 121.4]
      [Code Root Scanning (ms): Min: 0.0, Avg: 0.0, Max: 0.0, Diff: 0.0, Sum: 0.0]
      [Object Copy (ms): Min: 156.4, Avg: 157.2, Max: 157.6, Diff: 1.2, Sum: 1257.2]
      [Termination (ms): Min: 0.0, Avg: 0.2, Max: 0.2, Diff: 0.2, Sum: 1.4]
         [Termination Attempts: Min: 1, Avg: 130.4, Max: 195, Diff: 194, Sum: 1043]
      [GC Worker Other (ms): Min: 0.0, Avg: 0.0, Max: 0.0, Diff: 0.0, Sum: 0.2]
      [GC Worker Total (ms): Min: 194.1, Avg: 194.3, Max: 194.5, Diff: 0.5, Sum: 1554.7]
      [GC Worker End (ms): Min: 162651.2, Avg: 162651.2, Max: 162651.3, Diff: 0.1]
   [Code Root Fixup: 0.0 ms]
   [Code Root Purge: 0.0 ms]
   [Clear CT: 0.5 ms]
   [Other: 1.7 ms]
      [Choose CSet: 0.0 ms]
      [Ref Proc: 0.5 ms]
      [Ref Enq: 0.0 ms]
      [Redirty Cards: 0.5 ms]
      [Humongous Register: 0.1 ms]
      [Humongous Reclaim: 0.0 ms]
      [Free CSet: 0.3 ms]
   [Eden: 89.0M(89.0M)->0.0B(89.0M) Survivors: 13.0M->13.0M Heap: 439.5M(2048.0M)->441.5M(2048.0M)]
 [Times: user=1.41 sys=0.00, real=0.20 secs] 
2020-09-29T12:23:22.656+0200: 162.812: [GC pause (G1 Evacuation Pause) (young), 0.1757272 secs]
   [Parallel Time: 173.4 ms, GC Workers: 8]
      [GC Worker Start (ms): Min: 162812.3, Avg: 162812.4, Max: 162812.5, Diff: 0.2]
      [Ext Root Scanning (ms): Min: 0.1, Avg: 0.2, Max: 0.3, Diff: 0.2, Sum: 1.8]
      [Update RS (ms): Min: 15.0, Avg: 15.7, Max: 16.9, Diff: 1.9, Sum: 125.7]
         [Processed Buffers: Min: 6, Avg: 7.0, Max: 11, Diff: 5, Sum: 56]
      [Scan RS (ms): Min: 15.4, Avg: 16.6, Max: 17.5, Diff: 2.2, Sum: 133.1]
      [Code Root Scanning (ms): Min: 0.0, Avg: 0.0, Max: 0.0, Diff: 0.0, Sum: 0.0]
      [Object Copy (ms): Min: 140.2, Avg: 140.4, Max: 140.6, Diff: 0.4, Sum: 1123.3]
      [Termination (ms): Min: 0.0, Avg: 0.0, Max: 0.0, Diff: 0.0, Sum: 0.0]
         [Termination Attempts: Min: 1, Avg: 4.8, Max: 9, Diff: 8, Sum: 38]
      [GC Worker Other (ms): Min: 0.0, Avg: 0.0, Max: 0.1, Diff: 0.1, Sum: 0.4]
      [GC Worker Total (ms): Min: 173.0, Avg: 173.0, Max: 173.1, Diff: 0.2, Sum: 1384.3]
      [GC Worker End (ms): Min: 162985.4, Avg: 162985.4, Max: 162985.5, Diff: 0.1]
   [Code Root Fixup: 0.0 ms]
   [Code Root Purge: 0.0 ms]
   [Clear CT: 0.5 ms]
   [Other: 1.8 ms]
      [Choose CSet: 0.0 ms]
      [Ref Proc: 0.6 ms]
      [Ref Enq: 0.0 ms]
      [Redirty Cards: 0.4 ms]
      [Humongous Register: 0.2 ms]
      [Humongous Reclaim: 0.0 ms]
      [Free CSet: 0.2 ms]
   [Eden: 89.0M(89.0M)->0.0B(89.0M) Survivors: 13.0M->13.0M Heap: 545.8M(2048.0M)->547.8M(2048.0M)]
 [Times: user=1.34 sys=0.02, real=0.18 secs] 
2020-09-29T12:23:22.983+0200: 163.139: [GC pause (G1 Evacuation Pause) (young), 0.1785557 secs]
   [Parallel Time: 176.3 ms, GC Workers: 8]
      [GC Worker Start (ms): Min: 163139.3, Avg: 163139.6, Max: 163139.7, Diff: 0.4]
      [Ext Root Scanning (ms): Min: 0.0, Avg: 0.2, Max: 0.4, Diff: 0.4, Sum: 1.4]
      [Update RS (ms): Min: 14.1, Avg: 14.4, Max: 15.4, Diff: 1.3, Sum: 115.4]
         [Processed Buffers: Min: 6, Avg: 6.8, Max: 8, Diff: 2, Sum: 54]
      [Scan RS (ms): Min: 13.7, Avg: 14.9, Max: 15.3, Diff: 1.6, Sum: 118.9]
      [Code Root Scanning (ms): Min: 0.0, Avg: 0.0, Max: 0.0, Diff: 0.0, Sum: 0.0]
      [Object Copy (ms): Min: 146.0, Avg: 146.2, Max: 146.3, Diff: 0.3, Sum: 1169.4]
      [Termination (ms): Min: 0.0, Avg: 0.1, Max: 0.2, Diff: 0.2, Sum: 1.0]
         [Termination Attempts: Min: 1, Avg: 232.3, Max: 293, Diff: 292, Sum: 1858]
      [GC Worker Other (ms): Min: 0.0, Avg: 0.1, Max: 0.1, Diff: 0.1, Sum: 0.5]
      [GC Worker Total (ms): Min: 175.6, Avg: 175.8, Max: 176.1, Diff: 0.4, Sum: 1406.5]
      [GC Worker End (ms): Min: 163315.3, Avg: 163315.4, Max: 163315.4, Diff: 0.1]
   [Code Root Fixup: 0.0 ms]
   [Code Root Purge: 0.0 ms]
   [Clear CT: 0.6 ms]
   [Other: 1.7 ms]
      [Choose CSet: 0.0 ms]
      [Ref Proc: 0.5 ms]
      [Ref Enq: 0.0 ms]
      [Redirty Cards: 0.6 ms]
      [Humongous Register: 0.1 ms]
      [Humongous Reclaim: 0.0 ms]
      [Free CSet: 0.2 ms]
   [Eden: 89.0M(89.0M)->0.0B(89.0M) Survivors: 13.0M->13.0M Heap: 652.1M(2048.0M)->653.6M(2048.0M)]
 [Times: user=1.48 sys=0.00, real=0.18 secs] 
2020-09-29T12:23:23.307+0200: 163.463: [GC pause (G1 Evacuation Pause) (young), 0.1942647 secs]
   [Parallel Time: 191.8 ms, GC Workers: 8]
      [GC Worker Start (ms): Min: 163462.8, Avg: 163463.2, Max: 163464.8, Diff: 2.0]
      [Ext Root Scanning (ms): Min: 0.0, Avg: 0.2, Max: 0.4, Diff: 0.4, Sum: 1.5]
      [Update RS (ms): Min: 15.9, Avg: 17.6, Max: 18.6, Diff: 2.7, Sum: 141.1]
         [Processed Buffers: Min: 6, Avg: 7.9, Max: 10, Diff: 4, Sum: 63]
      [Scan RS (ms): Min: 15.8, Avg: 16.8, Max: 17.4, Diff: 1.5, Sum: 134.2]
      [Code Root Scanning (ms): Min: 0.0, Avg: 0.0, Max: 0.0, Diff: 0.0, Sum: 0.0]
      [Object Copy (ms): Min: 155.9, Avg: 156.1, Max: 156.2, Diff: 0.3, Sum: 1248.7]
      [Termination (ms): Min: 0.0, Avg: 0.2, Max: 0.3, Diff: 0.3, Sum: 1.6]
         [Termination Attempts: Min: 1, Avg: 185.4, Max: 272, Diff: 271, Sum: 1483]
      [GC Worker Other (ms): Min: 0.0, Avg: 0.0, Max: 0.0, Diff: 0.0, Sum: 0.2]
      [GC Worker Total (ms): Min: 189.3, Avg: 190.9, Max: 191.4, Diff: 2.0, Sum: 1527.3]
      [GC Worker End (ms): Min: 163654.1, Avg: 163654.1, Max: 163654.2, Diff: 0.1]
   [Code Root Fixup: 0.0 ms]
   [Code Root Purge: 0.0 ms]
   [Clear CT: 0.7 ms]
   [Other: 1.8 ms]
      [Choose CSet: 0.0 ms]
      [Ref Proc: 0.3 ms]
      [Ref Enq: 0.0 ms]
      [Redirty Cards: 0.7 ms]
      [Humongous Register: 0.1 ms]
      [Humongous Reclaim: 0.0 ms]
      [Free CSet: 0.3 ms]
   [Eden: 89.0M(89.0M)->0.0B(89.0M) Survivors: 13.0M->13.0M Heap: 757.8M(2048.0M)->759.8M(2048.0M)]
 [Times: user=1.42 sys=0.02, real=0.20 secs] 
2020-09-29T12:23:23.562+0200: 163.718: [GC pause (G1 Evacuation Pause) (young), 0.0574538 secs]
   [Parallel Time: 56.6 ms, GC Workers: 8]
      [GC Worker Start (ms): Min: 163718.1, Avg: 163718.2, Max: 163718.2, Diff: 0.1]
      [Ext Root Scanning (ms): Min: 0.0, Avg: 0.1, Max: 0.1, Diff: 0.1, Sum: 0.7]
      [Update RS (ms): Min: 8.1, Avg: 8.4, Max: 8.6, Diff: 0.5, Sum: 67.0]
         [Processed Buffers: Min: 8, Avg: 8.5, Max: 10, Diff: 2, Sum: 68]
      [Scan RS (ms): Min: 4.1, Avg: 4.4, Max: 4.7, Diff: 0.6, Sum: 34.9]
      [Code Root Scanning (ms): Min: 0.0, Avg: 0.0, Max: 0.0, Diff: 0.0, Sum: 0.0]
      [Object Copy (ms): Min: 43.5, Avg: 43.5, Max: 43.6, Diff: 0.1, Sum: 348.2]
      [Termination (ms): Min: 0.0, Avg: 0.0, Max: 0.0, Diff: 0.0, Sum: 0.0]
         [Termination Attempts: Min: 1, Avg: 23.8, Max: 42, Diff: 41, Sum: 190]
      [GC Worker Other (ms): Min: 0.0, Avg: 0.0, Max: 0.1, Diff: 0.0, Sum: 0.2]
      [GC Worker Total (ms): Min: 56.3, Avg: 56.4, Max: 56.5, Diff: 0.1, Sum: 451.0]
      [GC Worker End (ms): Min: 163774.5, Avg: 163774.5, Max: 163774.6, Diff: 0.0]
   [Code Root Fixup: 0.0 ms]
   [Code Root Purge: 0.0 ms]
   [Clear CT: 0.2 ms]
   [Other: 0.7 ms]
      [Choose CSet: 0.0 ms]
      [Ref Proc: 0.2 ms]
      [Ref Enq: 0.0 ms]
      [Redirty Cards: 0.2 ms]
      [Humongous Register: 0.0 ms]
      [Humongous Reclaim: 0.0 ms]
      [Free CSet: 0.1 ms]
   [Eden: 89.0M(89.0M)->0.0B(98.0M) Survivors: 13.0M->13.0M Heap: 862.2M(2048.0M)->863.7M(2048.0M)]
 [Times: user=0.50 sys=0.00, real=0.06 secs] 
2020-09-29T12:23:23.677+0200: 163.832: [GC pause (G1 Evacuation Pause) (young), 0.0650362 secs]
   [Parallel Time: 64.3 ms, GC Workers: 8]
      [GC Worker Start (ms): Min: 163832.5, Avg: 163832.5, Max: 163832.6, Diff: 0.1]
      [Ext Root Scanning (ms): Min: 0.0, Avg: 0.1, Max: 0.1, Diff: 0.1, Sum: 0.6]
      [Update RS (ms): Min: 7.6, Avg: 7.7, Max: 8.0, Diff: 0.4, Sum: 61.7]
         [Processed Buffers: Min: 8, Avg: 9.0, Max: 10, Diff: 2, Sum: 72]
      [Scan RS (ms): Min: 4.7, Avg: 4.9, Max: 5.0, Diff: 0.3, Sum: 39.2]
      [Code Root Scanning (ms): Min: 0.0, Avg: 0.0, Max: 0.0, Diff: 0.0, Sum: 0.0]
      [Object Copy (ms): Min: 51.1, Avg: 51.3, Max: 51.4, Diff: 0.3, Sum: 410.7]
      [Termination (ms): Min: 0.0, Avg: 0.0, Max: 0.1, Diff: 0.1, Sum: 0.3]
         [Termination Attempts: Min: 1, Avg: 267.6, Max: 409, Diff: 408, Sum: 2141]
      [GC Worker Other (ms): Min: 0.0, Avg: 0.0, Max: 0.0, Diff: 0.0, Sum: 0.1]
      [GC Worker Total (ms): Min: 64.1, Avg: 64.1, Max: 64.1, Diff: 0.1, Sum: 512.7]
      [GC Worker End (ms): Min: 163896.6, Avg: 163896.6, Max: 163896.6, Diff: 0.0]
   [Code Root Fixup: 0.0 ms]
   [Code Root Purge: 0.0 ms]
   [Clear CT: 0.2 ms]
   [Other: 0.6 ms]
      [Choose CSet: 0.0 ms]
      [Ref Proc: 0.2 ms]
      [Ref Enq: 0.0 ms]
      [Redirty Cards: 0.2 ms]
      [Humongous Register: 0.0 ms]
      [Humongous Reclaim: 0.0 ms]
      [Free CSet: 0.1 ms]
   [Eden: 98.0M(98.0M)->0.0B(121.0M) Survivors: 13.0M->14.0M Heap: 978.8M(2048.0M)->980.8M(2048.0M)]
 [Times: user=0.50 sys=0.00, real=0.07 secs] 
2020-09-29T12:23:23.745+0200: 163.901: [GC pause (G1 Humongous Allocation) (young) (initial-mark), 0.0242002 secs]
   [Parallel Time: 23.4 ms, GC Workers: 8]
      [GC Worker Start (ms): Min: 163901.2, Avg: 163901.3, Max: 163901.3, Diff: 0.1]
      [Ext Root Scanning (ms): Min: 0.0, Avg: 0.1, Max: 0.1, Diff: 0.1, Sum: 0.7]
      [Update RS (ms): Min: 12.4, Avg: 12.6, Max: 13.0, Diff: 0.6, Sum: 101.2]
         [Processed Buffers: Min: 13, Avg: 15.4, Max: 17, Diff: 4, Sum: 123]
      [Scan RS (ms): Min: 0.4, Avg: 0.8, Max: 1.1, Diff: 0.7, Sum: 6.7]
      [Code Root Scanning (ms): Min: 0.0, Avg: 0.0, Max: 0.0, Diff: 0.0, Sum: 0.0]
      [Object Copy (ms): Min: 9.6, Avg: 9.7, Max: 9.7, Diff: 0.1, Sum: 77.5]
      [Termination (ms): Min: 0.0, Avg: 0.0, Max: 0.0, Diff: 0.0, Sum: 0.0]
         [Termination Attempts: Min: 1, Avg: 19.1, Max: 31, Diff: 30, Sum: 153]
      [GC Worker Other (ms): Min: 0.0, Avg: 0.0, Max: 0.0, Diff: 0.0, Sum: 0.1]
      [GC Worker Total (ms): Min: 23.2, Avg: 23.3, Max: 23.3, Diff: 0.1, Sum: 186.1]
      [GC Worker End (ms): Min: 163924.5, Avg: 163924.6, Max: 163924.6, Diff: 0.0]
   [Code Root Fixup: 0.0 ms]
   [Code Root Purge: 0.0 ms]
   [Clear CT: 0.2 ms]
   [Other: 0.6 ms]
      [Choose CSet: 0.0 ms]
      [Ref Proc: 0.1 ms]
      [Ref Enq: 0.0 ms]
      [Redirty Cards: 0.1 ms]
      [Humongous Register: 0.0 ms]
      [Humongous Reclaim: 0.0 ms]
      [Free CSet: 0.0 ms]
   [Eden: 7168.0K(121.0M)->0.0B(154.0M) Survivors: 14.0M->8192.0K Heap: 987.3M(2048.0M)->990.8M(2048.0M)]
 [Times: user=0.13 sys=0.02, real=0.03 secs] 
2020-09-29T12:23:23.770+0200: 163.925: [GC concurrent-root-region-scan-start]
2020-09-29T12:23:23.771+0200: 163.927: [GC concurrent-root-region-scan-end, 0.0012014 secs]
2020-09-29T12:23:23.771+0200: 163.927: [GC concurrent-mark-start]
2020-09-29T12:23:23.773+0200: 163.929: [GC concurrent-mark-end, 0.0021877 secs]
2020-09-29T12:23:23.773+0200: 163.929: [GC remark 2020-09-29T12:23:23.773+0200: 163.929: [Finalize Marking, 0.0001708 secs] 2020-09-29T12:23:23.774+0200: 163.929: [GC ref-proc, 0.0002575 secs] 2020-09-29T12:23:23.774+0200: 163.930: [Unloading, 0.0003803 secs], 0.0011543 secs]
 [Times: user=0.00 sys=0.00, real=0.00 secs] 
2020-09-29T12:23:23.775+0200: 163.931: [GC cleanup 1000M->25M(2048M), 0.0010823 secs]
 [Times: user=0.00 sys=0.00, real=0.00 secs] 
2020-09-29T12:23:23.776+0200: 163.932: [GC concurrent-cleanup-start]
2020-09-29T12:23:23.777+0200: 163.933: [GC concurrent-cleanup-end, 0.0011222 secs]
2020-09-29T12:23:23.854+0200: 164.009: [GC pause (G1 Evacuation Pause) (young), 0.0892730 secs]
   [Parallel Time: 88.3 ms, GC Workers: 8]
      [GC Worker Start (ms): Min: 164009.4, Avg: 164009.5, Max: 164009.6, Diff: 0.2]
      [Ext Root Scanning (ms): Min: 0.0, Avg: 0.1, Max: 0.1, Diff: 0.1, Sum: 0.5]
      [Update RS (ms): Min: 9.0, Avg: 9.1, Max: 9.3, Diff: 0.3, Sum: 73.0]
         [Processed Buffers: Min: 9, Avg: 10.0, Max: 12, Diff: 3, Sum: 80]
      [Scan RS (ms): Min: 8.8, Avg: 9.0, Max: 9.1, Diff: 0.3, Sum: 72.3]
      [Code Root Scanning (ms): Min: 0.0, Avg: 0.0, Max: 0.0, Diff: 0.0, Sum: 0.0]
      [Object Copy (ms): Min: 69.7, Avg: 69.8, Max: 69.8, Diff: 0.1, Sum: 558.1]
      [Termination (ms): Min: 0.0, Avg: 0.0, Max: 0.0, Diff: 0.0, Sum: 0.0]
         [Termination Attempts: Min: 1, Avg: 21.5, Max: 33, Diff: 32, Sum: 172]
      [GC Worker Other (ms): Min: 0.0, Avg: 0.0, Max: 0.1, Diff: 0.0, Sum: 0.2]
      [GC Worker Total (ms): Min: 87.9, Avg: 88.0, Max: 88.1, Diff: 0.2, Sum: 704.2]
      [GC Worker End (ms): Min: 164097.5, Avg: 164097.5, Max: 164097.6, Diff: 0.0]
   [Code Root Fixup: 0.0 ms]
   [Code Root Purge: 0.0 ms]
   [Clear CT: 0.1 ms]
   [Other: 0.9 ms]
      [Choose CSet: 0.0 ms]
      [Ref Proc: 0.2 ms]
      [Ref Enq: 0.0 ms]
      [Redirty Cards: 0.2 ms]
      [Humongous Register: 0.0 ms]
      [Humongous Reclaim: 0.0 ms]
      [Free CSet: 0.2 ms]
   [Eden: 154.0M(154.0M)->0.0B(166.0M) Survivors: 8192.0K->21.0M Heap: 196.7M(2048.0M)->191.2M(2048.0M)]
 [Times: user=0.75 sys=0.00, real=0.09 secs] 
2020-09-29T12:23:24.038+0200: 164.194: [GC pause (G1 Evacuation Pause) (young), 0.1060992 secs]
   [Parallel Time: 105.1 ms, GC Workers: 8]
      [GC Worker Start (ms): Min: 164194.0, Avg: 164194.0, Max: 164194.1, Diff: 0.1]
      [Ext Root Scanning (ms): Min: 0.0, Avg: 0.1, Max: 0.1, Diff: 0.1, Sum: 0.6]
      [Update RS (ms): Min: 9.2, Avg: 9.6, Max: 9.8, Diff: 0.6, Sum: 76.7]
         [Processed Buffers: Min: 9, Avg: 9.3, Max: 10, Diff: 1, Sum: 74]
      [Scan RS (ms): Min: 11.4, Avg: 11.7, Max: 12.2, Diff: 0.8, Sum: 93.8]
      [Code Root Scanning (ms): Min: 0.0, Avg: 0.0, Max: 0.0, Diff: 0.0, Sum: 0.0]
      [Object Copy (ms): Min: 83.3, Avg: 83.4, Max: 83.5, Diff: 0.2, Sum: 667.3]
      [Termination (ms): Min: 0.0, Avg: 0.1, Max: 0.1, Diff: 0.1, Sum: 0.8]
         [Termination Attempts: Min: 1, Avg: 792.0, Max: 988, Diff: 987, Sum: 6336]
      [GC Worker Other (ms): Min: 0.0, Avg: 0.0, Max: 0.1, Diff: 0.0, Sum: 0.2]
      [GC Worker Total (ms): Min: 104.9, Avg: 104.9, Max: 105.0, Diff: 0.1, Sum: 839.4]
      [GC Worker End (ms): Min: 164298.9, Avg: 164299.0, Max: 164299.0, Diff: 0.0]
   [Code Root Fixup: 0.0 ms]
   [Code Root Purge: 0.0 ms]
   [Clear CT: 0.1 ms]
   [Other: 0.8 ms]
      [Choose CSet: 0.0 ms]
      [Ref Proc: 0.2 ms]
      [Ref Enq: 0.0 ms]
      [Redirty Cards: 0.2 ms]
      [Humongous Register: 0.0 ms]
      [Humongous Reclaim: 0.0 ms]
      [Free CSet: 0.2 ms]
   [Eden: 166.0M(166.0M)->0.0B(180.0M) Survivors: 21.0M->24.0M Heap: 383.9M(2048.0M)->386.4M(2048.0M)]
 [Times: user=0.72 sys=0.00, real=0.11 secs] 
2020-09-29T12:23:24.250+0200: 164.405: [GC pause (G1 Evacuation Pause) (young), 0.1160479 secs]
   [Parallel Time: 115.1 ms, GC Workers: 8]
      [GC Worker Start (ms): Min: 164405.5, Avg: 164405.6, Max: 164405.6, Diff: 0.2]
      [Ext Root Scanning (ms): Min: 0.0, Avg: 0.1, Max: 0.2, Diff: 0.2, Sum: 0.5]
      [Update RS (ms): Min: 12.1, Avg: 12.5, Max: 12.9, Diff: 0.8, Sum: 100.3]
         [Processed Buffers: Min: 11, Avg: 12.3, Max: 14, Diff: 3, Sum: 98]
      [Scan RS (ms): Min: 10.1, Avg: 10.6, Max: 11.1, Diff: 0.9, Sum: 84.5]
      [Code Root Scanning (ms): Min: 0.0, Avg: 0.0, Max: 0.0, Diff: 0.0, Sum: 0.0]
      [Object Copy (ms): Min: 91.5, Avg: 91.6, Max: 91.7, Diff: 0.3, Sum: 733.1]
      [Termination (ms): Min: 0.0, Avg: 0.0, Max: 0.1, Diff: 0.1, Sum: 0.4]
         [Termination Attempts: Min: 1, Avg: 129.3, Max: 169, Diff: 168, Sum: 1034]
      [GC Worker Other (ms): Min: 0.0, Avg: 0.0, Max: 0.0, Diff: 0.0, Sum: 0.1]
      [GC Worker Total (ms): Min: 114.8, Avg: 114.9, Max: 115.0, Diff: 0.2, Sum: 919.0]
      [GC Worker End (ms): Min: 164520.4, Avg: 164520.4, Max: 164520.5, Diff: 0.0]
   [Code Root Fixup: 0.0 ms]
   [Code Root Purge: 0.0 ms]
   [Clear CT: 0.1 ms]
   [Other: 0.8 ms]
      [Choose CSet: 0.0 ms]
      [Ref Proc: 0.2 ms]
      [Ref Enq: 0.0 ms]
      [Redirty Cards: 0.2 ms]
      [Humongous Register: 0.0 ms]
      [Humongous Reclaim: 0.0 ms]
      [Free CSet: 0.2 ms]
   [Eden: 180.0M(180.0M)->0.0B(196.0M) Survivors: 24.0M->26.0M Heap: 596.9M(2048.0M)->598.4M(2048.0M)]
 [Times: user=0.95 sys=0.00, real=0.12 secs] 
2020-09-29T12:23:24.473+0200: 164.628: [GC pause (G1 Evacuation Pause) (young), 0.1313452 secs]
   [Parallel Time: 130.1 ms, GC Workers: 8]
      [GC Worker Start (ms): Min: 164628.3, Avg: 164628.4, Max: 164628.5, Diff: 0.2]
      [Ext Root Scanning (ms): Min: 0.0, Avg: 0.1, Max: 0.2, Diff: 0.1, Sum: 0.5]
      [Update RS (ms): Min: 13.2, Avg: 13.6, Max: 14.0, Diff: 0.8, Sum: 109.0]
         [Processed Buffers: Min: 12, Avg: 13.4, Max: 16, Diff: 4, Sum: 107]
      [Scan RS (ms): Min: 12.8, Avg: 13.2, Max: 13.7, Diff: 0.9, Sum: 105.9]
      [Code Root Scanning (ms): Min: 0.0, Avg: 0.0, Max: 0.0, Diff: 0.0, Sum: 0.0]
      [Object Copy (ms): Min: 102.7, Avg: 103.0, Max: 103.1, Diff: 0.3, Sum: 823.8]
      [Termination (ms): Min: 0.0, Avg: 0.0, Max: 0.0, Diff: 0.0, Sum: 0.0]
         [Termination Attempts: Min: 1, Avg: 8.4, Max: 14, Diff: 13, Sum: 67]
      [GC Worker Other (ms): Min: 0.0, Avg: 0.0, Max: 0.0, Diff: 0.0, Sum: 0.2]
      [GC Worker Total (ms): Min: 129.8, Avg: 129.9, Max: 130.0, Diff: 0.2, Sum: 1039.3]
      [GC Worker End (ms): Min: 164758.3, Avg: 164758.3, Max: 164758.3, Diff: 0.0]
   [Code Root Fixup: 0.0 ms]
   [Code Root Purge: 0.0 ms]
   [Clear CT: 0.2 ms]
   [Other: 1.0 ms]
      [Choose CSet: 0.0 ms]
      [Ref Proc: 0.1 ms]
      [Ref Enq: 0.0 ms]
      [Redirty Cards: 0.4 ms]
      [Humongous Register: 0.0 ms]
      [Humongous Reclaim: 0.0 ms]
      [Free CSet: 0.2 ms]
   [Eden: 196.0M(196.0M)->0.0B(213.0M) Survivors: 26.0M->28.0M Heap: 826.8M(2048.0M)->828.8M(2048.0M)]
 [Times: user=0.95 sys=0.00, real=0.13 secs] 
2020-09-29T12:23:24.727+0200: 164.883: [GC pause (G1 Evacuation Pause) (young), 0.1391998 secs]
   [Parallel Time: 138.2 ms, GC Workers: 8]
      [GC Worker Start (ms): Min: 164883.0, Avg: 164883.1, Max: 164883.2, Diff: 0.2]
      [Ext Root Scanning (ms): Min: 0.0, Avg: 0.1, Max: 0.2, Diff: 0.2, Sum: 0.5]
      [Update RS (ms): Min: 12.0, Avg: 12.3, Max: 12.5, Diff: 0.5, Sum: 98.1]
         [Processed Buffers: Min: 12, Avg: 13.6, Max: 15, Diff: 3, Sum: 109]
      [Scan RS (ms): Min: 13.5, Avg: 13.8, Max: 14.0, Diff: 0.4, Sum: 110.1]
      [Code Root Scanning (ms): Min: 0.0, Avg: 0.0, Max: 0.0, Diff: 0.0, Sum: 0.0]
      [Object Copy (ms): Min: 111.7, Avg: 111.9, Max: 112.0, Diff: 0.2, Sum: 895.3]
      [Termination (ms): Min: 0.0, Avg: 0.0, Max: 0.0, Diff: 0.0, Sum: 0.1]
         [Termination Attempts: Min: 1, Avg: 55.4, Max: 85, Diff: 84, Sum: 443]
      [GC Worker Other (ms): Min: 0.0, Avg: 0.0, Max: 0.0, Diff: 0.0, Sum: 0.2]
      [GC Worker Total (ms): Min: 138.0, Avg: 138.0, Max: 138.2, Diff: 0.2, Sum: 1104.3]
      [GC Worker End (ms): Min: 165021.1, Avg: 165021.2, Max: 165021.2, Diff: 0.0]
   [Code Root Fixup: 0.0 ms]
   [Code Root Purge: 0.0 ms]
   [Clear CT: 0.1 ms]
   [Other: 0.8 ms]
      [Choose CSet: 0.0 ms]
      [Ref Proc: 0.2 ms]
      [Ref Enq: 0.0 ms]
      [Redirty Cards: 0.2 ms]
      [Humongous Register: 0.0 ms]
      [Humongous Reclaim: 0.0 ms]
      [Free CSet: 0.2 ms]
   [Eden: 213.0M(213.0M)->0.0B(221.0M) Survivors: 28.0M->31.0M Heap: 1078.1M(2048.0M)->1080.6M(2048.0M)]
 [Times: user=1.11 sys=0.00, real=0.14 secs] 
2020-09-29T12:23:24.880+0200: 165.035: [GC pause (G1 Humongous Allocation) (young) (initial-mark), 0.0522348 secs]
   [Parallel Time: 51.3 ms, GC Workers: 8]
      [GC Worker Start (ms): Min: 165035.5, Avg: 165035.6, Max: 165035.6, Diff: 0.1]
      [Ext Root Scanning (ms): Min: 0.1, Avg: 0.1, Max: 0.1, Diff: 0.1, Sum: 0.7]
      [Update RS (ms): Min: 20.9, Avg: 21.3, Max: 21.5, Diff: 0.7, Sum: 170.0]
         [Processed Buffers: Min: 22, Avg: 23.9, Max: 26, Diff: 4, Sum: 191]
      [Scan RS (ms): Min: 1.9, Avg: 2.3, Max: 2.7, Diff: 0.8, Sum: 18.3]
      [Code Root Scanning (ms): Min: 0.0, Avg: 0.0, Max: 0.0, Diff: 0.0, Sum: 0.0]
      [Object Copy (ms): Min: 27.5, Avg: 27.5, Max: 27.6, Diff: 0.1, Sum: 220.2]
      [Termination (ms): Min: 0.0, Avg: 0.0, Max: 0.0, Diff: 0.0, Sum: 0.1]
         [Termination Attempts: Min: 1, Avg: 91.1, Max: 115, Diff: 114, Sum: 729]
      [GC Worker Other (ms): Min: 0.0, Avg: 0.0, Max: 0.0, Diff: 0.0, Sum: 0.2]
      [GC Worker Total (ms): Min: 51.1, Avg: 51.2, Max: 51.2, Diff: 0.1, Sum: 409.6]
      [GC Worker End (ms): Min: 165086.8, Avg: 165086.8, Max: 165086.8, Diff: 0.0]
   [Code Root Fixup: 0.0 ms]
   [Code Root Purge: 0.0 ms]
   [Clear CT: 0.1 ms]
   [Other: 0.8 ms]
      [Choose CSet: 0.0 ms]
      [Ref Proc: 0.2 ms]
      [Ref Enq: 0.0 ms]
      [Redirty Cards: 0.2 ms]
      [Humongous Register: 0.1 ms]
      [Humongous Reclaim: 0.0 ms]
      [Free CSet: 0.1 ms]
   [Eden: 7168.0K(221.0M)->0.0B(234.0M) Survivors: 31.0M->8192.0K Heap: 1087.6M(2048.0M)->1091.6M(2048.0M)]
 [Times: user=0.33 sys=0.00, real=0.05 secs] 
2020-09-29T12:23:24.932+0200: 165.088: [GC concurrent-root-region-scan-start]
2020-09-29T12:23:24.934+0200: 165.089: [GC concurrent-root-region-scan-end, 0.0013255 secs]
2020-09-29T12:23:24.934+0200: 165.089: [GC concurrent-mark-start]
2020-09-29T12:23:24.936+0200: 165.092: [GC concurrent-mark-end, 0.0027923 secs]
2020-09-29T12:23:24.937+0200: 165.092: [GC remark 2020-09-29T12:23:24.937+0200: 165.092: [Finalize Marking, 0.0002331 secs] 2020-09-29T12:23:24.937+0200: 165.092: [GC ref-proc, 0.0003002 secs] 2020-09-29T12:23:24.937+0200: 165.093: [Unloading, 0.0004850 secs], 0.0014768 secs]
 [Times: user=0.00 sys=0.00, real=0.00 secs] 
2020-09-29T12:23:24.939+0200: 165.094: [GC cleanup 1100M->24M(2048M), 0.0015186 secs]
 [Times: user=0.00 sys=0.00, real=0.00 secs] 
2020-09-29T12:23:24.940+0200: 165.096: [GC concurrent-cleanup-start]
2020-09-29T12:23:24.942+0200: 165.097: [GC concurrent-cleanup-end, 0.0014692 secs]
2020-09-29T12:23:25.069+0200: 165.225: [GC pause (G1 Evacuation Pause) (young), 0.1571472 secs]
   [Parallel Time: 155.9 ms, GC Workers: 8]
      [GC Worker Start (ms): Min: 165224.8, Avg: 165227.4, Max: 165239.9, Diff: 15.1]
      [Ext Root Scanning (ms): Min: 0.0, Avg: 0.1, Max: 0.2, Diff: 0.2, Sum: 0.6]
      [Update RS (ms): Min: 3.2, Avg: 15.8, Max: 18.6, Diff: 15.4, Sum: 126.8]
         [Processed Buffers: Min: 3, Avg: 13.3, Max: 19, Diff: 16, Sum: 106]
      [Scan RS (ms): Min: 15.1, Avg: 17.3, Max: 17.8, Diff: 2.7, Sum: 138.1]
      [Code Root Scanning (ms): Min: 0.0, Avg: 0.0, Max: 0.0, Diff: 0.0, Sum: 0.0]
      [Object Copy (ms): Min: 119.7, Avg: 119.9, Max: 119.9, Diff: 0.3, Sum: 958.9]
      [Termination (ms): Min: 0.0, Avg: 0.1, Max: 0.1, Diff: 0.1, Sum: 0.8]
         [Termination Attempts: Min: 1, Avg: 698.0, Max: 935, Diff: 934, Sum: 5584]
      [GC Worker Other (ms): Min: 0.0, Avg: 0.0, Max: 0.1, Diff: 0.0, Sum: 0.2]
      [GC Worker Total (ms): Min: 140.7, Avg: 153.2, Max: 155.8, Diff: 15.1, Sum: 1225.4]
      [GC Worker End (ms): Min: 165380.6, Avg: 165380.6, Max: 165380.6, Diff: 0.0]
   [Code Root Fixup: 0.0 ms]
   [Code Root Purge: 0.0 ms]
   [Clear CT: 0.2 ms]
   [Other: 1.1 ms]
      [Choose CSet: 0.0 ms]
      [Ref Proc: 0.3 ms]
      [Ref Enq: 0.0 ms]
      [Redirty Cards: 0.2 ms]
      [Humongous Register: 0.0 ms]
      [Humongous Reclaim: 0.0 ms]
      [Free CSet: 0.2 ms]
   [Eden: 234.0M(234.0M)->0.0B(216.0M) Survivors: 8192.0K->31.0M Heap: 290.1M(2048.0M)->284.1M(2048.0M)]
 [Times: user=1.19 sys=0.03, real=0.16 secs] 
2020-09-29T12:23:25.365+0200: 165.521: [GC pause (G1 Evacuation Pause) (young), 0.1424062 secs]
   [Parallel Time: 141.4 ms, GC Workers: 8]
      [GC Worker Start (ms): Min: 165521.1, Avg: 165521.2, Max: 165521.3, Diff: 0.2]
      [Ext Root Scanning (ms): Min: 0.0, Avg: 0.1, Max: 0.2, Diff: 0.2, Sum: 0.5]
      [Update RS (ms): Min: 16.2, Avg: 16.5, Max: 17.1, Diff: 0.9, Sum: 132.1]
         [Processed Buffers: Min: 13, Avg: 15.3, Max: 18, Diff: 5, Sum: 122]
      [Scan RS (ms): Min: 15.7, Avg: 16.3, Max: 16.6, Diff: 0.9, Sum: 130.1]
      [Code Root Scanning (ms): Min: 0.0, Avg: 0.0, Max: 0.0, Diff: 0.0, Sum: 0.0]
      [Object Copy (ms): Min: 108.0, Avg: 108.2, Max: 108.3, Diff: 0.3, Sum: 865.3]
      [Termination (ms): Min: 0.0, Avg: 0.1, Max: 0.1, Diff: 0.1, Sum: 0.6]
         [Termination Attempts: Min: 1, Avg: 533.5, Max: 724, Diff: 723, Sum: 4268]
      [GC Worker Other (ms): Min: 0.0, Avg: 0.0, Max: 0.1, Diff: 0.0, Sum: 0.3]
      [GC Worker Total (ms): Min: 141.0, Avg: 141.1, Max: 141.3, Diff: 0.3, Sum: 1128.9]
      [GC Worker End (ms): Min: 165662.3, Avg: 165662.4, Max: 165662.4, Diff: 0.0]
   [Code Root Fixup: 0.0 ms]
   [Code Root Purge: 0.0 ms]
   [Clear CT: 0.1 ms]
   [Other: 0.9 ms]
      [Choose CSet: 0.0 ms]
      [Ref Proc: 0.1 ms]
      [Ref Enq: 0.0 ms]
      [Redirty Cards: 0.2 ms]
      [Humongous Register: 0.0 ms]
      [Humongous Reclaim: 0.0 ms]
      [Free CSet: 0.2 ms]
   [Eden: 216.0M(216.0M)->0.0B(227.0M) Survivors: 31.0M->31.0M Heap: 536.3M(2048.0M)->538.3M(2048.0M)]
 [Times: user=1.13 sys=0.00, real=0.14 secs] 
2020-09-29T12:23:25.634+0200: 165.789: [GC pause (G1 Evacuation Pause) (young), 0.1450114 secs]
   [Parallel Time: 143.8 ms, GC Workers: 8]
      [GC Worker Start (ms): Min: 165789.4, Avg: 165789.5, Max: 165789.6, Diff: 0.2]
      [Ext Root Scanning (ms): Min: 0.0, Avg: 0.0, Max: 0.2, Diff: 0.2, Sum: 0.4]
      [Update RS (ms): Min: 15.6, Avg: 15.7, Max: 15.9, Diff: 0.3, Sum: 125.4]
         [Processed Buffers: Min: 16, Avg: 17.9, Max: 21, Diff: 5, Sum: 143]
      [Scan RS (ms): Min: 12.3, Avg: 12.4, Max: 12.5, Diff: 0.2, Sum: 98.9]
      [Code Root Scanning (ms): Min: 0.0, Avg: 0.0, Max: 0.0, Diff: 0.0, Sum: 0.0]
      [Object Copy (ms): Min: 115.1, Avg: 115.2, Max: 115.4, Diff: 0.3, Sum: 922.0]
      [Termination (ms): Min: 0.0, Avg: 0.2, Max: 0.2, Diff: 0.2, Sum: 1.3]
         [Termination Attempts: Min: 1, Avg: 1017.6, Max: 1214, Diff: 1213, Sum: 8141]
      [GC Worker Other (ms): Min: 0.0, Avg: 0.1, Max: 0.1, Diff: 0.0, Sum: 0.4]
      [GC Worker Total (ms): Min: 143.5, Avg: 143.6, Max: 143.7, Diff: 0.2, Sum: 1148.4]
      [GC Worker End (ms): Min: 165933.0, Avg: 165933.1, Max: 165933.1, Diff: 0.0]
   [Code Root Fixup: 0.0 ms]
   [Code Root Purge: 0.0 ms]
   [Clear CT: 0.3 ms]
   [Other: 0.9 ms]
      [Choose CSet: 0.0 ms]
      [Ref Proc: 0.2 ms]
      [Ref Enq: 0.0 ms]
      [Redirty Cards: 0.3 ms]
      [Humongous Register: 0.0 ms]
      [Humongous Reclaim: 0.0 ms]
      [Free CSet: 0.2 ms]
   [Eden: 227.0M(227.0M)->0.0B(240.0M) Survivors: 31.0M->33.0M Heap: 803.4M(2048.0M)->805.4M(2048.0M)]
 [Times: user=1.13 sys=0.00, real=0.14 secs] 
2020-09-29T12:23:25.902+0200: 166.057: [GC pause (G1 Evacuation Pause) (young), 0.1455783 secs]
   [Parallel Time: 144.5 ms, GC Workers: 8]
      [GC Worker Start (ms): Min: 166057.5, Avg: 166057.6, Max: 166057.7, Diff: 0.2]
      [Ext Root Scanning (ms): Min: 0.0, Avg: 0.0, Max: 0.2, Diff: 0.2, Sum: 0.4]
      [Update RS (ms): Min: 17.7, Avg: 17.8, Max: 18.0, Diff: 0.3, Sum: 142.6]
         [Processed Buffers: Min: 18, Avg: 20.3, Max: 25, Diff: 7, Sum: 162]
      [Scan RS (ms): Min: 12.8, Avg: 13.1, Max: 13.3, Diff: 0.5, Sum: 104.4]
      [Code Root Scanning (ms): Min: 0.0, Avg: 0.0, Max: 0.0, Diff: 0.0, Sum: 0.0]
      [Object Copy (ms): Min: 113.0, Avg: 113.2, Max: 113.3, Diff: 0.3, Sum: 905.4]
      [Termination (ms): Min: 0.0, Avg: 0.1, Max: 0.2, Diff: 0.2, Sum: 0.8]
         [Termination Attempts: Min: 1, Avg: 653.8, Max: 943, Diff: 942, Sum: 5230]
      [GC Worker Other (ms): Min: 0.0, Avg: 0.0, Max: 0.1, Diff: 0.1, Sum: 0.3]
      [GC Worker Total (ms): Min: 144.1, Avg: 144.2, Max: 144.3, Diff: 0.2, Sum: 1153.9]
      [GC Worker End (ms): Min: 166201.8, Avg: 166201.9, Max: 166201.9, Diff: 0.1]
   [Code Root Fixup: 0.0 ms]
   [Code Root Purge: 0.0 ms]
   [Clear CT: 0.2 ms]
   [Other: 0.9 ms]
      [Choose CSet: 0.0 ms]
      [Ref Proc: 0.2 ms]
      [Ref Enq: 0.0 ms]
      [Redirty Cards: 0.2 ms]
      [Humongous Register: 0.0 ms]
      [Humongous Reclaim: 0.0 ms]
      [Free CSet: 0.3 ms]
   [Eden: 240.0M(240.0M)->0.0B(256.0M) Survivors: 33.0M->35.0M Heap: 1085.5M(2048.0M)->1087.5M(2048.0M)]
 [Times: user=1.13 sys=0.00, real=0.15 secs] 
2020-09-29T12:23:26.054+0200: 166.210: [GC pause (G1 Humongous Allocation) (young) (initial-mark), 0.0618031 secs]
   [Parallel Time: 60.9 ms, GC Workers: 8]
      [GC Worker Start (ms): Min: 166210.0, Avg: 166210.1, Max: 166210.2, Diff: 0.2]
      [Ext Root Scanning (ms): Min: 0.0, Avg: 1.3, Max: 8.8, Diff: 8.8, Sum: 10.1]
      [Update RS (ms): Min: 26.0, Avg: 33.7, Max: 35.3, Diff: 9.3, Sum: 270.0]
         [Processed Buffers: Min: 32, Avg: 39.5, Max: 43, Diff: 11, Sum: 316]
      [Scan RS (ms): Min: 1.8, Avg: 2.1, Max: 2.5, Diff: 0.7, Sum: 17.0]
      [Code Root Scanning (ms): Min: 0.0, Avg: 0.0, Max: 0.0, Diff: 0.0, Sum: 0.0]
      [Object Copy (ms): Min: 23.4, Avg: 23.5, Max: 23.5, Diff: 0.1, Sum: 187.7]
      [Termination (ms): Min: 0.0, Avg: 0.1, Max: 0.1, Diff: 0.1, Sum: 0.4]
         [Termination Attempts: Min: 1, Avg: 353.4, Max: 429, Diff: 428, Sum: 2827]
      [GC Worker Other (ms): Min: 0.0, Avg: 0.0, Max: 0.0, Diff: 0.0, Sum: 0.2]
      [GC Worker Total (ms): Min: 60.6, Avg: 60.7, Max: 60.8, Diff: 0.2, Sum: 485.4]
      [GC Worker End (ms): Min: 166270.8, Avg: 166270.8, Max: 166270.8, Diff: 0.0]
   [Code Root Fixup: 0.0 ms]
   [Code Root Purge: 0.0 ms]
   [Clear CT: 0.2 ms]
   [Other: 0.8 ms]
      [Choose CSet: 0.0 ms]
      [Ref Proc: 0.2 ms]
      [Ref Enq: 0.0 ms]
      [Redirty Cards: 0.1 ms]
      [Humongous Register: 0.0 ms]
      [Humongous Reclaim: 0.0 ms]
      [Free CSet: 0.1 ms]
   [Eden: 11.0M(256.0M)->0.0B(274.0M) Survivors: 35.0M->12.0M Heap: 1098.0M(2048.0M)->1101.5M(2048.0M)]
 [Times: user=0.50 sys=0.00, real=0.06 secs] 
2020-09-29T12:23:26.116+0200: 166.272: [GC concurrent-root-region-scan-start]
2020-09-29T12:23:26.119+0200: 166.275: [GC concurrent-root-region-scan-end, 0.0029822 secs]
2020-09-29T12:23:26.119+0200: 166.275: [GC concurrent-mark-start]
2020-09-29T12:23:26.123+0200: 166.278: [GC concurrent-mark-end, 0.0034073 secs]
2020-09-29T12:23:26.123+0200: 166.278: [GC remark 2020-09-29T12:23:26.123+0200: 166.278: [Finalize Marking, 0.0002128 secs] 2020-09-29T12:23:26.123+0200: 166.279: [GC ref-proc, 0.0002999 secs] 2020-09-29T12:23:26.123+0200: 166.279: [Unloading, 0.0004300 secs], 0.0012794 secs]
 [Times: user=0.00 sys=0.00, real=0.00 secs] 
2020-09-29T12:23:26.124+0200: 166.280: [GC cleanup 1114M->33M(2048M), 0.0012704 secs]
 [Times: user=0.00 sys=0.00, real=0.00 secs] 
2020-09-29T12:23:26.126+0200: 166.281: [GC concurrent-cleanup-start]
2020-09-29T12:23:26.127+0200: 166.283: [GC concurrent-cleanup-end, 0.0017649 secs]
2020-09-29T12:23:26.275+0200: 166.431: [GC pause (G1 Evacuation Pause) (young), 0.1552403 secs]
   [Parallel Time: 154.1 ms, GC Workers: 8]
      [GC Worker Start (ms): Min: 166430.8, Avg: 166430.9, Max: 166431.0, Diff: 0.2]
      [Ext Root Scanning (ms): Min: 0.0, Avg: 0.1, Max: 0.2, Diff: 0.2, Sum: 0.5]
      [Update RS (ms): Min: 20.2, Avg: 20.5, Max: 20.9, Diff: 0.7, Sum: 164.2]
         [Processed Buffers: Min: 17, Avg: 18.9, Max: 22, Diff: 5, Sum: 151]
      [Scan RS (ms): Min: 13.4, Avg: 13.7, Max: 14.1, Diff: 0.7, Sum: 109.7]
      [Code Root Scanning (ms): Min: 0.0, Avg: 0.0, Max: 0.0, Diff: 0.0, Sum: 0.0]
      [Object Copy (ms): Min: 119.2, Avg: 119.3, Max: 119.5, Diff: 0.3, Sum: 954.6]
      [Termination (ms): Min: 0.0, Avg: 0.1, Max: 0.2, Diff: 0.2, Sum: 1.0]
         [Termination Attempts: Min: 1, Avg: 838.5, Max: 1230, Diff: 1229, Sum: 6708]
      [GC Worker Other (ms): Min: 0.0, Avg: 0.0, Max: 0.1, Diff: 0.1, Sum: 0.3]
      [GC Worker Total (ms): Min: 153.7, Avg: 153.8, Max: 153.9, Diff: 0.2, Sum: 1230.4]
      [GC Worker End (ms): Min: 166584.7, Avg: 166584.7, Max: 166584.8, Diff: 0.1]
   [Code Root Fixup: 0.0 ms]
   [Code Root Purge: 0.0 ms]
   [Clear CT: 0.2 ms]
   [Other: 1.0 ms]
      [Choose CSet: 0.0 ms]
      [Ref Proc: 0.2 ms]
      [Ref Enq: 0.0 ms]
      [Redirty Cards: 0.2 ms]
      [Humongous Register: 0.0 ms]
      [Humongous Reclaim: 0.0 ms]
      [Free CSet: 0.3 ms]
   [Eden: 274.0M(274.0M)->0.0B(263.0M) Survivors: 12.0M->36.0M Heap: 339.8M(2048.0M)->330.3M(2048.0M)]
 [Times: user=1.25 sys=0.00, real=0.15 secs] 
2020-09-29T12:23:26.579+0200: 166.735: [GC pause (G1 Evacuation Pause) (young), 0.1635729 secs]
   [Parallel Time: 162.1 ms, GC Workers: 8]
      [GC Worker Start (ms): Min: 166734.8, Avg: 166734.8, Max: 166734.9, Diff: 0.1]
      [Ext Root Scanning (ms): Min: 0.0, Avg: 0.1, Max: 0.1, Diff: 0.1, Sum: 0.6]
      [Update RS (ms): Min: 14.8, Avg: 15.1, Max: 15.5, Diff: 0.8, Sum: 120.6]
         [Processed Buffers: Min: 13, Avg: 15.6, Max: 17, Diff: 4, Sum: 125]
      [Scan RS (ms): Min: 16.1, Avg: 16.8, Max: 17.7, Diff: 1.6, Sum: 134.3]
      [Code Root Scanning (ms): Min: 0.0, Avg: 0.0, Max: 0.0, Diff: 0.0, Sum: 0.0]
      [Object Copy (ms): Min: 128.9, Avg: 129.9, Max: 130.2, Diff: 1.3, Sum: 1039.5]
      [Termination (ms): Min: 0.0, Avg: 0.1, Max: 0.2, Diff: 0.2, Sum: 0.8]
         [Termination Attempts: Min: 1, Avg: 679.4, Max: 957, Diff: 956, Sum: 5435]
      [GC Worker Other (ms): Min: 0.0, Avg: 0.0, Max: 0.1, Diff: 0.0, Sum: 0.3]
      [GC Worker Total (ms): Min: 162.0, Avg: 162.0, Max: 162.1, Diff: 0.1, Sum: 1296.2]
      [GC Worker End (ms): Min: 166896.8, Avg: 166896.8, Max: 166896.9, Diff: 0.0]
   [Code Root Fixup: 0.0 ms]
   [Code Root Purge: 0.0 ms]
   [Clear CT: 0.2 ms]
   [Other: 1.2 ms]
      [Choose CSet: 0.0 ms]
      [Ref Proc: 0.2 ms]
      [Ref Enq: 0.0 ms]
      [Redirty Cards: 0.5 ms]
      [Humongous Register: 0.1 ms]
      [Humongous Reclaim: 0.0 ms]
      [Free CSet: 0.2 ms]
   [Eden: 263.0M(263.0M)->0.0B(265.0M) Survivors: 36.0M->38.0M Heap: 637.1M(2048.0M)->638.6M(2048.0M)]
 [Times: user=1.38 sys=0.00, real=0.16 secs] 
2020-09-29T12:23:26.877+0200: 167.033: [GC pause (G1 Evacuation Pause) (young), 0.1618994 secs]
   [Parallel Time: 160.8 ms, GC Workers: 8]
      [GC Worker Start (ms): Min: 167032.7, Avg: 167032.7, Max: 167032.8, Diff: 0.2]
      [Ext Root Scanning (ms): Min: 0.0, Avg: 0.1, Max: 0.1, Diff: 0.1, Sum: 0.5]
      [Update RS (ms): Min: 14.8, Avg: 14.9, Max: 15.3, Diff: 0.4, Sum: 119.3]
         [Processed Buffers: Min: 15, Avg: 17.6, Max: 20, Diff: 5, Sum: 141]
      [Scan RS (ms): Min: 15.8, Avg: 16.3, Max: 16.4, Diff: 0.6, Sum: 130.0]
      [Code Root Scanning (ms): Min: 0.0, Avg: 0.0, Max: 0.0, Diff: 0.0, Sum: 0.0]
      [Object Copy (ms): Min: 129.1, Avg: 129.3, Max: 129.4, Diff: 0.2, Sum: 1034.0]
      [Termination (ms): Min: 0.0, Avg: 0.0, Max: 0.1, Diff: 0.1, Sum: 0.3]
         [Termination Attempts: Min: 1, Avg: 236.1, Max: 286, Diff: 285, Sum: 1889]
      [GC Worker Other (ms): Min: 0.0, Avg: 0.0, Max: 0.1, Diff: 0.1, Sum: 0.3]
      [GC Worker Total (ms): Min: 160.5, Avg: 160.6, Max: 160.7, Diff: 0.2, Sum: 1284.4]
      [GC Worker End (ms): Min: 167193.3, Avg: 167193.3, Max: 167193.3, Diff: 0.1]
   [Code Root Fixup: 0.0 ms]
   [Code Root Purge: 0.0 ms]
   [Clear CT: 0.2 ms]
   [Other: 1.0 ms]
      [Choose CSet: 0.0 ms]
      [Ref Proc: 0.2 ms]
      [Ref Enq: 0.0 ms]
      [Redirty Cards: 0.2 ms]
      [Humongous Register: 0.0 ms]
      [Humongous Reclaim: 0.0 ms]
      [Free CSet: 0.3 ms]
   [Eden: 265.0M(265.0M)->0.0B(273.0M) Survivors: 38.0M->38.0M Heap: 949.4M(2048.0M)->951.4M(2048.0M)]
 [Times: user=1.34 sys=0.00, real=0.16 secs] 
2020-09-29T12:23:27.057+0200: 167.212: [GC pause (G1 Humongous Allocation) (young) (initial-mark), 0.0874199 secs]
   [Parallel Time: 86.4 ms, GC Workers: 8]
      [GC Worker Start (ms): Min: 167212.2, Avg: 167212.4, Max: 167212.5, Diff: 0.4]
      [Ext Root Scanning (ms): Min: 0.0, Avg: 4.7, Max: 31.3, Diff: 31.3, Sum: 37.6]
      [Update RS (ms): Min: 0.0, Avg: 25.4, Max: 29.9, Diff: 29.9, Sum: 203.2]
         [Processed Buffers: Min: 0, Avg: 29.6, Max: 37, Diff: 37, Sum: 237]
      [Scan RS (ms): Min: 1.8, Avg: 3.0, Max: 3.7, Diff: 1.9, Sum: 24.4]
      [Code Root Scanning (ms): Min: 0.0, Avg: 0.0, Max: 0.0, Diff: 0.0, Sum: 0.0]
      [Object Copy (ms): Min: 52.1, Avg: 52.5, Max: 52.9, Diff: 0.8, Sum: 419.9]
      [Termination (ms): Min: 0.0, Avg: 0.4, Max: 0.7, Diff: 0.6, Sum: 3.4]
         [Termination Attempts: Min: 1, Avg: 2932.4, Max: 4136, Diff: 4135, Sum: 23459]
      [GC Worker Other (ms): Min: 0.0, Avg: 0.0, Max: 0.0, Diff: 0.0, Sum: 0.1]
      [GC Worker Total (ms): Min: 86.0, Avg: 86.1, Max: 86.3, Diff: 0.3, Sum: 688.7]
      [GC Worker End (ms): Min: 167298.4, Avg: 167298.5, Max: 167298.5, Diff: 0.0]
   [Code Root Fixup: 0.0 ms]
   [Code Root Purge: 0.0 ms]
   [Clear CT: 0.2 ms]
   [Other: 0.8 ms]
      [Choose CSet: 0.0 ms]
      [Ref Proc: 0.2 ms]
      [Ref Enq: 0.0 ms]
      [Redirty Cards: 0.2 ms]
      [Humongous Register: 0.1 ms]
      [Humongous Reclaim: 0.0 ms]
      [Free CSet: 0.1 ms]
   [Eden: 11.0M(273.0M)->0.0B(191.0M) Survivors: 38.0M->13.0M Heap: 962.4M(2048.0M)->966.4M(2048.0M)]
 [Times: user=0.55 sys=0.00, real=0.09 secs] 
2020-09-29T12:23:27.144+0200: 167.300: [GC concurrent-root-region-scan-start]
2020-09-29T12:23:27.148+0200: 167.304: [GC concurrent-root-region-scan-end, 0.0040485 secs]
2020-09-29T12:23:27.148+0200: 167.304: [GC concurrent-mark-start]
2020-09-29T12:23:27.153+0200: 167.309: [GC concurrent-mark-end, 0.0045591 secs]
2020-09-29T12:23:27.154+0200: 167.309: [GC remark 2020-09-29T12:23:27.154+0200: 167.309: [Finalize Marking, 0.0002295 secs] 2020-09-29T12:23:27.154+0200: 167.309: [GC ref-proc, 0.0004290 secs] 2020-09-29T12:23:27.154+0200: 167.310: [Unloading, 0.0005640 secs], 0.0016385 secs]
 [Times: user=0.00 sys=0.00, real=0.00 secs] 
2020-09-29T12:23:27.156+0200: 167.311: [GC cleanup 985M->39M(2048M), 0.0013649 secs]
 [Times: user=0.00 sys=0.00, real=0.00 secs] 
2020-09-29T12:23:27.157+0200: 167.312: [GC concurrent-cleanup-start]
2020-09-29T12:23:27.159+0200: 167.314: [GC concurrent-cleanup-end, 0.0015195 secs]
2020-09-29T12:23:27.272+0200: 167.427: [GC pause (G1 Evacuation Pause) (young), 0.1493004 secs]
   [Parallel Time: 148.3 ms, GC Workers: 8]
      [GC Worker Start (ms): Min: 167427.4, Avg: 167427.5, Max: 167427.6, Diff: 0.2]
      [Ext Root Scanning (ms): Min: 0.0, Avg: 0.1, Max: 0.1, Diff: 0.1, Sum: 0.6]
      [Update RS (ms): Min: 18.4, Avg: 18.7, Max: 19.0, Diff: 0.6, Sum: 149.4]
         [Processed Buffers: Min: 17, Avg: 19.4, Max: 22, Diff: 5, Sum: 155]
      [Scan RS (ms): Min: 6.1, Avg: 7.3, Max: 13.2, Diff: 7.1, Sum: 58.1]
      [Code Root Scanning (ms): Min: 0.0, Avg: 0.0, Max: 0.0, Diff: 0.0, Sum: 0.0]
      [Object Copy (ms): Min: 116.2, Avg: 121.9, Max: 122.8, Diff: 6.6, Sum: 975.5]
      [Termination (ms): Min: 0.0, Avg: 0.1, Max: 0.2, Diff: 0.2, Sum: 1.2]
         [Termination Attempts: Min: 1, Avg: 1131.9, Max: 1406, Diff: 1405, Sum: 9055]
      [GC Worker Other (ms): Min: 0.0, Avg: 0.0, Max: 0.1, Diff: 0.0, Sum: 0.2]
      [GC Worker Total (ms): Min: 148.0, Avg: 148.1, Max: 148.2, Diff: 0.2, Sum: 1185.0]
      [GC Worker End (ms): Min: 167575.6, Avg: 167575.6, Max: 167575.6, Diff: 0.0]
   [Code Root Fixup: 0.0 ms]
   [Code Root Purge: 0.0 ms]
   [Clear CT: 0.2 ms]
   [Other: 0.9 ms]
      [Choose CSet: 0.0 ms]
      [Ref Proc: 0.2 ms]
      [Ref Enq: 0.0 ms]
      [Redirty Cards: 0.2 ms]
      [Humongous Register: 0.0 ms]
      [Humongous Reclaim: 0.0 ms]
      [Free CSet: 0.2 ms]
   [Eden: 191.0M(191.0M)->0.0B(191.0M) Survivors: 13.0M->26.0M Heap: 244.4M(2048.0M)->233.4M(2048.0M)]
 [Times: user=1.02 sys=0.00, real=0.15 secs] 
2020-09-29T12:23:27.530+0200: 167.686: [GC pause (G1 Evacuation Pause) (young), 0.1533229 secs]
   [Parallel Time: 152.0 ms, GC Workers: 8]
      [GC Worker Start (ms): Min: 167685.6, Avg: 167689.6, Max: 167717.3, Diff: 31.6]
      [Ext Root Scanning (ms): Min: 0.0, Avg: 0.1, Max: 0.1, Diff: 0.1, Sum: 0.7]
      [Update RS (ms): Min: 0.0, Avg: 17.0, Max: 19.5, Diff: 19.5, Sum: 136.0]
         [Processed Buffers: Min: 0, Avg: 18.6, Max: 23, Diff: 23, Sum: 149]
      [Scan RS (ms): Min: 0.0, Avg: 8.1, Max: 9.3, Diff: 9.3, Sum: 64.7]
      [Code Root Scanning (ms): Min: 0.0, Avg: 0.0, Max: 0.0, Diff: 0.0, Sum: 0.0]
      [Object Copy (ms): Min: 120.1, Avg: 122.6, Max: 123.1, Diff: 3.0, Sum: 980.9]
      [Termination (ms): Min: 0.0, Avg: 0.1, Max: 0.2, Diff: 0.2, Sum: 1.0]
         [Termination Attempts: Min: 1, Avg: 810.9, Max: 1011, Diff: 1010, Sum: 6487]
      [GC Worker Other (ms): Min: 0.0, Avg: 0.0, Max: 0.1, Diff: 0.1, Sum: 0.3]
      [GC Worker Total (ms): Min: 120.3, Avg: 147.9, Max: 152.0, Diff: 31.7, Sum: 1183.6]
      [GC Worker End (ms): Min: 167837.5, Avg: 167837.6, Max: 167837.6, Diff: 0.1]
   [Code Root Fixup: 0.0 ms]
   [Code Root Purge: 0.0 ms]
   [Clear CT: 0.2 ms]
   [Other: 1.1 ms]
      [Choose CSet: 0.0 ms]
      [Ref Proc: 0.3 ms]
      [Ref Enq: 0.0 ms]
      [Redirty Cards: 0.2 ms]
      [Humongous Register: 0.0 ms]
      [Humongous Reclaim: 0.0 ms]
      [Free CSet: 0.2 ms]
   [Eden: 191.0M(191.0M)->0.0B(200.0M) Survivors: 26.0M->28.0M Heap: 456.9M(2048.0M)->458.9M(2048.0M)]
 [Times: user=1.19 sys=0.00, real=0.15 secs] 
2020-09-29T12:23:27.817+0200: 167.973: [GC pause (G1 Evacuation Pause) (young), 0.1312883 secs]
   [Parallel Time: 130.2 ms, GC Workers: 8]
      [GC Worker Start (ms): Min: 167972.8, Avg: 167972.9, Max: 167972.9, Diff: 0.2]
      [Ext Root Scanning (ms): Min: 0.0, Avg: 0.1, Max: 0.1, Diff: 0.1, Sum: 0.5]
      [Update RS (ms): Min: 17.8, Avg: 18.1, Max: 18.6, Diff: 0.8, Sum: 144.9]
         [Processed Buffers: Min: 17, Avg: 18.0, Max: 20, Diff: 3, Sum: 144]
      [Scan RS (ms): Min: 9.8, Avg: 10.3, Max: 10.6, Diff: 0.8, Sum: 82.4]
      [Code Root Scanning (ms): Min: 0.0, Avg: 0.0, Max: 0.0, Diff: 0.0, Sum: 0.0]
      [Object Copy (ms): Min: 101.3, Avg: 101.4, Max: 101.5, Diff: 0.2, Sum: 811.0]
      [Termination (ms): Min: 0.0, Avg: 0.1, Max: 0.2, Diff: 0.2, Sum: 0.9]
         [Termination Attempts: Min: 1, Avg: 739.9, Max: 1085, Diff: 1084, Sum: 5919]
      [GC Worker Other (ms): Min: 0.0, Avg: 0.0, Max: 0.1, Diff: 0.0, Sum: 0.3]
      [GC Worker Total (ms): Min: 129.9, Avg: 130.0, Max: 130.1, Diff: 0.2, Sum: 1040.0]
      [GC Worker End (ms): Min: 168102.8, Avg: 168102.9, Max: 168102.9, Diff: 0.0]
   [Code Root Fixup: 0.0 ms]
   [Code Root Purge: 0.0 ms]
   [Clear CT: 0.2 ms]
   [Other: 1.0 ms]
      [Choose CSet: 0.0 ms]
      [Ref Proc: 0.2 ms]
      [Ref Enq: 0.0 ms]
      [Redirty Cards: 0.2 ms]
      [Humongous Register: 0.0 ms]
      [Humongous Reclaim: 0.0 ms]
      [Free CSet: 0.3 ms]
   [Eden: 200.0M(200.0M)->0.0B(219.0M) Survivors: 28.0M->29.0M Heap: 691.3M(2048.0M)->693.3M(2048.0M)]
 [Times: user=1.00 sys=0.00, real=0.13 secs] 
2020-09-29T12:23:28.072+0200: 168.227: [GC pause (G1 Evacuation Pause) (young), 0.1396278 secs]
   [Parallel Time: 138.6 ms, GC Workers: 8]
      [GC Worker Start (ms): Min: 168226.9, Avg: 168227.0, Max: 168227.1, Diff: 0.1]
      [Ext Root Scanning (ms): Min: 0.0, Avg: 0.1, Max: 0.2, Diff: 0.1, Sum: 0.6]
      [Update RS (ms): Min: 19.8, Avg: 20.1, Max: 20.6, Diff: 0.8, Sum: 161.1]
         [Processed Buffers: Min: 18, Avg: 19.6, Max: 22, Diff: 4, Sum: 157]
      [Scan RS (ms): Min: 10.2, Avg: 10.7, Max: 11.1, Diff: 0.9, Sum: 85.4]
      [Code Root Scanning (ms): Min: 0.0, Avg: 0.0, Max: 0.0, Diff: 0.0, Sum: 0.0]
      [Object Copy (ms): Min: 107.4, Avg: 107.5, Max: 107.6, Diff: 0.1, Sum: 860.1]
      [Termination (ms): Min: 0.0, Avg: 0.0, Max: 0.0, Diff: 0.0, Sum: 0.0]
         [Termination Attempts: Min: 1, Avg: 21.0, Max: 36, Diff: 35, Sum: 168]
      [GC Worker Other (ms): Min: 0.0, Avg: 0.0, Max: 0.0, Diff: 0.0, Sum: 0.2]
      [GC Worker Total (ms): Min: 138.4, Avg: 138.4, Max: 138.5, Diff: 0.1, Sum: 1107.5]
      [GC Worker End (ms): Min: 168365.4, Avg: 168365.5, Max: 168365.5, Diff: 0.0]
   [Code Root Fixup: 0.0 ms]
   [Code Root Purge: 0.0 ms]
   [Clear CT: 0.2 ms]
   [Other: 0.9 ms]
      [Choose CSet: 0.0 ms]
      [Ref Proc: 0.2 ms]
      [Ref Enq: 0.0 ms]
      [Redirty Cards: 0.2 ms]
      [Humongous Register: 0.0 ms]
      [Humongous Reclaim: 0.0 ms]
      [Free CSet: 0.2 ms]
   [Eden: 219.0M(219.0M)->0.0B(238.0M) Survivors: 29.0M->31.0M Heap: 948.5M(2048.0M)->950.5M(2048.0M)]
 [Times: user=1.13 sys=0.00, real=0.14 secs] 
2020-09-29T12:23:28.212+0200: 168.367: [GC pause (G1 Humongous Allocation) (young) (initial-mark), 0.0512296 secs]
   [Parallel Time: 50.4 ms, GC Workers: 8]
      [GC Worker Start (ms): Min: 168367.0, Avg: 168367.1, Max: 168367.1, Diff: 0.1]
      [Ext Root Scanning (ms): Min: 0.0, Avg: 0.1, Max: 0.1, Diff: 0.1, Sum: 0.7]
      [Update RS (ms): Min: 33.3, Avg: 33.6, Max: 33.9, Diff: 0.6, Sum: 268.7]
         [Processed Buffers: Min: 37, Avg: 41.9, Max: 43, Diff: 6, Sum: 335]
      [Scan RS (ms): Min: 0.0, Avg: 0.0, Max: 0.0, Diff: 0.0, Sum: 0.0]
      [Code Root Scanning (ms): Min: 0.0, Avg: 0.0, Max: 0.0, Diff: 0.0, Sum: 0.0]
      [Object Copy (ms): Min: 16.3, Avg: 16.6, Max: 16.9, Diff: 0.6, Sum: 132.6]
      [Termination (ms): Min: 0.0, Avg: 0.0, Max: 0.0, Diff: 0.0, Sum: 0.0]
         [Termination Attempts: Min: 1, Avg: 22.5, Max: 35, Diff: 34, Sum: 180]
      [GC Worker Other (ms): Min: 0.0, Avg: 0.0, Max: 0.0, Diff: 0.0, Sum: 0.1]
      [GC Worker Total (ms): Min: 50.3, Avg: 50.3, Max: 50.3, Diff: 0.1, Sum: 402.2]
      [GC Worker End (ms): Min: 168417.3, Avg: 168417.3, Max: 168417.4, Diff: 0.0]
   [Code Root Fixup: 0.0 ms]
   [Code Root Purge: 0.0 ms]
   [Clear CT: 0.1 ms]
   [Other: 0.7 ms]
      [Choose CSet: 0.0 ms]
      [Ref Proc: 0.2 ms]
      [Ref Enq: 0.0 ms]
      [Redirty Cards: 0.2 ms]
      [Humongous Register: 0.1 ms]
      [Humongous Reclaim: 0.0 ms]
      [Free CSet: 0.1 ms]
   [Eden: 1024.0K(238.0M)->0.0B(299.0M) Survivors: 31.0M->2048.0K Heap: 951.0M(2048.0M)->954.5M(2048.0M)]
 [Times: user=0.38 sys=0.00, real=0.05 secs] 
2020-09-29T12:23:28.263+0200: 168.418: [GC concurrent-root-region-scan-start]
2020-09-29T12:23:28.263+0200: 168.418: [GC concurrent-root-region-scan-end, 0.0001444 secs]
2020-09-29T12:23:28.263+0200: 168.418: [GC concurrent-mark-start]
2020-09-29T12:23:28.267+0200: 168.422: [GC concurrent-mark-end, 0.0034075 secs]
2020-09-29T12:23:28.267+0200: 168.422: [GC remark 2020-09-29T12:23:28.267+0200: 168.422: [Finalize Marking, 0.0002253 secs] 2020-09-29T12:23:28.267+0200: 168.422: [GC ref-proc, 0.0002906 secs] 2020-09-29T12:23:28.267+0200: 168.423: [Unloading, 0.0005095 secs], 0.0013862 secs]
 [Times: user=0.00 sys=0.00, real=0.00 secs] 
2020-09-29T12:23:28.269+0200: 168.424: [GC cleanup 963M->18M(2048M), 0.0016089 secs]
 [Times: user=0.11 sys=0.00, real=0.00 secs] 
2020-09-29T12:23:28.270+0200: 168.425: [GC concurrent-cleanup-start]
2020-09-29T12:23:28.272+0200: 168.427: [GC concurrent-cleanup-end, 0.0014077 secs]
2020-09-29T12:23:28.445+0200: 168.600: [GC pause (G1 Evacuation Pause) (young), 0.1636267 secs]
   [Parallel Time: 162.4 ms, GC Workers: 8]
      [GC Worker Start (ms): Min: 168600.4, Avg: 168600.5, Max: 168600.5, Diff: 0.1]
      [Ext Root Scanning (ms): Min: 0.0, Avg: 0.1, Max: 0.2, Diff: 0.1, Sum: 0.6]
      [Update RS (ms): Min: 19.0, Avg: 19.0, Max: 19.1, Diff: 0.1, Sum: 152.2]
         [Processed Buffers: Min: 20, Avg: 21.3, Max: 23, Diff: 3, Sum: 170]
      [Scan RS (ms): Min: 13.0, Avg: 13.1, Max: 13.3, Diff: 0.4, Sum: 105.0]
      [Code Root Scanning (ms): Min: 0.0, Avg: 0.0, Max: 0.0, Diff: 0.0, Sum: 0.0]
      [Object Copy (ms): Min: 129.7, Avg: 129.9, Max: 130.0, Diff: 0.3, Sum: 1039.1]
      [Termination (ms): Min: 0.0, Avg: 0.0, Max: 0.0, Diff: 0.0, Sum: 0.0]
         [Termination Attempts: Min: 1, Avg: 10.5, Max: 15, Diff: 14, Sum: 84]
      [GC Worker Other (ms): Min: 0.0, Avg: 0.0, Max: 0.1, Diff: 0.1, Sum: 0.3]
      [GC Worker Total (ms): Min: 162.1, Avg: 162.1, Max: 162.2, Diff: 0.1, Sum: 1297.2]
      [GC Worker End (ms): Min: 168762.6, Avg: 168762.6, Max: 168762.7, Diff: 0.0]
   [Code Root Fixup: 0.0 ms]
   [Code Root Purge: 0.0 ms]
   [Clear CT: 0.2 ms]
   [Other: 1.1 ms]
      [Choose CSet: 0.0 ms]
      [Ref Proc: 0.2 ms]
      [Ref Enq: 0.0 ms]
      [Redirty Cards: 0.3 ms]
      [Humongous Register: 0.0 ms]
      [Humongous Reclaim: 0.0 ms]
      [Free CSet: 0.3 ms]
   [Eden: 299.0M(299.0M)->0.0B(263.0M) Survivors: 2048.0K->38.0M Heap: 360.0M(2048.0M)->360.5M(2048.0M)]
 [Times: user=1.25 sys=0.00, real=0.16 secs] 
2020-09-29T12:23:28.768+0200: 168.923: [GC pause (G1 Evacuation Pause) (young), 0.1635513 secs]
   [Parallel Time: 162.5 ms, GC Workers: 8]
      [GC Worker Start (ms): Min: 168923.0, Avg: 168923.1, Max: 168923.2, Diff: 0.2]
      [Ext Root Scanning (ms): Min: 0.0, Avg: 0.1, Max: 0.1, Diff: 0.1, Sum: 0.7]
      [Update RS (ms): Min: 21.7, Avg: 21.9, Max: 22.2, Diff: 0.5, Sum: 174.9]
         [Processed Buffers: Min: 19, Avg: 22.8, Max: 26, Diff: 7, Sum: 182]
      [Scan RS (ms): Min: 12.8, Avg: 13.2, Max: 13.8, Diff: 1.1, Sum: 105.5]
      [Code Root Scanning (ms): Min: 0.0, Avg: 0.0, Max: 0.0, Diff: 0.0, Sum: 0.0]
      [Object Copy (ms): Min: 126.5, Avg: 127.0, Max: 127.2, Diff: 0.7, Sum: 1016.3]
      [Termination (ms): Min: 0.0, Avg: 0.0, Max: 0.1, Diff: 0.1, Sum: 0.3]
         [Termination Attempts: Min: 1, Avg: 225.8, Max: 284, Diff: 283, Sum: 1806]
      [GC Worker Other (ms): Min: 0.0, Avg: 0.0, Max: 0.1, Diff: 0.1, Sum: 0.3]
      [GC Worker Total (ms): Min: 162.2, Avg: 162.3, Max: 162.3, Diff: 0.1, Sum: 1298.1]
      [GC Worker End (ms): Min: 169085.3, Avg: 169085.4, Max: 169085.4, Diff: 0.1]
   [Code Root Fixup: 0.0 ms]
   [Code Root Purge: 0.0 ms]
   [Clear CT: 0.2 ms]
   [Other: 0.9 ms]
      [Choose CSet: 0.0 ms]
      [Ref Proc: 0.2 ms]
      [Ref Enq: 0.0 ms]
      [Redirty Cards: 0.2 ms]
      [Humongous Register: 0.0 ms]
      [Humongous Reclaim: 0.0 ms]
      [Free CSet: 0.3 ms]
   [Eden: 263.0M(263.0M)->0.0B(262.0M) Survivors: 38.0M->38.0M Heap: 667.4M(2048.0M)->669.4M(2048.0M)]
 [Times: user=1.34 sys=0.00, real=0.16 secs] 
2020-09-29T12:23:29.081+0200: 169.236: [GC pause (G1 Evacuation Pause) (young), 0.1605449 secs]
   [Parallel Time: 159.5 ms, GC Workers: 8]
      [GC Worker Start (ms): Min: 169236.2, Avg: 169236.3, Max: 169236.4, Diff: 0.2]
      [Ext Root Scanning (ms): Min: 0.0, Avg: 0.1, Max: 0.2, Diff: 0.2, Sum: 0.5]
      [Update RS (ms): Min: 20.2, Avg: 20.6, Max: 21.0, Diff: 0.8, Sum: 165.0]
         [Processed Buffers: Min: 19, Avg: 21.0, Max: 23, Diff: 4, Sum: 168]
      [Scan RS (ms): Min: 13.3, Avg: 13.8, Max: 14.2, Diff: 0.9, Sum: 110.8]
      [Code Root Scanning (ms): Min: 0.0, Avg: 0.0, Max: 0.0, Diff: 0.0, Sum: 0.0]
      [Object Copy (ms): Min: 124.6, Avg: 124.7, Max: 124.8, Diff: 0.2, Sum: 997.6]
      [Termination (ms): Min: 0.0, Avg: 0.0, Max: 0.0, Diff: 0.0, Sum: 0.0]
         [Termination Attempts: Min: 1, Avg: 36.9, Max: 51, Diff: 50, Sum: 295]
      [GC Worker Other (ms): Min: 0.0, Avg: 0.0, Max: 0.1, Diff: 0.1, Sum: 0.3]
      [GC Worker Total (ms): Min: 159.2, Avg: 159.3, Max: 159.4, Diff: 0.2, Sum: 1274.2]
      [GC Worker End (ms): Min: 169395.5, Avg: 169395.6, Max: 169395.6, Diff: 0.1]
   [Code Root Fixup: 0.0 ms]
   [Code Root Purge: 0.0 ms]
   [Clear CT: 0.1 ms]
   [Other: 0.9 ms]
      [Choose CSet: 0.0 ms]
      [Ref Proc: 0.2 ms]
      [Ref Enq: 0.0 ms]
      [Redirty Cards: 0.2 ms]
      [Humongous Register: 0.0 ms]
      [Humongous Reclaim: 0.0 ms]
      [Free CSet: 0.3 ms]
   [Eden: 262.0M(262.0M)->0.0B(271.0M) Survivors: 38.0M->38.0M Heap: 973.3M(2048.0M)->975.3M(2048.0M)]
 [Times: user=1.38 sys=0.00, real=0.16 secs] 
2020-09-29T12:23:29.252+0200: 169.407: [GC pause (G1 Humongous Allocation) (young) (initial-mark), 0.0498510 secs]
   [Parallel Time: 48.8 ms, GC Workers: 8]
      [GC Worker Start (ms): Min: 169406.8, Avg: 169406.8, Max: 169406.9, Diff: 0.1]
      [Ext Root Scanning (ms): Min: 0.0, Avg: 0.2, Max: 0.5, Diff: 0.5, Sum: 1.4]
      [Update RS (ms): Min: 27.0, Avg: 27.6, Max: 27.9, Diff: 0.9, Sum: 220.9]
         [Processed Buffers: Min: 29, Avg: 34.1, Max: 36, Diff: 7, Sum: 273]
      [Scan RS (ms): Min: 2.3, Avg: 2.5, Max: 2.8, Diff: 0.6, Sum: 20.3]
      [Code Root Scanning (ms): Min: 0.0, Avg: 0.0, Max: 0.0, Diff: 0.0, Sum: 0.0]
      [Object Copy (ms): Min: 18.2, Avg: 18.2, Max: 18.2, Diff: 0.1, Sum: 145.7]
      [Termination (ms): Min: 0.0, Avg: 0.0, Max: 0.0, Diff: 0.0, Sum: 0.3]
         [Termination Attempts: Min: 1, Avg: 84.1, Max: 128, Diff: 127, Sum: 673]
      [GC Worker Other (ms): Min: 0.0, Avg: 0.0, Max: 0.0, Diff: 0.0, Sum: 0.1]
      [GC Worker Total (ms): Min: 48.5, Avg: 48.6, Max: 48.6, Diff: 0.1, Sum: 388.6]
      [GC Worker End (ms): Min: 169455.4, Avg: 169455.4, Max: 169455.4, Diff: 0.0]
   [Code Root Fixup: 0.0 ms]
   [Code Root Purge: 0.0 ms]
   [Clear CT: 0.3 ms]
   [Other: 0.8 ms]
      [Choose CSet: 0.0 ms]
      [Ref Proc: 0.2 ms]
      [Ref Enq: 0.0 ms]
      [Redirty Cards: 0.2 ms]
      [Humongous Register: 0.1 ms]
      [Humongous Reclaim: 0.0 ms]
      [Free CSet: 0.1 ms]
   [Eden: 1024.0K(271.0M)->0.0B(374.0M) Survivors: 38.0M->1024.0K Heap: 975.8M(2048.0M)->978.3M(2048.0M)]
 [Times: user=0.36 sys=0.00, real=0.05 secs] 
2020-09-29T12:23:29.302+0200: 169.457: [GC concurrent-root-region-scan-start]
2020-09-29T12:23:29.302+0200: 169.457: [GC concurrent-root-region-scan-end, 0.0001324 secs]
2020-09-29T12:23:29.302+0200: 169.457: [GC concurrent-mark-start]
2020-09-29T12:23:29.305+0200: 169.460: [GC concurrent-mark-end, 0.0035236 secs]
2020-09-29T12:23:29.306+0200: 169.461: [GC remark 2020-09-29T12:23:29.306+0200: 169.461: [Finalize Marking, 0.0002074 secs] 2020-09-29T12:23:29.306+0200: 169.461: [GC ref-proc, 0.0002997 secs] 2020-09-29T12:23:29.306+0200: 169.461: [Unloading, 0.0005183 secs], 0.0013702 secs]
 [Times: user=0.00 sys=0.00, real=0.00 secs] 
2020-09-29T12:23:29.308+0200: 169.462: [GC cleanup 988M->18M(2048M), 0.0012706 secs]
 [Times: user=0.00 sys=0.00, real=0.00 secs] 
2020-09-29T12:23:29.309+0200: 169.464: [GC concurrent-cleanup-start]
2020-09-29T12:23:29.311+0200: 169.466: [GC concurrent-cleanup-end, 0.0018318 secs]
2020-09-29T12:23:29.517+0200: 169.672: [GC pause (G1 Evacuation Pause) (young), 0.1954656 secs]
   [Parallel Time: 194.2 ms, GC Workers: 8]
      [GC Worker Start (ms): Min: 169671.8, Avg: 169671.9, Max: 169672.0, Diff: 0.2]
      [Ext Root Scanning (ms): Min: 0.0, Avg: 0.1, Max: 0.2, Diff: 0.2, Sum: 0.5]
      [Update RS (ms): Min: 13.8, Avg: 14.0, Max: 14.2, Diff: 0.4, Sum: 111.7]
         [Processed Buffers: Min: 13, Avg: 15.3, Max: 17, Diff: 4, Sum: 122]
      [Scan RS (ms): Min: 22.7, Avg: 23.0, Max: 23.2, Diff: 0.6, Sum: 183.9]
      [Code Root Scanning (ms): Min: 0.0, Avg: 0.0, Max: 0.0, Diff: 0.0, Sum: 0.0]
      [Object Copy (ms): Min: 156.8, Avg: 156.9, Max: 157.0, Diff: 0.2, Sum: 1255.5]
      [Termination (ms): Min: 0.0, Avg: 0.0, Max: 0.0, Diff: 0.0, Sum: 0.0]
         [Termination Attempts: Min: 1, Avg: 29.6, Max: 49, Diff: 48, Sum: 237]
      [GC Worker Other (ms): Min: 0.0, Avg: 0.0, Max: 0.1, Diff: 0.1, Sum: 0.3]
      [GC Worker Total (ms): Min: 193.9, Avg: 194.0, Max: 194.1, Diff: 0.2, Sum: 1551.9]
      [GC Worker End (ms): Min: 169865.9, Avg: 169865.9, Max: 169866.0, Diff: 0.1]
   [Code Root Fixup: 0.0 ms]
   [Code Root Purge: 0.0 ms]
   [Clear CT: 0.2 ms]
   [Other: 1.0 ms]
      [Choose CSet: 0.0 ms]
      [Ref Proc: 0.1 ms]
      [Ref Enq: 0.0 ms]
      [Redirty Cards: 0.3 ms]
      [Humongous Register: 0.0 ms]
      [Humongous Reclaim: 0.0 ms]
      [Free CSet: 0.3 ms]
   [Eden: 374.0M(374.0M)->0.0B(288.0M) Survivors: 1024.0K->47.0M Heap: 445.9M(2048.0M)->446.9M(2048.0M)]
 [Times: user=1.53 sys=0.09, real=0.19 secs] 
2020-09-29T12:23:29.876+0200: 170.031: [GC pause (G1 Evacuation Pause) (young), 0.1888726 secs]
   [Parallel Time: 187.7 ms, GC Workers: 8]
      [GC Worker Start (ms): Min: 170031.0, Avg: 170031.0, Max: 170031.1, Diff: 0.2]
      [Ext Root Scanning (ms): Min: 0.0, Avg: 0.1, Max: 0.1, Diff: 0.1, Sum: 0.6]
      [Update RS (ms): Min: 16.9, Avg: 17.3, Max: 17.5, Diff: 0.6, Sum: 138.5]
         [Processed Buffers: Min: 16, Avg: 16.5, Max: 18, Diff: 2, Sum: 132]
      [Scan RS (ms): Min: 21.1, Avg: 21.3, Max: 21.6, Diff: 0.6, Sum: 170.4]
      [Code Root Scanning (ms): Min: 0.0, Avg: 0.0, Max: 0.0, Diff: 0.0, Sum: 0.0]
      [Object Copy (ms): Min: 148.7, Avg: 148.8, Max: 148.8, Diff: 0.1, Sum: 1190.1]
      [Termination (ms): Min: 0.0, Avg: 0.0, Max: 0.0, Diff: 0.0, Sum: 0.0]
         [Termination Attempts: Min: 1, Avg: 26.3, Max: 41, Diff: 40, Sum: 210]
      [GC Worker Other (ms): Min: 0.0, Avg: 0.0, Max: 0.1, Diff: 0.0, Sum: 0.3]
      [GC Worker Total (ms): Min: 187.4, Avg: 187.5, Max: 187.5, Diff: 0.2, Sum: 1499.8]
      [GC Worker End (ms): Min: 170218.5, Avg: 170218.5, Max: 170218.6, Diff: 0.0]
   [Code Root Fixup: 0.0 ms]
   [Code Root Purge: 0.0 ms]
   [Clear CT: 0.3 ms]
   [Other: 0.9 ms]
      [Choose CSet: 0.0 ms]
      [Ref Proc: 0.1 ms]
      [Ref Enq: 0.0 ms]
      [Redirty Cards: 0.2 ms]
      [Humongous Register: 0.0 ms]
      [Humongous Reclaim: 0.0 ms]
      [Free CSet: 0.3 ms]
   [Eden: 288.0M(288.0M)->0.0B(265.0M) Survivors: 47.0M->42.0M Heap: 782.6M(2048.0M)->784.6M(2048.0M)]
 [Times: user=1.45 sys=0.00, real=0.19 secs] 
2020-09-29T12:23:30.219+0200: 170.374: [GC pause (G1 Evacuation Pause) (young), 0.1609089 secs]
   [Parallel Time: 159.7 ms, GC Workers: 8]
      [GC Worker Start (ms): Min: 170374.1, Avg: 170374.2, Max: 170374.2, Diff: 0.1]
      [Ext Root Scanning (ms): Min: 0.0, Avg: 0.1, Max: 0.2, Diff: 0.2, Sum: 0.7]
      [Update RS (ms): Min: 16.0, Avg: 16.4, Max: 17.0, Diff: 1.0, Sum: 131.1]
         [Processed Buffers: Min: 17, Avg: 18.1, Max: 19, Diff: 2, Sum: 145]
      [Scan RS (ms): Min: 13.5, Avg: 14.1, Max: 14.5, Diff: 1.0, Sum: 112.4]
      [Code Root Scanning (ms): Min: 0.0, Avg: 0.0, Max: 0.0, Diff: 0.0, Sum: 0.0]
      [Object Copy (ms): Min: 128.9, Avg: 128.9, Max: 128.9, Diff: 0.0, Sum: 1031.4]
      [Termination (ms): Min: 0.0, Avg: 0.0, Max: 0.0, Diff: 0.0, Sum: 0.2]
         [Termination Attempts: Min: 1, Avg: 176.6, Max: 222, Diff: 221, Sum: 1413]
      [GC Worker Other (ms): Min: 0.0, Avg: 0.0, Max: 0.0, Diff: 0.0, Sum: 0.2]
      [GC Worker Total (ms): Min: 159.4, Avg: 159.5, Max: 159.6, Diff: 0.1, Sum: 1276.0]
      [GC Worker End (ms): Min: 170533.7, Avg: 170533.7, Max: 170533.7, Diff: 0.0]
   [Code Root Fixup: 0.0 ms]
   [Code Root Purge: 0.0 ms]
   [Clear CT: 0.2 ms]
   [Other: 1.0 ms]
      [Choose CSet: 0.0 ms]
      [Ref Proc: 0.2 ms]
      [Ref Enq: 0.0 ms]
      [Redirty Cards: 0.3 ms]
      [Humongous Register: 0.0 ms]
      [Humongous Reclaim: 0.0 ms]
      [Free CSet: 0.3 ms]
   [Eden: 265.0M(265.0M)->0.0B(274.0M) Survivors: 42.0M->39.0M Heap: 1093.5M(2048.0M)->1095.0M(2048.0M)]
 [Times: user=1.28 sys=0.00, real=0.16 secs] 
2020-09-29T12:23:30.387+0200: 170.542: [GC pause (G1 Humongous Allocation) (young) (initial-mark), 0.0533794 secs]
   [Parallel Time: 52.3 ms, GC Workers: 8]
      [GC Worker Start (ms): Min: 170542.5, Avg: 170542.5, Max: 170542.6, Diff: 0.2]
      [Ext Root Scanning (ms): Min: 0.0, Avg: 0.3, Max: 0.9, Diff: 0.9, Sum: 2.6]
      [Update RS (ms): Min: 32.8, Avg: 33.3, Max: 33.6, Diff: 0.8, Sum: 266.4]
         [Processed Buffers: Min: 36, Avg: 40.0, Max: 43, Diff: 7, Sum: 320]
      [Scan RS (ms): Min: 2.4, Avg: 2.5, Max: 2.6, Diff: 0.3, Sum: 19.7]
      [Code Root Scanning (ms): Min: 0.0, Avg: 0.0, Max: 0.0, Diff: 0.0, Sum: 0.0]
      [Object Copy (ms): Min: 16.0, Avg: 16.0, Max: 16.1, Diff: 0.1, Sum: 128.3]
      [Termination (ms): Min: 0.0, Avg: 0.0, Max: 0.0, Diff: 0.0, Sum: 0.1]
         [Termination Attempts: Min: 1, Avg: 39.3, Max: 59, Diff: 58, Sum: 314]
      [GC Worker Other (ms): Min: 0.0, Avg: 0.0, Max: 0.0, Diff: 0.0, Sum: 0.1]
      [GC Worker Total (ms): Min: 52.1, Avg: 52.2, Max: 52.2, Diff: 0.2, Sum: 417.2]
      [GC Worker End (ms): Min: 170594.7, Avg: 170594.7, Max: 170594.7, Diff: 0.0]
   [Code Root Fixup: 0.0 ms]
   [Code Root Purge: 0.0 ms]
   [Clear CT: 0.2 ms]
   [Other: 1.0 ms]
      [Choose CSet: 0.0 ms]
      [Ref Proc: 0.3 ms]
      [Ref Enq: 0.0 ms]
      [Redirty Cards: 0.2 ms]
      [Humongous Register: 0.1 ms]
      [Humongous Reclaim: 0.0 ms]
      [Free CSet: 0.1 ms]
   [Eden: 1024.0K(274.0M)->0.0B(387.0M) Survivors: 39.0M->3072.0K Heap: 1095.5M(2048.0M)->1100.0M(2048.0M)]
 [Times: user=0.38 sys=0.00, real=0.05 secs] 
2020-09-29T12:23:30.441+0200: 170.596: [GC concurrent-root-region-scan-start]
2020-09-29T12:23:30.441+0200: 170.596: [GC concurrent-root-region-scan-end, 0.0001384 secs]
2020-09-29T12:23:30.441+0200: 170.596: [GC concurrent-mark-start]
2020-09-29T12:23:30.445+0200: 170.599: [GC concurrent-mark-end, 0.0035857 secs]
2020-09-29T12:23:30.445+0200: 170.600: [GC remark 2020-09-29T12:23:30.445+0200: 170.600: [Finalize Marking, 0.0003332 secs] 2020-09-29T12:23:30.445+0200: 170.600: [GC ref-proc, 0.0002975 secs] 2020-09-29T12:23:30.446+0200: 170.600: [Unloading, 0.0004749 secs], 0.0014684 secs]
 [Times: user=0.00 sys=0.00, real=0.00 secs] 
2020-09-29T12:23:30.447+0200: 170.602: [GC cleanup 1108M->19M(2048M), 0.0012912 secs]
 [Times: user=0.00 sys=0.00, real=0.00 secs] 
2020-09-29T12:23:30.448+0200: 170.603: [GC concurrent-cleanup-start]
2020-09-29T12:23:30.450+0200: 170.604: [GC concurrent-cleanup-end, 0.0014549 secs]
2020-09-29T12:23:30.662+0200: 170.817: [GC pause (G1 Evacuation Pause) (young), 0.2189698 secs]
   [Parallel Time: 217.5 ms, GC Workers: 8]
      [GC Worker Start (ms): Min: 170817.1, Avg: 170817.2, Max: 170817.3, Diff: 0.2]
      [Ext Root Scanning (ms): Min: 0.0, Avg: 0.1, Max: 0.2, Diff: 0.2, Sum: 0.5]
      [Update RS (ms): Min: 19.6, Avg: 19.9, Max: 20.6, Diff: 1.0, Sum: 159.0]
         [Processed Buffers: Min: 16, Avg: 18.3, Max: 20, Diff: 4, Sum: 146]
      [Scan RS (ms): Min: 27.7, Avg: 28.5, Max: 28.8, Diff: 1.1, Sum: 227.6]
      [Code Root Scanning (ms): Min: 0.0, Avg: 0.0, Max: 0.0, Diff: 0.0, Sum: 0.0]
      [Object Copy (ms): Min: 168.6, Avg: 168.7, Max: 168.8, Diff: 0.2, Sum: 1349.7]
      [Termination (ms): Min: 0.0, Avg: 0.2, Max: 0.2, Diff: 0.2, Sum: 1.4]
         [Termination Attempts: Min: 1, Avg: 416.0, Max: 596, Diff: 595, Sum: 3328]
      [GC Worker Other (ms): Min: 0.0, Avg: 0.0, Max: 0.0, Diff: 0.0, Sum: 0.1]
      [GC Worker Total (ms): Min: 217.2, Avg: 217.3, Max: 217.4, Diff: 0.2, Sum: 1738.4]
      [GC Worker End (ms): Min: 171034.5, Avg: 171034.5, Max: 171034.5, Diff: 0.0]
   [Code Root Fixup: 0.0 ms]
   [Code Root Purge: 0.0 ms]
   [Clear CT: 0.3 ms]
   [Other: 1.1 ms]
      [Choose CSet: 0.0 ms]
      [Ref Proc: 0.2 ms]
      [Ref Enq: 0.0 ms]
      [Redirty Cards: 0.3 ms]
      [Humongous Register: 0.0 ms]
      [Humongous Reclaim: 0.0 ms]
      [Free CSet: 0.4 ms]
   [Eden: 387.0M(387.0M)->0.0B(282.0M) Survivors: 3072.0K->49.0M Heap: 462.4M(2048.0M)->462.4M(2048.0M)]
 [Times: user=1.64 sys=0.06, real=0.22 secs] 
2020-09-29T12:23:31.041+0200: 171.196: [GC pause (G1 Evacuation Pause) (young), 0.1765159 secs]
   [Parallel Time: 175.5 ms, GC Workers: 8]
      [GC Worker Start (ms): Min: 171196.0, Avg: 171196.1, Max: 171196.2, Diff: 0.2]
      [Ext Root Scanning (ms): Min: 0.0, Avg: 0.1, Max: 0.2, Diff: 0.2, Sum: 0.5]
      [Update RS (ms): Min: 15.3, Avg: 15.5, Max: 16.0, Diff: 0.7, Sum: 123.7]
         [Processed Buffers: Min: 15, Avg: 16.8, Max: 19, Diff: 4, Sum: 134]
      [Scan RS (ms): Min: 17.6, Avg: 18.3, Max: 18.5, Diff: 0.9, Sum: 146.1]
      [Code Root Scanning (ms): Min: 0.0, Avg: 0.0, Max: 0.0, Diff: 0.0, Sum: 0.0]
      [Object Copy (ms): Min: 141.3, Avg: 141.4, Max: 141.4, Diff: 0.2, Sum: 1131.1]
      [Termination (ms): Min: 0.0, Avg: 0.1, Max: 0.1, Diff: 0.1, Sum: 0.5]
         [Termination Attempts: Min: 1, Avg: 427.9, Max: 540, Diff: 539, Sum: 3423]
      [GC Worker Other (ms): Min: 0.0, Avg: 0.0, Max: 0.1, Diff: 0.0, Sum: 0.3]
      [GC Worker Total (ms): Min: 175.2, Avg: 175.3, Max: 175.4, Diff: 0.2, Sum: 1402.2]
      [GC Worker End (ms): Min: 171371.4, Avg: 171371.4, Max: 171371.4, Diff: 0.0]
   [Code Root Fixup: 0.0 ms]
   [Code Root Purge: 0.0 ms]
   [Clear CT: 0.2 ms]
   [Other: 0.8 ms]
      [Choose CSet: 0.0 ms]
      [Ref Proc: 0.1 ms]
      [Ref Enq: 0.0 ms]
      [Redirty Cards: 0.2 ms]
      [Humongous Register: 0.0 ms]
      [Humongous Reclaim: 0.0 ms]
      [Free CSet: 0.2 ms]
   [Eden: 282.0M(282.0M)->0.0B(274.0M) Survivors: 49.0M->42.0M Heap: 792.0M(2048.0M)->794.5M(2048.0M)]
 [Times: user=1.38 sys=0.00, real=0.18 secs] 
2020-09-29T12:23:31.361+0200: 171.516: [GC pause (G1 Evacuation Pause) (young), 0.1775808 secs]
   [Parallel Time: 176.4 ms, GC Workers: 8]
      [GC Worker Start (ms): Min: 171515.7, Avg: 171515.7, Max: 171515.7, Diff: 0.1]
      [Ext Root Scanning (ms): Min: 0.0, Avg: 0.1, Max: 0.1, Diff: 0.1, Sum: 0.8]
      [Update RS (ms): Min: 22.6, Avg: 22.7, Max: 23.1, Diff: 0.5, Sum: 181.6]
         [Processed Buffers: Min: 19, Avg: 21.4, Max: 23, Diff: 4, Sum: 171]
      [Scan RS (ms): Min: 15.9, Avg: 16.4, Max: 16.7, Diff: 0.7, Sum: 130.8]
      [Code Root Scanning (ms): Min: 0.0, Avg: 0.0, Max: 0.0, Diff: 0.0, Sum: 0.0]
      [Object Copy (ms): Min: 136.8, Avg: 137.0, Max: 137.2, Diff: 0.4, Sum: 1095.8]
      [Termination (ms): Min: 0.0, Avg: 0.1, Max: 0.2, Diff: 0.2, Sum: 1.1]
         [Termination Attempts: Min: 1, Avg: 916.4, Max: 1382, Diff: 1381, Sum: 7331]
      [GC Worker Other (ms): Min: 0.0, Avg: 0.0, Max: 0.1, Diff: 0.0, Sum: 0.3]
      [GC Worker Total (ms): Min: 176.2, Avg: 176.3, Max: 176.4, Diff: 0.1, Sum: 1410.4]
      [GC Worker End (ms): Min: 171692.0, Avg: 171692.0, Max: 171692.0, Diff: 0.0]
   [Code Root Fixup: 0.0 ms]
   [Code Root Purge: 0.0 ms]
   [Clear CT: 0.2 ms]
   [Other: 1.0 ms]
      [Choose CSet: 0.0 ms]
      [Ref Proc: 0.2 ms]
      [Ref Enq: 0.0 ms]
      [Redirty Cards: 0.2 ms]
      [Humongous Register: 0.0 ms]
      [Humongous Reclaim: 0.0 ms]
      [Free CSet: 0.3 ms]
   [Eden: 274.0M(274.0M)->0.0B(268.0M) Survivors: 42.0M->40.0M Heap: 1114.3M(2048.0M)->1116.3M(2048.0M)]
 [Times: user=1.50 sys=0.00, real=0.18 secs] 
2020-09-29T12:23:31.550+0200: 171.705: [GC pause (G1 Humongous Allocation) (young) (initial-mark), 0.0547988 secs]
   [Parallel Time: 53.9 ms, GC Workers: 8]
      [GC Worker Start (ms): Min: 171705.2, Avg: 171705.3, Max: 171705.3, Diff: 0.1]
      [Ext Root Scanning (ms): Min: 0.0, Avg: 0.1, Max: 0.1, Diff: 0.1, Sum: 0.7]
      [Update RS (ms): Min: 28.8, Avg: 29.1, Max: 29.4, Diff: 0.6, Sum: 233.0]
         [Processed Buffers: Min: 32, Avg: 35.4, Max: 37, Diff: 5, Sum: 283]
      [Scan RS (ms): Min: 2.3, Avg: 2.6, Max: 3.0, Diff: 0.7, Sum: 20.7]
      [Code Root Scanning (ms): Min: 0.0, Avg: 0.0, Max: 0.0, Diff: 0.0, Sum: 0.0]
      [Object Copy (ms): Min: 21.8, Avg: 21.9, Max: 21.9, Diff: 0.1, Sum: 174.9]
      [Termination (ms): Min: 0.0, Avg: 0.0, Max: 0.0, Diff: 0.0, Sum: 0.2]
         [Termination Attempts: Min: 1, Avg: 223.4, Max: 275, Diff: 274, Sum: 1787]
      [GC Worker Other (ms): Min: 0.0, Avg: 0.0, Max: 0.0, Diff: 0.0, Sum: 0.2]
      [GC Worker Total (ms): Min: 53.7, Avg: 53.7, Max: 53.8, Diff: 0.1, Sum: 429.7]
      [GC Worker End (ms): Min: 171759.0, Avg: 171759.0, Max: 171759.0, Diff: 0.0]
   [Code Root Fixup: 0.0 ms]
   [Code Root Purge: 0.0 ms]
   [Clear CT: 0.1 ms]
   [Other: 0.8 ms]
      [Choose CSet: 0.0 ms]
      [Ref Proc: 0.1 ms]
      [Ref Enq: 0.0 ms]
      [Redirty Cards: 0.2 ms]
      [Humongous Register: 0.1 ms]
      [Humongous Reclaim: 0.0 ms]
      [Free CSet: 0.1 ms]
   [Eden: 7168.0K(268.0M)->0.0B(309.0M) Survivors: 40.0M->10.0M Heap: 1123.3M(2048.0M)->1127.8M(2048.0M)]
 [Times: user=0.50 sys=0.00, real=0.06 secs] 
2020-09-29T12:23:31.605+0200: 171.760: [GC concurrent-root-region-scan-start]
2020-09-29T12:23:31.607+0200: 171.762: [GC concurrent-root-region-scan-end, 0.0021374 secs]
2020-09-29T12:23:31.607+0200: 171.762: [GC concurrent-mark-start]
2020-09-29T12:23:31.611+0200: 171.766: [GC concurrent-mark-end, 0.0036085 secs]
2020-09-29T12:23:31.611+0200: 171.766: [GC remark 2020-09-29T12:23:31.611+0200: 171.766: [Finalize Marking, 0.0002229 secs] 2020-09-29T12:23:31.611+0200: 171.766: [GC ref-proc, 0.0003358 secs] 2020-09-29T12:23:31.612+0200: 171.767: [Unloading, 0.0005198 secs], 0.0014199 secs]
 [Times: user=0.00 sys=0.00, real=0.00 secs] 
2020-09-29T12:23:31.613+0200: 171.768: [GC cleanup 1140M->30M(2048M), 0.0014231 secs]
 [Times: user=0.02 sys=0.01, real=0.00 secs] 
2020-09-29T12:23:31.615+0200: 171.769: [GC concurrent-cleanup-start]
2020-09-29T12:23:31.616+0200: 171.771: [GC concurrent-cleanup-end, 0.0017976 secs]
2020-09-29T12:23:31.777+0200: 171.932: [GC pause (G1 Evacuation Pause) (young), 0.1792533 secs]
   [Parallel Time: 178.1 ms, GC Workers: 8]
      [GC Worker Start (ms): Min: 171931.9, Avg: 171932.0, Max: 171932.1, Diff: 0.2]
      [Ext Root Scanning (ms): Min: 0.0, Avg: 0.1, Max: 0.2, Diff: 0.2, Sum: 0.6]
      [Update RS (ms): Min: 17.2, Avg: 17.5, Max: 17.9, Diff: 0.8, Sum: 140.2]
         [Processed Buffers: Min: 4, Avg: 15.4, Max: 19, Diff: 15, Sum: 123]
      [Scan RS (ms): Min: 17.3, Avg: 17.8, Max: 18.1, Diff: 0.8, Sum: 142.0]
      [Code Root Scanning (ms): Min: 0.0, Avg: 0.0, Max: 0.0, Diff: 0.0, Sum: 0.0]
      [Object Copy (ms): Min: 142.3, Avg: 142.4, Max: 142.5, Diff: 0.2, Sum: 1139.5]
      [Termination (ms): Min: 0.0, Avg: 0.0, Max: 0.0, Diff: 0.0, Sum: 0.0]
         [Termination Attempts: Min: 1, Avg: 14.5, Max: 22, Diff: 21, Sum: 116]
      [GC Worker Other (ms): Min: 0.0, Avg: 0.1, Max: 0.1, Diff: 0.1, Sum: 0.5]
      [GC Worker Total (ms): Min: 177.8, Avg: 177.8, Max: 177.9, Diff: 0.1, Sum: 1422.8]
      [GC Worker End (ms): Min: 172109.8, Avg: 172109.8, Max: 172109.9, Diff: 0.1]
   [Code Root Fixup: 0.0 ms]
   [Code Root Purge: 0.0 ms]
   [Clear CT: 0.2 ms]
   [Other: 1.0 ms]
      [Choose CSet: 0.0 ms]
      [Ref Proc: 0.2 ms]
      [Ref Enq: 0.0 ms]
      [Redirty Cards: 0.2 ms]
      [Humongous Register: 0.0 ms]
      [Humongous Reclaim: 0.0 ms]
      [Free CSet: 0.3 ms]
   [Eden: 309.0M(309.0M)->0.0B(275.0M) Survivors: 10.0M->40.0M Heap: 378.0M(2048.0M)->371.0M(2048.0M)]
 [Times: user=1.34 sys=0.00, real=0.18 secs] 
2020-09-29T12:23:32.123+0200: 172.277: [GC pause (G1 Evacuation Pause) (young), 0.1688243 secs]
   [Parallel Time: 167.8 ms, GC Workers: 8]
      [GC Worker Start (ms): Min: 172277.4, Avg: 172277.5, Max: 172277.6, Diff: 0.2]
      [Ext Root Scanning (ms): Min: 0.0, Avg: 0.1, Max: 0.2, Diff: 0.2, Sum: 0.5]
      [Update RS (ms): Min: 20.7, Avg: 20.9, Max: 22.0, Diff: 1.3, Sum: 167.4]
         [Processed Buffers: Min: 20, Avg: 22.9, Max: 27, Diff: 7, Sum: 183]
      [Scan RS (ms): Min: 13.5, Avg: 14.5, Max: 14.9, Diff: 1.4, Sum: 116.2]
      [Code Root Scanning (ms): Min: 0.0, Avg: 0.0, Max: 0.0, Diff: 0.0, Sum: 0.0]
      [Object Copy (ms): Min: 131.8, Avg: 131.9, Max: 132.1, Diff: 0.2, Sum: 1055.6]
      [Termination (ms): Min: 0.0, Avg: 0.1, Max: 0.2, Diff: 0.2, Sum: 1.2]
         [Termination Attempts: Min: 1, Avg: 927.6, Max: 1361, Diff: 1360, Sum: 7421]
      [GC Worker Other (ms): Min: 0.0, Avg: 0.0, Max: 0.1, Diff: 0.1, Sum: 0.3]
      [GC Worker Total (ms): Min: 167.6, Avg: 167.6, Max: 167.7, Diff: 0.2, Sum: 1341.1]
      [GC Worker End (ms): Min: 172445.2, Avg: 172445.2, Max: 172445.2, Diff: 0.1]
   [Code Root Fixup: 0.0 ms]
   [Code Root Purge: 0.0 ms]
   [Clear CT: 0.1 ms]
   [Other: 0.9 ms]
      [Choose CSet: 0.0 ms]
      [Ref Proc: 0.1 ms]
      [Ref Enq: 0.0 ms]
      [Redirty Cards: 0.2 ms]
      [Humongous Register: 0.0 ms]
      [Humongous Reclaim: 0.0 ms]
      [Free CSet: 0.3 ms]
   [Eden: 275.0M(275.0M)->0.0B(279.0M) Survivors: 40.0M->40.0M Heap: 693.7M(2048.0M)->695.2M(2048.0M)]
 [Times: user=1.38 sys=0.00, real=0.17 secs] 
2020-09-29T12:23:32.462+0200: 172.617: [GC pause (G1 Evacuation Pause) (young), 0.1844113 secs]
   [Parallel Time: 183.3 ms, GC Workers: 8]
      [GC Worker Start (ms): Min: 172616.8, Avg: 172616.9, Max: 172617.0, Diff: 0.2]
      [Ext Root Scanning (ms): Min: 0.0, Avg: 0.1, Max: 0.2, Diff: 0.2, Sum: 0.5]
      [Update RS (ms): Min: 21.5, Avg: 21.6, Max: 21.9, Diff: 0.4, Sum: 173.1]
         [Processed Buffers: Min: 18, Avg: 19.9, Max: 23, Diff: 5, Sum: 159]
      [Scan RS (ms): Min: 21.0, Avg: 21.3, Max: 21.4, Diff: 0.5, Sum: 170.3]
      [Code Root Scanning (ms): Min: 0.0, Avg: 0.0, Max: 0.0, Diff: 0.0, Sum: 0.0]
      [Object Copy (ms): Min: 139.8, Avg: 139.9, Max: 140.0, Diff: 0.2, Sum: 1119.2]
      [Termination (ms): Min: 0.0, Avg: 0.1, Max: 0.1, Diff: 0.1, Sum: 0.6]
         [Termination Attempts: Min: 1, Avg: 548.8, Max: 667, Diff: 666, Sum: 4390]
      [GC Worker Other (ms): Min: 0.0, Avg: 0.0, Max: 0.1, Diff: 0.1, Sum: 0.3]
      [GC Worker Total (ms): Min: 182.9, Avg: 183.0, Max: 183.1, Diff: 0.2, Sum: 1464.1]
      [GC Worker End (ms): Min: 172799.9, Avg: 172799.9, Max: 172800.0, Diff: 0.1]
   [Code Root Fixup: 0.0 ms]
   [Code Root Purge: 0.0 ms]
   [Clear CT: 0.1 ms]
   [Other: 1.0 ms]
      [Choose CSet: 0.0 ms]
      [Ref Proc: 0.1 ms]
      [Ref Enq: 0.0 ms]
      [Redirty Cards: 0.3 ms]
      [Humongous Register: 0.0 ms]
      [Humongous Reclaim: 0.0 ms]
      [Free CSet: 0.3 ms]
   [Eden: 279.0M(279.0M)->0.0B(266.0M) Survivors: 40.0M->40.0M Heap: 1020.0M(2048.0M)->1022.0M(2048.0M)]
 [Times: user=1.36 sys=0.03, real=0.18 secs] 
2020-09-29T12:23:32.663+0200: 172.818: [GC pause (G1 Humongous Allocation) (young) (initial-mark), 0.0453227 secs]
   [Parallel Time: 44.1 ms, GC Workers: 8]
      [GC Worker Start (ms): Min: 172818.3, Avg: 172818.3, Max: 172818.4, Diff: 0.2]
      [Ext Root Scanning (ms): Min: 0.0, Avg: 0.2, Max: 0.6, Diff: 0.6, Sum: 1.7]
      [Update RS (ms): Min: 21.2, Avg: 21.6, Max: 22.0, Diff: 0.9, Sum: 173.1]
         [Processed Buffers: Min: 22, Avg: 26.8, Max: 29, Diff: 7, Sum: 214]
      [Scan RS (ms): Min: 2.3, Avg: 2.6, Max: 3.0, Diff: 0.8, Sum: 20.9]
      [Code Root Scanning (ms): Min: 0.0, Avg: 0.0, Max: 0.0, Diff: 0.0, Sum: 0.0]
      [Object Copy (ms): Min: 19.1, Avg: 19.4, Max: 19.5, Diff: 0.4, Sum: 155.1]
      [Termination (ms): Min: 0.0, Avg: 0.0, Max: 0.0, Diff: 0.0, Sum: 0.0]
         [Termination Attempts: Min: 1, Avg: 17.6, Max: 28, Diff: 27, Sum: 141]
      [GC Worker Other (ms): Min: 0.0, Avg: 0.0, Max: 0.1, Diff: 0.0, Sum: 0.2]
      [GC Worker Total (ms): Min: 43.8, Avg: 43.9, Max: 44.0, Diff: 0.2, Sum: 351.0]
      [GC Worker End (ms): Min: 172862.2, Avg: 172862.2, Max: 172862.2, Diff: 0.0]
   [Code Root Fixup: 0.0 ms]
   [Code Root Purge: 0.0 ms]
   [Clear CT: 0.2 ms]
   [Other: 1.0 ms]
      [Choose CSet: 0.0 ms]
      [Ref Proc: 0.2 ms]
      [Ref Enq: 0.0 ms]
      [Redirty Cards: 0.4 ms]
      [Humongous Register: 0.1 ms]
      [Humongous Reclaim: 0.0 ms]
      [Free CSet: 0.1 ms]
   [Eden: 7168.0K(266.0M)->0.0B(323.0M) Survivors: 40.0M->9216.0K Heap: 1029.0M(2048.0M)->1033.0M(2048.0M)]
 [Times: user=0.27 sys=0.02, real=0.05 secs] 
2020-09-29T12:23:32.709+0200: 172.864: [GC concurrent-root-region-scan-start]
2020-09-29T12:23:32.711+0200: 172.866: [GC concurrent-root-region-scan-end, 0.0027925 secs]
2020-09-29T12:23:32.712+0200: 172.866: [GC concurrent-mark-start]
2020-09-29T12:23:32.716+0200: 172.870: [GC concurrent-mark-end, 0.0040114 secs]
2020-09-29T12:23:32.716+0200: 172.871: [GC remark 2020-09-29T12:23:32.716+0200: 172.871: [Finalize Marking, 0.0002271 secs] 2020-09-29T12:23:32.716+0200: 172.871: [GC ref-proc, 0.0002820 secs] 2020-09-29T12:23:32.716+0200: 172.871: [Unloading, 0.0004851 secs], 0.0013400 secs]
 [Times: user=0.00 sys=0.00, real=0.00 secs] 
2020-09-29T12:23:32.718+0200: 172.872: [GC cleanup 1049M->33M(2048M), 0.0031650 secs]
 [Times: user=0.00 sys=0.00, real=0.00 secs] 
2020-09-29T12:23:32.721+0200: 172.876: [GC concurrent-cleanup-start]
2020-09-29T12:23:32.723+0200: 172.877: [GC concurrent-cleanup-end, 0.0016885 secs]
2020-09-29T12:23:32.888+0200: 173.043: [GC pause (G1 Evacuation Pause) (young), 0.1806485 secs]
   [Parallel Time: 179.4 ms, GC Workers: 8]
      [GC Worker Start (ms): Min: 173043.4, Avg: 173043.5, Max: 173043.7, Diff: 0.3]
      [Ext Root Scanning (ms): Min: 0.0, Avg: 0.1, Max: 0.2, Diff: 0.2, Sum: 0.6]
      [Update RS (ms): Min: 12.4, Avg: 12.6, Max: 13.1, Diff: 0.7, Sum: 100.7]
         [Processed Buffers: Min: 12, Avg: 14.4, Max: 17, Diff: 5, Sum: 115]
      [Scan RS (ms): Min: 19.7, Avg: 20.4, Max: 20.6, Diff: 0.9, Sum: 162.9]
      [Code Root Scanning (ms): Min: 0.0, Avg: 0.0, Max: 0.0, Diff: 0.0, Sum: 0.0]
      [Object Copy (ms): Min: 145.8, Avg: 146.0, Max: 146.1, Diff: 0.3, Sum: 1168.1]
      [Termination (ms): Min: 0.0, Avg: 0.1, Max: 0.1, Diff: 0.1, Sum: 0.7]
         [Termination Attempts: Min: 1, Avg: 670.4, Max: 813, Diff: 812, Sum: 5363]
      [GC Worker Other (ms): Min: 0.0, Avg: 0.0, Max: 0.1, Diff: 0.1, Sum: 0.3]
      [GC Worker Total (ms): Min: 179.1, Avg: 179.2, Max: 179.3, Diff: 0.3, Sum: 1433.3]
      [GC Worker End (ms): Min: 173222.7, Avg: 173222.7, Max: 173222.7, Diff: 0.1]
   [Code Root Fixup: 0.0 ms]
   [Code Root Purge: 0.0 ms]
   [Clear CT: 0.1 ms]
   [Other: 1.1 ms]
      [Choose CSet: 0.0 ms]
      [Ref Proc: 0.2 ms]
      [Ref Enq: 0.0 ms]
      [Redirty Cards: 0.3 ms]
      [Humongous Register: 0.0 ms]
      [Humongous Reclaim: 0.0 ms]
      [Free CSet: 0.3 ms]
   [Eden: 323.0M(323.0M)->0.0B(285.0M) Survivors: 9216.0K->42.0M Heap: 395.3M(2048.0M)->388.3M(2048.0M)]
 [Times: user=1.47 sys=0.02, real=0.18 secs] 
2020-09-29T12:23:33.235+0200: 173.390: [GC pause (G1 Evacuation Pause) (young), 0.1821885 secs]
   [Parallel Time: 181.0 ms, GC Workers: 8]
      [GC Worker Start (ms): Min: 173389.7, Avg: 173389.8, Max: 173389.8, Diff: 0.2]
      [Ext Root Scanning (ms): Min: 0.0, Avg: 0.1, Max: 0.1, Diff: 0.1, Sum: 0.5]
      [Update RS (ms): Min: 14.7, Avg: 14.8, Max: 15.1, Diff: 0.4, Sum: 118.7]
         [Processed Buffers: Min: 13, Avg: 15.4, Max: 18, Diff: 5, Sum: 123]
      [Scan RS (ms): Min: 21.5, Avg: 21.8, Max: 21.9, Diff: 0.4, Sum: 174.0]
      [Code Root Scanning (ms): Min: 0.0, Avg: 0.0, Max: 0.0, Diff: 0.0, Sum: 0.0]
      [Object Copy (ms): Min: 143.7, Avg: 143.8, Max: 144.0, Diff: 0.3, Sum: 1150.6]
      [Termination (ms): Min: 0.0, Avg: 0.2, Max: 0.3, Diff: 0.3, Sum: 1.5]
         [Termination Attempts: Min: 1, Avg: 1178.3, Max: 1716, Diff: 1715, Sum: 9426]
      [GC Worker Other (ms): Min: 0.0, Avg: 0.0, Max: 0.1, Diff: 0.1, Sum: 0.3]
      [GC Worker Total (ms): Min: 180.6, Avg: 180.7, Max: 180.8, Diff: 0.2, Sum: 1445.6]
      [GC Worker End (ms): Min: 173570.5, Avg: 173570.5, Max: 173570.5, Diff: 0.1]
   [Code Root Fixup: 0.0 ms]
   [Code Root Purge: 0.0 ms]
   [Clear CT: 0.2 ms]
   [Other: 1.1 ms]
      [Choose CSet: 0.0 ms]
      [Ref Proc: 0.2 ms]
      [Ref Enq: 0.0 ms]
      [Redirty Cards: 0.2 ms]
      [Humongous Register: 0.0 ms]
      [Humongous Reclaim: 0.0 ms]
      [Free CSet: 0.3 ms]
   [Eden: 285.0M(285.0M)->0.0B(275.0M) Survivors: 42.0M->41.0M Heap: 721.0M(2048.0M)->723.0M(2048.0M)]
 [Times: user=1.50 sys=0.00, real=0.18 secs] 
2020-09-29T12:23:33.581+0200: 173.735: [GC pause (G1 Evacuation Pause) (young), 0.1756367 secs]
   [Parallel Time: 174.6 ms, GC Workers: 8]
      [GC Worker Start (ms): Min: 173735.5, Avg: 173735.6, Max: 173735.6, Diff: 0.1]
      [Ext Root Scanning (ms): Min: 0.0, Avg: 0.1, Max: 0.2, Diff: 0.1, Sum: 0.7]
      [Update RS (ms): Min: 18.5, Avg: 18.6, Max: 18.7, Diff: 0.2, Sum: 148.6]
         [Processed Buffers: Min: 15, Avg: 17.9, Max: 21, Diff: 6, Sum: 143]
      [Scan RS (ms): Min: 19.9, Avg: 19.9, Max: 20.0, Diff: 0.1, Sum: 159.3]
      [Code Root Scanning (ms): Min: 0.0, Avg: 0.0, Max: 0.0, Diff: 0.0, Sum: 0.0]
      [Object Copy (ms): Min: 135.6, Avg: 135.7, Max: 135.8, Diff: 0.2, Sum: 1085.5]
      [Termination (ms): Min: 0.0, Avg: 0.1, Max: 0.1, Diff: 0.1, Sum: 0.4]
         [Termination Attempts: Min: 1, Avg: 338.1, Max: 455, Diff: 454, Sum: 2705]
      [GC Worker Other (ms): Min: 0.0, Avg: 0.1, Max: 0.1, Diff: 0.1, Sum: 0.5]
      [GC Worker Total (ms): Min: 174.3, Avg: 174.4, Max: 174.5, Diff: 0.2, Sum: 1395.1]
      [GC Worker End (ms): Min: 173909.9, Avg: 173910.0, Max: 173910.0, Diff: 0.1]
   [Code Root Fixup: 0.0 ms]
   [Code Root Purge: 0.0 ms]
   [Clear CT: 0.2 ms]
   [Other: 0.9 ms]
      [Choose CSet: 0.0 ms]
      [Ref Proc: 0.1 ms]
      [Ref Enq: 0.0 ms]
      [Redirty Cards: 0.2 ms]
      [Humongous Register: 0.0 ms]
      [Humongous Reclaim: 0.0 ms]
      [Free CSet: 0.3 ms]
   [Eden: 275.0M(275.0M)->0.0B(273.0M) Survivors: 41.0M->40.0M Heap: 1043.8M(2048.0M)->1046.3M(2048.0M)]
 [Times: user=1.50 sys=0.00, real=0.17 secs] 
2020-09-29T12:23:33.772+0200: 173.927: [GC pause (G1 Humongous Allocation) (young) (initial-mark), 0.0515778 secs]
   [Parallel Time: 50.4 ms, GC Workers: 8]
      [GC Worker Start (ms): Min: 173927.2, Avg: 173927.3, Max: 173927.4, Diff: 0.2]
      [Ext Root Scanning (ms): Min: 0.0, Avg: 0.2, Max: 0.3, Diff: 0.3, Sum: 1.5]
      [Update RS (ms): Min: 24.2, Avg: 24.4, Max: 24.8, Diff: 0.6, Sum: 195.3]
         [Processed Buffers: Min: 26, Avg: 29.8, Max: 32, Diff: 6, Sum: 238]
      [Scan RS (ms): Min: 2.8, Avg: 3.1, Max: 3.3, Diff: 0.5, Sum: 25.1]
      [Code Root Scanning (ms): Min: 0.0, Avg: 0.0, Max: 0.0, Diff: 0.0, Sum: 0.0]
      [Object Copy (ms): Min: 22.3, Avg: 22.3, Max: 22.4, Diff: 0.1, Sum: 178.5]
      [Termination (ms): Min: 0.0, Avg: 0.0, Max: 0.0, Diff: 0.0, Sum: 0.0]
         [Termination Attempts: Min: 1, Avg: 21.3, Max: 35, Diff: 34, Sum: 170]
      [GC Worker Other (ms): Min: 0.0, Avg: 0.0, Max: 0.0, Diff: 0.0, Sum: 0.1]
      [GC Worker Total (ms): Min: 49.9, Avg: 50.1, Max: 50.2, Diff: 0.2, Sum: 400.6]
      [GC Worker End (ms): Min: 173977.4, Avg: 173977.4, Max: 173977.4, Diff: 0.0]
   [Code Root Fixup: 0.0 ms]
   [Code Root Purge: 0.0 ms]
   [Clear CT: 0.2 ms]
   [Other: 1.0 ms]
      [Choose CSet: 0.0 ms]
      [Ref Proc: 0.2 ms]
      [Ref Enq: 0.0 ms]
      [Redirty Cards: 0.4 ms]
      [Humongous Register: 0.1 ms]
      [Humongous Reclaim: 0.0 ms]
      [Free CSet: 0.1 ms]
   [Eden: 10.0M(273.0M)->0.0B(313.0M) Survivors: 40.0M->12.0M Heap: 1056.3M(2048.0M)->1059.8M(2048.0M)]
 [Times: user=0.38 sys=0.00, real=0.05 secs] 
2020-09-29T12:23:33.824+0200: 173.979: [GC concurrent-root-region-scan-start]
2020-09-29T12:23:33.833+0200: 173.988: [GC concurrent-root-region-scan-end, 0.0090535 secs]
2020-09-29T12:23:33.833+0200: 173.988: [GC concurrent-mark-start]
2020-09-29T12:23:33.839+0200: 173.993: [GC concurrent-mark-end, 0.0051410 secs]
2020-09-29T12:23:33.839+0200: 173.994: [GC remark 2020-09-29T12:23:33.839+0200: 173.994: [Finalize Marking, 0.0001974 secs] 2020-09-29T12:23:33.839+0200: 173.994: [GC ref-proc, 0.0003010 secs] 2020-09-29T12:23:33.839+0200: 173.994: [Unloading, 0.0004837 secs], 0.0013239 secs]
 [Times: user=0.00 sys=0.00, real=0.00 secs] 
2020-09-29T12:23:33.840+0200: 173.995: [GC cleanup 1092M->52M(2048M), 0.0016114 secs]
 [Times: user=0.00 sys=0.00, real=0.00 secs] 
2020-09-29T12:23:33.842+0200: 173.997: [GC concurrent-cleanup-start]
2020-09-29T12:23:33.843+0200: 173.998: [GC concurrent-cleanup-end, 0.0012216 secs]
2020-09-29T12:23:34.002+0200: 174.157: [GC pause (G1 Evacuation Pause) (young), 0.1976755 secs]
   [Parallel Time: 196.5 ms, GC Workers: 8]
      [GC Worker Start (ms): Min: 174156.7, Avg: 174156.7, Max: 174156.8, Diff: 0.2]
      [Ext Root Scanning (ms): Min: 0.0, Avg: 0.1, Max: 0.1, Diff: 0.1, Sum: 0.7]
      [Update RS (ms): Min: 15.3, Avg: 15.4, Max: 15.7, Diff: 0.4, Sum: 123.3]
         [Processed Buffers: Min: 13, Avg: 15.0, Max: 18, Diff: 5, Sum: 120]
      [Scan RS (ms): Min: 20.6, Avg: 20.7, Max: 21.0, Diff: 0.4, Sum: 165.8]
      [Code Root Scanning (ms): Min: 0.0, Avg: 0.0, Max: 0.0, Diff: 0.0, Sum: 0.0]
      [Object Copy (ms): Min: 159.9, Avg: 160.0, Max: 160.2, Diff: 0.3, Sum: 1280.0]
      [Termination (ms): Min: 0.0, Avg: 0.1, Max: 0.1, Diff: 0.1, Sum: 0.7]
         [Termination Attempts: Min: 1, Avg: 682.6, Max: 827, Diff: 826, Sum: 5461]
      [GC Worker Other (ms): Min: 0.0, Avg: 0.0, Max: 0.1, Diff: 0.0, Sum: 0.3]
      [GC Worker Total (ms): Min: 196.3, Avg: 196.3, Max: 196.4, Diff: 0.1, Sum: 1570.8]
      [GC Worker End (ms): Min: 174353.1, Avg: 174353.1, Max: 174353.1, Diff: 0.0]
   [Code Root Fixup: 0.0 ms]
   [Code Root Purge: 0.0 ms]
   [Clear CT: 0.2 ms]
   [Other: 1.0 ms]
      [Choose CSet: 0.0 ms]
      [Ref Proc: 0.2 ms]
      [Ref Enq: 0.0 ms]
      [Redirty Cards: 0.2 ms]
      [Humongous Register: 0.0 ms]
      [Humongous Reclaim: 0.0 ms]
      [Free CSet: 0.3 ms]
   [Eden: 313.0M(313.0M)->0.0B(262.0M) Survivors: 12.0M->41.0M Heap: 385.9M(2048.0M)->376.9M(2048.0M)]
 [Times: user=1.59 sys=0.00, real=0.20 secs] 
2020-09-29T12:23:34.337+0200: 174.492: [GC pause (G1 Evacuation Pause) (young), 0.1699571 secs]
   [Parallel Time: 168.8 ms, GC Workers: 8]
      [GC Worker Start (ms): Min: 174491.8, Avg: 174491.9, Max: 174491.9, Diff: 0.2]
      [Ext Root Scanning (ms): Min: 0.0, Avg: 0.1, Max: 0.2, Diff: 0.2, Sum: 0.5]
      [Update RS (ms): Min: 16.4, Avg: 16.5, Max: 16.7, Diff: 0.3, Sum: 132.2]
         [Processed Buffers: Min: 15, Avg: 18.0, Max: 23, Diff: 8, Sum: 144]
      [Scan RS (ms): Min: 16.0, Avg: 16.2, Max: 16.3, Diff: 0.4, Sum: 129.2]
      [Code Root Scanning (ms): Min: 0.0, Avg: 0.0, Max: 0.0, Diff: 0.0, Sum: 0.0]
      [Object Copy (ms): Min: 135.7, Avg: 135.8, Max: 135.8, Diff: 0.1, Sum: 1086.1]
      [Termination (ms): Min: 0.0, Avg: 0.0, Max: 0.1, Diff: 0.1, Sum: 0.4]
         [Termination Attempts: Min: 1, Avg: 316.8, Max: 412, Diff: 411, Sum: 2534]
      [GC Worker Other (ms): Min: 0.0, Avg: 0.0, Max: 0.1, Diff: 0.0, Sum: 0.3]
      [GC Worker Total (ms): Min: 168.5, Avg: 168.6, Max: 168.7, Diff: 0.2, Sum: 1348.7]
      [GC Worker End (ms): Min: 174660.4, Avg: 174660.5, Max: 174660.5, Diff: 0.0]
   [Code Root Fixup: 0.0 ms]
   [Code Root Purge: 0.0 ms]
   [Clear CT: 0.2 ms]
   [Other: 1.0 ms]
      [Choose CSet: 0.0 ms]
      [Ref Proc: 0.2 ms]
      [Ref Enq: 0.0 ms]
      [Redirty Cards: 0.2 ms]
      [Humongous Register: 0.0 ms]
      [Humongous Reclaim: 0.0 ms]
      [Free CSet: 0.3 ms]
   [Eden: 262.0M(262.0M)->0.0B(268.0M) Survivors: 41.0M->38.0M Heap: 682.8M(2048.0M)->684.8M(2048.0M)]
 [Times: user=1.38 sys=0.00, real=0.17 secs] 
2020-09-29T12:23:34.656+0200: 174.811: [GC pause (G1 Evacuation Pause) (young), 0.1716733 secs]
   [Parallel Time: 170.4 ms, GC Workers: 8]
      [GC Worker Start (ms): Min: 174810.6, Avg: 174810.7, Max: 174810.8, Diff: 0.2]
      [Ext Root Scanning (ms): Min: 0.0, Avg: 0.1, Max: 0.2, Diff: 0.2, Sum: 0.5]
      [Update RS (ms): Min: 16.6, Avg: 16.8, Max: 17.3, Diff: 0.7, Sum: 134.4]
         [Processed Buffers: Min: 15, Avg: 16.5, Max: 19, Diff: 4, Sum: 132]
      [Scan RS (ms): Min: 14.9, Avg: 15.4, Max: 15.7, Diff: 0.7, Sum: 123.2]
      [Code Root Scanning (ms): Min: 0.0, Avg: 0.0, Max: 0.0, Diff: 0.0, Sum: 0.0]
      [Object Copy (ms): Min: 137.7, Avg: 137.8, Max: 137.8, Diff: 0.1, Sum: 1102.4]
      [Termination (ms): Min: 0.0, Avg: 0.0, Max: 0.0, Diff: 0.0, Sum: 0.3]
         [Termination Attempts: Min: 1, Avg: 231.4, Max: 297, Diff: 296, Sum: 1851]
      [GC Worker Other (ms): Min: 0.0, Avg: 0.0, Max: 0.1, Diff: 0.1, Sum: 0.3]
      [GC Worker Total (ms): Min: 170.1, Avg: 170.2, Max: 170.2, Diff: 0.2, Sum: 1361.3]
      [GC Worker End (ms): Min: 174980.9, Avg: 174980.9, Max: 174980.9, Diff: 0.1]
   [Code Root Fixup: 0.0 ms]
   [Code Root Purge: 0.0 ms]
   [Clear CT: 0.2 ms]
   [Other: 1.1 ms]
      [Choose CSet: 0.0 ms]
      [Ref Proc: 0.2 ms]
      [Ref Enq: 0.0 ms]
      [Redirty Cards: 0.3 ms]
      [Humongous Register: 0.0 ms]
      [Humongous Reclaim: 0.0 ms]
      [Free CSet: 0.3 ms]
   [Eden: 268.0M(268.0M)->0.0B(269.0M) Survivors: 38.0M->39.0M Heap: 996.6M(2048.0M)->998.6M(2048.0M)]
 [Times: user=1.33 sys=0.00, real=0.17 secs] 
2020-09-29T12:23:34.835+0200: 174.990: [GC pause (G1 Humongous Allocation) (young) (initial-mark), 0.0587246 secs]
   [Parallel Time: 57.7 ms, GC Workers: 8]
      [GC Worker Start (ms): Min: 174990.2, Avg: 174990.2, Max: 174990.3, Diff: 0.1]
      [Ext Root Scanning (ms): Min: 0.1, Avg: 0.1, Max: 0.1, Diff: 0.1, Sum: 0.7]
      [Update RS (ms): Min: 33.9, Avg: 34.0, Max: 34.2, Diff: 0.3, Sum: 271.7]
         [Processed Buffers: Min: 36, Avg: 40.5, Max: 43, Diff: 7, Sum: 324]
      [Scan RS (ms): Min: 2.6, Avg: 2.8, Max: 3.0, Diff: 0.4, Sum: 22.4]
      [Code Root Scanning (ms): Min: 0.0, Avg: 0.0, Max: 0.0, Diff: 0.0, Sum: 0.0]
      [Object Copy (ms): Min: 20.6, Avg: 20.7, Max: 20.7, Diff: 0.1, Sum: 165.6]
      [Termination (ms): Min: 0.0, Avg: 0.0, Max: 0.0, Diff: 0.0, Sum: 0.0]
         [Termination Attempts: Min: 1, Avg: 21.1, Max: 33, Diff: 32, Sum: 169]
      [GC Worker Other (ms): Min: 0.0, Avg: 0.0, Max: 0.0, Diff: 0.0, Sum: 0.1]
      [GC Worker Total (ms): Min: 57.5, Avg: 57.6, Max: 57.6, Diff: 0.1, Sum: 460.7]
      [GC Worker End (ms): Min: 175047.8, Avg: 175047.8, Max: 175047.8, Diff: 0.0]
   [Code Root Fixup: 0.0 ms]
   [Code Root Purge: 0.0 ms]
   [Clear CT: 0.2 ms]
   [Other: 0.8 ms]
      [Choose CSet: 0.0 ms]
      [Ref Proc: 0.2 ms]
      [Ref Enq: 0.0 ms]
      [Redirty Cards: 0.2 ms]
      [Humongous Register: 0.1 ms]
      [Humongous Reclaim: 0.0 ms]
      [Free CSet: 0.1 ms]
   [Eden: 4096.0K(269.0M)->0.0B(300.0M) Survivors: 39.0M->6144.0K Heap: 1002.6M(2048.0M)->1006.1M(2048.0M)]
 [Times: user=0.36 sys=0.00, real=0.06 secs] 
2020-09-29T12:23:34.894+0200: 175.049: [GC concurrent-root-region-scan-start]
2020-09-29T12:23:34.896+0200: 175.051: [GC concurrent-root-region-scan-end, 0.0016639 secs]
2020-09-29T12:23:34.896+0200: 175.051: [GC concurrent-mark-start]
2020-09-29T12:23:34.900+0200: 175.054: [GC concurrent-mark-end, 0.0038127 secs]
2020-09-29T12:23:34.900+0200: 175.055: [GC remark 2020-09-29T12:23:34.900+0200: 175.055: [Finalize Marking, 0.0002760 secs] 2020-09-29T12:23:34.900+0200: 175.055: [GC ref-proc, 0.0004431 secs] 2020-09-29T12:23:34.901+0200: 175.055: [Unloading, 0.0005903 secs], 0.0017796 secs]
 [Times: user=0.00 sys=0.00, real=0.00 secs] 
2020-09-29T12:23:34.902+0200: 175.057: [GC cleanup 1016M->23M(2048M), 0.0018441 secs]
 [Times: user=0.00 sys=0.00, real=0.00 secs] 
2020-09-29T12:23:34.904+0200: 175.059: [GC concurrent-cleanup-start]
2020-09-29T12:23:34.906+0200: 175.060: [GC concurrent-cleanup-end, 0.0015222 secs]
2020-09-29T12:23:35.084+0200: 175.239: [GC pause (G1 Evacuation Pause) (young), 0.1639089 secs]
   [Parallel Time: 162.7 ms, GC Workers: 8]
      [GC Worker Start (ms): Min: 175239.1, Avg: 175239.1, Max: 175239.2, Diff: 0.2]
      [Ext Root Scanning (ms): Min: 0.0, Avg: 0.1, Max: 0.2, Diff: 0.2, Sum: 0.6]
      [Update RS (ms): Min: 18.6, Avg: 18.7, Max: 19.3, Diff: 0.7, Sum: 149.9]
         [Processed Buffers: Min: 14, Avg: 20.0, Max: 24, Diff: 10, Sum: 160]
      [Scan RS (ms): Min: 12.5, Avg: 13.1, Max: 13.2, Diff: 0.7, Sum: 104.7]
      [Code Root Scanning (ms): Min: 0.0, Avg: 0.0, Max: 0.0, Diff: 0.0, Sum: 0.0]
      [Object Copy (ms): Min: 130.5, Avg: 130.5, Max: 130.6, Diff: 0.1, Sum: 1044.1]
      [Termination (ms): Min: 0.0, Avg: 0.0, Max: 0.0, Diff: 0.0, Sum: 0.2]
         [Termination Attempts: Min: 1, Avg: 131.8, Max: 174, Diff: 173, Sum: 1054]
      [GC Worker Other (ms): Min: 0.0, Avg: 0.0, Max: 0.1, Diff: 0.0, Sum: 0.3]
      [GC Worker Total (ms): Min: 162.4, Avg: 162.5, Max: 162.6, Diff: 0.2, Sum: 1299.8]
      [GC Worker End (ms): Min: 175401.6, Avg: 175401.6, Max: 175401.6, Diff: 0.0]
   [Code Root Fixup: 0.0 ms]
   [Code Root Purge: 0.0 ms]
   [Clear CT: 0.2 ms]
   [Other: 1.1 ms]
      [Choose CSet: 0.0 ms]
      [Ref Proc: 0.2 ms]
      [Ref Enq: 0.0 ms]
      [Redirty Cards: 0.3 ms]
      [Humongous Register: 0.0 ms]
      [Humongous Reclaim: 0.0 ms]
      [Free CSet: 0.3 ms]
   [Eden: 300.0M(300.0M)->0.0B(282.0M) Survivors: 6144.0K->39.0M Heap: 365.5M(2048.0M)->361.0M(2048.0M)]
 [Times: user=1.25 sys=0.00, real=0.16 secs] 
2020-09-29T12:23:35.438+0200: 175.593: [GC pause (G1 Evacuation Pause) (young), 0.1919254 secs]
   [Parallel Time: 190.8 ms, GC Workers: 8]
      [GC Worker Start (ms): Min: 175592.8, Avg: 175594.2, Max: 175603.7, Diff: 11.0]
      [Ext Root Scanning (ms): Min: 0.0, Avg: 0.1, Max: 0.2, Diff: 0.2, Sum: 0.5]
      [Update RS (ms): Min: 16.2, Avg: 25.4, Max: 27.0, Diff: 10.8, Sum: 203.1]
         [Processed Buffers: Min: 11, Avg: 19.3, Max: 25, Diff: 14, Sum: 154]
      [Scan RS (ms): Min: 19.9, Avg: 20.3, Max: 20.8, Diff: 0.8, Sum: 162.4]
      [Code Root Scanning (ms): Min: 0.0, Avg: 0.0, Max: 0.0, Diff: 0.0, Sum: 0.0]
      [Object Copy (ms): Min: 143.0, Avg: 143.3, Max: 143.4, Diff: 0.4, Sum: 1146.6]
      [Termination (ms): Min: 0.0, Avg: 0.0, Max: 0.1, Diff: 0.1, Sum: 0.3]
         [Termination Attempts: Min: 1, Avg: 276.6, Max: 382, Diff: 381, Sum: 2213]
      [GC Worker Other (ms): Min: 0.1, Avg: 0.1, Max: 0.1, Diff: 0.0, Sum: 0.6]
      [GC Worker Total (ms): Min: 179.7, Avg: 189.2, Max: 190.7, Diff: 11.0, Sum: 1513.6]
      [GC Worker End (ms): Min: 175783.4, Avg: 175783.4, Max: 175783.5, Diff: 0.0]
   [Code Root Fixup: 0.0 ms]
   [Code Root Purge: 0.0 ms]
   [Clear CT: 0.2 ms]
   [Other: 1.0 ms]
      [Choose CSet: 0.0 ms]
      [Ref Proc: 0.2 ms]
      [Ref Enq: 0.0 ms]
      [Redirty Cards: 0.2 ms]
      [Humongous Register: 0.0 ms]
      [Humongous Reclaim: 0.0 ms]
      [Free CSet: 0.3 ms]
   [Eden: 282.0M(282.0M)->0.0B(259.0M) Survivors: 39.0M->41.0M Heap: 688.8M(2048.0M)->690.8M(2048.0M)]
 [Times: user=1.45 sys=0.00, real=0.19 secs] 
2020-09-29T12:23:35.803+0200: 175.957: [GC pause (G1 Evacuation Pause) (young), 0.1858621 secs]
   [Parallel Time: 184.7 ms, GC Workers: 8]
      [GC Worker Start (ms): Min: 175957.6, Avg: 175957.7, Max: 175957.7, Diff: 0.1]
      [Ext Root Scanning (ms): Min: 0.0, Avg: 0.1, Max: 0.2, Diff: 0.1, Sum: 0.7]
      [Update RS (ms): Min: 22.5, Avg: 22.8, Max: 23.5, Diff: 0.9, Sum: 182.3]
         [Processed Buffers: Min: 16, Avg: 18.6, Max: 22, Diff: 6, Sum: 149]
      [Scan RS (ms): Min: 17.9, Avg: 18.6, Max: 18.9, Diff: 1.0, Sum: 148.9]
      [Code Root Scanning (ms): Min: 0.0, Avg: 0.0, Max: 0.0, Diff: 0.0, Sum: 0.0]
      [Object Copy (ms): Min: 142.8, Avg: 142.9, Max: 143.1, Diff: 0.3, Sum: 1143.3]
      [Termination (ms): Min: 0.0, Avg: 0.1, Max: 0.2, Diff: 0.2, Sum: 0.9]
         [Termination Attempts: Min: 1, Avg: 767.3, Max: 1099, Diff: 1098, Sum: 6138]
      [GC Worker Other (ms): Min: 0.0, Avg: 0.0, Max: 0.1, Diff: 0.0, Sum: 0.3]
      [GC Worker Total (ms): Min: 184.5, Avg: 184.6, Max: 184.6, Diff: 0.1, Sum: 1476.5]
      [GC Worker End (ms): Min: 176142.2, Avg: 176142.2, Max: 176142.2, Diff: 0.0]
   [Code Root Fixup: 0.0 ms]
   [Code Root Purge: 0.0 ms]
   [Clear CT: 0.2 ms]
   [Other: 1.0 ms]
      [Choose CSet: 0.0 ms]
      [Ref Proc: 0.2 ms]
      [Ref Enq: 0.0 ms]
      [Redirty Cards: 0.2 ms]
      [Humongous Register: 0.0 ms]
      [Humongous Reclaim: 0.0 ms]
      [Free CSet: 0.3 ms]
   [Eden: 259.0M(259.0M)->0.0B(250.0M) Survivors: 41.0M->38.0M Heap: 993.6M(2048.0M)->995.6M(2048.0M)]
 [Times: user=1.25 sys=0.00, real=0.19 secs] 
2020-09-29T12:23:36.005+0200: 176.159: [GC pause (G1 Humongous Allocation) (young) (initial-mark), 0.0547286 secs]
   [Parallel Time: 53.7 ms, GC Workers: 8]
      [GC Worker Start (ms): Min: 176159.7, Avg: 176159.8, Max: 176159.9, Diff: 0.2]
      [Ext Root Scanning (ms): Min: 0.0, Avg: 0.4, Max: 2.0, Diff: 2.0, Sum: 3.1]
      [Update RS (ms): Min: 21.6, Avg: 23.6, Max: 24.3, Diff: 2.7, Sum: 188.8]
         [Processed Buffers: Min: 23, Avg: 26.8, Max: 30, Diff: 7, Sum: 214]
      [Scan RS (ms): Min: 2.6, Avg: 3.1, Max: 3.5, Diff: 1.0, Sum: 24.6]
      [Code Root Scanning (ms): Min: 0.0, Avg: 0.0, Max: 0.0, Diff: 0.0, Sum: 0.0]
      [Object Copy (ms): Min: 26.0, Avg: 26.3, Max: 26.4, Diff: 0.4, Sum: 210.3]
      [Termination (ms): Min: 0.0, Avg: 0.1, Max: 0.1, Diff: 0.1, Sum: 0.7]
         [Termination Attempts: Min: 1, Avg: 317.5, Max: 406, Diff: 405, Sum: 2540]
      [GC Worker Other (ms): Min: 0.0, Avg: 0.0, Max: 0.0, Diff: 0.0, Sum: 0.1]
      [GC Worker Total (ms): Min: 53.3, Avg: 53.4, Max: 53.6, Diff: 0.3, Sum: 427.6]
      [GC Worker End (ms): Min: 176213.3, Avg: 176213.3, Max: 176213.3, Diff: 0.0]
   [Code Root Fixup: 0.0 ms]
   [Code Root Purge: 0.0 ms]
   [Clear CT: 0.2 ms]
   [Other: 0.8 ms]
      [Choose CSet: 0.0 ms]
      [Ref Proc: 0.2 ms]
      [Ref Enq: 0.0 ms]
      [Redirty Cards: 0.1 ms]
      [Humongous Register: 0.1 ms]
      [Humongous Reclaim: 0.0 ms]
      [Free CSet: 0.1 ms]
   [Eden: 6144.0K(250.0M)->0.0B(268.0M) Survivors: 38.0M->8192.0K Heap: 1001.6M(2048.0M)->1005.1M(2048.0M)]
 [Times: user=0.31 sys=0.02, real=0.05 secs] 
2020-09-29T12:23:36.059+0200: 176.214: [GC concurrent-root-region-scan-start]
2020-09-29T12:23:36.062+0200: 176.216: [GC concurrent-root-region-scan-end, 0.0021571 secs]
2020-09-29T12:23:36.062+0200: 176.217: [GC concurrent-mark-start]
2020-09-29T12:23:36.065+0200: 176.220: [GC concurrent-mark-end, 0.0031927 secs]
2020-09-29T12:23:36.065+0200: 176.220: [GC remark 2020-09-29T12:23:36.065+0200: 176.220: [Finalize Marking, 0.0001561 secs] 2020-09-29T12:23:36.065+0200: 176.220: [GC ref-proc, 0.0003133 secs] 2020-09-29T12:23:36.066+0200: 176.220: [Unloading, 0.0006248 secs], 0.0014729 secs]
 [Times: user=0.00 sys=0.00, real=0.00 secs] 
2020-09-29T12:23:36.067+0200: 176.222: [GC cleanup 1015M->25M(2048M), 0.0015773 secs]
 [Times: user=0.00 sys=0.00, real=0.00 secs] 
2020-09-29T12:23:36.069+0200: 176.223: [GC concurrent-cleanup-start]
2020-09-29T12:23:36.070+0200: 176.225: [GC concurrent-cleanup-end, 0.0018378 secs]
2020-09-29T12:23:36.219+0200: 176.374: [GC pause (G1 Evacuation Pause) (young), 0.1758782 secs]
   [Parallel Time: 174.8 ms, GC Workers: 8]
      [GC Worker Start (ms): Min: 176373.9, Avg: 176374.0, Max: 176374.1, Diff: 0.2]
      [Ext Root Scanning (ms): Min: 0.0, Avg: 0.1, Max: 0.2, Diff: 0.2, Sum: 0.5]
      [Update RS (ms): Min: 15.9, Avg: 16.0, Max: 16.3, Diff: 0.4, Sum: 128.0]
         [Processed Buffers: Min: 12, Avg: 15.1, Max: 20, Diff: 8, Sum: 121]
      [Scan RS (ms): Min: 17.5, Avg: 17.8, Max: 17.9, Diff: 0.3, Sum: 142.5]
      [Code Root Scanning (ms): Min: 0.0, Avg: 0.0, Max: 0.0, Diff: 0.0, Sum: 0.0]
      [Object Copy (ms): Min: 140.3, Avg: 140.3, Max: 140.6, Diff: 0.3, Sum: 1122.6]
      [Termination (ms): Min: 0.0, Avg: 0.2, Max: 0.3, Diff: 0.3, Sum: 1.9]
         [Termination Attempts: Min: 1, Avg: 1669.9, Max: 2044, Diff: 2043, Sum: 13359]
      [GC Worker Other (ms): Min: 0.0, Avg: 0.0, Max: 0.1, Diff: 0.1, Sum: 0.3]
      [GC Worker Total (ms): Min: 174.4, Avg: 174.5, Max: 174.6, Diff: 0.2, Sum: 1395.9]
      [GC Worker End (ms): Min: 176548.5, Avg: 176548.5, Max: 176548.5, Diff: 0.1]
   [Code Root Fixup: 0.0 ms]
   [Code Root Purge: 0.0 ms]
   [Clear CT: 0.2 ms]
   [Other: 0.9 ms]
      [Choose CSet: 0.0 ms]
      [Ref Proc: 0.1 ms]
      [Ref Enq: 0.0 ms]
      [Redirty Cards: 0.2 ms]
      [Humongous Register: 0.0 ms]
      [Humongous Reclaim: 0.0 ms]
      [Free CSet: 0.3 ms]
   [Eden: 268.0M(268.0M)->0.0B(242.0M) Survivors: 8192.0K->35.0M Heap: 329.8M(2048.0M)->323.3M(2048.0M)]
 [Times: user=1.28 sys=0.00, real=0.18 secs] 
2020-09-29T12:23:36.546+0200: 176.702: [GC pause (G1 Evacuation Pause) (young), 0.1835146 secs]
   [Parallel Time: 182.3 ms, GC Workers: 8]
      [GC Worker Start (ms): Min: 176701.8, Avg: 176701.9, Max: 176701.9, Diff: 0.2]
      [Ext Root Scanning (ms): Min: 0.0, Avg: 0.1, Max: 0.2, Diff: 0.2, Sum: 0.6]
      [Update RS (ms): Min: 14.6, Avg: 14.9, Max: 15.3, Diff: 0.8, Sum: 118.9]
         [Processed Buffers: Min: 11, Avg: 14.8, Max: 18, Diff: 7, Sum: 118]
      [Scan RS (ms): Min: 14.1, Avg: 14.5, Max: 14.8, Diff: 0.8, Sum: 116.3]
      [Code Root Scanning (ms): Min: 0.0, Avg: 0.0, Max: 0.0, Diff: 0.0, Sum: 0.0]
      [Object Copy (ms): Min: 152.1, Avg: 152.3, Max: 152.5, Diff: 0.4, Sum: 1218.7]
      [Termination (ms): Min: 0.0, Avg: 0.2, Max: 0.4, Diff: 0.4, Sum: 1.5]
         [Termination Attempts: Min: 1, Avg: 968.9, Max: 1313, Diff: 1312, Sum: 7751]
      [GC Worker Other (ms): Min: 0.0, Avg: 0.0, Max: 0.0, Diff: 0.0, Sum: 0.1]
      [GC Worker Total (ms): Min: 181.9, Avg: 182.0, Max: 182.1, Diff: 0.2, Sum: 1456.2]
      [GC Worker End (ms): Min: 176883.9, Avg: 176883.9, Max: 176883.9, Diff: 0.0]
   [Code Root Fixup: 0.0 ms]
   [Code Root Purge: 0.0 ms]
   [Clear CT: 0.3 ms]
   [Other: 0.9 ms]
      [Choose CSet: 0.0 ms]
      [Ref Proc: 0.1 ms]
      [Ref Enq: 0.0 ms]
      [Redirty Cards: 0.2 ms]
      [Humongous Register: 0.0 ms]
      [Humongous Reclaim: 0.0 ms]
      [Free CSet: 0.3 ms]
   [Eden: 242.0M(242.0M)->0.0B(235.0M) Survivors: 35.0M->35.0M Heap: 605.3M(2048.0M)->606.8M(2048.0M)]
 [Times: user=1.20 sys=0.02, real=0.18 secs] 
2020-09-29T12:23:36.894+0200: 177.050: [GC pause (G1 Evacuation Pause) (young), 0.1756599 secs]
   [Parallel Time: 174.5 ms, GC Workers: 8]
      [GC Worker Start (ms): Min: 177049.9, Avg: 177049.9, Max: 177050.1, Diff: 0.2]
      [Ext Root Scanning (ms): Min: 0.0, Avg: 0.1, Max: 0.1, Diff: 0.1, Sum: 0.7]
      [Update RS (ms): Min: 22.3, Avg: 22.4, Max: 22.9, Diff: 0.6, Sum: 179.1]
         [Processed Buffers: Min: 15, Avg: 20.4, Max: 26, Diff: 11, Sum: 163]
      [Scan RS (ms): Min: 13.5, Avg: 13.8, Max: 14.6, Diff: 1.0, Sum: 110.4]
      [Code Root Scanning (ms): Min: 0.0, Avg: 0.0, Max: 0.0, Diff: 0.0, Sum: 0.0]
      [Object Copy (ms): Min: 136.5, Avg: 137.8, Max: 138.2, Diff: 1.6, Sum: 1102.7]
      [Termination (ms): Min: 0.1, Avg: 0.2, Max: 0.3, Diff: 0.2, Sum: 1.6]
         [Termination Attempts: Min: 1, Avg: 1009.9, Max: 1241, Diff: 1240, Sum: 8079]
      [GC Worker Other (ms): Min: 0.0, Avg: 0.0, Max: 0.0, Diff: 0.0, Sum: 0.1]
      [GC Worker Total (ms): Min: 174.2, Avg: 174.3, Max: 174.4, Diff: 0.2, Sum: 1394.7]
      [GC Worker End (ms): Min: 177224.3, Avg: 177224.3, Max: 177224.3, Diff: 0.0]
   [Code Root Fixup: 0.0 ms]
   [Code Root Purge: 0.0 ms]
   [Clear CT: 0.1 ms]
   [Other: 1.0 ms]
      [Choose CSet: 0.0 ms]
      [Ref Proc: 0.1 ms]
      [Ref Enq: 0.0 ms]
      [Redirty Cards: 0.3 ms]
      [Humongous Register: 0.0 ms]
      [Humongous Reclaim: 0.0 ms]
      [Free CSet: 0.3 ms]
   [Eden: 235.0M(235.0M)->0.0B(237.0M) Survivors: 35.0M->34.0M Heap: 881.9M(2048.0M)->883.9M(2048.0M)]
 [Times: user=1.41 sys=0.00, real=0.18 secs] 
2020-09-29T12:23:37.239+0200: 177.395: [GC pause (G1 Evacuation Pause) (young), 0.1883721 secs]
   [Parallel Time: 187.3 ms, GC Workers: 8]
      [GC Worker Start (ms): Min: 177394.8, Avg: 177398.1, Max: 177407.2, Diff: 12.4]
      [Ext Root Scanning (ms): Min: 0.0, Avg: 0.1, Max: 0.2, Diff: 0.2, Sum: 0.5]
      [Update RS (ms): Min: 6.4, Avg: 15.7, Max: 19.1, Diff: 12.7, Sum: 125.8]
         [Processed Buffers: Min: 6, Avg: 15.0, Max: 20, Diff: 14, Sum: 120]
      [Scan RS (ms): Min: 13.6, Avg: 14.5, Max: 15.5, Diff: 1.9, Sum: 116.1]
      [Code Root Scanning (ms): Min: 0.0, Avg: 0.0, Max: 0.0, Diff: 0.0, Sum: 0.0]
      [Object Copy (ms): Min: 152.7, Avg: 153.3, Max: 153.6, Diff: 0.9, Sum: 1226.8]
      [Termination (ms): Min: 0.0, Avg: 0.1, Max: 0.2, Diff: 0.2, Sum: 1.0]
         [Termination Attempts: Min: 1, Avg: 906.0, Max: 1151, Diff: 1150, Sum: 7248]
      [GC Worker Other (ms): Min: 0.0, Avg: 0.0, Max: 0.1, Diff: 0.1, Sum: 0.4]
      [GC Worker Total (ms): Min: 174.8, Avg: 183.8, Max: 187.2, Diff: 12.4, Sum: 1470.6]
      [GC Worker End (ms): Min: 177581.9, Avg: 177581.9, Max: 177582.0, Diff: 0.1]
   [Code Root Fixup: 0.0 ms]
   [Code Root Purge: 0.0 ms]
   [Clear CT: 0.2 ms]
   [Other: 0.9 ms]
      [Choose CSet: 0.0 ms]
      [Ref Proc: 0.1 ms]
      [Ref Enq: 0.0 ms]
      [Redirty Cards: 0.2 ms]
      [Humongous Register: 0.1 ms]
      [Humongous Reclaim: 0.0 ms]
      [Free CSet: 0.3 ms]
   [Eden: 237.0M(237.0M)->0.0B(229.0M) Survivors: 34.0M->34.0M Heap: 1159.0M(2048.0M)->1160.0M(2048.0M)]
 [Times: user=1.31 sys=0.00, real=0.19 secs] 
2020-09-29T12:23:37.435+0200: 177.590: [GC pause (G1 Humongous Allocation) (young) (initial-mark), 0.0527172 secs]
   [Parallel Time: 51.8 ms, GC Workers: 8]
      [GC Worker Start (ms): Min: 177590.7, Avg: 177590.8, Max: 177590.9, Diff: 0.2]
      [Ext Root Scanning (ms): Min: 0.0, Avg: 0.1, Max: 0.3, Diff: 0.3, Sum: 1.1]
      [Update RS (ms): Min: 31.6, Avg: 31.7, Max: 32.0, Diff: 0.4, Sum: 253.9]
         [Processed Buffers: Min: 32, Avg: 35.3, Max: 38, Diff: 6, Sum: 282]
      [Scan RS (ms): Min: 2.1, Avg: 2.3, Max: 2.5, Diff: 0.4, Sum: 18.7]
      [Code Root Scanning (ms): Min: 0.0, Avg: 0.0, Max: 0.0, Diff: 0.0, Sum: 0.0]
      [Object Copy (ms): Min: 17.3, Avg: 17.4, Max: 17.4, Diff: 0.1, Sum: 139.3]
      [Termination (ms): Min: 0.0, Avg: 0.0, Max: 0.0, Diff: 0.0, Sum: 0.2]
         [Termination Attempts: Min: 1, Avg: 176.8, Max: 233, Diff: 232, Sum: 1414]
      [GC Worker Other (ms): Min: 0.0, Avg: 0.0, Max: 0.0, Diff: 0.0, Sum: 0.1]
      [GC Worker Total (ms): Min: 51.6, Avg: 51.7, Max: 51.7, Diff: 0.2, Sum: 413.4]
      [GC Worker End (ms): Min: 177642.4, Avg: 177642.4, Max: 177642.4, Diff: 0.0]
   [Code Root Fixup: 0.0 ms]
   [Code Root Purge: 0.0 ms]
   [Clear CT: 0.1 ms]
   [Other: 0.8 ms]
      [Choose CSet: 0.0 ms]
      [Ref Proc: 0.2 ms]
      [Ref Enq: 0.0 ms]
      [Redirty Cards: 0.2 ms]
      [Humongous Register: 0.1 ms]
      [Humongous Reclaim: 0.0 ms]
      [Free CSet: 0.1 ms]
   [Eden: 3072.0K(229.0M)->0.0B(270.0M) Survivors: 34.0M->4096.0K Heap: 1162.5M(2048.0M)->1166.5M(2048.0M)]
 [Times: user=0.38 sys=0.00, real=0.05 secs] 
2020-09-29T12:23:37.488+0200: 177.643: [GC concurrent-root-region-scan-start]
2020-09-29T12:23:37.489+0200: 177.645: [GC concurrent-root-region-scan-end, 0.0013009 secs]
2020-09-29T12:23:37.489+0200: 177.645: [GC concurrent-mark-start]
2020-09-29T12:23:37.495+0200: 177.651: [GC concurrent-mark-end, 0.0056599 secs]
2020-09-29T12:23:37.496+0200: 177.651: [GC remark 2020-09-29T12:23:37.496+0200: 177.651: [Finalize Marking, 0.0003330 secs] 2020-09-29T12:23:37.496+0200: 177.652: [GC ref-proc, 0.0006093 secs] 2020-09-29T12:23:37.497+0200: 177.652: [Unloading, 0.0008347 secs], 0.0024047 secs]
 [Times: user=0.00 sys=0.00, real=0.00 secs] 
2020-09-29T12:23:37.499+0200: 177.655: [GC cleanup 1179M->24M(2048M), 0.0026306 secs]
 [Times: user=0.00 sys=0.00, real=0.00 secs] 
2020-09-29T12:23:37.502+0200: 177.657: [GC concurrent-cleanup-start]
2020-09-29T12:23:37.506+0200: 177.662: [GC concurrent-cleanup-end, 0.0045875 secs]
2020-09-29T12:23:37.729+0200: 177.885: [GC pause (G1 Evacuation Pause) (young), 0.2742061 secs]
   [Parallel Time: 272.2 ms, GC Workers: 8]
      [GC Worker Start (ms): Min: 177884.7, Avg: 177884.9, Max: 177885.0, Diff: 0.2]
      [Ext Root Scanning (ms): Min: 0.0, Avg: 0.1, Max: 0.2, Diff: 0.2, Sum: 0.8]
      [Update RS (ms): Min: 21.4, Avg: 21.7, Max: 22.3, Diff: 0.9, Sum: 173.9]
         [Processed Buffers: Min: 13, Avg: 14.4, Max: 16, Diff: 3, Sum: 115]
      [Scan RS (ms): Min: 22.3, Avg: 23.2, Max: 24.5, Diff: 2.2, Sum: 185.2]
      [Code Root Scanning (ms): Min: 0.0, Avg: 0.0, Max: 0.0, Diff: 0.0, Sum: 0.0]
      [Object Copy (ms): Min: 225.5, Avg: 226.9, Max: 227.1, Diff: 1.7, Sum: 1815.0]
      [Termination (ms): Min: 0.0, Avg: 0.1, Max: 0.1, Diff: 0.1, Sum: 0.6]
         [Termination Attempts: Min: 1, Avg: 50.6, Max: 79, Diff: 78, Sum: 405]
      [GC Worker Other (ms): Min: 0.0, Avg: 0.0, Max: 0.0, Diff: 0.0, Sum: 0.1]
      [GC Worker Total (ms): Min: 271.9, Avg: 272.0, Max: 272.1, Diff: 0.2, Sum: 2175.6]
      [GC Worker End (ms): Min: 178156.8, Avg: 178156.8, Max: 178156.8, Diff: 0.0]
   [Code Root Fixup: 0.0 ms]
   [Code Root Purge: 0.0 ms]
   [Clear CT: 0.3 ms]
   [Other: 1.7 ms]
      [Choose CSet: 0.0 ms]
      [Ref Proc: 0.4 ms]
      [Ref Enq: 0.0 ms]
      [Redirty Cards: 0.4 ms]
      [Humongous Register: 0.0 ms]
      [Humongous Reclaim: 0.0 ms]
      [Free CSet: 0.5 ms]
   [Eden: 270.0M(270.0M)->0.0B(168.0M) Survivors: 4096.0K->35.0M Heap: 327.8M(2048.0M)->325.3M(2048.0M)]
 [Times: user=1.81 sys=0.00, real=0.27 secs] 
2020-09-29T12:23:38.180+0200: 178.335: [GC pause (G1 Evacuation Pause) (young), 0.2078189 secs]
   [Parallel Time: 206.3 ms, GC Workers: 8]
      [GC Worker Start (ms): Min: 178335.4, Avg: 178335.5, Max: 178335.7, Diff: 0.3]
      [Ext Root Scanning (ms): Min: 0.0, Avg: 0.1, Max: 0.2, Diff: 0.2, Sum: 0.8]
      [Update RS (ms): Min: 23.4, Avg: 23.9, Max: 24.8, Diff: 1.4, Sum: 191.2]
         [Processed Buffers: Min: 15, Avg: 16.1, Max: 19, Diff: 4, Sum: 129]
      [Scan RS (ms): Min: 15.7, Avg: 17.0, Max: 18.1, Diff: 2.4, Sum: 136.0]
      [Code Root Scanning (ms): Min: 0.0, Avg: 0.0, Max: 0.0, Diff: 0.0, Sum: 0.0]
      [Object Copy (ms): Min: 164.1, Avg: 164.9, Max: 165.2, Diff: 1.1, Sum: 1319.1]
      [Termination (ms): Min: 0.0, Avg: 0.0, Max: 0.0, Diff: 0.0, Sum: 0.2]
         [Termination Attempts: Min: 1, Avg: 92.5, Max: 129, Diff: 128, Sum: 740]
      [GC Worker Other (ms): Min: 0.0, Avg: 0.1, Max: 0.1, Diff: 0.1, Sum: 0.5]
      [GC Worker Total (ms): Min: 205.8, Avg: 206.0, Max: 206.1, Diff: 0.4, Sum: 1647.9]
      [GC Worker End (ms): Min: 178541.4, Avg: 178541.5, Max: 178541.5, Diff: 0.1]
   [Code Root Fixup: 0.0 ms]
   [Code Root Purge: 0.0 ms]
   [Clear CT: 0.3 ms]
   [Other: 1.2 ms]
      [Choose CSet: 0.0 ms]
      [Ref Proc: 0.2 ms]
      [Ref Enq: 0.0 ms]
      [Redirty Cards: 0.4 ms]
      [Humongous Register: 0.1 ms]
      [Humongous Reclaim: 0.0 ms]
      [Free CSet: 0.3 ms]
   [Eden: 168.0M(168.0M)->0.0B(151.0M) Survivors: 35.0M->26.0M Heap: 521.9M(2048.0M)->523.9M(2048.0M)]
 [Times: user=1.53 sys=0.02, real=0.21 secs] 
2020-09-29T12:23:38.534+0200: 178.689: [GC pause (G1 Evacuation Pause) (young), 0.1778666 secs]
   [Parallel Time: 176.3 ms, GC Workers: 8]
      [GC Worker Start (ms): Min: 178689.4, Avg: 178689.5, Max: 178689.6, Diff: 0.2]
      [Ext Root Scanning (ms): Min: 0.0, Avg: 0.1, Max: 0.2, Diff: 0.2, Sum: 0.9]
      [Update RS (ms): Min: 19.3, Avg: 19.6, Max: 19.9, Diff: 0.7, Sum: 156.7]
         [Processed Buffers: Min: 11, Avg: 13.1, Max: 15, Diff: 4, Sum: 105]
      [Scan RS (ms): Min: 13.1, Avg: 13.5, Max: 13.8, Diff: 0.7, Sum: 107.9]
      [Code Root Scanning (ms): Min: 0.0, Avg: 0.0, Max: 0.0, Diff: 0.0, Sum: 0.0]
      [Object Copy (ms): Min: 142.2, Avg: 142.7, Max: 142.9, Diff: 0.6, Sum: 1141.3]
      [Termination (ms): Min: 0.0, Avg: 0.1, Max: 0.2, Diff: 0.2, Sum: 1.2]
         [Termination Attempts: Min: 1, Avg: 609.4, Max: 818, Diff: 817, Sum: 4875]
      [GC Worker Other (ms): Min: 0.0, Avg: 0.0, Max: 0.1, Diff: 0.1, Sum: 0.3]
      [GC Worker Total (ms): Min: 175.9, Avg: 176.0, Max: 176.2, Diff: 0.2, Sum: 1408.3]
      [GC Worker End (ms): Min: 178865.5, Avg: 178865.6, Max: 178865.6, Diff: 0.1]
   [Code Root Fixup: 0.0 ms]
   [Code Root Purge: 0.0 ms]
   [Clear CT: 0.4 ms]
   [Other: 1.2 ms]
      [Choose CSet: 0.0 ms]
      [Ref Proc: 0.3 ms]
      [Ref Enq: 0.0 ms]
      [Redirty Cards: 0.3 ms]
      [Humongous Register: 0.1 ms]
      [Humongous Reclaim: 0.0 ms]
      [Free CSet: 0.3 ms]
   [Eden: 151.0M(151.0M)->0.0B(149.0M) Survivors: 26.0M->23.0M Heap: 699.7M(2048.0M)->701.7M(2048.0M)]
 [Times: user=1.28 sys=0.02, real=0.18 secs] 
2020-09-29T12:23:38.850+0200: 179.005: [GC pause (G1 Evacuation Pause) (young), 0.1742898 secs]
   [Parallel Time: 172.7 ms, GC Workers: 8]
      [GC Worker Start (ms): Min: 179005.4, Avg: 179005.5, Max: 179005.8, Diff: 0.4]
      [Ext Root Scanning (ms): Min: 0.0, Avg: 0.1, Max: 0.2, Diff: 0.2, Sum: 1.0]
      [Update RS (ms): Min: 23.6, Avg: 23.8, Max: 24.3, Diff: 0.7, Sum: 190.2]
         [Processed Buffers: Min: 13, Avg: 15.4, Max: 20, Diff: 7, Sum: 123]
      [Scan RS (ms): Min: 10.4, Avg: 10.8, Max: 11.0, Diff: 0.6, Sum: 86.6]
      [Code Root Scanning (ms): Min: 0.0, Avg: 0.0, Max: 0.0, Diff: 0.0, Sum: 0.0]
      [Object Copy (ms): Min: 137.5, Avg: 137.6, Max: 137.7, Diff: 0.3, Sum: 1100.7]
      [Termination (ms): Min: 0.0, Avg: 0.1, Max: 0.3, Diff: 0.3, Sum: 0.7]
         [Termination Attempts: Min: 1, Avg: 268.9, Max: 354, Diff: 353, Sum: 2151]
      [GC Worker Other (ms): Min: 0.0, Avg: 0.0, Max: 0.1, Diff: 0.0, Sum: 0.2]
      [GC Worker Total (ms): Min: 172.1, Avg: 172.4, Max: 172.5, Diff: 0.4, Sum: 1379.5]
      [GC Worker End (ms): Min: 179177.9, Avg: 179177.9, Max: 179177.9, Diff: 0.0]
   [Code Root Fixup: 0.0 ms]
   [Code Root Purge: 0.0 ms]
   [Clear CT: 0.3 ms]
   [Other: 1.3 ms]
      [Choose CSet: 0.0 ms]
      [Ref Proc: 0.3 ms]
      [Ref Enq: 0.0 ms]
      [Redirty Cards: 0.5 ms]
      [Humongous Register: 0.1 ms]
      [Humongous Reclaim: 0.0 ms]
      [Free CSet: 0.2 ms]
   [Eden: 149.0M(149.0M)->0.0B(150.0M) Survivors: 23.0M->22.0M Heap: 875.5M(2048.0M)->877.5M(2048.0M)]
 [Times: user=1.28 sys=0.00, real=0.17 secs] 
2020-09-29T12:23:39.167+0200: 179.322: [GC pause (G1 Evacuation Pause) (young), 0.1783635 secs]
   [Parallel Time: 176.9 ms, GC Workers: 8]
      [GC Worker Start (ms): Min: 179322.5, Avg: 179322.6, Max: 179322.7, Diff: 0.2]
      [Ext Root Scanning (ms): Min: 0.0, Avg: 0.1, Max: 0.2, Diff: 0.2, Sum: 0.9]
      [Update RS (ms): Min: 22.1, Avg: 22.5, Max: 23.1, Diff: 1.0, Sum: 180.3]
         [Processed Buffers: Min: 7, Avg: 13.1, Max: 16, Diff: 9, Sum: 105]
      [Scan RS (ms): Min: 13.4, Avg: 14.0, Max: 14.4, Diff: 1.0, Sum: 111.7]
      [Code Root Scanning (ms): Min: 0.0, Avg: 0.0, Max: 0.0, Diff: 0.0, Sum: 0.0]
      [Object Copy (ms): Min: 139.8, Avg: 139.9, Max: 140.0, Diff: 0.2, Sum: 1119.0]
      [Termination (ms): Min: 0.0, Avg: 0.0, Max: 0.0, Diff: 0.0, Sum: 0.1]
         [Termination Attempts: Min: 1, Avg: 27.4, Max: 39, Diff: 38, Sum: 219]
      [GC Worker Other (ms): Min: 0.0, Avg: 0.1, Max: 0.1, Diff: 0.1, Sum: 0.5]
      [GC Worker Total (ms): Min: 176.5, Avg: 176.6, Max: 176.6, Diff: 0.2, Sum: 1412.5]
      [GC Worker End (ms): Min: 179499.1, Avg: 179499.2, Max: 179499.2, Diff: 0.1]
   [Code Root Fixup: 0.0 ms]
   [Code Root Purge: 0.0 ms]
   [Clear CT: 0.2 ms]
   [Other: 1.3 ms]
      [Choose CSet: 0.0 ms]
      [Ref Proc: 0.2 ms]
      [Ref Enq: 0.0 ms]
      [Redirty Cards: 0.4 ms]
      [Humongous Register: 0.1 ms]
      [Humongous Reclaim: 0.0 ms]
      [Free CSet: 0.3 ms]
   [Eden: 150.0M(150.0M)->0.0B(147.0M) Survivors: 22.0M->22.0M Heap: 1052.3M(2048.0M)->1054.3M(2048.0M)]
 [Times: user=1.28 sys=0.00, real=0.18 secs] 
2020-09-29T12:23:39.357+0200: 179.512: [GC pause (G1 Humongous Allocation) (young) (initial-mark), 0.0528481 secs]
   [Parallel Time: 51.4 ms, GC Workers: 8]
      [GC Worker Start (ms): Min: 179512.6, Avg: 179512.6, Max: 179512.7, Diff: 0.2]
      [Ext Root Scanning (ms): Min: 0.0, Avg: 0.1, Max: 0.2, Diff: 0.2, Sum: 1.1]
      [Update RS (ms): Min: 26.9, Avg: 27.2, Max: 27.6, Diff: 0.6, Sum: 217.3]
         [Processed Buffers: Min: 17, Avg: 19.8, Max: 22, Diff: 5, Sum: 158]
      [Scan RS (ms): Min: 1.9, Avg: 2.4, Max: 2.6, Diff: 0.7, Sum: 19.1]
      [Code Root Scanning (ms): Min: 0.0, Avg: 0.0, Max: 0.0, Diff: 0.0, Sum: 0.0]
      [Object Copy (ms): Min: 21.3, Avg: 21.4, Max: 21.5, Diff: 0.2, Sum: 171.5]
      [Termination (ms): Min: 0.0, Avg: 0.0, Max: 0.0, Diff: 0.0, Sum: 0.2]
         [Termination Attempts: Min: 1, Avg: 72.4, Max: 92, Diff: 91, Sum: 579]
      [GC Worker Other (ms): Min: 0.0, Avg: 0.0, Max: 0.0, Diff: 0.0, Sum: 0.1]
      [GC Worker Total (ms): Min: 51.1, Avg: 51.2, Max: 51.2, Diff: 0.2, Sum: 409.2]
      [GC Worker End (ms): Min: 179563.8, Avg: 179563.8, Max: 179563.8, Diff: 0.0]
   [Code Root Fixup: 0.0 ms]
   [Code Root Purge: 0.0 ms]
   [Clear CT: 0.3 ms]
   [Other: 1.2 ms]
      [Choose CSet: 0.0 ms]
      [Ref Proc: 0.3 ms]
      [Ref Enq: 0.0 ms]
      [Redirty Cards: 0.3 ms]
      [Humongous Register: 0.1 ms]
      [Humongous Reclaim: 0.0 ms]
      [Free CSet: 0.1 ms]
   [Eden: 5120.0K(147.0M)->0.0B(175.0M) Survivors: 22.0M->7168.0K Heap: 1059.3M(2048.0M)->1062.8M(2048.0M)]
 [Times: user=0.38 sys=0.00, real=0.05 secs] 
2020-09-29T12:23:39.410+0200: 179.565: [GC concurrent-root-region-scan-start]
2020-09-29T12:23:39.413+0200: 179.569: [GC concurrent-root-region-scan-end, 0.0033988 secs]
2020-09-29T12:23:39.413+0200: 179.569: [GC concurrent-mark-start]
2020-09-29T12:23:39.418+0200: 179.574: [GC concurrent-mark-end, 0.0047892 secs]
2020-09-29T12:23:39.419+0200: 179.574: [GC remark 2020-09-29T12:23:39.419+0200: 179.574: [Finalize Marking, 0.0002671 secs] 2020-09-29T12:23:39.419+0200: 179.574: [GC ref-proc, 0.0005761 secs] 2020-09-29T12:23:39.420+0200: 179.575: [Unloading, 0.0008286 secs], 0.0024763 secs]
 [Times: user=0.00 sys=0.00, real=0.00 secs] 
2020-09-29T12:23:39.422+0200: 179.577: [GC cleanup 1074M->26M(2048M), 0.0022785 secs]
 [Times: user=0.00 sys=0.00, real=0.00 secs] 
2020-09-29T12:23:39.424+0200: 179.580: [GC concurrent-cleanup-start]
2020-09-29T12:23:39.427+0200: 179.583: [GC concurrent-cleanup-end, 0.0030846 secs]
2020-09-29T12:23:39.573+0200: 179.728: [GC pause (G1 Evacuation Pause) (young), 0.1662789 secs]
   [Parallel Time: 164.1 ms, GC Workers: 8]
      [GC Worker Start (ms): Min: 179728.2, Avg: 179728.3, Max: 179728.4, Diff: 0.1]
      [Ext Root Scanning (ms): Min: 0.1, Avg: 0.1, Max: 0.2, Diff: 0.1, Sum: 0.9]
      [Update RS (ms): Min: 14.7, Avg: 15.0, Max: 15.8, Diff: 1.1, Sum: 119.7]
         [Processed Buffers: Min: 9, Avg: 11.1, Max: 14, Diff: 5, Sum: 89]
      [Scan RS (ms): Min: 13.4, Avg: 14.3, Max: 14.6, Diff: 1.3, Sum: 114.4]
      [Code Root Scanning (ms): Min: 0.0, Avg: 0.0, Max: 0.0, Diff: 0.0, Sum: 0.0]
      [Object Copy (ms): Min: 134.3, Avg: 134.4, Max: 134.5, Diff: 0.2, Sum: 1075.2]
      [Termination (ms): Min: 0.0, Avg: 0.1, Max: 0.1, Diff: 0.1, Sum: 0.5]
         [Termination Attempts: Min: 1, Avg: 248.9, Max: 308, Diff: 307, Sum: 1991]
      [GC Worker Other (ms): Min: 0.0, Avg: 0.0, Max: 0.1, Diff: 0.1, Sum: 0.4]
      [GC Worker Total (ms): Min: 163.8, Avg: 163.9, Max: 164.0, Diff: 0.2, Sum: 1311.2]
      [GC Worker End (ms): Min: 179892.2, Avg: 179892.2, Max: 179892.2, Diff: 0.1]
   [Code Root Fixup: 0.0 ms]
   [Code Root Purge: 0.0 ms]
   [Clear CT: 0.3 ms]
   [Other: 1.9 ms]
      [Choose CSet: 0.0 ms]
      [Ref Proc: 0.3 ms]
      [Ref Enq: 0.0 ms]
      [Redirty Cards: 1.0 ms]
      [Humongous Register: 0.1 ms]
      [Humongous Reclaim: 0.0 ms]
      [Free CSet: 0.2 ms]
   [Eden: 175.0M(175.0M)->0.0B(163.0M) Survivors: 7168.0K->23.0M Heap: 220.0M(2048.0M)->216.0M(2048.0M)]
 [Times: user=1.24 sys=0.00, real=0.17 secs] 
2020-09-29T12:23:39.897+0200: 180.052: [GC pause (G1 Evacuation Pause) (young), 0.2601296 secs]
   [Parallel Time: 258.4 ms, GC Workers: 8]
      [GC Worker Start (ms): Min: 180052.1, Avg: 180059.9, Max: 180083.0, Diff: 31.0]
      [Ext Root Scanning (ms): Min: 0.0, Avg: 0.1, Max: 0.2, Diff: 0.2, Sum: 0.8]
      [Update RS (ms): Min: 0.0, Avg: 15.1, Max: 20.6, Diff: 20.6, Sum: 120.7]
         [Processed Buffers: Min: 0, Avg: 11.0, Max: 16, Diff: 16, Sum: 88]
      [Scan RS (ms): Min: 8.4, Avg: 19.5, Max: 43.3, Diff: 34.9, Sum: 156.2]
      [Code Root Scanning (ms): Min: 0.0, Avg: 0.0, Max: 0.0, Diff: 0.0, Sum: 0.0]
      [Object Copy (ms): Min: 194.0, Avg: 215.4, Max: 218.6, Diff: 24.6, Sum: 1723.2]
      [Termination (ms): Min: 0.0, Avg: 0.1, Max: 0.2, Diff: 0.2, Sum: 1.0]
         [Termination Attempts: Min: 1, Avg: 264.3, Max: 361, Diff: 360, Sum: 2114]
      [GC Worker Other (ms): Min: 0.0, Avg: 0.0, Max: 0.1, Diff: 0.0, Sum: 0.2]
      [GC Worker Total (ms): Min: 227.1, Avg: 250.3, Max: 258.1, Diff: 31.0, Sum: 2002.1]
      [GC Worker End (ms): Min: 180310.1, Avg: 180310.1, Max: 180310.2, Diff: 0.1]
   [Code Root Fixup: 0.0 ms]
   [Code Root Purge: 0.0 ms]
   [Clear CT: 0.3 ms]
   [Other: 1.4 ms]
      [Choose CSet: 0.0 ms]
      [Ref Proc: 0.4 ms]
      [Ref Enq: 0.0 ms]
      [Redirty Cards: 0.4 ms]
      [Humongous Register: 0.0 ms]
      [Humongous Reclaim: 0.0 ms]
      [Free CSet: 0.3 ms]
   [Eden: 163.0M(163.0M)->0.0B(121.0M) Survivors: 23.0M->24.0M Heap: 405.7M(2048.0M)->406.7M(2048.0M)]
 [Times: user=1.70 sys=0.00, real=0.26 secs] 
2020-09-29T12:23:40.286+0200: 180.441: [GC pause (G1 Evacuation Pause) (young), 0.2049750 secs]
   [Parallel Time: 203.3 ms, GC Workers: 8]
      [GC Worker Start (ms): Min: 180441.1, Avg: 180446.4, Max: 180469.7, Diff: 28.6]
      [Ext Root Scanning (ms): Min: 0.0, Avg: 0.1, Max: 0.2, Diff: 0.2, Sum: 0.8]
      [Update RS (ms): Min: 0.0, Avg: 19.4, Max: 24.3, Diff: 24.3, Sum: 155.0]
         [Processed Buffers: Min: 0, Avg: 14.0, Max: 20, Diff: 20, Sum: 112]
      [Scan RS (ms): Min: 6.5, Avg: 13.3, Max: 32.5, Diff: 26.1, Sum: 106.2]
      [Code Root Scanning (ms): Min: 0.0, Avg: 0.0, Max: 0.0, Diff: 0.0, Sum: 0.0]
      [Object Copy (ms): Min: 146.2, Avg: 164.7, Max: 167.9, Diff: 21.7, Sum: 1317.7]
      [Termination (ms): Min: 0.1, Avg: 0.3, Max: 1.6, Diff: 1.5, Sum: 2.4]
         [Termination Attempts: Min: 1, Avg: 163.6, Max: 255, Diff: 254, Sum: 1309]
      [GC Worker Other (ms): Min: 0.0, Avg: 0.0, Max: 0.0, Diff: 0.0, Sum: 0.1]
      [GC Worker Total (ms): Min: 174.5, Avg: 197.8, Max: 203.2, Diff: 28.7, Sum: 1582.3]
      [GC Worker End (ms): Min: 180644.2, Avg: 180644.2, Max: 180644.2, Diff: 0.0]
   [Code Root Fixup: 0.0 ms]
   [Code Root Purge: 0.0 ms]
   [Clear CT: 0.3 ms]
   [Other: 1.4 ms]
      [Choose CSet: 0.0 ms]
      [Ref Proc: 0.4 ms]
      [Ref Enq: 0.0 ms]
      [Redirty Cards: 0.4 ms]
      [Humongous Register: 0.1 ms]
      [Humongous Reclaim: 0.0 ms]
      [Free CSet: 0.2 ms]
   [Eden: 121.0M(121.0M)->0.0B(113.0M) Survivors: 24.0M->19.0M Heap: 548.7M(2048.0M)->550.7M(2048.0M)]
 [Times: user=1.33 sys=0.00, real=0.20 secs] 
2020-09-29T12:23:40.603+0200: 180.758: [GC pause (G1 Evacuation Pause) (young), 0.1339239 secs]
   [Parallel Time: 131.2 ms, GC Workers: 8]
      [GC Worker Start (ms): Min: 180758.5, Avg: 180758.6, Max: 180758.6, Diff: 0.1]
      [Ext Root Scanning (ms): Min: 0.1, Avg: 0.1, Max: 0.2, Diff: 0.1, Sum: 1.0]
      [Update RS (ms): Min: 20.1, Avg: 20.6, Max: 21.2, Diff: 1.0, Sum: 164.9]
         [Processed Buffers: Min: 12, Avg: 13.0, Max: 16, Diff: 4, Sum: 104]
      [Scan RS (ms): Min: 6.8, Avg: 7.4, Max: 7.8, Diff: 1.0, Sum: 58.9]
      [Code Root Scanning (ms): Min: 0.0, Avg: 0.0, Max: 0.0, Diff: 0.0, Sum: 0.0]
      [Object Copy (ms): Min: 102.7, Avg: 102.8, Max: 102.9, Diff: 0.2, Sum: 822.5]
      [Termination (ms): Min: 0.0, Avg: 0.1, Max: 0.1, Diff: 0.1, Sum: 0.5]
         [Termination Attempts: Min: 1, Avg: 202.6, Max: 273, Diff: 272, Sum: 1621]
      [GC Worker Other (ms): Min: 0.0, Avg: 0.0, Max: 0.0, Diff: 0.0, Sum: 0.2]
      [GC Worker Total (ms): Min: 130.9, Avg: 131.0, Max: 131.1, Diff: 0.1, Sum: 1048.0]
      [GC Worker End (ms): Min: 180889.6, Avg: 180889.6, Max: 180889.6, Diff: 0.0]
   [Code Root Fixup: 0.0 ms]
   [Code Root Purge: 0.0 ms]
   [Clear CT: 1.4 ms]
   [Other: 1.3 ms]
      [Choose CSet: 0.0 ms]
      [Ref Proc: 0.3 ms]
      [Ref Enq: 0.0 ms]
      [Redirty Cards: 0.5 ms]
      [Humongous Register: 0.1 ms]
      [Humongous Reclaim: 0.0 ms]
      [Free CSet: 0.2 ms]
   [Eden: 113.0M(113.0M)->0.0B(129.0M) Survivors: 19.0M->17.0M Heap: 680.9M(2048.0M)->683.9M(2048.0M)]
 [Times: user=0.94 sys=0.00, real=0.13 secs] 
2020-09-29T12:23:40.852+0200: 181.008: [GC pause (G1 Evacuation Pause) (young), 0.1473856 secs]
   [Parallel Time: 145.8 ms, GC Workers: 8]
      [GC Worker Start (ms): Min: 181007.9, Avg: 181007.9, Max: 181008.0, Diff: 0.2]
      [Ext Root Scanning (ms): Min: 0.0, Avg: 0.1, Max: 0.2, Diff: 0.2, Sum: 0.9]
      [Update RS (ms): Min: 18.6, Avg: 18.9, Max: 19.7, Diff: 1.1, Sum: 151.0]
         [Processed Buffers: Min: 11, Avg: 12.9, Max: 16, Diff: 5, Sum: 103]
      [Scan RS (ms): Min: 10.7, Avg: 11.5, Max: 11.8, Diff: 1.1, Sum: 92.1]
      [Code Root Scanning (ms): Min: 0.0, Avg: 0.0, Max: 0.0, Diff: 0.0, Sum: 0.0]
      [Object Copy (ms): Min: 114.7, Avg: 114.8, Max: 114.9, Diff: 0.2, Sum: 918.7]
      [Termination (ms): Min: 0.0, Avg: 0.1, Max: 0.2, Diff: 0.2, Sum: 1.0]
         [Termination Attempts: Min: 1, Avg: 477.3, Max: 651, Diff: 650, Sum: 3818]
      [GC Worker Other (ms): Min: 0.0, Avg: 0.0, Max: 0.1, Diff: 0.0, Sum: 0.3]
      [GC Worker Total (ms): Min: 145.4, Avg: 145.5, Max: 145.6, Diff: 0.2, Sum: 1163.9]
      [GC Worker End (ms): Min: 181153.4, Avg: 181153.4, Max: 181153.5, Diff: 0.0]
   [Code Root Fixup: 0.0 ms]
   [Code Root Purge: 0.0 ms]
   [Clear CT: 0.4 ms]
   [Other: 1.2 ms]
      [Choose CSet: 0.0 ms]
      [Ref Proc: 0.3 ms]
      [Ref Enq: 0.0 ms]
      [Redirty Cards: 0.3 ms]
      [Humongous Register: 0.1 ms]
      [Humongous Reclaim: 0.0 ms]
      [Free CSet: 0.2 ms]
   [Eden: 129.0M(129.0M)->0.0B(137.0M) Survivors: 17.0M->19.0M Heap: 835.8M(2048.0M)->837.8M(2048.0M)]
 [Times: user=1.11 sys=0.00, real=0.15 secs] 
2020-09-29T12:23:41.130+0200: 181.286: [GC pause (G1 Evacuation Pause) (young), 0.2051829 secs]
   [Parallel Time: 203.7 ms, GC Workers: 8]
      [GC Worker Start (ms): Min: 181286.0, Avg: 181286.1, Max: 181286.2, Diff: 0.2]
      [Ext Root Scanning (ms): Min: 0.0, Avg: 0.1, Max: 0.2, Diff: 0.2, Sum: 1.0]
      [Update RS (ms): Min: 23.0, Avg: 24.2, Max: 31.6, Diff: 8.6, Sum: 193.6]
         [Processed Buffers: Min: 0, Avg: 14.5, Max: 19, Diff: 19, Sum: 116]
      [Scan RS (ms): Min: 2.0, Avg: 13.2, Max: 40.0, Diff: 38.1, Sum: 105.6]
      [Code Root Scanning (ms): Min: 0.0, Avg: 0.0, Max: 0.0, Diff: 0.0, Sum: 0.0]
      [Object Copy (ms): Min: 140.2, Avg: 165.9, Max: 169.8, Diff: 29.6, Sum: 1326.8]
      [Termination (ms): Min: 0.1, Avg: 0.2, Max: 0.3, Diff: 0.2, Sum: 1.8]
         [Termination Attempts: Min: 1, Avg: 734.8, Max: 960, Diff: 959, Sum: 5878]
      [GC Worker Other (ms): Min: 0.0, Avg: 0.0, Max: 0.0, Diff: 0.0, Sum: 0.1]
      [GC Worker Total (ms): Min: 203.5, Avg: 203.6, Max: 203.7, Diff: 0.2, Sum: 1628.9]
      [GC Worker End (ms): Min: 181489.7, Avg: 181489.7, Max: 181489.7, Diff: 0.0]
   [Code Root Fixup: 0.0 ms]
   [Code Root Purge: 0.0 ms]
   [Clear CT: 0.3 ms]
   [Other: 1.2 ms]
      [Choose CSet: 0.0 ms]
      [Ref Proc: 0.3 ms]
      [Ref Enq: 0.0 ms]
      [Redirty Cards: 0.3 ms]
      [Humongous Register: 0.1 ms]
      [Humongous Reclaim: 0.0 ms]
      [Free CSet: 0.2 ms]
   [Eden: 137.0M(137.0M)->0.0B(128.0M) Survivors: 19.0M->20.0M Heap: 997.6M(2048.0M)->999.6M(2048.0M)]
 [Times: user=1.42 sys=0.00, real=0.21 secs] 
2020-09-29T12:23:41.349+0200: 181.505: [GC pause (G1 Humongous Allocation) (young) (initial-mark), 0.0499024 secs]
   [Parallel Time: 48.4 ms, GC Workers: 8]
      [GC Worker Start (ms): Min: 181505.1, Avg: 181505.2, Max: 181505.3, Diff: 0.1]
      [Ext Root Scanning (ms): Min: 0.1, Avg: 0.1, Max: 0.2, Diff: 0.1, Sum: 1.1]
      [Update RS (ms): Min: 21.9, Avg: 22.4, Max: 23.9, Diff: 2.0, Sum: 179.0]
         [Processed Buffers: Min: 15, Avg: 16.8, Max: 18, Diff: 3, Sum: 134]
      [Scan RS (ms): Min: 0.9, Avg: 2.4, Max: 2.9, Diff: 2.0, Sum: 19.6]
      [Code Root Scanning (ms): Min: 0.0, Avg: 0.0, Max: 0.0, Diff: 0.0, Sum: 0.0]
      [Object Copy (ms): Min: 23.2, Avg: 23.3, Max: 23.4, Diff: 0.2, Sum: 186.8]
      [Termination (ms): Min: 0.0, Avg: 0.0, Max: 0.0, Diff: 0.0, Sum: 0.0]
         [Termination Attempts: Min: 1, Avg: 4.4, Max: 7, Diff: 6, Sum: 35]
      [GC Worker Other (ms): Min: 0.0, Avg: 0.0, Max: 0.0, Diff: 0.0, Sum: 0.2]
      [GC Worker Total (ms): Min: 48.3, Avg: 48.3, Max: 48.4, Diff: 0.1, Sum: 386.7]
      [GC Worker End (ms): Min: 181553.5, Avg: 181553.5, Max: 181553.5, Diff: 0.0]
   [Code Root Fixup: 0.0 ms]
   [Code Root Purge: 0.0 ms]
   [Clear CT: 0.3 ms]
   [Other: 1.2 ms]
      [Choose CSet: 0.0 ms]
      [Ref Proc: 0.3 ms]
      [Ref Enq: 0.0 ms]
      [Redirty Cards: 0.4 ms]
      [Humongous Register: 0.1 ms]
      [Humongous Reclaim: 0.0 ms]
      [Free CSet: 0.1 ms]
   [Eden: 9216.0K(128.0M)->0.0B(152.0M) Survivors: 20.0M->11.0M Heap: 1008.6M(2048.0M)->1011.6M(2048.0M)]
 [Times: user=0.38 sys=0.00, real=0.05 secs] 
2020-09-29T12:23:41.399+0200: 181.555: [GC concurrent-root-region-scan-start]
2020-09-29T12:23:41.405+0200: 181.560: [GC concurrent-root-region-scan-end, 0.0051528 secs]
2020-09-29T12:23:41.405+0200: 181.560: [GC concurrent-mark-start]
2020-09-29T12:23:41.410+0200: 181.565: [GC concurrent-mark-end, 0.0052536 secs]
2020-09-29T12:23:41.410+0200: 181.566: [GC remark 2020-09-29T12:23:41.411+0200: 181.566: [Finalize Marking, 0.0004603 secs] 2020-09-29T12:23:41.411+0200: 181.567: [GC ref-proc, 0.0005912 secs] 2020-09-29T12:23:41.412+0200: 181.567: [Unloading, 0.0007565 secs], 0.0023602 secs]
 [Times: user=0.00 sys=0.02, real=0.00 secs] 
2020-09-29T12:23:41.414+0200: 181.569: [GC cleanup 1028M->35M(2048M), 0.0019661 secs]
 [Times: user=0.00 sys=0.00, real=0.00 secs] 
2020-09-29T12:23:41.416+0200: 181.571: [GC concurrent-cleanup-start]
2020-09-29T12:23:41.417+0200: 181.573: [GC concurrent-cleanup-end, 0.0018179 secs]
2020-09-29T12:23:41.538+0200: 181.694: [GC pause (G1 Evacuation Pause) (young), 0.1991798 secs]
   [Parallel Time: 197.7 ms, GC Workers: 8]
      [GC Worker Start (ms): Min: 181693.7, Avg: 181693.8, Max: 181693.9, Diff: 0.2]
      [Ext Root Scanning (ms): Min: 0.0, Avg: 0.1, Max: 0.2, Diff: 0.2, Sum: 0.7]
      [Update RS (ms): Min: 16.3, Avg: 18.4, Max: 31.2, Diff: 14.9, Sum: 147.3]
         [Processed Buffers: Min: 0, Avg: 10.8, Max: 14, Diff: 14, Sum: 86]
      [Scan RS (ms): Min: 0.0, Avg: 11.3, Max: 13.1, Diff: 13.1, Sum: 90.0]
      [Code Root Scanning (ms): Min: 0.0, Avg: 0.0, Max: 0.0, Diff: 0.0, Sum: 0.0]
      [Object Copy (ms): Min: 166.0, Avg: 167.6, Max: 167.9, Diff: 1.9, Sum: 1340.5]
      [Termination (ms): Min: 0.0, Avg: 0.1, Max: 0.1, Diff: 0.1, Sum: 0.4]
         [Termination Attempts: Min: 1, Avg: 210.9, Max: 271, Diff: 270, Sum: 1687]
      [GC Worker Other (ms): Min: 0.0, Avg: 0.0, Max: 0.1, Diff: 0.1, Sum: 0.4]
      [GC Worker Total (ms): Min: 197.3, Avg: 197.4, Max: 197.5, Diff: 0.3, Sum: 1579.3]
      [GC Worker End (ms): Min: 181891.2, Avg: 181891.2, Max: 181891.3, Diff: 0.1]
   [Code Root Fixup: 0.0 ms]
   [Code Root Purge: 0.0 ms]
   [Clear CT: 0.3 ms]
   [Other: 1.2 ms]
      [Choose CSet: 0.0 ms]
      [Ref Proc: 0.3 ms]
      [Ref Enq: 0.0 ms]
      [Redirty Cards: 0.3 ms]
      [Humongous Register: 0.1 ms]
      [Humongous Reclaim: 0.0 ms]
      [Free CSet: 0.2 ms]
   [Eden: 152.0M(152.0M)->0.0B(131.0M) Survivors: 11.0M->21.0M Heap: 197.2M(2048.0M)->188.7M(2048.0M)]
 [Times: user=1.27 sys=0.00, real=0.20 secs] 
2020-09-29T12:23:41.858+0200: 182.013: [GC pause (G1 Evacuation Pause) (young), 0.1661375 secs]
   [Parallel Time: 164.8 ms, GC Workers: 8]
      [GC Worker Start (ms): Min: 182013.3, Avg: 182013.4, Max: 182014.2, Diff: 0.9]
      [Ext Root Scanning (ms): Min: 0.0, Avg: 0.1, Max: 0.2, Diff: 0.2, Sum: 0.9]
      [Update RS (ms): Min: 16.2, Avg: 17.1, Max: 17.8, Diff: 1.6, Sum: 136.6]
         [Processed Buffers: Min: 10, Avg: 11.0, Max: 12, Diff: 2, Sum: 88]
      [Scan RS (ms): Min: 11.8, Avg: 12.6, Max: 13.0, Diff: 1.2, Sum: 100.5]
      [Code Root Scanning (ms): Min: 0.0, Avg: 0.0, Max: 0.0, Diff: 0.0, Sum: 0.0]
      [Object Copy (ms): Min: 134.1, Avg: 134.3, Max: 134.6, Diff: 0.6, Sum: 1074.6]
      [Termination (ms): Min: 0.0, Avg: 0.3, Max: 0.6, Diff: 0.6, Sum: 2.6]
         [Termination Attempts: Min: 1, Avg: 986.8, Max: 1336, Diff: 1335, Sum: 7894]
      [GC Worker Other (ms): Min: 0.0, Avg: 0.0, Max: 0.0, Diff: 0.0, Sum: 0.1]
      [GC Worker Total (ms): Min: 163.7, Avg: 164.4, Max: 164.6, Diff: 0.9, Sum: 1315.3]
      [GC Worker End (ms): Min: 182177.8, Avg: 182177.9, Max: 182177.9, Diff: 0.0]
   [Code Root Fixup: 0.0 ms]
   [Code Root Purge: 0.0 ms]
   [Clear CT: 0.2 ms]
   [Other: 1.1 ms]
      [Choose CSet: 0.0 ms]
      [Ref Proc: 0.2 ms]
      [Ref Enq: 0.0 ms]
      [Redirty Cards: 0.3 ms]
      [Humongous Register: 0.1 ms]
      [Humongous Reclaim: 0.0 ms]
      [Free CSet: 0.2 ms]
   [Eden: 131.0M(131.0M)->0.0B(136.0M) Survivors: 21.0M->19.0M Heap: 340.7M(2048.0M)->342.7M(2048.0M)]
 [Times: user=1.34 sys=0.00, real=0.17 secs] 
2020-09-29T12:23:42.149+0200: 182.305: [GC pause (G1 Evacuation Pause) (young), 0.1976579 secs]
   [Parallel Time: 196.1 ms, GC Workers: 8]
      [GC Worker Start (ms): Min: 182304.9, Avg: 182305.4, Max: 182307.8, Diff: 2.9]
      [Ext Root Scanning (ms): Min: 0.0, Avg: 0.1, Max: 0.2, Diff: 0.2, Sum: 0.9]
      [Update RS (ms): Min: 19.7, Avg: 23.0, Max: 32.0, Diff: 12.2, Sum: 183.8]
         [Processed Buffers: Min: 0, Avg: 12.8, Max: 16, Diff: 16, Sum: 102]
      [Scan RS (ms): Min: 1.5, Avg: 10.8, Max: 16.7, Diff: 15.1, Sum: 86.8]
      [Code Root Scanning (ms): Min: 0.0, Avg: 0.0, Max: 0.0, Diff: 0.0, Sum: 0.0]
      [Object Copy (ms): Min: 156.7, Avg: 161.4, Max: 162.2, Diff: 5.6, Sum: 1291.3]
      [Termination (ms): Min: 0.0, Avg: 0.1, Max: 0.2, Diff: 0.2, Sum: 0.9]
         [Termination Attempts: Min: 1, Avg: 232.8, Max: 363, Diff: 362, Sum: 1862]
      [GC Worker Other (ms): Min: 0.0, Avg: 0.0, Max: 0.0, Diff: 0.0, Sum: 0.2]
      [GC Worker Total (ms): Min: 193.0, Avg: 195.5, Max: 195.9, Diff: 2.9, Sum: 1564.0]
      [GC Worker End (ms): Min: 182500.9, Avg: 182500.9, Max: 182500.9, Diff: 0.0]
   [Code Root Fixup: 0.0 ms]
   [Code Root Purge: 0.0 ms]
   [Clear CT: 0.3 ms]
   [Other: 1.2 ms]
      [Choose CSet: 0.0 ms]
      [Ref Proc: 0.3 ms]
      [Ref Enq: 0.0 ms]
      [Redirty Cards: 0.3 ms]
      [Humongous Register: 0.0 ms]
      [Humongous Reclaim: 0.0 ms]
      [Free CSet: 0.2 ms]
   [Eden: 136.0M(136.0M)->0.0B(129.0M) Survivors: 19.0M->20.0M Heap: 501.6M(2048.0M)->503.1M(2048.0M)]
 [Times: user=1.26 sys=0.00, real=0.20 secs] 
2020-09-29T12:23:42.478+0200: 182.634: [GC pause (G1 Evacuation Pause) (young), 0.2371211 secs]
   [Parallel Time: 235.2 ms, GC Workers: 8]
      [GC Worker Start (ms): Min: 182634.0, Avg: 182638.0, Max: 182666.1, Diff: 32.2]
      [Ext Root Scanning (ms): Min: 0.0, Avg: 0.1, Max: 0.2, Diff: 0.2, Sum: 0.8]
      [Update RS (ms): Min: 0.0, Avg: 17.0, Max: 19.9, Diff: 19.9, Sum: 136.1]
         [Processed Buffers: Min: 0, Avg: 10.6, Max: 13, Diff: 13, Sum: 85]
      [Scan RS (ms): Min: 0.2, Avg: 11.7, Max: 15.7, Diff: 15.5, Sum: 93.5]
      [Code Root Scanning (ms): Min: 0.0, Avg: 0.0, Max: 0.0, Diff: 0.0, Sum: 0.0]
      [Object Copy (ms): Min: 199.4, Avg: 202.0, Max: 202.6, Diff: 3.2, Sum: 1615.7]
      [Termination (ms): Min: 0.1, Avg: 0.2, Max: 0.4, Diff: 0.3, Sum: 2.0]
         [Termination Attempts: Min: 1, Avg: 497.4, Max: 751, Diff: 750, Sum: 3979]
      [GC Worker Other (ms): Min: 0.0, Avg: 0.0, Max: 0.0, Diff: 0.0, Sum: 0.2]
      [GC Worker Total (ms): Min: 203.0, Avg: 231.0, Max: 235.1, Diff: 32.1, Sum: 1848.3]
      [GC Worker End (ms): Min: 182869.1, Avg: 182869.1, Max: 182869.1, Diff: 0.0]
   [Code Root Fixup: 0.0 ms]
   [Code Root Purge: 0.0 ms]
   [Clear CT: 0.5 ms]
   [Other: 1.5 ms]
      [Choose CSet: 0.0 ms]
      [Ref Proc: 0.4 ms]
      [Ref Enq: 0.0 ms]
      [Redirty Cards: 0.4 ms]
      [Humongous Register: 0.1 ms]
      [Humongous Reclaim: 0.0 ms]
      [Free CSet: 0.3 ms]
   [Eden: 129.0M(129.0M)->0.0B(111.0M) Survivors: 20.0M->19.0M Heap: 653.1M(2048.0M)->655.1M(2048.0M)]
 [Times: user=1.53 sys=0.00, real=0.24 secs] 
2020-09-29T12:23:42.878+0200: 183.034: [GC pause (G1 Evacuation Pause) (young), 0.1949489 secs]
   [Parallel Time: 192.6 ms, GC Workers: 8]
      [GC Worker Start (ms): Min: 183033.8, Avg: 183033.9, Max: 183034.1, Diff: 0.3]
      [Ext Root Scanning (ms): Min: 0.0, Avg: 0.2, Max: 0.3, Diff: 0.3, Sum: 1.2]
      [Update RS (ms): Min: 28.8, Avg: 29.0, Max: 29.4, Diff: 0.6, Sum: 232.0]
         [Processed Buffers: Min: 11, Avg: 13.4, Max: 15, Diff: 4, Sum: 107]
      [Scan RS (ms): Min: 10.3, Avg: 10.9, Max: 11.8, Diff: 1.5, Sum: 87.1]
      [Code Root Scanning (ms): Min: 0.0, Avg: 0.0, Max: 0.0, Diff: 0.0, Sum: 0.0]
      [Object Copy (ms): Min: 150.7, Avg: 152.0, Max: 152.2, Diff: 1.5, Sum: 1215.8]
      [Termination (ms): Min: 0.0, Avg: 0.1, Max: 0.2, Diff: 0.2, Sum: 1.1]
         [Termination Attempts: Min: 1, Avg: 361.4, Max: 460, Diff: 459, Sum: 2891]
      [GC Worker Other (ms): Min: 0.0, Avg: 0.1, Max: 0.2, Diff: 0.2, Sum: 0.6]
      [GC Worker Total (ms): Min: 192.1, Avg: 192.2, Max: 192.3, Diff: 0.2, Sum: 1537.8]
      [GC Worker End (ms): Min: 183226.1, Avg: 183226.2, Max: 183226.2, Diff: 0.1]
   [Code Root Fixup: 0.0 ms]
   [Code Root Purge: 0.0 ms]
   [Clear CT: 0.4 ms]
   [Other: 1.9 ms]
      [Choose CSet: 0.0 ms]
      [Ref Proc: 0.8 ms]
      [Ref Enq: 0.0 ms]
      [Redirty Cards: 0.5 ms]
      [Humongous Register: 0.1 ms]
      [Humongous Reclaim: 0.0 ms]
      [Free CSet: 0.3 ms]
   [Eden: 111.0M(111.0M)->0.0B(107.0M) Survivors: 19.0M->17.0M Heap: 785.1M(2048.0M)->787.1M(2048.0M)]
 [Times: user=1.53 sys=0.00, real=0.20 secs] 
2020-09-29T12:23:43.215+0200: 183.371: [GC pause (G1 Evacuation Pause) (young), 0.2494473 secs]
   [Parallel Time: 247.5 ms, GC Workers: 8]
      [GC Worker Start (ms): Min: 183371.0, Avg: 183371.1, Max: 183371.3, Diff: 0.3]
      [Ext Root Scanning (ms): Min: 0.0, Avg: 0.2, Max: 0.3, Diff: 0.3, Sum: 1.3]
      [Update RS (ms): Min: 26.4, Avg: 27.9, Max: 34.5, Diff: 8.1, Sum: 223.5]
         [Processed Buffers: Min: 1, Avg: 10.5, Max: 13, Diff: 12, Sum: 84]
      [Scan RS (ms): Min: 5.3, Avg: 15.1, Max: 38.3, Diff: 33.0, Sum: 120.5]
      [Code Root Scanning (ms): Min: 0.0, Avg: 0.0, Max: 0.0, Diff: 0.0, Sum: 0.0]
      [Object Copy (ms): Min: 181.3, Avg: 203.4, Max: 206.8, Diff: 25.5, Sum: 1627.0]
      [Termination (ms): Min: 0.1, Avg: 0.4, Max: 0.5, Diff: 0.4, Sum: 3.2]
         [Termination Attempts: Min: 1, Avg: 977.6, Max: 1377, Diff: 1376, Sum: 7821]
      [GC Worker Other (ms): Min: 0.0, Avg: 0.0, Max: 0.1, Diff: 0.1, Sum: 0.3]
      [GC Worker Total (ms): Min: 246.7, Avg: 247.0, Max: 247.1, Diff: 0.4, Sum: 1975.7]
      [GC Worker End (ms): Min: 183618.0, Avg: 183618.1, Max: 183618.2, Diff: 0.1]
   [Code Root Fixup: 0.0 ms]
   [Code Root Purge: 0.0 ms]
   [Clear CT: 0.4 ms]
   [Other: 1.5 ms]
      [Choose CSet: 0.0 ms]
      [Ref Proc: 0.5 ms]
      [Ref Enq: 0.0 ms]
      [Redirty Cards: 0.4 ms]
      [Humongous Register: 0.1 ms]
      [Humongous Reclaim: 0.0 ms]
      [Free CSet: 0.2 ms]
   [Eden: 107.0M(107.0M)->0.0B(86.0M) Survivors: 17.0M->16.0M Heap: 911.3M(2048.0M)->913.3M(2048.0M)]
 [Times: user=1.67 sys=0.03, real=0.25 secs] 
2020-09-29T12:23:43.594+0200: 183.750: [GC pause (G1 Evacuation Pause) (young), 0.1564369 secs]
   [Parallel Time: 154.2 ms, GC Workers: 8]
      [GC Worker Start (ms): Min: 183749.8, Avg: 183750.0, Max: 183750.1, Diff: 0.3]
      [Ext Root Scanning (ms): Min: 0.0, Avg: 0.2, Max: 0.3, Diff: 0.3, Sum: 1.2]
      [Update RS (ms): Min: 20.9, Avg: 21.0, Max: 21.3, Diff: 0.4, Sum: 168.0]
         [Processed Buffers: Min: 8, Avg: 10.4, Max: 12, Diff: 4, Sum: 83]
      [Scan RS (ms): Min: 9.6, Avg: 10.0, Max: 10.2, Diff: 0.5, Sum: 79.7]
      [Code Root Scanning (ms): Min: 0.0, Avg: 0.0, Max: 0.0, Diff: 0.0, Sum: 0.0]
      [Object Copy (ms): Min: 122.4, Avg: 122.5, Max: 122.7, Diff: 0.3, Sum: 980.4]
      [Termination (ms): Min: 0.0, Avg: 0.1, Max: 0.2, Diff: 0.2, Sum: 0.9]
         [Termination Attempts: Min: 1, Avg: 293.0, Max: 384, Diff: 383, Sum: 2344]
      [GC Worker Other (ms): Min: 0.0, Avg: 0.0, Max: 0.0, Diff: 0.0, Sum: 0.2]
      [GC Worker Total (ms): Min: 153.7, Avg: 153.8, Max: 154.0, Diff: 0.3, Sum: 1230.5]
      [GC Worker End (ms): Min: 183903.8, Avg: 183903.8, Max: 183903.8, Diff: 0.0]
   [Code Root Fixup: 0.0 ms]
   [Code Root Purge: 0.0 ms]
   [Clear CT: 0.4 ms]
   [Other: 1.8 ms]
      [Choose CSet: 0.0 ms]
      [Ref Proc: 0.4 ms]
      [Ref Enq: 0.0 ms]
      [Redirty Cards: 0.4 ms]
      [Humongous Register: 0.1 ms]
      [Humongous Reclaim: 0.0 ms]
      [Free CSet: 0.4 ms]
   [Eden: 86.0M(86.0M)->0.0B(93.0M) Survivors: 16.0M->13.0M Heap: 1014.6M(2048.0M)->1016.6M(2048.0M)]
 [Times: user=1.19 sys=0.00, real=0.16 secs] 
2020-09-29T12:23:43.771+0200: 183.926: [GC pause (G1 Humongous Allocation) (young) (initial-mark), 0.0687861 secs]
   [Parallel Time: 66.6 ms, GC Workers: 8]
      [GC Worker Start (ms): Min: 183926.7, Avg: 183926.9, Max: 183927.1, Diff: 0.4]
      [Ext Root Scanning (ms): Min: 0.0, Avg: 4.2, Max: 31.3, Diff: 31.3, Sum: 33.9]
      [Update RS (ms): Min: 0.0, Avg: 18.6, Max: 21.7, Diff: 21.7, Sum: 148.6]
         [Processed Buffers: Min: 0, Avg: 10.6, Max: 14, Diff: 14, Sum: 85]
      [Scan RS (ms): Min: 0.0, Avg: 1.8, Max: 2.6, Diff: 2.6, Sum: 14.2]
      [Code Root Scanning (ms): Min: 0.0, Avg: 0.0, Max: 0.0, Diff: 0.0, Sum: 0.0]
      [Object Copy (ms): Min: 34.5, Avg: 41.3, Max: 42.4, Diff: 7.9, Sum: 330.6]
      [Termination (ms): Min: 0.1, Avg: 0.3, Max: 0.5, Diff: 0.4, Sum: 2.7]
         [Termination Attempts: Min: 1, Avg: 718.4, Max: 917, Diff: 916, Sum: 5747]
      [GC Worker Other (ms): Min: 0.0, Avg: 0.0, Max: 0.1, Diff: 0.1, Sum: 0.2]
      [GC Worker Total (ms): Min: 66.1, Avg: 66.3, Max: 66.5, Diff: 0.4, Sum: 530.2]
      [GC Worker End (ms): Min: 183993.2, Avg: 183993.2, Max: 183993.2, Diff: 0.0]
   [Code Root Fixup: 0.0 ms]
   [Code Root Purge: 0.0 ms]
   [Clear CT: 0.4 ms]
   [Other: 1.8 ms]
      [Choose CSet: 0.0 ms]
      [Ref Proc: 0.5 ms]
      [Ref Enq: 0.0 ms]
      [Redirty Cards: 0.7 ms]
      [Humongous Register: 0.1 ms]
      [Humongous Reclaim: 0.0 ms]
      [Free CSet: 0.1 ms]
   [Eden: 7168.0K(93.0M)->0.0B(94.0M) Survivors: 13.0M->8192.0K Heap: 1023.1M(2048.0M)->1026.1M(2048.0M)]
 [Times: user=0.41 sys=0.00, real=0.07 secs] 
2020-09-29T12:23:43.841+0200: 183.996: [GC concurrent-root-region-scan-start]
2020-09-29T12:23:43.845+0200: 184.000: [GC concurrent-root-region-scan-end, 0.0048702 secs]
2020-09-29T12:23:43.845+0200: 184.000: [GC concurrent-mark-start]
2020-09-29T12:23:43.854+0200: 184.009: [GC concurrent-mark-end, 0.0083538 secs]
2020-09-29T12:23:43.855+0200: 184.010: [GC remark 2020-09-29T12:23:43.855+0200: 184.010: [Finalize Marking, 0.0005519 secs] 2020-09-29T12:23:43.855+0200: 184.010: [GC ref-proc, 0.0008355 secs] 2020-09-29T12:23:43.856+0200: 184.011: [Unloading, 0.0010692 secs], 0.0031349 secs]
 [Times: user=0.00 sys=0.00, real=0.00 secs] 
2020-09-29T12:23:43.859+0200: 184.014: [GC cleanup 1038M->28M(2048M), 0.0025392 secs]
 [Times: user=0.00 sys=0.00, real=0.00 secs] 
2020-09-29T12:23:43.862+0200: 184.017: [GC concurrent-cleanup-start]
2020-09-29T12:23:43.866+0200: 184.021: [GC concurrent-cleanup-end, 0.0047797 secs]
2020-09-29T12:23:43.973+0200: 184.128: [GC pause (G1 Evacuation Pause) (young), 0.1461101 secs]
   [Parallel Time: 144.1 ms, GC Workers: 8]
      [GC Worker Start (ms): Min: 184128.3, Avg: 184128.9, Max: 184130.2, Diff: 1.9]
      [Ext Root Scanning (ms): Min: 0.0, Avg: 0.1, Max: 0.3, Diff: 0.3, Sum: 1.1]
      [Update RS (ms): Min: 20.9, Avg: 21.7, Max: 23.9, Diff: 2.9, Sum: 173.7]
         [Processed Buffers: Min: 9, Avg: 10.0, Max: 13, Diff: 4, Sum: 80]
      [Scan RS (ms): Min: 7.3, Avg: 9.0, Max: 9.7, Diff: 2.4, Sum: 72.4]
      [Code Root Scanning (ms): Min: 0.0, Avg: 0.0, Max: 0.0, Diff: 0.0, Sum: 0.0]
      [Object Copy (ms): Min: 112.2, Avg: 112.3, Max: 112.4, Diff: 0.2, Sum: 898.4]
      [Termination (ms): Min: 0.0, Avg: 0.1, Max: 0.1, Diff: 0.1, Sum: 0.4]
         [Termination Attempts: Min: 1, Avg: 140.3, Max: 180, Diff: 179, Sum: 1122]
      [GC Worker Other (ms): Min: 0.0, Avg: 0.0, Max: 0.1, Diff: 0.0, Sum: 0.3]
      [GC Worker Total (ms): Min: 142.0, Avg: 143.3, Max: 143.9, Diff: 1.9, Sum: 1146.2]
      [GC Worker End (ms): Min: 184272.1, Avg: 184272.2, Max: 184272.2, Diff: 0.0]
   [Code Root Fixup: 0.0 ms]
   [Code Root Purge: 0.0 ms]
   [Clear CT: 0.6 ms]
   [Other: 1.4 ms]
      [Choose CSet: 0.0 ms]
      [Ref Proc: 0.3 ms]
      [Ref Enq: 0.0 ms]
      [Redirty Cards: 0.5 ms]
      [Humongous Register: 0.1 ms]
      [Humongous Reclaim: 0.0 ms]
      [Free CSet: 0.2 ms]
   [Eden: 94.0M(94.0M)->0.0B(90.0M) Survivors: 8192.0K->13.0M Heap: 127.2M(2048.0M)->120.7M(2048.0M)]
 [Times: user=1.11 sys=0.00, real=0.15 secs] 
2020-09-29T12:23:44.232+0200: 184.388: [GC pause (G1 Evacuation Pause) (young), 0.1617503 secs]
   [Parallel Time: 159.6 ms, GC Workers: 8]
      [GC Worker Start (ms): Min: 184388.0, Avg: 184388.3, Max: 184389.5, Diff: 1.6]
      [Ext Root Scanning (ms): Min: 0.0, Avg: 0.1, Max: 0.3, Diff: 0.3, Sum: 1.1]
      [Update RS (ms): Min: 15.4, Avg: 16.6, Max: 17.5, Diff: 2.1, Sum: 132.6]
         [Processed Buffers: Min: 7, Avg: 9.1, Max: 11, Diff: 4, Sum: 73]
      [Scan RS (ms): Min: 11.9, Avg: 12.5, Max: 12.8, Diff: 1.0, Sum: 99.7]
      [Code Root Scanning (ms): Min: 0.0, Avg: 0.0, Max: 0.0, Diff: 0.0, Sum: 0.0]
      [Object Copy (ms): Min: 129.2, Avg: 129.4, Max: 129.6, Diff: 0.4, Sum: 1035.1]
      [Termination (ms): Min: 0.1, Avg: 0.4, Max: 0.5, Diff: 0.4, Sum: 3.0]
         [Termination Attempts: Min: 1, Avg: 478.5, Max: 607, Diff: 606, Sum: 3828]
      [GC Worker Other (ms): Min: 0.0, Avg: 0.0, Max: 0.1, Diff: 0.1, Sum: 0.3]
      [GC Worker Total (ms): Min: 157.6, Avg: 159.0, Max: 159.4, Diff: 1.7, Sum: 1271.8]
      [GC Worker End (ms): Min: 184547.2, Avg: 184547.3, Max: 184547.4, Diff: 0.2]
   [Code Root Fixup: 0.0 ms]
   [Code Root Purge: 0.0 ms]
   [Clear CT: 0.4 ms]
   [Other: 1.7 ms]
      [Choose CSet: 0.0 ms]
      [Ref Proc: 0.5 ms]
      [Ref Enq: 0.0 ms]
      [Redirty Cards: 0.4 ms]
      [Humongous Register: 0.1 ms]
      [Humongous Reclaim: 0.0 ms]
      [Free CSet: 0.3 ms]
   [Eden: 90.0M(90.0M)->0.0B(93.0M) Survivors: 13.0M->13.0M Heap: 225.9M(2048.0M)->228.4M(2048.0M)]
 [Times: user=1.17 sys=0.01, real=0.16 secs] 
2020-09-29T12:23:44.521+0200: 184.677: [GC pause (G1 Evacuation Pause) (young), 0.1775922 secs]
   [Parallel Time: 175.8 ms, GC Workers: 8]
      [GC Worker Start (ms): Min: 184677.1, Avg: 184677.3, Max: 184677.4, Diff: 0.3]
      [Ext Root Scanning (ms): Min: 0.0, Avg: 0.2, Max: 0.3, Diff: 0.2, Sum: 1.3]
      [Update RS (ms): Min: 20.6, Avg: 22.1, Max: 30.4, Diff: 9.9, Sum: 176.6]
         [Processed Buffers: Min: 0, Avg: 10.4, Max: 14, Diff: 14, Sum: 83]
      [Scan RS (ms): Min: 0.0, Avg: 8.4, Max: 10.0, Diff: 9.9, Sum: 67.6]
      [Code Root Scanning (ms): Min: 0.0, Avg: 0.0, Max: 0.0, Diff: 0.0, Sum: 0.0]
      [Object Copy (ms): Min: 144.4, Avg: 144.6, Max: 144.7, Diff: 0.3, Sum: 1156.7]
      [Termination (ms): Min: 0.0, Avg: 0.0, Max: 0.0, Diff: 0.0, Sum: 0.1]
         [Termination Attempts: Min: 1, Avg: 29.0, Max: 45, Diff: 44, Sum: 232]
      [GC Worker Other (ms): Min: 0.0, Avg: 0.0, Max: 0.1, Diff: 0.1, Sum: 0.3]
      [GC Worker Total (ms): Min: 175.2, Avg: 175.3, Max: 175.5, Diff: 0.2, Sum: 1402.7]
      [GC Worker End (ms): Min: 184852.6, Avg: 184852.6, Max: 184852.6, Diff: 0.1]
   [Code Root Fixup: 0.0 ms]
   [Code Root Purge: 0.0 ms]
   [Clear CT: 0.5 ms]
   [Other: 1.3 ms]
      [Choose CSet: 0.0 ms]
      [Ref Proc: 0.3 ms]
      [Ref Enq: 0.0 ms]
      [Redirty Cards: 0.4 ms]
      [Humongous Register: 0.1 ms]
      [Humongous Reclaim: 0.0 ms]
      [Free CSet: 0.2 ms]
   [Eden: 93.0M(93.0M)->0.0B(94.0M) Survivors: 13.0M->14.0M Heap: 336.7M(2048.0M)->339.2M(2048.0M)]
 [Times: user=1.25 sys=0.00, real=0.18 secs] 
2020-09-29T12:23:44.828+0200: 184.984: [GC pause (G1 Evacuation Pause) (young), 0.1750812 secs]
   [Parallel Time: 172.5 ms, GC Workers: 8]
      [GC Worker Start (ms): Min: 184984.2, Avg: 184984.3, Max: 184984.5, Diff: 0.3]
      [Ext Root Scanning (ms): Min: 0.0, Avg: 0.2, Max: 0.3, Diff: 0.3, Sum: 1.3]
      [Update RS (ms): Min: 17.4, Avg: 18.0, Max: 19.6, Diff: 2.2, Sum: 143.7]
         [Processed Buffers: Min: 4, Avg: 8.6, Max: 12, Diff: 8, Sum: 69]
      [Scan RS (ms): Min: 13.3, Avg: 14.1, Max: 14.6, Diff: 1.3, Sum: 112.5]
      [Code Root Scanning (ms): Min: 0.0, Avg: 0.0, Max: 0.0, Diff: 0.0, Sum: 0.0]
      [Object Copy (ms): Min: 139.0, Avg: 139.8, Max: 140.1, Diff: 1.2, Sum: 1118.8]
      [Termination (ms): Min: 0.0, Avg: 0.1, Max: 0.1, Diff: 0.1, Sum: 0.6]
         [Termination Attempts: Min: 1, Avg: 231.4, Max: 306, Diff: 305, Sum: 1851]
      [GC Worker Other (ms): Min: 0.0, Avg: 0.0, Max: 0.1, Diff: 0.1, Sum: 0.4]
      [GC Worker Total (ms): Min: 172.0, Avg: 172.2, Max: 172.3, Diff: 0.3, Sum: 1377.3]
      [GC Worker End (ms): Min: 185156.5, Avg: 185156.5, Max: 185156.5, Diff: 0.1]
   [Code Root Fixup: 0.0 ms]
   [Code Root Purge: 0.0 ms]
   [Clear CT: 0.6 ms]
   [Other: 1.9 ms]
      [Choose CSet: 0.0 ms]
      [Ref Proc: 0.6 ms]
      [Ref Enq: 0.0 ms]
      [Redirty Cards: 0.4 ms]
      [Humongous Register: 0.1 ms]
      [Humongous Reclaim: 0.0 ms]
      [Free CSet: 0.5 ms]
   [Eden: 94.0M(94.0M)->0.0B(96.0M) Survivors: 14.0M->14.0M Heap: 448.4M(2048.0M)->450.4M(2048.0M)]
 [Times: user=1.25 sys=0.02, real=0.18 secs] 
2020-09-29T12:23:45.139+0200: 185.295: [GC pause (G1 Evacuation Pause) (young), 0.1738786 secs]
   [Parallel Time: 171.4 ms, GC Workers: 8]
      [GC Worker Start (ms): Min: 185295.0, Avg: 185295.1, Max: 185295.3, Diff: 0.3]
      [Ext Root Scanning (ms): Min: 0.0, Avg: 0.2, Max: 0.3, Diff: 0.3, Sum: 1.4]
      [Update RS (ms): Min: 22.3, Avg: 23.1, Max: 24.5, Diff: 2.1, Sum: 184.5]
         [Processed Buffers: Min: 4, Avg: 9.1, Max: 13, Diff: 9, Sum: 73]
      [Scan RS (ms): Min: 10.1, Avg: 12.6, Max: 20.2, Diff: 10.1, Sum: 100.4]
      [Code Root Scanning (ms): Min: 0.0, Avg: 0.0, Max: 0.0, Diff: 0.0, Sum: 0.0]
      [Object Copy (ms): Min: 127.5, Avg: 134.9, Max: 136.2, Diff: 8.7, Sum: 1079.5]
      [Termination (ms): Min: 0.0, Avg: 0.1, Max: 0.2, Diff: 0.2, Sum: 1.1]
         [Termination Attempts: Min: 1, Avg: 97.6, Max: 136, Diff: 135, Sum: 781]
      [GC Worker Other (ms): Min: 0.0, Avg: 0.1, Max: 0.2, Diff: 0.2, Sum: 0.4]
      [GC Worker Total (ms): Min: 170.8, Avg: 170.9, Max: 171.0, Diff: 0.2, Sum: 1367.4]
      [GC Worker End (ms): Min: 185465.9, Avg: 185466.0, Max: 185466.2, Diff: 0.2]
   [Code Root Fixup: 0.0 ms]
   [Code Root Purge: 0.0 ms]
   [Clear CT: 0.8 ms]
   [Other: 1.8 ms]
      [Choose CSet: 0.0 ms]
      [Ref Proc: 0.6 ms]
      [Ref Enq: 0.0 ms]
      [Redirty Cards: 0.4 ms]
      [Humongous Register: 0.1 ms]
      [Humongous Reclaim: 0.0 ms]
      [Free CSet: 0.2 ms]
   [Eden: 96.0M(96.0M)->0.0B(98.0M) Survivors: 14.0M->14.0M Heap: 561.7M(2048.0M)->564.2M(2048.0M)]
 [Times: user=1.22 sys=0.00, real=0.17 secs] 
2020-09-29T12:23:45.444+0200: 185.600: [GC pause (G1 Evacuation Pause) (young), 0.2215049 secs]
   [Parallel Time: 219.4 ms, GC Workers: 8]
      [GC Worker Start (ms): Min: 185599.8, Avg: 185604.1, Max: 185632.2, Diff: 32.4]
      [Ext Root Scanning (ms): Min: 0.0, Avg: 0.2, Max: 0.4, Diff: 0.4, Sum: 1.3]
      [Update RS (ms): Min: 0.0, Avg: 17.9, Max: 24.5, Diff: 24.5, Sum: 143.6]
         [Processed Buffers: Min: 0, Avg: 9.1, Max: 14, Diff: 14, Sum: 73]
      [Scan RS (ms): Min: 3.7, Avg: 14.9, Max: 20.4, Diff: 16.7, Sum: 119.1]
      [Code Root Scanning (ms): Min: 0.0, Avg: 0.0, Max: 0.0, Diff: 0.0, Sum: 0.0]
      [Object Copy (ms): Min: 178.6, Avg: 181.5, Max: 182.9, Diff: 4.4, Sum: 1452.4]
      [Termination (ms): Min: 0.1, Avg: 0.3, Max: 0.4, Diff: 0.3, Sum: 2.7]
         [Termination Attempts: Min: 1, Avg: 728.3, Max: 913, Diff: 912, Sum: 5826]
      [GC Worker Other (ms): Min: 0.0, Avg: 0.0, Max: 0.0, Diff: 0.0, Sum: 0.1]
      [GC Worker Total (ms): Min: 186.8, Avg: 214.9, Max: 219.2, Diff: 32.4, Sum: 1719.1]
      [GC Worker End (ms): Min: 185818.9, Avg: 185818.9, Max: 185819.0, Diff: 0.0]
   [Code Root Fixup: 0.0 ms]
   [Code Root Purge: 0.0 ms]
   [Clear CT: 0.4 ms]
   [Other: 1.7 ms]
      [Choose CSet: 0.0 ms]
      [Ref Proc: 0.4 ms]
      [Ref Enq: 0.0 ms]
      [Redirty Cards: 0.5 ms]
      [Humongous Register: 0.1 ms]
      [Humongous Reclaim: 0.0 ms]
      [Free CSet: 0.2 ms]
   [Eden: 98.0M(98.0M)->0.0B(89.0M) Survivors: 14.0M->14.0M Heap: 679.4M(2048.0M)->681.9M(2048.0M)]
 [Times: user=1.41 sys=0.02, real=0.22 secs] 
2020-09-29T12:23:45.789+0200: 185.944: [GC pause (G1 Evacuation Pause) (young), 0.1478521 secs]
   [Parallel Time: 145.9 ms, GC Workers: 8]
      [GC Worker Start (ms): Min: 185944.5, Avg: 185944.6, Max: 185944.8, Diff: 0.3]
      [Ext Root Scanning (ms): Min: 0.0, Avg: 0.2, Max: 0.3, Diff: 0.3, Sum: 1.4]
      [Update RS (ms): Min: 19.2, Avg: 19.5, Max: 20.6, Diff: 1.3, Sum: 156.3]
         [Processed Buffers: Min: 8, Avg: 10.0, Max: 13, Diff: 5, Sum: 80]
      [Scan RS (ms): Min: 8.6, Avg: 9.7, Max: 10.1, Diff: 1.6, Sum: 77.5]
      [Code Root Scanning (ms): Min: 0.0, Avg: 0.0, Max: 0.0, Diff: 0.0, Sum: 0.0]
      [Object Copy (ms): Min: 116.0, Avg: 116.1, Max: 116.2, Diff: 0.2, Sum: 929.0]
      [Termination (ms): Min: 0.0, Avg: 0.0, Max: 0.0, Diff: 0.0, Sum: 0.2]
         [Termination Attempts: Min: 1, Avg: 68.5, Max: 95, Diff: 94, Sum: 548]
      [GC Worker Other (ms): Min: 0.0, Avg: 0.1, Max: 0.1, Diff: 0.1, Sum: 0.5]
      [GC Worker Total (ms): Min: 145.4, Avg: 145.6, Max: 145.7, Diff: 0.3, Sum: 1164.9]
      [GC Worker End (ms): Min: 186090.2, Avg: 186090.2, Max: 186090.3, Diff: 0.1]
   [Code Root Fixup: 0.0 ms]
   [Code Root Purge: 0.0 ms]
   [Clear CT: 0.4 ms]
   [Other: 1.5 ms]
      [Choose CSet: 0.0 ms]
      [Ref Proc: 0.5 ms]
      [Ref Enq: 0.0 ms]
      [Redirty Cards: 0.4 ms]
      [Humongous Register: 0.1 ms]
      [Humongous Reclaim: 0.0 ms]
      [Free CSet: 0.2 ms]
   [Eden: 89.0M(89.0M)->0.0B(97.0M) Survivors: 14.0M->13.0M Heap: 786.1M(2048.0M)->788.1M(2048.0M)]
 [Times: user=1.08 sys=0.00, real=0.15 secs] 
2020-09-29T12:23:46.066+0200: 186.221: [GC pause (G1 Evacuation Pause) (young), 0.1558914 secs]
   [Parallel Time: 154.1 ms, GC Workers: 8]
      [GC Worker Start (ms): Min: 186221.5, Avg: 186221.7, Max: 186221.8, Diff: 0.3]
      [Ext Root Scanning (ms): Min: 0.0, Avg: 0.2, Max: 0.3, Diff: 0.3, Sum: 1.2]
      [Update RS (ms): Min: 18.6, Avg: 19.0, Max: 19.5, Diff: 0.9, Sum: 151.7]
         [Processed Buffers: Min: 8, Avg: 9.6, Max: 11, Diff: 3, Sum: 77]
      [Scan RS (ms): Min: 10.4, Avg: 10.9, Max: 11.4, Diff: 1.0, Sum: 87.5]
      [Code Root Scanning (ms): Min: 0.0, Avg: 0.0, Max: 0.0, Diff: 0.0, Sum: 0.0]
      [Object Copy (ms): Min: 123.3, Avg: 123.5, Max: 123.6, Diff: 0.3, Sum: 987.9]
      [Termination (ms): Min: 0.0, Avg: 0.1, Max: 0.1, Diff: 0.1, Sum: 0.6]
         [Termination Attempts: Min: 1, Avg: 203.4, Max: 253, Diff: 252, Sum: 1627]
      [GC Worker Other (ms): Min: 0.0, Avg: 0.0, Max: 0.1, Diff: 0.1, Sum: 0.4]
      [GC Worker Total (ms): Min: 153.6, Avg: 153.7, Max: 153.8, Diff: 0.3, Sum: 1229.4]
      [GC Worker End (ms): Min: 186375.3, Avg: 186375.4, Max: 186375.4, Diff: 0.1]
   [Code Root Fixup: 0.0 ms]
   [Code Root Purge: 0.0 ms]
   [Clear CT: 0.4 ms]
   [Other: 1.4 ms]
      [Choose CSet: 0.0 ms]
      [Ref Proc: 0.4 ms]
      [Ref Enq: 0.0 ms]
      [Redirty Cards: 0.4 ms]
      [Humongous Register: 0.1 ms]
      [Humongous Reclaim: 0.0 ms]
      [Free CSet: 0.2 ms]
   [Eden: 97.0M(97.0M)->0.0B(103.0M) Survivors: 13.0M->14.0M Heap: 900.4M(2048.0M)->902.9M(2048.0M)]
 [Times: user=1.19 sys=0.02, real=0.16 secs] 
2020-09-29T12:23:46.356+0200: 186.512: [GC pause (G1 Evacuation Pause) (young), 0.1790910 secs]
   [Parallel Time: 177.2 ms, GC Workers: 8]
      [GC Worker Start (ms): Min: 186511.9, Avg: 186512.1, Max: 186512.3, Diff: 0.3]
      [Ext Root Scanning (ms): Min: 0.0, Avg: 0.1, Max: 0.2, Diff: 0.2, Sum: 1.1]
      [Update RS (ms): Min: 21.5, Avg: 22.0, Max: 23.0, Diff: 1.5, Sum: 175.7]
         [Processed Buffers: Min: 10, Avg: 11.0, Max: 12, Diff: 2, Sum: 88]
      [Scan RS (ms): Min: 8.5, Avg: 9.6, Max: 10.1, Diff: 1.6, Sum: 76.6]
      [Code Root Scanning (ms): Min: 0.0, Avg: 0.0, Max: 0.0, Diff: 0.0, Sum: 0.0]
      [Object Copy (ms): Min: 144.6, Avg: 144.9, Max: 145.1, Diff: 0.6, Sum: 1158.9]
      [Termination (ms): Min: 0.0, Avg: 0.2, Max: 0.3, Diff: 0.3, Sum: 1.9]
         [Termination Attempts: Min: 1, Avg: 639.6, Max: 819, Diff: 818, Sum: 5117]
      [GC Worker Other (ms): Min: 0.0, Avg: 0.1, Max: 0.2, Diff: 0.2, Sum: 0.5]
      [GC Worker Total (ms): Min: 176.6, Avg: 176.8, Max: 177.0, Diff: 0.3, Sum: 1414.8]
      [GC Worker End (ms): Min: 186688.9, Avg: 186688.9, Max: 186688.9, Diff: 0.1]
   [Code Root Fixup: 0.0 ms]
   [Code Root Purge: 0.0 ms]
   [Clear CT: 0.5 ms]
   [Other: 1.4 ms]
      [Choose CSet: 0.0 ms]
      [Ref Proc: 0.3 ms]
      [Ref Enq: 0.0 ms]
      [Redirty Cards: 0.5 ms]
      [Humongous Register: 0.1 ms]
      [Humongous Reclaim: 0.0 ms]
      [Free CSet: 0.2 ms]
   [Eden: 103.0M(103.0M)->0.0B(105.0M) Survivors: 14.0M->15.0M Heap: 1023.1M(2048.0M)->1025.6M(2048.0M)]
 [Times: user=1.28 sys=0.00, real=0.18 secs] 
2020-09-29T12:23:46.544+0200: 186.699: [GC pause (G1 Humongous Allocation) (young) (initial-mark), 0.0619341 secs]
   [Parallel Time: 60.1 ms, GC Workers: 8]
      [GC Worker Start (ms): Min: 186699.8, Avg: 186699.9, Max: 186700.1, Diff: 0.3]
      [Ext Root Scanning (ms): Min: 0.0, Avg: 0.5, Max: 2.0, Diff: 2.0, Sum: 4.2]
      [Update RS (ms): Min: 30.5, Avg: 31.0, Max: 31.4, Diff: 0.9, Sum: 248.2]
         [Processed Buffers: Min: 14, Avg: 16.5, Max: 18, Diff: 4, Sum: 132]
      [Scan RS (ms): Min: 1.3, Avg: 2.5, Max: 3.0, Diff: 1.7, Sum: 20.0]
      [Code Root Scanning (ms): Min: 0.0, Avg: 0.0, Max: 0.0, Diff: 0.0, Sum: 0.0]
      [Object Copy (ms): Min: 25.4, Avg: 25.5, Max: 25.6, Diff: 0.2, Sum: 204.3]
      [Termination (ms): Min: 0.0, Avg: 0.1, Max: 0.2, Diff: 0.2, Sum: 0.7]
         [Termination Attempts: Min: 1, Avg: 46.9, Max: 82, Diff: 81, Sum: 375]
      [GC Worker Other (ms): Min: 0.0, Avg: 0.0, Max: 0.0, Diff: 0.0, Sum: 0.1]
      [GC Worker Total (ms): Min: 59.5, Avg: 59.7, Max: 59.9, Diff: 0.4, Sum: 477.6]
      [GC Worker End (ms): Min: 186759.6, Avg: 186759.6, Max: 186759.6, Diff: 0.0]
   [Code Root Fixup: 0.0 ms]
   [Code Root Purge: 0.0 ms]
   [Clear CT: 0.5 ms]
   [Other: 1.3 ms]
      [Choose CSet: 0.0 ms]
      [Ref Proc: 0.3 ms]
      [Ref Enq: 0.0 ms]
      [Redirty Cards: 0.4 ms]
      [Humongous Register: 0.1 ms]
      [Humongous Reclaim: 0.0 ms]
      [Free CSet: 0.1 ms]
   [Eden: 5120.0K(105.0M)->0.0B(115.0M) Survivors: 15.0M->6144.0K Heap: 1030.1M(2048.0M)->1033.1M(2048.0M)]
 [Times: user=0.47 sys=0.00, real=0.06 secs] 
2020-09-29T12:23:46.606+0200: 186.762: [GC concurrent-root-region-scan-start]
2020-09-29T12:23:46.610+0200: 186.765: [GC concurrent-root-region-scan-end, 0.0037032 secs]
2020-09-29T12:23:46.610+0200: 186.765: [GC concurrent-mark-start]
2020-09-29T12:23:46.618+0200: 186.773: [GC concurrent-mark-end, 0.0075387 secs]
2020-09-29T12:23:46.619+0200: 186.774: [GC remark 2020-09-29T12:23:46.619+0200: 186.774: [Finalize Marking, 0.0003985 secs] 2020-09-29T12:23:46.619+0200: 186.775: [GC ref-proc, 0.0009916 secs] 2020-09-29T12:23:46.620+0200: 186.776: [Unloading, 0.0011712 secs], 0.0037594 secs]
 [Times: user=0.00 sys=0.00, real=0.00 secs] 
2020-09-29T12:23:46.624+0200: 186.779: [GC cleanup 1044M->25M(2048M), 0.0027627 secs]
 [Times: user=0.00 sys=0.00, real=0.00 secs] 
2020-09-29T12:23:46.627+0200: 186.782: [GC concurrent-cleanup-start]
2020-09-29T12:23:46.630+0200: 186.785: [GC concurrent-cleanup-end, 0.0035935 secs]
2020-09-29T12:23:46.777+0200: 186.932: [GC pause (G1 Evacuation Pause) (young), 0.1724332 secs]
   [Parallel Time: 169.1 ms, GC Workers: 8]
      [GC Worker Start (ms): Min: 186932.4, Avg: 186932.6, Max: 186932.7, Diff: 0.3]
      [Ext Root Scanning (ms): Min: 0.0, Avg: 0.2, Max: 0.3, Diff: 0.3, Sum: 1.4]
      [Update RS (ms): Min: 17.8, Avg: 18.2, Max: 19.3, Diff: 1.4, Sum: 145.8]
         [Processed Buffers: Min: 8, Avg: 9.8, Max: 12, Diff: 4, Sum: 78]
      [Scan RS (ms): Min: 12.7, Avg: 14.1, Max: 15.6, Diff: 2.9, Sum: 113.0]
      [Code Root Scanning (ms): Min: 0.0, Avg: 0.0, Max: 0.0, Diff: 0.0, Sum: 0.0]
      [Object Copy (ms): Min: 135.0, Avg: 136.0, Max: 136.4, Diff: 1.4, Sum: 1088.3]
      [Termination (ms): Min: 0.0, Avg: 0.1, Max: 0.2, Diff: 0.2, Sum: 0.6]
         [Termination Attempts: Min: 1, Avg: 144.4, Max: 205, Diff: 204, Sum: 1155]
      [GC Worker Other (ms): Min: 0.0, Avg: 0.1, Max: 0.1, Diff: 0.1, Sum: 0.4]
      [GC Worker Total (ms): Min: 168.5, Avg: 168.7, Max: 168.8, Diff: 0.3, Sum: 1349.5]
      [GC Worker End (ms): Min: 187101.2, Avg: 187101.2, Max: 187101.3, Diff: 0.1]
   [Code Root Fixup: 0.0 ms]
   [Code Root Purge: 0.0 ms]
   [Clear CT: 0.6 ms]
   [Other: 2.8 ms]
      [Choose CSet: 0.0 ms]
      [Ref Proc: 0.6 ms]
      [Ref Enq: 0.0 ms]
      [Redirty Cards: 1.5 ms]
      [Humongous Register: 0.1 ms]
      [Humongous Reclaim: 0.0 ms]
      [Free CSet: 0.2 ms]
   [Eden: 115.0M(115.0M)->0.0B(106.0M) Survivors: 6144.0K->16.0M Heap: 150.0M(2048.0M)->146.5M(2048.0M)]
 [Times: user=1.34 sys=0.00, real=0.17 secs] 
2020-09-29T12:23:47.103+0200: 187.258: [GC pause (G1 Evacuation Pause) (young), 0.2391652 secs]
   [Parallel Time: 236.9 ms, GC Workers: 8]
      [GC Worker Start (ms): Min: 187258.2, Avg: 187262.3, Max: 187290.4, Diff: 32.1]
      [Ext Root Scanning (ms): Min: 0.0, Avg: 0.2, Max: 0.3, Diff: 0.3, Sum: 1.2]
      [Update RS (ms): Min: 0.0, Avg: 17.6, Max: 21.1, Diff: 21.1, Sum: 140.4]
         [Processed Buffers: Min: 0, Avg: 9.5, Max: 14, Diff: 14, Sum: 76]
      [Scan RS (ms): Min: 3.4, Avg: 17.5, Max: 44.3, Diff: 41.0, Sum: 140.1]
      [Code Root Scanning (ms): Min: 0.0, Avg: 0.0, Max: 0.0, Diff: 0.0, Sum: 0.0]
      [Object Copy (ms): Min: 171.7, Avg: 196.9, Max: 200.9, Diff: 29.2, Sum: 1575.5]
      [Termination (ms): Min: 0.0, Avg: 0.5, Max: 0.7, Diff: 0.7, Sum: 3.7]
         [Termination Attempts: Min: 1, Avg: 1066.1, Max: 1295, Diff: 1294, Sum: 8529]
      [GC Worker Other (ms): Min: 0.0, Avg: 0.0, Max: 0.0, Diff: 0.0, Sum: 0.2]
      [GC Worker Total (ms): Min: 204.6, Avg: 232.6, Max: 236.8, Diff: 32.2, Sum: 1861.2]
      [GC Worker End (ms): Min: 187495.0, Avg: 187495.0, Max: 187495.0, Diff: 0.0]
   [Code Root Fixup: 0.0 ms]
   [Code Root Purge: 0.0 ms]
   [Clear CT: 0.4 ms]
   [Other: 1.8 ms]
      [Choose CSet: 0.0 ms]
      [Ref Proc: 0.7 ms]
      [Ref Enq: 0.0 ms]
      [Redirty Cards: 0.5 ms]
      [Humongous Register: 0.1 ms]
      [Humongous Reclaim: 0.0 ms]
      [Free CSet: 0.2 ms]
   [Eden: 106.0M(106.0M)->0.0B(88.0M) Survivors: 16.0M->16.0M Heap: 269.6M(2048.0M)->271.6M(2048.0M)]
 [Times: user=1.58 sys=0.02, real=0.24 secs] 
2020-09-29T12:23:47.466+0200: 187.621: [GC pause (G1 Evacuation Pause) (young), 0.1990166 secs]
   [Parallel Time: 196.8 ms, GC Workers: 8]
      [GC Worker Start (ms): Min: 187621.2, Avg: 187625.2, Max: 187652.5, Diff: 31.3]
      [Ext Root Scanning (ms): Min: 0.0, Avg: 0.2, Max: 0.4, Diff: 0.4, Sum: 1.5]
      [Update RS (ms): Min: 0.0, Avg: 26.0, Max: 33.2, Diff: 33.2, Sum: 208.3]
         [Processed Buffers: Min: 0, Avg: 10.0, Max: 14, Diff: 14, Sum: 80]
      [Scan RS (ms): Min: 8.5, Avg: 13.4, Max: 19.3, Diff: 10.8, Sum: 106.8]
      [Code Root Scanning (ms): Min: 0.0, Avg: 0.0, Max: 0.0, Diff: 0.0, Sum: 0.0]
      [Object Copy (ms): Min: 146.7, Avg: 152.3, Max: 153.8, Diff: 7.1, Sum: 1218.5]
      [Termination (ms): Min: 0.1, Avg: 0.3, Max: 0.4, Diff: 0.3, Sum: 2.1]
         [Termination Attempts: Min: 1, Avg: 523.4, Max: 760, Diff: 759, Sum: 4187]
      [GC Worker Other (ms): Min: 0.0, Avg: 0.1, Max: 0.4, Diff: 0.4, Sum: 0.5]
      [GC Worker Total (ms): Min: 164.9, Avg: 192.2, Max: 196.6, Diff: 31.7, Sum: 1537.8]
      [GC Worker End (ms): Min: 187817.4, Avg: 187817.5, Max: 187817.8, Diff: 0.4]
   [Code Root Fixup: 0.0 ms]
   [Code Root Purge: 0.0 ms]
   [Clear CT: 0.5 ms]
   [Other: 1.7 ms]
      [Choose CSet: 0.0 ms]
      [Ref Proc: 0.3 ms]
      [Ref Enq: 0.0 ms]
      [Redirty Cards: 0.5 ms]
      [Humongous Register: 0.1 ms]
      [Humongous Reclaim: 0.0 ms]
      [Free CSet: 0.3 ms]
   [Eden: 88.0M(88.0M)->0.0B(89.0M) Survivors: 16.0M->13.0M Heap: 373.0M(2048.0M)->375.5M(2048.0M)]
 [Times: user=1.30 sys=0.01, real=0.20 secs] 
2020-09-29T12:23:47.731+0200: 187.885: [GC pause (G1 Evacuation Pause) (young), 0.0619604 secs]
   [Parallel Time: 61.0 ms, GC Workers: 8]
      [GC Worker Start (ms): Min: 187885.6, Avg: 187885.6, Max: 187885.7, Diff: 0.1]
      [Ext Root Scanning (ms): Min: 0.0, Avg: 0.1, Max: 0.1, Diff: 0.1, Sum: 0.7]
      [Update RS (ms): Min: 8.5, Avg: 8.7, Max: 8.9, Diff: 0.4, Sum: 70.0]
         [Processed Buffers: Min: 7, Avg: 8.6, Max: 12, Diff: 5, Sum: 69]
      [Scan RS (ms): Min: 4.3, Avg: 4.5, Max: 4.8, Diff: 0.4, Sum: 36.3]
      [Code Root Scanning (ms): Min: 0.0, Avg: 0.0, Max: 0.0, Diff: 0.0, Sum: 0.0]
      [Object Copy (ms): Min: 47.3, Avg: 47.4, Max: 47.5, Diff: 0.2, Sum: 379.2]
      [Termination (ms): Min: 0.0, Avg: 0.1, Max: 0.1, Diff: 0.1, Sum: 0.5]
         [Termination Attempts: Min: 1, Avg: 435.3, Max: 616, Diff: 615, Sum: 3482]
      [GC Worker Other (ms): Min: 0.0, Avg: 0.0, Max: 0.0, Diff: 0.0, Sum: 0.1]
      [GC Worker Total (ms): Min: 60.8, Avg: 60.9, Max: 60.9, Diff: 0.1, Sum: 486.9]
      [GC Worker End (ms): Min: 187946.5, Avg: 187946.5, Max: 187946.5, Diff: 0.0]
   [Code Root Fixup: 0.0 ms]
   [Code Root Purge: 0.0 ms]
   [Clear CT: 0.2 ms]
   [Other: 0.7 ms]
      [Choose CSet: 0.0 ms]
      [Ref Proc: 0.1 ms]
      [Ref Enq: 0.0 ms]
      [Redirty Cards: 0.2 ms]
      [Humongous Register: 0.0 ms]
      [Humongous Reclaim: 0.0 ms]
      [Free CSet: 0.1 ms]
   [Eden: 89.0M(89.0M)->0.0B(103.0M) Survivors: 13.0M->13.0M Heap: 479.8M(2048.0M)->481.3M(2048.0M)]
 [Times: user=0.50 sys=0.00, real=0.06 secs] 
2020-09-29T12:23:47.854+0200: 188.009: [GC pause (G1 Evacuation Pause) (young), 0.0665830 secs]
   [Parallel Time: 65.6 ms, GC Workers: 8]
      [GC Worker Start (ms): Min: 188008.7, Avg: 188008.7, Max: 188008.8, Diff: 0.1]
      [Ext Root Scanning (ms): Min: 0.0, Avg: 0.1, Max: 0.1, Diff: 0.1, Sum: 0.7]
      [Update RS (ms): Min: 8.0, Avg: 8.2, Max: 8.5, Diff: 0.5, Sum: 65.8]
         [Processed Buffers: Min: 8, Avg: 8.6, Max: 10, Diff: 2, Sum: 69]
      [Scan RS (ms): Min: 4.6, Avg: 4.9, Max: 5.1, Diff: 0.5, Sum: 38.9]
      [Code Root Scanning (ms): Min: 0.0, Avg: 0.0, Max: 0.0, Diff: 0.0, Sum: 0.0]
      [Object Copy (ms): Min: 52.2, Avg: 52.2, Max: 52.3, Diff: 0.1, Sum: 417.9]
      [Termination (ms): Min: 0.0, Avg: 0.1, Max: 0.1, Diff: 0.1, Sum: 0.5]
         [Termination Attempts: Min: 1, Avg: 446.8, Max: 563, Diff: 562, Sum: 3574]
      [GC Worker Other (ms): Min: 0.0, Avg: 0.0, Max: 0.1, Diff: 0.1, Sum: 0.2]
      [GC Worker Total (ms): Min: 65.4, Avg: 65.5, Max: 65.6, Diff: 0.1, Sum: 524.0]
      [GC Worker End (ms): Min: 188074.2, Avg: 188074.2, Max: 188074.3, Diff: 0.1]
   [Code Root Fixup: 0.0 ms]
   [Code Root Purge: 0.0 ms]
   [Clear CT: 0.1 ms]
   [Other: 0.8 ms]
      [Choose CSet: 0.0 ms]
      [Ref Proc: 0.2 ms]
      [Ref Enq: 0.0 ms]
      [Redirty Cards: 0.2 ms]
      [Humongous Register: 0.0 ms]
      [Humongous Reclaim: 0.0 ms]
      [Free CSet: 0.1 ms]
   [Eden: 103.0M(103.0M)->0.0B(126.0M) Survivors: 13.0M->15.0M Heap: 601.4M(2048.0M)->602.4M(2048.0M)]
 [Times: user=0.50 sys=0.00, real=0.07 secs] 
2020-09-29T12:23:47.996+0200: 188.151: [GC pause (G1 Evacuation Pause) (young), 0.1483827 secs]
   [Parallel Time: 147.2 ms, GC Workers: 8]
      [GC Worker Start (ms): Min: 188151.1, Avg: 188159.2, Max: 188183.4, Diff: 32.3]
      [Ext Root Scanning (ms): Min: 0.0, Avg: 0.1, Max: 0.1, Diff: 0.1, Sum: 0.7]
      [Update RS (ms): Min: 0.0, Avg: 11.2, Max: 15.1, Diff: 15.1, Sum: 89.3]
         [Processed Buffers: Min: 0, Avg: 10.8, Max: 18, Diff: 18, Sum: 86]
      [Scan RS (ms): Min: 0.0, Avg: 5.5, Max: 7.5, Diff: 7.5, Sum: 44.3]
      [Code Root Scanning (ms): Min: 0.0, Avg: 0.0, Max: 0.0, Diff: 0.0, Sum: 0.0]
      [Object Copy (ms): Min: 114.4, Avg: 121.9, Max: 124.5, Diff: 10.1, Sum: 975.0]
      [Termination (ms): Min: 0.0, Avg: 0.2, Max: 0.4, Diff: 0.4, Sum: 1.6]
         [Termination Attempts: Min: 1, Avg: 895.0, Max: 1366, Diff: 1365, Sum: 7160]
      [GC Worker Other (ms): Min: 0.0, Avg: 0.0, Max: 0.0, Diff: 0.0, Sum: 0.1]
      [GC Worker Total (ms): Min: 114.7, Avg: 138.9, Max: 147.0, Diff: 32.4, Sum: 1111.0]
      [GC Worker End (ms): Min: 188298.1, Avg: 188298.1, Max: 188298.2, Diff: 0.1]
   [Code Root Fixup: 0.0 ms]
   [Code Root Purge: 0.0 ms]
   [Clear CT: 0.2 ms]
   [Other: 1.0 ms]
      [Choose CSet: 0.0 ms]
      [Ref Proc: 0.2 ms]
      [Ref Enq: 0.0 ms]
      [Redirty Cards: 0.2 ms]
      [Humongous Register: 0.0 ms]
      [Humongous Reclaim: 0.0 ms]
      [Free CSet: 0.2 ms]
   [Eden: 126.0M(126.0M)->0.0B(132.0M) Survivors: 15.0M->18.0M Heap: 749.4M(2048.0M)->751.9M(2048.0M)]
 [Times: user=0.92 sys=0.00, real=0.15 secs] 
2020-09-29T12:23:48.227+0200: 188.382: [GC pause (G1 Evacuation Pause) (young), 0.0845349 secs]
   [Parallel Time: 83.3 ms, GC Workers: 8]
      [GC Worker Start (ms): Min: 188382.2, Avg: 188382.3, Max: 188382.4, Diff: 0.2]
      [Ext Root Scanning (ms): Min: 0.0, Avg: 0.1, Max: 0.1, Diff: 0.1, Sum: 0.5]
      [Update RS (ms): Min: 11.3, Avg: 11.6, Max: 12.1, Diff: 0.8, Sum: 92.6]
         [Processed Buffers: Min: 11, Avg: 12.8, Max: 15, Diff: 4, Sum: 102]
      [Scan RS (ms): Min: 5.9, Avg: 6.4, Max: 6.6, Diff: 0.7, Sum: 51.4]
      [Code Root Scanning (ms): Min: 0.0, Avg: 0.0, Max: 0.0, Diff: 0.0, Sum: 0.0]
      [Object Copy (ms): Min: 65.0, Avg: 65.0, Max: 65.1, Diff: 0.1, Sum: 520.2]
      [Termination (ms): Min: 0.0, Avg: 0.0, Max: 0.1, Diff: 0.1, Sum: 0.3]
         [Termination Attempts: Min: 1, Avg: 190.9, Max: 281, Diff: 280, Sum: 1527]
      [GC Worker Other (ms): Min: 0.0, Avg: 0.0, Max: 0.0, Diff: 0.0, Sum: 0.2]
      [GC Worker Total (ms): Min: 83.1, Avg: 83.1, Max: 83.3, Diff: 0.2, Sum: 665.2]
      [GC Worker End (ms): Min: 188465.4, Avg: 188465.4, Max: 188465.4, Diff: 0.0]
   [Code Root Fixup: 0.0 ms]
   [Code Root Purge: 0.0 ms]
   [Clear CT: 0.2 ms]
   [Other: 1.0 ms]
      [Choose CSet: 0.0 ms]
      [Ref Proc: 0.2 ms]
      [Ref Enq: 0.0 ms]
      [Redirty Cards: 0.4 ms]
      [Humongous Register: 0.0 ms]
      [Humongous Reclaim: 0.0 ms]
      [Free CSet: 0.2 ms]
   [Eden: 132.0M(132.0M)->0.0B(154.0M) Survivors: 18.0M->19.0M Heap: 906.8M(2048.0M)->908.8M(2048.0M)]
 [Times: user=0.61 sys=0.00, real=0.08 secs] 
2020-09-29T12:23:48.396+0200: 188.551: [GC pause (G1 Humongous Allocation) (young) (initial-mark), 0.0956127 secs]
   [Parallel Time: 94.5 ms, GC Workers: 8]
      [GC Worker Start (ms): Min: 188551.5, Avg: 188551.6, Max: 188551.6, Diff: 0.1]
      [Ext Root Scanning (ms): Min: 0.0, Avg: 0.1, Max: 0.1, Diff: 0.1, Sum: 0.8]
      [Update RS (ms): Min: 12.6, Avg: 12.9, Max: 13.2, Diff: 0.7, Sum: 103.4]
         [Processed Buffers: Min: 11, Avg: 12.1, Max: 13, Diff: 2, Sum: 97]
      [Scan RS (ms): Min: 7.2, Avg: 7.6, Max: 7.9, Diff: 0.7, Sum: 60.7]
      [Code Root Scanning (ms): Min: 0.0, Avg: 0.0, Max: 0.0, Diff: 0.0, Sum: 0.0]
      [Object Copy (ms): Min: 73.6, Avg: 73.7, Max: 73.7, Diff: 0.1, Sum: 589.3]
      [Termination (ms): Min: 0.0, Avg: 0.1, Max: 0.1, Diff: 0.1, Sum: 0.5]
         [Termination Attempts: Min: 1, Avg: 21.1, Max: 45, Diff: 44, Sum: 169]
      [GC Worker Other (ms): Min: 0.0, Avg: 0.0, Max: 0.0, Diff: 0.0, Sum: 0.1]
      [GC Worker Total (ms): Min: 94.3, Avg: 94.3, Max: 94.4, Diff: 0.2, Sum: 754.7]
      [GC Worker End (ms): Min: 188645.9, Avg: 188645.9, Max: 188646.0, Diff: 0.1]
   [Code Root Fixup: 0.0 ms]
   [Code Root Purge: 0.0 ms]
   [Clear CT: 0.1 ms]
   [Other: 0.9 ms]
      [Choose CSet: 0.0 ms]
      [Ref Proc: 0.1 ms]
      [Ref Enq: 0.0 ms]
      [Redirty Cards: 0.3 ms]
      [Humongous Register: 0.0 ms]
      [Humongous Reclaim: 0.0 ms]
      [Free CSet: 0.2 ms]
   [Eden: 146.0M(154.0M)->0.0B(175.0M) Survivors: 19.0M->22.0M Heap: 1077.2M(2048.0M)->1078.7M(2048.0M)]
 [Times: user=0.69 sys=0.00, real=0.10 secs] 
2020-09-29T12:23:48.492+0200: 188.647: [GC concurrent-root-region-scan-start]
2020-09-29T12:23:48.500+0200: 188.655: [GC concurrent-root-region-scan-end, 0.0078416 secs]
2020-09-29T12:23:48.500+0200: 188.655: [GC concurrent-mark-start]
2020-09-29T12:23:48.504+0200: 188.660: [GC concurrent-mark-end, 0.0044965 secs]
2020-09-29T12:23:48.505+0200: 188.661: [GC remark 2020-09-29T12:23:48.505+0200: 188.661: [Finalize Marking, 0.0001504 secs] 2020-09-29T12:23:48.505+0200: 188.661: [GC ref-proc, 0.0004168 secs] 2020-09-29T12:23:48.506+0200: 188.661: [Unloading, 0.0005276 secs], 0.0014439 secs]
 [Times: user=0.00 sys=0.00, real=0.00 secs] 
2020-09-29T12:23:48.507+0200: 188.662: [GC cleanup 1105M->56M(2048M), 0.0013556 secs]
 [Times: user=0.00 sys=0.00, real=0.00 secs] 
2020-09-29T12:23:48.508+0200: 188.664: [GC concurrent-cleanup-start]
2020-09-29T12:23:48.511+0200: 188.667: [GC concurrent-cleanup-end, 0.0027935 secs]
2020-09-29T12:23:48.603+0200: 188.759: [GC pause (G1 Evacuation Pause) (young), 0.1115883 secs]
   [Parallel Time: 110.6 ms, GC Workers: 8]
      [GC Worker Start (ms): Min: 188758.9, Avg: 188759.0, Max: 188759.1, Diff: 0.1]
      [Ext Root Scanning (ms): Min: 0.0, Avg: 0.1, Max: 0.2, Diff: 0.1, Sum: 0.6]
      [Update RS (ms): Min: 15.7, Avg: 16.0, Max: 17.0, Diff: 1.3, Sum: 127.9]
         [Processed Buffers: Min: 13, Avg: 14.3, Max: 16, Diff: 3, Sum: 114]
      [Scan RS (ms): Min: 9.6, Avg: 10.5, Max: 10.8, Diff: 1.2, Sum: 84.3]
      [Code Root Scanning (ms): Min: 0.0, Avg: 0.0, Max: 0.0, Diff: 0.0, Sum: 0.0]
      [Object Copy (ms): Min: 83.7, Avg: 83.7, Max: 83.8, Diff: 0.1, Sum: 670.0]
      [Termination (ms): Min: 0.0, Avg: 0.0, Max: 0.1, Diff: 0.1, Sum: 0.4]
         [Termination Attempts: Min: 1, Avg: 319.3, Max: 458, Diff: 457, Sum: 2554]
      [GC Worker Other (ms): Min: 0.0, Avg: 0.0, Max: 0.0, Diff: 0.0, Sum: 0.2]
      [GC Worker Total (ms): Min: 110.4, Avg: 110.4, Max: 110.5, Diff: 0.2, Sum: 883.4]
      [GC Worker End (ms): Min: 188869.4, Avg: 188869.4, Max: 188869.4, Diff: 0.0]
   [Code Root Fixup: 0.0 ms]
   [Code Root Purge: 0.0 ms]
   [Clear CT: 0.2 ms]
   [Other: 0.8 ms]
      [Choose CSet: 0.0 ms]
      [Ref Proc: 0.1 ms]
      [Ref Enq: 0.0 ms]
      [Redirty Cards: 0.2 ms]
      [Humongous Register: 0.0 ms]
      [Humongous Reclaim: 0.0 ms]
      [Free CSet: 0.2 ms]
   [Eden: 175.0M(175.0M)->0.0B(193.0M) Survivors: 22.0M->25.0M Heap: 235.5M(2048.0M)->215.0M(2048.0M)]
 [Times: user=0.88 sys=0.00, real=0.11 secs] 
2020-09-29T12:23:48.829+0200: 188.984: [GC pause (G1 Evacuation Pause) (young), 0.1316074 secs]
   [Parallel Time: 130.3 ms, GC Workers: 8]
      [GC Worker Start (ms): Min: 188984.3, Avg: 188984.4, Max: 188984.4, Diff: 0.1]
      [Ext Root Scanning (ms): Min: 0.0, Avg: 0.1, Max: 0.1, Diff: 0.1, Sum: 0.6]
      [Update RS (ms): Min: 14.5, Avg: 14.5, Max: 14.7, Diff: 0.2, Sum: 116.3]
         [Processed Buffers: Min: 13, Avg: 15.1, Max: 17, Diff: 4, Sum: 121]
      [Scan RS (ms): Min: 11.0, Avg: 11.1, Max: 11.2, Diff: 0.2, Sum: 88.9]
      [Code Root Scanning (ms): Min: 0.0, Avg: 0.0, Max: 0.0, Diff: 0.0, Sum: 0.0]
      [Object Copy (ms): Min: 104.1, Avg: 104.2, Max: 104.4, Diff: 0.3, Sum: 834.0]
      [Termination (ms): Min: 0.0, Avg: 0.2, Max: 0.3, Diff: 0.3, Sum: 1.3]
         [Termination Attempts: Min: 1, Avg: 998.9, Max: 1548, Diff: 1547, Sum: 7991]
      [GC Worker Other (ms): Min: 0.0, Avg: 0.0, Max: 0.0, Diff: 0.0, Sum: 0.2]
      [GC Worker Total (ms): Min: 130.1, Avg: 130.2, Max: 130.2, Diff: 0.2, Sum: 1041.3]
      [GC Worker End (ms): Min: 189114.5, Avg: 189114.5, Max: 189114.5, Diff: 0.0]
   [Code Root Fixup: 0.0 ms]
   [Code Root Purge: 0.0 ms]
   [Clear CT: 0.2 ms]
   [Other: 1.2 ms]
      [Choose CSet: 0.0 ms]
      [Ref Proc: 0.2 ms]
      [Ref Enq: 0.0 ms]
      [Redirty Cards: 0.5 ms]
      [Humongous Register: 0.0 ms]
      [Humongous Reclaim: 0.0 ms]
      [Free CSet: 0.2 ms]
   [Eden: 193.0M(193.0M)->0.0B(202.0M) Survivors: 25.0M->28.0M Heap: 440.4M(2048.0M)->441.9M(2048.0M)]
 [Times: user=1.09 sys=0.00, real=0.13 secs] 
2020-09-29T12:23:49.086+0200: 189.242: [GC pause (G1 Evacuation Pause) (young), 0.1318419 secs]
   [Parallel Time: 130.9 ms, GC Workers: 8]
      [GC Worker Start (ms): Min: 189241.7, Avg: 189241.8, Max: 189241.8, Diff: 0.2]
      [Ext Root Scanning (ms): Min: 0.0, Avg: 0.1, Max: 0.2, Diff: 0.2, Sum: 0.5]
      [Update RS (ms): Min: 13.2, Avg: 13.4, Max: 13.6, Diff: 0.5, Sum: 107.0]
         [Processed Buffers: Min: 13, Avg: 14.5, Max: 17, Diff: 4, Sum: 116]
      [Scan RS (ms): Min: 11.1, Avg: 11.4, Max: 11.6, Diff: 0.5, Sum: 90.9]
      [Code Root Scanning (ms): Min: 0.0, Avg: 0.0, Max: 0.0, Diff: 0.0, Sum: 0.0]
      [Object Copy (ms): Min: 105.6, Avg: 105.7, Max: 105.9, Diff: 0.2, Sum: 845.8]
      [Termination (ms): Min: 0.0, Avg: 0.2, Max: 0.2, Diff: 0.2, Sum: 1.4]
         [Termination Attempts: Min: 1, Avg: 1331.6, Max: 1585, Diff: 1584, Sum: 10653]
      [GC Worker Other (ms): Min: 0.0, Avg: 0.0, Max: 0.1, Diff: 0.0, Sum: 0.2]
      [GC Worker Total (ms): Min: 130.7, Avg: 130.7, Max: 130.8, Diff: 0.2, Sum: 1045.8]
      [GC Worker End (ms): Min: 189372.5, Avg: 189372.5, Max: 189372.5, Diff: 0.0]
   [Code Root Fixup: 0.0 ms]
   [Code Root Purge: 0.0 ms]
   [Clear CT: 0.1 ms]
   [Other: 0.8 ms]
      [Choose CSet: 0.0 ms]
      [Ref Proc: 0.1 ms]
      [Ref Enq: 0.0 ms]
      [Redirty Cards: 0.2 ms]
      [Humongous Register: 0.0 ms]
      [Humongous Reclaim: 0.0 ms]
      [Free CSet: 0.2 ms]
   [Eden: 202.0M(202.0M)->0.0B(219.0M) Survivors: 28.0M->29.0M Heap: 676.4M(2048.0M)->678.4M(2048.0M)]
 [Times: user=0.98 sys=0.00, real=0.13 secs] 
2020-09-29T12:23:49.334+0200: 189.490: [GC pause (G1 Evacuation Pause) (young), 0.1380496 secs]
   [Parallel Time: 137.1 ms, GC Workers: 8]
      [GC Worker Start (ms): Min: 189490.0, Avg: 189490.1, Max: 189490.1, Diff: 0.1]
      [Ext Root Scanning (ms): Min: 0.0, Avg: 0.1, Max: 0.1, Diff: 0.1, Sum: 0.5]
      [Update RS (ms): Min: 14.4, Avg: 14.7, Max: 15.0, Diff: 0.7, Sum: 117.6]
         [Processed Buffers: Min: 14, Avg: 15.5, Max: 17, Diff: 3, Sum: 124]
      [Scan RS (ms): Min: 12.3, Avg: 12.7, Max: 12.9, Diff: 0.6, Sum: 101.3]
      [Code Root Scanning (ms): Min: 0.0, Avg: 0.0, Max: 0.0, Diff: 0.0, Sum: 0.0]
      [Object Copy (ms): Min: 109.3, Avg: 109.4, Max: 109.5, Diff: 0.2, Sum: 875.0]
      [Termination (ms): Min: 0.0, Avg: 0.1, Max: 0.2, Diff: 0.2, Sum: 0.9]
         [Termination Attempts: Min: 1, Avg: 743.4, Max: 1039, Diff: 1038, Sum: 5947]
      [GC Worker Other (ms): Min: 0.0, Avg: 0.0, Max: 0.1, Diff: 0.1, Sum: 0.3]
      [GC Worker Total (ms): Min: 136.9, Avg: 136.9, Max: 137.1, Diff: 0.2, Sum: 1095.6]
      [GC Worker End (ms): Min: 189627.0, Avg: 189627.0, Max: 189627.0, Diff: 0.1]
   [Code Root Fixup: 0.0 ms]
   [Code Root Purge: 0.0 ms]
   [Clear CT: 0.1 ms]
   [Other: 0.8 ms]
      [Choose CSet: 0.0 ms]
      [Ref Proc: 0.1 ms]
      [Ref Enq: 0.0 ms]
      [Redirty Cards: 0.2 ms]
      [Humongous Register: 0.0 ms]
      [Humongous Reclaim: 0.0 ms]
      [Free CSet: 0.2 ms]
   [Eden: 219.0M(219.0M)->0.0B(231.0M) Survivors: 29.0M->31.0M Heap: 933.6M(2048.0M)->935.1M(2048.0M)]
 [Times: user=1.02 sys=0.00, real=0.14 secs] 
2020-09-29T12:23:49.505+0200: 189.661: [GC pause (G1 Humongous Allocation) (young) (initial-mark), 0.0591521 secs]
   [Parallel Time: 58.2 ms, GC Workers: 8]
      [GC Worker Start (ms): Min: 189661.2, Avg: 189661.2, Max: 189661.3, Diff: 0.1]
      [Ext Root Scanning (ms): Min: 0.0, Avg: 0.1, Max: 0.1, Diff: 0.1, Sum: 0.7]
      [Update RS (ms): Min: 17.6, Avg: 17.8, Max: 18.2, Diff: 0.5, Sum: 142.7]
         [Processed Buffers: Min: 18, Avg: 19.9, Max: 21, Diff: 3, Sum: 159]
      [Scan RS (ms): Min: 1.9, Avg: 2.2, Max: 2.5, Diff: 0.6, Sum: 17.8]
      [Code Root Scanning (ms): Min: 0.0, Avg: 0.0, Max: 0.0, Diff: 0.0, Sum: 0.0]
      [Object Copy (ms): Min: 37.8, Avg: 37.9, Max: 37.9, Diff: 0.1, Sum: 303.1]
      [Termination (ms): Min: 0.0, Avg: 0.0, Max: 0.0, Diff: 0.0, Sum: 0.0]
         [Termination Attempts: Min: 1, Avg: 10.9, Max: 16, Diff: 15, Sum: 87]
      [GC Worker Other (ms): Min: 0.0, Avg: 0.0, Max: 0.0, Diff: 0.0, Sum: 0.2]
      [GC Worker Total (ms): Min: 58.0, Avg: 58.1, Max: 58.1, Diff: 0.1, Sum: 464.5]
      [GC Worker End (ms): Min: 189719.3, Avg: 189719.3, Max: 189719.3, Diff: 0.0]
   [Code Root Fixup: 0.0 ms]
   [Code Root Purge: 0.0 ms]
   [Clear CT: 0.1 ms]
   [Other: 0.8 ms]
      [Choose CSet: 0.0 ms]
      [Ref Proc: 0.2 ms]
      [Ref Enq: 0.0 ms]
      [Redirty Cards: 0.1 ms]
      [Humongous Register: 0.0 ms]
      [Humongous Reclaim: 0.0 ms]
      [Free CSet: 0.1 ms]
   [Eden: 58.0M(231.0M)->0.0B(255.0M) Survivors: 31.0M->33.0M Heap: 1002.6M(2048.0M)->1004.6M(2048.0M)]
 [Times: user=0.36 sys=0.00, real=0.06 secs] 
2020-09-29T12:23:49.565+0200: 189.720: [GC concurrent-root-region-scan-start]
2020-09-29T12:23:49.573+0200: 189.729: [GC concurrent-root-region-scan-end, 0.0085639 secs]
2020-09-29T12:23:49.573+0200: 189.729: [GC concurrent-mark-start]
2020-09-29T12:23:49.577+0200: 189.732: [GC concurrent-mark-end, 0.0032636 secs]
2020-09-29T12:23:49.577+0200: 189.733: [GC remark 2020-09-29T12:23:49.577+0200: 189.733: [Finalize Marking, 0.0001558 secs] 2020-09-29T12:23:49.577+0200: 189.733: [GC ref-proc, 0.0003358 secs] 2020-09-29T12:23:49.577+0200: 189.733: [Unloading, 0.0004818 secs], 0.0014301 secs]
 [Times: user=0.00 sys=0.00, real=0.00 secs] 
2020-09-29T12:23:49.579+0200: 189.734: [GC cleanup 1028M->64M(2048M), 0.0013243 secs]
 [Times: user=0.00 sys=0.00, real=0.00 secs] 
2020-09-29T12:23:49.580+0200: 189.736: [GC concurrent-cleanup-start]
2020-09-29T12:23:49.582+0200: 189.737: [GC concurrent-cleanup-end, 0.0013620 secs]
2020-09-29T12:23:49.707+0200: 189.863: [GC pause (G1 Evacuation Pause) (young), 0.1373132 secs]
   [Parallel Time: 136.2 ms, GC Workers: 8]
      [GC Worker Start (ms): Min: 189863.1, Avg: 189863.2, Max: 189863.3, Diff: 0.2]
      [Ext Root Scanning (ms): Min: 0.0, Avg: 0.1, Max: 0.2, Diff: 0.2, Sum: 0.5]
      [Update RS (ms): Min: 20.3, Avg: 20.4, Max: 21.1, Diff: 0.8, Sum: 163.6]
         [Processed Buffers: Min: 18, Avg: 21.3, Max: 25, Diff: 7, Sum: 170]
      [Scan RS (ms): Min: 9.2, Avg: 9.9, Max: 10.1, Diff: 0.9, Sum: 78.9]
      [Code Root Scanning (ms): Min: 0.0, Avg: 0.0, Max: 0.0, Diff: 0.0, Sum: 0.0]
      [Object Copy (ms): Min: 105.5, Avg: 105.5, Max: 105.6, Diff: 0.1, Sum: 844.3]
      [Termination (ms): Min: 0.0, Avg: 0.0, Max: 0.0, Diff: 0.0, Sum: 0.2]
         [Termination Attempts: Min: 1, Avg: 171.8, Max: 258, Diff: 257, Sum: 1374]
      [GC Worker Other (ms): Min: 0.0, Avg: 0.0, Max: 0.1, Diff: 0.0, Sum: 0.2]
      [GC Worker Total (ms): Min: 135.9, Avg: 136.0, Max: 136.1, Diff: 0.2, Sum: 1087.7]
      [GC Worker End (ms): Min: 189999.1, Avg: 189999.2, Max: 189999.2, Diff: 0.0]
   [Code Root Fixup: 0.0 ms]
   [Code Root Purge: 0.0 ms]
   [Clear CT: 0.2 ms]
   [Other: 0.9 ms]
      [Choose CSet: 0.0 ms]
      [Ref Proc: 0.1 ms]
      [Ref Enq: 0.0 ms]
      [Redirty Cards: 0.2 ms]
      [Humongous Register: 0.0 ms]
      [Humongous Reclaim: 0.0 ms]
      [Free CSet: 0.3 ms]
   [Eden: 255.0M(255.0M)->0.0B(270.0M) Survivors: 33.0M->36.0M Heap: 339.9M(2048.0M)->308.9M(2048.0M)]
 [Times: user=1.00 sys=0.00, real=0.14 secs] 
2020-09-29T12:23:50.006+0200: 190.162: [GC pause (G1 Evacuation Pause) (young), 0.1715505 secs]
   [Parallel Time: 170.3 ms, GC Workers: 8]
      [GC Worker Start (ms): Min: 190161.9, Avg: 190162.0, Max: 190162.1, Diff: 0.1]
      [Ext Root Scanning (ms): Min: 0.0, Avg: 0.1, Max: 0.1, Diff: 0.1, Sum: 0.7]
      [Update RS (ms): Min: 18.9, Avg: 19.2, Max: 19.5, Diff: 0.6, Sum: 153.5]
         [Processed Buffers: Min: 17, Avg: 19.0, Max: 22, Diff: 5, Sum: 152]
      [Scan RS (ms): Min: 15.7, Avg: 16.0, Max: 16.2, Diff: 0.5, Sum: 127.6]
      [Code Root Scanning (ms): Min: 0.0, Avg: 0.0, Max: 0.0, Diff: 0.0, Sum: 0.0]
      [Object Copy (ms): Min: 134.5, Avg: 134.7, Max: 134.9, Diff: 0.4, Sum: 1077.8]
      [Termination (ms): Min: 0.0, Avg: 0.2, Max: 0.3, Diff: 0.3, Sum: 1.4]
         [Termination Attempts: Min: 1, Avg: 1155.4, Max: 1719, Diff: 1718, Sum: 9243]
      [GC Worker Other (ms): Min: 0.0, Avg: 0.0, Max: 0.1, Diff: 0.1, Sum: 0.3]
      [GC Worker Total (ms): Min: 170.1, Avg: 170.2, Max: 170.3, Diff: 0.2, Sum: 1361.4]
      [GC Worker End (ms): Min: 190332.1, Avg: 190332.1, Max: 190332.2, Diff: 0.1]
   [Code Root Fixup: 0.0 ms]
   [Code Root Purge: 0.0 ms]
   [Clear CT: 0.2 ms]
   [Other: 1.0 ms]
      [Choose CSet: 0.0 ms]
      [Ref Proc: 0.2 ms]
      [Ref Enq: 0.0 ms]
      [Redirty Cards: 0.2 ms]
      [Humongous Register: 0.0 ms]
      [Humongous Reclaim: 0.0 ms]
      [Free CSet: 0.3 ms]
   [Eden: 270.0M(270.0M)->0.0B(263.0M) Survivors: 36.0M->39.0M Heap: 622.7M(2048.0M)->624.7M(2048.0M)]
 [Times: user=1.38 sys=0.00, real=0.17 secs] 
2020-09-29T12:23:50.341+0200: 190.497: [GC pause (G1 Evacuation Pause) (young), 0.1681284 secs]
   [Parallel Time: 167.0 ms, GC Workers: 8]
      [GC Worker Start (ms): Min: 190496.8, Avg: 190496.9, Max: 190497.0, Diff: 0.2]
      [Ext Root Scanning (ms): Min: 0.0, Avg: 0.1, Max: 0.1, Diff: 0.1, Sum: 0.4]
      [Update RS (ms): Min: 20.7, Avg: 20.9, Max: 21.1, Diff: 0.5, Sum: 167.5]
         [Processed Buffers: Min: 18, Avg: 19.9, Max: 22, Diff: 4, Sum: 159]
      [Scan RS (ms): Min: 14.2, Avg: 14.4, Max: 14.7, Diff: 0.5, Sum: 115.5]
      [Code Root Scanning (ms): Min: 0.0, Avg: 0.0, Max: 0.0, Diff: 0.0, Sum: 0.0]
      [Object Copy (ms): Min: 131.3, Avg: 131.3, Max: 131.3, Diff: 0.1, Sum: 1050.4]
      [Termination (ms): Min: 0.0, Avg: 0.1, Max: 0.1, Diff: 0.1, Sum: 0.5]
         [Termination Attempts: Min: 1, Avg: 487.9, Max: 599, Diff: 598, Sum: 3903]
      [GC Worker Other (ms): Min: 0.0, Avg: 0.0, Max: 0.1, Diff: 0.0, Sum: 0.3]
      [GC Worker Total (ms): Min: 166.7, Avg: 166.8, Max: 166.9, Diff: 0.2, Sum: 1334.7]
      [GC Worker End (ms): Min: 190663.7, Avg: 190663.7, Max: 190663.8, Diff: 0.0]
   [Code Root Fixup: 0.0 ms]
   [Code Root Purge: 0.0 ms]
   [Clear CT: 0.1 ms]
   [Other: 1.0 ms]
      [Choose CSet: 0.0 ms]
      [Ref Proc: 0.2 ms]
      [Ref Enq: 0.0 ms]
      [Redirty Cards: 0.2 ms]
      [Humongous Register: 0.0 ms]
      [Humongous Reclaim: 0.0 ms]
      [Free CSet: 0.3 ms]
   [Eden: 263.0M(263.0M)->0.0B(265.0M) Survivors: 39.0M->38.0M Heap: 931.6M(2048.0M)->934.1M(2048.0M)]
 [Times: user=1.38 sys=0.00, real=0.17 secs] 
2020-09-29T12:23:50.579+0200: 190.735: [GC pause (G1 Humongous Allocation) (young) (initial-mark), 0.0847481 secs]
   [Parallel Time: 83.8 ms, GC Workers: 8]
      [GC Worker Start (ms): Min: 190735.1, Avg: 190735.2, Max: 190735.3, Diff: 0.2]
      [Ext Root Scanning (ms): Min: 0.0, Avg: 0.1, Max: 0.2, Diff: 0.2, Sum: 1.2]
      [Update RS (ms): Min: 16.3, Avg: 16.8, Max: 17.2, Diff: 0.9, Sum: 134.7]
         [Processed Buffers: Min: 13, Avg: 16.0, Max: 19, Diff: 6, Sum: 128]
      [Scan RS (ms): Min: 3.5, Avg: 3.9, Max: 4.3, Diff: 0.8, Sum: 30.9]
      [Code Root Scanning (ms): Min: 0.0, Avg: 0.0, Max: 0.0, Diff: 0.0, Sum: 0.0]
      [Object Copy (ms): Min: 62.6, Avg: 62.7, Max: 62.7, Diff: 0.1, Sum: 501.5]
      [Termination (ms): Min: 0.0, Avg: 0.0, Max: 0.0, Diff: 0.0, Sum: 0.2]
         [Termination Attempts: Min: 1, Avg: 135.9, Max: 188, Diff: 187, Sum: 1087]
      [GC Worker Other (ms): Min: 0.0, Avg: 0.0, Max: 0.0, Diff: 0.0, Sum: 0.2]
      [GC Worker Total (ms): Min: 83.5, Avg: 83.6, Max: 83.6, Diff: 0.2, Sum: 668.6]
      [GC Worker End (ms): Min: 190818.7, Avg: 190818.7, Max: 190818.8, Diff: 0.0]
   [Code Root Fixup: 0.0 ms]
   [Code Root Purge: 0.0 ms]
   [Clear CT: 0.2 ms]
   [Other: 0.8 ms]
      [Choose CSet: 0.0 ms]
      [Ref Proc: 0.2 ms]
      [Ref Enq: 0.0 ms]
      [Redirty Cards: 0.2 ms]
      [Humongous Register: 0.0 ms]
      [Humongous Reclaim: 0.0 ms]
      [Free CSet: 0.2 ms]
   [Eden: 105.0M(265.0M)->0.0B(283.0M) Survivors: 38.0M->38.0M Heap: 1056.3M(2048.0M)->1057.8M(2048.0M)]
 [Times: user=0.75 sys=0.00, real=0.09 secs] 
2020-09-29T12:23:50.664+0200: 190.820: [GC concurrent-root-region-scan-start]
2020-09-29T12:23:50.678+0200: 190.833: [GC concurrent-root-region-scan-end, 0.0133722 secs]
2020-09-29T12:23:50.678+0200: 190.833: [GC concurrent-mark-start]
2020-09-29T12:23:50.681+0200: 190.836: [GC concurrent-mark-end, 0.0030675 secs]
2020-09-29T12:23:50.681+0200: 190.836: [GC remark 2020-09-29T12:23:50.681+0200: 190.837: [Finalize Marking, 0.0001608 secs] 2020-09-29T12:23:50.681+0200: 190.837: [GC ref-proc, 0.0003472 secs] 2020-09-29T12:23:50.681+0200: 190.837: [Unloading, 0.0005101 secs], 0.0013512 secs]
 [Times: user=0.00 sys=0.00, real=0.00 secs] 
2020-09-29T12:23:50.683+0200: 190.838: [GC cleanup 1090M->78M(2048M), 0.0018714 secs]
 [Times: user=0.00 sys=0.00, real=0.00 secs] 
2020-09-29T12:23:50.685+0200: 190.840: [GC concurrent-cleanup-start]
2020-09-29T12:23:50.686+0200: 190.842: [GC concurrent-cleanup-end, 0.0016111 secs]
2020-09-29T12:23:50.827+0200: 190.983: [GC pause (G1 Evacuation Pause) (young), 0.1684340 secs]
   [Parallel Time: 166.6 ms, GC Workers: 8]
      [GC Worker Start (ms): Min: 190983.2, Avg: 190983.2, Max: 190983.3, Diff: 0.1]
      [Ext Root Scanning (ms): Min: 0.0, Avg: 0.1, Max: 0.1, Diff: 0.1, Sum: 0.7]
      [Update RS (ms): Min: 21.7, Avg: 22.0, Max: 22.3, Diff: 0.7, Sum: 175.7]
         [Processed Buffers: Min: 19, Avg: 21.4, Max: 24, Diff: 5, Sum: 171]
      [Scan RS (ms): Min: 13.6, Avg: 14.0, Max: 14.4, Diff: 0.7, Sum: 112.0]
      [Code Root Scanning (ms): Min: 0.0, Avg: 0.0, Max: 0.0, Diff: 0.0, Sum: 0.0]
      [Object Copy (ms): Min: 130.3, Avg: 130.4, Max: 130.4, Diff: 0.1, Sum: 1042.9]
      [Termination (ms): Min: 0.0, Avg: 0.0, Max: 0.1, Diff: 0.1, Sum: 0.4]
         [Termination Attempts: Min: 1, Avg: 331.4, Max: 417, Diff: 416, Sum: 2651]
      [GC Worker Other (ms): Min: 0.0, Avg: 0.0, Max: 0.1, Diff: 0.1, Sum: 0.4]
      [GC Worker Total (ms): Min: 166.4, Avg: 166.5, Max: 166.5, Diff: 0.1, Sum: 1332.0]
      [GC Worker End (ms): Min: 191149.7, Avg: 191149.7, Max: 191149.8, Diff: 0.1]
   [Code Root Fixup: 0.0 ms]
   [Code Root Purge: 0.0 ms]
   [Clear CT: 0.2 ms]
   [Other: 1.6 ms]
      [Choose CSet: 0.0 ms]
      [Ref Proc: 0.2 ms]
      [Ref Enq: 0.0 ms]
      [Redirty Cards: 0.9 ms]
      [Humongous Register: 0.0 ms]
      [Humongous Reclaim: 0.0 ms]
      [Free CSet: 0.3 ms]
   [Eden: 283.0M(283.0M)->0.0B(287.0M) Survivors: 38.0M->41.0M Heap: 376.7M(2048.0M)->341.2M(2048.0M)]
 [Times: user=1.34 sys=0.00, real=0.17 secs] 
2020-09-29T12:23:51.163+0200: 191.319: [GC pause (G1 Evacuation Pause) (young), 0.1852190 secs]
   [Parallel Time: 184.1 ms, GC Workers: 8]
      [GC Worker Start (ms): Min: 191319.3, Avg: 191319.4, Max: 191319.5, Diff: 0.2]
      [Ext Root Scanning (ms): Min: 0.0, Avg: 0.1, Max: 0.2, Diff: 0.2, Sum: 0.4]
      [Update RS (ms): Min: 20.3, Avg: 20.6, Max: 20.9, Diff: 0.6, Sum: 165.1]
         [Processed Buffers: Min: 18, Avg: 19.1, Max: 21, Diff: 3, Sum: 153]
      [Scan RS (ms): Min: 19.9, Avg: 20.2, Max: 20.7, Diff: 0.8, Sum: 161.9]
      [Code Root Scanning (ms): Min: 0.0, Avg: 0.0, Max: 0.0, Diff: 0.0, Sum: 0.0]
      [Object Copy (ms): Min: 142.7, Avg: 142.8, Max: 142.9, Diff: 0.2, Sum: 1142.2]
      [Termination (ms): Min: 0.0, Avg: 0.1, Max: 0.1, Diff: 0.1, Sum: 0.6]
         [Termination Attempts: Min: 1, Avg: 463.6, Max: 669, Diff: 668, Sum: 3709]
      [GC Worker Other (ms): Min: 0.0, Avg: 0.0, Max: 0.1, Diff: 0.0, Sum: 0.2]
      [GC Worker Total (ms): Min: 183.7, Avg: 183.8, Max: 183.9, Diff: 0.2, Sum: 1470.4]
      [GC Worker End (ms): Min: 191503.2, Avg: 191503.2, Max: 191503.2, Diff: 0.0]
   [Code Root Fixup: 0.0 ms]
   [Code Root Purge: 0.0 ms]
   [Clear CT: 0.2 ms]
   [Other: 1.0 ms]
      [Choose CSet: 0.0 ms]
      [Ref Proc: 0.2 ms]
      [Ref Enq: 0.0 ms]
      [Redirty Cards: 0.2 ms]
      [Humongous Register: 0.0 ms]
      [Humongous Reclaim: 0.0 ms]
      [Free CSet: 0.3 ms]
   [Eden: 287.0M(287.0M)->0.0B(284.0M) Survivors: 41.0M->41.0M Heap: 675.9M(2048.0M)->677.9M(2048.0M)]
 [Times: user=1.48 sys=0.00, real=0.19 secs] 
2020-09-29T12:23:51.519+0200: 191.675: [GC pause (G1 Evacuation Pause) (young), 0.1788788 secs]
   [Parallel Time: 177.7 ms, GC Workers: 8]
      [GC Worker Start (ms): Min: 191675.1, Avg: 191675.2, Max: 191675.3, Diff: 0.2]
      [Ext Root Scanning (ms): Min: 0.0, Avg: 0.1, Max: 0.2, Diff: 0.2, Sum: 0.5]
      [Update RS (ms): Min: 19.3, Avg: 19.5, Max: 19.6, Diff: 0.3, Sum: 155.6]
         [Processed Buffers: Min: 16, Avg: 18.9, Max: 21, Diff: 5, Sum: 151]
      [Scan RS (ms): Min: 18.2, Avg: 18.5, Max: 19.6, Diff: 1.4, Sum: 148.0]
      [Code Root Scanning (ms): Min: 0.0, Avg: 0.0, Max: 0.0, Diff: 0.0, Sum: 0.0]
      [Object Copy (ms): Min: 138.1, Avg: 139.4, Max: 139.7, Diff: 1.6, Sum: 1115.5]
      [Termination (ms): Min: 0.0, Avg: 0.0, Max: 0.0, Diff: 0.0, Sum: 0.1]
         [Termination Attempts: Min: 1, Avg: 109.1, Max: 134, Diff: 133, Sum: 873]
      [GC Worker Other (ms): Min: 0.0, Avg: 0.0, Max: 0.1, Diff: 0.1, Sum: 0.4]
      [GC Worker Total (ms): Min: 177.4, Avg: 177.5, Max: 177.6, Diff: 0.3, Sum: 1420.1]
      [GC Worker End (ms): Min: 191852.7, Avg: 191852.7, Max: 191852.7, Diff: 0.1]
   [Code Root Fixup: 0.0 ms]
   [Code Root Purge: 0.0 ms]
   [Clear CT: 0.2 ms]
   [Other: 1.0 ms]
      [Choose CSet: 0.0 ms]
      [Ref Proc: 0.1 ms]
      [Ref Enq: 0.0 ms]
      [Redirty Cards: 0.3 ms]
      [Humongous Register: 0.0 ms]
      [Humongous Reclaim: 0.0 ms]
      [Free CSet: 0.3 ms]
   [Eden: 284.0M(284.0M)->0.0B(284.0M) Survivors: 41.0M->41.0M Heap: 1009.6M(2048.0M)->1012.1M(2048.0M)]
 [Times: user=1.44 sys=0.00, real=0.18 secs] 
2020-09-29T12:23:51.711+0200: 191.866: [GC pause (G1 Humongous Allocation) (young) (initial-mark), 0.0542108 secs]
   [Parallel Time: 53.2 ms, GC Workers: 8]
      [GC Worker Start (ms): Min: 191866.5, Avg: 191866.5, Max: 191866.5, Diff: 0.1]
      [Ext Root Scanning (ms): Min: 0.0, Avg: 0.1, Max: 0.1, Diff: 0.1, Sum: 0.7]
      [Update RS (ms): Min: 27.9, Avg: 28.2, Max: 28.6, Diff: 0.7, Sum: 225.7]
         [Processed Buffers: Min: 30, Avg: 34.8, Max: 36, Diff: 6, Sum: 278]
      [Scan RS (ms): Min: 2.4, Avg: 2.8, Max: 3.2, Diff: 0.8, Sum: 22.6]
      [Code Root Scanning (ms): Min: 0.0, Avg: 0.0, Max: 0.0, Diff: 0.0, Sum: 0.0]
      [Object Copy (ms): Min: 21.9, Avg: 22.0, Max: 22.0, Diff: 0.1, Sum: 175.7]
      [Termination (ms): Min: 0.0, Avg: 0.1, Max: 0.1, Diff: 0.1, Sum: 0.5]
         [Termination Attempts: Min: 1, Avg: 376.1, Max: 493, Diff: 492, Sum: 3009]
      [GC Worker Other (ms): Min: 0.0, Avg: 0.0, Max: 0.0, Diff: 0.0, Sum: 0.1]
      [GC Worker Total (ms): Min: 53.1, Avg: 53.2, Max: 53.2, Diff: 0.1, Sum: 425.2]
      [GC Worker End (ms): Min: 191919.7, Avg: 191919.7, Max: 191919.7, Diff: 0.0]
   [Code Root Fixup: 0.0 ms]
   [Code Root Purge: 0.0 ms]
   [Clear CT: 0.2 ms]
   [Other: 0.8 ms]
      [Choose CSet: 0.0 ms]
      [Ref Proc: 0.1 ms]
      [Ref Enq: 0.0 ms]
      [Redirty Cards: 0.1 ms]
      [Humongous Register: 0.1 ms]
      [Humongous Reclaim: 0.0 ms]
      [Free CSet: 0.1 ms]
   [Eden: 5120.0K(284.0M)->0.0B(317.0M) Survivors: 41.0M->7168.0K Heap: 1016.6M(2048.0M)->1020.6M(2048.0M)]
 [Times: user=0.38 sys=0.00, real=0.05 secs] 
2020-09-29T12:23:51.765+0200: 191.921: [GC concurrent-root-region-scan-start]
2020-09-29T12:23:51.766+0200: 191.922: [GC concurrent-root-region-scan-end, 0.0014499 secs]
2020-09-29T12:23:51.766+0200: 191.922: [GC concurrent-mark-start]
2020-09-29T12:23:51.770+0200: 191.926: [GC concurrent-mark-end, 0.0035847 secs]
2020-09-29T12:23:51.771+0200: 191.926: [GC remark 2020-09-29T12:23:51.771+0200: 191.926: [Finalize Marking, 0.0001663 secs] 2020-09-29T12:23:51.771+0200: 191.927: [GC ref-proc, 0.0004252 secs] 2020-09-29T12:23:51.771+0200: 191.927: [Unloading, 0.0005154 secs], 0.0015213 secs]
 [Times: user=0.00 sys=0.00, real=0.00 secs] 
2020-09-29T12:23:51.773+0200: 191.928: [GC cleanup 1031M->25M(2048M), 0.0013758 secs]
 [Times: user=0.00 sys=0.00, real=0.00 secs] 
2020-09-29T12:23:51.774+0200: 191.930: [GC concurrent-cleanup-start]
2020-09-29T12:23:51.776+0200: 191.932: [GC concurrent-cleanup-end, 0.0019521 secs]
2020-09-29T12:23:51.973+0200: 192.128: [GC pause (G1 Evacuation Pause) (young), 0.1672589 secs]
   [Parallel Time: 166.1 ms, GC Workers: 8]
      [GC Worker Start (ms): Min: 192128.1, Avg: 192128.2, Max: 192128.2, Diff: 0.1]
      [Ext Root Scanning (ms): Min: 0.0, Avg: 0.1, Max: 0.3, Diff: 0.2, Sum: 0.9]
      [Update RS (ms): Min: 17.1, Avg: 17.3, Max: 18.0, Diff: 0.8, Sum: 138.8]
         [Processed Buffers: Min: 16, Avg: 17.3, Max: 19, Diff: 3, Sum: 138]
      [Scan RS (ms): Min: 15.3, Avg: 16.0, Max: 16.1, Diff: 0.8, Sum: 127.7]
      [Code Root Scanning (ms): Min: 0.0, Avg: 0.0, Max: 0.0, Diff: 0.0, Sum: 0.0]
      [Object Copy (ms): Min: 132.3, Avg: 132.4, Max: 132.5, Diff: 0.2, Sum: 1059.5]
      [Termination (ms): Min: 0.0, Avg: 0.0, Max: 0.0, Diff: 0.0, Sum: 0.0]
         [Termination Attempts: Min: 1, Avg: 27.6, Max: 39, Diff: 38, Sum: 221]
      [GC Worker Other (ms): Min: 0.0, Avg: 0.0, Max: 0.1, Diff: 0.0, Sum: 0.3]
      [GC Worker Total (ms): Min: 165.8, Avg: 165.9, Max: 165.9, Diff: 0.1, Sum: 1327.1]
      [GC Worker End (ms): Min: 192294.0, Avg: 192294.1, Max: 192294.1, Diff: 0.0]
   [Code Root Fixup: 0.0 ms]
   [Code Root Purge: 0.0 ms]
   [Clear CT: 0.2 ms]
   [Other: 1.0 ms]
      [Choose CSet: 0.0 ms]
      [Ref Proc: 0.2 ms]
      [Ref Enq: 0.0 ms]
      [Redirty Cards: 0.2 ms]
      [Humongous Register: 0.1 ms]
      [Humongous Reclaim: 0.0 ms]
      [Free CSet: 0.3 ms]
   [Eden: 317.0M(317.0M)->0.0B(289.0M) Survivors: 7168.0K->41.0M Heap: 384.9M(2048.0M)->380.4M(2048.0M)]
 [Times: user=1.34 sys=0.00, real=0.17 secs] 
2020-09-29T12:23:52.295+0200: 192.450: [GC pause (G1 Evacuation Pause) (young), 0.1823755 secs]
   [Parallel Time: 181.2 ms, GC Workers: 8]
      [GC Worker Start (ms): Min: 192449.9, Avg: 192449.9, Max: 192450.0, Diff: 0.1]
      [Ext Root Scanning (ms): Min: 0.0, Avg: 0.1, Max: 0.1, Diff: 0.1, Sum: 0.5]
      [Update RS (ms): Min: 19.4, Avg: 19.8, Max: 20.4, Diff: 0.9, Sum: 158.7]
         [Processed Buffers: Min: 17, Avg: 18.4, Max: 20, Diff: 3, Sum: 147]
      [Scan RS (ms): Min: 17.8, Avg: 18.3, Max: 18.7, Diff: 0.9, Sum: 146.6]
      [Code Root Scanning (ms): Min: 0.0, Avg: 0.0, Max: 0.0, Diff: 0.0, Sum: 0.0]
      [Object Copy (ms): Min: 142.5, Avg: 142.6, Max: 142.8, Diff: 0.3, Sum: 1140.6]
      [Termination (ms): Min: 0.0, Avg: 0.2, Max: 0.3, Diff: 0.3, Sum: 1.6]
         [Termination Attempts: Min: 1, Avg: 1123.6, Max: 1583, Diff: 1582, Sum: 8989]
      [GC Worker Other (ms): Min: 0.0, Avg: 0.0, Max: 0.1, Diff: 0.0, Sum: 0.3]
      [GC Worker Total (ms): Min: 181.0, Avg: 181.0, Max: 181.1, Diff: 0.1, Sum: 1448.2]
      [GC Worker End (ms): Min: 192630.9, Avg: 192631.0, Max: 192631.0, Diff: 0.0]
   [Code Root Fixup: 0.0 ms]
   [Code Root Purge: 0.0 ms]
   [Clear CT: 0.2 ms]
   [Other: 1.0 ms]
      [Choose CSet: 0.0 ms]
      [Ref Proc: 0.2 ms]
      [Ref Enq: 0.0 ms]
      [Redirty Cards: 0.2 ms]
      [Humongous Register: 0.0 ms]
      [Humongous Reclaim: 0.0 ms]
      [Free CSet: 0.3 ms]
   [Eden: 289.0M(289.0M)->0.0B(279.0M) Survivors: 41.0M->42.0M Heap: 717.1M(2048.0M)->719.1M(2048.0M)]
 [Times: user=1.47 sys=0.03, real=0.18 secs] 
2020-09-29T12:23:52.656+0200: 192.811: [GC pause (G1 Evacuation Pause) (young), 0.1839598 secs]
   [Parallel Time: 182.5 ms, GC Workers: 8]
      [GC Worker Start (ms): Min: 192810.8, Avg: 192811.0, Max: 192811.1, Diff: 0.2]
      [Ext Root Scanning (ms): Min: 0.0, Avg: 0.1, Max: 0.2, Diff: 0.2, Sum: 0.5]
      [Update RS (ms): Min: 21.8, Avg: 22.0, Max: 22.6, Diff: 0.8, Sum: 175.9]
         [Processed Buffers: Min: 18, Avg: 19.9, Max: 22, Diff: 4, Sum: 159]
      [Scan RS (ms): Min: 20.3, Avg: 20.9, Max: 21.2, Diff: 0.9, Sum: 167.4]
      [Code Root Scanning (ms): Min: 0.0, Avg: 0.0, Max: 0.0, Diff: 0.0, Sum: 0.0]
      [Object Copy (ms): Min: 138.9, Avg: 139.1, Max: 139.2, Diff: 0.3, Sum: 1112.4]
      [Termination (ms): Min: 0.0, Avg: 0.1, Max: 0.2, Diff: 0.2, Sum: 0.8]
         [Termination Attempts: Min: 1, Avg: 627.3, Max: 929, Diff: 928, Sum: 5018]
      [GC Worker Other (ms): Min: 0.0, Avg: 0.0, Max: 0.1, Diff: 0.0, Sum: 0.4]
      [GC Worker Total (ms): Min: 182.1, Avg: 182.2, Max: 182.3, Diff: 0.2, Sum: 1457.4]
      [GC Worker End (ms): Min: 192993.1, Avg: 192993.2, Max: 192993.2, Diff: 0.0]
   [Code Root Fixup: 0.0 ms]
   [Code Root Purge: 0.0 ms]
   [Clear CT: 0.2 ms]
   [Other: 1.3 ms]
      [Choose CSet: 0.0 ms]
      [Ref Proc: 0.1 ms]
      [Ref Enq: 0.0 ms]
      [Redirty Cards: 0.7 ms]
      [Humongous Register: 0.0 ms]
      [Humongous Reclaim: 0.0 ms]
      [Free CSet: 0.3 ms]
   [Eden: 279.0M(279.0M)->0.0B(269.0M) Survivors: 42.0M->41.0M Heap: 1045.8M(2048.0M)->1047.8M(2048.0M)]
 [Times: user=1.50 sys=0.00, real=0.18 secs] 
2020-09-29T12:23:52.854+0200: 193.009: [GC pause (G1 Humongous Allocation) (young) (initial-mark), 0.0511252 secs]
   [Parallel Time: 50.0 ms, GC Workers: 8]
      [GC Worker Start (ms): Min: 193009.4, Avg: 193009.5, Max: 193009.5, Diff: 0.1]
      [Ext Root Scanning (ms): Min: 0.1, Avg: 0.1, Max: 0.1, Diff: 0.1, Sum: 0.7]
      [Update RS (ms): Min: 25.0, Avg: 25.3, Max: 25.5, Diff: 0.5, Sum: 202.3]
         [Processed Buffers: Min: 28, Avg: 31.5, Max: 33, Diff: 5, Sum: 252]
      [Scan RS (ms): Min: 2.6, Avg: 2.8, Max: 3.1, Diff: 0.5, Sum: 22.4]
      [Code Root Scanning (ms): Min: 0.0, Avg: 0.0, Max: 0.0, Diff: 0.0, Sum: 0.0]
      [Object Copy (ms): Min: 21.6, Avg: 21.6, Max: 21.7, Diff: 0.1, Sum: 172.9]
      [Termination (ms): Min: 0.0, Avg: 0.0, Max: 0.0, Diff: 0.0, Sum: 0.3]
         [Termination Attempts: Min: 1, Avg: 255.9, Max: 334, Diff: 333, Sum: 2047]
      [GC Worker Other (ms): Min: 0.0, Avg: 0.0, Max: 0.0, Diff: 0.0, Sum: 0.1]
      [GC Worker Total (ms): Min: 49.8, Avg: 49.8, Max: 49.9, Diff: 0.1, Sum: 398.7]
      [GC Worker End (ms): Min: 193059.3, Avg: 193059.3, Max: 193059.3, Diff: 0.0]
   [Code Root Fixup: 0.0 ms]
   [Code Root Purge: 0.0 ms]
   [Clear CT: 0.3 ms]
   [Other: 0.8 ms]
      [Choose CSet: 0.0 ms]
      [Ref Proc: 0.2 ms]
      [Ref Enq: 0.0 ms]
      [Redirty Cards: 0.2 ms]
      [Humongous Register: 0.1 ms]
      [Humongous Reclaim: 0.0 ms]
      [Free CSet: 0.1 ms]
   [Eden: 8192.0K(269.0M)->0.0B(314.0M) Survivors: 41.0M->9216.0K Heap: 1055.8M(2048.0M)->1058.3M(2048.0M)]
 [Times: user=0.36 sys=0.00, real=0.05 secs] 
2020-09-29T12:23:52.905+0200: 193.060: [GC concurrent-root-region-scan-start]
2020-09-29T12:23:52.908+0200: 193.063: [GC concurrent-root-region-scan-end, 0.0026658 secs]
2020-09-29T12:23:52.908+0200: 193.063: [GC concurrent-mark-start]
2020-09-29T12:23:52.912+0200: 193.067: [GC concurrent-mark-end, 0.0039161 secs]
2020-09-29T12:23:52.912+0200: 193.067: [GC remark 2020-09-29T12:23:52.912+0200: 193.068: [Finalize Marking, 0.0002570 secs] 2020-09-29T12:23:52.912+0200: 193.068: [GC ref-proc, 0.0004142 secs] 2020-09-29T12:23:52.913+0200: 193.068: [Unloading, 0.0004497 secs], 0.0014888 secs]
 [Times: user=0.00 sys=0.00, real=0.00 secs] 
2020-09-29T12:23:52.914+0200: 193.070: [GC cleanup 1075M->33M(2048M), 0.0022375 secs]
 [Times: user=0.00 sys=0.00, real=0.00 secs] 
2020-09-29T12:23:52.917+0200: 193.072: [GC concurrent-cleanup-start]
2020-09-29T12:23:52.918+0200: 193.074: [GC concurrent-cleanup-end, 0.0018273 secs]
2020-09-29T12:23:53.100+0200: 193.255: [GC pause (G1 Evacuation Pause) (young), 0.1671147 secs]
   [Parallel Time: 165.9 ms, GC Workers: 8]
      [GC Worker Start (ms): Min: 193255.1, Avg: 193255.2, Max: 193255.2, Diff: 0.2]
      [Ext Root Scanning (ms): Min: 0.0, Avg: 0.1, Max: 0.2, Diff: 0.1, Sum: 0.5]
      [Update RS (ms): Min: 14.0, Avg: 14.1, Max: 14.4, Diff: 0.4, Sum: 112.6]
         [Processed Buffers: Min: 14, Avg: 15.8, Max: 18, Diff: 4, Sum: 126]
      [Scan RS (ms): Min: 16.2, Avg: 16.5, Max: 16.6, Diff: 0.4, Sum: 132.0]
      [Code Root Scanning (ms): Min: 0.0, Avg: 0.0, Max: 0.0, Diff: 0.0, Sum: 0.0]
      [Object Copy (ms): Min: 134.8, Avg: 134.9, Max: 135.1, Diff: 0.2, Sum: 1079.5]
      [Termination (ms): Min: 0.0, Avg: 0.1, Max: 0.2, Diff: 0.1, Sum: 0.9]
         [Termination Attempts: Min: 1, Avg: 760.5, Max: 963, Diff: 962, Sum: 6084]
      [GC Worker Other (ms): Min: 0.0, Avg: 0.0, Max: 0.1, Diff: 0.1, Sum: 0.3]
      [GC Worker Total (ms): Min: 165.6, Avg: 165.7, Max: 165.9, Diff: 0.2, Sum: 1325.9]
      [GC Worker End (ms): Min: 193420.9, Avg: 193420.9, Max: 193420.9, Diff: 0.1]
   [Code Root Fixup: 0.0 ms]
   [Code Root Purge: 0.0 ms]
   [Clear CT: 0.2 ms]
   [Other: 1.1 ms]
      [Choose CSet: 0.0 ms]
      [Ref Proc: 0.2 ms]
      [Ref Enq: 0.0 ms]
      [Redirty Cards: 0.2 ms]
      [Humongous Register: 0.0 ms]
      [Humongous Reclaim: 0.0 ms]
      [Free CSet: 0.3 ms]
   [Eden: 314.0M(314.0M)->0.0B(291.0M) Survivors: 9216.0K->41.0M Heap: 384.4M(2048.0M)->377.4M(2048.0M)]
 [Times: user=1.25 sys=0.00, real=0.17 secs] 
Heap
 garbage-first heap   total 2097152K, used 434307K [0x0000000080000000, 0x0000000080104000, 0x0000000100000000)
  region size 1024K, 83 young (84992K), 41 survivors (41984K)
 Metaspace       used 2594K, capacity 4486K, committed 4864K, reserved 1056768K
  class space    used 285K, capacity 386K, committed 512K, reserved 1048576K
