Java HotSpot(TM) 64-Bit Server VM (25.261-b12) for windows-amd64 JRE (1.8.0_261-b12), built on Jun 18 2020 06:56:32 by "" with unknown MS VC++:1916
Memory: 4k page, physical 16659684k(8051888k free), swap 23213284k(7634088k free)
CommandLine flags: -XX:InitialHeapSize=2147483648 -XX:MaxHeapSize=2147483648 -XX:+PrintGC -XX:+PrintGCDateStamps -XX:+PrintGCDetails -XX:+PrintGCTimeStamps -XX:+UseCompressedClassPointers -XX:+UseCompressedOops -XX:+UseG1GC -XX:-UseLargePagesIndividualAllocation 
2020-09-29T11:53:14.821+0200: 0.291: [GC pause (G1 Evacuation Pause) (young), 0.0842253 secs]
   [Parallel Time: 82.1 ms, GC Workers: 8]
      [GC Worker Start (ms): Min: 291.3, Avg: 291.4, Max: 291.5, Diff: 0.2]
      [Ext Root Scanning (ms): Min: 0.0, Avg: 0.2, Max: 0.3, Diff: 0.2, Sum: 1.3]
      [Update RS (ms): Min: 1.2, Avg: 1.6, Max: 2.3, Diff: 1.1, Sum: 13.0]
         [Processed Buffers: Min: 1, Avg: 1.8, Max: 3, Diff: 2, Sum: 14]
      [Scan RS (ms): Min: 10.1, Avg: 10.8, Max: 11.2, Diff: 1.0, Sum: 86.5]
      [Code Root Scanning (ms): Min: 0.0, Avg: 0.0, Max: 0.0, Diff: 0.0, Sum: 0.0]
      [Object Copy (ms): Min: 68.9, Avg: 69.2, Max: 69.2, Diff: 0.3, Sum: 553.2]
      [Termination (ms): Min: 0.0, Avg: 0.1, Max: 0.1, Diff: 0.1, Sum: 0.6]
         [Termination Attempts: Min: 1, Avg: 411.4, Max: 557, Diff: 556, Sum: 3291]
      [GC Worker Other (ms): Min: 0.1, Avg: 0.1, Max: 0.1, Diff: 0.1, Sum: 0.7]
      [GC Worker Total (ms): Min: 81.8, Avg: 81.9, Max: 82.0, Diff: 0.1, Sum: 655.2]
      [GC Worker End (ms): Min: 373.3, Avg: 373.3, Max: 373.3, Diff: 0.1]
   [Code Root Fixup: 0.0 ms]
   [Code Root Purge: 0.0 ms]
   [Clear CT: 0.9 ms]
   [Other: 1.2 ms]
      [Choose CSet: 0.0 ms]
      [Ref Proc: 0.2 ms]
      [Ref Enq: 0.0 ms]
      [Redirty Cards: 0.7 ms]
      [Humongous Register: 0.0 ms]
      [Humongous Reclaim: 0.0 ms]
      [Free CSet: 0.1 ms]
   [Eden: 102.0M(102.0M)->0.0B(89.0M) Survivors: 0.0B->13.0M Heap: 119.2M(2048.0M)->118.9M(2048.0M)]
 [Times: user=0.53 sys=0.09, real=0.08 secs] 
2020-09-29T11:53:14.976+0200: 0.446: [GC pause (G1 Evacuation Pause) (young), 0.0697450 secs]
   [Parallel Time: 69.0 ms, GC Workers: 8]
      [GC Worker Start (ms): Min: 446.4, Avg: 446.5, Max: 446.6, Diff: 0.2]
      [Ext Root Scanning (ms): Min: 0.0, Avg: 0.1, Max: 0.2, Diff: 0.2, Sum: 0.8]
      [Update RS (ms): Min: 0.2, Avg: 0.7, Max: 1.0, Diff: 0.9, Sum: 5.4]
         [Processed Buffers: Min: 1, Avg: 1.6, Max: 3, Diff: 2, Sum: 13]
      [Scan RS (ms): Min: 10.6, Avg: 11.0, Max: 11.4, Diff: 0.8, Sum: 88.1]
      [Code Root Scanning (ms): Min: 0.0, Avg: 0.0, Max: 0.0, Diff: 0.0, Sum: 0.1]
      [Object Copy (ms): Min: 56.8, Avg: 56.9, Max: 57.0, Diff: 0.2, Sum: 455.5]
      [Termination (ms): Min: 0.0, Avg: 0.0, Max: 0.0, Diff: 0.0, Sum: 0.1]
         [Termination Attempts: Min: 1, Avg: 34.8, Max: 46, Diff: 45, Sum: 278]
      [GC Worker Other (ms): Min: 0.0, Avg: 0.0, Max: 0.1, Diff: 0.0, Sum: 0.3]
      [GC Worker Total (ms): Min: 68.7, Avg: 68.8, Max: 68.8, Diff: 0.2, Sum: 550.1]
      [GC Worker End (ms): Min: 515.3, Avg: 515.3, Max: 515.3, Diff: 0.0]
   [Code Root Fixup: 0.0 ms]
   [Code Root Purge: 0.0 ms]
   [Clear CT: 0.1 ms]
   [Other: 0.7 ms]
      [Choose CSet: 0.0 ms]
      [Ref Proc: 0.1 ms]
      [Ref Enq: 0.0 ms]
      [Redirty Cards: 0.2 ms]
      [Humongous Register: 0.0 ms]
      [Humongous Reclaim: 0.0 ms]
      [Free CSet: 0.1 ms]
   [Eden: 89.0M(89.0M)->0.0B(89.0M) Survivors: 13.0M->13.0M Heap: 223.2M(2048.0M)->225.4M(2048.0M)]
 [Times: user=0.50 sys=0.00, real=0.07 secs] 
2020-09-29T11:53:15.118+0200: 0.588: [GC pause (G1 Evacuation Pause) (young), 0.0731745 secs]
   [Parallel Time: 72.2 ms, GC Workers: 8]
      [GC Worker Start (ms): Min: 587.9, Avg: 588.0, Max: 588.1, Diff: 0.2]
      [Ext Root Scanning (ms): Min: 0.0, Avg: 0.1, Max: 0.2, Diff: 0.2, Sum: 0.8]
      [Update RS (ms): Min: 0.2, Avg: 0.5, Max: 1.2, Diff: 1.0, Sum: 4.1]
         [Processed Buffers: Min: 1, Avg: 1.6, Max: 2, Diff: 1, Sum: 13]
      [Scan RS (ms): Min: 9.7, Avg: 10.4, Max: 10.9, Diff: 1.2, Sum: 83.1]
      [Code Root Scanning (ms): Min: 0.0, Avg: 0.0, Max: 0.0, Diff: 0.0, Sum: 0.0]
      [Object Copy (ms): Min: 60.8, Avg: 61.0, Max: 61.0, Diff: 0.2, Sum: 487.9]
      [Termination (ms): Min: 0.0, Avg: 0.0, Max: 0.0, Diff: 0.0, Sum: 0.1]
         [Termination Attempts: Min: 1, Avg: 35.8, Max: 48, Diff: 47, Sum: 286]
      [GC Worker Other (ms): Min: 0.0, Avg: 0.0, Max: 0.0, Diff: 0.0, Sum: 0.2]
      [GC Worker Total (ms): Min: 71.9, Avg: 72.0, Max: 72.1, Diff: 0.2, Sum: 576.2]
      [GC Worker End (ms): Min: 660.0, Avg: 660.0, Max: 660.0, Diff: 0.0]
   [Code Root Fixup: 0.0 ms]
   [Code Root Purge: 0.0 ms]
   [Clear CT: 0.2 ms]
   [Other: 0.8 ms]
      [Choose CSet: 0.0 ms]
      [Ref Proc: 0.2 ms]
      [Ref Enq: 0.0 ms]
      [Redirty Cards: 0.2 ms]
      [Humongous Register: 0.0 ms]
      [Humongous Reclaim: 0.0 ms]
      [Free CSet: 0.1 ms]
   [Eden: 89.0M(89.0M)->0.0B(89.0M) Survivors: 13.0M->13.0M Heap: 329.7M(2048.0M)->331.2M(2048.0M)]
 [Times: user=0.36 sys=0.08, real=0.07 secs] 
2020-09-29T11:53:15.277+0200: 0.747: [GC pause (G1 Evacuation Pause) (young), 0.0986647 secs]
   [Parallel Time: 97.7 ms, GC Workers: 8]
      [GC Worker Start (ms): Min: 747.3, Avg: 749.7, Max: 759.1, Diff: 11.7]
      [Ext Root Scanning (ms): Min: 0.0, Avg: 0.1, Max: 0.1, Diff: 0.1, Sum: 0.6]
      [Update RS (ms): Min: 0.0, Avg: 1.2, Max: 2.1, Diff: 2.1, Sum: 9.6]
         [Processed Buffers: Min: 0, Avg: 3.0, Max: 9, Diff: 9, Sum: 24]
      [Scan RS (ms): Min: 4.7, Avg: 12.8, Max: 14.3, Diff: 9.7, Sum: 102.3]
      [Code Root Scanning (ms): Min: 0.0, Avg: 0.0, Max: 0.0, Diff: 0.0, Sum: 0.0]
      [Object Copy (ms): Min: 80.1, Avg: 81.2, Max: 81.4, Diff: 1.3, Sum: 649.4]
      [Termination (ms): Min: 0.0, Avg: 0.0, Max: 0.0, Diff: 0.0, Sum: 0.1]
         [Termination Attempts: Min: 1, Avg: 61.4, Max: 81, Diff: 80, Sum: 491]
      [GC Worker Other (ms): Min: 0.0, Avg: 0.0, Max: 0.1, Diff: 0.1, Sum: 0.3]
      [GC Worker Total (ms): Min: 85.9, Avg: 95.3, Max: 97.7, Diff: 11.7, Sum: 762.3]
      [GC Worker End (ms): Min: 845.0, Avg: 845.0, Max: 845.0, Diff: 0.0]
   [Code Root Fixup: 0.0 ms]
   [Code Root Purge: 0.0 ms]
   [Clear CT: 0.2 ms]
   [Other: 0.8 ms]
      [Choose CSet: 0.0 ms]
      [Ref Proc: 0.2 ms]
      [Ref Enq: 0.0 ms]
      [Redirty Cards: 0.2 ms]
      [Humongous Register: 0.0 ms]
      [Humongous Reclaim: 0.0 ms]
      [Free CSet: 0.1 ms]
   [Eden: 89.0M(89.0M)->0.0B(89.0M) Survivors: 13.0M->13.0M Heap: 435.4M(2048.0M)->436.9M(2048.0M)]
 [Times: user=0.66 sys=0.03, real=0.10 secs] 
2020-09-29T11:53:15.453+0200: 0.923: [GC pause (G1 Evacuation Pause) (young), 0.0793653 secs]
   [Parallel Time: 78.4 ms, GC Workers: 8]
      [GC Worker Start (ms): Min: 923.2, Avg: 923.2, Max: 923.3, Diff: 0.2]
      [Ext Root Scanning (ms): Min: 0.0, Avg: 0.1, Max: 0.2, Diff: 0.2, Sum: 0.7]
      [Update RS (ms): Min: 1.1, Avg: 1.6, Max: 2.1, Diff: 1.0, Sum: 12.6]
         [Processed Buffers: Min: 1, Avg: 1.8, Max: 2, Diff: 1, Sum: 14]
      [Scan RS (ms): Min: 8.6, Avg: 9.1, Max: 9.6, Diff: 1.0, Sum: 73.1]
      [Code Root Scanning (ms): Min: 0.0, Avg: 0.0, Max: 0.0, Diff: 0.0, Sum: 0.0]
      [Object Copy (ms): Min: 67.1, Avg: 67.2, Max: 67.4, Diff: 0.3, Sum: 537.8]
      [Termination (ms): Min: 0.0, Avg: 0.2, Max: 0.4, Diff: 0.3, Sum: 1.7]
         [Termination Attempts: Min: 1, Avg: 1297.4, Max: 2090, Diff: 2089, Sum: 10379]
      [GC Worker Other (ms): Min: 0.0, Avg: 0.0, Max: 0.0, Diff: 0.0, Sum: 0.1]
      [GC Worker Total (ms): Min: 78.1, Avg: 78.3, Max: 78.3, Diff: 0.2, Sum: 626.0]
      [GC Worker End (ms): Min: 1001.5, Avg: 1001.5, Max: 1001.5, Diff: 0.1]
   [Code Root Fixup: 0.0 ms]
   [Code Root Purge: 0.0 ms]
   [Clear CT: 0.2 ms]
   [Other: 0.8 ms]
      [Choose CSet: 0.0 ms]
      [Ref Proc: 0.2 ms]
      [Ref Enq: 0.0 ms]
      [Redirty Cards: 0.2 ms]
      [Humongous Register: 0.1 ms]
      [Humongous Reclaim: 0.0 ms]
      [Free CSet: 0.1 ms]
   [Eden: 89.0M(89.0M)->0.0B(89.0M) Survivors: 13.0M->13.0M Heap: 539.3M(2048.0M)->541.3M(2048.0M)]
 [Times: user=0.52 sys=0.06, real=0.08 secs] 
2020-09-29T11:53:15.608+0200: 1.078: [GC pause (G1 Evacuation Pause) (young), 0.0695347 secs]
   [Parallel Time: 68.7 ms, GC Workers: 8]
      [GC Worker Start (ms): Min: 1078.2, Avg: 1079.2, Max: 1085.7, Diff: 7.5]
      [Ext Root Scanning (ms): Min: 0.0, Avg: 0.1, Max: 0.1, Diff: 0.1, Sum: 0.6]
      [Update RS (ms): Min: 0.0, Avg: 1.2, Max: 1.9, Diff: 1.9, Sum: 9.5]
         [Processed Buffers: Min: 0, Avg: 1.9, Max: 3, Diff: 3, Sum: 15]
      [Scan RS (ms): Min: 4.5, Avg: 10.1, Max: 12.2, Diff: 7.6, Sum: 81.2]
      [Code Root Scanning (ms): Min: 0.0, Avg: 0.0, Max: 0.0, Diff: 0.0, Sum: 0.0]
      [Object Copy (ms): Min: 54.6, Avg: 56.2, Max: 56.5, Diff: 1.9, Sum: 449.5]
      [Termination (ms): Min: 0.0, Avg: 0.0, Max: 0.0, Diff: 0.0, Sum: 0.0]
         [Termination Attempts: Min: 1, Avg: 1.0, Max: 1, Diff: 0, Sum: 8]
      [GC Worker Other (ms): Min: 0.0, Avg: 0.0, Max: 0.1, Diff: 0.0, Sum: 0.2]
      [GC Worker Total (ms): Min: 61.1, Avg: 67.6, Max: 68.6, Diff: 7.5, Sum: 540.9]
      [GC Worker End (ms): Min: 1146.8, Avg: 1146.8, Max: 1146.8, Diff: 0.0]
   [Code Root Fixup: 0.0 ms]
   [Code Root Purge: 0.0 ms]
   [Clear CT: 0.2 ms]
   [Other: 0.7 ms]
      [Choose CSet: 0.0 ms]
      [Ref Proc: 0.2 ms]
      [Ref Enq: 0.0 ms]
      [Redirty Cards: 0.1 ms]
      [Humongous Register: 0.0 ms]
      [Humongous Reclaim: 0.0 ms]
      [Free CSet: 0.1 ms]
   [Eden: 89.0M(89.0M)->0.0B(89.0M) Survivors: 13.0M->13.0M Heap: 645.6M(2048.0M)->648.1M(2048.0M)]
 [Times: user=0.45 sys=0.16, real=0.07 secs] 
2020-09-29T11:53:15.743+0200: 1.212: [GC pause (G1 Evacuation Pause) (young), 0.0689877 secs]
   [Parallel Time: 68.1 ms, GC Workers: 8]
      [GC Worker Start (ms): Min: 1212.6, Avg: 1212.6, Max: 1212.7, Diff: 0.1]
      [Ext Root Scanning (ms): Min: 0.0, Avg: 0.1, Max: 0.1, Diff: 0.1, Sum: 0.7]
      [Update RS (ms): Min: 1.0, Avg: 1.1, Max: 1.1, Diff: 0.1, Sum: 8.4]
         [Processed Buffers: Min: 1, Avg: 2.0, Max: 6, Diff: 5, Sum: 16]
      [Scan RS (ms): Min: 9.9, Avg: 10.0, Max: 10.2, Diff: 0.3, Sum: 80.1]
      [Code Root Scanning (ms): Min: 0.0, Avg: 0.0, Max: 0.0, Diff: 0.0, Sum: 0.0]
      [Object Copy (ms): Min: 56.6, Avg: 56.7, Max: 56.7, Diff: 0.2, Sum: 453.4]
      [Termination (ms): Min: 0.1, Avg: 0.1, Max: 0.1, Diff: 0.1, Sum: 0.9]
         [Termination Attempts: Min: 1, Avg: 560.4, Max: 682, Diff: 681, Sum: 4483]
      [GC Worker Other (ms): Min: 0.0, Avg: 0.0, Max: 0.0, Diff: 0.0, Sum: 0.1]
      [GC Worker Total (ms): Min: 67.9, Avg: 67.9, Max: 68.0, Diff: 0.1, Sum: 543.6]
      [GC Worker End (ms): Min: 1280.6, Avg: 1280.6, Max: 1280.6, Diff: 0.0]
   [Code Root Fixup: 0.0 ms]
   [Code Root Purge: 0.0 ms]
   [Clear CT: 0.2 ms]
   [Other: 0.7 ms]
      [Choose CSet: 0.0 ms]
      [Ref Proc: 0.1 ms]
      [Ref Enq: 0.0 ms]
      [Redirty Cards: 0.2 ms]
      [Humongous Register: 0.1 ms]
      [Humongous Reclaim: 0.0 ms]
      [Free CSet: 0.1 ms]
   [Eden: 89.0M(89.0M)->0.0B(89.0M) Survivors: 13.0M->13.0M Heap: 752.3M(2048.0M)->754.3M(2048.0M)]
 [Times: user=0.44 sys=0.03, real=0.07 secs] 
2020-09-29T11:53:15.882+0200: 1.352: [GC pause (G1 Evacuation Pause) (young), 0.0983734 secs]
   [Parallel Time: 97.4 ms, GC Workers: 8]
      [GC Worker Start (ms): Min: 1351.9, Avg: 1353.4, Max: 1362.5, Diff: 10.6]
      [Ext Root Scanning (ms): Min: 0.0, Avg: 0.1, Max: 0.2, Diff: 0.2, Sum: 0.8]
      [Update RS (ms): Min: 0.0, Avg: 1.7, Max: 2.4, Diff: 2.4, Sum: 13.8]
         [Processed Buffers: Min: 0, Avg: 3.1, Max: 6, Diff: 6, Sum: 25]
      [Scan RS (ms): Min: 2.2, Avg: 11.9, Max: 30.1, Diff: 27.9, Sum: 94.9]
      [Code Root Scanning (ms): Min: 0.0, Avg: 0.0, Max: 0.0, Diff: 0.0, Sum: 0.0]
      [Object Copy (ms): Min: 64.3, Avg: 81.6, Max: 84.4, Diff: 20.1, Sum: 652.9]
      [Termination (ms): Min: 0.1, Avg: 0.4, Max: 0.5, Diff: 0.4, Sum: 2.8]
         [Termination Attempts: Min: 1, Avg: 1807.8, Max: 2287, Diff: 2286, Sum: 14462]
      [GC Worker Other (ms): Min: 0.0, Avg: 0.1, Max: 0.1, Diff: 0.1, Sum: 0.5]
      [GC Worker Total (ms): Min: 86.7, Avg: 95.7, Max: 97.2, Diff: 10.6, Sum: 765.8]
      [GC Worker End (ms): Min: 1449.1, Avg: 1449.1, Max: 1449.2, Diff: 0.1]
   [Code Root Fixup: 0.0 ms]
   [Code Root Purge: 0.0 ms]
   [Clear CT: 0.2 ms]
   [Other: 0.8 ms]
      [Choose CSet: 0.0 ms]
      [Ref Proc: 0.3 ms]
      [Ref Enq: 0.0 ms]
      [Redirty Cards: 0.2 ms]
      [Humongous Register: 0.1 ms]
      [Humongous Reclaim: 0.0 ms]
      [Free CSet: 0.1 ms]
   [Eden: 89.0M(89.0M)->0.0B(89.0M) Survivors: 13.0M->13.0M Heap: 858.6M(2048.0M)->861.1M(2048.0M)]
 [Times: user=0.59 sys=0.06, real=0.10 secs] 
2020-09-29T11:53:16.060+0200: 1.529: [GC pause (G1 Evacuation Pause) (young), 0.1064514 secs]
   [Parallel Time: 105.5 ms, GC Workers: 8]
      [GC Worker Start (ms): Min: 1529.5, Avg: 1529.6, Max: 1529.6, Diff: 0.2]
      [Ext Root Scanning (ms): Min: 0.0, Avg: 0.1, Max: 0.1, Diff: 0.1, Sum: 0.7]
      [Update RS (ms): Min: 3.1, Avg: 4.1, Max: 9.8, Diff: 6.6, Sum: 32.8]
         [Processed Buffers: Min: 0, Avg: 4.0, Max: 8, Diff: 8, Sum: 32]
      [Scan RS (ms): Min: 4.5, Avg: 10.2, Max: 11.3, Diff: 6.8, Sum: 82.0]
      [Code Root Scanning (ms): Min: 0.0, Avg: 0.0, Max: 0.0, Diff: 0.0, Sum: 0.0]
      [Object Copy (ms): Min: 90.3, Avg: 90.7, Max: 90.9, Diff: 0.6, Sum: 725.2]
      [Termination (ms): Min: 0.1, Avg: 0.3, Max: 0.3, Diff: 0.3, Sum: 2.1]
         [Termination Attempts: Min: 1, Avg: 1241.5, Max: 1663, Diff: 1662, Sum: 9932]
      [GC Worker Other (ms): Min: 0.0, Avg: 0.0, Max: 0.0, Diff: 0.0, Sum: 0.1]
      [GC Worker Total (ms): Min: 105.3, Avg: 105.4, Max: 105.4, Diff: 0.1, Sum: 842.9]
      [GC Worker End (ms): Min: 1634.9, Avg: 1634.9, Max: 1634.9, Diff: 0.0]
   [Code Root Fixup: 0.0 ms]
   [Code Root Purge: 0.0 ms]
   [Clear CT: 0.2 ms]
   [Other: 0.8 ms]
      [Choose CSet: 0.0 ms]
      [Ref Proc: 0.2 ms]
      [Ref Enq: 0.0 ms]
      [Redirty Cards: 0.2 ms]
      [Humongous Register: 0.1 ms]
      [Humongous Reclaim: 0.0 ms]
      [Free CSet: 0.1 ms]
   [Eden: 89.0M(89.0M)->0.0B(89.0M) Survivors: 13.0M->13.0M Heap: 965.3M(2048.0M)->967.8M(2048.0M)]
 [Times: user=0.77 sys=0.00, real=0.11 secs] 
2020-09-29T11:53:16.185+0200: 1.654: [GC pause (G1 Humongous Allocation) (young) (initial-mark), 0.0243525 secs]
   [Parallel Time: 23.4 ms, GC Workers: 8]
      [GC Worker Start (ms): Min: 1654.6, Avg: 1654.7, Max: 1654.8, Diff: 0.2]
      [Ext Root Scanning (ms): Min: 0.0, Avg: 4.8, Max: 23.0, Diff: 23.0, Sum: 38.7]
      [Update RS (ms): Min: 0.0, Avg: 2.1, Max: 3.1, Diff: 3.0, Sum: 16.8]
         [Processed Buffers: Min: 0, Avg: 2.5, Max: 4, Diff: 4, Sum: 20]
      [Scan RS (ms): Min: 0.0, Avg: 1.0, Max: 1.7, Diff: 1.7, Sum: 8.0]
      [Code Root Scanning (ms): Min: 0.0, Avg: 0.0, Max: 0.0, Diff: 0.0, Sum: 0.0]
      [Object Copy (ms): Min: 0.0, Avg: 15.1, Max: 18.8, Diff: 18.8, Sum: 120.6]
      [Termination (ms): Min: 0.0, Avg: 0.1, Max: 0.1, Diff: 0.1, Sum: 0.6]
         [Termination Attempts: Min: 1, Avg: 127.1, Max: 180, Diff: 179, Sum: 1017]
      [GC Worker Other (ms): Min: 0.0, Avg: 0.0, Max: 0.0, Diff: 0.0, Sum: 0.1]
      [GC Worker Total (ms): Min: 23.0, Avg: 23.1, Max: 23.2, Diff: 0.2, Sum: 184.8]
      [GC Worker End (ms): Min: 1677.8, Avg: 1677.8, Max: 1677.8, Diff: 0.0]
   [Code Root Fixup: 0.0 ms]
   [Code Root Purge: 0.0 ms]
   [Clear CT: 0.2 ms]
   [Other: 0.8 ms]
      [Choose CSet: 0.0 ms]
      [Ref Proc: 0.1 ms]
      [Ref Enq: 0.0 ms]
      [Redirty Cards: 0.3 ms]
      [Humongous Register: 0.0 ms]
      [Humongous Reclaim: 0.0 ms]
      [Free CSet: 0.0 ms]
   [Eden: 12.0M(89.0M)->0.0B(89.0M) Survivors: 13.0M->13.0M Heap: 979.3M(2048.0M)->982.8M(2048.0M)]
 [Times: user=0.17 sys=0.02, real=0.02 secs] 
2020-09-29T11:53:16.209+0200: 1.679: [GC concurrent-root-region-scan-start]
2020-09-29T11:53:16.214+0200: 1.684: [GC concurrent-root-region-scan-end, 0.0047721 secs]
2020-09-29T11:53:16.214+0200: 1.684: [GC concurrent-mark-start]
2020-09-29T11:53:16.220+0200: 1.690: [GC concurrent-mark-end, 0.0062021 secs]
2020-09-29T11:53:16.220+0200: 1.690: [GC remark 2020-09-29T11:53:16.221+0200: 1.690: [Finalize Marking, 0.0004001 secs] 2020-09-29T11:53:16.221+0200: 1.691: [GC ref-proc, 0.0003663 secs] 2020-09-29T11:53:16.221+0200: 1.691: [Unloading, 0.0006870 secs], 0.0019828 secs]
 [Times: user=0.00 sys=0.00, real=0.00 secs] 
2020-09-29T11:53:16.223+0200: 1.694: [GC cleanup 998M->40M(2048M), 0.0015749 secs]
 [Times: user=0.00 sys=0.00, real=0.00 secs] 
2020-09-29T11:53:16.225+0200: 1.695: [GC concurrent-cleanup-start]
2020-09-29T11:53:16.226+0200: 1.697: [GC concurrent-cleanup-end, 0.0014686 secs]
2020-09-29T11:53:16.281+0200: 1.751: [GC pause (G1 Evacuation Pause) (young), 0.0862351 secs]
   [Parallel Time: 85.0 ms, GC Workers: 8]
      [GC Worker Start (ms): Min: 1751.1, Avg: 1752.0, Max: 1757.5, Diff: 6.4]
      [Ext Root Scanning (ms): Min: 0.0, Avg: 0.1, Max: 0.2, Diff: 0.2, Sum: 0.7]
      [Update RS (ms): Min: 0.0, Avg: 2.6, Max: 3.6, Diff: 3.6, Sum: 21.0]
         [Processed Buffers: Min: 0, Avg: 2.5, Max: 4, Diff: 4, Sum: 20]
      [Scan RS (ms): Min: 8.0, Avg: 12.3, Max: 23.0, Diff: 14.9, Sum: 98.1]
      [Code Root Scanning (ms): Min: 0.0, Avg: 0.0, Max: 0.0, Diff: 0.0, Sum: 0.0]
      [Object Copy (ms): Min: 59.0, Avg: 68.9, Max: 70.5, Diff: 11.5, Sum: 551.2]
      [Termination (ms): Min: 0.0, Avg: 0.1, Max: 0.2, Diff: 0.2, Sum: 1.2]
         [Termination Attempts: Min: 1, Avg: 460.8, Max: 643, Diff: 642, Sum: 3686]
      [GC Worker Other (ms): Min: 0.0, Avg: 0.0, Max: 0.0, Diff: 0.0, Sum: 0.1]
      [GC Worker Total (ms): Min: 78.6, Avg: 84.0, Max: 85.0, Diff: 6.4, Sum: 672.3]
      [GC Worker End (ms): Min: 1836.0, Avg: 1836.1, Max: 1836.1, Diff: 0.0]
   [Code Root Fixup: 0.0 ms]
   [Code Root Purge: 0.0 ms]
   [Clear CT: 0.2 ms]
   [Other: 1.0 ms]
      [Choose CSet: 0.0 ms]
      [Ref Proc: 0.3 ms]
      [Ref Enq: 0.0 ms]
      [Redirty Cards: 0.2 ms]
      [Humongous Register: 0.1 ms]
      [Humongous Reclaim: 0.0 ms]
      [Free CSet: 0.1 ms]
   [Eden: 89.0M(89.0M)->0.0B(99.0M) Survivors: 13.0M->13.0M Heap: 129.3M(2048.0M)->118.3M(2048.0M)]
 [Times: user=0.59 sys=0.02, real=0.09 secs] 
2020-09-29T11:53:16.441+0200: 1.911: [GC pause (G1 Evacuation Pause) (young), 0.1387028 secs]
   [Parallel Time: 137.5 ms, GC Workers: 8]
      [GC Worker Start (ms): Min: 1911.5, Avg: 1911.6, Max: 1911.7, Diff: 0.2]
      [Ext Root Scanning (ms): Min: 0.0, Avg: 0.1, Max: 0.2, Diff: 0.2, Sum: 0.6]
      [Update RS (ms): Min: 2.5, Avg: 3.3, Max: 7.3, Diff: 4.8, Sum: 26.1]
         [Processed Buffers: Min: 0, Avg: 2.9, Max: 7, Diff: 7, Sum: 23]
      [Scan RS (ms): Min: 9.2, Avg: 13.0, Max: 13.9, Diff: 4.6, Sum: 104.4]
      [Code Root Scanning (ms): Min: 0.0, Avg: 0.0, Max: 0.0, Diff: 0.0, Sum: 0.0]
      [Object Copy (ms): Min: 119.6, Avg: 119.9, Max: 120.9, Diff: 1.3, Sum: 959.6]
      [Termination (ms): Min: 0.0, Avg: 0.9, Max: 1.1, Diff: 1.1, Sum: 6.9]
         [Termination Attempts: Min: 1, Avg: 4224.0, Max: 5180, Diff: 5179, Sum: 33792]
      [GC Worker Other (ms): Min: 0.0, Avg: 0.0, Max: 0.1, Diff: 0.0, Sum: 0.4]
      [GC Worker Total (ms): Min: 137.2, Avg: 137.2, Max: 137.3, Diff: 0.2, Sum: 1098.0]
      [GC Worker End (ms): Min: 2048.8, Avg: 2048.8, Max: 2048.9, Diff: 0.0]
   [Code Root Fixup: 0.0 ms]
   [Code Root Purge: 0.0 ms]
   [Clear CT: 0.2 ms]
   [Other: 1.0 ms]
      [Choose CSet: 0.0 ms]
      [Ref Proc: 0.2 ms]
      [Ref Enq: 0.0 ms]
      [Redirty Cards: 0.4 ms]
      [Humongous Register: 0.0 ms]
      [Humongous Reclaim: 0.0 ms]
      [Free CSet: 0.1 ms]
   [Eden: 99.0M(99.0M)->0.0B(99.0M) Survivors: 13.0M->14.0M Heap: 234.4M(2048.0M)->236.9M(2048.0M)]
 [Times: user=0.94 sys=0.03, real=0.14 secs] 
2020-09-29T11:53:16.667+0200: 2.137: [GC pause (G1 Evacuation Pause) (young), 0.1334231 secs]
   [Parallel Time: 132.2 ms, GC Workers: 8]
      [GC Worker Start (ms): Min: 2137.3, Avg: 2137.5, Max: 2138.6, Diff: 1.4]
      [Ext Root Scanning (ms): Min: 0.0, Avg: 0.1, Max: 0.2, Diff: 0.2, Sum: 0.8]
      [Update RS (ms): Min: 3.3, Avg: 6.0, Max: 12.8, Diff: 9.5, Sum: 47.8]
         [Processed Buffers: Min: 0, Avg: 4.8, Max: 9, Diff: 9, Sum: 38]
      [Scan RS (ms): Min: 8.1, Avg: 15.1, Max: 22.6, Diff: 14.5, Sum: 120.8]
      [Code Root Scanning (ms): Min: 0.0, Avg: 0.0, Max: 0.0, Diff: 0.0, Sum: 0.0]
      [Object Copy (ms): Min: 96.3, Avg: 110.5, Max: 112.8, Diff: 16.6, Sum: 884.0]
      [Termination (ms): Min: 0.0, Avg: 0.2, Max: 0.4, Diff: 0.4, Sum: 1.7]
         [Termination Attempts: Min: 1, Avg: 690.5, Max: 1041, Diff: 1040, Sum: 5524]
      [GC Worker Other (ms): Min: 0.0, Avg: 0.0, Max: 0.0, Diff: 0.0, Sum: 0.1]
      [GC Worker Total (ms): Min: 130.8, Avg: 131.9, Max: 132.1, Diff: 1.4, Sum: 1055.2]
      [GC Worker End (ms): Min: 2269.4, Avg: 2269.4, Max: 2269.4, Diff: 0.0]
   [Code Root Fixup: 0.0 ms]
   [Code Root Purge: 0.0 ms]
   [Clear CT: 0.2 ms]
   [Other: 1.0 ms]
      [Choose CSet: 0.0 ms]
      [Ref Proc: 0.3 ms]
      [Ref Enq: 0.0 ms]
      [Redirty Cards: 0.2 ms]
      [Humongous Register: 0.1 ms]
      [Humongous Reclaim: 0.0 ms]
      [Free CSet: 0.1 ms]
   [Eden: 99.0M(99.0M)->0.0B(102.0M) Survivors: 14.0M->15.0M Heap: 353.1M(2048.0M)->355.6M(2048.0M)]
 [Times: user=0.80 sys=0.05, real=0.13 secs] 
2020-09-29T11:53:16.889+0200: 2.359: [GC pause (G1 Evacuation Pause) (young), 0.1074210 secs]
   [Parallel Time: 106.4 ms, GC Workers: 8]
      [GC Worker Start (ms): Min: 2359.4, Avg: 2359.5, Max: 2359.6, Diff: 0.2]
      [Ext Root Scanning (ms): Min: 0.0, Avg: 0.1, Max: 0.2, Diff: 0.1, Sum: 0.7]
      [Update RS (ms): Min: 3.4, Avg: 4.8, Max: 11.6, Diff: 8.1, Sum: 38.1]
         [Processed Buffers: Min: 0, Avg: 3.0, Max: 5, Diff: 5, Sum: 24]
      [Scan RS (ms): Min: 7.1, Avg: 13.7, Max: 15.0, Diff: 7.9, Sum: 109.6]
      [Code Root Scanning (ms): Min: 0.0, Avg: 0.0, Max: 0.0, Diff: 0.0, Sum: 0.0]
      [Object Copy (ms): Min: 87.2, Avg: 87.5, Max: 87.6, Diff: 0.3, Sum: 699.8]
      [Termination (ms): Min: 0.0, Avg: 0.0, Max: 0.1, Diff: 0.1, Sum: 0.4]
         [Termination Attempts: Min: 1, Avg: 239.0, Max: 336, Diff: 335, Sum: 1912]
      [GC Worker Other (ms): Min: 0.0, Avg: 0.0, Max: 0.1, Diff: 0.0, Sum: 0.3]
      [GC Worker Total (ms): Min: 106.0, Avg: 106.1, Max: 106.2, Diff: 0.2, Sum: 848.8]
      [GC Worker End (ms): Min: 2465.6, Avg: 2465.6, Max: 2465.6, Diff: 0.0]
   [Code Root Fixup: 0.0 ms]
   [Code Root Purge: 0.0 ms]
   [Clear CT: 0.2 ms]
   [Other: 0.8 ms]
      [Choose CSet: 0.0 ms]
      [Ref Proc: 0.2 ms]
      [Ref Enq: 0.0 ms]
      [Redirty Cards: 0.2 ms]
      [Humongous Register: 0.0 ms]
      [Humongous Reclaim: 0.0 ms]
      [Free CSet: 0.1 ms]
   [Eden: 102.0M(102.0M)->0.0B(114.0M) Survivors: 15.0M->15.0M Heap: 472.9M(2048.0M)->475.4M(2048.0M)]
 [Times: user=0.75 sys=0.03, real=0.11 secs] 
2020-09-29T11:53:17.086+0200: 2.556: [GC pause (G1 Evacuation Pause) (young), 0.1123033 secs]
   [Parallel Time: 111.2 ms, GC Workers: 8]
      [GC Worker Start (ms): Min: 2556.3, Avg: 2556.3, Max: 2556.4, Diff: 0.1]
      [Ext Root Scanning (ms): Min: 0.0, Avg: 0.1, Max: 0.2, Diff: 0.1, Sum: 0.8]
      [Update RS (ms): Min: 3.5, Avg: 3.6, Max: 3.9, Diff: 0.4, Sum: 29.0]
         [Processed Buffers: Min: 3, Avg: 3.3, Max: 4, Diff: 1, Sum: 26]
      [Scan RS (ms): Min: 14.1, Avg: 14.4, Max: 14.7, Diff: 0.6, Sum: 115.6]
      [Code Root Scanning (ms): Min: 0.0, Avg: 0.0, Max: 0.0, Diff: 0.0, Sum: 0.0]
      [Object Copy (ms): Min: 92.4, Avg: 92.6, Max: 92.7, Diff: 0.3, Sum: 740.8]
      [Termination (ms): Min: 0.0, Avg: 0.1, Max: 0.2, Diff: 0.2, Sum: 1.0]
         [Termination Attempts: Min: 1, Avg: 551.3, Max: 730, Diff: 729, Sum: 4410]
      [GC Worker Other (ms): Min: 0.0, Avg: 0.0, Max: 0.1, Diff: 0.0, Sum: 0.3]
      [GC Worker Total (ms): Min: 110.9, Avg: 110.9, Max: 111.0, Diff: 0.1, Sum: 887.4]
      [GC Worker End (ms): Min: 2667.2, Avg: 2667.3, Max: 2667.3, Diff: 0.0]
   [Code Root Fixup: 0.0 ms]
   [Code Root Purge: 0.0 ms]
   [Clear CT: 0.2 ms]
   [Other: 0.9 ms]
      [Choose CSet: 0.0 ms]
      [Ref Proc: 0.2 ms]
      [Ref Enq: 0.0 ms]
      [Redirty Cards: 0.2 ms]
      [Humongous Register: 0.0 ms]
      [Humongous Reclaim: 0.0 ms]
      [Free CSet: 0.1 ms]
   [Eden: 114.0M(114.0M)->0.0B(125.0M) Survivors: 15.0M->17.0M Heap: 608.4M(2048.0M)->610.9M(2048.0M)]
 [Times: user=0.80 sys=0.02, real=0.11 secs] 
2020-09-29T11:53:17.301+0200: 2.771: [GC pause (G1 Evacuation Pause) (young), 0.1466224 secs]
   [Parallel Time: 145.5 ms, GC Workers: 8]
      [GC Worker Start (ms): Min: 2771.2, Avg: 2771.2, Max: 2771.4, Diff: 0.2]
      [Ext Root Scanning (ms): Min: 0.0, Avg: 0.1, Max: 0.2, Diff: 0.2, Sum: 0.7]
      [Update RS (ms): Min: 3.7, Avg: 4.1, Max: 4.7, Diff: 1.0, Sum: 32.8]
         [Processed Buffers: Min: 3, Avg: 3.5, Max: 5, Diff: 2, Sum: 28]
      [Scan RS (ms): Min: 15.3, Avg: 16.0, Max: 16.7, Diff: 1.5, Sum: 127.9]
      [Code Root Scanning (ms): Min: 0.0, Avg: 0.0, Max: 0.0, Diff: 0.0, Sum: 0.0]
      [Object Copy (ms): Min: 123.2, Avg: 124.1, Max: 125.0, Diff: 1.8, Sum: 992.9]
      [Termination (ms): Min: 0.1, Avg: 1.0, Max: 1.3, Diff: 1.2, Sum: 7.7]
         [Termination Attempts: Min: 1, Avg: 4339.8, Max: 5706, Diff: 5705, Sum: 34718]
      [GC Worker Other (ms): Min: 0.0, Avg: 0.0, Max: 0.0, Diff: 0.0, Sum: 0.1]
      [GC Worker Total (ms): Min: 145.1, Avg: 145.3, Max: 145.4, Diff: 0.2, Sum: 1162.2]
      [GC Worker End (ms): Min: 2916.5, Avg: 2916.5, Max: 2916.5, Diff: 0.0]
   [Code Root Fixup: 0.0 ms]
   [Code Root Purge: 0.0 ms]
   [Clear CT: 0.2 ms]
   [Other: 1.0 ms]
      [Choose CSet: 0.0 ms]
      [Ref Proc: 0.2 ms]
      [Ref Enq: 0.0 ms]
      [Redirty Cards: 0.3 ms]
      [Humongous Register: 0.1 ms]
      [Humongous Reclaim: 0.0 ms]
      [Free CSet: 0.2 ms]
   [Eden: 125.0M(125.0M)->0.0B(128.0M) Survivors: 17.0M->18.0M Heap: 756.9M(2048.0M)->758.9M(2048.0M)]
 [Times: user=0.97 sys=0.05, real=0.15 secs] 
2020-09-29T11:53:17.553+0200: 3.023: [GC pause (G1 Evacuation Pause) (young), 0.1563321 secs]
   [Parallel Time: 155.1 ms, GC Workers: 8]
      [GC Worker Start (ms): Min: 3023.1, Avg: 3024.2, Max: 3031.6, Diff: 8.5]
      [Ext Root Scanning (ms): Min: 0.0, Avg: 0.1, Max: 0.2, Diff: 0.2, Sum: 0.9]
      [Update RS (ms): Min: 0.0, Avg: 4.5, Max: 5.5, Diff: 5.5, Sum: 36.0]
         [Processed Buffers: Min: 0, Avg: 5.8, Max: 8, Diff: 8, Sum: 46]
      [Scan RS (ms): Min: 19.2, Avg: 20.2, Max: 24.5, Diff: 5.3, Sum: 161.8]
      [Code Root Scanning (ms): Min: 0.0, Avg: 0.0, Max: 0.0, Diff: 0.0, Sum: 0.0]
      [Object Copy (ms): Min: 121.5, Avg: 128.6, Max: 129.7, Diff: 8.2, Sum: 1028.8]
      [Termination (ms): Min: 0.1, Avg: 0.4, Max: 0.6, Diff: 0.6, Sum: 2.9]
         [Termination Attempts: Min: 1, Avg: 1434.8, Max: 2079, Diff: 2078, Sum: 11478]
      [GC Worker Other (ms): Min: 0.0, Avg: 0.0, Max: 0.0, Diff: 0.0, Sum: 0.2]
      [GC Worker Total (ms): Min: 146.4, Avg: 153.8, Max: 155.0, Diff: 8.6, Sum: 1230.6]
      [GC Worker End (ms): Min: 3178.0, Avg: 3178.0, Max: 3178.1, Diff: 0.1]
   [Code Root Fixup: 0.0 ms]
   [Code Root Purge: 0.0 ms]
   [Clear CT: 0.2 ms]
   [Other: 0.9 ms]
      [Choose CSet: 0.0 ms]
      [Ref Proc: 0.2 ms]
      [Ref Enq: 0.0 ms]
      [Redirty Cards: 0.3 ms]
      [Humongous Register: 0.1 ms]
      [Humongous Reclaim: 0.0 ms]
      [Free CSet: 0.1 ms]
   [Eden: 128.0M(128.0M)->0.0B(130.0M) Survivors: 18.0M->19.0M Heap: 909.8M(2048.0M)->911.8M(2048.0M)]
 [Times: user=0.95 sys=0.08, real=0.16 secs] 
2020-09-29T11:53:17.811+0200: 3.281: [GC pause (G1 Evacuation Pause) (young), 0.1486247 secs]
   [Parallel Time: 147.3 ms, GC Workers: 8]
      [GC Worker Start (ms): Min: 3281.2, Avg: 3283.2, Max: 3296.8, Diff: 15.6]
      [Ext Root Scanning (ms): Min: 0.0, Avg: 0.1, Max: 0.2, Diff: 0.2, Sum: 0.6]
      [Update RS (ms): Min: 0.0, Avg: 4.5, Max: 5.8, Diff: 5.8, Sum: 35.7]
         [Processed Buffers: Min: 0, Avg: 4.5, Max: 7, Diff: 7, Sum: 36]
      [Scan RS (ms): Min: 7.9, Avg: 16.9, Max: 18.5, Diff: 10.5, Sum: 135.2]
      [Code Root Scanning (ms): Min: 0.0, Avg: 0.0, Max: 0.0, Diff: 0.0, Sum: 0.0]
      [Object Copy (ms): Min: 123.3, Avg: 123.5, Max: 123.6, Diff: 0.3, Sum: 988.0]
      [Termination (ms): Min: 0.0, Avg: 0.1, Max: 0.1, Diff: 0.1, Sum: 0.5]
         [Termination Attempts: Min: 1, Avg: 95.0, Max: 152, Diff: 151, Sum: 760]
      [GC Worker Other (ms): Min: 0.0, Avg: 0.0, Max: 0.2, Diff: 0.2, Sum: 0.3]
      [GC Worker Total (ms): Min: 131.4, Avg: 145.0, Max: 147.1, Diff: 15.6, Sum: 1160.3]
      [GC Worker End (ms): Min: 3428.2, Avg: 3428.3, Max: 3428.4, Diff: 0.2]
   [Code Root Fixup: 0.0 ms]
   [Code Root Purge: 0.0 ms]
   [Clear CT: 0.2 ms]
   [Other: 1.1 ms]
      [Choose CSet: 0.0 ms]
      [Ref Proc: 0.2 ms]
      [Ref Enq: 0.0 ms]
      [Redirty Cards: 0.4 ms]
      [Humongous Register: 0.1 ms]
      [Humongous Reclaim: 0.0 ms]
      [Free CSet: 0.2 ms]
   [Eden: 130.0M(130.0M)->0.0B(134.0M) Survivors: 19.0M->19.0M Heap: 1062.8M(2048.0M)->1064.8M(2048.0M)]
 [Times: user=0.97 sys=0.08, real=0.15 secs] 
2020-09-29T11:53:17.978+0200: 3.448: [GC pause (G1 Humongous Allocation) (young) (initial-mark), 0.0430735 secs]
   [Parallel Time: 42.0 ms, GC Workers: 8]
      [GC Worker Start (ms): Min: 3448.1, Avg: 3448.2, Max: 3448.3, Diff: 0.2]
      [Ext Root Scanning (ms): Min: 0.0, Avg: 3.8, Max: 16.7, Diff: 16.7, Sum: 30.0]
      [Update RS (ms): Min: 0.0, Avg: 7.0, Max: 9.9, Diff: 9.9, Sum: 56.0]
         [Processed Buffers: Min: 0, Avg: 7.1, Max: 11, Diff: 11, Sum: 57]
      [Scan RS (ms): Min: 0.0, Avg: 1.6, Max: 2.7, Diff: 2.7, Sum: 13.1]
      [Code Root Scanning (ms): Min: 0.0, Avg: 0.0, Max: 0.0, Diff: 0.0, Sum: 0.0]
      [Object Copy (ms): Min: 24.8, Avg: 29.3, Max: 30.0, Diff: 5.2, Sum: 234.3]
      [Termination (ms): Min: 0.0, Avg: 0.1, Max: 0.1, Diff: 0.1, Sum: 0.7]
         [Termination Attempts: Min: 1, Avg: 177.6, Max: 286, Diff: 285, Sum: 1421]
      [GC Worker Other (ms): Min: 0.0, Avg: 0.0, Max: 0.0, Diff: 0.0, Sum: 0.1]
      [GC Worker Total (ms): Min: 41.6, Avg: 41.8, Max: 41.9, Diff: 0.2, Sum: 334.2]
      [GC Worker End (ms): Min: 3489.9, Avg: 3490.0, Max: 3490.0, Diff: 0.0]
   [Code Root Fixup: 0.0 ms]
   [Code Root Purge: 0.0 ms]
   [Clear CT: 0.2 ms]
   [Other: 0.9 ms]
      [Choose CSet: 0.0 ms]
      [Ref Proc: 0.2 ms]
      [Ref Enq: 0.0 ms]
      [Redirty Cards: 0.2 ms]
      [Humongous Register: 0.1 ms]
      [Humongous Reclaim: 0.0 ms]
      [Free CSet: 0.1 ms]
   [Eden: 7168.0K(134.0M)->0.0B(148.0M) Survivors: 19.0M->9216.0K Heap: 1071.8M(2048.0M)->1075.8M(2048.0M)]
 [Times: user=0.30 sys=0.02, real=0.04 secs] 
2020-09-29T11:53:18.021+0200: 3.491: [GC concurrent-root-region-scan-start]
2020-09-29T11:53:18.024+0200: 3.494: [GC concurrent-root-region-scan-end, 0.0032374 secs]
2020-09-29T11:53:18.024+0200: 3.494: [GC concurrent-mark-start]
2020-09-29T11:53:18.028+0200: 3.498: [GC concurrent-mark-end, 0.0038551 secs]
2020-09-29T11:53:18.028+0200: 3.498: [GC remark 2020-09-29T11:53:18.028+0200: 3.498: [Finalize Marking, 0.0001851 secs] 2020-09-29T11:53:18.028+0200: 3.499: [GC ref-proc, 0.0003707 secs] 2020-09-29T11:53:18.029+0200: 3.499: [Unloading, 0.0006063 secs], 0.0016201 secs]
 [Times: user=0.00 sys=0.00, real=0.00 secs] 
2020-09-29T11:53:18.030+0200: 3.501: [GC cleanup 1085M->30M(2048M), 0.0021006 secs]
 [Times: user=0.00 sys=0.00, real=0.00 secs] 
2020-09-29T11:53:18.032+0200: 3.503: [GC concurrent-cleanup-start]
2020-09-29T11:53:18.035+0200: 3.505: [GC concurrent-cleanup-end, 0.0022883 secs]
2020-09-29T11:53:18.132+0200: 3.602: [GC pause (G1 Evacuation Pause) (young), 0.1244756 secs]
   [Parallel Time: 123.1 ms, GC Workers: 8]
      [GC Worker Start (ms): Min: 3602.2, Avg: 3603.0, Max: 3608.3, Diff: 6.0]
      [Ext Root Scanning (ms): Min: 0.0, Avg: 0.1, Max: 0.2, Diff: 0.2, Sum: 0.7]
      [Update RS (ms): Min: 1.7, Avg: 7.3, Max: 9.6, Diff: 7.9, Sum: 58.3]
         [Processed Buffers: Min: 1, Avg: 5.6, Max: 8, Diff: 7, Sum: 45]
      [Scan RS (ms): Min: 14.8, Avg: 16.3, Max: 16.8, Diff: 2.0, Sum: 130.4]
      [Code Root Scanning (ms): Min: 0.0, Avg: 0.0, Max: 0.0, Diff: 0.0, Sum: 0.0]
      [Object Copy (ms): Min: 98.2, Avg: 98.3, Max: 98.3, Diff: 0.1, Sum: 786.1]
      [Termination (ms): Min: 0.0, Avg: 0.1, Max: 0.2, Diff: 0.2, Sum: 1.0]
         [Termination Attempts: Min: 1, Avg: 637.4, Max: 859, Diff: 858, Sum: 5099]
      [GC Worker Other (ms): Min: 0.0, Avg: 0.0, Max: 0.1, Diff: 0.1, Sum: 0.3]
      [GC Worker Total (ms): Min: 116.9, Avg: 122.1, Max: 123.0, Diff: 6.0, Sum: 976.9]
      [GC Worker End (ms): Min: 3725.1, Avg: 3725.1, Max: 3725.2, Diff: 0.1]
   [Code Root Fixup: 0.0 ms]
   [Code Root Purge: 0.0 ms]
   [Clear CT: 0.2 ms]
   [Other: 1.1 ms]
      [Choose CSet: 0.0 ms]
      [Ref Proc: 0.3 ms]
      [Ref Enq: 0.0 ms]
      [Redirty Cards: 0.3 ms]
      [Humongous Register: 0.1 ms]
      [Humongous Reclaim: 0.0 ms]
      [Free CSet: 0.2 ms]
   [Eden: 148.0M(148.0M)->0.0B(150.0M) Survivors: 9216.0K->20.0M Heap: 193.8M(2048.0M)->186.8M(2048.0M)]
 [Times: user=0.94 sys=0.00, real=0.12 secs] 
2020-09-29T11:53:18.373+0200: 3.843: [GC pause (G1 Evacuation Pause) (young), 0.1299732 secs]
   [Parallel Time: 128.6 ms, GC Workers: 8]
      [GC Worker Start (ms): Min: 3843.3, Avg: 3843.4, Max: 3843.5, Diff: 0.2]
      [Ext Root Scanning (ms): Min: 0.0, Avg: 0.1, Max: 0.2, Diff: 0.2, Sum: 0.6]
      [Update RS (ms): Min: 6.2, Avg: 6.3, Max: 6.4, Diff: 0.2, Sum: 50.5]
         [Processed Buffers: Min: 5, Avg: 7.0, Max: 9, Diff: 4, Sum: 56]
      [Scan RS (ms): Min: 17.9, Avg: 18.0, Max: 18.1, Diff: 0.2, Sum: 143.7]
      [Code Root Scanning (ms): Min: 0.0, Avg: 0.0, Max: 0.0, Diff: 0.0, Sum: 0.0]
      [Object Copy (ms): Min: 103.6, Avg: 103.7, Max: 103.9, Diff: 0.3, Sum: 829.8]
      [Termination (ms): Min: 0.0, Avg: 0.2, Max: 0.2, Diff: 0.2, Sum: 1.3]
         [Termination Attempts: Min: 1, Avg: 828.8, Max: 1037, Diff: 1036, Sum: 6630]
      [GC Worker Other (ms): Min: 0.0, Avg: 0.0, Max: 0.1, Diff: 0.0, Sum: 0.2]
      [GC Worker Total (ms): Min: 128.2, Avg: 128.3, Max: 128.4, Diff: 0.2, Sum: 1026.2]
      [GC Worker End (ms): Min: 3971.7, Avg: 3971.7, Max: 3971.7, Diff: 0.0]
   [Code Root Fixup: 0.0 ms]
   [Code Root Purge: 0.0 ms]
   [Clear CT: 0.3 ms]
   [Other: 1.1 ms]
      [Choose CSet: 0.0 ms]
      [Ref Proc: 0.3 ms]
      [Ref Enq: 0.0 ms]
      [Redirty Cards: 0.3 ms]
      [Humongous Register: 0.0 ms]
      [Humongous Reclaim: 0.0 ms]
      [Free CSet: 0.2 ms]
   [Eden: 150.0M(150.0M)->0.0B(159.0M) Survivors: 20.0M->22.0M Heap: 363.5M(2048.0M)->365.5M(2048.0M)]
 [Times: user=0.97 sys=0.03, real=0.13 secs] 
2020-09-29T11:53:18.623+0200: 4.093: [GC pause (G1 Evacuation Pause) (young), 0.1296088 secs]
   [Parallel Time: 128.5 ms, GC Workers: 8]
      [GC Worker Start (ms): Min: 4093.2, Avg: 4093.3, Max: 4093.3, Diff: 0.1]
      [Ext Root Scanning (ms): Min: 0.0, Avg: 0.1, Max: 0.2, Diff: 0.1, Sum: 0.8]
      [Update RS (ms): Min: 5.9, Avg: 6.6, Max: 7.2, Diff: 1.3, Sum: 53.0]
         [Processed Buffers: Min: 5, Avg: 6.0, Max: 7, Diff: 2, Sum: 48]
      [Scan RS (ms): Min: 18.2, Avg: 18.9, Max: 19.7, Diff: 1.4, Sum: 151.2]
      [Code Root Scanning (ms): Min: 0.0, Avg: 0.0, Max: 0.0, Diff: 0.0, Sum: 0.0]
      [Object Copy (ms): Min: 102.4, Avg: 102.6, Max: 102.6, Diff: 0.2, Sum: 820.5]
      [Termination (ms): Min: 0.0, Avg: 0.0, Max: 0.0, Diff: 0.0, Sum: 0.2]
         [Termination Attempts: Min: 1, Avg: 105.3, Max: 139, Diff: 138, Sum: 842]
      [GC Worker Other (ms): Min: 0.0, Avg: 0.1, Max: 0.1, Diff: 0.1, Sum: 0.4]
      [GC Worker Total (ms): Min: 128.2, Avg: 128.3, Max: 128.3, Diff: 0.2, Sum: 1026.1]
      [GC Worker End (ms): Min: 4221.5, Avg: 4221.5, Max: 4221.6, Diff: 0.1]
   [Code Root Fixup: 0.0 ms]
   [Code Root Purge: 0.0 ms]
   [Clear CT: 0.3 ms]
   [Other: 0.8 ms]
      [Choose CSet: 0.0 ms]
      [Ref Proc: 0.2 ms]
      [Ref Enq: 0.0 ms]
      [Redirty Cards: 0.2 ms]
      [Humongous Register: 0.0 ms]
      [Humongous Reclaim: 0.0 ms]
      [Free CSet: 0.2 ms]
   [Eden: 159.0M(159.0M)->0.0B(174.0M) Survivors: 22.0M->23.0M Heap: 549.3M(2048.0M)->551.3M(2048.0M)]
 [Times: user=1.00 sys=0.00, real=0.13 secs] 
2020-09-29T11:53:18.886+0200: 4.357: [GC pause (G1 Evacuation Pause) (young), 0.1408792 secs]
   [Parallel Time: 139.7 ms, GC Workers: 8]
      [GC Worker Start (ms): Min: 4356.6, Avg: 4356.8, Max: 4356.9, Diff: 0.2]
      [Ext Root Scanning (ms): Min: 0.0, Avg: 0.1, Max: 0.2, Diff: 0.2, Sum: 0.7]
      [Update RS (ms): Min: 7.7, Avg: 7.9, Max: 8.6, Diff: 0.8, Sum: 63.1]
         [Processed Buffers: Min: 6, Avg: 8.0, Max: 9, Diff: 3, Sum: 64]
      [Scan RS (ms): Min: 20.4, Avg: 21.2, Max: 21.4, Diff: 1.0, Sum: 169.3]
      [Code Root Scanning (ms): Min: 0.0, Avg: 0.0, Max: 0.0, Diff: 0.0, Sum: 0.0]
      [Object Copy (ms): Min: 110.0, Avg: 110.1, Max: 110.2, Diff: 0.2, Sum: 881.2]
      [Termination (ms): Min: 0.0, Avg: 0.0, Max: 0.0, Diff: 0.0, Sum: 0.2]
         [Termination Attempts: Min: 1, Avg: 132.8, Max: 182, Diff: 181, Sum: 1062]
      [GC Worker Other (ms): Min: 0.0, Avg: 0.0, Max: 0.1, Diff: 0.0, Sum: 0.2]
      [GC Worker Total (ms): Min: 139.3, Avg: 139.3, Max: 139.5, Diff: 0.2, Sum: 1114.7]
      [GC Worker End (ms): Min: 4496.1, Avg: 4496.1, Max: 4496.1, Diff: 0.0]
   [Code Root Fixup: 0.0 ms]
   [Code Root Purge: 0.0 ms]
   [Clear CT: 0.3 ms]
   [Other: 0.9 ms]
      [Choose CSet: 0.0 ms]
      [Ref Proc: 0.1 ms]
      [Ref Enq: 0.0 ms]
      [Redirty Cards: 0.3 ms]
      [Humongous Register: 0.0 ms]
      [Humongous Reclaim: 0.0 ms]
      [Free CSet: 0.2 ms]
   [Eden: 174.0M(174.0M)->0.0B(179.0M) Survivors: 23.0M->25.0M Heap: 755.8M(2048.0M)->757.3M(2048.0M)]
 [Times: user=0.94 sys=0.19, real=0.14 secs] 
2020-09-29T11:53:19.149+0200: 4.619: [GC pause (G1 Evacuation Pause) (young), 0.1628698 secs]
   [Parallel Time: 161.5 ms, GC Workers: 8]
      [GC Worker Start (ms): Min: 4619.4, Avg: 4619.5, Max: 4619.6, Diff: 0.2]
      [Ext Root Scanning (ms): Min: 0.0, Avg: 0.1, Max: 0.2, Diff: 0.2, Sum: 0.6]
      [Update RS (ms): Min: 8.8, Avg: 9.4, Max: 9.7, Diff: 0.9, Sum: 74.9]
         [Processed Buffers: Min: 7, Avg: 7.8, Max: 10, Diff: 3, Sum: 62]
      [Scan RS (ms): Min: 21.2, Avg: 21.6, Max: 22.0, Diff: 0.9, Sum: 173.1]
      [Code Root Scanning (ms): Min: 0.0, Avg: 0.0, Max: 0.0, Diff: 0.0, Sum: 0.0]
      [Object Copy (ms): Min: 130.0, Avg: 130.2, Max: 130.3, Diff: 0.3, Sum: 1041.3]
      [Termination (ms): Min: 0.0, Avg: 0.0, Max: 0.0, Diff: 0.0, Sum: 0.3]
         [Termination Attempts: Min: 1, Avg: 161.5, Max: 218, Diff: 217, Sum: 1292]
      [GC Worker Other (ms): Min: 0.0, Avg: 0.0, Max: 0.1, Diff: 0.0, Sum: 0.4]
      [GC Worker Total (ms): Min: 161.3, Avg: 161.3, Max: 161.4, Diff: 0.2, Sum: 1290.5]
      [GC Worker End (ms): Min: 4780.8, Avg: 4780.8, Max: 4780.8, Diff: 0.0]
   [Code Root Fixup: 0.0 ms]
   [Code Root Purge: 0.0 ms]
   [Clear CT: 0.2 ms]
   [Other: 1.2 ms]
      [Choose CSet: 0.0 ms]
      [Ref Proc: 0.3 ms]
      [Ref Enq: 0.0 ms]
      [Redirty Cards: 0.4 ms]
      [Humongous Register: 0.0 ms]
      [Humongous Reclaim: 0.0 ms]
      [Free CSet: 0.2 ms]
   [Eden: 179.0M(179.0M)->0.0B(179.0M) Survivors: 25.0M->26.0M Heap: 964.9M(2048.0M)->966.9M(2048.0M)]
 [Times: user=1.13 sys=0.09, real=0.16 secs] 
2020-09-29T11:53:19.330+0200: 4.800: [GC pause (G1 Humongous Allocation) (young) (initial-mark), 0.0409057 secs]
   [Parallel Time: 40.0 ms, GC Workers: 8]
      [GC Worker Start (ms): Min: 4800.0, Avg: 4800.1, Max: 4800.2, Diff: 0.2]
      [Ext Root Scanning (ms): Min: 0.0, Avg: 0.2, Max: 0.6, Diff: 0.6, Sum: 1.7]
      [Update RS (ms): Min: 0.0, Avg: 14.9, Max: 22.8, Diff: 22.8, Sum: 119.4]
         [Processed Buffers: Min: 0, Avg: 13.3, Max: 16, Diff: 16, Sum: 106]
      [Scan RS (ms): Min: 0.0, Avg: 2.2, Max: 2.8, Diff: 2.8, Sum: 17.7]
      [Code Root Scanning (ms): Min: 0.0, Avg: 0.0, Max: 0.0, Diff: 0.0, Sum: 0.0]
      [Object Copy (ms): Min: 16.9, Avg: 22.5, Max: 37.1, Diff: 20.2, Sum: 179.6]
      [Termination (ms): Min: 0.0, Avg: 0.1, Max: 0.1, Diff: 0.1, Sum: 0.4]
         [Termination Attempts: Min: 1, Avg: 244.8, Max: 337, Diff: 336, Sum: 1958]
      [GC Worker Other (ms): Min: 0.0, Avg: 0.0, Max: 0.0, Diff: 0.0, Sum: 0.2]
      [GC Worker Total (ms): Min: 39.8, Avg: 39.9, Max: 39.9, Diff: 0.2, Sum: 319.0]
      [GC Worker End (ms): Min: 4840.0, Avg: 4840.0, Max: 4840.0, Diff: 0.0]
   [Code Root Fixup: 0.0 ms]
   [Code Root Purge: 0.0 ms]
   [Clear CT: 0.3 ms]
   [Other: 0.6 ms]
      [Choose CSet: 0.0 ms]
      [Ref Proc: 0.2 ms]
      [Ref Enq: 0.0 ms]
      [Redirty Cards: 0.2 ms]
      [Humongous Register: 0.0 ms]
      [Humongous Reclaim: 0.0 ms]
      [Free CSet: 0.0 ms]
   [Eden: 3072.0K(179.0M)->0.0B(208.0M) Survivors: 26.0M->5120.0K Heap: 969.9M(2048.0M)->973.4M(2048.0M)]
 [Times: user=0.34 sys=0.00, real=0.04 secs] 
2020-09-29T11:53:19.371+0200: 4.841: [GC concurrent-root-region-scan-start]
2020-09-29T11:53:19.372+0200: 4.842: [GC concurrent-root-region-scan-end, 0.0009970 secs]
2020-09-29T11:53:19.372+0200: 4.842: [GC concurrent-mark-start]
2020-09-29T11:53:19.374+0200: 4.845: [GC concurrent-mark-end, 0.0028300 secs]
2020-09-29T11:53:19.375+0200: 4.845: [GC remark 2020-09-29T11:53:19.375+0200: 4.845: [Finalize Marking, 0.0002486 secs] 2020-09-29T11:53:19.375+0200: 4.845: [GC ref-proc, 0.0003618 secs] 2020-09-29T11:53:19.375+0200: 4.846: [Unloading, 0.0005560 secs], 0.0015657 secs]
 [Times: user=0.00 sys=0.00, real=0.00 secs] 
2020-09-29T11:53:19.377+0200: 4.847: [GC cleanup 982M->25M(2048M), 0.0012229 secs]
 [Times: user=0.00 sys=0.00, real=0.00 secs] 
2020-09-29T11:53:19.378+0200: 4.848: [GC concurrent-cleanup-start]
2020-09-29T11:53:19.379+0200: 4.850: [GC concurrent-cleanup-end, 0.0011959 secs]
2020-09-29T11:53:19.513+0200: 4.983: [GC pause (G1 Evacuation Pause) (young), 0.1827801 secs]
   [Parallel Time: 181.4 ms, GC Workers: 8]
      [GC Worker Start (ms): Min: 4982.9, Avg: 4983.1, Max: 4983.2, Diff: 0.2]
      [Ext Root Scanning (ms): Min: 0.0, Avg: 0.1, Max: 0.2, Diff: 0.2, Sum: 0.5]
      [Update RS (ms): Min: 12.0, Avg: 12.4, Max: 13.2, Diff: 1.2, Sum: 99.0]
         [Processed Buffers: Min: 9, Avg: 11.0, Max: 14, Diff: 5, Sum: 88]
      [Scan RS (ms): Min: 19.7, Avg: 20.6, Max: 21.2, Diff: 1.5, Sum: 164.9]
      [Code Root Scanning (ms): Min: 0.0, Avg: 0.0, Max: 0.0, Diff: 0.0, Sum: 0.0]
      [Object Copy (ms): Min: 147.4, Avg: 147.7, Max: 148.0, Diff: 0.6, Sum: 1181.2]
      [Termination (ms): Min: 0.0, Avg: 0.4, Max: 0.5, Diff: 0.5, Sum: 3.1]
         [Termination Attempts: Min: 1, Avg: 1828.8, Max: 2381, Diff: 2380, Sum: 14630]
      [GC Worker Other (ms): Min: 0.0, Avg: 0.0, Max: 0.1, Diff: 0.1, Sum: 0.4]
      [GC Worker Total (ms): Min: 181.0, Avg: 181.1, Max: 181.3, Diff: 0.2, Sum: 1449.1]
      [GC Worker End (ms): Min: 5164.2, Avg: 5164.2, Max: 5164.3, Diff: 0.1]
   [Code Root Fixup: 0.0 ms]
   [Code Root Purge: 0.0 ms]
   [Clear CT: 0.3 ms]
   [Other: 1.1 ms]
      [Choose CSet: 0.0 ms]
      [Ref Proc: 0.3 ms]
      [Ref Enq: 0.0 ms]
      [Redirty Cards: 0.3 ms]
      [Humongous Register: 0.0 ms]
      [Humongous Reclaim: 0.0 ms]
      [Free CSet: 0.2 ms]
   [Eden: 208.0M(208.0M)->0.0B(181.0M) Survivors: 5120.0K->27.0M Heap: 261.2M(2048.0M)->257.7M(2048.0M)]
 [Times: user=1.36 sys=0.06, real=0.18 secs] 
2020-09-29T11:53:19.833+0200: 5.303: [GC pause (G1 Evacuation Pause) (young), 0.1514403 secs]
   [Parallel Time: 150.2 ms, GC Workers: 8]
      [GC Worker Start (ms): Min: 5302.9, Avg: 5303.0, Max: 5303.1, Diff: 0.2]
      [Ext Root Scanning (ms): Min: 0.0, Avg: 0.1, Max: 0.2, Diff: 0.2, Sum: 0.6]
      [Update RS (ms): Min: 12.1, Avg: 12.7, Max: 14.0, Diff: 1.9, Sum: 101.9]
         [Processed Buffers: Min: 8, Avg: 9.6, Max: 10, Diff: 2, Sum: 77]
      [Scan RS (ms): Min: 19.7, Avg: 20.9, Max: 21.6, Diff: 1.8, Sum: 166.8]
      [Code Root Scanning (ms): Min: 0.0, Avg: 0.0, Max: 0.0, Diff: 0.0, Sum: 0.0]
      [Object Copy (ms): Min: 116.0, Avg: 116.2, Max: 116.3, Diff: 0.3, Sum: 929.5]
      [Termination (ms): Min: 0.0, Avg: 0.0, Max: 0.0, Diff: 0.0, Sum: 0.0]
         [Termination Attempts: Min: 1, Avg: 17.0, Max: 25, Diff: 24, Sum: 136]
      [GC Worker Other (ms): Min: 0.0, Avg: 0.1, Max: 0.1, Diff: 0.0, Sum: 0.4]
      [GC Worker Total (ms): Min: 149.8, Avg: 149.9, Max: 150.0, Diff: 0.2, Sum: 1199.4]
      [GC Worker End (ms): Min: 5452.9, Avg: 5452.9, Max: 5453.0, Diff: 0.0]
   [Code Root Fixup: 0.0 ms]
   [Code Root Purge: 0.0 ms]
   [Clear CT: 0.3 ms]
   [Other: 1.0 ms]
      [Choose CSet: 0.0 ms]
      [Ref Proc: 0.3 ms]
      [Ref Enq: 0.0 ms]
      [Redirty Cards: 0.3 ms]
      [Humongous Register: 0.0 ms]
      [Humongous Reclaim: 0.0 ms]
      [Free CSet: 0.2 ms]
   [Eden: 181.0M(181.0M)->0.0B(186.0M) Survivors: 27.0M->26.0M Heap: 467.4M(2048.0M)->468.9M(2048.0M)]
 [Times: user=1.05 sys=0.03, real=0.15 secs] 
2020-09-29T11:53:20.125+0200: 5.596: [GC pause (G1 Evacuation Pause) (young), 0.1784519 secs]
   [Parallel Time: 177.2 ms, GC Workers: 8]
      [GC Worker Start (ms): Min: 5595.9, Avg: 5596.6, Max: 5599.4, Diff: 3.5]
      [Ext Root Scanning (ms): Min: 0.0, Avg: 0.1, Max: 0.2, Diff: 0.2, Sum: 0.8]
      [Update RS (ms): Min: 12.4, Avg: 15.2, Max: 16.5, Diff: 4.1, Sum: 122.0]
         [Processed Buffers: Min: 10, Avg: 12.5, Max: 17, Diff: 7, Sum: 100]
      [Scan RS (ms): Min: 19.0, Avg: 19.7, Max: 20.1, Diff: 1.1, Sum: 157.3]
      [Code Root Scanning (ms): Min: 0.0, Avg: 0.0, Max: 0.0, Diff: 0.0, Sum: 0.0]
      [Object Copy (ms): Min: 141.0, Avg: 141.4, Max: 141.5, Diff: 0.6, Sum: 1130.9]
      [Termination (ms): Min: 0.0, Avg: 0.0, Max: 0.0, Diff: 0.0, Sum: 0.1]
         [Termination Attempts: Min: 1, Avg: 74.5, Max: 101, Diff: 100, Sum: 596]
      [GC Worker Other (ms): Min: 0.0, Avg: 0.1, Max: 0.1, Diff: 0.1, Sum: 0.4]
      [GC Worker Total (ms): Min: 173.6, Avg: 176.4, Max: 177.2, Diff: 3.5, Sum: 1411.5]
      [GC Worker End (ms): Min: 5773.0, Avg: 5773.0, Max: 5773.1, Diff: 0.1]
   [Code Root Fixup: 0.0 ms]
   [Code Root Purge: 0.0 ms]
   [Clear CT: 0.2 ms]
   [Other: 1.0 ms]
      [Choose CSet: 0.0 ms]
      [Ref Proc: 0.2 ms]
      [Ref Enq: 0.0 ms]
      [Redirty Cards: 0.2 ms]
      [Humongous Register: 0.0 ms]
      [Humongous Reclaim: 0.0 ms]
      [Free CSet: 0.2 ms]
   [Eden: 186.0M(186.0M)->0.0B(182.0M) Survivors: 26.0M->27.0M Heap: 687.3M(2048.0M)->688.3M(2048.0M)]
 [Times: user=1.25 sys=0.03, real=0.18 secs] 
2020-09-29T11:53:20.470+0200: 5.940: [GC pause (G1 Evacuation Pause) (young), 0.1989421 secs]
   [Parallel Time: 197.6 ms, GC Workers: 8]
      [GC Worker Start (ms): Min: 5940.5, Avg: 5946.1, Max: 5961.1, Diff: 20.5]
      [Ext Root Scanning (ms): Min: 0.0, Avg: 0.1, Max: 0.2, Diff: 0.2, Sum: 0.6]
      [Update RS (ms): Min: 1.3, Avg: 16.4, Max: 21.8, Diff: 20.4, Sum: 131.5]
         [Processed Buffers: Min: 2, Avg: 13.6, Max: 23, Diff: 21, Sum: 109]
      [Scan RS (ms): Min: 21.2, Avg: 24.1, Max: 32.9, Diff: 11.7, Sum: 192.5]
      [Code Root Scanning (ms): Min: 0.0, Avg: 0.0, Max: 0.0, Diff: 0.0, Sum: 0.0]
      [Object Copy (ms): Min: 142.5, Avg: 151.2, Max: 153.5, Diff: 11.0, Sum: 1209.2]
      [Termination (ms): Min: 0.0, Avg: 0.1, Max: 0.1, Diff: 0.1, Sum: 0.7]
         [Termination Attempts: Min: 1, Avg: 68.5, Max: 113, Diff: 112, Sum: 548]
      [GC Worker Other (ms): Min: 0.0, Avg: 0.0, Max: 0.0, Diff: 0.0, Sum: 0.2]
      [GC Worker Total (ms): Min: 176.8, Avg: 191.8, Max: 197.4, Diff: 20.6, Sum: 1534.7]
      [GC Worker End (ms): Min: 6137.9, Avg: 6137.9, Max: 6138.0, Diff: 0.1]
   [Code Root Fixup: 0.0 ms]
   [Code Root Purge: 0.0 ms]
   [Clear CT: 0.3 ms]
   [Other: 1.1 ms]
      [Choose CSet: 0.0 ms]
      [Ref Proc: 0.3 ms]
      [Ref Enq: 0.0 ms]
      [Redirty Cards: 0.3 ms]
      [Humongous Register: 0.1 ms]
      [Humongous Reclaim: 0.0 ms]
      [Free CSet: 0.2 ms]
   [Eden: 182.0M(182.0M)->0.0B(167.0M) Survivors: 27.0M->27.0M Heap: 900.8M(2048.0M)->903.3M(2048.0M)]
 [Times: user=1.38 sys=0.02, real=0.20 secs] 
2020-09-29T11:53:20.804+0200: 6.274: [GC pause (G1 Evacuation Pause) (young), 0.1634488 secs]
   [Parallel Time: 162.1 ms, GC Workers: 8]
      [GC Worker Start (ms): Min: 6274.5, Avg: 6276.8, Max: 6292.3, Diff: 17.8]
      [Ext Root Scanning (ms): Min: 0.0, Avg: 0.1, Max: 0.2, Diff: 0.1, Sum: 0.8]
      [Update RS (ms): Min: 3.1, Avg: 18.2, Max: 21.2, Diff: 18.1, Sum: 145.9]
         [Processed Buffers: Min: 5, Avg: 13.6, Max: 16, Diff: 11, Sum: 109]
      [Scan RS (ms): Min: 15.8, Avg: 16.4, Max: 16.7, Diff: 0.9, Sum: 131.2]
      [Code Root Scanning (ms): Min: 0.0, Avg: 0.0, Max: 0.0, Diff: 0.0, Sum: 0.0]
      [Object Copy (ms): Min: 124.6, Avg: 124.7, Max: 124.9, Diff: 0.3, Sum: 997.8]
      [Termination (ms): Min: 0.0, Avg: 0.2, Max: 0.3, Diff: 0.3, Sum: 1.9]
         [Termination Attempts: Min: 1, Avg: 1283.1, Max: 1550, Diff: 1549, Sum: 10265]
      [GC Worker Other (ms): Min: 0.0, Avg: 0.0, Max: 0.1, Diff: 0.1, Sum: 0.3]
      [GC Worker Total (ms): Min: 144.2, Avg: 159.7, Max: 162.0, Diff: 17.8, Sum: 1277.9]
      [GC Worker End (ms): Min: 6436.5, Avg: 6436.5, Max: 6436.6, Diff: 0.1]
   [Code Root Fixup: 0.0 ms]
   [Code Root Purge: 0.0 ms]
   [Clear CT: 0.3 ms]
   [Other: 1.1 ms]
      [Choose CSet: 0.0 ms]
      [Ref Proc: 0.3 ms]
      [Ref Enq: 0.0 ms]
      [Redirty Cards: 0.4 ms]
      [Humongous Register: 0.1 ms]
      [Humongous Reclaim: 0.0 ms]
      [Free CSet: 0.2 ms]
   [Eden: 167.0M(167.0M)->0.0B(174.0M) Survivors: 27.0M->25.0M Heap: 1097.0M(2048.0M)->1099.0M(2048.0M)]
 [Times: user=1.17 sys=0.05, real=0.16 secs] 
2020-09-29T11:53:20.978+0200: 6.449: [GC pause (G1 Humongous Allocation) (young) (initial-mark), 0.0646500 secs]
   [Parallel Time: 63.6 ms, GC Workers: 8]
      [GC Worker Start (ms): Min: 6448.9, Avg: 6449.0, Max: 6449.1, Diff: 0.1]
      [Ext Root Scanning (ms): Min: 0.1, Avg: 0.1, Max: 0.2, Diff: 0.1, Sum: 0.9]
      [Update RS (ms): Min: 25.5, Avg: 25.9, Max: 26.3, Diff: 0.8, Sum: 207.4]
         [Processed Buffers: Min: 14, Avg: 22.6, Max: 28, Diff: 14, Sum: 181]
      [Scan RS (ms): Min: 1.7, Avg: 2.1, Max: 2.5, Diff: 0.8, Sum: 16.5]
      [Code Root Scanning (ms): Min: 0.0, Avg: 0.0, Max: 0.0, Diff: 0.0, Sum: 0.0]
      [Object Copy (ms): Min: 34.8, Avg: 34.9, Max: 35.3, Diff: 0.5, Sum: 279.2]
      [Termination (ms): Min: 0.0, Avg: 0.3, Max: 0.4, Diff: 0.4, Sum: 2.4]
         [Termination Attempts: Min: 1, Avg: 1681.6, Max: 2073, Diff: 2072, Sum: 13453]
      [GC Worker Other (ms): Min: 0.0, Avg: 0.0, Max: 0.1, Diff: 0.1, Sum: 0.3]
      [GC Worker Total (ms): Min: 63.3, Avg: 63.3, Max: 63.4, Diff: 0.1, Sum: 506.6]
      [GC Worker End (ms): Min: 6512.3, Avg: 6512.3, Max: 6512.4, Diff: 0.1]
   [Code Root Fixup: 0.0 ms]
   [Code Root Purge: 0.0 ms]
   [Clear CT: 0.2 ms]
   [Other: 0.9 ms]
      [Choose CSet: 0.0 ms]
      [Ref Proc: 0.3 ms]
      [Ref Enq: 0.0 ms]
      [Redirty Cards: 0.2 ms]
      [Humongous Register: 0.0 ms]
      [Humongous Reclaim: 0.0 ms]
      [Free CSet: 0.1 ms]
   [Eden: 4096.0K(174.0M)->0.0B(157.0M) Survivors: 25.0M->5120.0K Heap: 1102.5M(2048.0M)->1106.0M(2048.0M)]
 [Times: user=0.45 sys=0.00, real=0.07 secs] 
2020-09-29T11:53:21.043+0200: 6.514: [GC concurrent-root-region-scan-start]
2020-09-29T11:53:21.045+0200: 6.515: [GC concurrent-root-region-scan-end, 0.0014296 secs]
2020-09-29T11:53:21.045+0200: 6.515: [GC concurrent-mark-start]
2020-09-29T11:53:21.049+0200: 6.520: [GC concurrent-mark-end, 0.0046561 secs]
2020-09-29T11:53:21.050+0200: 6.520: [GC remark 2020-09-29T11:53:21.050+0200: 6.520: [Finalize Marking, 0.0001990 secs] 2020-09-29T11:53:21.050+0200: 6.521: [GC ref-proc, 0.0004654 secs] 2020-09-29T11:53:21.050+0200: 6.521: [Unloading, 0.0006700 secs], 0.0018311 secs]
 [Times: user=0.00 sys=0.02, real=0.00 secs] 
2020-09-29T11:53:21.052+0200: 6.523: [GC cleanup 1114M->25M(2048M), 0.0018229 secs]
 [Times: user=0.00 sys=0.00, real=0.00 secs] 
2020-09-29T11:53:21.054+0200: 6.525: [GC concurrent-cleanup-start]
2020-09-29T11:53:21.057+0200: 6.527: [GC concurrent-cleanup-end, 0.0026037 secs]
2020-09-29T11:53:21.163+0200: 6.634: [GC pause (G1 Evacuation Pause) (young), 0.1827542 secs]
   [Parallel Time: 181.4 ms, GC Workers: 8]
      [GC Worker Start (ms): Min: 6633.7, Avg: 6634.6, Max: 6640.1, Diff: 6.4]
      [Ext Root Scanning (ms): Min: 0.0, Avg: 0.1, Max: 0.2, Diff: 0.2, Sum: 0.9]
      [Update RS (ms): Min: 15.2, Avg: 21.1, Max: 24.7, Diff: 9.5, Sum: 168.4]
         [Processed Buffers: Min: 8, Avg: 14.0, Max: 18, Diff: 10, Sum: 112]
      [Scan RS (ms): Min: 7.9, Avg: 11.1, Max: 13.8, Diff: 5.9, Sum: 88.8]
      [Code Root Scanning (ms): Min: 0.0, Avg: 0.0, Max: 0.0, Diff: 0.0, Sum: 0.0]
      [Object Copy (ms): Min: 145.2, Avg: 147.2, Max: 148.2, Diff: 3.0, Sum: 1177.9]
      [Termination (ms): Min: 0.1, Avg: 0.9, Max: 1.5, Diff: 1.4, Sum: 7.4]
         [Termination Attempts: Min: 1, Avg: 3680.5, Max: 4598, Diff: 4597, Sum: 29444]
      [GC Worker Other (ms): Min: 0.0, Avg: 0.0, Max: 0.0, Diff: 0.0, Sum: 0.2]
      [GC Worker Total (ms): Min: 175.0, Avg: 180.5, Max: 181.3, Diff: 6.3, Sum: 1443.7]
      [GC Worker End (ms): Min: 6815.0, Avg: 6815.1, Max: 6815.1, Diff: 0.1]
   [Code Root Fixup: 0.0 ms]
   [Code Root Purge: 0.0 ms]
   [Clear CT: 0.2 ms]
   [Other: 1.1 ms]
      [Choose CSet: 0.0 ms]
      [Ref Proc: 0.3 ms]
      [Ref Enq: 0.0 ms]
      [Redirty Cards: 0.2 ms]
      [Humongous Register: 0.1 ms]
      [Humongous Reclaim: 0.0 ms]
      [Free CSet: 0.2 ms]
   [Eden: 157.0M(157.0M)->0.0B(139.0M) Survivors: 5120.0K->21.0M Heap: 200.7M(2048.0M)->197.7M(2048.0M)]
 [Times: user=1.05 sys=0.03, real=0.18 secs] 
2020-09-29T11:53:21.475+0200: 6.945: [GC pause (G1 Evacuation Pause) (young), 0.1740198 secs]
   [Parallel Time: 172.6 ms, GC Workers: 8]
      [GC Worker Start (ms): Min: 6945.5, Avg: 6945.6, Max: 6945.7, Diff: 0.2]
      [Ext Root Scanning (ms): Min: 0.0, Avg: 0.1, Max: 0.2, Diff: 0.2, Sum: 0.8]
      [Update RS (ms): Min: 20.2, Avg: 21.8, Max: 30.4, Diff: 10.2, Sum: 174.4]
         [Processed Buffers: Min: 4, Avg: 11.6, Max: 14, Diff: 10, Sum: 93]
      [Scan RS (ms): Min: 6.6, Avg: 15.3, Max: 17.3, Diff: 10.7, Sum: 122.4]
      [Code Root Scanning (ms): Min: 0.0, Avg: 0.0, Max: 0.0, Diff: 0.0, Sum: 0.0]
      [Object Copy (ms): Min: 134.7, Avg: 135.1, Max: 135.3, Diff: 0.6, Sum: 1080.9]
      [Termination (ms): Min: 0.0, Avg: 0.0, Max: 0.1, Diff: 0.1, Sum: 0.3]
         [Termination Attempts: Min: 1, Avg: 134.3, Max: 182, Diff: 181, Sum: 1074]
      [GC Worker Other (ms): Min: 0.0, Avg: 0.0, Max: 0.1, Diff: 0.0, Sum: 0.3]
      [GC Worker Total (ms): Min: 172.2, Avg: 172.4, Max: 172.5, Diff: 0.2, Sum: 1379.1]
      [GC Worker End (ms): Min: 7118.0, Avg: 7118.0, Max: 7118.0, Diff: 0.0]
   [Code Root Fixup: 0.0 ms]
   [Code Root Purge: 0.0 ms]
   [Clear CT: 0.2 ms]
   [Other: 1.2 ms]
      [Choose CSet: 0.0 ms]
      [Ref Proc: 0.3 ms]
      [Ref Enq: 0.0 ms]
      [Redirty Cards: 0.3 ms]
      [Humongous Register: 0.1 ms]
      [Humongous Reclaim: 0.0 ms]
      [Free CSet: 0.2 ms]
   [Eden: 139.0M(139.0M)->0.0B(138.0M) Survivors: 21.0M->20.0M Heap: 359.6M(2048.0M)->361.6M(2048.0M)]
 [Times: user=1.23 sys=0.03, real=0.17 secs] 
2020-09-29T11:53:21.774+0200: 7.244: [GC pause (G1 Evacuation Pause) (young), 0.1409906 secs]
   [Parallel Time: 139.5 ms, GC Workers: 8]
      [GC Worker Start (ms): Min: 7244.3, Avg: 7244.4, Max: 7244.5, Diff: 0.2]
      [Ext Root Scanning (ms): Min: 0.0, Avg: 0.1, Max: 0.2, Diff: 0.2, Sum: 0.7]
      [Update RS (ms): Min: 19.2, Avg: 20.0, Max: 20.6, Diff: 1.4, Sum: 159.8]
         [Processed Buffers: Min: 10, Avg: 12.5, Max: 13, Diff: 3, Sum: 100]
      [Scan RS (ms): Min: 12.4, Avg: 13.4, Max: 14.7, Diff: 2.3, Sum: 106.8]
      [Code Root Scanning (ms): Min: 0.0, Avg: 0.0, Max: 0.0, Diff: 0.0, Sum: 0.0]
      [Object Copy (ms): Min: 104.2, Avg: 105.6, Max: 105.9, Diff: 1.6, Sum: 844.6]
      [Termination (ms): Min: 0.0, Avg: 0.1, Max: 0.2, Diff: 0.2, Sum: 1.1]
         [Termination Attempts: Min: 1, Avg: 296.9, Max: 384, Diff: 383, Sum: 2375]
      [GC Worker Other (ms): Min: 0.0, Avg: 0.0, Max: 0.0, Diff: 0.0, Sum: 0.1]
      [GC Worker Total (ms): Min: 139.0, Avg: 139.1, Max: 139.3, Diff: 0.2, Sum: 1113.2]
      [GC Worker End (ms): Min: 7383.6, Avg: 7383.6, Max: 7383.6, Diff: 0.0]
   [Code Root Fixup: 0.0 ms]
   [Code Root Purge: 0.0 ms]
   [Clear CT: 0.2 ms]
   [Other: 1.2 ms]
      [Choose CSet: 0.0 ms]
      [Ref Proc: 0.3 ms]
      [Ref Enq: 0.0 ms]
      [Redirty Cards: 0.3 ms]
      [Humongous Register: 0.1 ms]
      [Humongous Reclaim: 0.0 ms]
      [Free CSet: 0.3 ms]
   [Eden: 138.0M(138.0M)->0.0B(149.0M) Survivors: 20.0M->20.0M Heap: 522.5M(2048.0M)->525.0M(2048.0M)]
 [Times: user=1.02 sys=0.09, real=0.14 secs] 
2020-09-29T11:53:22.040+0200: 7.510: [GC pause (G1 Evacuation Pause) (young), 0.1614139 secs]
   [Parallel Time: 160.1 ms, GC Workers: 8]
      [GC Worker Start (ms): Min: 7510.0, Avg: 7510.1, Max: 7510.2, Diff: 0.2]
      [Ext Root Scanning (ms): Min: 0.0, Avg: 0.1, Max: 0.2, Diff: 0.2, Sum: 0.7]
      [Update RS (ms): Min: 19.4, Avg: 19.9, Max: 20.9, Diff: 1.5, Sum: 159.5]
         [Processed Buffers: Min: 12, Avg: 13.1, Max: 14, Diff: 2, Sum: 105]
      [Scan RS (ms): Min: 13.8, Avg: 18.2, Max: 42.7, Diff: 28.9, Sum: 145.4]
      [Code Root Scanning (ms): Min: 0.0, Avg: 0.0, Max: 0.0, Diff: 0.0, Sum: 0.0]
      [Object Copy (ms): Min: 96.7, Avg: 121.3, Max: 124.9, Diff: 28.2, Sum: 970.6]
      [Termination (ms): Min: 0.0, Avg: 0.2, Max: 0.3, Diff: 0.3, Sum: 1.8]
         [Termination Attempts: Min: 1, Avg: 729.9, Max: 974, Diff: 973, Sum: 5839]
      [GC Worker Other (ms): Min: 0.0, Avg: 0.0, Max: 0.0, Diff: 0.0, Sum: 0.2]
      [GC Worker Total (ms): Min: 159.7, Avg: 159.8, Max: 159.9, Diff: 0.2, Sum: 1278.2]
      [GC Worker End (ms): Min: 7669.8, Avg: 7669.9, Max: 7669.9, Diff: 0.0]
   [Code Root Fixup: 0.0 ms]
   [Code Root Purge: 0.0 ms]
   [Clear CT: 0.2 ms]
   [Other: 1.1 ms]
      [Choose CSet: 0.0 ms]
      [Ref Proc: 0.3 ms]
      [Ref Enq: 0.0 ms]
      [Redirty Cards: 0.3 ms]
      [Humongous Register: 0.1 ms]
      [Humongous Reclaim: 0.0 ms]
      [Free CSet: 0.2 ms]
   [Eden: 149.0M(149.0M)->0.0B(151.0M) Survivors: 20.0M->22.0M Heap: 698.8M(2048.0M)->700.8M(2048.0M)]
 [Times: user=1.13 sys=0.03, real=0.16 secs] 
2020-09-29T11:53:22.326+0200: 7.796: [GC pause (G1 Evacuation Pause) (young), 0.1516800 secs]
   [Parallel Time: 150.3 ms, GC Workers: 8]
      [GC Worker Start (ms): Min: 7795.7, Avg: 7795.9, Max: 7796.0, Diff: 0.2]
      [Ext Root Scanning (ms): Min: 0.0, Avg: 0.1, Max: 0.2, Diff: 0.2, Sum: 0.7]
      [Update RS (ms): Min: 15.6, Avg: 15.9, Max: 16.3, Diff: 0.7, Sum: 127.2]
         [Processed Buffers: Min: 11, Avg: 12.4, Max: 14, Diff: 3, Sum: 99]
      [Scan RS (ms): Min: 15.7, Avg: 16.2, Max: 16.5, Diff: 0.8, Sum: 129.3]
      [Code Root Scanning (ms): Min: 0.0, Avg: 0.0, Max: 0.0, Diff: 0.0, Sum: 0.0]
      [Object Copy (ms): Min: 117.3, Avg: 117.6, Max: 117.8, Diff: 0.4, Sum: 940.5]
      [Termination (ms): Min: 0.0, Avg: 0.2, Max: 0.3, Diff: 0.3, Sum: 1.6]
         [Termination Attempts: Min: 1, Avg: 822.0, Max: 1078, Diff: 1077, Sum: 6576]
      [GC Worker Other (ms): Min: 0.0, Avg: 0.0, Max: 0.1, Diff: 0.0, Sum: 0.3]
      [GC Worker Total (ms): Min: 149.9, Avg: 149.9, Max: 150.1, Diff: 0.2, Sum: 1199.6]
      [GC Worker End (ms): Min: 7945.8, Avg: 7945.8, Max: 7945.8, Diff: 0.0]
   [Code Root Fixup: 0.0 ms]
   [Code Root Purge: 0.0 ms]
   [Clear CT: 0.3 ms]
   [Other: 1.1 ms]
      [Choose CSet: 0.0 ms]
      [Ref Proc: 0.3 ms]
      [Ref Enq: 0.0 ms]
      [Redirty Cards: 0.3 ms]
      [Humongous Register: 0.1 ms]
      [Humongous Reclaim: 0.0 ms]
      [Free CSet: 0.2 ms]
   [Eden: 151.0M(151.0M)->0.0B(163.0M) Survivors: 22.0M->22.0M Heap: 878.5M(2048.0M)->880.5M(2048.0M)]
 [Times: user=1.20 sys=0.05, real=0.15 secs] 
2020-09-29T11:53:22.612+0200: 8.082: [GC pause (G1 Evacuation Pause) (young), 0.1579255 secs]
   [Parallel Time: 156.6 ms, GC Workers: 8]
      [GC Worker Start (ms): Min: 8082.0, Avg: 8082.1, Max: 8082.2, Diff: 0.2]
      [Ext Root Scanning (ms): Min: 0.0, Avg: 0.1, Max: 0.2, Diff: 0.2, Sum: 0.8]
      [Update RS (ms): Min: 19.2, Avg: 19.4, Max: 20.4, Diff: 1.2, Sum: 155.2]
         [Processed Buffers: Min: 12, Avg: 13.6, Max: 15, Diff: 3, Sum: 109]
      [Scan RS (ms): Min: 16.2, Avg: 17.2, Max: 17.5, Diff: 1.3, Sum: 137.2]
      [Code Root Scanning (ms): Min: 0.0, Avg: 0.0, Max: 0.0, Diff: 0.0, Sum: 0.0]
      [Object Copy (ms): Min: 119.4, Avg: 119.6, Max: 119.7, Diff: 0.3, Sum: 956.7]
      [Termination (ms): Min: 0.0, Avg: 0.0, Max: 0.0, Diff: 0.0, Sum: 0.2]
         [Termination Attempts: Min: 1, Avg: 82.4, Max: 117, Diff: 116, Sum: 659]
      [GC Worker Other (ms): Min: 0.0, Avg: 0.1, Max: 0.1, Diff: 0.1, Sum: 0.4]
      [GC Worker Total (ms): Min: 156.2, Avg: 156.3, Max: 156.4, Diff: 0.2, Sum: 1250.5]
      [GC Worker End (ms): Min: 8238.4, Avg: 8238.4, Max: 8238.5, Diff: 0.1]
   [Code Root Fixup: 0.0 ms]
   [Code Root Purge: 0.0 ms]
   [Clear CT: 0.3 ms]
   [Other: 1.0 ms]
      [Choose CSet: 0.0 ms]
      [Ref Proc: 0.2 ms]
      [Ref Enq: 0.0 ms]
      [Redirty Cards: 0.3 ms]
      [Humongous Register: 0.1 ms]
      [Humongous Reclaim: 0.0 ms]
      [Free CSet: 0.2 ms]
   [Eden: 163.0M(163.0M)->0.0B(173.0M) Survivors: 22.0M->24.0M Heap: 1070.2M(2048.0M)->1072.2M(2048.0M)]
 [Times: user=1.20 sys=0.02, real=0.16 secs] 
2020-09-29T11:53:22.781+0200: 8.250: [GC pause (G1 Humongous Allocation) (young) (initial-mark), 0.0563744 secs]
   [Parallel Time: 54.1 ms, GC Workers: 8]
      [GC Worker Start (ms): Min: 8250.7, Avg: 8250.8, Max: 8250.9, Diff: 0.2]
      [Ext Root Scanning (ms): Min: 0.0, Avg: 0.2, Max: 0.3, Diff: 0.3, Sum: 1.6]
      [Update RS (ms): Min: 29.9, Avg: 30.2, Max: 30.7, Diff: 0.8, Sum: 241.5]
         [Processed Buffers: Min: 20, Avg: 23.8, Max: 25, Diff: 5, Sum: 190]
      [Scan RS (ms): Min: 2.0, Avg: 2.5, Max: 2.9, Diff: 0.9, Sum: 19.9]
      [Code Root Scanning (ms): Min: 0.0, Avg: 0.0, Max: 0.0, Diff: 0.0, Sum: 0.0]
      [Object Copy (ms): Min: 20.8, Avg: 20.9, Max: 21.0, Diff: 0.2, Sum: 167.2]
      [Termination (ms): Min: 0.0, Avg: 0.0, Max: 0.1, Diff: 0.0, Sum: 0.3]
         [Termination Attempts: Min: 1, Avg: 146.0, Max: 197, Diff: 196, Sum: 1168]
      [GC Worker Other (ms): Min: 0.0, Avg: 0.0, Max: 0.0, Diff: 0.0, Sum: 0.1]
      [GC Worker Total (ms): Min: 53.7, Avg: 53.8, Max: 53.9, Diff: 0.2, Sum: 430.6]
      [GC Worker End (ms): Min: 8304.6, Avg: 8304.6, Max: 8304.6, Diff: 0.0]
   [Code Root Fixup: 0.0 ms]
   [Code Root Purge: 0.0 ms]
   [Clear CT: 0.7 ms]
   [Other: 1.7 ms]
      [Choose CSet: 0.0 ms]
      [Ref Proc: 0.2 ms]
      [Ref Enq: 0.0 ms]
      [Redirty Cards: 0.9 ms]
      [Humongous Register: 0.1 ms]
      [Humongous Reclaim: 0.0 ms]
      [Free CSet: 0.1 ms]
   [Eden: 8192.0K(173.0M)->0.0B(197.0M) Survivors: 24.0M->9216.0K Heap: 1079.7M(2048.0M)->1083.7M(2048.0M)]
 [Times: user=0.50 sys=0.00, real=0.06 secs] 
2020-09-29T11:53:22.837+0200: 8.307: [GC concurrent-root-region-scan-start]
2020-09-29T11:53:22.841+0200: 8.310: [GC concurrent-root-region-scan-end, 0.0034293 secs]
2020-09-29T11:53:22.841+0200: 8.310: [GC concurrent-mark-start]
2020-09-29T11:53:22.846+0200: 8.316: [GC concurrent-mark-end, 0.0051707 secs]
2020-09-29T11:53:22.847+0200: 8.317: [GC remark 2020-09-29T11:53:22.847+0200: 8.317: [Finalize Marking, 0.0004748 secs] 2020-09-29T11:53:22.848+0200: 8.317: [GC ref-proc, 0.0005368 secs] 2020-09-29T11:53:22.848+0200: 8.318: [Unloading, 0.0006780 secs], 0.0023746 secs]
 [Times: user=0.09 sys=0.00, real=0.00 secs] 
2020-09-29T11:53:22.852+0200: 8.322: [GC cleanup 1096M->33M(2048M), 0.0019929 secs]
 [Times: user=0.00 sys=0.00, real=0.00 secs] 
2020-09-29T11:53:22.854+0200: 8.324: [GC concurrent-cleanup-start]
2020-09-29T11:53:22.857+0200: 8.326: [GC concurrent-cleanup-end, 0.0026259 secs]
2020-09-29T11:53:23.004+0200: 8.473: [GC pause (G1 Evacuation Pause) (young), 0.1691392 secs]
   [Parallel Time: 167.4 ms, GC Workers: 8]
      [GC Worker Start (ms): Min: 8473.4, Avg: 8473.6, Max: 8473.7, Diff: 0.2]
      [Ext Root Scanning (ms): Min: 0.0, Avg: 0.1, Max: 0.2, Diff: 0.2, Sum: 0.7]
      [Update RS (ms): Min: 19.6, Avg: 19.9, Max: 20.4, Diff: 0.8, Sum: 159.0]
         [Processed Buffers: Min: 13, Avg: 14.5, Max: 17, Diff: 4, Sum: 116]
      [Scan RS (ms): Min: 17.4, Avg: 17.9, Max: 18.2, Diff: 0.9, Sum: 143.0]
      [Code Root Scanning (ms): Min: 0.0, Avg: 0.0, Max: 0.0, Diff: 0.0, Sum: 0.0]
      [Object Copy (ms): Min: 129.1, Avg: 129.1, Max: 129.2, Diff: 0.2, Sum: 1033.1]
      [Termination (ms): Min: 0.0, Avg: 0.0, Max: 0.0, Diff: 0.0, Sum: 0.2]
         [Termination Attempts: Min: 1, Avg: 112.5, Max: 154, Diff: 153, Sum: 900]
      [GC Worker Other (ms): Min: 0.0, Avg: 0.0, Max: 0.1, Diff: 0.0, Sum: 0.3]
      [GC Worker Total (ms): Min: 167.0, Avg: 167.0, Max: 167.1, Diff: 0.2, Sum: 1336.3]
      [GC Worker End (ms): Min: 8640.6, Avg: 8640.6, Max: 8640.6, Diff: 0.0]
   [Code Root Fixup: 0.0 ms]
   [Code Root Purge: 0.0 ms]
   [Clear CT: 0.5 ms]
   [Other: 1.3 ms]
      [Choose CSet: 0.0 ms]
      [Ref Proc: 0.3 ms]
      [Ref Enq: 0.0 ms]
      [Redirty Cards: 0.5 ms]
      [Humongous Register: 0.0 ms]
      [Humongous Reclaim: 0.0 ms]
      [Free CSet: 0.2 ms]
   [Eden: 197.0M(197.0M)->0.0B(182.0M) Survivors: 9216.0K->26.0M Heap: 252.3M(2048.0M)->245.8M(2048.0M)]
 [Times: user=1.28 sys=0.08, real=0.17 secs] 
2020-09-29T11:53:23.315+0200: 8.785: [GC pause (G1 Evacuation Pause) (young), 0.1969340 secs]
   [Parallel Time: 195.5 ms, GC Workers: 8]
      [GC Worker Start (ms): Min: 8784.9, Avg: 8785.1, Max: 8785.2, Diff: 0.2]
      [Ext Root Scanning (ms): Min: 0.0, Avg: 0.1, Max: 0.2, Diff: 0.2, Sum: 0.8]
      [Update RS (ms): Min: 27.1, Avg: 27.4, Max: 28.1, Diff: 0.9, Sum: 219.6]
         [Processed Buffers: Min: 17, Avg: 19.4, Max: 22, Diff: 5, Sum: 155]
      [Scan RS (ms): Min: 15.3, Avg: 17.4, Max: 27.0, Diff: 11.7, Sum: 139.0]
      [Code Root Scanning (ms): Min: 0.0, Avg: 0.0, Max: 0.0, Diff: 0.0, Sum: 0.0]
      [Object Copy (ms): Min: 140.7, Avg: 150.1, Max: 151.5, Diff: 10.8, Sum: 1201.2]
      [Termination (ms): Min: 0.0, Avg: 0.2, Max: 0.2, Diff: 0.2, Sum: 1.2]
         [Termination Attempts: Min: 1, Avg: 625.3, Max: 780, Diff: 779, Sum: 5002]
      [GC Worker Other (ms): Min: 0.0, Avg: 0.1, Max: 0.1, Diff: 0.1, Sum: 0.5]
      [GC Worker Total (ms): Min: 195.2, Avg: 195.3, Max: 195.4, Diff: 0.2, Sum: 1562.3]
      [GC Worker End (ms): Min: 8980.3, Avg: 8980.4, Max: 8980.4, Diff: 0.1]
   [Code Root Fixup: 0.0 ms]
   [Code Root Purge: 0.0 ms]
   [Clear CT: 0.3 ms]
   [Other: 1.1 ms]
      [Choose CSet: 0.0 ms]
      [Ref Proc: 0.3 ms]
      [Ref Enq: 0.0 ms]
      [Redirty Cards: 0.3 ms]
      [Humongous Register: 0.0 ms]
      [Humongous Reclaim: 0.0 ms]
      [Free CSet: 0.2 ms]
   [Eden: 182.0M(182.0M)->0.0B(172.0M) Survivors: 26.0M->26.0M Heap: 458.4M(2048.0M)->459.9M(2048.0M)]
 [Times: user=1.44 sys=0.08, real=0.20 secs] 
2020-09-29T11:53:23.655+0200: 9.125: [GC pause (G1 Evacuation Pause) (young), 0.1873266 secs]
   [Parallel Time: 186.0 ms, GC Workers: 8]
      [GC Worker Start (ms): Min: 9124.9, Avg: 9125.1, Max: 9125.2, Diff: 0.2]
      [Ext Root Scanning (ms): Min: 0.0, Avg: 0.1, Max: 0.4, Diff: 0.4, Sum: 0.9]
      [Update RS (ms): Min: 17.9, Avg: 18.3, Max: 18.6, Diff: 0.7, Sum: 146.3]
         [Processed Buffers: Min: 12, Avg: 14.0, Max: 16, Diff: 4, Sum: 112]
      [Scan RS (ms): Min: 18.4, Avg: 18.6, Max: 18.8, Diff: 0.4, Sum: 148.8]
      [Code Root Scanning (ms): Min: 0.0, Avg: 0.0, Max: 0.0, Diff: 0.0, Sum: 0.0]
      [Object Copy (ms): Min: 148.2, Avg: 148.4, Max: 148.5, Diff: 0.3, Sum: 1187.0]
      [Termination (ms): Min: 0.0, Avg: 0.2, Max: 0.2, Diff: 0.2, Sum: 1.3]
         [Termination Attempts: Min: 1, Avg: 770.9, Max: 989, Diff: 988, Sum: 6167]
      [GC Worker Other (ms): Min: 0.0, Avg: 0.0, Max: 0.1, Diff: 0.1, Sum: 0.3]
      [GC Worker Total (ms): Min: 185.5, Avg: 185.6, Max: 185.7, Diff: 0.2, Sum: 1484.7]
      [GC Worker End (ms): Min: 9310.6, Avg: 9310.7, Max: 9310.7, Diff: 0.1]
   [Code Root Fixup: 0.0 ms]
   [Code Root Purge: 0.0 ms]
   [Clear CT: 0.3 ms]
   [Other: 1.0 ms]
      [Choose CSet: 0.0 ms]
      [Ref Proc: 0.2 ms]
      [Ref Enq: 0.0 ms]
      [Redirty Cards: 0.3 ms]
      [Humongous Register: 0.0 ms]
      [Humongous Reclaim: 0.0 ms]
      [Free CSet: 0.1 ms]
   [Eden: 172.0M(172.0M)->0.0B(167.0M) Survivors: 26.0M->25.0M Heap: 660.5M(2048.0M)->662.5M(2048.0M)]
 [Times: user=1.39 sys=0.05, real=0.19 secs] 
2020-09-29T11:53:23.978+0200: 9.448: [GC pause (G1 Evacuation Pause) (young), 0.1761242 secs]
   [Parallel Time: 174.9 ms, GC Workers: 8]
      [GC Worker Start (ms): Min: 9448.1, Avg: 9448.2, Max: 9448.3, Diff: 0.2]
      [Ext Root Scanning (ms): Min: 0.0, Avg: 0.1, Max: 0.2, Diff: 0.2, Sum: 0.7]
      [Update RS (ms): Min: 18.3, Avg: 18.7, Max: 19.8, Diff: 1.5, Sum: 149.7]
         [Processed Buffers: Min: 10, Avg: 12.3, Max: 15, Diff: 5, Sum: 98]
      [Scan RS (ms): Min: 18.1, Avg: 19.1, Max: 19.5, Diff: 1.4, Sum: 152.6]
      [Code Root Scanning (ms): Min: 0.0, Avg: 0.0, Max: 0.0, Diff: 0.0, Sum: 0.0]
      [Object Copy (ms): Min: 136.3, Avg: 136.5, Max: 136.7, Diff: 0.4, Sum: 1091.7]
      [Termination (ms): Min: 0.0, Avg: 0.2, Max: 0.2, Diff: 0.2, Sum: 1.5]
         [Termination Attempts: Min: 1, Avg: 833.9, Max: 1019, Diff: 1018, Sum: 6671]
      [GC Worker Other (ms): Min: 0.0, Avg: 0.0, Max: 0.0, Diff: 0.0, Sum: 0.2]
      [GC Worker Total (ms): Min: 174.5, Avg: 174.6, Max: 174.7, Diff: 0.2, Sum: 1396.4]
      [GC Worker End (ms): Min: 9622.8, Avg: 9622.8, Max: 9622.8, Diff: 0.0]
   [Code Root Fixup: 0.0 ms]
   [Code Root Purge: 0.0 ms]
   [Clear CT: 0.2 ms]
   [Other: 1.0 ms]
      [Choose CSet: 0.0 ms]
      [Ref Proc: 0.2 ms]
      [Ref Enq: 0.0 ms]
      [Redirty Cards: 0.4 ms]
      [Humongous Register: 0.1 ms]
      [Humongous Reclaim: 0.0 ms]
      [Free CSet: 0.2 ms]
   [Eden: 167.0M(167.0M)->0.0B(168.0M) Survivors: 25.0M->24.0M Heap: 856.2M(2048.0M)->857.7M(2048.0M)]
 [Times: user=1.30 sys=0.05, real=0.18 secs] 
2020-09-29T11:53:24.286+0200: 9.756: [GC pause (G1 Evacuation Pause) (young), 0.1768661 secs]
   [Parallel Time: 175.3 ms, GC Workers: 8]
      [GC Worker Start (ms): Min: 9755.9, Avg: 9756.0, Max: 9756.1, Diff: 0.2]
      [Ext Root Scanning (ms): Min: 0.0, Avg: 0.1, Max: 0.2, Diff: 0.2, Sum: 0.7]
      [Update RS (ms): Min: 23.8, Avg: 24.2, Max: 24.5, Diff: 0.7, Sum: 193.3]
         [Processed Buffers: Min: 15, Avg: 16.5, Max: 19, Diff: 4, Sum: 132]
      [Scan RS (ms): Min: 15.7, Avg: 17.3, Max: 25.7, Diff: 10.0, Sum: 138.1]
      [Code Root Scanning (ms): Min: 0.0, Avg: 0.0, Max: 0.0, Diff: 0.0, Sum: 0.0]
      [Object Copy (ms): Min: 125.1, Avg: 133.3, Max: 134.6, Diff: 9.5, Sum: 1066.6]
      [Termination (ms): Min: 0.0, Avg: 0.1, Max: 0.1, Diff: 0.1, Sum: 0.6]
         [Termination Attempts: Min: 1, Avg: 335.4, Max: 450, Diff: 449, Sum: 2683]
      [GC Worker Other (ms): Min: 0.0, Avg: 0.0, Max: 0.1, Diff: 0.0, Sum: 0.3]
      [GC Worker Total (ms): Min: 174.9, Avg: 174.9, Max: 175.1, Diff: 0.2, Sum: 1399.6]
      [GC Worker End (ms): Min: 9931.0, Avg: 9931.0, Max: 9931.0, Diff: 0.0]
   [Code Root Fixup: 0.0 ms]
   [Code Root Purge: 0.0 ms]
   [Clear CT: 0.4 ms]
   [Other: 1.2 ms]
      [Choose CSet: 0.0 ms]
      [Ref Proc: 0.2 ms]
      [Ref Enq: 0.0 ms]
      [Redirty Cards: 0.5 ms]
      [Humongous Register: 0.1 ms]
      [Humongous Reclaim: 0.0 ms]
      [Free CSet: 0.2 ms]
   [Eden: 168.0M(168.0M)->0.0B(170.0M) Survivors: 24.0M->24.0M Heap: 1054.3M(2048.0M)->1055.8M(2048.0M)]
 [Times: user=1.23 sys=0.05, real=0.18 secs] 
2020-09-29T11:53:24.468+0200: 9.938: [GC pause (G1 Humongous Allocation) (young) (initial-mark), 0.0750067 secs]
   [Parallel Time: 73.9 ms, GC Workers: 8]
      [GC Worker Start (ms): Min: 9938.6, Avg: 9938.6, Max: 9938.8, Diff: 0.2]
      [Ext Root Scanning (ms): Min: 0.0, Avg: 0.2, Max: 0.5, Diff: 0.5, Sum: 1.7]
      [Update RS (ms): Min: 38.1, Avg: 38.8, Max: 39.6, Diff: 1.6, Sum: 310.3]
         [Processed Buffers: Min: 27, Avg: 29.4, Max: 33, Diff: 6, Sum: 235]
      [Scan RS (ms): Min: 0.6, Avg: 3.1, Max: 15.1, Diff: 14.5, Sum: 24.5]
      [Code Root Scanning (ms): Min: 0.0, Avg: 0.0, Max: 0.0, Diff: 0.0, Sum: 0.0]
      [Object Copy (ms): Min: 19.4, Avg: 31.3, Max: 33.1, Diff: 13.7, Sum: 250.5]
      [Termination (ms): Min: 0.1, Avg: 0.2, Max: 0.3, Diff: 0.2, Sum: 1.6]
         [Termination Attempts: Min: 1, Avg: 668.1, Max: 919, Diff: 918, Sum: 5345]
      [GC Worker Other (ms): Min: 0.0, Avg: 0.0, Max: 0.0, Diff: 0.0, Sum: 0.1]
      [GC Worker Total (ms): Min: 73.4, Avg: 73.6, Max: 73.7, Diff: 0.2, Sum: 588.7]
      [GC Worker End (ms): Min: 10012.2, Avg: 10012.2, Max: 10012.2, Diff: 0.0]
   [Code Root Fixup: 0.0 ms]
   [Code Root Purge: 0.0 ms]
   [Clear CT: 0.3 ms]
   [Other: 0.8 ms]
      [Choose CSet: 0.0 ms]
      [Ref Proc: 0.2 ms]
      [Ref Enq: 0.0 ms]
      [Redirty Cards: 0.3 ms]
      [Humongous Register: 0.0 ms]
      [Humongous Reclaim: 0.0 ms]
      [Free CSet: 0.1 ms]
   [Eden: 7168.0K(170.0M)->0.0B(155.0M) Survivors: 24.0M->9216.0K Heap: 1062.8M(2048.0M)->1066.8M(2048.0M)]
 [Times: user=0.56 sys=0.00, real=0.08 secs] 
2020-09-29T11:53:24.543+0200: 10.014: [GC concurrent-root-region-scan-start]
2020-09-29T11:53:24.547+0200: 10.017: [GC concurrent-root-region-scan-end, 0.0036032 secs]
2020-09-29T11:53:24.547+0200: 10.017: [GC concurrent-mark-start]
2020-09-29T11:53:24.551+0200: 10.021: [GC concurrent-mark-end, 0.0038016 secs]
2020-09-29T11:53:24.551+0200: 10.021: [GC remark 2020-09-29T11:53:24.551+0200: 10.021: [Finalize Marking, 0.0003038 secs] 2020-09-29T11:53:24.551+0200: 10.022: [GC ref-proc, 0.0004277 secs] 2020-09-29T11:53:24.552+0200: 10.022: [Unloading, 0.0007419 secs], 0.0019943 secs]
 [Times: user=0.00 sys=0.00, real=0.00 secs] 
2020-09-29T11:53:24.554+0200: 10.024: [GC cleanup 1078M->32M(2048M), 0.0020284 secs]
 [Times: user=0.00 sys=0.00, real=0.00 secs] 
2020-09-29T11:53:24.556+0200: 10.026: [GC concurrent-cleanup-start]
2020-09-29T11:53:24.559+0200: 10.029: [GC concurrent-cleanup-end, 0.0029270 secs]
2020-09-29T11:53:24.670+0200: 10.141: [GC pause (G1 Evacuation Pause) (young), 0.1514634 secs]
   [Parallel Time: 150.1 ms, GC Workers: 8]
      [GC Worker Start (ms): Min: 10140.8, Avg: 10140.8, Max: 10140.9, Diff: 0.1]
      [Ext Root Scanning (ms): Min: 0.0, Avg: 0.1, Max: 0.2, Diff: 0.1, Sum: 0.9]
      [Update RS (ms): Min: 17.6, Avg: 18.0, Max: 18.9, Diff: 1.3, Sum: 144.0]
         [Processed Buffers: Min: 10, Avg: 12.1, Max: 15, Diff: 5, Sum: 97]
      [Scan RS (ms): Min: 14.2, Avg: 15.2, Max: 16.1, Diff: 1.9, Sum: 121.9]
      [Code Root Scanning (ms): Min: 0.0, Avg: 0.0, Max: 0.0, Diff: 0.0, Sum: 0.0]
      [Object Copy (ms): Min: 115.6, Avg: 116.5, Max: 116.7, Diff: 1.2, Sum: 931.7]
      [Termination (ms): Min: 0.0, Avg: 0.1, Max: 0.1, Diff: 0.1, Sum: 0.5]
         [Termination Attempts: Min: 1, Avg: 258.4, Max: 332, Diff: 331, Sum: 2067]
      [GC Worker Other (ms): Min: 0.0, Avg: 0.0, Max: 0.1, Diff: 0.0, Sum: 0.3]
      [GC Worker Total (ms): Min: 149.8, Avg: 149.9, Max: 150.0, Diff: 0.1, Sum: 1199.4]
      [GC Worker End (ms): Min: 10290.7, Avg: 10290.8, Max: 10290.8, Diff: 0.1]
   [Code Root Fixup: 0.0 ms]
   [Code Root Purge: 0.0 ms]
   [Clear CT: 0.3 ms]
   [Other: 1.0 ms]
      [Choose CSet: 0.0 ms]
      [Ref Proc: 0.2 ms]
      [Ref Enq: 0.0 ms]
      [Redirty Cards: 0.3 ms]
      [Humongous Register: 0.1 ms]
      [Humongous Reclaim: 0.0 ms]
      [Free CSet: 0.2 ms]
   [Eden: 155.0M(155.0M)->0.0B(151.0M) Survivors: 9216.0K->21.0M Heap: 202.2M(2048.0M)->195.7M(2048.0M)]
 [Times: user=1.19 sys=0.00, real=0.15 secs] 
2020-09-29T11:53:24.939+0200: 10.409: [GC pause (G1 Evacuation Pause) (young), 0.1666182 secs]
   [Parallel Time: 165.0 ms, GC Workers: 8]
      [GC Worker Start (ms): Min: 10409.5, Avg: 10409.6, Max: 10409.7, Diff: 0.3]
      [Ext Root Scanning (ms): Min: 0.0, Avg: 0.1, Max: 0.2, Diff: 0.2, Sum: 0.7]
      [Update RS (ms): Min: 19.6, Avg: 20.0, Max: 21.0, Diff: 1.3, Sum: 160.2]
         [Processed Buffers: Min: 12, Avg: 13.5, Max: 16, Diff: 4, Sum: 108]
      [Scan RS (ms): Min: 13.9, Avg: 15.0, Max: 15.5, Diff: 1.6, Sum: 119.8]
      [Code Root Scanning (ms): Min: 0.0, Avg: 0.0, Max: 0.0, Diff: 0.0, Sum: 0.0]
      [Object Copy (ms): Min: 129.2, Avg: 129.4, Max: 129.5, Diff: 0.3, Sum: 1035.1]
      [Termination (ms): Min: 0.0, Avg: 0.1, Max: 0.1, Diff: 0.1, Sum: 0.6]
         [Termination Attempts: Min: 1, Avg: 333.6, Max: 490, Diff: 489, Sum: 2669]
      [GC Worker Other (ms): Min: 0.0, Avg: 0.0, Max: 0.1, Diff: 0.1, Sum: 0.3]
      [GC Worker Total (ms): Min: 164.5, Avg: 164.6, Max: 164.8, Diff: 0.3, Sum: 1316.8]
      [GC Worker End (ms): Min: 10574.2, Avg: 10574.2, Max: 10574.2, Diff: 0.1]
   [Code Root Fixup: 0.0 ms]
   [Code Root Purge: 0.0 ms]
   [Clear CT: 0.3 ms]
   [Other: 1.3 ms]
      [Choose CSet: 0.0 ms]
      [Ref Proc: 0.4 ms]
      [Ref Enq: 0.0 ms]
      [Redirty Cards: 0.5 ms]
      [Humongous Register: 0.0 ms]
      [Humongous Reclaim: 0.0 ms]
      [Free CSet: 0.1 ms]
   [Eden: 151.0M(151.0M)->0.0B(152.0M) Survivors: 21.0M->22.0M Heap: 371.5M(2048.0M)->374.0M(2048.0M)]
 [Times: user=1.22 sys=0.03, real=0.17 secs] 
2020-09-29T11:53:25.231+0200: 10.701: [GC pause (G1 Evacuation Pause) (young), 0.1552199 secs]
   [Parallel Time: 153.8 ms, GC Workers: 8]
      [GC Worker Start (ms): Min: 10701.4, Avg: 10701.6, Max: 10701.7, Diff: 0.2]
      [Ext Root Scanning (ms): Min: 0.0, Avg: 0.1, Max: 0.2, Diff: 0.2, Sum: 0.6]
      [Update RS (ms): Min: 18.6, Avg: 18.9, Max: 19.7, Diff: 1.1, Sum: 151.2]
         [Processed Buffers: Min: 10, Avg: 13.3, Max: 18, Diff: 8, Sum: 106]
      [Scan RS (ms): Min: 15.7, Avg: 16.6, Max: 17.0, Diff: 1.3, Sum: 133.0]
      [Code Root Scanning (ms): Min: 0.0, Avg: 0.0, Max: 0.0, Diff: 0.0, Sum: 0.0]
      [Object Copy (ms): Min: 117.7, Avg: 117.9, Max: 118.0, Diff: 0.2, Sum: 943.1]
      [Termination (ms): Min: 0.0, Avg: 0.1, Max: 0.1, Diff: 0.1, Sum: 0.5]
         [Termination Attempts: Min: 1, Avg: 245.1, Max: 347, Diff: 346, Sum: 1961]
      [GC Worker Other (ms): Min: 0.0, Avg: 0.0, Max: 0.1, Diff: 0.1, Sum: 0.4]
      [GC Worker Total (ms): Min: 153.5, Avg: 153.6, Max: 153.7, Diff: 0.2, Sum: 1228.8]
      [GC Worker End (ms): Min: 10855.2, Avg: 10855.2, Max: 10855.2, Diff: 0.1]
   [Code Root Fixup: 0.0 ms]
   [Code Root Purge: 0.0 ms]
   [Clear CT: 0.3 ms]
   [Other: 1.1 ms]
      [Choose CSet: 0.0 ms]
      [Ref Proc: 0.3 ms]
      [Ref Enq: 0.0 ms]
      [Redirty Cards: 0.3 ms]
      [Humongous Register: 0.0 ms]
      [Humongous Reclaim: 0.0 ms]
      [Free CSet: 0.2 ms]
   [Eden: 152.0M(152.0M)->0.0B(160.0M) Survivors: 22.0M->22.0M Heap: 552.7M(2048.0M)->554.7M(2048.0M)]
 [Times: user=1.16 sys=0.06, real=0.16 secs] 
2020-09-29T11:53:25.528+0200: 10.998: [GC pause (G1 Evacuation Pause) (young), 0.1677444 secs]
   [Parallel Time: 166.1 ms, GC Workers: 8]
      [GC Worker Start (ms): Min: 10997.9, Avg: 10998.4, Max: 11000.7, Diff: 2.8]
      [Ext Root Scanning (ms): Min: 0.0, Avg: 0.1, Max: 0.2, Diff: 0.2, Sum: 0.8]
      [Update RS (ms): Min: 22.3, Avg: 24.8, Max: 25.7, Diff: 3.4, Sum: 198.5]
         [Processed Buffers: Min: 10, Avg: 15.1, Max: 17, Diff: 7, Sum: 121]
      [Scan RS (ms): Min: 13.6, Avg: 14.2, Max: 14.9, Diff: 1.3, Sum: 113.3]
      [Code Root Scanning (ms): Min: 0.0, Avg: 0.0, Max: 0.0, Diff: 0.0, Sum: 0.0]
      [Object Copy (ms): Min: 126.0, Avg: 126.2, Max: 126.3, Diff: 0.4, Sum: 1009.6]
      [Termination (ms): Min: 0.0, Avg: 0.1, Max: 0.2, Diff: 0.2, Sum: 1.2]
         [Termination Attempts: Min: 1, Avg: 601.1, Max: 823, Diff: 822, Sum: 4809]
      [GC Worker Other (ms): Min: 0.0, Avg: 0.0, Max: 0.1, Diff: 0.0, Sum: 0.3]
      [GC Worker Total (ms): Min: 163.1, Avg: 165.5, Max: 165.9, Diff: 2.8, Sum: 1323.7]
      [GC Worker End (ms): Min: 11163.8, Avg: 11163.8, Max: 11163.8, Diff: 0.0]
   [Code Root Fixup: 0.0 ms]
   [Code Root Purge: 0.0 ms]
   [Clear CT: 0.3 ms]
   [Other: 1.4 ms]
      [Choose CSet: 0.0 ms]
      [Ref Proc: 0.3 ms]
      [Ref Enq: 0.0 ms]
      [Redirty Cards: 0.4 ms]
      [Humongous Register: 0.1 ms]
      [Humongous Reclaim: 0.0 ms]
      [Free CSet: 0.2 ms]
   [Eden: 160.0M(160.0M)->0.0B(164.0M) Survivors: 22.0M->23.0M Heap: 739.5M(2048.0M)->741.0M(2048.0M)]
 [Times: user=1.28 sys=0.03, real=0.17 secs] 
2020-09-29T11:53:25.830+0200: 11.300: [GC pause (G1 Evacuation Pause) (young), 0.1543984 secs]
   [Parallel Time: 152.9 ms, GC Workers: 8]
      [GC Worker Start (ms): Min: 11300.2, Avg: 11300.3, Max: 11300.4, Diff: 0.2]
      [Ext Root Scanning (ms): Min: 0.0, Avg: 0.1, Max: 0.2, Diff: 0.2, Sum: 0.6]
      [Update RS (ms): Min: 19.7, Avg: 20.2, Max: 21.1, Diff: 1.4, Sum: 161.4]
         [Processed Buffers: Min: 13, Avg: 14.5, Max: 16, Diff: 3, Sum: 116]
      [Scan RS (ms): Min: 15.2, Avg: 16.0, Max: 16.5, Diff: 1.3, Sum: 128.2]
      [Code Root Scanning (ms): Min: 0.0, Avg: 0.0, Max: 0.0, Diff: 0.0, Sum: 0.0]
      [Object Copy (ms): Min: 116.0, Avg: 116.2, Max: 116.3, Diff: 0.3, Sum: 929.6]
      [Termination (ms): Min: 0.0, Avg: 0.0, Max: 0.0, Diff: 0.0, Sum: 0.2]
         [Termination Attempts: Min: 1, Avg: 136.5, Max: 172, Diff: 171, Sum: 1092]
      [GC Worker Other (ms): Min: 0.0, Avg: 0.0, Max: 0.1, Diff: 0.0, Sum: 0.2]
      [GC Worker Total (ms): Min: 152.4, Avg: 152.5, Max: 152.7, Diff: 0.3, Sum: 1220.3]
      [GC Worker End (ms): Min: 11452.8, Avg: 11452.9, Max: 11452.9, Diff: 0.0]
   [Code Root Fixup: 0.0 ms]
   [Code Root Purge: 0.0 ms]
   [Clear CT: 0.3 ms]
   [Other: 1.3 ms]
      [Choose CSet: 0.0 ms]
      [Ref Proc: 0.3 ms]
      [Ref Enq: 0.0 ms]
      [Redirty Cards: 0.6 ms]
      [Humongous Register: 0.1 ms]
      [Humongous Reclaim: 0.0 ms]
      [Free CSet: 0.1 ms]
   [Eden: 164.0M(164.0M)->0.0B(172.0M) Survivors: 23.0M->24.0M Heap: 933.6M(2048.0M)->935.1M(2048.0M)]
 [Times: user=1.19 sys=0.06, real=0.15 secs] 
2020-09-29T11:53:26.010+0200: 11.480: [GC pause (G1 Humongous Allocation) (young) (initial-mark), 0.0456052 secs]
   [Parallel Time: 44.5 ms, GC Workers: 8]
      [GC Worker Start (ms): Min: 11480.3, Avg: 11480.4, Max: 11480.5, Diff: 0.2]
      [Ext Root Scanning (ms): Min: 0.0, Avg: 0.1, Max: 0.2, Diff: 0.2, Sum: 0.8]
      [Update RS (ms): Min: 13.9, Avg: 14.3, Max: 14.8, Diff: 0.9, Sum: 114.4]
         [Processed Buffers: Min: 9, Avg: 11.5, Max: 13, Diff: 4, Sum: 92]
      [Scan RS (ms): Min: 2.5, Avg: 2.9, Max: 3.3, Diff: 0.8, Sum: 23.2]
      [Code Root Scanning (ms): Min: 0.0, Avg: 0.0, Max: 0.0, Diff: 0.0, Sum: 0.0]
      [Object Copy (ms): Min: 26.7, Avg: 26.8, Max: 26.8, Diff: 0.1, Sum: 214.4]
      [Termination (ms): Min: 0.0, Avg: 0.0, Max: 0.0, Diff: 0.0, Sum: 0.0]
         [Termination Attempts: Min: 1, Avg: 13.1, Max: 18, Diff: 17, Sum: 105]
      [GC Worker Other (ms): Min: 0.0, Avg: 0.0, Max: 0.0, Diff: 0.0, Sum: 0.1]
      [GC Worker Total (ms): Min: 44.0, Avg: 44.1, Max: 44.2, Diff: 0.2, Sum: 352.9]
      [GC Worker End (ms): Min: 11524.5, Avg: 11524.5, Max: 11524.5, Diff: 0.0]
   [Code Root Fixup: 0.0 ms]
   [Code Root Purge: 0.0 ms]
   [Clear CT: 0.3 ms]
   [Other: 0.8 ms]
      [Choose CSet: 0.0 ms]
      [Ref Proc: 0.3 ms]
      [Ref Enq: 0.0 ms]
      [Redirty Cards: 0.2 ms]
      [Humongous Register: 0.0 ms]
      [Humongous Reclaim: 0.0 ms]
      [Free CSet: 0.1 ms]
   [Eden: 20.0M(172.0M)->0.0B(198.0M) Survivors: 24.0M->21.0M Heap: 956.5M(2048.0M)->960.5M(2048.0M)]
 [Times: user=0.38 sys=0.00, real=0.05 secs] 
2020-09-29T11:53:26.056+0200: 11.526: [GC concurrent-root-region-scan-start]
2020-09-29T11:53:26.062+0200: 11.531: [GC concurrent-root-region-scan-end, 0.0054209 secs]
2020-09-29T11:53:26.062+0200: 11.531: [GC concurrent-mark-start]
2020-09-29T11:53:26.065+0200: 11.535: [GC concurrent-mark-end, 0.0032002 secs]
2020-09-29T11:53:26.065+0200: 11.535: [GC remark 2020-09-29T11:53:26.065+0200: 11.535: [Finalize Marking, 0.0003533 secs] 2020-09-29T11:53:26.066+0200: 11.535: [GC ref-proc, 0.0004168 secs] 2020-09-29T11:53:26.066+0200: 11.536: [Unloading, 0.0006505 secs], 0.0017911 secs]
 [Times: user=0.00 sys=0.00, real=0.00 secs] 
2020-09-29T11:53:26.067+0200: 11.537: [GC cleanup 975M->48M(2048M), 0.0014812 secs]
 [Times: user=0.00 sys=0.00, real=0.00 secs] 
2020-09-29T11:53:26.069+0200: 11.539: [GC concurrent-cleanup-start]
2020-09-29T11:53:26.070+0200: 11.540: [GC concurrent-cleanup-end, 0.0012809 secs]
2020-09-29T11:53:26.211+0200: 11.681: [GC pause (G1 Evacuation Pause) (young), 0.1857328 secs]
   [Parallel Time: 180.2 ms, GC Workers: 8]
      [GC Worker Start (ms): Min: 11680.9, Avg: 11680.9, Max: 11681.0, Diff: 0.1]
      [Ext Root Scanning (ms): Min: 0.0, Avg: 0.1, Max: 0.2, Diff: 0.1, Sum: 0.9]
      [Update RS (ms): Min: 15.5, Avg: 15.7, Max: 16.2, Diff: 0.8, Sum: 126.0]
         [Processed Buffers: Min: 9, Avg: 11.5, Max: 13, Diff: 4, Sum: 92]
      [Scan RS (ms): Min: 22.0, Avg: 22.7, Max: 23.3, Diff: 1.3, Sum: 181.3]
      [Code Root Scanning (ms): Min: 0.0, Avg: 0.0, Max: 0.0, Diff: 0.0, Sum: 0.0]
      [Object Copy (ms): Min: 140.9, Avg: 141.3, Max: 141.5, Diff: 0.6, Sum: 1130.6]
      [Termination (ms): Min: 0.0, Avg: 0.1, Max: 0.1, Diff: 0.1, Sum: 0.9]
         [Termination Attempts: Min: 1, Avg: 444.3, Max: 571, Diff: 570, Sum: 3554]
      [GC Worker Other (ms): Min: 0.0, Avg: 0.0, Max: 0.1, Diff: 0.0, Sum: 0.3]
      [GC Worker Total (ms): Min: 179.9, Avg: 180.0, Max: 180.0, Diff: 0.1, Sum: 1439.9]
      [GC Worker End (ms): Min: 11860.9, Avg: 11860.9, Max: 11861.0, Diff: 0.0]
   [Code Root Fixup: 0.0 ms]
   [Code Root Purge: 0.0 ms]
   [Clear CT: 1.4 ms]
   [Other: 4.1 ms]
      [Choose CSet: 0.0 ms]
      [Ref Proc: 0.3 ms]
      [Ref Enq: 0.0 ms]
      [Redirty Cards: 0.6 ms]
      [Humongous Register: 0.1 ms]
      [Humongous Reclaim: 0.0 ms]
      [Free CSet: 1.4 ms]
   [Eden: 198.0M(198.0M)->0.0B(177.0M) Survivors: 21.0M->28.0M Heap: 265.3M(2048.0M)->246.3M(2048.0M)]
 [Times: user=1.25 sys=0.06, real=0.19 secs] 
2020-09-29T11:53:26.496+0200: 11.966: [GC pause (G1 Evacuation Pause) (young), 0.1064253 secs]
   [Parallel Time: 104.9 ms, GC Workers: 8]
      [GC Worker Start (ms): Min: 11965.8, Avg: 11965.9, Max: 11965.9, Diff: 0.2]
      [Ext Root Scanning (ms): Min: 0.0, Avg: 0.1, Max: 0.2, Diff: 0.1, Sum: 0.5]
      [Update RS (ms): Min: 13.5, Avg: 13.8, Max: 14.1, Diff: 0.6, Sum: 110.2]
         [Processed Buffers: Min: 14, Avg: 14.6, Max: 18, Diff: 4, Sum: 117]
      [Scan RS (ms): Min: 10.9, Avg: 11.2, Max: 11.5, Diff: 0.6, Sum: 89.9]
      [Code Root Scanning (ms): Min: 0.0, Avg: 0.0, Max: 0.0, Diff: 0.0, Sum: 0.0]
      [Object Copy (ms): Min: 79.4, Avg: 79.5, Max: 79.5, Diff: 0.1, Sum: 635.7]
      [Termination (ms): Min: 0.0, Avg: 0.0, Max: 0.0, Diff: 0.0, Sum: 0.1]
         [Termination Attempts: Min: 1, Avg: 47.0, Max: 62, Diff: 61, Sum: 376]
      [GC Worker Other (ms): Min: 0.0, Avg: 0.0, Max: 0.1, Diff: 0.0, Sum: 0.2]
      [GC Worker Total (ms): Min: 104.5, Avg: 104.6, Max: 104.7, Diff: 0.2, Sum: 836.6]
      [GC Worker End (ms): Min: 12070.4, Avg: 12070.4, Max: 12070.5, Diff: 0.0]
   [Code Root Fixup: 0.0 ms]
   [Code Root Purge: 0.0 ms]
   [Clear CT: 0.4 ms]
   [Other: 1.2 ms]
      [Choose CSet: 0.0 ms]
      [Ref Proc: 0.4 ms]
      [Ref Enq: 0.0 ms]
      [Redirty Cards: 0.4 ms]
      [Humongous Register: 0.0 ms]
      [Humongous Reclaim: 0.0 ms]
      [Free CSet: 0.1 ms]
   [Eden: 177.0M(177.0M)->0.0B(197.0M) Survivors: 28.0M->26.0M Heap: 451.9M(2048.0M)->453.4M(2048.0M)]
 [Times: user=0.83 sys=0.05, real=0.11 secs] 
2020-09-29T11:53:26.704+0200: 12.173: [GC pause (G1 Evacuation Pause) (young), 0.1229109 secs]
   [Parallel Time: 122.0 ms, GC Workers: 8]
      [GC Worker Start (ms): Min: 12173.6, Avg: 12173.6, Max: 12173.6, Diff: 0.1]
      [Ext Root Scanning (ms): Min: 0.0, Avg: 0.1, Max: 0.1, Diff: 0.1, Sum: 0.6]
      [Update RS (ms): Min: 14.6, Avg: 15.1, Max: 15.5, Diff: 1.0, Sum: 120.4]
         [Processed Buffers: Min: 15, Avg: 15.8, Max: 17, Diff: 2, Sum: 126]
      [Scan RS (ms): Min: 11.7, Avg: 12.1, Max: 12.7, Diff: 1.0, Sum: 97.2]
      [Code Root Scanning (ms): Min: 0.0, Avg: 0.0, Max: 0.0, Diff: 0.0, Sum: 0.0]
      [Object Copy (ms): Min: 94.0, Avg: 94.4, Max: 94.6, Diff: 0.6, Sum: 755.6]
      [Termination (ms): Min: 0.0, Avg: 0.0, Max: 0.0, Diff: 0.0, Sum: 0.2]
         [Termination Attempts: Min: 1, Avg: 199.5, Max: 271, Diff: 270, Sum: 1596]
      [GC Worker Other (ms): Min: 0.0, Avg: 0.0, Max: 0.1, Diff: 0.1, Sum: 0.3]
      [GC Worker Total (ms): Min: 121.7, Avg: 121.8, Max: 121.8, Diff: 0.1, Sum: 974.3]
      [GC Worker End (ms): Min: 12295.4, Avg: 12295.4, Max: 12295.4, Diff: 0.1]
   [Code Root Fixup: 0.0 ms]
   [Code Root Purge: 0.0 ms]
   [Clear CT: 0.2 ms]
   [Other: 0.8 ms]
      [Choose CSet: 0.0 ms]
      [Ref Proc: 0.2 ms]
      [Ref Enq: 0.0 ms]
      [Redirty Cards: 0.2 ms]
      [Humongous Register: 0.0 ms]
      [Humongous Reclaim: 0.0 ms]
      [Free CSet: 0.2 ms]
   [Eden: 197.0M(197.0M)->0.0B(215.0M) Survivors: 26.0M->28.0M Heap: 682.9M(2048.0M)->684.4M(2048.0M)]
 [Times: user=0.89 sys=0.06, real=0.12 secs] 
2020-09-29T11:53:26.935+0200: 12.405: [GC pause (G1 Evacuation Pause) (young), 0.1262441 secs]
   [Parallel Time: 125.0 ms, GC Workers: 8]
      [GC Worker Start (ms): Min: 12405.2, Avg: 12405.2, Max: 12405.3, Diff: 0.1]
      [Ext Root Scanning (ms): Min: 0.0, Avg: 0.1, Max: 0.1, Diff: 0.1, Sum: 0.5]
      [Update RS (ms): Min: 15.6, Avg: 15.9, Max: 16.2, Diff: 0.7, Sum: 127.2]
         [Processed Buffers: Min: 16, Avg: 16.9, Max: 18, Diff: 2, Sum: 135]
      [Scan RS (ms): Min: 13.6, Avg: 14.0, Max: 14.3, Diff: 0.7, Sum: 111.9]
      [Code Root Scanning (ms): Min: 0.0, Avg: 0.0, Max: 0.0, Diff: 0.0, Sum: 0.0]
      [Object Copy (ms): Min: 94.8, Avg: 94.9, Max: 94.9, Diff: 0.2, Sum: 758.9]
      [Termination (ms): Min: 0.0, Avg: 0.0, Max: 0.0, Diff: 0.0, Sum: 0.1]
         [Termination Attempts: Min: 1, Avg: 92.9, Max: 116, Diff: 115, Sum: 743]
      [GC Worker Other (ms): Min: 0.0, Avg: 0.0, Max: 0.0, Diff: 0.0, Sum: 0.2]
      [GC Worker Total (ms): Min: 124.8, Avg: 124.9, Max: 125.0, Diff: 0.2, Sum: 998.9]
      [GC Worker End (ms): Min: 12530.1, Avg: 12530.1, Max: 12530.1, Diff: 0.0]
   [Code Root Fixup: 0.0 ms]
   [Code Root Purge: 0.0 ms]
   [Clear CT: 0.3 ms]
   [Other: 1.0 ms]
      [Choose CSet: 0.0 ms]
      [Ref Proc: 0.2 ms]
      [Ref Enq: 0.0 ms]
      [Redirty Cards: 0.4 ms]
      [Humongous Register: 0.0 ms]
      [Humongous Reclaim: 0.0 ms]
      [Free CSet: 0.2 ms]
   [Eden: 215.0M(215.0M)->0.0B(233.0M) Survivors: 28.0M->31.0M Heap: 935.6M(2048.0M)->937.6M(2048.0M)]
 [Times: user=0.95 sys=0.05, real=0.13 secs] 
2020-09-29T11:53:27.087+0200: 12.557: [GC pause (G1 Humongous Allocation) (young) (initial-mark), 0.0563277 secs]
   [Parallel Time: 55.4 ms, GC Workers: 8]
      [GC Worker Start (ms): Min: 12557.5, Avg: 12557.6, Max: 12557.7, Diff: 0.1]
      [Ext Root Scanning (ms): Min: 0.0, Avg: 0.1, Max: 0.2, Diff: 0.2, Sum: 1.0]
      [Update RS (ms): Min: 15.1, Avg: 15.4, Max: 15.8, Diff: 0.7, Sum: 123.5]
         [Processed Buffers: Min: 17, Avg: 18.1, Max: 20, Diff: 3, Sum: 145]
      [Scan RS (ms): Min: 2.3, Avg: 2.7, Max: 3.0, Diff: 0.7, Sum: 21.8]
      [Code Root Scanning (ms): Min: 0.0, Avg: 0.0, Max: 0.0, Diff: 0.0, Sum: 0.0]
      [Object Copy (ms): Min: 36.6, Avg: 36.8, Max: 36.9, Diff: 0.3, Sum: 294.4]
      [Termination (ms): Min: 0.0, Avg: 0.1, Max: 0.2, Diff: 0.2, Sum: 1.1]
         [Termination Attempts: Min: 1, Avg: 930.9, Max: 1200, Diff: 1199, Sum: 7447]
      [GC Worker Other (ms): Min: 0.0, Avg: 0.0, Max: 0.0, Diff: 0.0, Sum: 0.2]
      [GC Worker Total (ms): Min: 55.2, Avg: 55.2, Max: 55.3, Diff: 0.1, Sum: 441.9]
      [GC Worker End (ms): Min: 12612.8, Avg: 12612.8, Max: 12612.8, Diff: 0.0]
   [Code Root Fixup: 0.0 ms]
   [Code Root Purge: 0.0 ms]
   [Clear CT: 0.2 ms]
   [Other: 0.7 ms]
      [Choose CSet: 0.0 ms]
      [Ref Proc: 0.1 ms]
      [Ref Enq: 0.0 ms]
      [Redirty Cards: 0.2 ms]
      [Humongous Register: 0.0 ms]
      [Humongous Reclaim: 0.0 ms]
      [Free CSet: 0.1 ms]
   [Eden: 49.0M(233.0M)->0.0B(255.0M) Survivors: 31.0M->33.0M Heap: 993.7M(2048.0M)->995.7M(2048.0M)]
 [Times: user=0.38 sys=0.00, real=0.06 secs] 
2020-09-29T11:53:27.144+0200: 12.614: [GC concurrent-root-region-scan-start]
2020-09-29T11:53:27.152+0200: 12.622: [GC concurrent-root-region-scan-end, 0.0082956 secs]
2020-09-29T11:53:27.152+0200: 12.622: [GC concurrent-mark-start]
2020-09-29T11:53:27.154+0200: 12.624: [GC concurrent-mark-end, 0.0023293 secs]
2020-09-29T11:53:27.154+0200: 12.625: [GC remark 2020-09-29T11:53:27.154+0200: 12.625: [Finalize Marking, 0.0001865 secs] 2020-09-29T11:53:27.155+0200: 12.625: [GC ref-proc, 0.0002867 secs] 2020-09-29T11:53:27.155+0200: 12.625: [Unloading, 0.0004301 secs], 0.0011741 secs]
 [Times: user=0.00 sys=0.00, real=0.00 secs] 
2020-09-29T11:53:27.156+0200: 12.626: [GC cleanup 1020M->69M(2048M), 0.0015665 secs]
 [Times: user=0.00 sys=0.00, real=0.00 secs] 
2020-09-29T11:53:27.158+0200: 12.628: [GC concurrent-cleanup-start]
2020-09-29T11:53:27.159+0200: 12.629: [GC concurrent-cleanup-end, 0.0010186 secs]
2020-09-29T11:53:27.287+0200: 12.757: [GC pause (G1 Evacuation Pause) (young), 0.1459102 secs]
   [Parallel Time: 144.5 ms, GC Workers: 8]
      [GC Worker Start (ms): Min: 12757.3, Avg: 12757.4, Max: 12757.5, Diff: 0.2]
      [Ext Root Scanning (ms): Min: 0.0, Avg: 0.1, Max: 0.2, Diff: 0.2, Sum: 0.5]
      [Update RS (ms): Min: 18.1, Avg: 18.2, Max: 18.5, Diff: 0.4, Sum: 145.6]
         [Processed Buffers: Min: 16, Avg: 17.6, Max: 19, Diff: 3, Sum: 141]
      [Scan RS (ms): Min: 16.9, Avg: 17.3, Max: 17.5, Diff: 0.6, Sum: 138.3]
      [Code Root Scanning (ms): Min: 0.0, Avg: 0.0, Max: 0.0, Diff: 0.0, Sum: 0.0]
      [Object Copy (ms): Min: 108.4, Avg: 108.6, Max: 108.7, Diff: 0.2, Sum: 868.6]
      [Termination (ms): Min: 0.0, Avg: 0.0, Max: 0.0, Diff: 0.0, Sum: 0.1]
         [Termination Attempts: Min: 1, Avg: 43.4, Max: 55, Diff: 54, Sum: 347]
      [GC Worker Other (ms): Min: 0.0, Avg: 0.1, Max: 0.1, Diff: 0.1, Sum: 0.5]
      [GC Worker Total (ms): Min: 144.1, Avg: 144.2, Max: 144.3, Diff: 0.2, Sum: 1153.5]
      [GC Worker End (ms): Min: 12901.6, Avg: 12901.6, Max: 12901.7, Diff: 0.1]
   [Code Root Fixup: 0.0 ms]
   [Code Root Purge: 0.0 ms]
   [Clear CT: 0.4 ms]
   [Other: 1.0 ms]
      [Choose CSet: 0.0 ms]
      [Ref Proc: 0.3 ms]
      [Ref Enq: 0.0 ms]
      [Redirty Cards: 0.3 ms]
      [Humongous Register: 0.0 ms]
      [Humongous Reclaim: 0.0 ms]
      [Free CSet: 0.2 ms]
   [Eden: 255.0M(255.0M)->0.0B(265.0M) Survivors: 33.0M->36.0M Heap: 343.9M(2048.0M)->312.9M(2048.0M)]
 [Times: user=1.05 sys=0.08, real=0.15 secs] 
2020-09-29T11:53:27.572+0200: 13.042: [GC pause (G1 Evacuation Pause) (young), 0.1859006 secs]
   [Parallel Time: 184.9 ms, GC Workers: 8]
      [GC Worker Start (ms): Min: 13042.0, Avg: 13042.1, Max: 13042.2, Diff: 0.2]
      [Ext Root Scanning (ms): Min: 0.0, Avg: 0.1, Max: 0.2, Diff: 0.2, Sum: 0.5]
      [Update RS (ms): Min: 21.3, Avg: 21.5, Max: 21.7, Diff: 0.4, Sum: 171.6]
         [Processed Buffers: Min: 19, Avg: 21.6, Max: 25, Diff: 6, Sum: 173]
      [Scan RS (ms): Min: 17.6, Avg: 17.8, Max: 18.0, Diff: 0.4, Sum: 142.8]
      [Code Root Scanning (ms): Min: 0.0, Avg: 0.0, Max: 0.0, Diff: 0.0, Sum: 0.0]
      [Object Copy (ms): Min: 144.5, Avg: 144.9, Max: 145.4, Diff: 0.8, Sum: 1158.8]
      [Termination (ms): Min: 0.0, Avg: 0.5, Max: 0.8, Diff: 0.8, Sum: 4.0]
         [Termination Attempts: Min: 1, Avg: 2811.6, Max: 3914, Diff: 3913, Sum: 22493]
      [GC Worker Other (ms): Min: 0.0, Avg: 0.1, Max: 0.1, Diff: 0.1, Sum: 0.5]
      [GC Worker Total (ms): Min: 184.7, Avg: 184.8, Max: 184.9, Diff: 0.2, Sum: 1478.3]
      [GC Worker End (ms): Min: 13226.9, Avg: 13226.9, Max: 13226.9, Diff: 0.1]
   [Code Root Fixup: 0.0 ms]
   [Code Root Purge: 0.0 ms]
   [Clear CT: 0.2 ms]
   [Other: 0.8 ms]
      [Choose CSet: 0.0 ms]
      [Ref Proc: 0.2 ms]
      [Ref Enq: 0.0 ms]
      [Redirty Cards: 0.2 ms]
      [Humongous Register: 0.0 ms]
      [Humongous Reclaim: 0.0 ms]
      [Free CSet: 0.2 ms]
   [Eden: 265.0M(265.0M)->0.0B(251.0M) Survivors: 36.0M->38.0M Heap: 621.7M(2048.0M)->623.7M(2048.0M)]
 [Times: user=1.25 sys=0.05, real=0.19 secs] 
2020-09-29T11:53:27.895+0200: 13.365: [GC pause (G1 Evacuation Pause) (young), 0.1629295 secs]
   [Parallel Time: 161.9 ms, GC Workers: 8]
      [GC Worker Start (ms): Min: 13365.3, Avg: 13365.4, Max: 13365.5, Diff: 0.2]
      [Ext Root Scanning (ms): Min: 0.0, Avg: 0.1, Max: 0.2, Diff: 0.2, Sum: 0.6]
      [Update RS (ms): Min: 20.0, Avg: 20.1, Max: 20.4, Diff: 0.5, Sum: 161.0]
         [Processed Buffers: Min: 15, Avg: 17.6, Max: 19, Diff: 4, Sum: 141]
      [Scan RS (ms): Min: 22.1, Avg: 22.4, Max: 22.6, Diff: 0.5, Sum: 178.9]
      [Code Root Scanning (ms): Min: 0.0, Avg: 0.0, Max: 0.0, Diff: 0.0, Sum: 0.0]
      [Object Copy (ms): Min: 119.1, Avg: 119.1, Max: 119.1, Diff: 0.1, Sum: 952.8]
      [Termination (ms): Min: 0.0, Avg: 0.0, Max: 0.1, Diff: 0.0, Sum: 0.3]
         [Termination Attempts: Min: 1, Avg: 19.0, Max: 31, Diff: 30, Sum: 152]
      [GC Worker Other (ms): Min: 0.0, Avg: 0.0, Max: 0.0, Diff: 0.0, Sum: 0.1]
      [GC Worker Total (ms): Min: 161.6, Avg: 161.7, Max: 161.8, Diff: 0.2, Sum: 1293.7]
      [GC Worker End (ms): Min: 13527.1, Avg: 13527.1, Max: 13527.1, Diff: 0.0]
   [Code Root Fixup: 0.0 ms]
   [Code Root Purge: 0.0 ms]
   [Clear CT: 0.2 ms]
   [Other: 0.8 ms]
      [Choose CSet: 0.0 ms]
      [Ref Proc: 0.2 ms]
      [Ref Enq: 0.0 ms]
      [Redirty Cards: 0.2 ms]
      [Humongous Register: 0.0 ms]
      [Humongous Reclaim: 0.0 ms]
      [Free CSet: 0.2 ms]
   [Eden: 251.0M(251.0M)->0.0B(255.0M) Survivors: 38.0M->37.0M Heap: 916.7M(2048.0M)->919.7M(2048.0M)]
 [Times: user=1.14 sys=0.06, real=0.16 secs] 
2020-09-29T11:53:28.176+0200: 13.646: [GC pause (G1 Humongous Allocation) (young) (initial-mark), 0.1187350 secs]
   [Parallel Time: 117.7 ms, GC Workers: 8]
      [GC Worker Start (ms): Min: 13645.9, Avg: 13646.0, Max: 13646.1, Diff: 0.1]
      [Ext Root Scanning (ms): Min: 0.0, Avg: 0.1, Max: 0.2, Diff: 0.2, Sum: 1.0]
      [Update RS (ms): Min: 12.5, Avg: 13.1, Max: 13.6, Diff: 1.1, Sum: 104.8]
         [Processed Buffers: Min: 13, Avg: 13.8, Max: 14, Diff: 1, Sum: 110]
      [Scan RS (ms): Min: 12.8, Avg: 13.3, Max: 13.9, Diff: 1.1, Sum: 106.1]
      [Code Root Scanning (ms): Min: 0.0, Avg: 0.0, Max: 0.0, Diff: 0.0, Sum: 0.0]
      [Object Copy (ms): Min: 90.9, Avg: 91.0, Max: 91.1, Diff: 0.1, Sum: 728.2]
      [Termination (ms): Min: 0.0, Avg: 0.0, Max: 0.0, Diff: 0.0, Sum: 0.3]
         [Termination Attempts: Min: 1, Avg: 228.5, Max: 284, Diff: 283, Sum: 1828]
      [GC Worker Other (ms): Min: 0.0, Avg: 0.0, Max: 0.1, Diff: 0.1, Sum: 0.3]
      [GC Worker Total (ms): Min: 117.5, Avg: 117.6, Max: 117.7, Diff: 0.1, Sum: 940.7]
      [GC Worker End (ms): Min: 13763.5, Avg: 13763.6, Max: 13763.6, Diff: 0.1]
   [Code Root Fixup: 0.0 ms]
   [Code Root Purge: 0.0 ms]
   [Clear CT: 0.2 ms]
   [Other: 0.8 ms]
      [Choose CSet: 0.0 ms]
      [Ref Proc: 0.2 ms]
      [Ref Enq: 0.0 ms]
      [Redirty Cards: 0.2 ms]
      [Humongous Register: 0.0 ms]
      [Humongous Reclaim: 0.0 ms]
      [Free CSet: 0.2 ms]
   [Eden: 191.0M(255.0M)->0.0B(278.0M) Survivors: 37.0M->37.0M Heap: 1140.7M(2048.0M)->1142.7M(2048.0M)]
 [Times: user=0.88 sys=0.00, real=0.12 secs] 
2020-09-29T11:53:28.294+0200: 13.765: [GC concurrent-root-region-scan-start]
2020-09-29T11:53:28.307+0200: 13.777: [GC concurrent-root-region-scan-end, 0.0128147 secs]
2020-09-29T11:53:28.307+0200: 13.777: [GC concurrent-mark-start]
2020-09-29T11:53:28.311+0200: 13.781: [GC concurrent-mark-end, 0.0032743 secs]
2020-09-29T11:53:28.311+0200: 13.781: [GC remark 2020-09-29T11:53:28.311+0200: 13.781: [Finalize Marking, 0.0002174 secs] 2020-09-29T11:53:28.311+0200: 13.781: [GC ref-proc, 0.0002745 secs] 2020-09-29T11:53:28.311+0200: 13.782: [Unloading, 0.0004780 secs], 0.0012698 secs]
 [Times: user=0.00 sys=0.00, real=0.00 secs] 
2020-09-29T11:53:28.313+0200: 13.783: [GC cleanup 1152M->58M(2048M), 0.0013846 secs]
 [Times: user=0.00 sys=0.00, real=0.00 secs] 
2020-09-29T11:53:28.314+0200: 13.784: [GC concurrent-cleanup-start]
2020-09-29T11:53:28.315+0200: 13.786: [GC concurrent-cleanup-end, 0.0013680 secs]
2020-09-29T11:53:28.472+0200: 13.942: [GC pause (G1 Evacuation Pause) (young), 0.1599118 secs]
   [Parallel Time: 158.6 ms, GC Workers: 8]
      [GC Worker Start (ms): Min: 13942.0, Avg: 13942.1, Max: 13942.2, Diff: 0.2]
      [Ext Root Scanning (ms): Min: 0.0, Avg: 0.1, Max: 0.2, Diff: 0.2, Sum: 0.6]
      [Update RS (ms): Min: 16.3, Avg: 16.6, Max: 17.0, Diff: 0.7, Sum: 132.7]
         [Processed Buffers: Min: 16, Avg: 17.4, Max: 20, Diff: 4, Sum: 139]
      [Scan RS (ms): Min: 19.5, Avg: 19.8, Max: 20.1, Diff: 0.6, Sum: 158.3]
      [Code Root Scanning (ms): Min: 0.0, Avg: 0.0, Max: 0.0, Diff: 0.0, Sum: 0.0]
      [Object Copy (ms): Min: 121.6, Avg: 121.7, Max: 122.0, Diff: 0.4, Sum: 973.9]
      [Termination (ms): Min: 0.0, Avg: 0.2, Max: 0.2, Diff: 0.2, Sum: 1.4]
         [Termination Attempts: Min: 1, Avg: 1232.1, Max: 1475, Diff: 1474, Sum: 9857]
      [GC Worker Other (ms): Min: 0.0, Avg: 0.0, Max: 0.1, Diff: 0.1, Sum: 0.3]
      [GC Worker Total (ms): Min: 158.3, Avg: 158.4, Max: 158.5, Diff: 0.2, Sum: 1267.2]
      [GC Worker End (ms): Min: 14100.5, Avg: 14100.5, Max: 14100.6, Diff: 0.0]
   [Code Root Fixup: 0.0 ms]
   [Code Root Purge: 0.0 ms]
   [Clear CT: 0.2 ms]
   [Other: 1.1 ms]
      [Choose CSet: 0.0 ms]
      [Ref Proc: 0.2 ms]
      [Ref Enq: 0.0 ms]
      [Redirty Cards: 0.3 ms]
      [Humongous Register: 0.0 ms]
      [Humongous Reclaim: 0.0 ms]
      [Free CSet: 0.3 ms]
   [Eden: 278.0M(278.0M)->0.0B(283.0M) Survivors: 37.0M->40.0M Heap: 374.7M(2048.0M)->339.2M(2048.0M)]
 [Times: user=1.24 sys=0.13, real=0.16 secs] 
2020-09-29T11:53:28.794+0200: 14.264: [GC pause (G1 Evacuation Pause) (young), 0.1752192 secs]
   [Parallel Time: 173.7 ms, GC Workers: 8]
      [GC Worker Start (ms): Min: 14264.6, Avg: 14264.7, Max: 14264.8, Diff: 0.2]
      [Ext Root Scanning (ms): Min: 0.0, Avg: 0.1, Max: 0.2, Diff: 0.2, Sum: 0.6]
      [Update RS (ms): Min: 19.3, Avg: 19.6, Max: 20.6, Diff: 1.3, Sum: 157.1]
         [Processed Buffers: Min: 16, Avg: 18.4, Max: 21, Diff: 5, Sum: 147]
      [Scan RS (ms): Min: 21.4, Avg: 22.4, Max: 22.9, Diff: 1.5, Sum: 179.1]
      [Code Root Scanning (ms): Min: 0.0, Avg: 0.0, Max: 0.0, Diff: 0.0, Sum: 0.0]
      [Object Copy (ms): Min: 131.2, Avg: 131.3, Max: 131.4, Diff: 0.2, Sum: 1050.4]
      [Termination (ms): Min: 0.0, Avg: 0.0, Max: 0.0, Diff: 0.0, Sum: 0.2]
         [Termination Attempts: Min: 1, Avg: 160.8, Max: 216, Diff: 215, Sum: 1286]
      [GC Worker Other (ms): Min: 0.0, Avg: 0.0, Max: 0.1, Diff: 0.1, Sum: 0.3]
      [GC Worker Total (ms): Min: 173.4, Avg: 173.5, Max: 173.6, Diff: 0.2, Sum: 1387.8]
      [GC Worker End (ms): Min: 14438.1, Avg: 14438.2, Max: 14438.2, Diff: 0.1]
   [Code Root Fixup: 0.0 ms]
   [Code Root Purge: 0.0 ms]
   [Clear CT: 0.4 ms]
   [Other: 1.1 ms]
      [Choose CSet: 0.0 ms]
      [Ref Proc: 0.2 ms]
      [Ref Enq: 0.0 ms]
      [Redirty Cards: 0.4 ms]
      [Humongous Register: 0.0 ms]
      [Humongous Reclaim: 0.0 ms]
      [Free CSet: 0.2 ms]
   [Eden: 283.0M(283.0M)->0.0B(276.0M) Survivors: 40.0M->41.0M Heap: 669.9M(2048.0M)->671.4M(2048.0M)]
 [Times: user=1.28 sys=0.06, real=0.18 secs] 
2020-09-29T11:53:29.120+0200: 14.590: [GC pause (G1 Evacuation Pause) (young), 0.1670141 secs]
   [Parallel Time: 166.1 ms, GC Workers: 8]
      [GC Worker Start (ms): Min: 14590.1, Avg: 14590.2, Max: 14590.3, Diff: 0.2]
      [Ext Root Scanning (ms): Min: 0.0, Avg: 0.1, Max: 0.2, Diff: 0.2, Sum: 0.5]
      [Update RS (ms): Min: 23.1, Avg: 23.2, Max: 23.6, Diff: 0.5, Sum: 185.5]
         [Processed Buffers: Min: 21, Avg: 23.0, Max: 24, Diff: 3, Sum: 184]
      [Scan RS (ms): Min: 17.9, Avg: 18.3, Max: 18.7, Diff: 0.8, Sum: 146.8]
      [Code Root Scanning (ms): Min: 0.0, Avg: 0.0, Max: 0.0, Diff: 0.0, Sum: 0.0]
      [Object Copy (ms): Min: 123.8, Avg: 124.0, Max: 124.2, Diff: 0.4, Sum: 992.1]
      [Termination (ms): Min: 0.0, Avg: 0.1, Max: 0.1, Diff: 0.1, Sum: 0.4]
         [Termination Attempts: Min: 1, Avg: 367.9, Max: 506, Diff: 505, Sum: 2943]
      [GC Worker Other (ms): Min: 0.0, Avg: 0.1, Max: 0.2, Diff: 0.1, Sum: 0.7]
      [GC Worker Total (ms): Min: 165.7, Avg: 165.8, Max: 165.8, Diff: 0.1, Sum: 1326.0]
      [GC Worker End (ms): Min: 14755.9, Avg: 14755.9, Max: 14756.0, Diff: 0.1]
   [Code Root Fixup: 0.0 ms]
   [Code Root Purge: 0.0 ms]
   [Clear CT: 0.2 ms]
   [Other: 0.8 ms]
      [Choose CSet: 0.0 ms]
      [Ref Proc: 0.2 ms]
      [Ref Enq: 0.0 ms]
      [Redirty Cards: 0.1 ms]
      [Humongous Register: 0.0 ms]
      [Humongous Reclaim: 0.0 ms]
      [Free CSet: 0.3 ms]
   [Eden: 276.0M(276.0M)->0.0B(282.0M) Survivors: 41.0M->40.0M Heap: 993.1M(2048.0M)->995.6M(2048.0M)]
 [Times: user=1.20 sys=0.09, real=0.17 secs] 
2020-09-29T11:53:29.302+0200: 14.772: [GC pause (G1 Humongous Allocation) (young) (initial-mark), 0.0602127 secs]
   [Parallel Time: 59.3 ms, GC Workers: 8]
      [GC Worker Start (ms): Min: 14772.4, Avg: 14772.4, Max: 14772.5, Diff: 0.1]
      [Ext Root Scanning (ms): Min: 0.0, Avg: 2.8, Max: 19.6, Diff: 19.6, Sum: 22.1]
      [Update RS (ms): Min: 13.1, Avg: 30.2, Max: 34.5, Diff: 21.4, Sum: 241.3]
         [Processed Buffers: Min: 12, Avg: 31.6, Max: 42, Diff: 30, Sum: 253]
      [Scan RS (ms): Min: 1.3, Avg: 3.6, Max: 8.3, Diff: 7.1, Sum: 29.0]
      [Code Root Scanning (ms): Min: 0.0, Avg: 0.0, Max: 0.0, Diff: 0.0, Sum: 0.0]
      [Object Copy (ms): Min: 18.2, Avg: 22.5, Max: 23.2, Diff: 5.0, Sum: 180.3]
      [Termination (ms): Min: 0.0, Avg: 0.0, Max: 0.0, Diff: 0.0, Sum: 0.0]
         [Termination Attempts: Min: 1, Avg: 9.5, Max: 15, Diff: 14, Sum: 76]
      [GC Worker Other (ms): Min: 0.0, Avg: 0.0, Max: 0.0, Diff: 0.0, Sum: 0.1]
      [GC Worker Total (ms): Min: 59.0, Avg: 59.1, Max: 59.2, Diff: 0.1, Sum: 472.9]
      [GC Worker End (ms): Min: 14831.5, Avg: 14831.5, Max: 14831.6, Diff: 0.0]
   [Code Root Fixup: 0.0 ms]
   [Code Root Purge: 0.0 ms]
   [Clear CT: 0.3 ms]
   [Other: 0.6 ms]
      [Choose CSet: 0.0 ms]
      [Ref Proc: 0.1 ms]
      [Ref Enq: 0.0 ms]
      [Redirty Cards: 0.2 ms]
      [Humongous Register: 0.0 ms]
      [Humongous Reclaim: 0.0 ms]
      [Free CSet: 0.1 ms]
   [Eden: 10.0M(282.0M)->0.0B(313.0M) Survivors: 40.0M->12.0M Heap: 1005.6M(2048.0M)->1010.1M(2048.0M)]
 [Times: user=0.33 sys=0.00, real=0.06 secs] 
2020-09-29T11:53:29.362+0200: 14.833: [GC concurrent-root-region-scan-start]
2020-09-29T11:53:29.364+0200: 14.835: [GC concurrent-root-region-scan-end, 0.0020584 secs]
2020-09-29T11:53:29.364+0200: 14.835: [GC concurrent-mark-start]
2020-09-29T11:53:29.367+0200: 14.837: [GC concurrent-mark-end, 0.0024957 secs]
2020-09-29T11:53:29.367+0200: 14.837: [GC remark 2020-09-29T11:53:29.367+0200: 14.837: [Finalize Marking, 0.0001854 secs] 2020-09-29T11:53:29.367+0200: 14.838: [GC ref-proc, 0.0002966 secs] 2020-09-29T11:53:29.368+0200: 14.838: [Unloading, 0.0004682 secs], 0.0013628 secs]
 [Times: user=0.00 sys=0.00, real=0.00 secs] 
2020-09-29T11:53:29.369+0200: 14.839: [GC cleanup 1021M->34M(2048M), 0.0011573 secs]
 [Times: user=0.00 sys=0.00, real=0.00 secs] 
2020-09-29T11:53:29.370+0200: 14.840: [GC concurrent-cleanup-start]
2020-09-29T11:53:29.371+0200: 14.841: [GC concurrent-cleanup-end, 0.0010902 secs]
2020-09-29T11:53:29.539+0200: 15.009: [GC pause (G1 Evacuation Pause) (young), 0.1936733 secs]
   [Parallel Time: 192.5 ms, GC Workers: 8]
      [GC Worker Start (ms): Min: 15008.9, Avg: 15009.0, Max: 15009.1, Diff: 0.2]
      [Ext Root Scanning (ms): Min: 0.0, Avg: 0.1, Max: 0.2, Diff: 0.2, Sum: 0.5]
      [Update RS (ms): Min: 19.4, Avg: 19.6, Max: 20.4, Diff: 1.1, Sum: 156.5]
         [Processed Buffers: Min: 17, Avg: 18.6, Max: 21, Diff: 4, Sum: 149]
      [Scan RS (ms): Min: 23.3, Avg: 24.2, Max: 25.3, Diff: 2.0, Sum: 193.7]
      [Code Root Scanning (ms): Min: 0.0, Avg: 0.0, Max: 0.0, Diff: 0.0, Sum: 0.0]
      [Object Copy (ms): Min: 147.4, Avg: 148.4, Max: 148.6, Diff: 1.3, Sum: 1187.1]
      [Termination (ms): Min: 0.0, Avg: 0.1, Max: 0.1, Diff: 0.1, Sum: 0.6]
         [Termination Attempts: Min: 1, Avg: 515.9, Max: 730, Diff: 729, Sum: 4127]
      [GC Worker Other (ms): Min: 0.0, Avg: 0.0, Max: 0.1, Diff: 0.0, Sum: 0.3]
      [GC Worker Total (ms): Min: 192.3, Avg: 192.3, Max: 192.4, Diff: 0.2, Sum: 1538.7]
      [GC Worker End (ms): Min: 15201.3, Avg: 15201.3, Max: 15201.4, Diff: 0.0]
   [Code Root Fixup: 0.0 ms]
   [Code Root Purge: 0.0 ms]
   [Clear CT: 0.1 ms]
   [Other: 1.0 ms]
      [Choose CSet: 0.0 ms]
      [Ref Proc: 0.2 ms]
      [Ref Enq: 0.0 ms]
      [Redirty Cards: 0.2 ms]
      [Humongous Register: 0.1 ms]
      [Humongous Reclaim: 0.0 ms]
      [Free CSet: 0.3 ms]
   [Eden: 313.0M(313.0M)->0.0B(264.0M) Survivors: 12.0M->41.0M Heap: 390.4M(2048.0M)->380.4M(2048.0M)]
 [Times: user=1.34 sys=0.05, real=0.19 secs] 
2020-09-29T11:53:29.906+0200: 15.376: [GC pause (G1 Evacuation Pause) (young), 0.1719164 secs]
   [Parallel Time: 171.0 ms, GC Workers: 8]
      [GC Worker Start (ms): Min: 15376.6, Avg: 15376.7, Max: 15376.8, Diff: 0.2]
      [Ext Root Scanning (ms): Min: 0.0, Avg: 0.1, Max: 0.2, Diff: 0.2, Sum: 0.6]
      [Update RS (ms): Min: 21.8, Avg: 22.0, Max: 22.3, Diff: 0.5, Sum: 175.7]
         [Processed Buffers: Min: 18, Avg: 19.0, Max: 21, Diff: 3, Sum: 152]
      [Scan RS (ms): Min: 21.4, Avg: 21.6, Max: 21.8, Diff: 0.4, Sum: 172.9]
      [Code Root Scanning (ms): Min: 0.0, Avg: 0.0, Max: 0.0, Diff: 0.0, Sum: 0.0]
      [Object Copy (ms): Min: 126.8, Avg: 127.0, Max: 127.1, Diff: 0.3, Sum: 1015.7]
      [Termination (ms): Min: 0.0, Avg: 0.1, Max: 0.1, Diff: 0.1, Sum: 0.9]
         [Termination Attempts: Min: 1, Avg: 845.5, Max: 1041, Diff: 1040, Sum: 6764]
      [GC Worker Other (ms): Min: 0.0, Avg: 0.0, Max: 0.1, Diff: 0.0, Sum: 0.3]
      [GC Worker Total (ms): Min: 170.6, Avg: 170.7, Max: 170.8, Diff: 0.2, Sum: 1366.0]
      [GC Worker End (ms): Min: 15547.4, Avg: 15547.4, Max: 15547.4, Diff: 0.0]
   [Code Root Fixup: 0.0 ms]
   [Code Root Purge: 0.0 ms]
   [Clear CT: 0.2 ms]
   [Other: 0.8 ms]
      [Choose CSet: 0.0 ms]
      [Ref Proc: 0.2 ms]
      [Ref Enq: 0.0 ms]
      [Redirty Cards: 0.2 ms]
      [Humongous Register: 0.0 ms]
      [Humongous Reclaim: 0.0 ms]
      [Free CSet: 0.2 ms]
   [Eden: 264.0M(264.0M)->0.0B(262.0M) Survivors: 41.0M->39.0M Heap: 688.3M(2048.0M)->690.8M(2048.0M)]
 [Times: user=1.30 sys=0.05, real=0.17 secs] 
2020-09-29T11:53:30.227+0200: 15.697: [GC pause (G1 Evacuation Pause) (young), 0.1811096 secs]
   [Parallel Time: 179.9 ms, GC Workers: 8]
      [GC Worker Start (ms): Min: 15697.3, Avg: 15697.4, Max: 15697.4, Diff: 0.2]
      [Ext Root Scanning (ms): Min: 0.0, Avg: 0.1, Max: 0.2, Diff: 0.2, Sum: 0.5]
      [Update RS (ms): Min: 15.2, Avg: 15.3, Max: 15.5, Diff: 0.4, Sum: 122.3]
         [Processed Buffers: Min: 15, Avg: 16.0, Max: 17, Diff: 2, Sum: 128]
      [Scan RS (ms): Min: 22.7, Avg: 23.0, Max: 23.2, Diff: 0.5, Sum: 183.7]
      [Code Root Scanning (ms): Min: 0.0, Avg: 0.0, Max: 0.0, Diff: 0.0, Sum: 0.0]
      [Object Copy (ms): Min: 141.2, Avg: 141.3, Max: 141.4, Diff: 0.2, Sum: 1130.3]
      [Termination (ms): Min: 0.0, Avg: 0.0, Max: 0.0, Diff: 0.0, Sum: 0.0]
         [Termination Attempts: Min: 1, Avg: 27.5, Max: 39, Diff: 38, Sum: 220]
      [GC Worker Other (ms): Min: 0.0, Avg: 0.1, Max: 0.1, Diff: 0.1, Sum: 0.5]
      [GC Worker Total (ms): Min: 179.6, Avg: 179.7, Max: 179.8, Diff: 0.3, Sum: 1437.4]
      [GC Worker End (ms): Min: 15877.0, Avg: 15877.0, Max: 15877.1, Diff: 0.1]
   [Code Root Fixup: 0.0 ms]
   [Code Root Purge: 0.0 ms]
   [Clear CT: 0.2 ms]
   [Other: 1.0 ms]
      [Choose CSet: 0.0 ms]
      [Ref Proc: 0.1 ms]
      [Ref Enq: 0.0 ms]
      [Redirty Cards: 0.4 ms]
      [Humongous Register: 0.0 ms]
      [Humongous Reclaim: 0.0 ms]
      [Free CSet: 0.3 ms]
   [Eden: 262.0M(262.0M)->0.0B(252.0M) Survivors: 39.0M->38.0M Heap: 996.6M(2048.0M)->999.1M(2048.0M)]
 [Times: user=1.08 sys=0.14, real=0.18 secs] 
2020-09-29T11:53:30.421+0200: 15.891: [GC pause (G1 Humongous Allocation) (young) (initial-mark), 0.0514897 secs]
   [Parallel Time: 50.4 ms, GC Workers: 8]
      [GC Worker Start (ms): Min: 15891.3, Avg: 15891.4, Max: 15891.4, Diff: 0.2]
      [Ext Root Scanning (ms): Min: 0.0, Avg: 0.2, Max: 0.5, Diff: 0.5, Sum: 1.5]
      [Update RS (ms): Min: 28.8, Avg: 29.3, Max: 29.5, Diff: 0.7, Sum: 234.1]
         [Processed Buffers: Min: 27, Avg: 33.6, Max: 37, Diff: 10, Sum: 269]
      [Scan RS (ms): Min: 2.5, Avg: 2.7, Max: 3.0, Diff: 0.5, Sum: 21.6]
      [Code Root Scanning (ms): Min: 0.0, Avg: 0.0, Max: 0.0, Diff: 0.0, Sum: 0.0]
      [Object Copy (ms): Min: 18.1, Avg: 18.1, Max: 18.2, Diff: 0.1, Sum: 145.1]
      [Termination (ms): Min: 0.0, Avg: 0.0, Max: 0.0, Diff: 0.0, Sum: 0.0]
         [Termination Attempts: Min: 1, Avg: 35.5, Max: 45, Diff: 44, Sum: 284]
      [GC Worker Other (ms): Min: 0.0, Avg: 0.0, Max: 0.0, Diff: 0.0, Sum: 0.1]
      [GC Worker Total (ms): Min: 50.2, Avg: 50.3, Max: 50.4, Diff: 0.2, Sum: 402.4]
      [GC Worker End (ms): Min: 15941.7, Avg: 15941.7, Max: 15941.7, Diff: 0.0]
   [Code Root Fixup: 0.0 ms]
   [Code Root Purge: 0.0 ms]
   [Clear CT: 0.2 ms]
   [Other: 0.8 ms]
      [Choose CSet: 0.0 ms]
      [Ref Proc: 0.2 ms]
      [Ref Enq: 0.0 ms]
      [Redirty Cards: 0.2 ms]
      [Humongous Register: 0.1 ms]
      [Humongous Reclaim: 0.0 ms]
      [Free CSet: 0.1 ms]
   [Eden: 8192.0K(252.0M)->0.0B(302.0M) Survivors: 38.0M->10.0M Heap: 1007.1M(2048.0M)->1010.6M(2048.0M)]
 [Times: user=0.38 sys=0.00, real=0.05 secs] 
2020-09-29T11:53:30.472+0200: 15.943: [GC concurrent-root-region-scan-start]
2020-09-29T11:53:30.475+0200: 15.945: [GC concurrent-root-region-scan-end, 0.0025164 secs]
2020-09-29T11:53:30.475+0200: 15.945: [GC concurrent-mark-start]
2020-09-29T11:53:30.478+0200: 15.948: [GC concurrent-mark-end, 0.0031979 secs]
2020-09-29T11:53:30.478+0200: 15.949: [GC remark 2020-09-29T11:53:30.478+0200: 15.949: [Finalize Marking, 0.0002318 secs] 2020-09-29T11:53:30.479+0200: 15.949: [GC ref-proc, 0.0003012 secs] 2020-09-29T11:53:30.479+0200: 15.949: [Unloading, 0.0004655 secs], 0.0013446 secs]
 [Times: user=0.00 sys=0.00, real=0.00 secs] 
2020-09-29T11:53:30.480+0200: 15.950: [GC cleanup 1022M->33M(2048M), 0.0014152 secs]
 [Times: user=0.00 sys=0.00, real=0.00 secs] 
2020-09-29T11:53:30.482+0200: 15.952: [GC concurrent-cleanup-start]
2020-09-29T11:53:30.483+0200: 15.953: [GC concurrent-cleanup-end, 0.0012034 secs]
2020-09-29T11:53:30.646+0200: 16.116: [GC pause (G1 Evacuation Pause) (young), 0.1660552 secs]
   [Parallel Time: 164.9 ms, GC Workers: 8]
      [GC Worker Start (ms): Min: 16116.6, Avg: 16116.7, Max: 16116.8, Diff: 0.2]
      [Ext Root Scanning (ms): Min: 0.0, Avg: 0.1, Max: 0.2, Diff: 0.2, Sum: 0.5]
      [Update RS (ms): Min: 16.3, Avg: 16.5, Max: 17.0, Diff: 0.8, Sum: 132.0]
         [Processed Buffers: Min: 15, Avg: 17.3, Max: 19, Diff: 4, Sum: 138]
      [Scan RS (ms): Min: 19.6, Avg: 20.2, Max: 20.4, Diff: 0.8, Sum: 161.3]
      [Code Root Scanning (ms): Min: 0.0, Avg: 0.0, Max: 0.0, Diff: 0.0, Sum: 0.0]
      [Object Copy (ms): Min: 127.6, Avg: 127.7, Max: 127.9, Diff: 0.2, Sum: 1021.6]
      [Termination (ms): Min: 0.0, Avg: 0.2, Max: 0.2, Diff: 0.2, Sum: 1.4]
         [Termination Attempts: Min: 1, Avg: 1252.6, Max: 1654, Diff: 1653, Sum: 10021]
      [GC Worker Other (ms): Min: 0.0, Avg: 0.1, Max: 0.1, Diff: 0.1, Sum: 0.4]
      [GC Worker Total (ms): Min: 164.5, Avg: 164.6, Max: 164.8, Diff: 0.2, Sum: 1317.2]
      [GC Worker End (ms): Min: 16281.3, Avg: 16281.3, Max: 16281.4, Diff: 0.1]
   [Code Root Fixup: 0.0 ms]
   [Code Root Purge: 0.0 ms]
   [Clear CT: 0.2 ms]
   [Other: 1.0 ms]
      [Choose CSet: 0.0 ms]
      [Ref Proc: 0.1 ms]
      [Ref Enq: 0.0 ms]
      [Redirty Cards: 0.2 ms]
      [Humongous Register: 0.0 ms]
      [Humongous Reclaim: 0.0 ms]
      [Free CSet: 0.3 ms]
   [Eden: 302.0M(302.0M)->0.0B(278.0M) Survivors: 10.0M->39.0M Heap: 375.0M(2048.0M)->366.5M(2048.0M)]
 [Times: user=1.16 sys=0.06, real=0.17 secs] 
2020-09-29T11:53:30.965+0200: 16.435: [GC pause (G1 Evacuation Pause) (young), 0.1932571 secs]
   [Parallel Time: 192.3 ms, GC Workers: 8]
      [GC Worker Start (ms): Min: 16435.4, Avg: 16435.4, Max: 16435.5, Diff: 0.1]
      [Ext Root Scanning (ms): Min: 0.0, Avg: 0.1, Max: 0.1, Diff: 0.1, Sum: 0.5]
      [Update RS (ms): Min: 20.8, Avg: 21.1, Max: 21.6, Diff: 0.8, Sum: 169.1]
         [Processed Buffers: Min: 19, Avg: 20.0, Max: 22, Diff: 3, Sum: 160]
      [Scan RS (ms): Min: 20.7, Avg: 21.2, Max: 21.4, Diff: 0.7, Sum: 169.3]
      [Code Root Scanning (ms): Min: 0.0, Avg: 0.0, Max: 0.0, Diff: 0.0, Sum: 0.0]
      [Object Copy (ms): Min: 149.5, Avg: 149.7, Max: 149.8, Diff: 0.2, Sum: 1197.2]
      [Termination (ms): Min: 0.0, Avg: 0.1, Max: 0.1, Diff: 0.1, Sum: 0.6]
         [Termination Attempts: Min: 1, Avg: 530.6, Max: 701, Diff: 700, Sum: 4245]
      [GC Worker Other (ms): Min: 0.0, Avg: 0.0, Max: 0.1, Diff: 0.0, Sum: 0.3]
      [GC Worker Total (ms): Min: 192.1, Avg: 192.1, Max: 192.2, Diff: 0.1, Sum: 1537.0]
      [GC Worker End (ms): Min: 16627.6, Avg: 16627.6, Max: 16627.6, Diff: 0.0]
   [Code Root Fixup: 0.0 ms]
   [Code Root Purge: 0.0 ms]
   [Clear CT: 0.2 ms]
   [Other: 0.8 ms]
      [Choose CSet: 0.0 ms]
      [Ref Proc: 0.2 ms]
      [Ref Enq: 0.0 ms]
      [Redirty Cards: 0.2 ms]
      [Humongous Register: 0.0 ms]
      [Humongous Reclaim: 0.0 ms]
      [Free CSet: 0.2 ms]
   [Eden: 278.0M(278.0M)->0.0B(258.0M) Survivors: 39.0M->40.0M Heap: 690.3M(2048.0M)->692.3M(2048.0M)]
 [Times: user=1.28 sys=0.14, real=0.19 secs] 
2020-09-29T11:53:31.326+0200: 16.796: [GC pause (G1 Evacuation Pause) (young), 0.1660361 secs]
   [Parallel Time: 165.1 ms, GC Workers: 8]
      [GC Worker Start (ms): Min: 16796.3, Avg: 16796.4, Max: 16796.5, Diff: 0.2]
      [Ext Root Scanning (ms): Min: 0.0, Avg: 0.1, Max: 0.2, Diff: 0.2, Sum: 0.5]
      [Update RS (ms): Min: 16.0, Avg: 16.2, Max: 16.6, Diff: 0.6, Sum: 129.8]
         [Processed Buffers: Min: 14, Avg: 15.5, Max: 17, Diff: 3, Sum: 124]
      [Scan RS (ms): Min: 22.6, Avg: 23.3, Max: 25.8, Diff: 3.2, Sum: 186.5]
      [Code Root Scanning (ms): Min: 0.0, Avg: 0.0, Max: 0.0, Diff: 0.0, Sum: 0.0]
      [Object Copy (ms): Min: 122.9, Avg: 125.2, Max: 125.6, Diff: 2.8, Sum: 1001.8]
      [Termination (ms): Min: 0.0, Avg: 0.0, Max: 0.0, Diff: 0.0, Sum: 0.2]
         [Termination Attempts: Min: 1, Avg: 209.1, Max: 261, Diff: 260, Sum: 1673]
      [GC Worker Other (ms): Min: 0.0, Avg: 0.0, Max: 0.1, Diff: 0.0, Sum: 0.3]
      [GC Worker Total (ms): Min: 164.8, Avg: 164.9, Max: 165.0, Diff: 0.2, Sum: 1319.2]
      [GC Worker End (ms): Min: 16961.3, Avg: 16961.3, Max: 16961.3, Diff: 0.0]
   [Code Root Fixup: 0.0 ms]
   [Code Root Purge: 0.0 ms]
   [Clear CT: 0.1 ms]
   [Other: 0.8 ms]
      [Choose CSet: 0.0 ms]
      [Ref Proc: 0.2 ms]
      [Ref Enq: 0.0 ms]
      [Redirty Cards: 0.2 ms]
      [Humongous Register: 0.0 ms]
      [Humongous Reclaim: 0.0 ms]
      [Free CSet: 0.2 ms]
   [Eden: 258.0M(258.0M)->0.0B(259.0M) Survivors: 40.0M->38.0M Heap: 994.1M(2048.0M)->995.6M(2048.0M)]
 [Times: user=1.30 sys=0.05, real=0.17 secs] 
2020-09-29T11:53:31.501+0200: 16.971: [GC pause (G1 Humongous Allocation) (young) (initial-mark), 0.0526963 secs]
   [Parallel Time: 51.9 ms, GC Workers: 8]
      [GC Worker Start (ms): Min: 16971.0, Avg: 16971.0, Max: 16971.1, Diff: 0.1]
      [Ext Root Scanning (ms): Min: 0.0, Avg: 0.1, Max: 0.2, Diff: 0.2, Sum: 0.9]
      [Update RS (ms): Min: 29.3, Avg: 29.6, Max: 30.0, Diff: 0.6, Sum: 236.5]
         [Processed Buffers: Min: 36, Avg: 37.3, Max: 39, Diff: 3, Sum: 298]
      [Scan RS (ms): Min: 2.3, Avg: 2.7, Max: 2.9, Diff: 0.6, Sum: 21.4]
      [Code Root Scanning (ms): Min: 0.0, Avg: 0.0, Max: 0.0, Diff: 0.0, Sum: 0.0]
      [Object Copy (ms): Min: 19.4, Avg: 19.4, Max: 19.5, Diff: 0.1, Sum: 155.5]
      [Termination (ms): Min: 0.0, Avg: 0.0, Max: 0.0, Diff: 0.0, Sum: 0.1]
         [Termination Attempts: Min: 1, Avg: 47.3, Max: 66, Diff: 65, Sum: 378]
      [GC Worker Other (ms): Min: 0.0, Avg: 0.0, Max: 0.0, Diff: 0.0, Sum: 0.1]
      [GC Worker Total (ms): Min: 51.7, Avg: 51.8, Max: 51.9, Diff: 0.1, Sum: 414.5]
      [GC Worker End (ms): Min: 17022.9, Avg: 17022.9, Max: 17022.9, Diff: 0.0]
   [Code Root Fixup: 0.0 ms]
   [Code Root Purge: 0.0 ms]
   [Clear CT: 0.1 ms]
   [Other: 0.7 ms]
      [Choose CSet: 0.0 ms]
      [Ref Proc: 0.2 ms]
      [Ref Enq: 0.0 ms]
      [Redirty Cards: 0.2 ms]
      [Humongous Register: 0.0 ms]
      [Humongous Reclaim: 0.0 ms]
      [Free CSet: 0.1 ms]
   [Eden: 9216.0K(259.0M)->0.0B(303.0M) Survivors: 38.0M->11.0M Heap: 1004.6M(2048.0M)->1009.1M(2048.0M)]
 [Times: user=0.50 sys=0.00, real=0.05 secs] 
2020-09-29T11:53:31.554+0200: 17.024: [GC concurrent-root-region-scan-start]
2020-09-29T11:53:31.555+0200: 17.026: [GC concurrent-root-region-scan-end, 0.0018080 secs]
2020-09-29T11:53:31.555+0200: 17.026: [GC concurrent-mark-start]
2020-09-29T11:53:31.558+0200: 17.028: [GC concurrent-mark-end, 0.0023480 secs]
2020-09-29T11:53:31.558+0200: 17.028: [GC remark 2020-09-29T11:53:31.558+0200: 17.028: [Finalize Marking, 0.0001688 secs] 2020-09-29T11:53:31.558+0200: 17.028: [GC ref-proc, 0.0002569 secs] 2020-09-29T11:53:31.558+0200: 17.029: [Unloading, 0.0003488 secs], 0.0010340 secs]
 [Times: user=0.00 sys=0.00, real=0.00 secs] 
2020-09-29T11:53:31.559+0200: 17.030: [GC cleanup 1020M->33M(2048M), 0.0010321 secs]
 [Times: user=0.00 sys=0.00, real=0.00 secs] 
2020-09-29T11:53:31.560+0200: 17.031: [GC concurrent-cleanup-start]
2020-09-29T11:53:31.562+0200: 17.032: [GC concurrent-cleanup-end, 0.0011498 secs]
2020-09-29T11:53:31.706+0200: 17.177: [GC pause (G1 Evacuation Pause) (young), 0.1658074 secs]
   [Parallel Time: 164.8 ms, GC Workers: 8]
      [GC Worker Start (ms): Min: 17176.7, Avg: 17176.8, Max: 17176.8, Diff: 0.1]
      [Ext Root Scanning (ms): Min: 0.0, Avg: 0.1, Max: 0.1, Diff: 0.1, Sum: 0.5]
      [Update RS (ms): Min: 17.1, Avg: 17.4, Max: 18.5, Diff: 1.4, Sum: 138.8]
         [Processed Buffers: Min: 15, Avg: 17.3, Max: 20, Diff: 5, Sum: 138]
      [Scan RS (ms): Min: 20.8, Avg: 22.0, Max: 22.2, Diff: 1.4, Sum: 175.9]
      [Code Root Scanning (ms): Min: 0.0, Avg: 0.0, Max: 0.0, Diff: 0.0, Sum: 0.0]
      [Object Copy (ms): Min: 125.0, Avg: 125.0, Max: 125.2, Diff: 0.2, Sum: 1000.4]
      [Termination (ms): Min: 0.0, Avg: 0.1, Max: 0.1, Diff: 0.1, Sum: 0.7]
         [Termination Attempts: Min: 1, Avg: 625.8, Max: 776, Diff: 775, Sum: 5006]
      [GC Worker Other (ms): Min: 0.0, Avg: 0.1, Max: 0.1, Diff: 0.1, Sum: 0.4]
      [GC Worker Total (ms): Min: 164.5, Avg: 164.6, Max: 164.7, Diff: 0.2, Sum: 1316.8]
      [GC Worker End (ms): Min: 17341.3, Avg: 17341.3, Max: 17341.4, Diff: 0.1]
   [Code Root Fixup: 0.0 ms]
   [Code Root Purge: 0.0 ms]
   [Clear CT: 0.2 ms]
   [Other: 0.8 ms]
      [Choose CSet: 0.0 ms]
      [Ref Proc: 0.2 ms]
      [Ref Enq: 0.0 ms]
      [Redirty Cards: 0.2 ms]
      [Humongous Register: 0.0 ms]
      [Humongous Reclaim: 0.0 ms]
      [Free CSet: 0.2 ms]
   [Eden: 303.0M(303.0M)->0.0B(278.0M) Survivors: 11.0M->40.0M Heap: 377.5M(2048.0M)->368.0M(2048.0M)]
 [Times: user=1.33 sys=0.05, real=0.17 secs] 
2020-09-29T11:53:32.016+0200: 17.487: [GC pause (G1 Evacuation Pause) (young), 0.1780188 secs]
   [Parallel Time: 176.9 ms, GC Workers: 8]
      [GC Worker Start (ms): Min: 17486.6, Avg: 17486.7, Max: 17486.8, Diff: 0.2]
      [Ext Root Scanning (ms): Min: 0.0, Avg: 0.1, Max: 0.2, Diff: 0.2, Sum: 0.5]
      [Update RS (ms): Min: 17.4, Avg: 17.6, Max: 18.2, Diff: 0.8, Sum: 141.0]
         [Processed Buffers: Min: 17, Avg: 18.5, Max: 20, Diff: 3, Sum: 148]
      [Scan RS (ms): Min: 19.0, Avg: 19.6, Max: 19.9, Diff: 0.8, Sum: 157.2]
      [Code Root Scanning (ms): Min: 0.0, Avg: 0.0, Max: 0.0, Diff: 0.0, Sum: 0.0]
      [Object Copy (ms): Min: 139.0, Avg: 139.1, Max: 139.3, Diff: 0.3, Sum: 1113.2]
      [Termination (ms): Min: 0.0, Avg: 0.2, Max: 0.3, Diff: 0.2, Sum: 1.5]
         [Termination Attempts: Min: 1, Avg: 875.8, Max: 1144, Diff: 1143, Sum: 7006]
      [GC Worker Other (ms): Min: 0.0, Avg: 0.1, Max: 0.1, Diff: 0.1, Sum: 0.6]
      [GC Worker Total (ms): Min: 176.7, Avg: 176.8, Max: 176.9, Diff: 0.2, Sum: 1414.1]
      [GC Worker End (ms): Min: 17663.5, Avg: 17663.5, Max: 17663.5, Diff: 0.0]
   [Code Root Fixup: 0.0 ms]
   [Code Root Purge: 0.0 ms]
   [Clear CT: 0.2 ms]
   [Other: 0.9 ms]
      [Choose CSet: 0.0 ms]
      [Ref Proc: 0.2 ms]
      [Ref Enq: 0.0 ms]
      [Redirty Cards: 0.2 ms]
      [Humongous Register: 0.0 ms]
      [Humongous Reclaim: 0.0 ms]
      [Free CSet: 0.3 ms]
   [Eden: 278.0M(278.0M)->0.0B(272.0M) Survivors: 40.0M->40.0M Heap: 691.8M(2048.0M)->694.3M(2048.0M)]
 [Times: user=1.41 sys=0.03, real=0.18 secs] 
2020-09-29T11:53:32.359+0200: 17.829: [GC pause (G1 Evacuation Pause) (young), 0.2164007 secs]
   [Parallel Time: 215.1 ms, GC Workers: 8]
      [GC Worker Start (ms): Min: 17829.3, Avg: 17829.4, Max: 17829.5, Diff: 0.1]
      [Ext Root Scanning (ms): Min: 0.0, Avg: 0.1, Max: 0.2, Diff: 0.1, Sum: 0.7]
      [Update RS (ms): Min: 19.9, Avg: 20.2, Max: 20.5, Diff: 0.6, Sum: 161.9]
         [Processed Buffers: Min: 16, Avg: 17.1, Max: 20, Diff: 4, Sum: 137]
      [Scan RS (ms): Min: 25.6, Avg: 25.9, Max: 26.2, Diff: 0.6, Sum: 207.1]
      [Code Root Scanning (ms): Min: 0.0, Avg: 0.0, Max: 0.0, Diff: 0.0, Sum: 0.0]
      [Object Copy (ms): Min: 168.4, Avg: 168.5, Max: 168.7, Diff: 0.3, Sum: 1348.0]
      [Termination (ms): Min: 0.0, Avg: 0.2, Max: 0.3, Diff: 0.3, Sum: 1.6]
         [Termination Attempts: Min: 1, Avg: 934.8, Max: 1149, Diff: 1148, Sum: 7478]
      [GC Worker Other (ms): Min: 0.0, Avg: 0.0, Max: 0.0, Diff: 0.0, Sum: 0.1]
      [GC Worker Total (ms): Min: 214.9, Avg: 214.9, Max: 215.0, Diff: 0.2, Sum: 1719.5]
      [GC Worker End (ms): Min: 18044.3, Avg: 18044.3, Max: 18044.4, Diff: 0.0]
   [Code Root Fixup: 0.0 ms]
   [Code Root Purge: 0.0 ms]
   [Clear CT: 0.2 ms]
   [Other: 1.1 ms]
      [Choose CSet: 0.0 ms]
      [Ref Proc: 0.2 ms]
      [Ref Enq: 0.0 ms]
      [Redirty Cards: 0.3 ms]
      [Humongous Register: 0.1 ms]
      [Humongous Reclaim: 0.0 ms]
      [Free CSet: 0.3 ms]
   [Eden: 272.0M(272.0M)->0.0B(228.0M) Survivors: 40.0M->39.0M Heap: 1012.1M(2048.0M)->1014.6M(2048.0M)]
 [Times: user=1.69 sys=0.03, real=0.22 secs] 
2020-09-29T11:53:32.595+0200: 18.065: [GC pause (G1 Humongous Allocation) (young) (initial-mark), 0.0581084 secs]
   [Parallel Time: 57.2 ms, GC Workers: 8]
      [GC Worker Start (ms): Min: 18065.3, Avg: 18065.3, Max: 18065.5, Diff: 0.2]
      [Ext Root Scanning (ms): Min: 0.0, Avg: 0.2, Max: 0.2, Diff: 0.2, Sum: 1.3]
      [Update RS (ms): Min: 29.5, Avg: 29.7, Max: 30.3, Diff: 0.8, Sum: 238.0]
         [Processed Buffers: Min: 28, Avg: 29.8, Max: 32, Diff: 4, Sum: 238]
      [Scan RS (ms): Min: 3.1, Avg: 3.6, Max: 3.9, Diff: 0.7, Sum: 29.0]
      [Code Root Scanning (ms): Min: 0.0, Avg: 0.0, Max: 0.0, Diff: 0.0, Sum: 0.0]
      [Object Copy (ms): Min: 23.3, Avg: 23.4, Max: 23.4, Diff: 0.1, Sum: 186.9]
      [Termination (ms): Min: 0.0, Avg: 0.0, Max: 0.0, Diff: 0.0, Sum: 0.0]
         [Termination Attempts: Min: 1, Avg: 6.5, Max: 10, Diff: 9, Sum: 52]
      [GC Worker Other (ms): Min: 0.0, Avg: 0.0, Max: 0.0, Diff: 0.0, Sum: 0.2]
      [GC Worker Total (ms): Min: 56.8, Avg: 56.9, Max: 57.0, Diff: 0.2, Sum: 455.3]
      [GC Worker End (ms): Min: 18122.2, Avg: 18122.3, Max: 18122.3, Diff: 0.0]
   [Code Root Fixup: 0.0 ms]
   [Code Root Purge: 0.0 ms]
   [Clear CT: 0.2 ms]
   [Other: 0.7 ms]
      [Choose CSet: 0.0 ms]
      [Ref Proc: 0.2 ms]
      [Ref Enq: 0.0 ms]
      [Redirty Cards: 0.2 ms]
      [Humongous Register: 0.0 ms]
      [Humongous Reclaim: 0.0 ms]
      [Free CSet: 0.1 ms]
   [Eden: 6144.0K(228.0M)->0.0B(269.0M) Survivors: 39.0M->8192.0K Heap: 1020.1M(2048.0M)->1024.6M(2048.0M)]
 [Times: user=0.50 sys=0.00, real=0.06 secs] 
2020-09-29T11:53:32.654+0200: 18.123: [GC concurrent-root-region-scan-start]
2020-09-29T11:53:32.656+0200: 18.125: [GC concurrent-root-region-scan-end, 0.0019291 secs]
2020-09-29T11:53:32.656+0200: 18.125: [GC concurrent-mark-start]
2020-09-29T11:53:32.658+0200: 18.128: [GC concurrent-mark-end, 0.0026980 secs]
2020-09-29T11:53:32.658+0200: 18.128: [GC remark 2020-09-29T11:53:32.658+0200: 18.128: [Finalize Marking, 0.0002667 secs] 2020-09-29T11:53:32.659+0200: 18.128: [GC ref-proc, 0.0003349 secs] 2020-09-29T11:53:32.659+0200: 18.129: [Unloading, 0.0005414 secs], 0.0015411 secs]
 [Times: user=0.00 sys=0.00, real=0.00 secs] 
2020-09-29T11:53:32.660+0200: 18.130: [GC cleanup 1034M->29M(2048M), 0.0011756 secs]
 [Times: user=0.02 sys=0.01, real=0.00 secs] 
2020-09-29T11:53:32.662+0200: 18.131: [GC concurrent-cleanup-start]
2020-09-29T11:53:32.663+0200: 18.133: [GC concurrent-cleanup-end, 0.0012618 secs]
2020-09-29T11:53:32.822+0200: 18.292: [GC pause (G1 Evacuation Pause) (young), 0.1828967 secs]
   [Parallel Time: 181.6 ms, GC Workers: 8]
      [GC Worker Start (ms): Min: 18291.8, Avg: 18291.9, Max: 18292.0, Diff: 0.2]
      [Ext Root Scanning (ms): Min: 0.0, Avg: 0.1, Max: 0.2, Diff: 0.2, Sum: 0.6]
      [Update RS (ms): Min: 21.5, Avg: 21.9, Max: 22.4, Diff: 0.9, Sum: 175.4]
         [Processed Buffers: Min: 17, Avg: 18.5, Max: 20, Diff: 3, Sum: 148]
      [Scan RS (ms): Min: 19.4, Avg: 19.9, Max: 20.3, Diff: 0.9, Sum: 159.3]
      [Code Root Scanning (ms): Min: 0.0, Avg: 0.0, Max: 0.0, Diff: 0.0, Sum: 0.0]
      [Object Copy (ms): Min: 139.1, Avg: 139.3, Max: 139.4, Diff: 0.4, Sum: 1114.0]
      [Termination (ms): Min: 0.0, Avg: 0.1, Max: 0.1, Diff: 0.1, Sum: 0.8]
         [Termination Attempts: Min: 1, Avg: 562.4, Max: 680, Diff: 679, Sum: 4499]
      [GC Worker Other (ms): Min: 0.0, Avg: 0.1, Max: 0.1, Diff: 0.1, Sum: 0.4]
      [GC Worker Total (ms): Min: 181.2, Avg: 181.3, Max: 181.5, Diff: 0.2, Sum: 1450.6]
      [GC Worker End (ms): Min: 18473.2, Avg: 18473.2, Max: 18473.2, Diff: 0.1]
   [Code Root Fixup: 0.0 ms]
   [Code Root Purge: 0.0 ms]
   [Clear CT: 0.2 ms]
   [Other: 1.1 ms]
      [Choose CSet: 0.0 ms]
      [Ref Proc: 0.2 ms]
      [Ref Enq: 0.0 ms]
      [Redirty Cards: 0.3 ms]
      [Humongous Register: 0.0 ms]
      [Humongous Reclaim: 0.0 ms]
      [Free CSet: 0.3 ms]
   [Eden: 269.0M(269.0M)->0.0B(234.0M) Survivors: 8192.0K->35.0M Heap: 334.3M(2048.0M)->328.3M(2048.0M)]
 [Times: user=1.31 sys=0.05, real=0.18 secs] 
2020-09-29T11:53:33.161+0200: 18.631: [GC pause (G1 Evacuation Pause) (young), 0.1773306 secs]
   [Parallel Time: 176.1 ms, GC Workers: 8]
      [GC Worker Start (ms): Min: 18631.3, Avg: 18631.4, Max: 18631.5, Diff: 0.2]
      [Ext Root Scanning (ms): Min: 0.0, Avg: 0.1, Max: 0.2, Diff: 0.2, Sum: 0.5]
      [Update RS (ms): Min: 14.8, Avg: 15.1, Max: 15.8, Diff: 1.0, Sum: 121.2]
         [Processed Buffers: Min: 12, Avg: 12.6, Max: 13, Diff: 1, Sum: 101]
      [Scan RS (ms): Min: 22.4, Avg: 23.1, Max: 23.5, Diff: 1.0, Sum: 184.8]
      [Code Root Scanning (ms): Min: 0.0, Avg: 0.0, Max: 0.0, Diff: 0.0, Sum: 0.0]
      [Object Copy (ms): Min: 137.3, Avg: 137.3, Max: 137.4, Diff: 0.2, Sum: 1098.8]
      [Termination (ms): Min: 0.0, Avg: 0.0, Max: 0.0, Diff: 0.0, Sum: 0.2]
         [Termination Attempts: Min: 1, Avg: 161.5, Max: 214, Diff: 213, Sum: 1292]
      [GC Worker Other (ms): Min: 0.0, Avg: 0.1, Max: 0.1, Diff: 0.1, Sum: 0.5]
      [GC Worker Total (ms): Min: 175.7, Avg: 175.8, Max: 175.9, Diff: 0.2, Sum: 1406.0]
      [GC Worker End (ms): Min: 18807.1, Avg: 18807.2, Max: 18807.2, Diff: 0.1]
   [Code Root Fixup: 0.0 ms]
   [Code Root Purge: 0.0 ms]
   [Clear CT: 0.2 ms]
   [Other: 1.0 ms]
      [Choose CSet: 0.0 ms]
      [Ref Proc: 0.2 ms]
      [Ref Enq: 0.0 ms]
      [Redirty Cards: 0.3 ms]
      [Humongous Register: 0.0 ms]
      [Humongous Reclaim: 0.0 ms]
      [Free CSet: 0.2 ms]
   [Eden: 234.0M(234.0M)->0.0B(225.0M) Survivors: 35.0M->34.0M Heap: 600.4M(2048.0M)->601.9M(2048.0M)]
 [Times: user=1.26 sys=0.08, real=0.18 secs] 
2020-09-29T11:53:33.490+0200: 18.960: [GC pause (G1 Evacuation Pause) (young), 0.1747804 secs]
   [Parallel Time: 173.5 ms, GC Workers: 8]
      [GC Worker Start (ms): Min: 18960.1, Avg: 18960.2, Max: 18960.2, Diff: 0.2]
      [Ext Root Scanning (ms): Min: 0.0, Avg: 0.1, Max: 0.2, Diff: 0.2, Sum: 0.6]
      [Update RS (ms): Min: 19.0, Avg: 19.3, Max: 19.9, Diff: 0.9, Sum: 154.4]
         [Processed Buffers: Min: 16, Avg: 16.5, Max: 18, Diff: 2, Sum: 132]
      [Scan RS (ms): Min: 19.3, Avg: 20.0, Max: 20.4, Diff: 1.1, Sum: 159.9]
      [Code Root Scanning (ms): Min: 0.0, Avg: 0.0, Max: 0.0, Diff: 0.0, Sum: 0.0]
      [Object Copy (ms): Min: 133.6, Avg: 133.8, Max: 133.9, Diff: 0.3, Sum: 1070.2]
      [Termination (ms): Min: 0.0, Avg: 0.0, Max: 0.1, Diff: 0.1, Sum: 0.3]
         [Termination Attempts: Min: 1, Avg: 166.5, Max: 235, Diff: 234, Sum: 1332]
      [GC Worker Other (ms): Min: 0.0, Avg: 0.0, Max: 0.1, Diff: 0.1, Sum: 0.4]
      [GC Worker Total (ms): Min: 173.1, Avg: 173.2, Max: 173.4, Diff: 0.2, Sum: 1385.9]
      [GC Worker End (ms): Min: 19133.4, Avg: 19133.4, Max: 19133.4, Diff: 0.1]
   [Code Root Fixup: 0.0 ms]
   [Code Root Purge: 0.0 ms]
   [Clear CT: 0.3 ms]
   [Other: 1.1 ms]
      [Choose CSet: 0.0 ms]
      [Ref Proc: 0.2 ms]
      [Ref Enq: 0.0 ms]
      [Redirty Cards: 0.3 ms]
      [Humongous Register: 0.0 ms]
      [Humongous Reclaim: 0.0 ms]
      [Free CSet: 0.3 ms]
   [Eden: 225.0M(225.0M)->0.0B(223.0M) Survivors: 34.0M->33.0M Heap: 865.1M(2048.0M)->867.1M(2048.0M)]
 [Times: user=1.22 sys=0.11, real=0.17 secs] 
2020-09-29T11:53:33.813+0200: 19.283: [GC pause (G1 Evacuation Pause) (young), 0.1759909 secs]
   [Parallel Time: 175.0 ms, GC Workers: 8]
      [GC Worker Start (ms): Min: 19283.0, Avg: 19283.1, Max: 19283.2, Diff: 0.2]
      [Ext Root Scanning (ms): Min: 0.0, Avg: 0.1, Max: 0.2, Diff: 0.2, Sum: 0.6]
      [Update RS (ms): Min: 18.3, Avg: 18.5, Max: 19.5, Diff: 1.2, Sum: 147.8]
         [Processed Buffers: Min: 15, Avg: 16.6, Max: 18, Diff: 3, Sum: 133]
      [Scan RS (ms): Min: 18.8, Avg: 19.9, Max: 20.2, Diff: 1.5, Sum: 159.0]
      [Code Root Scanning (ms): Min: 0.0, Avg: 0.0, Max: 0.0, Diff: 0.0, Sum: 0.0]
      [Object Copy (ms): Min: 135.9, Avg: 136.1, Max: 136.2, Diff: 0.3, Sum: 1088.8]
      [Termination (ms): Min: 0.0, Avg: 0.0, Max: 0.0, Diff: 0.0, Sum: 0.2]
         [Termination Attempts: Min: 1, Avg: 87.9, Max: 119, Diff: 118, Sum: 703]
      [GC Worker Other (ms): Min: 0.0, Avg: 0.1, Max: 0.1, Diff: 0.1, Sum: 0.7]
      [GC Worker Total (ms): Min: 174.6, Avg: 174.6, Max: 174.7, Diff: 0.2, Sum: 1397.2]
      [GC Worker End (ms): Min: 19457.7, Avg: 19457.8, Max: 19457.8, Diff: 0.1]
   [Code Root Fixup: 0.0 ms]
   [Code Root Purge: 0.0 ms]
   [Clear CT: 0.2 ms]
   [Other: 0.8 ms]
      [Choose CSet: 0.0 ms]
      [Ref Proc: 0.2 ms]
      [Ref Enq: 0.0 ms]
      [Redirty Cards: 0.2 ms]
      [Humongous Register: 0.1 ms]
      [Humongous Reclaim: 0.0 ms]
      [Free CSet: 0.1 ms]
   [Eden: 223.0M(223.0M)->0.0B(221.0M) Survivors: 33.0M->32.0M Heap: 1128.2M(2048.0M)->1129.7M(2048.0M)]
 [Times: user=1.38 sys=0.00, real=0.18 secs] 
2020-09-29T11:53:33.995+0200: 19.466: [GC pause (G1 Humongous Allocation) (young) (initial-mark), 0.0690266 secs]
   [Parallel Time: 68.1 ms, GC Workers: 8]
      [GC Worker Start (ms): Min: 19465.7, Avg: 19465.7, Max: 19465.8, Diff: 0.1]
      [Ext Root Scanning (ms): Min: 0.0, Avg: 0.1, Max: 0.1, Diff: 0.1, Sum: 0.8]
      [Update RS (ms): Min: 36.6, Avg: 36.9, Max: 37.5, Diff: 0.9, Sum: 295.6]
         [Processed Buffers: Min: 35, Avg: 36.8, Max: 39, Diff: 4, Sum: 294]
      [Scan RS (ms): Min: 2.3, Avg: 2.9, Max: 3.4, Diff: 1.0, Sum: 23.5]
      [Code Root Scanning (ms): Min: 0.0, Avg: 0.0, Max: 0.0, Diff: 0.0, Sum: 0.0]
      [Object Copy (ms): Min: 27.9, Avg: 27.9, Max: 28.0, Diff: 0.1, Sum: 223.4]
      [Termination (ms): Min: 0.0, Avg: 0.0, Max: 0.0, Diff: 0.0, Sum: 0.3]
         [Termination Attempts: Min: 1, Avg: 166.9, Max: 210, Diff: 209, Sum: 1335]
      [GC Worker Other (ms): Min: 0.0, Avg: 0.0, Max: 0.0, Diff: 0.0, Sum: 0.2]
      [GC Worker Total (ms): Min: 67.9, Avg: 68.0, Max: 68.0, Diff: 0.1, Sum: 543.7]
      [GC Worker End (ms): Min: 19533.7, Avg: 19533.7, Max: 19533.7, Diff: 0.0]
   [Code Root Fixup: 0.0 ms]
   [Code Root Purge: 0.0 ms]
   [Clear CT: 0.2 ms]
   [Other: 0.7 ms]
      [Choose CSet: 0.0 ms]
      [Ref Proc: 0.2 ms]
      [Ref Enq: 0.0 ms]
      [Redirty Cards: 0.2 ms]
      [Humongous Register: 0.0 ms]
      [Humongous Reclaim: 0.0 ms]
      [Free CSet: 0.1 ms]
   [Eden: 11.0M(221.0M)->0.0B(225.0M) Survivors: 32.0M->12.0M Heap: 1140.2M(2048.0M)->1144.2M(2048.0M)]
 [Times: user=0.45 sys=0.05, real=0.07 secs] 
2020-09-29T11:53:34.064+0200: 19.535: [GC concurrent-root-region-scan-start]
2020-09-29T11:53:34.068+0200: 19.538: [GC concurrent-root-region-scan-end, 0.0035989 secs]
2020-09-29T11:53:34.068+0200: 19.538: [GC concurrent-mark-start]
2020-09-29T11:53:34.071+0200: 19.542: [GC concurrent-mark-end, 0.0031826 secs]
2020-09-29T11:53:34.072+0200: 19.542: [GC remark 2020-09-29T11:53:34.072+0200: 19.542: [Finalize Marking, 0.0001754 secs] 2020-09-29T11:53:34.072+0200: 19.542: [GC ref-proc, 0.0003501 secs] 2020-09-29T11:53:34.072+0200: 19.543: [Unloading, 0.0005744 secs], 0.0015113 secs]
 [Times: user=0.00 sys=0.00, real=0.00 secs] 
2020-09-29T11:53:34.074+0200: 19.544: [GC cleanup 1154M->33M(2048M), 0.0016039 secs]
 [Times: user=0.00 sys=0.00, real=0.00 secs] 
2020-09-29T11:53:34.075+0200: 19.546: [GC concurrent-cleanup-start]
2020-09-29T11:53:34.078+0200: 19.548: [GC concurrent-cleanup-end, 0.0024150 secs]
2020-09-29T11:53:34.209+0200: 19.679: [GC pause (G1 Evacuation Pause) (young), 0.1694363 secs]
   [Parallel Time: 167.6 ms, GC Workers: 8]
      [GC Worker Start (ms): Min: 19679.2, Avg: 19679.3, Max: 19679.4, Diff: 0.2]
      [Ext Root Scanning (ms): Min: 0.0, Avg: 0.1, Max: 0.2, Diff: 0.2, Sum: 0.5]
      [Update RS (ms): Min: 22.0, Avg: 22.5, Max: 22.8, Diff: 0.7, Sum: 180.4]
         [Processed Buffers: Min: 17, Avg: 18.4, Max: 21, Diff: 4, Sum: 147]
      [Scan RS (ms): Min: 15.3, Avg: 17.0, Max: 25.8, Diff: 10.4, Sum: 135.9]
      [Code Root Scanning (ms): Min: 0.0, Avg: 0.0, Max: 0.0, Diff: 0.0, Sum: 0.0]
      [Object Copy (ms): Min: 119.1, Avg: 127.6, Max: 129.1, Diff: 10.0, Sum: 1020.7]
      [Termination (ms): Min: 0.0, Avg: 0.1, Max: 0.1, Diff: 0.1, Sum: 0.6]
         [Termination Attempts: Min: 1, Avg: 471.1, Max: 621, Diff: 620, Sum: 3769]
      [GC Worker Other (ms): Min: 0.0, Avg: 0.1, Max: 0.2, Diff: 0.2, Sum: 0.9]
      [GC Worker Total (ms): Min: 167.3, Avg: 167.4, Max: 167.5, Diff: 0.2, Sum: 1339.1]
      [GC Worker End (ms): Min: 19846.6, Avg: 19846.7, Max: 19846.8, Diff: 0.2]
   [Code Root Fixup: 0.0 ms]
   [Code Root Purge: 0.0 ms]
   [Clear CT: 0.6 ms]
   [Other: 1.2 ms]
      [Choose CSet: 0.0 ms]
      [Ref Proc: 0.4 ms]
      [Ref Enq: 0.0 ms]
      [Redirty Cards: 0.5 ms]
      [Humongous Register: 0.0 ms]
      [Humongous Reclaim: 0.0 ms]
      [Free CSet: 0.1 ms]
   [Eden: 225.0M(225.0M)->0.0B(208.0M) Survivors: 12.0M->30.0M Heap: 287.1M(2048.0M)->277.6M(2048.0M)]
 [Times: user=1.16 sys=0.05, real=0.17 secs] 
2020-09-29T11:53:34.507+0200: 19.977: [GC pause (G1 Evacuation Pause) (young), 0.1562796 secs]
   [Parallel Time: 155.1 ms, GC Workers: 8]
      [GC Worker Start (ms): Min: 19977.1, Avg: 19977.2, Max: 19977.3, Diff: 0.2]
      [Ext Root Scanning (ms): Min: 0.0, Avg: 0.1, Max: 0.2, Diff: 0.2, Sum: 0.5]
      [Update RS (ms): Min: 14.0, Avg: 14.4, Max: 14.9, Diff: 0.9, Sum: 114.9]
         [Processed Buffers: Min: 12, Avg: 12.4, Max: 15, Diff: 3, Sum: 99]
      [Scan RS (ms): Min: 19.4, Avg: 20.0, Max: 20.3, Diff: 0.9, Sum: 159.7]
      [Code Root Scanning (ms): Min: 0.0, Avg: 0.0, Max: 0.0, Diff: 0.0, Sum: 0.0]
      [Object Copy (ms): Min: 120.3, Avg: 120.4, Max: 120.5, Diff: 0.2, Sum: 963.3]
      [Termination (ms): Min: 0.0, Avg: 0.0, Max: 0.0, Diff: 0.0, Sum: 0.2]
         [Termination Attempts: Min: 1, Avg: 116.9, Max: 151, Diff: 150, Sum: 935]
      [GC Worker Other (ms): Min: 0.0, Avg: 0.0, Max: 0.1, Diff: 0.1, Sum: 0.4]
      [GC Worker Total (ms): Min: 154.8, Avg: 154.9, Max: 155.0, Diff: 0.2, Sum: 1239.1]
      [GC Worker End (ms): Min: 20132.1, Avg: 20132.1, Max: 20132.1, Diff: 0.1]
   [Code Root Fixup: 0.0 ms]
   [Code Root Purge: 0.0 ms]
   [Clear CT: 0.3 ms]
   [Other: 0.9 ms]
      [Choose CSet: 0.0 ms]
      [Ref Proc: 0.2 ms]
      [Ref Enq: 0.0 ms]
      [Redirty Cards: 0.3 ms]
      [Humongous Register: 0.0 ms]
      [Humongous Reclaim: 0.0 ms]
      [Free CSet: 0.2 ms]
   [Eden: 208.0M(208.0M)->0.0B(212.0M) Survivors: 30.0M->30.0M Heap: 520.0M(2048.0M)->521.5M(2048.0M)]
 [Times: user=1.20 sys=0.05, real=0.16 secs] 
2020-09-29T11:53:34.801+0200: 20.271: [GC pause (G1 Evacuation Pause) (young), 0.1629675 secs]
   [Parallel Time: 162.1 ms, GC Workers: 8]
      [GC Worker Start (ms): Min: 20271.2, Avg: 20271.3, Max: 20271.4, Diff: 0.1]
      [Ext Root Scanning (ms): Min: 0.0, Avg: 0.1, Max: 0.2, Diff: 0.1, Sum: 0.7]
      [Update RS (ms): Min: 17.7, Avg: 17.9, Max: 18.4, Diff: 0.7, Sum: 143.4]
         [Processed Buffers: Min: 14, Avg: 15.9, Max: 18, Diff: 4, Sum: 127]
      [Scan RS (ms): Min: 18.6, Avg: 19.9, Max: 25.7, Diff: 7.0, Sum: 159.6]
      [Code Root Scanning (ms): Min: 0.0, Avg: 0.0, Max: 0.0, Diff: 0.0, Sum: 0.0]
      [Object Copy (ms): Min: 117.8, Avg: 123.8, Max: 124.7, Diff: 6.9, Sum: 990.4]
      [Termination (ms): Min: 0.0, Avg: 0.1, Max: 0.1, Diff: 0.1, Sum: 0.4]
         [Termination Attempts: Min: 1, Avg: 270.0, Max: 360, Diff: 359, Sum: 2160]
      [GC Worker Other (ms): Min: 0.0, Avg: 0.0, Max: 0.1, Diff: 0.1, Sum: 0.3]
      [GC Worker Total (ms): Min: 161.8, Avg: 161.8, Max: 161.9, Diff: 0.1, Sum: 1294.8]
      [GC Worker End (ms): Min: 20433.1, Avg: 20433.1, Max: 20433.2, Diff: 0.1]
   [Code Root Fixup: 0.0 ms]
   [Code Root Purge: 0.0 ms]
   [Clear CT: 0.3 ms]
   [Other: 0.6 ms]
      [Choose CSet: 0.0 ms]
      [Ref Proc: 0.1 ms]
      [Ref Enq: 0.0 ms]
      [Redirty Cards: 0.1 ms]
      [Humongous Register: 0.0 ms]
      [Humongous Reclaim: 0.0 ms]
      [Free CSet: 0.2 ms]
   [Eden: 212.0M(212.0M)->0.0B(217.0M) Survivors: 30.0M->31.0M Heap: 769.7M(2048.0M)->771.2M(2048.0M)]
 [Times: user=1.16 sys=0.06, real=0.16 secs] 
2020-09-29T11:53:35.098+0200: 20.569: [GC pause (G1 Evacuation Pause) (young), 0.1876366 secs]
   [Parallel Time: 186.6 ms, GC Workers: 8]
      [GC Worker Start (ms): Min: 20569.0, Avg: 20569.1, Max: 20569.2, Diff: 0.2]
      [Ext Root Scanning (ms): Min: 0.0, Avg: 0.1, Max: 0.2, Diff: 0.2, Sum: 0.7]
      [Update RS (ms): Min: 21.2, Avg: 21.4, Max: 21.7, Diff: 0.5, Sum: 171.0]
         [Processed Buffers: Min: 14, Avg: 17.5, Max: 21, Diff: 7, Sum: 140]
      [Scan RS (ms): Min: 19.9, Avg: 21.0, Max: 25.7, Diff: 5.8, Sum: 167.6]
      [Code Root Scanning (ms): Min: 0.0, Avg: 0.0, Max: 0.0, Diff: 0.0, Sum: 0.0]
      [Object Copy (ms): Min: 138.7, Avg: 143.7, Max: 144.6, Diff: 5.9, Sum: 1149.6]
      [Termination (ms): Min: 0.0, Avg: 0.1, Max: 0.2, Diff: 0.2, Sum: 1.1]
         [Termination Attempts: Min: 1, Avg: 799.1, Max: 979, Diff: 978, Sum: 6393]
      [GC Worker Other (ms): Min: 0.0, Avg: 0.1, Max: 0.1, Diff: 0.1, Sum: 0.5]
      [GC Worker Total (ms): Min: 186.2, Avg: 186.3, Max: 186.5, Diff: 0.3, Sum: 1490.5]
      [GC Worker End (ms): Min: 20755.3, Avg: 20755.4, Max: 20755.4, Diff: 0.1]
   [Code Root Fixup: 0.0 ms]
   [Code Root Purge: 0.0 ms]
   [Clear CT: 0.2 ms]
   [Other: 0.8 ms]
      [Choose CSet: 0.0 ms]
      [Ref Proc: 0.2 ms]
      [Ref Enq: 0.0 ms]
      [Redirty Cards: 0.2 ms]
      [Humongous Register: 0.1 ms]
      [Humongous Reclaim: 0.0 ms]
      [Free CSet: 0.2 ms]
   [Eden: 217.0M(217.0M)->0.0B(209.0M) Survivors: 31.0M->31.0M Heap: 1024.5M(2048.0M)->1027.0M(2048.0M)]
 [Times: user=1.27 sys=0.06, real=0.19 secs] 
2020-09-29T11:53:35.299+0200: 20.769: [GC pause (G1 Humongous Allocation) (young) (initial-mark), 0.0515702 secs]
   [Parallel Time: 50.5 ms, GC Workers: 8]
      [GC Worker Start (ms): Min: 20769.0, Avg: 20769.1, Max: 20769.2, Diff: 0.2]
      [Ext Root Scanning (ms): Min: 0.0, Avg: 0.2, Max: 0.4, Diff: 0.4, Sum: 1.8]
      [Update RS (ms): Min: 26.8, Avg: 27.0, Max: 27.2, Diff: 0.4, Sum: 216.1]
         [Processed Buffers: Min: 26, Avg: 27.3, Max: 28, Diff: 2, Sum: 218]
      [Scan RS (ms): Min: 2.5, Avg: 2.7, Max: 3.0, Diff: 0.5, Sum: 21.9]
      [Code Root Scanning (ms): Min: 0.0, Avg: 0.0, Max: 0.0, Diff: 0.0, Sum: 0.0]
      [Object Copy (ms): Min: 20.2, Avg: 20.3, Max: 20.4, Diff: 0.1, Sum: 162.3]
      [Termination (ms): Min: 0.0, Avg: 0.0, Max: 0.0, Diff: 0.0, Sum: 0.1]
         [Termination Attempts: Min: 1, Avg: 63.4, Max: 97, Diff: 96, Sum: 507]
      [GC Worker Other (ms): Min: 0.0, Avg: 0.0, Max: 0.0, Diff: 0.0, Sum: 0.2]
      [GC Worker Total (ms): Min: 50.2, Avg: 50.3, Max: 50.3, Diff: 0.2, Sum: 402.3]
      [GC Worker End (ms): Min: 20819.4, Avg: 20819.4, Max: 20819.4, Diff: 0.0]
   [Code Root Fixup: 0.0 ms]
   [Code Root Purge: 0.0 ms]
   [Clear CT: 0.2 ms]
   [Other: 0.9 ms]
      [Choose CSet: 0.0 ms]
      [Ref Proc: 0.2 ms]
      [Ref Enq: 0.0 ms]
      [Redirty Cards: 0.2 ms]
      [Humongous Register: 0.0 ms]
      [Humongous Reclaim: 0.0 ms]
      [Free CSet: 0.1 ms]
   [Eden: 8192.0K(209.0M)->0.0B(248.0M) Survivors: 31.0M->10.0M Heap: 1035.0M(2048.0M)->1039.0M(2048.0M)]
 [Times: user=0.50 sys=0.00, real=0.05 secs] 
2020-09-29T11:53:35.350+0200: 20.821: [GC concurrent-root-region-scan-start]
2020-09-29T11:53:35.353+0200: 20.823: [GC concurrent-root-region-scan-end, 0.0025219 secs]
2020-09-29T11:53:35.353+0200: 20.823: [GC concurrent-mark-start]
2020-09-29T11:53:35.356+0200: 20.827: [GC concurrent-mark-end, 0.0036063 secs]
2020-09-29T11:53:35.357+0200: 20.827: [GC remark 2020-09-29T11:53:35.357+0200: 20.827: [Finalize Marking, 0.0002882 secs] 2020-09-29T11:53:35.357+0200: 20.827: [GC ref-proc, 0.0004283 secs] 2020-09-29T11:53:35.357+0200: 20.828: [Unloading, 0.0005890 secs], 0.0016725 secs]
 [Times: user=0.00 sys=0.00, real=0.00 secs] 
2020-09-29T11:53:35.359+0200: 20.829: [GC cleanup 1050M->33M(2048M), 0.0014861 secs]
 [Times: user=0.00 sys=0.00, real=0.00 secs] 
2020-09-29T11:53:35.360+0200: 20.831: [GC concurrent-cleanup-start]
2020-09-29T11:53:35.362+0200: 20.832: [GC concurrent-cleanup-end, 0.0014816 secs]
2020-09-29T11:53:35.509+0200: 20.979: [GC pause (G1 Evacuation Pause) (young), 0.1662739 secs]
   [Parallel Time: 165.1 ms, GC Workers: 8]
      [GC Worker Start (ms): Min: 20978.9, Avg: 20979.1, Max: 20979.1, Diff: 0.2]
      [Ext Root Scanning (ms): Min: 0.0, Avg: 0.1, Max: 0.2, Diff: 0.2, Sum: 0.5]
      [Update RS (ms): Min: 15.2, Avg: 15.5, Max: 15.8, Diff: 0.6, Sum: 124.3]
         [Processed Buffers: Min: 12, Avg: 13.4, Max: 15, Diff: 3, Sum: 107]
      [Scan RS (ms): Min: 20.7, Avg: 21.0, Max: 21.2, Diff: 0.6, Sum: 167.9]
      [Code Root Scanning (ms): Min: 0.0, Avg: 0.0, Max: 0.0, Diff: 0.0, Sum: 0.0]
      [Object Copy (ms): Min: 128.0, Avg: 128.1, Max: 128.2, Diff: 0.3, Sum: 1025.0]
      [Termination (ms): Min: 0.0, Avg: 0.1, Max: 0.1, Diff: 0.1, Sum: 0.6]
         [Termination Attempts: Min: 1, Avg: 375.5, Max: 451, Diff: 450, Sum: 3004]
      [GC Worker Other (ms): Min: 0.0, Avg: 0.0, Max: 0.1, Diff: 0.1, Sum: 0.4]
      [GC Worker Total (ms): Min: 164.8, Avg: 164.8, Max: 165.0, Diff: 0.2, Sum: 1318.8]
      [GC Worker End (ms): Min: 21143.9, Avg: 21143.9, Max: 21143.9, Diff: 0.1]
   [Code Root Fixup: 0.0 ms]
   [Code Root Purge: 0.0 ms]
   [Clear CT: 0.2 ms]
   [Other: 0.9 ms]
      [Choose CSet: 0.0 ms]
      [Ref Proc: 0.2 ms]
      [Ref Enq: 0.0 ms]
      [Redirty Cards: 0.2 ms]
      [Humongous Register: 0.0 ms]
      [Humongous Reclaim: 0.0 ms]
      [Free CSet: 0.2 ms]
   [Eden: 248.0M(248.0M)->0.0B(228.0M) Survivors: 10.0M->33.0M Heap: 312.0M(2048.0M)->304.0M(2048.0M)]
 [Times: user=1.17 sys=0.06, real=0.17 secs] 
2020-09-29T11:53:35.824+0200: 21.294: [GC pause (G1 Evacuation Pause) (young), 0.1742084 secs]
   [Parallel Time: 173.0 ms, GC Workers: 8]
      [GC Worker Start (ms): Min: 21294.5, Avg: 21294.6, Max: 21294.6, Diff: 0.2]
      [Ext Root Scanning (ms): Min: 0.0, Avg: 0.1, Max: 0.2, Diff: 0.2, Sum: 0.6]
      [Update RS (ms): Min: 22.0, Avg: 22.3, Max: 22.9, Diff: 0.9, Sum: 178.2]
         [Processed Buffers: Min: 17, Avg: 18.5, Max: 20, Diff: 3, Sum: 148]
      [Scan RS (ms): Min: 18.3, Avg: 18.9, Max: 19.2, Diff: 0.9, Sum: 151.5]
      [Code Root Scanning (ms): Min: 0.0, Avg: 0.0, Max: 0.0, Diff: 0.0, Sum: 0.0]
      [Object Copy (ms): Min: 131.4, Avg: 131.4, Max: 131.5, Diff: 0.1, Sum: 1051.6]
      [Termination (ms): Min: 0.0, Avg: 0.0, Max: 0.0, Diff: 0.0, Sum: 0.2]
         [Termination Attempts: Min: 1, Avg: 96.5, Max: 122, Diff: 121, Sum: 772]
      [GC Worker Other (ms): Min: 0.0, Avg: 0.0, Max: 0.1, Diff: 0.1, Sum: 0.4]
      [GC Worker Total (ms): Min: 172.7, Avg: 172.8, Max: 172.9, Diff: 0.2, Sum: 1382.5]
      [GC Worker End (ms): Min: 21467.4, Avg: 21467.4, Max: 21467.4, Diff: 0.1]
   [Code Root Fixup: 0.0 ms]
   [Code Root Purge: 0.0 ms]
   [Clear CT: 0.2 ms]
   [Other: 1.0 ms]
      [Choose CSet: 0.0 ms]
      [Ref Proc: 0.3 ms]
      [Ref Enq: 0.0 ms]
      [Redirty Cards: 0.2 ms]
      [Humongous Register: 0.0 ms]
      [Humongous Reclaim: 0.0 ms]
      [Free CSet: 0.2 ms]
   [Eden: 228.0M(228.0M)->0.0B(226.0M) Survivors: 33.0M->33.0M Heap: 570.1M(2048.0M)->572.6M(2048.0M)]
 [Times: user=1.23 sys=0.13, real=0.17 secs] 
2020-09-29T11:53:36.139+0200: 21.609: [GC pause (G1 Evacuation Pause) (young), 0.1824693 secs]
   [Parallel Time: 181.3 ms, GC Workers: 8]
      [GC Worker Start (ms): Min: 21609.0, Avg: 21609.1, Max: 21609.2, Diff: 0.2]
      [Ext Root Scanning (ms): Min: 0.0, Avg: 0.1, Max: 0.2, Diff: 0.2, Sum: 0.6]
      [Update RS (ms): Min: 16.1, Avg: 16.4, Max: 16.9, Diff: 0.8, Sum: 131.2]
         [Processed Buffers: Min: 13, Avg: 14.5, Max: 17, Diff: 4, Sum: 116]
      [Scan RS (ms): Min: 21.1, Avg: 21.5, Max: 21.9, Diff: 0.9, Sum: 172.3]
      [Code Root Scanning (ms): Min: 0.0, Avg: 0.0, Max: 0.0, Diff: 0.0, Sum: 0.0]
      [Object Copy (ms): Min: 142.6, Avg: 142.8, Max: 143.0, Diff: 0.5, Sum: 1142.5]
      [Termination (ms): Min: 0.0, Avg: 0.2, Max: 0.2, Diff: 0.2, Sum: 1.2]
         [Termination Attempts: Min: 1, Avg: 772.1, Max: 1033, Diff: 1032, Sum: 6177]
      [GC Worker Other (ms): Min: 0.0, Avg: 0.1, Max: 0.1, Diff: 0.1, Sum: 0.4]
      [GC Worker Total (ms): Min: 180.9, Avg: 181.0, Max: 181.1, Diff: 0.2, Sum: 1448.2]
      [GC Worker End (ms): Min: 21790.1, Avg: 21790.2, Max: 21790.2, Diff: 0.1]
   [Code Root Fixup: 0.0 ms]
   [Code Root Purge: 0.0 ms]
   [Clear CT: 0.2 ms]
   [Other: 0.9 ms]
      [Choose CSet: 0.0 ms]
      [Ref Proc: 0.2 ms]
      [Ref Enq: 0.0 ms]
      [Redirty Cards: 0.3 ms]
      [Humongous Register: 0.0 ms]
      [Humongous Reclaim: 0.0 ms]
      [Free CSet: 0.2 ms]
   [Eden: 226.0M(226.0M)->0.0B(217.0M) Survivors: 33.0M->33.0M Heap: 836.8M(2048.0M)->838.8M(2048.0M)]
 [Times: user=1.44 sys=0.05, real=0.18 secs] 
2020-09-29T11:53:36.471+0200: 21.942: [GC pause (G1 Evacuation Pause) (young), 0.1646496 secs]
   [Parallel Time: 163.7 ms, GC Workers: 8]
      [GC Worker Start (ms): Min: 21941.7, Avg: 21941.8, Max: 21941.9, Diff: 0.2]
      [Ext Root Scanning (ms): Min: 0.0, Avg: 0.1, Max: 0.2, Diff: 0.2, Sum: 0.6]
      [Update RS (ms): Min: 15.3, Avg: 15.4, Max: 15.6, Diff: 0.3, Sum: 122.9]
         [Processed Buffers: Min: 12, Avg: 14.1, Max: 16, Diff: 4, Sum: 113]
      [Scan RS (ms): Min: 20.8, Avg: 21.1, Max: 21.3, Diff: 0.5, Sum: 168.5]
      [Code Root Scanning (ms): Min: 0.0, Avg: 0.0, Max: 0.0, Diff: 0.0, Sum: 0.0]
      [Object Copy (ms): Min: 126.7, Avg: 126.9, Max: 127.0, Diff: 0.2, Sum: 1015.1]
      [Termination (ms): Min: 0.0, Avg: 0.0, Max: 0.0, Diff: 0.0, Sum: 0.0]
         [Termination Attempts: Min: 1, Avg: 8.1, Max: 14, Diff: 13, Sum: 65]
      [GC Worker Other (ms): Min: 0.0, Avg: 0.1, Max: 0.1, Diff: 0.0, Sum: 0.4]
      [GC Worker Total (ms): Min: 163.4, Avg: 163.5, Max: 163.6, Diff: 0.2, Sum: 1307.7]
      [GC Worker End (ms): Min: 22105.3, Avg: 22105.3, Max: 22105.3, Diff: 0.0]
   [Code Root Fixup: 0.0 ms]
   [Code Root Purge: 0.0 ms]
   [Clear CT: 0.2 ms]
   [Other: 0.8 ms]
      [Choose CSet: 0.0 ms]
      [Ref Proc: 0.2 ms]
      [Ref Enq: 0.0 ms]
      [Redirty Cards: 0.2 ms]
      [Humongous Register: 0.1 ms]
      [Humongous Reclaim: 0.0 ms]
      [Free CSet: 0.2 ms]
   [Eden: 217.0M(217.0M)->0.0B(222.0M) Survivors: 33.0M->32.0M Heap: 1092.0M(2048.0M)->1094.5M(2048.0M)]
 [Times: user=1.23 sys=0.11, real=0.16 secs] 
2020-09-29T11:53:36.645+0200: 22.115: [GC pause (G1 Humongous Allocation) (young) (initial-mark), 0.0572412 secs]
   [Parallel Time: 56.2 ms, GC Workers: 8]
      [GC Worker Start (ms): Min: 22115.6, Avg: 22115.7, Max: 22115.8, Diff: 0.2]
      [Ext Root Scanning (ms): Min: 0.0, Avg: 0.2, Max: 0.4, Diff: 0.4, Sum: 1.8]
      [Update RS (ms): Min: 31.4, Avg: 31.8, Max: 32.3, Diff: 0.9, Sum: 254.4]
         [Processed Buffers: Min: 31, Avg: 31.6, Max: 34, Diff: 3, Sum: 253]
      [Scan RS (ms): Min: 2.3, Avg: 2.7, Max: 3.2, Diff: 0.9, Sum: 21.7]
      [Code Root Scanning (ms): Min: 0.0, Avg: 0.0, Max: 0.0, Diff: 0.0, Sum: 0.0]
      [Object Copy (ms): Min: 21.1, Avg: 21.2, Max: 21.2, Diff: 0.2, Sum: 169.6]
      [Termination (ms): Min: 0.0, Avg: 0.0, Max: 0.0, Diff: 0.0, Sum: 0.1]
         [Termination Attempts: Min: 1, Avg: 33.5, Max: 46, Diff: 45, Sum: 268]
      [GC Worker Other (ms): Min: 0.0, Avg: 0.0, Max: 0.0, Diff: 0.0, Sum: 0.2]
      [GC Worker Total (ms): Min: 55.9, Avg: 56.0, Max: 56.0, Diff: 0.2, Sum: 447.8]
      [GC Worker End (ms): Min: 22171.6, Avg: 22171.6, Max: 22171.6, Diff: 0.0]
   [Code Root Fixup: 0.0 ms]
   [Code Root Purge: 0.0 ms]
   [Clear CT: 0.2 ms]
   [Other: 0.9 ms]
      [Choose CSet: 0.0 ms]
      [Ref Proc: 0.2 ms]
      [Ref Enq: 0.0 ms]
      [Redirty Cards: 0.2 ms]
      [Humongous Register: 0.0 ms]
      [Humongous Reclaim: 0.0 ms]
      [Free CSet: 0.1 ms]
   [Eden: 9216.0K(222.0M)->0.0B(254.0M) Survivors: 32.0M->10.0M Heap: 1103.0M(2048.0M)->1106.0M(2048.0M)]
 [Times: user=0.38 sys=0.00, real=0.06 secs] 
2020-09-29T11:53:36.703+0200: 22.173: [GC concurrent-root-region-scan-start]
2020-09-29T11:53:36.705+0200: 22.176: [GC concurrent-root-region-scan-end, 0.0028847 secs]
2020-09-29T11:53:36.705+0200: 22.176: [GC concurrent-mark-start]
2020-09-29T11:53:36.708+0200: 22.179: [GC concurrent-mark-end, 0.0029617 secs]
2020-09-29T11:53:36.709+0200: 22.179: [GC remark 2020-09-29T11:53:36.709+0200: 22.179: [Finalize Marking, 0.0002205 secs] 2020-09-29T11:53:36.709+0200: 22.179: [GC ref-proc, 0.0003357 secs] 2020-09-29T11:53:36.709+0200: 22.180: [Unloading, 0.0005008 secs], 0.0014578 secs]
 [Times: user=0.00 sys=0.00, real=0.00 secs] 
2020-09-29T11:53:36.711+0200: 22.181: [GC cleanup 1117M->33M(2048M), 0.0011953 secs]
 [Times: user=0.00 sys=0.00, real=0.00 secs] 
2020-09-29T11:53:36.712+0200: 22.182: [GC concurrent-cleanup-start]
2020-09-29T11:53:36.714+0200: 22.184: [GC concurrent-cleanup-end, 0.0017047 secs]
2020-09-29T11:53:36.864+0200: 22.334: [GC pause (G1 Evacuation Pause) (young), 0.1747650 secs]
   [Parallel Time: 173.5 ms, GC Workers: 8]
      [GC Worker Start (ms): Min: 22334.0, Avg: 22334.1, Max: 22334.2, Diff: 0.2]
      [Ext Root Scanning (ms): Min: 0.0, Avg: 0.1, Max: 0.2, Diff: 0.2, Sum: 0.5]
      [Update RS (ms): Min: 18.2, Avg: 18.4, Max: 19.2, Diff: 1.1, Sum: 147.1]
         [Processed Buffers: Min: 15, Avg: 16.5, Max: 20, Diff: 5, Sum: 132]
      [Scan RS (ms): Min: 18.9, Avg: 19.7, Max: 19.9, Diff: 1.0, Sum: 157.9]
      [Code Root Scanning (ms): Min: 0.0, Avg: 0.0, Max: 0.0, Diff: 0.0, Sum: 0.0]
      [Object Copy (ms): Min: 134.8, Avg: 134.9, Max: 134.9, Diff: 0.1, Sum: 1079.2]
      [Termination (ms): Min: 0.0, Avg: 0.0, Max: 0.1, Diff: 0.1, Sum: 0.4]
         [Termination Attempts: Min: 1, Avg: 236.9, Max: 312, Diff: 311, Sum: 1895]
      [GC Worker Other (ms): Min: 0.0, Avg: 0.1, Max: 0.1, Diff: 0.1, Sum: 0.4]
      [GC Worker Total (ms): Min: 173.1, Avg: 173.2, Max: 173.3, Diff: 0.2, Sum: 1385.6]
      [GC Worker End (ms): Min: 22507.2, Avg: 22507.3, Max: 22507.3, Diff: 0.1]
   [Code Root Fixup: 0.0 ms]
   [Code Root Purge: 0.0 ms]
   [Clear CT: 0.2 ms]
   [Other: 1.1 ms]
      [Choose CSet: 0.0 ms]
      [Ref Proc: 0.2 ms]
      [Ref Enq: 0.0 ms]
      [Redirty Cards: 0.3 ms]
      [Humongous Register: 0.0 ms]
      [Humongous Reclaim: 0.0 ms]
      [Free CSet: 0.3 ms]
   [Eden: 254.0M(254.0M)->0.0B(230.0M) Survivors: 10.0M->33.0M Heap: 319.4M(2048.0M)->311.9M(2048.0M)]
 [Times: user=1.31 sys=0.05, real=0.17 secs] 
2020-09-29T11:53:37.190+0200: 22.661: [GC pause (G1 Evacuation Pause) (young), 0.2001490 secs]
   [Parallel Time: 198.9 ms, GC Workers: 8]
      [GC Worker Start (ms): Min: 22660.9, Avg: 22661.0, Max: 22661.0, Diff: 0.2]
      [Ext Root Scanning (ms): Min: 0.0, Avg: 0.1, Max: 0.2, Diff: 0.2, Sum: 0.6]
      [Update RS (ms): Min: 17.7, Avg: 17.9, Max: 18.2, Diff: 0.5, Sum: 143.5]
         [Processed Buffers: Min: 12, Avg: 15.4, Max: 19, Diff: 7, Sum: 123]
      [Scan RS (ms): Min: 21.6, Avg: 21.9, Max: 22.2, Diff: 0.6, Sum: 175.3]
      [Code Root Scanning (ms): Min: 0.0, Avg: 0.0, Max: 0.0, Diff: 0.0, Sum: 0.0]
      [Object Copy (ms): Min: 158.5, Avg: 158.6, Max: 158.7, Diff: 0.2, Sum: 1268.9]
      [Termination (ms): Min: 0.0, Avg: 0.0, Max: 0.0, Diff: 0.0, Sum: 0.0]
         [Termination Attempts: Min: 1, Avg: 11.9, Max: 17, Diff: 16, Sum: 95]
      [GC Worker Other (ms): Min: 0.0, Avg: 0.1, Max: 0.1, Diff: 0.1, Sum: 0.4]
      [GC Worker Total (ms): Min: 198.5, Avg: 198.6, Max: 198.7, Diff: 0.2, Sum: 1588.8]
      [GC Worker End (ms): Min: 22859.5, Avg: 22859.6, Max: 22859.7, Diff: 0.1]
   [Code Root Fixup: 0.0 ms]
   [Code Root Purge: 0.0 ms]
   [Clear CT: 0.3 ms]
   [Other: 0.9 ms]
      [Choose CSet: 0.0 ms]
      [Ref Proc: 0.2 ms]
      [Ref Enq: 0.0 ms]
      [Redirty Cards: 0.3 ms]
      [Humongous Register: 0.1 ms]
      [Humongous Reclaim: 0.0 ms]
      [Free CSet: 0.2 ms]
   [Eden: 230.0M(230.0M)->0.0B(208.0M) Survivors: 33.0M->33.0M Heap: 580.0M(2048.0M)->582.0M(2048.0M)]
 [Times: user=1.45 sys=0.06, real=0.20 secs] 
2020-09-29T11:53:37.533+0200: 23.004: [GC pause (G1 Evacuation Pause) (young), 0.1736838 secs]
   [Parallel Time: 171.9 ms, GC Workers: 8]
      [GC Worker Start (ms): Min: 23003.8, Avg: 23003.9, Max: 23004.0, Diff: 0.2]
      [Ext Root Scanning (ms): Min: 0.0, Avg: 0.1, Max: 0.2, Diff: 0.2, Sum: 0.6]
      [Update RS (ms): Min: 19.8, Avg: 20.1, Max: 20.6, Diff: 0.8, Sum: 160.7]
         [Processed Buffers: Min: 15, Avg: 16.0, Max: 19, Diff: 4, Sum: 128]
      [Scan RS (ms): Min: 19.1, Avg: 19.7, Max: 20.0, Diff: 0.9, Sum: 157.4]
      [Code Root Scanning (ms): Min: 0.0, Avg: 0.0, Max: 0.0, Diff: 0.0, Sum: 0.0]
      [Object Copy (ms): Min: 131.6, Avg: 131.7, Max: 131.8, Diff: 0.1, Sum: 1053.7]
      [Termination (ms): Min: 0.0, Avg: 0.0, Max: 0.0, Diff: 0.0, Sum: 0.3]
         [Termination Attempts: Min: 1, Avg: 194.6, Max: 239, Diff: 238, Sum: 1557]
      [GC Worker Other (ms): Min: 0.0, Avg: 0.0, Max: 0.1, Diff: 0.1, Sum: 0.4]
      [GC Worker Total (ms): Min: 171.5, Avg: 171.6, Max: 171.8, Diff: 0.3, Sum: 1373.2]
      [GC Worker End (ms): Min: 23175.5, Avg: 23175.5, Max: 23175.6, Diff: 0.1]
   [Code Root Fixup: 0.0 ms]
   [Code Root Purge: 0.0 ms]
   [Clear CT: 0.4 ms]
   [Other: 1.4 ms]
      [Choose CSet: 0.0 ms]
      [Ref Proc: 0.2 ms]
      [Ref Enq: 0.0 ms]
      [Redirty Cards: 0.8 ms]
      [Humongous Register: 0.0 ms]
      [Humongous Reclaim: 0.0 ms]
      [Free CSet: 0.2 ms]
   [Eden: 208.0M(208.0M)->0.0B(208.0M) Survivors: 33.0M->31.0M Heap: 824.3M(2048.0M)->826.3M(2048.0M)]
 [Times: user=1.33 sys=0.05, real=0.17 secs] 
2020-09-29T11:53:37.851+0200: 23.321: [GC pause (G1 Evacuation Pause) (young), 0.1936721 secs]
   [Parallel Time: 192.3 ms, GC Workers: 8]
      [GC Worker Start (ms): Min: 23321.2, Avg: 23321.4, Max: 23321.4, Diff: 0.2]
      [Ext Root Scanning (ms): Min: 0.0, Avg: 0.1, Max: 0.2, Diff: 0.2, Sum: 0.6]
      [Update RS (ms): Min: 19.6, Avg: 20.0, Max: 20.6, Diff: 1.0, Sum: 160.3]
         [Processed Buffers: Min: 15, Avg: 15.8, Max: 18, Diff: 3, Sum: 126]
      [Scan RS (ms): Min: 18.9, Avg: 19.5, Max: 20.0, Diff: 1.1, Sum: 156.3]
      [Code Root Scanning (ms): Min: 0.0, Avg: 0.0, Max: 0.0, Diff: 0.0, Sum: 0.0]
      [Object Copy (ms): Min: 151.8, Avg: 151.9, Max: 152.2, Diff: 0.4, Sum: 1215.4]
      [Termination (ms): Min: 0.0, Avg: 0.4, Max: 0.6, Diff: 0.6, Sum: 3.2]
         [Termination Attempts: Min: 1, Avg: 1898.4, Max: 2602, Diff: 2601, Sum: 15187]
      [GC Worker Other (ms): Min: 0.0, Avg: 0.0, Max: 0.1, Diff: 0.1, Sum: 0.4]
      [GC Worker Total (ms): Min: 191.9, Avg: 192.0, Max: 192.1, Diff: 0.2, Sum: 1536.2]
      [GC Worker End (ms): Min: 23513.3, Avg: 23513.4, Max: 23513.4, Diff: 0.1]
   [Code Root Fixup: 0.0 ms]
   [Code Root Purge: 0.0 ms]
   [Clear CT: 0.3 ms]
   [Other: 1.1 ms]
      [Choose CSet: 0.0 ms]
      [Ref Proc: 0.3 ms]
      [Ref Enq: 0.0 ms]
      [Redirty Cards: 0.4 ms]
      [Humongous Register: 0.1 ms]
      [Humongous Reclaim: 0.0 ms]
      [Free CSet: 0.1 ms]
   [Eden: 208.0M(208.0M)->0.0B(195.0M) Survivors: 31.0M->30.0M Heap: 1068.7M(2048.0M)->1071.2M(2048.0M)]
 [Times: user=1.36 sys=0.06, real=0.19 secs] 
2020-09-29T11:53:38.053+0200: 23.524: [GC pause (G1 Humongous Allocation) (young) (initial-mark), 0.0558236 secs]
   [Parallel Time: 54.8 ms, GC Workers: 8]
      [GC Worker Start (ms): Min: 23523.9, Avg: 23523.9, Max: 23524.0, Diff: 0.1]
      [Ext Root Scanning (ms): Min: 0.0, Avg: 0.1, Max: 0.2, Diff: 0.1, Sum: 0.8]
      [Update RS (ms): Min: 31.9, Avg: 32.3, Max: 32.8, Diff: 0.8, Sum: 258.0]
         [Processed Buffers: Min: 28, Avg: 29.9, Max: 32, Diff: 4, Sum: 239]
      [Scan RS (ms): Min: 2.0, Avg: 2.6, Max: 2.9, Diff: 0.9, Sum: 20.4]
      [Code Root Scanning (ms): Min: 0.0, Avg: 0.0, Max: 0.0, Diff: 0.0, Sum: 0.0]
      [Object Copy (ms): Min: 19.6, Avg: 19.7, Max: 19.7, Diff: 0.1, Sum: 157.3]
      [Termination (ms): Min: 0.0, Avg: 0.0, Max: 0.0, Diff: 0.0, Sum: 0.1]
         [Termination Attempts: Min: 1, Avg: 32.4, Max: 47, Diff: 46, Sum: 259]
      [GC Worker Other (ms): Min: 0.0, Avg: 0.0, Max: 0.0, Diff: 0.0, Sum: 0.1]
      [GC Worker Total (ms): Min: 54.5, Avg: 54.6, Max: 54.7, Diff: 0.1, Sum: 436.8]
      [GC Worker End (ms): Min: 23578.5, Avg: 23578.5, Max: 23578.5, Diff: 0.0]
   [Code Root Fixup: 0.0 ms]
   [Code Root Purge: 0.0 ms]
   [Clear CT: 0.2 ms]
   [Other: 0.8 ms]
      [Choose CSet: 0.0 ms]
      [Ref Proc: 0.3 ms]
      [Ref Enq: 0.0 ms]
      [Redirty Cards: 0.2 ms]
      [Humongous Register: 0.0 ms]
      [Humongous Reclaim: 0.0 ms]
      [Free CSet: 0.1 ms]
   [Eden: 5120.0K(195.0M)->0.0B(231.0M) Survivors: 30.0M->7168.0K Heap: 1075.7M(2048.0M)->1079.2M(2048.0M)]
 [Times: user=0.38 sys=0.00, real=0.06 secs] 
2020-09-29T11:53:38.109+0200: 23.580: [GC concurrent-root-region-scan-start]
2020-09-29T11:53:38.111+0200: 23.581: [GC concurrent-root-region-scan-end, 0.0014051 secs]
2020-09-29T11:53:38.111+0200: 23.581: [GC concurrent-mark-start]
2020-09-29T11:53:38.114+0200: 23.584: [GC concurrent-mark-end, 0.0030037 secs]
2020-09-29T11:53:38.114+0200: 23.584: [GC remark 2020-09-29T11:53:38.114+0200: 23.584: [Finalize Marking, 0.0001671 secs] 2020-09-29T11:53:38.114+0200: 23.585: [GC ref-proc, 0.0003736 secs] 2020-09-29T11:53:38.115+0200: 23.585: [Unloading, 0.0005000 secs], 0.0013752 secs]
 [Times: user=0.00 sys=0.00, real=0.00 secs] 
2020-09-29T11:53:38.116+0200: 23.586: [GC cleanup 1088M->27M(2048M), 0.0013723 secs]
 [Times: user=0.00 sys=0.00, real=0.00 secs] 
2020-09-29T11:53:38.117+0200: 23.588: [GC concurrent-cleanup-start]
2020-09-29T11:53:38.119+0200: 23.589: [GC concurrent-cleanup-end, 0.0015028 secs]
2020-09-29T11:53:38.269+0200: 23.739: [GC pause (G1 Evacuation Pause) (young), 0.1756960 secs]
   [Parallel Time: 174.4 ms, GC Workers: 8]
      [GC Worker Start (ms): Min: 23739.5, Avg: 23741.4, Max: 23746.7, Diff: 7.2]
      [Ext Root Scanning (ms): Min: 0.0, Avg: 0.1, Max: 0.2, Diff: 0.2, Sum: 0.7]
      [Update RS (ms): Min: 12.1, Avg: 17.4, Max: 19.4, Diff: 7.3, Sum: 139.6]
         [Processed Buffers: Min: 10, Avg: 13.5, Max: 16, Diff: 6, Sum: 108]
      [Scan RS (ms): Min: 20.5, Avg: 21.3, Max: 21.7, Diff: 1.1, Sum: 170.7]
      [Code Root Scanning (ms): Min: 0.0, Avg: 0.0, Max: 0.0, Diff: 0.0, Sum: 0.0]
      [Object Copy (ms): Min: 133.3, Avg: 133.5, Max: 133.6, Diff: 0.3, Sum: 1067.9]
      [Termination (ms): Min: 0.0, Avg: 0.1, Max: 0.1, Diff: 0.1, Sum: 0.7]
         [Termination Attempts: Min: 1, Avg: 446.1, Max: 583, Diff: 582, Sum: 3569]
      [GC Worker Other (ms): Min: 0.0, Avg: 0.0, Max: 0.1, Diff: 0.0, Sum: 0.3]
      [GC Worker Total (ms): Min: 167.1, Avg: 172.5, Max: 174.3, Diff: 7.2, Sum: 1380.0]
      [GC Worker End (ms): Min: 23913.9, Avg: 23913.9, Max: 23913.9, Diff: 0.0]
   [Code Root Fixup: 0.0 ms]
   [Code Root Purge: 0.0 ms]
   [Clear CT: 0.2 ms]
   [Other: 1.1 ms]
      [Choose CSet: 0.0 ms]
      [Ref Proc: 0.2 ms]
      [Ref Enq: 0.0 ms]
      [Redirty Cards: 0.3 ms]
      [Humongous Register: 0.0 ms]
      [Humongous Reclaim: 0.0 ms]
      [Free CSet: 0.2 ms]
   [Eden: 231.0M(231.0M)->0.0B(205.0M) Survivors: 7168.0K->30.0M Heap: 289.6M(2048.0M)->285.1M(2048.0M)]
 [Times: user=1.41 sys=0.01, real=0.18 secs] 
2020-09-29T11:53:38.592+0200: 24.063: [GC pause (G1 Evacuation Pause) (young), 0.1787905 secs]
   [Parallel Time: 176.2 ms, GC Workers: 8]
      [GC Worker Start (ms): Min: 24062.9, Avg: 24063.1, Max: 24063.1, Diff: 0.2]
      [Ext Root Scanning (ms): Min: 0.0, Avg: 0.1, Max: 0.2, Diff: 0.2, Sum: 0.6]
      [Update RS (ms): Min: 15.5, Avg: 15.7, Max: 16.3, Diff: 0.8, Sum: 125.4]
         [Processed Buffers: Min: 10, Avg: 13.5, Max: 18, Diff: 8, Sum: 108]
      [Scan RS (ms): Min: 20.8, Avg: 21.6, Max: 22.0, Diff: 1.2, Sum: 172.7]
      [Code Root Scanning (ms): Min: 0.0, Avg: 0.0, Max: 0.0, Diff: 0.0, Sum: 0.0]
      [Object Copy (ms): Min: 138.2, Avg: 138.4, Max: 138.6, Diff: 0.4, Sum: 1107.1]
      [Termination (ms): Min: 0.0, Avg: 0.1, Max: 0.1, Diff: 0.1, Sum: 0.8]
         [Termination Attempts: Min: 1, Avg: 225.0, Max: 277, Diff: 276, Sum: 1800]
      [GC Worker Other (ms): Min: 0.0, Avg: 0.0, Max: 0.0, Diff: 0.0, Sum: 0.1]
      [GC Worker Total (ms): Min: 175.7, Avg: 175.8, Max: 176.0, Diff: 0.3, Sum: 1406.6]
      [GC Worker End (ms): Min: 24238.9, Avg: 24238.9, Max: 24238.9, Diff: 0.0]
   [Code Root Fixup: 0.0 ms]
   [Code Root Purge: 0.0 ms]
   [Clear CT: 0.6 ms]
   [Other: 2.0 ms]
      [Choose CSet: 0.0 ms]
      [Ref Proc: 0.3 ms]
      [Ref Enq: 0.0 ms]
      [Redirty Cards: 1.2 ms]
      [Humongous Register: 0.0 ms]
      [Humongous Reclaim: 0.0 ms]
      [Free CSet: 0.2 ms]
   [Eden: 205.0M(205.0M)->0.0B(198.0M) Survivors: 30.0M->30.0M Heap: 524.4M(2048.0M)->526.4M(2048.0M)]
 [Times: user=1.33 sys=0.06, real=0.18 secs] 
2020-09-29T11:53:38.910+0200: 24.381: [GC pause (G1 Evacuation Pause) (young), 0.1751748 secs]
   [Parallel Time: 173.7 ms, GC Workers: 8]
      [GC Worker Start (ms): Min: 24380.7, Avg: 24380.9, Max: 24381.0, Diff: 0.2]
      [Ext Root Scanning (ms): Min: 0.0, Avg: 0.1, Max: 0.2, Diff: 0.2, Sum: 0.6]
      [Update RS (ms): Min: 17.8, Avg: 18.1, Max: 18.8, Diff: 0.9, Sum: 144.8]
         [Processed Buffers: Min: 13, Avg: 14.8, Max: 16, Diff: 3, Sum: 118]
      [Scan RS (ms): Min: 20.5, Avg: 21.2, Max: 21.5, Diff: 1.0, Sum: 170.0]
      [Code Root Scanning (ms): Min: 0.0, Avg: 0.0, Max: 0.0, Diff: 0.0, Sum: 0.0]
      [Object Copy (ms): Min: 133.7, Avg: 133.8, Max: 133.9, Diff: 0.3, Sum: 1070.8]
      [Termination (ms): Min: 0.0, Avg: 0.0, Max: 0.0, Diff: 0.0, Sum: 0.2]
         [Termination Attempts: Min: 1, Avg: 96.8, Max: 123, Diff: 122, Sum: 774]
      [GC Worker Other (ms): Min: 0.0, Avg: 0.0, Max: 0.0, Diff: 0.0, Sum: 0.2]
      [GC Worker Total (ms): Min: 173.2, Avg: 173.3, Max: 173.5, Diff: 0.2, Sum: 1386.6]
      [GC Worker End (ms): Min: 24554.2, Avg: 24554.2, Max: 24554.2, Diff: 0.0]
   [Code Root Fixup: 0.0 ms]
   [Code Root Purge: 0.0 ms]
   [Clear CT: 0.3 ms]
   [Other: 1.3 ms]
      [Choose CSet: 0.0 ms]
      [Ref Proc: 0.3 ms]
      [Ref Enq: 0.0 ms]
      [Redirty Cards: 0.5 ms]
      [Humongous Register: 0.0 ms]
      [Humongous Reclaim: 0.0 ms]
      [Free CSet: 0.2 ms]
   [Eden: 198.0M(198.0M)->0.0B(196.0M) Survivors: 30.0M->29.0M Heap: 756.8M(2048.0M)->758.8M(2048.0M)]
 [Times: user=1.33 sys=0.05, real=0.18 secs] 
2020-09-29T11:53:39.226+0200: 24.696: [GC pause (G1 Evacuation Pause) (young), 0.1897197 secs]
   [Parallel Time: 188.3 ms, GC Workers: 8]
      [GC Worker Start (ms): Min: 24696.2, Avg: 24696.3, Max: 24696.4, Diff: 0.2]
      [Ext Root Scanning (ms): Min: 0.0, Avg: 0.1, Max: 0.2, Diff: 0.2, Sum: 0.7]
      [Update RS (ms): Min: 19.3, Avg: 19.6, Max: 20.1, Diff: 0.8, Sum: 156.9]
         [Processed Buffers: Min: 14, Avg: 15.6, Max: 18, Diff: 4, Sum: 125]
      [Scan RS (ms): Min: 17.7, Avg: 18.3, Max: 18.6, Diff: 1.0, Sum: 146.4]
      [Code Root Scanning (ms): Min: 0.0, Avg: 0.0, Max: 0.0, Diff: 0.0, Sum: 0.0]
      [Object Copy (ms): Min: 149.5, Avg: 149.6, Max: 150.1, Diff: 0.6, Sum: 1197.2]
      [Termination (ms): Min: 0.0, Avg: 0.4, Max: 0.5, Diff: 0.5, Sum: 3.0]
         [Termination Attempts: Min: 1, Avg: 2019.6, Max: 2578, Diff: 2577, Sum: 16157]
      [GC Worker Other (ms): Min: 0.0, Avg: 0.0, Max: 0.1, Diff: 0.0, Sum: 0.3]
      [GC Worker Total (ms): Min: 188.0, Avg: 188.1, Max: 188.2, Diff: 0.2, Sum: 1504.4]
      [GC Worker End (ms): Min: 24884.4, Avg: 24884.4, Max: 24884.4, Diff: 0.0]
   [Code Root Fixup: 0.0 ms]
   [Code Root Purge: 0.0 ms]
   [Clear CT: 0.2 ms]
   [Other: 1.2 ms]
      [Choose CSet: 0.0 ms]
      [Ref Proc: 0.2 ms]
      [Ref Enq: 0.0 ms]
      [Redirty Cards: 0.4 ms]
      [Humongous Register: 0.0 ms]
      [Humongous Reclaim: 0.0 ms]
      [Free CSet: 0.3 ms]
   [Eden: 196.0M(196.0M)->0.0B(186.0M) Survivors: 29.0M->29.0M Heap: 987.2M(2048.0M)->989.2M(2048.0M)]
 [Times: user=1.34 sys=0.06, real=0.19 secs] 
2020-09-29T11:53:39.423+0200: 24.892: [GC pause (G1 Humongous Allocation) (young) (initial-mark), 0.0645880 secs]
   [Parallel Time: 63.6 ms, GC Workers: 8]
      [GC Worker Start (ms): Min: 24892.6, Avg: 24892.7, Max: 24892.8, Diff: 0.1]
      [Ext Root Scanning (ms): Min: 0.0, Avg: 0.1, Max: 0.2, Diff: 0.1, Sum: 0.8]
      [Update RS (ms): Min: 36.2, Avg: 36.9, Max: 38.7, Diff: 2.4, Sum: 295.2]
         [Processed Buffers: Min: 31, Avg: 33.1, Max: 35, Diff: 4, Sum: 265]
      [Scan RS (ms): Min: 0.4, Avg: 2.6, Max: 5.5, Diff: 5.1, Sum: 21.2]
      [Code Root Scanning (ms): Min: 0.0, Avg: 0.0, Max: 0.0, Diff: 0.0, Sum: 0.0]
      [Object Copy (ms): Min: 20.6, Avg: 23.7, Max: 24.2, Diff: 3.6, Sum: 189.5]
      [Termination (ms): Min: 0.0, Avg: 0.0, Max: 0.0, Diff: 0.0, Sum: 0.2]
         [Termination Attempts: Min: 1, Avg: 120.3, Max: 148, Diff: 147, Sum: 962]
      [GC Worker Other (ms): Min: 0.0, Avg: 0.0, Max: 0.0, Diff: 0.0, Sum: 0.2]
      [GC Worker Total (ms): Min: 63.3, Avg: 63.4, Max: 63.5, Diff: 0.2, Sum: 507.1]
      [GC Worker End (ms): Min: 24956.1, Avg: 24956.1, Max: 24956.1, Diff: 0.0]
   [Code Root Fixup: 0.0 ms]
   [Code Root Purge: 0.0 ms]
   [Clear CT: 0.2 ms]
   [Other: 0.7 ms]
      [Choose CSet: 0.0 ms]
      [Ref Proc: 0.2 ms]
      [Ref Enq: 0.0 ms]
      [Redirty Cards: 0.2 ms]
      [Humongous Register: 0.0 ms]
      [Humongous Reclaim: 0.0 ms]
      [Free CSet: 0.1 ms]
   [Eden: 6144.0K(186.0M)->0.0B(208.0M) Survivors: 29.0M->8192.0K Heap: 994.7M(2048.0M)->999.7M(2048.0M)]
 [Times: user=0.47 sys=0.00, real=0.06 secs] 
2020-09-29T11:53:39.487+0200: 24.957: [GC concurrent-root-region-scan-start]
2020-09-29T11:53:39.489+0200: 24.959: [GC concurrent-root-region-scan-end, 0.0019820 secs]
2020-09-29T11:53:39.489+0200: 24.959: [GC concurrent-mark-start]
2020-09-29T11:53:39.492+0200: 24.962: [GC concurrent-mark-end, 0.0028403 secs]
2020-09-29T11:53:39.493+0200: 24.962: [GC remark 2020-09-29T11:53:39.493+0200: 24.962: [Finalize Marking, 0.0002390 secs] 2020-09-29T11:53:39.493+0200: 24.963: [GC ref-proc, 0.0003634 secs] 2020-09-29T11:53:39.493+0200: 24.963: [Unloading, 0.0005978 secs], 0.0015235 secs]
 [Times: user=0.00 sys=0.00, real=0.00 secs] 
2020-09-29T11:53:39.494+0200: 24.964: [GC cleanup 1009M->29M(2048M), 0.0014544 secs]
 [Times: user=0.00 sys=0.00, real=0.00 secs] 
2020-09-29T11:53:39.496+0200: 24.966: [GC concurrent-cleanup-start]
2020-09-29T11:53:39.497+0200: 24.967: [GC concurrent-cleanup-end, 0.0012820 secs]
2020-09-29T11:53:39.630+0200: 25.100: [GC pause (G1 Evacuation Pause) (young), 0.1714812 secs]
   [Parallel Time: 169.7 ms, GC Workers: 8]
      [GC Worker Start (ms): Min: 25100.3, Avg: 25100.4, Max: 25100.5, Diff: 0.2]
      [Ext Root Scanning (ms): Min: 0.0, Avg: 0.1, Max: 0.2, Diff: 0.2, Sum: 0.6]
      [Update RS (ms): Min: 23.3, Avg: 23.3, Max: 23.4, Diff: 0.1, Sum: 186.6]
         [Processed Buffers: Min: 15, Avg: 17.5, Max: 20, Diff: 5, Sum: 140]
      [Scan RS (ms): Min: 16.0, Avg: 16.2, Max: 16.5, Diff: 0.5, Sum: 129.5]
      [Code Root Scanning (ms): Min: 0.0, Avg: 0.0, Max: 0.0, Diff: 0.0, Sum: 0.0]
      [Object Copy (ms): Min: 128.9, Avg: 129.3, Max: 129.5, Diff: 0.6, Sum: 1034.8]
      [Termination (ms): Min: 0.0, Avg: 0.1, Max: 0.2, Diff: 0.2, Sum: 1.0]
         [Termination Attempts: Min: 1, Avg: 573.0, Max: 788, Diff: 787, Sum: 4584]
      [GC Worker Other (ms): Min: 0.0, Avg: 0.1, Max: 0.4, Diff: 0.4, Sum: 0.9]
      [GC Worker Total (ms): Min: 169.0, Avg: 169.2, Max: 169.5, Diff: 0.5, Sum: 1353.4]
      [GC Worker End (ms): Min: 25269.5, Avg: 25269.6, Max: 25269.9, Diff: 0.4]
   [Code Root Fixup: 0.0 ms]
   [Code Root Purge: 0.0 ms]
   [Clear CT: 0.3 ms]
   [Other: 1.4 ms]
      [Choose CSet: 0.0 ms]
      [Ref Proc: 0.7 ms]
      [Ref Enq: 0.0 ms]
      [Redirty Cards: 0.3 ms]
      [Humongous Register: 0.0 ms]
      [Humongous Reclaim: 0.0 ms]
      [Free CSet: 0.1 ms]
   [Eden: 208.0M(208.0M)->0.0B(192.0M) Survivors: 8192.0K->27.0M Heap: 263.7M(2048.0M)->258.2M(2048.0M)]
 [Times: user=1.06 sys=0.06, real=0.17 secs] 
2020-09-29T11:53:39.935+0200: 25.405: [GC pause (G1 Evacuation Pause) (young), 0.1727836 secs]
   [Parallel Time: 171.6 ms, GC Workers: 8]
      [GC Worker Start (ms): Min: 25405.0, Avg: 25405.1, Max: 25405.2, Diff: 0.2]
      [Ext Root Scanning (ms): Min: 0.0, Avg: 0.1, Max: 0.2, Diff: 0.2, Sum: 0.6]
      [Update RS (ms): Min: 21.1, Avg: 21.8, Max: 22.4, Diff: 1.3, Sum: 174.1]
         [Processed Buffers: Min: 15, Avg: 16.1, Max: 17, Diff: 2, Sum: 129]
      [Scan RS (ms): Min: 16.2, Avg: 16.9, Max: 17.7, Diff: 1.5, Sum: 135.6]
      [Code Root Scanning (ms): Min: 0.0, Avg: 0.0, Max: 0.0, Diff: 0.0, Sum: 0.0]
      [Object Copy (ms): Min: 131.8, Avg: 132.4, Max: 132.6, Diff: 0.8, Sum: 1059.0]
      [Termination (ms): Min: 0.0, Avg: 0.1, Max: 0.2, Diff: 0.2, Sum: 1.0]
         [Termination Attempts: Min: 1, Avg: 567.8, Max: 812, Diff: 811, Sum: 4542]
      [GC Worker Other (ms): Min: 0.0, Avg: 0.0, Max: 0.1, Diff: 0.0, Sum: 0.3]
      [GC Worker Total (ms): Min: 171.2, Avg: 171.3, Max: 171.5, Diff: 0.2, Sum: 1370.6]
      [GC Worker End (ms): Min: 25576.4, Avg: 25576.4, Max: 25576.5, Diff: 0.0]
   [Code Root Fixup: 0.0 ms]
   [Code Root Purge: 0.0 ms]
   [Clear CT: 0.2 ms]
   [Other: 1.0 ms]
      [Choose CSet: 0.0 ms]
      [Ref Proc: 0.2 ms]
      [Ref Enq: 0.0 ms]
      [Redirty Cards: 0.3 ms]
      [Humongous Register: 0.0 ms]
      [Humongous Reclaim: 0.0 ms]
      [Free CSet: 0.2 ms]
   [Eden: 192.0M(192.0M)->0.0B(191.0M) Survivors: 27.0M->28.0M Heap: 480.8M(2048.0M)->482.8M(2048.0M)]
 [Times: user=1.17 sys=0.08, real=0.17 secs] 
2020-09-29T11:53:40.251+0200: 25.721: [GC pause (G1 Evacuation Pause) (young), 0.1834452 secs]
   [Parallel Time: 182.1 ms, GC Workers: 8]
      [GC Worker Start (ms): Min: 25721.1, Avg: 25723.0, Max: 25735.4, Diff: 14.2]
      [Ext Root Scanning (ms): Min: 0.0, Avg: 0.1, Max: 0.2, Diff: 0.2, Sum: 0.7]
      [Update RS (ms): Min: 6.4, Avg: 18.9, Max: 21.2, Diff: 14.8, Sum: 151.3]
         [Processed Buffers: Min: 6, Avg: 13.9, Max: 18, Diff: 12, Sum: 111]
      [Scan RS (ms): Min: 19.5, Avg: 20.1, Max: 20.3, Diff: 0.8, Sum: 160.9]
      [Code Root Scanning (ms): Min: 0.0, Avg: 0.0, Max: 0.0, Diff: 0.0, Sum: 0.0]
      [Object Copy (ms): Min: 140.7, Avg: 140.9, Max: 140.9, Diff: 0.2, Sum: 1126.9]
      [Termination (ms): Min: 0.0, Avg: 0.1, Max: 0.1, Diff: 0.1, Sum: 0.6]
         [Termination Attempts: Min: 1, Avg: 137.3, Max: 183, Diff: 182, Sum: 1098]
      [GC Worker Other (ms): Min: 0.0, Avg: 0.0, Max: 0.0, Diff: 0.0, Sum: 0.1]
      [GC Worker Total (ms): Min: 167.7, Avg: 180.1, Max: 181.9, Diff: 14.2, Sum: 1440.5]
      [GC Worker End (ms): Min: 25903.0, Avg: 25903.0, Max: 25903.1, Diff: 0.0]
   [Code Root Fixup: 0.0 ms]
   [Code Root Purge: 0.0 ms]
   [Clear CT: 0.2 ms]
   [Other: 1.2 ms]
      [Choose CSet: 0.0 ms]
      [Ref Proc: 0.3 ms]
      [Ref Enq: 0.0 ms]
      [Redirty Cards: 0.3 ms]
      [Humongous Register: 0.1 ms]
      [Humongous Reclaim: 0.0 ms]
      [Free CSet: 0.3 ms]
   [Eden: 191.0M(191.0M)->0.0B(186.0M) Survivors: 28.0M->28.0M Heap: 706.2M(2048.0M)->708.7M(2048.0M)]
 [Times: user=1.39 sys=0.02, real=0.18 secs] 
2020-09-29T11:53:40.584+0200: 26.054: [GC pause (G1 Evacuation Pause) (young), 0.2059143 secs]
   [Parallel Time: 203.7 ms, GC Workers: 8]
      [GC Worker Start (ms): Min: 26054.2, Avg: 26054.3, Max: 26054.3, Diff: 0.2]
      [Ext Root Scanning (ms): Min: 0.0, Avg: 0.1, Max: 0.2, Diff: 0.2, Sum: 0.7]
      [Update RS (ms): Min: 27.2, Avg: 28.4, Max: 31.2, Diff: 4.0, Sum: 227.2]
         [Processed Buffers: Min: 5, Avg: 16.4, Max: 20, Diff: 15, Sum: 131]
      [Scan RS (ms): Min: 15.5, Avg: 21.0, Max: 41.1, Diff: 25.7, Sum: 168.1]
      [Code Root Scanning (ms): Min: 0.0, Avg: 0.0, Max: 0.0, Diff: 0.0, Sum: 0.0]
      [Object Copy (ms): Min: 134.5, Avg: 153.9, Max: 156.8, Diff: 22.3, Sum: 1231.0]
      [Termination (ms): Min: 0.0, Avg: 0.1, Max: 0.1, Diff: 0.1, Sum: 0.9]
         [Termination Attempts: Min: 1, Avg: 515.5, Max: 649, Diff: 648, Sum: 4124]
      [GC Worker Other (ms): Min: 0.0, Avg: 0.0, Max: 0.0, Diff: 0.0, Sum: 0.2]
      [GC Worker Total (ms): Min: 203.4, Avg: 203.5, Max: 203.6, Diff: 0.2, Sum: 1628.1]
      [GC Worker End (ms): Min: 26257.8, Avg: 26257.8, Max: 26257.8, Diff: 0.0]
   [Code Root Fixup: 0.0 ms]
   [Code Root Purge: 0.0 ms]
   [Clear CT: 0.5 ms]
   [Other: 1.7 ms]
      [Choose CSet: 0.0 ms]
      [Ref Proc: 0.3 ms]
      [Ref Enq: 0.0 ms]
      [Redirty Cards: 1.0 ms]
      [Humongous Register: 0.1 ms]
      [Humongous Reclaim: 0.0 ms]
      [Free CSet: 0.1 ms]
   [Eden: 186.0M(186.0M)->0.0B(164.0M) Survivors: 28.0M->27.0M Heap: 925.2M(2048.0M)->927.2M(2048.0M)]
 [Times: user=1.41 sys=0.05, real=0.21 secs] 
2020-09-29T11:53:40.851+0200: 26.320: [GC pause (G1 Humongous Allocation) (young) (initial-mark), 0.0844141 secs]
   [Parallel Time: 83.4 ms, GC Workers: 8]
      [GC Worker Start (ms): Min: 26320.6, Avg: 26320.6, Max: 26320.7, Diff: 0.2]
      [Ext Root Scanning (ms): Min: 0.0, Avg: 0.1, Max: 0.2, Diff: 0.2, Sum: 0.8]
      [Update RS (ms): Min: 13.4, Avg: 14.0, Max: 14.4, Diff: 1.0, Sum: 111.6]
         [Processed Buffers: Min: 10, Avg: 10.9, Max: 11, Diff: 1, Sum: 87]
      [Scan RS (ms): Min: 5.1, Avg: 5.7, Max: 6.2, Diff: 1.1, Sum: 45.2]
      [Code Root Scanning (ms): Min: 0.0, Avg: 0.0, Max: 0.0, Diff: 0.0, Sum: 0.0]
      [Object Copy (ms): Min: 63.1, Avg: 63.3, Max: 63.4, Diff: 0.3, Sum: 506.2]
      [Termination (ms): Min: 0.0, Avg: 0.1, Max: 0.1, Diff: 0.1, Sum: 0.5]
         [Termination Attempts: Min: 1, Avg: 314.5, Max: 408, Diff: 407, Sum: 2516]
      [GC Worker Other (ms): Min: 0.0, Avg: 0.0, Max: 0.1, Diff: 0.0, Sum: 0.3]
      [GC Worker Total (ms): Min: 83.0, Avg: 83.1, Max: 83.2, Diff: 0.2, Sum: 664.6]
      [GC Worker End (ms): Min: 26403.7, Avg: 26403.7, Max: 26403.8, Diff: 0.0]
   [Code Root Fixup: 0.0 ms]
   [Code Root Purge: 0.0 ms]
   [Clear CT: 0.2 ms]
   [Other: 0.8 ms]
      [Choose CSet: 0.0 ms]
      [Ref Proc: 0.2 ms]
      [Ref Enq: 0.0 ms]
      [Redirty Cards: 0.2 ms]
      [Humongous Register: 0.0 ms]
      [Humongous Reclaim: 0.0 ms]
      [Free CSet: 0.1 ms]
   [Eden: 82.0M(164.0M)->0.0B(190.0M) Survivors: 27.0M->24.0M Heap: 1022.1M(2048.0M)->1023.1M(2048.0M)]
 [Times: user=0.53 sys=0.03, real=0.08 secs] 
2020-09-29T11:53:40.935+0200: 26.405: [GC concurrent-root-region-scan-start]
2020-09-29T11:53:40.943+0200: 26.413: [GC concurrent-root-region-scan-end, 0.0075983 secs]
2020-09-29T11:53:40.943+0200: 26.413: [GC concurrent-mark-start]
2020-09-29T11:53:40.946+0200: 26.415: [GC concurrent-mark-end, 0.0029029 secs]
2020-09-29T11:53:40.946+0200: 26.416: [GC remark 2020-09-29T11:53:40.946+0200: 26.416: [Finalize Marking, 0.0002554 secs] 2020-09-29T11:53:40.946+0200: 26.416: [GC ref-proc, 0.0003676 secs] 2020-09-29T11:53:40.947+0200: 26.416: [Unloading, 0.0005357 secs], 0.0014752 secs]
 [Times: user=0.00 sys=0.00, real=0.00 secs] 
2020-09-29T11:53:40.948+0200: 26.418: [GC cleanup 1042M->55M(2048M), 0.0012852 secs]
 [Times: user=0.00 sys=0.00, real=0.00 secs] 
2020-09-29T11:53:40.949+0200: 26.419: [GC concurrent-cleanup-start]
2020-09-29T11:53:40.951+0200: 26.420: [GC concurrent-cleanup-end, 0.0013927 secs]
2020-09-29T11:53:41.065+0200: 26.535: [GC pause (G1 Evacuation Pause) (young), 0.1549887 secs]
   [Parallel Time: 153.7 ms, GC Workers: 8]
      [GC Worker Start (ms): Min: 26534.9, Avg: 26535.0, Max: 26535.1, Diff: 0.2]
      [Ext Root Scanning (ms): Min: 0.0, Avg: 0.1, Max: 0.2, Diff: 0.2, Sum: 0.6]
      [Update RS (ms): Min: 19.8, Avg: 20.3, Max: 22.7, Diff: 2.9, Sum: 162.2]
         [Processed Buffers: Min: 8, Avg: 14.4, Max: 18, Diff: 10, Sum: 115]
      [Scan RS (ms): Min: 11.6, Avg: 14.1, Max: 15.1, Diff: 3.5, Sum: 112.5]
      [Code Root Scanning (ms): Min: 0.0, Avg: 0.0, Max: 0.0, Diff: 0.0, Sum: 0.0]
      [Object Copy (ms): Min: 118.4, Avg: 118.9, Max: 119.0, Diff: 0.6, Sum: 951.0]
      [Termination (ms): Min: 0.0, Avg: 0.1, Max: 0.1, Diff: 0.1, Sum: 0.9]
         [Termination Attempts: Min: 1, Avg: 510.5, Max: 670, Diff: 669, Sum: 4084]
      [GC Worker Other (ms): Min: 0.0, Avg: 0.0, Max: 0.1, Diff: 0.1, Sum: 0.3]
      [GC Worker Total (ms): Min: 153.4, Avg: 153.4, Max: 153.5, Diff: 0.1, Sum: 1227.5]
      [GC Worker End (ms): Min: 26688.5, Avg: 26688.5, Max: 26688.5, Diff: 0.1]
   [Code Root Fixup: 0.0 ms]
   [Code Root Purge: 0.0 ms]
   [Clear CT: 0.2 ms]
   [Other: 1.1 ms]
      [Choose CSet: 0.0 ms]
      [Ref Proc: 0.2 ms]
      [Ref Enq: 0.0 ms]
      [Redirty Cards: 0.3 ms]
      [Humongous Register: 0.0 ms]
      [Humongous Reclaim: 0.0 ms]
      [Free CSet: 0.2 ms]
   [Eden: 190.0M(190.0M)->0.0B(195.0M) Survivors: 24.0M->27.0M Heap: 258.4M(2048.0M)->236.9M(2048.0M)]
 [Times: user=1.09 sys=0.06, real=0.15 secs] 
2020-09-29T11:53:41.363+0200: 26.833: [GC pause (G1 Evacuation Pause) (young), 0.2197941 secs]
   [Parallel Time: 218.4 ms, GC Workers: 8]
      [GC Worker Start (ms): Min: 26832.7, Avg: 26832.9, Max: 26833.0, Diff: 0.2]
      [Ext Root Scanning (ms): Min: 0.0, Avg: 0.1, Max: 0.2, Diff: 0.2, Sum: 0.7]
      [Update RS (ms): Min: 18.6, Avg: 19.7, Max: 26.3, Diff: 7.7, Sum: 157.7]
         [Processed Buffers: Min: 1, Avg: 11.9, Max: 16, Diff: 15, Sum: 95]
      [Scan RS (ms): Min: 16.7, Avg: 25.8, Max: 44.8, Diff: 28.1, Sum: 206.4]
      [Code Root Scanning (ms): Min: 0.0, Avg: 0.0, Max: 0.0, Diff: 0.0, Sum: 0.0]
      [Object Copy (ms): Min: 154.4, Avg: 172.4, Max: 175.0, Diff: 20.6, Sum: 1378.8]
      [Termination (ms): Min: 0.1, Avg: 0.1, Max: 0.1, Diff: 0.1, Sum: 0.8]
         [Termination Attempts: Min: 1, Avg: 212.0, Max: 305, Diff: 304, Sum: 1696]
      [GC Worker Other (ms): Min: 0.0, Avg: 0.0, Max: 0.0, Diff: 0.0, Sum: 0.1]
      [GC Worker Total (ms): Min: 218.0, Avg: 218.1, Max: 218.2, Diff: 0.2, Sum: 1744.7]
      [GC Worker End (ms): Min: 27050.9, Avg: 27050.9, Max: 27051.0, Diff: 0.0]
   [Code Root Fixup: 0.0 ms]
   [Code Root Purge: 0.0 ms]
   [Clear CT: 0.2 ms]
   [Other: 1.2 ms]
      [Choose CSet: 0.0 ms]
      [Ref Proc: 0.3 ms]
      [Ref Enq: 0.0 ms]
      [Redirty Cards: 0.3 ms]
      [Humongous Register: 0.1 ms]
      [Humongous Reclaim: 0.0 ms]
      [Free CSet: 0.3 ms]
   [Eden: 195.0M(195.0M)->0.0B(163.0M) Survivors: 27.0M->28.0M Heap: 464.4M(2048.0M)->466.4M(2048.0M)]
 [Times: user=1.38 sys=0.06, real=0.22 secs] 
2020-09-29T11:53:41.709+0200: 27.178: [GC pause (G1 Evacuation Pause) (young), 0.1693546 secs]
   [Parallel Time: 164.9 ms, GC Workers: 8]
      [GC Worker Start (ms): Min: 27178.5, Avg: 27178.6, Max: 27178.7, Diff: 0.2]
      [Ext Root Scanning (ms): Min: 0.0, Avg: 0.1, Max: 0.2, Diff: 0.2, Sum: 0.9]
      [Update RS (ms): Min: 17.7, Avg: 18.1, Max: 18.7, Diff: 1.0, Sum: 144.7]
         [Processed Buffers: Min: 10, Avg: 12.8, Max: 14, Diff: 4, Sum: 102]
      [Scan RS (ms): Min: 16.9, Avg: 17.5, Max: 18.0, Diff: 1.1, Sum: 139.9]
      [Code Root Scanning (ms): Min: 0.0, Avg: 0.0, Max: 0.0, Diff: 0.0, Sum: 0.0]
      [Object Copy (ms): Min: 128.8, Avg: 128.9, Max: 129.0, Diff: 0.1, Sum: 1031.6]
      [Termination (ms): Min: 0.0, Avg: 0.1, Max: 0.1, Diff: 0.1, Sum: 0.4]
         [Termination Attempts: Min: 1, Avg: 36.4, Max: 48, Diff: 47, Sum: 291]
      [GC Worker Other (ms): Min: 0.0, Avg: 0.0, Max: 0.1, Diff: 0.0, Sum: 0.2]
      [GC Worker Total (ms): Min: 164.6, Avg: 164.7, Max: 164.8, Diff: 0.2, Sum: 1317.7]
      [GC Worker End (ms): Min: 27343.3, Avg: 27343.3, Max: 27343.3, Diff: 0.1]
   [Code Root Fixup: 0.0 ms]
   [Code Root Purge: 0.0 ms]
   [Clear CT: 2.4 ms]
   [Other: 2.0 ms]
      [Choose CSet: 0.0 ms]
      [Ref Proc: 0.2 ms]
      [Ref Enq: 0.0 ms]
      [Redirty Cards: 0.5 ms]
      [Humongous Register: 0.1 ms]
      [Humongous Reclaim: 0.0 ms]
      [Free CSet: 0.1 ms]
   [Eden: 163.0M(163.0M)->0.0B(169.0M) Survivors: 28.0M->24.0M Heap: 656.1M(2048.0M)->659.1M(2048.0M)]
 [Times: user=1.14 sys=0.03, real=0.17 secs] 
2020-09-29T11:53:41.999+0200: 27.469: [GC pause (G1 Evacuation Pause) (young), 0.1577544 secs]
   [Parallel Time: 156.6 ms, GC Workers: 8]
      [GC Worker Start (ms): Min: 27469.3, Avg: 27469.4, Max: 27469.5, Diff: 0.2]
      [Ext Root Scanning (ms): Min: 0.0, Avg: 0.1, Max: 0.2, Diff: 0.2, Sum: 0.6]
      [Update RS (ms): Min: 19.0, Avg: 19.2, Max: 19.4, Diff: 0.5, Sum: 153.9]
         [Processed Buffers: Min: 12, Avg: 14.6, Max: 18, Diff: 6, Sum: 117]
      [Scan RS (ms): Min: 14.8, Avg: 15.1, Max: 15.3, Diff: 0.5, Sum: 120.5]
      [Code Root Scanning (ms): Min: 0.0, Avg: 0.0, Max: 0.0, Diff: 0.0, Sum: 0.0]
      [Object Copy (ms): Min: 121.7, Avg: 121.8, Max: 121.9, Diff: 0.2, Sum: 974.4]
      [Termination (ms): Min: 0.1, Avg: 0.2, Max: 0.3, Diff: 0.2, Sum: 1.6]
         [Termination Attempts: Min: 1, Avg: 703.5, Max: 921, Diff: 920, Sum: 5628]
      [GC Worker Other (ms): Min: 0.0, Avg: 0.0, Max: 0.0, Diff: 0.0, Sum: 0.1]
      [GC Worker Total (ms): Min: 156.3, Avg: 156.4, Max: 156.5, Diff: 0.2, Sum: 1251.2]
      [GC Worker End (ms): Min: 27625.8, Avg: 27625.8, Max: 27625.9, Diff: 0.1]
   [Code Root Fixup: 0.0 ms]
   [Code Root Purge: 0.0 ms]
   [Clear CT: 0.2 ms]
   [Other: 0.9 ms]
      [Choose CSet: 0.0 ms]
      [Ref Proc: 0.3 ms]
      [Ref Enq: 0.0 ms]
      [Redirty Cards: 0.2 ms]
      [Humongous Register: 0.0 ms]
      [Humongous Reclaim: 0.0 ms]
      [Free CSet: 0.1 ms]
   [Eden: 169.0M(169.0M)->0.0B(178.0M) Survivors: 24.0M->25.0M Heap: 856.7M(2048.0M)->859.2M(2048.0M)]
 [Times: user=1.14 sys=0.03, real=0.16 secs] 
2020-09-29T11:53:42.282+0200: 27.752: [GC pause (G1 Evacuation Pause) (young), 0.1349357 secs]
   [Parallel Time: 133.9 ms, GC Workers: 8]
      [GC Worker Start (ms): Min: 27751.7, Avg: 27751.8, Max: 27751.9, Diff: 0.2]
      [Ext Root Scanning (ms): Min: 0.0, Avg: 0.1, Max: 0.2, Diff: 0.2, Sum: 0.8]
      [Update RS (ms): Min: 20.6, Avg: 20.9, Max: 21.5, Diff: 0.9, Sum: 167.3]
         [Processed Buffers: Min: 15, Avg: 16.8, Max: 19, Diff: 4, Sum: 134]
      [Scan RS (ms): Min: 14.1, Avg: 14.7, Max: 15.0, Diff: 0.9, Sum: 117.3]
      [Code Root Scanning (ms): Min: 0.0, Avg: 0.0, Max: 0.0, Diff: 0.0, Sum: 0.0]
      [Object Copy (ms): Min: 97.9, Avg: 98.0, Max: 98.1, Diff: 0.2, Sum: 783.9]
      [Termination (ms): Min: 0.0, Avg: 0.0, Max: 0.0, Diff: 0.0, Sum: 0.0]
         [Termination Attempts: Min: 1, Avg: 35.1, Max: 45, Diff: 44, Sum: 281]
      [GC Worker Other (ms): Min: 0.0, Avg: 0.0, Max: 0.1, Diff: 0.0, Sum: 0.2]
      [GC Worker Total (ms): Min: 133.6, Avg: 133.7, Max: 133.8, Diff: 0.2, Sum: 1069.6]
      [GC Worker End (ms): Min: 27885.5, Avg: 27885.5, Max: 27885.5, Diff: 0.0]
   [Code Root Fixup: 0.0 ms]
   [Code Root Purge: 0.0 ms]
   [Clear CT: 0.2 ms]
   [Other: 0.8 ms]
      [Choose CSet: 0.0 ms]
      [Ref Proc: 0.2 ms]
      [Ref Enq: 0.0 ms]
      [Redirty Cards: 0.2 ms]
      [Humongous Register: 0.1 ms]
      [Humongous Reclaim: 0.0 ms]
      [Free CSet: 0.1 ms]
   [Eden: 178.0M(178.0M)->0.0B(193.0M) Survivors: 25.0M->26.0M Heap: 1067.7M(2048.0M)->1070.2M(2048.0M)]
 [Times: user=1.09 sys=0.02, real=0.13 secs] 
2020-09-29T11:53:42.422+0200: 27.891: [GC pause (G1 Humongous Allocation) (young) (initial-mark), 0.0399268 secs]
   [Parallel Time: 39.2 ms, GC Workers: 8]
      [GC Worker Start (ms): Min: 27891.4, Avg: 27891.5, Max: 27891.6, Diff: 0.1]
      [Ext Root Scanning (ms): Min: 0.0, Avg: 0.1, Max: 0.1, Diff: 0.1, Sum: 0.6]
      [Update RS (ms): Min: 23.1, Avg: 23.3, Max: 23.6, Diff: 0.6, Sum: 186.8]
         [Processed Buffers: Min: 28, Avg: 29.1, Max: 31, Diff: 3, Sum: 233]
      [Scan RS (ms): Min: 1.3, Avg: 1.6, Max: 1.9, Diff: 0.6, Sum: 12.8]
      [Code Root Scanning (ms): Min: 0.0, Avg: 0.0, Max: 0.0, Diff: 0.0, Sum: 0.0]
      [Object Copy (ms): Min: 14.0, Avg: 14.0, Max: 14.0, Diff: 0.1, Sum: 112.0]
      [Termination (ms): Min: 0.0, Avg: 0.1, Max: 0.1, Diff: 0.1, Sum: 0.4]
         [Termination Attempts: Min: 1, Avg: 48.3, Max: 87, Diff: 86, Sum: 386]
      [GC Worker Other (ms): Min: 0.0, Avg: 0.0, Max: 0.0, Diff: 0.0, Sum: 0.1]
      [GC Worker Total (ms): Min: 39.0, Avg: 39.1, Max: 39.1, Diff: 0.1, Sum: 312.6]
      [GC Worker End (ms): Min: 27930.6, Avg: 27930.6, Max: 27930.6, Diff: 0.0]
   [Code Root Fixup: 0.0 ms]
   [Code Root Purge: 0.0 ms]
   [Clear CT: 0.1 ms]
   [Other: 0.6 ms]
      [Choose CSet: 0.0 ms]
      [Ref Proc: 0.2 ms]
      [Ref Enq: 0.0 ms]
      [Redirty Cards: 0.1 ms]
      [Humongous Register: 0.0 ms]
      [Humongous Reclaim: 0.0 ms]
      [Free CSet: 0.0 ms]
   [Eden: 10.0M(193.0M)->0.0B(231.0M) Survivors: 26.0M->12.0M Heap: 1079.7M(2048.0M)->1083.2M(2048.0M)]
 [Times: user=0.38 sys=0.00, real=0.04 secs] 
2020-09-29T11:53:42.462+0200: 27.931: [GC concurrent-root-region-scan-start]
2020-09-29T11:53:42.464+0200: 27.933: [GC concurrent-root-region-scan-end, 0.0020561 secs]
2020-09-29T11:53:42.464+0200: 27.933: [GC concurrent-mark-start]
2020-09-29T11:53:42.467+0200: 27.937: [GC concurrent-mark-end, 0.0035533 secs]
2020-09-29T11:53:42.467+0200: 27.937: [GC remark 2020-09-29T11:53:42.467+0200: 27.937: [Finalize Marking, 0.0001264 secs] 2020-09-29T11:53:42.468+0200: 27.937: [GC ref-proc, 0.0002769 secs] 2020-09-29T11:53:42.468+0200: 27.938: [Unloading, 0.0004405 secs], 0.0011493 secs]
 [Times: user=0.00 sys=0.00, real=0.00 secs] 
2020-09-29T11:53:42.469+0200: 27.939: [GC cleanup 1098M->39M(2048M), 0.0013044 secs]
 [Times: user=0.00 sys=0.00, real=0.00 secs] 
2020-09-29T11:53:42.470+0200: 27.940: [GC concurrent-cleanup-start]
2020-09-29T11:53:42.472+0200: 27.941: [GC concurrent-cleanup-end, 0.0013429 secs]
2020-09-29T11:53:42.582+0200: 28.052: [GC pause (G1 Evacuation Pause) (young), 0.1490870 secs]
   [Parallel Time: 148.1 ms, GC Workers: 8]
      [GC Worker Start (ms): Min: 28051.7, Avg: 28051.8, Max: 28051.9, Diff: 0.2]
      [Ext Root Scanning (ms): Min: 0.0, Avg: 0.1, Max: 0.2, Diff: 0.1, Sum: 0.5]
      [Update RS (ms): Min: 14.0, Avg: 14.7, Max: 17.4, Diff: 3.4, Sum: 117.6]
         [Processed Buffers: Min: 10, Avg: 13.5, Max: 16, Diff: 6, Sum: 108]
      [Scan RS (ms): Min: 17.1, Avg: 20.5, Max: 24.5, Diff: 7.4, Sum: 164.2]
      [Code Root Scanning (ms): Min: 0.0, Avg: 0.0, Max: 0.0, Diff: 0.0, Sum: 0.0]
      [Object Copy (ms): Min: 109.2, Avg: 112.5, Max: 113.4, Diff: 4.2, Sum: 900.3]
      [Termination (ms): Min: 0.0, Avg: 0.0, Max: 0.0, Diff: 0.0, Sum: 0.1]
         [Termination Attempts: Min: 1, Avg: 65.4, Max: 88, Diff: 87, Sum: 523]
      [GC Worker Other (ms): Min: 0.0, Avg: 0.0, Max: 0.1, Diff: 0.0, Sum: 0.3]
      [GC Worker Total (ms): Min: 147.8, Avg: 147.9, Max: 148.0, Diff: 0.2, Sum: 1183.0]
      [GC Worker End (ms): Min: 28199.6, Avg: 28199.7, Max: 28199.7, Diff: 0.1]
   [Code Root Fixup: 0.0 ms]
   [Code Root Purge: 0.0 ms]
   [Clear CT: 0.2 ms]
   [Other: 0.8 ms]
      [Choose CSet: 0.0 ms]
      [Ref Proc: 0.2 ms]
      [Ref Enq: 0.0 ms]
      [Redirty Cards: 0.2 ms]
      [Humongous Register: 0.0 ms]
      [Humongous Reclaim: 0.0 ms]
      [Free CSet: 0.2 ms]
   [Eden: 231.0M(231.0M)->0.0B(221.0M) Survivors: 12.0M->31.0M Heap: 294.6M(2048.0M)->285.1M(2048.0M)]
 [Times: user=1.19 sys=0.01, real=0.15 secs] 
2020-09-29T11:53:42.875+0200: 28.344: [GC pause (G1 Evacuation Pause) (young), 0.1615257 secs]
   [Parallel Time: 160.3 ms, GC Workers: 8]
      [GC Worker Start (ms): Min: 28344.6, Avg: 28344.6, Max: 28344.7, Diff: 0.2]
      [Ext Root Scanning (ms): Min: 0.0, Avg: 0.1, Max: 0.1, Diff: 0.1, Sum: 0.6]
      [Update RS (ms): Min: 17.2, Avg: 17.4, Max: 17.5, Diff: 0.3, Sum: 138.9]
         [Processed Buffers: Min: 11, Avg: 14.9, Max: 19, Diff: 8, Sum: 119]
      [Scan RS (ms): Min: 18.0, Avg: 18.2, Max: 18.4, Diff: 0.4, Sum: 146.0]
      [Code Root Scanning (ms): Min: 0.0, Avg: 0.0, Max: 0.0, Diff: 0.0, Sum: 0.0]
      [Object Copy (ms): Min: 124.1, Avg: 124.2, Max: 124.4, Diff: 0.3, Sum: 993.7]
      [Termination (ms): Min: 0.0, Avg: 0.1, Max: 0.2, Diff: 0.2, Sum: 1.1]
         [Termination Attempts: Min: 1, Avg: 823.8, Max: 1110, Diff: 1109, Sum: 6590]
      [GC Worker Other (ms): Min: 0.0, Avg: 0.0, Max: 0.1, Diff: 0.1, Sum: 0.4]
      [GC Worker Total (ms): Min: 160.0, Avg: 160.1, Max: 160.2, Diff: 0.2, Sum: 1280.7]
      [GC Worker End (ms): Min: 28504.7, Avg: 28504.7, Max: 28504.7, Diff: 0.1]
   [Code Root Fixup: 0.0 ms]
   [Code Root Purge: 0.0 ms]
   [Clear CT: 0.2 ms]
   [Other: 1.1 ms]
      [Choose CSet: 0.0 ms]
      [Ref Proc: 0.1 ms]
      [Ref Enq: 0.0 ms]
      [Redirty Cards: 0.2 ms]
      [Humongous Register: 0.1 ms]
      [Humongous Reclaim: 0.0 ms]
      [Free CSet: 0.3 ms]
   [Eden: 221.0M(221.0M)->0.0B(228.0M) Survivors: 31.0M->32.0M Heap: 542.3M(2048.0M)->544.3M(2048.0M)]
 [Times: user=1.09 sys=0.11, real=0.16 secs] 
2020-09-29T11:53:43.188+0200: 28.658: [GC pause (G1 Evacuation Pause) (young), 0.1697108 secs]
   [Parallel Time: 168.7 ms, GC Workers: 8]
      [GC Worker Start (ms): Min: 28657.6, Avg: 28657.7, Max: 28657.8, Diff: 0.2]
      [Ext Root Scanning (ms): Min: 0.0, Avg: 0.1, Max: 0.2, Diff: 0.2, Sum: 0.7]
      [Update RS (ms): Min: 16.6, Avg: 16.7, Max: 16.9, Diff: 0.3, Sum: 133.6]
         [Processed Buffers: Min: 13, Avg: 15.8, Max: 19, Diff: 6, Sum: 126]
      [Scan RS (ms): Min: 20.2, Avg: 20.5, Max: 20.9, Diff: 0.6, Sum: 164.2]
      [Code Root Scanning (ms): Min: 0.0, Avg: 0.0, Max: 0.0, Diff: 0.0, Sum: 0.0]
      [Object Copy (ms): Min: 130.6, Avg: 131.0, Max: 131.2, Diff: 0.7, Sum: 1047.7]
      [Termination (ms): Min: 0.1, Avg: 0.2, Max: 0.3, Diff: 0.3, Sum: 1.9]
         [Termination Attempts: Min: 1, Avg: 1168.5, Max: 1786, Diff: 1785, Sum: 9348]
      [GC Worker Other (ms): Min: 0.0, Avg: 0.0, Max: 0.1, Diff: 0.1, Sum: 0.3]
      [GC Worker Total (ms): Min: 168.5, Avg: 168.5, Max: 168.6, Diff: 0.2, Sum: 1348.4]
      [GC Worker End (ms): Min: 28826.2, Avg: 28826.2, Max: 28826.2, Diff: 0.0]
   [Code Root Fixup: 0.0 ms]
   [Code Root Purge: 0.0 ms]
   [Clear CT: 0.2 ms]
   [Other: 0.8 ms]
      [Choose CSet: 0.0 ms]
      [Ref Proc: 0.2 ms]
      [Ref Enq: 0.0 ms]
      [Redirty Cards: 0.2 ms]
      [Humongous Register: 0.0 ms]
      [Humongous Reclaim: 0.0 ms]
      [Free CSet: 0.2 ms]
   [Eden: 228.0M(228.0M)->0.0B(230.0M) Survivors: 32.0M->33.0M Heap: 810.4M(2048.0M)->812.9M(2048.0M)]
 [Times: user=1.23 sys=0.05, real=0.17 secs] 
2020-09-29T11:53:43.497+0200: 28.967: [GC pause (G1 Evacuation Pause) (young), 0.1571312 secs]
   [Parallel Time: 156.1 ms, GC Workers: 8]
      [GC Worker Start (ms): Min: 28966.7, Avg: 28966.7, Max: 28966.8, Diff: 0.2]
      [Ext Root Scanning (ms): Min: 0.0, Avg: 0.1, Max: 0.1, Diff: 0.1, Sum: 0.6]
      [Update RS (ms): Min: 21.6, Avg: 21.8, Max: 22.4, Diff: 0.8, Sum: 174.7]
         [Processed Buffers: Min: 13, Avg: 19.3, Max: 23, Diff: 10, Sum: 154]
      [Scan RS (ms): Min: 14.8, Avg: 15.4, Max: 16.0, Diff: 1.1, Sum: 123.4]
      [Code Root Scanning (ms): Min: 0.0, Avg: 0.0, Max: 0.0, Diff: 0.0, Sum: 0.0]
      [Object Copy (ms): Min: 118.1, Avg: 118.6, Max: 118.7, Diff: 0.6, Sum: 948.4]
      [Termination (ms): Min: 0.0, Avg: 0.0, Max: 0.1, Diff: 0.1, Sum: 0.4]
         [Termination Attempts: Min: 1, Avg: 351.6, Max: 473, Diff: 472, Sum: 2813]
      [GC Worker Other (ms): Min: 0.0, Avg: 0.0, Max: 0.1, Diff: 0.0, Sum: 0.3]
      [GC Worker Total (ms): Min: 155.9, Avg: 156.0, Max: 156.1, Diff: 0.2, Sum: 1247.9]
      [GC Worker End (ms): Min: 29122.7, Avg: 29122.7, Max: 29122.7, Diff: 0.0]
   [Code Root Fixup: 0.0 ms]
   [Code Root Purge: 0.0 ms]
   [Clear CT: 0.2 ms]
   [Other: 0.9 ms]
      [Choose CSet: 0.0 ms]
      [Ref Proc: 0.1 ms]
      [Ref Enq: 0.0 ms]
      [Redirty Cards: 0.2 ms]
      [Humongous Register: 0.0 ms]
      [Humongous Reclaim: 0.0 ms]
      [Free CSet: 0.2 ms]
   [Eden: 230.0M(230.0M)->0.0B(244.0M) Survivors: 33.0M->33.0M Heap: 1081.1M(2048.0M)->1083.1M(2048.0M)]
 [Times: user=1.16 sys=0.02, real=0.16 secs] 
2020-09-29T11:53:43.666+0200: 29.136: [GC pause (G1 Humongous Allocation) (young) (initial-mark), 0.0490958 secs]
   [Parallel Time: 48.2 ms, GC Workers: 8]
      [GC Worker Start (ms): Min: 29135.7, Avg: 29135.7, Max: 29135.8, Diff: 0.2]
      [Ext Root Scanning (ms): Min: 0.0, Avg: 0.6, Max: 1.9, Diff: 1.9, Sum: 4.5]
      [Update RS (ms): Min: 23.0, Avg: 24.5, Max: 25.1, Diff: 2.1, Sum: 195.8]
         [Processed Buffers: Min: 25, Avg: 27.4, Max: 30, Diff: 5, Sum: 219]
      [Scan RS (ms): Min: 2.1, Avg: 2.3, Max: 2.5, Diff: 0.4, Sum: 18.4]
      [Code Root Scanning (ms): Min: 0.0, Avg: 0.0, Max: 0.0, Diff: 0.0, Sum: 0.0]
      [Object Copy (ms): Min: 20.4, Avg: 20.5, Max: 20.7, Diff: 0.2, Sum: 164.1]
      [Termination (ms): Min: 0.0, Avg: 0.1, Max: 0.1, Diff: 0.1, Sum: 0.7]
         [Termination Attempts: Min: 1, Avg: 673.4, Max: 838, Diff: 837, Sum: 5387]
      [GC Worker Other (ms): Min: 0.0, Avg: 0.0, Max: 0.0, Diff: 0.0, Sum: 0.2]
      [GC Worker Total (ms): Min: 47.9, Avg: 48.0, Max: 48.0, Diff: 0.2, Sum: 383.8]
      [GC Worker End (ms): Min: 29183.7, Avg: 29183.7, Max: 29183.7, Diff: 0.0]
   [Code Root Fixup: 0.0 ms]
   [Code Root Purge: 0.0 ms]
   [Clear CT: 0.1 ms]
   [Other: 0.8 ms]
      [Choose CSet: 0.0 ms]
      [Ref Proc: 0.2 ms]
      [Ref Enq: 0.0 ms]
      [Redirty Cards: 0.2 ms]
      [Humongous Register: 0.0 ms]
      [Humongous Reclaim: 0.0 ms]
      [Free CSet: 0.1 ms]
   [Eden: 6144.0K(244.0M)->0.0B(277.0M) Survivors: 33.0M->7168.0K Heap: 1089.1M(2048.0M)->1091.1M(2048.0M)]
 [Times: user=0.34 sys=0.00, real=0.05 secs] 
2020-09-29T11:53:43.715+0200: 29.185: [GC concurrent-root-region-scan-start]
2020-09-29T11:53:43.717+0200: 29.187: [GC concurrent-root-region-scan-end, 0.0019266 secs]
2020-09-29T11:53:43.717+0200: 29.187: [GC concurrent-mark-start]
2020-09-29T11:53:43.721+0200: 29.190: [GC concurrent-mark-end, 0.0036928 secs]
2020-09-29T11:53:43.721+0200: 29.191: [GC remark 2020-09-29T11:53:43.721+0200: 29.191: [Finalize Marking, 0.0001707 secs] 2020-09-29T11:53:43.721+0200: 29.191: [GC ref-proc, 0.0003234 secs] 2020-09-29T11:53:43.721+0200: 29.191: [Unloading, 0.0004596 secs], 0.0013321 secs]
 [Times: user=0.00 sys=0.00, real=0.00 secs] 
2020-09-29T11:53:43.723+0200: 29.192: [GC cleanup 1101M->29M(2048M), 0.0014662 secs]
 [Times: user=0.08 sys=0.00, real=0.00 secs] 
2020-09-29T11:53:43.724+0200: 29.194: [GC concurrent-cleanup-start]
2020-09-29T11:53:43.726+0200: 29.195: [GC concurrent-cleanup-end, 0.0014085 secs]
2020-09-29T11:53:43.874+0200: 29.344: [GC pause (G1 Evacuation Pause) (young), 0.1842884 secs]
   [Parallel Time: 183.0 ms, GC Workers: 8]
      [GC Worker Start (ms): Min: 29344.3, Avg: 29344.3, Max: 29344.4, Diff: 0.1]
      [Ext Root Scanning (ms): Min: 0.0, Avg: 0.1, Max: 0.1, Diff: 0.1, Sum: 0.5]
      [Update RS (ms): Min: 11.8, Avg: 12.1, Max: 13.0, Diff: 1.1, Sum: 97.2]
         [Processed Buffers: Min: 11, Avg: 13.4, Max: 16, Diff: 5, Sum: 107]
      [Scan RS (ms): Min: 19.1, Avg: 20.0, Max: 20.4, Diff: 1.3, Sum: 159.8]
      [Code Root Scanning (ms): Min: 0.0, Avg: 0.0, Max: 0.0, Diff: 0.0, Sum: 0.0]
      [Object Copy (ms): Min: 150.1, Avg: 150.4, Max: 150.6, Diff: 0.5, Sum: 1202.9]
      [Termination (ms): Min: 0.1, Avg: 0.3, Max: 0.7, Diff: 0.6, Sum: 2.5]
         [Termination Attempts: Min: 1, Avg: 1518.0, Max: 2206, Diff: 2205, Sum: 12144]
      [GC Worker Other (ms): Min: 0.0, Avg: 0.0, Max: 0.0, Diff: 0.0, Sum: 0.1]
      [GC Worker Total (ms): Min: 182.8, Avg: 182.9, Max: 182.9, Diff: 0.1, Sum: 1462.9]
      [GC Worker End (ms): Min: 29527.2, Avg: 29527.2, Max: 29527.2, Diff: 0.0]
   [Code Root Fixup: 0.0 ms]
   [Code Root Purge: 0.0 ms]
   [Clear CT: 0.3 ms]
   [Other: 1.0 ms]
      [Choose CSet: 0.0 ms]
      [Ref Proc: 0.2 ms]
      [Ref Enq: 0.0 ms]
      [Redirty Cards: 0.2 ms]
      [Humongous Register: 0.0 ms]
      [Humongous Reclaim: 0.0 ms]
      [Free CSet: 0.3 ms]
   [Eden: 277.0M(277.0M)->0.0B(238.0M) Survivors: 7168.0K->36.0M Heap: 343.7M(2048.0M)->338.2M(2048.0M)]
 [Times: user=1.39 sys=0.02, real=0.18 secs] 
2020-09-29T11:53:44.269+0200: 29.739: [GC pause (G1 Evacuation Pause) (young), 0.1861597 secs]
   [Parallel Time: 185.0 ms, GC Workers: 8]
      [GC Worker Start (ms): Min: 29738.8, Avg: 29741.5, Max: 29758.1, Diff: 19.3]
      [Ext Root Scanning (ms): Min: 0.0, Avg: 0.1, Max: 0.1, Diff: 0.1, Sum: 0.7]
      [Update RS (ms): Min: 5.7, Avg: 23.0, Max: 28.8, Diff: 23.1, Sum: 183.9]
         [Processed Buffers: Min: 4, Avg: 16.3, Max: 21, Diff: 17, Sum: 130]
      [Scan RS (ms): Min: 21.0, Avg: 24.3, Max: 25.2, Diff: 4.2, Sum: 194.6]
      [Code Root Scanning (ms): Min: 0.0, Avg: 0.0, Max: 0.0, Diff: 0.0, Sum: 0.0]
      [Object Copy (ms): Min: 134.6, Avg: 134.7, Max: 134.8, Diff: 0.2, Sum: 1077.6]
      [Termination (ms): Min: 0.0, Avg: 0.2, Max: 0.3, Diff: 0.3, Sum: 1.5]
         [Termination Attempts: Min: 1, Avg: 1306.9, Max: 1696, Diff: 1695, Sum: 10455]
      [GC Worker Other (ms): Min: 0.0, Avg: 0.0, Max: 0.1, Diff: 0.1, Sum: 0.3]
      [GC Worker Total (ms): Min: 165.7, Avg: 182.3, Max: 185.0, Diff: 19.2, Sum: 1458.6]
      [GC Worker End (ms): Min: 29923.8, Avg: 29923.8, Max: 29923.8, Diff: 0.1]
   [Code Root Fixup: 0.0 ms]
   [Code Root Purge: 0.0 ms]
   [Clear CT: 0.2 ms]
   [Other: 1.0 ms]
      [Choose CSet: 0.0 ms]
      [Ref Proc: 0.1 ms]
      [Ref Enq: 0.0 ms]
      [Redirty Cards: 0.2 ms]
      [Humongous Register: 0.1 ms]
      [Humongous Reclaim: 0.0 ms]
      [Free CSet: 0.3 ms]
   [Eden: 238.0M(238.0M)->0.0B(225.0M) Survivors: 36.0M->35.0M Heap: 614.3M(2048.0M)->616.8M(2048.0M)]
 [Times: user=1.11 sys=0.08, real=0.19 secs] 
2020-09-29T11:53:44.618+0200: 30.088: [GC pause (G1 Evacuation Pause) (young), 0.1520817 secs]
   [Parallel Time: 151.0 ms, GC Workers: 8]
      [GC Worker Start (ms): Min: 30088.1, Avg: 30089.8, Max: 30099.5, Diff: 11.4]
      [Ext Root Scanning (ms): Min: 0.0, Avg: 0.1, Max: 0.1, Diff: 0.1, Sum: 0.6]
      [Update RS (ms): Min: 4.0, Avg: 13.7, Max: 16.0, Diff: 11.9, Sum: 109.8]
         [Processed Buffers: Min: 3, Avg: 13.1, Max: 17, Diff: 14, Sum: 105]
      [Scan RS (ms): Min: 19.9, Avg: 20.6, Max: 21.0, Diff: 1.1, Sum: 164.9]
      [Code Root Scanning (ms): Min: 0.0, Avg: 0.0, Max: 0.0, Diff: 0.0, Sum: 0.0]
      [Object Copy (ms): Min: 114.7, Avg: 114.8, Max: 114.9, Diff: 0.2, Sum: 918.6]
      [Termination (ms): Min: 0.0, Avg: 0.0, Max: 0.0, Diff: 0.0, Sum: 0.1]
         [Termination Attempts: Min: 1, Avg: 65.6, Max: 98, Diff: 97, Sum: 525]
      [GC Worker Other (ms): Min: 0.0, Avg: 0.0, Max: 0.1, Diff: 0.0, Sum: 0.3]
      [GC Worker Total (ms): Min: 139.6, Avg: 149.3, Max: 150.9, Diff: 11.4, Sum: 1194.3]
      [GC Worker End (ms): Min: 30239.1, Avg: 30239.1, Max: 30239.1, Diff: 0.0]
   [Code Root Fixup: 0.0 ms]
   [Code Root Purge: 0.0 ms]
   [Clear CT: 0.1 ms]
   [Other: 0.9 ms]
      [Choose CSet: 0.0 ms]
      [Ref Proc: 0.2 ms]
      [Ref Enq: 0.0 ms]
      [Redirty Cards: 0.2 ms]
      [Humongous Register: 0.1 ms]
      [Humongous Reclaim: 0.0 ms]
      [Free CSet: 0.2 ms]
   [Eden: 225.0M(225.0M)->0.0B(234.0M) Survivors: 35.0M->33.0M Heap: 880.0M(2048.0M)->882.5M(2048.0M)]
 [Times: user=1.00 sys=0.03, real=0.15 secs] 
2020-09-29T11:53:44.924+0200: 30.394: [GC pause (G1 Evacuation Pause) (young), 0.1449839 secs]
   [Parallel Time: 143.9 ms, GC Workers: 8]
      [GC Worker Start (ms): Min: 30394.3, Avg: 30394.4, Max: 30394.4, Diff: 0.1]
      [Ext Root Scanning (ms): Min: 0.0, Avg: 0.1, Max: 0.1, Diff: 0.1, Sum: 0.6]
      [Update RS (ms): Min: 13.4, Avg: 13.5, Max: 13.9, Diff: 0.5, Sum: 108.0]
         [Processed Buffers: Min: 13, Avg: 14.6, Max: 16, Diff: 3, Sum: 117]
      [Scan RS (ms): Min: 18.8, Avg: 19.1, Max: 19.2, Diff: 0.4, Sum: 152.8]
      [Code Root Scanning (ms): Min: 0.0, Avg: 0.0, Max: 0.0, Diff: 0.0, Sum: 0.0]
      [Object Copy (ms): Min: 110.8, Avg: 111.0, Max: 111.1, Diff: 0.3, Sum: 887.8]
      [Termination (ms): Min: 0.0, Avg: 0.0, Max: 0.1, Diff: 0.1, Sum: 0.3]
         [Termination Attempts: Min: 1, Avg: 30.6, Max: 49, Diff: 48, Sum: 245]
      [GC Worker Other (ms): Min: 0.0, Avg: 0.0, Max: 0.1, Diff: 0.1, Sum: 0.3]
      [GC Worker Total (ms): Min: 143.6, Avg: 143.7, Max: 143.8, Diff: 0.1, Sum: 1149.8]
      [GC Worker End (ms): Min: 30538.1, Avg: 30538.1, Max: 30538.1, Diff: 0.1]
   [Code Root Fixup: 0.0 ms]
   [Code Root Purge: 0.0 ms]
   [Clear CT: 0.2 ms]
   [Other: 0.9 ms]
      [Choose CSet: 0.0 ms]
      [Ref Proc: 0.3 ms]
      [Ref Enq: 0.0 ms]
      [Redirty Cards: 0.2 ms]
      [Humongous Register: 0.0 ms]
      [Humongous Reclaim: 0.0 ms]
      [Free CSet: 0.2 ms]
   [Eden: 234.0M(234.0M)->0.0B(246.0M) Survivors: 33.0M->34.0M Heap: 1156.5M(2048.0M)->1158.5M(2048.0M)]
 [Times: user=1.17 sys=0.00, real=0.14 secs] 
2020-09-29T11:53:45.083+0200: 30.553: [GC pause (G1 Humongous Allocation) (young) (initial-mark), 0.0502714 secs]
   [Parallel Time: 49.5 ms, GC Workers: 8]
      [GC Worker Start (ms): Min: 30553.1, Avg: 30553.1, Max: 30553.2, Diff: 0.1]
      [Ext Root Scanning (ms): Min: 0.0, Avg: 0.1, Max: 0.2, Diff: 0.2, Sum: 1.0]
      [Update RS (ms): Min: 21.0, Avg: 21.2, Max: 21.6, Diff: 0.6, Sum: 169.7]
         [Processed Buffers: Min: 25, Avg: 26.4, Max: 29, Diff: 4, Sum: 211]
      [Scan RS (ms): Min: 2.1, Avg: 2.5, Max: 2.7, Diff: 0.6, Sum: 19.7]
      [Code Root Scanning (ms): Min: 0.0, Avg: 0.0, Max: 0.0, Diff: 0.0, Sum: 0.0]
      [Object Copy (ms): Min: 25.5, Avg: 25.6, Max: 25.6, Diff: 0.1, Sum: 204.5]
      [Termination (ms): Min: 0.0, Avg: 0.1, Max: 0.1, Diff: 0.1, Sum: 0.4]
         [Termination Attempts: Min: 1, Avg: 390.9, Max: 575, Diff: 574, Sum: 3127]
      [GC Worker Other (ms): Min: 0.0, Avg: 0.0, Max: 0.0, Diff: 0.0, Sum: 0.1]
      [GC Worker Total (ms): Min: 49.3, Avg: 49.4, Max: 49.5, Diff: 0.1, Sum: 395.5]
      [GC Worker End (ms): Min: 30602.6, Avg: 30602.6, Max: 30602.6, Diff: 0.0]
   [Code Root Fixup: 0.0 ms]
   [Code Root Purge: 0.0 ms]
   [Clear CT: 0.1 ms]
   [Other: 0.6 ms]
      [Choose CSet: 0.0 ms]
      [Ref Proc: 0.1 ms]
      [Ref Enq: 0.0 ms]
      [Redirty Cards: 0.2 ms]
      [Humongous Register: 0.0 ms]
      [Humongous Reclaim: 0.0 ms]
      [Free CSet: 0.1 ms]
   [Eden: 11.0M(246.0M)->0.0B(272.0M) Survivors: 34.0M->13.0M Heap: 1169.0M(2048.0M)->1173.5M(2048.0M)]
 [Times: user=0.38 sys=0.00, real=0.05 secs] 
2020-09-29T11:53:45.133+0200: 30.603: [GC concurrent-root-region-scan-start]
2020-09-29T11:53:45.137+0200: 30.607: [GC concurrent-root-region-scan-end, 0.0037380 secs]
2020-09-29T11:53:45.137+0200: 30.607: [GC concurrent-mark-start]
2020-09-29T11:53:45.140+0200: 30.611: [GC concurrent-mark-end, 0.0034655 secs]
2020-09-29T11:53:45.140+0200: 30.611: [GC remark 2020-09-29T11:53:45.140+0200: 30.611: [Finalize Marking, 0.0001501 secs] 2020-09-29T11:53:45.141+0200: 30.611: [GC ref-proc, 0.0003028 secs] 2020-09-29T11:53:45.141+0200: 30.611: [Unloading, 0.0004221 secs], 0.0011951 secs]
 [Times: user=0.00 sys=0.00, real=0.00 secs] 
2020-09-29T11:53:45.142+0200: 30.612: [GC cleanup 1186M->37M(2048M), 0.0011811 secs]
 [Times: user=0.00 sys=0.00, real=0.00 secs] 
2020-09-29T11:53:45.143+0200: 30.614: [GC concurrent-cleanup-start]
2020-09-29T11:53:45.146+0200: 30.616: [GC concurrent-cleanup-end, 0.0028326 secs]
2020-09-29T11:53:45.301+0200: 30.771: [GC pause (G1 Evacuation Pause) (young), 0.1639239 secs]
   [Parallel Time: 162.7 ms, GC Workers: 8]
      [GC Worker Start (ms): Min: 30771.4, Avg: 30771.5, Max: 30771.9, Diff: 0.5]
      [Ext Root Scanning (ms): Min: 0.0, Avg: 0.1, Max: 0.2, Diff: 0.2, Sum: 0.6]
      [Update RS (ms): Min: 15.0, Avg: 15.5, Max: 16.0, Diff: 0.9, Sum: 124.0]
         [Processed Buffers: Min: 13, Avg: 13.5, Max: 15, Diff: 2, Sum: 108]
      [Scan RS (ms): Min: 23.6, Avg: 24.0, Max: 24.5, Diff: 1.0, Sum: 191.8]
      [Code Root Scanning (ms): Min: 0.0, Avg: 0.0, Max: 0.0, Diff: 0.0, Sum: 0.0]
      [Object Copy (ms): Min: 122.5, Avg: 122.7, Max: 122.8, Diff: 0.2, Sum: 981.3]
      [Termination (ms): Min: 0.0, Avg: 0.1, Max: 0.2, Diff: 0.2, Sum: 0.7]
         [Termination Attempts: Min: 1, Avg: 176.1, Max: 264, Diff: 263, Sum: 1409]
      [GC Worker Other (ms): Min: 0.0, Avg: 0.1, Max: 0.1, Diff: 0.1, Sum: 0.5]
      [GC Worker Total (ms): Min: 162.0, Avg: 162.4, Max: 162.5, Diff: 0.5, Sum: 1299.0]
      [GC Worker End (ms): Min: 30933.8, Avg: 30933.9, Max: 30934.0, Diff: 0.1]
   [Code Root Fixup: 0.0 ms]
   [Code Root Purge: 0.0 ms]
   [Clear CT: 0.2 ms]
   [Other: 1.1 ms]
      [Choose CSet: 0.0 ms]
      [Ref Proc: 0.2 ms]
      [Ref Enq: 0.0 ms]
      [Redirty Cards: 0.3 ms]
      [Humongous Register: 0.0 ms]
      [Humongous Reclaim: 0.0 ms]
      [Free CSet: 0.3 ms]
   [Eden: 272.0M(272.0M)->0.0B(249.0M) Survivors: 13.0M->36.0M Heap: 342.8M(2048.0M)->331.8M(2048.0M)]
 [Times: user=1.05 sys=0.05, real=0.16 secs] 
2020-09-29T11:53:45.627+0200: 31.097: [GC pause (G1 Evacuation Pause) (young), 0.1620249 secs]
   [Parallel Time: 160.9 ms, GC Workers: 8]
      [GC Worker Start (ms): Min: 31097.5, Avg: 31097.6, Max: 31097.6, Diff: 0.1]
      [Ext Root Scanning (ms): Min: 0.0, Avg: 0.1, Max: 0.1, Diff: 0.1, Sum: 0.6]
      [Update RS (ms): Min: 18.4, Avg: 19.1, Max: 20.8, Diff: 2.4, Sum: 152.5]
         [Processed Buffers: Min: 17, Avg: 19.4, Max: 22, Diff: 5, Sum: 155]
      [Scan RS (ms): Min: 15.0, Avg: 16.7, Max: 17.3, Diff: 2.3, Sum: 133.5]
      [Code Root Scanning (ms): Min: 0.0, Avg: 0.0, Max: 0.0, Diff: 0.0, Sum: 0.0]
      [Object Copy (ms): Min: 124.7, Avg: 124.9, Max: 124.9, Diff: 0.2, Sum: 998.8]
      [Termination (ms): Min: 0.0, Avg: 0.1, Max: 0.1, Diff: 0.0, Sum: 0.5]
         [Termination Attempts: Min: 1, Avg: 173.4, Max: 260, Diff: 259, Sum: 1387]
      [GC Worker Other (ms): Min: 0.0, Avg: 0.0, Max: 0.0, Diff: 0.0, Sum: 0.1]
      [GC Worker Total (ms): Min: 160.7, Avg: 160.8, Max: 160.8, Diff: 0.1, Sum: 1286.1]
      [GC Worker End (ms): Min: 31258.3, Avg: 31258.3, Max: 31258.4, Diff: 0.0]
   [Code Root Fixup: 0.0 ms]
   [Code Root Purge: 0.0 ms]
   [Clear CT: 0.2 ms]
   [Other: 1.0 ms]
      [Choose CSet: 0.0 ms]
      [Ref Proc: 0.2 ms]
      [Ref Enq: 0.0 ms]
      [Redirty Cards: 0.2 ms]
      [Humongous Register: 0.0 ms]
      [Humongous Reclaim: 0.0 ms]
      [Free CSet: 0.3 ms]
   [Eden: 249.0M(249.0M)->0.0B(254.0M) Survivors: 36.0M->36.0M Heap: 622.7M(2048.0M)->624.2M(2048.0M)]
 [Times: user=1.17 sys=0.11, real=0.16 secs] 
2020-09-29T11:53:45.953+0200: 31.424: [GC pause (G1 Evacuation Pause) (young), 0.2451621 secs]
   [Parallel Time: 244.0 ms, GC Workers: 8]
      [GC Worker Start (ms): Min: 31424.1, Avg: 31424.2, Max: 31424.3, Diff: 0.2]
      [Ext Root Scanning (ms): Min: 0.0, Avg: 0.1, Max: 0.1, Diff: 0.1, Sum: 0.6]
      [Update RS (ms): Min: 23.4, Avg: 23.8, Max: 24.5, Diff: 1.1, Sum: 190.2]
         [Processed Buffers: Min: 11, Avg: 17.9, Max: 22, Diff: 11, Sum: 143]
      [Scan RS (ms): Min: 22.1, Avg: 25.5, Max: 44.0, Diff: 21.9, Sum: 204.1]
      [Code Root Scanning (ms): Min: 0.0, Avg: 0.0, Max: 0.0, Diff: 0.0, Sum: 0.0]
      [Object Copy (ms): Min: 175.8, Avg: 193.2, Max: 196.0, Diff: 20.2, Sum: 1545.8]
      [Termination (ms): Min: 0.1, Avg: 1.2, Max: 1.6, Diff: 1.5, Sum: 9.7]
         [Termination Attempts: Min: 1, Avg: 7259.9, Max: 9674, Diff: 9673, Sum: 58079]
      [GC Worker Other (ms): Min: 0.0, Avg: 0.0, Max: 0.1, Diff: 0.1, Sum: 0.3]
      [GC Worker Total (ms): Min: 243.7, Avg: 243.8, Max: 243.9, Diff: 0.2, Sum: 1950.7]
      [GC Worker End (ms): Min: 31668.0, Avg: 31668.1, Max: 31668.1, Diff: 0.1]
   [Code Root Fixup: 0.0 ms]
   [Code Root Purge: 0.0 ms]
   [Clear CT: 0.2 ms]
   [Other: 1.0 ms]
      [Choose CSet: 0.0 ms]
      [Ref Proc: 0.2 ms]
      [Ref Enq: 0.0 ms]
      [Redirty Cards: 0.2 ms]
      [Humongous Register: 0.0 ms]
      [Humongous Reclaim: 0.0 ms]
      [Free CSet: 0.3 ms]
   [Eden: 254.0M(254.0M)->0.0B(194.0M) Survivors: 36.0M->37.0M Heap: 920.2M(2048.0M)->922.7M(2048.0M)]
 [Times: user=1.74 sys=0.05, real=0.25 secs] 
2020-09-29T11:53:46.315+0200: 31.785: [GC pause (G1 Humongous Allocation) (young) (initial-mark), 0.1092491 secs]
   [Parallel Time: 108.2 ms, GC Workers: 8]
      [GC Worker Start (ms): Min: 31785.5, Avg: 31785.6, Max: 31785.7, Diff: 0.2]
      [Ext Root Scanning (ms): Min: 0.0, Avg: 0.2, Max: 0.3, Diff: 0.2, Sum: 1.2]
      [Update RS (ms): Min: 14.3, Avg: 14.8, Max: 15.2, Diff: 1.0, Sum: 118.2]
         [Processed Buffers: Min: 13, Avg: 14.4, Max: 16, Diff: 3, Sum: 115]
      [Scan RS (ms): Min: 10.1, Avg: 10.7, Max: 11.1, Diff: 1.0, Sum: 85.4]
      [Code Root Scanning (ms): Min: 0.0, Avg: 0.0, Max: 0.0, Diff: 0.0, Sum: 0.0]
      [Object Copy (ms): Min: 82.1, Avg: 82.3, Max: 82.4, Diff: 0.3, Sum: 658.1]
      [Termination (ms): Min: 0.0, Avg: 0.1, Max: 0.2, Diff: 0.2, Sum: 1.1]
         [Termination Attempts: Min: 1, Avg: 941.8, Max: 1365, Diff: 1364, Sum: 7534]
      [GC Worker Other (ms): Min: 0.0, Avg: 0.0, Max: 0.1, Diff: 0.0, Sum: 0.4]
      [GC Worker Total (ms): Min: 108.0, Avg: 108.0, Max: 108.1, Diff: 0.2, Sum: 864.4]
      [GC Worker End (ms): Min: 31893.6, Avg: 31893.6, Max: 31893.6, Diff: 0.0]
   [Code Root Fixup: 0.0 ms]
   [Code Root Purge: 0.0 ms]
   [Clear CT: 0.1 ms]
   [Other: 0.9 ms]
      [Choose CSet: 0.0 ms]
      [Ref Proc: 0.1 ms]
      [Ref Enq: 0.0 ms]
      [Redirty Cards: 0.2 ms]
      [Humongous Register: 0.1 ms]
      [Humongous Reclaim: 0.0 ms]
      [Free CSet: 0.2 ms]
   [Eden: 164.0M(194.0M)->0.0B(232.0M) Survivors: 37.0M->29.0M Heap: 1112.9M(2048.0M)->1114.4M(2048.0M)]
 [Times: user=0.83 sys=0.00, real=0.11 secs] 
2020-09-29T11:53:46.424+0200: 31.895: [GC concurrent-root-region-scan-start]
2020-09-29T11:53:46.434+0200: 31.905: [GC concurrent-root-region-scan-end, 0.0103556 secs]
2020-09-29T11:53:46.434+0200: 31.905: [GC concurrent-mark-start]
2020-09-29T11:53:46.438+0200: 31.908: [GC concurrent-mark-end, 0.0031062 secs]
2020-09-29T11:53:46.438+0200: 31.909: [GC remark 2020-09-29T11:53:46.438+0200: 31.909: [Finalize Marking, 0.0001479 secs] 2020-09-29T11:53:46.438+0200: 31.909: [GC ref-proc, 0.0003910 secs] 2020-09-29T11:53:46.439+0200: 31.909: [Unloading, 0.0004764 secs], 0.0013936 secs]
 [Times: user=0.00 sys=0.00, real=0.00 secs] 
2020-09-29T11:53:46.440+0200: 31.910: [GC cleanup 1122M->48M(2048M), 0.0015300 secs]
 [Times: user=0.00 sys=0.00, real=0.00 secs] 
2020-09-29T11:53:46.441+0200: 31.912: [GC concurrent-cleanup-start]
2020-09-29T11:53:46.443+0200: 31.914: [GC concurrent-cleanup-end, 0.0017431 secs]
2020-09-29T11:53:46.568+0200: 32.037: [GC pause (G1 Evacuation Pause) (young), 0.1506601 secs]
   [Parallel Time: 149.7 ms, GC Workers: 8]
      [GC Worker Start (ms): Min: 32037.5, Avg: 32037.6, Max: 32037.7, Diff: 0.2]
      [Ext Root Scanning (ms): Min: 0.0, Avg: 0.1, Max: 0.2, Diff: 0.2, Sum: 0.6]
      [Update RS (ms): Min: 20.1, Avg: 21.4, Max: 29.7, Diff: 9.6, Sum: 171.0]
         [Processed Buffers: Min: 0, Avg: 19.5, Max: 24, Diff: 24, Sum: 156]
      [Scan RS (ms): Min: 1.8, Avg: 10.2, Max: 11.6, Diff: 9.8, Sum: 81.6]
      [Code Root Scanning (ms): Min: 0.0, Avg: 0.0, Max: 0.0, Diff: 0.0, Sum: 0.0]
      [Object Copy (ms): Min: 117.4, Avg: 117.7, Max: 117.8, Diff: 0.4, Sum: 941.5]
      [Termination (ms): Min: 0.0, Avg: 0.1, Max: 0.2, Diff: 0.2, Sum: 0.7]
         [Termination Attempts: Min: 1, Avg: 495.9, Max: 633, Diff: 632, Sum: 3967]
      [GC Worker Other (ms): Min: 0.0, Avg: 0.0, Max: 0.1, Diff: 0.1, Sum: 0.3]
      [GC Worker Total (ms): Min: 149.3, Avg: 149.5, Max: 149.6, Diff: 0.2, Sum: 1195.6]
      [GC Worker End (ms): Min: 32187.0, Avg: 32187.1, Max: 32187.1, Diff: 0.0]
   [Code Root Fixup: 0.0 ms]
   [Code Root Purge: 0.0 ms]
   [Clear CT: 0.2 ms]
   [Other: 0.8 ms]
      [Choose CSet: 0.0 ms]
      [Ref Proc: 0.1 ms]
      [Ref Enq: 0.0 ms]
      [Redirty Cards: 0.2 ms]
      [Humongous Register: 0.0 ms]
      [Humongous Reclaim: 0.0 ms]
      [Free CSet: 0.2 ms]
   [Eden: 232.0M(232.0M)->0.0B(245.0M) Survivors: 29.0M->33.0M Heap: 313.1M(2048.0M)->285.6M(2048.0M)]
 [Times: user=1.05 sys=0.02, real=0.15 secs] 
2020-09-29T11:53:46.868+0200: 32.338: [GC pause (G1 Evacuation Pause) (young), 0.1745138 secs]
   [Parallel Time: 173.4 ms, GC Workers: 8]
      [GC Worker Start (ms): Min: 32338.0, Avg: 32341.3, Max: 32363.7, Diff: 25.7]
      [Ext Root Scanning (ms): Min: 0.0, Avg: 0.1, Max: 0.1, Diff: 0.1, Sum: 0.6]
      [Update RS (ms): Min: 0.0, Avg: 19.1, Max: 22.1, Diff: 22.1, Sum: 152.8]
         [Processed Buffers: Min: 0, Avg: 17.3, Max: 21, Diff: 21, Sum: 138]
      [Scan RS (ms): Min: 18.5, Avg: 22.6, Max: 28.8, Diff: 10.3, Sum: 180.6]
      [Code Root Scanning (ms): Min: 0.0, Avg: 0.0, Max: 0.0, Diff: 0.0, Sum: 0.0]
      [Object Copy (ms): Min: 122.1, Avg: 128.2, Max: 129.1, Diff: 7.1, Sum: 1025.2]
      [Termination (ms): Min: 0.0, Avg: 0.1, Max: 0.1, Diff: 0.1, Sum: 0.7]
         [Termination Attempts: Min: 1, Avg: 552.5, Max: 702, Diff: 701, Sum: 4420]
      [GC Worker Other (ms): Min: 0.0, Avg: 0.0, Max: 0.1, Diff: 0.0, Sum: 0.3]
      [GC Worker Total (ms): Min: 147.6, Avg: 170.0, Max: 173.3, Diff: 25.7, Sum: 1360.2]
      [GC Worker End (ms): Min: 32511.3, Avg: 32511.3, Max: 32511.3, Diff: 0.0]
   [Code Root Fixup: 0.0 ms]
   [Code Root Purge: 0.0 ms]
   [Clear CT: 0.2 ms]
   [Other: 0.9 ms]
      [Choose CSet: 0.0 ms]
      [Ref Proc: 0.2 ms]
      [Ref Enq: 0.0 ms]
      [Redirty Cards: 0.2 ms]
      [Humongous Register: 0.1 ms]
      [Humongous Reclaim: 0.0 ms]
      [Free CSet: 0.3 ms]
   [Eden: 245.0M(245.0M)->0.0B(242.0M) Survivors: 33.0M->35.0M Heap: 570.6M(2048.0M)->572.1M(2048.0M)]
 [Times: user=1.23 sys=0.05, real=0.17 secs] 
2020-09-29T11:53:47.193+0200: 32.663: [GC pause (G1 Evacuation Pause) (young), 0.1488966 secs]
   [Parallel Time: 147.8 ms, GC Workers: 8]
      [GC Worker Start (ms): Min: 32663.6, Avg: 32664.9, Max: 32668.7, Diff: 5.0]
      [Ext Root Scanning (ms): Min: 0.0, Avg: 0.1, Max: 0.1, Diff: 0.1, Sum: 0.7]
      [Update RS (ms): Min: 13.8, Avg: 17.6, Max: 19.0, Diff: 5.3, Sum: 140.9]
         [Processed Buffers: Min: 13, Avg: 18.4, Max: 22, Diff: 9, Sum: 147]
      [Scan RS (ms): Min: 12.3, Avg: 12.4, Max: 12.6, Diff: 0.4, Sum: 99.5]
      [Code Root Scanning (ms): Min: 0.0, Avg: 0.0, Max: 0.0, Diff: 0.0, Sum: 0.0]
      [Object Copy (ms): Min: 115.9, Avg: 116.1, Max: 116.3, Diff: 0.4, Sum: 929.1]
      [Termination (ms): Min: 0.0, Avg: 0.0, Max: 0.0, Diff: 0.0, Sum: 0.2]
         [Termination Attempts: Min: 1, Avg: 173.4, Max: 223, Diff: 222, Sum: 1387]
      [GC Worker Other (ms): Min: 0.0, Avg: 0.1, Max: 0.1, Diff: 0.1, Sum: 0.5]
      [GC Worker Total (ms): Min: 142.6, Avg: 146.3, Max: 147.7, Diff: 5.1, Sum: 1170.8]
      [GC Worker End (ms): Min: 32811.2, Avg: 32811.3, Max: 32811.3, Diff: 0.1]
   [Code Root Fixup: 0.0 ms]
   [Code Root Purge: 0.0 ms]
   [Clear CT: 0.1 ms]
   [Other: 0.9 ms]
      [Choose CSet: 0.0 ms]
      [Ref Proc: 0.2 ms]
      [Ref Enq: 0.0 ms]
      [Redirty Cards: 0.2 ms]
      [Humongous Register: 0.1 ms]
      [Humongous Reclaim: 0.0 ms]
      [Free CSet: 0.2 ms]
   [Eden: 242.0M(242.0M)->0.0B(259.0M) Survivors: 35.0M->35.0M Heap: 854.2M(2048.0M)->856.2M(2048.0M)]
 [Times: user=1.06 sys=0.05, real=0.15 secs] 
2020-09-29T11:53:47.502+0200: 32.972: [GC pause (G1 Evacuation Pause) (young), 0.2041649 secs]
   [Parallel Time: 203.1 ms, GC Workers: 8]
      [GC Worker Start (ms): Min: 32972.1, Avg: 32977.1, Max: 33003.7, Diff: 31.6]
      [Ext Root Scanning (ms): Min: 0.0, Avg: 0.1, Max: 0.2, Diff: 0.2, Sum: 0.8]
      [Update RS (ms): Min: 0.0, Avg: 18.6, Max: 23.2, Diff: 23.2, Sum: 148.8]
         [Processed Buffers: Min: 0, Avg: 19.8, Max: 27, Diff: 27, Sum: 158]
      [Scan RS (ms): Min: 10.7, Avg: 21.5, Max: 41.3, Diff: 30.6, Sum: 171.9]
      [Code Root Scanning (ms): Min: 0.0, Avg: 0.0, Max: 0.0, Diff: 0.0, Sum: 0.0]
      [Object Copy (ms): Min: 139.2, Avg: 157.8, Max: 160.7, Diff: 21.4, Sum: 1262.3]
      [Termination (ms): Min: 0.0, Avg: 0.0, Max: 0.0, Diff: 0.0, Sum: 0.1]
         [Termination Attempts: Min: 1, Avg: 47.1, Max: 73, Diff: 72, Sum: 377]
      [GC Worker Other (ms): Min: 0.0, Avg: 0.0, Max: 0.1, Diff: 0.1, Sum: 0.3]
      [GC Worker Total (ms): Min: 171.4, Avg: 198.0, Max: 203.0, Diff: 31.6, Sum: 1584.2]
      [GC Worker End (ms): Min: 33175.1, Avg: 33175.2, Max: 33175.2, Diff: 0.0]
   [Code Root Fixup: 0.0 ms]
   [Code Root Purge: 0.0 ms]
   [Clear CT: 0.1 ms]
   [Other: 0.9 ms]
      [Choose CSet: 0.0 ms]
      [Ref Proc: 0.1 ms]
      [Ref Enq: 0.0 ms]
      [Redirty Cards: 0.3 ms]
      [Humongous Register: 0.0 ms]
      [Humongous Reclaim: 0.0 ms]
      [Free CSet: 0.3 ms]
   [Eden: 259.0M(259.0M)->0.0B(239.0M) Survivors: 35.0M->37.0M Heap: 1159.0M(2048.0M)->1160.5M(2048.0M)]
 [Times: user=1.34 sys=0.08, real=0.20 secs] 
2020-09-29T11:53:47.711+0200: 33.181: [GC pause (G1 Humongous Allocation) (young) (initial-mark), 0.0780548 secs]
   [Parallel Time: 77.1 ms, GC Workers: 8]
      [GC Worker Start (ms): Min: 33181.5, Avg: 33181.6, Max: 33181.7, Diff: 0.2]
      [Ext Root Scanning (ms): Min: 0.0, Avg: 3.4, Max: 26.3, Diff: 26.3, Sum: 27.2]
      [Update RS (ms): Min: 21.9, Avg: 45.0, Max: 48.8, Diff: 26.9, Sum: 359.9]
         [Processed Buffers: Min: 24, Avg: 45.1, Max: 53, Diff: 29, Sum: 361]
      [Scan RS (ms): Min: 0.2, Avg: 0.8, Max: 1.2, Diff: 1.0, Sum: 6.2]
      [Code Root Scanning (ms): Min: 0.0, Avg: 0.0, Max: 0.0, Diff: 0.0, Sum: 0.0]
      [Object Copy (ms): Min: 27.6, Avg: 27.7, Max: 27.8, Diff: 0.2, Sum: 221.5]
      [Termination (ms): Min: 0.0, Avg: 0.1, Max: 0.1, Diff: 0.1, Sum: 0.6]
         [Termination Attempts: Min: 1, Avg: 570.6, Max: 735, Diff: 734, Sum: 4565]
      [GC Worker Other (ms): Min: 0.0, Avg: 0.0, Max: 0.0, Diff: 0.0, Sum: 0.2]
      [GC Worker Total (ms): Min: 76.8, Avg: 76.9, Max: 77.0, Diff: 0.2, Sum: 615.5]
      [GC Worker End (ms): Min: 33258.5, Avg: 33258.5, Max: 33258.5, Diff: 0.0]
   [Code Root Fixup: 0.0 ms]
   [Code Root Purge: 0.0 ms]
   [Clear CT: 0.2 ms]
   [Other: 0.8 ms]
      [Choose CSet: 0.0 ms]
      [Ref Proc: 0.1 ms]
      [Ref Enq: 0.0 ms]
      [Redirty Cards: 0.2 ms]
      [Humongous Register: 0.1 ms]
      [Humongous Reclaim: 0.0 ms]
      [Free CSet: 0.1 ms]
   [Eden: 7168.0K(239.0M)->0.0B(240.0M) Survivors: 37.0M->9216.0K Heap: 1167.0M(2048.0M)->1171.5M(2048.0M)]
 [Times: user=0.59 sys=0.00, real=0.08 secs] 
2020-09-29T11:53:47.789+0200: 33.260: [GC concurrent-root-region-scan-start]
2020-09-29T11:53:47.791+0200: 33.262: [GC concurrent-root-region-scan-end, 0.0022211 secs]
2020-09-29T11:53:47.792+0200: 33.262: [GC concurrent-mark-start]
2020-09-29T11:53:47.796+0200: 33.266: [GC concurrent-mark-end, 0.0040114 secs]
2020-09-29T11:53:47.796+0200: 33.266: [GC remark 2020-09-29T11:53:47.796+0200: 33.266: [Finalize Marking, 0.0004950 secs] 2020-09-29T11:53:47.796+0200: 33.267: [GC ref-proc, 0.0004324 secs] 2020-09-29T11:53:47.797+0200: 33.267: [Unloading, 0.0007580 secs], 0.0021500 secs]
 [Times: user=0.00 sys=0.00, real=0.00 secs] 
2020-09-29T11:53:47.798+0200: 33.269: [GC cleanup 1181M->30M(2048M), 0.0013040 secs]
 [Times: user=0.00 sys=0.00, real=0.00 secs] 
2020-09-29T11:53:47.800+0200: 33.270: [GC concurrent-cleanup-start]
2020-09-29T11:53:47.802+0200: 33.272: [GC concurrent-cleanup-end, 0.0017774 secs]
2020-09-29T11:53:47.954+0200: 33.424: [GC pause (G1 Evacuation Pause) (young), 0.1633342 secs]
   [Parallel Time: 162.0 ms, GC Workers: 8]
      [GC Worker Start (ms): Min: 33424.0, Avg: 33426.0, Max: 33430.3, Diff: 6.3]
      [Ext Root Scanning (ms): Min: 0.0, Avg: 0.1, Max: 0.2, Diff: 0.2, Sum: 0.6]
      [Update RS (ms): Min: 20.6, Avg: 25.5, Max: 29.4, Diff: 8.8, Sum: 204.2]
         [Processed Buffers: Min: 14, Avg: 19.1, Max: 22, Diff: 8, Sum: 153]
      [Scan RS (ms): Min: 13.4, Avg: 15.5, Max: 16.3, Diff: 2.9, Sum: 124.3]
      [Code Root Scanning (ms): Min: 0.0, Avg: 0.0, Max: 0.0, Diff: 0.0, Sum: 0.0]
      [Object Copy (ms): Min: 117.6, Avg: 118.5, Max: 118.8, Diff: 1.2, Sum: 948.4]
      [Termination (ms): Min: 0.0, Avg: 0.2, Max: 0.4, Diff: 0.4, Sum: 1.8]
         [Termination Attempts: Min: 1, Avg: 1576.3, Max: 2265, Diff: 2264, Sum: 12610]
      [GC Worker Other (ms): Min: 0.0, Avg: 0.0, Max: 0.1, Diff: 0.1, Sum: 0.3]
      [GC Worker Total (ms): Min: 155.6, Avg: 159.9, Max: 161.9, Diff: 6.3, Sum: 1279.5]
      [GC Worker End (ms): Min: 33585.9, Avg: 33586.0, Max: 33586.0, Diff: 0.1]
   [Code Root Fixup: 0.0 ms]
   [Code Root Purge: 0.0 ms]
   [Clear CT: 0.2 ms]
   [Other: 1.1 ms]
      [Choose CSet: 0.0 ms]
      [Ref Proc: 0.2 ms]
      [Ref Enq: 0.0 ms]
      [Redirty Cards: 0.3 ms]
      [Humongous Register: 0.0 ms]
      [Humongous Reclaim: 0.0 ms]
      [Free CSet: 0.2 ms]
   [Eden: 240.0M(240.0M)->0.0B(221.0M) Survivors: 9216.0K->32.0M Heap: 300.6M(2048.0M)->294.6M(2048.0M)]
 [Times: user=1.13 sys=0.08, real=0.16 secs] 
2020-09-29T11:53:48.283+0200: 33.754: [GC pause (G1 Evacuation Pause) (young), 0.1728571 secs]
   [Parallel Time: 171.7 ms, GC Workers: 8]
      [GC Worker Start (ms): Min: 33754.0, Avg: 33754.1, Max: 33754.2, Diff: 0.2]
      [Ext Root Scanning (ms): Min: 0.0, Avg: 0.1, Max: 0.3, Diff: 0.3, Sum: 0.8]
      [Update RS (ms): Min: 26.6, Avg: 26.8, Max: 27.2, Diff: 0.6, Sum: 214.5]
         [Processed Buffers: Min: 13, Avg: 19.4, Max: 22, Diff: 9, Sum: 155]
      [Scan RS (ms): Min: 19.5, Avg: 19.9, Max: 20.3, Diff: 0.9, Sum: 159.5]
      [Code Root Scanning (ms): Min: 0.0, Avg: 0.0, Max: 0.0, Diff: 0.0, Sum: 0.0]
      [Object Copy (ms): Min: 124.2, Avg: 124.5, Max: 124.7, Diff: 0.5, Sum: 996.3]
      [Termination (ms): Min: 0.0, Avg: 0.1, Max: 0.2, Diff: 0.2, Sum: 1.0]
         [Termination Attempts: Min: 1, Avg: 838.6, Max: 1045, Diff: 1044, Sum: 6709]
      [GC Worker Other (ms): Min: 0.0, Avg: 0.1, Max: 0.1, Diff: 0.0, Sum: 0.5]
      [GC Worker Total (ms): Min: 171.5, Avg: 171.6, Max: 171.6, Diff: 0.2, Sum: 1372.5]
      [GC Worker End (ms): Min: 33925.6, Avg: 33925.7, Max: 33925.7, Diff: 0.1]
   [Code Root Fixup: 0.0 ms]
   [Code Root Purge: 0.0 ms]
   [Clear CT: 0.1 ms]
   [Other: 1.0 ms]
      [Choose CSet: 0.0 ms]
      [Ref Proc: 0.2 ms]
      [Ref Enq: 0.0 ms]
      [Redirty Cards: 0.2 ms]
      [Humongous Register: 0.1 ms]
      [Humongous Reclaim: 0.0 ms]
      [Free CSet: 0.2 ms]
   [Eden: 221.0M(221.0M)->0.0B(214.0M) Survivors: 32.0M->32.0M Heap: 553.7M(2048.0M)->555.2M(2048.0M)]
 [Times: user=1.19 sys=0.02, real=0.17 secs] 
2020-09-29T11:53:48.603+0200: 34.072: [GC pause (G1 Evacuation Pause) (young), 0.1454188 secs]
   [Parallel Time: 144.3 ms, GC Workers: 8]
      [GC Worker Start (ms): Min: 34072.6, Avg: 34072.6, Max: 34072.7, Diff: 0.2]
      [Ext Root Scanning (ms): Min: 0.0, Avg: 0.1, Max: 0.1, Diff: 0.1, Sum: 0.6]
      [Update RS (ms): Min: 16.7, Avg: 16.9, Max: 17.2, Diff: 0.5, Sum: 135.4]
         [Processed Buffers: Min: 8, Avg: 13.5, Max: 16, Diff: 8, Sum: 108]
      [Scan RS (ms): Min: 17.4, Avg: 17.8, Max: 19.1, Diff: 1.7, Sum: 142.1]
      [Code Root Scanning (ms): Min: 0.0, Avg: 0.0, Max: 0.0, Diff: 0.0, Sum: 0.0]
      [Object Copy (ms): Min: 108.3, Avg: 109.3, Max: 109.6, Diff: 1.3, Sum: 874.8]
      [Termination (ms): Min: 0.0, Avg: 0.0, Max: 0.1, Diff: 0.1, Sum: 0.4]
         [Termination Attempts: Min: 1, Avg: 34.8, Max: 47, Diff: 46, Sum: 278]
      [GC Worker Other (ms): Min: 0.0, Avg: 0.0, Max: 0.0, Diff: 0.0, Sum: 0.1]
      [GC Worker Total (ms): Min: 144.1, Avg: 144.2, Max: 144.2, Diff: 0.2, Sum: 1153.4]
      [GC Worker End (ms): Min: 34216.8, Avg: 34216.8, Max: 34216.8, Diff: 0.0]
   [Code Root Fixup: 0.0 ms]
   [Code Root Purge: 0.0 ms]
   [Clear CT: 0.2 ms]
   [Other: 0.9 ms]
      [Choose CSet: 0.0 ms]
      [Ref Proc: 0.2 ms]
      [Ref Enq: 0.0 ms]
      [Redirty Cards: 0.2 ms]
      [Humongous Register: 0.0 ms]
      [Humongous Reclaim: 0.0 ms]
      [Free CSet: 0.3 ms]
   [Eden: 214.0M(214.0M)->0.0B(226.0M) Survivors: 32.0M->31.0M Heap: 803.5M(2048.0M)->805.0M(2048.0M)]
 [Times: user=1.06 sys=0.02, real=0.14 secs] 
2020-09-29T11:53:48.895+0200: 34.365: [GC pause (G1 Evacuation Pause) (young), 0.1486316 secs]
   [Parallel Time: 147.7 ms, GC Workers: 8]
      [GC Worker Start (ms): Min: 34364.7, Avg: 34364.7, Max: 34364.8, Diff: 0.1]
      [Ext Root Scanning (ms): Min: 0.0, Avg: 0.1, Max: 0.1, Diff: 0.1, Sum: 0.7]
      [Update RS (ms): Min: 14.1, Avg: 14.2, Max: 14.5, Diff: 0.4, Sum: 113.6]
         [Processed Buffers: Min: 14, Avg: 15.0, Max: 17, Diff: 3, Sum: 120]
      [Scan RS (ms): Min: 13.5, Avg: 13.8, Max: 14.0, Diff: 0.4, Sum: 110.5]
      [Code Root Scanning (ms): Min: 0.0, Avg: 0.0, Max: 0.0, Diff: 0.0, Sum: 0.0]
      [Object Copy (ms): Min: 119.1, Avg: 119.3, Max: 119.3, Diff: 0.2, Sum: 954.0]
      [Termination (ms): Min: 0.0, Avg: 0.1, Max: 0.2, Diff: 0.1, Sum: 0.8]
         [Termination Attempts: Min: 1, Avg: 530.3, Max: 863, Diff: 862, Sum: 4242]
      [GC Worker Other (ms): Min: 0.0, Avg: 0.0, Max: 0.0, Diff: 0.0, Sum: 0.1]
      [GC Worker Total (ms): Min: 147.4, Avg: 147.5, Max: 147.5, Diff: 0.1, Sum: 1179.8]
      [GC Worker End (ms): Min: 34512.2, Avg: 34512.2, Max: 34512.2, Diff: 0.0]
   [Code Root Fixup: 0.0 ms]
   [Code Root Purge: 0.0 ms]
   [Clear CT: 0.2 ms]
   [Other: 0.8 ms]
      [Choose CSet: 0.0 ms]
      [Ref Proc: 0.2 ms]
      [Ref Enq: 0.0 ms]
      [Redirty Cards: 0.2 ms]
      [Humongous Register: 0.1 ms]
      [Humongous Reclaim: 0.0 ms]
      [Free CSet: 0.2 ms]
   [Eden: 226.0M(226.0M)->0.0B(241.0M) Survivors: 31.0M->33.0M Heap: 1069.2M(2048.0M)->1070.7M(2048.0M)]
 [Times: user=1.06 sys=0.00, real=0.15 secs] 
2020-09-29T11:53:49.049+0200: 34.519: [GC pause (G1 Humongous Allocation) (young) (initial-mark), 0.0579262 secs]
   [Parallel Time: 56.9 ms, GC Workers: 8]
      [GC Worker Start (ms): Min: 34519.0, Avg: 34519.0, Max: 34519.1, Diff: 0.1]
      [Ext Root Scanning (ms): Min: 0.0, Avg: 4.0, Max: 31.4, Diff: 31.4, Sum: 32.3]
      [Update RS (ms): Min: 3.5, Avg: 31.0, Max: 36.4, Diff: 33.0, Sum: 247.8]
         [Processed Buffers: Min: 5, Avg: 35.3, Max: 43, Diff: 38, Sum: 282]
      [Scan RS (ms): Min: 0.7, Avg: 3.0, Max: 8.2, Diff: 7.5, Sum: 24.1]
      [Code Root Scanning (ms): Min: 0.0, Avg: 0.0, Max: 0.0, Diff: 0.0, Sum: 0.0]
      [Object Copy (ms): Min: 13.4, Avg: 18.7, Max: 19.5, Diff: 6.1, Sum: 149.6]
      [Termination (ms): Min: 0.0, Avg: 0.1, Max: 0.1, Diff: 0.1, Sum: 0.5]
         [Termination Attempts: Min: 1, Avg: 129.0, Max: 192, Diff: 191, Sum: 1032]
      [GC Worker Other (ms): Min: 0.0, Avg: 0.0, Max: 0.0, Diff: 0.0, Sum: 0.1]
      [GC Worker Total (ms): Min: 56.7, Avg: 56.8, Max: 56.9, Diff: 0.1, Sum: 454.4]
      [GC Worker End (ms): Min: 34575.8, Avg: 34575.8, Max: 34575.8, Diff: 0.0]
   [Code Root Fixup: 0.0 ms]
   [Code Root Purge: 0.0 ms]
   [Clear CT: 0.3 ms]
   [Other: 0.8 ms]
      [Choose CSet: 0.0 ms]
      [Ref Proc: 0.1 ms]
      [Ref Enq: 0.0 ms]
      [Redirty Cards: 0.2 ms]
      [Humongous Register: 0.1 ms]
      [Humongous Reclaim: 0.0 ms]
      [Free CSet: 0.1 ms]
   [Eden: 4096.0K(241.0M)->0.0B(273.0M) Survivors: 33.0M->6144.0K Heap: 1074.2M(2048.0M)->1078.2M(2048.0M)]
 [Times: user=0.44 sys=0.00, real=0.06 secs] 
2020-09-29T11:53:49.107+0200: 34.577: [GC concurrent-root-region-scan-start]
2020-09-29T11:53:49.108+0200: 34.578: [GC concurrent-root-region-scan-end, 0.0010955 secs]
2020-09-29T11:53:49.108+0200: 34.578: [GC concurrent-mark-start]
2020-09-29T11:53:49.112+0200: 34.582: [GC concurrent-mark-end, 0.0038486 secs]
2020-09-29T11:53:49.112+0200: 34.582: [GC remark 2020-09-29T11:53:49.112+0200: 34.582: [Finalize Marking, 0.0001856 secs] 2020-09-29T11:53:49.113+0200: 34.583: [GC ref-proc, 0.0003257 secs] 2020-09-29T11:53:49.113+0200: 34.583: [Unloading, 0.0005132 secs], 0.0014452 secs]
 [Times: user=0.05 sys=0.02, real=0.00 secs] 
2020-09-29T11:53:49.114+0200: 34.584: [GC cleanup 1089M->28M(2048M), 0.0015985 secs]
 [Times: user=0.00 sys=0.00, real=0.00 secs] 
2020-09-29T11:53:49.116+0200: 34.586: [GC concurrent-cleanup-start]
2020-09-29T11:53:49.118+0200: 34.588: [GC concurrent-cleanup-end, 0.0018346 secs]
2020-09-29T11:53:49.281+0200: 34.751: [GC pause (G1 Evacuation Pause) (young), 0.1698289 secs]
   [Parallel Time: 168.4 ms, GC Workers: 8]
      [GC Worker Start (ms): Min: 34751.3, Avg: 34752.1, Max: 34757.5, Diff: 6.2]
      [Ext Root Scanning (ms): Min: 0.0, Avg: 0.1, Max: 0.2, Diff: 0.2, Sum: 0.6]
      [Update RS (ms): Min: 14.7, Avg: 19.9, Max: 21.1, Diff: 6.4, Sum: 159.2]
         [Processed Buffers: Min: 9, Avg: 14.5, Max: 17, Diff: 8, Sum: 116]
      [Scan RS (ms): Min: 22.0, Avg: 22.5, Max: 22.9, Diff: 1.0, Sum: 179.9]
      [Code Root Scanning (ms): Min: 0.0, Avg: 0.0, Max: 0.0, Diff: 0.0, Sum: 0.0]
      [Object Copy (ms): Min: 124.3, Avg: 124.9, Max: 125.2, Diff: 0.9, Sum: 999.1]
      [Termination (ms): Min: 0.0, Avg: 0.1, Max: 0.6, Diff: 0.6, Sum: 0.9]
         [Termination Attempts: Min: 1, Avg: 312.5, Max: 498, Diff: 497, Sum: 2500]
      [GC Worker Other (ms): Min: 0.0, Avg: 0.0, Max: 0.1, Diff: 0.0, Sum: 0.2]
      [GC Worker Total (ms): Min: 162.1, Avg: 167.5, Max: 168.4, Diff: 6.2, Sum: 1339.9]
      [GC Worker End (ms): Min: 34919.6, Avg: 34919.6, Max: 34919.6, Diff: 0.0]
   [Code Root Fixup: 0.0 ms]
   [Code Root Purge: 0.0 ms]
   [Clear CT: 0.3 ms]
   [Other: 1.1 ms]
      [Choose CSet: 0.0 ms]
      [Ref Proc: 0.2 ms]
      [Ref Enq: 0.0 ms]
      [Redirty Cards: 0.2 ms]
      [Humongous Register: 0.0 ms]
      [Humongous Reclaim: 0.0 ms]
      [Free CSet: 0.4 ms]
   [Eden: 273.0M(273.0M)->0.0B(240.0M) Survivors: 6144.0K->35.0M Heap: 336.3M(2048.0M)->332.8M(2048.0M)]
 [Times: user=1.25 sys=0.05, real=0.17 secs] 
2020-09-29T11:53:49.606+0200: 35.076: [GC pause (G1 Evacuation Pause) (young), 0.1789983 secs]
   [Parallel Time: 177.8 ms, GC Workers: 8]
      [GC Worker Start (ms): Min: 35076.3, Avg: 35076.4, Max: 35076.4, Diff: 0.1]
      [Ext Root Scanning (ms): Min: 0.0, Avg: 0.1, Max: 0.1, Diff: 0.1, Sum: 0.7]
      [Update RS (ms): Min: 18.2, Avg: 18.5, Max: 19.0, Diff: 0.8, Sum: 148.2]
         [Processed Buffers: Min: 13, Avg: 16.0, Max: 18, Diff: 5, Sum: 128]
      [Scan RS (ms): Min: 22.4, Avg: 22.9, Max: 23.2, Diff: 0.8, Sum: 183.0]
      [Code Root Scanning (ms): Min: 0.0, Avg: 0.0, Max: 0.0, Diff: 0.0, Sum: 0.0]
      [Object Copy (ms): Min: 136.0, Avg: 136.0, Max: 136.1, Diff: 0.1, Sum: 1087.9]
      [Termination (ms): Min: 0.0, Avg: 0.1, Max: 0.1, Diff: 0.1, Sum: 0.8]
         [Termination Attempts: Min: 1, Avg: 753.8, Max: 912, Diff: 911, Sum: 6030]
      [GC Worker Other (ms): Min: 0.0, Avg: 0.1, Max: 0.1, Diff: 0.1, Sum: 0.7]
      [GC Worker Total (ms): Min: 177.6, Avg: 177.7, Max: 177.7, Diff: 0.1, Sum: 1421.4]
      [GC Worker End (ms): Min: 35254.0, Avg: 35254.0, Max: 35254.1, Diff: 0.1]
   [Code Root Fixup: 0.0 ms]
   [Code Root Purge: 0.0 ms]
   [Clear CT: 0.2 ms]
   [Other: 0.9 ms]
      [Choose CSet: 0.0 ms]
      [Ref Proc: 0.1 ms]
      [Ref Enq: 0.0 ms]
      [Redirty Cards: 0.2 ms]
      [Humongous Register: 0.1 ms]
      [Humongous Reclaim: 0.0 ms]
      [Free CSet: 0.2 ms]
   [Eden: 240.0M(240.0M)->0.0B(231.0M) Survivors: 35.0M->35.0M Heap: 612.8M(2048.0M)->615.3M(2048.0M)]
 [Times: user=1.20 sys=0.06, real=0.18 secs] 
2020-09-29T11:53:49.938+0200: 35.408: [GC pause (G1 Evacuation Pause) (young), 0.1798952 secs]
   [Parallel Time: 178.1 ms, GC Workers: 8]
      [GC Worker Start (ms): Min: 35408.5, Avg: 35408.6, Max: 35408.6, Diff: 0.1]
      [Ext Root Scanning (ms): Min: 0.0, Avg: 0.1, Max: 0.1, Diff: 0.1, Sum: 0.6]
      [Update RS (ms): Min: 18.8, Avg: 18.9, Max: 19.0, Diff: 0.3, Sum: 151.1]
         [Processed Buffers: Min: 17, Avg: 19.6, Max: 24, Diff: 7, Sum: 157]
      [Scan RS (ms): Min: 16.6, Avg: 16.9, Max: 17.8, Diff: 1.3, Sum: 135.6]
      [Code Root Scanning (ms): Min: 0.0, Avg: 0.0, Max: 0.0, Diff: 0.0, Sum: 0.0]
      [Object Copy (ms): Min: 140.9, Avg: 141.7, Max: 142.1, Diff: 1.2, Sum: 1134.0]
      [Termination (ms): Min: 0.0, Avg: 0.2, Max: 0.3, Diff: 0.3, Sum: 1.5]
         [Termination Attempts: Min: 1, Avg: 885.9, Max: 1410, Diff: 1409, Sum: 7087]
      [GC Worker Other (ms): Min: 0.0, Avg: 0.0, Max: 0.1, Diff: 0.0, Sum: 0.2]
      [GC Worker Total (ms): Min: 177.8, Avg: 177.9, Max: 177.9, Diff: 0.1, Sum: 1422.8]
      [GC Worker End (ms): Min: 35586.4, Avg: 35586.4, Max: 35586.5, Diff: 0.1]
   [Code Root Fixup: 0.0 ms]
   [Code Root Purge: 0.0 ms]
   [Clear CT: 0.3 ms]
   [Other: 1.5 ms]
      [Choose CSet: 0.0 ms]
      [Ref Proc: 0.2 ms]
      [Ref Enq: 0.0 ms]
      [Redirty Cards: 0.3 ms]
      [Humongous Register: 0.0 ms]
      [Humongous Reclaim: 0.0 ms]
      [Free CSet: 0.4 ms]
   [Eden: 231.0M(231.0M)->0.0B(226.0M) Survivors: 35.0M->34.0M Heap: 886.4M(2048.0M)->887.9M(2048.0M)]
 [Times: user=1.28 sys=0.00, real=0.18 secs] 
2020-09-29T11:53:50.282+0200: 35.752: [GC pause (G1 Evacuation Pause) (young), 0.1426048 secs]
   [Parallel Time: 141.5 ms, GC Workers: 8]
      [GC Worker Start (ms): Min: 35752.1, Avg: 35752.6, Max: 35755.3, Diff: 3.2]
      [Ext Root Scanning (ms): Min: 0.0, Avg: 0.1, Max: 0.1, Diff: 0.1, Sum: 0.7]
      [Update RS (ms): Min: 20.2, Avg: 23.1, Max: 23.8, Diff: 3.5, Sum: 184.4]
         [Processed Buffers: Min: 19, Avg: 22.5, Max: 25, Diff: 6, Sum: 180]
      [Scan RS (ms): Min: 11.9, Avg: 12.2, Max: 12.5, Diff: 0.6, Sum: 97.7]
      [Code Root Scanning (ms): Min: 0.0, Avg: 0.0, Max: 0.0, Diff: 0.0, Sum: 0.0]
      [Object Copy (ms): Min: 105.4, Avg: 105.5, Max: 105.6, Diff: 0.2, Sum: 844.0]
      [Termination (ms): Min: 0.0, Avg: 0.1, Max: 0.1, Diff: 0.1, Sum: 0.6]
         [Termination Attempts: Min: 1, Avg: 539.4, Max: 736, Diff: 735, Sum: 4315]
      [GC Worker Other (ms): Min: 0.0, Avg: 0.0, Max: 0.0, Diff: 0.0, Sum: 0.2]
      [GC Worker Total (ms): Min: 138.2, Avg: 140.9, Max: 141.4, Diff: 3.2, Sum: 1127.6]
      [GC Worker End (ms): Min: 35893.5, Avg: 35893.5, Max: 35893.5, Diff: 0.0]
   [Code Root Fixup: 0.0 ms]
   [Code Root Purge: 0.0 ms]
   [Clear CT: 0.1 ms]
   [Other: 0.9 ms]
      [Choose CSet: 0.0 ms]
      [Ref Proc: 0.2 ms]
      [Ref Enq: 0.0 ms]
      [Redirty Cards: 0.2 ms]
      [Humongous Register: 0.1 ms]
      [Humongous Reclaim: 0.0 ms]
      [Free CSet: 0.2 ms]
   [Eden: 226.0M(226.0M)->0.0B(245.0M) Survivors: 34.0M->33.0M Heap: 1150.1M(2048.0M)->1152.1M(2048.0M)]
 [Times: user=0.98 sys=0.06, real=0.14 secs] 
2020-09-29T11:53:50.429+0200: 35.899: [GC pause (G1 Humongous Allocation) (young) (initial-mark), 0.0520050 secs]
   [Parallel Time: 51.1 ms, GC Workers: 8]
      [GC Worker Start (ms): Min: 35899.1, Avg: 35899.1, Max: 35899.2, Diff: 0.1]
      [Ext Root Scanning (ms): Min: 0.0, Avg: 0.1, Max: 0.1, Diff: 0.1, Sum: 0.7]
      [Update RS (ms): Min: 31.9, Avg: 32.2, Max: 32.8, Diff: 0.9, Sum: 257.8]
         [Processed Buffers: Min: 34, Avg: 38.3, Max: 41, Diff: 7, Sum: 306]
      [Scan RS (ms): Min: 0.8, Avg: 1.5, Max: 2.2, Diff: 1.3, Sum: 12.0]
      [Code Root Scanning (ms): Min: 0.0, Avg: 0.0, Max: 0.0, Diff: 0.0, Sum: 0.0]
      [Object Copy (ms): Min: 16.5, Avg: 17.1, Max: 17.3, Diff: 0.8, Sum: 137.0]
      [Termination (ms): Min: 0.0, Avg: 0.0, Max: 0.0, Diff: 0.0, Sum: 0.0]
         [Termination Attempts: Min: 1, Avg: 4.4, Max: 7, Diff: 6, Sum: 35]
      [GC Worker Other (ms): Min: 0.0, Avg: 0.0, Max: 0.0, Diff: 0.0, Sum: 0.2]
      [GC Worker Total (ms): Min: 50.9, Avg: 51.0, Max: 51.0, Diff: 0.1, Sum: 407.7]
      [GC Worker End (ms): Min: 35950.1, Avg: 35950.1, Max: 35950.1, Diff: 0.0]
   [Code Root Fixup: 0.0 ms]
   [Code Root Purge: 0.0 ms]
   [Clear CT: 0.2 ms]
   [Other: 0.7 ms]
      [Choose CSet: 0.0 ms]
      [Ref Proc: 0.2 ms]
      [Ref Enq: 0.0 ms]
      [Redirty Cards: 0.1 ms]
      [Humongous Register: 0.1 ms]
      [Humongous Reclaim: 0.0 ms]
      [Free CSet: 0.1 ms]
   [Eden: 3072.0K(245.0M)->0.0B(286.0M) Survivors: 33.0M->4096.0K Heap: 1155.1M(2048.0M)->1158.6M(2048.0M)]
 [Times: user=0.36 sys=0.00, real=0.05 secs] 
2020-09-29T11:53:50.481+0200: 35.951: [GC concurrent-root-region-scan-start]
2020-09-29T11:53:50.482+0200: 35.952: [GC concurrent-root-region-scan-end, 0.0012568 secs]
2020-09-29T11:53:50.482+0200: 35.952: [GC concurrent-mark-start]
2020-09-29T11:53:50.486+0200: 35.956: [GC concurrent-mark-end, 0.0034315 secs]
2020-09-29T11:53:50.486+0200: 35.956: [GC remark 2020-09-29T11:53:50.486+0200: 35.956: [Finalize Marking, 0.0002136 secs] 2020-09-29T11:53:50.487+0200: 35.957: [GC ref-proc, 0.0004100 secs] 2020-09-29T11:53:50.487+0200: 35.957: [Unloading, 0.0004924 secs], 0.0015150 secs]
 [Times: user=0.00 sys=0.00, real=0.00 secs] 
2020-09-29T11:53:50.489+0200: 35.959: [GC cleanup 1170M->27M(2048M), 0.0014068 secs]
 [Times: user=0.00 sys=0.00, real=0.00 secs] 
2020-09-29T11:53:50.490+0200: 35.960: [GC concurrent-cleanup-start]
2020-09-29T11:53:50.493+0200: 35.963: [GC concurrent-cleanup-end, 0.0025688 secs]
2020-09-29T11:53:50.674+0200: 36.144: [GC pause (G1 Evacuation Pause) (young), 0.1943951 secs]
   [Parallel Time: 192.7 ms, GC Workers: 8]
      [GC Worker Start (ms): Min: 36143.9, Avg: 36147.4, Max: 36171.3, Diff: 27.5]
      [Ext Root Scanning (ms): Min: 0.0, Avg: 0.1, Max: 0.2, Diff: 0.2, Sum: 0.6]
      [Update RS (ms): Min: 0.0, Avg: 15.0, Max: 17.5, Diff: 17.5, Sum: 119.8]
         [Processed Buffers: Min: 0, Avg: 16.0, Max: 19, Diff: 19, Sum: 128]
      [Scan RS (ms): Min: 5.7, Avg: 14.7, Max: 16.2, Diff: 10.5, Sum: 117.2]
      [Code Root Scanning (ms): Min: 0.0, Avg: 0.0, Max: 0.0, Diff: 0.0, Sum: 0.0]
      [Object Copy (ms): Min: 159.0, Avg: 159.2, Max: 159.4, Diff: 0.4, Sum: 1273.6]
      [Termination (ms): Min: 0.0, Avg: 0.1, Max: 0.2, Diff: 0.2, Sum: 0.9]
         [Termination Attempts: Min: 1, Avg: 353.5, Max: 578, Diff: 577, Sum: 2828]
      [GC Worker Other (ms): Min: 0.0, Avg: 0.0, Max: 0.1, Diff: 0.1, Sum: 0.2]
      [GC Worker Total (ms): Min: 165.1, Avg: 189.0, Max: 192.6, Diff: 27.5, Sum: 1512.3]
      [GC Worker End (ms): Min: 36336.4, Avg: 36336.4, Max: 36336.5, Diff: 0.1]
   [Code Root Fixup: 0.0 ms]
   [Code Root Purge: 0.0 ms]
   [Clear CT: 0.6 ms]
   [Other: 1.1 ms]
      [Choose CSet: 0.0 ms]
      [Ref Proc: 0.2 ms]
      [Ref Enq: 0.0 ms]
      [Redirty Cards: 0.3 ms]
      [Humongous Register: 0.1 ms]
      [Humongous Reclaim: 0.0 ms]
      [Free CSet: 0.3 ms]
   [Eden: 286.0M(286.0M)->0.0B(237.0M) Survivors: 4096.0K->37.0M Heap: 349.7M(2048.0M)->347.7M(2048.0M)]
 [Times: user=1.30 sys=0.05, real=0.19 secs] 
2020-09-29T11:53:51.026+0200: 36.496: [GC pause (G1 Evacuation Pause) (young), 0.1480424 secs]
   [Parallel Time: 146.7 ms, GC Workers: 8]
      [GC Worker Start (ms): Min: 36496.0, Avg: 36496.1, Max: 36496.2, Diff: 0.2]
      [Ext Root Scanning (ms): Min: 0.0, Avg: 0.1, Max: 0.1, Diff: 0.1, Sum: 0.7]
      [Update RS (ms): Min: 21.1, Avg: 21.4, Max: 21.9, Diff: 0.8, Sum: 171.4]
         [Processed Buffers: Min: 19, Avg: 20.0, Max: 22, Diff: 3, Sum: 160]
      [Scan RS (ms): Min: 17.0, Avg: 17.4, Max: 17.8, Diff: 0.8, Sum: 139.3]
      [Code Root Scanning (ms): Min: 0.0, Avg: 0.0, Max: 0.0, Diff: 0.0, Sum: 0.0]
      [Object Copy (ms): Min: 107.4, Avg: 107.5, Max: 107.6, Diff: 0.1, Sum: 860.3]
      [Termination (ms): Min: 0.0, Avg: 0.0, Max: 0.0, Diff: 0.0, Sum: 0.1]
         [Termination Attempts: Min: 1, Avg: 91.8, Max: 116, Diff: 115, Sum: 734]
      [GC Worker Other (ms): Min: 0.0, Avg: 0.1, Max: 0.1, Diff: 0.1, Sum: 0.4]
      [GC Worker Total (ms): Min: 146.4, Avg: 146.5, Max: 146.6, Diff: 0.2, Sum: 1172.2]
      [GC Worker End (ms): Min: 36642.6, Avg: 36642.6, Max: 36642.6, Diff: 0.1]
   [Code Root Fixup: 0.0 ms]
   [Code Root Purge: 0.0 ms]
   [Clear CT: 0.2 ms]
   [Other: 1.2 ms]
      [Choose CSet: 0.0 ms]
      [Ref Proc: 0.3 ms]
      [Ref Enq: 0.0 ms]
      [Redirty Cards: 0.2 ms]
      [Humongous Register: 0.1 ms]
      [Humongous Reclaim: 0.0 ms]
      [Free CSet: 0.3 ms]
   [Eden: 237.0M(237.0M)->0.0B(248.0M) Survivors: 37.0M->35.0M Heap: 624.7M(2048.0M)->626.2M(2048.0M)]
 [Times: user=1.05 sys=0.05, real=0.15 secs] 
2020-09-29T11:53:51.339+0200: 36.809: [GC pause (G1 Evacuation Pause) (young), 0.1671180 secs]
   [Parallel Time: 166.0 ms, GC Workers: 8]
      [GC Worker Start (ms): Min: 36809.3, Avg: 36809.3, Max: 36809.4, Diff: 0.1]
      [Ext Root Scanning (ms): Min: 0.0, Avg: 0.1, Max: 0.1, Diff: 0.1, Sum: 0.7]
      [Update RS (ms): Min: 16.4, Avg: 16.6, Max: 17.1, Diff: 0.7, Sum: 132.8]
         [Processed Buffers: Min: 17, Avg: 18.4, Max: 20, Diff: 3, Sum: 147]
      [Scan RS (ms): Min: 13.7, Avg: 14.2, Max: 14.4, Diff: 0.6, Sum: 113.3]
      [Code Root Scanning (ms): Min: 0.0, Avg: 0.0, Max: 0.0, Diff: 0.0, Sum: 0.0]
      [Object Copy (ms): Min: 134.7, Avg: 134.8, Max: 135.0, Diff: 0.3, Sum: 1078.5]
      [Termination (ms): Min: 0.0, Avg: 0.2, Max: 0.3, Diff: 0.2, Sum: 1.6]
         [Termination Attempts: Min: 1, Avg: 1200.4, Max: 1581, Diff: 1580, Sum: 9603]
      [GC Worker Other (ms): Min: 0.0, Avg: 0.0, Max: 0.0, Diff: 0.0, Sum: 0.1]
      [GC Worker Total (ms): Min: 165.8, Avg: 165.9, Max: 165.9, Diff: 0.1, Sum: 1327.1]
      [GC Worker End (ms): Min: 36975.2, Avg: 36975.2, Max: 36975.2, Diff: 0.0]
   [Code Root Fixup: 0.0 ms]
   [Code Root Purge: 0.0 ms]
   [Clear CT: 0.2 ms]
   [Other: 0.9 ms]
      [Choose CSet: 0.0 ms]
      [Ref Proc: 0.1 ms]
      [Ref Enq: 0.0 ms]
      [Redirty Cards: 0.2 ms]
      [Humongous Register: 0.1 ms]
      [Humongous Reclaim: 0.0 ms]
      [Free CSet: 0.3 ms]
   [Eden: 248.0M(248.0M)->0.0B(253.0M) Survivors: 35.0M->36.0M Heap: 916.2M(2048.0M)->917.7M(2048.0M)]
 [Times: user=1.25 sys=0.00, real=0.17 secs] 
2020-09-29T11:53:51.632+0200: 37.103: [GC pause (G1 Humongous Allocation) (young) (initial-mark), 0.1320888 secs]
   [Parallel Time: 131.0 ms, GC Workers: 8]
      [GC Worker Start (ms): Min: 37103.0, Avg: 37103.0, Max: 37103.1, Diff: 0.1]
      [Ext Root Scanning (ms): Min: 0.1, Avg: 0.1, Max: 0.2, Diff: 0.1, Sum: 0.8]
      [Update RS (ms): Min: 18.9, Avg: 19.7, Max: 20.0, Diff: 1.1, Sum: 157.3]
         [Processed Buffers: Min: 17, Avg: 18.5, Max: 19, Diff: 2, Sum: 148]
      [Scan RS (ms): Min: 12.8, Avg: 13.1, Max: 13.9, Diff: 1.1, Sum: 104.9]
      [Code Root Scanning (ms): Min: 0.0, Avg: 0.0, Max: 0.0, Diff: 0.0, Sum: 0.0]
      [Object Copy (ms): Min: 97.5, Avg: 97.8, Max: 98.0, Diff: 0.5, Sum: 782.8]
      [Termination (ms): Min: 0.0, Avg: 0.1, Max: 0.1, Diff: 0.1, Sum: 0.5]
         [Termination Attempts: Min: 1, Avg: 460.5, Max: 578, Diff: 577, Sum: 3684]
      [GC Worker Other (ms): Min: 0.0, Avg: 0.1, Max: 0.1, Diff: 0.1, Sum: 0.4]
      [GC Worker Total (ms): Min: 130.8, Avg: 130.8, Max: 130.9, Diff: 0.2, Sum: 1046.8]
      [GC Worker End (ms): Min: 37233.9, Avg: 37233.9, Max: 37234.0, Diff: 0.1]
   [Code Root Fixup: 0.0 ms]
   [Code Root Purge: 0.0 ms]
   [Clear CT: 0.2 ms]
   [Other: 0.9 ms]
      [Choose CSet: 0.0 ms]
      [Ref Proc: 0.2 ms]
      [Ref Enq: 0.0 ms]
      [Redirty Cards: 0.2 ms]
      [Humongous Register: 0.0 ms]
      [Humongous Reclaim: 0.0 ms]
      [Free CSet: 0.2 ms]
   [Eden: 191.0M(253.0M)->0.0B(261.0M) Survivors: 36.0M->37.0M Heap: 1138.7M(2048.0M)->1140.7M(2048.0M)]
 [Times: user=0.89 sys=0.01, real=0.13 secs] 
2020-09-29T11:53:51.764+0200: 37.235: [GC concurrent-root-region-scan-start]
2020-09-29T11:53:51.777+0200: 37.248: [GC concurrent-root-region-scan-end, 0.0129358 secs]
2020-09-29T11:53:51.777+0200: 37.248: [GC concurrent-mark-start]
2020-09-29T11:53:51.781+0200: 37.251: [GC concurrent-mark-end, 0.0032024 secs]
2020-09-29T11:53:51.781+0200: 37.252: [GC remark 2020-09-29T11:53:51.781+0200: 37.252: [Finalize Marking, 0.0002075 secs] 2020-09-29T11:53:51.781+0200: 37.252: [GC ref-proc, 0.0004226 secs] 2020-09-29T11:53:51.782+0200: 37.252: [Unloading, 0.0004547 secs], 0.0014884 secs]
 [Times: user=0.00 sys=0.00, real=0.00 secs] 
2020-09-29T11:53:51.783+0200: 37.253: [GC cleanup 1170M->78M(2048M), 0.0014110 secs]
 [Times: user=0.00 sys=0.00, real=0.00 secs] 
2020-09-29T11:53:51.784+0200: 37.255: [GC concurrent-cleanup-start]
2020-09-29T11:53:51.787+0200: 37.257: [GC concurrent-cleanup-end, 0.0018111 secs]
2020-09-29T11:53:51.923+0200: 37.394: [GC pause (G1 Evacuation Pause) (young), 0.1318421 secs]
   [Parallel Time: 130.7 ms, GC Workers: 8]
      [GC Worker Start (ms): Min: 37394.2, Avg: 37394.2, Max: 37394.3, Diff: 0.1]
      [Ext Root Scanning (ms): Min: 0.0, Avg: 0.1, Max: 0.1, Diff: 0.1, Sum: 0.7]
      [Update RS (ms): Min: 17.4, Avg: 17.6, Max: 17.9, Diff: 0.4, Sum: 140.6]
         [Processed Buffers: Min: 19, Avg: 20.0, Max: 21, Diff: 2, Sum: 160]
      [Scan RS (ms): Min: 10.1, Avg: 10.4, Max: 10.6, Diff: 0.5, Sum: 83.1]
      [Code Root Scanning (ms): Min: 0.0, Avg: 0.0, Max: 0.0, Diff: 0.0, Sum: 0.0]
      [Object Copy (ms): Min: 102.1, Avg: 102.3, Max: 102.4, Diff: 0.3, Sum: 818.2]
      [Termination (ms): Min: 0.0, Avg: 0.1, Max: 0.2, Diff: 0.2, Sum: 1.2]
         [Termination Attempts: Min: 1, Avg: 991.0, Max: 1358, Diff: 1357, Sum: 7928]
      [GC Worker Other (ms): Min: 0.0, Avg: 0.0, Max: 0.1, Diff: 0.1, Sum: 0.3]
      [GC Worker Total (ms): Min: 130.5, Avg: 130.5, Max: 130.6, Diff: 0.1, Sum: 1044.2]
      [GC Worker End (ms): Min: 37524.7, Avg: 37524.8, Max: 37524.8, Diff: 0.1]
   [Code Root Fixup: 0.0 ms]
   [Code Root Purge: 0.0 ms]
   [Clear CT: 0.2 ms]
   [Other: 1.0 ms]
      [Choose CSet: 0.0 ms]
      [Ref Proc: 0.2 ms]
      [Ref Enq: 0.0 ms]
      [Redirty Cards: 0.2 ms]
      [Humongous Register: 0.1 ms]
      [Humongous Reclaim: 0.0 ms]
      [Free CSet: 0.3 ms]
   [Eden: 261.0M(261.0M)->0.0B(288.0M) Survivors: 37.0M->38.0M Heap: 353.9M(2048.0M)->318.4M(2048.0M)]
 [Times: user=1.11 sys=0.00, real=0.13 secs] 
2020-09-29T11:53:52.229+0200: 37.699: [GC pause (G1 Evacuation Pause) (young), 0.1672390 secs]
   [Parallel Time: 165.9 ms, GC Workers: 8]
      [GC Worker Start (ms): Min: 37699.4, Avg: 37699.4, Max: 37699.5, Diff: 0.2]
      [Ext Root Scanning (ms): Min: 0.0, Avg: 0.1, Max: 0.1, Diff: 0.1, Sum: 0.5]
      [Update RS (ms): Min: 18.4, Avg: 18.6, Max: 19.0, Diff: 0.6, Sum: 148.9]
         [Processed Buffers: Min: 21, Avg: 21.6, Max: 23, Diff: 2, Sum: 173]
      [Scan RS (ms): Min: 14.8, Avg: 15.2, Max: 15.6, Diff: 0.8, Sum: 121.6]
      [Code Root Scanning (ms): Min: 0.0, Avg: 0.0, Max: 0.0, Diff: 0.0, Sum: 0.0]
      [Object Copy (ms): Min: 131.6, Avg: 131.7, Max: 131.8, Diff: 0.3, Sum: 1054.0]
      [Termination (ms): Min: 0.0, Avg: 0.0, Max: 0.0, Diff: 0.0, Sum: 0.1]
         [Termination Attempts: Min: 1, Avg: 141.3, Max: 189, Diff: 188, Sum: 1130]
      [GC Worker Other (ms): Min: 0.0, Avg: 0.0, Max: 0.1, Diff: 0.0, Sum: 0.3]
      [GC Worker Total (ms): Min: 165.6, Avg: 165.7, Max: 165.8, Diff: 0.2, Sum: 1325.4]
      [GC Worker End (ms): Min: 37865.1, Avg: 37865.1, Max: 37865.1, Diff: 0.1]
   [Code Root Fixup: 0.0 ms]
   [Code Root Purge: 0.0 ms]
   [Clear CT: 0.2 ms]
   [Other: 1.1 ms]
      [Choose CSet: 0.0 ms]
      [Ref Proc: 0.3 ms]
      [Ref Enq: 0.0 ms]
      [Redirty Cards: 0.3 ms]
      [Humongous Register: 0.0 ms]
      [Humongous Reclaim: 0.0 ms]
      [Free CSet: 0.3 ms]
   [Eden: 288.0M(288.0M)->0.0B(290.0M) Survivors: 38.0M->41.0M Heap: 654.1M(2048.0M)->656.6M(2048.0M)]
 [Times: user=1.20 sys=0.05, real=0.17 secs] 
2020-09-29T11:53:52.547+0200: 38.018: [GC pause (G1 Evacuation Pause) (young), 0.1815987 secs]
   [Parallel Time: 180.4 ms, GC Workers: 8]
      [GC Worker Start (ms): Min: 38018.0, Avg: 38019.0, Max: 38025.7, Diff: 7.7]
      [Ext Root Scanning (ms): Min: 0.0, Avg: 0.1, Max: 0.1, Diff: 0.1, Sum: 0.6]
      [Update RS (ms): Min: 21.3, Avg: 28.2, Max: 29.5, Diff: 8.2, Sum: 225.7]
         [Processed Buffers: Min: 23, Avg: 27.3, Max: 30, Diff: 7, Sum: 218]
      [Scan RS (ms): Min: 16.5, Avg: 16.7, Max: 17.1, Diff: 0.6, Sum: 134.0]
      [Code Root Scanning (ms): Min: 0.0, Avg: 0.0, Max: 0.0, Diff: 0.0, Sum: 0.0]
      [Object Copy (ms): Min: 133.9, Avg: 134.0, Max: 134.1, Diff: 0.3, Sum: 1072.1]
      [Termination (ms): Min: 0.0, Avg: 0.1, Max: 0.2, Diff: 0.2, Sum: 1.2]
         [Termination Attempts: Min: 1, Avg: 1106.6, Max: 1377, Diff: 1376, Sum: 8853]
      [GC Worker Other (ms): Min: 0.0, Avg: 0.1, Max: 0.1, Diff: 0.1, Sum: 0.4]
      [GC Worker Total (ms): Min: 172.6, Avg: 179.3, Max: 180.3, Diff: 7.7, Sum: 1434.0]
      [GC Worker End (ms): Min: 38198.2, Avg: 38198.3, Max: 38198.3, Diff: 0.1]
   [Code Root Fixup: 0.0 ms]
   [Code Root Purge: 0.0 ms]
   [Clear CT: 0.2 ms]
   [Other: 1.0 ms]
      [Choose CSet: 0.0 ms]
      [Ref Proc: 0.2 ms]
      [Ref Enq: 0.0 ms]
      [Redirty Cards: 0.3 ms]
      [Humongous Register: 0.1 ms]
      [Humongous Reclaim: 0.0 ms]
      [Free CSet: 0.3 ms]
   [Eden: 290.0M(290.0M)->0.0B(286.0M) Survivors: 41.0M->42.0M Heap: 996.1M(2048.0M)->998.6M(2048.0M)]
 [Times: user=1.44 sys=0.03, real=0.18 secs] 
2020-09-29T11:53:52.745+0200: 38.215: [GC pause (G1 Humongous Allocation) (young) (initial-mark), 0.0534130 secs]
   [Parallel Time: 52.5 ms, GC Workers: 8]
      [GC Worker Start (ms): Min: 38215.4, Avg: 38215.5, Max: 38215.6, Diff: 0.2]
      [Ext Root Scanning (ms): Min: 0.0, Avg: 0.4, Max: 2.0, Diff: 2.0, Sum: 3.3]
      [Update RS (ms): Min: 25.8, Avg: 27.5, Max: 28.1, Diff: 2.3, Sum: 220.2]
         [Processed Buffers: Min: 32, Avg: 34.0, Max: 36, Diff: 4, Sum: 272]
      [Scan RS (ms): Min: 2.4, Avg: 2.6, Max: 2.9, Diff: 0.6, Sum: 21.2]
      [Code Root Scanning (ms): Min: 0.0, Avg: 0.0, Max: 0.0, Diff: 0.0, Sum: 0.0]
      [Object Copy (ms): Min: 21.7, Avg: 21.7, Max: 21.8, Diff: 0.1, Sum: 173.8]
      [Termination (ms): Min: 0.0, Avg: 0.0, Max: 0.0, Diff: 0.0, Sum: 0.0]
         [Termination Attempts: Min: 1, Avg: 18.8, Max: 30, Diff: 29, Sum: 150]
      [GC Worker Other (ms): Min: 0.0, Avg: 0.0, Max: 0.0, Diff: 0.0, Sum: 0.2]
      [GC Worker Total (ms): Min: 52.2, Avg: 52.3, Max: 52.4, Diff: 0.2, Sum: 418.7]
      [GC Worker End (ms): Min: 38267.8, Avg: 38267.8, Max: 38267.8, Diff: 0.0]
   [Code Root Fixup: 0.0 ms]
   [Code Root Purge: 0.0 ms]
   [Clear CT: 0.1 ms]
   [Other: 0.8 ms]
      [Choose CSet: 0.0 ms]
      [Ref Proc: 0.2 ms]
      [Ref Enq: 0.0 ms]
      [Redirty Cards: 0.2 ms]
      [Humongous Register: 0.0 ms]
      [Humongous Reclaim: 0.0 ms]
      [Free CSet: 0.1 ms]
   [Eden: 8192.0K(286.0M)->0.0B(331.0M) Survivors: 42.0M->10.0M Heap: 1006.6M(2048.0M)->1010.6M(2048.0M)]
 [Times: user=0.38 sys=0.00, real=0.05 secs] 
2020-09-29T11:53:52.798+0200: 38.269: [GC concurrent-root-region-scan-start]
2020-09-29T11:53:52.801+0200: 38.271: [GC concurrent-root-region-scan-end, 0.0023944 secs]
2020-09-29T11:53:52.801+0200: 38.271: [GC concurrent-mark-start]
2020-09-29T11:53:52.804+0200: 38.274: [GC concurrent-mark-end, 0.0023290 secs]
2020-09-29T11:53:52.804+0200: 38.274: [GC remark 2020-09-29T11:53:52.804+0200: 38.274: [Finalize Marking, 0.0002092 secs] 2020-09-29T11:53:52.804+0200: 38.274: [GC ref-proc, 0.0003221 secs] 2020-09-29T11:53:52.804+0200: 38.274: [Unloading, 0.0003233 secs], 0.0011334 secs]
 [Times: user=0.00 sys=0.00, real=0.00 secs] 
2020-09-29T11:53:52.805+0200: 38.275: [GC cleanup 1021M->32M(2048M), 0.0011523 secs]
 [Times: user=0.00 sys=0.00, real=0.00 secs] 
2020-09-29T11:53:52.806+0200: 38.276: [GC concurrent-cleanup-start]
2020-09-29T11:53:52.807+0200: 38.278: [GC concurrent-cleanup-end, 0.0012109 secs]
2020-09-29T11:53:52.996+0200: 38.467: [GC pause (G1 Evacuation Pause) (young), 0.1780872 secs]
   [Parallel Time: 176.8 ms, GC Workers: 8]
      [GC Worker Start (ms): Min: 38466.8, Avg: 38466.9, Max: 38467.0, Diff: 0.2]
      [Ext Root Scanning (ms): Min: 0.0, Avg: 0.1, Max: 0.2, Diff: 0.2, Sum: 0.6]
      [Update RS (ms): Min: 22.8, Avg: 23.1, Max: 23.3, Diff: 0.5, Sum: 184.5]
         [Processed Buffers: Min: 21, Avg: 21.9, Max: 23, Diff: 2, Sum: 175]
      [Scan RS (ms): Min: 18.9, Avg: 19.1, Max: 19.5, Diff: 0.6, Sum: 153.0]
      [Code Root Scanning (ms): Min: 0.0, Avg: 0.0, Max: 0.0, Diff: 0.0, Sum: 0.0]
      [Object Copy (ms): Min: 134.1, Avg: 134.1, Max: 134.2, Diff: 0.1, Sum: 1073.1]
      [Termination (ms): Min: 0.0, Avg: 0.1, Max: 0.1, Diff: 0.1, Sum: 0.4]
         [Termination Attempts: Min: 1, Avg: 346.9, Max: 507, Diff: 506, Sum: 2775]
      [GC Worker Other (ms): Min: 0.0, Avg: 0.1, Max: 0.1, Diff: 0.0, Sum: 0.4]
      [GC Worker Total (ms): Min: 176.5, Avg: 176.5, Max: 176.6, Diff: 0.1, Sum: 1412.1]
      [GC Worker End (ms): Min: 38643.4, Avg: 38643.5, Max: 38643.5, Diff: 0.1]
   [Code Root Fixup: 0.0 ms]
   [Code Root Purge: 0.0 ms]
   [Clear CT: 0.2 ms]
   [Other: 1.1 ms]
      [Choose CSet: 0.0 ms]
      [Ref Proc: 0.4 ms]
      [Ref Enq: 0.0 ms]
      [Redirty Cards: 0.2 ms]
      [Humongous Register: 0.0 ms]
      [Humongous Reclaim: 0.0 ms]
      [Free CSet: 0.2 ms]
   [Eden: 331.0M(331.0M)->0.0B(296.0M) Survivors: 10.0M->43.0M Heap: 407.8M(2048.0M)->399.8M(2048.0M)]
 [Times: user=1.33 sys=0.05, real=0.18 secs] 
2020-09-29T11:53:53.344+0200: 38.814: [GC pause (G1 Evacuation Pause) (young), 0.1981480 secs]
   [Parallel Time: 197.0 ms, GC Workers: 8]
      [GC Worker Start (ms): Min: 38814.3, Avg: 38814.4, Max: 38814.5, Diff: 0.2]
      [Ext Root Scanning (ms): Min: 0.0, Avg: 0.1, Max: 0.1, Diff: 0.1, Sum: 0.5]
      [Update RS (ms): Min: 18.5, Avg: 19.5, Max: 24.1, Diff: 5.6, Sum: 156.0]
         [Processed Buffers: Min: 0, Avg: 16.8, Max: 21, Diff: 21, Sum: 134]
      [Scan RS (ms): Min: 21.0, Avg: 25.5, Max: 26.5, Diff: 5.5, Sum: 203.8]
      [Code Root Scanning (ms): Min: 0.0, Avg: 0.0, Max: 0.0, Diff: 0.0, Sum: 0.0]
      [Object Copy (ms): Min: 151.4, Avg: 151.6, Max: 151.8, Diff: 0.3, Sum: 1212.5]
      [Termination (ms): Min: 0.0, Avg: 0.2, Max: 0.2, Diff: 0.2, Sum: 1.3]
         [Termination Attempts: Min: 1, Avg: 1140.8, Max: 1467, Diff: 1466, Sum: 9126]
      [GC Worker Other (ms): Min: 0.0, Avg: 0.0, Max: 0.1, Diff: 0.0, Sum: 0.3]
      [GC Worker Total (ms): Min: 196.8, Avg: 196.8, Max: 196.9, Diff: 0.1, Sum: 1574.5]
      [GC Worker End (ms): Min: 39011.2, Avg: 39011.2, Max: 39011.2, Diff: 0.0]
   [Code Root Fixup: 0.0 ms]
   [Code Root Purge: 0.0 ms]
   [Clear CT: 0.2 ms]
   [Other: 0.9 ms]
      [Choose CSet: 0.0 ms]
      [Ref Proc: 0.2 ms]
      [Ref Enq: 0.0 ms]
      [Redirty Cards: 0.2 ms]
      [Humongous Register: 0.0 ms]
      [Humongous Reclaim: 0.0 ms]
      [Free CSet: 0.3 ms]
   [Eden: 296.0M(296.0M)->0.0B(265.0M) Survivors: 43.0M->43.0M Heap: 745.4M(2048.0M)->746.9M(2048.0M)]
 [Times: user=1.56 sys=0.02, real=0.20 secs] 
2020-09-29T11:53:53.699+0200: 39.169: [GC pause (G1 Evacuation Pause) (young), 0.1462657 secs]
   [Parallel Time: 145.2 ms, GC Workers: 8]
      [GC Worker Start (ms): Min: 39169.1, Avg: 39169.2, Max: 39169.3, Diff: 0.1]
      [Ext Root Scanning (ms): Min: 0.0, Avg: 0.1, Max: 0.1, Diff: 0.1, Sum: 0.4]
      [Update RS (ms): Min: 14.0, Avg: 14.2, Max: 14.7, Diff: 0.7, Sum: 113.6]
         [Processed Buffers: Min: 15, Avg: 16.5, Max: 18, Diff: 3, Sum: 132]
      [Scan RS (ms): Min: 14.7, Avg: 15.1, Max: 15.3, Diff: 0.7, Sum: 121.0]
      [Code Root Scanning (ms): Min: 0.0, Avg: 0.0, Max: 0.0, Diff: 0.0, Sum: 0.0]
      [Object Copy (ms): Min: 115.6, Avg: 115.6, Max: 115.6, Diff: 0.1, Sum: 924.9]
      [Termination (ms): Min: 0.0, Avg: 0.0, Max: 0.0, Diff: 0.0, Sum: 0.1]
         [Termination Attempts: Min: 1, Avg: 106.1, Max: 136, Diff: 135, Sum: 849]
      [GC Worker Other (ms): Min: 0.0, Avg: 0.0, Max: 0.1, Diff: 0.0, Sum: 0.3]
      [GC Worker Total (ms): Min: 145.0, Avg: 145.1, Max: 145.1, Diff: 0.2, Sum: 1160.4]
      [GC Worker End (ms): Min: 39314.2, Avg: 39314.2, Max: 39314.3, Diff: 0.0]
   [Code Root Fixup: 0.0 ms]
   [Code Root Purge: 0.0 ms]
   [Clear CT: 0.2 ms]
   [Other: 0.9 ms]
      [Choose CSet: 0.0 ms]
      [Ref Proc: 0.2 ms]
      [Ref Enq: 0.0 ms]
      [Redirty Cards: 0.2 ms]
      [Humongous Register: 0.0 ms]
      [Humongous Reclaim: 0.0 ms]
      [Free CSet: 0.3 ms]
   [Eden: 265.0M(265.0M)->0.0B(285.0M) Survivors: 43.0M->39.0M Heap: 1055.8M(2048.0M)->1058.3M(2048.0M)]
 [Times: user=1.03 sys=0.09, real=0.15 secs] 
2020-09-29T11:53:53.851+0200: 39.321: [GC pause (G1 Humongous Allocation) (young) (initial-mark), 0.0648213 secs]
   [Parallel Time: 62.9 ms, GC Workers: 8]
      [GC Worker Start (ms): Min: 39321.2, Avg: 39321.2, Max: 39321.3, Diff: 0.2]
      [Ext Root Scanning (ms): Min: 0.0, Avg: 0.2, Max: 0.3, Diff: 0.3, Sum: 1.3]
      [Update RS (ms): Min: 35.0, Avg: 35.4, Max: 35.9, Diff: 0.8, Sum: 283.0]
         [Processed Buffers: Min: 39, Avg: 43.4, Max: 47, Diff: 8, Sum: 347]
      [Scan RS (ms): Min: 1.4, Avg: 1.9, Max: 2.2, Diff: 0.8, Sum: 15.0]
      [Code Root Scanning (ms): Min: 0.0, Avg: 0.0, Max: 0.0, Diff: 0.0, Sum: 0.0]
      [Object Copy (ms): Min: 25.3, Avg: 25.3, Max: 25.4, Diff: 0.1, Sum: 202.7]
      [Termination (ms): Min: 0.0, Avg: 0.0, Max: 0.0, Diff: 0.0, Sum: 0.2]
         [Termination Attempts: Min: 1, Avg: 171.1, Max: 211, Diff: 210, Sum: 1369]
      [GC Worker Other (ms): Min: 0.0, Avg: 0.0, Max: 0.0, Diff: 0.0, Sum: 0.1]
      [GC Worker Total (ms): Min: 62.7, Avg: 62.8, Max: 62.9, Diff: 0.2, Sum: 502.4]
      [GC Worker End (ms): Min: 39384.0, Avg: 39384.0, Max: 39384.0, Diff: 0.0]
   [Code Root Fixup: 0.0 ms]
   [Code Root Purge: 0.0 ms]
   [Clear CT: 0.3 ms]
   [Other: 1.6 ms]
      [Choose CSet: 0.0 ms]
      [Ref Proc: 0.2 ms]
      [Ref Enq: 0.0 ms]
      [Redirty Cards: 0.9 ms]
      [Humongous Register: 0.1 ms]
      [Humongous Reclaim: 0.0 ms]
      [Free CSet: 0.1 ms]
   [Eden: 1024.0K(285.0M)->0.0B(285.0M) Survivors: 39.0M->3072.0K Heap: 1059.3M(2048.0M)->1063.8M(2048.0M)]
 [Times: user=0.50 sys=0.00, real=0.06 secs] 
2020-09-29T11:53:53.916+0200: 39.386: [GC concurrent-root-region-scan-start]
2020-09-29T11:53:53.916+0200: 39.387: [GC concurrent-root-region-scan-end, 0.0007966 secs]
2020-09-29T11:53:53.916+0200: 39.387: [GC concurrent-mark-start]
2020-09-29T11:53:53.921+0200: 39.392: [GC concurrent-mark-end, 0.0031659 secs]
2020-09-29T11:53:53.922+0200: 39.392: [GC remark 2020-09-29T11:53:53.922+0200: 39.392: [Finalize Marking, 0.0016242 secs] 2020-09-29T11:53:53.923+0200: 39.394: [GC ref-proc, 0.0003538 secs] 2020-09-29T11:53:53.924+0200: 39.394: [Unloading, 0.0019577 secs], 0.0043461 secs]
 [Times: user=0.00 sys=0.00, real=0.00 secs] 
2020-09-29T11:53:53.927+0200: 39.397: [GC cleanup 1076M->27M(2048M), 0.0029724 secs]
 [Times: user=0.00 sys=0.00, real=0.00 secs] 
2020-09-29T11:53:53.930+0200: 39.400: [GC concurrent-cleanup-start]
2020-09-29T11:53:53.934+0200: 39.405: [GC concurrent-cleanup-end, 0.0048396 secs]
2020-09-29T11:53:54.070+0200: 39.541: [GC pause (G1 Evacuation Pause) (young), 0.1544115 secs]
   [Parallel Time: 153.3 ms, GC Workers: 8]
      [GC Worker Start (ms): Min: 39540.7, Avg: 39540.8, Max: 39540.8, Diff: 0.2]
      [Ext Root Scanning (ms): Min: 0.0, Avg: 0.1, Max: 0.2, Diff: 0.1, Sum: 0.5]
      [Update RS (ms): Min: 18.9, Avg: 19.2, Max: 19.5, Diff: 0.7, Sum: 153.5]
         [Processed Buffers: Min: 18, Avg: 19.6, Max: 21, Diff: 3, Sum: 157]
      [Scan RS (ms): Min: 17.0, Avg: 17.5, Max: 17.7, Diff: 0.7, Sum: 139.6]
      [Code Root Scanning (ms): Min: 0.0, Avg: 0.0, Max: 0.0, Diff: 0.0, Sum: 0.0]
      [Object Copy (ms): Min: 115.7, Avg: 116.2, Max: 116.5, Diff: 0.7, Sum: 929.8]
      [Termination (ms): Min: 0.0, Avg: 0.1, Max: 0.2, Diff: 0.2, Sum: 0.8]
         [Termination Attempts: Min: 1, Avg: 734.6, Max: 1079, Diff: 1078, Sum: 5877]
      [GC Worker Other (ms): Min: 0.0, Avg: 0.0, Max: 0.1, Diff: 0.0, Sum: 0.2]
      [GC Worker Total (ms): Min: 153.0, Avg: 153.1, Max: 153.1, Diff: 0.1, Sum: 1224.5]
      [GC Worker End (ms): Min: 39693.8, Avg: 39693.8, Max: 39693.9, Diff: 0.0]
   [Code Root Fixup: 0.0 ms]
   [Code Root Purge: 0.0 ms]
   [Clear CT: 0.2 ms]
   [Other: 1.0 ms]
      [Choose CSet: 0.0 ms]
      [Ref Proc: 0.2 ms]
      [Ref Enq: 0.0 ms]
      [Redirty Cards: 0.2 ms]
      [Humongous Register: 0.0 ms]
      [Humongous Reclaim: 0.0 ms]
      [Free CSet: 0.3 ms]
   [Eden: 285.0M(285.0M)->0.0B(262.0M) Survivors: 3072.0K->36.0M Heap: 347.7M(2048.0M)->346.7M(2048.0M)]
 [Times: user=1.17 sys=0.05, real=0.15 secs] 
2020-09-29T11:53:54.371+0200: 39.841: [GC pause (G1 Evacuation Pause) (young), 0.1549649 secs]
   [Parallel Time: 153.9 ms, GC Workers: 8]
      [GC Worker Start (ms): Min: 39841.2, Avg: 39841.3, Max: 39841.3, Diff: 0.2]
      [Ext Root Scanning (ms): Min: 0.0, Avg: 0.1, Max: 0.2, Diff: 0.2, Sum: 0.5]
      [Update RS (ms): Min: 17.9, Avg: 18.2, Max: 18.4, Diff: 0.5, Sum: 145.3]
         [Processed Buffers: Min: 20, Avg: 20.3, Max: 21, Diff: 1, Sum: 162]
      [Scan RS (ms): Min: 12.7, Avg: 12.9, Max: 13.2, Diff: 0.5, Sum: 103.1]
      [Code Root Scanning (ms): Min: 0.0, Avg: 0.0, Max: 0.0, Diff: 0.0, Sum: 0.0]
      [Object Copy (ms): Min: 122.3, Avg: 122.5, Max: 122.6, Diff: 0.2, Sum: 979.7]
      [Termination (ms): Min: 0.0, Avg: 0.1, Max: 0.1, Diff: 0.1, Sum: 0.7]
         [Termination Attempts: Min: 1, Avg: 494.6, Max: 719, Diff: 718, Sum: 3957]
      [GC Worker Other (ms): Min: 0.0, Avg: 0.0, Max: 0.0, Diff: 0.0, Sum: 0.2]
      [GC Worker Total (ms): Min: 153.6, Avg: 153.7, Max: 153.8, Diff: 0.2, Sum: 1229.6]
      [GC Worker End (ms): Min: 39995.0, Avg: 39995.0, Max: 39995.0, Diff: 0.0]
   [Code Root Fixup: 0.0 ms]
   [Code Root Purge: 0.0 ms]
   [Clear CT: 0.2 ms]
   [Other: 0.9 ms]
      [Choose CSet: 0.0 ms]
      [Ref Proc: 0.2 ms]
      [Ref Enq: 0.0 ms]
      [Redirty Cards: 0.2 ms]
      [Humongous Register: 0.0 ms]
      [Humongous Reclaim: 0.0 ms]
      [Free CSet: 0.2 ms]
   [Eden: 262.0M(262.0M)->0.0B(270.0M) Survivors: 36.0M->38.0M Heap: 652.6M(2048.0M)->654.1M(2048.0M)]
 [Times: user=1.20 sys=0.02, real=0.15 secs] 
2020-09-29T11:53:54.683+0200: 40.153: [GC pause (G1 Evacuation Pause) (young), 0.1659092 secs]
   [Parallel Time: 164.8 ms, GC Workers: 8]
      [GC Worker Start (ms): Min: 40153.3, Avg: 40153.3, Max: 40153.4, Diff: 0.1]
      [Ext Root Scanning (ms): Min: 0.0, Avg: 0.1, Max: 0.1, Diff: 0.1, Sum: 0.7]
      [Update RS (ms): Min: 21.1, Avg: 21.3, Max: 21.6, Diff: 0.5, Sum: 170.7]
         [Processed Buffers: Min: 20, Avg: 21.9, Max: 24, Diff: 4, Sum: 175]
      [Scan RS (ms): Min: 17.1, Avg: 17.3, Max: 17.7, Diff: 0.6, Sum: 138.8]
      [Code Root Scanning (ms): Min: 0.0, Avg: 0.0, Max: 0.0, Diff: 0.0, Sum: 0.0]
      [Object Copy (ms): Min: 125.4, Avg: 125.6, Max: 125.9, Diff: 0.5, Sum: 1004.8]
      [Termination (ms): Min: 0.0, Avg: 0.2, Max: 0.3, Diff: 0.3, Sum: 1.8]
         [Termination Attempts: Min: 1, Avg: 1480.1, Max: 1837, Diff: 1836, Sum: 11841]
      [GC Worker Other (ms): Min: 0.0, Avg: 0.0, Max: 0.1, Diff: 0.1, Sum: 0.3]
      [GC Worker Total (ms): Min: 164.6, Avg: 164.6, Max: 164.7, Diff: 0.1, Sum: 1317.1]
      [GC Worker End (ms): Min: 40317.9, Avg: 40318.0, Max: 40318.0, Diff: 0.1]
   [Code Root Fixup: 0.0 ms]
   [Code Root Purge: 0.0 ms]
   [Clear CT: 0.2 ms]
   [Other: 1.0 ms]
      [Choose CSet: 0.0 ms]
      [Ref Proc: 0.2 ms]
      [Ref Enq: 0.0 ms]
      [Redirty Cards: 0.2 ms]
      [Humongous Register: 0.0 ms]
      [Humongous Reclaim: 0.0 ms]
      [Free CSet: 0.3 ms]
   [Eden: 270.0M(270.0M)->0.0B(274.0M) Survivors: 38.0M->39.0M Heap: 969.8M(2048.0M)->971.3M(2048.0M)]
 [Times: user=1.33 sys=0.05, real=0.17 secs] 
2020-09-29T11:53:54.857+0200: 40.327: [GC pause (G1 Humongous Allocation) (young) (initial-mark), 0.0569205 secs]
   [Parallel Time: 56.0 ms, GC Workers: 8]
      [GC Worker Start (ms): Min: 40327.5, Avg: 40327.6, Max: 40327.7, Diff: 0.2]
      [Ext Root Scanning (ms): Min: 0.0, Avg: 0.2, Max: 0.2, Diff: 0.2, Sum: 1.2]
      [Update RS (ms): Min: 32.9, Avg: 33.1, Max: 33.3, Diff: 0.4, Sum: 264.8]
         [Processed Buffers: Min: 35, Avg: 39.3, Max: 41, Diff: 6, Sum: 314]
      [Scan RS (ms): Min: 2.6, Avg: 2.8, Max: 3.2, Diff: 0.6, Sum: 22.7]
      [Code Root Scanning (ms): Min: 0.0, Avg: 0.0, Max: 0.0, Diff: 0.0, Sum: 0.0]
      [Object Copy (ms): Min: 19.6, Avg: 19.6, Max: 19.7, Diff: 0.2, Sum: 157.2]
      [Termination (ms): Min: 0.0, Avg: 0.0, Max: 0.0, Diff: 0.0, Sum: 0.1]
         [Termination Attempts: Min: 1, Avg: 91.4, Max: 120, Diff: 119, Sum: 731]
      [GC Worker Other (ms): Min: 0.0, Avg: 0.0, Max: 0.1, Diff: 0.0, Sum: 0.2]
      [GC Worker Total (ms): Min: 55.7, Avg: 55.8, Max: 55.8, Diff: 0.2, Sum: 446.2]
      [GC Worker End (ms): Min: 40383.3, Avg: 40383.4, Max: 40383.4, Diff: 0.0]
   [Code Root Fixup: 0.0 ms]
   [Code Root Purge: 0.0 ms]
   [Clear CT: 0.2 ms]
   [Other: 0.8 ms]
      [Choose CSet: 0.0 ms]
      [Ref Proc: 0.1 ms]
      [Ref Enq: 0.0 ms]
      [Redirty Cards: 0.2 ms]
      [Humongous Register: 0.1 ms]
      [Humongous Reclaim: 0.0 ms]
      [Free CSet: 0.1 ms]
   [Eden: 8192.0K(274.0M)->0.0B(316.0M) Survivors: 39.0M->9216.0K Heap: 978.8M(2048.0M)->981.8M(2048.0M)]
 [Times: user=0.48 sys=0.00, real=0.06 secs] 
2020-09-29T11:53:54.914+0200: 40.384: [GC concurrent-root-region-scan-start]
2020-09-29T11:53:54.917+0200: 40.387: [GC concurrent-root-region-scan-end, 0.0025794 secs]
2020-09-29T11:53:54.917+0200: 40.387: [GC concurrent-mark-start]
2020-09-29T11:53:54.920+0200: 40.391: [GC concurrent-mark-end, 0.0038887 secs]
2020-09-29T11:53:54.921+0200: 40.391: [GC remark 2020-09-29T11:53:54.921+0200: 40.391: [Finalize Marking, 0.0009304 secs] 2020-09-29T11:53:54.922+0200: 40.392: [GC ref-proc, 0.0003360 secs] 2020-09-29T11:53:54.922+0200: 40.392: [Unloading, 0.0025630 secs], 0.0042578 secs]
 [Times: user=0.00 sys=0.00, real=0.00 secs] 
2020-09-29T11:53:54.925+0200: 40.396: [GC cleanup 997M->35M(2048M), 0.0018291 secs]
 [Times: user=0.00 sys=0.02, real=0.00 secs] 
2020-09-29T11:53:54.927+0200: 40.397: [GC concurrent-cleanup-start]
2020-09-29T11:53:54.929+0200: 40.399: [GC concurrent-cleanup-end, 0.0015130 secs]
2020-09-29T11:53:55.124+0200: 40.595: [GC pause (G1 Evacuation Pause) (young), 0.1871790 secs]
   [Parallel Time: 186.0 ms, GC Workers: 8]
      [GC Worker Start (ms): Min: 40594.7, Avg: 40594.8, Max: 40594.9, Diff: 0.2]
      [Ext Root Scanning (ms): Min: 0.0, Avg: 0.1, Max: 0.2, Diff: 0.2, Sum: 0.7]
      [Update RS (ms): Min: 19.8, Avg: 20.0, Max: 20.8, Diff: 1.0, Sum: 160.0]
         [Processed Buffers: Min: 16, Avg: 18.6, Max: 22, Diff: 6, Sum: 149]
      [Scan RS (ms): Min: 24.8, Avg: 25.6, Max: 25.9, Diff: 1.1, Sum: 205.1]
      [Code Root Scanning (ms): Min: 0.0, Avg: 0.0, Max: 0.0, Diff: 0.0, Sum: 0.0]
      [Object Copy (ms): Min: 139.9, Avg: 139.9, Max: 140.0, Diff: 0.1, Sum: 1119.4]
      [Termination (ms): Min: 0.0, Avg: 0.1, Max: 0.1, Diff: 0.1, Sum: 0.6]
         [Termination Attempts: Min: 1, Avg: 522.3, Max: 649, Diff: 648, Sum: 4178]
      [GC Worker Other (ms): Min: 0.0, Avg: 0.1, Max: 0.1, Diff: 0.1, Sum: 0.5]
      [GC Worker Total (ms): Min: 185.6, Avg: 185.8, Max: 185.9, Diff: 0.2, Sum: 1486.3]
      [GC Worker End (ms): Min: 40780.5, Avg: 40780.6, Max: 40780.7, Diff: 0.1]
   [Code Root Fixup: 0.0 ms]
   [Code Root Purge: 0.0 ms]
   [Clear CT: 0.2 ms]
   [Other: 1.0 ms]
      [Choose CSet: 0.0 ms]
      [Ref Proc: 0.2 ms]
      [Ref Enq: 0.0 ms]
      [Redirty Cards: 0.2 ms]
      [Humongous Register: 0.0 ms]
      [Humongous Reclaim: 0.0 ms]
      [Free CSet: 0.3 ms]
   [Eden: 316.0M(316.0M)->0.0B(267.0M) Survivors: 9216.0K->41.0M Heap: 389.9M(2048.0M)->382.9M(2048.0M)]
 [Times: user=1.38 sys=0.08, real=0.19 secs] 
2020-09-29T11:53:55.498+0200: 40.969: [GC pause (G1 Evacuation Pause) (young), 0.1915710 secs]
   [Parallel Time: 190.4 ms, GC Workers: 8]
      [GC Worker Start (ms): Min: 40968.6, Avg: 40968.7, Max: 40968.8, Diff: 0.2]
      [Ext Root Scanning (ms): Min: 0.0, Avg: 0.1, Max: 0.1, Diff: 0.1, Sum: 0.6]
      [Update RS (ms): Min: 26.4, Avg: 27.4, Max: 32.2, Diff: 5.7, Sum: 219.1]
         [Processed Buffers: Min: 0, Avg: 21.4, Max: 26, Diff: 26, Sum: 171]
      [Scan RS (ms): Min: 10.5, Avg: 15.1, Max: 16.0, Diff: 5.6, Sum: 121.0]
      [Code Root Scanning (ms): Min: 0.0, Avg: 0.0, Max: 0.0, Diff: 0.0, Sum: 0.0]
      [Object Copy (ms): Min: 147.3, Avg: 147.4, Max: 147.7, Diff: 0.4, Sum: 1179.6]
      [Termination (ms): Min: 0.0, Avg: 0.2, Max: 0.3, Diff: 0.3, Sum: 1.7]
         [Termination Attempts: Min: 1, Avg: 1651.6, Max: 1990, Diff: 1989, Sum: 13213]
      [GC Worker Other (ms): Min: 0.0, Avg: 0.0, Max: 0.1, Diff: 0.1, Sum: 0.3]
      [GC Worker Total (ms): Min: 190.2, Avg: 190.3, Max: 190.4, Diff: 0.2, Sum: 1522.3]
      [GC Worker End (ms): Min: 41159.0, Avg: 41159.0, Max: 41159.0, Diff: 0.1]
   [Code Root Fixup: 0.0 ms]
   [Code Root Purge: 0.0 ms]
   [Clear CT: 0.2 ms]
   [Other: 1.0 ms]
      [Choose CSet: 0.0 ms]
      [Ref Proc: 0.2 ms]
      [Ref Enq: 0.0 ms]
      [Redirty Cards: 0.2 ms]
      [Humongous Register: 0.1 ms]
      [Humongous Reclaim: 0.0 ms]
      [Free CSet: 0.3 ms]
   [Eden: 267.0M(267.0M)->0.0B(251.0M) Survivors: 41.0M->39.0M Heap: 693.8M(2048.0M)->695.3M(2048.0M)]
 [Times: user=1.41 sys=0.02, real=0.19 secs] 
2020-09-29T11:53:55.850+0200: 41.320: [GC pause (G1 Evacuation Pause) (young), 0.1537458 secs]
   [Parallel Time: 152.4 ms, GC Workers: 8]
      [GC Worker Start (ms): Min: 41320.0, Avg: 41320.1, Max: 41320.2, Diff: 0.2]
      [Ext Root Scanning (ms): Min: 0.0, Avg: 0.1, Max: 0.1, Diff: 0.1, Sum: 0.6]
      [Update RS (ms): Min: 20.5, Avg: 20.8, Max: 21.2, Diff: 0.6, Sum: 166.4]
         [Processed Buffers: Min: 16, Avg: 19.3, Max: 20, Diff: 4, Sum: 154]
      [Scan RS (ms): Min: 12.6, Avg: 13.1, Max: 13.4, Diff: 0.7, Sum: 104.4]
      [Code Root Scanning (ms): Min: 0.0, Avg: 0.0, Max: 0.0, Diff: 0.0, Sum: 0.0]
      [Object Copy (ms): Min: 118.2, Avg: 118.3, Max: 118.4, Diff: 0.2, Sum: 946.7]
      [Termination (ms): Min: 0.0, Avg: 0.0, Max: 0.0, Diff: 0.0, Sum: 0.1]
         [Termination Attempts: Min: 1, Avg: 132.3, Max: 172, Diff: 171, Sum: 1058]
      [GC Worker Other (ms): Min: 0.0, Avg: 0.0, Max: 0.1, Diff: 0.0, Sum: 0.3]
      [GC Worker Total (ms): Min: 152.2, Avg: 152.3, Max: 152.4, Diff: 0.2, Sum: 1218.5]
      [GC Worker End (ms): Min: 41472.4, Avg: 41472.4, Max: 41472.4, Diff: 0.0]
   [Code Root Fixup: 0.0 ms]
   [Code Root Purge: 0.0 ms]
   [Clear CT: 0.2 ms]
   [Other: 1.2 ms]
      [Choose CSet: 0.0 ms]
      [Ref Proc: 0.2 ms]
      [Ref Enq: 0.0 ms]
      [Redirty Cards: 0.3 ms]
      [Humongous Register: 0.0 ms]
      [Humongous Reclaim: 0.0 ms]
      [Free CSet: 0.3 ms]
   [Eden: 251.0M(251.0M)->0.0B(267.0M) Survivors: 39.0M->37.0M Heap: 988.2M(2048.0M)->989.7M(2048.0M)]
 [Times: user=1.09 sys=0.00, real=0.15 secs] 
2020-09-29T11:53:56.013+0200: 41.483: [GC pause (G1 Humongous Allocation) (young) (initial-mark), 0.0489444 secs]
   [Parallel Time: 47.9 ms, GC Workers: 8]
      [GC Worker Start (ms): Min: 41483.4, Avg: 41483.5, Max: 41483.6, Diff: 0.2]
      [Ext Root Scanning (ms): Min: 0.0, Avg: 0.1, Max: 0.2, Diff: 0.2, Sum: 1.1]
      [Update RS (ms): Min: 28.3, Avg: 28.6, Max: 29.2, Diff: 0.9, Sum: 228.9]
         [Processed Buffers: Min: 31, Avg: 33.8, Max: 36, Diff: 5, Sum: 270]
      [Scan RS (ms): Min: 1.8, Avg: 2.3, Max: 2.6, Diff: 0.9, Sum: 18.3]
      [Code Root Scanning (ms): Min: 0.0, Avg: 0.0, Max: 0.0, Diff: 0.0, Sum: 0.0]
      [Object Copy (ms): Min: 16.6, Avg: 16.7, Max: 16.7, Diff: 0.1, Sum: 133.5]
      [Termination (ms): Min: 0.0, Avg: 0.0, Max: 0.0, Diff: 0.0, Sum: 0.0]
         [Termination Attempts: Min: 1, Avg: 18.3, Max: 30, Diff: 29, Sum: 146]
      [GC Worker Other (ms): Min: 0.0, Avg: 0.0, Max: 0.1, Diff: 0.1, Sum: 0.2]
      [GC Worker Total (ms): Min: 47.7, Avg: 47.8, Max: 47.9, Diff: 0.2, Sum: 382.1]
      [GC Worker End (ms): Min: 41531.3, Avg: 41531.3, Max: 41531.3, Diff: 0.1]
   [Code Root Fixup: 0.0 ms]
   [Code Root Purge: 0.0 ms]
   [Clear CT: 0.2 ms]
   [Other: 0.8 ms]
      [Choose CSet: 0.0 ms]
      [Ref Proc: 0.3 ms]
      [Ref Enq: 0.0 ms]
      [Redirty Cards: 0.1 ms]
      [Humongous Register: 0.1 ms]
      [Humongous Reclaim: 0.0 ms]
      [Free CSet: 0.1 ms]
   [Eden: 2048.0K(267.0M)->0.0B(320.0M) Survivors: 37.0M->5120.0K Heap: 991.2M(2048.0M)->996.2M(2048.0M)]
 [Times: user=0.38 sys=0.00, real=0.05 secs] 
2020-09-29T11:53:56.062+0200: 41.532: [GC concurrent-root-region-scan-start]
2020-09-29T11:53:56.063+0200: 41.533: [GC concurrent-root-region-scan-end, 0.0006422 secs]
2020-09-29T11:53:56.063+0200: 41.533: [GC concurrent-mark-start]
2020-09-29T11:53:56.067+0200: 41.537: [GC concurrent-mark-end, 0.0038911 secs]
2020-09-29T11:53:56.067+0200: 41.537: [GC remark 2020-09-29T11:53:56.067+0200: 41.537: [Finalize Marking, 0.0003308 secs] 2020-09-29T11:53:56.067+0200: 41.537: [GC ref-proc, 0.0003100 secs] 2020-09-29T11:53:56.068+0200: 41.538: [Unloading, 0.0004764 secs], 0.0016501 secs]
 [Times: user=0.00 sys=0.00, real=0.00 secs] 
2020-09-29T11:53:56.069+0200: 41.539: [GC cleanup 1007M->27M(2048M), 0.0018569 secs]
 [Times: user=0.00 sys=0.00, real=0.00 secs] 
2020-09-29T11:53:56.071+0200: 41.541: [GC concurrent-cleanup-start]
2020-09-29T11:53:56.073+0200: 41.543: [GC concurrent-cleanup-end, 0.0018945 secs]
2020-09-29T11:53:56.271+0200: 41.741: [GC pause (G1 Evacuation Pause) (young), 0.2199119 secs]
   [Parallel Time: 218.7 ms, GC Workers: 8]
      [GC Worker Start (ms): Min: 41741.6, Avg: 41744.8, Max: 41753.5, Diff: 12.0]
      [Ext Root Scanning (ms): Min: 0.0, Avg: 0.1, Max: 0.1, Diff: 0.1, Sum: 0.6]
      [Update RS (ms): Min: 8.3, Avg: 17.1, Max: 20.7, Diff: 12.4, Sum: 137.2]
         [Processed Buffers: Min: 7, Avg: 15.3, Max: 20, Diff: 13, Sum: 122]
      [Scan RS (ms): Min: 19.3, Avg: 19.7, Max: 20.4, Diff: 1.1, Sum: 157.3]
      [Code Root Scanning (ms): Min: 0.0, Avg: 0.0, Max: 0.0, Diff: 0.0, Sum: 0.0]
      [Object Copy (ms): Min: 177.2, Avg: 177.6, Max: 177.8, Diff: 0.7, Sum: 1420.5]
      [Termination (ms): Min: 0.0, Avg: 0.7, Max: 1.0, Diff: 1.0, Sum: 5.5]
         [Termination Attempts: Min: 1, Avg: 4052.3, Max: 5616, Diff: 5615, Sum: 32418]
      [GC Worker Other (ms): Min: 0.0, Avg: 0.0, Max: 0.1, Diff: 0.1, Sum: 0.3]
      [GC Worker Total (ms): Min: 206.4, Avg: 215.2, Max: 218.6, Diff: 12.2, Sum: 1721.3]
      [GC Worker End (ms): Min: 41959.9, Avg: 41960.0, Max: 41960.2, Diff: 0.2]
   [Code Root Fixup: 0.0 ms]
   [Code Root Purge: 0.0 ms]
   [Clear CT: 0.2 ms]
   [Other: 1.0 ms]
      [Choose CSet: 0.0 ms]
      [Ref Proc: 0.1 ms]
      [Ref Enq: 0.0 ms]
      [Redirty Cards: 0.3 ms]
      [Humongous Register: 0.0 ms]
      [Humongous Reclaim: 0.0 ms]
      [Free CSet: 0.3 ms]
   [Eden: 320.0M(320.0M)->0.0B(245.0M) Survivors: 5120.0K->41.0M Heap: 389.9M(2048.0M)->387.9M(2048.0M)]
 [Times: user=1.41 sys=0.06, real=0.22 secs] 
2020-09-29T11:53:56.746+0200: 42.216: [GC pause (G1 Evacuation Pause) (young), 0.3581022 secs]
   [Parallel Time: 356.2 ms, GC Workers: 8]
      [GC Worker Start (ms): Min: 42216.3, Avg: 42219.6, Max: 42242.5, Diff: 26.3]
      [Ext Root Scanning (ms): Min: 0.0, Avg: 0.1, Max: 0.2, Diff: 0.2, Sum: 0.9]
      [Update RS (ms): Min: 6.0, Avg: 29.3, Max: 34.7, Diff: 28.7, Sum: 234.0]
         [Processed Buffers: Min: 3, Avg: 16.6, Max: 21, Diff: 18, Sum: 133]
      [Scan RS (ms): Min: 37.3, Avg: 40.0, Max: 41.7, Diff: 4.4, Sum: 319.9]
      [Code Root Scanning (ms): Min: 0.0, Avg: 0.0, Max: 0.0, Diff: 0.0, Sum: 0.1]
      [Object Copy (ms): Min: 281.7, Avg: 283.1, Max: 283.8, Diff: 2.0, Sum: 2265.0]
      [Termination (ms): Min: 0.0, Avg: 0.1, Max: 0.2, Diff: 0.2, Sum: 1.1]
         [Termination Attempts: Min: 1, Avg: 506.5, Max: 675, Diff: 674, Sum: 4052]
      [GC Worker Other (ms): Min: 0.0, Avg: 0.1, Max: 0.1, Diff: 0.1, Sum: 0.5]
      [GC Worker Total (ms): Min: 329.8, Avg: 352.7, Max: 356.1, Diff: 26.2, Sum: 2821.4]
      [GC Worker End (ms): Min: 42572.3, Avg: 42572.3, Max: 42572.3, Diff: 0.1]
   [Code Root Fixup: 0.0 ms]
   [Code Root Purge: 0.0 ms]
   [Clear CT: 0.4 ms]
   [Other: 1.5 ms]
      [Choose CSet: 0.0 ms]
      [Ref Proc: 0.3 ms]
      [Ref Enq: 0.0 ms]
      [Redirty Cards: 0.5 ms]
      [Humongous Register: 0.1 ms]
      [Humongous Reclaim: 0.0 ms]
      [Free CSet: 0.3 ms]
   [Eden: 245.0M(245.0M)->0.0B(114.0M) Survivors: 41.0M->36.0M Heap: 674.9M(2048.0M)->676.4M(2048.0M)]
 [Times: user=2.49 sys=0.08, real=0.36 secs] 
2020-09-29T11:53:57.251+0200: 42.722: [GC pause (G1 Evacuation Pause) (young), 0.1592279 secs]
   [Parallel Time: 157.6 ms, GC Workers: 8]
      [GC Worker Start (ms): Min: 42721.9, Avg: 42722.6, Max: 42726.9, Diff: 5.0]
      [Ext Root Scanning (ms): Min: 0.0, Avg: 0.2, Max: 0.5, Diff: 0.5, Sum: 1.5]
      [Update RS (ms): Min: 19.3, Avg: 23.6, Max: 25.2, Diff: 5.8, Sum: 188.4]
         [Processed Buffers: Min: 10, Avg: 14.9, Max: 17, Diff: 7, Sum: 119]
      [Scan RS (ms): Min: 7.8, Avg: 8.8, Max: 9.3, Diff: 1.5, Sum: 70.6]
      [Code Root Scanning (ms): Min: 0.0, Avg: 0.0, Max: 0.0, Diff: 0.0, Sum: 0.0]
      [Object Copy (ms): Min: 124.0, Avg: 124.1, Max: 124.2, Diff: 0.2, Sum: 992.9]
      [Termination (ms): Min: 0.0, Avg: 0.1, Max: 0.2, Diff: 0.1, Sum: 1.1]
         [Termination Attempts: Min: 1, Avg: 276.1, Max: 365, Diff: 364, Sum: 2209]
      [GC Worker Other (ms): Min: 0.0, Avg: 0.0, Max: 0.0, Diff: 0.0, Sum: 0.2]
      [GC Worker Total (ms): Min: 152.5, Avg: 156.8, Max: 157.5, Diff: 5.0, Sum: 1254.8]
      [GC Worker End (ms): Min: 42879.4, Avg: 42879.5, Max: 42879.5, Diff: 0.0]
   [Code Root Fixup: 0.0 ms]
   [Code Root Purge: 0.0 ms]
   [Clear CT: 0.2 ms]
   [Other: 1.4 ms]
      [Choose CSet: 0.0 ms]
      [Ref Proc: 0.2 ms]
      [Ref Enq: 0.0 ms]
      [Redirty Cards: 0.5 ms]
      [Humongous Register: 0.1 ms]
      [Humongous Reclaim: 0.0 ms]
      [Free CSet: 0.3 ms]
   [Eden: 114.0M(114.0M)->0.0B(131.0M) Survivors: 36.0M->19.0M Heap: 809.4M(2048.0M)->810.9M(2048.0M)]
 [Times: user=1.13 sys=0.00, real=0.16 secs] 
2020-09-29T11:53:57.544+0200: 43.015: [GC pause (G1 Evacuation Pause) (young), 0.1442054 secs]
   [Parallel Time: 142.5 ms, GC Workers: 8]
      [GC Worker Start (ms): Min: 43015.2, Avg: 43015.9, Max: 43020.2, Diff: 5.0]
      [Ext Root Scanning (ms): Min: 0.0, Avg: 0.1, Max: 0.2, Diff: 0.2, Sum: 1.0]
      [Update RS (ms): Min: 17.8, Avg: 20.8, Max: 21.8, Diff: 3.9, Sum: 166.7]
         [Processed Buffers: Min: 11, Avg: 12.9, Max: 14, Diff: 3, Sum: 103]
      [Scan RS (ms): Min: 8.1, Avg: 9.3, Max: 9.8, Diff: 1.7, Sum: 74.1]
      [Code Root Scanning (ms): Min: 0.0, Avg: 0.0, Max: 0.0, Diff: 0.0, Sum: 0.0]
      [Object Copy (ms): Min: 111.1, Avg: 111.2, Max: 111.3, Diff: 0.2, Sum: 889.8]
      [Termination (ms): Min: 0.0, Avg: 0.1, Max: 0.1, Diff: 0.1, Sum: 0.8]
         [Termination Attempts: Min: 1, Avg: 361.6, Max: 447, Diff: 446, Sum: 2893]
      [GC Worker Other (ms): Min: 0.0, Avg: 0.0, Max: 0.1, Diff: 0.1, Sum: 0.4]
      [GC Worker Total (ms): Min: 137.3, Avg: 141.6, Max: 142.3, Diff: 5.0, Sum: 1132.8]
      [GC Worker End (ms): Min: 43157.5, Avg: 43157.5, Max: 43157.6, Diff: 0.1]
   [Code Root Fixup: 0.0 ms]
   [Code Root Purge: 0.0 ms]
   [Clear CT: 0.3 ms]
   [Other: 1.4 ms]
      [Choose CSet: 0.0 ms]
      [Ref Proc: 0.4 ms]
      [Ref Enq: 0.0 ms]
      [Redirty Cards: 0.4 ms]
      [Humongous Register: 0.1 ms]
      [Humongous Reclaim: 0.0 ms]
      [Free CSet: 0.2 ms]
   [Eden: 131.0M(131.0M)->0.0B(141.0M) Survivors: 19.0M->19.0M Heap: 962.9M(2048.0M)->964.9M(2048.0M)]
 [Times: user=1.08 sys=0.01, real=0.14 secs] 
2020-09-29T11:53:57.695+0200: 43.166: [GC pause (G1 Humongous Allocation) (young) (initial-mark), 0.0535945 secs]
   [Parallel Time: 51.9 ms, GC Workers: 8]
      [GC Worker Start (ms): Min: 43165.9, Avg: 43166.0, Max: 43166.1, Diff: 0.2]
      [Ext Root Scanning (ms): Min: 0.1, Avg: 0.1, Max: 0.2, Diff: 0.1, Sum: 1.2]
      [Update RS (ms): Min: 29.8, Avg: 30.3, Max: 30.9, Diff: 1.1, Sum: 242.3]
         [Processed Buffers: Min: 20, Avg: 21.0, Max: 22, Diff: 2, Sum: 168]
      [Scan RS (ms): Min: 1.1, Avg: 1.8, Max: 2.3, Diff: 1.2, Sum: 14.3]
      [Code Root Scanning (ms): Min: 0.0, Avg: 0.0, Max: 0.0, Diff: 0.0, Sum: 0.0]
      [Object Copy (ms): Min: 18.9, Avg: 19.0, Max: 19.0, Diff: 0.1, Sum: 151.7]
      [Termination (ms): Min: 0.0, Avg: 0.2, Max: 0.5, Diff: 0.5, Sum: 1.4]
         [Termination Attempts: Min: 1, Avg: 55.5, Max: 79, Diff: 78, Sum: 444]
      [GC Worker Other (ms): Min: 0.0, Avg: 0.0, Max: 0.0, Diff: 0.0, Sum: 0.1]
      [GC Worker Total (ms): Min: 51.2, Avg: 51.4, Max: 51.7, Diff: 0.5, Sum: 411.0]
      [GC Worker End (ms): Min: 43217.3, Avg: 43217.4, Max: 43217.7, Diff: 0.4]
   [Code Root Fixup: 0.0 ms]
   [Code Root Purge: 0.0 ms]
   [Clear CT: 0.5 ms]
   [Other: 1.2 ms]
      [Choose CSet: 0.0 ms]
      [Ref Proc: 0.3 ms]
      [Ref Enq: 0.0 ms]
      [Redirty Cards: 0.3 ms]
      [Humongous Register: 0.1 ms]
      [Humongous Reclaim: 0.0 ms]
      [Free CSet: 0.1 ms]
   [Eden: 3072.0K(141.0M)->0.0B(166.0M) Survivors: 19.0M->6144.0K Heap: 967.9M(2048.0M)->971.9M(2048.0M)]
 [Times: user=0.38 sys=0.00, real=0.05 secs] 
2020-09-29T11:53:57.749+0200: 43.220: [GC concurrent-root-region-scan-start]
2020-09-29T11:53:57.751+0200: 43.221: [GC concurrent-root-region-scan-end, 0.0019513 secs]
2020-09-29T11:53:57.751+0200: 43.222: [GC concurrent-mark-start]
2020-09-29T11:53:57.757+0200: 43.227: [GC concurrent-mark-end, 0.0052431 secs]
2020-09-29T11:53:57.757+0200: 43.228: [GC remark 2020-09-29T11:53:57.757+0200: 43.228: [Finalize Marking, 0.0005239 secs] 2020-09-29T11:53:57.758+0200: 43.228: [GC ref-proc, 0.0006596 secs] 2020-09-29T11:53:57.759+0200: 43.229: [Unloading, 0.0007830 secs], 0.0026654 secs]
 [Times: user=0.00 sys=0.00, real=0.00 secs] 
2020-09-29T11:53:57.761+0200: 43.231: [GC cleanup 982M->28M(2048M), 0.0020384 secs]
 [Times: user=0.00 sys=0.00, real=0.00 secs] 
2020-09-29T11:53:57.763+0200: 43.233: [GC concurrent-cleanup-start]
2020-09-29T11:53:57.765+0200: 43.236: [GC concurrent-cleanup-end, 0.0022243 secs]
2020-09-29T11:53:57.915+0200: 43.386: [GC pause (G1 Evacuation Pause) (young), 0.1803528 secs]
   [Parallel Time: 178.7 ms, GC Workers: 8]
      [GC Worker Start (ms): Min: 43386.1, Avg: 43387.9, Max: 43397.5, Diff: 11.5]
      [Ext Root Scanning (ms): Min: 0.0, Avg: 0.1, Max: 0.3, Diff: 0.3, Sum: 0.7]
      [Update RS (ms): Min: 9.6, Avg: 20.0, Max: 25.8, Diff: 16.2, Sum: 160.3]
         [Processed Buffers: Min: 6, Avg: 11.5, Max: 14, Diff: 8, Sum: 92]
      [Scan RS (ms): Min: 9.1, Avg: 14.7, Max: 19.9, Diff: 10.8, Sum: 117.6]
      [Code Root Scanning (ms): Min: 0.0, Avg: 0.0, Max: 0.0, Diff: 0.0, Sum: 0.0]
      [Object Copy (ms): Min: 137.5, Avg: 141.8, Max: 142.5, Diff: 5.0, Sum: 1134.8]
      [Termination (ms): Min: 0.0, Avg: 0.0, Max: 0.0, Diff: 0.0, Sum: 0.1]
         [Termination Attempts: Min: 1, Avg: 26.5, Max: 39, Diff: 38, Sum: 212]
      [GC Worker Other (ms): Min: 0.0, Avg: 0.0, Max: 0.1, Diff: 0.1, Sum: 0.4]
      [GC Worker Total (ms): Min: 167.0, Avg: 176.7, Max: 178.5, Diff: 11.5, Sum: 1413.9]
      [GC Worker End (ms): Min: 43564.6, Avg: 43564.6, Max: 43564.6, Diff: 0.1]
   [Code Root Fixup: 0.0 ms]
   [Code Root Purge: 0.0 ms]
   [Clear CT: 0.5 ms]
   [Other: 1.2 ms]
      [Choose CSet: 0.0 ms]
      [Ref Proc: 0.2 ms]
      [Ref Enq: 0.0 ms]
      [Redirty Cards: 0.3 ms]
      [Humongous Register: 0.1 ms]
      [Humongous Reclaim: 0.0 ms]
      [Free CSet: 0.2 ms]
   [Eden: 166.0M(166.0M)->0.0B(146.0M) Survivors: 6144.0K->22.0M Heap: 212.1M(2048.0M)->209.1M(2048.0M)]
 [Times: user=1.30 sys=0.02, real=0.18 secs] 
2020-09-29T11:53:58.383+0200: 43.853: [GC pause (G1 Evacuation Pause) (young), 0.2070230 secs]
   [Parallel Time: 205.4 ms, GC Workers: 8]
      [GC Worker Start (ms): Min: 43853.5, Avg: 43855.2, Max: 43866.1, Diff: 12.6]
      [Ext Root Scanning (ms): Min: 0.0, Avg: 0.1, Max: 0.2, Diff: 0.2, Sum: 1.0]
      [Update RS (ms): Min: 4.1, Avg: 15.7, Max: 24.0, Diff: 19.9, Sum: 125.5]
         [Processed Buffers: Min: 6, Avg: 9.6, Max: 14, Diff: 8, Sum: 77]
      [Scan RS (ms): Min: 10.1, Avg: 17.1, Max: 18.7, Diff: 8.6, Sum: 136.8]
      [Code Root Scanning (ms): Min: 0.0, Avg: 0.0, Max: 0.0, Diff: 0.0, Sum: 0.0]
      [Object Copy (ms): Min: 169.7, Avg: 170.4, Max: 170.8, Diff: 1.1, Sum: 1363.6]
      [Termination (ms): Min: 0.1, Avg: 0.2, Max: 0.2, Diff: 0.2, Sum: 1.5]
         [Termination Attempts: Min: 1, Avg: 466.1, Max: 575, Diff: 574, Sum: 3729]
      [GC Worker Other (ms): Min: 0.0, Avg: 0.0, Max: 0.0, Diff: 0.0, Sum: 0.2]
      [GC Worker Total (ms): Min: 192.7, Avg: 203.6, Max: 205.2, Diff: 12.6, Sum: 1628.6]
      [GC Worker End (ms): Min: 44058.7, Avg: 44058.7, Max: 44058.8, Diff: 0.0]
   [Code Root Fixup: 0.0 ms]
   [Code Root Purge: 0.0 ms]
   [Clear CT: 0.2 ms]
   [Other: 1.4 ms]
      [Choose CSet: 0.0 ms]
      [Ref Proc: 0.3 ms]
      [Ref Enq: 0.0 ms]
      [Redirty Cards: 0.3 ms]
      [Humongous Register: 0.1 ms]
      [Humongous Reclaim: 0.0 ms]
      [Free CSet: 0.3 ms]
   [Eden: 146.0M(146.0M)->0.0B(129.0M) Survivors: 22.0M->21.0M Heap: 379.9M(2048.0M)->380.9M(2048.0M)]
 [Times: user=1.50 sys=0.00, real=0.21 secs] 
2020-09-29T11:53:58.725+0200: 44.195: [GC pause (G1 Evacuation Pause) (young), 0.1326869 secs]
   [Parallel Time: 131.0 ms, GC Workers: 8]
      [GC Worker Start (ms): Min: 44195.1, Avg: 44195.2, Max: 44195.3, Diff: 0.2]
      [Ext Root Scanning (ms): Min: 0.0, Avg: 0.1, Max: 0.2, Diff: 0.2, Sum: 0.8]
      [Update RS (ms): Min: 15.1, Avg: 15.4, Max: 15.8, Diff: 0.6, Sum: 123.1]
         [Processed Buffers: Min: 10, Avg: 10.5, Max: 13, Diff: 3, Sum: 84]
      [Scan RS (ms): Min: 10.6, Avg: 11.0, Max: 11.3, Diff: 0.6, Sum: 87.9]
      [Code Root Scanning (ms): Min: 0.0, Avg: 0.0, Max: 0.0, Diff: 0.0, Sum: 0.0]
      [Object Copy (ms): Min: 103.9, Avg: 104.0, Max: 104.1, Diff: 0.2, Sum: 832.4]
      [Termination (ms): Min: 0.0, Avg: 0.0, Max: 0.1, Diff: 0.1, Sum: 0.3]
         [Termination Attempts: Min: 1, Avg: 145.4, Max: 179, Diff: 178, Sum: 1163]
      [GC Worker Other (ms): Min: 0.0, Avg: 0.0, Max: 0.1, Diff: 0.1, Sum: 0.3]
      [GC Worker Total (ms): Min: 130.5, Avg: 130.6, Max: 130.7, Diff: 0.3, Sum: 1044.9]
      [GC Worker End (ms): Min: 44325.8, Avg: 44325.8, Max: 44325.9, Diff: 0.1]
   [Code Root Fixup: 0.0 ms]
   [Code Root Purge: 0.0 ms]
   [Clear CT: 0.4 ms]
   [Other: 1.3 ms]
      [Choose CSet: 0.0 ms]
      [Ref Proc: 0.3 ms]
      [Ref Enq: 0.0 ms]
      [Redirty Cards: 0.3 ms]
      [Humongous Register: 0.1 ms]
      [Humongous Reclaim: 0.0 ms]
      [Free CSet: 0.2 ms]
   [Eden: 129.0M(129.0M)->0.0B(146.0M) Survivors: 21.0M->19.0M Heap: 530.9M(2048.0M)->532.4M(2048.0M)]
 [Times: user=0.98 sys=0.00, real=0.13 secs] 
2020-09-29T11:53:58.995+0200: 44.465: [GC pause (G1 Evacuation Pause) (young), 0.1474934 secs]
   [Parallel Time: 145.9 ms, GC Workers: 8]
      [GC Worker Start (ms): Min: 44465.5, Avg: 44465.6, Max: 44465.7, Diff: 0.2]
      [Ext Root Scanning (ms): Min: 0.0, Avg: 0.1, Max: 0.2, Diff: 0.2, Sum: 0.8]
      [Update RS (ms): Min: 15.3, Avg: 15.4, Max: 15.6, Diff: 0.3, Sum: 123.5]
         [Processed Buffers: Min: 10, Avg: 11.1, Max: 14, Diff: 4, Sum: 89]
      [Scan RS (ms): Min: 12.3, Avg: 12.5, Max: 12.5, Diff: 0.2, Sum: 99.6]
      [Code Root Scanning (ms): Min: 0.0, Avg: 0.0, Max: 0.0, Diff: 0.0, Sum: 0.0]
      [Object Copy (ms): Min: 117.5, Avg: 117.6, Max: 117.6, Diff: 0.1, Sum: 940.4]
      [Termination (ms): Min: 0.0, Avg: 0.0, Max: 0.0, Diff: 0.0, Sum: 0.3]
         [Termination Attempts: Min: 1, Avg: 130.1, Max: 165, Diff: 164, Sum: 1041]
      [GC Worker Other (ms): Min: 0.0, Avg: 0.0, Max: 0.1, Diff: 0.0, Sum: 0.2]
      [GC Worker Total (ms): Min: 145.5, Avg: 145.6, Max: 145.8, Diff: 0.3, Sum: 1165.0]
      [GC Worker End (ms): Min: 44611.2, Avg: 44611.2, Max: 44611.3, Diff: 0.0]
   [Code Root Fixup: 0.0 ms]
   [Code Root Purge: 0.0 ms]
   [Clear CT: 0.3 ms]
   [Other: 1.3 ms]
      [Choose CSet: 0.0 ms]
      [Ref Proc: 0.4 ms]
      [Ref Enq: 0.0 ms]
      [Redirty Cards: 0.3 ms]
      [Humongous Register: 0.1 ms]
      [Humongous Reclaim: 0.0 ms]
      [Free CSet: 0.2 ms]
   [Eden: 146.0M(146.0M)->0.0B(155.0M) Survivors: 19.0M->21.0M Heap: 703.2M(2048.0M)->705.2M(2048.0M)]
 [Times: user=1.13 sys=0.00, real=0.15 secs] 
2020-09-29T11:53:59.284+0200: 44.754: [GC pause (G1 Evacuation Pause) (young), 0.1590475 secs]
   [Parallel Time: 157.4 ms, GC Workers: 8]
      [GC Worker Start (ms): Min: 44754.5, Avg: 44754.6, Max: 44754.7, Diff: 0.2]
      [Ext Root Scanning (ms): Min: 0.0, Avg: 0.1, Max: 0.2, Diff: 0.2, Sum: 0.9]
      [Update RS (ms): Min: 15.4, Avg: 15.9, Max: 16.4, Diff: 1.1, Sum: 127.4]
         [Processed Buffers: Min: 10, Avg: 10.3, Max: 11, Diff: 1, Sum: 82]
      [Scan RS (ms): Min: 14.1, Avg: 14.5, Max: 15.0, Diff: 1.0, Sum: 116.2]
      [Code Root Scanning (ms): Min: 0.0, Avg: 0.0, Max: 0.0, Diff: 0.0, Sum: 0.0]
      [Object Copy (ms): Min: 126.3, Avg: 126.4, Max: 126.5, Diff: 0.2, Sum: 1011.4]
      [Termination (ms): Min: 0.0, Avg: 0.1, Max: 0.1, Diff: 0.1, Sum: 0.4]
         [Termination Attempts: Min: 1, Avg: 176.9, Max: 212, Diff: 211, Sum: 1415]
      [GC Worker Other (ms): Min: 0.0, Avg: 0.0, Max: 0.1, Diff: 0.0, Sum: 0.3]
      [GC Worker Total (ms): Min: 157.0, Avg: 157.1, Max: 157.2, Diff: 0.2, Sum: 1256.5]
      [GC Worker End (ms): Min: 44911.7, Avg: 44911.7, Max: 44911.7, Diff: 0.0]
   [Code Root Fixup: 0.0 ms]
   [Code Root Purge: 0.0 ms]
   [Clear CT: 0.4 ms]
   [Other: 1.2 ms]
      [Choose CSet: 0.0 ms]
      [Ref Proc: 0.3 ms]
      [Ref Enq: 0.0 ms]
      [Redirty Cards: 0.3 ms]
      [Humongous Register: 0.1 ms]
      [Humongous Reclaim: 0.0 ms]
      [Free CSet: 0.2 ms]
   [Eden: 155.0M(155.0M)->0.0B(162.0M) Survivors: 21.0M->22.0M Heap: 885.0M(2048.0M)->886.5M(2048.0M)]
 [Times: user=1.38 sys=0.00, real=0.16 secs] 
2020-09-29T11:53:59.592+0200: 45.062: [GC pause (G1 Evacuation Pause) (young), 0.1909403 secs]
   [Parallel Time: 189.2 ms, GC Workers: 8]
      [GC Worker Start (ms): Min: 45062.4, Avg: 45062.5, Max: 45062.6, Diff: 0.2]
      [Ext Root Scanning (ms): Min: 0.0, Avg: 0.1, Max: 0.2, Diff: 0.2, Sum: 0.9]
      [Update RS (ms): Min: 17.4, Avg: 17.7, Max: 18.3, Diff: 1.0, Sum: 141.8]
         [Processed Buffers: Min: 10, Avg: 11.1, Max: 13, Diff: 3, Sum: 89]
      [Scan RS (ms): Min: 13.7, Avg: 14.4, Max: 15.0, Diff: 1.3, Sum: 115.5]
      [Code Root Scanning (ms): Min: 0.0, Avg: 0.0, Max: 0.0, Diff: 0.0, Sum: 0.0]
      [Object Copy (ms): Min: 155.8, Avg: 156.6, Max: 156.8, Diff: 0.9, Sum: 1252.8]
      [Termination (ms): Min: 0.0, Avg: 0.0, Max: 0.0, Diff: 0.0, Sum: 0.3]
         [Termination Attempts: Min: 1, Avg: 126.0, Max: 164, Diff: 163, Sum: 1008]
      [GC Worker Other (ms): Min: 0.0, Avg: 0.0, Max: 0.1, Diff: 0.1, Sum: 0.3]
      [GC Worker Total (ms): Min: 188.8, Avg: 188.9, Max: 189.1, Diff: 0.3, Sum: 1511.6]
      [GC Worker End (ms): Min: 45251.4, Avg: 45251.5, Max: 45251.5, Diff: 0.1]
   [Code Root Fixup: 0.0 ms]
   [Code Root Purge: 0.0 ms]
   [Clear CT: 0.3 ms]
   [Other: 1.4 ms]
      [Choose CSet: 0.0 ms]
      [Ref Proc: 0.5 ms]
      [Ref Enq: 0.0 ms]
      [Redirty Cards: 0.4 ms]
      [Humongous Register: 0.1 ms]
      [Humongous Reclaim: 0.0 ms]
      [Free CSet: 0.2 ms]
   [Eden: 162.0M(162.0M)->0.0B(157.0M) Survivors: 22.0M->23.0M Heap: 1075.2M(2048.0M)->1076.7M(2048.0M)]
 [Times: user=1.38 sys=0.00, real=0.19 secs] 
2020-09-29T11:53:59.784+0200: 45.254: [GC pause (G1 Humongous Allocation) (young) (initial-mark), 0.0814641 secs]
   [Parallel Time: 80.0 ms, GC Workers: 8]
      [GC Worker Start (ms): Min: 45254.1, Avg: 45254.2, Max: 45254.3, Diff: 0.2]
      [Ext Root Scanning (ms): Min: 0.0, Avg: 0.2, Max: 0.3, Diff: 0.3, Sum: 1.7]
      [Update RS (ms): Min: 48.3, Avg: 48.8, Max: 49.1, Diff: 0.9, Sum: 390.6]
         [Processed Buffers: Min: 29, Avg: 31.6, Max: 34, Diff: 5, Sum: 253]
      [Scan RS (ms): Min: 0.0, Avg: 0.0, Max: 0.0, Diff: 0.0, Sum: 0.0]
      [Code Root Scanning (ms): Min: 0.0, Avg: 0.0, Max: 0.0, Diff: 0.0, Sum: 0.0]
      [Object Copy (ms): Min: 30.1, Avg: 30.4, Max: 31.1, Diff: 1.0, Sum: 243.5]
      [Termination (ms): Min: 0.0, Avg: 0.2, Max: 0.2, Diff: 0.2, Sum: 1.3]
         [Termination Attempts: Min: 1, Avg: 596.3, Max: 809, Diff: 808, Sum: 4770]
      [GC Worker Other (ms): Min: 0.0, Avg: 0.0, Max: 0.0, Diff: 0.0, Sum: 0.2]
      [GC Worker Total (ms): Min: 79.5, Avg: 79.7, Max: 79.7, Diff: 0.2, Sum: 637.3]
      [GC Worker End (ms): Min: 45333.9, Avg: 45333.9, Max: 45333.9, Diff: 0.0]
   [Code Root Fixup: 0.0 ms]
   [Code Root Purge: 0.0 ms]
   [Clear CT: 0.3 ms]
   [Other: 1.2 ms]
      [Choose CSet: 0.0 ms]
      [Ref Proc: 0.4 ms]
      [Ref Enq: 0.0 ms]
      [Redirty Cards: 0.3 ms]
      [Humongous Register: 0.1 ms]
      [Humongous Reclaim: 0.0 ms]
      [Free CSet: 0.1 ms]
   [Eden: 1024.0K(157.0M)->0.0B(156.0M) Survivors: 23.0M->2048.0K Heap: 1077.2M(2048.0M)->1080.2M(2048.0M)]
 [Times: user=0.73 sys=0.00, real=0.08 secs] 
2020-09-29T11:53:59.866+0200: 45.336: [GC concurrent-root-region-scan-start]
2020-09-29T11:53:59.866+0200: 45.336: [GC concurrent-root-region-scan-end, 0.0002535 secs]
2020-09-29T11:53:59.866+0200: 45.336: [GC concurrent-mark-start]
2020-09-29T11:53:59.872+0200: 45.342: [GC concurrent-mark-end, 0.0059798 secs]
2020-09-29T11:53:59.872+0200: 45.342: [GC remark 2020-09-29T11:53:59.872+0200: 45.342: [Finalize Marking, 0.0008966 secs] 2020-09-29T11:53:59.873+0200: 45.343: [GC ref-proc, 0.0005950 secs] 2020-09-29T11:53:59.874+0200: 45.344: [Unloading, 0.0010243 secs], 0.0031558 secs]
 [Times: user=0.00 sys=0.00, real=0.00 secs] 
2020-09-29T11:53:59.876+0200: 45.346: [GC cleanup 1089M->22M(2048M), 0.0019313 secs]
 [Times: user=0.00 sys=0.00, real=0.00 secs] 
2020-09-29T11:53:59.878+0200: 45.348: [GC concurrent-cleanup-start]
2020-09-29T11:53:59.881+0200: 45.351: [GC concurrent-cleanup-end, 0.0027253 secs]
2020-09-29T11:54:00.027+0200: 45.497: [GC pause (G1 Evacuation Pause) (young), 0.1973881 secs]
   [Parallel Time: 195.7 ms, GC Workers: 8]
      [GC Worker Start (ms): Min: 45497.7, Avg: 45505.0, Max: 45526.3, Diff: 28.6]
      [Ext Root Scanning (ms): Min: 0.0, Avg: 0.1, Max: 0.3, Diff: 0.3, Sum: 0.9]
      [Update RS (ms): Min: 1.9, Avg: 23.5, Max: 31.5, Diff: 29.6, Sum: 187.6]
         [Processed Buffers: Min: 1, Avg: 12.9, Max: 19, Diff: 18, Sum: 103]
      [Scan RS (ms): Min: 11.3, Avg: 12.2, Max: 12.8, Diff: 1.5, Sum: 97.4]
      [Code Root Scanning (ms): Min: 0.0, Avg: 0.0, Max: 0.0, Diff: 0.0, Sum: 0.0]
      [Object Copy (ms): Min: 151.8, Avg: 152.3, Max: 152.5, Diff: 0.7, Sum: 1218.3]
      [Termination (ms): Min: 0.1, Avg: 0.3, Max: 0.3, Diff: 0.3, Sum: 2.2]
         [Termination Attempts: Min: 1, Avg: 773.0, Max: 944, Diff: 943, Sum: 6184]
      [GC Worker Other (ms): Min: 0.0, Avg: 0.0, Max: 0.0, Diff: 0.0, Sum: 0.1]
      [GC Worker Total (ms): Min: 167.0, Avg: 188.3, Max: 195.7, Diff: 28.7, Sum: 1506.5]
      [GC Worker End (ms): Min: 45693.3, Avg: 45693.3, Max: 45693.3, Diff: 0.1]
   [Code Root Fixup: 0.0 ms]
   [Code Root Purge: 0.0 ms]
   [Clear CT: 0.3 ms]
   [Other: 1.3 ms]
      [Choose CSet: 0.0 ms]
      [Ref Proc: 0.3 ms]
      [Ref Enq: 0.0 ms]
      [Redirty Cards: 0.4 ms]
      [Humongous Register: 0.1 ms]
      [Humongous Reclaim: 0.0 ms]
      [Free CSet: 0.2 ms]
   [Eden: 156.0M(156.0M)->0.0B(125.0M) Survivors: 2048.0K->20.0M Heap: 196.2M(2048.0M)->196.7M(2048.0M)]
 [Times: user=1.45 sys=0.00, real=0.20 secs] 
2020-09-29T11:54:00.364+0200: 45.835: [GC pause (G1 Evacuation Pause) (young), 0.1628226 secs]
   [Parallel Time: 161.0 ms, GC Workers: 8]
      [GC Worker Start (ms): Min: 45834.8, Avg: 45834.9, Max: 45835.1, Diff: 0.3]
      [Ext Root Scanning (ms): Min: 0.0, Avg: 0.1, Max: 0.2, Diff: 0.2, Sum: 0.9]
      [Update RS (ms): Min: 17.7, Avg: 18.1, Max: 18.7, Diff: 1.0, Sum: 144.6]
         [Processed Buffers: Min: 8, Avg: 10.8, Max: 14, Diff: 6, Sum: 86]
      [Scan RS (ms): Min: 10.1, Avg: 10.8, Max: 11.3, Diff: 1.1, Sum: 86.6]
      [Code Root Scanning (ms): Min: 0.0, Avg: 0.0, Max: 0.0, Diff: 0.0, Sum: 0.0]
      [Object Copy (ms): Min: 131.0, Avg: 131.2, Max: 131.6, Diff: 0.6, Sum: 1049.9]
      [Termination (ms): Min: 0.1, Avg: 0.4, Max: 0.6, Diff: 0.4, Sum: 3.3]
         [Termination Attempts: Min: 1, Avg: 1082.9, Max: 1405, Diff: 1404, Sum: 8663]
      [GC Worker Other (ms): Min: 0.0, Avg: 0.0, Max: 0.0, Diff: 0.0, Sum: 0.2]
      [GC Worker Total (ms): Min: 160.5, Avg: 160.7, Max: 160.8, Diff: 0.3, Sum: 1285.6]
      [GC Worker End (ms): Min: 45995.6, Avg: 45995.6, Max: 45995.7, Diff: 0.2]
   [Code Root Fixup: 0.0 ms]
   [Code Root Purge: 0.0 ms]
   [Clear CT: 0.2 ms]
   [Other: 1.6 ms]
      [Choose CSet: 0.0 ms]
      [Ref Proc: 0.6 ms]
      [Ref Enq: 0.0 ms]
      [Redirty Cards: 0.4 ms]
      [Humongous Register: 0.0 ms]
      [Humongous Reclaim: 0.0 ms]
      [Free CSet: 0.2 ms]
   [Eden: 125.0M(125.0M)->0.0B(127.0M) Survivors: 20.0M->19.0M Heap: 342.7M(2048.0M)->344.7M(2048.0M)]
 [Times: user=1.17 sys=0.00, real=0.16 secs] 
2020-09-29T11:54:00.667+0200: 46.137: [GC pause (G1 Evacuation Pause) (young), 0.1714833 secs]
   [Parallel Time: 170.0 ms, GC Workers: 8]
      [GC Worker Start (ms): Min: 46137.4, Avg: 46137.5, Max: 46137.6, Diff: 0.2]
      [Ext Root Scanning (ms): Min: 0.0, Avg: 0.1, Max: 0.2, Diff: 0.2, Sum: 1.0]
      [Update RS (ms): Min: 22.7, Avg: 23.0, Max: 23.6, Diff: 0.9, Sum: 183.7]
         [Processed Buffers: Min: 12, Avg: 14.3, Max: 15, Diff: 3, Sum: 114]
      [Scan RS (ms): Min: 7.0, Avg: 7.7, Max: 8.0, Diff: 1.0, Sum: 61.6]
      [Code Root Scanning (ms): Min: 0.0, Avg: 0.0, Max: 0.0, Diff: 0.0, Sum: 0.0]
      [Object Copy (ms): Min: 138.6, Avg: 138.7, Max: 138.8, Diff: 0.3, Sum: 1109.3]
      [Termination (ms): Min: 0.0, Avg: 0.1, Max: 0.2, Diff: 0.2, Sum: 1.1]
         [Termination Attempts: Min: 1, Avg: 492.6, Max: 613, Diff: 612, Sum: 3941]
      [GC Worker Other (ms): Min: 0.0, Avg: 0.0, Max: 0.1, Diff: 0.0, Sum: 0.3]
      [GC Worker Total (ms): Min: 169.5, Avg: 169.6, Max: 169.7, Diff: 0.3, Sum: 1357.0]
      [GC Worker End (ms): Min: 46307.1, Avg: 46307.1, Max: 46307.1, Diff: 0.0]
   [Code Root Fixup: 0.0 ms]
   [Code Root Purge: 0.0 ms]
   [Clear CT: 0.3 ms]
   [Other: 1.2 ms]
      [Choose CSet: 0.0 ms]
      [Ref Proc: 0.4 ms]
      [Ref Enq: 0.0 ms]
      [Redirty Cards: 0.2 ms]
      [Humongous Register: 0.1 ms]
      [Humongous Reclaim: 0.0 ms]
      [Free CSet: 0.2 ms]
   [Eden: 127.0M(127.0M)->0.0B(131.0M) Survivors: 19.0M->19.0M Heap: 492.7M(2048.0M)->494.7M(2048.0M)]
 [Times: user=1.17 sys=0.03, real=0.17 secs] 
2020-09-29T11:54:01.013+0200: 46.483: [GC pause (G1 Evacuation Pause) (young), 0.1729412 secs]
   [Parallel Time: 171.5 ms, GC Workers: 8]
      [GC Worker Start (ms): Min: 46483.6, Avg: 46483.7, Max: 46483.7, Diff: 0.1]
      [Ext Root Scanning (ms): Min: 0.1, Avg: 0.1, Max: 0.2, Diff: 0.1, Sum: 1.1]
      [Update RS (ms): Min: 17.5, Avg: 17.6, Max: 17.9, Diff: 0.4, Sum: 140.8]
         [Processed Buffers: Min: 9, Avg: 12.0, Max: 15, Diff: 6, Sum: 96]
      [Scan RS (ms): Min: 10.5, Avg: 10.8, Max: 10.9, Diff: 0.5, Sum: 86.3]
      [Code Root Scanning (ms): Min: 0.0, Avg: 0.0, Max: 0.0, Diff: 0.0, Sum: 0.0]
      [Object Copy (ms): Min: 142.2, Avg: 142.3, Max: 142.7, Diff: 0.5, Sum: 1138.6]
      [Termination (ms): Min: 0.0, Avg: 0.3, Max: 0.4, Diff: 0.4, Sum: 2.6]
         [Termination Attempts: Min: 1, Avg: 1161.6, Max: 1470, Diff: 1469, Sum: 9293]
      [GC Worker Other (ms): Min: 0.0, Avg: 0.0, Max: 0.1, Diff: 0.1, Sum: 0.3]
      [GC Worker Total (ms): Min: 171.2, Avg: 171.2, Max: 171.3, Diff: 0.1, Sum: 1369.8]
      [GC Worker End (ms): Min: 46654.9, Avg: 46654.9, Max: 46654.9, Diff: 0.1]
   [Code Root Fixup: 0.0 ms]
   [Code Root Purge: 0.0 ms]
   [Clear CT: 0.3 ms]
   [Other: 1.2 ms]
      [Choose CSet: 0.0 ms]
      [Ref Proc: 0.3 ms]
      [Ref Enq: 0.0 ms]
      [Redirty Cards: 0.3 ms]
      [Humongous Register: 0.1 ms]
      [Humongous Reclaim: 0.0 ms]
      [Free CSet: 0.2 ms]
   [Eden: 131.0M(131.0M)->0.0B(134.0M) Survivors: 19.0M->19.0M Heap: 648.6M(2048.0M)->650.1M(2048.0M)]
 [Times: user=1.24 sys=0.00, real=0.17 secs] 
2020-09-29T11:54:01.360+0200: 46.830: [GC pause (G1 Evacuation Pause) (young), 0.1677499 secs]
   [Parallel Time: 166.0 ms, GC Workers: 8]
      [GC Worker Start (ms): Min: 46830.4, Avg: 46830.6, Max: 46830.8, Diff: 0.3]
      [Ext Root Scanning (ms): Min: 0.0, Avg: 0.1, Max: 0.2, Diff: 0.2, Sum: 0.8]
      [Update RS (ms): Min: 20.8, Avg: 21.2, Max: 21.4, Diff: 0.7, Sum: 169.4]
         [Processed Buffers: Min: 12, Avg: 12.9, Max: 14, Diff: 2, Sum: 103]
      [Scan RS (ms): Min: 9.3, Avg: 9.5, Max: 10.0, Diff: 0.8, Sum: 76.2]
      [Code Root Scanning (ms): Min: 0.0, Avg: 0.0, Max: 0.0, Diff: 0.0, Sum: 0.0]
      [Object Copy (ms): Min: 134.5, Avg: 134.6, Max: 134.7, Diff: 0.2, Sum: 1077.2]
      [Termination (ms): Min: 0.0, Avg: 0.2, Max: 0.2, Diff: 0.2, Sum: 1.4]
         [Termination Attempts: Min: 1, Avg: 612.4, Max: 824, Diff: 823, Sum: 4899]
      [GC Worker Other (ms): Min: 0.0, Avg: 0.0, Max: 0.0, Diff: 0.0, Sum: 0.2]
      [GC Worker Total (ms): Min: 165.4, Avg: 165.7, Max: 165.8, Diff: 0.3, Sum: 1325.2]
      [GC Worker End (ms): Min: 46996.2, Avg: 46996.2, Max: 46996.3, Diff: 0.0]
   [Code Root Fixup: 0.0 ms]
   [Code Root Purge: 0.0 ms]
   [Clear CT: 0.3 ms]
   [Other: 1.5 ms]
      [Choose CSet: 0.0 ms]
      [Ref Proc: 0.6 ms]
      [Ref Enq: 0.0 ms]
      [Redirty Cards: 0.3 ms]
      [Humongous Register: 0.1 ms]
      [Humongous Reclaim: 0.0 ms]
      [Free CSet: 0.2 ms]
   [Eden: 134.0M(134.0M)->0.0B(138.0M) Survivors: 19.0M->20.0M Heap: 805.0M(2048.0M)->806.0M(2048.0M)]
 [Times: user=1.30 sys=0.02, real=0.17 secs] 
2020-09-29T11:54:01.746+0200: 47.216: [GC pause (G1 Evacuation Pause) (young), 0.2510098 secs]
   [Parallel Time: 247.9 ms, GC Workers: 8]
      [GC Worker Start (ms): Min: 47216.5, Avg: 47216.7, Max: 47216.9, Diff: 0.4]
      [Ext Root Scanning (ms): Min: 0.0, Avg: 0.2, Max: 0.4, Diff: 0.4, Sum: 1.5]
      [Update RS (ms): Min: 24.4, Avg: 25.1, Max: 26.3, Diff: 1.9, Sum: 201.0]
         [Processed Buffers: Min: 9, Avg: 9.9, Max: 11, Diff: 2, Sum: 79]
      [Scan RS (ms): Min: 19.2, Avg: 20.4, Max: 21.2, Diff: 1.9, Sum: 163.4]
      [Code Root Scanning (ms): Min: 0.0, Avg: 0.0, Max: 0.0, Diff: 0.0, Sum: 0.0]
      [Object Copy (ms): Min: 201.4, Avg: 201.6, Max: 201.7, Diff: 0.2, Sum: 1612.6]
      [Termination (ms): Min: 0.0, Avg: 0.1, Max: 0.1, Diff: 0.1, Sum: 0.7]
         [Termination Attempts: Min: 1, Avg: 176.4, Max: 216, Diff: 215, Sum: 1411]
      [GC Worker Other (ms): Min: 0.0, Avg: 0.1, Max: 0.1, Diff: 0.1, Sum: 0.5]
      [GC Worker Total (ms): Min: 247.3, Avg: 247.5, Max: 247.7, Diff: 0.4, Sum: 1979.8]
      [GC Worker End (ms): Min: 47464.1, Avg: 47464.2, Max: 47464.2, Diff: 0.1]
   [Code Root Fixup: 0.0 ms]
   [Code Root Purge: 0.0 ms]
   [Clear CT: 0.6 ms]
   [Other: 2.5 ms]
      [Choose CSet: 0.0 ms]
      [Ref Proc: 0.4 ms]
      [Ref Enq: 0.0 ms]
      [Redirty Cards: 0.7 ms]
      [Humongous Register: 0.1 ms]
      [Humongous Reclaim: 0.0 ms]
      [Free CSet: 0.3 ms]
   [Eden: 138.0M(138.0M)->0.0B(105.0M) Survivors: 20.0M->20.0M Heap: 966.9M(2048.0M)->968.9M(2048.0M)]
 [Times: user=2.00 sys=0.00, real=0.25 secs] 
2020-09-29T11:54:02.010+0200: 47.480: [GC pause (G1 Humongous Allocation) (young) (initial-mark), 0.0888804 secs]
   [Parallel Time: 86.4 ms, GC Workers: 8]
      [GC Worker Start (ms): Min: 47480.8, Avg: 47481.0, Max: 47481.2, Diff: 0.4]
      [Ext Root Scanning (ms): Min: 0.0, Avg: 0.5, Max: 1.1, Diff: 1.1, Sum: 3.9]
      [Update RS (ms): Min: 47.8, Avg: 48.8, Max: 50.1, Diff: 2.4, Sum: 390.1]
         [Processed Buffers: Min: 19, Avg: 20.4, Max: 22, Diff: 3, Sum: 163]
      [Scan RS (ms): Min: 1.9, Avg: 3.5, Max: 4.1, Diff: 2.2, Sum: 28.0]
      [Code Root Scanning (ms): Min: 0.0, Avg: 0.0, Max: 0.0, Diff: 0.0, Sum: 0.0]
      [Object Copy (ms): Min: 33.2, Avg: 33.2, Max: 33.3, Diff: 0.2, Sum: 265.9]
      [Termination (ms): Min: 0.0, Avg: 0.1, Max: 0.1, Diff: 0.1, Sum: 0.6]
         [Termination Attempts: Min: 1, Avg: 149.8, Max: 198, Diff: 197, Sum: 1198]
      [GC Worker Other (ms): Min: 0.0, Avg: 0.0, Max: 0.1, Diff: 0.0, Sum: 0.3]
      [GC Worker Total (ms): Min: 85.9, Avg: 86.1, Max: 86.2, Diff: 0.4, Sum: 688.8]
      [GC Worker End (ms): Min: 47567.1, Avg: 47567.1, Max: 47567.1, Diff: 0.0]
   [Code Root Fixup: 0.0 ms]
   [Code Root Purge: 0.0 ms]
   [Clear CT: 0.6 ms]
   [Other: 1.9 ms]
      [Choose CSet: 0.0 ms]
      [Ref Proc: 0.6 ms]
      [Ref Enq: 0.0 ms]
      [Redirty Cards: 0.6 ms]
      [Humongous Register: 0.1 ms]
      [Humongous Reclaim: 0.0 ms]
      [Free CSet: 0.1 ms]
   [Eden: 2048.0K(105.0M)->0.0B(107.0M) Survivors: 20.0M->5120.0K Heap: 970.9M(2048.0M)->974.9M(2048.0M)]
 [Times: user=0.64 sys=0.00, real=0.09 secs] 
2020-09-29T11:54:02.100+0200: 47.570: [GC concurrent-root-region-scan-start]
2020-09-29T11:54:02.102+0200: 47.572: [GC concurrent-root-region-scan-end, 0.0016371 secs]
2020-09-29T11:54:02.102+0200: 47.572: [GC concurrent-mark-start]
2020-09-29T11:54:02.111+0200: 47.581: [GC concurrent-mark-end, 0.0091444 secs]
2020-09-29T11:54:02.112+0200: 47.582: [GC remark 2020-09-29T11:54:02.112+0200: 47.582: [Finalize Marking, 0.0007741 secs] 2020-09-29T11:54:02.113+0200: 47.583: [GC ref-proc, 0.0010989 secs] 2020-09-29T11:54:02.114+0200: 47.584: [Unloading, 0.0012815 secs], 0.0041549 secs]
 [Times: user=0.00 sys=0.01, real=0.00 secs] 
2020-09-29T11:54:02.117+0200: 47.587: [GC cleanup 984M->26M(2048M), 0.0048439 secs]
 [Times: user=0.00 sys=0.00, real=0.00 secs] 
2020-09-29T11:54:02.122+0200: 47.592: [GC concurrent-cleanup-start]
2020-09-29T11:54:02.126+0200: 47.596: [GC concurrent-cleanup-end, 0.0040269 secs]
2020-09-29T11:54:02.293+0200: 47.763: [GC pause (G1 Evacuation Pause) (young), 0.2417515 secs]
   [Parallel Time: 239.4 ms, GC Workers: 8]
      [GC Worker Start (ms): Min: 47763.2, Avg: 47767.4, Max: 47795.6, Diff: 32.5]
      [Ext Root Scanning (ms): Min: 0.0, Avg: 0.2, Max: 0.4, Diff: 0.4, Sum: 1.5]
      [Update RS (ms): Min: 0.0, Avg: 22.7, Max: 26.3, Diff: 26.3, Sum: 181.6]
         [Processed Buffers: Min: 0, Avg: 9.5, Max: 13, Diff: 13, Sum: 76]
      [Scan RS (ms): Min: 9.8, Avg: 17.7, Max: 37.0, Diff: 27.2, Sum: 141.2]
      [Code Root Scanning (ms): Min: 0.0, Avg: 0.0, Max: 0.0, Diff: 0.0, Sum: 0.0]
      [Object Copy (ms): Min: 175.3, Avg: 194.0, Max: 197.1, Diff: 21.8, Sum: 1551.8]
      [Termination (ms): Min: 0.0, Avg: 0.4, Max: 0.5, Diff: 0.5, Sum: 3.2]
         [Termination Attempts: Min: 1, Avg: 818.8, Max: 960, Diff: 959, Sum: 6550]
      [GC Worker Other (ms): Min: 0.0, Avg: 0.1, Max: 0.1, Diff: 0.1, Sum: 0.7]
      [GC Worker Total (ms): Min: 206.9, Avg: 235.0, Max: 239.2, Diff: 32.4, Sum: 1880.0]
      [GC Worker End (ms): Min: 48002.4, Avg: 48002.4, Max: 48002.5, Diff: 0.1]
   [Code Root Fixup: 0.0 ms]
   [Code Root Purge: 0.0 ms]
   [Clear CT: 0.6 ms]
   [Other: 1.8 ms]
      [Choose CSet: 0.0 ms]
      [Ref Proc: 0.5 ms]
      [Ref Enq: 0.0 ms]
      [Redirty Cards: 0.5 ms]
      [Humongous Register: 0.1 ms]
      [Humongous Reclaim: 0.0 ms]
      [Free CSet: 0.3 ms]
   [Eden: 107.0M(107.0M)->0.0B(88.0M) Survivors: 5120.0K->14.0M Heap: 142.6M(2048.0M)->140.1M(2048.0M)]
 [Times: user=1.58 sys=0.01, real=0.24 secs] 
2020-09-29T11:54:02.691+0200: 48.161: [GC pause (G1 Evacuation Pause) (young), 0.1773954 secs]
   [Parallel Time: 174.7 ms, GC Workers: 8]
      [GC Worker Start (ms): Min: 48161.1, Avg: 48161.5, Max: 48162.4, Diff: 1.3]
      [Ext Root Scanning (ms): Min: 0.0, Avg: 0.2, Max: 0.4, Diff: 0.4, Sum: 1.3]
      [Update RS (ms): Min: 21.5, Avg: 22.2, Max: 22.6, Diff: 1.0, Sum: 177.6]
         [Processed Buffers: Min: 7, Avg: 9.4, Max: 14, Diff: 7, Sum: 75]
      [Scan RS (ms): Min: 15.1, Avg: 15.8, Max: 16.4, Diff: 1.3, Sum: 126.7]
      [Code Root Scanning (ms): Min: 0.0, Avg: 0.0, Max: 0.0, Diff: 0.0, Sum: 0.0]
      [Object Copy (ms): Min: 135.0, Avg: 135.4, Max: 135.7, Diff: 0.7, Sum: 1083.3]
      [Termination (ms): Min: 0.0, Avg: 0.2, Max: 0.2, Diff: 0.2, Sum: 1.4]
         [Termination Attempts: Min: 1, Avg: 334.5, Max: 435, Diff: 434, Sum: 2676]
      [GC Worker Other (ms): Min: 0.0, Avg: 0.1, Max: 0.1, Diff: 0.1, Sum: 0.4]
      [GC Worker Total (ms): Min: 173.0, Avg: 173.8, Max: 174.3, Diff: 1.2, Sum: 1390.7]
      [GC Worker End (ms): Min: 48335.4, Avg: 48335.4, Max: 48335.4, Diff: 0.1]
   [Code Root Fixup: 0.0 ms]
   [Code Root Purge: 0.0 ms]
   [Clear CT: 0.6 ms]
   [Other: 2.1 ms]
      [Choose CSet: 0.0 ms]
      [Ref Proc: 0.6 ms]
      [Ref Enq: 0.0 ms]
      [Redirty Cards: 0.6 ms]
      [Humongous Register: 0.1 ms]
      [Humongous Reclaim: 0.0 ms]
      [Free CSet: 0.3 ms]
   [Eden: 88.0M(88.0M)->0.0B(89.0M) Survivors: 14.0M->13.0M Heap: 243.3M(2048.0M)->245.3M(2048.0M)]
 [Times: user=1.44 sys=0.00, real=0.18 secs] 
2020-09-29T11:54:03.017+0200: 48.487: [GC pause (G1 Evacuation Pause) (young), 0.1607387 secs]
   [Parallel Time: 158.3 ms, GC Workers: 8]
      [GC Worker Start (ms): Min: 48487.2, Avg: 48487.5, Max: 48487.7, Diff: 0.4]
      [Ext Root Scanning (ms): Min: 0.0, Avg: 0.2, Max: 0.4, Diff: 0.4, Sum: 1.3]
      [Update RS (ms): Min: 15.1, Avg: 15.6, Max: 16.3, Diff: 1.2, Sum: 124.6]
         [Processed Buffers: Min: 6, Avg: 6.5, Max: 8, Diff: 2, Sum: 52]
      [Scan RS (ms): Min: 12.1, Avg: 12.8, Max: 13.2, Diff: 1.2, Sum: 102.6]
      [Code Root Scanning (ms): Min: 0.0, Avg: 0.0, Max: 0.0, Diff: 0.0, Sum: 0.0]
      [Object Copy (ms): Min: 128.8, Avg: 129.0, Max: 129.0, Diff: 0.2, Sum: 1031.9]
      [Termination (ms): Min: 0.0, Avg: 0.1, Max: 0.1, Diff: 0.1, Sum: 0.6]
         [Termination Attempts: Min: 1, Avg: 138.9, Max: 195, Diff: 194, Sum: 1111]
      [GC Worker Other (ms): Min: 0.0, Avg: 0.0, Max: 0.1, Diff: 0.1, Sum: 0.4]
      [GC Worker Total (ms): Min: 157.5, Avg: 157.7, Max: 157.9, Diff: 0.4, Sum: 1261.4]
      [GC Worker End (ms): Min: 48645.1, Avg: 48645.2, Max: 48645.2, Diff: 0.1]
   [Code Root Fixup: 0.0 ms]
   [Code Root Purge: 0.0 ms]
   [Clear CT: 0.5 ms]
   [Other: 1.9 ms]
      [Choose CSet: 0.0 ms]
      [Ref Proc: 0.6 ms]
      [Ref Enq: 0.0 ms]
      [Redirty Cards: 0.6 ms]
      [Humongous Register: 0.1 ms]
      [Humongous Reclaim: 0.0 ms]
      [Free CSet: 0.2 ms]
   [Eden: 89.0M(89.0M)->0.0B(89.0M) Survivors: 13.0M->13.0M Heap: 347.7M(2048.0M)->349.7M(2048.0M)]
 [Times: user=1.33 sys=0.00, real=0.16 secs] 
2020-09-29T11:54:03.328+0200: 48.799: [GC pause (G1 Evacuation Pause) (young), 0.1685738 secs]
   [Parallel Time: 166.2 ms, GC Workers: 8]
      [GC Worker Start (ms): Min: 48798.8, Avg: 48799.1, Max: 48799.2, Diff: 0.4]
      [Ext Root Scanning (ms): Min: 0.0, Avg: 0.2, Max: 0.4, Diff: 0.4, Sum: 1.6]
      [Update RS (ms): Min: 18.6, Avg: 19.3, Max: 20.6, Diff: 2.0, Sum: 154.4]
         [Processed Buffers: Min: 6, Avg: 7.9, Max: 11, Diff: 5, Sum: 63]
      [Scan RS (ms): Min: 11.2, Avg: 12.4, Max: 13.3, Diff: 2.0, Sum: 99.5]
      [Code Root Scanning (ms): Min: 0.0, Avg: 0.0, Max: 0.0, Diff: 0.0, Sum: 0.0]
      [Object Copy (ms): Min: 132.2, Avg: 133.5, Max: 133.9, Diff: 1.7, Sum: 1067.9]
      [Termination (ms): Min: 0.0, Avg: 0.1, Max: 0.1, Diff: 0.1, Sum: 0.7]
         [Termination Attempts: Min: 1, Avg: 159.9, Max: 212, Diff: 211, Sum: 1279]
      [GC Worker Other (ms): Min: 0.0, Avg: 0.1, Max: 0.1, Diff: 0.1, Sum: 0.6]
      [GC Worker Total (ms): Min: 165.4, Avg: 165.6, Max: 165.8, Diff: 0.4, Sum: 1324.5]
      [GC Worker End (ms): Min: 48964.6, Avg: 48964.6, Max: 48964.7, Diff: 0.1]
   [Code Root Fixup: 0.0 ms]
   [Code Root Purge: 0.0 ms]
   [Clear CT: 0.6 ms]
   [Other: 1.8 ms]
      [Choose CSet: 0.0 ms]
      [Ref Proc: 0.4 ms]
      [Ref Enq: 0.0 ms]
      [Redirty Cards: 0.6 ms]
      [Humongous Register: 0.1 ms]
      [Humongous Reclaim: 0.0 ms]
      [Free CSet: 0.3 ms]
   [Eden: 89.0M(89.0M)->0.0B(89.0M) Survivors: 13.0M->13.0M Heap: 453.9M(2048.0M)->456.4M(2048.0M)]
 [Times: user=1.34 sys=0.00, real=0.17 secs] 
2020-09-29T11:54:03.637+0200: 49.107: [GC pause (G1 Evacuation Pause) (young), 0.1650329 secs]
   [Parallel Time: 163.0 ms, GC Workers: 8]
      [GC Worker Start (ms): Min: 49107.6, Avg: 49107.8, Max: 49108.0, Diff: 0.4]
      [Ext Root Scanning (ms): Min: 0.0, Avg: 0.2, Max: 0.4, Diff: 0.4, Sum: 1.4]
      [Update RS (ms): Min: 20.0, Avg: 20.7, Max: 22.2, Diff: 2.2, Sum: 165.7]
         [Processed Buffers: Min: 8, Avg: 9.3, Max: 11, Diff: 3, Sum: 74]
      [Scan RS (ms): Min: 9.2, Avg: 10.7, Max: 11.6, Diff: 2.4, Sum: 85.3]
      [Code Root Scanning (ms): Min: 0.0, Avg: 0.0, Max: 0.0, Diff: 0.0, Sum: 0.0]
      [Object Copy (ms): Min: 130.4, Avg: 130.7, Max: 130.8, Diff: 0.4, Sum: 1045.3]
      [Termination (ms): Min: 0.0, Avg: 0.1, Max: 0.1, Diff: 0.1, Sum: 0.7]
         [Termination Attempts: Min: 1, Avg: 173.3, Max: 229, Diff: 228, Sum: 1386]
      [GC Worker Other (ms): Min: 0.0, Avg: 0.0, Max: 0.1, Diff: 0.1, Sum: 0.4]
      [GC Worker Total (ms): Min: 162.2, Avg: 162.4, Max: 162.6, Diff: 0.4, Sum: 1298.9]
      [GC Worker End (ms): Min: 49270.2, Avg: 49270.2, Max: 49270.2, Diff: 0.1]
   [Code Root Fixup: 0.0 ms]
   [Code Root Purge: 0.0 ms]
   [Clear CT: 0.5 ms]
   [Other: 1.6 ms]
      [Choose CSet: 0.0 ms]
      [Ref Proc: 0.4 ms]
      [Ref Enq: 0.0 ms]
      [Redirty Cards: 0.5 ms]
      [Humongous Register: 0.1 ms]
      [Humongous Reclaim: 0.0 ms]
      [Free CSet: 0.2 ms]
   [Eden: 89.0M(89.0M)->0.0B(91.0M) Survivors: 13.0M->13.0M Heap: 560.7M(2048.0M)->563.2M(2048.0M)]
 [Times: user=1.36 sys=0.00, real=0.17 secs] 
2020-09-29T11:54:03.953+0200: 49.423: [GC pause (G1 Evacuation Pause) (young), 0.1578417 secs]
   [Parallel Time: 155.0 ms, GC Workers: 8]
      [GC Worker Start (ms): Min: 49423.6, Avg: 49423.8, Max: 49423.9, Diff: 0.3]
      [Ext Root Scanning (ms): Min: 0.0, Avg: 0.2, Max: 0.4, Diff: 0.3, Sum: 1.4]
      [Update RS (ms): Min: 16.4, Avg: 16.9, Max: 17.8, Diff: 1.3, Sum: 135.2]
         [Processed Buffers: Min: 7, Avg: 7.8, Max: 9, Diff: 2, Sum: 62]
      [Scan RS (ms): Min: 11.9, Avg: 13.0, Max: 13.8, Diff: 1.9, Sum: 104.1]
      [Code Root Scanning (ms): Min: 0.0, Avg: 0.0, Max: 0.0, Diff: 0.0, Sum: 0.0]
      [Object Copy (ms): Min: 124.0, Avg: 124.3, Max: 124.5, Diff: 0.5, Sum: 994.1]
      [Termination (ms): Min: 0.0, Avg: 0.1, Max: 0.1, Diff: 0.1, Sum: 0.8]
         [Termination Attempts: Min: 1, Avg: 183.5, Max: 227, Diff: 226, Sum: 1468]
      [GC Worker Other (ms): Min: 0.0, Avg: 0.0, Max: 0.1, Diff: 0.0, Sum: 0.3]
      [GC Worker Total (ms): Min: 154.3, Avg: 154.5, Max: 154.7, Diff: 0.3, Sum: 1235.9]
      [GC Worker End (ms): Min: 49578.3, Avg: 49578.3, Max: 49578.3, Diff: 0.0]
   [Code Root Fixup: 0.0 ms]
   [Code Root Purge: 0.0 ms]
   [Clear CT: 0.8 ms]
   [Other: 2.0 ms]
      [Choose CSet: 0.0 ms]
      [Ref Proc: 0.7 ms]
      [Ref Enq: 0.0 ms]
      [Redirty Cards: 0.5 ms]
      [Humongous Register: 0.1 ms]
      [Humongous Reclaim: 0.0 ms]
      [Free CSet: 0.3 ms]
   [Eden: 91.0M(91.0M)->0.0B(97.0M) Survivors: 13.0M->13.0M Heap: 669.5M(2048.0M)->672.0M(2048.0M)]
 [Times: user=1.23 sys=0.02, real=0.16 secs] 
2020-09-29T11:54:04.266+0200: 49.736: [GC pause (G1 Evacuation Pause) (young), 0.2035465 secs]
   [Parallel Time: 201.4 ms, GC Workers: 8]
      [GC Worker Start (ms): Min: 49736.0, Avg: 49736.3, Max: 49736.5, Diff: 0.4]
      [Ext Root Scanning (ms): Min: 0.0, Avg: 0.2, Max: 0.4, Diff: 0.4, Sum: 1.4]
      [Update RS (ms): Min: 21.0, Avg: 21.8, Max: 23.1, Diff: 2.1, Sum: 174.4]
         [Processed Buffers: Min: 1, Avg: 7.6, Max: 10, Diff: 9, Sum: 61]
      [Scan RS (ms): Min: 13.2, Avg: 18.3, Max: 44.3, Diff: 31.2, Sum: 146.5]
      [Code Root Scanning (ms): Min: 0.0, Avg: 0.0, Max: 0.0, Diff: 0.0, Sum: 0.0]
      [Object Copy (ms): Min: 133.4, Avg: 160.3, Max: 164.3, Diff: 30.9, Sum: 1282.4]
      [Termination (ms): Min: 0.0, Avg: 0.2, Max: 0.2, Diff: 0.2, Sum: 1.3]
         [Termination Attempts: Min: 1, Avg: 124.4, Max: 167, Diff: 166, Sum: 995]
      [GC Worker Other (ms): Min: 0.0, Avg: 0.0, Max: 0.0, Diff: 0.0, Sum: 0.2]
      [GC Worker Total (ms): Min: 200.6, Avg: 200.8, Max: 201.0, Diff: 0.4, Sum: 1606.3]
      [GC Worker End (ms): Min: 49937.0, Avg: 49937.0, Max: 49937.1, Diff: 0.1]
   [Code Root Fixup: 0.0 ms]
   [Code Root Purge: 0.0 ms]
   [Clear CT: 0.5 ms]
   [Other: 1.6 ms]
      [Choose CSet: 0.0 ms]
      [Ref Proc: 0.4 ms]
      [Ref Enq: 0.0 ms]
      [Redirty Cards: 0.5 ms]
      [Humongous Register: 0.1 ms]
      [Humongous Reclaim: 0.0 ms]
      [Free CSet: 0.3 ms]
   [Eden: 97.0M(97.0M)->0.0B(88.0M) Survivors: 13.0M->14.0M Heap: 784.2M(2048.0M)->786.7M(2048.0M)]
 [Times: user=1.44 sys=0.00, real=0.20 secs] 
2020-09-29T11:54:04.614+0200: 50.084: [GC pause (G1 Evacuation Pause) (young), 0.2076510 secs]
   [Parallel Time: 205.2 ms, GC Workers: 8]
      [GC Worker Start (ms): Min: 50084.2, Avg: 50084.3, Max: 50084.6, Diff: 0.4]
      [Ext Root Scanning (ms): Min: 0.0, Avg: 0.2, Max: 0.3, Diff: 0.3, Sum: 1.4]
      [Update RS (ms): Min: 17.7, Avg: 18.2, Max: 19.6, Diff: 1.9, Sum: 145.9]
         [Processed Buffers: Min: 4, Avg: 7.5, Max: 11, Diff: 7, Sum: 60]
      [Scan RS (ms): Min: 11.9, Avg: 13.6, Max: 15.5, Diff: 3.6, Sum: 109.1]
      [Code Root Scanning (ms): Min: 0.0, Avg: 0.0, Max: 0.0, Diff: 0.0, Sum: 0.0]
      [Object Copy (ms): Min: 170.9, Avg: 172.5, Max: 172.9, Diff: 2.0, Sum: 1379.7]
      [Termination (ms): Min: 0.0, Avg: 0.1, Max: 0.2, Diff: 0.2, Sum: 1.0]
         [Termination Attempts: Min: 1, Avg: 272.0, Max: 344, Diff: 343, Sum: 2176]
      [GC Worker Other (ms): Min: 0.0, Avg: 0.1, Max: 0.1, Diff: 0.1, Sum: 0.4]
      [GC Worker Total (ms): Min: 204.5, Avg: 204.7, Max: 204.9, Diff: 0.3, Sum: 1637.5]
      [GC Worker End (ms): Min: 50289.0, Avg: 50289.0, Max: 50289.1, Diff: 0.1]
   [Code Root Fixup: 0.0 ms]
   [Code Root Purge: 0.0 ms]
   [Clear CT: 0.4 ms]
   [Other: 2.0 ms]
      [Choose CSet: 0.0 ms]
      [Ref Proc: 0.6 ms]
      [Ref Enq: 0.0 ms]
      [Redirty Cards: 0.6 ms]
      [Humongous Register: 0.1 ms]
      [Humongous Reclaim: 0.0 ms]
      [Free CSet: 0.3 ms]
   [Eden: 88.0M(88.0M)->0.0B(89.0M) Survivors: 14.0M->13.0M Heap: 890.0M(2048.0M)->891.5M(2048.0M)]
 [Times: user=1.34 sys=0.00, real=0.21 secs] 
2020-09-29T11:54:04.985+0200: 50.455: [GC pause (G1 Evacuation Pause) (young), 0.1731719 secs]
   [Parallel Time: 171.0 ms, GC Workers: 8]
      [GC Worker Start (ms): Min: 50454.9, Avg: 50455.1, Max: 50455.2, Diff: 0.3]
      [Ext Root Scanning (ms): Min: 0.1, Avg: 0.2, Max: 0.3, Diff: 0.3, Sum: 1.7]
      [Update RS (ms): Min: 18.6, Avg: 18.8, Max: 19.0, Diff: 0.4, Sum: 150.3]
         [Processed Buffers: Min: 7, Avg: 8.3, Max: 10, Diff: 3, Sum: 66]
      [Scan RS (ms): Min: 11.8, Avg: 11.9, Max: 12.0, Diff: 0.2, Sum: 95.1]
      [Code Root Scanning (ms): Min: 0.0, Avg: 0.0, Max: 0.0, Diff: 0.0, Sum: 0.0]
      [Object Copy (ms): Min: 139.2, Avg: 139.3, Max: 139.6, Diff: 0.4, Sum: 1114.7]
      [Termination (ms): Min: 0.0, Avg: 0.2, Max: 0.3, Diff: 0.3, Sum: 1.9]
         [Termination Attempts: Min: 1, Avg: 518.8, Max: 644, Diff: 643, Sum: 4150]
      [GC Worker Other (ms): Min: 0.0, Avg: 0.1, Max: 0.1, Diff: 0.1, Sum: 0.5]
      [GC Worker Total (ms): Min: 170.4, Avg: 170.5, Max: 170.7, Diff: 0.3, Sum: 1364.3]
      [GC Worker End (ms): Min: 50625.6, Avg: 50625.6, Max: 50625.6, Diff: 0.1]
   [Code Root Fixup: 0.0 ms]
   [Code Root Purge: 0.0 ms]
   [Clear CT: 0.6 ms]
   [Other: 1.6 ms]
      [Choose CSet: 0.0 ms]
      [Ref Proc: 0.4 ms]
      [Ref Enq: 0.0 ms]
      [Redirty Cards: 0.5 ms]
      [Humongous Register: 0.1 ms]
      [Humongous Reclaim: 0.0 ms]
      [Free CSet: 0.2 ms]
   [Eden: 89.0M(89.0M)->0.0B(89.0M) Survivors: 13.0M->13.0M Heap: 995.7M(2048.0M)->997.7M(2048.0M)]
 [Times: user=1.38 sys=0.00, real=0.17 secs] 
2020-09-29T11:54:05.175+0200: 50.645: [GC pause (G1 Humongous Allocation) (young) (initial-mark), 0.0677007 secs]
   [Parallel Time: 63.6 ms, GC Workers: 8]
      [GC Worker Start (ms): Min: 50645.1, Avg: 50645.2, Max: 50645.3, Diff: 0.3]
      [Ext Root Scanning (ms): Min: 0.1, Avg: 0.2, Max: 0.4, Diff: 0.3, Sum: 1.8]
      [Update RS (ms): Min: 28.6, Avg: 29.2, Max: 29.8, Diff: 1.3, Sum: 233.3]
         [Processed Buffers: Min: 11, Avg: 12.4, Max: 14, Diff: 3, Sum: 99]
      [Scan RS (ms): Min: 1.7, Avg: 2.4, Max: 3.0, Diff: 1.4, Sum: 18.9]
      [Code Root Scanning (ms): Min: 0.0, Avg: 0.0, Max: 0.0, Diff: 0.0, Sum: 0.0]
      [Object Copy (ms): Min: 31.1, Avg: 31.2, Max: 31.3, Diff: 0.2, Sum: 249.8]
      [Termination (ms): Min: 0.0, Avg: 0.0, Max: 0.0, Diff: 0.0, Sum: 0.1]
         [Termination Attempts: Min: 1, Avg: 35.6, Max: 49, Diff: 48, Sum: 285]
      [GC Worker Other (ms): Min: 0.0, Avg: 0.1, Max: 0.1, Diff: 0.1, Sum: 0.4]
      [GC Worker Total (ms): Min: 62.9, Avg: 63.0, Max: 63.2, Diff: 0.3, Sum: 504.3]
      [GC Worker End (ms): Min: 50708.2, Avg: 50708.2, Max: 50708.3, Diff: 0.1]
   [Code Root Fixup: 0.0 ms]
   [Code Root Purge: 0.0 ms]
   [Clear CT: 1.8 ms]
   [Other: 2.3 ms]
      [Choose CSet: 0.0 ms]
      [Ref Proc: 0.5 ms]
      [Ref Enq: 0.0 ms]
      [Redirty Cards: 1.1 ms]
      [Humongous Register: 0.1 ms]
      [Humongous Reclaim: 0.0 ms]
      [Free CSet: 0.1 ms]
   [Eden: 9216.0K(89.0M)->0.0B(92.0M) Survivors: 13.0M->11.0M Heap: 1006.2M(2048.0M)->1011.2M(2048.0M)]
 [Times: user=0.52 sys=0.02, real=0.07 secs] 
2020-09-29T11:54:05.243+0200: 50.713: [GC concurrent-root-region-scan-start]
2020-09-29T11:54:05.250+0200: 50.720: [GC concurrent-root-region-scan-end, 0.0071537 secs]
2020-09-29T11:54:05.250+0200: 50.720: [GC concurrent-mark-start]
2020-09-29T11:54:05.258+0200: 50.728: [GC concurrent-mark-end, 0.0073123 secs]
2020-09-29T11:54:05.259+0200: 50.728: [GC remark 2020-09-29T11:54:05.259+0200: 50.728: [Finalize Marking, 0.0003894 secs] 2020-09-29T11:54:05.259+0200: 50.729: [GC ref-proc, 0.0008735 secs] 2020-09-29T11:54:05.260+0200: 50.730: [Unloading, 0.0016245 secs], 0.0040084 secs]
 [Times: user=0.00 sys=0.00, real=0.00 secs] 
2020-09-29T11:54:05.264+0200: 50.733: [GC cleanup 1023M->34M(2048M), 0.0035897 secs]
 [Times: user=0.00 sys=0.00, real=0.00 secs] 
2020-09-29T11:54:05.267+0200: 50.737: [GC concurrent-cleanup-start]
2020-09-29T11:54:05.271+0200: 50.741: [GC concurrent-cleanup-end, 0.0037585 secs]
2020-09-29T11:54:05.407+0200: 50.877: [GC pause (G1 Evacuation Pause) (young), 0.1783073 secs]
   [Parallel Time: 174.9 ms, GC Workers: 8]
      [GC Worker Start (ms): Min: 50877.4, Avg: 50877.6, Max: 50877.7, Diff: 0.4]
      [Ext Root Scanning (ms): Min: 0.0, Avg: 0.2, Max: 0.4, Diff: 0.3, Sum: 1.3]
      [Update RS (ms): Min: 16.8, Avg: 17.2, Max: 18.3, Diff: 1.5, Sum: 137.2]
         [Processed Buffers: Min: 5, Avg: 7.9, Max: 10, Diff: 5, Sum: 63]
      [Scan RS (ms): Min: 10.1, Avg: 11.3, Max: 11.7, Diff: 1.6, Sum: 90.6]
      [Code Root Scanning (ms): Min: 0.0, Avg: 0.0, Max: 0.0, Diff: 0.0, Sum: 0.0]
      [Object Copy (ms): Min: 145.2, Avg: 145.5, Max: 145.7, Diff: 0.4, Sum: 1163.7]
      [Termination (ms): Min: 0.0, Avg: 0.1, Max: 0.3, Diff: 0.3, Sum: 1.1]
         [Termination Attempts: Min: 1, Avg: 222.8, Max: 311, Diff: 310, Sum: 1782]
      [GC Worker Other (ms): Min: 0.0, Avg: 0.1, Max: 0.1, Diff: 0.1, Sum: 0.5]
      [GC Worker Total (ms): Min: 174.2, Avg: 174.3, Max: 174.5, Diff: 0.3, Sum: 1394.4]
      [GC Worker End (ms): Min: 51051.9, Avg: 51051.9, Max: 51051.9, Diff: 0.1]
   [Code Root Fixup: 0.0 ms]
   [Code Root Purge: 0.0 ms]
   [Clear CT: 1.0 ms]
   [Other: 2.4 ms]
      [Choose CSet: 0.0 ms]
      [Ref Proc: 0.4 ms]
      [Ref Enq: 0.0 ms]
      [Redirty Cards: 1.1 ms]
      [Humongous Register: 0.1 ms]
      [Humongous Reclaim: 0.0 ms]
      [Free CSet: 0.2 ms]
   [Eden: 92.0M(92.0M)->0.0B(89.0M) Survivors: 11.0M->13.0M Heap: 132.2M(2048.0M)->122.7M(2048.0M)]
 [Times: user=1.23 sys=0.00, real=0.18 secs] 
2020-09-29T11:54:05.746+0200: 51.216: [GC pause (G1 Evacuation Pause) (young), 0.1882981 secs]
   [Parallel Time: 185.7 ms, GC Workers: 8]
      [GC Worker Start (ms): Min: 51216.2, Avg: 51216.4, Max: 51216.6, Diff: 0.4]
      [Ext Root Scanning (ms): Min: 0.0, Avg: 0.2, Max: 0.4, Diff: 0.3, Sum: 1.5]
      [Update RS (ms): Min: 19.2, Avg: 19.9, Max: 20.6, Diff: 1.4, Sum: 159.3]
         [Processed Buffers: Min: 5, Avg: 7.1, Max: 9, Diff: 4, Sum: 57]
      [Scan RS (ms): Min: 12.6, Avg: 13.9, Max: 16.6, Diff: 4.0, Sum: 111.1]
      [Code Root Scanning (ms): Min: 0.0, Avg: 0.0, Max: 0.0, Diff: 0.0, Sum: 0.0]
      [Object Copy (ms): Min: 148.6, Avg: 150.6, Max: 151.5, Diff: 3.0, Sum: 1205.1]
      [Termination (ms): Min: 0.0, Avg: 0.5, Max: 2.1, Diff: 2.1, Sum: 4.2]
         [Termination Attempts: Min: 1, Avg: 563.0, Max: 765, Diff: 764, Sum: 4504]
      [GC Worker Other (ms): Min: 0.0, Avg: 0.1, Max: 0.1, Diff: 0.1, Sum: 0.5]
      [GC Worker Total (ms): Min: 185.0, Avg: 185.2, Max: 185.4, Diff: 0.4, Sum: 1481.7]
      [GC Worker End (ms): Min: 51401.6, Avg: 51401.6, Max: 51401.6, Diff: 0.0]
   [Code Root Fixup: 0.0 ms]
   [Code Root Purge: 0.0 ms]
   [Clear CT: 0.6 ms]
   [Other: 2.0 ms]
      [Choose CSet: 0.0 ms]
      [Ref Proc: 0.5 ms]
      [Ref Enq: 0.0 ms]
      [Redirty Cards: 0.7 ms]
      [Humongous Register: 0.1 ms]
      [Humongous Reclaim: 0.0 ms]
      [Free CSet: 0.3 ms]
   [Eden: 89.0M(89.0M)->0.0B(89.0M) Survivors: 13.0M->13.0M Heap: 225.0M(2048.0M)->227.0M(2048.0M)]
 [Times: user=1.36 sys=0.00, real=0.19 secs] 
2020-09-29T11:54:06.079+0200: 51.548: [GC pause (G1 Evacuation Pause) (young), 0.1896748 secs]
   [Parallel Time: 187.1 ms, GC Workers: 8]
      [GC Worker Start (ms): Min: 51548.7, Avg: 51548.9, Max: 51549.1, Diff: 0.4]
      [Ext Root Scanning (ms): Min: 0.0, Avg: 0.2, Max: 0.4, Diff: 0.4, Sum: 1.4]
      [Update RS (ms): Min: 23.1, Avg: 24.3, Max: 31.2, Diff: 8.1, Sum: 194.1]
         [Processed Buffers: Min: 0, Avg: 8.4, Max: 12, Diff: 12, Sum: 67]
      [Scan RS (ms): Min: 4.7, Avg: 11.6, Max: 13.0, Diff: 8.2, Sum: 92.9]
      [Code Root Scanning (ms): Min: 0.0, Avg: 0.0, Max: 0.0, Diff: 0.0, Sum: 0.0]
      [Object Copy (ms): Min: 150.1, Avg: 150.5, Max: 150.6, Diff: 0.5, Sum: 1203.7]
      [Termination (ms): Min: 0.0, Avg: 0.0, Max: 0.0, Diff: 0.0, Sum: 0.1]
         [Termination Attempts: Min: 1, Avg: 25.6, Max: 37, Diff: 36, Sum: 205]
      [GC Worker Other (ms): Min: 0.0, Avg: 0.0, Max: 0.1, Diff: 0.0, Sum: 0.4]
      [GC Worker Total (ms): Min: 186.4, Avg: 186.6, Max: 186.8, Diff: 0.4, Sum: 1492.6]
      [GC Worker End (ms): Min: 51735.5, Avg: 51735.5, Max: 51735.5, Diff: 0.0]
   [Code Root Fixup: 0.0 ms]
   [Code Root Purge: 0.0 ms]
   [Clear CT: 0.5 ms]
   [Other: 2.1 ms]
      [Choose CSet: 0.0 ms]
      [Ref Proc: 0.7 ms]
      [Ref Enq: 0.0 ms]
      [Redirty Cards: 0.5 ms]
      [Humongous Register: 0.1 ms]
      [Humongous Reclaim: 0.0 ms]
      [Free CSet: 0.3 ms]
   [Eden: 89.0M(89.0M)->0.0B(89.0M) Survivors: 13.0M->13.0M Heap: 331.3M(2048.0M)->333.8M(2048.0M)]
 [Times: user=1.39 sys=0.01, real=0.19 secs] 
2020-09-29T11:54:06.420+0200: 51.889: [GC pause (G1 Evacuation Pause) (young), 0.2166849 secs]
   [Parallel Time: 213.9 ms, GC Workers: 8]
      [GC Worker Start (ms): Min: 51889.6, Avg: 51897.7, Max: 51921.4, Diff: 31.8]
      [Ext Root Scanning (ms): Min: 0.0, Avg: 0.2, Max: 0.5, Diff: 0.4, Sum: 1.5]
      [Update RS (ms): Min: 0.0, Avg: 17.2, Max: 24.6, Diff: 24.6, Sum: 137.9]
         [Processed Buffers: Min: 0, Avg: 7.8, Max: 12, Diff: 12, Sum: 62]
      [Scan RS (ms): Min: 8.3, Avg: 20.5, Max: 44.1, Diff: 35.8, Sum: 163.7]
      [Code Root Scanning (ms): Min: 0.0, Avg: 0.0, Max: 0.0, Diff: 0.0, Sum: 0.0]
      [Object Copy (ms): Min: 146.1, Avg: 167.3, Max: 173.3, Diff: 27.2, Sum: 1338.4]
      [Termination (ms): Min: 0.0, Avg: 0.1, Max: 0.1, Diff: 0.1, Sum: 0.4]
         [Termination Attempts: Min: 1, Avg: 113.4, Max: 147, Diff: 146, Sum: 907]
      [GC Worker Other (ms): Min: 0.0, Avg: 0.1, Max: 0.1, Diff: 0.1, Sum: 0.4]
      [GC Worker Total (ms): Min: 181.6, Avg: 205.3, Max: 213.4, Diff: 31.8, Sum: 1642.4]
      [GC Worker End (ms): Min: 52103.0, Avg: 52103.0, Max: 52103.0, Diff: 0.1]
   [Code Root Fixup: 0.0 ms]
   [Code Root Purge: 0.0 ms]
   [Clear CT: 0.8 ms]
   [Other: 2.0 ms]
      [Choose CSet: 0.0 ms]
      [Ref Proc: 0.7 ms]
      [Ref Enq: 0.0 ms]
      [Redirty Cards: 0.6 ms]
      [Humongous Register: 0.1 ms]
      [Humongous Reclaim: 0.0 ms]
      [Free CSet: 0.2 ms]
   [Eden: 89.0M(89.0M)->0.0B(89.0M) Survivors: 13.0M->13.0M Heap: 438.0M(2048.0M)->439.5M(2048.0M)]
 [Times: user=1.58 sys=0.00, real=0.22 secs] 
2020-09-29T11:54:06.706+0200: 52.176: [GC pause (G1 Evacuation Pause) (young), 0.0759513 secs]
   [Parallel Time: 74.8 ms, GC Workers: 8]
      [GC Worker Start (ms): Min: 52176.2, Avg: 52176.3, Max: 52176.4, Diff: 0.2]
      [Ext Root Scanning (ms): Min: 0.0, Avg: 0.1, Max: 0.2, Diff: 0.2, Sum: 0.6]
      [Update RS (ms): Min: 8.8, Avg: 9.0, Max: 9.1, Diff: 0.3, Sum: 71.7]
         [Processed Buffers: Min: 7, Avg: 9.0, Max: 12, Diff: 5, Sum: 72]
      [Scan RS (ms): Min: 4.8, Avg: 5.0, Max: 5.6, Diff: 0.8, Sum: 40.4]
      [Code Root Scanning (ms): Min: 0.0, Avg: 0.0, Max: 0.0, Diff: 0.0, Sum: 0.0]
      [Object Copy (ms): Min: 59.8, Avg: 60.4, Max: 60.5, Diff: 0.6, Sum: 482.9]
      [Termination (ms): Min: 0.0, Avg: 0.1, Max: 0.2, Diff: 0.2, Sum: 1.0]
         [Termination Attempts: Min: 1, Avg: 527.1, Max: 675, Diff: 674, Sum: 4217]
      [GC Worker Other (ms): Min: 0.0, Avg: 0.0, Max: 0.0, Diff: 0.0, Sum: 0.1]
      [GC Worker Total (ms): Min: 74.5, Avg: 74.6, Max: 74.7, Diff: 0.2, Sum: 596.7]
      [GC Worker End (ms): Min: 52250.9, Avg: 52250.9, Max: 52250.9, Diff: 0.0]
   [Code Root Fixup: 0.0 ms]
   [Code Root Purge: 0.0 ms]
   [Clear CT: 0.3 ms]
   [Other: 0.8 ms]
      [Choose CSet: 0.0 ms]
      [Ref Proc: 0.3 ms]
      [Ref Enq: 0.0 ms]
      [Redirty Cards: 0.2 ms]
      [Humongous Register: 0.0 ms]
      [Humongous Reclaim: 0.0 ms]
      [Free CSet: 0.1 ms]
   [Eden: 89.0M(89.0M)->0.0B(90.0M) Survivors: 13.0M->13.0M Heap: 543.8M(2048.0M)->545.3M(2048.0M)]
 [Times: user=0.55 sys=0.00, real=0.08 secs] 
2020-09-29T11:54:06.840+0200: 52.310: [GC pause (G1 Evacuation Pause) (young), 0.0687770 secs]
   [Parallel Time: 67.6 ms, GC Workers: 8]
      [GC Worker Start (ms): Min: 52310.4, Avg: 52310.5, Max: 52310.6, Diff: 0.2]
      [Ext Root Scanning (ms): Min: 0.0, Avg: 0.1, Max: 0.2, Diff: 0.2, Sum: 0.7]
      [Update RS (ms): Min: 9.1, Avg: 9.1, Max: 9.2, Diff: 0.1, Sum: 73.2]
         [Processed Buffers: Min: 7, Avg: 9.8, Max: 11, Diff: 4, Sum: 78]
      [Scan RS (ms): Min: 4.7, Avg: 4.8, Max: 4.9, Diff: 0.2, Sum: 38.2]
      [Code Root Scanning (ms): Min: 0.0, Avg: 0.0, Max: 0.0, Diff: 0.0, Sum: 0.0]
      [Object Copy (ms): Min: 53.3, Avg: 53.3, Max: 53.4, Diff: 0.1, Sum: 426.7]
      [Termination (ms): Min: 0.0, Avg: 0.0, Max: 0.0, Diff: 0.0, Sum: 0.2]
         [Termination Attempts: Min: 1, Avg: 107.5, Max: 147, Diff: 146, Sum: 860]
      [GC Worker Other (ms): Min: 0.0, Avg: 0.0, Max: 0.1, Diff: 0.0, Sum: 0.2]
      [GC Worker Total (ms): Min: 67.3, Avg: 67.4, Max: 67.5, Diff: 0.2, Sum: 539.2]
      [GC Worker End (ms): Min: 52377.8, Avg: 52377.9, Max: 52377.9, Diff: 0.0]
   [Code Root Fixup: 0.0 ms]
   [Code Root Purge: 0.0 ms]
   [Clear CT: 0.2 ms]
   [Other: 0.9 ms]
      [Choose CSet: 0.0 ms]
      [Ref Proc: 0.2 ms]
      [Ref Enq: 0.0 ms]
      [Redirty Cards: 0.4 ms]
      [Humongous Register: 0.0 ms]
      [Humongous Reclaim: 0.0 ms]
      [Free CSet: 0.1 ms]
   [Eden: 90.0M(90.0M)->0.0B(113.0M) Survivors: 13.0M->13.0M Heap: 650.6M(2048.0M)->652.6M(2048.0M)]
 [Times: user=0.49 sys=0.00, real=0.07 secs] 
2020-09-29T11:54:06.982+0200: 52.452: [GC pause (G1 Evacuation Pause) (young), 0.0939274 secs]
   [Parallel Time: 92.7 ms, GC Workers: 8]
      [GC Worker Start (ms): Min: 52452.1, Avg: 52452.2, Max: 52452.3, Diff: 0.2]
      [Ext Root Scanning (ms): Min: 0.0, Avg: 0.1, Max: 0.2, Diff: 0.2, Sum: 0.7]
      [Update RS (ms): Min: 12.1, Avg: 12.6, Max: 13.0, Diff: 0.9, Sum: 100.7]
         [Processed Buffers: Min: 3, Avg: 9.8, Max: 11, Diff: 8, Sum: 78]
      [Scan RS (ms): Min: 5.9, Avg: 6.3, Max: 6.7, Diff: 0.8, Sum: 50.3]
      [Code Root Scanning (ms): Min: 0.0, Avg: 0.0, Max: 0.0, Diff: 0.0, Sum: 0.0]
      [Object Copy (ms): Min: 73.4, Avg: 73.5, Max: 73.5, Diff: 0.1, Sum: 587.7]
      [Termination (ms): Min: 0.0, Avg: 0.0, Max: 0.1, Diff: 0.1, Sum: 0.3]
         [Termination Attempts: Min: 1, Avg: 197.9, Max: 260, Diff: 259, Sum: 1583]
      [GC Worker Other (ms): Min: 0.0, Avg: 0.0, Max: 0.1, Diff: 0.0, Sum: 0.3]
      [GC Worker Total (ms): Min: 92.4, Avg: 92.5, Max: 92.6, Diff: 0.2, Sum: 740.0]
      [GC Worker End (ms): Min: 52544.7, Avg: 52544.7, Max: 52544.7, Diff: 0.0]
   [Code Root Fixup: 0.0 ms]
   [Code Root Purge: 0.0 ms]
   [Clear CT: 0.4 ms]
   [Other: 0.9 ms]
      [Choose CSet: 0.0 ms]
      [Ref Proc: 0.2 ms]
      [Ref Enq: 0.0 ms]
      [Redirty Cards: 0.2 ms]
      [Humongous Register: 0.1 ms]
      [Humongous Reclaim: 0.0 ms]
      [Free CSet: 0.2 ms]
   [Eden: 113.0M(113.0M)->0.0B(131.0M) Survivors: 13.0M->16.0M Heap: 782.7M(2048.0M)->784.2M(2048.0M)]
 [Times: user=0.72 sys=0.00, real=0.09 secs] 
2020-09-29T11:54:07.166+0200: 52.636: [GC pause (G1 Evacuation Pause) (young), 0.1246266 secs]
   [Parallel Time: 123.4 ms, GC Workers: 8]
      [GC Worker Start (ms): Min: 52636.3, Avg: 52636.3, Max: 52636.4, Diff: 0.1]
      [Ext Root Scanning (ms): Min: 0.0, Avg: 0.1, Max: 0.2, Diff: 0.1, Sum: 0.8]
      [Update RS (ms): Min: 12.1, Avg: 12.3, Max: 12.6, Diff: 0.5, Sum: 98.7]
         [Processed Buffers: Min: 9, Avg: 11.5, Max: 14, Diff: 5, Sum: 92]
      [Scan RS (ms): Min: 8.1, Avg: 9.8, Max: 19.6, Diff: 11.5, Sum: 78.2]
      [Code Root Scanning (ms): Min: 0.0, Avg: 0.0, Max: 0.0, Diff: 0.0, Sum: 0.0]
      [Object Copy (ms): Min: 90.9, Avg: 100.9, Max: 102.3, Diff: 11.4, Sum: 806.8]
      [Termination (ms): Min: 0.0, Avg: 0.2, Max: 0.2, Diff: 0.2, Sum: 1.3]
         [Termination Attempts: Min: 1, Avg: 779.9, Max: 932, Diff: 931, Sum: 6239]
      [GC Worker Other (ms): Min: 0.0, Avg: 0.0, Max: 0.1, Diff: 0.1, Sum: 0.3]
      [GC Worker Total (ms): Min: 123.2, Avg: 123.3, Max: 123.3, Diff: 0.1, Sum: 986.1]
      [GC Worker End (ms): Min: 52759.6, Avg: 52759.6, Max: 52759.6, Diff: 0.1]
   [Code Root Fixup: 0.0 ms]
   [Code Root Purge: 0.0 ms]
   [Clear CT: 0.3 ms]
   [Other: 0.9 ms]
      [Choose CSet: 0.0 ms]
      [Ref Proc: 0.2 ms]
      [Ref Enq: 0.0 ms]
      [Redirty Cards: 0.2 ms]
      [Humongous Register: 0.0 ms]
      [Humongous Reclaim: 0.0 ms]
      [Free CSet: 0.2 ms]
   [Eden: 131.0M(131.0M)->0.0B(140.0M) Survivors: 16.0M->19.0M Heap: 938.1M(2048.0M)->940.1M(2048.0M)]
 [Times: user=0.86 sys=0.00, real=0.13 secs] 
2020-09-29T11:54:07.300+0200: 52.770: [GC pause (G1 Humongous Allocation) (young) (initial-mark), 0.0456082 secs]
   [Parallel Time: 44.5 ms, GC Workers: 8]
      [GC Worker Start (ms): Min: 52770.5, Avg: 52770.6, Max: 52770.6, Diff: 0.2]
      [Ext Root Scanning (ms): Min: 0.0, Avg: 0.4, Max: 2.4, Diff: 2.4, Sum: 3.2]
      [Update RS (ms): Min: 17.3, Avg: 20.7, Max: 31.9, Diff: 14.6, Sum: 165.3]
         [Processed Buffers: Min: 13, Avg: 17.9, Max: 20, Diff: 7, Sum: 143]
      [Scan RS (ms): Min: 0.0, Avg: 1.6, Max: 2.1, Diff: 2.1, Sum: 12.9]
      [Code Root Scanning (ms): Min: 0.0, Avg: 0.0, Max: 0.0, Diff: 0.0, Sum: 0.0]
      [Object Copy (ms): Min: 12.0, Avg: 21.4, Max: 22.8, Diff: 10.8, Sum: 171.4]
      [Termination (ms): Min: 0.0, Avg: 0.1, Max: 0.1, Diff: 0.1, Sum: 0.5]
         [Termination Attempts: Min: 1, Avg: 280.5, Max: 371, Diff: 370, Sum: 2244]
      [GC Worker Other (ms): Min: 0.0, Avg: 0.0, Max: 0.0, Diff: 0.0, Sum: 0.2]
      [GC Worker Total (ms): Min: 44.1, Avg: 44.2, Max: 44.3, Diff: 0.2, Sum: 353.5]
      [GC Worker End (ms): Min: 52814.7, Avg: 52814.7, Max: 52814.8, Diff: 0.0]
   [Code Root Fixup: 0.0 ms]
   [Code Root Purge: 0.0 ms]
   [Clear CT: 0.2 ms]
   [Other: 0.9 ms]
      [Choose CSet: 0.0 ms]
      [Ref Proc: 0.3 ms]
      [Ref Enq: 0.0 ms]
      [Redirty Cards: 0.2 ms]
      [Humongous Register: 0.1 ms]
      [Humongous Reclaim: 0.0 ms]
      [Free CSet: 0.1 ms]
   [Eden: 8192.0K(140.0M)->0.0B(161.0M) Survivors: 19.0M->10.0M Heap: 948.1M(2048.0M)->952.1M(2048.0M)]
 [Times: user=0.33 sys=0.00, real=0.05 secs] 
2020-09-29T11:54:07.346+0200: 52.816: [GC concurrent-root-region-scan-start]
2020-09-29T11:54:07.349+0200: 52.819: [GC concurrent-root-region-scan-end, 0.0024618 secs]
2020-09-29T11:54:07.349+0200: 52.819: [GC concurrent-mark-start]
2020-09-29T11:54:07.351+0200: 52.821: [GC concurrent-mark-end, 0.0029020 secs]
2020-09-29T11:54:07.351+0200: 52.822: [GC remark 2020-09-29T11:54:07.351+0200: 52.822: [Finalize Marking, 0.0002391 secs] 2020-09-29T11:54:07.352+0200: 52.822: [GC ref-proc, 0.0003508 secs] 2020-09-29T11:54:07.352+0200: 52.822: [Unloading, 0.0005419 secs], 0.0015088 secs]
 [Times: user=0.00 sys=0.00, real=0.00 secs] 
2020-09-29T11:54:07.354+0200: 52.824: [GC cleanup 963M->32M(2048M), 0.0012396 secs]
 [Times: user=0.00 sys=0.00, real=0.00 secs] 
2020-09-29T11:54:07.355+0200: 52.825: [GC concurrent-cleanup-start]
2020-09-29T11:54:07.356+0200: 52.826: [GC concurrent-cleanup-end, 0.0011469 secs]
2020-09-29T11:54:07.453+0200: 52.923: [GC pause (G1 Evacuation Pause) (young), 0.1127532 secs]
   [Parallel Time: 111.5 ms, GC Workers: 8]
      [GC Worker Start (ms): Min: 52923.1, Avg: 52923.2, Max: 52923.3, Diff: 0.2]
      [Ext Root Scanning (ms): Min: 0.0, Avg: 0.1, Max: 0.2, Diff: 0.2, Sum: 0.6]
      [Update RS (ms): Min: 13.8, Avg: 13.9, Max: 14.0, Diff: 0.2, Sum: 111.0]
         [Processed Buffers: Min: 11, Avg: 12.9, Max: 15, Diff: 4, Sum: 103]
      [Scan RS (ms): Min: 8.5, Avg: 8.7, Max: 8.9, Diff: 0.4, Sum: 69.5]
      [Code Root Scanning (ms): Min: 0.0, Avg: 0.0, Max: 0.0, Diff: 0.0, Sum: 0.0]
      [Object Copy (ms): Min: 88.4, Avg: 88.6, Max: 88.8, Diff: 0.4, Sum: 708.7]
      [Termination (ms): Min: 0.0, Avg: 0.0, Max: 0.0, Diff: 0.0, Sum: 0.2]
         [Termination Attempts: Min: 1, Avg: 105.4, Max: 135, Diff: 134, Sum: 843]
      [GC Worker Other (ms): Min: 0.0, Avg: 0.0, Max: 0.1, Diff: 0.0, Sum: 0.3]
      [GC Worker Total (ms): Min: 111.2, Avg: 111.3, Max: 111.4, Diff: 0.2, Sum: 890.3]
      [GC Worker End (ms): Min: 53034.5, Avg: 53034.5, Max: 53034.5, Diff: 0.0]
   [Code Root Fixup: 0.0 ms]
   [Code Root Purge: 0.0 ms]
   [Clear CT: 0.2 ms]
   [Other: 1.0 ms]
      [Choose CSet: 0.0 ms]
      [Ref Proc: 0.2 ms]
      [Ref Enq: 0.0 ms]
      [Redirty Cards: 0.4 ms]
      [Humongous Register: 0.0 ms]
      [Humongous Reclaim: 0.0 ms]
      [Free CSet: 0.1 ms]
   [Eden: 161.0M(161.0M)->0.0B(169.0M) Survivors: 10.0M->22.0M Heap: 211.6M(2048.0M)->204.1M(2048.0M)]
 [Times: user=0.86 sys=0.00, real=0.11 secs] 
2020-09-29T11:54:07.678+0200: 53.148: [GC pause (G1 Evacuation Pause) (young), 0.1233219 secs]
   [Parallel Time: 122.1 ms, GC Workers: 8]
      [GC Worker Start (ms): Min: 53147.7, Avg: 53147.8, Max: 53147.9, Diff: 0.2]
      [Ext Root Scanning (ms): Min: 0.0, Avg: 0.1, Max: 0.2, Diff: 0.2, Sum: 0.5]
      [Update RS (ms): Min: 12.9, Avg: 13.2, Max: 13.5, Diff: 0.6, Sum: 105.4]
         [Processed Buffers: Min: 11, Avg: 11.9, Max: 13, Diff: 2, Sum: 95]
      [Scan RS (ms): Min: 11.1, Avg: 11.4, Max: 11.7, Diff: 0.6, Sum: 91.5]
      [Code Root Scanning (ms): Min: 0.0, Avg: 0.0, Max: 0.0, Diff: 0.0, Sum: 0.0]
      [Object Copy (ms): Min: 97.0, Avg: 97.1, Max: 97.2, Diff: 0.1, Sum: 776.9]
      [Termination (ms): Min: 0.0, Avg: 0.0, Max: 0.0, Diff: 0.0, Sum: 0.0]
         [Termination Attempts: Min: 1, Avg: 18.1, Max: 24, Diff: 23, Sum: 145]
      [GC Worker Other (ms): Min: 0.0, Avg: 0.0, Max: 0.1, Diff: 0.0, Sum: 0.2]
      [GC Worker Total (ms): Min: 121.7, Avg: 121.8, Max: 122.0, Diff: 0.2, Sum: 974.6]
      [GC Worker End (ms): Min: 53269.6, Avg: 53269.6, Max: 53269.6, Diff: 0.0]
   [Code Root Fixup: 0.0 ms]
   [Code Root Purge: 0.0 ms]
   [Clear CT: 0.3 ms]
   [Other: 0.9 ms]
      [Choose CSet: 0.0 ms]
      [Ref Proc: 0.2 ms]
      [Ref Enq: 0.0 ms]
      [Redirty Cards: 0.2 ms]
      [Humongous Register: 0.0 ms]
      [Humongous Reclaim: 0.0 ms]
      [Free CSet: 0.2 ms]
   [Eden: 169.0M(169.0M)->0.0B(183.0M) Survivors: 22.0M->24.0M Heap: 399.8M(2048.0M)->401.3M(2048.0M)]
 [Times: user=0.86 sys=0.01, real=0.12 secs] 
2020-09-29T11:54:07.915+0200: 53.385: [GC pause (G1 Evacuation Pause) (young), 0.1360795 secs]
   [Parallel Time: 130.2 ms, GC Workers: 8]
      [GC Worker Start (ms): Min: 53385.1, Avg: 53385.2, Max: 53385.3, Diff: 0.1]
      [Ext Root Scanning (ms): Min: 0.0, Avg: 0.1, Max: 0.2, Diff: 0.1, Sum: 0.7]
      [Update RS (ms): Min: 15.3, Avg: 15.4, Max: 15.7, Diff: 0.5, Sum: 123.3]
         [Processed Buffers: Min: 13, Avg: 14.6, Max: 18, Diff: 5, Sum: 117]
      [Scan RS (ms): Min: 10.2, Avg: 10.5, Max: 10.7, Diff: 0.5, Sum: 84.3]
      [Code Root Scanning (ms): Min: 0.0, Avg: 0.0, Max: 0.0, Diff: 0.0, Sum: 0.0]
      [Object Copy (ms): Min: 103.7, Avg: 103.9, Max: 104.0, Diff: 0.3, Sum: 831.1]
      [Termination (ms): Min: 0.0, Avg: 0.0, Max: 0.1, Diff: 0.1, Sum: 0.3]
         [Termination Attempts: Min: 1, Avg: 227.8, Max: 294, Diff: 293, Sum: 1822]
      [GC Worker Other (ms): Min: 0.0, Avg: 0.0, Max: 0.0, Diff: 0.0, Sum: 0.2]
      [GC Worker Total (ms): Min: 129.9, Avg: 130.0, Max: 130.1, Diff: 0.2, Sum: 1039.9]
      [GC Worker End (ms): Min: 53515.2, Avg: 53515.2, Max: 53515.2, Diff: 0.0]
   [Code Root Fixup: 0.0 ms]
   [Code Root Purge: 0.0 ms]
   [Clear CT: 0.3 ms]
   [Other: 5.5 ms]
      [Choose CSet: 0.0 ms]
      [Ref Proc: 0.2 ms]
      [Ref Enq: 0.0 ms]
      [Redirty Cards: 2.2 ms]
      [Humongous Register: 0.0 ms]
      [Humongous Reclaim: 0.0 ms]
      [Free CSet: 1.9 ms]
   [Eden: 176.0M(173.0M)->0.0B(197.0M) Survivors: 24.0M->25.0M Heap: 607.8M(2048.0M)->609.8M(2048.0M)]
 [Times: user=1.00 sys=0.00, real=0.14 secs] 
2020-09-29T11:54:08.184+0200: 53.654: [GC pause (G1 Evacuation Pause) (young), 0.1454522 secs]
   [Parallel Time: 144.2 ms, GC Workers: 8]
      [GC Worker Start (ms): Min: 53654.2, Avg: 53654.3, Max: 53654.4, Diff: 0.2]
      [Ext Root Scanning (ms): Min: 0.0, Avg: 0.1, Max: 0.2, Diff: 0.2, Sum: 0.6]
      [Update RS (ms): Min: 15.4, Avg: 15.8, Max: 16.4, Diff: 1.0, Sum: 126.2]
         [Processed Buffers: Min: 13, Avg: 14.6, Max: 17, Diff: 4, Sum: 117]
      [Scan RS (ms): Min: 12.3, Avg: 12.8, Max: 13.4, Diff: 1.1, Sum: 102.7]
      [Code Root Scanning (ms): Min: 0.0, Avg: 0.0, Max: 0.0, Diff: 0.0, Sum: 0.0]
      [Object Copy (ms): Min: 115.0, Avg: 115.2, Max: 115.3, Diff: 0.3, Sum: 921.3]
      [Termination (ms): Min: 0.0, Avg: 0.0, Max: 0.0, Diff: 0.0, Sum: 0.2]
         [Termination Attempts: Min: 1, Avg: 98.5, Max: 126, Diff: 125, Sum: 788]
      [GC Worker Other (ms): Min: 0.0, Avg: 0.0, Max: 0.1, Diff: 0.1, Sum: 0.3]
      [GC Worker Total (ms): Min: 143.8, Avg: 143.9, Max: 144.0, Diff: 0.2, Sum: 1151.4]
      [GC Worker End (ms): Min: 53798.2, Avg: 53798.2, Max: 53798.3, Diff: 0.1]
   [Code Root Fixup: 0.0 ms]
   [Code Root Purge: 0.0 ms]
   [Clear CT: 0.3 ms]
   [Other: 1.0 ms]
      [Choose CSet: 0.0 ms]
      [Ref Proc: 0.2 ms]
      [Ref Enq: 0.0 ms]
      [Redirty Cards: 0.2 ms]
      [Humongous Register: 0.0 ms]
      [Humongous Reclaim: 0.0 ms]
      [Free CSet: 0.3 ms]
   [Eden: 197.0M(197.0M)->0.0B(203.0M) Survivors: 25.0M->28.0M Heap: 839.3M(2048.0M)->841.3M(2048.0M)]
 [Times: user=1.13 sys=0.00, real=0.15 secs] 
2020-09-29T11:54:08.467+0200: 53.937: [GC pause (G1 Evacuation Pause) (young), 0.1603312 secs]
   [Parallel Time: 159.1 ms, GC Workers: 8]
      [GC Worker Start (ms): Min: 53937.3, Avg: 53937.4, Max: 53937.5, Diff: 0.2]
      [Ext Root Scanning (ms): Min: 0.0, Avg: 0.1, Max: 0.2, Diff: 0.2, Sum: 0.6]
      [Update RS (ms): Min: 16.0, Avg: 16.1, Max: 16.5, Diff: 0.5, Sum: 128.8]
         [Processed Buffers: Min: 13, Avg: 15.4, Max: 20, Diff: 7, Sum: 123]
      [Scan RS (ms): Min: 12.5, Avg: 12.8, Max: 12.9, Diff: 0.4, Sum: 102.6]
      [Code Root Scanning (ms): Min: 0.0, Avg: 0.0, Max: 0.0, Diff: 0.0, Sum: 0.0]
      [Object Copy (ms): Min: 129.7, Avg: 129.8, Max: 129.8, Diff: 0.1, Sum: 1038.3]
      [Termination (ms): Min: 0.0, Avg: 0.0, Max: 0.0, Diff: 0.0, Sum: 0.2]
         [Termination Attempts: Min: 1, Avg: 124.8, Max: 154, Diff: 153, Sum: 998]
      [GC Worker Other (ms): Min: 0.0, Avg: 0.0, Max: 0.1, Diff: 0.1, Sum: 0.3]
      [GC Worker Total (ms): Min: 158.8, Avg: 158.8, Max: 159.0, Diff: 0.2, Sum: 1270.8]
      [GC Worker End (ms): Min: 54096.2, Avg: 54096.2, Max: 54096.3, Diff: 0.1]
   [Code Root Fixup: 0.0 ms]
   [Code Root Purge: 0.0 ms]
   [Clear CT: 0.2 ms]
   [Other: 1.0 ms]
      [Choose CSet: 0.0 ms]
      [Ref Proc: 0.2 ms]
      [Ref Enq: 0.0 ms]
      [Redirty Cards: 0.3 ms]
      [Humongous Register: 0.0 ms]
      [Humongous Reclaim: 0.0 ms]
      [Free CSet: 0.2 ms]
   [Eden: 203.0M(203.0M)->0.0B(207.0M) Survivors: 28.0M->29.0M Heap: 1078.6M(2048.0M)->1080.1M(2048.0M)]
 [Times: user=1.19 sys=0.00, real=0.16 secs] 
2020-09-29T11:54:08.639+0200: 54.109: [GC pause (G1 Humongous Allocation) (young) (initial-mark), 0.0814424 secs]
   [Parallel Time: 80.4 ms, GC Workers: 8]
      [GC Worker Start (ms): Min: 54108.8, Avg: 54108.9, Max: 54109.0, Diff: 0.2]
      [Ext Root Scanning (ms): Min: 0.0, Avg: 1.8, Max: 8.1, Diff: 8.1, Sum: 14.6]
      [Update RS (ms): Min: 28.6, Avg: 35.9, Max: 46.6, Diff: 18.1, Sum: 287.3]
         [Processed Buffers: Min: 16, Avg: 28.3, Max: 36, Diff: 20, Sum: 226]
      [Scan RS (ms): Min: 0.0, Avg: 2.3, Max: 3.0, Diff: 3.0, Sum: 18.5]
      [Code Root Scanning (ms): Min: 0.0, Avg: 0.0, Max: 0.0, Diff: 0.0, Sum: 0.0]
      [Object Copy (ms): Min: 33.1, Avg: 39.9, Max: 41.0, Diff: 7.8, Sum: 319.1]
      [Termination (ms): Min: 0.0, Avg: 0.2, Max: 0.3, Diff: 0.2, Sum: 1.5]
         [Termination Attempts: Min: 1, Avg: 775.6, Max: 986, Diff: 985, Sum: 6205]
      [GC Worker Other (ms): Min: 0.0, Avg: 0.0, Max: 0.0, Diff: 0.0, Sum: 0.1]
      [GC Worker Total (ms): Min: 80.0, Avg: 80.1, Max: 80.2, Diff: 0.2, Sum: 641.1]
      [GC Worker End (ms): Min: 54189.0, Avg: 54189.0, Max: 54189.0, Diff: 0.0]
   [Code Root Fixup: 0.0 ms]
   [Code Root Purge: 0.0 ms]
   [Clear CT: 0.2 ms]
   [Other: 0.9 ms]
      [Choose CSet: 0.0 ms]
      [Ref Proc: 0.2 ms]
      [Ref Enq: 0.0 ms]
      [Redirty Cards: 0.2 ms]
      [Humongous Register: 0.0 ms]
      [Humongous Reclaim: 0.0 ms]
      [Free CSet: 0.1 ms]
   [Eden: 10.0M(207.0M)->0.0B(183.0M) Survivors: 29.0M->12.0M Heap: 1090.1M(2048.0M)->1094.6M(2048.0M)]
 [Times: user=0.45 sys=0.02, real=0.08 secs] 
2020-09-29T11:54:08.720+0200: 54.190: [GC concurrent-root-region-scan-start]
2020-09-29T11:54:08.725+0200: 54.195: [GC concurrent-root-region-scan-end, 0.0043762 secs]
2020-09-29T11:54:08.725+0200: 54.195: [GC concurrent-mark-start]
2020-09-29T11:54:08.728+0200: 54.198: [GC concurrent-mark-end, 0.0034323 secs]
2020-09-29T11:54:08.729+0200: 54.198: [GC remark 2020-09-29T11:54:08.729+0200: 54.198: [Finalize Marking, 0.0002733 secs] 2020-09-29T11:54:08.729+0200: 54.199: [GC ref-proc, 0.0003603 secs] 2020-09-29T11:54:08.729+0200: 54.199: [Unloading, 0.0006346 secs], 0.0016629 secs]
 [Times: user=0.00 sys=0.00, real=0.00 secs] 
2020-09-29T11:54:08.731+0200: 54.200: [GC cleanup 1109M->39M(2048M), 0.0018023 secs]
 [Times: user=0.00 sys=0.00, real=0.00 secs] 
2020-09-29T11:54:08.733+0200: 54.202: [GC concurrent-cleanup-start]
2020-09-29T11:54:08.735+0200: 54.205: [GC concurrent-cleanup-end, 0.0021684 secs]
2020-09-29T11:54:08.916+0200: 54.386: [GC pause (G1 Evacuation Pause) (young), 0.1704824 secs]
   [Parallel Time: 169.2 ms, GC Workers: 8]
      [GC Worker Start (ms): Min: 54385.9, Avg: 54386.8, Max: 54387.4, Diff: 1.5]
      [Ext Root Scanning (ms): Min: 0.0, Avg: 0.1, Max: 0.2, Diff: 0.2, Sum: 0.6]
      [Update RS (ms): Min: 31.7, Avg: 33.0, Max: 34.2, Diff: 2.5, Sum: 263.7]
         [Processed Buffers: Min: 15, Avg: 18.5, Max: 24, Diff: 9, Sum: 148]
      [Scan RS (ms): Min: 11.5, Avg: 16.6, Max: 29.3, Diff: 17.7, Sum: 133.1]
      [Code Root Scanning (ms): Min: 0.0, Avg: 0.0, Max: 0.0, Diff: 0.0, Sum: 0.1]
      [Object Copy (ms): Min: 106.4, Avg: 118.5, Max: 121.9, Diff: 15.4, Sum: 947.8]
      [Termination (ms): Min: 0.0, Avg: 0.0, Max: 0.0, Diff: 0.0, Sum: 0.3]
         [Termination Attempts: Min: 1, Avg: 171.3, Max: 230, Diff: 229, Sum: 1370]
      [GC Worker Other (ms): Min: 0.0, Avg: 0.0, Max: 0.1, Diff: 0.0, Sum: 0.3]
      [GC Worker Total (ms): Min: 167.6, Avg: 168.2, Max: 169.1, Diff: 1.6, Sum: 1345.8]
      [GC Worker End (ms): Min: 54555.0, Avg: 54555.0, Max: 54555.0, Diff: 0.0]
   [Code Root Fixup: 0.0 ms]
   [Code Root Purge: 0.0 ms]
   [Clear CT: 0.2 ms]
   [Other: 1.0 ms]
      [Choose CSet: 0.0 ms]
      [Ref Proc: 0.2 ms]
      [Ref Enq: 0.0 ms]
      [Redirty Cards: 0.3 ms]
      [Humongous Register: 0.1 ms]
      [Humongous Reclaim: 0.0 ms]
      [Free CSet: 0.2 ms]
   [Eden: 183.0M(183.0M)->0.0B(159.0M) Survivors: 12.0M->25.0M Heap: 237.5M(2048.0M)->227.0M(2048.0M)]
 [Times: user=1.16 sys=0.05, real=0.17 secs] 
2020-09-29T11:54:09.216+0200: 54.686: [GC pause (G1 Evacuation Pause) (young), 0.1233848 secs]
   [Parallel Time: 122.1 ms, GC Workers: 8]
      [GC Worker Start (ms): Min: 54686.1, Avg: 54686.1, Max: 54686.2, Diff: 0.1]
      [Ext Root Scanning (ms): Min: 0.1, Avg: 0.1, Max: 0.1, Diff: 0.1, Sum: 0.8]
      [Update RS (ms): Min: 15.3, Avg: 15.8, Max: 16.4, Diff: 1.2, Sum: 126.6]
         [Processed Buffers: Min: 13, Avg: 13.8, Max: 15, Diff: 2, Sum: 110]
      [Scan RS (ms): Min: 8.6, Avg: 9.2, Max: 9.7, Diff: 1.1, Sum: 73.7]
      [Code Root Scanning (ms): Min: 0.0, Avg: 0.0, Max: 0.0, Diff: 0.0, Sum: 0.0]
      [Object Copy (ms): Min: 96.5, Avg: 96.7, Max: 96.9, Diff: 0.3, Sum: 774.0]
      [Termination (ms): Min: 0.0, Avg: 0.0, Max: 0.0, Diff: 0.0, Sum: 0.2]
         [Termination Attempts: Min: 1, Avg: 121.0, Max: 161, Diff: 160, Sum: 968]
      [GC Worker Other (ms): Min: 0.0, Avg: 0.0, Max: 0.1, Diff: 0.0, Sum: 0.3]
      [GC Worker Total (ms): Min: 121.9, Avg: 122.0, Max: 122.0, Diff: 0.1, Sum: 975.6]
      [GC Worker End (ms): Min: 54808.1, Avg: 54808.1, Max: 54808.1, Diff: 0.1]
   [Code Root Fixup: 0.0 ms]
   [Code Root Purge: 0.0 ms]
   [Clear CT: 0.2 ms]
   [Other: 1.1 ms]
      [Choose CSet: 0.0 ms]
      [Ref Proc: 0.2 ms]
      [Ref Enq: 0.0 ms]
      [Redirty Cards: 0.2 ms]
      [Humongous Register: 0.1 ms]
      [Humongous Reclaim: 0.0 ms]
      [Free CSet: 0.3 ms]
   [Eden: 159.0M(159.0M)->0.0B(181.0M) Survivors: 25.0M->23.0M Heap: 412.7M(2048.0M)->414.7M(2048.0M)]
 [Times: user=1.00 sys=0.00, real=0.12 secs] 
2020-09-29T11:54:09.480+0200: 54.950: [GC pause (G1 Evacuation Pause) (young), 0.1487267 secs]
   [Parallel Time: 147.5 ms, GC Workers: 8]
      [GC Worker Start (ms): Min: 54950.2, Avg: 54950.2, Max: 54950.4, Diff: 0.2]
      [Ext Root Scanning (ms): Min: 0.0, Avg: 0.1, Max: 0.1, Diff: 0.1, Sum: 0.7]
      [Update RS (ms): Min: 17.6, Avg: 17.8, Max: 18.1, Diff: 0.5, Sum: 142.0]
         [Processed Buffers: Min: 13, Avg: 15.0, Max: 17, Diff: 4, Sum: 120]
      [Scan RS (ms): Min: 11.3, Avg: 11.7, Max: 11.9, Diff: 0.5, Sum: 93.4]
      [Code Root Scanning (ms): Min: 0.0, Avg: 0.0, Max: 0.0, Diff: 0.0, Sum: 0.0]
      [Object Copy (ms): Min: 117.5, Avg: 117.6, Max: 117.7, Diff: 0.3, Sum: 940.9]
      [Termination (ms): Min: 0.1, Avg: 0.1, Max: 0.2, Diff: 0.1, Sum: 1.0]
         [Termination Attempts: Min: 1, Avg: 382.3, Max: 533, Diff: 532, Sum: 3058]
      [GC Worker Other (ms): Min: 0.0, Avg: 0.0, Max: 0.0, Diff: 0.0, Sum: 0.1]
      [GC Worker Total (ms): Min: 147.2, Avg: 147.3, Max: 147.4, Diff: 0.2, Sum: 1178.3]
      [GC Worker End (ms): Min: 55097.5, Avg: 55097.5, Max: 55097.5, Diff: 0.0]
   [Code Root Fixup: 0.0 ms]
   [Code Root Purge: 0.0 ms]
   [Clear CT: 0.2 ms]
   [Other: 1.0 ms]
      [Choose CSet: 0.0 ms]
      [Ref Proc: 0.2 ms]
      [Ref Enq: 0.0 ms]
      [Redirty Cards: 0.3 ms]
      [Humongous Register: 0.0 ms]
      [Humongous Reclaim: 0.0 ms]
      [Free CSet: 0.2 ms]
   [Eden: 181.0M(181.0M)->0.0B(190.0M) Survivors: 23.0M->26.0M Heap: 626.2M(2048.0M)->628.2M(2048.0M)]
 [Times: user=1.08 sys=0.00, real=0.15 secs] 
2020-09-29T11:54:09.772+0200: 55.242: [GC pause (G1 Evacuation Pause) (young), 0.1602698 secs]
   [Parallel Time: 158.9 ms, GC Workers: 8]
      [GC Worker Start (ms): Min: 55242.1, Avg: 55242.2, Max: 55242.3, Diff: 0.2]
      [Ext Root Scanning (ms): Min: 0.0, Avg: 0.1, Max: 0.2, Diff: 0.2, Sum: 0.8]
      [Update RS (ms): Min: 18.7, Avg: 18.9, Max: 19.7, Diff: 1.0, Sum: 151.5]
         [Processed Buffers: Min: 15, Avg: 17.1, Max: 20, Diff: 5, Sum: 137]
      [Scan RS (ms): Min: 11.0, Avg: 11.3, Max: 11.5, Diff: 0.6, Sum: 90.5]
      [Code Root Scanning (ms): Min: 0.0, Avg: 0.0, Max: 0.0, Diff: 0.0, Sum: 0.0]
      [Object Copy (ms): Min: 127.9, Avg: 128.2, Max: 128.5, Diff: 0.6, Sum: 1025.9]
      [Termination (ms): Min: 0.0, Avg: 0.1, Max: 0.2, Diff: 0.1, Sum: 1.0]
         [Termination Attempts: Min: 1, Avg: 457.6, Max: 584, Diff: 583, Sum: 3661]
      [GC Worker Other (ms): Min: 0.0, Avg: 0.0, Max: 0.0, Diff: 0.0, Sum: 0.1]
      [GC Worker Total (ms): Min: 158.6, Avg: 158.7, Max: 158.8, Diff: 0.2, Sum: 1269.9]
      [GC Worker End (ms): Min: 55400.9, Avg: 55400.9, Max: 55400.9, Diff: 0.0]
   [Code Root Fixup: 0.0 ms]
   [Code Root Purge: 0.0 ms]
   [Clear CT: 0.2 ms]
   [Other: 1.1 ms]
      [Choose CSet: 0.0 ms]
      [Ref Proc: 0.2 ms]
      [Ref Enq: 0.0 ms]
      [Redirty Cards: 0.3 ms]
      [Humongous Register: 0.1 ms]
      [Humongous Reclaim: 0.0 ms]
      [Free CSet: 0.3 ms]
   [Eden: 190.0M(190.0M)->0.0B(198.0M) Survivors: 26.0M->27.0M Heap: 850.7M(2048.0M)->852.7M(2048.0M)]
 [Times: user=1.17 sys=0.02, real=0.16 secs] 
2020-09-29T11:54:10.075+0200: 55.545: [GC pause (G1 Evacuation Pause) (young), 0.1706181 secs]
   [Parallel Time: 169.1 ms, GC Workers: 8]
      [GC Worker Start (ms): Min: 55545.5, Avg: 55545.6, Max: 55545.7, Diff: 0.2]
      [Ext Root Scanning (ms): Min: 0.0, Avg: 0.1, Max: 0.1, Diff: 0.1, Sum: 0.7]
      [Update RS (ms): Min: 21.2, Avg: 21.3, Max: 21.5, Diff: 0.3, Sum: 170.4]
         [Processed Buffers: Min: 17, Avg: 18.9, Max: 21, Diff: 4, Sum: 151]
      [Scan RS (ms): Min: 9.8, Avg: 10.0, Max: 10.2, Diff: 0.4, Sum: 80.1]
      [Code Root Scanning (ms): Min: 0.0, Avg: 0.0, Max: 0.0, Diff: 0.0, Sum: 0.0]
      [Object Copy (ms): Min: 137.1, Avg: 137.2, Max: 137.3, Diff: 0.2, Sum: 1097.5]
      [Termination (ms): Min: 0.0, Avg: 0.2, Max: 0.3, Diff: 0.3, Sum: 1.5]
         [Termination Attempts: Min: 1, Avg: 832.1, Max: 1086, Diff: 1085, Sum: 6657]
      [GC Worker Other (ms): Min: 0.0, Avg: 0.0, Max: 0.1, Diff: 0.1, Sum: 0.3]
      [GC Worker Total (ms): Min: 168.7, Avg: 168.8, Max: 168.9, Diff: 0.1, Sum: 1350.5]
      [GC Worker End (ms): Min: 55714.4, Avg: 55714.4, Max: 55714.4, Diff: 0.1]
   [Code Root Fixup: 0.0 ms]
   [Code Root Purge: 0.0 ms]
   [Clear CT: 0.3 ms]
   [Other: 1.3 ms]
      [Choose CSet: 0.0 ms]
      [Ref Proc: 0.2 ms]
      [Ref Enq: 0.0 ms]
      [Redirty Cards: 0.4 ms]
      [Humongous Register: 0.1 ms]
      [Humongous Reclaim: 0.0 ms]
      [Free CSet: 0.3 ms]
   [Eden: 198.0M(198.0M)->0.0B(202.0M) Survivors: 27.0M->29.0M Heap: 1083.1M(2048.0M)->1085.1M(2048.0M)]
 [Times: user=1.25 sys=0.03, real=0.17 secs] 
2020-09-29T11:54:10.257+0200: 55.727: [GC pause (G1 Humongous Allocation) (young) (initial-mark), 0.0582458 secs]
   [Parallel Time: 57.2 ms, GC Workers: 8]
      [GC Worker Start (ms): Min: 55727.0, Avg: 55727.1, Max: 55727.2, Diff: 0.2]
      [Ext Root Scanning (ms): Min: 0.1, Avg: 0.4, Max: 0.9, Diff: 0.8, Sum: 2.9]
      [Update RS (ms): Min: 29.9, Avg: 30.2, Max: 30.8, Diff: 0.9, Sum: 241.9]
         [Processed Buffers: Min: 23, Avg: 27.1, Max: 29, Diff: 6, Sum: 217]
      [Scan RS (ms): Min: 2.1, Avg: 2.6, Max: 3.4, Diff: 1.3, Sum: 20.7]
      [Code Root Scanning (ms): Min: 0.0, Avg: 0.0, Max: 0.0, Diff: 0.0, Sum: 0.0]
      [Object Copy (ms): Min: 23.2, Avg: 23.9, Max: 24.1, Diff: 0.9, Sum: 190.9]
      [Termination (ms): Min: 0.0, Avg: 0.0, Max: 0.0, Diff: 0.0, Sum: 0.1]
         [Termination Attempts: Min: 1, Avg: 29.9, Max: 44, Diff: 43, Sum: 239]
      [GC Worker Other (ms): Min: 0.0, Avg: 0.0, Max: 0.0, Diff: 0.0, Sum: 0.2]
      [GC Worker Total (ms): Min: 56.9, Avg: 57.1, Max: 57.1, Diff: 0.2, Sum: 456.6]
      [GC Worker End (ms): Min: 55784.2, Avg: 55784.2, Max: 55784.2, Diff: 0.0]
   [Code Root Fixup: 0.0 ms]
   [Code Root Purge: 0.0 ms]
   [Clear CT: 0.2 ms]
   [Other: 0.9 ms]
      [Choose CSet: 0.0 ms]
      [Ref Proc: 0.2 ms]
      [Ref Enq: 0.0 ms]
      [Redirty Cards: 0.2 ms]
      [Humongous Register: 0.1 ms]
      [Humongous Reclaim: 0.0 ms]
      [Free CSet: 0.1 ms]
   [Eden: 5120.0K(202.0M)->0.0B(223.0M) Survivors: 29.0M->7168.0K Heap: 1090.1M(2048.0M)->1093.6M(2048.0M)]
 [Times: user=0.33 sys=0.00, real=0.06 secs] 
2020-09-29T11:54:10.315+0200: 55.785: [GC concurrent-root-region-scan-start]
2020-09-29T11:54:10.318+0200: 55.787: [GC concurrent-root-region-scan-end, 0.0021646 secs]
2020-09-29T11:54:10.318+0200: 55.787: [GC concurrent-mark-start]
2020-09-29T11:54:10.322+0200: 55.791: [GC concurrent-mark-end, 0.0040258 secs]
2020-09-29T11:54:10.322+0200: 55.792: [GC remark 2020-09-29T11:54:10.322+0200: 55.792: [Finalize Marking, 0.0002567 secs] 2020-09-29T11:54:10.322+0200: 55.792: [GC ref-proc, 0.0004643 secs] 2020-09-29T11:54:10.323+0200: 55.793: [Unloading, 0.0006802 secs], 0.0019902 secs]
 [Times: user=0.00 sys=0.00, real=0.00 secs] 
2020-09-29T11:54:10.325+0200: 55.794: [GC cleanup 1103M->28M(2048M), 0.0019005 secs]
 [Times: user=0.00 sys=0.00, real=0.00 secs] 
2020-09-29T11:54:10.327+0200: 55.796: [GC concurrent-cleanup-start]
2020-09-29T11:54:10.329+0200: 55.799: [GC concurrent-cleanup-end, 0.0022466 secs]
2020-09-29T11:54:10.468+0200: 55.938: [GC pause (G1 Evacuation Pause) (young), 0.1584351 secs]
   [Parallel Time: 156.4 ms, GC Workers: 8]
      [GC Worker Start (ms): Min: 55937.6, Avg: 55937.7, Max: 55937.8, Diff: 0.2]
      [Ext Root Scanning (ms): Min: 0.0, Avg: 0.1, Max: 0.2, Diff: 0.2, Sum: 0.6]
      [Update RS (ms): Min: 16.1, Avg: 16.3, Max: 16.9, Diff: 0.9, Sum: 130.5]
         [Processed Buffers: Min: 14, Avg: 15.1, Max: 16, Diff: 2, Sum: 121]
      [Scan RS (ms): Min: 11.0, Avg: 11.7, Max: 11.9, Diff: 0.9, Sum: 93.4]
      [Code Root Scanning (ms): Min: 0.0, Avg: 0.0, Max: 0.0, Diff: 0.0, Sum: 0.0]
      [Object Copy (ms): Min: 127.5, Avg: 127.7, Max: 128.0, Diff: 0.5, Sum: 1021.2]
      [Termination (ms): Min: 0.0, Avg: 0.3, Max: 0.4, Diff: 0.4, Sum: 2.6]
         [Termination Attempts: Min: 1, Avg: 1796.3, Max: 2172, Diff: 2171, Sum: 14370]
      [GC Worker Other (ms): Min: 0.0, Avg: 0.0, Max: 0.1, Diff: 0.1, Sum: 0.3]
      [GC Worker Total (ms): Min: 156.0, Avg: 156.1, Max: 156.2, Diff: 0.2, Sum: 1248.7]
      [GC Worker End (ms): Min: 56093.8, Avg: 56093.8, Max: 56093.9, Diff: 0.1]
   [Code Root Fixup: 0.0 ms]
   [Code Root Purge: 0.0 ms]
   [Clear CT: 0.3 ms]
   [Other: 1.7 ms]
      [Choose CSet: 0.0 ms]
      [Ref Proc: 0.2 ms]
      [Ref Enq: 0.0 ms]
      [Redirty Cards: 1.1 ms]
      [Humongous Register: 0.0 ms]
      [Humongous Reclaim: 0.0 ms]
      [Free CSet: 0.1 ms]
   [Eden: 223.0M(223.0M)->0.0B(211.0M) Survivors: 7168.0K->29.0M Heap: 280.1M(2048.0M)->275.1M(2048.0M)]
 [Times: user=1.22 sys=0.00, real=0.16 secs] 
2020-09-29T11:54:10.765+0200: 56.235: [GC pause (G1 Evacuation Pause) (young), 0.1573419 secs]
   [Parallel Time: 155.8 ms, GC Workers: 8]
      [GC Worker Start (ms): Min: 56235.4, Avg: 56235.5, Max: 56235.6, Diff: 0.2]
      [Ext Root Scanning (ms): Min: 0.0, Avg: 0.1, Max: 0.2, Diff: 0.2, Sum: 0.5]
      [Update RS (ms): Min: 16.8, Avg: 17.1, Max: 17.4, Diff: 0.6, Sum: 136.7]
         [Processed Buffers: Min: 15, Avg: 15.3, Max: 16, Diff: 1, Sum: 122]
      [Scan RS (ms): Min: 12.9, Avg: 13.3, Max: 13.6, Diff: 0.8, Sum: 106.3]
      [Code Root Scanning (ms): Min: 0.0, Avg: 0.0, Max: 0.0, Diff: 0.0, Sum: 0.0]
      [Object Copy (ms): Min: 124.5, Avg: 124.8, Max: 125.0, Diff: 0.5, Sum: 998.7]
      [Termination (ms): Min: 0.0, Avg: 0.2, Max: 0.2, Diff: 0.2, Sum: 1.3]
         [Termination Attempts: Min: 1, Avg: 798.0, Max: 977, Diff: 976, Sum: 6384]
      [GC Worker Other (ms): Min: 0.0, Avg: 0.0, Max: 0.1, Diff: 0.1, Sum: 0.3]
      [GC Worker Total (ms): Min: 155.4, Avg: 155.5, Max: 155.6, Diff: 0.2, Sum: 1243.9]
      [GC Worker End (ms): Min: 56391.0, Avg: 56391.0, Max: 56391.1, Diff: 0.1]
   [Code Root Fixup: 0.0 ms]
   [Code Root Purge: 0.0 ms]
   [Clear CT: 0.2 ms]
   [Other: 1.3 ms]
      [Choose CSet: 0.0 ms]
      [Ref Proc: 0.3 ms]
      [Ref Enq: 0.0 ms]
      [Redirty Cards: 0.6 ms]
      [Humongous Register: 0.0 ms]
      [Humongous Reclaim: 0.0 ms]
      [Free CSet: 0.2 ms]
   [Eden: 211.0M(211.0M)->0.0B(218.0M) Survivors: 29.0M->30.0M Heap: 520.5M(2048.0M)->522.5M(2048.0M)]
 [Times: user=1.25 sys=0.00, real=0.16 secs] 
2020-09-29T11:54:11.066+0200: 56.536: [GC pause (G1 Evacuation Pause) (young), 0.1562075 secs]
   [Parallel Time: 155.1 ms, GC Workers: 8]
      [GC Worker Start (ms): Min: 56536.5, Avg: 56536.5, Max: 56536.6, Diff: 0.1]
      [Ext Root Scanning (ms): Min: 0.1, Avg: 0.1, Max: 0.1, Diff: 0.1, Sum: 0.8]
      [Update RS (ms): Min: 17.7, Avg: 17.9, Max: 18.3, Diff: 0.6, Sum: 143.1]
         [Processed Buffers: Min: 15, Avg: 15.6, Max: 17, Diff: 2, Sum: 125]
      [Scan RS (ms): Min: 13.1, Avg: 13.3, Max: 13.5, Diff: 0.4, Sum: 106.2]
      [Code Root Scanning (ms): Min: 0.0, Avg: 0.0, Max: 0.0, Diff: 0.0, Sum: 0.0]
      [Object Copy (ms): Min: 123.4, Avg: 123.5, Max: 123.6, Diff: 0.2, Sum: 988.3]
      [Termination (ms): Min: 0.0, Avg: 0.0, Max: 0.0, Diff: 0.0, Sum: 0.2]
         [Termination Attempts: Min: 1, Avg: 120.6, Max: 151, Diff: 150, Sum: 965]
      [GC Worker Other (ms): Min: 0.0, Avg: 0.0, Max: 0.1, Diff: 0.0, Sum: 0.3]
      [GC Worker Total (ms): Min: 154.8, Avg: 154.9, Max: 154.9, Diff: 0.1, Sum: 1238.9]
      [GC Worker End (ms): Min: 56691.4, Avg: 56691.4, Max: 56691.4, Diff: 0.1]
   [Code Root Fixup: 0.0 ms]
   [Code Root Purge: 0.0 ms]
   [Clear CT: 0.2 ms]
   [Other: 0.9 ms]
      [Choose CSet: 0.0 ms]
      [Ref Proc: 0.2 ms]
      [Ref Enq: 0.0 ms]
      [Redirty Cards: 0.2 ms]
      [Humongous Register: 0.1 ms]
      [Humongous Reclaim: 0.0 ms]
      [Free CSet: 0.2 ms]
   [Eden: 218.0M(218.0M)->0.0B(227.0M) Survivors: 30.0M->31.0M Heap: 776.7M(2048.0M)->778.2M(2048.0M)]
 [Times: user=1.14 sys=0.00, real=0.16 secs] 
2020-09-29T11:54:11.373+0200: 56.843: [GC pause (G1 Evacuation Pause) (young), 0.1728594 secs]
   [Parallel Time: 171.6 ms, GC Workers: 8]
      [GC Worker Start (ms): Min: 56843.4, Avg: 56843.5, Max: 56843.6, Diff: 0.2]
      [Ext Root Scanning (ms): Min: 0.0, Avg: 0.1, Max: 0.2, Diff: 0.2, Sum: 0.6]
      [Update RS (ms): Min: 24.9, Avg: 25.0, Max: 25.2, Diff: 0.4, Sum: 200.2]
         [Processed Buffers: Min: 21, Avg: 22.1, Max: 24, Diff: 3, Sum: 177]
      [Scan RS (ms): Min: 11.4, Avg: 11.7, Max: 11.9, Diff: 0.5, Sum: 93.3]
      [Code Root Scanning (ms): Min: 0.0, Avg: 0.0, Max: 0.0, Diff: 0.0, Sum: 0.0]
      [Object Copy (ms): Min: 134.4, Avg: 134.5, Max: 134.6, Diff: 0.2, Sum: 1076.2]
      [Termination (ms): Min: 0.0, Avg: 0.1, Max: 0.1, Diff: 0.1, Sum: 0.6]
         [Termination Attempts: Min: 1, Avg: 355.1, Max: 446, Diff: 445, Sum: 2841]
      [GC Worker Other (ms): Min: 0.0, Avg: 0.0, Max: 0.1, Diff: 0.1, Sum: 0.4]
      [GC Worker Total (ms): Min: 171.3, Avg: 171.4, Max: 171.5, Diff: 0.2, Sum: 1371.2]
      [GC Worker End (ms): Min: 57014.9, Avg: 57014.9, Max: 57015.0, Diff: 0.1]
   [Code Root Fixup: 0.0 ms]
   [Code Root Purge: 0.0 ms]
   [Clear CT: 0.2 ms]
   [Other: 1.0 ms]
      [Choose CSet: 0.0 ms]
      [Ref Proc: 0.2 ms]
      [Ref Enq: 0.0 ms]
      [Redirty Cards: 0.3 ms]
      [Humongous Register: 0.0 ms]
      [Humongous Reclaim: 0.0 ms]
      [Free CSet: 0.3 ms]
   [Eden: 227.0M(227.0M)->0.0B(230.0M) Survivors: 31.0M->33.0M Heap: 1043.4M(2048.0M)->1045.4M(2048.0M)]
 [Times: user=1.38 sys=0.00, real=0.17 secs] 
2020-09-29T11:54:11.559+0200: 57.029: [GC pause (G1 Humongous Allocation) (young) (initial-mark), 0.0609155 secs]
   [Parallel Time: 59.8 ms, GC Workers: 8]
      [GC Worker Start (ms): Min: 57028.9, Avg: 57029.0, Max: 57029.1, Diff: 0.2]
      [Ext Root Scanning (ms): Min: 0.0, Avg: 0.8, Max: 2.8, Diff: 2.8, Sum: 6.5]
      [Update RS (ms): Min: 30.5, Avg: 32.5, Max: 33.2, Diff: 2.8, Sum: 260.2]
         [Processed Buffers: Min: 27, Avg: 30.0, Max: 32, Diff: 5, Sum: 240]
      [Scan RS (ms): Min: 2.3, Avg: 2.7, Max: 2.9, Diff: 0.6, Sum: 21.2]
      [Code Root Scanning (ms): Min: 0.0, Avg: 0.0, Max: 0.0, Diff: 0.0, Sum: 0.0]
      [Object Copy (ms): Min: 23.4, Avg: 23.5, Max: 23.6, Diff: 0.2, Sum: 188.1]
      [Termination (ms): Min: 0.0, Avg: 0.1, Max: 0.2, Diff: 0.2, Sum: 1.0]
         [Termination Attempts: Min: 1, Avg: 647.4, Max: 840, Diff: 839, Sum: 5179]
      [GC Worker Other (ms): Min: 0.0, Avg: 0.0, Max: 0.1, Diff: 0.1, Sum: 0.2]
      [GC Worker Total (ms): Min: 59.5, Avg: 59.7, Max: 59.7, Diff: 0.2, Sum: 477.3]
      [GC Worker End (ms): Min: 57088.6, Avg: 57088.6, Max: 57088.7, Diff: 0.0]
   [Code Root Fixup: 0.0 ms]
   [Code Root Purge: 0.0 ms]
   [Clear CT: 0.2 ms]
   [Other: 0.9 ms]
      [Choose CSet: 0.0 ms]
      [Ref Proc: 0.3 ms]
      [Ref Enq: 0.0 ms]
      [Redirty Cards: 0.2 ms]
      [Humongous Register: 0.1 ms]
      [Humongous Reclaim: 0.0 ms]
      [Free CSet: 0.1 ms]
   [Eden: 3072.0K(230.0M)->0.0B(251.0M) Survivors: 33.0M->5120.0K Heap: 1047.9M(2048.0M)->1051.9M(2048.0M)]
 [Times: user=0.45 sys=0.00, real=0.06 secs] 
2020-09-29T11:54:11.620+0200: 57.090: [GC concurrent-root-region-scan-start]
2020-09-29T11:54:11.621+0200: 57.091: [GC concurrent-root-region-scan-end, 0.0009107 secs]
2020-09-29T11:54:11.621+0200: 57.091: [GC concurrent-mark-start]
2020-09-29T11:54:11.624+0200: 57.094: [GC concurrent-mark-end, 0.0029783 secs]
2020-09-29T11:54:11.624+0200: 57.094: [GC remark 2020-09-29T11:54:11.624+0200: 57.094: [Finalize Marking, 0.0002531 secs] 2020-09-29T11:54:11.624+0200: 57.094: [GC ref-proc, 0.0003693 secs] 2020-09-29T11:54:11.625+0200: 57.095: [Unloading, 0.0005096 secs], 0.0014388 secs]
 [Times: user=0.00 sys=0.00, real=0.00 secs] 
2020-09-29T11:54:11.626+0200: 57.096: [GC cleanup 1060M->25M(2048M), 0.0012804 secs]
 [Times: user=0.00 sys=0.00, real=0.00 secs] 
2020-09-29T11:54:11.627+0200: 57.097: [GC concurrent-cleanup-start]
2020-09-29T11:54:11.629+0200: 57.099: [GC concurrent-cleanup-end, 0.0013813 secs]
2020-09-29T11:54:11.766+0200: 57.236: [GC pause (G1 Evacuation Pause) (young), 0.1282652 secs]
   [Parallel Time: 127.1 ms, GC Workers: 8]
      [GC Worker Start (ms): Min: 57235.8, Avg: 57236.0, Max: 57236.0, Diff: 0.2]
      [Ext Root Scanning (ms): Min: 0.0, Avg: 0.1, Max: 0.2, Diff: 0.2, Sum: 0.4]
      [Update RS (ms): Min: 17.2, Avg: 17.7, Max: 18.0, Diff: 0.8, Sum: 141.9]
         [Processed Buffers: Min: 17, Avg: 18.5, Max: 20, Diff: 3, Sum: 148]
      [Scan RS (ms): Min: 9.7, Avg: 9.9, Max: 10.5, Diff: 0.8, Sum: 79.5]
      [Code Root Scanning (ms): Min: 0.0, Avg: 0.0, Max: 0.0, Diff: 0.0, Sum: 0.0]
      [Object Copy (ms): Min: 99.0, Avg: 99.0, Max: 99.1, Diff: 0.1, Sum: 792.2]
      [Termination (ms): Min: 0.0, Avg: 0.0, Max: 0.0, Diff: 0.0, Sum: 0.1]
         [Termination Attempts: Min: 1, Avg: 83.3, Max: 107, Diff: 106, Sum: 666]
      [GC Worker Other (ms): Min: 0.0, Avg: 0.0, Max: 0.0, Diff: 0.0, Sum: 0.2]
      [GC Worker Total (ms): Min: 126.7, Avg: 126.8, Max: 126.9, Diff: 0.2, Sum: 1014.4]
      [GC Worker End (ms): Min: 57362.8, Avg: 57362.8, Max: 57362.8, Diff: 0.0]
   [Code Root Fixup: 0.0 ms]
   [Code Root Purge: 0.0 ms]
   [Clear CT: 0.2 ms]
   [Other: 1.0 ms]
      [Choose CSet: 0.0 ms]
      [Ref Proc: 0.3 ms]
      [Ref Enq: 0.0 ms]
      [Redirty Cards: 0.3 ms]
      [Humongous Register: 0.0 ms]
      [Humongous Reclaim: 0.0 ms]
      [Free CSet: 0.2 ms]
   [Eden: 251.0M(251.0M)->0.0B(248.0M) Survivors: 5120.0K->32.0M Heap: 310.0M(2048.0M)->307.5M(2048.0M)]
 [Times: user=0.89 sys=0.01, real=0.13 secs] 
2020-09-29T11:54:12.023+0200: 57.492: [GC pause (G1 Evacuation Pause) (young), 0.1290754 secs]
   [Parallel Time: 127.9 ms, GC Workers: 8]
      [GC Worker Start (ms): Min: 57492.6, Avg: 57492.6, Max: 57492.7, Diff: 0.1]
      [Ext Root Scanning (ms): Min: 0.0, Avg: 0.1, Max: 0.1, Diff: 0.1, Sum: 0.6]
      [Update RS (ms): Min: 12.7, Avg: 12.9, Max: 13.3, Diff: 0.6, Sum: 102.9]
         [Processed Buffers: Min: 15, Avg: 15.9, Max: 18, Diff: 3, Sum: 127]
      [Scan RS (ms): Min: 12.2, Avg: 12.6, Max: 12.8, Diff: 0.7, Sum: 101.1]
      [Code Root Scanning (ms): Min: 0.0, Avg: 0.0, Max: 0.0, Diff: 0.0, Sum: 0.0]
      [Object Copy (ms): Min: 102.1, Avg: 102.2, Max: 102.2, Diff: 0.1, Sum: 817.3]
      [Termination (ms): Min: 0.0, Avg: 0.0, Max: 0.0, Diff: 0.0, Sum: 0.0]
         [Termination Attempts: Min: 1, Avg: 34.5, Max: 45, Diff: 44, Sum: 276]
      [GC Worker Other (ms): Min: 0.0, Avg: 0.0, Max: 0.1, Diff: 0.1, Sum: 0.3]
      [GC Worker Total (ms): Min: 127.7, Avg: 127.8, Max: 127.8, Diff: 0.1, Sum: 1022.3]
      [GC Worker End (ms): Min: 57620.4, Avg: 57620.4, Max: 57620.4, Diff: 0.1]
   [Code Root Fixup: 0.0 ms]
   [Code Root Purge: 0.0 ms]
   [Clear CT: 0.2 ms]
   [Other: 1.0 ms]
      [Choose CSet: 0.0 ms]
      [Ref Proc: 0.2 ms]
      [Ref Enq: 0.0 ms]
      [Redirty Cards: 0.2 ms]
      [Humongous Register: 0.1 ms]
      [Humongous Reclaim: 0.0 ms]
      [Free CSet: 0.2 ms]
   [Eden: 248.0M(248.0M)->0.0B(265.0M) Survivors: 32.0M->35.0M Heap: 597.4M(2048.0M)->599.4M(2048.0M)]
 [Times: user=0.97 sys=0.00, real=0.13 secs] 
2020-09-29T11:54:12.317+0200: 57.787: [GC pause (G1 Evacuation Pause) (young), 0.1624662 secs]
   [Parallel Time: 161.3 ms, GC Workers: 8]
      [GC Worker Start (ms): Min: 57787.3, Avg: 57788.3, Max: 57795.0, Diff: 7.8]
      [Ext Root Scanning (ms): Min: 0.0, Avg: 0.1, Max: 0.2, Diff: 0.1, Sum: 0.7]
      [Update RS (ms): Min: 11.2, Avg: 18.2, Max: 19.5, Diff: 8.3, Sum: 145.3]
         [Processed Buffers: Min: 12, Avg: 20.1, Max: 24, Diff: 12, Sum: 161]
      [Scan RS (ms): Min: 14.6, Avg: 15.0, Max: 15.3, Diff: 0.7, Sum: 120.1]
      [Code Root Scanning (ms): Min: 0.0, Avg: 0.0, Max: 0.0, Diff: 0.0, Sum: 0.0]
      [Object Copy (ms): Min: 126.5, Avg: 126.7, Max: 126.8, Diff: 0.3, Sum: 1013.4]
      [Termination (ms): Min: 0.0, Avg: 0.1, Max: 0.2, Diff: 0.2, Sum: 1.0]
         [Termination Attempts: Min: 1, Avg: 997.0, Max: 1181, Diff: 1180, Sum: 7976]
      [GC Worker Other (ms): Min: 0.0, Avg: 0.1, Max: 0.1, Diff: 0.1, Sum: 0.5]
      [GC Worker Total (ms): Min: 153.4, Avg: 160.1, Max: 161.1, Diff: 7.7, Sum: 1281.0]
      [GC Worker End (ms): Min: 57948.4, Avg: 57948.4, Max: 57948.4, Diff: 0.1]
   [Code Root Fixup: 0.0 ms]
   [Code Root Purge: 0.0 ms]
   [Clear CT: 0.2 ms]
   [Other: 1.0 ms]
      [Choose CSet: 0.0 ms]
      [Ref Proc: 0.2 ms]
      [Ref Enq: 0.0 ms]
      [Redirty Cards: 0.2 ms]
      [Humongous Register: 0.0 ms]
      [Humongous Reclaim: 0.0 ms]
      [Free CSet: 0.3 ms]
   [Eden: 265.0M(265.0M)->0.0B(271.0M) Survivors: 35.0M->38.0M Heap: 908.3M(2048.0M)->909.8M(2048.0M)]
 [Times: user=1.22 sys=0.03, real=0.16 secs] 
2020-09-29T11:54:12.614+0200: 58.084: [GC pause (G1 Humongous Allocation) (young) (initial-mark), 0.1920428 secs]
   [Parallel Time: 190.9 ms, GC Workers: 8]
      [GC Worker Start (ms): Min: 58084.1, Avg: 58084.2, Max: 58084.3, Diff: 0.2]
      [Ext Root Scanning (ms): Min: 0.0, Avg: 2.5, Max: 19.4, Diff: 19.4, Sum: 20.2]
      [Update RS (ms): Min: 7.8, Avg: 24.5, Max: 27.2, Diff: 19.4, Sum: 195.8]
         [Processed Buffers: Min: 8, Avg: 22.6, Max: 26, Diff: 18, Sum: 181]
      [Scan RS (ms): Min: 14.3, Avg: 15.8, Max: 24.2, Diff: 9.8, Sum: 126.5]
      [Code Root Scanning (ms): Min: 0.0, Avg: 0.0, Max: 0.0, Diff: 0.0, Sum: 0.0]
      [Object Copy (ms): Min: 139.4, Avg: 147.3, Max: 148.5, Diff: 9.1, Sum: 1178.6]
      [Termination (ms): Min: 0.0, Avg: 0.2, Max: 0.2, Diff: 0.2, Sum: 1.4]
         [Termination Attempts: Min: 1, Avg: 1372.5, Max: 1674, Diff: 1673, Sum: 10980]
      [GC Worker Other (ms): Min: 0.3, Avg: 0.3, Max: 0.4, Diff: 0.1, Sum: 2.7]
      [GC Worker Total (ms): Min: 190.5, Avg: 190.7, Max: 190.8, Diff: 0.3, Sum: 1525.2]
      [GC Worker End (ms): Min: 58274.8, Avg: 58274.9, Max: 58274.9, Diff: 0.1]
   [Code Root Fixup: 0.0 ms]
   [Code Root Purge: 0.0 ms]
   [Clear CT: 0.2 ms]
   [Other: 1.0 ms]
      [Choose CSet: 0.0 ms]
      [Ref Proc: 0.2 ms]
      [Ref Enq: 0.0 ms]
      [Redirty Cards: 0.2 ms]
      [Humongous Register: 0.0 ms]
      [Humongous Reclaim: 0.0 ms]
      [Free CSet: 0.2 ms]
   [Eden: 244.0M(271.0M)->0.0B(250.0M) Survivors: 38.0M->39.0M Heap: 1193.3M(2048.0M)->1194.8M(2048.0M)]
 [Times: user=1.34 sys=0.03, real=0.19 secs] 
2020-09-29T11:54:12.806+0200: 58.276: [GC concurrent-root-region-scan-start]
2020-09-29T11:54:12.820+0200: 58.290: [GC concurrent-root-region-scan-end, 0.0142797 secs]
2020-09-29T11:54:12.820+0200: 58.290: [GC concurrent-mark-start]
2020-09-29T11:54:12.827+0200: 58.297: [GC concurrent-mark-end, 0.0052084 secs]
2020-09-29T11:54:12.827+0200: 58.298: [GC remark 2020-09-29T11:54:12.827+0200: 58.298: [Finalize Marking, 0.0001467 secs] 2020-09-29T11:54:12.827+0200: 58.298: [GC ref-proc, 0.0003837 secs] 2020-09-29T11:54:12.828+0200: 58.298: [Unloading, 0.0006334 secs], 0.0015845 secs]
 [Times: user=0.00 sys=0.00, real=0.00 secs] 
2020-09-29T11:54:12.829+0200: 58.300: [GC cleanup 1236M->93M(2048M), 0.0014911 secs]
 [Times: user=0.00 sys=0.00, real=0.00 secs] 
2020-09-29T11:54:12.831+0200: 58.301: [GC concurrent-cleanup-start]
2020-09-29T11:54:12.832+0200: 58.303: [GC concurrent-cleanup-end, 0.0016297 secs]
2020-09-29T11:54:12.956+0200: 58.426: [GC pause (G1 Evacuation Pause) (young), 0.1546161 secs]
   [Parallel Time: 152.9 ms, GC Workers: 8]
      [GC Worker Start (ms): Min: 58426.5, Avg: 58426.6, Max: 58426.7, Diff: 0.2]
      [Ext Root Scanning (ms): Min: 0.0, Avg: 0.1, Max: 0.1, Diff: 0.1, Sum: 0.5]
      [Update RS (ms): Min: 19.5, Avg: 20.4, Max: 23.8, Diff: 4.2, Sum: 163.1]
         [Processed Buffers: Min: 0, Avg: 17.6, Max: 23, Diff: 23, Sum: 141]
      [Scan RS (ms): Min: 7.6, Avg: 11.0, Max: 12.0, Diff: 4.4, Sum: 88.0]
      [Code Root Scanning (ms): Min: 0.0, Avg: 0.0, Max: 0.0, Diff: 0.0, Sum: 0.0]
      [Object Copy (ms): Min: 120.8, Avg: 121.0, Max: 121.2, Diff: 0.4, Sum: 968.0]
      [Termination (ms): Min: 0.0, Avg: 0.2, Max: 0.2, Diff: 0.2, Sum: 1.3]
         [Termination Attempts: Min: 1, Avg: 1231.6, Max: 1531, Diff: 1530, Sum: 9853]
      [GC Worker Other (ms): Min: 0.0, Avg: 0.1, Max: 0.1, Diff: 0.1, Sum: 0.4]
      [GC Worker Total (ms): Min: 152.6, Avg: 152.7, Max: 152.8, Diff: 0.2, Sum: 1221.4]
      [GC Worker End (ms): Min: 58579.3, Avg: 58579.3, Max: 58579.3, Diff: 0.1]
   [Code Root Fixup: 0.0 ms]
   [Code Root Purge: 0.0 ms]
   [Clear CT: 0.8 ms]
   [Other: 0.9 ms]
      [Choose CSet: 0.0 ms]
      [Ref Proc: 0.2 ms]
      [Ref Enq: 0.0 ms]
      [Redirty Cards: 0.2 ms]
      [Humongous Register: 0.0 ms]
      [Humongous Reclaim: 0.0 ms]
      [Free CSet: 0.2 ms]
   [Eden: 250.0M(250.0M)->0.0B(262.0M) Survivors: 39.0M->37.0M Heap: 343.0M(2048.0M)->306.5M(2048.0M)]
 [Times: user=1.22 sys=0.00, real=0.15 secs] 
2020-09-29T11:54:13.270+0200: 58.740: [GC pause (G1 Evacuation Pause) (young), 0.1550006 secs]
   [Parallel Time: 154.0 ms, GC Workers: 8]
      [GC Worker Start (ms): Min: 58740.2, Avg: 58740.3, Max: 58740.4, Diff: 0.2]
      [Ext Root Scanning (ms): Min: 0.0, Avg: 0.1, Max: 0.2, Diff: 0.2, Sum: 0.6]
      [Update RS (ms): Min: 18.3, Avg: 18.5, Max: 18.9, Diff: 0.6, Sum: 148.2]
         [Processed Buffers: Min: 10, Avg: 17.5, Max: 20, Diff: 10, Sum: 140]
      [Scan RS (ms): Min: 16.3, Avg: 16.7, Max: 16.9, Diff: 0.6, Sum: 133.7]
      [Code Root Scanning (ms): Min: 0.0, Avg: 0.0, Max: 0.0, Diff: 0.0, Sum: 0.0]
      [Object Copy (ms): Min: 118.2, Avg: 118.3, Max: 118.4, Diff: 0.2, Sum: 946.6]
      [Termination (ms): Min: 0.0, Avg: 0.1, Max: 0.1, Diff: 0.1, Sum: 0.5]
         [Termination Attempts: Min: 1, Avg: 485.5, Max: 634, Diff: 633, Sum: 3884]
      [GC Worker Other (ms): Min: 0.0, Avg: 0.0, Max: 0.1, Diff: 0.1, Sum: 0.3]
      [GC Worker Total (ms): Min: 153.7, Avg: 153.7, Max: 153.8, Diff: 0.2, Sum: 1230.0]
      [GC Worker End (ms): Min: 58894.0, Avg: 58894.0, Max: 58894.1, Diff: 0.1]
   [Code Root Fixup: 0.0 ms]
   [Code Root Purge: 0.0 ms]
   [Clear CT: 0.2 ms]
   [Other: 0.9 ms]
      [Choose CSet: 0.0 ms]
      [Ref Proc: 0.1 ms]
      [Ref Enq: 0.0 ms]
      [Redirty Cards: 0.3 ms]
      [Humongous Register: 0.0 ms]
      [Humongous Reclaim: 0.0 ms]
      [Free CSet: 0.2 ms]
   [Eden: 262.0M(262.0M)->0.0B(271.0M) Survivors: 37.0M->38.0M Heap: 612.3M(2048.0M)->614.8M(2048.0M)]
 [Times: user=1.09 sys=0.03, real=0.15 secs] 
2020-09-29T11:54:13.581+0200: 59.052: [GC pause (G1 Evacuation Pause) (young), 0.1471025 secs]
   [Parallel Time: 145.9 ms, GC Workers: 8]
      [GC Worker Start (ms): Min: 59051.9, Avg: 59052.0, Max: 59052.1, Diff: 0.2]
      [Ext Root Scanning (ms): Min: 0.0, Avg: 0.1, Max: 0.2, Diff: 0.2, Sum: 0.5]
      [Update RS (ms): Min: 15.3, Avg: 15.5, Max: 16.1, Diff: 0.8, Sum: 123.9]
         [Processed Buffers: Min: 16, Avg: 18.1, Max: 20, Diff: 4, Sum: 145]
      [Scan RS (ms): Min: 14.4, Avg: 14.7, Max: 14.9, Diff: 0.4, Sum: 117.6]
      [Code Root Scanning (ms): Min: 0.0, Avg: 0.0, Max: 0.0, Diff: 0.0, Sum: 0.0]
      [Object Copy (ms): Min: 114.6, Avg: 115.4, Max: 115.6, Diff: 0.9, Sum: 923.0]
      [Termination (ms): Min: 0.0, Avg: 0.0, Max: 0.1, Diff: 0.1, Sum: 0.3]
         [Termination Attempts: Min: 1, Avg: 270.0, Max: 358, Diff: 357, Sum: 2160]
      [GC Worker Other (ms): Min: 0.0, Avg: 0.0, Max: 0.1, Diff: 0.1, Sum: 0.3]
      [GC Worker Total (ms): Min: 145.6, Avg: 145.7, Max: 145.8, Diff: 0.2, Sum: 1165.7]
      [GC Worker End (ms): Min: 59197.7, Avg: 59197.7, Max: 59197.8, Diff: 0.1]
   [Code Root Fixup: 0.0 ms]
   [Code Root Purge: 0.0 ms]
   [Clear CT: 0.2 ms]
   [Other: 0.9 ms]
      [Choose CSet: 0.0 ms]
      [Ref Proc: 0.1 ms]
      [Ref Enq: 0.0 ms]
      [Redirty Cards: 0.3 ms]
      [Humongous Register: 0.0 ms]
      [Humongous Reclaim: 0.0 ms]
      [Free CSet: 0.3 ms]
   [Eden: 271.0M(271.0M)->0.0B(286.0M) Survivors: 38.0M->39.0M Heap: 931.6M(2048.0M)->933.1M(2048.0M)]
 [Times: user=1.14 sys=0.02, real=0.15 secs] 
2020-09-29T11:54:13.795+0200: 59.265: [GC pause (G1 Humongous Allocation) (young) (initial-mark), 0.0808653 secs]
   [Parallel Time: 79.9 ms, GC Workers: 8]
      [GC Worker Start (ms): Min: 59265.1, Avg: 59265.2, Max: 59265.3, Diff: 0.2]
      [Ext Root Scanning (ms): Min: 0.0, Avg: 0.1, Max: 0.2, Diff: 0.2, Sum: 1.1]
      [Update RS (ms): Min: 14.9, Avg: 15.2, Max: 15.5, Diff: 0.6, Sum: 121.7]
         [Processed Buffers: Min: 16, Avg: 17.3, Max: 18, Diff: 2, Sum: 138]
      [Scan RS (ms): Min: 3.3, Avg: 3.6, Max: 3.9, Diff: 0.6, Sum: 29.0]
      [Code Root Scanning (ms): Min: 0.0, Avg: 0.0, Max: 0.0, Diff: 0.0, Sum: 0.0]
      [Object Copy (ms): Min: 60.7, Avg: 60.7, Max: 60.7, Diff: 0.1, Sum: 485.6]
      [Termination (ms): Min: 0.0, Avg: 0.0, Max: 0.0, Diff: 0.0, Sum: 0.1]
         [Termination Attempts: Min: 1, Avg: 117.5, Max: 156, Diff: 155, Sum: 940]
      [GC Worker Other (ms): Min: 0.0, Avg: 0.0, Max: 0.1, Diff: 0.0, Sum: 0.2]
      [GC Worker Total (ms): Min: 79.6, Avg: 79.7, Max: 79.8, Diff: 0.2, Sum: 637.7]
      [GC Worker End (ms): Min: 59344.9, Avg: 59344.9, Max: 59344.9, Diff: 0.0]
   [Code Root Fixup: 0.0 ms]
   [Code Root Purge: 0.0 ms]
   [Clear CT: 0.3 ms]
   [Other: 0.7 ms]
      [Choose CSet: 0.0 ms]
      [Ref Proc: 0.1 ms]
      [Ref Enq: 0.0 ms]
      [Redirty Cards: 0.2 ms]
      [Humongous Register: 0.0 ms]
      [Humongous Reclaim: 0.0 ms]
      [Free CSet: 0.1 ms]
   [Eden: 122.0M(286.0M)->0.0B(313.0M) Survivors: 39.0M->41.0M Heap: 1073.7M(2048.0M)->1076.2M(2048.0M)]
 [Times: user=0.63 sys=0.00, real=0.08 secs] 
2020-09-29T11:54:13.876+0200: 59.346: [GC concurrent-root-region-scan-start]
2020-09-29T11:54:13.890+0200: 59.360: [GC concurrent-root-region-scan-end, 0.0144049 secs]
2020-09-29T11:54:13.890+0200: 59.360: [GC concurrent-mark-start]
2020-09-29T11:54:13.894+0200: 59.364: [GC concurrent-mark-end, 0.0031232 secs]
2020-09-29T11:54:13.894+0200: 59.364: [GC remark 2020-09-29T11:54:13.894+0200: 59.364: [Finalize Marking, 0.0003442 secs] 2020-09-29T11:54:13.894+0200: 59.364: [GC ref-proc, 0.0002919 secs] 2020-09-29T11:54:13.894+0200: 59.364: [Unloading, 0.0004592 secs], 0.0014087 secs]
 [Times: user=0.08 sys=0.00, real=0.00 secs] 
2020-09-29T11:54:13.896+0200: 59.365: [GC cleanup 1112M->89M(2048M), 0.0011853 secs]
 [Times: user=0.00 sys=0.00, real=0.00 secs] 
2020-09-29T11:54:13.897+0200: 59.367: [GC concurrent-cleanup-start]
2020-09-29T11:54:13.898+0200: 59.368: [GC concurrent-cleanup-end, 0.0012090 secs]
2020-09-29T11:54:14.099+0200: 59.570: [GC pause (G1 Evacuation Pause) (young), 0.2126665 secs]
   [Parallel Time: 211.3 ms, GC Workers: 8]
      [GC Worker Start (ms): Min: 59570.1, Avg: 59570.1, Max: 59570.2, Diff: 0.2]
      [Ext Root Scanning (ms): Min: 0.0, Avg: 0.1, Max: 0.2, Diff: 0.2, Sum: 0.8]
      [Update RS (ms): Min: 33.9, Avg: 34.5, Max: 36.5, Diff: 2.6, Sum: 276.3]
         [Processed Buffers: Min: 22, Avg: 24.1, Max: 29, Diff: 7, Sum: 193]
      [Scan RS (ms): Min: 20.5, Avg: 24.8, Max: 41.2, Diff: 20.8, Sum: 198.7]
      [Code Root Scanning (ms): Min: 0.0, Avg: 0.0, Max: 0.0, Diff: 0.0, Sum: 0.0]
      [Object Copy (ms): Min: 134.6, Avg: 151.3, Max: 153.9, Diff: 19.4, Sum: 1210.4]
      [Termination (ms): Min: 0.0, Avg: 0.3, Max: 0.5, Diff: 0.5, Sum: 2.4]
         [Termination Attempts: Min: 1, Avg: 2053.4, Max: 2849, Diff: 2848, Sum: 16427]
      [GC Worker Other (ms): Min: 0.0, Avg: 0.1, Max: 0.1, Diff: 0.1, Sum: 0.5]
      [GC Worker Total (ms): Min: 211.0, Avg: 211.1, Max: 211.2, Diff: 0.2, Sum: 1689.1]
      [GC Worker End (ms): Min: 59781.2, Avg: 59781.3, Max: 59781.3, Diff: 0.1]
   [Code Root Fixup: 0.0 ms]
   [Code Root Purge: 0.0 ms]
   [Clear CT: 0.2 ms]
   [Other: 1.2 ms]
      [Choose CSet: 0.0 ms]
      [Ref Proc: 0.2 ms]
      [Ref Enq: 0.0 ms]
      [Redirty Cards: 0.2 ms]
      [Humongous Register: 0.1 ms]
      [Humongous Reclaim: 0.0 ms]
      [Free CSet: 0.3 ms]
   [Eden: 313.0M(313.0M)->0.0B(273.0M) Survivors: 41.0M->45.0M Heap: 419.4M(2048.0M)->380.4M(2048.0M)]
 [Times: user=1.50 sys=0.00, real=0.21 secs] 
2020-09-29T11:54:14.473+0200: 59.943: [GC pause (G1 Evacuation Pause) (young), 0.1504945 secs]
   [Parallel Time: 149.4 ms, GC Workers: 8]
      [GC Worker Start (ms): Min: 59943.6, Avg: 59943.7, Max: 59943.8, Diff: 0.2]
      [Ext Root Scanning (ms): Min: 0.0, Avg: 0.1, Max: 0.2, Diff: 0.2, Sum: 0.5]
      [Update RS (ms): Min: 16.0, Avg: 16.1, Max: 16.5, Diff: 0.5, Sum: 129.1]
         [Processed Buffers: Min: 16, Avg: 18.0, Max: 20, Diff: 4, Sum: 144]
      [Scan RS (ms): Min: 15.9, Avg: 16.3, Max: 16.5, Diff: 0.6, Sum: 130.2]
      [Code Root Scanning (ms): Min: 0.0, Avg: 0.0, Max: 0.0, Diff: 0.0, Sum: 0.0]
      [Object Copy (ms): Min: 116.4, Avg: 116.5, Max: 116.6, Diff: 0.2, Sum: 932.3]
      [Termination (ms): Min: 0.0, Avg: 0.0, Max: 0.1, Diff: 0.1, Sum: 0.4]
         [Termination Attempts: Min: 1, Avg: 355.8, Max: 466, Diff: 465, Sum: 2846]
      [GC Worker Other (ms): Min: 0.0, Avg: 0.0, Max: 0.1, Diff: 0.1, Sum: 0.3]
      [GC Worker Total (ms): Min: 149.0, Avg: 149.1, Max: 149.2, Diff: 0.2, Sum: 1192.8]
      [GC Worker End (ms): Min: 60092.8, Avg: 60092.8, Max: 60092.9, Diff: 0.1]
   [Code Root Fixup: 0.0 ms]
   [Code Root Purge: 0.0 ms]
   [Clear CT: 0.2 ms]
   [Other: 0.9 ms]
      [Choose CSet: 0.0 ms]
      [Ref Proc: 0.2 ms]
      [Ref Enq: 0.0 ms]
      [Redirty Cards: 0.2 ms]
      [Humongous Register: 0.0 ms]
      [Humongous Reclaim: 0.0 ms]
      [Free CSet: 0.3 ms]
   [Eden: 273.0M(273.0M)->0.0B(291.0M) Survivors: 45.0M->40.0M Heap: 699.2M(2048.0M)->701.7M(2048.0M)]
 [Times: user=1.11 sys=0.02, real=0.15 secs] 
2020-09-29T11:54:14.779+0200: 60.250: [GC pause (G1 Evacuation Pause) (young), 0.1626508 secs]
   [Parallel Time: 161.5 ms, GC Workers: 8]
      [GC Worker Start (ms): Min: 60250.0, Avg: 60250.1, Max: 60250.1, Diff: 0.2]
      [Ext Root Scanning (ms): Min: 0.0, Avg: 0.1, Max: 0.2, Diff: 0.2, Sum: 0.5]
      [Update RS (ms): Min: 17.4, Avg: 17.6, Max: 17.9, Diff: 0.5, Sum: 141.1]
         [Processed Buffers: Min: 20, Avg: 21.1, Max: 23, Diff: 3, Sum: 169]
      [Scan RS (ms): Min: 15.5, Avg: 15.7, Max: 16.0, Diff: 0.5, Sum: 125.9]
      [Code Root Scanning (ms): Min: 0.0, Avg: 0.0, Max: 0.0, Diff: 0.0, Sum: 0.0]
      [Object Copy (ms): Min: 127.5, Avg: 127.7, Max: 127.8, Diff: 0.3, Sum: 1021.5]
      [Termination (ms): Min: 0.0, Avg: 0.1, Max: 0.1, Diff: 0.1, Sum: 0.5]
         [Termination Attempts: Min: 1, Avg: 452.5, Max: 568, Diff: 567, Sum: 3620]
      [GC Worker Other (ms): Min: 0.0, Avg: 0.0, Max: 0.1, Diff: 0.1, Sum: 0.3]
      [GC Worker Total (ms): Min: 161.2, Avg: 161.2, Max: 161.3, Diff: 0.1, Sum: 1289.8]
      [GC Worker End (ms): Min: 60411.3, Avg: 60411.3, Max: 60411.3, Diff: 0.1]
   [Code Root Fixup: 0.0 ms]
   [Code Root Purge: 0.0 ms]
   [Clear CT: 0.2 ms]
   [Other: 1.0 ms]
      [Choose CSet: 0.0 ms]
      [Ref Proc: 0.2 ms]
      [Ref Enq: 0.0 ms]
      [Redirty Cards: 0.2 ms]
      [Humongous Register: 0.0 ms]
      [Humongous Reclaim: 0.0 ms]
      [Free CSet: 0.3 ms]
   [Eden: 291.0M(291.0M)->0.0B(300.0M) Survivors: 40.0M->42.0M Heap: 1040.4M(2048.0M)->1041.9M(2048.0M)]
 [Times: user=1.25 sys=0.00, real=0.16 secs] 
2020-09-29T11:54:14.949+0200: 60.420: [GC pause (G1 Humongous Allocation) (young) (initial-mark), 0.0693871 secs]
   [Parallel Time: 68.6 ms, GC Workers: 8]
      [GC Worker Start (ms): Min: 60419.8, Avg: 60419.9, Max: 60419.9, Diff: 0.1]
      [Ext Root Scanning (ms): Min: 0.0, Avg: 0.1, Max: 0.1, Diff: 0.1, Sum: 0.7]
      [Update RS (ms): Min: 37.0, Avg: 37.2, Max: 37.6, Diff: 0.6, Sum: 297.4]
         [Processed Buffers: Min: 44, Avg: 45.8, Max: 48, Diff: 4, Sum: 366]
      [Scan RS (ms): Min: 2.1, Avg: 2.5, Max: 2.7, Diff: 0.6, Sum: 19.8]
      [Code Root Scanning (ms): Min: 0.0, Avg: 0.0, Max: 0.0, Diff: 0.0, Sum: 0.0]
      [Object Copy (ms): Min: 28.4, Avg: 28.5, Max: 28.6, Diff: 0.2, Sum: 228.1]
      [Termination (ms): Min: 0.0, Avg: 0.1, Max: 0.2, Diff: 0.2, Sum: 1.2]
         [Termination Attempts: Min: 1, Avg: 959.6, Max: 1163, Diff: 1162, Sum: 7677]
      [GC Worker Other (ms): Min: 0.0, Avg: 0.0, Max: 0.0, Diff: 0.0, Sum: 0.2]
      [GC Worker Total (ms): Min: 68.4, Avg: 68.4, Max: 68.5, Diff: 0.1, Sum: 547.3]
      [GC Worker End (ms): Min: 60488.3, Avg: 60488.3, Max: 60488.3, Diff: 0.0]
   [Code Root Fixup: 0.0 ms]
   [Code Root Purge: 0.0 ms]
   [Clear CT: 0.1 ms]
   [Other: 0.7 ms]
      [Choose CSet: 0.0 ms]
      [Ref Proc: 0.1 ms]
      [Ref Enq: 0.0 ms]
      [Redirty Cards: 0.1 ms]
      [Humongous Register: 0.1 ms]
      [Humongous Reclaim: 0.0 ms]
      [Free CSet: 0.1 ms]
   [Eden: 5120.0K(300.0M)->0.0B(278.0M) Survivors: 42.0M->5120.0K Heap: 1046.4M(2048.0M)->1048.4M(2048.0M)]
 [Times: user=0.48 sys=0.02, real=0.07 secs] 
2020-09-29T11:54:15.019+0200: 60.489: [GC concurrent-root-region-scan-start]
2020-09-29T11:54:15.020+0200: 60.490: [GC concurrent-root-region-scan-end, 0.0009798 secs]
2020-09-29T11:54:15.020+0200: 60.490: [GC concurrent-mark-start]
2020-09-29T11:54:15.022+0200: 60.492: [GC concurrent-mark-end, 0.0022786 secs]
2020-09-29T11:54:15.023+0200: 60.493: [GC remark 2020-09-29T11:54:15.023+0200: 60.493: [Finalize Marking, 0.0004625 secs] 2020-09-29T11:54:15.023+0200: 60.494: [GC ref-proc, 0.0003729 secs] 2020-09-29T11:54:15.024+0200: 60.494: [Unloading, 0.0015917 secs], 0.0044445 secs]
 [Times: user=0.00 sys=0.00, real=0.01 secs] 
2020-09-29T11:54:15.029+0200: 60.499: [GC cleanup 1059M->27M(2048M), 0.0031836 secs]
 [Times: user=0.00 sys=0.00, real=0.00 secs] 
2020-09-29T11:54:15.032+0200: 60.503: [GC concurrent-cleanup-start]
2020-09-29T11:54:15.034+0200: 60.504: [GC concurrent-cleanup-end, 0.0014223 secs]
2020-09-29T11:54:15.171+0200: 60.641: [GC pause (G1 Evacuation Pause) (young), 0.1408136 secs]
   [Parallel Time: 139.5 ms, GC Workers: 8]
      [GC Worker Start (ms): Min: 60641.5, Avg: 60641.6, Max: 60641.6, Diff: 0.2]
      [Ext Root Scanning (ms): Min: 0.0, Avg: 0.1, Max: 0.1, Diff: 0.1, Sum: 0.4]
      [Update RS (ms): Min: 21.3, Avg: 21.4, Max: 21.5, Diff: 0.2, Sum: 170.8]
         [Processed Buffers: Min: 21, Avg: 22.9, Max: 26, Diff: 5, Sum: 183]
      [Scan RS (ms): Min: 13.6, Avg: 13.7, Max: 13.9, Diff: 0.3, Sum: 109.9]
      [Code Root Scanning (ms): Min: 0.0, Avg: 0.0, Max: 0.0, Diff: 0.0, Sum: 0.0]
      [Object Copy (ms): Min: 104.0, Avg: 104.1, Max: 104.2, Diff: 0.2, Sum: 832.8]
      [Termination (ms): Min: 0.0, Avg: 0.0, Max: 0.1, Diff: 0.1, Sum: 0.4]
         [Termination Attempts: Min: 1, Avg: 369.4, Max: 452, Diff: 451, Sum: 2955]
      [GC Worker Other (ms): Min: 0.0, Avg: 0.0, Max: 0.1, Diff: 0.1, Sum: 0.3]
      [GC Worker Total (ms): Min: 139.3, Avg: 139.3, Max: 139.5, Diff: 0.2, Sum: 1114.7]
      [GC Worker End (ms): Min: 60780.9, Avg: 60780.9, Max: 60780.9, Diff: 0.1]
   [Code Root Fixup: 0.0 ms]
   [Code Root Purge: 0.0 ms]
   [Clear CT: 0.2 ms]
   [Other: 1.1 ms]
      [Choose CSet: 0.0 ms]
      [Ref Proc: 0.2 ms]
      [Ref Enq: 0.0 ms]
      [Redirty Cards: 0.2 ms]
      [Humongous Register: 0.0 ms]
      [Humongous Reclaim: 0.0 ms]
      [Free CSet: 0.5 ms]
   [Eden: 278.0M(278.0M)->0.0B(271.0M) Survivors: 5120.0K->36.0M Heap: 342.7M(2048.0M)->340.2M(2048.0M)]
 [Times: user=1.11 sys=0.02, real=0.14 secs] 
2020-09-29T11:54:15.467+0200: 60.938: [GC pause (G1 Evacuation Pause) (young), 0.1611996 secs]
   [Parallel Time: 160.1 ms, GC Workers: 8]
      [GC Worker Start (ms): Min: 60937.7, Avg: 60937.8, Max: 60937.8, Diff: 0.2]
      [Ext Root Scanning (ms): Min: 0.0, Avg: 0.1, Max: 0.2, Diff: 0.2, Sum: 0.5]
      [Update RS (ms): Min: 21.9, Avg: 22.2, Max: 22.4, Diff: 0.6, Sum: 177.5]
         [Processed Buffers: Min: 3, Avg: 21.0, Max: 25, Diff: 22, Sum: 168]
      [Scan RS (ms): Min: 13.8, Avg: 14.1, Max: 14.4, Diff: 0.5, Sum: 112.5]
      [Code Root Scanning (ms): Min: 0.0, Avg: 0.0, Max: 0.0, Diff: 0.0, Sum: 0.0]
      [Object Copy (ms): Min: 123.0, Avg: 123.1, Max: 123.1, Diff: 0.1, Sum: 984.7]
      [Termination (ms): Min: 0.0, Avg: 0.0, Max: 0.0, Diff: 0.0, Sum: 0.1]
         [Termination Attempts: Min: 1, Avg: 114.0, Max: 147, Diff: 146, Sum: 912]
      [GC Worker Other (ms): Min: 0.0, Avg: 0.2, Max: 0.5, Diff: 0.5, Sum: 1.6]
      [GC Worker Total (ms): Min: 159.4, Avg: 159.6, Max: 159.9, Diff: 0.5, Sum: 1276.9]
      [GC Worker End (ms): Min: 61097.2, Avg: 61097.4, Max: 61097.7, Diff: 0.5]
   [Code Root Fixup: 0.0 ms]
   [Code Root Purge: 0.0 ms]
   [Clear CT: 0.2 ms]
   [Other: 0.9 ms]
      [Choose CSet: 0.0 ms]
      [Ref Proc: 0.2 ms]
      [Ref Enq: 0.0 ms]
      [Redirty Cards: 0.3 ms]
      [Humongous Register: 0.0 ms]
      [Humongous Reclaim: 0.0 ms]
      [Free CSet: 0.2 ms]
   [Eden: 271.0M(271.0M)->0.0B(275.0M) Survivors: 36.0M->39.0M Heap: 655.1M(2048.0M)->657.6M(2048.0M)]
 [Times: user=1.23 sys=0.00, real=0.16 secs] 
2020-09-29T11:54:15.787+0200: 61.258: [GC pause (G1 Evacuation Pause) (young), 0.1563501 secs]
   [Parallel Time: 155.3 ms, GC Workers: 8]
      [GC Worker Start (ms): Min: 61257.8, Avg: 61257.8, Max: 61257.9, Diff: 0.1]
      [Ext Root Scanning (ms): Min: 0.0, Avg: 0.1, Max: 0.1, Diff: 0.1, Sum: 0.6]
      [Update RS (ms): Min: 14.4, Avg: 14.7, Max: 15.0, Diff: 0.7, Sum: 117.8]
         [Processed Buffers: Min: 15, Avg: 15.9, Max: 17, Diff: 2, Sum: 127]
      [Scan RS (ms): Min: 16.7, Avg: 16.9, Max: 17.3, Diff: 0.6, Sum: 135.5]
      [Code Root Scanning (ms): Min: 0.0, Avg: 0.0, Max: 0.0, Diff: 0.0, Sum: 0.0]
      [Object Copy (ms): Min: 123.2, Avg: 123.3, Max: 123.3, Diff: 0.1, Sum: 986.2]
      [Termination (ms): Min: 0.0, Avg: 0.1, Max: 0.1, Diff: 0.1, Sum: 1.0]
         [Termination Attempts: Min: 1, Avg: 834.5, Max: 1028, Diff: 1027, Sum: 6676]
      [GC Worker Other (ms): Min: 0.0, Avg: 0.0, Max: 0.1, Diff: 0.0, Sum: 0.3]
      [GC Worker Total (ms): Min: 155.1, Avg: 155.2, Max: 155.2, Diff: 0.1, Sum: 1241.3]
      [GC Worker End (ms): Min: 61413.0, Avg: 61413.0, Max: 61413.0, Diff: 0.0]
   [Code Root Fixup: 0.0 ms]
   [Code Root Purge: 0.0 ms]
   [Clear CT: 0.2 ms]
   [Other: 0.9 ms]
      [Choose CSet: 0.0 ms]
      [Ref Proc: 0.2 ms]
      [Ref Enq: 0.0 ms]
      [Redirty Cards: 0.2 ms]
      [Humongous Register: 0.0 ms]
      [Humongous Reclaim: 0.0 ms]
      [Free CSet: 0.2 ms]
   [Eden: 275.0M(275.0M)->0.0B(284.0M) Survivors: 39.0M->40.0M Heap: 978.3M(2048.0M)->980.8M(2048.0M)]
 [Times: user=1.20 sys=0.02, real=0.16 secs] 
2020-09-29T11:54:15.944+0200: 61.414: [GC pause (G1 Humongous Allocation) (young) (initial-mark), 0.0623051 secs]
   [Parallel Time: 61.5 ms, GC Workers: 8]
      [GC Worker Start (ms): Min: 61414.4, Avg: 61414.5, Max: 61414.5, Diff: 0.1]
      [Ext Root Scanning (ms): Min: 0.0, Avg: 0.1, Max: 0.2, Diff: 0.1, Sum: 0.6]
      [Update RS (ms): Min: 41.8, Avg: 42.1, Max: 42.3, Diff: 0.4, Sum: 337.0]
         [Processed Buffers: Min: 50, Avg: 53.1, Max: 54, Diff: 4, Sum: 425]
      [Scan RS (ms): Min: 0.0, Avg: 0.0, Max: 0.0, Diff: 0.0, Sum: 0.0]
      [Code Root Scanning (ms): Min: 0.0, Avg: 0.0, Max: 0.0, Diff: 0.0, Sum: 0.0]
      [Object Copy (ms): Min: 18.9, Avg: 19.1, Max: 19.3, Diff: 0.4, Sum: 152.7]
      [Termination (ms): Min: 0.0, Avg: 0.0, Max: 0.0, Diff: 0.0, Sum: 0.3]
         [Termination Attempts: Min: 1, Avg: 263.4, Max: 356, Diff: 355, Sum: 2107]
      [GC Worker Other (ms): Min: 0.0, Avg: 0.0, Max: 0.0, Diff: 0.0, Sum: 0.1]
      [GC Worker Total (ms): Min: 61.3, Avg: 61.3, Max: 61.4, Diff: 0.1, Sum: 490.6]
      [GC Worker End (ms): Min: 61475.8, Avg: 61475.8, Max: 61475.8, Diff: 0.0]
   [Code Root Fixup: 0.0 ms]
   [Code Root Purge: 0.0 ms]
   [Clear CT: 0.2 ms]
   [Other: 0.6 ms]
      [Choose CSet: 0.0 ms]
      [Ref Proc: 0.1 ms]
      [Ref Enq: 0.0 ms]
      [Redirty Cards: 0.2 ms]
      [Humongous Register: 0.0 ms]
      [Humongous Reclaim: 0.0 ms]
      [Free CSet: 0.0 ms]
   [Eden: 1024.0K(284.0M)->0.0B(344.0M) Survivors: 40.0M->2048.0K Heap: 981.3M(2048.0M)->984.8M(2048.0M)]
 [Times: user=0.50 sys=0.00, real=0.06 secs] 
2020-09-29T11:54:16.006+0200: 61.477: [GC concurrent-root-region-scan-start]
2020-09-29T11:54:16.006+0200: 61.477: [GC concurrent-root-region-scan-end, 0.0001135 secs]
2020-09-29T11:54:16.006+0200: 61.477: [GC concurrent-mark-start]
2020-09-29T11:54:16.009+0200: 61.480: [GC concurrent-mark-end, 0.0029169 secs]
2020-09-29T11:54:16.010+0200: 61.480: [GC remark 2020-09-29T11:54:16.010+0200: 61.480: [Finalize Marking, 0.0001926 secs] 2020-09-29T11:54:16.010+0200: 61.480: [GC ref-proc, 0.0003675 secs] 2020-09-29T11:54:16.010+0200: 61.481: [Unloading, 0.0004671 secs], 0.0013032 secs]
 [Times: user=0.00 sys=0.00, real=0.00 secs] 
2020-09-29T11:54:16.012+0200: 61.482: [GC cleanup 993M->22M(2048M), 0.0012051 secs]
 [Times: user=0.00 sys=0.00, real=0.00 secs] 
2020-09-29T11:54:16.013+0200: 61.483: [GC concurrent-cleanup-start]
2020-09-29T11:54:16.014+0200: 61.485: [GC concurrent-cleanup-end, 0.0014663 secs]
2020-09-29T11:54:16.203+0200: 61.674: [GC pause (G1 Evacuation Pause) (young), 0.1823364 secs]
   [Parallel Time: 181.1 ms, GC Workers: 8]
      [GC Worker Start (ms): Min: 61673.7, Avg: 61673.8, Max: 61673.8, Diff: 0.1]
      [Ext Root Scanning (ms): Min: 0.0, Avg: 0.1, Max: 0.1, Diff: 0.1, Sum: 0.6]
      [Update RS (ms): Min: 18.4, Avg: 18.5, Max: 18.5, Diff: 0.1, Sum: 147.7]
         [Processed Buffers: Min: 19, Avg: 21.1, Max: 24, Diff: 5, Sum: 169]
      [Scan RS (ms): Min: 18.3, Avg: 18.4, Max: 18.6, Diff: 0.3, Sum: 147.3]
      [Code Root Scanning (ms): Min: 0.0, Avg: 0.0, Max: 0.0, Diff: 0.0, Sum: 0.0]
      [Object Copy (ms): Min: 143.4, Avg: 143.6, Max: 143.9, Diff: 0.5, Sum: 1148.4]
      [Termination (ms): Min: 0.0, Avg: 0.3, Max: 0.3, Diff: 0.3, Sum: 2.2]
         [Termination Attempts: Min: 1, Avg: 1896.4, Max: 2282, Diff: 2281, Sum: 15171]
      [GC Worker Other (ms): Min: 0.0, Avg: 0.1, Max: 0.1, Diff: 0.1, Sum: 0.4]
      [GC Worker Total (ms): Min: 180.8, Avg: 180.8, Max: 180.9, Diff: 0.1, Sum: 1446.6]
      [GC Worker End (ms): Min: 61854.6, Avg: 61854.6, Max: 61854.6, Diff: 0.1]
   [Code Root Fixup: 0.0 ms]
   [Code Root Purge: 0.0 ms]
   [Clear CT: 0.2 ms]
   [Other: 1.1 ms]
      [Choose CSet: 0.0 ms]
      [Ref Proc: 0.2 ms]
      [Ref Enq: 0.0 ms]
      [Redirty Cards: 0.3 ms]
      [Humongous Register: 0.0 ms]
      [Humongous Reclaim: 0.0 ms]
      [Free CSet: 0.3 ms]
   [Eden: 344.0M(344.0M)->0.0B(284.0M) Survivors: 2048.0K->44.0M Heap: 416.6M(2048.0M)->417.6M(2048.0M)]
 [Times: user=1.44 sys=0.01, real=0.18 secs] 
2020-09-29T11:54:16.570+0200: 62.040: [GC pause (G1 Evacuation Pause) (young), 0.1760161 secs]
   [Parallel Time: 174.9 ms, GC Workers: 8]
      [GC Worker Start (ms): Min: 62040.4, Avg: 62040.5, Max: 62040.5, Diff: 0.2]
      [Ext Root Scanning (ms): Min: 0.0, Avg: 0.1, Max: 0.2, Diff: 0.2, Sum: 0.5]
      [Update RS (ms): Min: 17.2, Avg: 17.5, Max: 17.9, Diff: 0.7, Sum: 140.2]
         [Processed Buffers: Min: 15, Avg: 16.5, Max: 17, Diff: 2, Sum: 132]
      [Scan RS (ms): Min: 20.2, Avg: 20.5, Max: 21.0, Diff: 0.8, Sum: 164.4]
      [Code Root Scanning (ms): Min: 0.0, Avg: 0.0, Max: 0.0, Diff: 0.0, Sum: 0.0]
      [Object Copy (ms): Min: 136.2, Avg: 136.4, Max: 136.5, Diff: 0.3, Sum: 1091.5]
      [Termination (ms): Min: 0.0, Avg: 0.1, Max: 0.1, Diff: 0.1, Sum: 0.7]
         [Termination Attempts: Min: 1, Avg: 604.0, Max: 869, Diff: 868, Sum: 4832]
      [GC Worker Other (ms): Min: 0.0, Avg: 0.0, Max: 0.1, Diff: 0.0, Sum: 0.3]
      [GC Worker Total (ms): Min: 174.6, Avg: 174.7, Max: 174.8, Diff: 0.2, Sum: 1397.6]
      [GC Worker End (ms): Min: 62215.2, Avg: 62215.2, Max: 62215.2, Diff: 0.0]
   [Code Root Fixup: 0.0 ms]
   [Code Root Purge: 0.0 ms]
   [Clear CT: 0.1 ms]
   [Other: 0.9 ms]
      [Choose CSet: 0.0 ms]
      [Ref Proc: 0.2 ms]
      [Ref Enq: 0.0 ms]
      [Redirty Cards: 0.2 ms]
      [Humongous Register: 0.0 ms]
      [Humongous Reclaim: 0.0 ms]
      [Free CSet: 0.3 ms]
   [Eden: 284.0M(284.0M)->0.0B(268.0M) Survivors: 44.0M->41.0M Heap: 747.4M(2048.0M)->749.4M(2048.0M)]
 [Times: user=1.31 sys=0.00, real=0.18 secs] 
2020-09-29T11:54:16.904+0200: 62.374: [GC pause (G1 Evacuation Pause) (young), 0.1501959 secs]
   [Parallel Time: 149.0 ms, GC Workers: 8]
      [GC Worker Start (ms): Min: 62374.4, Avg: 62374.5, Max: 62374.6, Diff: 0.2]
      [Ext Root Scanning (ms): Min: 0.0, Avg: 0.1, Max: 0.2, Diff: 0.2, Sum: 0.4]
      [Update RS (ms): Min: 17.0, Avg: 17.2, Max: 17.7, Diff: 0.7, Sum: 137.3]
         [Processed Buffers: Min: 17, Avg: 19.0, Max: 21, Diff: 4, Sum: 152]
      [Scan RS (ms): Min: 15.5, Avg: 16.0, Max: 16.1, Diff: 0.6, Sum: 127.6]
      [Code Root Scanning (ms): Min: 0.0, Avg: 0.0, Max: 0.0, Diff: 0.0, Sum: 0.0]
      [Object Copy (ms): Min: 115.5, Avg: 115.6, Max: 115.7, Diff: 0.2, Sum: 924.7]
      [Termination (ms): Min: 0.0, Avg: 0.0, Max: 0.0, Diff: 0.0, Sum: 0.0]
         [Termination Attempts: Min: 1, Avg: 35.5, Max: 48, Diff: 47, Sum: 284]
      [GC Worker Other (ms): Min: 0.0, Avg: 0.0, Max: 0.1, Diff: 0.1, Sum: 0.3]
      [GC Worker Total (ms): Min: 148.7, Avg: 148.8, Max: 148.9, Diff: 0.2, Sum: 1190.3]
      [GC Worker End (ms): Min: 62523.3, Avg: 62523.3, Max: 62523.4, Diff: 0.1]
   [Code Root Fixup: 0.0 ms]
   [Code Root Purge: 0.0 ms]
   [Clear CT: 0.2 ms]
   [Other: 1.0 ms]
      [Choose CSet: 0.0 ms]
      [Ref Proc: 0.2 ms]
      [Ref Enq: 0.0 ms]
      [Redirty Cards: 0.3 ms]
      [Humongous Register: 0.0 ms]
      [Humongous Reclaim: 0.0 ms]
      [Free CSet: 0.3 ms]
   [Eden: 268.0M(268.0M)->0.0B(285.0M) Survivors: 41.0M->39.0M Heap: 1063.2M(2048.0M)->1065.2M(2048.0M)]
 [Times: user=1.25 sys=0.00, real=0.15 secs] 
2020-09-29T11:54:17.068+0200: 62.539: [GC pause (G1 Humongous Allocation) (young) (initial-mark), 0.0511874 secs]
   [Parallel Time: 50.2 ms, GC Workers: 8]
      [GC Worker Start (ms): Min: 62539.2, Avg: 62539.3, Max: 62539.4, Diff: 0.2]
      [Ext Root Scanning (ms): Min: 0.0, Avg: 0.1, Max: 0.2, Diff: 0.2, Sum: 1.1]
      [Update RS (ms): Min: 28.0, Avg: 28.2, Max: 28.6, Diff: 0.6, Sum: 225.8]
         [Processed Buffers: Min: 30, Avg: 33.4, Max: 37, Diff: 7, Sum: 267]
      [Scan RS (ms): Min: 1.8, Avg: 2.3, Max: 2.6, Diff: 0.8, Sum: 18.4]
      [Code Root Scanning (ms): Min: 0.0, Avg: 0.0, Max: 0.0, Diff: 0.0, Sum: 0.0]
      [Object Copy (ms): Min: 19.3, Avg: 19.3, Max: 19.3, Diff: 0.1, Sum: 154.4]
      [Termination (ms): Min: 0.0, Avg: 0.0, Max: 0.0, Diff: 0.0, Sum: 0.2]
         [Termination Attempts: Min: 1, Avg: 172.5, Max: 227, Diff: 226, Sum: 1380]
      [GC Worker Other (ms): Min: 0.0, Avg: 0.0, Max: 0.0, Diff: 0.0, Sum: 0.2]
      [GC Worker Total (ms): Min: 49.9, Avg: 50.0, Max: 50.1, Diff: 0.2, Sum: 400.0]
      [GC Worker End (ms): Min: 62589.3, Avg: 62589.3, Max: 62589.3, Diff: 0.0]
   [Code Root Fixup: 0.0 ms]
   [Code Root Purge: 0.0 ms]
   [Clear CT: 0.2 ms]
   [Other: 0.8 ms]
      [Choose CSet: 0.0 ms]
      [Ref Proc: 0.3 ms]
      [Ref Enq: 0.0 ms]
      [Redirty Cards: 0.2 ms]
      [Humongous Register: 0.0 ms]
      [Humongous Reclaim: 0.0 ms]
      [Free CSet: 0.1 ms]
   [Eden: 9216.0K(285.0M)->0.0B(335.0M) Survivors: 39.0M->10.0M Heap: 1073.7M(2048.0M)->1076.7M(2048.0M)]
 [Times: user=0.36 sys=0.00, real=0.05 secs] 
2020-09-29T11:54:17.120+0200: 62.590: [GC concurrent-root-region-scan-start]
2020-09-29T11:54:17.122+0200: 62.593: [GC concurrent-root-region-scan-end, 0.0026067 secs]
2020-09-29T11:54:17.122+0200: 62.593: [GC concurrent-mark-start]
2020-09-29T11:54:17.125+0200: 62.596: [GC concurrent-mark-end, 0.0026900 secs]
2020-09-29T11:54:17.125+0200: 62.596: [GC remark 2020-09-29T11:54:17.125+0200: 62.596: [Finalize Marking, 0.0003366 secs] 2020-09-29T11:54:17.126+0200: 62.596: [GC ref-proc, 0.0002829 secs] 2020-09-29T11:54:17.126+0200: 62.597: [Unloading, 0.0003927 secs], 0.0013974 secs]
 [Times: user=0.00 sys=0.00, real=0.00 secs] 
2020-09-29T11:54:17.128+0200: 62.599: [GC cleanup 1088M->33M(2048M), 0.0013598 secs]
 [Times: user=0.02 sys=0.00, real=0.00 secs] 
2020-09-29T11:54:17.130+0200: 62.600: [GC concurrent-cleanup-start]
2020-09-29T11:54:17.132+0200: 62.602: [GC concurrent-cleanup-end, 0.0018714 secs]
2020-09-29T11:54:17.311+0200: 62.781: [GC pause (G1 Evacuation Pause) (young), 0.1760306 secs]
   [Parallel Time: 174.6 ms, GC Workers: 8]
      [GC Worker Start (ms): Min: 62781.2, Avg: 62781.3, Max: 62781.3, Diff: 0.2]
      [Ext Root Scanning (ms): Min: 0.0, Avg: 0.1, Max: 0.2, Diff: 0.2, Sum: 0.5]
      [Update RS (ms): Min: 19.5, Avg: 19.6, Max: 19.9, Diff: 0.5, Sum: 156.9]
         [Processed Buffers: Min: 19, Avg: 20.1, Max: 22, Diff: 3, Sum: 161]
      [Scan RS (ms): Min: 19.8, Avg: 20.3, Max: 22.4, Diff: 2.6, Sum: 162.5]
      [Code Root Scanning (ms): Min: 0.0, Avg: 0.0, Max: 0.0, Diff: 0.0, Sum: 0.0]
      [Object Copy (ms): Min: 132.3, Avg: 134.2, Max: 134.6, Diff: 2.3, Sum: 1073.9]
      [Termination (ms): Min: 0.0, Avg: 0.1, Max: 0.1, Diff: 0.1, Sum: 0.5]
         [Termination Attempts: Min: 1, Avg: 445.6, Max: 600, Diff: 599, Sum: 3565]
      [GC Worker Other (ms): Min: 0.0, Avg: 0.0, Max: 0.1, Diff: 0.1, Sum: 0.3]
      [GC Worker Total (ms): Min: 174.2, Avg: 174.3, Max: 174.4, Diff: 0.2, Sum: 1394.8]
      [GC Worker End (ms): Min: 62955.6, Avg: 62955.6, Max: 62955.6, Diff: 0.1]
   [Code Root Fixup: 0.0 ms]
   [Code Root Purge: 0.0 ms]
   [Clear CT: 0.2 ms]
   [Other: 1.2 ms]
      [Choose CSet: 0.0 ms]
      [Ref Proc: 0.2 ms]
      [Ref Enq: 0.0 ms]
      [Redirty Cards: 0.4 ms]
      [Humongous Register: 0.0 ms]
      [Humongous Reclaim: 0.0 ms]
      [Free CSet: 0.3 ms]
   [Eden: 335.0M(335.0M)->0.0B(300.0M) Survivors: 10.0M->44.0M Heap: 414.2M(2048.0M)->406.2M(2048.0M)]
 [Times: user=1.31 sys=0.03, real=0.18 secs] 
2020-09-29T11:54:17.646+0200: 63.116: [GC pause (G1 Evacuation Pause) (young), 0.1684714 secs]
   [Parallel Time: 167.5 ms, GC Workers: 8]
      [GC Worker Start (ms): Min: 63115.8, Avg: 63115.8, Max: 63115.9, Diff: 0.1]
      [Ext Root Scanning (ms): Min: 0.0, Avg: 0.1, Max: 0.1, Diff: 0.1, Sum: 0.5]
      [Update RS (ms): Min: 15.7, Avg: 15.9, Max: 16.3, Diff: 0.6, Sum: 126.8]
         [Processed Buffers: Min: 18, Avg: 19.3, Max: 20, Diff: 2, Sum: 154]
      [Scan RS (ms): Min: 16.8, Avg: 17.2, Max: 17.4, Diff: 0.6, Sum: 137.6]
      [Code Root Scanning (ms): Min: 0.0, Avg: 0.0, Max: 0.0, Diff: 0.0, Sum: 0.0]
      [Object Copy (ms): Min: 134.0, Avg: 134.1, Max: 134.2, Diff: 0.2, Sum: 1072.7]
      [Termination (ms): Min: 0.0, Avg: 0.1, Max: 0.1, Diff: 0.1, Sum: 0.4]
         [Termination Attempts: Min: 1, Avg: 293.1, Max: 365, Diff: 364, Sum: 2345]
      [GC Worker Other (ms): Min: 0.0, Avg: 0.0, Max: 0.1, Diff: 0.0, Sum: 0.3]
      [GC Worker Total (ms): Min: 167.2, Avg: 167.3, Max: 167.4, Diff: 0.1, Sum: 1338.4]
      [GC Worker End (ms): Min: 63283.1, Avg: 63283.1, Max: 63283.2, Diff: 0.0]
   [Code Root Fixup: 0.0 ms]
   [Code Root Purge: 0.0 ms]
   [Clear CT: 0.2 ms]
   [Other: 0.8 ms]
      [Choose CSet: 0.0 ms]
      [Ref Proc: 0.1 ms]
      [Ref Enq: 0.0 ms]
      [Redirty Cards: 0.3 ms]
      [Humongous Register: 0.0 ms]
      [Humongous Reclaim: 0.0 ms]
      [Free CSet: 0.2 ms]
   [Eden: 300.0M(300.0M)->0.0B(302.0M) Survivors: 44.0M->43.0M Heap: 755.8M(2048.0M)->757.3M(2048.0M)]
 [Times: user=1.22 sys=0.02, real=0.17 secs] 
2020-09-29T11:54:17.966+0200: 63.436: [GC pause (G1 Evacuation Pause) (young), 0.1692625 secs]
   [Parallel Time: 167.0 ms, GC Workers: 8]
      [GC Worker Start (ms): Min: 63435.6, Avg: 63435.7, Max: 63435.8, Diff: 0.2]
      [Ext Root Scanning (ms): Min: 0.0, Avg: 0.1, Max: 0.2, Diff: 0.2, Sum: 0.5]
      [Update RS (ms): Min: 17.6, Avg: 17.9, Max: 18.2, Diff: 0.6, Sum: 143.6]
         [Processed Buffers: Min: 20, Avg: 20.9, Max: 22, Diff: 2, Sum: 167]
      [Scan RS (ms): Min: 16.5, Avg: 16.8, Max: 17.2, Diff: 0.6, Sum: 134.4]
      [Code Root Scanning (ms): Min: 0.0, Avg: 0.0, Max: 0.0, Diff: 0.0, Sum: 0.0]
      [Object Copy (ms): Min: 131.9, Avg: 131.9, Max: 131.9, Diff: 0.1, Sum: 1055.2]
      [Termination (ms): Min: 0.0, Avg: 0.1, Max: 0.1, Diff: 0.1, Sum: 0.5]
         [Termination Attempts: Min: 1, Avg: 491.1, Max: 601, Diff: 600, Sum: 3929]
      [GC Worker Other (ms): Min: 0.0, Avg: 0.0, Max: 0.1, Diff: 0.1, Sum: 0.3]
      [GC Worker Total (ms): Min: 166.7, Avg: 166.8, Max: 166.9, Diff: 0.2, Sum: 1334.4]
      [GC Worker End (ms): Min: 63602.5, Avg: 63602.5, Max: 63602.6, Diff: 0.1]
   [Code Root Fixup: 0.0 ms]
   [Code Root Purge: 0.0 ms]
   [Clear CT: 0.2 ms]
   [Other: 2.0 ms]
      [Choose CSet: 0.0 ms]
      [Ref Proc: 0.2 ms]
      [Ref Enq: 0.0 ms]
      [Redirty Cards: 1.4 ms]
      [Humongous Register: 0.0 ms]
      [Humongous Reclaim: 0.0 ms]
      [Free CSet: 0.2 ms]
   [Eden: 302.0M(302.0M)->0.0B(304.0M) Survivors: 43.0M->44.0M Heap: 1108.9M(2048.0M)->1110.9M(2048.0M)]
 [Times: user=1.38 sys=0.00, real=0.17 secs] 
2020-09-29T11:54:18.137+0200: 63.606: [GC pause (G1 Humongous Allocation) (young) (initial-mark), 0.0739314 secs]
   [Parallel Time: 73.0 ms, GC Workers: 8]
      [GC Worker Start (ms): Min: 63606.7, Avg: 63606.7, Max: 63606.8, Diff: 0.2]
      [Ext Root Scanning (ms): Min: 0.0, Avg: 2.4, Max: 18.2, Diff: 18.1, Sum: 19.1]
      [Update RS (ms): Min: 31.4, Avg: 47.1, Max: 49.8, Diff: 18.4, Sum: 376.7]
         [Processed Buffers: Min: 40, Avg: 58.0, Max: 62, Diff: 22, Sum: 464]
      [Scan RS (ms): Min: 0.0, Avg: 0.0, Max: 0.0, Diff: 0.0, Sum: 0.0]
      [Code Root Scanning (ms): Min: 0.0, Avg: 0.0, Max: 0.0, Diff: 0.0, Sum: 0.0]
      [Object Copy (ms): Min: 22.8, Avg: 23.2, Max: 23.5, Diff: 0.6, Sum: 186.0]
      [Termination (ms): Min: 0.0, Avg: 0.0, Max: 0.0, Diff: 0.0, Sum: 0.1]
         [Termination Attempts: Min: 1, Avg: 67.6, Max: 93, Diff: 92, Sum: 541]
      [GC Worker Other (ms): Min: 0.0, Avg: 0.0, Max: 0.0, Diff: 0.0, Sum: 0.2]
      [GC Worker Total (ms): Min: 72.7, Avg: 72.8, Max: 72.8, Diff: 0.1, Sum: 582.1]
      [GC Worker End (ms): Min: 63679.5, Avg: 63679.5, Max: 63679.5, Diff: 0.0]
   [Code Root Fixup: 0.0 ms]
   [Code Root Purge: 0.0 ms]
   [Clear CT: 0.3 ms]
   [Other: 0.7 ms]
      [Choose CSet: 0.0 ms]
      [Ref Proc: 0.2 ms]
      [Ref Enq: 0.0 ms]
      [Redirty Cards: 0.2 ms]
      [Humongous Register: 0.0 ms]
      [Humongous Reclaim: 0.0 ms]
      [Free CSet: 0.1 ms]
   [Eden: 2048.0K(304.0M)->0.0B(299.0M) Survivors: 44.0M->3072.0K Heap: 1112.4M(2048.0M)->1115.4M(2048.0M)]
 [Times: user=0.61 sys=0.00, real=0.07 secs] 
2020-09-29T11:54:18.211+0200: 63.681: [GC concurrent-root-region-scan-start]
2020-09-29T11:54:18.212+0200: 63.681: [GC concurrent-root-region-scan-end, 0.0007725 secs]
2020-09-29T11:54:18.212+0200: 63.681: [GC concurrent-mark-start]
2020-09-29T11:54:18.215+0200: 63.685: [GC concurrent-mark-end, 0.0035429 secs]
2020-09-29T11:54:18.216+0200: 63.685: [GC remark 2020-09-29T11:54:18.216+0200: 63.685: [Finalize Marking, 0.0002005 secs] 2020-09-29T11:54:18.216+0200: 63.685: [GC ref-proc, 0.0003785 secs] 2020-09-29T11:54:18.216+0200: 63.686: [Unloading, 0.0004826 secs], 0.0019295 secs]
 [Times: user=0.00 sys=0.00, real=0.00 secs] 
2020-09-29T11:54:18.218+0200: 63.688: [GC cleanup 1125M->24M(2048M), 0.0019725 secs]
 [Times: user=0.00 sys=0.00, real=0.00 secs] 
2020-09-29T11:54:18.220+0200: 63.690: [GC concurrent-cleanup-start]
2020-09-29T11:54:18.222+0200: 63.692: [GC concurrent-cleanup-end, 0.0014242 secs]
2020-09-29T11:54:18.374+0200: 63.844: [GC pause (G1 Evacuation Pause) (young), 0.1441474 secs]
   [Parallel Time: 143.2 ms, GC Workers: 8]
      [GC Worker Start (ms): Min: 63843.9, Avg: 63844.1, Max: 63844.2, Diff: 0.2]
      [Ext Root Scanning (ms): Min: 0.0, Avg: 0.1, Max: 0.2, Diff: 0.2, Sum: 0.5]
      [Update RS (ms): Min: 16.5, Avg: 16.6, Max: 16.7, Diff: 0.2, Sum: 132.7]
         [Processed Buffers: Min: 19, Avg: 20.8, Max: 23, Diff: 4, Sum: 166]
      [Scan RS (ms): Min: 12.5, Avg: 12.7, Max: 12.8, Diff: 0.3, Sum: 101.5]
      [Code Root Scanning (ms): Min: 0.0, Avg: 0.0, Max: 0.0, Diff: 0.0, Sum: 0.0]
      [Object Copy (ms): Min: 113.3, Avg: 113.4, Max: 113.5, Diff: 0.2, Sum: 907.0]
      [Termination (ms): Min: 0.0, Avg: 0.1, Max: 0.1, Diff: 0.1, Sum: 0.7]
         [Termination Attempts: Min: 1, Avg: 724.5, Max: 889, Diff: 888, Sum: 5796]
      [GC Worker Other (ms): Min: 0.0, Avg: 0.1, Max: 0.1, Diff: 0.1, Sum: 0.4]
      [GC Worker Total (ms): Min: 142.8, Avg: 142.9, Max: 143.0, Diff: 0.2, Sum: 1142.9]
      [GC Worker End (ms): Min: 63986.9, Avg: 63986.9, Max: 63987.0, Diff: 0.1]
   [Code Root Fixup: 0.0 ms]
   [Code Root Purge: 0.0 ms]
   [Clear CT: 0.2 ms]
   [Other: 0.8 ms]
      [Choose CSet: 0.0 ms]
      [Ref Proc: 0.1 ms]
      [Ref Enq: 0.0 ms]
      [Redirty Cards: 0.2 ms]
      [Humongous Register: 0.0 ms]
      [Humongous Reclaim: 0.0 ms]
      [Free CSet: 0.2 ms]
   [Eden: 299.0M(299.0M)->0.0B(292.0M) Survivors: 3072.0K->38.0M Heap: 365.5M(2048.0M)->364.5M(2048.0M)]
 [Times: user=1.11 sys=0.02, real=0.14 secs] 
2020-09-29T11:54:18.663+0200: 64.133: [GC pause (G1 Evacuation Pause) (young), 0.1679040 secs]
   [Parallel Time: 166.7 ms, GC Workers: 8]
      [GC Worker Start (ms): Min: 64133.5, Avg: 64133.6, Max: 64133.7, Diff: 0.2]
      [Ext Root Scanning (ms): Min: 0.0, Avg: 0.1, Max: 0.2, Diff: 0.2, Sum: 0.5]
      [Update RS (ms): Min: 20.4, Avg: 20.6, Max: 20.8, Diff: 0.3, Sum: 164.8]
         [Processed Buffers: Min: 23, Avg: 24.5, Max: 26, Diff: 3, Sum: 196]
      [Scan RS (ms): Min: 13.7, Avg: 13.9, Max: 14.1, Diff: 0.4, Sum: 111.2]
      [Code Root Scanning (ms): Min: 0.0, Avg: 0.0, Max: 0.0, Diff: 0.0, Sum: 0.0]
      [Object Copy (ms): Min: 131.6, Avg: 131.8, Max: 132.0, Diff: 0.5, Sum: 1054.1]
      [Termination (ms): Min: 0.0, Avg: 0.2, Max: 0.3, Diff: 0.3, Sum: 1.3]
         [Termination Attempts: Min: 1, Avg: 1124.5, Max: 1381, Diff: 1380, Sum: 8996]
      [GC Worker Other (ms): Min: 0.0, Avg: 0.0, Max: 0.1, Diff: 0.0, Sum: 0.3]
      [GC Worker Total (ms): Min: 166.5, Avg: 166.5, Max: 166.6, Diff: 0.1, Sum: 1332.2]
      [GC Worker End (ms): Min: 64300.1, Avg: 64300.2, Max: 64300.2, Diff: 0.0]
   [Code Root Fixup: 0.0 ms]
   [Code Root Purge: 0.0 ms]
   [Clear CT: 0.2 ms]
   [Other: 0.9 ms]
      [Choose CSet: 0.0 ms]
      [Ref Proc: 0.1 ms]
      [Ref Enq: 0.0 ms]
      [Redirty Cards: 0.4 ms]
      [Humongous Register: 0.0 ms]
      [Humongous Reclaim: 0.0 ms]
      [Free CSet: 0.2 ms]
   [Eden: 292.0M(292.0M)->0.0B(293.0M) Survivors: 38.0M->42.0M Heap: 704.2M(2048.0M)->706.2M(2048.0M)]
 [Times: user=1.20 sys=0.03, real=0.17 secs] 
2020-09-29T11:54:18.982+0200: 64.452: [GC pause (G1 Evacuation Pause) (young), 0.1636012 secs]
   [Parallel Time: 162.2 ms, GC Workers: 8]
      [GC Worker Start (ms): Min: 64452.1, Avg: 64452.2, Max: 64452.2, Diff: 0.1]
      [Ext Root Scanning (ms): Min: 0.0, Avg: 0.1, Max: 0.1, Diff: 0.1, Sum: 0.5]
      [Update RS (ms): Min: 21.0, Avg: 21.1, Max: 21.2, Diff: 0.2, Sum: 168.6]
         [Processed Buffers: Min: 24, Avg: 26.0, Max: 29, Diff: 5, Sum: 208]
      [Scan RS (ms): Min: 13.8, Avg: 13.9, Max: 14.2, Diff: 0.3, Sum: 111.5]
      [Code Root Scanning (ms): Min: 0.0, Avg: 0.0, Max: 0.0, Diff: 0.0, Sum: 0.0]
      [Object Copy (ms): Min: 126.7, Avg: 126.9, Max: 126.9, Diff: 0.2, Sum: 1014.8]
      [Termination (ms): Min: 0.0, Avg: 0.0, Max: 0.0, Diff: 0.0, Sum: 0.2]
         [Termination Attempts: Min: 1, Avg: 187.4, Max: 234, Diff: 233, Sum: 1499]
      [GC Worker Other (ms): Min: 0.0, Avg: 0.0, Max: 0.1, Diff: 0.1, Sum: 0.4]
      [GC Worker Total (ms): Min: 161.9, Avg: 162.0, Max: 162.1, Diff: 0.2, Sum: 1296.1]
      [GC Worker End (ms): Min: 64614.2, Avg: 64614.2, Max: 64614.2, Diff: 0.1]
   [Code Root Fixup: 0.0 ms]
   [Code Root Purge: 0.0 ms]
   [Clear CT: 0.2 ms]
   [Other: 1.2 ms]
      [Choose CSet: 0.0 ms]
      [Ref Proc: 0.2 ms]
      [Ref Enq: 0.0 ms]
      [Redirty Cards: 0.5 ms]
      [Humongous Register: 0.0 ms]
      [Humongous Reclaim: 0.0 ms]
      [Free CSet: 0.2 ms]
   [Eden: 293.0M(293.0M)->0.0B(302.0M) Survivors: 42.0M->42.0M Heap: 1048.8M(2048.0M)->1050.8M(2048.0M)]
 [Times: user=1.23 sys=0.03, real=0.16 secs] 
2020-09-29T11:54:19.160+0200: 64.630: [GC pause (G1 Humongous Allocation) (young) (initial-mark), 0.0543658 secs]
   [Parallel Time: 53.4 ms, GC Workers: 8]
      [GC Worker Start (ms): Min: 64630.2, Avg: 64630.2, Max: 64630.3, Diff: 0.2]
      [Ext Root Scanning (ms): Min: 0.0, Avg: 0.1, Max: 0.2, Diff: 0.2, Sum: 1.2]
      [Update RS (ms): Min: 28.5, Avg: 28.8, Max: 29.1, Diff: 0.6, Sum: 230.6]
         [Processed Buffers: Min: 34, Avg: 35.5, Max: 38, Diff: 4, Sum: 284]
      [Scan RS (ms): Min: 2.3, Avg: 2.6, Max: 2.9, Diff: 0.6, Sum: 21.1]
      [Code Root Scanning (ms): Min: 0.0, Avg: 0.0, Max: 0.0, Diff: 0.0, Sum: 0.0]
      [Object Copy (ms): Min: 21.2, Avg: 21.3, Max: 21.5, Diff: 0.4, Sum: 170.1]
      [Termination (ms): Min: 0.0, Avg: 0.3, Max: 0.4, Diff: 0.4, Sum: 2.7]
         [Termination Attempts: Min: 1, Avg: 109.0, Max: 149, Diff: 148, Sum: 872]
      [GC Worker Other (ms): Min: 0.0, Avg: 0.0, Max: 0.0, Diff: 0.0, Sum: 0.1]
      [GC Worker Total (ms): Min: 53.1, Avg: 53.2, Max: 53.3, Diff: 0.2, Sum: 425.8]
      [GC Worker End (ms): Min: 64683.5, Avg: 64683.5, Max: 64683.5, Diff: 0.0]
   [Code Root Fixup: 0.0 ms]
   [Code Root Purge: 0.0 ms]
   [Clear CT: 0.1 ms]
   [Other: 0.8 ms]
      [Choose CSet: 0.0 ms]
      [Ref Proc: 0.2 ms]
      [Ref Enq: 0.0 ms]
      [Redirty Cards: 0.3 ms]
      [Humongous Register: 0.0 ms]
      [Humongous Reclaim: 0.0 ms]
      [Free CSet: 0.1 ms]
   [Eden: 9216.0K(302.0M)->0.0B(346.0M) Survivors: 42.0M->11.0M Heap: 1059.8M(2048.0M)->1063.3M(2048.0M)]
 [Times: user=0.50 sys=0.00, real=0.05 secs] 
2020-09-29T11:54:19.214+0200: 64.684: [GC concurrent-root-region-scan-start]
2020-09-29T11:54:19.216+0200: 64.687: [GC concurrent-root-region-scan-end, 0.0023900 secs]
2020-09-29T11:54:19.216+0200: 64.687: [GC concurrent-mark-start]
2020-09-29T11:54:19.220+0200: 64.690: [GC concurrent-mark-end, 0.0034190 secs]
2020-09-29T11:54:19.220+0200: 64.690: [GC remark 2020-09-29T11:54:19.220+0200: 64.690: [Finalize Marking, 0.0012828 secs] 2020-09-29T11:54:19.221+0200: 64.692: [GC ref-proc, 0.0007157 secs] 2020-09-29T11:54:19.222+0200: 64.692: [Unloading, 0.0007929 secs], 0.0031880 secs]
 [Times: user=0.09 sys=0.00, real=0.00 secs] 
2020-09-29T11:54:19.224+0200: 64.694: [GC cleanup 1076M->36M(2048M), 0.0028148 secs]
 [Times: user=0.00 sys=0.00, real=0.00 secs] 
2020-09-29T11:54:19.226+0200: 64.697: [GC concurrent-cleanup-start]
2020-09-29T11:54:19.228+0200: 64.699: [GC concurrent-cleanup-end, 0.0016757 secs]
2020-09-29T11:54:19.413+0200: 64.883: [GC pause (G1 Evacuation Pause) (young), 0.1812027 secs]
   [Parallel Time: 179.9 ms, GC Workers: 8]
      [GC Worker Start (ms): Min: 64883.2, Avg: 64883.4, Max: 64883.4, Diff: 0.2]
      [Ext Root Scanning (ms): Min: 0.0, Avg: 0.1, Max: 0.2, Diff: 0.2, Sum: 0.5]
      [Update RS (ms): Min: 15.4, Avg: 15.7, Max: 16.3, Diff: 0.9, Sum: 125.7]
         [Processed Buffers: Min: 16, Avg: 17.4, Max: 19, Diff: 3, Sum: 139]
      [Scan RS (ms): Min: 20.1, Avg: 20.8, Max: 21.2, Diff: 1.1, Sum: 166.6]
      [Code Root Scanning (ms): Min: 0.0, Avg: 0.0, Max: 0.0, Diff: 0.0, Sum: 0.0]
      [Object Copy (ms): Min: 142.4, Avg: 142.6, Max: 142.9, Diff: 0.5, Sum: 1141.1]
      [Termination (ms): Min: 0.0, Avg: 0.3, Max: 0.5, Diff: 0.5, Sum: 2.7]
         [Termination Attempts: Min: 1, Avg: 2316.3, Max: 3111, Diff: 3110, Sum: 18530]
      [GC Worker Other (ms): Min: 0.0, Avg: 0.0, Max: 0.1, Diff: 0.1, Sum: 0.4]
      [GC Worker Total (ms): Min: 179.5, Avg: 179.6, Max: 179.7, Diff: 0.2, Sum: 1437.0]
      [GC Worker End (ms): Min: 65063.0, Avg: 65063.0, Max: 65063.0, Diff: 0.1]
   [Code Root Fixup: 0.0 ms]
   [Code Root Purge: 0.0 ms]
   [Clear CT: 0.2 ms]
   [Other: 1.1 ms]
      [Choose CSet: 0.0 ms]
      [Ref Proc: 0.2 ms]
      [Ref Enq: 0.0 ms]
      [Redirty Cards: 0.4 ms]
      [Humongous Register: 0.0 ms]
      [Humongous Reclaim: 0.0 ms]
      [Free CSet: 0.2 ms]
   [Eden: 346.0M(346.0M)->0.0B(306.0M) Survivors: 11.0M->45.0M Heap: 428.1M(2048.0M)->419.6M(2048.0M)]
 [Times: user=1.28 sys=0.08, real=0.18 secs] 
2020-09-29T11:54:19.761+0200: 65.231: [GC pause (G1 Evacuation Pause) (young), 0.1700000 secs]
   [Parallel Time: 168.8 ms, GC Workers: 8]
      [GC Worker Start (ms): Min: 65231.5, Avg: 65231.6, Max: 65231.7, Diff: 0.2]
      [Ext Root Scanning (ms): Min: 0.0, Avg: 0.1, Max: 0.1, Diff: 0.1, Sum: 0.5]
      [Update RS (ms): Min: 18.9, Avg: 19.1, Max: 19.6, Diff: 0.8, Sum: 153.0]
         [Processed Buffers: Min: 19, Avg: 20.0, Max: 21, Diff: 2, Sum: 160]
      [Scan RS (ms): Min: 19.0, Avg: 19.4, Max: 19.8, Diff: 0.7, Sum: 155.0]
      [Code Root Scanning (ms): Min: 0.0, Avg: 0.0, Max: 0.0, Diff: 0.0, Sum: 0.0]
      [Object Copy (ms): Min: 129.8, Avg: 129.9, Max: 130.1, Diff: 0.3, Sum: 1039.4]
      [Termination (ms): Min: 0.0, Avg: 0.0, Max: 0.1, Diff: 0.1, Sum: 0.4]
         [Termination Attempts: Min: 1, Avg: 329.1, Max: 422, Diff: 421, Sum: 2633]
      [GC Worker Other (ms): Min: 0.0, Avg: 0.1, Max: 0.1, Diff: 0.0, Sum: 0.4]
      [GC Worker Total (ms): Min: 168.5, Avg: 168.6, Max: 168.7, Diff: 0.2, Sum: 1348.8]
      [GC Worker End (ms): Min: 65400.2, Avg: 65400.2, Max: 65400.3, Diff: 0.0]
   [Code Root Fixup: 0.0 ms]
   [Code Root Purge: 0.0 ms]
   [Clear CT: 0.2 ms]
   [Other: 1.0 ms]
      [Choose CSet: 0.0 ms]
      [Ref Proc: 0.2 ms]
      [Ref Enq: 0.0 ms]
      [Redirty Cards: 0.3 ms]
      [Humongous Register: 0.0 ms]
      [Humongous Reclaim: 0.0 ms]
      [Free CSet: 0.3 ms]
   [Eden: 306.0M(306.0M)->0.0B(303.0M) Survivors: 45.0M->44.0M Heap: 775.2M(2048.0M)->776.7M(2048.0M)]
 [Times: user=1.33 sys=0.02, real=0.17 secs] 
2020-09-29T11:54:20.097+0200: 65.567: [GC pause (G1 Evacuation Pause) (young), 0.1684403 secs]
   [Parallel Time: 167.3 ms, GC Workers: 8]
      [GC Worker Start (ms): Min: 65567.4, Avg: 65567.5, Max: 65567.5, Diff: 0.1]
      [Ext Root Scanning (ms): Min: 0.0, Avg: 0.1, Max: 0.2, Diff: 0.1, Sum: 0.6]
      [Update RS (ms): Min: 18.9, Avg: 19.1, Max: 19.5, Diff: 0.6, Sum: 153.1]
         [Processed Buffers: Min: 16, Avg: 19.6, Max: 22, Diff: 6, Sum: 157]
      [Scan RS (ms): Min: 17.4, Avg: 17.8, Max: 18.1, Diff: 0.8, Sum: 142.5]
      [Code Root Scanning (ms): Min: 0.0, Avg: 0.0, Max: 0.0, Diff: 0.0, Sum: 0.0]
      [Object Copy (ms): Min: 129.9, Avg: 130.0, Max: 130.1, Diff: 0.1, Sum: 1040.3]
      [Termination (ms): Min: 0.0, Avg: 0.0, Max: 0.0, Diff: 0.0, Sum: 0.2]
         [Termination Attempts: Min: 1, Avg: 168.3, Max: 229, Diff: 228, Sum: 1346]
      [GC Worker Other (ms): Min: 0.0, Avg: 0.0, Max: 0.1, Diff: 0.0, Sum: 0.3]
      [GC Worker Total (ms): Min: 167.1, Avg: 167.1, Max: 167.2, Diff: 0.2, Sum: 1337.0]
      [GC Worker End (ms): Min: 65734.6, Avg: 65734.6, Max: 65734.6, Diff: 0.1]
   [Code Root Fixup: 0.0 ms]
   [Code Root Purge: 0.0 ms]
   [Clear CT: 0.2 ms]
   [Other: 0.9 ms]
      [Choose CSet: 0.0 ms]
      [Ref Proc: 0.1 ms]
      [Ref Enq: 0.0 ms]
      [Redirty Cards: 0.2 ms]
      [Humongous Register: 0.1 ms]
      [Humongous Reclaim: 0.0 ms]
      [Free CSet: 0.3 ms]
   [Eden: 303.0M(303.0M)->0.0B(305.0M) Survivors: 44.0M->44.0M Heap: 1131.2M(2048.0M)->1133.2M(2048.0M)]
 [Times: user=1.33 sys=0.05, real=0.17 secs] 
2020-09-29T11:54:20.277+0200: 65.748: [GC pause (G1 Humongous Allocation) (young) (initial-mark), 0.0595113 secs]
   [Parallel Time: 58.6 ms, GC Workers: 8]
      [GC Worker Start (ms): Min: 65747.8, Avg: 65747.9, Max: 65748.0, Diff: 0.2]
      [Ext Root Scanning (ms): Min: 0.0, Avg: 0.2, Max: 0.8, Diff: 0.8, Sum: 1.6]
      [Update RS (ms): Min: 34.2, Avg: 34.5, Max: 34.8, Diff: 0.6, Sum: 276.0]
         [Processed Buffers: Min: 40, Avg: 40.8, Max: 42, Diff: 2, Sum: 326]
      [Scan RS (ms): Min: 2.5, Avg: 2.7, Max: 3.0, Diff: 0.6, Sum: 21.8]
      [Code Root Scanning (ms): Min: 0.0, Avg: 0.0, Max: 0.0, Diff: 0.0, Sum: 0.0]
      [Object Copy (ms): Min: 20.8, Avg: 20.9, Max: 21.0, Diff: 0.1, Sum: 167.5]
      [Termination (ms): Min: 0.0, Avg: 0.0, Max: 0.0, Diff: 0.0, Sum: 0.2]
         [Termination Attempts: Min: 1, Avg: 186.9, Max: 233, Diff: 232, Sum: 1495]
      [GC Worker Other (ms): Min: 0.0, Avg: 0.0, Max: 0.0, Diff: 0.0, Sum: 0.2]
      [GC Worker Total (ms): Min: 58.3, Avg: 58.4, Max: 58.5, Diff: 0.2, Sum: 467.4]
      [GC Worker End (ms): Min: 65806.3, Avg: 65806.3, Max: 65806.3, Diff: 0.0]
   [Code Root Fixup: 0.0 ms]
   [Code Root Purge: 0.0 ms]
   [Clear CT: 0.2 ms]
   [Other: 0.8 ms]
      [Choose CSet: 0.0 ms]
      [Ref Proc: 0.2 ms]
      [Ref Enq: 0.0 ms]
      [Redirty Cards: 0.2 ms]
      [Humongous Register: 0.1 ms]
      [Humongous Reclaim: 0.0 ms]
      [Free CSet: 0.1 ms]
   [Eden: 7168.0K(305.0M)->0.0B(345.0M) Survivors: 44.0M->8192.0K Heap: 1139.7M(2048.0M)->1143.7M(2048.0M)]
 [Times: user=0.50 sys=0.00, real=0.06 secs] 
2020-09-29T11:54:20.337+0200: 65.807: [GC concurrent-root-region-scan-start]
2020-09-29T11:54:20.338+0200: 65.809: [GC concurrent-root-region-scan-end, 0.0015253 secs]
2020-09-29T11:54:20.338+0200: 65.809: [GC concurrent-mark-start]
2020-09-29T11:54:20.342+0200: 65.812: [GC concurrent-mark-end, 0.0031325 secs]
2020-09-29T11:54:20.342+0200: 65.812: [GC remark 2020-09-29T11:54:20.342+0200: 65.812: [Finalize Marking, 0.0002184 secs] 2020-09-29T11:54:20.342+0200: 65.812: [GC ref-proc, 0.0003801 secs] 2020-09-29T11:54:20.342+0200: 65.813: [Unloading, 0.0005291 secs], 0.0015178 secs]
 [Times: user=0.00 sys=0.00, real=0.00 secs] 
2020-09-29T11:54:20.344+0200: 65.814: [GC cleanup 1153M->29M(2048M), 0.0012450 secs]
 [Times: user=0.00 sys=0.00, real=0.00 secs] 
2020-09-29T11:54:20.345+0200: 65.815: [GC concurrent-cleanup-start]
2020-09-29T11:54:20.346+0200: 65.817: [GC concurrent-cleanup-end, 0.0014190 secs]
2020-09-29T11:54:20.518+0200: 65.989: [GC pause (G1 Evacuation Pause) (young), 0.1669219 secs]
   [Parallel Time: 165.7 ms, GC Workers: 8]
      [GC Worker Start (ms): Min: 65989.0, Avg: 65989.1, Max: 65989.2, Diff: 0.2]
      [Ext Root Scanning (ms): Min: 0.0, Avg: 0.1, Max: 0.2, Diff: 0.2, Sum: 0.4]
      [Update RS (ms): Min: 19.9, Avg: 20.0, Max: 20.3, Diff: 0.5, Sum: 159.8]
         [Processed Buffers: Min: 20, Avg: 22.3, Max: 26, Diff: 6, Sum: 178]
      [Scan RS (ms): Min: 17.1, Avg: 17.6, Max: 19.1, Diff: 2.0, Sum: 141.1]
      [Code Root Scanning (ms): Min: 0.0, Avg: 0.0, Max: 0.0, Diff: 0.0, Sum: 0.0]
      [Object Copy (ms): Min: 126.4, Avg: 127.8, Max: 128.0, Diff: 1.7, Sum: 1022.3]
      [Termination (ms): Min: 0.0, Avg: 0.0, Max: 0.0, Diff: 0.0, Sum: 0.0]
         [Termination Attempts: Min: 1, Avg: 14.0, Max: 19, Diff: 18, Sum: 112]
      [GC Worker Other (ms): Min: 0.0, Avg: 0.0, Max: 0.1, Diff: 0.1, Sum: 0.3]
      [GC Worker Total (ms): Min: 165.4, Avg: 165.5, Max: 165.7, Diff: 0.2, Sum: 1324.0]
      [GC Worker End (ms): Min: 66154.6, Avg: 66154.6, Max: 66154.6, Diff: 0.1]
   [Code Root Fixup: 0.0 ms]
   [Code Root Purge: 0.0 ms]
   [Clear CT: 0.2 ms]
   [Other: 1.0 ms]
      [Choose CSet: 0.0 ms]
      [Ref Proc: 0.2 ms]
      [Ref Enq: 0.0 ms]
      [Redirty Cards: 0.2 ms]
      [Humongous Register: 0.1 ms]
      [Humongous Reclaim: 0.0 ms]
      [Free CSet: 0.3 ms]
   [Eden: 345.0M(345.0M)->0.0B(320.0M) Survivors: 8192.0K->45.0M Heap: 424.1M(2048.0M)->417.6M(2048.0M)]
 [Times: user=1.34 sys=0.03, real=0.17 secs] 
2020-09-29T11:54:20.978+0200: 66.448: [GC pause (G1 Evacuation Pause) (young), 0.3613941 secs]
   [Parallel Time: 359.4 ms, GC Workers: 8]
      [GC Worker Start (ms): Min: 66448.6, Avg: 66448.8, Max: 66448.9, Diff: 0.3]
      [Ext Root Scanning (ms): Min: 0.0, Avg: 0.1, Max: 0.3, Diff: 0.3, Sum: 0.9]
      [Update RS (ms): Min: 37.5, Avg: 37.6, Max: 37.8, Diff: 0.2, Sum: 300.9]
         [Processed Buffers: Min: 12, Avg: 23.6, Max: 27, Diff: 15, Sum: 189]
      [Scan RS (ms): Min: 33.3, Avg: 33.5, Max: 33.7, Diff: 0.4, Sum: 267.9]
      [Code Root Scanning (ms): Min: 0.0, Avg: 0.0, Max: 0.0, Diff: 0.0, Sum: 0.0]
      [Object Copy (ms): Min: 287.2, Avg: 287.4, Max: 287.7, Diff: 0.5, Sum: 2299.3]
      [Termination (ms): Min: 0.1, Avg: 0.3, Max: 0.4, Diff: 0.4, Sum: 2.7]
         [Termination Attempts: Min: 1, Avg: 1149.0, Max: 1603, Diff: 1602, Sum: 9192]
      [GC Worker Other (ms): Min: 0.0, Avg: 0.0, Max: 0.0, Diff: 0.0, Sum: 0.2]
      [GC Worker Total (ms): Min: 358.9, Avg: 359.0, Max: 359.2, Diff: 0.3, Sum: 2872.0]
      [GC Worker End (ms): Min: 66807.8, Avg: 66807.8, Max: 66807.8, Diff: 0.0]
   [Code Root Fixup: 0.0 ms]
   [Code Root Purge: 0.0 ms]
   [Clear CT: 0.4 ms]
   [Other: 1.6 ms]
      [Choose CSet: 0.0 ms]
      [Ref Proc: 0.3 ms]
      [Ref Enq: 0.0 ms]
      [Redirty Cards: 0.4 ms]
      [Humongous Register: 0.1 ms]
      [Humongous Reclaim: 0.0 ms]
      [Free CSet: 0.5 ms]
   [Eden: 320.0M(320.0M)->0.0B(154.0M) Survivors: 45.0M->46.0M Heap: 791.0M(2048.0M)->793.0M(2048.0M)]
 [Times: user=2.73 sys=0.06, real=0.36 secs] 
2020-09-29T11:54:21.505+0200: 66.975: [GC pause (G1 Evacuation Pause) (young), 0.1929161 secs]
   [Parallel Time: 191.3 ms, GC Workers: 8]
      [GC Worker Start (ms): Min: 66974.9, Avg: 66975.0, Max: 66975.1, Diff: 0.3]
      [Ext Root Scanning (ms): Min: 0.0, Avg: 0.1, Max: 0.3, Diff: 0.3, Sum: 0.8]
      [Update RS (ms): Min: 34.9, Avg: 35.3, Max: 35.8, Diff: 0.9, Sum: 282.3]
         [Processed Buffers: Min: 21, Avg: 22.9, Max: 26, Diff: 5, Sum: 183]
      [Scan RS (ms): Min: 7.6, Avg: 8.1, Max: 8.6, Diff: 1.0, Sum: 65.2]
      [Code Root Scanning (ms): Min: 0.0, Avg: 0.0, Max: 0.0, Diff: 0.0, Sum: 0.0]
      [Object Copy (ms): Min: 147.2, Avg: 147.3, Max: 147.4, Diff: 0.1, Sum: 1178.4]
      [Termination (ms): Min: 0.0, Avg: 0.0, Max: 0.0, Diff: 0.0, Sum: 0.1]
         [Termination Attempts: Min: 1, Avg: 37.1, Max: 51, Diff: 50, Sum: 297]
      [GC Worker Other (ms): Min: 0.0, Avg: 0.0, Max: 0.1, Diff: 0.1, Sum: 0.4]
      [GC Worker Total (ms): Min: 190.8, Avg: 190.9, Max: 191.0, Diff: 0.2, Sum: 1527.1]
      [GC Worker End (ms): Min: 67165.9, Avg: 67165.9, Max: 67166.0, Diff: 0.1]
   [Code Root Fixup: 0.0 ms]
   [Code Root Purge: 0.0 ms]
   [Clear CT: 0.4 ms]
   [Other: 1.3 ms]
      [Choose CSet: 0.0 ms]
      [Ref Proc: 0.3 ms]
      [Ref Enq: 0.0 ms]
      [Redirty Cards: 0.5 ms]
      [Humongous Register: 0.1 ms]
      [Humongous Reclaim: 0.0 ms]
      [Free CSet: 0.2 ms]
   [Eden: 154.0M(154.0M)->0.0B(155.0M) Survivors: 46.0M->25.0M Heap: 971.8M(2048.0M)->974.3M(2048.0M)]
 [Times: user=1.50 sys=0.00, real=0.19 secs] 
2020-09-29T11:54:21.702+0200: 67.172: [GC pause (G1 Humongous Allocation) (young) (initial-mark), 0.0739978 secs]
   [Parallel Time: 72.7 ms, GC Workers: 8]
      [GC Worker Start (ms): Min: 67172.6, Avg: 67172.7, Max: 67172.8, Diff: 0.2]
      [Ext Root Scanning (ms): Min: 0.0, Avg: 0.1, Max: 0.2, Diff: 0.2, Sum: 1.0]
      [Update RS (ms): Min: 47.1, Avg: 47.5, Max: 48.1, Diff: 1.1, Sum: 380.3]
         [Processed Buffers: Min: 30, Avg: 32.4, Max: 34, Diff: 4, Sum: 259]
      [Scan RS (ms): Min: 0.0, Avg: 0.0, Max: 0.0, Diff: 0.0, Sum: 0.0]
      [Code Root Scanning (ms): Min: 0.0, Avg: 0.0, Max: 0.0, Diff: 0.0, Sum: 0.0]
      [Object Copy (ms): Min: 24.1, Avg: 24.7, Max: 25.2, Diff: 1.0, Sum: 197.8]
      [Termination (ms): Min: 0.0, Avg: 0.0, Max: 0.0, Diff: 0.0, Sum: 0.2]
         [Termination Attempts: Min: 1, Avg: 93.0, Max: 124, Diff: 123, Sum: 744]
      [GC Worker Other (ms): Min: 0.0, Avg: 0.0, Max: 0.0, Diff: 0.0, Sum: 0.2]
      [GC Worker Total (ms): Min: 72.4, Avg: 72.4, Max: 72.5, Diff: 0.2, Sum: 579.5]
      [GC Worker End (ms): Min: 67245.1, Avg: 67245.2, Max: 67245.2, Diff: 0.0]
   [Code Root Fixup: 0.0 ms]
   [Code Root Purge: 0.0 ms]
   [Clear CT: 0.4 ms]
   [Other: 1.0 ms]
      [Choose CSet: 0.0 ms]
      [Ref Proc: 0.3 ms]
      [Ref Enq: 0.0 ms]
      [Redirty Cards: 0.3 ms]
      [Humongous Register: 0.0 ms]
      [Humongous Reclaim: 0.0 ms]
      [Free CSet: 0.1 ms]
   [Eden: 6144.0K(155.0M)->0.0B(169.0M) Survivors: 25.0M->8192.0K Heap: 979.8M(2048.0M)->983.8M(2048.0M)]
 [Times: user=0.61 sys=0.02, real=0.08 secs] 
2020-09-29T11:54:21.777+0200: 67.247: [GC concurrent-root-region-scan-start]
2020-09-29T11:54:21.779+0200: 67.249: [GC concurrent-root-region-scan-end, 0.0023251 secs]
2020-09-29T11:54:21.779+0200: 67.249: [GC concurrent-mark-start]
2020-09-29T11:54:21.785+0200: 67.255: [GC concurrent-mark-end, 0.0056546 secs]
2020-09-29T11:54:21.785+0200: 67.255: [GC remark 2020-09-29T11:54:21.785+0200: 67.255: [Finalize Marking, 0.0004495 secs] 2020-09-29T11:54:21.786+0200: 67.256: [GC ref-proc, 0.0004907 secs] 2020-09-29T11:54:21.786+0200: 67.256: [Unloading, 0.0006842 secs], 0.0020496 secs]
 [Times: user=0.06 sys=0.00, real=0.00 secs] 
2020-09-29T11:54:21.788+0200: 67.258: [GC cleanup 995M->31M(2048M), 0.0016173 secs]
 [Times: user=0.00 sys=0.00, real=0.00 secs] 
2020-09-29T11:54:21.790+0200: 67.260: [GC concurrent-cleanup-start]
2020-09-29T11:54:21.791+0200: 67.261: [GC concurrent-cleanup-end, 0.0016239 secs]
2020-09-29T11:54:21.932+0200: 67.402: [GC pause (G1 Evacuation Pause) (young), 0.1536314 secs]
   [Parallel Time: 150.4 ms, GC Workers: 8]
      [GC Worker Start (ms): Min: 67401.7, Avg: 67401.9, Max: 67402.0, Diff: 0.3]
      [Ext Root Scanning (ms): Min: 0.0, Avg: 0.1, Max: 0.3, Diff: 0.3, Sum: 0.8]
      [Update RS (ms): Min: 22.9, Avg: 23.2, Max: 23.7, Diff: 0.8, Sum: 185.9]
         [Processed Buffers: Min: 14, Avg: 15.1, Max: 18, Diff: 4, Sum: 121]
      [Scan RS (ms): Min: 9.2, Avg: 9.7, Max: 9.9, Diff: 0.7, Sum: 77.2]
      [Code Root Scanning (ms): Min: 0.0, Avg: 0.0, Max: 0.0, Diff: 0.0, Sum: 0.0]
      [Object Copy (ms): Min: 116.8, Avg: 116.8, Max: 116.9, Diff: 0.2, Sum: 934.8]
      [Termination (ms): Min: 0.0, Avg: 0.1, Max: 0.1, Diff: 0.1, Sum: 0.5]
         [Termination Attempts: Min: 1, Avg: 238.5, Max: 303, Diff: 302, Sum: 1908]
      [GC Worker Other (ms): Min: 0.0, Avg: 0.0, Max: 0.1, Diff: 0.1, Sum: 0.3]
      [GC Worker Total (ms): Min: 149.8, Avg: 149.9, Max: 150.1, Diff: 0.3, Sum: 1199.6]
      [GC Worker End (ms): Min: 67551.8, Avg: 67551.8, Max: 67551.8, Diff: 0.1]
   [Code Root Fixup: 0.0 ms]
   [Code Root Purge: 0.0 ms]
   [Clear CT: 1.5 ms]
   [Other: 1.8 ms]
      [Choose CSet: 0.0 ms]
      [Ref Proc: 0.4 ms]
      [Ref Enq: 0.0 ms]
      [Redirty Cards: 0.8 ms]
      [Humongous Register: 0.0 ms]
      [Humongous Reclaim: 0.0 ms]
      [Free CSet: 0.2 ms]
   [Eden: 169.0M(169.0M)->0.0B(162.0M) Survivors: 8192.0K->23.0M Heap: 217.1M(2048.0M)->212.6M(2048.0M)]
 [Times: user=1.11 sys=0.01, real=0.15 secs] 
2020-09-29T11:54:22.236+0200: 67.706: [GC pause (G1 Evacuation Pause) (young), 0.1752535 secs]
   [Parallel Time: 173.5 ms, GC Workers: 8]
      [GC Worker Start (ms): Min: 67706.2, Avg: 67706.3, Max: 67706.4, Diff: 0.3]
      [Ext Root Scanning (ms): Min: 0.0, Avg: 0.1, Max: 0.3, Diff: 0.2, Sum: 0.8]
      [Update RS (ms): Min: 20.5, Avg: 21.0, Max: 21.6, Diff: 1.1, Sum: 167.9]
         [Processed Buffers: Min: 13, Avg: 13.6, Max: 16, Diff: 3, Sum: 109]
      [Scan RS (ms): Min: 11.7, Avg: 12.4, Max: 12.9, Diff: 1.2, Sum: 98.9]
      [Code Root Scanning (ms): Min: 0.0, Avg: 0.0, Max: 0.0, Diff: 0.0, Sum: 0.0]
      [Object Copy (ms): Min: 139.5, Avg: 139.5, Max: 139.6, Diff: 0.1, Sum: 1116.1]
      [Termination (ms): Min: 0.0, Avg: 0.1, Max: 0.1, Diff: 0.1, Sum: 0.8]
         [Termination Attempts: Min: 1, Avg: 370.0, Max: 456, Diff: 455, Sum: 2960]
      [GC Worker Other (ms): Min: 0.0, Avg: 0.0, Max: 0.1, Diff: 0.1, Sum: 0.3]
      [GC Worker Total (ms): Min: 173.0, Avg: 173.1, Max: 173.3, Diff: 0.3, Sum: 1385.0]
      [GC Worker End (ms): Min: 67879.4, Avg: 67879.4, Max: 67879.5, Diff: 0.1]
   [Code Root Fixup: 0.0 ms]
   [Code Root Purge: 0.0 ms]
   [Clear CT: 0.3 ms]
   [Other: 1.5 ms]
      [Choose CSet: 0.0 ms]
      [Ref Proc: 0.3 ms]
      [Ref Enq: 0.0 ms]
      [Redirty Cards: 0.3 ms]
      [Humongous Register: 0.0 ms]
      [Humongous Reclaim: 0.0 ms]
      [Free CSet: 0.3 ms]
   [Eden: 162.0M(162.0M)->0.0B(157.0M) Survivors: 23.0M->24.0M Heap: 401.3M(2048.0M)->402.8M(2048.0M)]
 [Times: user=1.39 sys=0.00, real=0.17 secs] 
2020-09-29T11:54:22.571+0200: 68.041: [GC pause (G1 Evacuation Pause) (young), 0.1623775 secs]
   [Parallel Time: 160.6 ms, GC Workers: 8]
      [GC Worker Start (ms): Min: 68040.9, Avg: 68041.0, Max: 68041.1, Diff: 0.2]
      [Ext Root Scanning (ms): Min: 0.0, Avg: 0.1, Max: 0.2, Diff: 0.2, Sum: 0.8]
      [Update RS (ms): Min: 20.8, Avg: 21.2, Max: 22.0, Diff: 1.2, Sum: 169.2]
         [Processed Buffers: Min: 13, Avg: 13.9, Max: 15, Diff: 2, Sum: 111]
      [Scan RS (ms): Min: 11.9, Avg: 12.7, Max: 13.1, Diff: 1.2, Sum: 101.7]
      [Code Root Scanning (ms): Min: 0.0, Avg: 0.0, Max: 0.0, Diff: 0.0, Sum: 0.0]
      [Object Copy (ms): Min: 126.2, Avg: 126.3, Max: 126.4, Diff: 0.2, Sum: 1010.1]
      [Termination (ms): Min: 0.0, Avg: 0.1, Max: 0.1, Diff: 0.1, Sum: 0.7]
         [Termination Attempts: Min: 1, Avg: 319.5, Max: 386, Diff: 385, Sum: 2556]
      [GC Worker Other (ms): Min: 0.0, Avg: 0.0, Max: 0.1, Diff: 0.1, Sum: 0.4]
      [GC Worker Total (ms): Min: 160.3, Avg: 160.4, Max: 160.5, Diff: 0.2, Sum: 1282.9]
      [GC Worker End (ms): Min: 68201.4, Avg: 68201.4, Max: 68201.4, Diff: 0.1]
   [Code Root Fixup: 0.0 ms]
   [Code Root Purge: 0.0 ms]
   [Clear CT: 0.4 ms]
   [Other: 1.3 ms]
      [Choose CSet: 0.0 ms]
      [Ref Proc: 0.3 ms]
      [Ref Enq: 0.0 ms]
      [Redirty Cards: 0.4 ms]
      [Humongous Register: 0.1 ms]
      [Humongous Reclaim: 0.0 ms]
      [Free CSet: 0.3 ms]
   [Eden: 157.0M(157.0M)->0.0B(162.0M) Survivors: 24.0M->23.0M Heap: 586.5M(2048.0M)->588.5M(2048.0M)]
 [Times: user=1.25 sys=0.00, real=0.16 secs] 
2020-09-29T11:54:22.892+0200: 68.362: [GC pause (G1 Evacuation Pause) (young), 0.1708733 secs]
   [Parallel Time: 168.9 ms, GC Workers: 8]
      [GC Worker Start (ms): Min: 68362.1, Avg: 68362.3, Max: 68362.4, Diff: 0.3]
      [Ext Root Scanning (ms): Min: 0.0, Avg: 0.1, Max: 0.3, Diff: 0.3, Sum: 0.8]
      [Update RS (ms): Min: 17.4, Avg: 18.0, Max: 18.7, Diff: 1.3, Sum: 144.0]
         [Processed Buffers: Min: 11, Avg: 12.0, Max: 13, Diff: 2, Sum: 96]
      [Scan RS (ms): Min: 13.0, Avg: 13.7, Max: 14.3, Diff: 1.3, Sum: 109.4]
      [Code Root Scanning (ms): Min: 0.0, Avg: 0.0, Max: 0.0, Diff: 0.0, Sum: 0.0]
      [Object Copy (ms): Min: 136.4, Avg: 136.5, Max: 136.8, Diff: 0.3, Sum: 1092.3]
      [Termination (ms): Min: 0.0, Avg: 0.1, Max: 0.1, Diff: 0.1, Sum: 0.7]
         [Termination Attempts: Min: 1, Avg: 324.1, Max: 423, Diff: 422, Sum: 2593]
      [GC Worker Other (ms): Min: 0.0, Avg: 0.1, Max: 0.1, Diff: 0.1, Sum: 0.5]
      [GC Worker Total (ms): Min: 168.4, Avg: 168.5, Max: 168.6, Diff: 0.3, Sum: 1347.7]
      [GC Worker End (ms): Min: 68530.7, Avg: 68530.8, Max: 68530.8, Diff: 0.1]
   [Code Root Fixup: 0.0 ms]
   [Code Root Purge: 0.0 ms]
   [Clear CT: 0.3 ms]
   [Other: 1.7 ms]
      [Choose CSet: 0.0 ms]
      [Ref Proc: 0.3 ms]
      [Ref Enq: 0.0 ms]
      [Redirty Cards: 0.9 ms]
      [Humongous Register: 0.1 ms]
      [Humongous Reclaim: 0.0 ms]
      [Free CSet: 0.2 ms]
   [Eden: 162.0M(162.0M)->0.0B(162.0M) Survivors: 23.0M->24.0M Heap: 777.2M(2048.0M)->779.2M(2048.0M)]
 [Times: user=1.38 sys=0.00, real=0.17 secs] 
2020-09-29T11:54:23.217+0200: 68.687: [GC pause (G1 Evacuation Pause) (young), 0.1640975 secs]
   [Parallel Time: 162.4 ms, GC Workers: 8]
      [GC Worker Start (ms): Min: 68687.6, Avg: 68687.7, Max: 68687.8, Diff: 0.2]
      [Ext Root Scanning (ms): Min: 0.0, Avg: 0.1, Max: 0.2, Diff: 0.2, Sum: 0.8]
      [Update RS (ms): Min: 17.2, Avg: 17.7, Max: 18.3, Diff: 1.2, Sum: 141.3]
         [Processed Buffers: Min: 11, Avg: 11.4, Max: 14, Diff: 3, Sum: 91]
      [Scan RS (ms): Min: 13.3, Avg: 14.0, Max: 14.6, Diff: 1.3, Sum: 111.9]
      [Code Root Scanning (ms): Min: 0.0, Avg: 0.0, Max: 0.0, Diff: 0.0, Sum: 0.0]
      [Object Copy (ms): Min: 130.1, Avg: 130.2, Max: 130.3, Diff: 0.2, Sum: 1041.4]
      [Termination (ms): Min: 0.0, Avg: 0.0, Max: 0.0, Diff: 0.0, Sum: 0.2]
         [Termination Attempts: Min: 1, Avg: 71.8, Max: 93, Diff: 92, Sum: 574]
      [GC Worker Other (ms): Min: 0.0, Avg: 0.1, Max: 0.1, Diff: 0.1, Sum: 0.4]
      [GC Worker Total (ms): Min: 161.9, Avg: 162.0, Max: 162.1, Diff: 0.2, Sum: 1296.0]
      [GC Worker End (ms): Min: 68849.6, Avg: 68849.7, Max: 68849.7, Diff: 0.1]
   [Code Root Fixup: 0.0 ms]
   [Code Root Purge: 0.0 ms]
   [Clear CT: 0.3 ms]
   [Other: 1.3 ms]
      [Choose CSet: 0.0 ms]
      [Ref Proc: 0.2 ms]
      [Ref Enq: 0.0 ms]
      [Redirty Cards: 0.6 ms]
      [Humongous Register: 0.1 ms]
      [Humongous Reclaim: 0.0 ms]
      [Free CSet: 0.2 ms]
   [Eden: 162.0M(162.0M)->0.0B(167.0M) Survivors: 24.0M->24.0M Heap: 967.9M(2048.0M)->969.9M(2048.0M)]
 [Times: user=1.28 sys=0.03, real=0.16 secs] 
2020-09-29T11:54:23.383+0200: 68.853: [GC pause (G1 Humongous Allocation) (young) (initial-mark), 0.0753072 secs]
   [Parallel Time: 74.0 ms, GC Workers: 8]
      [GC Worker Start (ms): Min: 68853.1, Avg: 68853.2, Max: 68853.3, Diff: 0.2]
      [Ext Root Scanning (ms): Min: 0.0, Avg: 0.1, Max: 0.2, Diff: 0.2, Sum: 1.1]
      [Update RS (ms): Min: 48.7, Avg: 49.3, Max: 49.8, Diff: 1.2, Sum: 394.1]
         [Processed Buffers: Min: 17, Avg: 31.4, Max: 35, Diff: 18, Sum: 251]
      [Scan RS (ms): Min: 0.0, Avg: 0.0, Max: 0.0, Diff: 0.0, Sum: 0.1]
      [Code Root Scanning (ms): Min: 0.0, Avg: 0.0, Max: 0.0, Diff: 0.0, Sum: 0.0]
      [Object Copy (ms): Min: 23.7, Avg: 24.2, Max: 24.8, Diff: 1.1, Sum: 193.9]
      [Termination (ms): Min: 0.0, Avg: 0.0, Max: 0.0, Diff: 0.0, Sum: 0.1]
         [Termination Attempts: Min: 1, Avg: 20.1, Max: 26, Diff: 25, Sum: 161]
      [GC Worker Other (ms): Min: 0.0, Avg: 0.0, Max: 0.0, Diff: 0.0, Sum: 0.2]
      [GC Worker Total (ms): Min: 73.6, Avg: 73.7, Max: 73.8, Diff: 0.2, Sum: 589.4]
      [GC Worker End (ms): Min: 68926.9, Avg: 68926.9, Max: 68926.9, Diff: 0.0]
   [Code Root Fixup: 0.0 ms]
   [Code Root Purge: 0.0 ms]
   [Clear CT: 0.3 ms]
   [Other: 1.0 ms]
      [Choose CSet: 0.0 ms]
      [Ref Proc: 0.3 ms]
      [Ref Enq: 0.0 ms]
      [Redirty Cards: 0.3 ms]
      [Humongous Register: 0.0 ms]
      [Humongous Reclaim: 0.0 ms]
      [Free CSet: 0.0 ms]
   [Eden: 1024.0K(167.0M)->0.0B(175.0M) Survivors: 24.0M->2048.0K Heap: 970.9M(2048.0M)->973.4M(2048.0M)]
 [Times: user=0.50 sys=0.00, real=0.08 secs] 
2020-09-29T11:54:23.458+0200: 68.928: [GC concurrent-root-region-scan-start]
2020-09-29T11:54:23.459+0200: 68.929: [GC concurrent-root-region-scan-end, 0.0005625 secs]
2020-09-29T11:54:23.459+0200: 68.929: [GC concurrent-mark-start]
2020-09-29T11:54:23.463+0200: 68.933: [GC concurrent-mark-end, 0.0042914 secs]
2020-09-29T11:54:23.463+0200: 68.934: [GC remark 2020-09-29T11:54:23.463+0200: 68.934: [Finalize Marking, 0.0003894 secs] 2020-09-29T11:54:23.464+0200: 68.934: [GC ref-proc, 0.0004865 secs] 2020-09-29T11:54:23.464+0200: 68.935: [Unloading, 0.0008569 secs], 0.0022377 secs]
 [Times: user=0.00 sys=0.00, real=0.00 secs] 
2020-09-29T11:54:23.466+0200: 68.936: [GC cleanup 980M->20M(2048M), 0.0020897 secs]
 [Times: user=0.00 sys=0.00, real=0.00 secs] 
2020-09-29T11:54:23.468+0200: 68.939: [GC concurrent-cleanup-start]
2020-09-29T11:54:23.470+0200: 68.940: [GC concurrent-cleanup-end, 0.0016115 secs]
2020-09-29T11:54:23.620+0200: 69.090: [GC pause (G1 Evacuation Pause) (young), 0.1588716 secs]
   [Parallel Time: 157.2 ms, GC Workers: 8]
      [GC Worker Start (ms): Min: 69090.6, Avg: 69090.8, Max: 69090.9, Diff: 0.3]
      [Ext Root Scanning (ms): Min: 0.0, Avg: 0.1, Max: 0.3, Diff: 0.3, Sum: 0.8]
      [Update RS (ms): Min: 21.0, Avg: 21.2, Max: 21.9, Diff: 1.0, Sum: 169.8]
         [Processed Buffers: Min: 13, Avg: 14.5, Max: 16, Diff: 3, Sum: 116]
      [Scan RS (ms): Min: 10.7, Avg: 11.5, Max: 11.9, Diff: 1.2, Sum: 91.8]
      [Code Root Scanning (ms): Min: 0.0, Avg: 0.0, Max: 0.0, Diff: 0.0, Sum: 0.0]
      [Object Copy (ms): Min: 123.8, Avg: 124.0, Max: 124.0, Diff: 0.2, Sum: 991.7]
      [Termination (ms): Min: 0.0, Avg: 0.0, Max: 0.0, Diff: 0.0, Sum: 0.0]
         [Termination Attempts: Min: 1, Avg: 8.8, Max: 14, Diff: 13, Sum: 70]
      [GC Worker Other (ms): Min: 0.0, Avg: 0.0, Max: 0.1, Diff: 0.1, Sum: 0.3]
      [GC Worker Total (ms): Min: 156.7, Avg: 156.8, Max: 157.0, Diff: 0.3, Sum: 1254.5]
      [GC Worker End (ms): Min: 69247.6, Avg: 69247.6, Max: 69247.6, Diff: 0.1]
   [Code Root Fixup: 0.0 ms]
   [Code Root Purge: 0.0 ms]
   [Clear CT: 0.4 ms]
   [Other: 1.2 ms]
      [Choose CSet: 0.0 ms]
      [Ref Proc: 0.2 ms]
      [Ref Enq: 0.0 ms]
      [Redirty Cards: 0.5 ms]
      [Humongous Register: 0.0 ms]
      [Humongous Reclaim: 0.0 ms]
      [Free CSet: 0.2 ms]
   [Eden: 175.0M(175.0M)->0.0B(161.0M) Survivors: 2048.0K->23.0M Heap: 219.5M(2048.0M)->219.0M(2048.0M)]
 [Times: user=1.24 sys=0.00, real=0.16 secs] 
2020-09-29T11:54:23.924+0200: 69.394: [GC pause (G1 Evacuation Pause) (young), 0.1655407 secs]
   [Parallel Time: 163.8 ms, GC Workers: 8]
      [GC Worker Start (ms): Min: 69394.5, Avg: 69394.7, Max: 69394.8, Diff: 0.3]
      [Ext Root Scanning (ms): Min: 0.0, Avg: 0.1, Max: 0.3, Diff: 0.2, Sum: 0.7]
      [Update RS (ms): Min: 19.2, Avg: 19.4, Max: 19.7, Diff: 0.5, Sum: 155.1]
         [Processed Buffers: Min: 12, Avg: 13.4, Max: 16, Diff: 4, Sum: 107]
      [Scan RS (ms): Min: 12.8, Avg: 13.1, Max: 13.3, Diff: 0.6, Sum: 105.1]
      [Code Root Scanning (ms): Min: 0.0, Avg: 0.0, Max: 0.0, Diff: 0.0, Sum: 0.0]
      [Object Copy (ms): Min: 130.6, Avg: 130.7, Max: 130.8, Diff: 0.2, Sum: 1045.6]
      [Termination (ms): Min: 0.0, Avg: 0.1, Max: 0.1, Diff: 0.1, Sum: 0.5]
         [Termination Attempts: Min: 1, Avg: 206.1, Max: 276, Diff: 275, Sum: 1649]
      [GC Worker Other (ms): Min: 0.0, Avg: 0.0, Max: 0.1, Diff: 0.0, Sum: 0.2]
      [GC Worker Total (ms): Min: 163.3, Avg: 163.4, Max: 163.6, Diff: 0.3, Sum: 1307.2]
      [GC Worker End (ms): Min: 69558.1, Avg: 69558.1, Max: 69558.1, Diff: 0.0]
   [Code Root Fixup: 0.0 ms]
   [Code Root Purge: 0.0 ms]
   [Clear CT: 0.3 ms]
   [Other: 1.5 ms]
      [Choose CSet: 0.0 ms]
      [Ref Proc: 0.3 ms]
      [Ref Enq: 0.0 ms]
      [Redirty Cards: 0.5 ms]
      [Humongous Register: 0.1 ms]
      [Humongous Reclaim: 0.0 ms]
      [Free CSet: 0.3 ms]
   [Eden: 161.0M(161.0M)->0.0B(163.0M) Survivors: 23.0M->23.0M Heap: 406.7M(2048.0M)->408.2M(2048.0M)]
 [Times: user=1.36 sys=0.00, real=0.17 secs] 
2020-09-29T11:54:24.247+0200: 69.717: [GC pause (G1 Evacuation Pause) (young), 0.1947337 secs]
   [Parallel Time: 193.4 ms, GC Workers: 8]
      [GC Worker Start (ms): Min: 69717.6, Avg: 69717.7, Max: 69717.8, Diff: 0.2]
      [Ext Root Scanning (ms): Min: 0.0, Avg: 0.1, Max: 0.2, Diff: 0.2, Sum: 0.9]
      [Update RS (ms): Min: 16.3, Avg: 16.6, Max: 17.4, Diff: 1.1, Sum: 132.5]
         [Processed Buffers: Min: 10, Avg: 11.3, Max: 13, Diff: 3, Sum: 90]
      [Scan RS (ms): Min: 13.8, Avg: 14.6, Max: 14.8, Diff: 1.0, Sum: 116.8]
      [Code Root Scanning (ms): Min: 0.0, Avg: 0.0, Max: 0.0, Diff: 0.0, Sum: 0.0]
      [Object Copy (ms): Min: 160.8, Avg: 161.0, Max: 161.6, Diff: 0.7, Sum: 1287.9]
      [Termination (ms): Min: 0.0, Avg: 0.7, Max: 0.9, Diff: 0.8, Sum: 5.6]
         [Termination Attempts: Min: 1, Avg: 2286.3, Max: 2925, Diff: 2924, Sum: 18290]
      [GC Worker Other (ms): Min: 0.0, Avg: 0.0, Max: 0.0, Diff: 0.0, Sum: 0.2]
      [GC Worker Total (ms): Min: 192.9, Avg: 193.0, Max: 193.1, Diff: 0.2, Sum: 1543.9]
      [GC Worker End (ms): Min: 69910.7, Avg: 69910.7, Max: 69910.7, Diff: 0.0]
   [Code Root Fixup: 0.0 ms]
   [Code Root Purge: 0.0 ms]
   [Clear CT: 0.3 ms]
   [Other: 1.1 ms]
      [Choose CSet: 0.0 ms]
      [Ref Proc: 0.2 ms]
      [Ref Enq: 0.0 ms]
      [Redirty Cards: 0.4 ms]
      [Humongous Register: 0.1 ms]
      [Humongous Reclaim: 0.0 ms]
      [Free CSet: 0.2 ms]
   [Eden: 163.0M(163.0M)->0.0B(153.0M) Survivors: 23.0M->24.0M Heap: 597.9M(2048.0M)->599.9M(2048.0M)]
 [Times: user=1.45 sys=0.05, real=0.19 secs] 
2020-09-29T11:54:24.586+0200: 70.056: [GC pause (G1 Evacuation Pause) (young), 0.1585076 secs]
   [Parallel Time: 156.9 ms, GC Workers: 8]
      [GC Worker Start (ms): Min: 70056.4, Avg: 70056.5, Max: 70056.6, Diff: 0.2]
      [Ext Root Scanning (ms): Min: 0.0, Avg: 0.1, Max: 0.2, Diff: 0.2, Sum: 0.9]
      [Update RS (ms): Min: 17.3, Avg: 18.1, Max: 18.8, Diff: 1.5, Sum: 144.5]
         [Processed Buffers: Min: 11, Avg: 11.4, Max: 12, Diff: 1, Sum: 91]
      [Scan RS (ms): Min: 12.2, Avg: 12.9, Max: 13.7, Diff: 1.5, Sum: 103.3]
      [Code Root Scanning (ms): Min: 0.0, Avg: 0.0, Max: 0.0, Diff: 0.0, Sum: 0.0]
      [Object Copy (ms): Min: 125.3, Avg: 125.4, Max: 125.4, Diff: 0.1, Sum: 1003.1]
      [Termination (ms): Min: 0.0, Avg: 0.1, Max: 0.1, Diff: 0.1, Sum: 0.5]
         [Termination Attempts: Min: 1, Avg: 217.6, Max: 275, Diff: 274, Sum: 1741]
      [GC Worker Other (ms): Min: 0.0, Avg: 0.0, Max: 0.1, Diff: 0.1, Sum: 0.3]
      [GC Worker Total (ms): Min: 156.5, Avg: 156.6, Max: 156.7, Diff: 0.2, Sum: 1252.7]
      [GC Worker End (ms): Min: 70213.0, Avg: 70213.1, Max: 70213.1, Diff: 0.1]
   [Code Root Fixup: 0.0 ms]
   [Code Root Purge: 0.0 ms]
   [Clear CT: 0.3 ms]
   [Other: 1.2 ms]
      [Choose CSet: 0.0 ms]
      [Ref Proc: 0.2 ms]
      [Ref Enq: 0.0 ms]
      [Redirty Cards: 0.4 ms]
      [Humongous Register: 0.1 ms]
      [Humongous Reclaim: 0.0 ms]
      [Free CSet: 0.2 ms]
   [Eden: 153.0M(153.0M)->0.0B(161.0M) Survivors: 24.0M->23.0M Heap: 777.7M(2048.0M)->779.2M(2048.0M)]
 [Times: user=1.25 sys=0.00, real=0.16 secs] 
2020-09-29T11:54:24.896+0200: 70.366: [GC pause (G1 Evacuation Pause) (young), 0.1700016 secs]
   [Parallel Time: 168.5 ms, GC Workers: 8]
      [GC Worker Start (ms): Min: 70366.0, Avg: 70366.2, Max: 70366.3, Diff: 0.3]
      [Ext Root Scanning (ms): Min: 0.0, Avg: 0.1, Max: 0.3, Diff: 0.3, Sum: 0.7]
      [Update RS (ms): Min: 21.4, Avg: 21.6, Max: 22.3, Diff: 0.9, Sum: 172.8]
         [Processed Buffers: Min: 13, Avg: 15.1, Max: 17, Diff: 4, Sum: 121]
      [Scan RS (ms): Min: 11.5, Avg: 12.2, Max: 12.4, Diff: 0.9, Sum: 97.8]
      [Code Root Scanning (ms): Min: 0.0, Avg: 0.0, Max: 0.0, Diff: 0.0, Sum: 0.0]
      [Object Copy (ms): Min: 134.1, Avg: 134.2, Max: 134.3, Diff: 0.1, Sum: 1073.6]
      [Termination (ms): Min: 0.0, Avg: 0.0, Max: 0.0, Diff: 0.0, Sum: 0.2]
         [Termination Attempts: Min: 1, Avg: 81.3, Max: 116, Diff: 115, Sum: 650]
      [GC Worker Other (ms): Min: 0.0, Avg: 0.0, Max: 0.1, Diff: 0.0, Sum: 0.3]
      [GC Worker Total (ms): Min: 168.1, Avg: 168.2, Max: 168.4, Diff: 0.3, Sum: 1345.4]
      [GC Worker End (ms): Min: 70534.4, Avg: 70534.4, Max: 70534.4, Diff: 0.0]
   [Code Root Fixup: 0.0 ms]
   [Code Root Purge: 0.0 ms]
   [Clear CT: 0.3 ms]
   [Other: 1.1 ms]
      [Choose CSet: 0.0 ms]
      [Ref Proc: 0.3 ms]
      [Ref Enq: 0.0 ms]
      [Redirty Cards: 0.4 ms]
      [Humongous Register: 0.1 ms]
      [Humongous Reclaim: 0.0 ms]
      [Free CSet: 0.2 ms]
   [Eden: 161.0M(161.0M)->0.0B(166.0M) Survivors: 23.0M->23.0M Heap: 968.8M(2048.0M)->970.3M(2048.0M)]
 [Times: user=1.25 sys=0.00, real=0.17 secs] 
2020-09-29T11:54:25.076+0200: 70.547: [GC pause (G1 Humongous Allocation) (young) (initial-mark), 0.0709596 secs]
   [Parallel Time: 67.3 ms, GC Workers: 8]
      [GC Worker Start (ms): Min: 70546.8, Avg: 70546.9, Max: 70547.0, Diff: 0.2]
      [Ext Root Scanning (ms): Min: 0.0, Avg: 0.3, Max: 0.4, Diff: 0.4, Sum: 2.0]
      [Update RS (ms): Min: 34.2, Avg: 34.7, Max: 35.4, Diff: 1.1, Sum: 277.7]
         [Processed Buffers: Min: 22, Avg: 24.3, Max: 26, Diff: 4, Sum: 194]
      [Scan RS (ms): Min: 1.8, Avg: 2.5, Max: 3.0, Diff: 1.2, Sum: 20.3]
      [Code Root Scanning (ms): Min: 0.0, Avg: 0.0, Max: 0.0, Diff: 0.0, Sum: 0.0]
      [Object Copy (ms): Min: 29.2, Avg: 29.3, Max: 29.3, Diff: 0.1, Sum: 234.1]
      [Termination (ms): Min: 0.1, Avg: 0.1, Max: 0.1, Diff: 0.1, Sum: 0.9]
         [Termination Attempts: Min: 1, Avg: 167.6, Max: 221, Diff: 220, Sum: 1341]
      [GC Worker Other (ms): Min: 0.0, Avg: 0.0, Max: 0.0, Diff: 0.0, Sum: 0.1]
      [GC Worker Total (ms): Min: 66.7, Avg: 66.9, Max: 67.0, Diff: 0.2, Sum: 535.1]
      [GC Worker End (ms): Min: 70613.8, Avg: 70613.8, Max: 70613.8, Diff: 0.0]
   [Code Root Fixup: 0.0 ms]
   [Code Root Purge: 0.0 ms]
   [Clear CT: 1.0 ms]
   [Other: 2.7 ms]
      [Choose CSet: 0.0 ms]
      [Ref Proc: 0.4 ms]
      [Ref Enq: 0.0 ms]
      [Redirty Cards: 2.0 ms]
      [Humongous Register: 0.0 ms]
      [Humongous Reclaim: 0.0 ms]
      [Free CSet: 0.1 ms]
   [Eden: 12.0M(166.0M)->0.0B(173.0M) Survivors: 23.0M->13.0M Heap: 981.8M(2048.0M)->985.3M(2048.0M)]
 [Times: user=0.50 sys=0.00, real=0.07 secs] 
2020-09-29T11:54:25.148+0200: 70.618: [GC concurrent-root-region-scan-start]
2020-09-29T11:54:25.152+0200: 70.622: [GC concurrent-root-region-scan-end, 0.0045527 secs]
2020-09-29T11:54:25.152+0200: 70.622: [GC concurrent-mark-start]
2020-09-29T11:54:25.157+0200: 70.627: [GC concurrent-mark-end, 0.0044140 secs]
2020-09-29T11:54:25.157+0200: 70.627: [GC remark 2020-09-29T11:54:25.157+0200: 70.627: [Finalize Marking, 0.0004122 secs] 2020-09-29T11:54:25.158+0200: 70.628: [GC ref-proc, 0.0004910 secs] 2020-09-29T11:54:25.158+0200: 70.628: [Unloading, 0.0012742 secs], 0.0032842 secs]
 [Times: user=0.01 sys=0.00, real=0.00 secs] 
2020-09-29T11:54:25.161+0200: 70.632: [GC cleanup 998M->37M(2048M), 0.0020194 secs]
 [Times: user=0.00 sys=0.00, real=0.00 secs] 
2020-09-29T11:54:25.164+0200: 70.634: [GC concurrent-cleanup-start]
2020-09-29T11:54:25.165+0200: 70.636: [GC concurrent-cleanup-end, 0.0019601 secs]
2020-09-29T11:54:25.311+0200: 70.782: [GC pause (G1 Evacuation Pause) (young), 0.1517913 secs]
   [Parallel Time: 150.2 ms, GC Workers: 8]
      [GC Worker Start (ms): Min: 70781.9, Avg: 70782.0, Max: 70782.1, Diff: 0.3]
      [Ext Root Scanning (ms): Min: 0.0, Avg: 0.1, Max: 0.3, Diff: 0.3, Sum: 0.8]
      [Update RS (ms): Min: 17.7, Avg: 17.8, Max: 18.0, Diff: 0.3, Sum: 142.0]
         [Processed Buffers: Min: 12, Avg: 13.0, Max: 16, Diff: 4, Sum: 104]
      [Scan RS (ms): Min: 12.1, Avg: 12.4, Max: 12.5, Diff: 0.4, Sum: 99.0]
      [Code Root Scanning (ms): Min: 0.0, Avg: 0.0, Max: 0.0, Diff: 0.0, Sum: 0.0]
      [Object Copy (ms): Min: 119.5, Avg: 119.6, Max: 119.7, Diff: 0.2, Sum: 956.8]
      [Termination (ms): Min: 0.0, Avg: 0.1, Max: 0.2, Diff: 0.2, Sum: 0.9]
         [Termination Attempts: Min: 1, Avg: 199.0, Max: 278, Diff: 277, Sum: 1592]
      [GC Worker Other (ms): Min: 0.0, Avg: 0.0, Max: 0.0, Diff: 0.0, Sum: 0.1]
      [GC Worker Total (ms): Min: 149.8, Avg: 150.0, Max: 150.1, Diff: 0.3, Sum: 1199.7]
      [GC Worker End (ms): Min: 70932.0, Avg: 70932.0, Max: 70932.0, Diff: 0.0]
   [Code Root Fixup: 0.0 ms]
   [Code Root Purge: 0.0 ms]
   [Clear CT: 0.3 ms]
   [Other: 1.3 ms]
      [Choose CSet: 0.0 ms]
      [Ref Proc: 0.3 ms]
      [Ref Enq: 0.0 ms]
      [Redirty Cards: 0.4 ms]
      [Humongous Register: 0.1 ms]
      [Humongous Reclaim: 0.0 ms]
      [Free CSet: 0.2 ms]
   [Eden: 173.0M(173.0M)->0.0B(173.0M) Survivors: 13.0M->24.0M Heap: 228.5M(2048.0M)->217.5M(2048.0M)]
 [Times: user=1.25 sys=0.00, real=0.15 secs] 
2020-09-29T11:54:25.619+0200: 71.089: [GC pause (G1 Evacuation Pause) (young), 0.1917634 secs]
   [Parallel Time: 190.1 ms, GC Workers: 8]
      [GC Worker Start (ms): Min: 71089.7, Avg: 71089.8, Max: 71089.9, Diff: 0.3]
      [Ext Root Scanning (ms): Min: 0.0, Avg: 0.1, Max: 0.3, Diff: 0.3, Sum: 0.8]
      [Update RS (ms): Min: 17.8, Avg: 18.0, Max: 18.2, Diff: 0.5, Sum: 143.8]
         [Processed Buffers: Min: 11, Avg: 12.8, Max: 16, Diff: 5, Sum: 102]
      [Scan RS (ms): Min: 14.9, Avg: 15.2, Max: 15.4, Diff: 0.5, Sum: 121.7]
      [Code Root Scanning (ms): Min: 0.0, Avg: 0.0, Max: 0.0, Diff: 0.0, Sum: 0.0]
      [Object Copy (ms): Min: 155.8, Avg: 156.0, Max: 156.3, Diff: 0.5, Sum: 1247.7]
      [Termination (ms): Min: 0.0, Avg: 0.4, Max: 0.5, Diff: 0.5, Sum: 3.1]
         [Termination Attempts: Min: 1, Avg: 1328.9, Max: 1679, Diff: 1678, Sum: 10631]
      [GC Worker Other (ms): Min: 0.0, Avg: 0.0, Max: 0.1, Diff: 0.0, Sum: 0.3]
      [GC Worker Total (ms): Min: 189.5, Avg: 189.7, Max: 189.9, Diff: 0.3, Sum: 1517.4]
      [GC Worker End (ms): Min: 71279.5, Avg: 71279.5, Max: 71279.5, Diff: 0.0]
   [Code Root Fixup: 0.0 ms]
   [Code Root Purge: 0.0 ms]
   [Clear CT: 0.3 ms]
   [Other: 1.4 ms]
      [Choose CSet: 0.0 ms]
      [Ref Proc: 0.3 ms]
      [Ref Enq: 0.0 ms]
      [Redirty Cards: 0.5 ms]
      [Humongous Register: 0.1 ms]
      [Humongous Reclaim: 0.0 ms]
      [Free CSet: 0.3 ms]
   [Eden: 173.0M(173.0M)->0.0B(165.0M) Survivors: 24.0M->25.0M Heap: 419.1M(2048.0M)->422.1M(2048.0M)]
 [Times: user=1.48 sys=0.00, real=0.19 secs] 
2020-09-29T11:54:26.056+0200: 71.526: [GC pause (G1 Evacuation Pause) (young), 0.3027280 secs]
   [Parallel Time: 299.8 ms, GC Workers: 8]
      [GC Worker Start (ms): Min: 71526.5, Avg: 71526.7, Max: 71526.9, Diff: 0.4]
      [Ext Root Scanning (ms): Min: 0.0, Avg: 0.2, Max: 0.4, Diff: 0.4, Sum: 1.4]
      [Update RS (ms): Min: 34.3, Avg: 35.1, Max: 36.4, Diff: 2.1, Sum: 280.6]
         [Processed Buffers: Min: 13, Avg: 14.1, Max: 16, Diff: 3, Sum: 113]
      [Scan RS (ms): Min: 20.2, Avg: 21.6, Max: 22.4, Diff: 2.2, Sum: 172.6]
      [Code Root Scanning (ms): Min: 0.0, Avg: 0.0, Max: 0.0, Diff: 0.0, Sum: 0.0]
      [Object Copy (ms): Min: 242.0, Avg: 242.1, Max: 242.4, Diff: 0.4, Sum: 1937.1]
      [Termination (ms): Min: 0.0, Avg: 0.1, Max: 0.2, Diff: 0.2, Sum: 1.1]
         [Termination Attempts: Min: 1, Avg: 310.3, Max: 390, Diff: 389, Sum: 2482]
      [GC Worker Other (ms): Min: 0.0, Avg: 0.1, Max: 0.1, Diff: 0.1, Sum: 0.6]
      [GC Worker Total (ms): Min: 299.0, Avg: 299.2, Max: 299.4, Diff: 0.4, Sum: 2393.3]
      [GC Worker End (ms): Min: 71825.8, Avg: 71825.9, Max: 71826.0, Diff: 0.1]
   [Code Root Fixup: 0.0 ms]
   [Code Root Purge: 0.0 ms]
   [Clear CT: 0.6 ms]
   [Other: 2.4 ms]
      [Choose CSet: 0.0 ms]
      [Ref Proc: 0.9 ms]
      [Ref Enq: 0.0 ms]
      [Redirty Cards: 0.6 ms]
      [Humongous Register: 0.1 ms]
      [Humongous Reclaim: 0.0 ms]
      [Free CSet: 0.4 ms]
   [Eden: 165.0M(165.0M)->0.0B(105.0M) Survivors: 25.0M->24.0M Heap: 613.8M(2048.0M)->616.3M(2048.0M)]
 [Times: user=2.36 sys=0.00, real=0.30 secs] 
2020-09-29T11:54:26.543+0200: 72.013: [GC pause (G1 Evacuation Pause) (young), 0.2101199 secs]
   [Parallel Time: 207.5 ms, GC Workers: 8]
      [GC Worker Start (ms): Min: 72013.5, Avg: 72013.8, Max: 72014.0, Diff: 0.5]
      [Ext Root Scanning (ms): Min: 0.0, Avg: 0.2, Max: 0.4, Diff: 0.4, Sum: 1.3]
      [Update RS (ms): Min: 31.1, Avg: 32.1, Max: 32.8, Diff: 1.6, Sum: 256.5]
         [Processed Buffers: Min: 11, Avg: 12.5, Max: 15, Diff: 4, Sum: 100]
      [Scan RS (ms): Min: 10.1, Avg: 10.9, Max: 11.7, Diff: 1.6, Sum: 87.4]
      [Code Root Scanning (ms): Min: 0.0, Avg: 0.0, Max: 0.0, Diff: 0.0, Sum: 0.0]
      [Object Copy (ms): Min: 163.4, Avg: 163.6, Max: 163.9, Diff: 0.6, Sum: 1308.4]
      [Termination (ms): Min: 0.0, Avg: 0.3, Max: 0.4, Diff: 0.4, Sum: 2.2]
         [Termination Attempts: Min: 1, Avg: 551.0, Max: 700, Diff: 699, Sum: 4408]
      [GC Worker Other (ms): Min: 0.0, Avg: 0.1, Max: 0.1, Diff: 0.1, Sum: 0.6]
      [GC Worker Total (ms): Min: 206.8, Avg: 207.1, Max: 207.3, Diff: 0.5, Sum: 1656.5]
      [GC Worker End (ms): Min: 72220.8, Avg: 72220.8, Max: 72220.9, Diff: 0.1]
   [Code Root Fixup: 0.0 ms]
   [Code Root Purge: 0.0 ms]
   [Clear CT: 0.6 ms]
   [Other: 2.0 ms]
      [Choose CSet: 0.0 ms]
      [Ref Proc: 0.5 ms]
      [Ref Enq: 0.0 ms]
      [Redirty Cards: 0.8 ms]
      [Humongous Register: 0.1 ms]
      [Humongous Reclaim: 0.0 ms]
      [Free CSet: 0.2 ms]
   [Eden: 105.0M(105.0M)->0.0B(97.0M) Survivors: 24.0M->17.0M Heap: 738.5M(2048.0M)->740.5M(2048.0M)]
 [Times: user=1.63 sys=0.00, real=0.21 secs] 
2020-09-29T11:54:26.903+0200: 72.374: [GC pause (G1 Evacuation Pause) (young), 0.2193561 secs]
   [Parallel Time: 211.2 ms, GC Workers: 8]
      [GC Worker Start (ms): Min: 72374.2, Avg: 72374.8, Max: 72376.2, Diff: 2.0]
      [Ext Root Scanning (ms): Min: 0.0, Avg: 0.2, Max: 0.4, Diff: 0.4, Sum: 1.7]
      [Update RS (ms): Min: 28.0, Avg: 29.8, Max: 31.6, Diff: 3.6, Sum: 238.0]
         [Processed Buffers: Min: 11, Avg: 12.6, Max: 15, Diff: 4, Sum: 101]
      [Scan RS (ms): Min: 9.6, Avg: 11.2, Max: 11.8, Diff: 2.2, Sum: 89.3]
      [Code Root Scanning (ms): Min: 0.0, Avg: 0.0, Max: 0.0, Diff: 0.0, Sum: 0.0]
      [Object Copy (ms): Min: 168.3, Avg: 168.5, Max: 169.0, Diff: 0.8, Sum: 1348.0]
      [Termination (ms): Min: 0.0, Avg: 0.6, Max: 0.7, Diff: 0.7, Sum: 4.7]
         [Termination Attempts: Min: 1, Avg: 1316.9, Max: 1635, Diff: 1634, Sum: 10535]
      [GC Worker Other (ms): Min: 0.0, Avg: 0.1, Max: 0.1, Diff: 0.1, Sum: 0.6]
      [GC Worker Total (ms): Min: 208.9, Avg: 210.3, Max: 210.9, Diff: 2.1, Sum: 1682.2]
      [GC Worker End (ms): Min: 72585.0, Avg: 72585.1, Max: 72585.1, Diff: 0.1]
   [Code Root Fixup: 0.0 ms]
   [Code Root Purge: 0.0 ms]
   [Clear CT: 1.0 ms]
   [Other: 7.1 ms]
      [Choose CSet: 0.0 ms]
      [Ref Proc: 0.7 ms]
      [Ref Enq: 0.0 ms]
      [Redirty Cards: 5.5 ms]
      [Humongous Register: 0.2 ms]
      [Humongous Reclaim: 0.0 ms]
      [Free CSet: 0.2 ms]
   [Eden: 97.0M(97.0M)->0.0B(87.0M) Survivors: 17.0M->15.0M Heap: 854.7M(2048.0M)->856.7M(2048.0M)]
 [Times: user=1.70 sys=0.00, real=0.22 secs] 
2020-09-29T11:54:27.258+0200: 72.729: [GC pause (G1 Evacuation Pause) (young), 0.1869222 secs]
   [Parallel Time: 184.5 ms, GC Workers: 8]
      [GC Worker Start (ms): Min: 72728.9, Avg: 72729.1, Max: 72729.4, Diff: 0.4]
      [Ext Root Scanning (ms): Min: 0.0, Avg: 0.2, Max: 0.4, Diff: 0.4, Sum: 1.4]
      [Update RS (ms): Min: 23.9, Avg: 25.6, Max: 31.5, Diff: 7.7, Sum: 204.8]
         [Processed Buffers: Min: 0, Avg: 8.6, Max: 11, Diff: 11, Sum: 69]
      [Scan RS (ms): Min: 4.8, Avg: 11.8, Max: 20.5, Diff: 15.6, Sum: 94.0]
      [Code Root Scanning (ms): Min: 0.0, Avg: 0.0, Max: 0.0, Diff: 0.0, Sum: 0.0]
      [Object Copy (ms): Min: 139.3, Avg: 146.3, Max: 147.4, Diff: 8.1, Sum: 1170.2]
      [Termination (ms): Min: 0.0, Avg: 0.0, Max: 0.1, Diff: 0.1, Sum: 0.4]
         [Termination Attempts: Min: 1, Avg: 100.3, Max: 144, Diff: 143, Sum: 802]
      [GC Worker Other (ms): Min: 0.0, Avg: 0.1, Max: 0.2, Diff: 0.1, Sum: 0.6]
      [GC Worker Total (ms): Min: 183.7, Avg: 183.9, Max: 184.1, Diff: 0.5, Sum: 1471.4]
      [GC Worker End (ms): Min: 72913.0, Avg: 72913.1, Max: 72913.1, Diff: 0.1]
   [Code Root Fixup: 0.0 ms]
   [Code Root Purge: 0.0 ms]
   [Clear CT: 0.5 ms]
   [Other: 1.9 ms]
      [Choose CSet: 0.0 ms]
      [Ref Proc: 0.6 ms]
      [Ref Enq: 0.0 ms]
      [Redirty Cards: 0.6 ms]
      [Humongous Register: 0.1 ms]
      [Humongous Reclaim: 0.0 ms]
      [Free CSet: 0.2 ms]
   [Eden: 87.0M(87.0M)->0.0B(89.0M) Survivors: 15.0M->13.0M Heap: 957.0M(2048.0M)->959.0M(2048.0M)]
 [Times: user=1.44 sys=0.00, real=0.19 secs] 
2020-09-29T11:54:27.448+0200: 72.918: [GC pause (G1 Humongous Allocation) (young) (initial-mark), 0.0851512 secs]
   [Parallel Time: 82.7 ms, GC Workers: 8]
      [GC Worker Start (ms): Min: 72918.5, Avg: 72918.7, Max: 72919.0, Diff: 0.5]
      [Ext Root Scanning (ms): Min: 0.0, Avg: 1.3, Max: 7.3, Diff: 7.2, Sum: 10.2]
      [Update RS (ms): Min: 40.4, Avg: 48.3, Max: 65.4, Diff: 25.0, Sum: 386.7]
         [Processed Buffers: Min: 11, Avg: 17.4, Max: 21, Diff: 10, Sum: 139]
      [Scan RS (ms): Min: 0.0, Avg: 0.1, Max: 0.3, Diff: 0.3, Sum: 0.8]
      [Code Root Scanning (ms): Min: 0.0, Avg: 0.0, Max: 0.0, Diff: 0.0, Sum: 0.0]
      [Object Copy (ms): Min: 16.2, Avg: 32.2, Max: 34.8, Diff: 18.6, Sum: 257.7]
      [Termination (ms): Min: 0.0, Avg: 0.2, Max: 0.3, Diff: 0.3, Sum: 1.5]
         [Termination Attempts: Min: 1, Avg: 150.5, Max: 240, Diff: 239, Sum: 1204]
      [GC Worker Other (ms): Min: 0.0, Avg: 0.0, Max: 0.1, Diff: 0.0, Sum: 0.2]
      [GC Worker Total (ms): Min: 81.9, Avg: 82.1, Max: 82.3, Diff: 0.4, Sum: 657.2]
      [GC Worker End (ms): Min: 73000.8, Avg: 73000.9, Max: 73000.9, Diff: 0.1]
   [Code Root Fixup: 0.0 ms]
   [Code Root Purge: 0.0 ms]
   [Clear CT: 0.7 ms]
   [Other: 1.8 ms]
      [Choose CSet: 0.0 ms]
      [Ref Proc: 0.5 ms]
      [Ref Enq: 0.0 ms]
      [Redirty Cards: 0.6 ms]
      [Humongous Register: 0.1 ms]
      [Humongous Reclaim: 0.0 ms]
      [Free CSet: 0.1 ms]
   [Eden: 2048.0K(89.0M)->0.0B(100.0M) Survivors: 13.0M->2048.0K Heap: 960.5M(2048.0M)->963.0M(2048.0M)]
 [Times: user=0.55 sys=0.00, real=0.09 secs] 
2020-09-29T11:54:27.533+0200: 73.004: [GC concurrent-root-region-scan-start]
2020-09-29T11:54:27.535+0200: 73.006: [GC concurrent-root-region-scan-end, 0.0018104 secs]
2020-09-29T11:54:27.535+0200: 73.006: [GC concurrent-mark-start]
2020-09-29T11:54:27.544+0200: 73.015: [GC concurrent-mark-end, 0.0089484 secs]
2020-09-29T11:54:27.545+0200: 73.015: [GC remark 2020-09-29T11:54:27.545+0200: 73.015: [Finalize Marking, 0.0004449 secs] 2020-09-29T11:54:27.545+0200: 73.016: [GC ref-proc, 0.0011375 secs] 2020-09-29T11:54:27.547+0200: 73.017: [Unloading, 0.0012948 secs], 0.0037391 secs]
 [Times: user=0.00 sys=0.00, real=0.00 secs] 
2020-09-29T11:54:27.550+0200: 73.020: [GC cleanup 971M->22M(2048M), 0.0035192 secs]
 [Times: user=0.13 sys=0.00, real=0.00 secs] 
2020-09-29T11:54:27.553+0200: 73.024: [GC concurrent-cleanup-start]
2020-09-29T11:54:27.556+0200: 73.027: [GC concurrent-cleanup-end, 0.0029666 secs]
2020-09-29T11:54:27.690+0200: 73.160: [GC pause (G1 Evacuation Pause) (young), 0.1628642 secs]
   [Parallel Time: 160.1 ms, GC Workers: 8]
      [GC Worker Start (ms): Min: 73160.2, Avg: 73160.5, Max: 73160.6, Diff: 0.4]
      [Ext Root Scanning (ms): Min: 0.0, Avg: 0.2, Max: 0.4, Diff: 0.4, Sum: 1.3]
      [Update RS (ms): Min: 19.3, Avg: 19.9, Max: 20.6, Diff: 1.3, Sum: 159.5]
         [Processed Buffers: Min: 6, Avg: 8.0, Max: 10, Diff: 4, Sum: 64]
      [Scan RS (ms): Min: 10.4, Avg: 10.9, Max: 11.6, Diff: 1.2, Sum: 87.3]
      [Code Root Scanning (ms): Min: 0.0, Avg: 0.0, Max: 0.0, Diff: 0.0, Sum: 0.0]
      [Object Copy (ms): Min: 128.3, Avg: 128.4, Max: 128.5, Diff: 0.2, Sum: 1027.3]
      [Termination (ms): Min: 0.0, Avg: 0.0, Max: 0.0, Diff: 0.0, Sum: 0.3]
         [Termination Attempts: Min: 1, Avg: 72.8, Max: 93, Diff: 92, Sum: 582]
      [GC Worker Other (ms): Min: 0.0, Avg: 0.0, Max: 0.1, Diff: 0.1, Sum: 0.4]
      [GC Worker Total (ms): Min: 159.3, Avg: 159.5, Max: 159.8, Diff: 0.4, Sum: 1276.2]
      [GC Worker End (ms): Min: 73320.0, Avg: 73320.0, Max: 73320.0, Diff: 0.1]
   [Code Root Fixup: 0.0 ms]
   [Code Root Purge: 0.0 ms]
   [Clear CT: 0.6 ms]
   [Other: 2.2 ms]
      [Choose CSet: 0.0 ms]
      [Ref Proc: 0.7 ms]
      [Ref Enq: 0.0 ms]
      [Redirty Cards: 0.7 ms]
      [Humongous Register: 0.1 ms]
      [Humongous Reclaim: 0.0 ms]
      [Free CSet: 0.2 ms]
   [Eden: 100.0M(100.0M)->0.0B(89.0M) Survivors: 2048.0K->13.0M Heap: 131.2M(2048.0M)->131.7M(2048.0M)]
 [Times: user=1.34 sys=0.00, real=0.16 secs] 
2020-09-29T11:54:27.991+0200: 73.461: [GC pause (G1 Evacuation Pause) (young), 0.1777340 secs]
   [Parallel Time: 174.0 ms, GC Workers: 8]
      [GC Worker Start (ms): Min: 73461.6, Avg: 73461.8, Max: 73462.0, Diff: 0.4]
      [Ext Root Scanning (ms): Min: 0.0, Avg: 0.2, Max: 0.4, Diff: 0.4, Sum: 1.3]
      [Update RS (ms): Min: 22.1, Avg: 23.8, Max: 31.5, Diff: 9.4, Sum: 190.4]
         [Processed Buffers: Min: 0, Avg: 8.5, Max: 13, Diff: 13, Sum: 68]
      [Scan RS (ms): Min: 4.1, Avg: 12.3, Max: 17.4, Diff: 13.4, Sum: 98.4]
      [Code Root Scanning (ms): Min: 0.0, Avg: 0.0, Max: 0.0, Diff: 0.0, Sum: 0.0]
      [Object Copy (ms): Min: 132.7, Avg: 137.0, Max: 137.9, Diff: 5.1, Sum: 1096.3]
      [Termination (ms): Min: 0.0, Avg: 0.1, Max: 0.1, Diff: 0.1, Sum: 0.6]
         [Termination Attempts: Min: 1, Avg: 156.8, Max: 210, Diff: 209, Sum: 1254]
      [GC Worker Other (ms): Min: 0.0, Avg: 0.1, Max: 0.1, Diff: 0.1, Sum: 0.4]
      [GC Worker Total (ms): Min: 173.3, Avg: 173.4, Max: 173.7, Diff: 0.4, Sum: 1387.5]
      [GC Worker End (ms): Min: 73635.3, Avg: 73635.3, Max: 73635.3, Diff: 0.1]
   [Code Root Fixup: 0.0 ms]
   [Code Root Purge: 0.0 ms]
   [Clear CT: 1.7 ms]
   [Other: 2.0 ms]
      [Choose CSet: 0.0 ms]
      [Ref Proc: 0.5 ms]
      [Ref Enq: 0.0 ms]
      [Redirty Cards: 0.6 ms]
      [Humongous Register: 0.1 ms]
      [Humongous Reclaim: 0.0 ms]
      [Free CSet: 0.3 ms]
   [Eden: 89.0M(89.0M)->0.0B(89.0M) Survivors: 13.0M->13.0M Heap: 235.9M(2048.0M)->236.9M(2048.0M)]
 [Times: user=1.33 sys=0.00, real=0.18 secs] 
2020-09-29T11:54:28.314+0200: 73.784: [GC pause (G1 Evacuation Pause) (young), 0.1947709 secs]
   [Parallel Time: 192.4 ms, GC Workers: 8]
      [GC Worker Start (ms): Min: 73784.1, Avg: 73788.5, Max: 73815.5, Diff: 31.4]
      [Ext Root Scanning (ms): Min: 0.0, Avg: 0.2, Max: 0.4, Diff: 0.4, Sum: 1.6]
      [Update RS (ms): Min: 0.0, Avg: 20.1, Max: 23.7, Diff: 23.7, Sum: 160.7]
         [Processed Buffers: Min: 0, Avg: 9.0, Max: 13, Diff: 13, Sum: 72]
      [Scan RS (ms): Min: 5.1, Avg: 15.1, Max: 40.0, Diff: 35.0, Sum: 120.5]
      [Code Root Scanning (ms): Min: 0.0, Avg: 0.0, Max: 0.0, Diff: 0.0, Sum: 0.0]
      [Object Copy (ms): Min: 128.3, Avg: 152.2, Max: 155.7, Diff: 27.4, Sum: 1217.6]
      [Termination (ms): Min: 0.0, Avg: 0.1, Max: 0.1, Diff: 0.1, Sum: 0.8]
         [Termination Attempts: Min: 1, Avg: 1.1, Max: 2, Diff: 1, Sum: 9]
      [GC Worker Other (ms): Min: 0.0, Avg: 0.0, Max: 0.0, Diff: 0.0, Sum: 0.2]
      [GC Worker Total (ms): Min: 160.7, Avg: 187.7, Max: 192.1, Diff: 31.4, Sum: 1501.5]
      [GC Worker End (ms): Min: 73976.2, Avg: 73976.2, Max: 73976.2, Diff: 0.1]
   [Code Root Fixup: 0.0 ms]
   [Code Root Purge: 0.0 ms]
   [Clear CT: 0.5 ms]
   [Other: 1.9 ms]
      [Choose CSet: 0.0 ms]
      [Ref Proc: 0.6 ms]
      [Ref Enq: 0.0 ms]
      [Redirty Cards: 0.6 ms]
      [Humongous Register: 0.1 ms]
      [Humongous Reclaim: 0.0 ms]
      [Free CSet: 0.2 ms]
   [Eden: 89.0M(89.0M)->0.0B(89.0M) Survivors: 13.0M->13.0M Heap: 341.2M(2048.0M)->342.7M(2048.0M)]
 [Times: user=1.39 sys=0.00, real=0.20 secs] 
2020-09-29T11:54:28.658+0200: 74.128: [GC pause (G1 Evacuation Pause) (young), 0.2304216 secs]
   [Parallel Time: 227.4 ms, GC Workers: 8]
      [GC Worker Start (ms): Min: 74128.0, Avg: 74129.3, Max: 74138.0, Diff: 10.0]
      [Ext Root Scanning (ms): Min: 0.0, Avg: 0.2, Max: 0.3, Diff: 0.3, Sum: 1.4]
      [Update RS (ms): Min: 14.3, Avg: 22.0, Max: 23.6, Diff: 9.3, Sum: 175.6]
         [Processed Buffers: Min: 8, Avg: 9.8, Max: 12, Diff: 4, Sum: 78]
      [Scan RS (ms): Min: 10.5, Avg: 15.0, Max: 40.5, Diff: 30.0, Sum: 119.6]
      [Code Root Scanning (ms): Min: 0.0, Avg: 0.0, Max: 0.0, Diff: 0.0, Sum: 0.0]
      [Object Copy (ms): Min: 163.4, Avg: 188.1, Max: 191.8, Diff: 28.4, Sum: 1504.6]
      [Termination (ms): Min: 0.1, Avg: 0.7, Max: 1.0, Diff: 1.0, Sum: 5.6]
         [Termination Attempts: Min: 1, Avg: 1376.3, Max: 1917, Diff: 1916, Sum: 11010]
      [GC Worker Other (ms): Min: 0.0, Avg: 0.0, Max: 0.1, Diff: 0.1, Sum: 0.3]
      [GC Worker Total (ms): Min: 217.3, Avg: 225.9, Max: 227.3, Diff: 10.0, Sum: 1807.2]
      [GC Worker End (ms): Min: 74355.2, Avg: 74355.2, Max: 74355.3, Diff: 0.1]
   [Code Root Fixup: 0.0 ms]
   [Code Root Purge: 0.0 ms]
   [Clear CT: 0.8 ms]
   [Other: 2.2 ms]
      [Choose CSet: 0.0 ms]
      [Ref Proc: 0.6 ms]
      [Ref Enq: 0.0 ms]
      [Redirty Cards: 0.6 ms]
      [Humongous Register: 0.2 ms]
      [Humongous Reclaim: 0.0 ms]
      [Free CSet: 0.3 ms]
   [Eden: 89.0M(89.0M)->0.0B(89.0M) Survivors: 13.0M->13.0M Heap: 446.9M(2048.0M)->448.9M(2048.0M)]
 [Times: user=1.64 sys=0.00, real=0.23 secs] 
2020-09-29T11:54:29.046+0200: 74.517: [GC pause (G1 Evacuation Pause) (young), 0.1829128 secs]
   [Parallel Time: 180.2 ms, GC Workers: 8]
      [GC Worker Start (ms): Min: 74517.2, Avg: 74517.4, Max: 74517.5, Diff: 0.3]
      [Ext Root Scanning (ms): Min: 0.1, Avg: 0.2, Max: 0.4, Diff: 0.3, Sum: 1.7]
      [Update RS (ms): Min: 15.2, Avg: 15.8, Max: 16.2, Diff: 1.0, Sum: 126.3]
         [Processed Buffers: Min: 4, Avg: 6.4, Max: 8, Diff: 4, Sum: 51]
      [Scan RS (ms): Min: 12.6, Avg: 13.0, Max: 13.7, Diff: 1.1, Sum: 104.3]
      [Code Root Scanning (ms): Min: 0.0, Avg: 0.0, Max: 0.0, Diff: 0.0, Sum: 0.0]
      [Object Copy (ms): Min: 149.6, Avg: 150.4, Max: 150.6, Diff: 1.0, Sum: 1203.5]
      [Termination (ms): Min: 0.0, Avg: 0.2, Max: 1.1, Diff: 1.1, Sum: 1.9]
         [Termination Attempts: Min: 1, Avg: 203.0, Max: 262, Diff: 261, Sum: 1624]
      [GC Worker Other (ms): Min: 0.0, Avg: 0.0, Max: 0.1, Diff: 0.0, Sum: 0.4]
      [GC Worker Total (ms): Min: 179.6, Avg: 179.8, Max: 179.9, Diff: 0.3, Sum: 1438.0]
      [GC Worker End (ms): Min: 74697.1, Avg: 74697.1, Max: 74697.1, Diff: 0.0]
   [Code Root Fixup: 0.0 ms]
   [Code Root Purge: 0.0 ms]
   [Clear CT: 0.9 ms]
   [Other: 1.8 ms]
      [Choose CSet: 0.0 ms]
      [Ref Proc: 0.5 ms]
      [Ref Enq: 0.0 ms]
      [Redirty Cards: 0.6 ms]
      [Humongous Register: 0.1 ms]
      [Humongous Reclaim: 0.0 ms]
      [Free CSet: 0.2 ms]
   [Eden: 89.0M(89.0M)->0.0B(89.0M) Survivors: 13.0M->13.0M Heap: 551.3M(2048.0M)->553.3M(2048.0M)]
 [Times: user=1.27 sys=0.03, real=0.18 secs] 
2020-09-29T11:54:29.374+0200: 74.845: [GC pause (G1 Evacuation Pause) (young), 0.1699959 secs]
   [Parallel Time: 167.7 ms, GC Workers: 8]
      [GC Worker Start (ms): Min: 74845.1, Avg: 74845.3, Max: 74845.4, Diff: 0.3]
      [Ext Root Scanning (ms): Min: 0.1, Avg: 0.2, Max: 0.4, Diff: 0.3, Sum: 1.7]
      [Update RS (ms): Min: 16.0, Avg: 16.4, Max: 17.5, Diff: 1.4, Sum: 131.2]
         [Processed Buffers: Min: 6, Avg: 6.6, Max: 9, Diff: 3, Sum: 53]
      [Scan RS (ms): Min: 17.0, Avg: 18.2, Max: 18.7, Diff: 1.7, Sum: 145.6]
      [Code Root Scanning (ms): Min: 0.0, Avg: 0.0, Max: 0.0, Diff: 0.0, Sum: 0.0]
      [Object Copy (ms): Min: 131.8, Avg: 132.1, Max: 132.2, Diff: 0.4, Sum: 1056.5]
      [Termination (ms): Min: 0.0, Avg: 0.2, Max: 0.2, Diff: 0.2, Sum: 1.3]
         [Termination Attempts: Min: 1, Avg: 321.5, Max: 397, Diff: 396, Sum: 2572]
      [GC Worker Other (ms): Min: 0.0, Avg: 0.1, Max: 0.1, Diff: 0.1, Sum: 0.5]
      [GC Worker Total (ms): Min: 166.9, Avg: 167.1, Max: 167.4, Diff: 0.4, Sum: 1336.9]
      [GC Worker End (ms): Min: 75012.3, Avg: 75012.4, Max: 75012.4, Diff: 0.1]
   [Code Root Fixup: 0.0 ms]
   [Code Root Purge: 0.0 ms]
   [Clear CT: 0.8 ms]
   [Other: 1.5 ms]
      [Choose CSet: 0.0 ms]
      [Ref Proc: 0.3 ms]
      [Ref Enq: 0.0 ms]
      [Redirty Cards: 0.7 ms]
      [Humongous Register: 0.1 ms]
      [Humongous Reclaim: 0.0 ms]
      [Free CSet: 0.2 ms]
   [Eden: 89.0M(89.0M)->0.0B(89.0M) Survivors: 13.0M->13.0M Heap: 657.6M(2048.0M)->659.6M(2048.0M)]
 [Times: user=1.31 sys=0.06, real=0.17 secs] 
2020-09-29T11:54:29.684+0200: 75.154: [GC pause (G1 Evacuation Pause) (young), 0.1569678 secs]
   [Parallel Time: 153.6 ms, GC Workers: 8]
      [GC Worker Start (ms): Min: 75154.3, Avg: 75154.6, Max: 75154.7, Diff: 0.4]
      [Ext Root Scanning (ms): Min: 0.0, Avg: 0.2, Max: 0.4, Diff: 0.4, Sum: 1.4]
      [Update RS (ms): Min: 18.4, Avg: 18.6, Max: 18.7, Diff: 0.3, Sum: 148.5]
         [Processed Buffers: Min: 7, Avg: 8.3, Max: 10, Diff: 3, Sum: 66]
      [Scan RS (ms): Min: 11.3, Avg: 11.5, Max: 11.8, Diff: 0.5, Sum: 92.1]
      [Code Root Scanning (ms): Min: 0.0, Avg: 0.0, Max: 0.0, Diff: 0.0, Sum: 0.0]
      [Object Copy (ms): Min: 122.6, Avg: 122.8, Max: 122.8, Diff: 0.3, Sum: 982.0]
      [Termination (ms): Min: 0.0, Avg: 0.0, Max: 0.1, Diff: 0.1, Sum: 0.3]
         [Termination Attempts: Min: 1, Avg: 71.5, Max: 95, Diff: 94, Sum: 572]
      [GC Worker Other (ms): Min: 0.0, Avg: 0.1, Max: 0.1, Diff: 0.1, Sum: 0.5]
      [GC Worker Total (ms): Min: 152.9, Avg: 153.1, Max: 153.3, Diff: 0.4, Sum: 1224.8]
      [GC Worker End (ms): Min: 75307.6, Avg: 75307.7, Max: 75307.7, Diff: 0.1]
   [Code Root Fixup: 0.0 ms]
   [Code Root Purge: 0.0 ms]
   [Clear CT: 1.2 ms]
   [Other: 2.1 ms]
      [Choose CSet: 0.0 ms]
      [Ref Proc: 0.5 ms]
      [Ref Enq: 0.0 ms]
      [Redirty Cards: 1.1 ms]
      [Humongous Register: 0.1 ms]
      [Humongous Reclaim: 0.0 ms]
      [Free CSet: 0.2 ms]
   [Eden: 89.0M(89.0M)->0.0B(89.0M) Survivors: 13.0M->13.0M Heap: 763.8M(2048.0M)->765.3M(2048.0M)]
 [Times: user=1.23 sys=0.00, real=0.16 secs] 
2020-09-29T11:54:29.975+0200: 75.445: [GC pause (G1 Evacuation Pause) (young), 0.1662560 secs]
   [Parallel Time: 163.8 ms, GC Workers: 8]
      [GC Worker Start (ms): Min: 75445.4, Avg: 75445.6, Max: 75445.8, Diff: 0.4]
      [Ext Root Scanning (ms): Min: 0.0, Avg: 0.2, Max: 0.4, Diff: 0.4, Sum: 1.3]
      [Update RS (ms): Min: 18.4, Avg: 18.7, Max: 20.5, Diff: 2.1, Sum: 149.9]
         [Processed Buffers: Min: 7, Avg: 8.8, Max: 13, Diff: 6, Sum: 70]
      [Scan RS (ms): Min: 9.8, Avg: 11.7, Max: 12.5, Diff: 2.7, Sum: 94.0]
      [Code Root Scanning (ms): Min: 0.0, Avg: 0.0, Max: 0.0, Diff: 0.0, Sum: 0.0]
      [Object Copy (ms): Min: 132.0, Avg: 132.4, Max: 133.0, Diff: 1.0, Sum: 1059.5]
      [Termination (ms): Min: 0.1, Avg: 0.3, Max: 0.4, Diff: 0.3, Sum: 2.7]
         [Termination Attempts: Min: 1, Avg: 199.0, Max: 264, Diff: 263, Sum: 1592]
      [GC Worker Other (ms): Min: 0.0, Avg: 0.0, Max: 0.0, Diff: 0.0, Sum: 0.3]
      [GC Worker Total (ms): Min: 163.3, Avg: 163.5, Max: 163.7, Diff: 0.4, Sum: 1307.7]
      [GC Worker End (ms): Min: 75609.1, Avg: 75609.1, Max: 75609.1, Diff: 0.0]
   [Code Root Fixup: 0.0 ms]
   [Code Root Purge: 0.0 ms]
   [Clear CT: 0.7 ms]
   [Other: 1.8 ms]
      [Choose CSet: 0.0 ms]
      [Ref Proc: 0.3 ms]
      [Ref Enq: 0.0 ms]
      [Redirty Cards: 0.7 ms]
      [Humongous Register: 0.1 ms]
      [Humongous Reclaim: 0.0 ms]
      [Free CSet: 0.3 ms]
   [Eden: 89.0M(89.0M)->0.0B(89.0M) Survivors: 13.0M->13.0M Heap: 869.6M(2048.0M)->871.1M(2048.0M)]
 [Times: user=1.25 sys=0.00, real=0.17 secs] 
2020-09-29T11:54:30.283+0200: 75.754: [GC pause (G1 Evacuation Pause) (young), 0.1614754 secs]
   [Parallel Time: 158.3 ms, GC Workers: 8]
      [GC Worker Start (ms): Min: 75754.3, Avg: 75754.5, Max: 75754.7, Diff: 0.4]
      [Ext Root Scanning (ms): Min: 0.0, Avg: 0.2, Max: 0.4, Diff: 0.4, Sum: 1.4]
      [Update RS (ms): Min: 23.5, Avg: 24.4, Max: 25.7, Diff: 2.2, Sum: 194.9]
         [Processed Buffers: Min: 8, Avg: 9.4, Max: 11, Diff: 3, Sum: 75]
      [Scan RS (ms): Min: 8.0, Avg: 9.3, Max: 10.1, Diff: 2.1, Sum: 74.4]
      [Code Root Scanning (ms): Min: 0.0, Avg: 0.0, Max: 0.0, Diff: 0.0, Sum: 0.0]
      [Object Copy (ms): Min: 123.6, Avg: 123.8, Max: 123.9, Diff: 0.3, Sum: 990.3]
      [Termination (ms): Min: 0.0, Avg: 0.1, Max: 0.1, Diff: 0.1, Sum: 0.6]
         [Termination Attempts: Min: 1, Avg: 162.1, Max: 201, Diff: 200, Sum: 1297]
      [GC Worker Other (ms): Min: 0.0, Avg: 0.0, Max: 0.1, Diff: 0.1, Sum: 0.4]
      [GC Worker Total (ms): Min: 157.6, Avg: 157.7, Max: 158.0, Diff: 0.4, Sum: 1261.9]
      [GC Worker End (ms): Min: 75912.3, Avg: 75912.3, Max: 75912.3, Diff: 0.1]
   [Code Root Fixup: 0.0 ms]
   [Code Root Purge: 0.0 ms]
   [Clear CT: 1.1 ms]
   [Other: 2.0 ms]
      [Choose CSet: 0.0 ms]
      [Ref Proc: 0.4 ms]
      [Ref Enq: 0.0 ms]
      [Redirty Cards: 1.0 ms]
      [Humongous Register: 0.1 ms]
      [Humongous Reclaim: 0.0 ms]
      [Free CSet: 0.2 ms]
   [Eden: 89.0M(89.0M)->0.0B(94.0M) Survivors: 13.0M->13.0M Heap: 973.4M(2048.0M)->975.9M(2048.0M)]
 [Times: user=1.36 sys=0.00, real=0.16 secs] 
2020-09-29T11:54:30.451+0200: 75.922: [GC pause (G1 Humongous Allocation) (young) (initial-mark), 0.0602825 secs]
   [Parallel Time: 56.4 ms, GC Workers: 8]
      [GC Worker Start (ms): Min: 75922.1, Avg: 75922.3, Max: 75922.4, Diff: 0.4]
      [Ext Root Scanning (ms): Min: 0.0, Avg: 0.2, Max: 0.4, Diff: 0.3, Sum: 1.6]
      [Update RS (ms): Min: 36.0, Avg: 36.7, Max: 37.7, Diff: 1.8, Sum: 293.9]
         [Processed Buffers: Min: 10, Avg: 15.0, Max: 17, Diff: 7, Sum: 120]
      [Scan RS (ms): Min: 0.4, Avg: 1.5, Max: 2.3, Diff: 1.9, Sum: 12.0]
      [Code Root Scanning (ms): Min: 0.0, Avg: 0.0, Max: 0.0, Diff: 0.0, Sum: 0.0]
      [Object Copy (ms): Min: 17.4, Avg: 17.6, Max: 17.6, Diff: 0.2, Sum: 140.4]
      [Termination (ms): Min: 0.0, Avg: 0.0, Max: 0.0, Diff: 0.0, Sum: 0.0]
         [Termination Attempts: Min: 1, Avg: 1.8, Max: 3, Diff: 2, Sum: 14]
      [GC Worker Other (ms): Min: 0.0, Avg: 0.0, Max: 0.1, Diff: 0.0, Sum: 0.3]
      [GC Worker Total (ms): Min: 55.9, Avg: 56.0, Max: 56.2, Diff: 0.4, Sum: 448.2]
      [GC Worker End (ms): Min: 75978.3, Avg: 75978.3, Max: 75978.3, Diff: 0.0]
   [Code Root Fixup: 0.0 ms]
   [Code Root Purge: 0.0 ms]
   [Clear CT: 1.4 ms]
   [Other: 2.5 ms]
      [Choose CSet: 0.0 ms]
      [Ref Proc: 0.8 ms]
      [Ref Enq: 0.0 ms]
      [Redirty Cards: 1.1 ms]
      [Humongous Register: 0.1 ms]
      [Humongous Reclaim: 0.0 ms]
      [Free CSet: 0.1 ms]
   [Eden: 1024.0K(94.0M)->0.0B(115.0M) Survivors: 13.0M->2048.0K Heap: 976.9M(2048.0M)->979.9M(2048.0M)]
 [Times: user=0.50 sys=0.00, real=0.06 secs] 
2020-09-29T11:54:30.512+0200: 75.982: [GC concurrent-root-region-scan-start]
2020-09-29T11:54:30.513+0200: 75.983: [GC concurrent-root-region-scan-end, 0.0007996 secs]
2020-09-29T11:54:30.513+0200: 75.983: [GC concurrent-mark-start]
2020-09-29T11:54:30.519+0200: 75.990: [GC concurrent-mark-end, 0.0065164 secs]
2020-09-29T11:54:30.520+0200: 75.991: [GC remark 2020-09-29T11:54:30.520+0200: 75.991: [Finalize Marking, 0.0008443 secs] 2020-09-29T11:54:30.521+0200: 75.992: [GC ref-proc, 0.0008363 secs] 2020-09-29T11:54:30.522+0200: 75.992: [Unloading, 0.0017132 secs], 0.0043424 secs]
 [Times: user=0.00 sys=0.00, real=0.00 secs] 
2020-09-29T11:54:30.525+0200: 75.996: [GC cleanup 987M->21M(2048M), 0.0041608 secs]
 [Times: user=0.00 sys=0.00, real=0.00 secs] 
2020-09-29T11:54:30.530+0200: 76.000: [GC concurrent-cleanup-start]
2020-09-29T11:54:30.532+0200: 76.003: [GC concurrent-cleanup-end, 0.0027295 secs]
2020-09-29T11:54:30.692+0200: 76.162: [GC pause (G1 Evacuation Pause) (young), 0.1832955 secs]
   [Parallel Time: 180.2 ms, GC Workers: 8]
      [GC Worker Start (ms): Min: 76162.2, Avg: 76162.4, Max: 76162.6, Diff: 0.4]
      [Ext Root Scanning (ms): Min: 0.0, Avg: 0.2, Max: 0.4, Diff: 0.4, Sum: 1.6]
      [Update RS (ms): Min: 15.9, Avg: 16.0, Max: 16.2, Diff: 0.3, Sum: 128.3]
         [Processed Buffers: Min: 7, Avg: 8.0, Max: 11, Diff: 4, Sum: 64]
      [Scan RS (ms): Min: 15.9, Avg: 16.1, Max: 16.3, Diff: 0.4, Sum: 128.8]
      [Code Root Scanning (ms): Min: 0.0, Avg: 0.0, Max: 0.0, Diff: 0.0, Sum: 0.0]
      [Object Copy (ms): Min: 146.5, Avg: 146.7, Max: 147.2, Diff: 0.8, Sum: 1173.8]
      [Termination (ms): Min: 0.0, Avg: 0.5, Max: 0.6, Diff: 0.6, Sum: 3.6]
         [Termination Attempts: Min: 1, Avg: 905.6, Max: 1127, Diff: 1126, Sum: 7245]
      [GC Worker Other (ms): Min: 0.0, Avg: 0.1, Max: 0.1, Diff: 0.1, Sum: 0.5]
      [GC Worker Total (ms): Min: 179.3, Avg: 179.6, Max: 179.9, Diff: 0.5, Sum: 1436.7]
      [GC Worker End (ms): Min: 76341.9, Avg: 76342.0, Max: 76342.0, Diff: 0.1]
   [Code Root Fixup: 0.0 ms]
   [Code Root Purge: 0.0 ms]
   [Clear CT: 0.9 ms]
   [Other: 2.2 ms]
      [Choose CSet: 0.0 ms]
      [Ref Proc: 0.5 ms]
      [Ref Enq: 0.0 ms]
      [Redirty Cards: 0.8 ms]
      [Humongous Register: 0.1 ms]
      [Humongous Reclaim: 0.0 ms]
      [Free CSet: 0.4 ms]
   [Eden: 115.0M(115.0M)->0.0B(99.0M) Survivors: 2048.0K->15.0M Heap: 150.0M(2048.0M)->152.0M(2048.0M)]
 [Times: user=1.36 sys=0.03, real=0.18 secs] 
2020-09-29T11:54:30.943+0200: 76.413: [GC pause (G1 Evacuation Pause) (young), 0.0536220 secs]
   [Parallel Time: 52.1 ms, GC Workers: 8]
      [GC Worker Start (ms): Min: 76412.9, Avg: 76413.0, Max: 76413.1, Diff: 0.2]
      [Ext Root Scanning (ms): Min: 0.0, Avg: 0.1, Max: 0.2, Diff: 0.2, Sum: 0.5]
      [Update RS (ms): Min: 6.8, Avg: 7.0, Max: 7.3, Diff: 0.5, Sum: 56.2]
         [Processed Buffers: Min: 8, Avg: 8.4, Max: 10, Diff: 2, Sum: 67]
      [Scan RS (ms): Min: 3.8, Avg: 4.0, Max: 4.3, Diff: 0.5, Sum: 32.3]
      [Code Root Scanning (ms): Min: 0.0, Avg: 0.0, Max: 0.0, Diff: 0.0, Sum: 0.0]
      [Object Copy (ms): Min: 40.7, Avg: 40.7, Max: 40.7, Diff: 0.1, Sum: 325.6]
      [Termination (ms): Min: 0.0, Avg: 0.0, Max: 0.0, Diff: 0.0, Sum: 0.0]
         [Termination Attempts: Min: 1, Avg: 1.1, Max: 2, Diff: 1, Sum: 9]
      [GC Worker Other (ms): Min: 0.0, Avg: 0.0, Max: 0.0, Diff: 0.0, Sum: 0.2]
      [GC Worker Total (ms): Min: 51.8, Avg: 51.8, Max: 52.0, Diff: 0.2, Sum: 414.8]
      [GC Worker End (ms): Min: 76464.9, Avg: 76464.9, Max: 76464.9, Diff: 0.0]
   [Code Root Fixup: 0.0 ms]
   [Code Root Purge: 0.0 ms]
   [Clear CT: 0.4 ms]
   [Other: 1.1 ms]
      [Choose CSet: 0.0 ms]
      [Ref Proc: 0.3 ms]
      [Ref Enq: 0.0 ms]
      [Redirty Cards: 0.4 ms]
      [Humongous Register: 0.0 ms]
      [Humongous Reclaim: 0.0 ms]
      [Free CSet: 0.1 ms]
   [Eden: 99.0M(99.0M)->0.0B(117.0M) Survivors: 15.0M->15.0M Heap: 266.2M(2048.0M)->265.7M(2048.0M)]
 [Times: user=0.38 sys=0.00, real=0.05 secs] 
2020-09-29T11:54:31.061+0200: 76.530: [GC pause (G1 Evacuation Pause) (young), 0.0709705 secs]
   [Parallel Time: 69.3 ms, GC Workers: 8]
      [GC Worker Start (ms): Min: 76530.5, Avg: 76530.6, Max: 76530.7, Diff: 0.2]
      [Ext Root Scanning (ms): Min: 0.0, Avg: 0.1, Max: 0.2, Diff: 0.2, Sum: 0.4]
      [Update RS (ms): Min: 6.6, Avg: 6.8, Max: 7.4, Diff: 0.8, Sum: 54.4]
         [Processed Buffers: Min: 7, Avg: 7.6, Max: 9, Diff: 2, Sum: 61]
      [Scan RS (ms): Min: 6.1, Avg: 6.8, Max: 7.0, Diff: 0.8, Sum: 54.3]
      [Code Root Scanning (ms): Min: 0.0, Avg: 0.0, Max: 0.0, Diff: 0.0, Sum: 0.0]
      [Object Copy (ms): Min: 55.2, Avg: 55.3, Max: 55.3, Diff: 0.1, Sum: 442.1]
      [Termination (ms): Min: 0.0, Avg: 0.0, Max: 0.0, Diff: 0.0, Sum: 0.1]
         [Termination Attempts: Min: 1, Avg: 61.4, Max: 78, Diff: 77, Sum: 491]
      [GC Worker Other (ms): Min: 0.0, Avg: 0.0, Max: 0.0, Diff: 0.0, Sum: 0.2]
      [GC Worker Total (ms): Min: 68.9, Avg: 68.9, Max: 69.0, Diff: 0.2, Sum: 551.5]
      [GC Worker End (ms): Min: 76599.6, Avg: 76599.6, Max: 76599.6, Diff: 0.0]
   [Code Root Fixup: 0.0 ms]
   [Code Root Purge: 0.0 ms]
   [Clear CT: 0.5 ms]
   [Other: 1.1 ms]
      [Choose CSet: 0.0 ms]
      [Ref Proc: 0.2 ms]
      [Ref Enq: 0.0 ms]
      [Redirty Cards: 0.6 ms]
      [Humongous Register: 0.0 ms]
      [Humongous Reclaim: 0.0 ms]
      [Free CSet: 0.1 ms]
   [Eden: 117.0M(117.0M)->0.0B(140.0M) Survivors: 15.0M->17.0M Heap: 401.8M(2048.0M)->403.8M(2048.0M)]
 [Times: user=0.63 sys=0.00, real=0.07 secs] 
2020-09-29T11:54:31.213+0200: 76.683: [GC pause (G1 Evacuation Pause) (young), 0.0746443 secs]
   [Parallel Time: 73.7 ms, GC Workers: 8]
      [GC Worker Start (ms): Min: 76683.3, Avg: 76683.4, Max: 76683.4, Diff: 0.1]
      [Ext Root Scanning (ms): Min: 0.0, Avg: 0.1, Max: 0.1, Diff: 0.1, Sum: 0.5]
      [Update RS (ms): Min: 8.5, Avg: 8.6, Max: 9.0, Diff: 0.5, Sum: 68.9]
         [Processed Buffers: Min: 10, Avg: 11.0, Max: 12, Diff: 2, Sum: 88]
      [Scan RS (ms): Min: 6.7, Avg: 7.0, Max: 7.2, Diff: 0.5, Sum: 56.3]
      [Code Root Scanning (ms): Min: 0.0, Avg: 0.0, Max: 0.0, Diff: 0.0, Sum: 0.0]
      [Object Copy (ms): Min: 57.7, Avg: 57.8, Max: 57.8, Diff: 0.1, Sum: 462.1]
      [Termination (ms): Min: 0.0, Avg: 0.0, Max: 0.0, Diff: 0.0, Sum: 0.0]
         [Termination Attempts: Min: 1, Avg: 7.8, Max: 12, Diff: 11, Sum: 62]
      [GC Worker Other (ms): Min: 0.0, Avg: 0.0, Max: 0.0, Diff: 0.0, Sum: 0.2]
      [GC Worker Total (ms): Min: 73.4, Avg: 73.5, Max: 73.6, Diff: 0.2, Sum: 588.0]
      [GC Worker End (ms): Min: 76756.9, Avg: 76756.9, Max: 76756.9, Diff: 0.0]
   [Code Root Fixup: 0.0 ms]
   [Code Root Purge: 0.0 ms]
   [Clear CT: 0.2 ms]
   [Other: 0.8 ms]
      [Choose CSet: 0.0 ms]
      [Ref Proc: 0.2 ms]
      [Ref Enq: 0.0 ms]
      [Redirty Cards: 0.2 ms]
      [Humongous Register: 0.0 ms]
      [Humongous Reclaim: 0.0 ms]
      [Free CSet: 0.1 ms]
   [Eden: 140.0M(140.0M)->0.0B(168.0M) Survivors: 17.0M->20.0M Heap: 568.6M(2048.0M)->570.1M(2048.0M)]
 [Times: user=0.63 sys=0.00, real=0.08 secs] 
2020-09-29T11:54:31.378+0200: 76.848: [GC pause (G1 Evacuation Pause) (young), 0.0915974 secs]
   [Parallel Time: 90.8 ms, GC Workers: 8]
      [GC Worker Start (ms): Min: 76848.0, Avg: 76848.1, Max: 76848.2, Diff: 0.2]
      [Ext Root Scanning (ms): Min: 0.0, Avg: 0.0, Max: 0.2, Diff: 0.2, Sum: 0.4]
      [Update RS (ms): Min: 8.1, Avg: 8.3, Max: 8.7, Diff: 0.6, Sum: 66.3]
         [Processed Buffers: Min: 9, Avg: 9.8, Max: 11, Diff: 2, Sum: 78]
      [Scan RS (ms): Min: 9.2, Avg: 9.6, Max: 9.8, Diff: 0.7, Sum: 76.6]
      [Code Root Scanning (ms): Min: 0.0, Avg: 0.0, Max: 0.0, Diff: 0.0, Sum: 0.0]
      [Object Copy (ms): Min: 72.5, Avg: 72.6, Max: 72.7, Diff: 0.2, Sum: 581.0]
      [Termination (ms): Min: 0.0, Avg: 0.0, Max: 0.0, Diff: 0.0, Sum: 0.2]
         [Termination Attempts: Min: 1, Avg: 136.1, Max: 210, Diff: 209, Sum: 1089]
      [GC Worker Other (ms): Min: 0.0, Avg: 0.0, Max: 0.1, Diff: 0.0, Sum: 0.2]
      [GC Worker Total (ms): Min: 90.5, Avg: 90.6, Max: 90.7, Diff: 0.2, Sum: 724.7]
      [GC Worker End (ms): Min: 76938.7, Avg: 76938.7, Max: 76938.7, Diff: 0.0]
   [Code Root Fixup: 0.0 ms]
   [Code Root Purge: 0.0 ms]
   [Clear CT: 0.1 ms]
   [Other: 0.7 ms]
      [Choose CSet: 0.0 ms]
      [Ref Proc: 0.1 ms]
      [Ref Enq: 0.0 ms]
      [Redirty Cards: 0.2 ms]
      [Humongous Register: 0.0 ms]
      [Humongous Reclaim: 0.0 ms]
      [Free CSet: 0.2 ms]
   [Eden: 168.0M(168.0M)->0.0B(188.0M) Survivors: 20.0M->24.0M Heap: 764.8M(2048.0M)->766.8M(2048.0M)]
 [Times: user=0.67 sys=0.03, real=0.09 secs] 
2020-09-29T11:54:31.569+0200: 77.039: [GC pause (G1 Evacuation Pause) (young), 0.1044219 secs]
   [Parallel Time: 103.4 ms, GC Workers: 8]
      [GC Worker Start (ms): Min: 77039.1, Avg: 77039.3, Max: 77039.3, Diff: 0.2]
      [Ext Root Scanning (ms): Min: 0.0, Avg: 0.1, Max: 0.2, Diff: 0.2, Sum: 0.4]
      [Update RS (ms): Min: 10.1, Avg: 10.3, Max: 11.0, Diff: 0.8, Sum: 82.6]
         [Processed Buffers: Min: 11, Avg: 12.4, Max: 14, Diff: 3, Sum: 99]
      [Scan RS (ms): Min: 10.0, Avg: 10.6, Max: 10.7, Diff: 0.7, Sum: 84.4]
      [Code Root Scanning (ms): Min: 0.0, Avg: 0.0, Max: 0.0, Diff: 0.0, Sum: 0.0]
      [Object Copy (ms): Min: 82.2, Avg: 82.3, Max: 82.3, Diff: 0.2, Sum: 658.0]
      [Termination (ms): Min: 0.0, Avg: 0.0, Max: 0.0, Diff: 0.0, Sum: 0.1]
         [Termination Attempts: Min: 1, Avg: 112.3, Max: 143, Diff: 142, Sum: 898]
      [GC Worker Other (ms): Min: 0.0, Avg: 0.0, Max: 0.0, Diff: 0.0, Sum: 0.2]
      [GC Worker Total (ms): Min: 103.2, Avg: 103.2, Max: 103.4, Diff: 0.2, Sum: 825.8]
      [GC Worker End (ms): Min: 77142.5, Avg: 77142.5, Max: 77142.5, Diff: 0.0]
   [Code Root Fixup: 0.0 ms]
   [Code Root Purge: 0.0 ms]
   [Clear CT: 0.2 ms]
   [Other: 0.8 ms]
      [Choose CSet: 0.0 ms]
      [Ref Proc: 0.2 ms]
      [Ref Enq: 0.0 ms]
      [Redirty Cards: 0.2 ms]
      [Humongous Register: 0.0 ms]
      [Humongous Reclaim: 0.0 ms]
      [Free CSet: 0.2 ms]
   [Eden: 188.0M(188.0M)->0.0B(210.0M) Survivors: 24.0M->27.0M Heap: 987.2M(2048.0M)->988.7M(2048.0M)]
 [Times: user=0.75 sys=0.00, real=0.11 secs] 
2020-09-29T11:54:31.685+0200: 77.155: [GC pause (G1 Humongous Allocation) (young) (initial-mark), 0.0441328 secs]
   [Parallel Time: 43.4 ms, GC Workers: 8]
      [GC Worker Start (ms): Min: 77154.7, Avg: 77154.8, Max: 77154.9, Diff: 0.2]
      [Ext Root Scanning (ms): Min: 0.0, Avg: 1.7, Max: 9.0, Diff: 9.0, Sum: 13.8]
      [Update RS (ms): Min: 9.7, Avg: 17.1, Max: 19.1, Diff: 9.3, Sum: 136.9]
         [Processed Buffers: Min: 14, Avg: 20.4, Max: 23, Diff: 9, Sum: 163]
      [Scan RS (ms): Min: 1.4, Avg: 1.7, Max: 1.9, Diff: 0.5, Sum: 13.9]
      [Code Root Scanning (ms): Min: 0.0, Avg: 0.0, Max: 0.0, Diff: 0.0, Sum: 0.0]
      [Object Copy (ms): Min: 22.6, Avg: 22.6, Max: 22.7, Diff: 0.1, Sum: 180.9]
      [Termination (ms): Min: 0.0, Avg: 0.0, Max: 0.0, Diff: 0.0, Sum: 0.0]
         [Termination Attempts: Min: 1, Avg: 26.9, Max: 48, Diff: 47, Sum: 215]
      [GC Worker Other (ms): Min: 0.0, Avg: 0.0, Max: 0.0, Diff: 0.0, Sum: 0.1]
      [GC Worker Total (ms): Min: 43.1, Avg: 43.2, Max: 43.3, Diff: 0.2, Sum: 345.7]
      [GC Worker End (ms): Min: 77198.0, Avg: 77198.0, Max: 77198.0, Diff: 0.0]
   [Code Root Fixup: 0.0 ms]
   [Code Root Purge: 0.0 ms]
   [Clear CT: 0.1 ms]
   [Other: 0.6 ms]
      [Choose CSet: 0.0 ms]
      [Ref Proc: 0.2 ms]
      [Ref Enq: 0.0 ms]
      [Redirty Cards: 0.1 ms]
      [Humongous Register: 0.0 ms]
      [Humongous Reclaim: 0.0 ms]
      [Free CSet: 0.0 ms]
   [Eden: 9216.0K(210.0M)->0.0B(232.0M) Survivors: 27.0M->10.0M Heap: 997.2M(2048.0M)->1000.7M(2048.0M)]
 [Times: user=0.36 sys=0.00, real=0.04 secs] 
2020-09-29T11:54:31.729+0200: 77.199: [GC concurrent-root-region-scan-start]
2020-09-29T11:54:31.731+0200: 77.200: [GC concurrent-root-region-scan-end, 0.0014950 secs]
2020-09-29T11:54:31.731+0200: 77.200: [GC concurrent-mark-start]
2020-09-29T11:54:31.733+0200: 77.202: [GC concurrent-mark-end, 0.0021426 secs]
2020-09-29T11:54:31.733+0200: 77.203: [GC remark 2020-09-29T11:54:31.733+0200: 77.203: [Finalize Marking, 0.0001722 secs] 2020-09-29T11:54:31.733+0200: 77.203: [GC ref-proc, 0.0002545 secs] 2020-09-29T11:54:31.733+0200: 77.203: [Unloading, 0.0003767 secs], 0.0011106 secs]
 [Times: user=0.00 sys=0.00, real=0.00 secs] 
2020-09-29T11:54:31.734+0200: 77.204: [GC cleanup 1010M->31M(2048M), 0.0010357 secs]
 [Times: user=0.00 sys=0.00, real=0.00 secs] 
2020-09-29T11:54:31.735+0200: 77.205: [GC concurrent-cleanup-start]
2020-09-29T11:54:31.736+0200: 77.206: [GC concurrent-cleanup-end, 0.0009917 secs]
2020-09-29T11:54:31.851+0200: 77.321: [GC pause (G1 Evacuation Pause) (young), 0.1120287 secs]
   [Parallel Time: 110.7 ms, GC Workers: 8]
      [GC Worker Start (ms): Min: 77320.8, Avg: 77320.9, Max: 77321.0, Diff: 0.2]
      [Ext Root Scanning (ms): Min: 0.0, Avg: 0.1, Max: 0.2, Diff: 0.1, Sum: 0.5]
      [Update RS (ms): Min: 10.6, Avg: 10.8, Max: 11.5, Diff: 0.8, Sum: 86.7]
         [Processed Buffers: Min: 11, Avg: 12.9, Max: 15, Diff: 4, Sum: 103]
      [Scan RS (ms): Min: 14.2, Avg: 14.9, Max: 15.1, Diff: 0.9, Sum: 119.1]
      [Code Root Scanning (ms): Min: 0.0, Avg: 0.0, Max: 0.0, Diff: 0.0, Sum: 0.0]
      [Object Copy (ms): Min: 84.6, Avg: 84.7, Max: 84.7, Diff: 0.1, Sum: 677.3]
      [Termination (ms): Min: 0.0, Avg: 0.0, Max: 0.0, Diff: 0.0, Sum: 0.0]
         [Termination Attempts: Min: 1, Avg: 9.9, Max: 15, Diff: 14, Sum: 79]
      [GC Worker Other (ms): Min: 0.0, Avg: 0.0, Max: 0.1, Diff: 0.0, Sum: 0.2]
      [GC Worker Total (ms): Min: 110.4, Avg: 110.5, Max: 110.6, Diff: 0.2, Sum: 883.8]
      [GC Worker End (ms): Min: 77431.3, Avg: 77431.4, Max: 77431.4, Diff: 0.0]
   [Code Root Fixup: 0.0 ms]
   [Code Root Purge: 0.0 ms]
   [Clear CT: 0.3 ms]
   [Other: 1.1 ms]
      [Choose CSet: 0.0 ms]
      [Ref Proc: 0.5 ms]
      [Ref Enq: 0.0 ms]
      [Redirty Cards: 0.2 ms]
      [Humongous Register: 0.0 ms]
      [Humongous Reclaim: 0.0 ms]
      [Free CSet: 0.2 ms]
   [Eden: 232.0M(232.0M)->0.0B(240.0M) Survivors: 10.0M->31.0M Heap: 294.1M(2048.0M)->286.1M(2048.0M)]
 [Times: user=0.86 sys=0.02, real=0.12 secs] 
2020-09-29T11:54:32.096+0200: 77.566: [GC pause (G1 Evacuation Pause) (young), 0.1418856 secs]
   [Parallel Time: 140.8 ms, GC Workers: 8]
      [GC Worker Start (ms): Min: 77566.2, Avg: 77566.3, Max: 77566.4, Diff: 0.2]
      [Ext Root Scanning (ms): Min: 0.0, Avg: 0.1, Max: 0.2, Diff: 0.2, Sum: 0.6]
      [Update RS (ms): Min: 18.0, Avg: 18.0, Max: 18.2, Diff: 0.2, Sum: 144.3]
         [Processed Buffers: Min: 18, Avg: 19.6, Max: 22, Diff: 4, Sum: 157]
      [Scan RS (ms): Min: 13.4, Avg: 13.5, Max: 13.7, Diff: 0.3, Sum: 108.3]
      [Code Root Scanning (ms): Min: 0.0, Avg: 0.0, Max: 0.0, Diff: 0.0, Sum: 0.0]
      [Object Copy (ms): Min: 108.8, Avg: 108.9, Max: 108.9, Diff: 0.2, Sum: 871.1]
      [Termination (ms): Min: 0.0, Avg: 0.1, Max: 0.1, Diff: 0.1, Sum: 0.4]
         [Termination Attempts: Min: 1, Avg: 417.3, Max: 513, Diff: 512, Sum: 3338]
      [GC Worker Other (ms): Min: 0.0, Avg: 0.0, Max: 0.1, Diff: 0.1, Sum: 0.4]
      [GC Worker Total (ms): Min: 140.5, Avg: 140.6, Max: 140.7, Diff: 0.2, Sum: 1125.0]
      [GC Worker End (ms): Min: 77706.9, Avg: 77706.9, Max: 77707.0, Diff: 0.1]
   [Code Root Fixup: 0.0 ms]
   [Code Root Purge: 0.0 ms]
   [Clear CT: 0.2 ms]
   [Other: 0.9 ms]
      [Choose CSet: 0.0 ms]
      [Ref Proc: 0.2 ms]
      [Ref Enq: 0.0 ms]
      [Redirty Cards: 0.2 ms]
      [Humongous Register: 0.0 ms]
      [Humongous Reclaim: 0.0 ms]
      [Free CSet: 0.2 ms]
   [Eden: 238.0M(227.0M)->0.0B(255.0M) Survivors: 31.0M->33.0M Heap: 564.1M(2048.0M)->565.6M(2048.0M)]
 [Times: user=1.09 sys=0.02, real=0.14 secs] 
2020-09-29T11:54:32.377+0200: 77.847: [GC pause (G1 Evacuation Pause) (young), 0.1386155 secs]
   [Parallel Time: 137.4 ms, GC Workers: 8]
      [GC Worker Start (ms): Min: 77847.0, Avg: 77847.1, Max: 77847.1, Diff: 0.2]
      [Ext Root Scanning (ms): Min: 0.0, Avg: 0.1, Max: 0.2, Diff: 0.2, Sum: 0.5]
      [Update RS (ms): Min: 16.0, Avg: 16.2, Max: 16.5, Diff: 0.5, Sum: 129.4]
         [Processed Buffers: Min: 18, Avg: 19.6, Max: 22, Diff: 4, Sum: 157]
      [Scan RS (ms): Min: 12.2, Avg: 12.5, Max: 12.7, Diff: 0.5, Sum: 100.2]
      [Code Root Scanning (ms): Min: 0.0, Avg: 0.0, Max: 0.0, Diff: 0.0, Sum: 0.0]
      [Object Copy (ms): Min: 108.1, Avg: 108.3, Max: 108.4, Diff: 0.3, Sum: 866.2]
      [Termination (ms): Min: 0.0, Avg: 0.1, Max: 0.1, Diff: 0.1, Sum: 0.7]
         [Termination Attempts: Min: 1, Avg: 639.6, Max: 793, Diff: 792, Sum: 5117]
      [GC Worker Other (ms): Min: 0.0, Avg: 0.0, Max: 0.1, Diff: 0.1, Sum: 0.3]
      [GC Worker Total (ms): Min: 137.1, Avg: 137.2, Max: 137.3, Diff: 0.2, Sum: 1097.3]
      [GC Worker End (ms): Min: 77984.2, Avg: 77984.2, Max: 77984.3, Diff: 0.1]
   [Code Root Fixup: 0.0 ms]
   [Code Root Purge: 0.0 ms]
   [Clear CT: 0.3 ms]
   [Other: 1.0 ms]
      [Choose CSet: 0.0 ms]
      [Ref Proc: 0.2 ms]
      [Ref Enq: 0.0 ms]
      [Redirty Cards: 0.3 ms]
      [Humongous Register: 0.0 ms]
      [Humongous Reclaim: 0.0 ms]
      [Free CSet: 0.2 ms]
   [Eden: 255.0M(255.0M)->0.0B(264.0M) Survivors: 33.0M->36.0M Heap: 862.6M(2048.0M)->865.1M(2048.0M)]
 [Times: user=1.13 sys=0.00, real=0.14 secs] 
2020-09-29T11:54:32.644+0200: 78.114: [GC pause (G1 Evacuation Pause) (young), 0.1447356 secs]
   [Parallel Time: 143.6 ms, GC Workers: 8]
      [GC Worker Start (ms): Min: 78113.9, Avg: 78114.0, Max: 78114.1, Diff: 0.1]
      [Ext Root Scanning (ms): Min: 0.0, Avg: 0.1, Max: 0.1, Diff: 0.1, Sum: 0.5]
      [Update RS (ms): Min: 16.5, Avg: 16.7, Max: 16.9, Diff: 0.4, Sum: 133.7]
         [Processed Buffers: Min: 19, Avg: 20.5, Max: 22, Diff: 3, Sum: 164]
      [Scan RS (ms): Min: 12.1, Avg: 12.3, Max: 12.6, Diff: 0.5, Sum: 98.7]
      [Code Root Scanning (ms): Min: 0.0, Avg: 0.0, Max: 0.0, Diff: 0.0, Sum: 0.0]
      [Object Copy (ms): Min: 114.1, Avg: 114.2, Max: 114.3, Diff: 0.2, Sum: 913.2]
      [Termination (ms): Min: 0.0, Avg: 0.1, Max: 0.1, Diff: 0.1, Sum: 0.8]
         [Termination Attempts: Min: 1, Avg: 727.1, Max: 918, Diff: 917, Sum: 5817]
      [GC Worker Other (ms): Min: 0.0, Avg: 0.0, Max: 0.1, Diff: 0.1, Sum: 0.3]
      [GC Worker Total (ms): Min: 143.3, Avg: 143.4, Max: 143.5, Diff: 0.2, Sum: 1147.2]
      [GC Worker End (ms): Min: 78257.4, Avg: 78257.4, Max: 78257.4, Diff: 0.1]
   [Code Root Fixup: 0.0 ms]
   [Code Root Purge: 0.0 ms]
   [Clear CT: 0.2 ms]
   [Other: 1.0 ms]
      [Choose CSet: 0.0 ms]
      [Ref Proc: 0.2 ms]
      [Ref Enq: 0.0 ms]
      [Redirty Cards: 0.3 ms]
      [Humongous Register: 0.0 ms]
      [Humongous Reclaim: 0.0 ms]
      [Free CSet: 0.3 ms]
   [Eden: 264.0M(264.0M)->0.0B(275.0M) Survivors: 36.0M->38.0M Heap: 1172.9M(2048.0M)->1173.9M(2048.0M)]
 [Times: user=1.25 sys=0.00, real=0.14 secs] 
2020-09-29T11:54:32.803+0200: 78.273: [GC pause (G1 Humongous Allocation) (young) (initial-mark), 0.0478055 secs]
   [Parallel Time: 47.1 ms, GC Workers: 8]
      [GC Worker Start (ms): Min: 78273.3, Avg: 78273.4, Max: 78273.5, Diff: 0.2]
      [Ext Root Scanning (ms): Min: 0.0, Avg: 0.2, Max: 0.5, Diff: 0.5, Sum: 1.5]
      [Update RS (ms): Min: 25.4, Avg: 26.0, Max: 26.5, Diff: 1.1, Sum: 207.6]
         [Processed Buffers: Min: 26, Avg: 29.8, Max: 32, Diff: 6, Sum: 238]
      [Scan RS (ms): Min: 1.8, Avg: 2.2, Max: 2.6, Diff: 0.8, Sum: 17.9]
      [Code Root Scanning (ms): Min: 0.0, Avg: 0.0, Max: 0.0, Diff: 0.0, Sum: 0.0]
      [Object Copy (ms): Min: 18.5, Avg: 18.5, Max: 18.5, Diff: 0.1, Sum: 148.0]
      [Termination (ms): Min: 0.0, Avg: 0.0, Max: 0.0, Diff: 0.0, Sum: 0.0]
         [Termination Attempts: Min: 1, Avg: 24.8, Max: 35, Diff: 34, Sum: 198]
      [GC Worker Other (ms): Min: 0.0, Avg: 0.0, Max: 0.0, Diff: 0.0, Sum: 0.1]
      [GC Worker Total (ms): Min: 46.8, Avg: 46.9, Max: 47.0, Diff: 0.2, Sum: 375.2]
      [GC Worker End (ms): Min: 78320.3, Avg: 78320.3, Max: 78320.3, Diff: 0.0]
   [Code Root Fixup: 0.0 ms]
   [Code Root Purge: 0.0 ms]
   [Clear CT: 0.1 ms]
   [Other: 0.6 ms]
      [Choose CSet: 0.0 ms]
      [Ref Proc: 0.2 ms]
      [Ref Enq: 0.0 ms]
      [Redirty Cards: 0.1 ms]
      [Humongous Register: 0.0 ms]
      [Humongous Reclaim: 0.0 ms]
      [Free CSet: 0.0 ms]
   [Eden: 7168.0K(275.0M)->0.0B(324.0M) Survivors: 38.0M->9216.0K Heap: 1180.9M(2048.0M)->1184.9M(2048.0M)]
 [Times: user=0.38 sys=0.00, real=0.05 secs] 
2020-09-29T11:54:32.851+0200: 78.321: [GC concurrent-root-region-scan-start]
2020-09-29T11:54:32.852+0200: 78.322: [GC concurrent-root-region-scan-end, 0.0012680 secs]
2020-09-29T11:54:32.852+0200: 78.322: [GC concurrent-mark-start]
2020-09-29T11:54:32.855+0200: 78.325: [GC concurrent-mark-end, 0.0026098 secs]
2020-09-29T11:54:32.855+0200: 78.325: [GC remark 2020-09-29T11:54:32.855+0200: 78.325: [Finalize Marking, 0.0001937 secs] 2020-09-29T11:54:32.855+0200: 78.326: [GC ref-proc, 0.0002797 secs] 2020-09-29T11:54:32.856+0200: 78.326: [Unloading, 0.0004252 secs], 0.0011814 secs]
 [Times: user=0.00 sys=0.00, real=0.00 secs] 
2020-09-29T11:54:32.857+0200: 78.327: [GC cleanup 1193M->29M(2048M), 0.0010542 secs]
 [Times: user=0.00 sys=0.00, real=0.00 secs] 
2020-09-29T11:54:32.858+0200: 78.328: [GC concurrent-cleanup-start]
2020-09-29T11:54:32.859+0200: 78.329: [GC concurrent-cleanup-end, 0.0014475 secs]
2020-09-29T11:54:33.013+0200: 78.483: [GC pause (G1 Evacuation Pause) (young), 0.1506427 secs]
   [Parallel Time: 147.9 ms, GC Workers: 8]
      [GC Worker Start (ms): Min: 78483.0, Avg: 78483.1, Max: 78483.2, Diff: 0.2]
      [Ext Root Scanning (ms): Min: 0.0, Avg: 0.1, Max: 0.2, Diff: 0.2, Sum: 0.5]
      [Update RS (ms): Min: 12.8, Avg: 12.9, Max: 13.1, Diff: 0.3, Sum: 103.1]
         [Processed Buffers: Min: 14, Avg: 16.0, Max: 18, Diff: 4, Sum: 128]
      [Scan RS (ms): Min: 16.4, Avg: 16.5, Max: 16.6, Diff: 0.3, Sum: 132.4]
      [Code Root Scanning (ms): Min: 0.0, Avg: 0.0, Max: 0.0, Diff: 0.0, Sum: 0.0]
      [Object Copy (ms): Min: 118.1, Avg: 118.1, Max: 118.2, Diff: 0.1, Sum: 945.2]
      [Termination (ms): Min: 0.0, Avg: 0.0, Max: 0.0, Diff: 0.0, Sum: 0.1]
         [Termination Attempts: Min: 1, Avg: 88.9, Max: 116, Diff: 115, Sum: 711]
      [GC Worker Other (ms): Min: 0.0, Avg: 0.0, Max: 0.1, Diff: 0.0, Sum: 0.3]
      [GC Worker Total (ms): Min: 147.6, Avg: 147.7, Max: 147.8, Diff: 0.2, Sum: 1181.6]
      [GC Worker End (ms): Min: 78630.8, Avg: 78630.8, Max: 78630.9, Diff: 0.0]
   [Code Root Fixup: 0.0 ms]
   [Code Root Purge: 0.0 ms]
   [Clear CT: 0.2 ms]
   [Other: 2.6 ms]
      [Choose CSet: 0.0 ms]
      [Ref Proc: 0.2 ms]
      [Ref Enq: 0.0 ms]
      [Redirty Cards: 1.8 ms]
      [Humongous Register: 0.1 ms]
      [Humongous Reclaim: 0.0 ms]
      [Free CSet: 0.2 ms]
   [Eden: 324.0M(324.0M)->0.0B(304.0M) Survivors: 9216.0K->42.0M Heap: 400.3M(2048.0M)->393.3M(2048.0M)]
 [Times: user=1.16 sys=0.05, real=0.15 secs] 
2020-09-29T11:54:33.331+0200: 78.801: [GC pause (G1 Evacuation Pause) (young), 0.1764761 secs]
   [Parallel Time: 175.1 ms, GC Workers: 8]
      [GC Worker Start (ms): Min: 78800.7, Avg: 78800.8, Max: 78800.9, Diff: 0.2]
      [Ext Root Scanning (ms): Min: 0.0, Avg: 0.1, Max: 0.2, Diff: 0.2, Sum: 0.5]
      [Update RS (ms): Min: 18.5, Avg: 18.8, Max: 19.0, Diff: 0.5, Sum: 150.1]
         [Processed Buffers: Min: 6, Avg: 17.4, Max: 21, Diff: 15, Sum: 139]
      [Scan RS (ms): Min: 20.4, Avg: 20.9, Max: 22.9, Diff: 2.5, Sum: 167.5]
      [Code Root Scanning (ms): Min: 0.0, Avg: 0.0, Max: 0.0, Diff: 0.0, Sum: 0.0]
      [Object Copy (ms): Min: 133.1, Avg: 135.1, Max: 135.5, Diff: 2.4, Sum: 1080.9]
      [Termination (ms): Min: 0.0, Avg: 0.0, Max: 0.0, Diff: 0.0, Sum: 0.0]
         [Termination Attempts: Min: 1, Avg: 32.6, Max: 44, Diff: 43, Sum: 261]
      [GC Worker Other (ms): Min: 0.0, Avg: 0.0, Max: 0.1, Diff: 0.1, Sum: 0.3]
      [GC Worker Total (ms): Min: 174.9, Avg: 174.9, Max: 175.1, Diff: 0.2, Sum: 1399.5]
      [GC Worker End (ms): Min: 78975.7, Avg: 78975.8, Max: 78975.8, Diff: 0.1]
   [Code Root Fixup: 0.0 ms]
   [Code Root Purge: 0.0 ms]
   [Clear CT: 0.3 ms]
   [Other: 1.1 ms]
      [Choose CSet: 0.0 ms]
      [Ref Proc: 0.2 ms]
      [Ref Enq: 0.0 ms]
      [Redirty Cards: 0.2 ms]
      [Humongous Register: 0.0 ms]
      [Humongous Reclaim: 0.0 ms]
      [Free CSet: 0.4 ms]
   [Eden: 304.0M(304.0M)->0.0B(290.0M) Survivors: 42.0M->44.0M Heap: 746.9M(2048.0M)->749.4M(2048.0M)]
 [Times: user=1.44 sys=0.02, real=0.18 secs] 
2020-09-29T11:54:33.665+0200: 79.136: [GC pause (G1 Evacuation Pause) (young), 0.1586808 secs]
   [Parallel Time: 157.5 ms, GC Workers: 8]
      [GC Worker Start (ms): Min: 79136.1, Avg: 79136.1, Max: 79136.2, Diff: 0.2]
      [Ext Root Scanning (ms): Min: 0.0, Avg: 0.1, Max: 0.1, Diff: 0.1, Sum: 0.4]
      [Update RS (ms): Min: 18.5, Avg: 18.6, Max: 18.8, Diff: 0.3, Sum: 148.8]
         [Processed Buffers: Min: 20, Avg: 22.8, Max: 25, Diff: 5, Sum: 182]
      [Scan RS (ms): Min: 14.5, Avg: 14.7, Max: 14.8, Diff: 0.3, Sum: 117.8]
      [Code Root Scanning (ms): Min: 0.0, Avg: 0.0, Max: 0.0, Diff: 0.0, Sum: 0.0]
      [Object Copy (ms): Min: 123.7, Avg: 123.8, Max: 123.9, Diff: 0.1, Sum: 990.5]
      [Termination (ms): Min: 0.0, Avg: 0.0, Max: 0.1, Diff: 0.1, Sum: 0.4]
         [Termination Attempts: Min: 1, Avg: 316.3, Max: 461, Diff: 460, Sum: 2530]
      [GC Worker Other (ms): Min: 0.0, Avg: 0.0, Max: 0.1, Diff: 0.1, Sum: 0.4]
      [GC Worker Total (ms): Min: 157.2, Avg: 157.3, Max: 157.4, Diff: 0.2, Sum: 1258.3]
      [GC Worker End (ms): Min: 79293.4, Avg: 79293.4, Max: 79293.5, Diff: 0.1]
   [Code Root Fixup: 0.0 ms]
   [Code Root Purge: 0.0 ms]
   [Clear CT: 0.2 ms]
   [Other: 1.0 ms]
      [Choose CSet: 0.0 ms]
      [Ref Proc: 0.2 ms]
      [Ref Enq: 0.0 ms]
      [Redirty Cards: 0.3 ms]
      [Humongous Register: 0.0 ms]
      [Humongous Reclaim: 0.0 ms]
      [Free CSet: 0.3 ms]
   [Eden: 290.0M(290.0M)->0.0B(301.0M) Survivors: 44.0M->42.0M Heap: 1089.0M(2048.0M)->1090.5M(2048.0M)]
 [Times: user=1.24 sys=0.00, real=0.16 secs] 
2020-09-29T11:54:33.838+0200: 79.309: [GC pause (G1 Humongous Allocation) (young) (initial-mark), 0.0541467 secs]
   [Parallel Time: 53.3 ms, GC Workers: 8]
      [GC Worker Start (ms): Min: 79308.7, Avg: 79308.8, Max: 79308.9, Diff: 0.2]
      [Ext Root Scanning (ms): Min: 0.0, Avg: 0.4, Max: 2.0, Diff: 2.0, Sum: 3.4]
      [Update RS (ms): Min: 29.0, Avg: 30.8, Max: 31.2, Diff: 2.2, Sum: 246.6]
         [Processed Buffers: Min: 35, Avg: 37.3, Max: 42, Diff: 7, Sum: 298]
      [Scan RS (ms): Min: 2.4, Avg: 2.6, Max: 2.8, Diff: 0.4, Sum: 20.5]
      [Code Root Scanning (ms): Min: 0.0, Avg: 0.0, Max: 0.0, Diff: 0.0, Sum: 0.0]
      [Object Copy (ms): Min: 19.2, Avg: 19.3, Max: 19.3, Diff: 0.1, Sum: 154.2]
      [Termination (ms): Min: 0.0, Avg: 0.0, Max: 0.0, Diff: 0.0, Sum: 0.0]
         [Termination Attempts: Min: 1, Avg: 1.4, Max: 3, Diff: 2, Sum: 11]
      [GC Worker Other (ms): Min: 0.0, Avg: 0.0, Max: 0.0, Diff: 0.0, Sum: 0.2]
      [GC Worker Total (ms): Min: 53.0, Avg: 53.1, Max: 53.2, Diff: 0.2, Sum: 424.9]
      [GC Worker End (ms): Min: 79361.9, Avg: 79361.9, Max: 79361.9, Diff: 0.0]
   [Code Root Fixup: 0.0 ms]
   [Code Root Purge: 0.0 ms]
   [Clear CT: 0.2 ms]
   [Other: 0.6 ms]
      [Choose CSet: 0.0 ms]
      [Ref Proc: 0.2 ms]
      [Ref Enq: 0.0 ms]
      [Redirty Cards: 0.1 ms]
      [Humongous Register: 0.1 ms]
      [Humongous Reclaim: 0.0 ms]
      [Free CSet: 0.1 ms]
   [Eden: 10.0M(301.0M)->0.0B(347.0M) Survivors: 42.0M->11.0M Heap: 1100.0M(2048.0M)->1103.0M(2048.0M)]
 [Times: user=0.38 sys=0.00, real=0.05 secs] 
2020-09-29T11:54:33.892+0200: 79.363: [GC concurrent-root-region-scan-start]
2020-09-29T11:54:33.894+0200: 79.364: [GC concurrent-root-region-scan-end, 0.0016827 secs]
2020-09-29T11:54:33.894+0200: 79.364: [GC concurrent-mark-start]
2020-09-29T11:54:33.896+0200: 79.367: [GC concurrent-mark-end, 0.0022491 secs]
2020-09-29T11:54:33.897+0200: 79.367: [GC remark 2020-09-29T11:54:33.897+0200: 79.367: [Finalize Marking, 0.0001268 secs] 2020-09-29T11:54:33.897+0200: 79.367: [GC ref-proc, 0.0002712 secs] 2020-09-29T11:54:33.897+0200: 79.367: [Unloading, 0.0004185 secs], 0.0010822 secs]
 [Times: user=0.00 sys=0.00, real=0.00 secs] 
2020-09-29T11:54:33.898+0200: 79.368: [GC cleanup 1113M->33M(2048M), 0.0012167 secs]
 [Times: user=0.00 sys=0.00, real=0.00 secs] 
2020-09-29T11:54:33.899+0200: 79.370: [GC concurrent-cleanup-start]
2020-09-29T11:54:33.900+0200: 79.371: [GC concurrent-cleanup-end, 0.0012279 secs]
2020-09-29T11:54:34.064+0200: 79.534: [GC pause (G1 Evacuation Pause) (young), 0.1797831 secs]
   [Parallel Time: 178.1 ms, GC Workers: 8]
      [GC Worker Start (ms): Min: 79534.4, Avg: 79534.5, Max: 79534.6, Diff: 0.2]
      [Ext Root Scanning (ms): Min: 0.0, Avg: 0.1, Max: 0.2, Diff: 0.2, Sum: 0.5]
      [Update RS (ms): Min: 16.4, Avg: 16.5, Max: 16.6, Diff: 0.2, Sum: 131.7]
         [Processed Buffers: Min: 19, Avg: 20.4, Max: 24, Diff: 5, Sum: 163]
      [Scan RS (ms): Min: 18.2, Avg: 18.7, Max: 21.9, Diff: 3.7, Sum: 149.5]
      [Code Root Scanning (ms): Min: 0.0, Avg: 0.0, Max: 0.0, Diff: 0.0, Sum: 0.0]
      [Object Copy (ms): Min: 139.1, Avg: 142.5, Max: 143.0, Diff: 3.9, Sum: 1139.6]
      [Termination (ms): Min: 0.0, Avg: 0.1, Max: 0.1, Diff: 0.1, Sum: 0.8]
         [Termination Attempts: Min: 1, Avg: 784.4, Max: 973, Diff: 972, Sum: 6275]
      [GC Worker Other (ms): Min: 0.0, Avg: 0.0, Max: 0.1, Diff: 0.1, Sum: 0.3]
      [GC Worker Total (ms): Min: 177.7, Avg: 177.8, Max: 177.9, Diff: 0.2, Sum: 1422.5]
      [GC Worker End (ms): Min: 79712.3, Avg: 79712.3, Max: 79712.3, Diff: 0.1]
   [Code Root Fixup: 0.0 ms]
   [Code Root Purge: 0.0 ms]
   [Clear CT: 0.6 ms]
   [Other: 1.1 ms]
      [Choose CSet: 0.0 ms]
      [Ref Proc: 0.2 ms]
      [Ref Enq: 0.0 ms]
      [Redirty Cards: 0.2 ms]
      [Humongous Register: 0.0 ms]
      [Humongous Reclaim: 0.0 ms]
      [Free CSet: 0.4 ms]
   [Eden: 347.0M(347.0M)->0.0B(309.0M) Survivors: 11.0M->45.0M Heap: 428.6M(2048.0M)->420.6M(2048.0M)]
 [Times: user=1.42 sys=0.03, real=0.18 secs] 
2020-09-29T11:54:34.419+0200: 79.889: [GC pause (G1 Evacuation Pause) (young), 0.1772823 secs]
   [Parallel Time: 176.2 ms, GC Workers: 8]
      [GC Worker Start (ms): Min: 79889.4, Avg: 79889.5, Max: 79889.6, Diff: 0.2]
      [Ext Root Scanning (ms): Min: 0.0, Avg: 0.1, Max: 0.1, Diff: 0.1, Sum: 0.4]
      [Update RS (ms): Min: 18.9, Avg: 19.0, Max: 19.3, Diff: 0.5, Sum: 152.2]
         [Processed Buffers: Min: 22, Avg: 23.1, Max: 26, Diff: 4, Sum: 185]
      [Scan RS (ms): Min: 16.6, Avg: 17.0, Max: 17.2, Diff: 0.6, Sum: 135.9]
      [Code Root Scanning (ms): Min: 0.0, Avg: 0.0, Max: 0.0, Diff: 0.0, Sum: 0.0]
      [Object Copy (ms): Min: 139.6, Avg: 139.8, Max: 140.0, Diff: 0.4, Sum: 1118.5]
      [Termination (ms): Min: 0.0, Avg: 0.2, Max: 0.2, Diff: 0.2, Sum: 1.3]
         [Termination Attempts: Min: 1, Avg: 1190.4, Max: 1464, Diff: 1463, Sum: 9523]
      [GC Worker Other (ms): Min: 0.0, Avg: 0.0, Max: 0.1, Diff: 0.1, Sum: 0.3]
      [GC Worker Total (ms): Min: 176.0, Avg: 176.1, Max: 176.2, Diff: 0.2, Sum: 1408.6]
      [GC Worker End (ms): Min: 80065.5, Avg: 80065.6, Max: 80065.6, Diff: 0.1]
   [Code Root Fixup: 0.0 ms]
   [Code Root Purge: 0.0 ms]
   [Clear CT: 0.2 ms]
   [Other: 0.9 ms]
      [Choose CSet: 0.0 ms]
      [Ref Proc: 0.2 ms]
      [Ref Enq: 0.0 ms]
      [Redirty Cards: 0.2 ms]
      [Humongous Register: 0.0 ms]
      [Humongous Reclaim: 0.0 ms]
      [Free CSet: 0.2 ms]
   [Eden: 309.0M(309.0M)->0.0B(304.0M) Survivors: 45.0M->45.0M Heap: 781.1M(2048.0M)->782.6M(2048.0M)]
 [Times: user=1.36 sys=0.00, real=0.18 secs] 
2020-09-29T11:54:34.757+0200: 80.228: [GC pause (G1 Evacuation Pause) (young), 0.1723260 secs]
   [Parallel Time: 171.3 ms, GC Workers: 8]
      [GC Worker Start (ms): Min: 80227.7, Avg: 80227.7, Max: 80227.8, Diff: 0.1]
      [Ext Root Scanning (ms): Min: 0.0, Avg: 0.1, Max: 0.1, Diff: 0.1, Sum: 0.5]
      [Update RS (ms): Min: 19.4, Avg: 19.6, Max: 19.8, Diff: 0.4, Sum: 157.0]
         [Processed Buffers: Min: 21, Avg: 22.1, Max: 24, Diff: 3, Sum: 177]
      [Scan RS (ms): Min: 16.7, Avg: 16.9, Max: 17.2, Diff: 0.5, Sum: 135.3]
      [Code Root Scanning (ms): Min: 0.0, Avg: 0.0, Max: 0.0, Diff: 0.0, Sum: 0.0]
      [Object Copy (ms): Min: 134.3, Avg: 134.4, Max: 134.5, Diff: 0.1, Sum: 1075.1]
      [Termination (ms): Min: 0.0, Avg: 0.1, Max: 0.1, Diff: 0.1, Sum: 0.5]
         [Termination Attempts: Min: 1, Avg: 413.8, Max: 508, Diff: 507, Sum: 3310]
      [GC Worker Other (ms): Min: 0.0, Avg: 0.1, Max: 0.1, Diff: 0.1, Sum: 0.4]
      [GC Worker Total (ms): Min: 171.1, Avg: 171.1, Max: 171.2, Diff: 0.2, Sum: 1369.0]
      [GC Worker End (ms): Min: 80398.8, Avg: 80398.9, Max: 80398.9, Diff: 0.1]
   [Code Root Fixup: 0.0 ms]
   [Code Root Purge: 0.0 ms]
   [Clear CT: 0.2 ms]
   [Other: 0.8 ms]
      [Choose CSet: 0.0 ms]
      [Ref Proc: 0.1 ms]
      [Ref Enq: 0.0 ms]
      [Redirty Cards: 0.2 ms]
      [Humongous Register: 0.0 ms]
      [Humongous Reclaim: 0.0 ms]
      [Free CSet: 0.2 ms]
   [Eden: 304.0M(304.0M)->0.0B(306.0M) Survivors: 45.0M->44.0M Heap: 1136.2M(2048.0M)->1138.2M(2048.0M)]
 [Times: user=1.38 sys=0.00, real=0.17 secs] 
2020-09-29T11:54:34.936+0200: 80.406: [GC pause (G1 Humongous Allocation) (young) (initial-mark), 0.0651147 secs]
   [Parallel Time: 64.1 ms, GC Workers: 8]
      [GC Worker Start (ms): Min: 80406.2, Avg: 80406.2, Max: 80406.3, Diff: 0.1]
      [Ext Root Scanning (ms): Min: 0.0, Avg: 0.7, Max: 4.9, Diff: 4.9, Sum: 5.9]
      [Update RS (ms): Min: 36.6, Avg: 40.7, Max: 41.6, Diff: 5.0, Sum: 325.5]
         [Processed Buffers: Min: 45, Avg: 50.3, Max: 52, Diff: 7, Sum: 402]
      [Scan RS (ms): Min: 1.7, Avg: 2.0, Max: 2.4, Diff: 0.6, Sum: 16.3]
      [Code Root Scanning (ms): Min: 0.0, Avg: 0.0, Max: 0.0, Diff: 0.0, Sum: 0.0]
      [Object Copy (ms): Min: 20.3, Avg: 20.4, Max: 20.5, Diff: 0.1, Sum: 163.1]
      [Termination (ms): Min: 0.0, Avg: 0.1, Max: 0.1, Diff: 0.1, Sum: 0.4]
         [Termination Attempts: Min: 1, Avg: 366.1, Max: 454, Diff: 453, Sum: 2929]
      [GC Worker Other (ms): Min: 0.0, Avg: 0.0, Max: 0.0, Diff: 0.0, Sum: 0.2]
      [GC Worker Total (ms): Min: 63.8, Avg: 63.9, Max: 64.0, Diff: 0.1, Sum: 511.5]
      [GC Worker End (ms): Min: 80470.2, Avg: 80470.2, Max: 80470.2, Diff: 0.0]
   [Code Root Fixup: 0.0 ms]
   [Code Root Purge: 0.0 ms]
   [Clear CT: 0.2 ms]
   [Other: 0.8 ms]
      [Choose CSet: 0.0 ms]
      [Ref Proc: 0.2 ms]
      [Ref Enq: 0.0 ms]
      [Redirty Cards: 0.3 ms]
      [Humongous Register: 0.1 ms]
      [Humongous Reclaim: 0.0 ms]
      [Free CSet: 0.1 ms]
   [Eden: 2048.0K(306.0M)->0.0B(332.0M) Survivors: 44.0M->3072.0K Heap: 1139.7M(2048.0M)->1142.7M(2048.0M)]
 [Times: user=0.50 sys=0.00, real=0.06 secs] 
2020-09-29T11:54:35.001+0200: 80.471: [GC concurrent-root-region-scan-start]
2020-09-29T11:54:35.002+0200: 80.472: [GC concurrent-root-region-scan-end, 0.0005154 secs]
2020-09-29T11:54:35.002+0200: 80.472: [GC concurrent-mark-start]
2020-09-29T11:54:35.004+0200: 80.475: [GC concurrent-mark-end, 0.0027809 secs]
2020-09-29T11:54:35.004+0200: 80.475: [GC remark 2020-09-29T11:54:35.004+0200: 80.475: [Finalize Marking, 0.0001920 secs] 2020-09-29T11:54:35.005+0200: 80.475: [GC ref-proc, 0.0002838 secs] 2020-09-29T11:54:35.005+0200: 80.475: [Unloading, 0.0004738 secs], 0.0012514 secs]
 [Times: user=0.00 sys=0.02, real=0.00 secs] 
2020-09-29T11:54:35.006+0200: 80.476: [GC cleanup 1151M->23M(2048M), 0.0010451 secs]
 [Times: user=0.00 sys=0.00, real=0.00 secs] 
2020-09-29T11:54:35.007+0200: 80.477: [GC concurrent-cleanup-start]
2020-09-29T11:54:35.009+0200: 80.479: [GC concurrent-cleanup-end, 0.0014240 secs]
2020-09-29T11:54:35.184+0200: 80.654: [GC pause (G1 Evacuation Pause) (young), 0.1774847 secs]
   [Parallel Time: 175.9 ms, GC Workers: 8]
      [GC Worker Start (ms): Min: 80654.2, Avg: 80654.3, Max: 80654.3, Diff: 0.1]
      [Ext Root Scanning (ms): Min: 0.0, Avg: 0.1, Max: 0.1, Diff: 0.1, Sum: 0.6]
      [Update RS (ms): Min: 22.4, Avg: 22.6, Max: 23.1, Diff: 0.7, Sum: 180.8]
         [Processed Buffers: Min: 22, Avg: 24.4, Max: 27, Diff: 5, Sum: 195]
      [Scan RS (ms): Min: 15.8, Avg: 16.3, Max: 16.5, Diff: 0.7, Sum: 130.4]
      [Code Root Scanning (ms): Min: 0.0, Avg: 0.0, Max: 0.0, Diff: 0.0, Sum: 0.0]
      [Object Copy (ms): Min: 136.3, Avg: 136.4, Max: 136.7, Diff: 0.4, Sum: 1091.3]
      [Termination (ms): Min: 0.0, Avg: 0.3, Max: 0.4, Diff: 0.4, Sum: 2.3]
         [Termination Attempts: Min: 1, Avg: 2226.3, Max: 2643, Diff: 2642, Sum: 17810]
      [GC Worker Other (ms): Min: 0.0, Avg: 0.1, Max: 0.1, Diff: 0.1, Sum: 0.6]
      [GC Worker Total (ms): Min: 175.7, Avg: 175.8, Max: 175.8, Diff: 0.1, Sum: 1406.1]
      [GC Worker End (ms): Min: 80830.0, Avg: 80830.0, Max: 80830.1, Diff: 0.1]
   [Code Root Fixup: 0.0 ms]
   [Code Root Purge: 0.0 ms]
   [Clear CT: 0.3 ms]
   [Other: 1.3 ms]
      [Choose CSet: 0.0 ms]
      [Ref Proc: 0.4 ms]
      [Ref Enq: 0.0 ms]
      [Redirty Cards: 0.3 ms]
      [Humongous Register: 0.0 ms]
      [Humongous Reclaim: 0.0 ms]
      [Free CSet: 0.3 ms]
   [Eden: 332.0M(332.0M)->0.0B(296.0M) Survivors: 3072.0K->42.0M Heap: 403.7M(2048.0M)->403.2M(2048.0M)]
 [Times: user=1.33 sys=0.05, real=0.18 secs] 
2020-09-29T11:54:35.523+0200: 80.993: [GC pause (G1 Evacuation Pause) (young), 0.1622836 secs]
   [Parallel Time: 161.2 ms, GC Workers: 8]
      [GC Worker Start (ms): Min: 80993.1, Avg: 80993.2, Max: 80993.3, Diff: 0.2]
      [Ext Root Scanning (ms): Min: 0.0, Avg: 0.1, Max: 0.2, Diff: 0.2, Sum: 0.4]
      [Update RS (ms): Min: 18.7, Avg: 19.1, Max: 19.5, Diff: 0.7, Sum: 152.4]
         [Processed Buffers: Min: 18, Avg: 20.0, Max: 22, Diff: 4, Sum: 160]
      [Scan RS (ms): Min: 17.1, Avg: 17.6, Max: 18.0, Diff: 0.9, Sum: 140.8]
      [Code Root Scanning (ms): Min: 0.0, Avg: 0.0, Max: 0.0, Diff: 0.0, Sum: 0.0]
      [Object Copy (ms): Min: 124.0, Avg: 124.1, Max: 124.2, Diff: 0.2, Sum: 993.0]
      [Termination (ms): Min: 0.0, Avg: 0.0, Max: 0.0, Diff: 0.0, Sum: 0.1]
         [Termination Attempts: Min: 1, Avg: 42.0, Max: 61, Diff: 60, Sum: 336]
      [GC Worker Other (ms): Min: 0.0, Avg: 0.0, Max: 0.1, Diff: 0.1, Sum: 0.4]
      [GC Worker Total (ms): Min: 160.8, Avg: 160.9, Max: 161.0, Diff: 0.2, Sum: 1287.1]
      [GC Worker End (ms): Min: 81154.1, Avg: 81154.1, Max: 81154.2, Diff: 0.1]
   [Code Root Fixup: 0.0 ms]
   [Code Root Purge: 0.0 ms]
   [Clear CT: 0.2 ms]
   [Other: 0.9 ms]
      [Choose CSet: 0.0 ms]
      [Ref Proc: 0.2 ms]
      [Ref Enq: 0.0 ms]
      [Redirty Cards: 0.3 ms]
      [Humongous Register: 0.0 ms]
      [Humongous Reclaim: 0.0 ms]
      [Free CSet: 0.2 ms]
   [Eden: 296.0M(296.0M)->0.0B(299.0M) Survivors: 42.0M->43.0M Heap: 746.9M(2048.0M)->748.9M(2048.0M)]
 [Times: user=1.25 sys=0.00, real=0.16 secs] 
2020-09-29T11:54:35.837+0200: 81.308: [GC pause (G1 Evacuation Pause) (young), 0.1675030 secs]
   [Parallel Time: 166.3 ms, GC Workers: 8]
      [GC Worker Start (ms): Min: 81307.7, Avg: 81307.8, Max: 81307.9, Diff: 0.2]
      [Ext Root Scanning (ms): Min: 0.0, Avg: 0.1, Max: 0.1, Diff: 0.1, Sum: 0.4]
      [Update RS (ms): Min: 18.3, Avg: 18.5, Max: 18.8, Diff: 0.5, Sum: 147.8]
         [Processed Buffers: Min: 20, Avg: 20.5, Max: 22, Diff: 2, Sum: 164]
      [Scan RS (ms): Min: 16.0, Avg: 16.2, Max: 16.6, Diff: 0.7, Sum: 130.0]
      [Code Root Scanning (ms): Min: 0.0, Avg: 0.0, Max: 0.0, Diff: 0.0, Sum: 0.0]
      [Object Copy (ms): Min: 131.0, Avg: 131.2, Max: 131.3, Diff: 0.3, Sum: 1049.7]
      [Termination (ms): Min: 0.0, Avg: 0.1, Max: 0.1, Diff: 0.1, Sum: 0.5]
         [Termination Attempts: Min: 1, Avg: 470.1, Max: 576, Diff: 575, Sum: 3761]
      [GC Worker Other (ms): Min: 0.0, Avg: 0.1, Max: 0.1, Diff: 0.1, Sum: 0.4]
      [GC Worker Total (ms): Min: 166.0, Avg: 166.1, Max: 166.2, Diff: 0.2, Sum: 1328.8]
      [GC Worker End (ms): Min: 81473.9, Avg: 81473.9, Max: 81473.9, Diff: 0.1]
   [Code Root Fixup: 0.0 ms]
   [Code Root Purge: 0.0 ms]
   [Clear CT: 0.2 ms]
   [Other: 1.0 ms]
      [Choose CSet: 0.0 ms]
      [Ref Proc: 0.3 ms]
      [Ref Enq: 0.0 ms]
      [Redirty Cards: 0.2 ms]
      [Humongous Register: 0.0 ms]
      [Humongous Reclaim: 0.0 ms]
      [Free CSet: 0.3 ms]
   [Eden: 299.0M(299.0M)->0.0B(304.0M) Survivors: 43.0M->43.0M Heap: 1097.5M(2048.0M)->1099.5M(2048.0M)]
 [Times: user=1.23 sys=0.01, real=0.17 secs] 
2020-09-29T11:54:36.011+0200: 81.481: [GC pause (G1 Humongous Allocation) (young) (initial-mark), 0.0616890 secs]
   [Parallel Time: 60.6 ms, GC Workers: 8]
      [GC Worker Start (ms): Min: 81481.2, Avg: 81481.3, Max: 81481.3, Diff: 0.1]
      [Ext Root Scanning (ms): Min: 0.0, Avg: 0.1, Max: 0.1, Diff: 0.1, Sum: 0.6]
      [Update RS (ms): Min: 39.7, Avg: 39.9, Max: 40.2, Diff: 0.5, Sum: 319.1]
         [Processed Buffers: Min: 48, Avg: 49.4, Max: 51, Diff: 3, Sum: 395]
      [Scan RS (ms): Min: 1.7, Avg: 2.0, Max: 2.2, Diff: 0.5, Sum: 15.8]
      [Code Root Scanning (ms): Min: 0.0, Avg: 0.0, Max: 0.0, Diff: 0.0, Sum: 0.0]
      [Object Copy (ms): Min: 18.4, Avg: 18.4, Max: 18.4, Diff: 0.1, Sum: 147.2]
      [Termination (ms): Min: 0.0, Avg: 0.0, Max: 0.0, Diff: 0.0, Sum: 0.2]
         [Termination Attempts: Min: 1, Avg: 141.4, Max: 213, Diff: 212, Sum: 1131]
      [GC Worker Other (ms): Min: 0.0, Avg: 0.0, Max: 0.0, Diff: 0.0, Sum: 0.1]
      [GC Worker Total (ms): Min: 60.3, Avg: 60.4, Max: 60.4, Diff: 0.1, Sum: 483.1]
      [GC Worker End (ms): Min: 81541.6, Avg: 81541.6, Max: 81541.7, Diff: 0.0]
   [Code Root Fixup: 0.0 ms]
   [Code Root Purge: 0.0 ms]
   [Clear CT: 0.5 ms]
   [Other: 0.7 ms]
      [Choose CSet: 0.0 ms]
      [Ref Proc: 0.1 ms]
      [Ref Enq: 0.0 ms]
      [Redirty Cards: 0.2 ms]
      [Humongous Register: 0.1 ms]
      [Humongous Reclaim: 0.0 ms]
      [Free CSet: 0.1 ms]
   [Eden: 1024.0K(304.0M)->0.0B(379.0M) Survivors: 43.0M->2048.0K Heap: 1100.0M(2048.0M)->1102.5M(2048.0M)]
 [Times: user=0.50 sys=0.00, real=0.06 secs] 
2020-09-29T11:54:36.073+0200: 81.543: [GC concurrent-root-region-scan-start]
2020-09-29T11:54:36.073+0200: 81.543: [GC concurrent-root-region-scan-end, 0.0001417 secs]
2020-09-29T11:54:36.073+0200: 81.543: [GC concurrent-mark-start]
2020-09-29T11:54:36.076+0200: 81.546: [GC concurrent-mark-end, 0.0028031 secs]
2020-09-29T11:54:36.076+0200: 81.546: [GC remark 2020-09-29T11:54:36.076+0200: 81.546: [Finalize Marking, 0.0002007 secs] 2020-09-29T11:54:36.077+0200: 81.546: [GC ref-proc, 0.0002827 secs] 2020-09-29T11:54:36.077+0200: 81.547: [Unloading, 0.0004231 secs], 0.0012385 secs]
 [Times: user=0.00 sys=0.00, real=0.00 secs] 
2020-09-29T11:54:36.078+0200: 81.548: [GC cleanup 1110M->21M(2048M), 0.0012352 secs]
 [Times: user=0.00 sys=0.00, real=0.00 secs] 
2020-09-29T11:54:36.079+0200: 81.549: [GC concurrent-cleanup-start]
2020-09-29T11:54:36.080+0200: 81.550: [GC concurrent-cleanup-end, 0.0015731 secs]
2020-09-29T11:54:36.273+0200: 81.743: [GC pause (G1 Evacuation Pause) (young), 0.2033309 secs]
   [Parallel Time: 202.2 ms, GC Workers: 8]
      [GC Worker Start (ms): Min: 81743.1, Avg: 81743.2, Max: 81743.3, Diff: 0.1]
      [Ext Root Scanning (ms): Min: 0.0, Avg: 0.1, Max: 0.2, Diff: 0.1, Sum: 0.6]
      [Update RS (ms): Min: 22.2, Avg: 22.3, Max: 22.5, Diff: 0.3, Sum: 178.2]
         [Processed Buffers: Min: 22, Avg: 23.5, Max: 26, Diff: 4, Sum: 188]
      [Scan RS (ms): Min: 22.0, Avg: 22.2, Max: 22.3, Diff: 0.4, Sum: 177.4]
      [Code Root Scanning (ms): Min: 0.0, Avg: 0.0, Max: 0.0, Diff: 0.0, Sum: 0.0]
      [Object Copy (ms): Min: 156.7, Avg: 156.8, Max: 157.1, Diff: 0.4, Sum: 1254.7]
      [Termination (ms): Min: 0.0, Avg: 0.3, Max: 0.4, Diff: 0.4, Sum: 2.4]
         [Termination Attempts: Min: 1, Avg: 2034.5, Max: 2468, Diff: 2467, Sum: 16276]
      [GC Worker Other (ms): Min: 0.0, Avg: 0.1, Max: 0.3, Diff: 0.2, Sum: 1.1]
      [GC Worker Total (ms): Min: 201.6, Avg: 201.8, Max: 202.0, Diff: 0.4, Sum: 1614.5]
      [GC Worker End (ms): Min: 81944.9, Avg: 81945.0, Max: 81945.2, Diff: 0.2]
   [Code Root Fixup: 0.0 ms]
   [Code Root Purge: 0.0 ms]
   [Clear CT: 0.2 ms]
   [Other: 0.9 ms]
      [Choose CSet: 0.0 ms]
      [Ref Proc: 0.1 ms]
      [Ref Enq: 0.0 ms]
      [Redirty Cards: 0.3 ms]
      [Humongous Register: 0.0 ms]
      [Humongous Reclaim: 0.0 ms]
      [Free CSet: 0.2 ms]
   [Eden: 379.0M(379.0M)->0.0B(296.0M) Survivors: 2048.0K->48.0M Heap: 457.4M(2048.0M)->457.4M(2048.0M)]
 [Times: user=1.56 sys=0.06, real=0.20 secs] 
2020-09-29T11:54:36.632+0200: 82.102: [GC pause (G1 Evacuation Pause) (young), 0.1749766 secs]
   [Parallel Time: 173.6 ms, GC Workers: 8]
      [GC Worker Start (ms): Min: 82102.3, Avg: 82102.4, Max: 82102.5, Diff: 0.2]
      [Ext Root Scanning (ms): Min: 0.0, Avg: 0.1, Max: 0.2, Diff: 0.2, Sum: 0.5]
      [Update RS (ms): Min: 16.0, Avg: 16.3, Max: 16.6, Diff: 0.7, Sum: 130.0]
         [Processed Buffers: Min: 18, Avg: 19.3, Max: 20, Diff: 2, Sum: 154]
      [Scan RS (ms): Min: 16.3, Avg: 16.7, Max: 17.0, Diff: 0.7, Sum: 133.4]
      [Code Root Scanning (ms): Min: 0.0, Avg: 0.0, Max: 0.0, Diff: 0.0, Sum: 0.0]
      [Object Copy (ms): Min: 140.0, Avg: 140.2, Max: 140.2, Diff: 0.2, Sum: 1121.3]
      [Termination (ms): Min: 0.0, Avg: 0.1, Max: 0.1, Diff: 0.1, Sum: 0.8]
         [Termination Attempts: Min: 1, Avg: 462.9, Max: 587, Diff: 586, Sum: 3703]
      [GC Worker Other (ms): Min: 0.0, Avg: 0.1, Max: 0.1, Diff: 0.1, Sum: 0.6]
      [GC Worker Total (ms): Min: 173.2, Avg: 173.4, Max: 173.4, Diff: 0.2, Sum: 1386.8]
      [GC Worker End (ms): Min: 82275.7, Avg: 82275.8, Max: 82275.8, Diff: 0.1]
   [Code Root Fixup: 0.0 ms]
   [Code Root Purge: 0.0 ms]
   [Clear CT: 0.2 ms]
   [Other: 1.2 ms]
      [Choose CSet: 0.0 ms]
      [Ref Proc: 0.1 ms]
      [Ref Enq: 0.0 ms]
      [Redirty Cards: 0.7 ms]
      [Humongous Register: 0.0 ms]
      [Humongous Reclaim: 0.0 ms]
      [Free CSet: 0.2 ms]
   [Eden: 296.0M(296.0M)->0.0B(291.0M) Survivors: 48.0M->43.0M Heap: 801.0M(2048.0M)->803.5M(2048.0M)]
 [Times: user=1.31 sys=0.03, real=0.18 secs] 
2020-09-29T11:54:36.959+0200: 82.429: [GC pause (G1 Evacuation Pause) (young), 0.1567017 secs]
   [Parallel Time: 155.5 ms, GC Workers: 8]
      [GC Worker Start (ms): Min: 82429.4, Avg: 82429.4, Max: 82429.5, Diff: 0.2]
      [Ext Root Scanning (ms): Min: 0.0, Avg: 0.1, Max: 0.1, Diff: 0.1, Sum: 0.4]
      [Update RS (ms): Min: 17.0, Avg: 17.1, Max: 17.5, Diff: 0.5, Sum: 137.2]
         [Processed Buffers: Min: 20, Avg: 21.0, Max: 23, Diff: 3, Sum: 168]
      [Scan RS (ms): Min: 14.9, Avg: 15.2, Max: 15.3, Diff: 0.4, Sum: 121.5]
      [Code Root Scanning (ms): Min: 0.0, Avg: 0.0, Max: 0.0, Diff: 0.0, Sum: 0.0]
      [Object Copy (ms): Min: 122.8, Avg: 122.8, Max: 122.9, Diff: 0.1, Sum: 982.8]
      [Termination (ms): Min: 0.0, Avg: 0.0, Max: 0.0, Diff: 0.0, Sum: 0.2]
         [Termination Attempts: Min: 1, Avg: 139.1, Max: 197, Diff: 196, Sum: 1113]
      [GC Worker Other (ms): Min: 0.0, Avg: 0.0, Max: 0.1, Diff: 0.1, Sum: 0.3]
      [GC Worker Total (ms): Min: 155.2, Avg: 155.3, Max: 155.4, Diff: 0.2, Sum: 1242.4]
      [GC Worker End (ms): Min: 82584.7, Avg: 82584.7, Max: 82584.8, Diff: 0.1]
   [Code Root Fixup: 0.0 ms]
   [Code Root Purge: 0.0 ms]
   [Clear CT: 0.2 ms]
   [Other: 1.0 ms]
      [Choose CSet: 0.0 ms]
      [Ref Proc: 0.2 ms]
      [Ref Enq: 0.0 ms]
      [Redirty Cards: 0.2 ms]
      [Humongous Register: 0.1 ms]
      [Humongous Reclaim: 0.0 ms]
      [Free CSet: 0.3 ms]
   [Eden: 291.0M(291.0M)->0.0B(304.0M) Survivors: 43.0M->42.0M Heap: 1144.1M(2048.0M)->1146.1M(2048.0M)]
 [Times: user=1.25 sys=0.00, real=0.16 secs] 
2020-09-29T11:54:37.122+0200: 82.591: [GC pause (G1 Humongous Allocation) (young) (initial-mark), 0.0694377 secs]
   [Parallel Time: 68.4 ms, GC Workers: 8]
      [GC Worker Start (ms): Min: 82591.7, Avg: 82591.8, Max: 82591.9, Diff: 0.2]
      [Ext Root Scanning (ms): Min: 0.0, Avg: 0.6, Max: 4.0, Diff: 4.0, Sum: 4.9]
      [Update RS (ms): Min: 40.8, Avg: 44.5, Max: 45.3, Diff: 4.5, Sum: 355.6]
         [Processed Buffers: Min: 23, Avg: 49.6, Max: 57, Diff: 34, Sum: 397]
      [Scan RS (ms): Min: 1.4, Avg: 1.8, Max: 2.0, Diff: 0.6, Sum: 14.2]
      [Code Root Scanning (ms): Min: 0.0, Avg: 0.0, Max: 0.0, Diff: 0.0, Sum: 0.0]
      [Object Copy (ms): Min: 21.3, Avg: 21.4, Max: 21.4, Diff: 0.1, Sum: 170.8]
      [Termination (ms): Min: 0.0, Avg: 0.0, Max: 0.0, Diff: 0.0, Sum: 0.1]
         [Termination Attempts: Min: 1, Avg: 95.0, Max: 127, Diff: 126, Sum: 760]
      [GC Worker Other (ms): Min: 0.0, Avg: 0.0, Max: 0.0, Diff: 0.0, Sum: 0.2]
      [GC Worker Total (ms): Min: 68.1, Avg: 68.2, Max: 68.3, Diff: 0.2, Sum: 545.8]
      [GC Worker End (ms): Min: 82660.0, Avg: 82660.0, Max: 82660.0, Diff: 0.0]
   [Code Root Fixup: 0.0 ms]
   [Code Root Purge: 0.0 ms]
   [Clear CT: 0.2 ms]
   [Other: 0.8 ms]
      [Choose CSet: 0.0 ms]
      [Ref Proc: 0.2 ms]
      [Ref Enq: 0.0 ms]
      [Redirty Cards: 0.2 ms]
      [Humongous Register: 0.1 ms]
      [Humongous Reclaim: 0.0 ms]
      [Free CSet: 0.1 ms]
   [Eden: 7168.0K(304.0M)->0.0B(329.0M) Survivors: 42.0M->9216.0K Heap: 1153.1M(2048.0M)->1156.6M(2048.0M)]
 [Times: user=0.47 sys=0.00, real=0.07 secs] 
2020-09-29T11:54:37.191+0200: 82.661: [GC concurrent-root-region-scan-start]
2020-09-29T11:54:37.194+0200: 82.664: [GC concurrent-root-region-scan-end, 0.0027946 secs]
2020-09-29T11:54:37.194+0200: 82.664: [GC concurrent-mark-start]
2020-09-29T11:54:37.198+0200: 82.668: [GC concurrent-mark-end, 0.0037216 secs]
2020-09-29T11:54:37.198+0200: 82.668: [GC remark 2020-09-29T11:54:37.198+0200: 82.668: [Finalize Marking, 0.0001485 secs] 2020-09-29T11:54:37.198+0200: 82.668: [GC ref-proc, 0.0003078 secs] 2020-09-29T11:54:37.198+0200: 82.668: [Unloading, 0.0003880 secs], 0.0012750 secs]
 [Times: user=0.00 sys=0.00, real=0.00 secs] 
2020-09-29T11:54:37.200+0200: 82.669: [GC cleanup 1170M->34M(2048M), 0.0028845 secs]
 [Times: user=0.00 sys=0.00, real=0.00 secs] 
2020-09-29T11:54:37.203+0200: 82.673: [GC concurrent-cleanup-start]
2020-09-29T11:54:37.209+0200: 82.679: [GC concurrent-cleanup-end, 0.0058219 secs]
2020-09-29T11:54:37.388+0200: 82.858: [GC pause (G1 Evacuation Pause) (young), 0.1730148 secs]
   [Parallel Time: 171.8 ms, GC Workers: 8]
      [GC Worker Start (ms): Min: 82857.8, Avg: 82857.9, Max: 82858.0, Diff: 0.2]
      [Ext Root Scanning (ms): Min: 0.0, Avg: 0.1, Max: 0.2, Diff: 0.2, Sum: 0.5]
      [Update RS (ms): Min: 27.1, Avg: 27.4, Max: 27.8, Diff: 0.6, Sum: 218.8]
         [Processed Buffers: Min: 24, Avg: 25.0, Max: 27, Diff: 3, Sum: 200]
      [Scan RS (ms): Min: 16.3, Avg: 16.8, Max: 17.0, Diff: 0.6, Sum: 134.2]
      [Code Root Scanning (ms): Min: 0.0, Avg: 0.0, Max: 0.0, Diff: 0.0, Sum: 0.0]
      [Object Copy (ms): Min: 127.0, Avg: 127.2, Max: 127.3, Diff: 0.3, Sum: 1017.5]
      [Termination (ms): Min: 0.0, Avg: 0.1, Max: 0.2, Diff: 0.2, Sum: 1.0]
         [Termination Attempts: Min: 1, Avg: 918.5, Max: 1147, Diff: 1146, Sum: 7348]
      [GC Worker Other (ms): Min: 0.0, Avg: 0.1, Max: 0.1, Diff: 0.1, Sum: 0.4]
      [GC Worker Total (ms): Min: 171.5, Avg: 171.5, Max: 171.7, Diff: 0.2, Sum: 1372.4]
      [GC Worker End (ms): Min: 83029.4, Avg: 83029.4, Max: 83029.5, Diff: 0.1]
   [Code Root Fixup: 0.0 ms]
   [Code Root Purge: 0.0 ms]
   [Clear CT: 0.4 ms]
   [Other: 0.8 ms]
      [Choose CSet: 0.0 ms]
      [Ref Proc: 0.1 ms]
      [Ref Enq: 0.0 ms]
      [Redirty Cards: 0.2 ms]
      [Humongous Register: 0.0 ms]
      [Humongous Reclaim: 0.0 ms]
      [Free CSet: 0.2 ms]
   [Eden: 329.0M(329.0M)->0.0B(296.0M) Survivors: 9216.0K->43.0M Heap: 405.3M(2048.0M)->398.3M(2048.0M)]
 [Times: user=1.36 sys=0.02, real=0.17 secs] 
2020-09-29T11:54:37.724+0200: 83.194: [GC pause (G1 Evacuation Pause) (young), 0.1570420 secs]
   [Parallel Time: 155.8 ms, GC Workers: 8]
      [GC Worker Start (ms): Min: 83194.0, Avg: 83194.1, Max: 83194.2, Diff: 0.2]
      [Ext Root Scanning (ms): Min: 0.0, Avg: 0.1, Max: 0.1, Diff: 0.1, Sum: 0.5]
      [Update RS (ms): Min: 15.1, Avg: 15.3, Max: 15.7, Diff: 0.6, Sum: 122.5]
         [Processed Buffers: Min: 18, Avg: 18.5, Max: 20, Diff: 2, Sum: 148]
      [Scan RS (ms): Min: 15.8, Avg: 16.2, Max: 16.4, Diff: 0.6, Sum: 129.5]
      [Code Root Scanning (ms): Min: 0.0, Avg: 0.0, Max: 0.0, Diff: 0.0, Sum: 0.0]
      [Object Copy (ms): Min: 123.9, Avg: 123.9, Max: 124.0, Diff: 0.1, Sum: 991.5]
      [Termination (ms): Min: 0.0, Avg: 0.0, Max: 0.0, Diff: 0.0, Sum: 0.0]
         [Termination Attempts: Min: 1, Avg: 2.1, Max: 4, Diff: 3, Sum: 17]
      [GC Worker Other (ms): Min: 0.0, Avg: 0.0, Max: 0.1, Diff: 0.1, Sum: 0.3]
      [GC Worker Total (ms): Min: 155.4, Avg: 155.5, Max: 155.6, Diff: 0.2, Sum: 1244.3]
      [GC Worker End (ms): Min: 83349.6, Avg: 83349.7, Max: 83349.7, Diff: 0.1]
   [Code Root Fixup: 0.0 ms]
   [Code Root Purge: 0.0 ms]
   [Clear CT: 0.2 ms]
   [Other: 1.1 ms]
      [Choose CSet: 0.0 ms]
      [Ref Proc: 0.1 ms]
      [Ref Enq: 0.0 ms]
      [Redirty Cards: 0.3 ms]
      [Humongous Register: 0.0 ms]
      [Humongous Reclaim: 0.0 ms]
      [Free CSet: 0.3 ms]
   [Eden: 296.0M(296.0M)->0.0B(305.0M) Survivors: 43.0M->43.0M Heap: 743.9M(2048.0M)->745.4M(2048.0M)]
 [Times: user=1.23 sys=0.01, real=0.16 secs] 
2020-09-29T11:54:38.039+0200: 83.508: [GC pause (G1 Evacuation Pause) (young), 0.1754177 secs]
   [Parallel Time: 174.2 ms, GC Workers: 8]
      [GC Worker Start (ms): Min: 83508.5, Avg: 83508.6, Max: 83508.7, Diff: 0.2]
      [Ext Root Scanning (ms): Min: 0.0, Avg: 0.1, Max: 0.2, Diff: 0.2, Sum: 0.4]
      [Update RS (ms): Min: 17.5, Avg: 17.6, Max: 18.1, Diff: 0.6, Sum: 140.9]
         [Processed Buffers: Min: 19, Avg: 21.4, Max: 25, Diff: 6, Sum: 171]
      [Scan RS (ms): Min: 15.9, Avg: 16.3, Max: 16.5, Diff: 0.6, Sum: 130.7]
      [Code Root Scanning (ms): Min: 0.0, Avg: 0.0, Max: 0.0, Diff: 0.0, Sum: 0.0]
      [Object Copy (ms): Min: 139.7, Avg: 139.8, Max: 139.9, Diff: 0.2, Sum: 1118.5]
      [Termination (ms): Min: 0.0, Avg: 0.1, Max: 0.1, Diff: 0.1, Sum: 0.7]
         [Termination Attempts: Min: 1, Avg: 628.5, Max: 814, Diff: 813, Sum: 5028]
      [GC Worker Other (ms): Min: 0.0, Avg: 0.0, Max: 0.1, Diff: 0.1, Sum: 0.4]
      [GC Worker Total (ms): Min: 173.9, Avg: 174.0, Max: 174.1, Diff: 0.3, Sum: 1391.7]
      [GC Worker End (ms): Min: 83682.5, Avg: 83682.5, Max: 83682.6, Diff: 0.1]
   [Code Root Fixup: 0.0 ms]
   [Code Root Purge: 0.0 ms]
   [Clear CT: 0.2 ms]
   [Other: 1.0 ms]
      [Choose CSet: 0.0 ms]
      [Ref Proc: 0.2 ms]
      [Ref Enq: 0.0 ms]
      [Redirty Cards: 0.3 ms]
      [Humongous Register: 0.0 ms]
      [Humongous Reclaim: 0.0 ms]
      [Free CSet: 0.3 ms]
   [Eden: 305.0M(305.0M)->0.0B(303.0M) Survivors: 43.0M->44.0M Heap: 1101.9M(2048.0M)->1103.9M(2048.0M)]
 [Times: user=1.31 sys=0.05, real=0.17 secs] 
2020-09-29T11:54:38.224+0200: 83.694: [GC pause (G1 Humongous Allocation) (young) (initial-mark), 0.0648005 secs]
   [Parallel Time: 63.8 ms, GC Workers: 8]
      [GC Worker Start (ms): Min: 83694.1, Avg: 83694.2, Max: 83694.3, Diff: 0.2]
      [Ext Root Scanning (ms): Min: 0.0, Avg: 2.2, Max: 16.0, Diff: 16.0, Sum: 17.6]
      [Update RS (ms): Min: 22.9, Avg: 36.9, Max: 39.2, Diff: 16.3, Sum: 295.1]
         [Processed Buffers: Min: 29, Avg: 44.8, Max: 50, Diff: 21, Sum: 358]
      [Scan RS (ms): Min: 2.3, Avg: 2.7, Max: 2.8, Diff: 0.5, Sum: 21.3]
      [Code Root Scanning (ms): Min: 0.0, Avg: 0.0, Max: 0.0, Diff: 0.0, Sum: 0.0]
      [Object Copy (ms): Min: 21.7, Avg: 21.8, Max: 21.8, Diff: 0.1, Sum: 174.2]
      [Termination (ms): Min: 0.0, Avg: 0.0, Max: 0.0, Diff: 0.0, Sum: 0.1]
         [Termination Attempts: Min: 1, Avg: 82.9, Max: 117, Diff: 116, Sum: 663]
      [GC Worker Other (ms): Min: 0.0, Avg: 0.0, Max: 0.0, Diff: 0.0, Sum: 0.1]
      [GC Worker Total (ms): Min: 63.5, Avg: 63.6, Max: 63.7, Diff: 0.2, Sum: 508.4]
      [GC Worker End (ms): Min: 83757.8, Avg: 83757.8, Max: 83757.8, Diff: 0.0]
   [Code Root Fixup: 0.0 ms]
   [Code Root Purge: 0.0 ms]
   [Clear CT: 0.2 ms]
   [Other: 0.9 ms]
      [Choose CSet: 0.0 ms]
      [Ref Proc: 0.2 ms]
      [Ref Enq: 0.0 ms]
      [Redirty Cards: 0.2 ms]
      [Humongous Register: 0.1 ms]
      [Humongous Reclaim: 0.0 ms]
      [Free CSet: 0.1 ms]
   [Eden: 9216.0K(303.0M)->0.0B(337.0M) Survivors: 44.0M->11.0M Heap: 1112.4M(2048.0M)->1116.4M(2048.0M)]
 [Times: user=0.49 sys=0.00, real=0.07 secs] 
2020-09-29T11:54:38.289+0200: 83.759: [GC concurrent-root-region-scan-start]
2020-09-29T11:54:38.292+0200: 83.762: [GC concurrent-root-region-scan-end, 0.0033889 secs]
2020-09-29T11:54:38.292+0200: 83.762: [GC concurrent-mark-start]
2020-09-29T11:54:38.297+0200: 83.767: [GC concurrent-mark-end, 0.0045137 secs]
2020-09-29T11:54:38.297+0200: 83.767: [GC remark 2020-09-29T11:54:38.297+0200: 83.767: [Finalize Marking, 0.0002564 secs] 2020-09-29T11:54:38.298+0200: 83.767: [GC ref-proc, 0.0004070 secs] 2020-09-29T11:54:38.298+0200: 83.768: [Unloading, 0.0005747 secs], 0.0017740 secs]
 [Times: user=0.00 sys=0.00, real=0.00 secs] 
2020-09-29T11:54:38.299+0200: 83.769: [GC cleanup 1134M->40M(2048M), 0.0017830 secs]
 [Times: user=0.00 sys=0.00, real=0.00 secs] 
2020-09-29T11:54:38.301+0200: 83.771: [GC concurrent-cleanup-start]
2020-09-29T11:54:38.303+0200: 83.772: [GC concurrent-cleanup-end, 0.0014072 secs]
2020-09-29T11:54:38.468+0200: 83.938: [GC pause (G1 Evacuation Pause) (young), 0.1636449 secs]
   [Parallel Time: 162.5 ms, GC Workers: 8]
      [GC Worker Start (ms): Min: 83938.2, Avg: 83938.3, Max: 83938.4, Diff: 0.2]
      [Ext Root Scanning (ms): Min: 0.0, Avg: 0.1, Max: 0.2, Diff: 0.2, Sum: 0.5]
      [Update RS (ms): Min: 21.3, Avg: 21.4, Max: 21.5, Diff: 0.3, Sum: 170.9]
         [Processed Buffers: Min: 24, Avg: 25.6, Max: 27, Diff: 3, Sum: 205]
      [Scan RS (ms): Min: 13.7, Avg: 13.8, Max: 14.0, Diff: 0.3, Sum: 110.6]
      [Code Root Scanning (ms): Min: 0.0, Avg: 0.0, Max: 0.0, Diff: 0.0, Sum: 0.0]
      [Object Copy (ms): Min: 126.4, Avg: 126.5, Max: 126.6, Diff: 0.2, Sum: 1011.9]
      [Termination (ms): Min: 0.0, Avg: 0.1, Max: 0.1, Diff: 0.1, Sum: 0.9]
         [Termination Attempts: Min: 1, Avg: 775.9, Max: 931, Diff: 930, Sum: 6207]
      [GC Worker Other (ms): Min: 0.0, Avg: 0.3, Max: 0.5, Diff: 0.4, Sum: 2.2]
      [GC Worker Total (ms): Min: 161.8, Avg: 162.1, Max: 162.4, Diff: 0.6, Sum: 1297.0]
      [GC Worker End (ms): Min: 84100.2, Avg: 84100.5, Max: 84100.7, Diff: 0.4]
   [Code Root Fixup: 0.0 ms]
   [Code Root Purge: 0.0 ms]
   [Clear CT: 0.3 ms]
   [Other: 0.8 ms]
      [Choose CSet: 0.0 ms]
      [Ref Proc: 0.1 ms]
      [Ref Enq: 0.0 ms]
      [Redirty Cards: 0.2 ms]
      [Humongous Register: 0.0 ms]
      [Humongous Reclaim: 0.0 ms]
      [Free CSet: 0.2 ms]
   [Eden: 337.0M(337.0M)->0.0B(321.0M) Survivors: 11.0M->44.0M Heap: 416.7M(2048.0M)->407.7M(2048.0M)]
 [Times: user=1.36 sys=0.02, real=0.16 secs] 
2020-09-29T11:54:38.802+0200: 84.272: [GC pause (G1 Evacuation Pause) (young), 0.1818198 secs]
   [Parallel Time: 180.5 ms, GC Workers: 8]
      [GC Worker Start (ms): Min: 84271.6, Avg: 84271.8, Max: 84271.8, Diff: 0.2]
      [Ext Root Scanning (ms): Min: 0.0, Avg: 0.0, Max: 0.2, Diff: 0.2, Sum: 0.4]
      [Update RS (ms): Min: 22.1, Avg: 22.2, Max: 22.5, Diff: 0.4, Sum: 177.4]
         [Processed Buffers: Min: 21, Avg: 24.0, Max: 28, Diff: 7, Sum: 192]
      [Scan RS (ms): Min: 18.1, Avg: 18.4, Max: 18.6, Diff: 0.5, Sum: 147.6]
      [Code Root Scanning (ms): Min: 0.0, Avg: 0.0, Max: 0.0, Diff: 0.0, Sum: 0.0]
      [Object Copy (ms): Min: 139.4, Avg: 139.6, Max: 139.6, Diff: 0.2, Sum: 1116.5]
      [Termination (ms): Min: 0.0, Avg: 0.0, Max: 0.1, Diff: 0.1, Sum: 0.3]
         [Termination Attempts: Min: 1, Avg: 320.1, Max: 394, Diff: 393, Sum: 2561]
      [GC Worker Other (ms): Min: 0.0, Avg: 0.0, Max: 0.1, Diff: 0.1, Sum: 0.3]
      [GC Worker Total (ms): Min: 180.3, Avg: 180.3, Max: 180.4, Diff: 0.2, Sum: 1442.6]
      [GC Worker End (ms): Min: 84452.1, Avg: 84452.1, Max: 84452.1, Diff: 0.1]
   [Code Root Fixup: 0.0 ms]
   [Code Root Purge: 0.0 ms]
   [Clear CT: 0.2 ms]
   [Other: 1.1 ms]
      [Choose CSet: 0.0 ms]
      [Ref Proc: 0.2 ms]
      [Ref Enq: 0.0 ms]
      [Redirty Cards: 0.4 ms]
      [Humongous Register: 0.0 ms]
      [Humongous Reclaim: 0.0 ms]
      [Free CSet: 0.2 ms]
   [Eden: 321.0M(321.0M)->0.0B(310.0M) Survivors: 44.0M->46.0M Heap: 782.1M(2048.0M)->784.1M(2048.0M)]
 [Times: user=1.36 sys=0.00, real=0.19 secs] 
2020-09-29T11:54:39.173+0200: 84.643: [GC pause (G1 Evacuation Pause) (young), 0.1867064 secs]
   [Parallel Time: 185.5 ms, GC Workers: 8]
      [GC Worker Start (ms): Min: 84643.1, Avg: 84643.2, Max: 84643.3, Diff: 0.2]
      [Ext Root Scanning (ms): Min: 0.0, Avg: 0.1, Max: 0.2, Diff: 0.2, Sum: 0.6]
      [Update RS (ms): Min: 20.3, Avg: 20.4, Max: 20.9, Diff: 0.6, Sum: 163.6]
         [Processed Buffers: Min: 18, Avg: 20.1, Max: 22, Diff: 4, Sum: 161]
      [Scan RS (ms): Min: 18.7, Avg: 20.3, Max: 28.9, Diff: 10.2, Sum: 162.8]
      [Code Root Scanning (ms): Min: 0.0, Avg: 0.0, Max: 0.0, Diff: 0.0, Sum: 0.0]
      [Object Copy (ms): Min: 135.9, Avg: 144.2, Max: 145.5, Diff: 9.5, Sum: 1153.6]
      [Termination (ms): Min: 0.0, Avg: 0.1, Max: 0.2, Diff: 0.2, Sum: 1.2]
         [Termination Attempts: Min: 1, Avg: 1110.6, Max: 1399, Diff: 1398, Sum: 8885]
      [GC Worker Other (ms): Min: 0.0, Avg: 0.0, Max: 0.1, Diff: 0.1, Sum: 0.3]
      [GC Worker Total (ms): Min: 185.2, Avg: 185.2, Max: 185.3, Diff: 0.1, Sum: 1482.0]
      [GC Worker End (ms): Min: 84828.5, Avg: 84828.5, Max: 84828.5, Diff: 0.1]
   [Code Root Fixup: 0.0 ms]
   [Code Root Purge: 0.0 ms]
   [Clear CT: 0.2 ms]
   [Other: 1.0 ms]
      [Choose CSet: 0.0 ms]
      [Ref Proc: 0.2 ms]
      [Ref Enq: 0.0 ms]
      [Redirty Cards: 0.3 ms]
      [Humongous Register: 0.0 ms]
      [Humongous Reclaim: 0.0 ms]
      [Free CSet: 0.3 ms]
   [Eden: 310.0M(310.0M)->0.0B(295.0M) Survivors: 46.0M->45.0M Heap: 1145.6M(2048.0M)->1147.6M(2048.0M)]
 [Times: user=1.45 sys=0.02, real=0.19 secs] 
2020-09-29T11:54:39.378+0200: 84.848: [GC pause (G1 Humongous Allocation) (young) (initial-mark), 0.0548512 secs]
   [Parallel Time: 54.0 ms, GC Workers: 8]
      [GC Worker Start (ms): Min: 84848.0, Avg: 84848.0, Max: 84848.1, Diff: 0.2]
      [Ext Root Scanning (ms): Min: 0.0, Avg: 0.1, Max: 0.2, Diff: 0.2, Sum: 1.0]
      [Update RS (ms): Min: 23.8, Avg: 24.1, Max: 24.5, Diff: 0.7, Sum: 192.8]
         [Processed Buffers: Min: 29, Avg: 29.8, Max: 31, Diff: 2, Sum: 238]
      [Scan RS (ms): Min: 2.5, Avg: 3.0, Max: 3.5, Diff: 1.0, Sum: 23.6]
      [Code Root Scanning (ms): Min: 0.0, Avg: 0.0, Max: 0.0, Diff: 0.0, Sum: 0.0]
      [Object Copy (ms): Min: 26.0, Avg: 26.6, Max: 26.7, Diff: 0.7, Sum: 212.9]
      [Termination (ms): Min: 0.0, Avg: 0.0, Max: 0.0, Diff: 0.0, Sum: 0.1]
         [Termination Attempts: Min: 1, Avg: 49.9, Max: 64, Diff: 63, Sum: 399]
      [GC Worker Other (ms): Min: 0.0, Avg: 0.0, Max: 0.0, Diff: 0.0, Sum: 0.1]
      [GC Worker Total (ms): Min: 53.7, Avg: 53.8, Max: 53.9, Diff: 0.2, Sum: 430.6]
      [GC Worker End (ms): Min: 84901.9, Avg: 84901.9, Max: 84901.9, Diff: 0.0]
   [Code Root Fixup: 0.0 ms]
   [Code Root Purge: 0.0 ms]
   [Clear CT: 0.1 ms]
   [Other: 0.7 ms]
      [Choose CSet: 0.0 ms]
      [Ref Proc: 0.2 ms]
      [Ref Enq: 0.0 ms]
      [Redirty Cards: 0.1 ms]
      [Humongous Register: 0.1 ms]
      [Humongous Reclaim: 0.0 ms]
      [Free CSet: 0.1 ms]
   [Eden: 5120.0K(295.0M)->0.0B(311.0M) Survivors: 45.0M->7168.0K Heap: 1152.6M(2048.0M)->1156.1M(2048.0M)]
 [Times: user=0.45 sys=0.00, real=0.06 secs] 
2020-09-29T11:54:39.433+0200: 84.903: [GC concurrent-root-region-scan-start]
2020-09-29T11:54:39.434+0200: 84.905: [GC concurrent-root-region-scan-end, 0.0017231 secs]
2020-09-29T11:54:39.435+0200: 84.905: [GC concurrent-mark-start]
2020-09-29T11:54:39.438+0200: 84.908: [GC concurrent-mark-end, 0.0031062 secs]
2020-09-29T11:54:39.438+0200: 84.908: [GC remark 2020-09-29T11:54:39.438+0200: 84.908: [Finalize Marking, 0.0005649 secs] 2020-09-29T11:54:39.438+0200: 84.908: [GC ref-proc, 0.0003164 secs] 2020-09-29T11:54:39.439+0200: 84.909: [Unloading, 0.0009832 secs], 0.0038638 secs]
 [Times: user=0.09 sys=0.00, real=0.00 secs] 
2020-09-29T11:54:39.442+0200: 84.912: [GC cleanup 1167M->29M(2048M), 0.0017319 secs]
 [Times: user=0.00 sys=0.00, real=0.00 secs] 
2020-09-29T11:54:39.444+0200: 84.914: [GC concurrent-cleanup-start]
2020-09-29T11:54:39.446+0200: 84.916: [GC concurrent-cleanup-end, 0.0020778 secs]
2020-09-29T11:54:39.603+0200: 85.073: [GC pause (G1 Evacuation Pause) (young), 0.1417441 secs]
   [Parallel Time: 140.6 ms, GC Workers: 8]
      [GC Worker Start (ms): Min: 85073.2, Avg: 85073.3, Max: 85073.4, Diff: 0.2]
      [Ext Root Scanning (ms): Min: 0.0, Avg: 0.1, Max: 0.1, Diff: 0.1, Sum: 0.4]
      [Update RS (ms): Min: 10.5, Avg: 10.5, Max: 10.6, Diff: 0.1, Sum: 84.2]
         [Processed Buffers: Min: 12, Avg: 13.5, Max: 16, Diff: 4, Sum: 108]
      [Scan RS (ms): Min: 15.9, Avg: 16.0, Max: 16.2, Diff: 0.2, Sum: 128.1]
      [Code Root Scanning (ms): Min: 0.0, Avg: 0.0, Max: 0.0, Diff: 0.0, Sum: 0.0]
      [Object Copy (ms): Min: 113.6, Avg: 113.7, Max: 113.8, Diff: 0.2, Sum: 909.9]
      [Termination (ms): Min: 0.0, Avg: 0.0, Max: 0.0, Diff: 0.0, Sum: 0.2]
         [Termination Attempts: Min: 1, Avg: 137.1, Max: 181, Diff: 180, Sum: 1097]
      [GC Worker Other (ms): Min: 0.0, Avg: 0.1, Max: 0.1, Diff: 0.1, Sum: 0.4]
      [GC Worker Total (ms): Min: 140.3, Avg: 140.4, Max: 140.5, Diff: 0.2, Sum: 1123.2]
      [GC Worker End (ms): Min: 85213.6, Avg: 85213.7, Max: 85213.7, Diff: 0.1]
   [Code Root Fixup: 0.0 ms]
   [Code Root Purge: 0.0 ms]
   [Clear CT: 0.2 ms]
   [Other: 0.9 ms]
      [Choose CSet: 0.0 ms]
      [Ref Proc: 0.2 ms]
      [Ref Enq: 0.0 ms]
      [Redirty Cards: 0.3 ms]
      [Humongous Register: 0.0 ms]
      [Humongous Reclaim: 0.0 ms]
      [Free CSet: 0.2 ms]
   [Eden: 311.0M(311.0M)->0.0B(302.0M) Survivors: 7168.0K->40.0M Heap: 382.9M(2048.0M)->377.9M(2048.0M)]
 [Times: user=1.11 sys=0.02, real=0.14 secs] 
2020-09-29T11:54:39.910+0200: 85.380: [GC pause (G1 Evacuation Pause) (young), 0.1583309 secs]
   [Parallel Time: 157.2 ms, GC Workers: 8]
      [GC Worker Start (ms): Min: 85379.7, Avg: 85379.8, Max: 85379.9, Diff: 0.1]
      [Ext Root Scanning (ms): Min: 0.0, Avg: 0.1, Max: 0.1, Diff: 0.1, Sum: 0.6]
      [Update RS (ms): Min: 12.2, Avg: 12.4, Max: 12.7, Diff: 0.5, Sum: 99.4]
         [Processed Buffers: Min: 13, Avg: 15.1, Max: 17, Diff: 4, Sum: 121]
      [Scan RS (ms): Min: 17.9, Avg: 18.2, Max: 18.4, Diff: 0.5, Sum: 145.4]
      [Code Root Scanning (ms): Min: 0.0, Avg: 0.0, Max: 0.0, Diff: 0.0, Sum: 0.0]
      [Object Copy (ms): Min: 126.1, Avg: 126.2, Max: 126.3, Diff: 0.2, Sum: 1009.6]
      [Termination (ms): Min: 0.0, Avg: 0.0, Max: 0.1, Diff: 0.1, Sum: 0.3]
         [Termination Attempts: Min: 1, Avg: 192.3, Max: 258, Diff: 257, Sum: 1538]
      [GC Worker Other (ms): Min: 0.0, Avg: 0.0, Max: 0.1, Diff: 0.0, Sum: 0.3]
      [GC Worker Total (ms): Min: 156.9, Avg: 156.9, Max: 157.0, Diff: 0.1, Sum: 1255.6]
      [GC Worker End (ms): Min: 85536.7, Avg: 85536.8, Max: 85536.8, Diff: 0.0]
   [Code Root Fixup: 0.0 ms]
   [Code Root Purge: 0.0 ms]
   [Clear CT: 0.2 ms]
   [Other: 1.0 ms]
      [Choose CSet: 0.0 ms]
      [Ref Proc: 0.2 ms]
      [Ref Enq: 0.0 ms]
      [Redirty Cards: 0.2 ms]
      [Humongous Register: 0.0 ms]
      [Humongous Reclaim: 0.0 ms]
      [Free CSet: 0.3 ms]
   [Eden: 302.0M(302.0M)->0.0B(306.0M) Survivors: 40.0M->43.0M Heap: 729.5M(2048.0M)->732.0M(2048.0M)]
 [Times: user=1.38 sys=0.00, real=0.16 secs] 
2020-09-29T11:54:40.230+0200: 85.700: [GC pause (G1 Evacuation Pause) (young), 0.1643054 secs]
   [Parallel Time: 163.2 ms, GC Workers: 8]
      [GC Worker Start (ms): Min: 85700.0, Avg: 85700.0, Max: 85700.1, Diff: 0.1]
      [Ext Root Scanning (ms): Min: 0.0, Avg: 0.1, Max: 0.1, Diff: 0.1, Sum: 0.5]
      [Update RS (ms): Min: 12.9, Avg: 13.1, Max: 13.3, Diff: 0.4, Sum: 104.5]
         [Processed Buffers: Min: 15, Avg: 16.5, Max: 19, Diff: 4, Sum: 132]
      [Scan RS (ms): Min: 18.0, Avg: 18.3, Max: 18.6, Diff: 0.6, Sum: 146.3]
      [Code Root Scanning (ms): Min: 0.0, Avg: 0.0, Max: 0.0, Diff: 0.0, Sum: 0.0]
      [Object Copy (ms): Min: 131.4, Avg: 131.6, Max: 131.6, Diff: 0.3, Sum: 1052.4]
      [Termination (ms): Min: 0.0, Avg: 0.0, Max: 0.0, Diff: 0.0, Sum: 0.1]
         [Termination Attempts: Min: 1, Avg: 77.0, Max: 100, Diff: 99, Sum: 616]
      [GC Worker Other (ms): Min: 0.0, Avg: 0.0, Max: 0.1, Diff: 0.1, Sum: 0.3]
      [GC Worker Total (ms): Min: 163.0, Avg: 163.0, Max: 163.1, Diff: 0.1, Sum: 1304.2]
      [GC Worker End (ms): Min: 85863.0, Avg: 85863.0, Max: 85863.1, Diff: 0.1]
   [Code Root Fixup: 0.0 ms]
   [Code Root Purge: 0.0 ms]
   [Clear CT: 0.2 ms]
   [Other: 0.9 ms]
      [Choose CSet: 0.0 ms]
      [Ref Proc: 0.2 ms]
      [Ref Enq: 0.0 ms]
      [Redirty Cards: 0.2 ms]
      [Humongous Register: 0.0 ms]
      [Humongous Reclaim: 0.0 ms]
      [Free CSet: 0.3 ms]
   [Eden: 306.0M(306.0M)->0.0B(310.0M) Survivors: 43.0M->44.0M Heap: 1089.5M(2048.0M)->1091.5M(2048.0M)]
 [Times: user=1.25 sys=0.00, real=0.17 secs] 
2020-09-29T11:54:40.417+0200: 85.888: [GC pause (G1 Humongous Allocation) (young) (initial-mark), 0.0573137 secs]
   [Parallel Time: 56.5 ms, GC Workers: 8]
      [GC Worker Start (ms): Min: 85887.9, Avg: 85888.0, Max: 85888.0, Diff: 0.1]
      [Ext Root Scanning (ms): Min: 0.0, Avg: 0.1, Max: 0.1, Diff: 0.1, Sum: 0.7]
      [Update RS (ms): Min: 29.7, Avg: 29.9, Max: 30.2, Diff: 0.5, Sum: 239.4]
         [Processed Buffers: Min: 36, Avg: 37.1, Max: 39, Diff: 3, Sum: 297]
      [Scan RS (ms): Min: 2.4, Avg: 2.7, Max: 2.9, Diff: 0.5, Sum: 21.4]
      [Code Root Scanning (ms): Min: 0.0, Avg: 0.0, Max: 0.0, Diff: 0.0, Sum: 0.0]
      [Object Copy (ms): Min: 23.6, Avg: 23.6, Max: 23.7, Diff: 0.1, Sum: 188.9]
      [Termination (ms): Min: 0.0, Avg: 0.1, Max: 0.1, Diff: 0.1, Sum: 0.6]
         [Termination Attempts: Min: 1, Avg: 532.5, Max: 691, Diff: 690, Sum: 4260]
      [GC Worker Other (ms): Min: 0.0, Avg: 0.0, Max: 0.0, Diff: 0.0, Sum: 0.2]
      [GC Worker Total (ms): Min: 56.3, Avg: 56.4, Max: 56.5, Diff: 0.1, Sum: 451.1]
      [GC Worker End (ms): Min: 85944.4, Avg: 85944.4, Max: 85944.4, Diff: 0.0]
   [Code Root Fixup: 0.0 ms]
   [Code Root Purge: 0.0 ms]
   [Clear CT: 0.1 ms]
   [Other: 0.6 ms]
      [Choose CSet: 0.0 ms]
      [Ref Proc: 0.2 ms]
      [Ref Enq: 0.0 ms]
      [Redirty Cards: 0.1 ms]
      [Humongous Register: 0.0 ms]
      [Humongous Reclaim: 0.0 ms]
      [Free CSet: 0.1 ms]
   [Eden: 9216.0K(310.0M)->0.0B(340.0M) Survivors: 44.0M->10.0M Heap: 1100.0M(2048.0M)->1103.5M(2048.0M)]
 [Times: user=0.50 sys=0.00, real=0.06 secs] 
2020-09-29T11:54:40.475+0200: 85.945: [GC concurrent-root-region-scan-start]
2020-09-29T11:54:40.477+0200: 85.947: [GC concurrent-root-region-scan-end, 0.0018750 secs]
2020-09-29T11:54:40.477+0200: 85.947: [GC concurrent-mark-start]
2020-09-29T11:54:40.479+0200: 85.950: [GC concurrent-mark-end, 0.0024961 secs]
2020-09-29T11:54:40.479+0200: 85.950: [GC remark 2020-09-29T11:54:40.479+0200: 85.950: [Finalize Marking, 0.0001927 secs] 2020-09-29T11:54:40.479+0200: 85.950: [GC ref-proc, 0.0002780 secs] 2020-09-29T11:54:40.480+0200: 85.950: [Unloading, 0.0003883 secs], 0.0011531 secs]
 [Times: user=0.00 sys=0.00, real=0.00 secs] 
2020-09-29T11:54:40.481+0200: 85.951: [GC cleanup 1114M->32M(2048M), 0.0012533 secs]
 [Times: user=0.00 sys=0.00, real=0.00 secs] 
2020-09-29T11:54:40.482+0200: 85.953: [GC concurrent-cleanup-start]
2020-09-29T11:54:40.483+0200: 85.954: [GC concurrent-cleanup-end, 0.0012655 secs]
2020-09-29T11:54:40.653+0200: 86.122: [GC pause (G1 Evacuation Pause) (young), 0.1567791 secs]
   [Parallel Time: 155.2 ms, GC Workers: 8]
      [GC Worker Start (ms): Min: 86122.5, Avg: 86122.6, Max: 86122.7, Diff: 0.2]
      [Ext Root Scanning (ms): Min: 0.0, Avg: 0.1, Max: 0.2, Diff: 0.2, Sum: 0.4]
      [Update RS (ms): Min: 13.3, Avg: 13.6, Max: 13.8, Diff: 0.5, Sum: 108.4]
         [Processed Buffers: Min: 15, Avg: 16.3, Max: 17, Diff: 2, Sum: 130]
      [Scan RS (ms): Min: 17.0, Avg: 17.3, Max: 17.5, Diff: 0.5, Sum: 138.2]
      [Code Root Scanning (ms): Min: 0.0, Avg: 0.0, Max: 0.0, Diff: 0.0, Sum: 0.0]
      [Object Copy (ms): Min: 123.9, Avg: 124.0, Max: 124.0, Diff: 0.1, Sum: 992.0]
      [Termination (ms): Min: 0.0, Avg: 0.1, Max: 0.1, Diff: 0.1, Sum: 0.5]
         [Termination Attempts: Min: 1, Avg: 133.8, Max: 182, Diff: 181, Sum: 1070]
      [GC Worker Other (ms): Min: 0.0, Avg: 0.0, Max: 0.0, Diff: 0.0, Sum: 0.1]
      [GC Worker Total (ms): Min: 154.9, Avg: 155.0, Max: 155.1, Diff: 0.2, Sum: 1239.6]
      [GC Worker End (ms): Min: 86277.5, Avg: 86277.6, Max: 86277.6, Diff: 0.0]
   [Code Root Fixup: 0.0 ms]
   [Code Root Purge: 0.0 ms]
   [Clear CT: 0.5 ms]
   [Other: 1.1 ms]
      [Choose CSet: 0.0 ms]
      [Ref Proc: 0.2 ms]
      [Ref Enq: 0.0 ms]
      [Redirty Cards: 0.3 ms]
      [Humongous Register: 0.0 ms]
      [Humongous Reclaim: 0.0 ms]
      [Free CSet: 0.3 ms]
   [Eden: 340.0M(340.0M)->0.0B(322.0M) Survivors: 10.0M->44.0M Heap: 418.7M(2048.0M)->411.2M(2048.0M)]
 [Times: user=1.24 sys=0.02, real=0.16 secs] 
2020-09-29T11:54:40.976+0200: 86.446: [GC pause (G1 Evacuation Pause) (young), 0.1741945 secs]
   [Parallel Time: 172.2 ms, GC Workers: 8]
      [GC Worker Start (ms): Min: 86445.9, Avg: 86446.0, Max: 86446.1, Diff: 0.2]
      [Ext Root Scanning (ms): Min: 0.0, Avg: 0.0, Max: 0.2, Diff: 0.2, Sum: 0.4]
      [Update RS (ms): Min: 14.5, Avg: 14.7, Max: 15.2, Diff: 0.7, Sum: 117.9]
         [Processed Buffers: Min: 15, Avg: 16.5, Max: 18, Diff: 3, Sum: 132]
      [Scan RS (ms): Min: 20.5, Avg: 20.9, Max: 21.1, Diff: 0.6, Sum: 167.4]
      [Code Root Scanning (ms): Min: 0.0, Avg: 0.0, Max: 0.0, Diff: 0.0, Sum: 0.0]
      [Object Copy (ms): Min: 136.1, Avg: 136.2, Max: 136.2, Diff: 0.1, Sum: 1089.3]
      [Termination (ms): Min: 0.0, Avg: 0.0, Max: 0.0, Diff: 0.0, Sum: 0.1]
         [Termination Attempts: Min: 1, Avg: 91.4, Max: 140, Diff: 139, Sum: 731]
      [GC Worker Other (ms): Min: 0.0, Avg: 0.0, Max: 0.1, Diff: 0.1, Sum: 0.3]
      [GC Worker Total (ms): Min: 171.8, Avg: 171.9, Max: 172.0, Diff: 0.2, Sum: 1375.5]
      [GC Worker End (ms): Min: 86617.9, Avg: 86617.9, Max: 86618.0, Diff: 0.1]
   [Code Root Fixup: 0.0 ms]
   [Code Root Purge: 0.0 ms]
   [Clear CT: 0.9 ms]
   [Other: 1.1 ms]
      [Choose CSet: 0.0 ms]
      [Ref Proc: 0.2 ms]
      [Ref Enq: 0.0 ms]
      [Redirty Cards: 0.3 ms]
      [Humongous Register: 0.0 ms]
      [Humongous Reclaim: 0.0 ms]
      [Free CSet: 0.3 ms]
   [Eden: 322.0M(322.0M)->0.0B(313.0M) Survivors: 44.0M->46.0M Heap: 786.6M(2048.0M)->788.6M(2048.0M)]
 [Times: user=1.36 sys=0.01, real=0.17 secs] 
2020-09-29T11:54:41.311+0200: 86.781: [GC pause (G1 Evacuation Pause) (young), 0.1705061 secs]
   [Parallel Time: 169.4 ms, GC Workers: 8]
      [GC Worker Start (ms): Min: 86781.6, Avg: 86781.7, Max: 86781.7, Diff: 0.1]
      [Ext Root Scanning (ms): Min: 0.0, Avg: 0.1, Max: 0.1, Diff: 0.1, Sum: 0.5]
      [Update RS (ms): Min: 16.0, Avg: 16.0, Max: 16.2, Diff: 0.2, Sum: 128.3]
         [Processed Buffers: Min: 18, Avg: 20.0, Max: 22, Diff: 4, Sum: 160]
      [Scan RS (ms): Min: 17.5, Avg: 17.8, Max: 17.9, Diff: 0.4, Sum: 142.0]
      [Code Root Scanning (ms): Min: 0.0, Avg: 0.0, Max: 0.0, Diff: 0.0, Sum: 0.0]
      [Object Copy (ms): Min: 135.3, Avg: 135.4, Max: 135.5, Diff: 0.2, Sum: 1083.0]
      [Termination (ms): Min: 0.0, Avg: 0.0, Max: 0.0, Diff: 0.0, Sum: 0.1]
         [Termination Attempts: Min: 1, Avg: 52.8, Max: 69, Diff: 68, Sum: 422]
      [GC Worker Other (ms): Min: 0.0, Avg: 0.0, Max: 0.1, Diff: 0.0, Sum: 0.3]
      [GC Worker Total (ms): Min: 169.2, Avg: 169.3, Max: 169.3, Diff: 0.2, Sum: 1354.2]
      [GC Worker End (ms): Min: 86950.9, Avg: 86951.0, Max: 86951.0, Diff: 0.0]
   [Code Root Fixup: 0.0 ms]
   [Code Root Purge: 0.0 ms]
   [Clear CT: 0.2 ms]
   [Other: 0.9 ms]
      [Choose CSet: 0.0 ms]
      [Ref Proc: 0.2 ms]
      [Ref Enq: 0.0 ms]
      [Redirty Cards: 0.2 ms]
      [Humongous Register: 0.0 ms]
      [Humongous Reclaim: 0.0 ms]
      [Free CSet: 0.2 ms]
   [Eden: 313.0M(313.0M)->0.0B(317.0M) Survivors: 46.0M->45.0M Heap: 1155.0M(2048.0M)->1157.5M(2048.0M)]
 [Times: user=1.38 sys=0.00, real=0.17 secs] 
2020-09-29T11:54:41.498+0200: 86.968: [GC pause (G1 Humongous Allocation) (young) (initial-mark), 0.0586694 secs]
   [Parallel Time: 57.8 ms, GC Workers: 8]
      [GC Worker Start (ms): Min: 86968.0, Avg: 86968.2, Max: 86968.2, Diff: 0.2]
      [Ext Root Scanning (ms): Min: 0.0, Avg: 0.2, Max: 0.3, Diff: 0.3, Sum: 1.5]
      [Update RS (ms): Min: 29.5, Avg: 29.7, Max: 29.9, Diff: 0.4, Sum: 237.9]
         [Processed Buffers: Min: 35, Avg: 35.9, Max: 38, Diff: 3, Sum: 287]
      [Scan RS (ms): Min: 3.2, Avg: 3.3, Max: 3.4, Diff: 0.2, Sum: 26.5]
      [Code Root Scanning (ms): Min: 0.0, Avg: 0.0, Max: 0.0, Diff: 0.0, Sum: 0.0]
      [Object Copy (ms): Min: 24.1, Avg: 24.3, Max: 24.4, Diff: 0.3, Sum: 194.3]
      [Termination (ms): Min: 0.0, Avg: 0.0, Max: 0.0, Diff: 0.0, Sum: 0.0]
         [Termination Attempts: Min: 1, Avg: 25.0, Max: 35, Diff: 34, Sum: 200]
      [GC Worker Other (ms): Min: 0.0, Avg: 0.0, Max: 0.0, Diff: 0.0, Sum: 0.1]
      [GC Worker Total (ms): Min: 57.5, Avg: 57.6, Max: 57.7, Diff: 0.2, Sum: 460.4]
      [GC Worker End (ms): Min: 87025.7, Avg: 87025.7, Max: 87025.7, Diff: 0.0]
   [Code Root Fixup: 0.0 ms]
   [Code Root Purge: 0.0 ms]
   [Clear CT: 0.2 ms]
   [Other: 0.7 ms]
      [Choose CSet: 0.0 ms]
      [Ref Proc: 0.2 ms]
      [Ref Enq: 0.0 ms]
      [Redirty Cards: 0.1 ms]
      [Humongous Register: 0.0 ms]
      [Humongous Reclaim: 0.0 ms]
      [Free CSet: 0.1 ms]
   [Eden: 10.0M(317.0M)->0.0B(331.0M) Survivors: 45.0M->11.0M Heap: 1167.0M(2048.0M)->1171.5M(2048.0M)]
 [Times: user=0.50 sys=0.00, real=0.06 secs] 
2020-09-29T11:54:41.557+0200: 87.027: [GC concurrent-root-region-scan-start]
2020-09-29T11:54:41.559+0200: 87.029: [GC concurrent-root-region-scan-end, 0.0024042 secs]
2020-09-29T11:54:41.559+0200: 87.029: [GC concurrent-mark-start]
2020-09-29T11:54:41.562+0200: 87.032: [GC concurrent-mark-end, 0.0028851 secs]
2020-09-29T11:54:41.562+0200: 87.032: [GC remark 2020-09-29T11:54:41.562+0200: 87.032: [Finalize Marking, 0.0002074 secs] 2020-09-29T11:54:41.562+0200: 87.032: [GC ref-proc, 0.0003133 secs] 2020-09-29T11:54:41.563+0200: 87.033: [Unloading, 0.0004708 secs], 0.0013267 secs]
 [Times: user=0.00 sys=0.00, real=0.00 secs] 
2020-09-29T11:54:41.564+0200: 87.034: [GC cleanup 1184M->35M(2048M), 0.0014769 secs]
 [Times: user=0.00 sys=0.00, real=0.00 secs] 
2020-09-29T11:54:41.565+0200: 87.035: [GC concurrent-cleanup-start]
2020-09-29T11:54:41.568+0200: 87.038: [GC concurrent-cleanup-end, 0.0027084 secs]
2020-09-29T11:54:41.731+0200: 87.201: [GC pause (G1 Evacuation Pause) (young), 0.1599671 secs]
   [Parallel Time: 158.7 ms, GC Workers: 8]
      [GC Worker Start (ms): Min: 87201.2, Avg: 87201.3, Max: 87201.4, Diff: 0.2]
      [Ext Root Scanning (ms): Min: 0.0, Avg: 0.1, Max: 0.1, Diff: 0.1, Sum: 0.5]
      [Update RS (ms): Min: 15.9, Avg: 16.2, Max: 16.4, Diff: 0.6, Sum: 129.5]
         [Processed Buffers: Min: 17, Avg: 18.5, Max: 20, Diff: 3, Sum: 148]
      [Scan RS (ms): Min: 15.5, Avg: 15.8, Max: 16.1, Diff: 0.6, Sum: 126.2]
      [Code Root Scanning (ms): Min: 0.0, Avg: 0.0, Max: 0.0, Diff: 0.0, Sum: 0.0]
      [Object Copy (ms): Min: 126.3, Avg: 126.4, Max: 126.5, Diff: 0.2, Sum: 1011.3]
      [Termination (ms): Min: 0.0, Avg: 0.0, Max: 0.0, Diff: 0.0, Sum: 0.1]
         [Termination Attempts: Min: 1, Avg: 45.8, Max: 68, Diff: 67, Sum: 366]
      [GC Worker Other (ms): Min: 0.0, Avg: 0.0, Max: 0.1, Diff: 0.1, Sum: 0.4]
      [GC Worker Total (ms): Min: 158.4, Avg: 158.5, Max: 158.5, Diff: 0.1, Sum: 1267.9]
      [GC Worker End (ms): Min: 87359.8, Avg: 87359.8, Max: 87359.8, Diff: 0.1]
   [Code Root Fixup: 0.0 ms]
   [Code Root Purge: 0.0 ms]
   [Clear CT: 0.2 ms]
   [Other: 1.1 ms]
      [Choose CSet: 0.0 ms]
      [Ref Proc: 0.2 ms]
      [Ref Enq: 0.0 ms]
      [Redirty Cards: 0.4 ms]
      [Humongous Register: 0.0 ms]
      [Humongous Reclaim: 0.0 ms]
      [Free CSet: 0.2 ms]
   [Eden: 331.0M(331.0M)->0.0B(325.0M) Survivors: 11.0M->43.0M Heap: 409.3M(2048.0M)->400.3M(2048.0M)]
 [Times: user=1.23 sys=0.00, real=0.16 secs] 
2020-09-29T11:54:42.060+0200: 87.530: [GC pause (G1 Evacuation Pause) (young), 0.2030692 secs]
   [Parallel Time: 201.6 ms, GC Workers: 8]
      [GC Worker Start (ms): Min: 87530.3, Avg: 87530.5, Max: 87530.5, Diff: 0.2]
      [Ext Root Scanning (ms): Min: 0.0, Avg: 0.0, Max: 0.1, Diff: 0.1, Sum: 0.4]
      [Update RS (ms): Min: 16.8, Avg: 16.8, Max: 16.9, Diff: 0.1, Sum: 134.7]
         [Processed Buffers: Min: 18, Avg: 19.8, Max: 22, Diff: 4, Sum: 158]
      [Scan RS (ms): Min: 18.9, Avg: 19.0, Max: 19.1, Diff: 0.1, Sum: 151.8]
      [Code Root Scanning (ms): Min: 0.0, Avg: 0.0, Max: 0.0, Diff: 0.0, Sum: 0.0]
      [Object Copy (ms): Min: 164.8, Avg: 165.0, Max: 165.5, Diff: 0.7, Sum: 1320.0]
      [Termination (ms): Min: 0.0, Avg: 0.4, Max: 0.5, Diff: 0.5, Sum: 3.4]
         [Termination Attempts: Min: 1, Avg: 3159.9, Max: 3873, Diff: 3872, Sum: 25279]
      [GC Worker Other (ms): Min: 0.0, Avg: 0.1, Max: 0.1, Diff: 0.1, Sum: 0.5]
      [GC Worker Total (ms): Min: 201.3, Avg: 201.4, Max: 201.5, Diff: 0.2, Sum: 1610.9]
      [GC Worker End (ms): Min: 87731.8, Avg: 87731.8, Max: 87731.9, Diff: 0.1]
   [Code Root Fixup: 0.0 ms]
   [Code Root Purge: 0.0 ms]
   [Clear CT: 0.2 ms]
   [Other: 1.2 ms]
      [Choose CSet: 0.0 ms]
      [Ref Proc: 0.2 ms]
      [Ref Enq: 0.0 ms]
      [Redirty Cards: 0.5 ms]
      [Humongous Register: 0.0 ms]
      [Humongous Reclaim: 0.0 ms]
      [Free CSet: 0.3 ms]
   [Eden: 325.0M(325.0M)->0.0B(295.0M) Survivors: 43.0M->46.0M Heap: 780.6M(2048.0M)->782.1M(2048.0M)]
 [Times: user=1.61 sys=0.00, real=0.20 secs] 
2020-09-29T11:54:42.426+0200: 87.896: [GC pause (G1 Evacuation Pause) (young), 0.1732919 secs]
   [Parallel Time: 172.2 ms, GC Workers: 8]
      [GC Worker Start (ms): Min: 87896.5, Avg: 87896.6, Max: 87896.7, Diff: 0.2]
      [Ext Root Scanning (ms): Min: 0.0, Avg: 0.1, Max: 0.1, Diff: 0.1, Sum: 0.5]
      [Update RS (ms): Min: 20.2, Avg: 20.3, Max: 20.9, Diff: 0.7, Sum: 162.5]
         [Processed Buffers: Min: 20, Avg: 22.4, Max: 25, Diff: 5, Sum: 179]
      [Scan RS (ms): Min: 20.5, Avg: 21.1, Max: 21.3, Diff: 0.8, Sum: 168.8]
      [Code Root Scanning (ms): Min: 0.0, Avg: 0.0, Max: 0.0, Diff: 0.0, Sum: 0.0]
      [Object Copy (ms): Min: 130.3, Avg: 130.4, Max: 130.4, Diff: 0.1, Sum: 1042.8]
      [Termination (ms): Min: 0.0, Avg: 0.0, Max: 0.0, Diff: 0.0, Sum: 0.2]
         [Termination Attempts: Min: 1, Avg: 173.8, Max: 217, Diff: 216, Sum: 1390]
      [GC Worker Other (ms): Min: 0.0, Avg: 0.1, Max: 0.1, Diff: 0.1, Sum: 0.5]
      [GC Worker Total (ms): Min: 171.8, Avg: 171.9, Max: 172.0, Diff: 0.2, Sum: 1375.3]
      [GC Worker End (ms): Min: 88068.5, Avg: 88068.5, Max: 88068.6, Diff: 0.1]
   [Code Root Fixup: 0.0 ms]
   [Code Root Purge: 0.0 ms]
   [Clear CT: 0.2 ms]
   [Other: 0.9 ms]
      [Choose CSet: 0.0 ms]
      [Ref Proc: 0.2 ms]
      [Ref Enq: 0.0 ms]
      [Redirty Cards: 0.3 ms]
      [Humongous Register: 0.0 ms]
      [Humongous Reclaim: 0.0 ms]
      [Free CSet: 0.3 ms]
   [Eden: 295.0M(295.0M)->0.0B(290.0M) Survivors: 46.0M->43.0M Heap: 1126.7M(2048.0M)->1128.7M(2048.0M)]
 [Times: user=1.31 sys=0.09, real=0.17 secs] 
2020-09-29T11:54:42.613+0200: 88.083: [GC pause (G1 Humongous Allocation) (young) (initial-mark), 0.0728700 secs]
   [Parallel Time: 72.0 ms, GC Workers: 8]
      [GC Worker Start (ms): Min: 88083.0, Avg: 88083.1, Max: 88083.1, Diff: 0.1]
      [Ext Root Scanning (ms): Min: 0.0, Avg: 4.0, Max: 19.5, Diff: 19.5, Sum: 31.8]
      [Update RS (ms): Min: 17.7, Avg: 33.3, Max: 37.6, Diff: 19.9, Sum: 266.1]
         [Processed Buffers: Min: 21, Avg: 37.4, Max: 48, Diff: 27, Sum: 299]
      [Scan RS (ms): Min: 2.2, Avg: 2.7, Max: 2.9, Diff: 0.6, Sum: 21.8]
      [Code Root Scanning (ms): Min: 0.0, Avg: 0.0, Max: 0.0, Diff: 0.0, Sum: 0.0]
      [Object Copy (ms): Min: 31.6, Avg: 31.7, Max: 31.8, Diff: 0.2, Sum: 253.3]
      [Termination (ms): Min: 0.0, Avg: 0.1, Max: 0.2, Diff: 0.2, Sum: 1.2]
         [Termination Attempts: Min: 1, Avg: 1024.1, Max: 1296, Diff: 1295, Sum: 8193]
      [GC Worker Other (ms): Min: 0.0, Avg: 0.0, Max: 0.1, Diff: 0.1, Sum: 0.3]
      [GC Worker Total (ms): Min: 71.7, Avg: 71.8, Max: 71.9, Diff: 0.2, Sum: 574.5]
      [GC Worker End (ms): Min: 88154.8, Avg: 88154.9, Max: 88154.9, Diff: 0.1]
   [Code Root Fixup: 0.0 ms]
   [Code Root Purge: 0.0 ms]
   [Clear CT: 0.1 ms]
   [Other: 0.8 ms]
      [Choose CSet: 0.0 ms]
      [Ref Proc: 0.2 ms]
      [Ref Enq: 0.0 ms]
      [Redirty Cards: 0.2 ms]
      [Humongous Register: 0.0 ms]
      [Humongous Reclaim: 0.0 ms]
      [Free CSet: 0.1 ms]
   [Eden: 11.0M(290.0M)->0.0B(278.0M) Survivors: 43.0M->13.0M Heap: 1139.2M(2048.0M)->1143.7M(2048.0M)]
 [Times: user=0.55 sys=0.02, real=0.07 secs] 
2020-09-29T11:54:42.686+0200: 88.156: [GC concurrent-root-region-scan-start]
2020-09-29T11:54:42.689+0200: 88.159: [GC concurrent-root-region-scan-end, 0.0027305 secs]
2020-09-29T11:54:42.689+0200: 88.159: [GC concurrent-mark-start]
2020-09-29T11:54:42.691+0200: 88.162: [GC concurrent-mark-end, 0.0029429 secs]
2020-09-29T11:54:42.692+0200: 88.162: [GC remark 2020-09-29T11:54:42.692+0200: 88.162: [Finalize Marking, 0.0001690 secs] 2020-09-29T11:54:42.692+0200: 88.162: [GC ref-proc, 0.0003016 secs] 2020-09-29T11:54:42.692+0200: 88.162: [Unloading, 0.0005006 secs], 0.0013045 secs]
 [Times: user=0.00 sys=0.00, real=0.00 secs] 
2020-09-29T11:54:42.693+0200: 88.164: [GC cleanup 1156M->37M(2048M), 0.0013758 secs]
 [Times: user=0.00 sys=0.00, real=0.00 secs] 
2020-09-29T11:54:42.695+0200: 88.165: [GC concurrent-cleanup-start]
2020-09-29T11:54:42.697+0200: 88.167: [GC concurrent-cleanup-end, 0.0023048 secs]
2020-09-29T11:54:42.838+0200: 88.308: [GC pause (G1 Evacuation Pause) (young), 0.1444227 secs]
   [Parallel Time: 143.0 ms, GC Workers: 8]
      [GC Worker Start (ms): Min: 88307.9, Avg: 88308.0, Max: 88308.1, Diff: 0.2]
      [Ext Root Scanning (ms): Min: 0.0, Avg: 0.1, Max: 0.2, Diff: 0.2, Sum: 0.5]
      [Update RS (ms): Min: 16.6, Avg: 16.8, Max: 17.0, Diff: 0.5, Sum: 134.3]
         [Processed Buffers: Min: 17, Avg: 18.6, Max: 20, Diff: 3, Sum: 149]
      [Scan RS (ms): Min: 16.0, Avg: 16.3, Max: 16.5, Diff: 0.5, Sum: 130.1]
      [Code Root Scanning (ms): Min: 0.0, Avg: 0.0, Max: 0.0, Diff: 0.0, Sum: 0.0]
      [Object Copy (ms): Min: 109.5, Avg: 109.5, Max: 109.7, Diff: 0.2, Sum: 876.3]
      [Termination (ms): Min: 0.0, Avg: 0.1, Max: 0.2, Diff: 0.2, Sum: 1.2]
         [Termination Attempts: Min: 1, Avg: 976.9, Max: 1424, Diff: 1423, Sum: 7815]
      [GC Worker Other (ms): Min: 0.0, Avg: 0.0, Max: 0.1, Diff: 0.0, Sum: 0.3]
      [GC Worker Total (ms): Min: 142.8, Avg: 142.8, Max: 143.0, Diff: 0.2, Sum: 1142.8]
      [GC Worker End (ms): Min: 88450.8, Avg: 88450.8, Max: 88450.9, Diff: 0.0]
   [Code Root Fixup: 0.0 ms]
   [Code Root Purge: 0.0 ms]
   [Clear CT: 0.2 ms]
   [Other: 1.1 ms]
      [Choose CSet: 0.0 ms]
      [Ref Proc: 0.3 ms]
      [Ref Enq: 0.0 ms]
      [Redirty Cards: 0.2 ms]
      [Humongous Register: 0.0 ms]
      [Humongous Reclaim: 0.0 ms]
      [Free CSet: 0.3 ms]
   [Eden: 278.0M(278.0M)->0.0B(274.0M) Survivors: 13.0M->37.0M Heap: 350.2M(2048.0M)->339.7M(2048.0M)]
 [Times: user=1.11 sys=0.01, real=0.14 secs] 
2020-09-29T11:54:43.129+0200: 88.600: [GC pause (G1 Evacuation Pause) (young), 0.1529548 secs]
   [Parallel Time: 151.2 ms, GC Workers: 8]
      [GC Worker Start (ms): Min: 88599.7, Avg: 88599.9, Max: 88599.9, Diff: 0.2]
      [Ext Root Scanning (ms): Min: 0.0, Avg: 0.1, Max: 0.2, Diff: 0.2, Sum: 0.5]
      [Update RS (ms): Min: 17.8, Avg: 17.9, Max: 18.2, Diff: 0.5, Sum: 143.0]
         [Processed Buffers: Min: 18, Avg: 19.8, Max: 23, Diff: 5, Sum: 158]
      [Scan RS (ms): Min: 15.7, Avg: 15.9, Max: 16.2, Diff: 0.5, Sum: 127.4]
      [Code Root Scanning (ms): Min: 0.0, Avg: 0.0, Max: 0.0, Diff: 0.0, Sum: 0.0]
      [Object Copy (ms): Min: 116.6, Avg: 116.8, Max: 116.9, Diff: 0.3, Sum: 934.5]
      [Termination (ms): Min: 0.0, Avg: 0.1, Max: 0.1, Diff: 0.1, Sum: 0.7]
         [Termination Attempts: Min: 1, Avg: 594.1, Max: 798, Diff: 797, Sum: 4753]
      [GC Worker Other (ms): Min: 0.0, Avg: 0.0, Max: 0.1, Diff: 0.1, Sum: 0.3]
      [GC Worker Total (ms): Min: 150.7, Avg: 150.8, Max: 150.9, Diff: 0.2, Sum: 1206.5]
      [GC Worker End (ms): Min: 88750.6, Avg: 88750.7, Max: 88750.7, Diff: 0.1]
   [Code Root Fixup: 0.0 ms]
   [Code Root Purge: 0.0 ms]
   [Clear CT: 0.2 ms]
   [Other: 1.6 ms]
      [Choose CSet: 0.0 ms]
      [Ref Proc: 0.2 ms]
      [Ref Enq: 0.0 ms]
      [Redirty Cards: 0.6 ms]
      [Humongous Register: 0.0 ms]
      [Humongous Reclaim: 0.0 ms]
      [Free CSet: 0.4 ms]
   [Eden: 274.0M(274.0M)->0.0B(283.0M) Survivors: 37.0M->39.0M Heap: 659.5M(2048.0M)->661.5M(2048.0M)]
 [Times: user=1.13 sys=0.02, real=0.15 secs] 
2020-09-29T11:54:43.429+0200: 88.900: [GC pause (G1 Evacuation Pause) (young), 0.1545848 secs]
   [Parallel Time: 153.5 ms, GC Workers: 8]
      [GC Worker Start (ms): Min: 88899.7, Avg: 88899.8, Max: 88899.8, Diff: 0.2]
      [Ext Root Scanning (ms): Min: 0.0, Avg: 0.1, Max: 0.2, Diff: 0.2, Sum: 0.5]
      [Update RS (ms): Min: 16.3, Avg: 16.4, Max: 16.7, Diff: 0.4, Sum: 131.2]
         [Processed Buffers: Min: 18, Avg: 19.1, Max: 21, Diff: 3, Sum: 153]
      [Scan RS (ms): Min: 14.4, Avg: 14.7, Max: 15.6, Diff: 1.2, Sum: 118.0]
      [Code Root Scanning (ms): Min: 0.0, Avg: 0.0, Max: 0.0, Diff: 0.0, Sum: 0.0]
      [Object Copy (ms): Min: 121.2, Avg: 122.0, Max: 122.2, Diff: 1.0, Sum: 976.0]
      [Termination (ms): Min: 0.0, Avg: 0.0, Max: 0.0, Diff: 0.0, Sum: 0.0]
         [Termination Attempts: Min: 1, Avg: 6.4, Max: 11, Diff: 10, Sum: 51]
      [GC Worker Other (ms): Min: 0.0, Avg: 0.1, Max: 0.1, Diff: 0.1, Sum: 0.4]
      [GC Worker Total (ms): Min: 153.2, Avg: 153.3, Max: 153.4, Diff: 0.2, Sum: 1226.1]
      [GC Worker End (ms): Min: 89053.0, Avg: 89053.0, Max: 89053.1, Diff: 0.1]
   [Code Root Fixup: 0.0 ms]
   [Code Root Purge: 0.0 ms]
   [Clear CT: 0.2 ms]
   [Other: 0.9 ms]
      [Choose CSet: 0.0 ms]
      [Ref Proc: 0.2 ms]
      [Ref Enq: 0.0 ms]
      [Redirty Cards: 0.2 ms]
      [Humongous Register: 0.0 ms]
      [Humongous Reclaim: 0.0 ms]
      [Free CSet: 0.2 ms]
   [Eden: 283.0M(283.0M)->0.0B(297.0M) Survivors: 39.0M->41.0M Heap: 990.2M(2048.0M)->992.7M(2048.0M)]
 [Times: user=1.22 sys=0.03, real=0.16 secs] 
2020-09-29T11:54:43.584+0200: 89.055: [GC pause (G1 Humongous Allocation) (young) (initial-mark), 0.0653484 secs]
   [Parallel Time: 64.4 ms, GC Workers: 8]
      [GC Worker Start (ms): Min: 89054.7, Avg: 89054.8, Max: 89054.8, Diff: 0.1]
      [Ext Root Scanning (ms): Min: 0.0, Avg: 0.8, Max: 5.6, Diff: 5.6, Sum: 6.4]
      [Update RS (ms): Min: 38.8, Avg: 43.7, Max: 44.7, Diff: 5.9, Sum: 349.8]
         [Processed Buffers: Min: 50, Avg: 54.8, Max: 57, Diff: 7, Sum: 438]
      [Scan RS (ms): Min: 0.0, Avg: 0.0, Max: 0.1, Diff: 0.1, Sum: 0.2]
      [Code Root Scanning (ms): Min: 0.0, Avg: 0.0, Max: 0.0, Diff: 0.0, Sum: 0.0]
      [Object Copy (ms): Min: 19.4, Avg: 19.7, Max: 19.8, Diff: 0.4, Sum: 157.5]
      [Termination (ms): Min: 0.0, Avg: 0.0, Max: 0.0, Diff: 0.0, Sum: 0.1]
         [Termination Attempts: Min: 1, Avg: 117.8, Max: 158, Diff: 157, Sum: 942]
      [GC Worker Other (ms): Min: 0.0, Avg: 0.0, Max: 0.0, Diff: 0.0, Sum: 0.1]
      [GC Worker Total (ms): Min: 64.2, Avg: 64.3, Max: 64.3, Diff: 0.1, Sum: 514.2]
      [GC Worker End (ms): Min: 89119.0, Avg: 89119.0, Max: 89119.0, Diff: 0.0]
   [Code Root Fixup: 0.0 ms]
   [Code Root Purge: 0.0 ms]
   [Clear CT: 0.2 ms]
   [Other: 0.7 ms]
      [Choose CSet: 0.0 ms]
      [Ref Proc: 0.2 ms]
      [Ref Enq: 0.0 ms]
      [Redirty Cards: 0.2 ms]
      [Humongous Register: 0.0 ms]
      [Humongous Reclaim: 0.0 ms]
      [Free CSet: 0.1 ms]
   [Eden: 1024.0K(297.0M)->0.0B(332.0M) Survivors: 41.0M->2048.0K Heap: 993.2M(2048.0M)->995.7M(2048.0M)]
 [Times: user=0.50 sys=0.00, real=0.07 secs] 
2020-09-29T11:54:43.650+0200: 89.120: [GC concurrent-root-region-scan-start]
2020-09-29T11:54:43.650+0200: 89.120: [GC concurrent-root-region-scan-end, 0.0002689 secs]
2020-09-29T11:54:43.650+0200: 89.120: [GC concurrent-mark-start]
2020-09-29T11:54:43.653+0200: 89.123: [GC concurrent-mark-end, 0.0031856 secs]
2020-09-29T11:54:43.654+0200: 89.124: [GC remark 2020-09-29T11:54:43.654+0200: 89.124: [Finalize Marking, 0.0002077 secs] 2020-09-29T11:54:43.654+0200: 89.124: [GC ref-proc, 0.0003519 secs] 2020-09-29T11:54:43.654+0200: 89.124: [Unloading, 0.0004873 secs], 0.0013271 secs]
 [Times: user=0.00 sys=0.00, real=0.00 secs] 
2020-09-29T11:54:43.655+0200: 89.125: [GC cleanup 1003M->21M(2048M), 0.0010828 secs]
 [Times: user=0.00 sys=0.00, real=0.00 secs] 
2020-09-29T11:54:43.656+0200: 89.126: [GC concurrent-cleanup-start]
2020-09-29T11:54:43.657+0200: 89.128: [GC concurrent-cleanup-end, 0.0010617 secs]
2020-09-29T11:54:43.832+0200: 89.303: [GC pause (G1 Evacuation Pause) (young), 0.1647580 secs]
   [Parallel Time: 163.6 ms, GC Workers: 8]
      [GC Worker Start (ms): Min: 89302.7, Avg: 89302.8, Max: 89302.9, Diff: 0.2]
      [Ext Root Scanning (ms): Min: 0.0, Avg: 0.1, Max: 0.2, Diff: 0.2, Sum: 0.5]
      [Update RS (ms): Min: 18.4, Avg: 18.6, Max: 19.1, Diff: 0.7, Sum: 148.8]
         [Processed Buffers: Min: 17, Avg: 20.1, Max: 23, Diff: 6, Sum: 161]
      [Scan RS (ms): Min: 16.5, Avg: 17.1, Max: 17.3, Diff: 0.7, Sum: 136.7]
      [Code Root Scanning (ms): Min: 0.0, Avg: 0.0, Max: 0.0, Diff: 0.0, Sum: 0.0]
      [Object Copy (ms): Min: 127.5, Avg: 127.5, Max: 127.6, Diff: 0.1, Sum: 1020.1]
      [Termination (ms): Min: 0.0, Avg: 0.1, Max: 0.1, Diff: 0.1, Sum: 0.7]
         [Termination Attempts: Min: 1, Avg: 625.5, Max: 764, Diff: 763, Sum: 5004]
      [GC Worker Other (ms): Min: 0.0, Avg: 0.1, Max: 0.1, Diff: 0.1, Sum: 0.4]
      [GC Worker Total (ms): Min: 163.3, Avg: 163.4, Max: 163.5, Diff: 0.2, Sum: 1307.2]
      [GC Worker End (ms): Min: 89466.2, Avg: 89466.2, Max: 89466.2, Diff: 0.1]
   [Code Root Fixup: 0.0 ms]
   [Code Root Purge: 0.0 ms]
   [Clear CT: 0.2 ms]
   [Other: 0.9 ms]
      [Choose CSet: 0.0 ms]
      [Ref Proc: 0.2 ms]
      [Ref Enq: 0.0 ms]
      [Redirty Cards: 0.3 ms]
      [Humongous Register: 0.0 ms]
      [Humongous Reclaim: 0.0 ms]
      [Free CSet: 0.2 ms]
   [Eden: 332.0M(332.0M)->0.0B(293.0M) Survivors: 2048.0K->42.0M Heap: 402.7M(2048.0M)->403.2M(2048.0M)]
 [Times: user=1.27 sys=0.00, real=0.16 secs] 
2020-09-29T11:54:44.153+0200: 89.623: [GC pause (G1 Evacuation Pause) (young), 0.1602834 secs]
   [Parallel Time: 158.5 ms, GC Workers: 8]
      [GC Worker Start (ms): Min: 89623.0, Avg: 89623.1, Max: 89623.2, Diff: 0.2]
      [Ext Root Scanning (ms): Min: 0.0, Avg: 0.1, Max: 0.1, Diff: 0.1, Sum: 0.5]
      [Update RS (ms): Min: 18.7, Avg: 18.8, Max: 18.9, Diff: 0.3, Sum: 150.6]
         [Processed Buffers: Min: 21, Avg: 22.3, Max: 24, Diff: 3, Sum: 178]
      [Scan RS (ms): Min: 14.1, Avg: 14.3, Max: 14.4, Diff: 0.3, Sum: 114.0]
      [Code Root Scanning (ms): Min: 0.0, Avg: 0.0, Max: 0.0, Diff: 0.0, Sum: 0.0]
      [Object Copy (ms): Min: 124.9, Avg: 125.0, Max: 125.1, Diff: 0.1, Sum: 1000.2]
      [Termination (ms): Min: 0.0, Avg: 0.0, Max: 0.1, Diff: 0.1, Sum: 0.4]
         [Termination Attempts: Min: 1, Avg: 306.4, Max: 437, Diff: 436, Sum: 2451]
      [GC Worker Other (ms): Min: 0.0, Avg: 0.0, Max: 0.1, Diff: 0.1, Sum: 0.4]
      [GC Worker Total (ms): Min: 158.2, Avg: 158.3, Max: 158.4, Diff: 0.2, Sum: 1266.0]
      [GC Worker End (ms): Min: 89781.4, Avg: 89781.4, Max: 89781.4, Diff: 0.1]
   [Code Root Fixup: 0.0 ms]
   [Code Root Purge: 0.0 ms]
   [Clear CT: 0.2 ms]
   [Other: 1.6 ms]
      [Choose CSet: 0.0 ms]
      [Ref Proc: 0.2 ms]
      [Ref Enq: 0.0 ms]
      [Redirty Cards: 0.9 ms]
      [Humongous Register: 0.0 ms]
      [Humongous Reclaim: 0.0 ms]
      [Free CSet: 0.3 ms]
   [Eden: 293.0M(293.0M)->0.0B(297.0M) Survivors: 42.0M->42.0M Heap: 743.9M(2048.0M)->745.9M(2048.0M)]
 [Times: user=1.24 sys=0.02, real=0.16 secs] 
2020-09-29T11:54:44.472+0200: 89.942: [GC pause (G1 Evacuation Pause) (young), 0.1657667 secs]
   [Parallel Time: 164.6 ms, GC Workers: 8]
      [GC Worker Start (ms): Min: 89942.2, Avg: 89942.3, Max: 89942.4, Diff: 0.2]
      [Ext Root Scanning (ms): Min: 0.0, Avg: 0.1, Max: 0.2, Diff: 0.2, Sum: 0.5]
      [Update RS (ms): Min: 23.2, Avg: 23.3, Max: 23.5, Diff: 0.3, Sum: 186.7]
         [Processed Buffers: Min: 25, Avg: 26.4, Max: 27, Diff: 2, Sum: 211]
      [Scan RS (ms): Min: 12.9, Avg: 13.0, Max: 13.2, Diff: 0.3, Sum: 104.3]
      [Code Root Scanning (ms): Min: 0.0, Avg: 0.0, Max: 0.0, Diff: 0.0, Sum: 0.0]
      [Object Copy (ms): Min: 127.5, Avg: 127.5, Max: 127.5, Diff: 0.1, Sum: 1019.9]
      [Termination (ms): Min: 0.0, Avg: 0.0, Max: 0.1, Diff: 0.1, Sum: 0.3]
         [Termination Attempts: Min: 1, Avg: 312.8, Max: 385, Diff: 384, Sum: 2502]
      [GC Worker Other (ms): Min: 0.0, Avg: 0.1, Max: 0.4, Diff: 0.4, Sum: 0.6]
      [GC Worker Total (ms): Min: 163.9, Avg: 164.0, Max: 164.3, Diff: 0.4, Sum: 1312.4]
      [GC Worker End (ms): Min: 90106.3, Avg: 90106.4, Max: 90106.7, Diff: 0.4]
   [Code Root Fixup: 0.0 ms]
   [Code Root Purge: 0.0 ms]
   [Clear CT: 0.2 ms]
   [Other: 1.0 ms]
      [Choose CSet: 0.0 ms]
      [Ref Proc: 0.2 ms]
      [Ref Enq: 0.0 ms]
      [Redirty Cards: 0.3 ms]
      [Humongous Register: 0.0 ms]
      [Humongous Reclaim: 0.0 ms]
      [Free CSet: 0.2 ms]
   [Eden: 297.0M(297.0M)->0.0B(305.0M) Survivors: 42.0M->43.0M Heap: 1092.5M(2048.0M)->1095.0M(2048.0M)]
 [Times: user=1.36 sys=0.02, real=0.17 secs] 
2020-09-29T11:54:44.641+0200: 90.111: [GC pause (G1 Humongous Allocation) (young) (initial-mark), 0.0673323 secs]
   [Parallel Time: 66.3 ms, GC Workers: 8]
      [GC Worker Start (ms): Min: 90110.9, Avg: 90111.0, Max: 90111.0, Diff: 0.1]
      [Ext Root Scanning (ms): Min: 0.0, Avg: 0.1, Max: 0.1, Diff: 0.1, Sum: 0.7]
      [Update RS (ms): Min: 43.7, Avg: 44.0, Max: 44.3, Diff: 0.6, Sum: 352.4]
         [Processed Buffers: Min: 53, Avg: 54.9, Max: 57, Diff: 4, Sum: 439]
      [Scan RS (ms): Min: 0.0, Avg: 0.1, Max: 0.4, Diff: 0.4, Sum: 1.0]
      [Code Root Scanning (ms): Min: 0.0, Avg: 0.0, Max: 0.0, Diff: 0.0, Sum: 0.0]
      [Object Copy (ms): Min: 21.7, Avg: 21.8, Max: 21.9, Diff: 0.2, Sum: 174.6]
      [Termination (ms): Min: 0.0, Avg: 0.0, Max: 0.0, Diff: 0.0, Sum: 0.2]
         [Termination Attempts: Min: 1, Avg: 165.0, Max: 217, Diff: 216, Sum: 1320]
      [GC Worker Other (ms): Min: 0.0, Avg: 0.0, Max: 0.0, Diff: 0.0, Sum: 0.2]
      [GC Worker Total (ms): Min: 66.1, Avg: 66.1, Max: 66.2, Diff: 0.1, Sum: 529.0]
      [GC Worker End (ms): Min: 90177.1, Avg: 90177.1, Max: 90177.1, Diff: 0.0]
   [Code Root Fixup: 0.0 ms]
   [Code Root Purge: 0.0 ms]
   [Clear CT: 0.4 ms]
   [Other: 0.6 ms]
      [Choose CSet: 0.0 ms]
      [Ref Proc: 0.2 ms]
      [Ref Enq: 0.0 ms]
      [Redirty Cards: 0.2 ms]
      [Humongous Register: 0.0 ms]
      [Humongous Reclaim: 0.0 ms]
      [Free CSet: 0.0 ms]
   [Eden: 6144.0K(305.0M)->0.0B(326.0M) Survivors: 43.0M->7168.0K Heap: 1100.5M(2048.0M)->1103.5M(2048.0M)]
 [Times: user=0.50 sys=0.02, real=0.07 secs] 
2020-09-29T11:54:44.708+0200: 90.178: [GC concurrent-root-region-scan-start]
2020-09-29T11:54:44.709+0200: 90.180: [GC concurrent-root-region-scan-end, 0.0015304 secs]
2020-09-29T11:54:44.710+0200: 90.180: [GC concurrent-mark-start]
2020-09-29T11:54:44.713+0200: 90.183: [GC concurrent-mark-end, 0.0029344 secs]
2020-09-29T11:54:44.713+0200: 90.183: [GC remark 2020-09-29T11:54:44.713+0200: 90.183: [Finalize Marking, 0.0001443 secs] 2020-09-29T11:54:44.713+0200: 90.183: [GC ref-proc, 0.0003864 secs] 2020-09-29T11:54:44.714+0200: 90.183: [Unloading, 0.0004485 secs], 0.0013373 secs]
 [Times: user=0.00 sys=0.00, real=0.00 secs] 
2020-09-29T11:54:44.714+0200: 90.185: [GC cleanup 1114M->29M(2048M), 0.0013758 secs]
 [Times: user=0.00 sys=0.00, real=0.00 secs] 
2020-09-29T11:54:44.716+0200: 90.186: [GC concurrent-cleanup-start]
2020-09-29T11:54:44.717+0200: 90.188: [GC concurrent-cleanup-end, 0.0014434 secs]
2020-09-29T11:54:44.932+0200: 90.402: [GC pause (G1 Evacuation Pause) (young), 0.4846034 secs]
   [Parallel Time: 481.8 ms, GC Workers: 8]
      [GC Worker Start (ms): Min: 90402.1, Avg: 90402.3, Max: 90402.5, Diff: 0.4]
      [Ext Root Scanning (ms): Min: 0.0, Avg: 0.2, Max: 0.4, Diff: 0.4, Sum: 1.2]
      [Update RS (ms): Min: 51.4, Avg: 51.6, Max: 51.8, Diff: 0.4, Sum: 412.8]
         [Processed Buffers: Min: 21, Avg: 22.8, Max: 26, Diff: 5, Sum: 182]
      [Scan RS (ms): Min: 37.6, Avg: 37.9, Max: 38.2, Diff: 0.5, Sum: 303.0]
      [Code Root Scanning (ms): Min: 0.0, Avg: 0.0, Max: 0.0, Diff: 0.0, Sum: 0.1]
      [Object Copy (ms): Min: 390.5, Avg: 390.9, Max: 391.2, Diff: 0.7, Sum: 3127.4]
      [Termination (ms): Min: 0.0, Avg: 0.6, Max: 0.7, Diff: 0.7, Sum: 4.6]
         [Termination Attempts: Min: 1, Avg: 1304.6, Max: 1663, Diff: 1662, Sum: 10437]
      [GC Worker Other (ms): Min: 0.0, Avg: 0.1, Max: 0.1, Diff: 0.1, Sum: 0.6]
      [GC Worker Total (ms): Min: 481.1, Avg: 481.2, Max: 481.4, Diff: 0.4, Sum: 3849.6]
      [GC Worker End (ms): Min: 90883.5, Avg: 90883.5, Max: 90883.6, Diff: 0.1]
   [Code Root Fixup: 0.0 ms]
   [Code Root Purge: 0.0 ms]
   [Clear CT: 0.5 ms]
   [Other: 2.3 ms]
      [Choose CSet: 0.0 ms]
      [Ref Proc: 0.5 ms]
      [Ref Enq: 0.0 ms]
      [Redirty Cards: 0.6 ms]
      [Humongous Register: 0.1 ms]
      [Humongous Reclaim: 0.0 ms]
      [Free CSet: 0.6 ms]
   [Eden: 326.0M(326.0M)->0.0B(82.0M) Survivors: 7168.0K->42.0M Heap: 399.8M(2048.0M)->395.3M(2048.0M)]
 [Times: user=3.80 sys=0.00, real=0.49 secs] 
2020-09-29T11:54:45.577+0200: 91.047: [GC pause (G1 Evacuation Pause) (young), 0.1903631 secs]
   [Parallel Time: 188.0 ms, GC Workers: 8]
      [GC Worker Start (ms): Min: 91047.4, Avg: 91047.6, Max: 91047.7, Diff: 0.3]
      [Ext Root Scanning (ms): Min: 0.0, Avg: 0.2, Max: 0.3, Diff: 0.3, Sum: 1.4]
      [Update RS (ms): Min: 41.6, Avg: 41.8, Max: 42.3, Diff: 0.8, Sum: 334.7]
         [Processed Buffers: Min: 18, Avg: 19.0, Max: 21, Diff: 3, Sum: 152]
      [Scan RS (ms): Min: 7.0, Avg: 7.5, Max: 7.7, Diff: 0.6, Sum: 59.6]
      [Code Root Scanning (ms): Min: 0.0, Avg: 0.0, Max: 0.0, Diff: 0.0, Sum: 0.0]
      [Object Copy (ms): Min: 137.7, Avg: 137.8, Max: 138.1, Diff: 0.4, Sum: 1102.6]
      [Termination (ms): Min: 0.0, Avg: 0.2, Max: 0.2, Diff: 0.2, Sum: 1.4]
         [Termination Attempts: Min: 1, Avg: 382.8, Max: 489, Diff: 488, Sum: 3062]
      [GC Worker Other (ms): Min: 0.0, Avg: 0.0, Max: 0.1, Diff: 0.0, Sum: 0.4]
      [GC Worker Total (ms): Min: 187.4, Avg: 187.5, Max: 187.7, Diff: 0.3, Sum: 1500.0]
      [GC Worker End (ms): Min: 91235.0, Avg: 91235.1, Max: 91235.1, Diff: 0.0]
   [Code Root Fixup: 0.0 ms]
   [Code Root Purge: 0.0 ms]
   [Clear CT: 0.5 ms]
   [Other: 1.8 ms]
      [Choose CSet: 0.0 ms]
      [Ref Proc: 0.4 ms]
      [Ref Enq: 0.0 ms]
      [Redirty Cards: 0.7 ms]
      [Humongous Register: 0.1 ms]
      [Humongous Reclaim: 0.0 ms]
      [Free CSet: 0.3 ms]
   [Eden: 82.0M(82.0M)->0.0B(86.0M) Survivors: 42.0M->16.0M Heap: 490.7M(2048.0M)->492.2M(2048.0M)]
 [Times: user=1.50 sys=0.00, real=0.19 secs] 
2020-09-29T11:54:45.886+0200: 91.356: [GC pause (G1 Evacuation Pause) (young), 0.1728814 secs]
   [Parallel Time: 170.4 ms, GC Workers: 8]
      [GC Worker Start (ms): Min: 91356.3, Avg: 91356.5, Max: 91356.6, Diff: 0.4]
      [Ext Root Scanning (ms): Min: 0.0, Avg: 0.1, Max: 0.4, Diff: 0.4, Sum: 1.2]
      [Update RS (ms): Min: 35.6, Avg: 35.9, Max: 36.5, Diff: 0.9, Sum: 286.9]
         [Processed Buffers: Min: 15, Avg: 16.3, Max: 18, Diff: 3, Sum: 130]
      [Scan RS (ms): Min: 2.3, Avg: 2.9, Max: 3.2, Diff: 1.0, Sum: 23.6]
      [Code Root Scanning (ms): Min: 0.0, Avg: 0.0, Max: 0.0, Diff: 0.0, Sum: 0.0]
      [Object Copy (ms): Min: 130.3, Avg: 130.4, Max: 130.8, Diff: 0.6, Sum: 1043.5]
      [Termination (ms): Min: 0.0, Avg: 0.4, Max: 0.5, Diff: 0.5, Sum: 3.1]
         [Termination Attempts: Min: 1, Avg: 859.4, Max: 1039, Diff: 1038, Sum: 6875]
      [GC Worker Other (ms): Min: 0.0, Avg: 0.1, Max: 0.1, Diff: 0.1, Sum: 0.4]
      [GC Worker Total (ms): Min: 169.7, Avg: 169.8, Max: 170.1, Diff: 0.4, Sum: 1358.7]
      [GC Worker End (ms): Min: 91526.3, Avg: 91526.3, Max: 91526.3, Diff: 0.1]
   [Code Root Fixup: 0.0 ms]
   [Code Root Purge: 0.0 ms]
   [Clear CT: 0.7 ms]
   [Other: 1.7 ms]
      [Choose CSet: 0.0 ms]
      [Ref Proc: 0.6 ms]
      [Ref Enq: 0.0 ms]
      [Redirty Cards: 0.6 ms]
      [Humongous Register: 0.1 ms]
      [Humongous Reclaim: 0.0 ms]
      [Free CSet: 0.1 ms]
   [Eden: 86.0M(86.0M)->0.0B(89.0M) Survivors: 16.0M->13.0M Heap: 593.4M(2048.0M)->595.9M(2048.0M)]
 [Times: user=1.33 sys=0.00, real=0.18 secs] 
2020-09-29T11:54:46.187+0200: 91.657: [GC pause (G1 Evacuation Pause) (young), 0.1574233 secs]
   [Parallel Time: 155.3 ms, GC Workers: 8]
      [GC Worker Start (ms): Min: 91657.4, Avg: 91657.5, Max: 91657.7, Diff: 0.3]
      [Ext Root Scanning (ms): Min: 0.0, Avg: 0.2, Max: 0.3, Diff: 0.3, Sum: 1.3]
      [Update RS (ms): Min: 30.8, Avg: 31.6, Max: 32.8, Diff: 2.0, Sum: 252.4]
         [Processed Buffers: Min: 10, Avg: 12.8, Max: 15, Diff: 5, Sum: 102]
      [Scan RS (ms): Min: 3.6, Avg: 4.9, Max: 5.6, Diff: 2.0, Sum: 39.1]
      [Code Root Scanning (ms): Min: 0.0, Avg: 0.0, Max: 0.0, Diff: 0.0, Sum: 0.0]
      [Object Copy (ms): Min: 117.7, Avg: 117.8, Max: 117.9, Diff: 0.2, Sum: 942.6]
      [Termination (ms): Min: 0.0, Avg: 0.2, Max: 0.2, Diff: 0.2, Sum: 1.6]
         [Termination Attempts: Min: 1, Avg: 432.0, Max: 556, Diff: 555, Sum: 3456]
      [GC Worker Other (ms): Min: 0.0, Avg: 0.1, Max: 0.1, Diff: 0.1, Sum: 0.6]
      [GC Worker Total (ms): Min: 154.5, Avg: 154.7, Max: 154.8, Diff: 0.3, Sum: 1237.5]
      [GC Worker End (ms): Min: 91812.2, Avg: 91812.2, Max: 91812.3, Diff: 0.1]
   [Code Root Fixup: 0.0 ms]
   [Code Root Purge: 0.0 ms]
   [Clear CT: 0.4 ms]
   [Other: 1.7 ms]
      [Choose CSet: 0.0 ms]
      [Ref Proc: 0.5 ms]
      [Ref Enq: 0.0 ms]
      [Redirty Cards: 0.6 ms]
      [Humongous Register: 0.1 ms]
      [Humongous Reclaim: 0.0 ms]
      [Free CSet: 0.2 ms]
   [Eden: 89.0M(89.0M)->0.0B(89.0M) Survivors: 13.0M->13.0M Heap: 698.3M(2048.0M)->700.8M(2048.0M)]
 [Times: user=1.25 sys=0.00, real=0.16 secs] 
2020-09-29T11:54:46.468+0200: 91.938: [GC pause (G1 Evacuation Pause) (young), 0.1523647 secs]
   [Parallel Time: 150.3 ms, GC Workers: 8]
      [GC Worker Start (ms): Min: 91938.4, Avg: 91938.6, Max: 91938.8, Diff: 0.4]
      [Ext Root Scanning (ms): Min: 0.0, Avg: 0.1, Max: 0.4, Diff: 0.4, Sum: 1.2]
      [Update RS (ms): Min: 34.9, Avg: 35.4, Max: 35.7, Diff: 0.8, Sum: 283.2]
         [Processed Buffers: Min: 14, Avg: 15.4, Max: 18, Diff: 4, Sum: 123]
      [Scan RS (ms): Min: 2.3, Avg: 2.6, Max: 3.2, Diff: 0.9, Sum: 21.0]
      [Code Root Scanning (ms): Min: 0.0, Avg: 0.0, Max: 0.0, Diff: 0.0, Sum: 0.0]
      [Object Copy (ms): Min: 111.3, Avg: 111.4, Max: 111.5, Diff: 0.2, Sum: 891.1]
      [Termination (ms): Min: 0.0, Avg: 0.1, Max: 0.1, Diff: 0.1, Sum: 0.5]
         [Termination Attempts: Min: 1, Avg: 131.8, Max: 168, Diff: 167, Sum: 1054]
      [GC Worker Other (ms): Min: 0.0, Avg: 0.1, Max: 0.1, Diff: 0.1, Sum: 0.6]
      [GC Worker Total (ms): Min: 149.5, Avg: 149.7, Max: 149.9, Diff: 0.4, Sum: 1197.5]
      [GC Worker End (ms): Min: 92088.3, Avg: 92088.3, Max: 92088.4, Diff: 0.1]
   [Code Root Fixup: 0.0 ms]
   [Code Root Purge: 0.0 ms]
   [Clear CT: 0.5 ms]
   [Other: 1.6 ms]
      [Choose CSet: 0.0 ms]
      [Ref Proc: 0.5 ms]
      [Ref Enq: 0.0 ms]
      [Redirty Cards: 0.5 ms]
      [Humongous Register: 0.1 ms]
      [Humongous Reclaim: 0.0 ms]
      [Free CSet: 0.2 ms]
   [Eden: 89.0M(89.0M)->0.0B(89.0M) Survivors: 13.0M->13.0M Heap: 805.0M(2048.0M)->807.0M(2048.0M)]
 [Times: user=1.23 sys=0.00, real=0.15 secs] 
2020-09-29T11:54:46.742+0200: 92.212: [GC pause (G1 Evacuation Pause) (young), 0.1560374 secs]
   [Parallel Time: 154.1 ms, GC Workers: 8]
      [GC Worker Start (ms): Min: 92212.7, Avg: 92212.9, Max: 92213.1, Diff: 0.4]
      [Ext Root Scanning (ms): Min: 0.0, Avg: 0.1, Max: 0.4, Diff: 0.4, Sum: 1.1]
      [Update RS (ms): Min: 24.2, Avg: 24.5, Max: 25.0, Diff: 0.8, Sum: 195.7]
         [Processed Buffers: Min: 10, Avg: 11.4, Max: 13, Diff: 3, Sum: 91]
      [Scan RS (ms): Min: 6.8, Avg: 7.4, Max: 7.7, Diff: 0.9, Sum: 58.9]
      [Code Root Scanning (ms): Min: 0.0, Avg: 0.0, Max: 0.0, Diff: 0.0, Sum: 0.0]
      [Object Copy (ms): Min: 121.2, Avg: 121.4, Max: 121.5, Diff: 0.3, Sum: 970.9]
      [Termination (ms): Min: 0.0, Avg: 0.1, Max: 0.1, Diff: 0.1, Sum: 0.9]
         [Termination Attempts: Min: 1, Avg: 266.1, Max: 316, Diff: 315, Sum: 2129]
      [GC Worker Other (ms): Min: 0.0, Avg: 0.1, Max: 0.1, Diff: 0.1, Sum: 0.5]
      [GC Worker Total (ms): Min: 153.3, Avg: 153.5, Max: 153.8, Diff: 0.5, Sum: 1228.0]
      [GC Worker End (ms): Min: 92366.4, Avg: 92366.4, Max: 92366.5, Diff: 0.1]
   [Code Root Fixup: 0.0 ms]
   [Code Root Purge: 0.0 ms]
   [Clear CT: 0.6 ms]
   [Other: 1.4 ms]
      [Choose CSet: 0.0 ms]
      [Ref Proc: 0.3 ms]
      [Ref Enq: 0.0 ms]
      [Redirty Cards: 0.4 ms]
      [Humongous Register: 0.1 ms]
      [Humongous Reclaim: 0.0 ms]
      [Free CSet: 0.2 ms]
   [Eden: 89.0M(89.0M)->0.0B(94.0M) Survivors: 13.0M->13.0M Heap: 911.3M(2048.0M)->913.8M(2048.0M)]
 [Times: user=1.25 sys=0.00, real=0.16 secs] 
2020-09-29T11:54:47.018+0200: 92.489: [GC pause (G1 Humongous Allocation) (young) (initial-mark), 0.1470215 secs]
   [Parallel Time: 144.8 ms, GC Workers: 8]
      [GC Worker Start (ms): Min: 92489.0, Avg: 92489.2, Max: 92489.4, Diff: 0.4]
      [Ext Root Scanning (ms): Min: 0.0, Avg: 0.2, Max: 0.4, Diff: 0.4, Sum: 1.4]
      [Update RS (ms): Min: 29.7, Avg: 30.6, Max: 31.4, Diff: 1.7, Sum: 244.8]
         [Processed Buffers: Min: 12, Avg: 13.0, Max: 14, Diff: 2, Sum: 104]
      [Scan RS (ms): Min: 3.1, Avg: 4.0, Max: 4.8, Diff: 1.7, Sum: 32.2]
      [Code Root Scanning (ms): Min: 0.0, Avg: 0.0, Max: 0.0, Diff: 0.0, Sum: 0.0]
      [Object Copy (ms): Min: 109.2, Avg: 109.3, Max: 109.4, Diff: 0.2, Sum: 874.7]
      [Termination (ms): Min: 0.0, Avg: 0.1, Max: 0.1, Diff: 0.1, Sum: 0.4]
         [Termination Attempts: Min: 1, Avg: 127.4, Max: 169, Diff: 168, Sum: 1019]
      [GC Worker Other (ms): Min: 0.0, Avg: 0.1, Max: 0.1, Diff: 0.1, Sum: 0.4]
      [GC Worker Total (ms): Min: 144.1, Avg: 144.2, Max: 144.4, Diff: 0.3, Sum: 1154.0]
      [GC Worker End (ms): Min: 92633.4, Avg: 92633.4, Max: 92633.5, Diff: 0.1]
   [Code Root Fixup: 0.0 ms]
   [Code Root Purge: 0.0 ms]
   [Clear CT: 0.7 ms]
   [Other: 1.5 ms]
      [Choose CSet: 0.0 ms]
      [Ref Proc: 0.4 ms]
      [Ref Enq: 0.0 ms]
      [Redirty Cards: 0.4 ms]
      [Humongous Register: 0.1 ms]
      [Humongous Reclaim: 0.0 ms]
      [Free CSet: 0.2 ms]
   [Eden: 86.0M(94.0M)->0.0B(100.0M) Survivors: 13.0M->14.0M Heap: 1013.1M(2048.0M)->1014.6M(2048.0M)]
 [Times: user=1.24 sys=0.00, real=0.15 secs] 
2020-09-29T11:54:47.166+0200: 92.636: [GC concurrent-root-region-scan-start]
2020-09-29T11:54:47.179+0200: 92.649: [GC concurrent-root-region-scan-end, 0.0130321 secs]
2020-09-29T11:54:47.179+0200: 92.649: [GC concurrent-mark-start]
2020-09-29T11:54:47.187+0200: 92.658: [GC concurrent-mark-end, 0.0083674 secs]
2020-09-29T11:54:47.188+0200: 92.658: [GC remark 2020-09-29T11:54:47.188+0200: 92.658: [Finalize Marking, 0.0011006 secs] 2020-09-29T11:54:47.189+0200: 92.659: [GC ref-proc, 0.0007509 secs] 2020-09-29T11:54:47.190+0200: 92.660: [Unloading, 0.0015162 secs], 0.0048817 secs]
 [Times: user=0.03 sys=0.00, real=0.01 secs] 
2020-09-29T11:54:47.194+0200: 92.664: [GC cleanup 1025M->36M(2048M), 0.0045425 secs]
 [Times: user=0.00 sys=0.00, real=0.00 secs] 
2020-09-29T11:54:47.199+0200: 92.669: [GC concurrent-cleanup-start]
2020-09-29T11:54:47.201+0200: 92.671: [GC concurrent-cleanup-end, 0.0026510 secs]
2020-09-29T11:54:47.323+0200: 92.793: [GC pause (G1 Evacuation Pause) (young), 0.1446988 secs]
   [Parallel Time: 142.7 ms, GC Workers: 8]
      [GC Worker Start (ms): Min: 92793.3, Avg: 92793.5, Max: 92793.7, Diff: 0.3]
      [Ext Root Scanning (ms): Min: 0.0, Avg: 0.2, Max: 0.4, Diff: 0.3, Sum: 1.3]
      [Update RS (ms): Min: 22.0, Avg: 22.5, Max: 23.8, Diff: 1.8, Sum: 179.9]
         [Processed Buffers: Min: 9, Avg: 10.1, Max: 12, Diff: 3, Sum: 81]
      [Scan RS (ms): Min: 6.6, Avg: 7.8, Max: 8.5, Diff: 1.9, Sum: 62.6]
      [Code Root Scanning (ms): Min: 0.0, Avg: 0.0, Max: 0.0, Diff: 0.0, Sum: 0.0]
      [Object Copy (ms): Min: 111.4, Avg: 111.5, Max: 111.6, Diff: 0.2, Sum: 892.4]
      [Termination (ms): Min: 0.0, Avg: 0.1, Max: 0.1, Diff: 0.1, Sum: 0.8]
         [Termination Attempts: Min: 1, Avg: 10.9, Max: 21, Diff: 20, Sum: 87]
      [GC Worker Other (ms): Min: 0.0, Avg: 0.0, Max: 0.0, Diff: 0.0, Sum: 0.2]
      [GC Worker Total (ms): Min: 142.0, Avg: 142.2, Max: 142.3, Diff: 0.3, Sum: 1137.2]
      [GC Worker End (ms): Min: 92935.6, Avg: 92935.7, Max: 92935.7, Diff: 0.0]
   [Code Root Fixup: 0.0 ms]
   [Code Root Purge: 0.0 ms]
   [Clear CT: 0.5 ms]
   [Other: 1.4 ms]
      [Choose CSet: 0.0 ms]
      [Ref Proc: 0.3 ms]
      [Ref Enq: 0.0 ms]
      [Redirty Cards: 0.4 ms]
      [Humongous Register: 0.1 ms]
      [Humongous Reclaim: 0.0 ms]
      [Free CSet: 0.2 ms]
   [Eden: 100.0M(100.0M)->0.0B(107.0M) Survivors: 14.0M->15.0M Heap: 143.2M(2048.0M)->130.7M(2048.0M)]
 [Times: user=1.08 sys=0.00, real=0.15 secs] 
2020-09-29T11:54:47.629+0200: 93.099: [GC pause (G1 Evacuation Pause) (young), 0.1661390 secs]
   [Parallel Time: 163.9 ms, GC Workers: 8]
      [GC Worker Start (ms): Min: 93099.4, Avg: 93099.6, Max: 93099.8, Diff: 0.4]
      [Ext Root Scanning (ms): Min: 0.0, Avg: 0.2, Max: 0.4, Diff: 0.3, Sum: 1.2]
      [Update RS (ms): Min: 18.1, Avg: 18.4, Max: 19.2, Diff: 1.0, Sum: 146.9]
         [Processed Buffers: Min: 8, Avg: 9.4, Max: 13, Diff: 5, Sum: 75]
      [Scan RS (ms): Min: 12.8, Avg: 13.7, Max: 14.0, Diff: 1.2, Sum: 109.4]
      [Code Root Scanning (ms): Min: 0.0, Avg: 0.0, Max: 0.0, Diff: 0.0, Sum: 0.0]
      [Object Copy (ms): Min: 131.0, Avg: 131.1, Max: 131.2, Diff: 0.2, Sum: 1048.5]
      [Termination (ms): Min: 0.0, Avg: 0.1, Max: 0.1, Diff: 0.1, Sum: 0.5]
         [Termination Attempts: Min: 1, Avg: 133.4, Max: 174, Diff: 173, Sum: 1067]
      [GC Worker Other (ms): Min: 0.0, Avg: 0.0, Max: 0.1, Diff: 0.1, Sum: 0.4]
      [GC Worker Total (ms): Min: 163.2, Avg: 163.4, Max: 163.6, Diff: 0.4, Sum: 1306.9]
      [GC Worker End (ms): Min: 93263.0, Avg: 93263.0, Max: 93263.0, Diff: 0.1]
   [Code Root Fixup: 0.0 ms]
   [Code Root Purge: 0.0 ms]
   [Clear CT: 0.5 ms]
   [Other: 1.7 ms]
      [Choose CSet: 0.0 ms]
      [Ref Proc: 0.4 ms]
      [Ref Enq: 0.0 ms]
      [Redirty Cards: 0.5 ms]
      [Humongous Register: 0.1 ms]
      [Humongous Reclaim: 0.0 ms]
      [Free CSet: 0.3 ms]
   [Eden: 107.0M(107.0M)->0.0B(110.0M) Survivors: 15.0M->16.0M Heap: 256.7M(2048.0M)->258.7M(2048.0M)]
 [Times: user=1.25 sys=0.00, real=0.17 secs] 
2020-09-29T11:54:47.958+0200: 93.429: [GC pause (G1 Evacuation Pause) (young), 0.1873550 secs]
   [Parallel Time: 185.2 ms, GC Workers: 8]
      [GC Worker Start (ms): Min: 93428.9, Avg: 93429.1, Max: 93429.4, Diff: 0.4]
      [Ext Root Scanning (ms): Min: 0.0, Avg: 0.2, Max: 0.4, Diff: 0.4, Sum: 1.5]
      [Update RS (ms): Min: 21.3, Avg: 21.7, Max: 22.6, Diff: 1.3, Sum: 173.3]
         [Processed Buffers: Min: 9, Avg: 9.9, Max: 11, Diff: 2, Sum: 79]
      [Scan RS (ms): Min: 12.4, Avg: 13.5, Max: 16.0, Diff: 3.6, Sum: 108.0]
      [Code Root Scanning (ms): Min: 0.0, Avg: 0.0, Max: 0.0, Diff: 0.0, Sum: 0.0]
      [Object Copy (ms): Min: 147.0, Avg: 149.1, Max: 149.5, Diff: 2.5, Sum: 1192.6]
      [Termination (ms): Min: 0.0, Avg: 0.2, Max: 0.3, Diff: 0.3, Sum: 1.7]
         [Termination Attempts: Min: 1, Avg: 314.1, Max: 525, Diff: 524, Sum: 2513]
      [GC Worker Other (ms): Min: 0.0, Avg: 0.0, Max: 0.1, Diff: 0.0, Sum: 0.3]
      [GC Worker Total (ms): Min: 184.5, Avg: 184.7, Max: 184.9, Diff: 0.3, Sum: 1477.5]
      [GC Worker End (ms): Min: 93613.8, Avg: 93613.8, Max: 93613.9, Diff: 0.1]
   [Code Root Fixup: 0.0 ms]
   [Code Root Purge: 0.0 ms]
   [Clear CT: 0.6 ms]
   [Other: 1.6 ms]
      [Choose CSet: 0.0 ms]
      [Ref Proc: 0.3 ms]
      [Ref Enq: 0.0 ms]
      [Redirty Cards: 0.6 ms]
      [Humongous Register: 0.1 ms]
      [Humongous Reclaim: 0.0 ms]
      [Free CSet: 0.2 ms]
   [Eden: 110.0M(110.0M)->0.0B(108.0M) Survivors: 16.0M->16.0M Heap: 385.9M(2048.0M)->388.4M(2048.0M)]
 [Times: user=1.36 sys=0.00, real=0.19 secs] 
2020-09-29T11:54:48.301+0200: 93.772: [GC pause (G1 Evacuation Pause) (young), 0.1960540 secs]
   [Parallel Time: 193.6 ms, GC Workers: 8]
      [GC Worker Start (ms): Min: 93771.9, Avg: 93772.0, Max: 93772.2, Diff: 0.3]
      [Ext Root Scanning (ms): Min: 0.0, Avg: 0.2, Max: 0.3, Diff: 0.3, Sum: 1.4]
      [Update RS (ms): Min: 17.6, Avg: 17.9, Max: 19.0, Diff: 1.5, Sum: 143.4]
         [Processed Buffers: Min: 7, Avg: 9.1, Max: 11, Diff: 4, Sum: 73]
      [Scan RS (ms): Min: 13.1, Avg: 14.2, Max: 14.7, Diff: 1.6, Sum: 113.9]
      [Code Root Scanning (ms): Min: 0.0, Avg: 0.0, Max: 0.0, Diff: 0.0, Sum: 0.0]
      [Object Copy (ms): Min: 160.1, Avg: 160.3, Max: 160.6, Diff: 0.5, Sum: 1282.3]
      [Termination (ms): Min: 0.0, Avg: 0.4, Max: 0.5, Diff: 0.5, Sum: 3.2]
         [Termination Attempts: Min: 1, Avg: 889.8, Max: 1065, Diff: 1064, Sum: 7118]
      [GC Worker Other (ms): Min: 0.0, Avg: 0.0, Max: 0.1, Diff: 0.1, Sum: 0.4]
      [GC Worker Total (ms): Min: 192.9, Avg: 193.1, Max: 193.2, Diff: 0.3, Sum: 1544.7]
      [GC Worker End (ms): Min: 93965.1, Avg: 93965.1, Max: 93965.2, Diff: 0.1]
   [Code Root Fixup: 0.0 ms]
   [Code Root Purge: 0.0 ms]
   [Clear CT: 0.6 ms]
   [Other: 1.9 ms]
      [Choose CSet: 0.0 ms]
      [Ref Proc: 0.6 ms]
      [Ref Enq: 0.0 ms]
      [Redirty Cards: 0.6 ms]
      [Humongous Register: 0.1 ms]
      [Humongous Reclaim: 0.0 ms]
      [Free CSet: 0.3 ms]
   [Eden: 108.0M(108.0M)->0.0B(104.0M) Survivors: 16.0M->16.0M Heap: 515.5M(2048.0M)->518.0M(2048.0M)]
 [Times: user=1.45 sys=0.00, real=0.20 secs] 
2020-09-29T11:54:48.644+0200: 94.114: [GC pause (G1 Evacuation Pause) (young), 0.1726817 secs]
   [Parallel Time: 170.0 ms, GC Workers: 8]
      [GC Worker Start (ms): Min: 94114.2, Avg: 94114.5, Max: 94114.6, Diff: 0.4]
      [Ext Root Scanning (ms): Min: 0.0, Avg: 0.2, Max: 0.4, Diff: 0.4, Sum: 1.3]
      [Update RS (ms): Min: 21.6, Avg: 21.8, Max: 22.1, Diff: 0.4, Sum: 174.3]
         [Processed Buffers: Min: 9, Avg: 10.8, Max: 13, Diff: 4, Sum: 86]
      [Scan RS (ms): Min: 11.4, Avg: 11.8, Max: 12.0, Diff: 0.6, Sum: 94.6]
      [Code Root Scanning (ms): Min: 0.0, Avg: 0.0, Max: 0.0, Diff: 0.0, Sum: 0.0]
      [Object Copy (ms): Min: 135.4, Avg: 135.6, Max: 135.7, Diff: 0.3, Sum: 1084.5]
      [Termination (ms): Min: 0.0, Avg: 0.1, Max: 0.1, Diff: 0.1, Sum: 0.8]
         [Termination Attempts: Min: 1, Avg: 217.1, Max: 277, Diff: 276, Sum: 1737]
      [GC Worker Other (ms): Min: 0.0, Avg: 0.1, Max: 0.2, Diff: 0.2, Sum: 0.6]
      [GC Worker Total (ms): Min: 169.3, Avg: 169.5, Max: 169.7, Diff: 0.4, Sum: 1356.1]
      [GC Worker End (ms): Min: 94283.9, Avg: 94284.0, Max: 94284.1, Diff: 0.2]
   [Code Root Fixup: 0.0 ms]
   [Code Root Purge: 0.0 ms]
   [Clear CT: 0.8 ms]
   [Other: 1.9 ms]
      [Choose CSet: 0.0 ms]
      [Ref Proc: 0.6 ms]
      [Ref Enq: 0.0 ms]
      [Redirty Cards: 0.7 ms]
      [Humongous Register: 0.1 ms]
      [Humongous Reclaim: 0.0 ms]
      [Free CSet: 0.2 ms]
   [Eden: 104.0M(104.0M)->0.0B(108.0M) Survivors: 16.0M->15.0M Heap: 639.1M(2048.0M)->641.1M(2048.0M)]
 [Times: user=1.33 sys=0.03, real=0.18 secs] 
2020-09-29T11:54:48.971+0200: 94.441: [GC pause (G1 Evacuation Pause) (young), 0.1699027 secs]
   [Parallel Time: 167.1 ms, GC Workers: 8]
      [GC Worker Start (ms): Min: 94441.3, Avg: 94441.5, Max: 94441.7, Diff: 0.3]
      [Ext Root Scanning (ms): Min: 0.0, Avg: 0.2, Max: 0.4, Diff: 0.3, Sum: 1.3]
      [Update RS (ms): Min: 17.0, Avg: 17.3, Max: 18.8, Diff: 1.9, Sum: 138.5]
         [Processed Buffers: Min: 7, Avg: 8.0, Max: 9, Diff: 2, Sum: 64]
      [Scan RS (ms): Min: 12.7, Avg: 14.2, Max: 14.7, Diff: 2.0, Sum: 113.7]
      [Code Root Scanning (ms): Min: 0.0, Avg: 0.0, Max: 0.0, Diff: 0.0, Sum: 0.0]
      [Object Copy (ms): Min: 134.7, Avg: 134.8, Max: 135.0, Diff: 0.3, Sum: 1078.6]
      [Termination (ms): Min: 0.0, Avg: 0.0, Max: 0.0, Diff: 0.0, Sum: 0.1]
         [Termination Attempts: Min: 1, Avg: 21.0, Max: 34, Diff: 33, Sum: 168]
      [GC Worker Other (ms): Min: 0.0, Avg: 0.0, Max: 0.1, Diff: 0.0, Sum: 0.3]
      [GC Worker Total (ms): Min: 166.4, Avg: 166.6, Max: 166.7, Diff: 0.3, Sum: 1332.5]
      [GC Worker End (ms): Min: 94608.1, Avg: 94608.1, Max: 94608.1, Diff: 0.0]
   [Code Root Fixup: 0.0 ms]
   [Code Root Purge: 0.0 ms]
   [Clear CT: 0.7 ms]
   [Other: 2.1 ms]
      [Choose CSet: 0.0 ms]
      [Ref Proc: 0.7 ms]
      [Ref Enq: 0.0 ms]
      [Redirty Cards: 0.7 ms]
      [Humongous Register: 0.1 ms]
      [Humongous Reclaim: 0.0 ms]
      [Free CSet: 0.3 ms]
   [Eden: 108.0M(108.0M)->0.0B(110.0M) Survivors: 15.0M->16.0M Heap: 766.3M(2048.0M)->768.3M(2048.0M)]
 [Times: user=1.38 sys=0.00, real=0.17 secs] 
2020-09-29T11:54:49.308+0200: 94.778: [GC pause (G1 Evacuation Pause) (young), 0.2148058 secs]
   [Parallel Time: 212.7 ms, GC Workers: 8]
      [GC Worker Start (ms): Min: 94778.1, Avg: 94778.3, Max: 94778.5, Diff: 0.4]
      [Ext Root Scanning (ms): Min: 0.0, Avg: 0.2, Max: 0.4, Diff: 0.4, Sum: 1.3]
      [Update RS (ms): Min: 22.4, Avg: 23.9, Max: 31.9, Diff: 9.5, Sum: 190.9]
         [Processed Buffers: Min: 0, Avg: 9.4, Max: 14, Diff: 14, Sum: 75]
      [Scan RS (ms): Min: 8.1, Avg: 16.1, Max: 17.7, Diff: 9.6, Sum: 128.5]
      [Code Root Scanning (ms): Min: 0.0, Avg: 0.0, Max: 0.0, Diff: 0.0, Sum: 0.0]
      [Object Copy (ms): Min: 171.5, Avg: 171.7, Max: 171.8, Diff: 0.3, Sum: 1373.4]
      [Termination (ms): Min: 0.0, Avg: 0.2, Max: 0.2, Diff: 0.2, Sum: 1.3]
         [Termination Attempts: Min: 1, Avg: 400.1, Max: 509, Diff: 508, Sum: 3201]
      [GC Worker Other (ms): Min: 0.0, Avg: 0.1, Max: 0.1, Diff: 0.1, Sum: 0.5]
      [GC Worker Total (ms): Min: 211.8, Avg: 212.0, Max: 212.3, Diff: 0.5, Sum: 1696.0]
      [GC Worker End (ms): Min: 94990.3, Avg: 94990.3, Max: 94990.4, Diff: 0.1]
   [Code Root Fixup: 0.0 ms]
   [Code Root Purge: 0.0 ms]
   [Clear CT: 0.5 ms]
   [Other: 1.7 ms]
      [Choose CSet: 0.0 ms]
      [Ref Proc: 0.5 ms]
      [Ref Enq: 0.0 ms]
      [Redirty Cards: 0.4 ms]
      [Humongous Register: 0.1 ms]
      [Humongous Reclaim: 0.0 ms]
      [Free CSet: 0.3 ms]
   [Eden: 110.0M(110.0M)->0.0B(99.0M) Survivors: 16.0M->16.0M Heap: 897.4M(2048.0M)->898.9M(2048.0M)]
 [Times: user=1.51 sys=0.03, real=0.21 secs] 
2020-09-29T11:54:49.669+0200: 95.138: [GC pause (G1 Evacuation Pause) (young), 0.1620980 secs]
   [Parallel Time: 160.0 ms, GC Workers: 8]
      [GC Worker Start (ms): Min: 95138.7, Avg: 95138.9, Max: 95139.0, Diff: 0.4]
      [Ext Root Scanning (ms): Min: 0.0, Avg: 0.2, Max: 0.4, Diff: 0.4, Sum: 1.2]
      [Update RS (ms): Min: 16.4, Avg: 17.3, Max: 18.9, Diff: 2.6, Sum: 138.6]
         [Processed Buffers: Min: 7, Avg: 7.5, Max: 9, Diff: 2, Sum: 60]
      [Scan RS (ms): Min: 11.3, Avg: 12.9, Max: 13.9, Diff: 2.6, Sum: 103.2]
      [Code Root Scanning (ms): Min: 0.0, Avg: 0.0, Max: 0.0, Diff: 0.0, Sum: 0.0]
      [Object Copy (ms): Min: 128.7, Avg: 128.9, Max: 129.1, Diff: 0.4, Sum: 1030.8]
      [Termination (ms): Min: 0.0, Avg: 0.2, Max: 0.2, Diff: 0.2, Sum: 1.3]
         [Termination Attempts: Min: 1, Avg: 359.8, Max: 469, Diff: 468, Sum: 2878]
      [GC Worker Other (ms): Min: 0.0, Avg: 0.1, Max: 0.1, Diff: 0.1, Sum: 0.5]
      [GC Worker Total (ms): Min: 159.3, Avg: 159.4, Max: 159.6, Diff: 0.4, Sum: 1275.6]
      [GC Worker End (ms): Min: 95298.3, Avg: 95298.3, Max: 95298.4, Diff: 0.1]
   [Code Root Fixup: 0.0 ms]
   [Code Root Purge: 0.0 ms]
   [Clear CT: 0.5 ms]
   [Other: 1.6 ms]
      [Choose CSet: 0.0 ms]
      [Ref Proc: 0.5 ms]
      [Ref Enq: 0.0 ms]
      [Redirty Cards: 0.5 ms]
      [Humongous Register: 0.1 ms]
      [Humongous Reclaim: 0.0 ms]
      [Free CSet: 0.3 ms]
   [Eden: 99.0M(99.0M)->0.0B(104.0M) Survivors: 16.0M->15.0M Heap: 1013.1M(2048.0M)->1015.1M(2048.0M)]
 [Times: user=1.25 sys=0.00, real=0.16 secs] 
2020-09-29T11:54:49.833+0200: 95.303: [GC pause (G1 Humongous Allocation) (young) (initial-mark), 0.0702179 secs]
   [Parallel Time: 67.8 ms, GC Workers: 8]
      [GC Worker Start (ms): Min: 95302.9, Avg: 95303.0, Max: 95303.2, Diff: 0.3]
      [Ext Root Scanning (ms): Min: 0.0, Avg: 0.2, Max: 0.3, Diff: 0.3, Sum: 1.7]
      [Update RS (ms): Min: 43.3, Avg: 43.9, Max: 44.6, Diff: 1.3, Sum: 351.3]
         [Processed Buffers: Min: 19, Avg: 20.0, Max: 21, Diff: 2, Sum: 160]
      [Scan RS (ms): Min: 0.0, Avg: 0.0, Max: 0.0, Diff: 0.0, Sum: 0.0]
      [Code Root Scanning (ms): Min: 0.0, Avg: 0.0, Max: 0.0, Diff: 0.0, Sum: 0.0]
      [Object Copy (ms): Min: 22.5, Avg: 23.2, Max: 23.8, Diff: 1.3, Sum: 185.5]
      [Termination (ms): Min: 0.0, Avg: 0.1, Max: 0.1, Diff: 0.1, Sum: 0.5]
         [Termination Attempts: Min: 1, Avg: 117.6, Max: 150, Diff: 149, Sum: 941]
      [GC Worker Other (ms): Min: 0.0, Avg: 0.0, Max: 0.0, Diff: 0.0, Sum: 0.3]
      [GC Worker Total (ms): Min: 67.3, Avg: 67.4, Max: 67.5, Diff: 0.3, Sum: 539.3]
      [GC Worker End (ms): Min: 95370.4, Avg: 95370.4, Max: 95370.5, Diff: 0.0]
   [Code Root Fixup: 0.0 ms]
   [Code Root Purge: 0.0 ms]
   [Clear CT: 0.4 ms]
   [Other: 1.9 ms]
      [Choose CSet: 0.0 ms]
      [Ref Proc: 0.7 ms]
      [Ref Enq: 0.0 ms]
      [Redirty Cards: 0.5 ms]
      [Humongous Register: 0.1 ms]
      [Humongous Reclaim: 0.0 ms]
      [Free CSet: 0.1 ms]
   [Eden: 1024.0K(104.0M)->0.0B(113.0M) Survivors: 15.0M->2048.0K Heap: 1016.1M(2048.0M)->1019.1M(2048.0M)]
 [Times: user=0.50 sys=0.00, real=0.07 secs] 
2020-09-29T11:54:49.903+0200: 95.373: [GC concurrent-root-region-scan-start]
2020-09-29T11:54:49.906+0200: 95.376: [GC concurrent-root-region-scan-end, 0.0023043 secs]
2020-09-29T11:54:49.906+0200: 95.376: [GC concurrent-mark-start]
2020-09-29T11:54:49.915+0200: 95.385: [GC concurrent-mark-end, 0.0096112 secs]
2020-09-29T11:54:49.917+0200: 95.387: [GC remark 2020-09-29T11:54:49.917+0200: 95.387: [Finalize Marking, 0.0015161 secs] 2020-09-29T11:54:49.918+0200: 95.389: [GC ref-proc, 0.0014850 secs] 2020-09-29T11:54:49.920+0200: 95.390: [Unloading, 0.0021799 secs], 0.0062312 secs]
 [Times: user=0.00 sys=0.00, real=0.01 secs] 
2020-09-29T11:54:49.924+0200: 95.395: [GC cleanup 1028M->22M(2048M), 0.0051991 secs]
 [Times: user=0.00 sys=0.00, real=0.01 secs] 
2020-09-29T11:54:49.930+0200: 95.400: [GC concurrent-cleanup-start]
2020-09-29T11:54:49.935+0200: 95.405: [GC concurrent-cleanup-end, 0.0049004 secs]
2020-09-29T11:54:50.152+0200: 95.622: [GC pause (G1 Evacuation Pause) (young), 0.2401782 secs]
   [Parallel Time: 237.1 ms, GC Workers: 8]
      [GC Worker Start (ms): Min: 95622.4, Avg: 95622.7, Max: 95623.0, Diff: 0.6]
      [Ext Root Scanning (ms): Min: 0.0, Avg: 0.3, Max: 0.5, Diff: 0.5, Sum: 2.1]
      [Update RS (ms): Min: 25.0, Avg: 26.3, Max: 28.0, Diff: 3.0, Sum: 210.5]
         [Processed Buffers: Min: 6, Avg: 7.3, Max: 9, Diff: 3, Sum: 58]
      [Scan RS (ms): Min: 17.5, Avg: 19.3, Max: 20.5, Diff: 3.1, Sum: 154.3]
      [Code Root Scanning (ms): Min: 0.0, Avg: 0.0, Max: 0.0, Diff: 0.0, Sum: 0.0]
      [Object Copy (ms): Min: 190.2, Avg: 190.3, Max: 190.4, Diff: 0.2, Sum: 1522.3]
      [Termination (ms): Min: 0.0, Avg: 0.0, Max: 0.1, Diff: 0.1, Sum: 0.3]
         [Termination Attempts: Min: 1, Avg: 74.4, Max: 100, Diff: 99, Sum: 595]
      [GC Worker Other (ms): Min: 0.0, Avg: 0.1, Max: 0.2, Diff: 0.2, Sum: 0.7]
      [GC Worker Total (ms): Min: 235.9, Avg: 236.3, Max: 236.5, Diff: 0.6, Sum: 1890.3]
      [GC Worker End (ms): Min: 95858.9, Avg: 95859.0, Max: 95859.1, Diff: 0.1]
   [Code Root Fixup: 0.0 ms]
   [Code Root Purge: 0.0 ms]
   [Clear CT: 0.6 ms]
   [Other: 2.4 ms]
      [Choose CSet: 0.0 ms]
      [Ref Proc: 0.7 ms]
      [Ref Enq: 0.0 ms]
      [Redirty Cards: 0.6 ms]
      [Humongous Register: 0.1 ms]
      [Humongous Reclaim: 0.0 ms]
      [Free CSet: 0.4 ms]
   [Eden: 113.0M(113.0M)->0.0B(87.0M) Survivors: 2048.0K->15.0M Heap: 146.1M(2048.0M)->145.6M(2048.0M)]
 [Times: user=1.81 sys=0.02, real=0.24 secs] 
2020-09-29T11:54:50.592+0200: 96.061: [GC pause (G1 Evacuation Pause) (young), 0.2157392 secs]
   [Parallel Time: 212.8 ms, GC Workers: 8]
      [GC Worker Start (ms): Min: 96061.6, Avg: 96061.9, Max: 96062.1, Diff: 0.5]
      [Ext Root Scanning (ms): Min: 0.0, Avg: 0.2, Max: 0.5, Diff: 0.5, Sum: 1.6]
      [Update RS (ms): Min: 23.2, Avg: 23.9, Max: 24.7, Diff: 1.5, Sum: 191.4]
         [Processed Buffers: Min: 7, Avg: 8.0, Max: 12, Diff: 5, Sum: 64]
      [Scan RS (ms): Min: 15.7, Avg: 16.3, Max: 16.9, Diff: 1.3, Sum: 130.4]
      [Code Root Scanning (ms): Min: 0.0, Avg: 0.0, Max: 0.0, Diff: 0.0, Sum: 0.0]
      [Object Copy (ms): Min: 171.3, Avg: 171.4, Max: 171.5, Diff: 0.3, Sum: 1371.5]
      [Termination (ms): Min: 0.0, Avg: 0.0, Max: 0.0, Diff: 0.0, Sum: 0.2]
         [Termination Attempts: Min: 1, Avg: 31.5, Max: 43, Diff: 42, Sum: 252]
      [GC Worker Other (ms): Min: 0.0, Avg: 0.1, Max: 0.2, Diff: 0.1, Sum: 0.6]
      [GC Worker Total (ms): Min: 211.7, Avg: 212.0, Max: 212.3, Diff: 0.6, Sum: 1695.7]
      [GC Worker End (ms): Min: 96273.8, Avg: 96273.8, Max: 96273.9, Diff: 0.1]
   [Code Root Fixup: 0.0 ms]
   [Code Root Purge: 0.0 ms]
   [Clear CT: 0.6 ms]
   [Other: 2.3 ms]
      [Choose CSet: 0.0 ms]
      [Ref Proc: 0.6 ms]
      [Ref Enq: 0.0 ms]
      [Redirty Cards: 0.8 ms]
      [Humongous Register: 0.1 ms]
      [Humongous Reclaim: 0.0 ms]
      [Free CSet: 0.3 ms]
   [Eden: 87.0M(87.0M)->0.0B(89.0M) Survivors: 15.0M->13.0M Heap: 247.8M(2048.0M)->249.3M(2048.0M)]
 [Times: user=1.72 sys=0.00, real=0.21 secs] 
2020-09-29T11:54:51.008+0200: 96.478: [GC pause (G1 Evacuation Pause) (young), 0.2071126 secs]
   [Parallel Time: 204.1 ms, GC Workers: 8]
      [GC Worker Start (ms): Min: 96478.5, Avg: 96479.6, Max: 96484.9, Diff: 6.4]
      [Ext Root Scanning (ms): Min: 0.0, Avg: 0.2, Max: 0.5, Diff: 0.5, Sum: 1.7]
      [Update RS (ms): Min: 13.5, Avg: 19.4, Max: 22.6, Diff: 9.1, Sum: 155.3]
         [Processed Buffers: Min: 5, Avg: 6.9, Max: 9, Diff: 4, Sum: 55]
      [Scan RS (ms): Min: 16.7, Avg: 18.9, Max: 19.7, Diff: 3.0, Sum: 150.8]
      [Code Root Scanning (ms): Min: 0.0, Avg: 0.0, Max: 0.0, Diff: 0.0, Sum: 0.0]
      [Object Copy (ms): Min: 163.7, Avg: 163.9, Max: 164.1, Diff: 0.4, Sum: 1311.1]
      [Termination (ms): Min: 0.0, Avg: 0.1, Max: 0.1, Diff: 0.1, Sum: 0.5]
         [Termination Attempts: Min: 1, Avg: 97.5, Max: 131, Diff: 130, Sum: 780]
      [GC Worker Other (ms): Min: 0.0, Avg: 0.1, Max: 0.2, Diff: 0.1, Sum: 0.7]
      [GC Worker Total (ms): Min: 197.2, Avg: 202.5, Max: 203.6, Diff: 6.4, Sum: 1620.1]
      [GC Worker End (ms): Min: 96682.0, Avg: 96682.1, Max: 96682.2, Diff: 0.1]
   [Code Root Fixup: 0.0 ms]
   [Code Root Purge: 0.0 ms]
   [Clear CT: 0.7 ms]
   [Other: 2.4 ms]
      [Choose CSet: 0.0 ms]
      [Ref Proc: 0.7 ms]
      [Ref Enq: 0.0 ms]
      [Redirty Cards: 0.8 ms]
      [Humongous Register: 0.1 ms]
      [Humongous Reclaim: 0.0 ms]
      [Free CSet: 0.3 ms]
   [Eden: 89.0M(89.0M)->0.0B(89.0M) Survivors: 13.0M->13.0M Heap: 353.6M(2048.0M)->355.6M(2048.0M)]
 [Times: user=1.63 sys=0.00, real=0.21 secs] 
2020-09-29T11:54:51.431+0200: 96.902: [GC pause (G1 Evacuation Pause) (young), 0.2270268 secs]
   [Parallel Time: 223.5 ms, GC Workers: 8]
      [GC Worker Start (ms): Min: 96902.4, Avg: 96902.7, Max: 96903.5, Diff: 1.1]
      [Ext Root Scanning (ms): Min: 0.0, Avg: 0.2, Max: 0.4, Diff: 0.4, Sum: 1.8]
      [Update RS (ms): Min: 23.2, Avg: 25.2, Max: 34.0, Diff: 10.9, Sum: 201.6]
         [Processed Buffers: Min: 6, Avg: 8.1, Max: 10, Diff: 4, Sum: 65]
      [Scan RS (ms): Min: 9.7, Avg: 18.6, Max: 20.2, Diff: 10.4, Sum: 148.5]
      [Code Root Scanning (ms): Min: 0.0, Avg: 0.0, Max: 0.0, Diff: 0.0, Sum: 0.0]
      [Object Copy (ms): Min: 178.5, Avg: 178.6, Max: 178.7, Diff: 0.2, Sum: 1429.1]
      [Termination (ms): Min: 0.0, Avg: 0.1, Max: 0.1, Diff: 0.1, Sum: 0.6]
         [Termination Attempts: Min: 1, Avg: 143.1, Max: 189, Diff: 188, Sum: 1145]
      [GC Worker Other (ms): Min: 0.0, Avg: 0.1, Max: 0.1, Diff: 0.1, Sum: 0.5]
      [GC Worker Total (ms): Min: 222.0, Avg: 222.8, Max: 223.0, Diff: 1.0, Sum: 1782.1]
      [GC Worker End (ms): Min: 97125.4, Avg: 97125.4, Max: 97125.5, Diff: 0.1]
   [Code Root Fixup: 0.0 ms]
   [Code Root Purge: 0.0 ms]
   [Clear CT: 1.0 ms]
   [Other: 2.6 ms]
      [Choose CSet: 0.0 ms]
      [Ref Proc: 0.9 ms]
      [Ref Enq: 0.0 ms]
      [Redirty Cards: 0.7 ms]
      [Humongous Register: 0.1 ms]
      [Humongous Reclaim: 0.0 ms]
      [Free CSet: 0.3 ms]
   [Eden: 89.0M(89.0M)->0.0B(89.0M) Survivors: 13.0M->13.0M Heap: 459.9M(2048.0M)->462.4M(2048.0M)]
 [Times: user=1.69 sys=0.00, real=0.23 secs] 
2020-09-29T11:54:51.866+0200: 97.336: [GC pause (G1 Evacuation Pause) (young), 0.2247598 secs]
   [Parallel Time: 221.6 ms, GC Workers: 8]
      [GC Worker Start (ms): Min: 97336.0, Avg: 97338.2, Max: 97344.1, Diff: 8.1]
      [Ext Root Scanning (ms): Min: 0.0, Avg: 0.2, Max: 0.5, Diff: 0.5, Sum: 1.8]
      [Update RS (ms): Min: 14.2, Avg: 20.7, Max: 23.6, Diff: 9.4, Sum: 165.7]
         [Processed Buffers: Min: 4, Avg: 5.9, Max: 7, Diff: 3, Sum: 47]
      [Scan RS (ms): Min: 18.3, Avg: 19.4, Max: 20.1, Diff: 1.9, Sum: 155.2]
      [Code Root Scanning (ms): Min: 0.0, Avg: 0.0, Max: 0.0, Diff: 0.0, Sum: 0.0]
      [Object Copy (ms): Min: 178.0, Avg: 178.2, Max: 178.4, Diff: 0.3, Sum: 1425.8]
      [Termination (ms): Min: 0.0, Avg: 0.3, Max: 0.4, Diff: 0.4, Sum: 2.0]
         [Termination Attempts: Min: 1, Avg: 381.0, Max: 495, Diff: 494, Sum: 3048]
      [GC Worker Other (ms): Min: 0.0, Avg: 0.1, Max: 0.1, Diff: 0.1, Sum: 0.5]
      [GC Worker Total (ms): Min: 212.9, Avg: 218.9, Max: 221.0, Diff: 8.1, Sum: 1751.0]
      [GC Worker End (ms): Min: 97557.0, Avg: 97557.1, Max: 97557.1, Diff: 0.1]
   [Code Root Fixup: 0.0 ms]
   [Code Root Purge: 0.0 ms]
   [Clear CT: 0.6 ms]
   [Other: 2.6 ms]
      [Choose CSet: 0.0 ms]
      [Ref Proc: 0.7 ms]
      [Ref Enq: 0.0 ms]
      [Redirty Cards: 1.0 ms]
      [Humongous Register: 0.1 ms]
      [Humongous Reclaim: 0.0 ms]
      [Free CSet: 0.3 ms]
   [Eden: 89.0M(89.0M)->0.0B(89.0M) Survivors: 13.0M->13.0M Heap: 564.7M(2048.0M)->566.2M(2048.0M)]
 [Times: user=1.75 sys=0.00, real=0.23 secs] 
2020-09-29T11:54:52.277+0200: 97.747: [GC pause (G1 Evacuation Pause) (young), 0.2475346 secs]
   [Parallel Time: 243.5 ms, GC Workers: 8]
      [GC Worker Start (ms): Min: 97747.5, Avg: 97747.8, Max: 97748.0, Diff: 0.5]
      [Ext Root Scanning (ms): Min: 0.0, Avg: 0.2, Max: 0.5, Diff: 0.5, Sum: 1.7]
      [Update RS (ms): Min: 18.0, Avg: 18.8, Max: 20.1, Diff: 2.1, Sum: 150.7]
         [Processed Buffers: Min: 4, Avg: 5.4, Max: 7, Diff: 3, Sum: 43]
      [Scan RS (ms): Min: 21.0, Avg: 22.4, Max: 24.1, Diff: 3.1, Sum: 179.2]
      [Code Root Scanning (ms): Min: 0.0, Avg: 0.0, Max: 0.0, Diff: 0.0, Sum: 0.0]
      [Object Copy (ms): Min: 198.8, Avg: 200.7, Max: 201.5, Diff: 2.7, Sum: 1606.0]
      [Termination (ms): Min: 0.0, Avg: 0.5, Max: 0.7, Diff: 0.7, Sum: 4.0]
         [Termination Attempts: Min: 1, Avg: 833.9, Max: 1072, Diff: 1071, Sum: 6671]
      [GC Worker Other (ms): Min: 0.0, Avg: 0.1, Max: 0.1, Diff: 0.1, Sum: 0.5]
      [GC Worker Total (ms): Min: 242.5, Avg: 242.8, Max: 243.1, Diff: 0.6, Sum: 1942.1]
      [GC Worker End (ms): Min: 97990.5, Avg: 97990.6, Max: 97990.6, Diff: 0.1]
   [Code Root Fixup: 0.0 ms]
   [Code Root Purge: 0.0 ms]
   [Clear CT: 0.7 ms]
   [Other: 3.3 ms]
      [Choose CSet: 0.0 ms]
      [Ref Proc: 1.6 ms]
      [Ref Enq: 0.0 ms]
      [Redirty Cards: 0.8 ms]
      [Humongous Register: 0.1 ms]
      [Humongous Reclaim: 0.0 ms]
      [Free CSet: 0.4 ms]
   [Eden: 89.0M(89.0M)->0.0B(89.0M) Survivors: 13.0M->13.0M Heap: 670.5M(2048.0M)->673.0M(2048.0M)]
 [Times: user=1.89 sys=0.00, real=0.25 secs] 
2020-09-29T11:54:52.723+0200: 98.193: [GC pause (G1 Evacuation Pause) (young), 0.2137211 secs]
   [Parallel Time: 210.0 ms, GC Workers: 8]
      [GC Worker Start (ms): Min: 98193.1, Avg: 98193.4, Max: 98193.6, Diff: 0.5]
      [Ext Root Scanning (ms): Min: 0.0, Avg: 0.2, Max: 0.5, Diff: 0.5, Sum: 1.8]
      [Update RS (ms): Min: 19.9, Avg: 20.3, Max: 21.1, Diff: 1.2, Sum: 162.4]
         [Processed Buffers: Min: 6, Avg: 7.0, Max: 10, Diff: 4, Sum: 56]
      [Scan RS (ms): Min: 17.3, Avg: 18.3, Max: 18.7, Diff: 1.3, Sum: 146.2]
      [Code Root Scanning (ms): Min: 0.0, Avg: 0.0, Max: 0.0, Diff: 0.0, Sum: 0.0]
      [Object Copy (ms): Min: 170.2, Avg: 170.4, Max: 170.5, Diff: 0.4, Sum: 1362.8]
      [Termination (ms): Min: 0.0, Avg: 0.0, Max: 0.0, Diff: 0.0, Sum: 0.3]
         [Termination Attempts: Min: 1, Avg: 56.3, Max: 74, Diff: 73, Sum: 450]
      [GC Worker Other (ms): Min: 0.0, Avg: 0.1, Max: 0.1, Diff: 0.1, Sum: 0.4]
      [GC Worker Total (ms): Min: 209.0, Avg: 209.2, Max: 209.5, Diff: 0.5, Sum: 1674.0]
      [GC Worker End (ms): Min: 98402.6, Avg: 98402.6, Max: 98402.7, Diff: 0.1]
   [Code Root Fixup: 0.0 ms]
   [Code Root Purge: 0.0 ms]
   [Clear CT: 0.7 ms]
   [Other: 3.1 ms]
      [Choose CSet: 0.0 ms]
      [Ref Proc: 0.7 ms]
      [Ref Enq: 0.0 ms]
      [Redirty Cards: 1.4 ms]
      [Humongous Register: 0.1 ms]
      [Humongous Reclaim: 0.0 ms]
      [Free CSet: 0.3 ms]
   [Eden: 89.0M(89.0M)->0.0B(89.0M) Survivors: 13.0M->13.0M Heap: 777.2M(2048.0M)->779.2M(2048.0M)]
 [Times: user=1.67 sys=0.01, real=0.21 secs] 
2020-09-29T11:54:53.146+0200: 98.616: [GC pause (G1 Evacuation Pause) (young), 0.2088456 secs]
   [Parallel Time: 205.7 ms, GC Workers: 8]
      [GC Worker Start (ms): Min: 98616.2, Avg: 98616.4, Max: 98616.6, Diff: 0.4]
      [Ext Root Scanning (ms): Min: 0.0, Avg: 0.2, Max: 0.5, Diff: 0.4, Sum: 1.7]
      [Update RS (ms): Min: 21.5, Avg: 22.2, Max: 24.4, Diff: 2.9, Sum: 177.6]
         [Processed Buffers: Min: 6, Avg: 7.9, Max: 11, Diff: 5, Sum: 63]
      [Scan RS (ms): Min: 15.5, Avg: 17.7, Max: 18.5, Diff: 3.0, Sum: 141.4]
      [Code Root Scanning (ms): Min: 0.0, Avg: 0.0, Max: 0.0, Diff: 0.0, Sum: 0.0]
      [Object Copy (ms): Min: 164.5, Avg: 164.7, Max: 164.9, Diff: 0.4, Sum: 1317.8]
      [Termination (ms): Min: 0.0, Avg: 0.0, Max: 0.1, Diff: 0.1, Sum: 0.3]
         [Termination Attempts: Min: 1, Avg: 63.9, Max: 78, Diff: 77, Sum: 511]
      [GC Worker Other (ms): Min: 0.0, Avg: 0.1, Max: 0.2, Diff: 0.2, Sum: 0.7]
      [GC Worker Total (ms): Min: 204.7, Avg: 205.0, Max: 205.2, Diff: 0.5, Sum: 1639.6]
      [GC Worker End (ms): Min: 98821.3, Avg: 98821.3, Max: 98821.5, Diff: 0.2]
   [Code Root Fixup: 0.0 ms]
   [Code Root Purge: 0.0 ms]
   [Clear CT: 0.8 ms]
   [Other: 2.4 ms]
      [Choose CSet: 0.0 ms]
      [Ref Proc: 0.6 ms]
      [Ref Enq: 0.0 ms]
      [Redirty Cards: 1.0 ms]
      [Humongous Register: 0.1 ms]
      [Humongous Reclaim: 0.0 ms]
      [Free CSet: 0.3 ms]
   [Eden: 89.0M(89.0M)->0.0B(89.0M) Survivors: 13.0M->13.0M Heap: 883.5M(2048.0M)->885.0M(2048.0M)]
 [Times: user=1.63 sys=0.00, real=0.21 secs] 
2020-09-29T11:54:53.548+0200: 99.019: [GC pause (G1 Evacuation Pause) (young), 0.2020006 secs]
   [Parallel Time: 199.3 ms, GC Workers: 8]
      [GC Worker Start (ms): Min: 99018.9, Avg: 99019.1, Max: 99019.3, Diff: 0.4]
      [Ext Root Scanning (ms): Min: 0.0, Avg: 0.2, Max: 0.4, Diff: 0.4, Sum: 1.7]
      [Update RS (ms): Min: 12.1, Avg: 13.2, Max: 14.0, Diff: 2.0, Sum: 106.0]
         [Processed Buffers: Min: 3, Avg: 4.1, Max: 6, Diff: 3, Sum: 33]
      [Scan RS (ms): Min: 20.4, Avg: 21.3, Max: 22.4, Diff: 1.9, Sum: 170.2]
      [Code Root Scanning (ms): Min: 0.0, Avg: 0.0, Max: 0.0, Diff: 0.0, Sum: 0.0]
      [Object Copy (ms): Min: 163.6, Avg: 163.7, Max: 163.9, Diff: 0.3, Sum: 1309.9]
      [Termination (ms): Min: 0.0, Avg: 0.2, Max: 0.2, Diff: 0.2, Sum: 1.2]
         [Termination Attempts: Min: 1, Avg: 262.1, Max: 340, Diff: 339, Sum: 2097]
      [GC Worker Other (ms): Min: 0.0, Avg: 0.1, Max: 0.1, Diff: 0.1, Sum: 0.5]
      [GC Worker Total (ms): Min: 198.5, Avg: 198.7, Max: 198.9, Diff: 0.5, Sum: 1589.6]
      [GC Worker End (ms): Min: 99217.8, Avg: 99217.8, Max: 99217.9, Diff: 0.1]
   [Code Root Fixup: 0.0 ms]
   [Code Root Purge: 0.0 ms]
   [Clear CT: 0.8 ms]
   [Other: 1.9 ms]
      [Choose CSet: 0.0 ms]
      [Ref Proc: 0.5 ms]
      [Ref Enq: 0.0 ms]
      [Redirty Cards: 0.6 ms]
      [Humongous Register: 0.1 ms]
      [Humongous Reclaim: 0.0 ms]
      [Free CSet: 0.3 ms]
   [Eden: 89.0M(89.0M)->0.0B(89.0M) Survivors: 13.0M->13.0M Heap: 987.3M(2048.0M)->989.3M(2048.0M)]
 [Times: user=1.63 sys=0.00, real=0.20 secs] 
2020-09-29T11:54:53.770+0200: 99.240: [GC pause (G1 Humongous Allocation) (young) (initial-mark), 0.0821217 secs]
   [Parallel Time: 78.0 ms, GC Workers: 8]
      [GC Worker Start (ms): Min: 99240.2, Avg: 99240.5, Max: 99240.8, Diff: 0.6]
      [Ext Root Scanning (ms): Min: 0.0, Avg: 6.1, Max: 31.9, Diff: 31.9, Sum: 48.6]
      [Update RS (ms): Min: 6.1, Avg: 33.0, Max: 43.2, Diff: 37.1, Sum: 263.7]
         [Processed Buffers: Min: 2, Avg: 10.8, Max: 15, Diff: 13, Sum: 86]
      [Scan RS (ms): Min: 0.0, Avg: 4.4, Max: 13.1, Diff: 13.1, Sum: 34.8]
      [Code Root Scanning (ms): Min: 0.0, Avg: 0.0, Max: 0.0, Diff: 0.0, Sum: 0.0]
      [Object Copy (ms): Min: 25.5, Avg: 33.8, Max: 35.3, Diff: 9.8, Sum: 270.2]
      [Termination (ms): Min: 0.0, Avg: 0.1, Max: 0.1, Diff: 0.1, Sum: 0.4]
         [Termination Attempts: Min: 1, Avg: 90.4, Max: 126, Diff: 125, Sum: 723]
      [GC Worker Other (ms): Min: 0.0, Avg: 0.1, Max: 0.1, Diff: 0.1, Sum: 0.4]
      [GC Worker Total (ms): Min: 76.9, Avg: 77.3, Max: 77.5, Diff: 0.6, Sum: 618.1]
      [GC Worker End (ms): Min: 99317.7, Avg: 99317.7, Max: 99317.8, Diff: 0.1]
   [Code Root Fixup: 0.0 ms]
   [Code Root Purge: 0.0 ms]
   [Clear CT: 1.0 ms]
   [Other: 3.1 ms]
      [Choose CSet: 0.0 ms]
      [Ref Proc: 1.0 ms]
      [Ref Enq: 0.0 ms]
      [Redirty Cards: 1.2 ms]
      [Humongous Register: 0.1 ms]
      [Humongous Reclaim: 0.0 ms]
      [Free CSet: 0.1 ms]
   [Eden: 2048.0K(89.0M)->0.0B(98.0M) Survivors: 13.0M->4096.0K Heap: 990.8M(2048.0M)->995.3M(2048.0M)]
 [Times: user=0.58 sys=0.00, real=0.08 secs] 
2020-09-29T11:54:53.852+0200: 99.322: [GC concurrent-root-region-scan-start]
2020-09-29T11:54:53.854+0200: 99.324: [GC concurrent-root-region-scan-end, 0.0019944 secs]
2020-09-29T11:54:53.854+0200: 99.324: [GC concurrent-mark-start]
2020-09-29T11:54:53.863+0200: 99.333: [GC concurrent-mark-end, 0.0090425 secs]
2020-09-29T11:54:53.864+0200: 99.334: [GC remark 2020-09-29T11:54:53.864+0200: 99.334: [Finalize Marking, 0.0005844 secs] 2020-09-29T11:54:53.864+0200: 99.335: [GC ref-proc, 0.0011025 secs] 2020-09-29T11:54:53.866+0200: 99.336: [Unloading, 0.0022859 secs], 0.0057851 secs]
 [Times: user=0.00 sys=0.00, real=0.01 secs] 
2020-09-29T11:54:53.871+0200: 99.341: [GC cleanup 1002M->22M(2048M), 0.0057515 secs]
 [Times: user=0.00 sys=0.00, real=0.01 secs] 
2020-09-29T11:54:53.877+0200: 99.347: [GC concurrent-cleanup-start]
2020-09-29T11:54:53.881+0200: 99.352: [GC concurrent-cleanup-end, 0.0044160 secs]
2020-09-29T11:54:54.066+0200: 99.536: [GC pause (G1 Evacuation Pause) (young), 0.1991341 secs]
   [Parallel Time: 195.7 ms, GC Workers: 8]
      [GC Worker Start (ms): Min: 99536.6, Avg: 99536.9, Max: 99537.1, Diff: 0.5]
      [Ext Root Scanning (ms): Min: 0.0, Avg: 0.2, Max: 0.5, Diff: 0.5, Sum: 1.7]
      [Update RS (ms): Min: 12.3, Avg: 13.9, Max: 18.7, Diff: 6.3, Sum: 111.5]
         [Processed Buffers: Min: 0, Avg: 4.1, Max: 6, Diff: 6, Sum: 33]
      [Scan RS (ms): Min: 16.4, Avg: 20.8, Max: 22.5, Diff: 6.1, Sum: 166.6]
      [Code Root Scanning (ms): Min: 0.0, Avg: 0.0, Max: 0.0, Diff: 0.0, Sum: 0.0]
      [Object Copy (ms): Min: 159.3, Avg: 159.6, Max: 159.7, Diff: 0.4, Sum: 1276.7]
      [Termination (ms): Min: 0.0, Avg: 0.0, Max: 0.0, Diff: 0.0, Sum: 0.1]
         [Termination Attempts: Min: 1, Avg: 4.9, Max: 9, Diff: 8, Sum: 39]
      [GC Worker Other (ms): Min: 0.0, Avg: 0.0, Max: 0.1, Diff: 0.1, Sum: 0.4]
      [GC Worker Total (ms): Min: 194.3, Avg: 194.6, Max: 194.9, Diff: 0.5, Sum: 1557.0]
      [GC Worker End (ms): Min: 99731.5, Avg: 99731.5, Max: 99731.5, Diff: 0.1]
   [Code Root Fixup: 0.0 ms]
   [Code Root Purge: 0.0 ms]
   [Clear CT: 1.0 ms]
   [Other: 2.4 ms]
      [Choose CSet: 0.0 ms]
      [Ref Proc: 0.5 ms]
      [Ref Enq: 0.0 ms]
      [Redirty Cards: 1.0 ms]
      [Humongous Register: 0.1 ms]
      [Humongous Reclaim: 0.0 ms]
      [Free CSet: 0.3 ms]
   [Eden: 98.0M(98.0M)->0.0B(89.0M) Survivors: 4096.0K->13.0M Heap: 131.2M(2048.0M)->130.7M(2048.0M)]
 [Times: user=1.50 sys=0.02, real=0.20 secs] 
2020-09-29T11:54:54.491+0200: 99.961: [GC pause (G1 Evacuation Pause) (young), 0.1982487 secs]
   [Parallel Time: 194.9 ms, GC Workers: 8]
      [GC Worker Start (ms): Min: 99961.1, Avg: 99961.3, Max: 99961.6, Diff: 0.5]
      [Ext Root Scanning (ms): Min: 0.0, Avg: 0.2, Max: 0.5, Diff: 0.5, Sum: 1.6]
      [Update RS (ms): Min: 17.2, Avg: 18.0, Max: 19.3, Diff: 2.1, Sum: 144.3]
         [Processed Buffers: Min: 5, Avg: 6.5, Max: 10, Diff: 5, Sum: 52]
      [Scan RS (ms): Min: 17.3, Avg: 18.7, Max: 19.6, Diff: 2.2, Sum: 149.3]
      [Code Root Scanning (ms): Min: 0.0, Avg: 0.0, Max: 0.0, Diff: 0.0, Sum: 0.0]
      [Object Copy (ms): Min: 157.3, Avg: 157.5, Max: 157.6, Diff: 0.3, Sum: 1259.7]
      [Termination (ms): Min: 0.0, Avg: 0.0, Max: 0.1, Diff: 0.1, Sum: 0.2]
         [Termination Attempts: Min: 1, Avg: 7.5, Max: 11, Diff: 10, Sum: 60]
      [GC Worker Other (ms): Min: 0.0, Avg: 0.0, Max: 0.1, Diff: 0.0, Sum: 0.3]
      [GC Worker Total (ms): Min: 194.2, Avg: 194.4, Max: 194.7, Diff: 0.5, Sum: 1555.4]
      [GC Worker End (ms): Min: 100155.8, Avg: 100155.8, Max: 100155.8, Diff: 0.0]
   [Code Root Fixup: 0.0 ms]
   [Code Root Purge: 0.0 ms]
   [Clear CT: 1.0 ms]
   [Other: 2.4 ms]
      [Choose CSet: 0.0 ms]
      [Ref Proc: 0.7 ms]
      [Ref Enq: 0.0 ms]
      [Redirty Cards: 0.8 ms]
      [Humongous Register: 0.1 ms]
      [Humongous Reclaim: 0.0 ms]
      [Free CSet: 0.3 ms]
   [Eden: 89.0M(89.0M)->0.0B(89.0M) Survivors: 13.0M->13.0M Heap: 234.9M(2048.0M)->235.4M(2048.0M)]
 [Times: user=1.50 sys=0.00, real=0.20 secs] 
2020-09-29T11:54:54.890+0200: 100.360: [GC pause (G1 Evacuation Pause) (young), 0.2114530 secs]
   [Parallel Time: 207.8 ms, GC Workers: 8]
      [GC Worker Start (ms): Min: 100360.2, Avg: 100360.5, Max: 100360.7, Diff: 0.5]
      [Ext Root Scanning (ms): Min: 0.0, Avg: 0.2, Max: 0.5, Diff: 0.5, Sum: 1.6]
      [Update RS (ms): Min: 18.1, Avg: 19.1, Max: 24.4, Diff: 6.3, Sum: 152.4]
         [Processed Buffers: Min: 4, Avg: 6.8, Max: 9, Diff: 5, Sum: 54]
      [Scan RS (ms): Min: 14.1, Avg: 19.3, Max: 20.4, Diff: 6.3, Sum: 154.7]
      [Code Root Scanning (ms): Min: 0.0, Avg: 0.0, Max: 0.0, Diff: 0.0, Sum: 0.0]
      [Object Copy (ms): Min: 168.1, Avg: 168.2, Max: 168.4, Diff: 0.2, Sum: 1345.8]
      [Termination (ms): Min: 0.0, Avg: 0.0, Max: 0.0, Diff: 0.0, Sum: 0.2]
         [Termination Attempts: Min: 1, Avg: 46.3, Max: 65, Diff: 64, Sum: 370]
      [GC Worker Other (ms): Min: 0.0, Avg: 0.1, Max: 0.2, Diff: 0.1, Sum: 0.6]
      [GC Worker Total (ms): Min: 206.7, Avg: 206.9, Max: 207.3, Diff: 0.6, Sum: 1655.4]
      [GC Worker End (ms): Min: 100567.3, Avg: 100567.4, Max: 100567.5, Diff: 0.1]
   [Code Root Fixup: 0.0 ms]
   [Code Root Purge: 0.0 ms]
   [Clear CT: 0.5 ms]
   [Other: 3.2 ms]
      [Choose CSet: 0.0 ms]
      [Ref Proc: 1.0 ms]
      [Ref Enq: 0.0 ms]
      [Redirty Cards: 1.5 ms]
      [Humongous Register: 0.1 ms]
      [Humongous Reclaim: 0.0 ms]
      [Free CSet: 0.2 ms]
   [Eden: 89.0M(89.0M)->0.0B(89.0M) Survivors: 13.0M->13.0M Heap: 339.7M(2048.0M)->342.2M(2048.0M)]
 [Times: user=1.61 sys=0.00, real=0.21 secs] 
2020-09-29T11:54:55.171+0200: 100.642: [GC pause (G1 Evacuation Pause) (young), 0.0732860 secs]
   [Parallel Time: 71.9 ms, GC Workers: 8]
      [GC Worker Start (ms): Min: 100641.8, Avg: 100641.9, Max: 100642.0, Diff: 0.2]
      [Ext Root Scanning (ms): Min: 0.0, Avg: 0.1, Max: 0.2, Diff: 0.2, Sum: 0.8]
      [Update RS (ms): Min: 7.7, Avg: 8.3, Max: 8.7, Diff: 1.0, Sum: 66.5]
         [Processed Buffers: Min: 6, Avg: 7.0, Max: 9, Diff: 3, Sum: 56]
      [Scan RS (ms): Min: 5.4, Avg: 5.8, Max: 6.4, Diff: 1.0, Sum: 46.3]
      [Code Root Scanning (ms): Min: 0.0, Avg: 0.0, Max: 0.0, Diff: 0.0, Sum: 0.0]
      [Object Copy (ms): Min: 57.3, Avg: 57.4, Max: 57.4, Diff: 0.1, Sum: 459.1]
      [Termination (ms): Min: 0.0, Avg: 0.1, Max: 0.1, Diff: 0.1, Sum: 0.6]
         [Termination Attempts: Min: 1, Avg: 312.6, Max: 389, Diff: 388, Sum: 2501]
      [GC Worker Other (ms): Min: 0.0, Avg: 0.0, Max: 0.1, Diff: 0.1, Sum: 0.2]
      [GC Worker Total (ms): Min: 71.6, Avg: 71.7, Max: 71.8, Diff: 0.2, Sum: 573.5]
      [GC Worker End (ms): Min: 100713.5, Avg: 100713.5, Max: 100713.6, Diff: 0.1]
   [Code Root Fixup: 0.0 ms]
   [Code Root Purge: 0.0 ms]
   [Clear CT: 0.3 ms]
   [Other: 1.1 ms]
      [Choose CSet: 0.0 ms]
      [Ref Proc: 0.2 ms]
      [Ref Enq: 0.0 ms]
      [Redirty Cards: 0.4 ms]
      [Humongous Register: 0.1 ms]
      [Humongous Reclaim: 0.0 ms]
      [Free CSet: 0.1 ms]
   [Eden: 89.0M(89.0M)->0.0B(89.0M) Survivors: 13.0M->13.0M Heap: 444.5M(2048.0M)->446.5M(2048.0M)]
 [Times: user=0.63 sys=0.00, real=0.07 secs] 
2020-09-29T11:54:55.318+0200: 100.788: [GC pause (G1 Evacuation Pause) (young), 0.0736424 secs]
   [Parallel Time: 72.5 ms, GC Workers: 8]
      [GC Worker Start (ms): Min: 100787.9, Avg: 100788.0, Max: 100788.1, Diff: 0.2]
      [Ext Root Scanning (ms): Min: 0.0, Avg: 0.1, Max: 0.2, Diff: 0.2, Sum: 0.9]
      [Update RS (ms): Min: 6.5, Avg: 6.8, Max: 7.0, Diff: 0.4, Sum: 54.0]
         [Processed Buffers: Min: 3, Avg: 5.9, Max: 8, Diff: 5, Sum: 47]
      [Scan RS (ms): Min: 6.3, Avg: 6.6, Max: 6.8, Diff: 0.5, Sum: 52.5]
      [Code Root Scanning (ms): Min: 0.0, Avg: 0.0, Max: 0.0, Diff: 0.0, Sum: 0.0]
      [Object Copy (ms): Min: 58.7, Avg: 58.8, Max: 58.8, Diff: 0.1, Sum: 470.0]
      [Termination (ms): Min: 0.0, Avg: 0.0, Max: 0.1, Diff: 0.1, Sum: 0.3]
         [Termination Attempts: Min: 1, Avg: 200.8, Max: 262, Diff: 261, Sum: 1606]
      [GC Worker Other (ms): Min: 0.0, Avg: 0.0, Max: 0.0, Diff: 0.0, Sum: 0.2]
      [GC Worker Total (ms): Min: 72.1, Avg: 72.2, Max: 72.3, Diff: 0.2, Sum: 578.0]
      [GC Worker End (ms): Min: 100860.2, Avg: 100860.2, Max: 100860.2, Diff: 0.0]
   [Code Root Fixup: 0.0 ms]
   [Code Root Purge: 0.0 ms]
   [Clear CT: 0.3 ms]
   [Other: 0.9 ms]
      [Choose CSet: 0.0 ms]
      [Ref Proc: 0.2 ms]
      [Ref Enq: 0.0 ms]
      [Redirty Cards: 0.2 ms]
      [Humongous Register: 0.1 ms]
      [Humongous Reclaim: 0.0 ms]
      [Free CSet: 0.1 ms]
   [Eden: 89.0M(89.0M)->0.0B(100.0M) Survivors: 13.0M->13.0M Heap: 550.8M(2048.0M)->552.8M(2048.0M)]
 [Times: user=0.50 sys=0.00, real=0.07 secs] 
2020-09-29T11:54:55.464+0200: 100.935: [GC pause (G1 Evacuation Pause) (young), 0.0794619 secs]
   [Parallel Time: 77.1 ms, GC Workers: 8]
      [GC Worker Start (ms): Min: 100934.7, Avg: 100934.9, Max: 100935.4, Diff: 0.7]
      [Ext Root Scanning (ms): Min: 0.0, Avg: 0.1, Max: 0.2, Diff: 0.2, Sum: 1.0]
      [Update RS (ms): Min: 8.4, Avg: 8.7, Max: 9.0, Diff: 0.6, Sum: 69.9]
         [Processed Buffers: Min: 6, Avg: 7.9, Max: 10, Diff: 4, Sum: 63]
      [Scan RS (ms): Min: 6.6, Avg: 6.7, Max: 6.9, Diff: 0.3, Sum: 53.7]
      [Code Root Scanning (ms): Min: 0.0, Avg: 0.0, Max: 0.0, Diff: 0.0, Sum: 0.0]
      [Object Copy (ms): Min: 61.1, Avg: 61.2, Max: 61.3, Diff: 0.2, Sum: 489.3]
      [Termination (ms): Min: 0.0, Avg: 0.0, Max: 0.0, Diff: 0.0, Sum: 0.1]
         [Termination Attempts: Min: 1, Avg: 44.0, Max: 62, Diff: 61, Sum: 352]
      [GC Worker Other (ms): Min: 0.0, Avg: 0.0, Max: 0.1, Diff: 0.0, Sum: 0.2]
      [GC Worker Total (ms): Min: 76.2, Avg: 76.8, Max: 77.0, Diff: 0.7, Sum: 614.2]
      [GC Worker End (ms): Min: 101011.7, Avg: 101011.7, Max: 101011.7, Diff: 0.0]
   [Code Root Fixup: 0.0 ms]
   [Code Root Purge: 0.0 ms]
   [Clear CT: 0.5 ms]
   [Other: 1.8 ms]
      [Choose CSet: 0.0 ms]
      [Ref Proc: 0.3 ms]
      [Ref Enq: 0.0 ms]
      [Redirty Cards: 1.1 ms]
      [Humongous Register: 0.1 ms]
      [Humongous Reclaim: 0.0 ms]
      [Free CSet: 0.1 ms]
   [Eden: 100.0M(100.0M)->0.0B(120.0M) Survivors: 13.0M->15.0M Heap: 670.0M(2048.0M)->672.5M(2048.0M)]
 [Times: user=0.63 sys=0.00, real=0.08 secs] 
2020-09-29T11:54:55.631+0200: 101.102: [GC pause (G1 Evacuation Pause) (young), 0.0913417 secs]
   [Parallel Time: 90.2 ms, GC Workers: 8]
      [GC Worker Start (ms): Min: 101101.7, Avg: 101101.7, Max: 101101.9, Diff: 0.2]
      [Ext Root Scanning (ms): Min: 0.0, Avg: 0.1, Max: 0.2, Diff: 0.2, Sum: 0.8]
      [Update RS (ms): Min: 7.6, Avg: 8.0, Max: 8.6, Diff: 1.0, Sum: 64.0]
         [Processed Buffers: Min: 6, Avg: 6.9, Max: 8, Diff: 2, Sum: 55]
      [Scan RS (ms): Min: 8.2, Avg: 8.8, Max: 9.2, Diff: 1.0, Sum: 70.5]
      [Code Root Scanning (ms): Min: 0.0, Avg: 0.0, Max: 0.0, Diff: 0.0, Sum: 0.0]
      [Object Copy (ms): Min: 73.0, Avg: 73.0, Max: 73.1, Diff: 0.1, Sum: 584.3]
      [Termination (ms): Min: 0.0, Avg: 0.0, Max: 0.0, Diff: 0.0, Sum: 0.0]
         [Termination Attempts: Min: 1, Avg: 10.5, Max: 14, Diff: 13, Sum: 84]
      [GC Worker Other (ms): Min: 0.0, Avg: 0.0, Max: 0.1, Diff: 0.0, Sum: 0.2]
      [GC Worker Total (ms): Min: 89.9, Avg: 90.0, Max: 90.1, Diff: 0.2, Sum: 719.8]
      [GC Worker End (ms): Min: 101191.7, Avg: 101191.7, Max: 101191.7, Diff: 0.0]
   [Code Root Fixup: 0.0 ms]
   [Code Root Purge: 0.0 ms]
   [Clear CT: 0.2 ms]
   [Other: 0.9 ms]
      [Choose CSet: 0.0 ms]
      [Ref Proc: 0.2 ms]
      [Ref Enq: 0.0 ms]
      [Redirty Cards: 0.3 ms]
      [Humongous Register: 0.1 ms]
      [Humongous Reclaim: 0.0 ms]
      [Free CSet: 0.1 ms]
   [Eden: 120.0M(120.0M)->0.0B(139.0M) Survivors: 15.0M->17.0M Heap: 811.5M(2048.0M)->814.0M(2048.0M)]
 [Times: user=0.64 sys=0.00, real=0.09 secs] 
2020-09-29T11:54:55.821+0200: 101.291: [GC pause (G1 Evacuation Pause) (young), 0.1079983 secs]
   [Parallel Time: 106.5 ms, GC Workers: 8]
      [GC Worker Start (ms): Min: 101291.3, Avg: 101291.4, Max: 101291.5, Diff: 0.2]
      [Ext Root Scanning (ms): Min: 0.0, Avg: 0.1, Max: 0.2, Diff: 0.2, Sum: 0.6]
      [Update RS (ms): Min: 9.7, Avg: 9.9, Max: 10.1, Diff: 0.4, Sum: 79.2]
         [Processed Buffers: Min: 8, Avg: 9.6, Max: 13, Diff: 5, Sum: 77]
      [Scan RS (ms): Min: 9.9, Avg: 10.1, Max: 10.2, Diff: 0.4, Sum: 80.6]
      [Code Root Scanning (ms): Min: 0.0, Avg: 0.0, Max: 0.0, Diff: 0.0, Sum: 0.0]
      [Object Copy (ms): Min: 86.0, Avg: 86.1, Max: 86.1, Diff: 0.1, Sum: 688.5]
      [Termination (ms): Min: 0.0, Avg: 0.1, Max: 0.1, Diff: 0.1, Sum: 0.4]
         [Termination Attempts: Min: 1, Avg: 238.0, Max: 302, Diff: 301, Sum: 1904]
      [GC Worker Other (ms): Min: 0.0, Avg: 0.0, Max: 0.1, Diff: 0.1, Sum: 0.4]
      [GC Worker Total (ms): Min: 106.1, Avg: 106.2, Max: 106.4, Diff: 0.3, Sum: 849.7]
      [GC Worker End (ms): Min: 101397.6, Avg: 101397.7, Max: 101397.7, Diff: 0.1]
   [Code Root Fixup: 0.0 ms]
   [Code Root Purge: 0.0 ms]
   [Clear CT: 0.3 ms]
   [Other: 1.2 ms]
      [Choose CSet: 0.0 ms]
      [Ref Proc: 0.2 ms]
      [Ref Enq: 0.0 ms]
      [Redirty Cards: 0.6 ms]
      [Humongous Register: 0.0 ms]
      [Humongous Reclaim: 0.0 ms]
      [Free CSet: 0.1 ms]
   [Eden: 139.0M(139.0M)->0.0B(154.0M) Survivors: 17.0M->20.0M Heap: 977.8M(2048.0M)->979.3M(2048.0M)]
 [Times: user=0.88 sys=0.00, real=0.12 secs] 
2020-09-29T11:54:55.945+0200: 101.416: [GC pause (G1 Humongous Allocation) (young) (initial-mark), 0.0434815 secs]
   [Parallel Time: 42.3 ms, GC Workers: 8]
      [GC Worker Start (ms): Min: 101415.6, Avg: 101415.8, Max: 101415.9, Diff: 0.3]
      [Ext Root Scanning (ms): Min: 0.0, Avg: 0.3, Max: 0.8, Diff: 0.8, Sum: 2.3]
      [Update RS (ms): Min: 20.1, Avg: 20.5, Max: 21.2, Diff: 1.0, Sum: 163.8]
         [Processed Buffers: Min: 16, Avg: 18.5, Max: 22, Diff: 6, Sum: 148]
      [Scan RS (ms): Min: 1.2, Avg: 1.7, Max: 2.2, Diff: 1.1, Sum: 13.8]
      [Code Root Scanning (ms): Min: 0.0, Avg: 0.0, Max: 0.0, Diff: 0.0, Sum: 0.0]
      [Object Copy (ms): Min: 19.5, Avg: 19.6, Max: 19.7, Diff: 0.1, Sum: 156.9]
      [Termination (ms): Min: 0.0, Avg: 0.0, Max: 0.0, Diff: 0.0, Sum: 0.0]
         [Termination Attempts: Min: 1, Avg: 22.5, Max: 36, Diff: 35, Sum: 180]
      [GC Worker Other (ms): Min: 0.0, Avg: 0.0, Max: 0.0, Diff: 0.0, Sum: 0.2]
      [GC Worker Total (ms): Min: 42.0, Avg: 42.1, Max: 42.3, Diff: 0.3, Sum: 337.1]
      [GC Worker End (ms): Min: 101457.9, Avg: 101457.9, Max: 101457.9, Diff: 0.0]
   [Code Root Fixup: 0.0 ms]
   [Code Root Purge: 0.0 ms]
   [Clear CT: 0.2 ms]
   [Other: 0.9 ms]
      [Choose CSet: 0.0 ms]
      [Ref Proc: 0.3 ms]
      [Ref Enq: 0.0 ms]
      [Redirty Cards: 0.3 ms]
      [Humongous Register: 0.0 ms]
      [Humongous Reclaim: 0.0 ms]
      [Free CSet: 0.1 ms]
   [Eden: 12.0M(154.0M)->0.0B(176.0M) Survivors: 20.0M->14.0M Heap: 990.8M(2048.0M)->995.3M(2048.0M)]
 [Times: user=0.25 sys=0.01, real=0.04 secs] 
2020-09-29T11:54:55.989+0200: 101.459: [GC concurrent-root-region-scan-start]
2020-09-29T11:54:55.992+0200: 101.463: [GC concurrent-root-region-scan-end, 0.0034656 secs]
2020-09-29T11:54:55.992+0200: 101.463: [GC concurrent-mark-start]
2020-09-29T11:54:55.995+0200: 101.466: [GC concurrent-mark-end, 0.0029505 secs]
2020-09-29T11:54:55.996+0200: 101.466: [GC remark 2020-09-29T11:54:55.996+0200: 101.466: [Finalize Marking, 0.0003322 secs] 2020-09-29T11:54:55.996+0200: 101.466: [GC ref-proc, 0.0003818 secs] 2020-09-29T11:54:55.997+0200: 101.467: [Unloading, 0.0006628 secs], 0.0018522 secs]
 [Times: user=0.00 sys=0.00, real=0.00 secs] 
2020-09-29T11:54:55.998+0200: 101.468: [GC cleanup 1007M->37M(2048M), 0.0016513 secs]
 [Times: user=0.00 sys=0.00, real=0.00 secs] 
2020-09-29T11:54:56.000+0200: 101.470: [GC concurrent-cleanup-start]
2020-09-29T11:54:56.001+0200: 101.471: [GC concurrent-cleanup-end, 0.0014312 secs]
2020-09-29T11:54:56.116+0200: 101.586: [GC pause (G1 Evacuation Pause) (young), 0.1229597 secs]
   [Parallel Time: 121.7 ms, GC Workers: 8]
      [GC Worker Start (ms): Min: 101586.6, Avg: 101586.7, Max: 101586.8, Diff: 0.2]
      [Ext Root Scanning (ms): Min: 0.0, Avg: 0.1, Max: 0.2, Diff: 0.2, Sum: 0.7]
      [Update RS (ms): Min: 10.2, Avg: 10.5, Max: 11.2, Diff: 1.1, Sum: 84.0]
         [Processed Buffers: Min: 8, Avg: 9.4, Max: 12, Diff: 4, Sum: 75]
      [Scan RS (ms): Min: 11.0, Avg: 11.7, Max: 12.1, Diff: 1.1, Sum: 93.9]
      [Code Root Scanning (ms): Min: 0.0, Avg: 0.0, Max: 0.0, Diff: 0.0, Sum: 0.0]
      [Object Copy (ms): Min: 99.0, Avg: 99.1, Max: 99.1, Diff: 0.1, Sum: 792.6]
      [Termination (ms): Min: 0.0, Avg: 0.0, Max: 0.0, Diff: 0.0, Sum: 0.0]
         [Termination Attempts: Min: 1, Avg: 9.3, Max: 19, Diff: 18, Sum: 74]
      [GC Worker Other (ms): Min: 0.0, Avg: 0.0, Max: 0.1, Diff: 0.1, Sum: 0.3]
      [GC Worker Total (ms): Min: 121.4, Avg: 121.4, Max: 121.5, Diff: 0.2, Sum: 971.6]
      [GC Worker End (ms): Min: 101708.1, Avg: 101708.2, Max: 101708.2, Diff: 0.1]
   [Code Root Fixup: 0.0 ms]
   [Code Root Purge: 0.0 ms]
   [Clear CT: 0.2 ms]
   [Other: 1.0 ms]
      [Choose CSet: 0.0 ms]
      [Ref Proc: 0.2 ms]
      [Ref Enq: 0.0 ms]
      [Redirty Cards: 0.3 ms]
      [Humongous Register: 0.0 ms]
      [Humongous Reclaim: 0.0 ms]
      [Free CSet: 0.2 ms]
   [Eden: 176.0M(176.0M)->0.0B(183.0M) Survivors: 14.0M->24.0M Heap: 232.5M(2048.0M)->220.5M(2048.0M)]
 [Times: user=0.88 sys=0.02, real=0.12 secs] 
2020-09-29T11:54:56.378+0200: 101.849: [GC pause (G1 Evacuation Pause) (young), 0.1394420 secs]
   [Parallel Time: 137.6 ms, GC Workers: 8]
      [GC Worker Start (ms): Min: 101848.6, Avg: 101848.8, Max: 101848.8, Diff: 0.2]
      [Ext Root Scanning (ms): Min: 0.0, Avg: 0.1, Max: 0.2, Diff: 0.2, Sum: 0.7]
      [Update RS (ms): Min: 10.2, Avg: 10.3, Max: 10.5, Diff: 0.4, Sum: 82.3]
         [Processed Buffers: Min: 8, Avg: 9.0, Max: 10, Diff: 2, Sum: 72]
      [Scan RS (ms): Min: 13.5, Avg: 13.7, Max: 13.9, Diff: 0.4, Sum: 110.0]
      [Code Root Scanning (ms): Min: 0.0, Avg: 0.0, Max: 0.0, Diff: 0.0, Sum: 0.0]
      [Object Copy (ms): Min: 112.9, Avg: 113.1, Max: 113.3, Diff: 0.3, Sum: 904.5]
      [Termination (ms): Min: 0.0, Avg: 0.2, Max: 0.2, Diff: 0.2, Sum: 1.2]
         [Termination Attempts: Min: 1, Avg: 682.8, Max: 916, Diff: 915, Sum: 5462]
      [GC Worker Other (ms): Min: 0.0, Avg: 0.0, Max: 0.1, Diff: 0.0, Sum: 0.3]
      [GC Worker Total (ms): Min: 137.3, Avg: 137.4, Max: 137.5, Diff: 0.2, Sum: 1099.0]
      [GC Worker End (ms): Min: 101986.1, Avg: 101986.1, Max: 101986.2, Diff: 0.0]
   [Code Root Fixup: 0.0 ms]
   [Code Root Purge: 0.0 ms]
   [Clear CT: 0.3 ms]
   [Other: 1.5 ms]
      [Choose CSet: 0.0 ms]
      [Ref Proc: 0.2 ms]
      [Ref Enq: 0.0 ms]
      [Redirty Cards: 0.8 ms]
      [Humongous Register: 0.0 ms]
      [Humongous Reclaim: 0.0 ms]
      [Free CSet: 0.2 ms]
   [Eden: 175.0M(175.0M)->0.0B(195.0M) Survivors: 24.0M->25.0M Heap: 424.1M(2048.0M)->426.1M(2048.0M)]
 [Times: user=1.13 sys=0.00, real=0.14 secs] 
2020-09-29T11:54:56.656+0200: 102.127: [GC pause (G1 Evacuation Pause) (young), 0.1407435 secs]
   [Parallel Time: 139.2 ms, GC Workers: 8]
      [GC Worker Start (ms): Min: 102126.8, Avg: 102126.9, Max: 102127.0, Diff: 0.2]
      [Ext Root Scanning (ms): Min: 0.0, Avg: 0.1, Max: 0.2, Diff: 0.2, Sum: 0.5]
      [Update RS (ms): Min: 10.3, Avg: 10.6, Max: 11.0, Diff: 0.7, Sum: 84.8]
         [Processed Buffers: Min: 8, Avg: 9.3, Max: 11, Diff: 3, Sum: 74]
      [Scan RS (ms): Min: 14.0, Avg: 14.4, Max: 14.7, Diff: 0.7, Sum: 115.3]
      [Code Root Scanning (ms): Min: 0.0, Avg: 0.0, Max: 0.0, Diff: 0.0, Sum: 0.0]
      [Object Copy (ms): Min: 113.7, Avg: 113.8, Max: 113.8, Diff: 0.1, Sum: 910.0]
      [Termination (ms): Min: 0.0, Avg: 0.0, Max: 0.0, Diff: 0.0, Sum: 0.1]
         [Termination Attempts: Min: 1, Avg: 73.3, Max: 96, Diff: 95, Sum: 586]
      [GC Worker Other (ms): Min: 0.0, Avg: 0.0, Max: 0.1, Diff: 0.0, Sum: 0.3]
      [GC Worker Total (ms): Min: 138.8, Avg: 138.9, Max: 139.0, Diff: 0.2, Sum: 1111.1]
      [GC Worker End (ms): Min: 102265.8, Avg: 102265.8, Max: 102265.8, Diff: 0.0]
   [Code Root Fixup: 0.0 ms]
   [Code Root Purge: 0.0 ms]
   [Clear CT: 0.3 ms]
   [Other: 1.3 ms]
      [Choose CSet: 0.0 ms]
      [Ref Proc: 0.3 ms]
      [Ref Enq: 0.0 ms]
      [Redirty Cards: 0.4 ms]
      [Humongous Register: 0.1 ms]
      [Humongous Reclaim: 0.0 ms]
      [Free CSet: 0.2 ms]
   [Eden: 184.0M(183.0M)->0.0B(209.0M) Survivors: 25.0M->26.0M Heap: 640.6M(2048.0M)->642.6M(2048.0M)]
 [Times: user=1.13 sys=0.00, real=0.14 secs] 
2020-09-29T11:54:56.953+0200: 102.423: [GC pause (G1 Evacuation Pause) (young), 0.1676067 secs]
   [Parallel Time: 166.3 ms, GC Workers: 8]
      [GC Worker Start (ms): Min: 102423.4, Avg: 102423.6, Max: 102423.7, Diff: 0.2]
      [Ext Root Scanning (ms): Min: 0.0, Avg: 0.1, Max: 0.2, Diff: 0.2, Sum: 0.6]
      [Update RS (ms): Min: 14.2, Avg: 14.5, Max: 15.3, Diff: 1.1, Sum: 115.9]
         [Processed Buffers: Min: 10, Avg: 12.8, Max: 18, Diff: 8, Sum: 102]
      [Scan RS (ms): Min: 14.9, Avg: 15.8, Max: 16.1, Diff: 1.2, Sum: 126.2]
      [Code Root Scanning (ms): Min: 0.0, Avg: 0.0, Max: 0.0, Diff: 0.0, Sum: 0.0]
      [Object Copy (ms): Min: 135.4, Avg: 135.4, Max: 135.6, Diff: 0.3, Sum: 1083.6]
      [Termination (ms): Min: 0.0, Avg: 0.2, Max: 0.2, Diff: 0.2, Sum: 1.2]
         [Termination Attempts: Min: 1, Avg: 772.3, Max: 927, Diff: 926, Sum: 6178]
      [GC Worker Other (ms): Min: 0.0, Avg: 0.1, Max: 0.1, Diff: 0.1, Sum: 0.4]
      [GC Worker Total (ms): Min: 165.9, Avg: 166.0, Max: 166.1, Diff: 0.2, Sum: 1327.9]
      [GC Worker End (ms): Min: 102589.5, Avg: 102589.5, Max: 102589.6, Diff: 0.1]
   [Code Root Fixup: 0.0 ms]
   [Code Root Purge: 0.0 ms]
   [Clear CT: 0.2 ms]
   [Other: 1.1 ms]
      [Choose CSet: 0.0 ms]
      [Ref Proc: 0.3 ms]
      [Ref Enq: 0.0 ms]
      [Redirty Cards: 0.3 ms]
      [Humongous Register: 0.0 ms]
      [Humongous Reclaim: 0.0 ms]
      [Free CSet: 0.3 ms]
   [Eden: 209.0M(209.0M)->0.0B(202.0M) Survivors: 26.0M->30.0M Heap: 887.9M(2048.0M)->889.9M(2048.0M)]
 [Times: user=1.38 sys=0.00, real=0.17 secs] 
2020-09-29T11:54:57.273+0200: 102.744: [GC pause (G1 Evacuation Pause) (young), 0.1552377 secs]
   [Parallel Time: 154.0 ms, GC Workers: 8]
      [GC Worker Start (ms): Min: 102743.8, Avg: 102743.9, Max: 102744.0, Diff: 0.2]
      [Ext Root Scanning (ms): Min: 0.0, Avg: 0.1, Max: 0.2, Diff: 0.2, Sum: 0.7]
      [Update RS (ms): Min: 13.6, Avg: 14.0, Max: 14.5, Diff: 0.9, Sum: 112.2]
         [Processed Buffers: Min: 10, Avg: 11.8, Max: 13, Diff: 3, Sum: 94]
      [Scan RS (ms): Min: 14.8, Avg: 15.3, Max: 15.8, Diff: 1.0, Sum: 122.3]
      [Code Root Scanning (ms): Min: 0.0, Avg: 0.0, Max: 0.0, Diff: 0.0, Sum: 0.0]
      [Object Copy (ms): Min: 124.1, Avg: 124.2, Max: 124.3, Diff: 0.2, Sum: 993.7]
      [Termination (ms): Min: 0.0, Avg: 0.0, Max: 0.0, Diff: 0.0, Sum: 0.0]
         [Termination Attempts: Min: 1, Avg: 3.0, Max: 5, Diff: 4, Sum: 24]
      [GC Worker Other (ms): Min: 0.0, Avg: 0.0, Max: 0.1, Diff: 0.1, Sum: 0.3]
      [GC Worker Total (ms): Min: 153.6, Avg: 153.7, Max: 153.8, Diff: 0.2, Sum: 1229.3]
      [GC Worker End (ms): Min: 102897.6, Avg: 102897.6, Max: 102897.6, Diff: 0.1]
   [Code Root Fixup: 0.0 ms]
   [Code Root Purge: 0.0 ms]
   [Clear CT: 0.2 ms]
   [Other: 1.0 ms]
      [Choose CSet: 0.0 ms]
      [Ref Proc: 0.3 ms]
      [Ref Enq: 0.0 ms]
      [Redirty Cards: 0.4 ms]
      [Humongous Register: 0.1 ms]
      [Humongous Reclaim: 0.0 ms]
      [Free CSet: 0.2 ms]
   [Eden: 202.0M(202.0M)->0.0B(209.0M) Survivors: 30.0M->29.0M Heap: 1124.3M(2048.0M)->1125.8M(2048.0M)]
 [Times: user=1.23 sys=0.00, real=0.16 secs] 
2020-09-29T11:54:57.432+0200: 102.902: [GC pause (G1 Humongous Allocation) (young) (initial-mark), 0.0720231 secs]
   [Parallel Time: 70.8 ms, GC Workers: 8]
      [GC Worker Start (ms): Min: 102902.2, Avg: 102902.3, Max: 102902.4, Diff: 0.2]
      [Ext Root Scanning (ms): Min: 0.0, Avg: 0.9, Max: 5.4, Diff: 5.4, Sum: 7.3]
      [Update RS (ms): Min: 42.2, Avg: 47.0, Max: 47.9, Diff: 5.8, Sum: 375.8]
         [Processed Buffers: Min: 26, Avg: 37.9, Max: 42, Diff: 16, Sum: 303]
      [Scan RS (ms): Min: 0.2, Avg: 0.5, Max: 0.7, Diff: 0.5, Sum: 3.6]
      [Code Root Scanning (ms): Min: 0.0, Avg: 0.0, Max: 0.0, Diff: 0.0, Sum: 0.0]
      [Object Copy (ms): Min: 22.1, Avg: 22.2, Max: 22.2, Diff: 0.1, Sum: 177.5]
      [Termination (ms): Min: 0.0, Avg: 0.0, Max: 0.0, Diff: 0.0, Sum: 0.1]
         [Termination Attempts: Min: 1, Avg: 56.9, Max: 73, Diff: 72, Sum: 455]
      [GC Worker Other (ms): Min: 0.0, Avg: 0.0, Max: 0.1, Diff: 0.0, Sum: 0.2]
      [GC Worker Total (ms): Min: 70.4, Avg: 70.6, Max: 70.6, Diff: 0.2, Sum: 564.6]
      [GC Worker End (ms): Min: 102972.9, Avg: 102972.9, Max: 102972.9, Diff: 0.0]
   [Code Root Fixup: 0.0 ms]
   [Code Root Purge: 0.0 ms]
   [Clear CT: 0.3 ms]
   [Other: 1.0 ms]
      [Choose CSet: 0.0 ms]
      [Ref Proc: 0.3 ms]
      [Ref Enq: 0.0 ms]
      [Redirty Cards: 0.2 ms]
      [Humongous Register: 0.1 ms]
      [Humongous Reclaim: 0.0 ms]
      [Free CSet: 0.1 ms]
   [Eden: 4096.0K(209.0M)->0.0B(218.0M) Survivors: 29.0M->6144.0K Heap: 1129.8M(2048.0M)->1134.3M(2048.0M)]
 [Times: user=0.48 sys=0.00, real=0.07 secs] 
2020-09-29T11:54:57.504+0200: 102.974: [GC concurrent-root-region-scan-start]
2020-09-29T11:54:57.505+0200: 102.976: [GC concurrent-root-region-scan-end, 0.0014615 secs]
2020-09-29T11:54:57.505+0200: 102.976: [GC concurrent-mark-start]
2020-09-29T11:54:57.509+0200: 102.979: [GC concurrent-mark-end, 0.0035896 secs]
2020-09-29T11:54:57.526+0200: 102.996: [GC remark 2020-09-29T11:54:57.526+0200: 102.996: [Finalize Marking, 0.0002464 secs] 2020-09-29T11:54:57.526+0200: 102.996: [GC ref-proc, 0.0003830 secs] 2020-09-29T11:54:57.526+0200: 102.997: [Unloading, 0.0005470 secs], 0.0015429 secs]
 [Times: user=0.00 sys=0.00, real=0.00 secs] 
2020-09-29T11:54:57.528+0200: 102.998: [GC cleanup 1140M->23M(2048M), 0.0013174 secs]
 [Times: user=0.00 sys=0.00, real=0.00 secs] 
2020-09-29T11:54:57.529+0200: 102.999: [GC concurrent-cleanup-start]
2020-09-29T11:54:57.531+0200: 103.001: [GC concurrent-cleanup-end, 0.0018047 secs]
2020-09-29T11:54:57.678+0200: 103.148: [GC pause (G1 Evacuation Pause) (young), 0.1559942 secs]
   [Parallel Time: 154.4 ms, GC Workers: 8]
      [GC Worker Start (ms): Min: 103148.0, Avg: 103148.1, Max: 103148.2, Diff: 0.2]
      [Ext Root Scanning (ms): Min: 0.0, Avg: 0.1, Max: 0.2, Diff: 0.2, Sum: 0.7]
      [Update RS (ms): Min: 12.1, Avg: 12.2, Max: 12.3, Diff: 0.1, Sum: 97.5]
         [Processed Buffers: Min: 10, Avg: 11.6, Max: 14, Diff: 4, Sum: 93]
      [Scan RS (ms): Min: 14.5, Avg: 14.6, Max: 14.6, Diff: 0.1, Sum: 116.8]
      [Code Root Scanning (ms): Min: 0.0, Avg: 0.0, Max: 0.0, Diff: 0.0, Sum: 0.0]
      [Object Copy (ms): Min: 126.9, Avg: 127.0, Max: 127.2, Diff: 0.3, Sum: 1016.1]
      [Termination (ms): Min: 0.0, Avg: 0.2, Max: 0.3, Diff: 0.3, Sum: 1.8]
         [Termination Attempts: Min: 1, Avg: 1009.1, Max: 1353, Diff: 1352, Sum: 8073]
      [GC Worker Other (ms): Min: 0.0, Avg: 0.0, Max: 0.1, Diff: 0.0, Sum: 0.3]
      [GC Worker Total (ms): Min: 154.1, Avg: 154.2, Max: 154.3, Diff: 0.2, Sum: 1233.2]
      [GC Worker End (ms): Min: 103302.2, Avg: 103302.3, Max: 103302.3, Diff: 0.0]
   [Code Root Fixup: 0.0 ms]
   [Code Root Purge: 0.0 ms]
   [Clear CT: 0.5 ms]
   [Other: 1.1 ms]
      [Choose CSet: 0.0 ms]
      [Ref Proc: 0.2 ms]
      [Ref Enq: 0.0 ms]
      [Redirty Cards: 0.4 ms]
      [Humongous Register: 0.0 ms]
      [Humongous Reclaim: 0.0 ms]
      [Free CSet: 0.2 ms]
   [Eden: 218.0M(218.0M)->0.0B(206.0M) Survivors: 6144.0K->28.0M Heap: 274.1M(2048.0M)->270.1M(2048.0M)]
 [Times: user=1.11 sys=0.00, real=0.16 secs] 
2020-09-29T11:54:57.982+0200: 103.452: [GC pause (G1 Evacuation Pause) (young), 0.1582446 secs]
   [Parallel Time: 156.7 ms, GC Workers: 8]
      [GC Worker Start (ms): Min: 103452.0, Avg: 103452.1, Max: 103452.2, Diff: 0.2]
      [Ext Root Scanning (ms): Min: 0.0, Avg: 0.1, Max: 0.2, Diff: 0.2, Sum: 0.6]
      [Update RS (ms): Min: 14.8, Avg: 14.9, Max: 15.7, Diff: 0.9, Sum: 119.6]
         [Processed Buffers: Min: 12, Avg: 13.8, Max: 15, Diff: 3, Sum: 110]
      [Scan RS (ms): Min: 14.3, Avg: 15.0, Max: 15.1, Diff: 0.8, Sum: 119.8]
      [Code Root Scanning (ms): Min: 0.0, Avg: 0.0, Max: 0.0, Diff: 0.0, Sum: 0.0]
      [Object Copy (ms): Min: 126.3, Avg: 126.4, Max: 126.5, Diff: 0.1, Sum: 1011.3]
      [Termination (ms): Min: 0.0, Avg: 0.0, Max: 0.0, Diff: 0.0, Sum: 0.1]
         [Termination Attempts: Min: 1, Avg: 51.6, Max: 75, Diff: 74, Sum: 413]
      [GC Worker Other (ms): Min: 0.0, Avg: 0.1, Max: 0.1, Diff: 0.1, Sum: 0.4]
      [GC Worker Total (ms): Min: 156.4, Avg: 156.5, Max: 156.6, Diff: 0.3, Sum: 1251.8]
      [GC Worker End (ms): Min: 103608.6, Avg: 103608.6, Max: 103608.7, Diff: 0.1]
   [Code Root Fixup: 0.0 ms]
   [Code Root Purge: 0.0 ms]
   [Clear CT: 0.3 ms]
   [Other: 1.2 ms]
      [Choose CSet: 0.0 ms]
      [Ref Proc: 0.2 ms]
      [Ref Enq: 0.0 ms]
      [Redirty Cards: 0.4 ms]
      [Humongous Register: 0.0 ms]
      [Humongous Reclaim: 0.0 ms]
      [Free CSet: 0.3 ms]
   [Eden: 206.0M(206.0M)->0.0B(210.0M) Survivors: 28.0M->30.0M Heap: 510.5M(2048.0M)->513.0M(2048.0M)]
 [Times: user=1.25 sys=0.00, real=0.16 secs] 
2020-09-29T11:54:58.305+0200: 103.775: [GC pause (G1 Evacuation Pause) (young), 0.1669895 secs]
   [Parallel Time: 165.5 ms, GC Workers: 8]
      [GC Worker Start (ms): Min: 103775.4, Avg: 103775.6, Max: 103775.7, Diff: 0.2]
      [Ext Root Scanning (ms): Min: 0.0, Avg: 0.1, Max: 0.2, Diff: 0.2, Sum: 0.6]
      [Update RS (ms): Min: 18.3, Avg: 18.5, Max: 18.8, Diff: 0.4, Sum: 148.0]
         [Processed Buffers: Min: 14, Avg: 15.9, Max: 17, Diff: 3, Sum: 127]
      [Scan RS (ms): Min: 14.2, Avg: 14.4, Max: 14.6, Diff: 0.4, Sum: 115.5]
      [Code Root Scanning (ms): Min: 0.0, Avg: 0.0, Max: 0.0, Diff: 0.0, Sum: 0.0]
      [Object Copy (ms): Min: 131.8, Avg: 131.9, Max: 132.0, Diff: 0.2, Sum: 1055.2]
      [Termination (ms): Min: 0.0, Avg: 0.1, Max: 0.2, Diff: 0.1, Sum: 0.9]
         [Termination Attempts: Min: 1, Avg: 318.5, Max: 407, Diff: 406, Sum: 2548]
      [GC Worker Other (ms): Min: 0.0, Avg: 0.0, Max: 0.0, Diff: 0.0, Sum: 0.1]
      [GC Worker Total (ms): Min: 164.9, Avg: 165.0, Max: 165.2, Diff: 0.2, Sum: 1320.3]
      [GC Worker End (ms): Min: 103940.6, Avg: 103940.6, Max: 103940.6, Diff: 0.0]
   [Code Root Fixup: 0.0 ms]
   [Code Root Purge: 0.0 ms]
   [Clear CT: 0.2 ms]
   [Other: 1.3 ms]
      [Choose CSet: 0.0 ms]
      [Ref Proc: 0.3 ms]
      [Ref Enq: 0.0 ms]
      [Redirty Cards: 0.5 ms]
      [Humongous Register: 0.0 ms]
      [Humongous Reclaim: 0.0 ms]
      [Free CSet: 0.3 ms]
   [Eden: 210.0M(210.0M)->0.0B(215.0M) Survivors: 30.0M->30.0M Heap: 757.3M(2048.0M)->759.3M(2048.0M)]
 [Times: user=1.25 sys=0.00, real=0.17 secs] 
2020-09-29T11:54:58.633+0200: 104.103: [GC pause (G1 Evacuation Pause) (young), 0.1737131 secs]
   [Parallel Time: 172.1 ms, GC Workers: 8]
      [GC Worker Start (ms): Min: 104103.1, Avg: 104103.2, Max: 104103.3, Diff: 0.2]
      [Ext Root Scanning (ms): Min: 0.0, Avg: 0.1, Max: 0.2, Diff: 0.2, Sum: 0.7]
      [Update RS (ms): Min: 18.6, Avg: 18.6, Max: 18.7, Diff: 0.2, Sum: 149.0]
         [Processed Buffers: Min: 15, Avg: 16.5, Max: 19, Diff: 4, Sum: 132]
      [Scan RS (ms): Min: 14.3, Avg: 14.5, Max: 14.6, Diff: 0.3, Sum: 115.9]
      [Code Root Scanning (ms): Min: 0.0, Avg: 0.0, Max: 0.0, Diff: 0.0, Sum: 0.0]
      [Object Copy (ms): Min: 138.3, Avg: 138.5, Max: 138.6, Diff: 0.3, Sum: 1107.7]
      [Termination (ms): Min: 0.0, Avg: 0.2, Max: 0.2, Diff: 0.2, Sum: 1.2]
         [Termination Attempts: Min: 1, Avg: 702.9, Max: 857, Diff: 856, Sum: 5623]
      [GC Worker Other (ms): Min: 0.0, Avg: 0.0, Max: 0.1, Diff: 0.1, Sum: 0.4]
      [GC Worker Total (ms): Min: 171.8, Avg: 171.9, Max: 172.0, Diff: 0.1, Sum: 1374.9]
      [GC Worker End (ms): Min: 104275.1, Avg: 104275.1, Max: 104275.1, Diff: 0.1]
   [Code Root Fixup: 0.0 ms]
   [Code Root Purge: 0.0 ms]
   [Clear CT: 0.5 ms]
   [Other: 1.1 ms]
      [Choose CSet: 0.0 ms]
      [Ref Proc: 0.3 ms]
      [Ref Enq: 0.0 ms]
      [Redirty Cards: 0.3 ms]
      [Humongous Register: 0.1 ms]
      [Humongous Reclaim: 0.0 ms]
      [Free CSet: 0.2 ms]
   [Eden: 215.0M(215.0M)->0.0B(216.0M) Survivors: 30.0M->31.0M Heap: 1010.6M(2048.0M)->1012.6M(2048.0M)]
 [Times: user=1.38 sys=0.00, real=0.18 secs] 
2020-09-29T11:54:58.827+0200: 104.296: [GC pause (G1 Humongous Allocation) (young) (initial-mark), 0.0608227 secs]
   [Parallel Time: 59.9 ms, GC Workers: 8]
      [GC Worker Start (ms): Min: 104296.6, Avg: 104296.7, Max: 104296.8, Diff: 0.2]
      [Ext Root Scanning (ms): Min: 0.0, Avg: 0.1, Max: 0.2, Diff: 0.2, Sum: 0.8]
      [Update RS (ms): Min: 32.2, Avg: 32.4, Max: 32.7, Diff: 0.5, Sum: 259.4]
         [Processed Buffers: Min: 26, Avg: 28.3, Max: 30, Diff: 4, Sum: 226]
      [Scan RS (ms): Min: 2.4, Avg: 2.7, Max: 3.0, Diff: 0.6, Sum: 21.6]
      [Code Root Scanning (ms): Min: 0.0, Avg: 0.0, Max: 0.0, Diff: 0.0, Sum: 0.0]
      [Object Copy (ms): Min: 24.2, Avg: 24.3, Max: 24.4, Diff: 0.1, Sum: 194.5]
      [Termination (ms): Min: 0.0, Avg: 0.0, Max: 0.0, Diff: 0.0, Sum: 0.0]
         [Termination Attempts: Min: 1, Avg: 19.3, Max: 29, Diff: 28, Sum: 154]
      [GC Worker Other (ms): Min: 0.0, Avg: 0.0, Max: 0.0, Diff: 0.0, Sum: 0.2]
      [GC Worker Total (ms): Min: 59.5, Avg: 59.6, Max: 59.6, Diff: 0.1, Sum: 476.5]
      [GC Worker End (ms): Min: 104356.2, Avg: 104356.3, Max: 104356.3, Diff: 0.0]
   [Code Root Fixup: 0.0 ms]
   [Code Root Purge: 0.0 ms]
   [Clear CT: 0.2 ms]
   [Other: 0.7 ms]
      [Choose CSet: 0.0 ms]
      [Ref Proc: 0.2 ms]
      [Ref Enq: 0.0 ms]
      [Redirty Cards: 0.2 ms]
      [Humongous Register: 0.0 ms]
      [Humongous Reclaim: 0.0 ms]
      [Free CSet: 0.1 ms]
   [Eden: 10.0M(216.0M)->0.0B(241.0M) Survivors: 31.0M->12.0M Heap: 1022.1M(2048.0M)->1027.1M(2048.0M)]
 [Times: user=0.50 sys=0.00, real=0.06 secs] 
2020-09-29T11:54:58.888+0200: 104.357: [GC concurrent-root-region-scan-start]
2020-09-29T11:54:58.890+0200: 104.360: [GC concurrent-root-region-scan-end, 0.0024782 secs]
2020-09-29T11:54:58.890+0200: 104.360: [GC concurrent-mark-start]
2020-09-29T11:54:58.893+0200: 104.363: [GC concurrent-mark-end, 0.0033487 secs]
2020-09-29T11:54:58.894+0200: 104.364: [GC remark 2020-09-29T11:54:58.894+0200: 104.364: [Finalize Marking, 0.0002664 secs] 2020-09-29T11:54:58.894+0200: 104.364: [GC ref-proc, 0.0003781 secs] 2020-09-29T11:54:58.894+0200: 104.364: [Unloading, 0.0005399 secs], 0.0015480 secs]
 [Times: user=0.00 sys=0.00, real=0.00 secs] 
2020-09-29T11:54:58.896+0200: 104.366: [GC cleanup 1037M->34M(2048M), 0.0014492 secs]
 [Times: user=0.00 sys=0.00, real=0.00 secs] 
2020-09-29T11:54:58.897+0200: 104.367: [GC concurrent-cleanup-start]
2020-09-29T11:54:58.899+0200: 104.369: [GC concurrent-cleanup-end, 0.0014566 secs]
2020-09-29T11:54:59.058+0200: 104.528: [GC pause (G1 Evacuation Pause) (young), 0.1630982 secs]
   [Parallel Time: 161.5 ms, GC Workers: 8]
      [GC Worker Start (ms): Min: 104528.1, Avg: 104528.2, Max: 104528.3, Diff: 0.2]
      [Ext Root Scanning (ms): Min: 0.0, Avg: 0.1, Max: 0.2, Diff: 0.2, Sum: 0.6]
      [Update RS (ms): Min: 16.2, Avg: 16.4, Max: 16.7, Diff: 0.5, Sum: 130.8]
         [Processed Buffers: Min: 13, Avg: 14.9, Max: 17, Diff: 4, Sum: 119]
      [Scan RS (ms): Min: 14.6, Avg: 14.9, Max: 15.1, Diff: 0.5, Sum: 119.5]
      [Code Root Scanning (ms): Min: 0.0, Avg: 0.0, Max: 0.0, Diff: 0.0, Sum: 0.0]
      [Object Copy (ms): Min: 129.7, Avg: 129.8, Max: 129.8, Diff: 0.1, Sum: 1038.0]
      [Termination (ms): Min: 0.0, Avg: 0.0, Max: 0.0, Diff: 0.0, Sum: 0.0]
         [Termination Attempts: Min: 1, Avg: 15.4, Max: 25, Diff: 24, Sum: 123]
      [GC Worker Other (ms): Min: 0.0, Avg: 0.0, Max: 0.1, Diff: 0.0, Sum: 0.3]
      [GC Worker Total (ms): Min: 161.0, Avg: 161.2, Max: 161.3, Diff: 0.3, Sum: 1289.3]
      [GC Worker End (ms): Min: 104689.4, Avg: 104689.4, Max: 104689.4, Diff: 0.0]
   [Code Root Fixup: 0.0 ms]
   [Code Root Purge: 0.0 ms]
   [Clear CT: 0.3 ms]
   [Other: 1.3 ms]
      [Choose CSet: 0.0 ms]
      [Ref Proc: 0.3 ms]
      [Ref Enq: 0.0 ms]
      [Redirty Cards: 0.5 ms]
      [Humongous Register: 0.0 ms]
      [Humongous Reclaim: 0.0 ms]
      [Free CSet: 0.2 ms]
   [Eden: 241.0M(241.0M)->0.0B(229.0M) Survivors: 12.0M->32.0M Heap: 306.5M(2048.0M)->296.5M(2048.0M)]
 [Times: user=1.25 sys=0.00, real=0.16 secs] 
2020-09-29T11:54:59.387+0200: 104.857: [GC pause (G1 Evacuation Pause) (young), 0.1878094 secs]
   [Parallel Time: 186.4 ms, GC Workers: 8]
      [GC Worker Start (ms): Min: 104857.4, Avg: 104857.5, Max: 104857.6, Diff: 0.2]
      [Ext Root Scanning (ms): Min: 0.0, Avg: 0.1, Max: 0.2, Diff: 0.2, Sum: 0.7]
      [Update RS (ms): Min: 20.4, Avg: 20.6, Max: 21.1, Diff: 0.7, Sum: 164.8]
         [Processed Buffers: Min: 16, Avg: 18.3, Max: 20, Diff: 4, Sum: 146]
      [Scan RS (ms): Min: 14.5, Avg: 15.0, Max: 15.2, Diff: 0.7, Sum: 119.8]
      [Code Root Scanning (ms): Min: 0.0, Avg: 0.0, Max: 0.0, Diff: 0.0, Sum: 0.0]
      [Object Copy (ms): Min: 150.1, Avg: 150.2, Max: 150.4, Diff: 0.3, Sum: 1201.7]
      [Termination (ms): Min: 0.0, Avg: 0.2, Max: 0.3, Diff: 0.3, Sum: 1.9]
         [Termination Attempts: Min: 1, Avg: 1179.1, Max: 1387, Diff: 1386, Sum: 9433]
      [GC Worker Other (ms): Min: 0.0, Avg: 0.1, Max: 0.1, Diff: 0.1, Sum: 0.4]
      [GC Worker Total (ms): Min: 186.0, Avg: 186.2, Max: 186.3, Diff: 0.3, Sum: 1489.3]
      [GC Worker End (ms): Min: 105043.6, Avg: 105043.6, Max: 105043.7, Diff: 0.1]
   [Code Root Fixup: 0.0 ms]
   [Code Root Purge: 0.0 ms]
   [Clear CT: 0.2 ms]
   [Other: 1.2 ms]
      [Choose CSet: 0.0 ms]
      [Ref Proc: 0.3 ms]
      [Ref Enq: 0.0 ms]
      [Redirty Cards: 0.3 ms]
      [Humongous Register: 0.0 ms]
      [Humongous Reclaim: 0.0 ms]
      [Free CSet: 0.3 ms]
   [Eden: 229.0M(229.0M)->0.0B(222.0M) Survivors: 32.0M->33.0M Heap: 563.6M(2048.0M)->565.6M(2048.0M)]
 [Times: user=1.48 sys=0.02, real=0.19 secs] 
2020-09-29T11:54:59.750+0200: 105.220: [GC pause (G1 Evacuation Pause) (young), 0.1752237 secs]
   [Parallel Time: 173.7 ms, GC Workers: 8]
      [GC Worker Start (ms): Min: 105220.4, Avg: 105220.6, Max: 105220.6, Diff: 0.2]
      [Ext Root Scanning (ms): Min: 0.0, Avg: 0.1, Max: 0.2, Diff: 0.2, Sum: 0.7]
      [Update RS (ms): Min: 16.1, Avg: 16.3, Max: 16.6, Diff: 0.5, Sum: 130.3]
         [Processed Buffers: Min: 13, Avg: 14.1, Max: 16, Diff: 3, Sum: 113]
      [Scan RS (ms): Min: 15.9, Avg: 16.2, Max: 16.4, Diff: 0.5, Sum: 129.6]
      [Code Root Scanning (ms): Min: 0.0, Avg: 0.0, Max: 0.0, Diff: 0.0, Sum: 0.0]
      [Object Copy (ms): Min: 140.7, Avg: 140.8, Max: 140.9, Diff: 0.1, Sum: 1126.3]
      [Termination (ms): Min: 0.0, Avg: 0.0, Max: 0.0, Diff: 0.0, Sum: 0.1]
         [Termination Attempts: Min: 1, Avg: 81.6, Max: 107, Diff: 106, Sum: 653]
      [GC Worker Other (ms): Min: 0.0, Avg: 0.0, Max: 0.1, Diff: 0.1, Sum: 0.3]
      [GC Worker Total (ms): Min: 173.3, Avg: 173.4, Max: 173.5, Diff: 0.2, Sum: 1387.4]
      [GC Worker End (ms): Min: 105394.0, Avg: 105394.0, Max: 105394.0, Diff: 0.1]
   [Code Root Fixup: 0.0 ms]
   [Code Root Purge: 0.0 ms]
   [Clear CT: 0.3 ms]
   [Other: 1.2 ms]
      [Choose CSet: 0.0 ms]
      [Ref Proc: 0.3 ms]
      [Ref Enq: 0.0 ms]
      [Redirty Cards: 0.3 ms]
      [Humongous Register: 0.1 ms]
      [Humongous Reclaim: 0.0 ms]
      [Free CSet: 0.3 ms]
   [Eden: 222.0M(222.0M)->0.0B(223.0M) Survivors: 33.0M->32.0M Heap: 823.8M(2048.0M)->825.8M(2048.0M)]
 [Times: user=1.38 sys=0.00, real=0.18 secs] 
2020-09-29T11:55:00.091+0200: 105.561: [GC pause (G1 Evacuation Pause) (young), 0.1798157 secs]
   [Parallel Time: 178.4 ms, GC Workers: 8]
      [GC Worker Start (ms): Min: 105561.4, Avg: 105561.5, Max: 105561.6, Diff: 0.2]
      [Ext Root Scanning (ms): Min: 0.0, Avg: 0.1, Max: 0.2, Diff: 0.2, Sum: 0.7]
      [Update RS (ms): Min: 18.8, Avg: 19.2, Max: 19.9, Diff: 1.1, Sum: 153.5]
         [Processed Buffers: Min: 12, Avg: 15.0, Max: 17, Diff: 5, Sum: 120]
      [Scan RS (ms): Min: 15.9, Avg: 16.6, Max: 17.0, Diff: 1.1, Sum: 133.0]
      [Code Root Scanning (ms): Min: 0.0, Avg: 0.0, Max: 0.0, Diff: 0.0, Sum: 0.0]
      [Object Copy (ms): Min: 142.1, Avg: 142.1, Max: 142.2, Diff: 0.1, Sum: 1137.1]
      [Termination (ms): Min: 0.0, Avg: 0.0, Max: 0.0, Diff: 0.0, Sum: 0.1]
         [Termination Attempts: Min: 1, Avg: 68.8, Max: 96, Diff: 95, Sum: 550]
      [GC Worker Other (ms): Min: 0.0, Avg: 0.1, Max: 0.1, Diff: 0.1, Sum: 0.4]
      [GC Worker Total (ms): Min: 178.0, Avg: 178.1, Max: 178.3, Diff: 0.3, Sum: 1424.8]
      [GC Worker End (ms): Min: 105739.6, Avg: 105739.6, Max: 105739.7, Diff: 0.1]
   [Code Root Fixup: 0.0 ms]
   [Code Root Purge: 0.0 ms]
   [Clear CT: 0.3 ms]
   [Other: 1.1 ms]
      [Choose CSet: 0.0 ms]
      [Ref Proc: 0.3 ms]
      [Ref Enq: 0.0 ms]
      [Redirty Cards: 0.3 ms]
      [Humongous Register: 0.1 ms]
      [Humongous Reclaim: 0.0 ms]
      [Free CSet: 0.3 ms]
   [Eden: 223.0M(223.0M)->0.0B(221.0M) Survivors: 32.0M->32.0M Heap: 1085.1M(2048.0M)->1087.1M(2048.0M)]
 [Times: user=1.39 sys=0.00, real=0.19 secs] 
2020-09-29T11:55:00.290+0200: 105.760: [GC pause (G1 Humongous Allocation) (young) (initial-mark), 0.0448872 secs]
   [Parallel Time: 44.2 ms, GC Workers: 8]
      [GC Worker Start (ms): Min: 105760.0, Avg: 105760.1, Max: 105760.2, Diff: 0.2]
      [Ext Root Scanning (ms): Min: 0.0, Avg: 1.0, Max: 7.4, Diff: 7.4, Sum: 8.4]
      [Update RS (ms): Min: 20.4, Avg: 27.2, Max: 28.5, Diff: 8.0, Sum: 217.2]
         [Processed Buffers: Min: 24, Avg: 30.1, Max: 32, Diff: 8, Sum: 241]
      [Scan RS (ms): Min: 1.7, Avg: 2.0, Max: 2.4, Diff: 0.7, Sum: 16.2]
      [Code Root Scanning (ms): Min: 0.0, Avg: 0.0, Max: 0.0, Diff: 0.0, Sum: 0.0]
      [Object Copy (ms): Min: 13.6, Avg: 13.7, Max: 13.7, Diff: 0.1, Sum: 109.3]
      [Termination (ms): Min: 0.0, Avg: 0.0, Max: 0.0, Diff: 0.0, Sum: 0.1]
         [Termination Attempts: Min: 1, Avg: 59.8, Max: 81, Diff: 80, Sum: 478]
      [GC Worker Other (ms): Min: 0.0, Avg: 0.0, Max: 0.0, Diff: 0.0, Sum: 0.1]
      [GC Worker Total (ms): Min: 43.8, Avg: 43.9, Max: 44.0, Diff: 0.2, Sum: 351.3]
      [GC Worker End (ms): Min: 105804.0, Avg: 105804.0, Max: 105804.0, Diff: 0.0]
   [Code Root Fixup: 0.0 ms]
   [Code Root Purge: 0.0 ms]
   [Clear CT: 0.1 ms]
   [Other: 0.6 ms]
      [Choose CSet: 0.0 ms]
      [Ref Proc: 0.2 ms]
      [Ref Enq: 0.0 ms]
      [Redirty Cards: 0.1 ms]
      [Humongous Register: 0.1 ms]
      [Humongous Reclaim: 0.0 ms]
      [Free CSet: 0.0 ms]
   [Eden: 1024.0K(221.0M)->0.0B(278.0M) Survivors: 32.0M->3072.0K Heap: 1088.1M(2048.0M)->1091.6M(2048.0M)]
 [Times: user=0.36 sys=0.00, real=0.05 secs] 
2020-09-29T11:55:00.335+0200: 105.805: [GC concurrent-root-region-scan-start]
2020-09-29T11:55:00.335+0200: 105.805: [GC concurrent-root-region-scan-end, 0.0002226 secs]
2020-09-29T11:55:00.335+0200: 105.805: [GC concurrent-mark-start]
2020-09-29T11:55:00.337+0200: 105.807: [GC concurrent-mark-end, 0.0022462 secs]
2020-09-29T11:55:00.338+0200: 105.807: [GC remark 2020-09-29T11:55:00.338+0200: 105.807: [Finalize Marking, 0.0002245 secs] 2020-09-29T11:55:00.338+0200: 105.808: [GC ref-proc, 0.0002704 secs] 2020-09-29T11:55:00.338+0200: 105.808: [Unloading, 0.0004468 secs], 0.0012111 secs]
 [Times: user=0.00 sys=0.00, real=0.00 secs] 
2020-09-29T11:55:00.339+0200: 105.809: [GC cleanup 1099M->22M(2048M), 0.0033875 secs]
 [Times: user=0.00 sys=0.00, real=0.00 secs] 
2020-09-29T11:55:00.343+0200: 105.812: [GC concurrent-cleanup-start]
2020-09-29T11:55:00.344+0200: 105.814: [GC concurrent-cleanup-end, 0.0012932 secs]
2020-09-29T11:55:00.478+0200: 105.947: [GC pause (G1 Evacuation Pause) (young), 0.1399962 secs]
   [Parallel Time: 138.6 ms, GC Workers: 8]
      [GC Worker Start (ms): Min: 105947.5, Avg: 105947.7, Max: 105947.7, Diff: 0.2]
      [Ext Root Scanning (ms): Min: 0.0, Avg: 0.1, Max: 0.2, Diff: 0.2, Sum: 0.4]
      [Update RS (ms): Min: 15.8, Avg: 15.9, Max: 16.7, Diff: 0.9, Sum: 127.4]
         [Processed Buffers: Min: 16, Avg: 17.9, Max: 19, Diff: 3, Sum: 143]
      [Scan RS (ms): Min: 12.1, Avg: 12.8, Max: 13.0, Diff: 0.9, Sum: 102.6]
      [Code Root Scanning (ms): Min: 0.0, Avg: 0.0, Max: 0.0, Diff: 0.0, Sum: 0.0]
      [Object Copy (ms): Min: 109.6, Avg: 109.6, Max: 109.7, Diff: 0.1, Sum: 877.0]
      [Termination (ms): Min: 0.0, Avg: 0.0, Max: 0.0, Diff: 0.0, Sum: 0.0]
         [Termination Attempts: Min: 1, Avg: 14.0, Max: 24, Diff: 23, Sum: 112]
      [GC Worker Other (ms): Min: 0.0, Avg: 0.0, Max: 0.1, Diff: 0.0, Sum: 0.3]
      [GC Worker Total (ms): Min: 138.4, Avg: 138.5, Max: 138.6, Diff: 0.2, Sum: 1107.6]
      [GC Worker End (ms): Min: 106086.1, Avg: 106086.1, Max: 106086.2, Diff: 0.0]
   [Code Root Fixup: 0.0 ms]
   [Code Root Purge: 0.0 ms]
   [Clear CT: 0.2 ms]
   [Other: 1.2 ms]
      [Choose CSet: 0.0 ms]
      [Ref Proc: 0.2 ms]
      [Ref Enq: 0.0 ms]
      [Redirty Cards: 0.5 ms]
      [Humongous Register: 0.0 ms]
      [Humongous Reclaim: 0.0 ms]
      [Free CSet: 0.2 ms]
   [Eden: 278.0M(278.0M)->0.0B(262.0M) Survivors: 3072.0K->36.0M Heap: 340.7M(2048.0M)->339.7M(2048.0M)]
 [Times: user=1.11 sys=0.00, real=0.14 secs] 
2020-09-29T11:55:00.757+0200: 106.227: [GC pause (G1 Evacuation Pause) (young), 0.1378658 secs]
   [Parallel Time: 136.7 ms, GC Workers: 8]
      [GC Worker Start (ms): Min: 106226.9, Avg: 106227.0, Max: 106227.1, Diff: 0.2]
      [Ext Root Scanning (ms): Min: 0.0, Avg: 0.1, Max: 0.2, Diff: 0.2, Sum: 0.4]
      [Update RS (ms): Min: 14.9, Avg: 15.1, Max: 15.5, Diff: 0.5, Sum: 121.1]
         [Processed Buffers: Min: 17, Avg: 19.0, Max: 21, Diff: 4, Sum: 152]
      [Scan RS (ms): Min: 12.3, Avg: 12.6, Max: 12.9, Diff: 0.6, Sum: 100.9]
      [Code Root Scanning (ms): Min: 0.0, Avg: 0.0, Max: 0.0, Diff: 0.0, Sum: 0.0]
      [Object Copy (ms): Min: 108.4, Avg: 108.6, Max: 108.6, Diff: 0.2, Sum: 868.5]
      [Termination (ms): Min: 0.0, Avg: 0.0, Max: 0.1, Diff: 0.1, Sum: 0.3]
         [Termination Attempts: Min: 1, Avg: 10.8, Max: 18, Diff: 17, Sum: 86]
      [GC Worker Other (ms): Min: 0.0, Avg: 0.0, Max: 0.0, Diff: 0.0, Sum: 0.1]
      [GC Worker Total (ms): Min: 136.3, Avg: 136.4, Max: 136.5, Diff: 0.2, Sum: 1091.3]
      [GC Worker End (ms): Min: 106363.4, Avg: 106363.4, Max: 106363.5, Diff: 0.0]
   [Code Root Fixup: 0.0 ms]
   [Code Root Purge: 0.0 ms]
   [Clear CT: 0.2 ms]
   [Other: 1.0 ms]
      [Choose CSet: 0.0 ms]
      [Ref Proc: 0.2 ms]
      [Ref Enq: 0.0 ms]
      [Redirty Cards: 0.4 ms]
      [Humongous Register: 0.0 ms]
      [Humongous Reclaim: 0.0 ms]
      [Free CSet: 0.2 ms]
   [Eden: 262.0M(262.0M)->0.0B(275.0M) Survivors: 36.0M->38.0M Heap: 645.6M(2048.0M)->647.6M(2048.0M)]
 [Times: user=1.02 sys=0.02, real=0.14 secs] 
2020-09-29T11:55:01.044+0200: 106.514: [GC pause (G1 Evacuation Pause) (young), 0.1509823 secs]
   [Parallel Time: 149.8 ms, GC Workers: 8]
      [GC Worker Start (ms): Min: 106514.2, Avg: 106514.3, Max: 106514.4, Diff: 0.2]
      [Ext Root Scanning (ms): Min: 0.0, Avg: 0.1, Max: 0.2, Diff: 0.2, Sum: 0.4]
      [Update RS (ms): Min: 20.1, Avg: 20.2, Max: 20.4, Diff: 0.3, Sum: 161.7]
         [Processed Buffers: Min: 19, Avg: 21.4, Max: 24, Diff: 5, Sum: 171]
      [Scan RS (ms): Min: 13.4, Avg: 13.6, Max: 13.8, Diff: 0.4, Sum: 108.9]
      [Code Root Scanning (ms): Min: 0.0, Avg: 0.0, Max: 0.0, Diff: 0.0, Sum: 0.0]
      [Object Copy (ms): Min: 115.3, Avg: 115.5, Max: 115.5, Diff: 0.2, Sum: 923.8]
      [Termination (ms): Min: 0.0, Avg: 0.1, Max: 0.1, Diff: 0.1, Sum: 0.6]
         [Termination Attempts: Min: 1, Avg: 564.5, Max: 707, Diff: 706, Sum: 4516]
      [GC Worker Other (ms): Min: 0.0, Avg: 0.0, Max: 0.1, Diff: 0.0, Sum: 0.2]
      [GC Worker Total (ms): Min: 149.4, Avg: 149.5, Max: 149.6, Diff: 0.2, Sum: 1195.6]
      [GC Worker End (ms): Min: 106663.8, Avg: 106663.8, Max: 106663.8, Diff: 0.0]
   [Code Root Fixup: 0.0 ms]
   [Code Root Purge: 0.0 ms]
   [Clear CT: 0.2 ms]
   [Other: 1.0 ms]
      [Choose CSet: 0.0 ms]
      [Ref Proc: 0.1 ms]
      [Ref Enq: 0.0 ms]
      [Redirty Cards: 0.4 ms]
      [Humongous Register: 0.0 ms]
      [Humongous Reclaim: 0.0 ms]
      [Free CSet: 0.2 ms]
   [Eden: 275.0M(275.0M)->0.0B(289.0M) Survivors: 38.0M->40.0M Heap: 968.3M(2048.0M)->970.8M(2048.0M)]
 [Times: user=1.25 sys=0.00, real=0.15 secs] 
2020-09-29T11:55:01.209+0200: 106.679: [GC pause (G1 Humongous Allocation) (young) (initial-mark), 0.0473157 secs]
   [Parallel Time: 46.5 ms, GC Workers: 8]
      [GC Worker Start (ms): Min: 106679.5, Avg: 106679.6, Max: 106679.6, Diff: 0.2]
      [Ext Root Scanning (ms): Min: 0.0, Avg: 0.1, Max: 0.2, Diff: 0.2, Sum: 1.1]
      [Update RS (ms): Min: 23.1, Avg: 23.2, Max: 23.3, Diff: 0.2, Sum: 185.2]
         [Processed Buffers: Min: 28, Avg: 29.8, Max: 31, Diff: 3, Sum: 238]
      [Scan RS (ms): Min: 2.4, Avg: 2.4, Max: 2.5, Diff: 0.2, Sum: 19.6]
      [Code Root Scanning (ms): Min: 0.0, Avg: 0.0, Max: 0.0, Diff: 0.0, Sum: 0.0]
      [Object Copy (ms): Min: 20.4, Avg: 20.4, Max: 20.5, Diff: 0.1, Sum: 163.5]
      [Termination (ms): Min: 0.0, Avg: 0.0, Max: 0.0, Diff: 0.0, Sum: 0.1]
         [Termination Attempts: Min: 1, Avg: 120.9, Max: 163, Diff: 162, Sum: 967]
      [GC Worker Other (ms): Min: 0.0, Avg: 0.0, Max: 0.0, Diff: 0.0, Sum: 0.1]
      [GC Worker Total (ms): Min: 46.1, Avg: 46.2, Max: 46.3, Diff: 0.2, Sum: 369.7]
      [GC Worker End (ms): Min: 106725.8, Avg: 106725.8, Max: 106725.8, Diff: 0.0]
   [Code Root Fixup: 0.0 ms]
   [Code Root Purge: 0.0 ms]
   [Clear CT: 0.2 ms]
   [Other: 0.7 ms]
      [Choose CSet: 0.0 ms]
      [Ref Proc: 0.2 ms]
      [Ref Enq: 0.0 ms]
      [Redirty Cards: 0.2 ms]
      [Humongous Register: 0.1 ms]
      [Humongous Reclaim: 0.0 ms]
      [Free CSet: 0.1 ms]
   [Eden: 10.0M(289.0M)->0.0B(336.0M) Survivors: 40.0M->12.0M Heap: 980.3M(2048.0M)->984.3M(2048.0M)]
 [Times: user=0.38 sys=0.00, real=0.05 secs] 
2020-09-29T11:55:01.257+0200: 106.727: [GC concurrent-root-region-scan-start]
2020-09-29T11:55:01.259+0200: 106.729: [GC concurrent-root-region-scan-end, 0.0020641 secs]
2020-09-29T11:55:01.259+0200: 106.729: [GC concurrent-mark-start]
2020-09-29T11:55:01.262+0200: 106.732: [GC concurrent-mark-end, 0.0027534 secs]
2020-09-29T11:55:01.262+0200: 106.732: [GC remark 2020-09-29T11:55:01.262+0200: 106.732: [Finalize Marking, 0.0002346 secs] 2020-09-29T11:55:01.262+0200: 106.732: [GC ref-proc, 0.0002906 secs] 2020-09-29T11:55:01.262+0200: 106.732: [Unloading, 0.0005219 secs], 0.0013617 secs]
 [Times: user=0.00 sys=0.00, real=0.00 secs] 
2020-09-29T11:55:01.264+0200: 106.733: [GC cleanup 996M->35M(2048M), 0.0013406 secs]
 [Times: user=0.00 sys=0.00, real=0.00 secs] 
2020-09-29T11:55:01.265+0200: 106.735: [GC concurrent-cleanup-start]
2020-09-29T11:55:01.266+0200: 106.736: [GC concurrent-cleanup-end, 0.0013699 secs]
2020-09-29T11:55:01.445+0200: 106.914: [GC pause (G1 Evacuation Pause) (young), 0.1707120 secs]
   [Parallel Time: 169.3 ms, GC Workers: 8]
      [GC Worker Start (ms): Min: 106914.5, Avg: 106914.6, Max: 106914.7, Diff: 0.2]
      [Ext Root Scanning (ms): Min: 0.0, Avg: 0.1, Max: 0.1, Diff: 0.1, Sum: 0.5]
      [Update RS (ms): Min: 12.2, Avg: 12.3, Max: 12.5, Diff: 0.3, Sum: 98.7]
         [Processed Buffers: Min: 12, Avg: 14.4, Max: 17, Diff: 5, Sum: 115]
      [Scan RS (ms): Min: 18.9, Avg: 19.1, Max: 19.3, Diff: 0.5, Sum: 152.8]
      [Code Root Scanning (ms): Min: 0.0, Avg: 0.0, Max: 0.0, Diff: 0.0, Sum: 0.0]
      [Object Copy (ms): Min: 137.2, Avg: 137.4, Max: 137.7, Diff: 0.5, Sum: 1099.0]
      [Termination (ms): Min: 0.0, Avg: 0.2, Max: 0.2, Diff: 0.2, Sum: 1.5]
         [Termination Attempts: Min: 1, Avg: 1322.3, Max: 1639, Diff: 1638, Sum: 10578]
      [GC Worker Other (ms): Min: 0.0, Avg: 0.0, Max: 0.1, Diff: 0.0, Sum: 0.3]
      [GC Worker Total (ms): Min: 169.0, Avg: 169.1, Max: 169.2, Diff: 0.2, Sum: 1352.9]
      [GC Worker End (ms): Min: 107083.7, Avg: 107083.7, Max: 107083.7, Diff: 0.1]
   [Code Root Fixup: 0.0 ms]
   [Code Root Purge: 0.0 ms]
   [Clear CT: 0.2 ms]
   [Other: 1.2 ms]
      [Choose CSet: 0.0 ms]
      [Ref Proc: 0.1 ms]
      [Ref Enq: 0.0 ms]
      [Redirty Cards: 0.5 ms]
      [Humongous Register: 0.0 ms]
      [Humongous Reclaim: 0.0 ms]
      [Free CSet: 0.3 ms]
   [Eden: 336.0M(336.0M)->0.0B(305.0M) Survivors: 12.0M->44.0M Heap: 416.7M(2048.0M)->407.7M(2048.0M)]
 [Times: user=1.34 sys=0.02, real=0.17 secs] 
2020-09-29T11:55:01.784+0200: 107.254: [GC pause (G1 Evacuation Pause) (young), 0.1622497 secs]
   [Parallel Time: 161.1 ms, GC Workers: 8]
      [GC Worker Start (ms): Min: 107254.4, Avg: 107254.5, Max: 107254.6, Diff: 0.2]
      [Ext Root Scanning (ms): Min: 0.0, Avg: 0.1, Max: 0.2, Diff: 0.2, Sum: 0.6]
      [Update RS (ms): Min: 12.3, Avg: 12.4, Max: 12.9, Diff: 0.6, Sum: 99.4]
         [Processed Buffers: Min: 15, Avg: 16.4, Max: 19, Diff: 4, Sum: 131]
      [Scan RS (ms): Min: 17.6, Avg: 18.2, Max: 18.3, Diff: 0.7, Sum: 145.4]
      [Code Root Scanning (ms): Min: 0.0, Avg: 0.0, Max: 0.0, Diff: 0.0, Sum: 0.0]
      [Object Copy (ms): Min: 130.1, Avg: 130.2, Max: 130.2, Diff: 0.1, Sum: 1041.2]
      [Termination (ms): Min: 0.0, Avg: 0.1, Max: 0.1, Diff: 0.1, Sum: 0.4]
         [Termination Attempts: Min: 1, Avg: 243.6, Max: 355, Diff: 354, Sum: 1949]
      [GC Worker Other (ms): Min: 0.0, Avg: 0.0, Max: 0.0, Diff: 0.0, Sum: 0.2]
      [GC Worker Total (ms): Min: 160.8, Avg: 160.9, Max: 161.0, Diff: 0.2, Sum: 1287.3]
      [GC Worker End (ms): Min: 107415.4, Avg: 107415.4, Max: 107415.4, Diff: 0.0]
   [Code Root Fixup: 0.0 ms]
   [Code Root Purge: 0.0 ms]
   [Clear CT: 0.2 ms]
   [Other: 0.9 ms]
      [Choose CSet: 0.0 ms]
      [Ref Proc: 0.1 ms]
      [Ref Enq: 0.0 ms]
      [Redirty Cards: 0.3 ms]
      [Humongous Register: 0.0 ms]
      [Humongous Reclaim: 0.0 ms]
      [Free CSet: 0.2 ms]
   [Eden: 305.0M(305.0M)->0.0B(308.0M) Survivors: 44.0M->44.0M Heap: 764.2M(2048.0M)->766.2M(2048.0M)]
 [Times: user=1.38 sys=0.00, real=0.16 secs] 
2020-09-29T11:55:02.116+0200: 107.585: [GC pause (G1 Evacuation Pause) (young), 0.1814036 secs]
   [Parallel Time: 180.2 ms, GC Workers: 8]
      [GC Worker Start (ms): Min: 107585.5, Avg: 107585.6, Max: 107585.7, Diff: 0.2]
      [Ext Root Scanning (ms): Min: 0.0, Avg: 0.1, Max: 0.2, Diff: 0.2, Sum: 0.7]
      [Update RS (ms): Min: 18.3, Avg: 18.4, Max: 18.8, Diff: 0.5, Sum: 147.5]
         [Processed Buffers: Min: 17, Avg: 18.1, Max: 19, Diff: 2, Sum: 145]
      [Scan RS (ms): Min: 19.6, Avg: 20.0, Max: 20.3, Diff: 0.7, Sum: 160.2]
      [Code Root Scanning (ms): Min: 0.0, Avg: 0.0, Max: 0.0, Diff: 0.0, Sum: 0.0]
      [Object Copy (ms): Min: 141.2, Avg: 141.4, Max: 141.5, Diff: 0.2, Sum: 1131.1]
      [Termination (ms): Min: 0.0, Avg: 0.0, Max: 0.0, Diff: 0.0, Sum: 0.1]
         [Termination Attempts: Min: 1, Avg: 46.6, Max: 66, Diff: 65, Sum: 373]
      [GC Worker Other (ms): Min: 0.0, Avg: 0.1, Max: 0.1, Diff: 0.1, Sum: 0.6]
      [GC Worker Total (ms): Min: 179.9, Avg: 180.0, Max: 180.1, Diff: 0.2, Sum: 1440.2]
      [GC Worker End (ms): Min: 107765.6, Avg: 107765.6, Max: 107765.7, Diff: 0.1]
   [Code Root Fixup: 0.0 ms]
   [Code Root Purge: 0.0 ms]
   [Clear CT: 0.2 ms]
   [Other: 1.0 ms]
      [Choose CSet: 0.0 ms]
      [Ref Proc: 0.2 ms]
      [Ref Enq: 0.0 ms]
      [Redirty Cards: 0.3 ms]
      [Humongous Register: 0.0 ms]
      [Humongous Reclaim: 0.0 ms]
      [Free CSet: 0.3 ms]
   [Eden: 308.0M(308.0M)->0.0B(298.0M) Survivors: 44.0M->44.0M Heap: 1123.8M(2048.0M)->1125.8M(2048.0M)]
 [Times: user=1.34 sys=0.00, real=0.18 secs] 
2020-09-29T11:55:02.299+0200: 107.769: [GC pause (G1 Humongous Allocation) (young) (initial-mark), 0.0761594 secs]
   [Parallel Time: 74.2 ms, GC Workers: 8]
      [GC Worker Start (ms): Min: 107769.0, Avg: 107769.0, Max: 107769.1, Diff: 0.2]
      [Ext Root Scanning (ms): Min: 0.0, Avg: 1.1, Max: 7.8, Diff: 7.8, Sum: 9.1]
      [Update RS (ms): Min: 44.6, Avg: 51.5, Max: 53.0, Diff: 8.5, Sum: 412.2]
         [Processed Buffers: Min: 34, Avg: 57.9, Max: 66, Diff: 32, Sum: 463]
      [Scan RS (ms): Min: 0.0, Avg: 0.1, Max: 0.2, Diff: 0.2, Sum: 0.6]
      [Code Root Scanning (ms): Min: 0.0, Avg: 0.0, Max: 0.0, Diff: 0.0, Sum: 0.0]
      [Object Copy (ms): Min: 20.8, Avg: 21.3, Max: 21.5, Diff: 0.6, Sum: 170.5]
      [Termination (ms): Min: 0.0, Avg: 0.0, Max: 0.0, Diff: 0.0, Sum: 0.1]
         [Termination Attempts: Min: 1, Avg: 65.0, Max: 83, Diff: 82, Sum: 520]
      [GC Worker Other (ms): Min: 0.0, Avg: 0.0, Max: 0.0, Diff: 0.0, Sum: 0.1]
      [GC Worker Total (ms): Min: 74.0, Avg: 74.1, Max: 74.1, Diff: 0.2, Sum: 592.6]
      [GC Worker End (ms): Min: 107843.1, Avg: 107843.1, Max: 107843.1, Diff: 0.0]
   [Code Root Fixup: 0.0 ms]
   [Code Root Purge: 0.0 ms]
   [Clear CT: 0.1 ms]
   [Other: 1.8 ms]
      [Choose CSet: 0.0 ms]
      [Ref Proc: 0.2 ms]
      [Ref Enq: 0.0 ms]
      [Redirty Cards: 0.1 ms]
      [Humongous Register: 0.0 ms]
      [Humongous Reclaim: 0.0 ms]
      [Free CSet: 0.3 ms]
   [Eden: 1024.0K(298.0M)->0.0B(306.0M) Survivors: 44.0M->3072.0K Heap: 1126.8M(2048.0M)->1130.3M(2048.0M)]
 [Times: user=0.58 sys=0.00, real=0.08 secs] 
2020-09-29T11:55:02.376+0200: 107.845: [GC concurrent-root-region-scan-start]
2020-09-29T11:55:02.377+0200: 107.847: [GC concurrent-root-region-scan-end, 0.0017899 secs]
2020-09-29T11:55:02.377+0200: 107.847: [GC concurrent-mark-start]
2020-09-29T11:55:02.380+0200: 107.850: [GC concurrent-mark-end, 0.0024047 secs]
2020-09-29T11:55:02.380+0200: 107.850: [GC remark 2020-09-29T11:55:02.380+0200: 107.850: [Finalize Marking, 0.0002047 secs] 2020-09-29T11:55:02.380+0200: 107.850: [GC ref-proc, 0.0002888 secs] 2020-09-29T11:55:02.381+0200: 107.851: [Unloading, 0.0003848 secs], 0.0012338 secs]
 [Times: user=0.00 sys=0.00, real=0.00 secs] 
2020-09-29T11:55:02.382+0200: 107.852: [GC cleanup 1141M->25M(2048M), 0.0010261 secs]
 [Times: user=0.00 sys=0.00, real=0.00 secs] 
2020-09-29T11:55:02.383+0200: 107.853: [GC concurrent-cleanup-start]
2020-09-29T11:55:02.384+0200: 107.854: [GC concurrent-cleanup-end, 0.0013970 secs]
2020-09-29T11:55:02.534+0200: 108.004: [GC pause (G1 Evacuation Pause) (young), 0.1419721 secs]
   [Parallel Time: 140.1 ms, GC Workers: 8]
      [GC Worker Start (ms): Min: 108003.8, Avg: 108003.9, Max: 108004.0, Diff: 0.2]
      [Ext Root Scanning (ms): Min: 0.0, Avg: 0.1, Max: 0.2, Diff: 0.2, Sum: 0.5]
      [Update RS (ms): Min: 12.2, Avg: 12.6, Max: 12.9, Diff: 0.6, Sum: 100.4]
         [Processed Buffers: Min: 14, Avg: 15.3, Max: 17, Diff: 3, Sum: 122]
      [Scan RS (ms): Min: 14.1, Avg: 14.6, Max: 15.5, Diff: 1.3, Sum: 116.6]
      [Code Root Scanning (ms): Min: 0.0, Avg: 0.0, Max: 0.0, Diff: 0.0, Sum: 0.0]
      [Object Copy (ms): Min: 112.0, Avg: 112.6, Max: 112.8, Diff: 0.7, Sum: 901.2]
      [Termination (ms): Min: 0.0, Avg: 0.0, Max: 0.0, Diff: 0.0, Sum: 0.2]
         [Termination Attempts: Min: 1, Avg: 163.4, Max: 201, Diff: 200, Sum: 1307]
      [GC Worker Other (ms): Min: 0.0, Avg: 0.0, Max: 0.1, Diff: 0.1, Sum: 0.3]
      [GC Worker Total (ms): Min: 139.8, Avg: 139.9, Max: 140.0, Diff: 0.2, Sum: 1119.2]
      [GC Worker End (ms): Min: 108143.8, Avg: 108143.8, Max: 108143.9, Diff: 0.1]
   [Code Root Fixup: 0.0 ms]
   [Code Root Purge: 0.0 ms]
   [Clear CT: 0.8 ms]
   [Other: 1.0 ms]
      [Choose CSet: 0.0 ms]
      [Ref Proc: 0.2 ms]
      [Ref Enq: 0.0 ms]
      [Redirty Cards: 0.2 ms]
      [Humongous Register: 0.0 ms]
      [Humongous Reclaim: 0.0 ms]
      [Free CSet: 0.3 ms]
   [Eden: 306.0M(306.0M)->0.0B(297.0M) Survivors: 3072.0K->39.0M Heap: 372.0M(2048.0M)->371.5M(2048.0M)]
 [Times: user=1.13 sys=0.00, real=0.14 secs] 
2020-09-29T11:55:02.841+0200: 108.311: [GC pause (G1 Evacuation Pause) (young), 0.1573965 secs]
   [Parallel Time: 156.2 ms, GC Workers: 8]
      [GC Worker Start (ms): Min: 108311.0, Avg: 108311.1, Max: 108311.2, Diff: 0.2]
      [Ext Root Scanning (ms): Min: 0.0, Avg: 0.1, Max: 0.1, Diff: 0.1, Sum: 0.5]
      [Update RS (ms): Min: 15.8, Avg: 16.0, Max: 16.4, Diff: 0.7, Sum: 128.1]
         [Processed Buffers: Min: 17, Avg: 18.9, Max: 21, Diff: 4, Sum: 151]
      [Scan RS (ms): Min: 15.0, Avg: 15.5, Max: 15.8, Diff: 0.7, Sum: 124.2]
      [Code Root Scanning (ms): Min: 0.0, Avg: 0.0, Max: 0.0, Diff: 0.0, Sum: 0.0]
      [Object Copy (ms): Min: 124.2, Avg: 124.3, Max: 124.4, Diff: 0.2, Sum: 994.7]
      [Termination (ms): Min: 0.0, Avg: 0.0, Max: 0.0, Diff: 0.0, Sum: 0.0]
         [Termination Attempts: Min: 1, Avg: 11.5, Max: 16, Diff: 15, Sum: 92]
      [GC Worker Other (ms): Min: 0.0, Avg: 0.0, Max: 0.1, Diff: 0.1, Sum: 0.3]
      [GC Worker Total (ms): Min: 155.9, Avg: 156.0, Max: 156.1, Diff: 0.2, Sum: 1247.8]
      [GC Worker End (ms): Min: 108467.1, Avg: 108467.1, Max: 108467.1, Diff: 0.1]
   [Code Root Fixup: 0.0 ms]
   [Code Root Purge: 0.0 ms]
   [Clear CT: 0.2 ms]
   [Other: 1.0 ms]
      [Choose CSet: 0.0 ms]
      [Ref Proc: 0.2 ms]
      [Ref Enq: 0.0 ms]
      [Redirty Cards: 0.3 ms]
      [Humongous Register: 0.0 ms]
      [Humongous Reclaim: 0.0 ms]
      [Free CSet: 0.2 ms]
   [Eden: 297.0M(297.0M)->0.0B(304.0M) Survivors: 39.0M->42.0M Heap: 718.1M(2048.0M)->720.6M(2048.0M)]
 [Times: user=1.22 sys=0.03, real=0.16 secs] 
2020-09-29T11:55:03.166+0200: 108.636: [GC pause (G1 Evacuation Pause) (young), 0.1798932 secs]
   [Parallel Time: 178.8 ms, GC Workers: 8]
      [GC Worker Start (ms): Min: 108635.9, Avg: 108636.0, Max: 108636.1, Diff: 0.2]
      [Ext Root Scanning (ms): Min: 0.0, Avg: 0.1, Max: 0.2, Diff: 0.2, Sum: 0.6]
      [Update RS (ms): Min: 22.3, Avg: 22.4, Max: 22.5, Diff: 0.2, Sum: 179.0]
         [Processed Buffers: Min: 21, Avg: 23.3, Max: 26, Diff: 5, Sum: 186]
      [Scan RS (ms): Min: 18.3, Avg: 18.4, Max: 18.5, Diff: 0.3, Sum: 147.2]
      [Code Root Scanning (ms): Min: 0.0, Avg: 0.0, Max: 0.0, Diff: 0.0, Sum: 0.0]
      [Object Copy (ms): Min: 137.5, Avg: 137.5, Max: 137.7, Diff: 0.2, Sum: 1100.3]
      [Termination (ms): Min: 0.0, Avg: 0.1, Max: 0.2, Diff: 0.2, Sum: 1.0]
         [Termination Attempts: Min: 1, Avg: 925.0, Max: 1126, Diff: 1125, Sum: 7400]
      [GC Worker Other (ms): Min: 0.0, Avg: 0.0, Max: 0.1, Diff: 0.1, Sum: 0.3]
      [GC Worker Total (ms): Min: 178.5, Avg: 178.6, Max: 178.6, Diff: 0.2, Sum: 1428.5]
      [GC Worker End (ms): Min: 108814.6, Avg: 108814.6, Max: 108814.6, Diff: 0.1]
   [Code Root Fixup: 0.0 ms]
   [Code Root Purge: 0.0 ms]
   [Clear CT: 0.1 ms]
   [Other: 1.0 ms]
      [Choose CSet: 0.0 ms]
      [Ref Proc: 0.3 ms]
      [Ref Enq: 0.0 ms]
      [Redirty Cards: 0.2 ms]
      [Humongous Register: 0.1 ms]
      [Humongous Reclaim: 0.0 ms]
      [Free CSet: 0.2 ms]
   [Eden: 304.0M(304.0M)->0.0B(294.0M) Survivors: 42.0M->44.0M Heap: 1076.1M(2048.0M)->1078.6M(2048.0M)]
 [Times: user=1.34 sys=0.00, real=0.18 secs] 
2020-09-29T11:55:03.362+0200: 108.833: [GC pause (G1 Humongous Allocation) (young) (initial-mark), 0.0569911 secs]
   [Parallel Time: 55.9 ms, GC Workers: 8]
      [GC Worker Start (ms): Min: 108832.9, Avg: 108833.0, Max: 108833.1, Diff: 0.2]
      [Ext Root Scanning (ms): Min: 0.0, Avg: 3.7, Max: 20.7, Diff: 20.7, Sum: 29.6]
      [Update RS (ms): Min: 11.1, Avg: 27.8, Max: 31.5, Diff: 20.4, Sum: 222.3]
         [Processed Buffers: Min: 13, Avg: 32.6, Max: 40, Diff: 27, Sum: 261]
      [Scan RS (ms): Min: 2.4, Avg: 2.7, Max: 2.9, Diff: 0.6, Sum: 21.7]
      [Code Root Scanning (ms): Min: 0.0, Avg: 0.0, Max: 0.0, Diff: 0.0, Sum: 0.0]
      [Object Copy (ms): Min: 21.4, Avg: 21.4, Max: 21.5, Diff: 0.1, Sum: 171.5]
      [Termination (ms): Min: 0.0, Avg: 0.0, Max: 0.0, Diff: 0.0, Sum: 0.1]
         [Termination Attempts: Min: 1, Avg: 124.9, Max: 160, Diff: 159, Sum: 999]
      [GC Worker Other (ms): Min: 0.0, Avg: 0.0, Max: 0.1, Diff: 0.0, Sum: 0.3]
      [GC Worker Total (ms): Min: 55.6, Avg: 55.7, Max: 55.8, Diff: 0.2, Sum: 445.6]
      [GC Worker End (ms): Min: 108888.7, Avg: 108888.7, Max: 108888.7, Diff: 0.0]
   [Code Root Fixup: 0.0 ms]
   [Code Root Purge: 0.0 ms]
   [Clear CT: 0.2 ms]
   [Other: 0.8 ms]
      [Choose CSet: 0.0 ms]
      [Ref Proc: 0.2 ms]
      [Ref Enq: 0.0 ms]
      [Redirty Cards: 0.2 ms]
      [Humongous Register: 0.1 ms]
      [Humongous Reclaim: 0.0 ms]
      [Free CSet: 0.1 ms]
   [Eden: 9216.0K(294.0M)->0.0B(342.0M) Survivors: 44.0M->11.0M Heap: 1087.6M(2048.0M)->1091.6M(2048.0M)]
 [Times: user=0.44 sys=0.00, real=0.06 secs] 
2020-09-29T11:55:03.420+0200: 108.890: [GC concurrent-root-region-scan-start]
2020-09-29T11:55:03.424+0200: 108.894: [GC concurrent-root-region-scan-end, 0.0044334 secs]
2020-09-29T11:55:03.424+0200: 108.894: [GC concurrent-mark-start]
2020-09-29T11:55:03.427+0200: 108.897: [GC concurrent-mark-end, 0.0029054 secs]
2020-09-29T11:55:03.427+0200: 108.897: [GC remark 2020-09-29T11:55:03.427+0200: 108.897: [Finalize Marking, 0.0002007 secs] 2020-09-29T11:55:03.427+0200: 108.898: [GC ref-proc, 0.0002694 secs] 2020-09-29T11:55:03.428+0200: 108.898: [Unloading, 0.0004328 secs], 0.0012510 secs]
 [Times: user=0.00 sys=0.00, real=0.00 secs] 
2020-09-29T11:55:03.429+0200: 108.899: [GC cleanup 1110M->41M(2048M), 0.0011254 secs]
 [Times: user=0.00 sys=0.00, real=0.00 secs] 
2020-09-29T11:55:03.430+0200: 108.900: [GC concurrent-cleanup-start]
2020-09-29T11:55:03.431+0200: 108.902: [GC concurrent-cleanup-end, 0.0013318 secs]
2020-09-29T11:55:03.598+0200: 109.068: [GC pause (G1 Evacuation Pause) (young), 0.1660646 secs]
   [Parallel Time: 164.5 ms, GC Workers: 8]
      [GC Worker Start (ms): Min: 109068.1, Avg: 109068.1, Max: 109068.2, Diff: 0.2]
      [Ext Root Scanning (ms): Min: 0.0, Avg: 0.1, Max: 0.1, Diff: 0.1, Sum: 0.5]
      [Update RS (ms): Min: 12.7, Avg: 13.2, Max: 13.7, Diff: 0.9, Sum: 105.3]
         [Processed Buffers: Min: 14, Avg: 14.4, Max: 15, Diff: 1, Sum: 115]
      [Scan RS (ms): Min: 19.0, Avg: 19.5, Max: 19.9, Diff: 0.9, Sum: 155.7]
      [Code Root Scanning (ms): Min: 0.0, Avg: 0.0, Max: 0.0, Diff: 0.0, Sum: 0.0]
      [Object Copy (ms): Min: 131.4, Avg: 131.4, Max: 131.5, Diff: 0.1, Sum: 1051.5]
      [Termination (ms): Min: 0.0, Avg: 0.0, Max: 0.1, Diff: 0.1, Sum: 0.4]
         [Termination Attempts: Min: 1, Avg: 337.9, Max: 435, Diff: 434, Sum: 2703]
      [GC Worker Other (ms): Min: 0.0, Avg: 0.0, Max: 0.1, Diff: 0.1, Sum: 0.3]
      [GC Worker Total (ms): Min: 164.1, Avg: 164.2, Max: 164.3, Diff: 0.2, Sum: 1313.8]
      [GC Worker End (ms): Min: 109232.3, Avg: 109232.4, Max: 109232.4, Diff: 0.1]
   [Code Root Fixup: 0.0 ms]
   [Code Root Purge: 0.0 ms]
   [Clear CT: 0.2 ms]
   [Other: 1.4 ms]
      [Choose CSet: 0.0 ms]
      [Ref Proc: 0.2 ms]
      [Ref Enq: 0.0 ms]
      [Redirty Cards: 0.5 ms]
      [Humongous Register: 0.0 ms]
      [Humongous Reclaim: 0.0 ms]
      [Free CSet: 0.5 ms]
   [Eden: 342.0M(342.0M)->0.0B(314.0M) Survivors: 11.0M->45.0M Heap: 421.7M(2048.0M)->413.7M(2048.0M)]
 [Times: user=1.20 sys=0.05, real=0.17 secs] 
2020-09-29T11:55:03.924+0200: 109.394: [GC pause (G1 Evacuation Pause) (young), 0.1672106 secs]
   [Parallel Time: 166.1 ms, GC Workers: 8]
      [GC Worker Start (ms): Min: 109394.0, Avg: 109394.2, Max: 109394.2, Diff: 0.2]
      [Ext Root Scanning (ms): Min: 0.0, Avg: 0.0, Max: 0.2, Diff: 0.2, Sum: 0.4]
      [Update RS (ms): Min: 17.8, Avg: 17.9, Max: 18.3, Diff: 0.5, Sum: 143.2]
         [Processed Buffers: Min: 19, Avg: 22.0, Max: 26, Diff: 7, Sum: 176]
      [Scan RS (ms): Min: 16.2, Avg: 16.6, Max: 16.8, Diff: 0.7, Sum: 132.6]
      [Code Root Scanning (ms): Min: 0.0, Avg: 0.0, Max: 0.0, Diff: 0.0, Sum: 0.0]
      [Object Copy (ms): Min: 131.2, Avg: 131.3, Max: 131.4, Diff: 0.2, Sum: 1050.5]
      [Termination (ms): Min: 0.0, Avg: 0.0, Max: 0.0, Diff: 0.0, Sum: 0.3]
         [Termination Attempts: Min: 1, Avg: 241.6, Max: 308, Diff: 307, Sum: 1933]
      [GC Worker Other (ms): Min: 0.0, Avg: 0.0, Max: 0.1, Diff: 0.1, Sum: 0.3]
      [GC Worker Total (ms): Min: 165.8, Avg: 165.9, Max: 166.1, Diff: 0.2, Sum: 1327.4]
      [GC Worker End (ms): Min: 109560.1, Avg: 109560.1, Max: 109560.1, Diff: 0.1]
   [Code Root Fixup: 0.0 ms]
   [Code Root Purge: 0.0 ms]
   [Clear CT: 0.2 ms]
   [Other: 0.9 ms]
      [Choose CSet: 0.0 ms]
      [Ref Proc: 0.2 ms]
      [Ref Enq: 0.0 ms]
      [Redirty Cards: 0.3 ms]
      [Humongous Register: 0.0 ms]
      [Humongous Reclaim: 0.0 ms]
      [Free CSet: 0.2 ms]
   [Eden: 314.0M(314.0M)->0.0B(318.0M) Survivors: 45.0M->45.0M Heap: 781.1M(2048.0M)->783.1M(2048.0M)]
 [Times: user=1.36 sys=0.02, real=0.17 secs] 
2020-09-29T11:55:04.252+0200: 109.722: [GC pause (G1 Evacuation Pause) (young), 0.2122561 secs]
   [Parallel Time: 211.2 ms, GC Workers: 8]
      [GC Worker Start (ms): Min: 109722.0, Avg: 109722.1, Max: 109722.2, Diff: 0.2]
      [Ext Root Scanning (ms): Min: 0.0, Avg: 0.1, Max: 0.2, Diff: 0.2, Sum: 0.5]
      [Update RS (ms): Min: 20.7, Avg: 20.9, Max: 21.2, Diff: 0.5, Sum: 167.0]
         [Processed Buffers: Min: 19, Avg: 20.9, Max: 23, Diff: 4, Sum: 167]
      [Scan RS (ms): Min: 20.9, Avg: 21.2, Max: 21.4, Diff: 0.5, Sum: 169.7]
      [Code Root Scanning (ms): Min: 0.0, Avg: 0.0, Max: 0.0, Diff: 0.0, Sum: 0.0]
      [Object Copy (ms): Min: 167.9, Avg: 168.1, Max: 168.8, Diff: 1.0, Sum: 1345.1]
      [Termination (ms): Min: 0.0, Avg: 0.6, Max: 0.9, Diff: 0.9, Sum: 5.0]
         [Termination Attempts: Min: 1, Avg: 4556.1, Max: 6236, Diff: 6235, Sum: 36449]
      [GC Worker Other (ms): Min: 0.0, Avg: 0.0, Max: 0.1, Diff: 0.0, Sum: 0.3]
      [GC Worker Total (ms): Min: 210.9, Avg: 211.0, Max: 211.1, Diff: 0.2, Sum: 1687.6]
      [GC Worker End (ms): Min: 109933.0, Avg: 109933.0, Max: 109933.1, Diff: 0.0]
   [Code Root Fixup: 0.0 ms]
   [Code Root Purge: 0.0 ms]
   [Clear CT: 0.3 ms]
   [Other: 0.8 ms]
      [Choose CSet: 0.0 ms]
      [Ref Proc: 0.1 ms]
      [Ref Enq: 0.0 ms]
      [Redirty Cards: 0.2 ms]
      [Humongous Register: 0.0 ms]
      [Humongous Reclaim: 0.0 ms]
      [Free CSet: 0.2 ms]
   [Eden: 318.0M(318.0M)->0.0B(276.0M) Survivors: 45.0M->46.0M Heap: 1154.5M(2048.0M)->1157.0M(2048.0M)]
 [Times: user=1.67 sys=0.00, real=0.21 secs] 
2020-09-29T11:55:04.482+0200: 109.952: [GC pause (G1 Humongous Allocation) (young) (initial-mark), 0.0517581 secs]
   [Parallel Time: 50.8 ms, GC Workers: 8]
      [GC Worker Start (ms): Min: 109952.6, Avg: 109952.7, Max: 109952.7, Diff: 0.1]
      [Ext Root Scanning (ms): Min: 0.0, Avg: 0.1, Max: 0.1, Diff: 0.1, Sum: 0.8]
      [Update RS (ms): Min: 26.1, Avg: 26.2, Max: 26.6, Diff: 0.6, Sum: 209.8]
         [Processed Buffers: Min: 31, Avg: 32.5, Max: 34, Diff: 3, Sum: 260]
      [Scan RS (ms): Min: 2.3, Avg: 2.7, Max: 2.9, Diff: 0.6, Sum: 21.9]
      [Code Root Scanning (ms): Min: 0.0, Avg: 0.0, Max: 0.0, Diff: 0.0, Sum: 0.0]
      [Object Copy (ms): Min: 21.4, Avg: 21.5, Max: 21.5, Diff: 0.1, Sum: 172.0]
      [Termination (ms): Min: 0.0, Avg: 0.0, Max: 0.0, Diff: 0.0, Sum: 0.1]
         [Termination Attempts: Min: 1, Avg: 38.4, Max: 56, Diff: 55, Sum: 307]
      [GC Worker Other (ms): Min: 0.0, Avg: 0.0, Max: 0.0, Diff: 0.0, Sum: 0.2]
      [GC Worker Total (ms): Min: 50.5, Avg: 50.6, Max: 50.6, Diff: 0.1, Sum: 404.7]
      [GC Worker End (ms): Min: 110003.2, Avg: 110003.3, Max: 110003.3, Diff: 0.0]
   [Code Root Fixup: 0.0 ms]
   [Code Root Purge: 0.0 ms]
   [Clear CT: 0.2 ms]
   [Other: 0.8 ms]
      [Choose CSet: 0.0 ms]
      [Ref Proc: 0.2 ms]
      [Ref Enq: 0.0 ms]
      [Redirty Cards: 0.2 ms]
      [Humongous Register: 0.1 ms]
      [Humongous Reclaim: 0.0 ms]
      [Free CSet: 0.1 ms]
   [Eden: 11.0M(276.0M)->0.0B(332.0M) Survivors: 46.0M->12.0M Heap: 1167.5M(2048.0M)->1171.0M(2048.0M)]
 [Times: user=0.38 sys=0.00, real=0.05 secs] 
2020-09-29T11:55:04.534+0200: 110.004: [GC concurrent-root-region-scan-start]
2020-09-29T11:55:04.537+0200: 110.007: [GC concurrent-root-region-scan-end, 0.0027663 secs]
2020-09-29T11:55:04.537+0200: 110.007: [GC concurrent-mark-start]
2020-09-29T11:55:04.540+0200: 110.010: [GC concurrent-mark-end, 0.0033196 secs]
2020-09-29T11:55:04.540+0200: 110.011: [GC remark 2020-09-29T11:55:04.540+0200: 110.011: [Finalize Marking, 0.0002288 secs] 2020-09-29T11:55:04.541+0200: 110.011: [GC ref-proc, 0.0004392 secs] 2020-09-29T11:55:04.541+0200: 110.011: [Unloading, 0.0004621 secs], 0.0015613 secs]
 [Times: user=0.00 sys=0.00, real=0.00 secs] 
2020-09-29T11:55:04.542+0200: 110.013: [GC cleanup 1183M->36M(2048M), 0.0012761 secs]
 [Times: user=0.00 sys=0.00, real=0.00 secs] 
2020-09-29T11:55:04.544+0200: 110.014: [GC concurrent-cleanup-start]
2020-09-29T11:55:04.547+0200: 110.017: [GC concurrent-cleanup-end, 0.0028813 secs]
2020-09-29T11:55:04.719+0200: 110.189: [GC pause (G1 Evacuation Pause) (young), 0.1543637 secs]
   [Parallel Time: 153.1 ms, GC Workers: 8]
      [GC Worker Start (ms): Min: 110189.3, Avg: 110189.4, Max: 110189.5, Diff: 0.2]
      [Ext Root Scanning (ms): Min: 0.0, Avg: 0.1, Max: 0.1, Diff: 0.1, Sum: 0.5]
      [Update RS (ms): Min: 14.6, Avg: 14.7, Max: 15.1, Diff: 0.6, Sum: 117.4]
         [Processed Buffers: Min: 18, Avg: 19.0, Max: 21, Diff: 3, Sum: 152]
      [Scan RS (ms): Min: 15.0, Avg: 15.5, Max: 15.6, Diff: 0.6, Sum: 124.0]
      [Code Root Scanning (ms): Min: 0.0, Avg: 0.0, Max: 0.0, Diff: 0.0, Sum: 0.0]
      [Object Copy (ms): Min: 122.7, Avg: 122.7, Max: 122.7, Diff: 0.1, Sum: 981.4]
      [Termination (ms): Min: 0.0, Avg: 0.0, Max: 0.0, Diff: 0.0, Sum: 0.1]
         [Termination Attempts: Min: 1, Avg: 101.9, Max: 139, Diff: 138, Sum: 815]
      [GC Worker Other (ms): Min: 0.0, Avg: 0.0, Max: 0.1, Diff: 0.0, Sum: 0.3]
      [GC Worker Total (ms): Min: 152.9, Avg: 153.0, Max: 153.1, Diff: 0.2, Sum: 1223.7]
      [GC Worker End (ms): Min: 110342.4, Avg: 110342.4, Max: 110342.4, Diff: 0.0]
   [Code Root Fixup: 0.0 ms]
   [Code Root Purge: 0.0 ms]
   [Clear CT: 0.2 ms]
   [Other: 1.0 ms]
      [Choose CSet: 0.0 ms]
      [Ref Proc: 0.2 ms]
      [Ref Enq: 0.0 ms]
      [Redirty Cards: 0.2 ms]
      [Humongous Register: 0.0 ms]
      [Humongous Reclaim: 0.0 ms]
      [Free CSet: 0.3 ms]
   [Eden: 332.0M(332.0M)->0.0B(323.0M) Survivors: 12.0M->43.0M Heap: 413.2M(2048.0M)->403.7M(2048.0M)]
 [Times: user=1.25 sys=0.00, real=0.15 secs] 
2020-09-29T11:55:05.053+0200: 110.523: [GC pause (G1 Evacuation Pause) (young), 0.1795373 secs]
   [Parallel Time: 178.3 ms, GC Workers: 8]
      [GC Worker Start (ms): Min: 110522.6, Avg: 110522.7, Max: 110522.8, Diff: 0.2]
      [Ext Root Scanning (ms): Min: 0.0, Avg: 0.1, Max: 0.1, Diff: 0.1, Sum: 0.4]
      [Update RS (ms): Min: 15.7, Avg: 15.9, Max: 16.4, Diff: 0.8, Sum: 126.8]
         [Processed Buffers: Min: 17, Avg: 19.6, Max: 22, Diff: 5, Sum: 157]
      [Scan RS (ms): Min: 18.6, Avg: 19.6, Max: 21.9, Diff: 3.3, Sum: 156.5]
      [Code Root Scanning (ms): Min: 0.0, Avg: 0.0, Max: 0.0, Diff: 0.0, Sum: 0.0]
      [Object Copy (ms): Min: 140.3, Avg: 142.5, Max: 143.0, Diff: 2.7, Sum: 1140.0]
      [Termination (ms): Min: 0.0, Avg: 0.1, Max: 0.1, Diff: 0.1, Sum: 0.5]
         [Termination Attempts: Min: 1, Avg: 379.5, Max: 521, Diff: 520, Sum: 3036]
      [GC Worker Other (ms): Min: 0.0, Avg: 0.1, Max: 0.1, Diff: 0.0, Sum: 0.5]
      [GC Worker Total (ms): Min: 178.0, Avg: 178.1, Max: 178.2, Diff: 0.2, Sum: 1424.8]
      [GC Worker End (ms): Min: 110700.8, Avg: 110700.8, Max: 110700.8, Diff: 0.0]
   [Code Root Fixup: 0.0 ms]
   [Code Root Purge: 0.0 ms]
   [Clear CT: 0.2 ms]
   [Other: 1.0 ms]
      [Choose CSet: 0.0 ms]
      [Ref Proc: 0.2 ms]
      [Ref Enq: 0.0 ms]
      [Redirty Cards: 0.3 ms]
      [Humongous Register: 0.0 ms]
      [Humongous Reclaim: 0.0 ms]
      [Free CSet: 0.3 ms]
   [Eden: 323.0M(323.0M)->0.0B(312.0M) Survivors: 43.0M->46.0M Heap: 780.1M(2048.0M)->782.1M(2048.0M)]
 [Times: user=1.34 sys=0.00, real=0.18 secs] 
2020-09-29T11:55:05.413+0200: 110.883: [GC pause (G1 Evacuation Pause) (young), 0.1682269 secs]
   [Parallel Time: 167.2 ms, GC Workers: 8]
      [GC Worker Start (ms): Min: 110882.7, Avg: 110882.7, Max: 110882.8, Diff: 0.1]
      [Ext Root Scanning (ms): Min: 0.0, Avg: 0.1, Max: 0.1, Diff: 0.1, Sum: 0.5]
      [Update RS (ms): Min: 19.6, Avg: 19.7, Max: 20.2, Diff: 0.6, Sum: 157.8]
         [Processed Buffers: Min: 22, Avg: 24.0, Max: 25, Diff: 3, Sum: 192]
      [Scan RS (ms): Min: 14.8, Avg: 15.4, Max: 15.5, Diff: 0.7, Sum: 123.0]
      [Code Root Scanning (ms): Min: 0.0, Avg: 0.0, Max: 0.0, Diff: 0.0, Sum: 0.0]
      [Object Copy (ms): Min: 131.8, Avg: 131.8, Max: 131.9, Diff: 0.2, Sum: 1054.8]
      [Termination (ms): Min: 0.0, Avg: 0.0, Max: 0.0, Diff: 0.0, Sum: 0.0]
         [Termination Attempts: Min: 1, Avg: 13.6, Max: 19, Diff: 18, Sum: 109]
      [GC Worker Other (ms): Min: 0.0, Avg: 0.0, Max: 0.1, Diff: 0.1, Sum: 0.3]
      [GC Worker Total (ms): Min: 167.0, Avg: 167.1, Max: 167.1, Diff: 0.2, Sum: 1336.5]
      [GC Worker End (ms): Min: 111049.8, Avg: 111049.8, Max: 111049.8, Diff: 0.1]
   [Code Root Fixup: 0.0 ms]
   [Code Root Purge: 0.0 ms]
   [Clear CT: 0.2 ms]
   [Other: 0.9 ms]
      [Choose CSet: 0.0 ms]
      [Ref Proc: 0.1 ms]
      [Ref Enq: 0.0 ms]
      [Redirty Cards: 0.2 ms]
      [Humongous Register: 0.0 ms]
      [Humongous Reclaim: 0.0 ms]
      [Free CSet: 0.3 ms]
   [Eden: 312.0M(312.0M)->0.0B(319.0M) Survivors: 46.0M->45.0M Heap: 1145.6M(2048.0M)->1147.6M(2048.0M)]
 [Times: user=1.25 sys=0.00, real=0.17 secs] 
2020-09-29T11:55:05.593+0200: 111.063: [GC pause (G1 Humongous Allocation) (young) (initial-mark), 0.0577138 secs]
   [Parallel Time: 56.5 ms, GC Workers: 8]
      [GC Worker Start (ms): Min: 111062.9, Avg: 111063.0, Max: 111063.1, Diff: 0.2]
      [Ext Root Scanning (ms): Min: 0.0, Avg: 0.2, Max: 0.8, Diff: 0.8, Sum: 1.9]
      [Update RS (ms): Min: 33.1, Avg: 33.8, Max: 34.3, Diff: 1.2, Sum: 270.3]
         [Processed Buffers: Min: 40, Avg: 41.1, Max: 43, Diff: 3, Sum: 329]
      [Scan RS (ms): Min: 2.3, Avg: 2.6, Max: 2.8, Diff: 0.5, Sum: 21.2]
      [Code Root Scanning (ms): Min: 0.0, Avg: 0.0, Max: 0.0, Diff: 0.0, Sum: 0.0]
      [Object Copy (ms): Min: 19.6, Avg: 19.7, Max: 19.7, Diff: 0.0, Sum: 157.2]
      [Termination (ms): Min: 0.0, Avg: 0.0, Max: 0.0, Diff: 0.0, Sum: 0.1]
         [Termination Attempts: Min: 1, Avg: 78.9, Max: 116, Diff: 115, Sum: 631]
      [GC Worker Other (ms): Min: 0.0, Avg: 0.0, Max: 0.0, Diff: 0.0, Sum: 0.1]
      [GC Worker Total (ms): Min: 56.3, Avg: 56.4, Max: 56.4, Diff: 0.2, Sum: 450.8]
      [GC Worker End (ms): Min: 111119.4, Avg: 111119.4, Max: 111119.4, Diff: 0.0]
   [Code Root Fixup: 0.0 ms]
   [Code Root Purge: 0.0 ms]
   [Clear CT: 0.1 ms]
   [Other: 1.0 ms]
      [Choose CSet: 0.0 ms]
      [Ref Proc: 0.2 ms]
      [Ref Enq: 0.0 ms]
      [Redirty Cards: 0.4 ms]
      [Humongous Register: 0.0 ms]
      [Humongous Reclaim: 0.0 ms]
      [Free CSet: 0.1 ms]
   [Eden: 6144.0K(319.0M)->0.0B(338.0M) Survivors: 45.0M->8192.0K Heap: 1153.6M(2048.0M)->1157.6M(2048.0M)]
 [Times: user=0.50 sys=0.00, real=0.06 secs] 
2020-09-29T11:55:05.651+0200: 111.121: [GC concurrent-root-region-scan-start]
2020-09-29T11:55:05.653+0200: 111.123: [GC concurrent-root-region-scan-end, 0.0018495 secs]
2020-09-29T11:55:05.653+0200: 111.123: [GC concurrent-mark-start]
2020-09-29T11:55:05.656+0200: 111.125: [GC concurrent-mark-end, 0.0028130 secs]
2020-09-29T11:55:05.656+0200: 111.126: [GC remark 2020-09-29T11:55:05.656+0200: 111.126: [Finalize Marking, 0.0008218 secs] 2020-09-29T11:55:05.657+0200: 111.126: [GC ref-proc, 0.0002812 secs] 2020-09-29T11:55:05.657+0200: 111.127: [Unloading, 0.0003958 secs], 0.0018560 secs]
 [Times: user=0.00 sys=0.00, real=0.00 secs] 
2020-09-29T11:55:05.658+0200: 111.128: [GC cleanup 1169M->31M(2048M), 0.0013259 secs]
 [Times: user=0.00 sys=0.00, real=0.00 secs] 
2020-09-29T11:55:05.659+0200: 111.129: [GC concurrent-cleanup-start]
2020-09-29T11:55:05.661+0200: 111.131: [GC concurrent-cleanup-end, 0.0018354 secs]
2020-09-29T11:55:05.841+0200: 111.311: [GC pause (G1 Evacuation Pause) (young), 0.1624976 secs]
   [Parallel Time: 161.3 ms, GC Workers: 8]
      [GC Worker Start (ms): Min: 111310.7, Avg: 111310.8, Max: 111310.9, Diff: 0.2]
      [Ext Root Scanning (ms): Min: 0.0, Avg: 0.1, Max: 0.2, Diff: 0.2, Sum: 0.5]
      [Update RS (ms): Min: 16.9, Avg: 17.1, Max: 17.2, Diff: 0.3, Sum: 136.5]
         [Processed Buffers: Min: 18, Avg: 19.3, Max: 22, Diff: 4, Sum: 154]
      [Scan RS (ms): Min: 16.6, Avg: 16.7, Max: 16.9, Diff: 0.3, Sum: 133.7]
      [Code Root Scanning (ms): Min: 0.0, Avg: 0.0, Max: 0.0, Diff: 0.0, Sum: 0.0]
      [Object Copy (ms): Min: 127.1, Avg: 127.2, Max: 127.3, Diff: 0.1, Sum: 1017.4]
      [Termination (ms): Min: 0.0, Avg: 0.0, Max: 0.1, Diff: 0.1, Sum: 0.4]
         [Termination Attempts: Min: 1, Avg: 334.3, Max: 412, Diff: 411, Sum: 2674]
      [GC Worker Other (ms): Min: 0.0, Avg: 0.0, Max: 0.1, Diff: 0.1, Sum: 0.3]
      [GC Worker Total (ms): Min: 161.0, Avg: 161.1, Max: 161.2, Diff: 0.2, Sum: 1288.8]
      [GC Worker End (ms): Min: 111471.9, Avg: 111471.9, Max: 111471.9, Diff: 0.1]
   [Code Root Fixup: 0.0 ms]
   [Code Root Purge: 0.0 ms]
   [Clear CT: 0.2 ms]
   [Other: 1.0 ms]
      [Choose CSet: 0.0 ms]
      [Ref Proc: 0.2 ms]
      [Ref Enq: 0.0 ms]
      [Redirty Cards: 0.2 ms]
      [Humongous Register: 0.0 ms]
      [Humongous Reclaim: 0.0 ms]
      [Free CSet: 0.3 ms]
   [Eden: 338.0M(338.0M)->0.0B(335.0M) Survivors: 8192.0K->44.0M Heap: 415.2M(2048.0M)->408.7M(2048.0M)]
 [Times: user=1.25 sys=0.00, real=0.16 secs] 
2020-09-29T11:55:06.187+0200: 111.657: [GC pause (G1 Evacuation Pause) (young), 0.1812510 secs]
   [Parallel Time: 179.3 ms, GC Workers: 8]
      [GC Worker Start (ms): Min: 111657.0, Avg: 111657.2, Max: 111657.3, Diff: 0.2]
      [Ext Root Scanning (ms): Min: 0.0, Avg: 0.1, Max: 0.2, Diff: 0.2, Sum: 0.4]
      [Update RS (ms): Min: 18.8, Avg: 19.1, Max: 19.5, Diff: 0.7, Sum: 152.9]
         [Processed Buffers: Min: 19, Avg: 21.3, Max: 23, Diff: 4, Sum: 170]
      [Scan RS (ms): Min: 19.1, Avg: 19.5, Max: 19.8, Diff: 0.8, Sum: 156.0]
      [Code Root Scanning (ms): Min: 0.0, Avg: 0.0, Max: 0.0, Diff: 0.0, Sum: 0.0]
      [Object Copy (ms): Min: 140.2, Avg: 140.4, Max: 140.4, Diff: 0.2, Sum: 1122.9]
      [Termination (ms): Min: 0.0, Avg: 0.0, Max: 0.0, Diff: 0.0, Sum: 0.1]
         [Termination Attempts: Min: 1, Avg: 52.9, Max: 67, Diff: 66, Sum: 423]
      [GC Worker Other (ms): Min: 0.0, Avg: 0.0, Max: 0.1, Diff: 0.1, Sum: 0.4]
      [GC Worker Total (ms): Min: 179.0, Avg: 179.1, Max: 179.3, Diff: 0.2, Sum: 1432.8]
      [GC Worker End (ms): Min: 111836.2, Avg: 111836.3, Max: 111836.3, Diff: 0.1]
   [Code Root Fixup: 0.0 ms]
   [Code Root Purge: 0.0 ms]
   [Clear CT: 0.2 ms]
   [Other: 1.7 ms]
      [Choose CSet: 0.0 ms]
      [Ref Proc: 0.2 ms]
      [Ref Enq: 0.0 ms]
      [Redirty Cards: 0.9 ms]
      [Humongous Register: 0.0 ms]
      [Humongous Reclaim: 0.0 ms]
      [Free CSet: 0.3 ms]
   [Eden: 335.0M(335.0M)->0.0B(322.0M) Survivors: 44.0M->48.0M Heap: 799.0M(2048.0M)->801.0M(2048.0M)]
 [Times: user=1.47 sys=0.02, real=0.18 secs] 
2020-09-29T11:55:06.549+0200: 112.019: [GC pause (G1 Evacuation Pause) (young), 0.1770322 secs]
   [Parallel Time: 175.9 ms, GC Workers: 8]
      [GC Worker Start (ms): Min: 112018.8, Avg: 112018.9, Max: 112019.0, Diff: 0.2]
      [Ext Root Scanning (ms): Min: 0.0, Avg: 0.1, Max: 0.2, Diff: 0.2, Sum: 0.5]
      [Update RS (ms): Min: 17.1, Avg: 17.6, Max: 17.8, Diff: 0.7, Sum: 140.5]
         [Processed Buffers: Min: 19, Avg: 20.3, Max: 22, Diff: 3, Sum: 162]
      [Scan RS (ms): Min: 18.1, Avg: 18.6, Max: 19.1, Diff: 1.0, Sum: 148.6]
      [Code Root Scanning (ms): Min: 0.0, Avg: 0.0, Max: 0.0, Diff: 0.0, Sum: 0.0]
      [Object Copy (ms): Min: 139.0, Avg: 139.4, Max: 139.7, Diff: 0.7, Sum: 1115.2]
      [Termination (ms): Min: 0.0, Avg: 0.0, Max: 0.0, Diff: 0.0, Sum: 0.0]
         [Termination Attempts: Min: 1, Avg: 39.3, Max: 52, Diff: 51, Sum: 314]
      [GC Worker Other (ms): Min: 0.0, Avg: 0.0, Max: 0.1, Diff: 0.1, Sum: 0.3]
      [GC Worker Total (ms): Min: 175.6, Avg: 175.6, Max: 175.8, Diff: 0.2, Sum: 1405.2]
      [GC Worker End (ms): Min: 112194.6, Avg: 112194.6, Max: 112194.6, Diff: 0.1]
   [Code Root Fixup: 0.0 ms]
   [Code Root Purge: 0.0 ms]
   [Clear CT: 0.2 ms]
   [Other: 1.0 ms]
      [Choose CSet: 0.0 ms]
      [Ref Proc: 0.2 ms]
      [Ref Enq: 0.0 ms]
      [Redirty Cards: 0.2 ms]
      [Humongous Register: 0.0 ms]
      [Humongous Reclaim: 0.0 ms]
      [Free CSet: 0.3 ms]
   [Eden: 322.0M(322.0M)->0.0B(320.0M) Survivors: 48.0M->47.0M Heap: 1176.4M(2048.0M)->1178.4M(2048.0M)]
 [Times: user=1.39 sys=0.11, real=0.18 secs] 
2020-09-29T11:55:06.726+0200: 112.196: [GC pause (G1 Humongous Allocation) (young) (initial-mark), 0.0743981 secs]
   [Parallel Time: 73.4 ms, GC Workers: 8]
      [GC Worker Start (ms): Min: 112196.5, Avg: 112196.5, Max: 112196.6, Diff: 0.1]
      [Ext Root Scanning (ms): Min: 0.0, Avg: 0.2, Max: 1.1, Diff: 1.1, Sum: 1.9]
      [Update RS (ms): Min: 49.2, Avg: 50.1, Max: 50.8, Diff: 1.6, Sum: 401.1]
         [Processed Buffers: Min: 59, Avg: 62.5, Max: 68, Diff: 9, Sum: 500]
      [Scan RS (ms): Min: 0.0, Avg: 0.0, Max: 0.0, Diff: 0.0, Sum: 0.0]
      [Code Root Scanning (ms): Min: 0.0, Avg: 0.0, Max: 0.0, Diff: 0.0, Sum: 0.0]
      [Object Copy (ms): Min: 22.1, Avg: 22.7, Max: 22.9, Diff: 0.8, Sum: 181.7]
      [Termination (ms): Min: 0.0, Avg: 0.1, Max: 0.1, Diff: 0.1, Sum: 0.6]
         [Termination Attempts: Min: 1, Avg: 486.6, Max: 593, Diff: 592, Sum: 3893]
      [GC Worker Other (ms): Min: 0.0, Avg: 0.0, Max: 0.0, Diff: 0.0, Sum: 0.2]
      [GC Worker Total (ms): Min: 73.1, Avg: 73.2, Max: 73.2, Diff: 0.1, Sum: 585.4]
      [GC Worker End (ms): Min: 112269.7, Avg: 112269.7, Max: 112269.7, Diff: 0.0]
   [Code Root Fixup: 0.0 ms]
   [Code Root Purge: 0.0 ms]
   [Clear CT: 0.2 ms]
   [Other: 0.9 ms]
      [Choose CSet: 0.0 ms]
      [Ref Proc: 0.2 ms]
      [Ref Enq: 0.0 ms]
      [Redirty Cards: 0.4 ms]
      [Humongous Register: 0.1 ms]
      [Humongous Reclaim: 0.0 ms]
      [Free CSet: 0.0 ms]
   [Eden: 1024.0K(320.0M)->0.0B(326.0M) Survivors: 47.0M->2048.0K Heap: 1179.4M(2048.0M)->1181.9M(2048.0M)]
 [Times: user=0.50 sys=0.00, real=0.08 secs] 
2020-09-29T11:55:06.801+0200: 112.271: [GC concurrent-root-region-scan-start]
2020-09-29T11:55:06.801+0200: 112.271: [GC concurrent-root-region-scan-end, 0.0005508 secs]
2020-09-29T11:55:06.801+0200: 112.271: [GC concurrent-mark-start]
2020-09-29T11:55:06.804+0200: 112.274: [GC concurrent-mark-end, 0.0027657 secs]
2020-09-29T11:55:06.804+0200: 112.274: [GC remark 2020-09-29T11:55:06.804+0200: 112.274: [Finalize Marking, 0.0002607 secs] 2020-09-29T11:55:06.805+0200: 112.275: [GC ref-proc, 0.0002580 secs] 2020-09-29T11:55:06.805+0200: 112.275: [Unloading, 0.0004529 secs], 0.0012973 secs]
 [Times: user=0.00 sys=0.00, real=0.00 secs] 
2020-09-29T11:55:06.806+0200: 112.276: [GC cleanup 1189M->21M(2048M), 0.0012537 secs]
 [Times: user=0.00 sys=0.00, real=0.00 secs] 
2020-09-29T11:55:06.807+0200: 112.277: [GC concurrent-cleanup-start]
2020-09-29T11:55:06.809+0200: 112.279: [GC concurrent-cleanup-end, 0.0015477 secs]
2020-09-29T11:55:06.972+0200: 112.442: [GC pause (G1 Evacuation Pause) (young), 0.1620769 secs]
   [Parallel Time: 160.9 ms, GC Workers: 8]
      [GC Worker Start (ms): Min: 112441.8, Avg: 112442.0, Max: 112442.0, Diff: 0.2]
      [Ext Root Scanning (ms): Min: 0.0, Avg: 0.1, Max: 0.2, Diff: 0.2, Sum: 0.4]
      [Update RS (ms): Min: 23.9, Avg: 24.2, Max: 24.4, Diff: 0.5, Sum: 193.6]
         [Processed Buffers: Min: 24, Avg: 26.4, Max: 29, Diff: 5, Sum: 211]
      [Scan RS (ms): Min: 12.6, Avg: 12.9, Max: 13.3, Diff: 0.7, Sum: 103.1]
      [Code Root Scanning (ms): Min: 0.0, Avg: 0.0, Max: 0.0, Diff: 0.0, Sum: 0.0]
      [Object Copy (ms): Min: 123.2, Avg: 123.4, Max: 123.5, Diff: 0.2, Sum: 987.3]
      [Termination (ms): Min: 0.0, Avg: 0.0, Max: 0.1, Diff: 0.0, Sum: 0.3]
         [Termination Attempts: Min: 1, Avg: 105.1, Max: 154, Diff: 153, Sum: 841]
      [GC Worker Other (ms): Min: 0.0, Avg: 0.0, Max: 0.1, Diff: 0.1, Sum: 0.3]
      [GC Worker Total (ms): Min: 160.5, Avg: 160.6, Max: 160.8, Diff: 0.2, Sum: 1284.9]
      [GC Worker End (ms): Min: 112602.5, Avg: 112602.6, Max: 112602.6, Diff: 0.1]
   [Code Root Fixup: 0.0 ms]
   [Code Root Purge: 0.0 ms]
   [Clear CT: 0.2 ms]
   [Other: 1.0 ms]
      [Choose CSet: 0.0 ms]
      [Ref Proc: 0.2 ms]
      [Ref Enq: 0.0 ms]
      [Redirty Cards: 0.3 ms]
      [Humongous Register: 0.0 ms]
      [Humongous Reclaim: 0.0 ms]
      [Free CSet: 0.2 ms]
   [Eden: 326.0M(326.0M)->0.0B(301.0M) Survivors: 2048.0K->41.0M Heap: 394.8M(2048.0M)->395.3M(2048.0M)]
 [Times: user=1.38 sys=0.00, real=0.16 secs] 
2020-09-29T11:55:07.308+0200: 112.778: [GC pause (G1 Evacuation Pause) (young), 0.1613041 secs]
   [Parallel Time: 159.7 ms, GC Workers: 8]
      [GC Worker Start (ms): Min: 112778.1, Avg: 112778.2, Max: 112778.3, Diff: 0.2]
      [Ext Root Scanning (ms): Min: 0.0, Avg: 0.1, Max: 0.2, Diff: 0.2, Sum: 0.4]
      [Update RS (ms): Min: 15.3, Avg: 15.5, Max: 16.1, Diff: 0.7, Sum: 123.9]
         [Processed Buffers: Min: 16, Avg: 18.0, Max: 21, Diff: 5, Sum: 144]
      [Scan RS (ms): Min: 15.2, Avg: 15.7, Max: 15.9, Diff: 0.8, Sum: 125.9]
      [Code Root Scanning (ms): Min: 0.0, Avg: 0.0, Max: 0.0, Diff: 0.0, Sum: 0.0]
      [Object Copy (ms): Min: 127.9, Avg: 128.0, Max: 128.1, Diff: 0.2, Sum: 1024.2]
      [Termination (ms): Min: 0.0, Avg: 0.1, Max: 0.1, Diff: 0.1, Sum: 0.8]
         [Termination Attempts: Min: 1, Avg: 708.6, Max: 886, Diff: 885, Sum: 5669]
      [GC Worker Other (ms): Min: 0.0, Avg: 0.0, Max: 0.1, Diff: 0.1, Sum: 0.4]
      [GC Worker Total (ms): Min: 159.3, Avg: 159.4, Max: 159.6, Diff: 0.2, Sum: 1275.5]
      [GC Worker End (ms): Min: 112937.6, Avg: 112937.7, Max: 112937.7, Diff: 0.1]
   [Code Root Fixup: 0.0 ms]
   [Code Root Purge: 0.0 ms]
   [Clear CT: 0.2 ms]
   [Other: 1.4 ms]
      [Choose CSet: 0.0 ms]
      [Ref Proc: 0.2 ms]
      [Ref Enq: 0.0 ms]
      [Redirty Cards: 0.7 ms]
      [Humongous Register: 0.0 ms]
      [Humongous Reclaim: 0.0 ms]
      [Free CSet: 0.3 ms]
   [Eden: 301.0M(301.0M)->0.0B(303.0M) Survivors: 41.0M->43.0M Heap: 745.9M(2048.0M)->747.4M(2048.0M)]
 [Times: user=1.20 sys=0.01, real=0.16 secs] 
2020-09-29T11:55:07.626+0200: 113.096: [GC pause (G1 Evacuation Pause) (young), 0.1666832 secs]
   [Parallel Time: 165.5 ms, GC Workers: 8]
      [GC Worker Start (ms): Min: 113096.5, Avg: 113096.6, Max: 113096.7, Diff: 0.2]
      [Ext Root Scanning (ms): Min: 0.0, Avg: 0.1, Max: 0.1, Diff: 0.1, Sum: 0.4]
      [Update RS (ms): Min: 18.1, Avg: 18.1, Max: 18.3, Diff: 0.2, Sum: 144.9]
         [Processed Buffers: Min: 21, Avg: 22.5, Max: 25, Diff: 4, Sum: 180]
      [Scan RS (ms): Min: 14.6, Avg: 14.7, Max: 14.9, Diff: 0.3, Sum: 117.7]
      [Code Root Scanning (ms): Min: 0.0, Avg: 0.0, Max: 0.0, Diff: 0.0, Sum: 0.0]
      [Object Copy (ms): Min: 132.1, Avg: 132.2, Max: 132.3, Diff: 0.2, Sum: 1057.9]
      [Termination (ms): Min: 0.0, Avg: 0.1, Max: 0.1, Diff: 0.1, Sum: 0.7]
         [Termination Attempts: Min: 1, Avg: 719.0, Max: 894, Diff: 893, Sum: 5752]
      [GC Worker Other (ms): Min: 0.0, Avg: 0.0, Max: 0.1, Diff: 0.1, Sum: 0.3]
      [GC Worker Total (ms): Min: 165.2, Avg: 165.3, Max: 165.3, Diff: 0.2, Sum: 1322.1]
      [GC Worker End (ms): Min: 113261.8, Avg: 113261.8, Max: 113261.9, Diff: 0.1]
   [Code Root Fixup: 0.0 ms]
   [Code Root Purge: 0.0 ms]
   [Clear CT: 0.2 ms]
   [Other: 1.1 ms]
      [Choose CSet: 0.0 ms]
      [Ref Proc: 0.1 ms]
      [Ref Enq: 0.0 ms]
      [Redirty Cards: 0.4 ms]
      [Humongous Register: 0.0 ms]
      [Humongous Reclaim: 0.0 ms]
      [Free CSet: 0.3 ms]
   [Eden: 303.0M(303.0M)->0.0B(309.0M) Survivors: 43.0M->44.0M Heap: 1101.9M(2048.0M)->1103.9M(2048.0M)]
 [Times: user=1.38 sys=0.00, real=0.17 secs] 
2020-09-29T11:55:07.802+0200: 113.272: [GC pause (G1 Humongous Allocation) (young) (initial-mark), 0.0621959 secs]
   [Parallel Time: 61.4 ms, GC Workers: 8]
      [GC Worker Start (ms): Min: 113272.3, Avg: 113272.4, Max: 113272.4, Diff: 0.1]
      [Ext Root Scanning (ms): Min: 0.0, Avg: 0.1, Max: 0.1, Diff: 0.1, Sum: 0.6]
      [Update RS (ms): Min: 37.4, Avg: 37.8, Max: 38.0, Diff: 0.6, Sum: 302.3]
         [Processed Buffers: Min: 43, Avg: 45.8, Max: 48, Diff: 5, Sum: 366]
      [Scan RS (ms): Min: 2.4, Avg: 2.6, Max: 3.0, Diff: 0.6, Sum: 21.0]
      [Code Root Scanning (ms): Min: 0.0, Avg: 0.0, Max: 0.0, Diff: 0.0, Sum: 0.0]
      [Object Copy (ms): Min: 20.7, Avg: 20.7, Max: 20.8, Diff: 0.1, Sum: 165.9]
      [Termination (ms): Min: 0.0, Avg: 0.0, Max: 0.0, Diff: 0.0, Sum: 0.1]
         [Termination Attempts: Min: 1, Avg: 67.9, Max: 90, Diff: 89, Sum: 543]
      [GC Worker Other (ms): Min: 0.0, Avg: 0.0, Max: 0.0, Diff: 0.0, Sum: 0.1]
      [GC Worker Total (ms): Min: 61.2, Avg: 61.2, Max: 61.3, Diff: 0.1, Sum: 490.0]
      [GC Worker End (ms): Min: 113333.6, Avg: 113333.6, Max: 113333.6, Diff: 0.0]
   [Code Root Fixup: 0.0 ms]
   [Code Root Purge: 0.0 ms]
   [Clear CT: 0.2 ms]
   [Other: 0.6 ms]
      [Choose CSet: 0.0 ms]
      [Ref Proc: 0.2 ms]
      [Ref Enq: 0.0 ms]
      [Redirty Cards: 0.1 ms]
      [Humongous Register: 0.0 ms]
      [Humongous Reclaim: 0.0 ms]
      [Free CSet: 0.1 ms]
   [Eden: 9216.0K(309.0M)->0.0B(349.0M) Survivors: 44.0M->11.0M Heap: 1112.4M(2048.0M)->1116.4M(2048.0M)]
 [Times: user=0.38 sys=0.02, real=0.06 secs] 
2020-09-29T11:55:07.864+0200: 113.334: [GC concurrent-root-region-scan-start]
2020-09-29T11:55:07.866+0200: 113.336: [GC concurrent-root-region-scan-end, 0.0016734 secs]
2020-09-29T11:55:07.866+0200: 113.336: [GC concurrent-mark-start]
2020-09-29T11:55:07.868+0200: 113.339: [GC concurrent-mark-end, 0.0028179 secs]
2020-09-29T11:55:07.869+0200: 113.339: [GC remark 2020-09-29T11:55:07.869+0200: 113.339: [Finalize Marking, 0.0002229 secs] 2020-09-29T11:55:07.869+0200: 113.340: [GC ref-proc, 0.0002829 secs] 2020-09-29T11:55:07.869+0200: 113.340: [Unloading, 0.0003604 secs], 0.0011534 secs]
 [Times: user=0.00 sys=0.00, real=0.00 secs] 
2020-09-29T11:55:07.870+0200: 113.341: [GC cleanup 1128M->34M(2048M), 0.0014068 secs]
 [Times: user=0.00 sys=0.00, real=0.00 secs] 
2020-09-29T11:55:07.872+0200: 113.342: [GC concurrent-cleanup-start]
2020-09-29T11:55:07.873+0200: 113.344: [GC concurrent-cleanup-end, 0.0015245 secs]
2020-09-29T11:55:08.044+0200: 113.515: [GC pause (G1 Evacuation Pause) (young), 0.1688399 secs]
   [Parallel Time: 167.7 ms, GC Workers: 8]
      [GC Worker Start (ms): Min: 113515.0, Avg: 113515.1, Max: 113515.2, Diff: 0.2]
      [Ext Root Scanning (ms): Min: 0.0, Avg: 0.1, Max: 0.2, Diff: 0.2, Sum: 0.4]
      [Update RS (ms): Min: 20.4, Avg: 20.6, Max: 21.0, Diff: 0.6, Sum: 164.5]
         [Processed Buffers: Min: 20, Avg: 22.4, Max: 26, Diff: 6, Sum: 179]
      [Scan RS (ms): Min: 16.5, Avg: 17.0, Max: 17.3, Diff: 0.8, Sum: 135.8]
      [Code Root Scanning (ms): Min: 0.0, Avg: 0.0, Max: 0.0, Diff: 0.0, Sum: 0.0]
      [Object Copy (ms): Min: 129.7, Avg: 129.8, Max: 129.9, Diff: 0.2, Sum: 1038.4]
      [Termination (ms): Min: 0.0, Avg: 0.0, Max: 0.0, Diff: 0.0, Sum: 0.2]
         [Termination Attempts: Min: 1, Avg: 190.0, Max: 277, Diff: 276, Sum: 1520]
      [GC Worker Other (ms): Min: 0.0, Avg: 0.1, Max: 0.1, Diff: 0.1, Sum: 0.5]
      [GC Worker Total (ms): Min: 167.4, Avg: 167.5, Max: 167.6, Diff: 0.2, Sum: 1339.9]
      [GC Worker End (ms): Min: 113682.6, Avg: 113682.6, Max: 113682.6, Diff: 0.1]
   [Code Root Fixup: 0.0 ms]
   [Code Root Purge: 0.0 ms]
   [Clear CT: 0.2 ms]
   [Other: 0.9 ms]
      [Choose CSet: 0.0 ms]
      [Ref Proc: 0.1 ms]
      [Ref Enq: 0.0 ms]
      [Redirty Cards: 0.3 ms]
      [Humongous Register: 0.0 ms]
      [Humongous Reclaim: 0.0 ms]
      [Free CSet: 0.3 ms]
   [Eden: 349.0M(349.0M)->0.0B(323.0M) Survivors: 11.0M->45.0M Heap: 431.1M(2048.0M)->422.6M(2048.0M)]
 [Times: user=1.31 sys=0.05, real=0.17 secs] 
2020-09-29T11:55:08.398+0200: 113.869: [GC pause (G1 Evacuation Pause) (young), 0.1738626 secs]
   [Parallel Time: 172.6 ms, GC Workers: 8]
      [GC Worker Start (ms): Min: 113869.0, Avg: 113869.0, Max: 113869.1, Diff: 0.1]
      [Ext Root Scanning (ms): Min: 0.0, Avg: 0.1, Max: 0.1, Diff: 0.1, Sum: 0.7]
      [Update RS (ms): Min: 16.9, Avg: 17.1, Max: 17.3, Diff: 0.4, Sum: 136.5]
         [Processed Buffers: Min: 17, Avg: 18.4, Max: 20, Diff: 3, Sum: 147]
      [Scan RS (ms): Min: 18.3, Avg: 18.4, Max: 18.6, Diff: 0.3, Sum: 147.0]
      [Code Root Scanning (ms): Min: 0.0, Avg: 0.0, Max: 0.0, Diff: 0.0, Sum: 0.0]
      [Object Copy (ms): Min: 136.8, Avg: 136.9, Max: 136.9, Diff: 0.1, Sum: 1095.0]
      [Termination (ms): Min: 0.0, Avg: 0.0, Max: 0.0, Diff: 0.0, Sum: 0.3]
         [Termination Attempts: Min: 1, Avg: 239.9, Max: 301, Diff: 300, Sum: 1919]
      [GC Worker Other (ms): Min: 0.0, Avg: 0.0, Max: 0.1, Diff: 0.0, Sum: 0.4]
      [GC Worker Total (ms): Min: 172.4, Avg: 172.5, Max: 172.5, Diff: 0.1, Sum: 1379.8]
      [GC Worker End (ms): Min: 114041.5, Avg: 114041.5, Max: 114041.5, Diff: 0.0]
   [Code Root Fixup: 0.0 ms]
   [Code Root Purge: 0.0 ms]
   [Clear CT: 0.2 ms]
   [Other: 1.0 ms]
      [Choose CSet: 0.0 ms]
      [Ref Proc: 0.2 ms]
      [Ref Enq: 0.0 ms]
      [Redirty Cards: 0.3 ms]
      [Humongous Register: 0.0 ms]
      [Humongous Reclaim: 0.0 ms]
      [Free CSet: 0.3 ms]
   [Eden: 323.0M(323.0M)->0.0B(317.0M) Survivors: 45.0M->46.0M Heap: 799.0M(2048.0M)->801.0M(2048.0M)]
 [Times: user=1.36 sys=0.02, real=0.18 secs] 
2020-09-29T11:55:08.747+0200: 114.217: [GC pause (G1 Evacuation Pause) (young), 0.1904744 secs]
   [Parallel Time: 189.2 ms, GC Workers: 8]
      [GC Worker Start (ms): Min: 114217.2, Avg: 114217.4, Max: 114217.4, Diff: 0.2]
      [Ext Root Scanning (ms): Min: 0.0, Avg: 0.1, Max: 0.2, Diff: 0.2, Sum: 0.7]
      [Update RS (ms): Min: 20.8, Avg: 21.0, Max: 21.2, Diff: 0.4, Sum: 167.8]
         [Processed Buffers: Min: 24, Avg: 25.5, Max: 28, Diff: 4, Sum: 204]
      [Scan RS (ms): Min: 15.0, Avg: 15.2, Max: 15.4, Diff: 0.4, Sum: 121.4]
      [Code Root Scanning (ms): Min: 0.0, Avg: 0.0, Max: 0.0, Diff: 0.0, Sum: 0.0]
      [Object Copy (ms): Min: 152.0, Avg: 152.2, Max: 152.7, Diff: 0.7, Sum: 1218.0]
      [Termination (ms): Min: 0.0, Avg: 0.4, Max: 0.5, Diff: 0.5, Sum: 3.1]
         [Termination Attempts: Min: 1, Avg: 2776.0, Max: 3455, Diff: 3454, Sum: 22208]
      [GC Worker Other (ms): Min: 0.0, Avg: 0.0, Max: 0.1, Diff: 0.1, Sum: 0.4]
      [GC Worker Total (ms): Min: 188.8, Avg: 188.9, Max: 189.1, Diff: 0.3, Sum: 1511.3]
      [GC Worker End (ms): Min: 114406.2, Avg: 114406.3, Max: 114406.3, Diff: 0.1]
   [Code Root Fixup: 0.0 ms]
   [Code Root Purge: 0.0 ms]
   [Clear CT: 0.3 ms]
   [Other: 1.0 ms]
      [Choose CSet: 0.0 ms]
      [Ref Proc: 0.3 ms]
      [Ref Enq: 0.0 ms]
      [Redirty Cards: 0.3 ms]
      [Humongous Register: 0.1 ms]
      [Humongous Reclaim: 0.0 ms]
      [Free CSet: 0.2 ms]
   [Eden: 317.0M(317.0M)->0.0B(303.0M) Survivors: 46.0M->46.0M Heap: 1171.4M(2048.0M)->1173.4M(2048.0M)]
 [Times: user=1.48 sys=0.00, real=0.19 secs] 
2020-09-29T11:55:08.950+0200: 114.421: [GC pause (G1 Humongous Allocation) (young) (initial-mark), 0.0574872 secs]
   [Parallel Time: 56.7 ms, GC Workers: 8]
      [GC Worker Start (ms): Min: 114420.9, Avg: 114421.0, Max: 114421.0, Diff: 0.2]
      [Ext Root Scanning (ms): Min: 0.0, Avg: 0.1, Max: 0.2, Diff: 0.2, Sum: 0.5]
      [Update RS (ms): Min: 32.3, Avg: 32.5, Max: 33.0, Diff: 0.7, Sum: 259.9]
         [Processed Buffers: Min: 40, Avg: 41.0, Max: 42, Diff: 2, Sum: 328]
      [Scan RS (ms): Min: 2.2, Avg: 2.8, Max: 3.0, Diff: 0.8, Sum: 22.1]
      [Code Root Scanning (ms): Min: 0.0, Avg: 0.0, Max: 0.0, Diff: 0.0, Sum: 0.0]
      [Object Copy (ms): Min: 21.1, Avg: 21.1, Max: 21.1, Diff: 0.1, Sum: 168.8]
      [Termination (ms): Min: 0.0, Avg: 0.0, Max: 0.0, Diff: 0.0, Sum: 0.1]
         [Termination Attempts: Min: 1, Avg: 53.5, Max: 81, Diff: 80, Sum: 428]
      [GC Worker Other (ms): Min: 0.0, Avg: 0.0, Max: 0.0, Diff: 0.0, Sum: 0.1]
      [GC Worker Total (ms): Min: 56.4, Avg: 56.4, Max: 56.5, Diff: 0.2, Sum: 451.5]
      [GC Worker End (ms): Min: 114477.4, Avg: 114477.4, Max: 114477.4, Diff: 0.0]
   [Code Root Fixup: 0.0 ms]
   [Code Root Purge: 0.0 ms]
   [Clear CT: 0.1 ms]
   [Other: 0.6 ms]
      [Choose CSet: 0.0 ms]
      [Ref Proc: 0.2 ms]
      [Ref Enq: 0.0 ms]
      [Redirty Cards: 0.1 ms]
      [Humongous Register: 0.0 ms]
      [Humongous Reclaim: 0.0 ms]
      [Free CSet: 0.1 ms]
   [Eden: 7168.0K(303.0M)->0.0B(325.0M) Survivors: 46.0M->9216.0K Heap: 1180.4M(2048.0M)->1184.9M(2048.0M)]
 [Times: user=0.50 sys=0.00, real=0.06 secs] 
2020-09-29T11:55:09.008+0200: 114.478: [GC concurrent-root-region-scan-start]
2020-09-29T11:55:09.009+0200: 114.480: [GC concurrent-root-region-scan-end, 0.0012574 secs]
2020-09-29T11:55:09.009+0200: 114.480: [GC concurrent-mark-start]
2020-09-29T11:55:09.011+0200: 114.482: [GC concurrent-mark-end, 0.0022469 secs]
2020-09-29T11:55:09.011+0200: 114.482: [GC remark 2020-09-29T11:55:09.011+0200: 114.482: [Finalize Marking, 0.0001966 secs] 2020-09-29T11:55:09.012+0200: 114.482: [GC ref-proc, 0.0002550 secs] 2020-09-29T11:55:09.012+0200: 114.483: [Unloading, 0.0003880 secs], 0.0011044 secs]
 [Times: user=0.00 sys=0.00, real=0.00 secs] 
2020-09-29T11:55:09.013+0200: 114.483: [GC cleanup 1194M->30M(2048M), 0.0009658 secs]
 [Times: user=0.00 sys=0.00, real=0.00 secs] 
2020-09-29T11:55:09.014+0200: 114.484: [GC concurrent-cleanup-start]
2020-09-29T11:55:09.015+0200: 114.486: [GC concurrent-cleanup-end, 0.0016330 secs]
2020-09-29T11:55:09.262+0200: 114.732: [GC pause (G1 Evacuation Pause) (young), 0.2642825 secs]
   [Parallel Time: 262.4 ms, GC Workers: 8]
      [GC Worker Start (ms): Min: 114732.6, Avg: 114734.4, Max: 114746.2, Diff: 13.6]
      [Ext Root Scanning (ms): Min: 0.0, Avg: 0.1, Max: 0.2, Diff: 0.2, Sum: 0.8]
      [Update RS (ms): Min: 11.7, Avg: 23.6, Max: 25.9, Diff: 14.2, Sum: 189.1]
         [Processed Buffers: Min: 7, Avg: 16.3, Max: 20, Diff: 13, Sum: 130]
      [Scan RS (ms): Min: 25.6, Avg: 26.0, Max: 26.5, Diff: 0.9, Sum: 207.9]
      [Code Root Scanning (ms): Min: 0.0, Avg: 0.0, Max: 0.0, Diff: 0.0, Sum: 0.0]
      [Object Copy (ms): Min: 210.3, Avg: 210.5, Max: 210.7, Diff: 0.4, Sum: 1684.3]
      [Termination (ms): Min: 0.0, Avg: 0.1, Max: 0.1, Diff: 0.1, Sum: 0.5]
         [Termination Attempts: Min: 1, Avg: 224.1, Max: 298, Diff: 297, Sum: 1793]
      [GC Worker Other (ms): Min: 0.0, Avg: 0.1, Max: 0.1, Diff: 0.1, Sum: 0.5]
      [GC Worker Total (ms): Min: 248.5, Avg: 260.4, Max: 262.2, Diff: 13.7, Sum: 2083.0]
      [GC Worker End (ms): Min: 114994.7, Avg: 114994.8, Max: 114994.8, Diff: 0.1]
   [Code Root Fixup: 0.0 ms]
   [Code Root Purge: 0.0 ms]
   [Clear CT: 0.4 ms]
   [Other: 1.5 ms]
      [Choose CSet: 0.0 ms]
      [Ref Proc: 0.2 ms]
      [Ref Enq: 0.0 ms]
      [Redirty Cards: 0.5 ms]
      [Humongous Register: 0.1 ms]
      [Humongous Reclaim: 0.0 ms]
      [Free CSet: 0.4 ms]
   [Eden: 325.0M(325.0M)->0.0B(218.0M) Survivors: 9216.0K->42.0M Heap: 401.3M(2048.0M)->394.3M(2048.0M)]
 [Times: user=2.11 sys=0.00, real=0.26 secs] 
2020-09-29T11:55:09.730+0200: 115.200: [GC pause (G1 Evacuation Pause) (young), 0.2088094 secs]
   [Parallel Time: 207.4 ms, GC Workers: 8]
      [GC Worker Start (ms): Min: 115200.0, Avg: 115200.2, Max: 115200.3, Diff: 0.3]
      [Ext Root Scanning (ms): Min: 0.0, Avg: 0.1, Max: 0.2, Diff: 0.2, Sum: 0.7]
      [Update RS (ms): Min: 20.6, Avg: 20.8, Max: 21.1, Diff: 0.5, Sum: 166.3]
         [Processed Buffers: Min: 14, Avg: 15.6, Max: 18, Diff: 4, Sum: 125]
      [Scan RS (ms): Min: 18.1, Avg: 18.5, Max: 18.6, Diff: 0.5, Sum: 147.7]
      [Code Root Scanning (ms): Min: 0.0, Avg: 0.0, Max: 0.0, Diff: 0.0, Sum: 0.0]
      [Object Copy (ms): Min: 167.7, Avg: 167.7, Max: 167.8, Diff: 0.1, Sum: 1341.8]
      [Termination (ms): Min: 0.0, Avg: 0.0, Max: 0.1, Diff: 0.1, Sum: 0.3]
         [Termination Attempts: Min: 1, Avg: 177.6, Max: 219, Diff: 218, Sum: 1421]
      [GC Worker Other (ms): Min: 0.0, Avg: 0.1, Max: 0.1, Diff: 0.1, Sum: 0.4]
      [GC Worker Total (ms): Min: 207.0, Avg: 207.2, Max: 207.3, Diff: 0.3, Sum: 1657.3]
      [GC Worker End (ms): Min: 115407.3, Avg: 115407.3, Max: 115407.4, Diff: 0.1]
   [Code Root Fixup: 0.0 ms]
   [Code Root Purge: 0.0 ms]
   [Clear CT: 0.2 ms]
   [Other: 1.1 ms]
      [Choose CSet: 0.0 ms]
      [Ref Proc: 0.2 ms]
      [Ref Enq: 0.0 ms]
      [Redirty Cards: 0.3 ms]
      [Humongous Register: 0.0 ms]
      [Humongous Reclaim: 0.0 ms]
      [Free CSet: 0.3 ms]
   [Eden: 218.0M(218.0M)->0.0B(196.0M) Survivors: 42.0M->33.0M Heap: 648.6M(2048.0M)->651.1M(2048.0M)]
 [Times: user=1.63 sys=0.00, real=0.21 secs] 
2020-09-29T11:55:10.102+0200: 115.573: [GC pause (G1 Evacuation Pause) (young), 0.1946727 secs]
   [Parallel Time: 192.9 ms, GC Workers: 8]
      [GC Worker Start (ms): Min: 115573.2, Avg: 115573.3, Max: 115573.4, Diff: 0.2]
      [Ext Root Scanning (ms): Min: 0.0, Avg: 0.2, Max: 0.6, Diff: 0.6, Sum: 1.4]
      [Update RS (ms): Min: 19.1, Avg: 19.8, Max: 22.5, Diff: 3.4, Sum: 158.1]
         [Processed Buffers: Min: 12, Avg: 13.9, Max: 16, Diff: 4, Sum: 111]
      [Scan RS (ms): Min: 13.7, Avg: 16.4, Max: 17.1, Diff: 3.4, Sum: 131.0]
      [Code Root Scanning (ms): Min: 0.0, Avg: 0.0, Max: 0.0, Diff: 0.0, Sum: 0.0]
      [Object Copy (ms): Min: 156.0, Avg: 156.2, Max: 156.3, Diff: 0.3, Sum: 1249.3]
      [Termination (ms): Min: 0.0, Avg: 0.1, Max: 0.1, Diff: 0.1, Sum: 0.5]
         [Termination Attempts: Min: 1, Avg: 288.1, Max: 354, Diff: 353, Sum: 2305]
      [GC Worker Other (ms): Min: 0.0, Avg: 0.0, Max: 0.1, Diff: 0.1, Sum: 0.4]
      [GC Worker Total (ms): Min: 192.5, Avg: 192.6, Max: 192.7, Diff: 0.2, Sum: 1540.7]
      [GC Worker End (ms): Min: 115765.9, Avg: 115765.9, Max: 115765.9, Diff: 0.1]
   [Code Root Fixup: 0.0 ms]
   [Code Root Purge: 0.0 ms]
   [Clear CT: 0.2 ms]
   [Other: 1.5 ms]
      [Choose CSet: 0.0 ms]
      [Ref Proc: 0.2 ms]
      [Ref Enq: 0.0 ms]
      [Redirty Cards: 0.6 ms]
      [Humongous Register: 0.1 ms]
      [Humongous Reclaim: 0.0 ms]
      [Free CSet: 0.3 ms]
   [Eden: 196.0M(196.0M)->0.0B(180.0M) Survivors: 33.0M->29.0M Heap: 879.5M(2048.0M)->881.5M(2048.0M)]
 [Times: user=1.50 sys=0.00, real=0.19 secs] 
2020-09-29T11:55:10.458+0200: 115.929: [GC pause (G1 Evacuation Pause) (young), 0.1745971 secs]
   [Parallel Time: 173.0 ms, GC Workers: 8]
      [GC Worker Start (ms): Min: 115929.1, Avg: 115930.0, Max: 115935.0, Diff: 5.8]
      [Ext Root Scanning (ms): Min: 0.0, Avg: 0.1, Max: 0.2, Diff: 0.2, Sum: 0.7]
      [Update RS (ms): Min: 17.0, Avg: 21.6, Max: 22.7, Diff: 5.8, Sum: 172.8]
         [Processed Buffers: Min: 10, Avg: 15.9, Max: 20, Diff: 10, Sum: 127]
      [Scan RS (ms): Min: 13.2, Avg: 13.5, Max: 13.8, Diff: 0.6, Sum: 108.3]
      [Code Root Scanning (ms): Min: 0.0, Avg: 0.0, Max: 0.0, Diff: 0.0, Sum: 0.0]
      [Object Copy (ms): Min: 136.5, Avg: 136.6, Max: 136.6, Diff: 0.1, Sum: 1092.7]
      [Termination (ms): Min: 0.0, Avg: 0.0, Max: 0.0, Diff: 0.0, Sum: 0.1]
         [Termination Attempts: Min: 1, Avg: 58.0, Max: 89, Diff: 88, Sum: 464]
      [GC Worker Other (ms): Min: 0.0, Avg: 0.0, Max: 0.1, Diff: 0.0, Sum: 0.3]
      [GC Worker Total (ms): Min: 166.9, Avg: 171.9, Max: 172.8, Diff: 5.8, Sum: 1375.0]
      [GC Worker End (ms): Min: 116101.9, Avg: 116101.9, Max: 116101.9, Diff: 0.1]
   [Code Root Fixup: 0.0 ms]
   [Code Root Purge: 0.0 ms]
   [Clear CT: 0.2 ms]
   [Other: 1.4 ms]
      [Choose CSet: 0.0 ms]
      [Ref Proc: 0.3 ms]
      [Ref Enq: 0.0 ms]
      [Redirty Cards: 0.5 ms]
      [Humongous Register: 0.1 ms]
      [Humongous Reclaim: 0.0 ms]
      [Free CSet: 0.3 ms]
   [Eden: 180.0M(180.0M)->0.0B(179.0M) Survivors: 29.0M->27.0M Heap: 1092.0M(2048.0M)->1094.0M(2048.0M)]
 [Times: user=1.36 sys=0.00, real=0.17 secs] 
2020-09-29T11:55:10.647+0200: 116.118: [GC pause (G1 Humongous Allocation) (young) (initial-mark), 0.0820062 secs]
   [Parallel Time: 79.2 ms, GC Workers: 8]
      [GC Worker Start (ms): Min: 116118.1, Avg: 116118.2, Max: 116118.3, Diff: 0.2]
      [Ext Root Scanning (ms): Min: 1.7, Avg: 2.4, Max: 6.9, Diff: 5.2, Sum: 19.3]
      [Update RS (ms): Min: 27.5, Avg: 32.0, Max: 33.0, Diff: 5.5, Sum: 255.7]
         [Processed Buffers: Min: 20, Avg: 23.8, Max: 27, Diff: 7, Sum: 190]
      [Scan RS (ms): Min: 2.4, Avg: 2.7, Max: 3.3, Diff: 0.9, Sum: 22.0]
      [Code Root Scanning (ms): Min: 0.0, Avg: 0.0, Max: 0.0, Diff: 0.0, Sum: 0.0]
      [Object Copy (ms): Min: 41.4, Avg: 41.6, Max: 41.9, Diff: 0.5, Sum: 332.5]
      [Termination (ms): Min: 0.0, Avg: 0.3, Max: 0.4, Diff: 0.4, Sum: 2.6]
         [Termination Attempts: Min: 1, Avg: 1274.1, Max: 1544, Diff: 1543, Sum: 10193]
      [GC Worker Other (ms): Min: 0.0, Avg: 0.0, Max: 0.0, Diff: 0.0, Sum: 0.2]
      [GC Worker Total (ms): Min: 78.9, Avg: 79.0, Max: 79.1, Diff: 0.2, Sum: 632.3]
      [GC Worker End (ms): Min: 116197.2, Avg: 116197.2, Max: 116197.2, Diff: 0.0]
   [Code Root Fixup: 0.0 ms]
   [Code Root Purge: 0.0 ms]
   [Clear CT: 1.8 ms]
   [Other: 1.1 ms]
      [Choose CSet: 0.0 ms]
      [Ref Proc: 0.4 ms]
      [Ref Enq: 0.0 ms]
      [Redirty Cards: 0.2 ms]
      [Humongous Register: 0.1 ms]
      [Humongous Reclaim: 0.0 ms]
      [Free CSet: 0.1 ms]
   [Eden: 9216.0K(179.0M)->0.0B(153.0M) Survivors: 27.0M->11.0M Heap: 1102.5M(2048.0M)->1106.5M(2048.0M)]
 [Times: user=0.61 sys=0.02, real=0.08 secs] 
2020-09-29T11:55:10.729+0200: 116.200: [GC concurrent-root-region-scan-start]
2020-09-29T11:55:10.733+0200: 116.204: [GC concurrent-root-region-scan-end, 0.0037696 secs]
2020-09-29T11:55:10.733+0200: 116.204: [GC concurrent-mark-start]
2020-09-29T11:55:10.737+0200: 116.208: [GC concurrent-mark-end, 0.0039950 secs]
2020-09-29T11:55:10.738+0200: 116.208: [GC remark 2020-09-29T11:55:10.738+0200: 116.208: [Finalize Marking, 0.0003561 secs] 2020-09-29T11:55:10.738+0200: 116.209: [GC ref-proc, 0.0004504 secs] 2020-09-29T11:55:10.739+0200: 116.209: [Unloading, 0.0006521 secs], 0.0019310 secs]
 [Times: user=0.02 sys=0.00, real=0.00 secs] 
2020-09-29T11:55:10.740+0200: 116.211: [GC cleanup 1118M->34M(2048M), 0.0017335 secs]
 [Times: user=0.00 sys=0.00, real=0.00 secs] 
2020-09-29T11:55:10.742+0200: 116.213: [GC concurrent-cleanup-start]
2020-09-29T11:55:10.745+0200: 116.215: [GC concurrent-cleanup-end, 0.0025885 secs]
2020-09-29T11:55:10.860+0200: 116.330: [GC pause (G1 Evacuation Pause) (young), 0.1340188 secs]
   [Parallel Time: 132.5 ms, GC Workers: 8]
      [GC Worker Start (ms): Min: 116330.5, Avg: 116330.7, Max: 116330.8, Diff: 0.3]
      [Ext Root Scanning (ms): Min: 0.0, Avg: 0.1, Max: 0.2, Diff: 0.2, Sum: 0.7]
      [Update RS (ms): Min: 20.2, Avg: 20.4, Max: 21.1, Diff: 1.0, Sum: 163.3]
         [Processed Buffers: Min: 13, Avg: 14.0, Max: 16, Diff: 3, Sum: 112]
      [Scan RS (ms): Min: 11.6, Avg: 12.2, Max: 12.6, Diff: 1.0, Sum: 97.3]
      [Code Root Scanning (ms): Min: 0.0, Avg: 0.0, Max: 0.0, Diff: 0.0, Sum: 0.0]
      [Object Copy (ms): Min: 99.2, Avg: 99.4, Max: 99.6, Diff: 0.4, Sum: 795.4]
      [Termination (ms): Min: 0.0, Avg: 0.0, Max: 0.0, Diff: 0.0, Sum: 0.1]
         [Termination Attempts: Min: 1, Avg: 28.0, Max: 44, Diff: 43, Sum: 224]
      [GC Worker Other (ms): Min: 0.0, Avg: 0.0, Max: 0.1, Diff: 0.1, Sum: 0.4]
      [GC Worker Total (ms): Min: 132.1, Avg: 132.2, Max: 132.3, Diff: 0.2, Sum: 1057.2]
      [GC Worker End (ms): Min: 116462.8, Avg: 116462.8, Max: 116462.9, Diff: 0.1]
   [Code Root Fixup: 0.0 ms]
   [Code Root Purge: 0.0 ms]
   [Clear CT: 0.3 ms]
   [Other: 1.2 ms]
      [Choose CSet: 0.0 ms]
      [Ref Proc: 0.3 ms]
      [Ref Enq: 0.0 ms]
      [Redirty Cards: 0.3 ms]
      [Humongous Register: 0.0 ms]
      [Humongous Reclaim: 0.0 ms]
      [Free CSet: 0.2 ms]
   [Eden: 153.0M(153.0M)->0.0B(153.0M) Survivors: 11.0M->21.0M Heap: 202.2M(2048.0M)->194.2M(2048.0M)]
 [Times: user=1.09 sys=0.03, real=0.13 secs] 
2020-09-29T11:55:11.120+0200: 116.591: [GC pause (G1 Evacuation Pause) (young), 0.1431034 secs]
   [Parallel Time: 141.6 ms, GC Workers: 8]
      [GC Worker Start (ms): Min: 116591.0, Avg: 116591.1, Max: 116591.2, Diff: 0.2]
      [Ext Root Scanning (ms): Min: 0.0, Avg: 0.1, Max: 0.2, Diff: 0.2, Sum: 0.8]
      [Update RS (ms): Min: 15.6, Avg: 15.9, Max: 16.6, Diff: 1.0, Sum: 127.3]
         [Processed Buffers: Min: 9, Avg: 11.3, Max: 13, Diff: 4, Sum: 90]
      [Scan RS (ms): Min: 13.1, Avg: 13.8, Max: 14.3, Diff: 1.2, Sum: 110.2]
      [Code Root Scanning (ms): Min: 0.0, Avg: 0.0, Max: 0.0, Diff: 0.0, Sum: 0.0]
      [Object Copy (ms): Min: 111.0, Avg: 111.2, Max: 111.4, Diff: 0.3, Sum: 890.0]
      [Termination (ms): Min: 0.0, Avg: 0.1, Max: 0.1, Diff: 0.1, Sum: 0.8]
         [Termination Attempts: Min: 1, Avg: 400.4, Max: 490, Diff: 489, Sum: 3203]
      [GC Worker Other (ms): Min: 0.0, Avg: 0.1, Max: 0.1, Diff: 0.1, Sum: 0.4]
      [GC Worker Total (ms): Min: 141.1, Avg: 141.2, Max: 141.3, Diff: 0.2, Sum: 1129.6]
      [GC Worker End (ms): Min: 116732.3, Avg: 116732.3, Max: 116732.3, Diff: 0.1]
   [Code Root Fixup: 0.0 ms]
   [Code Root Purge: 0.0 ms]
   [Clear CT: 0.3 ms]
   [Other: 1.3 ms]
      [Choose CSet: 0.0 ms]
      [Ref Proc: 0.3 ms]
      [Ref Enq: 0.0 ms]
      [Redirty Cards: 0.3 ms]
      [Humongous Register: 0.0 ms]
      [Humongous Reclaim: 0.0 ms]
      [Free CSet: 0.3 ms]
   [Eden: 153.0M(153.0M)->0.0B(162.0M) Survivors: 21.0M->22.0M Heap: 372.0M(2048.0M)->373.0M(2048.0M)]
 [Times: user=1.13 sys=0.00, real=0.14 secs] 
2020-09-29T11:55:11.406+0200: 116.876: [GC pause (G1 Evacuation Pause) (young), 0.1528699 secs]
   [Parallel Time: 149.3 ms, GC Workers: 8]
      [GC Worker Start (ms): Min: 116876.3, Avg: 116876.4, Max: 116876.5, Diff: 0.3]
      [Ext Root Scanning (ms): Min: 0.0, Avg: 0.1, Max: 0.2, Diff: 0.2, Sum: 0.7]
      [Update RS (ms): Min: 15.1, Avg: 15.7, Max: 16.2, Diff: 1.1, Sum: 125.6]
         [Processed Buffers: Min: 11, Avg: 11.1, Max: 12, Diff: 1, Sum: 89]
      [Scan RS (ms): Min: 12.6, Avg: 12.9, Max: 13.4, Diff: 0.9, Sum: 103.5]
      [Code Root Scanning (ms): Min: 0.0, Avg: 0.0, Max: 0.0, Diff: 0.0, Sum: 0.0]
      [Object Copy (ms): Min: 119.9, Avg: 120.1, Max: 120.2, Diff: 0.3, Sum: 961.2]
      [Termination (ms): Min: 0.0, Avg: 0.1, Max: 0.1, Diff: 0.1, Sum: 0.5]
         [Termination Attempts: Min: 1, Avg: 258.3, Max: 305, Diff: 304, Sum: 2066]
      [GC Worker Other (ms): Min: 0.0, Avg: 0.0, Max: 0.1, Diff: 0.1, Sum: 0.3]
      [GC Worker Total (ms): Min: 148.9, Avg: 149.0, Max: 149.1, Diff: 0.2, Sum: 1191.8]
      [GC Worker End (ms): Min: 117025.4, Avg: 117025.4, Max: 117025.4, Diff: 0.1]
   [Code Root Fixup: 0.0 ms]
   [Code Root Purge: 0.0 ms]
   [Clear CT: 0.8 ms]
   [Other: 2.8 ms]
      [Choose CSet: 0.0 ms]
      [Ref Proc: 0.4 ms]
      [Ref Enq: 0.0 ms]
      [Redirty Cards: 1.8 ms]
      [Humongous Register: 0.1 ms]
      [Humongous Reclaim: 0.0 ms]
      [Free CSet: 0.2 ms]
   [Eden: 162.0M(162.0M)->0.0B(170.0M) Survivors: 22.0M->23.0M Heap: 561.7M(2048.0M)->563.7M(2048.0M)]
 [Times: user=1.25 sys=0.00, real=0.15 secs] 
2020-09-29T11:55:11.699+0200: 117.169: [GC pause (G1 Evacuation Pause) (young), 0.1574296 secs]
   [Parallel Time: 155.9 ms, GC Workers: 8]
      [GC Worker Start (ms): Min: 117169.3, Avg: 117169.4, Max: 117169.5, Diff: 0.3]
      [Ext Root Scanning (ms): Min: 0.0, Avg: 0.1, Max: 0.2, Diff: 0.2, Sum: 0.7]
      [Update RS (ms): Min: 15.5, Avg: 15.7, Max: 16.0, Diff: 0.4, Sum: 125.6]
         [Processed Buffers: Min: 11, Avg: 11.8, Max: 12, Diff: 1, Sum: 94]
      [Scan RS (ms): Min: 13.1, Avg: 13.4, Max: 13.6, Diff: 0.5, Sum: 107.1]
      [Code Root Scanning (ms): Min: 0.0, Avg: 0.0, Max: 0.0, Diff: 0.0, Sum: 0.0]
      [Object Copy (ms): Min: 126.1, Avg: 126.2, Max: 126.4, Diff: 0.2, Sum: 1009.7]
      [Termination (ms): Min: 0.0, Avg: 0.1, Max: 0.2, Diff: 0.2, Sum: 1.2]
         [Termination Attempts: Min: 1, Avg: 574.6, Max: 701, Diff: 700, Sum: 4597]
      [GC Worker Other (ms): Min: 0.0, Avg: 0.0, Max: 0.1, Diff: 0.1, Sum: 0.4]
      [GC Worker Total (ms): Min: 155.4, Avg: 155.6, Max: 155.7, Diff: 0.3, Sum: 1244.7]
      [GC Worker End (ms): Min: 117325.0, Avg: 117325.0, Max: 117325.1, Diff: 0.1]
   [Code Root Fixup: 0.0 ms]
   [Code Root Purge: 0.0 ms]
   [Clear CT: 0.3 ms]
   [Other: 1.2 ms]
      [Choose CSet: 0.0 ms]
      [Ref Proc: 0.3 ms]
      [Ref Enq: 0.0 ms]
      [Redirty Cards: 0.3 ms]
      [Humongous Register: 0.1 ms]
      [Humongous Reclaim: 0.0 ms]
      [Free CSet: 0.2 ms]
   [Eden: 170.0M(170.0M)->0.0B(177.0M) Survivors: 23.0M->25.0M Heap: 762.3M(2048.0M)->763.8M(2048.0M)]
 [Times: user=1.23 sys=0.02, real=0.16 secs] 
2020-09-29T11:55:12.004+0200: 117.474: [GC pause (G1 Evacuation Pause) (young), 0.1589361 secs]
   [Parallel Time: 157.6 ms, GC Workers: 8]
      [GC Worker Start (ms): Min: 117474.0, Avg: 117474.1, Max: 117474.2, Diff: 0.2]
      [Ext Root Scanning (ms): Min: 0.0, Avg: 0.1, Max: 0.2, Diff: 0.2, Sum: 0.7]
      [Update RS (ms): Min: 17.4, Avg: 17.7, Max: 18.7, Diff: 1.3, Sum: 141.3]
         [Processed Buffers: Min: 12, Avg: 13.8, Max: 15, Diff: 3, Sum: 110]
      [Scan RS (ms): Min: 13.2, Avg: 14.3, Max: 14.5, Diff: 1.3, Sum: 114.2]
      [Code Root Scanning (ms): Min: 0.0, Avg: 0.0, Max: 0.0, Diff: 0.0, Sum: 0.0]
      [Object Copy (ms): Min: 125.1, Avg: 125.1, Max: 125.2, Diff: 0.1, Sum: 1001.1]
      [Termination (ms): Min: 0.0, Avg: 0.0, Max: 0.0, Diff: 0.0, Sum: 0.2]
         [Termination Attempts: Min: 1, Avg: 77.0, Max: 105, Diff: 104, Sum: 616]
      [GC Worker Other (ms): Min: 0.0, Avg: 0.0, Max: 0.1, Diff: 0.1, Sum: 0.4]
      [GC Worker Total (ms): Min: 157.1, Avg: 157.2, Max: 157.4, Diff: 0.3, Sum: 1257.8]
      [GC Worker End (ms): Min: 117631.3, Avg: 117631.4, Max: 117631.4, Diff: 0.1]
   [Code Root Fixup: 0.0 ms]
   [Code Root Purge: 0.0 ms]
   [Clear CT: 0.2 ms]
   [Other: 1.1 ms]
      [Choose CSet: 0.0 ms]
      [Ref Proc: 0.2 ms]
      [Ref Enq: 0.0 ms]
      [Redirty Cards: 0.4 ms]
      [Humongous Register: 0.1 ms]
      [Humongous Reclaim: 0.0 ms]
      [Free CSet: 0.2 ms]
   [Eden: 177.0M(177.0M)->0.0B(185.0M) Survivors: 25.0M->26.0M Heap: 971.3M(2048.0M)->973.3M(2048.0M)]
 [Times: user=1.34 sys=0.03, real=0.16 secs] 
2020-09-29T11:55:12.171+0200: 117.641: [GC pause (G1 Humongous Allocation) (young) (initial-mark), 0.0677773 secs]
   [Parallel Time: 66.5 ms, GC Workers: 8]
      [GC Worker Start (ms): Min: 117640.8, Avg: 117640.9, Max: 117641.0, Diff: 0.2]
      [Ext Root Scanning (ms): Min: 0.0, Avg: 0.1, Max: 0.2, Diff: 0.2, Sum: 0.8]
      [Update RS (ms): Min: 39.1, Avg: 39.5, Max: 40.0, Diff: 0.9, Sum: 315.9]
         [Processed Buffers: Min: 19, Avg: 28.9, Max: 32, Diff: 13, Sum: 231]
      [Scan RS (ms): Min: 2.1, Avg: 2.6, Max: 2.9, Diff: 0.8, Sum: 20.8]
      [Code Root Scanning (ms): Min: 0.0, Avg: 0.0, Max: 0.0, Diff: 0.0, Sum: 0.0]
      [Object Copy (ms): Min: 24.0, Avg: 24.1, Max: 24.2, Diff: 0.1, Sum: 192.5]
      [Termination (ms): Min: 0.0, Avg: 0.1, Max: 0.1, Diff: 0.1, Sum: 0.4]
         [Termination Attempts: Min: 1, Avg: 27.0, Max: 48, Diff: 47, Sum: 216]
      [GC Worker Other (ms): Min: 0.0, Avg: 0.0, Max: 0.0, Diff: 0.0, Sum: 0.1]
      [GC Worker Total (ms): Min: 66.2, Avg: 66.3, Max: 66.5, Diff: 0.2, Sum: 530.5]
      [GC Worker End (ms): Min: 117707.2, Avg: 117707.2, Max: 117707.2, Diff: 0.0]
   [Code Root Fixup: 0.0 ms]
   [Code Root Purge: 0.0 ms]
   [Clear CT: 0.3 ms]
   [Other: 1.0 ms]
      [Choose CSet: 0.0 ms]
      [Ref Proc: 0.3 ms]
      [Ref Enq: 0.0 ms]
      [Redirty Cards: 0.3 ms]
      [Humongous Register: 0.0 ms]
      [Humongous Reclaim: 0.0 ms]
      [Free CSet: 0.1 ms]
   [Eden: 10.0M(185.0M)->0.0B(201.0M) Survivors: 26.0M->11.0M Heap: 982.8M(2048.0M)->986.3M(2048.0M)]
 [Times: user=0.48 sys=0.02, real=0.07 secs] 
2020-09-29T11:55:12.239+0200: 117.709: [GC concurrent-root-region-scan-start]
2020-09-29T11:55:12.243+0200: 117.713: [GC concurrent-root-region-scan-end, 0.0046550 secs]
2020-09-29T11:55:12.243+0200: 117.713: [GC concurrent-mark-start]
2020-09-29T11:55:12.247+0200: 117.718: [GC concurrent-mark-end, 0.0041679 secs]
2020-09-29T11:55:12.248+0200: 117.718: [GC remark 2020-09-29T11:55:12.248+0200: 117.718: [Finalize Marking, 0.0003903 secs] 2020-09-29T11:55:12.248+0200: 117.718: [GC ref-proc, 0.0005125 secs] 2020-09-29T11:55:12.249+0200: 117.719: [Unloading, 0.0007502 secs], 0.0021394 secs]
 [Times: user=0.00 sys=0.00, real=0.00 secs] 
2020-09-29T11:55:12.250+0200: 117.721: [GC cleanup 998M->34M(2048M), 0.0021597 secs]
 [Times: user=0.00 sys=0.00, real=0.00 secs] 
2020-09-29T11:55:12.253+0200: 117.723: [GC concurrent-cleanup-start]
2020-09-29T11:55:12.254+0200: 117.725: [GC concurrent-cleanup-end, 0.0017193 secs]
2020-09-29T11:55:12.407+0200: 117.877: [GC pause (G1 Evacuation Pause) (young), 0.1626527 secs]
   [Parallel Time: 161.1 ms, GC Workers: 8]
      [GC Worker Start (ms): Min: 117877.0, Avg: 117877.2, Max: 117877.2, Diff: 0.2]
      [Ext Root Scanning (ms): Min: 0.0, Avg: 0.1, Max: 0.2, Diff: 0.2, Sum: 0.7]
      [Update RS (ms): Min: 18.2, Avg: 18.4, Max: 19.1, Diff: 1.0, Sum: 147.2]
         [Processed Buffers: Min: 13, Avg: 13.6, Max: 15, Diff: 2, Sum: 109]
      [Scan RS (ms): Min: 12.6, Avg: 13.4, Max: 13.7, Diff: 1.0, Sum: 107.0]
      [Code Root Scanning (ms): Min: 0.0, Avg: 0.0, Max: 0.0, Diff: 0.0, Sum: 0.0]
      [Object Copy (ms): Min: 128.8, Avg: 128.9, Max: 128.9, Diff: 0.1, Sum: 1031.0]
      [Termination (ms): Min: 0.0, Avg: 0.0, Max: 0.1, Diff: 0.1, Sum: 0.3]
         [Termination Attempts: Min: 1, Avg: 148.4, Max: 200, Diff: 199, Sum: 1187]
      [GC Worker Other (ms): Min: 0.0, Avg: 0.1, Max: 0.1, Diff: 0.1, Sum: 0.4]
      [GC Worker Total (ms): Min: 160.7, Avg: 160.8, Max: 160.9, Diff: 0.2, Sum: 1286.6]
      [GC Worker End (ms): Min: 118038.0, Avg: 118038.0, Max: 118038.0, Diff: 0.1]
   [Code Root Fixup: 0.0 ms]
   [Code Root Purge: 0.0 ms]
   [Clear CT: 0.3 ms]
   [Other: 1.2 ms]
      [Choose CSet: 0.0 ms]
      [Ref Proc: 0.3 ms]
      [Ref Enq: 0.0 ms]
      [Redirty Cards: 0.4 ms]
      [Humongous Register: 0.0 ms]
      [Humongous Reclaim: 0.0 ms]
      [Free CSet: 0.2 ms]
   [Eden: 201.0M(201.0M)->0.0B(192.0M) Survivors: 11.0M->27.0M Heap: 258.3M(2048.0M)->249.3M(2048.0M)]
 [Times: user=1.38 sys=0.00, real=0.16 secs] 
2020-09-29T11:55:12.726+0200: 118.196: [GC pause (G1 Evacuation Pause) (young), 0.1777449 secs]
   [Parallel Time: 176.3 ms, GC Workers: 8]
      [GC Worker Start (ms): Min: 118195.7, Avg: 118195.8, Max: 118195.9, Diff: 0.3]
      [Ext Root Scanning (ms): Min: 0.0, Avg: 0.1, Max: 0.2, Diff: 0.2, Sum: 0.7]
      [Update RS (ms): Min: 19.9, Avg: 20.0, Max: 20.2, Diff: 0.3, Sum: 159.9]
         [Processed Buffers: Min: 12, Avg: 14.9, Max: 17, Diff: 5, Sum: 119]
      [Scan RS (ms): Min: 15.5, Avg: 15.6, Max: 15.8, Diff: 0.3, Sum: 125.1]
      [Code Root Scanning (ms): Min: 0.0, Avg: 0.0, Max: 0.0, Diff: 0.0, Sum: 0.0]
      [Object Copy (ms): Min: 140.0, Avg: 140.1, Max: 140.2, Diff: 0.3, Sum: 1120.9]
      [Termination (ms): Min: 0.0, Avg: 0.1, Max: 0.1, Diff: 0.1, Sum: 0.7]
         [Termination Attempts: Min: 1, Avg: 343.5, Max: 446, Diff: 445, Sum: 2748]
      [GC Worker Other (ms): Min: 0.0, Avg: 0.0, Max: 0.1, Diff: 0.1, Sum: 0.3]
      [GC Worker Total (ms): Min: 175.9, Avg: 176.0, Max: 176.1, Diff: 0.2, Sum: 1407.6]
      [GC Worker End (ms): Min: 118371.8, Avg: 118371.8, Max: 118371.8, Diff: 0.1]
   [Code Root Fixup: 0.0 ms]
   [Code Root Purge: 0.0 ms]
   [Clear CT: 0.2 ms]
   [Other: 1.2 ms]
      [Choose CSet: 0.0 ms]
      [Ref Proc: 0.2 ms]
      [Ref Enq: 0.0 ms]
      [Redirty Cards: 0.4 ms]
      [Humongous Register: 0.0 ms]
      [Humongous Reclaim: 0.0 ms]
      [Free CSet: 0.3 ms]
   [Eden: 192.0M(192.0M)->0.0B(189.0M) Survivors: 27.0M->28.0M Heap: 473.8M(2048.0M)->475.8M(2048.0M)]
 [Times: user=1.38 sys=0.00, real=0.18 secs] 
2020-09-29T11:55:13.056+0200: 118.527: [GC pause (G1 Evacuation Pause) (young), 0.1771527 secs]
   [Parallel Time: 175.4 ms, GC Workers: 8]
      [GC Worker Start (ms): Min: 118526.8, Avg: 118527.0, Max: 118527.1, Diff: 0.3]
      [Ext Root Scanning (ms): Min: 0.0, Avg: 0.1, Max: 0.2, Diff: 0.2, Sum: 0.7]
      [Update RS (ms): Min: 19.1, Avg: 19.6, Max: 20.4, Diff: 1.3, Sum: 157.1]
         [Processed Buffers: Min: 14, Avg: 14.3, Max: 15, Diff: 1, Sum: 114]
      [Scan RS (ms): Min: 13.4, Avg: 14.1, Max: 14.7, Diff: 1.3, Sum: 113.0]
      [Code Root Scanning (ms): Min: 0.0, Avg: 0.0, Max: 0.0, Diff: 0.0, Sum: 0.0]
      [Object Copy (ms): Min: 141.0, Avg: 141.1, Max: 141.1, Diff: 0.1, Sum: 1128.4]
      [Termination (ms): Min: 0.0, Avg: 0.0, Max: 0.1, Diff: 0.1, Sum: 0.3]
         [Termination Attempts: Min: 1, Avg: 137.3, Max: 175, Diff: 174, Sum: 1098]
      [GC Worker Other (ms): Min: 0.0, Avg: 0.0, Max: 0.1, Diff: 0.1, Sum: 0.4]
      [GC Worker Total (ms): Min: 174.9, Avg: 175.0, Max: 175.2, Diff: 0.3, Sum: 1399.8]
      [GC Worker End (ms): Min: 118701.9, Avg: 118702.0, Max: 118702.0, Diff: 0.1]
   [Code Root Fixup: 0.0 ms]
   [Code Root Purge: 0.0 ms]
   [Clear CT: 0.6 ms]
   [Other: 1.2 ms]
      [Choose CSet: 0.0 ms]
      [Ref Proc: 0.2 ms]
      [Ref Enq: 0.0 ms]
      [Redirty Cards: 0.5 ms]
      [Humongous Register: 0.1 ms]
      [Humongous Reclaim: 0.0 ms]
      [Free CSet: 0.2 ms]
   [Eden: 189.0M(189.0M)->0.0B(189.0M) Survivors: 28.0M->28.0M Heap: 695.3M(2048.0M)->696.8M(2048.0M)]
 [Times: user=1.38 sys=0.00, real=0.18 secs] 
2020-09-29T11:55:13.388+0200: 118.858: [GC pause (G1 Evacuation Pause) (young), 0.1758575 secs]
   [Parallel Time: 174.3 ms, GC Workers: 8]
      [GC Worker Start (ms): Min: 118858.3, Avg: 118858.4, Max: 118858.5, Diff: 0.3]
      [Ext Root Scanning (ms): Min: 0.0, Avg: 0.1, Max: 0.2, Diff: 0.2, Sum: 0.7]
      [Update RS (ms): Min: 25.7, Avg: 25.8, Max: 26.4, Diff: 0.8, Sum: 206.7]
         [Processed Buffers: Min: 18, Avg: 19.0, Max: 22, Diff: 4, Sum: 152]
      [Scan RS (ms): Min: 11.3, Avg: 11.9, Max: 12.1, Diff: 0.9, Sum: 95.5]
      [Code Root Scanning (ms): Min: 0.0, Avg: 0.0, Max: 0.0, Diff: 0.0, Sum: 0.0]
      [Object Copy (ms): Min: 135.8, Avg: 135.8, Max: 135.9, Diff: 0.1, Sum: 1086.7]
      [Termination (ms): Min: 0.0, Avg: 0.0, Max: 0.1, Diff: 0.1, Sum: 0.3]
         [Termination Attempts: Min: 1, Avg: 182.1, Max: 219, Diff: 218, Sum: 1457]
      [GC Worker Other (ms): Min: 0.0, Avg: 0.1, Max: 0.1, Diff: 0.1, Sum: 0.5]
      [GC Worker Total (ms): Min: 173.7, Avg: 173.8, Max: 173.9, Diff: 0.3, Sum: 1390.5]
      [GC Worker End (ms): Min: 119032.2, Avg: 119032.3, Max: 119032.3, Diff: 0.1]
   [Code Root Fixup: 0.0 ms]
   [Code Root Purge: 0.0 ms]
   [Clear CT: 0.2 ms]
   [Other: 1.3 ms]
      [Choose CSet: 0.0 ms]
      [Ref Proc: 0.3 ms]
      [Ref Enq: 0.0 ms]
      [Redirty Cards: 0.5 ms]
      [Humongous Register: 0.1 ms]
      [Humongous Reclaim: 0.0 ms]
      [Free CSet: 0.2 ms]
   [Eden: 189.0M(189.0M)->0.0B(192.0M) Survivors: 28.0M->28.0M Heap: 918.2M(2048.0M)->920.7M(2048.0M)]
 [Times: user=1.38 sys=0.00, real=0.18 secs] 
2020-09-29T11:55:13.673+0200: 119.143: [GC pause (G1 Humongous Allocation) (young) (initial-mark), 0.1334515 secs]
   [Parallel Time: 132.1 ms, GC Workers: 8]
      [GC Worker Start (ms): Min: 119143.1, Avg: 119143.2, Max: 119143.3, Diff: 0.2]
      [Ext Root Scanning (ms): Min: 0.0, Avg: 0.1, Max: 0.2, Diff: 0.2, Sum: 0.9]
      [Update RS (ms): Min: 22.2, Avg: 22.5, Max: 22.7, Diff: 0.5, Sum: 179.8]
         [Processed Buffers: Min: 15, Avg: 15.8, Max: 16, Diff: 1, Sum: 126]
      [Scan RS (ms): Min: 6.8, Avg: 7.1, Max: 7.4, Diff: 0.6, Sum: 56.9]
      [Code Root Scanning (ms): Min: 0.0, Avg: 0.0, Max: 0.0, Diff: 0.0, Sum: 0.0]
      [Object Copy (ms): Min: 101.9, Avg: 102.0, Max: 102.0, Diff: 0.1, Sum: 815.9]
      [Termination (ms): Min: 0.0, Avg: 0.0, Max: 0.0, Diff: 0.0, Sum: 0.2]
         [Termination Attempts: Min: 1, Avg: 92.8, Max: 122, Diff: 121, Sum: 742]
      [GC Worker Other (ms): Min: 0.0, Avg: 0.0, Max: 0.1, Diff: 0.1, Sum: 0.3]
      [GC Worker Total (ms): Min: 131.7, Avg: 131.8, Max: 131.9, Diff: 0.2, Sum: 1054.0]
      [GC Worker End (ms): Min: 119274.9, Avg: 119274.9, Max: 119275.0, Diff: 0.1]
   [Code Root Fixup: 0.0 ms]
   [Code Root Purge: 0.0 ms]
   [Clear CT: 0.2 ms]
   [Other: 1.1 ms]
      [Choose CSet: 0.0 ms]
      [Ref Proc: 0.3 ms]
      [Ref Enq: 0.0 ms]
      [Redirty Cards: 0.3 ms]
      [Humongous Register: 0.0 ms]
      [Humongous Reclaim: 0.0 ms]
      [Free CSet: 0.2 ms]
   [Eden: 134.0M(192.0M)->0.0B(200.0M) Survivors: 28.0M->28.0M Heap: 1075.2M(2048.0M)->1077.2M(2048.0M)]
 [Times: user=1.13 sys=0.00, real=0.13 secs] 
2020-09-29T11:55:13.807+0200: 119.277: [GC concurrent-root-region-scan-start]
2020-09-29T11:55:13.822+0200: 119.292: [GC concurrent-root-region-scan-end, 0.0153587 secs]
2020-09-29T11:55:13.822+0200: 119.292: [GC concurrent-mark-start]
2020-09-29T11:55:13.827+0200: 119.297: [GC concurrent-mark-end, 0.0047486 secs]
2020-09-29T11:55:13.827+0200: 119.297: [GC remark 2020-09-29T11:55:13.827+0200: 119.297: [Finalize Marking, 0.0003479 secs] 2020-09-29T11:55:13.828+0200: 119.297: [GC ref-proc, 0.0004400 secs] 2020-09-29T11:55:13.828+0200: 119.298: [Unloading, 0.0007813 secs], 0.0019781 secs]
 [Times: user=0.00 sys=0.00, real=0.00 secs] 
2020-09-29T11:55:13.830+0200: 119.300: [GC cleanup 1103M->66M(2048M), 0.0018949 secs]
 [Times: user=0.00 sys=0.00, real=0.00 secs] 
2020-09-29T11:55:13.832+0200: 119.302: [GC concurrent-cleanup-start]
2020-09-29T11:55:13.834+0200: 119.304: [GC concurrent-cleanup-end, 0.0025249 secs]
2020-09-29T11:55:13.978+0200: 119.448: [GC pause (G1 Evacuation Pause) (young), 0.1679694 secs]
   [Parallel Time: 165.7 ms, GC Workers: 8]
      [GC Worker Start (ms): Min: 119448.1, Avg: 119448.3, Max: 119448.4, Diff: 0.3]
      [Ext Root Scanning (ms): Min: 0.0, Avg: 0.1, Max: 0.2, Diff: 0.2, Sum: 0.8]
      [Update RS (ms): Min: 19.0, Avg: 19.5, Max: 20.4, Diff: 1.3, Sum: 155.8]
         [Processed Buffers: Min: 13, Avg: 14.4, Max: 16, Diff: 3, Sum: 115]
      [Scan RS (ms): Min: 11.9, Avg: 12.8, Max: 13.3, Diff: 1.3, Sum: 102.6]
      [Code Root Scanning (ms): Min: 0.0, Avg: 0.0, Max: 0.0, Diff: 0.0, Sum: 0.0]
      [Object Copy (ms): Min: 132.8, Avg: 132.8, Max: 132.9, Diff: 0.1, Sum: 1062.7]
      [Termination (ms): Min: 0.0, Avg: 0.1, Max: 0.1, Diff: 0.1, Sum: 0.5]
         [Termination Attempts: Min: 1, Avg: 252.8, Max: 320, Diff: 319, Sum: 2022]
      [GC Worker Other (ms): Min: 0.0, Avg: 0.0, Max: 0.1, Diff: 0.0, Sum: 0.2]
      [GC Worker Total (ms): Min: 165.2, Avg: 165.3, Max: 165.5, Diff: 0.3, Sum: 1322.7]
      [GC Worker End (ms): Min: 119613.6, Avg: 119613.6, Max: 119613.6, Diff: 0.0]
   [Code Root Fixup: 0.0 ms]
   [Code Root Purge: 0.0 ms]
   [Clear CT: 0.5 ms]
   [Other: 1.8 ms]
      [Choose CSet: 0.0 ms]
      [Ref Proc: 0.3 ms]
      [Ref Enq: 0.0 ms]
      [Redirty Cards: 0.6 ms]
      [Humongous Register: 0.0 ms]
      [Humongous Reclaim: 0.0 ms]
      [Free CSet: 0.4 ms]
   [Eden: 200.0M(200.0M)->0.0B(202.0M) Survivors: 28.0M->29.0M Heap: 274.3M(2048.0M)->249.3M(2048.0M)]
 [Times: user=1.30 sys=0.00, real=0.17 secs] 
2020-09-29T11:55:14.389+0200: 119.859: [GC pause (G1 Evacuation Pause) (young), 0.2771551 secs]
   [Parallel Time: 272.9 ms, GC Workers: 8]
      [GC Worker Start (ms): Min: 119859.6, Avg: 119859.8, Max: 119859.9, Diff: 0.3]
      [Ext Root Scanning (ms): Min: 0.0, Avg: 0.1, Max: 0.3, Diff: 0.3, Sum: 1.1]
      [Update RS (ms): Min: 28.7, Avg: 29.1, Max: 30.3, Diff: 1.6, Sum: 232.9]
         [Processed Buffers: Min: 14, Avg: 15.8, Max: 17, Diff: 3, Sum: 126]
      [Scan RS (ms): Min: 22.0, Avg: 23.2, Max: 23.6, Diff: 1.6, Sum: 185.2]
      [Code Root Scanning (ms): Min: 0.0, Avg: 0.0, Max: 0.0, Diff: 0.0, Sum: 0.0]
      [Object Copy (ms): Min: 219.7, Avg: 219.9, Max: 219.9, Diff: 0.2, Sum: 1758.8]
      [Termination (ms): Min: 0.0, Avg: 0.0, Max: 0.1, Diff: 0.0, Sum: 0.3]
         [Termination Attempts: Min: 1, Avg: 85.5, Max: 118, Diff: 117, Sum: 684]
      [GC Worker Other (ms): Min: 0.0, Avg: 0.1, Max: 0.1, Diff: 0.1, Sum: 0.6]
      [GC Worker Total (ms): Min: 272.2, Avg: 272.4, Max: 272.5, Diff: 0.4, Sum: 2179.0]
      [GC Worker End (ms): Min: 120132.1, Avg: 120132.2, Max: 120132.2, Diff: 0.1]
   [Code Root Fixup: 0.0 ms]
   [Code Root Purge: 0.0 ms]
   [Clear CT: 0.5 ms]
   [Other: 3.8 ms]
      [Choose CSet: 0.0 ms]
      [Ref Proc: 2.0 ms]
      [Ref Enq: 0.0 ms]
      [Redirty Cards: 1.0 ms]
      [Humongous Register: 0.1 ms]
      [Humongous Reclaim: 0.0 ms]
      [Free CSet: 0.4 ms]
   [Eden: 202.0M(202.0M)->0.0B(145.0M) Survivors: 29.0M->29.0M Heap: 485.7M(2048.0M)->487.7M(2048.0M)]
 [Times: user=2.22 sys=0.03, real=0.28 secs] 
2020-09-29T11:55:14.846+0200: 120.316: [GC pause (G1 Evacuation Pause) (young), 0.2167591 secs]
   [Parallel Time: 215.1 ms, GC Workers: 8]
      [GC Worker Start (ms): Min: 120316.5, Avg: 120316.7, Max: 120316.8, Diff: 0.3]
      [Ext Root Scanning (ms): Min: 0.0, Avg: 0.1, Max: 0.3, Diff: 0.3, Sum: 1.1]
      [Update RS (ms): Min: 27.8, Avg: 28.1, Max: 28.6, Diff: 0.8, Sum: 225.1]
         [Processed Buffers: Min: 14, Avg: 14.3, Max: 15, Diff: 1, Sum: 114]
      [Scan RS (ms): Min: 13.5, Avg: 14.0, Max: 14.5, Diff: 1.0, Sum: 112.3]
      [Code Root Scanning (ms): Min: 0.0, Avg: 0.0, Max: 0.0, Diff: 0.0, Sum: 0.0]
      [Object Copy (ms): Min: 172.1, Avg: 172.1, Max: 172.2, Diff: 0.2, Sum: 1377.1]
      [Termination (ms): Min: 0.0, Avg: 0.2, Max: 0.2, Diff: 0.2, Sum: 1.3]
         [Termination Attempts: Min: 1, Avg: 439.6, Max: 556, Diff: 555, Sum: 3517]
      [GC Worker Other (ms): Min: 0.0, Avg: 0.1, Max: 0.1, Diff: 0.1, Sum: 0.4]
      [GC Worker Total (ms): Min: 214.5, Avg: 214.7, Max: 214.8, Diff: 0.3, Sum: 1717.4]
      [GC Worker End (ms): Min: 120531.4, Avg: 120531.4, Max: 120531.4, Diff: 0.1]
   [Code Root Fixup: 0.0 ms]
   [Code Root Purge: 0.0 ms]
   [Clear CT: 0.6 ms]
   [Other: 1.1 ms]
      [Choose CSet: 0.0 ms]
      [Ref Proc: 0.3 ms]
      [Ref Enq: 0.0 ms]
      [Redirty Cards: 0.2 ms]
      [Humongous Register: 0.1 ms]
      [Humongous Reclaim: 0.0 ms]
      [Free CSet: 0.2 ms]
   [Eden: 145.0M(145.0M)->0.0B(132.0M) Survivors: 29.0M->22.0M Heap: 655.6M(2048.0M)->657.6M(2048.0M)]
 [Times: user=1.73 sys=0.02, real=0.22 secs] 
2020-09-29T11:55:15.224+0200: 120.694: [GC pause (G1 Evacuation Pause) (young), 0.1784777 secs]
   [Parallel Time: 176.5 ms, GC Workers: 8]
      [GC Worker Start (ms): Min: 120694.4, Avg: 120694.6, Max: 120694.7, Diff: 0.3]
      [Ext Root Scanning (ms): Min: 0.0, Avg: 0.1, Max: 0.3, Diff: 0.3, Sum: 1.0]
      [Update RS (ms): Min: 24.6, Avg: 24.8, Max: 25.3, Diff: 0.6, Sum: 198.6]
         [Processed Buffers: Min: 12, Avg: 13.5, Max: 17, Diff: 5, Sum: 108]
      [Scan RS (ms): Min: 12.0, Avg: 12.6, Max: 12.9, Diff: 0.9, Sum: 100.5]
      [Code Root Scanning (ms): Min: 0.0, Avg: 0.0, Max: 0.0, Diff: 0.0, Sum: 0.0]
      [Object Copy (ms): Min: 138.2, Avg: 138.3, Max: 138.4, Diff: 0.3, Sum: 1106.6]
      [Termination (ms): Min: 0.0, Avg: 0.0, Max: 0.0, Diff: 0.0, Sum: 0.2]
         [Termination Attempts: Min: 1, Avg: 55.8, Max: 77, Diff: 76, Sum: 446]
      [GC Worker Other (ms): Min: 0.0, Avg: 0.1, Max: 0.2, Diff: 0.2, Sum: 0.8]
      [GC Worker Total (ms): Min: 175.8, Avg: 176.0, Max: 176.2, Diff: 0.4, Sum: 1407.8]
      [GC Worker End (ms): Min: 120870.5, Avg: 120870.6, Max: 120870.7, Diff: 0.2]
   [Code Root Fixup: 0.0 ms]
   [Code Root Purge: 0.0 ms]
   [Clear CT: 0.4 ms]
   [Other: 1.6 ms]
      [Choose CSet: 0.0 ms]
      [Ref Proc: 0.5 ms]
      [Ref Enq: 0.0 ms]
      [Redirty Cards: 0.5 ms]
      [Humongous Register: 0.1 ms]
      [Humongous Reclaim: 0.0 ms]
      [Free CSet: 0.3 ms]
   [Eden: 132.0M(132.0M)->0.0B(132.0M) Survivors: 22.0M->20.0M Heap: 812.4M(2048.0M)->813.9M(2048.0M)]
 [Times: user=1.38 sys=0.00, real=0.18 secs] 
2020-09-29T11:55:15.567+0200: 121.037: [GC pause (G1 Evacuation Pause) (young), 0.1774980 secs]
   [Parallel Time: 175.6 ms, GC Workers: 8]
      [GC Worker Start (ms): Min: 121037.5, Avg: 121037.7, Max: 121037.9, Diff: 0.3]
      [Ext Root Scanning (ms): Min: 0.0, Avg: 0.1, Max: 0.3, Diff: 0.3, Sum: 1.0]
      [Update RS (ms): Min: 21.4, Avg: 22.0, Max: 22.9, Diff: 1.5, Sum: 175.7]
         [Processed Buffers: Min: 10, Avg: 11.1, Max: 12, Diff: 2, Sum: 89]
      [Scan RS (ms): Min: 12.4, Avg: 13.4, Max: 14.0, Diff: 1.6, Sum: 107.2]
      [Code Root Scanning (ms): Min: 0.0, Avg: 0.0, Max: 0.0, Diff: 0.0, Sum: 0.0]
      [Object Copy (ms): Min: 139.5, Avg: 139.6, Max: 139.7, Diff: 0.2, Sum: 1116.8]
      [Termination (ms): Min: 0.0, Avg: 0.0, Max: 0.0, Diff: 0.0, Sum: 0.1]
         [Termination Attempts: Min: 1, Avg: 20.0, Max: 29, Diff: 28, Sum: 160]
      [GC Worker Other (ms): Min: 0.0, Avg: 0.0, Max: 0.1, Diff: 0.0, Sum: 0.3]
      [GC Worker Total (ms): Min: 175.0, Avg: 175.1, Max: 175.4, Diff: 0.3, Sum: 1401.1]
      [GC Worker End (ms): Min: 121212.9, Avg: 121212.9, Max: 121212.9, Diff: 0.0]
   [Code Root Fixup: 0.0 ms]
   [Code Root Purge: 0.0 ms]
   [Clear CT: 0.4 ms]
   [Other: 1.5 ms]
      [Choose CSet: 0.0 ms]
      [Ref Proc: 0.3 ms]
      [Ref Enq: 0.0 ms]
      [Redirty Cards: 0.6 ms]
      [Humongous Register: 0.1 ms]
      [Humongous Reclaim: 0.0 ms]
      [Free CSet: 0.3 ms]
   [Eden: 132.0M(132.0M)->0.0B(132.0M) Survivors: 20.0M->19.0M Heap: 966.9M(2048.0M)->968.4M(2048.0M)]
 [Times: user=1.36 sys=0.01, real=0.18 secs] 
2020-09-29T11:55:15.758+0200: 121.229: [GC pause (G1 Humongous Allocation) (young) (initial-mark), 0.0672395 secs]
   [Parallel Time: 61.8 ms, GC Workers: 8]
      [GC Worker Start (ms): Min: 121229.3, Avg: 121229.4, Max: 121229.6, Diff: 0.3]
      [Ext Root Scanning (ms): Min: 0.0, Avg: 0.3, Max: 0.4, Diff: 0.4, Sum: 2.4]
      [Update RS (ms): Min: 32.9, Avg: 33.4, Max: 34.0, Diff: 1.1, Sum: 267.2]
         [Processed Buffers: Min: 16, Avg: 17.8, Max: 18, Diff: 2, Sum: 142]
      [Scan RS (ms): Min: 2.0, Avg: 2.7, Max: 3.1, Diff: 1.1, Sum: 21.7]
      [Code Root Scanning (ms): Min: 0.0, Avg: 0.0, Max: 0.0, Diff: 0.0, Sum: 0.0]
      [Object Copy (ms): Min: 24.9, Avg: 25.0, Max: 25.1, Diff: 0.2, Sum: 199.7]
      [Termination (ms): Min: 0.0, Avg: 0.0, Max: 0.0, Diff: 0.0, Sum: 0.2]
         [Termination Attempts: Min: 1, Avg: 81.8, Max: 111, Diff: 110, Sum: 654]
      [GC Worker Other (ms): Min: 0.0, Avg: 0.0, Max: 0.1, Diff: 0.1, Sum: 0.2]
      [GC Worker Total (ms): Min: 61.3, Avg: 61.5, Max: 61.6, Diff: 0.3, Sum: 491.6]
      [GC Worker End (ms): Min: 121290.9, Avg: 121290.9, Max: 121290.9, Diff: 0.0]
   [Code Root Fixup: 0.0 ms]
   [Code Root Purge: 0.0 ms]
   [Clear CT: 1.9 ms]
   [Other: 3.5 ms]
      [Choose CSet: 0.0 ms]
      [Ref Proc: 0.5 ms]
      [Ref Enq: 0.0 ms]
      [Redirty Cards: 1.6 ms]
      [Humongous Register: 0.1 ms]
      [Humongous Reclaim: 0.0 ms]
      [Free CSet: 0.1 ms]
   [Eden: 2048.0K(132.0M)->0.0B(141.0M) Survivors: 19.0M->4096.0K Heap: 970.4M(2048.0M)->974.4M(2048.0M)]
 [Times: user=0.50 sys=0.00, real=0.07 secs] 
2020-09-29T11:55:15.826+0200: 121.296: [GC concurrent-root-region-scan-start]
2020-09-29T11:55:15.827+0200: 121.298: [GC concurrent-root-region-scan-end, 0.0010933 secs]
2020-09-29T11:55:15.827+0200: 121.298: [GC concurrent-mark-start]
2020-09-29T11:55:15.833+0200: 121.303: [GC concurrent-mark-end, 0.0056152 secs]
2020-09-29T11:55:15.833+0200: 121.304: [GC remark 2020-09-29T11:55:15.833+0200: 121.304: [Finalize Marking, 0.0004343 secs] 2020-09-29T11:55:15.834+0200: 121.304: [GC ref-proc, 0.0006552 secs] 2020-09-29T11:55:15.834+0200: 121.305: [Unloading, 0.0010924 secs], 0.0031930 secs]
 [Times: user=0.00 sys=0.00, real=0.00 secs] 
2020-09-29T11:55:15.837+0200: 121.308: [GC cleanup 982M->23M(2048M), 0.0024696 secs]
 [Times: user=0.00 sys=0.00, real=0.00 secs] 
2020-09-29T11:55:15.840+0200: 121.310: [GC concurrent-cleanup-start]
2020-09-29T11:55:15.842+0200: 121.312: [GC concurrent-cleanup-end, 0.0020916 secs]
2020-09-29T11:55:15.995+0200: 121.465: [GC pause (G1 Evacuation Pause) (young), 0.2157408 secs]
   [Parallel Time: 213.8 ms, GC Workers: 8]
      [GC Worker Start (ms): Min: 121465.3, Avg: 121465.4, Max: 121465.6, Diff: 0.3]
      [Ext Root Scanning (ms): Min: 0.0, Avg: 0.1, Max: 0.3, Diff: 0.3, Sum: 1.1]
      [Update RS (ms): Min: 19.3, Avg: 19.8, Max: 20.7, Diff: 1.4, Sum: 158.5]
         [Processed Buffers: Min: 9, Avg: 10.6, Max: 14, Diff: 5, Sum: 85]
      [Scan RS (ms): Min: 12.1, Avg: 13.1, Max: 13.5, Diff: 1.4, Sum: 104.8]
      [Code Root Scanning (ms): Min: 0.0, Avg: 0.0, Max: 0.0, Diff: 0.0, Sum: 0.0]
      [Object Copy (ms): Min: 179.2, Avg: 179.9, Max: 180.3, Diff: 1.2, Sum: 1438.8]
      [Termination (ms): Min: 0.1, Avg: 0.5, Max: 0.6, Diff: 0.6, Sum: 3.6]
         [Termination Attempts: Min: 1, Avg: 1072.6, Max: 1534, Diff: 1533, Sum: 8581]
      [GC Worker Other (ms): Min: 0.0, Avg: 0.0, Max: 0.0, Diff: 0.0, Sum: 0.2]
      [GC Worker Total (ms): Min: 213.3, Avg: 213.4, Max: 213.5, Diff: 0.3, Sum: 1707.1]
      [GC Worker End (ms): Min: 121678.8, Avg: 121678.8, Max: 121678.8, Diff: 0.0]
   [Code Root Fixup: 0.0 ms]
   [Code Root Purge: 0.0 ms]
   [Clear CT: 0.3 ms]
   [Other: 1.6 ms]
      [Choose CSet: 0.0 ms]
      [Ref Proc: 0.4 ms]
      [Ref Enq: 0.0 ms]
      [Redirty Cards: 0.4 ms]
      [Humongous Register: 0.1 ms]
      [Humongous Reclaim: 0.0 ms]
      [Free CSet: 0.3 ms]
   [Eden: 141.0M(141.0M)->0.0B(112.0M) Survivors: 4096.0K->19.0M Heap: 181.8M(2048.0M)->179.8M(2048.0M)]
 [Times: user=1.50 sys=0.00, real=0.22 secs] 
2020-09-29T11:55:16.358+0200: 121.828: [GC pause (G1 Evacuation Pause) (young), 0.1758226 secs]
   [Parallel Time: 172.7 ms, GC Workers: 8]
      [GC Worker Start (ms): Min: 121828.4, Avg: 121828.5, Max: 121828.7, Diff: 0.3]
      [Ext Root Scanning (ms): Min: 0.0, Avg: 0.2, Max: 0.3, Diff: 0.3, Sum: 1.2]
      [Update RS (ms): Min: 22.2, Avg: 22.4, Max: 22.9, Diff: 0.7, Sum: 179.4]
         [Processed Buffers: Min: 10, Avg: 11.9, Max: 15, Diff: 5, Sum: 95]
      [Scan RS (ms): Min: 10.7, Avg: 11.1, Max: 11.4, Diff: 0.7, Sum: 88.8]
      [Code Root Scanning (ms): Min: 0.0, Avg: 0.0, Max: 0.0, Diff: 0.0, Sum: 0.0]
      [Object Copy (ms): Min: 138.1, Avg: 138.3, Max: 138.6, Diff: 0.4, Sum: 1106.2]
      [Termination (ms): Min: 0.0, Avg: 0.3, Max: 0.3, Diff: 0.3, Sum: 2.0]
         [Termination Attempts: Min: 1, Avg: 742.3, Max: 925, Diff: 924, Sum: 5938]
      [GC Worker Other (ms): Min: 0.0, Avg: 0.1, Max: 0.1, Diff: 0.1, Sum: 0.4]
      [GC Worker Total (ms): Min: 172.1, Avg: 172.3, Max: 172.4, Diff: 0.3, Sum: 1378.1]
      [GC Worker End (ms): Min: 122000.8, Avg: 122000.8, Max: 122000.9, Diff: 0.1]
   [Code Root Fixup: 0.0 ms]
   [Code Root Purge: 0.0 ms]
   [Clear CT: 1.5 ms]
   [Other: 1.6 ms]
      [Choose CSet: 0.0 ms]
      [Ref Proc: 0.4 ms]
      [Ref Enq: 0.0 ms]
      [Redirty Cards: 0.5 ms]
      [Humongous Register: 0.1 ms]
      [Humongous Reclaim: 0.0 ms]
      [Free CSet: 0.2 ms]
   [Eden: 112.0M(112.0M)->0.0B(115.0M) Survivors: 19.0M->17.0M Heap: 310.9M(2048.0M)->313.4M(2048.0M)]
 [Times: user=1.30 sys=0.00, real=0.18 secs] 
2020-09-29T11:55:16.683+0200: 122.153: [GC pause (G1 Evacuation Pause) (young), 0.1619130 secs]
   [Parallel Time: 159.8 ms, GC Workers: 8]
      [GC Worker Start (ms): Min: 122153.4, Avg: 122153.6, Max: 122153.7, Diff: 0.3]
      [Ext Root Scanning (ms): Min: 0.0, Avg: 0.1, Max: 0.3, Diff: 0.3, Sum: 1.0]
      [Update RS (ms): Min: 16.9, Avg: 17.2, Max: 18.2, Diff: 1.2, Sum: 137.2]
         [Processed Buffers: Min: 8, Avg: 9.9, Max: 14, Diff: 6, Sum: 79]
      [Scan RS (ms): Min: 11.6, Avg: 12.6, Max: 12.9, Diff: 1.3, Sum: 100.8]
      [Code Root Scanning (ms): Min: 0.0, Avg: 0.0, Max: 0.0, Diff: 0.0, Sum: 0.0]
      [Object Copy (ms): Min: 128.4, Avg: 128.5, Max: 128.5, Diff: 0.1, Sum: 1027.7]
      [Termination (ms): Min: 0.0, Avg: 0.0, Max: 0.1, Diff: 0.1, Sum: 0.4]
         [Termination Attempts: Min: 1, Avg: 128.1, Max: 165, Diff: 164, Sum: 1025]
      [GC Worker Other (ms): Min: 0.0, Avg: 0.1, Max: 0.1, Diff: 0.1, Sum: 0.4]
      [GC Worker Total (ms): Min: 158.3, Avg: 158.4, Max: 158.6, Diff: 0.3, Sum: 1267.5]
      [GC Worker End (ms): Min: 122312.0, Avg: 122312.0, Max: 122312.0, Diff: 0.1]
   [Code Root Fixup: 0.0 ms]
   [Code Root Purge: 0.0 ms]
   [Clear CT: 0.4 ms]
   [Other: 1.7 ms]
      [Choose CSet: 0.0 ms]
      [Ref Proc: 0.5 ms]
      [Ref Enq: 0.0 ms]
      [Redirty Cards: 0.5 ms]
      [Humongous Register: 0.1 ms]
      [Humongous Reclaim: 0.0 ms]
      [Free CSet: 0.2 ms]
   [Eden: 115.0M(115.0M)->0.0B(119.0M) Survivors: 17.0M->17.0M Heap: 447.4M(2048.0M)->449.4M(2048.0M)]
 [Times: user=1.25 sys=0.00, real=0.16 secs] 
2020-09-29T11:55:16.984+0200: 122.455: [GC pause (G1 Evacuation Pause) (young), 0.1668481 secs]
   [Parallel Time: 163.8 ms, GC Workers: 8]
      [GC Worker Start (ms): Min: 122454.8, Avg: 122455.0, Max: 122455.2, Diff: 0.3]
      [Ext Root Scanning (ms): Min: 0.0, Avg: 0.1, Max: 0.3, Diff: 0.3, Sum: 1.0]
      [Update RS (ms): Min: 18.2, Avg: 18.4, Max: 18.9, Diff: 0.7, Sum: 146.9]
         [Processed Buffers: Min: 9, Avg: 10.0, Max: 13, Diff: 4, Sum: 80]
      [Scan RS (ms): Min: 18.2, Avg: 18.7, Max: 19.0, Diff: 0.8, Sum: 149.9]
      [Code Root Scanning (ms): Min: 0.0, Avg: 0.0, Max: 0.0, Diff: 0.0, Sum: 0.0]
      [Object Copy (ms): Min: 125.8, Avg: 125.9, Max: 126.0, Diff: 0.2, Sum: 1007.4]
      [Termination (ms): Min: 0.0, Avg: 0.1, Max: 0.1, Diff: 0.1, Sum: 0.7]
         [Termination Attempts: Min: 1, Avg: 247.3, Max: 309, Diff: 308, Sum: 1978]
      [GC Worker Other (ms): Min: 0.0, Avg: 0.1, Max: 0.1, Diff: 0.1, Sum: 0.4]
      [GC Worker Total (ms): Min: 163.1, Avg: 163.3, Max: 163.5, Diff: 0.4, Sum: 1306.4]
      [GC Worker End (ms): Min: 122618.3, Avg: 122618.3, Max: 122618.4, Diff: 0.1]
   [Code Root Fixup: 0.0 ms]
   [Code Root Purge: 0.0 ms]
   [Clear CT: 0.8 ms]
   [Other: 2.2 ms]
      [Choose CSet: 0.0 ms]
      [Ref Proc: 0.8 ms]
      [Ref Enq: 0.0 ms]
      [Redirty Cards: 0.9 ms]
      [Humongous Register: 0.1 ms]
      [Humongous Reclaim: 0.0 ms]
      [Free CSet: 0.2 ms]
   [Eden: 119.0M(119.0M)->0.0B(119.0M) Survivors: 17.0M->17.0M Heap: 587.5M(2048.0M)->589.5M(2048.0M)]
 [Times: user=1.38 sys=0.00, real=0.17 secs] 
2020-09-29T11:55:17.291+0200: 122.761: [GC pause (G1 Evacuation Pause) (young), 0.1690840 secs]
   [Parallel Time: 166.5 ms, GC Workers: 8]
      [GC Worker Start (ms): Min: 122761.3, Avg: 122761.5, Max: 122761.6, Diff: 0.3]
      [Ext Root Scanning (ms): Min: 0.0, Avg: 0.1, Max: 0.3, Diff: 0.3, Sum: 1.0]
      [Update RS (ms): Min: 26.1, Avg: 26.9, Max: 27.7, Diff: 1.6, Sum: 215.5]
         [Processed Buffers: Min: 13, Avg: 13.3, Max: 14, Diff: 1, Sum: 106]
      [Scan RS (ms): Min: 8.1, Avg: 8.8, Max: 9.7, Diff: 1.6, Sum: 70.5]
      [Code Root Scanning (ms): Min: 0.0, Avg: 0.0, Max: 0.0, Diff: 0.0, Sum: 0.0]
      [Object Copy (ms): Min: 129.9, Avg: 130.0, Max: 130.1, Diff: 0.2, Sum: 1040.3]
      [Termination (ms): Min: 0.0, Avg: 0.0, Max: 0.1, Diff: 0.1, Sum: 0.4]
         [Termination Attempts: Min: 1, Avg: 121.0, Max: 147, Diff: 146, Sum: 968]
      [GC Worker Other (ms): Min: 0.0, Avg: 0.1, Max: 0.1, Diff: 0.1, Sum: 0.6]
      [GC Worker Total (ms): Min: 165.9, Avg: 166.0, Max: 166.2, Diff: 0.4, Sum: 1328.3]
      [GC Worker End (ms): Min: 122927.5, Avg: 122927.5, Max: 122927.6, Diff: 0.1]
   [Code Root Fixup: 0.0 ms]
   [Code Root Purge: 0.0 ms]
   [Clear CT: 0.9 ms]
   [Other: 1.6 ms]
      [Choose CSet: 0.0 ms]
      [Ref Proc: 0.4 ms]
      [Ref Enq: 0.0 ms]
      [Redirty Cards: 0.6 ms]
      [Humongous Register: 0.1 ms]
      [Humongous Reclaim: 0.0 ms]
      [Free CSet: 0.2 ms]
   [Eden: 119.0M(119.0M)->0.0B(124.0M) Survivors: 17.0M->17.0M Heap: 727.6M(2048.0M)->730.1M(2048.0M)]
 [Times: user=1.25 sys=0.00, real=0.17 secs] 
2020-09-29T11:55:17.614+0200: 123.084: [GC pause (G1 Evacuation Pause) (young), 0.1647132 secs]
   [Parallel Time: 161.2 ms, GC Workers: 8]
      [GC Worker Start (ms): Min: 123084.4, Avg: 123084.8, Max: 123085.6, Diff: 1.1]
      [Ext Root Scanning (ms): Min: 0.0, Avg: 0.1, Max: 0.3, Diff: 0.3, Sum: 1.0]
      [Update RS (ms): Min: 15.7, Avg: 16.7, Max: 17.2, Diff: 1.5, Sum: 133.4]
         [Processed Buffers: Min: 8, Avg: 8.6, Max: 10, Diff: 2, Sum: 69]
      [Scan RS (ms): Min: 13.6, Avg: 14.1, Max: 14.4, Diff: 0.8, Sum: 112.5]
      [Code Root Scanning (ms): Min: 0.0, Avg: 0.0, Max: 0.0, Diff: 0.0, Sum: 0.0]
      [Object Copy (ms): Min: 129.5, Avg: 129.6, Max: 129.7, Diff: 0.2, Sum: 1036.6]
      [Termination (ms): Min: 0.0, Avg: 0.1, Max: 0.1, Diff: 0.1, Sum: 0.4]
         [Termination Attempts: Min: 1, Avg: 158.1, Max: 203, Diff: 202, Sum: 1265]
      [GC Worker Other (ms): Min: 0.0, Avg: 0.1, Max: 0.1, Diff: 0.1, Sum: 0.4]
      [GC Worker Total (ms): Min: 159.8, Avg: 160.5, Max: 160.9, Diff: 1.1, Sum: 1284.4]
      [GC Worker End (ms): Min: 123245.3, Avg: 123245.3, Max: 123245.4, Diff: 0.1]
   [Code Root Fixup: 0.0 ms]
   [Code Root Purge: 0.0 ms]
   [Clear CT: 1.2 ms]
   [Other: 2.3 ms]
      [Choose CSet: 0.0 ms]
      [Ref Proc: 0.6 ms]
      [Ref Enq: 0.0 ms]
      [Redirty Cards: 1.2 ms]
      [Humongous Register: 0.1 ms]
      [Humongous Reclaim: 0.0 ms]
      [Free CSet: 0.2 ms]
   [Eden: 124.0M(124.0M)->0.0B(128.0M) Survivors: 17.0M->18.0M Heap: 875.1M(2048.0M)->877.6M(2048.0M)]
 [Times: user=1.25 sys=0.00, real=0.16 secs] 
2020-09-29T11:55:17.929+0200: 123.398: [GC pause (G1 Evacuation Pause) (young), 0.1677605 secs]
   [Parallel Time: 165.6 ms, GC Workers: 8]
      [GC Worker Start (ms): Min: 123398.5, Avg: 123398.6, Max: 123398.7, Diff: 0.2]
      [Ext Root Scanning (ms): Min: 0.1, Avg: 0.2, Max: 0.3, Diff: 0.2, Sum: 1.3]
      [Update RS (ms): Min: 18.5, Avg: 19.3, Max: 20.2, Diff: 1.7, Sum: 154.4]
         [Processed Buffers: Min: 9, Avg: 9.8, Max: 11, Diff: 2, Sum: 78]
      [Scan RS (ms): Min: 12.7, Avg: 13.8, Max: 14.6, Diff: 1.9, Sum: 110.0]
      [Code Root Scanning (ms): Min: 0.0, Avg: 0.0, Max: 0.0, Diff: 0.0, Sum: 0.0]
      [Object Copy (ms): Min: 131.8, Avg: 132.0, Max: 132.1, Diff: 0.4, Sum: 1055.7]
      [Termination (ms): Min: 0.0, Avg: 0.0, Max: 0.1, Diff: 0.1, Sum: 0.2]
         [Termination Attempts: Min: 1, Avg: 39.3, Max: 51, Diff: 50, Sum: 314]
      [GC Worker Other (ms): Min: 0.0, Avg: 0.1, Max: 0.1, Diff: 0.1, Sum: 0.4]
      [GC Worker Total (ms): Min: 165.1, Avg: 165.3, Max: 165.4, Diff: 0.2, Sum: 1322.1]
      [GC Worker End (ms): Min: 123563.9, Avg: 123563.9, Max: 123564.0, Diff: 0.1]
   [Code Root Fixup: 0.0 ms]
   [Code Root Purge: 0.0 ms]
   [Clear CT: 0.5 ms]
   [Other: 1.6 ms]
      [Choose CSet: 0.0 ms]
      [Ref Proc: 0.5 ms]
      [Ref Enq: 0.0 ms]
      [Redirty Cards: 0.5 ms]
      [Humongous Register: 0.1 ms]
      [Humongous Reclaim: 0.0 ms]
      [Free CSet: 0.3 ms]
   [Eden: 128.0M(128.0M)->0.0B(130.0M) Survivors: 18.0M->19.0M Heap: 1026.6M(2048.0M)->1028.1M(2048.0M)]
 [Times: user=1.25 sys=0.00, real=0.17 secs] 
2020-09-29T11:55:18.098+0200: 123.568: [GC pause (G1 Humongous Allocation) (young) (initial-mark), 0.0774417 secs]
   [Parallel Time: 75.8 ms, GC Workers: 8]
      [GC Worker Start (ms): Min: 123568.2, Avg: 123568.4, Max: 123568.5, Diff: 0.2]
      [Ext Root Scanning (ms): Min: 0.0, Avg: 0.2, Max: 0.3, Diff: 0.2, Sum: 1.4]
      [Update RS (ms): Min: 45.9, Avg: 46.6, Max: 47.0, Diff: 1.1, Sum: 372.6]
         [Processed Buffers: Min: 22, Avg: 24.3, Max: 25, Diff: 3, Sum: 194]
      [Scan RS (ms): Min: 0.0, Avg: 0.0, Max: 0.0, Diff: 0.0, Sum: 0.0]
      [Code Root Scanning (ms): Min: 0.0, Avg: 0.0, Max: 0.0, Diff: 0.0, Sum: 0.0]
      [Object Copy (ms): Min: 28.3, Avg: 28.7, Max: 29.3, Diff: 1.1, Sum: 229.9]
      [Termination (ms): Min: 0.0, Avg: 0.1, Max: 0.1, Diff: 0.1, Sum: 0.8]
         [Termination Attempts: Min: 1, Avg: 297.3, Max: 386, Diff: 385, Sum: 2378]
      [GC Worker Other (ms): Min: 0.0, Avg: 0.0, Max: 0.1, Diff: 0.0, Sum: 0.2]
      [GC Worker Total (ms): Min: 75.5, Avg: 75.6, Max: 75.7, Diff: 0.2, Sum: 605.0]
      [GC Worker End (ms): Min: 123644.0, Avg: 123644.0, Max: 123644.0, Diff: 0.0]
   [Code Root Fixup: 0.0 ms]
   [Code Root Purge: 0.0 ms]
   [Clear CT: 0.4 ms]
   [Other: 1.2 ms]
      [Choose CSet: 0.0 ms]
      [Ref Proc: 0.4 ms]
      [Ref Enq: 0.0 ms]
      [Redirty Cards: 0.4 ms]
      [Humongous Register: 0.0 ms]
      [Humongous Reclaim: 0.0 ms]
      [Free CSet: 0.1 ms]
   [Eden: 1024.0K(130.0M)->0.0B(131.0M) Survivors: 19.0M->2048.0K Heap: 1028.6M(2048.0M)->1031.6M(2048.0M)]
 [Times: user=0.56 sys=0.00, real=0.08 secs] 
2020-09-29T11:55:18.176+0200: 123.646: [GC concurrent-root-region-scan-start]
2020-09-29T11:55:18.176+0200: 123.646: [GC concurrent-root-region-scan-end, 0.0004544 secs]
2020-09-29T11:55:18.176+0200: 123.646: [GC concurrent-mark-start]
2020-09-29T11:55:18.182+0200: 123.652: [GC concurrent-mark-end, 0.0058924 secs]
2020-09-29T11:55:18.183+0200: 123.652: [GC remark 2020-09-29T11:55:18.183+0200: 123.653: [Finalize Marking, 0.0003473 secs] 2020-09-29T11:55:18.183+0200: 123.653: [GC ref-proc, 0.0007031 secs] 2020-09-29T11:55:18.184+0200: 123.654: [Unloading, 0.0011275 secs], 0.0027644 secs]
 [Times: user=0.00 sys=0.00, real=0.00 secs] 
2020-09-29T11:55:18.186+0200: 123.656: [GC cleanup 1039M->21M(2048M), 0.0025920 secs]
 [Times: user=0.00 sys=0.00, real=0.00 secs] 
2020-09-29T11:55:18.189+0200: 123.659: [GC concurrent-cleanup-start]
2020-09-29T11:55:18.192+0200: 123.662: [GC concurrent-cleanup-end, 0.0029781 secs]
2020-09-29T11:55:18.336+0200: 123.806: [GC pause (G1 Evacuation Pause) (young), 0.1575192 secs]
   [Parallel Time: 154.4 ms, GC Workers: 8]
      [GC Worker Start (ms): Min: 123806.5, Avg: 123806.7, Max: 123806.8, Diff: 0.3]
      [Ext Root Scanning (ms): Min: 0.0, Avg: 0.1, Max: 0.3, Diff: 0.3, Sum: 1.0]
      [Update RS (ms): Min: 18.1, Avg: 18.4, Max: 18.8, Diff: 0.7, Sum: 147.4]
         [Processed Buffers: Min: 9, Avg: 10.1, Max: 12, Diff: 3, Sum: 81]
      [Scan RS (ms): Min: 11.6, Avg: 12.0, Max: 12.3, Diff: 0.7, Sum: 95.8]
      [Code Root Scanning (ms): Min: 0.0, Avg: 0.0, Max: 0.0, Diff: 0.0, Sum: 0.0]
      [Object Copy (ms): Min: 123.2, Avg: 123.3, Max: 123.4, Diff: 0.3, Sum: 986.2]
      [Termination (ms): Min: 0.0, Avg: 0.1, Max: 0.1, Diff: 0.1, Sum: 0.7]
         [Termination Attempts: Min: 1, Avg: 224.9, Max: 284, Diff: 283, Sum: 1799]
      [GC Worker Other (ms): Min: 0.0, Avg: 0.1, Max: 0.1, Diff: 0.1, Sum: 0.5]
      [GC Worker Total (ms): Min: 153.8, Avg: 154.0, Max: 154.1, Diff: 0.3, Sum: 1231.7]
      [GC Worker End (ms): Min: 123960.6, Avg: 123960.7, Max: 123960.7, Diff: 0.1]
   [Code Root Fixup: 0.0 ms]
   [Code Root Purge: 0.0 ms]
   [Clear CT: 1.5 ms]
   [Other: 1.6 ms]
      [Choose CSet: 0.0 ms]
      [Ref Proc: 0.5 ms]
      [Ref Enq: 0.0 ms]
      [Redirty Cards: 0.5 ms]
      [Humongous Register: 0.1 ms]
      [Humongous Reclaim: 0.0 ms]
      [Free CSet: 0.2 ms]
   [Eden: 131.0M(131.0M)->0.0B(119.0M) Survivors: 2048.0K->17.0M Heap: 167.4M(2048.0M)->167.9M(2048.0M)]
 [Times: user=1.25 sys=0.00, real=0.16 secs] 
2020-09-29T11:55:18.634+0200: 124.104: [GC pause (G1 Evacuation Pause) (young), 0.1617328 secs]
   [Parallel Time: 158.7 ms, GC Workers: 8]
      [GC Worker Start (ms): Min: 124104.6, Avg: 124104.8, Max: 124104.9, Diff: 0.3]
      [Ext Root Scanning (ms): Min: 0.0, Avg: 0.1, Max: 0.3, Diff: 0.3, Sum: 1.0]
      [Update RS (ms): Min: 21.0, Avg: 21.7, Max: 22.7, Diff: 1.7, Sum: 173.9]
         [Processed Buffers: Min: 10, Avg: 11.0, Max: 14, Diff: 4, Sum: 88]
      [Scan RS (ms): Min: 10.1, Avg: 11.1, Max: 11.9, Diff: 1.8, Sum: 88.7]
      [Code Root Scanning (ms): Min: 0.0, Avg: 0.0, Max: 0.0, Diff: 0.0, Sum: 0.0]
      [Object Copy (ms): Min: 125.2, Avg: 125.3, Max: 125.4, Diff: 0.2, Sum: 1002.1]
      [Termination (ms): Min: 0.0, Avg: 0.0, Max: 0.0, Diff: 0.0, Sum: 0.0]
         [Termination Attempts: Min: 1, Avg: 9.4, Max: 18, Diff: 17, Sum: 75]
      [GC Worker Other (ms): Min: 0.0, Avg: 0.0, Max: 0.1, Diff: 0.1, Sum: 0.4]
      [GC Worker Total (ms): Min: 158.1, Avg: 158.3, Max: 158.4, Diff: 0.3, Sum: 1266.2]
      [GC Worker End (ms): Min: 124263.1, Avg: 124263.1, Max: 124263.1, Diff: 0.1]
   [Code Root Fixup: 0.0 ms]
   [Code Root Purge: 0.0 ms]
   [Clear CT: 1.5 ms]
   [Other: 1.5 ms]
      [Choose CSet: 0.0 ms]
      [Ref Proc: 0.4 ms]
      [Ref Enq: 0.0 ms]
      [Redirty Cards: 0.5 ms]
      [Humongous Register: 0.1 ms]
      [Humongous Reclaim: 0.0 ms]
      [Free CSet: 0.2 ms]
   [Eden: 119.0M(119.0M)->0.0B(121.0M) Survivors: 17.0M->17.0M Heap: 306.0M(2048.0M)->307.5M(2048.0M)]
 [Times: user=1.25 sys=0.00, real=0.16 secs] 
2020-09-29T11:55:18.938+0200: 124.408: [GC pause (G1 Evacuation Pause) (young), 0.1684328 secs]
   [Parallel Time: 166.3 ms, GC Workers: 8]
      [GC Worker Start (ms): Min: 124408.3, Avg: 124408.5, Max: 124408.6, Diff: 0.3]
      [Ext Root Scanning (ms): Min: 0.0, Avg: 0.1, Max: 0.3, Diff: 0.3, Sum: 1.1]
      [Update RS (ms): Min: 20.0, Avg: 20.3, Max: 20.9, Diff: 0.9, Sum: 162.1]
         [Processed Buffers: Min: 10, Avg: 11.0, Max: 13, Diff: 3, Sum: 88]
      [Scan RS (ms): Min: 11.6, Avg: 12.1, Max: 12.5, Diff: 0.9, Sum: 97.2]
      [Code Root Scanning (ms): Min: 0.0, Avg: 0.0, Max: 0.0, Diff: 0.0, Sum: 0.0]
      [Object Copy (ms): Min: 133.0, Avg: 133.2, Max: 133.3, Diff: 0.3, Sum: 1065.4]
      [Termination (ms): Min: 0.0, Avg: 0.1, Max: 0.2, Diff: 0.2, Sum: 1.0]
         [Termination Attempts: Min: 1, Avg: 325.9, Max: 429, Diff: 428, Sum: 2607]
      [GC Worker Other (ms): Min: 0.0, Avg: 0.0, Max: 0.1, Diff: 0.1, Sum: 0.3]
      [GC Worker Total (ms): Min: 165.7, Avg: 165.9, Max: 166.1, Diff: 0.3, Sum: 1327.1]
      [GC Worker End (ms): Min: 124574.3, Avg: 124574.3, Max: 124574.4, Diff: 0.1]
   [Code Root Fixup: 0.0 ms]
   [Code Root Purge: 0.0 ms]
   [Clear CT: 0.7 ms]
   [Other: 1.4 ms]
      [Choose CSet: 0.0 ms]
      [Ref Proc: 0.3 ms]
      [Ref Enq: 0.0 ms]
      [Redirty Cards: 0.6 ms]
      [Humongous Register: 0.1 ms]
      [Humongous Reclaim: 0.0 ms]
      [Free CSet: 0.2 ms]
   [Eden: 121.0M(121.0M)->0.0B(124.0M) Survivors: 17.0M->18.0M Heap: 449.4M(2048.0M)->451.4M(2048.0M)]
 [Times: user=1.36 sys=0.00, real=0.17 secs] 
2020-09-29T11:55:19.207+0200: 124.678: [GC pause (G1 Evacuation Pause) (young), 0.0695019 secs]
   [Parallel Time: 68.4 ms, GC Workers: 8]
      [GC Worker Start (ms): Min: 124677.7, Avg: 124677.8, Max: 124677.9, Diff: 0.1]
      [Ext Root Scanning (ms): Min: 0.0, Avg: 0.1, Max: 0.1, Diff: 0.1, Sum: 0.5]
      [Update RS (ms): Min: 8.4, Avg: 8.6, Max: 9.2, Diff: 0.8, Sum: 68.8]
         [Processed Buffers: Min: 8, Avg: 9.8, Max: 11, Diff: 3, Sum: 78]
      [Scan RS (ms): Min: 5.7, Avg: 6.4, Max: 6.5, Diff: 0.8, Sum: 50.9]
      [Code Root Scanning (ms): Min: 0.0, Avg: 0.0, Max: 0.0, Diff: 0.0, Sum: 0.0]
      [Object Copy (ms): Min: 53.1, Avg: 53.1, Max: 53.1, Diff: 0.0, Sum: 425.0]
      [Termination (ms): Min: 0.0, Avg: 0.0, Max: 0.1, Diff: 0.1, Sum: 0.3]
         [Termination Attempts: Min: 1, Avg: 293.9, Max: 415, Diff: 414, Sum: 2351]
      [GC Worker Other (ms): Min: 0.0, Avg: 0.0, Max: 0.0, Diff: 0.0, Sum: 0.2]
      [GC Worker Total (ms): Min: 68.1, Avg: 68.2, Max: 68.3, Diff: 0.2, Sum: 545.8]
      [GC Worker End (ms): Min: 124746.0, Avg: 124746.0, Max: 124746.1, Diff: 0.0]
   [Code Root Fixup: 0.0 ms]
   [Code Root Purge: 0.0 ms]
   [Clear CT: 0.2 ms]
   [Other: 0.8 ms]
      [Choose CSet: 0.0 ms]
      [Ref Proc: 0.2 ms]
      [Ref Enq: 0.0 ms]
      [Redirty Cards: 0.3 ms]
      [Humongous Register: 0.0 ms]
      [Humongous Reclaim: 0.0 ms]
      [Free CSet: 0.1 ms]
   [Eden: 124.0M(124.0M)->0.0B(146.0M) Survivors: 18.0M->18.0M Heap: 596.4M(2048.0M)->598.4M(2048.0M)]
 [Times: user=0.48 sys=0.00, real=0.07 secs] 
2020-09-29T11:55:19.352+0200: 124.823: [GC pause (G1 Evacuation Pause) (young), 0.0817189 secs]
   [Parallel Time: 80.7 ms, GC Workers: 8]
      [GC Worker Start (ms): Min: 124823.1, Avg: 124823.2, Max: 124823.2, Diff: 0.1]
      [Ext Root Scanning (ms): Min: 0.0, Avg: 0.1, Max: 0.1, Diff: 0.1, Sum: 0.6]
      [Update RS (ms): Min: 10.2, Avg: 10.4, Max: 10.8, Diff: 0.5, Sum: 82.9]
         [Processed Buffers: Min: 7, Avg: 12.5, Max: 17, Diff: 10, Sum: 100]
      [Scan RS (ms): Min: 5.8, Avg: 6.3, Max: 6.4, Diff: 0.6, Sum: 50.3]
      [Code Root Scanning (ms): Min: 0.0, Avg: 0.0, Max: 0.0, Diff: 0.0, Sum: 0.0]
      [Object Copy (ms): Min: 63.7, Avg: 63.8, Max: 63.8, Diff: 0.1, Sum: 510.3]
      [Termination (ms): Min: 0.0, Avg: 0.0, Max: 0.0, Diff: 0.0, Sum: 0.2]
         [Termination Attempts: Min: 1, Avg: 172.5, Max: 230, Diff: 229, Sum: 1380]
      [GC Worker Other (ms): Min: 0.0, Avg: 0.0, Max: 0.1, Diff: 0.1, Sum: 0.3]
      [GC Worker Total (ms): Min: 80.5, Avg: 80.6, Max: 80.6, Diff: 0.1, Sum: 644.5]
      [GC Worker End (ms): Min: 124903.7, Avg: 124903.7, Max: 124903.7, Diff: 0.1]
   [Code Root Fixup: 0.0 ms]
   [Code Root Purge: 0.0 ms]
   [Clear CT: 0.2 ms]
   [Other: 0.8 ms]
      [Choose CSet: 0.0 ms]
      [Ref Proc: 0.2 ms]
      [Ref Enq: 0.0 ms]
      [Redirty Cards: 0.3 ms]
      [Humongous Register: 0.1 ms]
      [Humongous Reclaim: 0.0 ms]
      [Free CSet: 0.1 ms]
   [Eden: 146.0M(146.0M)->0.0B(171.0M) Survivors: 18.0M->21.0M Heap: 769.2M(2048.0M)->770.2M(2048.0M)]
 [Times: user=0.63 sys=0.00, real=0.08 secs] 
2020-09-29T11:55:19.525+0200: 124.996: [GC pause (G1 Evacuation Pause) (young), 0.0982696 secs]
   [Parallel Time: 97.1 ms, GC Workers: 8]
      [GC Worker Start (ms): Min: 124995.7, Avg: 124995.8, Max: 124995.8, Diff: 0.2]
      [Ext Root Scanning (ms): Min: 0.0, Avg: 0.1, Max: 0.2, Diff: 0.2, Sum: 0.5]
      [Update RS (ms): Min: 11.3, Avg: 11.5, Max: 11.8, Diff: 0.6, Sum: 91.8]
         [Processed Buffers: Min: 12, Avg: 13.3, Max: 14, Diff: 2, Sum: 106]
      [Scan RS (ms): Min: 6.7, Avg: 7.0, Max: 7.2, Diff: 0.5, Sum: 56.4]
      [Code Root Scanning (ms): Min: 0.0, Avg: 0.0, Max: 0.0, Diff: 0.0, Sum: 0.0]
      [Object Copy (ms): Min: 78.1, Avg: 78.2, Max: 78.3, Diff: 0.1, Sum: 625.5]
      [Termination (ms): Min: 0.0, Avg: 0.1, Max: 0.1, Diff: 0.1, Sum: 0.5]
         [Termination Attempts: Min: 1, Avg: 465.3, Max: 577, Diff: 576, Sum: 3722]
      [GC Worker Other (ms): Min: 0.0, Avg: 0.0, Max: 0.1, Diff: 0.1, Sum: 0.3]
      [GC Worker Total (ms): Min: 96.8, Avg: 96.9, Max: 97.0, Diff: 0.2, Sum: 775.0]
      [GC Worker End (ms): Min: 125092.6, Avg: 125092.7, Max: 125092.7, Diff: 0.1]
   [Code Root Fixup: 0.0 ms]
   [Code Root Purge: 0.0 ms]
   [Clear CT: 0.2 ms]
   [Other: 1.0 ms]
      [Choose CSet: 0.0 ms]
      [Ref Proc: 0.4 ms]
      [Ref Enq: 0.0 ms]
      [Redirty Cards: 0.1 ms]
      [Humongous Register: 0.0 ms]
      [Humongous Reclaim: 0.0 ms]
      [Free CSet: 0.2 ms]
   [Eden: 171.0M(171.0M)->0.0B(196.0M) Survivors: 21.0M->24.0M Heap: 967.9M(2048.0M)->969.4M(2048.0M)]
 [Times: user=0.64 sys=0.02, real=0.11 secs] 
2020-09-29T11:55:19.635+0200: 125.106: [GC pause (G1 Humongous Allocation) (young) (initial-mark), 0.0336853 secs]
   [Parallel Time: 32.9 ms, GC Workers: 8]
      [GC Worker Start (ms): Min: 125105.7, Avg: 125105.8, Max: 125105.8, Diff: 0.1]
      [Ext Root Scanning (ms): Min: 0.0, Avg: 0.1, Max: 0.1, Diff: 0.1, Sum: 0.6]
      [Update RS (ms): Min: 20.4, Avg: 20.7, Max: 21.0, Diff: 0.7, Sum: 165.9]
         [Processed Buffers: Min: 23, Avg: 24.9, Max: 26, Diff: 3, Sum: 199]
      [Scan RS (ms): Min: 1.2, Avg: 1.5, Max: 1.8, Diff: 0.6, Sum: 12.0]
      [Code Root Scanning (ms): Min: 0.0, Avg: 0.0, Max: 0.0, Diff: 0.0, Sum: 0.0]
      [Object Copy (ms): Min: 10.2, Avg: 10.4, Max: 10.4, Diff: 0.2, Sum: 82.8]
      [Termination (ms): Min: 0.0, Avg: 0.0, Max: 0.0, Diff: 0.0, Sum: 0.2]
         [Termination Attempts: Min: 1, Avg: 127.4, Max: 164, Diff: 163, Sum: 1019]
      [GC Worker Other (ms): Min: 0.0, Avg: 0.0, Max: 0.0, Diff: 0.0, Sum: 0.1]
      [GC Worker Total (ms): Min: 32.7, Avg: 32.7, Max: 32.8, Diff: 0.1, Sum: 261.7]
      [GC Worker End (ms): Min: 125138.5, Avg: 125138.5, Max: 125138.5, Diff: 0.0]
   [Code Root Fixup: 0.0 ms]
   [Code Root Purge: 0.0 ms]
   [Clear CT: 0.1 ms]
   [Other: 0.7 ms]
      [Choose CSet: 0.0 ms]
      [Ref Proc: 0.3 ms]
      [Ref Enq: 0.0 ms]
      [Redirty Cards: 0.1 ms]
      [Humongous Register: 0.0 ms]
      [Humongous Reclaim: 0.0 ms]
      [Free CSet: 0.0 ms]
   [Eden: 1024.0K(196.0M)->0.0B(259.0M) Survivors: 24.0M->2048.0K Heap: 970.4M(2048.0M)->973.4M(2048.0M)]
 [Times: user=0.25 sys=0.00, real=0.03 secs] 
2020-09-29T11:55:19.669+0200: 125.139: [GC concurrent-root-region-scan-start]
2020-09-29T11:55:19.669+0200: 125.140: [GC concurrent-root-region-scan-end, 0.0002242 secs]
2020-09-29T11:55:19.669+0200: 125.140: [GC concurrent-mark-start]
2020-09-29T11:55:19.671+0200: 125.142: [GC concurrent-mark-end, 0.0021789 secs]
2020-09-29T11:55:19.671+0200: 125.142: [GC remark 2020-09-29T11:55:19.671+0200: 125.142: [Finalize Marking, 0.0002613 secs] 2020-09-29T11:55:19.672+0200: 125.142: [GC ref-proc, 0.0002726 secs] 2020-09-29T11:55:19.672+0200: 125.143: [Unloading, 0.0004282 secs], 0.0013111 secs]
 [Times: user=0.00 sys=0.00, real=0.00 secs] 
2020-09-29T11:55:19.673+0200: 125.144: [GC cleanup 981M->21M(2048M), 0.0011538 secs]
 [Times: user=0.00 sys=0.00, real=0.00 secs] 
2020-09-29T11:55:19.674+0200: 125.145: [GC concurrent-cleanup-start]
2020-09-29T11:55:19.675+0200: 125.146: [GC concurrent-cleanup-end, 0.0009839 secs]
2020-09-29T11:55:19.805+0200: 125.276: [GC pause (G1 Evacuation Pause) (young), 0.1249105 secs]
   [Parallel Time: 123.2 ms, GC Workers: 8]
      [GC Worker Start (ms): Min: 125275.8, Avg: 125275.8, Max: 125275.9, Diff: 0.2]
      [Ext Root Scanning (ms): Min: 0.0, Avg: 0.1, Max: 0.2, Diff: 0.2, Sum: 0.5]
      [Update RS (ms): Min: 9.5, Avg: 9.9, Max: 10.6, Diff: 1.0, Sum: 79.4]
         [Processed Buffers: Min: 10, Avg: 10.6, Max: 12, Diff: 2, Sum: 85]
      [Scan RS (ms): Min: 18.5, Avg: 19.1, Max: 19.6, Diff: 1.1, Sum: 153.1]
      [Code Root Scanning (ms): Min: 0.0, Avg: 0.0, Max: 0.0, Diff: 0.0, Sum: 0.0]
      [Object Copy (ms): Min: 93.7, Avg: 93.8, Max: 93.9, Diff: 0.1, Sum: 750.6]
      [Termination (ms): Min: 0.0, Avg: 0.0, Max: 0.0, Diff: 0.0, Sum: 0.2]
         [Termination Attempts: Min: 1, Avg: 145.1, Max: 176, Diff: 175, Sum: 1161]
      [GC Worker Other (ms): Min: 0.0, Avg: 0.0, Max: 0.1, Diff: 0.1, Sum: 0.3]
      [GC Worker Total (ms): Min: 122.9, Avg: 123.0, Max: 123.1, Diff: 0.2, Sum: 984.1]
      [GC Worker End (ms): Min: 125398.8, Avg: 125398.9, Max: 125398.9, Diff: 0.1]
   [Code Root Fixup: 0.0 ms]
   [Code Root Purge: 0.0 ms]
   [Clear CT: 0.5 ms]
   [Other: 1.2 ms]
      [Choose CSet: 0.0 ms]
      [Ref Proc: 0.3 ms]
      [Ref Enq: 0.0 ms]
      [Redirty Cards: 0.5 ms]
      [Humongous Register: 0.0 ms]
      [Humongous Reclaim: 0.0 ms]
      [Free CSet: 0.1 ms]
   [Eden: 259.0M(259.0M)->0.0B(244.0M) Survivors: 2048.0K->33.0M Heap: 316.9M(2048.0M)->316.9M(2048.0M)]
 [Times: user=0.98 sys=0.01, real=0.13 secs] 
2020-09-29T11:55:20.051+0200: 125.522: [GC pause (G1 Evacuation Pause) (young), 0.1244786 secs]
   [Parallel Time: 123.4 ms, GC Workers: 8]
      [GC Worker Start (ms): Min: 125521.9, Avg: 125522.0, Max: 125522.1, Diff: 0.1]
      [Ext Root Scanning (ms): Min: 0.0, Avg: 0.1, Max: 0.2, Diff: 0.1, Sum: 0.6]
      [Update RS (ms): Min: 9.3, Avg: 9.4, Max: 9.7, Diff: 0.4, Sum: 75.5]
         [Processed Buffers: Min: 11, Avg: 11.4, Max: 14, Diff: 3, Sum: 91]
      [Scan RS (ms): Min: 13.5, Avg: 13.8, Max: 14.0, Diff: 0.5, Sum: 110.1]
      [Code Root Scanning (ms): Min: 0.0, Avg: 0.0, Max: 0.0, Diff: 0.0, Sum: 0.0]
      [Object Copy (ms): Min: 99.7, Avg: 99.9, Max: 99.9, Diff: 0.2, Sum: 798.8]
      [Termination (ms): Min: 0.0, Avg: 0.0, Max: 0.0, Diff: 0.0, Sum: 0.0]
         [Termination Attempts: Min: 1, Avg: 2.1, Max: 4, Diff: 3, Sum: 17]
      [GC Worker Other (ms): Min: 0.0, Avg: 0.0, Max: 0.1, Diff: 0.0, Sum: 0.2]
      [GC Worker Total (ms): Min: 123.1, Avg: 123.2, Max: 123.2, Diff: 0.1, Sum: 985.3]
      [GC Worker End (ms): Min: 125645.1, Avg: 125645.2, Max: 125645.2, Diff: 0.0]
   [Code Root Fixup: 0.0 ms]
   [Code Root Purge: 0.0 ms]
   [Clear CT: 0.2 ms]
   [Other: 0.9 ms]
      [Choose CSet: 0.0 ms]
      [Ref Proc: 0.2 ms]
      [Ref Enq: 0.0 ms]
      [Redirty Cards: 0.2 ms]
      [Humongous Register: 0.0 ms]
      [Humongous Reclaim: 0.0 ms]
      [Free CSet: 0.3 ms]
   [Eden: 244.0M(244.0M)->0.0B(255.0M) Survivors: 33.0M->35.0M Heap: 600.9M(2048.0M)->603.4M(2048.0M)]
 [Times: user=0.89 sys=0.00, real=0.13 secs] 
2020-09-29T11:55:20.325+0200: 125.795: [GC pause (G1 Evacuation Pause) (young), 0.1343261 secs]
   [Parallel Time: 133.3 ms, GC Workers: 8]
      [GC Worker Start (ms): Min: 125795.2, Avg: 125795.3, Max: 125795.4, Diff: 0.2]
      [Ext Root Scanning (ms): Min: 0.0, Avg: 0.1, Max: 0.2, Diff: 0.2, Sum: 0.5]
      [Update RS (ms): Min: 12.3, Avg: 12.4, Max: 13.0, Diff: 0.7, Sum: 99.3]
         [Processed Buffers: Min: 12, Avg: 14.3, Max: 16, Diff: 4, Sum: 114]
      [Scan RS (ms): Min: 13.9, Avg: 14.6, Max: 14.7, Diff: 0.8, Sum: 116.4]
      [Code Root Scanning (ms): Min: 0.0, Avg: 0.0, Max: 0.0, Diff: 0.0, Sum: 0.0]
      [Object Copy (ms): Min: 105.9, Avg: 106.0, Max: 106.0, Diff: 0.1, Sum: 847.7]
      [Termination (ms): Min: 0.0, Avg: 0.0, Max: 0.1, Diff: 0.1, Sum: 0.3]
         [Termination Attempts: Min: 1, Avg: 5.6, Max: 10, Diff: 9, Sum: 45]
      [GC Worker Other (ms): Min: 0.0, Avg: 0.0, Max: 0.0, Diff: 0.0, Sum: 0.1]
      [GC Worker Total (ms): Min: 133.0, Avg: 133.0, Max: 133.1, Diff: 0.2, Sum: 1064.3]
      [GC Worker End (ms): Min: 125928.3, Avg: 125928.3, Max: 125928.4, Diff: 0.0]
   [Code Root Fixup: 0.0 ms]
   [Code Root Purge: 0.0 ms]
   [Clear CT: 0.1 ms]
   [Other: 0.9 ms]
      [Choose CSet: 0.0 ms]
      [Ref Proc: 0.2 ms]
      [Ref Enq: 0.0 ms]
      [Redirty Cards: 0.2 ms]
      [Humongous Register: 0.0 ms]
      [Humongous Reclaim: 0.0 ms]
      [Free CSet: 0.3 ms]
   [Eden: 255.0M(255.0M)->0.0B(268.0M) Survivors: 35.0M->37.0M Heap: 902.3M(2048.0M)->904.3M(2048.0M)]
 [Times: user=1.13 sys=0.00, real=0.13 secs] 
2020-09-29T11:55:20.613+0200: 126.083: [GC pause (G1 Evacuation Pause) (young), 0.1407138 secs]
   [Parallel Time: 139.6 ms, GC Workers: 8]
      [GC Worker Start (ms): Min: 126082.9, Avg: 126083.0, Max: 126083.1, Diff: 0.2]
      [Ext Root Scanning (ms): Min: 0.0, Avg: 0.1, Max: 0.2, Diff: 0.2, Sum: 0.5]
      [Update RS (ms): Min: 14.0, Avg: 14.0, Max: 14.2, Diff: 0.2, Sum: 112.3]
         [Processed Buffers: Min: 16, Avg: 17.1, Max: 20, Diff: 4, Sum: 137]
      [Scan RS (ms): Min: 13.2, Avg: 13.4, Max: 13.5, Diff: 0.3, Sum: 106.9]
      [Code Root Scanning (ms): Min: 0.0, Avg: 0.0, Max: 0.0, Diff: 0.0, Sum: 0.0]
      [Object Copy (ms): Min: 111.8, Avg: 111.9, Max: 112.0, Diff: 0.2, Sum: 895.6]
      [Termination (ms): Min: 0.0, Avg: 0.0, Max: 0.0, Diff: 0.0, Sum: 0.0]
         [Termination Attempts: Min: 1, Avg: 19.6, Max: 33, Diff: 32, Sum: 157]
      [GC Worker Other (ms): Min: 0.0, Avg: 0.0, Max: 0.1, Diff: 0.0, Sum: 0.3]
      [GC Worker Total (ms): Min: 139.4, Avg: 139.5, Max: 139.5, Diff: 0.1, Sum: 1115.6]
      [GC Worker End (ms): Min: 126222.4, Avg: 126222.4, Max: 126222.5, Diff: 0.0]
   [Code Root Fixup: 0.0 ms]
   [Code Root Purge: 0.0 ms]
   [Clear CT: 0.2 ms]
   [Other: 0.9 ms]
      [Choose CSet: 0.0 ms]
      [Ref Proc: 0.2 ms]
      [Ref Enq: 0.0 ms]
      [Redirty Cards: 0.2 ms]
      [Humongous Register: 0.0 ms]
      [Humongous Reclaim: 0.0 ms]
      [Free CSet: 0.3 ms]
   [Eden: 268.0M(268.0M)->0.0B(286.0M) Survivors: 37.0M->39.0M Heap: 1216.2M(2048.0M)->1218.2M(2048.0M)]
 [Times: user=1.13 sys=0.00, real=0.14 secs] 
2020-09-29T11:55:20.767+0200: 126.237: [GC pause (G1 Humongous Allocation) (young) (initial-mark), 0.0611066 secs]
   [Parallel Time: 60.2 ms, GC Workers: 8]
      [GC Worker Start (ms): Min: 126237.3, Avg: 126237.4, Max: 126237.5, Diff: 0.2]
      [Ext Root Scanning (ms): Min: 0.0, Avg: 0.2, Max: 0.5, Diff: 0.5, Sum: 1.5]
      [Update RS (ms): Min: 24.5, Avg: 24.9, Max: 25.1, Diff: 0.6, Sum: 199.4]
         [Processed Buffers: Min: 26, Avg: 30.1, Max: 32, Diff: 6, Sum: 241]
      [Scan RS (ms): Min: 2.1, Avg: 2.4, Max: 2.5, Diff: 0.4, Sum: 19.1]
      [Code Root Scanning (ms): Min: 0.0, Avg: 0.0, Max: 0.0, Diff: 0.0, Sum: 0.0]
      [Object Copy (ms): Min: 32.4, Avg: 32.4, Max: 32.5, Diff: 0.1, Sum: 259.5]
      [Termination (ms): Min: 0.0, Avg: 0.0, Max: 0.0, Diff: 0.0, Sum: 0.1]
         [Termination Attempts: Min: 1, Avg: 117.1, Max: 162, Diff: 161, Sum: 937]
      [GC Worker Other (ms): Min: 0.0, Avg: 0.0, Max: 0.0, Diff: 0.0, Sum: 0.2]
      [GC Worker Total (ms): Min: 59.9, Avg: 60.0, Max: 60.0, Diff: 0.2, Sum: 479.8]
      [GC Worker End (ms): Min: 126297.3, Avg: 126297.3, Max: 126297.4, Diff: 0.0]
   [Code Root Fixup: 0.0 ms]
   [Code Root Purge: 0.0 ms]
   [Clear CT: 0.2 ms]
   [Other: 0.7 ms]
      [Choose CSet: 0.0 ms]
      [Ref Proc: 0.2 ms]
      [Ref Enq: 0.0 ms]
      [Redirty Cards: 0.2 ms]
      [Humongous Register: 0.1 ms]
      [Humongous Reclaim: 0.0 ms]
      [Free CSet: 0.1 ms]
   [Eden: 5120.0K(286.0M)->0.0B(264.0M) Survivors: 39.0M->6144.0K Heap: 1222.7M(2048.0M)->1226.7M(2048.0M)]
 [Times: user=0.45 sys=0.00, real=0.06 secs] 
2020-09-29T11:55:20.828+0200: 126.298: [GC concurrent-root-region-scan-start]
2020-09-29T11:55:20.829+0200: 126.299: [GC concurrent-root-region-scan-end, 0.0011191 secs]
2020-09-29T11:55:20.829+0200: 126.299: [GC concurrent-mark-start]
2020-09-29T11:55:20.832+0200: 126.302: [GC concurrent-mark-end, 0.0027119 secs]
2020-09-29T11:55:20.832+0200: 126.302: [GC remark 2020-09-29T11:55:20.832+0200: 126.302: [Finalize Marking, 0.0002063 secs] 2020-09-29T11:55:20.833+0200: 126.303: [GC ref-proc, 0.0003064 secs] 2020-09-29T11:55:20.833+0200: 126.303: [Unloading, 0.0004588 secs], 0.0013306 secs]
 [Times: user=0.13 sys=0.00, real=0.00 secs] 
2020-09-29T11:55:20.834+0200: 126.304: [GC cleanup 1234M->25M(2048M), 0.0014826 secs]
 [Times: user=0.00 sys=0.00, real=0.00 secs] 
2020-09-29T11:55:20.836+0200: 126.306: [GC concurrent-cleanup-start]
2020-09-29T11:55:20.837+0200: 126.307: [GC concurrent-cleanup-end, 0.0017409 secs]
2020-09-29T11:55:20.964+0200: 126.434: [GC pause (G1 Evacuation Pause) (young), 0.1315513 secs]
   [Parallel Time: 130.4 ms, GC Workers: 8]
      [GC Worker Start (ms): Min: 126434.0, Avg: 126434.1, Max: 126434.2, Diff: 0.2]
      [Ext Root Scanning (ms): Min: 0.0, Avg: 0.0, Max: 0.2, Diff: 0.2, Sum: 0.4]
      [Update RS (ms): Min: 12.2, Avg: 12.3, Max: 12.9, Diff: 0.7, Sum: 98.8]
         [Processed Buffers: Min: 13, Avg: 14.6, Max: 17, Diff: 4, Sum: 117]
      [Scan RS (ms): Min: 17.4, Avg: 17.8, Max: 18.1, Diff: 0.7, Sum: 142.6]
      [Code Root Scanning (ms): Min: 0.0, Avg: 0.0, Max: 0.0, Diff: 0.0, Sum: 0.0]
      [Object Copy (ms): Min: 99.7, Avg: 99.9, Max: 100.0, Diff: 0.3, Sum: 799.0]
      [Termination (ms): Min: 0.0, Avg: 0.0, Max: 0.0, Diff: 0.0, Sum: 0.1]
         [Termination Attempts: Min: 1, Avg: 58.4, Max: 76, Diff: 75, Sum: 467]
      [GC Worker Other (ms): Min: 0.0, Avg: 0.0, Max: 0.1, Diff: 0.1, Sum: 0.3]
      [GC Worker Total (ms): Min: 130.1, Avg: 130.1, Max: 130.3, Diff: 0.2, Sum: 1041.1]
      [GC Worker End (ms): Min: 126564.2, Avg: 126564.2, Max: 126564.3, Diff: 0.1]
   [Code Root Fixup: 0.0 ms]
   [Code Root Purge: 0.0 ms]
   [Clear CT: 0.3 ms]
   [Other: 0.9 ms]
      [Choose CSet: 0.0 ms]
      [Ref Proc: 0.1 ms]
      [Ref Enq: 0.0 ms]
      [Redirty Cards: 0.4 ms]
      [Humongous Register: 0.0 ms]
      [Humongous Reclaim: 0.0 ms]
      [Free CSet: 0.2 ms]
   [Eden: 264.0M(264.0M)->0.0B(257.0M) Survivors: 6144.0K->34.0M Heap: 327.8M(2048.0M)->323.8M(2048.0M)]
 [Times: user=0.92 sys=0.08, real=0.13 secs] 
2020-09-29T11:55:21.235+0200: 126.705: [GC pause (G1 Evacuation Pause) (young), 0.1457518 secs]
   [Parallel Time: 144.6 ms, GC Workers: 8]
      [GC Worker Start (ms): Min: 126705.5, Avg: 126705.6, Max: 126705.7, Diff: 0.1]
      [Ext Root Scanning (ms): Min: 0.0, Avg: 0.1, Max: 0.1, Diff: 0.1, Sum: 0.5]
      [Update RS (ms): Min: 12.5, Avg: 12.8, Max: 13.2, Diff: 0.7, Sum: 102.3]
         [Processed Buffers: Min: 15, Avg: 15.8, Max: 18, Diff: 3, Sum: 126]
      [Scan RS (ms): Min: 13.9, Avg: 14.5, Max: 15.8, Diff: 1.8, Sum: 115.8]
      [Code Root Scanning (ms): Min: 0.0, Avg: 0.0, Max: 0.0, Diff: 0.0, Sum: 0.0]
      [Object Copy (ms): Min: 115.8, Avg: 116.9, Max: 117.2, Diff: 1.5, Sum: 935.1]
      [Termination (ms): Min: 0.0, Avg: 0.1, Max: 0.2, Diff: 0.2, Sum: 1.2]
         [Termination Attempts: Min: 1, Avg: 982.5, Max: 1321, Diff: 1320, Sum: 7860]
      [GC Worker Other (ms): Min: 0.0, Avg: 0.0, Max: 0.1, Diff: 0.1, Sum: 0.4]
      [GC Worker Total (ms): Min: 144.4, Avg: 144.4, Max: 144.5, Diff: 0.1, Sum: 1155.3]
      [GC Worker End (ms): Min: 126850.0, Avg: 126850.0, Max: 126850.0, Diff: 0.1]
   [Code Root Fixup: 0.0 ms]
   [Code Root Purge: 0.0 ms]
   [Clear CT: 0.2 ms]
   [Other: 1.0 ms]
      [Choose CSet: 0.0 ms]
      [Ref Proc: 0.2 ms]
      [Ref Enq: 0.0 ms]
      [Redirty Cards: 0.3 ms]
      [Humongous Register: 0.0 ms]
      [Humongous Reclaim: 0.0 ms]
      [Free CSet: 0.3 ms]
   [Eden: 257.0M(257.0M)->0.0B(269.0M) Survivors: 34.0M->37.0M Heap: 622.7M(2048.0M)->624.2M(2048.0M)]
 [Times: user=1.24 sys=0.00, real=0.15 secs] 
2020-09-29T11:55:21.538+0200: 127.008: [GC pause (G1 Evacuation Pause) (young), 0.1432299 secs]
   [Parallel Time: 142.2 ms, GC Workers: 8]
      [GC Worker Start (ms): Min: 127008.6, Avg: 127008.7, Max: 127008.8, Diff: 0.1]
      [Ext Root Scanning (ms): Min: 0.0, Avg: 0.1, Max: 0.1, Diff: 0.1, Sum: 0.5]
      [Update RS (ms): Min: 14.5, Avg: 14.6, Max: 15.1, Diff: 0.6, Sum: 117.1]
         [Processed Buffers: Min: 15, Avg: 17.1, Max: 20, Diff: 5, Sum: 137]
      [Scan RS (ms): Min: 14.1, Avg: 14.7, Max: 14.9, Diff: 0.7, Sum: 117.5]
      [Code Root Scanning (ms): Min: 0.0, Avg: 0.0, Max: 0.0, Diff: 0.0, Sum: 0.0]
      [Object Copy (ms): Min: 112.5, Avg: 112.5, Max: 112.6, Diff: 0.2, Sum: 900.3]
      [Termination (ms): Min: 0.0, Avg: 0.0, Max: 0.0, Diff: 0.0, Sum: 0.1]
         [Termination Attempts: Min: 1, Avg: 115.3, Max: 140, Diff: 139, Sum: 922]
      [GC Worker Other (ms): Min: 0.0, Avg: 0.0, Max: 0.1, Diff: 0.1, Sum: 0.4]
      [GC Worker Total (ms): Min: 141.9, Avg: 142.0, Max: 142.1, Diff: 0.2, Sum: 1136.0]
      [GC Worker End (ms): Min: 127150.7, Avg: 127150.7, Max: 127150.7, Diff: 0.1]
   [Code Root Fixup: 0.0 ms]
   [Code Root Purge: 0.0 ms]
   [Clear CT: 0.2 ms]
   [Other: 0.8 ms]
      [Choose CSet: 0.0 ms]
      [Ref Proc: 0.2 ms]
      [Ref Enq: 0.0 ms]
      [Redirty Cards: 0.2 ms]
      [Humongous Register: 0.0 ms]
      [Humongous Reclaim: 0.0 ms]
      [Free CSet: 0.2 ms]
   [Eden: 269.0M(269.0M)->0.0B(285.0M) Survivors: 37.0M->39.0M Heap: 939.0M(2048.0M)->941.0M(2048.0M)]
 [Times: user=1.13 sys=0.00, real=0.14 secs] 
2020-09-29T11:55:21.730+0200: 127.201: [GC pause (G1 Humongous Allocation) (young) (initial-mark), 0.0631782 secs]
   [Parallel Time: 62.4 ms, GC Workers: 8]
      [GC Worker Start (ms): Min: 127200.6, Avg: 127200.7, Max: 127200.7, Diff: 0.1]
      [Ext Root Scanning (ms): Min: 0.0, Avg: 0.1, Max: 0.1, Diff: 0.1, Sum: 0.6]
      [Update RS (ms): Min: 14.5, Avg: 14.8, Max: 15.0, Diff: 0.4, Sum: 118.0]
         [Processed Buffers: Min: 17, Avg: 17.8, Max: 19, Diff: 2, Sum: 142]
      [Scan RS (ms): Min: 2.1, Avg: 2.4, Max: 2.7, Diff: 0.5, Sum: 19.2]
      [Code Root Scanning (ms): Min: 0.0, Avg: 0.0, Max: 0.0, Diff: 0.0, Sum: 0.0]
      [Object Copy (ms): Min: 44.9, Avg: 44.9, Max: 45.0, Diff: 0.1, Sum: 359.3]
      [Termination (ms): Min: 0.0, Avg: 0.0, Max: 0.0, Diff: 0.0, Sum: 0.3]
         [Termination Attempts: Min: 1, Avg: 218.0, Max: 267, Diff: 266, Sum: 1744]
      [GC Worker Other (ms): Min: 0.0, Avg: 0.0, Max: 0.0, Diff: 0.0, Sum: 0.2]
      [GC Worker Total (ms): Min: 62.2, Avg: 62.2, Max: 62.2, Diff: 0.1, Sum: 497.6]
      [GC Worker End (ms): Min: 127262.9, Avg: 127262.9, Max: 127262.9, Diff: 0.0]
   [Code Root Fixup: 0.0 ms]
   [Code Root Purge: 0.0 ms]
   [Clear CT: 0.1 ms]
   [Other: 0.7 ms]
      [Choose CSet: 0.0 ms]
      [Ref Proc: 0.2 ms]
      [Ref Enq: 0.0 ms]
      [Redirty Cards: 0.2 ms]
      [Humongous Register: 0.0 ms]
      [Humongous Reclaim: 0.0 ms]
      [Free CSet: 0.1 ms]
   [Eden: 80.0M(285.0M)->0.0B(312.0M) Survivors: 39.0M->41.0M Heap: 1032.5M(2048.0M)->1034.0M(2048.0M)]
 [Times: user=0.50 sys=0.00, real=0.06 secs] 
2020-09-29T11:55:21.794+0200: 127.264: [GC concurrent-root-region-scan-start]
2020-09-29T11:55:21.801+0200: 127.271: [GC concurrent-root-region-scan-end, 0.0069277 secs]
2020-09-29T11:55:21.801+0200: 127.271: [GC concurrent-mark-start]
2020-09-29T11:55:21.803+0200: 127.273: [GC concurrent-mark-end, 0.0020709 secs]
2020-09-29T11:55:21.803+0200: 127.273: [GC remark 2020-09-29T11:55:21.803+0200: 127.273: [Finalize Marking, 0.0001774 secs] 2020-09-29T11:55:21.803+0200: 127.273: [GC ref-proc, 0.0002564 secs] 2020-09-29T11:55:21.803+0200: 127.273: [Unloading, 0.0003944 secs], 0.0010943 secs]
 [Times: user=0.00 sys=0.00, real=0.00 secs] 
2020-09-29T11:55:21.804+0200: 127.274: [GC cleanup 1057M->76M(2048M), 0.0010467 secs]
 [Times: user=0.00 sys=0.00, real=0.00 secs] 
2020-09-29T11:55:21.805+0200: 127.275: [GC concurrent-cleanup-start]
2020-09-29T11:55:21.806+0200: 127.276: [GC concurrent-cleanup-end, 0.0009943 secs]
2020-09-29T11:55:21.954+0200: 127.424: [GC pause (G1 Evacuation Pause) (young), 0.1492176 secs]
   [Parallel Time: 147.9 ms, GC Workers: 8]
      [GC Worker Start (ms): Min: 127424.2, Avg: 127424.3, Max: 127424.3, Diff: 0.2]
      [Ext Root Scanning (ms): Min: 0.0, Avg: 0.1, Max: 0.1, Diff: 0.1, Sum: 0.4]
      [Update RS (ms): Min: 20.2, Avg: 20.3, Max: 20.7, Diff: 0.6, Sum: 162.4]
         [Processed Buffers: Min: 21, Avg: 23.1, Max: 25, Diff: 4, Sum: 185]
      [Scan RS (ms): Min: 11.5, Avg: 11.8, Max: 12.0, Diff: 0.5, Sum: 94.5]
      [Code Root Scanning (ms): Min: 0.0, Avg: 0.0, Max: 0.0, Diff: 0.0, Sum: 0.0]
      [Object Copy (ms): Min: 115.3, Avg: 115.5, Max: 115.6, Diff: 0.3, Sum: 923.7]
      [Termination (ms): Min: 0.0, Avg: 0.1, Max: 0.1, Diff: 0.1, Sum: 0.4]
         [Termination Attempts: Min: 1, Avg: 377.8, Max: 498, Diff: 497, Sum: 3022]
      [GC Worker Other (ms): Min: 0.0, Avg: 0.0, Max: 0.1, Diff: 0.1, Sum: 0.3]
      [GC Worker Total (ms): Min: 147.6, Avg: 147.7, Max: 147.8, Diff: 0.2, Sum: 1181.7]
      [GC Worker End (ms): Min: 127572.0, Avg: 127572.0, Max: 127572.0, Diff: 0.1]
   [Code Root Fixup: 0.0 ms]
   [Code Root Purge: 0.0 ms]
   [Clear CT: 0.2 ms]
   [Other: 1.1 ms]
      [Choose CSet: 0.0 ms]
      [Ref Proc: 0.2 ms]
      [Ref Enq: 0.0 ms]
      [Redirty Cards: 0.3 ms]
      [Humongous Register: 0.0 ms]
      [Humongous Reclaim: 0.0 ms]
      [Free CSet: 0.4 ms]
   [Eden: 312.0M(312.0M)->0.0B(323.0M) Survivors: 41.0M->45.0M Heap: 418.4M(2048.0M)->378.9M(2048.0M)]
 [Times: user=1.24 sys=0.00, real=0.15 secs] 
2020-09-29T11:55:22.282+0200: 127.752: [GC pause (G1 Evacuation Pause) (young), 0.1740693 secs]
   [Parallel Time: 172.7 ms, GC Workers: 8]
      [GC Worker Start (ms): Min: 127752.0, Avg: 127752.1, Max: 127752.2, Diff: 0.1]
      [Ext Root Scanning (ms): Min: 0.0, Avg: 0.1, Max: 0.1, Diff: 0.1, Sum: 0.6]
      [Update RS (ms): Min: 14.8, Avg: 15.0, Max: 15.2, Diff: 0.4, Sum: 119.7]
         [Processed Buffers: Min: 16, Avg: 17.3, Max: 20, Diff: 4, Sum: 138]
      [Scan RS (ms): Min: 19.1, Avg: 19.3, Max: 19.6, Diff: 0.5, Sum: 154.6]
      [Code Root Scanning (ms): Min: 0.0, Avg: 0.0, Max: 0.0, Diff: 0.0, Sum: 0.0]
      [Object Copy (ms): Min: 137.9, Avg: 138.0, Max: 138.0, Diff: 0.2, Sum: 1103.9]
      [Termination (ms): Min: 0.0, Avg: 0.0, Max: 0.0, Diff: 0.0, Sum: 0.1]
         [Termination Attempts: Min: 1, Avg: 46.3, Max: 61, Diff: 60, Sum: 370]
      [GC Worker Other (ms): Min: 0.0, Avg: 0.1, Max: 0.1, Diff: 0.1, Sum: 0.5]
      [GC Worker Total (ms): Min: 172.3, Avg: 172.4, Max: 172.5, Diff: 0.1, Sum: 1379.4]
      [GC Worker End (ms): Min: 127924.5, Avg: 127924.5, Max: 127924.6, Diff: 0.1]
   [Code Root Fixup: 0.0 ms]
   [Code Root Purge: 0.0 ms]
   [Clear CT: 0.4 ms]
   [Other: 1.0 ms]
      [Choose CSet: 0.0 ms]
      [Ref Proc: 0.2 ms]
      [Ref Enq: 0.0 ms]
      [Redirty Cards: 0.2 ms]
      [Humongous Register: 0.0 ms]
      [Humongous Reclaim: 0.0 ms]
      [Free CSet: 0.3 ms]
   [Eden: 323.0M(323.0M)->0.0B(314.0M) Survivors: 45.0M->46.0M Heap: 755.3M(2048.0M)->756.8M(2048.0M)]
 [Times: user=1.38 sys=0.00, real=0.18 secs] 
2020-09-29T11:55:22.635+0200: 128.106: [GC pause (G1 Evacuation Pause) (young), 0.1877311 secs]
   [Parallel Time: 185.6 ms, GC Workers: 8]
      [GC Worker Start (ms): Min: 128106.0, Avg: 128106.1, Max: 128106.1, Diff: 0.1]
      [Ext Root Scanning (ms): Min: 0.0, Avg: 0.1, Max: 0.2, Diff: 0.1, Sum: 0.6]
      [Update RS (ms): Min: 20.5, Avg: 20.9, Max: 21.3, Diff: 0.8, Sum: 166.9]
         [Processed Buffers: Min: 21, Avg: 22.4, Max: 23, Diff: 2, Sum: 179]
      [Scan RS (ms): Min: 17.5, Avg: 19.0, Max: 26.4, Diff: 8.9, Sum: 152.0]
      [Code Root Scanning (ms): Min: 0.0, Avg: 0.0, Max: 0.0, Diff: 0.0, Sum: 0.0]
      [Object Copy (ms): Min: 137.6, Avg: 145.3, Max: 146.6, Diff: 9.0, Sum: 1162.1]
      [Termination (ms): Min: 0.0, Avg: 0.2, Max: 0.2, Diff: 0.2, Sum: 1.2]
         [Termination Attempts: Min: 1, Avg: 1093.6, Max: 1412, Diff: 1411, Sum: 8749]
      [GC Worker Other (ms): Min: 0.0, Avg: 0.0, Max: 0.1, Diff: 0.0, Sum: 0.3]
      [GC Worker Total (ms): Min: 185.3, Avg: 185.4, Max: 185.5, Diff: 0.1, Sum: 1483.1]
      [GC Worker End (ms): Min: 128291.4, Avg: 128291.5, Max: 128291.5, Diff: 0.0]
   [Code Root Fixup: 0.0 ms]
   [Code Root Purge: 0.0 ms]
   [Clear CT: 0.2 ms]
   [Other: 2.0 ms]
      [Choose CSet: 0.0 ms]
      [Ref Proc: 0.1 ms]
      [Ref Enq: 0.0 ms]
      [Redirty Cards: 1.4 ms]
      [Humongous Register: 0.0 ms]
      [Humongous Reclaim: 0.0 ms]
      [Free CSet: 0.2 ms]
   [Eden: 314.0M(314.0M)->0.0B(300.0M) Survivors: 46.0M->45.0M Heap: 1122.3M(2048.0M)->1124.3M(2048.0M)]
 [Times: user=1.44 sys=0.00, real=0.19 secs] 
2020-09-29T11:55:22.836+0200: 128.307: [GC pause (G1 Humongous Allocation) (young) (initial-mark), 0.0539638 secs]
   [Parallel Time: 53.1 ms, GC Workers: 8]
      [GC Worker Start (ms): Min: 128306.7, Avg: 128306.8, Max: 128306.8, Diff: 0.1]
      [Ext Root Scanning (ms): Min: 0.0, Avg: 0.1, Max: 0.1, Diff: 0.1, Sum: 0.5]
      [Update RS (ms): Min: 30.1, Avg: 30.4, Max: 30.9, Diff: 0.8, Sum: 243.4]
         [Processed Buffers: Min: 35, Avg: 37.4, Max: 39, Diff: 4, Sum: 299]
      [Scan RS (ms): Min: 2.4, Avg: 2.8, Max: 3.1, Diff: 0.8, Sum: 22.6]
      [Code Root Scanning (ms): Min: 0.0, Avg: 0.0, Max: 0.0, Diff: 0.0, Sum: 0.0]
      [Object Copy (ms): Min: 19.6, Avg: 19.6, Max: 19.6, Diff: 0.1, Sum: 156.8]
      [Termination (ms): Min: 0.0, Avg: 0.0, Max: 0.0, Diff: 0.0, Sum: 0.0]
         [Termination Attempts: Min: 1, Avg: 27.8, Max: 39, Diff: 38, Sum: 222]
      [GC Worker Other (ms): Min: 0.0, Avg: 0.0, Max: 0.0, Diff: 0.0, Sum: 0.1]
      [GC Worker Total (ms): Min: 52.9, Avg: 52.9, Max: 53.0, Diff: 0.1, Sum: 423.4]
      [GC Worker End (ms): Min: 128359.7, Avg: 128359.7, Max: 128359.7, Diff: 0.0]
   [Code Root Fixup: 0.0 ms]
   [Code Root Purge: 0.0 ms]
   [Clear CT: 0.2 ms]
   [Other: 0.7 ms]
      [Choose CSet: 0.0 ms]
      [Ref Proc: 0.2 ms]
      [Ref Enq: 0.0 ms]
      [Redirty Cards: 0.2 ms]
      [Humongous Register: 0.0 ms]
      [Humongous Reclaim: 0.0 ms]
      [Free CSet: 0.1 ms]
   [Eden: 1024.0K(300.0M)->0.0B(348.0M) Survivors: 45.0M->3072.0K Heap: 1125.3M(2048.0M)->1129.3M(2048.0M)]
 [Times: user=0.38 sys=0.00, real=0.05 secs] 
2020-09-29T11:55:22.890+0200: 128.361: [GC concurrent-root-region-scan-start]
2020-09-29T11:55:22.890+0200: 128.361: [GC concurrent-root-region-scan-end, 0.0002915 secs]
2020-09-29T11:55:22.890+0200: 128.361: [GC concurrent-mark-start]
2020-09-29T11:55:22.893+0200: 128.364: [GC concurrent-mark-end, 0.0026818 secs]
2020-09-29T11:55:22.893+0200: 128.364: [GC remark 2020-09-29T11:55:22.893+0200: 128.364: [Finalize Marking, 0.0001993 secs] 2020-09-29T11:55:22.893+0200: 128.364: [GC ref-proc, 0.0002705 secs] 2020-09-29T11:55:22.894+0200: 128.364: [Unloading, 0.0003480 secs], 0.0011700 secs]
 [Times: user=0.00 sys=0.00, real=0.00 secs] 
2020-09-29T11:55:22.895+0200: 128.365: [GC cleanup 1138M->23M(2048M), 0.0011210 secs]
 [Times: user=0.00 sys=0.00, real=0.00 secs] 
2020-09-29T11:55:22.896+0200: 128.366: [GC concurrent-cleanup-start]
2020-09-29T11:55:22.897+0200: 128.368: [GC concurrent-cleanup-end, 0.0014369 secs]
2020-09-29T11:55:23.072+0200: 128.543: [GC pause (G1 Evacuation Pause) (young), 0.1693551 secs]
   [Parallel Time: 168.1 ms, GC Workers: 8]
      [GC Worker Start (ms): Min: 128542.9, Avg: 128543.0, Max: 128543.0, Diff: 0.2]
      [Ext Root Scanning (ms): Min: 0.0, Avg: 0.1, Max: 0.2, Diff: 0.2, Sum: 0.5]
      [Update RS (ms): Min: 15.4, Avg: 15.6, Max: 15.9, Diff: 0.5, Sum: 124.7]
         [Processed Buffers: Min: 16, Avg: 17.3, Max: 20, Diff: 4, Sum: 138]
      [Scan RS (ms): Min: 19.0, Avg: 21.1, Max: 33.2, Diff: 14.2, Sum: 169.0]
      [Code Root Scanning (ms): Min: 0.0, Avg: 0.0, Max: 0.0, Diff: 0.0, Sum: 0.0]
      [Object Copy (ms): Min: 119.1, Avg: 131.0, Max: 132.8, Diff: 13.7, Sum: 1047.7]
      [Termination (ms): Min: 0.0, Avg: 0.0, Max: 0.0, Diff: 0.0, Sum: 0.0]
         [Termination Attempts: Min: 1, Avg: 34.1, Max: 48, Diff: 47, Sum: 273]
      [GC Worker Other (ms): Min: 0.0, Avg: 0.1, Max: 0.1, Diff: 0.1, Sum: 0.5]
      [GC Worker Total (ms): Min: 167.7, Avg: 167.8, Max: 167.9, Diff: 0.2, Sum: 1342.4]
      [GC Worker End (ms): Min: 128710.7, Avg: 128710.8, Max: 128710.8, Diff: 0.1]
   [Code Root Fixup: 0.0 ms]
   [Code Root Purge: 0.0 ms]
   [Clear CT: 0.2 ms]
   [Other: 1.1 ms]
      [Choose CSet: 0.0 ms]
      [Ref Proc: 0.2 ms]
      [Ref Enq: 0.0 ms]
      [Redirty Cards: 0.2 ms]
      [Humongous Register: 0.0 ms]
      [Humongous Reclaim: 0.0 ms]
      [Free CSet: 0.3 ms]
   [Eden: 348.0M(348.0M)->0.0B(311.0M) Survivors: 3072.0K->44.0M Heap: 422.1M(2048.0M)->420.6M(2048.0M)]
 [Times: user=1.36 sys=0.00, real=0.17 secs] 
2020-09-29T11:55:23.419+0200: 128.889: [GC pause (G1 Evacuation Pause) (young), 0.1684473 secs]
   [Parallel Time: 167.1 ms, GC Workers: 8]
      [GC Worker Start (ms): Min: 128889.2, Avg: 128889.4, Max: 128889.4, Diff: 0.2]
      [Ext Root Scanning (ms): Min: 0.0, Avg: 0.1, Max: 0.2, Diff: 0.2, Sum: 0.4]
      [Update RS (ms): Min: 13.6, Avg: 13.9, Max: 14.3, Diff: 0.7, Sum: 110.8]
         [Processed Buffers: Min: 15, Avg: 16.3, Max: 19, Diff: 4, Sum: 130]
      [Scan RS (ms): Min: 18.0, Avg: 18.5, Max: 18.7, Diff: 0.7, Sum: 148.0]
      [Code Root Scanning (ms): Min: 0.0, Avg: 0.0, Max: 0.0, Diff: 0.0, Sum: 0.0]
      [Object Copy (ms): Min: 134.3, Avg: 134.4, Max: 134.5, Diff: 0.1, Sum: 1075.2]
      [Termination (ms): Min: 0.0, Avg: 0.1, Max: 0.1, Diff: 0.1, Sum: 0.7]
         [Termination Attempts: Min: 1, Avg: 569.8, Max: 766, Diff: 765, Sum: 4558]
      [GC Worker Other (ms): Min: 0.0, Avg: 0.0, Max: 0.1, Diff: 0.0, Sum: 0.3]
      [GC Worker Total (ms): Min: 166.8, Avg: 166.9, Max: 167.0, Diff: 0.2, Sum: 1335.4]
      [GC Worker End (ms): Min: 129056.3, Avg: 129056.3, Max: 129056.3, Diff: 0.0]
   [Code Root Fixup: 0.0 ms]
   [Code Root Purge: 0.0 ms]
   [Clear CT: 0.2 ms]
   [Other: 1.1 ms]
      [Choose CSet: 0.0 ms]
      [Ref Proc: 0.2 ms]
      [Ref Enq: 0.0 ms]
      [Redirty Cards: 0.3 ms]
      [Humongous Register: 0.0 ms]
      [Humongous Reclaim: 0.0 ms]
      [Free CSet: 0.3 ms]
   [Eden: 311.0M(311.0M)->0.0B(310.0M) Survivors: 44.0M->45.0M Heap: 783.1M(2048.0M)->785.1M(2048.0M)]
 [Times: user=1.26 sys=0.05, real=0.17 secs] 
2020-09-29T11:55:23.759+0200: 129.230: [GC pause (G1 Evacuation Pause) (young), 0.1638533 secs]
   [Parallel Time: 162.5 ms, GC Workers: 8]
      [GC Worker Start (ms): Min: 129229.9, Avg: 129229.9, Max: 129230.0, Diff: 0.1]
      [Ext Root Scanning (ms): Min: 0.0, Avg: 0.1, Max: 0.2, Diff: 0.1, Sum: 0.6]
      [Update RS (ms): Min: 16.4, Avg: 16.6, Max: 16.8, Diff: 0.4, Sum: 132.9]
         [Processed Buffers: Min: 19, Avg: 20.0, Max: 21, Diff: 2, Sum: 160]
      [Scan RS (ms): Min: 16.2, Avg: 16.4, Max: 16.7, Diff: 0.5, Sum: 131.4]
      [Code Root Scanning (ms): Min: 0.0, Avg: 0.0, Max: 0.0, Diff: 0.0, Sum: 0.0]
      [Object Copy (ms): Min: 128.9, Avg: 129.1, Max: 129.2, Diff: 0.3, Sum: 1032.5]
      [Termination (ms): Min: 0.0, Avg: 0.0, Max: 0.0, Diff: 0.0, Sum: 0.0]
         [Termination Attempts: Min: 1, Avg: 41.1, Max: 57, Diff: 56, Sum: 329]
      [GC Worker Other (ms): Min: 0.0, Avg: 0.0, Max: 0.1, Diff: 0.0, Sum: 0.3]
      [GC Worker Total (ms): Min: 162.1, Avg: 162.2, Max: 162.3, Diff: 0.1, Sum: 1297.8]
      [GC Worker End (ms): Min: 129392.1, Avg: 129392.2, Max: 129392.2, Diff: 0.0]
   [Code Root Fixup: 0.0 ms]
   [Code Root Purge: 0.0 ms]
   [Clear CT: 0.4 ms]
   [Other: 1.0 ms]
      [Choose CSet: 0.0 ms]
      [Ref Proc: 0.2 ms]
      [Ref Enq: 0.0 ms]
      [Redirty Cards: 0.4 ms]
      [Humongous Register: 0.0 ms]
      [Humongous Reclaim: 0.0 ms]
      [Free CSet: 0.2 ms]
   [Eden: 310.0M(310.0M)->0.0B(317.0M) Survivors: 45.0M->45.0M Heap: 1146.6M(2048.0M)->1148.6M(2048.0M)]
 [Times: user=1.24 sys=0.02, real=0.17 secs] 
2020-09-29T11:55:23.944+0200: 129.414: [GC pause (G1 Humongous Allocation) (young) (initial-mark), 0.0570814 secs]
   [Parallel Time: 56.3 ms, GC Workers: 8]
      [GC Worker Start (ms): Min: 129414.1, Avg: 129414.1, Max: 129414.2, Diff: 0.1]
      [Ext Root Scanning (ms): Min: 0.0, Avg: 0.1, Max: 0.1, Diff: 0.1, Sum: 0.7]
      [Update RS (ms): Min: 34.4, Avg: 34.5, Max: 34.6, Diff: 0.2, Sum: 276.0]
         [Processed Buffers: Min: 38, Avg: 40.6, Max: 43, Diff: 5, Sum: 325]
      [Scan RS (ms): Min: 2.6, Avg: 2.7, Max: 2.7, Diff: 0.2, Sum: 21.2]
      [Code Root Scanning (ms): Min: 0.0, Avg: 0.0, Max: 0.0, Diff: 0.0, Sum: 0.0]
      [Object Copy (ms): Min: 18.8, Avg: 18.9, Max: 18.9, Diff: 0.1, Sum: 151.0]
      [Termination (ms): Min: 0.0, Avg: 0.0, Max: 0.0, Diff: 0.0, Sum: 0.1]
         [Termination Attempts: Min: 1, Avg: 39.8, Max: 55, Diff: 54, Sum: 318]
      [GC Worker Other (ms): Min: 0.0, Avg: 0.0, Max: 0.0, Diff: 0.0, Sum: 0.1]
      [GC Worker Total (ms): Min: 56.1, Avg: 56.1, Max: 56.2, Diff: 0.1, Sum: 449.1]
      [GC Worker End (ms): Min: 129470.3, Avg: 129470.3, Max: 129470.3, Diff: 0.0]
   [Code Root Fixup: 0.0 ms]
   [Code Root Purge: 0.0 ms]
   [Clear CT: 0.1 ms]
   [Other: 0.6 ms]
      [Choose CSet: 0.0 ms]
      [Ref Proc: 0.2 ms]
      [Ref Enq: 0.0 ms]
      [Redirty Cards: 0.1 ms]
      [Humongous Register: 0.0 ms]
      [Humongous Reclaim: 0.0 ms]
      [Free CSet: 0.1 ms]
   [Eden: 4096.0K(317.0M)->0.0B(339.0M) Survivors: 45.0M->6144.0K Heap: 1152.6M(2048.0M)->1156.6M(2048.0M)]
 [Times: user=0.38 sys=0.00, real=0.06 secs] 
2020-09-29T11:55:24.001+0200: 129.471: [GC concurrent-root-region-scan-start]
2020-09-29T11:55:24.002+0200: 129.472: [GC concurrent-root-region-scan-end, 0.0008093 secs]
2020-09-29T11:55:24.002+0200: 129.472: [GC concurrent-mark-start]
2020-09-29T11:55:24.004+0200: 129.474: [GC concurrent-mark-end, 0.0022019 secs]
2020-09-29T11:55:24.005+0200: 129.474: [GC remark 2020-09-29T11:55:24.005+0200: 129.474: [Finalize Marking, 0.0001121 secs] 2020-09-29T11:55:24.005+0200: 129.474: [GC ref-proc, 0.0002568 secs] 2020-09-29T11:55:24.005+0200: 129.475: [Unloading, 0.0004009 secs], 0.0010311 secs]
 [Times: user=0.00 sys=0.00, real=0.00 secs] 
2020-09-29T11:55:24.006+0200: 129.476: [GC cleanup 1165M->26M(2048M), 0.0010100 secs]
 [Times: user=0.00 sys=0.00, real=0.00 secs] 
2020-09-29T11:55:24.007+0200: 129.477: [GC concurrent-cleanup-start]
2020-09-29T11:55:24.008+0200: 129.478: [GC concurrent-cleanup-end, 0.0013571 secs]
2020-09-29T11:55:24.180+0200: 129.649: [GC pause (G1 Evacuation Pause) (young), 0.1621893 secs]
   [Parallel Time: 161.0 ms, GC Workers: 8]
      [GC Worker Start (ms): Min: 129649.5, Avg: 129649.6, Max: 129649.7, Diff: 0.2]
      [Ext Root Scanning (ms): Min: 0.0, Avg: 0.1, Max: 0.2, Diff: 0.2, Sum: 0.4]
      [Update RS (ms): Min: 18.2, Avg: 18.4, Max: 18.6, Diff: 0.4, Sum: 147.0]
         [Processed Buffers: Min: 17, Avg: 19.1, Max: 21, Diff: 4, Sum: 153]
      [Scan RS (ms): Min: 17.5, Avg: 17.7, Max: 18.1, Diff: 0.6, Sum: 142.0]
      [Code Root Scanning (ms): Min: 0.0, Avg: 0.0, Max: 0.0, Diff: 0.0, Sum: 0.0]
      [Object Copy (ms): Min: 124.4, Avg: 124.6, Max: 124.6, Diff: 0.2, Sum: 996.5]
      [Termination (ms): Min: 0.0, Avg: 0.0, Max: 0.0, Diff: 0.0, Sum: 0.1]
         [Termination Attempts: Min: 1, Avg: 94.3, Max: 116, Diff: 115, Sum: 754]
      [GC Worker Other (ms): Min: 0.0, Avg: 0.0, Max: 0.1, Diff: 0.1, Sum: 0.3]
      [GC Worker Total (ms): Min: 160.7, Avg: 160.8, Max: 160.9, Diff: 0.2, Sum: 1286.3]
      [GC Worker End (ms): Min: 129810.4, Avg: 129810.4, Max: 129810.5, Diff: 0.1]
   [Code Root Fixup: 0.0 ms]
   [Code Root Purge: 0.0 ms]
   [Clear CT: 0.2 ms]
   [Other: 1.0 ms]
      [Choose CSet: 0.0 ms]
      [Ref Proc: 0.2 ms]
      [Ref Enq: 0.0 ms]
      [Redirty Cards: 0.2 ms]
      [Humongous Register: 0.0 ms]
      [Humongous Reclaim: 0.0 ms]
      [Free CSet: 0.3 ms]
   [Eden: 339.0M(339.0M)->0.0B(333.0M) Survivors: 6144.0K->44.0M Heap: 414.2M(2048.0M)->410.2M(2048.0M)]
 [Times: user=1.24 sys=0.00, real=0.16 secs] 
2020-09-29T11:55:24.526+0200: 129.996: [GC pause (G1 Evacuation Pause) (young), 0.1803351 secs]
   [Parallel Time: 179.1 ms, GC Workers: 8]
      [GC Worker Start (ms): Min: 129996.0, Avg: 129996.1, Max: 129996.5, Diff: 0.6]
      [Ext Root Scanning (ms): Min: 0.0, Avg: 0.1, Max: 0.1, Diff: 0.1, Sum: 0.6]
      [Update RS (ms): Min: 21.2, Avg: 21.4, Max: 21.9, Diff: 0.7, Sum: 171.5]
         [Processed Buffers: Min: 20, Avg: 23.1, Max: 25, Diff: 5, Sum: 185]
      [Scan RS (ms): Min: 17.5, Avg: 18.0, Max: 18.3, Diff: 0.7, Sum: 144.2]
      [Code Root Scanning (ms): Min: 0.0, Avg: 0.0, Max: 0.0, Diff: 0.0, Sum: 0.0]
      [Object Copy (ms): Min: 139.2, Avg: 139.3, Max: 139.3, Diff: 0.2, Sum: 1114.2]
      [Termination (ms): Min: 0.0, Avg: 0.0, Max: 0.1, Diff: 0.1, Sum: 0.4]
         [Termination Attempts: Min: 1, Avg: 310.1, Max: 445, Diff: 444, Sum: 2481]
      [GC Worker Other (ms): Min: 0.0, Avg: 0.0, Max: 0.1, Diff: 0.1, Sum: 0.3]
      [GC Worker Total (ms): Min: 178.4, Avg: 178.9, Max: 179.0, Diff: 0.6, Sum: 1431.2]
      [GC Worker End (ms): Min: 130175.0, Avg: 130175.0, Max: 130175.0, Diff: 0.1]
   [Code Root Fixup: 0.0 ms]
   [Code Root Purge: 0.0 ms]
   [Clear CT: 0.2 ms]
   [Other: 1.0 ms]
      [Choose CSet: 0.0 ms]
      [Ref Proc: 0.2 ms]
      [Ref Enq: 0.0 ms]
      [Redirty Cards: 0.2 ms]
      [Humongous Register: 0.1 ms]
      [Humongous Reclaim: 0.0 ms]
      [Free CSet: 0.3 ms]
   [Eden: 333.0M(333.0M)->0.0B(322.0M) Survivors: 44.0M->48.0M Heap: 798.5M(2048.0M)->800.0M(2048.0M)]
 [Times: user=1.38 sys=0.00, real=0.18 secs] 
2020-09-29T11:55:24.881+0200: 130.351: [GC pause (G1 Evacuation Pause) (young), 0.1906819 secs]
   [Parallel Time: 189.6 ms, GC Workers: 8]
      [GC Worker Start (ms): Min: 130350.8, Avg: 130350.9, Max: 130351.0, Diff: 0.2]
      [Ext Root Scanning (ms): Min: 0.0, Avg: 0.1, Max: 0.2, Diff: 0.2, Sum: 0.5]
      [Update RS (ms): Min: 16.9, Avg: 17.2, Max: 17.5, Diff: 0.7, Sum: 137.5]
         [Processed Buffers: Min: 18, Avg: 18.9, Max: 20, Diff: 2, Sum: 151]
      [Scan RS (ms): Min: 19.0, Avg: 19.4, Max: 19.6, Diff: 0.6, Sum: 155.0]
      [Code Root Scanning (ms): Min: 0.0, Avg: 0.0, Max: 0.0, Diff: 0.0, Sum: 0.0]
      [Object Copy (ms): Min: 152.3, Avg: 152.5, Max: 152.8, Diff: 0.4, Sum: 1220.2]
      [Termination (ms): Min: 0.0, Avg: 0.2, Max: 0.2, Diff: 0.2, Sum: 1.3]
         [Termination Attempts: Min: 1, Avg: 1221.4, Max: 1550, Diff: 1549, Sum: 9771]
      [GC Worker Other (ms): Min: 0.0, Avg: 0.0, Max: 0.1, Diff: 0.1, Sum: 0.4]
      [GC Worker Total (ms): Min: 189.3, Avg: 189.4, Max: 189.4, Diff: 0.1, Sum: 1514.9]
      [GC Worker End (ms): Min: 130540.2, Avg: 130540.3, Max: 130540.3, Diff: 0.1]
   [Code Root Fixup: 0.0 ms]
   [Code Root Purge: 0.0 ms]
   [Clear CT: 0.2 ms]
   [Other: 0.8 ms]
      [Choose CSet: 0.0 ms]
      [Ref Proc: 0.2 ms]
      [Ref Enq: 0.0 ms]
      [Redirty Cards: 0.2 ms]
      [Humongous Register: 0.0 ms]
      [Humongous Reclaim: 0.0 ms]
      [Free CSet: 0.2 ms]
   [Eden: 322.0M(322.0M)->0.0B(305.0M) Survivors: 48.0M->47.0M Heap: 1175.4M(2048.0M)->1176.9M(2048.0M)]
 [Times: user=1.47 sys=0.00, real=0.19 secs] 
2020-09-29T11:55:25.073+0200: 130.542: [GC pause (G1 Humongous Allocation) (young) (initial-mark), 0.0729302 secs]
   [Parallel Time: 72.2 ms, GC Workers: 8]
      [GC Worker Start (ms): Min: 130542.6, Avg: 130542.6, Max: 130542.7, Diff: 0.1]
      [Ext Root Scanning (ms): Min: 0.0, Avg: 0.1, Max: 0.2, Diff: 0.2, Sum: 0.9]
      [Update RS (ms): Min: 48.5, Avg: 48.7, Max: 49.0, Diff: 0.5, Sum: 389.5]
         [Processed Buffers: Min: 60, Avg: 61.9, Max: 64, Diff: 4, Sum: 495]
      [Scan RS (ms): Min: 0.0, Avg: 0.0, Max: 0.0, Diff: 0.0, Sum: 0.0]
      [Code Root Scanning (ms): Min: 0.0, Avg: 0.0, Max: 0.0, Diff: 0.0, Sum: 0.0]
      [Object Copy (ms): Min: 22.8, Avg: 23.2, Max: 23.3, Diff: 0.5, Sum: 185.2]
      [Termination (ms): Min: 0.0, Avg: 0.1, Max: 0.1, Diff: 0.1, Sum: 0.7]
         [Termination Attempts: Min: 1, Avg: 601.1, Max: 714, Diff: 713, Sum: 4809]
      [GC Worker Other (ms): Min: 0.0, Avg: 0.0, Max: 0.0, Diff: 0.0, Sum: 0.1]
      [GC Worker Total (ms): Min: 72.0, Avg: 72.1, Max: 72.1, Diff: 0.1, Sum: 576.6]
      [GC Worker End (ms): Min: 130614.7, Avg: 130614.7, Max: 130614.7, Diff: 0.0]
   [Code Root Fixup: 0.0 ms]
   [Code Root Purge: 0.0 ms]
   [Clear CT: 0.2 ms]
   [Other: 0.6 ms]
      [Choose CSet: 0.0 ms]
      [Ref Proc: 0.1 ms]
      [Ref Enq: 0.0 ms]
      [Redirty Cards: 0.1 ms]
      [Humongous Register: 0.0 ms]
      [Humongous Reclaim: 0.0 ms]
      [Free CSet: 0.1 ms]
   [Eden: 2048.0K(305.0M)->0.0B(309.0M) Survivors: 47.0M->4096.0K Heap: 1178.9M(2048.0M)->1181.9M(2048.0M)]
 [Times: user=0.52 sys=0.00, real=0.07 secs] 
2020-09-29T11:55:25.146+0200: 130.615: [GC concurrent-root-region-scan-start]
2020-09-29T11:55:25.146+0200: 130.616: [GC concurrent-root-region-scan-end, 0.0004853 secs]
2020-09-29T11:55:25.146+0200: 130.616: [GC concurrent-mark-start]
2020-09-29T11:55:25.149+0200: 130.618: [GC concurrent-mark-end, 0.0024054 secs]
2020-09-29T11:55:25.149+0200: 130.619: [GC remark 2020-09-29T11:55:25.149+0200: 130.619: [Finalize Marking, 0.0001893 secs] 2020-09-29T11:55:25.149+0200: 130.619: [GC ref-proc, 0.0002915 secs] 2020-09-29T11:55:25.149+0200: 130.619: [Unloading, 0.0004452 secs], 0.0012062 secs]
 [Times: user=0.00 sys=0.00, real=0.00 secs] 
2020-09-29T11:55:25.150+0200: 130.620: [GC cleanup 1189M->23M(2048M), 0.0010653 secs]
 [Times: user=0.00 sys=0.00, real=0.00 secs] 
2020-09-29T11:55:25.152+0200: 130.621: [GC concurrent-cleanup-start]
2020-09-29T11:55:25.153+0200: 130.623: [GC concurrent-cleanup-end, 0.0015274 secs]
2020-09-29T11:55:25.318+0200: 130.788: [GC pause (G1 Evacuation Pause) (young), 0.1405194 secs]
   [Parallel Time: 139.4 ms, GC Workers: 8]
      [GC Worker Start (ms): Min: 130787.9, Avg: 130787.9, Max: 130788.0, Diff: 0.1]
      [Ext Root Scanning (ms): Min: 0.0, Avg: 0.1, Max: 0.1, Diff: 0.1, Sum: 0.5]
      [Update RS (ms): Min: 14.1, Avg: 14.4, Max: 14.6, Diff: 0.5, Sum: 115.3]
         [Processed Buffers: Min: 16, Avg: 16.9, Max: 18, Diff: 2, Sum: 135]
      [Scan RS (ms): Min: 12.8, Avg: 13.0, Max: 13.3, Diff: 0.5, Sum: 104.2]
      [Code Root Scanning (ms): Min: 0.0, Avg: 0.0, Max: 0.0, Diff: 0.0, Sum: 0.0]
      [Object Copy (ms): Min: 111.7, Avg: 111.7, Max: 111.7, Diff: 0.1, Sum: 893.6]
      [Termination (ms): Min: 0.0, Avg: 0.0, Max: 0.0, Diff: 0.0, Sum: 0.1]
         [Termination Attempts: Min: 1, Avg: 113.4, Max: 146, Diff: 145, Sum: 907]
      [GC Worker Other (ms): Min: 0.0, Avg: 0.0, Max: 0.1, Diff: 0.1, Sum: 0.3]
      [GC Worker Total (ms): Min: 139.2, Avg: 139.3, Max: 139.3, Diff: 0.2, Sum: 1114.0]
      [GC Worker End (ms): Min: 130927.2, Avg: 130927.2, Max: 130927.2, Diff: 0.1]
   [Code Root Fixup: 0.0 ms]
   [Code Root Purge: 0.0 ms]
   [Clear CT: 0.1 ms]
   [Other: 0.9 ms]
      [Choose CSet: 0.0 ms]
      [Ref Proc: 0.1 ms]
      [Ref Enq: 0.0 ms]
      [Redirty Cards: 0.2 ms]
      [Humongous Register: 0.0 ms]
      [Humongous Reclaim: 0.0 ms]
      [Free CSet: 0.3 ms]
   [Eden: 309.0M(309.0M)->0.0B(303.0M) Survivors: 4096.0K->40.0M Heap: 376.0M(2048.0M)->374.5M(2048.0M)]
 [Times: user=1.00 sys=0.02, real=0.14 secs] 
2020-09-29T11:55:25.618+0200: 131.088: [GC pause (G1 Evacuation Pause) (young), 0.1598676 secs]
   [Parallel Time: 158.7 ms, GC Workers: 8]
      [GC Worker Start (ms): Min: 131088.0, Avg: 131088.0, Max: 131088.1, Diff: 0.1]
      [Ext Root Scanning (ms): Min: 0.0, Avg: 0.1, Max: 0.1, Diff: 0.1, Sum: 0.5]
      [Update RS (ms): Min: 16.2, Avg: 16.4, Max: 16.8, Diff: 0.5, Sum: 131.1]
         [Processed Buffers: Min: 18, Avg: 18.9, Max: 20, Diff: 2, Sum: 151]
      [Scan RS (ms): Min: 15.3, Avg: 15.7, Max: 16.0, Diff: 0.7, Sum: 125.3]
      [Code Root Scanning (ms): Min: 0.0, Avg: 0.0, Max: 0.0, Diff: 0.0, Sum: 0.0]
      [Object Copy (ms): Min: 126.0, Avg: 126.2, Max: 126.3, Diff: 0.3, Sum: 1009.6]
      [Termination (ms): Min: 0.0, Avg: 0.0, Max: 0.1, Diff: 0.1, Sum: 0.3]
         [Termination Attempts: Min: 1, Avg: 236.4, Max: 338, Diff: 337, Sum: 1891]
      [GC Worker Other (ms): Min: 0.0, Avg: 0.1, Max: 0.1, Diff: 0.1, Sum: 0.8]
      [GC Worker Total (ms): Min: 158.3, Avg: 158.5, Max: 158.5, Diff: 0.2, Sum: 1267.7]
      [GC Worker End (ms): Min: 131246.4, Avg: 131246.5, Max: 131246.5, Diff: 0.1]
   [Code Root Fixup: 0.0 ms]
   [Code Root Purge: 0.0 ms]
   [Clear CT: 0.2 ms]
   [Other: 1.0 ms]
      [Choose CSet: 0.0 ms]
      [Ref Proc: 0.2 ms]
      [Ref Enq: 0.0 ms]
      [Redirty Cards: 0.2 ms]
      [Humongous Register: 0.0 ms]
      [Humongous Reclaim: 0.0 ms]
      [Free CSet: 0.3 ms]
   [Eden: 303.0M(303.0M)->0.0B(308.0M) Survivors: 40.0M->43.0M Heap: 729.0M(2048.0M)->731.0M(2048.0M)]
 [Times: user=1.25 sys=0.00, real=0.16 secs] 
2020-09-29T11:55:25.942+0200: 131.412: [GC pause (G1 Evacuation Pause) (young), 0.1716082 secs]
   [Parallel Time: 170.6 ms, GC Workers: 8]
      [GC Worker Start (ms): Min: 131411.9, Avg: 131412.0, Max: 131412.1, Diff: 0.2]
      [Ext Root Scanning (ms): Min: 0.0, Avg: 0.1, Max: 0.2, Diff: 0.2, Sum: 0.5]
      [Update RS (ms): Min: 21.6, Avg: 21.6, Max: 21.7, Diff: 0.1, Sum: 173.1]
         [Processed Buffers: Min: 25, Avg: 26.1, Max: 28, Diff: 3, Sum: 209]
      [Scan RS (ms): Min: 13.9, Avg: 14.0, Max: 14.2, Diff: 0.3, Sum: 112.3]
      [Code Root Scanning (ms): Min: 0.0, Avg: 0.0, Max: 0.0, Diff: 0.0, Sum: 0.0]
      [Object Copy (ms): Min: 134.4, Avg: 134.5, Max: 134.6, Diff: 0.2, Sum: 1076.2]
      [Termination (ms): Min: 0.0, Avg: 0.0, Max: 0.1, Diff: 0.1, Sum: 0.3]
         [Termination Attempts: Min: 1, Avg: 287.8, Max: 389, Diff: 388, Sum: 2302]
      [GC Worker Other (ms): Min: 0.0, Avg: 0.0, Max: 0.1, Diff: 0.0, Sum: 0.3]
      [GC Worker Total (ms): Min: 170.3, Avg: 170.4, Max: 170.5, Diff: 0.2, Sum: 1362.8]
      [GC Worker End (ms): Min: 131582.3, Avg: 131582.4, Max: 131582.4, Diff: 0.1]
   [Code Root Fixup: 0.0 ms]
   [Code Root Purge: 0.0 ms]
   [Clear CT: 0.2 ms]
   [Other: 0.8 ms]
      [Choose CSet: 0.0 ms]
      [Ref Proc: 0.2 ms]
      [Ref Enq: 0.0 ms]
      [Redirty Cards: 0.1 ms]
      [Humongous Register: 0.0 ms]
      [Humongous Reclaim: 0.0 ms]
      [Free CSet: 0.3 ms]
   [Eden: 308.0M(308.0M)->0.0B(311.0M) Survivors: 43.0M->44.0M Heap: 1090.5M(2048.0M)->1092.5M(2048.0M)]
 [Times: user=1.38 sys=0.00, real=0.17 secs] 
2020-09-29T11:55:26.127+0200: 131.596: [GC pause (G1 Humongous Allocation) (young) (initial-mark), 0.0531769 secs]
   [Parallel Time: 52.2 ms, GC Workers: 8]
      [GC Worker Start (ms): Min: 131596.5, Avg: 131596.6, Max: 131596.6, Diff: 0.1]
      [Ext Root Scanning (ms): Min: 0.0, Avg: 0.2, Max: 0.3, Diff: 0.2, Sum: 1.3]
      [Update RS (ms): Min: 29.5, Avg: 29.8, Max: 30.1, Diff: 0.6, Sum: 238.1]
         [Processed Buffers: Min: 37, Avg: 37.8, Max: 40, Diff: 3, Sum: 302]
      [Scan RS (ms): Min: 2.4, Avg: 2.7, Max: 2.9, Diff: 0.5, Sum: 21.9]
      [Code Root Scanning (ms): Min: 0.0, Avg: 0.0, Max: 0.0, Diff: 0.0, Sum: 0.0]
      [Object Copy (ms): Min: 19.3, Avg: 19.4, Max: 19.4, Diff: 0.1, Sum: 155.1]
      [Termination (ms): Min: 0.0, Avg: 0.0, Max: 0.0, Diff: 0.0, Sum: 0.0]
         [Termination Attempts: Min: 1, Avg: 5.5, Max: 8, Diff: 7, Sum: 44]
      [GC Worker Other (ms): Min: 0.0, Avg: 0.0, Max: 0.1, Diff: 0.0, Sum: 0.3]
      [GC Worker Total (ms): Min: 52.0, Avg: 52.1, Max: 52.1, Diff: 0.2, Sum: 416.7]
      [GC Worker End (ms): Min: 131648.6, Avg: 131648.6, Max: 131648.7, Diff: 0.0]
   [Code Root Fixup: 0.0 ms]
   [Code Root Purge: 0.0 ms]
   [Clear CT: 0.2 ms]
   [Other: 0.8 ms]
      [Choose CSet: 0.0 ms]
      [Ref Proc: 0.2 ms]
      [Ref Enq: 0.0 ms]
      [Redirty Cards: 0.2 ms]
      [Humongous Register: 0.0 ms]
      [Humongous Reclaim: 0.0 ms]
      [Free CSet: 0.1 ms]
   [Eden: 8192.0K(311.0M)->0.0B(363.0M) Survivors: 44.0M->9216.0K Heap: 1100.0M(2048.0M)->1103.5M(2048.0M)]
 [Times: user=0.50 sys=0.00, real=0.05 secs] 
2020-09-29T11:55:26.180+0200: 131.650: [GC concurrent-root-region-scan-start]
2020-09-29T11:55:26.183+0200: 131.652: [GC concurrent-root-region-scan-end, 0.0025246 secs]
2020-09-29T11:55:26.183+0200: 131.652: [GC concurrent-mark-start]
2020-09-29T11:55:26.186+0200: 131.656: [GC concurrent-mark-end, 0.0036696 secs]
2020-09-29T11:55:26.187+0200: 131.656: [GC remark 2020-09-29T11:55:26.187+0200: 131.656: [Finalize Marking, 0.0001465 secs] 2020-09-29T11:55:26.187+0200: 131.657: [GC ref-proc, 0.0003985 secs] 2020-09-29T11:55:26.187+0200: 131.657: [Unloading, 0.0005554 secs], 0.0014702 secs]
 [Times: user=0.00 sys=0.00, real=0.00 secs] 
2020-09-29T11:55:26.189+0200: 131.658: [GC cleanup 1116M->33M(2048M), 0.0016029 secs]
 [Times: user=0.00 sys=0.00, real=0.00 secs] 
2020-09-29T11:55:26.190+0200: 131.660: [GC concurrent-cleanup-start]
2020-09-29T11:55:26.193+0200: 131.662: [GC concurrent-cleanup-end, 0.0024071 secs]
2020-09-29T11:55:26.397+0200: 131.866: [GC pause (G1 Evacuation Pause) (young), 0.1873444 secs]
   [Parallel Time: 184.7 ms, GC Workers: 8]
      [GC Worker Start (ms): Min: 131866.5, Avg: 131866.6, Max: 131866.7, Diff: 0.2]
      [Ext Root Scanning (ms): Min: 0.0, Avg: 0.1, Max: 0.2, Diff: 0.2, Sum: 0.6]
      [Update RS (ms): Min: 17.2, Avg: 17.4, Max: 17.9, Diff: 0.7, Sum: 139.5]
         [Processed Buffers: Min: 16, Avg: 17.1, Max: 19, Diff: 3, Sum: 137]
      [Scan RS (ms): Min: 21.7, Avg: 22.3, Max: 22.6, Diff: 1.0, Sum: 178.1]
      [Code Root Scanning (ms): Min: 0.0, Avg: 0.0, Max: 0.0, Diff: 0.0, Sum: 0.0]
      [Object Copy (ms): Min: 144.1, Avg: 144.2, Max: 144.3, Diff: 0.3, Sum: 1153.9]
      [Termination (ms): Min: 0.0, Avg: 0.1, Max: 0.1, Diff: 0.1, Sum: 0.8]
         [Termination Attempts: Min: 1, Avg: 679.9, Max: 873, Diff: 872, Sum: 5439]
      [GC Worker Other (ms): Min: 0.2, Avg: 0.3, Max: 0.3, Diff: 0.1, Sum: 2.1]
      [GC Worker Total (ms): Min: 184.3, Avg: 184.4, Max: 184.4, Diff: 0.2, Sum: 1475.0]
      [GC Worker End (ms): Min: 132050.9, Avg: 132051.0, Max: 132051.0, Diff: 0.1]
   [Code Root Fixup: 0.0 ms]
   [Code Root Purge: 0.0 ms]
   [Clear CT: 0.5 ms]
   [Other: 2.2 ms]
      [Choose CSet: 0.0 ms]
      [Ref Proc: 0.2 ms]
      [Ref Enq: 0.0 ms]
      [Redirty Cards: 1.4 ms]
      [Humongous Register: 0.0 ms]
      [Humongous Reclaim: 0.0 ms]
      [Free CSet: 0.3 ms]
   [Eden: 363.0M(363.0M)->0.0B(308.0M) Survivors: 9216.0K->47.0M Heap: 445.0M(2048.0M)->438.0M(2048.0M)]
 [Times: user=1.36 sys=0.00, real=0.19 secs] 
2020-09-29T11:55:26.745+0200: 132.216: [GC pause (G1 Evacuation Pause) (young), 0.1777851 secs]
   [Parallel Time: 176.7 ms, GC Workers: 8]
      [GC Worker Start (ms): Min: 132216.1, Avg: 132216.2, Max: 132216.3, Diff: 0.2]
      [Ext Root Scanning (ms): Min: 0.0, Avg: 0.0, Max: 0.2, Diff: 0.2, Sum: 0.4]
      [Update RS (ms): Min: 16.4, Avg: 16.6, Max: 16.9, Diff: 0.5, Sum: 132.7]
         [Processed Buffers: Min: 19, Avg: 20.1, Max: 22, Diff: 3, Sum: 161]
      [Scan RS (ms): Min: 15.7, Avg: 16.0, Max: 16.2, Diff: 0.5, Sum: 127.7]
      [Code Root Scanning (ms): Min: 0.0, Avg: 0.0, Max: 0.0, Diff: 0.0, Sum: 0.0]
      [Object Copy (ms): Min: 143.6, Avg: 143.7, Max: 143.9, Diff: 0.3, Sum: 1149.8]
      [Termination (ms): Min: 0.0, Avg: 0.1, Max: 0.2, Diff: 0.2, Sum: 1.1]
         [Termination Attempts: Min: 1, Avg: 995.8, Max: 1292, Diff: 1291, Sum: 7966]
      [GC Worker Other (ms): Min: 0.0, Avg: 0.0, Max: 0.1, Diff: 0.1, Sum: 0.4]
      [GC Worker Total (ms): Min: 176.4, Avg: 176.5, Max: 176.6, Diff: 0.2, Sum: 1412.0]
      [GC Worker End (ms): Min: 132392.6, Avg: 132392.7, Max: 132392.7, Diff: 0.1]
   [Code Root Fixup: 0.0 ms]
   [Code Root Purge: 0.0 ms]
   [Clear CT: 0.2 ms]
   [Other: 0.8 ms]
      [Choose CSet: 0.0 ms]
      [Ref Proc: 0.2 ms]
      [Ref Enq: 0.0 ms]
      [Redirty Cards: 0.2 ms]
      [Humongous Register: 0.1 ms]
      [Humongous Reclaim: 0.0 ms]
      [Free CSet: 0.2 ms]
   [Eden: 308.0M(308.0M)->0.0B(306.0M) Survivors: 47.0M->45.0M Heap: 797.5M(2048.0M)->800.0M(2048.0M)]
 [Times: user=1.33 sys=0.02, real=0.18 secs] 
2020-09-29T11:55:27.086+0200: 132.557: [GC pause (G1 Evacuation Pause) (young), 0.1713171 secs]
   [Parallel Time: 170.2 ms, GC Workers: 8]
      [GC Worker Start (ms): Min: 132557.2, Avg: 132557.3, Max: 132557.4, Diff: 0.2]
      [Ext Root Scanning (ms): Min: 0.0, Avg: 0.1, Max: 0.2, Diff: 0.2, Sum: 0.4]
      [Update RS (ms): Min: 17.7, Avg: 17.9, Max: 18.3, Diff: 0.6, Sum: 143.6]
         [Processed Buffers: Min: 17, Avg: 19.1, Max: 21, Diff: 4, Sum: 153]
      [Scan RS (ms): Min: 17.8, Avg: 18.2, Max: 18.4, Diff: 0.6, Sum: 145.4]
      [Code Root Scanning (ms): Min: 0.0, Avg: 0.0, Max: 0.0, Diff: 0.0, Sum: 0.0]
      [Object Copy (ms): Min: 133.6, Avg: 133.7, Max: 133.7, Diff: 0.1, Sum: 1069.4]
      [Termination (ms): Min: 0.0, Avg: 0.1, Max: 0.1, Diff: 0.1, Sum: 0.6]
         [Termination Attempts: Min: 1, Avg: 556.6, Max: 672, Diff: 671, Sum: 4453]
      [GC Worker Other (ms): Min: 0.0, Avg: 0.0, Max: 0.1, Diff: 0.0, Sum: 0.3]
      [GC Worker Total (ms): Min: 169.9, Avg: 170.0, Max: 170.1, Diff: 0.2, Sum: 1359.7]
      [GC Worker End (ms): Min: 132727.2, Avg: 132727.3, Max: 132727.3, Diff: 0.0]
   [Code Root Fixup: 0.0 ms]
   [Code Root Purge: 0.0 ms]
   [Clear CT: 0.2 ms]
   [Other: 0.9 ms]
      [Choose CSet: 0.0 ms]
      [Ref Proc: 0.2 ms]
      [Ref Enq: 0.0 ms]
      [Redirty Cards: 0.2 ms]
      [Humongous Register: 0.0 ms]
      [Humongous Reclaim: 0.0 ms]
      [Free CSet: 0.3 ms]
   [Eden: 306.0M(306.0M)->0.0B(307.0M) Survivors: 45.0M->44.0M Heap: 1157.5M(2048.0M)->1159.5M(2048.0M)]
 [Times: user=1.36 sys=0.00, real=0.17 secs] 
2020-09-29T11:55:27.266+0200: 132.737: [GC pause (G1 Humongous Allocation) (young) (initial-mark), 0.0620528 secs]
   [Parallel Time: 61.2 ms, GC Workers: 8]
      [GC Worker Start (ms): Min: 132736.9, Avg: 132737.0, Max: 132737.1, Diff: 0.2]
      [Ext Root Scanning (ms): Min: 0.0, Avg: 0.8, Max: 5.5, Diff: 5.5, Sum: 6.6]
      [Update RS (ms): Min: 33.5, Avg: 38.1, Max: 39.1, Diff: 5.6, Sum: 304.9]
         [Processed Buffers: Min: 43, Avg: 47.8, Max: 49, Diff: 6, Sum: 382]
      [Scan RS (ms): Min: 2.3, Avg: 2.6, Max: 2.8, Diff: 0.5, Sum: 20.8]
      [Code Root Scanning (ms): Min: 0.0, Avg: 0.0, Max: 0.0, Diff: 0.0, Sum: 0.0]
      [Object Copy (ms): Min: 19.4, Avg: 19.4, Max: 19.5, Diff: 0.1, Sum: 155.6]
      [Termination (ms): Min: 0.0, Avg: 0.0, Max: 0.0, Diff: 0.0, Sum: 0.0]
         [Termination Attempts: Min: 1, Avg: 25.5, Max: 34, Diff: 33, Sum: 204]
      [GC Worker Other (ms): Min: 0.0, Avg: 0.0, Max: 0.0, Diff: 0.0, Sum: 0.1]
      [GC Worker Total (ms): Min: 60.9, Avg: 61.0, Max: 61.1, Diff: 0.2, Sum: 488.0]
      [GC Worker End (ms): Min: 132798.0, Avg: 132798.0, Max: 132798.0, Diff: 0.0]
   [Code Root Fixup: 0.0 ms]
   [Code Root Purge: 0.0 ms]
   [Clear CT: 0.2 ms]
   [Other: 0.7 ms]
      [Choose CSet: 0.0 ms]
      [Ref Proc: 0.2 ms]
      [Ref Enq: 0.0 ms]
      [Redirty Cards: 0.1 ms]
      [Humongous Register: 0.1 ms]
      [Humongous Reclaim: 0.0 ms]
      [Free CSet: 0.1 ms]
   [Eden: 8192.0K(307.0M)->0.0B(332.0M) Survivors: 44.0M->9216.0K Heap: 1167.0M(2048.0M)->1170.0M(2048.0M)]
 [Times: user=0.47 sys=0.01, real=0.06 secs] 
2020-09-29T11:55:27.328+0200: 132.799: [GC concurrent-root-region-scan-start]
2020-09-29T11:55:27.330+0200: 132.801: [GC concurrent-root-region-scan-end, 0.0019449 secs]
2020-09-29T11:55:27.330+0200: 132.801: [GC concurrent-mark-start]
2020-09-29T11:55:27.333+0200: 132.804: [GC concurrent-mark-end, 0.0028643 secs]
2020-09-29T11:55:27.334+0200: 132.804: [GC remark 2020-09-29T11:55:27.334+0200: 132.804: [Finalize Marking, 0.0002199 secs] 2020-09-29T11:55:27.334+0200: 132.804: [GC ref-proc, 0.0002827 secs] 2020-09-29T11:55:27.334+0200: 132.805: [Unloading, 0.0005494 secs], 0.0014152 secs]
 [Times: user=0.00 sys=0.00, real=0.00 secs] 
2020-09-29T11:55:27.335+0200: 132.806: [GC cleanup 1180M->31M(2048M), 0.0012987 secs]
 [Times: user=0.00 sys=0.00, real=0.00 secs] 
2020-09-29T11:55:27.337+0200: 132.807: [GC concurrent-cleanup-start]
2020-09-29T11:55:27.338+0200: 132.809: [GC concurrent-cleanup-end, 0.0016480 secs]
2020-09-29T11:55:27.503+0200: 132.973: [GC pause (G1 Evacuation Pause) (young), 0.1569589 secs]
   [Parallel Time: 155.8 ms, GC Workers: 8]
      [GC Worker Start (ms): Min: 132973.3, Avg: 132973.4, Max: 132973.5, Diff: 0.2]
      [Ext Root Scanning (ms): Min: 0.0, Avg: 0.1, Max: 0.2, Diff: 0.2, Sum: 0.4]
      [Update RS (ms): Min: 17.4, Avg: 17.6, Max: 18.0, Diff: 0.6, Sum: 140.8]
         [Processed Buffers: Min: 20, Avg: 22.1, Max: 25, Diff: 5, Sum: 177]
      [Scan RS (ms): Min: 13.4, Avg: 13.8, Max: 14.1, Diff: 0.7, Sum: 110.6]
      [Code Root Scanning (ms): Min: 0.0, Avg: 0.0, Max: 0.0, Diff: 0.0, Sum: 0.0]
      [Object Copy (ms): Min: 123.9, Avg: 124.0, Max: 124.1, Diff: 0.2, Sum: 992.1]
      [Termination (ms): Min: 0.0, Avg: 0.0, Max: 0.0, Diff: 0.0, Sum: 0.1]
         [Termination Attempts: Min: 1, Avg: 122.3, Max: 154, Diff: 153, Sum: 978]
      [GC Worker Other (ms): Min: 0.0, Avg: 0.0, Max: 0.1, Diff: 0.1, Sum: 0.3]
      [GC Worker Total (ms): Min: 155.4, Avg: 155.6, Max: 155.7, Diff: 0.2, Sum: 1244.4]
      [GC Worker End (ms): Min: 133128.9, Avg: 133129.0, Max: 133129.0, Diff: 0.1]
   [Code Root Fixup: 0.0 ms]
   [Code Root Purge: 0.0 ms]
   [Clear CT: 0.2 ms]
   [Other: 1.0 ms]
      [Choose CSet: 0.0 ms]
      [Ref Proc: 0.2 ms]
      [Ref Enq: 0.0 ms]
      [Redirty Cards: 0.2 ms]
      [Humongous Register: 0.0 ms]
      [Humongous Reclaim: 0.0 ms]
      [Free CSet: 0.3 ms]
   [Eden: 332.0M(332.0M)->0.0B(330.0M) Survivors: 9216.0K->43.0M Heap: 410.2M(2048.0M)->403.7M(2048.0M)]
 [Times: user=1.27 sys=0.00, real=0.16 secs] 
2020-09-29T11:55:27.847+0200: 133.317: [GC pause (G1 Evacuation Pause) (young), 0.1744055 secs]
   [Parallel Time: 173.2 ms, GC Workers: 8]
      [GC Worker Start (ms): Min: 133317.4, Avg: 133317.5, Max: 133317.6, Diff: 0.2]
      [Ext Root Scanning (ms): Min: 0.0, Avg: 0.1, Max: 0.2, Diff: 0.2, Sum: 0.4]
      [Update RS (ms): Min: 16.0, Avg: 16.3, Max: 16.8, Diff: 0.8, Sum: 130.0]
         [Processed Buffers: Min: 18, Avg: 19.3, Max: 21, Diff: 3, Sum: 154]
      [Scan RS (ms): Min: 17.1, Avg: 17.6, Max: 18.0, Diff: 0.9, Sum: 141.2]
      [Code Root Scanning (ms): Min: 0.0, Avg: 0.0, Max: 0.0, Diff: 0.0, Sum: 0.0]
      [Object Copy (ms): Min: 138.8, Avg: 138.9, Max: 139.0, Diff: 0.2, Sum: 1111.6]
      [Termination (ms): Min: 0.0, Avg: 0.1, Max: 0.1, Diff: 0.1, Sum: 0.7]
         [Termination Attempts: Min: 1, Avg: 634.4, Max: 778, Diff: 777, Sum: 5075]
      [GC Worker Other (ms): Min: 0.0, Avg: 0.0, Max: 0.1, Diff: 0.1, Sum: 0.3]
      [GC Worker Total (ms): Min: 172.9, Avg: 173.0, Max: 173.1, Diff: 0.2, Sum: 1384.2]
      [GC Worker End (ms): Min: 133490.5, Avg: 133490.5, Max: 133490.5, Diff: 0.1]
   [Code Root Fixup: 0.0 ms]
   [Code Root Purge: 0.0 ms]
   [Clear CT: 0.2 ms]
   [Other: 1.0 ms]
      [Choose CSet: 0.0 ms]
      [Ref Proc: 0.1 ms]
      [Ref Enq: 0.0 ms]
      [Redirty Cards: 0.3 ms]
      [Humongous Register: 0.0 ms]
      [Humongous Reclaim: 0.0 ms]
      [Free CSet: 0.4 ms]
   [Eden: 330.0M(330.0M)->0.0B(324.0M) Survivors: 43.0M->47.0M Heap: 787.1M(2048.0M)->788.6M(2048.0M)]
 [Times: user=1.47 sys=0.03, real=0.18 secs] 
2020-09-29T11:55:28.203+0200: 133.673: [GC pause (G1 Evacuation Pause) (young), 0.1729576 secs]
   [Parallel Time: 171.7 ms, GC Workers: 8]
      [GC Worker Start (ms): Min: 133673.3, Avg: 133673.4, Max: 133673.4, Diff: 0.2]
      [Ext Root Scanning (ms): Min: 0.0, Avg: 0.1, Max: 0.2, Diff: 0.2, Sum: 0.5]
      [Update RS (ms): Min: 21.2, Avg: 21.3, Max: 21.4, Diff: 0.2, Sum: 170.0]
         [Processed Buffers: Min: 24, Avg: 26.0, Max: 28, Diff: 4, Sum: 208]
      [Scan RS (ms): Min: 15.6, Avg: 15.7, Max: 15.8, Diff: 0.2, Sum: 125.6]
      [Code Root Scanning (ms): Min: 0.0, Avg: 0.0, Max: 0.0, Diff: 0.0, Sum: 0.0]
      [Object Copy (ms): Min: 134.3, Avg: 134.4, Max: 134.4, Diff: 0.1, Sum: 1074.9]
      [Termination (ms): Min: 0.0, Avg: 0.0, Max: 0.0, Diff: 0.0, Sum: 0.1]
         [Termination Attempts: Min: 1, Avg: 76.3, Max: 101, Diff: 100, Sum: 610]
      [GC Worker Other (ms): Min: 0.0, Avg: 0.1, Max: 0.1, Diff: 0.1, Sum: 0.5]
      [GC Worker Total (ms): Min: 171.3, Avg: 171.4, Max: 171.6, Diff: 0.2, Sum: 1371.6]
      [GC Worker End (ms): Min: 133844.8, Avg: 133844.8, Max: 133844.9, Diff: 0.1]
   [Code Root Fixup: 0.0 ms]
   [Code Root Purge: 0.0 ms]
   [Clear CT: 0.2 ms]
   [Other: 1.0 ms]
      [Choose CSet: 0.0 ms]
      [Ref Proc: 0.2 ms]
      [Ref Enq: 0.0 ms]
      [Redirty Cards: 0.2 ms]
      [Humongous Register: 0.0 ms]
      [Humongous Reclaim: 0.0 ms]
      [Free CSet: 0.3 ms]
   [Eden: 324.0M(324.0M)->0.0B(326.0M) Survivors: 47.0M->47.0M Heap: 1167.9M(2048.0M)->1169.9M(2048.0M)]
 [Times: user=1.31 sys=0.06, real=0.17 secs] 
2020-09-29T11:55:28.387+0200: 133.858: [GC pause (G1 Humongous Allocation) (young) (initial-mark), 0.0714253 secs]
   [Parallel Time: 70.5 ms, GC Workers: 8]
      [GC Worker Start (ms): Min: 133858.1, Avg: 133858.2, Max: 133858.3, Diff: 0.2]
      [Ext Root Scanning (ms): Min: 0.0, Avg: 0.2, Max: 0.3, Diff: 0.3, Sum: 1.5]
      [Update RS (ms): Min: 36.6, Avg: 36.8, Max: 37.4, Diff: 0.9, Sum: 294.1]
         [Processed Buffers: Min: 45, Avg: 45.8, Max: 46, Diff: 1, Sum: 366]
      [Scan RS (ms): Min: 2.3, Avg: 2.9, Max: 3.1, Diff: 0.8, Sum: 23.2]
      [Code Root Scanning (ms): Min: 0.0, Avg: 0.0, Max: 0.0, Diff: 0.0, Sum: 0.0]
      [Object Copy (ms): Min: 30.2, Avg: 30.2, Max: 30.4, Diff: 0.2, Sum: 241.8]
      [Termination (ms): Min: 0.0, Avg: 0.2, Max: 0.2, Diff: 0.2, Sum: 1.5]
         [Termination Attempts: Min: 1, Avg: 876.5, Max: 1167, Diff: 1166, Sum: 7012]
      [GC Worker Other (ms): Min: 0.0, Avg: 0.0, Max: 0.0, Diff: 0.0, Sum: 0.1]
      [GC Worker Total (ms): Min: 70.2, Avg: 70.3, Max: 70.4, Diff: 0.2, Sum: 562.1]
      [GC Worker End (ms): Min: 133928.4, Avg: 133928.4, Max: 133928.4, Diff: 0.0]
   [Code Root Fixup: 0.0 ms]
   [Code Root Purge: 0.0 ms]
   [Clear CT: 0.2 ms]
   [Other: 0.8 ms]
      [Choose CSet: 0.0 ms]
      [Ref Proc: 0.2 ms]
      [Ref Enq: 0.0 ms]
      [Redirty Cards: 0.2 ms]
      [Humongous Register: 0.1 ms]
      [Humongous Reclaim: 0.0 ms]
      [Free CSet: 0.1 ms]
   [Eden: 10.0M(326.0M)->0.0B(314.0M) Survivors: 47.0M->13.0M Heap: 1179.9M(2048.0M)->1184.9M(2048.0M)]
 [Times: user=0.61 sys=0.00, real=0.07 secs] 
2020-09-29T11:55:28.459+0200: 133.929: [GC concurrent-root-region-scan-start]
2020-09-29T11:55:28.461+0200: 133.932: [GC concurrent-root-region-scan-end, 0.0021212 secs]
2020-09-29T11:55:28.461+0200: 133.932: [GC concurrent-mark-start]
2020-09-29T11:55:28.464+0200: 133.934: [GC concurrent-mark-end, 0.0025565 secs]
2020-09-29T11:55:28.464+0200: 133.934: [GC remark 2020-09-29T11:55:28.464+0200: 133.934: [Finalize Marking, 0.0001925 secs] 2020-09-29T11:55:28.464+0200: 133.934: [GC ref-proc, 0.0002828 secs] 2020-09-29T11:55:28.464+0200: 133.935: [Unloading, 0.0004403 secs], 0.0013262 secs]
 [Times: user=0.00 sys=0.00, real=0.00 secs] 
2020-09-29T11:55:28.466+0200: 133.936: [GC cleanup 1196M->36M(2048M), 0.0016441 secs]
 [Times: user=0.00 sys=0.00, real=0.00 secs] 
2020-09-29T11:55:28.467+0200: 133.938: [GC concurrent-cleanup-start]
2020-09-29T11:55:28.469+0200: 133.940: [GC concurrent-cleanup-end, 0.0019910 secs]
2020-09-29T11:55:28.624+0200: 134.095: [GC pause (G1 Evacuation Pause) (young), 0.1471264 secs]
   [Parallel Time: 145.7 ms, GC Workers: 8]
      [GC Worker Start (ms): Min: 134094.8, Avg: 134094.9, Max: 134094.9, Diff: 0.1]
      [Ext Root Scanning (ms): Min: 0.0, Avg: 0.1, Max: 0.1, Diff: 0.1, Sum: 0.6]
      [Update RS (ms): Min: 18.0, Avg: 18.2, Max: 18.4, Diff: 0.4, Sum: 145.2]
         [Processed Buffers: Min: 21, Avg: 22.4, Max: 24, Diff: 3, Sum: 179]
      [Scan RS (ms): Min: 11.4, Avg: 11.6, Max: 11.8, Diff: 0.4, Sum: 93.1]
      [Code Root Scanning (ms): Min: 0.0, Avg: 0.0, Max: 0.0, Diff: 0.0, Sum: 0.0]
      [Object Copy (ms): Min: 115.5, Avg: 115.6, Max: 115.6, Diff: 0.1, Sum: 924.7]
      [Termination (ms): Min: 0.0, Avg: 0.0, Max: 0.0, Diff: 0.0, Sum: 0.3]
         [Termination Attempts: Min: 1, Avg: 220.1, Max: 285, Diff: 284, Sum: 1761]
      [GC Worker Other (ms): Min: 0.0, Avg: 0.0, Max: 0.1, Diff: 0.0, Sum: 0.2]
      [GC Worker Total (ms): Min: 145.4, Avg: 145.5, Max: 145.6, Diff: 0.1, Sum: 1164.1]
      [GC Worker End (ms): Min: 134240.4, Avg: 134240.4, Max: 134240.4, Diff: 0.1]
   [Code Root Fixup: 0.0 ms]
   [Code Root Purge: 0.0 ms]
   [Clear CT: 0.3 ms]
   [Other: 1.2 ms]
      [Choose CSet: 0.0 ms]
      [Ref Proc: 0.3 ms]
      [Ref Enq: 0.0 ms]
      [Redirty Cards: 0.4 ms]
      [Humongous Register: 0.0 ms]
      [Humongous Reclaim: 0.0 ms]
      [Free CSet: 0.3 ms]
   [Eden: 314.0M(314.0M)->0.0B(312.0M) Survivors: 13.0M->41.0M Heap: 391.9M(2048.0M)->381.4M(2048.0M)]
 [Times: user=1.22 sys=0.02, real=0.15 secs] 
2020-09-29T11:55:28.940+0200: 134.410: [GC pause (G1 Evacuation Pause) (young), 0.1718789 secs]
   [Parallel Time: 170.7 ms, GC Workers: 8]
      [GC Worker Start (ms): Min: 134410.5, Avg: 134410.6, Max: 134410.6, Diff: 0.2]
      [Ext Root Scanning (ms): Min: 0.0, Avg: 0.1, Max: 0.2, Diff: 0.2, Sum: 0.5]
      [Update RS (ms): Min: 18.3, Avg: 18.6, Max: 19.1, Diff: 0.8, Sum: 149.0]
         [Processed Buffers: Min: 18, Avg: 19.3, Max: 21, Diff: 3, Sum: 154]
      [Scan RS (ms): Min: 18.4, Avg: 18.9, Max: 19.2, Diff: 0.7, Sum: 151.1]
      [Code Root Scanning (ms): Min: 0.0, Avg: 0.0, Max: 0.0, Diff: 0.0, Sum: 0.0]
      [Object Copy (ms): Min: 132.8, Avg: 132.8, Max: 132.9, Diff: 0.1, Sum: 1062.7]
      [Termination (ms): Min: 0.0, Avg: 0.0, Max: 0.0, Diff: 0.0, Sum: 0.1]
         [Termination Attempts: Min: 1, Avg: 55.5, Max: 71, Diff: 70, Sum: 444]
      [GC Worker Other (ms): Min: 0.0, Avg: 0.0, Max: 0.1, Diff: 0.1, Sum: 0.4]
      [GC Worker Total (ms): Min: 170.4, Avg: 170.5, Max: 170.6, Diff: 0.2, Sum: 1363.8]
      [GC Worker End (ms): Min: 134581.0, Avg: 134581.0, Max: 134581.1, Diff: 0.1]
   [Code Root Fixup: 0.0 ms]
   [Code Root Purge: 0.0 ms]
   [Clear CT: 0.1 ms]
   [Other: 1.0 ms]
      [Choose CSet: 0.0 ms]
      [Ref Proc: 0.2 ms]
      [Ref Enq: 0.0 ms]
      [Redirty Cards: 0.2 ms]
      [Humongous Register: 0.0 ms]
      [Humongous Reclaim: 0.0 ms]
      [Free CSet: 0.3 ms]
   [Eden: 312.0M(312.0M)->0.0B(302.0M) Survivors: 41.0M->45.0M Heap: 744.9M(2048.0M)->746.4M(2048.0M)]
 [Times: user=1.38 sys=0.00, real=0.17 secs] 
2020-09-29T11:55:29.289+0200: 134.760: [GC pause (G1 Evacuation Pause) (young), 0.1709689 secs]
   [Parallel Time: 169.9 ms, GC Workers: 8]
      [GC Worker Start (ms): Min: 134759.8, Avg: 134760.0, Max: 134760.0, Diff: 0.2]
      [Ext Root Scanning (ms): Min: 0.0, Avg: 0.1, Max: 0.2, Diff: 0.2, Sum: 0.5]
      [Update RS (ms): Min: 22.0, Avg: 22.0, Max: 22.1, Diff: 0.1, Sum: 176.2]
         [Processed Buffers: Min: 17, Avg: 25.5, Max: 29, Diff: 12, Sum: 204]
      [Scan RS (ms): Min: 14.0, Avg: 14.1, Max: 14.2, Diff: 0.2, Sum: 112.7]
      [Code Root Scanning (ms): Min: 0.0, Avg: 0.0, Max: 0.0, Diff: 0.0, Sum: 0.0]
      [Object Copy (ms): Min: 133.3, Avg: 133.4, Max: 133.4, Diff: 0.1, Sum: 1067.3]
      [Termination (ms): Min: 0.0, Avg: 0.1, Max: 0.1, Diff: 0.1, Sum: 0.5]
         [Termination Attempts: Min: 1, Avg: 119.6, Max: 207, Diff: 206, Sum: 957]
      [GC Worker Other (ms): Min: 0.0, Avg: 0.0, Max: 0.0, Diff: 0.0, Sum: 0.1]
      [GC Worker Total (ms): Min: 169.6, Avg: 169.7, Max: 169.8, Diff: 0.2, Sum: 1357.4]
      [GC Worker End (ms): Min: 134929.6, Avg: 134929.6, Max: 134929.7, Diff: 0.0]
   [Code Root Fixup: 0.0 ms]
   [Code Root Purge: 0.0 ms]
   [Clear CT: 0.2 ms]
   [Other: 0.9 ms]
      [Choose CSet: 0.0 ms]
      [Ref Proc: 0.1 ms]
      [Ref Enq: 0.0 ms]
      [Redirty Cards: 0.2 ms]
      [Humongous Register: 0.0 ms]
      [Humongous Reclaim: 0.0 ms]
      [Free CSet: 0.3 ms]
   [Eden: 302.0M(302.0M)->0.0B(308.0M) Survivors: 45.0M->44.0M Heap: 1099.9M(2048.0M)->1102.4M(2048.0M)]
 [Times: user=1.38 sys=0.00, real=0.17 secs] 
2020-09-29T11:55:29.474+0200: 134.944: [GC pause (G1 Humongous Allocation) (young) (initial-mark), 0.0590016 secs]
   [Parallel Time: 58.0 ms, GC Workers: 8]
      [GC Worker Start (ms): Min: 134944.6, Avg: 134944.7, Max: 134944.7, Diff: 0.1]
      [Ext Root Scanning (ms): Min: 0.0, Avg: 0.1, Max: 0.1, Diff: 0.1, Sum: 0.6]
      [Update RS (ms): Min: 33.1, Avg: 33.3, Max: 33.9, Diff: 0.7, Sum: 266.6]
         [Processed Buffers: Min: 34, Avg: 39.6, Max: 42, Diff: 8, Sum: 317]
      [Scan RS (ms): Min: 2.1, Avg: 2.6, Max: 2.9, Diff: 0.8, Sum: 21.2]
      [Code Root Scanning (ms): Min: 0.0, Avg: 0.0, Max: 0.0, Diff: 0.0, Sum: 0.0]
      [Object Copy (ms): Min: 21.6, Avg: 21.7, Max: 21.7, Diff: 0.1, Sum: 173.4]
      [Termination (ms): Min: 0.0, Avg: 0.1, Max: 0.1, Diff: 0.1, Sum: 0.5]
         [Termination Attempts: Min: 1, Avg: 94.4, Max: 117, Diff: 116, Sum: 755]
      [GC Worker Other (ms): Min: 0.0, Avg: 0.0, Max: 0.0, Diff: 0.0, Sum: 0.1]
      [GC Worker Total (ms): Min: 57.7, Avg: 57.8, Max: 57.9, Diff: 0.1, Sum: 462.4]
      [GC Worker End (ms): Min: 135002.5, Avg: 135002.5, Max: 135002.5, Diff: 0.0]
   [Code Root Fixup: 0.0 ms]
   [Code Root Purge: 0.0 ms]
   [Clear CT: 0.2 ms]
   [Other: 0.9 ms]
      [Choose CSet: 0.0 ms]
      [Ref Proc: 0.2 ms]
      [Ref Enq: 0.0 ms]
      [Redirty Cards: 0.4 ms]
      [Humongous Register: 0.0 ms]
      [Humongous Reclaim: 0.0 ms]
      [Free CSet: 0.1 ms]
   [Eden: 11.0M(308.0M)->0.0B(349.0M) Survivors: 44.0M->13.0M Heap: 1112.9M(2048.0M)->1116.9M(2048.0M)]
 [Times: user=0.38 sys=0.00, real=0.06 secs] 
2020-09-29T11:55:29.533+0200: 135.004: [GC concurrent-root-region-scan-start]
2020-09-29T11:55:29.536+0200: 135.006: [GC concurrent-root-region-scan-end, 0.0028859 secs]
2020-09-29T11:55:29.536+0200: 135.006: [GC concurrent-mark-start]
2020-09-29T11:55:29.539+0200: 135.009: [GC concurrent-mark-end, 0.0024351 secs]
2020-09-29T11:55:29.539+0200: 135.009: [GC remark 2020-09-29T11:55:29.539+0200: 135.009: [Finalize Marking, 0.0002266 secs] 2020-09-29T11:55:29.539+0200: 135.009: [GC ref-proc, 0.0002897 secs] 2020-09-29T11:55:29.539+0200: 135.010: [Unloading, 0.0004265 secs], 0.0012331 secs]
 [Times: user=0.00 sys=0.00, real=0.00 secs] 
2020-09-29T11:55:29.540+0200: 135.011: [GC cleanup 1129M->37M(2048M), 0.0013662 secs]
 [Times: user=0.00 sys=0.00, real=0.00 secs] 
2020-09-29T11:55:29.542+0200: 135.012: [GC concurrent-cleanup-start]
2020-09-29T11:55:29.544+0200: 135.014: [GC concurrent-cleanup-end, 0.0018765 secs]
2020-09-29T11:55:29.715+0200: 135.186: [GC pause (G1 Evacuation Pause) (young), 0.1677702 secs]
   [Parallel Time: 165.4 ms, GC Workers: 8]
      [GC Worker Start (ms): Min: 135185.8, Avg: 135185.9, Max: 135185.9, Diff: 0.2]
      [Ext Root Scanning (ms): Min: 0.0, Avg: 0.1, Max: 0.2, Diff: 0.2, Sum: 0.5]
      [Update RS (ms): Min: 16.7, Avg: 16.8, Max: 16.9, Diff: 0.1, Sum: 134.3]
         [Processed Buffers: Min: 17, Avg: 18.5, Max: 21, Diff: 4, Sum: 148]
      [Scan RS (ms): Min: 18.0, Avg: 18.1, Max: 18.2, Diff: 0.2, Sum: 145.1]
      [Code Root Scanning (ms): Min: 0.0, Avg: 0.0, Max: 0.1, Diff: 0.1, Sum: 0.1]
      [Object Copy (ms): Min: 130.0, Avg: 130.1, Max: 130.2, Diff: 0.1, Sum: 1041.0]
      [Termination (ms): Min: 0.0, Avg: 0.0, Max: 0.0, Diff: 0.0, Sum: 0.1]
         [Termination Attempts: Min: 1, Avg: 117.5, Max: 152, Diff: 151, Sum: 940]
      [GC Worker Other (ms): Min: 0.0, Avg: 0.0, Max: 0.1, Diff: 0.1, Sum: 0.4]
      [GC Worker Total (ms): Min: 165.1, Avg: 165.2, Max: 165.3, Diff: 0.2, Sum: 1321.5]
      [GC Worker End (ms): Min: 135351.0, Avg: 135351.1, Max: 135351.1, Diff: 0.1]
   [Code Root Fixup: 0.0 ms]
   [Code Root Purge: 0.0 ms]
   [Clear CT: 0.2 ms]
   [Other: 2.1 ms]
      [Choose CSet: 0.0 ms]
      [Ref Proc: 0.2 ms]
      [Ref Enq: 0.0 ms]
      [Redirty Cards: 1.4 ms]
      [Humongous Register: 0.0 ms]
      [Humongous Reclaim: 0.0 ms]
      [Free CSet: 0.3 ms]
   [Eden: 349.0M(349.0M)->0.0B(322.0M) Survivors: 13.0M->46.0M Heap: 432.6M(2048.0M)->422.1M(2048.0M)]
 [Times: user=1.38 sys=0.00, real=0.17 secs] 
2020-09-29T11:55:30.054+0200: 135.524: [GC pause (G1 Evacuation Pause) (young), 0.1839060 secs]
   [Parallel Time: 182.8 ms, GC Workers: 8]
      [GC Worker Start (ms): Min: 135524.3, Avg: 135524.5, Max: 135524.5, Diff: 0.2]
      [Ext Root Scanning (ms): Min: 0.0, Avg: 0.1, Max: 0.2, Diff: 0.2, Sum: 0.5]
      [Update RS (ms): Min: 17.2, Avg: 17.4, Max: 18.1, Diff: 0.8, Sum: 139.4]
         [Processed Buffers: Min: 18, Avg: 19.5, Max: 22, Diff: 4, Sum: 156]
      [Scan RS (ms): Min: 19.0, Avg: 19.6, Max: 19.9, Diff: 0.9, Sum: 157.2]
      [Code Root Scanning (ms): Min: 0.0, Avg: 0.0, Max: 0.0, Diff: 0.0, Sum: 0.0]
      [Object Copy (ms): Min: 145.1, Avg: 145.2, Max: 145.4, Diff: 0.3, Sum: 1161.4]
      [Termination (ms): Min: 0.0, Avg: 0.2, Max: 0.2, Diff: 0.2, Sum: 1.3]
         [Termination Attempts: Min: 1, Avg: 1086.1, Max: 1330, Diff: 1329, Sum: 8689]
      [GC Worker Other (ms): Min: 0.0, Avg: 0.0, Max: 0.0, Diff: 0.0, Sum: 0.2]
      [GC Worker Total (ms): Min: 182.4, Avg: 182.5, Max: 182.6, Diff: 0.2, Sum: 1460.0]
      [GC Worker End (ms): Min: 135707.0, Avg: 135707.0, Max: 135707.0, Diff: 0.0]
   [Code Root Fixup: 0.0 ms]
   [Code Root Purge: 0.0 ms]
   [Clear CT: 0.2 ms]
   [Other: 1.0 ms]
      [Choose CSet: 0.0 ms]
      [Ref Proc: 0.2 ms]
      [Ref Enq: 0.0 ms]
      [Redirty Cards: 0.2 ms]
      [Humongous Register: 0.0 ms]
      [Humongous Reclaim: 0.0 ms]
      [Free CSet: 0.3 ms]
   [Eden: 322.0M(322.0M)->0.0B(310.0M) Survivors: 46.0M->46.0M Heap: 797.5M(2048.0M)->799.5M(2048.0M)]
 [Times: user=1.38 sys=0.00, real=0.18 secs] 
2020-09-29T11:55:30.402+0200: 135.873: [GC pause (G1 Evacuation Pause) (young), 0.1715329 secs]
   [Parallel Time: 168.3 ms, GC Workers: 8]
      [GC Worker Start (ms): Min: 135872.7, Avg: 135872.9, Max: 135872.9, Diff: 0.2]
      [Ext Root Scanning (ms): Min: 0.0, Avg: 0.1, Max: 0.2, Diff: 0.2, Sum: 0.5]
      [Update RS (ms): Min: 17.4, Avg: 17.7, Max: 17.8, Diff: 0.4, Sum: 141.2]
         [Processed Buffers: Min: 20, Avg: 21.5, Max: 24, Diff: 4, Sum: 172]
      [Scan RS (ms): Min: 15.0, Avg: 15.2, Max: 15.6, Diff: 0.6, Sum: 121.7]
      [Code Root Scanning (ms): Min: 0.0, Avg: 0.0, Max: 0.0, Diff: 0.0, Sum: 0.0]
      [Object Copy (ms): Min: 134.9, Avg: 135.1, Max: 135.2, Diff: 0.3, Sum: 1080.4]
      [Termination (ms): Min: 0.0, Avg: 0.1, Max: 0.2, Diff: 0.2, Sum: 0.8]
         [Termination Attempts: Min: 1, Avg: 689.5, Max: 981, Diff: 980, Sum: 5516]
      [GC Worker Other (ms): Min: 0.0, Avg: 0.0, Max: 0.1, Diff: 0.1, Sum: 0.3]
      [GC Worker Total (ms): Min: 168.1, Avg: 168.1, Max: 168.2, Diff: 0.2, Sum: 1345.1]
      [GC Worker End (ms): Min: 136041.0, Avg: 136041.0, Max: 136041.0, Diff: 0.1]
   [Code Root Fixup: 0.0 ms]
   [Code Root Purge: 0.0 ms]
   [Clear CT: 0.2 ms]
   [Other: 3.0 ms]
      [Choose CSet: 0.0 ms]
      [Ref Proc: 0.3 ms]
      [Ref Enq: 0.0 ms]
      [Redirty Cards: 2.2 ms]
      [Humongous Register: 0.0 ms]
      [Humongous Reclaim: 0.0 ms]
      [Free CSet: 0.3 ms]
   [Eden: 310.0M(310.0M)->0.0B(315.0M) Survivors: 46.0M->45.0M Heap: 1161.0M(2048.0M)->1164.0M(2048.0M)]
 [Times: user=1.31 sys=0.00, real=0.17 secs] 
2020-09-29T11:55:30.583+0200: 136.054: [GC pause (G1 Humongous Allocation) (young) (initial-mark), 0.0604876 secs]
   [Parallel Time: 59.8 ms, GC Workers: 8]
      [GC Worker Start (ms): Min: 136053.8, Avg: 136053.9, Max: 136053.9, Diff: 0.1]
      [Ext Root Scanning (ms): Min: 0.1, Avg: 0.1, Max: 0.1, Diff: 0.1, Sum: 0.8]
      [Update RS (ms): Min: 38.3, Avg: 38.5, Max: 38.8, Diff: 0.6, Sum: 308.3]
         [Processed Buffers: Min: 46, Avg: 47.6, Max: 50, Diff: 4, Sum: 381]
      [Scan RS (ms): Min: 2.3, Avg: 2.6, Max: 2.9, Diff: 0.5, Sum: 21.1]
      [Code Root Scanning (ms): Min: 0.0, Avg: 0.0, Max: 0.0, Diff: 0.0, Sum: 0.0]
      [Object Copy (ms): Min: 18.3, Avg: 18.3, Max: 18.4, Diff: 0.1, Sum: 146.5]
      [Termination (ms): Min: 0.0, Avg: 0.0, Max: 0.0, Diff: 0.0, Sum: 0.2]
         [Termination Attempts: Min: 1, Avg: 131.1, Max: 195, Diff: 194, Sum: 1049]
      [GC Worker Other (ms): Min: 0.0, Avg: 0.0, Max: 0.0, Diff: 0.0, Sum: 0.1]
      [GC Worker Total (ms): Min: 59.6, Avg: 59.6, Max: 59.7, Diff: 0.1, Sum: 476.9]
      [GC Worker End (ms): Min: 136113.5, Avg: 136113.5, Max: 136113.5, Diff: 0.0]
   [Code Root Fixup: 0.0 ms]
   [Code Root Purge: 0.0 ms]
   [Clear CT: 0.2 ms]
   [Other: 0.5 ms]
      [Choose CSet: 0.0 ms]
      [Ref Proc: 0.1 ms]
      [Ref Enq: 0.0 ms]
      [Redirty Cards: 0.1 ms]
      [Humongous Register: 0.0 ms]
      [Humongous Reclaim: 0.0 ms]
      [Free CSet: 0.1 ms]
   [Eden: 4096.0K(315.0M)->0.0B(331.0M) Survivors: 45.0M->6144.0K Heap: 1167.5M(2048.0M)->1172.5M(2048.0M)]
 [Times: user=0.38 sys=0.00, real=0.06 secs] 
2020-09-29T11:55:30.644+0200: 136.114: [GC concurrent-root-region-scan-start]
2020-09-29T11:55:30.645+0200: 136.115: [GC concurrent-root-region-scan-end, 0.0008542 secs]
2020-09-29T11:55:30.645+0200: 136.115: [GC concurrent-mark-start]
2020-09-29T11:55:30.647+0200: 136.118: [GC concurrent-mark-end, 0.0025627 secs]
2020-09-29T11:55:30.648+0200: 136.118: [GC remark 2020-09-29T11:55:30.648+0200: 136.118: [Finalize Marking, 0.0001821 secs] 2020-09-29T11:55:30.648+0200: 136.118: [GC ref-proc, 0.0002720 secs] 2020-09-29T11:55:30.648+0200: 136.118: [Unloading, 0.0004190 secs], 0.0011731 secs]
 [Times: user=0.00 sys=0.00, real=0.00 secs] 
2020-09-29T11:55:30.649+0200: 136.119: [GC cleanup 1182M->27M(2048M), 0.0011696 secs]
 [Times: user=0.00 sys=0.00, real=0.00 secs] 
2020-09-29T11:55:30.650+0200: 136.121: [GC concurrent-cleanup-start]
2020-09-29T11:55:30.652+0200: 136.122: [GC concurrent-cleanup-end, 0.0014855 secs]
2020-09-29T11:55:30.814+0200: 136.285: [GC pause (G1 Evacuation Pause) (young), 0.1636140 secs]
   [Parallel Time: 162.3 ms, GC Workers: 8]
      [GC Worker Start (ms): Min: 136284.7, Avg: 136284.8, Max: 136284.9, Diff: 0.2]
      [Ext Root Scanning (ms): Min: 0.0, Avg: 0.1, Max: 0.1, Diff: 0.1, Sum: 0.4]
      [Update RS (ms): Min: 23.4, Avg: 23.8, Max: 24.2, Diff: 0.8, Sum: 190.4]
         [Processed Buffers: Min: 26, Avg: 27.0, Max: 28, Diff: 2, Sum: 216]
      [Scan RS (ms): Min: 11.0, Avg: 11.4, Max: 11.7, Diff: 0.7, Sum: 90.8]
      [Code Root Scanning (ms): Min: 0.0, Avg: 0.0, Max: 0.0, Diff: 0.0, Sum: 0.0]
      [Object Copy (ms): Min: 126.7, Avg: 126.7, Max: 126.8, Diff: 0.2, Sum: 1013.8]
      [Termination (ms): Min: 0.0, Avg: 0.1, Max: 0.2, Diff: 0.2, Sum: 0.9]
         [Termination Attempts: Min: 1, Avg: 754.4, Max: 940, Diff: 939, Sum: 6035]
      [GC Worker Other (ms): Min: 0.0, Avg: 0.0, Max: 0.1, Diff: 0.1, Sum: 0.3]
      [GC Worker Total (ms): Min: 162.0, Avg: 162.1, Max: 162.2, Diff: 0.2, Sum: 1296.8]
      [GC Worker End (ms): Min: 136446.9, Avg: 136446.9, Max: 136446.9, Diff: 0.1]
   [Code Root Fixup: 0.0 ms]
   [Code Root Purge: 0.0 ms]
   [Clear CT: 0.2 ms]
   [Other: 1.2 ms]
      [Choose CSet: 0.0 ms]
      [Ref Proc: 0.2 ms]
      [Ref Enq: 0.0 ms]
      [Redirty Cards: 0.4 ms]
      [Humongous Register: 0.0 ms]
      [Humongous Reclaim: 0.0 ms]
      [Free CSet: 0.3 ms]
   [Eden: 331.0M(331.0M)->0.0B(334.0M) Survivors: 6144.0K->43.0M Heap: 404.3M(2048.0M)->399.8M(2048.0M)]
 [Times: user=1.36 sys=0.00, real=0.16 secs] 
2020-09-29T11:55:31.154+0200: 136.625: [GC pause (G1 Evacuation Pause) (young), 0.1785161 secs]
   [Parallel Time: 177.3 ms, GC Workers: 8]
      [GC Worker Start (ms): Min: 136624.7, Avg: 136624.8, Max: 136624.9, Diff: 0.2]
      [Ext Root Scanning (ms): Min: 0.0, Avg: 0.1, Max: 0.1, Diff: 0.1, Sum: 0.5]
      [Update RS (ms): Min: 16.9, Avg: 17.0, Max: 17.1, Diff: 0.2, Sum: 135.9]
         [Processed Buffers: Min: 20, Avg: 21.3, Max: 24, Diff: 4, Sum: 170]
      [Scan RS (ms): Min: 18.0, Avg: 18.1, Max: 18.3, Diff: 0.3, Sum: 144.8]
      [Code Root Scanning (ms): Min: 0.0, Avg: 0.0, Max: 0.0, Diff: 0.0, Sum: 0.0]
      [Object Copy (ms): Min: 141.7, Avg: 141.8, Max: 141.9, Diff: 0.3, Sum: 1134.7]
      [Termination (ms): Min: 0.0, Avg: 0.1, Max: 0.1, Diff: 0.1, Sum: 0.6]
         [Termination Attempts: Min: 1, Avg: 597.3, Max: 739, Diff: 738, Sum: 4778]
      [GC Worker Other (ms): Min: 0.0, Avg: 0.0, Max: 0.1, Diff: 0.1, Sum: 0.3]
      [GC Worker Total (ms): Min: 177.0, Avg: 177.1, Max: 177.2, Diff: 0.1, Sum: 1416.8]
      [GC Worker End (ms): Min: 136801.9, Avg: 136801.9, Max: 136801.9, Diff: 0.1]
   [Code Root Fixup: 0.0 ms]
   [Code Root Purge: 0.0 ms]
   [Clear CT: 0.2 ms]
   [Other: 1.0 ms]
      [Choose CSet: 0.0 ms]
      [Ref Proc: 0.2 ms]
      [Ref Enq: 0.0 ms]
      [Redirty Cards: 0.2 ms]
      [Humongous Register: 0.0 ms]
      [Humongous Reclaim: 0.0 ms]
      [Free CSet: 0.3 ms]
   [Eden: 334.0M(334.0M)->0.0B(323.0M) Survivors: 43.0M->48.0M Heap: 791.0M(2048.0M)->793.5M(2048.0M)]
 [Times: user=1.45 sys=0.01, real=0.18 secs] 
2020-09-29T11:55:31.510+0200: 136.981: [GC pause (G1 Evacuation Pause) (young), 0.1758968 secs]
   [Parallel Time: 173.4 ms, GC Workers: 8]
      [GC Worker Start (ms): Min: 136981.0, Avg: 136981.1, Max: 136981.2, Diff: 0.1]
      [Ext Root Scanning (ms): Min: 0.0, Avg: 0.1, Max: 0.1, Diff: 0.1, Sum: 0.5]
      [Update RS (ms): Min: 16.9, Avg: 17.0, Max: 17.1, Diff: 0.2, Sum: 136.0]
         [Processed Buffers: Min: 19, Avg: 21.0, Max: 23, Diff: 4, Sum: 168]
      [Scan RS (ms): Min: 18.3, Avg: 18.5, Max: 18.7, Diff: 0.4, Sum: 148.3]
      [Code Root Scanning (ms): Min: 0.0, Avg: 0.0, Max: 0.0, Diff: 0.0, Sum: 0.0]
      [Object Copy (ms): Min: 137.4, Avg: 137.5, Max: 137.7, Diff: 0.3, Sum: 1099.9]
      [Termination (ms): Min: 0.0, Avg: 0.1, Max: 0.1, Diff: 0.1, Sum: 0.5]
         [Termination Attempts: Min: 1, Avg: 463.4, Max: 660, Diff: 659, Sum: 3707]
      [GC Worker Other (ms): Min: 0.0, Avg: 0.0, Max: 0.1, Diff: 0.1, Sum: 0.3]
      [GC Worker Total (ms): Min: 173.2, Avg: 173.2, Max: 173.3, Diff: 0.1, Sum: 1385.6]
      [GC Worker End (ms): Min: 137154.3, Avg: 137154.3, Max: 137154.3, Diff: 0.1]
   [Code Root Fixup: 0.0 ms]
   [Code Root Purge: 0.0 ms]
   [Clear CT: 0.3 ms]
   [Other: 2.2 ms]
      [Choose CSet: 0.0 ms]
      [Ref Proc: 0.2 ms]
      [Ref Enq: 0.0 ms]
      [Redirty Cards: 1.2 ms]
      [Humongous Register: 0.1 ms]
      [Humongous Reclaim: 0.0 ms]
      [Free CSet: 0.6 ms]
   [Eden: 323.0M(323.0M)->0.0B(321.0M) Survivors: 48.0M->47.0M Heap: 1169.9M(2048.0M)->1171.9M(2048.0M)]
 [Times: user=1.38 sys=0.00, real=0.18 secs] 
2020-09-29T11:55:31.702+0200: 137.173: [GC pause (G1 Humongous Allocation) (young) (initial-mark), 0.0601423 secs]
   [Parallel Time: 58.8 ms, GC Workers: 8]
      [GC Worker Start (ms): Min: 137173.1, Avg: 137173.2, Max: 137173.2, Diff: 0.1]
      [Ext Root Scanning (ms): Min: 0.1, Avg: 0.2, Max: 0.5, Diff: 0.4, Sum: 1.4]
      [Update RS (ms): Min: 32.0, Avg: 32.5, Max: 32.9, Diff: 0.9, Sum: 260.3]
         [Processed Buffers: Min: 37, Avg: 39.4, Max: 42, Diff: 5, Sum: 315]
      [Scan RS (ms): Min: 2.6, Avg: 2.9, Max: 3.1, Diff: 0.6, Sum: 23.2]
      [Code Root Scanning (ms): Min: 0.0, Avg: 0.0, Max: 0.0, Diff: 0.0, Sum: 0.0]
      [Object Copy (ms): Min: 22.9, Avg: 23.0, Max: 23.0, Diff: 0.1, Sum: 183.8]
      [Termination (ms): Min: 0.0, Avg: 0.1, Max: 0.1, Diff: 0.1, Sum: 0.4]
         [Termination Attempts: Min: 1, Avg: 356.6, Max: 501, Diff: 500, Sum: 2853]
      [GC Worker Other (ms): Min: 0.0, Avg: 0.0, Max: 0.0, Diff: 0.0, Sum: 0.2]
      [GC Worker Total (ms): Min: 58.6, Avg: 58.7, Max: 58.7, Diff: 0.1, Sum: 469.3]
      [GC Worker End (ms): Min: 137231.8, Avg: 137231.8, Max: 137231.9, Diff: 0.0]
   [Code Root Fixup: 0.0 ms]
   [Code Root Purge: 0.0 ms]
   [Clear CT: 0.1 ms]
   [Other: 1.2 ms]
      [Choose CSet: 0.0 ms]
      [Ref Proc: 0.2 ms]
      [Ref Enq: 0.0 ms]
      [Redirty Cards: 0.7 ms]
      [Humongous Register: 0.0 ms]
      [Humongous Reclaim: 0.0 ms]
      [Free CSet: 0.1 ms]
   [Eden: 8192.0K(321.0M)->0.0B(325.0M) Survivors: 47.0M->10.0M Heap: 1179.9M(2048.0M)->1183.9M(2048.0M)]
 [Times: user=0.50 sys=0.00, real=0.06 secs] 
2020-09-29T11:55:31.763+0200: 137.233: [GC concurrent-root-region-scan-start]
2020-09-29T11:55:31.764+0200: 137.235: [GC concurrent-root-region-scan-end, 0.0016211 secs]
2020-09-29T11:55:31.764+0200: 137.235: [GC concurrent-mark-start]
2020-09-29T11:55:31.767+0200: 137.237: [GC concurrent-mark-end, 0.0022442 secs]
2020-09-29T11:55:31.767+0200: 137.237: [GC remark 2020-09-29T11:55:31.767+0200: 137.237: [Finalize Marking, 0.0001714 secs] 2020-09-29T11:55:31.767+0200: 137.238: [GC ref-proc, 0.0002554 secs] 2020-09-29T11:55:31.767+0200: 137.238: [Unloading, 0.0004020 secs], 0.0010925 secs]
 [Times: user=0.00 sys=0.00, real=0.00 secs] 
2020-09-29T11:55:31.768+0200: 137.239: [GC cleanup 1194M->32M(2048M), 0.0010234 secs]
 [Times: user=0.00 sys=0.00, real=0.00 secs] 
2020-09-29T11:55:31.769+0200: 137.240: [GC concurrent-cleanup-start]
2020-09-29T11:55:31.771+0200: 137.241: [GC concurrent-cleanup-end, 0.0014074 secs]
2020-09-29T11:55:31.927+0200: 137.397: [GC pause (G1 Evacuation Pause) (young), 0.1681680 secs]
   [Parallel Time: 167.0 ms, GC Workers: 8]
      [GC Worker Start (ms): Min: 137397.6, Avg: 137397.6, Max: 137397.7, Diff: 0.2]
      [Ext Root Scanning (ms): Min: 0.0, Avg: 0.1, Max: 0.1, Diff: 0.1, Sum: 0.7]
      [Update RS (ms): Min: 22.5, Avg: 22.6, Max: 22.7, Diff: 0.2, Sum: 180.8]
         [Processed Buffers: Min: 23, Avg: 24.5, Max: 27, Diff: 4, Sum: 196]
      [Scan RS (ms): Min: 13.0, Avg: 13.1, Max: 13.2, Diff: 0.2, Sum: 104.9]
      [Code Root Scanning (ms): Min: 0.0, Avg: 0.0, Max: 0.0, Diff: 0.0, Sum: 0.0]
      [Object Copy (ms): Min: 130.8, Avg: 130.9, Max: 130.9, Diff: 0.1, Sum: 1047.1]
      [Termination (ms): Min: 0.0, Avg: 0.0, Max: 0.1, Diff: 0.1, Sum: 0.3]
         [Termination Attempts: Min: 1, Avg: 306.9, Max: 377, Diff: 376, Sum: 2455]
      [GC Worker Other (ms): Min: 0.0, Avg: 0.0, Max: 0.1, Diff: 0.0, Sum: 0.3]
      [GC Worker Total (ms): Min: 166.7, Avg: 166.8, Max: 166.8, Diff: 0.1, Sum: 1334.1]
      [GC Worker End (ms): Min: 137564.4, Avg: 137564.4, Max: 137564.4, Diff: 0.0]
   [Code Root Fixup: 0.0 ms]
   [Code Root Purge: 0.0 ms]
   [Clear CT: 0.3 ms]
   [Other: 0.9 ms]
      [Choose CSet: 0.0 ms]
      [Ref Proc: 0.1 ms]
      [Ref Enq: 0.0 ms]
      [Redirty Cards: 0.2 ms]
      [Humongous Register: 0.0 ms]
      [Humongous Reclaim: 0.0 ms]
      [Free CSet: 0.3 ms]
   [Eden: 325.0M(325.0M)->0.0B(328.0M) Survivors: 10.0M->42.0M Heap: 401.8M(2048.0M)->393.8M(2048.0M)]
 [Times: user=1.22 sys=0.00, real=0.17 secs] 
2020-09-29T11:55:32.301+0200: 137.772: [GC pause (G1 Evacuation Pause) (young), 0.1976903 secs]
   [Parallel Time: 196.5 ms, GC Workers: 8]
      [GC Worker Start (ms): Min: 137771.8, Avg: 137772.0, Max: 137772.1, Diff: 0.3]
      [Ext Root Scanning (ms): Min: 0.0, Avg: 0.1, Max: 0.2, Diff: 0.2, Sum: 0.8]
      [Update RS (ms): Min: 21.8, Avg: 21.9, Max: 22.0, Diff: 0.2, Sum: 175.1]
         [Processed Buffers: Min: 14, Avg: 22.0, Max: 27, Diff: 13, Sum: 176]
      [Scan RS (ms): Min: 20.4, Avg: 20.6, Max: 21.2, Diff: 0.8, Sum: 164.7]
      [Code Root Scanning (ms): Min: 0.0, Avg: 0.0, Max: 0.0, Diff: 0.0, Sum: 0.0]
      [Object Copy (ms): Min: 152.9, Avg: 153.6, Max: 153.8, Diff: 0.9, Sum: 1229.2]
      [Termination (ms): Min: 0.0, Avg: 0.0, Max: 0.0, Diff: 0.0, Sum: 0.1]
         [Termination Attempts: Min: 1, Avg: 48.0, Max: 73, Diff: 72, Sum: 384]
      [GC Worker Other (ms): Min: 0.0, Avg: 0.1, Max: 0.1, Diff: 0.0, Sum: 0.4]
      [GC Worker Total (ms): Min: 196.2, Avg: 196.3, Max: 196.4, Diff: 0.2, Sum: 1570.3]
      [GC Worker End (ms): Min: 137968.3, Avg: 137968.3, Max: 137968.3, Diff: 0.0]
   [Code Root Fixup: 0.0 ms]
   [Code Root Purge: 0.0 ms]
   [Clear CT: 0.2 ms]
   [Other: 1.0 ms]
      [Choose CSet: 0.0 ms]
      [Ref Proc: 0.2 ms]
      [Ref Enq: 0.0 ms]
      [Redirty Cards: 0.2 ms]
      [Humongous Register: 0.1 ms]
      [Humongous Reclaim: 0.0 ms]
      [Free CSet: 0.3 ms]
   [Eden: 328.0M(328.0M)->0.0B(297.0M) Survivors: 42.0M->47.0M Heap: 777.1M(2048.0M)->778.1M(2048.0M)]
 [Times: user=1.41 sys=0.00, real=0.20 secs] 
2020-09-29T11:55:32.688+0200: 138.158: [GC pause (G1 Evacuation Pause) (young), 0.1738279 secs]
   [Parallel Time: 172.6 ms, GC Workers: 8]
      [GC Worker Start (ms): Min: 138158.1, Avg: 138158.2, Max: 138158.3, Diff: 0.2]
      [Ext Root Scanning (ms): Min: 0.0, Avg: 0.1, Max: 0.2, Diff: 0.2, Sum: 0.5]
      [Update RS (ms): Min: 18.4, Avg: 18.5, Max: 18.8, Diff: 0.4, Sum: 148.1]
         [Processed Buffers: Min: 18, Avg: 19.5, Max: 23, Diff: 5, Sum: 156]
      [Scan RS (ms): Min: 17.1, Avg: 17.5, Max: 17.6, Diff: 0.5, Sum: 139.8]
      [Code Root Scanning (ms): Min: 0.0, Avg: 0.0, Max: 0.0, Diff: 0.0, Sum: 0.0]
      [Object Copy (ms): Min: 136.1, Avg: 136.1, Max: 136.2, Diff: 0.1, Sum: 1089.1]
      [Termination (ms): Min: 0.0, Avg: 0.1, Max: 0.1, Diff: 0.1, Sum: 0.6]
         [Termination Attempts: Min: 1, Avg: 617.3, Max: 740, Diff: 739, Sum: 4938]
      [GC Worker Other (ms): Min: 0.0, Avg: 0.0, Max: 0.1, Diff: 0.1, Sum: 0.4]
      [GC Worker Total (ms): Min: 172.3, Avg: 172.3, Max: 172.5, Diff: 0.2, Sum: 1378.6]
      [GC Worker End (ms): Min: 138330.5, Avg: 138330.5, Max: 138330.5, Diff: 0.1]
   [Code Root Fixup: 0.0 ms]
   [Code Root Purge: 0.0 ms]
   [Clear CT: 0.2 ms]
   [Other: 1.1 ms]
      [Choose CSet: 0.0 ms]
      [Ref Proc: 0.2 ms]
      [Ref Enq: 0.0 ms]
      [Redirty Cards: 0.2 ms]
      [Humongous Register: 0.0 ms]
      [Humongous Reclaim: 0.0 ms]
      [Free CSet: 0.3 ms]
   [Eden: 297.0M(297.0M)->0.0B(300.0M) Survivors: 47.0M->43.0M Heap: 1124.7M(2048.0M)->1126.7M(2048.0M)]
 [Times: user=1.31 sys=0.00, real=0.17 secs] 
2020-09-29T11:55:32.879+0200: 138.349: [GC pause (G1 Humongous Allocation) (young) (initial-mark), 0.0698884 secs]
   [Parallel Time: 68.6 ms, GC Workers: 8]
      [GC Worker Start (ms): Min: 138349.2, Avg: 138349.3, Max: 138349.5, Diff: 0.2]
      [Ext Root Scanning (ms): Min: 0.0, Avg: 3.2, Max: 24.2, Diff: 24.2, Sum: 25.8]
      [Update RS (ms): Min: 6.5, Avg: 28.1, Max: 32.7, Diff: 26.2, Sum: 224.4]
         [Processed Buffers: Min: 11, Avg: 33.4, Max: 42, Diff: 31, Sum: 267]
      [Scan RS (ms): Min: 1.4, Avg: 3.2, Max: 4.6, Diff: 3.2, Sum: 25.5]
      [Code Root Scanning (ms): Min: 0.0, Avg: 0.0, Max: 0.0, Diff: 0.0, Sum: 0.0]
      [Object Copy (ms): Min: 32.7, Avg: 33.8, Max: 34.1, Diff: 1.4, Sum: 270.5]
      [Termination (ms): Min: 0.0, Avg: 0.1, Max: 0.1, Diff: 0.1, Sum: 0.8]
         [Termination Attempts: Min: 1, Avg: 791.9, Max: 1020, Diff: 1019, Sum: 6335]
      [GC Worker Other (ms): Min: 0.0, Avg: 0.0, Max: 0.1, Diff: 0.0, Sum: 0.3]
      [GC Worker Total (ms): Min: 68.3, Avg: 68.4, Max: 68.5, Diff: 0.3, Sum: 547.4]
      [GC Worker End (ms): Min: 138417.7, Avg: 138417.7, Max: 138417.7, Diff: 0.0]
   [Code Root Fixup: 0.0 ms]
   [Code Root Purge: 0.0 ms]
   [Clear CT: 0.2 ms]
   [Other: 1.1 ms]
      [Choose CSet: 0.0 ms]
      [Ref Proc: 0.2 ms]
      [Ref Enq: 0.0 ms]
      [Redirty Cards: 0.2 ms]
      [Humongous Register: 0.1 ms]
      [Humongous Reclaim: 0.0 ms]
      [Free CSet: 0.1 ms]
   [Eden: 12.0M(300.0M)->0.0B(272.0M) Survivors: 43.0M->13.0M Heap: 1138.2M(2048.0M)->1141.2M(2048.0M)]
 [Times: user=0.56 sys=0.00, real=0.07 secs] 
2020-09-29T11:55:32.949+0200: 138.419: [GC concurrent-root-region-scan-start]
2020-09-29T11:55:32.951+0200: 138.422: [GC concurrent-root-region-scan-end, 0.0027994 secs]
2020-09-29T11:55:32.951+0200: 138.422: [GC concurrent-mark-start]
2020-09-29T11:55:32.955+0200: 138.425: [GC concurrent-mark-end, 0.0038470 secs]
2020-09-29T11:55:32.956+0200: 138.426: [GC remark 2020-09-29T11:55:32.956+0200: 138.426: [Finalize Marking, 0.0004051 secs] 2020-09-29T11:55:32.956+0200: 138.426: [GC ref-proc, 0.0004506 secs] 2020-09-29T11:55:32.957+0200: 138.427: [Unloading, 0.0006588 secs], 0.0019433 secs]
 [Times: user=0.11 sys=0.00, real=0.00 secs] 
2020-09-29T11:55:32.958+0200: 138.428: [GC cleanup 1158M->41M(2048M), 0.0015637 secs]
 [Times: user=0.00 sys=0.00, real=0.00 secs] 
2020-09-29T11:55:32.960+0200: 138.430: [GC concurrent-cleanup-start]
2020-09-29T11:55:32.962+0200: 138.432: [GC concurrent-cleanup-end, 0.0023730 secs]
2020-09-29T11:55:33.123+0200: 138.593: [GC pause (G1 Evacuation Pause) (young), 0.1748676 secs]
   [Parallel Time: 173.7 ms, GC Workers: 8]
      [GC Worker Start (ms): Min: 138593.3, Avg: 138593.4, Max: 138593.5, Diff: 0.2]
      [Ext Root Scanning (ms): Min: 0.0, Avg: 0.1, Max: 0.2, Diff: 0.2, Sum: 0.6]
      [Update RS (ms): Min: 17.4, Avg: 17.6, Max: 17.9, Diff: 0.4, Sum: 140.5]
         [Processed Buffers: Min: 11, Avg: 16.0, Max: 18, Diff: 7, Sum: 128]
      [Scan RS (ms): Min: 12.4, Avg: 12.7, Max: 12.8, Diff: 0.4, Sum: 101.4]
      [Code Root Scanning (ms): Min: 0.0, Avg: 0.0, Max: 0.0, Diff: 0.0, Sum: 0.0]
      [Object Copy (ms): Min: 142.7, Avg: 142.8, Max: 143.0, Diff: 0.3, Sum: 1142.4]
      [Termination (ms): Min: 0.1, Avg: 0.3, Max: 0.3, Diff: 0.3, Sum: 2.1]
         [Termination Attempts: Min: 1, Avg: 1581.1, Max: 1881, Diff: 1880, Sum: 12649]
      [GC Worker Other (ms): Min: 0.0, Avg: 0.0, Max: 0.0, Diff: 0.0, Sum: 0.1]
      [GC Worker Total (ms): Min: 173.3, Avg: 173.4, Max: 173.5, Diff: 0.2, Sum: 1387.1]
      [GC Worker End (ms): Min: 138766.8, Avg: 138766.8, Max: 138766.8, Diff: 0.0]
   [Code Root Fixup: 0.0 ms]
   [Code Root Purge: 0.0 ms]
   [Clear CT: 0.2 ms]
   [Other: 1.0 ms]
      [Choose CSet: 0.0 ms]
      [Ref Proc: 0.2 ms]
      [Ref Enq: 0.0 ms]
      [Redirty Cards: 0.2 ms]
      [Humongous Register: 0.0 ms]
      [Humongous Reclaim: 0.0 ms]
      [Free CSet: 0.3 ms]
   [Eden: 272.0M(272.0M)->0.0B(248.0M) Survivors: 13.0M->36.0M Heap: 342.3M(2048.0M)->331.8M(2048.0M)]
 [Times: user=1.25 sys=0.02, real=0.18 secs] 
2020-09-29T11:55:33.512+0200: 138.982: [GC pause (G1 Evacuation Pause) (young), 0.2732065 secs]
   [Parallel Time: 270.7 ms, GC Workers: 8]
      [GC Worker Start (ms): Min: 138982.6, Avg: 138986.0, Max: 139009.3, Diff: 26.8]
      [Ext Root Scanning (ms): Min: 0.0, Avg: 0.1, Max: 0.2, Diff: 0.2, Sum: 0.8]
      [Update RS (ms): Min: 7.2, Avg: 31.2, Max: 38.8, Diff: 31.6, Sum: 249.5]
         [Processed Buffers: Min: 5, Avg: 20.1, Max: 26, Diff: 21, Sum: 161]
      [Scan RS (ms): Min: 15.7, Avg: 20.2, Max: 22.1, Diff: 6.3, Sum: 161.8]
      [Code Root Scanning (ms): Min: 0.0, Avg: 0.0, Max: 0.0, Diff: 0.0, Sum: 0.0]
      [Object Copy (ms): Min: 213.6, Avg: 215.4, Max: 215.8, Diff: 2.2, Sum: 1723.3]
      [Termination (ms): Min: 0.0, Avg: 0.0, Max: 0.0, Diff: 0.0, Sum: 0.1]
         [Termination Attempts: Min: 1, Avg: 45.9, Max: 57, Diff: 56, Sum: 367]
      [GC Worker Other (ms): Min: 0.0, Avg: 0.1, Max: 0.1, Diff: 0.1, Sum: 0.5]
      [GC Worker Total (ms): Min: 243.7, Avg: 267.0, Max: 270.5, Diff: 26.8, Sum: 2136.0]
      [GC Worker End (ms): Min: 139253.0, Avg: 139253.0, Max: 139253.1, Diff: 0.1]
   [Code Root Fixup: 0.0 ms]
   [Code Root Purge: 0.0 ms]
   [Clear CT: 1.4 ms]
   [Other: 1.1 ms]
      [Choose CSet: 0.0 ms]
      [Ref Proc: 0.3 ms]
      [Ref Enq: 0.0 ms]
      [Redirty Cards: 0.2 ms]
      [Humongous Register: 0.0 ms]
      [Humongous Reclaim: 0.0 ms]
      [Free CSet: 0.3 ms]
   [Eden: 248.0M(248.0M)->0.0B(172.0M) Survivors: 36.0M->36.0M Heap: 621.7M(2048.0M)->623.2M(2048.0M)]
 [Times: user=2.00 sys=0.00, real=0.27 secs] 
2020-09-29T11:55:33.937+0200: 139.407: [GC pause (G1 Evacuation Pause) (young), 0.1877143 secs]
   [Parallel Time: 186.1 ms, GC Workers: 8]
      [GC Worker Start (ms): Min: 139407.2, Avg: 139407.2, Max: 139407.4, Diff: 0.2]
      [Ext Root Scanning (ms): Min: 0.0, Avg: 0.1, Max: 0.2, Diff: 0.2, Sum: 0.9]
      [Update RS (ms): Min: 30.1, Avg: 30.4, Max: 30.9, Diff: 0.7, Sum: 242.9]
         [Processed Buffers: Min: 10, Avg: 20.4, Max: 24, Diff: 14, Sum: 163]
      [Scan RS (ms): Min: 9.2, Avg: 9.8, Max: 10.1, Diff: 0.8, Sum: 78.4]
      [Code Root Scanning (ms): Min: 0.0, Avg: 0.0, Max: 0.0, Diff: 0.0, Sum: 0.0]
      [Object Copy (ms): Min: 145.5, Avg: 145.5, Max: 145.6, Diff: 0.2, Sum: 1164.3]
      [Termination (ms): Min: 0.0, Avg: 0.0, Max: 0.1, Diff: 0.1, Sum: 0.4]
         [Termination Attempts: Min: 1, Avg: 214.4, Max: 269, Diff: 268, Sum: 1715]
      [GC Worker Other (ms): Min: 0.0, Avg: 0.0, Max: 0.1, Diff: 0.1, Sum: 0.3]
      [GC Worker Total (ms): Min: 185.8, Avg: 185.9, Max: 186.0, Diff: 0.3, Sum: 1487.2]
      [GC Worker End (ms): Min: 139593.1, Avg: 139593.1, Max: 139593.2, Diff: 0.1]
   [Code Root Fixup: 0.0 ms]
   [Code Root Purge: 0.0 ms]
   [Clear CT: 0.3 ms]
   [Other: 1.3 ms]
      [Choose CSet: 0.0 ms]
      [Ref Proc: 0.3 ms]
      [Ref Enq: 0.0 ms]
      [Redirty Cards: 0.4 ms]
      [Humongous Register: 0.1 ms]
      [Humongous Reclaim: 0.0 ms]
      [Free CSet: 0.3 ms]
   [Eden: 172.0M(172.0M)->0.0B(171.0M) Survivors: 36.0M->26.0M Heap: 823.8M(2048.0M)->826.3M(2048.0M)]
 [Times: user=1.47 sys=0.01, real=0.19 secs] 
2020-09-29T11:55:34.273+0200: 139.743: [GC pause (G1 Evacuation Pause) (young), 0.1769531 secs]
   [Parallel Time: 175.5 ms, GC Workers: 8]
      [GC Worker Start (ms): Min: 139743.5, Avg: 139743.8, Max: 139745.4, Diff: 1.9]
      [Ext Root Scanning (ms): Min: 0.0, Avg: 0.1, Max: 0.2, Diff: 0.2, Sum: 1.0]
      [Update RS (ms): Min: 25.0, Avg: 25.8, Max: 26.1, Diff: 1.2, Sum: 206.4]
         [Processed Buffers: Min: 16, Avg: 18.0, Max: 20, Diff: 4, Sum: 144]
      [Scan RS (ms): Min: 10.1, Avg: 10.8, Max: 10.9, Diff: 0.9, Sum: 86.0]
      [Code Root Scanning (ms): Min: 0.0, Avg: 0.0, Max: 0.0, Diff: 0.0, Sum: 0.0]
      [Object Copy (ms): Min: 138.2, Avg: 138.2, Max: 138.4, Diff: 0.2, Sum: 1105.9]
      [Termination (ms): Min: 0.0, Avg: 0.1, Max: 0.1, Diff: 0.1, Sum: 0.6]
         [Termination Attempts: Min: 1, Avg: 93.9, Max: 167, Diff: 166, Sum: 751]
      [GC Worker Other (ms): Min: 0.0, Avg: 0.0, Max: 0.0, Diff: 0.0, Sum: 0.1]
      [GC Worker Total (ms): Min: 173.4, Avg: 175.0, Max: 175.3, Diff: 1.9, Sum: 1400.1]
      [GC Worker End (ms): Min: 139918.7, Avg: 139918.8, Max: 139918.8, Diff: 0.0]
   [Code Root Fixup: 0.0 ms]
   [Code Root Purge: 0.0 ms]
   [Clear CT: 0.3 ms]
   [Other: 1.2 ms]
      [Choose CSet: 0.0 ms]
      [Ref Proc: 0.2 ms]
      [Ref Enq: 0.0 ms]
      [Redirty Cards: 0.4 ms]
      [Humongous Register: 0.1 ms]
      [Humongous Reclaim: 0.0 ms]
      [Free CSet: 0.2 ms]
   [Eden: 171.0M(171.0M)->0.0B(169.0M) Survivors: 26.0M->25.0M Heap: 1026.0M(2048.0M)->1028.5M(2048.0M)]
 [Times: user=1.28 sys=0.00, real=0.18 secs] 
2020-09-29T11:55:34.465+0200: 139.935: [GC pause (G1 Humongous Allocation) (young) (initial-mark), 0.0678559 secs]
   [Parallel Time: 66.5 ms, GC Workers: 8]
      [GC Worker Start (ms): Min: 139934.8, Avg: 139934.9, Max: 139935.1, Diff: 0.3]
      [Ext Root Scanning (ms): Min: 0.0, Avg: 3.8, Max: 28.4, Diff: 28.4, Sum: 30.0]
      [Update RS (ms): Min: 8.7, Avg: 33.2, Max: 37.3, Diff: 28.6, Sum: 265.6]
         [Processed Buffers: Min: 8, Avg: 24.0, Max: 28, Diff: 20, Sum: 192]
      [Scan RS (ms): Min: 2.0, Avg: 2.5, Max: 2.9, Diff: 0.9, Sum: 19.6]
      [Code Root Scanning (ms): Min: 0.0, Avg: 0.0, Max: 0.0, Diff: 0.0, Sum: 0.0]
      [Object Copy (ms): Min: 26.5, Avg: 26.7, Max: 28.0, Diff: 1.5, Sum: 213.9]
      [Termination (ms): Min: 0.0, Avg: 0.1, Max: 0.2, Diff: 0.2, Sum: 1.0]
         [Termination Attempts: Min: 1, Avg: 224.0, Max: 338, Diff: 337, Sum: 1792]
      [GC Worker Other (ms): Min: 0.0, Avg: 0.0, Max: 0.0, Diff: 0.0, Sum: 0.1]
      [GC Worker Total (ms): Min: 66.1, Avg: 66.3, Max: 66.4, Diff: 0.3, Sum: 530.3]
      [GC Worker End (ms): Min: 140001.2, Avg: 140001.2, Max: 140001.2, Diff: 0.1]
   [Code Root Fixup: 0.0 ms]
   [Code Root Purge: 0.0 ms]
   [Clear CT: 0.2 ms]
   [Other: 1.1 ms]
      [Choose CSet: 0.0 ms]
      [Ref Proc: 0.3 ms]
      [Ref Enq: 0.0 ms]
      [Redirty Cards: 0.3 ms]
      [Humongous Register: 0.1 ms]
      [Humongous Reclaim: 0.0 ms]
      [Free CSet: 0.1 ms]
   [Eden: 7168.0K(169.0M)->0.0B(181.0M) Survivors: 25.0M->9216.0K Heap: 1035.5M(2048.0M)->1039.0M(2048.0M)]
 [Times: user=0.45 sys=0.00, real=0.07 secs] 
2020-09-29T11:55:34.533+0200: 140.003: [GC concurrent-root-region-scan-start]
2020-09-29T11:55:34.537+0200: 140.007: [GC concurrent-root-region-scan-end, 0.0041518 secs]
2020-09-29T11:55:34.537+0200: 140.007: [GC concurrent-mark-start]
2020-09-29T11:55:34.543+0200: 140.013: [GC concurrent-mark-end, 0.0057862 secs]
2020-09-29T11:55:34.544+0200: 140.014: [GC remark 2020-09-29T11:55:34.544+0200: 140.014: [Finalize Marking, 0.0002814 secs] 2020-09-29T11:55:34.544+0200: 140.014: [GC ref-proc, 0.0005943 secs] 2020-09-29T11:55:34.545+0200: 140.014: [Unloading, 0.0007820 secs], 0.0022603 secs]
 [Times: user=0.00 sys=0.00, real=0.00 secs] 
2020-09-29T11:55:34.547+0200: 140.017: [GC cleanup 1051M->33M(2048M), 0.0030995 secs]
 [Times: user=0.00 sys=0.00, real=0.00 secs] 
2020-09-29T11:55:34.550+0200: 140.020: [GC concurrent-cleanup-start]
2020-09-29T11:55:34.553+0200: 140.023: [GC concurrent-cleanup-end, 0.0029660 secs]
2020-09-29T11:55:34.701+0200: 140.171: [GC pause (G1 Evacuation Pause) (young), 0.1504232 secs]
   [Parallel Time: 148.0 ms, GC Workers: 8]
      [GC Worker Start (ms): Min: 140171.4, Avg: 140171.6, Max: 140171.7, Diff: 0.2]
      [Ext Root Scanning (ms): Min: 0.0, Avg: 0.1, Max: 0.2, Diff: 0.2, Sum: 0.8]
      [Update RS (ms): Min: 17.1, Avg: 17.6, Max: 18.3, Diff: 1.1, Sum: 140.5]
         [Processed Buffers: Min: 11, Avg: 12.5, Max: 14, Diff: 3, Sum: 100]
      [Scan RS (ms): Min: 11.0, Avg: 11.7, Max: 12.2, Diff: 1.2, Sum: 93.9]
      [Code Root Scanning (ms): Min: 0.0, Avg: 0.0, Max: 0.0, Diff: 0.0, Sum: 0.0]
      [Object Copy (ms): Min: 118.1, Avg: 118.2, Max: 118.3, Diff: 0.1, Sum: 945.7]
      [Termination (ms): Min: 0.0, Avg: 0.1, Max: 0.1, Diff: 0.1, Sum: 0.6]
         [Termination Attempts: Min: 1, Avg: 274.1, Max: 355, Diff: 354, Sum: 2193]
      [GC Worker Other (ms): Min: 0.0, Avg: 0.0, Max: 0.1, Diff: 0.1, Sum: 0.3]
      [GC Worker Total (ms): Min: 147.6, Avg: 147.7, Max: 147.8, Diff: 0.2, Sum: 1181.8]
      [GC Worker End (ms): Min: 140319.3, Avg: 140319.3, Max: 140319.3, Diff: 0.1]
   [Code Root Fixup: 0.0 ms]
   [Code Root Purge: 0.0 ms]
   [Clear CT: 0.3 ms]
   [Other: 2.1 ms]
      [Choose CSet: 0.0 ms]
      [Ref Proc: 0.2 ms]
      [Ref Enq: 0.0 ms]
      [Redirty Cards: 1.4 ms]
      [Humongous Register: 0.0 ms]
      [Humongous Reclaim: 0.0 ms]
      [Free CSet: 0.2 ms]
   [Eden: 181.0M(181.0M)->0.0B(177.0M) Survivors: 9216.0K->24.0M Heap: 232.0M(2048.0M)->225.5M(2048.0M)]
 [Times: user=1.22 sys=0.00, real=0.15 secs] 
2020-09-29T11:55:34.995+0200: 140.465: [GC pause (G1 Evacuation Pause) (young), 0.1705654 secs]
   [Parallel Time: 168.7 ms, GC Workers: 8]
      [GC Worker Start (ms): Min: 140465.3, Avg: 140465.4, Max: 140465.5, Diff: 0.2]
      [Ext Root Scanning (ms): Min: 0.0, Avg: 0.1, Max: 0.2, Diff: 0.2, Sum: 0.8]
      [Update RS (ms): Min: 17.2, Avg: 17.4, Max: 17.9, Diff: 0.7, Sum: 139.4]
         [Processed Buffers: Min: 12, Avg: 13.5, Max: 15, Diff: 3, Sum: 108]
      [Scan RS (ms): Min: 13.9, Avg: 14.3, Max: 14.6, Diff: 0.7, Sum: 114.7]
      [Code Root Scanning (ms): Min: 0.0, Avg: 0.0, Max: 0.0, Diff: 0.0, Sum: 0.0]
      [Object Copy (ms): Min: 136.3, Avg: 136.4, Max: 136.5, Diff: 0.1, Sum: 1091.3]
      [Termination (ms): Min: 0.0, Avg: 0.1, Max: 0.1, Diff: 0.1, Sum: 0.4]
         [Termination Attempts: Min: 1, Avg: 238.9, Max: 303, Diff: 302, Sum: 1911]
      [GC Worker Other (ms): Min: 0.0, Avg: 0.1, Max: 0.1, Diff: 0.1, Sum: 0.5]
      [GC Worker Total (ms): Min: 168.3, Avg: 168.4, Max: 168.5, Diff: 0.2, Sum: 1347.2]
      [GC Worker End (ms): Min: 140633.8, Avg: 140633.8, Max: 140633.9, Diff: 0.1]
   [Code Root Fixup: 0.0 ms]
   [Code Root Purge: 0.0 ms]
   [Clear CT: 0.6 ms]
   [Other: 1.3 ms]
      [Choose CSet: 0.0 ms]
      [Ref Proc: 0.3 ms]
      [Ref Enq: 0.0 ms]
      [Redirty Cards: 0.4 ms]
      [Humongous Register: 0.1 ms]
      [Humongous Reclaim: 0.0 ms]
      [Free CSet: 0.2 ms]
   [Eden: 177.0M(177.0M)->0.0B(176.0M) Survivors: 24.0M->26.0M Heap: 433.0M(2048.0M)->434.5M(2048.0M)]
 [Times: user=1.36 sys=0.00, real=0.18 secs] 
2020-09-29T11:55:35.316+0200: 140.787: [GC pause (G1 Evacuation Pause) (young), 0.1746068 secs]
   [Parallel Time: 172.8 ms, GC Workers: 8]
      [GC Worker Start (ms): Min: 140787.2, Avg: 140787.4, Max: 140787.5, Diff: 0.2]
      [Ext Root Scanning (ms): Min: 0.0, Avg: 0.1, Max: 0.2, Diff: 0.2, Sum: 0.7]
      [Update RS (ms): Min: 21.9, Avg: 22.3, Max: 22.9, Diff: 1.0, Sum: 178.3]
         [Processed Buffers: Min: 15, Avg: 16.0, Max: 17, Diff: 2, Sum: 128]
      [Scan RS (ms): Min: 11.3, Avg: 12.0, Max: 12.3, Diff: 1.0, Sum: 95.6]
      [Code Root Scanning (ms): Min: 0.0, Avg: 0.0, Max: 0.0, Diff: 0.0, Sum: 0.0]
      [Object Copy (ms): Min: 137.9, Avg: 138.0, Max: 138.0, Diff: 0.1, Sum: 1103.6]
      [Termination (ms): Min: 0.0, Avg: 0.1, Max: 0.2, Diff: 0.2, Sum: 1.1]
         [Termination Attempts: Min: 1, Avg: 572.6, Max: 762, Diff: 761, Sum: 4581]
      [GC Worker Other (ms): Min: 0.0, Avg: 0.0, Max: 0.1, Diff: 0.1, Sum: 0.4]
      [GC Worker Total (ms): Min: 172.4, Avg: 172.5, Max: 172.6, Diff: 0.2, Sum: 1379.8]
      [GC Worker End (ms): Min: 140959.8, Avg: 140959.8, Max: 140959.9, Diff: 0.1]
   [Code Root Fixup: 0.0 ms]
   [Code Root Purge: 0.0 ms]
   [Clear CT: 0.3 ms]
   [Other: 1.6 ms]
      [Choose CSet: 0.0 ms]
      [Ref Proc: 0.4 ms]
      [Ref Enq: 0.0 ms]
      [Redirty Cards: 0.7 ms]
      [Humongous Register: 0.1 ms]
      [Humongous Reclaim: 0.0 ms]
      [Free CSet: 0.2 ms]
   [Eden: 176.0M(176.0M)->0.0B(178.0M) Survivors: 26.0M->26.0M Heap: 639.1M(2048.0M)->641.1M(2048.0M)]
 [Times: user=1.38 sys=0.00, real=0.17 secs] 
2020-09-29T11:55:35.636+0200: 141.106: [GC pause (G1 Evacuation Pause) (young), 0.1762300 secs]
   [Parallel Time: 171.3 ms, GC Workers: 8]
      [GC Worker Start (ms): Min: 141106.3, Avg: 141106.5, Max: 141106.6, Diff: 0.3]
      [Ext Root Scanning (ms): Min: 0.0, Avg: 0.1, Max: 0.3, Diff: 0.3, Sum: 0.8]
      [Update RS (ms): Min: 16.8, Avg: 17.0, Max: 17.3, Diff: 0.5, Sum: 136.4]
         [Processed Buffers: Min: 11, Avg: 13.3, Max: 16, Diff: 5, Sum: 106]
      [Scan RS (ms): Min: 14.1, Avg: 14.4, Max: 14.6, Diff: 0.5, Sum: 115.5]
      [Code Root Scanning (ms): Min: 0.0, Avg: 0.0, Max: 0.0, Diff: 0.0, Sum: 0.0]
      [Object Copy (ms): Min: 138.2, Avg: 138.3, Max: 138.5, Diff: 0.2, Sum: 1106.7]
      [Termination (ms): Min: 0.0, Avg: 0.1, Max: 0.1, Diff: 0.1, Sum: 0.4]
         [Termination Attempts: Min: 1, Avg: 226.0, Max: 286, Diff: 285, Sum: 1808]
      [GC Worker Other (ms): Min: 0.0, Avg: 0.1, Max: 0.3, Diff: 0.3, Sum: 1.1]
      [GC Worker Total (ms): Min: 169.9, Avg: 170.1, Max: 170.5, Diff: 0.5, Sum: 1360.9]
      [GC Worker End (ms): Min: 141276.5, Avg: 141276.6, Max: 141276.8, Diff: 0.3]
   [Code Root Fixup: 0.0 ms]
   [Code Root Purge: 0.0 ms]
   [Clear CT: 1.1 ms]
   [Other: 3.8 ms]
      [Choose CSet: 0.0 ms]
      [Ref Proc: 1.4 ms]
      [Ref Enq: 0.0 ms]
      [Redirty Cards: 2.0 ms]
      [Humongous Register: 0.1 ms]
      [Humongous Reclaim: 0.0 ms]
      [Free CSet: 0.2 ms]
   [Eden: 178.0M(178.0M)->0.0B(178.0M) Survivors: 26.0M->26.0M Heap: 849.7M(2048.0M)->851.7M(2048.0M)]
 [Times: user=1.36 sys=0.00, real=0.18 secs] 
2020-09-29T11:55:35.960+0200: 141.430: [GC pause (G1 Evacuation Pause) (young), 0.1716435 secs]
   [Parallel Time: 169.6 ms, GC Workers: 8]
      [GC Worker Start (ms): Min: 141430.5, Avg: 141430.6, Max: 141430.7, Diff: 0.3]
      [Ext Root Scanning (ms): Min: 0.0, Avg: 0.1, Max: 0.2, Diff: 0.2, Sum: 0.7]
      [Update RS (ms): Min: 18.9, Avg: 19.4, Max: 19.9, Diff: 1.0, Sum: 155.1]
         [Processed Buffers: Min: 12, Avg: 13.8, Max: 15, Diff: 3, Sum: 110]
      [Scan RS (ms): Min: 13.0, Avg: 13.5, Max: 13.9, Diff: 0.9, Sum: 107.8]
      [Code Root Scanning (ms): Min: 0.0, Avg: 0.0, Max: 0.0, Diff: 0.0, Sum: 0.0]
      [Object Copy (ms): Min: 136.0, Avg: 136.1, Max: 136.2, Diff: 0.2, Sum: 1088.9]
      [Termination (ms): Min: 0.0, Avg: 0.2, Max: 0.3, Diff: 0.3, Sum: 1.2]
         [Termination Attempts: Min: 1, Avg: 562.1, Max: 680, Diff: 679, Sum: 4497]
      [GC Worker Other (ms): Min: 0.0, Avg: 0.0, Max: 0.1, Diff: 0.1, Sum: 0.3]
      [GC Worker Total (ms): Min: 169.1, Avg: 169.3, Max: 169.4, Diff: 0.2, Sum: 1354.1]
      [GC Worker End (ms): Min: 141599.9, Avg: 141599.9, Max: 141599.9, Diff: 0.1]
   [Code Root Fixup: 0.0 ms]
   [Code Root Purge: 0.0 ms]
   [Clear CT: 0.6 ms]
   [Other: 1.4 ms]
      [Choose CSet: 0.0 ms]
      [Ref Proc: 0.3 ms]
      [Ref Enq: 0.0 ms]
      [Redirty Cards: 0.7 ms]
      [Humongous Register: 0.1 ms]
      [Humongous Reclaim: 0.0 ms]
      [Free CSet: 0.2 ms]
   [Eden: 178.0M(178.0M)->0.0B(182.0M) Survivors: 26.0M->26.0M Heap: 1058.3M(2048.0M)->1060.3M(2048.0M)]
 [Times: user=1.36 sys=0.00, real=0.17 secs] 
2020-09-29T11:55:36.134+0200: 141.604: [GC pause (G1 Humongous Allocation) (young) (initial-mark), 0.0668972 secs]
   [Parallel Time: 65.5 ms, GC Workers: 8]
      [GC Worker Start (ms): Min: 141604.7, Avg: 141604.8, Max: 141604.9, Diff: 0.2]
      [Ext Root Scanning (ms): Min: 0.0, Avg: 0.2, Max: 0.4, Diff: 0.4, Sum: 1.4]
      [Update RS (ms): Min: 43.7, Avg: 44.2, Max: 44.5, Diff: 0.8, Sum: 353.2]
         [Processed Buffers: Min: 31, Avg: 33.5, Max: 36, Diff: 5, Sum: 268]
      [Scan RS (ms): Min: 0.0, Avg: 0.2, Max: 0.7, Diff: 0.7, Sum: 1.5]
      [Code Root Scanning (ms): Min: 0.0, Avg: 0.0, Max: 0.0, Diff: 0.0, Sum: 0.0]
      [Object Copy (ms): Min: 20.5, Avg: 20.6, Max: 20.7, Diff: 0.2, Sum: 165.2]
      [Termination (ms): Min: 0.0, Avg: 0.0, Max: 0.0, Diff: 0.0, Sum: 0.2]
         [Termination Attempts: Min: 1, Avg: 114.9, Max: 143, Diff: 142, Sum: 919]
      [GC Worker Other (ms): Min: 0.0, Avg: 0.0, Max: 0.1, Diff: 0.0, Sum: 0.2]
      [GC Worker Total (ms): Min: 65.2, Avg: 65.2, Max: 65.4, Diff: 0.2, Sum: 521.8]
      [GC Worker End (ms): Min: 141670.0, Avg: 141670.0, Max: 141670.1, Diff: 0.1]
   [Code Root Fixup: 0.0 ms]
   [Code Root Purge: 0.0 ms]
   [Clear CT: 0.4 ms]
   [Other: 1.0 ms]
      [Choose CSet: 0.0 ms]
      [Ref Proc: 0.4 ms]
      [Ref Enq: 0.0 ms]
      [Redirty Cards: 0.4 ms]
      [Humongous Register: 0.0 ms]
      [Humongous Reclaim: 0.0 ms]
      [Free CSet: 0.0 ms]
   [Eden: 3072.0K(182.0M)->0.0B(200.0M) Survivors: 26.0M->4096.0K Heap: 1063.3M(2048.0M)->1066.3M(2048.0M)]
 [Times: user=0.50 sys=0.00, real=0.07 secs] 
2020-09-29T11:55:36.201+0200: 141.672: [GC concurrent-root-region-scan-start]
2020-09-29T11:55:36.202+0200: 141.673: [GC concurrent-root-region-scan-end, 0.0010648 secs]
2020-09-29T11:55:36.202+0200: 141.673: [GC concurrent-mark-start]
2020-09-29T11:55:36.206+0200: 141.676: [GC concurrent-mark-end, 0.0034842 secs]
2020-09-29T11:55:36.206+0200: 141.677: [GC remark 2020-09-29T11:55:36.206+0200: 141.677: [Finalize Marking, 0.0003241 secs] 2020-09-29T11:55:36.207+0200: 141.677: [GC ref-proc, 0.0004380 secs] 2020-09-29T11:55:36.207+0200: 141.678: [Unloading, 0.0006908 secs], 0.0020223 secs]
 [Times: user=0.00 sys=0.00, real=0.00 secs] 
2020-09-29T11:55:36.209+0200: 141.679: [GC cleanup 1075M->24M(2048M), 0.0016839 secs]
 [Times: user=0.00 sys=0.00, real=0.00 secs] 
2020-09-29T11:55:36.211+0200: 141.681: [GC concurrent-cleanup-start]
2020-09-29T11:55:36.212+0200: 141.683: [GC concurrent-cleanup-end, 0.0017643 secs]
2020-09-29T11:55:36.365+0200: 141.836: [GC pause (G1 Evacuation Pause) (young), 0.1669778 secs]
   [Parallel Time: 165.5 ms, GC Workers: 8]
      [GC Worker Start (ms): Min: 141835.9, Avg: 141836.0, Max: 141836.1, Diff: 0.2]
      [Ext Root Scanning (ms): Min: 0.0, Avg: 0.1, Max: 0.2, Diff: 0.2, Sum: 0.8]
      [Update RS (ms): Min: 21.7, Avg: 21.9, Max: 22.3, Diff: 0.6, Sum: 175.1]
         [Processed Buffers: Min: 14, Avg: 15.9, Max: 18, Diff: 4, Sum: 127]
      [Scan RS (ms): Min: 11.8, Avg: 12.2, Max: 12.5, Diff: 0.7, Sum: 97.9]
      [Code Root Scanning (ms): Min: 0.0, Avg: 0.0, Max: 0.0, Diff: 0.0, Sum: 0.0]
      [Object Copy (ms): Min: 130.7, Avg: 130.8, Max: 130.9, Diff: 0.1, Sum: 1046.5]
      [Termination (ms): Min: 0.0, Avg: 0.1, Max: 0.1, Diff: 0.1, Sum: 0.4]
         [Termination Attempts: Min: 1, Avg: 230.9, Max: 288, Diff: 287, Sum: 1847]
      [GC Worker Other (ms): Min: 0.0, Avg: 0.0, Max: 0.1, Diff: 0.1, Sum: 0.3]
      [GC Worker Total (ms): Min: 165.0, Avg: 165.1, Max: 165.3, Diff: 0.2, Sum: 1321.0]
      [GC Worker End (ms): Min: 142001.1, Avg: 142001.1, Max: 142001.2, Diff: 0.1]
   [Code Root Fixup: 0.0 ms]
   [Code Root Purge: 0.0 ms]
   [Clear CT: 0.3 ms]
   [Other: 1.2 ms]
      [Choose CSet: 0.0 ms]
      [Ref Proc: 0.4 ms]
      [Ref Enq: 0.0 ms]
      [Redirty Cards: 0.4 ms]
      [Humongous Register: 0.1 ms]
      [Humongous Reclaim: 0.0 ms]
      [Free CSet: 0.1 ms]
   [Eden: 200.0M(200.0M)->0.0B(187.0M) Survivors: 4096.0K->26.0M Heap: 250.3M(2048.0M)->248.8M(2048.0M)]
 [Times: user=1.22 sys=0.00, real=0.17 secs] 
2020-09-29T11:55:36.695+0200: 142.165: [GC pause (G1 Evacuation Pause) (young), 0.1821554 secs]
   [Parallel Time: 180.6 ms, GC Workers: 8]
      [GC Worker Start (ms): Min: 142165.3, Avg: 142165.4, Max: 142165.5, Diff: 0.2]
      [Ext Root Scanning (ms): Min: 0.0, Avg: 0.1, Max: 0.2, Diff: 0.2, Sum: 0.8]
      [Update RS (ms): Min: 21.1, Avg: 21.3, Max: 21.7, Diff: 0.6, Sum: 170.6]
         [Processed Buffers: Min: 12, Avg: 14.8, Max: 17, Diff: 5, Sum: 118]
      [Scan RS (ms): Min: 13.3, Avg: 13.7, Max: 13.9, Diff: 0.6, Sum: 109.2]
      [Code Root Scanning (ms): Min: 0.0, Avg: 0.0, Max: 0.0, Diff: 0.0, Sum: 0.0]
      [Object Copy (ms): Min: 145.0, Avg: 145.1, Max: 145.2, Diff: 0.2, Sum: 1160.5]
      [Termination (ms): Min: 0.0, Avg: 0.1, Max: 0.1, Diff: 0.1, Sum: 0.7]
         [Termination Attempts: Min: 1, Avg: 367.8, Max: 440, Diff: 439, Sum: 2942]
      [GC Worker Other (ms): Min: 0.0, Avg: 0.0, Max: 0.1, Diff: 0.1, Sum: 0.4]
      [GC Worker Total (ms): Min: 180.2, Avg: 180.3, Max: 180.4, Diff: 0.3, Sum: 1442.2]
      [GC Worker End (ms): Min: 142345.7, Avg: 142345.7, Max: 142345.8, Diff: 0.1]
   [Code Root Fixup: 0.0 ms]
   [Code Root Purge: 0.0 ms]
   [Clear CT: 0.3 ms]
   [Other: 1.3 ms]
      [Choose CSet: 0.0 ms]
      [Ref Proc: 0.3 ms]
      [Ref Enq: 0.0 ms]
      [Redirty Cards: 0.4 ms]
      [Humongous Register: 0.1 ms]
      [Humongous Reclaim: 0.0 ms]
      [Free CSet: 0.2 ms]
   [Eden: 187.0M(187.0M)->0.0B(183.0M) Survivors: 26.0M->27.0M Heap: 466.4M(2048.0M)->467.9M(2048.0M)]
 [Times: user=1.36 sys=0.00, real=0.18 secs] 
2020-09-29T11:55:37.036+0200: 142.505: [GC pause (G1 Evacuation Pause) (young), 0.1645549 secs]
   [Parallel Time: 162.3 ms, GC Workers: 8]
      [GC Worker Start (ms): Min: 142505.6, Avg: 142505.7, Max: 142505.8, Diff: 0.3]
      [Ext Root Scanning (ms): Min: 0.0, Avg: 0.1, Max: 0.2, Diff: 0.2, Sum: 0.7]
      [Update RS (ms): Min: 15.6, Avg: 16.2, Max: 16.8, Diff: 1.1, Sum: 129.6]
         [Processed Buffers: Min: 10, Avg: 11.5, Max: 14, Diff: 4, Sum: 92]
      [Scan RS (ms): Min: 14.8, Avg: 15.3, Max: 15.8, Diff: 1.1, Sum: 122.3]
      [Code Root Scanning (ms): Min: 0.0, Avg: 0.0, Max: 0.0, Diff: 0.0, Sum: 0.0]
      [Object Copy (ms): Min: 130.3, Avg: 130.3, Max: 130.4, Diff: 0.2, Sum: 1042.7]
      [Termination (ms): Min: 0.0, Avg: 0.0, Max: 0.0, Diff: 0.0, Sum: 0.0]
         [Termination Attempts: Min: 1, Avg: 15.0, Max: 21, Diff: 20, Sum: 120]
      [GC Worker Other (ms): Min: 0.0, Avg: 0.1, Max: 0.1, Diff: 0.1, Sum: 0.4]
      [GC Worker Total (ms): Min: 161.8, Avg: 162.0, Max: 162.1, Diff: 0.3, Sum: 1295.8]
      [GC Worker End (ms): Min: 142667.7, Avg: 142667.7, Max: 142667.7, Diff: 0.1]
   [Code Root Fixup: 0.0 ms]
   [Code Root Purge: 0.0 ms]
   [Clear CT: 0.8 ms]
   [Other: 1.5 ms]
      [Choose CSet: 0.0 ms]
      [Ref Proc: 0.4 ms]
      [Ref Enq: 0.0 ms]
      [Redirty Cards: 0.6 ms]
      [Humongous Register: 0.1 ms]
      [Humongous Reclaim: 0.0 ms]
      [Free CSet: 0.2 ms]
   [Eden: 183.0M(183.0M)->0.0B(186.0M) Survivors: 27.0M->27.0M Heap: 681.4M(2048.0M)->683.4M(2048.0M)]
 [Times: user=1.25 sys=0.00, real=0.16 secs] 
2020-09-29T11:55:37.350+0200: 142.820: [GC pause (G1 Evacuation Pause) (young), 0.1766686 secs]
   [Parallel Time: 175.1 ms, GC Workers: 8]
      [GC Worker Start (ms): Min: 142820.2, Avg: 142820.4, Max: 142820.5, Diff: 0.3]
      [Ext Root Scanning (ms): Min: 0.0, Avg: 0.1, Max: 0.2, Diff: 0.2, Sum: 0.7]
      [Update RS (ms): Min: 20.8, Avg: 21.0, Max: 21.3, Diff: 0.4, Sum: 167.9]
         [Processed Buffers: Min: 15, Avg: 16.4, Max: 19, Diff: 4, Sum: 131]
      [Scan RS (ms): Min: 13.4, Avg: 13.6, Max: 13.8, Diff: 0.4, Sum: 108.8]
      [Code Root Scanning (ms): Min: 0.0, Avg: 0.0, Max: 0.0, Diff: 0.0, Sum: 0.0]
      [Object Copy (ms): Min: 139.8, Avg: 139.9, Max: 140.0, Diff: 0.2, Sum: 1118.9]
      [Termination (ms): Min: 0.0, Avg: 0.2, Max: 0.3, Diff: 0.3, Sum: 1.7]
         [Termination Attempts: Min: 1, Avg: 825.1, Max: 1093, Diff: 1092, Sum: 6601]
      [GC Worker Other (ms): Min: 0.0, Avg: 0.0, Max: 0.1, Diff: 0.1, Sum: 0.3]
      [GC Worker Total (ms): Min: 174.7, Avg: 174.8, Max: 175.0, Diff: 0.3, Sum: 1398.4]
      [GC Worker End (ms): Min: 142995.1, Avg: 142995.2, Max: 142995.2, Diff: 0.1]
   [Code Root Fixup: 0.0 ms]
   [Code Root Purge: 0.0 ms]
   [Clear CT: 0.3 ms]
   [Other: 1.3 ms]
      [Choose CSet: 0.0 ms]
      [Ref Proc: 0.3 ms]
      [Ref Enq: 0.0 ms]
      [Redirty Cards: 0.5 ms]
      [Humongous Register: 0.1 ms]
      [Humongous Reclaim: 0.0 ms]
      [Free CSet: 0.2 ms]
   [Eden: 186.0M(186.0M)->0.0B(188.0M) Survivors: 27.0M->27.0M Heap: 901.8M(2048.0M)->903.3M(2048.0M)]
 [Times: user=1.38 sys=0.00, real=0.18 secs] 
2020-09-29T11:55:37.683+0200: 143.152: [GC pause (G1 Evacuation Pause) (young), 0.1721895 secs]
   [Parallel Time: 170.3 ms, GC Workers: 8]
      [GC Worker Start (ms): Min: 143152.5, Avg: 143152.6, Max: 143152.7, Diff: 0.2]
      [Ext Root Scanning (ms): Min: 0.0, Avg: 0.1, Max: 0.2, Diff: 0.2, Sum: 0.8]
      [Update RS (ms): Min: 15.5, Avg: 15.7, Max: 16.0, Diff: 0.4, Sum: 125.5]
         [Processed Buffers: Min: 11, Avg: 12.0, Max: 14, Diff: 3, Sum: 96]
      [Scan RS (ms): Min: 15.6, Avg: 15.9, Max: 16.1, Diff: 0.4, Sum: 127.1]
      [Code Root Scanning (ms): Min: 0.0, Avg: 0.0, Max: 0.0, Diff: 0.0, Sum: 0.0]
      [Object Copy (ms): Min: 138.1, Avg: 138.2, Max: 138.2, Diff: 0.1, Sum: 1105.2]
      [Termination (ms): Min: 0.0, Avg: 0.1, Max: 0.1, Diff: 0.1, Sum: 0.8]
         [Termination Attempts: Min: 1, Avg: 415.8, Max: 507, Diff: 506, Sum: 3326]
      [GC Worker Other (ms): Min: 0.0, Avg: 0.0, Max: 0.1, Diff: 0.1, Sum: 0.3]
      [GC Worker Total (ms): Min: 169.9, Avg: 170.0, Max: 170.1, Diff: 0.2, Sum: 1359.8]
      [GC Worker End (ms): Min: 143322.6, Avg: 143322.6, Max: 143322.6, Diff: 0.1]
   [Code Root Fixup: 0.0 ms]
   [Code Root Purge: 0.0 ms]
   [Clear CT: 0.3 ms]
   [Other: 1.6 ms]
      [Choose CSet: 0.0 ms]
      [Ref Proc: 0.3 ms]
      [Ref Enq: 0.0 ms]
      [Redirty Cards: 0.9 ms]
      [Humongous Register: 0.1 ms]
      [Humongous Reclaim: 0.0 ms]
      [Free CSet: 0.2 ms]
   [Eden: 188.0M(188.0M)->0.0B(191.0M) Survivors: 27.0M->27.0M Heap: 1121.8M(2048.0M)->1123.8M(2048.0M)]
 [Times: user=1.38 sys=0.00, real=0.17 secs] 
2020-09-29T11:55:37.868+0200: 143.339: [GC pause (G1 Humongous Allocation) (young) (initial-mark), 0.0577960 secs]
   [Parallel Time: 56.6 ms, GC Workers: 8]
      [GC Worker Start (ms): Min: 143338.9, Avg: 143339.0, Max: 143339.1, Diff: 0.2]
      [Ext Root Scanning (ms): Min: 0.0, Avg: 0.5, Max: 2.3, Diff: 2.3, Sum: 4.1]
      [Update RS (ms): Min: 27.9, Avg: 29.4, Max: 30.4, Diff: 2.5, Sum: 235.2]
         [Processed Buffers: Min: 21, Avg: 22.8, Max: 24, Diff: 3, Sum: 182]
      [Scan RS (ms): Min: 2.0, Avg: 2.6, Max: 3.3, Diff: 1.3, Sum: 21.1]
      [Code Root Scanning (ms): Min: 0.0, Avg: 0.0, Max: 0.0, Diff: 0.0, Sum: 0.0]
      [Object Copy (ms): Min: 23.8, Avg: 23.9, Max: 23.9, Diff: 0.1, Sum: 191.2]
      [Termination (ms): Min: 0.0, Avg: 0.0, Max: 0.0, Diff: 0.0, Sum: 0.1]
         [Termination Attempts: Min: 1, Avg: 71.9, Max: 100, Diff: 99, Sum: 575]
      [GC Worker Other (ms): Min: 0.0, Avg: 0.0, Max: 0.0, Diff: 0.0, Sum: 0.2]
      [GC Worker Total (ms): Min: 56.3, Avg: 56.5, Max: 56.6, Diff: 0.2, Sum: 451.9]
      [GC Worker End (ms): Min: 143395.5, Avg: 143395.5, Max: 143395.5, Diff: 0.0]
   [Code Root Fixup: 0.0 ms]
   [Code Root Purge: 0.0 ms]
   [Clear CT: 0.3 ms]
   [Other: 0.9 ms]
      [Choose CSet: 0.0 ms]
      [Ref Proc: 0.3 ms]
      [Ref Enq: 0.0 ms]
      [Redirty Cards: 0.3 ms]
      [Humongous Register: 0.0 ms]
      [Humongous Reclaim: 0.0 ms]
      [Free CSet: 0.1 ms]
   [Eden: 6144.0K(191.0M)->0.0B(215.0M) Survivors: 27.0M->9216.0K Heap: 1129.8M(2048.0M)->1135.3M(2048.0M)]
 [Times: user=0.38 sys=0.02, real=0.06 secs] 
2020-09-29T11:55:37.926+0200: 143.397: [GC concurrent-root-region-scan-start]
2020-09-29T11:55:37.928+0200: 143.399: [GC concurrent-root-region-scan-end, 0.0019251 secs]
2020-09-29T11:55:37.928+0200: 143.399: [GC concurrent-mark-start]
2020-09-29T11:55:37.932+0200: 143.402: [GC concurrent-mark-end, 0.0035344 secs]
2020-09-29T11:55:37.932+0200: 143.403: [GC remark 2020-09-29T11:55:37.932+0200: 143.403: [Finalize Marking, 0.0003122 secs] 2020-09-29T11:55:37.933+0200: 143.403: [GC ref-proc, 0.0004367 secs] 2020-09-29T11:55:37.933+0200: 143.403: [Unloading, 0.0006517 secs], 0.0017958 secs]
 [Times: user=0.00 sys=0.00, real=0.00 secs] 
2020-09-29T11:55:37.935+0200: 143.405: [GC cleanup 1145M->30M(2048M), 0.0014830 secs]
 [Times: user=0.00 sys=0.00, real=0.00 secs] 
2020-09-29T11:55:37.936+0200: 143.406: [GC concurrent-cleanup-start]
2020-09-29T11:55:37.938+0200: 143.408: [GC concurrent-cleanup-end, 0.0019901 secs]
2020-09-29T11:55:38.102+0200: 143.572: [GC pause (G1 Evacuation Pause) (young), 0.1712738 secs]
   [Parallel Time: 169.2 ms, GC Workers: 8]
      [GC Worker Start (ms): Min: 143572.6, Avg: 143572.7, Max: 143572.8, Diff: 0.2]
      [Ext Root Scanning (ms): Min: 0.0, Avg: 0.1, Max: 0.2, Diff: 0.2, Sum: 0.8]
      [Update RS (ms): Min: 15.6, Avg: 16.0, Max: 16.7, Diff: 1.1, Sum: 128.2]
         [Processed Buffers: Min: 11, Avg: 11.8, Max: 14, Diff: 3, Sum: 94]
      [Scan RS (ms): Min: 15.0, Avg: 15.7, Max: 16.2, Diff: 1.2, Sum: 125.8]
      [Code Root Scanning (ms): Min: 0.0, Avg: 0.0, Max: 0.0, Diff: 0.0, Sum: 0.0]
      [Object Copy (ms): Min: 136.8, Avg: 136.9, Max: 137.0, Diff: 0.2, Sum: 1095.0]
      [Termination (ms): Min: 0.0, Avg: 0.1, Max: 0.1, Diff: 0.1, Sum: 0.9]
         [Termination Attempts: Min: 1, Avg: 435.3, Max: 554, Diff: 553, Sum: 3482]
      [GC Worker Other (ms): Min: 0.0, Avg: 0.0, Max: 0.1, Diff: 0.1, Sum: 0.3]
      [GC Worker Total (ms): Min: 168.8, Avg: 168.9, Max: 169.0, Diff: 0.2, Sum: 1351.0]
      [GC Worker End (ms): Min: 143741.5, Avg: 143741.6, Max: 143741.6, Diff: 0.1]
   [Code Root Fixup: 0.0 ms]
   [Code Root Purge: 0.0 ms]
   [Clear CT: 0.7 ms]
   [Other: 1.4 ms]
      [Choose CSet: 0.0 ms]
      [Ref Proc: 0.4 ms]
      [Ref Enq: 0.0 ms]
      [Redirty Cards: 0.5 ms]
      [Humongous Register: 0.0 ms]
      [Humongous Reclaim: 0.0 ms]
      [Free CSet: 0.2 ms]
   [Eden: 215.0M(215.0M)->0.0B(200.0M) Survivors: 9216.0K->28.0M Heap: 272.2M(2048.0M)->265.2M(2048.0M)]
 [Times: user=1.38 sys=0.00, real=0.17 secs] 
2020-09-29T11:55:38.497+0200: 143.967: [GC pause (G1 Evacuation Pause) (young), 0.2702868 secs]
   [Parallel Time: 267.7 ms, GC Workers: 8]
      [GC Worker Start (ms): Min: 143967.0, Avg: 143967.2, Max: 143967.4, Diff: 0.3]
      [Ext Root Scanning (ms): Min: 0.0, Avg: 0.1, Max: 0.3, Diff: 0.3, Sum: 1.0]
      [Update RS (ms): Min: 24.0, Avg: 24.2, Max: 24.5, Diff: 0.5, Sum: 193.4]
         [Processed Buffers: Min: 12, Avg: 13.4, Max: 15, Diff: 3, Sum: 107]
      [Scan RS (ms): Min: 23.4, Avg: 23.8, Max: 24.0, Diff: 0.6, Sum: 190.1]
      [Code Root Scanning (ms): Min: 0.0, Avg: 0.0, Max: 0.0, Diff: 0.0, Sum: 0.0]
      [Object Copy (ms): Min: 218.9, Avg: 219.0, Max: 219.1, Diff: 0.2, Sum: 1751.7]
      [Termination (ms): Min: 0.0, Avg: 0.1, Max: 0.1, Diff: 0.1, Sum: 0.6]
         [Termination Attempts: Min: 1, Avg: 220.4, Max: 301, Diff: 300, Sum: 1763]
      [GC Worker Other (ms): Min: 0.0, Avg: 0.1, Max: 0.2, Diff: 0.1, Sum: 0.7]
      [GC Worker Total (ms): Min: 267.0, Avg: 267.2, Max: 267.4, Diff: 0.3, Sum: 2137.6]
      [GC Worker End (ms): Min: 144234.4, Avg: 144234.4, Max: 144234.5, Diff: 0.1]
   [Code Root Fixup: 0.0 ms]
   [Code Root Purge: 0.0 ms]
   [Clear CT: 0.8 ms]
   [Other: 1.7 ms]
      [Choose CSet: 0.0 ms]
      [Ref Proc: 0.3 ms]
      [Ref Enq: 0.0 ms]
      [Redirty Cards: 0.7 ms]
      [Humongous Register: 0.1 ms]
      [Humongous Reclaim: 0.0 ms]
      [Free CSet: 0.4 ms]
   [Eden: 200.0M(200.0M)->0.0B(141.0M) Survivors: 28.0M->29.0M Heap: 499.6M(2048.0M)->501.6M(2048.0M)]
 [Times: user=2.09 sys=0.00, real=0.27 secs] 
2020-09-29T11:55:38.955+0200: 144.425: [GC pause (G1 Evacuation Pause) (young), 0.2022905 secs]
   [Parallel Time: 200.2 ms, GC Workers: 8]
      [GC Worker Start (ms): Min: 144425.5, Avg: 144425.7, Max: 144425.9, Diff: 0.3]
      [Ext Root Scanning (ms): Min: 0.0, Avg: 0.1, Max: 0.3, Diff: 0.3, Sum: 1.1]
      [Update RS (ms): Min: 18.9, Avg: 19.5, Max: 20.8, Diff: 1.9, Sum: 156.1]
         [Processed Buffers: Min: 9, Avg: 10.4, Max: 12, Diff: 3, Sum: 83]
      [Scan RS (ms): Min: 16.0, Avg: 17.4, Max: 18.1, Diff: 2.1, Sum: 139.1]
      [Code Root Scanning (ms): Min: 0.0, Avg: 0.0, Max: 0.0, Diff: 0.0, Sum: 0.0]
      [Object Copy (ms): Min: 162.5, Avg: 162.6, Max: 162.7, Diff: 0.2, Sum: 1301.1]
      [Termination (ms): Min: 0.0, Avg: 0.0, Max: 0.0, Diff: 0.0, Sum: 0.2]
         [Termination Attempts: Min: 1, Avg: 67.6, Max: 86, Diff: 85, Sum: 541]
      [GC Worker Other (ms): Min: 0.0, Avg: 0.0, Max: 0.1, Diff: 0.1, Sum: 0.3]
      [GC Worker Total (ms): Min: 199.6, Avg: 199.7, Max: 199.9, Diff: 0.4, Sum: 1597.9]
      [GC Worker End (ms): Min: 144625.5, Avg: 144625.5, Max: 144625.5, Diff: 0.1]
   [Code Root Fixup: 0.0 ms]
   [Code Root Purge: 0.0 ms]
   [Clear CT: 0.5 ms]
   [Other: 1.5 ms]
      [Choose CSet: 0.0 ms]
      [Ref Proc: 0.3 ms]
      [Ref Enq: 0.0 ms]
      [Redirty Cards: 0.7 ms]
      [Humongous Register: 0.1 ms]
      [Humongous Reclaim: 0.0 ms]
      [Free CSet: 0.2 ms]
   [Eden: 141.0M(141.0M)->0.0B(132.0M) Survivors: 29.0M->22.0M Heap: 665.5M(2048.0M)->668.0M(2048.0M)]
 [Times: user=1.63 sys=0.00, real=0.20 secs] 
2020-09-29T11:55:39.320+0200: 144.790: [GC pause (G1 Evacuation Pause) (young), 0.1917398 secs]
   [Parallel Time: 189.6 ms, GC Workers: 8]
      [GC Worker Start (ms): Min: 144790.0, Avg: 144790.2, Max: 144790.3, Diff: 0.3]
      [Ext Root Scanning (ms): Min: 0.0, Avg: 0.1, Max: 0.3, Diff: 0.3, Sum: 1.0]
      [Update RS (ms): Min: 24.2, Avg: 24.3, Max: 24.4, Diff: 0.2, Sum: 194.0]
         [Processed Buffers: Min: 12, Avg: 13.4, Max: 15, Diff: 3, Sum: 107]
      [Scan RS (ms): Min: 12.9, Avg: 13.0, Max: 13.2, Diff: 0.3, Sum: 103.9]
      [Code Root Scanning (ms): Min: 0.0, Avg: 0.0, Max: 0.0, Diff: 0.0, Sum: 0.0]
      [Object Copy (ms): Min: 151.2, Avg: 151.5, Max: 151.6, Diff: 0.4, Sum: 1211.8]
      [Termination (ms): Min: 0.0, Avg: 0.3, Max: 0.3, Diff: 0.3, Sum: 2.1]
         [Termination Attempts: Min: 1, Avg: 681.3, Max: 877, Diff: 876, Sum: 5450]
      [GC Worker Other (ms): Min: 0.0, Avg: 0.1, Max: 0.1, Diff: 0.1, Sum: 0.4]
      [GC Worker Total (ms): Min: 189.0, Avg: 189.1, Max: 189.3, Diff: 0.3, Sum: 1513.2]
      [GC Worker End (ms): Min: 144979.3, Avg: 144979.3, Max: 144979.4, Diff: 0.1]
   [Code Root Fixup: 0.0 ms]
   [Code Root Purge: 0.0 ms]
   [Clear CT: 0.6 ms]
   [Other: 1.5 ms]
      [Choose CSet: 0.0 ms]
      [Ref Proc: 0.5 ms]
      [Ref Enq: 0.0 ms]
      [Redirty Cards: 0.5 ms]
      [Humongous Register: 0.1 ms]
      [Humongous Reclaim: 0.0 ms]
      [Free CSet: 0.2 ms]
   [Eden: 132.0M(132.0M)->0.0B(126.0M) Survivors: 22.0M->20.0M Heap: 822.8M(2048.0M)->824.3M(2048.0M)]
 [Times: user=1.50 sys=0.00, real=0.19 secs] 
2020-09-29T11:55:39.661+0200: 145.131: [GC pause (G1 Evacuation Pause) (young), 0.1740607 secs]
   [Parallel Time: 172.1 ms, GC Workers: 8]
      [GC Worker Start (ms): Min: 145131.6, Avg: 145131.8, Max: 145131.9, Diff: 0.3]
      [Ext Root Scanning (ms): Min: 0.0, Avg: 0.1, Max: 0.3, Diff: 0.3, Sum: 1.1]
      [Update RS (ms): Min: 19.8, Avg: 20.0, Max: 20.4, Diff: 0.6, Sum: 160.3]
         [Processed Buffers: Min: 9, Avg: 11.4, Max: 15, Diff: 6, Sum: 91]
      [Scan RS (ms): Min: 13.5, Avg: 13.9, Max: 14.4, Diff: 0.9, Sum: 111.2]
      [Code Root Scanning (ms): Min: 0.0, Avg: 0.0, Max: 0.0, Diff: 0.0, Sum: 0.0]
      [Object Copy (ms): Min: 137.1, Avg: 137.5, Max: 137.6, Diff: 0.6, Sum: 1099.9]
      [Termination (ms): Min: 0.0, Avg: 0.1, Max: 0.1, Diff: 0.1, Sum: 0.9]
         [Termination Attempts: Min: 1, Avg: 280.5, Max: 356, Diff: 355, Sum: 2244]
      [GC Worker Other (ms): Min: 0.0, Avg: 0.0, Max: 0.1, Diff: 0.1, Sum: 0.4]
      [GC Worker Total (ms): Min: 171.5, Avg: 171.7, Max: 171.9, Diff: 0.3, Sum: 1373.6]
      [GC Worker End (ms): Min: 145303.5, Avg: 145303.5, Max: 145303.6, Diff: 0.1]
   [Code Root Fixup: 0.0 ms]
   [Code Root Purge: 0.0 ms]
   [Clear CT: 0.5 ms]
   [Other: 1.5 ms]
      [Choose CSet: 0.0 ms]
      [Ref Proc: 0.4 ms]
      [Ref Enq: 0.0 ms]
      [Redirty Cards: 0.5 ms]
      [Humongous Register: 0.1 ms]
      [Humongous Reclaim: 0.0 ms]
      [Free CSet: 0.2 ms]
   [Eden: 126.0M(126.0M)->0.0B(127.0M) Survivors: 20.0M->19.0M Heap: 971.3M(2048.0M)->973.8M(2048.0M)]
 [Times: user=1.36 sys=0.02, real=0.17 secs] 
2020-09-29T11:55:39.854+0200: 145.324: [GC pause (G1 Humongous Allocation) (young) (initial-mark), 0.0638981 secs]
   [Parallel Time: 62.3 ms, GC Workers: 8]
      [GC Worker Start (ms): Min: 145324.6, Avg: 145324.9, Max: 145325.6, Diff: 1.1]
      [Ext Root Scanning (ms): Min: 0.0, Avg: 1.6, Max: 2.7, Diff: 2.7, Sum: 12.8]
      [Update RS (ms): Min: 27.0, Avg: 28.6, Max: 29.9, Diff: 2.9, Sum: 228.9]
         [Processed Buffers: Min: 14, Avg: 15.6, Max: 19, Diff: 5, Sum: 125]
      [Scan RS (ms): Min: 2.4, Avg: 2.9, Max: 3.4, Diff: 1.0, Sum: 23.0]
      [Code Root Scanning (ms): Min: 0.0, Avg: 0.0, Max: 0.0, Diff: 0.0, Sum: 0.0]
      [Object Copy (ms): Min: 28.1, Avg: 28.5, Max: 28.6, Diff: 0.6, Sum: 228.3]
      [Termination (ms): Min: 0.0, Avg: 0.0, Max: 0.0, Diff: 0.0, Sum: 0.1]
         [Termination Attempts: Min: 1, Avg: 20.3, Max: 28, Diff: 27, Sum: 162]
      [GC Worker Other (ms): Min: 0.0, Avg: 0.0, Max: 0.0, Diff: 0.0, Sum: 0.2]
      [GC Worker Total (ms): Min: 60.9, Avg: 61.7, Max: 62.0, Diff: 1.1, Sum: 493.3]
      [GC Worker End (ms): Min: 145386.5, Avg: 145386.5, Max: 145386.6, Diff: 0.0]
   [Code Root Fixup: 0.0 ms]
   [Code Root Purge: 0.0 ms]
   [Clear CT: 0.3 ms]
   [Other: 1.2 ms]
      [Choose CSet: 0.0 ms]
      [Ref Proc: 0.4 ms]
      [Ref Enq: 0.0 ms]
      [Redirty Cards: 0.3 ms]
      [Humongous Register: 0.0 ms]
      [Humongous Reclaim: 0.0 ms]
      [Free CSet: 0.1 ms]
   [Eden: 11.0M(127.0M)->0.0B(140.0M) Survivors: 19.0M->12.0M Heap: 984.3M(2048.0M)->987.8M(2048.0M)]
 [Times: user=0.50 sys=0.00, real=0.06 secs] 
2020-09-29T11:55:39.919+0200: 145.388: [GC concurrent-root-region-scan-start]
2020-09-29T11:55:39.923+0200: 145.393: [GC concurrent-root-region-scan-end, 0.0041209 secs]
2020-09-29T11:55:39.923+0200: 145.393: [GC concurrent-mark-start]
2020-09-29T11:55:39.927+0200: 145.397: [GC concurrent-mark-end, 0.0045586 secs]
2020-09-29T11:55:39.928+0200: 145.398: [GC remark 2020-09-29T11:55:39.928+0200: 145.398: [Finalize Marking, 0.0004068 secs] 2020-09-29T11:55:39.928+0200: 145.398: [GC ref-proc, 0.0006380 secs] 2020-09-29T11:55:39.929+0200: 145.399: [Unloading, 0.0006952 secs], 0.0023857 secs]
 [Times: user=0.00 sys=0.00, real=0.00 secs] 
2020-09-29T11:55:39.931+0200: 145.401: [GC cleanup 998M->34M(2048M), 0.0021888 secs]
 [Times: user=0.00 sys=0.00, real=0.00 secs] 
2020-09-29T11:55:39.933+0200: 145.403: [GC concurrent-cleanup-start]
2020-09-29T11:55:39.935+0200: 145.405: [GC concurrent-cleanup-end, 0.0020785 secs]
2020-09-29T11:55:40.085+0200: 145.554: [GC pause (G1 Evacuation Pause) (young), 0.1633163 secs]
   [Parallel Time: 161.4 ms, GC Workers: 8]
      [GC Worker Start (ms): Min: 145554.7, Avg: 145554.8, Max: 145555.0, Diff: 0.3]
      [Ext Root Scanning (ms): Min: 0.0, Avg: 0.1, Max: 0.3, Diff: 0.3, Sum: 1.0]
      [Update RS (ms): Min: 15.5, Avg: 15.7, Max: 16.2, Diff: 0.7, Sum: 125.8]
         [Processed Buffers: Min: 8, Avg: 9.1, Max: 11, Diff: 3, Sum: 73]
      [Scan RS (ms): Min: 13.8, Avg: 14.3, Max: 14.7, Diff: 0.9, Sum: 114.5]
      [Code Root Scanning (ms): Min: 0.0, Avg: 0.0, Max: 0.0, Diff: 0.0, Sum: 0.0]
      [Object Copy (ms): Min: 130.5, Avg: 130.6, Max: 130.7, Diff: 0.2, Sum: 1044.8]
      [Termination (ms): Min: 0.0, Avg: 0.1, Max: 0.1, Diff: 0.1, Sum: 0.8]
         [Termination Attempts: Min: 1, Avg: 48.0, Max: 80, Diff: 79, Sum: 384]
      [GC Worker Other (ms): Min: 0.0, Avg: 0.0, Max: 0.0, Diff: 0.0, Sum: 0.2]
      [GC Worker Total (ms): Min: 160.7, Avg: 160.9, Max: 161.0, Diff: 0.3, Sum: 1287.0]
      [GC Worker End (ms): Min: 145715.7, Avg: 145715.7, Max: 145715.8, Diff: 0.0]
   [Code Root Fixup: 0.0 ms]
   [Code Root Purge: 0.0 ms]
   [Clear CT: 0.4 ms]
   [Other: 1.6 ms]
      [Choose CSet: 0.0 ms]
      [Ref Proc: 0.4 ms]
      [Ref Enq: 0.0 ms]
      [Redirty Cards: 0.4 ms]
      [Humongous Register: 0.1 ms]
      [Humongous Reclaim: 0.0 ms]
      [Free CSet: 0.3 ms]
   [Eden: 140.0M(140.0M)->0.0B(136.0M) Survivors: 12.0M->19.0M Heap: 188.8M(2048.0M)->178.8M(2048.0M)]
 [Times: user=1.23 sys=0.00, real=0.16 secs] 
2020-09-29T11:55:40.418+0200: 145.888: [GC pause (G1 Evacuation Pause) (young), 0.1831774 secs]
   [Parallel Time: 180.7 ms, GC Workers: 8]
      [GC Worker Start (ms): Min: 145888.6, Avg: 145888.8, Max: 145888.9, Diff: 0.3]
      [Ext Root Scanning (ms): Min: 0.0, Avg: 0.1, Max: 0.3, Diff: 0.3, Sum: 1.0]
      [Update RS (ms): Min: 18.1, Avg: 18.3, Max: 18.7, Diff: 0.6, Sum: 146.6]
         [Processed Buffers: Min: 9, Avg: 10.6, Max: 12, Diff: 3, Sum: 85]
      [Scan RS (ms): Min: 15.2, Avg: 15.5, Max: 15.8, Diff: 0.7, Sum: 124.1]
      [Code Root Scanning (ms): Min: 0.0, Avg: 0.0, Max: 0.0, Diff: 0.0, Sum: 0.0]
      [Object Copy (ms): Min: 146.1, Avg: 146.2, Max: 146.3, Diff: 0.2, Sum: 1169.7]
      [Termination (ms): Min: 0.0, Avg: 0.1, Max: 0.1, Diff: 0.1, Sum: 0.7]
         [Termination Attempts: Min: 1, Avg: 215.3, Max: 284, Diff: 283, Sum: 1722]
      [GC Worker Other (ms): Min: 0.0, Avg: 0.1, Max: 0.1, Diff: 0.1, Sum: 0.4]
      [GC Worker Total (ms): Min: 180.2, Avg: 180.3, Max: 180.6, Diff: 0.4, Sum: 1442.6]
      [GC Worker End (ms): Min: 146069.1, Avg: 146069.1, Max: 146069.2, Diff: 0.1]
   [Code Root Fixup: 0.0 ms]
   [Code Root Purge: 0.0 ms]
   [Clear CT: 0.4 ms]
   [Other: 2.0 ms]
      [Choose CSet: 0.0 ms]
      [Ref Proc: 0.4 ms]
      [Ref Enq: 0.0 ms]
      [Redirty Cards: 0.8 ms]
      [Humongous Register: 0.1 ms]
      [Humongous Reclaim: 0.0 ms]
      [Free CSet: 0.2 ms]
   [Eden: 136.0M(136.0M)->0.0B(132.0M) Survivors: 19.0M->20.0M Heap: 337.7M(2048.0M)->339.7M(2048.0M)]
 [Times: user=1.50 sys=0.00, real=0.18 secs] 
2020-09-29T11:55:40.754+0200: 146.225: [GC pause (G1 Evacuation Pause) (young), 0.1797333 secs]
   [Parallel Time: 177.6 ms, GC Workers: 8]
      [GC Worker Start (ms): Min: 146225.0, Avg: 146225.2, Max: 146225.3, Diff: 0.3]
      [Ext Root Scanning (ms): Min: 0.0, Avg: 0.1, Max: 0.3, Diff: 0.3, Sum: 1.1]
      [Update RS (ms): Min: 19.5, Avg: 19.8, Max: 20.4, Diff: 0.9, Sum: 158.7]
         [Processed Buffers: Min: 10, Avg: 10.5, Max: 13, Diff: 3, Sum: 84]
      [Scan RS (ms): Min: 13.7, Avg: 14.3, Max: 14.6, Diff: 0.9, Sum: 114.0]
      [Code Root Scanning (ms): Min: 0.0, Avg: 0.0, Max: 0.0, Diff: 0.0, Sum: 0.0]
      [Object Copy (ms): Min: 142.8, Avg: 142.9, Max: 143.0, Diff: 0.2, Sum: 1143.0]
      [Termination (ms): Min: 0.0, Avg: 0.0, Max: 0.0, Diff: 0.0, Sum: 0.1]
         [Termination Attempts: Min: 1, Avg: 40.0, Max: 54, Diff: 53, Sum: 320]
      [GC Worker Other (ms): Min: 0.0, Avg: 0.0, Max: 0.1, Diff: 0.1, Sum: 0.3]
      [GC Worker Total (ms): Min: 177.0, Avg: 177.2, Max: 177.3, Diff: 0.3, Sum: 1417.3]
      [GC Worker End (ms): Min: 146402.3, Avg: 146402.3, Max: 146402.4, Diff: 0.1]
   [Code Root Fixup: 0.0 ms]
   [Code Root Purge: 0.0 ms]
   [Clear CT: 0.4 ms]
   [Other: 1.7 ms]
      [Choose CSet: 0.0 ms]
      [Ref Proc: 0.4 ms]
      [Ref Enq: 0.0 ms]
      [Redirty Cards: 0.6 ms]
      [Humongous Register: 0.1 ms]
      [Humongous Reclaim: 0.0 ms]
      [Free CSet: 0.2 ms]
   [Eden: 132.0M(132.0M)->0.0B(133.0M) Survivors: 20.0M->19.0M Heap: 492.7M(2048.0M)->494.7M(2048.0M)]
 [Times: user=1.36 sys=0.02, real=0.18 secs] 
2020-09-29T11:55:41.094+0200: 146.564: [GC pause (G1 Evacuation Pause) (young), 0.1740686 secs]
   [Parallel Time: 171.9 ms, GC Workers: 8]
      [GC Worker Start (ms): Min: 146564.2, Avg: 146564.4, Max: 146564.6, Diff: 0.3]
      [Ext Root Scanning (ms): Min: 0.0, Avg: 0.1, Max: 0.3, Diff: 0.3, Sum: 1.0]
      [Update RS (ms): Min: 19.1, Avg: 19.3, Max: 19.8, Diff: 0.7, Sum: 154.6]
         [Processed Buffers: Min: 9, Avg: 10.9, Max: 12, Diff: 3, Sum: 87]
      [Scan RS (ms): Min: 14.1, Avg: 14.6, Max: 14.9, Diff: 0.8, Sum: 116.5]
      [Code Root Scanning (ms): Min: 0.0, Avg: 0.0, Max: 0.0, Diff: 0.0, Sum: 0.0]
      [Object Copy (ms): Min: 137.2, Avg: 137.3, Max: 137.3, Diff: 0.2, Sum: 1098.2]
      [Termination (ms): Min: 0.0, Avg: 0.0, Max: 0.0, Diff: 0.0, Sum: 0.1]
         [Termination Attempts: Min: 1, Avg: 15.6, Max: 24, Diff: 23, Sum: 125]
      [GC Worker Other (ms): Min: 0.0, Avg: 0.1, Max: 0.1, Diff: 0.1, Sum: 0.4]
      [GC Worker Total (ms): Min: 171.2, Avg: 171.4, Max: 171.6, Diff: 0.4, Sum: 1370.8]
      [GC Worker End (ms): Min: 146735.8, Avg: 146735.8, Max: 146735.9, Diff: 0.1]
   [Code Root Fixup: 0.0 ms]
   [Code Root Purge: 0.0 ms]
   [Clear CT: 0.6 ms]
   [Other: 1.6 ms]
      [Choose CSet: 0.0 ms]
      [Ref Proc: 0.4 ms]
      [Ref Enq: 0.0 ms]
      [Redirty Cards: 0.5 ms]
      [Humongous Register: 0.1 ms]
      [Humongous Reclaim: 0.0 ms]
      [Free CSet: 0.3 ms]
   [Eden: 133.0M(133.0M)->0.0B(135.0M) Survivors: 19.0M->19.0M Heap: 650.6M(2048.0M)->652.6M(2048.0M)]
 [Times: user=1.38 sys=0.00, real=0.17 secs] 
2020-09-29T11:55:41.432+0200: 146.903: [GC pause (G1 Evacuation Pause) (young), 0.2149644 secs]
   [Parallel Time: 213.0 ms, GC Workers: 8]
      [GC Worker Start (ms): Min: 146902.8, Avg: 146903.0, Max: 146903.1, Diff: 0.3]
      [Ext Root Scanning (ms): Min: 0.0, Avg: 0.1, Max: 0.3, Diff: 0.3, Sum: 1.1]
      [Update RS (ms): Min: 21.1, Avg: 21.4, Max: 21.9, Diff: 0.8, Sum: 170.8]
         [Processed Buffers: Min: 10, Avg: 12.3, Max: 15, Diff: 5, Sum: 98]
      [Scan RS (ms): Min: 15.8, Avg: 16.5, Max: 18.9, Diff: 3.1, Sum: 131.8]
      [Code Root Scanning (ms): Min: 0.0, Avg: 0.0, Max: 0.0, Diff: 0.0, Sum: 0.0]
      [Object Copy (ms): Min: 171.4, Avg: 173.8, Max: 174.7, Diff: 3.3, Sum: 1390.6]
      [Termination (ms): Min: 0.0, Avg: 0.7, Max: 0.9, Diff: 0.9, Sum: 5.4]
         [Termination Attempts: Min: 1, Avg: 1966.8, Max: 2432, Diff: 2431, Sum: 15734]
      [GC Worker Other (ms): Min: 0.0, Avg: 0.1, Max: 0.1, Diff: 0.1, Sum: 0.4]
      [GC Worker Total (ms): Min: 212.5, Avg: 212.5, Max: 212.7, Diff: 0.3, Sum: 1700.3]
      [GC Worker End (ms): Min: 147115.5, Avg: 147115.5, Max: 147115.5, Diff: 0.1]
   [Code Root Fixup: 0.0 ms]
   [Code Root Purge: 0.0 ms]
   [Clear CT: 0.4 ms]
   [Other: 1.5 ms]
      [Choose CSet: 0.0 ms]
      [Ref Proc: 0.3 ms]
      [Ref Enq: 0.0 ms]
      [Redirty Cards: 0.6 ms]
      [Humongous Register: 0.1 ms]
      [Humongous Reclaim: 0.0 ms]
      [Free CSet: 0.2 ms]
   [Eden: 135.0M(135.0M)->0.0B(119.0M) Survivors: 19.0M->20.0M Heap: 810.4M(2048.0M)->811.9M(2048.0M)]
 [Times: user=1.73 sys=0.00, real=0.22 secs] 
2020-09-29T11:55:41.792+0200: 147.262: [GC pause (G1 Evacuation Pause) (young), 0.1657201 secs]
   [Parallel Time: 163.1 ms, GC Workers: 8]
      [GC Worker Start (ms): Min: 147262.6, Avg: 147262.8, Max: 147262.9, Diff: 0.3]
      [Ext Root Scanning (ms): Min: 0.0, Avg: 0.1, Max: 0.3, Diff: 0.3, Sum: 1.0]
      [Update RS (ms): Min: 19.3, Avg: 19.7, Max: 20.4, Diff: 1.0, Sum: 157.5]
         [Processed Buffers: Min: 9, Avg: 10.6, Max: 13, Diff: 4, Sum: 85]
      [Scan RS (ms): Min: 11.8, Avg: 12.4, Max: 12.8, Diff: 1.0, Sum: 99.4]
      [Code Root Scanning (ms): Min: 0.0, Avg: 0.0, Max: 0.0, Diff: 0.0, Sum: 0.0]
      [Object Copy (ms): Min: 130.1, Avg: 130.2, Max: 130.4, Diff: 0.2, Sum: 1041.9]
      [Termination (ms): Min: 0.0, Avg: 0.1, Max: 0.1, Diff: 0.1, Sum: 0.6]
         [Termination Attempts: Min: 1, Avg: 185.1, Max: 232, Diff: 231, Sum: 1481]
      [GC Worker Other (ms): Min: 0.0, Avg: 0.1, Max: 0.1, Diff: 0.1, Sum: 0.6]
      [GC Worker Total (ms): Min: 162.5, Avg: 162.6, Max: 162.8, Diff: 0.3, Sum: 1301.0]
      [GC Worker End (ms): Min: 147425.3, Avg: 147425.4, Max: 147425.5, Diff: 0.1]
   [Code Root Fixup: 0.0 ms]
   [Code Root Purge: 0.0 ms]
   [Clear CT: 0.4 ms]
   [Other: 2.3 ms]
      [Choose CSet: 0.0 ms]
      [Ref Proc: 0.3 ms]
      [Ref Enq: 0.0 ms]
      [Redirty Cards: 1.5 ms]
      [Humongous Register: 0.1 ms]
      [Humongous Reclaim: 0.0 ms]
      [Free CSet: 0.2 ms]
   [Eden: 119.0M(119.0M)->0.0B(126.0M) Survivors: 20.0M->18.0M Heap: 950.0M(2048.0M)->952.0M(2048.0M)]
 [Times: user=1.25 sys=0.01, real=0.17 secs] 
2020-09-29T11:55:41.966+0200: 147.436: [GC pause (G1 Humongous Allocation) (young) (initial-mark), 0.0711100 secs]
   [Parallel Time: 66.0 ms, GC Workers: 8]
      [GC Worker Start (ms): Min: 147437.8, Avg: 147437.9, Max: 147438.1, Diff: 0.3]
      [Ext Root Scanning (ms): Min: 0.0, Avg: 0.3, Max: 0.6, Diff: 0.6, Sum: 2.4]
      [Update RS (ms): Min: 37.6, Avg: 38.1, Max: 38.7, Diff: 1.1, Sum: 304.6]
         [Processed Buffers: Min: 20, Avg: 20.8, Max: 22, Diff: 2, Sum: 166]
      [Scan RS (ms): Min: 1.3, Avg: 1.8, Max: 2.3, Diff: 1.0, Sum: 14.3]
      [Code Root Scanning (ms): Min: 0.0, Avg: 0.0, Max: 0.0, Diff: 0.0, Sum: 0.0]
      [Object Copy (ms): Min: 25.4, Avg: 25.5, Max: 25.5, Diff: 0.2, Sum: 203.7]
      [Termination (ms): Min: 0.0, Avg: 0.1, Max: 0.1, Diff: 0.1, Sum: 0.4]
         [Termination Attempts: Min: 1, Avg: 142.9, Max: 181, Diff: 180, Sum: 1143]
      [GC Worker Other (ms): Min: 0.0, Avg: 0.0, Max: 0.0, Diff: 0.0, Sum: 0.2]
      [GC Worker Total (ms): Min: 65.5, Avg: 65.7, Max: 65.9, Diff: 0.3, Sum: 525.7]
      [GC Worker End (ms): Min: 147503.6, Avg: 147503.6, Max: 147503.6, Diff: 0.0]
   [Code Root Fixup: 0.0 ms]
   [Code Root Purge: 0.0 ms]
   [Clear CT: 1.8 ms]
   [Other: 3.4 ms]
      [Choose CSet: 0.0 ms]
      [Ref Proc: 0.5 ms]
      [Ref Enq: 0.0 ms]
      [Redirty Cards: 0.8 ms]
      [Humongous Register: 1.6 ms]
      [Humongous Reclaim: 0.0 ms]
      [Free CSet: 0.1 ms]
   [Eden: 7168.0K(126.0M)->0.0B(136.0M) Survivors: 18.0M->8192.0K Heap: 958.5M(2048.0M)->962.0M(2048.0M)]
 [Times: user=0.50 sys=0.00, real=0.07 secs] 
2020-09-29T11:55:42.037+0200: 147.507: [GC concurrent-root-region-scan-start]
2020-09-29T11:55:42.040+0200: 147.510: [GC concurrent-root-region-scan-end, 0.0026200 secs]
2020-09-29T11:55:42.040+0200: 147.510: [GC concurrent-mark-start]
2020-09-29T11:55:42.044+0200: 147.515: [GC concurrent-mark-end, 0.0046158 secs]
2020-09-29T11:55:42.045+0200: 147.515: [GC remark 2020-09-29T11:55:42.045+0200: 147.515: [Finalize Marking, 0.0005382 secs] 2020-09-29T11:55:42.045+0200: 147.516: [GC ref-proc, 0.0006386 secs] 2020-09-29T11:55:42.046+0200: 147.516: [Unloading, 0.0010694 secs], 0.0030832 secs]
 [Times: user=0.00 sys=0.00, real=0.00 secs] 
2020-09-29T11:55:42.049+0200: 147.519: [GC cleanup 970M->28M(2048M), 0.0025813 secs]
 [Times: user=0.00 sys=0.02, real=0.00 secs] 
2020-09-29T11:55:42.051+0200: 147.522: [GC concurrent-cleanup-start]
2020-09-29T11:55:42.053+0200: 147.524: [GC concurrent-cleanup-end, 0.0020467 secs]
2020-09-29T11:55:42.199+0200: 147.669: [GC pause (G1 Evacuation Pause) (young), 0.1659838 secs]
   [Parallel Time: 163.9 ms, GC Workers: 8]
      [GC Worker Start (ms): Min: 147669.4, Avg: 147669.6, Max: 147669.8, Diff: 0.3]
      [Ext Root Scanning (ms): Min: 0.0, Avg: 0.1, Max: 0.3, Diff: 0.3, Sum: 1.0]
      [Update RS (ms): Min: 18.7, Avg: 19.2, Max: 20.0, Diff: 1.3, Sum: 153.9]
         [Processed Buffers: Min: 9, Avg: 10.0, Max: 11, Diff: 2, Sum: 80]
      [Scan RS (ms): Min: 11.0, Avg: 11.9, Max: 12.6, Diff: 1.6, Sum: 95.3]
      [Code Root Scanning (ms): Min: 0.0, Avg: 0.0, Max: 0.0, Diff: 0.0, Sum: 0.0]
      [Object Copy (ms): Min: 131.8, Avg: 132.0, Max: 132.1, Diff: 0.3, Sum: 1056.2]
      [Termination (ms): Min: 0.0, Avg: 0.0, Max: 0.0, Diff: 0.0, Sum: 0.1]
         [Termination Attempts: Min: 1, Avg: 25.1, Max: 40, Diff: 39, Sum: 201]
      [GC Worker Other (ms): Min: 0.0, Avg: 0.1, Max: 0.1, Diff: 0.1, Sum: 0.5]
      [GC Worker Total (ms): Min: 163.2, Avg: 163.4, Max: 163.6, Diff: 0.4, Sum: 1306.9]
      [GC Worker End (ms): Min: 147833.0, Avg: 147833.0, Max: 147833.1, Diff: 0.1]
   [Code Root Fixup: 0.0 ms]
   [Code Root Purge: 0.0 ms]
   [Clear CT: 0.5 ms]
   [Other: 1.6 ms]
      [Choose CSet: 0.0 ms]
      [Ref Proc: 0.3 ms]
      [Ref Enq: 0.0 ms]
      [Redirty Cards: 0.6 ms]
      [Humongous Register: 0.1 ms]
      [Humongous Reclaim: 0.0 ms]
      [Free CSet: 0.3 ms]
   [Eden: 136.0M(136.0M)->0.0B(130.0M) Survivors: 8192.0K->18.0M Heap: 178.9M(2048.0M)->172.9M(2048.0M)]
 [Times: user=1.23 sys=0.03, real=0.17 secs] 
2020-09-29T11:55:42.520+0200: 147.990: [GC pause (G1 Evacuation Pause) (young), 0.1756790 secs]
   [Parallel Time: 171.9 ms, GC Workers: 8]
      [GC Worker Start (ms): Min: 147990.2, Avg: 147990.4, Max: 147990.6, Diff: 0.3]
      [Ext Root Scanning (ms): Min: 0.0, Avg: 0.1, Max: 0.3, Diff: 0.3, Sum: 1.0]
      [Update RS (ms): Min: 21.5, Avg: 21.9, Max: 23.1, Diff: 1.6, Sum: 175.0]
         [Processed Buffers: Min: 10, Avg: 12.0, Max: 15, Diff: 5, Sum: 96]
      [Scan RS (ms): Min: 11.7, Avg: 12.9, Max: 13.4, Diff: 1.7, Sum: 103.4]
      [Code Root Scanning (ms): Min: 0.0, Avg: 0.0, Max: 0.0, Diff: 0.0, Sum: 0.0]
      [Object Copy (ms): Min: 136.3, Avg: 136.4, Max: 136.5, Diff: 0.2, Sum: 1091.2]
      [Termination (ms): Min: 0.0, Avg: 0.0, Max: 0.1, Diff: 0.1, Sum: 0.4]
         [Termination Attempts: Min: 1, Avg: 126.4, Max: 162, Diff: 161, Sum: 1011]
      [GC Worker Other (ms): Min: 0.0, Avg: 0.0, Max: 0.1, Diff: 0.1, Sum: 0.3]
      [GC Worker Total (ms): Min: 171.3, Avg: 171.4, Max: 171.6, Diff: 0.4, Sum: 1371.3]
      [GC Worker End (ms): Min: 148161.8, Avg: 148161.8, Max: 148161.9, Diff: 0.0]
   [Code Root Fixup: 0.0 ms]
   [Code Root Purge: 0.0 ms]
   [Clear CT: 0.4 ms]
   [Other: 3.4 ms]
      [Choose CSet: 0.0 ms]
      [Ref Proc: 0.4 ms]
      [Ref Enq: 0.0 ms]
      [Redirty Cards: 2.2 ms]
      [Humongous Register: 0.1 ms]
      [Humongous Reclaim: 0.0 ms]
      [Free CSet: 0.2 ms]
   [Eden: 130.0M(130.0M)->0.0B(130.0M) Survivors: 18.0M->19.0M Heap: 325.8M(2048.0M)->327.8M(2048.0M)]
 [Times: user=1.22 sys=0.02, real=0.18 secs] 
2020-09-29T11:55:42.845+0200: 148.316: [GC pause (G1 Evacuation Pause) (young), 0.1730068 secs]
   [Parallel Time: 169.8 ms, GC Workers: 8]
      [GC Worker Start (ms): Min: 148315.8, Avg: 148316.0, Max: 148316.1, Diff: 0.4]
      [Ext Root Scanning (ms): Min: 0.0, Avg: 0.1, Max: 0.3, Diff: 0.3, Sum: 0.9]
      [Update RS (ms): Min: 17.5, Avg: 18.1, Max: 19.0, Diff: 1.5, Sum: 144.6]
         [Processed Buffers: Min: 9, Avg: 9.6, Max: 12, Diff: 3, Sum: 77]
      [Scan RS (ms): Min: 13.7, Avg: 14.6, Max: 15.2, Diff: 1.5, Sum: 117.1]
      [Code Root Scanning (ms): Min: 0.0, Avg: 0.0, Max: 0.0, Diff: 0.0, Sum: 0.0]
      [Object Copy (ms): Min: 136.4, Avg: 136.5, Max: 136.6, Diff: 0.1, Sum: 1092.0]
      [Termination (ms): Min: 0.0, Avg: 0.1, Max: 0.1, Diff: 0.1, Sum: 0.8]
         [Termination Attempts: Min: 1, Avg: 248.3, Max: 320, Diff: 319, Sum: 1986]
      [GC Worker Other (ms): Min: 0.0, Avg: 0.1, Max: 0.1, Diff: 0.1, Sum: 0.5]
      [GC Worker Total (ms): Min: 169.3, Avg: 169.5, Max: 169.7, Diff: 0.4, Sum: 1355.9]
      [GC Worker End (ms): Min: 148485.4, Avg: 148485.5, Max: 148485.5, Diff: 0.1]
   [Code Root Fixup: 0.0 ms]
   [Code Root Purge: 0.0 ms]
   [Clear CT: 1.1 ms]
   [Other: 2.0 ms]
      [Choose CSet: 0.0 ms]
      [Ref Proc: 0.5 ms]
      [Ref Enq: 0.0 ms]
      [Redirty Cards: 0.9 ms]
      [Humongous Register: 0.1 ms]
      [Humongous Reclaim: 0.0 ms]
      [Free CSet: 0.2 ms]
   [Eden: 130.0M(130.0M)->0.0B(132.0M) Survivors: 19.0M->19.0M Heap: 478.8M(2048.0M)->481.3M(2048.0M)]
 [Times: user=1.36 sys=0.00, real=0.17 secs] 
2020-09-29T11:55:43.170+0200: 148.641: [GC pause (G1 Evacuation Pause) (young), 0.1847614 secs]
   [Parallel Time: 182.1 ms, GC Workers: 8]
      [GC Worker Start (ms): Min: 148640.7, Avg: 148640.8, Max: 148641.0, Diff: 0.3]
      [Ext Root Scanning (ms): Min: 0.0, Avg: 0.2, Max: 0.3, Diff: 0.2, Sum: 1.3]
      [Update RS (ms): Min: 20.2, Avg: 20.5, Max: 21.9, Diff: 1.6, Sum: 164.3]
         [Processed Buffers: Min: 10, Avg: 11.8, Max: 14, Diff: 4, Sum: 94]
      [Scan RS (ms): Min: 12.5, Avg: 13.8, Max: 14.1, Diff: 1.5, Sum: 110.3]
      [Code Root Scanning (ms): Min: 0.0, Avg: 0.0, Max: 0.0, Diff: 0.0, Sum: 0.0]
      [Object Copy (ms): Min: 147.0, Avg: 147.1, Max: 147.1, Diff: 0.1, Sum: 1176.8]
      [Termination (ms): Min: 0.0, Avg: 0.0, Max: 0.0, Diff: 0.0, Sum: 0.1]
         [Termination Attempts: Min: 1, Avg: 43.1, Max: 60, Diff: 59, Sum: 345]
      [GC Worker Other (ms): Min: 0.0, Avg: 0.1, Max: 0.1, Diff: 0.1, Sum: 0.5]
      [GC Worker Total (ms): Min: 181.5, Avg: 181.7, Max: 181.8, Diff: 0.3, Sum: 1453.3]
      [GC Worker End (ms): Min: 148822.5, Avg: 148822.5, Max: 148822.6, Diff: 0.1]
   [Code Root Fixup: 0.0 ms]
   [Code Root Purge: 0.0 ms]
   [Clear CT: 0.5 ms]
   [Other: 2.1 ms]
      [Choose CSet: 0.0 ms]
      [Ref Proc: 0.5 ms]
      [Ref Enq: 0.0 ms]
      [Redirty Cards: 1.1 ms]
      [Humongous Register: 0.1 ms]
      [Humongous Reclaim: 0.0 ms]
      [Free CSet: 0.2 ms]
   [Eden: 132.0M(132.0M)->0.0B(130.0M) Survivors: 19.0M->19.0M Heap: 636.1M(2048.0M)->637.1M(2048.0M)]
 [Times: user=1.50 sys=0.00, real=0.18 secs] 
2020-09-29T11:55:43.433+0200: 148.903: [GC pause (G1 Evacuation Pause) (young), 0.0761512 secs]
   [Parallel Time: 74.8 ms, GC Workers: 8]
      [GC Worker Start (ms): Min: 148902.7, Avg: 148902.8, Max: 148902.9, Diff: 0.2]
      [Ext Root Scanning (ms): Min: 0.0, Avg: 0.1, Max: 0.2, Diff: 0.2, Sum: 0.5]
      [Update RS (ms): Min: 7.9, Avg: 8.0, Max: 8.4, Diff: 0.6, Sum: 64.2]
         [Processed Buffers: Min: 9, Avg: 10.0, Max: 13, Diff: 4, Sum: 80]
      [Scan RS (ms): Min: 5.6, Avg: 6.0, Max: 6.2, Diff: 0.6, Sum: 48.3]
      [Code Root Scanning (ms): Min: 0.0, Avg: 0.0, Max: 0.0, Diff: 0.0, Sum: 0.0]
      [Object Copy (ms): Min: 60.2, Avg: 60.3, Max: 60.4, Diff: 0.2, Sum: 482.6]
      [Termination (ms): Min: 0.0, Avg: 0.1, Max: 0.2, Diff: 0.2, Sum: 0.9]
         [Termination Attempts: Min: 1, Avg: 822.4, Max: 1058, Diff: 1057, Sum: 6579]
      [GC Worker Other (ms): Min: 0.0, Avg: 0.0, Max: 0.0, Diff: 0.0, Sum: 0.1]
      [GC Worker Total (ms): Min: 74.5, Avg: 74.6, Max: 74.7, Diff: 0.2, Sum: 596.6]
      [GC Worker End (ms): Min: 148977.4, Avg: 148977.4, Max: 148977.4, Diff: 0.0]
   [Code Root Fixup: 0.0 ms]
   [Code Root Purge: 0.0 ms]
   [Clear CT: 0.4 ms]
   [Other: 0.9 ms]
      [Choose CSet: 0.0 ms]
      [Ref Proc: 0.2 ms]
      [Ref Enq: 0.0 ms]
      [Redirty Cards: 0.3 ms]
      [Humongous Register: 0.0 ms]
      [Humongous Reclaim: 0.0 ms]
      [Free CSet: 0.1 ms]
   [Eden: 130.0M(130.0M)->0.0B(149.0M) Survivors: 19.0M->19.0M Heap: 788.1M(2048.0M)->789.6M(2048.0M)]
 [Times: user=0.63 sys=0.00, real=0.08 secs] 
2020-09-29T11:55:43.586+0200: 149.056: [GC pause (G1 Evacuation Pause) (young), 0.0812988 secs]
   [Parallel Time: 77.9 ms, GC Workers: 8]
      [GC Worker Start (ms): Min: 149055.7, Avg: 149055.8, Max: 149055.9, Diff: 0.2]
      [Ext Root Scanning (ms): Min: 0.0, Avg: 0.0, Max: 0.2, Diff: 0.2, Sum: 0.4]
      [Update RS (ms): Min: 9.0, Avg: 9.2, Max: 9.4, Diff: 0.4, Sum: 73.3]
         [Processed Buffers: Min: 10, Avg: 11.6, Max: 14, Diff: 4, Sum: 93]
      [Scan RS (ms): Min: 6.3, Avg: 6.5, Max: 6.7, Diff: 0.4, Sum: 51.9]
      [Code Root Scanning (ms): Min: 0.0, Avg: 0.0, Max: 0.0, Diff: 0.0, Sum: 0.0]
      [Object Copy (ms): Min: 61.5, Avg: 61.6, Max: 61.6, Diff: 0.1, Sum: 492.6]
      [Termination (ms): Min: 0.0, Avg: 0.0, Max: 0.0, Diff: 0.0, Sum: 0.1]
         [Termination Attempts: Min: 1, Avg: 50.8, Max: 69, Diff: 68, Sum: 406]
      [GC Worker Other (ms): Min: 0.0, Avg: 0.1, Max: 0.4, Diff: 0.3, Sum: 0.5]
      [GC Worker Total (ms): Min: 77.2, Avg: 77.4, Max: 77.6, Diff: 0.4, Sum: 618.8]
      [GC Worker End (ms): Min: 149133.1, Avg: 149133.1, Max: 149133.4, Diff: 0.3]
   [Code Root Fixup: 0.0 ms]
   [Code Root Purge: 0.0 ms]
   [Clear CT: 0.8 ms]
   [Other: 2.6 ms]
      [Choose CSet: 0.0 ms]
      [Ref Proc: 0.2 ms]
      [Ref Enq: 0.0 ms]
      [Redirty Cards: 2.0 ms]
      [Humongous Register: 0.0 ms]
      [Humongous Reclaim: 0.0 ms]
      [Free CSet: 0.1 ms]
   [Eden: 149.0M(149.0M)->0.0B(177.0M) Survivors: 19.0M->21.0M Heap: 963.4M(2048.0M)->965.4M(2048.0M)]
 [Times: user=0.63 sys=0.00, real=0.08 secs] 
2020-09-29T11:55:43.670+0200: 149.140: [GC pause (G1 Humongous Allocation) (young) (initial-mark), 0.0330582 secs]
   [Parallel Time: 32.0 ms, GC Workers: 8]
      [GC Worker Start (ms): Min: 149140.3, Avg: 149140.3, Max: 149140.4, Diff: 0.1]
      [Ext Root Scanning (ms): Min: 0.0, Avg: 0.1, Max: 0.2, Diff: 0.1, Sum: 0.7]
      [Update RS (ms): Min: 18.9, Avg: 19.1, Max: 19.3, Diff: 0.4, Sum: 153.0]
         [Processed Buffers: Min: 25, Avg: 25.5, Max: 27, Diff: 2, Sum: 204]
      [Scan RS (ms): Min: 0.8, Avg: 0.9, Max: 1.1, Diff: 0.4, Sum: 7.6]
      [Code Root Scanning (ms): Min: 0.0, Avg: 0.0, Max: 0.0, Diff: 0.0, Sum: 0.0]
      [Object Copy (ms): Min: 11.6, Avg: 11.6, Max: 11.7, Diff: 0.1, Sum: 93.1]
      [Termination (ms): Min: 0.0, Avg: 0.0, Max: 0.0, Diff: 0.0, Sum: 0.3]
         [Termination Attempts: Min: 1, Avg: 229.0, Max: 311, Diff: 310, Sum: 1832]
      [GC Worker Other (ms): Min: 0.0, Avg: 0.0, Max: 0.0, Diff: 0.0, Sum: 0.1]
      [GC Worker Total (ms): Min: 31.8, Avg: 31.8, Max: 31.9, Diff: 0.1, Sum: 254.8]
      [GC Worker End (ms): Min: 149172.2, Avg: 149172.2, Max: 149172.2, Diff: 0.0]
   [Code Root Fixup: 0.0 ms]
   [Code Root Purge: 0.0 ms]
   [Clear CT: 0.3 ms]
   [Other: 0.8 ms]
      [Choose CSet: 0.0 ms]
      [Ref Proc: 0.3 ms]
      [Ref Enq: 0.0 ms]
      [Redirty Cards: 0.2 ms]
      [Humongous Register: 0.1 ms]
      [Humongous Reclaim: 0.0 ms]
      [Free CSet: 0.0 ms]
   [Eden: 6144.0K(177.0M)->0.0B(216.0M) Survivors: 21.0M->8192.0K Heap: 971.4M(2048.0M)->975.4M(2048.0M)]
 [Times: user=0.25 sys=0.00, real=0.03 secs] 
2020-09-29T11:55:43.703+0200: 149.173: [GC concurrent-root-region-scan-start]
2020-09-29T11:55:43.705+0200: 149.175: [GC concurrent-root-region-scan-end, 0.0016561 secs]
2020-09-29T11:55:43.705+0200: 149.175: [GC concurrent-mark-start]
2020-09-29T11:55:43.707+0200: 149.177: [GC concurrent-mark-end, 0.0023058 secs]
2020-09-29T11:55:43.708+0200: 149.177: [GC remark 2020-09-29T11:55:43.708+0200: 149.177: [Finalize Marking, 0.0001925 secs] 2020-09-29T11:55:43.708+0200: 149.178: [GC ref-proc, 0.0002723 secs] 2020-09-29T11:55:43.708+0200: 149.178: [Unloading, 0.0004345 secs], 0.0012408 secs]
 [Times: user=0.00 sys=0.00, real=0.00 secs] 
2020-09-29T11:55:43.709+0200: 149.179: [GC cleanup 986M->30M(2048M), 0.0010169 secs]
 [Times: user=0.00 sys=0.00, real=0.00 secs] 
2020-09-29T11:55:43.710+0200: 149.180: [GC concurrent-cleanup-start]
2020-09-29T11:55:43.711+0200: 149.181: [GC concurrent-cleanup-end, 0.0009471 secs]
2020-09-29T11:55:43.808+0200: 149.277: [GC pause (G1 Evacuation Pause) (young), 0.0984101 secs]
   [Parallel Time: 97.3 ms, GC Workers: 8]
      [GC Worker Start (ms): Min: 149277.5, Avg: 149277.6, Max: 149277.7, Diff: 0.2]
      [Ext Root Scanning (ms): Min: 0.0, Avg: 0.1, Max: 0.1, Diff: 0.1, Sum: 0.5]
      [Update RS (ms): Min: 9.4, Avg: 9.6, Max: 10.1, Diff: 0.7, Sum: 76.7]
         [Processed Buffers: Min: 11, Avg: 11.5, Max: 12, Diff: 1, Sum: 92]
      [Scan RS (ms): Min: 8.7, Avg: 9.2, Max: 9.4, Diff: 0.7, Sum: 73.8]
      [Code Root Scanning (ms): Min: 0.0, Avg: 0.0, Max: 0.0, Diff: 0.0, Sum: 0.0]
      [Object Copy (ms): Min: 78.1, Avg: 78.2, Max: 78.2, Diff: 0.1, Sum: 625.4]
      [Termination (ms): Min: 0.0, Avg: 0.0, Max: 0.0, Diff: 0.0, Sum: 0.1]
         [Termination Attempts: Min: 1, Avg: 43.9, Max: 61, Diff: 60, Sum: 351]
      [GC Worker Other (ms): Min: 0.0, Avg: 0.0, Max: 0.0, Diff: 0.0, Sum: 0.2]
      [GC Worker Total (ms): Min: 97.0, Avg: 97.1, Max: 97.2, Diff: 0.2, Sum: 776.8]
      [GC Worker End (ms): Min: 149374.7, Avg: 149374.7, Max: 149374.7, Diff: 0.0]
   [Code Root Fixup: 0.0 ms]
   [Code Root Purge: 0.0 ms]
   [Clear CT: 0.2 ms]
   [Other: 0.9 ms]
      [Choose CSet: 0.0 ms]
      [Ref Proc: 0.2 ms]
      [Ref Enq: 0.0 ms]
      [Redirty Cards: 0.4 ms]
      [Humongous Register: 0.0 ms]
      [Humongous Reclaim: 0.0 ms]
      [Free CSet: 0.1 ms]
   [Eden: 216.0M(216.0M)->0.0B(228.0M) Survivors: 8192.0K->28.0M Heap: 272.2M(2048.0M)->266.7M(2048.0M)]
 [Times: user=0.72 sys=0.02, real=0.10 secs] 
2020-09-29T11:55:44.021+0200: 149.491: [GC pause (G1 Evacuation Pause) (young), 0.1206437 secs]
   [Parallel Time: 119.5 ms, GC Workers: 8]
      [GC Worker Start (ms): Min: 149491.0, Avg: 149491.2, Max: 149491.2, Diff: 0.2]
      [Ext Root Scanning (ms): Min: 0.0, Avg: 0.1, Max: 0.2, Diff: 0.2, Sum: 0.4]
      [Update RS (ms): Min: 13.9, Avg: 14.1, Max: 14.2, Diff: 0.3, Sum: 112.6]
         [Processed Buffers: Min: 15, Avg: 17.0, Max: 22, Diff: 7, Sum: 136]
      [Scan RS (ms): Min: 9.8, Avg: 10.0, Max: 10.1, Diff: 0.3, Sum: 79.7]
      [Code Root Scanning (ms): Min: 0.0, Avg: 0.0, Max: 0.0, Diff: 0.0, Sum: 0.0]
      [Object Copy (ms): Min: 95.0, Avg: 95.1, Max: 95.1, Diff: 0.1, Sum: 760.7]
      [Termination (ms): Min: 0.0, Avg: 0.0, Max: 0.0, Diff: 0.0, Sum: 0.3]
         [Termination Attempts: Min: 1, Avg: 230.1, Max: 282, Diff: 281, Sum: 1841]
      [GC Worker Other (ms): Min: 0.0, Avg: 0.0, Max: 0.1, Diff: 0.0, Sum: 0.2]
      [GC Worker Total (ms): Min: 119.2, Avg: 119.2, Max: 119.3, Diff: 0.2, Sum: 953.9]
      [GC Worker End (ms): Min: 149610.4, Avg: 149610.4, Max: 149610.4, Diff: 0.0]
   [Code Root Fixup: 0.0 ms]
   [Code Root Purge: 0.0 ms]
   [Clear CT: 0.3 ms]
   [Other: 0.9 ms]
      [Choose CSet: 0.0 ms]
      [Ref Proc: 0.1 ms]
      [Ref Enq: 0.0 ms]
      [Redirty Cards: 0.4 ms]
      [Humongous Register: 0.0 ms]
      [Humongous Reclaim: 0.0 ms]
      [Free CSet: 0.2 ms]
   [Eden: 228.0M(228.0M)->0.0B(250.0M) Survivors: 28.0M->32.0M Heap: 532.9M(2048.0M)->534.4M(2048.0M)]
 [Times: user=0.83 sys=0.00, real=0.12 secs] 
2020-09-29T11:55:44.269+0200: 149.739: [GC pause (G1 Evacuation Pause) (young), 0.1340691 secs]
   [Parallel Time: 132.6 ms, GC Workers: 8]
      [GC Worker Start (ms): Min: 149739.1, Avg: 149739.2, Max: 149739.4, Diff: 0.3]
      [Ext Root Scanning (ms): Min: 0.0, Avg: 0.1, Max: 0.2, Diff: 0.2, Sum: 0.5]
      [Update RS (ms): Min: 16.8, Avg: 16.9, Max: 17.2, Diff: 0.4, Sum: 135.2]
         [Processed Buffers: Min: 18, Avg: 19.0, Max: 20, Diff: 2, Sum: 152]
      [Scan RS (ms): Min: 10.8, Avg: 11.1, Max: 11.2, Diff: 0.4, Sum: 88.5]
      [Code Root Scanning (ms): Min: 0.0, Avg: 0.0, Max: 0.0, Diff: 0.0, Sum: 0.0]
      [Object Copy (ms): Min: 104.3, Avg: 104.3, Max: 104.4, Diff: 0.1, Sum: 834.6]
      [Termination (ms): Min: 0.0, Avg: 0.0, Max: 0.1, Diff: 0.1, Sum: 0.4]
         [Termination Attempts: Min: 1, Avg: 340.9, Max: 451, Diff: 450, Sum: 2727]
      [GC Worker Other (ms): Min: 0.0, Avg: 0.0, Max: 0.1, Diff: 0.1, Sum: 0.3]
      [GC Worker Total (ms): Min: 132.3, Avg: 132.4, Max: 132.5, Diff: 0.3, Sum: 1059.6]
      [GC Worker End (ms): Min: 149871.7, Avg: 149871.7, Max: 149871.7, Diff: 0.1]
   [Code Root Fixup: 0.0 ms]
   [Code Root Purge: 0.0 ms]
   [Clear CT: 0.3 ms]
   [Other: 1.1 ms]
      [Choose CSet: 0.0 ms]
      [Ref Proc: 0.2 ms]
      [Ref Enq: 0.0 ms]
      [Redirty Cards: 0.4 ms]
      [Humongous Register: 0.1 ms]
      [Humongous Reclaim: 0.0 ms]
      [Free CSet: 0.2 ms]
   [Eden: 250.0M(250.0M)->0.0B(262.0M) Survivors: 32.0M->36.0M Heap: 826.3M(2048.0M)->827.8M(2048.0M)]
 [Times: user=1.13 sys=0.00, real=0.13 secs] 
2020-09-29T11:55:44.534+0200: 150.004: [GC pause (G1 Evacuation Pause) (young), 0.1421449 secs]
   [Parallel Time: 138.1 ms, GC Workers: 8]
      [GC Worker Start (ms): Min: 150004.1, Avg: 150004.2, Max: 150004.3, Diff: 0.2]
      [Ext Root Scanning (ms): Min: 0.0, Avg: 0.1, Max: 0.2, Diff: 0.2, Sum: 0.6]
      [Update RS (ms): Min: 14.5, Avg: 14.6, Max: 14.8, Diff: 0.3, Sum: 117.0]
         [Processed Buffers: Min: 13, Avg: 16.9, Max: 20, Diff: 7, Sum: 135]
      [Scan RS (ms): Min: 12.5, Avg: 12.6, Max: 12.8, Diff: 0.3, Sum: 101.0]
      [Code Root Scanning (ms): Min: 0.0, Avg: 0.0, Max: 0.0, Diff: 0.0, Sum: 0.0]
      [Object Copy (ms): Min: 110.4, Avg: 110.4, Max: 110.5, Diff: 0.1, Sum: 883.2]
      [Termination (ms): Min: 0.0, Avg: 0.0, Max: 0.0, Diff: 0.0, Sum: 0.1]
         [Termination Attempts: Min: 1, Avg: 103.8, Max: 147, Diff: 146, Sum: 830]
      [GC Worker Other (ms): Min: 0.0, Avg: 0.0, Max: 0.1, Diff: 0.1, Sum: 0.3]
      [GC Worker Total (ms): Min: 137.7, Avg: 137.8, Max: 137.9, Diff: 0.2, Sum: 1102.4]
      [GC Worker End (ms): Min: 150141.9, Avg: 150142.0, Max: 150142.0, Diff: 0.1]
   [Code Root Fixup: 0.0 ms]
   [Code Root Purge: 0.0 ms]
   [Clear CT: 0.5 ms]
   [Other: 3.6 ms]
      [Choose CSet: 0.0 ms]
      [Ref Proc: 0.2 ms]
      [Ref Enq: 0.0 ms]
      [Redirty Cards: 1.3 ms]
      [Humongous Register: 0.0 ms]
      [Humongous Reclaim: 0.0 ms]
      [Free CSet: 1.9 ms]
   [Eden: 262.0M(262.0M)->0.0B(274.0M) Survivors: 36.0M->38.0M Heap: 1133.7M(2048.0M)->1135.2M(2048.0M)]
 [Times: user=1.09 sys=0.00, real=0.14 secs] 
2020-09-29T11:55:44.686+0200: 150.156: [GC pause (G1 Humongous Allocation) (young) (initial-mark), 0.0489217 secs]
   [Parallel Time: 48.3 ms, GC Workers: 8]
      [GC Worker Start (ms): Min: 150155.9, Avg: 150155.9, Max: 150155.9, Diff: 0.1]
      [Ext Root Scanning (ms): Min: 0.0, Avg: 0.1, Max: 0.1, Diff: 0.1, Sum: 0.6]
      [Update RS (ms): Min: 27.6, Avg: 27.9, Max: 28.4, Diff: 0.7, Sum: 223.1]
         [Processed Buffers: Min: 34, Avg: 35.5, Max: 38, Diff: 4, Sum: 284]
      [Scan RS (ms): Min: 1.7, Avg: 2.2, Max: 2.5, Diff: 0.8, Sum: 17.6]
      [Code Root Scanning (ms): Min: 0.0, Avg: 0.0, Max: 0.0, Diff: 0.0, Sum: 0.0]
      [Object Copy (ms): Min: 17.8, Avg: 17.9, Max: 17.9, Diff: 0.1, Sum: 143.2]
      [Termination (ms): Min: 0.0, Avg: 0.0, Max: 0.0, Diff: 0.0, Sum: 0.1]
         [Termination Attempts: Min: 1, Avg: 111.1, Max: 165, Diff: 164, Sum: 889]
      [GC Worker Other (ms): Min: 0.0, Avg: 0.0, Max: 0.0, Diff: 0.0, Sum: 0.1]
      [GC Worker Total (ms): Min: 48.1, Avg: 48.1, Max: 48.2, Diff: 0.1, Sum: 384.8]
      [GC Worker End (ms): Min: 150204.0, Avg: 150204.0, Max: 150204.0, Diff: 0.0]
   [Code Root Fixup: 0.0 ms]
   [Code Root Purge: 0.0 ms]
   [Clear CT: 0.2 ms]
   [Other: 0.5 ms]
      [Choose CSet: 0.0 ms]
      [Ref Proc: 0.1 ms]
      [Ref Enq: 0.0 ms]
      [Redirty Cards: 0.1 ms]
      [Humongous Register: 0.0 ms]
      [Humongous Reclaim: 0.0 ms]
      [Free CSet: 0.0 ms]
   [Eden: 6144.0K(274.0M)->0.0B(318.0M) Survivors: 38.0M->8192.0K Heap: 1140.7M(2048.0M)->1144.7M(2048.0M)]
 [Times: user=0.38 sys=0.00, real=0.05 secs] 
2020-09-29T11:55:44.735+0200: 150.205: [GC concurrent-root-region-scan-start]
2020-09-29T11:55:44.736+0200: 150.206: [GC concurrent-root-region-scan-end, 0.0009937 secs]
2020-09-29T11:55:44.736+0200: 150.206: [GC concurrent-mark-start]
2020-09-29T11:55:44.738+0200: 150.208: [GC concurrent-mark-end, 0.0022394 secs]
2020-09-29T11:55:44.739+0200: 150.208: [GC remark 2020-09-29T11:55:44.739+0200: 150.208: [Finalize Marking, 0.0001915 secs] 2020-09-29T11:55:44.739+0200: 150.209: [GC ref-proc, 0.0002625 secs] 2020-09-29T11:55:44.739+0200: 150.209: [Unloading, 0.0004256 secs], 0.0012055 secs]
 [Times: user=0.00 sys=0.00, real=0.00 secs] 
2020-09-29T11:55:44.740+0200: 150.210: [GC cleanup 1154M->29M(2048M), 0.0010272 secs]
 [Times: user=0.00 sys=0.00, real=0.00 secs] 
2020-09-29T11:55:44.741+0200: 150.211: [GC concurrent-cleanup-start]
2020-09-29T11:55:44.742+0200: 150.212: [GC concurrent-cleanup-end, 0.0013395 secs]
2020-09-29T11:55:44.885+0200: 150.355: [GC pause (G1 Evacuation Pause) (young), 0.1537717 secs]
   [Parallel Time: 150.3 ms, GC Workers: 8]
      [GC Worker Start (ms): Min: 150355.4, Avg: 150355.5, Max: 150355.6, Diff: 0.2]
      [Ext Root Scanning (ms): Min: 0.0, Avg: 0.1, Max: 0.2, Diff: 0.2, Sum: 0.5]
      [Update RS (ms): Min: 12.1, Avg: 12.3, Max: 12.6, Diff: 0.5, Sum: 98.2]
         [Processed Buffers: Min: 14, Avg: 15.0, Max: 16, Diff: 2, Sum: 120]
      [Scan RS (ms): Min: 14.7, Avg: 15.0, Max: 15.3, Diff: 0.6, Sum: 120.1]
      [Code Root Scanning (ms): Min: 0.0, Avg: 0.0, Max: 0.0, Diff: 0.0, Sum: 0.0]
      [Object Copy (ms): Min: 122.7, Avg: 122.7, Max: 122.8, Diff: 0.1, Sum: 981.8]
      [Termination (ms): Min: 0.0, Avg: 0.0, Max: 0.0, Diff: 0.0, Sum: 0.1]
         [Termination Attempts: Min: 1, Avg: 110.4, Max: 136, Diff: 135, Sum: 883]
      [GC Worker Other (ms): Min: 0.0, Avg: 0.0, Max: 0.1, Diff: 0.1, Sum: 0.3]
      [GC Worker Total (ms): Min: 150.0, Avg: 150.1, Max: 150.2, Diff: 0.2, Sum: 1201.0]
      [GC Worker End (ms): Min: 150505.6, Avg: 150505.6, Max: 150505.7, Diff: 0.0]
   [Code Root Fixup: 0.0 ms]
   [Code Root Purge: 0.0 ms]
   [Clear CT: 0.2 ms]
   [Other: 3.2 ms]
      [Choose CSet: 0.0 ms]
      [Ref Proc: 0.2 ms]
      [Ref Enq: 0.0 ms]
      [Redirty Cards: 0.3 ms]
      [Humongous Register: 0.1 ms]
      [Humongous Reclaim: 0.0 ms]
      [Free CSet: 2.5 ms]
   [Eden: 318.0M(318.0M)->0.0B(296.0M) Survivors: 8192.0K->41.0M Heap: 390.9M(2048.0M)->385.4M(2048.0M)]
 [Times: user=1.23 sys=0.00, real=0.15 secs] 
2020-09-29T11:55:45.188+0200: 150.658: [GC pause (G1 Evacuation Pause) (young), 0.1574109 secs]
   [Parallel Time: 156.4 ms, GC Workers: 8]
      [GC Worker Start (ms): Min: 150658.1, Avg: 150658.1, Max: 150658.2, Diff: 0.1]
      [Ext Root Scanning (ms): Min: 0.0, Avg: 0.1, Max: 0.1, Diff: 0.1, Sum: 0.5]
      [Update RS (ms): Min: 16.8, Avg: 17.0, Max: 17.2, Diff: 0.4, Sum: 135.6]
         [Processed Buffers: Min: 19, Avg: 20.0, Max: 22, Diff: 3, Sum: 160]
      [Scan RS (ms): Min: 14.7, Avg: 14.9, Max: 15.1, Diff: 0.5, Sum: 119.5]
      [Code Root Scanning (ms): Min: 0.0, Avg: 0.0, Max: 0.0, Diff: 0.0, Sum: 0.0]
      [Object Copy (ms): Min: 124.0, Avg: 124.1, Max: 124.2, Diff: 0.1, Sum: 993.2]
      [Termination (ms): Min: 0.0, Avg: 0.0, Max: 0.1, Diff: 0.1, Sum: 0.3]
         [Termination Attempts: Min: 1, Avg: 277.8, Max: 385, Diff: 384, Sum: 2222]
      [GC Worker Other (ms): Min: 0.0, Avg: 0.0, Max: 0.1, Diff: 0.0, Sum: 0.2]
      [GC Worker Total (ms): Min: 156.1, Avg: 156.2, Max: 156.3, Diff: 0.1, Sum: 1249.4]
      [GC Worker End (ms): Min: 150814.3, Avg: 150814.3, Max: 150814.3, Diff: 0.0]
   [Code Root Fixup: 0.0 ms]
   [Code Root Purge: 0.0 ms]
   [Clear CT: 0.2 ms]
   [Other: 0.8 ms]
      [Choose CSet: 0.0 ms]
      [Ref Proc: 0.2 ms]
      [Ref Enq: 0.0 ms]
      [Redirty Cards: 0.2 ms]
      [Humongous Register: 0.0 ms]
      [Humongous Reclaim: 0.0 ms]
      [Free CSet: 0.2 ms]
   [Eden: 296.0M(296.0M)->0.0B(304.0M) Survivors: 41.0M->43.0M Heap: 731.0M(2048.0M)->733.0M(2048.0M)]
 [Times: user=1.25 sys=0.00, real=0.16 secs] 
2020-09-29T11:55:45.518+0200: 150.988: [GC pause (G1 Evacuation Pause) (young), 0.1618132 secs]
   [Parallel Time: 160.6 ms, GC Workers: 8]
      [GC Worker Start (ms): Min: 150987.8, Avg: 150987.9, Max: 150988.0, Diff: 0.2]
      [Ext Root Scanning (ms): Min: 0.0, Avg: 0.1, Max: 0.2, Diff: 0.2, Sum: 0.5]
      [Update RS (ms): Min: 17.4, Avg: 17.5, Max: 17.7, Diff: 0.3, Sum: 139.7]
         [Processed Buffers: Min: 18, Avg: 19.5, Max: 22, Diff: 4, Sum: 156]
      [Scan RS (ms): Min: 15.4, Avg: 15.6, Max: 15.7, Diff: 0.3, Sum: 124.6]
      [Code Root Scanning (ms): Min: 0.0, Avg: 0.0, Max: 0.0, Diff: 0.0, Sum: 0.0]
      [Object Copy (ms): Min: 127.0, Avg: 127.1, Max: 127.1, Diff: 0.1, Sum: 1016.7]
      [Termination (ms): Min: 0.0, Avg: 0.0, Max: 0.0, Diff: 0.0, Sum: 0.2]
         [Termination Attempts: Min: 1, Avg: 195.0, Max: 235, Diff: 234, Sum: 1560]
      [GC Worker Other (ms): Min: 0.0, Avg: 0.0, Max: 0.1, Diff: 0.1, Sum: 0.3]
      [GC Worker Total (ms): Min: 160.2, Avg: 160.2, Max: 160.4, Diff: 0.2, Sum: 1282.0]
      [GC Worker End (ms): Min: 151148.2, Avg: 151148.2, Max: 151148.2, Diff: 0.1]
   [Code Root Fixup: 0.0 ms]
   [Code Root Purge: 0.0 ms]
   [Clear CT: 0.2 ms]
   [Other: 1.1 ms]
      [Choose CSet: 0.0 ms]
      [Ref Proc: 0.2 ms]
      [Ref Enq: 0.0 ms]
      [Redirty Cards: 0.4 ms]
      [Humongous Register: 0.0 ms]
      [Humongous Reclaim: 0.0 ms]
      [Free CSet: 0.3 ms]
   [Eden: 304.0M(304.0M)->0.0B(311.0M) Survivors: 43.0M->44.0M Heap: 1088.5M(2048.0M)->1090.5M(2048.0M)]
 [Times: user=1.38 sys=0.00, real=0.16 secs] 
2020-09-29T11:55:45.691+0200: 151.160: [GC pause (G1 Humongous Allocation) (young) (initial-mark), 0.0608598 secs]
   [Parallel Time: 60.0 ms, GC Workers: 8]
      [GC Worker Start (ms): Min: 151160.7, Avg: 151160.8, Max: 151160.9, Diff: 0.2]
      [Ext Root Scanning (ms): Min: 0.0, Avg: 2.3, Max: 15.1, Diff: 15.1, Sum: 18.1]
      [Update RS (ms): Min: 21.3, Avg: 34.5, Max: 36.8, Diff: 15.5, Sum: 275.7]
         [Processed Buffers: Min: 28, Avg: 43.4, Max: 48, Diff: 20, Sum: 347]
      [Scan RS (ms): Min: 2.4, Avg: 2.6, Max: 2.9, Diff: 0.5, Sum: 20.9]
      [Code Root Scanning (ms): Min: 0.0, Avg: 0.0, Max: 0.0, Diff: 0.0, Sum: 0.0]
      [Object Copy (ms): Min: 20.4, Avg: 20.4, Max: 20.5, Diff: 0.1, Sum: 163.4]
      [Termination (ms): Min: 0.0, Avg: 0.0, Max: 0.0, Diff: 0.0, Sum: 0.1]
         [Termination Attempts: Min: 1, Avg: 83.6, Max: 112, Diff: 111, Sum: 669]
      [GC Worker Other (ms): Min: 0.0, Avg: 0.0, Max: 0.0, Diff: 0.0, Sum: 0.1]
      [GC Worker Total (ms): Min: 59.7, Avg: 59.8, Max: 59.9, Diff: 0.2, Sum: 478.4]
      [GC Worker End (ms): Min: 151220.6, Avg: 151220.6, Max: 151220.6, Diff: 0.0]
   [Code Root Fixup: 0.0 ms]
   [Code Root Purge: 0.0 ms]
   [Clear CT: 0.2 ms]
   [Other: 0.7 ms]
      [Choose CSet: 0.0 ms]
      [Ref Proc: 0.1 ms]
      [Ref Enq: 0.0 ms]
      [Redirty Cards: 0.2 ms]
      [Humongous Register: 0.1 ms]
      [Humongous Reclaim: 0.0 ms]
      [Free CSet: 0.1 ms]
   [Eden: 10.0M(311.0M)->0.0B(348.0M) Survivors: 44.0M->11.0M Heap: 1100.0M(2048.0M)->1104.5M(2048.0M)]
 [Times: user=0.47 sys=0.00, real=0.06 secs] 
2020-09-29T11:55:45.752+0200: 151.221: [GC concurrent-root-region-scan-start]
2020-09-29T11:55:45.754+0200: 151.224: [GC concurrent-root-region-scan-end, 0.0027081 secs]
2020-09-29T11:55:45.754+0200: 151.224: [GC concurrent-mark-start]
2020-09-29T11:55:45.757+0200: 151.226: [GC concurrent-mark-end, 0.0022886 secs]
2020-09-29T11:55:45.757+0200: 151.227: [GC remark 2020-09-29T11:55:45.757+0200: 151.227: [Finalize Marking, 0.0001773 secs] 2020-09-29T11:55:45.757+0200: 151.227: [GC ref-proc, 0.0002712 secs] 2020-09-29T11:55:45.757+0200: 151.227: [Unloading, 0.0004285 secs], 0.0011595 secs]
 [Times: user=0.00 sys=0.00, real=0.00 secs] 
2020-09-29T11:55:45.758+0200: 151.228: [GC cleanup 1117M->35M(2048M), 0.0009785 secs]
 [Times: user=0.00 sys=0.00, real=0.00 secs] 
2020-09-29T11:55:45.759+0200: 151.229: [GC concurrent-cleanup-start]
2020-09-29T11:55:45.761+0200: 151.231: [GC concurrent-cleanup-end, 0.0014876 secs]
2020-09-29T11:55:45.928+0200: 151.399: [GC pause (G1 Evacuation Pause) (young), 0.1630291 secs]
   [Parallel Time: 161.7 ms, GC Workers: 8]
      [GC Worker Start (ms): Min: 151398.9, Avg: 151399.0, Max: 151399.1, Diff: 0.2]
      [Ext Root Scanning (ms): Min: 0.0, Avg: 0.0, Max: 0.2, Diff: 0.2, Sum: 0.4]
      [Update RS (ms): Min: 17.3, Avg: 17.5, Max: 18.0, Diff: 0.7, Sum: 140.3]
         [Processed Buffers: Min: 20, Avg: 21.4, Max: 25, Diff: 5, Sum: 171]
      [Scan RS (ms): Min: 14.5, Avg: 15.0, Max: 15.2, Diff: 0.7, Sum: 120.3]
      [Code Root Scanning (ms): Min: 0.0, Avg: 0.0, Max: 0.0, Diff: 0.0, Sum: 0.0]
      [Object Copy (ms): Min: 128.6, Avg: 128.7, Max: 128.8, Diff: 0.2, Sum: 1029.6]
      [Termination (ms): Min: 0.0, Avg: 0.0, Max: 0.1, Diff: 0.1, Sum: 0.3]
         [Termination Attempts: Min: 1, Avg: 308.5, Max: 393, Diff: 392, Sum: 2468]
      [GC Worker Other (ms): Min: 0.0, Avg: 0.1, Max: 0.1, Diff: 0.0, Sum: 0.5]
      [GC Worker Total (ms): Min: 161.4, Avg: 161.4, Max: 161.5, Diff: 0.2, Sum: 1291.4]
      [GC Worker End (ms): Min: 151560.4, Avg: 151560.4, Max: 151560.4, Diff: 0.0]
   [Code Root Fixup: 0.0 ms]
   [Code Root Purge: 0.0 ms]
   [Clear CT: 0.2 ms]
   [Other: 1.1 ms]
      [Choose CSet: 0.0 ms]
      [Ref Proc: 0.2 ms]
      [Ref Enq: 0.0 ms]
      [Redirty Cards: 0.5 ms]
      [Humongous Register: 0.0 ms]
      [Humongous Reclaim: 0.0 ms]
      [Free CSet: 0.2 ms]
   [Eden: 348.0M(348.0M)->0.0B(326.0M) Survivors: 11.0M->45.0M Heap: 430.1M(2048.0M)->421.6M(2048.0M)]
 [Times: user=1.24 sys=0.00, real=0.16 secs] 
2020-09-29T11:55:46.263+0200: 151.733: [GC pause (G1 Evacuation Pause) (young), 0.1760167 secs]
   [Parallel Time: 174.5 ms, GC Workers: 8]
      [GC Worker Start (ms): Min: 151733.3, Avg: 151733.4, Max: 151733.5, Diff: 0.2]
      [Ext Root Scanning (ms): Min: 0.0, Avg: 0.1, Max: 0.2, Diff: 0.2, Sum: 0.5]
      [Update RS (ms): Min: 18.6, Avg: 18.9, Max: 19.2, Diff: 0.7, Sum: 151.2]
         [Processed Buffers: Min: 18, Avg: 18.9, Max: 21, Diff: 3, Sum: 151]
      [Scan RS (ms): Min: 17.6, Avg: 18.1, Max: 18.4, Diff: 0.7, Sum: 144.4]
      [Code Root Scanning (ms): Min: 0.0, Avg: 0.0, Max: 0.0, Diff: 0.0, Sum: 0.0]
      [Object Copy (ms): Min: 136.8, Avg: 137.0, Max: 137.0, Diff: 0.2, Sum: 1095.7]
      [Termination (ms): Min: 0.0, Avg: 0.0, Max: 0.0, Diff: 0.0, Sum: 0.2]
         [Termination Attempts: Min: 1, Avg: 150.9, Max: 188, Diff: 187, Sum: 1207]
      [GC Worker Other (ms): Min: 0.0, Avg: 0.1, Max: 0.3, Diff: 0.3, Sum: 0.6]
      [GC Worker Total (ms): Min: 174.0, Avg: 174.1, Max: 174.2, Diff: 0.3, Sum: 1392.5]
      [GC Worker End (ms): Min: 151907.4, Avg: 151907.5, Max: 151907.7, Diff: 0.3]
   [Code Root Fixup: 0.0 ms]
   [Code Root Purge: 0.0 ms]
   [Clear CT: 0.3 ms]
   [Other: 1.2 ms]
      [Choose CSet: 0.0 ms]
      [Ref Proc: 0.2 ms]
      [Ref Enq: 0.0 ms]
      [Redirty Cards: 0.5 ms]
      [Humongous Register: 0.0 ms]
      [Humongous Reclaim: 0.0 ms]
      [Free CSet: 0.2 ms]
   [Eden: 326.0M(326.0M)->0.0B(316.0M) Survivors: 45.0M->47.0M Heap: 801.0M(2048.0M)->802.5M(2048.0M)]
 [Times: user=1.38 sys=0.00, real=0.18 secs] 
2020-09-29T11:55:46.594+0200: 152.065: [GC pause (G1 Evacuation Pause) (young), 0.1716504 secs]
   [Parallel Time: 170.5 ms, GC Workers: 8]
      [GC Worker Start (ms): Min: 152064.7, Avg: 152064.8, Max: 152064.9, Diff: 0.2]
      [Ext Root Scanning (ms): Min: 0.0, Avg: 0.0, Max: 0.2, Diff: 0.2, Sum: 0.4]
      [Update RS (ms): Min: 25.0, Avg: 25.2, Max: 25.6, Diff: 0.6, Sum: 201.8]
         [Processed Buffers: Min: 29, Avg: 30.1, Max: 33, Diff: 4, Sum: 241]
      [Scan RS (ms): Min: 12.7, Avg: 13.1, Max: 13.3, Diff: 0.6, Sum: 104.7]
      [Code Root Scanning (ms): Min: 0.0, Avg: 0.0, Max: 0.0, Diff: 0.0, Sum: 0.0]
      [Object Copy (ms): Min: 131.9, Avg: 131.9, Max: 131.9, Diff: 0.1, Sum: 1055.2]
      [Termination (ms): Min: 0.0, Avg: 0.0, Max: 0.0, Diff: 0.0, Sum: 0.0]
         [Termination Attempts: Min: 1, Avg: 39.6, Max: 48, Diff: 47, Sum: 317]
      [GC Worker Other (ms): Min: 0.0, Avg: 0.0, Max: 0.1, Diff: 0.0, Sum: 0.3]
      [GC Worker Total (ms): Min: 170.2, Avg: 170.3, Max: 170.4, Diff: 0.2, Sum: 1362.3]
      [GC Worker End (ms): Min: 152235.1, Avg: 152235.1, Max: 152235.1, Diff: 0.0]
   [Code Root Fixup: 0.0 ms]
   [Code Root Purge: 0.0 ms]
   [Clear CT: 0.2 ms]
   [Other: 0.9 ms]
      [Choose CSet: 0.0 ms]
      [Ref Proc: 0.2 ms]
      [Ref Enq: 0.0 ms]
      [Redirty Cards: 0.3 ms]
      [Humongous Register: 0.0 ms]
      [Humongous Reclaim: 0.0 ms]
      [Free CSet: 0.2 ms]
   [Eden: 316.0M(316.0M)->0.0B(320.0M) Survivors: 47.0M->46.0M Heap: 1171.9M(2048.0M)->1173.9M(2048.0M)]
 [Times: user=1.38 sys=0.00, real=0.17 secs] 
2020-09-29T11:55:46.778+0200: 152.248: [GC pause (G1 Humongous Allocation) (young) (initial-mark), 0.0584705 secs]
   [Parallel Time: 57.7 ms, GC Workers: 8]
      [GC Worker Start (ms): Min: 152248.2, Avg: 152248.3, Max: 152248.4, Diff: 0.2]
      [Ext Root Scanning (ms): Min: 0.0, Avg: 0.2, Max: 0.3, Diff: 0.3, Sum: 1.4]
      [Update RS (ms): Min: 33.7, Avg: 34.0, Max: 34.3, Diff: 0.6, Sum: 272.1]
         [Processed Buffers: Min: 41, Avg: 42.5, Max: 44, Diff: 3, Sum: 340]
      [Scan RS (ms): Min: 2.4, Avg: 2.7, Max: 3.0, Diff: 0.6, Sum: 21.7]
      [Code Root Scanning (ms): Min: 0.0, Avg: 0.0, Max: 0.0, Diff: 0.0, Sum: 0.0]
      [Object Copy (ms): Min: 20.5, Avg: 20.6, Max: 20.6, Diff: 0.1, Sum: 164.5]
      [Termination (ms): Min: 0.0, Avg: 0.0, Max: 0.0, Diff: 0.0, Sum: 0.1]
         [Termination Attempts: Min: 1, Avg: 100.4, Max: 134, Diff: 133, Sum: 803]
      [GC Worker Other (ms): Min: 0.0, Avg: 0.0, Max: 0.0, Diff: 0.0, Sum: 0.1]
      [GC Worker Total (ms): Min: 57.4, Avg: 57.5, Max: 57.6, Diff: 0.2, Sum: 459.9]
      [GC Worker End (ms): Min: 152305.8, Avg: 152305.8, Max: 152305.8, Diff: 0.0]
   [Code Root Fixup: 0.0 ms]
   [Code Root Purge: 0.0 ms]
   [Clear CT: 0.2 ms]
   [Other: 0.6 ms]
      [Choose CSet: 0.0 ms]
      [Ref Proc: 0.2 ms]
      [Ref Enq: 0.0 ms]
      [Redirty Cards: 0.2 ms]
      [Humongous Register: 0.0 ms]
      [Humongous Reclaim: 0.0 ms]
      [Free CSet: 0.1 ms]
   [Eden: 6144.0K(320.0M)->0.0B(325.0M) Survivors: 46.0M->8192.0K Heap: 1179.9M(2048.0M)->1182.9M(2048.0M)]
 [Times: user=0.50 sys=0.00, real=0.06 secs] 
2020-09-29T11:55:46.836+0200: 152.307: [GC concurrent-root-region-scan-start]
2020-09-29T11:55:46.838+0200: 152.308: [GC concurrent-root-region-scan-end, 0.0017322 secs]
2020-09-29T11:55:46.838+0200: 152.308: [GC concurrent-mark-start]
2020-09-29T11:55:46.840+0200: 152.311: [GC concurrent-mark-end, 0.0025065 secs]
2020-09-29T11:55:46.841+0200: 152.311: [GC remark 2020-09-29T11:55:46.841+0200: 152.311: [Finalize Marking, 0.0001794 secs] 2020-09-29T11:55:46.841+0200: 152.311: [GC ref-proc, 0.0002652 secs] 2020-09-29T11:55:46.841+0200: 152.312: [Unloading, 0.0004153 secs], 0.0011531 secs]
 [Times: user=0.00 sys=0.00, real=0.00 secs] 
2020-09-29T11:55:46.842+0200: 152.313: [GC cleanup 1192M->29M(2048M), 0.0011006 secs]
 [Times: user=0.00 sys=0.00, real=0.00 secs] 
2020-09-29T11:55:46.843+0200: 152.314: [GC concurrent-cleanup-start]
2020-09-29T11:55:46.845+0200: 152.315: [GC concurrent-cleanup-end, 0.0014997 secs]
2020-09-29T11:55:46.993+0200: 152.464: [GC pause (G1 Evacuation Pause) (young), 0.1596662 secs]
   [Parallel Time: 157.3 ms, GC Workers: 8]
      [GC Worker Start (ms): Min: 152463.8, Avg: 152463.9, Max: 152463.9, Diff: 0.2]
      [Ext Root Scanning (ms): Min: 0.0, Avg: 0.1, Max: 0.2, Diff: 0.2, Sum: 0.5]
      [Update RS (ms): Min: 16.6, Avg: 16.7, Max: 17.2, Diff: 0.6, Sum: 133.9]
         [Processed Buffers: Min: 19, Avg: 20.8, Max: 24, Diff: 5, Sum: 166]
      [Scan RS (ms): Min: 13.0, Avg: 13.4, Max: 13.7, Diff: 0.6, Sum: 106.9]
      [Code Root Scanning (ms): Min: 0.0, Avg: 0.0, Max: 0.0, Diff: 0.0, Sum: 0.0]
      [Object Copy (ms): Min: 126.2, Avg: 126.3, Max: 126.5, Diff: 0.3, Sum: 1010.8]
      [Termination (ms): Min: 0.0, Avg: 0.1, Max: 0.2, Diff: 0.2, Sum: 1.1]
         [Termination Attempts: Min: 1, Avg: 1043.0, Max: 1335, Diff: 1334, Sum: 8344]
      [GC Worker Other (ms): Min: 0.0, Avg: 0.0, Max: 0.1, Diff: 0.1, Sum: 0.3]
      [GC Worker Total (ms): Min: 156.6, Avg: 156.7, Max: 156.8, Diff: 0.2, Sum: 1253.4]
      [GC Worker End (ms): Min: 152620.5, Avg: 152620.5, Max: 152620.6, Diff: 0.1]
   [Code Root Fixup: 0.0 ms]
   [Code Root Purge: 0.0 ms]
   [Clear CT: 1.3 ms]
   [Other: 1.0 ms]
      [Choose CSet: 0.0 ms]
      [Ref Proc: 0.3 ms]
      [Ref Enq: 0.0 ms]
      [Redirty Cards: 0.4 ms]
      [Humongous Register: 0.0 ms]
      [Humongous Reclaim: 0.0 ms]
      [Free CSet: 0.2 ms]
   [Eden: 325.0M(325.0M)->0.0B(335.0M) Survivors: 8192.0K->42.0M Heap: 399.8M(2048.0M)->394.3M(2048.0M)]
 [Times: user=1.25 sys=0.00, real=0.16 secs] 
2020-09-29T11:55:47.334+0200: 152.805: [GC pause (G1 Evacuation Pause) (young), 0.1770069 secs]
   [Parallel Time: 175.5 ms, GC Workers: 8]
      [GC Worker Start (ms): Min: 152805.1, Avg: 152805.2, Max: 152805.3, Diff: 0.2]
      [Ext Root Scanning (ms): Min: 0.0, Avg: 0.1, Max: 0.2, Diff: 0.2, Sum: 0.5]
      [Update RS (ms): Min: 17.1, Avg: 17.3, Max: 17.5, Diff: 0.4, Sum: 138.3]
         [Processed Buffers: Min: 18, Avg: 20.1, Max: 23, Diff: 5, Sum: 161]
      [Scan RS (ms): Min: 18.0, Avg: 18.2, Max: 18.3, Diff: 0.4, Sum: 145.7]
      [Code Root Scanning (ms): Min: 0.0, Avg: 0.0, Max: 0.0, Diff: 0.0, Sum: 0.0]
      [Object Copy (ms): Min: 139.4, Avg: 139.7, Max: 139.8, Diff: 0.3, Sum: 1117.2]
      [Termination (ms): Min: 0.0, Avg: 0.1, Max: 0.1, Diff: 0.1, Sum: 0.6]
         [Termination Attempts: Min: 1, Avg: 529.5, Max: 765, Diff: 764, Sum: 4236]
      [GC Worker Other (ms): Min: 0.0, Avg: 0.0, Max: 0.1, Diff: 0.1, Sum: 0.3]
      [GC Worker Total (ms): Min: 175.2, Avg: 175.3, Max: 175.4, Diff: 0.2, Sum: 1402.6]
      [GC Worker End (ms): Min: 152980.5, Avg: 152980.5, Max: 152980.6, Diff: 0.1]
   [Code Root Fixup: 0.0 ms]
   [Code Root Purge: 0.0 ms]
   [Clear CT: 0.6 ms]
   [Other: 0.9 ms]
      [Choose CSet: 0.0 ms]
      [Ref Proc: 0.2 ms]
      [Ref Enq: 0.0 ms]
      [Redirty Cards: 0.3 ms]
      [Humongous Register: 0.0 ms]
      [Humongous Reclaim: 0.0 ms]
      [Free CSet: 0.2 ms]
   [Eden: 335.0M(335.0M)->0.0B(324.0M) Survivors: 42.0M->48.0M Heap: 784.6M(2048.0M)->787.1M(2048.0M)]
 [Times: user=1.38 sys=0.00, real=0.18 secs] 
2020-09-29T11:55:47.686+0200: 153.156: [GC pause (G1 Evacuation Pause) (young), 0.1816477 secs]
   [Parallel Time: 180.4 ms, GC Workers: 8]
      [GC Worker Start (ms): Min: 153156.3, Avg: 153156.4, Max: 153156.5, Diff: 0.1]
      [Ext Root Scanning (ms): Min: 0.0, Avg: 0.1, Max: 0.1, Diff: 0.1, Sum: 0.5]
      [Update RS (ms): Min: 17.7, Avg: 17.9, Max: 18.3, Diff: 0.6, Sum: 142.9]
         [Processed Buffers: Min: 20, Avg: 20.0, Max: 20, Diff: 0, Sum: 160]
      [Scan RS (ms): Min: 18.0, Avg: 18.5, Max: 19.0, Diff: 0.9, Sum: 148.0]
      [Code Root Scanning (ms): Min: 0.0, Avg: 0.0, Max: 0.0, Diff: 0.0, Sum: 0.0]
      [Object Copy (ms): Min: 143.4, Avg: 143.7, Max: 143.8, Diff: 0.4, Sum: 1149.3]
      [Termination (ms): Min: 0.0, Avg: 0.1, Max: 0.1, Diff: 0.1, Sum: 0.7]
         [Termination Attempts: Min: 1, Avg: 621.0, Max: 771, Diff: 770, Sum: 4968]
      [GC Worker Other (ms): Min: 0.0, Avg: 0.0, Max: 0.1, Diff: 0.1, Sum: 0.4]
      [GC Worker Total (ms): Min: 180.1, Avg: 180.2, Max: 180.3, Diff: 0.2, Sum: 1441.8]
      [GC Worker End (ms): Min: 153336.6, Avg: 153336.6, Max: 153336.7, Diff: 0.1]
   [Code Root Fixup: 0.0 ms]
   [Code Root Purge: 0.0 ms]
   [Clear CT: 0.2 ms]
   [Other: 1.0 ms]
      [Choose CSet: 0.0 ms]
      [Ref Proc: 0.2 ms]
      [Ref Enq: 0.0 ms]
      [Redirty Cards: 0.3 ms]
      [Humongous Register: 0.0 ms]
      [Humongous Reclaim: 0.0 ms]
      [Free CSet: 0.3 ms]
   [Eden: 324.0M(324.0M)->0.0B(317.0M) Survivors: 48.0M->47.0M Heap: 1164.5M(2048.0M)->1166.5M(2048.0M)]
 [Times: user=1.45 sys=0.03, real=0.18 secs] 
2020-09-29T11:55:47.873+0200: 153.343: [GC pause (G1 Humongous Allocation) (young) (initial-mark), 0.0644714 secs]
   [Parallel Time: 63.8 ms, GC Workers: 8]
      [GC Worker Start (ms): Min: 153343.5, Avg: 153343.6, Max: 153343.6, Diff: 0.1]
      [Ext Root Scanning (ms): Min: 0.0, Avg: 0.1, Max: 0.1, Diff: 0.1, Sum: 0.7]
      [Update RS (ms): Min: 41.6, Avg: 41.9, Max: 42.4, Diff: 0.8, Sum: 335.2]
         [Processed Buffers: Min: 53, Avg: 54.4, Max: 58, Diff: 5, Sum: 435]
      [Scan RS (ms): Min: 1.1, Avg: 1.6, Max: 1.9, Diff: 0.8, Sum: 13.0]
      [Code Root Scanning (ms): Min: 0.0, Avg: 0.0, Max: 0.0, Diff: 0.0, Sum: 0.0]
      [Object Copy (ms): Min: 19.9, Avg: 20.0, Max: 20.1, Diff: 0.1, Sum: 159.8]
      [Termination (ms): Min: 0.0, Avg: 0.1, Max: 0.1, Diff: 0.1, Sum: 0.5]
         [Termination Attempts: Min: 1, Avg: 401.3, Max: 582, Diff: 581, Sum: 3210]
      [GC Worker Other (ms): Min: 0.0, Avg: 0.0, Max: 0.0, Diff: 0.0, Sum: 0.1]
      [GC Worker Total (ms): Min: 63.6, Avg: 63.7, Max: 63.7, Diff: 0.1, Sum: 509.2]
      [GC Worker End (ms): Min: 153407.2, Avg: 153407.2, Max: 153407.2, Diff: 0.0]
   [Code Root Fixup: 0.0 ms]
   [Code Root Purge: 0.0 ms]
   [Clear CT: 0.2 ms]
   [Other: 0.5 ms]
      [Choose CSet: 0.0 ms]
      [Ref Proc: 0.1 ms]
      [Ref Enq: 0.0 ms]
      [Redirty Cards: 0.1 ms]
      [Humongous Register: 0.0 ms]
      [Humongous Reclaim: 0.0 ms]
      [Free CSet: 0.0 ms]
   [Eden: 1024.0K(317.0M)->0.0B(345.0M) Survivors: 47.0M->1024.0K Heap: 1167.0M(2048.0M)->1169.5M(2048.0M)]
 [Times: user=0.50 sys=0.00, real=0.07 secs] 
2020-09-29T11:55:47.938+0200: 153.408: [GC concurrent-root-region-scan-start]
2020-09-29T11:55:47.938+0200: 153.408: [GC concurrent-root-region-scan-end, 0.0002540 secs]
2020-09-29T11:55:47.938+0200: 153.408: [GC concurrent-mark-start]
2020-09-29T11:55:47.942+0200: 153.412: [GC concurrent-mark-end, 0.0035789 secs]
2020-09-29T11:55:47.942+0200: 153.412: [GC remark 2020-09-29T11:55:47.942+0200: 153.412: [Finalize Marking, 0.0002058 secs] 2020-09-29T11:55:47.942+0200: 153.412: [GC ref-proc, 0.0003632 secs] 2020-09-29T11:55:47.943+0200: 153.413: [Unloading, 0.0006274 secs], 0.0014979 secs]
 [Times: user=0.00 sys=0.00, real=0.00 secs] 
2020-09-29T11:55:47.944+0200: 153.414: [GC cleanup 1180M->23M(2048M), 0.0025147 secs]
 [Times: user=0.00 sys=0.00, real=0.00 secs] 
2020-09-29T11:55:47.947+0200: 153.417: [GC concurrent-cleanup-start]
2020-09-29T11:55:47.948+0200: 153.418: [GC concurrent-cleanup-end, 0.0015205 secs]
2020-09-29T11:55:48.112+0200: 153.582: [GC pause (G1 Evacuation Pause) (young), 0.1692093 secs]
   [Parallel Time: 168.0 ms, GC Workers: 8]
      [GC Worker Start (ms): Min: 153582.5, Avg: 153582.6, Max: 153582.6, Diff: 0.2]
      [Ext Root Scanning (ms): Min: 0.0, Avg: 0.1, Max: 0.2, Diff: 0.2, Sum: 0.5]
      [Update RS (ms): Min: 26.3, Avg: 26.5, Max: 26.7, Diff: 0.4, Sum: 211.8]
         [Processed Buffers: Min: 28, Avg: 30.6, Max: 34, Diff: 6, Sum: 245]
      [Scan RS (ms): Min: 12.1, Avg: 12.3, Max: 12.6, Diff: 0.5, Sum: 98.8]
      [Code Root Scanning (ms): Min: 0.0, Avg: 0.0, Max: 0.0, Diff: 0.0, Sum: 0.0]
      [Object Copy (ms): Min: 128.7, Avg: 128.8, Max: 129.0, Diff: 0.3, Sum: 1030.5]
      [Termination (ms): Min: 0.0, Avg: 0.1, Max: 0.1, Diff: 0.1, Sum: 0.5]
         [Termination Attempts: Min: 1, Avg: 449.9, Max: 653, Diff: 652, Sum: 3599]
      [GC Worker Other (ms): Min: 0.0, Avg: 0.1, Max: 0.1, Diff: 0.1, Sum: 0.4]
      [GC Worker Total (ms): Min: 167.7, Avg: 167.8, Max: 168.0, Diff: 0.3, Sum: 1342.6]
      [GC Worker End (ms): Min: 153750.4, Avg: 153750.4, Max: 153750.4, Diff: 0.1]
   [Code Root Fixup: 0.0 ms]
   [Code Root Purge: 0.0 ms]
   [Clear CT: 0.2 ms]
   [Other: 1.0 ms]
      [Choose CSet: 0.0 ms]
      [Ref Proc: 0.2 ms]
      [Ref Enq: 0.0 ms]
      [Redirty Cards: 0.3 ms]
      [Humongous Register: 0.0 ms]
      [Humongous Reclaim: 0.0 ms]
      [Free CSet: 0.2 ms]
   [Eden: 345.0M(345.0M)->0.0B(329.0M) Survivors: 1024.0K->44.0M Heap: 417.1M(2048.0M)->418.6M(2048.0M)]
 [Times: user=1.36 sys=0.00, real=0.17 secs] 
2020-09-29T11:55:48.455+0200: 153.925: [GC pause (G1 Evacuation Pause) (young), 0.1821090 secs]
   [Parallel Time: 180.6 ms, GC Workers: 8]
      [GC Worker Start (ms): Min: 153924.9, Avg: 153925.0, Max: 153925.1, Diff: 0.2]
      [Ext Root Scanning (ms): Min: 0.0, Avg: 0.1, Max: 0.2, Diff: 0.2, Sum: 0.4]
      [Update RS (ms): Min: 20.7, Avg: 20.9, Max: 21.2, Diff: 0.5, Sum: 167.5]
         [Processed Buffers: Min: 20, Avg: 23.4, Max: 25, Diff: 5, Sum: 187]
      [Scan RS (ms): Min: 16.8, Avg: 17.1, Max: 17.2, Diff: 0.5, Sum: 136.4]
      [Code Root Scanning (ms): Min: 0.0, Avg: 0.0, Max: 0.0, Diff: 0.0, Sum: 0.0]
      [Object Copy (ms): Min: 142.1, Avg: 142.2, Max: 142.3, Diff: 0.3, Sum: 1137.6]
      [Termination (ms): Min: 0.0, Avg: 0.1, Max: 0.1, Diff: 0.1, Sum: 0.4]
         [Termination Attempts: Min: 1, Avg: 419.0, Max: 511, Diff: 510, Sum: 3352]
      [GC Worker Other (ms): Min: 0.0, Avg: 0.1, Max: 0.1, Diff: 0.1, Sum: 0.5]
      [GC Worker Total (ms): Min: 180.3, Avg: 180.4, Max: 180.5, Diff: 0.2, Sum: 1443.0]
      [GC Worker End (ms): Min: 154105.3, Avg: 154105.4, Max: 154105.4, Diff: 0.1]
   [Code Root Fixup: 0.0 ms]
   [Code Root Purge: 0.0 ms]
   [Clear CT: 0.6 ms]
   [Other: 0.9 ms]
      [Choose CSet: 0.0 ms]
      [Ref Proc: 0.1 ms]
      [Ref Enq: 0.0 ms]
      [Redirty Cards: 0.4 ms]
      [Humongous Register: 0.0 ms]
      [Humongous Reclaim: 0.0 ms]
      [Free CSet: 0.2 ms]
   [Eden: 329.0M(329.0M)->0.0B(311.0M) Survivors: 44.0M->47.0M Heap: 801.0M(2048.0M)->802.5M(2048.0M)]
 [Times: user=1.47 sys=0.01, real=0.18 secs] 
2020-09-29T11:55:48.786+0200: 154.256: [GC pause (G1 Evacuation Pause) (young), 0.1653884 secs]
   [Parallel Time: 164.3 ms, GC Workers: 8]
      [GC Worker Start (ms): Min: 154255.8, Avg: 154255.9, Max: 154256.0, Diff: 0.2]
      [Ext Root Scanning (ms): Min: 0.0, Avg: 0.1, Max: 0.2, Diff: 0.2, Sum: 0.5]
      [Update RS (ms): Min: 15.4, Avg: 15.5, Max: 15.5, Diff: 0.1, Sum: 123.9]
         [Processed Buffers: Min: 17, Avg: 19.8, Max: 22, Diff: 5, Sum: 158]
      [Scan RS (ms): Min: 16.7, Avg: 16.8, Max: 16.9, Diff: 0.2, Sum: 134.2]
      [Code Root Scanning (ms): Min: 0.0, Avg: 0.0, Max: 0.0, Diff: 0.0, Sum: 0.0]
      [Object Copy (ms): Min: 131.6, Avg: 131.7, Max: 131.8, Diff: 0.2, Sum: 1053.4]
      [Termination (ms): Min: 0.0, Avg: 0.0, Max: 0.0, Diff: 0.0, Sum: 0.3]
         [Termination Attempts: Min: 1, Avg: 228.6, Max: 302, Diff: 301, Sum: 1829]
      [GC Worker Other (ms): Min: 0.0, Avg: 0.1, Max: 0.1, Diff: 0.1, Sum: 0.4]
      [GC Worker Total (ms): Min: 164.0, Avg: 164.1, Max: 164.2, Diff: 0.2, Sum: 1312.7]
      [GC Worker End (ms): Min: 154420.0, Avg: 154420.0, Max: 154420.0, Diff: 0.1]
   [Code Root Fixup: 0.0 ms]
   [Code Root Purge: 0.0 ms]
   [Clear CT: 0.2 ms]
   [Other: 0.9 ms]
      [Choose CSet: 0.0 ms]
      [Ref Proc: 0.2 ms]
      [Ref Enq: 0.0 ms]
      [Redirty Cards: 0.2 ms]
      [Humongous Register: 0.0 ms]
      [Humongous Reclaim: 0.0 ms]
      [Free CSet: 0.3 ms]
   [Eden: 311.0M(311.0M)->0.0B(319.0M) Survivors: 47.0M->45.0M Heap: 1166.9M(2048.0M)->1168.4M(2048.0M)]
 [Times: user=1.20 sys=0.05, real=0.17 secs] 
2020-09-29T11:55:48.969+0200: 154.439: [GC pause (G1 Humongous Allocation) (young) (initial-mark), 0.0613972 secs]
   [Parallel Time: 60.7 ms, GC Workers: 8]
      [GC Worker Start (ms): Min: 154439.5, Avg: 154439.5, Max: 154439.6, Diff: 0.2]
      [Ext Root Scanning (ms): Min: 0.0, Avg: 1.0, Max: 7.1, Diff: 7.1, Sum: 7.8]
      [Update RS (ms): Min: 29.7, Avg: 35.4, Max: 36.4, Diff: 6.7, Sum: 283.6]
         [Processed Buffers: Min: 37, Avg: 43.9, Max: 46, Diff: 9, Sum: 351]
      [Scan RS (ms): Min: 2.3, Avg: 2.7, Max: 2.9, Diff: 0.6, Sum: 21.5]
      [Code Root Scanning (ms): Min: 0.0, Avg: 0.0, Max: 0.0, Diff: 0.0, Sum: 0.0]
      [Object Copy (ms): Min: 21.3, Avg: 21.4, Max: 21.5, Diff: 0.1, Sum: 171.5]
      [Termination (ms): Min: 0.0, Avg: 0.0, Max: 0.0, Diff: 0.0, Sum: 0.0]
         [Termination Attempts: Min: 1, Avg: 28.1, Max: 35, Diff: 34, Sum: 225]
      [GC Worker Other (ms): Min: 0.0, Avg: 0.0, Max: 0.0, Diff: 0.0, Sum: 0.1]
      [GC Worker Total (ms): Min: 60.5, Avg: 60.6, Max: 60.6, Diff: 0.2, Sum: 484.6]
      [GC Worker End (ms): Min: 154500.1, Avg: 154500.1, Max: 154500.1, Diff: 0.0]
   [Code Root Fixup: 0.0 ms]
   [Code Root Purge: 0.0 ms]
   [Clear CT: 0.1 ms]
   [Other: 0.6 ms]
      [Choose CSet: 0.0 ms]
      [Ref Proc: 0.2 ms]
      [Ref Enq: 0.0 ms]
      [Redirty Cards: 0.1 ms]
      [Humongous Register: 0.0 ms]
      [Humongous Reclaim: 0.0 ms]
      [Free CSet: 0.1 ms]
   [Eden: 11.0M(319.0M)->0.0B(325.0M) Survivors: 45.0M->13.0M Heap: 1179.4M(2048.0M)->1183.9M(2048.0M)]
 [Times: user=0.49 sys=0.00, real=0.06 secs] 
2020-09-29T11:55:49.030+0200: 154.501: [GC concurrent-root-region-scan-start]
2020-09-29T11:55:49.032+0200: 154.503: [GC concurrent-root-region-scan-end, 0.0019656 secs]
2020-09-29T11:55:49.032+0200: 154.503: [GC concurrent-mark-start]
2020-09-29T11:55:49.034+0200: 154.505: [GC concurrent-mark-end, 0.0022269 secs]
2020-09-29T11:55:49.035+0200: 154.505: [GC remark 2020-09-29T11:55:49.035+0200: 154.505: [Finalize Marking, 0.0001696 secs] 2020-09-29T11:55:49.035+0200: 154.505: [GC ref-proc, 0.0002551 secs] 2020-09-29T11:55:49.035+0200: 154.506: [Unloading, 0.0003999 secs], 0.0010878 secs]
 [Times: user=0.00 sys=0.00, real=0.00 secs] 
2020-09-29T11:55:49.036+0200: 154.507: [GC cleanup 1195M->36M(2048M), 0.0010026 secs]
 [Times: user=0.00 sys=0.00, real=0.00 secs] 
2020-09-29T11:55:49.037+0200: 154.508: [GC concurrent-cleanup-start]
2020-09-29T11:55:49.039+0200: 154.509: [GC concurrent-cleanup-end, 0.0015539 secs]
2020-09-29T11:55:49.195+0200: 154.664: [GC pause (G1 Evacuation Pause) (young), 0.1678182 secs]
   [Parallel Time: 166.4 ms, GC Workers: 8]
      [GC Worker Start (ms): Min: 154664.4, Avg: 154664.5, Max: 154664.6, Diff: 0.2]
      [Ext Root Scanning (ms): Min: 0.0, Avg: 0.0, Max: 0.2, Diff: 0.2, Sum: 0.4]
      [Update RS (ms): Min: 13.8, Avg: 14.0, Max: 14.5, Diff: 0.6, Sum: 111.8]
         [Processed Buffers: Min: 16, Avg: 17.3, Max: 19, Diff: 3, Sum: 138]
      [Scan RS (ms): Min: 14.0, Avg: 14.5, Max: 14.7, Diff: 0.6, Sum: 116.1]
      [Code Root Scanning (ms): Min: 0.0, Avg: 0.0, Max: 0.0, Diff: 0.0, Sum: 0.0]
      [Object Copy (ms): Min: 137.1, Avg: 137.3, Max: 137.7, Diff: 0.6, Sum: 1098.3]
      [Termination (ms): Min: 0.0, Avg: 0.4, Max: 0.5, Diff: 0.5, Sum: 3.0]
         [Termination Attempts: Min: 1, Avg: 2675.9, Max: 3421, Diff: 3420, Sum: 21407]
      [GC Worker Other (ms): Min: 0.0, Avg: 0.0, Max: 0.1, Diff: 0.1, Sum: 0.3]
      [GC Worker Total (ms): Min: 166.2, Avg: 166.2, Max: 166.4, Diff: 0.2, Sum: 1330.0]
      [GC Worker End (ms): Min: 154830.7, Avg: 154830.7, Max: 154830.8, Diff: 0.1]
   [Code Root Fixup: 0.0 ms]
   [Code Root Purge: 0.0 ms]
   [Clear CT: 0.4 ms]
   [Other: 1.0 ms]
      [Choose CSet: 0.0 ms]
      [Ref Proc: 0.2 ms]
      [Ref Enq: 0.0 ms]
      [Redirty Cards: 0.3 ms]
      [Humongous Register: 0.0 ms]
      [Humongous Reclaim: 0.0 ms]
      [Free CSet: 0.2 ms]
   [Eden: 325.0M(325.0M)->0.0B(324.0M) Survivors: 13.0M->43.0M Heap: 405.3M(2048.0M)->394.3M(2048.0M)]
 [Times: user=1.24 sys=0.00, real=0.17 secs] 
2020-09-29T11:55:49.533+0200: 155.003: [GC pause (G1 Evacuation Pause) (young), 0.1793230 secs]
   [Parallel Time: 178.1 ms, GC Workers: 8]
      [GC Worker Start (ms): Min: 155002.8, Avg: 155002.8, Max: 155002.9, Diff: 0.2]
      [Ext Root Scanning (ms): Min: 0.0, Avg: 0.1, Max: 0.1, Diff: 0.1, Sum: 0.5]
      [Update RS (ms): Min: 19.4, Avg: 19.6, Max: 20.0, Diff: 0.6, Sum: 156.7]
         [Processed Buffers: Min: 19, Avg: 20.3, Max: 22, Diff: 3, Sum: 162]
      [Scan RS (ms): Min: 19.8, Avg: 20.2, Max: 20.5, Diff: 0.7, Sum: 161.4]
      [Code Root Scanning (ms): Min: 0.0, Avg: 0.0, Max: 0.0, Diff: 0.0, Sum: 0.0]
      [Object Copy (ms): Min: 137.9, Avg: 138.0, Max: 138.1, Diff: 0.2, Sum: 1104.0]
      [Termination (ms): Min: 0.0, Avg: 0.0, Max: 0.0, Diff: 0.0, Sum: 0.0]
         [Termination Attempts: Min: 1, Avg: 20.3, Max: 38, Diff: 37, Sum: 162]
      [GC Worker Other (ms): Min: 0.0, Avg: 0.0, Max: 0.1, Diff: 0.0, Sum: 0.2]
      [GC Worker Total (ms): Min: 177.8, Avg: 177.9, Max: 178.0, Diff: 0.2, Sum: 1423.0]
      [GC Worker End (ms): Min: 155180.7, Avg: 155180.7, Max: 155180.7, Diff: 0.0]
   [Code Root Fixup: 0.0 ms]
   [Code Root Purge: 0.0 ms]
   [Clear CT: 0.2 ms]
   [Other: 1.0 ms]
      [Choose CSet: 0.0 ms]
      [Ref Proc: 0.2 ms]
      [Ref Enq: 0.0 ms]
      [Redirty Cards: 0.4 ms]
      [Humongous Register: 0.0 ms]
      [Humongous Reclaim: 0.0 ms]
      [Free CSet: 0.2 ms]
   [Eden: 324.0M(324.0M)->0.0B(309.0M) Survivors: 43.0M->46.0M Heap: 771.7M(2048.0M)->772.7M(2048.0M)]
 [Times: user=1.45 sys=0.03, real=0.18 secs] 
2020-09-29T11:55:49.874+0200: 155.344: [GC pause (G1 Evacuation Pause) (young), 0.1648124 secs]
   [Parallel Time: 163.6 ms, GC Workers: 8]
      [GC Worker Start (ms): Min: 155344.4, Avg: 155344.5, Max: 155344.5, Diff: 0.1]
      [Ext Root Scanning (ms): Min: 0.0, Avg: 0.1, Max: 0.1, Diff: 0.1, Sum: 0.5]
      [Update RS (ms): Min: 17.1, Avg: 17.5, Max: 17.8, Diff: 0.7, Sum: 139.9]
         [Processed Buffers: Min: 19, Avg: 20.6, Max: 22, Diff: 3, Sum: 165]
      [Scan RS (ms): Min: 15.4, Avg: 15.7, Max: 16.1, Diff: 0.7, Sum: 125.7]
      [Code Root Scanning (ms): Min: 0.0, Avg: 0.0, Max: 0.0, Diff: 0.0, Sum: 0.0]
      [Object Copy (ms): Min: 129.9, Avg: 130.0, Max: 130.1, Diff: 0.2, Sum: 1040.1]
      [Termination (ms): Min: 0.0, Avg: 0.0, Max: 0.0, Diff: 0.0, Sum: 0.3]
         [Termination Attempts: Min: 1, Avg: 268.5, Max: 327, Diff: 326, Sum: 2148]
      [GC Worker Other (ms): Min: 0.0, Avg: 0.0, Max: 0.1, Diff: 0.1, Sum: 0.3]
      [GC Worker Total (ms): Min: 163.3, Avg: 163.4, Max: 163.4, Diff: 0.2, Sum: 1306.9]
      [GC Worker End (ms): Min: 155507.8, Avg: 155507.8, Max: 155507.8, Diff: 0.1]
   [Code Root Fixup: 0.0 ms]
   [Code Root Purge: 0.0 ms]
   [Clear CT: 0.3 ms]
   [Other: 1.0 ms]
      [Choose CSet: 0.0 ms]
      [Ref Proc: 0.2 ms]
      [Ref Enq: 0.0 ms]
      [Redirty Cards: 0.3 ms]
      [Humongous Register: 0.0 ms]
      [Humongous Reclaim: 0.0 ms]
      [Free CSet: 0.2 ms]
   [Eden: 309.0M(309.0M)->0.0B(318.0M) Survivors: 46.0M->45.0M Heap: 1133.2M(2048.0M)->1134.7M(2048.0M)]
 [Times: user=1.36 sys=0.01, real=0.16 secs] 
2020-09-29T11:55:50.040+0200: 155.511: [GC pause (G1 Humongous Allocation) (young) (initial-mark), 0.0712686 secs]
   [Parallel Time: 70.2 ms, GC Workers: 8]
      [GC Worker Start (ms): Min: 155511.1, Avg: 155511.2, Max: 155511.3, Diff: 0.2]
      [Ext Root Scanning (ms): Min: 0.0, Avg: 0.2, Max: 0.8, Diff: 0.8, Sum: 1.7]
      [Update RS (ms): Min: 46.9, Avg: 47.4, Max: 47.7, Diff: 0.8, Sum: 378.9]
         [Processed Buffers: Min: 55, Avg: 58.6, Max: 61, Diff: 6, Sum: 469]
      [Scan RS (ms): Min: 0.0, Avg: 0.0, Max: 0.1, Diff: 0.1, Sum: 0.1]
      [Code Root Scanning (ms): Min: 0.0, Avg: 0.0, Max: 0.0, Diff: 0.0, Sum: 0.0]
      [Object Copy (ms): Min: 22.1, Avg: 22.3, Max: 22.5, Diff: 0.4, Sum: 178.6]
      [Termination (ms): Min: 0.0, Avg: 0.0, Max: 0.0, Diff: 0.0, Sum: 0.1]
         [Termination Attempts: Min: 1, Avg: 82.0, Max: 106, Diff: 105, Sum: 656]
      [GC Worker Other (ms): Min: 0.0, Avg: 0.0, Max: 0.0, Diff: 0.0, Sum: 0.2]
      [GC Worker Total (ms): Min: 69.8, Avg: 69.9, Max: 70.0, Diff: 0.2, Sum: 559.5]
      [GC Worker End (ms): Min: 155581.2, Avg: 155581.2, Max: 155581.2, Diff: 0.0]
   [Code Root Fixup: 0.0 ms]
   [Code Root Purge: 0.0 ms]
   [Clear CT: 0.2 ms]
   [Other: 0.9 ms]
      [Choose CSet: 0.0 ms]
      [Ref Proc: 0.2 ms]
      [Ref Enq: 0.0 ms]
      [Redirty Cards: 0.4 ms]
      [Humongous Register: 0.0 ms]
      [Humongous Reclaim: 0.0 ms]
      [Free CSet: 0.1 ms]
   [Eden: 4096.0K(318.0M)->0.0B(303.0M) Survivors: 45.0M->6144.0K Heap: 1138.2M(2048.0M)->1142.2M(2048.0M)]
 [Times: user=0.50 sys=0.00, real=0.07 secs] 
2020-09-29T11:55:50.112+0200: 155.582: [GC concurrent-root-region-scan-start]
2020-09-29T11:55:50.113+0200: 155.584: [GC concurrent-root-region-scan-end, 0.0011347 secs]
2020-09-29T11:55:50.113+0200: 155.584: [GC concurrent-mark-start]
2020-09-29T11:55:50.115+0200: 155.586: [GC concurrent-mark-end, 0.0023866 secs]
2020-09-29T11:55:50.115+0200: 155.586: [GC remark 2020-09-29T11:55:50.115+0200: 155.586: [Finalize Marking, 0.0002007 secs] 2020-09-29T11:55:50.116+0200: 155.586: [GC ref-proc, 0.0002737 secs] 2020-09-29T11:55:50.116+0200: 155.587: [Unloading, 0.0004047 secs], 0.0012173 secs]
 [Times: user=0.00 sys=0.00, real=0.00 secs] 
2020-09-29T11:55:50.117+0200: 155.588: [GC cleanup 1152M->27M(2048M), 0.0010491 secs]
 [Times: user=0.00 sys=0.00, real=0.00 secs] 
2020-09-29T11:55:50.118+0200: 155.589: [GC concurrent-cleanup-start]
2020-09-29T11:55:50.120+0200: 155.590: [GC concurrent-cleanup-end, 0.0014329 secs]
2020-09-29T11:55:50.265+0200: 155.735: [GC pause (G1 Evacuation Pause) (young), 0.1455103 secs]
   [Parallel Time: 144.0 ms, GC Workers: 8]
      [GC Worker Start (ms): Min: 155735.4, Avg: 155735.5, Max: 155735.6, Diff: 0.2]
      [Ext Root Scanning (ms): Min: 0.0, Avg: 0.1, Max: 0.2, Diff: 0.1, Sum: 0.5]
      [Update RS (ms): Min: 20.6, Avg: 20.8, Max: 21.1, Diff: 0.5, Sum: 166.5]
         [Processed Buffers: Min: 23, Avg: 24.1, Max: 27, Diff: 4, Sum: 193]
      [Scan RS (ms): Min: 10.2, Avg: 10.5, Max: 10.8, Diff: 0.6, Sum: 84.1]
      [Code Root Scanning (ms): Min: 0.0, Avg: 0.0, Max: 0.0, Diff: 0.0, Sum: 0.0]
      [Object Copy (ms): Min: 112.3, Avg: 112.3, Max: 112.4, Diff: 0.1, Sum: 898.6]
      [Termination (ms): Min: 0.0, Avg: 0.0, Max: 0.1, Diff: 0.1, Sum: 0.3]
         [Termination Attempts: Min: 1, Avg: 245.6, Max: 327, Diff: 326, Sum: 1965]
      [GC Worker Other (ms): Min: 0.0, Avg: 0.1, Max: 0.1, Diff: 0.1, Sum: 0.4]
      [GC Worker Total (ms): Min: 143.7, Avg: 143.8, Max: 143.9, Diff: 0.2, Sum: 1150.3]
      [GC Worker End (ms): Min: 155879.3, Avg: 155879.3, Max: 155879.3, Diff: 0.1]
   [Code Root Fixup: 0.0 ms]
   [Code Root Purge: 0.0 ms]
   [Clear CT: 0.2 ms]
   [Other: 1.3 ms]
      [Choose CSet: 0.0 ms]
      [Ref Proc: 0.2 ms]
      [Ref Enq: 0.0 ms]
      [Redirty Cards: 0.7 ms]
      [Humongous Register: 0.0 ms]
      [Humongous Reclaim: 0.0 ms]
      [Free CSet: 0.2 ms]
   [Eden: 303.0M(303.0M)->0.0B(300.0M) Survivors: 6144.0K->39.0M Heap: 372.0M(2048.0M)->369.0M(2048.0M)]
 [Times: user=1.13 sys=0.02, real=0.15 secs] 
2020-09-29T11:55:50.574+0200: 156.044: [GC pause (G1 Evacuation Pause) (young), 0.1593904 secs]
   [Parallel Time: 156.2 ms, GC Workers: 8]
      [GC Worker Start (ms): Min: 156044.0, Avg: 156044.2, Max: 156044.2, Diff: 0.2]
      [Ext Root Scanning (ms): Min: 0.0, Avg: 0.0, Max: 0.2, Diff: 0.2, Sum: 0.4]
      [Update RS (ms): Min: 15.6, Avg: 15.8, Max: 16.2, Diff: 0.6, Sum: 126.1]
         [Processed Buffers: Min: 17, Avg: 18.4, Max: 19, Diff: 2, Sum: 147]
      [Scan RS (ms): Min: 14.5, Avg: 14.9, Max: 15.2, Diff: 0.7, Sum: 119.6]
      [Code Root Scanning (ms): Min: 0.0, Avg: 0.0, Max: 0.0, Diff: 0.0, Sum: 0.0]
      [Object Copy (ms): Min: 125.0, Avg: 125.1, Max: 125.2, Diff: 0.2, Sum: 1001.0]
      [Termination (ms): Min: 0.0, Avg: 0.0, Max: 0.0, Diff: 0.0, Sum: 0.2]
         [Termination Attempts: Min: 1, Avg: 208.3, Max: 278, Diff: 277, Sum: 1666]
      [GC Worker Other (ms): Min: 0.0, Avg: 0.0, Max: 0.1, Diff: 0.1, Sum: 0.4]
      [GC Worker Total (ms): Min: 155.9, Avg: 156.0, Max: 156.1, Diff: 0.2, Sum: 1247.8]
      [GC Worker End (ms): Min: 156200.1, Avg: 156200.1, Max: 156200.2, Diff: 0.1]
   [Code Root Fixup: 0.0 ms]
   [Code Root Purge: 0.0 ms]
   [Clear CT: 0.4 ms]
   [Other: 2.8 ms]
      [Choose CSet: 0.0 ms]
      [Ref Proc: 0.1 ms]
      [Ref Enq: 0.0 ms]
      [Redirty Cards: 2.3 ms]
      [Humongous Register: 0.0 ms]
      [Humongous Reclaim: 0.0 ms]
      [Free CSet: 0.2 ms]
   [Eden: 300.0M(300.0M)->0.0B(302.0M) Survivors: 39.0M->43.0M Heap: 718.6M(2048.0M)->720.6M(2048.0M)]
 [Times: user=1.24 sys=0.01, real=0.16 secs] 
2020-09-29T11:55:50.877+0200: 156.347: [GC pause (G1 Evacuation Pause) (young), 0.1577878 secs]
   [Parallel Time: 156.3 ms, GC Workers: 8]
      [GC Worker Start (ms): Min: 156347.1, Avg: 156347.2, Max: 156347.3, Diff: 0.2]
      [Ext Root Scanning (ms): Min: 0.0, Avg: 0.1, Max: 0.1, Diff: 0.1, Sum: 0.4]
      [Update RS (ms): Min: 15.9, Avg: 16.0, Max: 16.4, Diff: 0.5, Sum: 128.2]
         [Processed Buffers: Min: 18, Avg: 20.4, Max: 23, Diff: 5, Sum: 163]
      [Scan RS (ms): Min: 14.6, Avg: 15.0, Max: 15.2, Diff: 0.5, Sum: 119.6]
      [Code Root Scanning (ms): Min: 0.0, Avg: 0.0, Max: 0.0, Diff: 0.0, Sum: 0.0]
      [Object Copy (ms): Min: 124.9, Avg: 125.0, Max: 125.1, Diff: 0.2, Sum: 999.9]
      [Termination (ms): Min: 0.0, Avg: 0.0, Max: 0.0, Diff: 0.0, Sum: 0.0]
         [Termination Attempts: Min: 1, Avg: 43.1, Max: 54, Diff: 53, Sum: 345]
      [GC Worker Other (ms): Min: 0.0, Avg: 0.0, Max: 0.1, Diff: 0.1, Sum: 0.3]
      [GC Worker Total (ms): Min: 156.0, Avg: 156.1, Max: 156.2, Diff: 0.2, Sum: 1248.5]
      [GC Worker End (ms): Min: 156503.3, Avg: 156503.3, Max: 156503.3, Diff: 0.1]
   [Code Root Fixup: 0.0 ms]
   [Code Root Purge: 0.0 ms]
   [Clear CT: 0.2 ms]
   [Other: 1.3 ms]
      [Choose CSet: 0.0 ms]
      [Ref Proc: 0.1 ms]
      [Ref Enq: 0.0 ms]
      [Redirty Cards: 0.5 ms]
      [Humongous Register: 0.0 ms]
      [Humongous Reclaim: 0.0 ms]
      [Free CSet: 0.2 ms]
   [Eden: 302.0M(302.0M)->0.0B(312.0M) Survivors: 43.0M->44.0M Heap: 1074.1M(2048.0M)->1076.6M(2048.0M)]
 [Times: user=1.24 sys=0.00, real=0.16 secs] 
2020-09-29T11:55:51.045+0200: 156.515: [GC pause (G1 Humongous Allocation) (young) (initial-mark), 0.0730770 secs]
   [Parallel Time: 72.3 ms, GC Workers: 8]
      [GC Worker Start (ms): Min: 156515.4, Avg: 156515.5, Max: 156515.6, Diff: 0.2]
      [Ext Root Scanning (ms): Min: 0.0, Avg: 2.3, Max: 15.0, Diff: 15.0, Sum: 18.2]
      [Update RS (ms): Min: 22.8, Avg: 35.6, Max: 38.0, Diff: 15.2, Sum: 285.1]
         [Processed Buffers: Min: 26, Avg: 44.0, Max: 48, Diff: 22, Sum: 352]
      [Scan RS (ms): Min: 2.4, Avg: 2.7, Max: 2.8, Diff: 0.4, Sum: 21.3]
      [Code Root Scanning (ms): Min: 0.0, Avg: 0.0, Max: 0.0, Diff: 0.0, Sum: 0.0]
      [Object Copy (ms): Min: 31.1, Avg: 31.2, Max: 31.5, Diff: 0.4, Sum: 249.8]
      [Termination (ms): Min: 0.0, Avg: 0.2, Max: 0.4, Diff: 0.4, Sum: 1.9]
         [Termination Attempts: Min: 1, Avg: 1658.5, Max: 2495, Diff: 2494, Sum: 13268]
      [GC Worker Other (ms): Min: 0.0, Avg: 0.0, Max: 0.0, Diff: 0.0, Sum: 0.2]
      [GC Worker Total (ms): Min: 72.0, Avg: 72.1, Max: 72.1, Diff: 0.2, Sum: 576.5]
      [GC Worker End (ms): Min: 156587.6, Avg: 156587.6, Max: 156587.6, Diff: 0.0]
   [Code Root Fixup: 0.0 ms]
   [Code Root Purge: 0.0 ms]
   [Clear CT: 0.2 ms]
   [Other: 0.6 ms]
      [Choose CSet: 0.0 ms]
      [Ref Proc: 0.2 ms]
      [Ref Enq: 0.0 ms]
      [Redirty Cards: 0.1 ms]
      [Humongous Register: 0.0 ms]
      [Humongous Reclaim: 0.0 ms]
      [Free CSet: 0.1 ms]
   [Eden: 11.0M(312.0M)->0.0B(293.0M) Survivors: 44.0M->13.0M Heap: 1087.6M(2048.0M)->1091.1M(2048.0M)]
 [Times: user=0.61 sys=0.00, real=0.07 secs] 
2020-09-29T11:55:51.118+0200: 156.588: [GC concurrent-root-region-scan-start]
2020-09-29T11:55:51.121+0200: 156.592: [GC concurrent-root-region-scan-end, 0.0030653 secs]
2020-09-29T11:55:51.121+0200: 156.592: [GC concurrent-mark-start]
2020-09-29T11:55:51.124+0200: 156.594: [GC concurrent-mark-end, 0.0023232 secs]
2020-09-29T11:55:51.124+0200: 156.594: [GC remark 2020-09-29T11:55:51.124+0200: 156.594: [Finalize Marking, 0.0002665 secs] 2020-09-29T11:55:51.124+0200: 156.594: [GC ref-proc, 0.0002820 secs] 2020-09-29T11:55:51.124+0200: 156.595: [Unloading, 0.0004886 secs], 0.0014034 secs]
 [Times: user=0.00 sys=0.00, real=0.00 secs] 
2020-09-29T11:55:51.126+0200: 156.596: [GC cleanup 1103M->37M(2048M), 0.0012871 secs]
 [Times: user=0.00 sys=0.00, real=0.00 secs] 
2020-09-29T11:55:51.127+0200: 156.597: [GC concurrent-cleanup-start]
2020-09-29T11:55:51.128+0200: 156.599: [GC concurrent-cleanup-end, 0.0014690 secs]
2020-09-29T11:55:51.270+0200: 156.740: [GC pause (G1 Evacuation Pause) (young), 0.1404784 secs]
   [Parallel Time: 139.3 ms, GC Workers: 8]
      [GC Worker Start (ms): Min: 156740.5, Avg: 156740.6, Max: 156740.7, Diff: 0.2]
      [Ext Root Scanning (ms): Min: 0.0, Avg: 0.1, Max: 0.2, Diff: 0.2, Sum: 0.5]
      [Update RS (ms): Min: 22.2, Avg: 22.4, Max: 22.6, Diff: 0.3, Sum: 179.0]
         [Processed Buffers: Min: 24, Avg: 25.5, Max: 28, Diff: 4, Sum: 204]
      [Scan RS (ms): Min: 8.9, Avg: 9.0, Max: 9.2, Diff: 0.3, Sum: 72.3]
      [Code Root Scanning (ms): Min: 0.0, Avg: 0.0, Max: 0.0, Diff: 0.0, Sum: 0.0]
      [Object Copy (ms): Min: 107.5, Avg: 107.5, Max: 107.6, Diff: 0.1, Sum: 860.3]
      [Termination (ms): Min: 0.0, Avg: 0.0, Max: 0.0, Diff: 0.0, Sum: 0.1]
         [Termination Attempts: Min: 1, Avg: 89.5, Max: 115, Diff: 114, Sum: 716]
      [GC Worker Other (ms): Min: 0.0, Avg: 0.0, Max: 0.1, Diff: 0.0, Sum: 0.3]
      [GC Worker Total (ms): Min: 139.0, Avg: 139.1, Max: 139.2, Diff: 0.2, Sum: 1112.4]
      [GC Worker End (ms): Min: 156879.6, Avg: 156879.6, Max: 156879.7, Diff: 0.0]
   [Code Root Fixup: 0.0 ms]
   [Code Root Purge: 0.0 ms]
   [Clear CT: 0.3 ms]
   [Other: 0.9 ms]
      [Choose CSet: 0.0 ms]
      [Ref Proc: 0.2 ms]
      [Ref Enq: 0.0 ms]
      [Redirty Cards: 0.3 ms]
      [Humongous Register: 0.0 ms]
      [Humongous Reclaim: 0.0 ms]
      [Free CSet: 0.1 ms]
   [Eden: 293.0M(293.0M)->0.0B(296.0M) Survivors: 13.0M->39.0M Heap: 367.1M(2048.0M)->356.6M(2048.0M)]
 [Times: user=1.02 sys=0.00, real=0.14 secs] 
2020-09-29T11:55:51.560+0200: 157.030: [GC pause (G1 Evacuation Pause) (young), 0.1654371 secs]
   [Parallel Time: 162.1 ms, GC Workers: 8]
      [GC Worker Start (ms): Min: 157030.4, Avg: 157030.5, Max: 157030.5, Diff: 0.1]
      [Ext Root Scanning (ms): Min: 0.0, Avg: 0.1, Max: 0.1, Diff: 0.1, Sum: 0.5]
      [Update RS (ms): Min: 15.1, Avg: 15.3, Max: 15.6, Diff: 0.4, Sum: 122.6]
         [Processed Buffers: Min: 17, Avg: 17.9, Max: 20, Diff: 3, Sum: 143]
      [Scan RS (ms): Min: 16.0, Avg: 16.3, Max: 16.5, Diff: 0.5, Sum: 130.4]
      [Code Root Scanning (ms): Min: 0.0, Avg: 0.0, Max: 0.0, Diff: 0.0, Sum: 0.0]
      [Object Copy (ms): Min: 129.9, Avg: 129.9, Max: 130.1, Diff: 0.2, Sum: 1039.5]
      [Termination (ms): Min: 0.0, Avg: 0.1, Max: 0.2, Diff: 0.2, Sum: 1.0]
         [Termination Attempts: Min: 1, Avg: 929.0, Max: 1123, Diff: 1122, Sum: 7432]
      [GC Worker Other (ms): Min: 0.0, Avg: 0.0, Max: 0.1, Diff: 0.1, Sum: 0.4]
      [GC Worker Total (ms): Min: 161.7, Avg: 161.8, Max: 161.9, Diff: 0.2, Sum: 1294.4]
      [GC Worker End (ms): Min: 157192.2, Avg: 157192.3, Max: 157192.3, Diff: 0.1]
   [Code Root Fixup: 0.0 ms]
   [Code Root Purge: 0.0 ms]
   [Clear CT: 0.5 ms]
   [Other: 2.9 ms]
      [Choose CSet: 0.0 ms]
      [Ref Proc: 0.3 ms]
      [Ref Enq: 0.0 ms]
      [Redirty Cards: 2.2 ms]
      [Humongous Register: 0.0 ms]
      [Humongous Reclaim: 0.0 ms]
      [Free CSet: 0.2 ms]
   [Eden: 296.0M(296.0M)->0.0B(295.0M) Survivors: 39.0M->42.0M Heap: 702.2M(2048.0M)->703.7M(2048.0M)]
 [Times: user=1.25 sys=0.02, real=0.17 secs] 
2020-09-29T11:55:51.875+0200: 157.345: [GC pause (G1 Evacuation Pause) (young), 0.1551456 secs]
   [Parallel Time: 154.1 ms, GC Workers: 8]
      [GC Worker Start (ms): Min: 157344.7, Avg: 157344.8, Max: 157344.8, Diff: 0.1]
      [Ext Root Scanning (ms): Min: 0.0, Avg: 0.1, Max: 0.1, Diff: 0.1, Sum: 0.5]
      [Update RS (ms): Min: 14.8, Avg: 15.0, Max: 15.3, Diff: 0.5, Sum: 119.6]
         [Processed Buffers: Min: 17, Avg: 18.9, Max: 21, Diff: 4, Sum: 151]
      [Scan RS (ms): Min: 14.4, Avg: 14.8, Max: 15.0, Diff: 0.6, Sum: 118.5]
      [Code Root Scanning (ms): Min: 0.0, Avg: 0.0, Max: 0.0, Diff: 0.0, Sum: 0.0]
      [Object Copy (ms): Min: 123.9, Avg: 124.1, Max: 124.2, Diff: 0.2, Sum: 992.5]
      [Termination (ms): Min: 0.0, Avg: 0.0, Max: 0.0, Diff: 0.0, Sum: 0.3]
         [Termination Attempts: Min: 1, Avg: 271.4, Max: 327, Diff: 326, Sum: 2171]
      [GC Worker Other (ms): Min: 0.0, Avg: 0.0, Max: 0.1, Diff: 0.1, Sum: 0.3]
      [GC Worker Total (ms): Min: 153.9, Avg: 154.0, Max: 154.1, Diff: 0.2, Sum: 1231.8]
      [GC Worker End (ms): Min: 157498.7, Avg: 157498.7, Max: 157498.8, Diff: 0.1]
   [Code Root Fixup: 0.0 ms]
   [Code Root Purge: 0.0 ms]
   [Clear CT: 0.2 ms]
   [Other: 0.8 ms]
      [Choose CSet: 0.0 ms]
      [Ref Proc: 0.2 ms]
      [Ref Enq: 0.0 ms]
      [Redirty Cards: 0.3 ms]
      [Humongous Register: 0.0 ms]
      [Humongous Reclaim: 0.0 ms]
      [Free CSet: 0.2 ms]
   [Eden: 295.0M(295.0M)->0.0B(306.0M) Survivors: 42.0M->43.0M Heap: 1048.3M(2048.0M)->1050.3M(2048.0M)]
 [Times: user=1.25 sys=0.00, real=0.15 secs] 
2020-09-29T11:55:52.040+0200: 157.510: [GC pause (G1 Humongous Allocation) (young) (initial-mark), 0.0593836 secs]
   [Parallel Time: 58.1 ms, GC Workers: 8]
      [GC Worker Start (ms): Min: 157510.2, Avg: 157510.2, Max: 157510.3, Diff: 0.1]
      [Ext Root Scanning (ms): Min: 0.9, Avg: 1.0, Max: 1.1, Diff: 0.2, Sum: 7.6]
      [Update RS (ms): Min: 32.5, Avg: 32.7, Max: 33.0, Diff: 0.5, Sum: 261.6]
         [Processed Buffers: Min: 41, Avg: 42.5, Max: 44, Diff: 3, Sum: 340]
      [Scan RS (ms): Min: 2.4, Avg: 2.6, Max: 2.8, Diff: 0.4, Sum: 21.1]
      [Code Root Scanning (ms): Min: 0.0, Avg: 0.0, Max: 0.0, Diff: 0.0, Sum: 0.0]
      [Object Copy (ms): Min: 21.4, Avg: 21.4, Max: 21.5, Diff: 0.1, Sum: 171.3]
      [Termination (ms): Min: 0.0, Avg: 0.0, Max: 0.0, Diff: 0.0, Sum: 0.2]
         [Termination Attempts: Min: 1, Avg: 133.6, Max: 178, Diff: 177, Sum: 1069]
      [GC Worker Other (ms): Min: 0.0, Avg: 0.0, Max: 0.0, Diff: 0.0, Sum: 0.1]
      [GC Worker Total (ms): Min: 57.7, Avg: 57.7, Max: 57.8, Diff: 0.1, Sum: 462.0]
      [GC Worker End (ms): Min: 157568.0, Avg: 157568.0, Max: 157568.0, Diff: 0.0]
   [Code Root Fixup: 0.0 ms]
   [Code Root Purge: 0.0 ms]
   [Clear CT: 0.2 ms]
   [Other: 1.1 ms]
      [Choose CSet: 0.0 ms]
      [Ref Proc: 0.3 ms]
      [Ref Enq: 0.0 ms]
      [Redirty Cards: 0.5 ms]
      [Humongous Register: 0.0 ms]
      [Humongous Reclaim: 0.0 ms]
      [Free CSet: 0.1 ms]
   [Eden: 9216.0K(306.0M)->0.0B(343.0M) Survivors: 43.0M->11.0M Heap: 1059.3M(2048.0M)->1063.3M(2048.0M)]
 [Times: user=0.41 sys=0.00, real=0.06 secs] 
2020-09-29T11:55:52.100+0200: 157.569: [GC concurrent-root-region-scan-start]
2020-09-29T11:55:52.102+0200: 157.571: [GC concurrent-root-region-scan-end, 0.0020490 secs]
2020-09-29T11:55:52.102+0200: 157.572: [GC concurrent-mark-start]
2020-09-29T11:55:52.104+0200: 157.574: [GC concurrent-mark-end, 0.0021396 secs]
2020-09-29T11:55:52.104+0200: 157.574: [GC remark 2020-09-29T11:55:52.104+0200: 157.574: [Finalize Marking, 0.0002412 secs] 2020-09-29T11:55:52.104+0200: 157.574: [GC ref-proc, 0.0002606 secs] 2020-09-29T11:55:52.105+0200: 157.574: [Unloading, 0.0005430 secs], 0.0013299 secs]
 [Times: user=0.00 sys=0.00, real=0.00 secs] 
2020-09-29T11:55:52.106+0200: 157.576: [GC cleanup 1075M->34M(2048M), 0.0013104 secs]
 [Times: user=0.00 sys=0.00, real=0.00 secs] 
2020-09-29T11:55:52.107+0200: 157.577: [GC concurrent-cleanup-start]
2020-09-29T11:55:52.108+0200: 157.578: [GC concurrent-cleanup-end, 0.0011970 secs]
2020-09-29T11:55:52.275+0200: 157.745: [GC pause (G1 Evacuation Pause) (young), 0.1717998 secs]
   [Parallel Time: 170.6 ms, GC Workers: 8]
      [GC Worker Start (ms): Min: 157744.7, Avg: 157744.8, Max: 157744.9, Diff: 0.2]
      [Ext Root Scanning (ms): Min: 0.0, Avg: 0.1, Max: 0.2, Diff: 0.2, Sum: 0.6]
      [Update RS (ms): Min: 20.7, Avg: 21.0, Max: 21.4, Diff: 0.7, Sum: 168.3]
         [Processed Buffers: Min: 18, Avg: 20.0, Max: 21, Diff: 3, Sum: 160]
      [Scan RS (ms): Min: 17.3, Avg: 17.7, Max: 18.1, Diff: 0.8, Sum: 141.5]
      [Code Root Scanning (ms): Min: 0.0, Avg: 0.0, Max: 0.0, Diff: 0.0, Sum: 0.0]
      [Object Copy (ms): Min: 131.3, Avg: 131.5, Max: 131.6, Diff: 0.2, Sum: 1052.0]
      [Termination (ms): Min: 0.0, Avg: 0.0, Max: 0.0, Diff: 0.0, Sum: 0.1]
         [Termination Attempts: Min: 1, Avg: 101.4, Max: 132, Diff: 131, Sum: 811]
      [GC Worker Other (ms): Min: 0.0, Avg: 0.0, Max: 0.1, Diff: 0.1, Sum: 0.3]
      [GC Worker Total (ms): Min: 170.3, Avg: 170.4, Max: 170.4, Diff: 0.2, Sum: 1362.9]
      [GC Worker End (ms): Min: 157915.1, Avg: 157915.1, Max: 157915.2, Diff: 0.1]
   [Code Root Fixup: 0.0 ms]
   [Code Root Purge: 0.0 ms]
   [Clear CT: 0.3 ms]
   [Other: 1.0 ms]
      [Choose CSet: 0.0 ms]
      [Ref Proc: 0.2 ms]
      [Ref Enq: 0.0 ms]
      [Redirty Cards: 0.4 ms]
      [Humongous Register: 0.0 ms]
      [Humongous Reclaim: 0.0 ms]
      [Free CSet: 0.2 ms]
   [Eden: 343.0M(343.0M)->0.0B(309.0M) Survivors: 11.0M->45.0M Heap: 422.7M(2048.0M)->413.7M(2048.0M)]
 [Times: user=1.38 sys=0.00, real=0.17 secs] 
2020-09-29T11:55:52.600+0200: 158.070: [GC pause (G1 Evacuation Pause) (young), 0.1629847 secs]
   [Parallel Time: 161.7 ms, GC Workers: 8]
      [GC Worker Start (ms): Min: 158070.2, Avg: 158070.3, Max: 158070.3, Diff: 0.1]
      [Ext Root Scanning (ms): Min: 0.0, Avg: 0.1, Max: 0.1, Diff: 0.1, Sum: 0.6]
      [Update RS (ms): Min: 14.1, Avg: 14.5, Max: 14.8, Diff: 0.7, Sum: 116.1]
         [Processed Buffers: Min: 16, Avg: 17.1, Max: 19, Diff: 3, Sum: 137]
      [Scan RS (ms): Min: 16.0, Avg: 16.4, Max: 16.8, Diff: 0.7, Sum: 131.3]
      [Code Root Scanning (ms): Min: 0.0, Avg: 0.0, Max: 0.0, Diff: 0.0, Sum: 0.0]
      [Object Copy (ms): Min: 130.3, Avg: 130.4, Max: 130.5, Diff: 0.2, Sum: 1043.5]
      [Termination (ms): Min: 0.0, Avg: 0.0, Max: 0.1, Diff: 0.1, Sum: 0.3]
         [Termination Attempts: Min: 1, Avg: 272.8, Max: 327, Diff: 326, Sum: 2182]
      [GC Worker Other (ms): Min: 0.0, Avg: 0.1, Max: 0.1, Diff: 0.1, Sum: 0.5]
      [GC Worker Total (ms): Min: 161.5, Avg: 161.5, Max: 161.7, Diff: 0.2, Sum: 1292.2]
      [GC Worker End (ms): Min: 158231.8, Avg: 158231.8, Max: 158231.8, Diff: 0.1]
   [Code Root Fixup: 0.0 ms]
   [Code Root Purge: 0.0 ms]
   [Clear CT: 0.3 ms]
   [Other: 0.9 ms]
      [Choose CSet: 0.0 ms]
      [Ref Proc: 0.1 ms]
      [Ref Enq: 0.0 ms]
      [Redirty Cards: 0.3 ms]
      [Humongous Register: 0.0 ms]
      [Humongous Reclaim: 0.0 ms]
      [Free CSet: 0.3 ms]
   [Eden: 309.0M(309.0M)->0.0B(314.0M) Survivors: 45.0M->45.0M Heap: 774.2M(2048.0M)->776.2M(2048.0M)]
 [Times: user=1.23 sys=0.02, real=0.16 secs] 
2020-09-29T11:55:52.933+0200: 158.403: [GC pause (G1 Evacuation Pause) (young), 0.1709745 secs]
   [Parallel Time: 169.7 ms, GC Workers: 8]
      [GC Worker Start (ms): Min: 158403.2, Avg: 158403.2, Max: 158403.3, Diff: 0.1]
      [Ext Root Scanning (ms): Min: 0.0, Avg: 0.1, Max: 0.1, Diff: 0.1, Sum: 0.5]
      [Update RS (ms): Min: 15.0, Avg: 15.1, Max: 15.6, Diff: 0.7, Sum: 121.1]
         [Processed Buffers: Min: 17, Avg: 18.0, Max: 21, Diff: 4, Sum: 144]
      [Scan RS (ms): Min: 16.9, Avg: 17.3, Max: 17.5, Diff: 0.7, Sum: 138.7]
      [Code Root Scanning (ms): Min: 0.0, Avg: 0.0, Max: 0.0, Diff: 0.0, Sum: 0.0]
      [Object Copy (ms): Min: 136.8, Avg: 136.8, Max: 136.9, Diff: 0.2, Sum: 1094.6]
      [Termination (ms): Min: 0.0, Avg: 0.1, Max: 0.1, Diff: 0.1, Sum: 0.9]
         [Termination Attempts: Min: 1, Avg: 891.9, Max: 1082, Diff: 1081, Sum: 7135]
      [GC Worker Other (ms): Min: 0.0, Avg: 0.0, Max: 0.1, Diff: 0.1, Sum: 0.3]
      [GC Worker Total (ms): Min: 169.5, Avg: 169.5, Max: 169.6, Diff: 0.2, Sum: 1356.3]
      [GC Worker End (ms): Min: 158572.7, Avg: 158572.8, Max: 158572.8, Diff: 0.1]
   [Code Root Fixup: 0.0 ms]
   [Code Root Purge: 0.0 ms]
   [Clear CT: 0.2 ms]
   [Other: 1.1 ms]
      [Choose CSet: 0.0 ms]
      [Ref Proc: 0.1 ms]
      [Ref Enq: 0.0 ms]
      [Redirty Cards: 0.5 ms]
      [Humongous Register: 0.0 ms]
      [Humongous Reclaim: 0.0 ms]
      [Free CSet: 0.3 ms]
   [Eden: 314.0M(314.0M)->0.0B(315.0M) Survivors: 45.0M->45.0M Heap: 1143.6M(2048.0M)->1145.6M(2048.0M)]
 [Times: user=1.36 sys=0.00, real=0.17 secs] 
2020-09-29T11:55:53.115+0200: 158.584: [GC pause (G1 Humongous Allocation) (young) (initial-mark), 0.0580794 secs]
   [Parallel Time: 57.3 ms, GC Workers: 8]
      [GC Worker Start (ms): Min: 158584.5, Avg: 158584.6, Max: 158584.6, Diff: 0.2]
      [Ext Root Scanning (ms): Min: 0.0, Avg: 0.2, Max: 0.4, Diff: 0.4, Sum: 1.3]
      [Update RS (ms): Min: 34.6, Avg: 34.9, Max: 35.2, Diff: 0.7, Sum: 279.0]
         [Processed Buffers: Min: 44, Avg: 44.9, Max: 46, Diff: 2, Sum: 359]
      [Scan RS (ms): Min: 2.3, Avg: 2.7, Max: 2.9, Diff: 0.6, Sum: 21.4]
      [Code Root Scanning (ms): Min: 0.0, Avg: 0.0, Max: 0.0, Diff: 0.0, Sum: 0.0]
      [Object Copy (ms): Min: 19.4, Avg: 19.5, Max: 19.5, Diff: 0.1, Sum: 155.6]
      [Termination (ms): Min: 0.0, Avg: 0.0, Max: 0.0, Diff: 0.0, Sum: 0.1]
         [Termination Attempts: Min: 1, Avg: 77.8, Max: 105, Diff: 104, Sum: 622]
      [GC Worker Other (ms): Min: 0.0, Avg: 0.0, Max: 0.0, Diff: 0.0, Sum: 0.1]
      [GC Worker Total (ms): Min: 57.1, Avg: 57.2, Max: 57.3, Diff: 0.2, Sum: 457.5]
      [GC Worker End (ms): Min: 158641.8, Avg: 158641.8, Max: 158641.8, Diff: 0.0]
   [Code Root Fixup: 0.0 ms]
   [Code Root Purge: 0.0 ms]
   [Clear CT: 0.1 ms]
   [Other: 0.6 ms]
      [Choose CSet: 0.0 ms]
      [Ref Proc: 0.2 ms]
      [Ref Enq: 0.0 ms]
      [Redirty Cards: 0.1 ms]
      [Humongous Register: 0.0 ms]
      [Humongous Reclaim: 0.0 ms]
      [Free CSet: 0.1 ms]
   [Eden: 7168.0K(315.0M)->0.0B(339.0M) Survivors: 45.0M->9216.0K Heap: 1152.6M(2048.0M)->1157.1M(2048.0M)]
 [Times: user=0.38 sys=0.00, real=0.06 secs] 
2020-09-29T11:55:53.175+0200: 158.645: [GC concurrent-root-region-scan-start]
2020-09-29T11:55:53.176+0200: 158.646: [GC concurrent-root-region-scan-end, 0.0013848 secs]
2020-09-29T11:55:53.176+0200: 158.646: [GC concurrent-mark-start]
2020-09-29T11:55:53.179+0200: 158.649: [GC concurrent-mark-end, 0.0025349 secs]
2020-09-29T11:55:53.179+0200: 158.649: [GC remark 2020-09-29T11:55:53.179+0200: 158.649: [Finalize Marking, 0.0001247 secs] 2020-09-29T11:55:53.179+0200: 158.649: [GC ref-proc, 0.0002823 secs] 2020-09-29T11:55:53.179+0200: 158.650: [Unloading, 0.0003187 secs], 0.0009993 secs]
 [Times: user=0.00 sys=0.00, real=0.00 secs] 
2020-09-29T11:55:53.180+0200: 158.651: [GC cleanup 1167M->30M(2048M), 0.0011643 secs]
 [Times: user=0.00 sys=0.00, real=0.00 secs] 
2020-09-29T11:55:53.181+0200: 158.652: [GC concurrent-cleanup-start]
2020-09-29T11:55:53.183+0200: 158.653: [GC concurrent-cleanup-end, 0.0014278 secs]
2020-09-29T11:55:53.353+0200: 158.823: [GC pause (G1 Evacuation Pause) (young), 0.1627964 secs]
   [Parallel Time: 161.5 ms, GC Workers: 8]
      [GC Worker Start (ms): Min: 158823.5, Avg: 158823.6, Max: 158823.7, Diff: 0.2]
      [Ext Root Scanning (ms): Min: 0.0, Avg: 0.0, Max: 0.2, Diff: 0.2, Sum: 0.4]
      [Update RS (ms): Min: 15.7, Avg: 16.0, Max: 16.1, Diff: 0.5, Sum: 127.6]
         [Processed Buffers: Min: 18, Avg: 19.5, Max: 21, Diff: 3, Sum: 156]
      [Scan RS (ms): Min: 14.3, Avg: 14.5, Max: 14.8, Diff: 0.5, Sum: 115.9]
      [Code Root Scanning (ms): Min: 0.0, Avg: 0.0, Max: 0.0, Diff: 0.0, Sum: 0.0]
      [Object Copy (ms): Min: 130.6, Avg: 130.6, Max: 130.6, Diff: 0.1, Sum: 1044.9]
      [Termination (ms): Min: 0.0, Avg: 0.1, Max: 0.1, Diff: 0.1, Sum: 0.6]
         [Termination Attempts: Min: 1, Avg: 554.4, Max: 678, Diff: 677, Sum: 4435]
      [GC Worker Other (ms): Min: 0.0, Avg: 0.0, Max: 0.1, Diff: 0.1, Sum: 0.3]
      [GC Worker Total (ms): Min: 161.1, Avg: 161.2, Max: 161.3, Diff: 0.2, Sum: 1289.8]
      [GC Worker End (ms): Min: 158984.8, Avg: 158984.8, Max: 158984.9, Diff: 0.1]
   [Code Root Fixup: 0.0 ms]
   [Code Root Purge: 0.0 ms]
   [Clear CT: 0.3 ms]
   [Other: 1.0 ms]
      [Choose CSet: 0.0 ms]
      [Ref Proc: 0.1 ms]
      [Ref Enq: 0.0 ms]
      [Redirty Cards: 0.4 ms]
      [Humongous Register: 0.0 ms]
      [Humongous Reclaim: 0.0 ms]
      [Free CSet: 0.2 ms]
   [Eden: 339.0M(339.0M)->0.0B(335.0M) Survivors: 9216.0K->44.0M Heap: 417.2M(2048.0M)->410.2M(2048.0M)]
 [Times: user=1.25 sys=0.00, real=0.16 secs] 
2020-09-29T11:55:53.681+0200: 159.152: [GC pause (G1 Evacuation Pause) (young), 0.1847940 secs]
   [Parallel Time: 183.7 ms, GC Workers: 8]
      [GC Worker Start (ms): Min: 159151.9, Avg: 159152.0, Max: 159152.1, Diff: 0.2]
      [Ext Root Scanning (ms): Min: 0.0, Avg: 0.1, Max: 0.2, Diff: 0.2, Sum: 0.5]
      [Update RS (ms): Min: 21.1, Avg: 21.4, Max: 21.8, Diff: 0.7, Sum: 171.0]
         [Processed Buffers: Min: 22, Avg: 24.0, Max: 25, Diff: 3, Sum: 192]
      [Scan RS (ms): Min: 16.6, Avg: 17.0, Max: 17.3, Diff: 0.6, Sum: 135.9]
      [Code Root Scanning (ms): Min: 0.0, Avg: 0.0, Max: 0.0, Diff: 0.0, Sum: 0.0]
      [Object Copy (ms): Min: 144.7, Avg: 144.8, Max: 145.0, Diff: 0.3, Sum: 1158.5]
      [Termination (ms): Min: 0.0, Avg: 0.1, Max: 0.2, Diff: 0.2, Sum: 1.0]
         [Termination Attempts: Min: 1, Avg: 980.0, Max: 1233, Diff: 1232, Sum: 7840]
      [GC Worker Other (ms): Min: 0.0, Avg: 0.1, Max: 0.1, Diff: 0.1, Sum: 0.4]
      [GC Worker Total (ms): Min: 183.3, Avg: 183.4, Max: 183.6, Diff: 0.2, Sum: 1467.4]
      [GC Worker End (ms): Min: 159335.4, Avg: 159335.5, Max: 159335.5, Diff: 0.1]
   [Code Root Fixup: 0.0 ms]
   [Code Root Purge: 0.0 ms]
   [Clear CT: 0.2 ms]
   [Other: 0.9 ms]
      [Choose CSet: 0.0 ms]
      [Ref Proc: 0.1 ms]
      [Ref Enq: 0.0 ms]
      [Redirty Cards: 0.3 ms]
      [Humongous Register: 0.1 ms]
      [Humongous Reclaim: 0.0 ms]
      [Free CSet: 0.3 ms]
   [Eden: 335.0M(335.0M)->0.0B(321.0M) Survivors: 44.0M->48.0M Heap: 800.5M(2048.0M)->802.5M(2048.0M)]
 [Times: user=1.50 sys=0.00, real=0.18 secs] 
2020-09-29T11:55:54.031+0200: 159.502: [GC pause (G1 Evacuation Pause) (young), 0.1707536 secs]
   [Parallel Time: 169.5 ms, GC Workers: 8]
      [GC Worker Start (ms): Min: 159502.0, Avg: 159502.1, Max: 159502.1, Diff: 0.2]
      [Ext Root Scanning (ms): Min: 0.0, Avg: 0.1, Max: 0.2, Diff: 0.2, Sum: 0.5]
      [Update RS (ms): Min: 15.4, Avg: 15.9, Max: 16.1, Diff: 0.7, Sum: 127.2]
         [Processed Buffers: Min: 18, Avg: 18.9, Max: 21, Diff: 3, Sum: 151]
      [Scan RS (ms): Min: 16.6, Avg: 16.9, Max: 17.4, Diff: 0.8, Sum: 135.2]
      [Code Root Scanning (ms): Min: 0.0, Avg: 0.0, Max: 0.0, Diff: 0.0, Sum: 0.0]
      [Object Copy (ms): Min: 136.2, Avg: 136.3, Max: 136.4, Diff: 0.2, Sum: 1090.5]
      [Termination (ms): Min: 0.0, Avg: 0.0, Max: 0.1, Diff: 0.1, Sum: 0.3]
         [Termination Attempts: Min: 1, Avg: 224.4, Max: 342, Diff: 341, Sum: 1795]
      [GC Worker Other (ms): Min: 0.0, Avg: 0.0, Max: 0.1, Diff: 0.1, Sum: 0.3]
      [GC Worker Total (ms): Min: 169.2, Avg: 169.3, Max: 169.3, Diff: 0.1, Sum: 1354.1]
      [GC Worker End (ms): Min: 159671.3, Avg: 159671.3, Max: 159671.3, Diff: 0.1]
   [Code Root Fixup: 0.0 ms]
   [Code Root Purge: 0.0 ms]
   [Clear CT: 0.3 ms]
   [Other: 1.0 ms]
      [Choose CSet: 0.0 ms]
      [Ref Proc: 0.2 ms]
      [Ref Enq: 0.0 ms]
      [Redirty Cards: 0.4 ms]
      [Humongous Register: 0.0 ms]
      [Humongous Reclaim: 0.0 ms]
      [Free CSet: 0.2 ms]
   [Eden: 321.0M(321.0M)->0.0B(325.0M) Survivors: 48.0M->47.0M Heap: 1176.9M(2048.0M)->1179.4M(2048.0M)]
 [Times: user=1.38 sys=0.00, real=0.17 secs] 
2020-09-29T11:55:54.212+0200: 159.682: [GC pause (G1 Humongous Allocation) (young) (initial-mark), 0.0587670 secs]
   [Parallel Time: 57.9 ms, GC Workers: 8]
      [GC Worker Start (ms): Min: 159682.1, Avg: 159682.2, Max: 159682.3, Diff: 0.2]
      [Ext Root Scanning (ms): Min: 0.0, Avg: 0.2, Max: 0.3, Diff: 0.3, Sum: 1.4]
      [Update RS (ms): Min: 34.3, Avg: 34.8, Max: 35.1, Diff: 0.8, Sum: 278.1]
         [Processed Buffers: Min: 43, Avg: 44.5, Max: 46, Diff: 3, Sum: 356]
      [Scan RS (ms): Min: 2.5, Avg: 2.8, Max: 3.2, Diff: 0.7, Sum: 22.4]
      [Code Root Scanning (ms): Min: 0.0, Avg: 0.0, Max: 0.0, Diff: 0.0, Sum: 0.0]
      [Object Copy (ms): Min: 19.9, Avg: 19.9, Max: 20.0, Diff: 0.1, Sum: 159.6]
      [Termination (ms): Min: 0.0, Avg: 0.1, Max: 0.1, Diff: 0.1, Sum: 0.4]
         [Termination Attempts: Min: 1, Avg: 392.5, Max: 484, Diff: 483, Sum: 3140]
      [GC Worker Other (ms): Min: 0.0, Avg: 0.0, Max: 0.0, Diff: 0.0, Sum: 0.1]
      [GC Worker Total (ms): Min: 57.7, Avg: 57.7, Max: 57.8, Diff: 0.1, Sum: 462.0]
      [GC Worker End (ms): Min: 159739.9, Avg: 159739.9, Max: 159739.9, Diff: 0.0]
   [Code Root Fixup: 0.0 ms]
   [Code Root Purge: 0.0 ms]
   [Clear CT: 0.2 ms]
   [Other: 0.7 ms]
      [Choose CSet: 0.0 ms]
      [Ref Proc: 0.2 ms]
      [Ref Enq: 0.0 ms]
      [Redirty Cards: 0.2 ms]
      [Humongous Register: 0.0 ms]
      [Humongous Reclaim: 0.0 ms]
      [Free CSet: 0.1 ms]
   [Eden: 1024.0K(325.0M)->0.0B(329.0M) Survivors: 47.0M->3072.0K Heap: 1180.4M(2048.0M)->1184.4M(2048.0M)]
 [Times: user=0.50 sys=0.00, real=0.06 secs] 
2020-09-29T11:55:54.271+0200: 159.741: [GC concurrent-root-region-scan-start]
2020-09-29T11:55:54.271+0200: 159.741: [GC concurrent-root-region-scan-end, 0.0003285 secs]
2020-09-29T11:55:54.271+0200: 159.741: [GC concurrent-mark-start]
2020-09-29T11:55:54.274+0200: 159.744: [GC concurrent-mark-end, 0.0032037 secs]
2020-09-29T11:55:54.274+0200: 159.745: [GC remark 2020-09-29T11:55:54.274+0200: 159.745: [Finalize Marking, 0.0001669 secs] 2020-09-29T11:55:54.275+0200: 159.745: [GC ref-proc, 0.0003131 secs] 2020-09-29T11:55:54.275+0200: 159.745: [Unloading, 0.0005010 secs], 0.0013159 secs]
 [Times: user=0.00 sys=0.00, real=0.00 secs] 
2020-09-29T11:55:54.276+0200: 159.746: [GC cleanup 1192M->22M(2048M), 0.0013832 secs]
 [Times: user=0.00 sys=0.00, real=0.00 secs] 
2020-09-29T11:55:54.277+0200: 159.748: [GC concurrent-cleanup-start]
2020-09-29T11:55:54.279+0200: 159.749: [GC concurrent-cleanup-end, 0.0016241 secs]
2020-09-29T11:55:54.441+0200: 159.912: [GC pause (G1 Evacuation Pause) (young), 0.1558100 secs]
   [Parallel Time: 154.7 ms, GC Workers: 8]
      [GC Worker Start (ms): Min: 159911.9, Avg: 159912.0, Max: 159912.1, Diff: 0.2]
      [Ext Root Scanning (ms): Min: 0.0, Avg: 0.0, Max: 0.2, Diff: 0.2, Sum: 0.4]
      [Update RS (ms): Min: 15.5, Avg: 16.4, Max: 21.1, Diff: 5.6, Sum: 131.2]
         [Processed Buffers: Min: 17, Avg: 18.8, Max: 21, Diff: 4, Sum: 150]
      [Scan RS (ms): Min: 9.0, Avg: 13.7, Max: 14.7, Diff: 5.6, Sum: 109.5]
      [Code Root Scanning (ms): Min: 0.0, Avg: 0.0, Max: 0.0, Diff: 0.0, Sum: 0.0]
      [Object Copy (ms): Min: 124.3, Avg: 124.3, Max: 124.4, Diff: 0.1, Sum: 994.6]
      [Termination (ms): Min: 0.0, Avg: 0.0, Max: 0.0, Diff: 0.0, Sum: 0.1]
         [Termination Attempts: Min: 1, Avg: 58.0, Max: 78, Diff: 77, Sum: 464]
      [GC Worker Other (ms): Min: 0.0, Avg: 0.1, Max: 0.1, Diff: 0.1, Sum: 0.4]
      [GC Worker Total (ms): Min: 154.4, Avg: 154.5, Max: 154.6, Diff: 0.2, Sum: 1236.1]
      [GC Worker End (ms): Min: 160066.5, Avg: 160066.5, Max: 160066.6, Diff: 0.1]
   [Code Root Fixup: 0.0 ms]
   [Code Root Purge: 0.0 ms]
   [Clear CT: 0.2 ms]
   [Other: 0.9 ms]
      [Choose CSet: 0.0 ms]
      [Ref Proc: 0.1 ms]
      [Ref Enq: 0.0 ms]
      [Redirty Cards: 0.4 ms]
      [Humongous Register: 0.0 ms]
      [Humongous Reclaim: 0.0 ms]
      [Free CSet: 0.2 ms]
   [Eden: 329.0M(329.0M)->0.0B(343.0M) Survivors: 3072.0K->42.0M Heap: 399.3M(2048.0M)->397.8M(2048.0M)]
 [Times: user=1.09 sys=0.00, real=0.16 secs] 
2020-09-29T11:55:54.772+0200: 160.242: [GC pause (G1 Evacuation Pause) (young), 0.1844815 secs]
   [Parallel Time: 183.2 ms, GC Workers: 8]
      [GC Worker Start (ms): Min: 160242.1, Avg: 160242.2, Max: 160242.3, Diff: 0.2]
      [Ext Root Scanning (ms): Min: 0.0, Avg: 0.0, Max: 0.2, Diff: 0.2, Sum: 0.4]
      [Update RS (ms): Min: 21.6, Avg: 21.7, Max: 22.1, Diff: 0.5, Sum: 173.9]
         [Processed Buffers: Min: 24, Avg: 25.1, Max: 26, Diff: 2, Sum: 201]
      [Scan RS (ms): Min: 17.3, Avg: 19.0, Max: 29.6, Diff: 12.3, Sum: 152.3]
      [Code Root Scanning (ms): Min: 0.0, Avg: 0.0, Max: 0.0, Diff: 0.0, Sum: 0.0]
      [Object Copy (ms): Min: 131.2, Avg: 142.2, Max: 143.8, Diff: 12.6, Sum: 1137.3]
      [Termination (ms): Min: 0.0, Avg: 0.0, Max: 0.0, Diff: 0.0, Sum: 0.0]
         [Termination Attempts: Min: 1, Avg: 7.5, Max: 13, Diff: 12, Sum: 60]
      [GC Worker Other (ms): Min: 0.0, Avg: 0.1, Max: 0.1, Diff: 0.1, Sum: 0.5]
      [GC Worker Total (ms): Min: 183.0, Avg: 183.0, Max: 183.2, Diff: 0.2, Sum: 1464.4]
      [GC Worker End (ms): Min: 160425.3, Avg: 160425.3, Max: 160425.3, Diff: 0.1]
   [Code Root Fixup: 0.0 ms]
   [Code Root Purge: 0.0 ms]
   [Clear CT: 0.2 ms]
   [Other: 1.0 ms]
      [Choose CSet: 0.0 ms]
      [Ref Proc: 0.2 ms]
      [Ref Enq: 0.0 ms]
      [Redirty Cards: 0.3 ms]
      [Humongous Register: 0.0 ms]
      [Humongous Reclaim: 0.0 ms]
      [Free CSet: 0.3 ms]
   [Eden: 343.0M(343.0M)->0.0B(322.0M) Survivors: 42.0M->49.0M Heap: 798.0M(2048.0M)->800.0M(2048.0M)]
 [Times: user=1.36 sys=0.00, real=0.18 secs] 
2020-09-29T11:55:55.134+0200: 160.604: [GC pause (G1 Evacuation Pause) (young), 0.1748922 secs]
   [Parallel Time: 173.8 ms, GC Workers: 8]
      [GC Worker Start (ms): Min: 160604.1, Avg: 160604.2, Max: 160604.3, Diff: 0.2]
      [Ext Root Scanning (ms): Min: 0.0, Avg: 0.1, Max: 0.1, Diff: 0.1, Sum: 0.4]
      [Update RS (ms): Min: 17.9, Avg: 18.2, Max: 18.5, Diff: 0.5, Sum: 145.4]
         [Processed Buffers: Min: 21, Avg: 21.5, Max: 22, Diff: 1, Sum: 172]
      [Scan RS (ms): Min: 15.7, Avg: 16.0, Max: 16.2, Diff: 0.5, Sum: 127.7]
      [Code Root Scanning (ms): Min: 0.0, Avg: 0.0, Max: 0.0, Diff: 0.0, Sum: 0.0]
      [Object Copy (ms): Min: 139.2, Avg: 139.3, Max: 139.3, Diff: 0.1, Sum: 1114.1]
      [Termination (ms): Min: 0.0, Avg: 0.1, Max: 0.1, Diff: 0.1, Sum: 0.7]
         [Termination Attempts: Min: 1, Avg: 640.9, Max: 804, Diff: 803, Sum: 5127]
      [GC Worker Other (ms): Min: 0.0, Avg: 0.0, Max: 0.1, Diff: 0.1, Sum: 0.4]
      [GC Worker Total (ms): Min: 173.5, Avg: 173.6, Max: 173.7, Diff: 0.2, Sum: 1388.7]
      [GC Worker End (ms): Min: 160777.7, Avg: 160777.8, Max: 160777.8, Diff: 0.1]
   [Code Root Fixup: 0.0 ms]
   [Code Root Purge: 0.0 ms]
   [Clear CT: 0.2 ms]
   [Other: 0.9 ms]
      [Choose CSet: 0.0 ms]
      [Ref Proc: 0.1 ms]
      [Ref Enq: 0.0 ms]
      [Redirty Cards: 0.3 ms]
      [Humongous Register: 0.1 ms]
      [Humongous Reclaim: 0.0 ms]
      [Free CSet: 0.3 ms]
   [Eden: 322.0M(322.0M)->0.0B(325.0M) Survivors: 49.0M->47.0M Heap: 1175.4M(2048.0M)->1177.4M(2048.0M)]
 [Times: user=1.38 sys=0.00, real=0.17 secs] 
2020-09-29T11:55:55.310+0200: 160.780: [GC pause (G1 Humongous Allocation) (young) (initial-mark), 0.0752241 secs]
   [Parallel Time: 74.4 ms, GC Workers: 8]
      [GC Worker Start (ms): Min: 160780.3, Avg: 160780.4, Max: 160780.5, Diff: 0.1]
      [Ext Root Scanning (ms): Min: 0.0, Avg: 0.1, Max: 0.2, Diff: 0.2, Sum: 1.0]
      [Update RS (ms): Min: 50.4, Avg: 50.6, Max: 50.9, Diff: 0.6, Sum: 405.1]
         [Processed Buffers: Min: 47, Avg: 62.1, Max: 69, Diff: 22, Sum: 497]
      [Scan RS (ms): Min: 0.0, Avg: 0.0, Max: 0.0, Diff: 0.0, Sum: 0.0]
      [Code Root Scanning (ms): Min: 0.0, Avg: 0.0, Max: 0.0, Diff: 0.0, Sum: 0.0]
      [Object Copy (ms): Min: 23.1, Avg: 23.4, Max: 23.6, Diff: 0.5, Sum: 187.1]
      [Termination (ms): Min: 0.0, Avg: 0.1, Max: 0.1, Diff: 0.1, Sum: 0.7]
         [Termination Attempts: Min: 1, Avg: 627.6, Max: 804, Diff: 803, Sum: 5021]
      [GC Worker Other (ms): Min: 0.0, Avg: 0.0, Max: 0.0, Diff: 0.0, Sum: 0.2]
      [GC Worker Total (ms): Min: 74.2, Avg: 74.3, Max: 74.3, Diff: 0.1, Sum: 594.1]
      [GC Worker End (ms): Min: 160854.6, Avg: 160854.6, Max: 160854.6, Diff: 0.0]
   [Code Root Fixup: 0.0 ms]
   [Code Root Purge: 0.0 ms]
   [Clear CT: 0.2 ms]
   [Other: 0.6 ms]
      [Choose CSet: 0.0 ms]
      [Ref Proc: 0.1 ms]
      [Ref Enq: 0.0 ms]
      [Redirty Cards: 0.2 ms]
      [Humongous Register: 0.0 ms]
      [Humongous Reclaim: 0.0 ms]
      [Free CSet: 0.1 ms]
   [Eden: 2048.0K(325.0M)->0.0B(322.0M) Survivors: 47.0M->4096.0K Heap: 1179.4M(2048.0M)->1182.9M(2048.0M)]
 [Times: user=0.61 sys=0.00, real=0.08 secs] 
2020-09-29T11:55:55.386+0200: 160.856: [GC concurrent-root-region-scan-start]
2020-09-29T11:55:55.386+0200: 160.856: [GC concurrent-root-region-scan-end, 0.0006373 secs]
2020-09-29T11:55:55.386+0200: 160.856: [GC concurrent-mark-start]
2020-09-29T11:55:55.390+0200: 160.860: [GC concurrent-mark-end, 0.0035606 secs]
2020-09-29T11:55:55.390+0200: 160.860: [GC remark 2020-09-29T11:55:55.390+0200: 160.860: [Finalize Marking, 0.0001339 secs] 2020-09-29T11:55:55.390+0200: 160.860: [GC ref-proc, 0.0003650 secs] 2020-09-29T11:55:55.391+0200: 160.860: [Unloading, 0.0004696 secs], 0.0013253 secs]
 [Times: user=0.00 sys=0.00, real=0.00 secs] 
2020-09-29T11:55:55.392+0200: 160.862: [GC cleanup 1193M->26M(2048M), 0.0011948 secs]
 [Times: user=0.00 sys=0.00, real=0.00 secs] 
2020-09-29T11:55:55.393+0200: 160.863: [GC concurrent-cleanup-start]
2020-09-29T11:55:55.395+0200: 160.865: [GC concurrent-cleanup-end, 0.0016491 secs]
2020-09-29T11:55:55.556+0200: 161.026: [GC pause (G1 Evacuation Pause) (young), 0.1506075 secs]
   [Parallel Time: 149.6 ms, GC Workers: 8]
      [GC Worker Start (ms): Min: 161026.1, Avg: 161026.2, Max: 161026.2, Diff: 0.2]
      [Ext Root Scanning (ms): Min: 0.0, Avg: 0.1, Max: 0.2, Diff: 0.2, Sum: 0.5]
      [Update RS (ms): Min: 14.4, Avg: 14.5, Max: 14.9, Diff: 0.5, Sum: 115.9]
         [Processed Buffers: Min: 17, Avg: 18.3, Max: 20, Diff: 3, Sum: 146]
      [Scan RS (ms): Min: 13.9, Avg: 14.3, Max: 14.4, Diff: 0.5, Sum: 114.4]
      [Code Root Scanning (ms): Min: 0.0, Avg: 0.0, Max: 0.0, Diff: 0.0, Sum: 0.0]
      [Object Copy (ms): Min: 120.3, Avg: 120.4, Max: 120.4, Diff: 0.1, Sum: 962.8]
      [Termination (ms): Min: 0.0, Avg: 0.1, Max: 0.1, Diff: 0.1, Sum: 0.8]
         [Termination Attempts: Min: 1, Avg: 714.6, Max: 926, Diff: 925, Sum: 5717]
      [GC Worker Other (ms): Min: 0.0, Avg: 0.0, Max: 0.1, Diff: 0.1, Sum: 0.3]
      [GC Worker Total (ms): Min: 149.3, Avg: 149.4, Max: 149.4, Diff: 0.2, Sum: 1194.9]
      [GC Worker End (ms): Min: 161175.5, Avg: 161175.5, Max: 161175.6, Diff: 0.1]
   [Code Root Fixup: 0.0 ms]
   [Code Root Purge: 0.0 ms]
   [Clear CT: 0.2 ms]
   [Other: 0.8 ms]
      [Choose CSet: 0.0 ms]
      [Ref Proc: 0.2 ms]
      [Ref Enq: 0.0 ms]
      [Redirty Cards: 0.2 ms]
      [Humongous Register: 0.0 ms]
      [Humongous Reclaim: 0.0 ms]
      [Free CSet: 0.2 ms]
   [Eden: 322.0M(322.0M)->0.0B(309.0M) Survivors: 4096.0K->41.0M Heap: 392.8M(2048.0M)->391.3M(2048.0M)]
 [Times: user=1.13 sys=0.00, real=0.15 secs] 
2020-09-29T11:55:55.866+0200: 161.336: [GC pause (G1 Evacuation Pause) (young), 0.1648233 secs]
   [Parallel Time: 163.2 ms, GC Workers: 8]
      [GC Worker Start (ms): Min: 161335.9, Avg: 161336.0, Max: 161336.1, Diff: 0.2]
      [Ext Root Scanning (ms): Min: 0.0, Avg: 0.1, Max: 0.1, Diff: 0.1, Sum: 0.4]
      [Update RS (ms): Min: 18.2, Avg: 18.3, Max: 18.5, Diff: 0.3, Sum: 146.2]
         [Processed Buffers: Min: 21, Avg: 22.8, Max: 25, Diff: 4, Sum: 182]
      [Scan RS (ms): Min: 14.5, Avg: 14.7, Max: 14.9, Diff: 0.4, Sum: 117.7]
      [Code Root Scanning (ms): Min: 0.0, Avg: 0.0, Max: 0.0, Diff: 0.0, Sum: 0.0]
      [Object Copy (ms): Min: 129.8, Avg: 129.9, Max: 129.9, Diff: 0.1, Sum: 1039.1]
      [Termination (ms): Min: 0.0, Avg: 0.1, Max: 0.1, Diff: 0.1, Sum: 0.7]
         [Termination Attempts: Min: 1, Avg: 591.6, Max: 768, Diff: 767, Sum: 4733]
      [GC Worker Other (ms): Min: 0.0, Avg: 0.0, Max: 0.1, Diff: 0.1, Sum: 0.3]
      [GC Worker Total (ms): Min: 163.0, Avg: 163.1, Max: 163.1, Diff: 0.1, Sum: 1304.5]
      [GC Worker End (ms): Min: 161499.0, Avg: 161499.1, Max: 161499.1, Diff: 0.1]
   [Code Root Fixup: 0.0 ms]
   [Code Root Purge: 0.0 ms]
   [Clear CT: 0.2 ms]
   [Other: 1.4 ms]
      [Choose CSet: 0.0 ms]
      [Ref Proc: 0.2 ms]
      [Ref Enq: 0.0 ms]
      [Redirty Cards: 0.8 ms]
      [Humongous Register: 0.0 ms]
      [Humongous Reclaim: 0.0 ms]
      [Free CSet: 0.2 ms]
   [Eden: 309.0M(309.0M)->0.0B(312.0M) Survivors: 41.0M->44.0M Heap: 751.8M(2048.0M)->753.3M(2048.0M)]
 [Times: user=1.25 sys=0.00, real=0.17 secs] 
2020-09-29T11:55:56.200+0200: 161.669: [GC pause (G1 Evacuation Pause) (young), 0.1621126 secs]
   [Parallel Time: 161.0 ms, GC Workers: 8]
      [GC Worker Start (ms): Min: 161669.6, Avg: 161669.7, Max: 161669.7, Diff: 0.1]
      [Ext Root Scanning (ms): Min: 0.0, Avg: 0.1, Max: 0.1, Diff: 0.1, Sum: 0.5]
      [Update RS (ms): Min: 15.6, Avg: 15.8, Max: 16.2, Diff: 0.6, Sum: 126.1]
         [Processed Buffers: Min: 18, Avg: 19.6, Max: 21, Diff: 3, Sum: 157]
      [Scan RS (ms): Min: 15.3, Avg: 15.8, Max: 16.2, Diff: 0.9, Sum: 126.6]
      [Code Root Scanning (ms): Min: 0.0, Avg: 0.0, Max: 0.0, Diff: 0.0, Sum: 0.0]
      [Object Copy (ms): Min: 128.9, Avg: 129.1, Max: 129.1, Diff: 0.2, Sum: 1032.5]
      [Termination (ms): Min: 0.0, Avg: 0.0, Max: 0.0, Diff: 0.0, Sum: 0.0]
         [Termination Attempts: Min: 1, Avg: 10.6, Max: 21, Diff: 20, Sum: 85]
      [GC Worker Other (ms): Min: 0.0, Avg: 0.0, Max: 0.1, Diff: 0.1, Sum: 0.4]
      [GC Worker Total (ms): Min: 160.7, Avg: 160.8, Max: 160.9, Diff: 0.2, Sum: 1286.2]
      [GC Worker End (ms): Min: 161830.4, Avg: 161830.4, Max: 161830.5, Diff: 0.1]
   [Code Root Fixup: 0.0 ms]
   [Code Root Purge: 0.0 ms]
   [Clear CT: 0.3 ms]
   [Other: 0.9 ms]
      [Choose CSet: 0.0 ms]
      [Ref Proc: 0.2 ms]
      [Ref Enq: 0.0 ms]
      [Redirty Cards: 0.3 ms]
      [Humongous Register: 0.0 ms]
      [Humongous Reclaim: 0.0 ms]
      [Free CSet: 0.2 ms]
   [Eden: 312.0M(312.0M)->0.0B(320.0M) Survivors: 44.0M->45.0M Heap: 1116.8M(2048.0M)->1119.3M(2048.0M)]
 [Times: user=1.25 sys=0.00, real=0.16 secs] 
2020-09-29T11:55:56.376+0200: 161.845: [GC pause (G1 Humongous Allocation) (young) (initial-mark), 0.0742845 secs]
   [Parallel Time: 73.6 ms, GC Workers: 8]
      [GC Worker Start (ms): Min: 161845.5, Avg: 161845.6, Max: 161845.7, Diff: 0.2]
      [Ext Root Scanning (ms): Min: 0.0, Avg: 1.0, Max: 7.4, Diff: 7.4, Sum: 8.2]
      [Update RS (ms): Min: 26.0, Avg: 32.3, Max: 33.5, Diff: 7.5, Sum: 258.4]
         [Processed Buffers: Min: 32, Avg: 40.3, Max: 43, Diff: 11, Sum: 322]
      [Scan RS (ms): Min: 2.4, Avg: 2.7, Max: 3.2, Diff: 0.9, Sum: 21.9]
      [Code Root Scanning (ms): Min: 0.0, Avg: 0.0, Max: 0.0, Diff: 0.0, Sum: 0.0]
      [Object Copy (ms): Min: 36.4, Avg: 36.9, Max: 37.4, Diff: 1.0, Sum: 295.0]
      [Termination (ms): Min: 0.0, Avg: 0.4, Max: 0.5, Diff: 0.5, Sum: 3.3]
         [Termination Attempts: Min: 1, Avg: 2851.9, Max: 3457, Diff: 3456, Sum: 22815]
      [GC Worker Other (ms): Min: 0.0, Avg: 0.0, Max: 0.1, Diff: 0.0, Sum: 0.2]
      [GC Worker Total (ms): Min: 73.3, Avg: 73.4, Max: 73.5, Diff: 0.2, Sum: 587.1]
      [GC Worker End (ms): Min: 161919.0, Avg: 161919.0, Max: 161919.0, Diff: 0.0]
   [Code Root Fixup: 0.0 ms]
   [Code Root Purge: 0.0 ms]
   [Clear CT: 0.2 ms]
   [Other: 0.5 ms]
      [Choose CSet: 0.0 ms]
      [Ref Proc: 0.1 ms]
      [Ref Enq: 0.0 ms]
      [Redirty Cards: 0.1 ms]
      [Humongous Register: 0.0 ms]
      [Humongous Reclaim: 0.0 ms]
      [Free CSet: 0.1 ms]
   [Eden: 7168.0K(320.0M)->0.0B(267.0M) Survivors: 45.0M->9216.0K Heap: 1126.3M(2048.0M)->1129.8M(2048.0M)]
 [Times: user=0.59 sys=0.00, real=0.07 secs] 
2020-09-29T11:55:56.450+0200: 161.920: [GC concurrent-root-region-scan-start]
2020-09-29T11:55:56.451+0200: 161.921: [GC concurrent-root-region-scan-end, 0.0013347 secs]
2020-09-29T11:55:56.451+0200: 161.921: [GC concurrent-mark-start]
2020-09-29T11:55:56.454+0200: 161.923: [GC concurrent-mark-end, 0.0023425 secs]
2020-09-29T11:55:56.454+0200: 161.924: [GC remark 2020-09-29T11:55:56.454+0200: 161.924: [Finalize Marking, 0.0001817 secs] 2020-09-29T11:55:56.454+0200: 161.924: [GC ref-proc, 0.0002883 secs] 2020-09-29T11:55:56.454+0200: 161.924: [Unloading, 0.0004409 secs], 0.0011785 secs]
 [Times: user=0.00 sys=0.00, real=0.00 secs] 
2020-09-29T11:55:56.455+0200: 161.925: [GC cleanup 1139M->30M(2048M), 0.0011055 secs]
 [Times: user=0.00 sys=0.00, real=0.00 secs] 
2020-09-29T11:55:56.456+0200: 161.926: [GC concurrent-cleanup-start]
2020-09-29T11:55:56.458+0200: 161.928: [GC concurrent-cleanup-end, 0.0013234 secs]
2020-09-29T11:55:56.586+0200: 162.056: [GC pause (G1 Evacuation Pause) (young), 0.1243642 secs]
   [Parallel Time: 123.0 ms, GC Workers: 8]
      [GC Worker Start (ms): Min: 162055.7, Avg: 162055.7, Max: 162055.8, Diff: 0.1]
      [Ext Root Scanning (ms): Min: 0.0, Avg: 0.1, Max: 0.1, Diff: 0.1, Sum: 0.6]
      [Update RS (ms): Min: 16.1, Avg: 16.3, Max: 16.5, Diff: 0.5, Sum: 130.3]
         [Processed Buffers: Min: 18, Avg: 19.6, Max: 21, Diff: 3, Sum: 157]
      [Scan RS (ms): Min: 9.5, Avg: 9.8, Max: 10.0, Diff: 0.5, Sum: 78.5]
      [Code Root Scanning (ms): Min: 0.0, Avg: 0.0, Max: 0.0, Diff: 0.0, Sum: 0.0]
      [Object Copy (ms): Min: 96.6, Avg: 96.6, Max: 96.6, Diff: 0.1, Sum: 772.9]
      [Termination (ms): Min: 0.0, Avg: 0.0, Max: 0.0, Diff: 0.0, Sum: 0.0]
         [Termination Attempts: Min: 1, Avg: 23.5, Max: 33, Diff: 32, Sum: 188]
      [GC Worker Other (ms): Min: 0.0, Avg: 0.1, Max: 0.1, Diff: 0.1, Sum: 0.4]
      [GC Worker Total (ms): Min: 122.7, Avg: 122.8, Max: 122.9, Diff: 0.2, Sum: 982.7]
      [GC Worker End (ms): Min: 162178.5, Avg: 162178.6, Max: 162178.6, Diff: 0.1]
   [Code Root Fixup: 0.0 ms]
   [Code Root Purge: 0.0 ms]
   [Clear CT: 0.3 ms]
   [Other: 1.0 ms]
      [Choose CSet: 0.0 ms]
      [Ref Proc: 0.2 ms]
      [Ref Enq: 0.0 ms]
      [Redirty Cards: 0.4 ms]
      [Humongous Register: 0.1 ms]
      [Humongous Reclaim: 0.0 ms]
      [Free CSet: 0.2 ms]
   [Eden: 267.0M(267.0M)->0.0B(276.0M) Survivors: 9216.0K->35.0M Heap: 333.3M(2048.0M)->327.3M(2048.0M)]
 [Times: user=1.00 sys=0.00, real=0.12 secs] 
2020-09-29T11:55:56.840+0200: 162.310: [GC pause (G1 Evacuation Pause) (young), 0.1486943 secs]
   [Parallel Time: 147.5 ms, GC Workers: 8]
      [GC Worker Start (ms): Min: 162310.4, Avg: 162310.5, Max: 162310.6, Diff: 0.2]
      [Ext Root Scanning (ms): Min: 0.0, Avg: 0.1, Max: 0.2, Diff: 0.2, Sum: 0.5]
      [Update RS (ms): Min: 18.7, Avg: 18.9, Max: 19.4, Diff: 0.7, Sum: 150.9]
         [Processed Buffers: Min: 22, Avg: 23.1, Max: 25, Diff: 3, Sum: 185]
      [Scan RS (ms): Min: 10.6, Avg: 11.1, Max: 11.3, Diff: 0.7, Sum: 89.1]
      [Code Root Scanning (ms): Min: 0.0, Avg: 0.0, Max: 0.0, Diff: 0.0, Sum: 0.0]
      [Object Copy (ms): Min: 117.0, Avg: 117.1, Max: 117.2, Diff: 0.1, Sum: 936.8]
      [Termination (ms): Min: 0.0, Avg: 0.1, Max: 0.1, Diff: 0.1, Sum: 0.6]
         [Termination Attempts: Min: 1, Avg: 582.4, Max: 683, Diff: 682, Sum: 4659]
      [GC Worker Other (ms): Min: 0.0, Avg: 0.0, Max: 0.1, Diff: 0.1, Sum: 0.3]
      [GC Worker Total (ms): Min: 147.2, Avg: 147.3, Max: 147.4, Diff: 0.2, Sum: 1178.2]
      [GC Worker End (ms): Min: 162457.7, Avg: 162457.8, Max: 162457.8, Diff: 0.1]
   [Code Root Fixup: 0.0 ms]
   [Code Root Purge: 0.0 ms]
   [Clear CT: 0.2 ms]
   [Other: 1.0 ms]
      [Choose CSet: 0.0 ms]
      [Ref Proc: 0.2 ms]
      [Ref Enq: 0.0 ms]
      [Redirty Cards: 0.3 ms]
      [Humongous Register: 0.0 ms]
      [Humongous Reclaim: 0.0 ms]
      [Free CSet: 0.2 ms]
   [Eden: 276.0M(276.0M)->0.0B(288.0M) Survivors: 35.0M->39.0M Heap: 649.1M(2048.0M)->651.1M(2048.0M)]
 [Times: user=1.19 sys=0.00, real=0.15 secs] 
2020-09-29T11:55:57.131+0200: 162.601: [GC pause (G1 Evacuation Pause) (young), 0.1601729 secs]
   [Parallel Time: 158.7 ms, GC Workers: 8]
      [GC Worker Start (ms): Min: 162601.3, Avg: 162601.3, Max: 162601.4, Diff: 0.1]
      [Ext Root Scanning (ms): Min: 0.0, Avg: 0.1, Max: 0.1, Diff: 0.1, Sum: 0.5]
      [Update RS (ms): Min: 23.3, Avg: 23.4, Max: 23.7, Diff: 0.4, Sum: 187.4]
         [Processed Buffers: Min: 25, Avg: 26.8, Max: 29, Diff: 4, Sum: 214]
      [Scan RS (ms): Min: 11.3, Avg: 11.6, Max: 11.8, Diff: 0.4, Sum: 92.6]
      [Code Root Scanning (ms): Min: 0.0, Avg: 0.0, Max: 0.0, Diff: 0.0, Sum: 0.0]
      [Object Copy (ms): Min: 123.2, Avg: 123.3, Max: 123.4, Diff: 0.2, Sum: 986.2]
      [Termination (ms): Min: 0.0, Avg: 0.1, Max: 0.1, Diff: 0.1, Sum: 0.4]
         [Termination Attempts: Min: 1, Avg: 378.1, Max: 482, Diff: 481, Sum: 3025]
      [GC Worker Other (ms): Min: 0.0, Avg: 0.0, Max: 0.1, Diff: 0.1, Sum: 0.4]
      [GC Worker Total (ms): Min: 158.4, Avg: 158.5, Max: 158.5, Diff: 0.2, Sum: 1267.6]
      [GC Worker End (ms): Min: 162759.8, Avg: 162759.8, Max: 162759.8, Diff: 0.1]
   [Code Root Fixup: 0.0 ms]
   [Code Root Purge: 0.0 ms]
   [Clear CT: 0.2 ms]
   [Other: 1.3 ms]
      [Choose CSet: 0.0 ms]
      [Ref Proc: 0.2 ms]
      [Ref Enq: 0.0 ms]
      [Redirty Cards: 0.7 ms]
      [Humongous Register: 0.0 ms]
      [Humongous Reclaim: 0.0 ms]
      [Free CSet: 0.2 ms]
   [Eden: 288.0M(288.0M)->0.0B(298.0M) Survivors: 39.0M->41.0M Heap: 986.7M(2048.0M)->989.2M(2048.0M)]
 [Times: user=1.25 sys=0.00, real=0.16 secs] 
2020-09-29T11:55:57.297+0200: 162.767: [GC pause (G1 Humongous Allocation) (young) (initial-mark), 0.0578674 secs]
   [Parallel Time: 56.9 ms, GC Workers: 8]
      [GC Worker Start (ms): Min: 162767.5, Avg: 162767.5, Max: 162767.5, Diff: 0.1]
      [Ext Root Scanning (ms): Min: 0.0, Avg: 0.1, Max: 0.1, Diff: 0.1, Sum: 0.6]
      [Update RS (ms): Min: 36.8, Avg: 37.1, Max: 37.6, Diff: 0.8, Sum: 296.9]
         [Processed Buffers: Min: 46, Avg: 47.5, Max: 50, Diff: 4, Sum: 380]
      [Scan RS (ms): Min: 1.1, Avg: 1.6, Max: 1.9, Diff: 0.8, Sum: 12.6]
      [Code Root Scanning (ms): Min: 0.0, Avg: 0.0, Max: 0.0, Diff: 0.0, Sum: 0.0]
      [Object Copy (ms): Min: 17.9, Avg: 18.0, Max: 18.0, Diff: 0.1, Sum: 143.7]
      [Termination (ms): Min: 0.0, Avg: 0.0, Max: 0.0, Diff: 0.0, Sum: 0.1]
         [Termination Attempts: Min: 1, Avg: 91.8, Max: 110, Diff: 109, Sum: 734]
      [GC Worker Other (ms): Min: 0.0, Avg: 0.0, Max: 0.0, Diff: 0.0, Sum: 0.1]
      [GC Worker Total (ms): Min: 56.7, Avg: 56.8, Max: 56.8, Diff: 0.1, Sum: 454.1]
      [GC Worker End (ms): Min: 162824.3, Avg: 162824.3, Max: 162824.3, Diff: 0.0]
   [Code Root Fixup: 0.0 ms]
   [Code Root Purge: 0.0 ms]
   [Clear CT: 0.2 ms]
   [Other: 0.7 ms]
      [Choose CSet: 0.0 ms]
      [Ref Proc: 0.2 ms]
      [Ref Enq: 0.0 ms]
      [Redirty Cards: 0.3 ms]
      [Humongous Register: 0.0 ms]
      [Humongous Reclaim: 0.0 ms]
      [Free CSet: 0.0 ms]
   [Eden: 5120.0K(298.0M)->0.0B(340.0M) Survivors: 41.0M->6144.0K Heap: 993.7M(2048.0M)->996.7M(2048.0M)]
 [Times: user=0.50 sys=0.00, real=0.06 secs] 
2020-09-29T11:55:57.355+0200: 162.825: [GC concurrent-root-region-scan-start]
2020-09-29T11:55:57.356+0200: 162.826: [GC concurrent-root-region-scan-end, 0.0008833 secs]
2020-09-29T11:55:57.356+0200: 162.826: [GC concurrent-mark-start]
2020-09-29T11:55:57.362+0200: 162.832: [GC concurrent-mark-end, 0.0058441 secs]
2020-09-29T11:55:57.363+0200: 162.833: [GC remark 2020-09-29T11:55:57.363+0200: 162.833: [Finalize Marking, 0.0021097 secs] 2020-09-29T11:55:57.365+0200: 162.835: [GC ref-proc, 0.0005602 secs] 2020-09-29T11:55:57.366+0200: 162.835: [Unloading, 0.0007972 secs], 0.0041883 secs]
 [Times: user=0.00 sys=0.00, real=0.00 secs] 
2020-09-29T11:55:57.368+0200: 162.838: [GC cleanup 1009M->30M(2048M), 0.0024423 secs]
 [Times: user=0.00 sys=0.00, real=0.00 secs] 
2020-09-29T11:55:57.370+0200: 162.840: [GC concurrent-cleanup-start]
2020-09-29T11:55:57.373+0200: 162.843: [GC concurrent-cleanup-end, 0.0028802 secs]
2020-09-29T11:55:57.698+0200: 163.168: [GC pause (G1 Evacuation Pause) (young), 0.3468606 secs]
   [Parallel Time: 344.3 ms, GC Workers: 8]
      [GC Worker Start (ms): Min: 163168.2, Avg: 163168.4, Max: 163168.5, Diff: 0.3]
      [Ext Root Scanning (ms): Min: 0.0, Avg: 0.1, Max: 0.3, Diff: 0.3, Sum: 0.9]
      [Update RS (ms): Min: 36.9, Avg: 37.3, Max: 37.8, Diff: 1.0, Sum: 298.5]
         [Processed Buffers: Min: 19, Avg: 21.6, Max: 25, Diff: 6, Sum: 173]
      [Scan RS (ms): Min: 28.9, Avg: 29.5, Max: 29.9, Diff: 1.0, Sum: 236.0]
      [Code Root Scanning (ms): Min: 0.0, Avg: 0.0, Max: 0.0, Diff: 0.0, Sum: 0.0]
      [Object Copy (ms): Min: 276.6, Avg: 276.8, Max: 276.9, Diff: 0.4, Sum: 2214.4]
      [Termination (ms): Min: 0.0, Avg: 0.1, Max: 0.1, Diff: 0.1, Sum: 0.7]
         [Termination Attempts: Min: 1, Avg: 301.0, Max: 387, Diff: 386, Sum: 2408]
      [GC Worker Other (ms): Min: 0.0, Avg: 0.1, Max: 0.1, Diff: 0.1, Sum: 0.4]
      [GC Worker Total (ms): Min: 343.7, Avg: 343.9, Max: 344.1, Diff: 0.4, Sum: 2750.9]
      [GC Worker End (ms): Min: 163512.2, Avg: 163512.3, Max: 163512.3, Diff: 0.1]
   [Code Root Fixup: 0.0 ms]
   [Code Root Purge: 0.0 ms]
   [Clear CT: 0.4 ms]
   [Other: 2.2 ms]
      [Choose CSet: 0.0 ms]
      [Ref Proc: 0.8 ms]
      [Ref Enq: 0.0 ms]
      [Redirty Cards: 0.6 ms]
      [Humongous Register: 0.1 ms]
      [Humongous Reclaim: 0.0 ms]
      [Free CSet: 0.5 ms]
   [Eden: 337.0M(337.0M)->0.0B(169.0M) Survivors: 6144.0K->43.0M Heap: 412.2M(2048.0M)->408.7M(2048.0M)]
 [Times: user=2.75 sys=0.00, real=0.35 secs] 
2020-09-29T11:55:58.234+0200: 163.705: [GC pause (G1 Evacuation Pause) (young), 0.2271420 secs]
   [Parallel Time: 225.4 ms, GC Workers: 8]
      [GC Worker Start (ms): Min: 163704.8, Avg: 163704.9, Max: 163705.0, Diff: 0.3]
      [Ext Root Scanning (ms): Min: 0.0, Avg: 0.1, Max: 0.3, Diff: 0.3, Sum: 1.0]
      [Update RS (ms): Min: 39.6, Avg: 39.7, Max: 40.0, Diff: 0.5, Sum: 317.8]
         [Processed Buffers: Min: 22, Avg: 23.5, Max: 26, Diff: 4, Sum: 188]
      [Scan RS (ms): Min: 11.0, Avg: 12.6, Max: 21.6, Diff: 10.7, Sum: 100.8]
      [Code Root Scanning (ms): Min: 0.0, Avg: 0.0, Max: 0.0, Diff: 0.0, Sum: 0.0]
      [Object Copy (ms): Min: 163.5, Avg: 172.5, Max: 173.8, Diff: 10.3, Sum: 1379.8]
      [Termination (ms): Min: 0.1, Avg: 0.1, Max: 0.2, Diff: 0.1, Sum: 1.0]
         [Termination Attempts: Min: 1, Avg: 199.1, Max: 255, Diff: 254, Sum: 1593]
      [GC Worker Other (ms): Min: 0.0, Avg: 0.0, Max: 0.1, Diff: 0.1, Sum: 0.3]
      [GC Worker Total (ms): Min: 225.0, Avg: 225.1, Max: 225.3, Diff: 0.3, Sum: 1800.8]
      [GC Worker End (ms): Min: 163930.0, Avg: 163930.0, Max: 163930.1, Diff: 0.1]
   [Code Root Fixup: 0.0 ms]
   [Code Root Purge: 0.0 ms]
   [Clear CT: 0.3 ms]
   [Other: 1.4 ms]
      [Choose CSet: 0.0 ms]
      [Ref Proc: 0.4 ms]
      [Ref Enq: 0.0 ms]
      [Redirty Cards: 0.4 ms]
      [Humongous Register: 0.1 ms]
      [Humongous Reclaim: 0.0 ms]
      [Free CSet: 0.3 ms]
   [Eden: 169.0M(169.0M)->0.0B(143.0M) Survivors: 43.0M->27.0M Heap: 606.3M(2048.0M)->608.3M(2048.0M)]
 [Times: user=1.86 sys=0.00, real=0.23 secs] 
2020-09-29T11:55:58.613+0200: 164.084: [GC pause (G1 Evacuation Pause) (young), 0.1843204 secs]
   [Parallel Time: 182.2 ms, GC Workers: 8]
      [GC Worker Start (ms): Min: 164084.1, Avg: 164084.2, Max: 164084.4, Diff: 0.3]
      [Ext Root Scanning (ms): Min: 0.0, Avg: 0.1, Max: 0.3, Diff: 0.3, Sum: 1.0]
      [Update RS (ms): Min: 34.4, Avg: 34.8, Max: 35.1, Diff: 0.7, Sum: 278.4]
         [Processed Buffers: Min: 19, Avg: 20.0, Max: 21, Diff: 2, Sum: 160]
      [Scan RS (ms): Min: 7.1, Avg: 7.3, Max: 7.7, Diff: 0.6, Sum: 58.3]
      [Code Root Scanning (ms): Min: 0.0, Avg: 0.0, Max: 0.0, Diff: 0.0, Sum: 0.0]
      [Object Copy (ms): Min: 139.4, Avg: 139.6, Max: 139.6, Diff: 0.2, Sum: 1116.4]
      [Termination (ms): Min: 0.0, Avg: 0.0, Max: 0.0, Diff: 0.0, Sum: 0.2]
         [Termination Attempts: Min: 1, Avg: 101.0, Max: 137, Diff: 136, Sum: 808]
      [GC Worker Other (ms): Min: 0.0, Avg: 0.0, Max: 0.1, Diff: 0.1, Sum: 0.3]
      [GC Worker Total (ms): Min: 181.7, Avg: 181.8, Max: 182.0, Diff: 0.2, Sum: 1454.6]
      [GC Worker End (ms): Min: 164266.1, Avg: 164266.1, Max: 164266.1, Diff: 0.1]
   [Code Root Fixup: 0.0 ms]
   [Code Root Purge: 0.0 ms]
   [Clear CT: 0.4 ms]
   [Other: 1.7 ms]
      [Choose CSet: 0.0 ms]
      [Ref Proc: 0.4 ms]
      [Ref Enq: 0.0 ms]
      [Redirty Cards: 0.7 ms]
      [Humongous Register: 0.1 ms]
      [Humongous Reclaim: 0.0 ms]
      [Free CSet: 0.2 ms]
   [Eden: 143.0M(143.0M)->0.0B(138.0M) Survivors: 27.0M->22.0M Heap: 774.2M(2048.0M)->776.2M(2048.0M)]
 [Times: user=1.38 sys=0.00, real=0.19 secs] 
2020-09-29T11:55:58.940+0200: 164.410: [GC pause (G1 Evacuation Pause) (young), 0.1785441 secs]
   [Parallel Time: 176.7 ms, GC Workers: 8]
      [GC Worker Start (ms): Min: 164410.4, Avg: 164410.5, Max: 164410.7, Diff: 0.3]
      [Ext Root Scanning (ms): Min: 0.0, Avg: 0.1, Max: 0.2, Diff: 0.2, Sum: 1.2]
      [Update RS (ms): Min: 31.9, Avg: 32.5, Max: 33.3, Diff: 1.4, Sum: 259.7]
         [Processed Buffers: Min: 18, Avg: 18.5, Max: 19, Diff: 1, Sum: 148]
      [Scan RS (ms): Min: 6.2, Avg: 7.1, Max: 7.6, Diff: 1.5, Sum: 56.6]
      [Code Root Scanning (ms): Min: 0.0, Avg: 0.0, Max: 0.0, Diff: 0.0, Sum: 0.0]
      [Object Copy (ms): Min: 136.4, Avg: 136.5, Max: 136.7, Diff: 0.3, Sum: 1091.9]
      [Termination (ms): Min: 0.0, Avg: 0.1, Max: 0.2, Diff: 0.2, Sum: 1.1]
         [Termination Attempts: Min: 1, Avg: 400.6, Max: 495, Diff: 494, Sum: 3205]
      [GC Worker Other (ms): Min: 0.0, Avg: 0.0, Max: 0.1, Diff: 0.1, Sum: 0.3]
      [GC Worker Total (ms): Min: 176.1, Avg: 176.3, Max: 176.5, Diff: 0.4, Sum: 1410.8]
      [GC Worker End (ms): Min: 164586.8, Avg: 164586.8, Max: 164586.9, Diff: 0.1]
   [Code Root Fixup: 0.0 ms]
   [Code Root Purge: 0.0 ms]
   [Clear CT: 0.4 ms]
   [Other: 1.5 ms]
      [Choose CSet: 0.0 ms]
      [Ref Proc: 0.3 ms]
      [Ref Enq: 0.0 ms]
      [Redirty Cards: 0.5 ms]
      [Humongous Register: 0.1 ms]
      [Humongous Reclaim: 0.0 ms]
      [Free CSet: 0.2 ms]
   [Eden: 138.0M(138.0M)->0.0B(136.0M) Survivors: 22.0M->20.0M Heap: 937.1M(2048.0M)->939.1M(2048.0M)]
 [Times: user=1.48 sys=0.00, real=0.18 secs] 
2020-09-29T11:55:59.124+0200: 164.594: [GC pause (G1 Humongous Allocation) (young) (initial-mark), 0.0715500 secs]
   [Parallel Time: 69.5 ms, GC Workers: 8]
      [GC Worker Start (ms): Min: 164594.3, Avg: 164594.4, Max: 164594.6, Diff: 0.3]
      [Ext Root Scanning (ms): Min: 0.0, Avg: 0.4, Max: 0.7, Diff: 0.7, Sum: 3.2]
      [Update RS (ms): Min: 40.4, Avg: 41.2, Max: 42.0, Diff: 1.6, Sum: 329.5]
         [Processed Buffers: Min: 24, Avg: 25.1, Max: 26, Diff: 2, Sum: 201]
      [Scan RS (ms): Min: 0.0, Avg: 0.2, Max: 0.5, Diff: 0.5, Sum: 1.3]
      [Code Root Scanning (ms): Min: 0.0, Avg: 0.0, Max: 0.0, Diff: 0.0, Sum: 0.0]
      [Object Copy (ms): Min: 26.9, Avg: 27.2, Max: 27.4, Diff: 0.5, Sum: 217.9]
      [Termination (ms): Min: 0.0, Avg: 0.1, Max: 0.2, Diff: 0.2, Sum: 1.1]
         [Termination Attempts: Min: 1, Avg: 433.0, Max: 575, Diff: 574, Sum: 3464]
      [GC Worker Other (ms): Min: 0.0, Avg: 0.0, Max: 0.0, Diff: 0.0, Sum: 0.2]
      [GC Worker Total (ms): Min: 68.9, Avg: 69.2, Max: 69.3, Diff: 0.3, Sum: 553.2]
      [GC Worker End (ms): Min: 164663.5, Avg: 164663.5, Max: 164663.5, Diff: 0.0]
   [Code Root Fixup: 0.0 ms]
   [Code Root Purge: 0.0 ms]
   [Clear CT: 0.5 ms]
   [Other: 1.6 ms]
      [Choose CSet: 0.0 ms]
      [Ref Proc: 0.4 ms]
      [Ref Enq: 0.0 ms]
      [Redirty Cards: 0.7 ms]
      [Humongous Register: 0.1 ms]
      [Humongous Reclaim: 0.0 ms]
      [Free CSet: 0.1 ms]
   [Eden: 3072.0K(136.0M)->0.0B(140.0M) Survivors: 20.0M->4096.0K Heap: 942.1M(2048.0M)->945.6M(2048.0M)]
 [Times: user=0.61 sys=0.00, real=0.07 secs] 
2020-09-29T11:55:59.196+0200: 164.666: [GC concurrent-root-region-scan-start]
2020-09-29T11:55:59.197+0200: 164.667: [GC concurrent-root-region-scan-end, 0.0014616 secs]
2020-09-29T11:55:59.197+0200: 164.667: [GC concurrent-mark-start]
2020-09-29T11:55:59.202+0200: 164.672: [GC concurrent-mark-end, 0.0048561 secs]
2020-09-29T11:55:59.203+0200: 164.673: [GC remark 2020-09-29T11:55:59.203+0200: 164.673: [Finalize Marking, 0.0006491 secs] 2020-09-29T11:55:59.203+0200: 164.673: [GC ref-proc, 0.0005650 secs] 2020-09-29T11:55:59.204+0200: 164.674: [Unloading, 0.0012243 secs], 0.0030133 secs]
 [Times: user=0.00 sys=0.00, real=0.00 secs] 
2020-09-29T11:55:59.206+0200: 164.676: [GC cleanup 954M->24M(2048M), 0.0028586 secs]
 [Times: user=0.00 sys=0.02, real=0.00 secs] 
2020-09-29T11:55:59.209+0200: 164.679: [GC concurrent-cleanup-start]
2020-09-29T11:55:59.211+0200: 164.681: [GC concurrent-cleanup-end, 0.0017310 secs]
2020-09-29T11:55:59.343+0200: 164.813: [GC pause (G1 Evacuation Pause) (young), 0.1503348 secs]
   [Parallel Time: 148.5 ms, GC Workers: 8]
      [GC Worker Start (ms): Min: 164812.8, Avg: 164813.0, Max: 164813.1, Diff: 0.3]
      [Ext Root Scanning (ms): Min: 0.0, Avg: 0.1, Max: 0.3, Diff: 0.3, Sum: 0.9]
      [Update RS (ms): Min: 19.0, Avg: 19.3, Max: 20.2, Diff: 1.2, Sum: 154.3]
         [Processed Buffers: Min: 11, Avg: 12.3, Max: 14, Diff: 3, Sum: 98]
      [Scan RS (ms): Min: 9.2, Avg: 10.2, Max: 10.5, Diff: 1.3, Sum: 81.4]
      [Code Root Scanning (ms): Min: 0.0, Avg: 0.0, Max: 0.0, Diff: 0.0, Sum: 0.0]
      [Object Copy (ms): Min: 118.4, Avg: 118.4, Max: 118.5, Diff: 0.1, Sum: 947.4]
      [Termination (ms): Min: 0.0, Avg: 0.0, Max: 0.0, Diff: 0.0, Sum: 0.1]
         [Termination Attempts: Min: 1, Avg: 41.8, Max: 56, Diff: 55, Sum: 334]
      [GC Worker Other (ms): Min: 0.0, Avg: 0.0, Max: 0.1, Diff: 0.0, Sum: 0.3]
      [GC Worker Total (ms): Min: 147.9, Avg: 148.1, Max: 148.2, Diff: 0.3, Sum: 1184.4]
      [GC Worker End (ms): Min: 164961.0, Avg: 164961.0, Max: 164961.1, Diff: 0.0]
   [Code Root Fixup: 0.0 ms]
   [Code Root Purge: 0.0 ms]
   [Clear CT: 0.5 ms]
   [Other: 1.3 ms]
      [Choose CSet: 0.0 ms]
      [Ref Proc: 0.4 ms]
      [Ref Enq: 0.0 ms]
      [Redirty Cards: 0.4 ms]
      [Humongous Register: 0.1 ms]
      [Humongous Reclaim: 0.0 ms]
      [Free CSet: 0.2 ms]
   [Eden: 140.0M(140.0M)->0.0B(135.0M) Survivors: 4096.0K->18.0M Heap: 180.8M(2048.0M)->178.8M(2048.0M)]
 [Times: user=1.25 sys=0.00, real=0.15 secs] 
2020-09-29T11:55:59.632+0200: 165.102: [GC pause (G1 Evacuation Pause) (young), 0.1652693 secs]
   [Parallel Time: 163.5 ms, GC Workers: 8]
      [GC Worker Start (ms): Min: 165102.1, Avg: 165102.2, Max: 165102.3, Diff: 0.2]
      [Ext Root Scanning (ms): Min: 0.0, Avg: 0.1, Max: 0.3, Diff: 0.2, Sum: 1.0]
      [Update RS (ms): Min: 27.9, Avg: 28.1, Max: 28.5, Diff: 0.6, Sum: 224.8]
         [Processed Buffers: Min: 16, Avg: 17.0, Max: 20, Diff: 4, Sum: 136]
      [Scan RS (ms): Min: 8.1, Avg: 8.4, Max: 8.5, Diff: 0.5, Sum: 66.9]
      [Code Root Scanning (ms): Min: 0.0, Avg: 0.0, Max: 0.0, Diff: 0.0, Sum: 0.0]
      [Object Copy (ms): Min: 126.3, Avg: 126.4, Max: 126.4, Diff: 0.1, Sum: 1010.9]
      [Termination (ms): Min: 0.0, Avg: 0.1, Max: 0.1, Diff: 0.1, Sum: 0.8]
         [Termination Attempts: Min: 1, Avg: 294.8, Max: 359, Diff: 358, Sum: 2358]
      [GC Worker Other (ms): Min: 0.0, Avg: 0.0, Max: 0.1, Diff: 0.0, Sum: 0.3]
      [GC Worker Total (ms): Min: 163.0, Avg: 163.1, Max: 163.2, Diff: 0.2, Sum: 1304.8]
      [GC Worker End (ms): Min: 165265.3, Avg: 165265.3, Max: 165265.4, Diff: 0.0]
   [Code Root Fixup: 0.0 ms]
   [Code Root Purge: 0.0 ms]
   [Clear CT: 0.4 ms]
   [Other: 1.4 ms]
      [Choose CSet: 0.0 ms]
      [Ref Proc: 0.4 ms]
      [Ref Enq: 0.0 ms]
      [Redirty Cards: 0.4 ms]
      [Humongous Register: 0.1 ms]
      [Humongous Reclaim: 0.0 ms]
      [Free CSet: 0.2 ms]
   [Eden: 135.0M(135.0M)->0.0B(138.0M) Survivors: 18.0M->20.0M Heap: 336.7M(2048.0M)->339.2M(2048.0M)]
 [Times: user=1.25 sys=0.00, real=0.16 secs] 
2020-09-29T11:55:59.940+0200: 165.410: [GC pause (G1 Evacuation Pause) (young), 0.1700578 secs]
   [Parallel Time: 166.2 ms, GC Workers: 8]
      [GC Worker Start (ms): Min: 165410.1, Avg: 165410.2, Max: 165410.4, Diff: 0.3]
      [Ext Root Scanning (ms): Min: 0.0, Avg: 0.1, Max: 0.3, Diff: 0.2, Sum: 1.1]
      [Update RS (ms): Min: 20.8, Avg: 21.2, Max: 21.8, Diff: 0.9, Sum: 169.3]
         [Processed Buffers: Min: 12, Avg: 13.4, Max: 16, Diff: 4, Sum: 107]
      [Scan RS (ms): Min: 11.0, Avg: 11.8, Max: 12.1, Diff: 1.1, Sum: 94.1]
      [Code Root Scanning (ms): Min: 0.0, Avg: 0.0, Max: 0.0, Diff: 0.0, Sum: 0.0]
      [Object Copy (ms): Min: 132.6, Avg: 132.6, Max: 132.7, Diff: 0.1, Sum: 1061.1]
      [Termination (ms): Min: 0.0, Avg: 0.1, Max: 0.1, Diff: 0.1, Sum: 0.6]
         [Termination Attempts: Min: 1, Avg: 229.5, Max: 313, Diff: 312, Sum: 1836]
      [GC Worker Other (ms): Min: 0.0, Avg: 0.0, Max: 0.1, Diff: 0.0, Sum: 0.3]
      [GC Worker Total (ms): Min: 165.6, Avg: 165.8, Max: 165.9, Diff: 0.3, Sum: 1326.5]
      [GC Worker End (ms): Min: 165576.0, Avg: 165576.1, Max: 165576.1, Diff: 0.0]
   [Code Root Fixup: 0.0 ms]
   [Code Root Purge: 0.0 ms]
   [Clear CT: 0.5 ms]
   [Other: 3.3 ms]
      [Choose CSet: 0.0 ms]
      [Ref Proc: 0.4 ms]
      [Ref Enq: 0.0 ms]
      [Redirty Cards: 2.3 ms]
      [Humongous Register: 0.1 ms]
      [Humongous Reclaim: 0.0 ms]
      [Free CSet: 0.2 ms]
   [Eden: 138.0M(138.0M)->0.0B(140.0M) Survivors: 20.0M->20.0M Heap: 500.1M(2048.0M)->502.1M(2048.0M)]
 [Times: user=1.38 sys=0.00, real=0.17 secs] 
2020-09-29T11:56:00.260+0200: 165.731: [GC pause (G1 Evacuation Pause) (young), 0.1742694 secs]
   [Parallel Time: 172.5 ms, GC Workers: 8]
      [GC Worker Start (ms): Min: 165730.7, Avg: 165730.8, Max: 165731.0, Diff: 0.3]
      [Ext Root Scanning (ms): Min: 0.0, Avg: 0.1, Max: 0.3, Diff: 0.3, Sum: 1.0]
      [Update RS (ms): Min: 21.8, Avg: 22.0, Max: 23.2, Diff: 1.4, Sum: 176.4]
         [Processed Buffers: Min: 9, Avg: 12.1, Max: 18, Diff: 9, Sum: 97]
      [Scan RS (ms): Min: 12.1, Avg: 13.4, Max: 13.7, Diff: 1.5, Sum: 106.8]
      [Code Root Scanning (ms): Min: 0.0, Avg: 0.0, Max: 0.0, Diff: 0.0, Sum: 0.0]
      [Object Copy (ms): Min: 136.3, Avg: 136.4, Max: 136.5, Diff: 0.2, Sum: 1091.5]
      [Termination (ms): Min: 0.0, Avg: 0.1, Max: 0.1, Diff: 0.1, Sum: 0.7]
         [Termination Attempts: Min: 1, Avg: 252.6, Max: 324, Diff: 323, Sum: 2021]
      [GC Worker Other (ms): Min: 0.0, Avg: 0.0, Max: 0.1, Diff: 0.1, Sum: 0.4]
      [GC Worker Total (ms): Min: 172.0, Avg: 172.1, Max: 172.2, Diff: 0.3, Sum: 1376.8]
      [GC Worker End (ms): Min: 165902.9, Avg: 165902.9, Max: 165903.0, Diff: 0.1]
   [Code Root Fixup: 0.0 ms]
   [Code Root Purge: 0.0 ms]
   [Clear CT: 0.3 ms]
   [Other: 1.4 ms]
      [Choose CSet: 0.0 ms]
      [Ref Proc: 0.4 ms]
      [Ref Enq: 0.0 ms]
      [Redirty Cards: 0.4 ms]
      [Humongous Register: 0.1 ms]
      [Humongous Reclaim: 0.0 ms]
      [Free CSet: 0.2 ms]
   [Eden: 140.0M(140.0M)->0.0B(140.0M) Survivors: 20.0M->20.0M Heap: 665.0M(2048.0M)->667.0M(2048.0M)]
 [Times: user=1.36 sys=0.00, real=0.17 secs] 
2020-09-29T11:56:00.586+0200: 166.056: [GC pause (G1 Evacuation Pause) (young), 0.1823192 secs]
   [Parallel Time: 180.6 ms, GC Workers: 8]
      [GC Worker Start (ms): Min: 166056.3, Avg: 166057.3, Max: 166059.6, Diff: 3.3]
      [Ext Root Scanning (ms): Min: 0.0, Avg: 0.1, Max: 0.3, Diff: 0.3, Sum: 0.9]
      [Update RS (ms): Min: 16.6, Avg: 20.2, Max: 31.4, Diff: 14.8, Sum: 161.8]
         [Processed Buffers: Min: 5, Avg: 10.3, Max: 13, Diff: 8, Sum: 82]
      [Scan RS (ms): Min: 3.3, Avg: 13.8, Max: 15.6, Diff: 12.2, Sum: 110.4]
      [Code Root Scanning (ms): Min: 0.0, Avg: 0.0, Max: 0.0, Diff: 0.0, Sum: 0.0]
      [Object Copy (ms): Min: 145.2, Avg: 145.3, Max: 145.3, Diff: 0.1, Sum: 1162.1]
      [Termination (ms): Min: 0.0, Avg: 0.0, Max: 0.1, Diff: 0.1, Sum: 0.4]
         [Termination Attempts: Min: 1, Avg: 137.1, Max: 168, Diff: 167, Sum: 1097]
      [GC Worker Other (ms): Min: 0.0, Avg: 0.1, Max: 0.1, Diff: 0.1, Sum: 0.6]
      [GC Worker Total (ms): Min: 177.1, Avg: 179.5, Max: 180.4, Diff: 3.3, Sum: 1436.1]
      [GC Worker End (ms): Min: 166236.7, Avg: 166236.8, Max: 166236.8, Diff: 0.1]
   [Code Root Fixup: 0.0 ms]
   [Code Root Purge: 0.0 ms]
   [Clear CT: 0.4 ms]
   [Other: 1.3 ms]
      [Choose CSet: 0.0 ms]
      [Ref Proc: 0.4 ms]
      [Ref Enq: 0.0 ms]
      [Redirty Cards: 0.5 ms]
      [Humongous Register: 0.1 ms]
      [Humongous Reclaim: 0.0 ms]
      [Free CSet: 0.2 ms]
   [Eden: 140.0M(140.0M)->0.0B(137.0M) Survivors: 20.0M->20.0M Heap: 829.8M(2048.0M)->831.8M(2048.0M)]
 [Times: user=1.34 sys=0.00, real=0.18 secs] 
2020-09-29T11:56:00.923+0200: 166.393: [GC pause (G1 Evacuation Pause) (young), 0.1593565 secs]
   [Parallel Time: 157.7 ms, GC Workers: 8]
      [GC Worker Start (ms): Min: 166393.0, Avg: 166393.1, Max: 166393.2, Diff: 0.2]
      [Ext Root Scanning (ms): Min: 0.0, Avg: 0.1, Max: 0.3, Diff: 0.2, Sum: 1.0]
      [Update RS (ms): Min: 12.6, Avg: 12.8, Max: 13.1, Diff: 0.5, Sum: 102.2]
         [Processed Buffers: Min: 7, Avg: 8.3, Max: 11, Diff: 4, Sum: 66]
      [Scan RS (ms): Min: 14.8, Avg: 15.2, Max: 15.4, Diff: 0.6, Sum: 121.4]
      [Code Root Scanning (ms): Min: 0.0, Avg: 0.0, Max: 0.0, Diff: 0.0, Sum: 0.0]
      [Object Copy (ms): Min: 129.1, Avg: 129.2, Max: 129.3, Diff: 0.2, Sum: 1033.6]
      [Termination (ms): Min: 0.0, Avg: 0.0, Max: 0.0, Diff: 0.0, Sum: 0.1]
         [Termination Attempts: Min: 1, Avg: 34.0, Max: 49, Diff: 48, Sum: 272]
      [GC Worker Other (ms): Min: 0.0, Avg: 0.0, Max: 0.1, Diff: 0.1, Sum: 0.3]
      [GC Worker Total (ms): Min: 157.2, Avg: 157.3, Max: 157.4, Diff: 0.2, Sum: 1258.6]
      [GC Worker End (ms): Min: 166550.4, Avg: 166550.4, Max: 166550.5, Diff: 0.1]
   [Code Root Fixup: 0.0 ms]
   [Code Root Purge: 0.0 ms]
   [Clear CT: 0.4 ms]
   [Other: 1.3 ms]
      [Choose CSet: 0.0 ms]
      [Ref Proc: 0.3 ms]
      [Ref Enq: 0.0 ms]
      [Redirty Cards: 0.4 ms]
      [Humongous Register: 0.1 ms]
      [Humongous Reclaim: 0.0 ms]
      [Free CSet: 0.2 ms]
   [Eden: 137.0M(137.0M)->0.0B(142.0M) Survivors: 20.0M->20.0M Heap: 991.7M(2048.0M)->993.7M(2048.0M)]
 [Times: user=1.25 sys=0.00, real=0.16 secs] 
2020-09-29T11:56:01.098+0200: 166.568: [GC pause (G1 Humongous Allocation) (young) (initial-mark), 0.0606357 secs]
   [Parallel Time: 59.1 ms, GC Workers: 8]
      [GC Worker Start (ms): Min: 166568.3, Avg: 166568.4, Max: 166568.6, Diff: 0.3]
      [Ext Root Scanning (ms): Min: 0.0, Avg: 4.3, Max: 31.7, Diff: 31.7, Sum: 34.7]
      [Update RS (ms): Min: 0.0, Avg: 26.7, Max: 31.1, Diff: 31.1, Sum: 213.2]
         [Processed Buffers: Min: 0, Avg: 16.3, Max: 20, Diff: 20, Sum: 130]
      [Scan RS (ms): Min: 1.9, Avg: 2.8, Max: 3.2, Diff: 1.3, Sum: 22.0]
      [Code Root Scanning (ms): Min: 0.0, Avg: 0.0, Max: 0.0, Diff: 0.0, Sum: 0.0]
      [Object Copy (ms): Min: 24.7, Avg: 25.0, Max: 25.1, Diff: 0.4, Sum: 199.9]
      [Termination (ms): Min: 0.0, Avg: 0.0, Max: 0.0, Diff: 0.0, Sum: 0.1]
         [Termination Attempts: Min: 1, Avg: 56.4, Max: 75, Diff: 74, Sum: 451]
      [GC Worker Other (ms): Min: 0.0, Avg: 0.0, Max: 0.1, Diff: 0.0, Sum: 0.3]
      [GC Worker Total (ms): Min: 58.6, Avg: 58.8, Max: 58.9, Diff: 0.3, Sum: 470.3]
      [GC Worker End (ms): Min: 166627.2, Avg: 166627.2, Max: 166627.2, Diff: 0.0]
   [Code Root Fixup: 0.0 ms]
   [Code Root Purge: 0.0 ms]
   [Clear CT: 0.3 ms]
   [Other: 1.2 ms]
      [Choose CSet: 0.0 ms]
      [Ref Proc: 0.4 ms]
      [Ref Enq: 0.0 ms]
      [Redirty Cards: 0.3 ms]
      [Humongous Register: 0.1 ms]
      [Humongous Reclaim: 0.0 ms]
      [Free CSet: 0.1 ms]
   [Eden: 6144.0K(142.0M)->0.0B(158.0M) Survivors: 20.0M->8192.0K Heap: 999.2M(2048.0M)->1003.7M(2048.0M)]
 [Times: user=0.34 sys=0.00, real=0.06 secs] 
2020-09-29T11:56:01.158+0200: 166.629: [GC concurrent-root-region-scan-start]
2020-09-29T11:56:01.161+0200: 166.632: [GC concurrent-root-region-scan-end, 0.0027444 secs]
2020-09-29T11:56:01.161+0200: 166.632: [GC concurrent-mark-start]
2020-09-29T11:56:01.166+0200: 166.636: [GC concurrent-mark-end, 0.0047084 secs]
2020-09-29T11:56:01.166+0200: 166.637: [GC remark 2020-09-29T11:56:01.166+0200: 166.637: [Finalize Marking, 0.0004524 secs] 2020-09-29T11:56:01.167+0200: 166.637: [GC ref-proc, 0.0005479 secs] 2020-09-29T11:56:01.167+0200: 166.638: [Unloading, 0.0008445 secs], 0.0023768 secs]
 [Times: user=0.00 sys=0.00, real=0.00 secs] 
2020-09-29T11:56:01.169+0200: 166.640: [GC cleanup 1013M->29M(2048M), 0.0021391 secs]
 [Times: user=0.00 sys=0.00, real=0.00 secs] 
2020-09-29T11:56:01.172+0200: 166.642: [GC concurrent-cleanup-start]
2020-09-29T11:56:01.174+0200: 166.644: [GC concurrent-cleanup-end, 0.0020572 secs]
2020-09-29T11:56:01.326+0200: 166.796: [GC pause (G1 Evacuation Pause) (young), 0.1724772 secs]
   [Parallel Time: 170.6 ms, GC Workers: 8]
      [GC Worker Start (ms): Min: 166795.9, Avg: 166796.0, Max: 166796.1, Diff: 0.2]
      [Ext Root Scanning (ms): Min: 0.0, Avg: 0.1, Max: 0.3, Diff: 0.2, Sum: 1.0]
      [Update RS (ms): Min: 14.3, Avg: 15.0, Max: 15.7, Diff: 1.4, Sum: 119.6]
         [Processed Buffers: Min: 8, Avg: 9.0, Max: 10, Diff: 2, Sum: 72]
      [Scan RS (ms): Min: 13.5, Avg: 14.2, Max: 14.9, Diff: 1.4, Sum: 113.8]
      [Code Root Scanning (ms): Min: 0.0, Avg: 0.0, Max: 0.0, Diff: 0.0, Sum: 0.0]
      [Object Copy (ms): Min: 140.5, Avg: 140.7, Max: 141.0, Diff: 0.5, Sum: 1125.2]
      [Termination (ms): Min: 0.0, Avg: 0.4, Max: 0.5, Diff: 0.5, Sum: 3.0]
         [Termination Attempts: Min: 1, Avg: 923.6, Max: 1169, Diff: 1168, Sum: 7389]
      [GC Worker Other (ms): Min: 0.0, Avg: 0.0, Max: 0.0, Diff: 0.0, Sum: 0.2]
      [GC Worker Total (ms): Min: 170.2, Avg: 170.4, Max: 170.5, Diff: 0.3, Sum: 1362.9]
      [GC Worker End (ms): Min: 166966.4, Avg: 166966.4, Max: 166966.4, Diff: 0.0]
   [Code Root Fixup: 0.0 ms]
   [Code Root Purge: 0.0 ms]
   [Clear CT: 0.5 ms]
   [Other: 1.3 ms]
      [Choose CSet: 0.0 ms]
      [Ref Proc: 0.3 ms]
      [Ref Enq: 0.0 ms]
      [Redirty Cards: 0.4 ms]
      [Humongous Register: 0.1 ms]
      [Humongous Reclaim: 0.0 ms]
      [Free CSet: 0.2 ms]
   [Eden: 158.0M(158.0M)->0.0B(146.0M) Survivors: 8192.0K->21.0M Heap: 204.2M(2048.0M)->198.2M(2048.0M)]
 [Times: user=1.38 sys=0.00, real=0.17 secs] 
2020-09-29T11:56:01.655+0200: 167.125: [GC pause (G1 Evacuation Pause) (young), 0.1946942 secs]
   [Parallel Time: 190.8 ms, GC Workers: 8]
      [GC Worker Start (ms): Min: 167125.3, Avg: 167125.5, Max: 167125.5, Diff: 0.2]
      [Ext Root Scanning (ms): Min: 0.0, Avg: 0.1, Max: 0.2, Diff: 0.2, Sum: 1.1]
      [Update RS (ms): Min: 15.4, Avg: 15.9, Max: 16.5, Diff: 1.1, Sum: 126.8]
         [Processed Buffers: Min: 9, Avg: 9.9, Max: 13, Diff: 4, Sum: 79]
      [Scan RS (ms): Min: 14.5, Avg: 15.0, Max: 15.4, Diff: 1.0, Sum: 120.3]
      [Code Root Scanning (ms): Min: 0.0, Avg: 0.0, Max: 0.0, Diff: 0.0, Sum: 0.0]
      [Object Copy (ms): Min: 158.4, Avg: 158.8, Max: 159.5, Diff: 1.1, Sum: 1270.4]
      [Termination (ms): Min: 0.0, Avg: 0.7, Max: 1.0, Diff: 1.0, Sum: 5.8]
         [Termination Attempts: Min: 1, Avg: 2199.4, Max: 2885, Diff: 2884, Sum: 17595]
      [GC Worker Other (ms): Min: 0.0, Avg: 0.1, Max: 0.1, Diff: 0.1, Sum: 0.6]
      [GC Worker Total (ms): Min: 190.5, Avg: 190.6, Max: 190.7, Diff: 0.2, Sum: 1525.0]
      [GC Worker End (ms): Min: 167316.0, Avg: 167316.1, Max: 167316.1, Diff: 0.1]
   [Code Root Fixup: 0.0 ms]
   [Code Root Purge: 0.0 ms]
   [Clear CT: 1.2 ms]
   [Other: 2.7 ms]
      [Choose CSet: 0.0 ms]
      [Ref Proc: 0.5 ms]
      [Ref Enq: 0.0 ms]
      [Redirty Cards: 1.5 ms]
      [Humongous Register: 0.1 ms]
      [Humongous Reclaim: 0.0 ms]
      [Free CSet: 0.2 ms]
   [Eden: 146.0M(146.0M)->0.0B(139.0M) Survivors: 21.0M->21.0M Heap: 369.0M(2048.0M)->370.5M(2048.0M)]
 [Times: user=1.45 sys=0.02, real=0.19 secs] 
2020-09-29T11:56:02.003+0200: 167.473: [GC pause (G1 Evacuation Pause) (young), 0.1690986 secs]
   [Parallel Time: 165.8 ms, GC Workers: 8]
      [GC Worker Start (ms): Min: 167473.0, Avg: 167473.1, Max: 167473.2, Diff: 0.2]
      [Ext Root Scanning (ms): Min: 0.0, Avg: 0.1, Max: 0.2, Diff: 0.2, Sum: 1.1]
      [Update RS (ms): Min: 16.3, Avg: 16.6, Max: 17.1, Diff: 0.8, Sum: 132.8]
         [Processed Buffers: Min: 9, Avg: 10.0, Max: 11, Diff: 2, Sum: 80]
      [Scan RS (ms): Min: 13.2, Avg: 13.8, Max: 14.1, Diff: 0.8, Sum: 110.3]
      [Code Root Scanning (ms): Min: 0.0, Avg: 0.0, Max: 0.0, Diff: 0.0, Sum: 0.0]
      [Object Copy (ms): Min: 134.7, Avg: 134.8, Max: 134.9, Diff: 0.2, Sum: 1078.4]
      [Termination (ms): Min: 0.0, Avg: 0.1, Max: 0.1, Diff: 0.1, Sum: 0.5]
         [Termination Attempts: Min: 1, Avg: 212.6, Max: 261, Diff: 260, Sum: 1701]
      [GC Worker Other (ms): Min: 0.0, Avg: 0.1, Max: 0.1, Diff: 0.1, Sum: 0.5]
      [GC Worker Total (ms): Min: 165.4, Avg: 165.5, Max: 165.6, Diff: 0.2, Sum: 1323.7]
      [GC Worker End (ms): Min: 167638.5, Avg: 167638.6, Max: 167638.6, Diff: 0.1]
   [Code Root Fixup: 0.0 ms]
   [Code Root Purge: 0.0 ms]
   [Clear CT: 1.1 ms]
   [Other: 2.2 ms]
      [Choose CSet: 0.0 ms]
      [Ref Proc: 0.3 ms]
      [Ref Enq: 0.0 ms]
      [Redirty Cards: 1.2 ms]
      [Humongous Register: 0.1 ms]
      [Humongous Reclaim: 0.0 ms]
      [Free CSet: 0.2 ms]
   [Eden: 139.0M(139.0M)->0.0B(143.0M) Survivors: 21.0M->20.0M Heap: 532.4M(2048.0M)->534.9M(2048.0M)]
 [Times: user=1.38 sys=0.00, real=0.17 secs] 
2020-09-29T11:56:02.331+0200: 167.802: [GC pause (G1 Evacuation Pause) (young), 0.1751102 secs]
   [Parallel Time: 170.0 ms, GC Workers: 8]
      [GC Worker Start (ms): Min: 167801.8, Avg: 167802.0, Max: 167802.1, Diff: 0.3]
      [Ext Root Scanning (ms): Min: 0.0, Avg: 0.1, Max: 0.3, Diff: 0.3, Sum: 1.1]
      [Update RS (ms): Min: 17.3, Avg: 17.5, Max: 17.8, Diff: 0.5, Sum: 140.2]
         [Processed Buffers: Min: 10, Avg: 11.1, Max: 13, Diff: 3, Sum: 89]
      [Scan RS (ms): Min: 14.0, Avg: 14.4, Max: 14.7, Diff: 0.7, Sum: 115.0]
      [Code Root Scanning (ms): Min: 0.0, Avg: 0.0, Max: 0.0, Diff: 0.0, Sum: 0.0]
      [Object Copy (ms): Min: 137.0, Avg: 137.1, Max: 137.4, Diff: 0.4, Sum: 1097.0]
      [Termination (ms): Min: 0.0, Avg: 0.4, Max: 0.5, Diff: 0.5, Sum: 2.9]
         [Termination Attempts: Min: 1, Avg: 1067.0, Max: 1352, Diff: 1351, Sum: 8536]
      [GC Worker Other (ms): Min: 0.0, Avg: 0.0, Max: 0.1, Diff: 0.1, Sum: 0.4]
      [GC Worker Total (ms): Min: 169.4, Avg: 169.6, Max: 169.7, Diff: 0.3, Sum: 1356.6]
      [GC Worker End (ms): Min: 167971.5, Avg: 167971.5, Max: 167971.6, Diff: 0.1]
   [Code Root Fixup: 0.0 ms]
   [Code Root Purge: 0.0 ms]
   [Clear CT: 0.7 ms]
   [Other: 4.4 ms]
      [Choose CSet: 0.0 ms]
      [Ref Proc: 1.5 ms]
      [Ref Enq: 0.0 ms]
      [Redirty Cards: 2.2 ms]
      [Humongous Register: 0.1 ms]
      [Humongous Reclaim: 0.0 ms]
      [Free CSet: 0.3 ms]
   [Eden: 143.0M(143.0M)->0.0B(144.0M) Survivors: 20.0M->21.0M Heap: 702.7M(2048.0M)->704.7M(2048.0M)]
 [Times: user=1.31 sys=0.02, real=0.18 secs] 
2020-09-29T11:56:02.823+0200: 168.293: [GC pause (G1 Evacuation Pause) (young), 0.4160596 secs]
   [Parallel Time: 413.0 ms, GC Workers: 8]
      [GC Worker Start (ms): Min: 168293.2, Avg: 168301.4, Max: 168325.6, Diff: 32.4]
      [Ext Root Scanning (ms): Min: 0.0, Avg: 0.2, Max: 0.4, Diff: 0.4, Sum: 1.7]
      [Update RS (ms): Min: 17.7, Avg: 44.6, Max: 64.2, Diff: 46.5, Sum: 357.0]
         [Processed Buffers: Min: 4, Avg: 11.6, Max: 16, Diff: 12, Sum: 93]
      [Scan RS (ms): Min: 16.7, Avg: 30.1, Max: 43.6, Diff: 26.9, Sum: 241.2]
      [Code Root Scanning (ms): Min: 0.0, Avg: 0.0, Max: 0.0, Diff: 0.0, Sum: 0.0]
      [Object Copy (ms): Min: 315.7, Avg: 328.9, Max: 331.4, Diff: 15.6, Sum: 2631.5]
      [Termination (ms): Min: 0.0, Avg: 0.4, Max: 0.6, Diff: 0.6, Sum: 3.2]
         [Termination Attempts: Min: 1, Avg: 652.3, Max: 932, Diff: 931, Sum: 5218]
      [GC Worker Other (ms): Min: 0.0, Avg: 0.1, Max: 0.2, Diff: 0.2, Sum: 0.9]
      [GC Worker Total (ms): Min: 380.3, Avg: 404.4, Max: 412.7, Diff: 32.4, Sum: 3235.4]
      [GC Worker End (ms): Min: 168705.8, Avg: 168705.9, Max: 168705.9, Diff: 0.2]
   [Code Root Fixup: 0.0 ms]
   [Code Root Purge: 0.0 ms]
   [Clear CT: 0.7 ms]
   [Other: 2.4 ms]
      [Choose CSet: 0.0 ms]
      [Ref Proc: 0.7 ms]
      [Ref Enq: 0.0 ms]
      [Redirty Cards: 0.7 ms]
      [Humongous Register: 0.1 ms]
      [Humongous Reclaim: 0.0 ms]
      [Free CSet: 0.5 ms]
   [Eden: 144.0M(144.0M)->0.0B(81.0M) Survivors: 21.0M->21.0M Heap: 871.6M(2048.0M)->873.1M(2048.0M)]
 [Times: user=3.08 sys=0.01, real=0.42 secs] 
2020-09-29T11:56:03.439+0200: 168.910: [GC pause (G1 Evacuation Pause) (young), 0.2337703 secs]
   [Parallel Time: 230.5 ms, GC Workers: 8]
      [GC Worker Start (ms): Min: 168910.3, Avg: 168910.5, Max: 168910.6, Diff: 0.4]
      [Ext Root Scanning (ms): Min: 0.1, Avg: 0.2, Max: 0.4, Diff: 0.4, Sum: 1.9]
      [Update RS (ms): Min: 37.7, Avg: 38.3, Max: 39.2, Diff: 1.5, Sum: 306.7]
         [Processed Buffers: Min: 7, Avg: 10.9, Max: 15, Diff: 8, Sum: 87]
      [Scan RS (ms): Min: 9.7, Avg: 10.6, Max: 11.3, Diff: 1.6, Sum: 85.1]
      [Code Root Scanning (ms): Min: 0.0, Avg: 0.0, Max: 0.0, Diff: 0.0, Sum: 0.0]
      [Object Copy (ms): Min: 180.4, Avg: 180.6, Max: 180.7, Diff: 0.3, Sum: 1444.5]
      [Termination (ms): Min: 0.0, Avg: 0.0, Max: 0.0, Diff: 0.0, Sum: 0.3]
         [Termination Attempts: Min: 1, Avg: 56.9, Max: 75, Diff: 74, Sum: 455]
      [GC Worker Other (ms): Min: 0.0, Avg: 0.1, Max: 0.1, Diff: 0.1, Sum: 0.6]
      [GC Worker Total (ms): Min: 229.7, Avg: 229.9, Max: 230.0, Diff: 0.3, Sum: 1839.1]
      [GC Worker End (ms): Min: 169140.3, Avg: 169140.3, Max: 169140.4, Diff: 0.1]
   [Code Root Fixup: 0.0 ms]
   [Code Root Purge: 0.0 ms]
   [Clear CT: 0.9 ms]
   [Other: 2.4 ms]
      [Choose CSet: 0.0 ms]
      [Ref Proc: 0.8 ms]
      [Ref Enq: 0.0 ms]
      [Redirty Cards: 0.8 ms]
      [Humongous Register: 0.1 ms]
      [Humongous Reclaim: 0.0 ms]
      [Free CSet: 0.3 ms]
   [Eden: 81.0M(81.0M)->0.0B(89.0M) Survivors: 21.0M->13.0M Heap: 967.4M(2048.0M)->969.9M(2048.0M)]
 [Times: user=1.86 sys=0.00, real=0.24 secs] 
2020-09-29T11:56:03.680+0200: 169.151: [GC pause (G1 Humongous Allocation) (young) (initial-mark), 0.1093504 secs]
   [Parallel Time: 105.1 ms, GC Workers: 8]
      [GC Worker Start (ms): Min: 169150.9, Avg: 169151.2, Max: 169151.5, Diff: 0.5]
      [Ext Root Scanning (ms): Min: 0.0, Avg: 6.1, Max: 23.1, Diff: 23.1, Sum: 48.9]
      [Update RS (ms): Min: 35.7, Avg: 53.1, Max: 59.6, Diff: 23.9, Sum: 425.1]
         [Processed Buffers: Min: 11, Avg: 16.6, Max: 18, Diff: 7, Sum: 133]
      [Scan RS (ms): Min: 0.0, Avg: 0.0, Max: 0.0, Diff: 0.0, Sum: 0.0]
      [Code Root Scanning (ms): Min: 0.0, Avg: 0.0, Max: 0.0, Diff: 0.0, Sum: 0.0]
      [Object Copy (ms): Min: 44.1, Avg: 44.9, Max: 45.4, Diff: 1.2, Sum: 359.3]
      [Termination (ms): Min: 0.0, Avg: 0.2, Max: 0.3, Diff: 0.3, Sum: 1.8]
         [Termination Attempts: Min: 1, Avg: 424.0, Max: 521, Diff: 520, Sum: 3392]
      [GC Worker Other (ms): Min: 0.0, Avg: 0.1, Max: 0.1, Diff: 0.1, Sum: 0.6]
      [GC Worker Total (ms): Min: 104.2, Avg: 104.5, Max: 104.7, Diff: 0.5, Sum: 835.8]
      [GC Worker End (ms): Min: 169255.6, Avg: 169255.6, Max: 169255.7, Diff: 0.1]
   [Code Root Fixup: 0.0 ms]
   [Code Root Purge: 0.0 ms]
   [Clear CT: 0.7 ms]
   [Other: 3.5 ms]
      [Choose CSet: 0.0 ms]
      [Ref Proc: 0.6 ms]
      [Ref Enq: 0.0 ms]
      [Redirty Cards: 2.1 ms]
      [Humongous Register: 0.1 ms]
      [Humongous Reclaim: 0.0 ms]
      [Free CSet: 0.1 ms]
   [Eden: 2048.0K(89.0M)->0.0B(99.0M) Survivors: 13.0M->3072.0K Heap: 971.9M(2048.0M)->974.9M(2048.0M)]
 [Times: user=0.84 sys=0.00, real=0.11 secs] 
2020-09-29T11:56:03.790+0200: 169.261: [GC concurrent-root-region-scan-start]
2020-09-29T11:56:03.793+0200: 169.263: [GC concurrent-root-region-scan-end, 0.0028378 secs]
2020-09-29T11:56:03.793+0200: 169.263: [GC concurrent-mark-start]
2020-09-29T11:56:03.806+0200: 169.276: [GC concurrent-mark-end, 0.0127437 secs]
2020-09-29T11:56:03.807+0200: 169.277: [GC remark 2020-09-29T11:56:03.807+0200: 169.277: [Finalize Marking, 0.0008685 secs] 2020-09-29T11:56:03.808+0200: 169.278: [GC ref-proc, 0.0014001 secs] 2020-09-29T11:56:03.809+0200: 169.280: [Unloading, 0.0017240 secs], 0.0050633 secs]
 [Times: user=0.00 sys=0.00, real=0.01 secs] 
2020-09-29T11:56:03.813+0200: 169.284: [GC cleanup 984M->24M(2048M), 0.0045428 secs]
 [Times: user=0.09 sys=0.00, real=0.01 secs] 
2020-09-29T11:56:03.818+0200: 169.289: [GC concurrent-cleanup-start]
2020-09-29T11:56:03.823+0200: 169.294: [GC concurrent-cleanup-end, 0.0052910 secs]
2020-09-29T11:56:04.013+0200: 169.483: [GC pause (G1 Evacuation Pause) (young), 0.2115148 secs]
   [Parallel Time: 206.7 ms, GC Workers: 8]
      [GC Worker Start (ms): Min: 169483.7, Avg: 169483.9, Max: 169484.0, Diff: 0.3]
      [Ext Root Scanning (ms): Min: 0.2, Avg: 0.3, Max: 0.4, Diff: 0.3, Sum: 2.3]
      [Update RS (ms): Min: 28.3, Avg: 29.6, Max: 31.2, Diff: 2.9, Sum: 236.5]
         [Processed Buffers: Min: 8, Avg: 9.0, Max: 10, Diff: 2, Sum: 72]
      [Scan RS (ms): Min: 11.5, Avg: 13.3, Max: 14.5, Diff: 3.0, Sum: 106.2]
      [Code Root Scanning (ms): Min: 0.0, Avg: 0.0, Max: 0.0, Diff: 0.0, Sum: 0.0]
      [Object Copy (ms): Min: 162.7, Avg: 162.9, Max: 163.0, Diff: 0.3, Sum: 1303.2]
      [Termination (ms): Min: 0.0, Avg: 0.1, Max: 0.1, Diff: 0.1, Sum: 0.6]
         [Termination Attempts: Min: 1, Avg: 117.5, Max: 164, Diff: 163, Sum: 940]
      [GC Worker Other (ms): Min: 0.0, Avg: 0.1, Max: 0.1, Diff: 0.1, Sum: 0.5]
      [GC Worker Total (ms): Min: 206.0, Avg: 206.2, Max: 206.4, Diff: 0.3, Sum: 1649.3]
      [GC Worker End (ms): Min: 169690.0, Avg: 169690.0, Max: 169690.1, Diff: 0.1]
   [Code Root Fixup: 0.0 ms]
   [Code Root Purge: 0.0 ms]
   [Clear CT: 0.9 ms]
   [Other: 3.9 ms]
      [Choose CSet: 0.0 ms]
      [Ref Proc: 0.7 ms]
      [Ref Enq: 0.0 ms]
      [Redirty Cards: 2.2 ms]
      [Humongous Register: 0.1 ms]
      [Humongous Reclaim: 0.0 ms]
      [Free CSet: 0.3 ms]
   [Eden: 99.0M(99.0M)->0.0B(89.0M) Survivors: 3072.0K->13.0M Heap: 131.2M(2048.0M)->130.7M(2048.0M)]
 [Times: user=1.61 sys=0.00, real=0.21 secs] 
2020-09-29T11:56:04.424+0200: 169.894: [GC pause (G1 Evacuation Pause) (young), 0.2848682 secs]
   [Parallel Time: 281.9 ms, GC Workers: 8]
      [GC Worker Start (ms): Min: 169894.7, Avg: 169902.8, Max: 169926.7, Diff: 32.0]
      [Ext Root Scanning (ms): Min: 0.0, Avg: 0.2, Max: 0.4, Diff: 0.4, Sum: 1.9]
      [Update RS (ms): Min: 0.0, Avg: 22.5, Max: 31.8, Diff: 31.8, Sum: 180.1]
         [Processed Buffers: Min: 0, Avg: 7.8, Max: 13, Diff: 13, Sum: 62]
      [Scan RS (ms): Min: 19.3, Avg: 22.0, Max: 31.8, Diff: 12.5, Sum: 176.1]
      [Code Root Scanning (ms): Min: 0.0, Avg: 0.0, Max: 0.0, Diff: 0.0, Sum: 0.0]
      [Object Copy (ms): Min: 216.9, Avg: 228.1, Max: 230.2, Diff: 13.3, Sum: 1825.1]
      [Termination (ms): Min: 0.0, Avg: 0.4, Max: 0.4, Diff: 0.4, Sum: 2.9]
         [Termination Attempts: Min: 1, Avg: 680.0, Max: 821, Diff: 820, Sum: 5440]
      [GC Worker Other (ms): Min: 0.0, Avg: 0.1, Max: 0.2, Diff: 0.1, Sum: 0.7]
      [GC Worker Total (ms): Min: 249.4, Avg: 273.3, Max: 281.4, Diff: 32.0, Sum: 2186.8]
      [GC Worker End (ms): Min: 170176.1, Avg: 170176.1, Max: 170176.2, Diff: 0.1]
   [Code Root Fixup: 0.0 ms]
   [Code Root Purge: 0.0 ms]
   [Clear CT: 0.6 ms]
   [Other: 2.3 ms]
      [Choose CSet: 0.0 ms]
      [Ref Proc: 0.7 ms]
      [Ref Enq: 0.0 ms]
      [Redirty Cards: 0.7 ms]
      [Humongous Register: 0.1 ms]
      [Humongous Reclaim: 0.0 ms]
      [Free CSet: 0.3 ms]
   [Eden: 89.0M(89.0M)->0.0B(89.0M) Survivors: 13.0M->13.0M Heap: 234.9M(2048.0M)->237.4M(2048.0M)]
 [Times: user=2.08 sys=0.00, real=0.29 secs] 
2020-09-29T11:56:04.903+0200: 170.373: [GC pause (G1 Evacuation Pause) (young), 0.2307304 secs]
   [Parallel Time: 220.7 ms, GC Workers: 8]
      [GC Worker Start (ms): Min: 170373.5, Avg: 170377.2, Max: 170388.3, Diff: 14.9]
      [Ext Root Scanning (ms): Min: 0.0, Avg: 0.3, Max: 0.4, Diff: 0.4, Sum: 2.0]
      [Update RS (ms): Min: 14.9, Avg: 26.9, Max: 33.2, Diff: 18.3, Sum: 215.5]
         [Processed Buffers: Min: 5, Avg: 8.4, Max: 11, Diff: 6, Sum: 67]
      [Scan RS (ms): Min: 15.5, Avg: 18.3, Max: 19.6, Diff: 4.1, Sum: 146.4]
      [Code Root Scanning (ms): Min: 0.0, Avg: 0.0, Max: 0.0, Diff: 0.0, Sum: 0.0]
      [Object Copy (ms): Min: 170.7, Avg: 170.8, Max: 171.0, Diff: 0.3, Sum: 1366.5]
      [Termination (ms): Min: 0.0, Avg: 0.0, Max: 0.1, Diff: 0.1, Sum: 0.3]
         [Termination Attempts: Min: 1, Avg: 62.0, Max: 93, Diff: 92, Sum: 496]
      [GC Worker Other (ms): Min: 0.0, Avg: 0.1, Max: 0.2, Diff: 0.1, Sum: 0.7]
      [GC Worker Total (ms): Min: 205.3, Avg: 216.4, Max: 220.3, Diff: 15.0, Sum: 1731.4]
      [GC Worker End (ms): Min: 170593.6, Avg: 170593.7, Max: 170593.8, Diff: 0.1]
   [Code Root Fixup: 0.0 ms]
   [Code Root Purge: 0.0 ms]
   [Clear CT: 2.5 ms]
   [Other: 7.6 ms]
      [Choose CSet: 0.0 ms]
      [Ref Proc: 0.5 ms]
      [Ref Enq: 0.0 ms]
      [Redirty Cards: 4.0 ms]
      [Humongous Register: 0.2 ms]
      [Humongous Reclaim: 0.0 ms]
      [Free CSet: 1.2 ms]
   [Eden: 89.0M(89.0M)->0.0B(89.0M) Survivors: 13.0M->13.0M Heap: 341.7M(2048.0M)->343.2M(2048.0M)]
 [Times: user=1.61 sys=0.00, real=0.23 secs] 
2020-09-29T11:56:05.333+0200: 170.803: [GC pause (G1 Evacuation Pause) (young), 0.2204283 secs]
   [Parallel Time: 217.5 ms, GC Workers: 8]
      [GC Worker Start (ms): Min: 170803.2, Avg: 170803.9, Max: 170807.4, Diff: 4.1]
      [Ext Root Scanning (ms): Min: 0.0, Avg: 0.2, Max: 0.5, Diff: 0.4, Sum: 1.8]
      [Update RS (ms): Min: 19.7, Avg: 21.7, Max: 22.9, Diff: 3.2, Sum: 173.3]
         [Processed Buffers: Min: 5, Avg: 5.9, Max: 7, Diff: 2, Sum: 47]
      [Scan RS (ms): Min: 16.7, Avg: 18.1, Max: 19.5, Diff: 2.8, Sum: 144.7]
      [Code Root Scanning (ms): Min: 0.0, Avg: 0.0, Max: 0.0, Diff: 0.0, Sum: 0.0]
      [Object Copy (ms): Min: 176.1, Avg: 176.3, Max: 176.4, Diff: 0.3, Sum: 1410.2]
      [Termination (ms): Min: 0.0, Avg: 0.0, Max: 0.0, Diff: 0.0, Sum: 0.1]
         [Termination Attempts: Min: 1, Avg: 12.1, Max: 21, Diff: 20, Sum: 97]
      [GC Worker Other (ms): Min: 0.0, Avg: 0.1, Max: 0.1, Diff: 0.1, Sum: 0.5]
      [GC Worker Total (ms): Min: 212.9, Avg: 216.3, Max: 217.1, Diff: 4.2, Sum: 1730.7]
      [GC Worker End (ms): Min: 171020.2, Avg: 171020.3, Max: 171020.3, Diff: 0.1]
   [Code Root Fixup: 0.0 ms]
   [Code Root Purge: 0.0 ms]
   [Clear CT: 0.7 ms]
   [Other: 2.3 ms]
      [Choose CSet: 0.0 ms]
      [Ref Proc: 0.7 ms]
      [Ref Enq: 0.0 ms]
      [Redirty Cards: 0.6 ms]
      [Humongous Register: 0.1 ms]
      [Humongous Reclaim: 0.0 ms]
      [Free CSet: 0.3 ms]
   [Eden: 89.0M(89.0M)->0.0B(89.0M) Survivors: 13.0M->13.0M Heap: 445.5M(2048.0M)->448.0M(2048.0M)]
 [Times: user=1.59 sys=0.00, real=0.22 secs] 
2020-09-29T11:56:05.751+0200: 171.221: [GC pause (G1 Evacuation Pause) (young), 0.2493224 secs]
   [Parallel Time: 246.3 ms, GC Workers: 8]
      [GC Worker Start (ms): Min: 171221.5, Avg: 171225.7, Max: 171254.0, Diff: 32.5]
      [Ext Root Scanning (ms): Min: 0.0, Avg: 0.2, Max: 0.4, Diff: 0.4, Sum: 1.8]
      [Update RS (ms): Min: 0.0, Avg: 17.2, Max: 21.0, Diff: 21.0, Sum: 137.4]
         [Processed Buffers: Min: 0, Avg: 5.6, Max: 7, Diff: 7, Sum: 45]
      [Scan RS (ms): Min: 11.3, Avg: 24.8, Max: 44.8, Diff: 33.5, Sum: 198.1]
      [Code Root Scanning (ms): Min: 0.0, Avg: 0.0, Max: 0.0, Diff: 0.0, Sum: 0.0]
      [Object Copy (ms): Min: 180.8, Avg: 199.3, Max: 202.1, Diff: 21.3, Sum: 1594.5]
      [Termination (ms): Min: 0.0, Avg: 0.2, Max: 0.3, Diff: 0.3, Sum: 1.4]
         [Termination Attempts: Min: 1, Avg: 297.5, Max: 444, Diff: 443, Sum: 2380]
      [GC Worker Other (ms): Min: 0.0, Avg: 0.1, Max: 0.1, Diff: 0.1, Sum: 0.5]
      [GC Worker Total (ms): Min: 213.5, Avg: 241.7, Max: 245.9, Diff: 32.5, Sum: 1933.8]
      [GC Worker End (ms): Min: 171467.4, Avg: 171467.4, Max: 171467.5, Diff: 0.1]
   [Code Root Fixup: 0.0 ms]
   [Code Root Purge: 0.0 ms]
   [Clear CT: 0.7 ms]
   [Other: 2.3 ms]
      [Choose CSet: 0.0 ms]
      [Ref Proc: 0.7 ms]
      [Ref Enq: 0.0 ms]
      [Redirty Cards: 0.8 ms]
      [Humongous Register: 0.1 ms]
      [Humongous Reclaim: 0.0 ms]
      [Free CSet: 0.3 ms]
   [Eden: 89.0M(89.0M)->0.0B(89.0M) Survivors: 13.0M->13.0M Heap: 552.3M(2048.0M)->554.3M(2048.0M)]
 [Times: user=1.77 sys=0.00, real=0.25 secs] 
2020-09-29T11:56:06.203+0200: 171.673: [GC pause (G1 Evacuation Pause) (young), 0.2408804 secs]
   [Parallel Time: 238.0 ms, GC Workers: 8]
      [GC Worker Start (ms): Min: 171673.7, Avg: 171677.9, Max: 171706.0, Diff: 32.3]
      [Ext Root Scanning (ms): Min: 0.0, Avg: 0.2, Max: 0.5, Diff: 0.5, Sum: 1.8]
      [Update RS (ms): Min: 0.0, Avg: 17.6, Max: 21.1, Diff: 21.1, Sum: 140.8]
         [Processed Buffers: Min: 0, Avg: 5.9, Max: 8, Diff: 8, Sum: 47]
      [Scan RS (ms): Min: 11.2, Avg: 24.0, Max: 43.0, Diff: 31.9, Sum: 192.3]
      [Code Root Scanning (ms): Min: 0.0, Avg: 0.0, Max: 0.0, Diff: 0.0, Sum: 0.0]
      [Object Copy (ms): Min: 172.7, Avg: 191.2, Max: 194.0, Diff: 21.4, Sum: 1529.6]
      [Termination (ms): Min: 0.0, Avg: 0.1, Max: 0.1, Diff: 0.1, Sum: 0.9]
         [Termination Attempts: Min: 1, Avg: 195.9, Max: 247, Diff: 246, Sum: 1567]
      [GC Worker Other (ms): Min: 0.0, Avg: 0.1, Max: 0.2, Diff: 0.1, Sum: 0.6]
      [GC Worker Total (ms): Min: 205.3, Avg: 233.3, Max: 237.4, Diff: 32.1, Sum: 1866.2]
      [GC Worker End (ms): Min: 171911.1, Avg: 171911.2, Max: 171911.3, Diff: 0.1]
   [Code Root Fixup: 0.0 ms]
   [Code Root Purge: 0.0 ms]
   [Clear CT: 0.7 ms]
   [Other: 2.3 ms]
      [Choose CSet: 0.0 ms]
      [Ref Proc: 0.7 ms]
      [Ref Enq: 0.0 ms]
      [Redirty Cards: 0.7 ms]
      [Humongous Register: 0.1 ms]
      [Humongous Reclaim: 0.0 ms]
      [Free CSet: 0.3 ms]
   [Eden: 89.0M(89.0M)->0.0B(89.0M) Survivors: 13.0M->13.0M Heap: 658.6M(2048.0M)->661.1M(2048.0M)]
 [Times: user=1.78 sys=0.00, real=0.24 secs] 
2020-09-29T11:56:06.640+0200: 172.110: [GC pause (G1 Evacuation Pause) (young), 0.2049126 secs]
   [Parallel Time: 200.9 ms, GC Workers: 8]
      [GC Worker Start (ms): Min: 172110.5, Avg: 172110.8, Max: 172110.9, Diff: 0.4]
      [Ext Root Scanning (ms): Min: 0.1, Avg: 0.2, Max: 0.4, Diff: 0.4, Sum: 1.7]
      [Update RS (ms): Min: 21.4, Avg: 21.9, Max: 23.2, Diff: 1.8, Sum: 175.3]
         [Processed Buffers: Min: 6, Avg: 7.5, Max: 9, Diff: 3, Sum: 60]
      [Scan RS (ms): Min: 16.5, Avg: 17.6, Max: 18.1, Diff: 1.6, Sum: 140.5]
      [Code Root Scanning (ms): Min: 0.0, Avg: 0.0, Max: 0.0, Diff: 0.0, Sum: 0.0]
      [Object Copy (ms): Min: 160.2, Avg: 160.4, Max: 160.5, Diff: 0.4, Sum: 1283.1]
      [Termination (ms): Min: 0.0, Avg: 0.1, Max: 0.1, Diff: 0.1, Sum: 0.5]
         [Termination Attempts: Min: 1, Avg: 88.0, Max: 117, Diff: 116, Sum: 704]
      [GC Worker Other (ms): Min: 0.0, Avg: 0.1, Max: 0.1, Diff: 0.1, Sum: 0.6]
      [GC Worker Total (ms): Min: 200.0, Avg: 200.2, Max: 200.4, Diff: 0.4, Sum: 1601.7]
      [GC Worker End (ms): Min: 172310.9, Avg: 172311.0, Max: 172311.1, Diff: 0.1]
   [Code Root Fixup: 0.0 ms]
   [Code Root Purge: 0.0 ms]
   [Clear CT: 2.0 ms]
   [Other: 2.0 ms]
      [Choose CSet: 0.0 ms]
      [Ref Proc: 0.5 ms]
      [Ref Enq: 0.0 ms]
      [Redirty Cards: 0.8 ms]
      [Humongous Register: 0.1 ms]
      [Humongous Reclaim: 0.0 ms]
      [Free CSet: 0.2 ms]
   [Eden: 89.0M(89.0M)->0.0B(89.0M) Survivors: 13.0M->13.0M Heap: 765.3M(2048.0M)->767.3M(2048.0M)]
 [Times: user=1.63 sys=0.00, real=0.21 secs] 
2020-09-29T11:56:07.043+0200: 172.514: [GC pause (G1 Evacuation Pause) (young), 0.2507255 secs]
   [Parallel Time: 238.3 ms, GC Workers: 8]
      [GC Worker Start (ms): Min: 172514.0, Avg: 172518.2, Max: 172545.9, Diff: 31.9]
      [Ext Root Scanning (ms): Min: 0.0, Avg: 0.2, Max: 0.5, Diff: 0.5, Sum: 1.9]
      [Update RS (ms): Min: 0.0, Avg: 17.4, Max: 20.3, Diff: 20.3, Sum: 139.0]
         [Processed Buffers: Min: 0, Avg: 6.8, Max: 10, Diff: 10, Sum: 54]
      [Scan RS (ms): Min: 9.9, Avg: 20.1, Max: 22.0, Diff: 12.1, Sum: 160.8]
      [Code Root Scanning (ms): Min: 0.0, Avg: 0.0, Max: 0.0, Diff: 0.0, Sum: 0.0]
      [Object Copy (ms): Min: 195.5, Avg: 195.7, Max: 196.0, Diff: 0.5, Sum: 1565.9]
      [Termination (ms): Min: 0.0, Avg: 0.1, Max: 0.1, Diff: 0.1, Sum: 0.5]
         [Termination Attempts: Min: 1, Avg: 109.9, Max: 151, Diff: 150, Sum: 879]
      [GC Worker Other (ms): Min: 0.0, Avg: 0.1, Max: 0.1, Diff: 0.1, Sum: 0.5]
      [GC Worker Total (ms): Min: 205.8, Avg: 233.6, Max: 237.7, Diff: 31.9, Sum: 1868.6]
      [GC Worker End (ms): Min: 172751.7, Avg: 172751.8, Max: 172751.8, Diff: 0.1]
   [Code Root Fixup: 0.0 ms]
   [Code Root Purge: 0.0 ms]
   [Clear CT: 7.7 ms]
   [Other: 4.7 ms]
      [Choose CSet: 0.0 ms]
      [Ref Proc: 0.5 ms]
      [Ref Enq: 0.0 ms]
      [Redirty Cards: 3.2 ms]
      [Humongous Register: 0.1 ms]
      [Humongous Reclaim: 0.0 ms]
      [Free CSet: 0.4 ms]
   [Eden: 89.0M(89.0M)->0.0B(89.0M) Survivors: 13.0M->13.0M Heap: 871.6M(2048.0M)->873.1M(2048.0M)]
 [Times: user=1.81 sys=0.00, real=0.25 secs] 
2020-09-29T11:56:07.505+0200: 172.976: [GC pause (G1 Evacuation Pause) (young), 0.0935233 secs]
   [Parallel Time: 92.6 ms, GC Workers: 8]
      [GC Worker Start (ms): Min: 172975.9, Avg: 172976.1, Max: 172976.3, Diff: 0.4]
      [Ext Root Scanning (ms): Min: 0.1, Avg: 0.3, Max: 0.4, Diff: 0.3, Sum: 2.0]
      [Update RS (ms): Min: 16.2, Avg: 17.3, Max: 21.5, Diff: 5.4, Sum: 138.4]
         [Processed Buffers: Min: 0, Avg: 5.4, Max: 7, Diff: 7, Sum: 43]
      [Scan RS (ms): Min: 4.3, Avg: 8.5, Max: 9.6, Diff: 5.4, Sum: 68.4]
      [Code Root Scanning (ms): Min: 0.0, Avg: 0.0, Max: 0.0, Diff: 0.0, Sum: 0.0]
      [Object Copy (ms): Min: 65.7, Avg: 65.8, Max: 66.1, Diff: 0.4, Sum: 526.5]
      [Termination (ms): Min: 0.0, Avg: 0.3, Max: 0.3, Diff: 0.3, Sum: 2.0]
         [Termination Attempts: Min: 1, Avg: 1750.3, Max: 2241, Diff: 2240, Sum: 14002]
      [GC Worker Other (ms): Min: 0.0, Avg: 0.0, Max: 0.1, Diff: 0.0, Sum: 0.3]
      [GC Worker Total (ms): Min: 92.1, Avg: 92.2, Max: 92.4, Diff: 0.3, Sum: 737.7]
      [GC Worker End (ms): Min: 173068.3, Avg: 173068.3, Max: 173068.4, Diff: 0.0]
   [Code Root Fixup: 0.0 ms]
   [Code Root Purge: 0.0 ms]
   [Clear CT: 0.2 ms]
   [Other: 0.8 ms]
      [Choose CSet: 0.0 ms]
      [Ref Proc: 0.2 ms]
      [Ref Enq: 0.0 ms]
      [Redirty Cards: 0.2 ms]
      [Humongous Register: 0.1 ms]
      [Humongous Reclaim: 0.0 ms]
      [Free CSet: 0.1 ms]
   [Eden: 89.0M(89.0M)->0.0B(89.0M) Survivors: 13.0M->13.0M Heap: 975.4M(2048.0M)->976.9M(2048.0M)]
 [Times: user=0.70 sys=0.00, real=0.09 secs] 
2020-09-29T11:56:07.600+0200: 173.070: [GC pause (G1 Humongous Allocation) (young) (initial-mark), 0.0242443 secs]
   [Parallel Time: 22.0 ms, GC Workers: 8]
      [GC Worker Start (ms): Min: 173070.3, Avg: 173070.4, Max: 173070.4, Diff: 0.1]
      [Ext Root Scanning (ms): Min: 0.0, Avg: 0.1, Max: 0.1, Diff: 0.1, Sum: 0.6]
      [Update RS (ms): Min: 14.4, Avg: 14.6, Max: 14.7, Diff: 0.3, Sum: 116.5]
         [Processed Buffers: Min: 16, Avg: 17.6, Max: 19, Diff: 3, Sum: 141]
      [Scan RS (ms): Min: 0.0, Avg: 0.2, Max: 0.4, Diff: 0.4, Sum: 1.4]
      [Code Root Scanning (ms): Min: 0.0, Avg: 0.0, Max: 0.0, Diff: 0.0, Sum: 0.0]
      [Object Copy (ms): Min: 6.8, Avg: 6.9, Max: 6.9, Diff: 0.1, Sum: 54.9]
      [Termination (ms): Min: 0.0, Avg: 0.0, Max: 0.0, Diff: 0.0, Sum: 0.1]
         [Termination Attempts: Min: 1, Avg: 68.4, Max: 95, Diff: 94, Sum: 547]
      [GC Worker Other (ms): Min: 0.0, Avg: 0.0, Max: 0.0, Diff: 0.0, Sum: 0.1]
      [GC Worker Total (ms): Min: 21.7, Avg: 21.7, Max: 21.7, Diff: 0.1, Sum: 173.6]
      [GC Worker End (ms): Min: 173092.1, Avg: 173092.1, Max: 173092.1, Diff: 0.0]
   [Code Root Fixup: 0.0 ms]
   [Code Root Purge: 0.0 ms]
   [Clear CT: 0.7 ms]
   [Other: 1.6 ms]
      [Choose CSet: 0.0 ms]
      [Ref Proc: 0.5 ms]
      [Ref Enq: 0.0 ms]
      [Redirty Cards: 0.7 ms]
      [Humongous Register: 0.0 ms]
      [Humongous Reclaim: 0.0 ms]
      [Free CSet: 0.0 ms]
   [Eden: 2048.0K(89.0M)->0.0B(99.0M) Survivors: 13.0M->3072.0K Heap: 978.9M(2048.0M)->981.9M(2048.0M)]
 [Times: user=0.13 sys=0.00, real=0.02 secs] 
2020-09-29T11:56:07.624+0200: 173.095: [GC concurrent-root-region-scan-start]
2020-09-29T11:56:07.625+0200: 173.095: [GC concurrent-root-region-scan-end, 0.0005079 secs]
2020-09-29T11:56:07.625+0200: 173.095: [GC concurrent-mark-start]
2020-09-29T11:56:07.628+0200: 173.098: [GC concurrent-mark-end, 0.0033671 secs]
2020-09-29T11:56:07.629+0200: 173.099: [GC remark 2020-09-29T11:56:07.629+0200: 173.099: [Finalize Marking, 0.0004898 secs] 2020-09-29T11:56:07.629+0200: 173.099: [GC ref-proc, 0.0002815 secs] 2020-09-29T11:56:07.629+0200: 173.100: [Unloading, 0.0006871 secs], 0.0018892 secs]
 [Times: user=0.00 sys=0.01, real=0.00 secs] 
2020-09-29T11:56:07.631+0200: 173.101: [GC cleanup 992M->25M(2048M), 0.0018586 secs]
 [Times: user=0.00 sys=0.00, real=0.00 secs] 
2020-09-29T11:56:07.633+0200: 173.103: [GC concurrent-cleanup-start]
2020-09-29T11:56:07.634+0200: 173.104: [GC concurrent-cleanup-end, 0.0013081 secs]
2020-09-29T11:56:07.682+0200: 173.153: [GC pause (G1 Evacuation Pause) (young), 0.0676678 secs]
   [Parallel Time: 66.8 ms, GC Workers: 8]
      [GC Worker Start (ms): Min: 173152.6, Avg: 173152.7, Max: 173152.8, Diff: 0.2]
      [Ext Root Scanning (ms): Min: 0.0, Avg: 0.1, Max: 0.1, Diff: 0.1, Sum: 0.5]
      [Update RS (ms): Min: 7.2, Avg: 10.4, Max: 32.9, Diff: 25.7, Sum: 83.5]
         [Processed Buffers: Min: 1, Avg: 8.1, Max: 10, Diff: 9, Sum: 65]
      [Scan RS (ms): Min: 0.0, Avg: 3.4, Max: 3.9, Diff: 3.9, Sum: 26.8]
      [Code Root Scanning (ms): Min: 0.0, Avg: 0.0, Max: 0.0, Diff: 0.0, Sum: 0.0]
      [Object Copy (ms): Min: 33.3, Avg: 52.5, Max: 55.4, Diff: 22.1, Sum: 419.6]
      [Termination (ms): Min: 0.0, Avg: 0.2, Max: 0.3, Diff: 0.3, Sum: 1.9]
         [Termination Attempts: Min: 1, Avg: 1621.8, Max: 1930, Diff: 1929, Sum: 12974]
      [GC Worker Other (ms): Min: 0.0, Avg: 0.0, Max: 0.1, Diff: 0.0, Sum: 0.2]
      [GC Worker Total (ms): Min: 66.5, Avg: 66.6, Max: 66.7, Diff: 0.2, Sum: 532.6]
      [GC Worker End (ms): Min: 173219.3, Avg: 173219.3, Max: 173219.3, Diff: 0.0]
   [Code Root Fixup: 0.0 ms]
   [Code Root Purge: 0.0 ms]
   [Clear CT: 0.2 ms]
   [Other: 0.7 ms]
      [Choose CSet: 0.0 ms]
      [Ref Proc: 0.2 ms]
      [Ref Enq: 0.0 ms]
      [Redirty Cards: 0.2 ms]
      [Humongous Register: 0.0 ms]
      [Humongous Reclaim: 0.0 ms]
      [Free CSet: 0.1 ms]
   [Eden: 99.0M(99.0M)->0.0B(106.0M) Survivors: 3072.0K->13.0M Heap: 131.2M(2048.0M)->130.7M(2048.0M)]
 [Times: user=0.45 sys=0.00, real=0.07 secs] 
2020-09-29T11:56:07.806+0200: 173.276: [GC pause (G1 Evacuation Pause) (young), 0.0547711 secs]
   [Parallel Time: 54.0 ms, GC Workers: 8]
      [GC Worker Start (ms): Min: 173276.5, Avg: 173276.6, Max: 173276.6, Diff: 0.1]
      [Ext Root Scanning (ms): Min: 0.0, Avg: 0.1, Max: 0.1, Diff: 0.1, Sum: 0.6]
      [Update RS (ms): Min: 6.1, Avg: 6.3, Max: 6.7, Diff: 0.7, Sum: 50.5]
         [Processed Buffers: Min: 7, Avg: 7.8, Max: 9, Diff: 2, Sum: 62]
      [Scan RS (ms): Min: 4.2, Avg: 4.6, Max: 4.8, Diff: 0.7, Sum: 36.9]
      [Code Root Scanning (ms): Min: 0.0, Avg: 0.0, Max: 0.0, Diff: 0.0, Sum: 0.0]
      [Object Copy (ms): Min: 42.8, Avg: 42.8, Max: 42.8, Diff: 0.1, Sum: 342.5]
      [Termination (ms): Min: 0.0, Avg: 0.0, Max: 0.0, Diff: 0.0, Sum: 0.1]
         [Termination Attempts: Min: 1, Avg: 71.3, Max: 91, Diff: 90, Sum: 570]
      [GC Worker Other (ms): Min: 0.0, Avg: 0.0, Max: 0.1, Diff: 0.1, Sum: 0.3]
      [GC Worker Total (ms): Min: 53.8, Avg: 53.8, Max: 53.9, Diff: 0.1, Sum: 430.7]
      [GC Worker End (ms): Min: 173330.4, Avg: 173330.4, Max: 173330.5, Diff: 0.1]
   [Code Root Fixup: 0.0 ms]
   [Code Root Purge: 0.0 ms]
   [Clear CT: 0.1 ms]
   [Other: 0.7 ms]
      [Choose CSet: 0.0 ms]
      [Ref Proc: 0.1 ms]
      [Ref Enq: 0.0 ms]
      [Redirty Cards: 0.2 ms]
      [Humongous Register: 0.0 ms]
      [Humongous Reclaim: 0.0 ms]
      [Free CSet: 0.1 ms]
   [Eden: 106.0M(106.0M)->0.0B(134.0M) Survivors: 13.0M->15.0M Heap: 253.8M(2048.0M)->255.3M(2048.0M)]
 [Times: user=0.38 sys=0.00, real=0.06 secs] 
2020-09-29T11:56:07.931+0200: 173.401: [GC pause (G1 Evacuation Pause) (young), 0.0983974 secs]
   [Parallel Time: 97.5 ms, GC Workers: 8]
      [GC Worker Start (ms): Min: 173401.3, Avg: 173403.2, Max: 173416.0, Diff: 14.7]
      [Ext Root Scanning (ms): Min: 0.0, Avg: 0.1, Max: 0.1, Diff: 0.1, Sum: 0.5]
      [Update RS (ms): Min: 0.0, Avg: 6.3, Max: 7.6, Diff: 7.6, Sum: 50.3]
         [Processed Buffers: Min: 0, Avg: 8.1, Max: 11, Diff: 11, Sum: 65]
      [Scan RS (ms): Min: 0.0, Avg: 6.4, Max: 7.5, Diff: 7.5, Sum: 51.3]
      [Code Root Scanning (ms): Min: 0.0, Avg: 0.0, Max: 0.0, Diff: 0.0, Sum: 0.0]
      [Object Copy (ms): Min: 82.4, Avg: 82.5, Max: 82.7, Diff: 0.3, Sum: 660.0]
      [Termination (ms): Min: 0.0, Avg: 0.2, Max: 0.3, Diff: 0.3, Sum: 1.9]
         [Termination Attempts: Min: 1, Avg: 1822.5, Max: 2211, Diff: 2210, Sum: 14580]
      [GC Worker Other (ms): Min: 0.0, Avg: 0.0, Max: 0.0, Diff: 0.0, Sum: 0.2]
      [GC Worker Total (ms): Min: 82.7, Avg: 95.5, Max: 97.4, Diff: 14.7, Sum: 764.2]
      [GC Worker End (ms): Min: 173498.7, Avg: 173498.7, Max: 173498.7, Diff: 0.0]
   [Code Root Fixup: 0.0 ms]
   [Code Root Purge: 0.0 ms]
   [Clear CT: 0.2 ms]
   [Other: 0.7 ms]
      [Choose CSet: 0.0 ms]
      [Ref Proc: 0.2 ms]
      [Ref Enq: 0.0 ms]
      [Redirty Cards: 0.2 ms]
      [Humongous Register: 0.0 ms]
      [Humongous Reclaim: 0.0 ms]
      [Free CSet: 0.1 ms]
   [Eden: 134.0M(134.0M)->0.0B(150.0M) Survivors: 15.0M->19.0M Heap: 412.2M(2048.0M)->414.2M(2048.0M)]
 [Times: user=0.70 sys=0.00, real=0.10 secs] 
2020-09-29T11:56:08.120+0200: 173.591: [GC pause (G1 Evacuation Pause) (young), 0.0838698 secs]
   [Parallel Time: 82.3 ms, GC Workers: 8]
      [GC Worker Start (ms): Min: 173590.8, Avg: 173591.2, Max: 173593.3, Diff: 2.5]
      [Ext Root Scanning (ms): Min: 0.0, Avg: 0.1, Max: 0.1, Diff: 0.1, Sum: 0.6]
      [Update RS (ms): Min: 5.9, Avg: 7.8, Max: 8.3, Diff: 2.4, Sum: 62.7]
         [Processed Buffers: Min: 7, Avg: 9.1, Max: 11, Diff: 4, Sum: 73]
      [Scan RS (ms): Min: 7.8, Avg: 8.0, Max: 8.3, Diff: 0.5, Sum: 63.8]
      [Code Root Scanning (ms): Min: 0.0, Avg: 0.0, Max: 0.0, Diff: 0.0, Sum: 0.0]
      [Object Copy (ms): Min: 65.8, Avg: 65.9, Max: 65.9, Diff: 0.1, Sum: 526.8]
      [Termination (ms): Min: 0.0, Avg: 0.0, Max: 0.0, Diff: 0.0, Sum: 0.1]
         [Termination Attempts: Min: 1, Avg: 115.8, Max: 151, Diff: 150, Sum: 926]
      [GC Worker Other (ms): Min: 0.0, Avg: 0.0, Max: 0.1, Diff: 0.0, Sum: 0.3]
      [GC Worker Total (ms): Min: 79.6, Avg: 81.8, Max: 82.2, Diff: 2.5, Sum: 654.4]
      [GC Worker End (ms): Min: 173673.0, Avg: 173673.0, Max: 173673.0, Diff: 0.0]
   [Code Root Fixup: 0.0 ms]
   [Code Root Purge: 0.0 ms]
   [Clear CT: 0.1 ms]
   [Other: 1.4 ms]
      [Choose CSet: 0.0 ms]
      [Ref Proc: 0.2 ms]
      [Ref Enq: 0.0 ms]
      [Redirty Cards: 0.8 ms]
      [Humongous Register: 0.1 ms]
      [Humongous Reclaim: 0.0 ms]
      [Free CSet: 0.2 ms]
   [Eden: 150.0M(150.0M)->0.0B(174.0M) Survivors: 19.0M->22.0M Heap: 589.0M(2048.0M)->591.0M(2048.0M)]
 [Times: user=0.63 sys=0.00, real=0.08 secs] 
2020-09-29T11:56:08.297+0200: 173.767: [GC pause (G1 Evacuation Pause) (young), 0.0901041 secs]
   [Parallel Time: 88.9 ms, GC Workers: 8]
      [GC Worker Start (ms): Min: 173767.3, Avg: 173767.4, Max: 173767.4, Diff: 0.1]
      [Ext Root Scanning (ms): Min: 0.0, Avg: 0.1, Max: 0.1, Diff: 0.1, Sum: 0.6]
      [Update RS (ms): Min: 7.7, Avg: 8.0, Max: 8.2, Diff: 0.4, Sum: 63.7]
         [Processed Buffers: Min: 9, Avg: 9.6, Max: 12, Diff: 3, Sum: 77]
      [Scan RS (ms): Min: 8.5, Avg: 8.7, Max: 9.0, Diff: 0.5, Sum: 69.8]
      [Code Root Scanning (ms): Min: 0.0, Avg: 0.0, Max: 0.0, Diff: 0.0, Sum: 0.0]
      [Object Copy (ms): Min: 71.9, Avg: 71.9, Max: 71.9, Diff: 0.1, Sum: 575.2]
      [Termination (ms): Min: 0.0, Avg: 0.0, Max: 0.0, Diff: 0.0, Sum: 0.1]
         [Termination Attempts: Min: 1, Avg: 118.4, Max: 150, Diff: 149, Sum: 947]
      [GC Worker Other (ms): Min: 0.0, Avg: 0.0, Max: 0.1, Diff: 0.0, Sum: 0.3]
      [GC Worker Total (ms): Min: 88.7, Avg: 88.7, Max: 88.8, Diff: 0.1, Sum: 709.7]
      [GC Worker End (ms): Min: 173856.1, Avg: 173856.1, Max: 173856.1, Diff: 0.0]
   [Code Root Fixup: 0.0 ms]
   [Code Root Purge: 0.0 ms]
   [Clear CT: 0.4 ms]
   [Other: 0.8 ms]
      [Choose CSet: 0.0 ms]
      [Ref Proc: 0.2 ms]
      [Ref Enq: 0.0 ms]
      [Redirty Cards: 0.2 ms]
      [Humongous Register: 0.0 ms]
      [Humongous Reclaim: 0.0 ms]
      [Free CSet: 0.2 ms]
   [Eden: 174.0M(174.0M)->0.0B(199.0M) Survivors: 22.0M->25.0M Heap: 793.6M(2048.0M)->795.6M(2048.0M)]
 [Times: user=0.75 sys=0.00, real=0.10 secs] 
2020-09-29T11:56:08.492+0200: 173.962: [GC pause (G1 Evacuation Pause) (young), 0.1019125 secs]
   [Parallel Time: 101.1 ms, GC Workers: 8]
      [GC Worker Start (ms): Min: 173962.1, Avg: 173962.1, Max: 173962.2, Diff: 0.1]
      [Ext Root Scanning (ms): Min: 0.0, Avg: 0.1, Max: 0.1, Diff: 0.1, Sum: 0.6]
      [Update RS (ms): Min: 10.3, Avg: 10.4, Max: 10.6, Diff: 0.3, Sum: 82.8]
         [Processed Buffers: Min: 12, Avg: 13.3, Max: 15, Diff: 3, Sum: 106]
      [Scan RS (ms): Min: 9.2, Avg: 9.5, Max: 9.6, Diff: 0.4, Sum: 75.8]
      [Code Root Scanning (ms): Min: 0.0, Avg: 0.0, Max: 0.0, Diff: 0.0, Sum: 0.0]
      [Object Copy (ms): Min: 80.9, Avg: 81.0, Max: 81.0, Diff: 0.1, Sum: 647.7]
      [Termination (ms): Min: 0.0, Avg: 0.0, Max: 0.0, Diff: 0.0, Sum: 0.0]
         [Termination Attempts: Min: 1, Avg: 5.0, Max: 7, Diff: 6, Sum: 40]
      [GC Worker Other (ms): Min: 0.0, Avg: 0.0, Max: 0.1, Diff: 0.1, Sum: 0.3]
      [GC Worker Total (ms): Min: 100.8, Avg: 100.9, Max: 101.0, Diff: 0.1, Sum: 807.3]
      [GC Worker End (ms): Min: 174063.0, Avg: 174063.1, Max: 174063.1, Diff: 0.1]
   [Code Root Fixup: 0.0 ms]
   [Code Root Purge: 0.0 ms]
   [Clear CT: 0.2 ms]
   [Other: 0.7 ms]
      [Choose CSet: 0.0 ms]
      [Ref Proc: 0.1 ms]
      [Ref Enq: 0.0 ms]
      [Redirty Cards: 0.2 ms]
      [Humongous Register: 0.0 ms]
      [Humongous Reclaim: 0.0 ms]
      [Free CSet: 0.1 ms]
   [Eden: 199.0M(199.0M)->0.0B(223.0M) Survivors: 25.0M->28.0M Heap: 1029.0M(2048.0M)->1030.5M(2048.0M)]
 [Times: user=0.75 sys=0.00, real=0.10 secs] 
2020-09-29T11:56:08.598+0200: 174.068: [GC pause (G1 Humongous Allocation) (young) (initial-mark), 0.0448308 secs]
   [Parallel Time: 44.0 ms, GC Workers: 8]
      [GC Worker Start (ms): Min: 174068.1, Avg: 174068.1, Max: 174068.2, Diff: 0.1]
      [Ext Root Scanning (ms): Min: 0.0, Avg: 0.2, Max: 0.4, Diff: 0.4, Sum: 1.5]
      [Update RS (ms): Min: 26.1, Avg: 26.4, Max: 26.9, Diff: 0.8, Sum: 211.0]
         [Processed Buffers: Min: 33, Avg: 33.9, Max: 35, Diff: 2, Sum: 271]
      [Scan RS (ms): Min: 0.8, Avg: 1.3, Max: 1.5, Diff: 0.7, Sum: 10.2]
      [Code Root Scanning (ms): Min: 0.0, Avg: 0.0, Max: 0.0, Diff: 0.0, Sum: 0.0]
      [Object Copy (ms): Min: 15.9, Avg: 15.9, Max: 15.9, Diff: 0.1, Sum: 127.3]
      [Termination (ms): Min: 0.0, Avg: 0.0, Max: 0.0, Diff: 0.0, Sum: 0.2]
         [Termination Attempts: Min: 1, Avg: 144.9, Max: 187, Diff: 186, Sum: 1159]
      [GC Worker Other (ms): Min: 0.0, Avg: 0.0, Max: 0.0, Diff: 0.0, Sum: 0.2]
      [GC Worker Total (ms): Min: 43.7, Avg: 43.8, Max: 43.9, Diff: 0.2, Sum: 350.3]
      [GC Worker End (ms): Min: 174111.9, Avg: 174111.9, Max: 174111.9, Diff: 0.0]
   [Code Root Fixup: 0.0 ms]
   [Code Root Purge: 0.0 ms]
   [Clear CT: 0.2 ms]
   [Other: 0.6 ms]
      [Choose CSet: 0.0 ms]
      [Ref Proc: 0.1 ms]
      [Ref Enq: 0.0 ms]
      [Redirty Cards: 0.2 ms]
      [Humongous Register: 0.0 ms]
      [Humongous Reclaim: 0.0 ms]
      [Free CSet: 0.1 ms]
   [Eden: 8192.0K(223.0M)->0.0B(252.0M) Survivors: 28.0M->11.0M Heap: 1038.5M(2048.0M)->1042.5M(2048.0M)]
 [Times: user=0.34 sys=0.00, real=0.04 secs] 
2020-09-29T11:56:08.643+0200: 174.113: [GC concurrent-root-region-scan-start]
2020-09-29T11:56:08.646+0200: 174.116: [GC concurrent-root-region-scan-end, 0.0026930 secs]
2020-09-29T11:56:08.646+0200: 174.116: [GC concurrent-mark-start]
2020-09-29T11:56:08.649+0200: 174.119: [GC concurrent-mark-end, 0.0033278 secs]
2020-09-29T11:56:08.649+0200: 174.119: [GC remark 2020-09-29T11:56:08.649+0200: 174.119: [Finalize Marking, 0.0001981 secs] 2020-09-29T11:56:08.650+0200: 174.120: [GC ref-proc, 0.0002742 secs] 2020-09-29T11:56:08.650+0200: 174.120: [Unloading, 0.0003937 secs], 0.0011871 secs]
 [Times: user=0.00 sys=0.00, real=0.00 secs] 
2020-09-29T11:56:08.651+0200: 174.121: [GC cleanup 1055M->35M(2048M), 0.0013014 secs]
 [Times: user=0.00 sys=0.00, real=0.00 secs] 
2020-09-29T11:56:08.652+0200: 174.122: [GC concurrent-cleanup-start]
2020-09-29T11:56:08.655+0200: 174.125: [GC concurrent-cleanup-end, 0.0024908 secs]
2020-09-29T11:56:08.778+0200: 174.248: [GC pause (G1 Evacuation Pause) (young), 0.1129534 secs]
   [Parallel Time: 111.9 ms, GC Workers: 8]
      [GC Worker Start (ms): Min: 174248.0, Avg: 174248.0, Max: 174248.1, Diff: 0.1]
      [Ext Root Scanning (ms): Min: 0.0, Avg: 0.1, Max: 0.1, Diff: 0.1, Sum: 0.6]
      [Update RS (ms): Min: 8.5, Avg: 8.5, Max: 8.6, Diff: 0.2, Sum: 68.4]
         [Processed Buffers: Min: 10, Avg: 11.6, Max: 14, Diff: 4, Sum: 93]
      [Scan RS (ms): Min: 12.0, Avg: 12.1, Max: 12.2, Diff: 0.2, Sum: 96.5]
      [Code Root Scanning (ms): Min: 0.0, Avg: 0.0, Max: 0.0, Diff: 0.0, Sum: 0.0]
      [Object Copy (ms): Min: 91.0, Avg: 91.0, Max: 91.0, Diff: 0.1, Sum: 727.9]
      [Termination (ms): Min: 0.0, Avg: 0.0, Max: 0.0, Diff: 0.0, Sum: 0.0]
         [Termination Attempts: Min: 1, Avg: 8.4, Max: 14, Diff: 13, Sum: 67]
      [GC Worker Other (ms): Min: 0.0, Avg: 0.0, Max: 0.1, Diff: 0.1, Sum: 0.3]
      [GC Worker Total (ms): Min: 111.7, Avg: 111.7, Max: 111.8, Diff: 0.1, Sum: 893.8]
      [GC Worker End (ms): Min: 174359.7, Avg: 174359.7, Max: 174359.8, Diff: 0.1]
   [Code Root Fixup: 0.0 ms]
   [Code Root Purge: 0.0 ms]
   [Clear CT: 0.2 ms]
   [Other: 0.9 ms]
      [Choose CSet: 0.0 ms]
      [Ref Proc: 0.2 ms]
      [Ref Enq: 0.0 ms]
      [Redirty Cards: 0.3 ms]
      [Humongous Register: 0.0 ms]
      [Humongous Reclaim: 0.0 ms]
      [Free CSet: 0.2 ms]
   [Eden: 252.0M(252.0M)->0.0B(260.0M) Survivors: 11.0M->33.0M Heap: 318.4M(2048.0M)->309.9M(2048.0M)]
 [Times: user=0.88 sys=0.00, real=0.11 secs] 
2020-09-29T11:56:09.016+0200: 174.486: [GC pause (G1 Evacuation Pause) (young), 0.1272795 secs]
   [Parallel Time: 124.3 ms, GC Workers: 8]
      [GC Worker Start (ms): Min: 174486.5, Avg: 174486.5, Max: 174486.5, Diff: 0.1]
      [Ext Root Scanning (ms): Min: 0.0, Avg: 0.1, Max: 0.1, Diff: 0.1, Sum: 0.6]
      [Update RS (ms): Min: 10.2, Avg: 10.3, Max: 10.6, Diff: 0.3, Sum: 82.7]
         [Processed Buffers: Min: 12, Avg: 13.5, Max: 15, Diff: 3, Sum: 108]
      [Scan RS (ms): Min: 12.5, Avg: 12.8, Max: 12.9, Diff: 0.3, Sum: 102.2]
      [Code Root Scanning (ms): Min: 0.0, Avg: 0.0, Max: 0.0, Diff: 0.0, Sum: 0.0]
      [Object Copy (ms): Min: 100.8, Avg: 100.8, Max: 100.8, Diff: 0.1, Sum: 806.5]
      [Termination (ms): Min: 0.0, Avg: 0.0, Max: 0.0, Diff: 0.0, Sum: 0.2]
         [Termination Attempts: Min: 1, Avg: 170.5, Max: 247, Diff: 246, Sum: 1364]
      [GC Worker Other (ms): Min: 0.0, Avg: 0.0, Max: 0.0, Diff: 0.0, Sum: 0.2]
      [GC Worker Total (ms): Min: 124.0, Avg: 124.1, Max: 124.1, Diff: 0.1, Sum: 992.5]
      [GC Worker End (ms): Min: 174610.6, Avg: 174610.6, Max: 174610.6, Diff: 0.0]
   [Code Root Fixup: 0.0 ms]
   [Code Root Purge: 0.0 ms]
   [Clear CT: 0.2 ms]
   [Other: 2.9 ms]
      [Choose CSet: 0.0 ms]
      [Ref Proc: 0.2 ms]
      [Ref Enq: 0.0 ms]
      [Redirty Cards: 0.8 ms]
      [Humongous Register: 0.0 ms]
      [Humongous Reclaim: 0.0 ms]
      [Free CSet: 0.2 ms]
   [Eden: 244.0M(244.0M)->0.0B(283.0M) Survivors: 33.0M->35.0M Heap: 593.9M(2048.0M)->596.4M(2048.0M)]
 [Times: user=1.00 sys=0.00, real=0.13 secs] 
2020-09-29T11:56:09.295+0200: 174.765: [GC pause (G1 Evacuation Pause) (young), 0.1471110 secs]
   [Parallel Time: 146.1 ms, GC Workers: 8]
      [GC Worker Start (ms): Min: 174765.0, Avg: 174765.0, Max: 174765.1, Diff: 0.1]
      [Ext Root Scanning (ms): Min: 0.0, Avg: 0.1, Max: 0.1, Diff: 0.1, Sum: 0.5]
      [Update RS (ms): Min: 11.3, Avg: 11.4, Max: 11.8, Diff: 0.6, Sum: 90.8]
         [Processed Buffers: Min: 13, Avg: 15.0, Max: 18, Diff: 5, Sum: 120]
      [Scan RS (ms): Min: 14.3, Avg: 14.8, Max: 14.9, Diff: 0.6, Sum: 118.5]
      [Code Root Scanning (ms): Min: 0.0, Avg: 0.0, Max: 0.0, Diff: 0.0, Sum: 0.0]
      [Object Copy (ms): Min: 119.5, Avg: 119.6, Max: 119.6, Diff: 0.1, Sum: 956.6]
      [Termination (ms): Min: 0.0, Avg: 0.0, Max: 0.0, Diff: 0.0, Sum: 0.3]
         [Termination Attempts: Min: 1, Avg: 255.0, Max: 319, Diff: 318, Sum: 2040]
      [GC Worker Other (ms): Min: 0.0, Avg: 0.0, Max: 0.1, Diff: 0.1, Sum: 0.3]
      [GC Worker Total (ms): Min: 145.8, Avg: 145.9, Max: 145.9, Diff: 0.1, Sum: 1167.1]
      [GC Worker End (ms): Min: 174910.9, Avg: 174910.9, Max: 174910.9, Diff: 0.0]
   [Code Root Fixup: 0.0 ms]
   [Code Root Purge: 0.0 ms]
   [Clear CT: 0.2 ms]
   [Other: 0.9 ms]
      [Choose CSet: 0.0 ms]
      [Ref Proc: 0.1 ms]
      [Ref Enq: 0.0 ms]
      [Redirty Cards: 0.3 ms]
      [Humongous Register: 0.0 ms]
      [Humongous Reclaim: 0.0 ms]
      [Free CSet: 0.3 ms]
   [Eden: 283.0M(283.0M)->0.0B(284.0M) Survivors: 35.0M->40.0M Heap: 927.1M(2048.0M)->929.6M(2048.0M)]
 [Times: user=1.11 sys=0.00, real=0.15 secs] 
2020-09-29T11:56:09.527+0200: 174.997: [GC pause (G1 Humongous Allocation) (young) (initial-mark), 0.0883251 secs]
   [Parallel Time: 87.4 ms, GC Workers: 8]
      [GC Worker Start (ms): Min: 174997.5, Avg: 174997.6, Max: 174997.6, Diff: 0.1]
      [Ext Root Scanning (ms): Min: 0.0, Avg: 0.1, Max: 0.1, Diff: 0.1, Sum: 0.6]
      [Update RS (ms): Min: 10.9, Avg: 11.1, Max: 11.5, Diff: 0.6, Sum: 89.0]
         [Processed Buffers: Min: 13, Avg: 13.1, Max: 14, Diff: 1, Sum: 105]
      [Scan RS (ms): Min: 6.5, Avg: 6.9, Max: 7.1, Diff: 0.6, Sum: 55.0]
      [Code Root Scanning (ms): Min: 0.0, Avg: 0.0, Max: 0.0, Diff: 0.0, Sum: 0.0]
      [Object Copy (ms): Min: 69.0, Avg: 69.1, Max: 69.1, Diff: 0.1, Sum: 552.7]
      [Termination (ms): Min: 0.0, Avg: 0.0, Max: 0.0, Diff: 0.0, Sum: 0.1]
         [Termination Attempts: Min: 1, Avg: 78.5, Max: 114, Diff: 113, Sum: 628]
      [GC Worker Other (ms): Min: 0.0, Avg: 0.0, Max: 0.1, Diff: 0.1, Sum: 0.3]
      [GC Worker Total (ms): Min: 87.2, Avg: 87.2, Max: 87.3, Diff: 0.1, Sum: 697.8]
      [GC Worker End (ms): Min: 175084.8, Avg: 175084.8, Max: 175084.8, Diff: 0.1]
   [Code Root Fixup: 0.0 ms]
   [Code Root Purge: 0.0 ms]
   [Clear CT: 0.2 ms]
   [Other: 0.8 ms]
      [Choose CSet: 0.0 ms]
      [Ref Proc: 0.1 ms]
      [Ref Enq: 0.0 ms]
      [Redirty Cards: 0.2 ms]
      [Humongous Register: 0.0 ms]
      [Humongous Reclaim: 0.0 ms]
      [Free CSet: 0.2 ms]
   [Eden: 149.0M(284.0M)->0.0B(310.0M) Survivors: 40.0M->41.0M Heap: 1101.0M(2048.0M)->1102.5M(2048.0M)]
 [Times: user=0.75 sys=0.00, real=0.09 secs] 
2020-09-29T11:56:09.616+0200: 175.086: [GC concurrent-root-region-scan-start]
2020-09-29T11:56:09.629+0200: 175.099: [GC concurrent-root-region-scan-end, 0.0134708 secs]
2020-09-29T11:56:09.629+0200: 175.099: [GC concurrent-mark-start]
2020-09-29T11:56:09.632+0200: 175.102: [GC concurrent-mark-end, 0.0030455 secs]
2020-09-29T11:56:09.633+0200: 175.103: [GC remark 2020-09-29T11:56:09.633+0200: 175.103: [Finalize Marking, 0.0002051 secs] 2020-09-29T11:56:09.633+0200: 175.103: [GC ref-proc, 0.0003208 secs] 2020-09-29T11:56:09.633+0200: 175.103: [Unloading, 0.0004182 secs], 0.0012703 secs]
 [Times: user=0.00 sys=0.00, real=0.00 secs] 
2020-09-29T11:56:09.634+0200: 175.104: [GC cleanup 1142M->92M(2048M), 0.0012842 secs]
 [Times: user=0.00 sys=0.00, real=0.00 secs] 
2020-09-29T11:56:09.636+0200: 175.106: [GC concurrent-cleanup-start]
2020-09-29T11:56:09.638+0200: 175.108: [GC concurrent-cleanup-end, 0.0020669 secs]
2020-09-29T11:56:09.779+0200: 175.249: [GC pause (G1 Evacuation Pause) (young), 0.1641002 secs]
   [Parallel Time: 162.3 ms, GC Workers: 8]
      [GC Worker Start (ms): Min: 175249.5, Avg: 175249.6, Max: 175249.6, Diff: 0.1]
      [Ext Root Scanning (ms): Min: 0.0, Avg: 0.1, Max: 0.1, Diff: 0.1, Sum: 0.6]
      [Update RS (ms): Min: 15.6, Avg: 15.7, Max: 16.3, Diff: 0.7, Sum: 125.4]
         [Processed Buffers: Min: 0, Avg: 17.6, Max: 21, Diff: 21, Sum: 141]
      [Scan RS (ms): Min: 14.6, Avg: 15.4, Max: 16.4, Diff: 1.8, Sum: 123.0]
      [Code Root Scanning (ms): Min: 0.0, Avg: 0.0, Max: 0.0, Diff: 0.0, Sum: 0.0]
      [Object Copy (ms): Min: 130.1, Avg: 131.0, Max: 131.1, Diff: 1.1, Sum: 1047.8]
      [Termination (ms): Min: 0.0, Avg: 0.0, Max: 0.0, Diff: 0.0, Sum: 0.0]
         [Termination Attempts: Min: 1, Avg: 20.8, Max: 27, Diff: 26, Sum: 166]
      [GC Worker Other (ms): Min: 0.0, Avg: 0.0, Max: 0.1, Diff: 0.1, Sum: 0.3]
      [GC Worker Total (ms): Min: 162.1, Avg: 162.1, Max: 162.2, Diff: 0.1, Sum: 1297.2]
      [GC Worker End (ms): Min: 175411.7, Avg: 175411.7, Max: 175411.7, Diff: 0.0]
   [Code Root Fixup: 0.0 ms]
   [Code Root Purge: 0.0 ms]
   [Clear CT: 0.2 ms]
   [Other: 1.6 ms]
      [Choose CSet: 0.0 ms]
      [Ref Proc: 0.3 ms]
      [Ref Enq: 0.0 ms]
      [Redirty Cards: 0.9 ms]
      [Humongous Register: 0.0 ms]
      [Humongous Reclaim: 0.0 ms]
      [Free CSet: 0.2 ms]
   [Eden: 310.0M(310.0M)->0.0B(313.0M) Survivors: 41.0M->44.0M Heap: 416.4M(2048.0M)->376.9M(2048.0M)]
 [Times: user=1.33 sys=0.00, real=0.16 secs] 
2020-09-29T11:56:10.110+0200: 175.580: [GC pause (G1 Evacuation Pause) (young), 0.1787580 secs]
   [Parallel Time: 177.5 ms, GC Workers: 8]
      [GC Worker Start (ms): Min: 175579.9, Avg: 175580.0, Max: 175580.0, Diff: 0.1]
      [Ext Root Scanning (ms): Min: 0.0, Avg: 0.1, Max: 0.1, Diff: 0.1, Sum: 0.6]
      [Update RS (ms): Min: 15.3, Avg: 15.6, Max: 16.6, Diff: 1.4, Sum: 125.1]
         [Processed Buffers: Min: 17, Avg: 18.9, Max: 21, Diff: 4, Sum: 151]
      [Scan RS (ms): Min: 17.7, Avg: 18.7, Max: 19.0, Diff: 1.4, Sum: 149.3]
      [Code Root Scanning (ms): Min: 0.0, Avg: 0.0, Max: 0.0, Diff: 0.0, Sum: 0.0]
      [Object Copy (ms): Min: 142.6, Avg: 142.7, Max: 142.8, Diff: 0.2, Sum: 1141.6]
      [Termination (ms): Min: 0.0, Avg: 0.1, Max: 0.2, Diff: 0.2, Sum: 1.1]
         [Termination Attempts: Min: 1, Avg: 961.5, Max: 1183, Diff: 1182, Sum: 7692]
      [GC Worker Other (ms): Min: 0.0, Avg: 0.0, Max: 0.1, Diff: 0.1, Sum: 0.4]
      [GC Worker Total (ms): Min: 177.2, Avg: 177.3, Max: 177.3, Diff: 0.1, Sum: 1418.0]
      [GC Worker End (ms): Min: 175757.2, Avg: 175757.2, Max: 175757.3, Diff: 0.1]
   [Code Root Fixup: 0.0 ms]
   [Code Root Purge: 0.0 ms]
   [Clear CT: 0.2 ms]
   [Other: 1.1 ms]
      [Choose CSet: 0.0 ms]
      [Ref Proc: 0.2 ms]
      [Ref Enq: 0.0 ms]
      [Redirty Cards: 0.3 ms]
      [Humongous Register: 0.0 ms]
      [Humongous Reclaim: 0.0 ms]
      [Free CSet: 0.3 ms]
   [Eden: 313.0M(313.0M)->0.0B(311.0M) Survivors: 44.0M->45.0M Heap: 741.4M(2048.0M)->743.9M(2048.0M)]
 [Times: user=1.48 sys=0.00, real=0.18 secs] 
2020-09-29T11:56:10.459+0200: 175.929: [GC pause (G1 Evacuation Pause) (young), 0.1640951 secs]
   [Parallel Time: 163.0 ms, GC Workers: 8]
      [GC Worker Start (ms): Min: 175929.3, Avg: 175929.4, Max: 175929.4, Diff: 0.2]
      [Ext Root Scanning (ms): Min: 0.0, Avg: 0.1, Max: 0.1, Diff: 0.1, Sum: 0.5]
      [Update RS (ms): Min: 14.4, Avg: 14.5, Max: 14.6, Diff: 0.2, Sum: 115.9]
         [Processed Buffers: Min: 13, Avg: 17.0, Max: 20, Diff: 7, Sum: 136]
      [Scan RS (ms): Min: 16.8, Avg: 17.0, Max: 17.4, Diff: 0.6, Sum: 135.8]
      [Code Root Scanning (ms): Min: 0.0, Avg: 0.0, Max: 0.0, Diff: 0.0, Sum: 0.0]
      [Object Copy (ms): Min: 130.9, Avg: 131.3, Max: 131.3, Diff: 0.4, Sum: 1050.1]
      [Termination (ms): Min: 0.0, Avg: 0.0, Max: 0.0, Diff: 0.0, Sum: 0.1]
         [Termination Attempts: Min: 1, Avg: 37.3, Max: 49, Diff: 48, Sum: 298]
      [GC Worker Other (ms): Min: 0.0, Avg: 0.1, Max: 0.1, Diff: 0.1, Sum: 0.4]
      [GC Worker Total (ms): Min: 162.8, Avg: 162.9, Max: 162.9, Diff: 0.2, Sum: 1302.8]
      [GC Worker End (ms): Min: 176092.2, Avg: 176092.2, Max: 176092.2, Diff: 0.1]
   [Code Root Fixup: 0.0 ms]
   [Code Root Purge: 0.0 ms]
   [Clear CT: 0.2 ms]
   [Other: 0.8 ms]
      [Choose CSet: 0.0 ms]
      [Ref Proc: 0.2 ms]
      [Ref Enq: 0.0 ms]
      [Redirty Cards: 0.2 ms]
      [Humongous Register: 0.1 ms]
      [Humongous Reclaim: 0.0 ms]
      [Free CSet: 0.2 ms]
   [Eden: 311.0M(311.0M)->0.0B(317.0M) Survivors: 45.0M->45.0M Heap: 1106.4M(2048.0M)->1107.9M(2048.0M)]
 [Times: user=1.22 sys=0.02, real=0.16 secs] 
2020-09-29T11:56:10.632+0200: 176.103: [GC pause (G1 Humongous Allocation) (young) (initial-mark), 0.0582459 secs]
   [Parallel Time: 57.3 ms, GC Workers: 8]
      [GC Worker Start (ms): Min: 176103.1, Avg: 176103.2, Max: 176103.3, Diff: 0.1]
      [Ext Root Scanning (ms): Min: 0.0, Avg: 0.4, Max: 1.6, Diff: 1.6, Sum: 3.2]
      [Update RS (ms): Min: 33.9, Avg: 34.6, Max: 34.9, Diff: 1.0, Sum: 276.6]
         [Processed Buffers: Min: 42, Avg: 43.6, Max: 45, Diff: 3, Sum: 349]
      [Scan RS (ms): Min: 2.0, Avg: 2.6, Max: 2.9, Diff: 0.8, Sum: 21.0]
      [Code Root Scanning (ms): Min: 0.0, Avg: 0.0, Max: 0.0, Diff: 0.0, Sum: 0.0]
      [Object Copy (ms): Min: 19.4, Avg: 19.5, Max: 19.5, Diff: 0.1, Sum: 155.9]
      [Termination (ms): Min: 0.0, Avg: 0.0, Max: 0.0, Diff: 0.0, Sum: 0.2]
         [Termination Attempts: Min: 1, Avg: 172.0, Max: 220, Diff: 219, Sum: 1376]
      [GC Worker Other (ms): Min: 0.0, Avg: 0.0, Max: 0.0, Diff: 0.0, Sum: 0.2]
      [GC Worker Total (ms): Min: 57.0, Avg: 57.1, Max: 57.2, Diff: 0.2, Sum: 457.1]
      [GC Worker End (ms): Min: 176160.3, Avg: 176160.3, Max: 176160.4, Diff: 0.0]
   [Code Root Fixup: 0.0 ms]
   [Code Root Purge: 0.0 ms]
   [Clear CT: 0.2 ms]
   [Other: 0.8 ms]
      [Choose CSet: 0.0 ms]
      [Ref Proc: 0.3 ms]
      [Ref Enq: 0.0 ms]
      [Redirty Cards: 0.1 ms]
      [Humongous Register: 0.0 ms]
      [Humongous Reclaim: 0.0 ms]
      [Free CSet: 0.1 ms]
   [Eden: 5120.0K(317.0M)->0.0B(355.0M) Survivors: 45.0M->7168.0K Heap: 1112.4M(2048.0M)->1116.9M(2048.0M)]
 [Times: user=0.38 sys=0.00, real=0.06 secs] 
2020-09-29T11:56:10.691+0200: 176.161: [GC concurrent-root-region-scan-start]
2020-09-29T11:56:10.692+0200: 176.162: [GC concurrent-root-region-scan-end, 0.0010793 secs]
2020-09-29T11:56:10.692+0200: 176.162: [GC concurrent-mark-start]
2020-09-29T11:56:10.694+0200: 176.165: [GC concurrent-mark-end, 0.0024867 secs]
2020-09-29T11:56:10.695+0200: 176.165: [GC remark 2020-09-29T11:56:10.695+0200: 176.165: [Finalize Marking, 0.0001286 secs] 2020-09-29T11:56:10.695+0200: 176.165: [GC ref-proc, 0.0002811 secs] 2020-09-29T11:56:10.695+0200: 176.166: [Unloading, 0.0004184 secs], 0.0011691 secs]
 [Times: user=0.00 sys=0.00, real=0.00 secs] 
2020-09-29T11:56:10.696+0200: 176.167: [GC cleanup 1126M->28M(2048M), 0.0010685 secs]
 [Times: user=0.00 sys=0.00, real=0.00 secs] 
2020-09-29T11:56:10.697+0200: 176.168: [GC concurrent-cleanup-start]
2020-09-29T11:56:10.698+0200: 176.169: [GC concurrent-cleanup-end, 0.0013120 secs]
2020-09-29T11:56:10.864+0200: 176.335: [GC pause (G1 Evacuation Pause) (young), 0.1627508 secs]
   [Parallel Time: 161.7 ms, GC Workers: 8]
      [GC Worker Start (ms): Min: 176334.9, Avg: 176335.0, Max: 176335.1, Diff: 0.2]
      [Ext Root Scanning (ms): Min: 0.0, Avg: 0.1, Max: 0.2, Diff: 0.2, Sum: 0.4]
      [Update RS (ms): Min: 13.5, Avg: 13.6, Max: 13.8, Diff: 0.3, Sum: 109.1]
         [Processed Buffers: Min: 16, Avg: 17.8, Max: 19, Diff: 3, Sum: 142]
      [Scan RS (ms): Min: 16.3, Avg: 16.5, Max: 16.7, Diff: 0.4, Sum: 132.1]
      [Code Root Scanning (ms): Min: 0.0, Avg: 0.0, Max: 0.0, Diff: 0.0, Sum: 0.0]
      [Object Copy (ms): Min: 131.1, Avg: 131.2, Max: 131.3, Diff: 0.1, Sum: 1049.6]
      [Termination (ms): Min: 0.0, Avg: 0.1, Max: 0.1, Diff: 0.1, Sum: 0.4]
         [Termination Attempts: Min: 1, Avg: 376.5, Max: 473, Diff: 472, Sum: 3012]
      [GC Worker Other (ms): Min: 0.0, Avg: 0.0, Max: 0.1, Diff: 0.1, Sum: 0.4]
      [GC Worker Total (ms): Min: 161.4, Avg: 161.5, Max: 161.6, Diff: 0.2, Sum: 1292.1]
      [GC Worker End (ms): Min: 176496.5, Avg: 176496.5, Max: 176496.5, Diff: 0.1]
   [Code Root Fixup: 0.0 ms]
   [Code Root Purge: 0.0 ms]
   [Clear CT: 0.2 ms]
   [Other: 0.8 ms]
      [Choose CSet: 0.0 ms]
      [Ref Proc: 0.1 ms]
      [Ref Enq: 0.0 ms]
      [Redirty Cards: 0.2 ms]
      [Humongous Register: 0.0 ms]
      [Humongous Reclaim: 0.0 ms]
      [Free CSet: 0.2 ms]
   [Eden: 355.0M(355.0M)->0.0B(326.0M) Survivors: 7168.0K->46.0M Heap: 435.0M(2048.0M)->430.5M(2048.0M)]
 [Times: user=1.22 sys=0.03, real=0.16 secs] 
2020-09-29T11:56:11.186+0200: 176.657: [GC pause (G1 Evacuation Pause) (young), 0.1830515 secs]
   [Parallel Time: 181.8 ms, GC Workers: 8]
      [GC Worker Start (ms): Min: 176656.8, Avg: 176656.9, Max: 176657.0, Diff: 0.2]
      [Ext Root Scanning (ms): Min: 0.0, Avg: 0.1, Max: 0.2, Diff: 0.1, Sum: 0.5]
      [Update RS (ms): Min: 19.5, Avg: 19.6, Max: 19.8, Diff: 0.3, Sum: 156.9]
         [Processed Buffers: Min: 22, Avg: 22.8, Max: 25, Diff: 3, Sum: 182]
      [Scan RS (ms): Min: 17.1, Avg: 17.2, Max: 17.5, Diff: 0.4, Sum: 137.9]
      [Code Root Scanning (ms): Min: 0.0, Avg: 0.0, Max: 0.0, Diff: 0.0, Sum: 0.0]
      [Object Copy (ms): Min: 144.3, Avg: 144.6, Max: 144.7, Diff: 0.4, Sum: 1156.4]
      [Termination (ms): Min: 0.0, Avg: 0.1, Max: 0.1, Diff: 0.1, Sum: 0.8]
         [Termination Attempts: Min: 1, Avg: 737.0, Max: 899, Diff: 898, Sum: 5896]
      [GC Worker Other (ms): Min: 0.0, Avg: 0.0, Max: 0.1, Diff: 0.1, Sum: 0.3]
      [GC Worker Total (ms): Min: 181.5, Avg: 181.6, Max: 181.7, Diff: 0.2, Sum: 1452.8]
      [GC Worker End (ms): Min: 176838.5, Avg: 176838.5, Max: 176838.6, Diff: 0.1]
   [Code Root Fixup: 0.0 ms]
   [Code Root Purge: 0.0 ms]
   [Clear CT: 0.2 ms]
   [Other: 1.0 ms]
      [Choose CSet: 0.0 ms]
      [Ref Proc: 0.2 ms]
      [Ref Enq: 0.0 ms]
      [Redirty Cards: 0.3 ms]
      [Humongous Register: 0.0 ms]
      [Humongous Reclaim: 0.0 ms]
      [Free CSet: 0.3 ms]
   [Eden: 326.0M(326.0M)->0.0B(314.0M) Survivors: 46.0M->47.0M Heap: 809.9M(2048.0M)->811.9M(2048.0M)]
 [Times: user=1.42 sys=0.06, real=0.18 secs] 
2020-09-29T11:56:11.541+0200: 177.011: [GC pause (G1 Evacuation Pause) (young), 0.1680353 secs]
   [Parallel Time: 166.7 ms, GC Workers: 8]
      [GC Worker Start (ms): Min: 177011.5, Avg: 177011.6, Max: 177011.6, Diff: 0.2]
      [Ext Root Scanning (ms): Min: 0.0, Avg: 0.1, Max: 0.2, Diff: 0.2, Sum: 0.5]
      [Update RS (ms): Min: 20.6, Avg: 21.0, Max: 21.2, Diff: 0.6, Sum: 167.8]
         [Processed Buffers: Min: 23, Avg: 24.4, Max: 25, Diff: 2, Sum: 195]
      [Scan RS (ms): Min: 14.0, Avg: 14.3, Max: 14.6, Diff: 0.6, Sum: 114.0]
      [Code Root Scanning (ms): Min: 0.0, Avg: 0.0, Max: 0.0, Diff: 0.0, Sum: 0.0]
      [Object Copy (ms): Min: 131.0, Avg: 131.1, Max: 131.2, Diff: 0.1, Sum: 1049.0]
      [Termination (ms): Min: 0.0, Avg: 0.0, Max: 0.0, Diff: 0.0, Sum: 0.1]
         [Termination Attempts: Min: 1, Avg: 56.9, Max: 81, Diff: 80, Sum: 455]
      [GC Worker Other (ms): Min: 0.0, Avg: 0.0, Max: 0.1, Diff: 0.1, Sum: 0.4]
      [GC Worker Total (ms): Min: 166.4, Avg: 166.5, Max: 166.6, Diff: 0.2, Sum: 1331.7]
      [GC Worker End (ms): Min: 177178.0, Avg: 177178.0, Max: 177178.1, Diff: 0.1]
   [Code Root Fixup: 0.0 ms]
   [Code Root Purge: 0.0 ms]
   [Clear CT: 0.2 ms]
   [Other: 1.1 ms]
      [Choose CSet: 0.0 ms]
      [Ref Proc: 0.2 ms]
      [Ref Enq: 0.0 ms]
      [Redirty Cards: 0.5 ms]
      [Humongous Register: 0.0 ms]
      [Humongous Reclaim: 0.0 ms]
      [Free CSet: 0.2 ms]
   [Eden: 314.0M(314.0M)->0.0B(321.0M) Survivors: 47.0M->46.0M Heap: 1177.4M(2048.0M)->1179.9M(2048.0M)]
 [Times: user=1.38 sys=0.00, real=0.17 secs] 
2020-09-29T11:56:11.710+0200: 177.180: [GC pause (G1 Humongous Allocation) (young) (initial-mark), 0.0687608 secs]
   [Parallel Time: 68.0 ms, GC Workers: 8]
      [GC Worker Start (ms): Min: 177180.1, Avg: 177180.1, Max: 177180.2, Diff: 0.1]
      [Ext Root Scanning (ms): Min: 0.0, Avg: 0.1, Max: 0.1, Diff: 0.1, Sum: 0.6]
      [Update RS (ms): Min: 47.9, Avg: 48.2, Max: 48.7, Diff: 0.8, Sum: 385.8]
         [Processed Buffers: Min: 59, Avg: 60.9, Max: 63, Diff: 4, Sum: 487]
      [Scan RS (ms): Min: 0.0, Avg: 0.0, Max: 0.0, Diff: 0.0, Sum: 0.0]
      [Code Root Scanning (ms): Min: 0.0, Avg: 0.0, Max: 0.0, Diff: 0.0, Sum: 0.0]
      [Object Copy (ms): Min: 19.0, Avg: 19.5, Max: 19.8, Diff: 0.8, Sum: 155.6]
      [Termination (ms): Min: 0.0, Avg: 0.0, Max: 0.0, Diff: 0.0, Sum: 0.2]
         [Termination Attempts: Min: 1, Avg: 131.3, Max: 165, Diff: 164, Sum: 1050]
      [GC Worker Other (ms): Min: 0.0, Avg: 0.0, Max: 0.1, Diff: 0.0, Sum: 0.2]
      [GC Worker Total (ms): Min: 67.8, Avg: 67.8, Max: 67.8, Diff: 0.1, Sum: 542.4]
      [GC Worker End (ms): Min: 177247.9, Avg: 177247.9, Max: 177248.0, Diff: 0.0]
   [Code Root Fixup: 0.0 ms]
   [Code Root Purge: 0.0 ms]
   [Clear CT: 0.2 ms]
   [Other: 0.6 ms]
      [Choose CSet: 0.0 ms]
      [Ref Proc: 0.2 ms]
      [Ref Enq: 0.0 ms]
      [Redirty Cards: 0.2 ms]
      [Humongous Register: 0.0 ms]
      [Humongous Reclaim: 0.0 ms]
      [Free CSet: 0.0 ms]
   [Eden: 1024.0K(321.0M)->0.0B(330.0M) Survivors: 46.0M->2048.0K Heap: 1180.9M(2048.0M)->1183.9M(2048.0M)]
 [Times: user=0.50 sys=0.00, real=0.07 secs] 
2020-09-29T11:56:11.779+0200: 177.249: [GC concurrent-root-region-scan-start]
2020-09-29T11:56:11.779+0200: 177.249: [GC concurrent-root-region-scan-end, 0.0005007 secs]
2020-09-29T11:56:11.779+0200: 177.249: [GC concurrent-mark-start]
2020-09-29T11:56:11.783+0200: 177.253: [GC concurrent-mark-end, 0.0034286 secs]
2020-09-29T11:56:11.783+0200: 177.253: [GC remark 2020-09-29T11:56:11.783+0200: 177.253: [Finalize Marking, 0.0001651 secs] 2020-09-29T11:56:11.783+0200: 177.253: [GC ref-proc, 0.0002911 secs] 2020-09-29T11:56:11.783+0200: 177.254: [Unloading, 0.0004165 secs], 0.0012019 secs]
 [Times: user=0.00 sys=0.00, real=0.00 secs] 
2020-09-29T11:56:11.784+0200: 177.255: [GC cleanup 1192M->22M(2048M), 0.0011741 secs]
 [Times: user=0.11 sys=0.00, real=0.00 secs] 
2020-09-29T11:56:11.786+0200: 177.256: [GC concurrent-cleanup-start]
2020-09-29T11:56:11.787+0200: 177.257: [GC concurrent-cleanup-end, 0.0015098 secs]
2020-09-29T11:56:11.949+0200: 177.419: [GC pause (G1 Evacuation Pause) (young), 0.1494870 secs]
   [Parallel Time: 148.2 ms, GC Workers: 8]
      [GC Worker Start (ms): Min: 177418.9, Avg: 177419.0, Max: 177419.1, Diff: 0.2]
      [Ext Root Scanning (ms): Min: 0.0, Avg: 0.1, Max: 0.2, Diff: 0.2, Sum: 0.4]
      [Update RS (ms): Min: 13.6, Avg: 13.7, Max: 14.0, Diff: 0.5, Sum: 109.9]
         [Processed Buffers: Min: 16, Avg: 16.5, Max: 18, Diff: 2, Sum: 132]
      [Scan RS (ms): Min: 14.2, Avg: 14.6, Max: 14.7, Diff: 0.5, Sum: 116.4]
      [Code Root Scanning (ms): Min: 0.0, Avg: 0.0, Max: 0.0, Diff: 0.0, Sum: 0.0]
      [Object Copy (ms): Min: 119.6, Avg: 119.6, Max: 119.6, Diff: 0.1, Sum: 956.8]
      [Termination (ms): Min: 0.0, Avg: 0.0, Max: 0.0, Diff: 0.0, Sum: 0.2]
         [Termination Attempts: Min: 1, Avg: 201.6, Max: 278, Diff: 277, Sum: 1613]
      [GC Worker Other (ms): Min: 0.0, Avg: 0.0, Max: 0.1, Diff: 0.0, Sum: 0.2]
      [GC Worker Total (ms): Min: 147.9, Avg: 148.0, Max: 148.1, Diff: 0.2, Sum: 1184.1]
      [GC Worker End (ms): Min: 177567.0, Avg: 177567.0, Max: 177567.0, Diff: 0.0]
   [Code Root Fixup: 0.0 ms]
   [Code Root Purge: 0.0 ms]
   [Clear CT: 0.2 ms]
   [Other: 1.1 ms]
      [Choose CSet: 0.0 ms]
      [Ref Proc: 0.3 ms]
      [Ref Enq: 0.0 ms]
      [Redirty Cards: 0.3 ms]
      [Humongous Register: 0.0 ms]
      [Humongous Reclaim: 0.0 ms]
      [Free CSet: 0.2 ms]
   [Eden: 330.0M(330.0M)->0.0B(328.0M) Survivors: 2048.0K->42.0M Heap: 399.3M(2048.0M)->399.3M(2048.0M)]
 [Times: user=1.13 sys=0.00, real=0.15 secs] 
2020-09-29T11:56:12.272+0200: 177.742: [GC pause (G1 Evacuation Pause) (young), 0.1758755 secs]
   [Parallel Time: 174.6 ms, GC Workers: 8]
      [GC Worker Start (ms): Min: 177742.4, Avg: 177742.5, Max: 177742.6, Diff: 0.2]
      [Ext Root Scanning (ms): Min: 0.0, Avg: 0.1, Max: 0.2, Diff: 0.2, Sum: 0.5]
      [Update RS (ms): Min: 21.7, Avg: 21.8, Max: 21.9, Diff: 0.3, Sum: 174.0]
         [Processed Buffers: Min: 22, Avg: 24.0, Max: 26, Diff: 4, Sum: 192]
      [Scan RS (ms): Min: 16.0, Avg: 16.2, Max: 16.3, Diff: 0.2, Sum: 129.4]
      [Code Root Scanning (ms): Min: 0.0, Avg: 0.0, Max: 0.0, Diff: 0.0, Sum: 0.0]
      [Object Copy (ms): Min: 136.3, Avg: 136.4, Max: 136.4, Diff: 0.1, Sum: 1090.9]
      [Termination (ms): Min: 0.0, Avg: 0.0, Max: 0.0, Diff: 0.0, Sum: 0.1]
         [Termination Attempts: Min: 1, Avg: 96.1, Max: 126, Diff: 125, Sum: 769]
      [GC Worker Other (ms): Min: 0.0, Avg: 0.0, Max: 0.1, Diff: 0.1, Sum: 0.3]
      [GC Worker Total (ms): Min: 174.3, Avg: 174.4, Max: 174.5, Diff: 0.2, Sum: 1395.3]
      [GC Worker End (ms): Min: 177916.9, Avg: 177916.9, Max: 177916.9, Diff: 0.1]
   [Code Root Fixup: 0.0 ms]
   [Code Root Purge: 0.0 ms]
   [Clear CT: 0.2 ms]
   [Other: 1.1 ms]
      [Choose CSet: 0.0 ms]
      [Ref Proc: 0.2 ms]
      [Ref Enq: 0.0 ms]
      [Redirty Cards: 0.3 ms]
      [Humongous Register: 0.0 ms]
      [Humongous Reclaim: 0.0 ms]
      [Free CSet: 0.3 ms]
   [Eden: 328.0M(328.0M)->0.0B(317.0M) Survivors: 42.0M->47.0M Heap: 782.6M(2048.0M)->784.1M(2048.0M)]
 [Times: user=1.38 sys=0.00, real=0.18 secs] 
2020-09-29T11:56:12.620+0200: 178.089: [GC pause (G1 Evacuation Pause) (young), 0.1737361 secs]
   [Parallel Time: 172.6 ms, GC Workers: 8]
      [GC Worker Start (ms): Min: 178089.3, Avg: 178089.5, Max: 178089.5, Diff: 0.2]
      [Ext Root Scanning (ms): Min: 0.0, Avg: 0.0, Max: 0.2, Diff: 0.2, Sum: 0.4]
      [Update RS (ms): Min: 16.3, Avg: 16.5, Max: 17.0, Diff: 0.6, Sum: 131.6]
         [Processed Buffers: Min: 17, Avg: 19.1, Max: 21, Diff: 4, Sum: 153]
      [Scan RS (ms): Min: 18.2, Avg: 18.8, Max: 18.9, Diff: 0.7, Sum: 150.3]
      [Code Root Scanning (ms): Min: 0.0, Avg: 0.0, Max: 0.0, Diff: 0.0, Sum: 0.0]
      [Object Copy (ms): Min: 136.8, Avg: 137.0, Max: 137.0, Diff: 0.2, Sum: 1095.8]
      [Termination (ms): Min: 0.0, Avg: 0.1, Max: 0.1, Diff: 0.1, Sum: 0.4]
         [Termination Attempts: Min: 1, Avg: 356.6, Max: 532, Diff: 531, Sum: 2853]
      [GC Worker Other (ms): Min: 0.0, Avg: 0.0, Max: 0.1, Diff: 0.1, Sum: 0.3]
      [GC Worker Total (ms): Min: 172.3, Avg: 172.4, Max: 172.5, Diff: 0.2, Sum: 1378.9]
      [GC Worker End (ms): Min: 178261.8, Avg: 178261.8, Max: 178261.8, Diff: 0.1]
   [Code Root Fixup: 0.0 ms]
   [Code Root Purge: 0.0 ms]
   [Clear CT: 0.2 ms]
   [Other: 1.0 ms]
      [Choose CSet: 0.0 ms]
      [Ref Proc: 0.2 ms]
      [Ref Enq: 0.0 ms]
      [Redirty Cards: 0.4 ms]
      [Humongous Register: 0.0 ms]
      [Humongous Reclaim: 0.0 ms]
      [Free CSet: 0.2 ms]
   [Eden: 317.0M(317.0M)->0.0B(314.0M) Survivors: 47.0M->46.0M Heap: 1154.5M(2048.0M)->1156.0M(2048.0M)]
 [Times: user=1.38 sys=0.00, real=0.17 secs] 
2020-09-29T11:56:12.811+0200: 178.281: [GC pause (G1 Humongous Allocation) (young) (initial-mark), 0.0521681 secs]
   [Parallel Time: 51.3 ms, GC Workers: 8]
      [GC Worker Start (ms): Min: 178281.2, Avg: 178281.2, Max: 178281.3, Diff: 0.1]
      [Ext Root Scanning (ms): Min: 0.1, Avg: 0.1, Max: 0.1, Diff: 0.1, Sum: 0.7]
      [Update RS (ms): Min: 25.9, Avg: 26.1, Max: 26.5, Diff: 0.6, Sum: 208.8]
         [Processed Buffers: Min: 31, Avg: 32.5, Max: 34, Diff: 3, Sum: 260]
      [Scan RS (ms): Min: 2.6, Avg: 2.9, Max: 3.2, Diff: 0.6, Sum: 23.1]
      [Code Root Scanning (ms): Min: 0.0, Avg: 0.0, Max: 0.0, Diff: 0.0, Sum: 0.0]
      [Object Copy (ms): Min: 22.0, Avg: 22.0, Max: 22.1, Diff: 0.1, Sum: 176.1]
      [Termination (ms): Min: 0.0, Avg: 0.0, Max: 0.0, Diff: 0.0, Sum: 0.0]
         [Termination Attempts: Min: 1, Avg: 1.6, Max: 3, Diff: 2, Sum: 13]
      [GC Worker Other (ms): Min: 0.0, Avg: 0.0, Max: 0.0, Diff: 0.0, Sum: 0.2]
      [GC Worker Total (ms): Min: 51.1, Avg: 51.1, Max: 51.1, Diff: 0.1, Sum: 408.9]
      [GC Worker End (ms): Min: 178332.3, Avg: 178332.3, Max: 178332.4, Diff: 0.0]
   [Code Root Fixup: 0.0 ms]
   [Code Root Purge: 0.0 ms]
   [Clear CT: 0.2 ms]
   [Other: 0.7 ms]
      [Choose CSet: 0.0 ms]
      [Ref Proc: 0.2 ms]
      [Ref Enq: 0.0 ms]
      [Redirty Cards: 0.2 ms]
      [Humongous Register: 0.0 ms]
      [Humongous Reclaim: 0.0 ms]
      [Free CSet: 0.1 ms]
   [Eden: 10.0M(314.0M)->0.0B(333.0M) Survivors: 46.0M->11.0M Heap: 1165.5M(2048.0M)->1169.0M(2048.0M)]
 [Times: user=0.38 sys=0.00, real=0.05 secs] 
2020-09-29T11:56:12.863+0200: 178.333: [GC concurrent-root-region-scan-start]
2020-09-29T11:56:12.867+0200: 178.337: [GC concurrent-root-region-scan-end, 0.0038181 secs]
2020-09-29T11:56:12.867+0200: 178.337: [GC concurrent-mark-start]
2020-09-29T11:56:12.870+0200: 178.340: [GC concurrent-mark-end, 0.0026108 secs]
2020-09-29T11:56:12.870+0200: 178.340: [GC remark 2020-09-29T11:56:12.870+0200: 178.340: [Finalize Marking, 0.0002431 secs] 2020-09-29T11:56:12.870+0200: 178.340: [GC ref-proc, 0.0007285 secs] 2020-09-29T11:56:12.871+0200: 178.341: [Unloading, 0.0004950 secs], 0.0018362 secs]
 [Times: user=0.00 sys=0.00, real=0.00 secs] 
2020-09-29T11:56:12.872+0200: 178.342: [GC cleanup 1185M->39M(2048M), 0.0012505 secs]
 [Times: user=0.00 sys=0.00, real=0.00 secs] 
2020-09-29T11:56:12.873+0200: 178.343: [GC concurrent-cleanup-start]
2020-09-29T11:56:12.875+0200: 178.345: [GC concurrent-cleanup-end, 0.0014677 secs]
2020-09-29T11:56:13.028+0200: 178.498: [GC pause (G1 Evacuation Pause) (young), 0.1566520 secs]
   [Parallel Time: 154.1 ms, GC Workers: 8]
      [GC Worker Start (ms): Min: 178498.4, Avg: 178498.5, Max: 178498.6, Diff: 0.2]
      [Ext Root Scanning (ms): Min: 0.0, Avg: 0.1, Max: 0.2, Diff: 0.2, Sum: 0.5]
      [Update RS (ms): Min: 14.2, Avg: 14.3, Max: 14.5, Diff: 0.2, Sum: 114.4]
         [Processed Buffers: Min: 17, Avg: 18.3, Max: 20, Diff: 3, Sum: 146]
      [Scan RS (ms): Min: 14.4, Avg: 14.5, Max: 14.6, Diff: 0.3, Sum: 116.1]
      [Code Root Scanning (ms): Min: 0.0, Avg: 0.0, Max: 0.0, Diff: 0.0, Sum: 0.0]
      [Object Copy (ms): Min: 124.8, Avg: 124.8, Max: 125.0, Diff: 0.2, Sum: 998.8]
      [Termination (ms): Min: 0.0, Avg: 0.1, Max: 0.1, Diff: 0.1, Sum: 0.9]
         [Termination Attempts: Min: 1, Avg: 743.0, Max: 921, Diff: 920, Sum: 5944]
      [GC Worker Other (ms): Min: 0.0, Avg: 0.0, Max: 0.1, Diff: 0.1, Sum: 0.3]
      [GC Worker Total (ms): Min: 153.8, Avg: 153.9, Max: 154.0, Diff: 0.2, Sum: 1231.0]
      [GC Worker End (ms): Min: 178652.4, Avg: 178652.4, Max: 178652.4, Diff: 0.1]
   [Code Root Fixup: 0.0 ms]
   [Code Root Purge: 0.0 ms]
   [Clear CT: 0.3 ms]
   [Other: 2.3 ms]
      [Choose CSet: 0.0 ms]
      [Ref Proc: 0.2 ms]
      [Ref Enq: 0.0 ms]
      [Redirty Cards: 0.5 ms]
      [Humongous Register: 0.0 ms]
      [Humongous Reclaim: 0.0 ms]
      [Free CSet: 1.1 ms]
   [Eden: 333.0M(333.0M)->0.0B(344.0M) Survivors: 11.0M->43.0M Heap: 413.2M(2048.0M)->404.7M(2048.0M)]
 [Times: user=1.23 sys=0.00, real=0.16 secs] 
Heap
 garbage-first heap   total 2097152K, used 698233K [0x0000000080000000, 0x0000000080104000, 0x0000000100000000)
  region size 1024K, 283 young (289792K), 43 survivors (44032K)
 Metaspace       used 2594K, capacity 4486K, committed 4864K, reserved 1056768K
  class space    used 285K, capacity 386K, committed 512K, reserved 1048576K
