Java HotSpot(TM) 64-Bit Server VM (25.261-b12) for windows-amd64 JRE (1.8.0_261-b12), built on Jun 18 2020 06:56:32 by "" with unknown MS VC++:1916
Memory: 4k page, physical 16659684k(9394200k free), swap 23213284k(8312960k free)
CommandLine flags: -XX:InitialHeapSize=2147483648 -XX:MaxHeapSize=2147483648 -XX:+PrintGC -XX:+PrintGCDateStamps -XX:+PrintGCDetails -XX:+PrintGCTimeStamps -XX:+UseCompressedClassPointers -XX:+UseCompressedOops -XX:+UseG1GC -XX:-UseLargePagesIndividualAllocation 
2020-09-29T12:32:52.928+0200: 0.286: [GC pause (G1 Evacuation Pause) (young), 0.0713378 secs]
   [Parallel Time: 69.5 ms, GC Workers: 8]
      [GC Worker Start (ms): Min: 285.8, Avg: 286.0, Max: 286.0, Diff: 0.2]
      [Ext Root Scanning (ms): Min: 0.0, Avg: 0.1, Max: 0.2, Diff: 0.2, Sum: 1.0]
      [Update RS (ms): Min: 1.0, Avg: 1.5, Max: 2.0, Diff: 1.0, Sum: 12.1]
         [Processed Buffers: Min: 1, Avg: 1.8, Max: 2, Diff: 1, Sum: 14]
      [Scan RS (ms): Min: 9.2, Avg: 9.8, Max: 10.3, Diff: 1.1, Sum: 78.1]
      [Code Root Scanning (ms): Min: 0.0, Avg: 0.0, Max: 0.0, Diff: 0.0, Sum: 0.0]
      [Object Copy (ms): Min: 57.6, Avg: 57.8, Max: 57.8, Diff: 0.2, Sum: 462.1]
      [Termination (ms): Min: 0.0, Avg: 0.0, Max: 0.0, Diff: 0.0, Sum: 0.1]
         [Termination Attempts: Min: 1, Avg: 75.4, Max: 101, Diff: 100, Sum: 603]
      [GC Worker Other (ms): Min: 0.0, Avg: 0.1, Max: 0.1, Diff: 0.0, Sum: 0.4]
      [GC Worker Total (ms): Min: 69.1, Avg: 69.2, Max: 69.3, Diff: 0.2, Sum: 553.8]
      [GC Worker End (ms): Min: 355.2, Avg: 355.2, Max: 355.2, Diff: 0.0]
   [Code Root Fixup: 0.0 ms]
   [Code Root Purge: 0.0 ms]
   [Clear CT: 0.6 ms]
   [Other: 1.2 ms]
      [Choose CSet: 0.0 ms]
      [Ref Proc: 0.4 ms]
      [Ref Enq: 0.0 ms]
      [Redirty Cards: 0.5 ms]
      [Humongous Register: 0.0 ms]
      [Humongous Reclaim: 0.0 ms]
      [Free CSet: 0.1 ms]
   [Eden: 102.0M(102.0M)->0.0B(89.0M) Survivors: 0.0B->13.0M Heap: 119.2M(2048.0M)->118.9M(2048.0M)]
 [Times: user=0.44 sys=0.06, real=0.07 secs] 
2020-09-29T12:32:53.062+0200: 0.420: [GC pause (G1 Evacuation Pause) (young), 0.0709741 secs]
   [Parallel Time: 70.1 ms, GC Workers: 8]
      [GC Worker Start (ms): Min: 420.0, Avg: 420.1, Max: 420.2, Diff: 0.2]
      [Ext Root Scanning (ms): Min: 0.0, Avg: 0.1, Max: 0.2, Diff: 0.2, Sum: 0.6]
      [Update RS (ms): Min: 0.1, Avg: 0.6, Max: 1.0, Diff: 0.8, Sum: 4.9]
         [Processed Buffers: Min: 1, Avg: 1.6, Max: 2, Diff: 1, Sum: 13]
      [Scan RS (ms): Min: 8.0, Avg: 8.4, Max: 8.8, Diff: 0.8, Sum: 67.6]
      [Code Root Scanning (ms): Min: 0.0, Avg: 0.0, Max: 0.0, Diff: 0.0, Sum: 0.0]
      [Object Copy (ms): Min: 60.3, Avg: 60.4, Max: 60.7, Diff: 0.5, Sum: 483.6]
      [Termination (ms): Min: 0.0, Avg: 0.2, Max: 0.2, Diff: 0.2, Sum: 1.3]
         [Termination Attempts: Min: 1, Avg: 1186.8, Max: 1483, Diff: 1482, Sum: 9494]
      [GC Worker Other (ms): Min: 0.0, Avg: 0.0, Max: 0.0, Diff: 0.0, Sum: 0.2]
      [GC Worker Total (ms): Min: 69.7, Avg: 69.8, Max: 69.9, Diff: 0.2, Sum: 558.2]
      [GC Worker End (ms): Min: 489.9, Avg: 489.9, Max: 489.9, Diff: 0.0]
   [Code Root Fixup: 0.0 ms]
   [Code Root Purge: 0.0 ms]
   [Clear CT: 0.2 ms]
   [Other: 0.7 ms]
      [Choose CSet: 0.0 ms]
      [Ref Proc: 0.1 ms]
      [Ref Enq: 0.0 ms]
      [Redirty Cards: 0.2 ms]
      [Humongous Register: 0.0 ms]
      [Humongous Reclaim: 0.0 ms]
      [Free CSet: 0.1 ms]
   [Eden: 89.0M(89.0M)->0.0B(89.0M) Survivors: 13.0M->13.0M Heap: 223.2M(2048.0M)->225.9M(2048.0M)]
 [Times: user=0.52 sys=0.08, real=0.07 secs] 
2020-09-29T12:32:53.209+0200: 0.567: [GC pause (G1 Evacuation Pause) (young), 0.0664995 secs]
   [Parallel Time: 65.5 ms, GC Workers: 8]
      [GC Worker Start (ms): Min: 566.9, Avg: 567.0, Max: 567.1, Diff: 0.2]
      [Ext Root Scanning (ms): Min: 0.0, Avg: 0.1, Max: 0.2, Diff: 0.2, Sum: 0.5]
      [Update RS (ms): Min: 0.1, Avg: 0.3, Max: 0.7, Diff: 0.6, Sum: 2.4]
         [Processed Buffers: Min: 1, Avg: 1.5, Max: 2, Diff: 1, Sum: 12]
      [Scan RS (ms): Min: 9.6, Avg: 10.0, Max: 10.2, Diff: 0.6, Sum: 79.9]
      [Code Root Scanning (ms): Min: 0.0, Avg: 0.0, Max: 0.0, Diff: 0.0, Sum: 0.0]
      [Object Copy (ms): Min: 54.8, Avg: 54.8, Max: 54.9, Diff: 0.1, Sum: 438.7]
      [Termination (ms): Min: 0.0, Avg: 0.0, Max: 0.0, Diff: 0.0, Sum: 0.2]
         [Termination Attempts: Min: 1, Avg: 124.4, Max: 156, Diff: 155, Sum: 995]
      [GC Worker Other (ms): Min: 0.0, Avg: 0.0, Max: 0.0, Diff: 0.0, Sum: 0.2]
      [GC Worker Total (ms): Min: 65.2, Avg: 65.2, Max: 65.4, Diff: 0.2, Sum: 522.0]
      [GC Worker End (ms): Min: 632.3, Avg: 632.3, Max: 632.3, Diff: 0.0]
   [Code Root Fixup: 0.0 ms]
   [Code Root Purge: 0.0 ms]
   [Clear CT: 0.2 ms]
   [Other: 0.7 ms]
      [Choose CSet: 0.0 ms]
      [Ref Proc: 0.2 ms]
      [Ref Enq: 0.0 ms]
      [Redirty Cards: 0.2 ms]
      [Humongous Register: 0.0 ms]
      [Humongous Reclaim: 0.0 ms]
      [Free CSet: 0.1 ms]
   [Eden: 89.0M(89.0M)->0.0B(89.0M) Survivors: 13.0M->13.0M Heap: 330.2M(2048.0M)->332.7M(2048.0M)]
 [Times: user=0.47 sys=0.02, real=0.07 secs] 
2020-09-29T12:32:53.359+0200: 0.717: [GC pause (G1 Evacuation Pause) (young), 0.0939268 secs]
   [Parallel Time: 92.9 ms, GC Workers: 8]
      [GC Worker Start (ms): Min: 716.8, Avg: 716.8, Max: 716.9, Diff: 0.1]
      [Ext Root Scanning (ms): Min: 0.0, Avg: 0.1, Max: 0.1, Diff: 0.1, Sum: 0.7]
      [Update RS (ms): Min: 1.0, Avg: 2.6, Max: 12.1, Diff: 11.1, Sum: 21.1]
         [Processed Buffers: Min: 0, Avg: 2.8, Max: 7, Diff: 7, Sum: 22]
      [Scan RS (ms): Min: 0.3, Avg: 12.2, Max: 30.6, Diff: 30.2, Sum: 97.4]
      [Code Root Scanning (ms): Min: 0.0, Avg: 0.0, Max: 0.0, Diff: 0.0, Sum: 0.0]
      [Object Copy (ms): Min: 60.9, Avg: 77.3, Max: 79.7, Diff: 18.8, Sum: 618.1]
      [Termination (ms): Min: 0.0, Avg: 0.4, Max: 0.5, Diff: 0.5, Sum: 3.1]
         [Termination Attempts: Min: 1, Avg: 2305.3, Max: 2862, Diff: 2861, Sum: 18442]
      [GC Worker Other (ms): Min: 0.0, Avg: 0.0, Max: 0.1, Diff: 0.1, Sum: 0.3]
      [GC Worker Total (ms): Min: 92.5, Avg: 92.6, Max: 92.7, Diff: 0.2, Sum: 740.8]
      [GC Worker End (ms): Min: 809.4, Avg: 809.4, Max: 809.5, Diff: 0.1]
   [Code Root Fixup: 0.0 ms]
   [Code Root Purge: 0.0 ms]
   [Clear CT: 0.2 ms]
   [Other: 0.9 ms]
      [Choose CSet: 0.0 ms]
      [Ref Proc: 0.3 ms]
      [Ref Enq: 0.0 ms]
      [Redirty Cards: 0.3 ms]
      [Humongous Register: 0.0 ms]
      [Humongous Reclaim: 0.0 ms]
      [Free CSet: 0.1 ms]
   [Eden: 89.0M(89.0M)->0.0B(89.0M) Survivors: 13.0M->13.0M Heap: 436.9M(2048.0M)->437.9M(2048.0M)]
 [Times: user=0.67 sys=0.05, real=0.09 secs] 
2020-09-29T12:32:53.516+0200: 0.873: [GC pause (G1 Evacuation Pause) (young), 0.0690732 secs]
   [Parallel Time: 68.1 ms, GC Workers: 8]
      [GC Worker Start (ms): Min: 873.5, Avg: 873.6, Max: 873.7, Diff: 0.1]
      [Ext Root Scanning (ms): Min: 0.0, Avg: 0.1, Max: 0.1, Diff: 0.1, Sum: 0.6]
      [Update RS (ms): Min: 0.8, Avg: 2.1, Max: 7.3, Diff: 6.4, Sum: 17.1]
         [Processed Buffers: Min: 0, Avg: 1.8, Max: 2, Diff: 2, Sum: 14]
      [Scan RS (ms): Min: 2.8, Avg: 8.0, Max: 9.3, Diff: 6.5, Sum: 64.2]
      [Code Root Scanning (ms): Min: 0.0, Avg: 0.0, Max: 0.0, Diff: 0.0, Sum: 0.0]
      [Object Copy (ms): Min: 57.4, Avg: 57.5, Max: 57.7, Diff: 0.3, Sum: 460.2]
      [Termination (ms): Min: 0.0, Avg: 0.2, Max: 0.2, Diff: 0.2, Sum: 1.3]
         [Termination Attempts: Min: 1, Avg: 1063.6, Max: 1325, Diff: 1324, Sum: 8509]
      [GC Worker Other (ms): Min: 0.0, Avg: 0.0, Max: 0.0, Diff: 0.0, Sum: 0.2]
      [GC Worker Total (ms): Min: 67.9, Avg: 68.0, Max: 68.0, Diff: 0.1, Sum: 543.7]
      [GC Worker End (ms): Min: 941.5, Avg: 941.5, Max: 941.5, Diff: 0.0]
   [Code Root Fixup: 0.0 ms]
   [Code Root Purge: 0.0 ms]
   [Clear CT: 0.2 ms]
   [Other: 0.8 ms]
      [Choose CSet: 0.0 ms]
      [Ref Proc: 0.2 ms]
      [Ref Enq: 0.0 ms]
      [Redirty Cards: 0.2 ms]
      [Humongous Register: 0.1 ms]
      [Humongous Reclaim: 0.0 ms]
      [Free CSet: 0.1 ms]
   [Eden: 89.0M(89.0M)->0.0B(89.0M) Survivors: 13.0M->13.0M Heap: 540.3M(2048.0M)->542.8M(2048.0M)]
 [Times: user=0.55 sys=0.03, real=0.07 secs] 
2020-09-29T12:32:53.655+0200: 1.013: [GC pause (G1 Evacuation Pause) (young), 0.0777790 secs]
   [Parallel Time: 76.9 ms, GC Workers: 8]
      [GC Worker Start (ms): Min: 1013.2, Avg: 1013.2, Max: 1013.3, Diff: 0.1]
      [Ext Root Scanning (ms): Min: 0.0, Avg: 0.1, Max: 0.1, Diff: 0.1, Sum: 0.6]
      [Update RS (ms): Min: 1.0, Avg: 1.1, Max: 1.7, Diff: 0.7, Sum: 9.2]
         [Processed Buffers: Min: 1, Avg: 1.9, Max: 2, Diff: 1, Sum: 15]
      [Scan RS (ms): Min: 8.0, Avg: 8.6, Max: 8.7, Diff: 0.7, Sum: 68.6]
      [Code Root Scanning (ms): Min: 0.0, Avg: 0.0, Max: 0.0, Diff: 0.0, Sum: 0.0]
      [Object Copy (ms): Min: 66.4, Avg: 66.6, Max: 67.0, Diff: 0.6, Sum: 532.8]
      [Termination (ms): Min: 0.0, Avg: 0.4, Max: 0.5, Diff: 0.5, Sum: 2.8]
         [Termination Attempts: Min: 1, Avg: 2091.1, Max: 2738, Diff: 2737, Sum: 16729]
      [GC Worker Other (ms): Min: 0.0, Avg: 0.0, Max: 0.0, Diff: 0.0, Sum: 0.2]
      [GC Worker Total (ms): Min: 76.7, Avg: 76.8, Max: 76.8, Diff: 0.2, Sum: 614.2]
      [GC Worker End (ms): Min: 1090.0, Avg: 1090.0, Max: 1090.0, Diff: 0.0]
   [Code Root Fixup: 0.0 ms]
   [Code Root Purge: 0.0 ms]
   [Clear CT: 0.2 ms]
   [Other: 0.7 ms]
      [Choose CSet: 0.0 ms]
      [Ref Proc: 0.2 ms]
      [Ref Enq: 0.0 ms]
      [Redirty Cards: 0.2 ms]
      [Humongous Register: 0.0 ms]
      [Humongous Reclaim: 0.0 ms]
      [Free CSet: 0.1 ms]
   [Eden: 89.0M(89.0M)->0.0B(89.0M) Survivors: 13.0M->13.0M Heap: 647.1M(2048.0M)->649.1M(2048.0M)]
 [Times: user=0.56 sys=0.05, real=0.08 secs] 
2020-09-29T12:32:53.793+0200: 1.151: [GC pause (G1 Evacuation Pause) (young), 0.0646381 secs]
   [Parallel Time: 63.9 ms, GC Workers: 8]
      [GC Worker Start (ms): Min: 1150.8, Avg: 1150.8, Max: 1150.9, Diff: 0.1]
      [Ext Root Scanning (ms): Min: 0.0, Avg: 0.1, Max: 0.1, Diff: 0.1, Sum: 0.6]
      [Update RS (ms): Min: 0.8, Avg: 0.9, Max: 1.0, Diff: 0.1, Sum: 7.4]
         [Processed Buffers: Min: 1, Avg: 2.0, Max: 7, Diff: 6, Sum: 16]
      [Scan RS (ms): Min: 9.6, Avg: 9.7, Max: 9.8, Diff: 0.1, Sum: 77.7]
      [Code Root Scanning (ms): Min: 0.0, Avg: 0.0, Max: 0.0, Diff: 0.0, Sum: 0.0]
      [Object Copy (ms): Min: 52.9, Avg: 52.9, Max: 53.0, Diff: 0.1, Sum: 423.3]
      [Termination (ms): Min: 0.0, Avg: 0.0, Max: 0.0, Diff: 0.0, Sum: 0.2]
         [Termination Attempts: Min: 1, Avg: 11.1, Max: 17, Diff: 16, Sum: 89]
      [GC Worker Other (ms): Min: 0.0, Avg: 0.0, Max: 0.0, Diff: 0.0, Sum: 0.1]
      [GC Worker Total (ms): Min: 63.6, Avg: 63.7, Max: 63.7, Diff: 0.1, Sum: 509.2]
      [GC Worker End (ms): Min: 1214.5, Avg: 1214.5, Max: 1214.5, Diff: 0.0]
   [Code Root Fixup: 0.0 ms]
   [Code Root Purge: 0.0 ms]
   [Clear CT: 0.2 ms]
   [Other: 0.6 ms]
      [Choose CSet: 0.0 ms]
      [Ref Proc: 0.1 ms]
      [Ref Enq: 0.0 ms]
      [Redirty Cards: 0.2 ms]
      [Humongous Register: 0.0 ms]
      [Humongous Reclaim: 0.0 ms]
      [Free CSet: 0.1 ms]
   [Eden: 89.0M(89.0M)->0.0B(89.0M) Survivors: 13.0M->13.0M Heap: 753.3M(2048.0M)->754.8M(2048.0M)]
 [Times: user=0.41 sys=0.09, real=0.06 secs] 
2020-09-29T12:32:53.921+0200: 1.279: [GC pause (G1 Evacuation Pause) (young), 0.0601458 secs]
   [Parallel Time: 59.4 ms, GC Workers: 8]
      [GC Worker Start (ms): Min: 1278.8, Avg: 1278.8, Max: 1278.9, Diff: 0.1]
      [Ext Root Scanning (ms): Min: 0.0, Avg: 0.1, Max: 0.1, Diff: 0.1, Sum: 0.6]
      [Update RS (ms): Min: 1.0, Avg: 1.1, Max: 1.8, Diff: 0.8, Sum: 8.9]
         [Processed Buffers: Min: 2, Avg: 2.6, Max: 4, Diff: 2, Sum: 21]
      [Scan RS (ms): Min: 7.7, Avg: 8.4, Max: 8.7, Diff: 1.0, Sum: 67.6]
      [Code Root Scanning (ms): Min: 0.0, Avg: 0.0, Max: 0.0, Diff: 0.0, Sum: 0.0]
      [Object Copy (ms): Min: 49.4, Avg: 49.6, Max: 49.6, Diff: 0.2, Sum: 396.4]
      [Termination (ms): Min: 0.0, Avg: 0.0, Max: 0.0, Diff: 0.0, Sum: 0.0]
         [Termination Attempts: Min: 1, Avg: 29.0, Max: 45, Diff: 44, Sum: 232]
      [GC Worker Other (ms): Min: 0.0, Avg: 0.0, Max: 0.0, Diff: 0.0, Sum: 0.2]
      [GC Worker Total (ms): Min: 59.2, Avg: 59.2, Max: 59.3, Diff: 0.1, Sum: 473.7]
      [GC Worker End (ms): Min: 1338.0, Avg: 1338.0, Max: 1338.1, Diff: 0.0]
   [Code Root Fixup: 0.0 ms]
   [Code Root Purge: 0.0 ms]
   [Clear CT: 0.2 ms]
   [Other: 0.6 ms]
      [Choose CSet: 0.0 ms]
      [Ref Proc: 0.2 ms]
      [Ref Enq: 0.0 ms]
      [Redirty Cards: 0.2 ms]
      [Humongous Register: 0.1 ms]
      [Humongous Reclaim: 0.0 ms]
      [Free CSet: 0.1 ms]
   [Eden: 89.0M(89.0M)->0.0B(89.0M) Survivors: 13.0M->13.0M Heap: 859.1M(2048.0M)->861.1M(2048.0M)]
 [Times: user=0.34 sys=0.16, real=0.06 secs] 
2020-09-29T12:32:54.033+0200: 1.390: [GC pause (G1 Evacuation Pause) (young), 0.0588168 secs]
   [Parallel Time: 58.0 ms, GC Workers: 8]
      [GC Worker Start (ms): Min: 1390.6, Avg: 1390.6, Max: 1390.7, Diff: 0.1]
      [Ext Root Scanning (ms): Min: 0.0, Avg: 0.1, Max: 0.1, Diff: 0.1, Sum: 0.5]
      [Update RS (ms): Min: 1.8, Avg: 1.9, Max: 2.3, Diff: 0.4, Sum: 15.3]
         [Processed Buffers: Min: 4, Avg: 4.0, Max: 4, Diff: 0, Sum: 32]
      [Scan RS (ms): Min: 7.4, Avg: 7.8, Max: 8.0, Diff: 0.6, Sum: 62.7]
      [Code Root Scanning (ms): Min: 0.0, Avg: 0.0, Max: 0.0, Diff: 0.0, Sum: 0.0]
      [Object Copy (ms): Min: 47.8, Avg: 47.9, Max: 48.0, Diff: 0.2, Sum: 383.3]
      [Termination (ms): Min: 0.0, Avg: 0.0, Max: 0.0, Diff: 0.0, Sum: 0.2]
         [Termination Attempts: Min: 1, Avg: 180.4, Max: 226, Diff: 225, Sum: 1443]
      [GC Worker Other (ms): Min: 0.0, Avg: 0.0, Max: 0.0, Diff: 0.0, Sum: 0.2]
      [GC Worker Total (ms): Min: 57.7, Avg: 57.8, Max: 57.8, Diff: 0.1, Sum: 462.2]
      [GC Worker End (ms): Min: 1448.4, Avg: 1448.4, Max: 1448.4, Diff: 0.0]
   [Code Root Fixup: 0.0 ms]
   [Code Root Purge: 0.0 ms]
   [Clear CT: 0.3 ms]
   [Other: 0.6 ms]
      [Choose CSet: 0.0 ms]
      [Ref Proc: 0.1 ms]
      [Ref Enq: 0.0 ms]
      [Redirty Cards: 0.2 ms]
      [Humongous Register: 0.1 ms]
      [Humongous Reclaim: 0.0 ms]
      [Free CSet: 0.1 ms]
   [Eden: 89.0M(89.0M)->0.0B(89.0M) Survivors: 13.0M->13.0M Heap: 965.3M(2048.0M)->967.8M(2048.0M)]
 [Times: user=0.45 sys=0.05, real=0.06 secs] 
2020-09-29T12:32:54.105+0200: 1.463: [GC pause (G1 Humongous Allocation) (young) (initial-mark), 0.0162955 secs]
   [Parallel Time: 15.6 ms, GC Workers: 8]
      [GC Worker Start (ms): Min: 1462.9, Avg: 1462.9, Max: 1463.0, Diff: 0.1]
      [Ext Root Scanning (ms): Min: 0.0, Avg: 0.1, Max: 0.1, Diff: 0.1, Sum: 0.7]
      [Update RS (ms): Min: 1.0, Avg: 1.7, Max: 1.8, Diff: 0.8, Sum: 13.4]
         [Processed Buffers: Min: 2, Avg: 2.5, Max: 3, Diff: 1, Sum: 20]
      [Scan RS (ms): Min: 0.7, Avg: 0.8, Max: 1.5, Diff: 0.8, Sum: 6.4]
      [Code Root Scanning (ms): Min: 0.0, Avg: 0.0, Max: 0.0, Diff: 0.0, Sum: 0.0]
      [Object Copy (ms): Min: 12.8, Avg: 12.8, Max: 12.9, Diff: 0.1, Sum: 102.7]
      [Termination (ms): Min: 0.0, Avg: 0.1, Max: 0.1, Diff: 0.1, Sum: 0.5]
         [Termination Attempts: Min: 1, Avg: 485.4, Max: 660, Diff: 659, Sum: 3883]
      [GC Worker Other (ms): Min: 0.0, Avg: 0.0, Max: 0.0, Diff: 0.0, Sum: 0.1]
      [GC Worker Total (ms): Min: 15.4, Avg: 15.5, Max: 15.5, Diff: 0.1, Sum: 123.8]
      [GC Worker End (ms): Min: 1478.4, Avg: 1478.4, Max: 1478.4, Diff: 0.0]
   [Code Root Fixup: 0.0 ms]
   [Code Root Purge: 0.0 ms]
   [Clear CT: 0.1 ms]
   [Other: 0.6 ms]
      [Choose CSet: 0.0 ms]
      [Ref Proc: 0.2 ms]
      [Ref Enq: 0.0 ms]
      [Redirty Cards: 0.1 ms]
      [Humongous Register: 0.0 ms]
      [Humongous Reclaim: 0.0 ms]
      [Free CSet: 0.0 ms]
   [Eden: 12.0M(89.0M)->0.0B(101.0M) Survivors: 13.0M->13.0M Heap: 979.3M(2048.0M)->982.3M(2048.0M)]
 [Times: user=0.11 sys=0.01, real=0.02 secs] 
2020-09-29T12:32:54.121+0200: 1.479: [GC concurrent-root-region-scan-start]
2020-09-29T12:32:54.124+0200: 1.482: [GC concurrent-root-region-scan-end, 0.0028380 secs]
2020-09-29T12:32:54.124+0200: 1.482: [GC concurrent-mark-start]
2020-09-29T12:32:54.128+0200: 1.486: [GC concurrent-mark-end, 0.0043432 secs]
2020-09-29T12:32:54.129+0200: 1.487: [GC remark 2020-09-29T12:32:54.129+0200: 1.487: [Finalize Marking, 0.0002502 secs] 2020-09-29T12:32:54.129+0200: 1.487: [GC ref-proc, 0.0003100 secs] 2020-09-29T12:32:54.129+0200: 1.487: [Unloading, 0.0005223 secs], 0.0014980 secs]
 [Times: user=0.00 sys=0.00, real=0.00 secs] 
2020-09-29T12:32:54.131+0200: 1.489: [GC cleanup 997M->36M(2048M), 0.0014410 secs]
 [Times: user=0.00 sys=0.00, real=0.00 secs] 
2020-09-29T12:32:54.133+0200: 1.491: [GC concurrent-cleanup-start]
2020-09-29T12:32:54.134+0200: 1.492: [GC concurrent-cleanup-end, 0.0010636 secs]
2020-09-29T12:32:54.184+0200: 1.542: [GC pause (G1 Evacuation Pause) (young), 0.0567205 secs]
   [Parallel Time: 55.7 ms, GC Workers: 8]
      [GC Worker Start (ms): Min: 1542.3, Avg: 1542.4, Max: 1542.4, Diff: 0.1]
      [Ext Root Scanning (ms): Min: 0.0, Avg: 0.1, Max: 0.1, Diff: 0.1, Sum: 0.6]
      [Update RS (ms): Min: 1.8, Avg: 1.8, Max: 1.8, Diff: 0.0, Sum: 14.5]
         [Processed Buffers: Min: 2, Avg: 2.5, Max: 4, Diff: 2, Sum: 20]
      [Scan RS (ms): Min: 8.3, Avg: 8.8, Max: 11.4, Diff: 3.0, Sum: 70.3]
      [Code Root Scanning (ms): Min: 0.0, Avg: 0.0, Max: 0.0, Diff: 0.0, Sum: 0.0]
      [Object Copy (ms): Min: 42.2, Avg: 44.8, Max: 45.2, Diff: 3.0, Sum: 358.0]
      [Termination (ms): Min: 0.0, Avg: 0.0, Max: 0.0, Diff: 0.0, Sum: 0.1]
         [Termination Attempts: Min: 1, Avg: 111.9, Max: 152, Diff: 151, Sum: 895]
      [GC Worker Other (ms): Min: 0.0, Avg: 0.0, Max: 0.0, Diff: 0.0, Sum: 0.2]
      [GC Worker Total (ms): Min: 55.4, Avg: 55.5, Max: 55.5, Diff: 0.1, Sum: 443.8]
      [GC Worker End (ms): Min: 1597.8, Avg: 1597.9, Max: 1597.9, Diff: 0.0]
   [Code Root Fixup: 0.0 ms]
   [Code Root Purge: 0.0 ms]
   [Clear CT: 0.1 ms]
   [Other: 0.9 ms]
      [Choose CSet: 0.0 ms]
      [Ref Proc: 0.2 ms]
      [Ref Enq: 0.0 ms]
      [Redirty Cards: 0.3 ms]
      [Humongous Register: 0.0 ms]
      [Humongous Reclaim: 0.0 ms]
      [Free CSet: 0.1 ms]
   [Eden: 101.0M(101.0M)->0.0B(121.0M) Survivors: 13.0M->15.0M Heap: 139.2M(2048.0M)->128.7M(2048.0M)]
 [Times: user=0.45 sys=0.03, real=0.06 secs] 
2020-09-29T12:32:54.309+0200: 1.667: [GC pause (G1 Evacuation Pause) (young), 0.0687289 secs]
   [Parallel Time: 67.8 ms, GC Workers: 8]
      [GC Worker Start (ms): Min: 1667.4, Avg: 1667.5, Max: 1667.5, Diff: 0.2]
      [Ext Root Scanning (ms): Min: 0.0, Avg: 0.1, Max: 0.2, Diff: 0.2, Sum: 0.5]
      [Update RS (ms): Min: 1.0, Avg: 1.3, Max: 1.7, Diff: 0.7, Sum: 10.4]
         [Processed Buffers: Min: 2, Avg: 2.6, Max: 3, Diff: 1, Sum: 21]
      [Scan RS (ms): Min: 10.8, Avg: 11.3, Max: 11.6, Diff: 0.7, Sum: 90.4]
      [Code Root Scanning (ms): Min: 0.0, Avg: 0.0, Max: 0.0, Diff: 0.0, Sum: 0.0]
      [Object Copy (ms): Min: 54.9, Avg: 54.9, Max: 55.0, Diff: 0.1, Sum: 439.5]
      [Termination (ms): Min: 0.0, Avg: 0.0, Max: 0.0, Diff: 0.0, Sum: 0.0]
         [Termination Attempts: Min: 1, Avg: 38.5, Max: 53, Diff: 52, Sum: 308]
      [GC Worker Other (ms): Min: 0.0, Avg: 0.0, Max: 0.1, Diff: 0.0, Sum: 0.2]
      [GC Worker Total (ms): Min: 67.6, Avg: 67.6, Max: 67.7, Diff: 0.2, Sum: 541.1]
      [GC Worker End (ms): Min: 1735.1, Avg: 1735.1, Max: 1735.1, Diff: 0.0]
   [Code Root Fixup: 0.0 ms]
   [Code Root Purge: 0.0 ms]
   [Clear CT: 0.2 ms]
   [Other: 0.8 ms]
      [Choose CSet: 0.0 ms]
      [Ref Proc: 0.2 ms]
      [Ref Enq: 0.0 ms]
      [Redirty Cards: 0.2 ms]
      [Humongous Register: 0.0 ms]
      [Humongous Reclaim: 0.0 ms]
      [Free CSet: 0.1 ms]
   [Eden: 121.0M(121.0M)->0.0B(136.0M) Survivors: 15.0M->17.0M Heap: 270.6M(2048.0M)->273.1M(2048.0M)]
 [Times: user=0.45 sys=0.03, real=0.07 secs] 
2020-09-29T12:32:54.458+0200: 1.816: [GC pause (G1 Evacuation Pause) (young), 0.0875724 secs]
   [Parallel Time: 86.0 ms, GC Workers: 8]
      [GC Worker Start (ms): Min: 1816.3, Avg: 1816.4, Max: 1816.5, Diff: 0.2]
      [Ext Root Scanning (ms): Min: 0.0, Avg: 0.1, Max: 0.2, Diff: 0.2, Sum: 0.5]
      [Update RS (ms): Min: 1.5, Avg: 1.7, Max: 1.8, Diff: 0.3, Sum: 13.5]
         [Processed Buffers: Min: 2, Avg: 3.4, Max: 6, Diff: 4, Sum: 27]
      [Scan RS (ms): Min: 12.9, Avg: 13.0, Max: 13.2, Diff: 0.3, Sum: 104.1]
      [Code Root Scanning (ms): Min: 0.0, Avg: 0.0, Max: 0.0, Diff: 0.0, Sum: 0.0]
      [Object Copy (ms): Min: 70.4, Avg: 70.5, Max: 70.6, Diff: 0.1, Sum: 563.8]
      [Termination (ms): Min: 0.0, Avg: 0.1, Max: 0.1, Diff: 0.1, Sum: 0.4]
         [Termination Attempts: Min: 1, Avg: 385.4, Max: 590, Diff: 589, Sum: 3083]
      [GC Worker Other (ms): Min: 0.0, Avg: 0.3, Max: 0.4, Diff: 0.4, Sum: 2.2]
      [GC Worker Total (ms): Min: 85.3, Avg: 85.6, Max: 85.8, Diff: 0.5, Sum: 684.4]
      [GC Worker End (ms): Min: 1901.7, Avg: 1902.0, Max: 1902.1, Diff: 0.4]
   [Code Root Fixup: 0.0 ms]
   [Code Root Purge: 0.0 ms]
   [Clear CT: 0.5 ms]
   [Other: 1.0 ms]
      [Choose CSet: 0.0 ms]
      [Ref Proc: 0.2 ms]
      [Ref Enq: 0.0 ms]
      [Redirty Cards: 0.4 ms]
      [Humongous Register: 0.0 ms]
      [Humongous Reclaim: 0.0 ms]
      [Free CSet: 0.1 ms]
   [Eden: 136.0M(136.0M)->0.0B(150.0M) Survivors: 17.0M->20.0M Heap: 432.0M(2048.0M)->434.0M(2048.0M)]
 [Times: user=0.59 sys=0.02, real=0.09 secs] 
2020-09-29T12:32:54.642+0200: 2.000: [GC pause (G1 Evacuation Pause) (young), 0.0949755 secs]
   [Parallel Time: 93.6 ms, GC Workers: 8]
      [GC Worker Start (ms): Min: 2000.0, Avg: 2000.1, Max: 2000.2, Diff: 0.2]
      [Ext Root Scanning (ms): Min: 0.0, Avg: 0.1, Max: 0.2, Diff: 0.2, Sum: 0.4]
      [Update RS (ms): Min: 1.6, Avg: 1.8, Max: 2.0, Diff: 0.4, Sum: 14.1]
         [Processed Buffers: Min: 2, Avg: 3.3, Max: 8, Diff: 6, Sum: 26]
      [Scan RS (ms): Min: 14.2, Avg: 14.5, Max: 14.6, Diff: 0.4, Sum: 115.7]
      [Code Root Scanning (ms): Min: 0.0, Avg: 0.0, Max: 0.0, Diff: 0.0, Sum: 0.0]
      [Object Copy (ms): Min: 76.7, Avg: 76.7, Max: 76.8, Diff: 0.1, Sum: 613.7]
      [Termination (ms): Min: 0.0, Avg: 0.1, Max: 0.2, Diff: 0.2, Sum: 1.2]
         [Termination Attempts: Min: 1, Avg: 1058.0, Max: 1484, Diff: 1483, Sum: 8464]
      [GC Worker Other (ms): Min: 0.0, Avg: 0.1, Max: 0.2, Diff: 0.1, Sum: 0.8]
      [GC Worker Total (ms): Min: 93.1, Avg: 93.2, Max: 93.4, Diff: 0.3, Sum: 745.9]
      [GC Worker End (ms): Min: 2093.3, Avg: 2093.4, Max: 2093.4, Diff: 0.1]
   [Code Root Fixup: 0.0 ms]
   [Code Root Purge: 0.0 ms]
   [Clear CT: 0.4 ms]
   [Other: 1.0 ms]
      [Choose CSet: 0.0 ms]
      [Ref Proc: 0.3 ms]
      [Ref Enq: 0.0 ms]
      [Redirty Cards: 0.4 ms]
      [Humongous Register: 0.0 ms]
      [Humongous Reclaim: 0.0 ms]
      [Free CSet: 0.1 ms]
   [Eden: 150.0M(150.0M)->0.0B(163.0M) Survivors: 20.0M->22.0M Heap: 608.8M(2048.0M)->610.8M(2048.0M)]
 [Times: user=0.75 sys=0.00, real=0.10 secs] 
2020-09-29T12:32:54.824+0200: 2.182: [GC pause (G1 Evacuation Pause) (young), 0.0950536 secs]
   [Parallel Time: 94.1 ms, GC Workers: 8]
      [GC Worker Start (ms): Min: 2181.9, Avg: 2181.9, Max: 2182.0, Diff: 0.1]
      [Ext Root Scanning (ms): Min: 0.0, Avg: 0.1, Max: 0.3, Diff: 0.2, Sum: 0.8]
      [Update RS (ms): Min: 1.9, Avg: 2.2, Max: 2.6, Diff: 0.7, Sum: 17.2]
         [Processed Buffers: Min: 3, Avg: 3.3, Max: 5, Diff: 2, Sum: 26]
      [Scan RS (ms): Min: 16.4, Avg: 16.9, Max: 17.1, Diff: 0.7, Sum: 134.9]
      [Code Root Scanning (ms): Min: 0.0, Avg: 0.0, Max: 0.0, Diff: 0.0, Sum: 0.0]
      [Object Copy (ms): Min: 74.6, Avg: 74.8, Max: 74.9, Diff: 0.2, Sum: 598.3]
      [Termination (ms): Min: 0.0, Avg: 0.0, Max: 0.0, Diff: 0.0, Sum: 0.3]
         [Termination Attempts: Min: 1, Avg: 247.0, Max: 314, Diff: 313, Sum: 1976]
      [GC Worker Other (ms): Min: 0.0, Avg: 0.0, Max: 0.0, Diff: 0.0, Sum: 0.2]
      [GC Worker Total (ms): Min: 93.9, Avg: 94.0, Max: 94.0, Diff: 0.1, Sum: 751.7]
      [GC Worker End (ms): Min: 2275.9, Avg: 2275.9, Max: 2275.9, Diff: 0.0]
   [Code Root Fixup: 0.0 ms]
   [Code Root Purge: 0.0 ms]
   [Clear CT: 0.2 ms]
   [Other: 0.8 ms]
      [Choose CSet: 0.0 ms]
      [Ref Proc: 0.1 ms]
      [Ref Enq: 0.0 ms]
      [Redirty Cards: 0.2 ms]
      [Humongous Register: 0.1 ms]
      [Humongous Reclaim: 0.0 ms]
      [Free CSet: 0.2 ms]
   [Eden: 163.0M(163.0M)->0.0B(180.0M) Survivors: 22.0M->24.0M Heap: 800.5M(2048.0M)->803.0M(2048.0M)]
 [Times: user=0.69 sys=0.05, real=0.10 secs] 
2020-09-29T12:32:55.017+0200: 2.375: [GC pause (G1 Evacuation Pause) (young), 0.1055962 secs]
   [Parallel Time: 104.5 ms, GC Workers: 8]
      [GC Worker Start (ms): Min: 2375.2, Avg: 2375.3, Max: 2375.4, Diff: 0.2]
      [Ext Root Scanning (ms): Min: 0.0, Avg: 0.1, Max: 0.2, Diff: 0.2, Sum: 0.5]
      [Update RS (ms): Min: 2.1, Avg: 2.4, Max: 2.6, Diff: 0.5, Sum: 19.0]
         [Processed Buffers: Min: 3, Avg: 4.0, Max: 5, Diff: 2, Sum: 32]
      [Scan RS (ms): Min: 17.9, Avg: 18.1, Max: 18.4, Diff: 0.5, Sum: 144.7]
      [Code Root Scanning (ms): Min: 0.0, Avg: 0.0, Max: 0.0, Diff: 0.0, Sum: 0.0]
      [Object Copy (ms): Min: 83.6, Avg: 83.6, Max: 83.7, Diff: 0.1, Sum: 669.2]
      [Termination (ms): Min: 0.0, Avg: 0.0, Max: 0.0, Diff: 0.0, Sum: 0.0]
         [Termination Attempts: Min: 1, Avg: 29.9, Max: 41, Diff: 40, Sum: 239]
      [GC Worker Other (ms): Min: 0.0, Avg: 0.0, Max: 0.1, Diff: 0.1, Sum: 0.3]
      [GC Worker Total (ms): Min: 104.1, Avg: 104.2, Max: 104.3, Diff: 0.2, Sum: 833.7]
      [GC Worker End (ms): Min: 2479.5, Avg: 2479.5, Max: 2479.6, Diff: 0.1]
   [Code Root Fixup: 0.0 ms]
   [Code Root Purge: 0.0 ms]
   [Clear CT: 0.2 ms]
   [Other: 0.9 ms]
      [Choose CSet: 0.0 ms]
      [Ref Proc: 0.2 ms]
      [Ref Enq: 0.0 ms]
      [Redirty Cards: 0.3 ms]
      [Humongous Register: 0.1 ms]
      [Humongous Reclaim: 0.0 ms]
      [Free CSet: 0.2 ms]
   [Eden: 180.0M(180.0M)->0.0B(194.0M) Survivors: 24.0M->26.0M Heap: 1013.6M(2048.0M)->1015.1M(2048.0M)]
 [Times: user=0.72 sys=0.16, real=0.11 secs] 
2020-09-29T12:32:55.143+0200: 2.501: [GC pause (G1 Humongous Allocation) (young) (initial-mark), 0.0224105 secs]
   [Parallel Time: 21.5 ms, GC Workers: 8]
      [GC Worker Start (ms): Min: 2500.7, Avg: 2500.7, Max: 2500.8, Diff: 0.2]
      [Ext Root Scanning (ms): Min: 0.0, Avg: 0.1, Max: 0.2, Diff: 0.2, Sum: 1.1]
      [Update RS (ms): Min: 3.4, Avg: 3.7, Max: 4.2, Diff: 0.7, Sum: 29.7]
         [Processed Buffers: Min: 5, Avg: 5.1, Max: 6, Diff: 1, Sum: 41]
      [Scan RS (ms): Min: 1.3, Avg: 1.7, Max: 2.0, Diff: 0.7, Sum: 13.4]
      [Code Root Scanning (ms): Min: 0.0, Avg: 0.0, Max: 0.0, Diff: 0.0, Sum: 0.0]
      [Object Copy (ms): Min: 15.8, Avg: 15.8, Max: 15.9, Diff: 0.1, Sum: 126.6]
      [Termination (ms): Min: 0.0, Avg: 0.0, Max: 0.0, Diff: 0.0, Sum: 0.1]
         [Termination Attempts: Min: 1, Avg: 111.1, Max: 142, Diff: 141, Sum: 889]
      [GC Worker Other (ms): Min: 0.0, Avg: 0.0, Max: 0.0, Diff: 0.0, Sum: 0.1]
      [GC Worker Total (ms): Min: 21.3, Avg: 21.4, Max: 21.5, Diff: 0.2, Sum: 171.0]
      [GC Worker End (ms): Min: 2522.1, Avg: 2522.1, Max: 2522.1, Diff: 0.0]
   [Code Root Fixup: 0.0 ms]
   [Code Root Purge: 0.0 ms]
   [Clear CT: 0.2 ms]
   [Other: 0.7 ms]
      [Choose CSet: 0.0 ms]
      [Ref Proc: 0.1 ms]
      [Ref Enq: 0.0 ms]
      [Redirty Cards: 0.3 ms]
      [Humongous Register: 0.0 ms]
      [Humongous Reclaim: 0.0 ms]
      [Free CSet: 0.0 ms]
   [Eden: 8192.0K(194.0M)->0.0B(246.0M) Survivors: 26.0M->10.0M Heap: 1022.6M(2048.0M)->1027.1M(2048.0M)]
 [Times: user=0.23 sys=0.02, real=0.02 secs] 
2020-09-29T12:32:55.165+0200: 2.523: [GC concurrent-root-region-scan-start]
2020-09-29T12:32:55.167+0200: 2.526: [GC concurrent-root-region-scan-end, 0.0024425 secs]
2020-09-29T12:32:55.167+0200: 2.526: [GC concurrent-mark-start]
2020-09-29T12:32:55.170+0200: 2.528: [GC concurrent-mark-end, 0.0028666 secs]
2020-09-29T12:32:55.171+0200: 2.529: [GC remark 2020-09-29T12:32:55.171+0200: 2.529: [Finalize Marking, 0.0001806 secs] 2020-09-29T12:32:55.171+0200: 2.529: [GC ref-proc, 0.0002805 secs] 2020-09-29T12:32:55.171+0200: 2.529: [Unloading, 0.0004499 secs], 0.0012039 secs]
 [Times: user=0.00 sys=0.00, real=0.00 secs] 
2020-09-29T12:32:55.172+0200: 2.530: [GC cleanup 1037M->28M(2048M), 0.0011867 secs]
 [Times: user=0.00 sys=0.00, real=0.00 secs] 
2020-09-29T12:32:55.174+0200: 2.532: [GC concurrent-cleanup-start]
2020-09-29T12:32:55.175+0200: 2.533: [GC concurrent-cleanup-end, 0.0011272 secs]
2020-09-29T12:32:55.325+0200: 2.683: [GC pause (G1 Evacuation Pause) (young), 0.1347367 secs]
   [Parallel Time: 132.7 ms, GC Workers: 8]
      [GC Worker Start (ms): Min: 2683.3, Avg: 2683.4, Max: 2683.5, Diff: 0.2]
      [Ext Root Scanning (ms): Min: 0.0, Avg: 0.1, Max: 0.2, Diff: 0.2, Sum: 0.5]
      [Update RS (ms): Min: 2.8, Avg: 2.8, Max: 2.9, Diff: 0.1, Sum: 22.4]
         [Processed Buffers: Min: 3, Avg: 4.0, Max: 9, Diff: 6, Sum: 32]
      [Scan RS (ms): Min: 24.2, Avg: 24.4, Max: 25.4, Diff: 1.3, Sum: 195.2]
      [Code Root Scanning (ms): Min: 0.0, Avg: 0.0, Max: 0.0, Diff: 0.0, Sum: 0.0]
      [Object Copy (ms): Min: 104.1, Avg: 105.1, Max: 105.4, Diff: 1.2, Sum: 841.1]
      [Termination (ms): Min: 0.0, Avg: 0.0, Max: 0.0, Diff: 0.0, Sum: 0.2]
         [Termination Attempts: Min: 1, Avg: 183.6, Max: 248, Diff: 247, Sum: 1469]
      [GC Worker Other (ms): Min: 0.0, Avg: 0.0, Max: 0.1, Diff: 0.0, Sum: 0.3]
      [GC Worker Total (ms): Min: 132.4, Avg: 132.5, Max: 132.6, Diff: 0.2, Sum: 1059.8]
      [GC Worker End (ms): Min: 2815.9, Avg: 2815.9, Max: 2815.9, Diff: 0.0]
   [Code Root Fixup: 0.0 ms]
   [Code Root Purge: 0.0 ms]
   [Clear CT: 0.7 ms]
   [Other: 1.3 ms]
      [Choose CSet: 0.0 ms]
      [Ref Proc: 0.4 ms]
      [Ref Enq: 0.0 ms]
      [Redirty Cards: 0.5 ms]
      [Humongous Register: 0.0 ms]
      [Humongous Reclaim: 0.0 ms]
      [Free CSet: 0.2 ms]
   [Eden: 246.0M(246.0M)->0.0B(225.0M) Survivors: 10.0M->32.0M Heap: 305.5M(2048.0M)->297.5M(2048.0M)]
 [Times: user=1.02 sys=0.09, real=0.13 secs] 
2020-09-29T12:32:55.602+0200: 2.960: [GC pause (G1 Evacuation Pause) (young), 0.1297764 secs]
   [Parallel Time: 128.8 ms, GC Workers: 8]
      [GC Worker Start (ms): Min: 2960.2, Avg: 2960.3, Max: 2960.4, Diff: 0.2]
      [Ext Root Scanning (ms): Min: 0.0, Avg: 0.1, Max: 0.2, Diff: 0.2, Sum: 0.5]
      [Update RS (ms): Min: 4.1, Avg: 4.3, Max: 4.6, Diff: 0.5, Sum: 34.5]
         [Processed Buffers: Min: 5, Avg: 6.3, Max: 8, Diff: 3, Sum: 50]
      [Scan RS (ms): Min: 21.8, Avg: 22.0, Max: 22.3, Diff: 0.5, Sum: 176.3]
      [Code Root Scanning (ms): Min: 0.0, Avg: 0.0, Max: 0.0, Diff: 0.0, Sum: 0.0]
      [Object Copy (ms): Min: 101.9, Avg: 101.9, Max: 101.9, Diff: 0.1, Sum: 815.3]
      [Termination (ms): Min: 0.0, Avg: 0.0, Max: 0.1, Diff: 0.1, Sum: 0.4]
         [Termination Attempts: Min: 1, Avg: 303.8, Max: 384, Diff: 383, Sum: 2430]
      [GC Worker Other (ms): Min: 0.0, Avg: 0.1, Max: 0.1, Diff: 0.1, Sum: 0.7]
      [GC Worker Total (ms): Min: 128.3, Avg: 128.5, Max: 128.6, Diff: 0.2, Sum: 1027.6]
      [GC Worker End (ms): Min: 3088.7, Avg: 3088.8, Max: 3088.8, Diff: 0.1]
   [Code Root Fixup: 0.0 ms]
   [Code Root Purge: 0.0 ms]
   [Clear CT: 0.2 ms]
   [Other: 0.8 ms]
      [Choose CSet: 0.0 ms]
      [Ref Proc: 0.2 ms]
      [Ref Enq: 0.0 ms]
      [Redirty Cards: 0.2 ms]
      [Humongous Register: 0.0 ms]
      [Humongous Reclaim: 0.0 ms]
      [Free CSet: 0.2 ms]
   [Eden: 225.0M(225.0M)->0.0B(231.0M) Survivors: 32.0M->33.0M Heap: 560.6M(2048.0M)->562.6M(2048.0M)]
 [Times: user=0.89 sys=0.11, real=0.13 secs] 
2020-09-29T12:32:55.859+0200: 3.217: [GC pause (G1 Evacuation Pause) (young), 0.1431326 secs]
   [Parallel Time: 142.1 ms, GC Workers: 8]
      [GC Worker Start (ms): Min: 3217.0, Avg: 3217.1, Max: 3217.2, Diff: 0.2]
      [Ext Root Scanning (ms): Min: 0.0, Avg: 0.1, Max: 0.2, Diff: 0.2, Sum: 0.5]
      [Update RS (ms): Min: 4.3, Avg: 4.5, Max: 4.9, Diff: 0.5, Sum: 35.9]
         [Processed Buffers: Min: 6, Avg: 6.8, Max: 7, Diff: 1, Sum: 54]
      [Scan RS (ms): Min: 22.2, Avg: 22.6, Max: 22.7, Diff: 0.5, Sum: 180.6]
      [Code Root Scanning (ms): Min: 0.0, Avg: 0.0, Max: 0.0, Diff: 0.0, Sum: 0.0]
      [Object Copy (ms): Min: 114.2, Avg: 114.4, Max: 114.7, Diff: 0.5, Sum: 915.5]
      [Termination (ms): Min: 0.0, Avg: 0.2, Max: 0.3, Diff: 0.3, Sum: 1.9]
         [Termination Attempts: Min: 1, Avg: 1566.8, Max: 2160, Diff: 2159, Sum: 12534]
      [GC Worker Other (ms): Min: 0.0, Avg: 0.0, Max: 0.1, Diff: 0.1, Sum: 0.4]
      [GC Worker Total (ms): Min: 141.8, Avg: 141.8, Max: 141.9, Diff: 0.2, Sum: 1134.7]
      [GC Worker End (ms): Min: 3358.9, Avg: 3358.9, Max: 3359.0, Diff: 0.1]
   [Code Root Fixup: 0.0 ms]
   [Code Root Purge: 0.0 ms]
   [Clear CT: 0.2 ms]
   [Other: 0.8 ms]
      [Choose CSet: 0.0 ms]
      [Ref Proc: 0.1 ms]
      [Ref Enq: 0.0 ms]
      [Redirty Cards: 0.2 ms]
      [Humongous Register: 0.0 ms]
      [Humongous Reclaim: 0.0 ms]
      [Free CSet: 0.3 ms]
   [Eden: 231.0M(231.0M)->0.0B(239.0M) Survivors: 33.0M->33.0M Heap: 831.8M(2048.0M)->834.3M(2048.0M)]
 [Times: user=1.08 sys=0.02, real=0.14 secs] 
2020-09-29T12:32:56.125+0200: 3.482: [GC pause (G1 Evacuation Pause) (young), 0.1613260 secs]
   [Parallel Time: 160.4 ms, GC Workers: 8]
      [GC Worker Start (ms): Min: 3482.3, Avg: 3482.5, Max: 3482.8, Diff: 0.5]
      [Ext Root Scanning (ms): Min: 0.0, Avg: 0.1, Max: 0.2, Diff: 0.2, Sum: 0.5]
      [Update RS (ms): Min: 4.8, Avg: 5.2, Max: 5.6, Diff: 0.7, Sum: 41.6]
         [Processed Buffers: Min: 6, Avg: 7.0, Max: 9, Diff: 3, Sum: 56]
      [Scan RS (ms): Min: 23.8, Avg: 24.2, Max: 24.5, Diff: 0.7, Sum: 193.7]
      [Code Root Scanning (ms): Min: 0.0, Avg: 0.0, Max: 0.0, Diff: 0.0, Sum: 0.0]
      [Object Copy (ms): Min: 130.1, Avg: 130.3, Max: 130.4, Diff: 0.3, Sum: 1042.1]
      [Termination (ms): Min: 0.0, Avg: 0.3, Max: 0.4, Diff: 0.4, Sum: 2.4]
         [Termination Attempts: Min: 1, Avg: 2086.5, Max: 2606, Diff: 2605, Sum: 16692]
      [GC Worker Other (ms): Min: 0.0, Avg: 0.0, Max: 0.1, Diff: 0.1, Sum: 0.3]
      [GC Worker Total (ms): Min: 159.7, Avg: 160.1, Max: 160.3, Diff: 0.5, Sum: 1280.6]
      [GC Worker End (ms): Min: 3642.5, Avg: 3642.5, Max: 3642.6, Diff: 0.1]
   [Code Root Fixup: 0.0 ms]
   [Code Root Purge: 0.0 ms]
   [Clear CT: 0.2 ms]
   [Other: 0.7 ms]
      [Choose CSet: 0.0 ms]
      [Ref Proc: 0.2 ms]
      [Ref Enq: 0.0 ms]
      [Redirty Cards: 0.2 ms]
      [Humongous Register: 0.1 ms]
      [Humongous Reclaim: 0.0 ms]
      [Free CSet: 0.2 ms]
   [Eden: 239.0M(239.0M)->0.0B(243.0M) Survivors: 33.0M->34.0M Heap: 1113.3M(2048.0M)->1114.8M(2048.0M)]
 [Times: user=1.19 sys=0.03, real=0.16 secs] 
2020-09-29T12:32:56.309+0200: 3.667: [GC pause (G1 Humongous Allocation) (young) (initial-mark), 0.0298110 secs]
   [Parallel Time: 29.0 ms, GC Workers: 8]
      [GC Worker Start (ms): Min: 3666.9, Avg: 3667.0, Max: 3667.1, Diff: 0.1]
      [Ext Root Scanning (ms): Min: 0.0, Avg: 0.1, Max: 0.3, Diff: 0.2, Sum: 1.0]
      [Update RS (ms): Min: 5.6, Avg: 5.9, Max: 6.3, Diff: 0.7, Sum: 47.3]
         [Processed Buffers: Min: 7, Avg: 7.9, Max: 10, Diff: 3, Sum: 63]
      [Scan RS (ms): Min: 2.2, Avg: 2.4, Max: 2.8, Diff: 0.6, Sum: 19.6]
      [Code Root Scanning (ms): Min: 0.0, Avg: 0.0, Max: 0.0, Diff: 0.0, Sum: 0.0]
      [Object Copy (ms): Min: 20.3, Avg: 20.4, Max: 20.4, Diff: 0.1, Sum: 162.9]
      [Termination (ms): Min: 0.0, Avg: 0.0, Max: 0.0, Diff: 0.0, Sum: 0.2]
         [Termination Attempts: Min: 1, Avg: 120.0, Max: 157, Diff: 156, Sum: 960]
      [GC Worker Other (ms): Min: 0.0, Avg: 0.0, Max: 0.0, Diff: 0.0, Sum: 0.1]
      [GC Worker Total (ms): Min: 28.8, Avg: 28.9, Max: 28.9, Diff: 0.1, Sum: 231.0]
      [GC Worker End (ms): Min: 3695.9, Avg: 3695.9, Max: 3695.9, Diff: 0.0]
   [Code Root Fixup: 0.0 ms]
   [Code Root Purge: 0.0 ms]
   [Clear CT: 0.2 ms]
   [Other: 0.6 ms]
      [Choose CSet: 0.0 ms]
      [Ref Proc: 0.1 ms]
      [Ref Enq: 0.0 ms]
      [Redirty Cards: 0.1 ms]
      [Humongous Register: 0.0 ms]
      [Humongous Reclaim: 0.0 ms]
      [Free CSet: 0.1 ms]
   [Eden: 9216.0K(243.0M)->0.0B(295.0M) Survivors: 34.0M->11.0M Heap: 1123.8M(2048.0M)->1127.8M(2048.0M)]
 [Times: user=0.24 sys=0.02, real=0.03 secs] 
2020-09-29T12:32:56.339+0200: 3.697: [GC concurrent-root-region-scan-start]
2020-09-29T12:32:56.341+0200: 3.699: [GC concurrent-root-region-scan-end, 0.0020634 secs]
2020-09-29T12:32:56.341+0200: 3.699: [GC concurrent-mark-start]
2020-09-29T12:32:56.344+0200: 3.702: [GC concurrent-mark-end, 0.0028417 secs]
2020-09-29T12:32:56.344+0200: 3.702: [GC remark 2020-09-29T12:32:56.344+0200: 3.702: [Finalize Marking, 0.0001898 secs] 2020-09-29T12:32:56.344+0200: 3.702: [GC ref-proc, 0.0002875 secs] 2020-09-29T12:32:56.345+0200: 3.702: [Unloading, 0.0004727 secs], 0.0012741 secs]
 [Times: user=0.00 sys=0.00, real=0.00 secs] 
2020-09-29T12:32:56.346+0200: 3.704: [GC cleanup 1137M->28M(2048M), 0.0010540 secs]
 [Times: user=0.00 sys=0.00, real=0.00 secs] 
2020-09-29T12:32:56.347+0200: 3.705: [GC concurrent-cleanup-start]
2020-09-29T12:32:56.348+0200: 3.706: [GC concurrent-cleanup-end, 0.0013219 secs]
2020-09-29T12:32:56.498+0200: 3.856: [GC pause (G1 Evacuation Pause) (young), 0.1842356 secs]
   [Parallel Time: 183.2 ms, GC Workers: 8]
      [GC Worker Start (ms): Min: 3855.7, Avg: 3855.8, Max: 3855.8, Diff: 0.2]
      [Ext Root Scanning (ms): Min: 0.0, Avg: 0.1, Max: 0.2, Diff: 0.2, Sum: 0.5]
      [Update RS (ms): Min: 7.2, Avg: 7.8, Max: 8.7, Diff: 1.5, Sum: 62.7]
         [Processed Buffers: Min: 7, Avg: 7.9, Max: 9, Diff: 2, Sum: 63]
      [Scan RS (ms): Min: 26.2, Avg: 27.2, Max: 27.9, Diff: 1.7, Sum: 217.2]
      [Code Root Scanning (ms): Min: 0.0, Avg: 0.0, Max: 0.0, Diff: 0.0, Sum: 0.0]
      [Object Copy (ms): Min: 147.2, Avg: 147.4, Max: 147.8, Diff: 0.6, Sum: 1179.2]
      [Termination (ms): Min: 0.0, Avg: 0.5, Max: 0.7, Diff: 0.7, Sum: 4.2]
         [Termination Attempts: Min: 1, Avg: 3535.9, Max: 4694, Diff: 4693, Sum: 28287]
      [GC Worker Other (ms): Min: 0.0, Avg: 0.0, Max: 0.1, Diff: 0.0, Sum: 0.3]
      [GC Worker Total (ms): Min: 182.9, Avg: 183.0, Max: 183.1, Diff: 0.2, Sum: 1464.2]
      [GC Worker End (ms): Min: 4038.8, Avg: 4038.8, Max: 4038.8, Diff: 0.0]
   [Code Root Fixup: 0.0 ms]
   [Code Root Purge: 0.0 ms]
   [Clear CT: 0.2 ms]
   [Other: 0.9 ms]
      [Choose CSet: 0.0 ms]
      [Ref Proc: 0.2 ms]
      [Ref Enq: 0.0 ms]
      [Redirty Cards: 0.2 ms]
      [Humongous Register: 0.0 ms]
      [Humongous Reclaim: 0.0 ms]
      [Free CSet: 0.2 ms]
   [Eden: 295.0M(295.0M)->0.0B(251.0M) Survivors: 11.0M->39.0M Heap: 363.6M(2048.0M)->354.6M(2048.0M)]
 [Times: user=1.36 sys=0.08, real=0.18 secs] 
2020-09-29T12:32:56.836+0200: 4.193: [GC pause (G1 Evacuation Pause) (young), 0.1518678 secs]
   [Parallel Time: 150.9 ms, GC Workers: 8]
      [GC Worker Start (ms): Min: 4193.5, Avg: 4193.6, Max: 4193.6, Diff: 0.2]
      [Ext Root Scanning (ms): Min: 0.0, Avg: 0.1, Max: 0.2, Diff: 0.1, Sum: 0.4]
      [Update RS (ms): Min: 5.3, Avg: 5.6, Max: 6.1, Diff: 0.8, Sum: 44.8]
         [Processed Buffers: Min: 7, Avg: 7.1, Max: 8, Diff: 1, Sum: 57]
      [Scan RS (ms): Min: 23.5, Avg: 24.0, Max: 24.3, Diff: 0.8, Sum: 192.1]
      [Code Root Scanning (ms): Min: 0.0, Avg: 0.0, Max: 0.0, Diff: 0.0, Sum: 0.0]
      [Object Copy (ms): Min: 120.9, Avg: 120.9, Max: 121.0, Diff: 0.1, Sum: 967.5]
      [Termination (ms): Min: 0.0, Avg: 0.1, Max: 0.1, Diff: 0.1, Sum: 0.5]
         [Termination Attempts: Min: 1, Avg: 420.3, Max: 558, Diff: 557, Sum: 3362]
      [GC Worker Other (ms): Min: 0.0, Avg: 0.0, Max: 0.1, Diff: 0.0, Sum: 0.3]
      [GC Worker Total (ms): Min: 150.6, Avg: 150.7, Max: 150.8, Diff: 0.2, Sum: 1205.6]
      [GC Worker End (ms): Min: 4344.2, Avg: 4344.3, Max: 4344.3, Diff: 0.0]
   [Code Root Fixup: 0.0 ms]
   [Code Root Purge: 0.0 ms]
   [Clear CT: 0.2 ms]
   [Other: 0.8 ms]
      [Choose CSet: 0.0 ms]
      [Ref Proc: 0.1 ms]
      [Ref Enq: 0.0 ms]
      [Redirty Cards: 0.3 ms]
      [Humongous Register: 0.0 ms]
      [Humongous Reclaim: 0.0 ms]
      [Free CSet: 0.2 ms]
   [Eden: 251.0M(251.0M)->0.0B(255.0M) Survivors: 39.0M->37.0M Heap: 647.6M(2048.0M)->649.1M(2048.0M)]
 [Times: user=1.06 sys=0.05, real=0.15 secs] 
2020-09-29T12:32:57.140+0200: 4.498: [GC pause (G1 Evacuation Pause) (young), 0.1439893 secs]
   [Parallel Time: 143.1 ms, GC Workers: 8]
      [GC Worker Start (ms): Min: 4498.4, Avg: 4498.5, Max: 4498.6, Diff: 0.2]
      [Ext Root Scanning (ms): Min: 0.0, Avg: 0.1, Max: 0.1, Diff: 0.1, Sum: 0.6]
      [Update RS (ms): Min: 7.0, Avg: 7.4, Max: 8.0, Diff: 1.0, Sum: 58.9]
         [Processed Buffers: Min: 6, Avg: 7.1, Max: 8, Diff: 2, Sum: 57]
      [Scan RS (ms): Min: 22.6, Avg: 23.2, Max: 23.5, Diff: 0.9, Sum: 185.3]
      [Code Root Scanning (ms): Min: 0.0, Avg: 0.0, Max: 0.0, Diff: 0.0, Sum: 0.0]
      [Object Copy (ms): Min: 112.1, Avg: 112.2, Max: 112.4, Diff: 0.3, Sum: 897.5]
      [Termination (ms): Min: 0.0, Avg: 0.0, Max: 0.0, Diff: 0.0, Sum: 0.1]
         [Termination Attempts: Min: 1, Avg: 48.0, Max: 65, Diff: 64, Sum: 384]
      [GC Worker Other (ms): Min: 0.0, Avg: 0.1, Max: 0.1, Diff: 0.1, Sum: 0.5]
      [GC Worker Total (ms): Min: 142.8, Avg: 142.9, Max: 142.9, Diff: 0.2, Sum: 1143.0]
      [GC Worker End (ms): Min: 4641.3, Avg: 4641.4, Max: 4641.4, Diff: 0.1]
   [Code Root Fixup: 0.0 ms]
   [Code Root Purge: 0.0 ms]
   [Clear CT: 0.1 ms]
   [Other: 0.7 ms]
      [Choose CSet: 0.0 ms]
      [Ref Proc: 0.2 ms]
      [Ref Enq: 0.0 ms]
      [Redirty Cards: 0.2 ms]
      [Humongous Register: 0.1 ms]
      [Humongous Reclaim: 0.0 ms]
      [Free CSet: 0.2 ms]
   [Eden: 255.0M(255.0M)->0.0B(267.0M) Survivors: 37.0M->37.0M Heap: 946.0M(2048.0M)->948.0M(2048.0M)]
 [Times: user=1.08 sys=0.03, real=0.14 secs] 
2020-09-29T12:32:57.303+0200: 4.661: [GC pause (G1 Humongous Allocation) (young) (initial-mark), 0.0384048 secs]
   [Parallel Time: 37.7 ms, GC Workers: 8]
      [GC Worker Start (ms): Min: 4660.8, Avg: 4660.9, Max: 4660.9, Diff: 0.1]
      [Ext Root Scanning (ms): Min: 0.0, Avg: 0.1, Max: 0.1, Diff: 0.1, Sum: 0.6]
      [Update RS (ms): Min: 14.9, Avg: 15.1, Max: 15.4, Diff: 0.5, Sum: 121.1]
         [Processed Buffers: Min: 17, Avg: 19.4, Max: 22, Diff: 5, Sum: 155]
      [Scan RS (ms): Min: 2.4, Avg: 2.6, Max: 2.8, Diff: 0.5, Sum: 20.5]
      [Code Root Scanning (ms): Min: 0.0, Avg: 0.0, Max: 0.0, Diff: 0.0, Sum: 0.0]
      [Object Copy (ms): Min: 19.7, Avg: 19.7, Max: 19.7, Diff: 0.1, Sum: 157.7]
      [Termination (ms): Min: 0.0, Avg: 0.0, Max: 0.0, Diff: 0.0, Sum: 0.1]
         [Termination Attempts: Min: 1, Avg: 78.8, Max: 104, Diff: 103, Sum: 630]
      [GC Worker Other (ms): Min: 0.0, Avg: 0.0, Max: 0.0, Diff: 0.0, Sum: 0.1]
      [GC Worker Total (ms): Min: 37.5, Avg: 37.5, Max: 37.6, Diff: 0.1, Sum: 300.2]
      [GC Worker End (ms): Min: 4698.4, Avg: 4698.4, Max: 4698.4, Diff: 0.0]
   [Code Root Fixup: 0.0 ms]
   [Code Root Purge: 0.0 ms]
   [Clear CT: 0.1 ms]
   [Other: 0.6 ms]
      [Choose CSet: 0.0 ms]
      [Ref Proc: 0.2 ms]
      [Ref Enq: 0.0 ms]
      [Redirty Cards: 0.1 ms]
      [Humongous Register: 0.0 ms]
      [Humongous Reclaim: 0.0 ms]
      [Free CSet: 0.0 ms]
   [Eden: 12.0M(267.0M)->0.0B(318.0M) Survivors: 37.0M->14.0M Heap: 961.9M(2048.0M)->965.4M(2048.0M)]
 [Times: user=0.25 sys=0.00, real=0.04 secs] 
2020-09-29T12:32:57.341+0200: 4.699: [GC concurrent-root-region-scan-start]
2020-09-29T12:32:57.344+0200: 4.702: [GC concurrent-root-region-scan-end, 0.0029345 secs]
2020-09-29T12:32:57.344+0200: 4.702: [GC concurrent-mark-start]
2020-09-29T12:32:57.347+0200: 4.705: [GC concurrent-mark-end, 0.0026112 secs]
2020-09-29T12:32:57.347+0200: 4.705: [GC remark 2020-09-29T12:32:57.347+0200: 4.705: [Finalize Marking, 0.0002006 secs] 2020-09-29T12:32:57.347+0200: 4.705: [GC ref-proc, 0.0002908 secs] 2020-09-29T12:32:57.348+0200: 4.705: [Unloading, 0.0004390 secs], 0.0012477 secs]
 [Times: user=0.00 sys=0.01, real=0.00 secs] 
2020-09-29T12:32:57.349+0200: 4.707: [GC cleanup 978M->34M(2048M), 0.0010676 secs]
 [Times: user=0.00 sys=0.00, real=0.00 secs] 
2020-09-29T12:32:57.350+0200: 4.708: [GC concurrent-cleanup-start]
2020-09-29T12:32:57.351+0200: 4.709: [GC concurrent-cleanup-end, 0.0013130 secs]
2020-09-29T12:32:57.507+0200: 4.865: [GC pause (G1 Evacuation Pause) (young), 0.1699897 secs]
   [Parallel Time: 168.8 ms, GC Workers: 8]
      [GC Worker Start (ms): Min: 4864.8, Avg: 4865.3, Max: 4868.2, Diff: 3.4]
      [Ext Root Scanning (ms): Min: 0.0, Avg: 0.1, Max: 0.2, Diff: 0.2, Sum: 0.5]
      [Update RS (ms): Min: 7.4, Avg: 10.5, Max: 11.8, Diff: 4.4, Sum: 83.7]
         [Processed Buffers: Min: 7, Avg: 10.0, Max: 12, Diff: 5, Sum: 80]
      [Scan RS (ms): Min: 26.6, Avg: 27.6, Max: 28.4, Diff: 1.9, Sum: 220.4]
      [Code Root Scanning (ms): Min: 0.0, Avg: 0.0, Max: 0.0, Diff: 0.0, Sum: 0.0]
      [Object Copy (ms): Min: 129.5, Avg: 130.0, Max: 130.2, Diff: 0.7, Sum: 1040.0]
      [Termination (ms): Min: 0.0, Avg: 0.1, Max: 0.2, Diff: 0.2, Sum: 0.7]
         [Termination Attempts: Min: 1, Avg: 609.5, Max: 934, Diff: 933, Sum: 4876]
      [GC Worker Other (ms): Min: 0.0, Avg: 0.0, Max: 0.1, Diff: 0.1, Sum: 0.3]
      [GC Worker Total (ms): Min: 165.3, Avg: 168.2, Max: 168.7, Diff: 3.4, Sum: 1345.7]
      [GC Worker End (ms): Min: 5033.5, Avg: 5033.5, Max: 5033.5, Diff: 0.1]
   [Code Root Fixup: 0.0 ms]
   [Code Root Purge: 0.0 ms]
   [Clear CT: 0.2 ms]
   [Other: 1.0 ms]
      [Choose CSet: 0.0 ms]
      [Ref Proc: 0.2 ms]
      [Ref Enq: 0.0 ms]
      [Redirty Cards: 0.2 ms]
      [Humongous Register: 0.0 ms]
      [Humongous Reclaim: 0.0 ms]
      [Free CSet: 0.2 ms]
   [Eden: 318.0M(318.0M)->0.0B(282.0M) Survivors: 14.0M->42.0M Heap: 393.4M(2048.0M)->381.4M(2048.0M)]
 [Times: user=1.26 sys=0.09, real=0.17 secs] 
2020-09-29T12:32:57.841+0200: 5.198: [GC pause (G1 Evacuation Pause) (young), 0.1661862 secs]
   [Parallel Time: 165.2 ms, GC Workers: 8]
      [GC Worker Start (ms): Min: 5198.5, Avg: 5198.5, Max: 5198.6, Diff: 0.1]
      [Ext Root Scanning (ms): Min: 0.0, Avg: 0.1, Max: 0.1, Diff: 0.1, Sum: 0.5]
      [Update RS (ms): Min: 10.0, Avg: 10.1, Max: 10.4, Diff: 0.4, Sum: 80.7]
         [Processed Buffers: Min: 10, Avg: 11.1, Max: 15, Diff: 5, Sum: 89]
      [Scan RS (ms): Min: 27.4, Avg: 27.7, Max: 27.9, Diff: 0.5, Sum: 221.7]
      [Code Root Scanning (ms): Min: 0.0, Avg: 0.0, Max: 0.0, Diff: 0.0, Sum: 0.0]
      [Object Copy (ms): Min: 126.9, Avg: 127.0, Max: 127.2, Diff: 0.2, Sum: 1016.3]
      [Termination (ms): Min: 0.0, Avg: 0.0, Max: 0.0, Diff: 0.0, Sum: 0.0]
         [Termination Attempts: Min: 1, Avg: 13.9, Max: 19, Diff: 18, Sum: 111]
      [GC Worker Other (ms): Min: 0.0, Avg: 0.1, Max: 0.1, Diff: 0.1, Sum: 0.5]
      [GC Worker Total (ms): Min: 165.0, Avg: 165.0, Max: 165.1, Diff: 0.1, Sum: 1319.9]
      [GC Worker End (ms): Min: 5363.5, Avg: 5363.5, Max: 5363.6, Diff: 0.1]
   [Code Root Fixup: 0.0 ms]
   [Code Root Purge: 0.0 ms]
   [Clear CT: 0.2 ms]
   [Other: 0.8 ms]
      [Choose CSet: 0.0 ms]
      [Ref Proc: 0.2 ms]
      [Ref Enq: 0.0 ms]
      [Redirty Cards: 0.2 ms]
      [Humongous Register: 0.0 ms]
      [Humongous Reclaim: 0.0 ms]
      [Free CSet: 0.2 ms]
   [Eden: 282.0M(282.0M)->0.0B(276.0M) Survivors: 42.0M->41.0M Heap: 711.1M(2048.0M)->712.6M(2048.0M)]
 [Times: user=1.27 sys=0.06, real=0.17 secs] 
2020-09-29T12:32:58.172+0200: 5.530: [GC pause (G1 Evacuation Pause) (young), 0.1650632 secs]
   [Parallel Time: 164.1 ms, GC Workers: 8]
      [GC Worker Start (ms): Min: 5529.9, Avg: 5530.1, Max: 5530.1, Diff: 0.2]
      [Ext Root Scanning (ms): Min: 0.0, Avg: 0.1, Max: 0.2, Diff: 0.2, Sum: 0.4]
      [Update RS (ms): Min: 9.9, Avg: 10.1, Max: 10.2, Diff: 0.4, Sum: 80.6]
         [Processed Buffers: Min: 11, Avg: 12.0, Max: 16, Diff: 5, Sum: 96]
      [Scan RS (ms): Min: 22.9, Avg: 23.1, Max: 23.4, Diff: 0.5, Sum: 185.0]
      [Code Root Scanning (ms): Min: 0.0, Avg: 0.0, Max: 0.0, Diff: 0.0, Sum: 0.0]
      [Object Copy (ms): Min: 130.2, Avg: 130.3, Max: 130.4, Diff: 0.2, Sum: 1042.8]
      [Termination (ms): Min: 0.1, Avg: 0.2, Max: 0.2, Diff: 0.1, Sum: 1.3]
         [Termination Attempts: Min: 1, Avg: 629.8, Max: 824, Diff: 823, Sum: 5038]
      [GC Worker Other (ms): Min: 0.0, Avg: 0.0, Max: 0.1, Diff: 0.1, Sum: 0.3]
      [GC Worker Total (ms): Min: 163.7, Avg: 163.8, Max: 163.9, Diff: 0.2, Sum: 1310.4]
      [GC Worker End (ms): Min: 5693.8, Avg: 5693.9, Max: 5693.9, Diff: 0.1]
   [Code Root Fixup: 0.0 ms]
   [Code Root Purge: 0.0 ms]
   [Clear CT: 0.2 ms]
   [Other: 0.7 ms]
      [Choose CSet: 0.0 ms]
      [Ref Proc: 0.1 ms]
      [Ref Enq: 0.0 ms]
      [Redirty Cards: 0.2 ms]
      [Humongous Register: 0.1 ms]
      [Humongous Reclaim: 0.0 ms]
      [Free CSet: 0.2 ms]
   [Eden: 276.0M(276.0M)->0.0B(277.0M) Survivors: 41.0M->40.0M Heap: 1034.4M(2048.0M)->1036.9M(2048.0M)]
 [Times: user=1.31 sys=0.02, real=0.17 secs] 
2020-09-29T12:32:58.352+0200: 5.710: [GC pause (G1 Humongous Allocation) (young) (initial-mark), 0.0423754 secs]
   [Parallel Time: 41.7 ms, GC Workers: 8]
      [GC Worker Start (ms): Min: 5709.7, Avg: 5709.7, Max: 5709.7, Diff: 0.1]
      [Ext Root Scanning (ms): Min: 0.0, Avg: 0.1, Max: 0.1, Diff: 0.1, Sum: 0.6]
      [Update RS (ms): Min: 21.2, Avg: 21.3, Max: 21.6, Diff: 0.5, Sum: 170.5]
         [Processed Buffers: Min: 25, Avg: 27.4, Max: 31, Diff: 6, Sum: 219]
      [Scan RS (ms): Min: 2.3, Avg: 2.7, Max: 2.8, Diff: 0.5, Sum: 21.4]
      [Code Root Scanning (ms): Min: 0.0, Avg: 0.0, Max: 0.0, Diff: 0.0, Sum: 0.0]
      [Object Copy (ms): Min: 17.5, Avg: 17.5, Max: 17.6, Diff: 0.1, Sum: 140.3]
      [Termination (ms): Min: 0.0, Avg: 0.0, Max: 0.0, Diff: 0.0, Sum: 0.0]
         [Termination Attempts: Min: 1, Avg: 28.4, Max: 37, Diff: 36, Sum: 227]
      [GC Worker Other (ms): Min: 0.0, Avg: 0.0, Max: 0.0, Diff: 0.0, Sum: 0.1]
      [GC Worker Total (ms): Min: 41.6, Avg: 41.6, Max: 41.7, Diff: 0.1, Sum: 332.9]
      [GC Worker End (ms): Min: 5751.3, Avg: 5751.3, Max: 5751.3, Diff: 0.0]
   [Code Root Fixup: 0.0 ms]
   [Code Root Purge: 0.0 ms]
   [Clear CT: 0.2 ms]
   [Other: 0.5 ms]
      [Choose CSet: 0.0 ms]
      [Ref Proc: 0.1 ms]
      [Ref Enq: 0.0 ms]
      [Redirty Cards: 0.1 ms]
      [Humongous Register: 0.0 ms]
      [Humongous Reclaim: 0.0 ms]
      [Free CSet: 0.1 ms]
   [Eden: 6144.0K(277.0M)->0.0B(335.0M) Survivors: 40.0M->7168.0K Heap: 1042.4M(2048.0M)->1045.9M(2048.0M)]
 [Times: user=0.25 sys=0.00, real=0.04 secs] 
2020-09-29T12:32:58.395+0200: 5.752: [GC concurrent-root-region-scan-start]
2020-09-29T12:32:58.397+0200: 5.754: [GC concurrent-root-region-scan-end, 0.0022912 secs]
2020-09-29T12:32:58.397+0200: 5.754: [GC concurrent-mark-start]
2020-09-29T12:32:58.400+0200: 5.757: [GC concurrent-mark-end, 0.0025052 secs]
2020-09-29T12:32:58.400+0200: 5.757: [GC remark 2020-09-29T12:32:58.400+0200: 5.757: [Finalize Marking, 0.0001757 secs] 2020-09-29T12:32:58.400+0200: 5.757: [GC ref-proc, 0.0002596 secs] 2020-09-29T12:32:58.400+0200: 5.758: [Unloading, 0.0004282 secs], 0.0011911 secs]
 [Times: user=0.00 sys=0.00, real=0.00 secs] 
2020-09-29T12:32:58.401+0200: 5.759: [GC cleanup 1058M->27M(2048M), 0.0010936 secs]
 [Times: user=0.00 sys=0.00, real=0.00 secs] 
2020-09-29T12:32:58.402+0200: 5.760: [GC concurrent-cleanup-start]
2020-09-29T12:32:58.404+0200: 5.761: [GC concurrent-cleanup-end, 0.0014779 secs]
2020-09-29T12:32:58.581+0200: 5.938: [GC pause (G1 Evacuation Pause) (young), 0.2000436 secs]
   [Parallel Time: 198.7 ms, GC Workers: 8]
      [GC Worker Start (ms): Min: 5938.4, Avg: 5938.5, Max: 5938.6, Diff: 0.2]
      [Ext Root Scanning (ms): Min: 0.0, Avg: 0.1, Max: 0.2, Diff: 0.2, Sum: 0.5]
      [Update RS (ms): Min: 11.2, Avg: 11.4, Max: 11.9, Diff: 0.7, Sum: 91.0]
         [Processed Buffers: Min: 11, Avg: 11.8, Max: 13, Diff: 2, Sum: 94]
      [Scan RS (ms): Min: 31.2, Avg: 31.5, Max: 31.7, Diff: 0.5, Sum: 252.1]
      [Code Root Scanning (ms): Min: 0.0, Avg: 0.0, Max: 0.0, Diff: 0.0, Sum: 0.0]
      [Object Copy (ms): Min: 154.8, Avg: 155.1, Max: 155.5, Diff: 0.7, Sum: 1240.7]
      [Termination (ms): Min: 0.0, Avg: 0.4, Max: 0.5, Diff: 0.5, Sum: 3.0]
         [Termination Attempts: Min: 1, Avg: 2354.6, Max: 3234, Diff: 3233, Sum: 18837]
      [GC Worker Other (ms): Min: 0.0, Avg: 0.1, Max: 0.1, Diff: 0.0, Sum: 0.4]
      [GC Worker Total (ms): Min: 198.4, Avg: 198.5, Max: 198.6, Diff: 0.2, Sum: 1587.7]
      [GC Worker End (ms): Min: 6136.9, Avg: 6137.0, Max: 6137.0, Diff: 0.1]
   [Code Root Fixup: 0.0 ms]
   [Code Root Purge: 0.0 ms]
   [Clear CT: 0.2 ms]
   [Other: 1.1 ms]
      [Choose CSet: 0.0 ms]
      [Ref Proc: 0.2 ms]
      [Ref Enq: 0.0 ms]
      [Redirty Cards: 0.2 ms]
      [Humongous Register: 0.1 ms]
      [Humongous Reclaim: 0.0 ms]
      [Free CSet: 0.4 ms]
   [Eden: 335.0M(335.0M)->0.0B(269.0M) Survivors: 7168.0K->43.0M Heap: 407.2M(2048.0M)->402.7M(2048.0M)]
 [Times: user=1.44 sys=0.11, real=0.20 secs] 
2020-09-29T12:32:58.944+0200: 6.301: [GC pause (G1 Evacuation Pause) (young), 0.1653044 secs]
   [Parallel Time: 164.5 ms, GC Workers: 8]
      [GC Worker Start (ms): Min: 6301.5, Avg: 6301.6, Max: 6301.7, Diff: 0.2]
      [Ext Root Scanning (ms): Min: 0.0, Avg: 0.1, Max: 0.2, Diff: 0.2, Sum: 0.5]
      [Update RS (ms): Min: 11.4, Avg: 11.7, Max: 12.2, Diff: 0.8, Sum: 93.6]
         [Processed Buffers: Min: 11, Avg: 12.1, Max: 13, Diff: 2, Sum: 97]
      [Scan RS (ms): Min: 24.4, Avg: 24.9, Max: 25.3, Diff: 0.9, Sum: 199.4]
      [Code Root Scanning (ms): Min: 0.0, Avg: 0.0, Max: 0.0, Diff: 0.0, Sum: 0.0]
      [Object Copy (ms): Min: 127.4, Avg: 127.5, Max: 127.6, Diff: 0.2, Sum: 1019.8]
      [Termination (ms): Min: 0.0, Avg: 0.1, Max: 0.1, Diff: 0.1, Sum: 0.5]
         [Termination Attempts: Min: 1, Avg: 445.9, Max: 558, Diff: 557, Sum: 3567]
      [GC Worker Other (ms): Min: 0.0, Avg: 0.0, Max: 0.1, Diff: 0.0, Sum: 0.3]
      [GC Worker Total (ms): Min: 164.2, Avg: 164.3, Max: 164.4, Diff: 0.2, Sum: 1314.1]
      [GC Worker End (ms): Min: 6465.9, Avg: 6465.9, Max: 6465.9, Diff: 0.0]
   [Code Root Fixup: 0.0 ms]
   [Code Root Purge: 0.0 ms]
   [Clear CT: 0.2 ms]
   [Other: 0.7 ms]
      [Choose CSet: 0.0 ms]
      [Ref Proc: 0.1 ms]
      [Ref Enq: 0.0 ms]
      [Redirty Cards: 0.2 ms]
      [Humongous Register: 0.0 ms]
      [Humongous Reclaim: 0.0 ms]
      [Free CSet: 0.2 ms]
   [Eden: 269.0M(269.0M)->0.0B(269.0M) Survivors: 43.0M->39.0M Heap: 715.6M(2048.0M)->717.1M(2048.0M)]
 [Times: user=1.13 sys=0.06, real=0.16 secs] 
2020-09-29T12:32:59.259+0200: 6.616: [GC pause (G1 Evacuation Pause) (young), 0.1557727 secs]
   [Parallel Time: 154.9 ms, GC Workers: 8]
      [GC Worker Start (ms): Min: 6616.2, Avg: 6616.3, Max: 6616.4, Diff: 0.2]
      [Ext Root Scanning (ms): Min: 0.0, Avg: 0.1, Max: 0.1, Diff: 0.1, Sum: 0.4]
      [Update RS (ms): Min: 10.4, Avg: 10.6, Max: 10.9, Diff: 0.6, Sum: 85.2]
         [Processed Buffers: Min: 12, Avg: 13.1, Max: 15, Diff: 3, Sum: 105]
      [Scan RS (ms): Min: 21.4, Avg: 21.6, Max: 22.0, Diff: 0.6, Sum: 173.0]
      [Code Root Scanning (ms): Min: 0.0, Avg: 0.0, Max: 0.0, Diff: 0.0, Sum: 0.0]
      [Object Copy (ms): Min: 122.2, Avg: 122.3, Max: 122.3, Diff: 0.1, Sum: 978.2]
      [Termination (ms): Min: 0.0, Avg: 0.0, Max: 0.0, Diff: 0.0, Sum: 0.2]
         [Termination Attempts: Min: 1, Avg: 166.4, Max: 209, Diff: 208, Sum: 1331]
      [GC Worker Other (ms): Min: 0.0, Avg: 0.0, Max: 0.1, Diff: 0.1, Sum: 0.2]
      [GC Worker Total (ms): Min: 154.6, Avg: 154.7, Max: 154.8, Diff: 0.2, Sum: 1237.3]
      [GC Worker End (ms): Min: 6770.9, Avg: 6771.0, Max: 6771.0, Diff: 0.0]
   [Code Root Fixup: 0.0 ms]
   [Code Root Purge: 0.0 ms]
   [Clear CT: 0.2 ms]
   [Other: 0.7 ms]
      [Choose CSet: 0.0 ms]
      [Ref Proc: 0.2 ms]
      [Ref Enq: 0.0 ms]
      [Redirty Cards: 0.2 ms]
      [Humongous Register: 0.0 ms]
      [Humongous Reclaim: 0.0 ms]
      [Free CSet: 0.2 ms]
   [Eden: 269.0M(269.0M)->0.0B(278.0M) Survivors: 39.0M->39.0M Heap: 1031.9M(2048.0M)->1033.9M(2048.0M)]
 [Times: user=1.16 sys=0.08, real=0.15 secs] 
2020-09-29T12:32:59.426+0200: 6.783: [GC pause (G1 Humongous Allocation) (young) (initial-mark), 0.0470208 secs]
   [Parallel Time: 46.3 ms, GC Workers: 8]
      [GC Worker Start (ms): Min: 6783.2, Avg: 6783.3, Max: 6783.4, Diff: 0.1]
      [Ext Root Scanning (ms): Min: 0.0, Avg: 0.1, Max: 0.2, Diff: 0.2, Sum: 0.9]
      [Update RS (ms): Min: 25.1, Avg: 25.4, Max: 25.6, Diff: 0.5, Sum: 203.0]
         [Processed Buffers: Min: 29, Avg: 32.8, Max: 35, Diff: 6, Sum: 262]
      [Scan RS (ms): Min: 2.5, Avg: 2.7, Max: 2.9, Diff: 0.4, Sum: 21.9]
      [Code Root Scanning (ms): Min: 0.0, Avg: 0.0, Max: 0.0, Diff: 0.0, Sum: 0.0]
      [Object Copy (ms): Min: 17.8, Avg: 17.9, Max: 18.0, Diff: 0.2, Sum: 143.4]
      [Termination (ms): Min: 0.0, Avg: 0.0, Max: 0.0, Diff: 0.0, Sum: 0.0]
         [Termination Attempts: Min: 1, Avg: 14.8, Max: 24, Diff: 23, Sum: 118]
      [GC Worker Other (ms): Min: 0.0, Avg: 0.0, Max: 0.1, Diff: 0.1, Sum: 0.3]
      [GC Worker Total (ms): Min: 46.1, Avg: 46.2, Max: 46.3, Diff: 0.1, Sum: 369.6]
      [GC Worker End (ms): Min: 6829.5, Avg: 6829.5, Max: 6829.5, Diff: 0.1]
   [Code Root Fixup: 0.0 ms]
   [Code Root Purge: 0.0 ms]
   [Clear CT: 0.1 ms]
   [Other: 0.6 ms]
      [Choose CSet: 0.0 ms]
      [Ref Proc: 0.2 ms]
      [Ref Enq: 0.0 ms]
      [Redirty Cards: 0.1 ms]
      [Humongous Register: 0.0 ms]
      [Humongous Reclaim: 0.0 ms]
      [Free CSet: 0.1 ms]
   [Eden: 9216.0K(278.0M)->0.0B(330.0M) Survivors: 39.0M->11.0M Heap: 1042.4M(2048.0M)->1046.4M(2048.0M)]
 [Times: user=0.38 sys=0.00, real=0.05 secs] 
2020-09-29T12:32:59.473+0200: 6.830: [GC concurrent-root-region-scan-start]
2020-09-29T12:32:59.475+0200: 6.832: [GC concurrent-root-region-scan-end, 0.0020685 secs]
2020-09-29T12:32:59.475+0200: 6.832: [GC concurrent-mark-start]
2020-09-29T12:32:59.478+0200: 6.836: [GC concurrent-mark-end, 0.0034139 secs]
2020-09-29T12:32:59.479+0200: 6.836: [GC remark 2020-09-29T12:32:59.479+0200: 6.836: [Finalize Marking, 0.0001997 secs] 2020-09-29T12:32:59.479+0200: 6.836: [GC ref-proc, 0.0003828 secs] 2020-09-29T12:32:59.479+0200: 6.837: [Unloading, 0.0004698 secs], 0.0014266 secs]
 [Times: user=0.00 sys=0.00, real=0.00 secs] 
2020-09-29T12:32:59.480+0200: 6.838: [GC cleanup 1059M->31M(2048M), 0.0013954 secs]
 [Times: user=0.00 sys=0.00, real=0.00 secs] 
2020-09-29T12:32:59.482+0200: 6.839: [GC concurrent-cleanup-start]
2020-09-29T12:32:59.484+0200: 6.841: [GC concurrent-cleanup-end, 0.0017079 secs]
2020-09-29T12:32:59.661+0200: 7.019: [GC pause (G1 Evacuation Pause) (young), 0.1759255 secs]
   [Parallel Time: 173.1 ms, GC Workers: 8]
      [GC Worker Start (ms): Min: 7018.9, Avg: 7019.0, Max: 7019.1, Diff: 0.2]
      [Ext Root Scanning (ms): Min: 0.0, Avg: 0.0, Max: 0.2, Diff: 0.2, Sum: 0.4]
      [Update RS (ms): Min: 11.2, Avg: 11.6, Max: 11.8, Diff: 0.6, Sum: 92.5]
         [Processed Buffers: Min: 11, Avg: 12.3, Max: 14, Diff: 3, Sum: 98]
      [Scan RS (ms): Min: 25.1, Avg: 25.3, Max: 25.7, Diff: 0.6, Sum: 202.8]
      [Code Root Scanning (ms): Min: 0.0, Avg: 0.0, Max: 0.0, Diff: 0.0, Sum: 0.0]
      [Object Copy (ms): Min: 135.8, Avg: 135.8, Max: 135.9, Diff: 0.1, Sum: 1086.7]
      [Termination (ms): Min: 0.0, Avg: 0.0, Max: 0.1, Diff: 0.1, Sum: 0.3]
         [Termination Attempts: Min: 1, Avg: 243.9, Max: 341, Diff: 340, Sum: 1951]
      [GC Worker Other (ms): Min: 0.0, Avg: 0.0, Max: 0.1, Diff: 0.1, Sum: 0.4]
      [GC Worker Total (ms): Min: 172.8, Avg: 172.9, Max: 173.0, Diff: 0.3, Sum: 1383.1]
      [GC Worker End (ms): Min: 7191.9, Avg: 7191.9, Max: 7192.0, Diff: 0.1]
   [Code Root Fixup: 0.0 ms]
   [Code Root Purge: 0.0 ms]
   [Clear CT: 1.5 ms]
   [Other: 1.3 ms]
      [Choose CSet: 0.0 ms]
      [Ref Proc: 0.1 ms]
      [Ref Enq: 0.0 ms]
      [Redirty Cards: 0.8 ms]
      [Humongous Register: 0.0 ms]
      [Humongous Reclaim: 0.0 ms]
      [Free CSet: 0.2 ms]
   [Eden: 330.0M(330.0M)->0.0B(290.0M) Survivors: 11.0M->43.0M Heap: 403.8M(2048.0M)->395.3M(2048.0M)]
 [Times: user=1.28 sys=0.00, real=0.18 secs] 
2020-09-29T12:33:00.008+0200: 7.365: [GC pause (G1 Evacuation Pause) (young), 0.1708456 secs]
   [Parallel Time: 169.7 ms, GC Workers: 8]
      [GC Worker Start (ms): Min: 7365.4, Avg: 7365.5, Max: 7365.6, Diff: 0.2]
      [Ext Root Scanning (ms): Min: 0.0, Avg: 0.1, Max: 0.2, Diff: 0.2, Sum: 0.5]
      [Update RS (ms): Min: 13.2, Avg: 13.3, Max: 14.2, Diff: 1.0, Sum: 106.7]
         [Processed Buffers: Min: 14, Avg: 15.8, Max: 20, Diff: 6, Sum: 126]
      [Scan RS (ms): Min: 22.3, Avg: 23.2, Max: 23.4, Diff: 1.1, Sum: 185.3]
      [Code Root Scanning (ms): Min: 0.0, Avg: 0.0, Max: 0.0, Diff: 0.0, Sum: 0.0]
      [Object Copy (ms): Min: 132.6, Avg: 132.7, Max: 132.7, Diff: 0.2, Sum: 1061.3]
      [Termination (ms): Min: 0.0, Avg: 0.1, Max: 0.1, Diff: 0.1, Sum: 0.6]
         [Termination Attempts: Min: 1, Avg: 463.4, Max: 579, Diff: 578, Sum: 3707]
      [GC Worker Other (ms): Min: 0.0, Avg: 0.0, Max: 0.2, Diff: 0.2, Sum: 0.4]
      [GC Worker Total (ms): Min: 169.3, Avg: 169.3, Max: 169.5, Diff: 0.2, Sum: 1354.8]
      [GC Worker End (ms): Min: 7534.8, Avg: 7534.9, Max: 7535.0, Diff: 0.2]
   [Code Root Fixup: 0.0 ms]
   [Code Root Purge: 0.0 ms]
   [Clear CT: 0.2 ms]
   [Other: 1.0 ms]
      [Choose CSet: 0.0 ms]
      [Ref Proc: 0.2 ms]
      [Ref Enq: 0.0 ms]
      [Redirty Cards: 0.2 ms]
      [Humongous Register: 0.0 ms]
      [Humongous Reclaim: 0.0 ms]
      [Free CSet: 0.3 ms]
   [Eden: 290.0M(290.0M)->0.0B(286.0M) Survivors: 43.0M->42.0M Heap: 734.9M(2048.0M)->736.9M(2048.0M)]
 [Times: user=1.27 sys=0.05, real=0.17 secs] 
2020-09-29T12:33:00.366+0200: 7.723: [GC pause (G1 Evacuation Pause) (young), 0.1712324 secs]
   [Parallel Time: 170.1 ms, GC Workers: 8]
      [GC Worker Start (ms): Min: 7723.6, Avg: 7723.7, Max: 7723.8, Diff: 0.2]
      [Ext Root Scanning (ms): Min: 0.0, Avg: 0.1, Max: 0.2, Diff: 0.2, Sum: 0.5]
      [Update RS (ms): Min: 14.7, Avg: 14.8, Max: 15.3, Diff: 0.6, Sum: 118.6]
         [Processed Buffers: Min: 14, Avg: 16.1, Max: 19, Diff: 5, Sum: 129]
      [Scan RS (ms): Min: 21.8, Avg: 22.3, Max: 22.5, Diff: 0.7, Sum: 178.4]
      [Code Root Scanning (ms): Min: 0.0, Avg: 0.0, Max: 0.0, Diff: 0.0, Sum: 0.0]
      [Object Copy (ms): Min: 132.5, Avg: 132.6, Max: 132.7, Diff: 0.2, Sum: 1061.1]
      [Termination (ms): Min: 0.0, Avg: 0.0, Max: 0.0, Diff: 0.0, Sum: 0.1]
         [Termination Attempts: Min: 1, Avg: 37.9, Max: 59, Diff: 58, Sum: 303]
      [GC Worker Other (ms): Min: 0.0, Avg: 0.1, Max: 0.1, Diff: 0.1, Sum: 0.6]
      [GC Worker Total (ms): Min: 169.8, Avg: 169.9, Max: 170.0, Diff: 0.2, Sum: 1359.2]
      [GC Worker End (ms): Min: 7893.6, Avg: 7893.6, Max: 7893.6, Diff: 0.1]
   [Code Root Fixup: 0.0 ms]
   [Code Root Purge: 0.0 ms]
   [Clear CT: 0.3 ms]
   [Other: 0.8 ms]
      [Choose CSet: 0.0 ms]
      [Ref Proc: 0.1 ms]
      [Ref Enq: 0.0 ms]
      [Redirty Cards: 0.2 ms]
      [Humongous Register: 0.1 ms]
      [Humongous Reclaim: 0.0 ms]
      [Free CSet: 0.2 ms]
   [Eden: 286.0M(286.0M)->0.0B(285.0M) Survivors: 42.0M->41.0M Heap: 1070.6M(2048.0M)->1072.1M(2048.0M)]
 [Times: user=1.27 sys=0.05, real=0.17 secs] 
2020-09-29T12:33:00.558+0200: 7.916: [GC pause (G1 Humongous Allocation) (young) (initial-mark), 0.0571489 secs]
   [Parallel Time: 56.3 ms, GC Workers: 8]
      [GC Worker Start (ms): Min: 7916.1, Avg: 7916.1, Max: 7916.2, Diff: 0.1]
      [Ext Root Scanning (ms): Min: 0.0, Avg: 0.1, Max: 0.1, Diff: 0.1, Sum: 0.7]
      [Update RS (ms): Min: 20.6, Avg: 20.9, Max: 21.2, Diff: 0.6, Sum: 167.2]
         [Processed Buffers: Min: 25, Avg: 26.1, Max: 27, Diff: 2, Sum: 209]
      [Scan RS (ms): Min: 2.6, Avg: 2.9, Max: 3.1, Diff: 0.5, Sum: 23.0]
      [Code Root Scanning (ms): Min: 0.0, Avg: 0.0, Max: 0.0, Diff: 0.0, Sum: 0.0]
      [Object Copy (ms): Min: 31.9, Avg: 32.0, Max: 32.2, Diff: 0.3, Sum: 256.0]
      [Termination (ms): Min: 0.0, Avg: 0.3, Max: 0.5, Diff: 0.4, Sum: 2.2]
         [Termination Attempts: Min: 1, Avg: 1931.5, Max: 2759, Diff: 2758, Sum: 15452]
      [GC Worker Other (ms): Min: 0.0, Avg: 0.0, Max: 0.0, Diff: 0.0, Sum: 0.1]
      [GC Worker Total (ms): Min: 56.1, Avg: 56.2, Max: 56.2, Diff: 0.1, Sum: 449.2]
      [GC Worker End (ms): Min: 7972.3, Avg: 7972.3, Max: 7972.3, Diff: 0.0]
   [Code Root Fixup: 0.0 ms]
   [Code Root Purge: 0.0 ms]
   [Clear CT: 0.1 ms]
   [Other: 0.7 ms]
      [Choose CSet: 0.0 ms]
      [Ref Proc: 0.2 ms]
      [Ref Enq: 0.0 ms]
      [Redirty Cards: 0.2 ms]
      [Humongous Register: 0.0 ms]
      [Humongous Reclaim: 0.0 ms]
      [Free CSet: 0.1 ms]
   [Eden: 10.0M(285.0M)->0.0B(271.0M) Survivors: 41.0M->11.0M Heap: 1082.1M(2048.0M)->1084.6M(2048.0M)]
 [Times: user=0.45 sys=0.00, real=0.06 secs] 
2020-09-29T12:33:00.616+0200: 7.973: [GC concurrent-root-region-scan-start]
2020-09-29T12:33:00.618+0200: 7.975: [GC concurrent-root-region-scan-end, 0.0018524 secs]
2020-09-29T12:33:00.618+0200: 7.975: [GC concurrent-mark-start]
2020-09-29T12:33:00.620+0200: 7.978: [GC concurrent-mark-end, 0.0025862 secs]
2020-09-29T12:33:00.620+0200: 7.978: [GC remark 2020-09-29T12:33:00.620+0200: 7.978: [Finalize Marking, 0.0001263 secs] 2020-09-29T12:33:00.620+0200: 7.978: [GC ref-proc, 0.0003436 secs] 2020-09-29T12:33:00.621+0200: 7.978: [Unloading, 0.0004148 secs], 0.0011982 secs]
 [Times: user=0.00 sys=0.00, real=0.00 secs] 
2020-09-29T12:33:00.622+0200: 7.979: [GC cleanup 1094M->28M(2048M), 0.0011935 secs]
 [Times: user=0.00 sys=0.00, real=0.00 secs] 
2020-09-29T12:33:00.623+0200: 7.981: [GC concurrent-cleanup-start]
2020-09-29T12:33:00.625+0200: 7.982: [GC concurrent-cleanup-end, 0.0017166 secs]
2020-09-29T12:33:00.776+0200: 8.134: [GC pause (G1 Evacuation Pause) (young), 0.1450804 secs]
   [Parallel Time: 143.9 ms, GC Workers: 8]
      [GC Worker Start (ms): Min: 8133.7, Avg: 8133.8, Max: 8134.1, Diff: 0.4]
      [Ext Root Scanning (ms): Min: 0.0, Avg: 0.1, Max: 0.1, Diff: 0.1, Sum: 0.6]
      [Update RS (ms): Min: 15.0, Avg: 15.3, Max: 16.0, Diff: 1.1, Sum: 122.3]
         [Processed Buffers: Min: 7, Avg: 14.0, Max: 16, Diff: 9, Sum: 112]
      [Scan RS (ms): Min: 18.5, Avg: 19.2, Max: 19.6, Diff: 1.1, Sum: 153.9]
      [Code Root Scanning (ms): Min: 0.0, Avg: 0.0, Max: 0.0, Diff: 0.0, Sum: 0.0]
      [Object Copy (ms): Min: 108.9, Avg: 109.0, Max: 109.1, Diff: 0.2, Sum: 872.2]
      [Termination (ms): Min: 0.0, Avg: 0.1, Max: 0.1, Diff: 0.1, Sum: 0.5]
         [Termination Attempts: Min: 1, Avg: 448.3, Max: 592, Diff: 591, Sum: 3586]
      [GC Worker Other (ms): Min: 0.0, Avg: 0.0, Max: 0.1, Diff: 0.0, Sum: 0.3]
      [GC Worker Total (ms): Min: 143.5, Avg: 143.7, Max: 143.8, Diff: 0.3, Sum: 1149.9]
      [GC Worker End (ms): Min: 8277.5, Avg: 8277.5, Max: 8277.6, Diff: 0.0]
   [Code Root Fixup: 0.0 ms]
   [Code Root Purge: 0.0 ms]
   [Clear CT: 0.2 ms]
   [Other: 0.9 ms]
      [Choose CSet: 0.0 ms]
      [Ref Proc: 0.1 ms]
      [Ref Enq: 0.0 ms]
      [Redirty Cards: 0.3 ms]
      [Humongous Register: 0.0 ms]
      [Humongous Reclaim: 0.0 ms]
      [Free CSet: 0.2 ms]
   [Eden: 271.0M(271.0M)->0.0B(262.0M) Survivors: 11.0M->36.0M Heap: 335.8M(2048.0M)->327.3M(2048.0M)]
 [Times: user=1.03 sys=0.08, real=0.14 secs] 
2020-09-29T12:33:01.070+0200: 8.428: [GC pause (G1 Evacuation Pause) (young), 0.1768928 secs]
   [Parallel Time: 175.8 ms, GC Workers: 8]
      [GC Worker Start (ms): Min: 8428.0, Avg: 8428.1, Max: 8428.1, Diff: 0.1]
      [Ext Root Scanning (ms): Min: 0.0, Avg: 0.1, Max: 0.1, Diff: 0.1, Sum: 0.6]
      [Update RS (ms): Min: 15.6, Avg: 15.9, Max: 16.2, Diff: 0.6, Sum: 127.0]
         [Processed Buffers: Min: 17, Avg: 17.6, Max: 19, Diff: 2, Sum: 141]
      [Scan RS (ms): Min: 18.5, Avg: 18.9, Max: 19.2, Diff: 0.7, Sum: 150.8]
      [Code Root Scanning (ms): Min: 0.0, Avg: 0.0, Max: 0.0, Diff: 0.0, Sum: 0.0]
      [Object Copy (ms): Min: 140.1, Avg: 140.3, Max: 140.8, Diff: 0.6, Sum: 1122.6]
      [Termination (ms): Min: 0.0, Avg: 0.4, Max: 0.5, Diff: 0.5, Sum: 3.0]
         [Termination Attempts: Min: 1, Avg: 2877.0, Max: 3874, Diff: 3873, Sum: 23016]
      [GC Worker Other (ms): Min: 0.0, Avg: 0.1, Max: 0.1, Diff: 0.1, Sum: 0.5]
      [GC Worker Total (ms): Min: 175.5, Avg: 175.6, Max: 175.6, Diff: 0.1, Sum: 1404.5]
      [GC Worker End (ms): Min: 8603.6, Avg: 8603.6, Max: 8603.7, Diff: 0.1]
   [Code Root Fixup: 0.0 ms]
   [Code Root Purge: 0.0 ms]
   [Clear CT: 0.2 ms]
   [Other: 0.9 ms]
      [Choose CSet: 0.0 ms]
      [Ref Proc: 0.2 ms]
      [Ref Enq: 0.0 ms]
      [Redirty Cards: 0.3 ms]
      [Humongous Register: 0.0 ms]
      [Humongous Reclaim: 0.0 ms]
      [Free CSet: 0.2 ms]
   [Eden: 262.0M(262.0M)->0.0B(255.0M) Survivors: 36.0M->38.0M Heap: 633.1M(2048.0M)->635.1M(2048.0M)]
 [Times: user=1.27 sys=0.05, real=0.18 secs] 
2020-09-29T12:33:01.383+0200: 8.741: [GC pause (G1 Evacuation Pause) (young), 0.1655316 secs]
   [Parallel Time: 163.9 ms, GC Workers: 8]
      [GC Worker Start (ms): Min: 8740.7, Avg: 8740.8, Max: 8740.9, Diff: 0.2]
      [Ext Root Scanning (ms): Min: 0.0, Avg: 0.1, Max: 0.1, Diff: 0.1, Sum: 0.4]
      [Update RS (ms): Min: 15.2, Avg: 15.4, Max: 16.0, Diff: 0.7, Sum: 123.5]
         [Processed Buffers: Min: 16, Avg: 16.9, Max: 18, Diff: 2, Sum: 135]
      [Scan RS (ms): Min: 17.5, Avg: 18.0, Max: 18.4, Diff: 0.9, Sum: 144.2]
      [Code Root Scanning (ms): Min: 0.0, Avg: 0.0, Max: 0.0, Diff: 0.0, Sum: 0.0]
      [Object Copy (ms): Min: 129.9, Avg: 130.1, Max: 130.1, Diff: 0.2, Sum: 1040.5]
      [Termination (ms): Min: 0.0, Avg: 0.0, Max: 0.1, Diff: 0.1, Sum: 0.3]
         [Termination Attempts: Min: 1, Avg: 182.3, Max: 223, Diff: 222, Sum: 1458]
      [GC Worker Other (ms): Min: 0.0, Avg: 0.1, Max: 0.1, Diff: 0.1, Sum: 0.5]
      [GC Worker Total (ms): Min: 163.6, Avg: 163.7, Max: 163.8, Diff: 0.2, Sum: 1309.4]
      [GC Worker End (ms): Min: 8904.5, Avg: 8904.5, Max: 8904.6, Diff: 0.1]
   [Code Root Fixup: 0.0 ms]
   [Code Root Purge: 0.0 ms]
   [Clear CT: 0.2 ms]
   [Other: 1.4 ms]
      [Choose CSet: 0.0 ms]
      [Ref Proc: 0.5 ms]
      [Ref Enq: 0.0 ms]
      [Redirty Cards: 0.4 ms]
      [Humongous Register: 0.0 ms]
      [Humongous Reclaim: 0.0 ms]
      [Free CSet: 0.3 ms]
   [Eden: 255.0M(255.0M)->0.0B(260.0M) Survivors: 38.0M->37.0M Heap: 932.1M(2048.0M)->934.1M(2048.0M)]
 [Times: user=1.19 sys=0.03, real=0.17 secs] 
2020-09-29T12:33:01.626+0200: 8.984: [GC pause (G1 Humongous Allocation) (young) (initial-mark), 0.1163958 secs]
   [Parallel Time: 115.3 ms, GC Workers: 8]
      [GC Worker Start (ms): Min: 8983.9, Avg: 8984.0, Max: 8984.1, Diff: 0.2]
      [Ext Root Scanning (ms): Min: 0.0, Avg: 1.0, Max: 3.6, Diff: 3.6, Sum: 8.2]
      [Update RS (ms): Min: 24.0, Avg: 26.6, Max: 27.9, Diff: 3.9, Sum: 212.7]
         [Processed Buffers: Min: 17, Avg: 19.6, Max: 21, Diff: 4, Sum: 157]
      [Scan RS (ms): Min: 4.7, Avg: 5.5, Max: 6.1, Diff: 1.4, Sum: 44.0]
      [Code Root Scanning (ms): Min: 0.0, Avg: 0.0, Max: 0.0, Diff: 0.0, Sum: 0.0]
      [Object Copy (ms): Min: 81.7, Avg: 81.8, Max: 81.9, Diff: 0.3, Sum: 654.6]
      [Termination (ms): Min: 0.0, Avg: 0.0, Max: 0.0, Diff: 0.0, Sum: 0.1]
         [Termination Attempts: Min: 1, Avg: 53.9, Max: 68, Diff: 67, Sum: 431]
      [GC Worker Other (ms): Min: 0.0, Avg: 0.0, Max: 0.1, Diff: 0.1, Sum: 0.3]
      [GC Worker Total (ms): Min: 114.9, Avg: 115.0, Max: 115.1, Diff: 0.2, Sum: 920.0]
      [GC Worker End (ms): Min: 9098.9, Avg: 9099.0, Max: 9099.0, Diff: 0.1]
   [Code Root Fixup: 0.0 ms]
   [Code Root Purge: 0.0 ms]
   [Clear CT: 0.2 ms]
   [Other: 0.9 ms]
      [Choose CSet: 0.0 ms]
      [Ref Proc: 0.2 ms]
      [Ref Enq: 0.0 ms]
      [Redirty Cards: 0.2 ms]
      [Humongous Register: 0.0 ms]
      [Humongous Reclaim: 0.0 ms]
      [Free CSet: 0.1 ms]
   [Eden: 94.0M(260.0M)->0.0B(210.0M) Survivors: 37.0M->38.0M Heap: 1042.9M(2048.0M)->1044.4M(2048.0M)]
 [Times: user=0.91 sys=0.03, real=0.12 secs] 
2020-09-29T12:33:01.743+0200: 9.100: [GC concurrent-root-region-scan-start]
2020-09-29T12:33:01.758+0200: 9.115: [GC concurrent-root-region-scan-end, 0.0151405 secs]
2020-09-29T12:33:01.758+0200: 9.115: [GC concurrent-mark-start]
2020-09-29T12:33:01.761+0200: 9.119: [GC concurrent-mark-end, 0.0033923 secs]
2020-09-29T12:33:01.761+0200: 9.119: [GC remark 2020-09-29T12:33:01.761+0200: 9.119: [Finalize Marking, 0.0002957 secs] 2020-09-29T12:33:01.762+0200: 9.119: [GC ref-proc, 0.0004179 secs] 2020-09-29T12:33:01.762+0200: 9.120: [Unloading, 0.0005707 secs], 0.0017524 secs]
 [Times: user=0.00 sys=0.00, real=0.00 secs] 
2020-09-29T12:33:01.764+0200: 9.121: [GC cleanup 1074M->75M(2048M), 0.0014804 secs]
 [Times: user=0.00 sys=0.00, real=0.00 secs] 
2020-09-29T12:33:01.765+0200: 9.123: [GC concurrent-cleanup-start]
2020-09-29T12:33:01.767+0200: 9.124: [GC concurrent-cleanup-end, 0.0015236 secs]
2020-09-29T12:33:01.911+0200: 9.269: [GC pause (G1 Evacuation Pause) (young), 0.1660985 secs]
   [Parallel Time: 164.6 ms, GC Workers: 8]
      [GC Worker Start (ms): Min: 9269.1, Avg: 9269.3, Max: 9269.4, Diff: 0.2]
      [Ext Root Scanning (ms): Min: 0.0, Avg: 0.1, Max: 0.2, Diff: 0.2, Sum: 0.6]
      [Update RS (ms): Min: 26.6, Avg: 27.1, Max: 27.9, Diff: 1.3, Sum: 216.8]
         [Processed Buffers: Min: 17, Avg: 19.5, Max: 22, Diff: 5, Sum: 156]
      [Scan RS (ms): Min: 13.6, Avg: 14.3, Max: 14.8, Diff: 1.3, Sum: 114.3]
      [Code Root Scanning (ms): Min: 0.0, Avg: 0.0, Max: 0.0, Diff: 0.0, Sum: 0.0]
      [Object Copy (ms): Min: 122.6, Avg: 122.7, Max: 122.9, Diff: 0.3, Sum: 981.9]
      [Termination (ms): Min: 0.0, Avg: 0.1, Max: 0.1, Diff: 0.1, Sum: 0.4]
         [Termination Attempts: Min: 1, Avg: 225.0, Max: 320, Diff: 319, Sum: 1800]
      [GC Worker Other (ms): Min: 0.0, Avg: 0.0, Max: 0.1, Diff: 0.1, Sum: 0.3]
      [GC Worker Total (ms): Min: 164.2, Avg: 164.3, Max: 164.4, Diff: 0.2, Sum: 1314.4]
      [GC Worker End (ms): Min: 9433.5, Avg: 9433.6, Max: 9433.6, Diff: 0.1]
   [Code Root Fixup: 0.0 ms]
   [Code Root Purge: 0.0 ms]
   [Clear CT: 0.3 ms]
   [Other: 1.2 ms]
      [Choose CSet: 0.0 ms]
      [Ref Proc: 0.4 ms]
      [Ref Enq: 0.0 ms]
      [Redirty Cards: 0.4 ms]
      [Humongous Register: 0.0 ms]
      [Humongous Reclaim: 0.0 ms]
      [Free CSet: 0.2 ms]
   [Eden: 210.0M(210.0M)->0.0B(213.0M) Survivors: 38.0M->31.0M Heap: 292.2M(2048.0M)->256.2M(2048.0M)]
 [Times: user=1.16 sys=0.08, real=0.17 secs] 
2020-09-29T12:33:02.239+0200: 9.597: [GC pause (G1 Evacuation Pause) (young), 0.2109806 secs]
   [Parallel Time: 209.5 ms, GC Workers: 8]
      [GC Worker Start (ms): Min: 9597.0, Avg: 9597.1, Max: 9597.2, Diff: 0.2]
      [Ext Root Scanning (ms): Min: 0.0, Avg: 0.1, Max: 0.2, Diff: 0.2, Sum: 0.7]
      [Update RS (ms): Min: 22.8, Avg: 23.3, Max: 23.9, Diff: 1.1, Sum: 186.3]
         [Processed Buffers: Min: 15, Avg: 16.1, Max: 18, Diff: 3, Sum: 129]
      [Scan RS (ms): Min: 20.6, Avg: 21.2, Max: 21.5, Diff: 0.9, Sum: 169.3]
      [Code Root Scanning (ms): Min: 0.0, Avg: 0.0, Max: 0.0, Diff: 0.0, Sum: 0.0]
      [Object Copy (ms): Min: 163.6, Avg: 164.4, Max: 164.6, Diff: 1.0, Sum: 1315.3]
      [Termination (ms): Min: 0.0, Avg: 0.1, Max: 0.2, Diff: 0.2, Sum: 1.2]
         [Termination Attempts: Min: 1, Avg: 648.5, Max: 806, Diff: 805, Sum: 5188]
      [GC Worker Other (ms): Min: 0.1, Avg: 0.1, Max: 0.1, Diff: 0.0, Sum: 0.6]
      [GC Worker Total (ms): Min: 209.1, Avg: 209.2, Max: 209.3, Diff: 0.2, Sum: 1673.5]
      [GC Worker End (ms): Min: 9806.3, Avg: 9806.3, Max: 9806.3, Diff: 0.0]
   [Code Root Fixup: 0.0 ms]
   [Code Root Purge: 0.0 ms]
   [Clear CT: 0.3 ms]
   [Other: 1.1 ms]
      [Choose CSet: 0.0 ms]
      [Ref Proc: 0.4 ms]
      [Ref Enq: 0.0 ms]
      [Redirty Cards: 0.3 ms]
      [Humongous Register: 0.1 ms]
      [Humongous Reclaim: 0.0 ms]
      [Free CSet: 0.2 ms]
   [Eden: 213.0M(213.0M)->0.0B(187.0M) Survivors: 31.0M->31.0M Heap: 503.6M(2048.0M)->506.6M(2048.0M)]
 [Times: user=1.45 sys=0.03, real=0.21 secs] 
2020-09-29T12:33:02.605+0200: 9.963: [GC pause (G1 Evacuation Pause) (young), 0.1673227 secs]
   [Parallel Time: 165.8 ms, GC Workers: 8]
      [GC Worker Start (ms): Min: 9962.9, Avg: 9963.0, Max: 9963.1, Diff: 0.2]
      [Ext Root Scanning (ms): Min: 0.0, Avg: 0.1, Max: 0.2, Diff: 0.2, Sum: 0.7]
      [Update RS (ms): Min: 18.6, Avg: 18.7, Max: 19.2, Diff: 0.7, Sum: 149.8]
         [Processed Buffers: Min: 14, Avg: 14.8, Max: 16, Diff: 2, Sum: 118]
      [Scan RS (ms): Min: 19.0, Avg: 19.5, Max: 19.7, Diff: 0.7, Sum: 156.0]
      [Code Root Scanning (ms): Min: 0.0, Avg: 0.0, Max: 0.0, Diff: 0.0, Sum: 0.0]
      [Object Copy (ms): Min: 127.1, Avg: 127.1, Max: 127.1, Diff: 0.1, Sum: 1016.9]
      [Termination (ms): Min: 0.0, Avg: 0.0, Max: 0.1, Diff: 0.1, Sum: 0.3]
         [Termination Attempts: Min: 1, Avg: 169.3, Max: 234, Diff: 233, Sum: 1354]
      [GC Worker Other (ms): Min: 0.0, Avg: 0.1, Max: 0.1, Diff: 0.1, Sum: 0.4]
      [GC Worker Total (ms): Min: 165.4, Avg: 165.5, Max: 165.6, Diff: 0.2, Sum: 1324.1]
      [GC Worker End (ms): Min: 10128.5, Avg: 10128.5, Max: 10128.6, Diff: 0.1]
   [Code Root Fixup: 0.0 ms]
   [Code Root Purge: 0.0 ms]
   [Clear CT: 0.3 ms]
   [Other: 1.3 ms]
      [Choose CSet: 0.0 ms]
      [Ref Proc: 0.3 ms]
      [Ref Enq: 0.0 ms]
      [Redirty Cards: 0.4 ms]
      [Humongous Register: 0.1 ms]
      [Humongous Reclaim: 0.0 ms]
      [Free CSet: 0.2 ms]
   [Eden: 187.0M(187.0M)->0.0B(192.0M) Survivors: 31.0M->28.0M Heap: 726.0M(2048.0M)->728.0M(2048.0M)]
 [Times: user=1.31 sys=0.06, real=0.17 secs] 
2020-09-29T12:33:02.925+0200: 10.283: [GC pause (G1 Evacuation Pause) (young), 0.1762428 secs]
   [Parallel Time: 175.0 ms, GC Workers: 8]
      [GC Worker Start (ms): Min: 10283.0, Avg: 10283.1, Max: 10283.2, Diff: 0.2]
      [Ext Root Scanning (ms): Min: 0.0, Avg: 0.1, Max: 0.2, Diff: 0.2, Sum: 0.6]
      [Update RS (ms): Min: 20.5, Avg: 20.8, Max: 21.3, Diff: 0.8, Sum: 166.4]
         [Processed Buffers: Min: 14, Avg: 16.4, Max: 18, Diff: 4, Sum: 131]
      [Scan RS (ms): Min: 18.5, Avg: 18.9, Max: 19.3, Diff: 0.8, Sum: 151.3]
      [Code Root Scanning (ms): Min: 0.0, Avg: 0.0, Max: 0.0, Diff: 0.0, Sum: 0.0]
      [Object Copy (ms): Min: 134.5, Avg: 134.7, Max: 134.9, Diff: 0.4, Sum: 1077.9]
      [Termination (ms): Min: 0.0, Avg: 0.2, Max: 0.3, Diff: 0.3, Sum: 1.2]
         [Termination Attempts: Min: 1, Avg: 489.8, Max: 605, Diff: 604, Sum: 3918]
      [GC Worker Other (ms): Min: 0.0, Avg: 0.0, Max: 0.0, Diff: 0.0, Sum: 0.1]
      [GC Worker Total (ms): Min: 174.6, Avg: 174.7, Max: 174.8, Diff: 0.2, Sum: 1397.6]
      [GC Worker End (ms): Min: 10457.8, Avg: 10457.8, Max: 10457.8, Diff: 0.0]
   [Code Root Fixup: 0.0 ms]
   [Code Root Purge: 0.0 ms]
   [Clear CT: 0.2 ms]
   [Other: 1.0 ms]
      [Choose CSet: 0.0 ms]
      [Ref Proc: 0.3 ms]
      [Ref Enq: 0.0 ms]
      [Redirty Cards: 0.3 ms]
      [Humongous Register: 0.1 ms]
      [Humongous Reclaim: 0.0 ms]
      [Free CSet: 0.2 ms]
   [Eden: 192.0M(192.0M)->0.0B(192.0M) Survivors: 28.0M->28.0M Heap: 952.4M(2048.0M)->954.4M(2048.0M)]
 [Times: user=1.41 sys=0.05, real=0.18 secs] 
2020-09-29T12:33:03.114+0200: 10.471: [GC pause (G1 Humongous Allocation) (young) (initial-mark), 0.0585167 secs]
   [Parallel Time: 57.2 ms, GC Workers: 8]
      [GC Worker Start (ms): Min: 10471.5, Avg: 10471.6, Max: 10471.7, Diff: 0.1]
      [Ext Root Scanning (ms): Min: 0.1, Avg: 0.1, Max: 0.2, Diff: 0.1, Sum: 1.0]
      [Update RS (ms): Min: 29.6, Avg: 30.0, Max: 30.5, Diff: 0.8, Sum: 239.6]
         [Processed Buffers: Min: 25, Avg: 25.8, Max: 27, Diff: 2, Sum: 206]
      [Scan RS (ms): Min: 2.4, Avg: 2.9, Max: 3.3, Diff: 0.9, Sum: 23.6]
      [Code Root Scanning (ms): Min: 0.0, Avg: 0.0, Max: 0.0, Diff: 0.0, Sum: 0.0]
      [Object Copy (ms): Min: 23.8, Avg: 23.9, Max: 24.0, Diff: 0.2, Sum: 191.2]
      [Termination (ms): Min: 0.0, Avg: 0.0, Max: 0.0, Diff: 0.0, Sum: 0.0]
         [Termination Attempts: Min: 1, Avg: 14.1, Max: 21, Diff: 20, Sum: 113]
      [GC Worker Other (ms): Min: 0.0, Avg: 0.0, Max: 0.1, Diff: 0.0, Sum: 0.3]
      [GC Worker Total (ms): Min: 56.9, Avg: 57.0, Max: 57.0, Diff: 0.1, Sum: 455.7]
      [GC Worker End (ms): Min: 10528.6, Avg: 10528.6, Max: 10528.6, Diff: 0.0]
   [Code Root Fixup: 0.0 ms]
   [Code Root Purge: 0.0 ms]
   [Clear CT: 0.3 ms]
   [Other: 1.0 ms]
      [Choose CSet: 0.0 ms]
      [Ref Proc: 0.3 ms]
      [Ref Enq: 0.0 ms]
      [Redirty Cards: 0.3 ms]
      [Humongous Register: 0.0 ms]
      [Humongous Reclaim: 0.0 ms]
      [Free CSet: 0.1 ms]
   [Eden: 11.0M(192.0M)->0.0B(218.0M) Survivors: 28.0M->13.0M Heap: 965.4M(2048.0M)->968.4M(2048.0M)]
 [Times: user=0.38 sys=0.00, real=0.06 secs] 
2020-09-29T12:33:03.173+0200: 10.530: [GC concurrent-root-region-scan-start]
2020-09-29T12:33:03.177+0200: 10.535: [GC concurrent-root-region-scan-end, 0.0046995 secs]
2020-09-29T12:33:03.177+0200: 10.535: [GC concurrent-mark-start]
2020-09-29T12:33:03.181+0200: 10.539: [GC concurrent-mark-end, 0.0040614 secs]
2020-09-29T12:33:03.182+0200: 10.539: [GC remark 2020-09-29T12:33:03.182+0200: 10.539: [Finalize Marking, 0.0002070 secs] 2020-09-29T12:33:03.182+0200: 10.540: [GC ref-proc, 0.0003989 secs] 2020-09-29T12:33:03.182+0200: 10.540: [Unloading, 0.0006245 secs], 0.0016801 secs]
 [Times: user=0.00 sys=0.00, real=0.00 secs] 
2020-09-29T12:33:03.184+0200: 10.541: [GC cleanup 983M->35M(2048M), 0.0017114 secs]
 [Times: user=0.00 sys=0.00, real=0.00 secs] 
2020-09-29T12:33:03.185+0200: 10.543: [GC concurrent-cleanup-start]
2020-09-29T12:33:03.187+0200: 10.544: [GC concurrent-cleanup-end, 0.0013461 secs]
2020-09-29T12:33:03.343+0200: 10.701: [GC pause (G1 Evacuation Pause) (young), 0.1930915 secs]
   [Parallel Time: 191.5 ms, GC Workers: 8]
      [GC Worker Start (ms): Min: 10700.9, Avg: 10701.1, Max: 10701.2, Diff: 0.2]
      [Ext Root Scanning (ms): Min: 0.0, Avg: 0.1, Max: 0.2, Diff: 0.2, Sum: 0.6]
      [Update RS (ms): Min: 16.1, Avg: 16.2, Max: 16.5, Diff: 0.4, Sum: 129.6]
         [Processed Buffers: Min: 11, Avg: 13.4, Max: 17, Diff: 6, Sum: 107]
      [Scan RS (ms): Min: 20.6, Avg: 21.0, Max: 21.2, Diff: 0.6, Sum: 167.7]
      [Code Root Scanning (ms): Min: 0.0, Avg: 0.0, Max: 0.0, Diff: 0.0, Sum: 0.0]
      [Object Copy (ms): Min: 153.2, Avg: 153.6, Max: 154.0, Diff: 0.8, Sum: 1228.5]
      [Termination (ms): Min: 0.0, Avg: 0.3, Max: 0.5, Diff: 0.5, Sum: 2.7]
         [Termination Attempts: Min: 1, Avg: 1536.5, Max: 2110, Diff: 2109, Sum: 12292]
      [GC Worker Other (ms): Min: 0.0, Avg: 0.0, Max: 0.1, Diff: 0.0, Sum: 0.3]
      [GC Worker Total (ms): Min: 191.1, Avg: 191.2, Max: 191.3, Diff: 0.2, Sum: 1529.4]
      [GC Worker End (ms): Min: 10892.2, Avg: 10892.2, Max: 10892.3, Diff: 0.0]
   [Code Root Fixup: 0.0 ms]
   [Code Root Purge: 0.0 ms]
   [Clear CT: 0.3 ms]
   [Other: 1.2 ms]
      [Choose CSet: 0.0 ms]
      [Ref Proc: 0.3 ms]
      [Ref Enq: 0.0 ms]
      [Redirty Cards: 0.3 ms]
      [Humongous Register: 0.1 ms]
      [Humongous Reclaim: 0.0 ms]
      [Free CSet: 0.2 ms]
   [Eden: 218.0M(218.0M)->0.0B(187.0M) Survivors: 13.0M->29.0M Heap: 276.6M(2048.0M)->266.6M(2048.0M)]
 [Times: user=1.38 sys=0.11, real=0.19 secs] 
2020-09-29T12:33:03.682+0200: 11.040: [GC pause (G1 Evacuation Pause) (young), 0.1815043 secs]
   [Parallel Time: 180.0 ms, GC Workers: 8]
      [GC Worker Start (ms): Min: 11040.3, Avg: 11040.4, Max: 11040.5, Diff: 0.2]
      [Ext Root Scanning (ms): Min: 0.0, Avg: 0.1, Max: 0.2, Diff: 0.2, Sum: 0.7]
      [Update RS (ms): Min: 22.5, Avg: 22.7, Max: 22.9, Diff: 0.5, Sum: 181.2]
         [Processed Buffers: Min: 14, Avg: 16.1, Max: 17, Diff: 3, Sum: 129]
      [Scan RS (ms): Min: 17.6, Avg: 18.0, Max: 18.2, Diff: 0.6, Sum: 143.8]
      [Code Root Scanning (ms): Min: 0.0, Avg: 0.0, Max: 0.0, Diff: 0.0, Sum: 0.0]
      [Object Copy (ms): Min: 138.5, Avg: 138.6, Max: 139.0, Diff: 0.6, Sum: 1109.1]
      [Termination (ms): Min: 0.0, Avg: 0.4, Max: 0.5, Diff: 0.5, Sum: 3.0]
         [Termination Attempts: Min: 1, Avg: 1582.3, Max: 1897, Diff: 1896, Sum: 12658]
      [GC Worker Other (ms): Min: 0.0, Avg: 0.0, Max: 0.1, Diff: 0.1, Sum: 0.4]
      [GC Worker Total (ms): Min: 179.7, Avg: 179.8, Max: 179.9, Diff: 0.2, Sum: 1438.2]
      [GC Worker End (ms): Min: 11220.2, Avg: 11220.2, Max: 11220.2, Diff: 0.1]
   [Code Root Fixup: 0.0 ms]
   [Code Root Purge: 0.0 ms]
   [Clear CT: 0.3 ms]
   [Other: 1.2 ms]
      [Choose CSet: 0.0 ms]
      [Ref Proc: 0.2 ms]
      [Ref Enq: 0.0 ms]
      [Redirty Cards: 0.4 ms]
      [Humongous Register: 0.1 ms]
      [Humongous Reclaim: 0.0 ms]
      [Free CSet: 0.3 ms]
   [Eden: 187.0M(187.0M)->0.0B(183.0M) Survivors: 29.0M->27.0M Heap: 484.2M(2048.0M)->485.7M(2048.0M)]
 [Times: user=1.33 sys=0.06, real=0.18 secs] 
2020-09-29T12:33:04.012+0200: 11.371: [GC pause (G1 Evacuation Pause) (young), 0.1634018 secs]
   [Parallel Time: 162.1 ms, GC Workers: 8]
      [GC Worker Start (ms): Min: 11370.8, Avg: 11370.9, Max: 11371.0, Diff: 0.2]
      [Ext Root Scanning (ms): Min: 0.0, Avg: 0.1, Max: 0.2, Diff: 0.2, Sum: 0.6]
      [Update RS (ms): Min: 16.0, Avg: 16.4, Max: 16.9, Diff: 0.8, Sum: 131.6]
         [Processed Buffers: Min: 12, Avg: 13.0, Max: 15, Diff: 3, Sum: 104]
      [Scan RS (ms): Min: 18.9, Avg: 19.4, Max: 19.9, Diff: 1.0, Sum: 155.4]
      [Code Root Scanning (ms): Min: 0.0, Avg: 0.0, Max: 0.0, Diff: 0.0, Sum: 0.0]
      [Object Copy (ms): Min: 125.6, Avg: 125.8, Max: 125.9, Diff: 0.2, Sum: 1006.4]
      [Termination (ms): Min: 0.0, Avg: 0.1, Max: 0.1, Diff: 0.1, Sum: 0.4]
         [Termination Attempts: Min: 1, Avg: 217.1, Max: 269, Diff: 268, Sum: 1737]
      [GC Worker Other (ms): Min: 0.0, Avg: 0.0, Max: 0.1, Diff: 0.1, Sum: 0.3]
      [GC Worker Total (ms): Min: 161.7, Avg: 161.8, Max: 162.0, Diff: 0.3, Sum: 1294.7]
      [GC Worker End (ms): Min: 11532.8, Avg: 11532.8, Max: 11532.8, Diff: 0.1]
   [Code Root Fixup: 0.0 ms]
   [Code Root Purge: 0.0 ms]
   [Clear CT: 0.3 ms]
   [Other: 1.0 ms]
      [Choose CSet: 0.0 ms]
      [Ref Proc: 0.3 ms]
      [Ref Enq: 0.0 ms]
      [Redirty Cards: 0.3 ms]
      [Humongous Register: 0.1 ms]
      [Humongous Reclaim: 0.0 ms]
      [Free CSet: 0.2 ms]
   [Eden: 183.0M(183.0M)->0.0B(187.0M) Survivors: 27.0M->27.0M Heap: 699.2M(2048.0M)->701.7M(2048.0M)]
 [Times: user=1.23 sys=0.02, real=0.16 secs] 
2020-09-29T12:33:04.325+0200: 11.683: [GC pause (G1 Evacuation Pause) (young), 0.1694216 secs]
   [Parallel Time: 167.8 ms, GC Workers: 8]
      [GC Worker Start (ms): Min: 11683.2, Avg: 11683.3, Max: 11683.4, Diff: 0.2]
      [Ext Root Scanning (ms): Min: 0.0, Avg: 0.1, Max: 0.2, Diff: 0.2, Sum: 0.6]
      [Update RS (ms): Min: 22.9, Avg: 23.1, Max: 23.4, Diff: 0.4, Sum: 184.7]
         [Processed Buffers: Min: 16, Avg: 16.8, Max: 19, Diff: 3, Sum: 134]
      [Scan RS (ms): Min: 16.7, Avg: 17.0, Max: 17.2, Diff: 0.4, Sum: 136.0]
      [Code Root Scanning (ms): Min: 0.0, Avg: 0.0, Max: 0.0, Diff: 0.0, Sum: 0.0]
      [Object Copy (ms): Min: 127.2, Avg: 127.3, Max: 127.4, Diff: 0.2, Sum: 1018.4]
      [Termination (ms): Min: 0.0, Avg: 0.0, Max: 0.1, Diff: 0.1, Sum: 0.3]
         [Termination Attempts: Min: 1, Avg: 150.9, Max: 209, Diff: 208, Sum: 1207]
      [GC Worker Other (ms): Min: 0.0, Avg: 0.0, Max: 0.1, Diff: 0.1, Sum: 0.3]
      [GC Worker Total (ms): Min: 167.4, Avg: 167.5, Max: 167.7, Diff: 0.3, Sum: 1340.4]
      [GC Worker End (ms): Min: 11850.8, Avg: 11850.8, Max: 11850.9, Diff: 0.1]
   [Code Root Fixup: 0.0 ms]
   [Code Root Purge: 0.0 ms]
   [Clear CT: 0.4 ms]
   [Other: 1.2 ms]
      [Choose CSet: 0.0 ms]
      [Ref Proc: 0.4 ms]
      [Ref Enq: 0.0 ms]
      [Redirty Cards: 0.4 ms]
      [Humongous Register: 0.1 ms]
      [Humongous Reclaim: 0.0 ms]
      [Free CSet: 0.2 ms]
   [Eden: 187.0M(187.0M)->0.0B(191.0M) Survivors: 27.0M->27.0M Heap: 919.2M(2048.0M)->921.2M(2048.0M)]
 [Times: user=1.27 sys=0.11, real=0.17 secs] 
2020-09-29T12:33:04.593+0200: 11.951: [GC pause (G1 Humongous Allocation) (young) (initial-mark), 0.1136992 secs]
   [Parallel Time: 112.3 ms, GC Workers: 8]
      [GC Worker Start (ms): Min: 11951.0, Avg: 11951.1, Max: 11951.2, Diff: 0.2]
      [Ext Root Scanning (ms): Min: 0.0, Avg: 0.1, Max: 0.2, Diff: 0.2, Sum: 0.8]
      [Update RS (ms): Min: 16.1, Avg: 16.7, Max: 17.2, Diff: 1.1, Sum: 133.8]
         [Processed Buffers: Min: 12, Avg: 12.1, Max: 13, Diff: 1, Sum: 97]
      [Scan RS (ms): Min: 9.7, Avg: 10.2, Max: 10.8, Diff: 1.1, Sum: 81.9]
      [Code Root Scanning (ms): Min: 0.0, Avg: 0.0, Max: 0.0, Diff: 0.0, Sum: 0.0]
      [Object Copy (ms): Min: 84.8, Avg: 84.9, Max: 85.0, Diff: 0.2, Sum: 679.2]
      [Termination (ms): Min: 0.0, Avg: 0.0, Max: 0.0, Diff: 0.0, Sum: 0.3]
         [Termination Attempts: Min: 1, Avg: 140.8, Max: 181, Diff: 180, Sum: 1126]
      [GC Worker Other (ms): Min: 0.0, Avg: 0.0, Max: 0.1, Diff: 0.0, Sum: 0.3]
      [GC Worker Total (ms): Min: 111.9, Avg: 112.0, Max: 112.2, Diff: 0.2, Sum: 896.2]
      [GC Worker End (ms): Min: 12063.1, Avg: 12063.2, Max: 12063.2, Diff: 0.0]
   [Code Root Fixup: 0.0 ms]
   [Code Root Purge: 0.0 ms]
   [Clear CT: 0.3 ms]
   [Other: 1.1 ms]
      [Choose CSet: 0.0 ms]
      [Ref Proc: 0.3 ms]
      [Ref Enq: 0.0 ms]
      [Redirty Cards: 0.3 ms]
      [Humongous Register: 0.0 ms]
      [Humongous Reclaim: 0.0 ms]
      [Free CSet: 0.1 ms]
   [Eden: 118.0M(191.0M)->0.0B(202.0M) Survivors: 27.0M->28.0M Heap: 1058.3M(2048.0M)->1059.8M(2048.0M)]
 [Times: user=0.88 sys=0.02, real=0.11 secs] 
2020-09-29T12:33:04.707+0200: 12.065: [GC concurrent-root-region-scan-start]
2020-09-29T12:33:04.720+0200: 12.078: [GC concurrent-root-region-scan-end, 0.0136152 secs]
2020-09-29T12:33:04.720+0200: 12.078: [GC concurrent-mark-start]
2020-09-29T12:33:04.724+0200: 12.083: [GC concurrent-mark-end, 0.0041286 secs]
2020-09-29T12:33:04.725+0200: 12.083: [GC remark 2020-09-29T12:33:04.725+0200: 12.083: [Finalize Marking, 0.0002340 secs] 2020-09-29T12:33:04.725+0200: 12.083: [GC ref-proc, 0.0004007 secs] 2020-09-29T12:33:04.725+0200: 12.083: [Unloading, 0.0006015 secs], 0.0017442 secs]
 [Times: user=0.00 sys=0.00, real=0.00 secs] 
2020-09-29T12:33:04.727+0200: 12.085: [GC cleanup 1086M->62M(2048M), 0.0020388 secs]
 [Times: user=0.00 sys=0.00, real=0.00 secs] 
2020-09-29T12:33:04.729+0200: 12.087: [GC concurrent-cleanup-start]
2020-09-29T12:33:04.731+0200: 12.089: [GC concurrent-cleanup-end, 0.0020437 secs]
2020-09-29T12:33:04.865+0200: 12.224: [GC pause (G1 Evacuation Pause) (young), 0.1845382 secs]
   [Parallel Time: 183.3 ms, GC Workers: 8]
      [GC Worker Start (ms): Min: 12223.7, Avg: 12223.8, Max: 12223.9, Diff: 0.2]
      [Ext Root Scanning (ms): Min: 0.0, Avg: 0.1, Max: 0.2, Diff: 0.2, Sum: 0.6]
      [Update RS (ms): Min: 18.1, Avg: 18.4, Max: 19.0, Diff: 0.8, Sum: 146.9]
         [Processed Buffers: Min: 13, Avg: 13.8, Max: 17, Diff: 4, Sum: 110]
      [Scan RS (ms): Min: 17.6, Avg: 18.0, Max: 18.4, Diff: 0.8, Sum: 144.2]
      [Code Root Scanning (ms): Min: 0.0, Avg: 0.0, Max: 0.0, Diff: 0.0, Sum: 0.0]
      [Object Copy (ms): Min: 145.6, Avg: 146.2, Max: 146.4, Diff: 0.8, Sum: 1169.4]
      [Termination (ms): Min: 0.0, Avg: 0.3, Max: 0.4, Diff: 0.4, Sum: 2.2]
         [Termination Attempts: Min: 1, Avg: 1238.5, Max: 1801, Diff: 1800, Sum: 9908]
      [GC Worker Other (ms): Min: 0.0, Avg: 0.1, Max: 0.1, Diff: 0.1, Sum: 0.5]
      [GC Worker Total (ms): Min: 182.9, Avg: 183.0, Max: 183.1, Diff: 0.2, Sum: 1463.7]
      [GC Worker End (ms): Min: 12406.7, Avg: 12406.8, Max: 12406.8, Diff: 0.1]
   [Code Root Fixup: 0.0 ms]
   [Code Root Purge: 0.0 ms]
   [Clear CT: 0.2 ms]
   [Other: 1.0 ms]
      [Choose CSet: 0.0 ms]
      [Ref Proc: 0.3 ms]
      [Ref Enq: 0.0 ms]
      [Redirty Cards: 0.3 ms]
      [Humongous Register: 0.0 ms]
      [Humongous Reclaim: 0.0 ms]
      [Free CSet: 0.1 ms]
   [Eden: 202.0M(202.0M)->0.0B(192.0M) Survivors: 28.0M->29.0M Heap: 272.3M(2048.0M)->245.8M(2048.0M)]
 [Times: user=1.30 sys=0.03, real=0.18 secs] 
2020-09-29T12:33:05.196+0200: 12.554: [GC pause (G1 Evacuation Pause) (young), 0.1990952 secs]
   [Parallel Time: 197.8 ms, GC Workers: 8]
      [GC Worker Start (ms): Min: 12554.5, Avg: 12554.6, Max: 12554.7, Diff: 0.2]
      [Ext Root Scanning (ms): Min: 0.0, Avg: 0.1, Max: 0.2, Diff: 0.2, Sum: 0.6]
      [Update RS (ms): Min: 22.1, Avg: 22.5, Max: 23.1, Diff: 1.1, Sum: 180.4]
         [Processed Buffers: Min: 16, Avg: 16.8, Max: 18, Diff: 2, Sum: 134]
      [Scan RS (ms): Min: 17.4, Avg: 18.0, Max: 18.4, Diff: 1.1, Sum: 143.9]
      [Code Root Scanning (ms): Min: 0.0, Avg: 0.0, Max: 0.0, Diff: 0.0, Sum: 0.0]
      [Object Copy (ms): Min: 155.8, Avg: 156.1, Max: 156.9, Diff: 1.0, Sum: 1249.1]
      [Termination (ms): Min: 0.0, Avg: 0.7, Max: 0.9, Diff: 0.9, Sum: 5.3]
         [Termination Attempts: Min: 1, Avg: 2896.0, Max: 3861, Diff: 3860, Sum: 23168]
      [GC Worker Other (ms): Min: 0.0, Avg: 0.0, Max: 0.1, Diff: 0.1, Sum: 0.3]
      [GC Worker Total (ms): Min: 197.3, Avg: 197.4, Max: 197.6, Diff: 0.2, Sum: 1579.5]
      [GC Worker End (ms): Min: 12752.1, Avg: 12752.1, Max: 12752.1, Diff: 0.1]
   [Code Root Fixup: 0.0 ms]
   [Code Root Purge: 0.0 ms]
   [Clear CT: 0.3 ms]
   [Other: 1.0 ms]
      [Choose CSet: 0.0 ms]
      [Ref Proc: 0.2 ms]
      [Ref Enq: 0.0 ms]
      [Redirty Cards: 0.4 ms]
      [Humongous Register: 0.1 ms]
      [Humongous Reclaim: 0.0 ms]
      [Free CSet: 0.2 ms]
   [Eden: 192.0M(192.0M)->0.0B(183.0M) Survivors: 29.0M->28.0M Heap: 470.3M(2048.0M)->471.8M(2048.0M)]
 [Times: user=1.39 sys=0.09, real=0.20 secs] 
2020-09-29T12:33:05.537+0200: 12.895: [GC pause (G1 Evacuation Pause) (young), 0.1715368 secs]
   [Parallel Time: 169.8 ms, GC Workers: 8]
      [GC Worker Start (ms): Min: 12895.4, Avg: 12896.2, Max: 12901.2, Diff: 5.8]
      [Ext Root Scanning (ms): Min: 0.0, Avg: 0.1, Max: 0.2, Diff: 0.2, Sum: 0.8]
      [Update RS (ms): Min: 11.5, Avg: 16.6, Max: 18.0, Diff: 6.5, Sum: 133.0]
         [Processed Buffers: Min: 11, Avg: 13.1, Max: 14, Diff: 3, Sum: 105]
      [Scan RS (ms): Min: 19.3, Avg: 20.0, Max: 20.5, Diff: 1.2, Sum: 160.1]
      [Code Root Scanning (ms): Min: 0.0, Avg: 0.0, Max: 0.0, Diff: 0.0, Sum: 0.0]
      [Object Copy (ms): Min: 131.8, Avg: 131.9, Max: 132.0, Diff: 0.2, Sum: 1055.3]
      [Termination (ms): Min: 0.0, Avg: 0.1, Max: 0.2, Diff: 0.2, Sum: 0.9]
         [Termination Attempts: Min: 1, Avg: 503.1, Max: 755, Diff: 754, Sum: 4025]
      [GC Worker Other (ms): Min: 0.0, Avg: 0.0, Max: 0.0, Diff: 0.0, Sum: 0.2]
      [GC Worker Total (ms): Min: 163.9, Avg: 168.8, Max: 169.6, Diff: 5.7, Sum: 1350.5]
      [GC Worker End (ms): Min: 13065.0, Avg: 13065.0, Max: 13065.0, Diff: 0.0]
   [Code Root Fixup: 0.0 ms]
   [Code Root Purge: 0.0 ms]
   [Clear CT: 0.3 ms]
   [Other: 1.4 ms]
      [Choose CSet: 0.0 ms]
      [Ref Proc: 0.4 ms]
      [Ref Enq: 0.0 ms]
      [Redirty Cards: 0.5 ms]
      [Humongous Register: 0.1 ms]
      [Humongous Reclaim: 0.0 ms]
      [Free CSet: 0.2 ms]
   [Eden: 183.0M(183.0M)->0.0B(186.0M) Survivors: 28.0M->27.0M Heap: 685.3M(2048.0M)->687.8M(2048.0M)]
 [Times: user=1.20 sys=0.05, real=0.17 secs] 
2020-09-29T12:33:05.855+0200: 13.213: [GC pause (G1 Evacuation Pause) (young), 0.1772029 secs]
   [Parallel Time: 176.0 ms, GC Workers: 8]
      [GC Worker Start (ms): Min: 13212.9, Avg: 13213.0, Max: 13213.0, Diff: 0.1]
      [Ext Root Scanning (ms): Min: 0.0, Avg: 0.1, Max: 0.2, Diff: 0.1, Sum: 0.8]
      [Update RS (ms): Min: 19.7, Avg: 20.0, Max: 20.5, Diff: 0.8, Sum: 159.9]
         [Processed Buffers: Min: 14, Avg: 14.8, Max: 17, Diff: 3, Sum: 118]
      [Scan RS (ms): Min: 17.6, Avg: 18.1, Max: 18.5, Diff: 0.8, Sum: 145.1]
      [Code Root Scanning (ms): Min: 0.0, Avg: 0.0, Max: 0.0, Diff: 0.0, Sum: 0.0]
      [Object Copy (ms): Min: 137.2, Avg: 137.3, Max: 137.6, Diff: 0.4, Sum: 1098.7]
      [Termination (ms): Min: 0.0, Avg: 0.2, Max: 0.4, Diff: 0.4, Sum: 1.9]
         [Termination Attempts: Min: 1, Avg: 1068.6, Max: 1583, Diff: 1582, Sum: 8549]
      [GC Worker Other (ms): Min: 0.0, Avg: 0.1, Max: 0.1, Diff: 0.1, Sum: 0.4]
      [GC Worker Total (ms): Min: 175.8, Avg: 175.9, Max: 176.0, Diff: 0.2, Sum: 1406.8]
      [GC Worker End (ms): Min: 13388.8, Avg: 13388.8, Max: 13388.9, Diff: 0.1]
   [Code Root Fixup: 0.0 ms]
   [Code Root Purge: 0.0 ms]
   [Clear CT: 0.2 ms]
   [Other: 1.0 ms]
      [Choose CSet: 0.0 ms]
      [Ref Proc: 0.3 ms]
      [Ref Enq: 0.0 ms]
      [Redirty Cards: 0.3 ms]
      [Humongous Register: 0.1 ms]
      [Humongous Reclaim: 0.0 ms]
      [Free CSet: 0.2 ms]
   [Eden: 186.0M(186.0M)->0.0B(188.0M) Survivors: 27.0M->27.0M Heap: 904.3M(2048.0M)->906.8M(2048.0M)]
 [Times: user=1.31 sys=0.02, real=0.18 secs] 
2020-09-29T12:33:06.176+0200: 13.534: [GC pause (G1 Evacuation Pause) (young), 0.1697868 secs]
   [Parallel Time: 168.2 ms, GC Workers: 8]
      [GC Worker Start (ms): Min: 13533.8, Avg: 13533.9, Max: 13534.0, Diff: 0.2]
      [Ext Root Scanning (ms): Min: 0.0, Avg: 0.1, Max: 0.2, Diff: 0.2, Sum: 0.7]
      [Update RS (ms): Min: 22.8, Avg: 22.9, Max: 23.5, Diff: 0.7, Sum: 183.6]
         [Processed Buffers: Min: 16, Avg: 17.5, Max: 21, Diff: 5, Sum: 140]
      [Scan RS (ms): Min: 16.8, Avg: 17.1, Max: 17.5, Diff: 0.8, Sum: 137.2]
      [Code Root Scanning (ms): Min: 0.0, Avg: 0.0, Max: 0.0, Diff: 0.0, Sum: 0.0]
      [Object Copy (ms): Min: 127.3, Avg: 127.6, Max: 127.7, Diff: 0.4, Sum: 1020.5]
      [Termination (ms): Min: 0.0, Avg: 0.0, Max: 0.0, Diff: 0.0, Sum: 0.2]
         [Termination Attempts: Min: 1, Avg: 94.5, Max: 134, Diff: 133, Sum: 756]
      [GC Worker Other (ms): Min: 0.0, Avg: 0.0, Max: 0.1, Diff: 0.0, Sum: 0.2]
      [GC Worker Total (ms): Min: 167.7, Avg: 167.8, Max: 167.9, Diff: 0.2, Sum: 1342.4]
      [GC Worker End (ms): Min: 13701.7, Avg: 13701.7, Max: 13701.8, Diff: 0.0]
   [Code Root Fixup: 0.0 ms]
   [Code Root Purge: 0.0 ms]
   [Clear CT: 0.4 ms]
   [Other: 1.3 ms]
      [Choose CSet: 0.0 ms]
      [Ref Proc: 0.2 ms]
      [Ref Enq: 0.0 ms]
      [Redirty Cards: 0.6 ms]
      [Humongous Register: 0.1 ms]
      [Humongous Reclaim: 0.0 ms]
      [Free CSet: 0.2 ms]
   [Eden: 188.0M(188.0M)->0.0B(193.0M) Survivors: 27.0M->27.0M Heap: 1127.2M(2048.0M)->1129.7M(2048.0M)]
 [Times: user=1.19 sys=0.05, real=0.17 secs] 
2020-09-29T12:33:06.358+0200: 13.716: [GC pause (G1 Humongous Allocation) (young) (initial-mark), 0.0616750 secs]
   [Parallel Time: 60.7 ms, GC Workers: 8]
      [GC Worker Start (ms): Min: 13715.7, Avg: 13715.7, Max: 13715.9, Diff: 0.2]
      [Ext Root Scanning (ms): Min: 0.0, Avg: 0.3, Max: 1.3, Diff: 1.3, Sum: 2.6]
      [Update RS (ms): Min: 29.9, Avg: 31.0, Max: 31.9, Diff: 2.0, Sum: 248.2]
         [Processed Buffers: Min: 24, Avg: 25.8, Max: 28, Diff: 4, Sum: 206]
      [Scan RS (ms): Min: 2.0, Avg: 2.7, Max: 3.0, Diff: 1.1, Sum: 21.7]
      [Code Root Scanning (ms): Min: 0.0, Avg: 0.0, Max: 0.0, Diff: 0.0, Sum: 0.0]
      [Object Copy (ms): Min: 26.2, Avg: 26.3, Max: 26.4, Diff: 0.1, Sum: 210.5]
      [Termination (ms): Min: 0.0, Avg: 0.1, Max: 0.1, Diff: 0.1, Sum: 0.5]
         [Termination Attempts: Min: 1, Avg: 260.5, Max: 329, Diff: 328, Sum: 2084]
      [GC Worker Other (ms): Min: 0.0, Avg: 0.0, Max: 0.0, Diff: 0.0, Sum: 0.2]
      [GC Worker Total (ms): Min: 60.3, Avg: 60.5, Max: 60.5, Diff: 0.2, Sum: 483.7]
      [GC Worker End (ms): Min: 13776.2, Avg: 13776.2, Max: 13776.2, Diff: 0.0]
   [Code Root Fixup: 0.0 ms]
   [Code Root Purge: 0.0 ms]
   [Clear CT: 0.3 ms]
   [Other: 0.7 ms]
      [Choose CSet: 0.0 ms]
      [Ref Proc: 0.2 ms]
      [Ref Enq: 0.0 ms]
      [Redirty Cards: 0.2 ms]
      [Humongous Register: 0.0 ms]
      [Humongous Reclaim: 0.0 ms]
      [Free CSet: 0.1 ms]
   [Eden: 11.0M(193.0M)->0.0B(207.0M) Survivors: 27.0M->12.0M Heap: 1140.2M(2048.0M)->1143.2M(2048.0M)]
 [Times: user=0.50 sys=0.00, real=0.06 secs] 
2020-09-29T12:33:06.419+0200: 13.777: [GC concurrent-root-region-scan-start]
2020-09-29T12:33:06.422+0200: 13.780: [GC concurrent-root-region-scan-end, 0.0029089 secs]
2020-09-29T12:33:06.422+0200: 13.780: [GC concurrent-mark-start]
2020-09-29T12:33:06.425+0200: 13.783: [GC concurrent-mark-end, 0.0031407 secs]
2020-09-29T12:33:06.426+0200: 13.784: [GC remark 2020-09-29T12:33:06.426+0200: 13.784: [Finalize Marking, 0.0002570 secs] 2020-09-29T12:33:06.426+0200: 13.784: [GC ref-proc, 0.0003982 secs] 2020-09-29T12:33:06.426+0200: 13.784: [Unloading, 0.0005998 secs], 0.0015940 secs]
 [Times: user=0.00 sys=0.00, real=0.00 secs] 
2020-09-29T12:33:06.428+0200: 13.786: [GC cleanup 1152M->28M(2048M), 0.0013369 secs]
 [Times: user=0.00 sys=0.00, real=0.00 secs] 
2020-09-29T12:33:06.429+0200: 13.787: [GC concurrent-cleanup-start]
2020-09-29T12:33:06.431+0200: 13.789: [GC concurrent-cleanup-end, 0.0018258 secs]
2020-09-29T12:33:06.598+0200: 13.956: [GC pause (G1 Evacuation Pause) (young), 0.2309686 secs]
   [Parallel Time: 229.0 ms, GC Workers: 8]
      [GC Worker Start (ms): Min: 13955.9, Avg: 13956.1, Max: 13956.2, Diff: 0.3]
      [Ext Root Scanning (ms): Min: 0.0, Avg: 0.1, Max: 0.3, Diff: 0.3, Sum: 0.9]
      [Update RS (ms): Min: 21.1, Avg: 21.5, Max: 22.4, Diff: 1.2, Sum: 172.0]
         [Processed Buffers: Min: 12, Avg: 13.6, Max: 16, Diff: 4, Sum: 109]
      [Scan RS (ms): Min: 24.0, Avg: 24.9, Max: 25.1, Diff: 1.1, Sum: 198.8]
      [Code Root Scanning (ms): Min: 0.0, Avg: 0.0, Max: 0.0, Diff: 0.0, Sum: 0.0]
      [Object Copy (ms): Min: 181.1, Avg: 181.5, Max: 181.8, Diff: 0.7, Sum: 1451.7]
      [Termination (ms): Min: 0.0, Avg: 0.6, Max: 0.8, Diff: 0.8, Sum: 4.8]
         [Termination Attempts: Min: 1, Avg: 1891.0, Max: 2271, Diff: 2270, Sum: 15128]
      [GC Worker Other (ms): Min: 0.0, Avg: 0.1, Max: 0.1, Diff: 0.1, Sum: 0.6]
      [GC Worker Total (ms): Min: 228.5, Avg: 228.6, Max: 228.8, Diff: 0.4, Sum: 1828.9]
      [GC Worker End (ms): Min: 14184.7, Avg: 14184.7, Max: 14184.8, Diff: 0.1]
   [Code Root Fixup: 0.0 ms]
   [Code Root Purge: 0.0 ms]
   [Clear CT: 0.5 ms]
   [Other: 1.5 ms]
      [Choose CSet: 0.0 ms]
      [Ref Proc: 0.3 ms]
      [Ref Enq: 0.0 ms]
      [Redirty Cards: 0.5 ms]
      [Humongous Register: 0.1 ms]
      [Humongous Reclaim: 0.0 ms]
      [Free CSet: 0.3 ms]
   [Eden: 207.0M(207.0M)->0.0B(153.0M) Survivors: 12.0M->28.0M Heap: 262.7M(2048.0M)->253.2M(2048.0M)]
 [Times: user=1.53 sys=0.09, real=0.23 secs] 
2020-09-29T12:33:07.000+0200: 14.357: [GC pause (G1 Evacuation Pause) (young), 0.2222984 secs]
   [Parallel Time: 220.5 ms, GC Workers: 8]
      [GC Worker Start (ms): Min: 14357.6, Avg: 14357.7, Max: 14357.9, Diff: 0.2]
      [Ext Root Scanning (ms): Min: 0.0, Avg: 0.1, Max: 0.2, Diff: 0.2, Sum: 0.9]
      [Update RS (ms): Min: 18.7, Avg: 19.4, Max: 20.3, Diff: 1.6, Sum: 155.1]
         [Processed Buffers: Min: 9, Avg: 11.6, Max: 15, Diff: 6, Sum: 93]
      [Scan RS (ms): Min: 20.6, Avg: 21.6, Max: 22.5, Diff: 1.9, Sum: 172.8]
      [Code Root Scanning (ms): Min: 0.0, Avg: 0.0, Max: 0.0, Diff: 0.0, Sum: 0.0]
      [Object Copy (ms): Min: 177.4, Avg: 178.0, Max: 179.1, Diff: 1.7, Sum: 1423.8]
      [Termination (ms): Min: 0.0, Avg: 1.1, Max: 1.4, Diff: 1.4, Sum: 8.6]
         [Termination Attempts: Min: 1, Avg: 3230.8, Max: 4153, Diff: 4152, Sum: 25846]
      [GC Worker Other (ms): Min: 0.0, Avg: 0.0, Max: 0.1, Diff: 0.1, Sum: 0.4]
      [GC Worker Total (ms): Min: 220.0, Avg: 220.2, Max: 220.3, Diff: 0.3, Sum: 1761.6]
      [GC Worker End (ms): Min: 14577.9, Avg: 14577.9, Max: 14578.0, Diff: 0.1]
   [Code Root Fixup: 0.0 ms]
   [Code Root Purge: 0.0 ms]
   [Clear CT: 0.3 ms]
   [Other: 1.4 ms]
      [Choose CSet: 0.0 ms]
      [Ref Proc: 0.4 ms]
      [Ref Enq: 0.0 ms]
      [Redirty Cards: 0.3 ms]
      [Humongous Register: 0.1 ms]
      [Humongous Reclaim: 0.0 ms]
      [Free CSet: 0.3 ms]
   [Eden: 153.0M(153.0M)->0.0B(131.0M) Survivors: 28.0M->23.0M Heap: 431.0M(2048.0M)->434.0M(2048.0M)]
 [Times: user=1.66 sys=0.03, real=0.22 secs] 
2020-09-29T12:33:07.355+0200: 14.713: [GC pause (G1 Evacuation Pause) (young), 0.1569321 secs]
   [Parallel Time: 155.4 ms, GC Workers: 8]
      [GC Worker Start (ms): Min: 14712.9, Avg: 14713.1, Max: 14713.2, Diff: 0.2]
      [Ext Root Scanning (ms): Min: 0.0, Avg: 0.2, Max: 0.3, Diff: 0.3, Sum: 1.2]
      [Update RS (ms): Min: 22.8, Avg: 23.4, Max: 23.7, Diff: 1.0, Sum: 187.4]
         [Processed Buffers: Min: 13, Avg: 13.3, Max: 15, Diff: 2, Sum: 106]
      [Scan RS (ms): Min: 13.6, Avg: 13.9, Max: 14.5, Diff: 1.0, Sum: 111.5]
      [Code Root Scanning (ms): Min: 0.0, Avg: 0.0, Max: 0.0, Diff: 0.0, Sum: 0.0]
      [Object Copy (ms): Min: 117.2, Avg: 117.4, Max: 117.5, Diff: 0.3, Sum: 939.0]
      [Termination (ms): Min: 0.0, Avg: 0.1, Max: 0.1, Diff: 0.1, Sum: 0.8]
         [Termination Attempts: Min: 1, Avg: 74.8, Max: 110, Diff: 109, Sum: 598]
      [GC Worker Other (ms): Min: 0.0, Avg: 0.0, Max: 0.0, Diff: 0.0, Sum: 0.2]
      [GC Worker Total (ms): Min: 154.9, Avg: 155.0, Max: 155.1, Diff: 0.2, Sum: 1240.1]
      [GC Worker End (ms): Min: 14868.1, Avg: 14868.1, Max: 14868.1, Diff: 0.0]
   [Code Root Fixup: 0.0 ms]
   [Code Root Purge: 0.0 ms]
   [Clear CT: 0.4 ms]
   [Other: 1.1 ms]
      [Choose CSet: 0.0 ms]
      [Ref Proc: 0.2 ms]
      [Ref Enq: 0.0 ms]
      [Redirty Cards: 0.4 ms]
      [Humongous Register: 0.1 ms]
      [Humongous Reclaim: 0.0 ms]
      [Free CSet: 0.2 ms]
   [Eden: 131.0M(131.0M)->0.0B(139.0M) Survivors: 23.0M->20.0M Heap: 586.0M(2048.0M)->588.0M(2048.0M)]
 [Times: user=1.19 sys=0.06, real=0.16 secs] 
2020-09-29T12:33:07.654+0200: 15.011: [GC pause (G1 Evacuation Pause) (young), 0.1813392 secs]
   [Parallel Time: 179.5 ms, GC Workers: 8]
      [GC Worker Start (ms): Min: 15011.2, Avg: 15011.4, Max: 15011.5, Diff: 0.3]
      [Ext Root Scanning (ms): Min: 0.0, Avg: 0.1, Max: 0.3, Diff: 0.3, Sum: 0.9]
      [Update RS (ms): Min: 21.7, Avg: 21.8, Max: 21.8, Diff: 0.1, Sum: 174.1]
         [Processed Buffers: Min: 12, Avg: 13.9, Max: 15, Diff: 3, Sum: 111]
      [Scan RS (ms): Min: 15.7, Avg: 15.8, Max: 16.0, Diff: 0.3, Sum: 126.2]
      [Code Root Scanning (ms): Min: 0.0, Avg: 0.0, Max: 0.0, Diff: 0.0, Sum: 0.0]
      [Object Copy (ms): Min: 140.9, Avg: 141.3, Max: 141.4, Diff: 0.5, Sum: 1130.0]
      [Termination (ms): Min: 0.0, Avg: 0.2, Max: 0.2, Diff: 0.2, Sum: 1.4]
         [Termination Attempts: Min: 1, Avg: 582.8, Max: 719, Diff: 718, Sum: 4662]
      [GC Worker Other (ms): Min: 0.0, Avg: 0.0, Max: 0.1, Diff: 0.1, Sum: 0.3]
      [GC Worker Total (ms): Min: 179.0, Avg: 179.1, Max: 179.3, Diff: 0.3, Sum: 1433.0]
      [GC Worker End (ms): Min: 15190.5, Avg: 15190.5, Max: 15190.5, Diff: 0.1]
   [Code Root Fixup: 0.0 ms]
   [Code Root Purge: 0.0 ms]
   [Clear CT: 0.4 ms]
   [Other: 1.4 ms]
      [Choose CSet: 0.0 ms]
      [Ref Proc: 0.4 ms]
      [Ref Enq: 0.0 ms]
      [Redirty Cards: 0.4 ms]
      [Humongous Register: 0.1 ms]
      [Humongous Reclaim: 0.0 ms]
      [Free CSet: 0.2 ms]
   [Eden: 139.0M(139.0M)->0.0B(137.0M) Survivors: 20.0M->20.0M Heap: 751.8M(2048.0M)->753.3M(2048.0M)]
 [Times: user=1.42 sys=0.02, real=0.18 secs] 
2020-09-29T12:33:07.978+0200: 15.335: [GC pause (G1 Evacuation Pause) (young), 0.1656071 secs]
   [Parallel Time: 163.6 ms, GC Workers: 8]
      [GC Worker Start (ms): Min: 15335.4, Avg: 15335.5, Max: 15335.6, Diff: 0.2]
      [Ext Root Scanning (ms): Min: 0.0, Avg: 0.1, Max: 0.2, Diff: 0.2, Sum: 0.9]
      [Update RS (ms): Min: 19.8, Avg: 20.1, Max: 21.2, Diff: 1.4, Sum: 160.8]
         [Processed Buffers: Min: 11, Avg: 12.9, Max: 18, Diff: 7, Sum: 103]
      [Scan RS (ms): Min: 16.8, Avg: 17.9, Max: 18.4, Diff: 1.7, Sum: 143.4]
      [Code Root Scanning (ms): Min: 0.0, Avg: 0.0, Max: 0.0, Diff: 0.0, Sum: 0.0]
      [Object Copy (ms): Min: 124.7, Avg: 125.0, Max: 125.1, Diff: 0.4, Sum: 999.8]
      [Termination (ms): Min: 0.0, Avg: 0.1, Max: 0.1, Diff: 0.1, Sum: 0.8]
         [Termination Attempts: Min: 1, Avg: 342.5, Max: 426, Diff: 425, Sum: 2740]
      [GC Worker Other (ms): Min: 0.0, Avg: 0.0, Max: 0.1, Diff: 0.1, Sum: 0.3]
      [GC Worker Total (ms): Min: 163.1, Avg: 163.2, Max: 163.4, Diff: 0.3, Sum: 1306.0]
      [GC Worker End (ms): Min: 15498.7, Avg: 15498.8, Max: 15498.8, Diff: 0.1]
   [Code Root Fixup: 0.0 ms]
   [Code Root Purge: 0.0 ms]
   [Clear CT: 0.7 ms]
   [Other: 1.2 ms]
      [Choose CSet: 0.0 ms]
      [Ref Proc: 0.3 ms]
      [Ref Enq: 0.0 ms]
      [Redirty Cards: 0.5 ms]
      [Humongous Register: 0.1 ms]
      [Humongous Reclaim: 0.0 ms]
      [Free CSet: 0.1 ms]
   [Eden: 137.0M(137.0M)->0.0B(141.0M) Survivors: 20.0M->20.0M Heap: 913.2M(2048.0M)->915.2M(2048.0M)]
 [Times: user=1.09 sys=0.11, real=0.16 secs] 
2020-09-29T12:33:08.263+0200: 15.620: [GC pause (G1 Humongous Allocation) (young) (initial-mark), 0.1568484 secs]
   [Parallel Time: 155.1 ms, GC Workers: 8]
      [GC Worker Start (ms): Min: 15620.7, Avg: 15620.8, Max: 15620.9, Diff: 0.2]
      [Ext Root Scanning (ms): Min: 0.0, Avg: 0.1, Max: 0.3, Diff: 0.2, Sum: 1.0]
      [Update RS (ms): Min: 12.9, Avg: 13.8, Max: 14.1, Diff: 1.2, Sum: 110.0]
         [Processed Buffers: Min: 8, Avg: 8.1, Max: 9, Diff: 1, Sum: 65]
      [Scan RS (ms): Min: 15.1, Avg: 15.6, Max: 16.5, Diff: 1.4, Sum: 124.5]
      [Code Root Scanning (ms): Min: 0.0, Avg: 0.0, Max: 0.0, Diff: 0.0, Sum: 0.0]
      [Object Copy (ms): Min: 124.7, Avg: 124.9, Max: 125.5, Diff: 0.8, Sum: 999.4]
      [Termination (ms): Min: 0.0, Avg: 0.4, Max: 0.5, Diff: 0.5, Sum: 2.9]
         [Termination Attempts: Min: 1, Avg: 1269.0, Max: 1697, Diff: 1696, Sum: 10152]
      [GC Worker Other (ms): Min: 0.0, Avg: 0.0, Max: 0.1, Diff: 0.0, Sum: 0.3]
      [GC Worker Total (ms): Min: 154.7, Avg: 154.8, Max: 154.9, Diff: 0.2, Sum: 1238.2]
      [GC Worker End (ms): Min: 15775.6, Avg: 15775.6, Max: 15775.6, Diff: 0.0]
   [Code Root Fixup: 0.0 ms]
   [Code Root Purge: 0.0 ms]
   [Clear CT: 0.3 ms]
   [Other: 1.4 ms]
      [Choose CSet: 0.0 ms]
      [Ref Proc: 0.4 ms]
      [Ref Enq: 0.0 ms]
      [Redirty Cards: 0.4 ms]
      [Humongous Register: 0.0 ms]
      [Humongous Reclaim: 0.0 ms]
      [Free CSet: 0.2 ms]
   [Eden: 115.0M(141.0M)->0.0B(138.0M) Survivors: 20.0M->21.0M Heap: 1046.9M(2048.0M)->1047.9M(2048.0M)]
 [Times: user=1.22 sys=0.00, real=0.16 secs] 
2020-09-29T12:33:08.420+0200: 15.778: [GC concurrent-root-region-scan-start]
2020-09-29T12:33:08.434+0200: 15.791: [GC concurrent-root-region-scan-end, 0.0138060 secs]
2020-09-29T12:33:08.434+0200: 15.791: [GC concurrent-mark-start]
2020-09-29T12:33:08.440+0200: 15.797: [GC concurrent-mark-end, 0.0053406 secs]
2020-09-29T12:33:08.440+0200: 15.798: [GC remark 2020-09-29T12:33:08.440+0200: 15.798: [Finalize Marking, 0.0003564 secs] 2020-09-29T12:33:08.441+0200: 15.798: [GC ref-proc, 0.0005197 secs] 2020-09-29T12:33:08.441+0200: 15.799: [Unloading, 0.0008433 secs], 0.0022255 secs]
 [Times: user=0.09 sys=0.00, real=0.00 secs] 
2020-09-29T12:33:08.443+0200: 15.801: [GC cleanup 1054M->35M(2048M), 0.0028127 secs]
 [Times: user=0.00 sys=0.00, real=0.00 secs] 
2020-09-29T12:33:08.446+0200: 15.803: [GC concurrent-cleanup-start]
2020-09-29T12:33:08.448+0200: 15.806: [GC concurrent-cleanup-end, 0.0020745 secs]
2020-09-29T12:33:08.576+0200: 15.933: [GC pause (G1 Evacuation Pause) (young), 0.1525141 secs]
   [Parallel Time: 150.7 ms, GC Workers: 8]
      [GC Worker Start (ms): Min: 15933.6, Avg: 15933.8, Max: 15933.9, Diff: 0.3]
      [Ext Root Scanning (ms): Min: 0.0, Avg: 0.1, Max: 0.3, Diff: 0.3, Sum: 0.8]
      [Update RS (ms): Min: 19.2, Avg: 19.3, Max: 19.7, Diff: 0.5, Sum: 154.7]
         [Processed Buffers: Min: 11, Avg: 12.8, Max: 17, Diff: 6, Sum: 102]
      [Scan RS (ms): Min: 13.1, Avg: 13.3, Max: 13.5, Diff: 0.3, Sum: 106.4]
      [Code Root Scanning (ms): Min: 0.0, Avg: 0.0, Max: 0.0, Diff: 0.0, Sum: 0.0]
      [Object Copy (ms): Min: 117.0, Avg: 117.2, Max: 117.4, Diff: 0.4, Sum: 937.6]
      [Termination (ms): Min: 0.0, Avg: 0.2, Max: 0.3, Diff: 0.3, Sum: 2.0]
         [Termination Attempts: Min: 1, Avg: 845.8, Max: 1105, Diff: 1104, Sum: 6766]
      [GC Worker Other (ms): Min: 0.0, Avg: 0.0, Max: 0.1, Diff: 0.1, Sum: 0.4]
      [GC Worker Total (ms): Min: 150.1, Avg: 150.2, Max: 150.4, Diff: 0.3, Sum: 1201.9]
      [GC Worker End (ms): Min: 16084.0, Avg: 16084.0, Max: 16084.0, Diff: 0.1]
   [Code Root Fixup: 0.0 ms]
   [Code Root Purge: 0.0 ms]
   [Clear CT: 0.5 ms]
   [Other: 1.3 ms]
      [Choose CSet: 0.0 ms]
      [Ref Proc: 0.2 ms]
      [Ref Enq: 0.0 ms]
      [Redirty Cards: 0.6 ms]
      [Humongous Register: 0.1 ms]
      [Humongous Reclaim: 0.0 ms]
      [Free CSet: 0.2 ms]
   [Eden: 138.0M(138.0M)->0.0B(145.0M) Survivors: 21.0M->20.0M Heap: 191.8M(2048.0M)->172.8M(2048.0M)]
 [Times: user=1.23 sys=0.00, real=0.15 secs] 
2020-09-29T12:33:08.872+0200: 16.230: [GC pause (G1 Evacuation Pause) (young), 0.1736869 secs]
   [Parallel Time: 171.8 ms, GC Workers: 8]
      [GC Worker Start (ms): Min: 16229.7, Avg: 16229.8, Max: 16229.9, Diff: 0.2]
      [Ext Root Scanning (ms): Min: 0.0, Avg: 0.2, Max: 0.9, Diff: 0.8, Sum: 1.6]
      [Update RS (ms): Min: 18.3, Avg: 19.2, Max: 19.8, Diff: 1.5, Sum: 153.4]
         [Processed Buffers: Min: 11, Avg: 11.5, Max: 14, Diff: 3, Sum: 92]
      [Scan RS (ms): Min: 17.9, Avg: 18.5, Max: 18.9, Diff: 1.0, Sum: 148.0]
      [Code Root Scanning (ms): Min: 0.0, Avg: 0.0, Max: 0.0, Diff: 0.0, Sum: 0.0]
      [Object Copy (ms): Min: 133.0, Avg: 133.4, Max: 133.7, Diff: 0.6, Sum: 1067.3]
      [Termination (ms): Min: 0.0, Avg: 0.2, Max: 0.2, Diff: 0.2, Sum: 1.3]
         [Termination Attempts: Min: 1, Avg: 528.1, Max: 663, Diff: 662, Sum: 4225]
      [GC Worker Other (ms): Min: 0.0, Avg: 0.1, Max: 0.1, Diff: 0.1, Sum: 0.5]
      [GC Worker Total (ms): Min: 171.4, Avg: 171.5, Max: 171.7, Diff: 0.3, Sum: 1372.2]
      [GC Worker End (ms): Min: 16401.3, Avg: 16401.3, Max: 16401.4, Diff: 0.1]
   [Code Root Fixup: 0.0 ms]
   [Code Root Purge: 0.0 ms]
   [Clear CT: 0.5 ms]
   [Other: 1.3 ms]
      [Choose CSet: 0.0 ms]
      [Ref Proc: 0.4 ms]
      [Ref Enq: 0.0 ms]
      [Redirty Cards: 0.4 ms]
      [Humongous Register: 0.1 ms]
      [Humongous Reclaim: 0.0 ms]
      [Free CSet: 0.2 ms]
   [Eden: 145.0M(145.0M)->0.0B(146.0M) Survivors: 20.0M->21.0M Heap: 340.7M(2048.0M)->343.2M(2048.0M)]
 [Times: user=1.28 sys=0.08, real=0.17 secs] 
2020-09-29T12:33:09.192+0200: 16.550: [GC pause (G1 Evacuation Pause) (young), 0.1891348 secs]
   [Parallel Time: 185.1 ms, GC Workers: 8]
      [GC Worker Start (ms): Min: 16549.9, Avg: 16550.1, Max: 16550.2, Diff: 0.3]
      [Ext Root Scanning (ms): Min: 0.0, Avg: 0.1, Max: 0.3, Diff: 0.3, Sum: 0.8]
      [Update RS (ms): Min: 23.5, Avg: 23.8, Max: 24.5, Diff: 1.0, Sum: 190.2]
         [Processed Buffers: Min: 13, Avg: 14.3, Max: 18, Diff: 5, Sum: 114]
      [Scan RS (ms): Min: 16.3, Avg: 16.9, Max: 17.3, Diff: 1.1, Sum: 135.3]
      [Code Root Scanning (ms): Min: 0.0, Avg: 0.0, Max: 0.0, Diff: 0.0, Sum: 0.0]
      [Object Copy (ms): Min: 143.6, Avg: 143.8, Max: 144.0, Diff: 0.3, Sum: 1150.7]
      [Termination (ms): Min: 0.0, Avg: 0.0, Max: 0.0, Diff: 0.0, Sum: 0.1]
         [Termination Attempts: Min: 1, Avg: 24.8, Max: 54, Diff: 53, Sum: 198]
      [GC Worker Other (ms): Min: 0.0, Avg: 0.1, Max: 0.1, Diff: 0.1, Sum: 0.5]
      [GC Worker Total (ms): Min: 184.5, Avg: 184.7, Max: 184.8, Diff: 0.3, Sum: 1477.6]
      [GC Worker End (ms): Min: 16734.7, Avg: 16734.8, Max: 16734.8, Diff: 0.1]
   [Code Root Fixup: 0.0 ms]
   [Code Root Purge: 0.0 ms]
   [Clear CT: 0.9 ms]
   [Other: 3.2 ms]
      [Choose CSet: 0.0 ms]
      [Ref Proc: 0.9 ms]
      [Ref Enq: 0.0 ms]
      [Redirty Cards: 1.7 ms]
      [Humongous Register: 0.1 ms]
      [Humongous Reclaim: 0.0 ms]
      [Free CSet: 0.2 ms]
   [Eden: 146.0M(146.0M)->0.0B(142.0M) Survivors: 21.0M->21.0M Heap: 514.0M(2048.0M)->516.5M(2048.0M)]
 [Times: user=1.30 sys=0.03, real=0.19 secs] 
2020-09-29T12:33:09.520+0200: 16.878: [GC pause (G1 Evacuation Pause) (young), 0.1732329 secs]
   [Parallel Time: 171.3 ms, GC Workers: 8]
      [GC Worker Start (ms): Min: 16877.8, Avg: 16878.0, Max: 16878.1, Diff: 0.3]
      [Ext Root Scanning (ms): Min: 0.0, Avg: 0.1, Max: 0.3, Diff: 0.3, Sum: 0.9]
      [Update RS (ms): Min: 17.9, Avg: 18.4, Max: 18.8, Diff: 0.9, Sum: 146.8]
         [Processed Buffers: Min: 10, Avg: 10.6, Max: 12, Diff: 2, Sum: 85]
      [Scan RS (ms): Min: 18.1, Avg: 18.5, Max: 18.8, Diff: 0.7, Sum: 148.2]
      [Code Root Scanning (ms): Min: 0.0, Avg: 0.0, Max: 0.0, Diff: 0.0, Sum: 0.0]
      [Object Copy (ms): Min: 133.5, Avg: 133.7, Max: 134.0, Diff: 0.5, Sum: 1069.6]
      [Termination (ms): Min: 0.0, Avg: 0.1, Max: 0.2, Diff: 0.2, Sum: 1.1]
         [Termination Attempts: Min: 1, Avg: 464.0, Max: 561, Diff: 560, Sum: 3712]
      [GC Worker Other (ms): Min: 0.0, Avg: 0.0, Max: 0.1, Diff: 0.1, Sum: 0.3]
      [GC Worker Total (ms): Min: 170.8, Avg: 170.9, Max: 171.0, Diff: 0.3, Sum: 1367.0]
      [GC Worker End (ms): Min: 17048.8, Avg: 17048.9, Max: 17048.9, Diff: 0.1]
   [Code Root Fixup: 0.1 ms]
   [Code Root Purge: 0.0 ms]
   [Clear CT: 0.4 ms]
   [Other: 1.5 ms]
      [Choose CSet: 0.0 ms]
      [Ref Proc: 0.4 ms]
      [Ref Enq: 0.0 ms]
      [Redirty Cards: 0.5 ms]
      [Humongous Register: 0.1 ms]
      [Humongous Reclaim: 0.0 ms]
      [Free CSet: 0.2 ms]
   [Eden: 142.0M(142.0M)->0.0B(145.0M) Survivors: 21.0M->21.0M Heap: 681.4M(2048.0M)->683.9M(2048.0M)]
 [Times: user=1.19 sys=0.06, real=0.17 secs] 
2020-09-29T12:33:09.840+0200: 17.198: [GC pause (G1 Evacuation Pause) (young), 0.1736654 secs]
   [Parallel Time: 172.4 ms, GC Workers: 8]
      [GC Worker Start (ms): Min: 17198.1, Avg: 17198.3, Max: 17198.4, Diff: 0.3]
      [Ext Root Scanning (ms): Min: 0.0, Avg: 0.1, Max: 0.2, Diff: 0.2, Sum: 0.9]
      [Update RS (ms): Min: 17.4, Avg: 17.6, Max: 17.9, Diff: 0.5, Sum: 140.7]
         [Processed Buffers: Min: 10, Avg: 11.1, Max: 13, Diff: 3, Sum: 89]
      [Scan RS (ms): Min: 18.7, Avg: 19.0, Max: 19.3, Diff: 0.6, Sum: 152.0]
      [Code Root Scanning (ms): Min: 0.0, Avg: 0.0, Max: 0.0, Diff: 0.0, Sum: 0.0]
      [Object Copy (ms): Min: 135.0, Avg: 135.2, Max: 135.3, Diff: 0.3, Sum: 1081.7]
      [Termination (ms): Min: 0.0, Avg: 0.0, Max: 0.0, Diff: 0.0, Sum: 0.2]
         [Termination Attempts: Min: 1, Avg: 94.5, Max: 130, Diff: 129, Sum: 756]
      [GC Worker Other (ms): Min: 0.0, Avg: 0.0, Max: 0.1, Diff: 0.0, Sum: 0.3]
      [GC Worker Total (ms): Min: 171.9, Avg: 172.0, Max: 172.1, Diff: 0.2, Sum: 1375.9]
      [GC Worker End (ms): Min: 17370.2, Avg: 17370.2, Max: 17370.3, Diff: 0.0]
   [Code Root Fixup: 0.0 ms]
   [Code Root Purge: 0.0 ms]
   [Clear CT: 0.3 ms]
   [Other: 1.0 ms]
      [Choose CSet: 0.0 ms]
      [Ref Proc: 0.3 ms]
      [Ref Enq: 0.0 ms]
      [Redirty Cards: 0.3 ms]
      [Humongous Register: 0.1 ms]
      [Humongous Reclaim: 0.0 ms]
      [Free CSet: 0.2 ms]
   [Eden: 145.0M(145.0M)->0.0B(147.0M) Survivors: 21.0M->21.0M Heap: 853.7M(2048.0M)->855.2M(2048.0M)]
 [Times: user=1.31 sys=0.05, real=0.17 secs] 
2020-09-29T12:33:10.158+0200: 17.516: [GC pause (G1 Evacuation Pause) (young), 0.1759140 secs]
   [Parallel Time: 174.0 ms, GC Workers: 8]
      [GC Worker Start (ms): Min: 17516.0, Avg: 17516.1, Max: 17516.3, Diff: 0.3]
      [Ext Root Scanning (ms): Min: 0.0, Avg: 0.1, Max: 0.3, Diff: 0.3, Sum: 0.8]
      [Update RS (ms): Min: 21.3, Avg: 21.5, Max: 21.9, Diff: 0.6, Sum: 172.2]
         [Processed Buffers: Min: 12, Avg: 13.3, Max: 17, Diff: 5, Sum: 106]
      [Scan RS (ms): Min: 16.9, Avg: 17.3, Max: 17.7, Diff: 0.8, Sum: 138.6]
      [Code Root Scanning (ms): Min: 0.0, Avg: 0.0, Max: 0.0, Diff: 0.0, Sum: 0.0]
      [Object Copy (ms): Min: 134.2, Avg: 134.6, Max: 134.7, Diff: 0.5, Sum: 1076.5]
      [Termination (ms): Min: 0.0, Avg: 0.1, Max: 0.2, Diff: 0.2, Sum: 1.0]
         [Termination Attempts: Min: 1, Avg: 360.4, Max: 462, Diff: 461, Sum: 2883]
      [GC Worker Other (ms): Min: 0.0, Avg: 0.1, Max: 0.1, Diff: 0.1, Sum: 0.4]
      [GC Worker Total (ms): Min: 173.5, Avg: 173.7, Max: 173.9, Diff: 0.4, Sum: 1389.5]
      [GC Worker End (ms): Min: 17689.8, Avg: 17689.8, Max: 17689.9, Diff: 0.1]
   [Code Root Fixup: 0.0 ms]
   [Code Root Purge: 0.0 ms]
   [Clear CT: 0.6 ms]
   [Other: 1.3 ms]
      [Choose CSet: 0.0 ms]
      [Ref Proc: 0.4 ms]
      [Ref Enq: 0.0 ms]
      [Redirty Cards: 0.4 ms]
      [Humongous Register: 0.1 ms]
      [Humongous Reclaim: 0.0 ms]
      [Free CSet: 0.2 ms]
   [Eden: 147.0M(147.0M)->0.0B(150.0M) Survivors: 21.0M->21.0M Heap: 1027.0M(2048.0M)->1029.0M(2048.0M)]
 [Times: user=1.36 sys=0.03, real=0.18 secs] 
2020-09-29T12:33:10.345+0200: 17.703: [GC pause (G1 Humongous Allocation) (young) (initial-mark), 0.0639358 secs]
   [Parallel Time: 62.2 ms, GC Workers: 8]
      [GC Worker Start (ms): Min: 17703.1, Avg: 17703.3, Max: 17703.4, Diff: 0.3]
      [Ext Root Scanning (ms): Min: 1.6, Avg: 1.8, Max: 2.2, Diff: 0.6, Sum: 14.5]
      [Update RS (ms): Min: 33.0, Avg: 33.9, Max: 34.4, Diff: 1.4, Sum: 271.5]
         [Processed Buffers: Min: 19, Avg: 21.4, Max: 24, Diff: 5, Sum: 171]
      [Scan RS (ms): Min: 2.1, Avg: 2.4, Max: 2.7, Diff: 0.6, Sum: 18.9]
      [Code Root Scanning (ms): Min: 0.0, Avg: 0.0, Max: 0.0, Diff: 0.0, Sum: 0.0]
      [Object Copy (ms): Min: 23.5, Avg: 23.6, Max: 23.7, Diff: 0.1, Sum: 188.9]
      [Termination (ms): Min: 0.1, Avg: 0.1, Max: 0.2, Diff: 0.1, Sum: 1.0]
         [Termination Attempts: Min: 1, Avg: 208.0, Max: 274, Diff: 273, Sum: 1664]
      [GC Worker Other (ms): Min: 0.0, Avg: 0.0, Max: 0.0, Diff: 0.0, Sum: 0.1]
      [GC Worker Total (ms): Min: 61.7, Avg: 61.9, Max: 62.0, Diff: 0.3, Sum: 495.1]
      [GC Worker End (ms): Min: 17765.1, Avg: 17765.1, Max: 17765.1, Diff: 0.0]
   [Code Root Fixup: 0.0 ms]
   [Code Root Purge: 0.0 ms]
   [Clear CT: 0.7 ms]
   [Other: 1.1 ms]
      [Choose CSet: 0.0 ms]
      [Ref Proc: 0.4 ms]
      [Ref Enq: 0.0 ms]
      [Redirty Cards: 0.3 ms]
      [Humongous Register: 0.1 ms]
      [Humongous Reclaim: 0.0 ms]
      [Free CSet: 0.1 ms]
   [Eden: 7168.0K(150.0M)->0.0B(164.0M) Survivors: 21.0M->9216.0K Heap: 1036.0M(2048.0M)->1039.0M(2048.0M)]
 [Times: user=0.42 sys=0.02, real=0.06 secs] 
2020-09-29T12:33:10.409+0200: 17.767: [GC concurrent-root-region-scan-start]
2020-09-29T12:33:10.412+0200: 17.770: [GC concurrent-root-region-scan-end, 0.0025840 secs]
2020-09-29T12:33:10.412+0200: 17.770: [GC concurrent-mark-start]
2020-09-29T12:33:10.416+0200: 17.774: [GC concurrent-mark-end, 0.0038871 secs]
2020-09-29T12:33:10.416+0200: 17.774: [GC remark 2020-09-29T12:33:10.416+0200: 17.774: [Finalize Marking, 0.0002332 secs] 2020-09-29T12:33:10.416+0200: 17.774: [GC ref-proc, 0.0005335 secs] 2020-09-29T12:33:10.417+0200: 17.775: [Unloading, 0.0007043 secs], 0.0020322 secs]
 [Times: user=0.00 sys=0.00, real=0.00 secs] 
2020-09-29T12:33:10.419+0200: 17.777: [GC cleanup 1048M->26M(2048M), 0.0018582 secs]
 [Times: user=0.00 sys=0.00, real=0.00 secs] 
2020-09-29T12:33:10.421+0200: 17.779: [GC concurrent-cleanup-start]
2020-09-29T12:33:10.423+0200: 17.781: [GC concurrent-cleanup-end, 0.0019543 secs]
2020-09-29T12:33:10.574+0200: 17.931: [GC pause (G1 Evacuation Pause) (young), 0.1856845 secs]
   [Parallel Time: 184.0 ms, GC Workers: 8]
      [GC Worker Start (ms): Min: 17931.7, Avg: 17931.8, Max: 17931.9, Diff: 0.3]
      [Ext Root Scanning (ms): Min: 0.0, Avg: 0.1, Max: 0.3, Diff: 0.3, Sum: 0.9]
      [Update RS (ms): Min: 21.6, Avg: 22.0, Max: 22.8, Diff: 1.2, Sum: 176.0]
         [Processed Buffers: Min: 12, Avg: 13.5, Max: 18, Diff: 6, Sum: 108]
      [Scan RS (ms): Min: 16.1, Avg: 17.0, Max: 17.7, Diff: 1.6, Sum: 136.3]
      [Code Root Scanning (ms): Min: 0.0, Avg: 0.0, Max: 0.0, Diff: 0.0, Sum: 0.0]
      [Object Copy (ms): Min: 143.9, Avg: 144.2, Max: 144.5, Diff: 0.6, Sum: 1153.4]
      [Termination (ms): Min: 0.0, Avg: 0.2, Max: 0.2, Diff: 0.2, Sum: 1.5]
         [Termination Attempts: Min: 1, Avg: 621.0, Max: 819, Diff: 818, Sum: 4968]
      [GC Worker Other (ms): Min: 0.0, Avg: 0.0, Max: 0.1, Diff: 0.0, Sum: 0.3]
      [GC Worker Total (ms): Min: 183.4, Avg: 183.5, Max: 183.7, Diff: 0.3, Sum: 1468.4]
      [GC Worker End (ms): Min: 18115.3, Avg: 18115.4, Max: 18115.4, Diff: 0.0]
   [Code Root Fixup: 0.0 ms]
   [Code Root Purge: 0.0 ms]
   [Clear CT: 0.4 ms]
   [Other: 1.3 ms]
      [Choose CSet: 0.0 ms]
      [Ref Proc: 0.4 ms]
      [Ref Enq: 0.0 ms]
      [Redirty Cards: 0.4 ms]
      [Humongous Register: 0.1 ms]
      [Humongous Reclaim: 0.0 ms]
      [Free CSet: 0.2 ms]
   [Eden: 164.0M(164.0M)->0.0B(146.0M) Survivors: 9216.0K->22.0M Heap: 209.1M(2048.0M)->202.6M(2048.0M)]
 [Times: user=1.31 sys=0.09, real=0.19 secs] 
2020-09-29T12:33:10.911+0200: 18.269: [GC pause (G1 Evacuation Pause) (young), 0.1685364 secs]
   [Parallel Time: 167.1 ms, GC Workers: 8]
      [GC Worker Start (ms): Min: 18268.9, Avg: 18268.9, Max: 18269.0, Diff: 0.2]
      [Ext Root Scanning (ms): Min: 0.0, Avg: 0.1, Max: 0.2, Diff: 0.2, Sum: 1.1]
      [Update RS (ms): Min: 16.2, Avg: 16.6, Max: 17.7, Diff: 1.5, Sum: 132.5]
         [Processed Buffers: Min: 7, Avg: 10.6, Max: 14, Diff: 7, Sum: 85]
      [Scan RS (ms): Min: 19.3, Avg: 20.5, Max: 20.9, Diff: 1.6, Sum: 163.9]
      [Code Root Scanning (ms): Min: 0.0, Avg: 0.0, Max: 0.0, Diff: 0.0, Sum: 0.0]
      [Object Copy (ms): Min: 129.5, Avg: 129.6, Max: 129.6, Diff: 0.1, Sum: 1036.6]
      [Termination (ms): Min: 0.0, Avg: 0.0, Max: 0.0, Diff: 0.0, Sum: 0.1]
         [Termination Attempts: Min: 1, Avg: 56.6, Max: 72, Diff: 71, Sum: 453]
      [GC Worker Other (ms): Min: 0.0, Avg: 0.1, Max: 0.1, Diff: 0.1, Sum: 0.4]
      [GC Worker Total (ms): Min: 166.7, Avg: 166.8, Max: 167.0, Diff: 0.2, Sum: 1334.6]
      [GC Worker End (ms): Min: 18435.7, Avg: 18435.8, Max: 18435.8, Diff: 0.1]
   [Code Root Fixup: 0.0 ms]
   [Code Root Purge: 0.0 ms]
   [Clear CT: 0.3 ms]
   [Other: 1.1 ms]
      [Choose CSet: 0.0 ms]
      [Ref Proc: 0.3 ms]
      [Ref Enq: 0.0 ms]
      [Redirty Cards: 0.3 ms]
      [Humongous Register: 0.1 ms]
      [Humongous Reclaim: 0.0 ms]
      [Free CSet: 0.2 ms]
   [Eden: 146.0M(146.0M)->0.0B(146.0M) Survivors: 22.0M->21.0M Heap: 373.4M(2048.0M)->374.9M(2048.0M)]
 [Times: user=1.22 sys=0.03, real=0.17 secs] 
2020-09-29T12:33:11.226+0200: 18.583: [GC pause (G1 Evacuation Pause) (young), 0.1712621 secs]
   [Parallel Time: 168.5 ms, GC Workers: 8]
      [GC Worker Start (ms): Min: 18583.5, Avg: 18583.6, Max: 18583.7, Diff: 0.2]
      [Ext Root Scanning (ms): Min: 0.0, Avg: 0.1, Max: 0.3, Diff: 0.2, Sum: 0.9]
      [Update RS (ms): Min: 14.3, Avg: 15.0, Max: 15.6, Diff: 1.3, Sum: 120.0]
         [Processed Buffers: Min: 8, Avg: 9.1, Max: 10, Diff: 2, Sum: 73]
      [Scan RS (ms): Min: 20.5, Avg: 21.0, Max: 21.7, Diff: 1.2, Sum: 168.0]
      [Code Root Scanning (ms): Min: 0.0, Avg: 0.0, Max: 0.0, Diff: 0.0, Sum: 0.0]
      [Object Copy (ms): Min: 131.7, Avg: 131.8, Max: 132.0, Diff: 0.3, Sum: 1054.7]
      [Termination (ms): Min: 0.0, Avg: 0.1, Max: 0.1, Diff: 0.1, Sum: 0.5]
         [Termination Attempts: Min: 1, Avg: 231.6, Max: 296, Diff: 295, Sum: 1853]
      [GC Worker Other (ms): Min: 0.0, Avg: 0.0, Max: 0.1, Diff: 0.1, Sum: 0.3]
      [GC Worker Total (ms): Min: 167.9, Avg: 168.1, Max: 168.3, Diff: 0.3, Sum: 1344.6]
      [GC Worker End (ms): Min: 18751.6, Avg: 18751.7, Max: 18751.7, Diff: 0.1]
   [Code Root Fixup: 0.0 ms]
   [Code Root Purge: 0.0 ms]
   [Clear CT: 0.6 ms]
   [Other: 2.2 ms]
      [Choose CSet: 0.0 ms]
      [Ref Proc: 0.4 ms]
      [Ref Enq: 0.0 ms]
      [Redirty Cards: 1.3 ms]
      [Humongous Register: 0.1 ms]
      [Humongous Reclaim: 0.0 ms]
      [Free CSet: 0.2 ms]
   [Eden: 146.0M(146.0M)->0.0B(145.0M) Survivors: 21.0M->21.0M Heap: 543.8M(2048.0M)->545.8M(2048.0M)]
 [Times: user=1.16 sys=0.09, real=0.17 secs] 
2020-09-29T12:33:11.542+0200: 18.900: [GC pause (G1 Evacuation Pause) (young), 0.0862797 secs]
   [Parallel Time: 84.6 ms, GC Workers: 8]
      [GC Worker Start (ms): Min: 18899.7, Avg: 18899.8, Max: 18899.9, Diff: 0.2]
      [Ext Root Scanning (ms): Min: 0.0, Avg: 0.1, Max: 0.2, Diff: 0.2, Sum: 0.5]
      [Update RS (ms): Min: 10.6, Avg: 10.8, Max: 11.2, Diff: 0.6, Sum: 86.7]
         [Processed Buffers: Min: 11, Avg: 11.5, Max: 13, Diff: 2, Sum: 92]
      [Scan RS (ms): Min: 9.3, Avg: 9.7, Max: 10.0, Diff: 0.7, Sum: 77.6]
      [Code Root Scanning (ms): Min: 0.0, Avg: 0.0, Max: 0.0, Diff: 0.0, Sum: 0.0]
      [Object Copy (ms): Min: 63.5, Avg: 63.6, Max: 63.6, Diff: 0.1, Sum: 508.6]
      [Termination (ms): Min: 0.0, Avg: 0.0, Max: 0.1, Diff: 0.1, Sum: 0.4]
         [Termination Attempts: Min: 1, Avg: 323.6, Max: 458, Diff: 457, Sum: 2589]
      [GC Worker Other (ms): Min: 0.0, Avg: 0.0, Max: 0.0, Diff: 0.0, Sum: 0.2]
      [GC Worker Total (ms): Min: 84.2, Avg: 84.3, Max: 84.4, Diff: 0.2, Sum: 674.0]
      [GC Worker End (ms): Min: 18984.0, Avg: 18984.1, Max: 18984.1, Diff: 0.0]
   [Code Root Fixup: 0.0 ms]
   [Code Root Purge: 0.0 ms]
   [Clear CT: 0.5 ms]
   [Other: 1.1 ms]
      [Choose CSet: 0.0 ms]
      [Ref Proc: 0.4 ms]
      [Ref Enq: 0.0 ms]
      [Redirty Cards: 0.4 ms]
      [Humongous Register: 0.1 ms]
      [Humongous Reclaim: 0.0 ms]
      [Free CSet: 0.1 ms]
   [Eden: 145.0M(145.0M)->0.0B(166.0M) Survivors: 21.0M->21.0M Heap: 715.6M(2048.0M)->717.6M(2048.0M)]
 [Times: user=0.61 sys=0.02, real=0.09 secs] 
2020-09-29T12:33:11.715+0200: 19.073: [GC pause (G1 Evacuation Pause) (young), 0.1053470 secs]
   [Parallel Time: 104.2 ms, GC Workers: 8]
      [GC Worker Start (ms): Min: 19072.8, Avg: 19072.9, Max: 19073.0, Diff: 0.2]
      [Ext Root Scanning (ms): Min: 0.0, Avg: 0.1, Max: 0.2, Diff: 0.2, Sum: 0.5]
      [Update RS (ms): Min: 13.7, Avg: 13.8, Max: 14.1, Diff: 0.5, Sum: 110.3]
         [Processed Buffers: Min: 14, Avg: 16.3, Max: 19, Diff: 5, Sum: 130]
      [Scan RS (ms): Min: 9.0, Avg: 9.3, Max: 9.5, Diff: 0.5, Sum: 74.8]
      [Code Root Scanning (ms): Min: 0.0, Avg: 0.0, Max: 0.0, Diff: 0.0, Sum: 0.0]
      [Object Copy (ms): Min: 80.5, Avg: 80.6, Max: 80.7, Diff: 0.2, Sum: 645.2]
      [Termination (ms): Min: 0.0, Avg: 0.0, Max: 0.0, Diff: 0.0, Sum: 0.1]
         [Termination Attempts: Min: 1, Avg: 112.3, Max: 162, Diff: 161, Sum: 898]
      [GC Worker Other (ms): Min: 0.0, Avg: 0.0, Max: 0.1, Diff: 0.0, Sum: 0.2]
      [GC Worker Total (ms): Min: 103.8, Avg: 103.9, Max: 104.0, Diff: 0.2, Sum: 831.1]
      [GC Worker End (ms): Min: 19176.8, Avg: 19176.8, Max: 19176.9, Diff: 0.0]
   [Code Root Fixup: 0.0 ms]
   [Code Root Purge: 0.0 ms]
   [Clear CT: 0.3 ms]
   [Other: 0.8 ms]
      [Choose CSet: 0.0 ms]
      [Ref Proc: 0.2 ms]
      [Ref Enq: 0.0 ms]
      [Redirty Cards: 0.2 ms]
      [Humongous Register: 0.1 ms]
      [Humongous Reclaim: 0.0 ms]
      [Free CSet: 0.1 ms]
   [Eden: 166.0M(166.0M)->0.0B(192.0M) Survivors: 21.0M->24.0M Heap: 912.2M(2048.0M)->913.7M(2048.0M)]
 [Times: user=0.84 sys=0.02, real=0.11 secs] 
2020-09-29T12:33:11.903+0200: 19.260: [GC pause (G1 Humongous Allocation) (young) (initial-mark), 0.0968938 secs]
   [Parallel Time: 96.1 ms, GC Workers: 8]
      [GC Worker Start (ms): Min: 19260.2, Avg: 19260.3, Max: 19260.3, Diff: 0.1]
      [Ext Root Scanning (ms): Min: 0.0, Avg: 0.1, Max: 0.1, Diff: 0.1, Sum: 0.7]
      [Update RS (ms): Min: 12.5, Avg: 12.8, Max: 13.1, Diff: 0.7, Sum: 102.3]
         [Processed Buffers: Min: 12, Avg: 12.3, Max: 14, Diff: 2, Sum: 98]
      [Scan RS (ms): Min: 10.7, Avg: 11.0, Max: 11.3, Diff: 0.6, Sum: 88.1]
      [Code Root Scanning (ms): Min: 0.0, Avg: 0.0, Max: 0.0, Diff: 0.0, Sum: 0.0]
      [Object Copy (ms): Min: 71.8, Avg: 71.9, Max: 72.0, Diff: 0.2, Sum: 575.6]
      [Termination (ms): Min: 0.0, Avg: 0.0, Max: 0.1, Diff: 0.1, Sum: 0.4]
         [Termination Attempts: Min: 1, Avg: 356.8, Max: 469, Diff: 468, Sum: 2854]
      [GC Worker Other (ms): Min: 0.0, Avg: 0.0, Max: 0.1, Diff: 0.0, Sum: 0.3]
      [GC Worker Total (ms): Min: 95.9, Avg: 95.9, Max: 96.0, Diff: 0.1, Sum: 767.3]
      [GC Worker End (ms): Min: 19356.2, Avg: 19356.2, Max: 19356.2, Diff: 0.0]
   [Code Root Fixup: 0.0 ms]
   [Code Root Purge: 0.0 ms]
   [Clear CT: 0.1 ms]
   [Other: 0.7 ms]
      [Choose CSet: 0.0 ms]
      [Ref Proc: 0.2 ms]
      [Ref Enq: 0.0 ms]
      [Redirty Cards: 0.2 ms]
      [Humongous Register: 0.0 ms]
      [Humongous Reclaim: 0.0 ms]
      [Free CSet: 0.1 ms]
   [Eden: 149.0M(192.0M)->0.0B(215.0M) Survivors: 24.0M->27.0M Heap: 1085.6M(2048.0M)->1087.1M(2048.0M)]
 [Times: user=0.72 sys=0.03, real=0.10 secs] 
2020-09-29T12:33:12.000+0200: 19.357: [GC concurrent-root-region-scan-start]
2020-09-29T12:33:12.007+0200: 19.365: [GC concurrent-root-region-scan-end, 0.0078274 secs]
2020-09-29T12:33:12.007+0200: 19.365: [GC concurrent-mark-start]
2020-09-29T12:33:12.010+0200: 19.367: [GC concurrent-mark-end, 0.0025169 secs]
2020-09-29T12:33:12.010+0200: 19.368: [GC remark 2020-09-29T12:33:12.010+0200: 19.368: [Finalize Marking, 0.0001937 secs] 2020-09-29T12:33:12.010+0200: 19.368: [GC ref-proc, 0.0002616 secs] 2020-09-29T12:33:12.011+0200: 19.368: [Unloading, 0.0004025 secs], 0.0011127 secs]
 [Times: user=0.00 sys=0.00, real=0.00 secs] 
2020-09-29T12:33:12.012+0200: 19.369: [GC cleanup 1105M->53M(2048M), 0.0010259 secs]
 [Times: user=0.00 sys=0.00, real=0.00 secs] 
2020-09-29T12:33:12.013+0200: 19.370: [GC concurrent-cleanup-start]
2020-09-29T12:33:12.014+0200: 19.371: [GC concurrent-cleanup-end, 0.0011423 secs]
2020-09-29T12:33:12.118+0200: 19.476: [GC pause (G1 Evacuation Pause) (young), 0.1206573 secs]
   [Parallel Time: 119.8 ms, GC Workers: 8]
      [GC Worker Start (ms): Min: 19475.7, Avg: 19475.8, Max: 19475.9, Diff: 0.2]
      [Ext Root Scanning (ms): Min: 0.0, Avg: 0.1, Max: 0.2, Diff: 0.2, Sum: 0.5]
      [Update RS (ms): Min: 17.7, Avg: 18.0, Max: 18.4, Diff: 0.7, Sum: 144.2]
         [Processed Buffers: Min: 14, Avg: 17.0, Max: 18, Diff: 4, Sum: 136]
      [Scan RS (ms): Min: 11.8, Avg: 12.2, Max: 12.5, Diff: 0.7, Sum: 97.9]
      [Code Root Scanning (ms): Min: 0.0, Avg: 0.0, Max: 0.0, Diff: 0.0, Sum: 0.0]
      [Object Copy (ms): Min: 89.1, Avg: 89.2, Max: 89.3, Diff: 0.2, Sum: 713.7]
      [Termination (ms): Min: 0.0, Avg: 0.0, Max: 0.1, Diff: 0.1, Sum: 0.3]
         [Termination Attempts: Min: 1, Avg: 276.5, Max: 372, Diff: 371, Sum: 2212]
      [GC Worker Other (ms): Min: 0.0, Avg: 0.0, Max: 0.1, Diff: 0.1, Sum: 0.3]
      [GC Worker Total (ms): Min: 119.5, Avg: 119.6, Max: 119.7, Diff: 0.2, Sum: 956.8]
      [GC Worker End (ms): Min: 19595.4, Avg: 19595.4, Max: 19595.5, Diff: 0.1]
   [Code Root Fixup: 0.0 ms]
   [Code Root Purge: 0.0 ms]
   [Clear CT: 0.1 ms]
   [Other: 0.7 ms]
      [Choose CSet: 0.0 ms]
      [Ref Proc: 0.2 ms]
      [Ref Enq: 0.0 ms]
      [Redirty Cards: 0.2 ms]
      [Humongous Register: 0.0 ms]
      [Humongous Reclaim: 0.0 ms]
      [Free CSet: 0.1 ms]
   [Eden: 215.0M(215.0M)->0.0B(234.0M) Survivors: 27.0M->31.0M Heap: 286.2M(2048.0M)->261.7M(2048.0M)]
 [Times: user=0.78 sys=0.08, real=0.12 secs] 
2020-09-29T12:33:12.353+0200: 19.711: [GC pause (G1 Evacuation Pause) (young), 0.1316450 secs]
   [Parallel Time: 130.7 ms, GC Workers: 8]
      [GC Worker Start (ms): Min: 19710.7, Avg: 19710.8, Max: 19710.9, Diff: 0.2]
      [Ext Root Scanning (ms): Min: 0.0, Avg: 0.1, Max: 0.1, Diff: 0.1, Sum: 0.5]
      [Update RS (ms): Min: 20.0, Avg: 20.2, Max: 20.5, Diff: 0.5, Sum: 161.4]
         [Processed Buffers: Min: 20, Avg: 21.4, Max: 23, Diff: 3, Sum: 171]
      [Scan RS (ms): Min: 12.0, Avg: 12.4, Max: 12.7, Diff: 0.7, Sum: 99.2]
      [Code Root Scanning (ms): Min: 0.0, Avg: 0.0, Max: 0.0, Diff: 0.0, Sum: 0.0]
      [Object Copy (ms): Min: 97.6, Avg: 97.7, Max: 97.8, Diff: 0.2, Sum: 781.8]
      [Termination (ms): Min: 0.0, Avg: 0.0, Max: 0.0, Diff: 0.0, Sum: 0.2]
         [Termination Attempts: Min: 1, Avg: 197.3, Max: 292, Diff: 291, Sum: 1578]
      [GC Worker Other (ms): Min: 0.0, Avg: 0.0, Max: 0.1, Diff: 0.0, Sum: 0.2]
      [GC Worker Total (ms): Min: 130.4, Avg: 130.4, Max: 130.5, Diff: 0.1, Sum: 1043.3]
      [GC Worker End (ms): Min: 19841.2, Avg: 19841.2, Max: 19841.2, Diff: 0.0]
   [Code Root Fixup: 0.0 ms]
   [Code Root Purge: 0.0 ms]
   [Clear CT: 0.1 ms]
   [Other: 0.8 ms]
      [Choose CSet: 0.0 ms]
      [Ref Proc: 0.2 ms]
      [Ref Enq: 0.0 ms]
      [Redirty Cards: 0.2 ms]
      [Humongous Register: 0.0 ms]
      [Humongous Reclaim: 0.0 ms]
      [Free CSet: 0.1 ms]
   [Eden: 220.0M(220.0M)->0.0B(254.0M) Survivors: 31.0M->32.0M Heap: 519.9M(2048.0M)->521.4M(2048.0M)]
 [Times: user=0.91 sys=0.08, real=0.13 secs] 
2020-09-29T12:33:12.616+0200: 19.973: [GC pause (G1 Evacuation Pause) (young), 0.1511840 secs]
   [Parallel Time: 150.2 ms, GC Workers: 8]
      [GC Worker Start (ms): Min: 19973.3, Avg: 19973.4, Max: 19973.5, Diff: 0.1]
      [Ext Root Scanning (ms): Min: 0.0, Avg: 0.1, Max: 0.2, Diff: 0.1, Sum: 0.6]
      [Update RS (ms): Min: 13.7, Avg: 13.9, Max: 14.2, Diff: 0.5, Sum: 111.1]
         [Processed Buffers: Min: 15, Avg: 16.1, Max: 19, Diff: 4, Sum: 129]
      [Scan RS (ms): Min: 18.1, Avg: 18.6, Max: 19.0, Diff: 0.9, Sum: 148.6]
      [Code Root Scanning (ms): Min: 0.0, Avg: 0.0, Max: 0.0, Diff: 0.0, Sum: 0.0]
      [Object Copy (ms): Min: 116.9, Avg: 117.3, Max: 117.7, Diff: 0.8, Sum: 938.1]
      [Termination (ms): Min: 0.0, Avg: 0.2, Max: 0.2, Diff: 0.2, Sum: 1.6]
         [Termination Attempts: Min: 1, Avg: 1325.0, Max: 1643, Diff: 1642, Sum: 10600]
      [GC Worker Other (ms): Min: 0.0, Avg: 0.0, Max: 0.1, Diff: 0.1, Sum: 0.3]
      [GC Worker Total (ms): Min: 150.0, Avg: 150.0, Max: 150.1, Diff: 0.2, Sum: 1200.3]
      [GC Worker End (ms): Min: 20123.4, Avg: 20123.4, Max: 20123.5, Diff: 0.1]
   [Code Root Fixup: 0.0 ms]
   [Code Root Purge: 0.0 ms]
   [Clear CT: 0.2 ms]
   [Other: 0.8 ms]
      [Choose CSet: 0.0 ms]
      [Ref Proc: 0.2 ms]
      [Ref Enq: 0.0 ms]
      [Redirty Cards: 0.2 ms]
      [Humongous Register: 0.1 ms]
      [Humongous Reclaim: 0.0 ms]
      [Free CSet: 0.2 ms]
   [Eden: 254.0M(254.0M)->0.0B(250.0M) Survivors: 32.0M->36.0M Heap: 817.3M(2048.0M)->818.8M(2048.0M)]
 [Times: user=1.08 sys=0.03, real=0.15 secs] 
2020-09-29T12:33:12.921+0200: 20.279: [GC pause (G1 Evacuation Pause) (young), 0.1509096 secs]
   [Parallel Time: 150.1 ms, GC Workers: 8]
      [GC Worker Start (ms): Min: 20278.8, Avg: 20278.8, Max: 20278.9, Diff: 0.1]
      [Ext Root Scanning (ms): Min: 0.0, Avg: 0.1, Max: 0.1, Diff: 0.1, Sum: 0.6]
      [Update RS (ms): Min: 17.1, Avg: 17.2, Max: 17.4, Diff: 0.3, Sum: 137.3]
         [Processed Buffers: Min: 17, Avg: 19.1, Max: 23, Diff: 6, Sum: 153]
      [Scan RS (ms): Min: 17.4, Avg: 17.5, Max: 17.6, Diff: 0.3, Sum: 140.1]
      [Code Root Scanning (ms): Min: 0.0, Avg: 0.0, Max: 0.0, Diff: 0.0, Sum: 0.0]
      [Object Copy (ms): Min: 114.9, Avg: 115.0, Max: 115.0, Diff: 0.1, Sum: 919.9]
      [Termination (ms): Min: 0.0, Avg: 0.1, Max: 0.1, Diff: 0.1, Sum: 0.9]
         [Termination Attempts: Min: 1, Avg: 880.3, Max: 1129, Diff: 1128, Sum: 7042]
      [GC Worker Other (ms): Min: 0.0, Avg: 0.0, Max: 0.1, Diff: 0.1, Sum: 0.4]
      [GC Worker Total (ms): Min: 149.8, Avg: 149.9, Max: 149.9, Diff: 0.2, Sum: 1199.2]
      [GC Worker End (ms): Min: 20428.7, Avg: 20428.7, Max: 20428.8, Diff: 0.1]
   [Code Root Fixup: 0.0 ms]
   [Code Root Purge: 0.0 ms]
   [Clear CT: 0.2 ms]
   [Other: 0.7 ms]
      [Choose CSet: 0.0 ms]
      [Ref Proc: 0.1 ms]
      [Ref Enq: 0.0 ms]
      [Redirty Cards: 0.2 ms]
      [Humongous Register: 0.1 ms]
      [Humongous Reclaim: 0.0 ms]
      [Free CSet: 0.2 ms]
   [Eden: 250.0M(250.0M)->0.0B(259.0M) Survivors: 36.0M->36.0M Heap: 1110.8M(2048.0M)->1113.3M(2048.0M)]
 [Times: user=1.17 sys=0.06, real=0.15 secs] 
2020-09-29T12:33:13.085+0200: 20.443: [GC pause (G1 Humongous Allocation) (young) (initial-mark), 0.0453837 secs]
   [Parallel Time: 44.6 ms, GC Workers: 8]
      [GC Worker Start (ms): Min: 20443.3, Avg: 20443.4, Max: 20443.4, Diff: 0.1]
      [Ext Root Scanning (ms): Min: 0.0, Avg: 0.1, Max: 0.2, Diff: 0.2, Sum: 1.0]
      [Update RS (ms): Min: 21.6, Avg: 21.9, Max: 22.1, Diff: 0.5, Sum: 175.0]
         [Processed Buffers: Min: 26, Avg: 27.9, Max: 29, Diff: 3, Sum: 223]
      [Scan RS (ms): Min: 2.3, Avg: 2.5, Max: 2.7, Diff: 0.3, Sum: 19.8]
      [Code Root Scanning (ms): Min: 0.0, Avg: 0.0, Max: 0.0, Diff: 0.0, Sum: 0.0]
      [Object Copy (ms): Min: 19.9, Avg: 19.9, Max: 20.0, Diff: 0.1, Sum: 159.3]
      [Termination (ms): Min: 0.0, Avg: 0.1, Max: 0.1, Diff: 0.1, Sum: 0.4]
         [Termination Attempts: Min: 1, Avg: 361.9, Max: 459, Diff: 458, Sum: 2895]
      [GC Worker Other (ms): Min: 0.0, Avg: 0.0, Max: 0.0, Diff: 0.0, Sum: 0.1]
      [GC Worker Total (ms): Min: 44.4, Avg: 44.5, Max: 44.5, Diff: 0.1, Sum: 355.7]
      [GC Worker End (ms): Min: 20487.8, Avg: 20487.8, Max: 20487.8, Diff: 0.0]
   [Code Root Fixup: 0.0 ms]
   [Code Root Purge: 0.0 ms]
   [Clear CT: 0.2 ms]
   [Other: 0.6 ms]
      [Choose CSet: 0.0 ms]
      [Ref Proc: 0.2 ms]
      [Ref Enq: 0.0 ms]
      [Redirty Cards: 0.2 ms]
      [Humongous Register: 0.0 ms]
      [Humongous Reclaim: 0.0 ms]
      [Free CSet: 0.1 ms]
   [Eden: 11.0M(259.0M)->0.0B(308.0M) Survivors: 36.0M->14.0M Heap: 1124.3M(2048.0M)->1128.8M(2048.0M)]
 [Times: user=0.34 sys=0.00, real=0.05 secs] 
2020-09-29T12:33:13.131+0200: 20.489: [GC concurrent-root-region-scan-start]
2020-09-29T12:33:13.133+0200: 20.491: [GC concurrent-root-region-scan-end, 0.0025786 secs]
2020-09-29T12:33:13.133+0200: 20.491: [GC concurrent-mark-start]
2020-09-29T12:33:13.136+0200: 20.494: [GC concurrent-mark-end, 0.0022845 secs]
2020-09-29T12:33:13.136+0200: 20.494: [GC remark 2020-09-29T12:33:13.136+0200: 20.494: [Finalize Marking, 0.0001233 secs] 2020-09-29T12:33:13.136+0200: 20.494: [GC ref-proc, 0.0002568 secs] 2020-09-29T12:33:13.136+0200: 20.494: [Unloading, 0.0003870 secs], 0.0011174 secs]
 [Times: user=0.00 sys=0.00, real=0.00 secs] 
2020-09-29T12:33:13.137+0200: 20.495: [GC cleanup 1141M->34M(2048M), 0.0013437 secs]
 [Times: user=0.00 sys=0.00, real=0.00 secs] 
2020-09-29T12:33:13.139+0200: 20.497: [GC concurrent-cleanup-start]
2020-09-29T12:33:13.141+0200: 20.499: [GC concurrent-cleanup-end, 0.0022567 secs]
2020-09-29T12:33:13.298+0200: 20.656: [GC pause (G1 Evacuation Pause) (young), 0.1570743 secs]
   [Parallel Time: 156.2 ms, GC Workers: 8]
      [GC Worker Start (ms): Min: 20655.8, Avg: 20655.9, Max: 20656.0, Diff: 0.1]
      [Ext Root Scanning (ms): Min: 0.0, Avg: 0.1, Max: 0.1, Diff: 0.1, Sum: 0.6]
      [Update RS (ms): Min: 18.2, Avg: 18.5, Max: 18.9, Diff: 0.7, Sum: 148.4]
         [Processed Buffers: Min: 18, Avg: 19.0, Max: 21, Diff: 3, Sum: 152]
      [Scan RS (ms): Min: 18.8, Avg: 19.2, Max: 19.5, Diff: 0.7, Sum: 153.4]
      [Code Root Scanning (ms): Min: 0.0, Avg: 0.0, Max: 0.0, Diff: 0.0, Sum: 0.0]
      [Object Copy (ms): Min: 118.1, Avg: 118.2, Max: 118.3, Diff: 0.2, Sum: 945.8]
      [Termination (ms): Min: 0.0, Avg: 0.0, Max: 0.0, Diff: 0.0, Sum: 0.0]
         [Termination Attempts: Min: 1, Avg: 19.6, Max: 27, Diff: 26, Sum: 157]
      [GC Worker Other (ms): Min: 0.0, Avg: 0.0, Max: 0.1, Diff: 0.0, Sum: 0.3]
      [GC Worker Total (ms): Min: 156.0, Avg: 156.1, Max: 156.1, Diff: 0.2, Sum: 1248.6]
      [GC Worker End (ms): Min: 20811.9, Avg: 20811.9, Max: 20812.0, Diff: 0.0]
   [Code Root Fixup: 0.0 ms]
   [Code Root Purge: 0.0 ms]
   [Clear CT: 0.2 ms]
   [Other: 0.7 ms]
      [Choose CSet: 0.0 ms]
      [Ref Proc: 0.1 ms]
      [Ref Enq: 0.0 ms]
      [Redirty Cards: 0.1 ms]
      [Humongous Register: 0.1 ms]
      [Humongous Reclaim: 0.0 ms]
      [Free CSet: 0.2 ms]
   [Eden: 308.0M(308.0M)->0.0B(288.0M) Survivors: 14.0M->41.0M Heap: 381.0M(2048.0M)->369.0M(2048.0M)]
 [Times: user=1.14 sys=0.08, real=0.16 secs] 
2020-09-29T12:33:13.623+0200: 20.981: [GC pause (G1 Evacuation Pause) (young), 0.1683774 secs]
   [Parallel Time: 167.4 ms, GC Workers: 8]
      [GC Worker Start (ms): Min: 20981.3, Avg: 20981.4, Max: 20981.4, Diff: 0.2]
      [Ext Root Scanning (ms): Min: 0.0, Avg: 0.1, Max: 0.2, Diff: 0.2, Sum: 0.5]
      [Update RS (ms): Min: 16.1, Avg: 16.3, Max: 17.1, Diff: 1.0, Sum: 130.1]
         [Processed Buffers: Min: 17, Avg: 18.9, Max: 23, Diff: 6, Sum: 151]
      [Scan RS (ms): Min: 20.4, Avg: 21.1, Max: 21.3, Diff: 0.9, Sum: 168.6]
      [Code Root Scanning (ms): Min: 0.0, Avg: 0.0, Max: 0.0, Diff: 0.0, Sum: 0.0]
      [Object Copy (ms): Min: 129.6, Avg: 129.7, Max: 129.8, Diff: 0.2, Sum: 1037.9]
      [Termination (ms): Min: 0.0, Avg: 0.0, Max: 0.0, Diff: 0.0, Sum: 0.1]
         [Termination Attempts: Min: 1, Avg: 64.5, Max: 93, Diff: 92, Sum: 516]
      [GC Worker Other (ms): Min: 0.0, Avg: 0.0, Max: 0.1, Diff: 0.1, Sum: 0.4]
      [GC Worker Total (ms): Min: 167.1, Avg: 167.2, Max: 167.3, Diff: 0.2, Sum: 1337.6]
      [GC Worker End (ms): Min: 21148.5, Avg: 21148.6, Max: 21148.6, Diff: 0.1]
   [Code Root Fixup: 0.0 ms]
   [Code Root Purge: 0.0 ms]
   [Clear CT: 0.2 ms]
   [Other: 0.8 ms]
      [Choose CSet: 0.0 ms]
      [Ref Proc: 0.2 ms]
      [Ref Enq: 0.0 ms]
      [Redirty Cards: 0.2 ms]
      [Humongous Register: 0.0 ms]
      [Humongous Reclaim: 0.0 ms]
      [Free CSet: 0.2 ms]
   [Eden: 288.0M(288.0M)->0.0B(282.0M) Survivors: 41.0M->42.0M Heap: 706.6M(2048.0M)->709.1M(2048.0M)]
 [Times: user=1.30 sys=0.06, real=0.17 secs] 
2020-09-29T12:33:13.946+0200: 21.304: [GC pause (G1 Evacuation Pause) (young), 0.1769521 secs]
   [Parallel Time: 175.8 ms, GC Workers: 8]
      [GC Worker Start (ms): Min: 21303.9, Avg: 21304.0, Max: 21304.0, Diff: 0.1]
      [Ext Root Scanning (ms): Min: 0.0, Avg: 0.1, Max: 0.1, Diff: 0.1, Sum: 0.6]
      [Update RS (ms): Min: 22.0, Avg: 22.2, Max: 22.5, Diff: 0.6, Sum: 177.7]
         [Processed Buffers: Min: 23, Avg: 23.5, Max: 25, Diff: 2, Sum: 188]
      [Scan RS (ms): Min: 17.2, Avg: 17.6, Max: 18.0, Diff: 0.7, Sum: 140.7]
      [Code Root Scanning (ms): Min: 0.0, Avg: 0.0, Max: 0.0, Diff: 0.0, Sum: 0.0]
      [Object Copy (ms): Min: 135.3, Avg: 135.4, Max: 135.7, Diff: 0.5, Sum: 1083.6]
      [Termination (ms): Min: 0.0, Avg: 0.3, Max: 0.4, Diff: 0.4, Sum: 2.1]
         [Termination Attempts: Min: 1, Avg: 1881.1, Max: 2856, Diff: 2855, Sum: 15049]
      [GC Worker Other (ms): Min: 0.0, Avg: 0.0, Max: 0.1, Diff: 0.1, Sum: 0.4]
      [GC Worker Total (ms): Min: 175.6, Avg: 175.6, Max: 175.7, Diff: 0.1, Sum: 1405.1]
      [GC Worker End (ms): Min: 21479.6, Avg: 21479.6, Max: 21479.6, Diff: 0.1]
   [Code Root Fixup: 0.0 ms]
   [Code Root Purge: 0.0 ms]
   [Clear CT: 0.2 ms]
   [Other: 1.0 ms]
      [Choose CSet: 0.0 ms]
      [Ref Proc: 0.2 ms]
      [Ref Enq: 0.0 ms]
      [Redirty Cards: 0.3 ms]
      [Humongous Register: 0.1 ms]
      [Humongous Reclaim: 0.0 ms]
      [Free CSet: 0.3 ms]
   [Eden: 282.0M(282.0M)->0.0B(279.0M) Survivors: 42.0M->41.0M Heap: 1036.9M(2048.0M)->1038.9M(2048.0M)]
 [Times: user=1.28 sys=0.05, real=0.18 secs] 
2020-09-29T12:33:14.140+0200: 21.498: [GC pause (G1 Humongous Allocation) (young) (initial-mark), 0.0459042 secs]
   [Parallel Time: 45.1 ms, GC Workers: 8]
      [GC Worker Start (ms): Min: 21498.4, Avg: 21498.5, Max: 21498.6, Diff: 0.1]
      [Ext Root Scanning (ms): Min: 0.0, Avg: 0.1, Max: 0.2, Diff: 0.2, Sum: 1.1]
      [Update RS (ms): Min: 21.9, Avg: 22.1, Max: 22.2, Diff: 0.3, Sum: 176.4]
         [Processed Buffers: Min: 23, Avg: 26.3, Max: 28, Diff: 5, Sum: 210]
      [Scan RS (ms): Min: 2.7, Avg: 2.9, Max: 3.0, Diff: 0.4, Sum: 22.9]
      [Code Root Scanning (ms): Min: 0.0, Avg: 0.0, Max: 0.0, Diff: 0.0, Sum: 0.0]
      [Object Copy (ms): Min: 19.8, Avg: 19.9, Max: 19.9, Diff: 0.2, Sum: 159.1]
      [Termination (ms): Min: 0.0, Avg: 0.0, Max: 0.0, Diff: 0.0, Sum: 0.3]
         [Termination Attempts: Min: 1, Avg: 223.6, Max: 280, Diff: 279, Sum: 1789]
      [GC Worker Other (ms): Min: 0.0, Avg: 0.0, Max: 0.0, Diff: 0.0, Sum: 0.1]
      [GC Worker Total (ms): Min: 44.9, Avg: 45.0, Max: 45.0, Diff: 0.2, Sum: 359.9]
      [GC Worker End (ms): Min: 21543.5, Avg: 21543.5, Max: 21543.5, Diff: 0.0]
   [Code Root Fixup: 0.0 ms]
   [Code Root Purge: 0.0 ms]
   [Clear CT: 0.2 ms]
   [Other: 0.5 ms]
      [Choose CSet: 0.0 ms]
      [Ref Proc: 0.1 ms]
      [Ref Enq: 0.0 ms]
      [Redirty Cards: 0.1 ms]
      [Humongous Register: 0.0 ms]
      [Humongous Reclaim: 0.0 ms]
      [Free CSet: 0.1 ms]
   [Eden: 4096.0K(279.0M)->0.0B(334.0M) Survivors: 41.0M->5120.0K Heap: 1042.4M(2048.0M)->1046.4M(2048.0M)]
 [Times: user=0.36 sys=0.02, real=0.05 secs] 
2020-09-29T12:33:14.186+0200: 21.544: [GC concurrent-root-region-scan-start]
2020-09-29T12:33:14.188+0200: 21.546: [GC concurrent-root-region-scan-end, 0.0012423 secs]
2020-09-29T12:33:14.188+0200: 21.546: [GC concurrent-mark-start]
2020-09-29T12:33:14.190+0200: 21.548: [GC concurrent-mark-end, 0.0026225 secs]
2020-09-29T12:33:14.190+0200: 21.548: [GC remark 2020-09-29T12:33:14.190+0200: 21.548: [Finalize Marking, 0.0002263 secs] 2020-09-29T12:33:14.191+0200: 21.549: [GC ref-proc, 0.0002919 secs] 2020-09-29T12:33:14.191+0200: 21.549: [Unloading, 0.0004537 secs], 0.0012506 secs]
 [Times: user=0.03 sys=0.00, real=0.00 secs] 
2020-09-29T12:33:14.192+0200: 21.550: [GC cleanup 1056M->22M(2048M), 0.0010539 secs]
 [Times: user=0.00 sys=0.00, real=0.00 secs] 
2020-09-29T12:33:14.193+0200: 21.551: [GC concurrent-cleanup-start]
2020-09-29T12:33:14.194+0200: 21.552: [GC concurrent-cleanup-end, 0.0011748 secs]
2020-09-29T12:33:14.366+0200: 21.724: [GC pause (G1 Evacuation Pause) (young), 0.1717602 secs]
   [Parallel Time: 170.8 ms, GC Workers: 8]
      [GC Worker Start (ms): Min: 21723.7, Avg: 21723.9, Max: 21723.9, Diff: 0.2]
      [Ext Root Scanning (ms): Min: 0.0, Avg: 0.1, Max: 0.2, Diff: 0.2, Sum: 0.4]
      [Update RS (ms): Min: 13.3, Avg: 13.5, Max: 13.8, Diff: 0.5, Sum: 107.7]
         [Processed Buffers: Min: 14, Avg: 15.6, Max: 20, Diff: 6, Sum: 125]
      [Scan RS (ms): Min: 22.5, Avg: 23.0, Max: 23.2, Diff: 0.7, Sum: 183.7]
      [Code Root Scanning (ms): Min: 0.0, Avg: 0.0, Max: 0.0, Diff: 0.0, Sum: 0.0]
      [Object Copy (ms): Min: 133.8, Avg: 133.9, Max: 134.0, Diff: 0.2, Sum: 1071.4]
      [Termination (ms): Min: 0.0, Avg: 0.1, Max: 0.1, Diff: 0.1, Sum: 0.6]
         [Termination Attempts: Min: 1, Avg: 590.6, Max: 785, Diff: 784, Sum: 4725]
      [GC Worker Other (ms): Min: 0.0, Avg: 0.1, Max: 0.1, Diff: 0.1, Sum: 0.6]
      [GC Worker Total (ms): Min: 170.5, Avg: 170.6, Max: 170.7, Diff: 0.2, Sum: 1364.5]
      [GC Worker End (ms): Min: 21894.4, Avg: 21894.4, Max: 21894.5, Diff: 0.1]
   [Code Root Fixup: 0.0 ms]
   [Code Root Purge: 0.0 ms]
   [Clear CT: 0.2 ms]
   [Other: 0.8 ms]
      [Choose CSet: 0.0 ms]
      [Ref Proc: 0.1 ms]
      [Ref Enq: 0.0 ms]
      [Redirty Cards: 0.2 ms]
      [Humongous Register: 0.0 ms]
      [Humongous Reclaim: 0.0 ms]
      [Free CSet: 0.2 ms]
   [Eden: 334.0M(334.0M)->0.0B(296.0M) Survivors: 5120.0K->43.0M Heap: 404.2M(2048.0M)->400.7M(2048.0M)]
 [Times: user=1.31 sys=0.05, real=0.17 secs] 
2020-09-29T12:33:14.709+0200: 22.067: [GC pause (G1 Evacuation Pause) (young), 0.1806085 secs]
   [Parallel Time: 179.5 ms, GC Workers: 8]
      [GC Worker Start (ms): Min: 22067.1, Avg: 22067.2, Max: 22067.3, Diff: 0.2]
      [Ext Root Scanning (ms): Min: 0.0, Avg: 0.1, Max: 0.2, Diff: 0.1, Sum: 0.5]
      [Update RS (ms): Min: 13.8, Avg: 14.1, Max: 14.6, Diff: 0.7, Sum: 112.9]
         [Processed Buffers: Min: 15, Avg: 16.6, Max: 19, Diff: 4, Sum: 133]
      [Scan RS (ms): Min: 22.8, Avg: 23.3, Max: 23.6, Diff: 0.8, Sum: 186.4]
      [Code Root Scanning (ms): Min: 0.0, Avg: 0.0, Max: 0.0, Diff: 0.0, Sum: 0.0]
      [Object Copy (ms): Min: 141.3, Avg: 141.5, Max: 141.7, Diff: 0.4, Sum: 1132.0]
      [Termination (ms): Min: 0.0, Avg: 0.3, Max: 0.4, Diff: 0.4, Sum: 2.0]
         [Termination Attempts: Min: 1, Avg: 1797.9, Max: 2720, Diff: 2719, Sum: 14383]
      [GC Worker Other (ms): Min: 0.0, Avg: 0.0, Max: 0.1, Diff: 0.1, Sum: 0.4]
      [GC Worker Total (ms): Min: 179.2, Avg: 179.3, Max: 179.4, Diff: 0.2, Sum: 1434.2]
      [GC Worker End (ms): Min: 22246.5, Avg: 22246.5, Max: 22246.5, Diff: 0.1]
   [Code Root Fixup: 0.0 ms]
   [Code Root Purge: 0.0 ms]
   [Clear CT: 0.2 ms]
   [Other: 0.9 ms]
      [Choose CSet: 0.0 ms]
      [Ref Proc: 0.1 ms]
      [Ref Enq: 0.0 ms]
      [Redirty Cards: 0.3 ms]
      [Humongous Register: 0.0 ms]
      [Humongous Reclaim: 0.0 ms]
      [Free CSet: 0.3 ms]
   [Eden: 296.0M(296.0M)->0.0B(284.0M) Survivors: 43.0M->43.0M Heap: 746.3M(2048.0M)->748.8M(2048.0M)]
 [Times: user=1.19 sys=0.08, real=0.18 secs] 
2020-09-29T12:33:15.044+0200: 22.402: [GC pause (G1 Evacuation Pause) (young), 0.1923510 secs]
   [Parallel Time: 191.0 ms, GC Workers: 8]
      [GC Worker Start (ms): Min: 22402.4, Avg: 22402.5, Max: 22402.6, Diff: 0.2]
      [Ext Root Scanning (ms): Min: 0.0, Avg: 0.1, Max: 0.1, Diff: 0.1, Sum: 0.4]
      [Update RS (ms): Min: 16.3, Avg: 16.6, Max: 17.0, Diff: 0.7, Sum: 132.6]
         [Processed Buffers: Min: 17, Avg: 17.9, Max: 19, Diff: 2, Sum: 143]
      [Scan RS (ms): Min: 21.9, Avg: 25.3, Max: 45.8, Diff: 23.9, Sum: 202.2]
      [Code Root Scanning (ms): Min: 0.0, Avg: 0.0, Max: 0.0, Diff: 0.0, Sum: 0.0]
      [Object Copy (ms): Min: 128.0, Avg: 148.7, Max: 151.9, Diff: 23.9, Sum: 1189.5]
      [Termination (ms): Min: 0.0, Avg: 0.2, Max: 0.2, Diff: 0.2, Sum: 1.4]
         [Termination Attempts: Min: 1, Avg: 1237.4, Max: 1527, Diff: 1526, Sum: 9899]
      [GC Worker Other (ms): Min: 0.0, Avg: 0.0, Max: 0.1, Diff: 0.0, Sum: 0.3]
      [GC Worker Total (ms): Min: 190.7, Avg: 190.8, Max: 190.9, Diff: 0.2, Sum: 1526.4]
      [GC Worker End (ms): Min: 22593.3, Avg: 22593.3, Max: 22593.4, Diff: 0.1]
   [Code Root Fixup: 0.0 ms]
   [Code Root Purge: 0.0 ms]
   [Clear CT: 0.4 ms]
   [Other: 0.9 ms]
      [Choose CSet: 0.0 ms]
      [Ref Proc: 0.1 ms]
      [Ref Enq: 0.0 ms]
      [Redirty Cards: 0.3 ms]
      [Humongous Register: 0.0 ms]
      [Humongous Reclaim: 0.0 ms]
      [Free CSet: 0.2 ms]
   [Eden: 284.0M(284.0M)->0.0B(263.0M) Survivors: 43.0M->41.0M Heap: 1078.6M(2048.0M)->1080.1M(2048.0M)]
 [Times: user=1.31 sys=0.11, real=0.19 secs] 
2020-09-29T12:33:15.244+0200: 22.602: [GC pause (G1 Humongous Allocation) (young) (initial-mark), 0.0622814 secs]
   [Parallel Time: 61.5 ms, GC Workers: 8]
      [GC Worker Start (ms): Min: 22601.9, Avg: 22601.9, Max: 22602.0, Diff: 0.1]
      [Ext Root Scanning (ms): Min: 0.0, Avg: 0.1, Max: 0.1, Diff: 0.1, Sum: 0.6]
      [Update RS (ms): Min: 33.9, Avg: 34.0, Max: 34.3, Diff: 0.4, Sum: 272.3]
         [Processed Buffers: Min: 41, Avg: 42.9, Max: 44, Diff: 3, Sum: 343]
      [Scan RS (ms): Min: 2.4, Avg: 2.6, Max: 2.8, Diff: 0.4, Sum: 21.1]
      [Code Root Scanning (ms): Min: 0.0, Avg: 0.0, Max: 0.0, Diff: 0.0, Sum: 0.0]
      [Object Copy (ms): Min: 24.2, Avg: 24.3, Max: 24.5, Diff: 0.3, Sum: 194.5]
      [Termination (ms): Min: 0.0, Avg: 0.2, Max: 0.2, Diff: 0.2, Sum: 1.5]
         [Termination Attempts: Min: 1, Avg: 1436.0, Max: 1836, Diff: 1835, Sum: 11488]
      [GC Worker Other (ms): Min: 0.0, Avg: 0.0, Max: 0.0, Diff: 0.0, Sum: 0.1]
      [GC Worker Total (ms): Min: 61.2, Avg: 61.3, Max: 61.3, Diff: 0.1, Sum: 490.1]
      [GC Worker End (ms): Min: 22663.2, Avg: 22663.2, Max: 22663.2, Diff: 0.0]
   [Code Root Fixup: 0.0 ms]
   [Code Root Purge: 0.0 ms]
   [Clear CT: 0.2 ms]
   [Other: 0.6 ms]
      [Choose CSet: 0.0 ms]
      [Ref Proc: 0.1 ms]
      [Ref Enq: 0.0 ms]
      [Redirty Cards: 0.1 ms]
      [Humongous Register: 0.1 ms]
      [Humongous Reclaim: 0.0 ms]
      [Free CSet: 0.1 ms]
   [Eden: 2048.0K(263.0M)->0.0B(279.0M) Survivors: 41.0M->4096.0K Heap: 1082.1M(2048.0M)->1085.6M(2048.0M)]
 [Times: user=0.50 sys=0.00, real=0.06 secs] 
2020-09-29T12:33:15.306+0200: 22.664: [GC concurrent-root-region-scan-start]
2020-09-29T12:33:15.306+0200: 22.665: [GC concurrent-root-region-scan-end, 0.0003986 secs]
2020-09-29T12:33:15.306+0200: 22.665: [GC concurrent-mark-start]
2020-09-29T12:33:15.309+0200: 22.667: [GC concurrent-mark-end, 0.0025543 secs]
2020-09-29T12:33:15.309+0200: 22.667: [GC remark 2020-09-29T12:33:15.309+0200: 22.667: [Finalize Marking, 0.0001495 secs] 2020-09-29T12:33:15.310+0200: 22.668: [GC ref-proc, 0.0002878 secs] 2020-09-29T12:33:15.310+0200: 22.668: [Unloading, 0.0004190 secs], 0.0011236 secs]
 [Times: user=0.00 sys=0.00, real=0.00 secs] 
2020-09-29T12:33:15.311+0200: 22.669: [GC cleanup 1094M->20M(2048M), 0.0010387 secs]
 [Times: user=0.00 sys=0.00, real=0.00 secs] 
2020-09-29T12:33:15.312+0200: 22.670: [GC concurrent-cleanup-start]
2020-09-29T12:33:15.313+0200: 22.671: [GC concurrent-cleanup-end, 0.0012298 secs]
2020-09-29T12:33:15.446+0200: 22.804: [GC pause (G1 Evacuation Pause) (young), 0.1570798 secs]
   [Parallel Time: 156.1 ms, GC Workers: 8]
      [GC Worker Start (ms): Min: 22803.9, Avg: 22804.0, Max: 22804.0, Diff: 0.2]
      [Ext Root Scanning (ms): Min: 0.0, Avg: 0.1, Max: 0.1, Diff: 0.1, Sum: 0.4]
      [Update RS (ms): Min: 16.2, Avg: 16.4, Max: 17.0, Diff: 0.8, Sum: 130.8]
         [Processed Buffers: Min: 17, Avg: 18.4, Max: 20, Diff: 3, Sum: 147]
      [Scan RS (ms): Min: 15.9, Avg: 17.6, Max: 24.9, Diff: 9.0, Sum: 140.7]
      [Code Root Scanning (ms): Min: 0.0, Avg: 0.0, Max: 0.0, Diff: 0.0, Sum: 0.0]
      [Object Copy (ms): Min: 114.6, Avg: 121.6, Max: 122.7, Diff: 8.1, Sum: 972.9]
      [Termination (ms): Min: 0.0, Avg: 0.2, Max: 0.2, Diff: 0.2, Sum: 1.4]
         [Termination Attempts: Min: 1, Avg: 1185.4, Max: 1485, Diff: 1484, Sum: 9483]
      [GC Worker Other (ms): Min: 0.1, Avg: 0.1, Max: 0.1, Diff: 0.1, Sum: 0.7]
      [GC Worker Total (ms): Min: 155.8, Avg: 155.9, Max: 156.0, Diff: 0.2, Sum: 1246.9]
      [GC Worker End (ms): Min: 22959.8, Avg: 22959.8, Max: 22959.9, Diff: 0.1]
   [Code Root Fixup: 0.0 ms]
   [Code Root Purge: 0.0 ms]
   [Clear CT: 0.1 ms]
   [Other: 0.8 ms]
      [Choose CSet: 0.0 ms]
      [Ref Proc: 0.2 ms]
      [Ref Enq: 0.0 ms]
      [Redirty Cards: 0.2 ms]
      [Humongous Register: 0.0 ms]
      [Humongous Reclaim: 0.0 ms]
      [Free CSet: 0.2 ms]
   [Eden: 279.0M(279.0M)->0.0B(261.0M) Survivors: 4096.0K->36.0M Heap: 338.7M(2048.0M)->336.7M(2048.0M)]
 [Times: user=1.16 sys=0.06, real=0.16 secs] 
2020-09-29T12:33:15.746+0200: 23.104: [GC pause (G1 Evacuation Pause) (young), 0.1728226 secs]
   [Parallel Time: 171.6 ms, GC Workers: 8]
      [GC Worker Start (ms): Min: 23104.0, Avg: 23104.1, Max: 23104.1, Diff: 0.1]
      [Ext Root Scanning (ms): Min: 0.0, Avg: 0.1, Max: 0.1, Diff: 0.1, Sum: 0.5]
      [Update RS (ms): Min: 16.0, Avg: 16.1, Max: 16.5, Diff: 0.5, Sum: 129.1]
         [Processed Buffers: Min: 17, Avg: 18.4, Max: 21, Diff: 4, Sum: 147]
      [Scan RS (ms): Min: 18.0, Avg: 18.7, Max: 21.4, Diff: 3.4, Sum: 149.4]
      [Code Root Scanning (ms): Min: 0.0, Avg: 0.0, Max: 0.0, Diff: 0.0, Sum: 0.0]
      [Object Copy (ms): Min: 133.3, Avg: 136.0, Max: 136.9, Diff: 3.6, Sum: 1088.0]
      [Termination (ms): Min: 0.0, Avg: 0.5, Max: 0.7, Diff: 0.7, Sum: 4.4]
         [Termination Attempts: Min: 1, Avg: 3726.6, Max: 4865, Diff: 4864, Sum: 29813]
      [GC Worker Other (ms): Min: 0.0, Avg: 0.0, Max: 0.1, Diff: 0.0, Sum: 0.3]
      [GC Worker Total (ms): Min: 171.4, Avg: 171.5, Max: 171.5, Diff: 0.1, Sum: 1371.7]
      [GC Worker End (ms): Min: 23275.5, Avg: 23275.5, Max: 23275.6, Diff: 0.0]
   [Code Root Fixup: 0.0 ms]
   [Code Root Purge: 0.0 ms]
   [Clear CT: 0.2 ms]
   [Other: 1.0 ms]
      [Choose CSet: 0.0 ms]
      [Ref Proc: 0.1 ms]
      [Ref Enq: 0.0 ms]
      [Redirty Cards: 0.3 ms]
      [Humongous Register: 0.1 ms]
      [Humongous Reclaim: 0.0 ms]
      [Free CSet: 0.3 ms]
   [Eden: 261.0M(261.0M)->0.0B(258.0M) Survivors: 36.0M->38.0M Heap: 641.6M(2048.0M)->643.6M(2048.0M)]
 [Times: user=1.23 sys=0.06, real=0.17 secs] 
2020-09-29T12:33:16.064+0200: 23.422: [GC pause (G1 Evacuation Pause) (young), 0.1587636 secs]
   [Parallel Time: 157.7 ms, GC Workers: 8]
      [GC Worker Start (ms): Min: 23422.4, Avg: 23422.5, Max: 23422.6, Diff: 0.2]
      [Ext Root Scanning (ms): Min: 0.0, Avg: 0.0, Max: 0.2, Diff: 0.2, Sum: 0.4]
      [Update RS (ms): Min: 17.5, Avg: 17.8, Max: 18.1, Diff: 0.6, Sum: 142.6]
         [Processed Buffers: Min: 18, Avg: 19.4, Max: 21, Diff: 3, Sum: 155]
      [Scan RS (ms): Min: 17.3, Avg: 17.6, Max: 18.0, Diff: 0.6, Sum: 141.1]
      [Code Root Scanning (ms): Min: 0.0, Avg: 0.0, Max: 0.0, Diff: 0.0, Sum: 0.0]
      [Object Copy (ms): Min: 121.8, Avg: 121.9, Max: 122.0, Diff: 0.2, Sum: 975.4]
      [Termination (ms): Min: 0.0, Avg: 0.0, Max: 0.1, Diff: 0.1, Sum: 0.3]
         [Termination Attempts: Min: 1, Avg: 281.0, Max: 382, Diff: 381, Sum: 2248]
      [GC Worker Other (ms): Min: 0.0, Avg: 0.1, Max: 0.1, Diff: 0.0, Sum: 0.4]
      [GC Worker Total (ms): Min: 157.4, Avg: 157.5, Max: 157.6, Diff: 0.2, Sum: 1260.2]
      [GC Worker End (ms): Min: 23580.0, Avg: 23580.0, Max: 23580.0, Diff: 0.0]
   [Code Root Fixup: 0.0 ms]
   [Code Root Purge: 0.0 ms]
   [Clear CT: 0.2 ms]
   [Other: 0.9 ms]
      [Choose CSet: 0.0 ms]
      [Ref Proc: 0.1 ms]
      [Ref Enq: 0.0 ms]
      [Redirty Cards: 0.2 ms]
      [Humongous Register: 0.0 ms]
      [Humongous Reclaim: 0.0 ms]
      [Free CSet: 0.3 ms]
   [Eden: 258.0M(258.0M)->0.0B(266.0M) Survivors: 38.0M->37.0M Heap: 943.5M(2048.0M)->944.5M(2048.0M)]
 [Times: user=1.19 sys=0.06, real=0.16 secs] 
2020-09-29T12:33:16.247+0200: 23.605: [GC pause (G1 Humongous Allocation) (young) (initial-mark), 0.0568861 secs]
   [Parallel Time: 56.1 ms, GC Workers: 8]
      [GC Worker Start (ms): Min: 23605.2, Avg: 23605.3, Max: 23605.3, Diff: 0.1]
      [Ext Root Scanning (ms): Min: 0.0, Avg: 0.1, Max: 0.1, Diff: 0.1, Sum: 0.6]
      [Update RS (ms): Min: 23.0, Avg: 23.4, Max: 24.0, Diff: 1.0, Sum: 187.1]
         [Processed Buffers: Min: 23, Avg: 28.0, Max: 29, Diff: 6, Sum: 224]
      [Scan RS (ms): Min: 2.7, Avg: 3.3, Max: 3.7, Diff: 1.0, Sum: 26.0]
      [Code Root Scanning (ms): Min: 0.0, Avg: 0.0, Max: 0.0, Diff: 0.0, Sum: 0.0]
      [Object Copy (ms): Min: 29.2, Avg: 29.2, Max: 29.3, Diff: 0.1, Sum: 233.9]
      [Termination (ms): Min: 0.0, Avg: 0.0, Max: 0.0, Diff: 0.0, Sum: 0.1]
         [Termination Attempts: Min: 1, Avg: 73.8, Max: 110, Diff: 109, Sum: 590]
      [GC Worker Other (ms): Min: 0.0, Avg: 0.0, Max: 0.0, Diff: 0.0, Sum: 0.1]
      [GC Worker Total (ms): Min: 55.9, Avg: 56.0, Max: 56.0, Diff: 0.1, Sum: 447.9]
      [GC Worker End (ms): Min: 23661.3, Avg: 23661.3, Max: 23661.3, Diff: 0.0]
   [Code Root Fixup: 0.0 ms]
   [Code Root Purge: 0.0 ms]
   [Clear CT: 0.1 ms]
   [Other: 0.6 ms]
      [Choose CSet: 0.0 ms]
      [Ref Proc: 0.2 ms]
      [Ref Enq: 0.0 ms]
      [Redirty Cards: 0.1 ms]
      [Humongous Register: 0.0 ms]
      [Humongous Reclaim: 0.0 ms]
      [Free CSet: 0.1 ms]
   [Eden: 38.0M(266.0M)->0.0B(290.0M) Survivors: 37.0M->38.0M Heap: 987.7M(2048.0M)->990.7M(2048.0M)]
 [Times: user=0.48 sys=0.01, real=0.06 secs] 
2020-09-29T12:33:16.304+0200: 23.662: [GC concurrent-root-region-scan-start]
2020-09-29T12:33:16.311+0200: 23.669: [GC concurrent-root-region-scan-end, 0.0069266 secs]
2020-09-29T12:33:16.311+0200: 23.669: [GC concurrent-mark-start]
2020-09-29T12:33:16.313+0200: 23.671: [GC concurrent-mark-end, 0.0023043 secs]
2020-09-29T12:33:16.314+0200: 23.672: [GC remark 2020-09-29T12:33:16.314+0200: 23.672: [Finalize Marking, 0.0001972 secs] 2020-09-29T12:33:16.314+0200: 23.672: [GC ref-proc, 0.0002898 secs] 2020-09-29T12:33:16.314+0200: 23.672: [Unloading, 0.0004415 secs], 0.0011927 secs]
 [Times: user=0.00 sys=0.00, real=0.00 secs] 
2020-09-29T12:33:16.315+0200: 23.673: [GC cleanup 1013M->68M(2048M), 0.0010423 secs]
 [Times: user=0.00 sys=0.00, real=0.00 secs] 
2020-09-29T12:33:16.316+0200: 23.674: [GC concurrent-cleanup-start]
2020-09-29T12:33:16.317+0200: 23.675: [GC concurrent-cleanup-end, 0.0009489 secs]
2020-09-29T12:33:16.455+0200: 23.813: [GC pause (G1 Evacuation Pause) (young), 0.1661605 secs]
   [Parallel Time: 164.9 ms, GC Workers: 8]
      [GC Worker Start (ms): Min: 23813.5, Avg: 23813.6, Max: 23813.7, Diff: 0.2]
      [Ext Root Scanning (ms): Min: 0.0, Avg: 0.1, Max: 0.2, Diff: 0.2, Sum: 0.5]
      [Update RS (ms): Min: 20.9, Avg: 21.3, Max: 22.3, Diff: 1.3, Sum: 170.5]
         [Processed Buffers: Min: 22, Avg: 23.3, Max: 26, Diff: 4, Sum: 186]
      [Scan RS (ms): Min: 13.6, Avg: 14.7, Max: 15.2, Diff: 1.6, Sum: 117.7]
      [Code Root Scanning (ms): Min: 0.0, Avg: 0.0, Max: 0.0, Diff: 0.0, Sum: 0.0]
      [Object Copy (ms): Min: 128.1, Avg: 128.3, Max: 128.4, Diff: 0.3, Sum: 1026.1]
      [Termination (ms): Min: 0.0, Avg: 0.3, Max: 0.4, Diff: 0.4, Sum: 2.2]
         [Termination Attempts: Min: 1, Avg: 1969.1, Max: 2634, Diff: 2633, Sum: 15753]
      [GC Worker Other (ms): Min: 0.0, Avg: 0.1, Max: 0.1, Diff: 0.1, Sum: 0.5]
      [GC Worker Total (ms): Min: 164.6, Avg: 164.7, Max: 164.8, Diff: 0.2, Sum: 1317.5]
      [GC Worker End (ms): Min: 23978.2, Avg: 23978.3, Max: 23978.3, Diff: 0.1]
   [Code Root Fixup: 0.0 ms]
   [Code Root Purge: 0.0 ms]
   [Clear CT: 0.2 ms]
   [Other: 1.1 ms]
      [Choose CSet: 0.0 ms]
      [Ref Proc: 0.2 ms]
      [Ref Enq: 0.0 ms]
      [Redirty Cards: 0.3 ms]
      [Humongous Register: 0.0 ms]
      [Humongous Reclaim: 0.0 ms]
      [Free CSet: 0.2 ms]
   [Eden: 290.0M(290.0M)->0.0B(291.0M) Survivors: 38.0M->41.0M Heap: 385.6M(2048.0M)->349.1M(2048.0M)]
 [Times: user=1.31 sys=0.05, real=0.17 secs] 
2020-09-29T12:33:16.784+0200: 24.143: [GC pause (G1 Evacuation Pause) (young), 0.1805155 secs]
   [Parallel Time: 178.6 ms, GC Workers: 8]
      [GC Worker Start (ms): Min: 24142.8, Avg: 24142.9, Max: 24142.9, Diff: 0.2]
      [Ext Root Scanning (ms): Min: 0.0, Avg: 0.1, Max: 0.2, Diff: 0.2, Sum: 0.5]
      [Update RS (ms): Min: 24.2, Avg: 24.4, Max: 25.1, Diff: 0.9, Sum: 195.4]
         [Processed Buffers: Min: 21, Avg: 23.6, Max: 25, Diff: 4, Sum: 189]
      [Scan RS (ms): Min: 18.7, Avg: 19.4, Max: 19.7, Diff: 1.0, Sum: 155.3]
      [Code Root Scanning (ms): Min: 0.0, Avg: 0.0, Max: 0.0, Diff: 0.0, Sum: 0.0]
      [Object Copy (ms): Min: 134.2, Avg: 134.3, Max: 134.4, Diff: 0.2, Sum: 1074.7]
      [Termination (ms): Min: 0.0, Avg: 0.1, Max: 0.1, Diff: 0.1, Sum: 0.5]
         [Termination Attempts: Min: 1, Avg: 64.6, Max: 111, Diff: 110, Sum: 517]
      [GC Worker Other (ms): Min: 0.0, Avg: 0.1, Max: 0.1, Diff: 0.1, Sum: 0.5]
      [GC Worker Total (ms): Min: 178.3, Avg: 178.4, Max: 178.5, Diff: 0.2, Sum: 1426.9]
      [GC Worker End (ms): Min: 24321.1, Avg: 24321.2, Max: 24321.3, Diff: 0.1]
   [Code Root Fixup: 0.0 ms]
   [Code Root Purge: 0.0 ms]
   [Clear CT: 0.2 ms]
   [Other: 1.7 ms]
      [Choose CSet: 0.0 ms]
      [Ref Proc: 0.4 ms]
      [Ref Enq: 0.0 ms]
      [Redirty Cards: 0.9 ms]
      [Humongous Register: 0.1 ms]
      [Humongous Reclaim: 0.0 ms]
      [Free CSet: 0.3 ms]
   [Eden: 291.0M(291.0M)->0.0B(281.0M) Survivors: 41.0M->42.0M Heap: 687.8M(2048.0M)->690.3M(2048.0M)]
 [Times: user=1.31 sys=0.06, real=0.18 secs] 
2020-09-29T12:33:17.141+0200: 24.500: [GC pause (G1 Evacuation Pause) (young), 0.1814524 secs]
   [Parallel Time: 180.5 ms, GC Workers: 8]
      [GC Worker Start (ms): Min: 24499.7, Avg: 24499.8, Max: 24499.9, Diff: 0.2]
      [Ext Root Scanning (ms): Min: 0.0, Avg: 0.1, Max: 0.2, Diff: 0.2, Sum: 0.6]
      [Update RS (ms): Min: 18.5, Avg: 18.9, Max: 19.7, Diff: 1.2, Sum: 150.8]
         [Processed Buffers: Min: 17, Avg: 18.1, Max: 20, Diff: 3, Sum: 145]
      [Scan RS (ms): Min: 23.7, Avg: 24.6, Max: 24.9, Diff: 1.2, Sum: 196.7]
      [Code Root Scanning (ms): Min: 0.0, Avg: 0.0, Max: 0.0, Diff: 0.0, Sum: 0.0]
      [Object Copy (ms): Min: 136.4, Avg: 136.6, Max: 136.8, Diff: 0.3, Sum: 1092.7]
      [Termination (ms): Min: 0.0, Avg: 0.1, Max: 0.1, Diff: 0.1, Sum: 0.9]
         [Termination Attempts: Min: 1, Avg: 864.8, Max: 1086, Diff: 1085, Sum: 6918]
      [GC Worker Other (ms): Min: 0.0, Avg: 0.1, Max: 0.1, Diff: 0.1, Sum: 0.4]
      [GC Worker Total (ms): Min: 180.2, Avg: 180.3, Max: 180.4, Diff: 0.2, Sum: 1442.2]
      [GC Worker End (ms): Min: 24680.1, Avg: 24680.1, Max: 24680.1, Diff: 0.1]
   [Code Root Fixup: 0.0 ms]
   [Code Root Purge: 0.0 ms]
   [Clear CT: 0.2 ms]
   [Other: 0.8 ms]
      [Choose CSet: 0.0 ms]
      [Ref Proc: 0.2 ms]
      [Ref Enq: 0.0 ms]
      [Redirty Cards: 0.2 ms]
      [Humongous Register: 0.1 ms]
      [Humongous Reclaim: 0.0 ms]
      [Free CSet: 0.2 ms]
   [Eden: 281.0M(281.0M)->0.0B(268.0M) Survivors: 42.0M->41.0M Heap: 1019.0M(2048.0M)->1021.0M(2048.0M)]
 [Times: user=1.45 sys=0.01, real=0.18 secs] 
2020-09-29T12:33:17.333+0200: 24.691: [GC pause (G1 Humongous Allocation) (young) (initial-mark), 0.0541206 secs]
   [Parallel Time: 53.4 ms, GC Workers: 8]
      [GC Worker Start (ms): Min: 24691.3, Avg: 24691.4, Max: 24691.4, Diff: 0.1]
      [Ext Root Scanning (ms): Min: 0.0, Avg: 0.1, Max: 0.1, Diff: 0.1, Sum: 0.6]
      [Update RS (ms): Min: 31.1, Avg: 31.3, Max: 31.6, Diff: 0.5, Sum: 250.6]
         [Processed Buffers: Min: 33, Avg: 38.3, Max: 41, Diff: 8, Sum: 306]
      [Scan RS (ms): Min: 2.6, Avg: 2.9, Max: 3.1, Diff: 0.5, Sum: 22.8]
      [Code Root Scanning (ms): Min: 0.0, Avg: 0.0, Max: 0.0, Diff: 0.0, Sum: 0.0]
      [Object Copy (ms): Min: 18.9, Avg: 18.9, Max: 19.0, Diff: 0.1, Sum: 151.4]
      [Termination (ms): Min: 0.0, Avg: 0.0, Max: 0.0, Diff: 0.0, Sum: 0.1]
         [Termination Attempts: Min: 1, Avg: 99.1, Max: 128, Diff: 127, Sum: 793]
      [GC Worker Other (ms): Min: 0.0, Avg: 0.0, Max: 0.0, Diff: 0.0, Sum: 0.1]
      [GC Worker Total (ms): Min: 53.2, Avg: 53.2, Max: 53.3, Diff: 0.1, Sum: 425.7]
      [GC Worker End (ms): Min: 24744.6, Avg: 24744.6, Max: 24744.6, Diff: 0.0]
   [Code Root Fixup: 0.0 ms]
   [Code Root Purge: 0.0 ms]
   [Clear CT: 0.1 ms]
   [Other: 0.6 ms]
      [Choose CSet: 0.0 ms]
      [Ref Proc: 0.2 ms]
      [Ref Enq: 0.0 ms]
      [Redirty Cards: 0.1 ms]
      [Humongous Register: 0.0 ms]
      [Humongous Reclaim: 0.0 ms]
      [Free CSet: 0.0 ms]
   [Eden: 8192.0K(268.0M)->0.0B(318.0M) Survivors: 41.0M->11.0M Heap: 1029.0M(2048.0M)->1034.0M(2048.0M)]
 [Times: user=0.38 sys=0.00, real=0.05 secs] 
2020-09-29T12:33:17.387+0200: 24.745: [GC concurrent-root-region-scan-start]
2020-09-29T12:33:17.389+0200: 24.747: [GC concurrent-root-region-scan-end, 0.0016627 secs]
2020-09-29T12:33:17.389+0200: 24.747: [GC concurrent-mark-start]
2020-09-29T12:33:17.391+0200: 24.749: [GC concurrent-mark-end, 0.0021636 secs]
2020-09-29T12:33:17.391+0200: 24.750: [GC remark 2020-09-29T12:33:17.391+0200: 24.750: [Finalize Marking, 0.0007973 secs] 2020-09-29T12:33:17.392+0200: 24.750: [GC ref-proc, 0.0005350 secs] 2020-09-29T12:33:17.393+0200: 24.751: [Unloading, 0.0019037 secs], 0.0037838 secs]
 [Times: user=0.00 sys=0.00, real=0.00 secs] 
2020-09-29T12:33:17.395+0200: 24.754: [GC cleanup 1044M->29M(2048M), 0.0010416 secs]
 [Times: user=0.00 sys=0.00, real=0.00 secs] 
2020-09-29T12:33:17.397+0200: 24.755: [GC concurrent-cleanup-start]
2020-09-29T12:33:17.398+0200: 24.756: [GC concurrent-cleanup-end, 0.0010798 secs]
2020-09-29T12:33:17.555+0200: 24.913: [GC pause (G1 Evacuation Pause) (young), 0.1773324 secs]
   [Parallel Time: 176.3 ms, GC Workers: 8]
      [GC Worker Start (ms): Min: 24913.0, Avg: 24913.1, Max: 24913.2, Diff: 0.2]
      [Ext Root Scanning (ms): Min: 0.0, Avg: 0.1, Max: 0.2, Diff: 0.2, Sum: 0.5]
      [Update RS (ms): Min: 14.1, Avg: 14.5, Max: 15.0, Diff: 0.8, Sum: 115.7]
         [Processed Buffers: Min: 15, Avg: 16.0, Max: 17, Diff: 2, Sum: 128]
      [Scan RS (ms): Min: 21.7, Avg: 22.3, Max: 22.7, Diff: 1.0, Sum: 178.2]
      [Code Root Scanning (ms): Min: 0.0, Avg: 0.0, Max: 0.0, Diff: 0.0, Sum: 0.0]
      [Object Copy (ms): Min: 138.7, Avg: 138.9, Max: 139.2, Diff: 0.5, Sum: 1110.8]
      [Termination (ms): Min: 0.0, Avg: 0.3, Max: 0.4, Diff: 0.4, Sum: 2.7]
         [Termination Attempts: Min: 1, Avg: 2264.9, Max: 2815, Diff: 2814, Sum: 18119]
      [GC Worker Other (ms): Min: 0.0, Avg: 0.1, Max: 0.1, Diff: 0.1, Sum: 0.6]
      [GC Worker Total (ms): Min: 176.0, Avg: 176.1, Max: 176.2, Diff: 0.1, Sum: 1408.6]
      [GC Worker End (ms): Min: 25089.1, Avg: 25089.2, Max: 25089.2, Diff: 0.1]
   [Code Root Fixup: 0.0 ms]
   [Code Root Purge: 0.0 ms]
   [Clear CT: 0.2 ms]
   [Other: 0.8 ms]
      [Choose CSet: 0.0 ms]
      [Ref Proc: 0.2 ms]
      [Ref Enq: 0.0 ms]
      [Redirty Cards: 0.2 ms]
      [Humongous Register: 0.0 ms]
      [Humongous Reclaim: 0.0 ms]
      [Free CSet: 0.2 ms]
   [Eden: 318.0M(318.0M)->0.0B(281.0M) Survivors: 11.0M->42.0M Heap: 389.9M(2048.0M)->380.9M(2048.0M)]
 [Times: user=1.30 sys=0.02, real=0.18 secs] 
2020-09-29T12:33:17.892+0200: 25.250: [GC pause (G1 Evacuation Pause) (young), 0.1727809 secs]
   [Parallel Time: 171.9 ms, GC Workers: 8]
      [GC Worker Start (ms): Min: 25250.0, Avg: 25250.1, Max: 25250.2, Diff: 0.2]
      [Ext Root Scanning (ms): Min: 0.0, Avg: 0.1, Max: 0.4, Diff: 0.4, Sum: 0.7]
      [Update RS (ms): Min: 19.6, Avg: 19.7, Max: 20.0, Diff: 0.4, Sum: 157.8]
         [Processed Buffers: Min: 17, Avg: 19.4, Max: 22, Diff: 5, Sum: 155]
      [Scan RS (ms): Min: 23.0, Avg: 23.2, Max: 23.5, Diff: 0.5, Sum: 186.0]
      [Code Root Scanning (ms): Min: 0.0, Avg: 0.0, Max: 0.0, Diff: 0.0, Sum: 0.0]
      [Object Copy (ms): Min: 128.3, Avg: 128.5, Max: 128.5, Diff: 0.2, Sum: 1028.0]
      [Termination (ms): Min: 0.0, Avg: 0.0, Max: 0.0, Diff: 0.0, Sum: 0.1]
         [Termination Attempts: Min: 1, Avg: 116.1, Max: 173, Diff: 172, Sum: 929]
      [GC Worker Other (ms): Min: 0.0, Avg: 0.0, Max: 0.1, Diff: 0.1, Sum: 0.3]
      [GC Worker Total (ms): Min: 171.5, Avg: 171.6, Max: 171.7, Diff: 0.2, Sum: 1372.9]
      [GC Worker End (ms): Min: 25421.7, Avg: 25421.7, Max: 25421.7, Diff: 0.1]
   [Code Root Fixup: 0.0 ms]
   [Code Root Purge: 0.0 ms]
   [Clear CT: 0.2 ms]
   [Other: 0.7 ms]
      [Choose CSet: 0.0 ms]
      [Ref Proc: 0.1 ms]
      [Ref Enq: 0.0 ms]
      [Redirty Cards: 0.2 ms]
      [Humongous Register: 0.1 ms]
      [Humongous Reclaim: 0.0 ms]
      [Free CSet: 0.2 ms]
   [Eden: 281.0M(281.0M)->0.0B(275.0M) Survivors: 42.0M->41.0M Heap: 709.6M(2048.0M)->712.1M(2048.0M)]
 [Times: user=1.34 sys=0.03, real=0.17 secs] 
2020-09-29T12:33:18.215+0200: 25.573: [GC pause (G1 Evacuation Pause) (young), 0.1948202 secs]
   [Parallel Time: 193.6 ms, GC Workers: 8]
      [GC Worker Start (ms): Min: 25573.2, Avg: 25573.3, Max: 25573.3, Diff: 0.1]
      [Ext Root Scanning (ms): Min: 0.0, Avg: 0.1, Max: 0.1, Diff: 0.1, Sum: 0.5]
      [Update RS (ms): Min: 18.9, Avg: 19.0, Max: 19.3, Diff: 0.5, Sum: 152.3]
         [Processed Buffers: Min: 20, Avg: 21.0, Max: 23, Diff: 3, Sum: 168]
      [Scan RS (ms): Min: 19.2, Avg: 20.1, Max: 23.7, Diff: 4.5, Sum: 160.5]
      [Code Root Scanning (ms): Min: 0.0, Avg: 0.0, Max: 0.0, Diff: 0.0, Sum: 0.0]
      [Object Copy (ms): Min: 150.3, Avg: 154.1, Max: 154.6, Diff: 4.3, Sum: 1232.5]
      [Termination (ms): Min: 0.0, Avg: 0.1, Max: 0.1, Diff: 0.1, Sum: 0.7]
         [Termination Attempts: Min: 1, Avg: 308.6, Max: 388, Diff: 387, Sum: 2469]
      [GC Worker Other (ms): Min: 0.0, Avg: 0.1, Max: 0.1, Diff: 0.1, Sum: 0.5]
      [GC Worker Total (ms): Min: 193.3, Avg: 193.4, Max: 193.5, Diff: 0.2, Sum: 1546.9]
      [GC Worker End (ms): Min: 25766.6, Avg: 25766.7, Max: 25766.7, Diff: 0.1]
   [Code Root Fixup: 0.0 ms]
   [Code Root Purge: 0.0 ms]
   [Clear CT: 0.4 ms]
   [Other: 0.8 ms]
      [Choose CSet: 0.0 ms]
      [Ref Proc: 0.2 ms]
      [Ref Enq: 0.0 ms]
      [Redirty Cards: 0.2 ms]
      [Humongous Register: 0.0 ms]
      [Humongous Reclaim: 0.0 ms]
      [Free CSet: 0.2 ms]
   [Eden: 275.0M(275.0M)->0.0B(254.0M) Survivors: 41.0M->40.0M Heap: 1032.9M(2048.0M)->1033.9M(2048.0M)]
 [Times: user=1.30 sys=0.05, real=0.20 secs] 
2020-09-29T12:33:18.421+0200: 25.779: [GC pause (G1 Humongous Allocation) (young) (initial-mark), 0.0549493 secs]
   [Parallel Time: 54.2 ms, GC Workers: 8]
      [GC Worker Start (ms): Min: 25778.9, Avg: 25779.0, Max: 25779.1, Diff: 0.2]
      [Ext Root Scanning (ms): Min: 0.0, Avg: 0.4, Max: 1.6, Diff: 1.6, Sum: 3.4]
      [Update RS (ms): Min: 30.6, Avg: 32.1, Max: 32.7, Diff: 2.1, Sum: 256.4]
         [Processed Buffers: Min: 36, Avg: 38.6, Max: 41, Diff: 5, Sum: 309]
      [Scan RS (ms): Min: 2.3, Avg: 2.7, Max: 2.9, Diff: 0.6, Sum: 21.6]
      [Code Root Scanning (ms): Min: 0.0, Avg: 0.0, Max: 0.0, Diff: 0.0, Sum: 0.0]
      [Object Copy (ms): Min: 18.8, Avg: 18.9, Max: 18.9, Diff: 0.1, Sum: 150.8]
      [Termination (ms): Min: 0.0, Avg: 0.0, Max: 0.0, Diff: 0.0, Sum: 0.2]
         [Termination Attempts: Min: 1, Avg: 153.4, Max: 194, Diff: 193, Sum: 1227]
      [GC Worker Other (ms): Min: 0.0, Avg: 0.0, Max: 0.0, Diff: 0.0, Sum: 0.1]
      [GC Worker Total (ms): Min: 54.0, Avg: 54.1, Max: 54.1, Diff: 0.2, Sum: 432.5]
      [GC Worker End (ms): Min: 25833.1, Avg: 25833.1, Max: 25833.1, Diff: 0.0]
   [Code Root Fixup: 0.0 ms]
   [Code Root Purge: 0.0 ms]
   [Clear CT: 0.2 ms]
   [Other: 0.6 ms]
      [Choose CSet: 0.0 ms]
      [Ref Proc: 0.1 ms]
      [Ref Enq: 0.0 ms]
      [Redirty Cards: 0.1 ms]
      [Humongous Register: 0.0 ms]
      [Humongous Reclaim: 0.0 ms]
      [Free CSet: 0.1 ms]
   [Eden: 8192.0K(254.0M)->0.0B(306.0M) Survivors: 40.0M->9216.0K Heap: 1041.4M(2048.0M)->1044.4M(2048.0M)]
 [Times: user=0.50 sys=0.00, real=0.06 secs] 
2020-09-29T12:33:18.476+0200: 25.834: [GC concurrent-root-region-scan-start]
2020-09-29T12:33:18.478+0200: 25.835: [GC concurrent-root-region-scan-end, 0.0013571 secs]
2020-09-29T12:33:18.478+0200: 25.835: [GC concurrent-mark-start]
2020-09-29T12:33:18.480+0200: 25.838: [GC concurrent-mark-end, 0.0022595 secs]
2020-09-29T12:33:18.480+0200: 25.838: [GC remark 2020-09-29T12:33:18.480+0200: 25.838: [Finalize Marking, 0.0001282 secs] 2020-09-29T12:33:18.480+0200: 25.838: [GC ref-proc, 0.0002728 secs] 2020-09-29T12:33:18.480+0200: 25.838: [Unloading, 0.0004463 secs], 0.0011473 secs]
 [Times: user=0.00 sys=0.00, real=0.00 secs] 
2020-09-29T12:33:18.482+0200: 25.839: [GC cleanup 1054M->26M(2048M), 0.0010149 secs]
 [Times: user=0.00 sys=0.00, real=0.00 secs] 
2020-09-29T12:33:18.483+0200: 25.840: [GC concurrent-cleanup-start]
2020-09-29T12:33:18.484+0200: 25.841: [GC concurrent-cleanup-end, 0.0010888 secs]
2020-09-29T12:33:18.634+0200: 25.991: [GC pause (G1 Evacuation Pause) (young), 0.1930186 secs]
   [Parallel Time: 191.9 ms, GC Workers: 8]
      [GC Worker Start (ms): Min: 25991.4, Avg: 25991.5, Max: 25991.5, Diff: 0.2]
      [Ext Root Scanning (ms): Min: 0.0, Avg: 0.1, Max: 0.2, Diff: 0.2, Sum: 0.6]
      [Update RS (ms): Min: 20.4, Avg: 22.0, Max: 31.3, Diff: 10.9, Sum: 176.1]
         [Processed Buffers: Min: 10, Avg: 20.6, Max: 23, Diff: 13, Sum: 165]
      [Scan RS (ms): Min: 9.0, Avg: 21.2, Max: 33.3, Diff: 24.4, Sum: 169.3]
      [Code Root Scanning (ms): Min: 0.0, Avg: 0.0, Max: 0.0, Diff: 0.0, Sum: 0.0]
      [Object Copy (ms): Min: 137.3, Avg: 147.9, Max: 151.2, Diff: 13.8, Sum: 1183.2]
      [Termination (ms): Min: 0.0, Avg: 0.4, Max: 0.5, Diff: 0.5, Sum: 3.2]
         [Termination Attempts: Min: 1, Avg: 2649.4, Max: 3270, Diff: 3269, Sum: 21195]
      [GC Worker Other (ms): Min: 0.0, Avg: 0.1, Max: 0.1, Diff: 0.1, Sum: 0.5]
      [GC Worker Total (ms): Min: 191.5, Avg: 191.6, Max: 191.7, Diff: 0.2, Sum: 1533.0]
      [GC Worker End (ms): Min: 26183.0, Avg: 26183.1, Max: 26183.1, Diff: 0.1]
   [Code Root Fixup: 0.0 ms]
   [Code Root Purge: 0.0 ms]
   [Clear CT: 0.2 ms]
   [Other: 1.0 ms]
      [Choose CSet: 0.0 ms]
      [Ref Proc: 0.2 ms]
      [Ref Enq: 0.0 ms]
      [Redirty Cards: 0.2 ms]
      [Humongous Register: 0.0 ms]
      [Humongous Reclaim: 0.0 ms]
      [Free CSet: 0.3 ms]
   [Eden: 306.0M(306.0M)->0.0B(257.0M) Survivors: 9216.0K->40.0M Heap: 374.0M(2048.0M)->367.5M(2048.0M)]
 [Times: user=1.34 sys=0.02, real=0.19 secs] 
2020-09-29T12:33:18.979+0200: 26.336: [GC pause (G1 Evacuation Pause) (young), 0.1618421 secs]
   [Parallel Time: 161.0 ms, GC Workers: 8]
      [GC Worker Start (ms): Min: 26336.4, Avg: 26336.5, Max: 26336.6, Diff: 0.1]
      [Ext Root Scanning (ms): Min: 0.0, Avg: 0.1, Max: 0.1, Diff: 0.1, Sum: 0.5]
      [Update RS (ms): Min: 15.8, Avg: 15.9, Max: 16.1, Diff: 0.3, Sum: 127.3]
         [Processed Buffers: Min: 17, Avg: 18.6, Max: 24, Diff: 7, Sum: 149]
      [Scan RS (ms): Min: 19.3, Avg: 19.4, Max: 19.5, Diff: 0.3, Sum: 155.3]
      [Code Root Scanning (ms): Min: 0.0, Avg: 0.0, Max: 0.0, Diff: 0.0, Sum: 0.0]
      [Object Copy (ms): Min: 125.2, Avg: 125.2, Max: 125.3, Diff: 0.1, Sum: 1002.0]
      [Termination (ms): Min: 0.0, Avg: 0.1, Max: 0.2, Diff: 0.1, Sum: 1.0]
         [Termination Attempts: Min: 1, Avg: 703.1, Max: 975, Diff: 974, Sum: 5625]
      [GC Worker Other (ms): Min: 0.0, Avg: 0.0, Max: 0.0, Diff: 0.0, Sum: 0.1]
      [GC Worker Total (ms): Min: 160.7, Avg: 160.8, Max: 160.8, Diff: 0.1, Sum: 1286.2]
      [GC Worker End (ms): Min: 26497.3, Avg: 26497.3, Max: 26497.3, Diff: 0.0]
   [Code Root Fixup: 0.0 ms]
   [Code Root Purge: 0.0 ms]
   [Clear CT: 0.1 ms]
   [Other: 0.7 ms]
      [Choose CSet: 0.0 ms]
      [Ref Proc: 0.1 ms]
      [Ref Enq: 0.0 ms]
      [Redirty Cards: 0.2 ms]
      [Humongous Register: 0.0 ms]
      [Humongous Reclaim: 0.0 ms]
      [Free CSet: 0.2 ms]
   [Eden: 257.0M(257.0M)->0.0B(263.0M) Survivors: 40.0M->38.0M Heap: 668.4M(2048.0M)->670.9M(2048.0M)]
 [Times: user=1.08 sys=0.05, real=0.16 secs] 
2020-09-29T12:33:19.289+0200: 26.646: [GC pause (G1 Evacuation Pause) (young), 0.1579621 secs]
   [Parallel Time: 157.1 ms, GC Workers: 8]
      [GC Worker Start (ms): Min: 26646.5, Avg: 26646.6, Max: 26646.7, Diff: 0.1]
      [Ext Root Scanning (ms): Min: 0.0, Avg: 0.1, Max: 0.1, Diff: 0.1, Sum: 0.5]
      [Update RS (ms): Min: 17.2, Avg: 17.4, Max: 18.1, Diff: 0.9, Sum: 139.4]
         [Processed Buffers: Min: 18, Avg: 19.9, Max: 23, Diff: 5, Sum: 159]
      [Scan RS (ms): Min: 18.1, Avg: 18.8, Max: 19.1, Diff: 1.0, Sum: 150.7]
      [Code Root Scanning (ms): Min: 0.0, Avg: 0.0, Max: 0.0, Diff: 0.0, Sum: 0.0]
      [Object Copy (ms): Min: 120.4, Avg: 120.5, Max: 120.6, Diff: 0.2, Sum: 964.3]
      [Termination (ms): Min: 0.0, Avg: 0.0, Max: 0.0, Diff: 0.0, Sum: 0.2]
         [Termination Attempts: Min: 1, Avg: 142.5, Max: 205, Diff: 204, Sum: 1140]
      [GC Worker Other (ms): Min: 0.0, Avg: 0.0, Max: 0.1, Diff: 0.0, Sum: 0.3]
      [GC Worker Total (ms): Min: 156.9, Avg: 156.9, Max: 157.0, Diff: 0.1, Sum: 1255.4]
      [GC Worker End (ms): Min: 26803.5, Avg: 26803.5, Max: 26803.5, Diff: 0.0]
   [Code Root Fixup: 0.0 ms]
   [Code Root Purge: 0.0 ms]
   [Clear CT: 0.1 ms]
   [Other: 0.7 ms]
      [Choose CSet: 0.0 ms]
      [Ref Proc: 0.2 ms]
      [Ref Enq: 0.0 ms]
      [Redirty Cards: 0.2 ms]
      [Humongous Register: 0.1 ms]
      [Humongous Reclaim: 0.0 ms]
      [Free CSet: 0.2 ms]
   [Eden: 263.0M(263.0M)->0.0B(272.0M) Survivors: 38.0M->38.0M Heap: 977.7M(2048.0M)->979.7M(2048.0M)]
 [Times: user=1.16 sys=0.05, real=0.16 secs] 
2020-09-29T12:33:19.452+0200: 26.810: [GC pause (G1 Humongous Allocation) (young) (initial-mark), 0.0561609 secs]
   [Parallel Time: 55.3 ms, GC Workers: 8]
      [GC Worker Start (ms): Min: 26810.0, Avg: 26810.0, Max: 26810.1, Diff: 0.1]
      [Ext Root Scanning (ms): Min: 0.1, Avg: 0.1, Max: 0.1, Diff: 0.1, Sum: 0.7]
      [Update RS (ms): Min: 32.7, Avg: 32.9, Max: 33.3, Diff: 0.6, Sum: 263.1]
         [Processed Buffers: Min: 40, Avg: 43.6, Max: 46, Diff: 6, Sum: 349]
      [Scan RS (ms): Min: 2.0, Avg: 2.4, Max: 2.6, Diff: 0.6, Sum: 19.4]
      [Code Root Scanning (ms): Min: 0.0, Avg: 0.0, Max: 0.0, Diff: 0.0, Sum: 0.0]
      [Object Copy (ms): Min: 19.7, Avg: 19.7, Max: 19.8, Diff: 0.1, Sum: 157.7]
      [Termination (ms): Min: 0.0, Avg: 0.1, Max: 0.1, Diff: 0.1, Sum: 0.5]
         [Termination Attempts: Min: 1, Avg: 199.4, Max: 338, Diff: 337, Sum: 1595]
      [GC Worker Other (ms): Min: 0.0, Avg: 0.0, Max: 0.0, Diff: 0.0, Sum: 0.1]
      [GC Worker Total (ms): Min: 55.2, Avg: 55.2, Max: 55.2, Diff: 0.1, Sum: 441.6]
      [GC Worker End (ms): Min: 26865.2, Avg: 26865.2, Max: 26865.2, Diff: 0.0]
   [Code Root Fixup: 0.0 ms]
   [Code Root Purge: 0.0 ms]
   [Clear CT: 0.1 ms]
   [Other: 0.7 ms]
      [Choose CSet: 0.0 ms]
      [Ref Proc: 0.2 ms]
      [Ref Enq: 0.0 ms]
      [Redirty Cards: 0.2 ms]
      [Humongous Register: 0.0 ms]
      [Humongous Reclaim: 0.0 ms]
      [Free CSet: 0.1 ms]
   [Eden: 10.0M(272.0M)->0.0B(310.0M) Survivors: 38.0M->11.0M Heap: 989.2M(2048.0M)->992.7M(2048.0M)]
 [Times: user=0.48 sys=0.00, real=0.06 secs] 
2020-09-29T12:33:19.509+0200: 26.866: [GC concurrent-root-region-scan-start]
2020-09-29T12:33:19.511+0200: 26.868: [GC concurrent-root-region-scan-end, 0.0022543 secs]
2020-09-29T12:33:19.511+0200: 26.868: [GC concurrent-mark-start]
2020-09-29T12:33:19.514+0200: 26.872: [GC concurrent-mark-end, 0.0033688 secs]
2020-09-29T12:33:19.514+0200: 26.872: [GC remark 2020-09-29T12:33:19.514+0200: 26.872: [Finalize Marking, 0.0001530 secs] 2020-09-29T12:33:19.515+0200: 26.872: [GC ref-proc, 0.0002765 secs] 2020-09-29T12:33:19.515+0200: 26.872: [Unloading, 0.0004070 secs], 0.0012047 secs]
 [Times: user=0.00 sys=0.00, real=0.00 secs] 
2020-09-29T12:33:19.516+0200: 26.873: [GC cleanup 1008M->34M(2048M), 0.0013612 secs]
 [Times: user=0.00 sys=0.00, real=0.00 secs] 
2020-09-29T12:33:19.517+0200: 26.875: [GC concurrent-cleanup-start]
2020-09-29T12:33:19.518+0200: 26.876: [GC concurrent-cleanup-end, 0.0011712 secs]
2020-09-29T12:33:19.663+0200: 27.021: [GC pause (G1 Evacuation Pause) (young), 0.1716365 secs]
   [Parallel Time: 170.2 ms, GC Workers: 8]
      [GC Worker Start (ms): Min: 27020.7, Avg: 27020.8, Max: 27020.8, Diff: 0.1]
      [Ext Root Scanning (ms): Min: 0.0, Avg: 0.1, Max: 0.1, Diff: 0.1, Sum: 0.6]
      [Update RS (ms): Min: 17.3, Avg: 17.9, Max: 20.6, Diff: 3.3, Sum: 143.0]
         [Processed Buffers: Min: 14, Avg: 19.6, Max: 23, Diff: 9, Sum: 157]
      [Scan RS (ms): Min: 17.5, Avg: 20.2, Max: 20.8, Diff: 3.3, Sum: 161.6]
      [Code Root Scanning (ms): Min: 0.0, Avg: 0.0, Max: 0.0, Diff: 0.0, Sum: 0.0]
      [Object Copy (ms): Min: 131.6, Avg: 131.7, Max: 131.8, Diff: 0.2, Sum: 1053.9]
      [Termination (ms): Min: 0.0, Avg: 0.0, Max: 0.1, Diff: 0.1, Sum: 0.4]
         [Termination Attempts: Min: 1, Avg: 343.8, Max: 426, Diff: 425, Sum: 2750]
      [GC Worker Other (ms): Min: 0.0, Avg: 0.0, Max: 0.1, Diff: 0.0, Sum: 0.3]
      [GC Worker Total (ms): Min: 169.9, Avg: 170.0, Max: 170.0, Diff: 0.1, Sum: 1359.9]
      [GC Worker End (ms): Min: 27190.7, Avg: 27190.8, Max: 27190.8, Diff: 0.0]
   [Code Root Fixup: 0.0 ms]
   [Code Root Purge: 0.0 ms]
   [Clear CT: 0.4 ms]
   [Other: 1.1 ms]
      [Choose CSet: 0.0 ms]
      [Ref Proc: 0.3 ms]
      [Ref Enq: 0.0 ms]
      [Redirty Cards: 0.4 ms]
      [Humongous Register: 0.0 ms]
      [Humongous Reclaim: 0.0 ms]
      [Free CSet: 0.2 ms]
   [Eden: 310.0M(310.0M)->0.0B(282.0M) Survivors: 11.0M->41.0M Heap: 382.4M(2048.0M)->373.4M(2048.0M)]
 [Times: user=1.14 sys=0.08, real=0.17 secs] 
2020-09-29T12:33:19.977+0200: 27.335: [GC pause (G1 Evacuation Pause) (young), 0.1800109 secs]
   [Parallel Time: 179.0 ms, GC Workers: 8]
      [GC Worker Start (ms): Min: 27335.0, Avg: 27335.0, Max: 27335.1, Diff: 0.1]
      [Ext Root Scanning (ms): Min: 0.0, Avg: 0.1, Max: 0.1, Diff: 0.1, Sum: 0.6]
      [Update RS (ms): Min: 19.6, Avg: 20.0, Max: 20.4, Diff: 0.7, Sum: 159.9]
         [Processed Buffers: Min: 21, Avg: 21.4, Max: 22, Diff: 1, Sum: 171]
      [Scan RS (ms): Min: 18.1, Avg: 18.4, Max: 18.8, Diff: 0.7, Sum: 147.3]
      [Code Root Scanning (ms): Min: 0.0, Avg: 0.0, Max: 0.0, Diff: 0.0, Sum: 0.0]
      [Object Copy (ms): Min: 139.8, Avg: 139.9, Max: 140.2, Diff: 0.4, Sum: 1119.5]
      [Termination (ms): Min: 0.0, Avg: 0.3, Max: 0.4, Diff: 0.4, Sum: 2.6]
         [Termination Attempts: Min: 1, Avg: 2542.1, Max: 3417, Diff: 3416, Sum: 20337]
      [GC Worker Other (ms): Min: 0.0, Avg: 0.1, Max: 0.1, Diff: 0.1, Sum: 0.6]
      [GC Worker Total (ms): Min: 178.7, Avg: 178.8, Max: 178.9, Diff: 0.1, Sum: 1430.4]
      [GC Worker End (ms): Min: 27513.8, Avg: 27513.8, Max: 27513.9, Diff: 0.1]
   [Code Root Fixup: 0.0 ms]
   [Code Root Purge: 0.0 ms]
   [Clear CT: 0.2 ms]
   [Other: 0.9 ms]
      [Choose CSet: 0.0 ms]
      [Ref Proc: 0.2 ms]
      [Ref Enq: 0.0 ms]
      [Redirty Cards: 0.2 ms]
      [Humongous Register: 0.0 ms]
      [Humongous Reclaim: 0.0 ms]
      [Free CSet: 0.2 ms]
   [Eden: 282.0M(282.0M)->0.0B(275.0M) Survivors: 41.0M->41.0M Heap: 701.2M(2048.0M)->703.2M(2048.0M)]
 [Times: user=1.33 sys=0.03, real=0.18 secs] 
2020-09-29T12:33:20.305+0200: 27.662: [GC pause (G1 Evacuation Pause) (young), 0.1853796 secs]
   [Parallel Time: 184.3 ms, GC Workers: 8]
      [GC Worker Start (ms): Min: 27662.5, Avg: 27662.6, Max: 27662.7, Diff: 0.2]
      [Ext Root Scanning (ms): Min: 0.0, Avg: 0.1, Max: 0.2, Diff: 0.2, Sum: 0.5]
      [Update RS (ms): Min: 21.8, Avg: 22.1, Max: 22.4, Diff: 0.6, Sum: 177.1]
         [Processed Buffers: Min: 20, Avg: 21.0, Max: 23, Diff: 3, Sum: 168]
      [Scan RS (ms): Min: 18.6, Avg: 18.9, Max: 19.2, Diff: 0.6, Sum: 151.3]
      [Code Root Scanning (ms): Min: 0.0, Avg: 0.0, Max: 0.0, Diff: 0.0, Sum: 0.0]
      [Object Copy (ms): Min: 142.6, Avg: 142.7, Max: 142.9, Diff: 0.3, Sum: 1141.5]
      [Termination (ms): Min: 0.0, Avg: 0.2, Max: 0.3, Diff: 0.3, Sum: 1.7]
         [Termination Attempts: Min: 1, Avg: 1625.8, Max: 2092, Diff: 2091, Sum: 13006]
      [GC Worker Other (ms): Min: 0.0, Avg: 0.1, Max: 0.1, Diff: 0.1, Sum: 0.5]
      [GC Worker Total (ms): Min: 184.0, Avg: 184.1, Max: 184.2, Diff: 0.1, Sum: 1472.6]
      [GC Worker End (ms): Min: 27846.6, Avg: 27846.7, Max: 27846.7, Diff: 0.1]
   [Code Root Fixup: 0.0 ms]
   [Code Root Purge: 0.0 ms]
   [Clear CT: 0.3 ms]
   [Other: 0.8 ms]
      [Choose CSet: 0.0 ms]
      [Ref Proc: 0.2 ms]
      [Ref Enq: 0.0 ms]
      [Redirty Cards: 0.2 ms]
      [Humongous Register: 0.1 ms]
      [Humongous Reclaim: 0.0 ms]
      [Free CSet: 0.2 ms]
   [Eden: 275.0M(275.0M)->0.0B(265.0M) Survivors: 41.0M->40.0M Heap: 1024.0M(2048.0M)->1026.5M(2048.0M)]
 [Times: user=1.42 sys=0.05, real=0.19 secs] 
2020-09-29T12:33:20.497+0200: 27.854: [GC pause (G1 Humongous Allocation) (young) (initial-mark), 0.0704116 secs]
   [Parallel Time: 69.5 ms, GC Workers: 8]
      [GC Worker Start (ms): Min: 27854.6, Avg: 27854.6, Max: 27854.7, Diff: 0.1]
      [Ext Root Scanning (ms): Min: 0.0, Avg: 1.5, Max: 11.1, Diff: 11.1, Sum: 12.1]
      [Update RS (ms): Min: 24.8, Avg: 34.2, Max: 35.7, Diff: 10.9, Sum: 273.2]
         [Processed Buffers: Min: 34, Avg: 42.4, Max: 45, Diff: 11, Sum: 339]
      [Scan RS (ms): Min: 2.3, Avg: 2.6, Max: 2.8, Diff: 0.4, Sum: 20.4]
      [Code Root Scanning (ms): Min: 0.0, Avg: 0.0, Max: 0.0, Diff: 0.0, Sum: 0.0]
      [Object Copy (ms): Min: 30.5, Avg: 30.7, Max: 31.1, Diff: 0.5, Sum: 246.0]
      [Termination (ms): Min: 0.0, Avg: 0.3, Max: 0.6, Diff: 0.5, Sum: 2.6]
         [Termination Attempts: Min: 1, Avg: 2105.1, Max: 3161, Diff: 3160, Sum: 16841]
      [GC Worker Other (ms): Min: 0.0, Avg: 0.0, Max: 0.0, Diff: 0.0, Sum: 0.1]
      [GC Worker Total (ms): Min: 69.2, Avg: 69.3, Max: 69.3, Diff: 0.2, Sum: 554.3]
      [GC Worker End (ms): Min: 27923.9, Avg: 27923.9, Max: 27923.9, Diff: 0.0]
   [Code Root Fixup: 0.0 ms]
   [Code Root Purge: 0.0 ms]
   [Clear CT: 0.2 ms]
   [Other: 0.8 ms]
      [Choose CSet: 0.0 ms]
      [Ref Proc: 0.2 ms]
      [Ref Enq: 0.0 ms]
      [Redirty Cards: 0.2 ms]
      [Humongous Register: 0.1 ms]
      [Humongous Reclaim: 0.0 ms]
      [Free CSet: 0.1 ms]
   [Eden: 3072.0K(265.0M)->0.0B(245.0M) Survivors: 40.0M->5120.0K Heap: 1029.5M(2048.0M)->1033.5M(2048.0M)]
 [Times: user=0.45 sys=0.03, real=0.07 secs] 
2020-09-29T12:33:20.568+0200: 27.925: [GC concurrent-root-region-scan-start]
2020-09-29T12:33:20.569+0200: 27.926: [GC concurrent-root-region-scan-end, 0.0009890 secs]
2020-09-29T12:33:20.569+0200: 27.926: [GC concurrent-mark-start]
2020-09-29T12:33:20.572+0200: 27.929: [GC concurrent-mark-end, 0.0033787 secs]
2020-09-29T12:33:20.572+0200: 27.930: [GC remark 2020-09-29T12:33:20.572+0200: 27.930: [Finalize Marking, 0.0001859 secs] 2020-09-29T12:33:20.572+0200: 27.930: [GC ref-proc, 0.0004291 secs] 2020-09-29T12:33:20.573+0200: 27.930: [Unloading, 0.0004525 secs], 0.0014187 secs]
 [Times: user=0.00 sys=0.00, real=0.00 secs] 
2020-09-29T12:33:20.574+0200: 27.931: [GC cleanup 1043M->22M(2048M), 0.0013340 secs]
 [Times: user=0.00 sys=0.00, real=0.00 secs] 
2020-09-29T12:33:20.575+0200: 27.933: [GC concurrent-cleanup-start]
2020-09-29T12:33:20.577+0200: 27.934: [GC concurrent-cleanup-end, 0.0013064 secs]
2020-09-29T12:33:20.716+0200: 28.073: [GC pause (G1 Evacuation Pause) (young), 0.1337006 secs]
   [Parallel Time: 132.6 ms, GC Workers: 8]
      [GC Worker Start (ms): Min: 28073.5, Avg: 28073.7, Max: 28073.7, Diff: 0.2]
      [Ext Root Scanning (ms): Min: 0.0, Avg: 0.1, Max: 0.2, Diff: 0.2, Sum: 0.4]
      [Update RS (ms): Min: 19.7, Avg: 19.8, Max: 20.1, Diff: 0.4, Sum: 158.5]
         [Processed Buffers: Min: 20, Avg: 21.1, Max: 25, Diff: 5, Sum: 169]
      [Scan RS (ms): Min: 11.3, Avg: 11.6, Max: 11.8, Diff: 0.5, Sum: 92.5]
      [Code Root Scanning (ms): Min: 0.0, Avg: 0.0, Max: 0.0, Diff: 0.0, Sum: 0.0]
      [Object Copy (ms): Min: 100.8, Avg: 100.9, Max: 101.0, Diff: 0.2, Sum: 807.6]
      [Termination (ms): Min: 0.0, Avg: 0.0, Max: 0.1, Diff: 0.1, Sum: 0.4]
         [Termination Attempts: Min: 1, Avg: 308.6, Max: 408, Diff: 407, Sum: 2469]
      [GC Worker Other (ms): Min: 0.0, Avg: 0.0, Max: 0.0, Diff: 0.0, Sum: 0.3]
      [GC Worker Total (ms): Min: 132.4, Avg: 132.5, Max: 132.6, Diff: 0.2, Sum: 1059.7]
      [GC Worker End (ms): Min: 28206.1, Avg: 28206.1, Max: 28206.1, Diff: 0.0]
   [Code Root Fixup: 0.0 ms]
   [Code Root Purge: 0.0 ms]
   [Clear CT: 0.3 ms]
   [Other: 0.7 ms]
      [Choose CSet: 0.0 ms]
      [Ref Proc: 0.2 ms]
      [Ref Enq: 0.0 ms]
      [Redirty Cards: 0.2 ms]
      [Humongous Register: 0.0 ms]
      [Humongous Reclaim: 0.0 ms]
      [Free CSet: 0.1 ms]
   [Eden: 245.0M(245.0M)->0.0B(246.0M) Survivors: 5120.0K->32.0M Heap: 300.0M(2048.0M)->297.0M(2048.0M)]
 [Times: user=1.00 sys=0.06, real=0.13 secs] 
2020-09-29T12:33:20.984+0200: 28.342: [GC pause (G1 Evacuation Pause) (young), 0.1683102 secs]
   [Parallel Time: 167.1 ms, GC Workers: 8]
      [GC Worker Start (ms): Min: 28342.1, Avg: 28342.1, Max: 28342.2, Diff: 0.1]
      [Ext Root Scanning (ms): Min: 0.0, Avg: 0.1, Max: 0.1, Diff: 0.1, Sum: 0.5]
      [Update RS (ms): Min: 19.2, Avg: 19.5, Max: 20.2, Diff: 1.0, Sum: 156.0]
         [Processed Buffers: Min: 18, Avg: 18.6, Max: 20, Diff: 2, Sum: 149]
      [Scan RS (ms): Min: 16.3, Avg: 17.0, Max: 17.4, Diff: 1.1, Sum: 136.1]
      [Code Root Scanning (ms): Min: 0.0, Avg: 0.0, Max: 0.0, Diff: 0.0, Sum: 0.0]
      [Object Copy (ms): Min: 129.6, Avg: 129.8, Max: 130.4, Diff: 0.7, Sum: 1038.3]
      [Termination (ms): Min: 0.0, Avg: 0.6, Max: 0.8, Diff: 0.8, Sum: 4.6]
         [Termination Attempts: Min: 1, Avg: 4313.6, Max: 5605, Diff: 5604, Sum: 34509]
      [GC Worker Other (ms): Min: 0.0, Avg: 0.0, Max: 0.1, Diff: 0.0, Sum: 0.3]
      [GC Worker Total (ms): Min: 166.9, Avg: 167.0, Max: 167.0, Diff: 0.1, Sum: 1335.8]
      [GC Worker End (ms): Min: 28509.1, Avg: 28509.1, Max: 28509.1, Diff: 0.0]
   [Code Root Fixup: 0.0 ms]
   [Code Root Purge: 0.0 ms]
   [Clear CT: 0.2 ms]
   [Other: 1.0 ms]
      [Choose CSet: 0.0 ms]
      [Ref Proc: 0.2 ms]
      [Ref Enq: 0.0 ms]
      [Redirty Cards: 0.3 ms]
      [Humongous Register: 0.0 ms]
      [Humongous Reclaim: 0.0 ms]
      [Free CSet: 0.3 ms]
   [Eden: 246.0M(246.0M)->0.0B(243.0M) Survivors: 32.0M->35.0M Heap: 583.0M(2048.0M)->585.5M(2048.0M)]
 [Times: user=1.25 sys=0.09, real=0.17 secs] 
2020-09-29T12:33:21.283+0200: 28.641: [GC pause (G1 Evacuation Pause) (young), 0.1584943 secs]
   [Parallel Time: 157.6 ms, GC Workers: 8]
      [GC Worker Start (ms): Min: 28641.0, Avg: 28641.0, Max: 28641.1, Diff: 0.1]
      [Ext Root Scanning (ms): Min: 0.0, Avg: 0.1, Max: 0.1, Diff: 0.1, Sum: 0.5]
      [Update RS (ms): Min: 21.8, Avg: 21.9, Max: 22.2, Diff: 0.4, Sum: 175.4]
         [Processed Buffers: Min: 14, Avg: 22.3, Max: 26, Diff: 12, Sum: 178]
      [Scan RS (ms): Min: 16.5, Avg: 16.9, Max: 18.1, Diff: 1.6, Sum: 135.2]
      [Code Root Scanning (ms): Min: 0.0, Avg: 0.0, Max: 0.0, Diff: 0.0, Sum: 0.0]
      [Object Copy (ms): Min: 116.9, Avg: 118.4, Max: 118.7, Diff: 1.8, Sum: 947.3]
      [Termination (ms): Min: 0.0, Avg: 0.0, Max: 0.0, Diff: 0.0, Sum: 0.1]
         [Termination Attempts: Min: 1, Avg: 101.4, Max: 126, Diff: 125, Sum: 811]
      [GC Worker Other (ms): Min: 0.0, Avg: 0.0, Max: 0.1, Diff: 0.0, Sum: 0.3]
      [GC Worker Total (ms): Min: 157.3, Avg: 157.4, Max: 157.4, Diff: 0.1, Sum: 1259.0]
      [GC Worker End (ms): Min: 28798.4, Avg: 28798.4, Max: 28798.4, Diff: 0.0]
   [Code Root Fixup: 0.0 ms]
   [Code Root Purge: 0.0 ms]
   [Clear CT: 0.2 ms]
   [Other: 0.8 ms]
      [Choose CSet: 0.0 ms]
      [Ref Proc: 0.2 ms]
      [Ref Enq: 0.0 ms]
      [Redirty Cards: 0.2 ms]
      [Humongous Register: 0.1 ms]
      [Humongous Reclaim: 0.0 ms]
      [Free CSet: 0.1 ms]
   [Eden: 243.0M(243.0M)->0.0B(251.0M) Survivors: 35.0M->35.0M Heap: 870.5M(2048.0M)->873.0M(2048.0M)]
 [Times: user=1.17 sys=0.03, real=0.16 secs] 
2020-09-29T12:33:21.585+0200: 28.943: [GC pause (G1 Evacuation Pause) (young), 0.1669055 secs]
   [Parallel Time: 165.8 ms, GC Workers: 8]
      [GC Worker Start (ms): Min: 28942.9, Avg: 28943.0, Max: 28943.1, Diff: 0.2]
      [Ext Root Scanning (ms): Min: 0.0, Avg: 0.1, Max: 0.2, Diff: 0.2, Sum: 0.5]
      [Update RS (ms): Min: 21.0, Avg: 21.9, Max: 26.4, Diff: 5.4, Sum: 174.9]
         [Processed Buffers: Min: 0, Avg: 18.4, Max: 24, Diff: 24, Sum: 147]
      [Scan RS (ms): Min: 15.5, Avg: 20.1, Max: 20.9, Diff: 5.4, Sum: 160.5]
      [Code Root Scanning (ms): Min: 0.0, Avg: 0.0, Max: 0.0, Diff: 0.0, Sum: 0.0]
      [Object Copy (ms): Min: 123.3, Avg: 123.4, Max: 123.5, Diff: 0.1, Sum: 987.4]
      [Termination (ms): Min: 0.0, Avg: 0.1, Max: 0.1, Diff: 0.1, Sum: 0.6]
         [Termination Attempts: Min: 1, Avg: 372.8, Max: 486, Diff: 485, Sum: 2982]
      [GC Worker Other (ms): Min: 0.0, Avg: 0.0, Max: 0.1, Diff: 0.1, Sum: 0.4]
      [GC Worker Total (ms): Min: 165.5, Avg: 165.5, Max: 165.7, Diff: 0.2, Sum: 1324.3]
      [GC Worker End (ms): Min: 29108.5, Avg: 29108.5, Max: 29108.6, Diff: 0.1]
   [Code Root Fixup: 0.0 ms]
   [Code Root Purge: 0.0 ms]
   [Clear CT: 0.2 ms]
   [Other: 0.9 ms]
      [Choose CSet: 0.0 ms]
      [Ref Proc: 0.2 ms]
      [Ref Enq: 0.0 ms]
      [Redirty Cards: 0.2 ms]
      [Humongous Register: 0.1 ms]
      [Humongous Reclaim: 0.0 ms]
      [Free CSet: 0.3 ms]
   [Eden: 251.0M(251.0M)->0.0B(252.0M) Survivors: 35.0M->36.0M Heap: 1165.9M(2048.0M)->1167.9M(2048.0M)]
 [Times: user=1.08 sys=0.05, real=0.17 secs] 
2020-09-29T12:33:21.761+0200: 29.119: [GC pause (G1 Humongous Allocation) (young) (initial-mark), 0.0564817 secs]
   [Parallel Time: 55.6 ms, GC Workers: 8]
      [GC Worker Start (ms): Min: 29118.7, Avg: 29118.8, Max: 29118.8, Diff: 0.1]
      [Ext Root Scanning (ms): Min: 0.0, Avg: 0.1, Max: 0.1, Diff: 0.1, Sum: 0.6]
      [Update RS (ms): Min: 30.1, Avg: 30.2, Max: 30.6, Diff: 0.5, Sum: 242.0]
         [Processed Buffers: Min: 34, Avg: 36.8, Max: 38, Diff: 4, Sum: 294]
      [Scan RS (ms): Min: 2.1, Avg: 2.4, Max: 2.6, Diff: 0.4, Sum: 19.4]
      [Code Root Scanning (ms): Min: 0.0, Avg: 0.0, Max: 0.0, Diff: 0.0, Sum: 0.0]
      [Object Copy (ms): Min: 22.6, Avg: 22.6, Max: 22.7, Diff: 0.1, Sum: 181.1]
      [Termination (ms): Min: 0.0, Avg: 0.0, Max: 0.0, Diff: 0.0, Sum: 0.0]
         [Termination Attempts: Min: 1, Avg: 7.9, Max: 11, Diff: 10, Sum: 63]
      [GC Worker Other (ms): Min: 0.0, Avg: 0.0, Max: 0.0, Diff: 0.0, Sum: 0.2]
      [GC Worker Total (ms): Min: 55.4, Avg: 55.4, Max: 55.5, Diff: 0.1, Sum: 443.3]
      [GC Worker End (ms): Min: 29174.2, Avg: 29174.2, Max: 29174.2, Diff: 0.0]
   [Code Root Fixup: 0.0 ms]
   [Code Root Purge: 0.0 ms]
   [Clear CT: 0.1 ms]
   [Other: 0.8 ms]
      [Choose CSet: 0.0 ms]
      [Ref Proc: 0.2 ms]
      [Ref Enq: 0.0 ms]
      [Redirty Cards: 0.2 ms]
      [Humongous Register: 0.0 ms]
      [Humongous Reclaim: 0.0 ms]
      [Free CSet: 0.1 ms]
   [Eden: 11.0M(252.0M)->0.0B(284.0M) Survivors: 36.0M->13.0M Heap: 1178.9M(2048.0M)->1181.9M(2048.0M)]
 [Times: user=0.42 sys=0.03, real=0.06 secs] 
2020-09-29T12:33:21.817+0200: 29.175: [GC concurrent-root-region-scan-start]
2020-09-29T12:33:21.820+0200: 29.178: [GC concurrent-root-region-scan-end, 0.0025842 secs]
2020-09-29T12:33:21.820+0200: 29.178: [GC concurrent-mark-start]
2020-09-29T12:33:21.823+0200: 29.181: [GC concurrent-mark-end, 0.0033673 secs]
2020-09-29T12:33:21.824+0200: 29.182: [GC remark 2020-09-29T12:33:21.824+0200: 29.182: [Finalize Marking, 0.0002215 secs] 2020-09-29T12:33:21.824+0200: 29.182: [GC ref-proc, 0.0002929 secs] 2020-09-29T12:33:21.824+0200: 29.182: [Unloading, 0.0004250 secs], 0.0013162 secs]
 [Times: user=0.00 sys=0.00, real=0.00 secs] 
2020-09-29T12:33:21.825+0200: 29.183: [GC cleanup 1193M->32M(2048M), 0.0012786 secs]
 [Times: user=0.00 sys=0.00, real=0.00 secs] 
2020-09-29T12:33:21.827+0200: 29.185: [GC concurrent-cleanup-start]
2020-09-29T12:33:21.828+0200: 29.186: [GC concurrent-cleanup-end, 0.0016721 secs]
2020-09-29T12:33:21.978+0200: 29.336: [GC pause (G1 Evacuation Pause) (young), 0.1557207 secs]
   [Parallel Time: 154.8 ms, GC Workers: 8]
      [GC Worker Start (ms): Min: 29335.7, Avg: 29335.8, Max: 29335.9, Diff: 0.1]
      [Ext Root Scanning (ms): Min: 0.0, Avg: 0.1, Max: 0.1, Diff: 0.1, Sum: 0.5]
      [Update RS (ms): Min: 13.2, Avg: 13.5, Max: 13.9, Diff: 0.7, Sum: 108.4]
         [Processed Buffers: Min: 13, Avg: 13.9, Max: 15, Diff: 2, Sum: 111]
      [Scan RS (ms): Min: 19.6, Avg: 20.0, Max: 20.5, Diff: 0.9, Sum: 160.3]
      [Code Root Scanning (ms): Min: 0.0, Avg: 0.0, Max: 0.0, Diff: 0.0, Sum: 0.0]
      [Object Copy (ms): Min: 120.5, Avg: 120.7, Max: 121.0, Diff: 0.5, Sum: 965.7]
      [Termination (ms): Min: 0.0, Avg: 0.2, Max: 0.3, Diff: 0.3, Sum: 1.9]
         [Termination Attempts: Min: 1, Avg: 1482.3, Max: 1787, Diff: 1786, Sum: 11858]
      [GC Worker Other (ms): Min: 0.0, Avg: 0.0, Max: 0.1, Diff: 0.0, Sum: 0.3]
      [GC Worker Total (ms): Min: 154.6, Avg: 154.6, Max: 154.7, Diff: 0.2, Sum: 1237.0]
      [GC Worker End (ms): Min: 29490.4, Avg: 29490.4, Max: 29490.5, Diff: 0.0]
   [Code Root Fixup: 0.0 ms]
   [Code Root Purge: 0.0 ms]
   [Clear CT: 0.2 ms]
   [Other: 0.7 ms]
      [Choose CSet: 0.0 ms]
      [Ref Proc: 0.1 ms]
      [Ref Enq: 0.0 ms]
      [Redirty Cards: 0.2 ms]
      [Humongous Register: 0.0 ms]
      [Humongous Reclaim: 0.0 ms]
      [Free CSet: 0.2 ms]
   [Eden: 284.0M(284.0M)->0.0B(267.0M) Survivors: 13.0M->38.0M Heap: 352.2M(2048.0M)->341.7M(2048.0M)]
 [Times: user=1.05 sys=0.06, real=0.16 secs] 
2020-09-29T12:33:22.269+0200: 29.627: [GC pause (G1 Evacuation Pause) (young), 0.1694505 secs]
   [Parallel Time: 166.8 ms, GC Workers: 8]
      [GC Worker Start (ms): Min: 29627.2, Avg: 29627.3, Max: 29627.4, Diff: 0.1]
      [Ext Root Scanning (ms): Min: 0.0, Avg: 0.1, Max: 0.1, Diff: 0.1, Sum: 0.6]
      [Update RS (ms): Min: 16.6, Avg: 16.8, Max: 17.1, Diff: 0.6, Sum: 134.4]
         [Processed Buffers: Min: 18, Avg: 19.4, Max: 21, Diff: 3, Sum: 155]
      [Scan RS (ms): Min: 19.5, Avg: 19.8, Max: 20.2, Diff: 0.7, Sum: 158.7]
      [Code Root Scanning (ms): Min: 0.0, Avg: 0.0, Max: 0.0, Diff: 0.0, Sum: 0.0]
      [Object Copy (ms): Min: 129.6, Avg: 129.7, Max: 129.8, Diff: 0.1, Sum: 1037.9]
      [Termination (ms): Min: 0.0, Avg: 0.0, Max: 0.0, Diff: 0.0, Sum: 0.1]
         [Termination Attempts: Min: 1, Avg: 129.0, Max: 174, Diff: 173, Sum: 1032]
      [GC Worker Other (ms): Min: 0.0, Avg: 0.0, Max: 0.1, Diff: 0.1, Sum: 0.3]
      [GC Worker Total (ms): Min: 166.4, Avg: 166.5, Max: 166.6, Diff: 0.2, Sum: 1332.0]
      [GC Worker End (ms): Min: 29793.8, Avg: 29793.8, Max: 29793.8, Diff: 0.1]
   [Code Root Fixup: 0.0 ms]
   [Code Root Purge: 0.0 ms]
   [Clear CT: 0.8 ms]
   [Other: 1.8 ms]
      [Choose CSet: 0.0 ms]
      [Ref Proc: 0.3 ms]
      [Ref Enq: 0.0 ms]
      [Redirty Cards: 0.5 ms]
      [Humongous Register: 0.0 ms]
      [Humongous Reclaim: 0.0 ms]
      [Free CSet: 0.2 ms]
   [Eden: 267.0M(267.0M)->0.0B(265.0M) Survivors: 38.0M->39.0M Heap: 654.5M(2048.0M)->656.5M(2048.0M)]
 [Times: user=1.28 sys=0.05, real=0.17 secs] 
2020-09-29T12:33:22.591+0200: 29.949: [GC pause (G1 Evacuation Pause) (young), 0.1673451 secs]
   [Parallel Time: 166.4 ms, GC Workers: 8]
      [GC Worker Start (ms): Min: 29949.5, Avg: 29949.6, Max: 29949.7, Diff: 0.2]
      [Ext Root Scanning (ms): Min: 0.0, Avg: 0.1, Max: 0.1, Diff: 0.1, Sum: 0.6]
      [Update RS (ms): Min: 16.8, Avg: 16.9, Max: 17.0, Diff: 0.3, Sum: 135.0]
         [Processed Buffers: Min: 15, Avg: 18.0, Max: 20, Diff: 5, Sum: 144]
      [Scan RS (ms): Min: 20.7, Avg: 20.9, Max: 21.1, Diff: 0.3, Sum: 167.2]
      [Code Root Scanning (ms): Min: 0.0, Avg: 0.0, Max: 0.0, Diff: 0.0, Sum: 0.0]
      [Object Copy (ms): Min: 128.1, Avg: 128.2, Max: 128.4, Diff: 0.3, Sum: 1026.0]
      [Termination (ms): Min: 0.0, Avg: 0.1, Max: 0.1, Diff: 0.1, Sum: 0.6]
         [Termination Attempts: Min: 1, Avg: 567.6, Max: 735, Diff: 734, Sum: 4541]
      [GC Worker Other (ms): Min: 0.0, Avg: 0.0, Max: 0.1, Diff: 0.0, Sum: 0.3]
      [GC Worker Total (ms): Min: 166.1, Avg: 166.2, Max: 166.3, Diff: 0.2, Sum: 1329.7]
      [GC Worker End (ms): Min: 30115.7, Avg: 30115.8, Max: 30115.8, Diff: 0.1]
   [Code Root Fixup: 0.0 ms]
   [Code Root Purge: 0.0 ms]
   [Clear CT: 0.1 ms]
   [Other: 0.8 ms]
      [Choose CSet: 0.0 ms]
      [Ref Proc: 0.2 ms]
      [Ref Enq: 0.0 ms]
      [Redirty Cards: 0.2 ms]
      [Humongous Register: 0.1 ms]
      [Humongous Reclaim: 0.0 ms]
      [Free CSet: 0.2 ms]
   [Eden: 265.0M(265.0M)->0.0B(266.0M) Survivors: 39.0M->38.0M Heap: 965.3M(2048.0M)->966.8M(2048.0M)]
 [Times: user=1.16 sys=0.11, real=0.17 secs] 
2020-09-29T12:33:22.764+0200: 30.122: [GC pause (G1 Humongous Allocation) (young) (initial-mark), 0.0555147 secs]
   [Parallel Time: 54.7 ms, GC Workers: 8]
      [GC Worker Start (ms): Min: 30122.0, Avg: 30122.1, Max: 30122.1, Diff: 0.1]
      [Ext Root Scanning (ms): Min: 0.0, Avg: 0.1, Max: 0.1, Diff: 0.1, Sum: 0.6]
      [Update RS (ms): Min: 33.6, Avg: 33.8, Max: 34.1, Diff: 0.5, Sum: 270.4]
         [Processed Buffers: Min: 42, Avg: 44.4, Max: 49, Diff: 7, Sum: 355]
      [Scan RS (ms): Min: 2.1, Avg: 2.4, Max: 2.5, Diff: 0.5, Sum: 19.0]
      [Code Root Scanning (ms): Min: 0.0, Avg: 0.0, Max: 0.0, Diff: 0.0, Sum: 0.0]
      [Object Copy (ms): Min: 18.1, Avg: 18.2, Max: 18.3, Diff: 0.1, Sum: 145.8]
      [Termination (ms): Min: 0.0, Avg: 0.0, Max: 0.0, Diff: 0.0, Sum: 0.1]
         [Termination Attempts: Min: 1, Avg: 89.1, Max: 110, Diff: 109, Sum: 713]
      [GC Worker Other (ms): Min: 0.0, Avg: 0.0, Max: 0.0, Diff: 0.0, Sum: 0.1]
      [GC Worker Total (ms): Min: 54.5, Avg: 54.5, Max: 54.6, Diff: 0.1, Sum: 436.0]
      [GC Worker End (ms): Min: 30176.6, Avg: 30176.6, Max: 30176.6, Diff: 0.0]
   [Code Root Fixup: 0.0 ms]
   [Code Root Purge: 0.0 ms]
   [Clear CT: 0.2 ms]
   [Other: 0.7 ms]
      [Choose CSet: 0.0 ms]
      [Ref Proc: 0.2 ms]
      [Ref Enq: 0.0 ms]
      [Redirty Cards: 0.2 ms]
      [Humongous Register: 0.0 ms]
      [Humongous Reclaim: 0.0 ms]
      [Free CSet: 0.1 ms]
   [Eden: 9216.0K(266.0M)->0.0B(307.0M) Survivors: 38.0M->10.0M Heap: 975.3M(2048.0M)->978.8M(2048.0M)]
 [Times: user=0.50 sys=0.00, real=0.06 secs] 
2020-09-29T12:33:22.820+0200: 30.178: [GC concurrent-root-region-scan-start]
2020-09-29T12:33:22.822+0200: 30.180: [GC concurrent-root-region-scan-end, 0.0019829 secs]
2020-09-29T12:33:22.822+0200: 30.180: [GC concurrent-mark-start]
2020-09-29T12:33:22.824+0200: 30.182: [GC concurrent-mark-end, 0.0025723 secs]
2020-09-29T12:33:22.825+0200: 30.182: [GC remark 2020-09-29T12:33:22.825+0200: 30.182: [Finalize Marking, 0.0001505 secs] 2020-09-29T12:33:22.825+0200: 30.183: [GC ref-proc, 0.0003081 secs] 2020-09-29T12:33:22.825+0200: 30.183: [Unloading, 0.0004607 secs], 0.0013007 secs]
 [Times: user=0.00 sys=0.00, real=0.00 secs] 
2020-09-29T12:33:22.826+0200: 30.184: [GC cleanup 989M->28M(2048M), 0.0012689 secs]
 [Times: user=0.00 sys=0.00, real=0.00 secs] 
2020-09-29T12:33:22.828+0200: 30.185: [GC concurrent-cleanup-start]
2020-09-29T12:33:22.829+0200: 30.186: [GC concurrent-cleanup-end, 0.0010402 secs]
2020-09-29T12:33:22.989+0200: 30.346: [GC pause (G1 Evacuation Pause) (young), 0.1687468 secs]
   [Parallel Time: 167.9 ms, GC Workers: 8]
      [GC Worker Start (ms): Min: 30346.5, Avg: 30346.6, Max: 30346.6, Diff: 0.1]
      [Ext Root Scanning (ms): Min: 0.0, Avg: 0.1, Max: 0.1, Diff: 0.1, Sum: 0.6]
      [Update RS (ms): Min: 18.0, Avg: 18.2, Max: 18.7, Diff: 0.7, Sum: 145.4]
         [Processed Buffers: Min: 18, Avg: 18.9, Max: 19, Diff: 1, Sum: 151]
      [Scan RS (ms): Min: 18.7, Avg: 19.1, Max: 19.4, Diff: 0.7, Sum: 153.2]
      [Code Root Scanning (ms): Min: 0.0, Avg: 0.0, Max: 0.0, Diff: 0.0, Sum: 0.0]
      [Object Copy (ms): Min: 130.2, Avg: 130.2, Max: 130.3, Diff: 0.1, Sum: 1041.8]
      [Termination (ms): Min: 0.0, Avg: 0.0, Max: 0.0, Diff: 0.0, Sum: 0.1]
         [Termination Attempts: Min: 1, Avg: 69.0, Max: 91, Diff: 90, Sum: 552]
      [GC Worker Other (ms): Min: 0.0, Avg: 0.1, Max: 0.1, Diff: 0.1, Sum: 0.4]
      [GC Worker Total (ms): Min: 167.6, Avg: 167.7, Max: 167.7, Diff: 0.1, Sum: 1341.5]
      [GC Worker End (ms): Min: 30514.2, Avg: 30514.2, Max: 30514.3, Diff: 0.1]
   [Code Root Fixup: 0.0 ms]
   [Code Root Purge: 0.0 ms]
   [Clear CT: 0.1 ms]
   [Other: 0.7 ms]
      [Choose CSet: 0.0 ms]
      [Ref Proc: 0.2 ms]
      [Ref Enq: 0.0 ms]
      [Redirty Cards: 0.2 ms]
      [Humongous Register: 0.0 ms]
      [Humongous Reclaim: 0.0 ms]
      [Free CSet: 0.2 ms]
   [Eden: 307.0M(307.0M)->0.0B(281.0M) Survivors: 10.0M->40.0M Heap: 376.5M(2048.0M)->369.0M(2048.0M)]
 [Times: user=1.16 sys=0.05, real=0.17 secs] 
2020-09-29T12:33:23.300+0200: 30.658: [GC pause (G1 Evacuation Pause) (young), 0.1675439 secs]
   [Parallel Time: 166.2 ms, GC Workers: 8]
      [GC Worker Start (ms): Min: 30658.5, Avg: 30658.6, Max: 30658.6, Diff: 0.1]
      [Ext Root Scanning (ms): Min: 0.0, Avg: 0.1, Max: 0.1, Diff: 0.1, Sum: 0.5]
      [Update RS (ms): Min: 17.8, Avg: 18.1, Max: 18.8, Diff: 1.0, Sum: 144.6]
         [Processed Buffers: Min: 17, Avg: 18.9, Max: 21, Diff: 4, Sum: 151]
      [Scan RS (ms): Min: 20.1, Avg: 20.8, Max: 21.2, Diff: 1.1, Sum: 166.5]
      [Code Root Scanning (ms): Min: 0.0, Avg: 0.0, Max: 0.0, Diff: 0.0, Sum: 0.0]
      [Object Copy (ms): Min: 126.8, Avg: 126.9, Max: 126.9, Diff: 0.2, Sum: 1015.1]
      [Termination (ms): Min: 0.0, Avg: 0.0, Max: 0.1, Diff: 0.1, Sum: 0.4]
         [Termination Attempts: Min: 1, Avg: 337.3, Max: 426, Diff: 425, Sum: 2698]
      [GC Worker Other (ms): Min: 0.0, Avg: 0.0, Max: 0.1, Diff: 0.1, Sum: 0.3]
      [GC Worker Total (ms): Min: 165.9, Avg: 165.9, Max: 166.0, Diff: 0.2, Sum: 1327.5]
      [GC Worker End (ms): Min: 30824.5, Avg: 30824.5, Max: 30824.5, Diff: 0.1]
   [Code Root Fixup: 0.0 ms]
   [Code Root Purge: 0.0 ms]
   [Clear CT: 0.2 ms]
   [Other: 1.2 ms]
      [Choose CSet: 0.0 ms]
      [Ref Proc: 0.3 ms]
      [Ref Enq: 0.0 ms]
      [Redirty Cards: 0.4 ms]
      [Humongous Register: 0.1 ms]
      [Humongous Reclaim: 0.0 ms]
      [Free CSet: 0.2 ms]
   [Eden: 281.0M(281.0M)->0.0B(279.0M) Survivors: 40.0M->41.0M Heap: 697.7M(2048.0M)->700.2M(2048.0M)]
 [Times: user=1.24 sys=0.02, real=0.17 secs] 
2020-09-29T12:33:23.619+0200: 30.977: [GC pause (G1 Evacuation Pause) (young), 0.1639947 secs]
   [Parallel Time: 163.0 ms, GC Workers: 8]
      [GC Worker Start (ms): Min: 30977.4, Avg: 30977.5, Max: 30977.6, Diff: 0.2]
      [Ext Root Scanning (ms): Min: 0.0, Avg: 0.1, Max: 0.2, Diff: 0.2, Sum: 0.5]
      [Update RS (ms): Min: 19.0, Avg: 19.3, Max: 19.6, Diff: 0.6, Sum: 154.6]
         [Processed Buffers: Min: 20, Avg: 20.5, Max: 21, Diff: 1, Sum: 164]
      [Scan RS (ms): Min: 18.6, Avg: 18.9, Max: 19.3, Diff: 0.7, Sum: 151.2]
      [Code Root Scanning (ms): Min: 0.0, Avg: 0.0, Max: 0.0, Diff: 0.0, Sum: 0.0]
      [Object Copy (ms): Min: 124.2, Avg: 124.3, Max: 124.4, Diff: 0.2, Sum: 994.8]
      [Termination (ms): Min: 0.0, Avg: 0.1, Max: 0.1, Diff: 0.1, Sum: 0.7]
         [Termination Attempts: Min: 1, Avg: 9.0, Max: 15, Diff: 14, Sum: 72]
      [GC Worker Other (ms): Min: 0.0, Avg: 0.0, Max: 0.1, Diff: 0.1, Sum: 0.2]
      [GC Worker Total (ms): Min: 162.7, Avg: 162.8, Max: 162.8, Diff: 0.2, Sum: 1302.0]
      [GC Worker End (ms): Min: 31140.2, Avg: 31140.2, Max: 31140.3, Diff: 0.0]
   [Code Root Fixup: 0.0 ms]
   [Code Root Purge: 0.0 ms]
   [Clear CT: 0.2 ms]
   [Other: 0.8 ms]
      [Choose CSet: 0.0 ms]
      [Ref Proc: 0.1 ms]
      [Ref Enq: 0.0 ms]
      [Redirty Cards: 0.2 ms]
      [Humongous Register: 0.1 ms]
      [Humongous Reclaim: 0.0 ms]
      [Free CSet: 0.2 ms]
   [Eden: 279.0M(279.0M)->0.0B(285.0M) Survivors: 41.0M->40.0M Heap: 1025.0M(2048.0M)->1026.5M(2048.0M)]
 [Times: user=1.22 sys=0.03, real=0.16 secs] 
2020-09-29T12:33:23.789+0200: 31.148: [GC pause (G1 Humongous Allocation) (young) (initial-mark), 0.0588582 secs]
   [Parallel Time: 58.1 ms, GC Workers: 8]
      [GC Worker Start (ms): Min: 31147.8, Avg: 31147.9, Max: 31148.0, Diff: 0.2]
      [Ext Root Scanning (ms): Min: 0.0, Avg: 0.9, Max: 6.5, Diff: 6.5, Sum: 7.6]
      [Update RS (ms): Min: 31.9, Avg: 37.4, Max: 38.6, Diff: 6.7, Sum: 299.3]
         [Processed Buffers: Min: 37, Avg: 45.6, Max: 48, Diff: 11, Sum: 365]
      [Scan RS (ms): Min: 1.8, Avg: 2.2, Max: 2.5, Diff: 0.7, Sum: 17.6]
      [Code Root Scanning (ms): Min: 0.0, Avg: 0.0, Max: 0.0, Diff: 0.0, Sum: 0.0]
      [Object Copy (ms): Min: 17.2, Avg: 17.3, Max: 17.4, Diff: 0.1, Sum: 138.4]
      [Termination (ms): Min: 0.0, Avg: 0.0, Max: 0.0, Diff: 0.0, Sum: 0.1]
         [Termination Attempts: Min: 1, Avg: 98.1, Max: 128, Diff: 127, Sum: 785]
      [GC Worker Other (ms): Min: 0.0, Avg: 0.0, Max: 0.0, Diff: 0.0, Sum: 0.1]
      [GC Worker Total (ms): Min: 57.8, Avg: 57.9, Max: 58.0, Diff: 0.2, Sum: 463.1]
      [GC Worker End (ms): Min: 31205.8, Avg: 31205.8, Max: 31205.8, Diff: 0.0]
   [Code Root Fixup: 0.0 ms]
   [Code Root Purge: 0.0 ms]
   [Clear CT: 0.1 ms]
   [Other: 0.6 ms]
      [Choose CSet: 0.0 ms]
      [Ref Proc: 0.2 ms]
      [Ref Enq: 0.0 ms]
      [Redirty Cards: 0.1 ms]
      [Humongous Register: 0.1 ms]
      [Humongous Reclaim: 0.0 ms]
      [Free CSet: 0.0 ms]
   [Eden: 3072.0K(285.0M)->0.0B(327.0M) Survivors: 40.0M->4096.0K Heap: 1029.5M(2048.0M)->1032.0M(2048.0M)]
 [Times: user=0.50 sys=0.00, real=0.06 secs] 
2020-09-29T12:33:23.848+0200: 31.207: [GC concurrent-root-region-scan-start]
2020-09-29T12:33:23.849+0200: 31.207: [GC concurrent-root-region-scan-end, 0.0006497 secs]
2020-09-29T12:33:23.849+0200: 31.207: [GC concurrent-mark-start]
2020-09-29T12:33:23.851+0200: 31.210: [GC concurrent-mark-end, 0.0022640 secs]
2020-09-29T12:33:23.852+0200: 31.210: [GC remark 2020-09-29T12:33:23.852+0200: 31.210: [Finalize Marking, 0.0001834 secs] 2020-09-29T12:33:23.852+0200: 31.210: [GC ref-proc, 0.0002726 secs] 2020-09-29T12:33:23.852+0200: 31.210: [Unloading, 0.0004107 secs], 0.0012334 secs]
 [Times: user=0.00 sys=0.00, real=0.00 secs] 
2020-09-29T12:33:23.853+0200: 31.211: [GC cleanup 1040M->20M(2048M), 0.0010456 secs]
 [Times: user=0.00 sys=0.00, real=0.00 secs] 
2020-09-29T12:33:23.854+0200: 31.212: [GC concurrent-cleanup-start]
2020-09-29T12:33:23.855+0200: 31.214: [GC concurrent-cleanup-end, 0.0011224 secs]
2020-09-29T12:33:24.024+0200: 31.382: [GC pause (G1 Evacuation Pause) (young), 0.1833239 secs]
   [Parallel Time: 182.4 ms, GC Workers: 8]
      [GC Worker Start (ms): Min: 31382.0, Avg: 31382.1, Max: 31382.2, Diff: 0.1]
      [Ext Root Scanning (ms): Min: 0.0, Avg: 0.1, Max: 0.1, Diff: 0.1, Sum: 0.6]
      [Update RS (ms): Min: 29.3, Avg: 29.5, Max: 29.9, Diff: 0.7, Sum: 236.4]
         [Processed Buffers: Min: 24, Avg: 25.5, Max: 28, Diff: 4, Sum: 204]
      [Scan RS (ms): Min: 20.3, Avg: 20.8, Max: 21.2, Diff: 0.9, Sum: 166.4]
      [Code Root Scanning (ms): Min: 0.0, Avg: 0.0, Max: 0.0, Diff: 0.0, Sum: 0.0]
      [Object Copy (ms): Min: 131.6, Avg: 131.7, Max: 131.9, Diff: 0.3, Sum: 1053.6]
      [Termination (ms): Min: 0.0, Avg: 0.0, Max: 0.0, Diff: 0.0, Sum: 0.2]
         [Termination Attempts: Min: 1, Avg: 134.0, Max: 170, Diff: 169, Sum: 1072]
      [GC Worker Other (ms): Min: 0.0, Avg: 0.0, Max: 0.1, Diff: 0.1, Sum: 0.4]
      [GC Worker Total (ms): Min: 182.1, Avg: 182.2, Max: 182.3, Diff: 0.2, Sum: 1457.5]
      [GC Worker End (ms): Min: 31564.2, Avg: 31564.3, Max: 31564.3, Diff: 0.1]
   [Code Root Fixup: 0.0 ms]
   [Code Root Purge: 0.0 ms]
   [Clear CT: 0.1 ms]
   [Other: 0.7 ms]
      [Choose CSet: 0.0 ms]
      [Ref Proc: 0.1 ms]
      [Ref Enq: 0.0 ms]
      [Redirty Cards: 0.2 ms]
      [Humongous Register: 0.0 ms]
      [Humongous Reclaim: 0.0 ms]
      [Free CSet: 0.2 ms]
   [Eden: 327.0M(327.0M)->0.0B(281.0M) Survivors: 4096.0K->42.0M Heap: 394.3M(2048.0M)->392.3M(2048.0M)]
 [Times: user=1.31 sys=0.06, real=0.18 secs] 
2020-09-29T12:33:24.357+0200: 31.715: [GC pause (G1 Evacuation Pause) (young), 0.1948301 secs]
   [Parallel Time: 193.5 ms, GC Workers: 8]
      [GC Worker Start (ms): Min: 31715.0, Avg: 31715.1, Max: 31715.1, Diff: 0.2]
      [Ext Root Scanning (ms): Min: 0.0, Avg: 0.1, Max: 0.1, Diff: 0.1, Sum: 0.5]
      [Update RS (ms): Min: 19.6, Avg: 19.8, Max: 20.0, Diff: 0.4, Sum: 158.1]
         [Processed Buffers: Min: 17, Avg: 20.5, Max: 25, Diff: 8, Sum: 164]
      [Scan RS (ms): Min: 21.1, Avg: 21.3, Max: 21.5, Diff: 0.5, Sum: 170.6]
      [Code Root Scanning (ms): Min: 0.0, Avg: 0.0, Max: 0.0, Diff: 0.0, Sum: 0.0]
      [Object Copy (ms): Min: 150.8, Avg: 151.3, Max: 152.2, Diff: 1.4, Sum: 1210.1]
      [Termination (ms): Min: 0.0, Avg: 0.9, Max: 1.2, Diff: 1.2, Sum: 7.1]
         [Termination Attempts: Min: 1, Avg: 5334.8, Max: 6955, Diff: 6954, Sum: 42678]
      [GC Worker Other (ms): Min: 0.0, Avg: 0.0, Max: 0.1, Diff: 0.0, Sum: 0.3]
      [GC Worker Total (ms): Min: 193.3, Avg: 193.3, Max: 193.5, Diff: 0.2, Sum: 1546.7]
      [GC Worker End (ms): Min: 31908.4, Avg: 31908.4, Max: 31908.4, Diff: 0.0]
   [Code Root Fixup: 0.0 ms]
   [Code Root Purge: 0.0 ms]
   [Clear CT: 0.2 ms]
   [Other: 1.1 ms]
      [Choose CSet: 0.0 ms]
      [Ref Proc: 0.3 ms]
      [Ref Enq: 0.0 ms]
      [Redirty Cards: 0.3 ms]
      [Humongous Register: 0.0 ms]
      [Humongous Reclaim: 0.0 ms]
      [Free CSet: 0.3 ms]
   [Eden: 281.0M(281.0M)->0.0B(257.0M) Survivors: 42.0M->41.0M Heap: 721.0M(2048.0M)->723.5M(2048.0M)]
 [Times: user=1.38 sys=0.14, real=0.19 secs] 
2020-09-29T12:33:24.693+0200: 32.050: [GC pause (G1 Evacuation Pause) (young), 0.1497789 secs]
   [Parallel Time: 148.6 ms, GC Workers: 8]
      [GC Worker Start (ms): Min: 32050.3, Avg: 32050.4, Max: 32050.5, Diff: 0.2]
      [Ext Root Scanning (ms): Min: 0.0, Avg: 0.1, Max: 0.2, Diff: 0.2, Sum: 0.4]
      [Update RS (ms): Min: 21.5, Avg: 21.8, Max: 22.6, Diff: 1.0, Sum: 174.1]
         [Processed Buffers: Min: 20, Avg: 21.3, Max: 23, Diff: 3, Sum: 170]
      [Scan RS (ms): Min: 16.0, Avg: 16.8, Max: 17.0, Diff: 1.0, Sum: 134.3]
      [Code Root Scanning (ms): Min: 0.0, Avg: 0.0, Max: 0.0, Diff: 0.0, Sum: 0.0]
      [Object Copy (ms): Min: 109.6, Avg: 109.6, Max: 109.6, Diff: 0.1, Sum: 876.8]
      [Termination (ms): Min: 0.0, Avg: 0.0, Max: 0.0, Diff: 0.0, Sum: 0.2]
         [Termination Attempts: Min: 1, Avg: 148.6, Max: 179, Diff: 178, Sum: 1189]
      [GC Worker Other (ms): Min: 0.0, Avg: 0.0, Max: 0.1, Diff: 0.1, Sum: 0.3]
      [GC Worker Total (ms): Min: 148.2, Avg: 148.3, Max: 148.4, Diff: 0.2, Sum: 1186.1]
      [GC Worker End (ms): Min: 32198.6, Avg: 32198.7, Max: 32198.7, Diff: 0.1]
   [Code Root Fixup: 0.0 ms]
   [Code Root Purge: 0.0 ms]
   [Clear CT: 0.1 ms]
   [Other: 1.1 ms]
      [Choose CSet: 0.0 ms]
      [Ref Proc: 0.2 ms]
      [Ref Enq: 0.0 ms]
      [Redirty Cards: 0.4 ms]
      [Humongous Register: 0.1 ms]
      [Humongous Reclaim: 0.0 ms]
      [Free CSet: 0.3 ms]
   [Eden: 257.0M(257.0M)->0.0B(274.0M) Survivors: 41.0M->38.0M Heap: 1022.5M(2048.0M)->1025.0M(2048.0M)]
 [Times: user=1.09 sys=0.03, real=0.16 secs] 
2020-09-29T12:33:24.857+0200: 32.215: [GC pause (G1 Humongous Allocation) (young) (initial-mark), 0.0620539 secs]
   [Parallel Time: 61.2 ms, GC Workers: 8]
      [GC Worker Start (ms): Min: 32215.3, Avg: 32215.3, Max: 32215.4, Diff: 0.1]
      [Ext Root Scanning (ms): Min: 0.0, Avg: 0.1, Max: 0.1, Diff: 0.1, Sum: 0.7]
      [Update RS (ms): Min: 30.5, Avg: 30.8, Max: 31.2, Diff: 0.6, Sum: 246.1]
         [Processed Buffers: Min: 34, Avg: 37.3, Max: 39, Diff: 5, Sum: 298]
      [Scan RS (ms): Min: 1.9, Avg: 2.3, Max: 2.5, Diff: 0.7, Sum: 18.3]
      [Code Root Scanning (ms): Min: 0.0, Avg: 0.0, Max: 0.0, Diff: 0.0, Sum: 0.0]
      [Object Copy (ms): Min: 27.6, Avg: 27.7, Max: 27.9, Diff: 0.3, Sum: 221.2]
      [Termination (ms): Min: 0.0, Avg: 0.3, Max: 0.3, Diff: 0.3, Sum: 2.2]
         [Termination Attempts: Min: 1, Avg: 1943.8, Max: 2347, Diff: 2346, Sum: 15550]
      [GC Worker Other (ms): Min: 0.0, Avg: 0.0, Max: 0.0, Diff: 0.0, Sum: 0.1]
      [GC Worker Total (ms): Min: 61.0, Avg: 61.1, Max: 61.1, Diff: 0.1, Sum: 488.6]
      [GC Worker End (ms): Min: 32276.4, Avg: 32276.4, Max: 32276.4, Diff: 0.0]
   [Code Root Fixup: 0.0 ms]
   [Code Root Purge: 0.0 ms]
   [Clear CT: 0.2 ms]
   [Other: 0.6 ms]
      [Choose CSet: 0.0 ms]
      [Ref Proc: 0.1 ms]
      [Ref Enq: 0.0 ms]
      [Redirty Cards: 0.2 ms]
      [Humongous Register: 0.0 ms]
      [Humongous Reclaim: 0.0 ms]
      [Free CSet: 0.1 ms]
   [Eden: 5120.0K(274.0M)->0.0B(268.0M) Survivors: 38.0M->7168.0K Heap: 1030.0M(2048.0M)->1034.0M(2048.0M)]
 [Times: user=0.50 sys=0.00, real=0.06 secs] 
2020-09-29T12:33:24.920+0200: 32.277: [GC concurrent-root-region-scan-start]
2020-09-29T12:33:24.921+0200: 32.279: [GC concurrent-root-region-scan-end, 0.0017339 secs]
2020-09-29T12:33:24.921+0200: 32.279: [GC concurrent-mark-start]
2020-09-29T12:33:24.924+0200: 32.282: [GC concurrent-mark-end, 0.0030699 secs]
2020-09-29T12:33:24.925+0200: 32.282: [GC remark 2020-09-29T12:33:24.925+0200: 32.282: [Finalize Marking, 0.0002085 secs] 2020-09-29T12:33:24.925+0200: 32.283: [GC ref-proc, 0.0003159 secs] 2020-09-29T12:33:24.925+0200: 32.283: [Unloading, 0.0004628 secs], 0.0013623 secs]
 [Times: user=0.02 sys=0.02, real=0.00 secs] 
2020-09-29T12:33:24.926+0200: 32.284: [GC cleanup 1043M->24M(2048M), 0.0015456 secs]
 [Times: user=0.00 sys=0.00, real=0.00 secs] 
2020-09-29T12:33:24.928+0200: 32.286: [GC concurrent-cleanup-start]
2020-09-29T12:33:24.929+0200: 32.287: [GC concurrent-cleanup-end, 0.0014393 secs]
2020-09-29T12:33:25.085+0200: 32.443: [GC pause (G1 Evacuation Pause) (young), 0.1531933 secs]
   [Parallel Time: 152.0 ms, GC Workers: 8]
      [GC Worker Start (ms): Min: 32443.3, Avg: 32443.4, Max: 32443.5, Diff: 0.2]
      [Ext Root Scanning (ms): Min: 0.0, Avg: 0.1, Max: 0.2, Diff: 0.2, Sum: 0.6]
      [Update RS (ms): Min: 21.3, Avg: 21.4, Max: 21.6, Diff: 0.3, Sum: 171.2]
         [Processed Buffers: Min: 18, Avg: 19.4, Max: 21, Diff: 3, Sum: 155]
      [Scan RS (ms): Min: 19.6, Avg: 20.1, Max: 21.7, Diff: 2.1, Sum: 160.9]
      [Code Root Scanning (ms): Min: 0.0, Avg: 0.0, Max: 0.0, Diff: 0.0, Sum: 0.0]
      [Object Copy (ms): Min: 108.3, Avg: 110.1, Max: 110.5, Diff: 2.2, Sum: 880.8]
      [Termination (ms): Min: 0.0, Avg: 0.1, Max: 0.2, Diff: 0.2, Sum: 0.7]
         [Termination Attempts: Min: 1, Avg: 626.5, Max: 964, Diff: 963, Sum: 5012]
      [GC Worker Other (ms): Min: 0.0, Avg: 0.0, Max: 0.1, Diff: 0.1, Sum: 0.3]
      [GC Worker Total (ms): Min: 151.7, Avg: 151.8, Max: 151.9, Diff: 0.2, Sum: 1214.6]
      [GC Worker End (ms): Min: 32595.2, Avg: 32595.2, Max: 32595.3, Diff: 0.1]
   [Code Root Fixup: 0.0 ms]
   [Code Root Purge: 0.0 ms]
   [Clear CT: 0.4 ms]
   [Other: 0.8 ms]
      [Choose CSet: 0.0 ms]
      [Ref Proc: 0.2 ms]
      [Ref Enq: 0.0 ms]
      [Redirty Cards: 0.2 ms]
      [Humongous Register: 0.1 ms]
      [Humongous Reclaim: 0.0 ms]
      [Free CSet: 0.2 ms]
   [Eden: 268.0M(268.0M)->0.0B(248.0M) Survivors: 7168.0K->35.0M Heap: 328.3M(2048.0M)->323.8M(2048.0M)]
 [Times: user=1.09 sys=0.03, real=0.15 secs] 
2020-09-29T12:33:25.369+0200: 32.726: [GC pause (G1 Evacuation Pause) (young), 0.1435464 secs]
   [Parallel Time: 142.5 ms, GC Workers: 8]
      [GC Worker Start (ms): Min: 32726.5, Avg: 32726.6, Max: 32726.6, Diff: 0.2]
      [Ext Root Scanning (ms): Min: 0.0, Avg: 0.1, Max: 0.2, Diff: 0.2, Sum: 0.4]
      [Update RS (ms): Min: 16.0, Avg: 16.1, Max: 16.2, Diff: 0.2, Sum: 128.4]
         [Processed Buffers: Min: 19, Avg: 20.9, Max: 25, Diff: 6, Sum: 167]
      [Scan RS (ms): Min: 10.9, Avg: 11.0, Max: 11.1, Diff: 0.2, Sum: 88.2]
      [Code Root Scanning (ms): Min: 0.0, Avg: 0.0, Max: 0.0, Diff: 0.0, Sum: 0.0]
      [Object Copy (ms): Min: 114.9, Avg: 115.0, Max: 115.0, Diff: 0.1, Sum: 919.7]
      [Termination (ms): Min: 0.0, Avg: 0.1, Max: 0.1, Diff: 0.1, Sum: 0.7]
         [Termination Attempts: Min: 1, Avg: 693.1, Max: 944, Diff: 943, Sum: 5545]
      [GC Worker Other (ms): Min: 0.0, Avg: 0.0, Max: 0.1, Diff: 0.0, Sum: 0.2]
      [GC Worker Total (ms): Min: 142.1, Avg: 142.2, Max: 142.3, Diff: 0.2, Sum: 1137.7]
      [GC Worker End (ms): Min: 32868.8, Avg: 32868.8, Max: 32868.8, Diff: 0.0]
   [Code Root Fixup: 0.0 ms]
   [Code Root Purge: 0.0 ms]
   [Clear CT: 0.2 ms]
   [Other: 0.9 ms]
      [Choose CSet: 0.0 ms]
      [Ref Proc: 0.2 ms]
      [Ref Enq: 0.0 ms]
      [Redirty Cards: 0.2 ms]
      [Humongous Register: 0.0 ms]
      [Humongous Reclaim: 0.0 ms]
      [Free CSet: 0.2 ms]
   [Eden: 248.0M(248.0M)->0.0B(266.0M) Survivors: 35.0M->36.0M Heap: 613.7M(2048.0M)->615.7M(2048.0M)]
 [Times: user=1.09 sys=0.02, real=0.14 secs] 
2020-09-29T12:33:25.681+0200: 33.038: [GC pause (G1 Evacuation Pause) (young), 0.2627201 secs]
   [Parallel Time: 261.5 ms, GC Workers: 8]
      [GC Worker Start (ms): Min: 33038.5, Avg: 33038.6, Max: 33038.7, Diff: 0.2]
      [Ext Root Scanning (ms): Min: 0.0, Avg: 0.1, Max: 0.2, Diff: 0.2, Sum: 0.8]
      [Update RS (ms): Min: 27.7, Avg: 27.8, Max: 28.0, Diff: 0.3, Sum: 222.7]
         [Processed Buffers: Min: 16, Avg: 18.3, Max: 23, Diff: 7, Sum: 146]
      [Scan RS (ms): Min: 30.8, Avg: 31.0, Max: 31.3, Diff: 0.4, Sum: 248.0]
      [Code Root Scanning (ms): Min: 0.0, Avg: 0.0, Max: 0.0, Diff: 0.0, Sum: 0.0]
      [Object Copy (ms): Min: 202.0, Avg: 202.2, Max: 202.2, Diff: 0.2, Sum: 1617.3]
      [Termination (ms): Min: 0.0, Avg: 0.1, Max: 0.1, Diff: 0.1, Sum: 0.8]
         [Termination Attempts: Min: 1, Avg: 387.5, Max: 479, Diff: 478, Sum: 3100]
      [GC Worker Other (ms): Min: 0.0, Avg: 0.1, Max: 0.1, Diff: 0.1, Sum: 0.5]
      [GC Worker Total (ms): Min: 261.1, Avg: 261.3, Max: 261.4, Diff: 0.2, Sum: 2090.1]
      [GC Worker End (ms): Min: 33299.8, Avg: 33299.9, Max: 33299.9, Diff: 0.1]
   [Code Root Fixup: 0.0 ms]
   [Code Root Purge: 0.0 ms]
   [Clear CT: 0.3 ms]
   [Other: 1.0 ms]
      [Choose CSet: 0.0 ms]
      [Ref Proc: 0.2 ms]
      [Ref Enq: 0.0 ms]
      [Redirty Cards: 0.3 ms]
      [Humongous Register: 0.1 ms]
      [Humongous Reclaim: 0.0 ms]
      [Free CSet: 0.2 ms]
   [Eden: 266.0M(266.0M)->0.0B(185.0M) Survivors: 36.0M->38.0M Heap: 925.6M(2048.0M)->927.6M(2048.0M)]
 [Times: user=1.77 sys=0.22, real=0.26 secs] 
2020-09-29T12:33:26.084+0200: 33.442: [GC pause (G1 Humongous Allocation) (young) (initial-mark), 0.1615669 secs]
   [Parallel Time: 160.2 ms, GC Workers: 8]
      [GC Worker Start (ms): Min: 33441.8, Avg: 33442.0, Max: 33442.1, Diff: 0.2]
      [Ext Root Scanning (ms): Min: 0.0, Avg: 0.1, Max: 0.2, Diff: 0.2, Sum: 0.8]
      [Update RS (ms): Min: 23.4, Avg: 24.4, Max: 25.1, Diff: 1.6, Sum: 195.1]
         [Processed Buffers: Min: 10, Avg: 14.8, Max: 17, Diff: 7, Sum: 118]
      [Scan RS (ms): Min: 15.2, Avg: 15.9, Max: 16.9, Diff: 1.8, Sum: 127.3]
      [Code Root Scanning (ms): Min: 0.0, Avg: 0.0, Max: 0.0, Diff: 0.0, Sum: 0.0]
      [Object Copy (ms): Min: 119.2, Avg: 119.5, Max: 119.6, Diff: 0.4, Sum: 955.8]
      [Termination (ms): Min: 0.0, Avg: 0.0, Max: 0.0, Diff: 0.0, Sum: 0.1]
         [Termination Attempts: Min: 1, Avg: 24.3, Max: 33, Diff: 32, Sum: 194]
      [GC Worker Other (ms): Min: 0.0, Avg: 0.0, Max: 0.1, Diff: 0.1, Sum: 0.4]
      [GC Worker Total (ms): Min: 159.8, Avg: 159.9, Max: 160.0, Diff: 0.2, Sum: 1279.5]
      [GC Worker End (ms): Min: 33601.9, Avg: 33601.9, Max: 33601.9, Diff: 0.1]
   [Code Root Fixup: 0.0 ms]
   [Code Root Purge: 0.0 ms]
   [Clear CT: 0.3 ms]
   [Other: 1.1 ms]
      [Choose CSet: 0.0 ms]
      [Ref Proc: 0.2 ms]
      [Ref Enq: 0.0 ms]
      [Redirty Cards: 0.2 ms]
      [Humongous Register: 0.0 ms]
      [Humongous Reclaim: 0.0 ms]
      [Free CSet: 0.3 ms]
   [Eden: 146.0M(185.0M)->0.0B(173.0M) Survivors: 38.0M->28.0M Heap: 1096.0M(2048.0M)->1098.0M(2048.0M)]
 [Times: user=1.24 sys=0.00, real=0.16 secs] 
2020-09-29T12:33:26.246+0200: 33.603: [GC concurrent-root-region-scan-start]
2020-09-29T12:33:26.260+0200: 33.618: [GC concurrent-root-region-scan-end, 0.0148787 secs]
2020-09-29T12:33:26.260+0200: 33.618: [GC concurrent-mark-start]
2020-09-29T12:33:26.265+0200: 33.623: [GC concurrent-mark-end, 0.0043190 secs]
2020-09-29T12:33:26.268+0200: 33.626: [GC remark 2020-09-29T12:33:26.268+0200: 33.626: [Finalize Marking, 0.0004294 secs] 2020-09-29T12:33:26.269+0200: 33.627: [GC ref-proc, 0.0004563 secs] 2020-09-29T12:33:26.269+0200: 33.627: [Unloading, 0.0008580 secs], 0.0024673 secs]
 [Times: user=0.11 sys=0.01, real=0.00 secs] 
2020-09-29T12:33:26.271+0200: 33.629: [GC cleanup 1129M->67M(2048M), 0.0021802 secs]
 [Times: user=0.00 sys=0.00, real=0.00 secs] 
2020-09-29T12:33:26.273+0200: 33.632: [GC concurrent-cleanup-start]
2020-09-29T12:33:26.276+0200: 33.634: [GC concurrent-cleanup-end, 0.0021197 secs]
2020-09-29T12:33:26.396+0200: 33.755: [GC pause (G1 Evacuation Pause) (young), 0.1456311 secs]
   [Parallel Time: 144.0 ms, GC Workers: 8]
      [GC Worker Start (ms): Min: 33754.7, Avg: 33754.8, Max: 33754.9, Diff: 0.2]
      [Ext Root Scanning (ms): Min: 0.0, Avg: 0.1, Max: 0.2, Diff: 0.2, Sum: 0.8]
      [Update RS (ms): Min: 18.5, Avg: 18.8, Max: 19.3, Diff: 0.8, Sum: 150.2]
         [Processed Buffers: Min: 14, Avg: 15.3, Max: 17, Diff: 3, Sum: 122]
      [Scan RS (ms): Min: 9.8, Avg: 10.3, Max: 10.5, Diff: 0.7, Sum: 82.5]
      [Code Root Scanning (ms): Min: 0.0, Avg: 0.0, Max: 0.0, Diff: 0.0, Sum: 0.0]
      [Object Copy (ms): Min: 114.2, Avg: 114.3, Max: 114.4, Diff: 0.2, Sum: 914.3]
      [Termination (ms): Min: 0.0, Avg: 0.2, Max: 0.2, Diff: 0.2, Sum: 1.3]
         [Termination Attempts: Min: 1, Avg: 604.4, Max: 776, Diff: 775, Sum: 4835]
      [GC Worker Other (ms): Min: 0.0, Avg: 0.0, Max: 0.1, Diff: 0.0, Sum: 0.3]
      [GC Worker Total (ms): Min: 143.6, Avg: 143.7, Max: 143.8, Diff: 0.2, Sum: 1149.4]
      [GC Worker End (ms): Min: 33898.5, Avg: 33898.5, Max: 33898.5, Diff: 0.0]
   [Code Root Fixup: 0.0 ms]
   [Code Root Purge: 0.0 ms]
   [Clear CT: 0.3 ms]
   [Other: 1.3 ms]
      [Choose CSet: 0.0 ms]
      [Ref Proc: 0.3 ms]
      [Ref Enq: 0.0 ms]
      [Redirty Cards: 0.4 ms]
      [Humongous Register: 0.1 ms]
      [Humongous Reclaim: 0.0 ms]
      [Free CSet: 0.2 ms]
   [Eden: 173.0M(173.0M)->0.0B(186.0M) Survivors: 28.0M->26.0M Heap: 239.5M(2048.0M)->214.0M(2048.0M)]
 [Times: user=1.13 sys=0.00, real=0.15 secs] 
2020-09-29T12:33:26.702+0200: 34.061: [GC pause (G1 Evacuation Pause) (young), 0.1671533 secs]
   [Parallel Time: 165.6 ms, GC Workers: 8]
      [GC Worker Start (ms): Min: 34060.8, Avg: 34061.0, Max: 34061.1, Diff: 0.3]
      [Ext Root Scanning (ms): Min: 0.0, Avg: 0.1, Max: 0.2, Diff: 0.2, Sum: 0.7]
      [Update RS (ms): Min: 21.4, Avg: 21.6, Max: 21.9, Diff: 0.5, Sum: 172.5]
         [Processed Buffers: Min: 15, Avg: 16.5, Max: 19, Diff: 4, Sum: 132]
      [Scan RS (ms): Min: 14.4, Avg: 14.7, Max: 14.9, Diff: 0.5, Sum: 117.7]
      [Code Root Scanning (ms): Min: 0.0, Avg: 0.0, Max: 0.0, Diff: 0.0, Sum: 0.0]
      [Object Copy (ms): Min: 128.7, Avg: 128.9, Max: 129.0, Diff: 0.3, Sum: 1031.5]
      [Termination (ms): Min: 0.0, Avg: 0.0, Max: 0.0, Diff: 0.0, Sum: 0.0]
         [Termination Attempts: Min: 1, Avg: 14.1, Max: 18, Diff: 17, Sum: 113]
      [GC Worker Other (ms): Min: 0.0, Avg: 0.0, Max: 0.1, Diff: 0.1, Sum: 0.4]
      [GC Worker Total (ms): Min: 165.3, Avg: 165.4, Max: 165.5, Diff: 0.2, Sum: 1322.9]
      [GC Worker End (ms): Min: 34226.3, Avg: 34226.3, Max: 34226.4, Diff: 0.1]
   [Code Root Fixup: 0.0 ms]
   [Code Root Purge: 0.0 ms]
   [Clear CT: 0.3 ms]
   [Other: 1.3 ms]
      [Choose CSet: 0.0 ms]
      [Ref Proc: 0.3 ms]
      [Ref Enq: 0.0 ms]
      [Redirty Cards: 0.4 ms]
      [Humongous Register: 0.1 ms]
      [Humongous Reclaim: 0.0 ms]
      [Free CSet: 0.2 ms]
   [Eden: 186.0M(186.0M)->0.0B(189.0M) Survivors: 26.0M->27.0M Heap: 430.5M(2048.0M)->432.0M(2048.0M)]
 [Times: user=1.34 sys=0.03, real=0.17 secs] 
2020-09-29T12:33:27.032+0200: 34.391: [GC pause (G1 Evacuation Pause) (young), 0.1749412 secs]
   [Parallel Time: 173.4 ms, GC Workers: 8]
      [GC Worker Start (ms): Min: 34390.7, Avg: 34390.8, Max: 34391.0, Diff: 0.2]
      [Ext Root Scanning (ms): Min: 0.0, Avg: 0.1, Max: 0.2, Diff: 0.2, Sum: 0.9]
      [Update RS (ms): Min: 22.2, Avg: 22.6, Max: 23.6, Diff: 1.3, Sum: 181.0]
         [Processed Buffers: Min: 9, Avg: 15.3, Max: 17, Diff: 8, Sum: 122]
      [Scan RS (ms): Min: 12.3, Avg: 13.2, Max: 13.7, Diff: 1.4, Sum: 105.9]
      [Code Root Scanning (ms): Min: 0.0, Avg: 0.0, Max: 0.0, Diff: 0.0, Sum: 0.0]
      [Object Copy (ms): Min: 136.9, Avg: 137.1, Max: 137.2, Diff: 0.2, Sum: 1096.8]
      [Termination (ms): Min: 0.0, Avg: 0.0, Max: 0.0, Diff: 0.0, Sum: 0.1]
         [Termination Attempts: Min: 1, Avg: 63.5, Max: 103, Diff: 102, Sum: 508]
      [GC Worker Other (ms): Min: 0.0, Avg: 0.0, Max: 0.1, Diff: 0.1, Sum: 0.3]
      [GC Worker Total (ms): Min: 173.0, Avg: 173.1, Max: 173.2, Diff: 0.2, Sum: 1385.0]
      [GC Worker End (ms): Min: 34563.9, Avg: 34563.9, Max: 34564.0, Diff: 0.1]
   [Code Root Fixup: 0.0 ms]
   [Code Root Purge: 0.0 ms]
   [Clear CT: 0.3 ms]
   [Other: 1.2 ms]
      [Choose CSet: 0.0 ms]
      [Ref Proc: 0.3 ms]
      [Ref Enq: 0.0 ms]
      [Redirty Cards: 0.3 ms]
      [Humongous Register: 0.1 ms]
      [Humongous Reclaim: 0.0 ms]
      [Free CSet: 0.3 ms]
   [Eden: 189.0M(189.0M)->0.0B(189.0M) Survivors: 27.0M->27.0M Heap: 651.6M(2048.0M)->654.1M(2048.0M)]
 [Times: user=1.36 sys=0.02, real=0.18 secs] 
2020-09-29T12:33:27.370+0200: 34.728: [GC pause (G1 Evacuation Pause) (young), 0.1797857 secs]
   [Parallel Time: 178.1 ms, GC Workers: 8]
      [GC Worker Start (ms): Min: 34728.2, Avg: 34728.3, Max: 34728.4, Diff: 0.3]
      [Ext Root Scanning (ms): Min: 0.0, Avg: 0.1, Max: 0.2, Diff: 0.2, Sum: 0.8]
      [Update RS (ms): Min: 18.1, Avg: 18.3, Max: 19.4, Diff: 1.3, Sum: 146.7]
         [Processed Buffers: Min: 13, Avg: 14.5, Max: 17, Diff: 4, Sum: 116]
      [Scan RS (ms): Min: 13.3, Avg: 14.4, Max: 14.7, Diff: 1.4, Sum: 115.4]
      [Code Root Scanning (ms): Min: 0.0, Avg: 0.0, Max: 0.0, Diff: 0.0, Sum: 0.0]
      [Object Copy (ms): Min: 144.3, Avg: 144.5, Max: 144.7, Diff: 0.4, Sum: 1155.6]
      [Termination (ms): Min: 0.0, Avg: 0.3, Max: 0.4, Diff: 0.4, Sum: 2.6]
         [Termination Attempts: Min: 1, Avg: 1281.5, Max: 1551, Diff: 1550, Sum: 10252]
      [GC Worker Other (ms): Min: 0.0, Avg: 0.1, Max: 0.1, Diff: 0.1, Sum: 0.4]
      [GC Worker Total (ms): Min: 177.6, Avg: 177.7, Max: 177.9, Diff: 0.3, Sum: 1421.6]
      [GC Worker End (ms): Min: 34906.0, Avg: 34906.0, Max: 34906.1, Diff: 0.1]
   [Code Root Fixup: 0.0 ms]
   [Code Root Purge: 0.0 ms]
   [Clear CT: 0.5 ms]
   [Other: 1.2 ms]
      [Choose CSet: 0.0 ms]
      [Ref Proc: 0.3 ms]
      [Ref Enq: 0.0 ms]
      [Redirty Cards: 0.4 ms]
      [Humongous Register: 0.1 ms]
      [Humongous Reclaim: 0.0 ms]
      [Free CSet: 0.2 ms]
   [Eden: 189.0M(189.0M)->0.0B(187.0M) Survivors: 27.0M->27.0M Heap: 875.5M(2048.0M)->877.5M(2048.0M)]
 [Times: user=1.34 sys=0.00, real=0.18 secs] 
2020-09-29T12:33:27.720+0200: 35.077: [GC pause (G1 Evacuation Pause) (young), 0.1658519 secs]
   [Parallel Time: 162.9 ms, GC Workers: 8]
      [GC Worker Start (ms): Min: 35079.0, Avg: 35079.2, Max: 35079.3, Diff: 0.2]
      [Ext Root Scanning (ms): Min: 0.0, Avg: 0.1, Max: 0.2, Diff: 0.2, Sum: 0.7]
      [Update RS (ms): Min: 18.2, Avg: 18.3, Max: 18.7, Diff: 0.4, Sum: 146.8]
         [Processed Buffers: Min: 13, Avg: 13.9, Max: 14, Diff: 1, Sum: 111]
      [Scan RS (ms): Min: 13.9, Avg: 14.3, Max: 14.4, Diff: 0.5, Sum: 114.1]
      [Code Root Scanning (ms): Min: 0.0, Avg: 0.0, Max: 0.0, Diff: 0.0, Sum: 0.0]
      [Object Copy (ms): Min: 129.8, Avg: 129.8, Max: 129.9, Diff: 0.1, Sum: 1038.5]
      [Termination (ms): Min: 0.0, Avg: 0.0, Max: 0.0, Diff: 0.0, Sum: 0.1]
         [Termination Attempts: Min: 1, Avg: 27.4, Max: 36, Diff: 35, Sum: 219]
      [GC Worker Other (ms): Min: 0.0, Avg: 0.1, Max: 0.1, Diff: 0.1, Sum: 0.5]
      [GC Worker Total (ms): Min: 162.5, Avg: 162.6, Max: 162.7, Diff: 0.2, Sum: 1300.7]
      [GC Worker End (ms): Min: 35241.7, Avg: 35241.7, Max: 35241.8, Diff: 0.1]
   [Code Root Fixup: 0.0 ms]
   [Code Root Purge: 0.0 ms]
   [Clear CT: 0.2 ms]
   [Other: 2.8 ms]
      [Choose CSet: 0.0 ms]
      [Ref Proc: 0.2 ms]
      [Ref Enq: 0.0 ms]
      [Redirty Cards: 0.4 ms]
      [Humongous Register: 1.0 ms]
      [Humongous Reclaim: 0.0 ms]
      [Free CSet: 0.3 ms]
   [Eden: 187.0M(187.0M)->0.0B(193.0M) Survivors: 27.0M->27.0M Heap: 1095.0M(2048.0M)->1096.5M(2048.0M)]
 [Times: user=1.38 sys=0.00, real=0.17 secs] 
2020-09-29T12:33:27.895+0200: 35.252: [GC pause (G1 Humongous Allocation) (young) (initial-mark), 0.0793030 secs]
   [Parallel Time: 77.8 ms, GC Workers: 8]
      [GC Worker Start (ms): Min: 35252.4, Avg: 35252.5, Max: 35252.7, Diff: 0.3]
      [Ext Root Scanning (ms): Min: 0.0, Avg: 3.0, Max: 22.3, Diff: 22.3, Sum: 23.9]
      [Update RS (ms): Min: 18.0, Avg: 37.4, Max: 40.6, Diff: 22.6, Sum: 299.4]
         [Processed Buffers: Min: 14, Avg: 28.4, Max: 33, Diff: 19, Sum: 227]
      [Scan RS (ms): Min: 2.2, Avg: 3.7, Max: 11.1, Diff: 8.9, Sum: 29.6]
      [Code Root Scanning (ms): Min: 0.0, Avg: 0.0, Max: 0.0, Diff: 0.0, Sum: 0.0]
      [Object Copy (ms): Min: 25.9, Avg: 33.3, Max: 34.4, Diff: 8.5, Sum: 266.4]
      [Termination (ms): Min: 0.1, Avg: 0.1, Max: 0.1, Diff: 0.1, Sum: 0.7]
         [Termination Attempts: Min: 1, Avg: 154.5, Max: 206, Diff: 205, Sum: 1236]
      [GC Worker Other (ms): Min: 0.0, Avg: 0.0, Max: 0.0, Diff: 0.0, Sum: 0.1]
      [GC Worker Total (ms): Min: 77.4, Avg: 77.5, Max: 77.6, Diff: 0.3, Sum: 620.1]
      [GC Worker End (ms): Min: 35330.0, Avg: 35330.1, Max: 35330.1, Diff: 0.0]
   [Code Root Fixup: 0.0 ms]
   [Code Root Purge: 0.0 ms]
   [Clear CT: 0.3 ms]
   [Other: 1.2 ms]
      [Choose CSet: 0.0 ms]
      [Ref Proc: 0.4 ms]
      [Ref Enq: 0.0 ms]
      [Redirty Cards: 0.3 ms]
      [Humongous Register: 0.1 ms]
      [Humongous Reclaim: 0.0 ms]
      [Free CSet: 0.1 ms]
   [Eden: 4096.0K(193.0M)->0.0B(164.0M) Survivors: 27.0M->5120.0K Heap: 1100.0M(2048.0M)->1103.0M(2048.0M)]
 [Times: user=0.55 sys=0.00, real=0.08 secs] 
2020-09-29T12:33:27.974+0200: 35.332: [GC concurrent-root-region-scan-start]
2020-09-29T12:33:27.976+0200: 35.333: [GC concurrent-root-region-scan-end, 0.0015791 secs]
2020-09-29T12:33:27.976+0200: 35.333: [GC concurrent-mark-start]
2020-09-29T12:33:27.980+0200: 35.337: [GC concurrent-mark-end, 0.0037253 secs]
2020-09-29T12:33:27.980+0200: 35.338: [GC remark 2020-09-29T12:33:27.980+0200: 35.338: [Finalize Marking, 0.0004182 secs] 2020-09-29T12:33:27.981+0200: 35.338: [GC ref-proc, 0.0004383 secs] 2020-09-29T12:33:27.981+0200: 35.338: [Unloading, 0.0006353 secs], 0.0021078 secs]
 [Times: user=0.00 sys=0.00, real=0.00 secs] 
2020-09-29T12:33:27.983+0200: 35.340: [GC cleanup 1111M->21M(2048M), 0.0019910 secs]
 [Times: user=0.00 sys=0.00, real=0.00 secs] 
2020-09-29T12:33:27.985+0200: 35.342: [GC concurrent-cleanup-start]
2020-09-29T12:33:27.987+0200: 35.344: [GC concurrent-cleanup-end, 0.0019063 secs]
2020-09-29T12:33:28.114+0200: 35.472: [GC pause (G1 Evacuation Pause) (young), 0.1449072 secs]
   [Parallel Time: 142.9 ms, GC Workers: 8]
      [GC Worker Start (ms): Min: 35472.2, Avg: 35472.3, Max: 35472.4, Diff: 0.2]
      [Ext Root Scanning (ms): Min: 0.0, Avg: 0.1, Max: 0.2, Diff: 0.2, Sum: 0.7]
      [Update RS (ms): Min: 22.3, Avg: 22.4, Max: 22.7, Diff: 0.4, Sum: 179.2]
         [Processed Buffers: Min: 12, Avg: 14.9, Max: 17, Diff: 5, Sum: 119]
      [Scan RS (ms): Min: 12.9, Avg: 13.2, Max: 13.5, Diff: 0.5, Sum: 105.8]
      [Code Root Scanning (ms): Min: 0.0, Avg: 0.0, Max: 0.0, Diff: 0.0, Sum: 0.0]
      [Object Copy (ms): Min: 106.6, Avg: 106.7, Max: 106.8, Diff: 0.2, Sum: 853.8]
      [Termination (ms): Min: 0.0, Avg: 0.0, Max: 0.0, Diff: 0.0, Sum: 0.2]
         [Termination Attempts: Min: 1, Avg: 100.5, Max: 128, Diff: 127, Sum: 804]
      [GC Worker Other (ms): Min: 0.0, Avg: 0.0, Max: 0.1, Diff: 0.1, Sum: 0.4]
      [GC Worker Total (ms): Min: 142.4, Avg: 142.5, Max: 142.6, Diff: 0.3, Sum: 1140.0]
      [GC Worker End (ms): Min: 35614.8, Avg: 35614.8, Max: 35614.8, Diff: 0.1]
   [Code Root Fixup: 0.0 ms]
   [Code Root Purge: 0.0 ms]
   [Clear CT: 0.6 ms]
   [Other: 1.5 ms]
      [Choose CSet: 0.0 ms]
      [Ref Proc: 0.5 ms]
      [Ref Enq: 0.0 ms]
      [Redirty Cards: 0.5 ms]
      [Humongous Register: 0.1 ms]
      [Humongous Reclaim: 0.0 ms]
      [Free CSet: 0.1 ms]
   [Eden: 164.0M(164.0M)->0.0B(157.0M) Survivors: 5120.0K->22.0M Heap: 205.1M(2048.0M)->202.6M(2048.0M)]
 [Times: user=1.01 sys=0.06, real=0.15 secs] 
2020-09-29T12:33:28.391+0200: 35.748: [GC pause (G1 Evacuation Pause) (young), 0.1562206 secs]
   [Parallel Time: 154.7 ms, GC Workers: 8]
      [GC Worker Start (ms): Min: 35748.3, Avg: 35748.5, Max: 35748.6, Diff: 0.3]
      [Ext Root Scanning (ms): Min: 0.0, Avg: 0.1, Max: 0.2, Diff: 0.2, Sum: 0.7]
      [Update RS (ms): Min: 21.0, Avg: 21.3, Max: 21.6, Diff: 0.7, Sum: 170.5]
         [Processed Buffers: Min: 14, Avg: 15.6, Max: 18, Diff: 4, Sum: 125]
      [Scan RS (ms): Min: 14.8, Avg: 15.3, Max: 16.1, Diff: 1.2, Sum: 122.1]
      [Code Root Scanning (ms): Min: 0.0, Avg: 0.0, Max: 0.0, Diff: 0.0, Sum: 0.0]
      [Object Copy (ms): Min: 116.9, Avg: 117.5, Max: 117.8, Diff: 0.8, Sum: 940.2]
      [Termination (ms): Min: 0.0, Avg: 0.1, Max: 0.2, Diff: 0.2, Sum: 1.0]
         [Termination Attempts: Min: 1, Avg: 518.4, Max: 683, Diff: 682, Sum: 4147]
      [GC Worker Other (ms): Min: 0.0, Avg: 0.1, Max: 0.3, Diff: 0.3, Sum: 0.6]
      [GC Worker Total (ms): Min: 154.2, Avg: 154.4, Max: 154.6, Diff: 0.3, Sum: 1235.0]
      [GC Worker End (ms): Min: 35902.9, Avg: 35902.9, Max: 35902.9, Diff: 0.1]
   [Code Root Fixup: 0.0 ms]
   [Code Root Purge: 0.0 ms]
   [Clear CT: 0.3 ms]
   [Other: 1.2 ms]
      [Choose CSet: 0.0 ms]
      [Ref Proc: 0.3 ms]
      [Ref Enq: 0.0 ms]
      [Redirty Cards: 0.4 ms]
      [Humongous Register: 0.1 ms]
      [Humongous Reclaim: 0.0 ms]
      [Free CSet: 0.1 ms]
   [Eden: 157.0M(157.0M)->0.0B(162.0M) Survivors: 22.0M->23.0M Heap: 386.3M(2048.0M)->388.3M(2048.0M)]
 [Times: user=1.17 sys=0.06, real=0.16 secs] 
2020-09-29T12:33:28.685+0200: 36.043: [GC pause (G1 Evacuation Pause) (young), 0.1457489 secs]
   [Parallel Time: 144.3 ms, GC Workers: 8]
      [GC Worker Start (ms): Min: 36042.9, Avg: 36043.0, Max: 36043.1, Diff: 0.3]
      [Ext Root Scanning (ms): Min: 0.0, Avg: 0.1, Max: 0.2, Diff: 0.2, Sum: 0.7]
      [Update RS (ms): Min: 16.5, Avg: 16.7, Max: 16.9, Diff: 0.4, Sum: 133.3]
         [Processed Buffers: Min: 11, Avg: 12.9, Max: 17, Diff: 6, Sum: 103]
      [Scan RS (ms): Min: 12.5, Avg: 12.7, Max: 12.9, Diff: 0.4, Sum: 101.9]
      [Code Root Scanning (ms): Min: 0.0, Avg: 0.0, Max: 0.0, Diff: 0.0, Sum: 0.0]
      [Object Copy (ms): Min: 114.4, Avg: 114.5, Max: 114.5, Diff: 0.2, Sum: 915.6]
      [Termination (ms): Min: 0.0, Avg: 0.0, Max: 0.0, Diff: 0.0, Sum: 0.0]
         [Termination Attempts: Min: 1, Avg: 3.1, Max: 5, Diff: 4, Sum: 25]
      [GC Worker Other (ms): Min: 0.0, Avg: 0.0, Max: 0.1, Diff: 0.1, Sum: 0.3]
      [GC Worker Total (ms): Min: 143.9, Avg: 144.0, Max: 144.1, Diff: 0.3, Sum: 1151.9]
      [GC Worker End (ms): Min: 36187.0, Avg: 36187.0, Max: 36187.0, Diff: 0.1]
   [Code Root Fixup: 0.0 ms]
   [Code Root Purge: 0.0 ms]
   [Clear CT: 0.2 ms]
   [Other: 1.2 ms]
      [Choose CSet: 0.0 ms]
      [Ref Proc: 0.3 ms]
      [Ref Enq: 0.0 ms]
      [Redirty Cards: 0.3 ms]
      [Humongous Register: 0.1 ms]
      [Humongous Reclaim: 0.0 ms]
      [Free CSet: 0.2 ms]
   [Eden: 162.0M(162.0M)->0.0B(174.0M) Survivors: 23.0M->24.0M Heap: 577.0M(2048.0M)->579.0M(2048.0M)]
 [Times: user=1.09 sys=0.00, real=0.15 secs] 
2020-09-29T12:33:28.983+0200: 36.341: [GC pause (G1 Evacuation Pause) (young), 0.1570747 secs]
   [Parallel Time: 155.3 ms, GC Workers: 8]
      [GC Worker Start (ms): Min: 36340.9, Avg: 36341.0, Max: 36341.1, Diff: 0.2]
      [Ext Root Scanning (ms): Min: 0.0, Avg: 0.1, Max: 0.2, Diff: 0.2, Sum: 0.8]
      [Update RS (ms): Min: 17.3, Avg: 17.6, Max: 18.0, Diff: 0.7, Sum: 140.5]
         [Processed Buffers: Min: 13, Avg: 13.8, Max: 15, Diff: 2, Sum: 110]
      [Scan RS (ms): Min: 13.7, Avg: 14.0, Max: 14.3, Diff: 0.7, Sum: 112.2]
      [Code Root Scanning (ms): Min: 0.0, Avg: 0.0, Max: 0.0, Diff: 0.0, Sum: 0.0]
      [Object Copy (ms): Min: 122.8, Avg: 123.3, Max: 123.5, Diff: 0.6, Sum: 986.1]
      [Termination (ms): Min: 0.0, Avg: 0.0, Max: 0.0, Diff: 0.0, Sum: 0.0]
         [Termination Attempts: Min: 1, Avg: 17.5, Max: 27, Diff: 26, Sum: 140]
      [GC Worker Other (ms): Min: 0.0, Avg: 0.0, Max: 0.1, Diff: 0.1, Sum: 0.4]
      [GC Worker Total (ms): Min: 154.9, Avg: 155.0, Max: 155.2, Diff: 0.3, Sum: 1240.1]
      [GC Worker End (ms): Min: 36496.0, Avg: 36496.0, Max: 36496.1, Diff: 0.1]
   [Code Root Fixup: 0.0 ms]
   [Code Root Purge: 0.0 ms]
   [Clear CT: 0.4 ms]
   [Other: 1.4 ms]
      [Choose CSet: 0.0 ms]
      [Ref Proc: 0.2 ms]
      [Ref Enq: 0.0 ms]
      [Redirty Cards: 0.6 ms]
      [Humongous Register: 0.1 ms]
      [Humongous Reclaim: 0.0 ms]
      [Free CSet: 0.2 ms]
   [Eden: 174.0M(174.0M)->0.0B(182.0M) Survivors: 24.0M->25.0M Heap: 781.6M(2048.0M)->783.6M(2048.0M)]
 [Times: user=1.25 sys=0.00, real=0.16 secs] 
2020-09-29T12:33:29.308+0200: 36.665: [GC pause (G1 Evacuation Pause) (young), 0.1714363 secs]
   [Parallel Time: 169.7 ms, GC Workers: 8]
      [GC Worker Start (ms): Min: 36665.5, Avg: 36665.6, Max: 36665.7, Diff: 0.2]
      [Ext Root Scanning (ms): Min: 0.0, Avg: 0.1, Max: 0.2, Diff: 0.2, Sum: 0.7]
      [Update RS (ms): Min: 19.2, Avg: 19.4, Max: 19.7, Diff: 0.5, Sum: 155.2]
         [Processed Buffers: Min: 14, Avg: 15.3, Max: 17, Diff: 3, Sum: 122]
      [Scan RS (ms): Min: 13.2, Avg: 13.6, Max: 13.9, Diff: 0.7, Sum: 108.7]
      [Code Root Scanning (ms): Min: 0.0, Avg: 0.0, Max: 0.0, Diff: 0.0, Sum: 0.0]
      [Object Copy (ms): Min: 136.0, Avg: 136.2, Max: 136.3, Diff: 0.4, Sum: 1089.4]
      [Termination (ms): Min: 0.0, Avg: 0.1, Max: 0.1, Diff: 0.1, Sum: 0.7]
         [Termination Attempts: Min: 1, Avg: 347.4, Max: 462, Diff: 461, Sum: 2779]
      [GC Worker Other (ms): Min: 0.0, Avg: 0.0, Max: 0.1, Diff: 0.0, Sum: 0.3]
      [GC Worker Total (ms): Min: 169.3, Avg: 169.4, Max: 169.5, Diff: 0.3, Sum: 1355.0]
      [GC Worker End (ms): Min: 36835.0, Avg: 36835.0, Max: 36835.0, Diff: 0.0]
   [Code Root Fixup: 0.0 ms]
   [Code Root Purge: 0.0 ms]
   [Clear CT: 0.3 ms]
   [Other: 1.4 ms]
      [Choose CSet: 0.0 ms]
      [Ref Proc: 0.6 ms]
      [Ref Enq: 0.0 ms]
      [Redirty Cards: 0.3 ms]
      [Humongous Register: 0.1 ms]
      [Humongous Reclaim: 0.0 ms]
      [Free CSet: 0.2 ms]
   [Eden: 182.0M(182.0M)->0.0B(186.0M) Survivors: 25.0M->26.0M Heap: 996.1M(2048.0M)->998.1M(2048.0M)]
 [Times: user=1.36 sys=0.02, real=0.17 secs] 
2020-09-29T12:33:29.489+0200: 36.846: [GC pause (G1 Humongous Allocation) (young) (initial-mark), 0.0662134 secs]
   [Parallel Time: 65.0 ms, GC Workers: 8]
      [GC Worker Start (ms): Min: 36846.4, Avg: 36846.5, Max: 36846.6, Diff: 0.2]
      [Ext Root Scanning (ms): Min: 0.0, Avg: 0.3, Max: 1.0, Diff: 1.0, Sum: 2.8]
      [Update RS (ms): Min: 35.9, Avg: 36.6, Max: 37.2, Diff: 1.3, Sum: 292.8]
         [Processed Buffers: Min: 22, Avg: 26.9, Max: 30, Diff: 8, Sum: 215]
      [Scan RS (ms): Min: 2.3, Avg: 2.7, Max: 2.9, Diff: 0.6, Sum: 21.4]
      [Code Root Scanning (ms): Min: 0.0, Avg: 0.0, Max: 0.0, Diff: 0.0, Sum: 0.0]
      [Object Copy (ms): Min: 24.9, Avg: 25.0, Max: 25.1, Diff: 0.3, Sum: 200.2]
      [Termination (ms): Min: 0.0, Avg: 0.0, Max: 0.0, Diff: 0.0, Sum: 0.3]
         [Termination Attempts: Min: 1, Avg: 127.0, Max: 171, Diff: 170, Sum: 1016]
      [GC Worker Other (ms): Min: 0.0, Avg: 0.0, Max: 0.1, Diff: 0.0, Sum: 0.3]
      [GC Worker Total (ms): Min: 64.6, Avg: 64.7, Max: 64.8, Diff: 0.2, Sum: 517.7]
      [GC Worker End (ms): Min: 36911.2, Avg: 36911.2, Max: 36911.3, Diff: 0.0]
   [Code Root Fixup: 0.0 ms]
   [Code Root Purge: 0.0 ms]
   [Clear CT: 0.3 ms]
   [Other: 0.9 ms]
      [Choose CSet: 0.0 ms]
      [Ref Proc: 0.3 ms]
      [Ref Enq: 0.0 ms]
      [Redirty Cards: 0.2 ms]
      [Humongous Register: 0.0 ms]
      [Humongous Reclaim: 0.0 ms]
      [Free CSet: 0.1 ms]
   [Eden: 8192.0K(186.0M)->0.0B(200.0M) Survivors: 26.0M->9216.0K Heap: 1006.1M(2048.0M)->1009.1M(2048.0M)]
 [Times: user=0.50 sys=0.00, real=0.07 secs] 
2020-09-29T12:33:29.555+0200: 36.913: [GC concurrent-root-region-scan-start]
2020-09-29T12:33:29.560+0200: 36.917: [GC concurrent-root-region-scan-end, 0.0045062 secs]
2020-09-29T12:33:29.560+0200: 36.917: [GC concurrent-mark-start]
2020-09-29T12:33:29.565+0200: 36.922: [GC concurrent-mark-end, 0.0052239 secs]
2020-09-29T12:33:29.565+0200: 36.923: [GC remark 2020-09-29T12:33:29.565+0200: 36.923: [Finalize Marking, 0.0002032 secs] 2020-09-29T12:33:29.566+0200: 36.923: [GC ref-proc, 0.0004390 secs] 2020-09-29T12:33:29.566+0200: 36.923: [Unloading, 0.0006453 secs], 0.0017750 secs]
 [Times: user=0.00 sys=0.00, real=0.00 secs] 
2020-09-29T12:33:29.567+0200: 36.925: [GC cleanup 1024M->32M(2048M), 0.0021267 secs]
 [Times: user=0.00 sys=0.00, real=0.00 secs] 
2020-09-29T12:33:29.570+0200: 36.927: [GC concurrent-cleanup-start]
2020-09-29T12:33:29.571+0200: 36.929: [GC concurrent-cleanup-end, 0.0017985 secs]
2020-09-29T12:33:29.726+0200: 37.083: [GC pause (G1 Evacuation Pause) (young), 0.1606677 secs]
   [Parallel Time: 159.2 ms, GC Workers: 8]
      [GC Worker Start (ms): Min: 37083.2, Avg: 37083.4, Max: 37083.5, Diff: 0.2]
      [Ext Root Scanning (ms): Min: 0.0, Avg: 0.1, Max: 0.2, Diff: 0.2, Sum: 0.7]
      [Update RS (ms): Min: 15.6, Avg: 16.1, Max: 16.8, Diff: 1.2, Sum: 128.5]
         [Processed Buffers: Min: 10, Avg: 11.5, Max: 13, Diff: 3, Sum: 92]
      [Scan RS (ms): Min: 20.1, Avg: 20.9, Max: 21.5, Diff: 1.5, Sum: 167.6]
      [Code Root Scanning (ms): Min: 0.0, Avg: 0.0, Max: 0.0, Diff: 0.0, Sum: 0.0]
      [Object Copy (ms): Min: 121.5, Avg: 121.6, Max: 121.7, Diff: 0.2, Sum: 973.1]
      [Termination (ms): Min: 0.0, Avg: 0.0, Max: 0.0, Diff: 0.0, Sum: 0.2]
         [Termination Attempts: Min: 1, Avg: 76.1, Max: 100, Diff: 99, Sum: 609]
      [GC Worker Other (ms): Min: 0.0, Avg: 0.0, Max: 0.1, Diff: 0.1, Sum: 0.4]
      [GC Worker Total (ms): Min: 158.7, Avg: 158.8, Max: 159.0, Diff: 0.3, Sum: 1270.4]
      [GC Worker End (ms): Min: 37242.1, Avg: 37242.2, Max: 37242.2, Diff: 0.1]
   [Code Root Fixup: 0.0 ms]
   [Code Root Purge: 0.0 ms]
   [Clear CT: 0.3 ms]
   [Other: 1.2 ms]
      [Choose CSet: 0.0 ms]
      [Ref Proc: 0.3 ms]
      [Ref Enq: 0.0 ms]
      [Redirty Cards: 0.3 ms]
      [Humongous Register: 0.1 ms]
      [Humongous Reclaim: 0.0 ms]
      [Free CSet: 0.3 ms]
   [Eden: 200.0M(200.0M)->0.0B(185.0M) Survivors: 9216.0K->27.0M Heap: 251.3M(2048.0M)->244.3M(2048.0M)]
 [Times: user=1.25 sys=0.00, real=0.16 secs] 
2020-09-29T12:33:30.049+0200: 37.406: [GC pause (G1 Evacuation Pause) (young), 0.1995340 secs]
   [Parallel Time: 198.1 ms, GC Workers: 8]
      [GC Worker Start (ms): Min: 37406.6, Avg: 37406.7, Max: 37406.8, Diff: 0.2]
      [Ext Root Scanning (ms): Min: 0.0, Avg: 0.1, Max: 0.2, Diff: 0.2, Sum: 0.9]
      [Update RS (ms): Min: 18.6, Avg: 19.2, Max: 19.7, Diff: 1.1, Sum: 153.3]
         [Processed Buffers: Min: 13, Avg: 14.5, Max: 17, Diff: 4, Sum: 116]
      [Scan RS (ms): Min: 13.6, Avg: 17.9, Max: 44.4, Diff: 30.8, Sum: 143.6]
      [Code Root Scanning (ms): Min: 0.0, Avg: 0.0, Max: 0.0, Diff: 0.0, Sum: 0.0]
      [Object Copy (ms): Min: 134.3, Avg: 160.0, Max: 163.8, Diff: 29.5, Sum: 1279.8]
      [Termination (ms): Min: 0.0, Avg: 0.6, Max: 0.8, Diff: 0.8, Sum: 4.7]
         [Termination Attempts: Min: 1, Avg: 2393.9, Max: 3140, Diff: 3139, Sum: 19151]
      [GC Worker Other (ms): Min: 0.0, Avg: 0.0, Max: 0.1, Diff: 0.1, Sum: 0.3]
      [GC Worker Total (ms): Min: 197.7, Avg: 197.8, Max: 197.9, Diff: 0.2, Sum: 1582.5]
      [GC Worker End (ms): Min: 37604.5, Avg: 37604.5, Max: 37604.6, Diff: 0.1]
   [Code Root Fixup: 0.0 ms]
   [Code Root Purge: 0.0 ms]
   [Clear CT: 0.3 ms]
   [Other: 1.2 ms]
      [Choose CSet: 0.0 ms]
      [Ref Proc: 0.2 ms]
      [Ref Enq: 0.0 ms]
      [Redirty Cards: 0.3 ms]
      [Humongous Register: 0.1 ms]
      [Humongous Reclaim: 0.0 ms]
      [Free CSet: 0.3 ms]
   [Eden: 185.0M(185.0M)->0.0B(172.0M) Survivors: 27.0M->27.0M Heap: 459.9M(2048.0M)->462.4M(2048.0M)]
 [Times: user=1.56 sys=0.02, real=0.20 secs] 
2020-09-29T12:33:30.403+0200: 37.760: [GC pause (G1 Evacuation Pause) (young), 0.1716981 secs]
   [Parallel Time: 170.2 ms, GC Workers: 8]
      [GC Worker Start (ms): Min: 37760.2, Avg: 37760.4, Max: 37760.5, Diff: 0.3]
      [Ext Root Scanning (ms): Min: 0.0, Avg: 0.1, Max: 0.2, Diff: 0.2, Sum: 0.7]
      [Update RS (ms): Min: 18.4, Avg: 18.9, Max: 19.6, Diff: 1.2, Sum: 150.8]
         [Processed Buffers: Min: 13, Avg: 14.3, Max: 16, Diff: 3, Sum: 114]
      [Scan RS (ms): Min: 12.3, Avg: 13.0, Max: 13.5, Diff: 1.2, Sum: 103.9]
      [Code Root Scanning (ms): Min: 0.0, Avg: 0.0, Max: 0.0, Diff: 0.0, Sum: 0.0]
      [Object Copy (ms): Min: 137.8, Avg: 137.9, Max: 138.0, Diff: 0.2, Sum: 1103.1]
      [Termination (ms): Min: 0.0, Avg: 0.0, Max: 0.0, Diff: 0.0, Sum: 0.3]
         [Termination Attempts: Min: 1, Avg: 61.1, Max: 83, Diff: 82, Sum: 489]
      [GC Worker Other (ms): Min: 0.0, Avg: 0.0, Max: 0.0, Diff: 0.0, Sum: 0.2]
      [GC Worker Total (ms): Min: 169.8, Avg: 169.9, Max: 170.0, Diff: 0.3, Sum: 1359.0]
      [GC Worker End (ms): Min: 37930.2, Avg: 37930.2, Max: 37930.3, Diff: 0.0]
   [Code Root Fixup: 0.0 ms]
   [Code Root Purge: 0.0 ms]
   [Clear CT: 0.3 ms]
   [Other: 1.2 ms]
      [Choose CSet: 0.0 ms]
      [Ref Proc: 0.3 ms]
      [Ref Enq: 0.0 ms]
      [Redirty Cards: 0.3 ms]
      [Humongous Register: 0.1 ms]
      [Humongous Reclaim: 0.0 ms]
      [Free CSet: 0.2 ms]
   [Eden: 172.0M(172.0M)->0.0B(176.0M) Survivors: 27.0M->25.0M Heap: 663.0M(2048.0M)->665.0M(2048.0M)]
 [Times: user=1.20 sys=0.03, real=0.17 secs] 
2020-09-29T12:33:30.770+0200: 38.128: [GC pause (G1 Evacuation Pause) (young), 0.2582937 secs]
   [Parallel Time: 256.2 ms, GC Workers: 8]
      [GC Worker Start (ms): Min: 38127.8, Avg: 38128.0, Max: 38128.2, Diff: 0.4]
      [Ext Root Scanning (ms): Min: 0.0, Avg: 0.1, Max: 0.3, Diff: 0.3, Sum: 1.0]
      [Update RS (ms): Min: 43.7, Avg: 44.1, Max: 44.7, Diff: 0.9, Sum: 352.9]
         [Processed Buffers: Min: 19, Avg: 21.4, Max: 24, Diff: 5, Sum: 171]
      [Scan RS (ms): Min: 19.1, Avg: 19.7, Max: 20.2, Diff: 1.1, Sum: 157.9]
      [Code Root Scanning (ms): Min: 0.0, Avg: 0.0, Max: 0.0, Diff: 0.0, Sum: 0.0]
      [Object Copy (ms): Min: 191.5, Avg: 191.6, Max: 191.7, Diff: 0.2, Sum: 1532.9]
      [Termination (ms): Min: 0.0, Avg: 0.1, Max: 0.1, Diff: 0.1, Sum: 0.4]
         [Termination Attempts: Min: 1, Avg: 153.5, Max: 184, Diff: 183, Sum: 1228]
      [GC Worker Other (ms): Min: 0.0, Avg: 0.1, Max: 0.1, Diff: 0.1, Sum: 0.5]
      [GC Worker Total (ms): Min: 255.5, Avg: 255.7, Max: 256.0, Diff: 0.4, Sum: 2045.7]
      [GC Worker End (ms): Min: 38383.7, Avg: 38383.7, Max: 38383.8, Diff: 0.1]
   [Code Root Fixup: 0.0 ms]
   [Code Root Purge: 0.0 ms]
   [Clear CT: 0.4 ms]
   [Other: 1.7 ms]
      [Choose CSet: 0.0 ms]
      [Ref Proc: 0.4 ms]
      [Ref Enq: 0.0 ms]
      [Redirty Cards: 0.6 ms]
      [Humongous Register: 0.1 ms]
      [Humongous Reclaim: 0.0 ms]
      [Free CSet: 0.3 ms]
   [Eden: 176.0M(176.0M)->0.0B(127.0M) Survivors: 25.0M->26.0M Heap: 871.5M(2048.0M)->874.0M(2048.0M)]
 [Times: user=1.91 sys=0.06, real=0.26 secs] 
2020-09-29T12:33:31.192+0200: 38.550: [GC pause (G1 Evacuation Pause) (young), 0.1777513 secs]
   [Parallel Time: 175.7 ms, GC Workers: 8]
      [GC Worker Start (ms): Min: 38549.9, Avg: 38550.1, Max: 38550.2, Diff: 0.3]
      [Ext Root Scanning (ms): Min: 0.0, Avg: 0.1, Max: 0.3, Diff: 0.3, Sum: 1.1]
      [Update RS (ms): Min: 29.3, Avg: 29.8, Max: 30.6, Diff: 1.3, Sum: 238.2]
         [Processed Buffers: Min: 15, Avg: 16.6, Max: 19, Diff: 4, Sum: 133]
      [Scan RS (ms): Min: 8.8, Avg: 9.7, Max: 10.2, Diff: 1.4, Sum: 77.7]
      [Code Root Scanning (ms): Min: 0.0, Avg: 0.0, Max: 0.0, Diff: 0.0, Sum: 0.0]
      [Object Copy (ms): Min: 135.4, Avg: 135.5, Max: 135.6, Diff: 0.2, Sum: 1084.0]
      [Termination (ms): Min: 0.0, Avg: 0.0, Max: 0.0, Diff: 0.0, Sum: 0.3]
         [Termination Attempts: Min: 1, Avg: 82.9, Max: 107, Diff: 106, Sum: 663]
      [GC Worker Other (ms): Min: 0.0, Avg: 0.1, Max: 0.1, Diff: 0.1, Sum: 0.5]
      [GC Worker Total (ms): Min: 175.1, Avg: 175.2, Max: 175.5, Diff: 0.4, Sum: 1401.7]
      [GC Worker End (ms): Min: 38725.3, Avg: 38725.3, Max: 38725.4, Diff: 0.1]
   [Code Root Fixup: 0.0 ms]
   [Code Root Purge: 0.0 ms]
   [Clear CT: 0.5 ms]
   [Other: 1.6 ms]
      [Choose CSet: 0.0 ms]
      [Ref Proc: 0.4 ms]
      [Ref Enq: 0.0 ms]
      [Redirty Cards: 0.7 ms]
      [Humongous Register: 0.1 ms]
      [Humongous Reclaim: 0.0 ms]
      [Free CSet: 0.2 ms]
   [Eden: 127.0M(127.0M)->0.0B(133.0M) Survivors: 26.0M->20.0M Heap: 1022.0M(2048.0M)->1024.5M(2048.0M)]
 [Times: user=1.38 sys=0.00, real=0.18 secs] 
2020-09-29T12:33:31.388+0200: 38.745: [GC pause (G1 Humongous Allocation) (young) (initial-mark), 0.0909733 secs]
   [Parallel Time: 89.2 ms, GC Workers: 8]
      [GC Worker Start (ms): Min: 38745.5, Avg: 38745.6, Max: 38745.8, Diff: 0.3]
      [Ext Root Scanning (ms): Min: 0.0, Avg: 0.2, Max: 0.3, Diff: 0.3, Sum: 1.3]
      [Update RS (ms): Min: 36.9, Avg: 37.1, Max: 37.5, Diff: 0.6, Sum: 297.0]
         [Processed Buffers: Min: 16, Avg: 19.1, Max: 21, Diff: 5, Sum: 153]
      [Scan RS (ms): Min: 2.4, Avg: 2.8, Max: 3.1, Diff: 0.7, Sum: 22.2]
      [Code Root Scanning (ms): Min: 0.0, Avg: 0.0, Max: 0.0, Diff: 0.0, Sum: 0.0]
      [Object Copy (ms): Min: 48.4, Avg: 48.5, Max: 48.8, Diff: 0.4, Sum: 388.3]
      [Termination (ms): Min: 0.0, Avg: 0.4, Max: 0.5, Diff: 0.5, Sum: 3.1]
         [Termination Attempts: Min: 1, Avg: 971.1, Max: 1236, Diff: 1235, Sum: 7769]
      [GC Worker Other (ms): Min: 0.0, Avg: 0.0, Max: 0.0, Diff: 0.0, Sum: 0.2]
      [GC Worker Total (ms): Min: 88.9, Avg: 89.0, Max: 89.2, Diff: 0.3, Sum: 712.2]
      [GC Worker End (ms): Min: 38834.6, Avg: 38834.7, Max: 38834.7, Diff: 0.0]
   [Code Root Fixup: 0.0 ms]
   [Code Root Purge: 0.0 ms]
   [Clear CT: 0.4 ms]
   [Other: 1.3 ms]
      [Choose CSet: 0.0 ms]
      [Ref Proc: 0.4 ms]
      [Ref Enq: 0.0 ms]
      [Redirty Cards: 0.4 ms]
      [Humongous Register: 0.0 ms]
      [Humongous Reclaim: 0.0 ms]
      [Free CSet: 0.1 ms]
   [Eden: 10.0M(133.0M)->0.0B(109.0M) Survivors: 20.0M->13.0M Heap: 1034.5M(2048.0M)->1039.5M(2048.0M)]
 [Times: user=0.70 sys=0.02, real=0.09 secs] 
2020-09-29T12:33:31.479+0200: 38.837: [GC concurrent-root-region-scan-start]
2020-09-29T12:33:31.485+0200: 38.843: [GC concurrent-root-region-scan-end, 0.0062715 secs]
2020-09-29T12:33:31.485+0200: 38.843: [GC concurrent-mark-start]
2020-09-29T12:33:31.495+0200: 38.853: [GC concurrent-mark-end, 0.0096550 secs]
2020-09-29T12:33:31.495+0200: 38.853: [GC remark 2020-09-29T12:33:31.496+0200: 38.853: [Finalize Marking, 0.0023990 secs] 2020-09-29T12:33:31.498+0200: 38.856: [GC ref-proc, 0.0006426 secs] 2020-09-29T12:33:31.499+0200: 38.856: [Unloading, 0.0011046 secs], 0.0047215 secs]
 [Times: user=0.00 sys=0.00, real=0.01 secs] 
2020-09-29T12:33:31.501+0200: 38.859: [GC cleanup 1057M->38M(2048M), 0.0032277 secs]
 [Times: user=0.00 sys=0.00, real=0.00 secs] 
2020-09-29T12:33:31.504+0200: 38.862: [GC concurrent-cleanup-start]
2020-09-29T12:33:31.507+0200: 38.864: [GC concurrent-cleanup-end, 0.0024427 secs]
2020-09-29T12:33:31.618+0200: 38.975: [GC pause (G1 Evacuation Pause) (young), 0.1353055 secs]
   [Parallel Time: 133.3 ms, GC Workers: 8]
      [GC Worker Start (ms): Min: 38975.6, Avg: 38976.0, Max: 38977.9, Diff: 2.2]
      [Ext Root Scanning (ms): Min: 0.0, Avg: 0.1, Max: 0.3, Diff: 0.3, Sum: 1.0]
      [Update RS (ms): Min: 21.7, Avg: 23.0, Max: 23.8, Diff: 2.0, Sum: 184.2]
         [Processed Buffers: Min: 10, Avg: 11.6, Max: 14, Diff: 4, Sum: 93]
      [Scan RS (ms): Min: 9.8, Avg: 10.3, Max: 11.0, Diff: 1.2, Sum: 82.2]
      [Code Root Scanning (ms): Min: 0.0, Avg: 0.0, Max: 0.0, Diff: 0.0, Sum: 0.0]
      [Object Copy (ms): Min: 99.0, Avg: 99.2, Max: 99.5, Diff: 0.4, Sum: 793.5]
      [Termination (ms): Min: 0.0, Avg: 0.1, Max: 0.1, Diff: 0.1, Sum: 0.9]
         [Termination Attempts: Min: 1, Avg: 301.9, Max: 392, Diff: 391, Sum: 2415]
      [GC Worker Other (ms): Min: 0.0, Avg: 0.0, Max: 0.1, Diff: 0.1, Sum: 0.3]
      [GC Worker Total (ms): Min: 131.0, Avg: 132.8, Max: 133.2, Diff: 2.2, Sum: 1062.2]
      [GC Worker End (ms): Min: 39108.8, Avg: 39108.8, Max: 39108.8, Diff: 0.1]
   [Code Root Fixup: 0.0 ms]
   [Code Root Purge: 0.0 ms]
   [Clear CT: 0.5 ms]
   [Other: 1.5 ms]
      [Choose CSet: 0.0 ms]
      [Ref Proc: 0.4 ms]
      [Ref Enq: 0.0 ms]
      [Redirty Cards: 0.4 ms]
      [Humongous Register: 0.1 ms]
      [Humongous Reclaim: 0.0 ms]
      [Free CSet: 0.2 ms]
   [Eden: 109.0M(109.0M)->0.0B(114.0M) Survivors: 13.0M->16.0M Heap: 148.6M(2048.0M)->138.6M(2048.0M)]
 [Times: user=0.98 sys=0.02, real=0.14 secs] 
2020-09-29T12:33:31.900+0200: 39.258: [GC pause (G1 Evacuation Pause) (young), 0.1582073 secs]
   [Parallel Time: 156.2 ms, GC Workers: 8]
      [GC Worker Start (ms): Min: 39257.9, Avg: 39258.0, Max: 39258.2, Diff: 0.3]
      [Ext Root Scanning (ms): Min: 0.0, Avg: 0.1, Max: 0.3, Diff: 0.3, Sum: 1.1]
      [Update RS (ms): Min: 19.6, Avg: 20.1, Max: 21.0, Diff: 1.5, Sum: 160.5]
         [Processed Buffers: Min: 10, Avg: 10.8, Max: 13, Diff: 3, Sum: 86]
      [Scan RS (ms): Min: 12.4, Avg: 13.4, Max: 13.9, Diff: 1.5, Sum: 107.2]
      [Code Root Scanning (ms): Min: 0.0, Avg: 0.0, Max: 0.0, Diff: 0.0, Sum: 0.0]
      [Object Copy (ms): Min: 121.7, Avg: 121.8, Max: 122.0, Diff: 0.2, Sum: 974.6]
      [Termination (ms): Min: 0.0, Avg: 0.2, Max: 0.3, Diff: 0.3, Sum: 1.2]
         [Termination Attempts: Min: 1, Avg: 361.0, Max: 441, Diff: 440, Sum: 2888]
      [GC Worker Other (ms): Min: 0.0, Avg: 0.0, Max: 0.1, Diff: 0.1, Sum: 0.4]
      [GC Worker Total (ms): Min: 155.5, Avg: 155.6, Max: 155.9, Diff: 0.4, Sum: 1245.1]
      [GC Worker End (ms): Min: 39413.7, Avg: 39413.7, Max: 39413.7, Diff: 0.1]
   [Code Root Fixup: 0.0 ms]
   [Code Root Purge: 0.0 ms]
   [Clear CT: 0.4 ms]
   [Other: 1.6 ms]
      [Choose CSet: 0.0 ms]
      [Ref Proc: 0.5 ms]
      [Ref Enq: 0.0 ms]
      [Redirty Cards: 0.5 ms]
      [Humongous Register: 0.1 ms]
      [Humongous Reclaim: 0.0 ms]
      [Free CSet: 0.2 ms]
   [Eden: 114.0M(114.0M)->0.0B(116.0M) Survivors: 16.0M->17.0M Heap: 271.6M(2048.0M)->273.1M(2048.0M)]
 [Times: user=1.22 sys=0.00, real=0.16 secs] 
2020-09-29T12:33:32.202+0200: 39.560: [GC pause (G1 Evacuation Pause) (young), 0.1485557 secs]
   [Parallel Time: 146.7 ms, GC Workers: 8]
      [GC Worker Start (ms): Min: 39560.1, Avg: 39560.3, Max: 39560.5, Diff: 0.4]
      [Ext Root Scanning (ms): Min: 0.0, Avg: 0.1, Max: 0.3, Diff: 0.3, Sum: 1.1]
      [Update RS (ms): Min: 16.4, Avg: 17.3, Max: 17.9, Diff: 1.5, Sum: 138.0]
         [Processed Buffers: Min: 9, Avg: 9.5, Max: 10, Diff: 1, Sum: 76]
      [Scan RS (ms): Min: 11.5, Avg: 12.2, Max: 13.1, Diff: 1.6, Sum: 97.4]
      [Code Root Scanning (ms): Min: 0.0, Avg: 0.0, Max: 0.0, Diff: 0.0, Sum: 0.0]
      [Object Copy (ms): Min: 116.5, Avg: 116.6, Max: 116.7, Diff: 0.2, Sum: 932.6]
      [Termination (ms): Min: 0.0, Avg: 0.0, Max: 0.0, Diff: 0.0, Sum: 0.2]
         [Termination Attempts: Min: 1, Avg: 73.6, Max: 95, Diff: 94, Sum: 589]
      [GC Worker Other (ms): Min: 0.0, Avg: 0.1, Max: 0.1, Diff: 0.1, Sum: 0.5]
      [GC Worker Total (ms): Min: 146.0, Avg: 146.2, Max: 146.4, Diff: 0.4, Sum: 1169.8]
      [GC Worker End (ms): Min: 39706.5, Avg: 39706.6, Max: 39706.6, Diff: 0.1]
   [Code Root Fixup: 0.0 ms]
   [Code Root Purge: 0.0 ms]
   [Clear CT: 0.4 ms]
   [Other: 1.5 ms]
      [Choose CSet: 0.0 ms]
      [Ref Proc: 0.4 ms]
      [Ref Enq: 0.0 ms]
      [Redirty Cards: 0.4 ms]
      [Humongous Register: 0.1 ms]
      [Humongous Reclaim: 0.0 ms]
      [Free CSet: 0.3 ms]
   [Eden: 116.0M(116.0M)->0.0B(125.0M) Survivors: 17.0M->17.0M Heap: 408.2M(2048.0M)->410.7M(2048.0M)]
 [Times: user=1.25 sys=0.00, real=0.15 secs] 
2020-09-29T12:33:32.502+0200: 39.860: [GC pause (G1 Evacuation Pause) (young), 0.1714709 secs]
   [Parallel Time: 169.4 ms, GC Workers: 8]
      [GC Worker Start (ms): Min: 39859.7, Avg: 39860.1, Max: 39861.2, Diff: 1.4]
      [Ext Root Scanning (ms): Min: 0.0, Avg: 0.1, Max: 0.3, Diff: 0.3, Sum: 1.1]
      [Update RS (ms): Min: 18.8, Avg: 20.0, Max: 21.4, Diff: 2.6, Sum: 159.8]
         [Processed Buffers: Min: 5, Avg: 10.0, Max: 11, Diff: 6, Sum: 80]
      [Scan RS (ms): Min: 12.4, Avg: 13.7, Max: 14.0, Diff: 1.6, Sum: 109.6]
      [Code Root Scanning (ms): Min: 0.0, Avg: 0.0, Max: 0.0, Diff: 0.0, Sum: 0.0]
      [Object Copy (ms): Min: 134.6, Avg: 134.8, Max: 134.9, Diff: 0.3, Sum: 1078.5]
      [Termination (ms): Min: 0.0, Avg: 0.1, Max: 0.1, Diff: 0.1, Sum: 0.7]
         [Termination Attempts: Min: 1, Avg: 237.1, Max: 340, Diff: 339, Sum: 1897]
      [GC Worker Other (ms): Min: 0.0, Avg: 0.0, Max: 0.1, Diff: 0.1, Sum: 0.3]
      [GC Worker Total (ms): Min: 167.7, Avg: 168.8, Max: 169.2, Diff: 1.5, Sum: 1350.1]
      [GC Worker End (ms): Min: 40028.9, Avg: 40028.9, Max: 40028.9, Diff: 0.1]
   [Code Root Fixup: 0.0 ms]
   [Code Root Purge: 0.0 ms]
   [Clear CT: 0.3 ms]
   [Other: 1.7 ms]
      [Choose CSet: 0.0 ms]
      [Ref Proc: 0.5 ms]
      [Ref Enq: 0.0 ms]
      [Redirty Cards: 0.5 ms]
      [Humongous Register: 0.1 ms]
      [Humongous Reclaim: 0.0 ms]
      [Free CSet: 0.3 ms]
   [Eden: 125.0M(125.0M)->0.0B(126.0M) Survivors: 17.0M->18.0M Heap: 556.7M(2048.0M)->558.7M(2048.0M)]
 [Times: user=1.38 sys=0.00, real=0.17 secs] 
2020-09-29T12:33:32.833+0200: 40.191: [GC pause (G1 Evacuation Pause) (young), 0.2027154 secs]
   [Parallel Time: 200.8 ms, GC Workers: 8]
      [GC Worker Start (ms): Min: 40191.2, Avg: 40191.3, Max: 40191.4, Diff: 0.2]
      [Ext Root Scanning (ms): Min: 0.1, Avg: 0.2, Max: 0.3, Diff: 0.2, Sum: 1.2]
      [Update RS (ms): Min: 20.6, Avg: 21.2, Max: 21.8, Diff: 1.2, Sum: 169.3]
         [Processed Buffers: Min: 11, Avg: 11.5, Max: 13, Diff: 2, Sum: 92]
      [Scan RS (ms): Min: 11.9, Avg: 12.7, Max: 13.7, Diff: 1.8, Sum: 102.0]
      [Code Root Scanning (ms): Min: 0.0, Avg: 0.0, Max: 0.0, Diff: 0.0, Sum: 0.0]
      [Object Copy (ms): Min: 165.0, Avg: 165.6, Max: 166.2, Diff: 1.2, Sum: 1325.1]
      [Termination (ms): Min: 0.0, Avg: 0.5, Max: 0.6, Diff: 0.6, Sum: 4.2]
         [Termination Attempts: Min: 1, Avg: 1391.0, Max: 1668, Diff: 1667, Sum: 11128]
      [GC Worker Other (ms): Min: 0.0, Avg: 0.1, Max: 0.1, Diff: 0.1, Sum: 0.5]
      [GC Worker Total (ms): Min: 200.2, Avg: 200.3, Max: 200.4, Diff: 0.3, Sum: 1602.3]
      [GC Worker End (ms): Min: 40391.6, Avg: 40391.6, Max: 40391.7, Diff: 0.1]
   [Code Root Fixup: 0.0 ms]
   [Code Root Purge: 0.0 ms]
   [Clear CT: 0.4 ms]
   [Other: 1.5 ms]
      [Choose CSet: 0.0 ms]
      [Ref Proc: 0.4 ms]
      [Ref Enq: 0.0 ms]
      [Redirty Cards: 0.4 ms]
      [Humongous Register: 0.1 ms]
      [Humongous Reclaim: 0.0 ms]
      [Free CSet: 0.3 ms]
   [Eden: 126.0M(126.0M)->0.0B(119.0M) Survivors: 18.0M->18.0M Heap: 705.7M(2048.0M)->708.2M(2048.0M)]
 [Times: user=1.45 sys=0.00, real=0.20 secs] 
2020-09-29T12:33:33.187+0200: 40.545: [GC pause (G1 Evacuation Pause) (young), 0.1554988 secs]
   [Parallel Time: 153.5 ms, GC Workers: 8]
      [GC Worker Start (ms): Min: 40544.7, Avg: 40544.9, Max: 40545.1, Diff: 0.3]
      [Ext Root Scanning (ms): Min: 0.0, Avg: 0.1, Max: 0.3, Diff: 0.3, Sum: 1.1]
      [Update RS (ms): Min: 19.7, Avg: 20.3, Max: 21.4, Diff: 1.8, Sum: 162.2]
         [Processed Buffers: Min: 10, Avg: 10.5, Max: 11, Diff: 1, Sum: 84]
      [Scan RS (ms): Min: 10.3, Avg: 11.4, Max: 11.9, Diff: 1.6, Sum: 91.1]
      [Code Root Scanning (ms): Min: 0.0, Avg: 0.0, Max: 0.0, Diff: 0.0, Sum: 0.0]
      [Object Copy (ms): Min: 121.0, Avg: 121.1, Max: 121.2, Diff: 0.2, Sum: 969.0]
      [Termination (ms): Min: 0.0, Avg: 0.0, Max: 0.0, Diff: 0.0, Sum: 0.2]
         [Termination Attempts: Min: 1, Avg: 68.1, Max: 93, Diff: 92, Sum: 545]
      [GC Worker Other (ms): Min: 0.0, Avg: 0.0, Max: 0.1, Diff: 0.0, Sum: 0.3]
      [GC Worker Total (ms): Min: 152.8, Avg: 153.0, Max: 153.2, Diff: 0.3, Sum: 1223.9]
      [GC Worker End (ms): Min: 40697.9, Avg: 40697.9, Max: 40698.0, Diff: 0.0]
   [Code Root Fixup: 0.0 ms]
   [Code Root Purge: 0.0 ms]
   [Clear CT: 0.5 ms]
   [Other: 1.6 ms]
      [Choose CSet: 0.0 ms]
      [Ref Proc: 0.5 ms]
      [Ref Enq: 0.0 ms]
      [Redirty Cards: 0.5 ms]
      [Humongous Register: 0.1 ms]
      [Humongous Reclaim: 0.0 ms]
      [Free CSet: 0.3 ms]
   [Eden: 119.0M(119.0M)->0.0B(126.0M) Survivors: 18.0M->18.0M Heap: 846.3M(2048.0M)->847.8M(2048.0M)]
 [Times: user=1.25 sys=0.00, real=0.16 secs] 
2020-09-29T12:33:33.504+0200: 40.861: [GC pause (G1 Evacuation Pause) (young), 0.1880502 secs]
   [Parallel Time: 186.0 ms, GC Workers: 8]
      [GC Worker Start (ms): Min: 40861.1, Avg: 40863.1, Max: 40876.0, Diff: 14.9]
      [Ext Root Scanning (ms): Min: 0.0, Avg: 0.1, Max: 0.3, Diff: 0.3, Sum: 1.1]
      [Update RS (ms): Min: 7.1, Avg: 19.8, Max: 22.3, Diff: 15.2, Sum: 158.2]
         [Processed Buffers: Min: 3, Avg: 9.6, Max: 11, Diff: 8, Sum: 77]
      [Scan RS (ms): Min: 12.8, Avg: 13.5, Max: 14.5, Diff: 1.6, Sum: 108.3]
      [Code Root Scanning (ms): Min: 0.0, Avg: 0.0, Max: 0.0, Diff: 0.0, Sum: 0.0]
      [Object Copy (ms): Min: 149.9, Avg: 150.0, Max: 150.4, Diff: 0.5, Sum: 1200.3]
      [Termination (ms): Min: 0.0, Avg: 0.3, Max: 0.4, Diff: 0.4, Sum: 2.3]
         [Termination Attempts: Min: 1, Avg: 539.0, Max: 739, Diff: 738, Sum: 4312]
      [GC Worker Other (ms): Min: 0.0, Avg: 0.0, Max: 0.1, Diff: 0.0, Sum: 0.2]
      [GC Worker Total (ms): Min: 170.9, Avg: 183.8, Max: 185.8, Diff: 14.9, Sum: 1470.5]
      [GC Worker End (ms): Min: 41046.9, Avg: 41046.9, Max: 41047.0, Diff: 0.1]
   [Code Root Fixup: 0.0 ms]
   [Code Root Purge: 0.0 ms]
   [Clear CT: 0.5 ms]
   [Other: 1.6 ms]
      [Choose CSet: 0.0 ms]
      [Ref Proc: 0.5 ms]
      [Ref Enq: 0.0 ms]
      [Redirty Cards: 0.5 ms]
      [Humongous Register: 0.1 ms]
      [Humongous Reclaim: 0.0 ms]
      [Free CSet: 0.2 ms]
   [Eden: 126.0M(126.0M)->0.0B(124.0M) Survivors: 18.0M->18.0M Heap: 994.7M(2048.0M)->996.7M(2048.0M)]
 [Times: user=1.41 sys=0.02, real=0.19 secs] 
2020-09-29T12:33:33.707+0200: 41.065: [GC pause (G1 Humongous Allocation) (young) (initial-mark), 0.0545545 secs]
   [Parallel Time: 52.5 ms, GC Workers: 8]
      [GC Worker Start (ms): Min: 41064.7, Avg: 41065.0, Max: 41065.2, Diff: 0.5]
      [Ext Root Scanning (ms): Min: 0.0, Avg: 0.4, Max: 0.6, Diff: 0.6, Sum: 3.1]
      [Update RS (ms): Min: 28.2, Avg: 28.8, Max: 29.4, Diff: 1.3, Sum: 230.2]
         [Processed Buffers: Min: 15, Avg: 15.4, Max: 17, Diff: 2, Sum: 123]
      [Scan RS (ms): Min: 1.7, Avg: 2.4, Max: 3.0, Diff: 1.3, Sum: 19.5]
      [Code Root Scanning (ms): Min: 0.0, Avg: 0.0, Max: 0.0, Diff: 0.0, Sum: 0.0]
      [Object Copy (ms): Min: 20.2, Avg: 20.3, Max: 20.3, Diff: 0.1, Sum: 162.1]
      [Termination (ms): Min: 0.0, Avg: 0.0, Max: 0.0, Diff: 0.0, Sum: 0.1]
         [Termination Attempts: Min: 1, Avg: 26.9, Max: 35, Diff: 34, Sum: 215]
      [GC Worker Other (ms): Min: 0.0, Avg: 0.0, Max: 0.0, Diff: 0.0, Sum: 0.2]
      [GC Worker Total (ms): Min: 51.7, Avg: 51.9, Max: 52.2, Diff: 0.5, Sum: 415.3]
      [GC Worker End (ms): Min: 41116.9, Avg: 41116.9, Max: 41116.9, Diff: 0.0]
   [Code Root Fixup: 0.0 ms]
   [Code Root Purge: 0.0 ms]
   [Clear CT: 0.7 ms]
   [Other: 1.3 ms]
      [Choose CSet: 0.0 ms]
      [Ref Proc: 0.5 ms]
      [Ref Enq: 0.0 ms]
      [Redirty Cards: 0.3 ms]
      [Humongous Register: 0.0 ms]
      [Humongous Reclaim: 0.0 ms]
      [Free CSet: 0.1 ms]
   [Eden: 1024.0K(124.0M)->0.0B(153.0M) Survivors: 18.0M->2048.0K Heap: 997.2M(2048.0M)->1000.2M(2048.0M)]
 [Times: user=0.42 sys=0.00, real=0.06 secs] 
2020-09-29T12:33:33.762+0200: 41.119: [GC concurrent-root-region-scan-start]
2020-09-29T12:33:33.762+0200: 41.120: [GC concurrent-root-region-scan-end, 0.0007888 secs]
2020-09-29T12:33:33.762+0200: 41.120: [GC concurrent-mark-start]
2020-09-29T12:33:33.769+0200: 41.127: [GC concurrent-mark-end, 0.0067302 secs]
2020-09-29T12:33:33.770+0200: 41.128: [GC remark 2020-09-29T12:33:33.770+0200: 41.128: [Finalize Marking, 0.0005073 secs] 2020-09-29T12:33:33.770+0200: 41.128: [GC ref-proc, 0.0008435 secs] 2020-09-29T12:33:33.771+0200: 41.129: [Unloading, 0.0010109 secs], 0.0032605 secs]
 [Times: user=0.00 sys=0.00, real=0.00 secs] 
2020-09-29T12:33:33.775+0200: 41.133: [GC cleanup 1010M->19M(2048M), 0.0029769 secs]
 [Times: user=0.00 sys=0.00, real=0.00 secs] 
2020-09-29T12:33:33.778+0200: 41.136: [GC concurrent-cleanup-start]
2020-09-29T12:33:33.781+0200: 41.139: [GC concurrent-cleanup-end, 0.0029862 secs]
2020-09-29T12:33:33.956+0200: 41.314: [GC pause (G1 Evacuation Pause) (young), 0.1839381 secs]
   [Parallel Time: 181.1 ms, GC Workers: 8]
      [GC Worker Start (ms): Min: 41314.5, Avg: 41314.7, Max: 41314.8, Diff: 0.3]
      [Ext Root Scanning (ms): Min: 0.0, Avg: 0.1, Max: 0.3, Diff: 0.3, Sum: 1.1]
      [Update RS (ms): Min: 17.6, Avg: 18.1, Max: 18.8, Diff: 1.2, Sum: 144.9]
         [Processed Buffers: Min: 9, Avg: 9.9, Max: 11, Diff: 2, Sum: 79]
      [Scan RS (ms): Min: 22.1, Avg: 22.7, Max: 23.4, Diff: 1.3, Sum: 181.6]
      [Code Root Scanning (ms): Min: 0.0, Avg: 0.0, Max: 0.0, Diff: 0.0, Sum: 0.0]
      [Object Copy (ms): Min: 139.3, Avg: 139.5, Max: 139.6, Diff: 0.3, Sum: 1115.6]
      [Termination (ms): Min: 0.0, Avg: 0.1, Max: 0.1, Diff: 0.1, Sum: 0.7]
         [Termination Attempts: Min: 1, Avg: 224.4, Max: 300, Diff: 299, Sum: 1795]
      [GC Worker Other (ms): Min: 0.0, Avg: 0.1, Max: 0.1, Diff: 0.1, Sum: 0.4]
      [GC Worker Total (ms): Min: 180.4, Avg: 180.5, Max: 180.8, Diff: 0.4, Sum: 1444.3]
      [GC Worker End (ms): Min: 41495.2, Avg: 41495.2, Max: 41495.3, Diff: 0.1]
   [Code Root Fixup: 0.0 ms]
   [Code Root Purge: 0.0 ms]
   [Clear CT: 0.5 ms]
   [Other: 2.3 ms]
      [Choose CSet: 0.0 ms]
      [Ref Proc: 0.4 ms]
      [Ref Enq: 0.0 ms]
      [Redirty Cards: 1.2 ms]
      [Humongous Register: 0.1 ms]
      [Humongous Reclaim: 0.0 ms]
      [Free CSet: 0.3 ms]
   [Eden: 153.0M(153.0M)->0.0B(127.0M) Survivors: 2048.0K->20.0M Heap: 189.2M(2048.0M)->189.2M(2048.0M)]
 [Times: user=1.48 sys=0.02, real=0.18 secs] 
2020-09-29T12:33:34.304+0200: 41.662: [GC pause (G1 Evacuation Pause) (young), 0.1725477 secs]
   [Parallel Time: 169.8 ms, GC Workers: 8]
      [GC Worker Start (ms): Min: 41662.3, Avg: 41662.4, Max: 41662.6, Diff: 0.2]
      [Ext Root Scanning (ms): Min: 0.0, Avg: 0.2, Max: 0.3, Diff: 0.2, Sum: 1.3]
      [Update RS (ms): Min: 22.4, Avg: 22.8, Max: 23.6, Diff: 1.2, Sum: 182.3]
         [Processed Buffers: Min: 11, Avg: 12.1, Max: 14, Diff: 3, Sum: 97]
      [Scan RS (ms): Min: 12.1, Avg: 12.9, Max: 13.3, Diff: 1.2, Sum: 102.8]
      [Code Root Scanning (ms): Min: 0.0, Avg: 0.0, Max: 0.0, Diff: 0.0, Sum: 0.0]
      [Object Copy (ms): Min: 133.4, Avg: 133.5, Max: 133.6, Diff: 0.2, Sum: 1068.0]
      [Termination (ms): Min: 0.0, Avg: 0.0, Max: 0.1, Diff: 0.1, Sum: 0.3]
         [Termination Attempts: Min: 1, Avg: 84.3, Max: 122, Diff: 121, Sum: 674]
      [GC Worker Other (ms): Min: 0.0, Avg: 0.1, Max: 0.1, Diff: 0.1, Sum: 0.5]
      [GC Worker Total (ms): Min: 169.3, Avg: 169.4, Max: 169.5, Diff: 0.2, Sum: 1355.3]
      [GC Worker End (ms): Min: 41831.8, Avg: 41831.9, Max: 41831.9, Diff: 0.1]
   [Code Root Fixup: 0.0 ms]
   [Code Root Purge: 0.0 ms]
   [Clear CT: 0.7 ms]
   [Other: 2.0 ms]
      [Choose CSet: 0.0 ms]
      [Ref Proc: 0.8 ms]
      [Ref Enq: 0.0 ms]
      [Redirty Cards: 0.5 ms]
      [Humongous Register: 0.1 ms]
      [Humongous Reclaim: 0.0 ms]
      [Free CSet: 0.2 ms]
   [Eden: 127.0M(127.0M)->0.0B(128.0M) Survivors: 20.0M->19.0M Heap: 337.2M(2048.0M)->339.2M(2048.0M)]
 [Times: user=1.33 sys=0.01, real=0.17 secs] 
2020-09-29T12:33:34.636+0200: 41.994: [GC pause (G1 Evacuation Pause) (young), 0.1605036 secs]
   [Parallel Time: 158.7 ms, GC Workers: 8]
      [GC Worker Start (ms): Min: 41993.8, Avg: 41994.0, Max: 41994.1, Diff: 0.3]
      [Ext Root Scanning (ms): Min: 0.0, Avg: 0.1, Max: 0.3, Diff: 0.3, Sum: 1.1]
      [Update RS (ms): Min: 13.9, Avg: 14.2, Max: 14.9, Diff: 1.0, Sum: 113.8]
         [Processed Buffers: Min: 7, Avg: 8.1, Max: 10, Diff: 3, Sum: 65]
      [Scan RS (ms): Min: 14.7, Avg: 15.4, Max: 15.7, Diff: 1.1, Sum: 123.5]
      [Code Root Scanning (ms): Min: 0.0, Avg: 0.0, Max: 0.0, Diff: 0.0, Sum: 0.0]
      [Object Copy (ms): Min: 128.2, Avg: 128.3, Max: 128.3, Diff: 0.1, Sum: 1026.2]
      [Termination (ms): Min: 0.0, Avg: 0.0, Max: 0.0, Diff: 0.0, Sum: 0.2]
         [Termination Attempts: Min: 1, Avg: 58.5, Max: 80, Diff: 79, Sum: 468]
      [GC Worker Other (ms): Min: 0.0, Avg: 0.1, Max: 0.1, Diff: 0.1, Sum: 0.4]
      [GC Worker Total (ms): Min: 158.0, Avg: 158.1, Max: 158.4, Diff: 0.4, Sum: 1265.2]
      [GC Worker End (ms): Min: 42152.1, Avg: 42152.1, Max: 42152.2, Diff: 0.1]
   [Code Root Fixup: 0.0 ms]
   [Code Root Purge: 0.0 ms]
   [Clear CT: 0.3 ms]
   [Other: 1.5 ms]
      [Choose CSet: 0.0 ms]
      [Ref Proc: 0.4 ms]
      [Ref Enq: 0.0 ms]
      [Redirty Cards: 0.4 ms]
      [Humongous Register: 0.1 ms]
      [Humongous Reclaim: 0.0 ms]
      [Free CSet: 0.3 ms]
   [Eden: 128.0M(128.0M)->0.0B(131.0M) Survivors: 19.0M->19.0M Heap: 488.2M(2048.0M)->489.2M(2048.0M)]
 [Times: user=1.25 sys=0.00, real=0.16 secs] 
2020-09-29T12:33:34.968+0200: 42.325: [GC pause (G1 Evacuation Pause) (young), 0.1831843 secs]
   [Parallel Time: 181.1 ms, GC Workers: 8]
      [GC Worker Start (ms): Min: 42325.6, Avg: 42326.1, Max: 42329.2, Diff: 3.6]
      [Ext Root Scanning (ms): Min: 0.0, Avg: 0.2, Max: 0.3, Diff: 0.3, Sum: 1.3]
      [Update RS (ms): Min: 14.4, Avg: 17.4, Max: 19.2, Diff: 4.8, Sum: 139.0]
         [Processed Buffers: Min: 9, Avg: 10.1, Max: 11, Diff: 2, Sum: 81]
      [Scan RS (ms): Min: 14.5, Avg: 15.8, Max: 16.1, Diff: 1.6, Sum: 126.5]
      [Code Root Scanning (ms): Min: 0.0, Avg: 0.0, Max: 0.0, Diff: 0.0, Sum: 0.0]
      [Object Copy (ms): Min: 146.4, Avg: 146.5, Max: 146.7, Diff: 0.2, Sum: 1172.3]
      [Termination (ms): Min: 0.0, Avg: 0.2, Max: 0.2, Diff: 0.2, Sum: 1.5]
         [Termination Attempts: Min: 1, Avg: 468.3, Max: 590, Diff: 589, Sum: 3746]
      [GC Worker Other (ms): Min: 0.0, Avg: 0.1, Max: 0.2, Diff: 0.1, Sum: 0.9]
      [GC Worker Total (ms): Min: 177.2, Avg: 180.2, Max: 180.7, Diff: 3.5, Sum: 1441.5]
      [GC Worker End (ms): Min: 42506.3, Avg: 42506.3, Max: 42506.4, Diff: 0.1]
   [Code Root Fixup: 0.0 ms]
   [Code Root Purge: 0.0 ms]
   [Clear CT: 0.4 ms]
   [Other: 1.7 ms]
      [Choose CSet: 0.0 ms]
      [Ref Proc: 0.6 ms]
      [Ref Enq: 0.0 ms]
      [Redirty Cards: 0.4 ms]
      [Humongous Register: 0.1 ms]
      [Humongous Reclaim: 0.0 ms]
      [Free CSet: 0.3 ms]
   [Eden: 131.0M(131.0M)->0.0B(129.0M) Survivors: 19.0M->19.0M Heap: 643.1M(2048.0M)->644.6M(2048.0M)]
 [Times: user=1.45 sys=0.00, real=0.18 secs] 
2020-09-29T12:33:35.318+0200: 42.676: [GC pause (G1 Evacuation Pause) (young), 0.1678422 secs]
   [Parallel Time: 165.7 ms, GC Workers: 8]
      [GC Worker Start (ms): Min: 42676.6, Avg: 42676.8, Max: 42677.1, Diff: 0.6]
      [Ext Root Scanning (ms): Min: 0.0, Avg: 0.1, Max: 0.3, Diff: 0.3, Sum: 1.0]
      [Update RS (ms): Min: 19.4, Avg: 19.8, Max: 20.6, Diff: 1.2, Sum: 158.1]
         [Processed Buffers: Min: 10, Avg: 11.3, Max: 14, Diff: 4, Sum: 90]
      [Scan RS (ms): Min: 12.5, Avg: 13.5, Max: 13.9, Diff: 1.3, Sum: 107.7]
      [Code Root Scanning (ms): Min: 0.0, Avg: 0.0, Max: 0.0, Diff: 0.0, Sum: 0.0]
      [Object Copy (ms): Min: 131.3, Avg: 131.4, Max: 131.5, Diff: 0.2, Sum: 1051.2]
      [Termination (ms): Min: 0.0, Avg: 0.0, Max: 0.0, Diff: 0.0, Sum: 0.0]
         [Termination Attempts: Min: 1, Avg: 10.1, Max: 16, Diff: 15, Sum: 81]
      [GC Worker Other (ms): Min: 0.0, Avg: 0.0, Max: 0.1, Diff: 0.1, Sum: 0.4]
      [GC Worker Total (ms): Min: 164.5, Avg: 164.8, Max: 165.0, Diff: 0.5, Sum: 1318.4]
      [GC Worker End (ms): Min: 42841.5, Avg: 42841.6, Max: 42841.6, Diff: 0.1]
   [Code Root Fixup: 0.0 ms]
   [Code Root Purge: 0.0 ms]
   [Clear CT: 0.4 ms]
   [Other: 1.7 ms]
      [Choose CSet: 0.0 ms]
      [Ref Proc: 0.6 ms]
      [Ref Enq: 0.0 ms]
      [Redirty Cards: 0.4 ms]
      [Humongous Register: 0.1 ms]
      [Humongous Reclaim: 0.0 ms]
      [Free CSet: 0.2 ms]
   [Eden: 129.0M(129.0M)->0.0B(134.0M) Survivors: 19.0M->19.0M Heap: 794.5M(2048.0M)->796.5M(2048.0M)]
 [Times: user=1.25 sys=0.00, real=0.17 secs] 
2020-09-29T12:33:35.644+0200: 43.002: [GC pause (G1 Evacuation Pause) (young), 0.0763952 secs]
   [Parallel Time: 75.3 ms, GC Workers: 8]
      [GC Worker Start (ms): Min: 43001.7, Avg: 43002.2, Max: 43005.2, Diff: 3.6]
      [Ext Root Scanning (ms): Min: 0.0, Avg: 0.1, Max: 0.2, Diff: 0.2, Sum: 0.6]
      [Update RS (ms): Min: 7.0, Avg: 10.1, Max: 10.9, Diff: 3.9, Sum: 80.6]
         [Processed Buffers: Min: 9, Avg: 11.5, Max: 15, Diff: 6, Sum: 92]
      [Scan RS (ms): Min: 6.3, Avg: 6.7, Max: 6.8, Diff: 0.5, Sum: 53.3]
      [Code Root Scanning (ms): Min: 0.0, Avg: 0.0, Max: 0.0, Diff: 0.0, Sum: 0.0]
      [Object Copy (ms): Min: 57.8, Avg: 57.8, Max: 57.9, Diff: 0.1, Sum: 462.4]
      [Termination (ms): Min: 0.0, Avg: 0.0, Max: 0.1, Diff: 0.1, Sum: 0.4]
         [Termination Attempts: Min: 1, Avg: 326.9, Max: 491, Diff: 490, Sum: 2615]
      [GC Worker Other (ms): Min: 0.0, Avg: 0.0, Max: 0.1, Diff: 0.0, Sum: 0.2]
      [GC Worker Total (ms): Min: 71.7, Avg: 74.7, Max: 75.2, Diff: 3.5, Sum: 597.4]
      [GC Worker End (ms): Min: 43076.9, Avg: 43076.9, Max: 43076.9, Diff: 0.0]
   [Code Root Fixup: 0.0 ms]
   [Code Root Purge: 0.0 ms]
   [Clear CT: 0.2 ms]
   [Other: 0.9 ms]
      [Choose CSet: 0.0 ms]
      [Ref Proc: 0.3 ms]
      [Ref Enq: 0.0 ms]
      [Redirty Cards: 0.2 ms]
      [Humongous Register: 0.1 ms]
      [Humongous Reclaim: 0.0 ms]
      [Free CSet: 0.1 ms]
   [Eden: 134.0M(134.0M)->0.0B(152.0M) Survivors: 19.0M->20.0M Heap: 953.4M(2048.0M)->955.4M(2048.0M)]
 [Times: user=0.61 sys=0.00, real=0.08 secs] 
2020-09-29T12:33:35.726+0200: 43.084: [GC pause (G1 Humongous Allocation) (young) (initial-mark), 0.0385092 secs]
   [Parallel Time: 37.1 ms, GC Workers: 8]
      [GC Worker Start (ms): Min: 43084.1, Avg: 43084.2, Max: 43084.3, Diff: 0.2]
      [Ext Root Scanning (ms): Min: 0.0, Avg: 0.1, Max: 0.2, Diff: 0.2, Sum: 0.5]
      [Update RS (ms): Min: 16.5, Avg: 16.6, Max: 16.8, Diff: 0.3, Sum: 132.7]
         [Processed Buffers: Min: 19, Avg: 20.6, Max: 22, Diff: 3, Sum: 165]
      [Scan RS (ms): Min: 0.9, Avg: 1.2, Max: 1.3, Diff: 0.4, Sum: 9.3]
      [Code Root Scanning (ms): Min: 0.0, Avg: 0.0, Max: 0.0, Diff: 0.0, Sum: 0.0]
      [Object Copy (ms): Min: 19.0, Avg: 19.0, Max: 19.1, Diff: 0.1, Sum: 152.2]
      [Termination (ms): Min: 0.0, Avg: 0.0, Max: 0.0, Diff: 0.0, Sum: 0.2]
         [Termination Attempts: Min: 1, Avg: 146.9, Max: 182, Diff: 181, Sum: 1175]
      [GC Worker Other (ms): Min: 0.0, Avg: 0.0, Max: 0.0, Diff: 0.0, Sum: 0.1]
      [GC Worker Total (ms): Min: 36.8, Avg: 36.9, Max: 37.0, Diff: 0.2, Sum: 294.9]
      [GC Worker End (ms): Min: 43121.1, Avg: 43121.1, Max: 43121.1, Diff: 0.0]
   [Code Root Fixup: 0.0 ms]
   [Code Root Purge: 0.0 ms]
   [Clear CT: 0.4 ms]
   [Other: 1.1 ms]
      [Choose CSet: 0.0 ms]
      [Ref Proc: 0.4 ms]
      [Ref Enq: 0.0 ms]
      [Redirty Cards: 0.4 ms]
      [Humongous Register: 0.0 ms]
      [Humongous Reclaim: 0.0 ms]
      [Free CSet: 0.1 ms]
   [Eden: 11.0M(152.0M)->0.0B(180.0M) Survivors: 20.0M->13.0M Heap: 966.4M(2048.0M)->970.9M(2048.0M)]
 [Times: user=0.20 sys=0.00, real=0.04 secs] 
2020-09-29T12:33:35.765+0200: 43.123: [GC concurrent-root-region-scan-start]
2020-09-29T12:33:35.767+0200: 43.125: [GC concurrent-root-region-scan-end, 0.0020603 secs]
2020-09-29T12:33:35.767+0200: 43.125: [GC concurrent-mark-start]
2020-09-29T12:33:35.769+0200: 43.127: [GC concurrent-mark-end, 0.0022928 secs]
2020-09-29T12:33:35.769+0200: 43.127: [GC remark 2020-09-29T12:33:35.769+0200: 43.127: [Finalize Marking, 0.0001205 secs] 2020-09-29T12:33:35.770+0200: 43.127: [GC ref-proc, 0.0002562 secs] 2020-09-29T12:33:35.770+0200: 43.128: [Unloading, 0.0003722 secs], 0.0009907 secs]
 [Times: user=0.03 sys=0.00, real=0.00 secs] 
2020-09-29T12:33:35.771+0200: 43.129: [GC cleanup 982M->32M(2048M), 0.0009752 secs]
 [Times: user=0.00 sys=0.00, real=0.00 secs] 
2020-09-29T12:33:35.772+0200: 43.130: [GC concurrent-cleanup-start]
2020-09-29T12:33:35.773+0200: 43.131: [GC concurrent-cleanup-end, 0.0011588 secs]
2020-09-29T12:33:35.858+0200: 43.216: [GC pause (G1 Evacuation Pause) (young), 0.0880144 secs]
   [Parallel Time: 86.8 ms, GC Workers: 8]
      [GC Worker Start (ms): Min: 43216.0, Avg: 43216.1, Max: 43216.2, Diff: 0.2]
      [Ext Root Scanning (ms): Min: 0.0, Avg: 0.1, Max: 0.2, Diff: 0.2, Sum: 0.5]
      [Update RS (ms): Min: 12.3, Avg: 12.5, Max: 12.9, Diff: 0.6, Sum: 100.2]
         [Processed Buffers: Min: 13, Avg: 14.1, Max: 15, Diff: 2, Sum: 113]
      [Scan RS (ms): Min: 8.6, Avg: 9.1, Max: 9.3, Diff: 0.7, Sum: 72.6]
      [Code Root Scanning (ms): Min: 0.0, Avg: 0.0, Max: 0.0, Diff: 0.0, Sum: 0.0]
      [Object Copy (ms): Min: 64.8, Avg: 64.8, Max: 64.9, Diff: 0.1, Sum: 518.8]
      [Termination (ms): Min: 0.0, Avg: 0.0, Max: 0.0, Diff: 0.0, Sum: 0.1]
         [Termination Attempts: Min: 1, Avg: 79.5, Max: 102, Diff: 101, Sum: 636]
      [GC Worker Other (ms): Min: 0.0, Avg: 0.0, Max: 0.1, Diff: 0.1, Sum: 0.3]
      [GC Worker Total (ms): Min: 86.5, Avg: 86.6, Max: 86.7, Diff: 0.2, Sum: 692.5]
      [GC Worker End (ms): Min: 43302.6, Avg: 43302.7, Max: 43302.7, Diff: 0.0]
   [Code Root Fixup: 0.0 ms]
   [Code Root Purge: 0.0 ms]
   [Clear CT: 0.2 ms]
   [Other: 1.0 ms]
      [Choose CSet: 0.0 ms]
      [Ref Proc: 0.2 ms]
      [Ref Enq: 0.0 ms]
      [Redirty Cards: 0.4 ms]
      [Humongous Register: 0.0 ms]
      [Humongous Reclaim: 0.0 ms]
      [Free CSet: 0.1 ms]
   [Eden: 180.0M(180.0M)->0.0B(200.0M) Survivors: 13.0M->25.0M Heap: 231.5M(2048.0M)->220.5M(2048.0M)]
 [Times: user=0.74 sys=0.01, real=0.09 secs] 
2020-09-29T12:33:36.055+0200: 43.413: [GC pause (G1 Evacuation Pause) (young), 0.1086648 secs]
   [Parallel Time: 107.3 ms, GC Workers: 8]
      [GC Worker Start (ms): Min: 43412.8, Avg: 43413.3, Max: 43413.6, Diff: 0.8]
      [Ext Root Scanning (ms): Min: 0.0, Avg: 0.0, Max: 0.2, Diff: 0.2, Sum: 0.4]
      [Update RS (ms): Min: 14.4, Avg: 14.9, Max: 15.8, Diff: 1.4, Sum: 119.1]
         [Processed Buffers: Min: 18, Avg: 19.3, Max: 22, Diff: 4, Sum: 154]
      [Scan RS (ms): Min: 8.1, Avg: 8.7, Max: 8.9, Diff: 0.8, Sum: 69.4]
      [Code Root Scanning (ms): Min: 0.0, Avg: 0.0, Max: 0.0, Diff: 0.0, Sum: 0.0]
      [Object Copy (ms): Min: 82.9, Avg: 82.9, Max: 83.0, Diff: 0.1, Sum: 663.5]
      [Termination (ms): Min: 0.0, Avg: 0.0, Max: 0.1, Diff: 0.1, Sum: 0.4]
         [Termination Attempts: Min: 1, Avg: 162.0, Max: 224, Diff: 223, Sum: 1296]
      [GC Worker Other (ms): Min: 0.0, Avg: 0.0, Max: 0.0, Diff: 0.0, Sum: 0.2]
      [GC Worker Total (ms): Min: 106.3, Avg: 106.6, Max: 107.2, Diff: 0.9, Sum: 853.1]
      [GC Worker End (ms): Min: 43519.9, Avg: 43519.9, Max: 43519.9, Diff: 0.0]
   [Code Root Fixup: 0.0 ms]
   [Code Root Purge: 0.0 ms]
   [Clear CT: 0.3 ms]
   [Other: 1.1 ms]
      [Choose CSet: 0.0 ms]
      [Ref Proc: 0.1 ms]
      [Ref Enq: 0.0 ms]
      [Redirty Cards: 0.3 ms]
      [Humongous Register: 0.0 ms]
      [Humongous Reclaim: 0.0 ms]
      [Free CSet: 0.4 ms]
   [Eden: 200.0M(200.0M)->0.0B(220.0M) Survivors: 25.0M->29.0M Heap: 454.9M(2048.0M)->456.9M(2048.0M)]
 [Times: user=0.88 sys=0.00, real=0.11 secs] 
2020-09-29T12:33:36.293+0200: 43.650: [GC pause (G1 Evacuation Pause) (young), 0.1370673 secs]
   [Parallel Time: 136.2 ms, GC Workers: 8]
      [GC Worker Start (ms): Min: 43650.6, Avg: 43650.7, Max: 43650.8, Diff: 0.2]
      [Ext Root Scanning (ms): Min: 0.0, Avg: 0.1, Max: 0.1, Diff: 0.1, Sum: 0.6]
      [Update RS (ms): Min: 14.1, Avg: 14.1, Max: 14.3, Diff: 0.3, Sum: 113.1]
         [Processed Buffers: Min: 14, Avg: 15.9, Max: 17, Diff: 3, Sum: 127]
      [Scan RS (ms): Min: 11.6, Avg: 12.6, Max: 18.4, Diff: 6.8, Sum: 101.1]
      [Code Root Scanning (ms): Min: 0.0, Avg: 0.0, Max: 0.0, Diff: 0.0, Sum: 0.0]
      [Object Copy (ms): Min: 103.2, Avg: 109.0, Max: 110.0, Diff: 6.8, Sum: 872.1]
      [Termination (ms): Min: 0.0, Avg: 0.1, Max: 0.2, Diff: 0.2, Sum: 1.2]
         [Termination Attempts: Min: 1, Avg: 962.0, Max: 1195, Diff: 1194, Sum: 7696]
      [GC Worker Other (ms): Min: 0.0, Avg: 0.0, Max: 0.1, Diff: 0.0, Sum: 0.3]
      [GC Worker Total (ms): Min: 135.9, Avg: 136.1, Max: 136.1, Diff: 0.2, Sum: 1088.5]
      [GC Worker End (ms): Min: 43786.7, Avg: 43786.7, Max: 43786.8, Diff: 0.0]
   [Code Root Fixup: 0.0 ms]
   [Code Root Purge: 0.0 ms]
   [Clear CT: 0.1 ms]
   [Other: 0.7 ms]
      [Choose CSet: 0.0 ms]
      [Ref Proc: 0.2 ms]
      [Ref Enq: 0.0 ms]
      [Redirty Cards: 0.2 ms]
      [Humongous Register: 0.1 ms]
      [Humongous Reclaim: 0.0 ms]
      [Free CSet: 0.1 ms]
   [Eden: 220.0M(220.0M)->0.0B(230.0M) Survivors: 29.0M->32.0M Heap: 713.1M(2048.0M)->715.1M(2048.0M)]
 [Times: user=1.03 sys=0.03, real=0.14 secs] 
2020-09-29T12:33:36.546+0200: 43.904: [GC pause (G1 Evacuation Pause) (young), 0.1265591 secs]
   [Parallel Time: 125.4 ms, GC Workers: 8]
      [GC Worker Start (ms): Min: 43904.3, Avg: 43904.4, Max: 43904.5, Diff: 0.2]
      [Ext Root Scanning (ms): Min: 0.0, Avg: 0.1, Max: 0.2, Diff: 0.2, Sum: 0.5]
      [Update RS (ms): Min: 16.4, Avg: 16.6, Max: 16.8, Diff: 0.4, Sum: 132.7]
         [Processed Buffers: Min: 18, Avg: 18.6, Max: 21, Diff: 3, Sum: 149]
      [Scan RS (ms): Min: 14.0, Avg: 14.3, Max: 14.5, Diff: 0.4, Sum: 114.1]
      [Code Root Scanning (ms): Min: 0.0, Avg: 0.0, Max: 0.0, Diff: 0.0, Sum: 0.0]
      [Object Copy (ms): Min: 94.2, Avg: 94.2, Max: 94.3, Diff: 0.1, Sum: 753.7]
      [Termination (ms): Min: 0.0, Avg: 0.0, Max: 0.0, Diff: 0.0, Sum: 0.1]
         [Termination Attempts: Min: 1, Avg: 78.0, Max: 110, Diff: 109, Sum: 624]
      [GC Worker Other (ms): Min: 0.0, Avg: 0.0, Max: 0.1, Diff: 0.0, Sum: 0.2]
      [GC Worker Total (ms): Min: 125.1, Avg: 125.2, Max: 125.3, Diff: 0.2, Sum: 1001.4]
      [GC Worker End (ms): Min: 44029.6, Avg: 44029.6, Max: 44029.6, Diff: 0.0]
   [Code Root Fixup: 0.0 ms]
   [Code Root Purge: 0.0 ms]
   [Clear CT: 0.2 ms]
   [Other: 0.9 ms]
      [Choose CSet: 0.0 ms]
      [Ref Proc: 0.2 ms]
      [Ref Enq: 0.0 ms]
      [Redirty Cards: 0.3 ms]
      [Humongous Register: 0.1 ms]
      [Humongous Reclaim: 0.0 ms]
      [Free CSet: 0.2 ms]
   [Eden: 230.0M(230.0M)->0.0B(252.0M) Survivors: 32.0M->33.0M Heap: 983.2M(2048.0M)->985.2M(2048.0M)]
 [Times: user=0.91 sys=0.09, real=0.13 secs] 
2020-09-29T12:33:36.680+0200: 44.038: [GC pause (G1 Humongous Allocation) (young) (initial-mark), 0.0545176 secs]
   [Parallel Time: 53.6 ms, GC Workers: 8]
      [GC Worker Start (ms): Min: 44038.1, Avg: 44038.1, Max: 44038.2, Diff: 0.1]
      [Ext Root Scanning (ms): Min: 0.0, Avg: 0.1, Max: 0.2, Diff: 0.2, Sum: 1.1]
      [Update RS (ms): Min: 26.7, Avg: 26.8, Max: 27.0, Diff: 0.3, Sum: 214.5]
         [Processed Buffers: Min: 32, Avg: 34.5, Max: 37, Diff: 5, Sum: 276]
      [Scan RS (ms): Min: 1.8, Avg: 1.9, Max: 2.1, Diff: 0.3, Sum: 15.5]
      [Code Root Scanning (ms): Min: 0.0, Avg: 0.0, Max: 0.0, Diff: 0.0, Sum: 0.0]
      [Object Copy (ms): Min: 24.4, Avg: 24.5, Max: 24.5, Diff: 0.1, Sum: 195.9]
      [Termination (ms): Min: 0.0, Avg: 0.0, Max: 0.0, Diff: 0.0, Sum: 0.1]
         [Termination Attempts: Min: 1, Avg: 107.5, Max: 152, Diff: 151, Sum: 860]
      [GC Worker Other (ms): Min: 0.0, Avg: 0.0, Max: 0.0, Diff: 0.0, Sum: 0.2]
      [GC Worker Total (ms): Min: 53.3, Avg: 53.4, Max: 53.5, Diff: 0.1, Sum: 427.3]
      [GC Worker End (ms): Min: 44091.5, Avg: 44091.5, Max: 44091.6, Diff: 0.0]
   [Code Root Fixup: 0.0 ms]
   [Code Root Purge: 0.0 ms]
   [Clear CT: 0.2 ms]
   [Other: 0.8 ms]
      [Choose CSet: 0.0 ms]
      [Ref Proc: 0.2 ms]
      [Ref Enq: 0.0 ms]
      [Redirty Cards: 0.2 ms]
      [Humongous Register: 0.1 ms]
      [Humongous Reclaim: 0.0 ms]
      [Free CSet: 0.1 ms]
   [Eden: 6144.0K(252.0M)->0.0B(263.0M) Survivors: 33.0M->7168.0K Heap: 990.7M(2048.0M)->994.7M(2048.0M)]
 [Times: user=0.33 sys=0.02, real=0.05 secs] 
2020-09-29T12:33:36.735+0200: 44.093: [GC concurrent-root-region-scan-start]
2020-09-29T12:33:36.737+0200: 44.094: [GC concurrent-root-region-scan-end, 0.0018024 secs]
2020-09-29T12:33:36.737+0200: 44.094: [GC concurrent-mark-start]
2020-09-29T12:33:36.740+0200: 44.097: [GC concurrent-mark-end, 0.0029431 secs]
2020-09-29T12:33:36.740+0200: 44.097: [GC remark 2020-09-29T12:33:36.740+0200: 44.097: [Finalize Marking, 0.0002224 secs] 2020-09-29T12:33:36.740+0200: 44.098: [GC ref-proc, 0.0003029 secs] 2020-09-29T12:33:36.740+0200: 44.098: [Unloading, 0.0004294 secs], 0.0013154 secs]
 [Times: user=0.00 sys=0.00, real=0.00 secs] 
2020-09-29T12:33:36.741+0200: 44.099: [GC cleanup 1004M->24M(2048M), 0.0011763 secs]
 [Times: user=0.00 sys=0.00, real=0.00 secs] 
2020-09-29T12:33:36.743+0200: 44.100: [GC concurrent-cleanup-start]
2020-09-29T12:33:36.744+0200: 44.101: [GC concurrent-cleanup-end, 0.0011184 secs]
2020-09-29T12:33:36.884+0200: 44.241: [GC pause (G1 Evacuation Pause) (young), 0.1343802 secs]
   [Parallel Time: 133.4 ms, GC Workers: 8]
      [GC Worker Start (ms): Min: 44241.4, Avg: 44241.5, Max: 44241.6, Diff: 0.2]
      [Ext Root Scanning (ms): Min: 0.0, Avg: 0.1, Max: 0.2, Diff: 0.2, Sum: 0.4]
      [Update RS (ms): Min: 18.5, Avg: 19.0, Max: 20.3, Diff: 1.8, Sum: 152.4]
         [Processed Buffers: Min: 13, Avg: 17.4, Max: 19, Diff: 6, Sum: 139]
      [Scan RS (ms): Min: 15.1, Avg: 16.3, Max: 16.8, Diff: 1.8, Sum: 130.7]
      [Code Root Scanning (ms): Min: 0.0, Avg: 0.0, Max: 0.0, Diff: 0.0, Sum: 0.0]
      [Object Copy (ms): Min: 97.6, Avg: 97.7, Max: 97.8, Diff: 0.1, Sum: 781.7]
      [Termination (ms): Min: 0.0, Avg: 0.0, Max: 0.0, Diff: 0.0, Sum: 0.1]
         [Termination Attempts: Min: 1, Avg: 76.1, Max: 102, Diff: 101, Sum: 609]
      [GC Worker Other (ms): Min: 0.0, Avg: 0.0, Max: 0.1, Diff: 0.0, Sum: 0.2]
      [GC Worker Total (ms): Min: 133.1, Avg: 133.2, Max: 133.3, Diff: 0.2, Sum: 1065.6]
      [GC Worker End (ms): Min: 44374.7, Avg: 44374.7, Max: 44374.8, Diff: 0.0]
   [Code Root Fixup: 0.0 ms]
   [Code Root Purge: 0.0 ms]
   [Clear CT: 0.2 ms]
   [Other: 0.8 ms]
      [Choose CSet: 0.0 ms]
      [Ref Proc: 0.1 ms]
      [Ref Enq: 0.0 ms]
      [Redirty Cards: 0.3 ms]
      [Humongous Register: 0.0 ms]
      [Humongous Reclaim: 0.0 ms]
      [Free CSet: 0.2 ms]
   [Eden: 263.0M(263.0M)->0.0B(256.0M) Survivors: 7168.0K->34.0M Heap: 321.9M(2048.0M)->316.9M(2048.0M)]
 [Times: user=0.97 sys=0.03, real=0.13 secs] 
2020-09-29T12:33:37.153+0200: 44.511: [GC pause (G1 Evacuation Pause) (young), 0.1336332 secs]
   [Parallel Time: 132.3 ms, GC Workers: 8]
      [GC Worker Start (ms): Min: 44511.0, Avg: 44511.1, Max: 44511.2, Diff: 0.1]
      [Ext Root Scanning (ms): Min: 0.0, Avg: 0.1, Max: 0.1, Diff: 0.1, Sum: 0.6]
      [Update RS (ms): Min: 15.4, Avg: 15.6, Max: 15.8, Diff: 0.3, Sum: 124.5]
         [Processed Buffers: Min: 18, Avg: 19.8, Max: 21, Diff: 3, Sum: 158]
      [Scan RS (ms): Min: 11.9, Avg: 12.2, Max: 12.5, Diff: 0.6, Sum: 97.6]
      [Code Root Scanning (ms): Min: 0.0, Avg: 0.0, Max: 0.0, Diff: 0.0, Sum: 0.0]
      [Object Copy (ms): Min: 104.1, Avg: 104.3, Max: 104.3, Diff: 0.3, Sum: 834.2]
      [Termination (ms): Min: 0.0, Avg: 0.0, Max: 0.0, Diff: 0.0, Sum: 0.1]
         [Termination Attempts: Min: 1, Avg: 99.5, Max: 120, Diff: 119, Sum: 796]
      [GC Worker Other (ms): Min: 0.0, Avg: 0.0, Max: 0.0, Diff: 0.0, Sum: 0.2]
      [GC Worker Total (ms): Min: 132.1, Avg: 132.2, Max: 132.2, Diff: 0.1, Sum: 1057.2]
      [GC Worker End (ms): Min: 44643.3, Avg: 44643.3, Max: 44643.3, Diff: 0.0]
   [Code Root Fixup: 0.0 ms]
   [Code Root Purge: 0.0 ms]
   [Clear CT: 0.4 ms]
   [Other: 0.9 ms]
      [Choose CSet: 0.0 ms]
      [Ref Proc: 0.2 ms]
      [Ref Enq: 0.0 ms]
      [Redirty Cards: 0.2 ms]
      [Humongous Register: 0.0 ms]
      [Humongous Reclaim: 0.0 ms]
      [Free CSet: 0.2 ms]
   [Eden: 256.0M(256.0M)->0.0B(275.0M) Survivors: 34.0M->37.0M Heap: 616.7M(2048.0M)->619.2M(2048.0M)]
 [Times: user=1.13 sys=0.00, real=0.13 secs] 
2020-09-29T12:33:37.450+0200: 44.808: [GC pause (G1 Evacuation Pause) (young), 0.1527076 secs]
   [Parallel Time: 151.5 ms, GC Workers: 8]
      [GC Worker Start (ms): Min: 44808.3, Avg: 44808.4, Max: 44808.4, Diff: 0.1]
      [Ext Root Scanning (ms): Min: 0.0, Avg: 0.1, Max: 0.2, Diff: 0.1, Sum: 0.6]
      [Update RS (ms): Min: 16.7, Avg: 16.9, Max: 17.2, Diff: 0.5, Sum: 134.9]
         [Processed Buffers: Min: 20, Avg: 20.8, Max: 23, Diff: 3, Sum: 166]
      [Scan RS (ms): Min: 13.4, Avg: 13.8, Max: 14.4, Diff: 1.1, Sum: 110.5]
      [Code Root Scanning (ms): Min: 0.0, Avg: 0.0, Max: 0.0, Diff: 0.0, Sum: 0.0]
      [Object Copy (ms): Min: 119.8, Avg: 120.3, Max: 120.5, Diff: 0.7, Sum: 962.8]
      [Termination (ms): Min: 0.0, Avg: 0.2, Max: 0.2, Diff: 0.2, Sum: 1.4]
         [Termination Attempts: Min: 1, Avg: 1144.4, Max: 1487, Diff: 1486, Sum: 9155]
      [GC Worker Other (ms): Min: 0.0, Avg: 0.0, Max: 0.1, Diff: 0.1, Sum: 0.3]
      [GC Worker Total (ms): Min: 151.3, Avg: 151.3, Max: 151.4, Diff: 0.1, Sum: 1210.6]
      [GC Worker End (ms): Min: 44959.7, Avg: 44959.7, Max: 44959.7, Diff: 0.1]
   [Code Root Fixup: 0.0 ms]
   [Code Root Purge: 0.0 ms]
   [Clear CT: 0.3 ms]
   [Other: 0.9 ms]
      [Choose CSet: 0.0 ms]
      [Ref Proc: 0.1 ms]
      [Ref Enq: 0.0 ms]
      [Redirty Cards: 0.3 ms]
      [Humongous Register: 0.1 ms]
      [Humongous Reclaim: 0.0 ms]
      [Free CSet: 0.3 ms]
   [Eden: 275.0M(275.0M)->0.0B(290.0M) Survivors: 37.0M->39.0M Heap: 940.0M(2048.0M)->942.0M(2048.0M)]
 [Times: user=1.23 sys=0.00, real=0.15 secs] 
2020-09-29T12:33:37.645+0200: 45.003: [GC pause (G1 Humongous Allocation) (young) (initial-mark), 0.0630251 secs]
   [Parallel Time: 62.2 ms, GC Workers: 8]
      [GC Worker Start (ms): Min: 45003.3, Avg: 45003.3, Max: 45003.4, Diff: 0.2]
      [Ext Root Scanning (ms): Min: 0.0, Avg: 1.4, Max: 5.1, Diff: 5.1, Sum: 11.1]
      [Update RS (ms): Min: 14.9, Avg: 18.8, Max: 20.4, Diff: 5.4, Sum: 150.4]
         [Processed Buffers: Min: 18, Avg: 22.3, Max: 24, Diff: 6, Sum: 178]
      [Scan RS (ms): Min: 2.1, Avg: 2.4, Max: 2.8, Diff: 0.7, Sum: 19.3]
      [Code Root Scanning (ms): Min: 0.0, Avg: 0.0, Max: 0.0, Diff: 0.0, Sum: 0.0]
      [Object Copy (ms): Min: 39.3, Avg: 39.3, Max: 39.4, Diff: 0.1, Sum: 314.8]
      [Termination (ms): Min: 0.0, Avg: 0.0, Max: 0.0, Diff: 0.0, Sum: 0.2]
         [Termination Attempts: Min: 1, Avg: 132.9, Max: 164, Diff: 163, Sum: 1063]
      [GC Worker Other (ms): Min: 0.0, Avg: 0.0, Max: 0.0, Diff: 0.0, Sum: 0.1]
      [GC Worker Total (ms): Min: 61.9, Avg: 62.0, Max: 62.1, Diff: 0.2, Sum: 495.9]
      [GC Worker End (ms): Min: 45065.3, Avg: 45065.3, Max: 45065.3, Diff: 0.0]
   [Code Root Fixup: 0.0 ms]
   [Code Root Purge: 0.0 ms]
   [Clear CT: 0.2 ms]
   [Other: 0.7 ms]
      [Choose CSet: 0.0 ms]
      [Ref Proc: 0.2 ms]
      [Ref Enq: 0.0 ms]
      [Redirty Cards: 0.2 ms]
      [Humongous Register: 0.0 ms]
      [Humongous Reclaim: 0.0 ms]
      [Free CSet: 0.1 ms]
   [Eden: 65.0M(290.0M)->0.0B(312.0M) Survivors: 39.0M->42.0M Heap: 1016.1M(2048.0M)->1017.6M(2048.0M)]
 [Times: user=0.50 sys=0.00, real=0.06 secs] 
2020-09-29T12:33:37.709+0200: 45.066: [GC concurrent-root-region-scan-start]
2020-09-29T12:33:37.716+0200: 45.074: [GC concurrent-root-region-scan-end, 0.0077963 secs]
2020-09-29T12:33:37.716+0200: 45.074: [GC concurrent-mark-start]
2020-09-29T12:33:37.719+0200: 45.076: [GC concurrent-mark-end, 0.0024079 secs]
2020-09-29T12:33:37.719+0200: 45.077: [GC remark 2020-09-29T12:33:37.719+0200: 45.077: [Finalize Marking, 0.0001913 secs] 2020-09-29T12:33:37.719+0200: 45.077: [GC ref-proc, 0.0002726 secs] 2020-09-29T12:33:37.719+0200: 45.077: [Unloading, 0.0004430 secs], 0.0012165 secs]
 [Times: user=0.00 sys=0.00, real=0.00 secs] 
2020-09-29T12:33:37.721+0200: 45.078: [GC cleanup 1043M->75M(2048M), 0.0010623 secs]
 [Times: user=0.00 sys=0.00, real=0.00 secs] 
2020-09-29T12:33:37.722+0200: 45.079: [GC concurrent-cleanup-start]
2020-09-29T12:33:37.723+0200: 45.081: [GC concurrent-cleanup-end, 0.0012506 secs]
2020-09-29T12:33:37.881+0200: 45.239: [GC pause (G1 Evacuation Pause) (young), 0.1672235 secs]
   [Parallel Time: 165.8 ms, GC Workers: 8]
      [GC Worker Start (ms): Min: 45238.9, Avg: 45239.3, Max: 45241.4, Diff: 2.5]
      [Ext Root Scanning (ms): Min: 0.0, Avg: 0.1, Max: 0.2, Diff: 0.2, Sum: 0.5]
      [Update RS (ms): Min: 20.5, Avg: 22.5, Max: 23.5, Diff: 3.0, Sum: 180.3]
         [Processed Buffers: Min: 23, Avg: 25.1, Max: 29, Diff: 6, Sum: 201]
      [Scan RS (ms): Min: 14.2, Avg: 14.9, Max: 15.4, Diff: 1.2, Sum: 119.5]
      [Code Root Scanning (ms): Min: 0.0, Avg: 0.0, Max: 0.0, Diff: 0.0, Sum: 0.0]
      [Object Copy (ms): Min: 127.3, Avg: 127.7, Max: 127.8, Diff: 0.5, Sum: 1021.3]
      [Termination (ms): Min: 0.0, Avg: 0.0, Max: 0.1, Diff: 0.1, Sum: 0.4]
         [Termination Attempts: Min: 1, Avg: 334.6, Max: 505, Diff: 504, Sum: 2677]
      [GC Worker Other (ms): Min: 0.0, Avg: 0.0, Max: 0.1, Diff: 0.1, Sum: 0.4]
      [GC Worker Total (ms): Min: 163.2, Avg: 165.3, Max: 165.7, Diff: 2.5, Sum: 1322.4]
      [GC Worker End (ms): Min: 45404.6, Avg: 45404.6, Max: 45404.6, Diff: 0.1]
   [Code Root Fixup: 0.0 ms]
   [Code Root Purge: 0.0 ms]
   [Clear CT: 0.2 ms]
   [Other: 1.2 ms]
      [Choose CSet: 0.0 ms]
      [Ref Proc: 0.2 ms]
      [Ref Enq: 0.0 ms]
      [Redirty Cards: 0.3 ms]
      [Humongous Register: 0.0 ms]
      [Humongous Reclaim: 0.0 ms]
      [Free CSet: 0.4 ms]
   [Eden: 312.0M(312.0M)->0.0B(308.0M) Survivors: 42.0M->45.0M Heap: 415.4M(2048.0M)->374.9M(2048.0M)]
 [Times: user=1.23 sys=0.00, real=0.17 secs] 
2020-09-29T12:33:38.211+0200: 45.568: [GC pause (G1 Evacuation Pause) (young), 0.1779093 secs]
   [Parallel Time: 176.7 ms, GC Workers: 8]
      [GC Worker Start (ms): Min: 45568.5, Avg: 45568.6, Max: 45568.7, Diff: 0.2]
      [Ext Root Scanning (ms): Min: 0.0, Avg: 0.1, Max: 0.2, Diff: 0.1, Sum: 0.5]
      [Update RS (ms): Min: 19.2, Avg: 19.3, Max: 19.4, Diff: 0.2, Sum: 154.5]
         [Processed Buffers: Min: 23, Avg: 24.5, Max: 27, Diff: 4, Sum: 196]
      [Scan RS (ms): Min: 16.6, Avg: 16.7, Max: 16.8, Diff: 0.2, Sum: 133.8]
      [Code Root Scanning (ms): Min: 0.0, Avg: 0.0, Max: 0.0, Diff: 0.0, Sum: 0.0]
      [Object Copy (ms): Min: 140.0, Avg: 140.1, Max: 140.4, Diff: 0.3, Sum: 1121.2]
      [Termination (ms): Min: 0.0, Avg: 0.3, Max: 0.3, Diff: 0.3, Sum: 2.2]
         [Termination Attempts: Min: 1, Avg: 2046.9, Max: 2630, Diff: 2629, Sum: 16375]
      [GC Worker Other (ms): Min: 0.0, Avg: 0.0, Max: 0.1, Diff: 0.0, Sum: 0.2]
      [GC Worker Total (ms): Min: 176.5, Avg: 176.5, Max: 176.6, Diff: 0.1, Sum: 1412.3]
      [GC Worker End (ms): Min: 45745.1, Avg: 45745.2, Max: 45745.2, Diff: 0.0]
   [Code Root Fixup: 0.0 ms]
   [Code Root Purge: 0.0 ms]
   [Clear CT: 0.2 ms]
   [Other: 1.0 ms]
      [Choose CSet: 0.0 ms]
      [Ref Proc: 0.1 ms]
      [Ref Enq: 0.0 ms]
      [Redirty Cards: 0.3 ms]
      [Humongous Register: 0.1 ms]
      [Humongous Reclaim: 0.0 ms]
      [Free CSet: 0.4 ms]
   [Eden: 308.0M(308.0M)->0.0B(300.0M) Survivors: 45.0M->45.0M Heap: 734.4M(2048.0M)->736.9M(2048.0M)]
 [Times: user=1.36 sys=0.02, real=0.18 secs] 
2020-09-29T12:33:38.554+0200: 45.912: [GC pause (G1 Evacuation Pause) (young), 0.1947177 secs]
   [Parallel Time: 193.6 ms, GC Workers: 8]
      [GC Worker Start (ms): Min: 45911.9, Avg: 45912.0, Max: 45912.1, Diff: 0.2]
      [Ext Root Scanning (ms): Min: 0.0, Avg: 0.0, Max: 0.2, Diff: 0.2, Sum: 0.4]
      [Update RS (ms): Min: 19.3, Avg: 19.4, Max: 19.8, Diff: 0.5, Sum: 155.4]
         [Processed Buffers: Min: 21, Avg: 22.6, Max: 24, Diff: 3, Sum: 181]
      [Scan RS (ms): Min: 18.9, Avg: 22.5, Max: 44.9, Diff: 26.0, Sum: 179.7]
      [Code Root Scanning (ms): Min: 0.0, Avg: 0.0, Max: 0.0, Diff: 0.0, Sum: 0.0]
      [Object Copy (ms): Min: 128.4, Avg: 150.7, Max: 154.5, Diff: 26.1, Sum: 1206.0]
      [Termination (ms): Min: 0.0, Avg: 0.5, Max: 0.8, Diff: 0.8, Sum: 4.1]
         [Termination Attempts: Min: 1, Avg: 3481.8, Max: 5147, Diff: 5146, Sum: 27854]
      [GC Worker Other (ms): Min: 0.0, Avg: 0.1, Max: 0.1, Diff: 0.1, Sum: 0.5]
      [GC Worker Total (ms): Min: 193.2, Avg: 193.3, Max: 193.4, Diff: 0.2, Sum: 1546.1]
      [GC Worker End (ms): Min: 46105.3, Avg: 46105.3, Max: 46105.3, Diff: 0.1]
   [Code Root Fixup: 0.0 ms]
   [Code Root Purge: 0.0 ms]
   [Clear CT: 0.2 ms]
   [Other: 0.9 ms]
      [Choose CSet: 0.0 ms]
      [Ref Proc: 0.1 ms]
      [Ref Enq: 0.0 ms]
      [Redirty Cards: 0.3 ms]
      [Humongous Register: 0.1 ms]
      [Humongous Reclaim: 0.0 ms]
      [Free CSet: 0.3 ms]
   [Eden: 300.0M(300.0M)->0.0B(279.0M) Survivors: 45.0M->44.0M Heap: 1086.5M(2048.0M)->1088.0M(2048.0M)]
 [Times: user=1.42 sys=0.01, real=0.20 secs] 
2020-09-29T12:33:38.757+0200: 46.114: [GC pause (G1 Humongous Allocation) (young) (initial-mark), 0.0632346 secs]
   [Parallel Time: 62.5 ms, GC Workers: 8]
      [GC Worker Start (ms): Min: 46114.4, Avg: 46114.5, Max: 46114.6, Diff: 0.2]
      [Ext Root Scanning (ms): Min: 0.0, Avg: 0.1, Max: 0.2, Diff: 0.2, Sum: 0.5]
      [Update RS (ms): Min: 39.2, Avg: 39.5, Max: 39.8, Diff: 0.6, Sum: 315.9]
         [Processed Buffers: Min: 47, Avg: 48.1, Max: 50, Diff: 3, Sum: 385]
      [Scan RS (ms): Min: 2.2, Avg: 2.6, Max: 2.9, Diff: 0.7, Sum: 20.5]
      [Code Root Scanning (ms): Min: 0.0, Avg: 0.0, Max: 0.0, Diff: 0.0, Sum: 0.0]
      [Object Copy (ms): Min: 20.1, Avg: 20.1, Max: 20.1, Diff: 0.1, Sum: 160.8]
      [Termination (ms): Min: 0.0, Avg: 0.0, Max: 0.0, Diff: 0.0, Sum: 0.0]
         [Termination Attempts: Min: 1, Avg: 35.0, Max: 56, Diff: 55, Sum: 280]
      [GC Worker Other (ms): Min: 0.0, Avg: 0.0, Max: 0.0, Diff: 0.0, Sum: 0.2]
      [GC Worker Total (ms): Min: 62.2, Avg: 62.2, Max: 62.4, Diff: 0.2, Sum: 497.9]
      [GC Worker End (ms): Min: 46176.7, Avg: 46176.7, Max: 46176.8, Diff: 0.0]
   [Code Root Fixup: 0.0 ms]
   [Code Root Purge: 0.0 ms]
   [Clear CT: 0.1 ms]
   [Other: 0.6 ms]
      [Choose CSet: 0.0 ms]
      [Ref Proc: 0.1 ms]
      [Ref Enq: 0.0 ms]
      [Redirty Cards: 0.2 ms]
      [Humongous Register: 0.0 ms]
      [Humongous Reclaim: 0.0 ms]
      [Free CSet: 0.1 ms]
   [Eden: 8192.0K(279.0M)->0.0B(321.0M) Survivors: 44.0M->9216.0K Heap: 1095.5M(2048.0M)->1098.5M(2048.0M)]
 [Times: user=0.50 sys=0.00, real=0.06 secs] 
2020-09-29T12:33:38.820+0200: 46.178: [GC concurrent-root-region-scan-start]
2020-09-29T12:33:38.822+0200: 46.179: [GC concurrent-root-region-scan-end, 0.0018217 secs]
2020-09-29T12:33:38.822+0200: 46.179: [GC concurrent-mark-start]
2020-09-29T12:33:38.825+0200: 46.183: [GC concurrent-mark-end, 0.0036903 secs]
2020-09-29T12:33:38.826+0200: 46.184: [GC remark 2020-09-29T12:33:38.826+0200: 46.184: [Finalize Marking, 0.0001988 secs] 2020-09-29T12:33:38.826+0200: 46.184: [GC ref-proc, 0.0003129 secs] 2020-09-29T12:33:38.826+0200: 46.184: [Unloading, 0.0004831 secs], 0.0013763 secs]
 [Times: user=0.00 sys=0.00, real=0.00 secs] 
2020-09-29T12:33:38.828+0200: 46.185: [GC cleanup 1111M->29M(2048M), 0.0015209 secs]
 [Times: user=0.00 sys=0.00, real=0.00 secs] 
2020-09-29T12:33:38.829+0200: 46.187: [GC concurrent-cleanup-start]
2020-09-29T12:33:38.831+0200: 46.189: [GC concurrent-cleanup-end, 0.0017285 secs]
2020-09-29T12:33:38.999+0200: 46.357: [GC pause (G1 Evacuation Pause) (young), 0.1892870 secs]
   [Parallel Time: 187.9 ms, GC Workers: 8]
      [GC Worker Start (ms): Min: 46357.3, Avg: 46357.4, Max: 46357.5, Diff: 0.2]
      [Ext Root Scanning (ms): Min: 0.0, Avg: 0.1, Max: 0.2, Diff: 0.2, Sum: 0.5]
      [Update RS (ms): Min: 19.1, Avg: 19.3, Max: 19.6, Diff: 0.5, Sum: 154.1]
         [Processed Buffers: Min: 19, Avg: 22.1, Max: 23, Diff: 4, Sum: 177]
      [Scan RS (ms): Min: 16.1, Avg: 16.5, Max: 16.8, Diff: 0.6, Sum: 132.3]
      [Code Root Scanning (ms): Min: 0.0, Avg: 0.0, Max: 0.0, Diff: 0.0, Sum: 0.0]
      [Object Copy (ms): Min: 150.3, Avg: 150.7, Max: 151.5, Diff: 1.3, Sum: 1205.6]
      [Termination (ms): Min: 0.0, Avg: 1.0, Max: 1.4, Diff: 1.4, Sum: 7.8]
         [Termination Attempts: Min: 1, Avg: 6034.5, Max: 8184, Diff: 8183, Sum: 48276]
      [GC Worker Other (ms): Min: 0.0, Avg: 0.0, Max: 0.1, Diff: 0.1, Sum: 0.4]
      [GC Worker Total (ms): Min: 187.5, Avg: 187.6, Max: 187.7, Diff: 0.2, Sum: 1500.7]
      [GC Worker End (ms): Min: 46545.0, Avg: 46545.0, Max: 46545.1, Diff: 0.1]
   [Code Root Fixup: 0.0 ms]
   [Code Root Purge: 0.0 ms]
   [Clear CT: 0.2 ms]
   [Other: 1.2 ms]
      [Choose CSet: 0.0 ms]
      [Ref Proc: 0.2 ms]
      [Ref Enq: 0.0 ms]
      [Redirty Cards: 0.4 ms]
      [Humongous Register: 0.0 ms]
      [Humongous Reclaim: 0.0 ms]
      [Free CSet: 0.3 ms]
   [Eden: 321.0M(321.0M)->0.0B(279.0M) Survivors: 9216.0K->42.0M Heap: 393.3M(2048.0M)->386.3M(2048.0M)]
 [Times: user=1.42 sys=0.05, real=0.19 secs] 
2020-09-29T12:33:39.337+0200: 46.695: [GC pause (G1 Evacuation Pause) (young), 0.1588242 secs]
   [Parallel Time: 157.6 ms, GC Workers: 8]
      [GC Worker Start (ms): Min: 46695.2, Avg: 46695.3, Max: 46695.3, Diff: 0.1]
      [Ext Root Scanning (ms): Min: 0.0, Avg: 0.1, Max: 0.1, Diff: 0.1, Sum: 0.5]
      [Update RS (ms): Min: 22.3, Avg: 22.5, Max: 22.7, Diff: 0.4, Sum: 180.1]
         [Processed Buffers: Min: 27, Avg: 27.8, Max: 29, Diff: 2, Sum: 222]
      [Scan RS (ms): Min: 11.6, Avg: 11.8, Max: 12.0, Diff: 0.5, Sum: 94.5]
      [Code Root Scanning (ms): Min: 0.0, Avg: 0.0, Max: 0.0, Diff: 0.0, Sum: 0.0]
      [Object Copy (ms): Min: 122.9, Avg: 123.0, Max: 123.1, Diff: 0.1, Sum: 984.2]
      [Termination (ms): Min: 0.0, Avg: 0.0, Max: 0.0, Diff: 0.0, Sum: 0.2]
         [Termination Attempts: Min: 1, Avg: 171.6, Max: 221, Diff: 220, Sum: 1373]
      [GC Worker Other (ms): Min: 0.0, Avg: 0.0, Max: 0.1, Diff: 0.0, Sum: 0.3]
      [GC Worker Total (ms): Min: 157.4, Avg: 157.5, Max: 157.6, Diff: 0.2, Sum: 1259.9]
      [GC Worker End (ms): Min: 46852.8, Avg: 46852.8, Max: 46852.8, Diff: 0.0]
   [Code Root Fixup: 0.0 ms]
   [Code Root Purge: 0.0 ms]
   [Clear CT: 0.3 ms]
   [Other: 0.9 ms]
      [Choose CSet: 0.0 ms]
      [Ref Proc: 0.2 ms]
      [Ref Enq: 0.0 ms]
      [Redirty Cards: 0.3 ms]
      [Humongous Register: 0.0 ms]
      [Humongous Reclaim: 0.0 ms]
      [Free CSet: 0.2 ms]
   [Eden: 279.0M(279.0M)->0.0B(292.0M) Survivors: 42.0M->41.0M Heap: 711.1M(2048.0M)->713.1M(2048.0M)]
 [Times: user=1.14 sys=0.02, real=0.16 secs] 
2020-09-29T12:33:39.650+0200: 47.008: [GC pause (G1 Evacuation Pause) (young), 0.1636306 secs]
   [Parallel Time: 162.5 ms, GC Workers: 8]
      [GC Worker Start (ms): Min: 47007.8, Avg: 47007.9, Max: 47008.0, Diff: 0.2]
      [Ext Root Scanning (ms): Min: 0.0, Avg: 0.1, Max: 0.2, Diff: 0.2, Sum: 0.5]
      [Update RS (ms): Min: 23.3, Avg: 23.3, Max: 23.5, Diff: 0.3, Sum: 186.7]
         [Processed Buffers: Min: 24, Avg: 24.6, Max: 26, Diff: 2, Sum: 197]
      [Scan RS (ms): Min: 17.4, Avg: 17.6, Max: 17.7, Diff: 0.3, Sum: 140.6]
      [Code Root Scanning (ms): Min: 0.0, Avg: 0.0, Max: 0.0, Diff: 0.0, Sum: 0.0]
      [Object Copy (ms): Min: 121.1, Avg: 121.3, Max: 121.3, Diff: 0.2, Sum: 970.0]
      [Termination (ms): Min: 0.0, Avg: 0.0, Max: 0.0, Diff: 0.0, Sum: 0.2]
         [Termination Attempts: Min: 1, Avg: 176.9, Max: 231, Diff: 230, Sum: 1415]
      [GC Worker Other (ms): Min: 0.0, Avg: 0.0, Max: 0.1, Diff: 0.1, Sum: 0.3]
      [GC Worker Total (ms): Min: 162.2, Avg: 162.3, Max: 162.4, Diff: 0.2, Sum: 1298.3]
      [GC Worker End (ms): Min: 47170.2, Avg: 47170.2, Max: 47170.3, Diff: 0.1]
   [Code Root Fixup: 0.0 ms]
   [Code Root Purge: 0.0 ms]
   [Clear CT: 0.2 ms]
   [Other: 1.0 ms]
      [Choose CSet: 0.0 ms]
      [Ref Proc: 0.1 ms]
      [Ref Enq: 0.0 ms]
      [Redirty Cards: 0.3 ms]
      [Humongous Register: 0.0 ms]
      [Humongous Reclaim: 0.0 ms]
      [Free CSet: 0.3 ms]
   [Eden: 292.0M(292.0M)->0.0B(294.0M) Survivors: 41.0M->42.0M Heap: 1052.8M(2048.0M)->1054.3M(2048.0M)]
 [Times: user=1.16 sys=0.09, real=0.16 secs] 
2020-09-29T12:33:39.821+0200: 47.179: [GC pause (G1 Humongous Allocation) (young) (initial-mark), 0.0665828 secs]
   [Parallel Time: 65.7 ms, GC Workers: 8]
      [GC Worker Start (ms): Min: 47179.2, Avg: 47179.3, Max: 47179.3, Diff: 0.1]
      [Ext Root Scanning (ms): Min: 0.0, Avg: 0.1, Max: 0.1, Diff: 0.1, Sum: 0.7]
      [Update RS (ms): Min: 36.5, Avg: 36.8, Max: 37.3, Diff: 0.8, Sum: 294.1]
         [Processed Buffers: Min: 31, Avg: 43.6, Max: 47, Diff: 16, Sum: 349]
      [Scan RS (ms): Min: 1.9, Avg: 2.5, Max: 2.7, Diff: 0.8, Sum: 19.7]
      [Code Root Scanning (ms): Min: 0.0, Avg: 0.0, Max: 0.0, Diff: 0.0, Sum: 0.0]
      [Object Copy (ms): Min: 26.1, Avg: 26.1, Max: 26.2, Diff: 0.1, Sum: 209.1]
      [Termination (ms): Min: 0.0, Avg: 0.1, Max: 0.1, Diff: 0.1, Sum: 0.5]
         [Termination Attempts: Min: 1, Avg: 153.1, Max: 217, Diff: 216, Sum: 1225]
      [GC Worker Other (ms): Min: 0.0, Avg: 0.0, Max: 0.0, Diff: 0.0, Sum: 0.1]
      [GC Worker Total (ms): Min: 65.5, Avg: 65.5, Max: 65.6, Diff: 0.1, Sum: 524.2]
      [GC Worker End (ms): Min: 47244.8, Avg: 47244.8, Max: 47244.8, Diff: 0.0]
   [Code Root Fixup: 0.0 ms]
   [Code Root Purge: 0.0 ms]
   [Clear CT: 0.2 ms]
   [Other: 0.7 ms]
      [Choose CSet: 0.0 ms]
      [Ref Proc: 0.2 ms]
      [Ref Enq: 0.0 ms]
      [Redirty Cards: 0.2 ms]
      [Humongous Register: 0.1 ms]
      [Humongous Reclaim: 0.0 ms]
      [Free CSet: 0.1 ms]
   [Eden: 1024.0K(294.0M)->0.0B(291.0M) Survivors: 42.0M->1024.0K Heap: 1055.3M(2048.0M)->1056.3M(2048.0M)]
 [Times: user=0.47 sys=0.00, real=0.07 secs] 
2020-09-29T12:33:39.888+0200: 47.246: [GC concurrent-root-region-scan-start]
2020-09-29T12:33:39.888+0200: 47.246: [GC concurrent-root-region-scan-end, 0.0005579 secs]
2020-09-29T12:33:39.888+0200: 47.246: [GC concurrent-mark-start]
2020-09-29T12:33:39.891+0200: 47.249: [GC concurrent-mark-end, 0.0029898 secs]
2020-09-29T12:33:39.891+0200: 47.249: [GC remark 2020-09-29T12:33:39.891+0200: 47.249: [Finalize Marking, 0.0002074 secs] 2020-09-29T12:33:39.891+0200: 47.250: [GC ref-proc, 0.0003001 secs] 2020-09-29T12:33:39.892+0200: 47.250: [Unloading, 0.0004422 secs], 0.0013924 secs]
 [Times: user=0.00 sys=0.00, real=0.00 secs] 
2020-09-29T12:33:39.893+0200: 47.251: [GC cleanup 1064M->16M(2048M), 0.0015548 secs]
 [Times: user=0.02 sys=0.02, real=0.00 secs] 
2020-09-29T12:33:39.895+0200: 47.253: [GC concurrent-cleanup-start]
2020-09-29T12:33:39.896+0200: 47.254: [GC concurrent-cleanup-end, 0.0013245 secs]
2020-09-29T12:33:40.044+0200: 47.402: [GC pause (G1 Evacuation Pause) (young), 0.1470391 secs]
   [Parallel Time: 145.7 ms, GC Workers: 8]
      [GC Worker Start (ms): Min: 47402.5, Avg: 47402.6, Max: 47402.7, Diff: 0.2]
      [Ext Root Scanning (ms): Min: 0.0, Avg: 0.1, Max: 0.1, Diff: 0.1, Sum: 0.4]
      [Update RS (ms): Min: 21.9, Avg: 22.2, Max: 22.6, Diff: 0.8, Sum: 177.4]
         [Processed Buffers: Min: 22, Avg: 23.9, Max: 27, Diff: 5, Sum: 191]
      [Scan RS (ms): Min: 14.0, Avg: 14.5, Max: 14.8, Diff: 0.8, Sum: 116.0]
      [Code Root Scanning (ms): Min: 0.0, Avg: 0.0, Max: 0.0, Diff: 0.0, Sum: 0.0]
      [Object Copy (ms): Min: 108.4, Avg: 108.6, Max: 108.7, Diff: 0.3, Sum: 869.0]
      [Termination (ms): Min: 0.0, Avg: 0.0, Max: 0.0, Diff: 0.0, Sum: 0.1]
         [Termination Attempts: Min: 1, Avg: 112.5, Max: 133, Diff: 132, Sum: 900]
      [GC Worker Other (ms): Min: 0.0, Avg: 0.1, Max: 0.1, Diff: 0.1, Sum: 0.5]
      [GC Worker Total (ms): Min: 145.3, Avg: 145.4, Max: 145.5, Diff: 0.2, Sum: 1163.5]
      [GC Worker End (ms): Min: 47548.0, Avg: 47548.1, Max: 47548.1, Diff: 0.1]
   [Code Root Fixup: 0.0 ms]
   [Code Root Purge: 0.0 ms]
   [Clear CT: 0.1 ms]
   [Other: 1.2 ms]
      [Choose CSet: 0.0 ms]
      [Ref Proc: 0.2 ms]
      [Ref Enq: 0.0 ms]
      [Redirty Cards: 0.5 ms]
      [Humongous Register: 0.0 ms]
      [Humongous Reclaim: 0.0 ms]
      [Free CSet: 0.2 ms]
   [Eden: 291.0M(291.0M)->0.0B(272.0M) Survivors: 1024.0K->37.0M Heap: 349.6M(2048.0M)->351.1M(2048.0M)]
 [Times: user=1.08 sys=0.05, real=0.15 secs] 
2020-09-29T12:33:40.354+0200: 47.711: [GC pause (G1 Evacuation Pause) (young), 0.1630489 secs]
   [Parallel Time: 161.8 ms, GC Workers: 8]
      [GC Worker Start (ms): Min: 47711.0, Avg: 47711.1, Max: 47711.2, Diff: 0.2]
      [Ext Root Scanning (ms): Min: 0.0, Avg: 0.1, Max: 0.2, Diff: 0.2, Sum: 0.5]
      [Update RS (ms): Min: 17.3, Avg: 17.4, Max: 17.5, Diff: 0.1, Sum: 139.2]
         [Processed Buffers: Min: 17, Avg: 18.4, Max: 21, Diff: 4, Sum: 147]
      [Scan RS (ms): Min: 18.0, Avg: 18.1, Max: 18.2, Diff: 0.3, Sum: 144.4]
      [Code Root Scanning (ms): Min: 0.0, Avg: 0.0, Max: 0.0, Diff: 0.0, Sum: 0.0]
      [Object Copy (ms): Min: 125.7, Avg: 125.8, Max: 126.0, Diff: 0.3, Sum: 1006.8]
      [Termination (ms): Min: 0.0, Avg: 0.1, Max: 0.1, Diff: 0.1, Sum: 0.9]
         [Termination Attempts: Min: 1, Avg: 766.3, Max: 927, Diff: 926, Sum: 6130]
      [GC Worker Other (ms): Min: 0.0, Avg: 0.0, Max: 0.1, Diff: 0.0, Sum: 0.3]
      [GC Worker Total (ms): Min: 161.4, Avg: 161.5, Max: 161.6, Diff: 0.2, Sum: 1292.1]
      [GC Worker End (ms): Min: 47872.6, Avg: 47872.7, Max: 47872.7, Diff: 0.0]
   [Code Root Fixup: 0.0 ms]
   [Code Root Purge: 0.0 ms]
   [Clear CT: 0.2 ms]
   [Other: 1.0 ms]
      [Choose CSet: 0.0 ms]
      [Ref Proc: 0.2 ms]
      [Ref Enq: 0.0 ms]
      [Redirty Cards: 0.2 ms]
      [Humongous Register: 0.0 ms]
      [Humongous Reclaim: 0.0 ms]
      [Free CSet: 0.3 ms]
   [Eden: 272.0M(272.0M)->0.0B(268.0M) Survivors: 37.0M->39.0M Heap: 668.9M(2048.0M)->670.9M(2048.0M)]
 [Times: user=1.25 sys=0.00, real=0.16 secs] 
2020-09-29T12:33:40.668+0200: 48.026: [GC pause (G1 Evacuation Pause) (young), 0.1455160 secs]
   [Parallel Time: 144.4 ms, GC Workers: 8]
      [GC Worker Start (ms): Min: 48026.1, Avg: 48026.2, Max: 48026.3, Diff: 0.2]
      [Ext Root Scanning (ms): Min: 0.0, Avg: 0.1, Max: 0.2, Diff: 0.2, Sum: 0.5]
      [Update RS (ms): Min: 20.0, Avg: 20.3, Max: 20.6, Diff: 0.6, Sum: 162.0]
         [Processed Buffers: Min: 23, Avg: 23.5, Max: 25, Diff: 2, Sum: 188]
      [Scan RS (ms): Min: 11.8, Avg: 12.2, Max: 12.6, Diff: 0.7, Sum: 97.7]
      [Code Root Scanning (ms): Min: 0.0, Avg: 0.0, Max: 0.0, Diff: 0.0, Sum: 0.0]
      [Object Copy (ms): Min: 111.4, Avg: 111.6, Max: 111.7, Diff: 0.2, Sum: 892.6]
      [Termination (ms): Min: 0.0, Avg: 0.0, Max: 0.0, Diff: 0.0, Sum: 0.2]
         [Termination Attempts: Min: 1, Avg: 163.1, Max: 202, Diff: 201, Sum: 1305]
      [GC Worker Other (ms): Min: 0.0, Avg: 0.0, Max: 0.0, Diff: 0.0, Sum: 0.2]
      [GC Worker Total (ms): Min: 144.1, Avg: 144.2, Max: 144.3, Diff: 0.2, Sum: 1153.2]
      [GC Worker End (ms): Min: 48170.4, Avg: 48170.4, Max: 48170.4, Diff: 0.0]
   [Code Root Fixup: 0.0 ms]
   [Code Root Purge: 0.0 ms]
   [Clear CT: 0.2 ms]
   [Other: 1.0 ms]
      [Choose CSet: 0.0 ms]
      [Ref Proc: 0.2 ms]
      [Ref Enq: 0.0 ms]
      [Redirty Cards: 0.3 ms]
      [Humongous Register: 0.1 ms]
      [Humongous Reclaim: 0.0 ms]
      [Free CSet: 0.3 ms]
   [Eden: 268.0M(268.0M)->0.0B(288.0M) Survivors: 39.0M->39.0M Heap: 982.7M(2048.0M)->984.2M(2048.0M)]
 [Times: user=1.13 sys=0.00, real=0.15 secs] 
2020-09-29T12:33:40.826+0200: 48.183: [GC pause (G1 Humongous Allocation) (young) (initial-mark), 0.0465017 secs]
   [Parallel Time: 45.6 ms, GC Workers: 8]
      [GC Worker Start (ms): Min: 48183.7, Avg: 48183.8, Max: 48183.9, Diff: 0.1]
      [Ext Root Scanning (ms): Min: 0.0, Avg: 0.1, Max: 0.2, Diff: 0.1, Sum: 0.7]
      [Update RS (ms): Min: 25.4, Avg: 25.6, Max: 26.2, Diff: 0.8, Sum: 204.8]
         [Processed Buffers: Min: 29, Avg: 32.1, Max: 36, Diff: 7, Sum: 257]
      [Scan RS (ms): Min: 1.7, Avg: 2.3, Max: 2.5, Diff: 0.8, Sum: 18.4]
      [Code Root Scanning (ms): Min: 0.0, Avg: 0.0, Max: 0.0, Diff: 0.0, Sum: 0.0]
      [Object Copy (ms): Min: 17.4, Avg: 17.4, Max: 17.4, Diff: 0.1, Sum: 139.3]
      [Termination (ms): Min: 0.0, Avg: 0.0, Max: 0.0, Diff: 0.0, Sum: 0.3]
         [Termination Attempts: Min: 1, Avg: 230.1, Max: 289, Diff: 288, Sum: 1841]
      [GC Worker Other (ms): Min: 0.0, Avg: 0.0, Max: 0.0, Diff: 0.0, Sum: 0.1]
      [GC Worker Total (ms): Min: 45.4, Avg: 45.4, Max: 45.5, Diff: 0.1, Sum: 363.6]
      [GC Worker End (ms): Min: 48229.2, Avg: 48229.2, Max: 48229.3, Diff: 0.0]
   [Code Root Fixup: 0.0 ms]
   [Code Root Purge: 0.0 ms]
   [Clear CT: 0.2 ms]
   [Other: 0.7 ms]
      [Choose CSet: 0.0 ms]
      [Ref Proc: 0.2 ms]
      [Ref Enq: 0.0 ms]
      [Redirty Cards: 0.2 ms]
      [Humongous Register: 0.1 ms]
      [Humongous Reclaim: 0.0 ms]
      [Free CSet: 0.0 ms]
   [Eden: 5120.0K(288.0M)->0.0B(347.0M) Survivors: 39.0M->7168.0K Heap: 988.7M(2048.0M)->993.7M(2048.0M)]
 [Times: user=0.38 sys=0.00, real=0.05 secs] 
2020-09-29T12:33:40.873+0200: 48.230: [GC concurrent-root-region-scan-start]
2020-09-29T12:33:40.874+0200: 48.231: [GC concurrent-root-region-scan-end, 0.0011932 secs]
2020-09-29T12:33:40.874+0200: 48.231: [GC concurrent-mark-start]
2020-09-29T12:33:40.877+0200: 48.234: [GC concurrent-mark-end, 0.0028152 secs]
2020-09-29T12:33:40.877+0200: 48.234: [GC remark 2020-09-29T12:33:40.877+0200: 48.234: [Finalize Marking, 0.0002135 secs] 2020-09-29T12:33:40.877+0200: 48.235: [GC ref-proc, 0.0003101 secs] 2020-09-29T12:33:40.878+0200: 48.235: [Unloading, 0.0004891 secs], 0.0014189 secs]
 [Times: user=0.00 sys=0.00, real=0.00 secs] 
2020-09-29T12:33:40.879+0200: 48.236: [GC cleanup 1004M->25M(2048M), 0.0014727 secs]
 [Times: user=0.05 sys=0.02, real=0.00 secs] 
2020-09-29T12:33:40.880+0200: 48.238: [GC concurrent-cleanup-start]
2020-09-29T12:33:40.882+0200: 48.239: [GC concurrent-cleanup-end, 0.0012584 secs]
2020-09-29T12:33:41.055+0200: 48.412: [GC pause (G1 Evacuation Pause) (young), 0.1675713 secs]
   [Parallel Time: 166.3 ms, GC Workers: 8]
      [GC Worker Start (ms): Min: 48412.6, Avg: 48412.7, Max: 48412.8, Diff: 0.2]
      [Ext Root Scanning (ms): Min: 0.0, Avg: 0.1, Max: 0.1, Diff: 0.1, Sum: 0.5]
      [Update RS (ms): Min: 11.2, Avg: 11.4, Max: 11.6, Diff: 0.4, Sum: 90.9]
         [Processed Buffers: Min: 14, Avg: 15.0, Max: 17, Diff: 3, Sum: 120]
      [Scan RS (ms): Min: 20.5, Avg: 20.8, Max: 21.1, Diff: 0.6, Sum: 166.3]
      [Code Root Scanning (ms): Min: 0.0, Avg: 0.0, Max: 0.0, Diff: 0.0, Sum: 0.0]
      [Object Copy (ms): Min: 133.5, Avg: 133.7, Max: 133.8, Diff: 0.3, Sum: 1069.7]
      [Termination (ms): Min: 0.0, Avg: 0.0, Max: 0.0, Diff: 0.0, Sum: 0.1]
         [Termination Attempts: Min: 1, Avg: 97.8, Max: 134, Diff: 133, Sum: 782]
      [GC Worker Other (ms): Min: 0.0, Avg: 0.0, Max: 0.1, Diff: 0.0, Sum: 0.4]
      [GC Worker Total (ms): Min: 165.9, Avg: 166.0, Max: 166.1, Diff: 0.2, Sum: 1327.9]
      [GC Worker End (ms): Min: 48578.7, Avg: 48578.7, Max: 48578.8, Diff: 0.0]
   [Code Root Fixup: 0.0 ms]
   [Code Root Purge: 0.0 ms]
   [Clear CT: 0.2 ms]
   [Other: 1.1 ms]
      [Choose CSet: 0.0 ms]
      [Ref Proc: 0.1 ms]
      [Ref Enq: 0.0 ms]
      [Redirty Cards: 0.5 ms]
      [Humongous Register: 0.0 ms]
      [Humongous Reclaim: 0.0 ms]
      [Free CSet: 0.2 ms]
   [Eden: 347.0M(347.0M)->0.0B(311.0M) Survivors: 7168.0K->45.0M Heap: 421.1M(2048.0M)->415.6M(2048.0M)]
 [Times: user=1.14 sys=0.08, real=0.17 secs] 
2020-09-29T12:33:41.395+0200: 48.752: [GC pause (G1 Evacuation Pause) (young), 0.1698787 secs]
   [Parallel Time: 168.7 ms, GC Workers: 8]
      [GC Worker Start (ms): Min: 48752.5, Avg: 48752.6, Max: 48752.6, Diff: 0.2]
      [Ext Root Scanning (ms): Min: 0.0, Avg: 0.1, Max: 0.2, Diff: 0.2, Sum: 0.5]
      [Update RS (ms): Min: 11.7, Avg: 11.8, Max: 12.1, Diff: 0.4, Sum: 94.4]
         [Processed Buffers: Min: 14, Avg: 15.4, Max: 16, Diff: 2, Sum: 123]
      [Scan RS (ms): Min: 19.3, Avg: 19.6, Max: 19.9, Diff: 0.5, Sum: 157.1]
      [Code Root Scanning (ms): Min: 0.0, Avg: 0.0, Max: 0.0, Diff: 0.0, Sum: 0.0]
      [Object Copy (ms): Min: 136.6, Avg: 136.8, Max: 137.1, Diff: 0.4, Sum: 1094.5]
      [Termination (ms): Min: 0.0, Avg: 0.2, Max: 0.3, Diff: 0.3, Sum: 1.4]
         [Termination Attempts: Min: 1, Avg: 1302.1, Max: 1939, Diff: 1938, Sum: 10417]
      [GC Worker Other (ms): Min: 0.0, Avg: 0.0, Max: 0.1, Diff: 0.1, Sum: 0.3]
      [GC Worker Total (ms): Min: 168.5, Avg: 168.5, Max: 168.6, Diff: 0.2, Sum: 1348.2]
      [GC Worker End (ms): Min: 48921.1, Avg: 48921.1, Max: 48921.1, Diff: 0.1]
   [Code Root Fixup: 0.0 ms]
   [Code Root Purge: 0.0 ms]
   [Clear CT: 0.2 ms]
   [Other: 0.9 ms]
      [Choose CSet: 0.0 ms]
      [Ref Proc: 0.1 ms]
      [Ref Enq: 0.0 ms]
      [Redirty Cards: 0.2 ms]
      [Humongous Register: 0.0 ms]
      [Humongous Reclaim: 0.0 ms]
      [Free CSet: 0.3 ms]
   [Eden: 311.0M(311.0M)->0.0B(307.0M) Survivors: 45.0M->45.0M Heap: 778.1M(2048.0M)->780.1M(2048.0M)]
 [Times: user=1.19 sys=0.03, real=0.17 secs] 
2020-09-29T12:33:41.738+0200: 49.096: [GC pause (G1 Evacuation Pause) (young), 0.1647314 secs]
   [Parallel Time: 163.7 ms, GC Workers: 8]
      [GC Worker Start (ms): Min: 49096.1, Avg: 49096.2, Max: 49096.3, Diff: 0.2]
      [Ext Root Scanning (ms): Min: 0.0, Avg: 0.1, Max: 0.2, Diff: 0.2, Sum: 0.6]
      [Update RS (ms): Min: 13.6, Avg: 13.7, Max: 14.3, Diff: 0.7, Sum: 110.0]
         [Processed Buffers: Min: 16, Avg: 17.8, Max: 19, Diff: 3, Sum: 142]
      [Scan RS (ms): Min: 17.9, Avg: 18.4, Max: 18.6, Diff: 0.7, Sum: 147.1]
      [Code Root Scanning (ms): Min: 0.0, Avg: 0.0, Max: 0.0, Diff: 0.0, Sum: 0.0]
      [Object Copy (ms): Min: 131.0, Avg: 131.2, Max: 131.3, Diff: 0.3, Sum: 1049.3]
      [Termination (ms): Min: 0.0, Avg: 0.1, Max: 0.1, Diff: 0.1, Sum: 0.6]
         [Termination Attempts: Min: 1, Avg: 511.1, Max: 605, Diff: 604, Sum: 4089]
      [GC Worker Other (ms): Min: 0.0, Avg: 0.0, Max: 0.1, Diff: 0.1, Sum: 0.3]
      [GC Worker Total (ms): Min: 163.4, Avg: 163.5, Max: 163.6, Diff: 0.2, Sum: 1308.0]
      [GC Worker End (ms): Min: 49259.7, Avg: 49259.7, Max: 49259.8, Diff: 0.1]
   [Code Root Fixup: 0.0 ms]
   [Code Root Purge: 0.0 ms]
   [Clear CT: 0.2 ms]
   [Other: 0.9 ms]
      [Choose CSet: 0.0 ms]
      [Ref Proc: 0.1 ms]
      [Ref Enq: 0.0 ms]
      [Redirty Cards: 0.2 ms]
      [Humongous Register: 0.1 ms]
      [Humongous Reclaim: 0.0 ms]
      [Free CSet: 0.3 ms]
   [Eden: 307.0M(307.0M)->0.0B(313.0M) Survivors: 45.0M->44.0M Heap: 1138.6M(2048.0M)->1141.1M(2048.0M)]
 [Times: user=1.20 sys=0.06, real=0.17 secs] 
2020-09-29T12:33:41.916+0200: 49.274: [GC pause (G1 Humongous Allocation) (young) (initial-mark), 0.0587170 secs]
   [Parallel Time: 57.9 ms, GC Workers: 8]
      [GC Worker Start (ms): Min: 49274.2, Avg: 49274.2, Max: 49274.3, Diff: 0.1]
      [Ext Root Scanning (ms): Min: 0.0, Avg: 0.1, Max: 0.1, Diff: 0.1, Sum: 0.7]
      [Update RS (ms): Min: 31.0, Avg: 31.2, Max: 31.3, Diff: 0.4, Sum: 249.3]
         [Processed Buffers: Min: 27, Avg: 37.1, Max: 41, Diff: 14, Sum: 297]
      [Scan RS (ms): Min: 2.7, Avg: 2.9, Max: 3.9, Diff: 1.2, Sum: 23.5]
      [Code Root Scanning (ms): Min: 0.0, Avg: 0.0, Max: 0.0, Diff: 0.0, Sum: 0.0]
      [Object Copy (ms): Min: 22.3, Avg: 23.5, Max: 23.7, Diff: 1.3, Sum: 187.7]
      [Termination (ms): Min: 0.0, Avg: 0.1, Max: 0.1, Diff: 0.1, Sum: 0.7]
         [Termination Attempts: Min: 1, Avg: 292.6, Max: 400, Diff: 399, Sum: 2341]
      [GC Worker Other (ms): Min: 0.0, Avg: 0.0, Max: 0.0, Diff: 0.0, Sum: 0.1]
      [GC Worker Total (ms): Min: 57.7, Avg: 57.7, Max: 57.8, Diff: 0.1, Sum: 461.9]
      [GC Worker End (ms): Min: 49332.0, Avg: 49332.0, Max: 49332.0, Diff: 0.1]
   [Code Root Fixup: 0.0 ms]
   [Code Root Purge: 0.0 ms]
   [Clear CT: 0.2 ms]
   [Other: 0.7 ms]
      [Choose CSet: 0.0 ms]
      [Ref Proc: 0.1 ms]
      [Ref Enq: 0.0 ms]
      [Redirty Cards: 0.2 ms]
      [Humongous Register: 0.1 ms]
      [Humongous Reclaim: 0.0 ms]
      [Free CSet: 0.1 ms]
   [Eden: 8192.0K(313.0M)->0.0B(339.0M) Survivors: 44.0M->10.0M Heap: 1149.1M(2048.0M)->1152.1M(2048.0M)]
 [Times: user=0.47 sys=0.00, real=0.06 secs] 
2020-09-29T12:33:41.975+0200: 49.333: [GC concurrent-root-region-scan-start]
2020-09-29T12:33:41.977+0200: 49.334: [GC concurrent-root-region-scan-end, 0.0015804 secs]
2020-09-29T12:33:41.977+0200: 49.334: [GC concurrent-mark-start]
2020-09-29T12:33:41.979+0200: 49.337: [GC concurrent-mark-end, 0.0026345 secs]
2020-09-29T12:33:41.980+0200: 49.337: [GC remark 2020-09-29T12:33:41.980+0200: 49.337: [Finalize Marking, 0.0001090 secs] 2020-09-29T12:33:41.980+0200: 49.338: [GC ref-proc, 0.0002554 secs] 2020-09-29T12:33:41.980+0200: 49.338: [Unloading, 0.0003933 secs], 0.0010371 secs]
 [Times: user=0.00 sys=0.00, real=0.00 secs] 
2020-09-29T12:33:41.981+0200: 49.339: [GC cleanup 1163M->28M(2048M), 0.0010240 secs]
 [Times: user=0.00 sys=0.00, real=0.00 secs] 
2020-09-29T12:33:41.982+0200: 49.340: [GC concurrent-cleanup-start]
2020-09-29T12:33:41.984+0200: 49.341: [GC concurrent-cleanup-end, 0.0016029 secs]
2020-09-29T12:33:42.158+0200: 49.515: [GC pause (G1 Evacuation Pause) (young), 0.1775606 secs]
   [Parallel Time: 176.6 ms, GC Workers: 8]
      [GC Worker Start (ms): Min: 49515.2, Avg: 49515.3, Max: 49515.3, Diff: 0.2]
      [Ext Root Scanning (ms): Min: 0.0, Avg: 0.1, Max: 0.1, Diff: 0.1, Sum: 0.5]
      [Update RS (ms): Min: 17.7, Avg: 17.9, Max: 18.2, Diff: 0.6, Sum: 142.9]
         [Processed Buffers: Min: 19, Avg: 20.0, Max: 23, Diff: 4, Sum: 160]
      [Scan RS (ms): Min: 17.6, Avg: 18.1, Max: 18.4, Diff: 0.8, Sum: 144.5]
      [Code Root Scanning (ms): Min: 0.0, Avg: 0.0, Max: 0.0, Diff: 0.0, Sum: 0.0]
      [Object Copy (ms): Min: 139.6, Avg: 140.0, Max: 140.4, Diff: 0.8, Sum: 1119.9]
      [Termination (ms): Min: 0.0, Avg: 0.3, Max: 0.5, Diff: 0.5, Sum: 2.5]
         [Termination Attempts: Min: 1, Avg: 2198.4, Max: 3391, Diff: 3390, Sum: 17587]
      [GC Worker Other (ms): Min: 0.1, Avg: 0.1, Max: 0.1, Diff: 0.1, Sum: 0.8]
      [GC Worker Total (ms): Min: 176.3, Avg: 176.4, Max: 176.5, Diff: 0.2, Sum: 1411.2]
      [GC Worker End (ms): Min: 49691.6, Avg: 49691.7, Max: 49691.7, Diff: 0.1]
   [Code Root Fixup: 0.0 ms]
   [Code Root Purge: 0.0 ms]
   [Clear CT: 0.2 ms]
   [Other: 0.8 ms]
      [Choose CSet: 0.0 ms]
      [Ref Proc: 0.2 ms]
      [Ref Enq: 0.0 ms]
      [Redirty Cards: 0.2 ms]
      [Humongous Register: 0.0 ms]
      [Humongous Reclaim: 0.0 ms]
      [Free CSet: 0.2 ms]
   [Eden: 339.0M(339.0M)->0.0B(305.0M) Survivors: 10.0M->44.0M Heap: 413.7M(2048.0M)->405.7M(2048.0M)]
 [Times: user=1.47 sys=0.03, real=0.18 secs] 
2020-09-29T12:33:42.504+0200: 49.862: [GC pause (G1 Evacuation Pause) (young), 0.1746216 secs]
   [Parallel Time: 173.4 ms, GC Workers: 8]
      [GC Worker Start (ms): Min: 49861.8, Avg: 49861.8, Max: 49861.9, Diff: 0.2]
      [Ext Root Scanning (ms): Min: 0.0, Avg: 0.1, Max: 0.1, Diff: 0.1, Sum: 0.6]
      [Update RS (ms): Min: 18.8, Avg: 18.9, Max: 19.5, Diff: 0.7, Sum: 151.5]
         [Processed Buffers: Min: 18, Avg: 22.9, Max: 25, Diff: 7, Sum: 183]
      [Scan RS (ms): Min: 16.1, Avg: 16.7, Max: 16.9, Diff: 0.8, Sum: 133.3]
      [Code Root Scanning (ms): Min: 0.0, Avg: 0.0, Max: 0.0, Diff: 0.0, Sum: 0.0]
      [Object Copy (ms): Min: 137.3, Avg: 137.4, Max: 137.5, Diff: 0.2, Sum: 1099.2]
      [Termination (ms): Min: 0.0, Avg: 0.0, Max: 0.1, Diff: 0.1, Sum: 0.4]
         [Termination Attempts: Min: 1, Avg: 315.1, Max: 424, Diff: 423, Sum: 2521]
      [GC Worker Other (ms): Min: 0.0, Avg: 0.0, Max: 0.1, Diff: 0.1, Sum: 0.3]
      [GC Worker Total (ms): Min: 173.1, Avg: 173.2, Max: 173.3, Diff: 0.1, Sum: 1385.4]
      [GC Worker End (ms): Min: 50035.0, Avg: 50035.0, Max: 50035.0, Diff: 0.1]
   [Code Root Fixup: 0.0 ms]
   [Code Root Purge: 0.0 ms]
   [Clear CT: 0.3 ms]
   [Other: 1.0 ms]
      [Choose CSet: 0.0 ms]
      [Ref Proc: 0.2 ms]
      [Ref Enq: 0.0 ms]
      [Redirty Cards: 0.3 ms]
      [Humongous Register: 0.1 ms]
      [Humongous Reclaim: 0.0 ms]
      [Free CSet: 0.2 ms]
   [Eden: 305.0M(305.0M)->0.0B(304.0M) Survivors: 44.0M->44.0M Heap: 762.2M(2048.0M)->763.7M(2048.0M)]
 [Times: user=1.34 sys=0.05, real=0.17 secs] 
2020-09-29T12:33:42.860+0200: 50.217: [GC pause (G1 Evacuation Pause) (young), 0.1806626 secs]
   [Parallel Time: 179.5 ms, GC Workers: 8]
      [GC Worker Start (ms): Min: 50217.6, Avg: 50217.7, Max: 50217.7, Diff: 0.1]
      [Ext Root Scanning (ms): Min: 0.0, Avg: 0.1, Max: 0.1, Diff: 0.1, Sum: 0.4]
      [Update RS (ms): Min: 23.8, Avg: 24.0, Max: 24.4, Diff: 0.6, Sum: 191.9]
         [Processed Buffers: Min: 25, Avg: 25.8, Max: 26, Diff: 1, Sum: 206]
      [Scan RS (ms): Min: 16.7, Avg: 17.2, Max: 17.3, Diff: 0.6, Sum: 137.2]
      [Code Root Scanning (ms): Min: 0.0, Avg: 0.0, Max: 0.0, Diff: 0.0, Sum: 0.0]
      [Object Copy (ms): Min: 137.8, Avg: 138.0, Max: 138.1, Diff: 0.3, Sum: 1103.8]
      [Termination (ms): Min: 0.0, Avg: 0.1, Max: 0.1, Diff: 0.1, Sum: 0.7]
         [Termination Attempts: Min: 1, Avg: 601.3, Max: 815, Diff: 814, Sum: 4810]
      [GC Worker Other (ms): Min: 0.0, Avg: 0.0, Max: 0.1, Diff: 0.1, Sum: 0.3]
      [GC Worker Total (ms): Min: 179.2, Avg: 179.3, Max: 179.4, Diff: 0.1, Sum: 1434.4]
      [GC Worker End (ms): Min: 50396.9, Avg: 50397.0, Max: 50397.0, Diff: 0.1]
   [Code Root Fixup: 0.0 ms]
   [Code Root Purge: 0.0 ms]
   [Clear CT: 0.2 ms]
   [Other: 0.9 ms]
      [Choose CSet: 0.0 ms]
      [Ref Proc: 0.3 ms]
      [Ref Enq: 0.0 ms]
      [Redirty Cards: 0.3 ms]
      [Humongous Register: 0.1 ms]
      [Humongous Reclaim: 0.0 ms]
      [Free CSet: 0.2 ms]
   [Eden: 304.0M(304.0M)->0.0B(298.0M) Survivors: 44.0M->44.0M Heap: 1117.3M(2048.0M)->1119.3M(2048.0M)]
 [Times: user=1.47 sys=0.01, real=0.18 secs] 
2020-09-29T12:33:43.050+0200: 50.408: [GC pause (G1 Humongous Allocation) (young) (initial-mark), 0.0533397 secs]
   [Parallel Time: 52.5 ms, GC Workers: 8]
      [GC Worker Start (ms): Min: 50407.7, Avg: 50407.7, Max: 50407.7, Diff: 0.1]
      [Ext Root Scanning (ms): Min: 0.0, Avg: 0.1, Max: 0.1, Diff: 0.1, Sum: 0.6]
      [Update RS (ms): Min: 32.3, Avg: 32.5, Max: 32.7, Diff: 0.4, Sum: 259.8]
         [Processed Buffers: Min: 39, Avg: 41.4, Max: 43, Diff: 4, Sum: 331]
      [Scan RS (ms): Min: 2.3, Avg: 2.6, Max: 2.8, Diff: 0.5, Sum: 20.6]
      [Code Root Scanning (ms): Min: 0.0, Avg: 0.0, Max: 0.0, Diff: 0.0, Sum: 0.0]
      [Object Copy (ms): Min: 17.2, Avg: 17.2, Max: 17.3, Diff: 0.1, Sum: 137.9]
      [Termination (ms): Min: 0.0, Avg: 0.0, Max: 0.0, Diff: 0.0, Sum: 0.0]
         [Termination Attempts: Min: 1, Avg: 31.0, Max: 41, Diff: 40, Sum: 248]
      [GC Worker Other (ms): Min: 0.0, Avg: 0.0, Max: 0.1, Diff: 0.0, Sum: 0.2]
      [GC Worker Total (ms): Min: 52.3, Avg: 52.4, Max: 52.4, Diff: 0.1, Sum: 419.2]
      [GC Worker End (ms): Min: 50460.1, Avg: 50460.1, Max: 50460.1, Diff: 0.0]
   [Code Root Fixup: 0.0 ms]
   [Code Root Purge: 0.0 ms]
   [Clear CT: 0.2 ms]
   [Other: 0.6 ms]
      [Choose CSet: 0.0 ms]
      [Ref Proc: 0.2 ms]
      [Ref Enq: 0.0 ms]
      [Redirty Cards: 0.2 ms]
      [Humongous Register: 0.0 ms]
      [Humongous Reclaim: 0.0 ms]
      [Free CSet: 0.1 ms]
   [Eden: 2048.0K(298.0M)->0.0B(353.0M) Survivors: 44.0M->5120.0K Heap: 1121.3M(2048.0M)->1126.3M(2048.0M)]
 [Times: user=0.50 sys=0.00, real=0.05 secs] 
2020-09-29T12:33:43.103+0200: 50.461: [GC concurrent-root-region-scan-start]
2020-09-29T12:33:43.104+0200: 50.462: [GC concurrent-root-region-scan-end, 0.0011451 secs]
2020-09-29T12:33:43.104+0200: 50.462: [GC concurrent-mark-start]
2020-09-29T12:33:43.108+0200: 50.466: [GC concurrent-mark-end, 0.0035174 secs]
2020-09-29T12:33:43.108+0200: 50.466: [GC remark 2020-09-29T12:33:43.108+0200: 50.466: [Finalize Marking, 0.0001363 secs] 2020-09-29T12:33:43.108+0200: 50.466: [GC ref-proc, 0.0003599 secs] 2020-09-29T12:33:43.109+0200: 50.466: [Unloading, 0.0005970 secs], 0.0029866 secs]
 [Times: user=0.00 sys=0.00, real=0.00 secs] 
2020-09-29T12:33:43.111+0200: 50.469: [GC cleanup 1138M->24M(2048M), 0.0012117 secs]
 [Times: user=0.00 sys=0.00, real=0.00 secs] 
2020-09-29T12:33:43.113+0200: 50.470: [GC concurrent-cleanup-start]
2020-09-29T12:33:43.114+0200: 50.472: [GC concurrent-cleanup-end, 0.0014937 secs]
2020-09-29T12:33:43.291+0200: 50.648: [GC pause (G1 Evacuation Pause) (young), 0.1680145 secs]
   [Parallel Time: 166.5 ms, GC Workers: 8]
      [GC Worker Start (ms): Min: 50648.6, Avg: 50648.7, Max: 50648.8, Diff: 0.2]
      [Ext Root Scanning (ms): Min: 0.0, Avg: 0.1, Max: 0.2, Diff: 0.2, Sum: 0.5]
      [Update RS (ms): Min: 14.7, Avg: 15.0, Max: 15.4, Diff: 0.6, Sum: 119.9]
         [Processed Buffers: Min: 15, Avg: 16.1, Max: 18, Diff: 3, Sum: 129]
      [Scan RS (ms): Min: 21.1, Avg: 21.5, Max: 21.8, Diff: 0.8, Sum: 171.8]
      [Code Root Scanning (ms): Min: 0.0, Avg: 0.0, Max: 0.0, Diff: 0.0, Sum: 0.0]
      [Object Copy (ms): Min: 129.6, Avg: 129.7, Max: 129.8, Diff: 0.2, Sum: 1037.7]
      [Termination (ms): Min: 0.0, Avg: 0.0, Max: 0.0, Diff: 0.0, Sum: 0.1]
         [Termination Attempts: Min: 1, Avg: 104.4, Max: 131, Diff: 130, Sum: 835]
      [GC Worker Other (ms): Min: 0.0, Avg: 0.0, Max: 0.1, Diff: 0.0, Sum: 0.3]
      [GC Worker Total (ms): Min: 166.2, Avg: 166.3, Max: 166.4, Diff: 0.2, Sum: 1330.4]
      [GC Worker End (ms): Min: 50815.0, Avg: 50815.0, Max: 50815.0, Diff: 0.0]
   [Code Root Fixup: 0.0 ms]
   [Code Root Purge: 0.0 ms]
   [Clear CT: 0.2 ms]
   [Other: 1.3 ms]
      [Choose CSet: 0.0 ms]
      [Ref Proc: 0.2 ms]
      [Ref Enq: 0.0 ms]
      [Redirty Cards: 0.6 ms]
      [Humongous Register: 0.0 ms]
      [Humongous Reclaim: 0.0 ms]
      [Free CSet: 0.2 ms]
   [Eden: 353.0M(353.0M)->0.0B(317.0M) Survivors: 5120.0K->45.0M Heap: 425.1M(2048.0M)->422.6M(2048.0M)]
 [Times: user=1.25 sys=0.00, real=0.17 secs] 
2020-09-29T12:33:43.635+0200: 50.993: [GC pause (G1 Evacuation Pause) (young), 0.1868756 secs]
   [Parallel Time: 185.6 ms, GC Workers: 8]
      [GC Worker Start (ms): Min: 50992.7, Avg: 50992.8, Max: 50992.9, Diff: 0.2]
      [Ext Root Scanning (ms): Min: 0.0, Avg: 0.1, Max: 0.2, Diff: 0.2, Sum: 0.5]
      [Update RS (ms): Min: 15.2, Avg: 15.5, Max: 15.9, Diff: 0.7, Sum: 124.3]
         [Processed Buffers: Min: 18, Avg: 19.5, Max: 21, Diff: 3, Sum: 156]
      [Scan RS (ms): Min: 18.0, Avg: 18.4, Max: 18.7, Diff: 0.7, Sum: 147.1]
      [Code Root Scanning (ms): Min: 0.0, Avg: 0.0, Max: 0.0, Diff: 0.0, Sum: 0.0]
      [Object Copy (ms): Min: 150.6, Avg: 150.8, Max: 151.2, Diff: 0.6, Sum: 1206.3]
      [Termination (ms): Min: 0.0, Avg: 0.5, Max: 0.6, Diff: 0.6, Sum: 4.0]
         [Termination Attempts: Min: 1, Avg: 3303.6, Max: 4124, Diff: 4123, Sum: 26429]
      [GC Worker Other (ms): Min: 0.0, Avg: 0.1, Max: 0.1, Diff: 0.1, Sum: 0.5]
      [GC Worker Total (ms): Min: 185.3, Avg: 185.3, Max: 185.4, Diff: 0.1, Sum: 1482.7]
      [GC Worker End (ms): Min: 51178.1, Avg: 51178.1, Max: 51178.2, Diff: 0.1]
   [Code Root Fixup: 0.0 ms]
   [Code Root Purge: 0.0 ms]
   [Clear CT: 0.2 ms]
   [Other: 1.1 ms]
      [Choose CSet: 0.0 ms]
      [Ref Proc: 0.2 ms]
      [Ref Enq: 0.0 ms]
      [Redirty Cards: 0.3 ms]
      [Humongous Register: 0.0 ms]
      [Humongous Reclaim: 0.0 ms]
      [Free CSet: 0.4 ms]
   [Eden: 317.0M(317.0M)->0.0B(302.0M) Survivors: 45.0M->46.0M Heap: 793.0M(2048.0M)->795.5M(2048.0M)]
 [Times: user=1.50 sys=0.00, real=0.19 secs] 
2020-09-29T12:33:43.988+0200: 51.345: [GC pause (G1 Evacuation Pause) (young), 0.1664798 secs]
   [Parallel Time: 165.1 ms, GC Workers: 8]
      [GC Worker Start (ms): Min: 51345.5, Avg: 51345.5, Max: 51345.6, Diff: 0.1]
      [Ext Root Scanning (ms): Min: 0.0, Avg: 0.1, Max: 0.1, Diff: 0.1, Sum: 0.6]
      [Update RS (ms): Min: 19.4, Avg: 19.6, Max: 19.7, Diff: 0.3, Sum: 156.5]
         [Processed Buffers: Min: 22, Avg: 23.3, Max: 25, Diff: 3, Sum: 186]
      [Scan RS (ms): Min: 15.3, Avg: 15.5, Max: 15.8, Diff: 0.5, Sum: 123.9]
      [Code Root Scanning (ms): Min: 0.0, Avg: 0.0, Max: 0.0, Diff: 0.0, Sum: 0.0]
      [Object Copy (ms): Min: 129.5, Avg: 129.7, Max: 129.7, Diff: 0.2, Sum: 1037.2]
      [Termination (ms): Min: 0.0, Avg: 0.0, Max: 0.1, Diff: 0.1, Sum: 0.4]
         [Termination Attempts: Min: 1, Avg: 314.0, Max: 451, Diff: 450, Sum: 2512]
      [GC Worker Other (ms): Min: 0.0, Avg: 0.0, Max: 0.1, Diff: 0.1, Sum: 0.4]
      [GC Worker Total (ms): Min: 164.8, Avg: 164.9, Max: 165.0, Diff: 0.2, Sum: 1319.0]
      [GC Worker End (ms): Min: 51510.4, Avg: 51510.4, Max: 51510.4, Diff: 0.1]
   [Code Root Fixup: 0.0 ms]
   [Code Root Purge: 0.0 ms]
   [Clear CT: 0.4 ms]
   [Other: 1.0 ms]
      [Choose CSet: 0.0 ms]
      [Ref Proc: 0.2 ms]
      [Ref Enq: 0.0 ms]
      [Redirty Cards: 0.3 ms]
      [Humongous Register: 0.1 ms]
      [Humongous Reclaim: 0.0 ms]
      [Free CSet: 0.3 ms]
   [Eden: 302.0M(302.0M)->0.0B(311.0M) Survivors: 46.0M->44.0M Heap: 1147.1M(2048.0M)->1148.6M(2048.0M)]
 [Times: user=1.38 sys=0.00, real=0.17 secs] 
2020-09-29T12:33:44.163+0200: 51.520: [GC pause (G1 Humongous Allocation) (young) (initial-mark), 0.0566911 secs]
   [Parallel Time: 54.8 ms, GC Workers: 8]
      [GC Worker Start (ms): Min: 51520.6, Avg: 51520.6, Max: 51520.7, Diff: 0.1]
      [Ext Root Scanning (ms): Min: 0.0, Avg: 0.1, Max: 0.2, Diff: 0.1, Sum: 0.7]
      [Update RS (ms): Min: 34.6, Avg: 34.8, Max: 35.0, Diff: 0.4, Sum: 278.0]
         [Processed Buffers: Min: 41, Avg: 44.1, Max: 48, Diff: 7, Sum: 353]
      [Scan RS (ms): Min: 2.3, Avg: 2.5, Max: 2.8, Diff: 0.4, Sum: 20.4]
      [Code Root Scanning (ms): Min: 0.0, Avg: 0.0, Max: 0.0, Diff: 0.0, Sum: 0.0]
      [Object Copy (ms): Min: 17.1, Avg: 17.2, Max: 17.2, Diff: 0.1, Sum: 137.4]
      [Termination (ms): Min: 0.0, Avg: 0.0, Max: 0.0, Diff: 0.0, Sum: 0.0]
         [Termination Attempts: Min: 1, Avg: 15.9, Max: 23, Diff: 22, Sum: 127]
      [GC Worker Other (ms): Min: 0.0, Avg: 0.0, Max: 0.0, Diff: 0.0, Sum: 0.1]
      [GC Worker Total (ms): Min: 54.5, Avg: 54.6, Max: 54.7, Diff: 0.1, Sum: 436.6]
      [GC Worker End (ms): Min: 51575.2, Avg: 51575.2, Max: 51575.3, Diff: 0.0]
   [Code Root Fixup: 0.0 ms]
   [Code Root Purge: 0.0 ms]
   [Clear CT: 1.0 ms]
   [Other: 0.9 ms]
      [Choose CSet: 0.0 ms]
      [Ref Proc: 0.4 ms]
      [Ref Enq: 0.0 ms]
      [Redirty Cards: 0.2 ms]
      [Humongous Register: 0.0 ms]
      [Humongous Reclaim: 0.0 ms]
      [Free CSet: 0.1 ms]
   [Eden: 1024.0K(311.0M)->0.0B(343.0M) Survivors: 44.0M->4096.0K Heap: 1149.6M(2048.0M)->1155.1M(2048.0M)]
 [Times: user=0.36 sys=0.02, real=0.06 secs] 
2020-09-29T12:33:44.219+0200: 51.577: [GC concurrent-root-region-scan-start]
2020-09-29T12:33:44.220+0200: 51.578: [GC concurrent-root-region-scan-end, 0.0004455 secs]
2020-09-29T12:33:44.220+0200: 51.578: [GC concurrent-mark-start]
2020-09-29T12:33:44.223+0200: 51.580: [GC concurrent-mark-end, 0.0027638 secs]
2020-09-29T12:33:44.223+0200: 51.581: [GC remark 2020-09-29T12:33:44.223+0200: 51.581: [Finalize Marking, 0.0002006 secs] 2020-09-29T12:33:44.223+0200: 51.581: [GC ref-proc, 0.0002716 secs] 2020-09-29T12:33:44.223+0200: 51.581: [Unloading, 0.0004270 secs], 0.0012170 secs]
 [Times: user=0.00 sys=0.00, real=0.00 secs] 
2020-09-29T12:33:44.224+0200: 51.582: [GC cleanup 1163M->19M(2048M), 0.0012277 secs]
 [Times: user=0.00 sys=0.00, real=0.00 secs] 
2020-09-29T12:33:44.226+0200: 51.583: [GC concurrent-cleanup-start]
2020-09-29T12:33:44.227+0200: 51.585: [GC concurrent-cleanup-end, 0.0014751 secs]
2020-09-29T12:33:44.431+0200: 51.789: [GC pause (G1 Evacuation Pause) (young), 0.2002460 secs]
   [Parallel Time: 199.1 ms, GC Workers: 8]
      [GC Worker Start (ms): Min: 51788.9, Avg: 51789.0, Max: 51789.1, Diff: 0.1]
      [Ext Root Scanning (ms): Min: 0.0, Avg: 0.1, Max: 0.1, Diff: 0.1, Sum: 0.5]
      [Update RS (ms): Min: 17.0, Avg: 17.1, Max: 17.3, Diff: 0.4, Sum: 136.7]
         [Processed Buffers: Min: 20, Avg: 20.4, Max: 22, Diff: 2, Sum: 163]
      [Scan RS (ms): Min: 16.4, Avg: 17.4, Max: 23.3, Diff: 6.9, Sum: 139.3]
      [Code Root Scanning (ms): Min: 0.0, Avg: 0.0, Max: 0.0, Diff: 0.0, Sum: 0.0]
      [Object Copy (ms): Min: 158.5, Avg: 164.3, Max: 165.2, Diff: 6.7, Sum: 1314.2]
      [Termination (ms): Min: 0.0, Avg: 0.1, Max: 0.1, Diff: 0.1, Sum: 0.4]
         [Termination Attempts: Min: 1, Avg: 103.5, Max: 194, Diff: 193, Sum: 828]
      [GC Worker Other (ms): Min: 0.0, Avg: 0.0, Max: 0.1, Diff: 0.1, Sum: 0.4]
      [GC Worker Total (ms): Min: 198.9, Avg: 199.0, Max: 199.0, Diff: 0.1, Sum: 1591.6]
      [GC Worker End (ms): Min: 51987.9, Avg: 51988.0, Max: 51988.0, Diff: 0.1]
   [Code Root Fixup: 0.0 ms]
   [Code Root Purge: 0.0 ms]
   [Clear CT: 0.2 ms]
   [Other: 1.0 ms]
      [Choose CSet: 0.0 ms]
      [Ref Proc: 0.1 ms]
      [Ref Enq: 0.0 ms]
      [Redirty Cards: 0.2 ms]
      [Humongous Register: 0.0 ms]
      [Humongous Reclaim: 0.0 ms]
      [Free CSet: 0.3 ms]
   [Eden: 343.0M(343.0M)->0.0B(294.0M) Survivors: 4096.0K->44.0M Heap: 412.2M(2048.0M)->410.2M(2048.0M)]
 [Times: user=1.38 sys=0.05, real=0.20 secs] 
2020-09-29T12:33:44.816+0200: 52.174: [GC pause (G1 Evacuation Pause) (young), 0.1597055 secs]
   [Parallel Time: 158.5 ms, GC Workers: 8]
      [GC Worker Start (ms): Min: 52174.4, Avg: 52174.5, Max: 52174.6, Diff: 0.2]
      [Ext Root Scanning (ms): Min: 0.0, Avg: 0.1, Max: 0.2, Diff: 0.2, Sum: 0.5]
      [Update RS (ms): Min: 20.3, Avg: 20.4, Max: 20.6, Diff: 0.3, Sum: 163.1]
         [Processed Buffers: Min: 23, Avg: 24.5, Max: 27, Diff: 4, Sum: 196]
      [Scan RS (ms): Min: 13.9, Avg: 14.0, Max: 14.1, Diff: 0.2, Sum: 112.1]
      [Code Root Scanning (ms): Min: 0.0, Avg: 0.0, Max: 0.0, Diff: 0.0, Sum: 0.0]
      [Object Copy (ms): Min: 123.6, Avg: 123.7, Max: 123.8, Diff: 0.2, Sum: 989.8]
      [Termination (ms): Min: 0.0, Avg: 0.0, Max: 0.0, Diff: 0.0, Sum: 0.1]
         [Termination Attempts: Min: 1, Avg: 82.6, Max: 122, Diff: 121, Sum: 661]
      [GC Worker Other (ms): Min: 0.0, Avg: 0.1, Max: 0.1, Diff: 0.1, Sum: 0.6]
      [GC Worker Total (ms): Min: 158.2, Avg: 158.3, Max: 158.4, Diff: 0.2, Sum: 1266.2]
      [GC Worker End (ms): Min: 52332.7, Avg: 52332.8, Max: 52332.8, Diff: 0.1]
   [Code Root Fixup: 0.0 ms]
   [Code Root Purge: 0.0 ms]
   [Clear CT: 0.2 ms]
   [Other: 1.0 ms]
      [Choose CSet: 0.0 ms]
      [Ref Proc: 0.1 ms]
      [Ref Enq: 0.0 ms]
      [Redirty Cards: 0.3 ms]
      [Humongous Register: 0.1 ms]
      [Humongous Reclaim: 0.0 ms]
      [Free CSet: 0.3 ms]
   [Eden: 294.0M(294.0M)->0.0B(304.0M) Survivors: 44.0M->43.0M Heap: 753.8M(2048.0M)->755.8M(2048.0M)]
 [Times: user=1.19 sys=0.08, real=0.16 secs] 
2020-09-29T12:33:45.155+0200: 52.512: [GC pause (G1 Evacuation Pause) (young), 0.1660965 secs]
   [Parallel Time: 165.1 ms, GC Workers: 8]
      [GC Worker Start (ms): Min: 52512.2, Avg: 52512.3, Max: 52512.3, Diff: 0.1]
      [Ext Root Scanning (ms): Min: 0.0, Avg: 0.1, Max: 0.1, Diff: 0.1, Sum: 0.6]
      [Update RS (ms): Min: 22.3, Avg: 22.4, Max: 22.5, Diff: 0.2, Sum: 179.1]
         [Processed Buffers: Min: 23, Avg: 24.5, Max: 26, Diff: 3, Sum: 196]
      [Scan RS (ms): Min: 16.9, Avg: 17.0, Max: 17.2, Diff: 0.2, Sum: 136.2]
      [Code Root Scanning (ms): Min: 0.0, Avg: 0.0, Max: 0.0, Diff: 0.0, Sum: 0.0]
      [Object Copy (ms): Min: 125.3, Avg: 125.4, Max: 125.5, Diff: 0.2, Sum: 1003.4]
      [Termination (ms): Min: 0.0, Avg: 0.0, Max: 0.0, Diff: 0.0, Sum: 0.0]
         [Termination Attempts: Min: 1, Avg: 29.8, Max: 40, Diff: 39, Sum: 238]
      [GC Worker Other (ms): Min: 0.0, Avg: 0.0, Max: 0.1, Diff: 0.1, Sum: 0.4]
      [GC Worker Total (ms): Min: 164.9, Avg: 165.0, Max: 165.1, Diff: 0.2, Sum: 1319.7]
      [GC Worker End (ms): Min: 52677.2, Avg: 52677.2, Max: 52677.3, Diff: 0.1]
   [Code Root Fixup: 0.0 ms]
   [Code Root Purge: 0.0 ms]
   [Clear CT: 0.2 ms]
   [Other: 0.8 ms]
      [Choose CSet: 0.0 ms]
      [Ref Proc: 0.2 ms]
      [Ref Enq: 0.0 ms]
      [Redirty Cards: 0.2 ms]
      [Humongous Register: 0.1 ms]
      [Humongous Reclaim: 0.0 ms]
      [Free CSet: 0.2 ms]
   [Eden: 304.0M(304.0M)->0.0B(306.0M) Survivors: 43.0M->44.0M Heap: 1111.3M(2048.0M)->1113.3M(2048.0M)]
 [Times: user=1.34 sys=0.03, real=0.17 secs] 
2020-09-29T12:33:45.336+0200: 52.694: [GC pause (G1 Humongous Allocation) (young) (initial-mark), 0.0533699 secs]
   [Parallel Time: 52.6 ms, GC Workers: 8]
      [GC Worker Start (ms): Min: 52693.7, Avg: 52693.7, Max: 52693.8, Diff: 0.1]
      [Ext Root Scanning (ms): Min: 0.0, Avg: 0.1, Max: 0.1, Diff: 0.1, Sum: 0.6]
      [Update RS (ms): Min: 27.2, Avg: 27.4, Max: 27.9, Diff: 0.7, Sum: 219.2]
         [Processed Buffers: Min: 33, Avg: 34.3, Max: 37, Diff: 4, Sum: 274]
      [Scan RS (ms): Min: 2.2, Avg: 2.8, Max: 3.3, Diff: 1.1, Sum: 22.1]
      [Code Root Scanning (ms): Min: 0.0, Avg: 0.0, Max: 0.0, Diff: 0.0, Sum: 0.0]
      [Object Copy (ms): Min: 21.6, Avg: 22.2, Max: 22.3, Diff: 0.6, Sum: 177.3]
      [Termination (ms): Min: 0.0, Avg: 0.0, Max: 0.1, Diff: 0.1, Sum: 0.3]
         [Termination Attempts: Min: 1, Avg: 270.9, Max: 349, Diff: 348, Sum: 2167]
      [GC Worker Other (ms): Min: 0.0, Avg: 0.0, Max: 0.0, Diff: 0.0, Sum: 0.1]
      [GC Worker Total (ms): Min: 52.4, Avg: 52.5, Max: 52.5, Diff: 0.1, Sum: 419.6]
      [GC Worker End (ms): Min: 52746.2, Avg: 52746.2, Max: 52746.2, Diff: 0.0]
   [Code Root Fixup: 0.0 ms]
   [Code Root Purge: 0.0 ms]
   [Clear CT: 0.1 ms]
   [Other: 0.6 ms]
      [Choose CSet: 0.0 ms]
      [Ref Proc: 0.2 ms]
      [Ref Enq: 0.0 ms]
      [Redirty Cards: 0.1 ms]
      [Humongous Register: 0.0 ms]
      [Humongous Reclaim: 0.0 ms]
      [Free CSet: 0.1 ms]
   [Eden: 9216.0K(306.0M)->0.0B(351.0M) Survivors: 44.0M->11.0M Heap: 1122.3M(2048.0M)->1126.8M(2048.0M)]
 [Times: user=0.36 sys=0.02, real=0.05 secs] 
2020-09-29T12:33:45.390+0200: 52.747: [GC concurrent-root-region-scan-start]
2020-09-29T12:33:45.391+0200: 52.749: [GC concurrent-root-region-scan-end, 0.0016752 secs]
2020-09-29T12:33:45.391+0200: 52.749: [GC concurrent-mark-start]
2020-09-29T12:33:45.394+0200: 52.751: [GC concurrent-mark-end, 0.0023587 secs]
2020-09-29T12:33:45.394+0200: 52.751: [GC remark 2020-09-29T12:33:45.394+0200: 52.751: [Finalize Marking, 0.0001792 secs] 2020-09-29T12:33:45.394+0200: 52.751: [GC ref-proc, 0.0002730 secs] 2020-09-29T12:33:45.394+0200: 52.752: [Unloading, 0.0004293 secs], 0.0012075 secs]
 [Times: user=0.00 sys=0.00, real=0.00 secs] 
2020-09-29T12:33:45.395+0200: 52.753: [GC cleanup 1137M->29M(2048M), 0.0011658 secs]
 [Times: user=0.06 sys=0.00, real=0.00 secs] 
2020-09-29T12:33:45.397+0200: 52.754: [GC concurrent-cleanup-start]
2020-09-29T12:33:45.398+0200: 52.755: [GC concurrent-cleanup-end, 0.0013297 secs]
2020-09-29T12:33:45.594+0200: 52.952: [GC pause (G1 Evacuation Pause) (young), 0.1679717 secs]
   [Parallel Time: 166.7 ms, GC Workers: 8]
      [GC Worker Start (ms): Min: 52951.7, Avg: 52951.7, Max: 52951.8, Diff: 0.1]
      [Ext Root Scanning (ms): Min: 0.0, Avg: 0.1, Max: 0.1, Diff: 0.1, Sum: 0.6]
      [Update RS (ms): Min: 15.9, Avg: 16.0, Max: 16.2, Diff: 0.3, Sum: 128.2]
         [Processed Buffers: Min: 17, Avg: 19.5, Max: 21, Diff: 4, Sum: 156]
      [Scan RS (ms): Min: 17.4, Avg: 17.5, Max: 17.7, Diff: 0.3, Sum: 140.2]
      [Code Root Scanning (ms): Min: 0.0, Avg: 0.0, Max: 0.0, Diff: 0.0, Sum: 0.0]
      [Object Copy (ms): Min: 132.6, Avg: 132.7, Max: 132.8, Diff: 0.3, Sum: 1061.7]
      [Termination (ms): Min: 0.0, Avg: 0.0, Max: 0.0, Diff: 0.0, Sum: 0.3]
         [Termination Attempts: Min: 1, Avg: 254.3, Max: 308, Diff: 307, Sum: 2034]
      [GC Worker Other (ms): Min: 0.0, Avg: 0.1, Max: 0.1, Diff: 0.1, Sum: 0.5]
      [GC Worker Total (ms): Min: 166.4, Avg: 166.4, Max: 166.5, Diff: 0.2, Sum: 1331.6]
      [GC Worker End (ms): Min: 53118.2, Avg: 53118.2, Max: 53118.2, Diff: 0.1]
   [Code Root Fixup: 0.0 ms]
   [Code Root Purge: 0.0 ms]
   [Clear CT: 0.3 ms]
   [Other: 1.0 ms]
      [Choose CSet: 0.0 ms]
      [Ref Proc: 0.2 ms]
      [Ref Enq: 0.0 ms]
      [Redirty Cards: 0.3 ms]
      [Humongous Register: 0.0 ms]
      [Humongous Reclaim: 0.0 ms]
      [Free CSet: 0.2 ms]
   [Eden: 351.0M(351.0M)->0.0B(325.0M) Survivors: 11.0M->46.0M Heap: 429.1M(2048.0M)->420.1M(2048.0M)]
 [Times: user=1.33 sys=0.00, real=0.17 secs] 
2020-09-29T12:33:45.948+0200: 53.305: [GC pause (G1 Evacuation Pause) (young), 0.1818996 secs]
   [Parallel Time: 180.5 ms, GC Workers: 8]
      [GC Worker Start (ms): Min: 53305.6, Avg: 53305.7, Max: 53305.8, Diff: 0.2]
      [Ext Root Scanning (ms): Min: 0.0, Avg: 0.1, Max: 0.2, Diff: 0.2, Sum: 0.5]
      [Update RS (ms): Min: 15.7, Avg: 15.9, Max: 16.3, Diff: 0.6, Sum: 127.1]
         [Processed Buffers: Min: 18, Avg: 19.3, Max: 20, Diff: 2, Sum: 154]
      [Scan RS (ms): Min: 21.2, Avg: 21.7, Max: 21.9, Diff: 0.7, Sum: 173.3]
      [Code Root Scanning (ms): Min: 0.0, Avg: 0.0, Max: 0.0, Diff: 0.0, Sum: 0.0]
      [Object Copy (ms): Min: 142.4, Avg: 142.5, Max: 142.6, Diff: 0.2, Sum: 1140.0]
      [Termination (ms): Min: 0.0, Avg: 0.1, Max: 0.1, Diff: 0.1, Sum: 0.7]
         [Termination Attempts: Min: 1, Avg: 608.8, Max: 751, Diff: 750, Sum: 4870]
      [GC Worker Other (ms): Min: 0.0, Avg: 0.0, Max: 0.1, Diff: 0.0, Sum: 0.4]
      [GC Worker Total (ms): Min: 180.2, Avg: 180.3, Max: 180.3, Diff: 0.2, Sum: 1442.0]
      [GC Worker End (ms): Min: 53485.9, Avg: 53486.0, Max: 53486.0, Diff: 0.0]
   [Code Root Fixup: 0.0 ms]
   [Code Root Purge: 0.0 ms]
   [Clear CT: 0.2 ms]
   [Other: 1.2 ms]
      [Choose CSet: 0.0 ms]
      [Ref Proc: 0.2 ms]
      [Ref Enq: 0.0 ms]
      [Redirty Cards: 0.5 ms]
      [Humongous Register: 0.0 ms]
      [Humongous Reclaim: 0.0 ms]
      [Free CSet: 0.3 ms]
   [Eden: 325.0M(325.0M)->0.0B(312.0M) Survivors: 46.0M->47.0M Heap: 800.4M(2048.0M)->801.9M(2048.0M)]
 [Times: user=1.38 sys=0.00, real=0.18 secs] 
2020-09-29T12:33:46.306+0200: 53.663: [GC pause (G1 Evacuation Pause) (young), 0.1716387 secs]
   [Parallel Time: 170.3 ms, GC Workers: 8]
      [GC Worker Start (ms): Min: 53663.3, Avg: 53663.4, Max: 53663.4, Diff: 0.1]
      [Ext Root Scanning (ms): Min: 0.0, Avg: 0.1, Max: 0.1, Diff: 0.1, Sum: 0.5]
      [Update RS (ms): Min: 17.2, Avg: 17.3, Max: 17.5, Diff: 0.3, Sum: 138.6]
         [Processed Buffers: Min: 19, Avg: 20.4, Max: 23, Diff: 4, Sum: 163]
      [Scan RS (ms): Min: 18.8, Avg: 19.0, Max: 19.2, Diff: 0.4, Sum: 152.0]
      [Code Root Scanning (ms): Min: 0.0, Avg: 0.0, Max: 0.0, Diff: 0.0, Sum: 0.0]
      [Object Copy (ms): Min: 133.4, Avg: 133.5, Max: 133.6, Diff: 0.2, Sum: 1067.9]
      [Termination (ms): Min: 0.0, Avg: 0.1, Max: 0.1, Diff: 0.1, Sum: 1.0]
         [Termination Attempts: Min: 1, Avg: 795.4, Max: 955, Diff: 954, Sum: 6363]
      [GC Worker Other (ms): Min: 0.0, Avg: 0.0, Max: 0.1, Diff: 0.1, Sum: 0.3]
      [GC Worker Total (ms): Min: 170.0, Avg: 170.0, Max: 170.1, Diff: 0.1, Sum: 1360.3]
      [GC Worker End (ms): Min: 53833.4, Avg: 53833.4, Max: 53833.4, Diff: 0.1]
   [Code Root Fixup: 0.0 ms]
   [Code Root Purge: 0.0 ms]
   [Clear CT: 0.2 ms]
   [Other: 1.2 ms]
      [Choose CSet: 0.0 ms]
      [Ref Proc: 0.3 ms]
      [Ref Enq: 0.0 ms]
      [Redirty Cards: 0.4 ms]
      [Humongous Register: 0.1 ms]
      [Humongous Reclaim: 0.0 ms]
      [Free CSet: 0.4 ms]
   [Eden: 312.0M(312.0M)->0.0B(314.0M) Survivors: 47.0M->45.0M Heap: 1165.4M(2048.0M)->1166.9M(2048.0M)]
 [Times: user=1.38 sys=0.00, real=0.17 secs] 
2020-09-29T12:33:46.492+0200: 53.850: [GC pause (G1 Humongous Allocation) (young) (initial-mark), 0.0540828 secs]
   [Parallel Time: 53.2 ms, GC Workers: 8]
      [GC Worker Start (ms): Min: 53850.1, Avg: 53850.1, Max: 53850.2, Diff: 0.1]
      [Ext Root Scanning (ms): Min: 0.0, Avg: 0.2, Max: 0.6, Diff: 0.6, Sum: 1.4]
      [Update RS (ms): Min: 29.5, Avg: 29.8, Max: 30.0, Diff: 0.5, Sum: 238.2]
         [Processed Buffers: Min: 32, Avg: 36.0, Max: 39, Diff: 7, Sum: 288]
      [Scan RS (ms): Min: 2.7, Avg: 2.9, Max: 3.1, Diff: 0.5, Sum: 22.9]
      [Code Root Scanning (ms): Min: 0.0, Avg: 0.0, Max: 0.0, Diff: 0.0, Sum: 0.0]
      [Object Copy (ms): Min: 20.3, Avg: 20.3, Max: 20.4, Diff: 0.1, Sum: 162.5]
      [Termination (ms): Min: 0.0, Avg: 0.0, Max: 0.0, Diff: 0.0, Sum: 0.0]
         [Termination Attempts: Min: 1, Avg: 6.6, Max: 12, Diff: 11, Sum: 53]
      [GC Worker Other (ms): Min: 0.0, Avg: 0.0, Max: 0.0, Diff: 0.0, Sum: 0.1]
      [GC Worker Total (ms): Min: 53.1, Avg: 53.2, Max: 53.2, Diff: 0.1, Sum: 425.2]
      [GC Worker End (ms): Min: 53903.3, Avg: 53903.3, Max: 53903.3, Diff: 0.0]
   [Code Root Fixup: 0.0 ms]
   [Code Root Purge: 0.0 ms]
   [Clear CT: 0.2 ms]
   [Other: 0.7 ms]
      [Choose CSet: 0.0 ms]
      [Ref Proc: 0.2 ms]
      [Ref Enq: 0.0 ms]
      [Redirty Cards: 0.1 ms]
      [Humongous Register: 0.0 ms]
      [Humongous Reclaim: 0.0 ms]
      [Free CSet: 0.1 ms]
   [Eden: 8192.0K(314.0M)->0.0B(328.0M) Survivors: 45.0M->10.0M Heap: 1174.9M(2048.0M)->1178.4M(2048.0M)]
 [Times: user=0.36 sys=0.00, real=0.05 secs] 
2020-09-29T12:33:46.547+0200: 53.904: [GC concurrent-root-region-scan-start]
2020-09-29T12:33:46.549+0200: 53.906: [GC concurrent-root-region-scan-end, 0.0019241 secs]
2020-09-29T12:33:46.549+0200: 53.906: [GC concurrent-mark-start]
2020-09-29T12:33:46.551+0200: 53.909: [GC concurrent-mark-end, 0.0025357 secs]
2020-09-29T12:33:46.551+0200: 53.909: [GC remark 2020-09-29T12:33:46.551+0200: 53.909: [Finalize Marking, 0.0002032 secs] 2020-09-29T12:33:46.552+0200: 53.909: [GC ref-proc, 0.0002734 secs] 2020-09-29T12:33:46.552+0200: 53.909: [Unloading, 0.0004300 secs], 0.0012184 secs]
 [Times: user=0.00 sys=0.02, real=0.00 secs] 
2020-09-29T12:33:46.553+0200: 53.910: [GC cleanup 1189M->28M(2048M), 0.0011457 secs]
 [Times: user=0.00 sys=0.00, real=0.00 secs] 
2020-09-29T12:33:46.554+0200: 53.911: [GC concurrent-cleanup-start]
2020-09-29T12:33:46.556+0200: 53.913: [GC concurrent-cleanup-end, 0.0015272 secs]
2020-09-29T12:33:46.715+0200: 54.073: [GC pause (G1 Evacuation Pause) (young), 0.1578331 secs]
   [Parallel Time: 156.4 ms, GC Workers: 8]
      [GC Worker Start (ms): Min: 54072.8, Avg: 54073.0, Max: 54073.0, Diff: 0.2]
      [Ext Root Scanning (ms): Min: 0.0, Avg: 0.1, Max: 0.2, Diff: 0.2, Sum: 0.5]
      [Update RS (ms): Min: 17.3, Avg: 17.5, Max: 17.7, Diff: 0.3, Sum: 140.2]
         [Processed Buffers: Min: 20, Avg: 20.6, Max: 23, Diff: 3, Sum: 165]
      [Scan RS (ms): Min: 15.0, Avg: 15.2, Max: 15.4, Diff: 0.4, Sum: 121.4]
      [Code Root Scanning (ms): Min: 0.0, Avg: 0.0, Max: 0.0, Diff: 0.0, Sum: 0.0]
      [Object Copy (ms): Min: 123.0, Avg: 123.1, Max: 123.2, Diff: 0.2, Sum: 984.7]
      [Termination (ms): Min: 0.0, Avg: 0.1, Max: 0.1, Diff: 0.1, Sum: 0.7]
         [Termination Attempts: Min: 1, Avg: 629.4, Max: 893, Diff: 892, Sum: 5035]
      [GC Worker Other (ms): Min: 0.0, Avg: 0.2, Max: 0.3, Diff: 0.3, Sum: 1.9]
      [GC Worker Total (ms): Min: 155.9, Avg: 156.2, Max: 156.3, Diff: 0.5, Sum: 1249.4]
      [GC Worker End (ms): Min: 54228.9, Avg: 54229.1, Max: 54229.2, Diff: 0.3]
   [Code Root Fixup: 0.0 ms]
   [Code Root Purge: 0.0 ms]
   [Clear CT: 0.2 ms]
   [Other: 1.2 ms]
      [Choose CSet: 0.0 ms]
      [Ref Proc: 0.4 ms]
      [Ref Enq: 0.0 ms]
      [Redirty Cards: 0.2 ms]
      [Humongous Register: 0.0 ms]
      [Humongous Reclaim: 0.0 ms]
      [Free CSet: 0.3 ms]
   [Eden: 328.0M(328.0M)->0.0B(340.0M) Survivors: 10.0M->43.0M Heap: 400.8M(2048.0M)->392.8M(2048.0M)]
 [Times: user=1.23 sys=0.00, real=0.16 secs] 
2020-09-29T12:33:47.060+0200: 54.418: [GC pause (G1 Evacuation Pause) (young), 0.1796640 secs]
   [Parallel Time: 178.3 ms, GC Workers: 8]
      [GC Worker Start (ms): Min: 54417.9, Avg: 54418.1, Max: 54418.2, Diff: 0.2]
      [Ext Root Scanning (ms): Min: 0.0, Avg: 0.0, Max: 0.2, Diff: 0.2, Sum: 0.4]
      [Update RS (ms): Min: 15.6, Avg: 15.8, Max: 16.0, Diff: 0.4, Sum: 126.1]
         [Processed Buffers: Min: 19, Avg: 20.0, Max: 22, Diff: 3, Sum: 160]
      [Scan RS (ms): Min: 19.6, Avg: 19.9, Max: 20.1, Diff: 0.5, Sum: 159.3]
      [Code Root Scanning (ms): Min: 0.0, Avg: 0.0, Max: 0.0, Diff: 0.0, Sum: 0.0]
      [Object Copy (ms): Min: 142.2, Avg: 142.3, Max: 142.3, Diff: 0.1, Sum: 1138.2]
      [Termination (ms): Min: 0.0, Avg: 0.0, Max: 0.0, Diff: 0.0, Sum: 0.0]
         [Termination Attempts: Min: 1, Avg: 13.9, Max: 21, Diff: 20, Sum: 111]
      [GC Worker Other (ms): Min: 0.0, Avg: 0.0, Max: 0.1, Diff: 0.1, Sum: 0.3]
      [GC Worker Total (ms): Min: 178.0, Avg: 178.0, Max: 178.2, Diff: 0.2, Sum: 1424.3]
      [GC Worker End (ms): Min: 54596.1, Avg: 54596.1, Max: 54596.2, Diff: 0.1]
   [Code Root Fixup: 0.0 ms]
   [Code Root Purge: 0.0 ms]
   [Clear CT: 0.2 ms]
   [Other: 1.2 ms]
      [Choose CSet: 0.0 ms]
      [Ref Proc: 0.2 ms]
      [Ref Enq: 0.0 ms]
      [Redirty Cards: 0.3 ms]
      [Humongous Register: 0.1 ms]
      [Humongous Reclaim: 0.0 ms]
      [Free CSet: 0.4 ms]
   [Eden: 340.0M(340.0M)->0.0B(327.0M) Survivors: 43.0M->48.0M Heap: 790.0M(2048.0M)->791.5M(2048.0M)]
 [Times: user=1.48 sys=0.00, real=0.18 secs] 
2020-09-29T12:33:47.419+0200: 54.777: [GC pause (G1 Evacuation Pause) (young), 0.1717574 secs]
   [Parallel Time: 170.6 ms, GC Workers: 8]
      [GC Worker Start (ms): Min: 54777.0, Avg: 54777.2, Max: 54777.2, Diff: 0.2]
      [Ext Root Scanning (ms): Min: 0.0, Avg: 0.1, Max: 0.2, Diff: 0.2, Sum: 0.5]
      [Update RS (ms): Min: 15.2, Avg: 15.6, Max: 15.8, Diff: 0.6, Sum: 125.0]
         [Processed Buffers: Min: 19, Avg: 19.1, Max: 20, Diff: 1, Sum: 153]
      [Scan RS (ms): Min: 18.5, Avg: 18.7, Max: 19.1, Diff: 0.6, Sum: 149.4]
      [Code Root Scanning (ms): Min: 0.0, Avg: 0.0, Max: 0.0, Diff: 0.0, Sum: 0.0]
      [Object Copy (ms): Min: 135.9, Avg: 136.0, Max: 136.0, Diff: 0.1, Sum: 1087.8]
      [Termination (ms): Min: 0.0, Avg: 0.0, Max: 0.0, Diff: 0.0, Sum: 0.2]
         [Termination Attempts: Min: 1, Avg: 125.6, Max: 185, Diff: 184, Sum: 1005]
      [GC Worker Other (ms): Min: 0.0, Avg: 0.0, Max: 0.1, Diff: 0.1, Sum: 0.3]
      [GC Worker Total (ms): Min: 170.3, Avg: 170.4, Max: 170.5, Diff: 0.2, Sum: 1363.1]
      [GC Worker End (ms): Min: 54947.5, Avg: 54947.5, Max: 54947.6, Diff: 0.1]
   [Code Root Fixup: 0.0 ms]
   [Code Root Purge: 0.0 ms]
   [Clear CT: 0.2 ms]
   [Other: 1.0 ms]
      [Choose CSet: 0.0 ms]
      [Ref Proc: 0.1 ms]
      [Ref Enq: 0.0 ms]
      [Redirty Cards: 0.2 ms]
      [Humongous Register: 0.1 ms]
      [Humongous Reclaim: 0.0 ms]
      [Free CSet: 0.3 ms]
   [Eden: 327.0M(327.0M)->0.0B(329.0M) Survivors: 48.0M->47.0M Heap: 1171.9M(2048.0M)->1174.4M(2048.0M)]
 [Times: user=1.38 sys=0.00, real=0.17 secs] 
2020-09-29T12:33:47.598+0200: 54.955: [GC pause (G1 Humongous Allocation) (young) (initial-mark), 0.0669838 secs]
   [Parallel Time: 65.9 ms, GC Workers: 8]
      [GC Worker Start (ms): Min: 54955.5, Avg: 54955.5, Max: 54955.6, Diff: 0.2]
      [Ext Root Scanning (ms): Min: 0.0, Avg: 0.1, Max: 0.2, Diff: 0.2, Sum: 1.1]
      [Update RS (ms): Min: 42.1, Avg: 42.3, Max: 42.9, Diff: 0.8, Sum: 338.2]
         [Processed Buffers: Min: 50, Avg: 52.8, Max: 55, Diff: 5, Sum: 422]
      [Scan RS (ms): Min: 1.9, Avg: 2.5, Max: 2.7, Diff: 0.8, Sum: 19.9]
      [Code Root Scanning (ms): Min: 0.0, Avg: 0.0, Max: 0.0, Diff: 0.0, Sum: 0.0]
      [Object Copy (ms): Min: 20.7, Avg: 20.7, Max: 20.8, Diff: 0.1, Sum: 165.7]
      [Termination (ms): Min: 0.0, Avg: 0.1, Max: 0.1, Diff: 0.1, Sum: 0.4]
         [Termination Attempts: Min: 1, Avg: 366.9, Max: 510, Diff: 509, Sum: 2935]
      [GC Worker Other (ms): Min: 0.0, Avg: 0.0, Max: 0.0, Diff: 0.0, Sum: 0.2]
      [GC Worker Total (ms): Min: 65.6, Avg: 65.7, Max: 65.8, Diff: 0.2, Sum: 525.4]
      [GC Worker End (ms): Min: 55021.2, Avg: 55021.2, Max: 55021.2, Diff: 0.0]
   [Code Root Fixup: 0.0 ms]
   [Code Root Purge: 0.0 ms]
   [Clear CT: 0.2 ms]
   [Other: 0.9 ms]
      [Choose CSet: 0.0 ms]
      [Ref Proc: 0.2 ms]
      [Ref Enq: 0.0 ms]
      [Redirty Cards: 0.2 ms]
      [Humongous Register: 0.1 ms]
      [Humongous Reclaim: 0.0 ms]
      [Free CSet: 0.1 ms]
   [Eden: 1024.0K(329.0M)->0.0B(333.0M) Survivors: 47.0M->2048.0K Heap: 1175.4M(2048.0M)->1178.4M(2048.0M)]
 [Times: user=0.63 sys=0.00, real=0.07 secs] 
2020-09-29T12:33:47.665+0200: 55.022: [GC concurrent-root-region-scan-start]
2020-09-29T12:33:47.665+0200: 55.023: [GC concurrent-root-region-scan-end, 0.0002895 secs]
2020-09-29T12:33:47.665+0200: 55.023: [GC concurrent-mark-start]
2020-09-29T12:33:47.669+0200: 55.026: [GC concurrent-mark-end, 0.0037932 secs]
2020-09-29T12:33:47.669+0200: 55.027: [GC remark 2020-09-29T12:33:47.669+0200: 55.027: [Finalize Marking, 0.0008752 secs] 2020-09-29T12:33:47.670+0200: 55.028: [GC ref-proc, 0.0003833 secs] 2020-09-29T12:33:47.670+0200: 55.028: [Unloading, 0.0017257 secs], 0.0037111 secs]
 [Times: user=0.00 sys=0.00, real=0.00 secs] 
2020-09-29T12:33:47.673+0200: 55.031: [GC cleanup 1186M->17M(2048M), 0.0015004 secs]
 [Times: user=0.00 sys=0.00, real=0.00 secs] 
2020-09-29T12:33:47.675+0200: 55.032: [GC concurrent-cleanup-start]
2020-09-29T12:33:47.677+0200: 55.034: [GC concurrent-cleanup-end, 0.0020833 secs]
2020-09-29T12:33:47.858+0200: 55.215: [GC pause (G1 Evacuation Pause) (young), 0.1759877 secs]
   [Parallel Time: 174.7 ms, GC Workers: 8]
      [GC Worker Start (ms): Min: 55215.5, Avg: 55215.6, Max: 55215.7, Diff: 0.2]
      [Ext Root Scanning (ms): Min: 0.0, Avg: 0.1, Max: 0.2, Diff: 0.2, Sum: 0.4]
      [Update RS (ms): Min: 22.2, Avg: 22.4, Max: 22.9, Diff: 0.7, Sum: 178.9]
         [Processed Buffers: Min: 24, Avg: 25.6, Max: 28, Diff: 4, Sum: 205]
      [Scan RS (ms): Min: 14.0, Avg: 14.6, Max: 14.8, Diff: 0.8, Sum: 117.0]
      [Code Root Scanning (ms): Min: 0.0, Avg: 0.0, Max: 0.0, Diff: 0.0, Sum: 0.0]
      [Object Copy (ms): Min: 136.9, Avg: 137.0, Max: 137.3, Diff: 0.4, Sum: 1096.0]
      [Termination (ms): Min: 0.0, Avg: 0.2, Max: 0.3, Diff: 0.3, Sum: 1.7]
         [Termination Attempts: Min: 1, Avg: 1632.1, Max: 2083, Diff: 2082, Sum: 13057]
      [GC Worker Other (ms): Min: 0.0, Avg: 0.1, Max: 0.2, Diff: 0.1, Sum: 0.8]
      [GC Worker Total (ms): Min: 174.2, Avg: 174.4, Max: 174.5, Diff: 0.3, Sum: 1394.8]
      [GC Worker End (ms): Min: 55389.9, Avg: 55390.0, Max: 55390.0, Diff: 0.1]
   [Code Root Fixup: 0.0 ms]
   [Code Root Purge: 0.0 ms]
   [Clear CT: 0.2 ms]
   [Other: 1.2 ms]
      [Choose CSet: 0.0 ms]
      [Ref Proc: 0.2 ms]
      [Ref Enq: 0.0 ms]
      [Redirty Cards: 0.4 ms]
      [Humongous Register: 0.1 ms]
      [Humongous Reclaim: 0.0 ms]
      [Free CSet: 0.2 ms]
   [Eden: 333.0M(333.0M)->0.0B(314.0M) Survivors: 2048.0K->42.0M Heap: 400.2M(2048.0M)->399.7M(2048.0M)]
 [Times: user=1.34 sys=0.01, real=0.18 secs] 
2020-09-29T12:33:48.199+0200: 55.557: [GC pause (G1 Evacuation Pause) (young), 0.1631736 secs]
   [Parallel Time: 161.9 ms, GC Workers: 8]
      [GC Worker Start (ms): Min: 55557.1, Avg: 55557.2, Max: 55557.3, Diff: 0.1]
      [Ext Root Scanning (ms): Min: 0.0, Avg: 0.1, Max: 0.2, Diff: 0.1, Sum: 0.6]
      [Update RS (ms): Min: 15.3, Avg: 15.5, Max: 15.7, Diff: 0.4, Sum: 123.9]
         [Processed Buffers: Min: 18, Avg: 19.5, Max: 21, Diff: 3, Sum: 156]
      [Scan RS (ms): Min: 16.4, Avg: 16.7, Max: 16.8, Diff: 0.4, Sum: 133.4]
      [Code Root Scanning (ms): Min: 0.0, Avg: 0.0, Max: 0.0, Diff: 0.0, Sum: 0.0]
      [Object Copy (ms): Min: 129.3, Avg: 129.4, Max: 129.5, Diff: 0.2, Sum: 1035.4]
      [Termination (ms): Min: 0.0, Avg: 0.0, Max: 0.0, Diff: 0.0, Sum: 0.1]
         [Termination Attempts: Min: 1, Avg: 76.3, Max: 102, Diff: 101, Sum: 610]
      [GC Worker Other (ms): Min: 0.0, Avg: 0.0, Max: 0.1, Diff: 0.1, Sum: 0.4]
      [GC Worker Total (ms): Min: 161.6, Avg: 161.7, Max: 161.8, Diff: 0.2, Sum: 1293.7]
      [GC Worker End (ms): Min: 55718.9, Avg: 55718.9, Max: 55718.9, Diff: 0.1]
   [Code Root Fixup: 0.0 ms]
   [Code Root Purge: 0.0 ms]
   [Clear CT: 0.2 ms]
   [Other: 1.1 ms]
      [Choose CSet: 0.0 ms]
      [Ref Proc: 0.4 ms]
      [Ref Enq: 0.0 ms]
      [Redirty Cards: 0.2 ms]
      [Humongous Register: 0.1 ms]
      [Humongous Reclaim: 0.0 ms]
      [Free CSet: 0.2 ms]
   [Eden: 314.0M(314.0M)->0.0B(314.0M) Survivors: 42.0M->45.0M Heap: 765.2M(2048.0M)->766.7M(2048.0M)]
 [Times: user=1.23 sys=0.00, real=0.16 secs] 
2020-09-29T12:33:48.538+0200: 55.897: [GC pause (G1 Evacuation Pause) (young), 0.1753823 secs]
   [Parallel Time: 174.1 ms, GC Workers: 8]
      [GC Worker Start (ms): Min: 55896.7, Avg: 55896.8, Max: 55896.8, Diff: 0.2]
      [Ext Root Scanning (ms): Min: 0.0, Avg: 0.1, Max: 0.2, Diff: 0.2, Sum: 0.5]
      [Update RS (ms): Min: 23.2, Avg: 23.4, Max: 23.6, Diff: 0.4, Sum: 187.3]
         [Processed Buffers: Min: 25, Avg: 26.3, Max: 28, Diff: 3, Sum: 210]
      [Scan RS (ms): Min: 14.1, Avg: 14.3, Max: 14.5, Diff: 0.4, Sum: 114.2]
      [Code Root Scanning (ms): Min: 0.0, Avg: 0.0, Max: 0.0, Diff: 0.0, Sum: 0.0]
      [Object Copy (ms): Min: 135.9, Avg: 136.0, Max: 136.1, Diff: 0.2, Sum: 1088.3]
      [Termination (ms): Min: 0.0, Avg: 0.1, Max: 0.1, Diff: 0.1, Sum: 0.6]
         [Termination Attempts: Min: 1, Avg: 525.8, Max: 663, Diff: 662, Sum: 4206]
      [GC Worker Other (ms): Min: 0.0, Avg: 0.0, Max: 0.1, Diff: 0.1, Sum: 0.3]
      [GC Worker Total (ms): Min: 173.8, Avg: 173.9, Max: 174.0, Diff: 0.2, Sum: 1391.3]
      [GC Worker End (ms): Min: 56070.7, Avg: 56070.7, Max: 56070.7, Diff: 0.1]
   [Code Root Fixup: 0.0 ms]
   [Code Root Purge: 0.0 ms]
   [Clear CT: 0.2 ms]
   [Other: 1.1 ms]
      [Choose CSet: 0.0 ms]
      [Ref Proc: 0.2 ms]
      [Ref Enq: 0.0 ms]
      [Redirty Cards: 0.3 ms]
      [Humongous Register: 0.1 ms]
      [Humongous Reclaim: 0.0 ms]
      [Free CSet: 0.3 ms]
   [Eden: 314.0M(314.0M)->0.0B(315.0M) Survivors: 45.0M->45.0M Heap: 1132.2M(2048.0M)->1133.7M(2048.0M)]
 [Times: user=1.36 sys=0.00, real=0.18 secs] 
2020-09-29T12:33:48.715+0200: 56.073: [GC pause (G1 Humongous Allocation) (young) (initial-mark), 0.0705617 secs]
   [Parallel Time: 69.6 ms, GC Workers: 8]
      [GC Worker Start (ms): Min: 56072.8, Avg: 56072.9, Max: 56072.9, Diff: 0.2]
      [Ext Root Scanning (ms): Min: 0.0, Avg: 0.5, Max: 1.9, Diff: 1.9, Sum: 3.9]
      [Update RS (ms): Min: 46.1, Avg: 47.6, Max: 48.2, Diff: 2.1, Sum: 381.0]
         [Processed Buffers: Min: 58, Avg: 60.6, Max: 65, Diff: 7, Sum: 485]
      [Scan RS (ms): Min: 0.0, Avg: 0.0, Max: 0.0, Diff: 0.0, Sum: 0.0]
      [Code Root Scanning (ms): Min: 0.0, Avg: 0.0, Max: 0.0, Diff: 0.0, Sum: 0.0]
      [Object Copy (ms): Min: 21.0, Avg: 21.2, Max: 21.4, Diff: 0.4, Sum: 169.7]
      [Termination (ms): Min: 0.0, Avg: 0.1, Max: 0.1, Diff: 0.1, Sum: 0.7]
         [Termination Attempts: Min: 1, Avg: 348.8, Max: 473, Diff: 472, Sum: 2790]
      [GC Worker Other (ms): Min: 0.0, Avg: 0.0, Max: 0.0, Diff: 0.0, Sum: 0.1]
      [GC Worker Total (ms): Min: 69.3, Avg: 69.4, Max: 69.5, Diff: 0.2, Sum: 555.4]
      [GC Worker End (ms): Min: 56142.3, Avg: 56142.3, Max: 56142.3, Diff: 0.0]
   [Code Root Fixup: 0.0 ms]
   [Code Root Purge: 0.0 ms]
   [Clear CT: 0.2 ms]
   [Other: 0.8 ms]
      [Choose CSet: 0.0 ms]
      [Ref Proc: 0.2 ms]
      [Ref Enq: 0.0 ms]
      [Redirty Cards: 0.2 ms]
      [Humongous Register: 0.0 ms]
      [Humongous Reclaim: 0.0 ms]
      [Free CSet: 0.1 ms]
   [Eden: 1024.0K(315.0M)->0.0B(357.0M) Survivors: 45.0M->1024.0K Heap: 1134.2M(2048.0M)->1137.2M(2048.0M)]
 [Times: user=0.50 sys=0.00, real=0.07 secs] 
2020-09-29T12:33:48.785+0200: 56.143: [GC concurrent-root-region-scan-start]
2020-09-29T12:33:48.786+0200: 56.144: [GC concurrent-root-region-scan-end, 0.0003341 secs]
2020-09-29T12:33:48.786+0200: 56.144: [GC concurrent-mark-start]
2020-09-29T12:33:48.792+0200: 56.150: [GC concurrent-mark-end, 0.0063382 secs]
2020-09-29T12:33:48.792+0200: 56.150: [GC remark 2020-09-29T12:33:48.792+0200: 56.150: [Finalize Marking, 0.0001988 secs] 2020-09-29T12:33:48.793+0200: 56.151: [GC ref-proc, 0.0002915 secs] 2020-09-29T12:33:48.793+0200: 56.151: [Unloading, 0.0005597 secs], 0.0014345 secs]
 [Times: user=0.00 sys=0.00, real=0.00 secs] 
2020-09-29T12:33:48.794+0200: 56.152: [GC cleanup 1152M->24M(2048M), 0.0013415 secs]
 [Times: user=0.00 sys=0.00, real=0.00 secs] 
2020-09-29T12:33:48.795+0200: 56.153: [GC concurrent-cleanup-start]
2020-09-29T12:33:48.797+0200: 56.155: [GC concurrent-cleanup-end, 0.0015039 secs]
2020-09-29T12:33:48.984+0200: 56.342: [GC pause (G1 Evacuation Pause) (young), 0.1656632 secs]
   [Parallel Time: 164.5 ms, GC Workers: 8]
      [GC Worker Start (ms): Min: 56342.3, Avg: 56342.4, Max: 56342.4, Diff: 0.2]
      [Ext Root Scanning (ms): Min: 0.0, Avg: 0.1, Max: 0.2, Diff: 0.2, Sum: 0.5]
      [Update RS (ms): Min: 16.3, Avg: 16.5, Max: 16.6, Diff: 0.3, Sum: 131.7]
         [Processed Buffers: Min: 19, Avg: 20.8, Max: 23, Diff: 4, Sum: 166]
      [Scan RS (ms): Min: 17.5, Avg: 17.7, Max: 17.8, Diff: 0.3, Sum: 141.6]
      [Code Root Scanning (ms): Min: 0.0, Avg: 0.0, Max: 0.0, Diff: 0.0, Sum: 0.0]
      [Object Copy (ms): Min: 129.8, Avg: 129.9, Max: 130.0, Diff: 0.1, Sum: 1039.3]
      [Termination (ms): Min: 0.0, Avg: 0.0, Max: 0.0, Diff: 0.0, Sum: 0.2]
         [Termination Attempts: Min: 1, Avg: 170.1, Max: 217, Diff: 216, Sum: 1361]
      [GC Worker Other (ms): Min: 0.0, Avg: 0.1, Max: 0.1, Diff: 0.1, Sum: 0.4]
      [GC Worker Total (ms): Min: 164.1, Avg: 164.2, Max: 164.3, Diff: 0.2, Sum: 1313.8]
      [GC Worker End (ms): Min: 56506.5, Avg: 56506.6, Max: 56506.6, Diff: 0.1]
   [Code Root Fixup: 0.0 ms]
   [Code Root Purge: 0.0 ms]
   [Clear CT: 0.2 ms]
   [Other: 1.0 ms]
      [Choose CSet: 0.0 ms]
      [Ref Proc: 0.2 ms]
      [Ref Enq: 0.0 ms]
      [Redirty Cards: 0.3 ms]
      [Humongous Register: 0.0 ms]
      [Humongous Reclaim: 0.0 ms]
      [Free CSet: 0.2 ms]
   [Eden: 357.0M(357.0M)->0.0B(313.0M) Survivors: 1024.0K->45.0M Heap: 427.0M(2048.0M)->427.0M(2048.0M)]
 [Times: user=1.38 sys=0.00, real=0.17 secs] 
2020-09-29T12:33:49.326+0200: 56.684: [GC pause (G1 Evacuation Pause) (young), 0.1721200 secs]
   [Parallel Time: 170.8 ms, GC Workers: 8]
      [GC Worker Start (ms): Min: 56684.3, Avg: 56684.4, Max: 56684.5, Diff: 0.2]
      [Ext Root Scanning (ms): Min: 0.0, Avg: 0.1, Max: 0.1, Diff: 0.1, Sum: 0.4]
      [Update RS (ms): Min: 15.8, Avg: 15.9, Max: 16.4, Diff: 0.6, Sum: 127.6]
         [Processed Buffers: Min: 19, Avg: 19.8, Max: 22, Diff: 3, Sum: 158]
      [Scan RS (ms): Min: 16.4, Avg: 16.9, Max: 17.1, Diff: 0.7, Sum: 135.5]
      [Code Root Scanning (ms): Min: 0.0, Avg: 0.0, Max: 0.0, Diff: 0.0, Sum: 0.0]
      [Object Copy (ms): Min: 137.4, Avg: 137.5, Max: 137.6, Diff: 0.2, Sum: 1100.2]
      [Termination (ms): Min: 0.0, Avg: 0.2, Max: 0.2, Diff: 0.2, Sum: 1.4]
         [Termination Attempts: Min: 1, Avg: 918.3, Max: 1277, Diff: 1276, Sum: 7346]
      [GC Worker Other (ms): Min: 0.0, Avg: 0.0, Max: 0.0, Diff: 0.0, Sum: 0.1]
      [GC Worker Total (ms): Min: 170.6, Avg: 170.7, Max: 170.8, Diff: 0.2, Sum: 1365.3]
      [GC Worker End (ms): Min: 56855.0, Avg: 56855.0, Max: 56855.1, Diff: 0.0]
   [Code Root Fixup: 0.0 ms]
   [Code Root Purge: 0.0 ms]
   [Clear CT: 0.2 ms]
   [Other: 1.1 ms]
      [Choose CSet: 0.0 ms]
      [Ref Proc: 0.2 ms]
      [Ref Enq: 0.0 ms]
      [Redirty Cards: 0.3 ms]
      [Humongous Register: 0.0 ms]
      [Humongous Reclaim: 0.0 ms]
      [Free CSet: 0.2 ms]
   [Eden: 313.0M(313.0M)->0.0B(306.0M) Survivors: 45.0M->45.0M Heap: 791.5M(2048.0M)->793.5M(2048.0M)]
 [Times: user=1.34 sys=0.00, real=0.17 secs] 
2020-09-29T12:33:49.670+0200: 57.029: [GC pause (G1 Evacuation Pause) (young), 0.1659915 secs]
   [Parallel Time: 164.7 ms, GC Workers: 8]
      [GC Worker Start (ms): Min: 57028.7, Avg: 57028.8, Max: 57028.9, Diff: 0.2]
      [Ext Root Scanning (ms): Min: 0.0, Avg: 0.1, Max: 0.2, Diff: 0.2, Sum: 0.5]
      [Update RS (ms): Min: 18.4, Avg: 18.5, Max: 18.6, Diff: 0.1, Sum: 148.0]
         [Processed Buffers: Min: 22, Avg: 23.6, Max: 26, Diff: 4, Sum: 189]
      [Scan RS (ms): Min: 15.2, Avg: 16.2, Max: 22.6, Diff: 7.4, Sum: 129.7]
      [Code Root Scanning (ms): Min: 0.0, Avg: 0.0, Max: 0.0, Diff: 0.0, Sum: 0.0]
      [Object Copy (ms): Min: 123.3, Avg: 129.6, Max: 130.6, Diff: 7.3, Sum: 1037.1]
      [Termination (ms): Min: 0.0, Avg: 0.0, Max: 0.0, Diff: 0.0, Sum: 0.2]
         [Termination Attempts: Min: 1, Avg: 171.0, Max: 226, Diff: 225, Sum: 1368]
      [GC Worker Other (ms): Min: 0.0, Avg: 0.1, Max: 0.1, Diff: 0.1, Sum: 0.5]
      [GC Worker Total (ms): Min: 164.4, Avg: 164.5, Max: 164.6, Diff: 0.2, Sum: 1316.0]
      [GC Worker End (ms): Min: 57193.3, Avg: 57193.3, Max: 57193.3, Diff: 0.1]
   [Code Root Fixup: 0.0 ms]
   [Code Root Purge: 0.0 ms]
   [Clear CT: 0.2 ms]
   [Other: 1.1 ms]
      [Choose CSet: 0.0 ms]
      [Ref Proc: 0.2 ms]
      [Ref Enq: 0.0 ms]
      [Redirty Cards: 0.3 ms]
      [Humongous Register: 0.1 ms]
      [Humongous Reclaim: 0.0 ms]
      [Free CSet: 0.4 ms]
   [Eden: 306.0M(306.0M)->0.0B(311.0M) Survivors: 45.0M->44.0M Heap: 1151.0M(2048.0M)->1152.5M(2048.0M)]
 [Times: user=1.34 sys=0.02, real=0.17 secs] 
2020-09-29T12:33:49.848+0200: 57.206: [GC pause (G1 Humongous Allocation) (young) (initial-mark), 0.0596381 secs]
   [Parallel Time: 58.5 ms, GC Workers: 8]
      [GC Worker Start (ms): Min: 57206.9, Avg: 57207.0, Max: 57207.1, Diff: 0.2]
      [Ext Root Scanning (ms): Min: 0.0, Avg: 0.2, Max: 0.3, Diff: 0.3, Sum: 1.2]
      [Update RS (ms): Min: 35.4, Avg: 35.7, Max: 36.0, Diff: 0.6, Sum: 285.5]
         [Processed Buffers: Min: 39, Avg: 42.4, Max: 45, Diff: 6, Sum: 339]
      [Scan RS (ms): Min: 2.3, Avg: 2.6, Max: 2.8, Diff: 0.5, Sum: 20.8]
      [Code Root Scanning (ms): Min: 0.0, Avg: 0.0, Max: 0.0, Diff: 0.0, Sum: 0.0]
      [Object Copy (ms): Min: 19.6, Avg: 19.6, Max: 19.6, Diff: 0.1, Sum: 156.8]
      [Termination (ms): Min: 0.0, Avg: 0.0, Max: 0.0, Diff: 0.0, Sum: 0.0]
         [Termination Attempts: Min: 1, Avg: 32.6, Max: 46, Diff: 45, Sum: 261]
      [GC Worker Other (ms): Min: 0.0, Avg: 0.0, Max: 0.0, Diff: 0.0, Sum: 0.2]
      [GC Worker Total (ms): Min: 58.0, Avg: 58.1, Max: 58.2, Diff: 0.2, Sum: 464.5]
      [GC Worker End (ms): Min: 57265.1, Avg: 57265.1, Max: 57265.1, Diff: 0.0]
   [Code Root Fixup: 0.0 ms]
   [Code Root Purge: 0.0 ms]
   [Clear CT: 0.2 ms]
   [Other: 1.0 ms]
      [Choose CSet: 0.0 ms]
      [Ref Proc: 0.3 ms]
      [Ref Enq: 0.0 ms]
      [Redirty Cards: 0.2 ms]
      [Humongous Register: 0.1 ms]
      [Humongous Reclaim: 0.0 ms]
      [Free CSet: 0.1 ms]
   [Eden: 9216.0K(311.0M)->0.0B(335.0M) Survivors: 44.0M->11.0M Heap: 1161.0M(2048.0M)->1164.5M(2048.0M)]
 [Times: user=0.38 sys=0.00, real=0.06 secs] 
2020-09-29T12:33:49.908+0200: 57.266: [GC concurrent-root-region-scan-start]
2020-09-29T12:33:49.912+0200: 57.270: [GC concurrent-root-region-scan-end, 0.0034173 secs]
2020-09-29T12:33:49.912+0200: 57.270: [GC concurrent-mark-start]
2020-09-29T12:33:49.917+0200: 57.275: [GC concurrent-mark-end, 0.0056657 secs]
2020-09-29T12:33:49.918+0200: 57.276: [GC remark 2020-09-29T12:33:49.918+0200: 57.276: [Finalize Marking, 0.0003635 secs] 2020-09-29T12:33:49.918+0200: 57.276: [GC ref-proc, 0.0009146 secs] 2020-09-29T12:33:49.919+0200: 57.277: [Unloading, 0.0007214 secs], 0.0026647 secs]
 [Times: user=0.00 sys=0.00, real=0.00 secs] 
2020-09-29T12:33:49.921+0200: 57.279: [GC cleanup 1179M->33M(2048M), 0.0025883 secs]
 [Times: user=0.00 sys=0.00, real=0.00 secs] 
2020-09-29T12:33:49.924+0200: 57.282: [GC concurrent-cleanup-start]
2020-09-29T12:33:49.926+0200: 57.284: [GC concurrent-cleanup-end, 0.0026669 secs]
2020-09-29T12:33:50.192+0200: 57.550: [GC pause (G1 Evacuation Pause) (young), 0.2733951 secs]
   [Parallel Time: 271.7 ms, GC Workers: 8]
      [GC Worker Start (ms): Min: 57550.2, Avg: 57550.3, Max: 57550.5, Diff: 0.2]
      [Ext Root Scanning (ms): Min: 0.0, Avg: 0.1, Max: 0.2, Diff: 0.2, Sum: 0.8]
      [Update RS (ms): Min: 36.7, Avg: 36.9, Max: 37.1, Diff: 0.4, Sum: 295.2]
         [Processed Buffers: Min: 16, Avg: 26.1, Max: 30, Diff: 14, Sum: 209]
      [Scan RS (ms): Min: 20.9, Avg: 21.2, Max: 21.5, Diff: 0.6, Sum: 169.8]
      [Code Root Scanning (ms): Min: 0.0, Avg: 0.0, Max: 0.0, Diff: 0.0, Sum: 0.0]
      [Object Copy (ms): Min: 212.8, Avg: 212.9, Max: 213.0, Diff: 0.2, Sum: 1703.3]
      [Termination (ms): Min: 0.0, Avg: 0.2, Max: 0.3, Diff: 0.2, Sum: 1.6]
         [Termination Attempts: Min: 1, Avg: 631.6, Max: 792, Diff: 791, Sum: 5053]
      [GC Worker Other (ms): Min: 0.0, Avg: 0.0, Max: 0.0, Diff: 0.0, Sum: 0.2]
      [GC Worker Total (ms): Min: 271.2, Avg: 271.4, Max: 271.5, Diff: 0.2, Sum: 2170.9]
      [GC Worker End (ms): Min: 57821.7, Avg: 57821.7, Max: 57821.7, Diff: 0.0]
   [Code Root Fixup: 0.0 ms]
   [Code Root Purge: 0.0 ms]
   [Clear CT: 0.3 ms]
   [Other: 1.5 ms]
      [Choose CSet: 0.0 ms]
      [Ref Proc: 0.3 ms]
      [Ref Enq: 0.0 ms]
      [Redirty Cards: 0.4 ms]
      [Humongous Register: 0.1 ms]
      [Humongous Reclaim: 0.0 ms]
      [Free CSet: 0.4 ms]
   [Eden: 335.0M(335.0M)->0.0B(220.0M) Survivors: 11.0M->44.0M Heap: 410.7M(2048.0M)->402.7M(2048.0M)]
 [Times: user=2.11 sys=0.00, real=0.27 secs] 
2020-09-29T12:33:50.665+0200: 58.023: [GC pause (G1 Evacuation Pause) (young), 0.2236462 secs]
   [Parallel Time: 222.0 ms, GC Workers: 8]
      [GC Worker Start (ms): Min: 58023.4, Avg: 58023.6, Max: 58023.7, Diff: 0.2]
      [Ext Root Scanning (ms): Min: 0.0, Avg: 0.1, Max: 0.2, Diff: 0.2, Sum: 0.8]
      [Update RS (ms): Min: 25.4, Avg: 25.5, Max: 26.0, Diff: 0.7, Sum: 204.3]
         [Processed Buffers: Min: 18, Avg: 19.4, Max: 21, Diff: 3, Sum: 155]
      [Scan RS (ms): Min: 17.4, Avg: 17.9, Max: 18.2, Diff: 0.7, Sum: 143.5]
      [Code Root Scanning (ms): Min: 0.0, Avg: 0.0, Max: 0.0, Diff: 0.0, Sum: 0.0]
      [Object Copy (ms): Min: 177.9, Avg: 178.0, Max: 178.0, Diff: 0.2, Sum: 1423.7]
      [Termination (ms): Min: 0.0, Avg: 0.2, Max: 0.2, Diff: 0.2, Sum: 1.3]
         [Termination Attempts: Min: 1, Avg: 602.4, Max: 812, Diff: 811, Sum: 4819]
      [GC Worker Other (ms): Min: 0.0, Avg: 0.1, Max: 0.1, Diff: 0.1, Sum: 0.4]
      [GC Worker Total (ms): Min: 221.7, Avg: 221.7, Max: 221.9, Diff: 0.2, Sum: 1774.0]
      [GC Worker End (ms): Min: 58245.3, Avg: 58245.3, Max: 58245.4, Diff: 0.1]
   [Code Root Fixup: 0.0 ms]
   [Code Root Purge: 0.0 ms]
   [Clear CT: 0.3 ms]
   [Other: 1.4 ms]
      [Choose CSet: 0.0 ms]
      [Ref Proc: 0.4 ms]
      [Ref Enq: 0.0 ms]
      [Redirty Cards: 0.3 ms]
      [Humongous Register: 0.1 ms]
      [Humongous Reclaim: 0.0 ms]
      [Free CSet: 0.3 ms]
   [Eden: 220.0M(220.0M)->0.0B(187.0M) Survivors: 44.0M->33.0M Heap: 659.0M(2048.0M)->661.0M(2048.0M)]
 [Times: user=1.73 sys=0.00, real=0.22 secs] 
2020-09-29T12:33:51.057+0200: 58.415: [GC pause (G1 Evacuation Pause) (young), 0.1711050 secs]
   [Parallel Time: 169.0 ms, GC Workers: 8]
      [GC Worker Start (ms): Min: 58415.1, Avg: 58415.3, Max: 58415.4, Diff: 0.3]
      [Ext Root Scanning (ms): Min: 0.0, Avg: 0.1, Max: 0.2, Diff: 0.2, Sum: 0.7]
      [Update RS (ms): Min: 21.1, Avg: 21.3, Max: 22.2, Diff: 1.2, Sum: 170.7]
         [Processed Buffers: Min: 15, Avg: 15.8, Max: 16, Diff: 1, Sum: 126]
      [Scan RS (ms): Min: 12.6, Avg: 13.4, Max: 13.7, Diff: 1.1, Sum: 107.6]
      [Code Root Scanning (ms): Min: 0.0, Avg: 0.0, Max: 0.0, Diff: 0.0, Sum: 0.0]
      [Object Copy (ms): Min: 133.7, Avg: 133.8, Max: 133.8, Diff: 0.1, Sum: 1070.2]
      [Termination (ms): Min: 0.0, Avg: 0.0, Max: 0.0, Diff: 0.0, Sum: 0.1]
         [Termination Attempts: Min: 1, Avg: 23.6, Max: 33, Diff: 32, Sum: 189]
      [GC Worker Other (ms): Min: 0.0, Avg: 0.1, Max: 0.1, Diff: 0.1, Sum: 0.5]
      [GC Worker Total (ms): Min: 168.6, Avg: 168.7, Max: 168.9, Diff: 0.3, Sum: 1349.8]
      [GC Worker End (ms): Min: 58583.9, Avg: 58584.0, Max: 58584.0, Diff: 0.1]
   [Code Root Fixup: 0.0 ms]
   [Code Root Purge: 0.0 ms]
   [Clear CT: 0.4 ms]
   [Other: 1.6 ms]
      [Choose CSet: 0.0 ms]
      [Ref Proc: 0.4 ms]
      [Ref Enq: 0.0 ms]
      [Redirty Cards: 0.6 ms]
      [Humongous Register: 0.1 ms]
      [Humongous Reclaim: 0.0 ms]
      [Free CSet: 0.3 ms]
   [Eden: 187.0M(187.0M)->0.0B(187.0M) Survivors: 33.0M->28.0M Heap: 878.5M(2048.0M)->880.5M(2048.0M)]
 [Times: user=1.38 sys=0.00, real=0.17 secs] 
2020-09-29T12:33:51.389+0200: 58.747: [GC pause (G1 Evacuation Pause) (young), 0.1736646 secs]
   [Parallel Time: 172.1 ms, GC Workers: 8]
      [GC Worker Start (ms): Min: 58747.1, Avg: 58747.3, Max: 58747.4, Diff: 0.3]
      [Ext Root Scanning (ms): Min: 0.0, Avg: 0.1, Max: 0.2, Diff: 0.2, Sum: 0.6]
      [Update RS (ms): Min: 19.5, Avg: 19.7, Max: 20.7, Diff: 1.2, Sum: 158.0]
         [Processed Buffers: Min: 14, Avg: 15.8, Max: 18, Diff: 4, Sum: 126]
      [Scan RS (ms): Min: 13.5, Avg: 14.6, Max: 14.8, Diff: 1.3, Sum: 116.7]
      [Code Root Scanning (ms): Min: 0.0, Avg: 0.0, Max: 0.0, Diff: 0.0, Sum: 0.0]
      [Object Copy (ms): Min: 137.1, Avg: 137.2, Max: 137.3, Diff: 0.1, Sum: 1097.6]
      [Termination (ms): Min: 0.0, Avg: 0.1, Max: 0.1, Diff: 0.1, Sum: 0.6]
         [Termination Attempts: Min: 1, Avg: 317.5, Max: 419, Diff: 418, Sum: 2540]
      [GC Worker Other (ms): Min: 0.0, Avg: 0.0, Max: 0.1, Diff: 0.0, Sum: 0.2]
      [GC Worker Total (ms): Min: 171.6, Avg: 171.7, Max: 171.9, Diff: 0.3, Sum: 1373.8]
      [GC Worker End (ms): Min: 58919.0, Avg: 58919.0, Max: 58919.0, Diff: 0.0]
   [Code Root Fixup: 0.0 ms]
   [Code Root Purge: 0.0 ms]
   [Clear CT: 0.3 ms]
   [Other: 1.3 ms]
      [Choose CSet: 0.0 ms]
      [Ref Proc: 0.3 ms]
      [Ref Enq: 0.0 ms]
      [Redirty Cards: 0.3 ms]
      [Humongous Register: 0.1 ms]
      [Humongous Reclaim: 0.0 ms]
      [Free CSet: 0.3 ms]
   [Eden: 187.0M(187.0M)->0.0B(185.0M) Survivors: 28.0M->27.0M Heap: 1099.9M(2048.0M)->1101.4M(2048.0M)]
 [Times: user=1.36 sys=0.00, real=0.17 secs] 
2020-09-29T12:33:51.574+0200: 58.932: [GC pause (G1 Humongous Allocation) (young) (initial-mark), 0.0773403 secs]
   [Parallel Time: 76.0 ms, GC Workers: 8]
      [GC Worker Start (ms): Min: 58932.6, Avg: 58932.8, Max: 58932.9, Diff: 0.3]
      [Ext Root Scanning (ms): Min: 0.0, Avg: 1.5, Max: 3.8, Diff: 3.8, Sum: 12.0]
      [Update RS (ms): Min: 35.5, Avg: 38.9, Max: 42.5, Diff: 7.0, Sum: 311.1]
         [Processed Buffers: Min: 24, Avg: 28.0, Max: 31, Diff: 7, Sum: 224]
      [Scan RS (ms): Min: 0.0, Avg: 2.9, Max: 3.8, Diff: 3.8, Sum: 22.8]
      [Code Root Scanning (ms): Min: 0.0, Avg: 0.0, Max: 0.0, Diff: 0.0, Sum: 0.0]
      [Object Copy (ms): Min: 29.3, Avg: 32.3, Max: 32.8, Diff: 3.5, Sum: 258.6]
      [Termination (ms): Min: 0.0, Avg: 0.1, Max: 0.1, Diff: 0.1, Sum: 0.5]
         [Termination Attempts: Min: 1, Avg: 270.3, Max: 325, Diff: 324, Sum: 2162]
      [GC Worker Other (ms): Min: 0.0, Avg: 0.0, Max: 0.0, Diff: 0.0, Sum: 0.2]
      [GC Worker Total (ms): Min: 75.5, Avg: 75.7, Max: 75.8, Diff: 0.3, Sum: 605.3]
      [GC Worker End (ms): Min: 59008.4, Avg: 59008.4, Max: 59008.5, Diff: 0.0]
   [Code Root Fixup: 0.0 ms]
   [Code Root Purge: 0.0 ms]
   [Clear CT: 0.3 ms]
   [Other: 1.0 ms]
      [Choose CSet: 0.0 ms]
      [Ref Proc: 0.2 ms]
      [Ref Enq: 0.0 ms]
      [Redirty Cards: 0.2 ms]
      [Humongous Register: 0.1 ms]
      [Humongous Reclaim: 0.0 ms]
      [Free CSet: 0.1 ms]
   [Eden: 10.0M(185.0M)->0.0B(177.0M) Survivors: 27.0M->12.0M Heap: 1110.9M(2048.0M)->1114.4M(2048.0M)]
 [Times: user=0.59 sys=0.00, real=0.08 secs] 
2020-09-29T12:33:51.652+0200: 59.010: [GC concurrent-root-region-scan-start]
2020-09-29T12:33:51.657+0200: 59.015: [GC concurrent-root-region-scan-end, 0.0049458 secs]
2020-09-29T12:33:51.657+0200: 59.015: [GC concurrent-mark-start]
2020-09-29T12:33:51.662+0200: 59.020: [GC concurrent-mark-end, 0.0049873 secs]
2020-09-29T12:33:51.662+0200: 59.020: [GC remark 2020-09-29T12:33:51.662+0200: 59.020: [Finalize Marking, 0.0016559 secs] 2020-09-29T12:33:51.664+0200: 59.022: [GC ref-proc, 0.0005615 secs] 2020-09-29T12:33:51.665+0200: 59.023: [Unloading, 0.0018867 secs], 0.0053791 secs]
 [Times: user=0.00 sys=0.00, real=0.01 secs] 
2020-09-29T12:33:51.668+0200: 59.027: [GC cleanup 1127M->32M(2048M), 0.0019602 secs]
 [Times: user=0.00 sys=0.00, real=0.00 secs] 
2020-09-29T12:33:51.670+0200: 59.029: [GC concurrent-cleanup-start]
2020-09-29T12:33:51.674+0200: 59.032: [GC concurrent-cleanup-end, 0.0033824 secs]
2020-09-29T12:33:51.813+0200: 59.171: [GC pause (G1 Evacuation Pause) (young), 0.1641586 secs]
   [Parallel Time: 161.8 ms, GC Workers: 8]
      [GC Worker Start (ms): Min: 59171.3, Avg: 59171.5, Max: 59171.6, Diff: 0.3]
      [Ext Root Scanning (ms): Min: 0.0, Avg: 0.1, Max: 0.2, Diff: 0.2, Sum: 0.7]
      [Update RS (ms): Min: 18.9, Avg: 19.2, Max: 19.6, Diff: 0.7, Sum: 153.7]
         [Processed Buffers: Min: 13, Avg: 14.6, Max: 16, Diff: 3, Sum: 117]
      [Scan RS (ms): Min: 9.7, Avg: 10.1, Max: 10.4, Diff: 0.7, Sum: 80.8]
      [Code Root Scanning (ms): Min: 0.0, Avg: 0.0, Max: 0.0, Diff: 0.0, Sum: 0.0]
      [Object Copy (ms): Min: 131.7, Avg: 131.8, Max: 132.1, Diff: 0.4, Sum: 1054.6]
      [Termination (ms): Min: 0.0, Avg: 0.2, Max: 0.3, Diff: 0.3, Sum: 1.6]
         [Termination Attempts: Min: 1, Avg: 850.1, Max: 1144, Diff: 1143, Sum: 6801]
      [GC Worker Other (ms): Min: 0.0, Avg: 0.0, Max: 0.1, Diff: 0.1, Sum: 0.4]
      [GC Worker Total (ms): Min: 161.4, Avg: 161.5, Max: 161.6, Diff: 0.2, Sum: 1291.8]
      [GC Worker End (ms): Min: 59332.9, Avg: 59333.0, Max: 59333.0, Diff: 0.1]
   [Code Root Fixup: 0.0 ms]
   [Code Root Purge: 0.0 ms]
   [Clear CT: 0.8 ms]
   [Other: 1.6 ms]
      [Choose CSet: 0.0 ms]
      [Ref Proc: 0.6 ms]
      [Ref Enq: 0.0 ms]
      [Redirty Cards: 0.6 ms]
      [Humongous Register: 0.1 ms]
      [Humongous Reclaim: 0.0 ms]
      [Free CSet: 0.2 ms]
   [Eden: 177.0M(177.0M)->0.0B(170.0M) Survivors: 12.0M->24.0M Heap: 227.0M(2048.0M)->217.0M(2048.0M)]
 [Times: user=1.36 sys=0.00, real=0.16 secs] 
2020-09-29T12:33:52.118+0200: 59.476: [GC pause (G1 Evacuation Pause) (young), 0.1682420 secs]
   [Parallel Time: 166.7 ms, GC Workers: 8]
      [GC Worker Start (ms): Min: 59476.5, Avg: 59476.6, Max: 59476.8, Diff: 0.3]
      [Ext Root Scanning (ms): Min: 0.0, Avg: 0.1, Max: 0.2, Diff: 0.2, Sum: 0.9]
      [Update RS (ms): Min: 25.8, Avg: 26.2, Max: 27.3, Diff: 1.5, Sum: 209.4]
         [Processed Buffers: Min: 13, Avg: 16.8, Max: 19, Diff: 6, Sum: 134]
      [Scan RS (ms): Min: 14.7, Avg: 15.9, Max: 16.4, Diff: 1.6, Sum: 127.5]
      [Code Root Scanning (ms): Min: 0.0, Avg: 0.0, Max: 0.0, Diff: 0.0, Sum: 0.0]
      [Object Copy (ms): Min: 123.8, Avg: 124.0, Max: 124.1, Diff: 0.3, Sum: 991.7]
      [Termination (ms): Min: 0.0, Avg: 0.0, Max: 0.0, Diff: 0.0, Sum: 0.3]
         [Termination Attempts: Min: 1, Avg: 135.3, Max: 178, Diff: 177, Sum: 1082]
      [GC Worker Other (ms): Min: 0.0, Avg: 0.0, Max: 0.1, Diff: 0.1, Sum: 0.4]
      [GC Worker Total (ms): Min: 166.1, Avg: 166.3, Max: 166.4, Diff: 0.3, Sum: 1330.2]
      [GC Worker End (ms): Min: 59642.9, Avg: 59642.9, Max: 59643.0, Diff: 0.1]
   [Code Root Fixup: 0.0 ms]
   [Code Root Purge: 0.0 ms]
   [Clear CT: 0.4 ms]
   [Other: 1.2 ms]
      [Choose CSet: 0.0 ms]
      [Ref Proc: 0.3 ms]
      [Ref Enq: 0.0 ms]
      [Redirty Cards: 0.3 ms]
      [Humongous Register: 0.1 ms]
      [Humongous Reclaim: 0.0 ms]
      [Free CSet: 0.2 ms]
   [Eden: 170.0M(170.0M)->0.0B(166.0M) Survivors: 24.0M->25.0M Heap: 415.6M(2048.0M)->417.6M(2048.0M)]
 [Times: user=1.31 sys=0.06, real=0.17 secs] 
2020-09-29T12:33:52.426+0200: 59.784: [GC pause (G1 Evacuation Pause) (young), 0.1490092 secs]
   [Parallel Time: 147.6 ms, GC Workers: 8]
      [GC Worker Start (ms): Min: 59784.1, Avg: 59784.2, Max: 59784.3, Diff: 0.2]
      [Ext Root Scanning (ms): Min: 0.0, Avg: 0.1, Max: 0.2, Diff: 0.2, Sum: 0.7]
      [Update RS (ms): Min: 18.4, Avg: 18.6, Max: 19.3, Diff: 0.9, Sum: 148.8]
         [Processed Buffers: Min: 13, Avg: 13.9, Max: 15, Diff: 2, Sum: 111]
      [Scan RS (ms): Min: 10.9, Avg: 11.7, Max: 11.9, Diff: 1.0, Sum: 93.7]
      [Code Root Scanning (ms): Min: 0.0, Avg: 0.0, Max: 0.0, Diff: 0.0, Sum: 0.0]
      [Object Copy (ms): Min: 116.7, Avg: 116.8, Max: 116.9, Diff: 0.1, Sum: 934.1]
      [Termination (ms): Min: 0.0, Avg: 0.0, Max: 0.0, Diff: 0.0, Sum: 0.1]
         [Termination Attempts: Min: 1, Avg: 32.5, Max: 45, Diff: 44, Sum: 260]
      [GC Worker Other (ms): Min: 0.0, Avg: 0.0, Max: 0.1, Diff: 0.1, Sum: 0.3]
      [GC Worker Total (ms): Min: 147.1, Avg: 147.2, Max: 147.3, Diff: 0.2, Sum: 1177.7]
      [GC Worker End (ms): Min: 59931.4, Avg: 59931.4, Max: 59931.5, Diff: 0.1]
   [Code Root Fixup: 0.0 ms]
   [Code Root Purge: 0.0 ms]
   [Clear CT: 0.2 ms]
   [Other: 1.2 ms]
      [Choose CSet: 0.0 ms]
      [Ref Proc: 0.3 ms]
      [Ref Enq: 0.0 ms]
      [Redirty Cards: 0.3 ms]
      [Humongous Register: 0.1 ms]
      [Humongous Reclaim: 0.0 ms]
      [Free CSet: 0.2 ms]
   [Eden: 166.0M(166.0M)->0.0B(178.0M) Survivors: 25.0M->24.0M Heap: 610.3M(2048.0M)->611.8M(2048.0M)]
 [Times: user=1.11 sys=0.00, real=0.15 secs] 
2020-09-29T12:33:52.745+0200: 60.104: [GC pause (G1 Evacuation Pause) (young), 0.1633354 secs]
   [Parallel Time: 161.7 ms, GC Workers: 8]
      [GC Worker Start (ms): Min: 60103.7, Avg: 60103.8, Max: 60103.9, Diff: 0.2]
      [Ext Root Scanning (ms): Min: 0.0, Avg: 0.1, Max: 0.2, Diff: 0.2, Sum: 0.8]
      [Update RS (ms): Min: 19.7, Avg: 19.9, Max: 20.5, Diff: 0.8, Sum: 159.5]
         [Processed Buffers: Min: 15, Avg: 15.5, Max: 16, Diff: 1, Sum: 124]
      [Scan RS (ms): Min: 12.5, Avg: 12.9, Max: 13.1, Diff: 0.6, Sum: 103.3]
      [Code Root Scanning (ms): Min: 0.0, Avg: 0.0, Max: 0.0, Diff: 0.0, Sum: 0.0]
      [Object Copy (ms): Min: 128.2, Avg: 128.4, Max: 128.5, Diff: 0.3, Sum: 1027.0]
      [Termination (ms): Min: 0.0, Avg: 0.1, Max: 0.1, Diff: 0.1, Sum: 0.5]
         [Termination Attempts: Min: 1, Avg: 240.4, Max: 302, Diff: 301, Sum: 1923]
      [GC Worker Other (ms): Min: 0.0, Avg: 0.0, Max: 0.1, Diff: 0.1, Sum: 0.4]
      [GC Worker Total (ms): Min: 161.4, Avg: 161.4, Max: 161.6, Diff: 0.2, Sum: 1291.5]
      [GC Worker End (ms): Min: 60265.2, Avg: 60265.2, Max: 60265.3, Diff: 0.1]
   [Code Root Fixup: 0.0 ms]
   [Code Root Purge: 0.0 ms]
   [Clear CT: 0.3 ms]
   [Other: 1.3 ms]
      [Choose CSet: 0.0 ms]
      [Ref Proc: 0.3 ms]
      [Ref Enq: 0.0 ms]
      [Redirty Cards: 0.4 ms]
      [Humongous Register: 0.1 ms]
      [Humongous Reclaim: 0.0 ms]
      [Free CSet: 0.3 ms]
   [Eden: 178.0M(178.0M)->0.0B(184.0M) Survivors: 24.0M->26.0M Heap: 820.3M(2048.0M)->822.3M(2048.0M)]
 [Times: user=1.22 sys=0.02, real=0.16 secs] 
2020-09-29T12:33:53.073+0200: 60.431: [GC pause (G1 Evacuation Pause) (young), 0.1664360 secs]
   [Parallel Time: 162.1 ms, GC Workers: 8]
      [GC Worker Start (ms): Min: 60431.0, Avg: 60431.2, Max: 60431.3, Diff: 0.3]
      [Ext Root Scanning (ms): Min: 0.0, Avg: 0.1, Max: 0.2, Diff: 0.2, Sum: 0.7]
      [Update RS (ms): Min: 21.2, Avg: 21.4, Max: 21.9, Diff: 0.7, Sum: 171.3]
         [Processed Buffers: Min: 15, Avg: 16.4, Max: 18, Diff: 3, Sum: 131]
      [Scan RS (ms): Min: 12.3, Avg: 12.9, Max: 13.1, Diff: 0.8, Sum: 103.0]
      [Code Root Scanning (ms): Min: 0.0, Avg: 0.0, Max: 0.0, Diff: 0.0, Sum: 0.0]
      [Object Copy (ms): Min: 127.0, Avg: 127.2, Max: 127.3, Diff: 0.2, Sum: 1017.7]
      [Termination (ms): Min: 0.0, Avg: 0.0, Max: 0.0, Diff: 0.0, Sum: 0.0]
         [Termination Attempts: Min: 1, Avg: 5.6, Max: 10, Diff: 9, Sum: 45]
      [GC Worker Other (ms): Min: 0.0, Avg: 0.1, Max: 0.1, Diff: 0.1, Sum: 0.5]
      [GC Worker Total (ms): Min: 161.5, Avg: 161.7, Max: 161.8, Diff: 0.3, Sum: 1293.2]
      [GC Worker End (ms): Min: 60592.8, Avg: 60592.8, Max: 60592.9, Diff: 0.1]
   [Code Root Fixup: 0.0 ms]
   [Code Root Purge: 0.0 ms]
   [Clear CT: 1.1 ms]
   [Other: 3.3 ms]
      [Choose CSet: 0.0 ms]
      [Ref Proc: 0.3 ms]
      [Ref Enq: 0.0 ms]
      [Redirty Cards: 2.3 ms]
      [Humongous Register: 0.1 ms]
      [Humongous Reclaim: 0.0 ms]
      [Free CSet: 0.5 ms]
   [Eden: 184.0M(184.0M)->0.0B(188.0M) Survivors: 26.0M->27.0M Heap: 1036.9M(2048.0M)->1038.4M(2048.0M)]
 [Times: user=1.25 sys=0.00, real=0.17 secs] 
2020-09-29T12:33:53.247+0200: 60.605: [GC pause (G1 Humongous Allocation) (young) (initial-mark), 0.0765482 secs]
   [Parallel Time: 75.5 ms, GC Workers: 8]
      [GC Worker Start (ms): Min: 60605.6, Avg: 60605.8, Max: 60606.0, Diff: 0.4]
      [Ext Root Scanning (ms): Min: 0.0, Avg: 0.3, Max: 0.5, Diff: 0.5, Sum: 2.5]
      [Update RS (ms): Min: 38.0, Avg: 38.2, Max: 38.5, Diff: 0.5, Sum: 305.7]
         [Processed Buffers: Min: 27, Avg: 29.5, Max: 32, Diff: 5, Sum: 236]
      [Scan RS (ms): Min: 2.3, Avg: 2.5, Max: 2.7, Diff: 0.4, Sum: 20.1]
      [Code Root Scanning (ms): Min: 0.0, Avg: 0.0, Max: 0.0, Diff: 0.0, Sum: 0.0]
      [Object Copy (ms): Min: 33.9, Avg: 34.0, Max: 34.1, Diff: 0.2, Sum: 272.0]
      [Termination (ms): Min: 0.0, Avg: 0.0, Max: 0.0, Diff: 0.0, Sum: 0.3]
         [Termination Attempts: Min: 1, Avg: 127.5, Max: 168, Diff: 167, Sum: 1020]
      [GC Worker Other (ms): Min: 0.0, Avg: 0.0, Max: 0.0, Diff: 0.0, Sum: 0.2]
      [GC Worker Total (ms): Min: 74.9, Avg: 75.1, Max: 75.3, Diff: 0.4, Sum: 600.9]
      [GC Worker End (ms): Min: 60680.9, Avg: 60680.9, Max: 60681.0, Diff: 0.0]
   [Code Root Fixup: 0.0 ms]
   [Code Root Purge: 0.0 ms]
   [Clear CT: 0.2 ms]
   [Other: 0.9 ms]
      [Choose CSet: 0.0 ms]
      [Ref Proc: 0.3 ms]
      [Ref Enq: 0.0 ms]
      [Redirty Cards: 0.2 ms]
      [Humongous Register: 0.0 ms]
      [Humongous Reclaim: 0.0 ms]
      [Free CSet: 0.1 ms]
   [Eden: 7168.0K(188.0M)->0.0B(171.0M) Survivors: 27.0M->8192.0K Heap: 1044.9M(2048.0M)->1047.4M(2048.0M)]
 [Times: user=0.58 sys=0.01, real=0.08 secs] 
2020-09-29T12:33:53.324+0200: 60.682: [GC concurrent-root-region-scan-start]
2020-09-29T12:33:53.326+0200: 60.685: [GC concurrent-root-region-scan-end, 0.0024418 secs]
2020-09-29T12:33:53.326+0200: 60.685: [GC concurrent-mark-start]
2020-09-29T12:33:53.330+0200: 60.688: [GC concurrent-mark-end, 0.0034014 secs]
2020-09-29T12:33:53.330+0200: 60.689: [GC remark 2020-09-29T12:33:53.330+0200: 60.689: [Finalize Marking, 0.0003350 secs] 2020-09-29T12:33:53.331+0200: 60.689: [GC ref-proc, 0.0004370 secs] 2020-09-29T12:33:53.331+0200: 60.689: [Unloading, 0.0006476 secs], 0.0018204 secs]
 [Times: user=0.13 sys=0.00, real=0.00 secs] 
2020-09-29T12:33:53.333+0200: 60.691: [GC cleanup 1057M->25M(2048M), 0.0017417 secs]
 [Times: user=0.00 sys=0.00, real=0.00 secs] 
2020-09-29T12:33:53.335+0200: 60.693: [GC concurrent-cleanup-start]
2020-09-29T12:33:53.336+0200: 60.695: [GC concurrent-cleanup-end, 0.0019075 secs]
2020-09-29T12:33:53.471+0200: 60.829: [GC pause (G1 Evacuation Pause) (young), 0.1574488 secs]
   [Parallel Time: 156.0 ms, GC Workers: 8]
      [GC Worker Start (ms): Min: 60829.1, Avg: 60829.2, Max: 60829.3, Diff: 0.2]
      [Ext Root Scanning (ms): Min: 0.0, Avg: 0.1, Max: 0.2, Diff: 0.2, Sum: 0.8]
      [Update RS (ms): Min: 26.4, Avg: 27.1, Max: 28.4, Diff: 2.0, Sum: 217.0]
         [Processed Buffers: Min: 5, Avg: 15.6, Max: 18, Diff: 13, Sum: 125]
      [Scan RS (ms): Min: 11.9, Avg: 13.3, Max: 14.0, Diff: 2.1, Sum: 106.3]
      [Code Root Scanning (ms): Min: 0.0, Avg: 0.0, Max: 0.0, Diff: 0.0, Sum: 0.0]
      [Object Copy (ms): Min: 115.1, Avg: 115.1, Max: 115.2, Diff: 0.1, Sum: 921.0]
      [Termination (ms): Min: 0.0, Avg: 0.0, Max: 0.0, Diff: 0.0, Sum: 0.2]
         [Termination Attempts: Min: 1, Avg: 112.8, Max: 153, Diff: 152, Sum: 902]
      [GC Worker Other (ms): Min: 0.0, Avg: 0.0, Max: 0.1, Diff: 0.1, Sum: 0.4]
      [GC Worker Total (ms): Min: 155.6, Avg: 155.7, Max: 155.9, Diff: 0.3, Sum: 1245.6]
      [GC Worker End (ms): Min: 60984.9, Avg: 60984.9, Max: 60984.9, Diff: 0.1]
   [Code Root Fixup: 0.0 ms]
   [Code Root Purge: 0.0 ms]
   [Clear CT: 0.2 ms]
   [Other: 1.2 ms]
      [Choose CSet: 0.0 ms]
      [Ref Proc: 0.3 ms]
      [Ref Enq: 0.0 ms]
      [Redirty Cards: 0.3 ms]
      [Humongous Register: 0.1 ms]
      [Humongous Reclaim: 0.0 ms]
      [Free CSet: 0.2 ms]
   [Eden: 171.0M(171.0M)->0.0B(159.0M) Survivors: 8192.0K->23.0M Heap: 215.1M(2048.0M)->209.1M(2048.0M)]
 [Times: user=1.13 sys=0.09, real=0.16 secs] 
2020-09-29T12:33:53.763+0200: 61.121: [GC pause (G1 Evacuation Pause) (young), 0.1405279 secs]
   [Parallel Time: 139.0 ms, GC Workers: 8]
      [GC Worker Start (ms): Min: 61121.6, Avg: 61121.7, Max: 61121.8, Diff: 0.2]
      [Ext Root Scanning (ms): Min: 0.0, Avg: 0.1, Max: 0.2, Diff: 0.2, Sum: 0.9]
      [Update RS (ms): Min: 14.0, Avg: 14.4, Max: 15.3, Diff: 1.3, Sum: 115.1]
         [Processed Buffers: Min: 10, Avg: 10.9, Max: 11, Diff: 1, Sum: 87]
      [Scan RS (ms): Min: 12.6, Avg: 13.4, Max: 13.8, Diff: 1.2, Sum: 107.4]
      [Code Root Scanning (ms): Min: 0.0, Avg: 0.0, Max: 0.0, Diff: 0.0, Sum: 0.0]
      [Object Copy (ms): Min: 110.7, Avg: 110.7, Max: 110.8, Diff: 0.1, Sum: 885.8]
      [Termination (ms): Min: 0.0, Avg: 0.0, Max: 0.0, Diff: 0.0, Sum: 0.1]
         [Termination Attempts: Min: 1, Avg: 33.5, Max: 46, Diff: 45, Sum: 268]
      [GC Worker Other (ms): Min: 0.0, Avg: 0.1, Max: 0.1, Diff: 0.1, Sum: 0.5]
      [GC Worker Total (ms): Min: 138.6, Avg: 138.7, Max: 138.8, Diff: 0.2, Sum: 1109.8]
      [GC Worker End (ms): Min: 61260.4, Avg: 61260.4, Max: 61260.5, Diff: 0.1]
   [Code Root Fixup: 0.0 ms]
   [Code Root Purge: 0.0 ms]
   [Clear CT: 0.3 ms]
   [Other: 1.2 ms]
      [Choose CSet: 0.0 ms]
      [Ref Proc: 0.3 ms]
      [Ref Enq: 0.0 ms]
      [Redirty Cards: 0.4 ms]
      [Humongous Register: 0.1 ms]
      [Humongous Reclaim: 0.0 ms]
      [Free CSet: 0.2 ms]
   [Eden: 159.0M(159.0M)->0.0B(170.0M) Survivors: 23.0M->23.0M Heap: 394.8M(2048.0M)->396.8M(2048.0M)]
 [Times: user=1.13 sys=0.00, real=0.14 secs] 
2020-09-29T12:33:54.048+0200: 61.406: [GC pause (G1 Evacuation Pause) (young), 0.1521125 secs]
   [Parallel Time: 150.3 ms, GC Workers: 8]
      [GC Worker Start (ms): Min: 61406.4, Avg: 61406.5, Max: 61406.6, Diff: 0.2]
      [Ext Root Scanning (ms): Min: 0.0, Avg: 0.1, Max: 0.2, Diff: 0.2, Sum: 0.7]
      [Update RS (ms): Min: 17.4, Avg: 17.9, Max: 18.3, Diff: 0.8, Sum: 143.1]
         [Processed Buffers: Min: 13, Avg: 13.5, Max: 15, Diff: 2, Sum: 108]
      [Scan RS (ms): Min: 12.4, Avg: 12.7, Max: 13.2, Diff: 0.8, Sum: 101.7]
      [Code Root Scanning (ms): Min: 0.0, Avg: 0.0, Max: 0.0, Diff: 0.0, Sum: 0.0]
      [Object Copy (ms): Min: 119.2, Avg: 119.2, Max: 119.3, Diff: 0.1, Sum: 953.8]
      [Termination (ms): Min: 0.0, Avg: 0.0, Max: 0.0, Diff: 0.0, Sum: 0.2]
         [Termination Attempts: Min: 1, Avg: 83.6, Max: 123, Diff: 122, Sum: 669]
      [GC Worker Other (ms): Min: 0.0, Avg: 0.0, Max: 0.1, Diff: 0.1, Sum: 0.3]
      [GC Worker Total (ms): Min: 149.9, Avg: 150.0, Max: 150.1, Diff: 0.2, Sum: 1199.8]
      [GC Worker End (ms): Min: 61556.5, Avg: 61556.5, Max: 61556.5, Diff: 0.1]
   [Code Root Fixup: 0.0 ms]
   [Code Root Purge: 0.0 ms]
   [Clear CT: 0.4 ms]
   [Other: 1.4 ms]
      [Choose CSet: 0.0 ms]
      [Ref Proc: 0.4 ms]
      [Ref Enq: 0.0 ms]
      [Redirty Cards: 0.5 ms]
      [Humongous Register: 0.1 ms]
      [Humongous Reclaim: 0.0 ms]
      [Free CSet: 0.1 ms]
   [Eden: 170.0M(170.0M)->0.0B(179.0M) Survivors: 23.0M->25.0M Heap: 595.4M(2048.0M)->597.9M(2048.0M)]
 [Times: user=1.25 sys=0.00, real=0.15 secs] 
2020-09-29T12:33:54.352+0200: 61.710: [GC pause (G1 Evacuation Pause) (young), 0.1872985 secs]
   [Parallel Time: 185.8 ms, GC Workers: 8]
      [GC Worker Start (ms): Min: 61709.8, Avg: 61709.9, Max: 61709.9, Diff: 0.2]
      [Ext Root Scanning (ms): Min: 0.0, Avg: 0.1, Max: 0.2, Diff: 0.2, Sum: 0.9]
      [Update RS (ms): Min: 22.4, Avg: 23.6, Max: 31.2, Diff: 8.8, Sum: 188.5]
         [Processed Buffers: Min: 0, Avg: 15.0, Max: 21, Diff: 21, Sum: 120]
      [Scan RS (ms): Min: 6.5, Avg: 14.2, Max: 15.5, Diff: 9.0, Sum: 113.3]
      [Code Root Scanning (ms): Min: 0.0, Avg: 0.0, Max: 0.0, Diff: 0.0, Sum: 0.0]
      [Object Copy (ms): Min: 147.4, Avg: 147.6, Max: 147.7, Diff: 0.4, Sum: 1180.7]
      [Termination (ms): Min: 0.0, Avg: 0.0, Max: 0.1, Diff: 0.1, Sum: 0.4]
         [Termination Attempts: Min: 1, Avg: 168.6, Max: 234, Diff: 233, Sum: 1349]
      [GC Worker Other (ms): Min: 0.0, Avg: 0.0, Max: 0.1, Diff: 0.1, Sum: 0.3]
      [GC Worker Total (ms): Min: 185.4, Avg: 185.5, Max: 185.6, Diff: 0.2, Sum: 1484.1]
      [GC Worker End (ms): Min: 61895.4, Avg: 61895.4, Max: 61895.4, Diff: 0.1]
   [Code Root Fixup: 0.0 ms]
   [Code Root Purge: 0.0 ms]
   [Clear CT: 0.3 ms]
   [Other: 1.2 ms]
      [Choose CSet: 0.0 ms]
      [Ref Proc: 0.3 ms]
      [Ref Enq: 0.0 ms]
      [Redirty Cards: 0.3 ms]
      [Humongous Register: 0.1 ms]
      [Humongous Reclaim: 0.0 ms]
      [Free CSet: 0.2 ms]
   [Eden: 179.0M(179.0M)->0.0B(175.0M) Survivors: 25.0M->26.0M Heap: 807.4M(2048.0M)->809.9M(2048.0M)]
 [Times: user=1.45 sys=0.00, real=0.19 secs] 
2020-09-29T12:33:54.697+0200: 62.055: [GC pause (G1 Evacuation Pause) (young), 0.1660461 secs]
   [Parallel Time: 164.4 ms, GC Workers: 8]
      [GC Worker Start (ms): Min: 62055.5, Avg: 62055.7, Max: 62056.1, Diff: 0.6]
      [Ext Root Scanning (ms): Min: 0.0, Avg: 0.1, Max: 0.2, Diff: 0.2, Sum: 1.0]
      [Update RS (ms): Min: 20.9, Avg: 21.3, Max: 21.8, Diff: 0.9, Sum: 170.7]
         [Processed Buffers: Min: 14, Avg: 15.4, Max: 17, Diff: 3, Sum: 123]
      [Scan RS (ms): Min: 12.1, Avg: 12.4, Max: 12.5, Diff: 0.5, Sum: 99.1]
      [Code Root Scanning (ms): Min: 0.0, Avg: 0.0, Max: 0.0, Diff: 0.0, Sum: 0.0]
      [Object Copy (ms): Min: 129.9, Avg: 130.0, Max: 130.2, Diff: 0.2, Sum: 1040.1]
      [Termination (ms): Min: 0.0, Avg: 0.1, Max: 0.2, Diff: 0.2, Sum: 1.1]
         [Termination Attempts: Min: 1, Avg: 533.3, Max: 657, Diff: 656, Sum: 4266]
      [GC Worker Other (ms): Min: 0.0, Avg: 0.0, Max: 0.1, Diff: 0.1, Sum: 0.4]
      [GC Worker Total (ms): Min: 163.6, Avg: 164.0, Max: 164.2, Diff: 0.7, Sum: 1312.2]
      [GC Worker End (ms): Min: 62219.7, Avg: 62219.7, Max: 62219.8, Diff: 0.1]
   [Code Root Fixup: 0.0 ms]
   [Code Root Purge: 0.0 ms]
   [Clear CT: 0.3 ms]
   [Other: 1.3 ms]
      [Choose CSet: 0.0 ms]
      [Ref Proc: 0.3 ms]
      [Ref Enq: 0.0 ms]
      [Redirty Cards: 0.4 ms]
      [Humongous Register: 0.1 ms]
      [Humongous Reclaim: 0.0 ms]
      [Free CSet: 0.3 ms]
   [Eden: 175.0M(175.0M)->0.0B(182.0M) Survivors: 26.0M->26.0M Heap: 1013.6M(2048.0M)->1016.1M(2048.0M)]
 [Times: user=1.25 sys=0.00, real=0.17 secs] 
2020-09-29T12:33:54.877+0200: 62.235: [GC pause (G1 Humongous Allocation) (young) (initial-mark), 0.0540922 secs]
   [Parallel Time: 52.2 ms, GC Workers: 8]
      [GC Worker Start (ms): Min: 62235.5, Avg: 62235.6, Max: 62235.6, Diff: 0.1]
      [Ext Root Scanning (ms): Min: 0.1, Avg: 0.1, Max: 0.2, Diff: 0.1, Sum: 1.1]
      [Update RS (ms): Min: 27.4, Avg: 27.8, Max: 28.5, Diff: 1.1, Sum: 222.6]
         [Processed Buffers: Min: 20, Avg: 21.4, Max: 22, Diff: 2, Sum: 171]
      [Scan RS (ms): Min: 1.9, Avg: 2.6, Max: 3.1, Diff: 1.1, Sum: 21.1]
      [Code Root Scanning (ms): Min: 0.0, Avg: 0.0, Max: 0.0, Diff: 0.0, Sum: 0.0]
      [Object Copy (ms): Min: 21.3, Avg: 21.4, Max: 21.4, Diff: 0.1, Sum: 170.8]
      [Termination (ms): Min: 0.0, Avg: 0.0, Max: 0.0, Diff: 0.0, Sum: 0.2]
         [Termination Attempts: Min: 1, Avg: 104.4, Max: 132, Diff: 131, Sum: 835]
      [GC Worker Other (ms): Min: 0.0, Avg: 0.0, Max: 0.0, Diff: 0.0, Sum: 0.2]
      [GC Worker Total (ms): Min: 51.9, Avg: 52.0, Max: 52.0, Diff: 0.1, Sum: 415.9]
      [GC Worker End (ms): Min: 62287.6, Avg: 62287.6, Max: 62287.6, Diff: 0.0]
   [Code Root Fixup: 0.0 ms]
   [Code Root Purge: 0.0 ms]
   [Clear CT: 0.3 ms]
   [Other: 1.5 ms]
      [Choose CSet: 0.0 ms]
      [Ref Proc: 0.4 ms]
      [Ref Enq: 0.0 ms]
      [Redirty Cards: 0.5 ms]
      [Humongous Register: 0.1 ms]
      [Humongous Reclaim: 0.0 ms]
      [Free CSet: 0.1 ms]
   [Eden: 5120.0K(182.0M)->0.0B(211.0M) Survivors: 26.0M->7168.0K Heap: 1020.6M(2048.0M)->1024.6M(2048.0M)]
 [Times: user=0.50 sys=0.00, real=0.05 secs] 
2020-09-29T12:33:54.932+0200: 62.290: [GC concurrent-root-region-scan-start]
2020-09-29T12:33:54.936+0200: 62.293: [GC concurrent-root-region-scan-end, 0.0035710 secs]
2020-09-29T12:33:54.936+0200: 62.293: [GC concurrent-mark-start]
2020-09-29T12:33:54.943+0200: 62.301: [GC concurrent-mark-end, 0.0071914 secs]
2020-09-29T12:33:54.943+0200: 62.301: [GC remark 2020-09-29T12:33:54.944+0200: 62.301: [Finalize Marking, 0.0005096 secs] 2020-09-29T12:33:54.944+0200: 62.302: [GC ref-proc, 0.0009667 secs] 2020-09-29T12:33:54.945+0200: 62.303: [Unloading, 0.0009840 secs], 0.0034521 secs]
 [Times: user=0.00 sys=0.00, real=0.00 secs] 
2020-09-29T12:33:54.948+0200: 62.306: [GC cleanup 1034M->24M(2048M), 0.0032091 secs]
 [Times: user=0.00 sys=0.00, real=0.00 secs] 
2020-09-29T12:33:54.951+0200: 62.309: [GC concurrent-cleanup-start]
2020-09-29T12:33:54.955+0200: 62.313: [GC concurrent-cleanup-end, 0.0038156 secs]
2020-09-29T12:33:55.191+0200: 62.549: [GC pause (G1 Evacuation Pause) (young), 0.2239963 secs]
   [Parallel Time: 221.6 ms, GC Workers: 8]
      [GC Worker Start (ms): Min: 62548.8, Avg: 62549.0, Max: 62549.1, Diff: 0.3]
      [Ext Root Scanning (ms): Min: 0.0, Avg: 0.1, Max: 0.3, Diff: 0.3, Sum: 1.1]
      [Update RS (ms): Min: 18.5, Avg: 19.1, Max: 19.7, Diff: 1.2, Sum: 153.0]
         [Processed Buffers: Min: 10, Avg: 10.0, Max: 10, Diff: 0, Sum: 80]
      [Scan RS (ms): Min: 21.9, Avg: 22.4, Max: 23.1, Diff: 1.2, Sum: 179.6]
      [Code Root Scanning (ms): Min: 0.0, Avg: 0.0, Max: 0.0, Diff: 0.0, Sum: 0.0]
      [Object Copy (ms): Min: 179.3, Avg: 179.3, Max: 179.4, Diff: 0.1, Sum: 1434.8]
      [Termination (ms): Min: 0.0, Avg: 0.1, Max: 0.1, Diff: 0.1, Sum: 0.6]
         [Termination Attempts: Min: 1, Avg: 201.4, Max: 250, Diff: 249, Sum: 1611]
      [GC Worker Other (ms): Min: 0.0, Avg: 0.1, Max: 0.1, Diff: 0.1, Sum: 0.6]
      [GC Worker Total (ms): Min: 221.1, Avg: 221.2, Max: 221.4, Diff: 0.3, Sum: 1769.7]
      [GC Worker End (ms): Min: 62770.2, Avg: 62770.2, Max: 62770.2, Diff: 0.1]
   [Code Root Fixup: 0.0 ms]
   [Code Root Purge: 0.0 ms]
   [Clear CT: 0.5 ms]
   [Other: 1.8 ms]
      [Choose CSet: 0.0 ms]
      [Ref Proc: 0.3 ms]
      [Ref Enq: 0.0 ms]
      [Redirty Cards: 0.9 ms]
      [Humongous Register: 0.1 ms]
      [Humongous Reclaim: 0.0 ms]
      [Free CSet: 0.2 ms]
   [Eden: 205.0M(205.0M)->0.0B(164.0M) Survivors: 7168.0K->27.0M Heap: 253.8M(2048.0M)->249.8M(2048.0M)]
 [Times: user=1.88 sys=0.00, real=0.22 secs] 
2020-09-29T12:33:55.633+0200: 62.991: [GC pause (G1 Evacuation Pause) (young), 0.2114067 secs]
   [Parallel Time: 209.4 ms, GC Workers: 8]
      [GC Worker Start (ms): Min: 62991.0, Avg: 62991.4, Max: 62993.2, Diff: 2.2]
      [Ext Root Scanning (ms): Min: 0.0, Avg: 0.2, Max: 0.3, Diff: 0.3, Sum: 1.4]
      [Update RS (ms): Min: 20.5, Avg: 22.3, Max: 23.7, Diff: 3.3, Sum: 178.3]
         [Processed Buffers: Min: 11, Avg: 12.6, Max: 14, Diff: 3, Sum: 101]
      [Scan RS (ms): Min: 17.4, Avg: 18.7, Max: 19.0, Diff: 1.6, Sum: 149.6]
      [Code Root Scanning (ms): Min: 0.0, Avg: 0.0, Max: 0.0, Diff: 0.0, Sum: 0.0]
      [Object Copy (ms): Min: 167.3, Avg: 167.4, Max: 167.5, Diff: 0.2, Sum: 1339.2]
      [Termination (ms): Min: 0.0, Avg: 0.1, Max: 0.1, Diff: 0.1, Sum: 0.4]
         [Termination Attempts: Min: 1, Avg: 136.0, Max: 167, Diff: 166, Sum: 1088]
      [GC Worker Other (ms): Min: 0.0, Avg: 0.1, Max: 0.1, Diff: 0.1, Sum: 0.5]
      [GC Worker Total (ms): Min: 206.8, Avg: 208.7, Max: 209.0, Diff: 2.2, Sum: 1669.5]
      [GC Worker End (ms): Min: 63200.0, Avg: 63200.1, Max: 63200.1, Diff: 0.1]
   [Code Root Fixup: 0.0 ms]
   [Code Root Purge: 0.0 ms]
   [Clear CT: 0.4 ms]
   [Other: 1.7 ms]
      [Choose CSet: 0.0 ms]
      [Ref Proc: 0.4 ms]
      [Ref Enq: 0.0 ms]
      [Redirty Cards: 0.4 ms]
      [Humongous Register: 0.1 ms]
      [Humongous Reclaim: 0.0 ms]
      [Free CSet: 0.3 ms]
   [Eden: 164.0M(164.0M)->0.0B(150.0M) Survivors: 27.0M->24.0M Heap: 442.4M(2048.0M)->444.4M(2048.0M)]
 [Times: user=1.63 sys=0.00, real=0.21 secs] 
2020-09-29T12:33:56.050+0200: 63.408: [GC pause (G1 Evacuation Pause) (young), 0.1955468 secs]
   [Parallel Time: 192.9 ms, GC Workers: 8]
      [GC Worker Start (ms): Min: 63407.8, Avg: 63408.0, Max: 63408.1, Diff: 0.3]
      [Ext Root Scanning (ms): Min: 0.0, Avg: 0.1, Max: 0.3, Diff: 0.3, Sum: 1.1]
      [Update RS (ms): Min: 23.9, Avg: 24.1, Max: 24.7, Diff: 0.9, Sum: 193.1]
         [Processed Buffers: Min: 12, Avg: 13.5, Max: 17, Diff: 5, Sum: 108]
      [Scan RS (ms): Min: 14.8, Avg: 15.4, Max: 15.6, Diff: 0.8, Sum: 122.9]
      [Code Root Scanning (ms): Min: 0.0, Avg: 0.0, Max: 0.0, Diff: 0.0, Sum: 0.0]
      [Object Copy (ms): Min: 152.6, Avg: 152.7, Max: 152.7, Diff: 0.1, Sum: 1221.2]
      [Termination (ms): Min: 0.0, Avg: 0.1, Max: 0.1, Diff: 0.1, Sum: 0.5]
         [Termination Attempts: Min: 1, Avg: 135.9, Max: 191, Diff: 190, Sum: 1087]
      [GC Worker Other (ms): Min: 0.0, Avg: 0.1, Max: 0.1, Diff: 0.1, Sum: 0.4]
      [GC Worker Total (ms): Min: 192.3, Avg: 192.4, Max: 192.6, Diff: 0.3, Sum: 1539.1]
      [GC Worker End (ms): Min: 63600.3, Avg: 63600.4, Max: 63600.4, Diff: 0.1]
   [Code Root Fixup: 0.0 ms]
   [Code Root Purge: 0.0 ms]
   [Clear CT: 0.9 ms]
   [Other: 1.8 ms]
      [Choose CSet: 0.0 ms]
      [Ref Proc: 0.5 ms]
      [Ref Enq: 0.0 ms]
      [Redirty Cards: 0.7 ms]
      [Humongous Register: 0.1 ms]
      [Humongous Reclaim: 0.0 ms]
      [Free CSet: 0.2 ms]
   [Eden: 150.0M(150.0M)->0.0B(143.0M) Survivors: 24.0M->22.0M Heap: 619.2M(2048.0M)->621.2M(2048.0M)]
 [Times: user=1.63 sys=0.00, real=0.19 secs] 
2020-09-29T12:33:56.432+0200: 63.790: [GC pause (G1 Evacuation Pause) (young), 0.1843820 secs]
   [Parallel Time: 182.2 ms, GC Workers: 8]
      [GC Worker Start (ms): Min: 63790.3, Avg: 63790.4, Max: 63790.6, Diff: 0.3]
      [Ext Root Scanning (ms): Min: 0.0, Avg: 0.2, Max: 0.3, Diff: 0.3, Sum: 1.2]
      [Update RS (ms): Min: 15.9, Avg: 16.7, Max: 17.6, Diff: 1.6, Sum: 133.4]
         [Processed Buffers: Min: 9, Avg: 9.1, Max: 10, Diff: 1, Sum: 73]
      [Scan RS (ms): Min: 16.0, Avg: 17.0, Max: 17.8, Diff: 1.8, Sum: 135.9]
      [Code Root Scanning (ms): Min: 0.0, Avg: 0.0, Max: 0.0, Diff: 0.0, Sum: 0.0]
      [Object Copy (ms): Min: 147.8, Avg: 147.9, Max: 147.9, Diff: 0.2, Sum: 1183.0]
      [Termination (ms): Min: 0.0, Avg: 0.0, Max: 0.0, Diff: 0.0, Sum: 0.2]
         [Termination Attempts: Min: 1, Avg: 75.4, Max: 115, Diff: 114, Sum: 603]
      [GC Worker Other (ms): Min: 0.0, Avg: 0.1, Max: 0.1, Diff: 0.1, Sum: 0.4]
      [GC Worker Total (ms): Min: 181.7, Avg: 181.8, Max: 181.9, Diff: 0.2, Sum: 1454.2]
      [GC Worker End (ms): Min: 63972.2, Avg: 63972.2, Max: 63972.3, Diff: 0.1]
   [Code Root Fixup: 0.0 ms]
   [Code Root Purge: 0.0 ms]
   [Clear CT: 0.4 ms]
   [Other: 1.8 ms]
      [Choose CSet: 0.0 ms]
      [Ref Proc: 0.5 ms]
      [Ref Enq: 0.0 ms]
      [Redirty Cards: 0.5 ms]
      [Humongous Register: 0.1 ms]
      [Humongous Reclaim: 0.0 ms]
      [Free CSet: 0.3 ms]
   [Eden: 143.0M(143.0M)->0.0B(138.0M) Survivors: 22.0M->21.0M Heap: 787.1M(2048.0M)->788.6M(2048.0M)]
 [Times: user=1.48 sys=0.00, real=0.19 secs] 
2020-09-29T12:33:56.793+0200: 64.151: [GC pause (G1 Evacuation Pause) (young), 0.1885779 secs]
   [Parallel Time: 186.5 ms, GC Workers: 8]
      [GC Worker Start (ms): Min: 64150.8, Avg: 64151.0, Max: 64151.4, Diff: 0.6]
      [Ext Root Scanning (ms): Min: 0.0, Avg: 0.2, Max: 0.3, Diff: 0.3, Sum: 1.3]
      [Update RS (ms): Min: 22.1, Avg: 22.7, Max: 23.6, Diff: 1.6, Sum: 181.3]
         [Processed Buffers: Min: 7, Avg: 10.8, Max: 13, Diff: 6, Sum: 86]
      [Scan RS (ms): Min: 14.0, Avg: 15.0, Max: 15.6, Diff: 1.7, Sum: 119.9]
      [Code Root Scanning (ms): Min: 0.0, Avg: 0.0, Max: 0.0, Diff: 0.0, Sum: 0.0]
      [Object Copy (ms): Min: 147.9, Avg: 148.0, Max: 148.1, Diff: 0.2, Sum: 1184.3]
      [Termination (ms): Min: 0.0, Avg: 0.0, Max: 0.1, Diff: 0.1, Sum: 0.4]
         [Termination Attempts: Min: 1, Avg: 130.5, Max: 172, Diff: 171, Sum: 1044]
      [GC Worker Other (ms): Min: 0.0, Avg: 0.1, Max: 0.1, Diff: 0.1, Sum: 0.5]
      [GC Worker Total (ms): Min: 185.5, Avg: 186.0, Max: 186.2, Diff: 0.7, Sum: 1487.7]
      [GC Worker End (ms): Min: 64336.9, Avg: 64337.0, Max: 64337.0, Diff: 0.1]
   [Code Root Fixup: 0.0 ms]
   [Code Root Purge: 0.0 ms]
   [Clear CT: 0.5 ms]
   [Other: 1.6 ms]
      [Choose CSet: 0.0 ms]
      [Ref Proc: 0.4 ms]
      [Ref Enq: 0.0 ms]
      [Redirty Cards: 0.6 ms]
      [Humongous Register: 0.1 ms]
      [Humongous Reclaim: 0.0 ms]
      [Free CSet: 0.2 ms]
   [Eden: 138.0M(138.0M)->0.0B(134.0M) Survivors: 21.0M->20.0M Heap: 949.5M(2048.0M)->951.5M(2048.0M)]
 [Times: user=1.45 sys=0.00, real=0.19 secs] 
2020-09-29T12:33:56.984+0200: 64.341: [GC pause (G1 Humongous Allocation) (young) (initial-mark), 0.0780601 secs]
   [Parallel Time: 75.9 ms, GC Workers: 8]
      [GC Worker Start (ms): Min: 64341.4, Avg: 64341.5, Max: 64341.7, Diff: 0.3]
      [Ext Root Scanning (ms): Min: 0.0, Avg: 0.2, Max: 0.3, Diff: 0.3, Sum: 1.3]
      [Update RS (ms): Min: 50.1, Avg: 50.6, Max: 51.0, Diff: 0.9, Sum: 404.9]
         [Processed Buffers: Min: 23, Avg: 26.8, Max: 29, Diff: 6, Sum: 214]
      [Scan RS (ms): Min: 0.0, Avg: 0.0, Max: 0.2, Diff: 0.2, Sum: 0.2]
      [Code Root Scanning (ms): Min: 0.0, Avg: 0.0, Max: 0.0, Diff: 0.0, Sum: 0.0]
      [Object Copy (ms): Min: 24.1, Avg: 24.5, Max: 24.9, Diff: 0.8, Sum: 195.8]
      [Termination (ms): Min: 0.0, Avg: 0.0, Max: 0.0, Diff: 0.0, Sum: 0.2]
         [Termination Attempts: Min: 1, Avg: 71.9, Max: 94, Diff: 93, Sum: 575]
      [GC Worker Other (ms): Min: 0.0, Avg: 0.0, Max: 0.1, Diff: 0.0, Sum: 0.2]
      [GC Worker Total (ms): Min: 75.2, Avg: 75.3, Max: 75.5, Diff: 0.3, Sum: 602.7]
      [GC Worker End (ms): Min: 64416.9, Avg: 64416.9, Max: 64416.9, Diff: 0.0]
   [Code Root Fixup: 0.0 ms]
   [Code Root Purge: 0.0 ms]
   [Clear CT: 0.7 ms]
   [Other: 1.5 ms]
      [Choose CSet: 0.0 ms]
      [Ref Proc: 0.3 ms]
      [Ref Enq: 0.0 ms]
      [Redirty Cards: 0.6 ms]
      [Humongous Register: 0.0 ms]
      [Humongous Reclaim: 0.0 ms]
      [Free CSet: 0.1 ms]
   [Eden: 2048.0K(134.0M)->0.0B(135.0M) Survivors: 20.0M->2048.0K Heap: 953.0M(2048.0M)->955.5M(2048.0M)]
 [Times: user=0.56 sys=0.00, real=0.08 secs] 
2020-09-29T12:33:57.062+0200: 64.419: [GC concurrent-root-region-scan-start]
2020-09-29T12:33:57.063+0200: 64.420: [GC concurrent-root-region-scan-end, 0.0007328 secs]
2020-09-29T12:33:57.063+0200: 64.420: [GC concurrent-mark-start]
2020-09-29T12:33:57.067+0200: 64.425: [GC concurrent-mark-end, 0.0046431 secs]
2020-09-29T12:33:57.068+0200: 64.425: [GC remark 2020-09-29T12:33:57.068+0200: 64.425: [Finalize Marking, 0.0006420 secs] 2020-09-29T12:33:57.068+0200: 64.426: [GC ref-proc, 0.0006482 secs] 2020-09-29T12:33:57.069+0200: 64.427: [Unloading, 0.0010000 secs], 0.0029851 secs]
 [Times: user=0.00 sys=0.00, real=0.00 secs] 
2020-09-29T12:33:57.071+0200: 64.429: [GC cleanup 962M->16M(2048M), 0.0030155 secs]
 [Times: user=0.00 sys=0.00, real=0.00 secs] 
2020-09-29T12:33:57.075+0200: 64.432: [GC concurrent-cleanup-start]
2020-09-29T12:33:57.077+0200: 64.434: [GC concurrent-cleanup-end, 0.0020598 secs]
2020-09-29T12:33:57.230+0200: 64.588: [GC pause (G1 Evacuation Pause) (young), 0.1474474 secs]
   [Parallel Time: 145.5 ms, GC Workers: 8]
      [GC Worker Start (ms): Min: 64588.0, Avg: 64588.2, Max: 64588.3, Diff: 0.2]
      [Ext Root Scanning (ms): Min: 0.0, Avg: 0.1, Max: 0.3, Diff: 0.2, Sum: 1.1]
      [Update RS (ms): Min: 13.7, Avg: 14.0, Max: 15.1, Diff: 1.4, Sum: 111.8]
         [Processed Buffers: Min: 7, Avg: 7.8, Max: 8, Diff: 1, Sum: 62]
      [Scan RS (ms): Min: 12.6, Avg: 13.8, Max: 14.0, Diff: 1.5, Sum: 110.2]
      [Code Root Scanning (ms): Min: 0.0, Avg: 0.0, Max: 0.0, Diff: 0.0, Sum: 0.0]
      [Object Copy (ms): Min: 117.0, Avg: 117.1, Max: 117.2, Diff: 0.2, Sum: 937.0]
      [Termination (ms): Min: 0.0, Avg: 0.0, Max: 0.0, Diff: 0.0, Sum: 0.1]
         [Termination Attempts: Min: 1, Avg: 19.4, Max: 28, Diff: 27, Sum: 155]
      [GC Worker Other (ms): Min: 0.0, Avg: 0.0, Max: 0.1, Diff: 0.0, Sum: 0.3]
      [GC Worker Total (ms): Min: 145.0, Avg: 145.1, Max: 145.2, Diff: 0.3, Sum: 1160.6]
      [GC Worker End (ms): Min: 64733.2, Avg: 64733.2, Max: 64733.3, Diff: 0.0]
   [Code Root Fixup: 0.0 ms]
   [Code Root Purge: 0.0 ms]
   [Clear CT: 0.5 ms]
   [Other: 1.5 ms]
      [Choose CSet: 0.0 ms]
      [Ref Proc: 0.4 ms]
      [Ref Enq: 0.0 ms]
      [Redirty Cards: 0.5 ms]
      [Humongous Register: 0.1 ms]
      [Humongous Reclaim: 0.0 ms]
      [Free CSet: 0.2 ms]
   [Eden: 135.0M(135.0M)->0.0B(129.0M) Survivors: 2048.0K->18.0M Heap: 167.9M(2048.0M)->167.4M(2048.0M)]
 [Times: user=1.13 sys=0.00, real=0.15 secs] 
2020-09-29T12:33:57.538+0200: 64.896: [GC pause (G1 Evacuation Pause) (young), 0.1628170 secs]
   [Parallel Time: 161.0 ms, GC Workers: 8]
      [GC Worker Start (ms): Min: 64896.1, Avg: 64896.3, Max: 64896.4, Diff: 0.3]
      [Ext Root Scanning (ms): Min: 0.0, Avg: 0.1, Max: 0.3, Diff: 0.3, Sum: 1.1]
      [Update RS (ms): Min: 16.4, Avg: 16.8, Max: 17.5, Diff: 1.1, Sum: 134.4]
         [Processed Buffers: Min: 9, Avg: 10.4, Max: 12, Diff: 3, Sum: 83]
      [Scan RS (ms): Min: 13.8, Avg: 14.4, Max: 14.9, Diff: 1.1, Sum: 115.5]
      [Code Root Scanning (ms): Min: 0.0, Avg: 0.0, Max: 0.0, Diff: 0.0, Sum: 0.0]
      [Object Copy (ms): Min: 129.0, Avg: 129.0, Max: 129.1, Diff: 0.2, Sum: 1032.4]
      [Termination (ms): Min: 0.0, Avg: 0.1, Max: 0.1, Diff: 0.1, Sum: 0.5]
         [Termination Attempts: Min: 1, Avg: 158.6, Max: 198, Diff: 197, Sum: 1269]
      [GC Worker Other (ms): Min: 0.0, Avg: 0.0, Max: 0.1, Diff: 0.1, Sum: 0.4]
      [GC Worker Total (ms): Min: 160.4, Avg: 160.5, Max: 160.7, Diff: 0.3, Sum: 1284.4]
      [GC Worker End (ms): Min: 65056.8, Avg: 65056.9, Max: 65056.9, Diff: 0.1]
   [Code Root Fixup: 0.0 ms]
   [Code Root Purge: 0.0 ms]
   [Clear CT: 0.3 ms]
   [Other: 1.5 ms]
      [Choose CSet: 0.0 ms]
      [Ref Proc: 0.3 ms]
      [Ref Enq: 0.0 ms]
      [Redirty Cards: 0.4 ms]
      [Humongous Register: 0.1 ms]
      [Humongous Reclaim: 0.0 ms]
      [Free CSet: 0.3 ms]
   [Eden: 129.0M(129.0M)->0.0B(132.0M) Survivors: 18.0M->19.0M Heap: 319.3M(2048.0M)->320.3M(2048.0M)]
 [Times: user=1.25 sys=0.00, real=0.16 secs] 
2020-09-29T12:33:57.875+0200: 65.233: [GC pause (G1 Evacuation Pause) (young), 0.1819258 secs]
   [Parallel Time: 179.9 ms, GC Workers: 8]
      [GC Worker Start (ms): Min: 65233.6, Avg: 65233.8, Max: 65234.0, Diff: 0.3]
      [Ext Root Scanning (ms): Min: 0.0, Avg: 0.2, Max: 0.3, Diff: 0.3, Sum: 1.3]
      [Update RS (ms): Min: 20.2, Avg: 20.7, Max: 21.6, Diff: 1.4, Sum: 165.8]
         [Processed Buffers: Min: 4, Avg: 10.5, Max: 12, Diff: 8, Sum: 84]
      [Scan RS (ms): Min: 13.4, Avg: 14.3, Max: 14.9, Diff: 1.5, Sum: 114.4]
      [Code Root Scanning (ms): Min: 0.0, Avg: 0.0, Max: 0.0, Diff: 0.0, Sum: 0.0]
      [Object Copy (ms): Min: 144.1, Avg: 144.2, Max: 144.4, Diff: 0.3, Sum: 1153.9]
      [Termination (ms): Min: 0.0, Avg: 0.1, Max: 0.2, Diff: 0.1, Sum: 1.1]
         [Termination Attempts: Min: 1, Avg: 159.5, Max: 227, Diff: 226, Sum: 1276]
      [GC Worker Other (ms): Min: 0.0, Avg: 0.0, Max: 0.0, Diff: 0.0, Sum: 0.2]
      [GC Worker Total (ms): Min: 179.4, Avg: 179.6, Max: 179.7, Diff: 0.3, Sum: 1436.7]
      [GC Worker End (ms): Min: 65413.3, Avg: 65413.4, Max: 65413.4, Diff: 0.1]
   [Code Root Fixup: 0.0 ms]
   [Code Root Purge: 0.0 ms]
   [Clear CT: 0.5 ms]
   [Other: 1.5 ms]
      [Choose CSet: 0.0 ms]
      [Ref Proc: 0.3 ms]
      [Ref Enq: 0.0 ms]
      [Redirty Cards: 0.6 ms]
      [Humongous Register: 0.1 ms]
      [Humongous Reclaim: 0.0 ms]
      [Free CSet: 0.2 ms]
   [Eden: 132.0M(132.0M)->0.0B(130.0M) Survivors: 19.0M->19.0M Heap: 473.3M(2048.0M)->475.8M(2048.0M)]
 [Times: user=1.49 sys=0.00, real=0.18 secs] 
2020-09-29T12:33:58.217+0200: 65.575: [GC pause (G1 Evacuation Pause) (young), 0.1668580 secs]
   [Parallel Time: 164.4 ms, GC Workers: 8]
      [GC Worker Start (ms): Min: 65574.9, Avg: 65575.0, Max: 65575.2, Diff: 0.3]
      [Ext Root Scanning (ms): Min: 0.0, Avg: 0.1, Max: 0.3, Diff: 0.3, Sum: 1.2]
      [Update RS (ms): Min: 17.7, Avg: 18.3, Max: 19.7, Diff: 2.0, Sum: 146.8]
         [Processed Buffers: Min: 9, Avg: 9.5, Max: 10, Diff: 1, Sum: 76]
      [Scan RS (ms): Min: 12.5, Avg: 13.9, Max: 14.6, Diff: 2.1, Sum: 111.3]
      [Code Root Scanning (ms): Min: 0.0, Avg: 0.0, Max: 0.0, Diff: 0.0, Sum: 0.0]
      [Object Copy (ms): Min: 131.3, Avg: 131.4, Max: 131.5, Diff: 0.2, Sum: 1051.5]
      [Termination (ms): Min: 0.0, Avg: 0.0, Max: 0.0, Diff: 0.0, Sum: 0.1]
         [Termination Attempts: Min: 1, Avg: 39.4, Max: 56, Diff: 55, Sum: 315]
      [GC Worker Other (ms): Min: 0.0, Avg: 0.1, Max: 0.2, Diff: 0.2, Sum: 0.6]
      [GC Worker Total (ms): Min: 163.8, Avg: 163.9, Max: 164.1, Diff: 0.3, Sum: 1311.5]
      [GC Worker End (ms): Min: 65738.9, Avg: 65738.9, Max: 65739.1, Diff: 0.2]
   [Code Root Fixup: 0.0 ms]
   [Code Root Purge: 0.0 ms]
   [Clear CT: 0.6 ms]
   [Other: 1.9 ms]
      [Choose CSet: 0.0 ms]
      [Ref Proc: 0.6 ms]
      [Ref Enq: 0.0 ms]
      [Redirty Cards: 0.5 ms]
      [Humongous Register: 0.1 ms]
      [Humongous Reclaim: 0.0 ms]
      [Free CSet: 0.3 ms]
   [Eden: 130.0M(130.0M)->0.0B(134.0M) Survivors: 19.0M->19.0M Heap: 626.7M(2048.0M)->628.7M(2048.0M)]
 [Times: user=1.38 sys=0.00, real=0.17 secs] 
2020-09-29T12:33:58.555+0200: 65.912: [GC pause (G1 Evacuation Pause) (young), 0.1718384 secs]
   [Parallel Time: 169.6 ms, GC Workers: 8]
      [GC Worker Start (ms): Min: 65912.5, Avg: 65912.7, Max: 65912.8, Diff: 0.3]
      [Ext Root Scanning (ms): Min: 0.0, Avg: 0.1, Max: 0.3, Diff: 0.3, Sum: 1.1]
      [Update RS (ms): Min: 21.9, Avg: 22.3, Max: 23.3, Diff: 1.5, Sum: 178.4]
         [Processed Buffers: Min: 11, Avg: 12.0, Max: 13, Diff: 2, Sum: 96]
      [Scan RS (ms): Min: 11.9, Avg: 12.9, Max: 13.3, Diff: 1.4, Sum: 102.9]
      [Code Root Scanning (ms): Min: 0.0, Avg: 0.0, Max: 0.0, Diff: 0.0, Sum: 0.0]
      [Object Copy (ms): Min: 133.7, Avg: 133.8, Max: 133.8, Diff: 0.2, Sum: 1070.0]
      [Termination (ms): Min: 0.0, Avg: 0.0, Max: 0.0, Diff: 0.0, Sum: 0.2]
         [Termination Attempts: Min: 1, Avg: 61.9, Max: 87, Diff: 86, Sum: 495]
      [GC Worker Other (ms): Min: 0.0, Avg: 0.0, Max: 0.1, Diff: 0.0, Sum: 0.3]
      [GC Worker Total (ms): Min: 169.0, Avg: 169.1, Max: 169.3, Diff: 0.4, Sum: 1352.9]
      [GC Worker End (ms): Min: 66081.8, Avg: 66081.8, Max: 66081.8, Diff: 0.1]
   [Code Root Fixup: 0.0 ms]
   [Code Root Purge: 0.0 ms]
   [Clear CT: 0.6 ms]
   [Other: 1.6 ms]
      [Choose CSet: 0.0 ms]
      [Ref Proc: 0.4 ms]
      [Ref Enq: 0.0 ms]
      [Redirty Cards: 0.5 ms]
      [Humongous Register: 0.1 ms]
      [Humongous Reclaim: 0.0 ms]
      [Free CSet: 0.3 ms]
   [Eden: 134.0M(134.0M)->0.0B(136.0M) Survivors: 19.0M->20.0M Heap: 785.6M(2048.0M)->788.1M(2048.0M)]
 [Times: user=1.34 sys=0.00, real=0.17 secs] 
2020-09-29T12:33:58.895+0200: 66.253: [GC pause (G1 Evacuation Pause) (young), 0.1824526 secs]
   [Parallel Time: 180.4 ms, GC Workers: 8]
      [GC Worker Start (ms): Min: 66253.2, Avg: 66253.3, Max: 66253.4, Diff: 0.2]
      [Ext Root Scanning (ms): Min: 0.1, Avg: 0.2, Max: 0.3, Diff: 0.2, Sum: 1.4]
      [Update RS (ms): Min: 16.7, Avg: 17.1, Max: 17.7, Diff: 1.0, Sum: 136.7]
         [Processed Buffers: Min: 8, Avg: 9.4, Max: 11, Diff: 3, Sum: 75]
      [Scan RS (ms): Min: 16.2, Avg: 16.8, Max: 17.3, Diff: 1.2, Sum: 134.7]
      [Code Root Scanning (ms): Min: 0.0, Avg: 0.0, Max: 0.0, Diff: 0.0, Sum: 0.0]
      [Object Copy (ms): Min: 145.5, Avg: 145.7, Max: 145.9, Diff: 0.5, Sum: 1166.0]
      [Termination (ms): Min: 0.0, Avg: 0.1, Max: 0.1, Diff: 0.1, Sum: 0.7]
         [Termination Attempts: Min: 1, Avg: 227.5, Max: 286, Diff: 285, Sum: 1820]
      [GC Worker Other (ms): Min: 0.0, Avg: 0.1, Max: 0.1, Diff: 0.1, Sum: 0.5]
      [GC Worker Total (ms): Min: 179.9, Avg: 180.0, Max: 180.1, Diff: 0.2, Sum: 1440.0]
      [GC Worker End (ms): Min: 66433.2, Avg: 66433.3, Max: 66433.3, Diff: 0.1]
   [Code Root Fixup: 0.0 ms]
   [Code Root Purge: 0.0 ms]
   [Clear CT: 0.5 ms]
   [Other: 1.6 ms]
      [Choose CSet: 0.0 ms]
      [Ref Proc: 0.4 ms]
      [Ref Enq: 0.0 ms]
      [Redirty Cards: 0.7 ms]
      [Humongous Register: 0.1 ms]
      [Humongous Reclaim: 0.0 ms]
      [Free CSet: 0.2 ms]
   [Eden: 136.0M(136.0M)->0.0B(134.0M) Survivors: 20.0M->20.0M Heap: 947.0M(2048.0M)->948.0M(2048.0M)]
 [Times: user=1.38 sys=0.00, real=0.18 secs] 
2020-09-29T12:33:59.103+0200: 66.461: [GC pause (G1 Humongous Allocation) (young) (initial-mark), 0.0579362 secs]
   [Parallel Time: 56.1 ms, GC Workers: 8]
      [GC Worker Start (ms): Min: 66461.0, Avg: 66461.1, Max: 66461.3, Diff: 0.4]
      [Ext Root Scanning (ms): Min: 0.0, Avg: 2.4, Max: 11.7, Diff: 11.7, Sum: 19.0]
      [Update RS (ms): Min: 15.0, Avg: 24.9, Max: 28.2, Diff: 13.1, Sum: 199.2]
         [Processed Buffers: Min: 10, Avg: 13.8, Max: 17, Diff: 7, Sum: 110]
      [Scan RS (ms): Min: 1.6, Avg: 2.7, Max: 3.2, Diff: 1.6, Sum: 21.9]
      [Code Root Scanning (ms): Min: 0.0, Avg: 0.0, Max: 0.0, Diff: 0.0, Sum: 0.0]
      [Object Copy (ms): Min: 25.5, Avg: 25.6, Max: 25.7, Diff: 0.2, Sum: 204.9]
      [Termination (ms): Min: 0.0, Avg: 0.0, Max: 0.0, Diff: 0.0, Sum: 0.0]
         [Termination Attempts: Min: 1, Avg: 10.5, Max: 15, Diff: 14, Sum: 84]
      [GC Worker Other (ms): Min: 0.0, Avg: 0.0, Max: 0.1, Diff: 0.0, Sum: 0.3]
      [GC Worker Total (ms): Min: 55.5, Avg: 55.7, Max: 55.8, Diff: 0.4, Sum: 445.3]
      [GC Worker End (ms): Min: 66516.8, Avg: 66516.8, Max: 66516.8, Diff: 0.0]
   [Code Root Fixup: 0.0 ms]
   [Code Root Purge: 0.0 ms]
   [Clear CT: 0.4 ms]
   [Other: 1.4 ms]
      [Choose CSet: 0.0 ms]
      [Ref Proc: 0.5 ms]
      [Ref Enq: 0.0 ms]
      [Redirty Cards: 0.4 ms]
      [Humongous Register: 0.0 ms]
      [Humongous Reclaim: 0.0 ms]
      [Free CSet: 0.1 ms]
   [Eden: 6144.0K(134.0M)->0.0B(152.0M) Survivors: 20.0M->8192.0K Heap: 953.5M(2048.0M)->957.5M(2048.0M)]
 [Times: user=0.38 sys=0.00, real=0.06 secs] 
2020-09-29T12:33:59.161+0200: 66.519: [GC concurrent-root-region-scan-start]
2020-09-29T12:33:59.165+0200: 66.523: [GC concurrent-root-region-scan-end, 0.0042398 secs]
2020-09-29T12:33:59.165+0200: 66.523: [GC concurrent-mark-start]
2020-09-29T12:33:59.172+0200: 66.530: [GC concurrent-mark-end, 0.0068192 secs]
2020-09-29T12:33:59.173+0200: 66.531: [GC remark 2020-09-29T12:33:59.173+0200: 66.531: [Finalize Marking, 0.0004287 secs] 2020-09-29T12:33:59.173+0200: 66.531: [GC ref-proc, 0.0006376 secs] 2020-09-29T12:33:59.174+0200: 66.532: [Unloading, 0.0009569 secs], 0.0025912 secs]
 [Times: user=0.00 sys=0.00, real=0.00 secs] 
2020-09-29T12:33:59.176+0200: 66.534: [GC cleanup 968M->26M(2048M), 0.0023422 secs]
 [Times: user=0.00 sys=0.00, real=0.00 secs] 
2020-09-29T12:33:59.179+0200: 66.537: [GC concurrent-cleanup-start]
2020-09-29T12:33:59.181+0200: 66.539: [GC concurrent-cleanup-end, 0.0020038 secs]
2020-09-29T12:33:59.349+0200: 66.707: [GC pause (G1 Evacuation Pause) (young), 0.1653556 secs]
   [Parallel Time: 163.4 ms, GC Workers: 8]
      [GC Worker Start (ms): Min: 66706.7, Avg: 66706.9, Max: 66707.0, Diff: 0.3]
      [Ext Root Scanning (ms): Min: 0.0, Avg: 0.1, Max: 0.3, Diff: 0.3, Sum: 1.0]
      [Update RS (ms): Min: 16.2, Avg: 16.5, Max: 16.9, Diff: 0.7, Sum: 131.6]
         [Processed Buffers: Min: 9, Avg: 9.9, Max: 11, Diff: 2, Sum: 79]
      [Scan RS (ms): Min: 14.8, Avg: 15.4, Max: 15.6, Diff: 0.8, Sum: 123.3]
      [Code Root Scanning (ms): Min: 0.0, Avg: 0.0, Max: 0.0, Diff: 0.0, Sum: 0.0]
      [Object Copy (ms): Min: 130.8, Avg: 130.9, Max: 131.0, Diff: 0.2, Sum: 1047.3]
      [Termination (ms): Min: 0.0, Avg: 0.0, Max: 0.0, Diff: 0.0, Sum: 0.0]
         [Termination Attempts: Min: 1, Avg: 2.5, Max: 6, Diff: 5, Sum: 20]
      [GC Worker Other (ms): Min: 0.0, Avg: 0.0, Max: 0.1, Diff: 0.1, Sum: 0.4]
      [GC Worker Total (ms): Min: 162.8, Avg: 163.0, Max: 163.2, Diff: 0.3, Sum: 1303.7]
      [GC Worker End (ms): Min: 66869.8, Avg: 66869.8, Max: 66869.9, Diff: 0.1]
   [Code Root Fixup: 0.0 ms]
   [Code Root Purge: 0.0 ms]
   [Clear CT: 0.4 ms]
   [Other: 1.5 ms]
      [Choose CSet: 0.0 ms]
      [Ref Proc: 0.3 ms]
      [Ref Enq: 0.0 ms]
      [Redirty Cards: 0.5 ms]
      [Humongous Register: 0.1 ms]
      [Humongous Reclaim: 0.0 ms]
      [Free CSet: 0.3 ms]
   [Eden: 152.0M(152.0M)->0.0B(144.0M) Survivors: 8192.0K->20.0M Heap: 194.7M(2048.0M)->189.2M(2048.0M)]
 [Times: user=1.25 sys=0.00, real=0.16 secs] 
2020-09-29T12:33:59.706+0200: 67.064: [GC pause (G1 Evacuation Pause) (young), 0.1950423 secs]
   [Parallel Time: 192.7 ms, GC Workers: 8]
      [GC Worker Start (ms): Min: 67063.7, Avg: 67065.4, Max: 67075.7, Diff: 12.0]
      [Ext Root Scanning (ms): Min: 0.0, Avg: 0.1, Max: 0.3, Diff: 0.3, Sum: 1.0]
      [Update RS (ms): Min: 9.7, Avg: 19.2, Max: 21.7, Diff: 12.1, Sum: 153.5]
         [Processed Buffers: Min: 5, Avg: 9.9, Max: 12, Diff: 7, Sum: 79]
      [Scan RS (ms): Min: 15.5, Avg: 16.6, Max: 17.7, Diff: 2.2, Sum: 132.9]
      [Code Root Scanning (ms): Min: 0.0, Avg: 0.0, Max: 0.0, Diff: 0.0, Sum: 0.0]
      [Object Copy (ms): Min: 154.2, Avg: 154.7, Max: 154.8, Diff: 0.6, Sum: 1237.6]
      [Termination (ms): Min: 0.0, Avg: 0.1, Max: 0.1, Diff: 0.1, Sum: 0.4]
         [Termination Attempts: Min: 1, Avg: 142.6, Max: 202, Diff: 201, Sum: 1141]
      [GC Worker Other (ms): Min: 0.0, Avg: 0.1, Max: 0.1, Diff: 0.1, Sum: 0.4]
      [GC Worker Total (ms): Min: 180.4, Avg: 190.7, Max: 192.4, Diff: 12.0, Sum: 1525.9]
      [GC Worker End (ms): Min: 67256.1, Avg: 67256.1, Max: 67256.2, Diff: 0.1]
   [Code Root Fixup: 0.0 ms]
   [Code Root Purge: 0.0 ms]
   [Clear CT: 0.3 ms]
   [Other: 2.0 ms]
      [Choose CSet: 0.0 ms]
      [Ref Proc: 0.4 ms]
      [Ref Enq: 0.0 ms]
      [Redirty Cards: 0.9 ms]
      [Humongous Register: 0.1 ms]
      [Humongous Reclaim: 0.0 ms]
      [Free CSet: 0.3 ms]
   [Eden: 144.0M(144.0M)->0.0B(136.0M) Survivors: 20.0M->21.0M Heap: 356.1M(2048.0M)->357.6M(2048.0M)]
 [Times: user=1.59 sys=0.00, real=0.19 secs] 
2020-09-29T12:34:00.013+0200: 67.371: [GC pause (G1 Evacuation Pause) (young), 0.0756521 secs]
   [Parallel Time: 74.6 ms, GC Workers: 8]
      [GC Worker Start (ms): Min: 67371.1, Avg: 67371.2, Max: 67371.3, Diff: 0.2]
      [Ext Root Scanning (ms): Min: 0.0, Avg: 0.1, Max: 0.2, Diff: 0.2, Sum: 0.4]
      [Update RS (ms): Min: 8.3, Avg: 8.5, Max: 8.7, Diff: 0.4, Sum: 68.2]
         [Processed Buffers: Min: 10, Avg: 10.5, Max: 12, Diff: 2, Sum: 84]
      [Scan RS (ms): Min: 6.3, Avg: 6.4, Max: 6.7, Diff: 0.4, Sum: 51.4]
      [Code Root Scanning (ms): Min: 0.0, Avg: 0.0, Max: 0.0, Diff: 0.0, Sum: 0.0]
      [Object Copy (ms): Min: 59.3, Avg: 59.4, Max: 59.4, Diff: 0.1, Sum: 475.1]
      [Termination (ms): Min: 0.0, Avg: 0.0, Max: 0.0, Diff: 0.0, Sum: 0.0]
         [Termination Attempts: Min: 1, Avg: 31.8, Max: 44, Diff: 43, Sum: 254]
      [GC Worker Other (ms): Min: 0.0, Avg: 0.0, Max: 0.1, Diff: 0.0, Sum: 0.2]
      [GC Worker Total (ms): Min: 74.4, Avg: 74.4, Max: 74.6, Diff: 0.2, Sum: 595.4]
      [GC Worker End (ms): Min: 67445.7, Avg: 67445.7, Max: 67445.7, Diff: 0.0]
   [Code Root Fixup: 0.0 ms]
   [Code Root Purge: 0.0 ms]
   [Clear CT: 0.1 ms]
   [Other: 0.9 ms]
      [Choose CSet: 0.0 ms]
      [Ref Proc: 0.2 ms]
      [Ref Enq: 0.0 ms]
      [Redirty Cards: 0.2 ms]
      [Humongous Register: 0.0 ms]
      [Humongous Reclaim: 0.0 ms]
      [Free CSet: 0.2 ms]
   [Eden: 136.0M(136.0M)->0.0B(156.0M) Survivors: 21.0M->20.0M Heap: 516.5M(2048.0M)->518.5M(2048.0M)]
 [Times: user=0.59 sys=0.00, real=0.08 secs] 
2020-09-29T12:34:00.182+0200: 67.540: [GC pause (G1 Evacuation Pause) (young), 0.0857498 secs]
   [Parallel Time: 84.7 ms, GC Workers: 8]
      [GC Worker Start (ms): Min: 67539.7, Avg: 67539.8, Max: 67539.9, Diff: 0.2]
      [Ext Root Scanning (ms): Min: 0.0, Avg: 0.1, Max: 0.1, Diff: 0.1, Sum: 0.6]
      [Update RS (ms): Min: 8.7, Avg: 8.7, Max: 8.8, Diff: 0.1, Sum: 69.7]
         [Processed Buffers: Min: 10, Avg: 11.1, Max: 14, Diff: 4, Sum: 89]
      [Scan RS (ms): Min: 7.2, Avg: 7.3, Max: 7.4, Diff: 0.1, Sum: 58.3]
      [Code Root Scanning (ms): Min: 0.0, Avg: 0.0, Max: 0.0, Diff: 0.0, Sum: 0.0]
      [Object Copy (ms): Min: 68.2, Avg: 68.3, Max: 68.4, Diff: 0.1, Sum: 546.5]
      [Termination (ms): Min: 0.1, Avg: 0.2, Max: 0.2, Diff: 0.2, Sum: 1.3]
         [Termination Attempts: Min: 1, Avg: 675.9, Max: 1034, Diff: 1033, Sum: 5407]
      [GC Worker Other (ms): Min: 0.0, Avg: 0.0, Max: 0.0, Diff: 0.0, Sum: 0.2]
      [GC Worker Total (ms): Min: 84.5, Avg: 84.6, Max: 84.7, Diff: 0.2, Sum: 676.7]
      [GC Worker End (ms): Min: 67624.4, Avg: 67624.4, Max: 67624.4, Diff: 0.0]
   [Code Root Fixup: 0.0 ms]
   [Code Root Purge: 0.0 ms]
   [Clear CT: 0.3 ms]
   [Other: 0.7 ms]
      [Choose CSet: 0.0 ms]
      [Ref Proc: 0.2 ms]
      [Ref Enq: 0.0 ms]
      [Redirty Cards: 0.3 ms]
      [Humongous Register: 0.1 ms]
      [Humongous Reclaim: 0.0 ms]
      [Free CSet: 0.1 ms]
   [Eden: 156.0M(156.0M)->0.0B(183.0M) Survivors: 20.0M->22.0M Heap: 701.2M(2048.0M)->703.7M(2048.0M)]
 [Times: user=0.63 sys=0.00, real=0.09 secs] 
2020-09-29T12:34:00.364+0200: 67.722: [GC pause (G1 Evacuation Pause) (young), 0.0940435 secs]
   [Parallel Time: 93.1 ms, GC Workers: 8]
      [GC Worker Start (ms): Min: 67722.0, Avg: 67722.1, Max: 67722.1, Diff: 0.1]
      [Ext Root Scanning (ms): Min: 0.0, Avg: 0.1, Max: 0.1, Diff: 0.1, Sum: 0.6]
      [Update RS (ms): Min: 10.3, Avg: 10.6, Max: 10.9, Diff: 0.5, Sum: 84.8]
         [Processed Buffers: Min: 13, Avg: 13.9, Max: 15, Diff: 2, Sum: 111]
      [Scan RS (ms): Min: 7.7, Avg: 8.0, Max: 8.3, Diff: 0.6, Sum: 64.0]
      [Code Root Scanning (ms): Min: 0.0, Avg: 0.0, Max: 0.0, Diff: 0.0, Sum: 0.0]
      [Object Copy (ms): Min: 74.1, Avg: 74.1, Max: 74.2, Diff: 0.1, Sum: 593.1]
      [Termination (ms): Min: 0.0, Avg: 0.0, Max: 0.0, Diff: 0.0, Sum: 0.2]
         [Termination Attempts: Min: 1, Avg: 193.9, Max: 276, Diff: 275, Sum: 1551]
      [GC Worker Other (ms): Min: 0.0, Avg: 0.0, Max: 0.1, Diff: 0.1, Sum: 0.3]
      [GC Worker Total (ms): Min: 92.8, Avg: 92.9, Max: 92.9, Diff: 0.1, Sum: 743.0]
      [GC Worker End (ms): Min: 67814.9, Avg: 67815.0, Max: 67815.0, Diff: 0.1]
   [Code Root Fixup: 0.0 ms]
   [Code Root Purge: 0.0 ms]
   [Clear CT: 0.2 ms]
   [Other: 0.7 ms]
      [Choose CSet: 0.0 ms]
      [Ref Proc: 0.2 ms]
      [Ref Enq: 0.0 ms]
      [Redirty Cards: 0.2 ms]
      [Humongous Register: 0.1 ms]
      [Humongous Reclaim: 0.0 ms]
      [Free CSet: 0.1 ms]
   [Eden: 183.0M(183.0M)->0.0B(209.0M) Survivors: 22.0M->26.0M Heap: 917.2M(2048.0M)->919.7M(2048.0M)]
 [Times: user=0.64 sys=0.00, real=0.09 secs] 
2020-09-29T12:34:00.528+0200: 67.886: [GC pause (G1 Humongous Allocation) (young) (initial-mark), 0.0725016 secs]
   [Parallel Time: 71.5 ms, GC Workers: 8]
      [GC Worker Start (ms): Min: 67886.3, Avg: 67886.4, Max: 67886.5, Diff: 0.2]
      [Ext Root Scanning (ms): Min: 0.0, Avg: 0.1, Max: 0.2, Diff: 0.2, Sum: 1.0]
      [Update RS (ms): Min: 10.4, Avg: 10.9, Max: 11.1, Diff: 0.7, Sum: 87.0]
         [Processed Buffers: Min: 11, Avg: 11.9, Max: 12, Diff: 1, Sum: 95]
      [Scan RS (ms): Min: 5.2, Avg: 5.5, Max: 5.9, Diff: 0.8, Sum: 43.8]
      [Code Root Scanning (ms): Min: 0.0, Avg: 0.0, Max: 0.0, Diff: 0.0, Sum: 0.0]
      [Object Copy (ms): Min: 54.7, Avg: 54.8, Max: 54.8, Diff: 0.1, Sum: 438.3]
      [Termination (ms): Min: 0.0, Avg: 0.0, Max: 0.0, Diff: 0.0, Sum: 0.0]
         [Termination Attempts: Min: 1, Avg: 4.3, Max: 6, Diff: 5, Sum: 34]
      [GC Worker Other (ms): Min: 0.0, Avg: 0.0, Max: 0.1, Diff: 0.1, Sum: 0.3]
      [GC Worker Total (ms): Min: 71.2, Avg: 71.3, Max: 71.4, Diff: 0.2, Sum: 570.4]
      [GC Worker End (ms): Min: 67957.7, Avg: 67957.7, Max: 67957.7, Diff: 0.1]
   [Code Root Fixup: 0.0 ms]
   [Code Root Purge: 0.0 ms]
   [Clear CT: 0.2 ms]
   [Other: 0.8 ms]
      [Choose CSet: 0.0 ms]
      [Ref Proc: 0.1 ms]
      [Ref Enq: 0.0 ms]
      [Redirty Cards: 0.2 ms]
      [Humongous Register: 0.0 ms]
      [Humongous Reclaim: 0.0 ms]
      [Free CSet: 0.2 ms]
   [Eden: 122.0M(209.0M)->0.0B(241.0M) Survivors: 26.0M->30.0M Heap: 1060.8M(2048.0M)->1062.3M(2048.0M)]
 [Times: user=0.63 sys=0.00, real=0.07 secs] 
2020-09-29T12:34:00.601+0200: 67.959: [GC concurrent-root-region-scan-start]
2020-09-29T12:34:00.611+0200: 67.969: [GC concurrent-root-region-scan-end, 0.0098976 secs]
2020-09-29T12:34:00.611+0200: 67.969: [GC concurrent-mark-start]
2020-09-29T12:34:00.614+0200: 67.972: [GC concurrent-mark-end, 0.0030718 secs]
2020-09-29T12:34:00.614+0200: 67.972: [GC remark 2020-09-29T12:34:00.614+0200: 67.972: [Finalize Marking, 0.0003343 secs] 2020-09-29T12:34:00.614+0200: 67.972: [GC ref-proc, 0.0002872 secs] 2020-09-29T12:34:00.615+0200: 67.973: [Unloading, 0.0003960 secs], 0.0013863 secs]
 [Times: user=0.00 sys=0.00, real=0.00 secs] 
2020-09-29T12:34:00.616+0200: 67.974: [GC cleanup 1089M->64M(2048M), 0.0014352 secs]
 [Times: user=0.00 sys=0.00, real=0.00 secs] 
2020-09-29T12:34:00.617+0200: 67.975: [GC concurrent-cleanup-start]
2020-09-29T12:34:00.619+0200: 67.977: [GC concurrent-cleanup-end, 0.0014905 secs]
2020-09-29T12:34:00.738+0200: 68.096: [GC pause (G1 Evacuation Pause) (young), 0.1153078 secs]
   [Parallel Time: 113.1 ms, GC Workers: 8]
      [GC Worker Start (ms): Min: 68096.5, Avg: 68096.6, Max: 68096.7, Diff: 0.2]
      [Ext Root Scanning (ms): Min: 0.0, Avg: 0.1, Max: 0.2, Diff: 0.2, Sum: 0.5]
      [Update RS (ms): Min: 12.2, Avg: 12.3, Max: 12.4, Diff: 0.2, Sum: 98.2]
         [Processed Buffers: Min: 14, Avg: 15.5, Max: 18, Diff: 4, Sum: 124]
      [Scan RS (ms): Min: 11.2, Avg: 11.4, Max: 11.5, Diff: 0.3, Sum: 91.0]
      [Code Root Scanning (ms): Min: 0.0, Avg: 0.0, Max: 0.0, Diff: 0.0, Sum: 0.0]
      [Object Copy (ms): Min: 88.9, Avg: 89.0, Max: 89.2, Diff: 0.2, Sum: 712.4]
      [Termination (ms): Min: 0.0, Avg: 0.0, Max: 0.0, Diff: 0.0, Sum: 0.1]
         [Termination Attempts: Min: 1, Avg: 44.8, Max: 62, Diff: 61, Sum: 358]
      [GC Worker Other (ms): Min: 0.0, Avg: 0.0, Max: 0.1, Diff: 0.1, Sum: 0.3]
      [GC Worker Total (ms): Min: 112.7, Avg: 112.8, Max: 112.9, Diff: 0.2, Sum: 902.4]
      [GC Worker End (ms): Min: 68209.4, Avg: 68209.4, Max: 68209.4, Diff: 0.1]
   [Code Root Fixup: 0.0 ms]
   [Code Root Purge: 0.0 ms]
   [Clear CT: 0.2 ms]
   [Other: 2.0 ms]
      [Choose CSet: 0.0 ms]
      [Ref Proc: 0.2 ms]
      [Ref Enq: 0.0 ms]
      [Redirty Cards: 1.3 ms]
      [Humongous Register: 0.0 ms]
      [Humongous Reclaim: 0.0 ms]
      [Free CSet: 0.2 ms]
   [Eden: 241.0M(241.0M)->0.0B(261.0M) Survivors: 30.0M->34.0M Heap: 321.0M(2048.0M)->293.5M(2048.0M)]
 [Times: user=0.89 sys=0.00, real=0.12 secs] 
2020-09-29T12:34:00.998+0200: 68.356: [GC pause (G1 Evacuation Pause) (young), 0.1470848 secs]
   [Parallel Time: 146.0 ms, GC Workers: 8]
      [GC Worker Start (ms): Min: 68356.4, Avg: 68356.5, Max: 68356.6, Diff: 0.2]
      [Ext Root Scanning (ms): Min: 0.0, Avg: 0.1, Max: 0.2, Diff: 0.2, Sum: 0.5]
      [Update RS (ms): Min: 17.0, Avg: 17.4, Max: 17.8, Diff: 0.8, Sum: 139.1]
         [Processed Buffers: Min: 18, Avg: 18.9, Max: 20, Diff: 2, Sum: 151]
      [Scan RS (ms): Min: 14.6, Avg: 15.0, Max: 15.4, Diff: 0.8, Sum: 120.1]
      [Code Root Scanning (ms): Min: 0.0, Avg: 0.0, Max: 0.0, Diff: 0.0, Sum: 0.0]
      [Object Copy (ms): Min: 113.2, Avg: 113.2, Max: 113.3, Diff: 0.1, Sum: 905.8]
      [Termination (ms): Min: 0.0, Avg: 0.0, Max: 0.0, Diff: 0.0, Sum: 0.1]
         [Termination Attempts: Min: 1, Avg: 121.9, Max: 167, Diff: 166, Sum: 975]
      [GC Worker Other (ms): Min: 0.0, Avg: 0.0, Max: 0.1, Diff: 0.1, Sum: 0.3]
      [GC Worker Total (ms): Min: 145.7, Avg: 145.7, Max: 145.9, Diff: 0.2, Sum: 1165.9]
      [GC Worker End (ms): Min: 68502.2, Avg: 68502.2, Max: 68502.3, Diff: 0.1]
   [Code Root Fixup: 0.0 ms]
   [Code Root Purge: 0.0 ms]
   [Clear CT: 0.2 ms]
   [Other: 0.9 ms]
      [Choose CSet: 0.0 ms]
      [Ref Proc: 0.1 ms]
      [Ref Enq: 0.0 ms]
      [Redirty Cards: 0.2 ms]
      [Humongous Register: 0.0 ms]
      [Humongous Reclaim: 0.0 ms]
      [Free CSet: 0.3 ms]
   [Eden: 261.0M(261.0M)->0.0B(268.0M) Survivors: 34.0M->37.0M Heap: 596.4M(2048.0M)->598.4M(2048.0M)]
 [Times: user=1.24 sys=0.00, real=0.15 secs] 
2020-09-29T12:34:01.301+0200: 68.659: [GC pause (G1 Evacuation Pause) (young), 0.1413171 secs]
   [Parallel Time: 140.2 ms, GC Workers: 8]
      [GC Worker Start (ms): Min: 68659.5, Avg: 68659.5, Max: 68659.6, Diff: 0.1]
      [Ext Root Scanning (ms): Min: 0.0, Avg: 0.1, Max: 0.1, Diff: 0.1, Sum: 0.6]
      [Update RS (ms): Min: 16.2, Avg: 16.2, Max: 16.3, Diff: 0.1, Sum: 129.8]
         [Processed Buffers: Min: 19, Avg: 20.1, Max: 22, Diff: 3, Sum: 161]
      [Scan RS (ms): Min: 12.5, Avg: 12.5, Max: 12.6, Diff: 0.1, Sum: 100.4]
      [Code Root Scanning (ms): Min: 0.0, Avg: 0.0, Max: 0.0, Diff: 0.0, Sum: 0.0]
      [Object Copy (ms): Min: 111.1, Avg: 111.2, Max: 111.2, Diff: 0.1, Sum: 889.2]
      [Termination (ms): Min: 0.0, Avg: 0.0, Max: 0.0, Diff: 0.0, Sum: 0.2]
         [Termination Attempts: Min: 1, Avg: 160.6, Max: 218, Diff: 217, Sum: 1285]
      [GC Worker Other (ms): Min: 0.0, Avg: 0.0, Max: 0.1, Diff: 0.1, Sum: 0.2]
      [GC Worker Total (ms): Min: 140.0, Avg: 140.1, Max: 140.1, Diff: 0.1, Sum: 1120.4]
      [GC Worker End (ms): Min: 68799.5, Avg: 68799.6, Max: 68799.6, Diff: 0.0]
   [Code Root Fixup: 0.0 ms]
   [Code Root Purge: 0.0 ms]
   [Clear CT: 0.2 ms]
   [Other: 0.9 ms]
      [Choose CSet: 0.0 ms]
      [Ref Proc: 0.2 ms]
      [Ref Enq: 0.0 ms]
      [Redirty Cards: 0.2 ms]
      [Humongous Register: 0.0 ms]
      [Humongous Reclaim: 0.0 ms]
      [Free CSet: 0.2 ms]
   [Eden: 268.0M(268.0M)->0.0B(284.0M) Survivors: 37.0M->39.0M Heap: 912.2M(2048.0M)->913.7M(2048.0M)]
 [Times: user=1.13 sys=0.00, real=0.14 secs] 
2020-09-29T12:34:01.574+0200: 68.932: [GC pause (G1 Humongous Allocation) (young) (initial-mark), 0.1271942 secs]
   [Parallel Time: 126.1 ms, GC Workers: 8]
      [GC Worker Start (ms): Min: 68931.9, Avg: 68932.0, Max: 68932.1, Diff: 0.1]
      [Ext Root Scanning (ms): Min: 0.0, Avg: 0.1, Max: 0.2, Diff: 0.1, Sum: 0.6]
      [Update RS (ms): Min: 15.7, Avg: 16.0, Max: 16.2, Diff: 0.5, Sum: 127.6]
         [Processed Buffers: Min: 18, Avg: 18.1, Max: 19, Diff: 1, Sum: 145]
      [Scan RS (ms): Min: 10.6, Avg: 10.7, Max: 11.0, Diff: 0.4, Sum: 86.0]
      [Code Root Scanning (ms): Min: 0.0, Avg: 0.0, Max: 0.0, Diff: 0.0, Sum: 0.0]
      [Object Copy (ms): Min: 99.0, Avg: 99.1, Max: 99.1, Diff: 0.1, Sum: 792.6]
      [Termination (ms): Min: 0.0, Avg: 0.0, Max: 0.0, Diff: 0.0, Sum: 0.1]
         [Termination Attempts: Min: 1, Avg: 86.3, Max: 129, Diff: 128, Sum: 690]
      [GC Worker Other (ms): Min: 0.0, Avg: 0.0, Max: 0.1, Diff: 0.1, Sum: 0.3]
      [GC Worker Total (ms): Min: 125.8, Avg: 125.9, Max: 126.0, Diff: 0.1, Sum: 1007.2]
      [GC Worker End (ms): Min: 69057.9, Avg: 69057.9, Max: 69058.0, Diff: 0.1]
   [Code Root Fixup: 0.0 ms]
   [Code Root Purge: 0.0 ms]
   [Clear CT: 0.1 ms]
   [Other: 1.0 ms]
      [Choose CSet: 0.0 ms]
      [Ref Proc: 0.2 ms]
      [Ref Enq: 0.0 ms]
      [Redirty Cards: 0.2 ms]
      [Humongous Register: 0.0 ms]
      [Humongous Reclaim: 0.0 ms]
      [Free CSet: 0.2 ms]
   [Eden: 238.0M(284.0M)->0.0B(307.0M) Survivors: 39.0M->41.0M Heap: 1189.3M(2048.0M)->1190.8M(2048.0M)]
 [Times: user=1.00 sys=0.00, real=0.13 secs] 
2020-09-29T12:34:01.701+0200: 69.059: [GC concurrent-root-region-scan-start]
2020-09-29T12:34:01.715+0200: 69.073: [GC concurrent-root-region-scan-end, 0.0140342 secs]
2020-09-29T12:34:01.715+0200: 69.073: [GC concurrent-mark-start]
2020-09-29T12:34:01.719+0200: 69.076: [GC concurrent-mark-end, 0.0029658 secs]
2020-09-29T12:34:01.719+0200: 69.077: [GC remark 2020-09-29T12:34:01.719+0200: 69.077: [Finalize Marking, 0.0001906 secs] 2020-09-29T12:34:01.719+0200: 69.077: [GC ref-proc, 0.0002701 secs] 2020-09-29T12:34:01.719+0200: 69.077: [Unloading, 0.0004606 secs], 0.0012694 secs]
 [Times: user=0.00 sys=0.00, real=0.00 secs] 
2020-09-29T12:34:01.721+0200: 69.078: [GC cleanup 1225M->83M(2048M), 0.0012949 secs]
 [Times: user=0.00 sys=0.00, real=0.00 secs] 
2020-09-29T12:34:01.722+0200: 69.080: [GC concurrent-cleanup-start]
2020-09-29T12:34:01.723+0200: 69.081: [GC concurrent-cleanup-end, 0.0013645 secs]
2020-09-29T12:34:01.868+0200: 69.225: [GC pause (G1 Evacuation Pause) (young), 0.1401973 secs]
   [Parallel Time: 139.0 ms, GC Workers: 8]
      [GC Worker Start (ms): Min: 69225.6, Avg: 69225.7, Max: 69225.7, Diff: 0.2]
      [Ext Root Scanning (ms): Min: 0.0, Avg: 0.1, Max: 0.2, Diff: 0.2, Sum: 0.4]
      [Update RS (ms): Min: 16.9, Avg: 17.1, Max: 17.4, Diff: 0.6, Sum: 136.4]
         [Processed Buffers: Min: 20, Avg: 20.9, Max: 22, Diff: 2, Sum: 167]
      [Scan RS (ms): Min: 11.5, Avg: 11.9, Max: 12.1, Diff: 0.6, Sum: 95.1]
      [Code Root Scanning (ms): Min: 0.0, Avg: 0.0, Max: 0.0, Diff: 0.0, Sum: 0.0]
      [Object Copy (ms): Min: 109.6, Avg: 109.7, Max: 109.8, Diff: 0.2, Sum: 878.0]
      [Termination (ms): Min: 0.0, Avg: 0.0, Max: 0.0, Diff: 0.0, Sum: 0.1]
         [Termination Attempts: Min: 1, Avg: 48.5, Max: 66, Diff: 65, Sum: 388]
      [GC Worker Other (ms): Min: 0.0, Avg: 0.0, Max: 0.1, Diff: 0.1, Sum: 0.3]
      [GC Worker Total (ms): Min: 138.7, Avg: 138.8, Max: 138.9, Diff: 0.2, Sum: 1110.2]
      [GC Worker End (ms): Min: 69364.4, Avg: 69364.5, Max: 69364.5, Diff: 0.0]
   [Code Root Fixup: 0.0 ms]
   [Code Root Purge: 0.0 ms]
   [Clear CT: 0.2 ms]
   [Other: 1.0 ms]
      [Choose CSet: 0.0 ms]
      [Ref Proc: 0.1 ms]
      [Ref Enq: 0.0 ms]
      [Redirty Cards: 0.2 ms]
      [Humongous Register: 0.0 ms]
      [Humongous Reclaim: 0.0 ms]
      [Free CSet: 0.3 ms]
   [Eden: 307.0M(307.0M)->0.0B(331.0M) Survivors: 41.0M->44.0M Heap: 407.5M(2048.0M)->368.5M(2048.0M)]
 [Times: user=1.13 sys=0.00, real=0.14 secs] 
2020-09-29T12:34:02.189+0200: 69.547: [GC pause (G1 Evacuation Pause) (young), 0.1813269 secs]
   [Parallel Time: 179.7 ms, GC Workers: 8]
      [GC Worker Start (ms): Min: 69546.7, Avg: 69546.8, Max: 69546.9, Diff: 0.2]
      [Ext Root Scanning (ms): Min: 0.0, Avg: 0.1, Max: 0.2, Diff: 0.2, Sum: 0.4]
      [Update RS (ms): Min: 21.7, Avg: 21.8, Max: 22.0, Diff: 0.3, Sum: 174.6]
         [Processed Buffers: Min: 24, Avg: 24.6, Max: 25, Diff: 1, Sum: 197]
      [Scan RS (ms): Min: 18.0, Avg: 18.2, Max: 18.4, Diff: 0.4, Sum: 146.0]
      [Code Root Scanning (ms): Min: 0.0, Avg: 0.0, Max: 0.0, Diff: 0.0, Sum: 0.0]
      [Object Copy (ms): Min: 139.1, Avg: 139.2, Max: 139.2, Diff: 0.1, Sum: 1113.3]
      [Termination (ms): Min: 0.0, Avg: 0.1, Max: 0.1, Diff: 0.1, Sum: 0.5]
         [Termination Attempts: Min: 1, Avg: 504.0, Max: 678, Diff: 677, Sum: 4032]
      [GC Worker Other (ms): Min: 0.0, Avg: 0.0, Max: 0.1, Diff: 0.0, Sum: 0.3]
      [GC Worker Total (ms): Min: 179.3, Avg: 179.4, Max: 179.5, Diff: 0.2, Sum: 1435.2]
      [GC Worker End (ms): Min: 69726.2, Avg: 69726.2, Max: 69726.3, Diff: 0.0]
   [Code Root Fixup: 0.0 ms]
   [Code Root Purge: 0.0 ms]
   [Clear CT: 0.5 ms]
   [Other: 1.1 ms]
      [Choose CSet: 0.0 ms]
      [Ref Proc: 0.2 ms]
      [Ref Enq: 0.0 ms]
      [Redirty Cards: 0.3 ms]
      [Humongous Register: 0.0 ms]
      [Humongous Reclaim: 0.0 ms]
      [Free CSet: 0.3 ms]
   [Eden: 331.0M(331.0M)->0.0B(325.0M) Survivors: 44.0M->47.0M Heap: 754.8M(2048.0M)->756.8M(2048.0M)]
 [Times: user=1.45 sys=0.05, real=0.18 secs] 
2020-09-29T12:34:02.549+0200: 69.907: [GC pause (G1 Evacuation Pause) (young), 0.1724729 secs]
   [Parallel Time: 171.3 ms, GC Workers: 8]
      [GC Worker Start (ms): Min: 69906.7, Avg: 69906.8, Max: 69906.9, Diff: 0.2]
      [Ext Root Scanning (ms): Min: 0.0, Avg: 0.1, Max: 0.2, Diff: 0.2, Sum: 0.6]
      [Update RS (ms): Min: 17.5, Avg: 17.6, Max: 17.6, Diff: 0.1, Sum: 140.5]
         [Processed Buffers: Min: 20, Avg: 21.5, Max: 24, Diff: 4, Sum: 172]
      [Scan RS (ms): Min: 17.9, Avg: 18.1, Max: 18.3, Diff: 0.4, Sum: 144.9]
      [Code Root Scanning (ms): Min: 0.0, Avg: 0.0, Max: 0.0, Diff: 0.0, Sum: 0.0]
      [Object Copy (ms): Min: 135.2, Avg: 135.3, Max: 135.5, Diff: 0.3, Sum: 1082.2]
      [Termination (ms): Min: 0.0, Avg: 0.0, Max: 0.0, Diff: 0.0, Sum: 0.0]
         [Termination Attempts: Min: 1, Avg: 33.8, Max: 46, Diff: 45, Sum: 270]
      [GC Worker Other (ms): Min: 0.0, Avg: 0.0, Max: 0.1, Diff: 0.1, Sum: 0.4]
      [GC Worker Total (ms): Min: 171.0, Avg: 171.1, Max: 171.2, Diff: 0.2, Sum: 1368.6]
      [GC Worker End (ms): Min: 70077.8, Avg: 70077.9, Max: 70077.9, Diff: 0.1]
   [Code Root Fixup: 0.0 ms]
   [Code Root Purge: 0.0 ms]
   [Clear CT: 0.3 ms]
   [Other: 0.9 ms]
      [Choose CSet: 0.0 ms]
      [Ref Proc: 0.2 ms]
      [Ref Enq: 0.0 ms]
      [Redirty Cards: 0.2 ms]
      [Humongous Register: 0.1 ms]
      [Humongous Reclaim: 0.0 ms]
      [Free CSet: 0.2 ms]
   [Eden: 325.0M(325.0M)->0.0B(323.0M) Survivors: 47.0M->47.0M Heap: 1137.1M(2048.0M)->1139.1M(2048.0M)]
 [Times: user=1.33 sys=0.05, real=0.17 secs] 
2020-09-29T12:34:02.735+0200: 70.092: [GC pause (G1 Humongous Allocation) (young) (initial-mark), 0.0648380 secs]
   [Parallel Time: 62.7 ms, GC Workers: 8]
      [GC Worker Start (ms): Min: 70092.5, Avg: 70092.5, Max: 70092.6, Diff: 0.2]
      [Ext Root Scanning (ms): Min: 0.0, Avg: 0.4, Max: 1.0, Diff: 1.0, Sum: 3.2]
      [Update RS (ms): Min: 34.7, Avg: 35.3, Max: 35.9, Diff: 1.2, Sum: 282.8]
         [Processed Buffers: Min: 39, Avg: 43.0, Max: 45, Diff: 6, Sum: 344]
      [Scan RS (ms): Min: 2.5, Avg: 2.8, Max: 2.9, Diff: 0.4, Sum: 22.4]
      [Code Root Scanning (ms): Min: 0.0, Avg: 0.0, Max: 0.0, Diff: 0.0, Sum: 0.0]
      [Object Copy (ms): Min: 23.8, Avg: 23.9, Max: 23.9, Diff: 0.1, Sum: 190.9]
      [Termination (ms): Min: 0.0, Avg: 0.0, Max: 0.1, Diff: 0.1, Sum: 0.3]
         [Termination Attempts: Min: 1, Avg: 271.8, Max: 373, Diff: 372, Sum: 2174]
      [GC Worker Other (ms): Min: 0.0, Avg: 0.0, Max: 0.0, Diff: 0.0, Sum: 0.1]
      [GC Worker Total (ms): Min: 62.4, Avg: 62.5, Max: 62.5, Diff: 0.2, Sum: 499.7]
      [GC Worker End (ms): Min: 70155.0, Avg: 70155.0, Max: 70155.0, Diff: 0.0]
   [Code Root Fixup: 0.0 ms]
   [Code Root Purge: 0.0 ms]
   [Clear CT: 0.2 ms]
   [Other: 1.9 ms]
      [Choose CSet: 0.0 ms]
      [Ref Proc: 0.2 ms]
      [Ref Enq: 0.0 ms]
      [Redirty Cards: 0.4 ms]
      [Humongous Register: 0.0 ms]
      [Humongous Reclaim: 0.0 ms]
      [Free CSet: 1.0 ms]
   [Eden: 10.0M(323.0M)->0.0B(340.0M) Survivors: 47.0M->13.0M Heap: 1149.1M(2048.0M)->1153.6M(2048.0M)]
 [Times: user=0.50 sys=0.00, real=0.07 secs] 
2020-09-29T12:34:02.800+0200: 70.158: [GC concurrent-root-region-scan-start]
2020-09-29T12:34:02.804+0200: 70.161: [GC concurrent-root-region-scan-end, 0.0035304 secs]
2020-09-29T12:34:02.804+0200: 70.161: [GC concurrent-mark-start]
2020-09-29T12:34:02.807+0200: 70.165: [GC concurrent-mark-end, 0.0035643 secs]
2020-09-29T12:34:02.808+0200: 70.165: [GC remark 2020-09-29T12:34:02.808+0200: 70.165: [Finalize Marking, 0.0001347 secs] 2020-09-29T12:34:02.808+0200: 70.165: [GC ref-proc, 0.0003643 secs] 2020-09-29T12:34:02.808+0200: 70.165: [Unloading, 0.0005382 secs], 0.0014638 secs]
 [Times: user=0.00 sys=0.00, real=0.00 secs] 
2020-09-29T12:34:02.810+0200: 70.167: [GC cleanup 1171M->38M(2048M), 0.0012574 secs]
 [Times: user=0.00 sys=0.00, real=0.00 secs] 
2020-09-29T12:34:02.811+0200: 70.168: [GC concurrent-cleanup-start]
2020-09-29T12:34:02.812+0200: 70.170: [GC concurrent-cleanup-end, 0.0014997 secs]
2020-09-29T12:34:02.986+0200: 70.343: [GC pause (G1 Evacuation Pause) (young), 0.1563824 secs]
   [Parallel Time: 155.2 ms, GC Workers: 8]
      [GC Worker Start (ms): Min: 70343.2, Avg: 70343.3, Max: 70343.4, Diff: 0.2]
      [Ext Root Scanning (ms): Min: 0.0, Avg: 0.1, Max: 0.2, Diff: 0.2, Sum: 0.5]
      [Update RS (ms): Min: 15.7, Avg: 15.8, Max: 15.9, Diff: 0.2, Sum: 126.6]
         [Processed Buffers: Min: 17, Avg: 17.8, Max: 19, Diff: 2, Sum: 142]
      [Scan RS (ms): Min: 15.6, Avg: 15.8, Max: 16.0, Diff: 0.3, Sum: 126.2]
      [Code Root Scanning (ms): Min: 0.0, Avg: 0.0, Max: 0.0, Diff: 0.0, Sum: 0.0]
      [Object Copy (ms): Min: 123.1, Avg: 123.3, Max: 123.4, Diff: 0.2, Sum: 986.1]
      [Termination (ms): Min: 0.0, Avg: 0.0, Max: 0.0, Diff: 0.0, Sum: 0.0]
         [Termination Attempts: Min: 1, Avg: 3.3, Max: 6, Diff: 5, Sum: 26]
      [GC Worker Other (ms): Min: 0.0, Avg: 0.0, Max: 0.1, Diff: 0.1, Sum: 0.4]
      [GC Worker Total (ms): Min: 154.9, Avg: 155.0, Max: 155.1, Diff: 0.2, Sum: 1239.8]
      [GC Worker End (ms): Min: 70498.3, Avg: 70498.3, Max: 70498.4, Diff: 0.1]
   [Code Root Fixup: 0.0 ms]
   [Code Root Purge: 0.0 ms]
   [Clear CT: 0.2 ms]
   [Other: 1.0 ms]
      [Choose CSet: 0.0 ms]
      [Ref Proc: 0.2 ms]
      [Ref Enq: 0.0 ms]
      [Redirty Cards: 0.2 ms]
      [Humongous Register: 0.0 ms]
      [Humongous Reclaim: 0.0 ms]
      [Free CSet: 0.3 ms]
   [Eden: 340.0M(340.0M)->0.0B(322.0M) Survivors: 13.0M->45.0M Heap: 417.7M(2048.0M)->406.7M(2048.0M)]
 [Times: user=1.25 sys=0.00, real=0.16 secs] 
2020-09-29T12:34:03.319+0200: 70.677: [GC pause (G1 Evacuation Pause) (young), 0.1785087 secs]
   [Parallel Time: 177.3 ms, GC Workers: 8]
      [GC Worker Start (ms): Min: 70676.8, Avg: 70676.9, Max: 70677.0, Diff: 0.2]
      [Ext Root Scanning (ms): Min: 0.0, Avg: 0.1, Max: 0.2, Diff: 0.2, Sum: 0.5]
      [Update RS (ms): Min: 22.0, Avg: 22.3, Max: 22.5, Diff: 0.5, Sum: 178.3]
         [Processed Buffers: Min: 23, Avg: 24.1, Max: 25, Diff: 2, Sum: 193]
      [Scan RS (ms): Min: 17.8, Avg: 18.0, Max: 18.3, Diff: 0.5, Sum: 144.0]
      [Code Root Scanning (ms): Min: 0.0, Avg: 0.0, Max: 0.0, Diff: 0.0, Sum: 0.0]
      [Object Copy (ms): Min: 136.6, Avg: 136.7, Max: 136.7, Diff: 0.1, Sum: 1093.2]
      [Termination (ms): Min: 0.0, Avg: 0.0, Max: 0.1, Diff: 0.1, Sum: 0.3]
         [Termination Attempts: Min: 1, Avg: 265.6, Max: 357, Diff: 356, Sum: 2125]
      [GC Worker Other (ms): Min: 0.0, Avg: 0.0, Max: 0.1, Diff: 0.1, Sum: 0.4]
      [GC Worker Total (ms): Min: 177.0, Avg: 177.1, Max: 177.2, Diff: 0.2, Sum: 1416.8]
      [GC Worker End (ms): Min: 70854.0, Avg: 70854.0, Max: 70854.0, Diff: 0.1]
   [Code Root Fixup: 0.0 ms]
   [Code Root Purge: 0.0 ms]
   [Clear CT: 0.2 ms]
   [Other: 1.0 ms]
      [Choose CSet: 0.0 ms]
      [Ref Proc: 0.2 ms]
      [Ref Enq: 0.0 ms]
      [Redirty Cards: 0.2 ms]
      [Humongous Register: 0.0 ms]
      [Humongous Reclaim: 0.0 ms]
      [Free CSet: 0.3 ms]
   [Eden: 322.0M(322.0M)->0.0B(314.0M) Survivors: 45.0M->46.0M Heap: 782.1M(2048.0M)->785.1M(2048.0M)]
 [Times: user=1.38 sys=0.00, real=0.18 secs] 
2020-09-29T12:34:03.680+0200: 71.038: [GC pause (G1 Evacuation Pause) (young), 0.1751469 secs]
   [Parallel Time: 173.9 ms, GC Workers: 8]
      [GC Worker Start (ms): Min: 71037.7, Avg: 71037.8, Max: 71037.8, Diff: 0.1]
      [Ext Root Scanning (ms): Min: 0.0, Avg: 0.1, Max: 0.1, Diff: 0.1, Sum: 0.6]
      [Update RS (ms): Min: 20.7, Avg: 20.7, Max: 20.9, Diff: 0.2, Sum: 166.0]
         [Processed Buffers: Min: 17, Avg: 25.0, Max: 28, Diff: 11, Sum: 200]
      [Scan RS (ms): Min: 15.2, Avg: 15.3, Max: 15.4, Diff: 0.3, Sum: 122.7]
      [Code Root Scanning (ms): Min: 0.0, Avg: 0.0, Max: 0.0, Diff: 0.0, Sum: 0.0]
      [Object Copy (ms): Min: 137.3, Avg: 137.4, Max: 137.5, Diff: 0.2, Sum: 1099.2]
      [Termination (ms): Min: 0.0, Avg: 0.0, Max: 0.0, Diff: 0.0, Sum: 0.1]
         [Termination Attempts: Min: 1, Avg: 52.9, Max: 73, Diff: 72, Sum: 423]
      [GC Worker Other (ms): Min: 0.0, Avg: 0.1, Max: 0.1, Diff: 0.1, Sum: 0.4]
      [GC Worker Total (ms): Min: 173.6, Avg: 173.6, Max: 173.7, Diff: 0.1, Sum: 1389.0]
      [GC Worker End (ms): Min: 71211.3, Avg: 71211.4, Max: 71211.4, Diff: 0.1]
   [Code Root Fixup: 0.0 ms]
   [Code Root Purge: 0.0 ms]
   [Clear CT: 0.2 ms]
   [Other: 1.0 ms]
      [Choose CSet: 0.0 ms]
      [Ref Proc: 0.2 ms]
      [Ref Enq: 0.0 ms]
      [Redirty Cards: 0.3 ms]
      [Humongous Register: 0.0 ms]
      [Humongous Reclaim: 0.0 ms]
      [Free CSet: 0.4 ms]
   [Eden: 314.0M(314.0M)->0.0B(314.0M) Survivors: 46.0M->45.0M Heap: 1152.5M(2048.0M)->1154.0M(2048.0M)]
 [Times: user=1.38 sys=0.00, real=0.17 secs] 
2020-09-29T12:34:03.875+0200: 71.232: [GC pause (G1 Humongous Allocation) (young) (initial-mark), 0.0499316 secs]
   [Parallel Time: 49.0 ms, GC Workers: 8]
      [GC Worker Start (ms): Min: 71232.3, Avg: 71232.4, Max: 71232.5, Diff: 0.2]
      [Ext Root Scanning (ms): Min: 0.0, Avg: 0.1, Max: 0.2, Diff: 0.2, Sum: 1.2]
      [Update RS (ms): Min: 26.1, Avg: 26.4, Max: 26.7, Diff: 0.6, Sum: 210.9]
         [Processed Buffers: Min: 30, Avg: 31.5, Max: 33, Diff: 3, Sum: 252]
      [Scan RS (ms): Min: 2.4, Avg: 2.7, Max: 3.0, Diff: 0.6, Sum: 21.8]
      [Code Root Scanning (ms): Min: 0.0, Avg: 0.0, Max: 0.0, Diff: 0.0, Sum: 0.0]
      [Object Copy (ms): Min: 19.5, Avg: 19.5, Max: 19.6, Diff: 0.1, Sum: 156.2]
      [Termination (ms): Min: 0.0, Avg: 0.0, Max: 0.0, Diff: 0.0, Sum: 0.1]
         [Termination Attempts: Min: 1, Avg: 45.9, Max: 63, Diff: 62, Sum: 367]
      [GC Worker Other (ms): Min: 0.0, Avg: 0.0, Max: 0.2, Diff: 0.1, Sum: 0.3]
      [GC Worker Total (ms): Min: 48.7, Avg: 48.8, Max: 48.9, Diff: 0.2, Sum: 390.6]
      [GC Worker End (ms): Min: 71281.2, Avg: 71281.2, Max: 71281.2, Diff: 0.0]
   [Code Root Fixup: 0.0 ms]
   [Code Root Purge: 0.0 ms]
   [Clear CT: 0.1 ms]
   [Other: 0.8 ms]
      [Choose CSet: 0.0 ms]
      [Ref Proc: 0.2 ms]
      [Ref Enq: 0.0 ms]
      [Redirty Cards: 0.2 ms]
      [Humongous Register: 0.1 ms]
      [Humongous Reclaim: 0.0 ms]
      [Free CSet: 0.1 ms]
   [Eden: 9216.0K(314.0M)->0.0B(334.0M) Survivors: 45.0M->10.0M Heap: 1162.5M(2048.0M)->1165.5M(2048.0M)]
 [Times: user=0.38 sys=0.00, real=0.05 secs] 
2020-09-29T12:34:03.925+0200: 71.282: [GC concurrent-root-region-scan-start]
2020-09-29T12:34:03.929+0200: 71.287: [GC concurrent-root-region-scan-end, 0.0046033 secs]
2020-09-29T12:34:03.929+0200: 71.287: [GC concurrent-mark-start]
2020-09-29T12:34:03.932+0200: 71.289: [GC concurrent-mark-end, 0.0026833 secs]
2020-09-29T12:34:03.932+0200: 71.290: [GC remark 2020-09-29T12:34:03.932+0200: 71.290: [Finalize Marking, 0.0003143 secs] 2020-09-29T12:34:03.933+0200: 71.290: [GC ref-proc, 0.0003605 secs] 2020-09-29T12:34:03.933+0200: 71.290: [Unloading, 0.0006368 secs], 0.0016745 secs]
 [Times: user=0.00 sys=0.00, real=0.00 secs] 
2020-09-29T12:34:03.934+0200: 71.292: [GC cleanup 1182M->34M(2048M), 0.0018953 secs]
 [Times: user=0.00 sys=0.00, real=0.00 secs] 
2020-09-29T12:34:03.936+0200: 71.294: [GC concurrent-cleanup-start]
2020-09-29T12:34:03.938+0200: 71.295: [GC concurrent-cleanup-end, 0.0016201 secs]
2020-09-29T12:34:04.109+0200: 71.467: [GC pause (G1 Evacuation Pause) (young), 0.1596234 secs]
   [Parallel Time: 158.3 ms, GC Workers: 8]
      [GC Worker Start (ms): Min: 71466.7, Avg: 71466.8, Max: 71466.9, Diff: 0.2]
      [Ext Root Scanning (ms): Min: 0.0, Avg: 0.1, Max: 0.2, Diff: 0.2, Sum: 0.6]
      [Update RS (ms): Min: 15.9, Avg: 16.1, Max: 16.2, Diff: 0.2, Sum: 128.4]
         [Processed Buffers: Min: 15, Avg: 17.1, Max: 20, Diff: 5, Sum: 137]
      [Scan RS (ms): Min: 18.8, Avg: 19.0, Max: 19.1, Diff: 0.3, Sum: 151.7]
      [Code Root Scanning (ms): Min: 0.0, Avg: 0.0, Max: 0.0, Diff: 0.0, Sum: 0.0]
      [Object Copy (ms): Min: 122.8, Avg: 122.9, Max: 122.9, Diff: 0.1, Sum: 983.2]
      [Termination (ms): Min: 0.0, Avg: 0.0, Max: 0.0, Diff: 0.0, Sum: 0.3]
         [Termination Attempts: Min: 1, Avg: 221.4, Max: 281, Diff: 280, Sum: 1771]
      [GC Worker Other (ms): Min: 0.0, Avg: 0.0, Max: 0.1, Diff: 0.0, Sum: 0.3]
      [GC Worker Total (ms): Min: 158.0, Avg: 158.1, Max: 158.1, Diff: 0.2, Sum: 1264.4]
      [GC Worker End (ms): Min: 71624.9, Avg: 71624.9, Max: 71624.9, Diff: 0.0]
   [Code Root Fixup: 0.0 ms]
   [Code Root Purge: 0.0 ms]
   [Clear CT: 0.2 ms]
   [Other: 1.1 ms]
      [Choose CSet: 0.0 ms]
      [Ref Proc: 0.2 ms]
      [Ref Enq: 0.0 ms]
      [Redirty Cards: 0.3 ms]
      [Humongous Register: 0.0 ms]
      [Humongous Reclaim: 0.0 ms]
      [Free CSet: 0.4 ms]
   [Eden: 334.0M(334.0M)->0.0B(339.0M) Survivors: 10.0M->43.0M Heap: 408.7M(2048.0M)->401.2M(2048.0M)]
 [Times: user=1.22 sys=0.00, real=0.16 secs] 
2020-09-29T12:34:04.443+0200: 71.800: [GC pause (G1 Evacuation Pause) (young), 0.1879473 secs]
   [Parallel Time: 186.6 ms, GC Workers: 8]
      [GC Worker Start (ms): Min: 71800.4, Avg: 71800.5, Max: 71800.6, Diff: 0.2]
      [Ext Root Scanning (ms): Min: 0.0, Avg: 0.1, Max: 0.2, Diff: 0.2, Sum: 0.5]
      [Update RS (ms): Min: 14.1, Avg: 14.3, Max: 14.8, Diff: 0.7, Sum: 114.1]
         [Processed Buffers: Min: 17, Avg: 17.8, Max: 19, Diff: 2, Sum: 142]
      [Scan RS (ms): Min: 19.0, Avg: 19.5, Max: 19.8, Diff: 0.8, Sum: 156.2]
      [Code Root Scanning (ms): Min: 0.0, Avg: 0.0, Max: 0.0, Diff: 0.0, Sum: 0.0]
      [Object Copy (ms): Min: 151.9, Avg: 152.2, Max: 152.6, Diff: 0.6, Sum: 1217.6]
      [Termination (ms): Min: 0.0, Avg: 0.3, Max: 0.5, Diff: 0.5, Sum: 2.7]
         [Termination Attempts: Min: 1, Avg: 2345.8, Max: 3267, Diff: 3266, Sum: 18766]
      [GC Worker Other (ms): Min: 0.0, Avg: 0.0, Max: 0.1, Diff: 0.0, Sum: 0.4]
      [GC Worker Total (ms): Min: 186.4, Avg: 186.4, Max: 186.5, Diff: 0.2, Sum: 1491.6]
      [GC Worker End (ms): Min: 71986.9, Avg: 71987.0, Max: 71987.0, Diff: 0.0]
   [Code Root Fixup: 0.0 ms]
   [Code Root Purge: 0.0 ms]
   [Clear CT: 0.2 ms]
   [Other: 1.1 ms]
      [Choose CSet: 0.0 ms]
      [Ref Proc: 0.1 ms]
      [Ref Enq: 0.0 ms]
      [Redirty Cards: 0.2 ms]
      [Humongous Register: 0.0 ms]
      [Humongous Reclaim: 0.0 ms]
      [Free CSet: 0.4 ms]
   [Eden: 339.0M(339.0M)->0.0B(318.0M) Survivors: 43.0M->48.0M Heap: 795.5M(2048.0M)->798.0M(2048.0M)]
 [Times: user=1.38 sys=0.02, real=0.19 secs] 
2020-09-29T12:34:04.813+0200: 72.171: [GC pause (G1 Evacuation Pause) (young), 0.1754500 secs]
   [Parallel Time: 174.3 ms, GC Workers: 8]
      [GC Worker Start (ms): Min: 72171.0, Avg: 72171.1, Max: 72171.2, Diff: 0.2]
      [Ext Root Scanning (ms): Min: 0.0, Avg: 0.1, Max: 0.2, Diff: 0.2, Sum: 0.5]
      [Update RS (ms): Min: 17.2, Avg: 17.5, Max: 17.7, Diff: 0.5, Sum: 139.9]
         [Processed Buffers: Min: 18, Avg: 19.5, Max: 22, Diff: 4, Sum: 156]
      [Scan RS (ms): Min: 19.4, Avg: 19.6, Max: 20.0, Diff: 0.6, Sum: 157.0]
      [Code Root Scanning (ms): Min: 0.0, Avg: 0.0, Max: 0.0, Diff: 0.0, Sum: 0.0]
      [Object Copy (ms): Min: 136.7, Avg: 136.8, Max: 136.9, Diff: 0.2, Sum: 1094.4]
      [Termination (ms): Min: 0.0, Avg: 0.0, Max: 0.0, Diff: 0.0, Sum: 0.1]
         [Termination Attempts: Min: 1, Avg: 109.9, Max: 149, Diff: 148, Sum: 879]
      [GC Worker Other (ms): Min: 0.0, Avg: 0.0, Max: 0.1, Diff: 0.1, Sum: 0.3]
      [GC Worker Total (ms): Min: 174.0, Avg: 174.0, Max: 174.2, Diff: 0.2, Sum: 1392.3]
      [GC Worker End (ms): Min: 72345.1, Avg: 72345.1, Max: 72345.2, Diff: 0.1]
   [Code Root Fixup: 0.0 ms]
   [Code Root Purge: 0.0 ms]
   [Clear CT: 0.3 ms]
   [Other: 0.9 ms]
      [Choose CSet: 0.0 ms]
      [Ref Proc: 0.2 ms]
      [Ref Enq: 0.0 ms]
      [Redirty Cards: 0.2 ms]
      [Humongous Register: 0.1 ms]
      [Humongous Reclaim: 0.0 ms]
      [Free CSet: 0.2 ms]
   [Eden: 318.0M(318.0M)->0.0B(316.0M) Survivors: 48.0M->46.0M Heap: 1169.4M(2048.0M)->1170.9M(2048.0M)]
 [Times: user=1.34 sys=0.05, real=0.18 secs] 
2020-09-29T12:34:05.000+0200: 72.358: [GC pause (G1 Humongous Allocation) (young) (initial-mark), 0.0624846 secs]
   [Parallel Time: 61.7 ms, GC Workers: 8]
      [GC Worker Start (ms): Min: 72357.7, Avg: 72357.7, Max: 72357.8, Diff: 0.1]
      [Ext Root Scanning (ms): Min: 0.0, Avg: 0.2, Max: 0.7, Diff: 0.7, Sum: 1.2]
      [Update RS (ms): Min: 33.6, Avg: 34.5, Max: 35.5, Diff: 1.8, Sum: 275.7]
         [Processed Buffers: Min: 42, Avg: 43.9, Max: 45, Diff: 3, Sum: 351]
      [Scan RS (ms): Min: 1.9, Avg: 3.2, Max: 5.4, Diff: 3.5, Sum: 25.5]
      [Code Root Scanning (ms): Min: 0.0, Avg: 0.0, Max: 0.0, Diff: 0.0, Sum: 0.0]
      [Object Copy (ms): Min: 21.8, Avg: 23.7, Max: 24.0, Diff: 2.2, Sum: 189.7]
      [Termination (ms): Min: 0.0, Avg: 0.1, Max: 0.1, Diff: 0.1, Sum: 0.6]
         [Termination Attempts: Min: 1, Avg: 550.5, Max: 687, Diff: 686, Sum: 4404]
      [GC Worker Other (ms): Min: 0.0, Avg: 0.0, Max: 0.1, Diff: 0.0, Sum: 0.2]
      [GC Worker Total (ms): Min: 61.6, Avg: 61.6, Max: 61.7, Diff: 0.1, Sum: 493.0]
      [GC Worker End (ms): Min: 72419.3, Avg: 72419.3, Max: 72419.4, Diff: 0.0]
   [Code Root Fixup: 0.0 ms]
   [Code Root Purge: 0.0 ms]
   [Clear CT: 0.1 ms]
   [Other: 0.6 ms]
      [Choose CSet: 0.0 ms]
      [Ref Proc: 0.2 ms]
      [Ref Enq: 0.0 ms]
      [Redirty Cards: 0.1 ms]
      [Humongous Register: 0.1 ms]
      [Humongous Reclaim: 0.0 ms]
      [Free CSet: 0.1 ms]
   [Eden: 5120.0K(316.0M)->0.0B(327.0M) Survivors: 46.0M->8192.0K Heap: 1175.9M(2048.0M)->1180.4M(2048.0M)]
 [Times: user=0.49 sys=0.00, real=0.06 secs] 
2020-09-29T12:34:05.063+0200: 72.420: [GC concurrent-root-region-scan-start]
2020-09-29T12:34:05.063+0200: 72.421: [GC concurrent-root-region-scan-end, 0.0008674 secs]
2020-09-29T12:34:05.063+0200: 72.421: [GC concurrent-mark-start]
2020-09-29T12:34:05.066+0200: 72.423: [GC concurrent-mark-end, 0.0022100 secs]
2020-09-29T12:34:05.066+0200: 72.423: [GC remark 2020-09-29T12:34:05.066+0200: 72.423: [Finalize Marking, 0.0002036 secs] 2020-09-29T12:34:05.066+0200: 72.424: [GC ref-proc, 0.0002556 secs] 2020-09-29T12:34:05.066+0200: 72.424: [Unloading, 0.0003822 secs], 0.0011698 secs]
 [Times: user=0.13 sys=0.00, real=0.00 secs] 
2020-09-29T12:34:05.067+0200: 72.425: [GC cleanup 1188M->23M(2048M), 0.0011552 secs]
 [Times: user=0.00 sys=0.00, real=0.00 secs] 
2020-09-29T12:34:05.068+0200: 72.426: [GC concurrent-cleanup-start]
2020-09-29T12:34:05.070+0200: 72.427: [GC concurrent-cleanup-end, 0.0014745 secs]
2020-09-29T12:34:05.240+0200: 72.598: [GC pause (G1 Evacuation Pause) (young), 0.1509051 secs]
   [Parallel Time: 149.7 ms, GC Workers: 8]
      [GC Worker Start (ms): Min: 72597.9, Avg: 72598.0, Max: 72598.0, Diff: 0.2]
      [Ext Root Scanning (ms): Min: 0.0, Avg: 0.1, Max: 0.1, Diff: 0.1, Sum: 0.5]
      [Update RS (ms): Min: 14.0, Avg: 14.1, Max: 14.4, Diff: 0.4, Sum: 112.5]
         [Processed Buffers: Min: 16, Avg: 16.9, Max: 20, Diff: 4, Sum: 135]
      [Scan RS (ms): Min: 15.9, Avg: 16.2, Max: 16.3, Diff: 0.4, Sum: 129.3]
      [Code Root Scanning (ms): Min: 0.0, Avg: 0.0, Max: 0.0, Diff: 0.0, Sum: 0.0]
      [Object Copy (ms): Min: 119.0, Avg: 119.1, Max: 119.2, Diff: 0.2, Sum: 952.8]
      [Termination (ms): Min: 0.0, Avg: 0.0, Max: 0.0, Diff: 0.0, Sum: 0.1]
         [Termination Attempts: Min: 1, Avg: 65.4, Max: 85, Diff: 84, Sum: 523]
      [GC Worker Other (ms): Min: 0.0, Avg: 0.0, Max: 0.1, Diff: 0.1, Sum: 0.4]
      [GC Worker Total (ms): Min: 149.4, Avg: 149.4, Max: 149.5, Diff: 0.1, Sum: 1195.6]
      [GC Worker End (ms): Min: 72747.4, Avg: 72747.4, Max: 72747.4, Diff: 0.1]
   [Code Root Fixup: 0.0 ms]
   [Code Root Purge: 0.0 ms]
   [Clear CT: 0.2 ms]
   [Other: 1.0 ms]
      [Choose CSet: 0.0 ms]
      [Ref Proc: 0.1 ms]
      [Ref Enq: 0.0 ms]
      [Redirty Cards: 0.4 ms]
      [Humongous Register: 0.0 ms]
      [Humongous Reclaim: 0.0 ms]
      [Free CSet: 0.3 ms]
   [Eden: 327.0M(327.0M)->0.0B(321.0M) Survivors: 8192.0K->42.0M Heap: 397.8M(2048.0M)->393.3M(2048.0M)]
 [Times: user=1.11 sys=0.02, real=0.15 secs] 
2020-09-29T12:34:05.572+0200: 72.930: [GC pause (G1 Evacuation Pause) (young), 0.1789941 secs]
   [Parallel Time: 177.8 ms, GC Workers: 8]
      [GC Worker Start (ms): Min: 72929.8, Avg: 72929.9, Max: 72930.0, Diff: 0.2]
      [Ext Root Scanning (ms): Min: 0.0, Avg: 0.1, Max: 0.2, Diff: 0.2, Sum: 0.4]
      [Update RS (ms): Min: 16.4, Avg: 16.7, Max: 16.9, Diff: 0.5, Sum: 133.6]
         [Processed Buffers: Min: 19, Avg: 20.5, Max: 22, Diff: 3, Sum: 164]
      [Scan RS (ms): Min: 17.9, Avg: 18.0, Max: 18.3, Diff: 0.4, Sum: 144.1]
      [Code Root Scanning (ms): Min: 0.0, Avg: 0.0, Max: 0.0, Diff: 0.0, Sum: 0.0]
      [Object Copy (ms): Min: 142.7, Avg: 142.8, Max: 142.9, Diff: 0.2, Sum: 1142.4]
      [Termination (ms): Min: 0.0, Avg: 0.0, Max: 0.0, Diff: 0.0, Sum: 0.1]
         [Termination Attempts: Min: 1, Avg: 122.6, Max: 164, Diff: 163, Sum: 981]
      [GC Worker Other (ms): Min: 0.0, Avg: 0.0, Max: 0.1, Diff: 0.0, Sum: 0.3]
      [GC Worker Total (ms): Min: 177.6, Avg: 177.6, Max: 177.7, Diff: 0.2, Sum: 1420.9]
      [GC Worker End (ms): Min: 73107.5, Avg: 73107.5, Max: 73107.6, Diff: 0.0]
   [Code Root Fixup: 0.0 ms]
   [Code Root Purge: 0.0 ms]
   [Clear CT: 0.2 ms]
   [Other: 1.0 ms]
      [Choose CSet: 0.0 ms]
      [Ref Proc: 0.1 ms]
      [Ref Enq: 0.0 ms]
      [Redirty Cards: 0.3 ms]
      [Humongous Register: 0.1 ms]
      [Humongous Reclaim: 0.0 ms]
      [Free CSet: 0.4 ms]
   [Eden: 321.0M(321.0M)->0.0B(312.0M) Survivors: 42.0M->46.0M Heap: 767.7M(2048.0M)->769.7M(2048.0M)]
 [Times: user=1.34 sys=0.00, real=0.18 secs] 
2020-09-29T12:34:05.930+0200: 73.288: [GC pause (G1 Evacuation Pause) (young), 0.1722830 secs]
   [Parallel Time: 171.1 ms, GC Workers: 8]
      [GC Worker Start (ms): Min: 73288.1, Avg: 73288.2, Max: 73288.3, Diff: 0.2]
      [Ext Root Scanning (ms): Min: 0.0, Avg: 0.1, Max: 0.2, Diff: 0.2, Sum: 0.5]
      [Update RS (ms): Min: 22.4, Avg: 22.7, Max: 23.2, Diff: 0.8, Sum: 181.7]
         [Processed Buffers: Min: 24, Avg: 24.5, Max: 26, Diff: 2, Sum: 196]
      [Scan RS (ms): Min: 16.2, Avg: 16.8, Max: 17.0, Diff: 0.8, Sum: 134.1]
      [Code Root Scanning (ms): Min: 0.0, Avg: 0.0, Max: 0.0, Diff: 0.0, Sum: 0.0]
      [Object Copy (ms): Min: 131.0, Avg: 131.3, Max: 131.3, Diff: 0.3, Sum: 1050.0]
      [Termination (ms): Min: 0.0, Avg: 0.0, Max: 0.1, Diff: 0.1, Sum: 0.3]
         [Termination Attempts: Min: 1, Avg: 226.4, Max: 340, Diff: 339, Sum: 1811]
      [GC Worker Other (ms): Min: 0.0, Avg: 0.0, Max: 0.1, Diff: 0.1, Sum: 0.4]
      [GC Worker Total (ms): Min: 170.8, Avg: 170.9, Max: 171.0, Diff: 0.2, Sum: 1367.0]
      [GC Worker End (ms): Min: 73459.1, Avg: 73459.1, Max: 73459.1, Diff: 0.1]
   [Code Root Fixup: 0.0 ms]
   [Code Root Purge: 0.0 ms]
   [Clear CT: 0.2 ms]
   [Other: 0.9 ms]
      [Choose CSet: 0.0 ms]
      [Ref Proc: 0.2 ms]
      [Ref Enq: 0.0 ms]
      [Redirty Cards: 0.2 ms]
      [Humongous Register: 0.1 ms]
      [Humongous Reclaim: 0.0 ms]
      [Free CSet: 0.3 ms]
   [Eden: 312.0M(312.0M)->0.0B(313.0M) Survivors: 46.0M->45.0M Heap: 1133.2M(2048.0M)->1135.2M(2048.0M)]
 [Times: user=1.38 sys=0.00, real=0.17 secs] 
2020-09-29T12:34:06.103+0200: 73.461: [GC pause (G1 Humongous Allocation) (young) (initial-mark), 0.0679832 secs]
   [Parallel Time: 67.2 ms, GC Workers: 8]
      [GC Worker Start (ms): Min: 73461.3, Avg: 73461.3, Max: 73461.4, Diff: 0.1]
      [Ext Root Scanning (ms): Min: 0.0, Avg: 0.3, Max: 0.7, Diff: 0.7, Sum: 2.1]
      [Update RS (ms): Min: 45.7, Avg: 46.4, Max: 46.9, Diff: 1.2, Sum: 371.5]
         [Processed Buffers: Min: 57, Avg: 59.9, Max: 63, Diff: 6, Sum: 479]
      [Scan RS (ms): Min: 0.0, Avg: 0.0, Max: 0.0, Diff: 0.0, Sum: 0.0]
      [Code Root Scanning (ms): Min: 0.0, Avg: 0.0, Max: 0.0, Diff: 0.0, Sum: 0.0]
      [Object Copy (ms): Min: 20.0, Avg: 20.3, Max: 20.6, Diff: 0.6, Sum: 162.1]
      [Termination (ms): Min: 0.0, Avg: 0.0, Max: 0.0, Diff: 0.0, Sum: 0.1]
         [Termination Attempts: Min: 1, Avg: 46.3, Max: 58, Diff: 57, Sum: 370]
      [GC Worker Other (ms): Min: 0.0, Avg: 0.0, Max: 0.0, Diff: 0.0, Sum: 0.1]
      [GC Worker Total (ms): Min: 66.9, Avg: 67.0, Max: 67.0, Diff: 0.1, Sum: 535.9]
      [GC Worker End (ms): Min: 73528.3, Avg: 73528.3, Max: 73528.3, Diff: 0.0]
   [Code Root Fixup: 0.0 ms]
   [Code Root Purge: 0.0 ms]
   [Clear CT: 0.2 ms]
   [Other: 0.6 ms]
      [Choose CSet: 0.0 ms]
      [Ref Proc: 0.2 ms]
      [Ref Enq: 0.0 ms]
      [Redirty Cards: 0.2 ms]
      [Humongous Register: 0.0 ms]
      [Humongous Reclaim: 0.0 ms]
      [Free CSet: 0.0 ms]
   [Eden: 2048.0K(313.0M)->0.0B(332.0M) Survivors: 45.0M->3072.0K Heap: 1136.7M(2048.0M)->1139.7M(2048.0M)]
 [Times: user=0.50 sys=0.00, real=0.07 secs] 
2020-09-29T12:34:06.172+0200: 73.529: [GC concurrent-root-region-scan-start]
2020-09-29T12:34:06.172+0200: 73.530: [GC concurrent-root-region-scan-end, 0.0004378 secs]
2020-09-29T12:34:06.172+0200: 73.530: [GC concurrent-mark-start]
2020-09-29T12:34:06.175+0200: 73.533: [GC concurrent-mark-end, 0.0030833 secs]
2020-09-29T12:34:06.175+0200: 73.533: [GC remark 2020-09-29T12:34:06.175+0200: 73.533: [Finalize Marking, 0.0001460 secs] 2020-09-29T12:34:06.176+0200: 73.533: [GC ref-proc, 0.0003262 secs] 2020-09-29T12:34:06.176+0200: 73.534: [Unloading, 0.0004180 secs], 0.0012305 secs]
 [Times: user=0.06 sys=0.01, real=0.00 secs] 
2020-09-29T12:34:06.177+0200: 73.535: [GC cleanup 1146M->17M(2048M), 0.0013143 secs]
 [Times: user=0.00 sys=0.00, real=0.00 secs] 
2020-09-29T12:34:06.179+0200: 73.536: [GC concurrent-cleanup-start]
2020-09-29T12:34:06.180+0200: 73.538: [GC concurrent-cleanup-end, 0.0017980 secs]
2020-09-29T12:34:06.364+0200: 73.722: [GC pause (G1 Evacuation Pause) (young), 0.1486016 secs]
   [Parallel Time: 147.4 ms, GC Workers: 8]
      [GC Worker Start (ms): Min: 73722.2, Avg: 73722.3, Max: 73722.3, Diff: 0.2]
      [Ext Root Scanning (ms): Min: 0.0, Avg: 0.1, Max: 0.2, Diff: 0.2, Sum: 0.5]
      [Update RS (ms): Min: 12.7, Avg: 12.8, Max: 13.3, Diff: 0.6, Sum: 102.3]
         [Processed Buffers: Min: 16, Avg: 17.3, Max: 18, Diff: 2, Sum: 138]
      [Scan RS (ms): Min: 14.8, Avg: 15.2, Max: 15.5, Diff: 0.7, Sum: 121.9]
      [Code Root Scanning (ms): Min: 0.0, Avg: 0.0, Max: 0.0, Diff: 0.0, Sum: 0.0]
      [Object Copy (ms): Min: 119.0, Avg: 119.1, Max: 119.1, Diff: 0.2, Sum: 952.8]
      [Termination (ms): Min: 0.0, Avg: 0.0, Max: 0.0, Diff: 0.0, Sum: 0.0]
         [Termination Attempts: Min: 1, Avg: 24.3, Max: 42, Diff: 41, Sum: 194]
      [GC Worker Other (ms): Min: 0.0, Avg: 0.0, Max: 0.1, Diff: 0.1, Sum: 0.3]
      [GC Worker Total (ms): Min: 147.2, Avg: 147.2, Max: 147.3, Diff: 0.1, Sum: 1177.9]
      [GC Worker End (ms): Min: 73869.5, Avg: 73869.5, Max: 73869.5, Diff: 0.1]
   [Code Root Fixup: 0.0 ms]
   [Code Root Purge: 0.0 ms]
   [Clear CT: 0.2 ms]
   [Other: 1.0 ms]
      [Choose CSet: 0.0 ms]
      [Ref Proc: 0.1 ms]
      [Ref Enq: 0.0 ms]
      [Redirty Cards: 0.2 ms]
      [Humongous Register: 0.0 ms]
      [Humongous Reclaim: 0.0 ms]
      [Free CSet: 0.3 ms]
   [Eden: 332.0M(332.0M)->0.0B(316.0M) Survivors: 3072.0K->42.0M Heap: 399.7M(2048.0M)->399.7M(2048.0M)]
 [Times: user=1.13 sys=0.00, real=0.15 secs] 
2020-09-29T12:34:06.689+0200: 74.047: [GC pause (G1 Evacuation Pause) (young), 0.1693742 secs]
   [Parallel Time: 168.2 ms, GC Workers: 8]
      [GC Worker Start (ms): Min: 74047.4, Avg: 74047.5, Max: 74047.6, Diff: 0.2]
      [Ext Root Scanning (ms): Min: 0.0, Avg: 0.1, Max: 0.2, Diff: 0.2, Sum: 0.6]
      [Update RS (ms): Min: 18.4, Avg: 18.6, Max: 18.9, Diff: 0.5, Sum: 148.6]
         [Processed Buffers: Min: 20, Avg: 21.6, Max: 24, Diff: 4, Sum: 173]
      [Scan RS (ms): Min: 15.4, Avg: 15.8, Max: 16.0, Diff: 0.7, Sum: 126.1]
      [Code Root Scanning (ms): Min: 0.0, Avg: 0.0, Max: 0.0, Diff: 0.0, Sum: 0.0]
      [Object Copy (ms): Min: 133.3, Avg: 133.5, Max: 133.5, Diff: 0.2, Sum: 1067.7]
      [Termination (ms): Min: 0.0, Avg: 0.0, Max: 0.1, Diff: 0.1, Sum: 0.4]
         [Termination Attempts: Min: 1, Avg: 360.9, Max: 492, Diff: 491, Sum: 2887]
      [GC Worker Other (ms): Min: 0.0, Avg: 0.0, Max: 0.1, Diff: 0.1, Sum: 0.3]
      [GC Worker Total (ms): Min: 167.9, Avg: 168.0, Max: 168.1, Diff: 0.2, Sum: 1343.7]
      [GC Worker End (ms): Min: 74215.5, Avg: 74215.5, Max: 74215.5, Diff: 0.1]
   [Code Root Fixup: 0.0 ms]
   [Code Root Purge: 0.0 ms]
   [Clear CT: 0.2 ms]
   [Other: 1.0 ms]
      [Choose CSet: 0.0 ms]
      [Ref Proc: 0.2 ms]
      [Ref Enq: 0.0 ms]
      [Redirty Cards: 0.2 ms]
      [Humongous Register: 0.0 ms]
      [Humongous Reclaim: 0.0 ms]
      [Free CSet: 0.3 ms]
   [Eden: 316.0M(316.0M)->0.0B(315.0M) Survivors: 42.0M->45.0M Heap: 767.2M(2048.0M)->768.7M(2048.0M)]
 [Times: user=1.34 sys=0.02, real=0.17 secs] 
2020-09-29T12:34:07.032+0200: 74.390: [GC pause (G1 Evacuation Pause) (young), 0.1714642 secs]
   [Parallel Time: 170.3 ms, GC Workers: 8]
      [GC Worker Start (ms): Min: 74390.2, Avg: 74390.3, Max: 74390.4, Diff: 0.2]
      [Ext Root Scanning (ms): Min: 0.0, Avg: 0.1, Max: 0.2, Diff: 0.2, Sum: 0.4]
      [Update RS (ms): Min: 21.8, Avg: 22.0, Max: 22.5, Diff: 0.7, Sum: 176.0]
         [Processed Buffers: Min: 25, Avg: 27.5, Max: 30, Diff: 5, Sum: 220]
      [Scan RS (ms): Min: 13.8, Avg: 14.2, Max: 14.5, Diff: 0.8, Sum: 113.8]
      [Code Root Scanning (ms): Min: 0.0, Avg: 0.0, Max: 0.0, Diff: 0.0, Sum: 0.0]
      [Object Copy (ms): Min: 133.6, Avg: 133.7, Max: 133.8, Diff: 0.3, Sum: 1069.5]
      [Termination (ms): Min: 0.0, Avg: 0.1, Max: 0.1, Diff: 0.1, Sum: 0.8]
         [Termination Attempts: Min: 1, Avg: 658.9, Max: 823, Diff: 822, Sum: 5271]
      [GC Worker Other (ms): Min: 0.0, Avg: 0.0, Max: 0.1, Diff: 0.1, Sum: 0.3]
      [GC Worker Total (ms): Min: 170.0, Avg: 170.1, Max: 170.2, Diff: 0.2, Sum: 1360.8]
      [GC Worker End (ms): Min: 74560.4, Avg: 74560.4, Max: 74560.4, Diff: 0.1]
   [Code Root Fixup: 0.0 ms]
   [Code Root Purge: 0.0 ms]
   [Clear CT: 0.2 ms]
   [Other: 1.0 ms]
      [Choose CSet: 0.0 ms]
      [Ref Proc: 0.2 ms]
      [Ref Enq: 0.0 ms]
      [Redirty Cards: 0.4 ms]
      [Humongous Register: 0.0 ms]
      [Humongous Reclaim: 0.0 ms]
      [Free CSet: 0.2 ms]
   [Eden: 315.0M(315.0M)->0.0B(320.0M) Survivors: 45.0M->45.0M Heap: 1137.1M(2048.0M)->1139.1M(2048.0M)]
 [Times: user=1.33 sys=0.03, real=0.17 secs] 
2020-09-29T12:34:07.218+0200: 74.576: [GC pause (G1 Humongous Allocation) (young) (initial-mark), 0.0516366 secs]
   [Parallel Time: 50.9 ms, GC Workers: 8]
      [GC Worker Start (ms): Min: 74576.5, Avg: 74576.6, Max: 74576.7, Diff: 0.2]
      [Ext Root Scanning (ms): Min: 0.0, Avg: 0.1, Max: 0.3, Diff: 0.2, Sum: 1.1]
      [Update RS (ms): Min: 26.6, Avg: 26.7, Max: 26.8, Diff: 0.3, Sum: 213.5]
         [Processed Buffers: Min: 33, Avg: 34.9, Max: 37, Diff: 4, Sum: 279]
      [Scan RS (ms): Min: 2.5, Avg: 2.7, Max: 2.8, Diff: 0.4, Sum: 21.4]
      [Code Root Scanning (ms): Min: 0.0, Avg: 0.0, Max: 0.0, Diff: 0.0, Sum: 0.0]
      [Object Copy (ms): Min: 21.1, Avg: 21.1, Max: 21.2, Diff: 0.1, Sum: 169.2]
      [Termination (ms): Min: 0.0, Avg: 0.0, Max: 0.0, Diff: 0.0, Sum: 0.1]
         [Termination Attempts: Min: 1, Avg: 57.9, Max: 79, Diff: 78, Sum: 463]
      [GC Worker Other (ms): Min: 0.0, Avg: 0.0, Max: 0.0, Diff: 0.0, Sum: 0.2]
      [GC Worker Total (ms): Min: 50.6, Avg: 50.7, Max: 50.7, Diff: 0.2, Sum: 405.3]
      [GC Worker End (ms): Min: 74627.2, Avg: 74627.2, Max: 74627.2, Diff: 0.0]
   [Code Root Fixup: 0.0 ms]
   [Code Root Purge: 0.0 ms]
   [Clear CT: 0.1 ms]
   [Other: 0.6 ms]
      [Choose CSet: 0.0 ms]
      [Ref Proc: 0.2 ms]
      [Ref Enq: 0.0 ms]
      [Redirty Cards: 0.1 ms]
      [Humongous Register: 0.0 ms]
      [Humongous Reclaim: 0.0 ms]
      [Free CSet: 0.1 ms]
   [Eden: 10.0M(320.0M)->0.0B(341.0M) Survivors: 45.0M->12.0M Heap: 1149.1M(2048.0M)->1152.6M(2048.0M)]
 [Times: user=0.41 sys=0.00, real=0.05 secs] 
2020-09-29T12:34:07.270+0200: 74.628: [GC concurrent-root-region-scan-start]
2020-09-29T12:34:07.272+0200: 74.630: [GC concurrent-root-region-scan-end, 0.0017670 secs]
2020-09-29T12:34:07.272+0200: 74.630: [GC concurrent-mark-start]
2020-09-29T12:34:07.276+0200: 74.634: [GC concurrent-mark-end, 0.0040746 secs]
2020-09-29T12:34:07.276+0200: 74.634: [GC remark 2020-09-29T12:34:07.276+0200: 74.634: [Finalize Marking, 0.0010310 secs] 2020-09-29T12:34:07.277+0200: 74.635: [GC ref-proc, 0.0005657 secs] 2020-09-29T12:34:07.278+0200: 74.636: [Unloading, 0.0004718 secs], 0.0023605 secs]
 [Times: user=0.00 sys=0.00, real=0.00 secs] 
2020-09-29T12:34:07.279+0200: 74.637: [GC cleanup 1168M->35M(2048M), 0.0018020 secs]
 [Times: user=0.00 sys=0.00, real=0.00 secs] 
2020-09-29T12:34:07.281+0200: 74.639: [GC concurrent-cleanup-start]
2020-09-29T12:34:07.283+0200: 74.641: [GC concurrent-cleanup-end, 0.0021814 secs]
2020-09-29T12:34:07.460+0200: 74.818: [GC pause (G1 Evacuation Pause) (young), 0.1949953 secs]
   [Parallel Time: 193.8 ms, GC Workers: 8]
      [GC Worker Start (ms): Min: 74818.1, Avg: 74818.3, Max: 74818.3, Diff: 0.2]
      [Ext Root Scanning (ms): Min: 0.0, Avg: 0.1, Max: 0.2, Diff: 0.2, Sum: 0.4]
      [Update RS (ms): Min: 16.4, Avg: 16.7, Max: 17.0, Diff: 0.6, Sum: 133.6]
         [Processed Buffers: Min: 18, Avg: 19.0, Max: 20, Diff: 2, Sum: 152]
      [Scan RS (ms): Min: 15.7, Avg: 16.1, Max: 16.4, Diff: 0.7, Sum: 128.8]
      [Code Root Scanning (ms): Min: 0.0, Avg: 0.0, Max: 0.0, Diff: 0.0, Sum: 0.0]
      [Object Copy (ms): Min: 159.8, Avg: 160.1, Max: 160.7, Diff: 0.9, Sum: 1281.1]
      [Termination (ms): Min: 0.0, Avg: 0.5, Max: 0.8, Diff: 0.8, Sum: 4.2]
         [Termination Attempts: Min: 1, Avg: 3542.9, Max: 5148, Diff: 5147, Sum: 28343]
      [GC Worker Other (ms): Min: 0.0, Avg: 0.0, Max: 0.1, Diff: 0.1, Sum: 0.4]
      [GC Worker Total (ms): Min: 193.5, Avg: 193.6, Max: 193.7, Diff: 0.2, Sum: 1548.4]
      [GC Worker End (ms): Min: 75011.8, Avg: 75011.8, Max: 75011.9, Diff: 0.1]
   [Code Root Fixup: 0.0 ms]
   [Code Root Purge: 0.0 ms]
   [Clear CT: 0.2 ms]
   [Other: 1.0 ms]
      [Choose CSet: 0.0 ms]
      [Ref Proc: 0.3 ms]
      [Ref Enq: 0.0 ms]
      [Redirty Cards: 0.2 ms]
      [Humongous Register: 0.0 ms]
      [Humongous Reclaim: 0.0 ms]
      [Free CSet: 0.2 ms]
   [Eden: 341.0M(341.0M)->0.0B(305.0M) Survivors: 12.0M->45.0M Heap: 418.2M(2048.0M)->408.7M(2048.0M)]
 [Times: user=1.33 sys=0.03, real=0.19 secs] 
2020-09-29T12:34:07.811+0200: 75.170: [GC pause (G1 Evacuation Pause) (young), 0.1866799 secs]
   [Parallel Time: 185.3 ms, GC Workers: 8]
      [GC Worker Start (ms): Min: 75169.7, Avg: 75169.8, Max: 75169.9, Diff: 0.2]
      [Ext Root Scanning (ms): Min: 0.0, Avg: 0.1, Max: 0.2, Diff: 0.2, Sum: 0.5]
      [Update RS (ms): Min: 20.7, Avg: 20.8, Max: 21.0, Diff: 0.4, Sum: 166.8]
         [Processed Buffers: Min: 18, Avg: 22.0, Max: 25, Diff: 7, Sum: 176]
      [Scan RS (ms): Min: 20.8, Avg: 21.0, Max: 21.3, Diff: 0.5, Sum: 167.8]
      [Code Root Scanning (ms): Min: 0.0, Avg: 0.0, Max: 0.0, Diff: 0.0, Sum: 0.0]
      [Object Copy (ms): Min: 129.3, Avg: 129.4, Max: 129.5, Diff: 0.2, Sum: 1035.3]
      [Termination (ms): Min: 0.0, Avg: 0.0, Max: 0.0, Diff: 0.0, Sum: 0.3]
         [Termination Attempts: Min: 1, Avg: 234.6, Max: 293, Diff: 292, Sum: 1877]
      [GC Worker Other (ms): Min: 0.0, Avg: 3.4, Max: 13.6, Diff: 13.6, Sum: 27.4]
      [GC Worker Total (ms): Min: 171.3, Avg: 174.8, Max: 184.9, Diff: 13.6, Sum: 1398.1]
      [GC Worker End (ms): Min: 75341.2, Avg: 75344.6, Max: 75354.8, Diff: 13.6]
   [Code Root Fixup: 0.0 ms]
   [Code Root Purge: 0.0 ms]
   [Clear CT: 0.3 ms]
   [Other: 1.1 ms]
      [Choose CSet: 0.0 ms]
      [Ref Proc: 0.3 ms]
      [Ref Enq: 0.0 ms]
      [Redirty Cards: 0.4 ms]
      [Humongous Register: 0.1 ms]
      [Humongous Reclaim: 0.0 ms]
      [Free CSet: 0.2 ms]
   [Eden: 305.0M(305.0M)->0.0B(280.0M) Survivors: 45.0M->44.0M Heap: 765.2M(2048.0M)->767.2M(2048.0M)]
 [Times: user=1.30 sys=0.06, real=0.19 secs] 
2020-09-29T12:34:08.169+0200: 75.527: [GC pause (G1 Evacuation Pause) (young), 0.1633141 secs]
   [Parallel Time: 160.8 ms, GC Workers: 8]
      [GC Worker Start (ms): Min: 75527.1, Avg: 75527.2, Max: 75527.3, Diff: 0.2]
      [Ext Root Scanning (ms): Min: 0.0, Avg: 0.1, Max: 0.2, Diff: 0.2, Sum: 0.5]
      [Update RS (ms): Min: 17.6, Avg: 18.0, Max: 18.4, Diff: 0.8, Sum: 143.7]
         [Processed Buffers: Min: 16, Avg: 16.9, Max: 17, Diff: 1, Sum: 135]
      [Scan RS (ms): Min: 23.5, Avg: 24.1, Max: 24.4, Diff: 0.9, Sum: 192.6]
      [Code Root Scanning (ms): Min: 0.0, Avg: 0.0, Max: 0.0, Diff: 0.0, Sum: 0.0]
      [Object Copy (ms): Min: 118.3, Avg: 118.4, Max: 118.5, Diff: 0.2, Sum: 947.1]
      [Termination (ms): Min: 0.0, Avg: 0.0, Max: 0.0, Diff: 0.0, Sum: 0.0]
         [Termination Attempts: Min: 1, Avg: 12.5, Max: 19, Diff: 18, Sum: 100]
      [GC Worker Other (ms): Min: 0.0, Avg: 0.0, Max: 0.1, Diff: 0.1, Sum: 0.3]
      [GC Worker Total (ms): Min: 160.5, Avg: 160.5, Max: 160.7, Diff: 0.2, Sum: 1284.4]
      [GC Worker End (ms): Min: 75687.7, Avg: 75687.8, Max: 75687.8, Diff: 0.1]
   [Code Root Fixup: 0.0 ms]
   [Code Root Purge: 0.0 ms]
   [Clear CT: 0.2 ms]
   [Other: 2.3 ms]
      [Choose CSet: 0.0 ms]
      [Ref Proc: 0.2 ms]
      [Ref Enq: 0.0 ms]
      [Redirty Cards: 0.5 ms]
      [Humongous Register: 0.1 ms]
      [Humongous Reclaim: 0.0 ms]
      [Free CSet: 1.4 ms]
   [Eden: 280.0M(280.0M)->0.0B(276.0M) Survivors: 44.0M->41.0M Heap: 1093.0M(2048.0M)->1095.5M(2048.0M)]
 [Times: user=1.27 sys=0.00, real=0.16 secs] 
2020-09-29T12:34:08.344+0200: 75.701: [GC pause (G1 Humongous Allocation) (young) (initial-mark), 0.0538531 secs]
   [Parallel Time: 52.9 ms, GC Workers: 8]
      [GC Worker Start (ms): Min: 75701.5, Avg: 75701.5, Max: 75701.6, Diff: 0.2]
      [Ext Root Scanning (ms): Min: 0.7, Avg: 1.0, Max: 2.2, Diff: 1.5, Sum: 7.8]
      [Update RS (ms): Min: 28.6, Avg: 29.9, Max: 30.5, Diff: 1.9, Sum: 239.5]
         [Processed Buffers: Min: 32, Avg: 36.1, Max: 39, Diff: 7, Sum: 289]
      [Scan RS (ms): Min: 2.3, Avg: 2.6, Max: 2.8, Diff: 0.6, Sum: 20.5]
      [Code Root Scanning (ms): Min: 0.0, Avg: 0.0, Max: 0.0, Diff: 0.0, Sum: 0.0]
      [Object Copy (ms): Min: 19.0, Avg: 19.2, Max: 19.3, Diff: 0.3, Sum: 153.9]
      [Termination (ms): Min: 0.0, Avg: 0.0, Max: 0.0, Diff: 0.0, Sum: 0.2]
         [Termination Attempts: Min: 1, Avg: 170.5, Max: 253, Diff: 252, Sum: 1364]
      [GC Worker Other (ms): Min: 0.0, Avg: 0.0, Max: 0.0, Diff: 0.0, Sum: 0.1]
      [GC Worker Total (ms): Min: 52.7, Avg: 52.7, Max: 52.8, Diff: 0.2, Sum: 422.0]
      [GC Worker End (ms): Min: 75754.3, Avg: 75754.3, Max: 75754.3, Diff: 0.0]
   [Code Root Fixup: 0.0 ms]
   [Code Root Purge: 0.0 ms]
   [Clear CT: 0.2 ms]
   [Other: 0.8 ms]
      [Choose CSet: 0.0 ms]
      [Ref Proc: 0.3 ms]
      [Ref Enq: 0.0 ms]
      [Redirty Cards: 0.1 ms]
      [Humongous Register: 0.0 ms]
      [Humongous Reclaim: 0.0 ms]
      [Free CSet: 0.0 ms]
   [Eden: 2048.0K(276.0M)->0.0B(324.0M) Survivors: 41.0M->4096.0K Heap: 1097.0M(2048.0M)->1101.5M(2048.0M)]
 [Times: user=0.47 sys=0.00, real=0.05 secs] 
2020-09-29T12:34:08.398+0200: 75.755: [GC concurrent-root-region-scan-start]
2020-09-29T12:34:08.398+0200: 75.755: [GC concurrent-root-region-scan-end, 0.0002453 secs]
2020-09-29T12:34:08.398+0200: 75.755: [GC concurrent-mark-start]
2020-09-29T12:34:08.400+0200: 75.758: [GC concurrent-mark-end, 0.0023083 secs]
2020-09-29T12:34:08.400+0200: 75.758: [GC remark 2020-09-29T12:34:08.400+0200: 75.758: [Finalize Marking, 0.0001524 secs] 2020-09-29T12:34:08.400+0200: 75.758: [GC ref-proc, 0.0002886 secs] 2020-09-29T12:34:08.401+0200: 75.758: [Unloading, 0.0004074 secs], 0.0011870 secs]
 [Times: user=0.00 sys=0.00, real=0.00 secs] 
2020-09-29T12:34:08.402+0200: 75.759: [GC cleanup 1109M->19M(2048M), 0.0010067 secs]
 [Times: user=0.00 sys=0.00, real=0.00 secs] 
2020-09-29T12:34:08.403+0200: 75.761: [GC concurrent-cleanup-start]
2020-09-29T12:34:08.404+0200: 75.762: [GC concurrent-cleanup-end, 0.0012647 secs]
2020-09-29T12:34:08.570+0200: 75.927: [GC pause (G1 Evacuation Pause) (young), 0.1530389 secs]
   [Parallel Time: 152.0 ms, GC Workers: 8]
      [GC Worker Start (ms): Min: 75927.6, Avg: 75927.7, Max: 75927.7, Diff: 0.1]
      [Ext Root Scanning (ms): Min: 0.0, Avg: 0.1, Max: 0.1, Diff: 0.1, Sum: 0.5]
      [Update RS (ms): Min: 15.0, Avg: 15.2, Max: 15.4, Diff: 0.4, Sum: 121.7]
         [Processed Buffers: Min: 16, Avg: 17.1, Max: 19, Diff: 3, Sum: 137]
      [Scan RS (ms): Min: 16.9, Avg: 17.2, Max: 17.5, Diff: 0.6, Sum: 137.3]
      [Code Root Scanning (ms): Min: 0.0, Avg: 0.0, Max: 0.0, Diff: 0.0, Sum: 0.0]
      [Object Copy (ms): Min: 119.1, Avg: 119.3, Max: 119.4, Diff: 0.3, Sum: 954.4]
      [Termination (ms): Min: 0.0, Avg: 0.0, Max: 0.0, Diff: 0.0, Sum: 0.1]
         [Termination Attempts: Min: 1, Avg: 72.0, Max: 97, Diff: 96, Sum: 576]
      [GC Worker Other (ms): Min: 0.0, Avg: 0.0, Max: 0.1, Diff: 0.1, Sum: 0.3]
      [GC Worker Total (ms): Min: 151.7, Avg: 151.8, Max: 151.9, Diff: 0.2, Sum: 1214.3]
      [GC Worker End (ms): Min: 76079.4, Avg: 76079.5, Max: 76079.5, Diff: 0.1]
   [Code Root Fixup: 0.0 ms]
   [Code Root Purge: 0.0 ms]
   [Clear CT: 0.2 ms]
   [Other: 0.9 ms]
      [Choose CSet: 0.0 ms]
      [Ref Proc: 0.2 ms]
      [Ref Enq: 0.0 ms]
      [Redirty Cards: 0.2 ms]
      [Humongous Register: 0.0 ms]
      [Humongous Reclaim: 0.0 ms]
      [Free CSet: 0.3 ms]
   [Eden: 324.0M(324.0M)->0.0B(305.0M) Survivors: 4096.0K->41.0M Heap: 391.3M(2048.0M)->389.3M(2048.0M)]
 [Times: user=1.14 sys=0.00, real=0.15 secs] 
2020-09-29T12:34:08.885+0200: 76.242: [GC pause (G1 Evacuation Pause) (young), 0.1687170 secs]
   [Parallel Time: 167.7 ms, GC Workers: 8]
      [GC Worker Start (ms): Min: 76242.6, Avg: 76242.8, Max: 76243.5, Diff: 0.9]
      [Ext Root Scanning (ms): Min: 0.0, Avg: 0.1, Max: 0.2, Diff: 0.2, Sum: 0.5]
      [Update RS (ms): Min: 16.6, Avg: 17.1, Max: 17.5, Diff: 0.9, Sum: 136.7]
         [Processed Buffers: Min: 16, Avg: 17.6, Max: 19, Diff: 3, Sum: 141]
      [Scan RS (ms): Min: 18.0, Avg: 18.3, Max: 18.8, Diff: 0.8, Sum: 146.7]
      [Code Root Scanning (ms): Min: 0.0, Avg: 0.0, Max: 0.0, Diff: 0.0, Sum: 0.0]
      [Object Copy (ms): Min: 131.7, Avg: 131.8, Max: 131.8, Diff: 0.2, Sum: 1054.4]
      [Termination (ms): Min: 0.0, Avg: 0.0, Max: 0.0, Diff: 0.0, Sum: 0.1]
         [Termination Attempts: Min: 1, Avg: 61.4, Max: 84, Diff: 83, Sum: 491]
      [GC Worker Other (ms): Min: 0.0, Avg: 0.0, Max: 0.1, Diff: 0.1, Sum: 0.3]
      [GC Worker Total (ms): Min: 166.7, Avg: 167.3, Max: 167.5, Diff: 0.9, Sum: 1338.7]
      [GC Worker End (ms): Min: 76410.1, Avg: 76410.1, Max: 76410.1, Diff: 0.1]
   [Code Root Fixup: 0.0 ms]
   [Code Root Purge: 0.0 ms]
   [Clear CT: 0.1 ms]
   [Other: 0.9 ms]
      [Choose CSet: 0.0 ms]
      [Ref Proc: 0.1 ms]
      [Ref Enq: 0.0 ms]
      [Redirty Cards: 0.2 ms]
      [Humongous Register: 0.1 ms]
      [Humongous Reclaim: 0.0 ms]
      [Free CSet: 0.3 ms]
   [Eden: 305.0M(305.0M)->0.0B(302.0M) Survivors: 41.0M->44.0M Heap: 743.9M(2048.0M)->746.4M(2048.0M)]
 [Times: user=1.36 sys=0.00, real=0.17 secs] 
2020-09-29T12:34:09.219+0200: 76.576: [GC pause (G1 Evacuation Pause) (young), 0.1584554 secs]
   [Parallel Time: 156.9 ms, GC Workers: 8]
      [GC Worker Start (ms): Min: 76576.6, Avg: 76576.7, Max: 76576.8, Diff: 0.2]
      [Ext Root Scanning (ms): Min: 0.0, Avg: 0.1, Max: 0.2, Diff: 0.2, Sum: 0.5]
      [Update RS (ms): Min: 16.0, Avg: 16.2, Max: 16.5, Diff: 0.4, Sum: 129.8]
         [Processed Buffers: Min: 19, Avg: 20.8, Max: 23, Diff: 4, Sum: 166]
      [Scan RS (ms): Min: 15.0, Avg: 15.2, Max: 15.5, Diff: 0.5, Sum: 121.9]
      [Code Root Scanning (ms): Min: 0.0, Avg: 0.0, Max: 0.0, Diff: 0.0, Sum: 0.0]
      [Object Copy (ms): Min: 125.0, Avg: 125.1, Max: 125.2, Diff: 0.2, Sum: 1001.0]
      [Termination (ms): Min: 0.0, Avg: 0.0, Max: 0.0, Diff: 0.0, Sum: 0.0]
         [Termination Attempts: Min: 1, Avg: 32.5, Max: 43, Diff: 42, Sum: 260]
      [GC Worker Other (ms): Min: 0.0, Avg: 0.0, Max: 0.1, Diff: 0.0, Sum: 0.3]
      [GC Worker Total (ms): Min: 156.6, Avg: 156.7, Max: 156.8, Diff: 0.2, Sum: 1253.6]
      [GC Worker End (ms): Min: 76733.4, Avg: 76733.4, Max: 76733.4, Diff: 0.1]
   [Code Root Fixup: 0.0 ms]
   [Code Root Purge: 0.0 ms]
   [Clear CT: 0.4 ms]
   [Other: 1.1 ms]
      [Choose CSet: 0.0 ms]
      [Ref Proc: 0.1 ms]
      [Ref Enq: 0.0 ms]
      [Redirty Cards: 0.4 ms]
      [Humongous Register: 0.0 ms]
      [Humongous Reclaim: 0.0 ms]
      [Free CSet: 0.3 ms]
   [Eden: 302.0M(302.0M)->0.0B(314.0M) Survivors: 44.0M->44.0M Heap: 1099.9M(2048.0M)->1101.9M(2048.0M)]
 [Times: user=1.25 sys=0.00, real=0.16 secs] 
2020-09-29T12:34:09.392+0200: 76.750: [GC pause (G1 Humongous Allocation) (young) (initial-mark), 0.0534659 secs]
   [Parallel Time: 52.4 ms, GC Workers: 8]
      [GC Worker Start (ms): Min: 76750.3, Avg: 76750.4, Max: 76750.4, Diff: 0.1]
      [Ext Root Scanning (ms): Min: 0.0, Avg: 0.1, Max: 0.1, Diff: 0.1, Sum: 0.6]
      [Update RS (ms): Min: 28.9, Avg: 29.2, Max: 29.7, Diff: 0.8, Sum: 233.9]
         [Processed Buffers: Min: 24, Avg: 35.5, Max: 38, Diff: 14, Sum: 284]
      [Scan RS (ms): Min: 2.2, Avg: 2.7, Max: 3.0, Diff: 0.7, Sum: 21.3]
      [Code Root Scanning (ms): Min: 0.0, Avg: 0.0, Max: 0.0, Diff: 0.0, Sum: 0.0]
      [Object Copy (ms): Min: 20.2, Avg: 20.3, Max: 20.3, Diff: 0.1, Sum: 162.2]
      [Termination (ms): Min: 0.0, Avg: 0.0, Max: 0.0, Diff: 0.0, Sum: 0.0]
         [Termination Attempts: Min: 1, Avg: 23.4, Max: 39, Diff: 38, Sum: 187]
      [GC Worker Other (ms): Min: 0.0, Avg: 0.0, Max: 0.0, Diff: 0.0, Sum: 0.1]
      [GC Worker Total (ms): Min: 52.2, Avg: 52.3, Max: 52.3, Diff: 0.1, Sum: 418.2]
      [GC Worker End (ms): Min: 76802.7, Avg: 76802.7, Max: 76802.7, Diff: 0.0]
   [Code Root Fixup: 0.0 ms]
   [Code Root Purge: 0.0 ms]
   [Clear CT: 0.2 ms]
   [Other: 0.9 ms]
      [Choose CSet: 0.0 ms]
      [Ref Proc: 0.2 ms]
      [Ref Enq: 0.0 ms]
      [Redirty Cards: 0.2 ms]
      [Humongous Register: 0.1 ms]
      [Humongous Reclaim: 0.0 ms]
      [Free CSet: 0.1 ms]
   [Eden: 8192.0K(314.0M)->0.0B(361.0M) Survivors: 44.0M->9216.0K Heap: 1109.4M(2048.0M)->1113.4M(2048.0M)]
 [Times: user=0.50 sys=0.00, real=0.05 secs] 
2020-09-29T12:34:09.446+0200: 76.804: [GC concurrent-root-region-scan-start]
2020-09-29T12:34:09.448+0200: 76.806: [GC concurrent-root-region-scan-end, 0.0018799 secs]
2020-09-29T12:34:09.448+0200: 76.806: [GC concurrent-mark-start]
2020-09-29T12:34:09.451+0200: 76.808: [GC concurrent-mark-end, 0.0025544 secs]
2020-09-29T12:34:09.451+0200: 76.808: [GC remark 2020-09-29T12:34:09.451+0200: 76.808: [Finalize Marking, 0.0001753 secs] 2020-09-29T12:34:09.451+0200: 76.809: [GC ref-proc, 0.0002814 secs] 2020-09-29T12:34:09.451+0200: 76.809: [Unloading, 0.0004336 secs], 0.0012189 secs]
 [Times: user=0.00 sys=0.00, real=0.00 secs] 
2020-09-29T12:34:09.452+0200: 76.810: [GC cleanup 1124M->27M(2048M), 0.0009808 secs]
 [Times: user=0.00 sys=0.00, real=0.00 secs] 
2020-09-29T12:34:09.453+0200: 76.811: [GC concurrent-cleanup-start]
2020-09-29T12:34:09.455+0200: 76.812: [GC concurrent-cleanup-end, 0.0012988 secs]
2020-09-29T12:34:09.647+0200: 77.005: [GC pause (G1 Evacuation Pause) (young), 0.1715453 secs]
   [Parallel Time: 170.1 ms, GC Workers: 8]
      [GC Worker Start (ms): Min: 77005.1, Avg: 77005.2, Max: 77005.3, Diff: 0.2]
      [Ext Root Scanning (ms): Min: 0.0, Avg: 0.1, Max: 0.2, Diff: 0.2, Sum: 0.5]
      [Update RS (ms): Min: 16.5, Avg: 16.8, Max: 17.4, Diff: 0.9, Sum: 134.2]
         [Processed Buffers: Min: 18, Avg: 18.4, Max: 19, Diff: 1, Sum: 147]
      [Scan RS (ms): Min: 18.1, Avg: 18.7, Max: 19.1, Diff: 1.0, Sum: 150.0]
      [Code Root Scanning (ms): Min: 0.0, Avg: 0.0, Max: 0.0, Diff: 0.0, Sum: 0.0]
      [Object Copy (ms): Min: 134.0, Avg: 134.2, Max: 134.2, Diff: 0.2, Sum: 1073.3]
      [Termination (ms): Min: 0.0, Avg: 0.0, Max: 0.1, Diff: 0.1, Sum: 0.3]
         [Termination Attempts: Min: 1, Avg: 316.5, Max: 411, Diff: 410, Sum: 2532]
      [GC Worker Other (ms): Min: 0.0, Avg: 0.0, Max: 0.1, Diff: 0.0, Sum: 0.3]
      [GC Worker Total (ms): Min: 169.7, Avg: 169.8, Max: 170.0, Diff: 0.2, Sum: 1358.5]
      [GC Worker End (ms): Min: 77175.0, Avg: 77175.1, Max: 77175.1, Diff: 0.0]
   [Code Root Fixup: 0.0 ms]
   [Code Root Purge: 0.0 ms]
   [Clear CT: 0.2 ms]
   [Other: 1.2 ms]
      [Choose CSet: 0.0 ms]
      [Ref Proc: 0.2 ms]
      [Ref Enq: 0.0 ms]
      [Redirty Cards: 0.4 ms]
      [Humongous Register: 0.0 ms]
      [Humongous Reclaim: 0.0 ms]
      [Free CSet: 0.3 ms]
   [Eden: 361.0M(361.0M)->0.0B(329.0M) Survivors: 9216.0K->47.0M Heap: 439.0M(2048.0M)->432.5M(2048.0M)]
 [Times: user=1.38 sys=0.00, real=0.17 secs] 
2020-09-29T12:34:10.016+0200: 77.373: [GC pause (G1 Evacuation Pause) (young), 0.1832200 secs]
   [Parallel Time: 182.0 ms, GC Workers: 8]
      [GC Worker Start (ms): Min: 77373.4, Avg: 77373.6, Max: 77373.6, Diff: 0.2]
      [Ext Root Scanning (ms): Min: 0.0, Avg: 0.1, Max: 0.2, Diff: 0.2, Sum: 0.5]
      [Update RS (ms): Min: 21.2, Avg: 21.4, Max: 21.7, Diff: 0.5, Sum: 171.0]
         [Processed Buffers: Min: 23, Avg: 24.3, Max: 27, Diff: 4, Sum: 194]
      [Scan RS (ms): Min: 19.0, Avg: 19.5, Max: 19.7, Diff: 0.7, Sum: 155.8]
      [Code Root Scanning (ms): Min: 0.0, Avg: 0.0, Max: 0.0, Diff: 0.0, Sum: 0.0]
      [Object Copy (ms): Min: 140.6, Avg: 140.7, Max: 140.9, Diff: 0.3, Sum: 1126.0]
      [Termination (ms): Min: 0.0, Avg: 0.1, Max: 0.1, Diff: 0.1, Sum: 0.5]
         [Termination Attempts: Min: 1, Avg: 425.0, Max: 523, Diff: 522, Sum: 3400]
      [GC Worker Other (ms): Min: 0.0, Avg: 0.0, Max: 0.1, Diff: 0.0, Sum: 0.2]
      [GC Worker Total (ms): Min: 181.7, Avg: 181.7, Max: 181.9, Diff: 0.2, Sum: 1454.0]
      [GC Worker End (ms): Min: 77555.3, Avg: 77555.3, Max: 77555.3, Diff: 0.0]
   [Code Root Fixup: 0.0 ms]
   [Code Root Purge: 0.0 ms]
   [Clear CT: 0.2 ms]
   [Other: 1.0 ms]
      [Choose CSet: 0.0 ms]
      [Ref Proc: 0.2 ms]
      [Ref Enq: 0.0 ms]
      [Redirty Cards: 0.2 ms]
      [Humongous Register: 0.0 ms]
      [Humongous Reclaim: 0.0 ms]
      [Free CSet: 0.4 ms]
   [Eden: 329.0M(329.0M)->0.0B(319.0M) Survivors: 47.0M->47.0M Heap: 816.8M(2048.0M)->818.8M(2048.0M)]
 [Times: user=1.45 sys=0.05, real=0.18 secs] 
2020-09-29T12:34:10.382+0200: 77.739: [GC pause (G1 Evacuation Pause) (young), 0.1692795 secs]
   [Parallel Time: 168.2 ms, GC Workers: 8]
      [GC Worker Start (ms): Min: 77739.5, Avg: 77739.6, Max: 77739.7, Diff: 0.1]
      [Ext Root Scanning (ms): Min: 0.0, Avg: 0.1, Max: 0.1, Diff: 0.1, Sum: 0.5]
      [Update RS (ms): Min: 16.1, Avg: 16.3, Max: 16.6, Diff: 0.4, Sum: 130.1]
         [Processed Buffers: Min: 19, Avg: 20.6, Max: 24, Diff: 5, Sum: 165]
      [Scan RS (ms): Min: 17.6, Avg: 17.9, Max: 18.1, Diff: 0.5, Sum: 143.2]
      [Code Root Scanning (ms): Min: 0.0, Avg: 0.0, Max: 0.0, Diff: 0.0, Sum: 0.0]
      [Object Copy (ms): Min: 133.7, Avg: 133.8, Max: 133.9, Diff: 0.1, Sum: 1070.4]
      [Termination (ms): Min: 0.0, Avg: 0.0, Max: 0.0, Diff: 0.0, Sum: 0.1]
         [Termination Attempts: Min: 1, Avg: 55.9, Max: 75, Diff: 74, Sum: 447]
      [GC Worker Other (ms): Min: 0.0, Avg: 0.0, Max: 0.1, Diff: 0.1, Sum: 0.4]
      [GC Worker Total (ms): Min: 168.0, Avg: 168.1, Max: 168.2, Diff: 0.2, Sum: 1344.6]
      [GC Worker End (ms): Min: 77907.6, Avg: 77907.7, Max: 77907.7, Diff: 0.1]
   [Code Root Fixup: 0.0 ms]
   [Code Root Purge: 0.0 ms]
   [Clear CT: 0.2 ms]
   [Other: 0.9 ms]
      [Choose CSet: 0.0 ms]
      [Ref Proc: 0.1 ms]
      [Ref Enq: 0.0 ms]
      [Redirty Cards: 0.2 ms]
      [Humongous Register: 0.1 ms]
      [Humongous Reclaim: 0.0 ms]
      [Free CSet: 0.3 ms]
   [Eden: 319.0M(319.0M)->0.0B(320.0M) Survivors: 47.0M->46.0M Heap: 1191.3M(2048.0M)->1193.3M(2048.0M)]
 [Times: user=1.25 sys=0.00, real=0.17 secs] 
2020-09-29T12:34:10.565+0200: 77.922: [GC pause (G1 Humongous Allocation) (young) (initial-mark), 0.0587520 secs]
   [Parallel Time: 57.9 ms, GC Workers: 8]
      [GC Worker Start (ms): Min: 77922.4, Avg: 77922.4, Max: 77922.4, Diff: 0.1]
      [Ext Root Scanning (ms): Min: 0.0, Avg: 0.1, Max: 0.1, Diff: 0.1, Sum: 0.7]
      [Update RS (ms): Min: 30.8, Avg: 31.1, Max: 31.5, Diff: 0.6, Sum: 249.0]
         [Processed Buffers: Min: 38, Avg: 39.8, Max: 41, Diff: 3, Sum: 318]
      [Scan RS (ms): Min: 2.4, Avg: 2.7, Max: 3.0, Diff: 0.6, Sum: 22.0]
      [Code Root Scanning (ms): Min: 0.0, Avg: 0.0, Max: 0.0, Diff: 0.0, Sum: 0.0]
      [Object Copy (ms): Min: 23.7, Avg: 23.8, Max: 23.8, Diff: 0.1, Sum: 190.1]
      [Termination (ms): Min: 0.0, Avg: 0.0, Max: 0.0, Diff: 0.0, Sum: 0.1]
         [Termination Attempts: Min: 1, Avg: 60.9, Max: 82, Diff: 81, Sum: 487]
      [GC Worker Other (ms): Min: 0.0, Avg: 0.0, Max: 0.0, Diff: 0.0, Sum: 0.2]
      [GC Worker Total (ms): Min: 57.7, Avg: 57.8, Max: 57.8, Diff: 0.1, Sum: 462.1]
      [GC Worker End (ms): Min: 77980.2, Avg: 77980.2, Max: 77980.2, Diff: 0.0]
   [Code Root Fixup: 0.0 ms]
   [Code Root Purge: 0.0 ms]
   [Clear CT: 0.2 ms]
   [Other: 0.7 ms]
      [Choose CSet: 0.0 ms]
      [Ref Proc: 0.1 ms]
      [Ref Enq: 0.0 ms]
      [Redirty Cards: 0.2 ms]
      [Humongous Register: 0.1 ms]
      [Humongous Reclaim: 0.0 ms]
      [Free CSet: 0.1 ms]
   [Eden: 10.0M(320.0M)->0.0B(313.0M) Survivors: 46.0M->12.0M Heap: 1203.3M(2048.0M)->1206.8M(2048.0M)]
 [Times: user=0.48 sys=0.02, real=0.06 secs] 
2020-09-29T12:34:10.623+0200: 77.981: [GC concurrent-root-region-scan-start]
2020-09-29T12:34:10.626+0200: 77.983: [GC concurrent-root-region-scan-end, 0.0021632 secs]
2020-09-29T12:34:10.626+0200: 77.983: [GC concurrent-mark-start]
2020-09-29T12:34:10.629+0200: 77.987: [GC concurrent-mark-end, 0.0032663 secs]
2020-09-29T12:34:10.629+0200: 77.987: [GC remark 2020-09-29T12:34:10.629+0200: 77.987: [Finalize Marking, 0.0001511 secs] 2020-09-29T12:34:10.629+0200: 77.987: [GC ref-proc, 0.0002853 secs] 2020-09-29T12:34:10.630+0200: 77.987: [Unloading, 0.0004463 secs], 0.0013908 secs]
 [Times: user=0.02 sys=0.00, real=0.00 secs] 
2020-09-29T12:34:10.631+0200: 77.988: [GC cleanup 1218M->31M(2048M), 0.0013430 secs]
 [Times: user=0.00 sys=0.00, real=0.00 secs] 
2020-09-29T12:34:10.632+0200: 77.990: [GC concurrent-cleanup-start]
2020-09-29T12:34:10.634+0200: 77.992: [GC concurrent-cleanup-end, 0.0019878 secs]
2020-09-29T12:34:10.802+0200: 78.160: [GC pause (G1 Evacuation Pause) (young), 0.1538505 secs]
   [Parallel Time: 152.8 ms, GC Workers: 8]
      [GC Worker Start (ms): Min: 78159.8, Avg: 78159.9, Max: 78160.0, Diff: 0.2]
      [Ext Root Scanning (ms): Min: 0.0, Avg: 0.1, Max: 0.2, Diff: 0.2, Sum: 0.5]
      [Update RS (ms): Min: 20.0, Avg: 20.1, Max: 20.4, Diff: 0.4, Sum: 161.0]
         [Processed Buffers: Min: 21, Avg: 22.1, Max: 24, Diff: 3, Sum: 177]
      [Scan RS (ms): Min: 13.8, Avg: 14.2, Max: 14.3, Diff: 0.5, Sum: 113.2]
      [Code Root Scanning (ms): Min: 0.0, Avg: 0.0, Max: 0.0, Diff: 0.0, Sum: 0.0]
      [Object Copy (ms): Min: 118.1, Avg: 118.2, Max: 118.2, Diff: 0.2, Sum: 945.4]
      [Termination (ms): Min: 0.0, Avg: 0.0, Max: 0.0, Diff: 0.0, Sum: 0.0]
         [Termination Attempts: Min: 1, Avg: 30.3, Max: 44, Diff: 43, Sum: 242]
      [GC Worker Other (ms): Min: 0.0, Avg: 0.0, Max: 0.1, Diff: 0.1, Sum: 0.3]
      [GC Worker Total (ms): Min: 152.4, Avg: 152.6, Max: 152.7, Diff: 0.2, Sum: 1220.4]
      [GC Worker End (ms): Min: 78312.4, Avg: 78312.5, Max: 78312.5, Diff: 0.1]
   [Code Root Fixup: 0.0 ms]
   [Code Root Purge: 0.0 ms]
   [Clear CT: 0.1 ms]
   [Other: 0.9 ms]
      [Choose CSet: 0.0 ms]
      [Ref Proc: 0.1 ms]
      [Ref Enq: 0.0 ms]
      [Redirty Cards: 0.2 ms]
      [Humongous Register: 0.0 ms]
      [Humongous Reclaim: 0.0 ms]
      [Free CSet: 0.3 ms]
   [Eden: 313.0M(313.0M)->0.0B(334.0M) Survivors: 12.0M->41.0M Heap: 385.9M(2048.0M)->376.9M(2048.0M)]
 [Times: user=1.09 sys=0.03, real=0.15 secs] 
2020-09-29T12:34:11.149+0200: 78.506: [GC pause (G1 Evacuation Pause) (young), 0.1696269 secs]
   [Parallel Time: 168.5 ms, GC Workers: 8]
      [GC Worker Start (ms): Min: 78506.5, Avg: 78506.6, Max: 78506.7, Diff: 0.2]
      [Ext Root Scanning (ms): Min: 0.0, Avg: 0.1, Max: 0.1, Diff: 0.1, Sum: 0.5]
      [Update RS (ms): Min: 13.4, Avg: 13.6, Max: 13.8, Diff: 0.3, Sum: 108.6]
         [Processed Buffers: Min: 16, Avg: 16.8, Max: 19, Diff: 3, Sum: 134]
      [Scan RS (ms): Min: 19.2, Avg: 19.3, Max: 19.5, Diff: 0.4, Sum: 154.7]
      [Code Root Scanning (ms): Min: 0.0, Avg: 0.0, Max: 0.0, Diff: 0.0, Sum: 0.0]
      [Object Copy (ms): Min: 135.1, Avg: 135.2, Max: 135.3, Diff: 0.2, Sum: 1081.8]
      [Termination (ms): Min: 0.0, Avg: 0.0, Max: 0.0, Diff: 0.0, Sum: 0.2]
         [Termination Attempts: Min: 1, Avg: 202.8, Max: 308, Diff: 307, Sum: 1622]
      [GC Worker Other (ms): Min: 0.0, Avg: 0.0, Max: 0.1, Diff: 0.0, Sum: 0.3]
      [GC Worker Total (ms): Min: 168.2, Avg: 168.3, Max: 168.4, Diff: 0.2, Sum: 1346.3]
      [GC Worker End (ms): Min: 78674.8, Avg: 78674.9, Max: 78674.9, Diff: 0.0]
   [Code Root Fixup: 0.0 ms]
   [Code Root Purge: 0.0 ms]
   [Clear CT: 0.2 ms]
   [Other: 0.9 ms]
      [Choose CSet: 0.0 ms]
      [Ref Proc: 0.2 ms]
      [Ref Enq: 0.0 ms]
      [Redirty Cards: 0.1 ms]
      [Humongous Register: 0.1 ms]
      [Humongous Reclaim: 0.0 ms]
      [Free CSet: 0.3 ms]
   [Eden: 334.0M(334.0M)->0.0B(327.0M) Survivors: 41.0M->47.0M Heap: 766.2M(2048.0M)->768.2M(2048.0M)]
 [Times: user=1.31 sys=0.05, real=0.17 secs] 
2020-09-29T12:34:11.499+0200: 78.857: [GC pause (G1 Evacuation Pause) (young), 0.2135908 secs]
   [Parallel Time: 212.4 ms, GC Workers: 8]
      [GC Worker Start (ms): Min: 78857.0, Avg: 78857.1, Max: 78857.3, Diff: 0.2]
      [Ext Root Scanning (ms): Min: 0.0, Avg: 0.1, Max: 0.2, Diff: 0.2, Sum: 0.7]
      [Update RS (ms): Min: 16.8, Avg: 16.9, Max: 17.2, Diff: 0.4, Sum: 135.1]
         [Processed Buffers: Min: 19, Avg: 21.0, Max: 23, Diff: 4, Sum: 168]
      [Scan RS (ms): Min: 18.0, Avg: 18.4, Max: 18.5, Diff: 0.5, Sum: 146.9]
      [Code Root Scanning (ms): Min: 0.0, Avg: 0.0, Max: 0.0, Diff: 0.0, Sum: 0.0]
      [Object Copy (ms): Min: 175.4, Avg: 175.8, Max: 176.8, Diff: 1.5, Sum: 1406.7]
      [Termination (ms): Min: 0.0, Avg: 1.0, Max: 1.5, Diff: 1.5, Sum: 8.0]
         [Termination Attempts: Min: 1, Avg: 6651.0, Max: 9403, Diff: 9402, Sum: 53208]
      [GC Worker Other (ms): Min: 0.0, Avg: 0.0, Max: 0.1, Diff: 0.1, Sum: 0.3]
      [GC Worker Total (ms): Min: 212.1, Avg: 212.2, Max: 212.3, Diff: 0.2, Sum: 1697.7]
      [GC Worker End (ms): Min: 79069.3, Avg: 79069.3, Max: 79069.3, Diff: 0.1]
   [Code Root Fixup: 0.0 ms]
   [Code Root Purge: 0.0 ms]
   [Clear CT: 0.3 ms]
   [Other: 0.9 ms]
      [Choose CSet: 0.0 ms]
      [Ref Proc: 0.2 ms]
      [Ref Enq: 0.0 ms]
      [Redirty Cards: 0.2 ms]
      [Humongous Register: 0.1 ms]
      [Humongous Reclaim: 0.0 ms]
      [Free CSet: 0.2 ms]
   [Eden: 327.0M(327.0M)->0.0B(287.0M) Survivors: 47.0M->47.0M Heap: 1150.5M(2048.0M)->1153.0M(2048.0M)]
 [Times: user=1.69 sys=0.00, real=0.21 secs] 
2020-09-29T12:34:11.718+0200: 79.076: [GC pause (G1 Humongous Allocation) (young) (initial-mark), 0.0733587 secs]
   [Parallel Time: 72.3 ms, GC Workers: 8]
      [GC Worker Start (ms): Min: 79076.2, Avg: 79076.2, Max: 79076.3, Diff: 0.1]
      [Ext Root Scanning (ms): Min: 0.0, Avg: 0.1, Max: 0.2, Diff: 0.1, Sum: 0.8]
      [Update RS (ms): Min: 46.9, Avg: 47.2, Max: 47.6, Diff: 0.7, Sum: 377.6]
         [Processed Buffers: Min: 49, Avg: 57.5, Max: 61, Diff: 12, Sum: 460]
      [Scan RS (ms): Min: 1.3, Avg: 1.6, Max: 1.9, Diff: 0.7, Sum: 13.1]
      [Code Root Scanning (ms): Min: 0.0, Avg: 0.0, Max: 0.0, Diff: 0.0, Sum: 0.0]
      [Object Copy (ms): Min: 23.1, Avg: 23.2, Max: 23.2, Diff: 0.1, Sum: 185.5]
      [Termination (ms): Min: 0.0, Avg: 0.0, Max: 0.0, Diff: 0.0, Sum: 0.3]
         [Termination Attempts: Min: 1, Avg: 231.1, Max: 283, Diff: 282, Sum: 1849]
      [GC Worker Other (ms): Min: 0.0, Avg: 0.0, Max: 0.0, Diff: 0.0, Sum: 0.1]
      [GC Worker Total (ms): Min: 72.1, Avg: 72.2, Max: 72.2, Diff: 0.1, Sum: 577.4]
      [GC Worker End (ms): Min: 79148.4, Avg: 79148.4, Max: 79148.4, Diff: 0.0]
   [Code Root Fixup: 0.0 ms]
   [Code Root Purge: 0.0 ms]
   [Clear CT: 0.2 ms]
   [Other: 0.8 ms]
      [Choose CSet: 0.0 ms]
      [Ref Proc: 0.2 ms]
      [Ref Enq: 0.0 ms]
      [Redirty Cards: 0.2 ms]
      [Humongous Register: 0.0 ms]
      [Humongous Reclaim: 0.0 ms]
      [Free CSet: 0.1 ms]
   [Eden: 11.0M(287.0M)->0.0B(316.0M) Survivors: 47.0M->14.0M Heap: 1163.5M(2048.0M)->1168.5M(2048.0M)]
 [Times: user=0.63 sys=0.00, real=0.07 secs] 
2020-09-29T12:34:11.792+0200: 79.150: [GC concurrent-root-region-scan-start]
2020-09-29T12:34:11.796+0200: 79.153: [GC concurrent-root-region-scan-end, 0.0036928 secs]
2020-09-29T12:34:11.796+0200: 79.153: [GC concurrent-mark-start]
2020-09-29T12:34:11.799+0200: 79.157: [GC concurrent-mark-end, 0.0033411 secs]
2020-09-29T12:34:11.799+0200: 79.157: [GC remark 2020-09-29T12:34:11.799+0200: 79.157: [Finalize Marking, 0.0002156 secs] 2020-09-29T12:34:11.799+0200: 79.157: [GC ref-proc, 0.0003503 secs] 2020-09-29T12:34:11.800+0200: 79.158: [Unloading, 0.0005041 secs], 0.0014886 secs]
 [Times: user=0.00 sys=0.00, real=0.00 secs] 
2020-09-29T12:34:11.801+0200: 79.159: [GC cleanup 1181M->34M(2048M), 0.0015315 secs]
 [Times: user=0.11 sys=0.00, real=0.00 secs] 
2020-09-29T12:34:11.803+0200: 79.160: [GC concurrent-cleanup-start]
2020-09-29T12:34:11.805+0200: 79.162: [GC concurrent-cleanup-end, 0.0020593 secs]
2020-09-29T12:34:11.968+0200: 79.325: [GC pause (G1 Evacuation Pause) (young), 0.1534747 secs]
   [Parallel Time: 152.1 ms, GC Workers: 8]
      [GC Worker Start (ms): Min: 79325.6, Avg: 79325.7, Max: 79325.7, Diff: 0.2]
      [Ext Root Scanning (ms): Min: 0.0, Avg: 0.1, Max: 0.1, Diff: 0.1, Sum: 0.6]
      [Update RS (ms): Min: 15.1, Avg: 15.2, Max: 15.3, Diff: 0.3, Sum: 121.5]
         [Processed Buffers: Min: 18, Avg: 18.9, Max: 22, Diff: 4, Sum: 151]
      [Scan RS (ms): Min: 12.9, Avg: 13.5, Max: 16.6, Diff: 3.7, Sum: 108.2]
      [Code Root Scanning (ms): Min: 0.0, Avg: 0.0, Max: 0.0, Diff: 0.0, Sum: 0.0]
      [Object Copy (ms): Min: 120.1, Avg: 122.9, Max: 123.4, Diff: 3.3, Sum: 983.5]
      [Termination (ms): Min: 0.0, Avg: 0.2, Max: 0.3, Diff: 0.3, Sum: 1.4]
         [Termination Attempts: Min: 1, Avg: 1221.5, Max: 1863, Diff: 1862, Sum: 9772]
      [GC Worker Other (ms): Min: 0.0, Avg: 0.0, Max: 0.1, Diff: 0.1, Sum: 0.3]
      [GC Worker Total (ms): Min: 151.8, Avg: 151.9, Max: 152.0, Diff: 0.2, Sum: 1215.5]
      [GC Worker End (ms): Min: 79477.6, Avg: 79477.6, Max: 79477.6, Diff: 0.1]
   [Code Root Fixup: 0.0 ms]
   [Code Root Purge: 0.0 ms]
   [Clear CT: 0.2 ms]
   [Other: 1.2 ms]
      [Choose CSet: 0.0 ms]
      [Ref Proc: 0.2 ms]
      [Ref Enq: 0.0 ms]
      [Redirty Cards: 0.5 ms]
      [Humongous Register: 0.0 ms]
      [Humongous Reclaim: 0.0 ms]
      [Free CSet: 0.3 ms]
   [Eden: 316.0M(316.0M)->0.0B(309.0M) Survivors: 14.0M->42.0M Heap: 390.9M(2048.0M)->379.4M(2048.0M)]
 [Times: user=1.24 sys=0.00, real=0.16 secs] 
2020-09-29T12:34:12.297+0200: 79.654: [GC pause (G1 Evacuation Pause) (young), 0.1659408 secs]
   [Parallel Time: 165.0 ms, GC Workers: 8]
      [GC Worker Start (ms): Min: 79654.3, Avg: 79654.4, Max: 79654.4, Diff: 0.1]
      [Ext Root Scanning (ms): Min: 0.0, Avg: 0.1, Max: 0.1, Diff: 0.1, Sum: 0.6]
      [Update RS (ms): Min: 20.5, Avg: 20.7, Max: 20.9, Diff: 0.5, Sum: 165.2]
         [Processed Buffers: Min: 22, Avg: 24.6, Max: 27, Diff: 5, Sum: 197]
      [Scan RS (ms): Min: 14.3, Avg: 14.6, Max: 14.8, Diff: 0.5, Sum: 116.9]
      [Code Root Scanning (ms): Min: 0.0, Avg: 0.0, Max: 0.0, Diff: 0.0, Sum: 0.0]
      [Object Copy (ms): Min: 129.3, Avg: 129.3, Max: 129.4, Diff: 0.1, Sum: 1034.3]
      [Termination (ms): Min: 0.0, Avg: 0.0, Max: 0.1, Diff: 0.1, Sum: 0.3]
         [Termination Attempts: Min: 1, Avg: 290.5, Max: 443, Diff: 442, Sum: 2324]
      [GC Worker Other (ms): Min: 0.0, Avg: 0.0, Max: 0.1, Diff: 0.1, Sum: 0.3]
      [GC Worker Total (ms): Min: 164.7, Avg: 164.7, Max: 164.8, Diff: 0.1, Sum: 1317.8]
      [GC Worker End (ms): Min: 79819.1, Avg: 79819.1, Max: 79819.1, Diff: 0.1]
   [Code Root Fixup: 0.0 ms]
   [Code Root Purge: 0.0 ms]
   [Clear CT: 0.2 ms]
   [Other: 0.8 ms]
      [Choose CSet: 0.0 ms]
      [Ref Proc: 0.2 ms]
      [Ref Enq: 0.0 ms]
      [Redirty Cards: 0.2 ms]
      [Humongous Register: 0.0 ms]
      [Humongous Reclaim: 0.0 ms]
      [Free CSet: 0.2 ms]
   [Eden: 309.0M(309.0M)->0.0B(313.0M) Survivors: 42.0M->44.0M Heap: 739.9M(2048.0M)->741.4M(2048.0M)]
 [Times: user=1.38 sys=0.00, real=0.17 secs] 
2020-09-29T12:34:12.628+0200: 79.986: [GC pause (G1 Evacuation Pause) (young), 0.1699773 secs]
   [Parallel Time: 168.6 ms, GC Workers: 8]
      [GC Worker Start (ms): Min: 79985.6, Avg: 79985.7, Max: 79985.8, Diff: 0.1]
      [Ext Root Scanning (ms): Min: 0.0, Avg: 0.1, Max: 0.2, Diff: 0.1, Sum: 0.6]
      [Update RS (ms): Min: 15.0, Avg: 15.4, Max: 15.7, Diff: 0.7, Sum: 123.2]
         [Processed Buffers: Min: 18, Avg: 18.9, Max: 21, Diff: 3, Sum: 151]
      [Scan RS (ms): Min: 16.1, Avg: 16.5, Max: 16.9, Diff: 0.8, Sum: 132.4]
      [Code Root Scanning (ms): Min: 0.0, Avg: 0.0, Max: 0.0, Diff: 0.0, Sum: 0.0]
      [Object Copy (ms): Min: 135.9, Avg: 136.1, Max: 136.5, Diff: 0.5, Sum: 1088.7]
      [Termination (ms): Min: 0.0, Avg: 0.2, Max: 0.2, Diff: 0.2, Sum: 1.5]
         [Termination Attempts: Min: 1, Avg: 1251.6, Max: 1491, Diff: 1490, Sum: 10013]
      [GC Worker Other (ms): Min: 0.0, Avg: 0.0, Max: 0.1, Diff: 0.1, Sum: 0.4]
      [GC Worker Total (ms): Min: 168.3, Avg: 168.3, Max: 168.4, Diff: 0.2, Sum: 1346.8]
      [GC Worker End (ms): Min: 80154.0, Avg: 80154.1, Max: 80154.1, Diff: 0.1]
   [Code Root Fixup: 0.0 ms]
   [Code Root Purge: 0.0 ms]
   [Clear CT: 0.4 ms]
   [Other: 1.1 ms]
      [Choose CSet: 0.0 ms]
      [Ref Proc: 0.2 ms]
      [Ref Enq: 0.0 ms]
      [Redirty Cards: 0.3 ms]
      [Humongous Register: 0.1 ms]
      [Humongous Reclaim: 0.0 ms]
      [Free CSet: 0.3 ms]
   [Eden: 313.0M(313.0M)->0.0B(314.0M) Survivors: 44.0M->45.0M Heap: 1105.9M(2048.0M)->1108.4M(2048.0M)]
 [Times: user=1.36 sys=0.00, real=0.17 secs] 
2020-09-29T12:34:12.800+0200: 80.158: [GC pause (G1 Humongous Allocation) (young) (initial-mark), 0.0677125 secs]
   [Parallel Time: 66.6 ms, GC Workers: 8]
      [GC Worker Start (ms): Min: 80157.7, Avg: 80157.8, Max: 80157.8, Diff: 0.1]
      [Ext Root Scanning (ms): Min: 0.0, Avg: 0.1, Max: 0.1, Diff: 0.1, Sum: 0.7]
      [Update RS (ms): Min: 45.7, Avg: 46.0, Max: 46.3, Diff: 0.6, Sum: 368.2]
         [Processed Buffers: Min: 57, Avg: 58.5, Max: 60, Diff: 3, Sum: 468]
      [Scan RS (ms): Min: 0.0, Avg: 0.0, Max: 0.2, Diff: 0.2, Sum: 0.4]
      [Code Root Scanning (ms): Min: 0.0, Avg: 0.0, Max: 0.0, Diff: 0.0, Sum: 0.0]
      [Object Copy (ms): Min: 20.0, Avg: 20.3, Max: 20.4, Diff: 0.4, Sum: 162.1]
      [Termination (ms): Min: 0.0, Avg: 0.0, Max: 0.0, Diff: 0.0, Sum: 0.1]
         [Termination Attempts: Min: 1, Avg: 103.1, Max: 134, Diff: 133, Sum: 825]
      [GC Worker Other (ms): Min: 0.0, Avg: 0.0, Max: 0.0, Diff: 0.0, Sum: 0.1]
      [GC Worker Total (ms): Min: 66.4, Avg: 66.5, Max: 66.5, Diff: 0.1, Sum: 531.6]
      [GC Worker End (ms): Min: 80224.2, Avg: 80224.2, Max: 80224.2, Diff: 0.0]
   [Code Root Fixup: 0.0 ms]
   [Code Root Purge: 0.0 ms]
   [Clear CT: 0.1 ms]
   [Other: 1.0 ms]
      [Choose CSet: 0.0 ms]
      [Ref Proc: 0.2 ms]
      [Ref Enq: 0.0 ms]
      [Redirty Cards: 0.4 ms]
      [Humongous Register: 0.0 ms]
      [Humongous Reclaim: 0.0 ms]
      [Free CSet: 0.1 ms]
   [Eden: 1024.0K(314.0M)->0.0B(355.0M) Survivors: 45.0M->2048.0K Heap: 1108.9M(2048.0M)->1111.9M(2048.0M)]
 [Times: user=0.61 sys=0.00, real=0.07 secs] 
2020-09-29T12:34:12.868+0200: 80.225: [GC concurrent-root-region-scan-start]
2020-09-29T12:34:12.868+0200: 80.226: [GC concurrent-root-region-scan-end, 0.0003707 secs]
2020-09-29T12:34:12.868+0200: 80.226: [GC concurrent-mark-start]
2020-09-29T12:34:12.872+0200: 80.229: [GC concurrent-mark-end, 0.0033777 secs]
2020-09-29T12:34:12.872+0200: 80.229: [GC remark 2020-09-29T12:34:12.872+0200: 80.229: [Finalize Marking, 0.0001575 secs] 2020-09-29T12:34:12.872+0200: 80.230: [GC ref-proc, 0.0002922 secs] 2020-09-29T12:34:12.873+0200: 80.230: [Unloading, 0.0005292 secs], 0.0013778 secs]
 [Times: user=0.00 sys=0.00, real=0.00 secs] 
2020-09-29T12:34:12.874+0200: 80.231: [GC cleanup 1121M->19M(2048M), 0.0016161 secs]
 [Times: user=0.00 sys=0.00, real=0.00 secs] 
2020-09-29T12:34:12.875+0200: 80.233: [GC concurrent-cleanup-start]
2020-09-29T12:34:12.877+0200: 80.235: [GC concurrent-cleanup-end, 0.0017554 secs]
2020-09-29T12:34:13.059+0200: 80.417: [GC pause (G1 Evacuation Pause) (young), 0.2024691 secs]
   [Parallel Time: 201.2 ms, GC Workers: 8]
      [GC Worker Start (ms): Min: 80416.7, Avg: 80416.8, Max: 80416.9, Diff: 0.2]
      [Ext Root Scanning (ms): Min: 0.0, Avg: 0.1, Max: 0.2, Diff: 0.2, Sum: 0.5]
      [Update RS (ms): Min: 16.1, Avg: 16.3, Max: 16.5, Diff: 0.3, Sum: 130.3]
         [Processed Buffers: Min: 19, Avg: 21.1, Max: 22, Diff: 3, Sum: 169]
      [Scan RS (ms): Min: 15.6, Avg: 19.5, Max: 44.6, Diff: 29.0, Sum: 156.1]
      [Code Root Scanning (ms): Min: 0.0, Avg: 0.0, Max: 0.0, Diff: 0.0, Sum: 0.0]
      [Object Copy (ms): Min: 139.7, Avg: 163.8, Max: 168.0, Diff: 28.3, Sum: 1310.4]
      [Termination (ms): Min: 0.0, Avg: 1.2, Max: 1.6, Diff: 1.6, Sum: 9.7]
         [Termination Attempts: Min: 1, Avg: 8054.5, Max: 10385, Diff: 10384, Sum: 64436]
      [GC Worker Other (ms): Min: 0.0, Avg: 0.1, Max: 0.1, Diff: 0.1, Sum: 0.4]
      [GC Worker Total (ms): Min: 200.8, Avg: 200.9, Max: 201.1, Diff: 0.3, Sum: 1607.5]
      [GC Worker End (ms): Min: 80617.7, Avg: 80617.8, Max: 80617.8, Diff: 0.1]
   [Code Root Fixup: 0.0 ms]
   [Code Root Purge: 0.0 ms]
   [Clear CT: 0.2 ms]
   [Other: 1.1 ms]
      [Choose CSet: 0.0 ms]
      [Ref Proc: 0.1 ms]
      [Ref Enq: 0.0 ms]
      [Redirty Cards: 0.4 ms]
      [Humongous Register: 0.0 ms]
      [Humongous Reclaim: 0.0 ms]
      [Free CSet: 0.3 ms]
   [Eden: 355.0M(355.0M)->0.0B(284.0M) Survivors: 2048.0K->45.0M Heap: 425.5M(2048.0M)->425.5M(2048.0M)]
 [Times: user=1.59 sys=0.00, real=0.20 secs] 
2020-09-29T12:34:13.416+0200: 80.773: [GC pause (G1 Evacuation Pause) (young), 0.1542096 secs]
   [Parallel Time: 152.8 ms, GC Workers: 8]
      [GC Worker Start (ms): Min: 80773.2, Avg: 80773.3, Max: 80773.3, Diff: 0.1]
      [Ext Root Scanning (ms): Min: 0.0, Avg: 0.1, Max: 0.2, Diff: 0.1, Sum: 0.5]
      [Update RS (ms): Min: 16.8, Avg: 17.1, Max: 17.4, Diff: 0.6, Sum: 136.4]
         [Processed Buffers: Min: 20, Avg: 20.9, Max: 23, Diff: 3, Sum: 167]
      [Scan RS (ms): Min: 12.4, Avg: 12.8, Max: 13.1, Diff: 0.7, Sum: 102.6]
      [Code Root Scanning (ms): Min: 0.0, Avg: 0.0, Max: 0.0, Diff: 0.0, Sum: 0.0]
      [Object Copy (ms): Min: 122.5, Avg: 122.6, Max: 122.6, Diff: 0.2, Sum: 980.4]
      [Termination (ms): Min: 0.0, Avg: 0.1, Max: 0.1, Diff: 0.1, Sum: 0.5]
         [Termination Attempts: Min: 1, Avg: 458.6, Max: 625, Diff: 624, Sum: 3669]
      [GC Worker Other (ms): Min: 0.0, Avg: 0.0, Max: 0.1, Diff: 0.1, Sum: 0.3]
      [GC Worker Total (ms): Min: 152.5, Avg: 152.6, Max: 152.7, Diff: 0.1, Sum: 1220.9]
      [GC Worker End (ms): Min: 80925.9, Avg: 80925.9, Max: 80925.9, Diff: 0.0]
   [Code Root Fixup: 0.0 ms]
   [Code Root Purge: 0.0 ms]
   [Clear CT: 0.2 ms]
   [Other: 1.2 ms]
      [Choose CSet: 0.0 ms]
      [Ref Proc: 0.1 ms]
      [Ref Enq: 0.0 ms]
      [Redirty Cards: 0.3 ms]
      [Humongous Register: 0.0 ms]
      [Humongous Reclaim: 0.0 ms]
      [Free CSet: 0.6 ms]
   [Eden: 284.0M(284.0M)->0.0B(295.0M) Survivors: 45.0M->42.0M Heap: 755.3M(2048.0M)->757.3M(2048.0M)]
 [Times: user=1.23 sys=0.00, real=0.15 secs] 
2020-09-29T12:34:13.733+0200: 81.090: [GC pause (G1 Evacuation Pause) (young), 0.1662753 secs]
   [Parallel Time: 165.2 ms, GC Workers: 8]
      [GC Worker Start (ms): Min: 81090.3, Avg: 81090.4, Max: 81090.5, Diff: 0.2]
      [Ext Root Scanning (ms): Min: 0.0, Avg: 0.1, Max: 0.1, Diff: 0.1, Sum: 0.5]
      [Update RS (ms): Min: 20.1, Avg: 20.4, Max: 20.6, Diff: 0.5, Sum: 163.0]
         [Processed Buffers: Min: 22, Avg: 22.5, Max: 23, Diff: 1, Sum: 180]
      [Scan RS (ms): Min: 15.0, Avg: 15.4, Max: 16.5, Diff: 1.5, Sum: 122.9]
      [Code Root Scanning (ms): Min: 0.0, Avg: 0.0, Max: 0.0, Diff: 0.0, Sum: 0.0]
      [Object Copy (ms): Min: 127.6, Avg: 129.0, Max: 129.3, Diff: 1.7, Sum: 1031.9]
      [Termination (ms): Min: 0.0, Avg: 0.1, Max: 0.1, Diff: 0.1, Sum: 0.6]
         [Termination Attempts: Min: 1, Avg: 482.1, Max: 590, Diff: 589, Sum: 3857]
      [GC Worker Other (ms): Min: 0.0, Avg: 0.0, Max: 0.1, Diff: 0.1, Sum: 0.3]
      [GC Worker Total (ms): Min: 164.8, Avg: 164.9, Max: 165.0, Diff: 0.2, Sum: 1319.2]
      [GC Worker End (ms): Min: 81255.3, Avg: 81255.3, Max: 81255.3, Diff: 0.1]
   [Code Root Fixup: 0.0 ms]
   [Code Root Purge: 0.0 ms]
   [Clear CT: 0.2 ms]
   [Other: 0.9 ms]
      [Choose CSet: 0.0 ms]
      [Ref Proc: 0.1 ms]
      [Ref Enq: 0.0 ms]
      [Redirty Cards: 0.3 ms]
      [Humongous Register: 0.1 ms]
      [Humongous Reclaim: 0.0 ms]
      [Free CSet: 0.3 ms]
   [Eden: 295.0M(295.0M)->0.0B(301.0M) Survivors: 42.0M->43.0M Heap: 1101.9M(2048.0M)->1103.9M(2048.0M)]
 [Times: user=1.38 sys=0.00, real=0.17 secs] 
2020-09-29T12:34:13.903+0200: 81.261: [GC pause (G1 Humongous Allocation) (young) (initial-mark), 0.0659465 secs]
   [Parallel Time: 65.1 ms, GC Workers: 8]
      [GC Worker Start (ms): Min: 81260.9, Avg: 81261.0, Max: 81261.1, Diff: 0.2]
      [Ext Root Scanning (ms): Min: 0.0, Avg: 1.1, Max: 6.3, Diff: 6.3, Sum: 9.1]
      [Update RS (ms): Min: 37.2, Avg: 42.5, Max: 44.0, Diff: 6.8, Sum: 339.7]
         [Processed Buffers: Min: 46, Avg: 52.5, Max: 58, Diff: 12, Sum: 420]
      [Scan RS (ms): Min: 0.3, Avg: 0.7, Max: 0.9, Diff: 0.6, Sum: 5.9]
      [Code Root Scanning (ms): Min: 0.0, Avg: 0.0, Max: 0.0, Diff: 0.0, Sum: 0.0]
      [Object Copy (ms): Min: 20.6, Avg: 20.6, Max: 20.7, Diff: 0.1, Sum: 165.1]
      [Termination (ms): Min: 0.0, Avg: 0.0, Max: 0.0, Diff: 0.0, Sum: 0.1]
         [Termination Attempts: Min: 1, Avg: 111.5, Max: 163, Diff: 162, Sum: 892]
      [GC Worker Other (ms): Min: 0.0, Avg: 0.0, Max: 0.0, Diff: 0.0, Sum: 0.1]
      [GC Worker Total (ms): Min: 64.9, Avg: 65.0, Max: 65.1, Diff: 0.2, Sum: 520.1]
      [GC Worker End (ms): Min: 81326.0, Avg: 81326.0, Max: 81326.0, Diff: 0.0]
   [Code Root Fixup: 0.0 ms]
   [Code Root Purge: 0.0 ms]
   [Clear CT: 0.2 ms]
   [Other: 0.7 ms]
      [Choose CSet: 0.0 ms]
      [Ref Proc: 0.2 ms]
      [Ref Enq: 0.0 ms]
      [Redirty Cards: 0.2 ms]
      [Humongous Register: 0.0 ms]
      [Humongous Reclaim: 0.0 ms]
      [Free CSet: 0.1 ms]
   [Eden: 5120.0K(301.0M)->0.0B(334.0M) Survivors: 43.0M->7168.0K Heap: 1108.4M(2048.0M)->1112.4M(2048.0M)]
 [Times: user=0.48 sys=0.00, real=0.07 secs] 
2020-09-29T12:34:13.969+0200: 81.327: [GC concurrent-root-region-scan-start]
2020-09-29T12:34:13.971+0200: 81.328: [GC concurrent-root-region-scan-end, 0.0015501 secs]
2020-09-29T12:34:13.971+0200: 81.328: [GC concurrent-mark-start]
2020-09-29T12:34:13.974+0200: 81.332: [GC concurrent-mark-end, 0.0033988 secs]
2020-09-29T12:34:13.975+0200: 81.332: [GC remark 2020-09-29T12:34:13.975+0200: 81.332: [Finalize Marking, 0.0002142 secs] 2020-09-29T12:34:13.975+0200: 81.332: [GC ref-proc, 0.0002835 secs] 2020-09-29T12:34:13.975+0200: 81.332: [Unloading, 0.0005297 secs], 0.0014135 secs]
 [Times: user=0.00 sys=0.00, real=0.00 secs] 
2020-09-29T12:34:13.976+0200: 81.334: [GC cleanup 1123M->25M(2048M), 0.0014932 secs]
 [Times: user=0.00 sys=0.00, real=0.00 secs] 
2020-09-29T12:34:13.978+0200: 81.335: [GC concurrent-cleanup-start]
2020-09-29T12:34:13.979+0200: 81.337: [GC concurrent-cleanup-end, 0.0013627 secs]
2020-09-29T12:34:14.221+0200: 81.578: [GC pause (G1 Evacuation Pause) (young), 0.2434341 secs]
   [Parallel Time: 241.9 ms, GC Workers: 8]
      [GC Worker Start (ms): Min: 81578.3, Avg: 81578.5, Max: 81578.6, Diff: 0.2]
      [Ext Root Scanning (ms): Min: 0.0, Avg: 0.1, Max: 0.2, Diff: 0.2, Sum: 0.6]
      [Update RS (ms): Min: 21.8, Avg: 22.3, Max: 22.6, Diff: 0.8, Sum: 178.4]
         [Processed Buffers: Min: 18, Avg: 18.4, Max: 20, Diff: 2, Sum: 147]
      [Scan RS (ms): Min: 20.9, Avg: 21.4, Max: 21.9, Diff: 1.1, Sum: 171.1]
      [Code Root Scanning (ms): Min: 0.0, Avg: 0.0, Max: 0.0, Diff: 0.0, Sum: 0.0]
      [Object Copy (ms): Min: 197.2, Avg: 197.5, Max: 197.9, Diff: 0.7, Sum: 1580.3]
      [Termination (ms): Min: 0.0, Avg: 0.2, Max: 0.3, Diff: 0.3, Sum: 1.5]
         [Termination Attempts: Min: 1, Avg: 932.9, Max: 1476, Diff: 1475, Sum: 7463]
      [GC Worker Other (ms): Min: 0.0, Avg: 0.0, Max: 0.1, Diff: 0.1, Sum: 0.3]
      [GC Worker Total (ms): Min: 241.4, Avg: 241.5, Max: 241.7, Diff: 0.3, Sum: 1932.3]
      [GC Worker End (ms): Min: 81820.0, Avg: 81820.0, Max: 81820.0, Diff: 0.1]
   [Code Root Fixup: 0.0 ms]
   [Code Root Purge: 0.0 ms]
   [Clear CT: 0.3 ms]
   [Other: 1.2 ms]
      [Choose CSet: 0.0 ms]
      [Ref Proc: 0.3 ms]
      [Ref Enq: 0.0 ms]
      [Redirty Cards: 0.4 ms]
      [Humongous Register: 0.1 ms]
      [Humongous Reclaim: 0.0 ms]
      [Free CSet: 0.3 ms]
   [Eden: 329.0M(329.0M)->0.0B(235.0M) Survivors: 7168.0K->42.0M Heap: 398.8M(2048.0M)->394.8M(2048.0M)]
 [Times: user=1.95 sys=0.00, real=0.24 secs] 
2020-09-29T12:34:14.661+0200: 82.018: [GC pause (G1 Evacuation Pause) (young), 0.1941107 secs]
   [Parallel Time: 192.7 ms, GC Workers: 8]
      [GC Worker Start (ms): Min: 82018.2, Avg: 82018.4, Max: 82018.5, Diff: 0.3]
      [Ext Root Scanning (ms): Min: 0.0, Avg: 0.1, Max: 0.2, Diff: 0.2, Sum: 0.6]
      [Update RS (ms): Min: 23.3, Avg: 23.5, Max: 23.9, Diff: 0.5, Sum: 188.1]
         [Processed Buffers: Min: 19, Avg: 20.1, Max: 22, Diff: 3, Sum: 161]
      [Scan RS (ms): Min: 15.5, Avg: 15.9, Max: 16.1, Diff: 0.6, Sum: 126.9]
      [Code Root Scanning (ms): Min: 0.0, Avg: 0.0, Max: 0.0, Diff: 0.0, Sum: 0.0]
      [Object Copy (ms): Min: 152.8, Avg: 152.8, Max: 152.9, Diff: 0.1, Sum: 1222.7]
      [Termination (ms): Min: 0.0, Avg: 0.0, Max: 0.0, Diff: 0.0, Sum: 0.1]
         [Termination Attempts: Min: 1, Avg: 63.3, Max: 87, Diff: 86, Sum: 506]
      [GC Worker Other (ms): Min: 0.0, Avg: 0.1, Max: 0.1, Diff: 0.1, Sum: 0.4]
      [GC Worker Total (ms): Min: 192.2, Avg: 192.4, Max: 192.5, Diff: 0.3, Sum: 1538.9]
      [GC Worker End (ms): Min: 82210.7, Avg: 82210.7, Max: 82210.7, Diff: 0.1]
   [Code Root Fixup: 0.0 ms]
   [Code Root Purge: 0.0 ms]
   [Clear CT: 0.2 ms]
   [Other: 1.2 ms]
      [Choose CSet: 0.0 ms]
      [Ref Proc: 0.3 ms]
      [Ref Enq: 0.0 ms]
      [Redirty Cards: 0.3 ms]
      [Humongous Register: 0.1 ms]
      [Humongous Reclaim: 0.0 ms]
      [Free CSet: 0.3 ms]
   [Eden: 235.0M(235.0M)->0.0B(224.0M) Survivors: 42.0M->35.0M Heap: 669.9M(2048.0M)->672.9M(2048.0M)]
 [Times: user=1.50 sys=0.00, real=0.19 secs] 
2020-09-29T12:34:15.044+0200: 82.401: [GC pause (G1 Evacuation Pause) (young), 0.1844283 secs]
   [Parallel Time: 182.9 ms, GC Workers: 8]
      [GC Worker Start (ms): Min: 82401.2, Avg: 82401.3, Max: 82401.4, Diff: 0.2]
      [Ext Root Scanning (ms): Min: 0.0, Avg: 0.1, Max: 0.2, Diff: 0.2, Sum: 0.7]
      [Update RS (ms): Min: 20.0, Avg: 20.3, Max: 20.7, Diff: 0.7, Sum: 162.1]
         [Processed Buffers: Min: 15, Avg: 15.9, Max: 17, Diff: 2, Sum: 127]
      [Scan RS (ms): Min: 15.4, Avg: 15.8, Max: 16.0, Diff: 0.6, Sum: 126.4]
      [Code Root Scanning (ms): Min: 0.0, Avg: 0.0, Max: 0.0, Diff: 0.0, Sum: 0.0]
      [Object Copy (ms): Min: 146.3, Avg: 146.4, Max: 146.5, Diff: 0.2, Sum: 1171.3]
      [Termination (ms): Min: 0.0, Avg: 0.0, Max: 0.1, Diff: 0.1, Sum: 0.3]
         [Termination Attempts: Min: 1, Avg: 189.4, Max: 254, Diff: 253, Sum: 1515]
      [GC Worker Other (ms): Min: 0.0, Avg: 0.0, Max: 0.1, Diff: 0.1, Sum: 0.4]
      [GC Worker Total (ms): Min: 182.6, Avg: 182.7, Max: 182.8, Diff: 0.2, Sum: 1461.3]
      [GC Worker End (ms): Min: 82583.9, Avg: 82583.9, Max: 82584.0, Diff: 0.1]
   [Code Root Fixup: 0.0 ms]
   [Code Root Purge: 0.0 ms]
   [Clear CT: 0.3 ms]
   [Other: 1.2 ms]
      [Choose CSet: 0.0 ms]
      [Ref Proc: 0.3 ms]
      [Ref Enq: 0.0 ms]
      [Redirty Cards: 0.3 ms]
      [Humongous Register: 0.1 ms]
      [Humongous Reclaim: 0.0 ms]
      [Free CSet: 0.3 ms]
   [Eden: 224.0M(224.0M)->0.0B(213.0M) Survivors: 35.0M->33.0M Heap: 933.1M(2048.0M)->935.1M(2048.0M)]
 [Times: user=1.48 sys=0.00, real=0.18 secs] 
2020-09-29T12:34:15.286+0200: 82.644: [GC pause (G1 Humongous Allocation) (young) (initial-mark), 0.0857114 secs]
   [Parallel Time: 84.6 ms, GC Workers: 8]
      [GC Worker Start (ms): Min: 82643.8, Avg: 82643.9, Max: 82644.0, Diff: 0.2]
      [Ext Root Scanning (ms): Min: 0.0, Avg: 0.2, Max: 0.3, Diff: 0.3, Sum: 1.5]
      [Update RS (ms): Min: 16.0, Avg: 16.2, Max: 16.4, Diff: 0.5, Sum: 129.6]
         [Processed Buffers: Min: 10, Avg: 11.9, Max: 13, Diff: 3, Sum: 95]
      [Scan RS (ms): Min: 2.9, Avg: 3.2, Max: 3.4, Diff: 0.5, Sum: 25.5]
      [Code Root Scanning (ms): Min: 0.0, Avg: 0.0, Max: 0.0, Diff: 0.0, Sum: 0.0]
      [Object Copy (ms): Min: 64.6, Avg: 64.6, Max: 64.7, Diff: 0.2, Sum: 517.2]
      [Termination (ms): Min: 0.0, Avg: 0.1, Max: 0.1, Diff: 0.1, Sum: 0.5]
         [Termination Attempts: Min: 1, Avg: 270.6, Max: 355, Diff: 354, Sum: 2165]
      [GC Worker Other (ms): Min: 0.0, Avg: 0.0, Max: 0.1, Diff: 0.0, Sum: 0.2]
      [GC Worker Total (ms): Min: 84.2, Avg: 84.3, Max: 84.4, Diff: 0.2, Sum: 674.4]
      [GC Worker End (ms): Min: 82728.2, Avg: 82728.2, Max: 82728.2, Diff: 0.0]
   [Code Root Fixup: 0.0 ms]
   [Code Root Purge: 0.0 ms]
   [Clear CT: 0.2 ms]
   [Other: 0.9 ms]
      [Choose CSet: 0.0 ms]
      [Ref Proc: 0.3 ms]
      [Ref Enq: 0.0 ms]
      [Redirty Cards: 0.3 ms]
      [Humongous Register: 0.0 ms]
      [Humongous Reclaim: 0.0 ms]
      [Free CSet: 0.1 ms]
   [Eden: 71.0M(213.0M)->0.0B(212.0M) Survivors: 33.0M->31.0M Heap: 1017.1M(2048.0M)->1018.6M(2048.0M)]
 [Times: user=0.63 sys=0.00, real=0.09 secs] 
2020-09-29T12:34:15.372+0200: 82.729: [GC concurrent-root-region-scan-start]
2020-09-29T12:34:15.383+0200: 82.741: [GC concurrent-root-region-scan-end, 0.0110289 secs]
2020-09-29T12:34:15.383+0200: 82.741: [GC concurrent-mark-start]
2020-09-29T12:34:15.386+0200: 82.744: [GC concurrent-mark-end, 0.0029693 secs]
2020-09-29T12:34:15.386+0200: 82.744: [GC remark 2020-09-29T12:34:15.386+0200: 82.744: [Finalize Marking, 0.0002774 secs] 2020-09-29T12:34:15.387+0200: 82.744: [GC ref-proc, 0.0003983 secs] 2020-09-29T12:34:15.387+0200: 82.744: [Unloading, 0.0006144 secs], 0.0016315 secs]
 [Times: user=0.00 sys=0.00, real=0.00 secs] 
2020-09-29T12:34:15.388+0200: 82.746: [GC cleanup 1041M->61M(2048M), 0.0013418 secs]
 [Times: user=0.00 sys=0.00, real=0.00 secs] 
2020-09-29T12:34:15.390+0200: 82.747: [GC concurrent-cleanup-start]
2020-09-29T12:34:15.391+0200: 82.749: [GC concurrent-cleanup-end, 0.0013669 secs]
2020-09-29T12:34:15.534+0200: 82.892: [GC pause (G1 Evacuation Pause) (young), 0.1507580 secs]
   [Parallel Time: 149.1 ms, GC Workers: 8]
      [GC Worker Start (ms): Min: 82891.9, Avg: 82892.0, Max: 82892.0, Diff: 0.2]
      [Ext Root Scanning (ms): Min: 0.0, Avg: 0.1, Max: 0.2, Diff: 0.2, Sum: 0.8]
      [Update RS (ms): Min: 15.3, Avg: 15.4, Max: 16.0, Diff: 0.8, Sum: 123.5]
         [Processed Buffers: Min: 12, Avg: 13.1, Max: 14, Diff: 2, Sum: 105]
      [Scan RS (ms): Min: 13.3, Avg: 13.9, Max: 14.1, Diff: 0.8, Sum: 111.1]
      [Code Root Scanning (ms): Min: 0.0, Avg: 0.0, Max: 0.0, Diff: 0.0, Sum: 0.0]
      [Object Copy (ms): Min: 119.3, Avg: 119.4, Max: 119.4, Diff: 0.1, Sum: 955.1]
      [Termination (ms): Min: 0.0, Avg: 0.0, Max: 0.0, Diff: 0.0, Sum: 0.1]
         [Termination Attempts: Min: 1, Avg: 68.8, Max: 82, Diff: 81, Sum: 550]
      [GC Worker Other (ms): Min: 0.0, Avg: 0.0, Max: 0.1, Diff: 0.0, Sum: 0.3]
      [GC Worker Total (ms): Min: 148.8, Avg: 148.9, Max: 149.0, Diff: 0.2, Sum: 1190.9]
      [GC Worker End (ms): Min: 83040.8, Avg: 83040.8, Max: 83040.9, Diff: 0.0]
   [Code Root Fixup: 0.0 ms]
   [Code Root Purge: 0.0 ms]
   [Clear CT: 0.3 ms]
   [Other: 1.4 ms]
      [Choose CSet: 0.0 ms]
      [Ref Proc: 0.3 ms]
      [Ref Enq: 0.0 ms]
      [Redirty Cards: 0.5 ms]
      [Humongous Register: 0.1 ms]
      [Humongous Reclaim: 0.0 ms]
      [Free CSet: 0.3 ms]
   [Eden: 212.0M(212.0M)->0.0B(227.0M) Survivors: 31.0M->31.0M Heap: 287.2M(2048.0M)->258.2M(2048.0M)]
 [Times: user=1.22 sys=0.00, real=0.15 secs] 
2020-09-29T12:34:15.866+0200: 83.224: [GC pause (G1 Evacuation Pause) (young), 0.1809907 secs]
   [Parallel Time: 179.6 ms, GC Workers: 8]
      [GC Worker Start (ms): Min: 83223.9, Avg: 83224.0, Max: 83224.1, Diff: 0.1]
      [Ext Root Scanning (ms): Min: 0.1, Avg: 0.1, Max: 0.2, Diff: 0.1, Sum: 0.9]
      [Update RS (ms): Min: 18.3, Avg: 18.5, Max: 19.4, Diff: 1.1, Sum: 148.1]
         [Processed Buffers: Min: 14, Avg: 15.6, Max: 17, Diff: 3, Sum: 125]
      [Scan RS (ms): Min: 15.6, Avg: 16.4, Max: 16.7, Diff: 1.1, Sum: 131.4]
      [Code Root Scanning (ms): Min: 0.0, Avg: 0.0, Max: 0.0, Diff: 0.0, Sum: 0.0]
      [Object Copy (ms): Min: 144.1, Avg: 144.2, Max: 144.3, Diff: 0.2, Sum: 1153.8]
      [Termination (ms): Min: 0.0, Avg: 0.0, Max: 0.1, Diff: 0.1, Sum: 0.3]
         [Termination Attempts: Min: 1, Avg: 207.5, Max: 272, Diff: 271, Sum: 1660]
      [GC Worker Other (ms): Min: 0.0, Avg: 0.1, Max: 0.1, Diff: 0.1, Sum: 0.4]
      [GC Worker Total (ms): Min: 179.3, Avg: 179.4, Max: 179.5, Diff: 0.2, Sum: 1435.1]
      [GC Worker End (ms): Min: 83403.4, Avg: 83403.4, Max: 83403.5, Diff: 0.1]
   [Code Root Fixup: 0.0 ms]
   [Code Root Purge: 0.0 ms]
   [Clear CT: 0.2 ms]
   [Other: 1.2 ms]
      [Choose CSet: 0.0 ms]
      [Ref Proc: 0.2 ms]
      [Ref Enq: 0.0 ms]
      [Redirty Cards: 0.4 ms]
      [Humongous Register: 0.1 ms]
      [Humongous Reclaim: 0.0 ms]
      [Free CSet: 0.3 ms]
   [Eden: 227.0M(227.0M)->0.0B(226.0M) Survivors: 31.0M->33.0M Heap: 523.4M(2048.0M)->525.4M(2048.0M)]
 [Times: user=1.36 sys=0.02, real=0.18 secs] 
2020-09-29T12:34:16.256+0200: 83.613: [GC pause (G1 Evacuation Pause) (young), 0.1859350 secs]
   [Parallel Time: 184.4 ms, GC Workers: 8]
      [GC Worker Start (ms): Min: 83613.3, Avg: 83613.3, Max: 83613.4, Diff: 0.1]
      [Ext Root Scanning (ms): Min: 0.1, Avg: 0.1, Max: 0.2, Diff: 0.1, Sum: 0.9]
      [Update RS (ms): Min: 23.7, Avg: 24.0, Max: 24.5, Diff: 0.9, Sum: 191.8]
         [Processed Buffers: Min: 17, Avg: 20.1, Max: 23, Diff: 6, Sum: 161]
      [Scan RS (ms): Min: 13.9, Avg: 14.5, Max: 14.9, Diff: 1.0, Sum: 116.0]
      [Code Root Scanning (ms): Min: 0.0, Avg: 0.0, Max: 0.0, Diff: 0.0, Sum: 0.0]
      [Object Copy (ms): Min: 145.5, Avg: 145.6, Max: 145.6, Diff: 0.2, Sum: 1164.5]
      [Termination (ms): Min: 0.0, Avg: 0.1, Max: 0.1, Diff: 0.1, Sum: 0.6]
         [Termination Attempts: Min: 1, Avg: 308.3, Max: 396, Diff: 395, Sum: 2466]
      [GC Worker Other (ms): Min: 0.0, Avg: 0.0, Max: 0.1, Diff: 0.1, Sum: 0.3]
      [GC Worker Total (ms): Min: 184.2, Avg: 184.3, Max: 184.3, Diff: 0.1, Sum: 1474.1]
      [GC Worker End (ms): Min: 83797.6, Avg: 83797.6, Max: 83797.6, Diff: 0.1]
   [Code Root Fixup: 0.0 ms]
   [Code Root Purge: 0.0 ms]
   [Clear CT: 0.3 ms]
   [Other: 1.2 ms]
      [Choose CSet: 0.0 ms]
      [Ref Proc: 0.2 ms]
      [Ref Enq: 0.0 ms]
      [Redirty Cards: 0.4 ms]
      [Humongous Register: 0.1 ms]
      [Humongous Reclaim: 0.0 ms]
      [Free CSet: 0.3 ms]
   [Eden: 226.0M(226.0M)->0.0B(222.0M) Survivors: 33.0M->33.0M Heap: 789.5M(2048.0M)->791.0M(2048.0M)]
 [Times: user=1.36 sys=0.00, real=0.19 secs] 
2020-09-29T12:34:16.625+0200: 83.983: [GC pause (G1 Evacuation Pause) (young), 0.1786103 secs]
   [Parallel Time: 177.2 ms, GC Workers: 8]
      [GC Worker Start (ms): Min: 83982.9, Avg: 83983.0, Max: 83983.1, Diff: 0.2]
      [Ext Root Scanning (ms): Min: 0.0, Avg: 0.1, Max: 0.2, Diff: 0.2, Sum: 0.9]
      [Update RS (ms): Min: 19.4, Avg: 19.7, Max: 20.2, Diff: 0.8, Sum: 157.9]
         [Processed Buffers: Min: 15, Avg: 16.5, Max: 18, Diff: 3, Sum: 132]
      [Scan RS (ms): Min: 15.1, Avg: 15.5, Max: 15.9, Diff: 0.8, Sum: 124.2]
      [Code Root Scanning (ms): Min: 0.0, Avg: 0.0, Max: 0.0, Diff: 0.0, Sum: 0.0]
      [Object Copy (ms): Min: 141.3, Avg: 141.4, Max: 141.4, Diff: 0.1, Sum: 1131.0]
      [Termination (ms): Min: 0.0, Avg: 0.0, Max: 0.0, Diff: 0.0, Sum: 0.2]
         [Termination Attempts: Min: 1, Avg: 109.8, Max: 135, Diff: 134, Sum: 878]
      [GC Worker Other (ms): Min: 0.0, Avg: 0.1, Max: 0.1, Diff: 0.1, Sum: 0.5]
      [GC Worker Total (ms): Min: 176.8, Avg: 176.9, Max: 177.0, Diff: 0.2, Sum: 1414.9]
      [GC Worker End (ms): Min: 84159.9, Avg: 84159.9, Max: 84160.0, Diff: 0.1]
   [Code Root Fixup: 0.0 ms]
   [Code Root Purge: 0.0 ms]
   [Clear CT: 0.2 ms]
   [Other: 1.2 ms]
      [Choose CSet: 0.0 ms]
      [Ref Proc: 0.3 ms]
      [Ref Enq: 0.0 ms]
      [Redirty Cards: 0.3 ms]
      [Humongous Register: 0.1 ms]
      [Humongous Reclaim: 0.0 ms]
      [Free CSet: 0.3 ms]
   [Eden: 222.0M(222.0M)->0.0B(223.0M) Survivors: 33.0M->32.0M Heap: 1049.3M(2048.0M)->1051.3M(2048.0M)]
 [Times: user=1.50 sys=0.00, real=0.18 secs] 
2020-09-29T12:34:16.824+0200: 84.182: [GC pause (G1 Humongous Allocation) (young) (initial-mark), 0.0752266 secs]
   [Parallel Time: 73.9 ms, GC Workers: 8]
      [GC Worker Start (ms): Min: 84182.1, Avg: 84182.2, Max: 84182.4, Diff: 0.2]
      [Ext Root Scanning (ms): Min: 0.0, Avg: 1.1, Max: 7.3, Diff: 7.3, Sum: 8.7]
      [Update RS (ms): Min: 22.5, Avg: 29.2, Max: 30.5, Diff: 7.9, Sum: 233.6]
         [Processed Buffers: Min: 19, Avg: 24.3, Max: 26, Diff: 7, Sum: 194]
      [Scan RS (ms): Min: 2.8, Avg: 3.1, Max: 3.4, Diff: 0.6, Sum: 24.5]
      [Code Root Scanning (ms): Min: 0.0, Avg: 0.0, Max: 0.0, Diff: 0.0, Sum: 0.0]
      [Object Copy (ms): Min: 39.9, Avg: 40.1, Max: 40.4, Diff: 0.5, Sum: 320.6]
      [Termination (ms): Min: 0.0, Avg: 0.3, Max: 0.4, Diff: 0.4, Sum: 2.5]
         [Termination Attempts: Min: 1, Avg: 1322.5, Max: 1631, Diff: 1630, Sum: 10580]
      [GC Worker Other (ms): Min: 0.0, Avg: 0.0, Max: 0.0, Diff: 0.0, Sum: 0.2]
      [GC Worker Total (ms): Min: 73.6, Avg: 73.8, Max: 73.8, Diff: 0.2, Sum: 590.1]
      [GC Worker End (ms): Min: 84256.0, Avg: 84256.0, Max: 84256.0, Diff: 0.0]
   [Code Root Fixup: 0.0 ms]
   [Code Root Purge: 0.0 ms]
   [Clear CT: 0.3 ms]
   [Other: 1.0 ms]
      [Choose CSet: 0.0 ms]
      [Ref Proc: 0.3 ms]
      [Ref Enq: 0.0 ms]
      [Redirty Cards: 0.3 ms]
      [Humongous Register: 0.1 ms]
      [Humongous Reclaim: 0.0 ms]
      [Free CSet: 0.1 ms]
   [Eden: 6144.0K(223.0M)->0.0B(185.0M) Survivors: 32.0M->8192.0K Heap: 1057.3M(2048.0M)->1060.3M(2048.0M)]
 [Times: user=0.61 sys=0.02, real=0.08 secs] 
2020-09-29T12:34:16.900+0200: 84.257: [GC concurrent-root-region-scan-start]
2020-09-29T12:34:16.902+0200: 84.260: [GC concurrent-root-region-scan-end, 0.0024266 secs]
2020-09-29T12:34:16.902+0200: 84.260: [GC concurrent-mark-start]
2020-09-29T12:34:16.906+0200: 84.264: [GC concurrent-mark-end, 0.0041570 secs]
2020-09-29T12:34:16.907+0200: 84.264: [GC remark 2020-09-29T12:34:16.907+0200: 84.264: [Finalize Marking, 0.0003242 secs] 2020-09-29T12:34:16.907+0200: 84.265: [GC ref-proc, 0.0005224 secs] 2020-09-29T12:34:16.908+0200: 84.265: [Unloading, 0.0006604 secs], 0.0019499 secs]
 [Times: user=0.00 sys=0.00, real=0.00 secs] 
2020-09-29T12:34:16.909+0200: 84.267: [GC cleanup 1071M->26M(2048M), 0.0018594 secs]
 [Times: user=0.11 sys=0.00, real=0.00 secs] 
2020-09-29T12:34:16.911+0200: 84.269: [GC concurrent-cleanup-start]
2020-09-29T12:34:16.913+0200: 84.270: [GC concurrent-cleanup-end, 0.0018052 secs]
2020-09-29T12:34:17.057+0200: 84.414: [GC pause (G1 Evacuation Pause) (young), 0.1613294 secs]
   [Parallel Time: 160.0 ms, GC Workers: 8]
      [GC Worker Start (ms): Min: 84414.2, Avg: 84414.3, Max: 84414.3, Diff: 0.1]
      [Ext Root Scanning (ms): Min: 0.0, Avg: 0.1, Max: 0.2, Diff: 0.1, Sum: 0.8]
      [Update RS (ms): Min: 22.1, Avg: 23.1, Max: 29.4, Diff: 7.3, Sum: 184.7]
         [Processed Buffers: Min: 5, Avg: 15.0, Max: 20, Diff: 15, Sum: 120]
      [Scan RS (ms): Min: 9.1, Avg: 15.4, Max: 16.7, Diff: 7.6, Sum: 123.4]
      [Code Root Scanning (ms): Min: 0.0, Avg: 0.0, Max: 0.0, Diff: 0.0, Sum: 0.0]
      [Object Copy (ms): Min: 120.9, Avg: 121.1, Max: 121.3, Diff: 0.4, Sum: 968.9]
      [Termination (ms): Min: 0.0, Avg: 0.1, Max: 0.1, Diff: 0.1, Sum: 0.6]
         [Termination Attempts: Min: 1, Avg: 313.1, Max: 412, Diff: 411, Sum: 2505]
      [GC Worker Other (ms): Min: 0.0, Avg: 0.0, Max: 0.1, Diff: 0.1, Sum: 0.3]
      [GC Worker Total (ms): Min: 159.8, Avg: 159.9, Max: 159.9, Diff: 0.1, Sum: 1278.8]
      [GC Worker End (ms): Min: 84574.1, Avg: 84574.1, Max: 84574.2, Diff: 0.1]
   [Code Root Fixup: 0.0 ms]
   [Code Root Purge: 0.0 ms]
   [Clear CT: 0.2 ms]
   [Other: 1.1 ms]
      [Choose CSet: 0.0 ms]
      [Ref Proc: 0.2 ms]
      [Ref Enq: 0.0 ms]
      [Redirty Cards: 0.3 ms]
      [Humongous Register: 0.1 ms]
      [Humongous Reclaim: 0.0 ms]
      [Free CSet: 0.2 ms]
   [Eden: 185.0M(185.0M)->0.0B(169.0M) Survivors: 8192.0K->25.0M Heap: 232.9M(2048.0M)->227.4M(2048.0M)]
 [Times: user=1.14 sys=0.06, real=0.16 secs] 
2020-09-29T12:34:17.359+0200: 84.717: [GC pause (G1 Evacuation Pause) (young), 0.1525176 secs]
   [Parallel Time: 151.1 ms, GC Workers: 8]
      [GC Worker Start (ms): Min: 84716.6, Avg: 84719.3, Max: 84737.3, Diff: 20.7]
      [Ext Root Scanning (ms): Min: 0.0, Avg: 0.1, Max: 0.2, Diff: 0.2, Sum: 0.8]
      [Update RS (ms): Min: 0.0, Avg: 15.0, Max: 17.7, Diff: 17.7, Sum: 119.8]
         [Processed Buffers: Min: 0, Avg: 11.6, Max: 14, Diff: 14, Sum: 93]
      [Scan RS (ms): Min: 9.8, Avg: 12.8, Max: 13.7, Diff: 3.9, Sum: 102.6]
      [Code Root Scanning (ms): Min: 0.0, Avg: 0.0, Max: 0.0, Diff: 0.0, Sum: 0.0]
      [Object Copy (ms): Min: 120.2, Avg: 120.4, Max: 120.5, Diff: 0.3, Sum: 963.3]
      [Termination (ms): Min: 0.0, Avg: 0.0, Max: 0.0, Diff: 0.0, Sum: 0.1]
         [Termination Attempts: Min: 1, Avg: 55.8, Max: 76, Diff: 75, Sum: 446]
      [GC Worker Other (ms): Min: 0.0, Avg: 0.0, Max: 0.1, Diff: 0.1, Sum: 0.4]
      [GC Worker Total (ms): Min: 130.3, Avg: 148.4, Max: 151.0, Diff: 20.8, Sum: 1186.9]
      [GC Worker End (ms): Min: 84867.6, Avg: 84867.6, Max: 84867.7, Diff: 0.1]
   [Code Root Fixup: 0.0 ms]
   [Code Root Purge: 0.0 ms]
   [Clear CT: 0.2 ms]
   [Other: 1.2 ms]
      [Choose CSet: 0.0 ms]
      [Ref Proc: 0.2 ms]
      [Ref Enq: 0.0 ms]
      [Redirty Cards: 0.4 ms]
      [Humongous Register: 0.1 ms]
      [Humongous Reclaim: 0.0 ms]
      [Free CSet: 0.2 ms]
   [Eden: 169.0M(169.0M)->0.0B(176.0M) Survivors: 25.0M->25.0M Heap: 423.1M(2048.0M)->424.6M(2048.0M)]
 [Times: user=1.22 sys=0.00, real=0.15 secs] 
2020-09-29T12:34:17.664+0200: 85.021: [GC pause (G1 Evacuation Pause) (young), 0.1841965 secs]
   [Parallel Time: 182.4 ms, GC Workers: 8]
      [GC Worker Start (ms): Min: 85021.6, Avg: 85021.8, Max: 85022.2, Diff: 0.6]
      [Ext Root Scanning (ms): Min: 0.0, Avg: 0.1, Max: 0.2, Diff: 0.2, Sum: 0.7]
      [Update RS (ms): Min: 19.9, Avg: 20.2, Max: 20.5, Diff: 0.6, Sum: 161.7]
         [Processed Buffers: Min: 16, Avg: 17.4, Max: 20, Diff: 4, Sum: 139]
      [Scan RS (ms): Min: 10.2, Avg: 10.4, Max: 10.5, Diff: 0.3, Sum: 83.4]
      [Code Root Scanning (ms): Min: 0.0, Avg: 0.0, Max: 0.0, Diff: 0.0, Sum: 0.0]
      [Object Copy (ms): Min: 150.3, Avg: 150.6, Max: 151.2, Diff: 0.9, Sum: 1204.8]
      [Termination (ms): Min: 0.0, Avg: 0.7, Max: 0.9, Diff: 0.9, Sum: 5.3]
         [Termination Attempts: Min: 1, Avg: 2649.8, Max: 3463, Diff: 3462, Sum: 21198]
      [GC Worker Other (ms): Min: 0.0, Avg: 0.0, Max: 0.1, Diff: 0.1, Sum: 0.4]
      [GC Worker Total (ms): Min: 181.7, Avg: 182.0, Max: 182.3, Diff: 0.6, Sum: 1456.3]
      [GC Worker End (ms): Min: 85203.8, Avg: 85203.9, Max: 85203.9, Diff: 0.1]
   [Code Root Fixup: 0.0 ms]
   [Code Root Purge: 0.0 ms]
   [Clear CT: 0.6 ms]
   [Other: 1.2 ms]
      [Choose CSet: 0.0 ms]
      [Ref Proc: 0.2 ms]
      [Ref Enq: 0.0 ms]
      [Redirty Cards: 0.4 ms]
      [Humongous Register: 0.1 ms]
      [Humongous Reclaim: 0.0 ms]
      [Free CSet: 0.2 ms]
   [Eden: 176.0M(176.0M)->0.0B(173.0M) Survivors: 25.0M->26.0M Heap: 631.1M(2048.0M)->632.1M(2048.0M)]
 [Times: user=1.31 sys=0.00, real=0.18 secs] 
2020-09-29T12:34:17.991+0200: 85.349: [GC pause (G1 Evacuation Pause) (young), 0.1456593 secs]
   [Parallel Time: 144.2 ms, GC Workers: 8]
      [GC Worker Start (ms): Min: 85348.9, Avg: 85349.0, Max: 85349.1, Diff: 0.2]
      [Ext Root Scanning (ms): Min: 0.0, Avg: 0.1, Max: 0.2, Diff: 0.2, Sum: 0.7]
      [Update RS (ms): Min: 15.5, Avg: 15.8, Max: 16.3, Diff: 0.8, Sum: 126.4]
         [Processed Buffers: Min: 13, Avg: 13.6, Max: 15, Diff: 2, Sum: 109]
      [Scan RS (ms): Min: 11.5, Avg: 12.0, Max: 12.2, Diff: 0.7, Sum: 95.9]
      [Code Root Scanning (ms): Min: 0.0, Avg: 0.0, Max: 0.0, Diff: 0.0, Sum: 0.0]
      [Object Copy (ms): Min: 115.7, Avg: 115.8, Max: 116.0, Diff: 0.3, Sum: 926.3]
      [Termination (ms): Min: 0.0, Avg: 0.1, Max: 0.2, Diff: 0.2, Sum: 1.2]
         [Termination Attempts: Min: 1, Avg: 667.8, Max: 936, Diff: 935, Sum: 5342]
      [GC Worker Other (ms): Min: 0.0, Avg: 0.0, Max: 0.1, Diff: 0.1, Sum: 0.3]
      [GC Worker Total (ms): Min: 143.8, Avg: 143.8, Max: 144.0, Diff: 0.2, Sum: 1150.8]
      [GC Worker End (ms): Min: 85492.8, Avg: 85492.9, Max: 85492.9, Diff: 0.1]
   [Code Root Fixup: 0.0 ms]
   [Code Root Purge: 0.0 ms]
   [Clear CT: 0.4 ms]
   [Other: 1.1 ms]
      [Choose CSet: 0.0 ms]
      [Ref Proc: 0.3 ms]
      [Ref Enq: 0.0 ms]
      [Redirty Cards: 0.3 ms]
      [Humongous Register: 0.1 ms]
      [Humongous Reclaim: 0.0 ms]
      [Free CSet: 0.3 ms]
   [Eden: 173.0M(173.0M)->0.0B(187.0M) Survivors: 26.0M->25.0M Heap: 833.8M(2048.0M)->835.8M(2048.0M)]
 [Times: user=1.13 sys=0.00, real=0.15 secs] 
2020-09-29T12:34:18.285+0200: 85.643: [GC pause (G1 Evacuation Pause) (young), 0.1637819 secs]
   [Parallel Time: 159.1 ms, GC Workers: 8]
      [GC Worker Start (ms): Min: 85642.8, Avg: 85643.0, Max: 85643.1, Diff: 0.2]
      [Ext Root Scanning (ms): Min: 0.0, Avg: 0.1, Max: 0.2, Diff: 0.2, Sum: 0.8]
      [Update RS (ms): Min: 19.8, Avg: 20.2, Max: 20.5, Diff: 0.7, Sum: 161.5]
         [Processed Buffers: Min: 16, Avg: 16.5, Max: 18, Diff: 2, Sum: 132]
      [Scan RS (ms): Min: 11.7, Avg: 12.1, Max: 13.2, Diff: 1.5, Sum: 96.7]
      [Code Root Scanning (ms): Min: 0.0, Avg: 0.0, Max: 0.0, Diff: 0.0, Sum: 0.0]
      [Object Copy (ms): Min: 125.5, Avg: 126.3, Max: 126.5, Diff: 1.1, Sum: 1010.1]
      [Termination (ms): Min: 0.0, Avg: 0.1, Max: 0.1, Diff: 0.1, Sum: 0.9]
         [Termination Attempts: Min: 1, Avg: 486.3, Max: 610, Diff: 609, Sum: 3890]
      [GC Worker Other (ms): Min: 0.0, Avg: 0.0, Max: 0.1, Diff: 0.1, Sum: 0.3]
      [GC Worker Total (ms): Min: 158.7, Avg: 158.8, Max: 159.0, Diff: 0.3, Sum: 1270.3]
      [GC Worker End (ms): Min: 85801.7, Avg: 85801.8, Max: 85801.8, Diff: 0.1]
   [Code Root Fixup: 0.0 ms]
   [Code Root Purge: 0.0 ms]
   [Clear CT: 1.4 ms]
   [Other: 3.2 ms]
      [Choose CSet: 0.0 ms]
      [Ref Proc: 0.4 ms]
      [Ref Enq: 0.0 ms]
      [Redirty Cards: 0.8 ms]
      [Humongous Register: 0.1 ms]
      [Humongous Reclaim: 0.0 ms]
      [Free CSet: 1.8 ms]
   [Eden: 187.0M(187.0M)->0.0B(192.0M) Survivors: 25.0M->27.0M Heap: 1053.3M(2048.0M)->1055.3M(2048.0M)]
 [Times: user=1.31 sys=0.01, real=0.16 secs] 
2020-09-29T12:34:18.460+0200: 85.818: [GC pause (G1 Humongous Allocation) (young) (initial-mark), 0.0506289 secs]
   [Parallel Time: 49.6 ms, GC Workers: 8]
      [GC Worker Start (ms): Min: 85818.1, Avg: 85818.1, Max: 85818.2, Diff: 0.1]
      [Ext Root Scanning (ms): Min: 0.1, Avg: 0.1, Max: 0.2, Diff: 0.1, Sum: 0.9]
      [Update RS (ms): Min: 26.7, Avg: 27.0, Max: 27.4, Diff: 0.6, Sum: 215.8]
         [Processed Buffers: Min: 22, Avg: 23.0, Max: 25, Diff: 3, Sum: 184]
      [Scan RS (ms): Min: 2.0, Avg: 2.3, Max: 2.6, Diff: 0.6, Sum: 18.8]
      [Code Root Scanning (ms): Min: 0.0, Avg: 0.0, Max: 0.0, Diff: 0.0, Sum: 0.0]
      [Object Copy (ms): Min: 19.9, Avg: 19.9, Max: 20.0, Diff: 0.1, Sum: 159.3]
      [Termination (ms): Min: 0.0, Avg: 0.0, Max: 0.0, Diff: 0.0, Sum: 0.2]
         [Termination Attempts: Min: 1, Avg: 136.0, Max: 188, Diff: 187, Sum: 1088]
      [GC Worker Other (ms): Min: 0.0, Avg: 0.0, Max: 0.0, Diff: 0.0, Sum: 0.2]
      [GC Worker Total (ms): Min: 49.3, Avg: 49.4, Max: 49.4, Diff: 0.1, Sum: 395.2]
      [GC Worker End (ms): Min: 85867.5, Avg: 85867.5, Max: 85867.6, Diff: 0.0]
   [Code Root Fixup: 0.0 ms]
   [Code Root Purge: 0.0 ms]
   [Clear CT: 0.2 ms]
   [Other: 0.8 ms]
      [Choose CSet: 0.0 ms]
      [Ref Proc: 0.3 ms]
      [Ref Enq: 0.0 ms]
      [Redirty Cards: 0.2 ms]
      [Humongous Register: 0.0 ms]
      [Humongous Reclaim: 0.0 ms]
      [Free CSet: 0.1 ms]
   [Eden: 3072.0K(192.0M)->0.0B(225.0M) Survivors: 27.0M->5120.0K Heap: 1058.3M(2048.0M)->1062.3M(2048.0M)]
 [Times: user=0.38 sys=0.00, real=0.05 secs] 
2020-09-29T12:34:18.511+0200: 85.869: [GC concurrent-root-region-scan-start]
2020-09-29T12:34:18.512+0200: 85.870: [GC concurrent-root-region-scan-end, 0.0013186 secs]
2020-09-29T12:34:18.513+0200: 85.870: [GC concurrent-mark-start]
2020-09-29T12:34:18.516+0200: 85.874: [GC concurrent-mark-end, 0.0035180 secs]
2020-09-29T12:34:18.516+0200: 85.874: [GC remark 2020-09-29T12:34:18.516+0200: 85.874: [Finalize Marking, 0.0002562 secs] 2020-09-29T12:34:18.517+0200: 85.874: [GC ref-proc, 0.0004141 secs] 2020-09-29T12:34:18.517+0200: 85.874: [Unloading, 0.0005742 secs], 0.0016491 secs]
 [Times: user=0.00 sys=0.00, real=0.00 secs] 
2020-09-29T12:34:18.518+0200: 85.876: [GC cleanup 1071M->21M(2048M), 0.0015976 secs]
 [Times: user=0.13 sys=0.00, real=0.00 secs] 
2020-09-29T12:34:18.520+0200: 85.878: [GC concurrent-cleanup-start]
2020-09-29T12:34:18.522+0200: 85.880: [GC concurrent-cleanup-end, 0.0019982 secs]
2020-09-29T12:34:18.689+0200: 86.047: [GC pause (G1 Evacuation Pause) (young), 0.1561334 secs]
   [Parallel Time: 154.5 ms, GC Workers: 8]
      [GC Worker Start (ms): Min: 86046.7, Avg: 86046.9, Max: 86047.0, Diff: 0.2]
      [Ext Root Scanning (ms): Min: 0.0, Avg: 0.1, Max: 0.2, Diff: 0.2, Sum: 0.7]
      [Update RS (ms): Min: 14.3, Avg: 14.9, Max: 15.4, Diff: 1.1, Sum: 119.2]
         [Processed Buffers: Min: 12, Avg: 12.5, Max: 14, Diff: 2, Sum: 100]
      [Scan RS (ms): Min: 14.6, Avg: 15.1, Max: 15.7, Diff: 1.1, Sum: 120.7]
      [Code Root Scanning (ms): Min: 0.0, Avg: 0.0, Max: 0.0, Diff: 0.0, Sum: 0.0]
      [Object Copy (ms): Min: 124.0, Avg: 124.1, Max: 124.1, Diff: 0.1, Sum: 992.6]
      [Termination (ms): Min: 0.0, Avg: 0.0, Max: 0.0, Diff: 0.0, Sum: 0.2]
         [Termination Attempts: Min: 1, Avg: 91.3, Max: 121, Diff: 120, Sum: 730]
      [GC Worker Other (ms): Min: 0.0, Avg: 0.1, Max: 0.1, Diff: 0.1, Sum: 0.5]
      [GC Worker Total (ms): Min: 154.1, Avg: 154.2, Max: 154.4, Diff: 0.3, Sum: 1233.9]
      [GC Worker End (ms): Min: 86201.1, Avg: 86201.1, Max: 86201.1, Diff: 0.1]
   [Code Root Fixup: 0.0 ms]
   [Code Root Purge: 0.0 ms]
   [Clear CT: 0.2 ms]
   [Other: 1.4 ms]
      [Choose CSet: 0.0 ms]
      [Ref Proc: 0.3 ms]
      [Ref Enq: 0.0 ms]
      [Redirty Cards: 0.5 ms]
      [Humongous Register: 0.1 ms]
      [Humongous Reclaim: 0.0 ms]
      [Free CSet: 0.3 ms]
   [Eden: 225.0M(225.0M)->0.0B(211.0M) Survivors: 5120.0K->29.0M Heap: 276.1M(2048.0M)->273.1M(2048.0M)]
 [Times: user=1.25 sys=0.00, real=0.16 secs] 
2020-09-29T12:34:19.016+0200: 86.374: [GC pause (G1 Evacuation Pause) (young), 0.2210198 secs]
   [Parallel Time: 219.0 ms, GC Workers: 8]
      [GC Worker Start (ms): Min: 86373.8, Avg: 86374.0, Max: 86374.1, Diff: 0.2]
      [Ext Root Scanning (ms): Min: 0.0, Avg: 0.1, Max: 0.3, Diff: 0.2, Sum: 1.0]
      [Update RS (ms): Min: 20.8, Avg: 20.9, Max: 21.2, Diff: 0.4, Sum: 167.5]
         [Processed Buffers: Min: 13, Avg: 14.5, Max: 17, Diff: 4, Sum: 116]
      [Scan RS (ms): Min: 21.2, Avg: 22.2, Max: 25.5, Diff: 4.3, Sum: 177.7]
      [Code Root Scanning (ms): Min: 0.0, Avg: 0.0, Max: 0.0, Diff: 0.0, Sum: 0.0]
      [Object Copy (ms): Min: 172.0, Avg: 175.3, Max: 176.0, Diff: 4.0, Sum: 1402.4]
      [Termination (ms): Min: 0.0, Avg: 0.0, Max: 0.1, Diff: 0.1, Sum: 0.3]
         [Termination Attempts: Min: 1, Avg: 132.4, Max: 174, Diff: 173, Sum: 1059]
      [GC Worker Other (ms): Min: 0.0, Avg: 0.1, Max: 0.1, Diff: 0.1, Sum: 0.5]
      [GC Worker Total (ms): Min: 218.6, Avg: 218.7, Max: 218.9, Diff: 0.3, Sum: 1749.5]
      [GC Worker End (ms): Min: 86592.6, Avg: 86592.6, Max: 86592.7, Diff: 0.1]
   [Code Root Fixup: 0.0 ms]
   [Code Root Purge: 0.0 ms]
   [Clear CT: 0.3 ms]
   [Other: 1.7 ms]
      [Choose CSet: 0.0 ms]
      [Ref Proc: 0.4 ms]
      [Ref Enq: 0.0 ms]
      [Redirty Cards: 0.5 ms]
      [Humongous Register: 0.1 ms]
      [Humongous Reclaim: 0.0 ms]
      [Free CSet: 0.4 ms]
   [Eden: 211.0M(211.0M)->0.0B(180.0M) Survivors: 29.0M->30.0M Heap: 520.4M(2048.0M)->521.4M(2048.0M)]
 [Times: user=1.73 sys=0.00, real=0.22 secs] 
2020-09-29T12:34:19.441+0200: 86.799: [GC pause (G1 Evacuation Pause) (young), 0.2044747 secs]
   [Parallel Time: 202.9 ms, GC Workers: 8]
      [GC Worker Start (ms): Min: 86799.0, Avg: 86799.1, Max: 86799.2, Diff: 0.2]
      [Ext Root Scanning (ms): Min: 0.0, Avg: 0.1, Max: 0.3, Diff: 0.2, Sum: 0.9]
      [Update RS (ms): Min: 15.6, Avg: 16.1, Max: 16.3, Diff: 0.8, Sum: 128.8]
         [Processed Buffers: Min: 10, Avg: 10.4, Max: 13, Diff: 3, Sum: 83]
      [Scan RS (ms): Min: 20.6, Avg: 20.9, Max: 21.5, Diff: 0.9, Sum: 167.1]
      [Code Root Scanning (ms): Min: 0.0, Avg: 0.0, Max: 0.0, Diff: 0.0, Sum: 0.0]
      [Object Copy (ms): Min: 165.2, Avg: 165.4, Max: 165.4, Diff: 0.2, Sum: 1323.0]
      [Termination (ms): Min: 0.0, Avg: 0.0, Max: 0.0, Diff: 0.0, Sum: 0.0]
         [Termination Attempts: Min: 1, Avg: 14.9, Max: 20, Diff: 19, Sum: 119]
      [GC Worker Other (ms): Min: 0.0, Avg: 0.0, Max: 0.1, Diff: 0.1, Sum: 0.3]
      [GC Worker Total (ms): Min: 202.4, Avg: 202.5, Max: 202.7, Diff: 0.2, Sum: 1620.1]
      [GC Worker End (ms): Min: 87001.6, Avg: 87001.6, Max: 87001.6, Diff: 0.1]
   [Code Root Fixup: 0.0 ms]
   [Code Root Purge: 0.0 ms]
   [Clear CT: 0.3 ms]
   [Other: 1.2 ms]
      [Choose CSet: 0.0 ms]
      [Ref Proc: 0.4 ms]
      [Ref Enq: 0.0 ms]
      [Redirty Cards: 0.2 ms]
      [Humongous Register: 0.1 ms]
      [Humongous Reclaim: 0.0 ms]
      [Free CSet: 0.3 ms]
   [Eden: 180.0M(180.0M)->0.0B(162.0M) Survivors: 30.0M->27.0M Heap: 730.0M(2048.0M)->731.5M(2048.0M)]
 [Times: user=1.66 sys=0.00, real=0.20 secs] 
2020-09-29T12:34:19.825+0200: 87.183: [GC pause (G1 Evacuation Pause) (young), 0.1832845 secs]
   [Parallel Time: 181.5 ms, GC Workers: 8]
      [GC Worker Start (ms): Min: 87183.0, Avg: 87183.2, Max: 87183.3, Diff: 0.3]
      [Ext Root Scanning (ms): Min: 0.0, Avg: 0.1, Max: 0.3, Diff: 0.3, Sum: 1.0]
      [Update RS (ms): Min: 20.0, Avg: 20.8, Max: 21.3, Diff: 1.3, Sum: 166.5]
         [Processed Buffers: Min: 6, Avg: 11.8, Max: 13, Diff: 7, Sum: 94]
      [Scan RS (ms): Min: 14.4, Avg: 15.0, Max: 15.8, Diff: 1.4, Sum: 119.9]
      [Code Root Scanning (ms): Min: 0.0, Avg: 0.0, Max: 0.0, Diff: 0.0, Sum: 0.0]
      [Object Copy (ms): Min: 144.9, Avg: 145.0, Max: 145.1, Diff: 0.2, Sum: 1159.9]
      [Termination (ms): Min: 0.0, Avg: 0.1, Max: 0.1, Diff: 0.1, Sum: 1.0]
         [Termination Attempts: Min: 1, Avg: 402.8, Max: 481, Diff: 480, Sum: 3222]
      [GC Worker Other (ms): Min: 0.0, Avg: 0.1, Max: 0.1, Diff: 0.1, Sum: 0.5]
      [GC Worker Total (ms): Min: 180.9, Avg: 181.1, Max: 181.2, Diff: 0.3, Sum: 1448.8]
      [GC Worker End (ms): Min: 87364.2, Avg: 87364.3, Max: 87364.3, Diff: 0.1]
   [Code Root Fixup: 0.0 ms]
   [Code Root Purge: 0.0 ms]
   [Clear CT: 0.4 ms]
   [Other: 1.5 ms]
      [Choose CSet: 0.0 ms]
      [Ref Proc: 0.3 ms]
      [Ref Enq: 0.0 ms]
      [Redirty Cards: 0.6 ms]
      [Humongous Register: 0.1 ms]
      [Humongous Reclaim: 0.0 ms]
      [Free CSet: 0.3 ms]
   [Eden: 162.0M(162.0M)->0.0B(161.0M) Survivors: 27.0M->24.0M Heap: 920.2M(2048.0M)->922.7M(2048.0M)]
 [Times: user=1.49 sys=0.00, real=0.18 secs] 
2020-09-29T12:34:20.115+0200: 87.473: [GC pause (G1 Humongous Allocation) (young) (initial-mark), 0.1117789 secs]
   [Parallel Time: 109.8 ms, GC Workers: 8]
      [GC Worker Start (ms): Min: 87473.0, Avg: 87473.1, Max: 87473.2, Diff: 0.2]
      [Ext Root Scanning (ms): Min: 0.1, Avg: 0.2, Max: 0.3, Diff: 0.2, Sum: 1.2]
      [Update RS (ms): Min: 15.6, Avg: 16.2, Max: 16.7, Diff: 1.2, Sum: 130.0]
         [Processed Buffers: Min: 8, Avg: 9.8, Max: 10, Diff: 2, Sum: 78]
      [Scan RS (ms): Min: 6.8, Avg: 7.3, Max: 7.9, Diff: 1.1, Sum: 58.0]
      [Code Root Scanning (ms): Min: 0.0, Avg: 0.0, Max: 0.0, Diff: 0.0, Sum: 0.0]
      [Object Copy (ms): Min: 85.6, Avg: 85.7, Max: 85.7, Diff: 0.1, Sum: 685.6]
      [Termination (ms): Min: 0.0, Avg: 0.0, Max: 0.1, Diff: 0.1, Sum: 0.4]
         [Termination Attempts: Min: 1, Avg: 154.8, Max: 208, Diff: 207, Sum: 1238]
      [GC Worker Other (ms): Min: 0.0, Avg: 0.0, Max: 0.1, Diff: 0.1, Sum: 0.3]
      [GC Worker Total (ms): Min: 109.3, Avg: 109.4, Max: 109.5, Diff: 0.2, Sum: 875.5]
      [GC Worker End (ms): Min: 87582.5, Avg: 87582.6, Max: 87582.6, Diff: 0.1]
   [Code Root Fixup: 0.0 ms]
   [Code Root Purge: 0.0 ms]
   [Clear CT: 0.5 ms]
   [Other: 1.4 ms]
      [Choose CSet: 0.0 ms]
      [Ref Proc: 0.4 ms]
      [Ref Enq: 0.0 ms]
      [Redirty Cards: 0.5 ms]
      [Humongous Register: 0.0 ms]
      [Humongous Reclaim: 0.0 ms]
      [Free CSet: 0.2 ms]
   [Eden: 92.0M(161.0M)->0.0B(168.0M) Survivors: 24.0M->24.0M Heap: 1030.0M(2048.0M)->1032.5M(2048.0M)]
 [Times: user=0.88 sys=0.00, real=0.11 secs] 
2020-09-29T12:34:20.227+0200: 87.585: [GC concurrent-root-region-scan-start]
2020-09-29T12:34:20.242+0200: 87.600: [GC concurrent-root-region-scan-end, 0.0150862 secs]
2020-09-29T12:34:20.242+0200: 87.600: [GC concurrent-mark-start]
2020-09-29T12:34:20.247+0200: 87.605: [GC concurrent-mark-end, 0.0046353 secs]
2020-09-29T12:34:20.247+0200: 87.605: [GC remark 2020-09-29T12:34:20.247+0200: 87.605: [Finalize Marking, 0.0005532 secs] 2020-09-29T12:34:20.248+0200: 87.605: [GC ref-proc, 0.0005173 secs] 2020-09-29T12:34:20.248+0200: 87.606: [Unloading, 0.0011592 secs], 0.0027751 secs]
 [Times: user=0.00 sys=0.00, real=0.00 secs] 
2020-09-29T12:34:20.251+0200: 87.608: [GC cleanup 1057M->56M(2048M), 0.0025820 secs]
 [Times: user=0.00 sys=0.00, real=0.00 secs] 
2020-09-29T12:34:20.253+0200: 87.611: [GC concurrent-cleanup-start]
2020-09-29T12:34:20.255+0200: 87.613: [GC concurrent-cleanup-end, 0.0018812 secs]
2020-09-29T12:34:20.399+0200: 87.756: [GC pause (G1 Evacuation Pause) (young), 0.1563635 secs]
   [Parallel Time: 154.4 ms, GC Workers: 8]
      [GC Worker Start (ms): Min: 87756.6, Avg: 87756.7, Max: 87756.8, Diff: 0.2]
      [Ext Root Scanning (ms): Min: 0.0, Avg: 0.1, Max: 0.3, Diff: 0.2, Sum: 0.9]
      [Update RS (ms): Min: 21.4, Avg: 21.7, Max: 22.5, Diff: 1.0, Sum: 173.2]
         [Processed Buffers: Min: 13, Avg: 13.9, Max: 15, Diff: 2, Sum: 111]
      [Scan RS (ms): Min: 10.1, Avg: 11.0, Max: 11.2, Diff: 1.1, Sum: 88.0]
      [Code Root Scanning (ms): Min: 0.0, Avg: 0.0, Max: 0.0, Diff: 0.0, Sum: 0.0]
      [Object Copy (ms): Min: 121.1, Avg: 121.2, Max: 121.2, Diff: 0.1, Sum: 969.2]
      [Termination (ms): Min: 0.0, Avg: 0.0, Max: 0.0, Diff: 0.0, Sum: 0.2]
         [Termination Attempts: Min: 1, Avg: 97.1, Max: 122, Diff: 121, Sum: 777]
      [GC Worker Other (ms): Min: 0.0, Avg: 0.0, Max: 0.1, Diff: 0.1, Sum: 0.4]
      [GC Worker Total (ms): Min: 153.9, Avg: 154.0, Max: 154.1, Diff: 0.2, Sum: 1232.0]
      [GC Worker End (ms): Min: 87910.7, Avg: 87910.7, Max: 87910.8, Diff: 0.1]
   [Code Root Fixup: 0.0 ms]
   [Code Root Purge: 0.0 ms]
   [Clear CT: 0.4 ms]
   [Other: 1.6 ms]
      [Choose CSet: 0.0 ms]
      [Ref Proc: 0.6 ms]
      [Ref Enq: 0.0 ms]
      [Redirty Cards: 0.3 ms]
      [Humongous Register: 0.1 ms]
      [Humongous Reclaim: 0.0 ms]
      [Free CSet: 0.2 ms]
   [Eden: 168.0M(168.0M)->0.0B(176.0M) Survivors: 24.0M->24.0M Heap: 228.6M(2048.0M)->206.1M(2048.0M)]
 [Times: user=1.25 sys=0.00, real=0.16 secs] 
2020-09-29T12:34:20.736+0200: 88.094: [GC pause (G1 Evacuation Pause) (young), 0.1974999 secs]
   [Parallel Time: 195.6 ms, GC Workers: 8]
      [GC Worker Start (ms): Min: 88094.3, Avg: 88097.3, Max: 88117.6, Diff: 23.3]
      [Ext Root Scanning (ms): Min: 0.0, Avg: 0.1, Max: 0.2, Diff: 0.2, Sum: 1.0]
      [Update RS (ms): Min: 0.0, Avg: 16.7, Max: 19.8, Diff: 19.8, Sum: 133.9]
         [Processed Buffers: Min: 0, Avg: 11.8, Max: 16, Diff: 16, Sum: 94]
      [Scan RS (ms): Min: 13.9, Avg: 17.4, Max: 18.2, Diff: 4.3, Sum: 139.2]
      [Code Root Scanning (ms): Min: 0.0, Avg: 0.0, Max: 0.0, Diff: 0.0, Sum: 0.0]
      [Object Copy (ms): Min: 157.9, Avg: 158.0, Max: 158.1, Diff: 0.2, Sum: 1263.8]
      [Termination (ms): Min: 0.0, Avg: 0.1, Max: 0.1, Diff: 0.1, Sum: 0.5]
         [Termination Attempts: Min: 1, Avg: 214.6, Max: 274, Diff: 273, Sum: 1717]
      [GC Worker Other (ms): Min: 0.0, Avg: 0.0, Max: 0.1, Diff: 0.1, Sum: 0.4]
      [GC Worker Total (ms): Min: 172.1, Avg: 192.4, Max: 195.3, Diff: 23.2, Sum: 1538.8]
      [GC Worker End (ms): Min: 88289.7, Avg: 88289.7, Max: 88289.7, Diff: 0.1]
   [Code Root Fixup: 0.0 ms]
   [Code Root Purge: 0.0 ms]
   [Clear CT: 0.3 ms]
   [Other: 1.6 ms]
      [Choose CSet: 0.0 ms]
      [Ref Proc: 0.4 ms]
      [Ref Enq: 0.0 ms]
      [Redirty Cards: 0.4 ms]
      [Humongous Register: 0.1 ms]
      [Humongous Reclaim: 0.0 ms]
      [Free CSet: 0.3 ms]
   [Eden: 176.0M(176.0M)->0.0B(166.0M) Survivors: 24.0M->25.0M Heap: 412.6M(2048.0M)->415.1M(2048.0M)]
 [Times: user=1.59 sys=0.00, real=0.20 secs] 
2020-09-29T12:34:21.124+0200: 88.482: [GC pause (G1 Evacuation Pause) (young), 0.1714375 secs]
   [Parallel Time: 169.7 ms, GC Workers: 8]
      [GC Worker Start (ms): Min: 88482.3, Avg: 88482.5, Max: 88482.6, Diff: 0.3]
      [Ext Root Scanning (ms): Min: 0.0, Avg: 0.1, Max: 0.3, Diff: 0.3, Sum: 1.0]
      [Update RS (ms): Min: 15.4, Avg: 15.8, Max: 16.4, Diff: 1.0, Sum: 126.7]
         [Processed Buffers: Min: 10, Avg: 10.8, Max: 13, Diff: 3, Sum: 86]
      [Scan RS (ms): Min: 15.9, Avg: 16.5, Max: 17.1, Diff: 1.1, Sum: 132.1]
      [Code Root Scanning (ms): Min: 0.0, Avg: 0.0, Max: 0.0, Diff: 0.0, Sum: 0.0]
      [Object Copy (ms): Min: 136.6, Avg: 136.7, Max: 136.8, Diff: 0.2, Sum: 1093.6]
      [Termination (ms): Min: 0.0, Avg: 0.0, Max: 0.0, Diff: 0.0, Sum: 0.0]
         [Termination Attempts: Min: 1, Avg: 12.8, Max: 18, Diff: 17, Sum: 102]
      [GC Worker Other (ms): Min: 0.0, Avg: 0.1, Max: 0.1, Diff: 0.1, Sum: 0.5]
      [GC Worker Total (ms): Min: 169.1, Avg: 169.2, Max: 169.4, Diff: 0.2, Sum: 1353.9]
      [GC Worker End (ms): Min: 88651.7, Avg: 88651.7, Max: 88651.8, Diff: 0.1]
   [Code Root Fixup: 0.0 ms]
   [Code Root Purge: 0.0 ms]
   [Clear CT: 0.3 ms]
   [Other: 1.4 ms]
      [Choose CSet: 0.0 ms]
      [Ref Proc: 0.3 ms]
      [Ref Enq: 0.0 ms]
      [Redirty Cards: 0.5 ms]
      [Humongous Register: 0.1 ms]
      [Humongous Reclaim: 0.0 ms]
      [Free CSet: 0.3 ms]
   [Eden: 166.0M(166.0M)->0.0B(169.0M) Survivors: 25.0M->24.0M Heap: 607.8M(2048.0M)->609.8M(2048.0M)]
 [Times: user=1.38 sys=0.00, real=0.17 secs] 
2020-09-29T12:34:21.480+0200: 88.838: [GC pause (G1 Evacuation Pause) (young), 0.1849265 secs]
   [Parallel Time: 183.3 ms, GC Workers: 8]
      [GC Worker Start (ms): Min: 88838.2, Avg: 88838.6, Max: 88840.5, Diff: 2.3]
      [Ext Root Scanning (ms): Min: 0.0, Avg: 0.1, Max: 0.3, Diff: 0.3, Sum: 0.8]
      [Update RS (ms): Min: 17.8, Avg: 19.2, Max: 20.0, Diff: 2.3, Sum: 153.8]
         [Processed Buffers: Min: 11, Avg: 12.8, Max: 14, Diff: 3, Sum: 102]
      [Scan RS (ms): Min: 15.8, Avg: 16.3, Max: 16.5, Diff: 0.7, Sum: 130.1]
      [Code Root Scanning (ms): Min: 0.0, Avg: 0.0, Max: 0.0, Diff: 0.0, Sum: 0.0]
      [Object Copy (ms): Min: 147.0, Avg: 147.0, Max: 147.1, Diff: 0.2, Sum: 1176.3]
      [Termination (ms): Min: 0.0, Avg: 0.1, Max: 0.1, Diff: 0.1, Sum: 0.5]
         [Termination Attempts: Min: 1, Avg: 221.6, Max: 271, Diff: 270, Sum: 1773]
      [GC Worker Other (ms): Min: 0.0, Avg: 0.0, Max: 0.1, Diff: 0.1, Sum: 0.4]
      [GC Worker Total (ms): Min: 180.9, Avg: 182.7, Max: 183.2, Diff: 2.3, Sum: 1462.0]
      [GC Worker End (ms): Min: 89021.3, Avg: 89021.4, Max: 89021.4, Diff: 0.1]
   [Code Root Fixup: 0.0 ms]
   [Code Root Purge: 0.0 ms]
   [Clear CT: 0.3 ms]
   [Other: 1.3 ms]
      [Choose CSet: 0.0 ms]
      [Ref Proc: 0.3 ms]
      [Ref Enq: 0.0 ms]
      [Redirty Cards: 0.4 ms]
      [Humongous Register: 0.1 ms]
      [Humongous Reclaim: 0.0 ms]
      [Free CSet: 0.3 ms]
   [Eden: 169.0M(169.0M)->0.0B(165.0M) Survivors: 24.0M->25.0M Heap: 807.4M(2048.0M)->809.4M(2048.0M)]
 [Times: user=1.48 sys=0.00, real=0.18 secs] 
2020-09-29T12:34:21.832+0200: 89.190: [GC pause (G1 Evacuation Pause) (young), 0.1755533 secs]
   [Parallel Time: 173.7 ms, GC Workers: 8]
      [GC Worker Start (ms): Min: 89190.7, Avg: 89190.8, Max: 89190.9, Diff: 0.3]
      [Ext Root Scanning (ms): Min: 0.0, Avg: 0.1, Max: 0.3, Diff: 0.3, Sum: 0.8]
      [Update RS (ms): Min: 21.3, Avg: 21.6, Max: 22.6, Diff: 1.2, Sum: 173.0]
         [Processed Buffers: Min: 13, Avg: 13.8, Max: 15, Diff: 2, Sum: 110]
      [Scan RS (ms): Min: 13.3, Avg: 14.3, Max: 14.6, Diff: 1.3, Sum: 114.6]
      [Code Root Scanning (ms): Min: 0.0, Avg: 0.0, Max: 0.0, Diff: 0.0, Sum: 0.0]
      [Object Copy (ms): Min: 137.1, Avg: 137.2, Max: 137.3, Diff: 0.2, Sum: 1097.7]
      [Termination (ms): Min: 0.0, Avg: 0.0, Max: 0.0, Diff: 0.0, Sum: 0.1]
         [Termination Attempts: Min: 1, Avg: 44.1, Max: 56, Diff: 55, Sum: 353]
      [GC Worker Other (ms): Min: 0.0, Avg: 0.1, Max: 0.1, Diff: 0.1, Sum: 0.4]
      [GC Worker Total (ms): Min: 173.2, Avg: 173.3, Max: 173.5, Diff: 0.3, Sum: 1386.7]
      [GC Worker End (ms): Min: 89364.1, Avg: 89364.2, Max: 89364.2, Diff: 0.1]
   [Code Root Fixup: 0.0 ms]
   [Code Root Purge: 0.0 ms]
   [Clear CT: 0.3 ms]
   [Other: 1.5 ms]
      [Choose CSet: 0.0 ms]
      [Ref Proc: 0.4 ms]
      [Ref Enq: 0.0 ms]
      [Redirty Cards: 0.4 ms]
      [Humongous Register: 0.1 ms]
      [Humongous Reclaim: 0.0 ms]
      [Free CSet: 0.3 ms]
   [Eden: 165.0M(165.0M)->0.0B(168.0M) Survivors: 25.0M->24.0M Heap: 1001.1M(2048.0M)->1003.1M(2048.0M)]
 [Times: user=1.38 sys=0.00, real=0.18 secs] 
2020-09-29T12:34:22.018+0200: 89.376: [GC pause (G1 Humongous Allocation) (young) (initial-mark), 0.0711015 secs]
   [Parallel Time: 69.4 ms, GC Workers: 8]
      [GC Worker Start (ms): Min: 89377.2, Avg: 89377.4, Max: 89377.5, Diff: 0.3]
      [Ext Root Scanning (ms): Min: 0.0, Avg: 1.5, Max: 9.9, Diff: 9.9, Sum: 12.4]
      [Update RS (ms): Min: 29.9, Avg: 38.5, Max: 40.3, Diff: 10.4, Sum: 308.4]
         [Processed Buffers: Min: 19, Avg: 25.1, Max: 29, Diff: 10, Sum: 201]
      [Scan RS (ms): Min: 2.2, Avg: 2.8, Max: 3.1, Diff: 1.0, Sum: 22.6]
      [Code Root Scanning (ms): Min: 0.0, Avg: 0.0, Max: 0.0, Diff: 0.0, Sum: 0.0]
      [Object Copy (ms): Min: 25.3, Avg: 25.3, Max: 25.3, Diff: 0.1, Sum: 202.4]
      [Termination (ms): Min: 0.0, Avg: 0.0, Max: 0.0, Diff: 0.0, Sum: 0.1]
         [Termination Attempts: Min: 1, Avg: 21.0, Max: 29, Diff: 28, Sum: 168]
      [GC Worker Other (ms): Min: 0.0, Avg: 0.0, Max: 0.1, Diff: 0.1, Sum: 0.3]
      [GC Worker Total (ms): Min: 68.1, Avg: 68.3, Max: 68.4, Diff: 0.4, Sum: 546.1]
      [GC Worker End (ms): Min: 89445.6, Avg: 89445.6, Max: 89445.7, Diff: 0.1]
   [Code Root Fixup: 0.0 ms]
   [Code Root Purge: 0.0 ms]
   [Clear CT: 0.5 ms]
   [Other: 1.2 ms]
      [Choose CSet: 0.0 ms]
      [Ref Proc: 0.4 ms]
      [Ref Enq: 0.0 ms]
      [Redirty Cards: 0.4 ms]
      [Humongous Register: 0.1 ms]
      [Humongous Reclaim: 0.0 ms]
      [Free CSet: 0.1 ms]
   [Eden: 3072.0K(168.0M)->0.0B(175.0M) Survivors: 24.0M->5120.0K Heap: 1006.1M(2048.0M)->1010.6M(2048.0M)]
 [Times: user=0.58 sys=0.00, real=0.07 secs] 
2020-09-29T12:34:22.089+0200: 89.448: [GC concurrent-root-region-scan-start]
2020-09-29T12:34:22.092+0200: 89.450: [GC concurrent-root-region-scan-end, 0.0020918 secs]
2020-09-29T12:34:22.092+0200: 89.450: [GC concurrent-mark-start]
2020-09-29T12:34:22.096+0200: 89.454: [GC concurrent-mark-end, 0.0042974 secs]
2020-09-29T12:34:22.096+0200: 89.455: [GC remark 2020-09-29T12:34:22.097+0200: 89.455: [Finalize Marking, 0.0003724 secs] 2020-09-29T12:34:22.097+0200: 89.455: [GC ref-proc, 0.0005163 secs] 2020-09-29T12:34:22.097+0200: 89.456: [Unloading, 0.0008496 secs], 0.0022224 secs]
 [Times: user=0.02 sys=0.00, real=0.00 secs] 
2020-09-29T12:34:22.099+0200: 89.457: [GC cleanup 1019M->21M(2048M), 0.0024482 secs]
 [Times: user=0.00 sys=0.00, real=0.00 secs] 
2020-09-29T12:34:22.102+0200: 89.460: [GC concurrent-cleanup-start]
2020-09-29T12:34:22.104+0200: 89.462: [GC concurrent-cleanup-end, 0.0019624 secs]
2020-09-29T12:34:22.266+0200: 89.624: [GC pause (G1 Evacuation Pause) (young), 0.1632567 secs]
   [Parallel Time: 160.9 ms, GC Workers: 8]
      [GC Worker Start (ms): Min: 89624.5, Avg: 89624.7, Max: 89624.8, Diff: 0.2]
      [Ext Root Scanning (ms): Min: 0.0, Avg: 0.1, Max: 0.3, Diff: 0.2, Sum: 1.0]
      [Update RS (ms): Min: 17.3, Avg: 17.5, Max: 18.0, Diff: 0.7, Sum: 140.0]
         [Processed Buffers: Min: 9, Avg: 11.8, Max: 14, Diff: 5, Sum: 94]
      [Scan RS (ms): Min: 13.8, Avg: 14.3, Max: 14.5, Diff: 0.7, Sum: 114.6]
      [Code Root Scanning (ms): Min: 0.0, Avg: 0.0, Max: 0.0, Diff: 0.0, Sum: 0.0]
      [Object Copy (ms): Min: 128.4, Avg: 128.5, Max: 128.6, Diff: 0.1, Sum: 1028.1]
      [Termination (ms): Min: 0.0, Avg: 0.0, Max: 0.0, Diff: 0.0, Sum: 0.2]
         [Termination Attempts: Min: 1, Avg: 75.5, Max: 94, Diff: 93, Sum: 604]
      [GC Worker Other (ms): Min: 0.0, Avg: 0.1, Max: 0.1, Diff: 0.1, Sum: 0.4]
      [GC Worker Total (ms): Min: 160.5, Avg: 160.5, Max: 160.7, Diff: 0.2, Sum: 1284.4]
      [GC Worker End (ms): Min: 89785.2, Avg: 89785.2, Max: 89785.3, Diff: 0.1]
   [Code Root Fixup: 0.0 ms]
   [Code Root Purge: 0.0 ms]
   [Clear CT: 0.9 ms]
   [Other: 1.5 ms]
      [Choose CSet: 0.0 ms]
      [Ref Proc: 0.3 ms]
      [Ref Enq: 0.0 ms]
      [Redirty Cards: 0.6 ms]
      [Humongous Register: 0.1 ms]
      [Humongous Reclaim: 0.0 ms]
      [Free CSet: 0.3 ms]
   [Eden: 175.0M(175.0M)->0.0B(165.0M) Survivors: 5120.0K->23.0M Heap: 218.5M(2048.0M)->215.5M(2048.0M)]
 [Times: user=1.38 sys=0.00, real=0.16 secs] 
2020-09-29T12:34:22.596+0200: 89.955: [GC pause (G1 Evacuation Pause) (young), 0.1728525 secs]
   [Parallel Time: 171.0 ms, GC Workers: 8]
      [GC Worker Start (ms): Min: 89954.8, Avg: 89955.0, Max: 89955.1, Diff: 0.3]
      [Ext Root Scanning (ms): Min: 0.0, Avg: 0.1, Max: 0.3, Diff: 0.3, Sum: 0.9]
      [Update RS (ms): Min: 18.0, Avg: 18.1, Max: 18.4, Diff: 0.5, Sum: 144.7]
         [Processed Buffers: Min: 11, Avg: 11.9, Max: 13, Diff: 2, Sum: 95]
      [Scan RS (ms): Min: 14.9, Avg: 15.3, Max: 15.5, Diff: 0.5, Sum: 122.2]
      [Code Root Scanning (ms): Min: 0.0, Avg: 0.0, Max: 0.0, Diff: 0.0, Sum: 0.0]
      [Object Copy (ms): Min: 136.9, Avg: 137.0, Max: 137.1, Diff: 0.2, Sum: 1096.3]
      [Termination (ms): Min: 0.0, Avg: 0.1, Max: 0.1, Diff: 0.1, Sum: 0.5]
         [Termination Attempts: Min: 1, Avg: 215.1, Max: 278, Diff: 277, Sum: 1721]
      [GC Worker Other (ms): Min: 0.0, Avg: 0.1, Max: 0.1, Diff: 0.1, Sum: 0.4]
      [GC Worker Total (ms): Min: 170.5, Avg: 170.6, Max: 170.8, Diff: 0.3, Sum: 1365.0]
      [GC Worker End (ms): Min: 90125.6, Avg: 90125.6, Max: 90125.7, Diff: 0.1]
   [Code Root Fixup: 0.0 ms]
   [Code Root Purge: 0.0 ms]
   [Clear CT: 0.4 ms]
   [Other: 1.4 ms]
      [Choose CSet: 0.0 ms]
      [Ref Proc: 0.4 ms]
      [Ref Enq: 0.0 ms]
      [Redirty Cards: 0.4 ms]
      [Humongous Register: 0.1 ms]
      [Humongous Reclaim: 0.0 ms]
      [Free CSet: 0.2 ms]
   [Eden: 165.0M(165.0M)->0.0B(166.0M) Survivors: 23.0M->24.0M Heap: 407.2M(2048.0M)->409.7M(2048.0M)]
 [Times: user=1.39 sys=0.00, real=0.17 secs] 
2020-09-29T12:34:22.953+0200: 90.311: [GC pause (G1 Evacuation Pause) (young), 0.1797131 secs]
   [Parallel Time: 178.0 ms, GC Workers: 8]
      [GC Worker Start (ms): Min: 90311.6, Avg: 90311.7, Max: 90311.8, Diff: 0.2]
      [Ext Root Scanning (ms): Min: 0.0, Avg: 0.1, Max: 0.3, Diff: 0.2, Sum: 1.0]
      [Update RS (ms): Min: 24.3, Avg: 24.6, Max: 25.6, Diff: 1.3, Sum: 196.5]
         [Processed Buffers: Min: 15, Avg: 16.6, Max: 20, Diff: 5, Sum: 133]
      [Scan RS (ms): Min: 11.9, Avg: 12.8, Max: 13.1, Diff: 1.2, Sum: 102.8]
      [Code Root Scanning (ms): Min: 0.0, Avg: 0.0, Max: 0.0, Diff: 0.0, Sum: 0.0]
      [Object Copy (ms): Min: 139.9, Avg: 140.0, Max: 140.1, Diff: 0.2, Sum: 1120.4]
      [Termination (ms): Min: 0.0, Avg: 0.1, Max: 0.2, Diff: 0.2, Sum: 0.9]
         [Termination Attempts: Min: 1, Avg: 175.1, Max: 279, Diff: 278, Sum: 1401]
      [GC Worker Other (ms): Min: 0.0, Avg: 0.0, Max: 0.0, Diff: 0.0, Sum: 0.2]
      [GC Worker Total (ms): Min: 177.6, Avg: 177.7, Max: 177.8, Diff: 0.2, Sum: 1421.7]
      [GC Worker End (ms): Min: 90489.4, Avg: 90489.5, Max: 90489.5, Diff: 0.0]
   [Code Root Fixup: 0.0 ms]
   [Code Root Purge: 0.0 ms]
   [Clear CT: 0.3 ms]
   [Other: 1.4 ms]
      [Choose CSet: 0.0 ms]
      [Ref Proc: 0.3 ms]
      [Ref Enq: 0.0 ms]
      [Redirty Cards: 0.4 ms]
      [Humongous Register: 0.1 ms]
      [Humongous Reclaim: 0.0 ms]
      [Free CSet: 0.3 ms]
   [Eden: 166.0M(166.0M)->0.0B(166.0M) Survivors: 24.0M->24.0M Heap: 604.3M(2048.0M)->606.8M(2048.0M)]
 [Times: user=1.44 sys=0.00, real=0.18 secs] 
2020-09-29T12:34:23.308+0200: 90.666: [GC pause (G1 Evacuation Pause) (young), 0.1722622 secs]
   [Parallel Time: 169.9 ms, GC Workers: 8]
      [GC Worker Start (ms): Min: 90666.2, Avg: 90666.4, Max: 90666.5, Diff: 0.3]
      [Ext Root Scanning (ms): Min: 0.0, Avg: 0.1, Max: 0.3, Diff: 0.3, Sum: 0.8]
      [Update RS (ms): Min: 15.7, Avg: 16.2, Max: 16.4, Diff: 0.7, Sum: 129.6]
         [Processed Buffers: Min: 10, Avg: 10.6, Max: 14, Diff: 4, Sum: 85]
      [Scan RS (ms): Min: 15.8, Avg: 16.1, Max: 16.5, Diff: 0.7, Sum: 128.5]
      [Code Root Scanning (ms): Min: 0.0, Avg: 0.0, Max: 0.0, Diff: 0.0, Sum: 0.0]
      [Object Copy (ms): Min: 136.9, Avg: 137.0, Max: 137.0, Diff: 0.1, Sum: 1095.9]
      [Termination (ms): Min: 0.0, Avg: 0.0, Max: 0.1, Diff: 0.1, Sum: 0.4]
         [Termination Attempts: Min: 1, Avg: 148.8, Max: 179, Diff: 178, Sum: 1190]
      [GC Worker Other (ms): Min: 0.0, Avg: 0.1, Max: 0.1, Diff: 0.1, Sum: 0.4]
      [GC Worker Total (ms): Min: 169.3, Avg: 169.4, Max: 169.7, Diff: 0.4, Sum: 1355.6]
      [GC Worker End (ms): Min: 90835.8, Avg: 90835.8, Max: 90835.9, Diff: 0.1]
   [Code Root Fixup: 0.0 ms]
   [Code Root Purge: 0.0 ms]
   [Clear CT: 0.4 ms]
   [Other: 2.0 ms]
      [Choose CSet: 0.0 ms]
      [Ref Proc: 0.9 ms]
      [Ref Enq: 0.0 ms]
      [Redirty Cards: 0.4 ms]
      [Humongous Register: 0.1 ms]
      [Humongous Reclaim: 0.0 ms]
      [Free CSet: 0.3 ms]
   [Eden: 166.0M(166.0M)->0.0B(168.0M) Survivors: 24.0M->24.0M Heap: 799.5M(2048.0M)->801.5M(2048.0M)]
 [Times: user=1.38 sys=0.00, real=0.17 secs] 
2020-09-29T12:34:23.651+0200: 91.009: [GC pause (G1 Evacuation Pause) (young), 0.1757096 secs]
   [Parallel Time: 174.0 ms, GC Workers: 8]
      [GC Worker Start (ms): Min: 91009.4, Avg: 91009.5, Max: 91009.7, Diff: 0.3]
      [Ext Root Scanning (ms): Min: 0.0, Avg: 0.1, Max: 0.3, Diff: 0.3, Sum: 1.0]
      [Update RS (ms): Min: 20.8, Avg: 21.1, Max: 21.4, Diff: 0.5, Sum: 168.5]
         [Processed Buffers: Min: 13, Avg: 14.1, Max: 17, Diff: 4, Sum: 113]
      [Scan RS (ms): Min: 14.1, Avg: 14.5, Max: 14.7, Diff: 0.6, Sum: 115.9]
      [Code Root Scanning (ms): Min: 0.0, Avg: 0.0, Max: 0.0, Diff: 0.0, Sum: 0.0]
      [Object Copy (ms): Min: 137.7, Avg: 137.8, Max: 137.9, Diff: 0.2, Sum: 1102.4]
      [Termination (ms): Min: 0.0, Avg: 0.1, Max: 0.1, Diff: 0.1, Sum: 0.8]
         [Termination Attempts: Min: 1, Avg: 116.9, Max: 153, Diff: 152, Sum: 935]
      [GC Worker Other (ms): Min: 0.0, Avg: 0.0, Max: 0.0, Diff: 0.0, Sum: 0.2]
      [GC Worker Total (ms): Min: 173.4, Avg: 173.6, Max: 173.8, Diff: 0.3, Sum: 1388.7]
      [GC Worker End (ms): Min: 91183.1, Avg: 91183.1, Max: 91183.1, Diff: 0.0]
   [Code Root Fixup: 0.0 ms]
   [Code Root Purge: 0.0 ms]
   [Clear CT: 0.3 ms]
   [Other: 1.4 ms]
      [Choose CSet: 0.0 ms]
      [Ref Proc: 0.3 ms]
      [Ref Enq: 0.0 ms]
      [Redirty Cards: 0.5 ms]
      [Humongous Register: 0.1 ms]
      [Humongous Reclaim: 0.0 ms]
      [Free CSet: 0.3 ms]
   [Eden: 168.0M(168.0M)->0.0B(171.0M) Survivors: 24.0M->24.0M Heap: 998.1M(2048.0M)->1000.1M(2048.0M)]
 [Times: user=1.38 sys=0.00, real=0.18 secs] 
2020-09-29T12:34:23.843+0200: 91.201: [GC pause (G1 Humongous Allocation) (young) (initial-mark), 0.0650511 secs]
   [Parallel Time: 63.4 ms, GC Workers: 8]
      [GC Worker Start (ms): Min: 91201.4, Avg: 91201.5, Max: 91201.6, Diff: 0.2]
      [Ext Root Scanning (ms): Min: 0.0, Avg: 0.3, Max: 0.7, Diff: 0.7, Sum: 2.2]
      [Update RS (ms): Min: 32.0, Avg: 32.5, Max: 32.9, Diff: 0.9, Sum: 259.7]
         [Processed Buffers: Min: 19, Avg: 20.5, Max: 22, Diff: 3, Sum: 164]
      [Scan RS (ms): Min: 2.4, Avg: 2.9, Max: 3.2, Diff: 0.8, Sum: 22.9]
      [Code Root Scanning (ms): Min: 0.0, Avg: 0.0, Max: 0.0, Diff: 0.0, Sum: 0.0]
      [Object Copy (ms): Min: 27.2, Avg: 27.3, Max: 27.4, Diff: 0.2, Sum: 218.4]
      [Termination (ms): Min: 0.0, Avg: 0.1, Max: 0.1, Diff: 0.1, Sum: 1.0]
         [Termination Attempts: Min: 1, Avg: 401.3, Max: 477, Diff: 476, Sum: 3210]
      [GC Worker Other (ms): Min: 0.0, Avg: 0.0, Max: 0.0, Diff: 0.0, Sum: 0.2]
      [GC Worker Total (ms): Min: 62.9, Avg: 63.0, Max: 63.2, Diff: 0.3, Sum: 504.4]
      [GC Worker End (ms): Min: 91264.5, Avg: 91264.5, Max: 91264.5, Diff: 0.0]
   [Code Root Fixup: 0.0 ms]
   [Code Root Purge: 0.0 ms]
   [Clear CT: 0.3 ms]
   [Other: 1.4 ms]
      [Choose CSet: 0.0 ms]
      [Ref Proc: 0.3 ms]
      [Ref Enq: 0.0 ms]
      [Redirty Cards: 0.5 ms]
      [Humongous Register: 0.1 ms]
      [Humongous Reclaim: 0.0 ms]
      [Free CSet: 0.1 ms]
   [Eden: 7168.0K(171.0M)->0.0B(181.0M) Survivors: 24.0M->8192.0K Heap: 1007.1M(2048.0M)->1010.6M(2048.0M)]
 [Times: user=0.48 sys=0.00, real=0.07 secs] 
2020-09-29T12:34:23.908+0200: 91.266: [GC concurrent-root-region-scan-start]
2020-09-29T12:34:23.913+0200: 91.271: [GC concurrent-root-region-scan-end, 0.0043283 secs]
2020-09-29T12:34:23.913+0200: 91.271: [GC concurrent-mark-start]
2020-09-29T12:34:23.918+0200: 91.276: [GC concurrent-mark-end, 0.0052436 secs]
2020-09-29T12:34:23.918+0200: 91.277: [GC remark 2020-09-29T12:34:23.918+0200: 91.277: [Finalize Marking, 0.0005387 secs] 2020-09-29T12:34:23.919+0200: 91.277: [GC ref-proc, 0.0005733 secs] 2020-09-29T12:34:23.920+0200: 91.278: [Unloading, 0.0008812 secs], 0.0027194 secs]
 [Times: user=0.00 sys=0.00, real=0.00 secs] 
2020-09-29T12:34:23.922+0200: 91.280: [GC cleanup 1021M->26M(2048M), 0.0030460 secs]
 [Times: user=0.00 sys=0.00, real=0.00 secs] 
2020-09-29T12:34:23.925+0200: 91.283: [GC concurrent-cleanup-start]
2020-09-29T12:34:23.928+0200: 91.286: [GC concurrent-cleanup-end, 0.0028456 secs]
2020-09-29T12:34:24.080+0200: 91.438: [GC pause (G1 Evacuation Pause) (young), 0.0937462 secs]
   [Parallel Time: 92.8 ms, GC Workers: 8]
      [GC Worker Start (ms): Min: 91438.1, Avg: 91438.2, Max: 91438.3, Diff: 0.2]
      [Ext Root Scanning (ms): Min: 0.0, Avg: 0.1, Max: 0.2, Diff: 0.2, Sum: 0.7]
      [Update RS (ms): Min: 14.3, Avg: 14.6, Max: 15.2, Diff: 0.9, Sum: 117.1]
         [Processed Buffers: Min: 11, Avg: 11.1, Max: 12, Diff: 1, Sum: 89]
      [Scan RS (ms): Min: 9.5, Avg: 9.9, Max: 10.2, Diff: 0.8, Sum: 79.3]
      [Code Root Scanning (ms): Min: 0.0, Avg: 0.0, Max: 0.0, Diff: 0.0, Sum: 0.0]
      [Object Copy (ms): Min: 67.7, Avg: 67.8, Max: 67.9, Diff: 0.1, Sum: 542.6]
      [Termination (ms): Min: 0.0, Avg: 0.0, Max: 0.0, Diff: 0.0, Sum: 0.1]
         [Termination Attempts: Min: 1, Avg: 46.5, Max: 76, Diff: 75, Sum: 372]
      [GC Worker Other (ms): Min: 0.0, Avg: 0.0, Max: 0.1, Diff: 0.0, Sum: 0.2]
      [GC Worker Total (ms): Min: 92.4, Avg: 92.5, Max: 92.6, Diff: 0.2, Sum: 739.9]
      [GC Worker End (ms): Min: 91530.7, Avg: 91530.7, Max: 91530.7, Diff: 0.0]
   [Code Root Fixup: 0.0 ms]
   [Code Root Purge: 0.0 ms]
   [Clear CT: 0.2 ms]
   [Other: 0.8 ms]
      [Choose CSet: 0.0 ms]
      [Ref Proc: 0.1 ms]
      [Ref Enq: 0.0 ms]
      [Redirty Cards: 0.2 ms]
      [Humongous Register: 0.1 ms]
      [Humongous Reclaim: 0.0 ms]
      [Free CSet: 0.2 ms]
   [Eden: 181.0M(181.0M)->0.0B(187.0M) Survivors: 8192.0K->24.0M Heap: 227.5M(2048.0M)->221.5M(2048.0M)]
 [Times: user=0.75 sys=0.00, real=0.09 secs] 
2020-09-29T12:34:24.277+0200: 91.636: [GC pause (G1 Evacuation Pause) (young), 0.0988070 secs]
   [Parallel Time: 97.6 ms, GC Workers: 8]
      [GC Worker Start (ms): Min: 91635.8, Avg: 91635.9, Max: 91636.0, Diff: 0.2]
      [Ext Root Scanning (ms): Min: 0.0, Avg: 0.1, Max: 0.2, Diff: 0.2, Sum: 0.4]
      [Update RS (ms): Min: 10.3, Avg: 10.4, Max: 10.7, Diff: 0.4, Sum: 83.6]
         [Processed Buffers: Min: 12, Avg: 13.1, Max: 15, Diff: 3, Sum: 105]
      [Scan RS (ms): Min: 9.4, Avg: 9.7, Max: 9.8, Diff: 0.4, Sum: 77.4]
      [Code Root Scanning (ms): Min: 0.0, Avg: 0.0, Max: 0.0, Diff: 0.0, Sum: 0.0]
      [Object Copy (ms): Min: 77.0, Avg: 77.0, Max: 77.1, Diff: 0.1, Sum: 616.4]
      [Termination (ms): Min: 0.0, Avg: 0.0, Max: 0.0, Diff: 0.0, Sum: 0.1]
         [Termination Attempts: Min: 1, Avg: 88.5, Max: 130, Diff: 129, Sum: 708]
      [GC Worker Other (ms): Min: 0.0, Avg: 0.0, Max: 0.1, Diff: 0.1, Sum: 0.3]
      [GC Worker Total (ms): Min: 97.2, Avg: 97.3, Max: 97.4, Diff: 0.2, Sum: 778.1]
      [GC Worker End (ms): Min: 91733.2, Avg: 91733.2, Max: 91733.2, Diff: 0.1]
   [Code Root Fixup: 0.0 ms]
   [Code Root Purge: 0.0 ms]
   [Clear CT: 0.2 ms]
   [Other: 1.0 ms]
      [Choose CSet: 0.0 ms]
      [Ref Proc: 0.2 ms]
      [Ref Enq: 0.0 ms]
      [Redirty Cards: 0.4 ms]
      [Humongous Register: 0.0 ms]
      [Humongous Reclaim: 0.0 ms]
      [Free CSet: 0.1 ms]
   [Eden: 187.0M(187.0M)->0.0B(209.0M) Survivors: 24.0M->27.0M Heap: 440.9M(2048.0M)->442.4M(2048.0M)]
 [Times: user=0.75 sys=0.00, real=0.10 secs] 
2020-09-29T12:34:24.489+0200: 91.847: [GC pause (G1 Evacuation Pause) (young), 0.1044391 secs]
   [Parallel Time: 103.3 ms, GC Workers: 8]
      [GC Worker Start (ms): Min: 91847.0, Avg: 91847.1, Max: 91847.1, Diff: 0.2]
      [Ext Root Scanning (ms): Min: 0.0, Avg: 0.1, Max: 0.1, Diff: 0.1, Sum: 0.5]
      [Update RS (ms): Min: 10.3, Avg: 10.4, Max: 11.1, Diff: 0.8, Sum: 83.4]
         [Processed Buffers: Min: 12, Avg: 13.1, Max: 15, Diff: 3, Sum: 105]
      [Scan RS (ms): Min: 9.2, Avg: 9.9, Max: 10.1, Diff: 0.9, Sum: 79.3]
      [Code Root Scanning (ms): Min: 0.0, Avg: 0.0, Max: 0.0, Diff: 0.0, Sum: 0.0]
      [Object Copy (ms): Min: 82.6, Avg: 82.7, Max: 82.7, Diff: 0.1, Sum: 661.4]
      [Termination (ms): Min: 0.0, Avg: 0.0, Max: 0.0, Diff: 0.0, Sum: 0.1]
         [Termination Attempts: Min: 1, Avg: 45.6, Max: 59, Diff: 58, Sum: 365]
      [GC Worker Other (ms): Min: 0.0, Avg: 0.0, Max: 0.1, Diff: 0.1, Sum: 0.3]
      [GC Worker Total (ms): Min: 103.0, Avg: 103.1, Max: 103.2, Diff: 0.1, Sum: 824.9]
      [GC Worker End (ms): Min: 91950.1, Avg: 91950.2, Max: 91950.2, Diff: 0.1]
   [Code Root Fixup: 0.0 ms]
   [Code Root Purge: 0.0 ms]
   [Clear CT: 0.2 ms]
   [Other: 1.0 ms]
      [Choose CSet: 0.0 ms]
      [Ref Proc: 0.2 ms]
      [Ref Enq: 0.0 ms]
      [Redirty Cards: 0.3 ms]
      [Humongous Register: 0.0 ms]
      [Humongous Reclaim: 0.0 ms]
      [Free CSet: 0.2 ms]
   [Eden: 199.0M(199.0M)->0.0B(242.0M) Survivors: 27.0M->29.0M Heap: 673.9M(2048.0M)->676.4M(2048.0M)]
 [Times: user=0.73 sys=0.02, real=0.10 secs] 
2020-09-29T12:34:24.727+0200: 92.086: [GC pause (G1 Evacuation Pause) (young), 0.1234947 secs]
   [Parallel Time: 122.3 ms, GC Workers: 8]
      [GC Worker Start (ms): Min: 92085.6, Avg: 92085.7, Max: 92085.8, Diff: 0.2]
      [Ext Root Scanning (ms): Min: 0.0, Avg: 0.1, Max: 0.2, Diff: 0.2, Sum: 0.6]
      [Update RS (ms): Min: 10.8, Avg: 10.8, Max: 10.9, Diff: 0.1, Sum: 86.7]
         [Processed Buffers: Min: 13, Avg: 13.8, Max: 15, Diff: 2, Sum: 110]
      [Scan RS (ms): Min: 12.9, Avg: 13.0, Max: 13.1, Diff: 0.2, Sum: 103.7]
      [Code Root Scanning (ms): Min: 0.0, Avg: 0.0, Max: 0.0, Diff: 0.0, Sum: 0.0]
      [Object Copy (ms): Min: 98.0, Avg: 98.1, Max: 98.3, Diff: 0.3, Sum: 785.1]
      [Termination (ms): Min: 0.0, Avg: 0.0, Max: 0.0, Diff: 0.0, Sum: 0.3]
         [Termination Attempts: Min: 1, Avg: 235.8, Max: 298, Diff: 297, Sum: 1886]
      [GC Worker Other (ms): Min: 0.0, Avg: 0.0, Max: 0.1, Diff: 0.1, Sum: 0.3]
      [GC Worker Total (ms): Min: 122.0, Avg: 122.1, Max: 122.2, Diff: 0.2, Sum: 976.8]
      [GC Worker End (ms): Min: 92207.8, Avg: 92207.8, Max: 92207.9, Diff: 0.1]
   [Code Root Fixup: 0.0 ms]
   [Code Root Purge: 0.0 ms]
   [Clear CT: 0.2 ms]
   [Other: 1.0 ms]
      [Choose CSet: 0.0 ms]
      [Ref Proc: 0.2 ms]
      [Ref Enq: 0.0 ms]
      [Redirty Cards: 0.3 ms]
      [Humongous Register: 0.1 ms]
      [Humongous Reclaim: 0.0 ms]
      [Free CSet: 0.3 ms]
   [Eden: 242.0M(242.0M)->0.0B(258.0M) Survivors: 29.0M->34.0M Heap: 958.4M(2048.0M)->959.9M(2048.0M)]
 [Times: user=1.00 sys=0.00, real=0.12 secs] 
2020-09-29T12:34:24.861+0200: 92.219: [GC pause (G1 Humongous Allocation) (young) (initial-mark), 0.0512039 secs]
   [Parallel Time: 50.3 ms, GC Workers: 8]
      [GC Worker Start (ms): Min: 92219.4, Avg: 92219.5, Max: 92219.6, Diff: 0.2]
      [Ext Root Scanning (ms): Min: 0.0, Avg: 0.1, Max: 0.2, Diff: 0.2, Sum: 1.0]
      [Update RS (ms): Min: 22.8, Avg: 23.0, Max: 23.4, Diff: 0.6, Sum: 184.1]
         [Processed Buffers: Min: 26, Avg: 29.3, Max: 32, Diff: 6, Sum: 234]
      [Scan RS (ms): Min: 1.7, Avg: 2.0, Max: 2.3, Diff: 0.6, Sum: 15.8]
      [Code Root Scanning (ms): Min: 0.0, Avg: 0.0, Max: 0.0, Diff: 0.0, Sum: 0.0]
      [Object Copy (ms): Min: 24.7, Avg: 24.8, Max: 25.0, Diff: 0.3, Sum: 198.5]
      [Termination (ms): Min: 0.0, Avg: 0.2, Max: 0.3, Diff: 0.3, Sum: 1.4]
         [Termination Attempts: Min: 1, Avg: 1240.1, Max: 1751, Diff: 1750, Sum: 9921]
      [GC Worker Other (ms): Min: 0.0, Avg: 0.0, Max: 0.0, Diff: 0.0, Sum: 0.1]
      [GC Worker Total (ms): Min: 50.0, Avg: 50.1, Max: 50.2, Diff: 0.1, Sum: 401.0]
      [GC Worker End (ms): Min: 92269.6, Avg: 92269.6, Max: 92269.6, Diff: 0.0]
   [Code Root Fixup: 0.0 ms]
   [Code Root Purge: 0.0 ms]
   [Clear CT: 0.1 ms]
   [Other: 0.8 ms]
      [Choose CSet: 0.0 ms]
      [Ref Proc: 0.2 ms]
      [Ref Enq: 0.0 ms]
      [Redirty Cards: 0.1 ms]
      [Humongous Register: 0.1 ms]
      [Humongous Reclaim: 0.0 ms]
      [Free CSet: 0.1 ms]
   [Eden: 4096.0K(258.0M)->0.0B(266.0M) Survivors: 34.0M->5120.0K Heap: 963.9M(2048.0M)->966.9M(2048.0M)]
 [Times: user=0.48 sys=0.02, real=0.05 secs] 
2020-09-29T12:34:24.912+0200: 92.271: [GC concurrent-root-region-scan-start]
2020-09-29T12:34:24.914+0200: 92.272: [GC concurrent-root-region-scan-end, 0.0014056 secs]
2020-09-29T12:34:24.914+0200: 92.272: [GC concurrent-mark-start]
2020-09-29T12:34:24.917+0200: 92.275: [GC concurrent-mark-end, 0.0032328 secs]
2020-09-29T12:34:24.917+0200: 92.275: [GC remark 2020-09-29T12:34:24.917+0200: 92.276: [Finalize Marking, 0.0002493 secs] 2020-09-29T12:34:24.918+0200: 92.276: [GC ref-proc, 0.0003895 secs] 2020-09-29T12:34:24.918+0200: 92.276: [Unloading, 0.0005388 secs], 0.0016123 secs]
 [Times: user=0.00 sys=0.00, real=0.00 secs] 
2020-09-29T12:34:24.919+0200: 92.278: [GC cleanup 977M->23M(2048M), 0.0014605 secs]
 [Times: user=0.00 sys=0.00, real=0.00 secs] 
2020-09-29T12:34:24.921+0200: 92.279: [GC concurrent-cleanup-start]
2020-09-29T12:34:24.922+0200: 92.281: [GC concurrent-cleanup-end, 0.0014711 secs]
2020-09-29T12:34:25.058+0200: 92.416: [GC pause (G1 Evacuation Pause) (young), 0.1326516 secs]
   [Parallel Time: 131.4 ms, GC Workers: 8]
      [GC Worker Start (ms): Min: 92415.9, Avg: 92416.0, Max: 92416.0, Diff: 0.2]
      [Ext Root Scanning (ms): Min: 0.0, Avg: 0.1, Max: 0.2, Diff: 0.2, Sum: 0.4]
      [Update RS (ms): Min: 13.3, Avg: 13.5, Max: 14.2, Diff: 0.9, Sum: 107.6]
         [Processed Buffers: Min: 13, Avg: 14.8, Max: 17, Diff: 4, Sum: 118]
      [Scan RS (ms): Min: 18.4, Avg: 19.2, Max: 19.5, Diff: 1.1, Sum: 153.3]
      [Code Root Scanning (ms): Min: 0.0, Avg: 0.0, Max: 0.0, Diff: 0.0, Sum: 0.0]
      [Object Copy (ms): Min: 98.3, Avg: 98.4, Max: 98.5, Diff: 0.2, Sum: 787.1]
      [Termination (ms): Min: 0.0, Avg: 0.0, Max: 0.0, Diff: 0.0, Sum: 0.0]
         [Termination Attempts: Min: 1, Avg: 26.6, Max: 37, Diff: 36, Sum: 213]
      [GC Worker Other (ms): Min: 0.0, Avg: 0.0, Max: 0.1, Diff: 0.1, Sum: 0.3]
      [GC Worker Total (ms): Min: 131.0, Avg: 131.1, Max: 131.2, Diff: 0.2, Sum: 1048.9]
      [GC Worker End (ms): Min: 92547.1, Avg: 92547.1, Max: 92547.1, Diff: 0.1]
   [Code Root Fixup: 0.0 ms]
   [Code Root Purge: 0.0 ms]
   [Clear CT: 0.4 ms]
   [Other: 0.9 ms]
      [Choose CSet: 0.0 ms]
      [Ref Proc: 0.2 ms]
      [Ref Enq: 0.0 ms]
      [Redirty Cards: 0.4 ms]
      [Humongous Register: 0.0 ms]
      [Humongous Reclaim: 0.0 ms]
      [Free CSet: 0.1 ms]
   [Eden: 266.0M(266.0M)->0.0B(257.0M) Survivors: 5120.0K->34.0M Heap: 324.8M(2048.0M)->321.8M(2048.0M)]
 [Times: user=0.95 sys=0.05, real=0.13 secs] 
2020-09-29T12:34:25.327+0200: 92.685: [GC pause (G1 Evacuation Pause) (young), 0.1467259 secs]
   [Parallel Time: 145.6 ms, GC Workers: 8]
      [GC Worker Start (ms): Min: 92685.3, Avg: 92685.4, Max: 92685.5, Diff: 0.2]
      [Ext Root Scanning (ms): Min: 0.0, Avg: 0.1, Max: 0.2, Diff: 0.2, Sum: 0.4]
      [Update RS (ms): Min: 16.7, Avg: 17.0, Max: 17.6, Diff: 0.9, Sum: 135.9]
         [Processed Buffers: Min: 16, Avg: 17.9, Max: 19, Diff: 3, Sum: 143]
      [Scan RS (ms): Min: 14.2, Avg: 14.7, Max: 15.1, Diff: 0.9, Sum: 117.9]
      [Code Root Scanning (ms): Min: 0.0, Avg: 0.0, Max: 0.0, Diff: 0.0, Sum: 0.0]
      [Object Copy (ms): Min: 113.4, Avg: 113.5, Max: 113.6, Diff: 0.3, Sum: 908.1]
      [Termination (ms): Min: 0.0, Avg: 0.0, Max: 0.0, Diff: 0.0, Sum: 0.1]
         [Termination Attempts: Min: 1, Avg: 83.4, Max: 116, Diff: 115, Sum: 667]
      [GC Worker Other (ms): Min: 0.0, Avg: 0.1, Max: 0.1, Diff: 0.1, Sum: 0.4]
      [GC Worker Total (ms): Min: 145.3, Avg: 145.4, Max: 145.5, Diff: 0.2, Sum: 1162.9]
      [GC Worker End (ms): Min: 92830.7, Avg: 92830.8, Max: 92830.8, Diff: 0.1]
   [Code Root Fixup: 0.0 ms]
   [Code Root Purge: 0.0 ms]
   [Clear CT: 0.2 ms]
   [Other: 1.0 ms]
      [Choose CSet: 0.0 ms]
      [Ref Proc: 0.2 ms]
      [Ref Enq: 0.0 ms]
      [Redirty Cards: 0.2 ms]
      [Humongous Register: 0.0 ms]
      [Humongous Reclaim: 0.0 ms]
      [Free CSet: 0.3 ms]
   [Eden: 257.0M(257.0M)->0.0B(265.0M) Survivors: 34.0M->37.0M Heap: 620.7M(2048.0M)->622.2M(2048.0M)]
 [Times: user=1.25 sys=0.00, real=0.15 secs] 
2020-09-29T12:34:25.623+0200: 92.981: [GC pause (G1 Evacuation Pause) (young), 0.1373609 secs]
   [Parallel Time: 136.0 ms, GC Workers: 8]
      [GC Worker Start (ms): Min: 92981.2, Avg: 92981.3, Max: 92981.4, Diff: 0.2]
      [Ext Root Scanning (ms): Min: 0.0, Avg: 0.1, Max: 0.2, Diff: 0.2, Sum: 0.5]
      [Update RS (ms): Min: 13.1, Avg: 13.4, Max: 13.9, Diff: 0.7, Sum: 107.5]
         [Processed Buffers: Min: 16, Avg: 16.0, Max: 16, Diff: 0, Sum: 128]
      [Scan RS (ms): Min: 12.8, Avg: 13.2, Max: 13.5, Diff: 0.7, Sum: 105.5]
      [Code Root Scanning (ms): Min: 0.0, Avg: 0.0, Max: 0.0, Diff: 0.0, Sum: 0.0]
      [Object Copy (ms): Min: 108.9, Avg: 109.0, Max: 109.0, Diff: 0.1, Sum: 871.9]
      [Termination (ms): Min: 0.0, Avg: 0.0, Max: 0.0, Diff: 0.0, Sum: 0.2]
         [Termination Attempts: Min: 1, Avg: 214.8, Max: 259, Diff: 258, Sum: 1718]
      [GC Worker Other (ms): Min: 0.0, Avg: 0.0, Max: 0.1, Diff: 0.1, Sum: 0.3]
      [GC Worker Total (ms): Min: 135.7, Avg: 135.8, Max: 135.8, Diff: 0.2, Sum: 1086.0]
      [GC Worker End (ms): Min: 93117.0, Avg: 93117.0, Max: 93117.1, Diff: 0.1]
   [Code Root Fixup: 0.0 ms]
   [Code Root Purge: 0.0 ms]
   [Clear CT: 0.3 ms]
   [Other: 1.1 ms]
      [Choose CSet: 0.0 ms]
      [Ref Proc: 0.2 ms]
      [Ref Enq: 0.0 ms]
      [Redirty Cards: 0.4 ms]
      [Humongous Register: 0.0 ms]
      [Humongous Reclaim: 0.0 ms]
      [Free CSet: 0.2 ms]
   [Eden: 265.0M(265.0M)->0.0B(286.0M) Survivors: 37.0M->38.0M Heap: 931.1M(2048.0M)->933.1M(2048.0M)]
 [Times: user=1.13 sys=0.00, real=0.14 secs] 
2020-09-29T12:34:25.831+0200: 93.189: [GC pause (G1 Humongous Allocation) (young) (initial-mark), 0.0712921 secs]
   [Parallel Time: 70.5 ms, GC Workers: 8]
      [GC Worker Start (ms): Min: 93189.1, Avg: 93189.1, Max: 93189.2, Diff: 0.1]
      [Ext Root Scanning (ms): Min: 0.0, Avg: 0.2, Max: 0.3, Diff: 0.3, Sum: 1.4]
      [Update RS (ms): Min: 14.5, Avg: 14.9, Max: 15.2, Diff: 0.7, Sum: 119.2]
         [Processed Buffers: Min: 16, Avg: 16.6, Max: 17, Diff: 1, Sum: 133]
      [Scan RS (ms): Min: 2.5, Avg: 2.7, Max: 3.1, Diff: 0.5, Sum: 21.8]
      [Code Root Scanning (ms): Min: 0.0, Avg: 0.0, Max: 0.0, Diff: 0.0, Sum: 0.0]
      [Object Copy (ms): Min: 52.4, Avg: 52.4, Max: 52.4, Diff: 0.1, Sum: 419.4]
      [Termination (ms): Min: 0.0, Avg: 0.0, Max: 0.0, Diff: 0.0, Sum: 0.1]
         [Termination Attempts: Min: 1, Avg: 55.0, Max: 69, Diff: 68, Sum: 440]
      [GC Worker Other (ms): Min: 0.0, Avg: 0.0, Max: 0.0, Diff: 0.0, Sum: 0.2]
      [GC Worker Total (ms): Min: 70.2, Avg: 70.3, Max: 70.3, Diff: 0.2, Sum: 562.1]
      [GC Worker End (ms): Min: 93259.4, Avg: 93259.4, Max: 93259.4, Diff: 0.0]
   [Code Root Fixup: 0.0 ms]
   [Code Root Purge: 0.0 ms]
   [Clear CT: 0.2 ms]
   [Other: 0.6 ms]
      [Choose CSet: 0.0 ms]
      [Ref Proc: 0.1 ms]
      [Ref Enq: 0.0 ms]
      [Redirty Cards: 0.1 ms]
      [Humongous Register: 0.0 ms]
      [Humongous Reclaim: 0.0 ms]
      [Free CSet: 0.1 ms]
   [Eden: 105.0M(286.0M)->0.0B(315.0M) Survivors: 38.0M->41.0M Heap: 1055.3M(2048.0M)->1056.3M(2048.0M)]
 [Times: user=0.63 sys=0.00, real=0.07 secs] 
2020-09-29T12:34:25.902+0200: 93.260: [GC concurrent-root-region-scan-start]
2020-09-29T12:34:25.913+0200: 93.271: [GC concurrent-root-region-scan-end, 0.0110007 secs]
2020-09-29T12:34:25.913+0200: 93.271: [GC concurrent-mark-start]
2020-09-29T12:34:25.916+0200: 93.274: [GC concurrent-mark-end, 0.0026984 secs]
2020-09-29T12:34:25.916+0200: 93.274: [GC remark 2020-09-29T12:34:25.916+0200: 93.274: [Finalize Marking, 0.0001930 secs] 2020-09-29T12:34:25.916+0200: 93.274: [GC ref-proc, 0.0002980 secs] 2020-09-29T12:34:25.917+0200: 93.275: [Unloading, 0.0004571 secs], 0.0012907 secs]
 [Times: user=0.00 sys=0.00, real=0.00 secs] 
2020-09-29T12:34:25.918+0200: 93.276: [GC cleanup 1087M->80M(2048M), 0.0012229 secs]
 [Times: user=0.00 sys=0.00, real=0.00 secs] 
2020-09-29T12:34:25.919+0200: 93.277: [GC concurrent-cleanup-start]
2020-09-29T12:34:25.920+0200: 93.278: [GC concurrent-cleanup-end, 0.0011596 secs]
2020-09-29T12:34:26.079+0200: 93.437: [GC pause (G1 Evacuation Pause) (young), 0.1564844 secs]
   [Parallel Time: 154.9 ms, GC Workers: 8]
      [GC Worker Start (ms): Min: 93437.0, Avg: 93437.1, Max: 93437.2, Diff: 0.2]
      [Ext Root Scanning (ms): Min: 0.0, Avg: 0.1, Max: 0.2, Diff: 0.2, Sum: 0.5]
      [Update RS (ms): Min: 22.3, Avg: 22.4, Max: 22.9, Diff: 0.6, Sum: 179.4]
         [Processed Buffers: Min: 23, Avg: 24.5, Max: 26, Diff: 3, Sum: 196]
      [Scan RS (ms): Min: 12.3, Avg: 12.6, Max: 12.7, Diff: 0.5, Sum: 100.8]
      [Code Root Scanning (ms): Min: 0.0, Avg: 0.0, Max: 0.0, Diff: 0.0, Sum: 0.0]
      [Object Copy (ms): Min: 119.4, Avg: 119.5, Max: 119.6, Diff: 0.2, Sum: 956.1]
      [Termination (ms): Min: 0.0, Avg: 0.1, Max: 0.1, Diff: 0.1, Sum: 0.7]
         [Termination Attempts: Min: 1, Avg: 583.3, Max: 898, Diff: 897, Sum: 4666]
      [GC Worker Other (ms): Min: 0.0, Avg: 0.0, Max: 0.1, Diff: 0.1, Sum: 0.3]
      [GC Worker Total (ms): Min: 154.6, Avg: 154.7, Max: 154.8, Diff: 0.2, Sum: 1237.7]
      [GC Worker End (ms): Min: 93591.8, Avg: 93591.8, Max: 93591.8, Diff: 0.1]
   [Code Root Fixup: 0.0 ms]
   [Code Root Purge: 0.0 ms]
   [Clear CT: 0.2 ms]
   [Other: 1.3 ms]
      [Choose CSet: 0.0 ms]
      [Ref Proc: 0.2 ms]
      [Ref Enq: 0.0 ms]
      [Redirty Cards: 0.6 ms]
      [Humongous Register: 0.0 ms]
      [Humongous Reclaim: 0.0 ms]
      [Free CSet: 0.2 ms]
   [Eden: 315.0M(315.0M)->0.0B(320.0M) Survivors: 41.0M->45.0M Heap: 417.4M(2048.0M)->377.9M(2048.0M)]
 [Times: user=1.22 sys=0.03, real=0.16 secs] 
2020-09-29T12:34:26.422+0200: 93.780: [GC pause (G1 Evacuation Pause) (young), 0.1654518 secs]
   [Parallel Time: 164.1 ms, GC Workers: 8]
      [GC Worker Start (ms): Min: 93780.4, Avg: 93780.4, Max: 93780.5, Diff: 0.1]
      [Ext Root Scanning (ms): Min: 0.0, Avg: 0.1, Max: 0.1, Diff: 0.1, Sum: 0.6]
      [Update RS (ms): Min: 14.3, Avg: 14.4, Max: 14.6, Diff: 0.3, Sum: 115.2]
         [Processed Buffers: Min: 17, Avg: 18.4, Max: 19, Diff: 2, Sum: 147]
      [Scan RS (ms): Min: 17.6, Avg: 17.8, Max: 18.0, Diff: 0.4, Sum: 142.3]
      [Code Root Scanning (ms): Min: 0.0, Avg: 0.0, Max: 0.0, Diff: 0.0, Sum: 0.0]
      [Object Copy (ms): Min: 131.5, Avg: 131.6, Max: 131.7, Diff: 0.2, Sum: 1053.0]
      [Termination (ms): Min: 0.0, Avg: 0.0, Max: 0.0, Diff: 0.0, Sum: 0.2]
         [Termination Attempts: Min: 1, Avg: 24.1, Max: 38, Diff: 37, Sum: 193]
      [GC Worker Other (ms): Min: 0.0, Avg: 0.0, Max: 0.0, Diff: 0.0, Sum: 0.2]
      [GC Worker Total (ms): Min: 163.9, Avg: 163.9, Max: 164.0, Diff: 0.1, Sum: 1311.6]
      [GC Worker End (ms): Min: 93944.4, Avg: 93944.4, Max: 93944.4, Diff: 0.0]
   [Code Root Fixup: 0.0 ms]
   [Code Root Purge: 0.0 ms]
   [Clear CT: 0.2 ms]
   [Other: 1.1 ms]
      [Choose CSet: 0.0 ms]
      [Ref Proc: 0.2 ms]
      [Ref Enq: 0.0 ms]
      [Redirty Cards: 0.2 ms]
      [Humongous Register: 0.0 ms]
      [Humongous Reclaim: 0.0 ms]
      [Free CSet: 0.4 ms]
   [Eden: 320.0M(320.0M)->0.0B(317.0M) Survivors: 45.0M->46.0M Heap: 751.3M(2048.0M)->753.8M(2048.0M)]
 [Times: user=1.38 sys=0.00, real=0.17 secs] 
2020-09-29T12:34:26.763+0200: 94.121: [GC pause (G1 Evacuation Pause) (young), 0.1652302 secs]
   [Parallel Time: 164.0 ms, GC Workers: 8]
      [GC Worker Start (ms): Min: 94120.8, Avg: 94120.9, Max: 94121.0, Diff: 0.2]
      [Ext Root Scanning (ms): Min: 0.0, Avg: 0.0, Max: 0.2, Diff: 0.2, Sum: 0.4]
      [Update RS (ms): Min: 16.0, Avg: 16.1, Max: 16.4, Diff: 0.4, Sum: 129.0]
         [Processed Buffers: Min: 20, Avg: 21.0, Max: 22, Diff: 2, Sum: 168]
      [Scan RS (ms): Min: 16.3, Avg: 16.6, Max: 16.7, Diff: 0.4, Sum: 132.7]
      [Code Root Scanning (ms): Min: 0.0, Avg: 0.0, Max: 0.0, Diff: 0.0, Sum: 0.0]
      [Object Copy (ms): Min: 130.8, Avg: 130.9, Max: 131.0, Diff: 0.2, Sum: 1047.3]
      [Termination (ms): Min: 0.0, Avg: 0.0, Max: 0.0, Diff: 0.0, Sum: 0.1]
         [Termination Attempts: Min: 1, Avg: 109.9, Max: 146, Diff: 145, Sum: 879]
      [GC Worker Other (ms): Min: 0.0, Avg: 0.0, Max: 0.1, Diff: 0.1, Sum: 0.3]
      [GC Worker Total (ms): Min: 163.6, Avg: 163.7, Max: 163.8, Diff: 0.2, Sum: 1309.7]
      [GC Worker End (ms): Min: 94284.6, Avg: 94284.7, Max: 94284.7, Diff: 0.1]
   [Code Root Fixup: 0.0 ms]
   [Code Root Purge: 0.0 ms]
   [Clear CT: 0.2 ms]
   [Other: 1.0 ms]
      [Choose CSet: 0.0 ms]
      [Ref Proc: 0.2 ms]
      [Ref Enq: 0.0 ms]
      [Redirty Cards: 0.2 ms]
      [Humongous Register: 0.1 ms]
      [Humongous Reclaim: 0.0 ms]
      [Free CSet: 0.3 ms]
   [Eden: 317.0M(317.0M)->0.0B(320.0M) Survivors: 46.0M->46.0M Heap: 1124.2M(2048.0M)->1125.7M(2048.0M)]
 [Times: user=1.38 sys=0.00, real=0.17 secs] 
2020-09-29T12:34:26.939+0200: 94.298: [GC pause (G1 Humongous Allocation) (young) (initial-mark), 0.0647623 secs]
   [Parallel Time: 62.3 ms, GC Workers: 8]
      [GC Worker Start (ms): Min: 94297.7, Avg: 94297.8, Max: 94297.9, Diff: 0.2]
      [Ext Root Scanning (ms): Min: 0.0, Avg: 1.7, Max: 12.4, Diff: 12.4, Sum: 13.3]
      [Update RS (ms): Min: 24.9, Avg: 35.5, Max: 37.4, Diff: 12.5, Sum: 284.3]
         [Processed Buffers: Min: 29, Avg: 44.4, Max: 48, Diff: 19, Sum: 355]
      [Scan RS (ms): Min: 2.4, Avg: 2.7, Max: 2.9, Diff: 0.5, Sum: 21.6]
      [Code Root Scanning (ms): Min: 0.0, Avg: 0.0, Max: 0.0, Diff: 0.0, Sum: 0.0]
      [Object Copy (ms): Min: 22.1, Avg: 22.2, Max: 22.2, Diff: 0.1, Sum: 177.5]
      [Termination (ms): Min: 0.0, Avg: 0.0, Max: 0.0, Diff: 0.0, Sum: 0.2]
         [Termination Attempts: Min: 1, Avg: 156.8, Max: 197, Diff: 196, Sum: 1254]
      [GC Worker Other (ms): Min: 0.0, Avg: 0.0, Max: 0.0, Diff: 0.0, Sum: 0.1]
      [GC Worker Total (ms): Min: 62.0, Avg: 62.1, Max: 62.2, Diff: 0.2, Sum: 497.1]
      [GC Worker End (ms): Min: 94359.9, Avg: 94359.9, Max: 94359.9, Diff: 0.0]
   [Code Root Fixup: 0.0 ms]
   [Code Root Purge: 0.0 ms]
   [Clear CT: 1.6 ms]
   [Other: 0.8 ms]
      [Choose CSet: 0.0 ms]
      [Ref Proc: 0.3 ms]
      [Ref Enq: 0.0 ms]
      [Redirty Cards: 0.2 ms]
      [Humongous Register: 0.0 ms]
      [Humongous Reclaim: 0.0 ms]
      [Free CSet: 0.1 ms]
   [Eden: 10.0M(320.0M)->0.0B(348.0M) Survivors: 46.0M->11.0M Heap: 1135.2M(2048.0M)->1138.2M(2048.0M)]
 [Times: user=0.48 sys=0.00, real=0.07 secs] 
2020-09-29T12:34:27.005+0200: 94.363: [GC concurrent-root-region-scan-start]
2020-09-29T12:34:27.009+0200: 94.366: [GC concurrent-root-region-scan-end, 0.0036829 secs]
2020-09-29T12:34:27.009+0200: 94.366: [GC concurrent-mark-start]
2020-09-29T12:34:27.012+0200: 94.369: [GC concurrent-mark-end, 0.0029881 secs]
2020-09-29T12:34:27.012+0200: 94.369: [GC remark 2020-09-29T12:34:27.012+0200: 94.369: [Finalize Marking, 0.0001511 secs] 2020-09-29T12:34:27.012+0200: 94.369: [GC ref-proc, 0.0003265 secs] 2020-09-29T12:34:27.013+0200: 94.370: [Unloading, 0.0004751 secs], 0.0013077 secs]
 [Times: user=0.00 sys=0.00, real=0.00 secs] 
2020-09-29T12:34:27.014+0200: 94.371: [GC cleanup 1151M->31M(2048M), 0.0011488 secs]
 [Times: user=0.00 sys=0.00, real=0.00 secs] 
2020-09-29T12:34:27.015+0200: 94.372: [GC concurrent-cleanup-start]
2020-09-29T12:34:27.017+0200: 94.374: [GC concurrent-cleanup-end, 0.0022377 secs]
2020-09-29T12:34:27.193+0200: 94.550: [GC pause (G1 Evacuation Pause) (young), 0.1643863 secs]
   [Parallel Time: 163.1 ms, GC Workers: 8]
      [GC Worker Start (ms): Min: 94550.2, Avg: 94550.3, Max: 94550.4, Diff: 0.2]
      [Ext Root Scanning (ms): Min: 0.0, Avg: 0.1, Max: 0.2, Diff: 0.2, Sum: 0.6]
      [Update RS (ms): Min: 16.7, Avg: 16.8, Max: 17.0, Diff: 0.3, Sum: 134.4]
         [Processed Buffers: Min: 18, Avg: 19.1, Max: 20, Diff: 2, Sum: 153]
      [Scan RS (ms): Min: 17.7, Avg: 18.0, Max: 18.1, Diff: 0.4, Sum: 143.8]
      [Code Root Scanning (ms): Min: 0.0, Avg: 0.0, Max: 0.0, Diff: 0.0, Sum: 0.0]
      [Object Copy (ms): Min: 127.9, Avg: 128.0, Max: 128.0, Diff: 0.2, Sum: 1023.8]
      [Termination (ms): Min: 0.0, Avg: 0.0, Max: 0.0, Diff: 0.0, Sum: 0.0]
         [Termination Attempts: Min: 1, Avg: 16.5, Max: 24, Diff: 23, Sum: 132]
      [GC Worker Other (ms): Min: 0.0, Avg: 0.0, Max: 0.1, Diff: 0.1, Sum: 0.4]
      [GC Worker Total (ms): Min: 162.8, Avg: 162.9, Max: 163.0, Diff: 0.2, Sum: 1302.9]
      [GC Worker End (ms): Min: 94713.1, Avg: 94713.2, Max: 94713.2, Diff: 0.1]
   [Code Root Fixup: 0.0 ms]
   [Code Root Purge: 0.0 ms]
   [Clear CT: 0.2 ms]
   [Other: 1.1 ms]
      [Choose CSet: 0.0 ms]
      [Ref Proc: 0.2 ms]
      [Ref Enq: 0.0 ms]
      [Redirty Cards: 0.2 ms]
      [Humongous Register: 0.0 ms]
      [Humongous Reclaim: 0.0 ms]
      [Free CSet: 0.3 ms]
   [Eden: 348.0M(348.0M)->0.0B(323.0M) Survivors: 11.0M->45.0M Heap: 425.6M(2048.0M)->416.6M(2048.0M)]
 [Times: user=1.25 sys=0.00, real=0.16 secs] 
2020-09-29T12:34:27.528+0200: 94.886: [GC pause (G1 Evacuation Pause) (young), 0.1698094 secs]
   [Parallel Time: 168.6 ms, GC Workers: 8]
      [GC Worker Start (ms): Min: 94885.8, Avg: 94885.9, Max: 94886.0, Diff: 0.2]
      [Ext Root Scanning (ms): Min: 0.0, Avg: 0.1, Max: 0.2, Diff: 0.1, Sum: 0.6]
      [Update RS (ms): Min: 20.4, Avg: 20.6, Max: 20.9, Diff: 0.4, Sum: 164.6]
         [Processed Buffers: Min: 25, Avg: 25.4, Max: 27, Diff: 2, Sum: 203]
      [Scan RS (ms): Min: 14.6, Avg: 14.9, Max: 15.1, Diff: 0.5, Sum: 119.6]
      [Code Root Scanning (ms): Min: 0.0, Avg: 0.0, Max: 0.0, Diff: 0.0, Sum: 0.0]
      [Object Copy (ms): Min: 132.6, Avg: 132.7, Max: 132.7, Diff: 0.1, Sum: 1061.3]
      [Termination (ms): Min: 0.0, Avg: 0.0, Max: 0.0, Diff: 0.0, Sum: 0.0]
         [Termination Attempts: Min: 1, Avg: 35.3, Max: 50, Diff: 49, Sum: 282]
      [GC Worker Other (ms): Min: 0.0, Avg: 0.0, Max: 0.1, Diff: 0.1, Sum: 0.4]
      [GC Worker Total (ms): Min: 168.2, Avg: 168.3, Max: 168.4, Diff: 0.2, Sum: 1346.6]
      [GC Worker End (ms): Min: 95054.2, Avg: 95054.2, Max: 95054.3, Diff: 0.1]
   [Code Root Fixup: 0.0 ms]
   [Code Root Purge: 0.0 ms]
   [Clear CT: 0.2 ms]
   [Other: 1.0 ms]
      [Choose CSet: 0.0 ms]
      [Ref Proc: 0.2 ms]
      [Ref Enq: 0.0 ms]
      [Redirty Cards: 0.3 ms]
      [Humongous Register: 0.1 ms]
      [Humongous Reclaim: 0.0 ms]
      [Free CSet: 0.3 ms]
   [Eden: 323.0M(323.0M)->0.0B(325.0M) Survivors: 45.0M->46.0M Heap: 793.0M(2048.0M)->795.0M(2048.0M)]
 [Times: user=1.38 sys=0.00, real=0.17 secs] 
2020-09-29T12:34:27.886+0200: 95.244: [GC pause (G1 Evacuation Pause) (young), 0.1712434 secs]
   [Parallel Time: 170.1 ms, GC Workers: 8]
      [GC Worker Start (ms): Min: 95244.0, Avg: 95244.1, Max: 95244.1, Diff: 0.2]
      [Ext Root Scanning (ms): Min: 0.0, Avg: 0.1, Max: 0.2, Diff: 0.2, Sum: 0.5]
      [Update RS (ms): Min: 15.4, Avg: 15.5, Max: 15.7, Diff: 0.3, Sum: 123.8]
         [Processed Buffers: Min: 18, Avg: 18.9, Max: 22, Diff: 4, Sum: 151]
      [Scan RS (ms): Min: 18.8, Avg: 19.0, Max: 19.3, Diff: 0.5, Sum: 152.2]
      [Code Root Scanning (ms): Min: 0.0, Avg: 0.0, Max: 0.0, Diff: 0.0, Sum: 0.0]
      [Object Copy (ms): Min: 135.1, Avg: 135.2, Max: 135.2, Diff: 0.2, Sum: 1081.4]
      [Termination (ms): Min: 0.0, Avg: 0.1, Max: 0.1, Diff: 0.1, Sum: 0.4]
         [Termination Attempts: Min: 1, Avg: 379.4, Max: 561, Diff: 560, Sum: 3035]
      [GC Worker Other (ms): Min: 0.0, Avg: 0.0, Max: 0.1, Diff: 0.1, Sum: 0.3]
      [GC Worker Total (ms): Min: 169.8, Avg: 169.8, Max: 170.0, Diff: 0.2, Sum: 1358.7]
      [GC Worker End (ms): Min: 95413.9, Avg: 95413.9, Max: 95413.9, Diff: 0.1]
   [Code Root Fixup: 0.0 ms]
   [Code Root Purge: 0.0 ms]
   [Clear CT: 0.2 ms]
   [Other: 0.9 ms]
      [Choose CSet: 0.0 ms]
      [Ref Proc: 0.2 ms]
      [Ref Enq: 0.0 ms]
      [Redirty Cards: 0.3 ms]
      [Humongous Register: 0.1 ms]
      [Humongous Reclaim: 0.0 ms]
      [Free CSet: 0.3 ms]
   [Eden: 325.0M(325.0M)->0.0B(323.0M) Survivors: 46.0M->47.0M Heap: 1175.3M(2048.0M)->1176.8M(2048.0M)]
 [Times: user=1.38 sys=0.00, real=0.17 secs] 
2020-09-29T12:34:28.070+0200: 95.428: [GC pause (G1 Humongous Allocation) (young) (initial-mark), 0.0661693 secs]
   [Parallel Time: 65.4 ms, GC Workers: 8]
      [GC Worker Start (ms): Min: 95428.4, Avg: 95428.5, Max: 95428.6, Diff: 0.2]
      [Ext Root Scanning (ms): Min: 0.0, Avg: 2.2, Max: 15.5, Diff: 15.5, Sum: 17.8]
      [Update RS (ms): Min: 22.7, Avg: 36.0, Max: 38.5, Diff: 15.8, Sum: 288.1]
         [Processed Buffers: Min: 28, Avg: 42.8, Max: 48, Diff: 20, Sum: 342]
      [Scan RS (ms): Min: 2.4, Avg: 3.0, Max: 4.4, Diff: 1.9, Sum: 24.2]
      [Code Root Scanning (ms): Min: 0.0, Avg: 0.0, Max: 0.0, Diff: 0.0, Sum: 0.0]
      [Object Copy (ms): Min: 22.8, Avg: 23.9, Max: 24.1, Diff: 1.3, Sum: 191.2]
      [Termination (ms): Min: 0.0, Avg: 0.0, Max: 0.1, Diff: 0.1, Sum: 0.3]
         [Termination Attempts: Min: 1, Avg: 282.5, Max: 443, Diff: 442, Sum: 2260]
      [GC Worker Other (ms): Min: 0.0, Avg: 0.0, Max: 0.0, Diff: 0.0, Sum: 0.2]
      [GC Worker Total (ms): Min: 65.2, Avg: 65.2, Max: 65.3, Diff: 0.1, Sum: 521.8]
      [GC Worker End (ms): Min: 95493.7, Avg: 95493.7, Max: 95493.8, Diff: 0.0]
   [Code Root Fixup: 0.0 ms]
   [Code Root Purge: 0.0 ms]
   [Clear CT: 0.2 ms]
   [Other: 0.6 ms]
      [Choose CSet: 0.0 ms]
      [Ref Proc: 0.1 ms]
      [Ref Enq: 0.0 ms]
      [Redirty Cards: 0.1 ms]
      [Humongous Register: 0.1 ms]
      [Humongous Reclaim: 0.0 ms]
      [Free CSet: 0.1 ms]
   [Eden: 12.0M(323.0M)->0.0B(321.0M) Survivors: 47.0M->13.0M Heap: 1188.3M(2048.0M)->1191.3M(2048.0M)]
 [Times: user=0.48 sys=0.00, real=0.07 secs] 
2020-09-29T12:34:28.137+0200: 95.495: [GC concurrent-root-region-scan-start]
2020-09-29T12:34:28.139+0200: 95.497: [GC concurrent-root-region-scan-end, 0.0020082 secs]
2020-09-29T12:34:28.139+0200: 95.497: [GC concurrent-mark-start]
2020-09-29T12:34:28.141+0200: 95.499: [GC concurrent-mark-end, 0.0022522 secs]
2020-09-29T12:34:28.141+0200: 95.499: [GC remark 2020-09-29T12:34:28.141+0200: 95.499: [Finalize Marking, 0.0001807 secs] 2020-09-29T12:34:28.141+0200: 95.499: [GC ref-proc, 0.0002935 secs] 2020-09-29T12:34:28.142+0200: 95.499: [Unloading, 0.0005421 secs], 0.0013619 secs]
 [Times: user=0.00 sys=0.00, real=0.00 secs] 
2020-09-29T12:34:28.143+0200: 95.501: [GC cleanup 1200M->29M(2048M), 0.0011451 secs]
 [Times: user=0.00 sys=0.00, real=0.00 secs] 
2020-09-29T12:34:28.144+0200: 95.502: [GC concurrent-cleanup-start]
2020-09-29T12:34:28.146+0200: 95.503: [GC concurrent-cleanup-end, 0.0014469 secs]
2020-09-29T12:34:28.301+0200: 95.659: [GC pause (G1 Evacuation Pause) (young), 0.1434915 secs]
   [Parallel Time: 142.3 ms, GC Workers: 8]
      [GC Worker Start (ms): Min: 95659.0, Avg: 95659.1, Max: 95659.2, Diff: 0.2]
      [Ext Root Scanning (ms): Min: 0.0, Avg: 0.1, Max: 0.2, Diff: 0.2, Sum: 0.5]
      [Update RS (ms): Min: 13.5, Avg: 13.7, Max: 13.9, Diff: 0.4, Sum: 109.3]
         [Processed Buffers: Min: 16, Avg: 18.3, Max: 20, Diff: 4, Sum: 146]
      [Scan RS (ms): Min: 13.5, Avg: 13.8, Max: 13.9, Diff: 0.4, Sum: 110.0]
      [Code Root Scanning (ms): Min: 0.0, Avg: 0.0, Max: 0.0, Diff: 0.0, Sum: 0.0]
      [Object Copy (ms): Min: 114.5, Avg: 114.5, Max: 114.5, Diff: 0.1, Sum: 916.0]
      [Termination (ms): Min: 0.0, Avg: 0.0, Max: 0.0, Diff: 0.0, Sum: 0.1]
         [Termination Attempts: Min: 1, Avg: 82.5, Max: 105, Diff: 104, Sum: 660]
      [GC Worker Other (ms): Min: 0.0, Avg: 0.0, Max: 0.1, Diff: 0.1, Sum: 0.4]
      [GC Worker Total (ms): Min: 141.9, Avg: 142.0, Max: 142.2, Diff: 0.2, Sum: 1136.4]
      [GC Worker End (ms): Min: 95801.1, Avg: 95801.2, Max: 95801.2, Diff: 0.1]
   [Code Root Fixup: 0.0 ms]
   [Code Root Purge: 0.0 ms]
   [Clear CT: 0.2 ms]
   [Other: 1.0 ms]
      [Choose CSet: 0.0 ms]
      [Ref Proc: 0.2 ms]
      [Ref Enq: 0.0 ms]
      [Redirty Cards: 0.2 ms]
      [Humongous Register: 0.0 ms]
      [Humongous Reclaim: 0.0 ms]
      [Free CSet: 0.3 ms]
   [Eden: 321.0M(321.0M)->0.0B(343.0M) Survivors: 13.0M->42.0M Heap: 397.3M(2048.0M)->386.8M(2048.0M)]
 [Times: user=1.11 sys=0.02, real=0.14 secs] 
2020-09-29T12:34:28.634+0200: 95.992: [GC pause (G1 Evacuation Pause) (young), 0.1814311 secs]
   [Parallel Time: 180.0 ms, GC Workers: 8]
      [GC Worker Start (ms): Min: 95991.8, Avg: 95991.9, Max: 95992.0, Diff: 0.2]
      [Ext Root Scanning (ms): Min: 0.0, Avg: 0.1, Max: 0.2, Diff: 0.2, Sum: 0.5]
      [Update RS (ms): Min: 19.4, Avg: 19.4, Max: 19.7, Diff: 0.3, Sum: 155.6]
         [Processed Buffers: Min: 23, Avg: 24.9, Max: 29, Diff: 6, Sum: 199]
      [Scan RS (ms): Min: 17.4, Avg: 17.6, Max: 17.7, Diff: 0.3, Sum: 140.7]
      [Code Root Scanning (ms): Min: 0.0, Avg: 0.0, Max: 0.0, Diff: 0.0, Sum: 0.0]
      [Object Copy (ms): Min: 142.4, Avg: 142.5, Max: 142.6, Diff: 0.1, Sum: 1140.1]
      [Termination (ms): Min: 0.0, Avg: 0.0, Max: 0.0, Diff: 0.0, Sum: 0.1]
         [Termination Attempts: Min: 1, Avg: 99.4, Max: 142, Diff: 141, Sum: 795]
      [GC Worker Other (ms): Min: 0.0, Avg: 0.1, Max: 0.1, Diff: 0.1, Sum: 0.5]
      [GC Worker Total (ms): Min: 179.6, Avg: 179.7, Max: 179.8, Diff: 0.2, Sum: 1437.6]
      [GC Worker End (ms): Min: 96171.6, Avg: 96171.6, Max: 96171.7, Diff: 0.1]
   [Code Root Fixup: 0.0 ms]
   [Code Root Purge: 0.0 ms]
   [Clear CT: 0.3 ms]
   [Other: 1.1 ms]
      [Choose CSet: 0.0 ms]
      [Ref Proc: 0.2 ms]
      [Ref Enq: 0.0 ms]
      [Redirty Cards: 0.3 ms]
      [Humongous Register: 0.1 ms]
      [Humongous Reclaim: 0.0 ms]
      [Free CSet: 0.3 ms]
   [Eden: 343.0M(343.0M)->0.0B(330.0M) Survivors: 42.0M->49.0M Heap: 787.0M(2048.0M)->789.0M(2048.0M)]
 [Times: user=1.36 sys=0.00, real=0.18 secs] 
2020-09-29T12:34:29.006+0200: 96.363: [GC pause (G1 Evacuation Pause) (young), 0.1801254 secs]
   [Parallel Time: 178.5 ms, GC Workers: 8]
      [GC Worker Start (ms): Min: 96363.5, Avg: 96363.6, Max: 96363.6, Diff: 0.2]
      [Ext Root Scanning (ms): Min: 0.0, Avg: 0.1, Max: 0.2, Diff: 0.2, Sum: 0.5]
      [Update RS (ms): Min: 20.6, Avg: 20.9, Max: 21.4, Diff: 0.8, Sum: 167.1]
         [Processed Buffers: Min: 22, Avg: 22.8, Max: 24, Diff: 2, Sum: 182]
      [Scan RS (ms): Min: 16.7, Avg: 17.2, Max: 17.5, Diff: 0.8, Sum: 137.8]
      [Code Root Scanning (ms): Min: 0.0, Avg: 0.0, Max: 0.0, Diff: 0.0, Sum: 0.0]
      [Object Copy (ms): Min: 140.0, Avg: 140.0, Max: 140.1, Diff: 0.1, Sum: 1120.4]
      [Termination (ms): Min: 0.0, Avg: 0.0, Max: 0.0, Diff: 0.0, Sum: 0.1]
         [Termination Attempts: Min: 1, Avg: 121.5, Max: 157, Diff: 156, Sum: 972]
      [GC Worker Other (ms): Min: 0.0, Avg: 0.0, Max: 0.1, Diff: 0.1, Sum: 0.3]
      [GC Worker Total (ms): Min: 178.2, Avg: 178.3, Max: 178.4, Diff: 0.2, Sum: 1426.3]
      [GC Worker End (ms): Min: 96541.8, Avg: 96541.9, Max: 96541.9, Diff: 0.1]
   [Code Root Fixup: 0.0 ms]
   [Code Root Purge: 0.0 ms]
   [Clear CT: 0.2 ms]
   [Other: 1.4 ms]
      [Choose CSet: 0.0 ms]
      [Ref Proc: 0.2 ms]
      [Ref Enq: 0.0 ms]
      [Redirty Cards: 0.5 ms]
      [Humongous Register: 0.1 ms]
      [Humongous Reclaim: 0.0 ms]
      [Free CSet: 0.2 ms]
   [Eden: 330.0M(330.0M)->0.0B(325.0M) Survivors: 49.0M->48.0M Heap: 1172.4M(2048.0M)->1174.4M(2048.0M)]
 [Times: user=1.36 sys=0.00, real=0.19 secs] 
2020-09-29T12:34:29.193+0200: 96.551: [GC pause (G1 Humongous Allocation) (young) (initial-mark), 0.0763330 secs]
   [Parallel Time: 75.5 ms, GC Workers: 8]
      [GC Worker Start (ms): Min: 96550.8, Avg: 96550.9, Max: 96551.0, Diff: 0.2]
      [Ext Root Scanning (ms): Min: 0.0, Avg: 1.1, Max: 7.4, Diff: 7.4, Sum: 8.7]
      [Update RS (ms): Min: 44.8, Avg: 51.3, Max: 52.5, Diff: 7.7, Sum: 410.7]
         [Processed Buffers: Min: 56, Avg: 63.4, Max: 67, Diff: 11, Sum: 507]
      [Scan RS (ms): Min: 0.0, Avg: 0.0, Max: 0.0, Diff: 0.0, Sum: 0.0]
      [Code Root Scanning (ms): Min: 0.0, Avg: 0.0, Max: 0.0, Diff: 0.0, Sum: 0.0]
      [Object Copy (ms): Min: 22.7, Avg: 22.9, Max: 23.2, Diff: 0.5, Sum: 183.3]
      [Termination (ms): Min: 0.0, Avg: 0.0, Max: 0.0, Diff: 0.0, Sum: 0.2]
         [Termination Attempts: Min: 1, Avg: 188.5, Max: 274, Diff: 273, Sum: 1508]
      [GC Worker Other (ms): Min: 0.0, Avg: 0.0, Max: 0.0, Diff: 0.0, Sum: 0.2]
      [GC Worker Total (ms): Min: 75.3, Avg: 75.4, Max: 75.5, Diff: 0.2, Sum: 603.1]
      [GC Worker End (ms): Min: 96626.3, Avg: 96626.3, Max: 96626.3, Diff: 0.0]
   [Code Root Fixup: 0.0 ms]
   [Code Root Purge: 0.0 ms]
   [Clear CT: 0.2 ms]
   [Other: 0.6 ms]
      [Choose CSet: 0.0 ms]
      [Ref Proc: 0.2 ms]
      [Ref Enq: 0.0 ms]
      [Redirty Cards: 0.1 ms]
      [Humongous Register: 0.0 ms]
      [Humongous Reclaim: 0.0 ms]
      [Free CSet: 0.0 ms]
   [Eden: 2048.0K(325.0M)->0.0B(326.0M) Survivors: 48.0M->3072.0K Heap: 1176.4M(2048.0M)->1179.4M(2048.0M)]
 [Times: user=0.50 sys=0.00, real=0.08 secs] 
2020-09-29T12:34:29.269+0200: 96.627: [GC concurrent-root-region-scan-start]
2020-09-29T12:34:29.270+0200: 96.628: [GC concurrent-root-region-scan-end, 0.0004288 secs]
2020-09-29T12:34:29.270+0200: 96.628: [GC concurrent-mark-start]
2020-09-29T12:34:29.272+0200: 96.630: [GC concurrent-mark-end, 0.0023416 secs]
2020-09-29T12:34:29.272+0200: 96.630: [GC remark 2020-09-29T12:34:29.272+0200: 96.630: [Finalize Marking, 0.0001878 secs] 2020-09-29T12:34:29.272+0200: 96.630: [GC ref-proc, 0.0002900 secs] 2020-09-29T12:34:29.273+0200: 96.631: [Unloading, 0.0004159 secs], 0.0011697 secs]
 [Times: user=0.00 sys=0.00, real=0.00 secs] 
2020-09-29T12:34:29.274+0200: 96.632: [GC cleanup 1187M->18M(2048M), 0.0011359 secs]
 [Times: user=0.00 sys=0.00, real=0.00 secs] 
2020-09-29T12:34:29.275+0200: 96.633: [GC concurrent-cleanup-start]
2020-09-29T12:34:29.276+0200: 96.634: [GC concurrent-cleanup-end, 0.0014984 secs]
2020-09-29T12:34:29.454+0200: 96.811: [GC pause (G1 Evacuation Pause) (young), 0.1649865 secs]
   [Parallel Time: 163.8 ms, GC Workers: 8]
      [GC Worker Start (ms): Min: 96811.5, Avg: 96811.5, Max: 96811.6, Diff: 0.1]
      [Ext Root Scanning (ms): Min: 0.0, Avg: 0.1, Max: 0.1, Diff: 0.1, Sum: 0.6]
      [Update RS (ms): Min: 15.8, Avg: 16.1, Max: 16.4, Diff: 0.6, Sum: 128.9]
         [Processed Buffers: Min: 17, Avg: 17.8, Max: 19, Diff: 2, Sum: 142]
      [Scan RS (ms): Min: 16.2, Avg: 16.5, Max: 16.9, Diff: 0.6, Sum: 132.0]
      [Code Root Scanning (ms): Min: 0.0, Avg: 0.0, Max: 0.0, Diff: 0.0, Sum: 0.0]
      [Object Copy (ms): Min: 130.5, Avg: 130.6, Max: 130.9, Diff: 0.5, Sum: 1045.0]
      [Termination (ms): Min: 0.1, Avg: 0.3, Max: 0.4, Diff: 0.3, Sum: 2.3]
         [Termination Attempts: Min: 1, Avg: 1796.8, Max: 2203, Diff: 2202, Sum: 14374]
      [GC Worker Other (ms): Min: 0.0, Avg: 0.0, Max: 0.0, Diff: 0.0, Sum: 0.1]
      [GC Worker Total (ms): Min: 163.6, Avg: 163.6, Max: 163.7, Diff: 0.1, Sum: 1309.0]
      [GC Worker End (ms): Min: 96975.1, Avg: 96975.1, Max: 96975.2, Diff: 0.0]
   [Code Root Fixup: 0.0 ms]
   [Code Root Purge: 0.0 ms]
   [Clear CT: 0.3 ms]
   [Other: 0.9 ms]
      [Choose CSet: 0.0 ms]
      [Ref Proc: 0.1 ms]
      [Ref Enq: 0.0 ms]
      [Redirty Cards: 0.2 ms]
      [Humongous Register: 0.0 ms]
      [Humongous Reclaim: 0.0 ms]
      [Free CSet: 0.2 ms]
   [Eden: 326.0M(326.0M)->0.0B(298.0M) Survivors: 3072.0K->42.0M Heap: 392.3M(2048.0M)->391.8M(2048.0M)]
 [Times: user=1.34 sys=0.00, real=0.16 secs] 
2020-09-29T12:34:29.786+0200: 97.144: [GC pause (G1 Evacuation Pause) (young), 0.1598817 secs]
   [Parallel Time: 158.7 ms, GC Workers: 8]
      [GC Worker Start (ms): Min: 97144.0, Avg: 97144.0, Max: 97144.1, Diff: 0.1]
      [Ext Root Scanning (ms): Min: 0.0, Avg: 0.1, Max: 0.1, Diff: 0.1, Sum: 0.6]
      [Update RS (ms): Min: 19.0, Avg: 19.0, Max: 19.1, Diff: 0.2, Sum: 152.4]
         [Processed Buffers: Min: 20, Avg: 22.5, Max: 24, Diff: 4, Sum: 180]
      [Scan RS (ms): Min: 13.7, Avg: 13.8, Max: 14.1, Diff: 0.4, Sum: 110.7]
      [Code Root Scanning (ms): Min: 0.0, Avg: 0.0, Max: 0.0, Diff: 0.0, Sum: 0.0]
      [Object Copy (ms): Min: 125.2, Avg: 125.4, Max: 125.5, Diff: 0.3, Sum: 1003.4]
      [Termination (ms): Min: 0.0, Avg: 0.1, Max: 0.1, Diff: 0.1, Sum: 0.6]
         [Termination Attempts: Min: 1, Avg: 585.3, Max: 846, Diff: 845, Sum: 4682]
      [GC Worker Other (ms): Min: 0.0, Avg: 0.0, Max: 0.1, Diff: 0.1, Sum: 0.3]
      [GC Worker Total (ms): Min: 158.4, Avg: 158.5, Max: 158.6, Diff: 0.2, Sum: 1268.1]
      [GC Worker End (ms): Min: 97302.5, Avg: 97302.6, Max: 97302.6, Diff: 0.1]
   [Code Root Fixup: 0.0 ms]
   [Code Root Purge: 0.0 ms]
   [Clear CT: 0.2 ms]
   [Other: 1.0 ms]
      [Choose CSet: 0.0 ms]
      [Ref Proc: 0.2 ms]
      [Ref Enq: 0.0 ms]
      [Redirty Cards: 0.2 ms]
      [Humongous Register: 0.1 ms]
      [Humongous Reclaim: 0.0 ms]
      [Free CSet: 0.3 ms]
   [Eden: 298.0M(298.0M)->0.0B(307.0M) Survivors: 42.0M->43.0M Heap: 739.4M(2048.0M)->741.4M(2048.0M)]
 [Times: user=1.25 sys=0.00, real=0.16 secs] 
2020-09-29T12:34:30.122+0200: 97.479: [GC pause (G1 Evacuation Pause) (young), 0.1657899 secs]
   [Parallel Time: 164.7 ms, GC Workers: 8]
      [GC Worker Start (ms): Min: 97479.2, Avg: 97479.2, Max: 97479.3, Diff: 0.1]
      [Ext Root Scanning (ms): Min: 0.0, Avg: 0.1, Max: 0.1, Diff: 0.1, Sum: 0.6]
      [Update RS (ms): Min: 16.0, Avg: 16.1, Max: 16.2, Diff: 0.2, Sum: 128.5]
         [Processed Buffers: Min: 19, Avg: 20.3, Max: 23, Diff: 4, Sum: 162]
      [Scan RS (ms): Min: 16.0, Avg: 16.1, Max: 16.2, Diff: 0.2, Sum: 128.7]
      [Code Root Scanning (ms): Min: 0.0, Avg: 0.0, Max: 0.0, Diff: 0.0, Sum: 0.0]
      [Object Copy (ms): Min: 132.0, Avg: 132.1, Max: 132.2, Diff: 0.2, Sum: 1056.9]
      [Termination (ms): Min: 0.0, Avg: 0.0, Max: 0.1, Diff: 0.1, Sum: 0.4]
         [Termination Attempts: Min: 1, Avg: 324.3, Max: 504, Diff: 503, Sum: 2594]
      [GC Worker Other (ms): Min: 0.0, Avg: 0.0, Max: 0.1, Diff: 0.1, Sum: 0.3]
      [GC Worker Total (ms): Min: 164.4, Avg: 164.4, Max: 164.5, Diff: 0.2, Sum: 1315.4]
      [GC Worker End (ms): Min: 97643.6, Avg: 97643.7, Max: 97643.7, Diff: 0.1]
   [Code Root Fixup: 0.0 ms]
   [Code Root Purge: 0.0 ms]
   [Clear CT: 0.3 ms]
   [Other: 0.8 ms]
      [Choose CSet: 0.0 ms]
      [Ref Proc: 0.1 ms]
      [Ref Enq: 0.0 ms]
      [Redirty Cards: 0.3 ms]
      [Humongous Register: 0.1 ms]
      [Humongous Reclaim: 0.0 ms]
      [Free CSet: 0.2 ms]
   [Eden: 307.0M(307.0M)->0.0B(312.0M) Survivors: 43.0M->44.0M Heap: 1099.9M(2048.0M)->1100.9M(2048.0M)]
 [Times: user=1.36 sys=0.00, real=0.17 secs] 
2020-09-29T12:34:30.292+0200: 97.649: [GC pause (G1 Humongous Allocation) (young) (initial-mark), 0.0642037 secs]
   [Parallel Time: 63.4 ms, GC Workers: 8]
      [GC Worker Start (ms): Min: 97649.4, Avg: 97649.4, Max: 97649.4, Diff: 0.1]
      [Ext Root Scanning (ms): Min: 0.1, Avg: 0.1, Max: 0.1, Diff: 0.1, Sum: 0.7]
      [Update RS (ms): Min: 41.5, Avg: 41.8, Max: 42.3, Diff: 0.8, Sum: 334.3]
         [Processed Buffers: Min: 52, Avg: 54.1, Max: 56, Diff: 4, Sum: 433]
      [Scan RS (ms): Min: 0.5, Avg: 1.2, Max: 2.8, Diff: 2.3, Sum: 9.6]
      [Code Root Scanning (ms): Min: 0.0, Avg: 0.0, Max: 0.0, Diff: 0.0, Sum: 0.0]
      [Object Copy (ms): Min: 18.6, Avg: 20.2, Max: 20.4, Diff: 1.8, Sum: 161.3]
      [Termination (ms): Min: 0.0, Avg: 0.0, Max: 0.0, Diff: 0.0, Sum: 0.1]
         [Termination Attempts: Min: 1, Avg: 73.9, Max: 99, Diff: 98, Sum: 591]
      [GC Worker Other (ms): Min: 0.0, Avg: 0.0, Max: 0.0, Diff: 0.0, Sum: 0.1]
      [GC Worker Total (ms): Min: 63.2, Avg: 63.3, Max: 63.3, Diff: 0.1, Sum: 506.1]
      [GC Worker End (ms): Min: 97712.7, Avg: 97712.7, Max: 97712.7, Diff: 0.0]
   [Code Root Fixup: 0.0 ms]
   [Code Root Purge: 0.0 ms]
   [Clear CT: 0.2 ms]
   [Other: 0.7 ms]
      [Choose CSet: 0.0 ms]
      [Ref Proc: 0.2 ms]
      [Ref Enq: 0.0 ms]
      [Redirty Cards: 0.1 ms]
      [Humongous Register: 0.1 ms]
      [Humongous Reclaim: 0.0 ms]
      [Free CSet: 0.1 ms]
   [Eden: 8192.0K(312.0M)->0.0B(344.0M) Survivors: 44.0M->10.0M Heap: 1108.4M(2048.0M)->1112.9M(2048.0M)]
 [Times: user=0.50 sys=0.00, real=0.06 secs] 
2020-09-29T12:34:30.356+0200: 97.714: [GC concurrent-root-region-scan-start]
2020-09-29T12:34:30.359+0200: 97.716: [GC concurrent-root-region-scan-end, 0.0024129 secs]
2020-09-29T12:34:30.359+0200: 97.716: [GC concurrent-mark-start]
2020-09-29T12:34:30.362+0200: 97.719: [GC concurrent-mark-end, 0.0029321 secs]
2020-09-29T12:34:30.362+0200: 97.719: [GC remark 2020-09-29T12:34:30.362+0200: 97.719: [Finalize Marking, 0.0001946 secs] 2020-09-29T12:34:30.362+0200: 97.719: [GC ref-proc, 0.0003256 secs] 2020-09-29T12:34:30.362+0200: 97.720: [Unloading, 0.0004644 secs], 0.0013418 secs]
 [Times: user=0.00 sys=0.00, real=0.00 secs] 
2020-09-29T12:34:30.363+0200: 97.721: [GC cleanup 1124M->29M(2048M), 0.0012509 secs]
 [Times: user=0.00 sys=0.00, real=0.00 secs] 
2020-09-29T12:34:30.365+0200: 97.722: [GC concurrent-cleanup-start]
2020-09-29T12:34:30.367+0200: 97.724: [GC concurrent-cleanup-end, 0.0018925 secs]
2020-09-29T12:34:30.548+0200: 97.905: [GC pause (G1 Evacuation Pause) (young), 0.1621752 secs]
   [Parallel Time: 160.7 ms, GC Workers: 8]
      [GC Worker Start (ms): Min: 97905.6, Avg: 97905.7, Max: 97905.8, Diff: 0.2]
      [Ext Root Scanning (ms): Min: 0.0, Avg: 0.1, Max: 0.2, Diff: 0.2, Sum: 0.4]
      [Update RS (ms): Min: 19.8, Avg: 19.9, Max: 20.2, Diff: 0.4, Sum: 159.4]
         [Processed Buffers: Min: 22, Avg: 23.6, Max: 26, Diff: 4, Sum: 189]
      [Scan RS (ms): Min: 15.0, Avg: 15.3, Max: 15.5, Diff: 0.5, Sum: 122.4]
      [Code Root Scanning (ms): Min: 0.0, Avg: 0.0, Max: 0.0, Diff: 0.0, Sum: 0.0]
      [Object Copy (ms): Min: 125.0, Avg: 125.1, Max: 125.2, Diff: 0.2, Sum: 1000.9]
      [Termination (ms): Min: 0.0, Avg: 0.0, Max: 0.0, Diff: 0.0, Sum: 0.2]
         [Termination Attempts: Min: 1, Avg: 144.8, Max: 202, Diff: 201, Sum: 1158]
      [GC Worker Other (ms): Min: 0.0, Avg: 0.0, Max: 0.1, Diff: 0.0, Sum: 0.4]
      [GC Worker Total (ms): Min: 160.4, Avg: 160.5, Max: 160.6, Diff: 0.2, Sum: 1283.7]
      [GC Worker End (ms): Min: 98066.2, Avg: 98066.2, Max: 98066.2, Diff: 0.0]
   [Code Root Fixup: 0.0 ms]
   [Code Root Purge: 0.0 ms]
   [Clear CT: 0.4 ms]
   [Other: 1.0 ms]
      [Choose CSet: 0.0 ms]
      [Ref Proc: 0.2 ms]
      [Ref Enq: 0.0 ms]
      [Redirty Cards: 0.3 ms]
      [Humongous Register: 0.0 ms]
      [Humongous Reclaim: 0.0 ms]
      [Free CSet: 0.2 ms]
   [Eden: 344.0M(344.0M)->0.0B(324.0M) Survivors: 10.0M->45.0M Heap: 420.6M(2048.0M)->412.6M(2048.0M)]
 [Times: user=1.31 sys=0.02, real=0.17 secs] 
2020-09-29T12:34:30.889+0200: 98.247: [GC pause (G1 Evacuation Pause) (young), 0.1685735 secs]
   [Parallel Time: 167.4 ms, GC Workers: 8]
      [GC Worker Start (ms): Min: 98246.7, Avg: 98246.8, Max: 98246.8, Diff: 0.1]
      [Ext Root Scanning (ms): Min: 0.0, Avg: 0.1, Max: 0.1, Diff: 0.1, Sum: 0.5]
      [Update RS (ms): Min: 16.9, Avg: 17.1, Max: 17.4, Diff: 0.5, Sum: 136.6]
         [Processed Buffers: Min: 21, Avg: 21.8, Max: 23, Diff: 2, Sum: 174]
      [Scan RS (ms): Min: 16.2, Avg: 16.6, Max: 16.8, Diff: 0.6, Sum: 132.5]
      [Code Root Scanning (ms): Min: 0.0, Avg: 0.0, Max: 0.0, Diff: 0.0, Sum: 0.0]
      [Object Copy (ms): Min: 133.3, Avg: 133.4, Max: 133.5, Diff: 0.2, Sum: 1067.1]
      [Termination (ms): Min: 0.0, Avg: 0.1, Max: 0.1, Diff: 0.1, Sum: 0.4]
         [Termination Attempts: Min: 1, Avg: 299.5, Max: 388, Diff: 387, Sum: 2396]
      [GC Worker Other (ms): Min: 0.0, Avg: 0.0, Max: 0.1, Diff: 0.1, Sum: 0.3]
      [GC Worker Total (ms): Min: 167.1, Avg: 167.2, Max: 167.3, Diff: 0.2, Sum: 1337.4]
      [GC Worker End (ms): Min: 98413.9, Avg: 98413.9, Max: 98414.0, Diff: 0.1]
   [Code Root Fixup: 0.0 ms]
   [Code Root Purge: 0.0 ms]
   [Clear CT: 0.2 ms]
   [Other: 1.0 ms]
      [Choose CSet: 0.0 ms]
      [Ref Proc: 0.1 ms]
      [Ref Enq: 0.0 ms]
      [Redirty Cards: 0.2 ms]
      [Humongous Register: 0.1 ms]
      [Humongous Reclaim: 0.0 ms]
      [Free CSet: 0.4 ms]
   [Eden: 324.0M(324.0M)->0.0B(325.0M) Survivors: 45.0M->47.0M Heap: 790.0M(2048.0M)->791.5M(2048.0M)]
 [Times: user=1.38 sys=0.00, real=0.17 secs] 
2020-09-29T12:34:31.239+0200: 98.597: [GC pause (G1 Evacuation Pause) (young), 0.1713989 secs]
   [Parallel Time: 170.3 ms, GC Workers: 8]
      [GC Worker Start (ms): Min: 98597.0, Avg: 98597.1, Max: 98597.2, Diff: 0.1]
      [Ext Root Scanning (ms): Min: 0.0, Avg: 0.1, Max: 0.1, Diff: 0.1, Sum: 0.5]
      [Update RS (ms): Min: 19.3, Avg: 19.4, Max: 20.0, Diff: 0.7, Sum: 155.5]
         [Processed Buffers: Min: 23, Avg: 23.8, Max: 26, Diff: 3, Sum: 190]
      [Scan RS (ms): Min: 15.5, Avg: 16.1, Max: 16.2, Diff: 0.7, Sum: 128.5]
      [Code Root Scanning (ms): Min: 0.0, Avg: 0.0, Max: 0.0, Diff: 0.0, Sum: 0.0]
      [Object Copy (ms): Min: 134.4, Avg: 134.5, Max: 134.5, Diff: 0.1, Sum: 1075.7]
      [Termination (ms): Min: 0.0, Avg: 0.0, Max: 0.1, Diff: 0.1, Sum: 0.3]
         [Termination Attempts: Min: 1, Avg: 234.5, Max: 334, Diff: 333, Sum: 1876]
      [GC Worker Other (ms): Min: 0.0, Avg: 0.0, Max: 0.1, Diff: 0.1, Sum: 0.3]
      [GC Worker Total (ms): Min: 170.0, Avg: 170.1, Max: 170.2, Diff: 0.1, Sum: 1360.8]
      [GC Worker End (ms): Min: 98767.2, Avg: 98767.2, Max: 98767.2, Diff: 0.1]
   [Code Root Fixup: 0.0 ms]
   [Code Root Purge: 0.0 ms]
   [Clear CT: 0.2 ms]
   [Other: 0.9 ms]
      [Choose CSet: 0.0 ms]
      [Ref Proc: 0.2 ms]
      [Ref Enq: 0.0 ms]
      [Redirty Cards: 0.3 ms]
      [Humongous Register: 0.1 ms]
      [Humongous Reclaim: 0.0 ms]
      [Free CSet: 0.3 ms]
   [Eden: 325.0M(325.0M)->0.0B(328.0M) Survivors: 47.0M->47.0M Heap: 1169.9M(2048.0M)->1172.4M(2048.0M)]
 [Times: user=1.25 sys=0.02, real=0.17 secs] 
2020-09-29T12:34:31.421+0200: 98.778: [GC pause (G1 Humongous Allocation) (young) (initial-mark), 0.0614829 secs]
   [Parallel Time: 60.6 ms, GC Workers: 8]
      [GC Worker Start (ms): Min: 98778.1, Avg: 98778.1, Max: 98778.2, Diff: 0.2]
      [Ext Root Scanning (ms): Min: 0.0, Avg: 0.2, Max: 1.0, Diff: 1.0, Sum: 1.8]
      [Update RS (ms): Min: 38.0, Avg: 38.6, Max: 38.9, Diff: 0.9, Sum: 308.6]
         [Processed Buffers: Min: 47, Avg: 49.1, Max: 51, Diff: 4, Sum: 393]
      [Scan RS (ms): Min: 2.5, Avg: 2.7, Max: 3.1, Diff: 0.6, Sum: 21.8]
      [Code Root Scanning (ms): Min: 0.0, Avg: 0.0, Max: 0.0, Diff: 0.0, Sum: 0.0]
      [Object Copy (ms): Min: 18.8, Avg: 18.8, Max: 18.9, Diff: 0.1, Sum: 150.8]
      [Termination (ms): Min: 0.0, Avg: 0.0, Max: 0.0, Diff: 0.0, Sum: 0.1]
         [Termination Attempts: Min: 1, Avg: 43.4, Max: 56, Diff: 55, Sum: 347]
      [GC Worker Other (ms): Min: 0.0, Avg: 0.0, Max: 0.0, Diff: 0.0, Sum: 0.1]
      [GC Worker Total (ms): Min: 60.3, Avg: 60.4, Max: 60.5, Diff: 0.2, Sum: 483.3]
      [GC Worker End (ms): Min: 98838.5, Avg: 98838.5, Max: 98838.6, Diff: 0.0]
   [Code Root Fixup: 0.0 ms]
   [Code Root Purge: 0.0 ms]
   [Clear CT: 0.2 ms]
   [Other: 0.7 ms]
      [Choose CSet: 0.0 ms]
      [Ref Proc: 0.2 ms]
      [Ref Enq: 0.0 ms]
      [Redirty Cards: 0.2 ms]
      [Humongous Register: 0.0 ms]
      [Humongous Reclaim: 0.0 ms]
      [Free CSet: 0.1 ms]
   [Eden: 3072.0K(328.0M)->0.0B(327.0M) Survivors: 47.0M->6144.0K Heap: 1175.4M(2048.0M)->1179.9M(2048.0M)]
 [Times: user=0.50 sys=0.00, real=0.06 secs] 
2020-09-29T12:34:31.482+0200: 98.840: [GC concurrent-root-region-scan-start]
2020-09-29T12:34:31.483+0200: 98.841: [GC concurrent-root-region-scan-end, 0.0009630 secs]
2020-09-29T12:34:31.483+0200: 98.841: [GC concurrent-mark-start]
2020-09-29T12:34:31.487+0200: 98.844: [GC concurrent-mark-end, 0.0034196 secs]
2020-09-29T12:34:31.487+0200: 98.844: [GC remark 2020-09-29T12:34:31.487+0200: 98.844: [Finalize Marking, 0.0002788 secs] 2020-09-29T12:34:31.487+0200: 98.845: [GC ref-proc, 0.0002835 secs] 2020-09-29T12:34:31.487+0200: 98.845: [Unloading, 0.0005020 secs], 0.0013915 secs]
 [Times: user=0.00 sys=0.00, real=0.00 secs] 
2020-09-29T12:34:31.489+0200: 98.846: [GC cleanup 1190M->24M(2048M), 0.0011416 secs]
 [Times: user=0.00 sys=0.00, real=0.00 secs] 
2020-09-29T12:34:31.490+0200: 98.847: [GC concurrent-cleanup-start]
2020-09-29T12:34:31.491+0200: 98.849: [GC concurrent-cleanup-end, 0.0015193 secs]
2020-09-29T12:34:31.663+0200: 99.020: [GC pause (G1 Evacuation Pause) (young), 0.1850935 secs]
   [Parallel Time: 184.0 ms, GC Workers: 8]
      [GC Worker Start (ms): Min: 99020.1, Avg: 99020.2, Max: 99020.2, Diff: 0.2]
      [Ext Root Scanning (ms): Min: 0.0, Avg: 0.1, Max: 0.1, Diff: 0.1, Sum: 0.5]
      [Update RS (ms): Min: 18.9, Avg: 19.2, Max: 19.6, Diff: 0.7, Sum: 153.4]
         [Processed Buffers: Min: 23, Avg: 23.8, Max: 26, Diff: 3, Sum: 190]
      [Scan RS (ms): Min: 11.4, Avg: 11.8, Max: 12.1, Diff: 0.7, Sum: 94.6]
      [Code Root Scanning (ms): Min: 0.0, Avg: 0.0, Max: 0.0, Diff: 0.0, Sum: 0.0]
      [Object Copy (ms): Min: 151.6, Avg: 151.8, Max: 152.7, Diff: 1.1, Sum: 1214.7]
      [Termination (ms): Min: 0.0, Avg: 0.9, Max: 1.1, Diff: 1.1, Sum: 6.8]
         [Termination Attempts: Min: 1, Avg: 5270.4, Max: 6355, Diff: 6354, Sum: 42163]
      [GC Worker Other (ms): Min: 0.0, Avg: 0.0, Max: 0.1, Diff: 0.1, Sum: 0.3]
      [GC Worker Total (ms): Min: 183.7, Avg: 183.8, Max: 183.9, Diff: 0.2, Sum: 1470.3]
      [GC Worker End (ms): Min: 99203.9, Avg: 99203.9, Max: 99204.0, Diff: 0.1]
   [Code Root Fixup: 0.0 ms]
   [Code Root Purge: 0.0 ms]
   [Clear CT: 0.2 ms]
   [Other: 0.9 ms]
      [Choose CSet: 0.0 ms]
      [Ref Proc: 0.2 ms]
      [Ref Enq: 0.0 ms]
      [Redirty Cards: 0.2 ms]
      [Humongous Register: 0.0 ms]
      [Humongous Reclaim: 0.0 ms]
      [Free CSet: 0.2 ms]
   [Eden: 327.0M(327.0M)->0.0B(312.0M) Survivors: 6144.0K->42.0M Heap: 395.8M(2048.0M)->392.3M(2048.0M)]
 [Times: user=1.33 sys=0.00, real=0.18 secs] 
2020-09-29T12:34:32.009+0200: 99.366: [GC pause (G1 Evacuation Pause) (young), 0.1682387 secs]
   [Parallel Time: 166.8 ms, GC Workers: 8]
      [GC Worker Start (ms): Min: 99366.6, Avg: 99366.7, Max: 99366.8, Diff: 0.2]
      [Ext Root Scanning (ms): Min: 0.0, Avg: 0.1, Max: 0.2, Diff: 0.2, Sum: 0.4]
      [Update RS (ms): Min: 23.1, Avg: 23.4, Max: 23.8, Diff: 0.7, Sum: 187.1]
         [Processed Buffers: Min: 28, Avg: 28.3, Max: 29, Diff: 1, Sum: 226]
      [Scan RS (ms): Min: 12.5, Avg: 12.9, Max: 13.3, Diff: 0.7, Sum: 103.5]
      [Code Root Scanning (ms): Min: 0.0, Avg: 0.0, Max: 0.0, Diff: 0.0, Sum: 0.0]
      [Object Copy (ms): Min: 130.1, Avg: 130.2, Max: 130.2, Diff: 0.1, Sum: 1041.3]
      [Termination (ms): Min: 0.0, Avg: 0.0, Max: 0.0, Diff: 0.0, Sum: 0.1]
         [Termination Attempts: Min: 1, Avg: 58.5, Max: 74, Diff: 73, Sum: 468]
      [GC Worker Other (ms): Min: 0.0, Avg: 0.0, Max: 0.1, Diff: 0.1, Sum: 0.3]
      [GC Worker Total (ms): Min: 166.5, Avg: 166.6, Max: 166.7, Diff: 0.2, Sum: 1332.7]
      [GC Worker End (ms): Min: 99533.3, Avg: 99533.3, Max: 99533.3, Diff: 0.1]
   [Code Root Fixup: 0.0 ms]
   [Code Root Purge: 0.0 ms]
   [Clear CT: 0.2 ms]
   [Other: 1.2 ms]
      [Choose CSet: 0.0 ms]
      [Ref Proc: 0.2 ms]
      [Ref Enq: 0.0 ms]
      [Redirty Cards: 0.5 ms]
      [Humongous Register: 0.0 ms]
      [Humongous Reclaim: 0.0 ms]
      [Free CSet: 0.2 ms]
   [Eden: 312.0M(312.0M)->0.0B(315.0M) Survivors: 42.0M->45.0M Heap: 755.8M(2048.0M)->758.3M(2048.0M)]
 [Times: user=1.34 sys=0.02, real=0.18 secs] 
2020-09-29T12:34:32.350+0200: 99.707: [GC pause (G1 Evacuation Pause) (young), 0.1688423 secs]
   [Parallel Time: 167.5 ms, GC Workers: 8]
      [GC Worker Start (ms): Min: 99707.2, Avg: 99707.4, Max: 99707.4, Diff: 0.2]
      [Ext Root Scanning (ms): Min: 0.0, Avg: 0.1, Max: 0.2, Diff: 0.2, Sum: 0.4]
      [Update RS (ms): Min: 18.4, Avg: 18.5, Max: 18.7, Diff: 0.2, Sum: 148.3]
         [Processed Buffers: Min: 21, Avg: 22.4, Max: 25, Diff: 4, Sum: 179]
      [Scan RS (ms): Min: 16.0, Avg: 16.3, Max: 16.4, Diff: 0.4, Sum: 130.0]
      [Code Root Scanning (ms): Min: 0.0, Avg: 0.0, Max: 0.0, Diff: 0.0, Sum: 0.0]
      [Object Copy (ms): Min: 132.1, Avg: 132.3, Max: 132.4, Diff: 0.2, Sum: 1058.7]
      [Termination (ms): Min: 0.0, Avg: 0.0, Max: 0.0, Diff: 0.0, Sum: 0.1]
         [Termination Attempts: Min: 1, Avg: 84.9, Max: 103, Diff: 102, Sum: 679]
      [GC Worker Other (ms): Min: 0.0, Avg: 0.0, Max: 0.1, Diff: 0.1, Sum: 0.4]
      [GC Worker Total (ms): Min: 167.1, Avg: 167.3, Max: 167.4, Diff: 0.2, Sum: 1338.0]
      [GC Worker End (ms): Min: 99874.6, Avg: 99874.6, Max: 99874.7, Diff: 0.1]
   [Code Root Fixup: 0.0 ms]
   [Code Root Purge: 0.0 ms]
   [Clear CT: 0.2 ms]
   [Other: 1.1 ms]
      [Choose CSet: 0.0 ms]
      [Ref Proc: 0.2 ms]
      [Ref Enq: 0.0 ms]
      [Redirty Cards: 0.5 ms]
      [Humongous Register: 0.1 ms]
      [Humongous Reclaim: 0.0 ms]
      [Free CSet: 0.2 ms]
   [Eden: 315.0M(315.0M)->0.0B(318.0M) Survivors: 45.0M->45.0M Heap: 1126.7M(2048.0M)->1128.7M(2048.0M)]
 [Times: user=1.25 sys=0.00, real=0.17 secs] 
2020-09-29T12:34:32.528+0200: 99.886: [GC pause (G1 Humongous Allocation) (young) (initial-mark), 0.0802875 secs]
   [Parallel Time: 79.3 ms, GC Workers: 8]
      [GC Worker Start (ms): Min: 99886.0, Avg: 99886.1, Max: 99886.2, Diff: 0.2]
      [Ext Root Scanning (ms): Min: 0.0, Avg: 1.8, Max: 13.7, Diff: 13.7, Sum: 14.6]
      [Update RS (ms): Min: 27.1, Avg: 39.3, Max: 41.3, Diff: 14.1, Sum: 314.5]
         [Processed Buffers: Min: 34, Avg: 48.8, Max: 52, Diff: 18, Sum: 390]
      [Scan RS (ms): Min: 2.4, Avg: 2.7, Max: 3.0, Diff: 0.6, Sum: 21.3]
      [Code Root Scanning (ms): Min: 0.0, Avg: 0.0, Max: 0.0, Diff: 0.0, Sum: 0.0]
      [Object Copy (ms): Min: 35.0, Avg: 35.2, Max: 35.3, Diff: 0.3, Sum: 281.3]
      [Termination (ms): Min: 0.0, Avg: 0.2, Max: 0.3, Diff: 0.3, Sum: 1.4]
         [Termination Attempts: Min: 1, Avg: 1099.3, Max: 1900, Diff: 1899, Sum: 8794]
      [GC Worker Other (ms): Min: 0.0, Avg: 0.0, Max: 0.0, Diff: 0.0, Sum: 0.1]
      [GC Worker Total (ms): Min: 79.1, Avg: 79.2, Max: 79.2, Diff: 0.2, Sum: 633.2]
      [GC Worker End (ms): Min: 99965.2, Avg: 99965.3, Max: 99965.3, Diff: 0.0]
   [Code Root Fixup: 0.0 ms]
   [Code Root Purge: 0.0 ms]
   [Clear CT: 0.1 ms]
   [Other: 0.8 ms]
      [Choose CSet: 0.0 ms]
      [Ref Proc: 0.2 ms]
      [Ref Enq: 0.0 ms]
      [Redirty Cards: 0.2 ms]
      [Humongous Register: 0.0 ms]
      [Humongous Reclaim: 0.0 ms]
      [Free CSet: 0.1 ms]
   [Eden: 8192.0K(318.0M)->0.0B(269.0M) Survivors: 45.0M->9216.0K Heap: 1136.2M(2048.0M)->1139.2M(2048.0M)]
 [Times: user=0.58 sys=0.00, real=0.08 secs] 
2020-09-29T12:34:32.609+0200: 99.966: [GC concurrent-root-region-scan-start]
2020-09-29T12:34:32.611+0200: 99.968: [GC concurrent-root-region-scan-end, 0.0017812 secs]
2020-09-29T12:34:32.611+0200: 99.968: [GC concurrent-mark-start]
2020-09-29T12:34:32.613+0200: 99.971: [GC concurrent-mark-end, 0.0027174 secs]
2020-09-29T12:34:32.613+0200: 99.971: [GC remark 2020-09-29T12:34:32.613+0200: 99.971: [Finalize Marking, 0.0002220 secs] 2020-09-29T12:34:32.614+0200: 99.971: [GC ref-proc, 0.0002565 secs] 2020-09-29T12:34:32.614+0200: 99.971: [Unloading, 0.0004004 secs], 0.0012160 secs]
 [Times: user=0.08 sys=0.03, real=0.00 secs] 
2020-09-29T12:34:32.615+0200: 99.972: [GC cleanup 1150M->27M(2048M), 0.0011152 secs]
 [Times: user=0.00 sys=0.00, real=0.00 secs] 
2020-09-29T12:34:32.616+0200: 99.974: [GC concurrent-cleanup-start]
2020-09-29T12:34:32.618+0200: 99.975: [GC concurrent-cleanup-end, 0.0016649 secs]
2020-09-29T12:34:32.756+0200: 100.114: [GC pause (G1 Evacuation Pause) (young), 0.1461348 secs]
   [Parallel Time: 145.0 ms, GC Workers: 8]
      [GC Worker Start (ms): Min: 100113.9, Avg: 100114.0, Max: 100114.0, Diff: 0.2]
      [Ext Root Scanning (ms): Min: 0.0, Avg: 0.1, Max: 0.2, Diff: 0.2, Sum: 0.5]
      [Update RS (ms): Min: 21.2, Avg: 21.4, Max: 22.0, Diff: 0.7, Sum: 171.6]
         [Processed Buffers: Min: 23, Avg: 24.5, Max: 26, Diff: 3, Sum: 196]
      [Scan RS (ms): Min: 8.2, Avg: 8.7, Max: 9.0, Diff: 0.7, Sum: 69.8]
      [Code Root Scanning (ms): Min: 0.0, Avg: 0.0, Max: 0.0, Diff: 0.0, Sum: 0.0]
      [Object Copy (ms): Min: 114.3, Avg: 114.3, Max: 114.5, Diff: 0.2, Sum: 914.6]
      [Termination (ms): Min: 0.0, Avg: 0.1, Max: 0.2, Diff: 0.2, Sum: 1.2]
         [Termination Attempts: Min: 1, Avg: 958.6, Max: 1170, Diff: 1169, Sum: 7669]
      [GC Worker Other (ms): Min: 0.0, Avg: 0.0, Max: 0.0, Diff: 0.0, Sum: 0.2]
      [GC Worker Total (ms): Min: 144.6, Avg: 144.7, Max: 144.8, Diff: 0.2, Sum: 1157.9]
      [GC Worker End (ms): Min: 100258.7, Avg: 100258.7, Max: 100258.7, Diff: 0.0]
   [Code Root Fixup: 0.0 ms]
   [Code Root Purge: 0.0 ms]
   [Clear CT: 0.2 ms]
   [Other: 0.9 ms]
      [Choose CSet: 0.0 ms]
      [Ref Proc: 0.2 ms]
      [Ref Enq: 0.0 ms]
      [Redirty Cards: 0.2 ms]
      [Humongous Register: 0.0 ms]
      [Humongous Reclaim: 0.0 ms]
      [Free CSet: 0.2 ms]
   [Eden: 269.0M(269.0M)->0.0B(267.0M) Survivors: 9216.0K->35.0M Heap: 331.8M(2048.0M)->325.3M(2048.0M)]
 [Times: user=1.08 sys=0.00, real=0.15 secs] 
2020-09-29T12:34:33.043+0200: 100.400: [GC pause (G1 Evacuation Pause) (young), 0.1407320 secs]
   [Parallel Time: 139.6 ms, GC Workers: 8]
      [GC Worker Start (ms): Min: 100400.6, Avg: 100400.7, Max: 100400.8, Diff: 0.2]
      [Ext Root Scanning (ms): Min: 0.0, Avg: 0.1, Max: 0.2, Diff: 0.2, Sum: 0.5]
      [Update RS (ms): Min: 15.9, Avg: 16.0, Max: 16.2, Diff: 0.3, Sum: 128.2]
         [Processed Buffers: Min: 19, Avg: 19.5, Max: 21, Diff: 2, Sum: 156]
      [Scan RS (ms): Min: 11.5, Avg: 11.6, Max: 11.8, Diff: 0.3, Sum: 93.1]
      [Code Root Scanning (ms): Min: 0.0, Avg: 0.0, Max: 0.0, Diff: 0.0, Sum: 0.0]
      [Object Copy (ms): Min: 111.4, Avg: 111.5, Max: 111.6, Diff: 0.2, Sum: 892.1]
      [Termination (ms): Min: 0.0, Avg: 0.1, Max: 0.1, Diff: 0.1, Sum: 0.6]
         [Termination Attempts: Min: 1, Avg: 489.8, Max: 772, Diff: 771, Sum: 3918]
      [GC Worker Other (ms): Min: 0.0, Avg: 0.0, Max: 0.1, Diff: 0.1, Sum: 0.4]
      [GC Worker Total (ms): Min: 139.3, Avg: 139.3, Max: 139.5, Diff: 0.2, Sum: 1114.8]
      [GC Worker End (ms): Min: 100540.0, Avg: 100540.0, Max: 100540.1, Diff: 0.1]
   [Code Root Fixup: 0.0 ms]
   [Code Root Purge: 0.0 ms]
   [Clear CT: 0.2 ms]
   [Other: 1.0 ms]
      [Choose CSet: 0.0 ms]
      [Ref Proc: 0.2 ms]
      [Ref Enq: 0.0 ms]
      [Redirty Cards: 0.3 ms]
      [Humongous Register: 0.0 ms]
      [Humongous Reclaim: 0.0 ms]
      [Free CSet: 0.2 ms]
   [Eden: 267.0M(267.0M)->0.0B(284.0M) Survivors: 35.0M->38.0M Heap: 636.1M(2048.0M)->638.1M(2048.0M)]
 [Times: user=1.13 sys=0.00, real=0.14 secs] 
2020-09-29T12:34:33.337+0200: 100.695: [GC pause (G1 Evacuation Pause) (young), 0.1532498 secs]
   [Parallel Time: 151.1 ms, GC Workers: 8]
      [GC Worker Start (ms): Min: 100694.8, Avg: 100694.9, Max: 100695.0, Diff: 0.2]
      [Ext Root Scanning (ms): Min: 0.0, Avg: 0.1, Max: 0.2, Diff: 0.2, Sum: 0.6]
      [Update RS (ms): Min: 20.6, Avg: 20.8, Max: 21.1, Diff: 0.4, Sum: 166.5]
         [Processed Buffers: Min: 20, Avg: 23.6, Max: 26, Diff: 6, Sum: 189]
      [Scan RS (ms): Min: 11.6, Avg: 11.9, Max: 12.0, Diff: 0.5, Sum: 94.8]
      [Code Root Scanning (ms): Min: 0.0, Avg: 0.0, Max: 0.0, Diff: 0.0, Sum: 0.0]
      [Object Copy (ms): Min: 118.0, Avg: 118.1, Max: 118.1, Diff: 0.1, Sum: 944.6]
      [Termination (ms): Min: 0.0, Avg: 0.0, Max: 0.0, Diff: 0.0, Sum: 0.0]
         [Termination Attempts: Min: 1, Avg: 7.1, Max: 10, Diff: 9, Sum: 57]
      [GC Worker Other (ms): Min: 0.0, Avg: 0.0, Max: 0.1, Diff: 0.0, Sum: 0.2]
      [GC Worker Total (ms): Min: 150.7, Avg: 150.8, Max: 150.9, Diff: 0.2, Sum: 1206.7]
      [GC Worker End (ms): Min: 100845.7, Avg: 100845.7, Max: 100845.7, Diff: 0.0]
   [Code Root Fixup: 0.0 ms]
   [Code Root Purge: 0.0 ms]
   [Clear CT: 0.3 ms]
   [Other: 1.9 ms]
      [Choose CSet: 0.0 ms]
      [Ref Proc: 0.2 ms]
      [Ref Enq: 0.0 ms]
      [Redirty Cards: 1.2 ms]
      [Humongous Register: 0.1 ms]
      [Humongous Reclaim: 0.0 ms]
      [Free CSet: 0.2 ms]
   [Eden: 284.0M(284.0M)->0.0B(297.0M) Survivors: 38.0M->41.0M Heap: 969.8M(2048.0M)->971.8M(2048.0M)]
 [Times: user=1.13 sys=0.00, real=0.15 secs] 
2020-09-29T12:34:33.501+0200: 100.859: [GC pause (G1 Humongous Allocation) (young) (initial-mark), 0.0532225 secs]
   [Parallel Time: 52.4 ms, GC Workers: 8]
      [GC Worker Start (ms): Min: 100858.9, Avg: 100859.0, Max: 100859.1, Diff: 0.2]
      [Ext Root Scanning (ms): Min: 0.0, Avg: 0.2, Max: 0.7, Diff: 0.6, Sum: 1.8]
      [Update RS (ms): Min: 29.7, Avg: 30.3, Max: 30.6, Diff: 0.9, Sum: 242.4]
         [Processed Buffers: Min: 34, Avg: 37.5, Max: 40, Diff: 6, Sum: 300]
      [Scan RS (ms): Min: 2.3, Avg: 2.5, Max: 2.7, Diff: 0.4, Sum: 20.1]
      [Code Root Scanning (ms): Min: 0.0, Avg: 0.0, Max: 0.0, Diff: 0.0, Sum: 0.0]
      [Object Copy (ms): Min: 19.0, Avg: 19.1, Max: 19.1, Diff: 0.1, Sum: 152.5]
      [Termination (ms): Min: 0.0, Avg: 0.1, Max: 0.1, Diff: 0.1, Sum: 0.4]
         [Termination Attempts: Min: 1, Avg: 365.5, Max: 482, Diff: 481, Sum: 2924]
      [GC Worker Other (ms): Min: 0.0, Avg: 0.0, Max: 0.0, Diff: 0.0, Sum: 0.2]
      [GC Worker Total (ms): Min: 52.1, Avg: 52.2, Max: 52.3, Diff: 0.2, Sum: 417.3]
      [GC Worker End (ms): Min: 100911.2, Avg: 100911.2, Max: 100911.2, Diff: 0.0]
   [Code Root Fixup: 0.0 ms]
   [Code Root Purge: 0.0 ms]
   [Clear CT: 0.2 ms]
   [Other: 0.7 ms]
      [Choose CSet: 0.0 ms]
      [Ref Proc: 0.2 ms]
      [Ref Enq: 0.0 ms]
      [Redirty Cards: 0.2 ms]
      [Humongous Register: 0.0 ms]
      [Humongous Reclaim: 0.0 ms]
      [Free CSet: 0.1 ms]
   [Eden: 5120.0K(297.0M)->0.0B(343.0M) Survivors: 41.0M->7168.0K Heap: 976.3M(2048.0M)->980.3M(2048.0M)]
 [Times: user=0.50 sys=0.00, real=0.06 secs] 
2020-09-29T12:34:33.561+0200: 100.919: [GC concurrent-root-region-scan-start]
2020-09-29T12:34:33.562+0200: 100.920: [GC concurrent-root-region-scan-end, 0.0012981 secs]
2020-09-29T12:34:33.562+0200: 100.920: [GC concurrent-mark-start]
2020-09-29T12:34:33.565+0200: 100.923: [GC concurrent-mark-end, 0.0029079 secs]
2020-09-29T12:34:33.565+0200: 100.923: [GC remark 2020-09-29T12:34:33.565+0200: 100.923: [Finalize Marking, 0.0001997 secs] 2020-09-29T12:34:33.565+0200: 100.923: [GC ref-proc, 0.0002974 secs] 2020-09-29T12:34:33.566+0200: 100.924: [Unloading, 0.0003895 secs], 0.0011780 secs]
 [Times: user=0.00 sys=0.00, real=0.00 secs] 
2020-09-29T12:34:33.567+0200: 100.925: [GC cleanup 989M->23M(2048M), 0.0011440 secs]
 [Times: user=0.00 sys=0.00, real=0.00 secs] 
2020-09-29T12:34:33.568+0200: 100.926: [GC concurrent-cleanup-start]
2020-09-29T12:34:33.569+0200: 100.927: [GC concurrent-cleanup-end, 0.0010376 secs]
2020-09-29T12:34:33.745+0200: 101.103: [GC pause (G1 Evacuation Pause) (young), 0.1595520 secs]
   [Parallel Time: 158.2 ms, GC Workers: 8]
      [GC Worker Start (ms): Min: 101103.5, Avg: 101103.6, Max: 101103.7, Diff: 0.2]
      [Ext Root Scanning (ms): Min: 0.0, Avg: 0.1, Max: 0.2, Diff: 0.2, Sum: 0.4]
      [Update RS (ms): Min: 14.5, Avg: 14.9, Max: 15.3, Diff: 0.8, Sum: 119.1]
         [Processed Buffers: Min: 17, Avg: 17.9, Max: 18, Diff: 1, Sum: 143]
      [Scan RS (ms): Min: 15.2, Avg: 15.6, Max: 15.9, Diff: 0.8, Sum: 124.7]
      [Code Root Scanning (ms): Min: 0.0, Avg: 0.0, Max: 0.0, Diff: 0.0, Sum: 0.0]
      [Object Copy (ms): Min: 127.2, Avg: 127.3, Max: 127.4, Diff: 0.2, Sum: 1018.6]
      [Termination (ms): Min: 0.0, Avg: 0.0, Max: 0.1, Diff: 0.1, Sum: 0.4]
         [Termination Attempts: Min: 1, Avg: 312.6, Max: 390, Diff: 389, Sum: 2501]
      [GC Worker Other (ms): Min: 0.0, Avg: 0.0, Max: 0.1, Diff: 0.1, Sum: 0.3]
      [GC Worker Total (ms): Min: 157.8, Avg: 157.9, Max: 158.1, Diff: 0.2, Sum: 1263.5]
      [GC Worker End (ms): Min: 101261.5, Avg: 101261.5, Max: 101261.6, Diff: 0.1]
   [Code Root Fixup: 0.0 ms]
   [Code Root Purge: 0.0 ms]
   [Clear CT: 0.2 ms]
   [Other: 1.1 ms]
      [Choose CSet: 0.0 ms]
      [Ref Proc: 0.2 ms]
      [Ref Enq: 0.0 ms]
      [Redirty Cards: 0.3 ms]
      [Humongous Register: 0.0 ms]
      [Humongous Reclaim: 0.0 ms]
      [Free CSet: 0.3 ms]
   [Eden: 343.0M(343.0M)->0.0B(320.0M) Survivors: 7168.0K->44.0M Heap: 414.7M(2048.0M)->410.7M(2048.0M)]
 [Times: user=1.25 sys=0.00, real=0.16 secs] 
2020-09-29T12:34:34.088+0200: 101.446: [GC pause (G1 Evacuation Pause) (young), 0.1715691 secs]
   [Parallel Time: 170.4 ms, GC Workers: 8]
      [GC Worker Start (ms): Min: 101446.1, Avg: 101446.2, Max: 101446.2, Diff: 0.1]
      [Ext Root Scanning (ms): Min: 0.0, Avg: 0.1, Max: 0.1, Diff: 0.1, Sum: 0.5]
      [Update RS (ms): Min: 21.6, Avg: 21.8, Max: 22.2, Diff: 0.6, Sum: 174.4]
         [Processed Buffers: Min: 23, Avg: 23.8, Max: 25, Diff: 2, Sum: 190]
      [Scan RS (ms): Min: 15.8, Avg: 16.2, Max: 16.4, Diff: 0.6, Sum: 129.6]
      [Code Root Scanning (ms): Min: 0.0, Avg: 0.0, Max: 0.0, Diff: 0.0, Sum: 0.0]
      [Object Copy (ms): Min: 132.1, Avg: 132.1, Max: 132.1, Diff: 0.1, Sum: 1056.8]
      [Termination (ms): Min: 0.0, Avg: 0.0, Max: 0.0, Diff: 0.0, Sum: 0.2]
         [Termination Attempts: Min: 1, Avg: 171.5, Max: 225, Diff: 224, Sum: 1372]
      [GC Worker Other (ms): Min: 0.0, Avg: 0.0, Max: 0.1, Diff: 0.1, Sum: 0.3]
      [GC Worker Total (ms): Min: 170.2, Avg: 170.2, Max: 170.3, Diff: 0.2, Sum: 1361.9]
      [GC Worker End (ms): Min: 101616.4, Avg: 101616.4, Max: 101616.4, Diff: 0.1]
   [Code Root Fixup: 0.0 ms]
   [Code Root Purge: 0.0 ms]
   [Clear CT: 0.2 ms]
   [Other: 1.0 ms]
      [Choose CSet: 0.0 ms]
      [Ref Proc: 0.2 ms]
      [Ref Enq: 0.0 ms]
      [Redirty Cards: 0.2 ms]
      [Humongous Register: 0.1 ms]
      [Humongous Reclaim: 0.0 ms]
      [Free CSet: 0.3 ms]
   [Eden: 320.0M(320.0M)->0.0B(316.0M) Survivors: 44.0M->46.0M Heap: 784.1M(2048.0M)->786.6M(2048.0M)]
 [Times: user=1.34 sys=0.00, real=0.17 secs] 
2020-09-29T12:34:34.441+0200: 101.798: [GC pause (G1 Evacuation Pause) (young), 0.1692018 secs]
   [Parallel Time: 167.4 ms, GC Workers: 8]
      [GC Worker Start (ms): Min: 101798.5, Avg: 101798.6, Max: 101798.7, Diff: 0.2]
      [Ext Root Scanning (ms): Min: 0.0, Avg: 0.1, Max: 0.2, Diff: 0.2, Sum: 0.4]
      [Update RS (ms): Min: 15.7, Avg: 16.0, Max: 16.8, Diff: 1.2, Sum: 128.1]
         [Processed Buffers: Min: 19, Avg: 19.6, Max: 21, Diff: 2, Sum: 157]
      [Scan RS (ms): Min: 15.5, Avg: 16.3, Max: 16.7, Diff: 1.2, Sum: 130.8]
      [Code Root Scanning (ms): Min: 0.0, Avg: 0.0, Max: 0.0, Diff: 0.0, Sum: 0.0]
      [Object Copy (ms): Min: 134.5, Avg: 134.6, Max: 134.7, Diff: 0.2, Sum: 1077.1]
      [Termination (ms): Min: 0.0, Avg: 0.1, Max: 0.1, Diff: 0.1, Sum: 0.5]
         [Termination Attempts: Min: 1, Avg: 475.5, Max: 598, Diff: 597, Sum: 3804]
      [GC Worker Other (ms): Min: 0.0, Avg: 0.1, Max: 0.1, Diff: 0.1, Sum: 0.4]
      [GC Worker Total (ms): Min: 167.1, Avg: 167.2, Max: 167.3, Diff: 0.3, Sum: 1337.4]
      [GC Worker End (ms): Min: 101965.8, Avg: 101965.8, Max: 101965.8, Diff: 0.1]
   [Code Root Fixup: 0.0 ms]
   [Code Root Purge: 0.0 ms]
   [Clear CT: 0.2 ms]
   [Other: 1.5 ms]
      [Choose CSet: 0.0 ms]
      [Ref Proc: 0.2 ms]
      [Ref Enq: 0.0 ms]
      [Redirty Cards: 0.9 ms]
      [Humongous Register: 0.0 ms]
      [Humongous Reclaim: 0.0 ms]
      [Free CSet: 0.2 ms]
   [Eden: 316.0M(316.0M)->0.0B(318.0M) Survivors: 46.0M->46.0M Heap: 1156.0M(2048.0M)->1158.0M(2048.0M)]
 [Times: user=1.38 sys=0.00, real=0.17 secs] 
2020-09-29T12:34:34.623+0200: 101.981: [GC pause (G1 Humongous Allocation) (young) (initial-mark), 0.0566933 secs]
   [Parallel Time: 55.5 ms, GC Workers: 8]
      [GC Worker Start (ms): Min: 101980.9, Avg: 101981.0, Max: 101981.1, Diff: 0.2]
      [Ext Root Scanning (ms): Min: 0.0, Avg: 0.3, Max: 0.4, Diff: 0.4, Sum: 2.2]
      [Update RS (ms): Min: 31.8, Avg: 32.0, Max: 32.5, Diff: 0.7, Sum: 256.4]
         [Processed Buffers: Min: 40, Avg: 41.1, Max: 42, Diff: 2, Sum: 329]
      [Scan RS (ms): Min: 2.3, Avg: 2.7, Max: 2.9, Diff: 0.6, Sum: 21.6]
      [Code Root Scanning (ms): Min: 0.0, Avg: 0.0, Max: 0.0, Diff: 0.0, Sum: 0.0]
      [Object Copy (ms): Min: 20.2, Avg: 20.2, Max: 20.3, Diff: 0.1, Sum: 162.0]
      [Termination (ms): Min: 0.0, Avg: 0.0, Max: 0.0, Diff: 0.0, Sum: 0.2]
         [Termination Attempts: Min: 1, Avg: 186.4, Max: 248, Diff: 247, Sum: 1491]
      [GC Worker Other (ms): Min: 0.0, Avg: 0.0, Max: 0.0, Diff: 0.0, Sum: 0.1]
      [GC Worker Total (ms): Min: 55.2, Avg: 55.3, Max: 55.4, Diff: 0.2, Sum: 442.5]
      [GC Worker End (ms): Min: 102036.3, Avg: 102036.3, Max: 102036.3, Diff: 0.0]
   [Code Root Fixup: 0.0 ms]
   [Code Root Purge: 0.0 ms]
   [Clear CT: 0.2 ms]
   [Other: 1.0 ms]
      [Choose CSet: 0.0 ms]
      [Ref Proc: 0.2 ms]
      [Ref Enq: 0.0 ms]
      [Redirty Cards: 0.3 ms]
      [Humongous Register: 0.1 ms]
      [Humongous Reclaim: 0.0 ms]
      [Free CSet: 0.1 ms]
   [Eden: 6144.0K(318.0M)->0.0B(333.0M) Survivors: 46.0M->8192.0K Heap: 1163.5M(2048.0M)->1167.0M(2048.0M)]
 [Times: user=0.50 sys=0.00, real=0.06 secs] 
2020-09-29T12:34:34.680+0200: 102.037: [GC concurrent-root-region-scan-start]
2020-09-29T12:34:34.681+0200: 102.039: [GC concurrent-root-region-scan-end, 0.0016100 secs]
2020-09-29T12:34:34.681+0200: 102.039: [GC concurrent-mark-start]
2020-09-29T12:34:34.685+0200: 102.043: [GC concurrent-mark-end, 0.0036511 secs]
2020-09-29T12:34:34.685+0200: 102.043: [GC remark 2020-09-29T12:34:34.685+0200: 102.043: [Finalize Marking, 0.0002069 secs] 2020-09-29T12:34:34.686+0200: 102.043: [GC ref-proc, 0.0002660 secs] 2020-09-29T12:34:34.686+0200: 102.043: [Unloading, 0.0004453 secs], 0.0012325 secs]
 [Times: user=0.00 sys=0.00, real=0.00 secs] 
2020-09-29T12:34:34.687+0200: 102.045: [GC cleanup 1178M->27M(2048M), 0.0013929 secs]
 [Times: user=0.00 sys=0.00, real=0.00 secs] 
2020-09-29T12:34:34.688+0200: 102.046: [GC concurrent-cleanup-start]
2020-09-29T12:34:34.691+0200: 102.048: [GC concurrent-cleanup-end, 0.0020628 secs]
2020-09-29T12:34:34.872+0200: 102.229: [GC pause (G1 Evacuation Pause) (young), 0.1635259 secs]
   [Parallel Time: 159.3 ms, GC Workers: 8]
      [GC Worker Start (ms): Min: 102229.0, Avg: 102229.2, Max: 102229.2, Diff: 0.2]
      [Ext Root Scanning (ms): Min: 0.0, Avg: 0.1, Max: 0.2, Diff: 0.2, Sum: 0.4]
      [Update RS (ms): Min: 18.0, Avg: 18.2, Max: 18.6, Diff: 0.6, Sum: 145.3]
         [Processed Buffers: Min: 18, Avg: 20.0, Max: 22, Diff: 4, Sum: 160]
      [Scan RS (ms): Min: 16.1, Avg: 16.5, Max: 16.7, Diff: 0.6, Sum: 131.8]
      [Code Root Scanning (ms): Min: 0.0, Avg: 0.0, Max: 0.0, Diff: 0.0, Sum: 0.0]
      [Object Copy (ms): Min: 124.3, Avg: 124.3, Max: 124.4, Diff: 0.1, Sum: 994.5]
      [Termination (ms): Min: 0.0, Avg: 0.0, Max: 0.0, Diff: 0.0, Sum: 0.2]
         [Termination Attempts: Min: 1, Avg: 145.4, Max: 182, Diff: 181, Sum: 1163]
      [GC Worker Other (ms): Min: 0.0, Avg: 0.0, Max: 0.1, Diff: 0.1, Sum: 0.3]
      [GC Worker Total (ms): Min: 159.0, Avg: 159.1, Max: 159.2, Diff: 0.2, Sum: 1272.5]
      [GC Worker End (ms): Min: 102388.2, Avg: 102388.2, Max: 102388.3, Diff: 0.1]
   [Code Root Fixup: 0.0 ms]
   [Code Root Purge: 0.0 ms]
   [Clear CT: 0.4 ms]
   [Other: 3.8 ms]
      [Choose CSet: 0.0 ms]
      [Ref Proc: 0.2 ms]
      [Ref Enq: 0.0 ms]
      [Redirty Cards: 3.1 ms]
      [Humongous Register: 0.0 ms]
      [Humongous Reclaim: 0.0 ms]
      [Free CSet: 0.2 ms]
   [Eden: 333.0M(333.0M)->0.0B(331.0M) Survivors: 8192.0K->43.0M Heap: 405.7M(2048.0M)->400.7M(2048.0M)]
 [Times: user=1.25 sys=0.00, real=0.16 secs] 
2020-09-29T12:34:35.217+0200: 102.574: [GC pause (G1 Evacuation Pause) (young), 0.1721021 secs]
   [Parallel Time: 170.8 ms, GC Workers: 8]
      [GC Worker Start (ms): Min: 102574.2, Avg: 102574.3, Max: 102574.4, Diff: 0.2]
      [Ext Root Scanning (ms): Min: 0.0, Avg: 0.1, Max: 0.2, Diff: 0.2, Sum: 0.4]
      [Update RS (ms): Min: 17.5, Avg: 17.5, Max: 17.8, Diff: 0.3, Sum: 140.4]
         [Processed Buffers: Min: 20, Avg: 21.8, Max: 25, Diff: 5, Sum: 174]
      [Scan RS (ms): Min: 17.9, Avg: 18.1, Max: 18.2, Diff: 0.3, Sum: 145.0]
      [Code Root Scanning (ms): Min: 0.0, Avg: 0.0, Max: 0.0, Diff: 0.0, Sum: 0.0]
      [Object Copy (ms): Min: 134.6, Avg: 134.7, Max: 134.7, Diff: 0.1, Sum: 1077.5]
      [Termination (ms): Min: 0.0, Avg: 0.0, Max: 0.1, Diff: 0.1, Sum: 0.3]
         [Termination Attempts: Min: 1, Avg: 266.4, Max: 334, Diff: 333, Sum: 2131]
      [GC Worker Other (ms): Min: 0.0, Avg: 0.0, Max: 0.1, Diff: 0.1, Sum: 0.3]
      [GC Worker Total (ms): Min: 170.4, Avg: 170.5, Max: 170.7, Diff: 0.2, Sum: 1364.0]
      [GC Worker End (ms): Min: 102744.8, Avg: 102744.9, Max: 102744.9, Diff: 0.1]
   [Code Root Fixup: 0.0 ms]
   [Code Root Purge: 0.0 ms]
   [Clear CT: 0.2 ms]
   [Other: 1.2 ms]
      [Choose CSet: 0.0 ms]
      [Ref Proc: 0.2 ms]
      [Ref Enq: 0.0 ms]
      [Redirty Cards: 0.3 ms]
      [Humongous Register: 0.1 ms]
      [Humongous Reclaim: 0.0 ms]
      [Free CSet: 0.4 ms]
   [Eden: 331.0M(331.0M)->0.0B(326.0M) Survivors: 43.0M->47.0M Heap: 787.0M(2048.0M)->789.0M(2048.0M)]
 [Times: user=1.38 sys=0.00, real=0.17 secs] 
2020-09-29T12:34:35.568+0200: 102.926: [GC pause (G1 Evacuation Pause) (young), 0.1757019 secs]
   [Parallel Time: 174.7 ms, GC Workers: 8]
      [GC Worker Start (ms): Min: 102926.0, Avg: 102926.0, Max: 102926.1, Diff: 0.2]
      [Ext Root Scanning (ms): Min: 0.0, Avg: 0.1, Max: 0.1, Diff: 0.1, Sum: 0.5]
      [Update RS (ms): Min: 21.1, Avg: 21.3, Max: 21.5, Diff: 0.5, Sum: 170.2]
         [Processed Buffers: Min: 25, Avg: 26.6, Max: 29, Diff: 4, Sum: 213]
      [Scan RS (ms): Min: 15.2, Avg: 15.5, Max: 15.7, Diff: 0.5, Sum: 123.7]
      [Code Root Scanning (ms): Min: 0.0, Avg: 0.0, Max: 0.0, Diff: 0.0, Sum: 0.0]
      [Object Copy (ms): Min: 137.5, Avg: 137.6, Max: 137.7, Diff: 0.1, Sum: 1100.9]
      [Termination (ms): Min: 0.0, Avg: 0.1, Max: 0.1, Diff: 0.1, Sum: 0.6]
         [Termination Attempts: Min: 1, Avg: 514.0, Max: 722, Diff: 721, Sum: 4112]
      [GC Worker Other (ms): Min: 0.0, Avg: 0.0, Max: 0.1, Diff: 0.1, Sum: 0.3]
      [GC Worker Total (ms): Min: 174.4, Avg: 174.5, Max: 174.6, Diff: 0.2, Sum: 1396.2]
      [GC Worker End (ms): Min: 103100.5, Avg: 103100.6, Max: 103100.6, Diff: 0.1]
   [Code Root Fixup: 0.0 ms]
   [Code Root Purge: 0.0 ms]
   [Clear CT: 0.2 ms]
   [Other: 0.8 ms]
      [Choose CSet: 0.0 ms]
      [Ref Proc: 0.1 ms]
      [Ref Enq: 0.0 ms]
      [Redirty Cards: 0.2 ms]
      [Humongous Register: 0.1 ms]
      [Humongous Reclaim: 0.0 ms]
      [Free CSet: 0.3 ms]
   [Eden: 326.0M(326.0M)->0.0B(326.0M) Survivors: 47.0M->47.0M Heap: 1168.4M(2048.0M)->1169.9M(2048.0M)]
 [Times: user=1.38 sys=0.00, real=0.18 secs] 
2020-09-29T12:34:35.764+0200: 103.122: [GC pause (G1 Humongous Allocation) (young) (initial-mark), 0.0707680 secs]
   [Parallel Time: 69.9 ms, GC Workers: 8]
      [GC Worker Start (ms): Min: 103121.9, Avg: 103122.0, Max: 103122.1, Diff: 0.2]
      [Ext Root Scanning (ms): Min: 0.1, Avg: 2.3, Max: 16.9, Diff: 16.8, Sum: 18.3]
      [Update RS (ms): Min: 12.0, Avg: 27.3, Max: 31.9, Diff: 19.9, Sum: 218.1]
         [Processed Buffers: Min: 18, Avg: 32.9, Max: 39, Diff: 21, Sum: 263]
      [Scan RS (ms): Min: 0.3, Avg: 2.9, Max: 4.0, Diff: 3.7, Sum: 23.3]
      [Code Root Scanning (ms): Min: 0.0, Avg: 0.0, Max: 0.0, Diff: 0.0, Sum: 0.0]
      [Object Copy (ms): Min: 36.5, Avg: 37.1, Max: 37.4, Diff: 0.9, Sum: 297.1]
      [Termination (ms): Min: 0.0, Avg: 0.2, Max: 0.3, Diff: 0.3, Sum: 1.6]
         [Termination Attempts: Min: 1, Avg: 1630.6, Max: 2162, Diff: 2161, Sum: 13045]
      [GC Worker Other (ms): Min: 0.0, Avg: 0.0, Max: 0.0, Diff: 0.0, Sum: 0.1]
      [GC Worker Total (ms): Min: 69.7, Avg: 69.8, Max: 69.9, Diff: 0.2, Sum: 558.5]
      [GC Worker End (ms): Min: 103191.8, Avg: 103191.8, Max: 103191.8, Diff: 0.0]
   [Code Root Fixup: 0.0 ms]
   [Code Root Purge: 0.0 ms]
   [Clear CT: 0.2 ms]
   [Other: 0.7 ms]
      [Choose CSet: 0.0 ms]
      [Ref Proc: 0.2 ms]
      [Ref Enq: 0.0 ms]
      [Redirty Cards: 0.2 ms]
      [Humongous Register: 0.0 ms]
      [Humongous Reclaim: 0.0 ms]
      [Free CSet: 0.1 ms]
   [Eden: 6144.0K(326.0M)->0.0B(275.0M) Survivors: 47.0M->8192.0K Heap: 1175.9M(2048.0M)->1179.4M(2048.0M)]
 [Times: user=0.56 sys=0.00, real=0.07 secs] 
2020-09-29T12:34:35.835+0200: 103.193: [GC concurrent-root-region-scan-start]
2020-09-29T12:34:35.837+0200: 103.194: [GC concurrent-root-region-scan-end, 0.0013106 secs]
2020-09-29T12:34:35.837+0200: 103.194: [GC concurrent-mark-start]
2020-09-29T12:34:35.839+0200: 103.197: [GC concurrent-mark-end, 0.0029275 secs]
2020-09-29T12:34:35.840+0200: 103.197: [GC remark 2020-09-29T12:34:35.840+0200: 103.197: [Finalize Marking, 0.0003132 secs] 2020-09-29T12:34:35.840+0200: 103.197: [GC ref-proc, 0.0003116 secs] 2020-09-29T12:34:35.840+0200: 103.198: [Unloading, 0.0004502 secs], 0.0014981 secs]
 [Times: user=0.00 sys=0.00, real=0.00 secs] 
2020-09-29T12:34:35.842+0200: 103.199: [GC cleanup 1189M->25M(2048M), 0.0015482 secs]
 [Times: user=0.00 sys=0.00, real=0.00 secs] 
2020-09-29T12:34:35.843+0200: 103.201: [GC concurrent-cleanup-start]
2020-09-29T12:34:35.845+0200: 103.203: [GC concurrent-cleanup-end, 0.0021481 secs]
2020-09-29T12:34:35.987+0200: 103.344: [GC pause (G1 Evacuation Pause) (young), 0.1297684 secs]
   [Parallel Time: 128.7 ms, GC Workers: 8]
      [GC Worker Start (ms): Min: 103344.3, Avg: 103344.4, Max: 103344.4, Diff: 0.2]
      [Ext Root Scanning (ms): Min: 0.0, Avg: 0.1, Max: 0.2, Diff: 0.2, Sum: 0.5]
      [Update RS (ms): Min: 14.4, Avg: 14.6, Max: 15.0, Diff: 0.6, Sum: 116.6]
         [Processed Buffers: Min: 17, Avg: 18.3, Max: 19, Diff: 2, Sum: 146]
      [Scan RS (ms): Min: 11.1, Avg: 11.6, Max: 11.8, Diff: 0.6, Sum: 92.7]
      [Code Root Scanning (ms): Min: 0.0, Avg: 0.0, Max: 0.0, Diff: 0.0, Sum: 0.0]
      [Object Copy (ms): Min: 102.2, Avg: 102.2, Max: 102.3, Diff: 0.1, Sum: 817.9]
      [Termination (ms): Min: 0.0, Avg: 0.0, Max: 0.0, Diff: 0.0, Sum: 0.1]
         [Termination Attempts: Min: 1, Avg: 123.9, Max: 162, Diff: 161, Sum: 991]
      [GC Worker Other (ms): Min: 0.0, Avg: 0.0, Max: 0.1, Diff: 0.1, Sum: 0.3]
      [GC Worker Total (ms): Min: 128.4, Avg: 128.5, Max: 128.7, Diff: 0.2, Sum: 1028.2]
      [GC Worker End (ms): Min: 103472.9, Avg: 103472.9, Max: 103472.9, Diff: 0.1]
   [Code Root Fixup: 0.0 ms]
   [Code Root Purge: 0.0 ms]
   [Clear CT: 0.2 ms]
   [Other: 0.9 ms]
      [Choose CSet: 0.0 ms]
      [Ref Proc: 0.1 ms]
      [Ref Enq: 0.0 ms]
      [Redirty Cards: 0.3 ms]
      [Humongous Register: 0.0 ms]
      [Humongous Reclaim: 0.0 ms]
      [Free CSet: 0.2 ms]
   [Eden: 275.0M(275.0M)->0.0B(279.0M) Survivors: 8192.0K->36.0M Heap: 338.2M(2048.0M)->333.2M(2048.0M)]
 [Times: user=1.13 sys=0.00, real=0.13 secs] 
2020-09-29T12:34:36.258+0200: 103.615: [GC pause (G1 Evacuation Pause) (young), 0.1480456 secs]
   [Parallel Time: 146.9 ms, GC Workers: 8]
      [GC Worker Start (ms): Min: 103615.4, Avg: 103615.5, Max: 103615.6, Diff: 0.2]
      [Ext Root Scanning (ms): Min: 0.0, Avg: 0.0, Max: 0.2, Diff: 0.2, Sum: 0.4]
      [Update RS (ms): Min: 18.5, Avg: 18.5, Max: 18.7, Diff: 0.3, Sum: 148.3]
         [Processed Buffers: Min: 20, Avg: 22.6, Max: 25, Diff: 5, Sum: 181]
      [Scan RS (ms): Min: 11.4, Avg: 11.7, Max: 11.8, Diff: 0.3, Sum: 93.3]
      [Code Root Scanning (ms): Min: 0.0, Avg: 0.0, Max: 0.0, Diff: 0.0, Sum: 0.0]
      [Object Copy (ms): Min: 116.2, Avg: 116.3, Max: 116.3, Diff: 0.1, Sum: 930.2]
      [Termination (ms): Min: 0.0, Avg: 0.1, Max: 0.1, Diff: 0.1, Sum: 0.7]
         [Termination Attempts: Min: 1, Avg: 574.6, Max: 876, Diff: 875, Sum: 4597]
      [GC Worker Other (ms): Min: 0.0, Avg: 0.0, Max: 0.1, Diff: 0.0, Sum: 0.3]
      [GC Worker Total (ms): Min: 146.6, Avg: 146.6, Max: 146.8, Diff: 0.2, Sum: 1173.2]
      [GC Worker End (ms): Min: 103762.2, Avg: 103762.2, Max: 103762.2, Diff: 0.0]
   [Code Root Fixup: 0.0 ms]
   [Code Root Purge: 0.0 ms]
   [Clear CT: 0.2 ms]
   [Other: 1.0 ms]
      [Choose CSet: 0.0 ms]
      [Ref Proc: 0.2 ms]
      [Ref Enq: 0.0 ms]
      [Redirty Cards: 0.2 ms]
      [Humongous Register: 0.0 ms]
      [Humongous Reclaim: 0.0 ms]
      [Free CSet: 0.3 ms]
   [Eden: 279.0M(279.0M)->0.0B(292.0M) Survivors: 36.0M->40.0M Heap: 658.0M(2048.0M)->660.0M(2048.0M)]
 [Times: user=1.11 sys=0.01, real=0.15 secs] 
2020-09-29T12:34:36.564+0200: 103.921: [GC pause (G1 Evacuation Pause) (young), 0.1519821 secs]
   [Parallel Time: 150.8 ms, GC Workers: 8]
      [GC Worker Start (ms): Min: 103921.1, Avg: 103921.2, Max: 103921.3, Diff: 0.2]
      [Ext Root Scanning (ms): Min: 0.0, Avg: 0.1, Max: 0.1, Diff: 0.1, Sum: 0.6]
      [Update RS (ms): Min: 18.2, Avg: 18.3, Max: 18.5, Diff: 0.3, Sum: 146.7]
         [Processed Buffers: Min: 22, Avg: 22.3, Max: 24, Diff: 2, Sum: 178]
      [Scan RS (ms): Min: 12.4, Avg: 12.6, Max: 12.8, Diff: 0.4, Sum: 101.2]
      [Code Root Scanning (ms): Min: 0.0, Avg: 0.0, Max: 0.0, Diff: 0.0, Sum: 0.0]
      [Object Copy (ms): Min: 119.4, Avg: 119.5, Max: 119.5, Diff: 0.1, Sum: 955.9]
      [Termination (ms): Min: 0.0, Avg: 0.0, Max: 0.0, Diff: 0.0, Sum: 0.0]
         [Termination Attempts: Min: 1, Avg: 7.5, Max: 11, Diff: 10, Sum: 60]
      [GC Worker Other (ms): Min: 0.0, Avg: 0.1, Max: 0.1, Diff: 0.1, Sum: 0.4]
      [GC Worker Total (ms): Min: 150.5, Avg: 150.6, Max: 150.6, Diff: 0.2, Sum: 1204.7]
      [GC Worker End (ms): Min: 104071.8, Avg: 104071.8, Max: 104071.8, Diff: 0.1]
   [Code Root Fixup: 0.0 ms]
   [Code Root Purge: 0.0 ms]
   [Clear CT: 0.2 ms]
   [Other: 1.0 ms]
      [Choose CSet: 0.0 ms]
      [Ref Proc: 0.2 ms]
      [Ref Enq: 0.0 ms]
      [Redirty Cards: 0.3 ms]
      [Humongous Register: 0.1 ms]
      [Humongous Reclaim: 0.0 ms]
      [Free CSet: 0.2 ms]
   [Eden: 292.0M(292.0M)->0.0B(307.0M) Survivors: 40.0M->42.0M Heap: 999.6M(2048.0M)->1001.6M(2048.0M)]
 [Times: user=1.25 sys=0.00, real=0.15 secs] 
2020-09-29T12:34:36.716+0200: 104.074: [GC pause (G1 Humongous Allocation) (young) (initial-mark), 0.0864696 secs]
   [Parallel Time: 85.7 ms, GC Workers: 8]
      [GC Worker Start (ms): Min: 104073.9, Avg: 104074.0, Max: 104074.1, Diff: 0.1]
      [Ext Root Scanning (ms): Min: 0.0, Avg: 1.2, Max: 9.0, Diff: 9.0, Sum: 9.9]
      [Update RS (ms): Min: 39.8, Avg: 47.6, Max: 50.1, Diff: 10.4, Sum: 381.0]
         [Processed Buffers: Min: 32, Avg: 56.1, Max: 68, Diff: 36, Sum: 449]
      [Scan RS (ms): Min: 0.0, Avg: 0.0, Max: 0.0, Diff: 0.0, Sum: 0.0]
      [Code Root Scanning (ms): Min: 0.0, Avg: 0.0, Max: 0.0, Diff: 0.0, Sum: 0.0]
      [Object Copy (ms): Min: 34.7, Avg: 36.1, Max: 36.5, Diff: 1.8, Sum: 289.1]
      [Termination (ms): Min: 0.1, Avg: 0.4, Max: 0.6, Diff: 0.6, Sum: 3.5]
         [Termination Attempts: Min: 1, Avg: 2743.8, Max: 3714, Diff: 3713, Sum: 21950]
      [GC Worker Other (ms): Min: 0.0, Avg: 0.0, Max: 0.0, Diff: 0.0, Sum: 0.1]
      [GC Worker Total (ms): Min: 85.4, Avg: 85.4, Max: 85.5, Diff: 0.1, Sum: 683.6]
      [GC Worker End (ms): Min: 104159.4, Avg: 104159.4, Max: 104159.4, Diff: 0.0]
   [Code Root Fixup: 0.0 ms]
   [Code Root Purge: 0.0 ms]
   [Clear CT: 0.1 ms]
   [Other: 0.7 ms]
      [Choose CSet: 0.0 ms]
      [Ref Proc: 0.2 ms]
      [Ref Enq: 0.0 ms]
      [Redirty Cards: 0.1 ms]
      [Humongous Register: 0.1 ms]
      [Humongous Reclaim: 0.0 ms]
      [Free CSet: 0.0 ms]
   [Eden: 1024.0K(307.0M)->0.0B(240.0M) Survivors: 42.0M->3072.0K Heap: 1002.6M(2048.0M)->1005.6M(2048.0M)]
 [Times: user=0.69 sys=0.00, real=0.09 secs] 
2020-09-29T12:34:36.803+0200: 104.160: [GC concurrent-root-region-scan-start]
2020-09-29T12:34:36.803+0200: 104.161: [GC concurrent-root-region-scan-end, 0.0003823 secs]
2020-09-29T12:34:36.803+0200: 104.161: [GC concurrent-mark-start]
2020-09-29T12:34:36.806+0200: 104.163: [GC concurrent-mark-end, 0.0025281 secs]
2020-09-29T12:34:36.806+0200: 104.163: [GC remark 2020-09-29T12:34:36.806+0200: 104.163: [Finalize Marking, 0.0001958 secs] 2020-09-29T12:34:36.806+0200: 104.164: [GC ref-proc, 0.0002986 secs] 2020-09-29T12:34:36.806+0200: 104.164: [Unloading, 0.0004108 secs], 0.0011995 secs]
 [Times: user=0.00 sys=0.00, real=0.00 secs] 
2020-09-29T12:34:36.807+0200: 104.165: [GC cleanup 1013M->18M(2048M), 0.0012690 secs]
 [Times: user=0.00 sys=0.00, real=0.00 secs] 
2020-09-29T12:34:36.809+0200: 104.166: [GC concurrent-cleanup-start]
2020-09-29T12:34:36.810+0200: 104.167: [GC concurrent-cleanup-end, 0.0012083 secs]
2020-09-29T12:34:36.933+0200: 104.291: [GC pause (G1 Evacuation Pause) (young), 0.1205753 secs]
   [Parallel Time: 118.5 ms, GC Workers: 8]
      [GC Worker Start (ms): Min: 104291.1, Avg: 104291.2, Max: 104291.3, Diff: 0.2]
      [Ext Root Scanning (ms): Min: 0.0, Avg: 0.1, Max: 0.2, Diff: 0.2, Sum: 0.5]
      [Update RS (ms): Min: 19.2, Avg: 19.4, Max: 19.8, Diff: 0.6, Sum: 155.5]
         [Processed Buffers: Min: 21, Avg: 21.5, Max: 22, Diff: 1, Sum: 172]
      [Scan RS (ms): Min: 7.2, Avg: 7.6, Max: 7.8, Diff: 0.6, Sum: 61.1]
      [Code Root Scanning (ms): Min: 0.0, Avg: 0.0, Max: 0.0, Diff: 0.0, Sum: 0.0]
      [Object Copy (ms): Min: 91.0, Avg: 91.1, Max: 91.1, Diff: 0.1, Sum: 728.5]
      [Termination (ms): Min: 0.0, Avg: 0.0, Max: 0.0, Diff: 0.0, Sum: 0.2]
         [Termination Attempts: Min: 1, Avg: 158.6, Max: 201, Diff: 200, Sum: 1269]
      [GC Worker Other (ms): Min: 0.0, Avg: 0.0, Max: 0.1, Diff: 0.1, Sum: 0.4]
      [GC Worker Total (ms): Min: 118.2, Avg: 118.3, Max: 118.4, Diff: 0.2, Sum: 946.2]
      [GC Worker End (ms): Min: 104409.4, Avg: 104409.5, Max: 104409.5, Diff: 0.1]
   [Code Root Fixup: 0.0 ms]
   [Code Root Purge: 0.0 ms]
   [Clear CT: 0.8 ms]
   [Other: 1.3 ms]
      [Choose CSet: 0.0 ms]
      [Ref Proc: 0.2 ms]
      [Ref Enq: 0.0 ms]
      [Redirty Cards: 0.6 ms]
      [Humongous Register: 0.1 ms]
      [Humongous Reclaim: 0.0 ms]
      [Free CSet: 0.2 ms]
   [Eden: 240.0M(240.0M)->0.0B(244.0M) Survivors: 3072.0K->31.0M Heap: 290.6M(2048.0M)->289.6M(2048.0M)]
 [Times: user=1.00 sys=0.00, real=0.12 secs] 
2020-09-29T12:34:37.181+0200: 104.539: [GC pause (G1 Evacuation Pause) (young), 0.1303538 secs]
   [Parallel Time: 129.3 ms, GC Workers: 8]
      [GC Worker Start (ms): Min: 104538.9, Avg: 104539.1, Max: 104539.1, Diff: 0.2]
      [Ext Root Scanning (ms): Min: 0.0, Avg: 0.1, Max: 0.2, Diff: 0.2, Sum: 0.5]
      [Update RS (ms): Min: 20.4, Avg: 20.5, Max: 20.9, Diff: 0.5, Sum: 164.1]
         [Processed Buffers: Min: 23, Avg: 24.5, Max: 27, Diff: 4, Sum: 196]
      [Scan RS (ms): Min: 8.6, Avg: 9.0, Max: 9.2, Diff: 0.6, Sum: 72.3]
      [Code Root Scanning (ms): Min: 0.0, Avg: 0.0, Max: 0.0, Diff: 0.0, Sum: 0.0]
      [Object Copy (ms): Min: 99.3, Avg: 99.4, Max: 99.4, Diff: 0.1, Sum: 795.0]
      [Termination (ms): Min: 0.0, Avg: 0.0, Max: 0.0, Diff: 0.0, Sum: 0.1]
         [Termination Attempts: Min: 1, Avg: 58.0, Max: 84, Diff: 83, Sum: 464]
      [GC Worker Other (ms): Min: 0.0, Avg: 0.0, Max: 0.1, Diff: 0.1, Sum: 0.4]
      [GC Worker Total (ms): Min: 129.0, Avg: 129.0, Max: 129.2, Diff: 0.2, Sum: 1032.4]
      [GC Worker End (ms): Min: 104668.1, Avg: 104668.1, Max: 104668.1, Diff: 0.1]
   [Code Root Fixup: 0.0 ms]
   [Code Root Purge: 0.0 ms]
   [Clear CT: 0.2 ms]
   [Other: 0.8 ms]
      [Choose CSet: 0.0 ms]
      [Ref Proc: 0.2 ms]
      [Ref Enq: 0.0 ms]
      [Redirty Cards: 0.2 ms]
      [Humongous Register: 0.0 ms]
      [Humongous Reclaim: 0.0 ms]
      [Free CSet: 0.2 ms]
   [Eden: 244.0M(244.0M)->0.0B(265.0M) Survivors: 31.0M->35.0M Heap: 575.5M(2048.0M)->577.0M(2048.0M)]
 [Times: user=1.00 sys=0.00, real=0.13 secs] 
2020-09-29T12:34:37.456+0200: 104.813: [GC pause (G1 Evacuation Pause) (young), 0.1428009 secs]
   [Parallel Time: 140.4 ms, GC Workers: 8]
      [GC Worker Start (ms): Min: 104813.2, Avg: 104813.3, Max: 104813.4, Diff: 0.2]
      [Ext Root Scanning (ms): Min: 0.0, Avg: 0.1, Max: 0.2, Diff: 0.2, Sum: 0.5]
      [Update RS (ms): Min: 20.0, Avg: 20.2, Max: 20.3, Diff: 0.3, Sum: 161.5]
         [Processed Buffers: Min: 23, Avg: 23.6, Max: 25, Diff: 2, Sum: 189]
      [Scan RS (ms): Min: 10.1, Avg: 10.3, Max: 10.4, Diff: 0.3, Sum: 82.5]
      [Code Root Scanning (ms): Min: 0.0, Avg: 0.0, Max: 0.0, Diff: 0.0, Sum: 0.0]
      [Object Copy (ms): Min: 109.5, Avg: 109.5, Max: 109.6, Diff: 0.1, Sum: 876.3]
      [Termination (ms): Min: 0.0, Avg: 0.0, Max: 0.1, Diff: 0.1, Sum: 0.4]
         [Termination Attempts: Min: 1, Avg: 312.8, Max: 486, Diff: 485, Sum: 2502]
      [GC Worker Other (ms): Min: 0.0, Avg: 0.0, Max: 0.1, Diff: 0.1, Sum: 0.4]
      [GC Worker Total (ms): Min: 140.1, Avg: 140.2, Max: 140.3, Diff: 0.2, Sum: 1121.5]
      [GC Worker End (ms): Min: 104953.5, Avg: 104953.5, Max: 104953.6, Diff: 0.1]
   [Code Root Fixup: 0.0 ms]
   [Code Root Purge: 0.0 ms]
   [Clear CT: 0.1 ms]
   [Other: 2.2 ms]
      [Choose CSet: 0.0 ms]
      [Ref Proc: 0.3 ms]
      [Ref Enq: 0.0 ms]
      [Redirty Cards: 1.4 ms]
      [Humongous Register: 0.1 ms]
      [Humongous Reclaim: 0.0 ms]
      [Free CSet: 0.3 ms]
   [Eden: 265.0M(265.0M)->0.0B(285.0M) Survivors: 35.0M->38.0M Heap: 885.9M(2048.0M)->887.9M(2048.0M)]
 [Times: user=1.14 sys=0.00, real=0.14 secs] 
2020-09-29T12:34:37.737+0200: 105.095: [GC pause (G1 Evacuation Pause) (young), 0.1420272 secs]
   [Parallel Time: 140.7 ms, GC Workers: 8]
      [GC Worker Start (ms): Min: 105094.9, Avg: 105095.0, Max: 105095.0, Diff: 0.2]
      [Ext Root Scanning (ms): Min: 0.0, Avg: 0.1, Max: 0.2, Diff: 0.2, Sum: 0.5]
      [Update RS (ms): Min: 14.2, Avg: 14.3, Max: 14.5, Diff: 0.3, Sum: 114.4]
         [Processed Buffers: Min: 17, Avg: 18.0, Max: 19, Diff: 2, Sum: 144]
      [Scan RS (ms): Min: 12.9, Avg: 13.1, Max: 13.2, Diff: 0.3, Sum: 104.5]
      [Code Root Scanning (ms): Min: 0.0, Avg: 0.0, Max: 0.0, Diff: 0.0, Sum: 0.0]
      [Object Copy (ms): Min: 112.9, Avg: 112.9, Max: 113.0, Diff: 0.1, Sum: 903.6]
      [Termination (ms): Min: 0.0, Avg: 0.0, Max: 0.0, Diff: 0.0, Sum: 0.2]
         [Termination Attempts: Min: 1, Avg: 164.8, Max: 245, Diff: 244, Sum: 1318]
      [GC Worker Other (ms): Min: 0.0, Avg: 0.0, Max: 0.1, Diff: 0.0, Sum: 0.3]
      [GC Worker Total (ms): Min: 140.3, Avg: 140.4, Max: 140.5, Diff: 0.2, Sum: 1123.4]
      [GC Worker End (ms): Min: 105235.4, Avg: 105235.4, Max: 105235.4, Diff: 0.0]
   [Code Root Fixup: 0.0 ms]
   [Code Root Purge: 0.0 ms]
   [Clear CT: 0.3 ms]
   [Other: 1.1 ms]
      [Choose CSet: 0.0 ms]
      [Ref Proc: 0.2 ms]
      [Ref Enq: 0.0 ms]
      [Redirty Cards: 0.3 ms]
      [Humongous Register: 0.1 ms]
      [Humongous Reclaim: 0.0 ms]
      [Free CSet: 0.3 ms]
   [Eden: 276.0M(276.0M)->0.0B(307.0M) Survivors: 38.0M->40.0M Heap: 1209.7M(2048.0M)->1211.2M(2048.0M)]
 [Times: user=1.13 sys=0.00, real=0.14 secs] 
2020-09-29T12:34:37.888+0200: 105.246: [GC pause (G1 Humongous Allocation) (young) (initial-mark), 0.0600515 secs]
   [Parallel Time: 59.2 ms, GC Workers: 8]
      [GC Worker Start (ms): Min: 105245.8, Avg: 105245.9, Max: 105246.0, Diff: 0.2]
      [Ext Root Scanning (ms): Min: 0.0, Avg: 3.2, Max: 12.4, Diff: 12.3, Sum: 25.7]
      [Update RS (ms): Min: 24.7, Avg: 34.1, Max: 37.5, Diff: 12.8, Sum: 272.8]
         [Processed Buffers: Min: 27, Avg: 39.9, Max: 45, Diff: 18, Sum: 319]
      [Scan RS (ms): Min: 1.9, Avg: 2.3, Max: 2.5, Diff: 0.6, Sum: 18.7]
      [Code Root Scanning (ms): Min: 0.0, Avg: 0.0, Max: 0.0, Diff: 0.0, Sum: 0.0]
      [Object Copy (ms): Min: 19.3, Avg: 19.3, Max: 19.3, Diff: 0.1, Sum: 154.4]
      [Termination (ms): Min: 0.0, Avg: 0.0, Max: 0.0, Diff: 0.0, Sum: 0.0]
         [Termination Attempts: Min: 1, Avg: 27.6, Max: 39, Diff: 38, Sum: 221]
      [GC Worker Other (ms): Min: 0.0, Avg: 0.0, Max: 0.0, Diff: 0.0, Sum: 0.1]
      [GC Worker Total (ms): Min: 58.9, Avg: 59.0, Max: 59.1, Diff: 0.2, Sum: 471.9]
      [GC Worker End (ms): Min: 105304.9, Avg: 105304.9, Max: 105304.9, Diff: 0.0]
   [Code Root Fixup: 0.0 ms]
   [Code Root Purge: 0.0 ms]
   [Clear CT: 0.2 ms]
   [Other: 0.7 ms]
      [Choose CSet: 0.0 ms]
      [Ref Proc: 0.2 ms]
      [Ref Enq: 0.0 ms]
      [Redirty Cards: 0.2 ms]
      [Humongous Register: 0.1 ms]
      [Humongous Reclaim: 0.0 ms]
      [Free CSet: 0.1 ms]
   [Eden: 6144.0K(307.0M)->0.0B(306.0M) Survivors: 40.0M->8192.0K Heap: 1216.7M(2048.0M)->1220.7M(2048.0M)]
 [Times: user=0.44 sys=0.02, real=0.06 secs] 
2020-09-29T12:34:37.948+0200: 105.306: [GC concurrent-root-region-scan-start]
2020-09-29T12:34:37.949+0200: 105.307: [GC concurrent-root-region-scan-end, 0.0012273 secs]
2020-09-29T12:34:37.949+0200: 105.307: [GC concurrent-mark-start]
2020-09-29T12:34:37.952+0200: 105.310: [GC concurrent-mark-end, 0.0026140 secs]
2020-09-29T12:34:37.952+0200: 105.310: [GC remark 2020-09-29T12:34:37.952+0200: 105.310: [Finalize Marking, 0.0001935 secs] 2020-09-29T12:34:37.952+0200: 105.310: [GC ref-proc, 0.0002881 secs] 2020-09-29T12:34:37.953+0200: 105.310: [Unloading, 0.0003750 secs], 0.0012012 secs]
 [Times: user=0.00 sys=0.00, real=0.00 secs] 
2020-09-29T12:34:37.954+0200: 105.311: [GC cleanup 1228M->23M(2048M), 0.0014985 secs]
 [Times: user=0.00 sys=0.00, real=0.00 secs] 
2020-09-29T12:34:37.955+0200: 105.313: [GC concurrent-cleanup-start]
2020-09-29T12:34:37.958+0200: 105.315: [GC concurrent-cleanup-end, 0.0024734 secs]
2020-09-29T12:34:38.127+0200: 105.484: [GC pause (G1 Evacuation Pause) (young), 0.2147079 secs]
   [Parallel Time: 213.2 ms, GC Workers: 8]
      [GC Worker Start (ms): Min: 105484.5, Avg: 105484.7, Max: 105484.7, Diff: 0.2]
      [Ext Root Scanning (ms): Min: 0.0, Avg: 0.1, Max: 0.2, Diff: 0.2, Sum: 0.7]
      [Update RS (ms): Min: 19.5, Avg: 20.0, Max: 20.3, Diff: 0.8, Sum: 159.9]
         [Processed Buffers: Min: 16, Avg: 16.6, Max: 19, Diff: 3, Sum: 133]
      [Scan RS (ms): Min: 20.2, Avg: 20.6, Max: 21.0, Diff: 0.8, Sum: 164.7]
      [Code Root Scanning (ms): Min: 0.0, Avg: 0.0, Max: 0.0, Diff: 0.0, Sum: 0.0]
      [Object Copy (ms): Min: 172.1, Avg: 172.2, Max: 172.2, Diff: 0.1, Sum: 1377.3]
      [Termination (ms): Min: 0.0, Avg: 0.0, Max: 0.0, Diff: 0.0, Sum: 0.2]
         [Termination Attempts: Min: 1, Avg: 100.4, Max: 133, Diff: 132, Sum: 803]
      [GC Worker Other (ms): Min: 0.0, Avg: 0.1, Max: 0.1, Diff: 0.1, Sum: 0.5]
      [GC Worker Total (ms): Min: 212.8, Avg: 212.9, Max: 213.0, Diff: 0.3, Sum: 1703.2]
      [GC Worker End (ms): Min: 105697.5, Avg: 105697.6, Max: 105697.6, Diff: 0.1]
   [Code Root Fixup: 0.0 ms]
   [Code Root Purge: 0.0 ms]
   [Clear CT: 0.2 ms]
   [Other: 1.3 ms]
      [Choose CSet: 0.0 ms]
      [Ref Proc: 0.3 ms]
      [Ref Enq: 0.0 ms]
      [Redirty Cards: 0.3 ms]
      [Humongous Register: 0.1 ms]
      [Humongous Reclaim: 0.0 ms]
      [Free CSet: 0.4 ms]
   [Eden: 306.0M(306.0M)->0.0B(254.0M) Survivors: 8192.0K->40.0M Heap: 373.0M(2048.0M)->367.0M(2048.0M)]
 [Times: user=1.75 sys=0.00, real=0.21 secs] 
2020-09-29T12:34:38.545+0200: 105.902: [GC pause (G1 Evacuation Pause) (young), 0.2066191 secs]
   [Parallel Time: 205.2 ms, GC Workers: 8]
      [GC Worker Start (ms): Min: 105902.4, Avg: 105902.5, Max: 105902.6, Diff: 0.1]
      [Ext Root Scanning (ms): Min: 0.0, Avg: 0.1, Max: 0.2, Diff: 0.1, Sum: 0.8]
      [Update RS (ms): Min: 24.7, Avg: 25.0, Max: 25.4, Diff: 0.7, Sum: 200.3]
         [Processed Buffers: Min: 19, Avg: 20.0, Max: 21, Diff: 2, Sum: 160]
      [Scan RS (ms): Min: 16.4, Avg: 16.8, Max: 17.1, Diff: 0.7, Sum: 134.1]
      [Code Root Scanning (ms): Min: 0.0, Avg: 0.0, Max: 0.0, Diff: 0.0, Sum: 0.0]
      [Object Copy (ms): Min: 162.9, Avg: 163.0, Max: 163.0, Diff: 0.1, Sum: 1303.7]
      [Termination (ms): Min: 0.0, Avg: 0.0, Max: 0.0, Diff: 0.0, Sum: 0.2]
         [Termination Attempts: Min: 1, Avg: 122.4, Max: 172, Diff: 171, Sum: 979]
      [GC Worker Other (ms): Min: 0.0, Avg: 0.1, Max: 0.1, Diff: 0.1, Sum: 0.6]
      [GC Worker Total (ms): Min: 204.9, Avg: 205.0, Max: 205.1, Diff: 0.2, Sum: 1639.8]
      [GC Worker End (ms): Min: 106107.4, Avg: 106107.5, Max: 106107.5, Diff: 0.1]
   [Code Root Fixup: 0.0 ms]
   [Code Root Purge: 0.0 ms]
   [Clear CT: 0.2 ms]
   [Other: 1.1 ms]
      [Choose CSet: 0.0 ms]
      [Ref Proc: 0.2 ms]
      [Ref Enq: 0.0 ms]
      [Redirty Cards: 0.3 ms]
      [Humongous Register: 0.1 ms]
      [Humongous Reclaim: 0.0 ms]
      [Free CSet: 0.3 ms]
   [Eden: 254.0M(254.0M)->0.0B(228.0M) Survivors: 40.0M->37.0M Heap: 663.0M(2048.0M)->664.5M(2048.0M)]
 [Times: user=1.63 sys=0.00, real=0.21 secs] 
2020-09-29T12:34:38.942+0200: 106.300: [GC pause (G1 Evacuation Pause) (young), 0.1890401 secs]
   [Parallel Time: 187.4 ms, GC Workers: 8]
      [GC Worker Start (ms): Min: 106299.8, Avg: 106299.9, Max: 106300.0, Diff: 0.2]
      [Ext Root Scanning (ms): Min: 0.0, Avg: 0.1, Max: 0.2, Diff: 0.2, Sum: 0.8]
      [Update RS (ms): Min: 21.5, Avg: 21.6, Max: 21.8, Diff: 0.3, Sum: 173.1]
         [Processed Buffers: Min: 17, Avg: 17.5, Max: 19, Diff: 2, Sum: 140]
      [Scan RS (ms): Min: 15.4, Avg: 15.6, Max: 15.7, Diff: 0.3, Sum: 124.5]
      [Code Root Scanning (ms): Min: 0.0, Avg: 0.0, Max: 0.0, Diff: 0.0, Sum: 0.0]
      [Object Copy (ms): Min: 149.6, Avg: 149.7, Max: 149.8, Diff: 0.2, Sum: 1197.6]
      [Termination (ms): Min: 0.0, Avg: 0.1, Max: 0.1, Diff: 0.1, Sum: 0.6]
         [Termination Attempts: Min: 1, Avg: 369.1, Max: 490, Diff: 489, Sum: 2953]
      [GC Worker Other (ms): Min: 0.0, Avg: 0.0, Max: 0.1, Diff: 0.1, Sum: 0.3]
      [GC Worker Total (ms): Min: 187.0, Avg: 187.1, Max: 187.2, Diff: 0.2, Sum: 1496.9]
      [GC Worker End (ms): Min: 106487.0, Avg: 106487.1, Max: 106487.1, Diff: 0.0]
   [Code Root Fixup: 0.0 ms]
   [Code Root Purge: 0.0 ms]
   [Clear CT: 0.3 ms]
   [Other: 1.3 ms]
      [Choose CSet: 0.0 ms]
      [Ref Proc: 0.2 ms]
      [Ref Enq: 0.0 ms]
      [Redirty Cards: 0.5 ms]
      [Humongous Register: 0.1 ms]
      [Humongous Reclaim: 0.0 ms]
      [Free CSet: 0.3 ms]
   [Eden: 228.0M(228.0M)->0.0B(218.0M) Survivors: 37.0M->34.0M Heap: 930.6M(2048.0M)->932.6M(2048.0M)]
 [Times: user=1.50 sys=0.00, real=0.19 secs] 
2020-09-29T12:34:39.216+0200: 106.574: [GC pause (G1 Humongous Allocation) (young) (initial-mark), 0.0956951 secs]
   [Parallel Time: 94.4 ms, GC Workers: 8]
      [GC Worker Start (ms): Min: 106573.8, Avg: 106573.8, Max: 106573.9, Diff: 0.2]
      [Ext Root Scanning (ms): Min: 0.0, Avg: 0.1, Max: 0.2, Diff: 0.2, Sum: 0.8]
      [Update RS (ms): Min: 18.2, Avg: 18.6, Max: 19.1, Diff: 0.9, Sum: 148.8]
         [Processed Buffers: Min: 14, Avg: 14.8, Max: 15, Diff: 1, Sum: 118]
      [Scan RS (ms): Min: 3.4, Avg: 3.9, Max: 4.3, Diff: 1.0, Sum: 30.9]
      [Code Root Scanning (ms): Min: 0.0, Avg: 0.0, Max: 0.0, Diff: 0.0, Sum: 0.0]
      [Object Copy (ms): Min: 71.4, Avg: 71.5, Max: 71.6, Diff: 0.1, Sum: 572.1]
      [Termination (ms): Min: 0.0, Avg: 0.0, Max: 0.0, Diff: 0.0, Sum: 0.0]
         [Termination Attempts: Min: 1, Avg: 4.4, Max: 7, Diff: 6, Sum: 35]
      [GC Worker Other (ms): Min: 0.0, Avg: 0.0, Max: 0.1, Diff: 0.0, Sum: 0.3]
      [GC Worker Total (ms): Min: 94.0, Avg: 94.1, Max: 94.2, Diff: 0.2, Sum: 752.8]
      [GC Worker End (ms): Min: 106667.9, Avg: 106667.9, Max: 106668.0, Diff: 0.0]
   [Code Root Fixup: 0.0 ms]
   [Code Root Purge: 0.0 ms]
   [Clear CT: 0.3 ms]
   [Other: 1.0 ms]
      [Choose CSet: 0.0 ms]
      [Ref Proc: 0.3 ms]
      [Ref Enq: 0.0 ms]
      [Redirty Cards: 0.3 ms]
      [Humongous Register: 0.0 ms]
      [Humongous Reclaim: 0.0 ms]
      [Free CSet: 0.1 ms]
   [Eden: 94.0M(218.0M)->0.0B(226.0M) Survivors: 34.0M->32.0M Heap: 1041.4M(2048.0M)->1042.9M(2048.0M)]
 [Times: user=0.75 sys=0.00, real=0.10 secs] 
2020-09-29T12:34:39.313+0200: 106.670: [GC concurrent-root-region-scan-start]
2020-09-29T12:34:39.327+0200: 106.685: [GC concurrent-root-region-scan-end, 0.0148002 secs]
2020-09-29T12:34:39.327+0200: 106.685: [GC concurrent-mark-start]
2020-09-29T12:34:39.332+0200: 106.689: [GC concurrent-mark-end, 0.0041206 secs]
2020-09-29T12:34:39.332+0200: 106.690: [GC remark 2020-09-29T12:34:39.332+0200: 106.690: [Finalize Marking, 0.0003703 secs] 2020-09-29T12:34:39.333+0200: 106.690: [GC ref-proc, 0.0004488 secs] 2020-09-29T12:34:39.333+0200: 106.690: [Unloading, 0.0006583 secs], 0.0021017 secs]
 [Times: user=0.00 sys=0.02, real=0.00 secs] 
2020-09-29T12:34:39.335+0200: 106.692: [GC cleanup 1073M->70M(2048M), 0.0019482 secs]
 [Times: user=0.00 sys=0.00, real=0.00 secs] 
2020-09-29T12:34:39.337+0200: 106.694: [GC concurrent-cleanup-start]
2020-09-29T12:34:39.338+0200: 106.696: [GC concurrent-cleanup-end, 0.0016698 secs]
2020-09-29T12:34:39.489+0200: 106.846: [GC pause (G1 Evacuation Pause) (young), 0.1643669 secs]
   [Parallel Time: 161.3 ms, GC Workers: 8]
      [GC Worker Start (ms): Min: 106846.4, Avg: 106846.6, Max: 106846.7, Diff: 0.2]
      [Ext Root Scanning (ms): Min: 0.0, Avg: 0.1, Max: 0.2, Diff: 0.2, Sum: 0.6]
      [Update RS (ms): Min: 23.8, Avg: 24.0, Max: 24.4, Diff: 0.6, Sum: 191.7]
         [Processed Buffers: Min: 18, Avg: 19.3, Max: 21, Diff: 3, Sum: 154]
      [Scan RS (ms): Min: 10.5, Avg: 10.9, Max: 11.1, Diff: 0.5, Sum: 87.4]
      [Code Root Scanning (ms): Min: 0.0, Avg: 0.0, Max: 0.0, Diff: 0.0, Sum: 0.0]
      [Object Copy (ms): Min: 125.8, Avg: 125.9, Max: 125.9, Diff: 0.1, Sum: 1006.9]
      [Termination (ms): Min: 0.0, Avg: 0.0, Max: 0.0, Diff: 0.0, Sum: 0.1]
         [Termination Attempts: Min: 1, Avg: 38.4, Max: 48, Diff: 47, Sum: 307]
      [GC Worker Other (ms): Min: 0.0, Avg: 0.0, Max: 0.1, Diff: 0.1, Sum: 0.3]
      [GC Worker Total (ms): Min: 160.8, Avg: 160.9, Max: 161.0, Diff: 0.2, Sum: 1287.0]
      [GC Worker End (ms): Min: 107007.4, Avg: 107007.5, Max: 107007.5, Diff: 0.1]
   [Code Root Fixup: 0.0 ms]
   [Code Root Purge: 0.0 ms]
   [Clear CT: 0.9 ms]
   [Other: 2.2 ms]
      [Choose CSet: 0.0 ms]
      [Ref Proc: 1.0 ms]
      [Ref Enq: 0.0 ms]
      [Redirty Cards: 0.5 ms]
      [Humongous Register: 0.1 ms]
      [Humongous Reclaim: 0.0 ms]
      [Free CSet: 0.3 ms]
   [Eden: 226.0M(226.0M)->0.0B(231.0M) Survivors: 32.0M->33.0M Heap: 304.1M(2048.0M)->274.1M(2048.0M)]
 [Times: user=1.25 sys=0.00, real=0.16 secs] 
2020-09-29T12:34:39.833+0200: 107.190: [GC pause (G1 Evacuation Pause) (young), 0.1845407 secs]
   [Parallel Time: 183.0 ms, GC Workers: 8]
      [GC Worker Start (ms): Min: 107190.3, Avg: 107190.4, Max: 107190.5, Diff: 0.2]
      [Ext Root Scanning (ms): Min: 0.0, Avg: 0.1, Max: 0.2, Diff: 0.2, Sum: 0.6]
      [Update RS (ms): Min: 17.9, Avg: 18.1, Max: 18.7, Diff: 0.9, Sum: 145.0]
         [Processed Buffers: Min: 14, Avg: 14.6, Max: 16, Diff: 2, Sum: 117]
      [Scan RS (ms): Min: 16.5, Avg: 17.1, Max: 17.3, Diff: 0.9, Sum: 136.7]
      [Code Root Scanning (ms): Min: 0.0, Avg: 0.0, Max: 0.0, Diff: 0.0, Sum: 0.0]
      [Object Copy (ms): Min: 147.3, Avg: 147.3, Max: 147.4, Diff: 0.1, Sum: 1178.7]
      [Termination (ms): Min: 0.0, Avg: 0.0, Max: 0.1, Diff: 0.1, Sum: 0.4]
         [Termination Attempts: Min: 1, Avg: 209.8, Max: 269, Diff: 268, Sum: 1678]
      [GC Worker Other (ms): Min: 0.0, Avg: 0.1, Max: 0.1, Diff: 0.1, Sum: 0.5]
      [GC Worker Total (ms): Min: 182.6, Avg: 182.7, Max: 182.9, Diff: 0.3, Sum: 1462.0]
      [GC Worker End (ms): Min: 107373.1, Avg: 107373.2, Max: 107373.2, Diff: 0.1]
   [Code Root Fixup: 0.0 ms]
   [Code Root Purge: 0.0 ms]
   [Clear CT: 0.4 ms]
   [Other: 1.1 ms]
      [Choose CSet: 0.0 ms]
      [Ref Proc: 0.3 ms]
      [Ref Enq: 0.0 ms]
      [Redirty Cards: 0.4 ms]
      [Humongous Register: 0.1 ms]
      [Humongous Reclaim: 0.0 ms]
      [Free CSet: 0.2 ms]
   [Eden: 231.0M(231.0M)->0.0B(226.0M) Survivors: 33.0M->33.0M Heap: 543.3M(2048.0M)->545.3M(2048.0M)]
 [Times: user=1.38 sys=0.00, real=0.18 secs] 
2020-09-29T12:34:40.200+0200: 107.558: [GC pause (G1 Evacuation Pause) (young), 0.1977052 secs]
   [Parallel Time: 196.3 ms, GC Workers: 8]
      [GC Worker Start (ms): Min: 107557.9, Avg: 107558.1, Max: 107559.3, Diff: 1.4]
      [Ext Root Scanning (ms): Min: 0.0, Avg: 0.1, Max: 0.2, Diff: 0.2, Sum: 0.8]
      [Update RS (ms): Min: 22.9, Avg: 24.0, Max: 24.4, Diff: 1.5, Sum: 192.2]
         [Processed Buffers: Min: 7, Avg: 17.3, Max: 20, Diff: 13, Sum: 138]
      [Scan RS (ms): Min: 15.5, Avg: 15.8, Max: 16.0, Diff: 0.5, Sum: 126.0]
      [Code Root Scanning (ms): Min: 0.0, Avg: 0.0, Max: 0.0, Diff: 0.0, Sum: 0.0]
      [Object Copy (ms): Min: 155.7, Avg: 155.8, Max: 156.0, Diff: 0.3, Sum: 1246.3]
      [Termination (ms): Min: 0.0, Avg: 0.2, Max: 0.2, Diff: 0.2, Sum: 1.4]
         [Termination Attempts: Min: 1, Avg: 697.3, Max: 918, Diff: 917, Sum: 5578]
      [GC Worker Other (ms): Min: 0.0, Avg: 0.0, Max: 0.1, Diff: 0.0, Sum: 0.2]
      [GC Worker Total (ms): Min: 194.7, Avg: 195.9, Max: 196.1, Diff: 1.5, Sum: 1566.9]
      [GC Worker End (ms): Min: 107754.0, Avg: 107754.0, Max: 107754.0, Diff: 0.0]
   [Code Root Fixup: 0.0 ms]
   [Code Root Purge: 0.0 ms]
   [Clear CT: 0.2 ms]
   [Other: 1.1 ms]
      [Choose CSet: 0.0 ms]
      [Ref Proc: 0.3 ms]
      [Ref Enq: 0.0 ms]
      [Redirty Cards: 0.3 ms]
      [Humongous Register: 0.1 ms]
      [Humongous Reclaim: 0.0 ms]
      [Free CSet: 0.3 ms]
   [Eden: 226.0M(226.0M)->0.0B(214.0M) Survivors: 33.0M->33.0M Heap: 809.4M(2048.0M)->810.9M(2048.0M)]
 [Times: user=1.61 sys=0.00, real=0.20 secs] 
2020-09-29T12:34:40.567+0200: 107.925: [GC pause (G1 Evacuation Pause) (young), 0.1929750 secs]
   [Parallel Time: 191.7 ms, GC Workers: 8]
      [GC Worker Start (ms): Min: 107924.8, Avg: 107925.0, Max: 107925.1, Diff: 0.3]
      [Ext Root Scanning (ms): Min: 0.0, Avg: 0.1, Max: 0.2, Diff: 0.2, Sum: 0.7]
      [Update RS (ms): Min: 23.7, Avg: 24.3, Max: 28.1, Diff: 4.4, Sum: 194.6]
         [Processed Buffers: Min: 1, Avg: 17.3, Max: 21, Diff: 20, Sum: 138]
      [Scan RS (ms): Min: 11.5, Avg: 15.3, Max: 16.0, Diff: 4.5, Sum: 122.3]
      [Code Root Scanning (ms): Min: 0.0, Avg: 0.0, Max: 0.0, Diff: 0.0, Sum: 0.0]
      [Object Copy (ms): Min: 151.5, Avg: 151.6, Max: 151.6, Diff: 0.1, Sum: 1212.8]
      [Termination (ms): Min: 0.0, Avg: 0.1, Max: 0.1, Diff: 0.1, Sum: 0.5]
         [Termination Attempts: Min: 1, Avg: 289.5, Max: 367, Diff: 366, Sum: 2316]
      [GC Worker Other (ms): Min: 0.0, Avg: 0.1, Max: 0.1, Diff: 0.1, Sum: 0.4]
      [GC Worker Total (ms): Min: 191.3, Avg: 191.4, Max: 191.5, Diff: 0.2, Sum: 1531.3]
      [GC Worker End (ms): Min: 108116.4, Avg: 108116.4, Max: 108116.4, Diff: 0.1]
   [Code Root Fixup: 0.0 ms]
   [Code Root Purge: 0.0 ms]
   [Clear CT: 0.2 ms]
   [Other: 1.1 ms]
      [Choose CSet: 0.0 ms]
      [Ref Proc: 0.2 ms]
      [Ref Enq: 0.0 ms]
      [Redirty Cards: 0.3 ms]
      [Humongous Register: 0.1 ms]
      [Humongous Reclaim: 0.0 ms]
      [Free CSet: 0.2 ms]
   [Eden: 214.0M(214.0M)->0.0B(206.0M) Survivors: 33.0M->31.0M Heap: 1061.2M(2048.0M)->1063.2M(2048.0M)]
 [Times: user=1.48 sys=0.00, real=0.20 secs] 
2020-09-29T12:34:40.777+0200: 108.134: [GC pause (G1 Humongous Allocation) (young) (initial-mark), 0.0764025 secs]
   [Parallel Time: 75.1 ms, GC Workers: 8]
      [GC Worker Start (ms): Min: 108134.2, Avg: 108134.3, Max: 108134.4, Diff: 0.2]
      [Ext Root Scanning (ms): Min: 0.0, Avg: 0.5, Max: 1.6, Diff: 1.6, Sum: 4.2]
      [Update RS (ms): Min: 29.7, Avg: 31.0, Max: 31.9, Diff: 2.2, Sum: 248.1]
         [Processed Buffers: Min: 24, Avg: 26.0, Max: 28, Diff: 4, Sum: 208]
      [Scan RS (ms): Min: 2.2, Avg: 2.8, Max: 3.1, Diff: 0.9, Sum: 22.2]
      [Code Root Scanning (ms): Min: 0.0, Avg: 0.0, Max: 0.0, Diff: 0.0, Sum: 0.0]
      [Object Copy (ms): Min: 40.1, Avg: 40.2, Max: 40.6, Diff: 0.4, Sum: 322.0]
      [Termination (ms): Min: 0.0, Avg: 0.3, Max: 0.4, Diff: 0.4, Sum: 2.3]
         [Termination Attempts: Min: 1, Avg: 1255.9, Max: 1510, Diff: 1509, Sum: 10047]
      [GC Worker Other (ms): Min: 0.0, Avg: 0.0, Max: 0.0, Diff: 0.0, Sum: 0.2]
      [GC Worker Total (ms): Min: 74.7, Avg: 74.9, Max: 74.9, Diff: 0.2, Sum: 598.8]
      [GC Worker End (ms): Min: 108209.2, Avg: 108209.2, Max: 108209.2, Diff: 0.0]
   [Code Root Fixup: 0.0 ms]
   [Code Root Purge: 0.0 ms]
   [Clear CT: 0.2 ms]
   [Other: 1.0 ms]
      [Choose CSet: 0.0 ms]
      [Ref Proc: 0.3 ms]
      [Ref Enq: 0.0 ms]
      [Redirty Cards: 0.3 ms]
      [Humongous Register: 0.1 ms]
      [Humongous Reclaim: 0.0 ms]
      [Free CSet: 0.1 ms]
   [Eden: 8192.0K(206.0M)->0.0B(177.0M) Survivors: 31.0M->9216.0K Heap: 1070.7M(2048.0M)->1073.7M(2048.0M)]
 [Times: user=0.61 sys=0.02, real=0.08 secs] 
2020-09-29T12:34:40.853+0200: 108.211: [GC concurrent-root-region-scan-start]
2020-09-29T12:34:40.857+0200: 108.214: [GC concurrent-root-region-scan-end, 0.0037626 secs]
2020-09-29T12:34:40.857+0200: 108.214: [GC concurrent-mark-start]
2020-09-29T12:34:40.861+0200: 108.219: [GC concurrent-mark-end, 0.0042650 secs]
2020-09-29T12:34:40.862+0200: 108.219: [GC remark 2020-09-29T12:34:40.862+0200: 108.219: [Finalize Marking, 0.0002751 secs] 2020-09-29T12:34:40.862+0200: 108.219: [GC ref-proc, 0.0005208 secs] 2020-09-29T12:34:40.863+0200: 108.220: [Unloading, 0.0006840 secs], 0.0019473 secs]
 [Times: user=0.09 sys=0.00, real=0.00 secs] 
2020-09-29T12:34:40.864+0200: 108.222: [GC cleanup 1085M->28M(2048M), 0.0020792 secs]
 [Times: user=0.00 sys=0.00, real=0.00 secs] 
2020-09-29T12:34:40.866+0200: 108.224: [GC concurrent-cleanup-start]
2020-09-29T12:34:40.869+0200: 108.226: [GC concurrent-cleanup-end, 0.0024399 secs]
2020-09-29T12:34:40.994+0200: 108.352: [GC pause (G1 Evacuation Pause) (young), 0.1412711 secs]
   [Parallel Time: 139.4 ms, GC Workers: 8]
      [GC Worker Start (ms): Min: 108352.1, Avg: 108352.2, Max: 108352.3, Diff: 0.2]
      [Ext Root Scanning (ms): Min: 0.0, Avg: 0.1, Max: 0.2, Diff: 0.2, Sum: 0.6]
      [Update RS (ms): Min: 16.3, Avg: 16.7, Max: 17.2, Diff: 0.9, Sum: 133.7]
         [Processed Buffers: Min: 12, Avg: 12.9, Max: 15, Diff: 3, Sum: 103]
      [Scan RS (ms): Min: 15.0, Avg: 15.3, Max: 15.8, Diff: 0.8, Sum: 122.4]
      [Code Root Scanning (ms): Min: 0.0, Avg: 0.0, Max: 0.0, Diff: 0.0, Sum: 0.0]
      [Object Copy (ms): Min: 106.5, Avg: 106.8, Max: 106.9, Diff: 0.4, Sum: 854.1]
      [Termination (ms): Min: 0.0, Avg: 0.1, Max: 0.2, Diff: 0.2, Sum: 1.2]
         [Termination Attempts: Min: 1, Avg: 634.3, Max: 775, Diff: 774, Sum: 5074]
      [GC Worker Other (ms): Min: 0.0, Avg: 0.0, Max: 0.1, Diff: 0.1, Sum: 0.3]
      [GC Worker Total (ms): Min: 138.9, Avg: 139.0, Max: 139.2, Diff: 0.2, Sum: 1112.3]
      [GC Worker End (ms): Min: 108491.2, Avg: 108491.3, Max: 108491.3, Diff: 0.1]
   [Code Root Fixup: 0.0 ms]
   [Code Root Purge: 0.0 ms]
   [Clear CT: 0.6 ms]
   [Other: 1.3 ms]
      [Choose CSet: 0.0 ms]
      [Ref Proc: 0.3 ms]
      [Ref Enq: 0.0 ms]
      [Redirty Cards: 0.6 ms]
      [Humongous Register: 0.1 ms]
      [Humongous Reclaim: 0.0 ms]
      [Free CSet: 0.1 ms]
   [Eden: 177.0M(177.0M)->0.0B(173.0M) Survivors: 9216.0K->24.0M Heap: 224.0M(2048.0M)->218.0M(2048.0M)]
 [Times: user=1.03 sys=0.06, real=0.14 secs] 
2020-09-29T12:34:41.266+0200: 108.623: [GC pause (G1 Evacuation Pause) (young), 0.1409599 secs]
   [Parallel Time: 139.6 ms, GC Workers: 8]
      [GC Worker Start (ms): Min: 108623.5, Avg: 108623.6, Max: 108623.7, Diff: 0.2]
      [Ext Root Scanning (ms): Min: 0.0, Avg: 0.1, Max: 0.2, Diff: 0.2, Sum: 0.7]
      [Update RS (ms): Min: 19.1, Avg: 19.2, Max: 19.4, Diff: 0.3, Sum: 153.3]
         [Processed Buffers: Min: 15, Avg: 15.8, Max: 19, Diff: 4, Sum: 126]
      [Scan RS (ms): Min: 11.3, Avg: 11.5, Max: 11.7, Diff: 0.4, Sum: 92.1]
      [Code Root Scanning (ms): Min: 0.0, Avg: 0.0, Max: 0.0, Diff: 0.0, Sum: 0.0]
      [Object Copy (ms): Min: 108.5, Avg: 108.5, Max: 108.6, Diff: 0.2, Sum: 868.4]
      [Termination (ms): Min: 0.0, Avg: 0.0, Max: 0.0, Diff: 0.0, Sum: 0.1]
         [Termination Attempts: Min: 1, Avg: 27.6, Max: 36, Diff: 35, Sum: 221]
      [GC Worker Other (ms): Min: 0.0, Avg: 0.0, Max: 0.1, Diff: 0.0, Sum: 0.2]
      [GC Worker Total (ms): Min: 139.3, Avg: 139.3, Max: 139.5, Diff: 0.2, Sum: 1114.8]
      [GC Worker End (ms): Min: 108762.9, Avg: 108762.9, Max: 108762.9, Diff: 0.0]
   [Code Root Fixup: 0.0 ms]
   [Code Root Purge: 0.0 ms]
   [Clear CT: 0.2 ms]
   [Other: 1.1 ms]
      [Choose CSet: 0.0 ms]
      [Ref Proc: 0.3 ms]
      [Ref Enq: 0.0 ms]
      [Redirty Cards: 0.4 ms]
      [Humongous Register: 0.1 ms]
      [Humongous Reclaim: 0.0 ms]
      [Free CSet: 0.2 ms]
   [Eden: 173.0M(173.0M)->0.0B(186.0M) Survivors: 24.0M->25.0M Heap: 419.6M(2048.0M)->421.1M(2048.0M)]
 [Times: user=1.13 sys=0.00, real=0.14 secs] 
2020-09-29T12:34:41.549+0200: 108.907: [GC pause (G1 Evacuation Pause) (young), 0.1555345 secs]
   [Parallel Time: 154.0 ms, GC Workers: 8]
      [GC Worker Start (ms): Min: 108907.1, Avg: 108907.1, Max: 108907.3, Diff: 0.2]
      [Ext Root Scanning (ms): Min: 0.0, Avg: 0.1, Max: 0.2, Diff: 0.2, Sum: 0.8]
      [Update RS (ms): Min: 18.0, Avg: 18.5, Max: 18.9, Diff: 0.9, Sum: 147.9]
         [Processed Buffers: Min: 14, Avg: 14.9, Max: 16, Diff: 2, Sum: 119]
      [Scan RS (ms): Min: 12.1, Avg: 12.5, Max: 12.9, Diff: 0.8, Sum: 100.2]
      [Code Root Scanning (ms): Min: 0.0, Avg: 0.0, Max: 0.0, Diff: 0.0, Sum: 0.0]
      [Object Copy (ms): Min: 122.4, Avg: 122.6, Max: 122.7, Diff: 0.3, Sum: 980.7]
      [Termination (ms): Min: 0.0, Avg: 0.0, Max: 0.0, Diff: 0.0, Sum: 0.1]
         [Termination Attempts: Min: 1, Avg: 81.9, Max: 107, Diff: 106, Sum: 655]
      [GC Worker Other (ms): Min: 0.0, Avg: 0.0, Max: 0.1, Diff: 0.0, Sum: 0.3]
      [GC Worker Total (ms): Min: 153.6, Avg: 153.8, Max: 153.8, Diff: 0.2, Sum: 1230.0]
      [GC Worker End (ms): Min: 109060.9, Avg: 109060.9, Max: 109060.9, Diff: 0.0]
   [Code Root Fixup: 0.0 ms]
   [Code Root Purge: 0.0 ms]
   [Clear CT: 0.2 ms]
   [Other: 1.3 ms]
      [Choose CSet: 0.0 ms]
      [Ref Proc: 0.2 ms]
      [Ref Enq: 0.0 ms]
      [Redirty Cards: 0.4 ms]
      [Humongous Register: 0.1 ms]
      [Humongous Reclaim: 0.0 ms]
      [Free CSet: 0.2 ms]
   [Eden: 186.0M(186.0M)->0.0B(194.0M) Survivors: 25.0M->27.0M Heap: 637.6M(2048.0M)->640.1M(2048.0M)]
 [Times: user=1.23 sys=0.00, real=0.16 secs] 
2020-09-29T12:34:41.855+0200: 109.212: [GC pause (G1 Evacuation Pause) (young), 0.1594719 secs]
   [Parallel Time: 158.0 ms, GC Workers: 8]
      [GC Worker Start (ms): Min: 109212.5, Avg: 109212.7, Max: 109212.7, Diff: 0.2]
      [Ext Root Scanning (ms): Min: 0.0, Avg: 0.1, Max: 0.2, Diff: 0.2, Sum: 0.7]
      [Update RS (ms): Min: 22.7, Avg: 23.0, Max: 23.5, Diff: 0.8, Sum: 184.2]
         [Processed Buffers: Min: 18, Avg: 18.8, Max: 20, Diff: 2, Sum: 150]
      [Scan RS (ms): Min: 10.6, Avg: 11.1, Max: 11.5, Diff: 0.8, Sum: 88.8]
      [Code Root Scanning (ms): Min: 0.0, Avg: 0.0, Max: 0.0, Diff: 0.0, Sum: 0.0]
      [Object Copy (ms): Min: 123.3, Avg: 123.4, Max: 123.6, Diff: 0.2, Sum: 987.5]
      [Termination (ms): Min: 0.0, Avg: 0.0, Max: 0.1, Diff: 0.1, Sum: 0.4]
         [Termination Attempts: Min: 1, Avg: 200.6, Max: 298, Diff: 297, Sum: 1605]
      [GC Worker Other (ms): Min: 0.0, Avg: 0.1, Max: 0.1, Diff: 0.1, Sum: 0.4]
      [GC Worker Total (ms): Min: 157.7, Avg: 157.8, Max: 157.9, Diff: 0.2, Sum: 1262.1]
      [GC Worker End (ms): Min: 109370.4, Avg: 109370.4, Max: 109370.4, Diff: 0.1]
   [Code Root Fixup: 0.0 ms]
   [Code Root Purge: 0.0 ms]
   [Clear CT: 0.4 ms]
   [Other: 1.1 ms]
      [Choose CSet: 0.0 ms]
      [Ref Proc: 0.3 ms]
      [Ref Enq: 0.0 ms]
      [Redirty Cards: 0.4 ms]
      [Humongous Register: 0.1 ms]
      [Humongous Reclaim: 0.0 ms]
      [Free CSet: 0.2 ms]
   [Eden: 194.0M(194.0M)->0.0B(203.0M) Survivors: 27.0M->28.0M Heap: 866.6M(2048.0M)->868.1M(2048.0M)]
 [Times: user=1.23 sys=0.01, real=0.16 secs] 
2020-09-29T12:34:42.177+0200: 109.535: [GC pause (G1 Evacuation Pause) (young), 0.1694032 secs]
   [Parallel Time: 168.0 ms, GC Workers: 8]
      [GC Worker Start (ms): Min: 109535.1, Avg: 109535.2, Max: 109535.4, Diff: 0.2]
      [Ext Root Scanning (ms): Min: 0.0, Avg: 0.1, Max: 0.2, Diff: 0.2, Sum: 0.8]
      [Update RS (ms): Min: 22.6, Avg: 22.8, Max: 23.2, Diff: 0.5, Sum: 182.6]
         [Processed Buffers: Min: 17, Avg: 18.5, Max: 20, Diff: 3, Sum: 148]
      [Scan RS (ms): Min: 12.1, Avg: 12.5, Max: 12.7, Diff: 0.6, Sum: 99.9]
      [Code Root Scanning (ms): Min: 0.0, Avg: 0.0, Max: 0.0, Diff: 0.0, Sum: 0.0]
      [Object Copy (ms): Min: 132.1, Avg: 132.2, Max: 132.4, Diff: 0.3, Sum: 1057.4]
      [Termination (ms): Min: 0.0, Avg: 0.1, Max: 0.2, Diff: 0.2, Sum: 1.1]
         [Termination Attempts: Min: 1, Avg: 625.6, Max: 840, Diff: 839, Sum: 5005]
      [GC Worker Other (ms): Min: 0.0, Avg: 0.0, Max: 0.1, Diff: 0.1, Sum: 0.3]
      [GC Worker Total (ms): Min: 167.6, Avg: 167.8, Max: 167.9, Diff: 0.2, Sum: 1342.1]
      [GC Worker End (ms): Min: 109703.0, Avg: 109703.0, Max: 109703.0, Diff: 0.1]
   [Code Root Fixup: 0.0 ms]
   [Code Root Purge: 0.0 ms]
   [Clear CT: 0.2 ms]
   [Other: 1.1 ms]
      [Choose CSet: 0.0 ms]
      [Ref Proc: 0.3 ms]
      [Ref Enq: 0.0 ms]
      [Redirty Cards: 0.3 ms]
      [Humongous Register: 0.1 ms]
      [Humongous Reclaim: 0.0 ms]
      [Free CSet: 0.3 ms]
   [Eden: 203.0M(203.0M)->0.0B(209.0M) Survivors: 28.0M->29.0M Heap: 1105.4M(2048.0M)->1106.9M(2048.0M)]
 [Times: user=1.25 sys=0.00, real=0.17 secs] 
2020-09-29T12:34:42.360+0200: 109.718: [GC pause (G1 Humongous Allocation) (young) (initial-mark), 0.0546185 secs]
   [Parallel Time: 53.3 ms, GC Workers: 8]
      [GC Worker Start (ms): Min: 109718.1, Avg: 109718.2, Max: 109718.3, Diff: 0.2]
      [Ext Root Scanning (ms): Min: 0.0, Avg: 0.3, Max: 0.6, Diff: 0.6, Sum: 2.1]
      [Update RS (ms): Min: 29.3, Avg: 29.8, Max: 30.4, Diff: 1.0, Sum: 238.2]
         [Processed Buffers: Min: 22, Avg: 25.1, Max: 27, Diff: 5, Sum: 201]
      [Scan RS (ms): Min: 2.1, Avg: 2.6, Max: 2.8, Diff: 0.7, Sum: 20.6]
      [Code Root Scanning (ms): Min: 0.0, Avg: 0.0, Max: 0.0, Diff: 0.0, Sum: 0.0]
      [Object Copy (ms): Min: 20.4, Avg: 20.5, Max: 20.5, Diff: 0.1, Sum: 163.7]
      [Termination (ms): Min: 0.0, Avg: 0.0, Max: 0.0, Diff: 0.0, Sum: 0.1]
         [Termination Attempts: Min: 1, Avg: 36.9, Max: 52, Diff: 51, Sum: 295]
      [GC Worker Other (ms): Min: 0.0, Avg: 0.0, Max: 0.0, Diff: 0.0, Sum: 0.2]
      [GC Worker Total (ms): Min: 53.0, Avg: 53.1, Max: 53.2, Diff: 0.2, Sum: 424.9]
      [GC Worker End (ms): Min: 109771.3, Avg: 109771.3, Max: 109771.3, Diff: 0.0]
   [Code Root Fixup: 0.0 ms]
   [Code Root Purge: 0.0 ms]
   [Clear CT: 0.3 ms]
   [Other: 1.0 ms]
      [Choose CSet: 0.0 ms]
      [Ref Proc: 0.2 ms]
      [Ref Enq: 0.0 ms]
      [Redirty Cards: 0.4 ms]
      [Humongous Register: 0.1 ms]
      [Humongous Reclaim: 0.0 ms]
      [Free CSet: 0.1 ms]
   [Eden: 6144.0K(209.0M)->0.0B(242.0M) Survivors: 29.0M->8192.0K Heap: 1112.4M(2048.0M)->1116.9M(2048.0M)]
 [Times: user=0.48 sys=0.00, real=0.06 secs] 
2020-09-29T12:34:42.415+0200: 109.773: [GC concurrent-root-region-scan-start]
2020-09-29T12:34:42.417+0200: 109.775: [GC concurrent-root-region-scan-end, 0.0025797 secs]
2020-09-29T12:34:42.418+0200: 109.775: [GC concurrent-mark-start]
2020-09-29T12:34:42.422+0200: 109.780: [GC concurrent-mark-end, 0.0048297 secs]
2020-09-29T12:34:42.423+0200: 109.780: [GC remark 2020-09-29T12:34:42.423+0200: 109.780: [Finalize Marking, 0.0002098 secs] 2020-09-29T12:34:42.423+0200: 109.781: [GC ref-proc, 0.0004152 secs] 2020-09-29T12:34:42.423+0200: 109.781: [Unloading, 0.0006485 secs], 0.0018129 secs]
 [Times: user=0.00 sys=0.00, real=0.00 secs] 
2020-09-29T12:34:42.425+0200: 109.783: [GC cleanup 1129M->28M(2048M), 0.0020024 secs]
 [Times: user=0.13 sys=0.00, real=0.00 secs] 
2020-09-29T12:34:42.427+0200: 109.785: [GC concurrent-cleanup-start]
2020-09-29T12:34:42.430+0200: 109.788: [GC concurrent-cleanup-end, 0.0026902 secs]
2020-09-29T12:34:42.603+0200: 109.961: [GC pause (G1 Evacuation Pause) (young), 0.1700449 secs]
   [Parallel Time: 168.3 ms, GC Workers: 8]
      [GC Worker Start (ms): Min: 109960.8, Avg: 109960.9, Max: 109961.0, Diff: 0.2]
      [Ext Root Scanning (ms): Min: 0.0, Avg: 0.1, Max: 0.2, Diff: 0.2, Sum: 0.7]
      [Update RS (ms): Min: 15.6, Avg: 15.7, Max: 16.0, Diff: 0.4, Sum: 125.9]
         [Processed Buffers: Min: 12, Avg: 13.8, Max: 16, Diff: 4, Sum: 110]
      [Scan RS (ms): Min: 16.7, Avg: 16.9, Max: 17.1, Diff: 0.3, Sum: 135.4]
      [Code Root Scanning (ms): Min: 0.0, Avg: 0.0, Max: 0.0, Diff: 0.0, Sum: 0.0]
      [Object Copy (ms): Min: 135.1, Avg: 135.2, Max: 135.3, Diff: 0.1, Sum: 1081.6]
      [Termination (ms): Min: 0.0, Avg: 0.0, Max: 0.0, Diff: 0.0, Sum: 0.2]
         [Termination Attempts: Min: 1, Avg: 127.6, Max: 170, Diff: 169, Sum: 1021]
      [GC Worker Other (ms): Min: 0.0, Avg: 0.0, Max: 0.1, Diff: 0.1, Sum: 0.4]
      [GC Worker Total (ms): Min: 167.9, Avg: 168.0, Max: 168.1, Diff: 0.2, Sum: 1344.2]
      [GC Worker End (ms): Min: 110128.9, Avg: 110128.9, Max: 110129.0, Diff: 0.1]
   [Code Root Fixup: 0.0 ms]
   [Code Root Purge: 0.0 ms]
   [Clear CT: 0.3 ms]
   [Other: 1.5 ms]
      [Choose CSet: 0.0 ms]
      [Ref Proc: 0.3 ms]
      [Ref Enq: 0.0 ms]
      [Redirty Cards: 0.5 ms]
      [Humongous Register: 0.1 ms]
      [Humongous Reclaim: 0.0 ms]
      [Free CSet: 0.3 ms]
   [Eden: 242.0M(242.0M)->0.0B(219.0M) Survivors: 8192.0K->32.0M Heap: 299.5M(2048.0M)->293.5M(2048.0M)]
 [Times: user=1.33 sys=0.00, real=0.17 secs] 
2020-09-29T12:34:42.953+0200: 110.310: [GC pause (G1 Evacuation Pause) (young), 0.1759461 secs]
   [Parallel Time: 174.1 ms, GC Workers: 8]
      [GC Worker Start (ms): Min: 110310.5, Avg: 110310.7, Max: 110310.8, Diff: 0.2]
      [Ext Root Scanning (ms): Min: 0.0, Avg: 0.1, Max: 0.2, Diff: 0.2, Sum: 0.7]
      [Update RS (ms): Min: 15.8, Avg: 16.1, Max: 16.7, Diff: 0.9, Sum: 129.0]
         [Processed Buffers: Min: 12, Avg: 14.0, Max: 15, Diff: 3, Sum: 112]
      [Scan RS (ms): Min: 16.8, Avg: 17.4, Max: 17.9, Diff: 1.2, Sum: 138.9]
      [Code Root Scanning (ms): Min: 0.0, Avg: 0.0, Max: 0.0, Diff: 0.0, Sum: 0.0]
      [Object Copy (ms): Min: 139.9, Avg: 140.2, Max: 140.3, Diff: 0.3, Sum: 1121.5]
      [Termination (ms): Min: 0.0, Avg: 0.0, Max: 0.0, Diff: 0.0, Sum: 0.3]
         [Termination Attempts: Min: 1, Avg: 164.9, Max: 220, Diff: 219, Sum: 1319]
      [GC Worker Other (ms): Min: 0.0, Avg: 0.0, Max: 0.1, Diff: 0.1, Sum: 0.4]
      [GC Worker Total (ms): Min: 173.7, Avg: 173.8, Max: 174.0, Diff: 0.3, Sum: 1390.8]
      [GC Worker End (ms): Min: 110484.5, Avg: 110484.5, Max: 110484.6, Diff: 0.1]
   [Code Root Fixup: 0.0 ms]
   [Code Root Purge: 0.0 ms]
   [Clear CT: 0.5 ms]
   [Other: 1.3 ms]
      [Choose CSet: 0.0 ms]
      [Ref Proc: 0.2 ms]
      [Ref Enq: 0.0 ms]
      [Redirty Cards: 0.6 ms]
      [Humongous Register: 0.1 ms]
      [Humongous Reclaim: 0.0 ms]
      [Free CSet: 0.2 ms]
   [Eden: 219.0M(219.0M)->0.0B(216.0M) Survivors: 32.0M->32.0M Heap: 548.7M(2048.0M)->550.7M(2048.0M)]
 [Times: user=1.34 sys=0.02, real=0.18 secs] 
2020-09-29T12:34:43.345+0200: 110.703: [GC pause (G1 Evacuation Pause) (young), 0.2348145 secs]
   [Parallel Time: 233.0 ms, GC Workers: 8]
      [GC Worker Start (ms): Min: 110703.0, Avg: 110703.3, Max: 110704.7, Diff: 1.7]
      [Ext Root Scanning (ms): Min: 0.0, Avg: 0.1, Max: 0.2, Diff: 0.2, Sum: 1.1]
      [Update RS (ms): Min: 25.5, Avg: 26.8, Max: 27.6, Diff: 2.1, Sum: 214.1]
         [Processed Buffers: Min: 15, Avg: 17.0, Max: 19, Diff: 4, Sum: 136]
      [Scan RS (ms): Min: 20.4, Avg: 20.8, Max: 21.1, Diff: 0.7, Sum: 166.7]
      [Code Root Scanning (ms): Min: 0.0, Avg: 0.0, Max: 0.0, Diff: 0.0, Sum: 0.0]
      [Object Copy (ms): Min: 184.3, Avg: 184.4, Max: 184.4, Diff: 0.1, Sum: 1474.9]
      [Termination (ms): Min: 0.0, Avg: 0.0, Max: 0.0, Diff: 0.0, Sum: 0.1]
         [Termination Attempts: Min: 1, Avg: 46.1, Max: 62, Diff: 61, Sum: 369]
      [GC Worker Other (ms): Min: 0.0, Avg: 0.2, Max: 1.0, Diff: 1.0, Sum: 1.6]
      [GC Worker Total (ms): Min: 231.0, Avg: 232.3, Max: 232.7, Diff: 1.7, Sum: 1858.6]
      [GC Worker End (ms): Min: 110935.6, Avg: 110935.7, Max: 110935.7, Diff: 0.1]
   [Code Root Fixup: 0.0 ms]
   [Code Root Purge: 0.0 ms]
   [Clear CT: 0.3 ms]
   [Other: 1.5 ms]
      [Choose CSet: 0.0 ms]
      [Ref Proc: 0.3 ms]
      [Ref Enq: 0.0 ms]
      [Redirty Cards: 0.5 ms]
      [Humongous Register: 0.1 ms]
      [Humongous Reclaim: 0.0 ms]
      [Free CSet: 0.4 ms]
   [Eden: 216.0M(216.0M)->0.0B(177.0M) Survivors: 32.0M->31.0M Heap: 802.9M(2048.0M)->804.9M(2048.0M)]
 [Times: user=1.86 sys=0.00, real=0.24 secs] 
2020-09-29T12:34:43.764+0200: 111.122: [GC pause (G1 Evacuation Pause) (young), 0.1877921 secs]
   [Parallel Time: 186.2 ms, GC Workers: 8]
      [GC Worker Start (ms): Min: 111121.8, Avg: 111122.0, Max: 111122.1, Diff: 0.3]
      [Ext Root Scanning (ms): Min: 0.0, Avg: 0.1, Max: 0.3, Diff: 0.3, Sum: 0.8]
      [Update RS (ms): Min: 19.9, Avg: 20.4, Max: 21.1, Diff: 1.2, Sum: 162.9]
         [Processed Buffers: Min: 12, Avg: 13.0, Max: 14, Diff: 2, Sum: 104]
      [Scan RS (ms): Min: 15.9, Avg: 16.7, Max: 17.1, Diff: 1.2, Sum: 133.6]
      [Code Root Scanning (ms): Min: 0.0, Avg: 0.0, Max: 0.0, Diff: 0.0, Sum: 0.0]
      [Object Copy (ms): Min: 148.5, Avg: 148.6, Max: 148.7, Diff: 0.2, Sum: 1188.7]
      [Termination (ms): Min: 0.0, Avg: 0.0, Max: 0.0, Diff: 0.0, Sum: 0.1]
         [Termination Attempts: Min: 1, Avg: 49.6, Max: 61, Diff: 60, Sum: 397]
      [GC Worker Other (ms): Min: 0.0, Avg: 0.0, Max: 0.1, Diff: 0.1, Sum: 0.3]
      [GC Worker Total (ms): Min: 185.7, Avg: 185.8, Max: 186.0, Diff: 0.3, Sum: 1486.4]
      [GC Worker End (ms): Min: 111307.7, Avg: 111307.8, Max: 111307.8, Diff: 0.1]
   [Code Root Fixup: 0.0 ms]
   [Code Root Purge: 0.0 ms]
   [Clear CT: 0.3 ms]
   [Other: 1.2 ms]
      [Choose CSet: 0.0 ms]
      [Ref Proc: 0.2 ms]
      [Ref Enq: 0.0 ms]
      [Redirty Cards: 0.4 ms]
      [Humongous Register: 0.1 ms]
      [Humongous Reclaim: 0.0 ms]
      [Free CSet: 0.3 ms]
   [Eden: 177.0M(177.0M)->0.0B(173.0M) Survivors: 31.0M->26.0M Heap: 1010.6M(2048.0M)->1012.6M(2048.0M)]
 [Times: user=1.50 sys=0.00, real=0.19 secs] 
2020-09-29T12:34:43.972+0200: 111.330: [GC pause (G1 Humongous Allocation) (young) (initial-mark), 0.0695770 secs]
   [Parallel Time: 67.8 ms, GC Workers: 8]
      [GC Worker Start (ms): Min: 111330.5, Avg: 111330.6, Max: 111330.7, Diff: 0.3]
      [Ext Root Scanning (ms): Min: 0.0, Avg: 4.3, Max: 29.8, Diff: 29.8, Sum: 34.3]
      [Update RS (ms): Min: 3.8, Avg: 29.5, Max: 34.4, Diff: 30.6, Sum: 236.1]
         [Processed Buffers: Min: 4, Avg: 18.5, Max: 21, Diff: 17, Sum: 148]
      [Scan RS (ms): Min: 2.4, Avg: 3.3, Max: 3.8, Diff: 1.4, Sum: 26.3]
      [Code Root Scanning (ms): Min: 0.0, Avg: 0.0, Max: 0.0, Diff: 0.0, Sum: 0.0]
      [Object Copy (ms): Min: 30.2, Avg: 30.3, Max: 30.4, Diff: 0.1, Sum: 242.5]
      [Termination (ms): Min: 0.0, Avg: 0.1, Max: 0.2, Diff: 0.2, Sum: 0.7]
         [Termination Attempts: Min: 1, Avg: 294.5, Max: 361, Diff: 360, Sum: 2356]
      [GC Worker Other (ms): Min: 0.0, Avg: 0.0, Max: 0.1, Diff: 0.0, Sum: 0.3]
      [GC Worker Total (ms): Min: 67.4, Avg: 67.5, Max: 67.6, Diff: 0.3, Sum: 540.1]
      [GC Worker End (ms): Min: 111398.1, Avg: 111398.1, Max: 111398.1, Diff: 0.0]
   [Code Root Fixup: 0.0 ms]
   [Code Root Purge: 0.0 ms]
   [Clear CT: 0.5 ms]
   [Other: 1.3 ms]
      [Choose CSet: 0.0 ms]
      [Ref Proc: 0.4 ms]
      [Ref Enq: 0.0 ms]
      [Redirty Cards: 0.4 ms]
      [Humongous Register: 0.1 ms]
      [Humongous Reclaim: 0.0 ms]
      [Free CSet: 0.1 ms]
   [Eden: 5120.0K(173.0M)->0.0B(170.0M) Survivors: 26.0M->6144.0K Heap: 1017.1M(2048.0M)->1020.6M(2048.0M)]
 [Times: user=0.50 sys=0.00, real=0.07 secs] 
2020-09-29T12:34:44.042+0200: 111.400: [GC concurrent-root-region-scan-start]
2020-09-29T12:34:44.045+0200: 111.403: [GC concurrent-root-region-scan-end, 0.0025918 secs]
2020-09-29T12:34:44.045+0200: 111.403: [GC concurrent-mark-start]
2020-09-29T12:34:44.049+0200: 111.407: [GC concurrent-mark-end, 0.0042919 secs]
2020-09-29T12:34:44.049+0200: 111.407: [GC remark 2020-09-29T12:34:44.049+0200: 111.407: [Finalize Marking, 0.0003683 secs] 2020-09-29T12:34:44.050+0200: 111.408: [GC ref-proc, 0.0005173 secs] 2020-09-29T12:34:44.050+0200: 111.408: [Unloading, 0.0009816 secs], 0.0026393 secs]
 [Times: user=0.05 sys=0.00, real=0.00 secs] 
2020-09-29T12:34:44.053+0200: 111.411: [GC cleanup 1030M->23M(2048M), 0.0025448 secs]
 [Times: user=0.00 sys=0.00, real=0.00 secs] 
2020-09-29T12:34:44.055+0200: 111.413: [GC concurrent-cleanup-start]
2020-09-29T12:34:44.057+0200: 111.415: [GC concurrent-cleanup-end, 0.0019594 secs]
2020-09-29T12:34:44.214+0200: 111.572: [GC pause (G1 Evacuation Pause) (young), 0.1514487 secs]
   [Parallel Time: 149.8 ms, GC Workers: 8]
      [GC Worker Start (ms): Min: 111572.0, Avg: 111572.1, Max: 111572.2, Diff: 0.3]
      [Ext Root Scanning (ms): Min: 0.0, Avg: 0.1, Max: 0.3, Diff: 0.3, Sum: 0.8]
      [Update RS (ms): Min: 13.5, Avg: 14.1, Max: 14.8, Diff: 1.3, Sum: 113.2]
         [Processed Buffers: Min: 9, Avg: 9.1, Max: 10, Diff: 1, Sum: 73]
      [Scan RS (ms): Min: 13.8, Avg: 14.5, Max: 15.2, Diff: 1.3, Sum: 115.8]
      [Code Root Scanning (ms): Min: 0.0, Avg: 0.0, Max: 0.0, Diff: 0.0, Sum: 0.0]
      [Object Copy (ms): Min: 120.6, Avg: 120.7, Max: 120.8, Diff: 0.2, Sum: 965.9]
      [Termination (ms): Min: 0.0, Avg: 0.0, Max: 0.0, Diff: 0.0, Sum: 0.1]
         [Termination Attempts: Min: 1, Avg: 42.5, Max: 69, Diff: 68, Sum: 340]
      [GC Worker Other (ms): Min: 0.0, Avg: 0.1, Max: 0.1, Diff: 0.1, Sum: 0.5]
      [GC Worker Total (ms): Min: 149.4, Avg: 149.5, Max: 149.7, Diff: 0.4, Sum: 1196.3]
      [GC Worker End (ms): Min: 111721.6, Avg: 111721.7, Max: 111721.7, Diff: 0.1]
   [Code Root Fixup: 0.0 ms]
   [Code Root Purge: 0.0 ms]
   [Clear CT: 0.4 ms]
   [Other: 1.2 ms]
      [Choose CSet: 0.0 ms]
      [Ref Proc: 0.3 ms]
      [Ref Enq: 0.0 ms]
      [Redirty Cards: 0.4 ms]
      [Humongous Register: 0.1 ms]
      [Humongous Reclaim: 0.0 ms]
      [Free CSet: 0.2 ms]
   [Eden: 170.0M(170.0M)->0.0B(164.0M) Survivors: 6144.0K->22.0M Heap: 212.6M(2048.0M)->208.1M(2048.0M)]
 [Times: user=1.25 sys=0.00, real=0.15 secs] 
2020-09-29T12:34:44.532+0200: 111.890: [GC pause (G1 Evacuation Pause) (young), 0.1743308 secs]
   [Parallel Time: 172.4 ms, GC Workers: 8]
      [GC Worker Start (ms): Min: 111890.4, Avg: 111890.7, Max: 111891.3, Diff: 0.8]
      [Ext Root Scanning (ms): Min: 0.0, Avg: 0.1, Max: 0.3, Diff: 0.3, Sum: 0.9]
      [Update RS (ms): Min: 18.5, Avg: 19.0, Max: 19.6, Diff: 1.1, Sum: 152.2]
         [Processed Buffers: Min: 10, Avg: 12.8, Max: 16, Diff: 6, Sum: 102]
      [Scan RS (ms): Min: 14.7, Avg: 15.2, Max: 15.4, Diff: 0.7, Sum: 121.2]
      [Code Root Scanning (ms): Min: 0.0, Avg: 0.0, Max: 0.0, Diff: 0.0, Sum: 0.0]
      [Object Copy (ms): Min: 137.5, Avg: 137.6, Max: 137.6, Diff: 0.2, Sum: 1100.5]
      [Termination (ms): Min: 0.0, Avg: 0.0, Max: 0.0, Diff: 0.0, Sum: 0.2]
         [Termination Attempts: Min: 1, Avg: 77.9, Max: 106, Diff: 105, Sum: 623]
      [GC Worker Other (ms): Min: 0.0, Avg: 0.1, Max: 0.1, Diff: 0.1, Sum: 0.5]
      [GC Worker Total (ms): Min: 171.4, Avg: 171.9, Max: 172.3, Diff: 0.8, Sum: 1375.4]
      [GC Worker End (ms): Min: 112062.6, Avg: 112062.7, Max: 112062.7, Diff: 0.1]
   [Code Root Fixup: 0.0 ms]
   [Code Root Purge: 0.0 ms]
   [Clear CT: 0.4 ms]
   [Other: 1.5 ms]
      [Choose CSet: 0.0 ms]
      [Ref Proc: 0.3 ms]
      [Ref Enq: 0.0 ms]
      [Redirty Cards: 0.5 ms]
      [Humongous Register: 0.1 ms]
      [Humongous Reclaim: 0.0 ms]
      [Free CSet: 0.3 ms]
   [Eden: 164.0M(164.0M)->0.0B(162.0M) Survivors: 22.0M->24.0M Heap: 400.7M(2048.0M)->402.7M(2048.0M)]
 [Times: user=1.34 sys=0.00, real=0.17 secs] 
2020-09-29T12:34:44.875+0200: 112.233: [GC pause (G1 Evacuation Pause) (young), 0.1703316 secs]
   [Parallel Time: 168.6 ms, GC Workers: 8]
      [GC Worker Start (ms): Min: 112232.8, Avg: 112233.0, Max: 112233.1, Diff: 0.3]
      [Ext Root Scanning (ms): Min: 0.0, Avg: 0.1, Max: 0.3, Diff: 0.3, Sum: 0.8]
      [Update RS (ms): Min: 17.7, Avg: 18.0, Max: 18.7, Diff: 1.0, Sum: 143.7]
         [Processed Buffers: Min: 11, Avg: 12.4, Max: 17, Diff: 6, Sum: 99]
      [Scan RS (ms): Min: 14.1, Avg: 14.9, Max: 15.1, Diff: 0.9, Sum: 118.9]
      [Code Root Scanning (ms): Min: 0.0, Avg: 0.0, Max: 0.0, Diff: 0.0, Sum: 0.0]
      [Object Copy (ms): Min: 135.1, Avg: 135.2, Max: 135.3, Diff: 0.1, Sum: 1081.6]
      [Termination (ms): Min: 0.0, Avg: 0.0, Max: 0.0, Diff: 0.0, Sum: 0.0]
         [Termination Attempts: Min: 1, Avg: 17.6, Max: 27, Diff: 26, Sum: 141]
      [GC Worker Other (ms): Min: 0.0, Avg: 0.0, Max: 0.1, Diff: 0.0, Sum: 0.3]
      [GC Worker Total (ms): Min: 168.1, Avg: 168.2, Max: 168.3, Diff: 0.3, Sum: 1345.4]
      [GC Worker End (ms): Min: 112401.1, Avg: 112401.1, Max: 112401.2, Diff: 0.0]
   [Code Root Fixup: 0.0 ms]
   [Code Root Purge: 0.0 ms]
   [Clear CT: 0.7 ms]
   [Other: 1.1 ms]
      [Choose CSet: 0.0 ms]
      [Ref Proc: 0.2 ms]
      [Ref Enq: 0.0 ms]
      [Redirty Cards: 0.3 ms]
      [Humongous Register: 0.1 ms]
      [Humongous Reclaim: 0.0 ms]
      [Free CSet: 0.2 ms]
   [Eden: 162.0M(162.0M)->0.0B(164.0M) Survivors: 24.0M->24.0M Heap: 591.4M(2048.0M)->593.4M(2048.0M)]
 [Times: user=1.36 sys=0.02, real=0.17 secs] 
2020-09-29T12:34:45.208+0200: 112.565: [GC pause (G1 Evacuation Pause) (young), 0.1747780 secs]
   [Parallel Time: 172.8 ms, GC Workers: 8]
      [GC Worker Start (ms): Min: 112565.5, Avg: 112565.6, Max: 112565.7, Diff: 0.2]
      [Ext Root Scanning (ms): Min: 0.0, Avg: 0.1, Max: 0.2, Diff: 0.2, Sum: 1.0]
      [Update RS (ms): Min: 22.6, Avg: 22.8, Max: 23.0, Diff: 0.4, Sum: 182.1]
         [Processed Buffers: Min: 12, Avg: 14.1, Max: 16, Diff: 4, Sum: 113]
      [Scan RS (ms): Min: 13.3, Avg: 13.5, Max: 13.8, Diff: 0.6, Sum: 108.2]
      [Code Root Scanning (ms): Min: 0.0, Avg: 0.0, Max: 0.0, Diff: 0.0, Sum: 0.0]
      [Object Copy (ms): Min: 135.7, Avg: 136.0, Max: 136.1, Diff: 0.4, Sum: 1088.0]
      [Termination (ms): Min: 0.0, Avg: 0.0, Max: 0.0, Diff: 0.0, Sum: 0.1]
         [Termination Attempts: Min: 1, Avg: 52.0, Max: 67, Diff: 66, Sum: 416]
      [GC Worker Other (ms): Min: 0.0, Avg: 0.1, Max: 0.1, Diff: 0.1, Sum: 0.4]
      [GC Worker Total (ms): Min: 172.4, Avg: 172.5, Max: 172.6, Diff: 0.3, Sum: 1379.8]
      [GC Worker End (ms): Min: 112738.0, Avg: 112738.1, Max: 112738.1, Diff: 0.1]
   [Code Root Fixup: 0.0 ms]
   [Code Root Purge: 0.0 ms]
   [Clear CT: 0.4 ms]
   [Other: 1.6 ms]
      [Choose CSet: 0.0 ms]
      [Ref Proc: 0.3 ms]
      [Ref Enq: 0.0 ms]
      [Redirty Cards: 0.7 ms]
      [Humongous Register: 0.1 ms]
      [Humongous Reclaim: 0.0 ms]
      [Free CSet: 0.2 ms]
   [Eden: 164.0M(164.0M)->0.0B(166.0M) Survivors: 24.0M->24.0M Heap: 784.1M(2048.0M)->786.1M(2048.0M)]
 [Times: user=1.38 sys=0.00, real=0.17 secs] 
2020-09-29T12:34:45.569+0200: 112.927: [GC pause (G1 Evacuation Pause) (young), 0.2636064 secs]
   [Parallel Time: 262.0 ms, GC Workers: 8]
      [GC Worker Start (ms): Min: 112927.0, Avg: 112927.1, Max: 112927.3, Diff: 0.2]
      [Ext Root Scanning (ms): Min: 0.0, Avg: 0.1, Max: 0.2, Diff: 0.2, Sum: 1.0]
      [Update RS (ms): Min: 20.0, Avg: 21.6, Max: 31.6, Diff: 11.6, Sum: 172.6]
         [Processed Buffers: Min: 0, Avg: 12.5, Max: 18, Diff: 18, Sum: 100]
      [Scan RS (ms): Min: 6.1, Avg: 19.4, Max: 43.6, Diff: 37.5, Sum: 155.6]
      [Code Root Scanning (ms): Min: 0.0, Avg: 0.0, Max: 0.0, Diff: 0.0, Sum: 0.0]
      [Object Copy (ms): Min: 197.2, Avg: 219.9, Max: 223.7, Diff: 26.4, Sum: 1759.1]
      [Termination (ms): Min: 0.0, Avg: 0.6, Max: 1.0, Diff: 1.0, Sum: 4.9]
         [Termination Attempts: Min: 1, Avg: 2247.6, Max: 3069, Diff: 3068, Sum: 17981]
      [GC Worker Other (ms): Min: 0.0, Avg: 0.1, Max: 0.1, Diff: 0.1, Sum: 0.4]
      [GC Worker Total (ms): Min: 261.6, Avg: 261.7, Max: 261.8, Diff: 0.2, Sum: 2093.6]
      [GC Worker End (ms): Min: 113188.8, Avg: 113188.8, Max: 113188.8, Diff: 0.1]
   [Code Root Fixup: 0.0 ms]
   [Code Root Purge: 0.0 ms]
   [Clear CT: 0.3 ms]
   [Other: 1.3 ms]
      [Choose CSet: 0.0 ms]
      [Ref Proc: 0.4 ms]
      [Ref Enq: 0.0 ms]
      [Redirty Cards: 0.3 ms]
      [Humongous Register: 0.1 ms]
      [Humongous Reclaim: 0.0 ms]
      [Free CSet: 0.3 ms]
   [Eden: 166.0M(166.0M)->0.0B(124.0M) Survivors: 24.0M->24.0M Heap: 980.7M(2048.0M)->983.2M(2048.0M)]
 [Times: user=1.78 sys=0.02, real=0.26 secs] 
2020-09-29T12:34:45.858+0200: 113.216: [GC pause (G1 Humongous Allocation) (young) (initial-mark), 0.0560215 secs]
   [Parallel Time: 54.4 ms, GC Workers: 8]
      [GC Worker Start (ms): Min: 113215.8, Avg: 113215.9, Max: 113216.0, Diff: 0.2]
      [Ext Root Scanning (ms): Min: 0.1, Avg: 0.1, Max: 0.2, Diff: 0.2, Sum: 1.2]
      [Update RS (ms): Min: 23.7, Avg: 24.3, Max: 24.7, Diff: 0.9, Sum: 194.7]
         [Processed Buffers: Min: 14, Avg: 15.4, Max: 17, Diff: 3, Sum: 123]
      [Scan RS (ms): Min: 2.5, Avg: 2.8, Max: 3.4, Diff: 0.9, Sum: 22.7]
      [Code Root Scanning (ms): Min: 0.0, Avg: 0.0, Max: 0.0, Diff: 0.0, Sum: 0.0]
      [Object Copy (ms): Min: 26.6, Avg: 26.7, Max: 26.8, Diff: 0.2, Sum: 214.0]
      [Termination (ms): Min: 0.0, Avg: 0.0, Max: 0.0, Diff: 0.0, Sum: 0.1]
         [Termination Attempts: Min: 1, Avg: 37.9, Max: 53, Diff: 52, Sum: 303]
      [GC Worker Other (ms): Min: 0.0, Avg: 0.0, Max: 0.0, Diff: 0.0, Sum: 0.2]
      [GC Worker Total (ms): Min: 54.0, Avg: 54.1, Max: 54.2, Diff: 0.2, Sum: 432.9]
      [GC Worker End (ms): Min: 113270.0, Avg: 113270.0, Max: 113270.0, Diff: 0.0]
   [Code Root Fixup: 0.0 ms]
   [Code Root Purge: 0.0 ms]
   [Clear CT: 0.3 ms]
   [Other: 1.3 ms]
      [Choose CSet: 0.0 ms]
      [Ref Proc: 0.4 ms]
      [Ref Enq: 0.0 ms]
      [Redirty Cards: 0.4 ms]
      [Humongous Register: 0.0 ms]
      [Humongous Reclaim: 0.0 ms]
      [Free CSet: 0.1 ms]
   [Eden: 10.0M(124.0M)->0.0B(151.0M) Survivors: 24.0M->12.0M Heap: 992.7M(2048.0M)->996.2M(2048.0M)]
 [Times: user=0.48 sys=0.00, real=0.06 secs] 
2020-09-29T12:34:45.915+0200: 113.272: [GC concurrent-root-region-scan-start]
2020-09-29T12:34:45.920+0200: 113.277: [GC concurrent-root-region-scan-end, 0.0050156 secs]
2020-09-29T12:34:45.920+0200: 113.277: [GC concurrent-mark-start]
2020-09-29T12:34:45.924+0200: 113.282: [GC concurrent-mark-end, 0.0046934 secs]
2020-09-29T12:34:45.925+0200: 113.282: [GC remark 2020-09-29T12:34:45.925+0200: 113.282: [Finalize Marking, 0.0002868 secs] 2020-09-29T12:34:45.925+0200: 113.282: [GC ref-proc, 0.0005438 secs] 2020-09-29T12:34:45.926+0200: 113.283: [Unloading, 0.0008766 secs], 0.0023209 secs]
 [Times: user=0.02 sys=0.00, real=0.00 secs] 
2020-09-29T12:34:45.928+0200: 113.285: [GC cleanup 1008M->31M(2048M), 0.0019547 secs]
 [Times: user=0.00 sys=0.00, real=0.00 secs] 
2020-09-29T12:34:45.930+0200: 113.287: [GC concurrent-cleanup-start]
2020-09-29T12:34:45.931+0200: 113.289: [GC concurrent-cleanup-end, 0.0017660 secs]
2020-09-29T12:34:46.068+0200: 113.425: [GC pause (G1 Evacuation Pause) (young), 0.1438523 secs]
   [Parallel Time: 139.6 ms, GC Workers: 8]
      [GC Worker Start (ms): Min: 113425.3, Avg: 113425.4, Max: 113425.5, Diff: 0.2]
      [Ext Root Scanning (ms): Min: 0.0, Avg: 0.1, Max: 0.3, Diff: 0.2, Sum: 0.9]
      [Update RS (ms): Min: 13.8, Avg: 14.1, Max: 14.4, Diff: 0.6, Sum: 112.8]
         [Processed Buffers: Min: 9, Avg: 10.3, Max: 12, Diff: 3, Sum: 82]
      [Scan RS (ms): Min: 12.0, Avg: 12.3, Max: 12.5, Diff: 0.5, Sum: 98.2]
      [Code Root Scanning (ms): Min: 0.0, Avg: 0.0, Max: 0.0, Diff: 0.0, Sum: 0.0]
      [Object Copy (ms): Min: 112.5, Avg: 112.6, Max: 112.6, Diff: 0.2, Sum: 900.7]
      [Termination (ms): Min: 0.0, Avg: 0.0, Max: 0.0, Diff: 0.0, Sum: 0.3]
         [Termination Attempts: Min: 1, Avg: 120.5, Max: 166, Diff: 165, Sum: 964]
      [GC Worker Other (ms): Min: 0.0, Avg: 0.1, Max: 0.1, Diff: 0.1, Sum: 0.4]
      [GC Worker Total (ms): Min: 139.0, Avg: 139.2, Max: 139.3, Diff: 0.3, Sum: 1113.3]
      [GC Worker End (ms): Min: 113564.5, Avg: 113564.6, Max: 113564.6, Diff: 0.1]
   [Code Root Fixup: 0.0 ms]
   [Code Root Purge: 0.0 ms]
   [Clear CT: 0.9 ms]
   [Other: 3.4 ms]
      [Choose CSet: 0.0 ms]
      [Ref Proc: 0.3 ms]
      [Ref Enq: 0.0 ms]
      [Redirty Cards: 2.3 ms]
      [Humongous Register: 0.1 ms]
      [Humongous Reclaim: 0.0 ms]
      [Free CSet: 0.2 ms]
   [Eden: 151.0M(151.0M)->0.0B(153.0M) Survivors: 12.0M->21.0M Heap: 197.2M(2048.0M)->187.7M(2048.0M)]
 [Times: user=1.02 sys=0.02, real=0.14 secs] 
2020-09-29T12:34:46.372+0200: 113.729: [GC pause (G1 Evacuation Pause) (young), 0.1757091 secs]
   [Parallel Time: 174.0 ms, GC Workers: 8]
      [GC Worker Start (ms): Min: 113729.5, Avg: 113732.6, Max: 113753.7, Diff: 24.3]
      [Ext Root Scanning (ms): Min: 0.0, Avg: 0.1, Max: 0.3, Diff: 0.3, Sum: 0.9]
      [Update RS (ms): Min: 0.0, Avg: 15.7, Max: 19.0, Diff: 19.0, Sum: 125.8]
         [Processed Buffers: Min: 0, Avg: 10.1, Max: 14, Diff: 14, Sum: 81]
      [Scan RS (ms): Min: 9.6, Avg: 14.9, Max: 16.1, Diff: 6.4, Sum: 119.1]
      [Code Root Scanning (ms): Min: 0.0, Avg: 0.0, Max: 0.0, Diff: 0.0, Sum: 0.0]
      [Object Copy (ms): Min: 139.7, Avg: 139.8, Max: 139.9, Diff: 0.1, Sum: 1118.4]
      [Termination (ms): Min: 0.0, Avg: 0.0, Max: 0.0, Diff: 0.0, Sum: 0.1]
         [Termination Attempts: Min: 1, Avg: 28.8, Max: 41, Diff: 40, Sum: 230]
      [GC Worker Other (ms): Min: 0.0, Avg: 0.0, Max: 0.1, Diff: 0.1, Sum: 0.3]
      [GC Worker Total (ms): Min: 149.4, Avg: 170.6, Max: 173.7, Diff: 24.3, Sum: 1364.6]
      [GC Worker End (ms): Min: 113903.2, Avg: 113903.2, Max: 113903.2, Diff: 0.1]
   [Code Root Fixup: 0.0 ms]
   [Code Root Purge: 0.0 ms]
   [Clear CT: 0.4 ms]
   [Other: 1.3 ms]
      [Choose CSet: 0.0 ms]
      [Ref Proc: 0.3 ms]
      [Ref Enq: 0.0 ms]
      [Redirty Cards: 0.4 ms]
      [Humongous Register: 0.1 ms]
      [Humongous Reclaim: 0.0 ms]
      [Free CSet: 0.3 ms]
   [Eden: 153.0M(153.0M)->0.0B(151.0M) Survivors: 21.0M->22.0M Heap: 365.5M(2048.0M)->368.0M(2048.0M)]
 [Times: user=1.34 sys=0.00, real=0.18 secs] 
2020-09-29T12:34:46.710+0200: 114.068: [GC pause (G1 Evacuation Pause) (young), 0.1926679 secs]
   [Parallel Time: 191.1 ms, GC Workers: 8]
      [GC Worker Start (ms): Min: 114068.1, Avg: 114068.3, Max: 114068.4, Diff: 0.3]
      [Ext Root Scanning (ms): Min: 0.0, Avg: 0.1, Max: 0.3, Diff: 0.3, Sum: 0.9]
      [Update RS (ms): Min: 20.9, Avg: 22.5, Max: 32.1, Diff: 11.1, Sum: 179.7]
         [Processed Buffers: Min: 0, Avg: 12.0, Max: 16, Diff: 16, Sum: 96]
      [Scan RS (ms): Min: 3.5, Avg: 13.1, Max: 14.8, Diff: 11.3, Sum: 105.0]
      [Code Root Scanning (ms): Min: 0.0, Avg: 0.0, Max: 0.0, Diff: 0.0, Sum: 0.0]
      [Object Copy (ms): Min: 154.6, Avg: 154.7, Max: 154.8, Diff: 0.1, Sum: 1237.6]
      [Termination (ms): Min: 0.0, Avg: 0.2, Max: 0.2, Diff: 0.2, Sum: 1.6]
         [Termination Attempts: Min: 1, Avg: 639.0, Max: 752, Diff: 751, Sum: 5112]
      [GC Worker Other (ms): Min: 0.0, Avg: 0.1, Max: 0.1, Diff: 0.1, Sum: 0.5]
      [GC Worker Total (ms): Min: 190.5, Avg: 190.7, Max: 190.8, Diff: 0.3, Sum: 1525.3]
      [GC Worker End (ms): Min: 114258.9, Avg: 114259.0, Max: 114259.0, Diff: 0.1]
   [Code Root Fixup: 0.0 ms]
   [Code Root Purge: 0.0 ms]
   [Clear CT: 0.3 ms]
   [Other: 1.3 ms]
      [Choose CSet: 0.0 ms]
      [Ref Proc: 0.3 ms]
      [Ref Enq: 0.0 ms]
      [Redirty Cards: 0.3 ms]
      [Humongous Register: 0.1 ms]
      [Humongous Reclaim: 0.0 ms]
      [Free CSet: 0.3 ms]
   [Eden: 151.0M(151.0M)->0.0B(145.0M) Survivors: 22.0M->22.0M Heap: 543.8M(2048.0M)->545.3M(2048.0M)]
 [Times: user=1.47 sys=0.00, real=0.19 secs] 
2020-09-29T12:34:47.057+0200: 114.415: [GC pause (G1 Evacuation Pause) (young), 0.1563523 secs]
   [Parallel Time: 154.4 ms, GC Workers: 8]
      [GC Worker Start (ms): Min: 114415.3, Avg: 114415.5, Max: 114415.6, Diff: 0.2]
      [Ext Root Scanning (ms): Min: 0.1, Avg: 0.1, Max: 0.3, Diff: 0.2, Sum: 1.1]
      [Update RS (ms): Min: 16.1, Avg: 16.2, Max: 16.7, Diff: 0.6, Sum: 129.8]
         [Processed Buffers: Min: 10, Avg: 11.1, Max: 14, Diff: 4, Sum: 89]
      [Scan RS (ms): Min: 13.0, Avg: 13.4, Max: 13.6, Diff: 0.6, Sum: 107.1]
      [Code Root Scanning (ms): Min: 0.0, Avg: 0.0, Max: 0.0, Diff: 0.0, Sum: 0.0]
      [Object Copy (ms): Min: 124.2, Avg: 124.3, Max: 124.4, Diff: 0.1, Sum: 994.3]
      [Termination (ms): Min: 0.0, Avg: 0.0, Max: 0.0, Diff: 0.0, Sum: 0.1]
         [Termination Attempts: Min: 1, Avg: 33.6, Max: 43, Diff: 42, Sum: 269]
      [GC Worker Other (ms): Min: 0.0, Avg: 0.1, Max: 0.1, Diff: 0.1, Sum: 0.4]
      [GC Worker Total (ms): Min: 154.0, Avg: 154.1, Max: 154.2, Diff: 0.2, Sum: 1232.8]
      [GC Worker End (ms): Min: 114569.5, Avg: 114569.6, Max: 114569.6, Diff: 0.1]
   [Code Root Fixup: 0.0 ms]
   [Code Root Purge: 0.0 ms]
   [Clear CT: 0.4 ms]
   [Other: 1.5 ms]
      [Choose CSet: 0.0 ms]
      [Ref Proc: 0.4 ms]
      [Ref Enq: 0.0 ms]
      [Redirty Cards: 0.7 ms]
      [Humongous Register: 0.1 ms]
      [Humongous Reclaim: 0.0 ms]
      [Free CSet: 0.2 ms]
   [Eden: 145.0M(145.0M)->0.0B(154.0M) Survivors: 22.0M->21.0M Heap: 715.1M(2048.0M)->717.6M(2048.0M)]
 [Times: user=1.25 sys=0.00, real=0.16 secs] 
2020-09-29T12:34:47.369+0200: 114.727: [GC pause (G1 Evacuation Pause) (young), 0.1621219 secs]
   [Parallel Time: 160.5 ms, GC Workers: 8]
      [GC Worker Start (ms): Min: 114727.5, Avg: 114727.6, Max: 114727.8, Diff: 0.3]
      [Ext Root Scanning (ms): Min: 0.0, Avg: 0.1, Max: 0.2, Diff: 0.2, Sum: 1.0]
      [Update RS (ms): Min: 16.0, Avg: 16.4, Max: 17.1, Diff: 1.2, Sum: 131.4]
         [Processed Buffers: Min: 10, Avg: 10.1, Max: 11, Diff: 1, Sum: 81]
      [Scan RS (ms): Min: 13.6, Avg: 14.4, Max: 14.9, Diff: 1.2, Sum: 115.1]
      [Code Root Scanning (ms): Min: 0.0, Avg: 0.0, Max: 0.0, Diff: 0.0, Sum: 0.0]
      [Object Copy (ms): Min: 129.0, Avg: 129.1, Max: 129.2, Diff: 0.2, Sum: 1032.9]
      [Termination (ms): Min: 0.0, Avg: 0.0, Max: 0.1, Diff: 0.1, Sum: 0.2]
         [Termination Attempts: Min: 1, Avg: 79.3, Max: 109, Diff: 108, Sum: 634]
      [GC Worker Other (ms): Min: 0.0, Avg: 0.0, Max: 0.1, Diff: 0.1, Sum: 0.4]
      [GC Worker Total (ms): Min: 160.0, Avg: 160.1, Max: 160.3, Diff: 0.2, Sum: 1281.1]
      [GC Worker End (ms): Min: 114887.7, Avg: 114887.7, Max: 114887.8, Diff: 0.1]
   [Code Root Fixup: 0.0 ms]
   [Code Root Purge: 0.0 ms]
   [Clear CT: 0.3 ms]
   [Other: 1.3 ms]
      [Choose CSet: 0.0 ms]
      [Ref Proc: 0.4 ms]
      [Ref Enq: 0.0 ms]
      [Redirty Cards: 0.4 ms]
      [Humongous Register: 0.1 ms]
      [Humongous Reclaim: 0.0 ms]
      [Free CSet: 0.2 ms]
   [Eden: 154.0M(154.0M)->0.0B(159.0M) Survivors: 21.0M->22.0M Heap: 896.4M(2048.0M)->899.4M(2048.0M)]
 [Times: user=1.25 sys=0.00, real=0.16 secs] 
2020-09-29T12:34:47.699+0200: 115.057: [GC pause (G1 Evacuation Pause) (young), 0.1648718 secs]
   [Parallel Time: 163.2 ms, GC Workers: 8]
      [GC Worker Start (ms): Min: 115057.5, Avg: 115057.7, Max: 115057.8, Diff: 0.3]
      [Ext Root Scanning (ms): Min: 0.0, Avg: 0.1, Max: 0.3, Diff: 0.3, Sum: 0.8]
      [Update RS (ms): Min: 19.6, Avg: 19.7, Max: 20.0, Diff: 0.4, Sum: 157.9]
         [Processed Buffers: Min: 12, Avg: 12.6, Max: 14, Diff: 2, Sum: 101]
      [Scan RS (ms): Min: 13.2, Avg: 13.4, Max: 13.6, Diff: 0.3, Sum: 107.3]
      [Code Root Scanning (ms): Min: 0.0, Avg: 0.0, Max: 0.0, Diff: 0.0, Sum: 0.0]
      [Object Copy (ms): Min: 129.3, Avg: 129.4, Max: 129.5, Diff: 0.2, Sum: 1035.4]
      [Termination (ms): Min: 0.0, Avg: 0.0, Max: 0.0, Diff: 0.0, Sum: 0.0]
         [Termination Attempts: Min: 1, Avg: 4.5, Max: 9, Diff: 8, Sum: 36]
      [GC Worker Other (ms): Min: 0.0, Avg: 0.0, Max: 0.1, Diff: 0.1, Sum: 0.4]
      [GC Worker Total (ms): Min: 162.6, Avg: 162.7, Max: 162.9, Diff: 0.3, Sum: 1301.9]
      [GC Worker End (ms): Min: 115220.4, Avg: 115220.4, Max: 115220.4, Diff: 0.1]
   [Code Root Fixup: 0.0 ms]
   [Code Root Purge: 0.0 ms]
   [Clear CT: 0.4 ms]
   [Other: 1.3 ms]
      [Choose CSet: 0.0 ms]
      [Ref Proc: 0.3 ms]
      [Ref Enq: 0.0 ms]
      [Redirty Cards: 0.3 ms]
      [Humongous Register: 0.1 ms]
      [Humongous Reclaim: 0.0 ms]
      [Free CSet: 0.3 ms]
   [Eden: 159.0M(159.0M)->0.0B(164.0M) Survivors: 22.0M->23.0M Heap: 1085.1M(2048.0M)->1087.1M(2048.0M)]
 [Times: user=1.33 sys=0.00, real=0.17 secs] 
2020-09-29T12:34:47.870+0200: 115.228: [GC pause (G1 Humongous Allocation) (young) (initial-mark), 0.0654440 secs]
   [Parallel Time: 63.7 ms, GC Workers: 8]
      [GC Worker Start (ms): Min: 115228.5, Avg: 115228.6, Max: 115228.7, Diff: 0.2]
      [Ext Root Scanning (ms): Min: 0.0, Avg: 0.5, Max: 1.4, Diff: 1.4, Sum: 4.0]
      [Update RS (ms): Min: 39.5, Avg: 40.4, Max: 41.0, Diff: 1.5, Sum: 323.1]
         [Processed Buffers: Min: 25, Avg: 27.0, Max: 29, Diff: 4, Sum: 216]
      [Scan RS (ms): Min: 1.4, Avg: 1.7, Max: 2.2, Diff: 0.8, Sum: 14.0]
      [Code Root Scanning (ms): Min: 0.0, Avg: 0.0, Max: 0.0, Diff: 0.0, Sum: 0.0]
      [Object Copy (ms): Min: 20.6, Avg: 20.8, Max: 20.8, Diff: 0.2, Sum: 166.1]
      [Termination (ms): Min: 0.0, Avg: 0.0, Max: 0.0, Diff: 0.0, Sum: 0.0]
         [Termination Attempts: Min: 1, Avg: 14.8, Max: 21, Diff: 20, Sum: 118]
      [GC Worker Other (ms): Min: 0.0, Avg: 0.0, Max: 0.0, Diff: 0.0, Sum: 0.3]
      [GC Worker Total (ms): Min: 63.3, Avg: 63.4, Max: 63.5, Diff: 0.2, Sum: 507.5]
      [GC Worker End (ms): Min: 115292.0, Avg: 115292.0, Max: 115292.0, Diff: 0.0]
   [Code Root Fixup: 0.0 ms]
   [Code Root Purge: 0.0 ms]
   [Clear CT: 0.6 ms]
   [Other: 1.1 ms]
      [Choose CSet: 0.0 ms]
      [Ref Proc: 0.2 ms]
      [Ref Enq: 0.0 ms]
      [Redirty Cards: 0.3 ms]
      [Humongous Register: 0.1 ms]
      [Humongous Reclaim: 0.0 ms]
      [Free CSet: 0.1 ms]
   [Eden: 3072.0K(164.0M)->0.0B(179.0M) Survivors: 23.0M->4096.0K Heap: 1090.1M(2048.0M)->1093.1M(2048.0M)]
 [Times: user=0.50 sys=0.00, real=0.07 secs] 
2020-09-29T12:34:47.936+0200: 115.294: [GC concurrent-root-region-scan-start]
2020-09-29T12:34:47.938+0200: 115.296: [GC concurrent-root-region-scan-end, 0.0016852 secs]
2020-09-29T12:34:47.938+0200: 115.296: [GC concurrent-mark-start]
2020-09-29T12:34:47.942+0200: 115.301: [GC concurrent-mark-end, 0.0049161 secs]
2020-09-29T12:34:47.943+0200: 115.301: [GC remark 2020-09-29T12:34:47.943+0200: 115.301: [Finalize Marking, 0.0003406 secs] 2020-09-29T12:34:47.943+0200: 115.301: [GC ref-proc, 0.0005788 secs] 2020-09-29T12:34:47.944+0200: 115.302: [Unloading, 0.0011734 secs], 0.0029597 secs]
 [Times: user=0.00 sys=0.00, real=0.00 secs] 
2020-09-29T12:34:47.946+0200: 115.305: [GC cleanup 1101M->20M(2048M), 0.0028064 secs]
 [Times: user=0.00 sys=0.00, real=0.00 secs] 
2020-09-29T12:34:47.949+0200: 115.307: [GC concurrent-cleanup-start]
2020-09-29T12:34:47.952+0200: 115.310: [GC concurrent-cleanup-end, 0.0026560 secs]
2020-09-29T12:34:48.117+0200: 115.475: [GC pause (G1 Evacuation Pause) (young), 0.1699051 secs]
   [Parallel Time: 167.9 ms, GC Workers: 8]
      [GC Worker Start (ms): Min: 115475.6, Avg: 115475.7, Max: 115475.9, Diff: 0.3]
      [Ext Root Scanning (ms): Min: 0.0, Avg: 0.1, Max: 0.3, Diff: 0.3, Sum: 0.8]
      [Update RS (ms): Min: 21.1, Avg: 21.5, Max: 22.3, Diff: 1.2, Sum: 171.7]
         [Processed Buffers: Min: 12, Avg: 13.5, Max: 15, Diff: 3, Sum: 108]
      [Scan RS (ms): Min: 12.2, Avg: 13.1, Max: 13.5, Diff: 1.3, Sum: 104.5]
      [Code Root Scanning (ms): Min: 0.0, Avg: 0.0, Max: 0.0, Diff: 0.0, Sum: 0.0]
      [Object Copy (ms): Min: 132.7, Avg: 132.8, Max: 132.9, Diff: 0.2, Sum: 1062.3]
      [Termination (ms): Min: 0.0, Avg: 0.0, Max: 0.0, Diff: 0.0, Sum: 0.2]
         [Termination Attempts: Min: 1, Avg: 105.9, Max: 137, Diff: 136, Sum: 847]
      [GC Worker Other (ms): Min: 0.0, Avg: 0.0, Max: 0.1, Diff: 0.1, Sum: 0.4]
      [GC Worker Total (ms): Min: 167.4, Avg: 167.5, Max: 167.6, Diff: 0.2, Sum: 1339.9]
      [GC Worker End (ms): Min: 115643.2, Avg: 115643.2, Max: 115643.3, Diff: 0.1]
   [Code Root Fixup: 0.0 ms]
   [Code Root Purge: 0.0 ms]
   [Clear CT: 0.4 ms]
   [Other: 1.6 ms]
      [Choose CSet: 0.0 ms]
      [Ref Proc: 0.5 ms]
      [Ref Enq: 0.0 ms]
      [Redirty Cards: 0.6 ms]
      [Humongous Register: 0.1 ms]
      [Humongous Reclaim: 0.0 ms]
      [Free CSet: 0.2 ms]
   [Eden: 179.0M(179.0M)->0.0B(165.0M) Survivors: 4096.0K->23.0M Heap: 221.5M(2048.0M)->220.0M(2048.0M)]
 [Times: user=1.23 sys=0.00, real=0.17 secs] 
2020-09-29T12:34:48.394+0200: 115.752: [GC pause (G1 Evacuation Pause) (young), 0.0871256 secs]
   [Parallel Time: 86.1 ms, GC Workers: 8]
      [GC Worker Start (ms): Min: 115752.4, Avg: 115752.5, Max: 115752.6, Diff: 0.2]
      [Ext Root Scanning (ms): Min: 0.0, Avg: 0.1, Max: 0.2, Diff: 0.2, Sum: 0.5]
      [Update RS (ms): Min: 11.2, Avg: 11.3, Max: 11.4, Diff: 0.2, Sum: 90.1]
         [Processed Buffers: Min: 13, Avg: 15.1, Max: 19, Diff: 6, Sum: 121]
      [Scan RS (ms): Min: 6.8, Avg: 6.9, Max: 6.9, Diff: 0.1, Sum: 55.0]
      [Code Root Scanning (ms): Min: 0.0, Avg: 0.0, Max: 0.0, Diff: 0.0, Sum: 0.0]
      [Object Copy (ms): Min: 67.6, Avg: 67.6, Max: 67.6, Diff: 0.1, Sum: 540.7]
      [Termination (ms): Min: 0.0, Avg: 0.0, Max: 0.0, Diff: 0.0, Sum: 0.0]
         [Termination Attempts: Min: 1, Avg: 5.1, Max: 7, Diff: 6, Sum: 41]
      [GC Worker Other (ms): Min: 0.0, Avg: 0.0, Max: 0.1, Diff: 0.0, Sum: 0.2]
      [GC Worker Total (ms): Min: 85.7, Avg: 85.8, Max: 85.9, Diff: 0.2, Sum: 686.5]
      [GC Worker End (ms): Min: 115838.3, Avg: 115838.3, Max: 115838.3, Diff: 0.0]
   [Code Root Fixup: 0.0 ms]
   [Code Root Purge: 0.0 ms]
   [Clear CT: 0.2 ms]
   [Other: 0.9 ms]
      [Choose CSet: 0.0 ms]
      [Ref Proc: 0.2 ms]
      [Ref Enq: 0.0 ms]
      [Redirty Cards: 0.3 ms]
      [Humongous Register: 0.0 ms]
      [Humongous Reclaim: 0.0 ms]
      [Free CSet: 0.1 ms]
   [Eden: 165.0M(165.0M)->0.0B(185.0M) Survivors: 23.0M->24.0M Heap: 413.6M(2048.0M)->415.1M(2048.0M)]
 [Times: user=0.75 sys=0.00, real=0.09 secs] 
2020-09-29T12:34:48.584+0200: 115.942: [GC pause (G1 Evacuation Pause) (young), 0.1043570 secs]
   [Parallel Time: 103.2 ms, GC Workers: 8]
      [GC Worker Start (ms): Min: 115942.3, Avg: 115942.4, Max: 115942.4, Diff: 0.1]
      [Ext Root Scanning (ms): Min: 0.0, Avg: 0.1, Max: 0.1, Diff: 0.1, Sum: 0.5]
      [Update RS (ms): Min: 11.8, Avg: 11.9, Max: 12.4, Diff: 0.7, Sum: 95.4]
         [Processed Buffers: Min: 0, Avg: 13.3, Max: 17, Diff: 17, Sum: 106]
      [Scan RS (ms): Min: 8.0, Avg: 8.6, Max: 8.7, Diff: 0.7, Sum: 68.6]
      [Code Root Scanning (ms): Min: 0.0, Avg: 0.0, Max: 0.0, Diff: 0.0, Sum: 0.0]
      [Object Copy (ms): Min: 82.4, Avg: 82.4, Max: 82.4, Diff: 0.0, Sum: 659.2]
      [Termination (ms): Min: 0.0, Avg: 0.0, Max: 0.0, Diff: 0.0, Sum: 0.1]
         [Termination Attempts: Min: 1, Avg: 59.5, Max: 74, Diff: 73, Sum: 476]
      [GC Worker Other (ms): Min: 0.0, Avg: 0.0, Max: 0.1, Diff: 0.1, Sum: 0.3]
      [GC Worker Total (ms): Min: 102.9, Avg: 103.0, Max: 103.1, Diff: 0.2, Sum: 824.0]
      [GC Worker End (ms): Min: 116045.4, Avg: 116045.4, Max: 116045.4, Diff: 0.1]
   [Code Root Fixup: 0.0 ms]
   [Code Root Purge: 0.0 ms]
   [Clear CT: 0.2 ms]
   [Other: 1.0 ms]
      [Choose CSet: 0.0 ms]
      [Ref Proc: 0.2 ms]
      [Ref Enq: 0.0 ms]
      [Redirty Cards: 0.2 ms]
      [Humongous Register: 0.0 ms]
      [Humongous Reclaim: 0.0 ms]
      [Free CSet: 0.4 ms]
   [Eden: 185.0M(185.0M)->0.0B(209.0M) Survivors: 24.0M->27.0M Heap: 630.6M(2048.0M)->632.6M(2048.0M)]
 [Times: user=0.75 sys=0.00, real=0.10 secs] 
2020-09-29T12:34:48.810+0200: 116.167: [GC pause (G1 Evacuation Pause) (young), 0.1098967 secs]
   [Parallel Time: 109.0 ms, GC Workers: 8]
      [GC Worker Start (ms): Min: 116167.5, Avg: 116167.6, Max: 116167.7, Diff: 0.2]
      [Ext Root Scanning (ms): Min: 0.0, Avg: 0.1, Max: 0.2, Diff: 0.2, Sum: 0.4]
      [Update RS (ms): Min: 12.3, Avg: 12.3, Max: 12.6, Diff: 0.3, Sum: 98.8]
         [Processed Buffers: Min: 12, Avg: 13.4, Max: 15, Diff: 3, Sum: 107]
      [Scan RS (ms): Min: 11.3, Avg: 11.4, Max: 11.5, Diff: 0.2, Sum: 91.3]
      [Code Root Scanning (ms): Min: 0.0, Avg: 0.0, Max: 0.0, Diff: 0.0, Sum: 0.0]
      [Object Copy (ms): Min: 84.9, Avg: 84.9, Max: 84.9, Diff: 0.1, Sum: 679.3]
      [Termination (ms): Min: 0.0, Avg: 0.0, Max: 0.0, Diff: 0.0, Sum: 0.1]
         [Termination Attempts: Min: 1, Avg: 88.5, Max: 121, Diff: 120, Sum: 708]
      [GC Worker Other (ms): Min: 0.0, Avg: 0.0, Max: 0.1, Diff: 0.0, Sum: 0.2]
      [GC Worker Total (ms): Min: 108.7, Avg: 108.8, Max: 108.9, Diff: 0.2, Sum: 870.2]
      [GC Worker End (ms): Min: 116276.4, Avg: 116276.4, Max: 116276.4, Diff: 0.0]
   [Code Root Fixup: 0.0 ms]
   [Code Root Purge: 0.0 ms]
   [Clear CT: 0.2 ms]
   [Other: 0.7 ms]
      [Choose CSet: 0.0 ms]
      [Ref Proc: 0.1 ms]
      [Ref Enq: 0.0 ms]
      [Redirty Cards: 0.2 ms]
      [Humongous Register: 0.1 ms]
      [Humongous Reclaim: 0.0 ms]
      [Free CSet: 0.2 ms]
   [Eden: 209.0M(209.0M)->0.0B(234.0M) Survivors: 27.0M->30.0M Heap: 876.0M(2048.0M)->878.0M(2048.0M)]
 [Times: user=0.88 sys=0.00, real=0.11 secs] 
2020-09-29T12:34:49.047+0200: 116.404: [GC pause (G1 Evacuation Pause) (young), 0.1306079 secs]
   [Parallel Time: 129.4 ms, GC Workers: 8]
      [GC Worker Start (ms): Min: 116404.2, Avg: 116404.3, Max: 116404.4, Diff: 0.2]
      [Ext Root Scanning (ms): Min: 0.0, Avg: 0.1, Max: 0.2, Diff: 0.2, Sum: 0.5]
      [Update RS (ms): Min: 14.5, Avg: 14.8, Max: 15.4, Diff: 0.9, Sum: 118.4]
         [Processed Buffers: Min: 14, Avg: 16.1, Max: 18, Diff: 4, Sum: 129]
      [Scan RS (ms): Min: 11.3, Avg: 11.9, Max: 12.2, Diff: 0.8, Sum: 95.5]
      [Code Root Scanning (ms): Min: 0.0, Avg: 0.0, Max: 0.0, Diff: 0.0, Sum: 0.0]
      [Object Copy (ms): Min: 102.2, Avg: 102.3, Max: 102.3, Diff: 0.1, Sum: 818.3]
      [Termination (ms): Min: 0.0, Avg: 0.0, Max: 0.0, Diff: 0.0, Sum: 0.2]
         [Termination Attempts: Min: 1, Avg: 149.9, Max: 182, Diff: 181, Sum: 1199]
      [GC Worker Other (ms): Min: 0.0, Avg: 0.0, Max: 0.1, Diff: 0.0, Sum: 0.3]
      [GC Worker Total (ms): Min: 129.1, Avg: 129.2, Max: 129.3, Diff: 0.2, Sum: 1033.3]
      [GC Worker End (ms): Min: 116533.4, Avg: 116533.5, Max: 116533.5, Diff: 0.0]
   [Code Root Fixup: 0.0 ms]
   [Code Root Purge: 0.0 ms]
   [Clear CT: 0.2 ms]
   [Other: 1.0 ms]
      [Choose CSet: 0.0 ms]
      [Ref Proc: 0.2 ms]
      [Ref Enq: 0.0 ms]
      [Redirty Cards: 0.4 ms]
      [Humongous Register: 0.1 ms]
      [Humongous Reclaim: 0.0 ms]
      [Free CSet: 0.1 ms]
   [Eden: 234.0M(234.0M)->0.0B(256.0M) Survivors: 30.0M->33.0M Heap: 1150.1M(2048.0M)->1152.6M(2048.0M)]
 [Times: user=1.05 sys=0.02, real=0.13 secs] 
2020-09-29T12:34:49.184+0200: 116.541: [GC pause (G1 Humongous Allocation) (young) (initial-mark), 0.0441871 secs]
   [Parallel Time: 42.8 ms, GC Workers: 8]
      [GC Worker Start (ms): Min: 116541.6, Avg: 116541.6, Max: 116541.7, Diff: 0.2]
      [Ext Root Scanning (ms): Min: 0.0, Avg: 0.2, Max: 0.7, Diff: 0.7, Sum: 1.4]
      [Update RS (ms): Min: 26.9, Avg: 27.4, Max: 27.7, Diff: 0.9, Sum: 219.4]
         [Processed Buffers: Min: 32, Avg: 33.6, Max: 36, Diff: 4, Sum: 269]
      [Scan RS (ms): Min: 1.6, Avg: 1.9, Max: 2.1, Diff: 0.5, Sum: 15.3]
      [Code Root Scanning (ms): Min: 0.0, Avg: 0.0, Max: 0.0, Diff: 0.0, Sum: 0.0]
      [Object Copy (ms): Min: 13.0, Avg: 13.1, Max: 13.1, Diff: 0.1, Sum: 104.7]
      [Termination (ms): Min: 0.0, Avg: 0.0, Max: 0.0, Diff: 0.0, Sum: 0.0]
         [Termination Attempts: Min: 1, Avg: 28.4, Max: 40, Diff: 39, Sum: 227]
      [GC Worker Other (ms): Min: 0.0, Avg: 0.0, Max: 0.0, Diff: 0.0, Sum: 0.1]
      [GC Worker Total (ms): Min: 42.5, Avg: 42.6, Max: 42.7, Diff: 0.2, Sum: 340.9]
      [GC Worker End (ms): Min: 116584.2, Avg: 116584.2, Max: 116584.3, Diff: 0.0]
   [Code Root Fixup: 0.0 ms]
   [Code Root Purge: 0.0 ms]
   [Clear CT: 0.1 ms]
   [Other: 1.2 ms]
      [Choose CSet: 0.0 ms]
      [Ref Proc: 0.2 ms]
      [Ref Enq: 0.0 ms]
      [Redirty Cards: 0.8 ms]
      [Humongous Register: 0.0 ms]
      [Humongous Reclaim: 0.0 ms]
      [Free CSet: 0.0 ms]
   [Eden: 1024.0K(256.0M)->0.0B(313.0M) Survivors: 33.0M->4096.0K Heap: 1153.6M(2048.0M)->1158.1M(2048.0M)]
 [Times: user=0.38 sys=0.00, real=0.04 secs] 
2020-09-29T12:34:49.228+0200: 116.586: [GC concurrent-root-region-scan-start]
2020-09-29T12:34:49.229+0200: 116.586: [GC concurrent-root-region-scan-end, 0.0002676 secs]
2020-09-29T12:34:49.229+0200: 116.586: [GC concurrent-mark-start]
2020-09-29T12:34:49.231+0200: 116.588: [GC concurrent-mark-end, 0.0022181 secs]
2020-09-29T12:34:49.232+0200: 116.589: [GC remark 2020-09-29T12:34:49.232+0200: 116.589: [Finalize Marking, 0.0001659 secs] 2020-09-29T12:34:49.232+0200: 116.590: [GC ref-proc, 0.0002772 secs] 2020-09-29T12:34:49.233+0200: 116.590: [Unloading, 0.0004157 secs], 0.0011729 secs]
 [Times: user=0.00 sys=0.00, real=0.00 secs] 
2020-09-29T12:34:49.234+0200: 116.591: [GC cleanup 1162M->15M(2048M), 0.0011357 secs]
 [Times: user=0.00 sys=0.00, real=0.00 secs] 
2020-09-29T12:34:49.235+0200: 116.592: [GC concurrent-cleanup-start]
2020-09-29T12:34:49.236+0200: 116.593: [GC concurrent-cleanup-end, 0.0013841 secs]
2020-09-29T12:34:49.405+0200: 116.763: [GC pause (G1 Evacuation Pause) (young), 0.1611881 secs]
   [Parallel Time: 160.0 ms, GC Workers: 8]
      [GC Worker Start (ms): Min: 116762.8, Avg: 116762.9, Max: 116763.0, Diff: 0.2]
      [Ext Root Scanning (ms): Min: 0.0, Avg: 0.1, Max: 0.2, Diff: 0.2, Sum: 0.6]
      [Update RS (ms): Min: 14.4, Avg: 14.6, Max: 15.3, Diff: 0.9, Sum: 116.9]
         [Processed Buffers: Min: 14, Avg: 15.5, Max: 19, Diff: 5, Sum: 124]
      [Scan RS (ms): Min: 19.1, Avg: 19.7, Max: 19.9, Diff: 0.8, Sum: 157.4]
      [Code Root Scanning (ms): Min: 0.0, Avg: 0.0, Max: 0.0, Diff: 0.0, Sum: 0.0]
      [Object Copy (ms): Min: 125.1, Avg: 125.2, Max: 125.3, Diff: 0.2, Sum: 1001.9]
      [Termination (ms): Min: 0.0, Avg: 0.0, Max: 0.1, Diff: 0.1, Sum: 0.4]
         [Termination Attempts: Min: 1, Avg: 287.6, Max: 364, Diff: 363, Sum: 2301]
      [GC Worker Other (ms): Min: 0.0, Avg: 0.1, Max: 0.1, Diff: 0.1, Sum: 0.4]
      [GC Worker Total (ms): Min: 159.6, Avg: 159.7, Max: 159.8, Diff: 0.2, Sum: 1277.6]
      [GC Worker End (ms): Min: 116922.6, Avg: 116922.6, Max: 116922.6, Diff: 0.1]
   [Code Root Fixup: 0.0 ms]
   [Code Root Purge: 0.0 ms]
   [Clear CT: 0.2 ms]
   [Other: 1.0 ms]
      [Choose CSet: 0.0 ms]
      [Ref Proc: 0.2 ms]
      [Ref Enq: 0.0 ms]
      [Redirty Cards: 0.3 ms]
      [Humongous Register: 0.0 ms]
      [Humongous Reclaim: 0.0 ms]
      [Free CSet: 0.3 ms]
   [Eden: 313.0M(313.0M)->0.0B(284.0M) Survivors: 4096.0K->40.0M Heap: 377.9M(2048.0M)->376.9M(2048.0M)]
 [Times: user=1.27 sys=0.01, real=0.16 secs] 
2020-09-29T12:34:49.737+0200: 117.094: [GC pause (G1 Evacuation Pause) (young), 0.1784862 secs]
   [Parallel Time: 177.5 ms, GC Workers: 8]
      [GC Worker Start (ms): Min: 117094.4, Avg: 117094.5, Max: 117094.6, Diff: 0.1]
      [Ext Root Scanning (ms): Min: 0.0, Avg: 0.1, Max: 0.2, Diff: 0.1, Sum: 0.6]
      [Update RS (ms): Min: 17.0, Avg: 17.6, Max: 20.8, Diff: 3.8, Sum: 140.9]
         [Processed Buffers: Min: 3, Avg: 17.0, Max: 22, Diff: 19, Sum: 136]
      [Scan RS (ms): Min: 13.7, Avg: 17.4, Max: 20.8, Diff: 7.1, Sum: 139.4]
      [Code Root Scanning (ms): Min: 0.0, Avg: 0.0, Max: 0.0, Diff: 0.0, Sum: 0.0]
      [Object Copy (ms): Min: 138.7, Avg: 141.8, Max: 142.6, Diff: 3.9, Sum: 1134.6]
      [Termination (ms): Min: 0.0, Avg: 0.3, Max: 0.4, Diff: 0.4, Sum: 2.4]
         [Termination Attempts: Min: 1, Avg: 2125.3, Max: 2782, Diff: 2781, Sum: 17002]
      [GC Worker Other (ms): Min: 0.0, Avg: 0.0, Max: 0.1, Diff: 0.1, Sum: 0.4]
      [GC Worker Total (ms): Min: 177.2, Avg: 177.3, Max: 177.4, Diff: 0.2, Sum: 1418.2]
      [GC Worker End (ms): Min: 117271.8, Avg: 117271.8, Max: 117271.8, Diff: 0.1]
   [Code Root Fixup: 0.0 ms]
   [Code Root Purge: 0.0 ms]
   [Clear CT: 0.2 ms]
   [Other: 0.9 ms]
      [Choose CSet: 0.0 ms]
      [Ref Proc: 0.2 ms]
      [Ref Enq: 0.0 ms]
      [Redirty Cards: 0.2 ms]
      [Humongous Register: 0.0 ms]
      [Humongous Reclaim: 0.0 ms]
      [Free CSet: 0.2 ms]
   [Eden: 284.0M(284.0M)->0.0B(275.0M) Survivors: 40.0M->41.0M Heap: 708.6M(2048.0M)->711.1M(2048.0M)]
 [Times: user=1.45 sys=0.00, real=0.18 secs] 
2020-09-29T12:34:50.087+0200: 117.444: [GC pause (G1 Evacuation Pause) (young), 0.1500843 secs]
   [Parallel Time: 148.6 ms, GC Workers: 8]
      [GC Worker Start (ms): Min: 117444.4, Avg: 117444.5, Max: 117444.5, Diff: 0.1]
      [Ext Root Scanning (ms): Min: 0.0, Avg: 0.1, Max: 0.2, Diff: 0.1, Sum: 0.7]
      [Update RS (ms): Min: 17.2, Avg: 17.4, Max: 18.0, Diff: 0.8, Sum: 138.8]
         [Processed Buffers: Min: 15, Avg: 18.3, Max: 21, Diff: 6, Sum: 146]
      [Scan RS (ms): Min: 14.4, Avg: 14.5, Max: 14.8, Diff: 0.4, Sum: 116.0]
      [Code Root Scanning (ms): Min: 0.0, Avg: 0.0, Max: 0.0, Diff: 0.0, Sum: 0.0]
      [Object Copy (ms): Min: 115.4, Avg: 116.4, Max: 116.6, Diff: 1.2, Sum: 931.0]
      [Termination (ms): Min: 0.0, Avg: 0.0, Max: 0.0, Diff: 0.0, Sum: 0.0]
         [Termination Attempts: Min: 1, Avg: 35.3, Max: 47, Diff: 46, Sum: 282]
      [GC Worker Other (ms): Min: 0.0, Avg: 0.1, Max: 0.1, Diff: 0.1, Sum: 0.4]
      [GC Worker Total (ms): Min: 148.3, Avg: 148.4, Max: 148.5, Diff: 0.1, Sum: 1187.0]
      [GC Worker End (ms): Min: 117592.8, Avg: 117592.8, Max: 117592.9, Diff: 0.1]
   [Code Root Fixup: 0.0 ms]
   [Code Root Purge: 0.0 ms]
   [Clear CT: 0.2 ms]
   [Other: 1.2 ms]
      [Choose CSet: 0.0 ms]
      [Ref Proc: 0.2 ms]
      [Ref Enq: 0.0 ms]
      [Redirty Cards: 0.5 ms]
      [Humongous Register: 0.1 ms]
      [Humongous Reclaim: 0.0 ms]
      [Free CSet: 0.3 ms]
   [Eden: 275.0M(275.0M)->0.0B(291.0M) Survivors: 41.0M->40.0M Heap: 1031.9M(2048.0M)->1033.9M(2048.0M)]
 [Times: user=1.11 sys=0.00, real=0.15 secs] 
2020-09-29T12:34:50.258+0200: 117.615: [GC pause (G1 Humongous Allocation) (young) (initial-mark), 0.0435073 secs]
   [Parallel Time: 42.8 ms, GC Workers: 8]
      [GC Worker Start (ms): Min: 117615.5, Avg: 117615.5, Max: 117615.6, Diff: 0.1]
      [Ext Root Scanning (ms): Min: 0.0, Avg: 0.1, Max: 0.3, Diff: 0.2, Sum: 0.8]
      [Update RS (ms): Min: 21.3, Avg: 21.5, Max: 21.7, Diff: 0.4, Sum: 172.0]
         [Processed Buffers: Min: 24, Avg: 25.8, Max: 28, Diff: 4, Sum: 206]
      [Scan RS (ms): Min: 2.2, Avg: 2.4, Max: 2.6, Diff: 0.4, Sum: 19.3]
      [Code Root Scanning (ms): Min: 0.0, Avg: 0.0, Max: 0.0, Diff: 0.0, Sum: 0.0]
      [Object Copy (ms): Min: 18.4, Avg: 18.5, Max: 18.5, Diff: 0.1, Sum: 147.8]
      [Termination (ms): Min: 0.0, Avg: 0.0, Max: 0.0, Diff: 0.0, Sum: 0.2]
         [Termination Attempts: Min: 1, Avg: 45.8, Max: 57, Diff: 56, Sum: 366]
      [GC Worker Other (ms): Min: 0.0, Avg: 0.0, Max: 0.0, Diff: 0.0, Sum: 0.1]
      [GC Worker Total (ms): Min: 42.5, Avg: 42.5, Max: 42.6, Diff: 0.1, Sum: 340.1]
      [GC Worker End (ms): Min: 117658.1, Avg: 117658.1, Max: 117658.1, Diff: 0.0]
   [Code Root Fixup: 0.0 ms]
   [Code Root Purge: 0.0 ms]
   [Clear CT: 0.1 ms]
   [Other: 0.6 ms]
      [Choose CSet: 0.0 ms]
      [Ref Proc: 0.2 ms]
      [Ref Enq: 0.0 ms]
      [Redirty Cards: 0.1 ms]
      [Humongous Register: 0.0 ms]
      [Humongous Reclaim: 0.0 ms]
      [Free CSet: 0.1 ms]
   [Eden: 10.0M(291.0M)->0.0B(348.0M) Survivors: 40.0M->11.0M Heap: 1043.4M(2048.0M)->1046.4M(2048.0M)]
 [Times: user=0.25 sys=0.00, real=0.04 secs] 
2020-09-29T12:34:50.302+0200: 117.659: [GC concurrent-root-region-scan-start]
2020-09-29T12:34:50.306+0200: 117.663: [GC concurrent-root-region-scan-end, 0.0042080 secs]
2020-09-29T12:34:50.306+0200: 117.663: [GC concurrent-mark-start]
2020-09-29T12:34:50.308+0200: 117.665: [GC concurrent-mark-end, 0.0023315 secs]
2020-09-29T12:34:50.308+0200: 117.666: [GC remark 2020-09-29T12:34:50.308+0200: 117.666: [Finalize Marking, 0.0001471 secs] 2020-09-29T12:34:50.309+0200: 117.666: [GC ref-proc, 0.0002913 secs] 2020-09-29T12:34:50.309+0200: 117.666: [Unloading, 0.0004465 secs], 0.0011924 secs]
 [Times: user=0.00 sys=0.00, real=0.00 secs] 
2020-09-29T12:34:50.310+0200: 117.667: [GC cleanup 1064M->36M(2048M), 0.0011094 secs]
 [Times: user=0.00 sys=0.00, real=0.00 secs] 
2020-09-29T12:34:50.311+0200: 117.668: [GC concurrent-cleanup-start]
2020-09-29T12:34:50.312+0200: 117.670: [GC concurrent-cleanup-end, 0.0011941 secs]
2020-09-29T12:34:50.485+0200: 117.842: [GC pause (G1 Evacuation Pause) (young), 0.1588011 secs]
   [Parallel Time: 157.3 ms, GC Workers: 8]
      [GC Worker Start (ms): Min: 117842.2, Avg: 117842.3, Max: 117842.4, Diff: 0.2]
      [Ext Root Scanning (ms): Min: 0.0, Avg: 0.1, Max: 0.2, Diff: 0.2, Sum: 0.5]
      [Update RS (ms): Min: 15.5, Avg: 15.7, Max: 16.2, Diff: 0.7, Sum: 125.9]
         [Processed Buffers: Min: 18, Avg: 20.1, Max: 23, Diff: 5, Sum: 161]
      [Scan RS (ms): Min: 15.3, Avg: 15.7, Max: 15.9, Diff: 0.6, Sum: 125.5]
      [Code Root Scanning (ms): Min: 0.0, Avg: 0.0, Max: 0.0, Diff: 0.0, Sum: 0.0]
      [Object Copy (ms): Min: 125.5, Avg: 125.6, Max: 125.6, Diff: 0.1, Sum: 1004.6]
      [Termination (ms): Min: 0.0, Avg: 0.0, Max: 0.0, Diff: 0.0, Sum: 0.0]
         [Termination Attempts: Min: 1, Avg: 25.1, Max: 32, Diff: 31, Sum: 201]
      [GC Worker Other (ms): Min: 0.0, Avg: 0.0, Max: 0.1, Diff: 0.1, Sum: 0.3]
      [GC Worker Total (ms): Min: 157.0, Avg: 157.1, Max: 157.2, Diff: 0.1, Sum: 1256.9]
      [GC Worker End (ms): Min: 117999.4, Avg: 117999.4, Max: 117999.4, Diff: 0.1]
   [Code Root Fixup: 0.0 ms]
   [Code Root Purge: 0.0 ms]
   [Clear CT: 0.2 ms]
   [Other: 1.3 ms]
      [Choose CSet: 0.0 ms]
      [Ref Proc: 0.2 ms]
      [Ref Enq: 0.0 ms]
      [Redirty Cards: 0.5 ms]
      [Humongous Register: 0.0 ms]
      [Humongous Reclaim: 0.0 ms]
      [Free CSet: 0.3 ms]
   [Eden: 348.0M(348.0M)->0.0B(326.0M) Survivors: 11.0M->45.0M Heap: 426.1M(2048.0M)->416.1M(2048.0M)]
 [Times: user=1.25 sys=0.00, real=0.16 secs] 
2020-09-29T12:34:50.815+0200: 118.173: [GC pause (G1 Evacuation Pause) (young), 0.1678196 secs]
   [Parallel Time: 166.7 ms, GC Workers: 8]
      [GC Worker Start (ms): Min: 118172.9, Avg: 118173.0, Max: 118173.1, Diff: 0.2]
      [Ext Root Scanning (ms): Min: 0.0, Avg: 0.1, Max: 0.1, Diff: 0.1, Sum: 0.4]
      [Update RS (ms): Min: 15.2, Avg: 15.5, Max: 15.9, Diff: 0.7, Sum: 123.6]
         [Processed Buffers: Min: 18, Avg: 18.6, Max: 19, Diff: 1, Sum: 149]
      [Scan RS (ms): Min: 17.0, Avg: 17.4, Max: 17.7, Diff: 0.7, Sum: 139.3]
      [Code Root Scanning (ms): Min: 0.0, Avg: 0.0, Max: 0.0, Diff: 0.0, Sum: 0.0]
      [Object Copy (ms): Min: 133.4, Avg: 133.5, Max: 133.6, Diff: 0.2, Sum: 1068.3]
      [Termination (ms): Min: 0.0, Avg: 0.0, Max: 0.0, Diff: 0.0, Sum: 0.1]
         [Termination Attempts: Min: 1, Avg: 80.1, Max: 124, Diff: 123, Sum: 641]
      [GC Worker Other (ms): Min: 0.0, Avg: 0.0, Max: 0.1, Diff: 0.1, Sum: 0.3]
      [GC Worker Total (ms): Min: 166.5, Avg: 166.5, Max: 166.6, Diff: 0.2, Sum: 1332.2]
      [GC Worker End (ms): Min: 118339.5, Avg: 118339.5, Max: 118339.5, Diff: 0.1]
   [Code Root Fixup: 0.0 ms]
   [Code Root Purge: 0.0 ms]
   [Clear CT: 0.2 ms]
   [Other: 0.9 ms]
      [Choose CSet: 0.0 ms]
      [Ref Proc: 0.2 ms]
      [Ref Enq: 0.0 ms]
      [Redirty Cards: 0.3 ms]
      [Humongous Register: 0.0 ms]
      [Humongous Reclaim: 0.0 ms]
      [Free CSet: 0.2 ms]
   [Eden: 326.0M(326.0M)->0.0B(324.0M) Survivors: 45.0M->47.0M Heap: 795.5M(2048.0M)->797.5M(2048.0M)]
 [Times: user=1.34 sys=0.03, real=0.17 secs] 
2020-09-29T12:34:51.153+0200: 118.510: [GC pause (G1 Evacuation Pause) (young), 0.1934302 secs]
   [Parallel Time: 192.5 ms, GC Workers: 8]
      [GC Worker Start (ms): Min: 118510.4, Avg: 118510.6, Max: 118511.3, Diff: 0.9]
      [Ext Root Scanning (ms): Min: 0.0, Avg: 0.0, Max: 0.2, Diff: 0.2, Sum: 0.4]
      [Update RS (ms): Min: 17.0, Avg: 17.8, Max: 18.0, Diff: 1.0, Sum: 142.1]
         [Processed Buffers: Min: 20, Avg: 20.9, Max: 24, Diff: 4, Sum: 167]
      [Scan RS (ms): Min: 19.4, Avg: 19.7, Max: 20.5, Diff: 1.1, Sum: 157.4]
      [Code Root Scanning (ms): Min: 0.0, Avg: 0.0, Max: 0.0, Diff: 0.0, Sum: 0.0]
      [Object Copy (ms): Min: 153.9, Avg: 154.6, Max: 154.7, Diff: 0.8, Sum: 1236.8]
      [Termination (ms): Min: 0.0, Avg: 0.0, Max: 0.0, Diff: 0.0, Sum: 0.1]
         [Termination Attempts: Min: 1, Avg: 49.8, Max: 73, Diff: 72, Sum: 398]
      [GC Worker Other (ms): Min: 0.0, Avg: 0.1, Max: 0.2, Diff: 0.2, Sum: 0.9]
      [GC Worker Total (ms): Min: 191.5, Avg: 192.2, Max: 192.4, Diff: 0.9, Sum: 1537.6]
      [GC Worker End (ms): Min: 118702.7, Avg: 118702.8, Max: 118702.9, Diff: 0.2]
   [Code Root Fixup: 0.0 ms]
   [Code Root Purge: 0.0 ms]
   [Clear CT: 0.1 ms]
   [Other: 0.8 ms]
      [Choose CSet: 0.0 ms]
      [Ref Proc: 0.2 ms]
      [Ref Enq: 0.0 ms]
      [Redirty Cards: 0.2 ms]
      [Humongous Register: 0.1 ms]
      [Humongous Reclaim: 0.0 ms]
      [Free CSet: 0.2 ms]
   [Eden: 324.0M(324.0M)->0.0B(304.0M) Survivors: 47.0M->47.0M Heap: 1176.8M(2048.0M)->1179.3M(2048.0M)]
 [Times: user=1.44 sys=0.03, real=0.19 secs] 
2020-09-29T12:34:51.363+0200: 118.720: [GC pause (G1 Humongous Allocation) (young) (initial-mark), 0.0658586 secs]
   [Parallel Time: 65.0 ms, GC Workers: 8]
      [GC Worker Start (ms): Min: 118720.4, Avg: 118720.4, Max: 118720.5, Diff: 0.1]
      [Ext Root Scanning (ms): Min: 0.0, Avg: 0.1, Max: 0.1, Diff: 0.1, Sum: 0.6]
      [Update RS (ms): Min: 30.7, Avg: 30.8, Max: 31.0, Diff: 0.3, Sum: 246.3]
         [Processed Buffers: Min: 30, Avg: 37.4, Max: 41, Diff: 11, Sum: 299]
      [Scan RS (ms): Min: 3.8, Avg: 4.1, Max: 6.6, Diff: 2.8, Sum: 33.1]
      [Code Root Scanning (ms): Min: 0.0, Avg: 0.0, Max: 0.0, Diff: 0.0, Sum: 0.0]
      [Object Copy (ms): Min: 27.0, Avg: 29.7, Max: 30.2, Diff: 3.3, Sum: 237.2]
      [Termination (ms): Min: 0.0, Avg: 0.2, Max: 0.2, Diff: 0.2, Sum: 1.3]
         [Termination Attempts: Min: 1, Avg: 1208.8, Max: 1541, Diff: 1540, Sum: 9670]
      [GC Worker Other (ms): Min: 0.0, Avg: 0.0, Max: 0.0, Diff: 0.0, Sum: 0.2]
      [GC Worker Total (ms): Min: 64.8, Avg: 64.8, Max: 64.9, Diff: 0.1, Sum: 518.7]
      [GC Worker End (ms): Min: 118785.3, Avg: 118785.3, Max: 118785.3, Diff: 0.0]
   [Code Root Fixup: 0.0 ms]
   [Code Root Purge: 0.0 ms]
   [Clear CT: 0.2 ms]
   [Other: 0.7 ms]
      [Choose CSet: 0.0 ms]
      [Ref Proc: 0.1 ms]
      [Ref Enq: 0.0 ms]
      [Redirty Cards: 0.2 ms]
      [Humongous Register: 0.0 ms]
      [Humongous Reclaim: 0.0 ms]
      [Free CSet: 0.1 ms]
   [Eden: 10.0M(304.0M)->0.0B(306.0M) Survivors: 47.0M->12.0M Heap: 1188.8M(2048.0M)->1193.8M(2048.0M)]
 [Times: user=0.63 sys=0.00, real=0.07 secs] 
2020-09-29T12:34:51.429+0200: 118.786: [GC concurrent-root-region-scan-start]
2020-09-29T12:34:51.432+0200: 118.789: [GC concurrent-root-region-scan-end, 0.0028473 secs]
2020-09-29T12:34:51.432+0200: 118.789: [GC concurrent-mark-start]
2020-09-29T12:34:51.435+0200: 118.793: [GC concurrent-mark-end, 0.0037578 secs]
2020-09-29T12:34:51.436+0200: 118.793: [GC remark 2020-09-29T12:34:51.436+0200: 118.793: [Finalize Marking, 0.0001857 secs] 2020-09-29T12:34:51.436+0200: 118.793: [GC ref-proc, 0.0002760 secs] 2020-09-29T12:34:51.436+0200: 118.794: [Unloading, 0.0004259 secs], 0.0012468 secs]
 [Times: user=0.00 sys=0.00, real=0.00 secs] 
2020-09-29T12:34:51.437+0200: 118.795: [GC cleanup 1210M->36M(2048M), 0.0012421 secs]
 [Times: user=0.00 sys=0.00, real=0.00 secs] 
2020-09-29T12:34:51.438+0200: 118.796: [GC concurrent-cleanup-start]
2020-09-29T12:34:51.440+0200: 118.798: [GC concurrent-cleanup-end, 0.0016837 secs]
2020-09-29T12:34:51.593+0200: 118.950: [GC pause (G1 Evacuation Pause) (young), 0.1574320 secs]
   [Parallel Time: 156.3 ms, GC Workers: 8]
      [GC Worker Start (ms): Min: 118950.5, Avg: 118950.6, Max: 118950.6, Diff: 0.1]
      [Ext Root Scanning (ms): Min: 0.0, Avg: 0.1, Max: 0.1, Diff: 0.1, Sum: 0.7]
      [Update RS (ms): Min: 20.2, Avg: 20.6, Max: 21.1, Diff: 0.9, Sum: 164.9]
         [Processed Buffers: Min: 10, Avg: 20.1, Max: 24, Diff: 14, Sum: 161]
      [Scan RS (ms): Min: 19.3, Avg: 19.8, Max: 20.3, Diff: 0.9, Sum: 158.3]
      [Code Root Scanning (ms): Min: 0.0, Avg: 0.0, Max: 0.0, Diff: 0.0, Sum: 0.0]
      [Object Copy (ms): Min: 115.5, Avg: 115.6, Max: 115.7, Diff: 0.2, Sum: 924.7]
      [Termination (ms): Min: 0.0, Avg: 0.0, Max: 0.0, Diff: 0.0, Sum: 0.0]
         [Termination Attempts: Min: 1, Avg: 3.3, Max: 7, Diff: 6, Sum: 26]
      [GC Worker Other (ms): Min: 0.0, Avg: 0.0, Max: 0.1, Diff: 0.1, Sum: 0.3]
      [GC Worker Total (ms): Min: 156.1, Avg: 156.1, Max: 156.2, Diff: 0.1, Sum: 1249.0]
      [GC Worker End (ms): Min: 119106.7, Avg: 119106.7, Max: 119106.8, Diff: 0.1]
   [Code Root Fixup: 0.0 ms]
   [Code Root Purge: 0.0 ms]
   [Clear CT: 0.2 ms]
   [Other: 0.9 ms]
      [Choose CSet: 0.0 ms]
      [Ref Proc: 0.2 ms]
      [Ref Enq: 0.0 ms]
      [Redirty Cards: 0.2 ms]
      [Humongous Register: 0.1 ms]
      [Humongous Reclaim: 0.0 ms]
      [Free CSet: 0.2 ms]
   [Eden: 306.0M(306.0M)->0.0B(286.0M) Survivors: 12.0M->40.0M Heap: 377.0M(2048.0M)->367.0M(2048.0M)]
 [Times: user=1.17 sys=0.06, real=0.16 secs] 
2020-09-29T12:34:51.912+0200: 119.270: [GC pause (G1 Evacuation Pause) (young), 0.1482191 secs]
   [Parallel Time: 147.0 ms, GC Workers: 8]
      [GC Worker Start (ms): Min: 119270.1, Avg: 119270.2, Max: 119270.3, Diff: 0.2]
      [Ext Root Scanning (ms): Min: 0.0, Avg: 0.1, Max: 0.2, Diff: 0.2, Sum: 0.4]
      [Update RS (ms): Min: 14.7, Avg: 15.0, Max: 15.5, Diff: 0.8, Sum: 120.2]
         [Processed Buffers: Min: 18, Avg: 18.4, Max: 19, Diff: 1, Sum: 147]
      [Scan RS (ms): Min: 13.9, Avg: 14.4, Max: 14.9, Diff: 0.9, Sum: 115.4]
      [Code Root Scanning (ms): Min: 0.0, Avg: 0.0, Max: 0.0, Diff: 0.0, Sum: 0.0]
      [Object Copy (ms): Min: 117.0, Avg: 117.2, Max: 117.2, Diff: 0.2, Sum: 937.3]
      [Termination (ms): Min: 0.0, Avg: 0.0, Max: 0.0, Diff: 0.0, Sum: 0.0]
         [Termination Attempts: Min: 1, Avg: 2.9, Max: 4, Diff: 3, Sum: 23]
      [GC Worker Other (ms): Min: 0.0, Avg: 0.0, Max: 0.1, Diff: 0.1, Sum: 0.3]
      [GC Worker Total (ms): Min: 146.6, Avg: 146.7, Max: 146.9, Diff: 0.2, Sum: 1173.7]
      [GC Worker End (ms): Min: 119416.9, Avg: 119416.9, Max: 119416.9, Diff: 0.1]
   [Code Root Fixup: 0.0 ms]
   [Code Root Purge: 0.0 ms]
   [Clear CT: 0.4 ms]
   [Other: 0.8 ms]
      [Choose CSet: 0.0 ms]
      [Ref Proc: 0.2 ms]
      [Ref Enq: 0.0 ms]
      [Redirty Cards: 0.1 ms]
      [Humongous Register: 0.0 ms]
      [Humongous Reclaim: 0.0 ms]
      [Free CSet: 0.2 ms]
   [Eden: 286.0M(286.0M)->0.0B(300.0M) Survivors: 40.0M->41.0M Heap: 700.7M(2048.0M)->702.7M(2048.0M)]
 [Times: user=1.11 sys=0.02, real=0.15 secs] 
2020-09-29T12:34:52.227+0200: 119.584: [GC pause (G1 Evacuation Pause) (young), 0.1918483 secs]
   [Parallel Time: 190.5 ms, GC Workers: 8]
      [GC Worker Start (ms): Min: 119584.3, Avg: 119584.4, Max: 119584.5, Diff: 0.1]
      [Ext Root Scanning (ms): Min: 0.0, Avg: 0.1, Max: 0.1, Diff: 0.1, Sum: 0.6]
      [Update RS (ms): Min: 21.5, Avg: 21.8, Max: 22.2, Diff: 0.7, Sum: 174.7]
         [Processed Buffers: Min: 23, Avg: 24.0, Max: 25, Diff: 2, Sum: 192]
      [Scan RS (ms): Min: 13.5, Avg: 13.9, Max: 14.3, Diff: 0.8, Sum: 111.4]
      [Code Root Scanning (ms): Min: 0.0, Avg: 0.0, Max: 0.0, Diff: 0.0, Sum: 0.0]
      [Object Copy (ms): Min: 153.1, Avg: 153.5, Max: 154.3, Diff: 1.2, Sum: 1228.0]
      [Termination (ms): Min: 0.0, Avg: 0.9, Max: 1.3, Diff: 1.3, Sum: 7.3]
         [Termination Attempts: Min: 1, Avg: 5619.1, Max: 7347, Diff: 7346, Sum: 44953]
      [GC Worker Other (ms): Min: 0.0, Avg: 0.0, Max: 0.1, Diff: 0.1, Sum: 0.4]
      [GC Worker Total (ms): Min: 190.2, Avg: 190.3, Max: 190.4, Diff: 0.2, Sum: 1522.3]
      [GC Worker End (ms): Min: 119774.7, Avg: 119774.7, Max: 119774.7, Diff: 0.1]
   [Code Root Fixup: 0.0 ms]
   [Code Root Purge: 0.0 ms]
   [Clear CT: 0.3 ms]
   [Other: 1.1 ms]
      [Choose CSet: 0.0 ms]
      [Ref Proc: 0.1 ms]
      [Ref Enq: 0.0 ms]
      [Redirty Cards: 0.3 ms]
      [Humongous Register: 0.1 ms]
      [Humongous Reclaim: 0.0 ms]
      [Free CSet: 0.4 ms]
   [Eden: 300.0M(300.0M)->0.0B(287.0M) Survivors: 41.0M->43.0M Heap: 1052.3M(2048.0M)->1053.8M(2048.0M)]
 [Times: user=1.49 sys=0.00, real=0.19 secs] 
2020-09-29T12:34:52.431+0200: 119.788: [GC pause (G1 Humongous Allocation) (young) (initial-mark), 0.0534641 secs]
   [Parallel Time: 52.6 ms, GC Workers: 8]
      [GC Worker Start (ms): Min: 119788.4, Avg: 119788.4, Max: 119788.5, Diff: 0.1]
      [Ext Root Scanning (ms): Min: 0.1, Avg: 0.1, Max: 0.1, Diff: 0.1, Sum: 0.7]
      [Update RS (ms): Min: 31.9, Avg: 32.1, Max: 32.7, Diff: 0.8, Sum: 257.0]
         [Processed Buffers: Min: 27, Avg: 36.6, Max: 42, Diff: 15, Sum: 293]
      [Scan RS (ms): Min: 2.0, Avg: 2.6, Max: 2.8, Diff: 0.8, Sum: 20.7]
      [Code Root Scanning (ms): Min: 0.0, Avg: 0.0, Max: 0.0, Diff: 0.0, Sum: 0.0]
      [Object Copy (ms): Min: 17.5, Avg: 17.6, Max: 17.6, Diff: 0.1, Sum: 140.5]
      [Termination (ms): Min: 0.0, Avg: 0.1, Max: 0.1, Diff: 0.1, Sum: 0.5]
         [Termination Attempts: Min: 1, Avg: 94.5, Max: 128, Diff: 127, Sum: 756]
      [GC Worker Other (ms): Min: 0.0, Avg: 0.0, Max: 0.0, Diff: 0.0, Sum: 0.1]
      [GC Worker Total (ms): Min: 52.4, Avg: 52.4, Max: 52.5, Diff: 0.1, Sum: 419.5]
      [GC Worker End (ms): Min: 119840.9, Avg: 119840.9, Max: 119840.9, Diff: 0.0]
   [Code Root Fixup: 0.0 ms]
   [Code Root Purge: 0.0 ms]
   [Clear CT: 0.2 ms]
   [Other: 0.7 ms]
      [Choose CSet: 0.0 ms]
      [Ref Proc: 0.2 ms]
      [Ref Enq: 0.0 ms]
      [Redirty Cards: 0.2 ms]
      [Humongous Register: 0.1 ms]
      [Humongous Reclaim: 0.0 ms]
      [Free CSet: 0.1 ms]
   [Eden: 1024.0K(287.0M)->0.0B(354.0M) Survivors: 43.0M->2048.0K Heap: 1054.8M(2048.0M)->1057.3M(2048.0M)]
 [Times: user=0.34 sys=0.00, real=0.05 secs] 
2020-09-29T12:34:52.484+0200: 119.842: [GC concurrent-root-region-scan-start]
2020-09-29T12:34:52.484+0200: 119.842: [GC concurrent-root-region-scan-end, 0.0002522 secs]
2020-09-29T12:34:52.484+0200: 119.842: [GC concurrent-mark-start]
2020-09-29T12:34:52.487+0200: 119.845: [GC concurrent-mark-end, 0.0026109 secs]
2020-09-29T12:34:52.487+0200: 119.845: [GC remark 2020-09-29T12:34:52.487+0200: 119.845: [Finalize Marking, 0.0002025 secs] 2020-09-29T12:34:52.487+0200: 119.845: [GC ref-proc, 0.0002880 secs] 2020-09-29T12:34:52.488+0200: 119.845: [Unloading, 0.0005074 secs], 0.0012888 secs]
 [Times: user=0.00 sys=0.00, real=0.00 secs] 
2020-09-29T12:34:52.489+0200: 119.846: [GC cleanup 1065M->17M(2048M), 0.0011765 secs]
 [Times: user=0.00 sys=0.00, real=0.00 secs] 
2020-09-29T12:34:52.490+0200: 119.848: [GC concurrent-cleanup-start]
2020-09-29T12:34:52.491+0200: 119.849: [GC concurrent-cleanup-end, 0.0011757 secs]
2020-09-29T12:34:52.676+0200: 120.034: [GC pause (G1 Evacuation Pause) (young), 0.1598782 secs]
   [Parallel Time: 158.7 ms, GC Workers: 8]
      [GC Worker Start (ms): Min: 120034.2, Avg: 120034.3, Max: 120034.4, Diff: 0.1]
      [Ext Root Scanning (ms): Min: 0.0, Avg: 0.1, Max: 0.1, Diff: 0.1, Sum: 0.6]
      [Update RS (ms): Min: 12.4, Avg: 12.5, Max: 13.1, Diff: 0.8, Sum: 100.2]
         [Processed Buffers: Min: 14, Avg: 14.6, Max: 15, Diff: 1, Sum: 117]
      [Scan RS (ms): Min: 16.9, Avg: 17.4, Max: 17.6, Diff: 0.7, Sum: 139.3]
      [Code Root Scanning (ms): Min: 0.0, Avg: 0.0, Max: 0.0, Diff: 0.0, Sum: 0.0]
      [Object Copy (ms): Min: 128.3, Avg: 128.4, Max: 128.5, Diff: 0.2, Sum: 1027.5]
      [Termination (ms): Min: 0.0, Avg: 0.0, Max: 0.1, Diff: 0.1, Sum: 0.4]
         [Termination Attempts: Min: 1, Avg: 322.5, Max: 476, Diff: 475, Sum: 2580]
      [GC Worker Other (ms): Min: 0.0, Avg: 0.0, Max: 0.1, Diff: 0.1, Sum: 0.4]
      [GC Worker Total (ms): Min: 158.5, Avg: 158.5, Max: 158.6, Diff: 0.1, Sum: 1268.4]
      [GC Worker End (ms): Min: 120192.8, Avg: 120192.8, Max: 120192.9, Diff: 0.1]
   [Code Root Fixup: 0.0 ms]
   [Code Root Purge: 0.0 ms]
   [Clear CT: 0.2 ms]
   [Other: 1.0 ms]
      [Choose CSet: 0.0 ms]
      [Ref Proc: 0.2 ms]
      [Ref Enq: 0.0 ms]
      [Redirty Cards: 0.2 ms]
      [Humongous Register: 0.1 ms]
      [Humongous Reclaim: 0.0 ms]
      [Free CSet: 0.2 ms]
   [Eden: 354.0M(354.0M)->0.0B(318.0M) Survivors: 2048.0K->45.0M Heap: 422.6M(2048.0M)->423.1M(2048.0M)]
 [Times: user=1.24 sys=0.00, real=0.16 secs] 
2020-09-29T12:34:53.010+0200: 120.367: [GC pause (G1 Evacuation Pause) (young), 0.1705942 secs]
   [Parallel Time: 161.9 ms, GC Workers: 8]
      [GC Worker Start (ms): Min: 120367.6, Avg: 120367.7, Max: 120367.8, Diff: 0.2]
      [Ext Root Scanning (ms): Min: 0.0, Avg: 0.1, Max: 0.2, Diff: 0.2, Sum: 0.5]
      [Update RS (ms): Min: 13.1, Avg: 13.4, Max: 13.6, Diff: 0.5, Sum: 107.2]
         [Processed Buffers: Min: 16, Avg: 16.5, Max: 18, Diff: 2, Sum: 132]
      [Scan RS (ms): Min: 17.1, Avg: 17.4, Max: 17.7, Diff: 0.6, Sum: 138.8]
      [Code Root Scanning (ms): Min: 0.0, Avg: 0.0, Max: 0.0, Diff: 0.0, Sum: 0.0]
      [Object Copy (ms): Min: 130.1, Avg: 130.2, Max: 130.8, Diff: 0.7, Sum: 1041.9]
      [Termination (ms): Min: 0.0, Avg: 0.6, Max: 0.7, Diff: 0.7, Sum: 4.7]
         [Termination Attempts: Min: 1, Avg: 19.5, Max: 32, Diff: 31, Sum: 156]
      [GC Worker Other (ms): Min: 0.0, Avg: 0.0, Max: 0.0, Diff: 0.0, Sum: 0.2]
      [GC Worker Total (ms): Min: 161.6, Avg: 161.7, Max: 161.8, Diff: 0.2, Sum: 1293.4]
      [GC Worker End (ms): Min: 120529.3, Avg: 120529.3, Max: 120529.4, Diff: 0.0]
   [Code Root Fixup: 0.0 ms]
   [Code Root Purge: 0.0 ms]
   [Clear CT: 3.0 ms]
   [Other: 5.7 ms]
      [Choose CSet: 0.0 ms]
      [Ref Proc: 0.9 ms]
      [Ref Enq: 0.0 ms]
      [Redirty Cards: 1.0 ms]
      [Humongous Register: 0.1 ms]
      [Humongous Reclaim: 0.0 ms]
      [Free CSet: 1.8 ms]
   [Eden: 318.0M(318.0M)->0.0B(309.0M) Survivors: 45.0M->46.0M Heap: 794.5M(2048.0M)->796.5M(2048.0M)]
 [Times: user=1.23 sys=0.00, real=0.17 secs] 
2020-09-29T12:34:53.359+0200: 120.717: [GC pause (G1 Evacuation Pause) (young), 0.1717170 secs]
   [Parallel Time: 170.6 ms, GC Workers: 8]
      [GC Worker Start (ms): Min: 120717.1, Avg: 120717.2, Max: 120717.2, Diff: 0.1]
      [Ext Root Scanning (ms): Min: 0.0, Avg: 0.1, Max: 0.2, Diff: 0.1, Sum: 0.8]
      [Update RS (ms): Min: 18.0, Avg: 18.2, Max: 18.4, Diff: 0.4, Sum: 145.8]
         [Processed Buffers: Min: 19, Avg: 19.8, Max: 21, Diff: 2, Sum: 158]
      [Scan RS (ms): Min: 17.7, Avg: 17.9, Max: 18.1, Diff: 0.4, Sum: 143.3]
      [Code Root Scanning (ms): Min: 0.0, Avg: 0.0, Max: 0.0, Diff: 0.0, Sum: 0.0]
      [Object Copy (ms): Min: 134.0, Avg: 134.0, Max: 134.1, Diff: 0.1, Sum: 1072.3]
      [Termination (ms): Min: 0.0, Avg: 0.1, Max: 0.1, Diff: 0.1, Sum: 0.4]
         [Termination Attempts: Min: 1, Avg: 371.1, Max: 525, Diff: 524, Sum: 2969]
      [GC Worker Other (ms): Min: 0.0, Avg: 0.0, Max: 0.1, Diff: 0.1, Sum: 0.4]
      [GC Worker Total (ms): Min: 170.3, Avg: 170.4, Max: 170.5, Diff: 0.2, Sum: 1363.0]
      [GC Worker End (ms): Min: 120887.5, Avg: 120887.5, Max: 120887.6, Diff: 0.1]
   [Code Root Fixup: 0.0 ms]
   [Code Root Purge: 0.0 ms]
   [Clear CT: 0.2 ms]
   [Other: 0.9 ms]
      [Choose CSet: 0.0 ms]
      [Ref Proc: 0.1 ms]
      [Ref Enq: 0.0 ms]
      [Redirty Cards: 0.2 ms]
      [Humongous Register: 0.1 ms]
      [Humongous Reclaim: 0.0 ms]
      [Free CSet: 0.3 ms]
   [Eden: 309.0M(309.0M)->0.0B(310.0M) Survivors: 46.0M->45.0M Heap: 1157.0M(2048.0M)->1159.5M(2048.0M)]
 [Times: user=1.34 sys=0.03, real=0.17 secs] 
2020-09-29T12:34:53.542+0200: 120.900: [GC pause (G1 Humongous Allocation) (young) (initial-mark), 0.0574105 secs]
   [Parallel Time: 56.5 ms, GC Workers: 8]
      [GC Worker Start (ms): Min: 120899.8, Avg: 120899.9, Max: 120899.9, Diff: 0.1]
      [Ext Root Scanning (ms): Min: 0.0, Avg: 0.1, Max: 0.1, Diff: 0.1, Sum: 0.7]
      [Update RS (ms): Min: 33.9, Avg: 34.0, Max: 34.2, Diff: 0.4, Sum: 272.2]
         [Processed Buffers: Min: 41, Avg: 41.9, Max: 43, Diff: 2, Sum: 335]
      [Scan RS (ms): Min: 2.4, Avg: 2.6, Max: 2.8, Diff: 0.4, Sum: 21.1]
      [Code Root Scanning (ms): Min: 0.0, Avg: 0.0, Max: 0.0, Diff: 0.0, Sum: 0.0]
      [Object Copy (ms): Min: 19.5, Avg: 19.6, Max: 19.6, Diff: 0.1, Sum: 156.4]
      [Termination (ms): Min: 0.0, Avg: 0.0, Max: 0.0, Diff: 0.0, Sum: 0.2]
         [Termination Attempts: Min: 1, Avg: 127.9, Max: 155, Diff: 154, Sum: 1023]
      [GC Worker Other (ms): Min: 0.0, Avg: 0.0, Max: 0.0, Diff: 0.0, Sum: 0.2]
      [GC Worker Total (ms): Min: 56.3, Avg: 56.3, Max: 56.4, Diff: 0.1, Sum: 450.7]
      [GC Worker End (ms): Min: 120956.2, Avg: 120956.2, Max: 120956.2, Diff: 0.0]
   [Code Root Fixup: 0.0 ms]
   [Code Root Purge: 0.0 ms]
   [Clear CT: 0.2 ms]
   [Other: 0.7 ms]
      [Choose CSet: 0.0 ms]
      [Ref Proc: 0.2 ms]
      [Ref Enq: 0.0 ms]
      [Redirty Cards: 0.2 ms]
      [Humongous Register: 0.0 ms]
      [Humongous Reclaim: 0.0 ms]
      [Free CSet: 0.1 ms]
   [Eden: 4096.0K(310.0M)->0.0B(334.0M) Survivors: 45.0M->5120.0K Heap: 1163.0M(2048.0M)->1166.0M(2048.0M)]
 [Times: user=0.50 sys=0.00, real=0.06 secs] 
2020-09-29T12:34:53.600+0200: 120.957: [GC concurrent-root-region-scan-start]
2020-09-29T12:34:53.600+0200: 120.958: [GC concurrent-root-region-scan-end, 0.0008564 secs]
2020-09-29T12:34:53.600+0200: 120.958: [GC concurrent-mark-start]
2020-09-29T12:34:53.603+0200: 120.961: [GC concurrent-mark-end, 0.0029719 secs]
2020-09-29T12:34:53.604+0200: 120.961: [GC remark 2020-09-29T12:34:53.604+0200: 120.961: [Finalize Marking, 0.0003624 secs] 2020-09-29T12:34:53.604+0200: 120.962: [GC ref-proc, 0.0002647 secs] 2020-09-29T12:34:53.604+0200: 120.962: [Unloading, 0.0004477 secs], 0.0013914 secs]
 [Times: user=0.00 sys=0.00, real=0.00 secs] 
2020-09-29T12:34:53.605+0200: 120.963: [GC cleanup 1175M->22M(2048M), 0.0013826 secs]
 [Times: user=0.00 sys=0.00, real=0.00 secs] 
2020-09-29T12:34:53.607+0200: 120.964: [GC concurrent-cleanup-start]
2020-09-29T12:34:53.608+0200: 120.966: [GC concurrent-cleanup-end, 0.0015364 secs]
2020-09-29T12:34:53.770+0200: 121.128: [GC pause (G1 Evacuation Pause) (young), 0.1677512 secs]
   [Parallel Time: 166.4 ms, GC Workers: 8]
      [GC Worker Start (ms): Min: 121127.8, Avg: 121127.9, Max: 121128.0, Diff: 0.2]
      [Ext Root Scanning (ms): Min: 0.0, Avg: 0.1, Max: 0.2, Diff: 0.2, Sum: 0.5]
      [Update RS (ms): Min: 12.8, Avg: 13.0, Max: 13.5, Diff: 0.7, Sum: 103.9]
         [Processed Buffers: Min: 16, Avg: 17.1, Max: 19, Diff: 3, Sum: 137]
      [Scan RS (ms): Min: 16.2, Avg: 17.0, Max: 19.4, Diff: 3.2, Sum: 136.1]
      [Code Root Scanning (ms): Min: 0.0, Avg: 0.0, Max: 0.0, Diff: 0.0, Sum: 0.0]
      [Object Copy (ms): Min: 133.8, Avg: 136.0, Max: 136.4, Diff: 2.6, Sum: 1088.0]
      [Termination (ms): Min: 0.0, Avg: 0.1, Max: 0.1, Diff: 0.1, Sum: 0.5]
         [Termination Attempts: Min: 1, Avg: 474.8, Max: 714, Diff: 713, Sum: 3798]
      [GC Worker Other (ms): Min: 0.0, Avg: 0.0, Max: 0.1, Diff: 0.1, Sum: 0.3]
      [GC Worker Total (ms): Min: 166.1, Avg: 166.2, Max: 166.3, Diff: 0.2, Sum: 1329.4]
      [GC Worker End (ms): Min: 121294.1, Avg: 121294.1, Max: 121294.1, Diff: 0.1]
   [Code Root Fixup: 0.0 ms]
   [Code Root Purge: 0.0 ms]
   [Clear CT: 0.2 ms]
   [Other: 1.2 ms]
      [Choose CSet: 0.0 ms]
      [Ref Proc: 0.2 ms]
      [Ref Enq: 0.0 ms]
      [Redirty Cards: 0.3 ms]
      [Humongous Register: 0.0 ms]
      [Humongous Reclaim: 0.0 ms]
      [Free CSet: 0.3 ms]
   [Eden: 334.0M(334.0M)->0.0B(319.0M) Survivors: 5120.0K->43.0M Heap: 404.2M(2048.0M)->401.2M(2048.0M)]
 [Times: user=1.23 sys=0.00, real=0.17 secs] 
2020-09-29T12:34:54.118+0200: 121.476: [GC pause (G1 Evacuation Pause) (young), 0.1739721 secs]
   [Parallel Time: 172.8 ms, GC Workers: 8]
      [GC Worker Start (ms): Min: 121476.2, Avg: 121476.3, Max: 121476.4, Diff: 0.2]
      [Ext Root Scanning (ms): Min: 0.0, Avg: 0.1, Max: 0.2, Diff: 0.2, Sum: 0.5]
      [Update RS (ms): Min: 18.7, Avg: 18.8, Max: 19.2, Diff: 0.5, Sum: 150.6]
         [Processed Buffers: Min: 22, Avg: 23.8, Max: 25, Diff: 3, Sum: 190]
      [Scan RS (ms): Min: 15.5, Avg: 16.7, Max: 23.7, Diff: 8.2, Sum: 133.8]
      [Code Root Scanning (ms): Min: 0.0, Avg: 0.0, Max: 0.0, Diff: 0.0, Sum: 0.0]
      [Object Copy (ms): Min: 130.0, Avg: 136.8, Max: 137.8, Diff: 7.8, Sum: 1094.2]
      [Termination (ms): Min: 0.0, Avg: 0.1, Max: 0.1, Diff: 0.1, Sum: 0.7]
         [Termination Attempts: Min: 1, Avg: 628.9, Max: 810, Diff: 809, Sum: 5031]
      [GC Worker Other (ms): Min: 0.0, Avg: 0.0, Max: 0.1, Diff: 0.1, Sum: 0.3]
      [GC Worker Total (ms): Min: 172.4, Avg: 172.5, Max: 172.6, Diff: 0.2, Sum: 1380.1]
      [GC Worker End (ms): Min: 121648.8, Avg: 121648.8, Max: 121648.9, Diff: 0.1]
   [Code Root Fixup: 0.0 ms]
   [Code Root Purge: 0.0 ms]
   [Clear CT: 0.3 ms]
   [Other: 0.9 ms]
      [Choose CSet: 0.0 ms]
      [Ref Proc: 0.2 ms]
      [Ref Enq: 0.0 ms]
      [Redirty Cards: 0.3 ms]
      [Humongous Register: 0.0 ms]
      [Humongous Reclaim: 0.0 ms]
      [Free CSet: 0.2 ms]
   [Eden: 319.0M(319.0M)->0.0B(316.0M) Survivors: 43.0M->46.0M Heap: 773.6M(2048.0M)->776.6M(2048.0M)]
 [Times: user=1.31 sys=0.03, real=0.17 secs] 
2020-09-29T12:34:54.472+0200: 121.830: [GC pause (G1 Evacuation Pause) (young), 0.1718817 secs]
   [Parallel Time: 170.0 ms, GC Workers: 8]
      [GC Worker Start (ms): Min: 121829.7, Avg: 121829.8, Max: 121829.9, Diff: 0.1]
      [Ext Root Scanning (ms): Min: 0.0, Avg: 0.1, Max: 0.1, Diff: 0.1, Sum: 0.5]
      [Update RS (ms): Min: 20.3, Avg: 20.5, Max: 20.9, Diff: 0.6, Sum: 164.1]
         [Processed Buffers: Min: 25, Avg: 25.4, Max: 26, Diff: 1, Sum: 203]
      [Scan RS (ms): Min: 13.7, Avg: 14.1, Max: 14.4, Diff: 0.7, Sum: 112.9]
      [Code Root Scanning (ms): Min: 0.0, Avg: 0.0, Max: 0.0, Diff: 0.0, Sum: 0.0]
      [Object Copy (ms): Min: 134.9, Avg: 135.0, Max: 135.1, Diff: 0.2, Sum: 1079.8]
      [Termination (ms): Min: 0.0, Avg: 0.1, Max: 0.2, Diff: 0.2, Sum: 0.7]
         [Termination Attempts: Min: 1, Avg: 613.1, Max: 947, Diff: 946, Sum: 4905]
      [GC Worker Other (ms): Min: 0.0, Avg: 0.0, Max: 0.1, Diff: 0.1, Sum: 0.4]
      [GC Worker Total (ms): Min: 169.7, Avg: 169.8, Max: 169.9, Diff: 0.2, Sum: 1358.4]
      [GC Worker End (ms): Min: 121999.6, Avg: 121999.6, Max: 121999.6, Diff: 0.1]
   [Code Root Fixup: 0.0 ms]
   [Code Root Purge: 0.0 ms]
   [Clear CT: 0.2 ms]
   [Other: 1.7 ms]
      [Choose CSet: 0.0 ms]
      [Ref Proc: 0.3 ms]
      [Ref Enq: 0.0 ms]
      [Redirty Cards: 0.9 ms]
      [Humongous Register: 0.0 ms]
      [Humongous Reclaim: 0.0 ms]
      [Free CSet: 0.3 ms]
   [Eden: 316.0M(316.0M)->0.0B(320.0M) Survivors: 46.0M->46.0M Heap: 1144.1M(2048.0M)->1145.6M(2048.0M)]
 [Times: user=1.36 sys=0.00, real=0.17 secs] 
2020-09-29T12:34:54.657+0200: 122.014: [GC pause (G1 Humongous Allocation) (young) (initial-mark), 0.0547011 secs]
   [Parallel Time: 53.7 ms, GC Workers: 8]
      [GC Worker Start (ms): Min: 122014.5, Avg: 122014.6, Max: 122014.6, Diff: 0.1]
      [Ext Root Scanning (ms): Min: 0.0, Avg: 0.1, Max: 0.2, Diff: 0.1, Sum: 0.7]
      [Update RS (ms): Min: 31.2, Avg: 31.3, Max: 31.4, Diff: 0.2, Sum: 250.6]
         [Processed Buffers: Min: 37, Avg: 39.6, Max: 42, Diff: 5, Sum: 317]
      [Scan RS (ms): Min: 2.6, Avg: 2.7, Max: 2.8, Diff: 0.2, Sum: 21.7]
      [Code Root Scanning (ms): Min: 0.0, Avg: 0.0, Max: 0.0, Diff: 0.0, Sum: 0.0]
      [Object Copy (ms): Min: 19.3, Avg: 19.3, Max: 19.3, Diff: 0.1, Sum: 154.4]
      [Termination (ms): Min: 0.0, Avg: 0.0, Max: 0.0, Diff: 0.0, Sum: 0.2]
         [Termination Attempts: Min: 1, Avg: 133.3, Max: 166, Diff: 165, Sum: 1066]
      [GC Worker Other (ms): Min: 0.0, Avg: 0.0, Max: 0.0, Diff: 0.0, Sum: 0.1]
      [GC Worker Total (ms): Min: 53.4, Avg: 53.5, Max: 53.5, Diff: 0.1, Sum: 427.7]
      [GC Worker End (ms): Min: 122068.0, Avg: 122068.0, Max: 122068.1, Diff: 0.0]
   [Code Root Fixup: 0.0 ms]
   [Code Root Purge: 0.0 ms]
   [Clear CT: 0.2 ms]
   [Other: 0.8 ms]
      [Choose CSet: 0.0 ms]
      [Ref Proc: 0.2 ms]
      [Ref Enq: 0.0 ms]
      [Redirty Cards: 0.2 ms]
      [Humongous Register: 0.1 ms]
      [Humongous Reclaim: 0.0 ms]
      [Free CSet: 0.1 ms]
   [Eden: 4096.0K(320.0M)->0.0B(340.0M) Survivors: 46.0M->6144.0K Heap: 1149.6M(2048.0M)->1153.6M(2048.0M)]
 [Times: user=0.50 sys=0.00, real=0.05 secs] 
2020-09-29T12:34:54.712+0200: 122.069: [GC concurrent-root-region-scan-start]
2020-09-29T12:34:54.713+0200: 122.070: [GC concurrent-root-region-scan-end, 0.0010156 secs]
2020-09-29T12:34:54.713+0200: 122.070: [GC concurrent-mark-start]
2020-09-29T12:34:54.716+0200: 122.073: [GC concurrent-mark-end, 0.0029769 secs]
2020-09-29T12:34:54.716+0200: 122.073: [GC remark 2020-09-29T12:34:54.716+0200: 122.073: [Finalize Marking, 0.0001978 secs] 2020-09-29T12:34:54.716+0200: 122.073: [GC ref-proc, 0.0002667 secs] 2020-09-29T12:34:54.716+0200: 122.074: [Unloading, 0.0005183 secs], 0.0013121 secs]
 [Times: user=0.00 sys=0.00, real=0.00 secs] 
2020-09-29T12:34:54.717+0200: 122.075: [GC cleanup 1163M->23M(2048M), 0.0012440 secs]
 [Times: user=0.00 sys=0.00, real=0.00 secs] 
2020-09-29T12:34:54.719+0200: 122.076: [GC concurrent-cleanup-start]
2020-09-29T12:34:54.720+0200: 122.078: [GC concurrent-cleanup-end, 0.0015456 secs]
2020-09-29T12:34:54.900+0200: 122.257: [GC pause (G1 Evacuation Pause) (young), 0.1530923 secs]
   [Parallel Time: 152.0 ms, GC Workers: 8]
      [GC Worker Start (ms): Min: 122257.6, Avg: 122257.7, Max: 122257.8, Diff: 0.2]
      [Ext Root Scanning (ms): Min: 0.0, Avg: 0.1, Max: 0.2, Diff: 0.2, Sum: 0.5]
      [Update RS (ms): Min: 15.2, Avg: 15.3, Max: 15.8, Diff: 0.6, Sum: 122.5]
         [Processed Buffers: Min: 18, Avg: 18.9, Max: 20, Diff: 2, Sum: 151]
      [Scan RS (ms): Min: 13.8, Avg: 14.3, Max: 14.5, Diff: 0.6, Sum: 114.4]
      [Code Root Scanning (ms): Min: 0.0, Avg: 0.0, Max: 0.0, Diff: 0.0, Sum: 0.0]
      [Object Copy (ms): Min: 121.9, Avg: 122.0, Max: 122.1, Diff: 0.2, Sum: 976.1]
      [Termination (ms): Min: 0.0, Avg: 0.0, Max: 0.0, Diff: 0.0, Sum: 0.2]
         [Termination Attempts: Min: 1, Avg: 197.3, Max: 279, Diff: 278, Sum: 1578]
      [GC Worker Other (ms): Min: 0.0, Avg: 0.0, Max: 0.1, Diff: 0.0, Sum: 0.2]
      [GC Worker Total (ms): Min: 151.7, Avg: 151.8, Max: 151.9, Diff: 0.2, Sum: 1214.0]
      [GC Worker End (ms): Min: 122409.4, Avg: 122409.5, Max: 122409.5, Diff: 0.0]
   [Code Root Fixup: 0.0 ms]
   [Code Root Purge: 0.0 ms]
   [Clear CT: 0.2 ms]
   [Other: 0.8 ms]
      [Choose CSet: 0.0 ms]
      [Ref Proc: 0.1 ms]
      [Ref Enq: 0.0 ms]
      [Redirty Cards: 0.3 ms]
      [Humongous Register: 0.0 ms]
      [Humongous Reclaim: 0.0 ms]
      [Free CSet: 0.2 ms]
   [Eden: 340.0M(340.0M)->0.0B(349.0M) Survivors: 6144.0K->44.0M Heap: 411.2M(2048.0M)->406.7M(2048.0M)]
 [Times: user=1.25 sys=0.00, real=0.15 secs] 
2020-09-29T12:34:55.245+0200: 122.603: [GC pause (G1 Evacuation Pause) (young), 0.1859892 secs]
   [Parallel Time: 184.8 ms, GC Workers: 8]
      [GC Worker Start (ms): Min: 122603.2, Avg: 122603.3, Max: 122603.4, Diff: 0.2]
      [Ext Root Scanning (ms): Min: 0.0, Avg: 0.1, Max: 0.2, Diff: 0.2, Sum: 0.4]
      [Update RS (ms): Min: 16.8, Avg: 16.9, Max: 17.1, Diff: 0.3, Sum: 135.6]
         [Processed Buffers: Min: 19, Avg: 20.3, Max: 22, Diff: 3, Sum: 162]
      [Scan RS (ms): Min: 19.3, Avg: 19.5, Max: 19.6, Diff: 0.3, Sum: 155.8]
      [Code Root Scanning (ms): Min: 0.0, Avg: 0.0, Max: 0.0, Diff: 0.0, Sum: 0.0]
      [Object Copy (ms): Min: 147.8, Avg: 147.9, Max: 148.1, Diff: 0.3, Sum: 1183.2]
      [Termination (ms): Min: 0.0, Avg: 0.1, Max: 0.2, Diff: 0.2, Sum: 0.9]
         [Termination Attempts: Min: 1, Avg: 823.9, Max: 1053, Diff: 1052, Sum: 6591]
      [GC Worker Other (ms): Min: 0.0, Avg: 0.0, Max: 0.1, Diff: 0.1, Sum: 0.3]
      [GC Worker Total (ms): Min: 184.5, Avg: 184.5, Max: 184.7, Diff: 0.2, Sum: 1476.3]
      [GC Worker End (ms): Min: 122787.8, Avg: 122787.8, Max: 122787.9, Diff: 0.1]
   [Code Root Fixup: 0.0 ms]
   [Code Root Purge: 0.0 ms]
   [Clear CT: 0.2 ms]
   [Other: 1.0 ms]
      [Choose CSet: 0.0 ms]
      [Ref Proc: 0.2 ms]
      [Ref Enq: 0.0 ms]
      [Redirty Cards: 0.1 ms]
      [Humongous Register: 0.0 ms]
      [Humongous Reclaim: 0.0 ms]
      [Free CSet: 0.4 ms]
   [Eden: 349.0M(349.0M)->0.0B(330.0M) Survivors: 44.0M->50.0M Heap: 814.8M(2048.0M)->816.8M(2048.0M)]
 [Times: user=1.48 sys=0.00, real=0.19 secs] 
2020-09-29T12:34:55.634+0200: 122.992: [GC pause (G1 Evacuation Pause) (young), 0.1753232 secs]
   [Parallel Time: 174.1 ms, GC Workers: 8]
      [GC Worker Start (ms): Min: 122991.7, Avg: 122991.8, Max: 122991.9, Diff: 0.2]
      [Ext Root Scanning (ms): Min: 0.0, Avg: 0.1, Max: 0.2, Diff: 0.1, Sum: 0.7]
      [Update RS (ms): Min: 18.4, Avg: 18.5, Max: 18.6, Diff: 0.1, Sum: 148.0]
         [Processed Buffers: Min: 20, Avg: 22.4, Max: 24, Diff: 4, Sum: 179]
      [Scan RS (ms): Min: 17.5, Avg: 17.6, Max: 17.7, Diff: 0.2, Sum: 140.5]
      [Code Root Scanning (ms): Min: 0.0, Avg: 0.0, Max: 0.0, Diff: 0.0, Sum: 0.0]
      [Object Copy (ms): Min: 137.7, Avg: 137.8, Max: 137.8, Diff: 0.1, Sum: 1102.0]
      [Termination (ms): Min: 0.0, Avg: 0.0, Max: 0.0, Diff: 0.0, Sum: 0.1]
         [Termination Attempts: Min: 1, Avg: 63.3, Max: 88, Diff: 87, Sum: 506]
      [GC Worker Other (ms): Min: 0.0, Avg: 0.0, Max: 0.1, Diff: 0.0, Sum: 0.3]
      [GC Worker Total (ms): Min: 173.9, Avg: 174.0, Max: 174.0, Diff: 0.2, Sum: 1391.7]
      [GC Worker End (ms): Min: 123165.7, Avg: 123165.8, Max: 123165.8, Diff: 0.0]
   [Code Root Fixup: 0.0 ms]
   [Code Root Purge: 0.0 ms]
   [Clear CT: 0.2 ms]
   [Other: 1.0 ms]
      [Choose CSet: 0.0 ms]
      [Ref Proc: 0.2 ms]
      [Ref Enq: 0.0 ms]
      [Redirty Cards: 0.2 ms]
      [Humongous Register: 0.1 ms]
      [Humongous Reclaim: 0.0 ms]
      [Free CSet: 0.4 ms]
   [Eden: 330.0M(330.0M)->0.0B(315.0M) Survivors: 50.0M->48.0M Heap: 1202.2M(2048.0M)->1204.2M(2048.0M)]
 [Times: user=1.38 sys=0.00, real=0.17 secs] 
2020-09-29T12:34:55.824+0200: 123.181: [GC pause (G1 Humongous Allocation) (young) (initial-mark), 0.0619060 secs]
   [Parallel Time: 61.0 ms, GC Workers: 8]
      [GC Worker Start (ms): Min: 123181.5, Avg: 123181.6, Max: 123181.7, Diff: 0.2]
      [Ext Root Scanning (ms): Min: 0.0, Avg: 0.3, Max: 0.7, Diff: 0.7, Sum: 2.4]
      [Update RS (ms): Min: 33.0, Avg: 33.8, Max: 34.2, Diff: 1.2, Sum: 270.2]
         [Processed Buffers: Min: 39, Avg: 42.3, Max: 44, Diff: 5, Sum: 338]
      [Scan RS (ms): Min: 2.6, Avg: 2.9, Max: 3.1, Diff: 0.5, Sum: 23.0]
      [Code Root Scanning (ms): Min: 0.0, Avg: 0.0, Max: 0.0, Diff: 0.0, Sum: 0.0]
      [Object Copy (ms): Min: 23.8, Avg: 23.8, Max: 23.9, Diff: 0.1, Sum: 190.7]
      [Termination (ms): Min: 0.0, Avg: 0.0, Max: 0.0, Diff: 0.0, Sum: 0.2]
         [Termination Attempts: Min: 1, Avg: 180.5, Max: 244, Diff: 243, Sum: 1444]
      [GC Worker Other (ms): Min: 0.0, Avg: 0.0, Max: 0.0, Diff: 0.0, Sum: 0.2]
      [GC Worker Total (ms): Min: 60.7, Avg: 60.8, Max: 60.9, Diff: 0.2, Sum: 486.7]
      [GC Worker End (ms): Min: 123242.4, Avg: 123242.5, Max: 123242.5, Diff: 0.0]
   [Code Root Fixup: 0.0 ms]
   [Code Root Purge: 0.0 ms]
   [Clear CT: 0.2 ms]
   [Other: 0.7 ms]
      [Choose CSet: 0.0 ms]
      [Ref Proc: 0.1 ms]
      [Ref Enq: 0.0 ms]
      [Redirty Cards: 0.2 ms]
      [Humongous Register: 0.1 ms]
      [Humongous Reclaim: 0.0 ms]
      [Free CSet: 0.1 ms]
   [Eden: 12.0M(315.0M)->0.0B(307.0M) Survivors: 48.0M->14.0M Heap: 1215.7M(2048.0M)->1219.7M(2048.0M)]
 [Times: user=0.50 sys=0.00, real=0.06 secs] 
2020-09-29T12:34:55.886+0200: 123.243: [GC concurrent-root-region-scan-start]
2020-09-29T12:34:55.889+0200: 123.246: [GC concurrent-root-region-scan-end, 0.0030346 secs]
2020-09-29T12:34:55.889+0200: 123.246: [GC concurrent-mark-start]
2020-09-29T12:34:55.892+0200: 123.250: [GC concurrent-mark-end, 0.0037563 secs]
2020-09-29T12:34:55.893+0200: 123.250: [GC remark 2020-09-29T12:34:55.893+0200: 123.250: [Finalize Marking, 0.0002187 secs] 2020-09-29T12:34:55.893+0200: 123.251: [GC ref-proc, 0.0003464 secs] 2020-09-29T12:34:55.893+0200: 123.251: [Unloading, 0.0005382 secs], 0.0017120 secs]
 [Times: user=0.00 sys=0.00, real=0.00 secs] 
2020-09-29T12:34:55.895+0200: 123.252: [GC cleanup 1233M->34M(2048M), 0.0014745 secs]
 [Times: user=0.00 sys=0.00, real=0.00 secs] 
2020-09-29T12:34:55.896+0200: 123.254: [GC concurrent-cleanup-start]
2020-09-29T12:34:55.900+0200: 123.257: [GC concurrent-cleanup-end, 0.0032340 secs]
2020-09-29T12:34:56.069+0200: 123.426: [GC pause (G1 Evacuation Pause) (young), 0.1424233 secs]
   [Parallel Time: 140.1 ms, GC Workers: 8]
      [GC Worker Start (ms): Min: 123426.4, Avg: 123426.5, Max: 123426.6, Diff: 0.2]
      [Ext Root Scanning (ms): Min: 0.0, Avg: 0.1, Max: 0.2, Diff: 0.2, Sum: 0.5]
      [Update RS (ms): Min: 17.5, Avg: 17.6, Max: 17.7, Diff: 0.2, Sum: 141.0]
         [Processed Buffers: Min: 21, Avg: 21.6, Max: 24, Diff: 3, Sum: 173]
      [Scan RS (ms): Min: 11.1, Avg: 11.2, Max: 11.3, Diff: 0.3, Sum: 89.5]
      [Code Root Scanning (ms): Min: 0.0, Avg: 0.0, Max: 0.0, Diff: 0.0, Sum: 0.0]
      [Object Copy (ms): Min: 110.9, Avg: 110.9, Max: 111.0, Diff: 0.1, Sum: 887.4]
      [Termination (ms): Min: 0.0, Avg: 0.0, Max: 0.0, Diff: 0.0, Sum: 0.3]
         [Termination Attempts: Min: 1, Avg: 211.3, Max: 283, Diff: 282, Sum: 1690]
      [GC Worker Other (ms): Min: 0.0, Avg: 0.0, Max: 0.1, Diff: 0.1, Sum: 0.4]
      [GC Worker Total (ms): Min: 139.8, Avg: 139.9, Max: 140.0, Diff: 0.2, Sum: 1119.1]
      [GC Worker End (ms): Min: 123566.4, Avg: 123566.4, Max: 123566.4, Diff: 0.1]
   [Code Root Fixup: 0.0 ms]
   [Code Root Purge: 0.0 ms]
   [Clear CT: 0.6 ms]
   [Other: 1.7 ms]
      [Choose CSet: 0.0 ms]
      [Ref Proc: 0.2 ms]
      [Ref Enq: 0.0 ms]
      [Redirty Cards: 1.1 ms]
      [Humongous Register: 0.0 ms]
      [Humongous Reclaim: 0.0 ms]
      [Free CSet: 0.2 ms]
   [Eden: 307.0M(307.0M)->0.0B(356.0M) Survivors: 14.0M->41.0M Heap: 380.0M(2048.0M)->368.0M(2048.0M)]
 [Times: user=1.13 sys=0.00, real=0.14 secs] 
2020-09-29T12:34:56.410+0200: 123.768: [GC pause (G1 Evacuation Pause) (young), 0.1914055 secs]
   [Parallel Time: 190.2 ms, GC Workers: 8]
      [GC Worker Start (ms): Min: 123767.8, Avg: 123768.0, Max: 123768.1, Diff: 0.2]
      [Ext Root Scanning (ms): Min: 0.0, Avg: 0.1, Max: 0.2, Diff: 0.2, Sum: 0.5]
      [Update RS (ms): Min: 19.3, Avg: 19.6, Max: 20.1, Diff: 0.8, Sum: 156.7]
         [Processed Buffers: Min: 20, Avg: 20.6, Max: 21, Diff: 1, Sum: 165]
      [Scan RS (ms): Min: 21.9, Avg: 22.3, Max: 22.7, Diff: 0.7, Sum: 178.7]
      [Code Root Scanning (ms): Min: 0.0, Avg: 0.0, Max: 0.0, Diff: 0.0, Sum: 0.0]
      [Object Copy (ms): Min: 147.7, Avg: 147.8, Max: 147.9, Diff: 0.2, Sum: 1182.7]
      [Termination (ms): Min: 0.0, Avg: 0.0, Max: 0.0, Diff: 0.0, Sum: 0.0]
         [Termination Attempts: Min: 1, Avg: 1.0, Max: 1, Diff: 0, Sum: 8]
      [GC Worker Other (ms): Min: 0.0, Avg: 0.1, Max: 0.1, Diff: 0.1, Sum: 0.4]
      [GC Worker Total (ms): Min: 189.8, Avg: 189.9, Max: 190.0, Diff: 0.2, Sum: 1519.1]
      [GC Worker End (ms): Min: 123957.8, Avg: 123957.9, Max: 123957.9, Diff: 0.1]
   [Code Root Fixup: 0.0 ms]
   [Code Root Purge: 0.0 ms]
   [Clear CT: 0.2 ms]
   [Other: 1.0 ms]
      [Choose CSet: 0.0 ms]
      [Ref Proc: 0.2 ms]
      [Ref Enq: 0.0 ms]
      [Redirty Cards: 0.2 ms]
      [Humongous Register: 0.0 ms]
      [Humongous Reclaim: 0.0 ms]
      [Free CSet: 0.4 ms]
   [Eden: 356.0M(356.0M)->0.0B(325.0M) Survivors: 41.0M->50.0M Heap: 783.1M(2048.0M)->785.6M(2048.0M)]
 [Times: user=1.63 sys=0.00, real=0.19 secs] 
2020-09-29T12:34:56.792+0200: 124.150: [GC pause (G1 Evacuation Pause) (young), 0.1789027 secs]
   [Parallel Time: 177.7 ms, GC Workers: 8]
      [GC Worker Start (ms): Min: 124149.8, Avg: 124149.9, Max: 124150.0, Diff: 0.2]
      [Ext Root Scanning (ms): Min: 0.0, Avg: 0.1, Max: 0.2, Diff: 0.2, Sum: 0.4]
      [Update RS (ms): Min: 22.2, Avg: 22.3, Max: 22.7, Diff: 0.5, Sum: 178.5]
         [Processed Buffers: Min: 23, Avg: 25.0, Max: 26, Diff: 3, Sum: 200]
      [Scan RS (ms): Min: 16.5, Avg: 16.8, Max: 17.0, Diff: 0.5, Sum: 134.7]
      [Code Root Scanning (ms): Min: 0.0, Avg: 0.0, Max: 0.0, Diff: 0.0, Sum: 0.0]
      [Object Copy (ms): Min: 138.1, Avg: 138.2, Max: 138.3, Diff: 0.2, Sum: 1105.7]
      [Termination (ms): Min: 0.0, Avg: 0.0, Max: 0.0, Diff: 0.0, Sum: 0.3]
         [Termination Attempts: Min: 1, Avg: 236.8, Max: 294, Diff: 293, Sum: 1894]
      [GC Worker Other (ms): Min: 0.0, Avg: 0.0, Max: 0.1, Diff: 0.1, Sum: 0.3]
      [GC Worker Total (ms): Min: 177.4, Avg: 177.5, Max: 177.7, Diff: 0.2, Sum: 1420.1]
      [GC Worker End (ms): Min: 124327.4, Avg: 124327.4, Max: 124327.4, Diff: 0.1]
   [Code Root Fixup: 0.0 ms]
   [Code Root Purge: 0.0 ms]
   [Clear CT: 0.2 ms]
   [Other: 0.9 ms]
      [Choose CSet: 0.0 ms]
      [Ref Proc: 0.2 ms]
      [Ref Enq: 0.0 ms]
      [Redirty Cards: 0.3 ms]
      [Humongous Register: 0.1 ms]
      [Humongous Reclaim: 0.0 ms]
      [Free CSet: 0.2 ms]
   [Eden: 325.0M(325.0M)->0.0B(325.0M) Survivors: 50.0M->47.0M Heap: 1165.9M(2048.0M)->1167.4M(2048.0M)]
 [Times: user=1.38 sys=0.00, real=0.18 secs] 
2020-09-29T12:34:56.983+0200: 124.341: [GC pause (G1 Humongous Allocation) (young) (initial-mark), 0.0592215 secs]
   [Parallel Time: 58.5 ms, GC Workers: 8]
      [GC Worker Start (ms): Min: 124340.9, Avg: 124341.0, Max: 124341.0, Diff: 0.1]
      [Ext Root Scanning (ms): Min: 0.0, Avg: 0.1, Max: 0.1, Diff: 0.1, Sum: 0.5]
      [Update RS (ms): Min: 34.5, Avg: 34.7, Max: 34.9, Diff: 0.4, Sum: 277.9]
         [Processed Buffers: Min: 42, Avg: 44.0, Max: 45, Diff: 3, Sum: 352]
      [Scan RS (ms): Min: 2.6, Avg: 2.8, Max: 3.0, Diff: 0.4, Sum: 22.1]
      [Code Root Scanning (ms): Min: 0.0, Avg: 0.0, Max: 0.0, Diff: 0.0, Sum: 0.0]
      [Object Copy (ms): Min: 20.6, Avg: 20.6, Max: 20.7, Diff: 0.1, Sum: 165.1]
      [Termination (ms): Min: 0.0, Avg: 0.0, Max: 0.0, Diff: 0.0, Sum: 0.1]
         [Termination Attempts: Min: 1, Avg: 71.4, Max: 100, Diff: 99, Sum: 571]
      [GC Worker Other (ms): Min: 0.0, Avg: 0.0, Max: 0.0, Diff: 0.0, Sum: 0.1]
      [GC Worker Total (ms): Min: 58.2, Avg: 58.2, Max: 58.3, Diff: 0.1, Sum: 465.8]
      [GC Worker End (ms): Min: 124399.2, Avg: 124399.2, Max: 124399.2, Diff: 0.0]
   [Code Root Fixup: 0.0 ms]
   [Code Root Purge: 0.0 ms]
   [Clear CT: 0.1 ms]
   [Other: 0.6 ms]
      [Choose CSet: 0.0 ms]
      [Ref Proc: 0.2 ms]
      [Ref Enq: 0.0 ms]
      [Redirty Cards: 0.1 ms]
      [Humongous Register: 0.0 ms]
      [Humongous Reclaim: 0.0 ms]
      [Free CSet: 0.1 ms]
   [Eden: 8192.0K(325.0M)->0.0B(328.0M) Survivors: 47.0M->9216.0K Heap: 1175.4M(2048.0M)->1177.9M(2048.0M)]
 [Times: user=0.50 sys=0.00, real=0.06 secs] 
2020-09-29T12:34:57.042+0200: 124.400: [GC concurrent-root-region-scan-start]
2020-09-29T12:34:57.044+0200: 124.402: [GC concurrent-root-region-scan-end, 0.0014644 secs]
2020-09-29T12:34:57.044+0200: 124.402: [GC concurrent-mark-start]
2020-09-29T12:34:57.046+0200: 124.404: [GC concurrent-mark-end, 0.0025633 secs]
2020-09-29T12:34:57.046+0200: 124.404: [GC remark 2020-09-29T12:34:57.046+0200: 124.404: [Finalize Marking, 0.0002185 secs] 2020-09-29T12:34:57.047+0200: 124.404: [GC ref-proc, 0.0002730 secs] 2020-09-29T12:34:57.047+0200: 124.405: [Unloading, 0.0004489 secs], 0.0013264 secs]
 [Times: user=0.00 sys=0.00, real=0.00 secs] 
2020-09-29T12:34:57.048+0200: 124.406: [GC cleanup 1188M->27M(2048M), 0.0012089 secs]
 [Times: user=0.00 sys=0.00, real=0.00 secs] 
2020-09-29T12:34:57.049+0200: 124.407: [GC concurrent-cleanup-start]
2020-09-29T12:34:57.051+0200: 124.409: [GC concurrent-cleanup-end, 0.0014863 secs]
2020-09-29T12:34:57.213+0200: 124.571: [GC pause (G1 Evacuation Pause) (young), 0.1500640 secs]
   [Parallel Time: 149.0 ms, GC Workers: 8]
      [GC Worker Start (ms): Min: 124571.1, Avg: 124571.2, Max: 124571.2, Diff: 0.2]
      [Ext Root Scanning (ms): Min: 0.0, Avg: 0.1, Max: 0.2, Diff: 0.2, Sum: 0.4]
      [Update RS (ms): Min: 16.5, Avg: 16.7, Max: 17.0, Diff: 0.4, Sum: 133.4]
         [Processed Buffers: Min: 20, Avg: 20.5, Max: 22, Diff: 2, Sum: 164]
      [Scan RS (ms): Min: 12.7, Avg: 13.0, Max: 13.1, Diff: 0.4, Sum: 104.1]
      [Code Root Scanning (ms): Min: 0.0, Avg: 0.0, Max: 0.0, Diff: 0.0, Sum: 0.0]
      [Object Copy (ms): Min: 118.9, Avg: 118.9, Max: 119.0, Diff: 0.1, Sum: 951.5]
      [Termination (ms): Min: 0.0, Avg: 0.0, Max: 0.0, Diff: 0.0, Sum: 0.3]
         [Termination Attempts: Min: 1, Avg: 221.0, Max: 283, Diff: 282, Sum: 1768]
      [GC Worker Other (ms): Min: 0.0, Avg: 0.0, Max: 0.1, Diff: 0.0, Sum: 0.3]
      [GC Worker Total (ms): Min: 148.7, Avg: 148.8, Max: 148.9, Diff: 0.2, Sum: 1190.1]
      [GC Worker End (ms): Min: 124719.9, Avg: 124719.9, Max: 124720.0, Diff: 0.0]
   [Code Root Fixup: 0.0 ms]
   [Code Root Purge: 0.0 ms]
   [Clear CT: 0.3 ms]
   [Other: 0.8 ms]
      [Choose CSet: 0.0 ms]
      [Ref Proc: 0.1 ms]
      [Ref Enq: 0.0 ms]
      [Redirty Cards: 0.2 ms]
      [Humongous Register: 0.0 ms]
      [Humongous Reclaim: 0.0 ms]
      [Free CSet: 0.2 ms]
   [Eden: 328.0M(328.0M)->0.0B(352.0M) Survivors: 9216.0K->43.0M Heap: 399.8M(2048.0M)->392.8M(2048.0M)]
 [Times: user=1.11 sys=0.00, real=0.15 secs] 
2020-09-29T12:34:57.560+0200: 124.918: [GC pause (G1 Evacuation Pause) (young), 0.1946369 secs]
   [Parallel Time: 193.4 ms, GC Workers: 8]
      [GC Worker Start (ms): Min: 124917.9, Avg: 124918.0, Max: 124918.1, Diff: 0.2]
      [Ext Root Scanning (ms): Min: 0.0, Avg: 0.1, Max: 0.2, Diff: 0.2, Sum: 0.6]
      [Update RS (ms): Min: 17.1, Avg: 17.2, Max: 17.4, Diff: 0.3, Sum: 137.7]
         [Processed Buffers: Min: 20, Avg: 20.9, Max: 22, Diff: 2, Sum: 167]
      [Scan RS (ms): Min: 19.1, Avg: 19.3, Max: 19.5, Diff: 0.4, Sum: 154.1]
      [Code Root Scanning (ms): Min: 0.0, Avg: 0.0, Max: 0.0, Diff: 0.0, Sum: 0.0]
      [Object Copy (ms): Min: 156.3, Avg: 156.4, Max: 156.6, Diff: 0.3, Sum: 1251.1]
      [Termination (ms): Min: 0.0, Avg: 0.2, Max: 0.3, Diff: 0.3, Sum: 1.7]
         [Termination Attempts: Min: 1, Avg: 1619.4, Max: 2153, Diff: 2152, Sum: 12955]
      [GC Worker Other (ms): Min: 0.0, Avg: 0.0, Max: 0.1, Diff: 0.1, Sum: 0.3]
      [GC Worker Total (ms): Min: 193.1, Avg: 193.2, Max: 193.3, Diff: 0.2, Sum: 1545.6]
      [GC Worker End (ms): Min: 125111.2, Avg: 125111.2, Max: 125111.2, Diff: 0.1]
   [Code Root Fixup: 0.0 ms]
   [Code Root Purge: 0.0 ms]
   [Clear CT: 0.2 ms]
   [Other: 1.0 ms]
      [Choose CSet: 0.0 ms]
      [Ref Proc: 0.1 ms]
      [Ref Enq: 0.0 ms]
      [Redirty Cards: 0.2 ms]
      [Humongous Register: 0.1 ms]
      [Humongous Reclaim: 0.0 ms]
      [Free CSet: 0.4 ms]
   [Eden: 352.0M(352.0M)->0.0B(323.0M) Survivors: 43.0M->50.0M Heap: 803.9M(2048.0M)->805.9M(2048.0M)]
 [Times: user=1.50 sys=0.00, real=0.20 secs] 
2020-09-29T12:34:57.945+0200: 125.303: [GC pause (G1 Evacuation Pause) (young), 0.1713009 secs]
   [Parallel Time: 170.2 ms, GC Workers: 8]
      [GC Worker Start (ms): Min: 125303.4, Avg: 125303.5, Max: 125303.6, Diff: 0.2]
      [Ext Root Scanning (ms): Min: 0.0, Avg: 0.1, Max: 0.2, Diff: 0.2, Sum: 0.4]
      [Update RS (ms): Min: 19.6, Avg: 19.8, Max: 20.0, Diff: 0.4, Sum: 158.4]
         [Processed Buffers: Min: 23, Avg: 24.3, Max: 26, Diff: 3, Sum: 194]
      [Scan RS (ms): Min: 15.1, Avg: 15.4, Max: 15.6, Diff: 0.5, Sum: 123.3]
      [Code Root Scanning (ms): Min: 0.0, Avg: 0.0, Max: 0.0, Diff: 0.0, Sum: 0.0]
      [Object Copy (ms): Min: 134.5, Avg: 134.6, Max: 134.7, Diff: 0.3, Sum: 1077.1]
      [Termination (ms): Min: 0.0, Avg: 0.0, Max: 0.1, Diff: 0.1, Sum: 0.3]
         [Termination Attempts: Min: 1, Avg: 291.4, Max: 387, Diff: 386, Sum: 2331]
      [GC Worker Other (ms): Min: 0.0, Avg: 0.0, Max: 0.1, Diff: 0.1, Sum: 0.3]
      [GC Worker Total (ms): Min: 169.9, Avg: 170.0, Max: 170.1, Diff: 0.2, Sum: 1359.9]
      [GC Worker End (ms): Min: 125473.5, Avg: 125473.5, Max: 125473.5, Diff: 0.1]
   [Code Root Fixup: 0.0 ms]
   [Code Root Purge: 0.0 ms]
   [Clear CT: 0.2 ms]
   [Other: 0.9 ms]
      [Choose CSet: 0.0 ms]
      [Ref Proc: 0.2 ms]
      [Ref Enq: 0.0 ms]
      [Redirty Cards: 0.2 ms]
      [Humongous Register: 0.1 ms]
      [Humongous Reclaim: 0.0 ms]
      [Free CSet: 0.3 ms]
   [Eden: 323.0M(323.0M)->0.0B(324.0M) Survivors: 50.0M->47.0M Heap: 1182.3M(2048.0M)->1185.3M(2048.0M)]
 [Times: user=1.38 sys=0.00, real=0.17 secs] 
2020-09-29T12:34:58.126+0200: 125.484: [GC pause (G1 Humongous Allocation) (young) (initial-mark), 0.0705265 secs]
   [Parallel Time: 69.8 ms, GC Workers: 8]
      [GC Worker Start (ms): Min: 125484.0, Avg: 125484.1, Max: 125484.2, Diff: 0.2]
      [Ext Root Scanning (ms): Min: 0.0, Avg: 0.2, Max: 0.4, Diff: 0.4, Sum: 1.5]
      [Update RS (ms): Min: 39.4, Avg: 39.8, Max: 40.3, Diff: 0.9, Sum: 318.3]
         [Processed Buffers: Min: 48, Avg: 49.9, Max: 53, Diff: 5, Sum: 399]
      [Scan RS (ms): Min: 2.4, Avg: 3.6, Max: 9.5, Diff: 7.1, Sum: 28.6]
      [Code Root Scanning (ms): Min: 0.0, Avg: 0.0, Max: 0.0, Diff: 0.0, Sum: 0.0]
      [Object Copy (ms): Min: 20.3, Avg: 26.0, Max: 26.8, Diff: 6.5, Sum: 207.8]
      [Termination (ms): Min: 0.0, Avg: 0.1, Max: 0.2, Diff: 0.2, Sum: 0.9]
         [Termination Attempts: Min: 1, Avg: 775.3, Max: 997, Diff: 996, Sum: 6202]
      [GC Worker Other (ms): Min: 0.0, Avg: 0.0, Max: 0.0, Diff: 0.0, Sum: 0.2]
      [GC Worker Total (ms): Min: 69.6, Avg: 69.7, Max: 69.7, Diff: 0.2, Sum: 557.3]
      [GC Worker End (ms): Min: 125553.8, Avg: 125553.8, Max: 125553.8, Diff: 0.0]
   [Code Root Fixup: 0.0 ms]
   [Code Root Purge: 0.0 ms]
   [Clear CT: 0.1 ms]
   [Other: 0.6 ms]
      [Choose CSet: 0.0 ms]
      [Ref Proc: 0.2 ms]
      [Ref Enq: 0.0 ms]
      [Redirty Cards: 0.1 ms]
      [Humongous Register: 0.1 ms]
      [Humongous Reclaim: 0.0 ms]
      [Free CSet: 0.1 ms]
   [Eden: 5120.0K(324.0M)->0.0B(319.0M) Survivors: 47.0M->6144.0K Heap: 1189.8M(2048.0M)->1192.8M(2048.0M)]
 [Times: user=0.63 sys=0.00, real=0.07 secs] 
2020-09-29T12:34:58.196+0200: 125.554: [GC concurrent-root-region-scan-start]
2020-09-29T12:34:58.197+0200: 125.555: [GC concurrent-root-region-scan-end, 0.0008574 secs]
2020-09-29T12:34:58.197+0200: 125.555: [GC concurrent-mark-start]
2020-09-29T12:34:58.200+0200: 125.558: [GC concurrent-mark-end, 0.0024335 secs]
2020-09-29T12:34:58.200+0200: 125.558: [GC remark 2020-09-29T12:34:58.200+0200: 125.558: [Finalize Marking, 0.0001797 secs] 2020-09-29T12:34:58.200+0200: 125.558: [GC ref-proc, 0.0002648 secs] 2020-09-29T12:34:58.200+0200: 125.558: [Unloading, 0.0004197 secs], 0.0011469 secs]
 [Times: user=0.00 sys=0.00, real=0.00 secs] 
2020-09-29T12:34:58.201+0200: 125.559: [GC cleanup 1201M->22M(2048M), 0.0019646 secs]
 [Times: user=0.00 sys=0.00, real=0.00 secs] 
2020-09-29T12:34:58.203+0200: 125.561: [GC concurrent-cleanup-start]
2020-09-29T12:34:58.205+0200: 125.563: [GC concurrent-cleanup-end, 0.0015176 secs]
2020-09-29T12:34:58.362+0200: 125.720: [GC pause (G1 Evacuation Pause) (young), 0.1472964 secs]
   [Parallel Time: 146.2 ms, GC Workers: 8]
      [GC Worker Start (ms): Min: 125720.5, Avg: 125720.6, Max: 125720.7, Diff: 0.2]
      [Ext Root Scanning (ms): Min: 0.0, Avg: 0.1, Max: 0.2, Diff: 0.2, Sum: 0.5]
      [Update RS (ms): Min: 17.8, Avg: 18.2, Max: 18.5, Diff: 0.7, Sum: 145.3]
         [Processed Buffers: Min: 20, Avg: 21.1, Max: 23, Diff: 3, Sum: 169]
      [Scan RS (ms): Min: 11.9, Avg: 12.2, Max: 12.5, Diff: 0.6, Sum: 97.4]
      [Code Root Scanning (ms): Min: 0.0, Avg: 0.0, Max: 0.0, Diff: 0.0, Sum: 0.0]
      [Object Copy (ms): Min: 115.4, Avg: 115.5, Max: 115.6, Diff: 0.2, Sum: 924.3]
      [Termination (ms): Min: 0.0, Avg: 0.0, Max: 0.0, Diff: 0.0, Sum: 0.1]
         [Termination Attempts: Min: 1, Avg: 122.6, Max: 184, Diff: 183, Sum: 981]
      [GC Worker Other (ms): Min: 0.0, Avg: 0.0, Max: 0.1, Diff: 0.1, Sum: 0.3]
      [GC Worker Total (ms): Min: 145.9, Avg: 146.0, Max: 146.1, Diff: 0.2, Sum: 1168.0]
      [GC Worker End (ms): Min: 125866.6, Avg: 125866.6, Max: 125866.6, Diff: 0.1]
   [Code Root Fixup: 0.0 ms]
   [Code Root Purge: 0.0 ms]
   [Clear CT: 0.2 ms]
   [Other: 0.9 ms]
      [Choose CSet: 0.0 ms]
      [Ref Proc: 0.1 ms]
      [Ref Enq: 0.0 ms]
      [Redirty Cards: 0.3 ms]
      [Humongous Register: 0.0 ms]
      [Humongous Reclaim: 0.0 ms]
      [Free CSet: 0.2 ms]
   [Eden: 319.0M(319.0M)->0.0B(310.0M) Survivors: 6144.0K->41.0M Heap: 385.9M(2048.0M)->381.4M(2048.0M)]
 [Times: user=1.25 sys=0.00, real=0.15 secs] 
2020-09-29T12:34:58.673+0200: 126.031: [GC pause (G1 Evacuation Pause) (young), 0.1794328 secs]
   [Parallel Time: 178.1 ms, GC Workers: 8]
      [GC Worker Start (ms): Min: 126031.1, Avg: 126031.2, Max: 126031.2, Diff: 0.1]
      [Ext Root Scanning (ms): Min: 0.0, Avg: 0.1, Max: 0.1, Diff: 0.1, Sum: 0.5]
      [Update RS (ms): Min: 20.3, Avg: 20.6, Max: 20.9, Diff: 0.7, Sum: 164.6]
         [Processed Buffers: Min: 24, Avg: 24.9, Max: 26, Diff: 2, Sum: 199]
      [Scan RS (ms): Min: 12.9, Avg: 13.2, Max: 13.4, Diff: 0.5, Sum: 105.2]
      [Code Root Scanning (ms): Min: 0.0, Avg: 0.0, Max: 0.0, Diff: 0.0, Sum: 0.0]
      [Object Copy (ms): Min: 143.5, Avg: 143.6, Max: 143.9, Diff: 0.4, Sum: 1148.9]
      [Termination (ms): Min: 0.0, Avg: 0.4, Max: 0.6, Diff: 0.6, Sum: 3.4]
         [Termination Attempts: Min: 1, Avg: 3200.8, Max: 4277, Diff: 4276, Sum: 25606]
      [GC Worker Other (ms): Min: 0.0, Avg: 0.1, Max: 0.1, Diff: 0.1, Sum: 0.4]
      [GC Worker Total (ms): Min: 177.8, Avg: 177.9, Max: 178.0, Diff: 0.2, Sum: 1423.0]
      [GC Worker End (ms): Min: 126209.0, Avg: 126209.0, Max: 126209.1, Diff: 0.1]
   [Code Root Fixup: 0.0 ms]
   [Code Root Purge: 0.0 ms]
   [Clear CT: 0.2 ms]
   [Other: 1.2 ms]
      [Choose CSet: 0.0 ms]
      [Ref Proc: 0.2 ms]
      [Ref Enq: 0.0 ms]
      [Redirty Cards: 0.4 ms]
      [Humongous Register: 0.0 ms]
      [Humongous Reclaim: 0.0 ms]
      [Free CSet: 0.3 ms]
   [Eden: 310.0M(310.0M)->0.0B(305.0M) Survivors: 41.0M->44.0M Heap: 742.9M(2048.0M)->744.4M(2048.0M)]
 [Times: user=1.42 sys=0.08, real=0.18 secs] 
2020-09-29T12:34:59.015+0200: 126.374: [GC pause (G1 Evacuation Pause) (young), 0.1613285 secs]
   [Parallel Time: 160.0 ms, GC Workers: 8]
      [GC Worker Start (ms): Min: 126373.6, Avg: 126373.7, Max: 126373.8, Diff: 0.2]
      [Ext Root Scanning (ms): Min: 0.0, Avg: 0.1, Max: 0.2, Diff: 0.2, Sum: 0.5]
      [Update RS (ms): Min: 18.3, Avg: 18.4, Max: 18.5, Diff: 0.2, Sum: 147.2]
         [Processed Buffers: Min: 22, Avg: 23.0, Max: 25, Diff: 3, Sum: 184]
      [Scan RS (ms): Min: 13.7, Avg: 13.8, Max: 13.9, Diff: 0.1, Sum: 110.5]
      [Code Root Scanning (ms): Min: 0.0, Avg: 0.0, Max: 0.0, Diff: 0.0, Sum: 0.0]
      [Object Copy (ms): Min: 127.2, Avg: 127.3, Max: 127.4, Diff: 0.2, Sum: 1018.5]
      [Termination (ms): Min: 0.0, Avg: 0.0, Max: 0.1, Diff: 0.1, Sum: 0.3]
         [Termination Attempts: Min: 1, Avg: 267.9, Max: 411, Diff: 410, Sum: 2143]
      [GC Worker Other (ms): Min: 0.0, Avg: 0.0, Max: 0.1, Diff: 0.1, Sum: 0.3]
      [GC Worker Total (ms): Min: 159.6, Avg: 159.7, Max: 159.8, Diff: 0.2, Sum: 1277.4]
      [GC Worker End (ms): Min: 126533.4, Avg: 126533.4, Max: 126533.5, Diff: 0.1]
   [Code Root Fixup: 0.0 ms]
   [Code Root Purge: 0.0 ms]
   [Clear CT: 0.6 ms]
   [Other: 0.8 ms]
      [Choose CSet: 0.0 ms]
      [Ref Proc: 0.1 ms]
      [Ref Enq: 0.0 ms]
      [Redirty Cards: 0.2 ms]
      [Humongous Register: 0.0 ms]
      [Humongous Reclaim: 0.0 ms]
      [Free CSet: 0.2 ms]
   [Eden: 305.0M(305.0M)->0.0B(316.0M) Survivors: 44.0M->44.0M Heap: 1100.9M(2048.0M)->1103.4M(2048.0M)]
 [Times: user=1.25 sys=0.00, real=0.16 secs] 
2020-09-29T12:34:59.184+0200: 126.542: [GC pause (G1 Humongous Allocation) (young) (initial-mark), 0.0629882 secs]
   [Parallel Time: 61.0 ms, GC Workers: 8]
      [GC Worker Start (ms): Min: 126542.6, Avg: 126542.7, Max: 126542.7, Diff: 0.1]
      [Ext Root Scanning (ms): Min: 0.0, Avg: 0.1, Max: 0.1, Diff: 0.1, Sum: 0.7]
      [Update RS (ms): Min: 37.9, Avg: 38.1, Max: 38.7, Diff: 0.8, Sum: 304.8]
         [Processed Buffers: Min: 46, Avg: 48.3, Max: 50, Diff: 4, Sum: 386]
      [Scan RS (ms): Min: 2.0, Avg: 2.5, Max: 2.8, Diff: 0.8, Sum: 20.1]
      [Code Root Scanning (ms): Min: 0.0, Avg: 0.0, Max: 0.0, Diff: 0.0, Sum: 0.0]
      [Object Copy (ms): Min: 20.0, Avg: 20.0, Max: 20.1, Diff: 0.1, Sum: 160.2]
      [Termination (ms): Min: 0.0, Avg: 0.0, Max: 0.0, Diff: 0.0, Sum: 0.3]
         [Termination Attempts: Min: 1, Avg: 220.8, Max: 265, Diff: 264, Sum: 1766]
      [GC Worker Other (ms): Min: 0.0, Avg: 0.0, Max: 0.0, Diff: 0.0, Sum: 0.1]
      [GC Worker Total (ms): Min: 60.7, Avg: 60.8, Max: 60.8, Diff: 0.1, Sum: 486.3]
      [GC Worker End (ms): Min: 126603.4, Avg: 126603.5, Max: 126603.5, Diff: 0.0]
   [Code Root Fixup: 0.0 ms]
   [Code Root Purge: 0.0 ms]
   [Clear CT: 0.2 ms]
   [Other: 1.8 ms]
      [Choose CSet: 0.0 ms]
      [Ref Proc: 0.2 ms]
      [Ref Enq: 0.0 ms]
      [Redirty Cards: 1.3 ms]
      [Humongous Register: 0.0 ms]
      [Humongous Reclaim: 0.0 ms]
      [Free CSet: 0.1 ms]
   [Eden: 5120.0K(316.0M)->0.0B(352.0M) Survivors: 44.0M->7168.0K Heap: 1107.9M(2048.0M)->1112.4M(2048.0M)]
 [Times: user=0.50 sys=0.00, real=0.06 secs] 
2020-09-29T12:34:59.248+0200: 126.606: [GC concurrent-root-region-scan-start]
2020-09-29T12:34:59.249+0200: 126.607: [GC concurrent-root-region-scan-end, 0.0011996 secs]
2020-09-29T12:34:59.249+0200: 126.607: [GC concurrent-mark-start]
2020-09-29T12:34:59.251+0200: 126.609: [GC concurrent-mark-end, 0.0024936 secs]
2020-09-29T12:34:59.251+0200: 126.609: [GC remark 2020-09-29T12:34:59.251+0200: 126.609: [Finalize Marking, 0.0004346 secs] 2020-09-29T12:34:59.252+0200: 126.610: [GC ref-proc, 0.0002685 secs] 2020-09-29T12:34:59.252+0200: 126.610: [Unloading, 0.0016972 secs], 0.0035262 secs]
 [Times: user=0.00 sys=0.00, real=0.00 secs] 
2020-09-29T12:34:59.255+0200: 126.613: [GC cleanup 1121M->23M(2048M), 0.0010119 secs]
 [Times: user=0.00 sys=0.00, real=0.00 secs] 
2020-09-29T12:34:59.256+0200: 126.614: [GC concurrent-cleanup-start]
2020-09-29T12:34:59.258+0200: 126.616: [GC concurrent-cleanup-end, 0.0014715 secs]
2020-09-29T12:34:59.435+0200: 126.793: [GC pause (G1 Evacuation Pause) (young), 0.1594268 secs]
   [Parallel Time: 158.2 ms, GC Workers: 8]
      [GC Worker Start (ms): Min: 126792.6, Avg: 126792.8, Max: 126792.8, Diff: 0.2]
      [Ext Root Scanning (ms): Min: 0.0, Avg: 0.1, Max: 0.2, Diff: 0.2, Sum: 0.4]
      [Update RS (ms): Min: 16.5, Avg: 16.6, Max: 16.6, Diff: 0.2, Sum: 132.5]
         [Processed Buffers: Min: 19, Avg: 20.5, Max: 24, Diff: 5, Sum: 164]
      [Scan RS (ms): Min: 14.8, Avg: 14.9, Max: 15.1, Diff: 0.3, Sum: 119.5]
      [Code Root Scanning (ms): Min: 0.0, Avg: 0.0, Max: 0.0, Diff: 0.0, Sum: 0.0]
      [Object Copy (ms): Min: 126.2, Avg: 126.3, Max: 126.3, Diff: 0.1, Sum: 1010.4]
      [Termination (ms): Min: 0.0, Avg: 0.0, Max: 0.0, Diff: 0.0, Sum: 0.1]
         [Termination Attempts: Min: 1, Avg: 116.0, Max: 165, Diff: 164, Sum: 928]
      [GC Worker Other (ms): Min: 0.0, Avg: 0.0, Max: 0.1, Diff: 0.1, Sum: 0.4]
      [GC Worker Total (ms): Min: 157.8, Avg: 157.9, Max: 158.1, Diff: 0.2, Sum: 1263.3]
      [GC Worker End (ms): Min: 126950.7, Avg: 126950.7, Max: 126950.7, Diff: 0.1]
   [Code Root Fixup: 0.0 ms]
   [Code Root Purge: 0.0 ms]
   [Clear CT: 0.2 ms]
   [Other: 1.1 ms]
      [Choose CSet: 0.0 ms]
      [Ref Proc: 0.1 ms]
      [Ref Enq: 0.0 ms]
      [Redirty Cards: 0.3 ms]
      [Humongous Register: 0.0 ms]
      [Humongous Reclaim: 0.0 ms]
      [Free CSet: 0.4 ms]
   [Eden: 352.0M(352.0M)->0.0B(332.0M) Survivors: 7168.0K->45.0M Heap: 426.1M(2048.0M)->421.6M(2048.0M)]
 [Times: user=1.25 sys=0.00, real=0.16 secs] 
2020-09-29T12:34:59.780+0200: 127.138: [GC pause (G1 Evacuation Pause) (young), 0.1868607 secs]
   [Parallel Time: 185.8 ms, GC Workers: 8]
      [GC Worker Start (ms): Min: 127138.0, Avg: 127138.1, Max: 127138.2, Diff: 0.2]
      [Ext Root Scanning (ms): Min: 0.0, Avg: 0.1, Max: 0.2, Diff: 0.2, Sum: 0.5]
      [Update RS (ms): Min: 26.1, Avg: 26.3, Max: 26.6, Diff: 0.5, Sum: 210.4]
         [Processed Buffers: Min: 25, Avg: 29.5, Max: 33, Diff: 8, Sum: 236]
      [Scan RS (ms): Min: 15.1, Avg: 15.6, Max: 16.1, Diff: 0.9, Sum: 124.8]
      [Code Root Scanning (ms): Min: 0.0, Avg: 0.0, Max: 0.0, Diff: 0.0, Sum: 0.0]
      [Object Copy (ms): Min: 143.3, Avg: 143.6, Max: 143.8, Diff: 0.5, Sum: 1148.4]
      [Termination (ms): Min: 0.0, Avg: 0.0, Max: 0.1, Diff: 0.1, Sum: 0.4]
         [Termination Attempts: Min: 1, Avg: 325.9, Max: 442, Diff: 441, Sum: 2607]
      [GC Worker Other (ms): Min: 0.0, Avg: 0.0, Max: 0.1, Diff: 0.1, Sum: 0.4]
      [GC Worker Total (ms): Min: 185.5, Avg: 185.6, Max: 185.7, Diff: 0.1, Sum: 1484.8]
      [GC Worker End (ms): Min: 127323.7, Avg: 127323.7, Max: 127323.7, Diff: 0.1]
   [Code Root Fixup: 0.0 ms]
   [Code Root Purge: 0.0 ms]
   [Clear CT: 0.2 ms]
   [Other: 0.8 ms]
      [Choose CSet: 0.0 ms]
      [Ref Proc: 0.1 ms]
      [Ref Enq: 0.0 ms]
      [Redirty Cards: 0.2 ms]
      [Humongous Register: 0.1 ms]
      [Humongous Reclaim: 0.0 ms]
      [Free CSet: 0.2 ms]
   [Eden: 332.0M(332.0M)->0.0B(318.0M) Survivors: 45.0M->48.0M Heap: 808.9M(2048.0M)->810.9M(2048.0M)]
 [Times: user=1.47 sys=0.02, real=0.19 secs] 
2020-09-29T12:35:00.141+0200: 127.499: [GC pause (G1 Evacuation Pause) (young), 0.1739151 secs]
   [Parallel Time: 172.4 ms, GC Workers: 8]
      [GC Worker Start (ms): Min: 127499.4, Avg: 127499.5, Max: 127499.6, Diff: 0.2]
      [Ext Root Scanning (ms): Min: 0.0, Avg: 0.1, Max: 0.2, Diff: 0.2, Sum: 0.5]
      [Update RS (ms): Min: 17.7, Avg: 17.8, Max: 18.0, Diff: 0.3, Sum: 142.6]
         [Processed Buffers: Min: 20, Avg: 20.8, Max: 23, Diff: 3, Sum: 166]
      [Scan RS (ms): Min: 16.0, Avg: 16.2, Max: 16.3, Diff: 0.4, Sum: 129.2]
      [Code Root Scanning (ms): Min: 0.0, Avg: 0.0, Max: 0.0, Diff: 0.0, Sum: 0.0]
      [Object Copy (ms): Min: 137.9, Avg: 138.0, Max: 138.2, Diff: 0.3, Sum: 1104.1]
      [Termination (ms): Min: 0.0, Avg: 0.1, Max: 0.2, Diff: 0.2, Sum: 1.0]
         [Termination Attempts: Min: 1, Avg: 878.1, Max: 1208, Diff: 1207, Sum: 7025]
      [GC Worker Other (ms): Min: 0.0, Avg: 0.0, Max: 0.1, Diff: 0.0, Sum: 0.3]
      [GC Worker Total (ms): Min: 172.1, Avg: 172.2, Max: 172.3, Diff: 0.2, Sum: 1377.8]
      [GC Worker End (ms): Min: 127671.7, Avg: 127671.7, Max: 127671.8, Diff: 0.0]
   [Code Root Fixup: 0.0 ms]
   [Code Root Purge: 0.0 ms]
   [Clear CT: 0.2 ms]
   [Other: 1.3 ms]
      [Choose CSet: 0.0 ms]
      [Ref Proc: 0.2 ms]
      [Ref Enq: 0.0 ms]
      [Redirty Cards: 0.6 ms]
      [Humongous Register: 0.1 ms]
      [Humongous Reclaim: 0.0 ms]
      [Free CSet: 0.3 ms]
   [Eden: 318.0M(318.0M)->0.0B(319.0M) Survivors: 48.0M->46.0M Heap: 1182.3M(2048.0M)->1183.8M(2048.0M)]
 [Times: user=1.28 sys=0.01, real=0.17 secs] 
2020-09-29T12:35:00.323+0200: 127.681: [GC pause (G1 Humongous Allocation) (young) (initial-mark), 0.0653092 secs]
   [Parallel Time: 64.1 ms, GC Workers: 8]
      [GC Worker Start (ms): Min: 127682.0, Avg: 127682.1, Max: 127682.2, Diff: 0.2]
      [Ext Root Scanning (ms): Min: 0.1, Avg: 0.3, Max: 0.9, Diff: 0.8, Sum: 2.5]
      [Update RS (ms): Min: 39.6, Avg: 40.4, Max: 41.1, Diff: 1.5, Sum: 323.4]
         [Processed Buffers: Min: 48, Avg: 49.9, Max: 53, Diff: 5, Sum: 399]
      [Scan RS (ms): Min: 2.1, Avg: 2.7, Max: 2.9, Diff: 0.7, Sum: 21.5]
      [Code Root Scanning (ms): Min: 0.0, Avg: 0.0, Max: 0.0, Diff: 0.0, Sum: 0.0]
      [Object Copy (ms): Min: 19.8, Avg: 19.8, Max: 19.9, Diff: 0.1, Sum: 158.7]
      [Termination (ms): Min: 0.0, Avg: 0.0, Max: 0.0, Diff: 0.0, Sum: 0.2]
         [Termination Attempts: Min: 1, Avg: 135.8, Max: 165, Diff: 164, Sum: 1086]
      [GC Worker Other (ms): Min: 0.0, Avg: 0.0, Max: 0.0, Diff: 0.0, Sum: 0.1]
      [GC Worker Total (ms): Min: 63.2, Avg: 63.3, Max: 63.4, Diff: 0.2, Sum: 506.4]
      [GC Worker End (ms): Min: 127745.4, Avg: 127745.4, Max: 127745.4, Diff: 0.0]
   [Code Root Fixup: 0.0 ms]
   [Code Root Purge: 0.0 ms]
   [Clear CT: 0.2 ms]
   [Other: 1.0 ms]
      [Choose CSet: 0.0 ms]
      [Ref Proc: 0.2 ms]
      [Ref Enq: 0.0 ms]
      [Redirty Cards: 0.4 ms]
      [Humongous Register: 0.1 ms]
      [Humongous Reclaim: 0.0 ms]
      [Free CSet: 0.1 ms]
   [Eden: 6144.0K(319.0M)->0.0B(320.0M) Survivors: 46.0M->8192.0K Heap: 1189.3M(2048.0M)->1193.3M(2048.0M)]
 [Times: user=0.50 sys=0.00, real=0.07 secs] 
2020-09-29T12:35:00.389+0200: 127.747: [GC concurrent-root-region-scan-start]
2020-09-29T12:35:00.390+0200: 127.748: [GC concurrent-root-region-scan-end, 0.0018610 secs]
2020-09-29T12:35:00.390+0200: 127.748: [GC concurrent-mark-start]
2020-09-29T12:35:00.394+0200: 127.752: [GC concurrent-mark-end, 0.0035276 secs]
2020-09-29T12:35:00.394+0200: 127.752: [GC remark 2020-09-29T12:35:00.394+0200: 127.752: [Finalize Marking, 0.0001282 secs] 2020-09-29T12:35:00.394+0200: 127.752: [GC ref-proc, 0.0002798 secs] 2020-09-29T12:35:00.395+0200: 127.753: [Unloading, 0.0004392 secs], 0.0011271 secs]
 [Times: user=0.00 sys=0.02, real=0.00 secs] 
2020-09-29T12:35:00.396+0200: 127.754: [GC cleanup 1206M->28M(2048M), 0.0011517 secs]
 [Times: user=0.00 sys=0.00, real=0.00 secs] 
2020-09-29T12:35:00.397+0200: 127.755: [GC concurrent-cleanup-start]
2020-09-29T12:35:00.399+0200: 127.757: [GC concurrent-cleanup-end, 0.0019948 secs]
2020-09-29T12:35:00.564+0200: 127.921: [GC pause (G1 Evacuation Pause) (young), 0.1507090 secs]
   [Parallel Time: 149.6 ms, GC Workers: 8]
      [GC Worker Start (ms): Min: 127921.4, Avg: 127921.5, Max: 127921.6, Diff: 0.2]
      [Ext Root Scanning (ms): Min: 0.0, Avg: 0.1, Max: 0.2, Diff: 0.2, Sum: 0.5]
      [Update RS (ms): Min: 17.8, Avg: 17.9, Max: 18.1, Diff: 0.2, Sum: 143.4]
         [Processed Buffers: Min: 21, Avg: 21.3, Max: 22, Diff: 1, Sum: 170]
      [Scan RS (ms): Min: 12.2, Avg: 12.3, Max: 12.5, Diff: 0.2, Sum: 98.8]
      [Code Root Scanning (ms): Min: 0.0, Avg: 0.0, Max: 0.0, Diff: 0.0, Sum: 0.0]
      [Object Copy (ms): Min: 118.9, Avg: 118.9, Max: 119.0, Diff: 0.1, Sum: 951.4]
      [Termination (ms): Min: 0.0, Avg: 0.1, Max: 0.1, Diff: 0.1, Sum: 0.6]
         [Termination Attempts: Min: 1, Avg: 533.0, Max: 648, Diff: 647, Sum: 4264]
      [GC Worker Other (ms): Min: 0.0, Avg: 0.0, Max: 0.1, Diff: 0.1, Sum: 0.3]
      [GC Worker Total (ms): Min: 149.3, Avg: 149.4, Max: 149.5, Diff: 0.2, Sum: 1195.0]
      [GC Worker End (ms): Min: 128070.9, Avg: 128070.9, Max: 128070.9, Diff: 0.1]
   [Code Root Fixup: 0.0 ms]
   [Code Root Purge: 0.0 ms]
   [Clear CT: 0.2 ms]
   [Other: 1.0 ms]
      [Choose CSet: 0.0 ms]
      [Ref Proc: 0.2 ms]
      [Ref Enq: 0.0 ms]
      [Redirty Cards: 0.3 ms]
      [Humongous Register: 0.0 ms]
      [Humongous Reclaim: 0.0 ms]
      [Free CSet: 0.2 ms]
   [Eden: 320.0M(320.0M)->0.0B(342.0M) Survivors: 8192.0K->41.0M Heap: 388.9M(2048.0M)->382.9M(2048.0M)]
 [Times: user=1.19 sys=0.01, real=0.15 secs] 
2020-09-29T12:35:00.899+0200: 128.256: [GC pause (G1 Evacuation Pause) (young), 0.1803409 secs]
   [Parallel Time: 179.3 ms, GC Workers: 8]
      [GC Worker Start (ms): Min: 128256.4, Avg: 128256.5, Max: 128256.5, Diff: 0.2]
      [Ext Root Scanning (ms): Min: 0.0, Avg: 0.1, Max: 0.2, Diff: 0.1, Sum: 0.5]
      [Update RS (ms): Min: 17.9, Avg: 18.0, Max: 18.5, Diff: 0.5, Sum: 144.3]
         [Processed Buffers: Min: 21, Avg: 21.8, Max: 24, Diff: 3, Sum: 174]
      [Scan RS (ms): Min: 17.2, Avg: 17.6, Max: 17.8, Diff: 0.6, Sum: 140.9]
      [Code Root Scanning (ms): Min: 0.0, Avg: 0.0, Max: 0.0, Diff: 0.0, Sum: 0.0]
      [Object Copy (ms): Min: 143.1, Avg: 143.2, Max: 143.4, Diff: 0.3, Sum: 1145.7]
      [Termination (ms): Min: 0.0, Avg: 0.1, Max: 0.1, Diff: 0.1, Sum: 0.9]
         [Termination Attempts: Min: 1, Avg: 726.8, Max: 963, Diff: 962, Sum: 5814]
      [GC Worker Other (ms): Min: 0.0, Avg: 0.0, Max: 0.1, Diff: 0.1, Sum: 0.4]
      [GC Worker Total (ms): Min: 179.0, Avg: 179.1, Max: 179.2, Diff: 0.2, Sum: 1432.7]
      [GC Worker End (ms): Min: 128435.5, Avg: 128435.5, Max: 128435.6, Diff: 0.1]
   [Code Root Fixup: 0.0 ms]
   [Code Root Purge: 0.0 ms]
   [Clear CT: 0.2 ms]
   [Other: 0.8 ms]
      [Choose CSet: 0.0 ms]
      [Ref Proc: 0.1 ms]
      [Ref Enq: 0.0 ms]
      [Redirty Cards: 0.2 ms]
      [Humongous Register: 0.1 ms]
      [Humongous Reclaim: 0.0 ms]
      [Free CSet: 0.2 ms]
   [Eden: 342.0M(342.0M)->0.0B(329.0M) Survivors: 41.0M->48.0M Heap: 782.1M(2048.0M)->784.1M(2048.0M)]
 [Times: user=1.36 sys=0.00, real=0.18 secs] 
2020-09-29T12:35:01.243+0200: 128.602: [GC pause (G1 Evacuation Pause) (young), 0.1732775 secs]
   [Parallel Time: 172.0 ms, GC Workers: 8]
      [GC Worker Start (ms): Min: 128601.8, Avg: 128601.8, Max: 128601.9, Diff: 0.1]
      [Ext Root Scanning (ms): Min: 0.1, Avg: 0.1, Max: 0.1, Diff: 0.1, Sum: 0.7]
      [Update RS (ms): Min: 20.1, Avg: 20.3, Max: 20.7, Diff: 0.6, Sum: 162.5]
         [Processed Buffers: Min: 24, Avg: 25.3, Max: 27, Diff: 3, Sum: 202]
      [Scan RS (ms): Min: 15.1, Avg: 15.6, Max: 15.9, Diff: 0.8, Sum: 124.5]
      [Code Root Scanning (ms): Min: 0.0, Avg: 0.0, Max: 0.0, Diff: 0.0, Sum: 0.0]
      [Object Copy (ms): Min: 135.5, Avg: 135.6, Max: 135.7, Diff: 0.2, Sum: 1084.6]
      [Termination (ms): Min: 0.0, Avg: 0.0, Max: 0.0, Diff: 0.0, Sum: 0.2]
         [Termination Attempts: Min: 1, Avg: 169.1, Max: 212, Diff: 211, Sum: 1353]
      [GC Worker Other (ms): Min: 0.0, Avg: 0.1, Max: 0.3, Diff: 0.3, Sum: 0.8]
      [GC Worker Total (ms): Min: 171.6, Avg: 171.7, Max: 171.9, Diff: 0.3, Sum: 1373.4]
      [GC Worker End (ms): Min: 128773.4, Avg: 128773.5, Max: 128773.7, Diff: 0.3]
   [Code Root Fixup: 0.0 ms]
   [Code Root Purge: 0.0 ms]
   [Clear CT: 0.2 ms]
   [Other: 1.1 ms]
      [Choose CSet: 0.0 ms]
      [Ref Proc: 0.2 ms]
      [Ref Enq: 0.0 ms]
      [Redirty Cards: 0.2 ms]
      [Humongous Register: 0.0 ms]
      [Humongous Reclaim: 0.0 ms]
      [Free CSet: 0.4 ms]
   [Eden: 329.0M(329.0M)->0.0B(332.0M) Survivors: 48.0M->48.0M Heap: 1168.4M(2048.0M)->1170.4M(2048.0M)]
 [Times: user=1.36 sys=0.02, real=0.17 secs] 
2020-09-29T12:35:01.426+0200: 128.784: [GC pause (G1 Humongous Allocation) (young) (initial-mark), 0.0645317 secs]
   [Parallel Time: 63.6 ms, GC Workers: 8]
      [GC Worker Start (ms): Min: 128784.1, Avg: 128784.1, Max: 128784.2, Diff: 0.1]
      [Ext Root Scanning (ms): Min: 0.0, Avg: 0.1, Max: 0.1, Diff: 0.1, Sum: 0.8]
      [Update RS (ms): Min: 39.1, Avg: 39.3, Max: 39.7, Diff: 0.6, Sum: 314.5]
         [Processed Buffers: Min: 46, Avg: 49.8, Max: 51, Diff: 5, Sum: 398]
      [Scan RS (ms): Min: 2.5, Avg: 2.8, Max: 3.1, Diff: 0.6, Sum: 22.4]
      [Code Root Scanning (ms): Min: 0.0, Avg: 0.0, Max: 0.0, Diff: 0.0, Sum: 0.0]
      [Object Copy (ms): Min: 21.2, Avg: 21.2, Max: 21.2, Diff: 0.1, Sum: 169.6]
      [Termination (ms): Min: 0.0, Avg: 0.0, Max: 0.0, Diff: 0.0, Sum: 0.2]
         [Termination Attempts: Min: 1, Avg: 131.1, Max: 182, Diff: 181, Sum: 1049]
      [GC Worker Other (ms): Min: 0.0, Avg: 0.0, Max: 0.0, Diff: 0.0, Sum: 0.1]
      [GC Worker Total (ms): Min: 63.4, Avg: 63.5, Max: 63.5, Diff: 0.1, Sum: 507.6]
      [GC Worker End (ms): Min: 128847.6, Avg: 128847.6, Max: 128847.6, Diff: 0.0]
   [Code Root Fixup: 0.0 ms]
   [Code Root Purge: 0.0 ms]
   [Clear CT: 0.2 ms]
   [Other: 0.7 ms]
      [Choose CSet: 0.0 ms]
      [Ref Proc: 0.1 ms]
      [Ref Enq: 0.0 ms]
      [Redirty Cards: 0.2 ms]
      [Humongous Register: 0.1 ms]
      [Humongous Reclaim: 0.0 ms]
      [Free CSet: 0.1 ms]
   [Eden: 5120.0K(332.0M)->0.0B(327.0M) Survivors: 48.0M->7168.0K Heap: 1175.4M(2048.0M)->1179.4M(2048.0M)]
 [Times: user=0.50 sys=0.00, real=0.06 secs] 
2020-09-29T12:35:01.490+0200: 128.849: [GC concurrent-root-region-scan-start]
2020-09-29T12:35:01.492+0200: 128.850: [GC concurrent-root-region-scan-end, 0.0017074 secs]
2020-09-29T12:35:01.492+0200: 128.850: [GC concurrent-mark-start]
2020-09-29T12:35:01.495+0200: 128.853: [GC concurrent-mark-end, 0.0025990 secs]
2020-09-29T12:35:01.495+0200: 128.853: [GC remark 2020-09-29T12:35:01.495+0200: 128.853: [Finalize Marking, 0.0004316 secs] 2020-09-29T12:35:01.495+0200: 128.854: [GC ref-proc, 0.0002902 secs] 2020-09-29T12:35:01.496+0200: 128.854: [Unloading, 0.0007580 secs], 0.0019084 secs]
 [Times: user=0.00 sys=0.00, real=0.00 secs] 
2020-09-29T12:35:01.497+0200: 128.855: [GC cleanup 1190M->25M(2048M), 0.0017495 secs]
 [Times: user=0.00 sys=0.00, real=0.00 secs] 
2020-09-29T12:35:01.499+0200: 128.857: [GC concurrent-cleanup-start]
2020-09-29T12:35:01.501+0200: 128.859: [GC concurrent-cleanup-end, 0.0016722 secs]
2020-09-29T12:35:01.686+0200: 129.044: [GC pause (G1 Evacuation Pause) (young), 0.1506095 secs]
   [Parallel Time: 149.5 ms, GC Workers: 8]
      [GC Worker Start (ms): Min: 129044.5, Avg: 129044.5, Max: 129044.6, Diff: 0.1]
      [Ext Root Scanning (ms): Min: 0.0, Avg: 0.1, Max: 0.1, Diff: 0.1, Sum: 0.6]
      [Update RS (ms): Min: 18.1, Avg: 18.4, Max: 18.7, Diff: 0.6, Sum: 146.8]
         [Processed Buffers: Min: 21, Avg: 22.4, Max: 24, Diff: 3, Sum: 179]
      [Scan RS (ms): Min: 12.0, Avg: 12.3, Max: 12.5, Diff: 0.5, Sum: 98.3]
      [Code Root Scanning (ms): Min: 0.0, Avg: 0.0, Max: 0.0, Diff: 0.0, Sum: 0.0]
      [Object Copy (ms): Min: 118.6, Avg: 118.6, Max: 118.6, Diff: 0.1, Sum: 948.8]
      [Termination (ms): Min: 0.0, Avg: 0.0, Max: 0.0, Diff: 0.0, Sum: 0.3]
         [Termination Attempts: Min: 1, Avg: 219.5, Max: 272, Diff: 271, Sum: 1756]
      [GC Worker Other (ms): Min: 0.0, Avg: 0.0, Max: 0.1, Diff: 0.1, Sum: 0.3]
      [GC Worker Total (ms): Min: 149.3, Avg: 149.4, Max: 149.5, Diff: 0.1, Sum: 1195.0]
      [GC Worker End (ms): Min: 129193.9, Avg: 129193.9, Max: 129194.0, Diff: 0.1]
   [Code Root Fixup: 0.0 ms]
   [Code Root Purge: 0.0 ms]
   [Clear CT: 0.2 ms]
   [Other: 0.9 ms]
      [Choose CSet: 0.0 ms]
      [Ref Proc: 0.2 ms]
      [Ref Enq: 0.0 ms]
      [Redirty Cards: 0.2 ms]
      [Humongous Register: 0.0 ms]
      [Humongous Reclaim: 0.0 ms]
      [Free CSet: 0.2 ms]
   [Eden: 327.0M(327.0M)->0.0B(351.0M) Survivors: 7168.0K->42.0M Heap: 397.3M(2048.0M)->392.3M(2048.0M)]
 [Times: user=1.23 sys=0.00, real=0.15 secs] 
2020-09-29T12:35:02.026+0200: 129.384: [GC pause (G1 Evacuation Pause) (young), 0.1947576 secs]
   [Parallel Time: 193.3 ms, GC Workers: 8]
      [GC Worker Start (ms): Min: 129383.7, Avg: 129383.8, Max: 129383.9, Diff: 0.2]
      [Ext Root Scanning (ms): Min: 0.0, Avg: 0.1, Max: 0.2, Diff: 0.2, Sum: 0.5]
      [Update RS (ms): Min: 20.7, Avg: 20.7, Max: 20.9, Diff: 0.2, Sum: 165.9]
         [Processed Buffers: Min: 25, Avg: 26.3, Max: 29, Diff: 4, Sum: 210]
      [Scan RS (ms): Min: 17.4, Avg: 19.0, Max: 29.2, Diff: 11.7, Sum: 151.9]
      [Code Root Scanning (ms): Min: 0.0, Avg: 0.0, Max: 0.0, Diff: 0.0, Sum: 0.0]
      [Object Copy (ms): Min: 143.1, Avg: 152.9, Max: 154.5, Diff: 11.4, Sum: 1223.4]
      [Termination (ms): Min: 0.0, Avg: 0.3, Max: 0.5, Diff: 0.5, Sum: 2.5]
         [Termination Attempts: Min: 1, Avg: 2106.6, Max: 3180, Diff: 3179, Sum: 16853]
      [GC Worker Other (ms): Min: 0.0, Avg: 0.0, Max: 0.1, Diff: 0.1, Sum: 0.4]
      [GC Worker Total (ms): Min: 193.0, Avg: 193.1, Max: 193.2, Diff: 0.2, Sum: 1544.7]
      [GC Worker End (ms): Min: 129576.8, Avg: 129576.9, Max: 129576.9, Diff: 0.1]
   [Code Root Fixup: 0.0 ms]
   [Code Root Purge: 0.0 ms]
   [Clear CT: 0.3 ms]
   [Other: 1.2 ms]
      [Choose CSet: 0.0 ms]
      [Ref Proc: 0.2 ms]
      [Ref Enq: 0.0 ms]
      [Redirty Cards: 0.4 ms]
      [Humongous Register: 0.0 ms]
      [Humongous Reclaim: 0.0 ms]
      [Free CSet: 0.4 ms]
   [Eden: 351.0M(351.0M)->0.0B(323.0M) Survivors: 42.0M->50.0M Heap: 802.4M(2048.0M)->804.4M(2048.0M)]
 [Times: user=1.49 sys=0.00, real=0.19 secs] 
2020-09-29T12:35:02.462+0200: 129.819: [GC pause (G1 Evacuation Pause) (young), 0.3061248 secs]
   [Parallel Time: 301.8 ms, GC Workers: 8]
      [GC Worker Start (ms): Min: 129819.2, Avg: 129819.3, Max: 129819.4, Diff: 0.2]
      [Ext Root Scanning (ms): Min: 0.0, Avg: 0.1, Max: 0.2, Diff: 0.2, Sum: 0.7]
      [Update RS (ms): Min: 27.1, Avg: 27.4, Max: 27.7, Diff: 0.6, Sum: 219.0]
         [Processed Buffers: Min: 19, Avg: 20.3, Max: 22, Diff: 3, Sum: 162]
      [Scan RS (ms): Min: 28.9, Avg: 29.3, Max: 29.7, Diff: 0.8, Sum: 234.5]
      [Code Root Scanning (ms): Min: 0.0, Avg: 0.0, Max: 0.0, Diff: 0.0, Sum: 0.0]
      [Object Copy (ms): Min: 244.0, Avg: 244.4, Max: 244.7, Diff: 0.7, Sum: 1954.9]
      [Termination (ms): Min: 0.1, Avg: 0.3, Max: 0.5, Diff: 0.4, Sum: 2.4]
         [Termination Attempts: Min: 1, Avg: 960.1, Max: 1490, Diff: 1489, Sum: 7681]
      [GC Worker Other (ms): Min: 0.0, Avg: 0.0, Max: 0.1, Diff: 0.0, Sum: 0.2]
      [GC Worker Total (ms): Min: 301.4, Avg: 301.5, Max: 301.6, Diff: 0.3, Sum: 2411.8]
      [GC Worker End (ms): Min: 130120.8, Avg: 130120.8, Max: 130120.8, Diff: 0.1]
   [Code Root Fixup: 0.0 ms]
   [Code Root Purge: 0.0 ms]
   [Clear CT: 0.3 ms]
   [Other: 4.0 ms]
      [Choose CSet: 0.0 ms]
      [Ref Proc: 0.3 ms]
      [Ref Enq: 0.0 ms]
      [Redirty Cards: 3.0 ms]
      [Humongous Register: 0.1 ms]
      [Humongous Reclaim: 0.0 ms]
      [Free CSet: 0.4 ms]
   [Eden: 323.0M(323.0M)->0.0B(190.0M) Survivors: 50.0M->47.0M Heap: 1180.8M(2048.0M)->1182.8M(2048.0M)]
 [Times: user=2.34 sys=0.00, real=0.31 secs] 
2020-09-29T12:35:02.799+0200: 130.156: [GC pause (G1 Humongous Allocation) (young) (initial-mark), 0.0949628 secs]
   [Parallel Time: 93.5 ms, GC Workers: 8]
      [GC Worker Start (ms): Min: 130156.3, Avg: 130156.4, Max: 130156.6, Diff: 0.3]
      [Ext Root Scanning (ms): Min: 0.0, Avg: 4.1, Max: 31.2, Diff: 31.2, Sum: 33.2]
      [Update RS (ms): Min: 15.5, Avg: 44.2, Max: 60.5, Diff: 45.0, Sum: 353.3]
         [Processed Buffers: Min: 14, Avg: 32.1, Max: 38, Diff: 24, Sum: 257]
      [Scan RS (ms): Min: 0.0, Avg: 4.7, Max: 5.6, Diff: 5.6, Sum: 37.7]
      [Code Root Scanning (ms): Min: 0.0, Avg: 0.0, Max: 0.0, Diff: 0.0, Sum: 0.0]
      [Object Copy (ms): Min: 32.1, Avg: 39.9, Max: 41.1, Diff: 8.9, Sum: 319.4]
      [Termination (ms): Min: 0.0, Avg: 0.0, Max: 0.1, Diff: 0.1, Sum: 0.3]
         [Termination Attempts: Min: 1, Avg: 151.1, Max: 214, Diff: 213, Sum: 1209]
      [GC Worker Other (ms): Min: 0.0, Avg: 0.0, Max: 0.1, Diff: 0.0, Sum: 0.2]
      [GC Worker Total (ms): Min: 92.9, Avg: 93.0, Max: 93.2, Diff: 0.3, Sum: 744.1]
      [GC Worker End (ms): Min: 130249.4, Avg: 130249.4, Max: 130249.5, Diff: 0.0]
   [Code Root Fixup: 0.0 ms]
   [Code Root Purge: 0.0 ms]
   [Clear CT: 0.3 ms]
   [Other: 1.2 ms]
      [Choose CSet: 0.0 ms]
      [Ref Proc: 0.4 ms]
      [Ref Enq: 0.0 ms]
      [Redirty Cards: 0.3 ms]
      [Humongous Register: 0.1 ms]
      [Humongous Reclaim: 0.0 ms]
      [Free CSet: 0.1 ms]
   [Eden: 7168.0K(190.0M)->0.0B(191.0M) Survivors: 47.0M->8192.0K Heap: 1189.3M(2048.0M)->1192.8M(2048.0M)]
 [Times: user=0.69 sys=0.00, real=0.10 secs] 
2020-09-29T12:35:02.894+0200: 130.251: [GC concurrent-root-region-scan-start]
2020-09-29T12:35:02.897+0200: 130.254: [GC concurrent-root-region-scan-end, 0.0032860 secs]
2020-09-29T12:35:02.897+0200: 130.255: [GC concurrent-mark-start]
2020-09-29T12:35:02.902+0200: 130.259: [GC concurrent-mark-end, 0.0047348 secs]
2020-09-29T12:35:02.902+0200: 130.260: [GC remark 2020-09-29T12:35:02.902+0200: 130.260: [Finalize Marking, 0.0004152 secs] 2020-09-29T12:35:02.903+0200: 130.260: [GC ref-proc, 0.0004510 secs] 2020-09-29T12:35:02.903+0200: 130.261: [Unloading, 0.0007390 secs], 0.0022493 secs]
 [Times: user=0.00 sys=0.00, real=0.00 secs] 
2020-09-29T12:35:02.905+0200: 130.262: [GC cleanup 1203M->26M(2048M), 0.0019717 secs]
 [Times: user=0.00 sys=0.00, real=0.00 secs] 
2020-09-29T12:35:02.907+0200: 130.264: [GC concurrent-cleanup-start]
2020-09-29T12:35:02.910+0200: 130.267: [GC concurrent-cleanup-end, 0.0028426 secs]
2020-09-29T12:35:03.059+0200: 130.416: [GC pause (G1 Evacuation Pause) (young), 0.1516833 secs]
   [Parallel Time: 150.1 ms, GC Workers: 8]
      [GC Worker Start (ms): Min: 130416.3, Avg: 130416.5, Max: 130416.5, Diff: 0.2]
      [Ext Root Scanning (ms): Min: 0.0, Avg: 0.1, Max: 0.2, Diff: 0.2, Sum: 0.8]
      [Update RS (ms): Min: 22.5, Avg: 22.7, Max: 22.8, Diff: 0.4, Sum: 181.3]
         [Processed Buffers: Min: 16, Avg: 16.8, Max: 19, Diff: 3, Sum: 134]
      [Scan RS (ms): Min: 9.9, Avg: 10.1, Max: 10.3, Diff: 0.3, Sum: 81.1]
      [Code Root Scanning (ms): Min: 0.0, Avg: 0.0, Max: 0.0, Diff: 0.0, Sum: 0.0]
      [Object Copy (ms): Min: 116.7, Avg: 116.8, Max: 116.9, Diff: 0.1, Sum: 934.6]
      [Termination (ms): Min: 0.0, Avg: 0.0, Max: 0.0, Diff: 0.0, Sum: 0.0]
         [Termination Attempts: Min: 1, Avg: 8.4, Max: 14, Diff: 13, Sum: 67]
      [GC Worker Other (ms): Min: 0.0, Avg: 0.0, Max: 0.1, Diff: 0.0, Sum: 0.4]
      [GC Worker Total (ms): Min: 149.7, Avg: 149.8, Max: 149.9, Diff: 0.2, Sum: 1198.3]
      [GC Worker End (ms): Min: 130566.2, Avg: 130566.2, Max: 130566.3, Diff: 0.0]
   [Code Root Fixup: 0.0 ms]
   [Code Root Purge: 0.0 ms]
   [Clear CT: 0.5 ms]
   [Other: 1.1 ms]
      [Choose CSet: 0.0 ms]
      [Ref Proc: 0.2 ms]
      [Ref Enq: 0.0 ms]
      [Redirty Cards: 0.4 ms]
      [Humongous Register: 0.1 ms]
      [Humongous Reclaim: 0.0 ms]
      [Free CSet: 0.2 ms]
   [Eden: 191.0M(191.0M)->0.0B(183.0M) Survivors: 8192.0K->25.0M Heap: 239.4M(2048.0M)->233.9M(2048.0M)]
 [Times: user=1.25 sys=0.00, real=0.15 secs] 
2020-09-29T12:35:03.366+0200: 130.724: [GC pause (G1 Evacuation Pause) (young), 0.1703754 secs]
   [Parallel Time: 168.9 ms, GC Workers: 8]
      [GC Worker Start (ms): Min: 130724.1, Avg: 130724.3, Max: 130724.4, Diff: 0.3]
      [Ext Root Scanning (ms): Min: 0.0, Avg: 0.1, Max: 0.2, Diff: 0.2, Sum: 0.7]
      [Update RS (ms): Min: 26.7, Avg: 26.9, Max: 27.4, Diff: 0.7, Sum: 215.5]
         [Processed Buffers: Min: 16, Avg: 19.0, Max: 21, Diff: 5, Sum: 152]
      [Scan RS (ms): Min: 10.3, Avg: 10.7, Max: 10.9, Diff: 0.6, Sum: 85.5]
      [Code Root Scanning (ms): Min: 0.0, Avg: 0.0, Max: 0.0, Diff: 0.0, Sum: 0.0]
      [Object Copy (ms): Min: 130.7, Avg: 130.8, Max: 130.8, Diff: 0.2, Sum: 1046.1]
      [Termination (ms): Min: 0.0, Avg: 0.0, Max: 0.1, Diff: 0.1, Sum: 0.4]
         [Termination Attempts: Min: 1, Avg: 191.5, Max: 252, Diff: 251, Sum: 1532]
      [GC Worker Other (ms): Min: 0.0, Avg: 0.1, Max: 0.1, Diff: 0.1, Sum: 0.4]
      [GC Worker Total (ms): Min: 168.5, Avg: 168.6, Max: 168.8, Diff: 0.3, Sum: 1348.7]
      [GC Worker End (ms): Min: 130892.8, Avg: 130892.8, Max: 130892.9, Diff: 0.1]
   [Code Root Fixup: 0.0 ms]
   [Code Root Purge: 0.0 ms]
   [Clear CT: 0.3 ms]
   [Other: 1.2 ms]
      [Choose CSet: 0.0 ms]
      [Ref Proc: 0.3 ms]
      [Ref Enq: 0.0 ms]
      [Redirty Cards: 0.3 ms]
      [Humongous Register: 0.1 ms]
      [Humongous Reclaim: 0.0 ms]
      [Free CSet: 0.3 ms]
   [Eden: 183.0M(183.0M)->0.0B(181.0M) Survivors: 25.0M->26.0M Heap: 447.4M(2048.0M)->449.4M(2048.0M)]
 [Times: user=1.23 sys=0.00, real=0.17 secs] 
2020-09-29T12:35:03.697+0200: 131.054: [GC pause (G1 Evacuation Pause) (young), 0.1810323 secs]
   [Parallel Time: 179.7 ms, GC Workers: 8]
      [GC Worker Start (ms): Min: 131054.5, Avg: 131054.6, Max: 131054.7, Diff: 0.2]
      [Ext Root Scanning (ms): Min: 0.0, Avg: 0.1, Max: 0.2, Diff: 0.2, Sum: 0.9]
      [Update RS (ms): Min: 18.0, Avg: 18.0, Max: 18.1, Diff: 0.2, Sum: 144.2]
         [Processed Buffers: Min: 13, Avg: 14.0, Max: 17, Diff: 4, Sum: 112]
      [Scan RS (ms): Min: 13.5, Avg: 13.6, Max: 13.8, Diff: 0.3, Sum: 109.1]
      [Code Root Scanning (ms): Min: 0.0, Avg: 0.0, Max: 0.0, Diff: 0.0, Sum: 0.0]
      [Object Copy (ms): Min: 147.4, Avg: 147.5, Max: 147.6, Diff: 0.2, Sum: 1180.2]
      [Termination (ms): Min: 0.0, Avg: 0.1, Max: 0.2, Diff: 0.2, Sum: 0.8]
         [Termination Attempts: Min: 1, Avg: 373.6, Max: 545, Diff: 544, Sum: 2989]
      [GC Worker Other (ms): Min: 0.0, Avg: 0.0, Max: 0.1, Diff: 0.0, Sum: 0.2]
      [GC Worker Total (ms): Min: 179.3, Avg: 179.4, Max: 179.5, Diff: 0.2, Sum: 1435.4]
      [GC Worker End (ms): Min: 131234.0, Avg: 131234.0, Max: 131234.1, Diff: 0.0]
   [Code Root Fixup: 0.0 ms]
   [Code Root Purge: 0.0 ms]
   [Clear CT: 0.3 ms]
   [Other: 1.0 ms]
      [Choose CSet: 0.0 ms]
      [Ref Proc: 0.3 ms]
      [Ref Enq: 0.0 ms]
      [Redirty Cards: 0.3 ms]
      [Humongous Register: 0.1 ms]
      [Humongous Reclaim: 0.0 ms]
      [Free CSet: 0.2 ms]
   [Eden: 181.0M(181.0M)->0.0B(174.0M) Survivors: 26.0M->26.0M Heap: 661.0M(2048.0M)->663.0M(2048.0M)]
 [Times: user=1.34 sys=0.02, real=0.18 secs] 
2020-09-29T12:35:04.029+0200: 131.387: [GC pause (G1 Evacuation Pause) (young), 0.1740071 secs]
   [Parallel Time: 171.7 ms, GC Workers: 8]
      [GC Worker Start (ms): Min: 131386.8, Avg: 131386.9, Max: 131387.1, Diff: 0.3]
      [Ext Root Scanning (ms): Min: 0.0, Avg: 0.1, Max: 0.2, Diff: 0.2, Sum: 0.8]
      [Update RS (ms): Min: 20.2, Avg: 20.8, Max: 21.3, Diff: 1.1, Sum: 166.3]
         [Processed Buffers: Min: 12, Avg: 13.9, Max: 16, Diff: 4, Sum: 111]
      [Scan RS (ms): Min: 19.3, Avg: 19.9, Max: 20.5, Diff: 1.2, Sum: 159.2]
      [Code Root Scanning (ms): Min: 0.0, Avg: 0.0, Max: 0.0, Diff: 0.0, Sum: 0.0]
      [Object Copy (ms): Min: 130.1, Avg: 130.4, Max: 130.5, Diff: 0.4, Sum: 1043.2]
      [Termination (ms): Min: 0.0, Avg: 0.1, Max: 0.1, Diff: 0.1, Sum: 0.7]
         [Termination Attempts: Min: 1, Avg: 339.4, Max: 424, Diff: 423, Sum: 2715]
      [GC Worker Other (ms): Min: 0.0, Avg: 0.0, Max: 0.1, Diff: 0.1, Sum: 0.3]
      [GC Worker Total (ms): Min: 171.2, Avg: 171.3, Max: 171.4, Diff: 0.3, Sum: 1370.5]
      [GC Worker End (ms): Min: 131558.2, Avg: 131558.3, Max: 131558.3, Diff: 0.1]
   [Code Root Fixup: 0.0 ms]
   [Code Root Purge: 0.0 ms]
   [Clear CT: 1.0 ms]
   [Other: 1.4 ms]
      [Choose CSet: 0.0 ms]
      [Ref Proc: 0.3 ms]
      [Ref Enq: 0.0 ms]
      [Redirty Cards: 0.7 ms]
      [Humongous Register: 0.1 ms]
      [Humongous Reclaim: 0.0 ms]
      [Free CSet: 0.2 ms]
   [Eden: 174.0M(174.0M)->0.0B(166.0M) Survivors: 26.0M->25.0M Heap: 865.6M(2048.0M)->867.6M(2048.0M)]
 [Times: user=1.30 sys=0.03, real=0.17 secs] 
2020-09-29T12:35:04.350+0200: 131.708: [GC pause (G1 Evacuation Pause) (young), 0.1538739 secs]
   [Parallel Time: 152.2 ms, GC Workers: 8]
      [GC Worker Start (ms): Min: 131708.0, Avg: 131708.1, Max: 131708.2, Diff: 0.2]
      [Ext Root Scanning (ms): Min: 0.0, Avg: 0.1, Max: 0.2, Diff: 0.2, Sum: 0.7]
      [Update RS (ms): Min: 17.2, Avg: 17.3, Max: 17.4, Diff: 0.2, Sum: 138.3]
         [Processed Buffers: Min: 12, Avg: 13.6, Max: 15, Diff: 3, Sum: 109]
      [Scan RS (ms): Min: 13.3, Avg: 13.4, Max: 13.5, Diff: 0.2, Sum: 107.2]
      [Code Root Scanning (ms): Min: 0.0, Avg: 0.0, Max: 0.0, Diff: 0.0, Sum: 0.0]
      [Object Copy (ms): Min: 121.0, Avg: 121.1, Max: 121.1, Diff: 0.1, Sum: 968.6]
      [Termination (ms): Min: 0.0, Avg: 0.0, Max: 0.0, Diff: 0.0, Sum: 0.1]
         [Termination Attempts: Min: 1, Avg: 38.9, Max: 57, Diff: 56, Sum: 311]
      [GC Worker Other (ms): Min: 0.0, Avg: 0.0, Max: 0.1, Diff: 0.1, Sum: 0.3]
      [GC Worker Total (ms): Min: 151.8, Avg: 151.9, Max: 152.0, Diff: 0.2, Sum: 1215.2]
      [GC Worker End (ms): Min: 131860.0, Avg: 131860.0, Max: 131860.1, Diff: 0.1]
   [Code Root Fixup: 0.0 ms]
   [Code Root Purge: 0.0 ms]
   [Clear CT: 0.4 ms]
   [Other: 1.2 ms]
      [Choose CSet: 0.0 ms]
      [Ref Proc: 0.2 ms]
      [Ref Enq: 0.0 ms]
      [Redirty Cards: 0.6 ms]
      [Humongous Register: 0.1 ms]
      [Humongous Reclaim: 0.0 ms]
      [Free CSet: 0.2 ms]
   [Eden: 166.0M(166.0M)->0.0B(178.0M) Survivors: 25.0M->24.0M Heap: 1062.2M(2048.0M)->1064.2M(2048.0M)]
 [Times: user=1.09 sys=0.03, real=0.15 secs] 
2020-09-29T12:35:04.514+0200: 131.871: [GC pause (G1 Humongous Allocation) (young) (initial-mark), 0.0629924 secs]
   [Parallel Time: 61.6 ms, GC Workers: 8]
      [GC Worker Start (ms): Min: 131871.4, Avg: 131871.5, Max: 131871.6, Diff: 0.2]
      [Ext Root Scanning (ms): Min: 0.0, Avg: 1.1, Max: 7.3, Diff: 7.3, Sum: 9.1]
      [Update RS (ms): Min: 28.3, Avg: 34.8, Max: 36.0, Diff: 7.8, Sum: 278.6]
         [Processed Buffers: Min: 23, Avg: 26.3, Max: 28, Diff: 5, Sum: 210]
      [Scan RS (ms): Min: 2.1, Avg: 2.3, Max: 2.5, Diff: 0.5, Sum: 18.6]
      [Code Root Scanning (ms): Min: 0.0, Avg: 0.0, Max: 0.0, Diff: 0.0, Sum: 0.0]
      [Object Copy (ms): Min: 23.1, Avg: 23.1, Max: 23.2, Diff: 0.1, Sum: 185.0]
      [Termination (ms): Min: 0.0, Avg: 0.0, Max: 0.0, Diff: 0.0, Sum: 0.1]
         [Termination Attempts: Min: 1, Avg: 30.0, Max: 42, Diff: 41, Sum: 240]
      [GC Worker Other (ms): Min: 0.0, Avg: 0.0, Max: 0.0, Diff: 0.0, Sum: 0.2]
      [GC Worker Total (ms): Min: 61.3, Avg: 61.4, Max: 61.6, Diff: 0.2, Sum: 491.6]
      [GC Worker End (ms): Min: 131932.9, Avg: 131932.9, Max: 131932.9, Diff: 0.0]
   [Code Root Fixup: 0.0 ms]
   [Code Root Purge: 0.0 ms]
   [Clear CT: 0.3 ms]
   [Other: 1.1 ms]
      [Choose CSet: 0.0 ms]
      [Ref Proc: 0.3 ms]
      [Ref Enq: 0.0 ms]
      [Redirty Cards: 0.3 ms]
      [Humongous Register: 0.0 ms]
      [Humongous Reclaim: 0.0 ms]
      [Free CSet: 0.1 ms]
   [Eden: 10.0M(178.0M)->0.0B(198.0M) Survivors: 24.0M->12.0M Heap: 1073.7M(2048.0M)->1077.7M(2048.0M)]
 [Times: user=0.49 sys=0.00, real=0.06 secs] 
2020-09-29T12:35:04.577+0200: 131.934: [GC concurrent-root-region-scan-start]
2020-09-29T12:35:04.582+0200: 131.939: [GC concurrent-root-region-scan-end, 0.0047710 secs]
2020-09-29T12:35:04.582+0200: 131.939: [GC concurrent-mark-start]
2020-09-29T12:35:04.586+0200: 131.943: [GC concurrent-mark-end, 0.0039461 secs]
2020-09-29T12:35:04.586+0200: 131.944: [GC remark 2020-09-29T12:35:04.586+0200: 131.944: [Finalize Marking, 0.0004403 secs] 2020-09-29T12:35:04.587+0200: 131.944: [GC ref-proc, 0.0004381 secs] 2020-09-29T12:35:04.587+0200: 131.945: [Unloading, 0.0006703 secs], 0.0019452 secs]
 [Times: user=0.00 sys=0.00, real=0.00 secs] 
2020-09-29T12:35:04.589+0200: 131.946: [GC cleanup 1089M->31M(2048M), 0.0020547 secs]
 [Times: user=0.00 sys=0.00, real=0.00 secs] 
2020-09-29T12:35:04.591+0200: 131.948: [GC concurrent-cleanup-start]
2020-09-29T12:35:04.593+0200: 131.950: [GC concurrent-cleanup-end, 0.0021923 secs]
2020-09-29T12:35:04.748+0200: 132.106: [GC pause (G1 Evacuation Pause) (young), 0.1578192 secs]
   [Parallel Time: 156.2 ms, GC Workers: 8]
      [GC Worker Start (ms): Min: 132105.9, Avg: 132106.0, Max: 132106.1, Diff: 0.2]
      [Ext Root Scanning (ms): Min: 0.0, Avg: 0.1, Max: 0.2, Diff: 0.2, Sum: 0.8]
      [Update RS (ms): Min: 16.6, Avg: 16.8, Max: 17.3, Diff: 0.7, Sum: 134.3]
         [Processed Buffers: Min: 12, Avg: 13.4, Max: 17, Diff: 5, Sum: 107]
      [Scan RS (ms): Min: 13.1, Avg: 13.6, Max: 13.9, Diff: 0.8, Sum: 109.1]
      [Code Root Scanning (ms): Min: 0.0, Avg: 0.0, Max: 0.0, Diff: 0.0, Sum: 0.0]
      [Object Copy (ms): Min: 125.2, Avg: 125.3, Max: 125.3, Diff: 0.1, Sum: 1002.0]
      [Termination (ms): Min: 0.0, Avg: 0.0, Max: 0.0, Diff: 0.0, Sum: 0.2]
         [Termination Attempts: Min: 1, Avg: 95.6, Max: 116, Diff: 115, Sum: 765]
      [GC Worker Other (ms): Min: 0.0, Avg: 0.0, Max: 0.1, Diff: 0.1, Sum: 0.3]
      [GC Worker Total (ms): Min: 155.8, Avg: 155.9, Max: 156.0, Diff: 0.2, Sum: 1246.9]
      [GC Worker End (ms): Min: 132261.8, Avg: 132261.9, Max: 132261.9, Diff: 0.1]
   [Code Root Fixup: 0.0 ms]
   [Code Root Purge: 0.0 ms]
   [Clear CT: 0.3 ms]
   [Other: 1.3 ms]
      [Choose CSet: 0.0 ms]
      [Ref Proc: 0.3 ms]
      [Ref Enq: 0.0 ms]
      [Redirty Cards: 0.4 ms]
      [Humongous Register: 0.1 ms]
      [Humongous Reclaim: 0.0 ms]
      [Free CSet: 0.2 ms]
   [Eden: 198.0M(198.0M)->0.0B(192.0M) Survivors: 12.0M->27.0M Heap: 251.8M(2048.0M)->242.3M(2048.0M)]
 [Times: user=1.22 sys=0.00, real=0.16 secs] 
2020-09-29T12:35:05.068+0200: 132.426: [GC pause (G1 Evacuation Pause) (young), 0.1723168 secs]
   [Parallel Time: 170.9 ms, GC Workers: 8]
      [GC Worker Start (ms): Min: 132426.1, Avg: 132426.3, Max: 132426.4, Diff: 0.2]
      [Ext Root Scanning (ms): Min: 0.0, Avg: 0.1, Max: 0.2, Diff: 0.2, Sum: 0.8]
      [Update RS (ms): Min: 20.6, Avg: 20.7, Max: 21.0, Diff: 0.4, Sum: 165.9]
         [Processed Buffers: Min: 15, Avg: 16.5, Max: 19, Diff: 4, Sum: 132]
      [Scan RS (ms): Min: 14.4, Avg: 14.7, Max: 14.9, Diff: 0.5, Sum: 117.6]
      [Code Root Scanning (ms): Min: 0.0, Avg: 0.0, Max: 0.0, Diff: 0.0, Sum: 0.0]
      [Object Copy (ms): Min: 134.9, Avg: 135.0, Max: 135.0, Diff: 0.1, Sum: 1079.7]
      [Termination (ms): Min: 0.0, Avg: 0.0, Max: 0.0, Diff: 0.0, Sum: 0.2]
         [Termination Attempts: Min: 1, Avg: 91.5, Max: 123, Diff: 122, Sum: 732]
      [GC Worker Other (ms): Min: 0.0, Avg: 0.0, Max: 0.1, Diff: 0.1, Sum: 0.4]
      [GC Worker Total (ms): Min: 170.5, Avg: 170.6, Max: 170.7, Diff: 0.2, Sum: 1364.6]
      [GC Worker End (ms): Min: 132596.8, Avg: 132596.8, Max: 132596.9, Diff: 0.1]
   [Code Root Fixup: 0.0 ms]
   [Code Root Purge: 0.0 ms]
   [Clear CT: 0.2 ms]
   [Other: 1.2 ms]
      [Choose CSet: 0.0 ms]
      [Ref Proc: 0.2 ms]
      [Ref Enq: 0.0 ms]
      [Redirty Cards: 0.3 ms]
      [Humongous Register: 0.1 ms]
      [Humongous Reclaim: 0.0 ms]
      [Free CSet: 0.3 ms]
   [Eden: 192.0M(192.0M)->0.0B(192.0M) Survivors: 27.0M->28.0M Heap: 466.8M(2048.0M)->468.3M(2048.0M)]
 [Times: user=1.38 sys=0.00, real=0.17 secs] 
2020-09-29T12:35:05.413+0200: 132.771: [GC pause (G1 Evacuation Pause) (young), 0.1733365 secs]
   [Parallel Time: 171.9 ms, GC Workers: 8]
      [GC Worker Start (ms): Min: 132770.8, Avg: 132771.0, Max: 132771.1, Diff: 0.3]
      [Ext Root Scanning (ms): Min: 0.0, Avg: 0.1, Max: 0.2, Diff: 0.2, Sum: 0.7]
      [Update RS (ms): Min: 18.4, Avg: 18.8, Max: 19.4, Diff: 1.1, Sum: 150.7]
         [Processed Buffers: Min: 12, Avg: 13.6, Max: 15, Diff: 3, Sum: 109]
      [Scan RS (ms): Min: 14.3, Avg: 14.8, Max: 15.3, Diff: 1.1, Sum: 118.8]
      [Code Root Scanning (ms): Min: 0.0, Avg: 0.0, Max: 0.0, Diff: 0.0, Sum: 0.0]
      [Object Copy (ms): Min: 137.7, Avg: 137.7, Max: 137.8, Diff: 0.1, Sum: 1101.7]
      [Termination (ms): Min: 0.0, Avg: 0.1, Max: 0.1, Diff: 0.1, Sum: 0.4]
         [Termination Attempts: Min: 1, Avg: 199.8, Max: 283, Diff: 282, Sum: 1598]
      [GC Worker Other (ms): Min: 0.0, Avg: 0.0, Max: 0.1, Diff: 0.1, Sum: 0.3]
      [GC Worker Total (ms): Min: 171.5, Avg: 171.6, Max: 171.7, Diff: 0.3, Sum: 1372.7]
      [GC Worker End (ms): Min: 132942.5, Avg: 132942.6, Max: 132942.6, Diff: 0.0]
   [Code Root Fixup: 0.0 ms]
   [Code Root Purge: 0.0 ms]
   [Clear CT: 0.3 ms]
   [Other: 1.1 ms]
      [Choose CSet: 0.0 ms]
      [Ref Proc: 0.2 ms]
      [Ref Enq: 0.0 ms]
      [Redirty Cards: 0.3 ms]
      [Humongous Register: 0.1 ms]
      [Humongous Reclaim: 0.0 ms]
      [Free CSet: 0.3 ms]
   [Eden: 192.0M(192.0M)->0.0B(193.0M) Survivors: 28.0M->28.0M Heap: 690.8M(2048.0M)->692.3M(2048.0M)]
 [Times: user=1.34 sys=0.03, real=0.17 secs] 
2020-09-29T12:35:05.756+0200: 133.114: [GC pause (G1 Evacuation Pause) (young), 0.1731237 secs]
   [Parallel Time: 171.5 ms, GC Workers: 8]
      [GC Worker Start (ms): Min: 133114.1, Avg: 133114.2, Max: 133114.3, Diff: 0.3]
      [Ext Root Scanning (ms): Min: 0.0, Avg: 0.1, Max: 0.3, Diff: 0.2, Sum: 0.7]
      [Update RS (ms): Min: 18.6, Avg: 19.0, Max: 19.6, Diff: 1.0, Sum: 152.4]
         [Processed Buffers: Min: 14, Avg: 14.3, Max: 15, Diff: 1, Sum: 114]
      [Scan RS (ms): Min: 14.8, Avg: 15.2, Max: 15.9, Diff: 1.1, Sum: 121.7]
      [Code Root Scanning (ms): Min: 0.0, Avg: 0.0, Max: 0.0, Diff: 0.0, Sum: 0.0]
      [Object Copy (ms): Min: 136.5, Avg: 136.7, Max: 136.9, Diff: 0.3, Sum: 1093.9]
      [Termination (ms): Min: 0.0, Avg: 0.0, Max: 0.0, Diff: 0.0, Sum: 0.2]
         [Termination Attempts: Min: 1, Avg: 72.8, Max: 111, Diff: 110, Sum: 582]
      [GC Worker Other (ms): Min: 0.0, Avg: 0.0, Max: 0.1, Diff: 0.1, Sum: 0.4]
      [GC Worker Total (ms): Min: 171.0, Avg: 171.2, Max: 171.4, Diff: 0.3, Sum: 1369.3]
      [GC Worker End (ms): Min: 133285.4, Avg: 133285.4, Max: 133285.4, Diff: 0.1]
   [Code Root Fixup: 0.0 ms]
   [Code Root Purge: 0.0 ms]
   [Clear CT: 0.3 ms]
   [Other: 1.2 ms]
      [Choose CSet: 0.0 ms]
      [Ref Proc: 0.4 ms]
      [Ref Enq: 0.0 ms]
      [Redirty Cards: 0.3 ms]
      [Humongous Register: 0.1 ms]
      [Humongous Reclaim: 0.0 ms]
      [Free CSet: 0.3 ms]
   [Eden: 193.0M(193.0M)->0.0B(196.0M) Survivors: 28.0M->28.0M Heap: 917.7M(2048.0M)->919.2M(2048.0M)]
 [Times: user=1.33 sys=0.02, real=0.17 secs] 
2020-09-29T12:35:06.047+0200: 133.405: [GC pause (G1 Humongous Allocation) (young) (initial-mark), 0.1310661 secs]
   [Parallel Time: 129.1 ms, GC Workers: 8]
      [GC Worker Start (ms): Min: 133405.4, Avg: 133405.5, Max: 133405.5, Diff: 0.2]
      [Ext Root Scanning (ms): Min: 0.0, Avg: 0.1, Max: 0.2, Diff: 0.2, Sum: 0.9]
      [Update RS (ms): Min: 26.4, Avg: 26.8, Max: 27.4, Diff: 1.0, Sum: 214.3]
         [Processed Buffers: Min: 19, Avg: 19.3, Max: 20, Diff: 1, Sum: 154]
      [Scan RS (ms): Min: 3.9, Avg: 4.6, Max: 4.9, Diff: 1.0, Sum: 36.4]
      [Code Root Scanning (ms): Min: 0.0, Avg: 0.0, Max: 0.0, Diff: 0.0, Sum: 0.0]
      [Object Copy (ms): Min: 97.2, Avg: 97.3, Max: 97.4, Diff: 0.1, Sum: 778.5]
      [Termination (ms): Min: 0.0, Avg: 0.0, Max: 0.0, Diff: 0.0, Sum: 0.1]
         [Termination Attempts: Min: 1, Avg: 23.3, Max: 36, Diff: 35, Sum: 186]
      [GC Worker Other (ms): Min: 0.0, Avg: 0.0, Max: 0.1, Diff: 0.1, Sum: 0.3]
      [GC Worker Total (ms): Min: 128.7, Avg: 128.8, Max: 128.9, Diff: 0.2, Sum: 1030.6]
      [GC Worker End (ms): Min: 133534.3, Avg: 133534.3, Max: 133534.3, Diff: 0.1]
   [Code Root Fixup: 0.0 ms]
   [Code Root Purge: 0.0 ms]
   [Clear CT: 0.5 ms]
   [Other: 1.5 ms]
      [Choose CSet: 0.0 ms]
      [Ref Proc: 0.4 ms]
      [Ref Enq: 0.0 ms]
      [Redirty Cards: 0.5 ms]
      [Humongous Register: 0.0 ms]
      [Humongous Reclaim: 0.0 ms]
      [Free CSet: 0.1 ms]
   [Eden: 130.0M(196.0M)->0.0B(202.0M) Survivors: 28.0M->28.0M Heap: 1069.7M(2048.0M)->1071.7M(2048.0M)]
 [Times: user=1.13 sys=0.00, real=0.13 secs] 
2020-09-29T12:35:06.178+0200: 133.536: [GC concurrent-root-region-scan-start]
2020-09-29T12:35:06.193+0200: 133.551: [GC concurrent-root-region-scan-end, 0.0147777 secs]
2020-09-29T12:35:06.193+0200: 133.551: [GC concurrent-mark-start]
2020-09-29T12:35:06.198+0200: 133.556: [GC concurrent-mark-end, 0.0044514 secs]
2020-09-29T12:35:06.198+0200: 133.556: [GC remark 2020-09-29T12:35:06.198+0200: 133.556: [Finalize Marking, 0.0002987 secs] 2020-09-29T12:35:06.198+0200: 133.556: [GC ref-proc, 0.0005722 secs] 2020-09-29T12:35:06.199+0200: 133.557: [Unloading, 0.0009887 secs], 0.0027339 secs]
 [Times: user=0.00 sys=0.00, real=0.00 secs] 
2020-09-29T12:35:06.201+0200: 133.559: [GC cleanup 1098M->62M(2048M), 0.0026975 secs]
 [Times: user=0.00 sys=0.00, real=0.00 secs] 
2020-09-29T12:35:06.204+0200: 133.562: [GC concurrent-cleanup-start]
2020-09-29T12:35:06.206+0200: 133.564: [GC concurrent-cleanup-end, 0.0021446 secs]
2020-09-29T12:35:06.354+0200: 133.712: [GC pause (G1 Evacuation Pause) (young), 0.1615137 secs]
   [Parallel Time: 160.1 ms, GC Workers: 8]
      [GC Worker Start (ms): Min: 133712.1, Avg: 133712.3, Max: 133712.4, Diff: 0.3]
      [Ext Root Scanning (ms): Min: 0.0, Avg: 0.1, Max: 0.2, Diff: 0.2, Sum: 0.7]
      [Update RS (ms): Min: 22.7, Avg: 23.1, Max: 23.9, Diff: 1.2, Sum: 184.5]
         [Processed Buffers: Min: 16, Avg: 17.1, Max: 19, Diff: 3, Sum: 137]
      [Scan RS (ms): Min: 10.2, Avg: 11.1, Max: 11.4, Diff: 1.2, Sum: 88.5]
      [Code Root Scanning (ms): Min: 0.0, Avg: 0.0, Max: 0.0, Diff: 0.0, Sum: 0.0]
      [Object Copy (ms): Min: 125.4, Avg: 125.5, Max: 125.6, Diff: 0.1, Sum: 1004.2]
      [Termination (ms): Min: 0.0, Avg: 0.0, Max: 0.0, Diff: 0.0, Sum: 0.1]
         [Termination Attempts: Min: 1, Avg: 56.0, Max: 76, Diff: 75, Sum: 448]
      [GC Worker Other (ms): Min: 0.0, Avg: 0.0, Max: 0.1, Diff: 0.1, Sum: 0.4]
      [GC Worker Total (ms): Min: 159.7, Avg: 159.8, Max: 159.9, Diff: 0.3, Sum: 1278.5]
      [GC Worker End (ms): Min: 133872.0, Avg: 133872.1, Max: 133872.1, Diff: 0.1]
   [Code Root Fixup: 0.0 ms]
   [Code Root Purge: 0.0 ms]
   [Clear CT: 0.3 ms]
   [Other: 1.1 ms]
      [Choose CSet: 0.0 ms]
      [Ref Proc: 0.2 ms]
      [Ref Enq: 0.0 ms]
      [Redirty Cards: 0.3 ms]
      [Humongous Register: 0.1 ms]
      [Humongous Reclaim: 0.0 ms]
      [Free CSet: 0.3 ms]
   [Eden: 202.0M(202.0M)->0.0B(209.0M) Survivors: 28.0M->29.0M Heap: 272.3M(2048.0M)->246.8M(2048.0M)]
 [Times: user=1.25 sys=0.00, real=0.16 secs] 
2020-09-29T12:35:06.702+0200: 134.060: [GC pause (G1 Evacuation Pause) (young), 0.1808214 secs]
   [Parallel Time: 179.0 ms, GC Workers: 8]
      [GC Worker Start (ms): Min: 134060.1, Avg: 134060.2, Max: 134060.3, Diff: 0.1]
      [Ext Root Scanning (ms): Min: 0.0, Avg: 0.1, Max: 0.2, Diff: 0.1, Sum: 0.9]
      [Update RS (ms): Min: 14.2, Avg: 15.0, Max: 15.3, Diff: 1.0, Sum: 119.9]
         [Processed Buffers: Min: 11, Avg: 11.3, Max: 13, Diff: 2, Sum: 90]
      [Scan RS (ms): Min: 18.6, Avg: 18.9, Max: 19.7, Diff: 1.1, Sum: 151.6]
      [Code Root Scanning (ms): Min: 0.0, Avg: 0.0, Max: 0.0, Diff: 0.0, Sum: 0.0]
      [Object Copy (ms): Min: 144.6, Avg: 144.7, Max: 144.7, Diff: 0.1, Sum: 1157.3]
      [Termination (ms): Min: 0.0, Avg: 0.0, Max: 0.0, Diff: 0.0, Sum: 0.2]
         [Termination Attempts: Min: 1, Avg: 94.6, Max: 138, Diff: 137, Sum: 757]
      [GC Worker Other (ms): Min: 0.0, Avg: 0.1, Max: 0.1, Diff: 0.1, Sum: 0.6]
      [GC Worker Total (ms): Min: 178.7, Avg: 178.8, Max: 178.9, Diff: 0.2, Sum: 1430.4]
      [GC Worker End (ms): Min: 134239.0, Avg: 134239.0, Max: 134239.1, Diff: 0.1]
   [Code Root Fixup: 0.0 ms]
   [Code Root Purge: 0.0 ms]
   [Clear CT: 0.3 ms]
   [Other: 1.4 ms]
      [Choose CSet: 0.0 ms]
      [Ref Proc: 0.2 ms]
      [Ref Enq: 0.0 ms]
      [Redirty Cards: 0.4 ms]
      [Humongous Register: 0.1 ms]
      [Humongous Reclaim: 0.0 ms]
      [Free CSet: 0.4 ms]
   [Eden: 209.0M(209.0M)->0.0B(204.0M) Survivors: 29.0M->30.0M Heap: 490.2M(2048.0M)->492.2M(2048.0M)]
 [Times: user=1.50 sys=0.00, real=0.18 secs] 
2020-09-29T12:35:07.065+0200: 134.423: [GC pause (G1 Evacuation Pause) (young), 0.1811401 secs]
   [Parallel Time: 179.3 ms, GC Workers: 8]
      [GC Worker Start (ms): Min: 134423.1, Avg: 134423.2, Max: 134423.3, Diff: 0.2]
      [Ext Root Scanning (ms): Min: 0.0, Avg: 0.1, Max: 0.2, Diff: 0.2, Sum: 0.8]
      [Update RS (ms): Min: 18.8, Avg: 19.2, Max: 19.5, Diff: 0.6, Sum: 153.9]
         [Processed Buffers: Min: 14, Avg: 14.6, Max: 16, Diff: 2, Sum: 117]
      [Scan RS (ms): Min: 15.7, Avg: 15.9, Max: 16.3, Diff: 0.6, Sum: 127.5]
      [Code Root Scanning (ms): Min: 0.0, Avg: 0.0, Max: 0.0, Diff: 0.0, Sum: 0.0]
      [Object Copy (ms): Min: 143.6, Avg: 143.6, Max: 143.7, Diff: 0.1, Sum: 1148.9]
      [Termination (ms): Min: 0.0, Avg: 0.0, Max: 0.0, Diff: 0.0, Sum: 0.3]
         [Termination Attempts: Min: 1, Avg: 167.9, Max: 221, Diff: 220, Sum: 1343]
      [GC Worker Other (ms): Min: 0.0, Avg: 0.1, Max: 0.1, Diff: 0.1, Sum: 0.4]
      [GC Worker Total (ms): Min: 178.9, Avg: 179.0, Max: 179.1, Diff: 0.2, Sum: 1431.9]
      [GC Worker End (ms): Min: 134602.2, Avg: 134602.2, Max: 134602.3, Diff: 0.1]
   [Code Root Fixup: 0.0 ms]
   [Code Root Purge: 0.0 ms]
   [Clear CT: 0.6 ms]
   [Other: 1.3 ms]
      [Choose CSet: 0.0 ms]
      [Ref Proc: 0.2 ms]
      [Ref Enq: 0.0 ms]
      [Redirty Cards: 0.5 ms]
      [Humongous Register: 0.1 ms]
      [Humongous Reclaim: 0.0 ms]
      [Free CSet: 0.2 ms]
   [Eden: 204.0M(204.0M)->0.0B(203.0M) Survivors: 30.0M->30.0M Heap: 730.5M(2048.0M)->733.0M(2048.0M)]
 [Times: user=1.47 sys=0.02, real=0.18 secs] 
2020-09-29T12:35:07.475+0200: 134.833: [GC pause (G1 Evacuation Pause) (young), 0.2638544 secs]
   [Parallel Time: 261.1 ms, GC Workers: 8]
      [GC Worker Start (ms): Min: 134832.8, Avg: 134833.0, Max: 134833.1, Diff: 0.3]
      [Ext Root Scanning (ms): Min: 0.0, Avg: 0.1, Max: 0.3, Diff: 0.3, Sum: 1.1]
      [Update RS (ms): Min: 34.9, Avg: 35.5, Max: 36.8, Diff: 1.9, Sum: 283.8]
         [Processed Buffers: Min: 18, Avg: 18.8, Max: 20, Diff: 2, Sum: 150]
      [Scan RS (ms): Min: 17.8, Avg: 19.2, Max: 19.7, Diff: 1.9, Sum: 153.4]
      [Code Root Scanning (ms): Min: 0.0, Avg: 0.0, Max: 0.0, Diff: 0.0, Sum: 0.0]
      [Object Copy (ms): Min: 205.7, Avg: 205.8, Max: 205.8, Diff: 0.2, Sum: 1646.3]
      [Termination (ms): Min: 0.0, Avg: 0.1, Max: 0.1, Diff: 0.1, Sum: 0.4]
         [Termination Attempts: Min: 1, Avg: 163.6, Max: 217, Diff: 216, Sum: 1309]
      [GC Worker Other (ms): Min: 0.0, Avg: 0.1, Max: 0.1, Diff: 0.1, Sum: 0.4]
      [GC Worker Total (ms): Min: 260.5, Avg: 260.7, Max: 260.8, Diff: 0.3, Sum: 2085.4]
      [GC Worker End (ms): Min: 135093.6, Avg: 135093.7, Max: 135093.7, Diff: 0.1]
   [Code Root Fixup: 0.0 ms]
   [Code Root Purge: 0.0 ms]
   [Clear CT: 1.0 ms]
   [Other: 1.7 ms]
      [Choose CSet: 0.0 ms]
      [Ref Proc: 0.5 ms]
      [Ref Enq: 0.0 ms]
      [Redirty Cards: 0.5 ms]
      [Humongous Register: 0.1 ms]
      [Humongous Reclaim: 0.0 ms]
      [Free CSet: 0.3 ms]
   [Eden: 203.0M(203.0M)->0.0B(149.0M) Survivors: 30.0M->30.0M Heap: 970.3M(2048.0M)->972.8M(2048.0M)]
 [Times: user=1.97 sys=0.00, real=0.26 secs] 
2020-09-29T12:35:07.758+0200: 135.116: [GC pause (G1 Humongous Allocation) (young) (initial-mark), 0.1093247 secs]
   [Parallel Time: 107.4 ms, GC Workers: 8]
      [GC Worker Start (ms): Min: 135116.7, Avg: 135116.8, Max: 135116.9, Diff: 0.2]
      [Ext Root Scanning (ms): Min: 0.1, Avg: 0.2, Max: 0.3, Diff: 0.2, Sum: 1.4]
      [Update RS (ms): Min: 46.8, Avg: 47.1, Max: 47.7, Diff: 1.0, Sum: 376.9]
         [Processed Buffers: Min: 25, Avg: 25.8, Max: 27, Diff: 2, Sum: 206]
      [Scan RS (ms): Min: 3.6, Avg: 4.3, Max: 4.6, Diff: 1.0, Sum: 34.0]
      [Code Root Scanning (ms): Min: 0.0, Avg: 0.0, Max: 0.0, Diff: 0.0, Sum: 0.0]
      [Object Copy (ms): Min: 54.7, Avg: 54.9, Max: 55.4, Diff: 0.7, Sum: 439.5]
      [Termination (ms): Min: 0.0, Avg: 0.4, Max: 0.6, Diff: 0.6, Sum: 3.5]
         [Termination Attempts: Min: 1, Avg: 1213.5, Max: 1594, Diff: 1593, Sum: 9708]
      [GC Worker Other (ms): Min: 0.0, Avg: 0.0, Max: 0.1, Diff: 0.0, Sum: 0.3]
      [GC Worker Total (ms): Min: 106.9, Avg: 107.0, Max: 107.1, Diff: 0.2, Sum: 855.6]
      [GC Worker End (ms): Min: 135223.7, Avg: 135223.7, Max: 135223.8, Diff: 0.0]
   [Code Root Fixup: 0.0 ms]
   [Code Root Purge: 0.0 ms]
   [Clear CT: 0.5 ms]
   [Other: 1.4 ms]
      [Choose CSet: 0.0 ms]
      [Ref Proc: 0.4 ms]
      [Ref Enq: 0.0 ms]
      [Redirty Cards: 0.3 ms]
      [Humongous Register: 0.1 ms]
      [Humongous Reclaim: 0.0 ms]
      [Free CSet: 0.1 ms]
   [Eden: 7168.0K(149.0M)->0.0B(117.0M) Survivors: 30.0M->8192.0K Heap: 979.3M(2048.0M)->982.8M(2048.0M)]
 [Times: user=0.86 sys=0.02, real=0.11 secs] 
2020-09-29T12:35:07.868+0200: 135.226: [GC concurrent-root-region-scan-start]
2020-09-29T12:35:07.874+0200: 135.231: [GC concurrent-root-region-scan-end, 0.0053673 secs]
2020-09-29T12:35:07.874+0200: 135.231: [GC concurrent-mark-start]
2020-09-29T12:35:07.880+0200: 135.238: [GC concurrent-mark-end, 0.0063991 secs]
2020-09-29T12:35:07.880+0200: 135.238: [GC remark 2020-09-29T12:35:07.880+0200: 135.238: [Finalize Marking, 0.0005559 secs] 2020-09-29T12:35:07.881+0200: 135.239: [GC ref-proc, 0.0008161 secs] 2020-09-29T12:35:07.882+0200: 135.240: [Unloading, 0.0012330 secs], 0.0033107 secs]
 [Times: user=0.00 sys=0.00, real=0.00 secs] 
2020-09-29T12:35:07.885+0200: 135.243: [GC cleanup 994M->27M(2048M), 0.0027103 secs]
 [Times: user=0.00 sys=0.00, real=0.00 secs] 
2020-09-29T12:35:07.888+0200: 135.245: [GC concurrent-cleanup-start]
2020-09-29T12:35:07.890+0200: 135.248: [GC concurrent-cleanup-end, 0.0028558 secs]
2020-09-29T12:35:08.018+0200: 135.376: [GC pause (G1 Evacuation Pause) (young), 0.1487352 secs]
   [Parallel Time: 146.6 ms, GC Workers: 8]
      [GC Worker Start (ms): Min: 135376.5, Avg: 135376.7, Max: 135376.8, Diff: 0.3]
      [Ext Root Scanning (ms): Min: 0.0, Avg: 0.1, Max: 0.3, Diff: 0.3, Sum: 1.0]
      [Update RS (ms): Min: 22.3, Avg: 22.9, Max: 23.7, Diff: 1.4, Sum: 183.1]
         [Processed Buffers: Min: 11, Avg: 12.0, Max: 13, Diff: 2, Sum: 96]
      [Scan RS (ms): Min: 11.3, Avg: 12.2, Max: 12.8, Diff: 1.5, Sum: 97.8]
      [Code Root Scanning (ms): Min: 0.0, Avg: 0.0, Max: 0.0, Diff: 0.0, Sum: 0.0]
      [Object Copy (ms): Min: 110.3, Avg: 110.7, Max: 110.9, Diff: 0.5, Sum: 885.3]
      [Termination (ms): Min: 0.0, Avg: 0.2, Max: 0.3, Diff: 0.3, Sum: 1.2]
         [Termination Attempts: Min: 1, Avg: 320.8, Max: 445, Diff: 444, Sum: 2566]
      [GC Worker Other (ms): Min: 0.0, Avg: 0.1, Max: 0.1, Diff: 0.1, Sum: 0.5]
      [GC Worker Total (ms): Min: 145.9, Avg: 146.1, Max: 146.3, Diff: 0.3, Sum: 1169.0]
      [GC Worker End (ms): Min: 135522.7, Avg: 135522.8, Max: 135522.8, Diff: 0.1]
   [Code Root Fixup: 0.0 ms]
   [Code Root Purge: 0.0 ms]
   [Clear CT: 0.5 ms]
   [Other: 1.6 ms]
      [Choose CSet: 0.0 ms]
      [Ref Proc: 0.5 ms]
      [Ref Enq: 0.0 ms]
      [Redirty Cards: 0.6 ms]
      [Humongous Register: 0.1 ms]
      [Humongous Reclaim: 0.0 ms]
      [Free CSet: 0.2 ms]
   [Eden: 117.0M(117.0M)->0.0B(109.0M) Survivors: 8192.0K->16.0M Heap: 153.5M(2048.0M)->148.5M(2048.0M)]
 [Times: user=1.20 sys=0.03, real=0.15 secs] 
2020-09-29T12:35:08.297+0200: 135.655: [GC pause (G1 Evacuation Pause) (young), 0.1446285 secs]
   [Parallel Time: 142.7 ms, GC Workers: 8]
      [GC Worker Start (ms): Min: 135655.0, Avg: 135655.2, Max: 135655.4, Diff: 0.3]
      [Ext Root Scanning (ms): Min: 0.0, Avg: 0.1, Max: 0.3, Diff: 0.3, Sum: 1.1]
      [Update RS (ms): Min: 18.6, Avg: 19.5, Max: 20.0, Diff: 1.4, Sum: 155.8]
         [Processed Buffers: Min: 10, Avg: 10.5, Max: 13, Diff: 3, Sum: 84]
      [Scan RS (ms): Min: 9.9, Avg: 10.7, Max: 11.9, Diff: 2.0, Sum: 85.3]
      [Code Root Scanning (ms): Min: 0.0, Avg: 0.0, Max: 0.0, Diff: 0.0, Sum: 0.0]
      [Object Copy (ms): Min: 111.5, Avg: 111.8, Max: 112.1, Diff: 0.6, Sum: 894.7]
      [Termination (ms): Min: 0.0, Avg: 0.1, Max: 0.1, Diff: 0.1, Sum: 0.7]
         [Termination Attempts: Min: 1, Avg: 231.8, Max: 304, Diff: 303, Sum: 1854]
      [GC Worker Other (ms): Min: 0.0, Avg: 0.1, Max: 0.1, Diff: 0.1, Sum: 0.5]
      [GC Worker Total (ms): Min: 142.1, Avg: 142.2, Max: 142.5, Diff: 0.4, Sum: 1138.0]
      [GC Worker End (ms): Min: 135797.4, Avg: 135797.5, Max: 135797.5, Diff: 0.1]
   [Code Root Fixup: 0.0 ms]
   [Code Root Purge: 0.0 ms]
   [Clear CT: 0.4 ms]
   [Other: 1.5 ms]
      [Choose CSet: 0.0 ms]
      [Ref Proc: 0.5 ms]
      [Ref Enq: 0.0 ms]
      [Redirty Cards: 0.4 ms]
      [Humongous Register: 0.1 ms]
      [Humongous Reclaim: 0.0 ms]
      [Free CSet: 0.2 ms]
   [Eden: 109.0M(109.0M)->0.0B(117.0M) Survivors: 16.0M->16.0M Heap: 274.6M(2048.0M)->277.1M(2048.0M)]
 [Times: user=1.14 sys=0.00, real=0.14 secs] 
2020-09-29T12:35:08.587+0200: 135.945: [GC pause (G1 Evacuation Pause) (young), 0.1786703 secs]
   [Parallel Time: 175.0 ms, GC Workers: 8]
      [GC Worker Start (ms): Min: 135945.4, Avg: 135945.5, Max: 135945.6, Diff: 0.2]
      [Ext Root Scanning (ms): Min: 0.1, Avg: 0.2, Max: 0.3, Diff: 0.2, Sum: 1.3]
      [Update RS (ms): Min: 24.3, Avg: 25.8, Max: 30.8, Diff: 6.5, Sum: 206.4]
         [Processed Buffers: Min: 0, Avg: 11.1, Max: 14, Diff: 14, Sum: 89]
      [Scan RS (ms): Min: 5.9, Avg: 11.0, Max: 12.4, Diff: 6.6, Sum: 87.7]
      [Code Root Scanning (ms): Min: 0.0, Avg: 0.0, Max: 0.0, Diff: 0.0, Sum: 0.0]
      [Object Copy (ms): Min: 137.4, Avg: 137.6, Max: 137.7, Diff: 0.3, Sum: 1100.6]
      [Termination (ms): Min: 0.0, Avg: 0.0, Max: 0.0, Diff: 0.0, Sum: 0.2]
         [Termination Attempts: Min: 1, Avg: 63.4, Max: 84, Diff: 83, Sum: 507]
      [GC Worker Other (ms): Min: 0.0, Avg: 0.1, Max: 0.1, Diff: 0.1, Sum: 0.5]
      [GC Worker Total (ms): Min: 174.5, Avg: 174.6, Max: 174.7, Diff: 0.2, Sum: 1396.7]
      [GC Worker End (ms): Min: 136120.1, Avg: 136120.1, Max: 136120.2, Diff: 0.1]
   [Code Root Fixup: 0.0 ms]
   [Code Root Purge: 0.0 ms]
   [Clear CT: 0.6 ms]
   [Other: 3.0 ms]
      [Choose CSet: 0.0 ms]
      [Ref Proc: 0.4 ms]
      [Ref Enq: 0.0 ms]
      [Redirty Cards: 2.0 ms]
      [Humongous Register: 0.1 ms]
      [Humongous Reclaim: 0.0 ms]
      [Free CSet: 0.2 ms]
   [Eden: 117.0M(117.0M)->0.0B(114.0M) Survivors: 16.0M->17.0M Heap: 413.2M(2048.0M)->415.2M(2048.0M)]
 [Times: user=1.34 sys=0.00, real=0.18 secs] 
2020-09-29T12:35:08.912+0200: 136.270: [GC pause (G1 Evacuation Pause) (young), 0.1478652 secs]
   [Parallel Time: 145.5 ms, GC Workers: 8]
      [GC Worker Start (ms): Min: 136270.4, Avg: 136270.5, Max: 136270.6, Diff: 0.3]
      [Ext Root Scanning (ms): Min: 0.0, Avg: 0.2, Max: 0.3, Diff: 0.3, Sum: 1.2]
      [Update RS (ms): Min: 17.7, Avg: 18.4, Max: 19.7, Diff: 2.0, Sum: 147.5]
         [Processed Buffers: Min: 9, Avg: 9.8, Max: 10, Diff: 1, Sum: 78]
      [Scan RS (ms): Min: 10.0, Avg: 11.3, Max: 12.4, Diff: 2.4, Sum: 90.1]
      [Code Root Scanning (ms): Min: 0.0, Avg: 0.0, Max: 0.0, Diff: 0.0, Sum: 0.0]
      [Object Copy (ms): Min: 114.8, Avg: 115.1, Max: 115.3, Diff: 0.6, Sum: 921.1]
      [Termination (ms): Min: 0.0, Avg: 0.0, Max: 0.0, Diff: 0.0, Sum: 0.1]
         [Termination Attempts: Min: 1, Avg: 21.1, Max: 28, Diff: 27, Sum: 169]
      [GC Worker Other (ms): Min: 0.0, Avg: 0.1, Max: 0.1, Diff: 0.1, Sum: 0.4]
      [GC Worker Total (ms): Min: 144.9, Avg: 145.1, Max: 145.2, Diff: 0.2, Sum: 1160.5]
      [GC Worker End (ms): Min: 136415.6, Avg: 136415.6, Max: 136415.6, Diff: 0.1]
   [Code Root Fixup: 0.0 ms]
   [Code Root Purge: 0.0 ms]
   [Clear CT: 0.6 ms]
   [Other: 1.7 ms]
      [Choose CSet: 0.0 ms]
      [Ref Proc: 0.6 ms]
      [Ref Enq: 0.0 ms]
      [Redirty Cards: 0.5 ms]
      [Humongous Register: 0.1 ms]
      [Humongous Reclaim: 0.0 ms]
      [Free CSet: 0.2 ms]
   [Eden: 114.0M(114.0M)->0.0B(124.0M) Survivors: 17.0M->17.0M Heap: 548.3M(2048.0M)->550.3M(2048.0M)]
 [Times: user=1.13 sys=0.00, real=0.15 secs] 
2020-09-29T12:35:09.210+0200: 136.568: [GC pause (G1 Evacuation Pause) (young), 0.1668770 secs]
   [Parallel Time: 164.6 ms, GC Workers: 8]
      [GC Worker Start (ms): Min: 136568.0, Avg: 136568.2, Max: 136568.3, Diff: 0.3]
      [Ext Root Scanning (ms): Min: 0.0, Avg: 0.1, Max: 0.3, Diff: 0.3, Sum: 1.1]
      [Update RS (ms): Min: 20.2, Avg: 20.8, Max: 21.4, Diff: 1.2, Sum: 166.7]
         [Processed Buffers: Min: 10, Avg: 11.1, Max: 12, Diff: 2, Sum: 89]
      [Scan RS (ms): Min: 11.8, Avg: 12.5, Max: 13.0, Diff: 1.3, Sum: 99.8]
      [Code Root Scanning (ms): Min: 0.0, Avg: 0.0, Max: 0.0, Diff: 0.0, Sum: 0.0]
      [Object Copy (ms): Min: 130.1, Avg: 130.5, Max: 130.8, Diff: 0.8, Sum: 1043.6]
      [Termination (ms): Min: 0.0, Avg: 0.2, Max: 0.3, Diff: 0.3, Sum: 1.6]
         [Termination Attempts: Min: 1, Avg: 531.1, Max: 745, Diff: 744, Sum: 4249]
      [GC Worker Other (ms): Min: 0.0, Avg: 0.0, Max: 0.1, Diff: 0.1, Sum: 0.4]
      [GC Worker Total (ms): Min: 164.0, Avg: 164.1, Max: 164.3, Diff: 0.3, Sum: 1313.1]
      [GC Worker End (ms): Min: 136732.3, Avg: 136732.3, Max: 136732.3, Diff: 0.1]
   [Code Root Fixup: 0.0 ms]
   [Code Root Purge: 0.0 ms]
   [Clear CT: 0.5 ms]
   [Other: 1.8 ms]
      [Choose CSet: 0.0 ms]
      [Ref Proc: 0.4 ms]
      [Ref Enq: 0.0 ms]
      [Redirty Cards: 0.7 ms]
      [Humongous Register: 0.1 ms]
      [Humongous Reclaim: 0.0 ms]
      [Free CSet: 0.2 ms]
   [Eden: 124.0M(124.0M)->0.0B(128.0M) Survivors: 17.0M->18.0M Heap: 695.3M(2048.0M)->697.8M(2048.0M)]
 [Times: user=1.25 sys=0.00, real=0.17 secs] 
2020-09-29T12:35:09.535+0200: 136.893: [GC pause (G1 Evacuation Pause) (young), 0.1701094 secs]
   [Parallel Time: 166.4 ms, GC Workers: 8]
      [GC Worker Start (ms): Min: 136892.9, Avg: 136893.1, Max: 136893.2, Diff: 0.3]
      [Ext Root Scanning (ms): Min: 0.0, Avg: 0.1, Max: 0.3, Diff: 0.3, Sum: 1.2]
      [Update RS (ms): Min: 18.0, Avg: 18.8, Max: 19.8, Diff: 1.7, Sum: 150.3]
         [Processed Buffers: Min: 9, Avg: 9.8, Max: 11, Diff: 2, Sum: 78]
      [Scan RS (ms): Min: 12.8, Avg: 13.9, Max: 14.5, Diff: 1.7, Sum: 110.9]
      [Code Root Scanning (ms): Min: 0.0, Avg: 0.0, Max: 0.0, Diff: 0.0, Sum: 0.0]
      [Object Copy (ms): Min: 132.8, Avg: 133.1, Max: 133.2, Diff: 0.4, Sum: 1064.6]
      [Termination (ms): Min: 0.0, Avg: 0.1, Max: 0.1, Diff: 0.1, Sum: 0.6]
         [Termination Attempts: Min: 1, Avg: 196.8, Max: 274, Diff: 273, Sum: 1574]
      [GC Worker Other (ms): Min: 0.0, Avg: 0.0, Max: 0.1, Diff: 0.1, Sum: 0.3]
      [GC Worker Total (ms): Min: 165.9, Avg: 166.0, Max: 166.1, Diff: 0.3, Sum: 1327.9]
      [GC Worker End (ms): Min: 137059.0, Avg: 137059.1, Max: 137059.1, Diff: 0.1]
   [Code Root Fixup: 0.0 ms]
   [Code Root Purge: 0.0 ms]
   [Clear CT: 0.4 ms]
   [Other: 3.3 ms]
      [Choose CSet: 0.0 ms]
      [Ref Proc: 0.4 ms]
      [Ref Enq: 0.0 ms]
      [Redirty Cards: 2.2 ms]
      [Humongous Register: 0.1 ms]
      [Humongous Reclaim: 0.0 ms]
      [Free CSet: 0.3 ms]
   [Eden: 128.0M(128.0M)->0.0B(130.0M) Survivors: 18.0M->19.0M Heap: 846.8M(2048.0M)->848.8M(2048.0M)]
 [Times: user=1.25 sys=0.00, real=0.17 secs] 
2020-09-29T12:35:09.872+0200: 137.230: [GC pause (G1 Evacuation Pause) (young), 0.1695431 secs]
   [Parallel Time: 167.6 ms, GC Workers: 8]
      [GC Worker Start (ms): Min: 137230.1, Avg: 137230.3, Max: 137230.4, Diff: 0.3]
      [Ext Root Scanning (ms): Min: 0.0, Avg: 0.1, Max: 0.3, Diff: 0.3, Sum: 1.1]
      [Update RS (ms): Min: 20.0, Avg: 20.1, Max: 20.8, Diff: 0.8, Sum: 161.2]
         [Processed Buffers: Min: 10, Avg: 11.5, Max: 14, Diff: 4, Sum: 92]
      [Scan RS (ms): Min: 13.6, Avg: 13.9, Max: 14.3, Diff: 0.7, Sum: 111.3]
      [Code Root Scanning (ms): Min: 0.0, Avg: 0.0, Max: 0.0, Diff: 0.0, Sum: 0.0]
      [Object Copy (ms): Min: 132.5, Avg: 132.8, Max: 132.9, Diff: 0.4, Sum: 1062.4]
      [Termination (ms): Min: 0.0, Avg: 0.1, Max: 0.1, Diff: 0.1, Sum: 0.4]
         [Termination Attempts: Min: 1, Avg: 133.9, Max: 167, Diff: 166, Sum: 1071]
      [GC Worker Other (ms): Min: 0.0, Avg: 0.0, Max: 0.1, Diff: 0.1, Sum: 0.4]
      [GC Worker Total (ms): Min: 167.0, Avg: 167.1, Max: 167.3, Diff: 0.3, Sum: 1336.8]
      [GC Worker End (ms): Min: 137397.3, Avg: 137397.4, Max: 137397.4, Diff: 0.1]
   [Code Root Fixup: 0.0 ms]
   [Code Root Purge: 0.0 ms]
   [Clear CT: 0.4 ms]
   [Other: 1.5 ms]
      [Choose CSet: 0.0 ms]
      [Ref Proc: 0.4 ms]
      [Ref Enq: 0.0 ms]
      [Redirty Cards: 0.5 ms]
      [Humongous Register: 0.1 ms]
      [Humongous Reclaim: 0.0 ms]
      [Free CSet: 0.2 ms]
   [Eden: 130.0M(130.0M)->0.0B(134.0M) Survivors: 19.0M->19.0M Heap: 1001.6M(2048.0M)->1003.6M(2048.0M)]
 [Times: user=1.34 sys=0.00, real=0.17 secs] 
2020-09-29T12:35:10.053+0200: 137.411: [GC pause (G1 Humongous Allocation) (young) (initial-mark), 0.0693306 secs]
   [Parallel Time: 67.6 ms, GC Workers: 8]
      [GC Worker Start (ms): Min: 137411.1, Avg: 137411.3, Max: 137411.4, Diff: 0.3]
      [Ext Root Scanning (ms): Min: 0.0, Avg: 2.2, Max: 15.5, Diff: 15.4, Sum: 17.6]
      [Update RS (ms): Min: 22.7, Avg: 35.8, Max: 38.2, Diff: 15.5, Sum: 286.5]
         [Processed Buffers: Min: 13, Avg: 19.3, Max: 22, Diff: 9, Sum: 154]
      [Scan RS (ms): Min: 2.2, Avg: 2.6, Max: 2.8, Diff: 0.7, Sum: 21.0]
      [Code Root Scanning (ms): Min: 0.0, Avg: 0.0, Max: 0.0, Diff: 0.0, Sum: 0.0]
      [Object Copy (ms): Min: 26.6, Avg: 26.7, Max: 26.7, Diff: 0.2, Sum: 213.3]
      [Termination (ms): Min: 0.0, Avg: 0.0, Max: 0.0, Diff: 0.0, Sum: 0.1]
         [Termination Attempts: Min: 1, Avg: 22.1, Max: 35, Diff: 34, Sum: 177]
      [GC Worker Other (ms): Min: 0.0, Avg: 0.0, Max: 0.0, Diff: 0.0, Sum: 0.2]
      [GC Worker Total (ms): Min: 67.2, Avg: 67.3, Max: 67.5, Diff: 0.3, Sum: 538.8]
      [GC Worker End (ms): Min: 137478.6, Avg: 137478.6, Max: 137478.6, Diff: 0.0]
   [Code Root Fixup: 0.0 ms]
   [Code Root Purge: 0.0 ms]
   [Clear CT: 0.4 ms]
   [Other: 1.3 ms]
      [Choose CSet: 0.0 ms]
      [Ref Proc: 0.4 ms]
      [Ref Enq: 0.0 ms]
      [Redirty Cards: 0.4 ms]
      [Humongous Register: 0.0 ms]
      [Humongous Reclaim: 0.0 ms]
      [Free CSet: 0.1 ms]
   [Eden: 8192.0K(134.0M)->0.0B(145.0M) Survivors: 19.0M->10.0M Heap: 1011.6M(2048.0M)->1015.6M(2048.0M)]
 [Times: user=0.49 sys=0.00, real=0.07 secs] 
2020-09-29T12:35:10.122+0200: 137.480: [GC concurrent-root-region-scan-start]
2020-09-29T12:35:10.128+0200: 137.486: [GC concurrent-root-region-scan-end, 0.0052804 secs]
2020-09-29T12:35:10.128+0200: 137.486: [GC concurrent-mark-start]
2020-09-29T12:35:10.134+0200: 137.492: [GC concurrent-mark-end, 0.0060461 secs]
2020-09-29T12:35:10.134+0200: 137.492: [GC remark 2020-09-29T12:35:10.134+0200: 137.492: [Finalize Marking, 0.0003219 secs] 2020-09-29T12:35:10.135+0200: 137.493: [GC ref-proc, 0.0006551 secs] 2020-09-29T12:35:10.135+0200: 137.493: [Unloading, 0.0010282 secs], 0.0026708 secs]
 [Times: user=0.00 sys=0.00, real=0.00 secs] 
2020-09-29T12:35:10.138+0200: 137.496: [GC cleanup 1027M->29M(2048M), 0.0025545 secs]
 [Times: user=0.00 sys=0.00, real=0.00 secs] 
2020-09-29T12:35:10.141+0200: 137.499: [GC concurrent-cleanup-start]
2020-09-29T12:35:10.143+0200: 137.501: [GC concurrent-cleanup-end, 0.0026659 secs]
2020-09-29T12:35:10.305+0200: 137.662: [GC pause (G1 Evacuation Pause) (young), 0.1839768 secs]
   [Parallel Time: 178.9 ms, GC Workers: 8]
      [GC Worker Start (ms): Min: 137662.1, Avg: 137662.4, Max: 137662.6, Diff: 0.5]
      [Ext Root Scanning (ms): Min: 0.0, Avg: 0.2, Max: 1.2, Diff: 1.2, Sum: 1.8]
      [Update RS (ms): Min: 16.2, Avg: 16.8, Max: 17.7, Diff: 1.5, Sum: 134.4]
         [Processed Buffers: Min: 8, Avg: 9.3, Max: 11, Diff: 3, Sum: 74]
      [Scan RS (ms): Min: 13.4, Avg: 14.1, Max: 14.9, Diff: 1.5, Sum: 113.1]
      [Code Root Scanning (ms): Min: 0.0, Avg: 0.0, Max: 0.0, Diff: 0.0, Sum: 0.0]
      [Object Copy (ms): Min: 146.6, Avg: 146.8, Max: 147.1, Diff: 0.5, Sum: 1174.3]
      [Termination (ms): Min: 0.0, Avg: 0.4, Max: 0.6, Diff: 0.6, Sum: 3.0]
         [Termination Attempts: Min: 1, Avg: 888.3, Max: 1295, Diff: 1294, Sum: 7106]
      [GC Worker Other (ms): Min: 0.0, Avg: 0.0, Max: 0.0, Diff: 0.0, Sum: 0.2]
      [GC Worker Total (ms): Min: 178.1, Avg: 178.4, Max: 178.6, Diff: 0.5, Sum: 1426.8]
      [GC Worker End (ms): Min: 137840.7, Avg: 137840.7, Max: 137840.8, Diff: 0.0]
   [Code Root Fixup: 0.0 ms]
   [Code Root Purge: 0.0 ms]
   [Clear CT: 2.2 ms]
   [Other: 2.9 ms]
      [Choose CSet: 0.0 ms]
      [Ref Proc: 0.3 ms]
      [Ref Enq: 0.0 ms]
      [Redirty Cards: 2.0 ms]
      [Humongous Register: 0.1 ms]
      [Humongous Reclaim: 0.0 ms]
      [Free CSet: 0.2 ms]
   [Eden: 145.0M(145.0M)->0.0B(131.0M) Survivors: 10.0M->20.0M Heap: 187.8M(2048.0M)->180.3M(2048.0M)]
 [Times: user=1.34 sys=0.00, real=0.18 secs] 
2020-09-29T12:35:10.651+0200: 138.010: [GC pause (G1 Evacuation Pause) (young), 0.1780813 secs]
   [Parallel Time: 176.0 ms, GC Workers: 8]
      [GC Worker Start (ms): Min: 138009.7, Avg: 138009.9, Max: 138010.0, Diff: 0.3]
      [Ext Root Scanning (ms): Min: 0.0, Avg: 0.1, Max: 0.3, Diff: 0.3, Sum: 1.1]
      [Update RS (ms): Min: 20.9, Avg: 21.1, Max: 21.6, Diff: 0.7, Sum: 168.8]
         [Processed Buffers: Min: 5, Avg: 10.6, Max: 15, Diff: 10, Sum: 85]
      [Scan RS (ms): Min: 14.3, Avg: 14.9, Max: 15.3, Diff: 0.9, Sum: 119.2]
      [Code Root Scanning (ms): Min: 0.0, Avg: 0.0, Max: 0.0, Diff: 0.0, Sum: 0.0]
      [Object Copy (ms): Min: 139.0, Avg: 139.3, Max: 139.4, Diff: 0.4, Sum: 1114.2]
      [Termination (ms): Min: 0.0, Avg: 0.0, Max: 0.0, Diff: 0.0, Sum: 0.2]
         [Termination Attempts: Min: 1, Avg: 59.6, Max: 83, Diff: 82, Sum: 477]
      [GC Worker Other (ms): Min: 0.0, Avg: 0.1, Max: 0.1, Diff: 0.1, Sum: 0.4]
      [GC Worker Total (ms): Min: 175.4, Avg: 175.5, Max: 175.7, Diff: 0.4, Sum: 1404.1]
      [GC Worker End (ms): Min: 138185.3, Avg: 138185.4, Max: 138185.5, Diff: 0.1]
   [Code Root Fixup: 0.0 ms]
   [Code Root Purge: 0.0 ms]
   [Clear CT: 0.5 ms]
   [Other: 1.5 ms]
      [Choose CSet: 0.0 ms]
      [Ref Proc: 0.4 ms]
      [Ref Enq: 0.0 ms]
      [Redirty Cards: 0.4 ms]
      [Humongous Register: 0.1 ms]
      [Humongous Reclaim: 0.0 ms]
      [Free CSet: 0.3 ms]
   [Eden: 131.0M(131.0M)->0.0B(131.0M) Survivors: 20.0M->19.0M Heap: 334.2M(2048.0M)->336.2M(2048.0M)]
 [Times: user=1.36 sys=0.00, real=0.18 secs] 
2020-09-29T12:35:11.010+0200: 138.367: [GC pause (G1 Evacuation Pause) (young), 0.1688676 secs]
   [Parallel Time: 166.6 ms, GC Workers: 8]
      [GC Worker Start (ms): Min: 138367.6, Avg: 138367.8, Max: 138368.0, Diff: 0.3]
      [Ext Root Scanning (ms): Min: 0.0, Avg: 0.1, Max: 0.3, Diff: 0.3, Sum: 1.1]
      [Update RS (ms): Min: 17.1, Avg: 17.4, Max: 17.7, Diff: 0.7, Sum: 139.3]
         [Processed Buffers: Min: 9, Avg: 9.8, Max: 12, Diff: 3, Sum: 78]
      [Scan RS (ms): Min: 14.3, Avg: 14.6, Max: 14.9, Diff: 0.7, Sum: 117.2]
      [Code Root Scanning (ms): Min: 0.0, Avg: 0.0, Max: 0.0, Diff: 0.0, Sum: 0.0]
      [Object Copy (ms): Min: 133.7, Avg: 133.8, Max: 133.9, Diff: 0.2, Sum: 1070.6]
      [Termination (ms): Min: 0.0, Avg: 0.0, Max: 0.0, Diff: 0.0, Sum: 0.2]
         [Termination Attempts: Min: 1, Avg: 78.8, Max: 114, Diff: 113, Sum: 630]
      [GC Worker Other (ms): Min: 0.0, Avg: 0.1, Max: 0.1, Diff: 0.1, Sum: 0.4]
      [GC Worker Total (ms): Min: 165.9, Avg: 166.1, Max: 166.3, Diff: 0.4, Sum: 1328.7]
      [GC Worker End (ms): Min: 138533.9, Avg: 138533.9, Max: 138534.0, Diff: 0.1]
   [Code Root Fixup: 0.0 ms]
   [Code Root Purge: 0.0 ms]
   [Clear CT: 0.7 ms]
   [Other: 1.6 ms]
      [Choose CSet: 0.0 ms]
      [Ref Proc: 0.5 ms]
      [Ref Enq: 0.0 ms]
      [Redirty Cards: 0.6 ms]
      [Humongous Register: 0.1 ms]
      [Humongous Reclaim: 0.0 ms]
      [Free CSet: 0.2 ms]
   [Eden: 131.0M(131.0M)->0.0B(134.0M) Survivors: 19.0M->19.0M Heap: 488.2M(2048.0M)->490.2M(2048.0M)]
 [Times: user=1.38 sys=0.00, real=0.17 secs] 
2020-09-29T12:35:11.339+0200: 138.697: [GC pause (G1 Evacuation Pause) (young), 0.1785972 secs]
   [Parallel Time: 176.6 ms, GC Workers: 8]
      [GC Worker Start (ms): Min: 138697.2, Avg: 138697.4, Max: 138697.6, Diff: 0.3]
      [Ext Root Scanning (ms): Min: 0.0, Avg: 0.2, Max: 0.3, Diff: 0.3, Sum: 1.3]
      [Update RS (ms): Min: 18.5, Avg: 18.6, Max: 18.9, Diff: 0.5, Sum: 148.8]
         [Processed Buffers: Min: 9, Avg: 10.5, Max: 13, Diff: 4, Sum: 84]
      [Scan RS (ms): Min: 15.3, Avg: 16.8, Max: 24.1, Diff: 8.7, Sum: 134.7]
      [Code Root Scanning (ms): Min: 0.0, Avg: 0.0, Max: 0.0, Diff: 0.0, Sum: 0.0]
      [Object Copy (ms): Min: 133.4, Avg: 140.5, Max: 141.6, Diff: 8.3, Sum: 1123.7]
      [Termination (ms): Min: 0.0, Avg: 0.0, Max: 0.0, Diff: 0.0, Sum: 0.2]
         [Termination Attempts: Min: 1, Avg: 64.0, Max: 85, Diff: 84, Sum: 512]
      [GC Worker Other (ms): Min: 0.0, Avg: 0.1, Max: 0.1, Diff: 0.1, Sum: 0.5]
      [GC Worker Total (ms): Min: 176.0, Avg: 176.2, Max: 176.3, Diff: 0.3, Sum: 1409.2]
      [GC Worker End (ms): Min: 138873.5, Avg: 138873.5, Max: 138873.6, Diff: 0.1]
   [Code Root Fixup: 0.0 ms]
   [Code Root Purge: 0.0 ms]
   [Clear CT: 0.4 ms]
   [Other: 1.6 ms]
      [Choose CSet: 0.0 ms]
      [Ref Proc: 0.3 ms]
      [Ref Enq: 0.0 ms]
      [Redirty Cards: 0.6 ms]
      [Humongous Register: 0.1 ms]
      [Humongous Reclaim: 0.0 ms]
      [Free CSet: 0.3 ms]
   [Eden: 134.0M(134.0M)->0.0B(132.0M) Survivors: 19.0M->20.0M Heap: 647.1M(2048.0M)->649.1M(2048.0M)]
 [Times: user=1.31 sys=0.00, real=0.19 secs] 
2020-09-29T12:35:11.685+0200: 139.042: [GC pause (G1 Evacuation Pause) (young), 0.2008375 secs]
   [Parallel Time: 198.3 ms, GC Workers: 8]
      [GC Worker Start (ms): Min: 139042.3, Avg: 139046.1, Max: 139071.5, Diff: 29.2]
      [Ext Root Scanning (ms): Min: 0.0, Avg: 0.1, Max: 0.3, Diff: 0.3, Sum: 1.2]
      [Update RS (ms): Min: 0.0, Avg: 21.7, Max: 26.2, Diff: 26.2, Sum: 173.2]
         [Processed Buffers: Min: 0, Avg: 11.4, Max: 14, Diff: 14, Sum: 91]
      [Scan RS (ms): Min: 10.1, Avg: 13.7, Max: 15.2, Diff: 5.1, Sum: 109.5]
      [Code Root Scanning (ms): Min: 0.0, Avg: 0.0, Max: 0.0, Diff: 0.0, Sum: 0.0]
      [Object Copy (ms): Min: 158.4, Avg: 158.5, Max: 158.6, Diff: 0.1, Sum: 1268.0]
      [Termination (ms): Min: 0.0, Avg: 0.2, Max: 0.3, Diff: 0.3, Sum: 1.4]
         [Termination Attempts: Min: 1, Avg: 434.4, Max: 635, Diff: 634, Sum: 3475]
      [GC Worker Other (ms): Min: 0.0, Avg: 0.0, Max: 0.1, Diff: 0.1, Sum: 0.3]
      [GC Worker Total (ms): Min: 168.8, Avg: 194.2, Max: 198.0, Diff: 29.2, Sum: 1553.7]
      [GC Worker End (ms): Min: 139240.2, Avg: 139240.3, Max: 139240.3, Diff: 0.1]
   [Code Root Fixup: 0.0 ms]
   [Code Root Purge: 0.0 ms]
   [Clear CT: 0.4 ms]
   [Other: 2.1 ms]
      [Choose CSet: 0.0 ms]
      [Ref Proc: 0.4 ms]
      [Ref Enq: 0.0 ms]
      [Redirty Cards: 1.0 ms]
      [Humongous Register: 0.1 ms]
      [Humongous Reclaim: 0.0 ms]
      [Free CSet: 0.3 ms]
   [Eden: 132.0M(132.0M)->0.0B(126.0M) Survivors: 20.0M->19.0M Heap: 802.0M(2048.0M)->804.0M(2048.0M)]
 [Times: user=1.52 sys=0.00, real=0.20 secs] 
2020-09-29T12:35:12.048+0200: 139.406: [GC pause (G1 Evacuation Pause) (young), 0.1645899 secs]
   [Parallel Time: 162.4 ms, GC Workers: 8]
      [GC Worker Start (ms): Min: 139406.0, Avg: 139406.2, Max: 139406.3, Diff: 0.3]
      [Ext Root Scanning (ms): Min: 0.0, Avg: 0.1, Max: 0.3, Diff: 0.3, Sum: 1.0]
      [Update RS (ms): Min: 22.6, Avg: 23.2, Max: 23.9, Diff: 1.4, Sum: 185.9]
         [Processed Buffers: Min: 11, Avg: 12.1, Max: 14, Diff: 3, Sum: 97]
      [Scan RS (ms): Min: 10.5, Avg: 11.3, Max: 12.0, Diff: 1.5, Sum: 90.1]
      [Code Root Scanning (ms): Min: 0.0, Avg: 0.0, Max: 0.0, Diff: 0.0, Sum: 0.0]
      [Object Copy (ms): Min: 127.2, Avg: 127.3, Max: 127.4, Diff: 0.2, Sum: 1018.6]
      [Termination (ms): Min: 0.0, Avg: 0.0, Max: 0.0, Diff: 0.0, Sum: 0.1]
         [Termination Attempts: Min: 1, Avg: 32.8, Max: 54, Diff: 53, Sum: 262]
      [GC Worker Other (ms): Min: 0.0, Avg: 0.1, Max: 0.1, Diff: 0.1, Sum: 0.5]
      [GC Worker Total (ms): Min: 161.9, Avg: 162.0, Max: 162.2, Diff: 0.3, Sum: 1296.2]
      [GC Worker End (ms): Min: 139568.2, Avg: 139568.2, Max: 139568.3, Diff: 0.1]
   [Code Root Fixup: 0.0 ms]
   [Code Root Purge: 0.0 ms]
   [Clear CT: 0.5 ms]
   [Other: 1.6 ms]
      [Choose CSet: 0.0 ms]
      [Ref Proc: 0.5 ms]
      [Ref Enq: 0.0 ms]
      [Redirty Cards: 0.6 ms]
      [Humongous Register: 0.1 ms]
      [Humongous Reclaim: 0.0 ms]
      [Free CSet: 0.2 ms]
   [Eden: 126.0M(126.0M)->0.0B(131.0M) Survivors: 19.0M->19.0M Heap: 951.0M(2048.0M)->953.0M(2048.0M)]
 [Times: user=1.36 sys=0.01, real=0.16 secs] 
2020-09-29T12:35:12.226+0200: 139.584: [GC pause (G1 Humongous Allocation) (young) (initial-mark), 0.0560526 secs]
   [Parallel Time: 54.3 ms, GC Workers: 8]
      [GC Worker Start (ms): Min: 139583.8, Avg: 139584.0, Max: 139584.2, Diff: 0.3]
      [Ext Root Scanning (ms): Min: 0.0, Avg: 0.3, Max: 0.5, Diff: 0.5, Sum: 2.3]
      [Update RS (ms): Min: 27.6, Avg: 28.5, Max: 29.1, Diff: 1.5, Sum: 227.8]
         [Processed Buffers: Min: 15, Avg: 15.9, Max: 18, Diff: 3, Sum: 127]
      [Scan RS (ms): Min: 2.0, Avg: 2.8, Max: 3.5, Diff: 1.5, Sum: 22.0]
      [Code Root Scanning (ms): Min: 0.0, Avg: 0.0, Max: 0.0, Diff: 0.0, Sum: 0.0]
      [Object Copy (ms): Min: 22.2, Avg: 22.3, Max: 22.4, Diff: 0.2, Sum: 178.2]
      [Termination (ms): Min: 0.0, Avg: 0.0, Max: 0.0, Diff: 0.0, Sum: 0.0]
         [Termination Attempts: Min: 1, Avg: 10.0, Max: 20, Diff: 19, Sum: 80]
      [GC Worker Other (ms): Min: 0.0, Avg: 0.0, Max: 0.1, Diff: 0.1, Sum: 0.4]
      [GC Worker Total (ms): Min: 53.7, Avg: 53.8, Max: 53.9, Diff: 0.2, Sum: 430.8]
      [GC Worker End (ms): Min: 139637.8, Avg: 139637.8, Max: 139637.9, Diff: 0.1]
   [Code Root Fixup: 0.0 ms]
   [Code Root Purge: 0.0 ms]
   [Clear CT: 0.4 ms]
   [Other: 1.4 ms]
      [Choose CSet: 0.0 ms]
      [Ref Proc: 0.4 ms]
      [Ref Enq: 0.0 ms]
      [Redirty Cards: 0.4 ms]
      [Humongous Register: 0.1 ms]
      [Humongous Reclaim: 0.0 ms]
      [Free CSet: 0.1 ms]
   [Eden: 3072.0K(131.0M)->0.0B(151.0M) Survivors: 19.0M->5120.0K Heap: 955.5M(2048.0M)->960.0M(2048.0M)]
 [Times: user=0.38 sys=0.00, real=0.06 secs] 
2020-09-29T12:35:12.282+0200: 139.640: [GC concurrent-root-region-scan-start]
2020-09-29T12:35:12.284+0200: 139.641: [GC concurrent-root-region-scan-end, 0.0015530 secs]
2020-09-29T12:35:12.284+0200: 139.642: [GC concurrent-mark-start]
2020-09-29T12:35:12.291+0200: 139.649: [GC concurrent-mark-end, 0.0072877 secs]
2020-09-29T12:35:12.292+0200: 139.649: [GC remark 2020-09-29T12:35:12.292+0200: 139.649: [Finalize Marking, 0.0003078 secs] 2020-09-29T12:35:12.292+0200: 139.650: [GC ref-proc, 0.0008106 secs] 2020-09-29T12:35:12.293+0200: 139.651: [Unloading, 0.0009179 secs], 0.0027821 secs]
 [Times: user=0.00 sys=0.00, real=0.00 secs] 
2020-09-29T12:35:12.296+0200: 139.653: [GC cleanup 969M->22M(2048M), 0.0029181 secs]
 [Times: user=0.00 sys=0.00, real=0.00 secs] 
2020-09-29T12:35:12.299+0200: 139.656: [GC concurrent-cleanup-start]
2020-09-29T12:35:12.302+0200: 139.659: [GC concurrent-cleanup-end, 0.0032628 secs]
2020-09-29T12:35:12.400+0200: 139.758: [GC pause (G1 Evacuation Pause) (young), 0.0725353 secs]
   [Parallel Time: 71.2 ms, GC Workers: 8]
      [GC Worker Start (ms): Min: 139758.0, Avg: 139758.1, Max: 139758.2, Diff: 0.2]
      [Ext Root Scanning (ms): Min: 0.0, Avg: 0.1, Max: 0.2, Diff: 0.2, Sum: 0.5]
      [Update RS (ms): Min: 6.9, Avg: 7.1, Max: 7.4, Diff: 0.4, Sum: 57.0]
         [Processed Buffers: Min: 7, Avg: 8.5, Max: 12, Diff: 5, Sum: 68]
      [Scan RS (ms): Min: 8.2, Avg: 8.5, Max: 8.7, Diff: 0.5, Sum: 68.2]
      [Code Root Scanning (ms): Min: 0.0, Avg: 0.0, Max: 0.0, Diff: 0.0, Sum: 0.0]
      [Object Copy (ms): Min: 55.2, Avg: 55.2, Max: 55.2, Diff: 0.1, Sum: 441.6]
      [Termination (ms): Min: 0.0, Avg: 0.0, Max: 0.0, Diff: 0.0, Sum: 0.0]
         [Termination Attempts: Min: 1, Avg: 1.0, Max: 1, Diff: 0, Sum: 8]
      [GC Worker Other (ms): Min: 0.0, Avg: 0.0, Max: 0.1, Diff: 0.0, Sum: 0.3]
      [GC Worker Total (ms): Min: 70.9, Avg: 71.0, Max: 71.1, Diff: 0.2, Sum: 567.6]
      [GC Worker End (ms): Min: 139829.1, Avg: 139829.1, Max: 139829.1, Diff: 0.0]
   [Code Root Fixup: 0.0 ms]
   [Code Root Purge: 0.0 ms]
   [Clear CT: 0.4 ms]
   [Other: 1.0 ms]
      [Choose CSet: 0.0 ms]
      [Ref Proc: 0.3 ms]
      [Ref Enq: 0.0 ms]
      [Redirty Cards: 0.3 ms]
      [Humongous Register: 0.1 ms]
      [Humongous Reclaim: 0.0 ms]
      [Free CSet: 0.1 ms]
   [Eden: 151.0M(151.0M)->0.0B(156.0M) Survivors: 5120.0K->20.0M Heap: 190.7M(2048.0M)->186.7M(2048.0M)]
 [Times: user=0.50 sys=0.00, real=0.07 secs] 
2020-09-29T12:35:12.555+0200: 139.912: [GC pause (G1 Evacuation Pause) (young), 0.1097742 secs]
   [Parallel Time: 108.5 ms, GC Workers: 8]
      [GC Worker Start (ms): Min: 139912.1, Avg: 139912.2, Max: 139912.3, Diff: 0.2]
      [Ext Root Scanning (ms): Min: 0.0, Avg: 0.1, Max: 0.1, Diff: 0.1, Sum: 0.5]
      [Update RS (ms): Min: 7.3, Avg: 7.8, Max: 8.1, Diff: 0.7, Sum: 62.8]
         [Processed Buffers: Min: 9, Avg: 9.3, Max: 10, Diff: 1, Sum: 74]
      [Scan RS (ms): Min: 8.6, Avg: 10.8, Max: 23.9, Diff: 15.3, Sum: 86.0]
      [Code Root Scanning (ms): Min: 0.0, Avg: 0.0, Max: 0.0, Diff: 0.0, Sum: 0.0]
      [Object Copy (ms): Min: 76.2, Avg: 89.2, Max: 91.2, Diff: 15.0, Sum: 714.0]
      [Termination (ms): Min: 0.0, Avg: 0.3, Max: 0.4, Diff: 0.4, Sum: 2.5]
         [Termination Attempts: Min: 1, Avg: 2274.8, Max: 2961, Diff: 2960, Sum: 18198]
      [GC Worker Other (ms): Min: 0.0, Avg: 0.0, Max: 0.1, Diff: 0.0, Sum: 0.3]
      [GC Worker Total (ms): Min: 108.2, Avg: 108.3, Max: 108.4, Diff: 0.2, Sum: 866.1]
      [GC Worker End (ms): Min: 140020.5, Avg: 140020.5, Max: 140020.5, Diff: 0.0]
   [Code Root Fixup: 0.0 ms]
   [Code Root Purge: 0.0 ms]
   [Clear CT: 0.4 ms]
   [Other: 0.9 ms]
      [Choose CSet: 0.0 ms]
      [Ref Proc: 0.2 ms]
      [Ref Enq: 0.0 ms]
      [Redirty Cards: 0.3 ms]
      [Humongous Register: 0.0 ms]
      [Humongous Reclaim: 0.0 ms]
      [Free CSet: 0.2 ms]
   [Eden: 156.0M(156.0M)->0.0B(178.0M) Survivors: 20.0M->22.0M Heap: 367.5M(2048.0M)->370.0M(2048.0M)]
 [Times: user=0.81 sys=0.00, real=0.11 secs] 
2020-09-29T12:35:12.760+0200: 140.117: [GC pause (G1 Evacuation Pause) (young), 0.1011537 secs]
   [Parallel Time: 100.2 ms, GC Workers: 8]
      [GC Worker Start (ms): Min: 140117.5, Avg: 140117.5, Max: 140117.6, Diff: 0.1]
      [Ext Root Scanning (ms): Min: 0.0, Avg: 0.1, Max: 0.1, Diff: 0.1, Sum: 0.6]
      [Update RS (ms): Min: 8.3, Avg: 8.4, Max: 8.8, Diff: 0.5, Sum: 67.5]
         [Processed Buffers: Min: 4, Avg: 9.9, Max: 12, Diff: 8, Sum: 79]
      [Scan RS (ms): Min: 10.6, Avg: 11.6, Max: 16.0, Diff: 5.4, Sum: 92.7]
      [Code Root Scanning (ms): Min: 0.0, Avg: 0.0, Max: 0.0, Diff: 0.0, Sum: 0.0]
      [Object Copy (ms): Min: 75.4, Avg: 79.9, Max: 80.7, Diff: 5.2, Sum: 639.6]
      [Termination (ms): Min: 0.0, Avg: 0.0, Max: 0.0, Diff: 0.0, Sum: 0.0]
         [Termination Attempts: Min: 1, Avg: 12.4, Max: 21, Diff: 20, Sum: 99]
      [GC Worker Other (ms): Min: 0.0, Avg: 0.0, Max: 0.1, Diff: 0.1, Sum: 0.3]
      [GC Worker Total (ms): Min: 100.0, Avg: 100.1, Max: 100.2, Diff: 0.2, Sum: 800.9]
      [GC Worker End (ms): Min: 140217.6, Avg: 140217.7, Max: 140217.7, Diff: 0.1]
   [Code Root Fixup: 0.0 ms]
   [Code Root Purge: 0.0 ms]
   [Clear CT: 0.2 ms]
   [Other: 0.7 ms]
      [Choose CSet: 0.0 ms]
      [Ref Proc: 0.2 ms]
      [Ref Enq: 0.0 ms]
      [Redirty Cards: 0.1 ms]
      [Humongous Register: 0.1 ms]
      [Humongous Reclaim: 0.0 ms]
      [Free CSet: 0.2 ms]
   [Eden: 178.0M(178.0M)->0.0B(198.0M) Survivors: 22.0M->25.0M Heap: 578.5M(2048.0M)->580.5M(2048.0M)]
 [Times: user=0.72 sys=0.00, real=0.10 secs] 
2020-09-29T12:35:12.984+0200: 140.341: [GC pause (G1 Evacuation Pause) (young), 0.1015008 secs]
   [Parallel Time: 100.5 ms, GC Workers: 8]
      [GC Worker Start (ms): Min: 140341.1, Avg: 140341.2, Max: 140341.3, Diff: 0.1]
      [Ext Root Scanning (ms): Min: 0.0, Avg: 0.1, Max: 0.1, Diff: 0.1, Sum: 0.6]
      [Update RS (ms): Min: 7.0, Avg: 7.4, Max: 7.7, Diff: 0.7, Sum: 59.0]
         [Processed Buffers: Min: 9, Avg: 9.3, Max: 10, Diff: 1, Sum: 74]
      [Scan RS (ms): Min: 10.8, Avg: 11.1, Max: 11.4, Diff: 0.7, Sum: 88.6]
      [Code Root Scanning (ms): Min: 0.0, Avg: 0.0, Max: 0.0, Diff: 0.0, Sum: 0.0]
      [Object Copy (ms): Min: 81.6, Avg: 81.7, Max: 81.8, Diff: 0.1, Sum: 653.6]
      [Termination (ms): Min: 0.0, Avg: 0.0, Max: 0.1, Diff: 0.1, Sum: 0.4]
         [Termination Attempts: Min: 1, Avg: 333.0, Max: 487, Diff: 486, Sum: 2664]
      [GC Worker Other (ms): Min: 0.0, Avg: 0.0, Max: 0.1, Diff: 0.1, Sum: 0.3]
      [GC Worker Total (ms): Min: 100.2, Avg: 100.3, Max: 100.4, Diff: 0.2, Sum: 802.5]
      [GC Worker End (ms): Min: 140441.5, Avg: 140441.5, Max: 140441.6, Diff: 0.1]
   [Code Root Fixup: 0.0 ms]
   [Code Root Purge: 0.0 ms]
   [Clear CT: 0.2 ms]
   [Other: 0.8 ms]
      [Choose CSet: 0.0 ms]
      [Ref Proc: 0.1 ms]
      [Ref Enq: 0.0 ms]
      [Redirty Cards: 0.3 ms]
      [Humongous Register: 0.1 ms]
      [Humongous Reclaim: 0.0 ms]
      [Free CSet: 0.2 ms]
   [Eden: 198.0M(198.0M)->0.0B(221.0M) Survivors: 25.0M->28.0M Heap: 810.9M(2048.0M)->812.4M(2048.0M)]
 [Times: user=0.88 sys=0.00, real=0.10 secs] 
2020-09-29T12:35:13.201+0200: 140.559: [GC pause (G1 Evacuation Pause) (young), 0.1130572 secs]
   [Parallel Time: 112.1 ms, GC Workers: 8]
      [GC Worker Start (ms): Min: 140558.9, Avg: 140559.0, Max: 140559.1, Diff: 0.2]
      [Ext Root Scanning (ms): Min: 0.0, Avg: 0.1, Max: 0.2, Diff: 0.2, Sum: 0.5]
      [Update RS (ms): Min: 7.9, Avg: 8.2, Max: 8.8, Diff: 0.9, Sum: 65.6]
         [Processed Buffers: Min: 9, Avg: 9.5, Max: 10, Diff: 1, Sum: 76]
      [Scan RS (ms): Min: 12.8, Avg: 13.4, Max: 13.7, Diff: 1.0, Sum: 107.1]
      [Code Root Scanning (ms): Min: 0.0, Avg: 0.0, Max: 0.0, Diff: 0.0, Sum: 0.0]
      [Object Copy (ms): Min: 90.2, Avg: 90.2, Max: 90.3, Diff: 0.1, Sum: 721.7]
      [Termination (ms): Min: 0.0, Avg: 0.0, Max: 0.0, Diff: 0.0, Sum: 0.1]
         [Termination Attempts: Min: 1, Avg: 47.5, Max: 71, Diff: 70, Sum: 380]
      [GC Worker Other (ms): Min: 0.0, Avg: 0.0, Max: 0.1, Diff: 0.0, Sum: 0.3]
      [GC Worker Total (ms): Min: 111.8, Avg: 111.9, Max: 112.0, Diff: 0.2, Sum: 895.2]
      [GC Worker End (ms): Min: 140670.9, Avg: 140670.9, Max: 140670.9, Diff: 0.0]
   [Code Root Fixup: 0.0 ms]
   [Code Root Purge: 0.0 ms]
   [Clear CT: 0.2 ms]
   [Other: 0.8 ms]
      [Choose CSet: 0.0 ms]
      [Ref Proc: 0.2 ms]
      [Ref Enq: 0.0 ms]
      [Redirty Cards: 0.2 ms]
      [Humongous Register: 0.1 ms]
      [Humongous Reclaim: 0.0 ms]
      [Free CSet: 0.2 ms]
   [Eden: 221.0M(221.0M)->0.0B(250.0M) Survivors: 28.0M->32.0M Heap: 1069.7M(2048.0M)->1072.2M(2048.0M)]
 [Times: user=0.86 sys=0.00, real=0.11 secs] 
2020-09-29T12:35:13.325+0200: 140.683: [GC pause (G1 Humongous Allocation) (young) (initial-mark), 0.0340608 secs]
   [Parallel Time: 33.2 ms, GC Workers: 8]
      [GC Worker Start (ms): Min: 140683.0, Avg: 140683.0, Max: 140683.1, Diff: 0.1]
      [Ext Root Scanning (ms): Min: 0.0, Avg: 0.1, Max: 0.1, Diff: 0.1, Sum: 0.7]
      [Update RS (ms): Min: 19.3, Avg: 19.4, Max: 19.5, Diff: 0.2, Sum: 155.3]
         [Processed Buffers: Min: 21, Avg: 24.1, Max: 26, Diff: 5, Sum: 193]
      [Scan RS (ms): Min: 1.7, Avg: 1.8, Max: 1.9, Diff: 0.2, Sum: 14.6]
      [Code Root Scanning (ms): Min: 0.0, Avg: 0.0, Max: 0.0, Diff: 0.0, Sum: 0.0]
      [Object Copy (ms): Min: 11.6, Avg: 11.6, Max: 11.6, Diff: 0.0, Sum: 92.8]
      [Termination (ms): Min: 0.0, Avg: 0.0, Max: 0.0, Diff: 0.0, Sum: 0.0]
         [Termination Attempts: Min: 1, Avg: 24.3, Max: 41, Diff: 40, Sum: 194]
      [GC Worker Other (ms): Min: 0.0, Avg: 0.0, Max: 0.0, Diff: 0.0, Sum: 0.1]
      [GC Worker Total (ms): Min: 32.9, Avg: 32.9, Max: 33.0, Diff: 0.1, Sum: 263.6]
      [GC Worker End (ms): Min: 140716.0, Avg: 140716.0, Max: 140716.0, Diff: 0.0]
   [Code Root Fixup: 0.0 ms]
   [Code Root Purge: 0.0 ms]
   [Clear CT: 0.3 ms]
   [Other: 0.6 ms]
      [Choose CSet: 0.0 ms]
      [Ref Proc: 0.1 ms]
      [Ref Enq: 0.0 ms]
      [Redirty Cards: 0.2 ms]
      [Humongous Register: 0.0 ms]
      [Humongous Reclaim: 0.0 ms]
      [Free CSet: 0.1 ms]
   [Eden: 1024.0K(250.0M)->0.0B(343.0M) Survivors: 32.0M->2048.0K Heap: 1072.7M(2048.0M)->1076.7M(2048.0M)]
 [Times: user=0.25 sys=0.00, real=0.03 secs] 
2020-09-29T12:35:13.360+0200: 140.717: [GC concurrent-root-region-scan-start]
2020-09-29T12:35:13.360+0200: 140.717: [GC concurrent-root-region-scan-end, 0.0001486 secs]
2020-09-29T12:35:13.360+0200: 140.717: [GC concurrent-mark-start]
2020-09-29T12:35:13.363+0200: 140.721: [GC concurrent-mark-end, 0.0036371 secs]
2020-09-29T12:35:13.364+0200: 140.721: [GC remark 2020-09-29T12:35:13.364+0200: 140.721: [Finalize Marking, 0.0002787 secs] 2020-09-29T12:35:13.364+0200: 140.721: [GC ref-proc, 0.0003691 secs] 2020-09-29T12:35:13.364+0200: 140.722: [Unloading, 0.0015435 secs], 0.0040275 secs]
 [Times: user=0.00 sys=0.00, real=0.00 secs] 
2020-09-29T12:35:13.368+0200: 140.726: [GC cleanup 1086M->19M(2048M), 0.0014700 secs]
 [Times: user=0.00 sys=0.00, real=0.00 secs] 
2020-09-29T12:35:13.370+0200: 140.727: [GC concurrent-cleanup-start]
2020-09-29T12:35:13.371+0200: 140.729: [GC concurrent-cleanup-end, 0.0014942 secs]
2020-09-29T12:35:13.549+0200: 140.907: [GC pause (G1 Evacuation Pause) (young), 0.1738472 secs]
   [Parallel Time: 172.2 ms, GC Workers: 8]
      [GC Worker Start (ms): Min: 140907.0, Avg: 140907.1, Max: 140907.2, Diff: 0.2]
      [Ext Root Scanning (ms): Min: 0.0, Avg: 0.1, Max: 0.2, Diff: 0.2, Sum: 0.4]
      [Update RS (ms): Min: 10.9, Avg: 11.0, Max: 11.3, Diff: 0.4, Sum: 88.2]
         [Processed Buffers: Min: 13, Avg: 13.3, Max: 14, Diff: 1, Sum: 106]
      [Scan RS (ms): Min: 19.3, Avg: 19.8, Max: 21.0, Diff: 1.7, Sum: 158.6]
      [Code Root Scanning (ms): Min: 0.0, Avg: 0.0, Max: 0.0, Diff: 0.0, Sum: 0.0]
      [Object Copy (ms): Min: 139.8, Avg: 141.0, Max: 141.2, Diff: 1.4, Sum: 1127.7]
      [Termination (ms): Min: 0.0, Avg: 0.1, Max: 0.1, Diff: 0.1, Sum: 0.7]
         [Termination Attempts: Min: 1, Avg: 633.4, Max: 850, Diff: 849, Sum: 5067]
      [GC Worker Other (ms): Min: 0.0, Avg: 0.1, Max: 0.1, Diff: 0.1, Sum: 0.4]
      [GC Worker Total (ms): Min: 171.9, Avg: 172.0, Max: 172.1, Diff: 0.2, Sum: 1376.1]
      [GC Worker End (ms): Min: 141079.1, Avg: 141079.2, Max: 141079.2, Diff: 0.1]
   [Code Root Fixup: 0.0 ms]
   [Code Root Purge: 0.0 ms]
   [Clear CT: 0.7 ms]
   [Other: 0.9 ms]
      [Choose CSet: 0.0 ms]
      [Ref Proc: 0.2 ms]
      [Ref Enq: 0.0 ms]
      [Redirty Cards: 0.2 ms]
      [Humongous Register: 0.0 ms]
      [Humongous Reclaim: 0.0 ms]
      [Free CSet: 0.2 ms]
   [Eden: 343.0M(343.0M)->0.0B(289.0M) Survivors: 2048.0K->44.0M Heap: 410.2M(2048.0M)->410.2M(2048.0M)]
 [Times: user=1.25 sys=0.00, real=0.17 secs] 
2020-09-29T12:35:13.896+0200: 141.254: [GC pause (G1 Evacuation Pause) (young), 0.1512426 secs]
   [Parallel Time: 150.0 ms, GC Workers: 8]
      [GC Worker Start (ms): Min: 141253.9, Avg: 141254.0, Max: 141254.1, Diff: 0.2]
      [Ext Root Scanning (ms): Min: 0.0, Avg: 0.1, Max: 0.2, Diff: 0.2, Sum: 0.5]
      [Update RS (ms): Min: 13.9, Avg: 14.0, Max: 14.2, Diff: 0.3, Sum: 112.1]
         [Processed Buffers: Min: 17, Avg: 18.1, Max: 19, Diff: 2, Sum: 145]
      [Scan RS (ms): Min: 14.6, Avg: 14.8, Max: 14.9, Diff: 0.3, Sum: 118.1]
      [Code Root Scanning (ms): Min: 0.0, Avg: 0.0, Max: 0.0, Diff: 0.0, Sum: 0.0]
      [Object Copy (ms): Min: 120.9, Avg: 120.9, Max: 120.9, Diff: 0.1, Sum: 967.1]
      [Termination (ms): Min: 0.0, Avg: 0.0, Max: 0.0, Diff: 0.0, Sum: 0.2]
         [Termination Attempts: Min: 1, Avg: 135.8, Max: 169, Diff: 168, Sum: 1086]
      [GC Worker Other (ms): Min: 0.0, Avg: 0.0, Max: 0.1, Diff: 0.1, Sum: 0.3]
      [GC Worker Total (ms): Min: 149.7, Avg: 149.8, Max: 149.9, Diff: 0.2, Sum: 1198.3]
      [GC Worker End (ms): Min: 141403.8, Avg: 141403.8, Max: 141403.8, Diff: 0.1]
   [Code Root Fixup: 0.0 ms]
   [Code Root Purge: 0.0 ms]
   [Clear CT: 0.2 ms]
   [Other: 1.0 ms]
      [Choose CSet: 0.0 ms]
      [Ref Proc: 0.2 ms]
      [Ref Enq: 0.0 ms]
      [Redirty Cards: 0.4 ms]
      [Humongous Register: 0.0 ms]
      [Humongous Reclaim: 0.0 ms]
      [Free CSet: 0.2 ms]
   [Eden: 289.0M(289.0M)->0.0B(292.0M) Survivors: 44.0M->42.0M Heap: 748.8M(2048.0M)->750.8M(2048.0M)]
 [Times: user=1.13 sys=0.00, real=0.15 secs] 
2020-09-29T12:35:14.202+0200: 141.559: [GC pause (G1 Evacuation Pause) (young), 0.1585552 secs]
   [Parallel Time: 157.2 ms, GC Workers: 8]
      [GC Worker Start (ms): Min: 141559.3, Avg: 141559.4, Max: 141559.5, Diff: 0.2]
      [Ext Root Scanning (ms): Min: 0.0, Avg: 0.1, Max: 0.2, Diff: 0.2, Sum: 0.5]
      [Update RS (ms): Min: 12.2, Avg: 12.5, Max: 12.8, Diff: 0.6, Sum: 100.1]
         [Processed Buffers: Min: 15, Avg: 15.4, Max: 17, Diff: 2, Sum: 123]
      [Scan RS (ms): Min: 15.3, Avg: 15.6, Max: 16.0, Diff: 0.8, Sum: 124.7]
      [Code Root Scanning (ms): Min: 0.0, Avg: 0.0, Max: 0.0, Diff: 0.0, Sum: 0.0]
      [Object Copy (ms): Min: 128.5, Avg: 128.6, Max: 128.6, Diff: 0.1, Sum: 1028.5]
      [Termination (ms): Min: 0.0, Avg: 0.2, Max: 0.3, Diff: 0.3, Sum: 1.6]
         [Termination Attempts: Min: 1, Avg: 1381.5, Max: 1708, Diff: 1707, Sum: 11052]
      [GC Worker Other (ms): Min: 0.0, Avg: 0.0, Max: 0.1, Diff: 0.1, Sum: 0.3]
      [GC Worker Total (ms): Min: 156.9, Avg: 157.0, Max: 157.1, Diff: 0.1, Sum: 1255.8]
      [GC Worker End (ms): Min: 141716.4, Avg: 141716.4, Max: 141716.4, Diff: 0.1]
   [Code Root Fixup: 0.0 ms]
   [Code Root Purge: 0.0 ms]
   [Clear CT: 0.2 ms]
   [Other: 1.2 ms]
      [Choose CSet: 0.0 ms]
      [Ref Proc: 0.2 ms]
      [Ref Enq: 0.0 ms]
      [Redirty Cards: 0.3 ms]
      [Humongous Register: 0.1 ms]
      [Humongous Reclaim: 0.0 ms]
      [Free CSet: 0.5 ms]
   [Eden: 292.0M(292.0M)->0.0B(299.0M) Survivors: 42.0M->42.0M Heap: 1090.5M(2048.0M)->1092.5M(2048.0M)]
 [Times: user=1.23 sys=0.00, real=0.17 secs] 
2020-09-29T12:35:14.370+0200: 141.727: [GC pause (G1 Humongous Allocation) (young) (initial-mark), 0.0620459 secs]
   [Parallel Time: 61.2 ms, GC Workers: 8]
      [GC Worker Start (ms): Min: 141727.5, Avg: 141727.5, Max: 141727.6, Diff: 0.2]
      [Ext Root Scanning (ms): Min: 0.0, Avg: 0.1, Max: 0.2, Diff: 0.2, Sum: 1.2]
      [Update RS (ms): Min: 42.4, Avg: 42.6, Max: 43.0, Diff: 0.5, Sum: 340.9]
         [Processed Buffers: Min: 53, Avg: 54.6, Max: 56, Diff: 3, Sum: 437]
      [Scan RS (ms): Min: 0.0, Avg: 0.1, Max: 0.2, Diff: 0.2, Sum: 0.8]
      [Code Root Scanning (ms): Min: 0.0, Avg: 0.0, Max: 0.0, Diff: 0.0, Sum: 0.0]
      [Object Copy (ms): Min: 17.8, Avg: 18.0, Max: 18.2, Diff: 0.4, Sum: 144.4]
      [Termination (ms): Min: 0.0, Avg: 0.0, Max: 0.0, Diff: 0.0, Sum: 0.0]
         [Termination Attempts: Min: 1, Avg: 29.6, Max: 38, Diff: 37, Sum: 237]
      [GC Worker Other (ms): Min: 0.0, Avg: 0.0, Max: 0.1, Diff: 0.1, Sum: 0.2]
      [GC Worker Total (ms): Min: 60.8, Avg: 60.9, Max: 61.0, Diff: 0.2, Sum: 487.5]
      [GC Worker End (ms): Min: 141788.4, Avg: 141788.5, Max: 141788.5, Diff: 0.1]
   [Code Root Fixup: 0.0 ms]
   [Code Root Purge: 0.0 ms]
   [Clear CT: 0.2 ms]
   [Other: 0.7 ms]
      [Choose CSet: 0.0 ms]
      [Ref Proc: 0.2 ms]
      [Ref Enq: 0.0 ms]
      [Redirty Cards: 0.2 ms]
      [Humongous Register: 0.1 ms]
      [Humongous Reclaim: 0.0 ms]
      [Free CSet: 0.1 ms]
   [Eden: 4096.0K(299.0M)->0.0B(326.0M) Survivors: 42.0M->5120.0K Heap: 1096.0M(2048.0M)->1098.5M(2048.0M)]
 [Times: user=0.50 sys=0.00, real=0.06 secs] 
2020-09-29T12:35:14.432+0200: 141.789: [GC concurrent-root-region-scan-start]
2020-09-29T12:35:14.433+0200: 141.790: [GC concurrent-root-region-scan-end, 0.0008431 secs]
2020-09-29T12:35:14.433+0200: 141.790: [GC concurrent-mark-start]
2020-09-29T12:35:14.436+0200: 141.793: [GC concurrent-mark-end, 0.0030033 secs]
2020-09-29T12:35:14.436+0200: 141.794: [GC remark 2020-09-29T12:35:14.436+0200: 141.794: [Finalize Marking, 0.0002147 secs] 2020-09-29T12:35:14.436+0200: 141.794: [GC ref-proc, 0.0003968 secs] 2020-09-29T12:35:14.437+0200: 141.794: [Unloading, 0.0005014 secs], 0.0014549 secs]
 [Times: user=0.00 sys=0.00, real=0.00 secs] 
2020-09-29T12:35:14.438+0200: 141.796: [GC cleanup 1108M->22M(2048M), 0.0015158 secs]
 [Times: user=0.00 sys=0.00, real=0.00 secs] 
2020-09-29T12:35:14.439+0200: 141.797: [GC concurrent-cleanup-start]
2020-09-29T12:35:14.441+0200: 141.799: [GC concurrent-cleanup-end, 0.0017531 secs]
2020-09-29T12:35:14.612+0200: 141.970: [GC pause (G1 Evacuation Pause) (young), 0.1554763 secs]
   [Parallel Time: 154.2 ms, GC Workers: 8]
      [GC Worker Start (ms): Min: 141970.1, Avg: 141970.2, Max: 141970.3, Diff: 0.2]
      [Ext Root Scanning (ms): Min: 0.0, Avg: 0.1, Max: 0.2, Diff: 0.2, Sum: 0.6]
      [Update RS (ms): Min: 14.0, Avg: 14.1, Max: 14.3, Diff: 0.3, Sum: 113.0]
         [Processed Buffers: Min: 15, Avg: 16.3, Max: 17, Diff: 2, Sum: 130]
      [Scan RS (ms): Min: 16.4, Avg: 16.6, Max: 16.7, Diff: 0.4, Sum: 132.9]
      [Code Root Scanning (ms): Min: 0.0, Avg: 0.0, Max: 0.0, Diff: 0.0, Sum: 0.0]
      [Object Copy (ms): Min: 123.0, Avg: 123.0, Max: 123.1, Diff: 0.1, Sum: 984.2]
      [Termination (ms): Min: 0.0, Avg: 0.0, Max: 0.0, Diff: 0.0, Sum: 0.2]
         [Termination Attempts: Min: 1, Avg: 167.5, Max: 249, Diff: 248, Sum: 1340]
      [GC Worker Other (ms): Min: 0.0, Avg: 0.0, Max: 0.1, Diff: 0.1, Sum: 0.4]
      [GC Worker Total (ms): Min: 153.8, Avg: 153.9, Max: 154.0, Diff: 0.2, Sum: 1231.3]
      [GC Worker End (ms): Min: 142124.1, Avg: 142124.1, Max: 142124.2, Diff: 0.1]
   [Code Root Fixup: 0.0 ms]
   [Code Root Purge: 0.0 ms]
   [Clear CT: 0.2 ms]
   [Other: 1.1 ms]
      [Choose CSet: 0.0 ms]
      [Ref Proc: 0.2 ms]
      [Ref Enq: 0.0 ms]
      [Redirty Cards: 0.4 ms]
      [Humongous Register: 0.0 ms]
      [Humongous Reclaim: 0.0 ms]
      [Free CSet: 0.2 ms]
   [Eden: 326.0M(326.0M)->0.0B(302.0M) Survivors: 5120.0K->42.0M Heap: 393.8M(2048.0M)->391.8M(2048.0M)]
 [Times: user=1.22 sys=0.02, real=0.16 secs] 
2020-09-29T12:35:14.942+0200: 142.300: [GC pause (G1 Evacuation Pause) (young), 0.1542580 secs]
   [Parallel Time: 153.2 ms, GC Workers: 8]
      [GC Worker Start (ms): Min: 142300.4, Avg: 142300.5, Max: 142300.6, Diff: 0.2]
      [Ext Root Scanning (ms): Min: 0.0, Avg: 0.1, Max: 0.2, Diff: 0.2, Sum: 0.5]
      [Update RS (ms): Min: 14.9, Avg: 15.0, Max: 15.1, Diff: 0.2, Sum: 120.0]
         [Processed Buffers: Min: 18, Avg: 18.6, Max: 20, Diff: 2, Sum: 149]
      [Scan RS (ms): Min: 14.8, Avg: 15.0, Max: 15.2, Diff: 0.4, Sum: 120.1]
      [Code Root Scanning (ms): Min: 0.0, Avg: 0.0, Max: 0.0, Diff: 0.0, Sum: 0.0]
      [Object Copy (ms): Min: 122.7, Avg: 122.8, Max: 122.9, Diff: 0.2, Sum: 982.3]
      [Termination (ms): Min: 0.0, Avg: 0.0, Max: 0.0, Diff: 0.0, Sum: 0.0]
         [Termination Attempts: Min: 1, Avg: 13.6, Max: 20, Diff: 19, Sum: 109]
      [GC Worker Other (ms): Min: 0.0, Avg: 0.0, Max: 0.1, Diff: 0.1, Sum: 0.3]
      [GC Worker Total (ms): Min: 152.8, Avg: 152.9, Max: 153.0, Diff: 0.2, Sum: 1223.3]
      [GC Worker End (ms): Min: 142453.4, Avg: 142453.4, Max: 142453.4, Diff: 0.1]
   [Code Root Fixup: 0.0 ms]
   [Code Root Purge: 0.0 ms]
   [Clear CT: 0.2 ms]
   [Other: 0.9 ms]
      [Choose CSet: 0.0 ms]
      [Ref Proc: 0.2 ms]
      [Ref Enq: 0.0 ms]
      [Redirty Cards: 0.2 ms]
      [Humongous Register: 0.0 ms]
      [Humongous Reclaim: 0.0 ms]
      [Free CSet: 0.2 ms]
   [Eden: 302.0M(302.0M)->0.0B(311.0M) Survivors: 42.0M->43.0M Heap: 743.4M(2048.0M)->745.4M(2048.0M)]
 [Times: user=1.09 sys=0.03, real=0.15 secs] 
2020-09-29T12:35:15.263+0200: 142.621: [GC pause (G1 Evacuation Pause) (young), 0.1675341 secs]
   [Parallel Time: 166.1 ms, GC Workers: 8]
      [GC Worker Start (ms): Min: 142621.0, Avg: 142621.1, Max: 142621.2, Diff: 0.2]
      [Ext Root Scanning (ms): Min: 0.0, Avg: 0.1, Max: 0.2, Diff: 0.2, Sum: 0.4]
      [Update RS (ms): Min: 19.5, Avg: 19.7, Max: 20.0, Diff: 0.5, Sum: 157.3]
         [Processed Buffers: Min: 18, Avg: 22.6, Max: 26, Diff: 8, Sum: 181]
      [Scan RS (ms): Min: 15.9, Avg: 16.2, Max: 16.4, Diff: 0.6, Sum: 129.9]
      [Code Root Scanning (ms): Min: 0.0, Avg: 0.0, Max: 0.0, Diff: 0.0, Sum: 0.0]
      [Object Copy (ms): Min: 129.8, Avg: 129.9, Max: 129.9, Diff: 0.1, Sum: 1039.1]
      [Termination (ms): Min: 0.0, Avg: 0.0, Max: 0.0, Diff: 0.0, Sum: 0.3]
         [Termination Attempts: Min: 1, Avg: 243.3, Max: 313, Diff: 312, Sum: 1946]
      [GC Worker Other (ms): Min: 0.0, Avg: 0.0, Max: 0.1, Diff: 0.0, Sum: 0.2]
      [GC Worker Total (ms): Min: 165.8, Avg: 165.9, Max: 166.1, Diff: 0.2, Sum: 1327.4]
      [GC Worker End (ms): Min: 142787.0, Avg: 142787.0, Max: 142787.1, Diff: 0.0]
   [Code Root Fixup: 0.0 ms]
   [Code Root Purge: 0.0 ms]
   [Clear CT: 0.2 ms]
   [Other: 1.2 ms]
      [Choose CSet: 0.0 ms]
      [Ref Proc: 0.1 ms]
      [Ref Enq: 0.0 ms]
      [Redirty Cards: 0.5 ms]
      [Humongous Register: 0.1 ms]
      [Humongous Reclaim: 0.0 ms]
      [Free CSet: 0.3 ms]
   [Eden: 311.0M(311.0M)->0.0B(311.0M) Survivors: 43.0M->45.0M Heap: 1109.8M(2048.0M)->1111.3M(2048.0M)]
 [Times: user=1.38 sys=0.00, real=0.17 secs] 
2020-09-29T12:35:15.450+0200: 142.808: [GC pause (G1 Humongous Allocation) (young) (initial-mark), 0.0513215 secs]
   [Parallel Time: 50.6 ms, GC Workers: 8]
      [GC Worker Start (ms): Min: 142808.0, Avg: 142808.2, Max: 142808.4, Diff: 0.4]
      [Ext Root Scanning (ms): Min: 0.0, Avg: 0.2, Max: 0.4, Diff: 0.4, Sum: 1.8]
      [Update RS (ms): Min: 25.1, Avg: 25.4, Max: 25.7, Diff: 0.6, Sum: 203.3]
         [Processed Buffers: Min: 31, Avg: 32.0, Max: 34, Diff: 3, Sum: 256]
      [Scan RS (ms): Min: 2.4, Avg: 2.8, Max: 2.9, Diff: 0.5, Sum: 22.1]
      [Code Root Scanning (ms): Min: 0.0, Avg: 0.0, Max: 0.0, Diff: 0.0, Sum: 0.0]
      [Object Copy (ms): Min: 21.8, Avg: 21.9, Max: 21.9, Diff: 0.1, Sum: 175.0]
      [Termination (ms): Min: 0.0, Avg: 0.0, Max: 0.0, Diff: 0.0, Sum: 0.0]
         [Termination Attempts: Min: 1, Avg: 15.4, Max: 22, Diff: 21, Sum: 123]
      [GC Worker Other (ms): Min: 0.0, Avg: 0.0, Max: 0.0, Diff: 0.0, Sum: 0.1]
      [GC Worker Total (ms): Min: 50.1, Avg: 50.3, Max: 50.5, Diff: 0.4, Sum: 402.4]
      [GC Worker End (ms): Min: 142858.5, Avg: 142858.5, Max: 142858.5, Diff: 0.0]
   [Code Root Fixup: 0.0 ms]
   [Code Root Purge: 0.0 ms]
   [Clear CT: 0.2 ms]
   [Other: 0.6 ms]
      [Choose CSet: 0.0 ms]
      [Ref Proc: 0.2 ms]
      [Ref Enq: 0.0 ms]
      [Redirty Cards: 0.1 ms]
      [Humongous Register: 0.0 ms]
      [Humongous Reclaim: 0.0 ms]
      [Free CSet: 0.1 ms]
   [Eden: 11.0M(311.0M)->0.0B(354.0M) Survivors: 45.0M->13.0M Heap: 1122.3M(2048.0M)->1126.8M(2048.0M)]
 [Times: user=0.38 sys=0.00, real=0.05 secs] 
2020-09-29T12:35:15.501+0200: 142.859: [GC concurrent-root-region-scan-start]
2020-09-29T12:35:15.504+0200: 142.862: [GC concurrent-root-region-scan-end, 0.0028821 secs]
2020-09-29T12:35:15.504+0200: 142.862: [GC concurrent-mark-start]
2020-09-29T12:35:15.508+0200: 142.866: [GC concurrent-mark-end, 0.0036921 secs]
2020-09-29T12:35:15.508+0200: 142.866: [GC remark 2020-09-29T12:35:15.508+0200: 142.866: [Finalize Marking, 0.0002413 secs] 2020-09-29T12:35:15.509+0200: 142.866: [GC ref-proc, 0.0002911 secs] 2020-09-29T12:35:15.509+0200: 142.867: [Unloading, 0.0005800 secs], 0.0015820 secs]
 [Times: user=0.00 sys=0.00, real=0.00 secs] 
2020-09-29T12:35:15.510+0200: 142.868: [GC cleanup 1143M->37M(2048M), 0.0014722 secs]
 [Times: user=0.00 sys=0.00, real=0.00 secs] 
2020-09-29T12:35:15.512+0200: 142.870: [GC concurrent-cleanup-start]
2020-09-29T12:35:15.514+0200: 142.872: [GC concurrent-cleanup-end, 0.0021383 secs]
2020-09-29T12:35:15.688+0200: 143.046: [GC pause (G1 Evacuation Pause) (young), 0.1708547 secs]
   [Parallel Time: 167.3 ms, GC Workers: 8]
      [GC Worker Start (ms): Min: 143046.1, Avg: 143046.2, Max: 143046.3, Diff: 0.2]
      [Ext Root Scanning (ms): Min: 0.0, Avg: 0.1, Max: 0.2, Diff: 0.2, Sum: 0.5]
      [Update RS (ms): Min: 17.1, Avg: 17.4, Max: 18.0, Diff: 0.9, Sum: 138.9]
         [Processed Buffers: Min: 19, Avg: 19.5, Max: 20, Diff: 1, Sum: 156]
      [Scan RS (ms): Min: 16.2, Avg: 16.8, Max: 17.1, Diff: 1.0, Sum: 134.6]
      [Code Root Scanning (ms): Min: 0.0, Avg: 0.0, Max: 0.0, Diff: 0.0, Sum: 0.0]
      [Object Copy (ms): Min: 132.6, Avg: 132.7, Max: 132.8, Diff: 0.2, Sum: 1061.6]
      [Termination (ms): Min: 0.0, Avg: 0.0, Max: 0.0, Diff: 0.0, Sum: 0.0]
         [Termination Attempts: Min: 1, Avg: 33.4, Max: 46, Diff: 45, Sum: 267]
      [GC Worker Other (ms): Min: 0.0, Avg: 0.0, Max: 0.1, Diff: 0.1, Sum: 0.3]
      [GC Worker Total (ms): Min: 166.9, Avg: 167.0, Max: 167.1, Diff: 0.2, Sum: 1336.1]
      [GC Worker End (ms): Min: 143213.2, Avg: 143213.2, Max: 143213.3, Diff: 0.1]
   [Code Root Fixup: 0.0 ms]
   [Code Root Purge: 0.0 ms]
   [Clear CT: 0.4 ms]
   [Other: 3.1 ms]
      [Choose CSet: 0.0 ms]
      [Ref Proc: 0.2 ms]
      [Ref Enq: 0.0 ms]
      [Redirty Cards: 2.3 ms]
      [Humongous Register: 0.0 ms]
      [Humongous Reclaim: 0.0 ms]
      [Free CSet: 0.3 ms]
   [Eden: 354.0M(354.0M)->0.0B(331.0M) Survivors: 13.0M->46.0M Heap: 434.1M(2048.0M)->422.6M(2048.0M)]
 [Times: user=1.33 sys=0.03, real=0.18 secs] 
2020-09-29T12:35:16.046+0200: 143.403: [GC pause (G1 Evacuation Pause) (young), 0.1768685 secs]
   [Parallel Time: 175.9 ms, GC Workers: 8]
      [GC Worker Start (ms): Min: 143403.4, Avg: 143403.5, Max: 143403.6, Diff: 0.2]
      [Ext Root Scanning (ms): Min: 0.0, Avg: 0.1, Max: 0.1, Diff: 0.1, Sum: 0.4]
      [Update RS (ms): Min: 17.8, Avg: 18.0, Max: 18.4, Diff: 0.5, Sum: 143.9]
         [Processed Buffers: Min: 18, Avg: 19.9, Max: 21, Diff: 3, Sum: 159]
      [Scan RS (ms): Min: 18.6, Avg: 19.0, Max: 19.2, Diff: 0.6, Sum: 152.1]
      [Code Root Scanning (ms): Min: 0.0, Avg: 0.0, Max: 0.0, Diff: 0.0, Sum: 0.0]
      [Object Copy (ms): Min: 138.4, Avg: 138.5, Max: 138.6, Diff: 0.2, Sum: 1108.3]
      [Termination (ms): Min: 0.0, Avg: 0.0, Max: 0.0, Diff: 0.0, Sum: 0.3]
         [Termination Attempts: Min: 1, Avg: 235.5, Max: 302, Diff: 301, Sum: 1884]
      [GC Worker Other (ms): Min: 0.0, Avg: 0.0, Max: 0.1, Diff: 0.1, Sum: 0.4]
      [GC Worker Total (ms): Min: 175.6, Avg: 175.7, Max: 175.8, Diff: 0.2, Sum: 1405.5]
      [GC Worker End (ms): Min: 143579.2, Avg: 143579.2, Max: 143579.2, Diff: 0.1]
   [Code Root Fixup: 0.0 ms]
   [Code Root Purge: 0.0 ms]
   [Clear CT: 0.2 ms]
   [Other: 0.8 ms]
      [Choose CSet: 0.0 ms]
      [Ref Proc: 0.1 ms]
      [Ref Enq: 0.0 ms]
      [Redirty Cards: 0.2 ms]
      [Humongous Register: 0.0 ms]
      [Humongous Reclaim: 0.0 ms]
      [Free CSet: 0.3 ms]
   [Eden: 331.0M(331.0M)->0.0B(322.0M) Survivors: 46.0M->48.0M Heap: 808.9M(2048.0M)->810.9M(2048.0M)]
 [Times: user=1.33 sys=0.03, real=0.18 secs] 
2020-09-29T12:35:16.404+0200: 143.762: [GC pause (G1 Evacuation Pause) (young), 0.1772096 secs]
   [Parallel Time: 176.0 ms, GC Workers: 8]
      [GC Worker Start (ms): Min: 143761.7, Avg: 143761.8, Max: 143761.9, Diff: 0.2]
      [Ext Root Scanning (ms): Min: 0.0, Avg: 0.1, Max: 0.2, Diff: 0.2, Sum: 0.5]
      [Update RS (ms): Min: 19.9, Avg: 20.3, Max: 20.6, Diff: 0.7, Sum: 162.6]
         [Processed Buffers: Min: 22, Avg: 22.0, Max: 22, Diff: 0, Sum: 176]
      [Scan RS (ms): Min: 17.6, Avg: 18.0, Max: 18.4, Diff: 0.8, Sum: 143.7]
      [Code Root Scanning (ms): Min: 0.0, Avg: 0.0, Max: 0.0, Diff: 0.0, Sum: 0.0]
      [Object Copy (ms): Min: 137.2, Avg: 137.3, Max: 137.4, Diff: 0.2, Sum: 1098.3]
      [Termination (ms): Min: 0.0, Avg: 0.0, Max: 0.0, Diff: 0.0, Sum: 0.1]
         [Termination Attempts: Min: 1, Avg: 41.8, Max: 61, Diff: 60, Sum: 334]
      [GC Worker Other (ms): Min: 0.0, Avg: 0.0, Max: 0.1, Diff: 0.1, Sum: 0.4]
      [GC Worker Total (ms): Min: 175.6, Avg: 175.7, Max: 175.8, Diff: 0.2, Sum: 1405.6]
      [GC Worker End (ms): Min: 143937.5, Avg: 143937.5, Max: 143937.6, Diff: 0.1]
   [Code Root Fixup: 0.0 ms]
   [Code Root Purge: 0.0 ms]
   [Clear CT: 0.2 ms]
   [Other: 1.0 ms]
      [Choose CSet: 0.0 ms]
      [Ref Proc: 0.2 ms]
      [Ref Enq: 0.0 ms]
      [Redirty Cards: 0.3 ms]
      [Humongous Register: 0.1 ms]
      [Humongous Reclaim: 0.0 ms]
      [Free CSet: 0.3 ms]
   [Eden: 322.0M(322.0M)->0.0B(319.0M) Survivors: 48.0M->47.0M Heap: 1186.3M(2048.0M)->1187.8M(2048.0M)]
 [Times: user=1.36 sys=0.01, real=0.18 secs] 
2020-09-29T12:35:16.593+0200: 143.950: [GC pause (G1 Humongous Allocation) (young) (initial-mark), 0.0561589 secs]
   [Parallel Time: 55.2 ms, GC Workers: 8]
      [GC Worker Start (ms): Min: 143950.3, Avg: 143950.3, Max: 143950.4, Diff: 0.1]
      [Ext Root Scanning (ms): Min: 0.0, Avg: 0.1, Max: 0.1, Diff: 0.1, Sum: 0.7]
      [Update RS (ms): Min: 33.6, Avg: 33.9, Max: 34.1, Diff: 0.5, Sum: 271.0]
         [Processed Buffers: Min: 40, Avg: 42.1, Max: 43, Diff: 3, Sum: 337]
      [Scan RS (ms): Min: 2.5, Avg: 2.7, Max: 3.0, Diff: 0.5, Sum: 21.8]
      [Code Root Scanning (ms): Min: 0.0, Avg: 0.0, Max: 0.0, Diff: 0.0, Sum: 0.0]
      [Object Copy (ms): Min: 18.3, Avg: 18.3, Max: 18.3, Diff: 0.0, Sum: 146.3]
      [Termination (ms): Min: 0.0, Avg: 0.0, Max: 0.0, Diff: 0.0, Sum: 0.2]
         [Termination Attempts: Min: 1, Avg: 140.5, Max: 205, Diff: 204, Sum: 1124]
      [GC Worker Other (ms): Min: 0.0, Avg: 0.0, Max: 0.0, Diff: 0.0, Sum: 0.1]
      [GC Worker Total (ms): Min: 54.9, Avg: 55.0, Max: 55.1, Diff: 0.1, Sum: 440.1]
      [GC Worker End (ms): Min: 144005.3, Avg: 144005.3, Max: 144005.3, Diff: 0.0]
   [Code Root Fixup: 0.0 ms]
   [Code Root Purge: 0.0 ms]
   [Clear CT: 0.2 ms]
   [Other: 0.8 ms]
      [Choose CSet: 0.0 ms]
      [Ref Proc: 0.2 ms]
      [Ref Enq: 0.0 ms]
      [Redirty Cards: 0.2 ms]
      [Humongous Register: 0.1 ms]
      [Humongous Reclaim: 0.0 ms]
      [Free CSet: 0.1 ms]
   [Eden: 1024.0K(319.0M)->0.0B(336.0M) Survivors: 47.0M->3072.0K Heap: 1188.3M(2048.0M)->1191.8M(2048.0M)]
 [Times: user=0.50 sys=0.00, real=0.06 secs] 
2020-09-29T12:35:16.649+0200: 144.006: [GC concurrent-root-region-scan-start]
2020-09-29T12:35:16.649+0200: 144.007: [GC concurrent-root-region-scan-end, 0.0001466 secs]
2020-09-29T12:35:16.649+0200: 144.007: [GC concurrent-mark-start]
2020-09-29T12:35:16.653+0200: 144.010: [GC concurrent-mark-end, 0.0035266 secs]
2020-09-29T12:35:16.653+0200: 144.010: [GC remark 2020-09-29T12:35:16.653+0200: 144.010: [Finalize Marking, 0.0001859 secs] 2020-09-29T12:35:16.653+0200: 144.011: [GC ref-proc, 0.0003083 secs] 2020-09-29T12:35:16.654+0200: 144.011: [Unloading, 0.0004582 secs], 0.0013611 secs]
 [Times: user=0.00 sys=0.00, real=0.00 secs] 
2020-09-29T12:35:16.655+0200: 144.012: [GC cleanup 1200M->19M(2048M), 0.0015128 secs]
 [Times: user=0.00 sys=0.00, real=0.00 secs] 
2020-09-29T12:35:16.656+0200: 144.014: [GC concurrent-cleanup-start]
2020-09-29T12:35:16.659+0200: 144.016: [GC concurrent-cleanup-end, 0.0026007 secs]
2020-09-29T12:35:16.827+0200: 144.184: [GC pause (G1 Evacuation Pause) (young), 0.1634633 secs]
   [Parallel Time: 162.6 ms, GC Workers: 8]
      [GC Worker Start (ms): Min: 144184.0, Avg: 144184.1, Max: 144184.2, Diff: 0.2]
      [Ext Root Scanning (ms): Min: 0.0, Avg: 0.1, Max: 0.2, Diff: 0.2, Sum: 0.5]
      [Update RS (ms): Min: 19.5, Avg: 19.8, Max: 20.2, Diff: 0.7, Sum: 158.2]
         [Processed Buffers: Min: 20, Avg: 21.3, Max: 23, Diff: 3, Sum: 170]
      [Scan RS (ms): Min: 15.5, Avg: 15.9, Max: 16.2, Diff: 0.8, Sum: 127.4]
      [Code Root Scanning (ms): Min: 0.0, Avg: 0.0, Max: 0.0, Diff: 0.0, Sum: 0.0]
      [Object Copy (ms): Min: 126.4, Avg: 126.5, Max: 126.5, Diff: 0.1, Sum: 1011.9]
      [Termination (ms): Min: 0.0, Avg: 0.0, Max: 0.0, Diff: 0.0, Sum: 0.2]
         [Termination Attempts: Min: 1, Avg: 154.9, Max: 199, Diff: 198, Sum: 1239]
      [GC Worker Other (ms): Min: 0.0, Avg: 0.0, Max: 0.1, Diff: 0.0, Sum: 0.2]
      [GC Worker Total (ms): Min: 162.2, Avg: 162.3, Max: 162.5, Diff: 0.2, Sum: 1298.5]
      [GC Worker End (ms): Min: 144346.4, Avg: 144346.5, Max: 144346.5, Diff: 0.0]
   [Code Root Fixup: 0.0 ms]
   [Code Root Purge: 0.0 ms]
   [Clear CT: 0.2 ms]
   [Other: 0.7 ms]
      [Choose CSet: 0.0 ms]
      [Ref Proc: 0.1 ms]
      [Ref Enq: 0.0 ms]
      [Redirty Cards: 0.1 ms]
      [Humongous Register: 0.0 ms]
      [Humongous Reclaim: 0.0 ms]
      [Free CSet: 0.2 ms]
   [Eden: 336.0M(336.0M)->0.0B(347.0M) Survivors: 3072.0K->43.0M Heap: 403.7M(2048.0M)->403.2M(2048.0M)]
 [Times: user=1.38 sys=0.00, real=0.16 secs] 
2020-09-29T12:35:17.189+0200: 144.546: [GC pause (G1 Evacuation Pause) (young), 0.1946995 secs]
   [Parallel Time: 193.4 ms, GC Workers: 8]
      [GC Worker Start (ms): Min: 144546.2, Avg: 144546.3, Max: 144546.4, Diff: 0.2]
      [Ext Root Scanning (ms): Min: 0.0, Avg: 0.1, Max: 0.2, Diff: 0.2, Sum: 0.5]
      [Update RS (ms): Min: 16.4, Avg: 16.6, Max: 16.7, Diff: 0.3, Sum: 132.9]
         [Processed Buffers: Min: 19, Avg: 19.6, Max: 22, Diff: 3, Sum: 157]
      [Scan RS (ms): Min: 21.3, Avg: 21.5, Max: 22.4, Diff: 1.1, Sum: 172.2]
      [Code Root Scanning (ms): Min: 0.0, Avg: 0.0, Max: 0.0, Diff: 0.0, Sum: 0.0]
      [Object Copy (ms): Min: 154.2, Avg: 154.9, Max: 155.0, Diff: 0.8, Sum: 1239.0]
      [Termination (ms): Min: 0.0, Avg: 0.0, Max: 0.1, Diff: 0.1, Sum: 0.4]
         [Termination Attempts: Min: 1, Avg: 335.4, Max: 450, Diff: 449, Sum: 2683]
      [GC Worker Other (ms): Min: 0.0, Avg: 0.1, Max: 0.1, Diff: 0.1, Sum: 0.5]
      [GC Worker Total (ms): Min: 193.1, Avg: 193.2, Max: 193.3, Diff: 0.2, Sum: 1545.4]
      [GC Worker End (ms): Min: 144739.5, Avg: 144739.5, Max: 144739.6, Diff: 0.1]
   [Code Root Fixup: 0.0 ms]
   [Code Root Purge: 0.0 ms]
   [Clear CT: 0.2 ms]
   [Other: 1.0 ms]
      [Choose CSet: 0.0 ms]
      [Ref Proc: 0.2 ms]
      [Ref Enq: 0.0 ms]
      [Redirty Cards: 0.2 ms]
      [Humongous Register: 0.0 ms]
      [Humongous Reclaim: 0.0 ms]
      [Free CSet: 0.3 ms]
   [Eden: 347.0M(347.0M)->0.0B(310.0M) Survivors: 43.0M->49.0M Heap: 807.4M(2048.0M)->809.9M(2048.0M)]
 [Times: user=1.53 sys=0.06, real=0.19 secs] 
2020-09-29T12:35:17.560+0200: 144.918: [GC pause (G1 Evacuation Pause) (young), 0.1879536 secs]
   [Parallel Time: 186.8 ms, GC Workers: 8]
      [GC Worker Start (ms): Min: 144917.9, Avg: 144918.1, Max: 144918.1, Diff: 0.2]
      [Ext Root Scanning (ms): Min: 0.0, Avg: 0.1, Max: 0.2, Diff: 0.2, Sum: 0.5]
      [Update RS (ms): Min: 17.1, Avg: 18.3, Max: 24.6, Diff: 7.5, Sum: 146.2]
         [Processed Buffers: Min: 0, Avg: 18.6, Max: 23, Diff: 23, Sum: 149]
      [Scan RS (ms): Min: 9.5, Avg: 15.9, Max: 17.2, Diff: 7.6, Sum: 126.8]
      [Code Root Scanning (ms): Min: 0.0, Avg: 0.0, Max: 0.0, Diff: 0.0, Sum: 0.0]
      [Object Copy (ms): Min: 152.1, Avg: 152.2, Max: 152.4, Diff: 0.3, Sum: 1217.7]
      [Termination (ms): Min: 0.0, Avg: 0.1, Max: 0.2, Diff: 0.2, Sum: 0.9]
         [Termination Attempts: Min: 1, Avg: 843.4, Max: 1099, Diff: 1098, Sum: 6747]
      [GC Worker Other (ms): Min: 0.0, Avg: 0.0, Max: 0.1, Diff: 0.0, Sum: 0.3]
      [GC Worker Total (ms): Min: 186.5, Avg: 186.6, Max: 186.7, Diff: 0.2, Sum: 1492.5]
      [GC Worker End (ms): Min: 145104.6, Avg: 145104.6, Max: 145104.6, Diff: 0.0]
   [Code Root Fixup: 0.0 ms]
   [Code Root Purge: 0.0 ms]
   [Clear CT: 0.2 ms]
   [Other: 1.0 ms]
      [Choose CSet: 0.0 ms]
      [Ref Proc: 0.2 ms]
      [Ref Enq: 0.0 ms]
      [Redirty Cards: 0.2 ms]
      [Humongous Register: 0.1 ms]
      [Humongous Reclaim: 0.0 ms]
      [Free CSet: 0.3 ms]
   [Eden: 310.0M(310.0M)->0.0B(300.0M) Survivors: 49.0M->45.0M Heap: 1171.4M(2048.0M)->1173.9M(2048.0M)]
 [Times: user=1.45 sys=0.00, real=0.19 secs] 
2020-09-29T12:35:17.759+0200: 145.117: [GC pause (G1 Humongous Allocation) (young) (initial-mark), 0.0606537 secs]
   [Parallel Time: 59.7 ms, GC Workers: 8]
      [GC Worker Start (ms): Min: 145117.2, Avg: 145117.3, Max: 145117.3, Diff: 0.1]
      [Ext Root Scanning (ms): Min: 0.1, Avg: 0.1, Max: 0.1, Diff: 0.1, Sum: 0.7]
      [Update RS (ms): Min: 37.8, Avg: 38.0, Max: 38.3, Diff: 0.5, Sum: 303.9]
         [Processed Buffers: Min: 42, Avg: 43.5, Max: 45, Diff: 3, Sum: 348]
      [Scan RS (ms): Min: 2.5, Avg: 2.7, Max: 2.9, Diff: 0.4, Sum: 21.6]
      [Code Root Scanning (ms): Min: 0.0, Avg: 0.0, Max: 0.0, Diff: 0.0, Sum: 0.0]
      [Object Copy (ms): Min: 18.7, Avg: 18.7, Max: 18.8, Diff: 0.1, Sum: 149.9]
      [Termination (ms): Min: 0.0, Avg: 0.0, Max: 0.0, Diff: 0.0, Sum: 0.1]
         [Termination Attempts: Min: 1, Avg: 55.9, Max: 76, Diff: 75, Sum: 447]
      [GC Worker Other (ms): Min: 0.0, Avg: 0.0, Max: 0.0, Diff: 0.0, Sum: 0.1]
      [GC Worker Total (ms): Min: 59.5, Avg: 59.6, Max: 59.6, Diff: 0.1, Sum: 476.4]
      [GC Worker End (ms): Min: 145176.8, Avg: 145176.8, Max: 145176.9, Diff: 0.0]
   [Code Root Fixup: 0.0 ms]
   [Code Root Purge: 0.0 ms]
   [Clear CT: 0.3 ms]
   [Other: 0.7 ms]
      [Choose CSet: 0.0 ms]
      [Ref Proc: 0.2 ms]
      [Ref Enq: 0.0 ms]
      [Redirty Cards: 0.2 ms]
      [Humongous Register: 0.1 ms]
      [Humongous Reclaim: 0.0 ms]
      [Free CSet: 0.1 ms]
   [Eden: 3072.0K(300.0M)->0.0B(327.0M) Survivors: 45.0M->5120.0K Heap: 1176.9M(2048.0M)->1180.9M(2048.0M)]
 [Times: user=0.50 sys=0.00, real=0.06 secs] 
2020-09-29T12:35:17.820+0200: 145.178: [GC concurrent-root-region-scan-start]
2020-09-29T12:35:17.821+0200: 145.179: [GC concurrent-root-region-scan-end, 0.0010060 secs]
2020-09-29T12:35:17.821+0200: 145.179: [GC concurrent-mark-start]
2020-09-29T12:35:17.826+0200: 145.184: [GC concurrent-mark-end, 0.0052296 secs]
2020-09-29T12:35:17.826+0200: 145.184: [GC remark 2020-09-29T12:35:17.826+0200: 145.184: [Finalize Marking, 0.0002591 secs] 2020-09-29T12:35:17.827+0200: 145.185: [GC ref-proc, 0.0003745 secs] 2020-09-29T12:35:17.827+0200: 145.185: [Unloading, 0.0006852 secs], 0.0017461 secs]
 [Times: user=0.00 sys=0.00, real=0.00 secs] 
2020-09-29T12:35:17.829+0200: 145.187: [GC cleanup 1194M->26M(2048M), 0.0016171 secs]
 [Times: user=0.00 sys=0.00, real=0.00 secs] 
2020-09-29T12:35:17.830+0200: 145.188: [GC concurrent-cleanup-start]
2020-09-29T12:35:17.834+0200: 145.192: [GC concurrent-cleanup-end, 0.0041423 secs]
2020-09-29T12:35:17.988+0200: 145.346: [GC pause (G1 Evacuation Pause) (young), 0.1586548 secs]
   [Parallel Time: 157.0 ms, GC Workers: 8]
      [GC Worker Start (ms): Min: 145346.5, Avg: 145346.6, Max: 145346.7, Diff: 0.1]
      [Ext Root Scanning (ms): Min: 0.0, Avg: 0.1, Max: 0.2, Diff: 0.1, Sum: 0.6]
      [Update RS (ms): Min: 16.9, Avg: 17.2, Max: 17.5, Diff: 0.5, Sum: 137.5]
         [Processed Buffers: Min: 21, Avg: 21.5, Max: 23, Diff: 2, Sum: 172]
      [Scan RS (ms): Min: 13.0, Avg: 13.3, Max: 13.6, Diff: 0.6, Sum: 106.4]
      [Code Root Scanning (ms): Min: 0.0, Avg: 0.0, Max: 0.0, Diff: 0.0, Sum: 0.0]
      [Object Copy (ms): Min: 126.1, Avg: 126.1, Max: 126.2, Diff: 0.1, Sum: 1008.9]
      [Termination (ms): Min: 0.0, Avg: 0.1, Max: 0.1, Diff: 0.1, Sum: 0.5]
         [Termination Attempts: Min: 1, Avg: 467.1, Max: 594, Diff: 593, Sum: 3737]
      [GC Worker Other (ms): Min: 0.0, Avg: 0.1, Max: 0.1, Diff: 0.1, Sum: 0.5]
      [GC Worker Total (ms): Min: 156.8, Avg: 156.8, Max: 156.9, Diff: 0.2, Sum: 1254.5]
      [GC Worker End (ms): Min: 145503.4, Avg: 145503.4, Max: 145503.4, Diff: 0.1]
   [Code Root Fixup: 0.0 ms]
   [Code Root Purge: 0.0 ms]
   [Clear CT: 0.4 ms]
   [Other: 1.2 ms]
      [Choose CSet: 0.0 ms]
      [Ref Proc: 0.1 ms]
      [Ref Enq: 0.0 ms]
      [Redirty Cards: 0.5 ms]
      [Humongous Register: 0.0 ms]
      [Humongous Reclaim: 0.0 ms]
      [Free CSet: 0.3 ms]
   [Eden: 327.0M(327.0M)->0.0B(326.0M) Survivors: 5120.0K->42.0M Heap: 395.3M(2048.0M)->391.8M(2048.0M)]
 [Times: user=1.27 sys=0.00, real=0.16 secs] 
2020-09-29T12:35:18.328+0200: 145.686: [GC pause (G1 Evacuation Pause) (young), 0.1811897 secs]
   [Parallel Time: 180.0 ms, GC Workers: 8]
      [GC Worker Start (ms): Min: 145686.1, Avg: 145686.2, Max: 145686.3, Diff: 0.2]
      [Ext Root Scanning (ms): Min: 0.0, Avg: 0.1, Max: 0.1, Diff: 0.1, Sum: 0.5]
      [Update RS (ms): Min: 18.3, Avg: 18.3, Max: 18.4, Diff: 0.1, Sum: 146.7]
         [Processed Buffers: Min: 13, Avg: 21.6, Max: 27, Diff: 14, Sum: 173]
      [Scan RS (ms): Min: 17.4, Avg: 17.8, Max: 20.0, Diff: 2.6, Sum: 142.5]
      [Code Root Scanning (ms): Min: 0.0, Avg: 0.0, Max: 0.0, Diff: 0.0, Sum: 0.0]
      [Object Copy (ms): Min: 141.4, Avg: 143.6, Max: 144.0, Diff: 2.6, Sum: 1148.9]
      [Termination (ms): Min: 0.0, Avg: 0.0, Max: 0.0, Diff: 0.0, Sum: 0.1]
         [Termination Attempts: Min: 1, Avg: 111.9, Max: 147, Diff: 146, Sum: 895]
      [GC Worker Other (ms): Min: 0.0, Avg: 0.0, Max: 0.1, Diff: 0.1, Sum: 0.3]
      [GC Worker Total (ms): Min: 179.8, Avg: 179.9, Max: 180.0, Diff: 0.1, Sum: 1439.1]
      [GC Worker End (ms): Min: 145866.1, Avg: 145866.1, Max: 145866.1, Diff: 0.1]
   [Code Root Fixup: 0.0 ms]
   [Code Root Purge: 0.0 ms]
   [Clear CT: 0.3 ms]
   [Other: 0.9 ms]
      [Choose CSet: 0.0 ms]
      [Ref Proc: 0.1 ms]
      [Ref Enq: 0.0 ms]
      [Redirty Cards: 0.2 ms]
      [Humongous Register: 0.0 ms]
      [Humongous Reclaim: 0.0 ms]
      [Free CSet: 0.3 ms]
   [Eden: 326.0M(326.0M)->0.0B(315.0M) Survivors: 42.0M->46.0M Heap: 773.1M(2048.0M)->775.6M(2048.0M)]
 [Times: user=1.44 sys=0.03, real=0.18 secs] 
2020-09-29T12:35:18.682+0200: 146.040: [GC pause (G1 Evacuation Pause) (young), 0.1763830 secs]
   [Parallel Time: 175.3 ms, GC Workers: 8]
      [GC Worker Start (ms): Min: 146040.6, Avg: 146041.5, Max: 146047.9, Diff: 7.3]
      [Ext Root Scanning (ms): Min: 0.0, Avg: 0.1, Max: 0.1, Diff: 0.1, Sum: 0.7]
      [Update RS (ms): Min: 13.7, Avg: 20.1, Max: 21.6, Diff: 7.9, Sum: 161.1]
         [Processed Buffers: Min: 18, Avg: 23.5, Max: 25, Diff: 7, Sum: 188]
      [Scan RS (ms): Min: 14.0, Avg: 14.6, Max: 14.8, Diff: 0.7, Sum: 116.4]
      [Code Root Scanning (ms): Min: 0.0, Avg: 0.0, Max: 0.0, Diff: 0.0, Sum: 0.0]
      [Object Copy (ms): Min: 139.3, Avg: 139.3, Max: 139.4, Diff: 0.1, Sum: 1114.7]
      [Termination (ms): Min: 0.0, Avg: 0.1, Max: 0.1, Diff: 0.1, Sum: 0.4]
         [Termination Attempts: Min: 1, Avg: 118.1, Max: 233, Diff: 232, Sum: 945]
      [GC Worker Other (ms): Min: 0.0, Avg: 0.0, Max: 0.0, Diff: 0.0, Sum: 0.1]
      [GC Worker Total (ms): Min: 167.8, Avg: 174.2, Max: 175.1, Diff: 7.3, Sum: 1393.5]
      [GC Worker End (ms): Min: 146215.7, Avg: 146215.7, Max: 146215.7, Diff: 0.0]
   [Code Root Fixup: 0.0 ms]
   [Code Root Purge: 0.0 ms]
   [Clear CT: 0.2 ms]
   [Other: 1.0 ms]
      [Choose CSet: 0.0 ms]
      [Ref Proc: 0.2 ms]
      [Ref Enq: 0.0 ms]
      [Redirty Cards: 0.2 ms]
      [Humongous Register: 0.1 ms]
      [Humongous Reclaim: 0.0 ms]
      [Free CSet: 0.3 ms]
   [Eden: 315.0M(315.0M)->0.0B(316.0M) Survivors: 46.0M->46.0M Heap: 1142.1M(2048.0M)->1144.6M(2048.0M)]
 [Times: user=1.34 sys=0.02, real=0.18 secs] 
2020-09-29T12:35:18.870+0200: 146.228: [GC pause (G1 Humongous Allocation) (young) (initial-mark), 0.0617437 secs]
   [Parallel Time: 60.8 ms, GC Workers: 8]
      [GC Worker Start (ms): Min: 146227.9, Avg: 146228.0, Max: 146228.0, Diff: 0.1]
      [Ext Root Scanning (ms): Min: 0.1, Avg: 0.1, Max: 0.1, Diff: 0.1, Sum: 0.7]
      [Update RS (ms): Min: 37.4, Avg: 37.6, Max: 37.9, Diff: 0.5, Sum: 301.0]
         [Processed Buffers: Min: 43, Avg: 45.6, Max: 47, Diff: 4, Sum: 365]
      [Scan RS (ms): Min: 2.4, Avg: 2.7, Max: 3.0, Diff: 0.5, Sum: 21.7]
      [Code Root Scanning (ms): Min: 0.0, Avg: 0.0, Max: 0.0, Diff: 0.0, Sum: 0.0]
      [Object Copy (ms): Min: 20.2, Avg: 20.2, Max: 20.2, Diff: 0.1, Sum: 161.7]
      [Termination (ms): Min: 0.0, Avg: 0.0, Max: 0.0, Diff: 0.0, Sum: 0.1]
         [Termination Attempts: Min: 1, Avg: 50.8, Max: 72, Diff: 71, Sum: 406]
      [GC Worker Other (ms): Min: 0.0, Avg: 0.0, Max: 0.0, Diff: 0.0, Sum: 0.1]
      [GC Worker Total (ms): Min: 60.6, Avg: 60.7, Max: 60.7, Diff: 0.1, Sum: 485.2]
      [GC Worker End (ms): Min: 146288.6, Avg: 146288.6, Max: 146288.7, Diff: 0.0]
   [Code Root Fixup: 0.0 ms]
   [Code Root Purge: 0.0 ms]
   [Clear CT: 0.1 ms]
   [Other: 0.8 ms]
      [Choose CSet: 0.0 ms]
      [Ref Proc: 0.2 ms]
      [Ref Enq: 0.0 ms]
      [Redirty Cards: 0.1 ms]
      [Humongous Register: 0.1 ms]
      [Humongous Reclaim: 0.0 ms]
      [Free CSet: 0.1 ms]
   [Eden: 5120.0K(316.0M)->0.0B(340.0M) Survivors: 46.0M->7168.0K Heap: 1149.6M(2048.0M)->1153.6M(2048.0M)]
 [Times: user=0.50 sys=0.00, real=0.06 secs] 
2020-09-29T12:35:18.931+0200: 146.290: [GC concurrent-root-region-scan-start]
2020-09-29T12:35:18.933+0200: 146.291: [GC concurrent-root-region-scan-end, 0.0018168 secs]
2020-09-29T12:35:18.933+0200: 146.291: [GC concurrent-mark-start]
2020-09-29T12:35:18.937+0200: 146.295: [GC concurrent-mark-end, 0.0033918 secs]
2020-09-29T12:35:18.937+0200: 146.295: [GC remark 2020-09-29T12:35:18.937+0200: 146.295: [Finalize Marking, 0.0002083 secs] 2020-09-29T12:35:18.937+0200: 146.295: [GC ref-proc, 0.0004041 secs] 2020-09-29T12:35:18.938+0200: 146.296: [Unloading, 0.0004786 secs], 0.0014364 secs]
 [Times: user=0.00 sys=0.00, real=0.00 secs] 
2020-09-29T12:35:18.939+0200: 146.297: [GC cleanup 1165M->26M(2048M), 0.0012838 secs]
 [Times: user=0.00 sys=0.00, real=0.00 secs] 
2020-09-29T12:35:18.940+0200: 146.298: [GC concurrent-cleanup-start]
2020-09-29T12:35:18.943+0200: 146.301: [GC concurrent-cleanup-end, 0.0026951 secs]
2020-09-29T12:35:19.122+0200: 146.480: [GC pause (G1 Evacuation Pause) (young), 0.1546365 secs]
   [Parallel Time: 153.2 ms, GC Workers: 8]
      [GC Worker Start (ms): Min: 146480.2, Avg: 146480.3, Max: 146480.4, Diff: 0.2]
      [Ext Root Scanning (ms): Min: 0.0, Avg: 0.1, Max: 0.2, Diff: 0.2, Sum: 0.4]
      [Update RS (ms): Min: 16.1, Avg: 16.3, Max: 16.5, Diff: 0.4, Sum: 130.5]
         [Processed Buffers: Min: 19, Avg: 19.5, Max: 21, Diff: 2, Sum: 156]
      [Scan RS (ms): Min: 13.8, Avg: 14.0, Max: 14.3, Diff: 0.5, Sum: 112.2]
      [Code Root Scanning (ms): Min: 0.0, Avg: 0.0, Max: 0.0, Diff: 0.0, Sum: 0.0]
      [Object Copy (ms): Min: 122.5, Avg: 122.5, Max: 122.5, Diff: 0.1, Sum: 980.1]
      [Termination (ms): Min: 0.0, Avg: 0.0, Max: 0.1, Diff: 0.1, Sum: 0.3]
         [Termination Attempts: Min: 1, Avg: 260.1, Max: 345, Diff: 344, Sum: 2081]
      [GC Worker Other (ms): Min: 0.0, Avg: 0.0, Max: 0.0, Diff: 0.0, Sum: 0.2]
      [GC Worker Total (ms): Min: 152.9, Avg: 153.0, Max: 153.1, Diff: 0.2, Sum: 1223.8]
      [GC Worker End (ms): Min: 146633.3, Avg: 146633.3, Max: 146633.3, Diff: 0.0]
   [Code Root Fixup: 0.0 ms]
   [Code Root Purge: 0.0 ms]
   [Clear CT: 0.2 ms]
   [Other: 1.2 ms]
      [Choose CSet: 0.0 ms]
      [Ref Proc: 0.2 ms]
      [Ref Enq: 0.0 ms]
      [Redirty Cards: 0.5 ms]
      [Humongous Register: 0.0 ms]
      [Humongous Reclaim: 0.0 ms]
      [Free CSet: 0.2 ms]
   [Eden: 340.0M(340.0M)->0.0B(339.0M) Survivors: 7168.0K->44.0M Heap: 411.7M(2048.0M)->406.7M(2048.0M)]
 [Times: user=1.25 sys=0.00, real=0.15 secs] 
2020-09-29T12:35:19.473+0200: 146.831: [GC pause (G1 Evacuation Pause) (young), 0.1814009 secs]
   [Parallel Time: 180.1 ms, GC Workers: 8]
      [GC Worker Start (ms): Min: 146831.1, Avg: 146831.2, Max: 146831.2, Diff: 0.2]
      [Ext Root Scanning (ms): Min: 0.0, Avg: 0.1, Max: 0.2, Diff: 0.2, Sum: 0.6]
      [Update RS (ms): Min: 20.9, Avg: 21.0, Max: 21.1, Diff: 0.2, Sum: 167.9]
         [Processed Buffers: Min: 21, Avg: 22.9, Max: 25, Diff: 4, Sum: 183]
      [Scan RS (ms): Min: 19.7, Avg: 19.8, Max: 19.9, Diff: 0.2, Sum: 158.6]
      [Code Root Scanning (ms): Min: 0.0, Avg: 0.0, Max: 0.0, Diff: 0.0, Sum: 0.0]
      [Object Copy (ms): Min: 138.8, Avg: 138.9, Max: 139.0, Diff: 0.2, Sum: 1111.2]
      [Termination (ms): Min: 0.0, Avg: 0.0, Max: 0.1, Diff: 0.1, Sum: 0.3]
         [Termination Attempts: Min: 1, Avg: 278.1, Max: 426, Diff: 425, Sum: 2225]
      [GC Worker Other (ms): Min: 0.0, Avg: 0.0, Max: 0.1, Diff: 0.1, Sum: 0.3]
      [GC Worker Total (ms): Min: 179.8, Avg: 179.9, Max: 180.0, Diff: 0.2, Sum: 1438.9]
      [GC Worker End (ms): Min: 147011.0, Avg: 147011.0, Max: 147011.1, Diff: 0.1]
   [Code Root Fixup: 0.0 ms]
   [Code Root Purge: 0.0 ms]
   [Clear CT: 0.2 ms]
   [Other: 1.1 ms]
      [Choose CSet: 0.0 ms]
      [Ref Proc: 0.2 ms]
      [Ref Enq: 0.0 ms]
      [Redirty Cards: 0.3 ms]
      [Humongous Register: 0.1 ms]
      [Humongous Reclaim: 0.0 ms]
      [Free CSet: 0.4 ms]
   [Eden: 339.0M(339.0M)->0.0B(324.0M) Survivors: 44.0M->48.0M Heap: 802.9M(2048.0M)->804.4M(2048.0M)]
 [Times: user=1.38 sys=0.00, real=0.18 secs] 
2020-09-29T12:35:19.837+0200: 147.195: [GC pause (G1 Evacuation Pause) (young), 0.1694349 secs]
   [Parallel Time: 168.1 ms, GC Workers: 8]
      [GC Worker Start (ms): Min: 147194.8, Avg: 147194.9, Max: 147195.0, Diff: 0.2]
      [Ext Root Scanning (ms): Min: 0.0, Avg: 0.1, Max: 0.2, Diff: 0.2, Sum: 0.5]
      [Update RS (ms): Min: 15.3, Avg: 15.5, Max: 16.0, Diff: 0.6, Sum: 124.0]
         [Processed Buffers: Min: 18, Avg: 19.0, Max: 20, Diff: 2, Sum: 152]
      [Scan RS (ms): Min: 17.1, Avg: 17.6, Max: 18.0, Diff: 0.9, Sum: 141.1]
      [Code Root Scanning (ms): Min: 0.0, Avg: 0.0, Max: 0.0, Diff: 0.0, Sum: 0.0]
      [Object Copy (ms): Min: 134.4, Avg: 134.7, Max: 134.8, Diff: 0.4, Sum: 1077.2]
      [Termination (ms): Min: 0.0, Avg: 0.0, Max: 0.1, Diff: 0.1, Sum: 0.4]
         [Termination Attempts: Min: 1, Avg: 328.0, Max: 498, Diff: 497, Sum: 2624]
      [GC Worker Other (ms): Min: 0.0, Avg: 0.0, Max: 0.1, Diff: 0.1, Sum: 0.3]
      [GC Worker Total (ms): Min: 167.9, Avg: 167.9, Max: 168.0, Diff: 0.1, Sum: 1343.6]
      [GC Worker End (ms): Min: 147362.9, Avg: 147362.9, Max: 147362.9, Diff: 0.1]
   [Code Root Fixup: 0.0 ms]
   [Code Root Purge: 0.0 ms]
   [Clear CT: 0.2 ms]
   [Other: 1.1 ms]
      [Choose CSet: 0.0 ms]
      [Ref Proc: 0.2 ms]
      [Ref Enq: 0.0 ms]
      [Redirty Cards: 0.3 ms]
      [Humongous Register: 0.1 ms]
      [Humongous Reclaim: 0.0 ms]
      [Free CSet: 0.3 ms]
   [Eden: 324.0M(324.0M)->0.0B(325.0M) Survivors: 48.0M->47.0M Heap: 1181.8M(2048.0M)->1184.3M(2048.0M)]
 [Times: user=1.36 sys=0.01, real=0.17 secs] 
2020-09-29T12:35:20.009+0200: 147.367: [GC pause (G1 Humongous Allocation) (young) (initial-mark), 0.0681189 secs]
   [Parallel Time: 67.2 ms, GC Workers: 8]
      [GC Worker Start (ms): Min: 147366.9, Avg: 147366.9, Max: 147367.0, Diff: 0.1]
      [Ext Root Scanning (ms): Min: 0.0, Avg: 0.1, Max: 0.1, Diff: 0.1, Sum: 0.7]
      [Update RS (ms): Min: 46.9, Avg: 47.1, Max: 47.3, Diff: 0.5, Sum: 376.7]
         [Processed Buffers: Min: 58, Avg: 60.6, Max: 62, Diff: 4, Sum: 485]
      [Scan RS (ms): Min: 0.0, Avg: 0.2, Max: 0.4, Diff: 0.4, Sum: 1.3]
      [Code Root Scanning (ms): Min: 0.0, Avg: 0.0, Max: 0.0, Diff: 0.0, Sum: 0.0]
      [Object Copy (ms): Min: 19.7, Avg: 19.7, Max: 19.8, Diff: 0.1, Sum: 158.0]
      [Termination (ms): Min: 0.0, Avg: 0.0, Max: 0.0, Diff: 0.0, Sum: 0.1]
         [Termination Attempts: Min: 1, Avg: 67.0, Max: 89, Diff: 88, Sum: 536]
      [GC Worker Other (ms): Min: 0.0, Avg: 0.0, Max: 0.0, Diff: 0.0, Sum: 0.1]
      [GC Worker Total (ms): Min: 67.1, Avg: 67.1, Max: 67.2, Diff: 0.1, Sum: 536.9]
      [GC Worker End (ms): Min: 147434.0, Avg: 147434.0, Max: 147434.1, Diff: 0.0]
   [Code Root Fixup: 0.0 ms]
   [Code Root Purge: 0.0 ms]
   [Clear CT: 0.2 ms]
   [Other: 0.7 ms]
      [Choose CSet: 0.0 ms]
      [Ref Proc: 0.2 ms]
      [Ref Enq: 0.0 ms]
      [Redirty Cards: 0.2 ms]
      [Humongous Register: 0.1 ms]
      [Humongous Reclaim: 0.0 ms]
      [Free CSet: 0.0 ms]
   [Eden: 5120.0K(325.0M)->0.0B(321.0M) Survivors: 47.0M->6144.0K Heap: 1188.8M(2048.0M)->1191.8M(2048.0M)]
 [Times: user=0.50 sys=0.00, real=0.07 secs] 
2020-09-29T12:35:20.077+0200: 147.435: [GC concurrent-root-region-scan-start]
2020-09-29T12:35:20.078+0200: 147.436: [GC concurrent-root-region-scan-end, 0.0008914 secs]
2020-09-29T12:35:20.078+0200: 147.436: [GC concurrent-mark-start]
2020-09-29T12:35:20.081+0200: 147.438: [GC concurrent-mark-end, 0.0024395 secs]
2020-09-29T12:35:20.081+0200: 147.439: [GC remark 2020-09-29T12:35:20.081+0200: 147.439: [Finalize Marking, 0.0001946 secs] 2020-09-29T12:35:20.081+0200: 147.439: [GC ref-proc, 0.0003057 secs] 2020-09-29T12:35:20.081+0200: 147.439: [Unloading, 0.0005222 secs], 0.0013668 secs]
 [Times: user=0.00 sys=0.00, real=0.00 secs] 
2020-09-29T12:35:20.083+0200: 147.440: [GC cleanup 1200M->22M(2048M), 0.0014525 secs]
 [Times: user=0.00 sys=0.00, real=0.00 secs] 
2020-09-29T12:35:20.084+0200: 147.442: [GC concurrent-cleanup-start]
2020-09-29T12:35:20.086+0200: 147.444: [GC concurrent-cleanup-end, 0.0020186 secs]
2020-09-29T12:35:20.250+0200: 147.607: [GC pause (G1 Evacuation Pause) (young), 0.1629542 secs]
   [Parallel Time: 161.9 ms, GC Workers: 8]
      [GC Worker Start (ms): Min: 147607.4, Avg: 147607.5, Max: 147607.6, Diff: 0.2]
      [Ext Root Scanning (ms): Min: 0.0, Avg: 0.1, Max: 0.1, Diff: 0.1, Sum: 0.5]
      [Update RS (ms): Min: 16.1, Avg: 16.3, Max: 16.7, Diff: 0.5, Sum: 130.2]
         [Processed Buffers: Min: 19, Avg: 21.0, Max: 25, Diff: 6, Sum: 168]
      [Scan RS (ms): Min: 12.9, Avg: 13.3, Max: 13.4, Diff: 0.6, Sum: 106.5]
      [Code Root Scanning (ms): Min: 0.0, Avg: 0.0, Max: 0.0, Diff: 0.0, Sum: 0.0]
      [Object Copy (ms): Min: 131.6, Avg: 131.7, Max: 132.0, Diff: 0.4, Sum: 1053.3]
      [Termination (ms): Min: 0.0, Avg: 0.3, Max: 0.4, Diff: 0.4, Sum: 2.6]
         [Termination Attempts: Min: 1, Avg: 2201.5, Max: 2656, Diff: 2655, Sum: 17612]
      [GC Worker Other (ms): Min: 0.0, Avg: 0.0, Max: 0.1, Diff: 0.1, Sum: 0.3]
      [GC Worker Total (ms): Min: 161.6, Avg: 161.7, Max: 161.8, Diff: 0.2, Sum: 1293.4]
      [GC Worker End (ms): Min: 147769.2, Avg: 147769.2, Max: 147769.2, Diff: 0.1]
   [Code Root Fixup: 0.0 ms]
   [Code Root Purge: 0.0 ms]
   [Clear CT: 0.2 ms]
   [Other: 0.9 ms]
      [Choose CSet: 0.0 ms]
      [Ref Proc: 0.1 ms]
      [Ref Enq: 0.0 ms]
      [Redirty Cards: 0.2 ms]
      [Humongous Register: 0.0 ms]
      [Humongous Reclaim: 0.0 ms]
      [Free CSet: 0.3 ms]
   [Eden: 321.0M(321.0M)->0.0B(322.0M) Survivors: 6144.0K->41.0M Heap: 389.8M(2048.0M)->385.8M(2048.0M)]
 [Times: user=1.34 sys=0.00, real=0.16 secs] 
2020-09-29T12:35:20.590+0200: 147.948: [GC pause (G1 Evacuation Pause) (young), 0.1753970 secs]
   [Parallel Time: 174.3 ms, GC Workers: 8]
      [GC Worker Start (ms): Min: 147948.0, Avg: 147948.2, Max: 147948.2, Diff: 0.2]
      [Ext Root Scanning (ms): Min: 0.0, Avg: 0.1, Max: 0.2, Diff: 0.2, Sum: 0.5]
      [Update RS (ms): Min: 19.8, Avg: 19.9, Max: 20.5, Diff: 0.7, Sum: 159.5]
         [Processed Buffers: Min: 19, Avg: 21.3, Max: 24, Diff: 5, Sum: 170]
      [Scan RS (ms): Min: 18.4, Avg: 18.8, Max: 19.0, Diff: 0.6, Sum: 150.5]
      [Code Root Scanning (ms): Min: 0.0, Avg: 0.0, Max: 0.0, Diff: 0.0, Sum: 0.0]
      [Object Copy (ms): Min: 135.1, Avg: 135.2, Max: 135.2, Diff: 0.1, Sum: 1081.4]
      [Termination (ms): Min: 0.0, Avg: 0.0, Max: 0.0, Diff: 0.0, Sum: 0.2]
         [Termination Attempts: Min: 1, Avg: 141.3, Max: 206, Diff: 205, Sum: 1130]
      [GC Worker Other (ms): Min: 0.0, Avg: 0.0, Max: 0.1, Diff: 0.1, Sum: 0.3]
      [GC Worker Total (ms): Min: 174.0, Avg: 174.1, Max: 174.2, Diff: 0.2, Sum: 1392.4]
      [GC Worker End (ms): Min: 148122.2, Avg: 148122.2, Max: 148122.2, Diff: 0.1]
   [Code Root Fixup: 0.0 ms]
   [Code Root Purge: 0.0 ms]
   [Clear CT: 0.2 ms]
   [Other: 1.0 ms]
      [Choose CSet: 0.0 ms]
      [Ref Proc: 0.1 ms]
      [Ref Enq: 0.0 ms]
      [Redirty Cards: 0.2 ms]
      [Humongous Register: 0.0 ms]
      [Humongous Reclaim: 0.0 ms]
      [Free CSet: 0.3 ms]
   [Eden: 322.0M(322.0M)->0.0B(310.0M) Survivors: 41.0M->46.0M Heap: 761.2M(2048.0M)->763.7M(2048.0M)]
 [Times: user=1.38 sys=0.00, real=0.18 secs] 
2020-09-29T12:35:20.933+0200: 148.291: [GC pause (G1 Evacuation Pause) (young), 0.1662106 secs]
   [Parallel Time: 165.0 ms, GC Workers: 8]
      [GC Worker Start (ms): Min: 148290.8, Avg: 148290.9, Max: 148291.0, Diff: 0.2]
      [Ext Root Scanning (ms): Min: 0.0, Avg: 0.1, Max: 0.2, Diff: 0.2, Sum: 0.5]
      [Update RS (ms): Min: 17.6, Avg: 17.7, Max: 18.4, Diff: 0.8, Sum: 141.9]
         [Processed Buffers: Min: 21, Avg: 22.6, Max: 24, Diff: 3, Sum: 181]
      [Scan RS (ms): Min: 14.0, Avg: 14.7, Max: 14.9, Diff: 0.9, Sum: 117.5]
      [Code Root Scanning (ms): Min: 0.0, Avg: 0.0, Max: 0.0, Diff: 0.0, Sum: 0.0]
      [Object Copy (ms): Min: 132.0, Avg: 132.1, Max: 132.2, Diff: 0.2, Sum: 1057.2]
      [Termination (ms): Min: 0.0, Avg: 0.0, Max: 0.1, Diff: 0.1, Sum: 0.3]
         [Termination Attempts: Min: 1, Avg: 308.8, Max: 397, Diff: 396, Sum: 2470]
      [GC Worker Other (ms): Min: 0.0, Avg: 0.0, Max: 0.1, Diff: 0.1, Sum: 0.4]
      [GC Worker Total (ms): Min: 164.6, Avg: 164.7, Max: 164.8, Diff: 0.2, Sum: 1317.8]
      [GC Worker End (ms): Min: 148455.6, Avg: 148455.6, Max: 148455.7, Diff: 0.1]
   [Code Root Fixup: 0.0 ms]
   [Code Root Purge: 0.0 ms]
   [Clear CT: 0.2 ms]
   [Other: 1.0 ms]
      [Choose CSet: 0.0 ms]
      [Ref Proc: 0.1 ms]
      [Ref Enq: 0.0 ms]
      [Redirty Cards: 0.3 ms]
      [Humongous Register: 0.0 ms]
      [Humongous Reclaim: 0.0 ms]
      [Free CSet: 0.3 ms]
   [Eden: 310.0M(310.0M)->0.0B(319.0M) Survivors: 46.0M->45.0M Heap: 1125.2M(2048.0M)->1127.2M(2048.0M)]
 [Times: user=1.38 sys=0.00, real=0.17 secs] 
2020-09-29T12:35:21.105+0200: 148.463: [GC pause (G1 Humongous Allocation) (young) (initial-mark), 0.0666590 secs]
   [Parallel Time: 65.8 ms, GC Workers: 8]
      [GC Worker Start (ms): Min: 148462.8, Avg: 148462.8, Max: 148462.9, Diff: 0.2]
      [Ext Root Scanning (ms): Min: 0.0, Avg: 0.2, Max: 0.3, Diff: 0.3, Sum: 1.6]
      [Update RS (ms): Min: 42.3, Avg: 42.4, Max: 42.6, Diff: 0.4, Sum: 339.2]
         [Processed Buffers: Min: 49, Avg: 53.4, Max: 56, Diff: 7, Sum: 427]
      [Scan RS (ms): Min: 1.5, Avg: 1.7, Max: 1.8, Diff: 0.3, Sum: 13.2]
      [Code Root Scanning (ms): Min: 0.0, Avg: 0.0, Max: 0.0, Diff: 0.0, Sum: 0.0]
      [Object Copy (ms): Min: 21.2, Avg: 21.3, Max: 21.3, Diff: 0.1, Sum: 170.3]
      [Termination (ms): Min: 0.0, Avg: 0.0, Max: 0.0, Diff: 0.0, Sum: 0.2]
         [Termination Attempts: Min: 1, Avg: 134.3, Max: 173, Diff: 172, Sum: 1074]
      [GC Worker Other (ms): Min: 0.0, Avg: 0.0, Max: 0.0, Diff: 0.0, Sum: 0.1]
      [GC Worker Total (ms): Min: 65.5, Avg: 65.6, Max: 65.6, Diff: 0.2, Sum: 524.6]
      [GC Worker End (ms): Min: 148528.4, Avg: 148528.4, Max: 148528.4, Diff: 0.0]
   [Code Root Fixup: 0.0 ms]
   [Code Root Purge: 0.0 ms]
   [Clear CT: 0.2 ms]
   [Other: 0.7 ms]
      [Choose CSet: 0.0 ms]
      [Ref Proc: 0.2 ms]
      [Ref Enq: 0.0 ms]
      [Redirty Cards: 0.2 ms]
      [Humongous Register: 0.0 ms]
      [Humongous Reclaim: 0.0 ms]
      [Free CSet: 0.1 ms]
   [Eden: 9216.0K(319.0M)->0.0B(347.0M) Survivors: 45.0M->11.0M Heap: 1135.7M(2048.0M)->1140.2M(2048.0M)]
 [Times: user=0.50 sys=0.00, real=0.07 secs] 
2020-09-29T12:35:21.172+0200: 148.529: [GC concurrent-root-region-scan-start]
2020-09-29T12:35:21.174+0200: 148.532: [GC concurrent-root-region-scan-end, 0.0024538 secs]
2020-09-29T12:35:21.174+0200: 148.532: [GC concurrent-mark-start]
2020-09-29T12:35:21.177+0200: 148.535: [GC concurrent-mark-end, 0.0030130 secs]
2020-09-29T12:35:21.177+0200: 148.535: [GC remark 2020-09-29T12:35:21.177+0200: 148.535: [Finalize Marking, 0.0002213 secs] 2020-09-29T12:35:21.178+0200: 148.535: [GC ref-proc, 0.0002918 secs] 2020-09-29T12:35:21.178+0200: 148.536: [Unloading, 0.0005440 secs], 0.0015331 secs]
 [Times: user=0.00 sys=0.00, real=0.00 secs] 
2020-09-29T12:35:21.179+0200: 148.537: [GC cleanup 1151M->29M(2048M), 0.0013287 secs]
 [Times: user=0.00 sys=0.00, real=0.00 secs] 
2020-09-29T12:35:21.181+0200: 148.538: [GC concurrent-cleanup-start]
2020-09-29T12:35:21.183+0200: 148.540: [GC concurrent-cleanup-end, 0.0019568 secs]
2020-09-29T12:35:21.358+0200: 148.716: [GC pause (G1 Evacuation Pause) (young), 0.1696783 secs]
   [Parallel Time: 168.2 ms, GC Workers: 8]
      [GC Worker Start (ms): Min: 148716.4, Avg: 148716.5, Max: 148716.6, Diff: 0.2]
      [Ext Root Scanning (ms): Min: 0.0, Avg: 0.1, Max: 0.2, Diff: 0.2, Sum: 0.5]
      [Update RS (ms): Min: 23.7, Avg: 23.9, Max: 24.2, Diff: 0.5, Sum: 191.3]
         [Processed Buffers: Min: 22, Avg: 25.4, Max: 29, Diff: 7, Sum: 203]
      [Scan RS (ms): Min: 14.7, Avg: 15.0, Max: 15.3, Diff: 0.6, Sum: 119.7]
      [Code Root Scanning (ms): Min: 0.0, Avg: 0.0, Max: 0.0, Diff: 0.0, Sum: 0.0]
      [Object Copy (ms): Min: 128.8, Avg: 128.9, Max: 129.1, Diff: 0.3, Sum: 1031.6]
      [Termination (ms): Min: 0.0, Avg: 0.0, Max: 0.0, Diff: 0.0, Sum: 0.1]
         [Termination Attempts: Min: 1, Avg: 120.9, Max: 166, Diff: 165, Sum: 967]
      [GC Worker Other (ms): Min: 0.0, Avg: 0.0, Max: 0.1, Diff: 0.1, Sum: 0.3]
      [GC Worker Total (ms): Min: 167.8, Avg: 167.9, Max: 168.1, Diff: 0.2, Sum: 1343.5]
      [GC Worker End (ms): Min: 148884.4, Avg: 148884.4, Max: 148884.5, Diff: 0.1]
   [Code Root Fixup: 0.0 ms]
   [Code Root Purge: 0.0 ms]
   [Clear CT: 0.4 ms]
   [Other: 1.1 ms]
      [Choose CSet: 0.0 ms]
      [Ref Proc: 0.2 ms]
      [Ref Enq: 0.0 ms]
      [Redirty Cards: 0.4 ms]
      [Humongous Register: 0.1 ms]
      [Humongous Reclaim: 0.0 ms]
      [Free CSet: 0.2 ms]
   [Eden: 347.0M(347.0M)->0.0B(325.0M) Survivors: 11.0M->45.0M Heap: 425.1M(2048.0M)->416.1M(2048.0M)]
 [Times: user=1.34 sys=0.00, real=0.17 secs] 
2020-09-29T12:35:21.717+0200: 149.075: [GC pause (G1 Evacuation Pause) (young), 0.1943047 secs]
   [Parallel Time: 193.0 ms, GC Workers: 8]
      [GC Worker Start (ms): Min: 149075.3, Avg: 149075.4, Max: 149075.4, Diff: 0.2]
      [Ext Root Scanning (ms): Min: 0.0, Avg: 0.1, Max: 0.2, Diff: 0.2, Sum: 0.6]
      [Update RS (ms): Min: 18.2, Avg: 18.3, Max: 18.5, Diff: 0.3, Sum: 146.3]
         [Processed Buffers: Min: 21, Avg: 21.8, Max: 23, Diff: 2, Sum: 174]
      [Scan RS (ms): Min: 16.5, Avg: 16.9, Max: 17.1, Diff: 0.5, Sum: 135.1]
      [Code Root Scanning (ms): Min: 0.0, Avg: 0.0, Max: 0.0, Diff: 0.0, Sum: 0.0]
      [Object Copy (ms): Min: 156.9, Avg: 157.1, Max: 157.5, Diff: 0.5, Sum: 1257.1]
      [Termination (ms): Min: 0.0, Avg: 0.4, Max: 0.5, Diff: 0.5, Sum: 3.4]
         [Termination Attempts: Min: 1, Avg: 2912.1, Max: 3589, Diff: 3588, Sum: 23297]
      [GC Worker Other (ms): Min: 0.0, Avg: 0.0, Max: 0.1, Diff: 0.1, Sum: 0.4]
      [GC Worker Total (ms): Min: 192.8, Avg: 192.8, Max: 193.0, Diff: 0.2, Sum: 1542.8]
      [GC Worker End (ms): Min: 149268.2, Avg: 149268.2, Max: 149268.2, Diff: 0.1]
   [Code Root Fixup: 0.0 ms]
   [Code Root Purge: 0.0 ms]
   [Clear CT: 0.3 ms]
   [Other: 1.0 ms]
      [Choose CSet: 0.0 ms]
      [Ref Proc: 0.2 ms]
      [Ref Enq: 0.0 ms]
      [Redirty Cards: 0.3 ms]
      [Humongous Register: 0.1 ms]
      [Humongous Reclaim: 0.0 ms]
      [Free CSet: 0.3 ms]
   [Eden: 325.0M(325.0M)->0.0B(301.0M) Survivors: 45.0M->47.0M Heap: 794.5M(2048.0M)->797.0M(2048.0M)]
 [Times: user=1.53 sys=0.02, real=0.19 secs] 
2020-09-29T12:35:22.080+0200: 149.438: [GC pause (G1 Evacuation Pause) (young), 0.1642850 secs]
   [Parallel Time: 163.0 ms, GC Workers: 8]
      [GC Worker Start (ms): Min: 149438.3, Avg: 149438.4, Max: 149438.5, Diff: 0.2]
      [Ext Root Scanning (ms): Min: 0.0, Avg: 0.1, Max: 0.2, Diff: 0.2, Sum: 0.5]
      [Update RS (ms): Min: 16.8, Avg: 16.9, Max: 17.1, Diff: 0.3, Sum: 135.1]
         [Processed Buffers: Min: 20, Avg: 22.0, Max: 26, Diff: 6, Sum: 176]
      [Scan RS (ms): Min: 15.3, Avg: 15.5, Max: 15.6, Diff: 0.3, Sum: 123.9]
      [Code Root Scanning (ms): Min: 0.0, Avg: 0.0, Max: 0.0, Diff: 0.0, Sum: 0.0]
      [Object Copy (ms): Min: 130.1, Avg: 130.2, Max: 130.3, Diff: 0.2, Sum: 1042.0]
      [Termination (ms): Min: 0.0, Avg: 0.0, Max: 0.1, Diff: 0.1, Sum: 0.4]
         [Termination Attempts: Min: 1, Avg: 303.1, Max: 433, Diff: 432, Sum: 2425]
      [GC Worker Other (ms): Min: 0.0, Avg: 0.1, Max: 0.1, Diff: 0.1, Sum: 0.4]
      [GC Worker Total (ms): Min: 162.7, Avg: 162.8, Max: 162.9, Diff: 0.2, Sum: 1302.2]
      [GC Worker End (ms): Min: 149601.1, Avg: 149601.2, Max: 149601.2, Diff: 0.1]
   [Code Root Fixup: 0.0 ms]
   [Code Root Purge: 0.0 ms]
   [Clear CT: 0.2 ms]
   [Other: 1.0 ms]
      [Choose CSet: 0.0 ms]
      [Ref Proc: 0.2 ms]
      [Ref Enq: 0.0 ms]
      [Redirty Cards: 0.4 ms]
      [Humongous Register: 0.0 ms]
      [Humongous Reclaim: 0.0 ms]
      [Free CSet: 0.2 ms]
   [Eden: 301.0M(301.0M)->0.0B(312.0M) Survivors: 47.0M->44.0M Heap: 1149.5M(2048.0M)->1152.0M(2048.0M)]
 [Times: user=1.38 sys=0.00, real=0.16 secs] 
2020-09-29T12:35:22.261+0200: 149.619: [GC pause (G1 Humongous Allocation) (young) (initial-mark), 0.0603503 secs]
   [Parallel Time: 59.6 ms, GC Workers: 8]
      [GC Worker Start (ms): Min: 149618.7, Avg: 149618.8, Max: 149618.9, Diff: 0.2]
      [Ext Root Scanning (ms): Min: 0.0, Avg: 0.6, Max: 3.9, Diff: 3.8, Sum: 4.7]
      [Update RS (ms): Min: 29.8, Avg: 33.3, Max: 34.2, Diff: 4.4, Sum: 266.2]
         [Processed Buffers: Min: 36, Avg: 40.4, Max: 42, Diff: 6, Sum: 323]
      [Scan RS (ms): Min: 2.4, Avg: 2.9, Max: 3.2, Diff: 0.8, Sum: 23.0]
      [Code Root Scanning (ms): Min: 0.0, Avg: 0.0, Max: 0.0, Diff: 0.0, Sum: 0.0]
      [Object Copy (ms): Min: 22.3, Avg: 22.7, Max: 22.8, Diff: 0.4, Sum: 181.5]
      [Termination (ms): Min: 0.0, Avg: 0.0, Max: 0.0, Diff: 0.0, Sum: 0.0]
         [Termination Attempts: Min: 1, Avg: 5.9, Max: 8, Diff: 7, Sum: 47]
      [GC Worker Other (ms): Min: 0.0, Avg: 0.0, Max: 0.0, Diff: 0.0, Sum: 0.1]
      [GC Worker Total (ms): Min: 59.3, Avg: 59.4, Max: 59.5, Diff: 0.2, Sum: 475.5]
      [GC Worker End (ms): Min: 149678.2, Avg: 149678.3, Max: 149678.3, Diff: 0.0]
   [Code Root Fixup: 0.0 ms]
   [Code Root Purge: 0.0 ms]
   [Clear CT: 0.1 ms]
   [Other: 0.6 ms]
      [Choose CSet: 0.0 ms]
      [Ref Proc: 0.2 ms]
      [Ref Enq: 0.0 ms]
      [Redirty Cards: 0.1 ms]
      [Humongous Register: 0.0 ms]
      [Humongous Reclaim: 0.0 ms]
      [Free CSet: 0.1 ms]
   [Eden: 12.0M(312.0M)->0.0B(333.0M) Survivors: 44.0M->13.0M Heap: 1163.5M(2048.0M)->1167.5M(2048.0M)]
 [Times: user=0.50 sys=0.00, real=0.06 secs] 
2020-09-29T12:35:22.321+0200: 149.679: [GC concurrent-root-region-scan-start]
2020-09-29T12:35:22.324+0200: 149.681: [GC concurrent-root-region-scan-end, 0.0024213 secs]
2020-09-29T12:35:22.324+0200: 149.681: [GC concurrent-mark-start]
2020-09-29T12:35:22.326+0200: 149.684: [GC concurrent-mark-end, 0.0024600 secs]
2020-09-29T12:35:22.326+0200: 149.684: [GC remark 2020-09-29T12:35:22.326+0200: 149.684: [Finalize Marking, 0.0001854 secs] 2020-09-29T12:35:22.327+0200: 149.684: [GC ref-proc, 0.0002819 secs] 2020-09-29T12:35:22.327+0200: 149.685: [Unloading, 0.0004269 secs], 0.0011905 secs]
 [Times: user=0.00 sys=0.00, real=0.00 secs] 
2020-09-29T12:35:22.328+0200: 149.686: [GC cleanup 1180M->33M(2048M), 0.0011048 secs]
 [Times: user=0.00 sys=0.00, real=0.00 secs] 
2020-09-29T12:35:22.329+0200: 149.687: [GC concurrent-cleanup-start]
2020-09-29T12:35:22.331+0200: 149.689: [GC concurrent-cleanup-end, 0.0017307 secs]
2020-09-29T12:35:22.503+0200: 149.860: [GC pause (G1 Evacuation Pause) (young), 0.1535924 secs]
   [Parallel Time: 152.2 ms, GC Workers: 8]
      [GC Worker Start (ms): Min: 149860.4, Avg: 149860.6, Max: 149860.6, Diff: 0.2]
      [Ext Root Scanning (ms): Min: 0.0, Avg: 0.1, Max: 0.2, Diff: 0.2, Sum: 0.4]
      [Update RS (ms): Min: 18.6, Avg: 18.7, Max: 19.2, Diff: 0.6, Sum: 149.8]
         [Processed Buffers: Min: 22, Avg: 23.9, Max: 25, Diff: 3, Sum: 191]
      [Scan RS (ms): Min: 12.1, Avg: 12.5, Max: 12.7, Diff: 0.6, Sum: 99.9]
      [Code Root Scanning (ms): Min: 0.0, Avg: 0.0, Max: 0.0, Diff: 0.0, Sum: 0.0]
      [Object Copy (ms): Min: 120.6, Avg: 120.7, Max: 120.8, Diff: 0.2, Sum: 965.7]
      [Termination (ms): Min: 0.0, Avg: 0.0, Max: 0.0, Diff: 0.0, Sum: 0.0]
         [Termination Attempts: Min: 1, Avg: 35.1, Max: 58, Diff: 57, Sum: 281]
      [GC Worker Other (ms): Min: 0.0, Avg: 0.0, Max: 0.1, Diff: 0.1, Sum: 0.3]
      [GC Worker Total (ms): Min: 151.9, Avg: 152.0, Max: 152.1, Diff: 0.2, Sum: 1216.1]
      [GC Worker End (ms): Min: 150012.6, Avg: 150012.6, Max: 150012.6, Diff: 0.1]
   [Code Root Fixup: 0.0 ms]
   [Code Root Purge: 0.0 ms]
   [Clear CT: 0.2 ms]
   [Other: 1.1 ms]
      [Choose CSet: 0.0 ms]
      [Ref Proc: 0.2 ms]
      [Ref Enq: 0.0 ms]
      [Redirty Cards: 0.3 ms]
      [Humongous Register: 0.0 ms]
      [Humongous Reclaim: 0.0 ms]
      [Free CSet: 0.4 ms]
   [Eden: 333.0M(333.0M)->0.0B(339.0M) Survivors: 13.0M->44.0M Heap: 411.2M(2048.0M)->399.7M(2048.0M)]
 [Times: user=1.25 sys=0.00, real=0.15 secs] 
2020-09-29T12:35:22.846+0200: 150.203: [GC pause (G1 Evacuation Pause) (young), 0.1783801 secs]
   [Parallel Time: 177.3 ms, GC Workers: 8]
      [GC Worker Start (ms): Min: 150203.3, Avg: 150203.4, Max: 150203.4, Diff: 0.1]
      [Ext Root Scanning (ms): Min: 0.0, Avg: 0.1, Max: 0.1, Diff: 0.1, Sum: 0.6]
      [Update RS (ms): Min: 19.1, Avg: 19.2, Max: 19.8, Diff: 0.7, Sum: 153.9]
         [Processed Buffers: Min: 23, Avg: 23.8, Max: 26, Diff: 3, Sum: 190]
      [Scan RS (ms): Min: 17.2, Avg: 17.8, Max: 18.0, Diff: 0.8, Sum: 142.6]
      [Code Root Scanning (ms): Min: 0.0, Avg: 0.0, Max: 0.0, Diff: 0.0, Sum: 0.0]
      [Object Copy (ms): Min: 139.8, Avg: 139.9, Max: 139.9, Diff: 0.1, Sum: 1118.9]
      [Termination (ms): Min: 0.0, Avg: 0.0, Max: 0.0, Diff: 0.0, Sum: 0.2]
         [Termination Attempts: Min: 1, Avg: 170.9, Max: 217, Diff: 216, Sum: 1367]
      [GC Worker Other (ms): Min: 0.0, Avg: 0.0, Max: 0.1, Diff: 0.1, Sum: 0.3]
      [GC Worker Total (ms): Min: 177.0, Avg: 177.1, Max: 177.1, Diff: 0.2, Sum: 1416.5]
      [GC Worker End (ms): Min: 150380.4, Avg: 150380.4, Max: 150380.5, Diff: 0.0]
   [Code Root Fixup: 0.0 ms]
   [Code Root Purge: 0.0 ms]
   [Clear CT: 0.2 ms]
   [Other: 0.9 ms]
      [Choose CSet: 0.0 ms]
      [Ref Proc: 0.1 ms]
      [Ref Enq: 0.0 ms]
      [Redirty Cards: 0.3 ms]
      [Humongous Register: 0.1 ms]
      [Humongous Reclaim: 0.0 ms]
      [Free CSet: 0.3 ms]
   [Eden: 339.0M(339.0M)->0.0B(330.0M) Survivors: 44.0M->48.0M Heap: 794.0M(2048.0M)->795.5M(2048.0M)]
 [Times: user=1.50 sys=0.00, real=0.18 secs] 
2020-09-29T12:35:23.195+0200: 150.552: [GC pause (G1 Evacuation Pause) (young), 0.1773438 secs]
   [Parallel Time: 175.9 ms, GC Workers: 8]
      [GC Worker Start (ms): Min: 150552.4, Avg: 150552.5, Max: 150552.5, Diff: 0.2]
      [Ext Root Scanning (ms): Min: 0.0, Avg: 0.1, Max: 0.2, Diff: 0.2, Sum: 0.4]
      [Update RS (ms): Min: 22.6, Avg: 22.7, Max: 22.9, Diff: 0.3, Sum: 181.8]
         [Processed Buffers: Min: 27, Avg: 28.1, Max: 30, Diff: 3, Sum: 225]
      [Scan RS (ms): Min: 14.5, Avg: 14.7, Max: 14.9, Diff: 0.4, Sum: 117.5]
      [Code Root Scanning (ms): Min: 0.0, Avg: 0.0, Max: 0.0, Diff: 0.0, Sum: 0.0]
      [Object Copy (ms): Min: 138.0, Avg: 138.1, Max: 138.2, Diff: 0.2, Sum: 1104.7]
      [Termination (ms): Min: 0.0, Avg: 0.1, Max: 0.1, Diff: 0.1, Sum: 0.5]
         [Termination Attempts: Min: 1, Avg: 392.6, Max: 486, Diff: 485, Sum: 3141]
      [GC Worker Other (ms): Min: 0.0, Avg: 0.0, Max: 0.1, Diff: 0.1, Sum: 0.3]
      [GC Worker Total (ms): Min: 175.6, Avg: 175.7, Max: 175.8, Diff: 0.2, Sum: 1405.3]
      [GC Worker End (ms): Min: 150728.1, Avg: 150728.1, Max: 150728.2, Diff: 0.1]
   [Code Root Fixup: 0.0 ms]
   [Code Root Purge: 0.0 ms]
   [Clear CT: 0.2 ms]
   [Other: 1.2 ms]
      [Choose CSet: 0.0 ms]
      [Ref Proc: 0.2 ms]
      [Ref Enq: 0.0 ms]
      [Redirty Cards: 0.5 ms]
      [Humongous Register: 0.0 ms]
      [Humongous Reclaim: 0.0 ms]
      [Free CSet: 0.3 ms]
   [Eden: 330.0M(330.0M)->0.0B(325.0M) Survivors: 48.0M->48.0M Heap: 1180.8M(2048.0M)->1183.3M(2048.0M)]
 [Times: user=1.38 sys=0.00, real=0.18 secs] 
2020-09-29T12:35:23.381+0200: 150.739: [GC pause (G1 Humongous Allocation) (young) (initial-mark), 0.0701659 secs]
   [Parallel Time: 69.2 ms, GC Workers: 8]
      [GC Worker Start (ms): Min: 150738.8, Avg: 150738.9, Max: 150738.9, Diff: 0.2]
      [Ext Root Scanning (ms): Min: 0.0, Avg: 3.9, Max: 15.1, Diff: 15.0, Sum: 31.0]
      [Update RS (ms): Min: 30.3, Avg: 41.6, Max: 45.7, Diff: 15.4, Sum: 332.9]
         [Processed Buffers: Min: 39, Avg: 50.0, Max: 56, Diff: 17, Sum: 400]
      [Scan RS (ms): Min: 2.4, Avg: 2.8, Max: 3.1, Diff: 0.7, Sum: 22.8]
      [Code Root Scanning (ms): Min: 0.0, Avg: 0.0, Max: 0.0, Diff: 0.0, Sum: 0.0]
      [Object Copy (ms): Min: 20.7, Avg: 20.7, Max: 20.8, Diff: 0.1, Sum: 165.8]
      [Termination (ms): Min: 0.0, Avg: 0.0, Max: 0.0, Diff: 0.0, Sum: 0.1]
         [Termination Attempts: Min: 1, Avg: 104.3, Max: 134, Diff: 133, Sum: 834]
      [GC Worker Other (ms): Min: 0.0, Avg: 0.0, Max: 0.0, Diff: 0.0, Sum: 0.1]
      [GC Worker Total (ms): Min: 69.0, Avg: 69.1, Max: 69.1, Diff: 0.2, Sum: 552.7]
      [GC Worker End (ms): Min: 150807.9, Avg: 150807.9, Max: 150808.0, Diff: 0.0]
   [Code Root Fixup: 0.0 ms]
   [Code Root Purge: 0.0 ms]
   [Clear CT: 0.1 ms]
   [Other: 0.8 ms]
      [Choose CSet: 0.0 ms]
      [Ref Proc: 0.2 ms]
      [Ref Enq: 0.0 ms]
      [Redirty Cards: 0.2 ms]
      [Humongous Register: 0.1 ms]
      [Humongous Reclaim: 0.0 ms]
      [Free CSet: 0.1 ms]
   [Eden: 6144.0K(325.0M)->0.0B(321.0M) Survivors: 48.0M->7168.0K Heap: 1188.8M(2048.0M)->1191.3M(2048.0M)]
 [Times: user=0.47 sys=0.00, real=0.07 secs] 
2020-09-29T12:35:23.452+0200: 150.809: [GC concurrent-root-region-scan-start]
2020-09-29T12:35:23.454+0200: 150.811: [GC concurrent-root-region-scan-end, 0.0022439 secs]
2020-09-29T12:35:23.454+0200: 150.811: [GC concurrent-mark-start]
2020-09-29T12:35:23.458+0200: 150.815: [GC concurrent-mark-end, 0.0040726 secs]
2020-09-29T12:35:23.458+0200: 150.815: [GC remark 2020-09-29T12:35:23.458+0200: 150.815: [Finalize Marking, 0.0002005 secs] 2020-09-29T12:35:23.458+0200: 150.816: [GC ref-proc, 0.0002888 secs] 2020-09-29T12:35:23.459+0200: 150.816: [Unloading, 0.0004723 secs], 0.0012605 secs]
 [Times: user=0.00 sys=0.00, real=0.00 secs] 
2020-09-29T12:35:23.460+0200: 150.817: [GC cleanup 1204M->27M(2048M), 0.0012060 secs]
 [Times: user=0.00 sys=0.00, real=0.00 secs] 
2020-09-29T12:35:23.461+0200: 150.818: [GC concurrent-cleanup-start]
2020-09-29T12:35:23.463+0200: 150.820: [GC concurrent-cleanup-end, 0.0019335 secs]
2020-09-29T12:35:23.629+0200: 150.986: [GC pause (G1 Evacuation Pause) (young), 0.1525737 secs]
   [Parallel Time: 151.3 ms, GC Workers: 8]
      [GC Worker Start (ms): Min: 150986.3, Avg: 150986.4, Max: 150986.5, Diff: 0.2]
      [Ext Root Scanning (ms): Min: 0.0, Avg: 0.1, Max: 0.2, Diff: 0.2, Sum: 0.5]
      [Update RS (ms): Min: 18.1, Avg: 18.2, Max: 18.5, Diff: 0.4, Sum: 145.5]
         [Processed Buffers: Min: 18, Avg: 20.6, Max: 23, Diff: 5, Sum: 165]
      [Scan RS (ms): Min: 14.4, Avg: 14.8, Max: 14.9, Diff: 0.4, Sum: 118.1]
      [Code Root Scanning (ms): Min: 0.0, Avg: 0.0, Max: 0.0, Diff: 0.0, Sum: 0.0]
      [Object Copy (ms): Min: 117.9, Avg: 118.0, Max: 118.0, Diff: 0.1, Sum: 943.6]
      [Termination (ms): Min: 0.0, Avg: 0.0, Max: 0.0, Diff: 0.0, Sum: 0.1]
         [Termination Attempts: Min: 1, Avg: 65.1, Max: 91, Diff: 90, Sum: 521]
      [GC Worker Other (ms): Min: 0.0, Avg: 0.1, Max: 0.1, Diff: 0.1, Sum: 0.4]
      [GC Worker Total (ms): Min: 151.0, Avg: 151.0, Max: 151.1, Diff: 0.2, Sum: 1208.3]
      [GC Worker End (ms): Min: 151137.4, Avg: 151137.5, Max: 151137.5, Diff: 0.1]
   [Code Root Fixup: 0.0 ms]
   [Code Root Purge: 0.0 ms]
   [Clear CT: 0.2 ms]
   [Other: 1.1 ms]
      [Choose CSet: 0.0 ms]
      [Ref Proc: 0.2 ms]
      [Ref Enq: 0.0 ms]
      [Redirty Cards: 0.2 ms]
      [Humongous Register: 0.0 ms]
      [Humongous Reclaim: 0.0 ms]
      [Free CSet: 0.3 ms]
   [Eden: 321.0M(321.0M)->0.0B(339.0M) Survivors: 7168.0K->41.0M Heap: 390.8M(2048.0M)->385.3M(2048.0M)]
 [Times: user=1.25 sys=0.00, real=0.15 secs] 
2020-09-29T12:35:23.970+0200: 151.327: [GC pause (G1 Evacuation Pause) (young), 0.1817197 secs]
   [Parallel Time: 179.4 ms, GC Workers: 8]
      [GC Worker Start (ms): Min: 151327.2, Avg: 151327.3, Max: 151327.4, Diff: 0.2]
      [Ext Root Scanning (ms): Min: 0.0, Avg: 0.1, Max: 0.2, Diff: 0.2, Sum: 0.4]
      [Update RS (ms): Min: 19.7, Avg: 19.8, Max: 20.1, Diff: 0.4, Sum: 158.7]
         [Processed Buffers: Min: 22, Avg: 22.5, Max: 25, Diff: 3, Sum: 180]
      [Scan RS (ms): Min: 18.6, Avg: 18.9, Max: 19.2, Diff: 0.6, Sum: 151.0]
      [Code Root Scanning (ms): Min: 0.0, Avg: 0.0, Max: 0.0, Diff: 0.0, Sum: 0.0]
      [Object Copy (ms): Min: 140.2, Avg: 140.4, Max: 140.4, Diff: 0.2, Sum: 1123.0]
      [Termination (ms): Min: 0.0, Avg: 0.0, Max: 0.0, Diff: 0.0, Sum: 0.0]
         [Termination Attempts: Min: 1, Avg: 41.5, Max: 55, Diff: 54, Sum: 332]
      [GC Worker Other (ms): Min: 0.0, Avg: 0.0, Max: 0.1, Diff: 0.1, Sum: 0.3]
      [GC Worker Total (ms): Min: 179.1, Avg: 179.2, Max: 179.3, Diff: 0.3, Sum: 1433.5]
      [GC Worker End (ms): Min: 151506.5, Avg: 151506.5, Max: 151506.6, Diff: 0.1]
   [Code Root Fixup: 0.0 ms]
   [Code Root Purge: 0.0 ms]
   [Clear CT: 0.3 ms]
   [Other: 2.0 ms]
      [Choose CSet: 0.0 ms]
      [Ref Proc: 0.3 ms]
      [Ref Enq: 0.0 ms]
      [Redirty Cards: 0.8 ms]
      [Humongous Register: 0.0 ms]
      [Humongous Reclaim: 0.0 ms]
      [Free CSet: 0.3 ms]
   [Eden: 339.0M(339.0M)->0.0B(323.0M) Survivors: 41.0M->48.0M Heap: 779.6M(2048.0M)->781.6M(2048.0M)]
 [Times: user=1.50 sys=0.00, real=0.18 secs] 
2020-09-29T12:35:24.326+0200: 151.683: [GC pause (G1 Evacuation Pause) (young), 0.2031032 secs]
   [Parallel Time: 201.8 ms, GC Workers: 8]
      [GC Worker Start (ms): Min: 151683.5, Avg: 151683.8, Max: 151685.0, Diff: 1.5]
      [Ext Root Scanning (ms): Min: 0.0, Avg: 0.1, Max: 0.1, Diff: 0.1, Sum: 0.7]
      [Update RS (ms): Min: 19.1, Avg: 20.2, Max: 20.8, Diff: 1.7, Sum: 161.4]
         [Processed Buffers: Min: 22, Avg: 23.4, Max: 24, Diff: 2, Sum: 187]
      [Scan RS (ms): Min: 15.7, Avg: 16.3, Max: 16.8, Diff: 1.1, Sum: 130.3]
      [Code Root Scanning (ms): Min: 0.0, Avg: 0.0, Max: 0.0, Diff: 0.0, Sum: 0.0]
      [Object Copy (ms): Min: 163.7, Avg: 164.4, Max: 165.1, Diff: 1.4, Sum: 1315.0]
      [Termination (ms): Min: 0.0, Avg: 0.5, Max: 0.8, Diff: 0.8, Sum: 4.3]
         [Termination Attempts: Min: 1, Avg: 4141.8, Max: 5715, Diff: 5714, Sum: 33134]
      [GC Worker Other (ms): Min: 0.0, Avg: 0.0, Max: 0.1, Diff: 0.1, Sum: 0.4]
      [GC Worker Total (ms): Min: 200.3, Avg: 201.5, Max: 201.7, Diff: 1.4, Sum: 1612.1]
      [GC Worker End (ms): Min: 151885.2, Avg: 151885.3, Max: 151885.3, Diff: 0.1]
   [Code Root Fixup: 0.0 ms]
   [Code Root Purge: 0.0 ms]
   [Clear CT: 0.2 ms]
   [Other: 1.1 ms]
      [Choose CSet: 0.0 ms]
      [Ref Proc: 0.2 ms]
      [Ref Enq: 0.0 ms]
      [Redirty Cards: 0.3 ms]
      [Humongous Register: 0.1 ms]
      [Humongous Reclaim: 0.0 ms]
      [Free CSet: 0.4 ms]
   [Eden: 323.0M(323.0M)->0.0B(294.0M) Survivors: 48.0M->47.0M Heap: 1158.0M(2048.0M)->1160.0M(2048.0M)]
 [Times: user=1.61 sys=0.00, real=0.20 secs] 
2020-09-29T12:35:24.536+0200: 151.894: [GC pause (G1 Humongous Allocation) (young) (initial-mark), 0.0648881 secs]
   [Parallel Time: 64.0 ms, GC Workers: 8]
      [GC Worker Start (ms): Min: 151894.1, Avg: 151894.2, Max: 151894.3, Diff: 0.2]
      [Ext Root Scanning (ms): Min: 0.0, Avg: 0.5, Max: 3.1, Diff: 3.1, Sum: 4.1]
      [Update RS (ms): Min: 40.0, Avg: 42.3, Max: 42.8, Diff: 2.9, Sum: 338.8]
         [Processed Buffers: Min: 44, Avg: 50.5, Max: 54, Diff: 10, Sum: 404]
      [Scan RS (ms): Min: 2.4, Avg: 2.7, Max: 3.0, Diff: 0.6, Sum: 21.8]
      [Code Root Scanning (ms): Min: 0.0, Avg: 0.0, Max: 0.0, Diff: 0.0, Sum: 0.0]
      [Object Copy (ms): Min: 18.2, Avg: 18.2, Max: 18.2, Diff: 0.0, Sum: 145.7]
      [Termination (ms): Min: 0.0, Avg: 0.0, Max: 0.0, Diff: 0.0, Sum: 0.1]
         [Termination Attempts: Min: 1, Avg: 72.3, Max: 90, Diff: 89, Sum: 578]
      [GC Worker Other (ms): Min: 0.0, Avg: 0.0, Max: 0.0, Diff: 0.0, Sum: 0.2]
      [GC Worker Total (ms): Min: 63.7, Avg: 63.8, Max: 63.9, Diff: 0.2, Sum: 510.6]
      [GC Worker End (ms): Min: 151958.0, Avg: 151958.0, Max: 151958.1, Diff: 0.0]
   [Code Root Fixup: 0.0 ms]
   [Code Root Purge: 0.0 ms]
   [Clear CT: 0.2 ms]
   [Other: 0.7 ms]
      [Choose CSet: 0.0 ms]
      [Ref Proc: 0.1 ms]
      [Ref Enq: 0.0 ms]
      [Redirty Cards: 0.2 ms]
      [Humongous Register: 0.1 ms]
      [Humongous Reclaim: 0.0 ms]
      [Free CSet: 0.1 ms]
   [Eden: 2048.0K(294.0M)->0.0B(334.0M) Survivors: 47.0M->5120.0K Heap: 1161.5M(2048.0M)->1166.5M(2048.0M)]
 [Times: user=0.50 sys=0.00, real=0.07 secs] 
2020-09-29T12:35:24.601+0200: 151.959: [GC concurrent-root-region-scan-start]
2020-09-29T12:35:24.602+0200: 151.960: [GC concurrent-root-region-scan-end, 0.0005945 secs]
2020-09-29T12:35:24.602+0200: 151.960: [GC concurrent-mark-start]
2020-09-29T12:35:24.605+0200: 151.963: [GC concurrent-mark-end, 0.0033866 secs]
2020-09-29T12:35:24.605+0200: 151.963: [GC remark 2020-09-29T12:35:24.606+0200: 151.963: [Finalize Marking, 0.0001871 secs] 2020-09-29T12:35:24.606+0200: 151.964: [GC ref-proc, 0.0002930 secs] 2020-09-29T12:35:24.606+0200: 151.964: [Unloading, 0.0004435 secs], 0.0012909 secs]
 [Times: user=0.00 sys=0.00, real=0.00 secs] 
2020-09-29T12:35:24.607+0200: 151.965: [GC cleanup 1176M->22M(2048M), 0.0012767 secs]
 [Times: user=0.00 sys=0.00, real=0.00 secs] 
2020-09-29T12:35:24.609+0200: 151.966: [GC concurrent-cleanup-start]
2020-09-29T12:35:24.610+0200: 151.968: [GC concurrent-cleanup-end, 0.0015589 secs]
2020-09-29T12:35:24.779+0200: 152.137: [GC pause (G1 Evacuation Pause) (young), 0.1615797 secs]
   [Parallel Time: 158.8 ms, GC Workers: 8]
      [GC Worker Start (ms): Min: 152137.5, Avg: 152137.6, Max: 152137.7, Diff: 0.3]
      [Ext Root Scanning (ms): Min: 0.0, Avg: 0.1, Max: 0.2, Diff: 0.2, Sum: 0.8]
      [Update RS (ms): Min: 20.0, Avg: 20.5, Max: 21.0, Diff: 1.0, Sum: 164.2]
         [Processed Buffers: Min: 20, Avg: 23.0, Max: 26, Diff: 6, Sum: 184]
      [Scan RS (ms): Min: 12.8, Avg: 13.3, Max: 13.6, Diff: 0.7, Sum: 106.0]
      [Code Root Scanning (ms): Min: 0.0, Avg: 0.0, Max: 0.0, Diff: 0.0, Sum: 0.0]
      [Object Copy (ms): Min: 124.5, Avg: 124.6, Max: 124.7, Diff: 0.2, Sum: 997.0]
      [Termination (ms): Min: 0.0, Avg: 0.1, Max: 0.1, Diff: 0.1, Sum: 0.5]
         [Termination Attempts: Min: 1, Avg: 494.6, Max: 634, Diff: 633, Sum: 3957]
      [GC Worker Other (ms): Min: 0.0, Avg: 0.1, Max: 0.3, Diff: 0.3, Sum: 0.5]
      [GC Worker Total (ms): Min: 158.5, Avg: 158.6, Max: 158.7, Diff: 0.3, Sum: 1269.0]
      [GC Worker End (ms): Min: 152296.2, Avg: 152296.2, Max: 152296.2, Diff: 0.1]
   [Code Root Fixup: 0.0 ms]
   [Code Root Purge: 0.0 ms]
   [Clear CT: 0.2 ms]
   [Other: 2.5 ms]
      [Choose CSet: 0.0 ms]
      [Ref Proc: 0.2 ms]
      [Ref Enq: 0.0 ms]
      [Redirty Cards: 1.8 ms]
      [Humongous Register: 0.1 ms]
      [Humongous Reclaim: 0.0 ms]
      [Free CSet: 0.2 ms]
   [Eden: 334.0M(334.0M)->0.0B(322.0M) Survivors: 5120.0K->43.0M Heap: 403.7M(2048.0M)->401.7M(2048.0M)]
 [Times: user=1.17 sys=0.02, real=0.16 secs] 
2020-09-29T12:35:25.119+0200: 152.477: [GC pause (G1 Evacuation Pause) (young), 0.1664020 secs]
   [Parallel Time: 165.0 ms, GC Workers: 8]
      [GC Worker Start (ms): Min: 152477.1, Avg: 152477.2, Max: 152477.2, Diff: 0.2]
      [Ext Root Scanning (ms): Min: 0.0, Avg: 0.1, Max: 0.2, Diff: 0.2, Sum: 0.5]
      [Update RS (ms): Min: 15.7, Avg: 15.9, Max: 16.3, Diff: 0.5, Sum: 127.1]
         [Processed Buffers: Min: 19, Avg: 19.9, Max: 22, Diff: 3, Sum: 159]
      [Scan RS (ms): Min: 16.6, Avg: 17.0, Max: 17.3, Diff: 0.7, Sum: 136.1]
      [Code Root Scanning (ms): Min: 0.0, Avg: 0.0, Max: 0.0, Diff: 0.0, Sum: 0.0]
      [Object Copy (ms): Min: 131.6, Avg: 131.7, Max: 131.7, Diff: 0.1, Sum: 1053.4]
      [Termination (ms): Min: 0.0, Avg: 0.0, Max: 0.0, Diff: 0.0, Sum: 0.1]
         [Termination Attempts: Min: 1, Avg: 70.9, Max: 93, Diff: 92, Sum: 567]
      [GC Worker Other (ms): Min: 0.0, Avg: 0.0, Max: 0.1, Diff: 0.1, Sum: 0.4]
      [GC Worker Total (ms): Min: 164.6, Avg: 164.7, Max: 164.8, Diff: 0.2, Sum: 1317.6]
      [GC Worker End (ms): Min: 152641.8, Avg: 152641.9, Max: 152641.9, Diff: 0.1]
   [Code Root Fixup: 0.0 ms]
   [Code Root Purge: 0.0 ms]
   [Clear CT: 0.3 ms]
   [Other: 1.2 ms]
      [Choose CSet: 0.0 ms]
      [Ref Proc: 0.1 ms]
      [Ref Enq: 0.0 ms]
      [Redirty Cards: 0.4 ms]
      [Humongous Register: 0.0 ms]
      [Humongous Reclaim: 0.0 ms]
      [Free CSet: 0.3 ms]
   [Eden: 322.0M(322.0M)->0.0B(322.0M) Survivors: 43.0M->46.0M Heap: 777.1M(2048.0M)->779.6M(2048.0M)]
 [Times: user=1.27 sys=0.00, real=0.17 secs] 
2020-09-29T12:35:25.470+0200: 152.828: [GC pause (G1 Evacuation Pause) (young), 0.1683443 secs]
   [Parallel Time: 167.1 ms, GC Workers: 8]
      [GC Worker Start (ms): Min: 152827.9, Avg: 152828.0, Max: 152828.1, Diff: 0.2]
      [Ext Root Scanning (ms): Min: 0.0, Avg: 0.1, Max: 0.1, Diff: 0.1, Sum: 0.4]
      [Update RS (ms): Min: 18.1, Avg: 18.3, Max: 18.5, Diff: 0.4, Sum: 146.6]
         [Processed Buffers: Min: 21, Avg: 22.8, Max: 25, Diff: 4, Sum: 182]
      [Scan RS (ms): Min: 15.5, Avg: 15.7, Max: 15.9, Diff: 0.4, Sum: 125.8]
      [Code Root Scanning (ms): Min: 0.0, Avg: 0.0, Max: 0.0, Diff: 0.0, Sum: 0.0]
      [Object Copy (ms): Min: 132.6, Avg: 132.8, Max: 132.9, Diff: 0.2, Sum: 1062.4]
      [Termination (ms): Min: 0.0, Avg: 0.0, Max: 0.0, Diff: 0.0, Sum: 0.1]
         [Termination Attempts: Min: 1, Avg: 47.5, Max: 67, Diff: 66, Sum: 380]
      [GC Worker Other (ms): Min: 0.0, Avg: 0.0, Max: 0.1, Diff: 0.1, Sum: 0.3]
      [GC Worker Total (ms): Min: 166.9, Avg: 167.0, Max: 167.1, Diff: 0.2, Sum: 1335.6]
      [GC Worker End (ms): Min: 152994.9, Avg: 152995.0, Max: 152995.0, Diff: 0.1]
   [Code Root Fixup: 0.0 ms]
   [Code Root Purge: 0.0 ms]
   [Clear CT: 0.2 ms]
   [Other: 1.0 ms]
      [Choose CSet: 0.0 ms]
      [Ref Proc: 0.2 ms]
      [Ref Enq: 0.0 ms]
      [Redirty Cards: 0.2 ms]
      [Humongous Register: 0.1 ms]
      [Humongous Reclaim: 0.0 ms]
      [Free CSet: 0.4 ms]
   [Eden: 322.0M(322.0M)->0.0B(328.0M) Survivors: 46.0M->46.0M Heap: 1155.0M(2048.0M)->1157.5M(2048.0M)]
 [Times: user=1.38 sys=0.00, real=0.17 secs] 
2020-09-29T12:35:25.654+0200: 153.012: [GC pause (G1 Humongous Allocation) (young) (initial-mark), 0.0805987 secs]
   [Parallel Time: 79.5 ms, GC Workers: 8]
      [GC Worker Start (ms): Min: 153012.3, Avg: 153012.4, Max: 153012.5, Diff: 0.2]
      [Ext Root Scanning (ms): Min: 0.0, Avg: 5.0, Max: 25.1, Diff: 25.1, Sum: 39.7]
      [Update RS (ms): Min: 13.2, Avg: 33.8, Max: 39.5, Diff: 26.3, Sum: 270.4]
         [Processed Buffers: Min: 16, Avg: 38.1, Max: 47, Diff: 31, Sum: 305]
      [Scan RS (ms): Min: 0.9, Avg: 2.9, Max: 3.5, Diff: 2.6, Sum: 23.0]
      [Code Root Scanning (ms): Min: 0.0, Avg: 0.0, Max: 0.0, Diff: 0.0, Sum: 0.0]
      [Object Copy (ms): Min: 37.3, Avg: 37.4, Max: 37.6, Diff: 0.4, Sum: 298.9]
      [Termination (ms): Min: 0.0, Avg: 0.3, Max: 0.4, Diff: 0.4, Sum: 2.4]
         [Termination Attempts: Min: 1, Avg: 2013.0, Max: 2440, Diff: 2439, Sum: 16104]
      [GC Worker Other (ms): Min: 0.0, Avg: 0.0, Max: 0.0, Diff: 0.0, Sum: 0.2]
      [GC Worker Total (ms): Min: 79.2, Avg: 79.3, Max: 79.4, Diff: 0.2, Sum: 634.6]
      [GC Worker End (ms): Min: 153091.7, Avg: 153091.7, Max: 153091.7, Diff: 0.0]
   [Code Root Fixup: 0.0 ms]
   [Code Root Purge: 0.0 ms]
   [Clear CT: 0.2 ms]
   [Other: 0.9 ms]
      [Choose CSet: 0.0 ms]
      [Ref Proc: 0.2 ms]
      [Ref Enq: 0.0 ms]
      [Redirty Cards: 0.2 ms]
      [Humongous Register: 0.1 ms]
      [Humongous Reclaim: 0.0 ms]
      [Free CSet: 0.1 ms]
   [Eden: 7168.0K(328.0M)->0.0B(264.0M) Survivors: 46.0M->8192.0K Heap: 1164.0M(2048.0M)->1167.5M(2048.0M)]
 [Times: user=0.52 sys=0.00, real=0.08 secs] 
2020-09-29T12:35:25.735+0200: 153.093: [GC concurrent-root-region-scan-start]
2020-09-29T12:35:25.737+0200: 153.095: [GC concurrent-root-region-scan-end, 0.0016539 secs]
2020-09-29T12:35:25.737+0200: 153.095: [GC concurrent-mark-start]
2020-09-29T12:35:25.740+0200: 153.098: [GC concurrent-mark-end, 0.0028749 secs]
2020-09-29T12:35:25.740+0200: 153.098: [GC remark 2020-09-29T12:35:25.740+0200: 153.098: [Finalize Marking, 0.0002344 secs] 2020-09-29T12:35:25.740+0200: 153.098: [GC ref-proc, 0.0002814 secs] 2020-09-29T12:35:25.740+0200: 153.098: [Unloading, 0.0003982 secs], 0.0012335 secs]
 [Times: user=0.00 sys=0.00, real=0.00 secs] 
2020-09-29T12:35:25.742+0200: 153.099: [GC cleanup 1178M->26M(2048M), 0.0016423 secs]
 [Times: user=0.00 sys=0.00, real=0.00 secs] 
2020-09-29T12:35:25.743+0200: 153.101: [GC concurrent-cleanup-start]
2020-09-29T12:35:25.745+0200: 153.103: [GC concurrent-cleanup-end, 0.0014471 secs]
2020-09-29T12:35:25.876+0200: 153.233: [GC pause (G1 Evacuation Pause) (young), 0.1315999 secs]
   [Parallel Time: 130.5 ms, GC Workers: 8]
      [GC Worker Start (ms): Min: 153233.4, Avg: 153233.5, Max: 153233.6, Diff: 0.2]
      [Ext Root Scanning (ms): Min: 0.0, Avg: 0.1, Max: 0.2, Diff: 0.2, Sum: 0.5]
      [Update RS (ms): Min: 18.0, Avg: 18.1, Max: 18.3, Diff: 0.3, Sum: 145.0]
         [Processed Buffers: Min: 22, Avg: 23.4, Max: 25, Diff: 3, Sum: 187]
      [Scan RS (ms): Min: 8.5, Avg: 9.3, Max: 13.5, Diff: 4.9, Sum: 74.7]
      [Code Root Scanning (ms): Min: 0.0, Avg: 0.0, Max: 0.0, Diff: 0.0, Sum: 0.0]
      [Object Copy (ms): Min: 98.6, Avg: 102.6, Max: 103.2, Diff: 4.6, Sum: 821.1]
      [Termination (ms): Min: 0.0, Avg: 0.0, Max: 0.0, Diff: 0.0, Sum: 0.2]
         [Termination Attempts: Min: 1, Avg: 147.8, Max: 193, Diff: 192, Sum: 1182]
      [GC Worker Other (ms): Min: 0.0, Avg: 0.0, Max: 0.1, Diff: 0.1, Sum: 0.4]
      [GC Worker Total (ms): Min: 130.2, Avg: 130.2, Max: 130.3, Diff: 0.2, Sum: 1041.9]
      [GC Worker End (ms): Min: 153363.7, Avg: 153363.8, Max: 153363.8, Diff: 0.1]
   [Code Root Fixup: 0.0 ms]
   [Code Root Purge: 0.0 ms]
   [Clear CT: 0.2 ms]
   [Other: 1.0 ms]
      [Choose CSet: 0.0 ms]
      [Ref Proc: 0.2 ms]
      [Ref Enq: 0.0 ms]
      [Redirty Cards: 0.2 ms]
      [Humongous Register: 0.0 ms]
      [Humongous Reclaim: 0.0 ms]
      [Free CSet: 0.3 ms]
   [Eden: 264.0M(264.0M)->0.0B(270.0M) Survivors: 8192.0K->34.0M Heap: 325.8M(2048.0M)->319.3M(2048.0M)]
 [Times: user=1.09 sys=0.00, real=0.13 secs] 
2020-09-29T12:35:26.159+0200: 153.517: [GC pause (G1 Evacuation Pause) (young), 0.1433400 secs]
   [Parallel Time: 142.1 ms, GC Workers: 8]
      [GC Worker Start (ms): Min: 153517.0, Avg: 153517.1, Max: 153517.1, Diff: 0.1]
      [Ext Root Scanning (ms): Min: 0.0, Avg: 0.1, Max: 0.1, Diff: 0.1, Sum: 0.6]
      [Update RS (ms): Min: 19.6, Avg: 19.9, Max: 20.4, Diff: 0.8, Sum: 159.4]
         [Processed Buffers: Min: 20, Avg: 21.8, Max: 24, Diff: 4, Sum: 174]
      [Scan RS (ms): Min: 11.5, Avg: 12.0, Max: 12.3, Diff: 0.8, Sum: 95.9]
      [Code Root Scanning (ms): Min: 0.0, Avg: 0.0, Max: 0.0, Diff: 0.0, Sum: 0.0]
      [Object Copy (ms): Min: 109.8, Avg: 109.9, Max: 109.9, Diff: 0.1, Sum: 879.0]
      [Termination (ms): Min: 0.0, Avg: 0.0, Max: 0.0, Diff: 0.0, Sum: 0.2]
         [Termination Attempts: Min: 1, Avg: 141.1, Max: 189, Diff: 188, Sum: 1129]
      [GC Worker Other (ms): Min: 0.0, Avg: 0.0, Max: 0.1, Diff: 0.1, Sum: 0.3]
      [GC Worker Total (ms): Min: 141.8, Avg: 141.9, Max: 142.0, Diff: 0.1, Sum: 1135.4]
      [GC Worker End (ms): Min: 153659.0, Avg: 153659.0, Max: 153659.0, Diff: 0.1]
   [Code Root Fixup: 0.0 ms]
   [Code Root Purge: 0.0 ms]
   [Clear CT: 0.3 ms]
   [Other: 0.9 ms]
      [Choose CSet: 0.0 ms]
      [Ref Proc: 0.1 ms]
      [Ref Enq: 0.0 ms]
      [Redirty Cards: 0.3 ms]
      [Humongous Register: 0.1 ms]
      [Humongous Reclaim: 0.0 ms]
      [Free CSet: 0.3 ms]
   [Eden: 270.0M(270.0M)->0.0B(283.0M) Survivors: 34.0M->38.0M Heap: 633.1M(2048.0M)->635.6M(2048.0M)]
 [Times: user=1.14 sys=0.02, real=0.14 secs] 
2020-09-29T12:35:26.474+0200: 153.831: [GC pause (G1 Evacuation Pause) (young), 0.2724094 secs]
   [Parallel Time: 270.7 ms, GC Workers: 8]
      [GC Worker Start (ms): Min: 153831.6, Avg: 153831.7, Max: 153831.8, Diff: 0.3]
      [Ext Root Scanning (ms): Min: 0.0, Avg: 0.1, Max: 0.2, Diff: 0.2, Sum: 0.7]
      [Update RS (ms): Min: 31.7, Avg: 32.0, Max: 32.6, Diff: 1.0, Sum: 255.7]
         [Processed Buffers: Min: 19, Avg: 23.0, Max: 27, Diff: 8, Sum: 184]
      [Scan RS (ms): Min: 21.8, Avg: 22.5, Max: 22.9, Diff: 1.1, Sum: 180.3]
      [Code Root Scanning (ms): Min: 0.0, Avg: 0.0, Max: 0.0, Diff: 0.0, Sum: 0.0]
      [Object Copy (ms): Min: 215.7, Avg: 215.7, Max: 215.8, Diff: 0.1, Sum: 1725.7]
      [Termination (ms): Min: 0.0, Avg: 0.0, Max: 0.0, Diff: 0.0, Sum: 0.3]
         [Termination Attempts: Min: 1, Avg: 124.6, Max: 167, Diff: 166, Sum: 997]
      [GC Worker Other (ms): Min: 0.0, Avg: 0.1, Max: 0.1, Diff: 0.1, Sum: 0.4]
      [GC Worker Total (ms): Min: 270.3, Avg: 270.4, Max: 270.5, Diff: 0.2, Sum: 2163.1]
      [GC Worker End (ms): Min: 154102.1, Avg: 154102.1, Max: 154102.1, Diff: 0.1]
   [Code Root Fixup: 0.0 ms]
   [Code Root Purge: 0.0 ms]
   [Clear CT: 0.3 ms]
   [Other: 1.4 ms]
      [Choose CSet: 0.0 ms]
      [Ref Proc: 0.3 ms]
      [Ref Enq: 0.0 ms]
      [Redirty Cards: 0.4 ms]
      [Humongous Register: 0.1 ms]
      [Humongous Reclaim: 0.0 ms]
      [Free CSet: 0.4 ms]
   [Eden: 283.0M(283.0M)->0.0B(198.0M) Survivors: 38.0M->41.0M Heap: 966.3M(2048.0M)->968.3M(2048.0M)]
 [Times: user=2.09 sys=0.00, real=0.27 secs] 
2020-09-29T12:35:26.759+0200: 154.117: [GC pause (G1 Humongous Allocation) (young) (initial-mark), 0.0946392 secs]
   [Parallel Time: 93.1 ms, GC Workers: 8]
      [GC Worker Start (ms): Min: 154116.8, Avg: 154117.0, Max: 154117.1, Diff: 0.3]
      [Ext Root Scanning (ms): Min: 0.0, Avg: 0.2, Max: 0.3, Diff: 0.3, Sum: 1.6]
      [Update RS (ms): Min: 55.3, Avg: 55.7, Max: 56.1, Diff: 0.8, Sum: 445.5]
         [Processed Buffers: Min: 40, Avg: 42.8, Max: 45, Diff: 5, Sum: 342]
      [Scan RS (ms): Min: 3.6, Avg: 4.0, Max: 4.4, Diff: 0.8, Sum: 31.9]
      [Code Root Scanning (ms): Min: 0.0, Avg: 0.0, Max: 0.0, Diff: 0.0, Sum: 0.0]
      [Object Copy (ms): Min: 32.8, Avg: 32.9, Max: 33.0, Diff: 0.2, Sum: 262.9]
      [Termination (ms): Min: 0.0, Avg: 0.1, Max: 0.1, Diff: 0.1, Sum: 0.4]
         [Termination Attempts: Min: 1, Avg: 206.1, Max: 320, Diff: 319, Sum: 1649]
      [GC Worker Other (ms): Min: 0.0, Avg: 0.0, Max: 0.1, Diff: 0.1, Sum: 0.3]
      [GC Worker Total (ms): Min: 92.7, Avg: 92.8, Max: 93.0, Diff: 0.3, Sum: 742.7]
      [GC Worker End (ms): Min: 154209.8, Avg: 154209.8, Max: 154209.9, Diff: 0.1]
   [Code Root Fixup: 0.0 ms]
   [Code Root Purge: 0.0 ms]
   [Clear CT: 0.3 ms]
   [Other: 1.2 ms]
      [Choose CSet: 0.0 ms]
      [Ref Proc: 0.3 ms]
      [Ref Enq: 0.0 ms]
      [Redirty Cards: 0.2 ms]
      [Humongous Register: 0.1 ms]
      [Humongous Reclaim: 0.0 ms]
      [Free CSet: 0.1 ms]
   [Eden: 8192.0K(198.0M)->0.0B(203.0M) Survivors: 41.0M->9216.0K Heap: 975.8M(2048.0M)->979.3M(2048.0M)]
 [Times: user=0.75 sys=0.00, real=0.09 secs] 
2020-09-29T12:35:26.853+0200: 154.212: [GC concurrent-root-region-scan-start]
2020-09-29T12:35:26.858+0200: 154.216: [GC concurrent-root-region-scan-end, 0.0047797 secs]
2020-09-29T12:35:26.858+0200: 154.216: [GC concurrent-mark-start]
2020-09-29T12:35:26.865+0200: 154.223: [GC concurrent-mark-end, 0.0063362 secs]
2020-09-29T12:35:26.865+0200: 154.223: [GC remark 2020-09-29T12:35:26.865+0200: 154.223: [Finalize Marking, 0.0003852 secs] 2020-09-29T12:35:26.866+0200: 154.224: [GC ref-proc, 0.0005676 secs] 2020-09-29T12:35:26.866+0200: 154.224: [Unloading, 0.0008476 secs], 0.0022470 secs]
 [Times: user=0.00 sys=0.00, real=0.00 secs] 
2020-09-29T12:35:26.868+0200: 154.226: [GC cleanup 996M->33M(2048M), 0.0018399 secs]
 [Times: user=0.00 sys=0.00, real=0.00 secs] 
2020-09-29T12:35:26.870+0200: 154.228: [GC concurrent-cleanup-start]
2020-09-29T12:35:26.872+0200: 154.230: [GC concurrent-cleanup-end, 0.0020893 secs]
2020-09-29T12:35:27.030+0200: 154.388: [GC pause (G1 Evacuation Pause) (young), 0.1617324 secs]
   [Parallel Time: 159.9 ms, GC Workers: 8]
      [GC Worker Start (ms): Min: 154387.7, Avg: 154387.8, Max: 154387.9, Diff: 0.2]
      [Ext Root Scanning (ms): Min: 0.0, Avg: 0.1, Max: 0.2, Diff: 0.2, Sum: 0.8]
      [Update RS (ms): Min: 25.3, Avg: 25.6, Max: 26.2, Diff: 0.9, Sum: 204.6]
         [Processed Buffers: Min: 18, Avg: 19.0, Max: 20, Diff: 2, Sum: 152]
      [Scan RS (ms): Min: 9.1, Avg: 9.8, Max: 10.1, Diff: 0.9, Sum: 78.1]
      [Code Root Scanning (ms): Min: 0.0, Avg: 0.0, Max: 0.0, Diff: 0.0, Sum: 0.0]
      [Object Copy (ms): Min: 124.1, Avg: 124.2, Max: 124.2, Diff: 0.1, Sum: 993.4]
      [Termination (ms): Min: 0.0, Avg: 0.0, Max: 0.0, Diff: 0.0, Sum: 0.2]
         [Termination Attempts: Min: 1, Avg: 82.6, Max: 109, Diff: 108, Sum: 661]
      [GC Worker Other (ms): Min: 0.0, Avg: 0.0, Max: 0.1, Diff: 0.1, Sum: 0.3]
      [GC Worker Total (ms): Min: 159.6, Avg: 159.7, Max: 159.8, Diff: 0.2, Sum: 1277.4]
      [GC Worker End (ms): Min: 154547.5, Avg: 154547.5, Max: 154547.6, Diff: 0.1]
   [Code Root Fixup: 0.0 ms]
   [Code Root Purge: 0.0 ms]
   [Clear CT: 0.5 ms]
   [Other: 1.3 ms]
      [Choose CSet: 0.0 ms]
      [Ref Proc: 0.4 ms]
      [Ref Enq: 0.0 ms]
      [Redirty Cards: 0.4 ms]
      [Humongous Register: 0.1 ms]
      [Humongous Reclaim: 0.0 ms]
      [Free CSet: 0.2 ms]
   [Eden: 203.0M(203.0M)->0.0B(191.0M) Survivors: 9216.0K->27.0M Heap: 254.3M(2048.0M)->247.3M(2048.0M)]
 [Times: user=1.25 sys=0.00, real=0.16 secs] 
2020-09-29T12:35:27.355+0200: 154.713: [GC pause (G1 Evacuation Pause) (young), 0.1839712 secs]
   [Parallel Time: 181.1 ms, GC Workers: 8]
      [GC Worker Start (ms): Min: 154713.1, Avg: 154713.1, Max: 154713.2, Diff: 0.2]
      [Ext Root Scanning (ms): Min: 0.0, Avg: 0.1, Max: 0.2, Diff: 0.2, Sum: 0.9]
      [Update RS (ms): Min: 28.0, Avg: 28.7, Max: 31.8, Diff: 3.8, Sum: 229.3]
         [Processed Buffers: Min: 18, Avg: 20.1, Max: 23, Diff: 5, Sum: 161]
      [Scan RS (ms): Min: 8.4, Avg: 11.5, Max: 12.2, Diff: 3.8, Sum: 92.0]
      [Code Root Scanning (ms): Min: 0.0, Avg: 0.0, Max: 0.0, Diff: 0.0, Sum: 0.0]
      [Object Copy (ms): Min: 140.4, Avg: 140.5, Max: 140.6, Diff: 0.1, Sum: 1124.1]
      [Termination (ms): Min: 0.0, Avg: 0.0, Max: 0.0, Diff: 0.0, Sum: 0.0]
         [Termination Attempts: Min: 1, Avg: 18.0, Max: 27, Diff: 26, Sum: 144]
      [GC Worker Other (ms): Min: 0.0, Avg: 0.1, Max: 0.1, Diff: 0.1, Sum: 0.4]
      [GC Worker Total (ms): Min: 180.8, Avg: 180.9, Max: 180.9, Diff: 0.1, Sum: 1446.9]
      [GC Worker End (ms): Min: 154894.0, Avg: 154894.0, Max: 154894.0, Diff: 0.1]
   [Code Root Fixup: 0.0 ms]
   [Code Root Purge: 0.0 ms]
   [Clear CT: 0.3 ms]
   [Other: 2.6 ms]
      [Choose CSet: 0.0 ms]
      [Ref Proc: 0.3 ms]
      [Ref Enq: 0.0 ms]
      [Redirty Cards: 1.7 ms]
      [Humongous Register: 0.1 ms]
      [Humongous Reclaim: 0.0 ms]
      [Free CSet: 0.2 ms]
   [Eden: 191.0M(191.0M)->0.0B(182.0M) Survivors: 27.0M->28.0M Heap: 470.8M(2048.0M)->472.3M(2048.0M)]
 [Times: user=1.49 sys=0.02, real=0.18 secs] 
2020-09-29T12:35:27.697+0200: 155.055: [GC pause (G1 Evacuation Pause) (young), 0.1660487 secs]
   [Parallel Time: 164.3 ms, GC Workers: 8]
      [GC Worker Start (ms): Min: 155055.0, Avg: 155055.2, Max: 155055.3, Diff: 0.3]
      [Ext Root Scanning (ms): Min: 0.0, Avg: 0.1, Max: 0.2, Diff: 0.2, Sum: 0.7]
      [Update RS (ms): Min: 21.1, Avg: 21.4, Max: 22.1, Diff: 0.9, Sum: 171.0]
         [Processed Buffers: Min: 15, Avg: 16.5, Max: 18, Diff: 3, Sum: 132]
      [Scan RS (ms): Min: 11.9, Avg: 12.6, Max: 12.8, Diff: 0.8, Sum: 100.4]
      [Code Root Scanning (ms): Min: 0.0, Avg: 0.0, Max: 0.0, Diff: 0.0, Sum: 0.0]
      [Object Copy (ms): Min: 129.8, Avg: 129.9, Max: 129.9, Diff: 0.2, Sum: 1038.9]
      [Termination (ms): Min: 0.0, Avg: 0.0, Max: 0.0, Diff: 0.0, Sum: 0.1]
         [Termination Attempts: Min: 1, Avg: 45.9, Max: 59, Diff: 58, Sum: 367]
      [GC Worker Other (ms): Min: 0.0, Avg: 0.1, Max: 0.1, Diff: 0.1, Sum: 0.4]
      [GC Worker Total (ms): Min: 163.8, Avg: 163.9, Max: 164.1, Diff: 0.2, Sum: 1311.5]
      [GC Worker End (ms): Min: 155219.1, Avg: 155219.1, Max: 155219.2, Diff: 0.1]
   [Code Root Fixup: 0.0 ms]
   [Code Root Purge: 0.0 ms]
   [Clear CT: 0.3 ms]
   [Other: 1.4 ms]
      [Choose CSet: 0.0 ms]
      [Ref Proc: 0.3 ms]
      [Ref Enq: 0.0 ms]
      [Redirty Cards: 0.4 ms]
      [Humongous Register: 0.1 ms]
      [Humongous Reclaim: 0.0 ms]
      [Free CSet: 0.3 ms]
   [Eden: 182.0M(182.0M)->0.0B(186.0M) Survivors: 28.0M->27.0M Heap: 684.8M(2048.0M)->686.8M(2048.0M)]
 [Times: user=1.27 sys=0.00, real=0.17 secs] 
2020-09-29T12:35:28.029+0200: 155.387: [GC pause (G1 Evacuation Pause) (young), 0.1634115 secs]
   [Parallel Time: 161.8 ms, GC Workers: 8]
      [GC Worker Start (ms): Min: 155386.9, Avg: 155387.0, Max: 155387.1, Diff: 0.3]
      [Ext Root Scanning (ms): Min: 0.0, Avg: 0.1, Max: 0.2, Diff: 0.2, Sum: 0.7]
      [Update RS (ms): Min: 17.7, Avg: 18.0, Max: 18.3, Diff: 0.7, Sum: 144.3]
         [Processed Buffers: Min: 13, Avg: 13.9, Max: 17, Diff: 4, Sum: 111]
      [Scan RS (ms): Min: 14.1, Avg: 14.2, Max: 14.6, Diff: 0.5, Sum: 114.0]
      [Code Root Scanning (ms): Min: 0.0, Avg: 0.0, Max: 0.0, Diff: 0.0, Sum: 0.0]
      [Object Copy (ms): Min: 128.9, Avg: 129.0, Max: 129.1, Diff: 0.2, Sum: 1032.3]
      [Termination (ms): Min: 0.0, Avg: 0.0, Max: 0.0, Diff: 0.0, Sum: 0.0]
         [Termination Attempts: Min: 1, Avg: 12.6, Max: 20, Diff: 19, Sum: 101]
      [GC Worker Other (ms): Min: 0.0, Avg: 0.1, Max: 0.1, Diff: 0.1, Sum: 0.4]
      [GC Worker Total (ms): Min: 161.4, Avg: 161.5, Max: 161.6, Diff: 0.3, Sum: 1291.7]
      [GC Worker End (ms): Min: 155548.5, Avg: 155548.5, Max: 155548.5, Diff: 0.1]
   [Code Root Fixup: 0.0 ms]
   [Code Root Purge: 0.0 ms]
   [Clear CT: 0.3 ms]
   [Other: 1.4 ms]
      [Choose CSet: 0.0 ms]
      [Ref Proc: 0.3 ms]
      [Ref Enq: 0.0 ms]
      [Redirty Cards: 0.6 ms]
      [Humongous Register: 0.1 ms]
      [Humongous Reclaim: 0.0 ms]
      [Free CSet: 0.2 ms]
   [Eden: 186.0M(186.0M)->0.0B(191.0M) Survivors: 27.0M->27.0M Heap: 903.3M(2048.0M)->905.8M(2048.0M)]
 [Times: user=1.25 sys=0.00, real=0.16 secs] 
2020-09-29T12:35:28.360+0200: 155.718: [GC pause (G1 Evacuation Pause) (young), 0.1730627 secs]
   [Parallel Time: 171.3 ms, GC Workers: 8]
      [GC Worker Start (ms): Min: 155718.0, Avg: 155718.2, Max: 155718.3, Diff: 0.2]
      [Ext Root Scanning (ms): Min: 0.0, Avg: 0.1, Max: 0.2, Diff: 0.2, Sum: 0.7]
      [Update RS (ms): Min: 20.4, Avg: 20.6, Max: 20.8, Diff: 0.4, Sum: 164.7]
         [Processed Buffers: Min: 12, Avg: 15.4, Max: 18, Diff: 6, Sum: 123]
      [Scan RS (ms): Min: 14.1, Avg: 14.3, Max: 14.5, Diff: 0.4, Sum: 114.8]
      [Code Root Scanning (ms): Min: 0.0, Avg: 0.0, Max: 0.0, Diff: 0.0, Sum: 0.0]
      [Object Copy (ms): Min: 135.8, Avg: 135.9, Max: 135.9, Diff: 0.1, Sum: 1087.0]
      [Termination (ms): Min: 0.0, Avg: 0.0, Max: 0.0, Diff: 0.0, Sum: 0.2]
         [Termination Attempts: Min: 1, Avg: 103.6, Max: 130, Diff: 129, Sum: 829]
      [GC Worker Other (ms): Min: 0.0, Avg: 0.0, Max: 0.1, Diff: 0.1, Sum: 0.4]
      [GC Worker Total (ms): Min: 170.8, Avg: 171.0, Max: 171.1, Diff: 0.3, Sum: 1367.8]
      [GC Worker End (ms): Min: 155889.1, Avg: 155889.1, Max: 155889.2, Diff: 0.1]
   [Code Root Fixup: 0.0 ms]
   [Code Root Purge: 0.0 ms]
   [Clear CT: 0.3 ms]
   [Other: 1.5 ms]
      [Choose CSet: 0.0 ms]
      [Ref Proc: 0.3 ms]
      [Ref Enq: 0.0 ms]
      [Redirty Cards: 0.7 ms]
      [Humongous Register: 0.1 ms]
      [Humongous Reclaim: 0.0 ms]
      [Free CSet: 0.2 ms]
   [Eden: 191.0M(191.0M)->0.0B(192.0M) Survivors: 27.0M->28.0M Heap: 1129.2M(2048.0M)->1131.2M(2048.0M)]
 [Times: user=1.34 sys=0.00, real=0.17 secs] 
2020-09-29T12:35:28.548+0200: 155.905: [GC pause (G1 Humongous Allocation) (young) (initial-mark), 0.0625515 secs]
   [Parallel Time: 61.2 ms, GC Workers: 8]
      [GC Worker Start (ms): Min: 155905.3, Avg: 155905.5, Max: 155905.7, Diff: 0.3]
      [Ext Root Scanning (ms): Min: 0.0, Avg: 0.4, Max: 0.7, Diff: 0.7, Sum: 2.9]
      [Update RS (ms): Min: 32.3, Avg: 32.9, Max: 33.3, Diff: 1.0, Sum: 262.8]
         [Processed Buffers: Min: 22, Avg: 25.0, Max: 29, Diff: 7, Sum: 200]
      [Scan RS (ms): Min: 2.4, Avg: 2.8, Max: 2.9, Diff: 0.5, Sum: 22.2]
      [Code Root Scanning (ms): Min: 0.0, Avg: 0.0, Max: 0.0, Diff: 0.0, Sum: 0.0]
      [Object Copy (ms): Min: 24.9, Avg: 25.0, Max: 25.1, Diff: 0.2, Sum: 199.8]
      [Termination (ms): Min: 0.0, Avg: 0.0, Max: 0.0, Diff: 0.0, Sum: 0.1]
         [Termination Attempts: Min: 1, Avg: 33.1, Max: 41, Diff: 40, Sum: 265]
      [GC Worker Other (ms): Min: 0.0, Avg: 0.0, Max: 0.1, Diff: 0.1, Sum: 0.3]
      [GC Worker Total (ms): Min: 60.8, Avg: 61.0, Max: 61.1, Diff: 0.3, Sum: 488.0]
      [GC Worker End (ms): Min: 155966.5, Avg: 155966.5, Max: 155966.5, Diff: 0.0]
   [Code Root Fixup: 0.0 ms]
   [Code Root Purge: 0.0 ms]
   [Clear CT: 0.3 ms]
   [Other: 1.1 ms]
      [Choose CSet: 0.0 ms]
      [Ref Proc: 0.3 ms]
      [Ref Enq: 0.0 ms]
      [Redirty Cards: 0.3 ms]
      [Humongous Register: 0.1 ms]
      [Humongous Reclaim: 0.0 ms]
      [Free CSet: 0.1 ms]
   [Eden: 9216.0K(192.0M)->0.0B(215.0M) Survivors: 28.0M->11.0M Heap: 1139.7M(2048.0M)->1144.7M(2048.0M)]
 [Times: user=0.50 sys=0.00, real=0.06 secs] 
2020-09-29T12:35:28.611+0200: 155.968: [GC concurrent-root-region-scan-start]
2020-09-29T12:35:28.614+0200: 155.972: [GC concurrent-root-region-scan-end, 0.0036622 secs]
2020-09-29T12:35:28.614+0200: 155.972: [GC concurrent-mark-start]
2020-09-29T12:35:28.619+0200: 155.976: [GC concurrent-mark-end, 0.0046071 secs]
2020-09-29T12:35:28.619+0200: 155.977: [GC remark 2020-09-29T12:35:28.619+0200: 155.977: [Finalize Marking, 0.0003569 secs] 2020-09-29T12:35:28.620+0200: 155.977: [GC ref-proc, 0.0004411 secs] 2020-09-29T12:35:28.620+0200: 155.978: [Unloading, 0.0006572 secs], 0.0019792 secs]
 [Times: user=0.00 sys=0.00, real=0.00 secs] 
2020-09-29T12:35:28.622+0200: 155.979: [GC cleanup 1156M->30M(2048M), 0.0018152 secs]
 [Times: user=0.00 sys=0.00, real=0.00 secs] 
2020-09-29T12:35:28.624+0200: 155.981: [GC concurrent-cleanup-start]
2020-09-29T12:35:28.626+0200: 155.984: [GC concurrent-cleanup-end, 0.0027084 secs]
2020-09-29T12:35:28.796+0200: 156.153: [GC pause (G1 Evacuation Pause) (young), 0.1701643 secs]
   [Parallel Time: 167.2 ms, GC Workers: 8]
      [GC Worker Start (ms): Min: 156153.6, Avg: 156153.7, Max: 156153.8, Diff: 0.2]
      [Ext Root Scanning (ms): Min: 0.0, Avg: 0.1, Max: 0.2, Diff: 0.2, Sum: 0.8]
      [Update RS (ms): Min: 17.0, Avg: 17.6, Max: 17.9, Diff: 0.9, Sum: 140.4]
         [Processed Buffers: Min: 11, Avg: 12.8, Max: 14, Diff: 3, Sum: 102]
      [Scan RS (ms): Min: 15.0, Avg: 15.4, Max: 16.1, Diff: 1.2, Sum: 123.5]
      [Code Root Scanning (ms): Min: 0.0, Avg: 0.0, Max: 0.0, Diff: 0.0, Sum: 0.0]
      [Object Copy (ms): Min: 133.7, Avg: 133.8, Max: 133.9, Diff: 0.2, Sum: 1070.5]
      [Termination (ms): Min: 0.0, Avg: 0.1, Max: 0.1, Diff: 0.1, Sum: 0.4]
         [Termination Attempts: Min: 1, Avg: 56.0, Max: 88, Diff: 87, Sum: 448]
      [GC Worker Other (ms): Min: 0.0, Avg: 0.0, Max: 0.0, Diff: 0.0, Sum: 0.1]
      [GC Worker Total (ms): Min: 166.9, Avg: 167.0, Max: 167.1, Diff: 0.2, Sum: 1335.7]
      [GC Worker End (ms): Min: 156320.6, Avg: 156320.6, Max: 156320.7, Diff: 0.0]
   [Code Root Fixup: 0.0 ms]
   [Code Root Purge: 0.0 ms]
   [Clear CT: 0.6 ms]
   [Other: 2.4 ms]
      [Choose CSet: 0.0 ms]
      [Ref Proc: 0.3 ms]
      [Ref Enq: 0.0 ms]
      [Redirty Cards: 1.3 ms]
      [Humongous Register: 0.1 ms]
      [Humongous Reclaim: 0.0 ms]
      [Free CSet: 0.2 ms]
   [Eden: 215.0M(215.0M)->0.0B(200.0M) Survivors: 11.0M->29.0M Heap: 270.2M(2048.0M)->260.7M(2048.0M)]
 [Times: user=1.38 sys=0.00, real=0.17 secs] 
2020-09-29T12:35:29.137+0200: 156.495: [GC pause (G1 Evacuation Pause) (young), 0.1797231 secs]
   [Parallel Time: 178.1 ms, GC Workers: 8]
      [GC Worker Start (ms): Min: 156495.0, Avg: 156495.1, Max: 156495.2, Diff: 0.3]
      [Ext Root Scanning (ms): Min: 0.0, Avg: 0.1, Max: 0.2, Diff: 0.2, Sum: 0.7]
      [Update RS (ms): Min: 18.3, Avg: 18.4, Max: 18.5, Diff: 0.2, Sum: 147.3]
         [Processed Buffers: Min: 13, Avg: 14.6, Max: 16, Diff: 3, Sum: 117]
      [Scan RS (ms): Min: 16.0, Avg: 16.1, Max: 16.3, Diff: 0.3, Sum: 129.2]
      [Code Root Scanning (ms): Min: 0.0, Avg: 0.0, Max: 0.0, Diff: 0.0, Sum: 0.0]
      [Object Copy (ms): Min: 143.0, Avg: 143.0, Max: 143.1, Diff: 0.1, Sum: 1144.3]
      [Termination (ms): Min: 0.0, Avg: 0.1, Max: 0.1, Diff: 0.1, Sum: 0.7]
         [Termination Attempts: Min: 1, Avg: 98.9, Max: 149, Diff: 148, Sum: 791]
      [GC Worker Other (ms): Min: 0.0, Avg: 0.0, Max: 0.0, Diff: 0.0, Sum: 0.1]
      [GC Worker Total (ms): Min: 177.7, Avg: 177.8, Max: 178.0, Diff: 0.3, Sum: 1422.4]
      [GC Worker End (ms): Min: 156672.9, Avg: 156672.9, Max: 156672.9, Diff: 0.0]
   [Code Root Fixup: 0.0 ms]
   [Code Root Purge: 0.0 ms]
   [Clear CT: 0.3 ms]
   [Other: 1.4 ms]
      [Choose CSet: 0.0 ms]
      [Ref Proc: 0.2 ms]
      [Ref Enq: 0.0 ms]
      [Redirty Cards: 0.4 ms]
      [Humongous Register: 0.1 ms]
      [Humongous Reclaim: 0.0 ms]
      [Free CSet: 0.5 ms]
   [Eden: 200.0M(200.0M)->0.0B(197.0M) Survivors: 29.0M->29.0M Heap: 495.1M(2048.0M)->496.6M(2048.0M)]
 [Times: user=1.39 sys=0.00, real=0.18 secs] 
2020-09-29T12:35:29.486+0200: 156.844: [GC pause (G1 Evacuation Pause) (young), 0.1764656 secs]
   [Parallel Time: 174.5 ms, GC Workers: 8]
      [GC Worker Start (ms): Min: 156844.3, Avg: 156844.4, Max: 156844.5, Diff: 0.3]
      [Ext Root Scanning (ms): Min: 0.0, Avg: 0.1, Max: 0.2, Diff: 0.2, Sum: 0.7]
      [Update RS (ms): Min: 19.1, Avg: 19.4, Max: 19.9, Diff: 0.8, Sum: 155.2]
         [Processed Buffers: Min: 13, Avg: 14.8, Max: 17, Diff: 4, Sum: 118]
      [Scan RS (ms): Min: 14.8, Avg: 15.3, Max: 15.6, Diff: 0.8, Sum: 122.3]
      [Code Root Scanning (ms): Min: 0.0, Avg: 0.0, Max: 0.0, Diff: 0.0, Sum: 0.0]
      [Object Copy (ms): Min: 139.2, Avg: 139.3, Max: 139.4, Diff: 0.1, Sum: 1114.5]
      [Termination (ms): Min: 0.0, Avg: 0.0, Max: 0.0, Diff: 0.0, Sum: 0.2]
         [Termination Attempts: Min: 1, Avg: 77.5, Max: 97, Diff: 96, Sum: 620]
      [GC Worker Other (ms): Min: 0.0, Avg: 0.0, Max: 0.1, Diff: 0.1, Sum: 0.2]
      [GC Worker Total (ms): Min: 174.0, Avg: 174.1, Max: 174.3, Diff: 0.3, Sum: 1393.0]
      [GC Worker End (ms): Min: 157018.5, Avg: 157018.6, Max: 157018.6, Diff: 0.1]
   [Code Root Fixup: 0.0 ms]
   [Code Root Purge: 0.0 ms]
   [Clear CT: 0.3 ms]
   [Other: 1.6 ms]
      [Choose CSet: 0.0 ms]
      [Ref Proc: 0.4 ms]
      [Ref Enq: 0.0 ms]
      [Redirty Cards: 0.4 ms]
      [Humongous Register: 0.1 ms]
      [Humongous Reclaim: 0.0 ms]
      [Free CSet: 0.5 ms]
   [Eden: 197.0M(197.0M)->0.0B(197.0M) Survivors: 29.0M->29.0M Heap: 726.0M(2048.0M)->727.0M(2048.0M)]
 [Times: user=1.50 sys=0.00, real=0.18 secs] 
2020-09-29T12:35:29.834+0200: 157.192: [GC pause (G1 Evacuation Pause) (young), 0.1777060 secs]
   [Parallel Time: 175.1 ms, GC Workers: 8]
      [GC Worker Start (ms): Min: 157191.8, Avg: 157191.9, Max: 157192.1, Diff: 0.3]
      [Ext Root Scanning (ms): Min: 0.0, Avg: 0.1, Max: 0.2, Diff: 0.2, Sum: 0.7]
      [Update RS (ms): Min: 20.3, Avg: 20.6, Max: 20.9, Diff: 0.6, Sum: 164.8]
         [Processed Buffers: Min: 13, Avg: 15.1, Max: 19, Diff: 6, Sum: 121]
      [Scan RS (ms): Min: 14.6, Avg: 14.9, Max: 15.2, Diff: 0.6, Sum: 119.1]
      [Code Root Scanning (ms): Min: 0.0, Avg: 0.0, Max: 0.0, Diff: 0.0, Sum: 0.0]
      [Object Copy (ms): Min: 139.0, Avg: 139.1, Max: 139.2, Diff: 0.1, Sum: 1112.8]
      [Termination (ms): Min: 0.0, Avg: 0.0, Max: 0.0, Diff: 0.0, Sum: 0.3]
         [Termination Attempts: Min: 1, Avg: 139.1, Max: 174, Diff: 173, Sum: 1113]
      [GC Worker Other (ms): Min: 0.0, Avg: 0.1, Max: 0.1, Diff: 0.1, Sum: 0.4]
      [GC Worker Total (ms): Min: 174.6, Avg: 174.8, Max: 174.9, Diff: 0.3, Sum: 1398.2]
      [GC Worker End (ms): Min: 157366.6, Avg: 157366.7, Max: 157366.7, Diff: 0.1]
   [Code Root Fixup: 0.0 ms]
   [Code Root Purge: 0.0 ms]
   [Clear CT: 0.6 ms]
   [Other: 2.0 ms]
      [Choose CSet: 0.0 ms]
      [Ref Proc: 0.2 ms]
      [Ref Enq: 0.0 ms]
      [Redirty Cards: 1.3 ms]
      [Humongous Register: 0.1 ms]
      [Humongous Reclaim: 0.0 ms]
      [Free CSet: 0.3 ms]
   [Eden: 197.0M(197.0M)->0.0B(198.0M) Survivors: 29.0M->29.0M Heap: 956.4M(2048.0M)->958.4M(2048.0M)]
 [Times: user=1.38 sys=0.00, real=0.18 secs] 
2020-09-29T12:35:30.022+0200: 157.380: [GC pause (G1 Humongous Allocation) (young) (initial-mark), 0.0632486 secs]
   [Parallel Time: 62.2 ms, GC Workers: 8]
      [GC Worker Start (ms): Min: 157380.2, Avg: 157380.3, Max: 157380.3, Diff: 0.1]
      [Ext Root Scanning (ms): Min: 0.1, Avg: 0.1, Max: 0.2, Diff: 0.1, Sum: 1.0]
      [Update RS (ms): Min: 35.7, Avg: 36.0, Max: 36.6, Diff: 0.9, Sum: 288.0]
         [Processed Buffers: Min: 26, Avg: 28.3, Max: 30, Diff: 4, Sum: 226]
      [Scan RS (ms): Min: 2.2, Avg: 2.8, Max: 3.1, Diff: 0.9, Sum: 22.4]
      [Code Root Scanning (ms): Min: 0.0, Avg: 0.0, Max: 0.0, Diff: 0.0, Sum: 0.0]
      [Object Copy (ms): Min: 22.9, Avg: 22.9, Max: 23.0, Diff: 0.2, Sum: 183.6]
      [Termination (ms): Min: 0.0, Avg: 0.0, Max: 0.0, Diff: 0.0, Sum: 0.3]
         [Termination Attempts: Min: 1, Avg: 123.0, Max: 156, Diff: 155, Sum: 984]
      [GC Worker Other (ms): Min: 0.0, Avg: 0.0, Max: 0.0, Diff: 0.0, Sum: 0.2]
      [GC Worker Total (ms): Min: 61.9, Avg: 61.9, Max: 62.0, Diff: 0.1, Sum: 495.4]
      [GC Worker End (ms): Min: 157442.2, Avg: 157442.2, Max: 157442.2, Diff: 0.0]
   [Code Root Fixup: 0.0 ms]
   [Code Root Purge: 0.0 ms]
   [Clear CT: 0.3 ms]
   [Other: 0.8 ms]
      [Choose CSet: 0.0 ms]
      [Ref Proc: 0.2 ms]
      [Ref Enq: 0.0 ms]
      [Redirty Cards: 0.2 ms]
      [Humongous Register: 0.0 ms]
      [Humongous Reclaim: 0.0 ms]
      [Free CSet: 0.1 ms]
   [Eden: 4096.0K(198.0M)->0.0B(219.0M) Survivors: 29.0M->6144.0K Heap: 962.4M(2048.0M)->965.9M(2048.0M)]
 [Times: user=0.50 sys=0.00, real=0.06 secs] 
2020-09-29T12:35:30.086+0200: 157.443: [GC concurrent-root-region-scan-start]
2020-09-29T12:35:30.087+0200: 157.445: [GC concurrent-root-region-scan-end, 0.0014500 secs]
2020-09-29T12:35:30.087+0200: 157.445: [GC concurrent-mark-start]
2020-09-29T12:35:30.091+0200: 157.448: [GC concurrent-mark-end, 0.0034630 secs]
2020-09-29T12:35:30.091+0200: 157.449: [GC remark 2020-09-29T12:35:30.091+0200: 157.449: [Finalize Marking, 0.0002885 secs] 2020-09-29T12:35:30.091+0200: 157.449: [GC ref-proc, 0.0004440 secs] 2020-09-29T12:35:30.092+0200: 157.450: [Unloading, 0.0006529 secs], 0.0018530 secs]
 [Times: user=0.00 sys=0.00, real=0.00 secs] 
2020-09-29T12:35:30.093+0200: 157.451: [GC cleanup 974M->22M(2048M), 0.0018832 secs]
 [Times: user=0.00 sys=0.00, real=0.00 secs] 
2020-09-29T12:35:30.095+0200: 157.453: [GC concurrent-cleanup-start]
2020-09-29T12:35:30.097+0200: 157.455: [GC concurrent-cleanup-end, 0.0015497 secs]
2020-09-29T12:35:30.272+0200: 157.630: [GC pause (G1 Evacuation Pause) (young), 0.1982475 secs]
   [Parallel Time: 196.8 ms, GC Workers: 8]
      [GC Worker Start (ms): Min: 157629.9, Avg: 157630.0, Max: 157630.1, Diff: 0.2]
      [Ext Root Scanning (ms): Min: 0.0, Avg: 0.1, Max: 0.2, Diff: 0.2, Sum: 0.9]
      [Update RS (ms): Min: 15.9, Avg: 16.2, Max: 16.5, Diff: 0.6, Sum: 129.4]
         [Processed Buffers: Min: 12, Avg: 13.4, Max: 15, Diff: 3, Sum: 107]
      [Scan RS (ms): Min: 16.7, Avg: 17.4, Max: 19.5, Diff: 2.8, Sum: 138.9]
      [Code Root Scanning (ms): Min: 0.0, Avg: 0.0, Max: 0.0, Diff: 0.0, Sum: 0.0]
      [Object Copy (ms): Min: 160.9, Avg: 162.5, Max: 162.8, Diff: 1.9, Sum: 1299.9]
      [Termination (ms): Min: 0.0, Avg: 0.3, Max: 0.4, Diff: 0.4, Sum: 2.5]
         [Termination Attempts: Min: 1, Avg: 1142.8, Max: 1518, Diff: 1517, Sum: 9142]
      [GC Worker Other (ms): Min: 0.0, Avg: 0.0, Max: 0.1, Diff: 0.1, Sum: 0.4]
      [GC Worker Total (ms): Min: 196.4, Avg: 196.5, Max: 196.6, Diff: 0.2, Sum: 1571.9]
      [GC Worker End (ms): Min: 157826.5, Avg: 157826.5, Max: 157826.5, Diff: 0.1]
   [Code Root Fixup: 0.0 ms]
   [Code Root Purge: 0.0 ms]
   [Clear CT: 0.3 ms]
   [Other: 1.2 ms]
      [Choose CSet: 0.0 ms]
      [Ref Proc: 0.2 ms]
      [Ref Enq: 0.0 ms]
      [Redirty Cards: 0.3 ms]
      [Humongous Register: 0.1 ms]
      [Humongous Reclaim: 0.0 ms]
      [Free CSet: 0.3 ms]
   [Eden: 219.0M(219.0M)->0.0B(183.0M) Survivors: 6144.0K->29.0M Heap: 271.1M(2048.0M)->267.1M(2048.0M)]
 [Times: user=1.38 sys=0.00, real=0.20 secs] 
2020-09-29T12:35:30.629+0200: 157.987: [GC pause (G1 Evacuation Pause) (young), 0.1713113 secs]
   [Parallel Time: 169.6 ms, GC Workers: 8]
      [GC Worker Start (ms): Min: 157986.7, Avg: 157986.9, Max: 157987.0, Diff: 0.2]
      [Ext Root Scanning (ms): Min: 0.0, Avg: 0.1, Max: 0.2, Diff: 0.2, Sum: 0.7]
      [Update RS (ms): Min: 26.0, Avg: 26.2, Max: 26.5, Diff: 0.6, Sum: 209.7]
         [Processed Buffers: Min: 17, Avg: 20.0, Max: 22, Diff: 5, Sum: 160]
      [Scan RS (ms): Min: 11.0, Avg: 11.2, Max: 11.5, Diff: 0.5, Sum: 90.0]
      [Code Root Scanning (ms): Min: 0.0, Avg: 0.0, Max: 0.0, Diff: 0.0, Sum: 0.0]
      [Object Copy (ms): Min: 131.5, Avg: 131.6, Max: 131.6, Diff: 0.1, Sum: 1052.6]
      [Termination (ms): Min: 0.0, Avg: 0.1, Max: 0.1, Diff: 0.1, Sum: 0.5]
         [Termination Attempts: Min: 1, Avg: 23.4, Max: 36, Diff: 35, Sum: 187]
      [GC Worker Other (ms): Min: 0.0, Avg: 0.0, Max: 0.0, Diff: 0.0, Sum: 0.1]
      [GC Worker Total (ms): Min: 169.1, Avg: 169.2, Max: 169.4, Diff: 0.3, Sum: 1353.6]
      [GC Worker End (ms): Min: 158156.1, Avg: 158156.1, Max: 158156.1, Diff: 0.0]
   [Code Root Fixup: 0.0 ms]
   [Code Root Purge: 0.0 ms]
   [Clear CT: 0.3 ms]
   [Other: 1.4 ms]
      [Choose CSet: 0.0 ms]
      [Ref Proc: 0.4 ms]
      [Ref Enq: 0.0 ms]
      [Redirty Cards: 0.3 ms]
      [Humongous Register: 0.1 ms]
      [Humongous Reclaim: 0.0 ms]
      [Free CSet: 0.3 ms]
   [Eden: 183.0M(183.0M)->0.0B(188.0M) Survivors: 29.0M->27.0M Heap: 480.7M(2048.0M)->482.2M(2048.0M)]
 [Times: user=1.23 sys=0.00, real=0.17 secs] 
2020-09-29T12:35:30.968+0200: 158.325: [GC pause (G1 Evacuation Pause) (young), 0.1776563 secs]
   [Parallel Time: 175.8 ms, GC Workers: 8]
      [GC Worker Start (ms): Min: 158325.2, Avg: 158325.3, Max: 158325.4, Diff: 0.2]
      [Ext Root Scanning (ms): Min: 0.0, Avg: 0.1, Max: 0.2, Diff: 0.2, Sum: 0.7]
      [Update RS (ms): Min: 16.9, Avg: 17.1, Max: 17.5, Diff: 0.6, Sum: 136.8]
         [Processed Buffers: Min: 12, Avg: 13.3, Max: 14, Diff: 2, Sum: 106]
      [Scan RS (ms): Min: 14.4, Avg: 14.8, Max: 15.0, Diff: 0.6, Sum: 118.8]
      [Code Root Scanning (ms): Min: 0.0, Avg: 0.0, Max: 0.0, Diff: 0.0, Sum: 0.0]
      [Object Copy (ms): Min: 143.1, Avg: 143.2, Max: 143.4, Diff: 0.3, Sum: 1145.6]
      [Termination (ms): Min: 0.0, Avg: 0.2, Max: 0.3, Diff: 0.3, Sum: 1.5]
         [Termination Attempts: Min: 1, Avg: 576.9, Max: 806, Diff: 805, Sum: 4615]
      [GC Worker Other (ms): Min: 0.0, Avg: 0.0, Max: 0.0, Diff: 0.0, Sum: 0.2]
      [GC Worker Total (ms): Min: 175.4, Avg: 175.4, Max: 175.6, Diff: 0.2, Sum: 1403.5]
      [GC Worker End (ms): Min: 158500.7, Avg: 158500.7, Max: 158500.8, Diff: 0.0]
   [Code Root Fixup: 0.0 ms]
   [Code Root Purge: 0.0 ms]
   [Clear CT: 0.3 ms]
   [Other: 1.6 ms]
      [Choose CSet: 0.0 ms]
      [Ref Proc: 0.7 ms]
      [Ref Enq: 0.0 ms]
      [Redirty Cards: 0.4 ms]
      [Humongous Register: 0.1 ms]
      [Humongous Reclaim: 0.0 ms]
      [Free CSet: 0.2 ms]
   [Eden: 188.0M(188.0M)->0.0B(188.0M) Survivors: 27.0M->27.0M Heap: 700.7M(2048.0M)->702.7M(2048.0M)]
 [Times: user=1.36 sys=0.00, real=0.18 secs] 
2020-09-29T12:35:31.308+0200: 158.665: [GC pause (G1 Evacuation Pause) (young), 0.1707502 secs]
   [Parallel Time: 168.8 ms, GC Workers: 8]
      [GC Worker Start (ms): Min: 158665.6, Avg: 158665.8, Max: 158665.8, Diff: 0.2]
      [Ext Root Scanning (ms): Min: 0.0, Avg: 0.1, Max: 0.2, Diff: 0.2, Sum: 0.8]
      [Update RS (ms): Min: 19.6, Avg: 20.3, Max: 20.9, Diff: 1.3, Sum: 162.6]
         [Processed Buffers: Min: 12, Avg: 14.4, Max: 16, Diff: 4, Sum: 115]
      [Scan RS (ms): Min: 13.1, Avg: 13.7, Max: 14.4, Diff: 1.3, Sum: 109.9]
      [Code Root Scanning (ms): Min: 0.0, Avg: 0.0, Max: 0.0, Diff: 0.0, Sum: 0.0]
      [Object Copy (ms): Min: 134.2, Avg: 134.3, Max: 134.3, Diff: 0.2, Sum: 1074.2]
      [Termination (ms): Min: 0.0, Avg: 0.0, Max: 0.0, Diff: 0.0, Sum: 0.2]
         [Termination Attempts: Min: 1, Avg: 90.9, Max: 120, Diff: 119, Sum: 727]
      [GC Worker Other (ms): Min: 0.0, Avg: 0.0, Max: 0.1, Diff: 0.1, Sum: 0.3]
      [GC Worker Total (ms): Min: 168.4, Avg: 168.5, Max: 168.7, Diff: 0.3, Sum: 1348.0]
      [GC Worker End (ms): Min: 158834.2, Avg: 158834.3, Max: 158834.3, Diff: 0.1]
   [Code Root Fixup: 0.0 ms]
   [Code Root Purge: 0.0 ms]
   [Clear CT: 0.4 ms]
   [Other: 1.6 ms]
      [Choose CSet: 0.0 ms]
      [Ref Proc: 0.3 ms]
      [Ref Enq: 0.0 ms]
      [Redirty Cards: 0.7 ms]
      [Humongous Register: 0.1 ms]
      [Humongous Reclaim: 0.0 ms]
      [Free CSet: 0.2 ms]
   [Eden: 188.0M(188.0M)->0.0B(192.0M) Survivors: 27.0M->27.0M Heap: 921.2M(2048.0M)->923.7M(2048.0M)]
 [Times: user=1.38 sys=0.00, real=0.17 secs] 
2020-09-29T12:35:31.614+0200: 158.972: [GC pause (G1 Humongous Allocation) (young) (initial-mark), 0.1831796 secs]
   [Parallel Time: 181.2 ms, GC Workers: 8]
      [GC Worker Start (ms): Min: 158972.6, Avg: 158972.8, Max: 158973.0, Diff: 0.4]
      [Ext Root Scanning (ms): Min: 0.0, Avg: 4.2, Max: 31.6, Diff: 31.5, Sum: 33.7]
      [Update RS (ms): Min: 0.0, Avg: 24.2, Max: 28.4, Diff: 28.4, Sum: 193.5]
         [Processed Buffers: Min: 0, Avg: 12.3, Max: 15, Diff: 15, Sum: 98]
      [Scan RS (ms): Min: 6.3, Avg: 12.8, Max: 35.0, Diff: 28.7, Sum: 102.2]
      [Code Root Scanning (ms): Min: 0.0, Avg: 0.0, Max: 0.0, Diff: 0.0, Sum: 0.0]
      [Object Copy (ms): Min: 116.8, Avg: 139.3, Max: 142.8, Diff: 25.9, Sum: 1114.7]
      [Termination (ms): Min: 0.0, Avg: 0.2, Max: 0.2, Diff: 0.2, Sum: 1.4]
         [Termination Attempts: Min: 1, Avg: 533.6, Max: 674, Diff: 673, Sum: 4269]
      [GC Worker Other (ms): Min: 0.0, Avg: 0.1, Max: 0.1, Diff: 0.1, Sum: 0.4]
      [GC Worker Total (ms): Min: 180.6, Avg: 180.7, Max: 180.9, Diff: 0.3, Sum: 1446.0]
      [GC Worker End (ms): Min: 159153.5, Avg: 159153.5, Max: 159153.6, Diff: 0.1]
   [Code Root Fixup: 0.0 ms]
   [Code Root Purge: 0.0 ms]
   [Clear CT: 0.4 ms]
   [Other: 1.6 ms]
      [Choose CSet: 0.0 ms]
      [Ref Proc: 0.4 ms]
      [Ref Enq: 0.0 ms]
      [Redirty Cards: 0.4 ms]
      [Humongous Register: 0.1 ms]
      [Humongous Reclaim: 0.0 ms]
      [Free CSet: 0.2 ms]
   [Eden: 104.0M(192.0M)->0.0B(124.0M) Survivors: 27.0M->28.0M Heap: 1044.4M(2048.0M)->1045.9M(2048.0M)]
 [Times: user=1.30 sys=0.00, real=0.18 secs] 
2020-09-29T12:35:31.798+0200: 159.156: [GC concurrent-root-region-scan-start]
2020-09-29T12:35:31.821+0200: 159.179: [GC concurrent-root-region-scan-end, 0.0234876 secs]
2020-09-29T12:35:31.821+0200: 159.179: [GC concurrent-mark-start]
2020-09-29T12:35:31.829+0200: 159.187: [GC concurrent-mark-end, 0.0078711 secs]
2020-09-29T12:35:31.830+0200: 159.188: [GC remark 2020-09-29T12:35:31.830+0200: 159.188: [Finalize Marking, 0.0005774 secs] 2020-09-29T12:35:31.830+0200: 159.188: [GC ref-proc, 0.0006642 secs] 2020-09-29T12:35:31.831+0200: 159.189: [Unloading, 0.0012105 secs], 0.0031706 secs]
 [Times: user=0.09 sys=0.00, real=0.00 secs] 
2020-09-29T12:35:31.834+0200: 159.192: [GC cleanup 1072M->62M(2048M), 0.0031684 secs]
 [Times: user=0.00 sys=0.00, real=0.00 secs] 
2020-09-29T12:35:31.837+0200: 159.195: [GC concurrent-cleanup-start]
2020-09-29T12:35:31.842+0200: 159.200: [GC concurrent-cleanup-end, 0.0047158 secs]
2020-09-29T12:35:31.962+0200: 159.320: [GC pause (G1 Evacuation Pause) (young), 0.1415494 secs]
   [Parallel Time: 139.0 ms, GC Workers: 8]
      [GC Worker Start (ms): Min: 159320.2, Avg: 159320.4, Max: 159320.5, Diff: 0.3]
      [Ext Root Scanning (ms): Min: 0.0, Avg: 0.2, Max: 0.3, Diff: 0.3, Sum: 1.2]
      [Update RS (ms): Min: 20.1, Avg: 20.6, Max: 21.6, Diff: 1.5, Sum: 165.2]
         [Processed Buffers: Min: 10, Avg: 10.9, Max: 12, Diff: 2, Sum: 87]
      [Scan RS (ms): Min: 8.4, Avg: 9.2, Max: 9.7, Diff: 1.3, Sum: 73.8]
      [Code Root Scanning (ms): Min: 0.0, Avg: 0.0, Max: 0.0, Diff: 0.0, Sum: 0.0]
      [Object Copy (ms): Min: 108.4, Avg: 108.5, Max: 108.6, Diff: 0.2, Sum: 868.1]
      [Termination (ms): Min: 0.0, Avg: 0.0, Max: 0.0, Diff: 0.0, Sum: 0.0]
         [Termination Attempts: Min: 1, Avg: 11.4, Max: 21, Diff: 20, Sum: 91]
      [GC Worker Other (ms): Min: 0.0, Avg: 0.1, Max: 0.2, Diff: 0.1, Sum: 0.6]
      [GC Worker Total (ms): Min: 138.5, Avg: 138.6, Max: 138.8, Diff: 0.3, Sum: 1109.0]
      [GC Worker End (ms): Min: 159459.0, Avg: 159459.0, Max: 159459.1, Diff: 0.1]
   [Code Root Fixup: 0.0 ms]
   [Code Root Purge: 0.0 ms]
   [Clear CT: 1.0 ms]
   [Other: 1.6 ms]
      [Choose CSet: 0.0 ms]
      [Ref Proc: 0.5 ms]
      [Ref Enq: 0.0 ms]
      [Redirty Cards: 0.5 ms]
      [Humongous Register: 0.1 ms]
      [Humongous Reclaim: 0.0 ms]
      [Free CSet: 0.2 ms]
   [Eden: 124.0M(124.0M)->0.0B(139.0M) Survivors: 28.0M->19.0M Heap: 181.0M(2048.0M)->155.5M(2048.0M)]
 [Times: user=1.13 sys=0.00, real=0.14 secs] 
2020-09-29T12:35:32.274+0200: 159.632: [GC pause (G1 Evacuation Pause) (young), 0.1883408 secs]
   [Parallel Time: 186.3 ms, GC Workers: 8]
      [GC Worker Start (ms): Min: 159632.3, Avg: 159632.5, Max: 159632.6, Diff: 0.3]
      [Ext Root Scanning (ms): Min: 0.0, Avg: 0.1, Max: 0.3, Diff: 0.3, Sum: 1.2]
      [Update RS (ms): Min: 23.9, Avg: 24.9, Max: 25.6, Diff: 1.7, Sum: 198.9]
         [Processed Buffers: Min: 12, Avg: 12.8, Max: 13, Diff: 1, Sum: 102]
      [Scan RS (ms): Min: 12.5, Avg: 13.2, Max: 14.1, Diff: 1.7, Sum: 105.6]
      [Code Root Scanning (ms): Min: 0.0, Avg: 0.0, Max: 0.0, Diff: 0.0, Sum: 0.0]
      [Object Copy (ms): Min: 147.3, Avg: 147.4, Max: 147.7, Diff: 0.4, Sum: 1179.4]
      [Termination (ms): Min: 0.0, Avg: 0.2, Max: 0.2, Diff: 0.2, Sum: 1.5]
         [Termination Attempts: Min: 1, Avg: 541.1, Max: 678, Diff: 677, Sum: 4329]
      [GC Worker Other (ms): Min: 0.0, Avg: 0.0, Max: 0.1, Diff: 0.1, Sum: 0.4]
      [GC Worker Total (ms): Min: 185.7, Avg: 185.9, Max: 186.1, Diff: 0.4, Sum: 1487.1]
      [GC Worker End (ms): Min: 159818.3, Avg: 159818.3, Max: 159818.4, Diff: 0.1]
   [Code Root Fixup: 0.0 ms]
   [Code Root Purge: 0.0 ms]
   [Clear CT: 0.4 ms]
   [Other: 1.6 ms]
      [Choose CSet: 0.0 ms]
      [Ref Proc: 0.4 ms]
      [Ref Enq: 0.0 ms]
      [Redirty Cards: 0.5 ms]
      [Humongous Register: 0.1 ms]
      [Humongous Reclaim: 0.0 ms]
      [Free CSet: 0.3 ms]
   [Eden: 139.0M(139.0M)->0.0B(133.0M) Survivors: 19.0M->20.0M Heap: 317.4M(2048.0M)->318.9M(2048.0M)]
 [Times: user=1.48 sys=0.00, real=0.19 secs] 
2020-09-29T12:35:32.632+0200: 159.990: [GC pause (G1 Evacuation Pause) (young), 0.1705384 secs]
   [Parallel Time: 168.6 ms, GC Workers: 8]
      [GC Worker Start (ms): Min: 159990.1, Avg: 159990.3, Max: 159990.4, Diff: 0.3]
      [Ext Root Scanning (ms): Min: 0.0, Avg: 0.1, Max: 0.3, Diff: 0.3, Sum: 1.1]
      [Update RS (ms): Min: 17.0, Avg: 17.4, Max: 17.9, Diff: 1.0, Sum: 138.9]
         [Processed Buffers: Min: 9, Avg: 9.8, Max: 12, Diff: 3, Sum: 78]
      [Scan RS (ms): Min: 14.6, Avg: 15.1, Max: 15.5, Diff: 0.9, Sum: 121.0]
      [Code Root Scanning (ms): Min: 0.0, Avg: 0.0, Max: 0.0, Diff: 0.0, Sum: 0.0]
      [Object Copy (ms): Min: 135.2, Avg: 135.3, Max: 135.4, Diff: 0.2, Sum: 1082.2]
      [Termination (ms): Min: 0.0, Avg: 0.1, Max: 0.1, Diff: 0.1, Sum: 0.7]
         [Termination Attempts: Min: 1, Avg: 235.3, Max: 304, Diff: 303, Sum: 1882]
      [GC Worker Other (ms): Min: 0.0, Avg: 0.0, Max: 0.1, Diff: 0.1, Sum: 0.4]
      [GC Worker Total (ms): Min: 167.9, Avg: 168.0, Max: 168.2, Diff: 0.3, Sum: 1344.2]
      [GC Worker End (ms): Min: 160158.3, Avg: 160158.3, Max: 160158.3, Diff: 0.1]
   [Code Root Fixup: 0.0 ms]
   [Code Root Purge: 0.0 ms]
   [Clear CT: 0.4 ms]
   [Other: 1.6 ms]
      [Choose CSet: 0.0 ms]
      [Ref Proc: 0.4 ms]
      [Ref Enq: 0.0 ms]
      [Redirty Cards: 0.4 ms]
      [Humongous Register: 0.1 ms]
      [Humongous Reclaim: 0.0 ms]
      [Free CSet: 0.3 ms]
   [Eden: 133.0M(133.0M)->0.0B(133.0M) Survivors: 20.0M->20.0M Heap: 474.8M(2048.0M)->476.8M(2048.0M)]
 [Times: user=1.28 sys=0.02, real=0.17 secs] 
2020-09-29T12:35:32.972+0200: 160.329: [GC pause (G1 Evacuation Pause) (young), 0.1728249 secs]
   [Parallel Time: 170.9 ms, GC Workers: 8]
      [GC Worker Start (ms): Min: 160329.6, Avg: 160329.7, Max: 160329.8, Diff: 0.2]
      [Ext Root Scanning (ms): Min: 0.1, Avg: 0.2, Max: 0.3, Diff: 0.2, Sum: 1.3]
      [Update RS (ms): Min: 18.7, Avg: 19.3, Max: 20.7, Diff: 2.0, Sum: 154.6]
         [Processed Buffers: Min: 10, Avg: 11.3, Max: 14, Diff: 4, Sum: 90]
      [Scan RS (ms): Min: 13.2, Avg: 14.7, Max: 15.3, Diff: 2.1, Sum: 117.2]
      [Code Root Scanning (ms): Min: 0.0, Avg: 0.0, Max: 0.0, Diff: 0.0, Sum: 0.0]
      [Object Copy (ms): Min: 136.2, Avg: 136.3, Max: 136.4, Diff: 0.2, Sum: 1090.3]
      [Termination (ms): Min: 0.0, Avg: 0.0, Max: 0.1, Diff: 0.0, Sum: 0.3]
         [Termination Attempts: Min: 1, Avg: 76.0, Max: 99, Diff: 98, Sum: 608]
      [GC Worker Other (ms): Min: 0.0, Avg: 0.0, Max: 0.1, Diff: 0.0, Sum: 0.2]
      [GC Worker Total (ms): Min: 170.4, Avg: 170.5, Max: 170.6, Diff: 0.2, Sum: 1364.0]
      [GC Worker End (ms): Min: 160500.2, Avg: 160500.2, Max: 160500.2, Diff: 0.0]
   [Code Root Fixup: 0.0 ms]
   [Code Root Purge: 0.0 ms]
   [Clear CT: 0.4 ms]
   [Other: 1.6 ms]
      [Choose CSet: 0.0 ms]
      [Ref Proc: 0.4 ms]
      [Ref Enq: 0.0 ms]
      [Redirty Cards: 0.4 ms]
      [Humongous Register: 0.1 ms]
      [Humongous Reclaim: 0.0 ms]
      [Free CSet: 0.3 ms]
   [Eden: 133.0M(133.0M)->0.0B(135.0M) Survivors: 20.0M->20.0M Heap: 632.6M(2048.0M)->634.1M(2048.0M)]
 [Times: user=1.36 sys=0.02, real=0.17 secs] 
2020-09-29T12:35:33.320+0200: 160.678: [GC pause (G1 Evacuation Pause) (young), 0.1832967 secs]
   [Parallel Time: 179.0 ms, GC Workers: 8]
      [GC Worker Start (ms): Min: 160678.3, Avg: 160678.5, Max: 160678.7, Diff: 0.3]
      [Ext Root Scanning (ms): Min: 0.0, Avg: 0.1, Max: 0.3, Diff: 0.3, Sum: 1.1]
      [Update RS (ms): Min: 23.8, Avg: 24.0, Max: 24.2, Diff: 0.4, Sum: 192.0]
         [Processed Buffers: Min: 11, Avg: 13.5, Max: 18, Diff: 7, Sum: 108]
      [Scan RS (ms): Min: 13.1, Avg: 13.4, Max: 13.8, Diff: 0.6, Sum: 107.1]
      [Code Root Scanning (ms): Min: 0.0, Avg: 0.0, Max: 0.0, Diff: 0.0, Sum: 0.0]
      [Object Copy (ms): Min: 140.7, Avg: 141.0, Max: 141.1, Diff: 0.4, Sum: 1128.3]
      [Termination (ms): Min: 0.0, Avg: 0.1, Max: 0.1, Diff: 0.1, Sum: 0.5]
         [Termination Attempts: Min: 1, Avg: 177.5, Max: 225, Diff: 224, Sum: 1420]
      [GC Worker Other (ms): Min: 0.0, Avg: 0.0, Max: 0.1, Diff: 0.1, Sum: 0.4]
      [GC Worker Total (ms): Min: 178.5, Avg: 178.7, Max: 178.9, Diff: 0.4, Sum: 1429.5]
      [GC Worker End (ms): Min: 160857.2, Avg: 160857.2, Max: 160857.2, Diff: 0.1]
   [Code Root Fixup: 0.0 ms]
   [Code Root Purge: 0.0 ms]
   [Clear CT: 2.0 ms]
   [Other: 2.2 ms]
      [Choose CSet: 0.0 ms]
      [Ref Proc: 0.5 ms]
      [Ref Enq: 0.0 ms]
      [Redirty Cards: 1.1 ms]
      [Humongous Register: 0.1 ms]
      [Humongous Reclaim: 0.0 ms]
      [Free CSet: 0.2 ms]
   [Eden: 135.0M(135.0M)->0.0B(133.0M) Survivors: 20.0M->20.0M Heap: 792.0M(2048.0M)->793.5M(2048.0M)]
 [Times: user=1.36 sys=0.00, real=0.18 secs] 
2020-09-29T12:35:33.680+0200: 161.037: [GC pause (G1 Evacuation Pause) (young), 0.1711705 secs]
   [Parallel Time: 169.2 ms, GC Workers: 8]
      [GC Worker Start (ms): Min: 161037.5, Avg: 161037.7, Max: 161037.8, Diff: 0.3]
      [Ext Root Scanning (ms): Min: 0.0, Avg: 0.1, Max: 0.3, Diff: 0.3, Sum: 1.0]
      [Update RS (ms): Min: 18.6, Avg: 19.3, Max: 19.8, Diff: 1.2, Sum: 154.0]
         [Processed Buffers: Min: 10, Avg: 10.5, Max: 12, Diff: 2, Sum: 84]
      [Scan RS (ms): Min: 13.7, Avg: 14.2, Max: 15.0, Diff: 1.2, Sum: 113.8]
      [Code Root Scanning (ms): Min: 0.0, Avg: 0.0, Max: 0.0, Diff: 0.0, Sum: 0.0]
      [Object Copy (ms): Min: 134.9, Avg: 135.0, Max: 135.1, Diff: 0.2, Sum: 1080.2]
      [Termination (ms): Min: 0.0, Avg: 0.0, Max: 0.0, Diff: 0.0, Sum: 0.0]
         [Termination Attempts: Min: 1, Avg: 3.3, Max: 6, Diff: 5, Sum: 26]
      [GC Worker Other (ms): Min: 0.0, Avg: 0.1, Max: 0.1, Diff: 0.1, Sum: 0.4]
      [GC Worker Total (ms): Min: 168.5, Avg: 168.7, Max: 168.9, Diff: 0.3, Sum: 1349.5]
      [GC Worker End (ms): Min: 161206.3, Avg: 161206.4, Max: 161206.4, Diff: 0.1]
   [Code Root Fixup: 0.0 ms]
   [Code Root Purge: 0.0 ms]
   [Clear CT: 0.5 ms]
   [Other: 1.4 ms]
      [Choose CSet: 0.0 ms]
      [Ref Proc: 0.3 ms]
      [Ref Enq: 0.0 ms]
      [Redirty Cards: 0.5 ms]
      [Humongous Register: 0.1 ms]
      [Humongous Reclaim: 0.0 ms]
      [Free CSet: 0.3 ms]
   [Eden: 133.0M(133.0M)->0.0B(136.0M) Survivors: 20.0M->20.0M Heap: 947.5M(2048.0M)->950.5M(2048.0M)]
 [Times: user=1.38 sys=0.00, real=0.17 secs] 
2020-09-29T12:35:33.864+0200: 161.221: [GC pause (G1 Humongous Allocation) (young) (initial-mark), 0.0711895 secs]
   [Parallel Time: 68.9 ms, GC Workers: 8]
      [GC Worker Start (ms): Min: 161221.5, Avg: 161221.9, Max: 161222.4, Diff: 0.9]
      [Ext Root Scanning (ms): Min: 0.0, Avg: 3.6, Max: 23.9, Diff: 23.8, Sum: 28.5]
      [Update RS (ms): Min: 15.2, Avg: 36.3, Max: 40.1, Diff: 24.9, Sum: 290.4]
         [Processed Buffers: Min: 10, Avg: 19.0, Max: 22, Diff: 12, Sum: 152]
      [Scan RS (ms): Min: 1.9, Avg: 2.8, Max: 3.3, Diff: 1.5, Sum: 22.8]
      [Code Root Scanning (ms): Min: 0.0, Avg: 0.0, Max: 0.0, Diff: 0.0, Sum: 0.0]
      [Object Copy (ms): Min: 25.4, Avg: 25.5, Max: 25.5, Diff: 0.2, Sum: 203.7]
      [Termination (ms): Min: 0.0, Avg: 0.0, Max: 0.0, Diff: 0.0, Sum: 0.1]
         [Termination Attempts: Min: 1, Avg: 28.0, Max: 44, Diff: 43, Sum: 224]
      [GC Worker Other (ms): Min: 0.0, Avg: 0.0, Max: 0.1, Diff: 0.0, Sum: 0.3]
      [GC Worker Total (ms): Min: 67.8, Avg: 68.2, Max: 68.7, Diff: 0.9, Sum: 545.7]
      [GC Worker End (ms): Min: 161290.1, Avg: 161290.1, Max: 161290.1, Diff: 0.0]
   [Code Root Fixup: 0.0 ms]
   [Code Root Purge: 0.0 ms]
   [Clear CT: 0.6 ms]
   [Other: 1.6 ms]
      [Choose CSet: 0.0 ms]
      [Ref Proc: 0.6 ms]
      [Ref Enq: 0.0 ms]
      [Redirty Cards: 0.5 ms]
      [Humongous Register: 0.0 ms]
      [Humongous Reclaim: 0.0 ms]
      [Free CSet: 0.1 ms]
   [Eden: 5120.0K(136.0M)->0.0B(147.0M) Survivors: 20.0M->6144.0K Heap: 955.0M(2048.0M)->958.5M(2048.0M)]
 [Times: user=0.48 sys=0.00, real=0.07 secs] 
2020-09-29T12:35:33.937+0200: 161.294: [GC concurrent-root-region-scan-start]
2020-09-29T12:35:33.940+0200: 161.298: [GC concurrent-root-region-scan-end, 0.0034806 secs]
2020-09-29T12:35:33.941+0200: 161.298: [GC concurrent-mark-start]
2020-09-29T12:35:33.945+0200: 161.303: [GC concurrent-mark-end, 0.0054951 secs]
2020-09-29T12:35:33.946+0200: 161.304: [GC remark 2020-09-29T12:35:33.946+0200: 161.304: [Finalize Marking, 0.0004614 secs] 2020-09-29T12:35:33.947+0200: 161.305: [GC ref-proc, 0.0006323 secs] 2020-09-29T12:35:33.947+0200: 161.305: [Unloading, 0.0010707 secs], 0.0029086 secs]
 [Times: user=0.00 sys=0.00, real=0.00 secs] 
2020-09-29T12:35:33.950+0200: 161.308: [GC cleanup 967M->22M(2048M), 0.0028538 secs]
 [Times: user=0.00 sys=0.00, real=0.00 secs] 
2020-09-29T12:35:33.953+0200: 161.311: [GC concurrent-cleanup-start]
2020-09-29T12:35:33.955+0200: 161.313: [GC concurrent-cleanup-end, 0.0023672 secs]
2020-09-29T12:35:34.119+0200: 161.477: [GC pause (G1 Evacuation Pause) (young), 0.1840066 secs]
   [Parallel Time: 181.8 ms, GC Workers: 8]
      [GC Worker Start (ms): Min: 161476.7, Avg: 161476.9, Max: 161477.1, Diff: 0.4]
      [Ext Root Scanning (ms): Min: 0.0, Avg: 0.1, Max: 0.3, Diff: 0.3, Sum: 1.1]
      [Update RS (ms): Min: 17.6, Avg: 18.3, Max: 19.6, Diff: 1.9, Sum: 146.7]
         [Processed Buffers: Min: 9, Avg: 9.9, Max: 10, Diff: 1, Sum: 79]
      [Scan RS (ms): Min: 12.6, Avg: 13.9, Max: 14.4, Diff: 1.8, Sum: 110.8]
      [Code Root Scanning (ms): Min: 0.0, Avg: 0.0, Max: 0.0, Diff: 0.0, Sum: 0.0]
      [Object Copy (ms): Min: 148.3, Avg: 148.6, Max: 149.2, Diff: 0.8, Sum: 1188.5]
      [Termination (ms): Min: 0.0, Avg: 0.5, Max: 0.6, Diff: 0.6, Sum: 3.6]
         [Termination Attempts: Min: 1, Avg: 1230.1, Max: 1593, Diff: 1592, Sum: 9841]
      [GC Worker Other (ms): Min: 0.0, Avg: 0.1, Max: 0.2, Diff: 0.2, Sum: 0.6]
      [GC Worker Total (ms): Min: 181.2, Avg: 181.4, Max: 181.6, Diff: 0.4, Sum: 1451.3]
      [GC Worker End (ms): Min: 161658.2, Avg: 161658.3, Max: 161658.3, Diff: 0.1]
   [Code Root Fixup: 0.0 ms]
   [Code Root Purge: 0.0 ms]
   [Clear CT: 0.5 ms]
   [Other: 1.7 ms]
      [Choose CSet: 0.0 ms]
      [Ref Proc: 0.5 ms]
      [Ref Enq: 0.0 ms]
      [Redirty Cards: 0.5 ms]
      [Humongous Register: 0.1 ms]
      [Humongous Reclaim: 0.0 ms]
      [Free CSet: 0.2 ms]
   [Eden: 147.0M(147.0M)->0.0B(131.0M) Survivors: 6144.0K->20.0M Heap: 185.8M(2048.0M)->181.8M(2048.0M)]
 [Times: user=1.34 sys=0.03, real=0.18 secs] 
2020-09-29T12:35:34.469+0200: 161.827: [GC pause (G1 Evacuation Pause) (young), 0.1771384 secs]
   [Parallel Time: 173.5 ms, GC Workers: 8]
      [GC Worker Start (ms): Min: 161827.4, Avg: 161827.6, Max: 161827.8, Diff: 0.3]
      [Ext Root Scanning (ms): Min: 0.0, Avg: 0.1, Max: 0.3, Diff: 0.3, Sum: 1.0]
      [Update RS (ms): Min: 23.8, Avg: 23.9, Max: 24.1, Diff: 0.3, Sum: 191.2]
         [Processed Buffers: Min: 12, Avg: 13.6, Max: 18, Diff: 6, Sum: 109]
      [Scan RS (ms): Min: 12.2, Avg: 12.5, Max: 12.7, Diff: 0.4, Sum: 99.7]
      [Code Root Scanning (ms): Min: 0.0, Avg: 0.0, Max: 0.0, Diff: 0.0, Sum: 0.0]
      [Object Copy (ms): Min: 136.3, Avg: 136.4, Max: 136.5, Diff: 0.2, Sum: 1091.0]
      [Termination (ms): Min: 0.0, Avg: 0.1, Max: 0.1, Diff: 0.1, Sum: 0.6]
         [Termination Attempts: Min: 1, Avg: 207.8, Max: 264, Diff: 263, Sum: 1662]
      [GC Worker Other (ms): Min: 0.0, Avg: 0.1, Max: 0.1, Diff: 0.1, Sum: 0.4]
      [GC Worker Total (ms): Min: 172.8, Avg: 173.0, Max: 173.2, Diff: 0.3, Sum: 1383.9]
      [GC Worker End (ms): Min: 162000.6, Avg: 162000.6, Max: 162000.7, Diff: 0.1]
   [Code Root Fixup: 0.0 ms]
   [Code Root Purge: 0.0 ms]
   [Clear CT: 1.1 ms]
   [Other: 2.5 ms]
      [Choose CSet: 0.0 ms]
      [Ref Proc: 0.5 ms]
      [Ref Enq: 0.0 ms]
      [Redirty Cards: 1.4 ms]
      [Humongous Register: 0.1 ms]
      [Humongous Reclaim: 0.0 ms]
      [Free CSet: 0.2 ms]
   [Eden: 131.0M(131.0M)->0.0B(132.0M) Survivors: 20.0M->19.0M Heap: 335.7M(2048.0M)->338.2M(2048.0M)]
 [Times: user=1.39 sys=0.00, real=0.18 secs] 
2020-09-29T12:35:34.820+0200: 162.178: [GC pause (G1 Evacuation Pause) (young), 0.1781970 secs]
   [Parallel Time: 176.3 ms, GC Workers: 8]
      [GC Worker Start (ms): Min: 162177.7, Avg: 162179.7, Max: 162185.5, Diff: 7.8]
      [Ext Root Scanning (ms): Min: 0.0, Avg: 0.2, Max: 0.3, Diff: 0.3, Sum: 1.3]
      [Update RS (ms): Min: 12.7, Avg: 18.6, Max: 21.4, Diff: 8.7, Sum: 148.5]
         [Processed Buffers: Min: 7, Avg: 9.6, Max: 11, Diff: 4, Sum: 77]
      [Scan RS (ms): Min: 13.5, Avg: 14.6, Max: 15.2, Diff: 1.6, Sum: 116.9]
      [Code Root Scanning (ms): Min: 0.0, Avg: 0.0, Max: 0.0, Diff: 0.0, Sum: 0.0]
      [Object Copy (ms): Min: 140.5, Avg: 140.6, Max: 140.6, Diff: 0.1, Sum: 1124.6]
      [Termination (ms): Min: 0.0, Avg: 0.0, Max: 0.0, Diff: 0.0, Sum: 0.1]
         [Termination Attempts: Min: 1, Avg: 23.1, Max: 35, Diff: 34, Sum: 185]
      [GC Worker Other (ms): Min: 0.0, Avg: 0.1, Max: 0.1, Diff: 0.1, Sum: 0.5]
      [GC Worker Total (ms): Min: 168.2, Avg: 174.0, Max: 176.0, Diff: 7.8, Sum: 1391.9]
      [GC Worker End (ms): Min: 162353.7, Avg: 162353.7, Max: 162353.8, Diff: 0.1]
   [Code Root Fixup: 0.0 ms]
   [Code Root Purge: 0.0 ms]
   [Clear CT: 0.4 ms]
   [Other: 1.4 ms]
      [Choose CSet: 0.0 ms]
      [Ref Proc: 0.4 ms]
      [Ref Enq: 0.0 ms]
      [Redirty Cards: 0.5 ms]
      [Humongous Register: 0.1 ms]
      [Humongous Reclaim: 0.0 ms]
      [Free CSet: 0.2 ms]
   [Eden: 132.0M(132.0M)->0.0B(132.0M) Survivors: 19.0M->19.0M Heap: 491.2M(2048.0M)->493.7M(2048.0M)]
 [Times: user=1.38 sys=0.00, real=0.18 secs] 
2020-09-29T12:35:35.170+0200: 162.527: [GC pause (G1 Evacuation Pause) (young), 0.1688716 secs]
   [Parallel Time: 166.7 ms, GC Workers: 8]
      [GC Worker Start (ms): Min: 162527.4, Avg: 162527.6, Max: 162527.7, Diff: 0.3]
      [Ext Root Scanning (ms): Min: 0.0, Avg: 0.1, Max: 0.3, Diff: 0.3, Sum: 1.1]
      [Update RS (ms): Min: 18.6, Avg: 19.0, Max: 19.6, Diff: 1.0, Sum: 152.0]
         [Processed Buffers: Min: 10, Avg: 10.8, Max: 13, Diff: 3, Sum: 86]
      [Scan RS (ms): Min: 13.5, Avg: 14.2, Max: 14.7, Diff: 1.2, Sum: 114.0]
      [Code Root Scanning (ms): Min: 0.0, Avg: 0.0, Max: 0.0, Diff: 0.0, Sum: 0.0]
      [Object Copy (ms): Min: 132.7, Avg: 132.8, Max: 132.8, Diff: 0.2, Sum: 1062.2]
      [Termination (ms): Min: 0.0, Avg: 0.0, Max: 0.0, Diff: 0.0, Sum: 0.2]
         [Termination Attempts: Min: 1, Avg: 69.9, Max: 92, Diff: 91, Sum: 559]
      [GC Worker Other (ms): Min: 0.0, Avg: 0.0, Max: 0.1, Diff: 0.1, Sum: 0.4]
      [GC Worker Total (ms): Min: 166.1, Avg: 166.2, Max: 166.4, Diff: 0.3, Sum: 1329.8]
      [GC Worker End (ms): Min: 162693.8, Avg: 162693.8, Max: 162693.9, Diff: 0.1]
   [Code Root Fixup: 0.0 ms]
   [Code Root Purge: 0.0 ms]
   [Clear CT: 0.6 ms]
   [Other: 1.6 ms]
      [Choose CSet: 0.0 ms]
      [Ref Proc: 0.4 ms]
      [Ref Enq: 0.0 ms]
      [Redirty Cards: 0.5 ms]
      [Humongous Register: 0.1 ms]
      [Humongous Reclaim: 0.0 ms]
      [Free CSet: 0.3 ms]
   [Eden: 132.0M(132.0M)->0.0B(136.0M) Survivors: 19.0M->19.0M Heap: 648.6M(2048.0M)->651.1M(2048.0M)]
 [Times: user=1.38 sys=0.00, real=0.17 secs] 
2020-09-29T12:35:35.509+0200: 162.866: [GC pause (G1 Evacuation Pause) (young), 0.1770908 secs]
   [Parallel Time: 175.2 ms, GC Workers: 8]
      [GC Worker Start (ms): Min: 162866.4, Avg: 162867.1, Max: 162867.6, Diff: 1.1]
      [Ext Root Scanning (ms): Min: 0.0, Avg: 0.1, Max: 0.4, Diff: 0.3, Sum: 0.7]
      [Update RS (ms): Min: 18.8, Avg: 19.4, Max: 19.8, Diff: 1.1, Sum: 155.4]
         [Processed Buffers: Min: 10, Avg: 11.4, Max: 14, Diff: 4, Sum: 91]
      [Scan RS (ms): Min: 14.2, Avg: 14.7, Max: 15.1, Diff: 0.9, Sum: 117.7]
      [Code Root Scanning (ms): Min: 0.0, Avg: 0.0, Max: 0.0, Diff: 0.0, Sum: 0.0]
      [Object Copy (ms): Min: 139.6, Avg: 139.8, Max: 140.0, Diff: 0.3, Sum: 1118.5]
      [Termination (ms): Min: 0.0, Avg: 0.1, Max: 0.2, Diff: 0.2, Sum: 1.0]
         [Termination Attempts: Min: 1, Avg: 334.6, Max: 500, Diff: 499, Sum: 2677]
      [GC Worker Other (ms): Min: 0.0, Avg: 0.0, Max: 0.1, Diff: 0.1, Sum: 0.4]
      [GC Worker Total (ms): Min: 173.8, Avg: 174.2, Max: 174.9, Diff: 1.2, Sum: 1393.7]
      [GC Worker End (ms): Min: 163041.3, Avg: 163041.3, Max: 163041.4, Diff: 0.1]
   [Code Root Fixup: 0.0 ms]
   [Code Root Purge: 0.0 ms]
   [Clear CT: 0.4 ms]
   [Other: 1.5 ms]
      [Choose CSet: 0.0 ms]
      [Ref Proc: 0.4 ms]
      [Ref Enq: 0.0 ms]
      [Redirty Cards: 0.4 ms]
      [Humongous Register: 0.1 ms]
      [Humongous Reclaim: 0.0 ms]
      [Free CSet: 0.3 ms]
   [Eden: 136.0M(136.0M)->0.0B(137.0M) Survivors: 19.0M->20.0M Heap: 809.9M(2048.0M)->812.4M(2048.0M)]
 [Times: user=1.38 sys=0.00, real=0.18 secs] 
2020-09-29T12:35:35.853+0200: 163.211: [GC pause (G1 Evacuation Pause) (young), 0.1818234 secs]
   [Parallel Time: 179.1 ms, GC Workers: 8]
      [GC Worker Start (ms): Min: 163210.8, Avg: 163211.0, Max: 163211.1, Diff: 0.3]
      [Ext Root Scanning (ms): Min: 0.0, Avg: 0.2, Max: 0.3, Diff: 0.3, Sum: 1.2]
      [Update RS (ms): Min: 27.7, Avg: 28.2, Max: 29.2, Diff: 1.5, Sum: 225.3]
         [Processed Buffers: Min: 14, Avg: 15.5, Max: 17, Diff: 3, Sum: 124]
      [Scan RS (ms): Min: 10.1, Avg: 11.2, Max: 11.7, Diff: 1.6, Sum: 89.9]
      [Code Root Scanning (ms): Min: 0.0, Avg: 0.0, Max: 0.0, Diff: 0.0, Sum: 0.0]
      [Object Copy (ms): Min: 138.8, Avg: 139.0, Max: 139.1, Diff: 0.2, Sum: 1111.9]
      [Termination (ms): Min: 0.0, Avg: 0.0, Max: 0.1, Diff: 0.1, Sum: 0.3]
         [Termination Attempts: Min: 1, Avg: 105.0, Max: 163, Diff: 162, Sum: 840]
      [GC Worker Other (ms): Min: 0.0, Avg: 0.1, Max: 0.1, Diff: 0.1, Sum: 0.6]
      [GC Worker Total (ms): Min: 178.6, Avg: 178.7, Max: 178.8, Diff: 0.3, Sum: 1429.3]
      [GC Worker End (ms): Min: 163389.6, Avg: 163389.7, Max: 163389.7, Diff: 0.1]
   [Code Root Fixup: 0.0 ms]
   [Code Root Purge: 0.0 ms]
   [Clear CT: 0.8 ms]
   [Other: 2.0 ms]
      [Choose CSet: 0.0 ms]
      [Ref Proc: 0.7 ms]
      [Ref Enq: 0.0 ms]
      [Redirty Cards: 0.7 ms]
      [Humongous Register: 0.1 ms]
      [Humongous Reclaim: 0.0 ms]
      [Free CSet: 0.2 ms]
   [Eden: 137.0M(137.0M)->0.0B(137.0M) Survivors: 20.0M->20.0M Heap: 972.3M(2048.0M)->974.8M(2048.0M)]
 [Times: user=1.38 sys=0.00, real=0.18 secs] 
2020-09-29T12:35:36.056+0200: 163.414: [GC pause (G1 Humongous Allocation) (young) (initial-mark), 0.0627354 secs]
   [Parallel Time: 60.6 ms, GC Workers: 8]
      [GC Worker Start (ms): Min: 163414.3, Avg: 163414.3, Max: 163414.4, Diff: 0.2]
      [Ext Root Scanning (ms): Min: 0.8, Avg: 0.9, Max: 1.0, Diff: 0.3, Sum: 7.1]
      [Update RS (ms): Min: 28.9, Avg: 29.3, Max: 29.8, Diff: 0.9, Sum: 234.6]
         [Processed Buffers: Min: 15, Avg: 16.3, Max: 19, Diff: 4, Sum: 130]
      [Scan RS (ms): Min: 2.5, Avg: 2.9, Max: 3.5, Diff: 1.0, Sum: 23.2]
      [Code Root Scanning (ms): Min: 0.0, Avg: 0.0, Max: 0.1, Diff: 0.1, Sum: 0.1]
      [Object Copy (ms): Min: 27.1, Avg: 27.2, Max: 27.3, Diff: 0.3, Sum: 218.0]
      [Termination (ms): Min: 0.0, Avg: 0.0, Max: 0.0, Diff: 0.0, Sum: 0.2]
         [Termination Attempts: Min: 1, Avg: 61.4, Max: 81, Diff: 80, Sum: 491]
      [GC Worker Other (ms): Min: 0.0, Avg: 0.0, Max: 0.0, Diff: 0.0, Sum: 0.2]
      [GC Worker Total (ms): Min: 60.3, Avg: 60.4, Max: 60.5, Diff: 0.2, Sum: 483.4]
      [GC Worker End (ms): Min: 163474.8, Avg: 163474.8, Max: 163474.8, Diff: 0.0]
   [Code Root Fixup: 0.0 ms]
   [Code Root Purge: 0.0 ms]
   [Clear CT: 0.5 ms]
   [Other: 1.7 ms]
      [Choose CSet: 0.0 ms]
      [Ref Proc: 0.7 ms]
      [Ref Enq: 0.0 ms]
      [Redirty Cards: 0.4 ms]
      [Humongous Register: 0.1 ms]
      [Humongous Reclaim: 0.0 ms]
      [Free CSet: 0.1 ms]
   [Eden: 10.0M(137.0M)->0.0B(152.0M) Survivors: 20.0M->10.0M Heap: 984.3M(2048.0M)->986.3M(2048.0M)]
 [Times: user=0.50 sys=0.00, real=0.06 secs] 
2020-09-29T12:35:36.119+0200: 163.477: [GC concurrent-root-region-scan-start]
2020-09-29T12:35:36.126+0200: 163.484: [GC concurrent-root-region-scan-end, 0.0068392 secs]
2020-09-29T12:35:36.126+0200: 163.484: [GC concurrent-mark-start]
2020-09-29T12:35:36.133+0200: 163.491: [GC concurrent-mark-end, 0.0071032 secs]
2020-09-29T12:35:36.134+0200: 163.492: [GC remark 2020-09-29T12:35:36.134+0200: 163.492: [Finalize Marking, 0.0007135 secs] 2020-09-29T12:35:36.135+0200: 163.493: [GC ref-proc, 0.0008781 secs] 2020-09-29T12:35:36.136+0200: 163.493: [Unloading, 0.0010176 secs], 0.0033882 secs]
 [Times: user=0.00 sys=0.00, real=0.00 secs] 
2020-09-29T12:35:36.138+0200: 163.496: [GC cleanup 1001M->33M(2048M), 0.0026888 secs]
 [Times: user=0.00 sys=0.00, real=0.00 secs] 
2020-09-29T12:35:36.141+0200: 163.498: [GC concurrent-cleanup-start]
2020-09-29T12:35:36.144+0200: 163.502: [GC concurrent-cleanup-end, 0.0030524 secs]
2020-09-29T12:35:36.312+0200: 163.670: [GC pause (G1 Evacuation Pause) (young), 0.1758872 secs]
   [Parallel Time: 173.8 ms, GC Workers: 8]
      [GC Worker Start (ms): Min: 163669.9, Avg: 163670.1, Max: 163670.2, Diff: 0.3]
      [Ext Root Scanning (ms): Min: 0.0, Avg: 0.1, Max: 0.3, Diff: 0.3, Sum: 1.1]
      [Update RS (ms): Min: 22.4, Avg: 22.8, Max: 23.1, Diff: 0.7, Sum: 182.1]
         [Processed Buffers: Min: 11, Avg: 12.6, Max: 14, Diff: 3, Sum: 101]
      [Scan RS (ms): Min: 13.0, Avg: 13.7, Max: 17.0, Diff: 4.0, Sum: 109.6]
      [Code Root Scanning (ms): Min: 0.0, Avg: 0.0, Max: 0.0, Diff: 0.0, Sum: 0.0]
      [Object Copy (ms): Min: 133.4, Avg: 136.6, Max: 137.2, Diff: 3.8, Sum: 1092.9]
      [Termination (ms): Min: 0.0, Avg: 0.1, Max: 0.1, Diff: 0.1, Sum: 0.7]
         [Termination Attempts: Min: 1, Avg: 235.4, Max: 329, Diff: 328, Sum: 1883]
      [GC Worker Other (ms): Min: 0.0, Avg: 0.1, Max: 0.1, Diff: 0.1, Sum: 0.5]
      [GC Worker Total (ms): Min: 173.2, Avg: 173.4, Max: 173.6, Diff: 0.4, Sum: 1386.9]
      [GC Worker End (ms): Min: 163843.4, Avg: 163843.4, Max: 163843.5, Diff: 0.1]
   [Code Root Fixup: 0.0 ms]
   [Code Root Purge: 0.0 ms]
   [Clear CT: 0.4 ms]
   [Other: 1.7 ms]
      [Choose CSet: 0.0 ms]
      [Ref Proc: 0.5 ms]
      [Ref Enq: 0.0 ms]
      [Redirty Cards: 0.4 ms]
      [Humongous Register: 0.1 ms]
      [Humongous Reclaim: 0.0 ms]
      [Free CSet: 0.3 ms]
   [Eden: 152.0M(152.0M)->0.0B(143.0M) Survivors: 10.0M->21.0M Heap: 196.7M(2048.0M)->188.7M(2048.0M)]
 [Times: user=1.36 sys=0.00, real=0.18 secs] 
2020-09-29T12:35:36.597+0200: 163.956: [GC pause (G1 Evacuation Pause) (young), 0.0786529 secs]
   [Parallel Time: 77.7 ms, GC Workers: 8]
      [GC Worker Start (ms): Min: 163955.7, Avg: 163955.8, Max: 163955.9, Diff: 0.2]
      [Ext Root Scanning (ms): Min: 0.0, Avg: 0.1, Max: 0.2, Diff: 0.2, Sum: 0.5]
      [Update RS (ms): Min: 7.6, Avg: 7.9, Max: 8.3, Diff: 0.7, Sum: 62.8]
         [Processed Buffers: Min: 4, Avg: 8.5, Max: 12, Diff: 8, Sum: 68]
      [Scan RS (ms): Min: 6.7, Avg: 7.1, Max: 7.4, Diff: 0.7, Sum: 57.1]
      [Code Root Scanning (ms): Min: 0.0, Avg: 0.0, Max: 0.0, Diff: 0.0, Sum: 0.0]
      [Object Copy (ms): Min: 62.3, Avg: 62.4, Max: 62.4, Diff: 0.1, Sum: 499.0]
      [Termination (ms): Min: 0.0, Avg: 0.0, Max: 0.1, Diff: 0.1, Sum: 0.3]
         [Termination Attempts: Min: 1, Avg: 281.5, Max: 430, Diff: 429, Sum: 2252]
      [GC Worker Other (ms): Min: 0.0, Avg: 0.0, Max: 0.1, Diff: 0.0, Sum: 0.2]
      [GC Worker Total (ms): Min: 77.4, Avg: 77.5, Max: 77.6, Diff: 0.2, Sum: 620.0]
      [GC Worker End (ms): Min: 164033.3, Avg: 164033.3, Max: 164033.3, Diff: 0.0]
   [Code Root Fixup: 0.0 ms]
   [Code Root Purge: 0.0 ms]
   [Clear CT: 0.1 ms]
   [Other: 0.8 ms]
      [Choose CSet: 0.0 ms]
      [Ref Proc: 0.1 ms]
      [Ref Enq: 0.0 ms]
      [Redirty Cards: 0.3 ms]
      [Humongous Register: 0.1 ms]
      [Humongous Reclaim: 0.0 ms]
      [Free CSet: 0.1 ms]
   [Eden: 143.0M(143.0M)->0.0B(156.0M) Survivors: 21.0M->21.0M Heap: 354.6M(2048.0M)->357.1M(2048.0M)]
 [Times: user=0.52 sys=0.01, real=0.08 secs] 
2020-09-29T12:35:36.763+0200: 164.121: [GC pause (G1 Evacuation Pause) (young), 0.0996703 secs]
   [Parallel Time: 98.4 ms, GC Workers: 8]
      [GC Worker Start (ms): Min: 164121.1, Avg: 164121.2, Max: 164121.3, Diff: 0.2]
      [Ext Root Scanning (ms): Min: 0.0, Avg: 0.1, Max: 0.2, Diff: 0.2, Sum: 0.5]
      [Update RS (ms): Min: 8.6, Avg: 8.7, Max: 8.9, Diff: 0.3, Sum: 69.8]
         [Processed Buffers: Min: 9, Avg: 10.3, Max: 13, Diff: 4, Sum: 82]
      [Scan RS (ms): Min: 8.7, Avg: 8.9, Max: 9.0, Diff: 0.3, Sum: 71.2]
      [Code Root Scanning (ms): Min: 0.0, Avg: 0.0, Max: 0.0, Diff: 0.0, Sum: 0.0]
      [Object Copy (ms): Min: 80.4, Avg: 80.5, Max: 80.5, Diff: 0.1, Sum: 643.6]
      [Termination (ms): Min: 0.0, Avg: 0.0, Max: 0.0, Diff: 0.0, Sum: 0.1]
         [Termination Attempts: Min: 1, Avg: 66.4, Max: 86, Diff: 85, Sum: 531]
      [GC Worker Other (ms): Min: 0.0, Avg: 0.0, Max: 0.1, Diff: 0.0, Sum: 0.2]
      [GC Worker Total (ms): Min: 98.1, Avg: 98.2, Max: 98.3, Diff: 0.2, Sum: 785.4]
      [GC Worker End (ms): Min: 164219.4, Avg: 164219.4, Max: 164219.4, Diff: 0.0]
   [Code Root Fixup: 0.0 ms]
   [Code Root Purge: 0.0 ms]
   [Clear CT: 0.4 ms]
   [Other: 0.8 ms]
      [Choose CSet: 0.0 ms]
      [Ref Proc: 0.1 ms]
      [Ref Enq: 0.0 ms]
      [Redirty Cards: 0.3 ms]
      [Humongous Register: 0.0 ms]
      [Humongous Reclaim: 0.0 ms]
      [Free CSet: 0.1 ms]
   [Eden: 156.0M(156.0M)->0.0B(178.0M) Survivors: 21.0M->23.0M Heap: 539.8M(2048.0M)->541.3M(2048.0M)]
 [Times: user=0.70 sys=0.02, real=0.10 secs] 
2020-09-29T12:35:36.951+0200: 164.309: [GC pause (G1 Evacuation Pause) (young), 0.0947630 secs]
   [Parallel Time: 93.7 ms, GC Workers: 8]
      [GC Worker Start (ms): Min: 164309.4, Avg: 164309.5, Max: 164309.6, Diff: 0.2]
      [Ext Root Scanning (ms): Min: 0.0, Avg: 0.1, Max: 0.2, Diff: 0.2, Sum: 0.5]
      [Update RS (ms): Min: 8.0, Avg: 8.4, Max: 8.8, Diff: 0.8, Sum: 67.1]
         [Processed Buffers: Min: 9, Avg: 9.6, Max: 10, Diff: 1, Sum: 77]
      [Scan RS (ms): Min: 12.7, Avg: 13.2, Max: 13.7, Diff: 1.0, Sum: 105.4]
      [Code Root Scanning (ms): Min: 0.0, Avg: 0.0, Max: 0.0, Diff: 0.0, Sum: 0.0]
      [Object Copy (ms): Min: 71.6, Avg: 71.8, Max: 71.8, Diff: 0.3, Sum: 574.1]
      [Termination (ms): Min: 0.0, Avg: 0.0, Max: 0.0, Diff: 0.0, Sum: 0.0]
         [Termination Attempts: Min: 1, Avg: 17.5, Max: 29, Diff: 28, Sum: 140]
      [GC Worker Other (ms): Min: 0.0, Avg: 0.0, Max: 0.1, Diff: 0.0, Sum: 0.2]
      [GC Worker Total (ms): Min: 93.3, Avg: 93.4, Max: 93.5, Diff: 0.2, Sum: 747.3]
      [GC Worker End (ms): Min: 164402.9, Avg: 164402.9, Max: 164403.0, Diff: 0.0]
   [Code Root Fixup: 0.0 ms]
   [Code Root Purge: 0.0 ms]
   [Clear CT: 0.2 ms]
   [Other: 0.9 ms]
      [Choose CSet: 0.0 ms]
      [Ref Proc: 0.2 ms]
      [Ref Enq: 0.0 ms]
      [Redirty Cards: 0.2 ms]
      [Humongous Register: 0.0 ms]
      [Humongous Reclaim: 0.0 ms]
      [Free CSet: 0.2 ms]
   [Eden: 178.0M(178.0M)->0.0B(203.0M) Survivors: 23.0M->26.0M Heap: 747.9M(2048.0M)->749.9M(2048.0M)]
 [Times: user=0.69 sys=0.03, real=0.10 secs] 
Heap
 garbage-first heap   total 2097152K, used 973327K [0x0000000080000000, 0x0000000080104000, 0x0000000100000000)
  region size 1024K, 199 young (203776K), 26 survivors (26624K)
 Metaspace       used 2594K, capacity 4486K, committed 4864K, reserved 1056768K
  class space    used 285K, capacity 386K, committed 512K, reserved 1048576K
