Java HotSpot(TM) 64-Bit Server VM (25.261-b12) for windows-amd64 JRE (1.8.0_261-b12), built on Jun 18 2020 06:56:32 by "" with unknown MS VC++:1916
Memory: 4k page, physical 16659684k(9090980k free), swap 23213284k(8235436k free)
CommandLine flags: -XX:InitialHeapSize=2147483648 -XX:MaxHeapSize=2147483648 -XX:+PrintGC -XX:+PrintGCDateStamps -XX:+PrintGCDetails -XX:+PrintGCTimeStamps -XX:+UseCompressedClassPointers -XX:+UseCompressedOops -XX:+UseG1GC -XX:-UseLargePagesIndividualAllocation 
2020-09-29T12:27:08.949+0200: 0.276: [GC pause (G1 Evacuation Pause) (young), 0.0697215 secs]
   [Parallel Time: 67.5 ms, GC Workers: 8]
      [GC Worker Start (ms): Min: 275.9, Avg: 276.0, Max: 276.1, Diff: 0.2]
      [Ext Root Scanning (ms): Min: 0.0, Avg: 0.1, Max: 0.2, Diff: 0.2, Sum: 0.9]
      [Update RS (ms): Min: 1.1, Avg: 1.6, Max: 2.1, Diff: 1.0, Sum: 12.7]
         [Processed Buffers: Min: 1, Avg: 1.8, Max: 3, Diff: 2, Sum: 14]
      [Scan RS (ms): Min: 9.1, Avg: 9.6, Max: 10.2, Diff: 1.1, Sum: 76.7]
      [Code Root Scanning (ms): Min: 0.0, Avg: 0.0, Max: 0.0, Diff: 0.0, Sum: 0.0]
      [Object Copy (ms): Min: 55.8, Avg: 55.9, Max: 56.0, Diff: 0.2, Sum: 447.1]
      [Termination (ms): Min: 0.0, Avg: 0.0, Max: 0.0, Diff: 0.0, Sum: 0.1]
         [Termination Attempts: Min: 1, Avg: 83.1, Max: 112, Diff: 111, Sum: 665]
      [GC Worker Other (ms): Min: 0.0, Avg: 0.1, Max: 0.1, Diff: 0.1, Sum: 0.5]
      [GC Worker Total (ms): Min: 67.2, Avg: 67.3, Max: 67.4, Diff: 0.2, Sum: 538.1]
      [GC Worker End (ms): Min: 343.2, Avg: 343.3, Max: 343.3, Diff: 0.1]
   [Code Root Fixup: 0.0 ms]
   [Code Root Purge: 0.0 ms]
   [Clear CT: 0.9 ms]
   [Other: 1.3 ms]
      [Choose CSet: 0.0 ms]
      [Ref Proc: 0.3 ms]
      [Ref Enq: 0.0 ms]
      [Redirty Cards: 0.7 ms]
      [Humongous Register: 0.0 ms]
      [Humongous Reclaim: 0.0 ms]
      [Free CSet: 0.1 ms]
   [Eden: 102.0M(102.0M)->0.0B(89.0M) Survivors: 0.0B->13.0M Heap: 119.2M(2048.0M)->118.9M(2048.0M)]
 [Times: user=0.36 sys=0.13, real=0.07 secs] 
2020-09-29T12:27:09.080+0200: 0.406: [GC pause (G1 Evacuation Pause) (young), 0.0672722 secs]
   [Parallel Time: 65.9 ms, GC Workers: 8]
      [GC Worker Start (ms): Min: 406.5, Avg: 406.6, Max: 406.7, Diff: 0.2]
      [Ext Root Scanning (ms): Min: 0.0, Avg: 0.1, Max: 0.2, Diff: 0.2, Sum: 0.7]
      [Update RS (ms): Min: 0.0, Avg: 0.5, Max: 1.3, Diff: 1.3, Sum: 4.1]
         [Processed Buffers: Min: 0, Avg: 1.4, Max: 3, Diff: 3, Sum: 11]
      [Scan RS (ms): Min: 7.5, Avg: 9.1, Max: 9.8, Diff: 2.2, Sum: 73.0]
      [Code Root Scanning (ms): Min: 0.0, Avg: 0.0, Max: 0.0, Diff: 0.0, Sum: 0.1]
      [Object Copy (ms): Min: 55.4, Avg: 55.8, Max: 57.9, Diff: 2.5, Sum: 446.4]
      [Termination (ms): Min: 0.0, Avg: 0.0, Max: 0.0, Diff: 0.0, Sum: 0.3]
         [Termination Attempts: Min: 1, Avg: 263.5, Max: 337, Diff: 336, Sum: 2108]
      [GC Worker Other (ms): Min: 0.0, Avg: 0.0, Max: 0.0, Diff: 0.0, Sum: 0.2]
      [GC Worker Total (ms): Min: 65.5, Avg: 65.6, Max: 65.7, Diff: 0.2, Sum: 524.8]
      [GC Worker End (ms): Min: 472.2, Avg: 472.2, Max: 472.2, Diff: 0.0]
   [Code Root Fixup: 0.0 ms]
   [Code Root Purge: 0.0 ms]
   [Clear CT: 0.2 ms]
   [Other: 1.2 ms]
      [Choose CSet: 0.0 ms]
      [Ref Proc: 0.2 ms]
      [Ref Enq: 0.0 ms]
      [Redirty Cards: 0.6 ms]
      [Humongous Register: 0.0 ms]
      [Humongous Reclaim: 0.0 ms]
      [Free CSet: 0.1 ms]
   [Eden: 89.0M(89.0M)->0.0B(89.0M) Survivors: 13.0M->13.0M Heap: 223.2M(2048.0M)->225.9M(2048.0M)]
 [Times: user=0.61 sys=0.00, real=0.07 secs] 
2020-09-29T12:27:09.210+0200: 0.537: [GC pause (G1 Evacuation Pause) (young), 0.0627513 secs]
   [Parallel Time: 61.4 ms, GC Workers: 8]
      [GC Worker Start (ms): Min: 537.2, Avg: 537.3, Max: 537.4, Diff: 0.2]
      [Ext Root Scanning (ms): Min: 0.0, Avg: 0.1, Max: 0.2, Diff: 0.2, Sum: 0.5]
      [Update RS (ms): Min: 0.1, Avg: 0.3, Max: 0.6, Diff: 0.5, Sum: 2.1]
         [Processed Buffers: Min: 1, Avg: 1.6, Max: 2, Diff: 1, Sum: 13]
      [Scan RS (ms): Min: 9.0, Avg: 9.5, Max: 9.7, Diff: 0.7, Sum: 75.7]
      [Code Root Scanning (ms): Min: 0.0, Avg: 0.0, Max: 0.0, Diff: 0.0, Sum: 0.0]
      [Object Copy (ms): Min: 50.9, Avg: 51.0, Max: 51.0, Diff: 0.2, Sum: 407.8]
      [Termination (ms): Min: 0.0, Avg: 0.0, Max: 0.0, Diff: 0.0, Sum: 0.0]
         [Termination Attempts: Min: 1, Avg: 12.8, Max: 21, Diff: 20, Sum: 102]
      [GC Worker Other (ms): Min: 0.1, Avg: 0.2, Max: 0.3, Diff: 0.2, Sum: 1.3]
      [GC Worker Total (ms): Min: 60.8, Avg: 60.9, Max: 61.1, Diff: 0.3, Sum: 487.5]
      [GC Worker End (ms): Min: 598.1, Avg: 598.2, Max: 598.3, Diff: 0.2]
   [Code Root Fixup: 0.0 ms]
   [Code Root Purge: 0.0 ms]
   [Clear CT: 0.3 ms]
   [Other: 1.0 ms]
      [Choose CSet: 0.0 ms]
      [Ref Proc: 0.2 ms]
      [Ref Enq: 0.0 ms]
      [Redirty Cards: 0.5 ms]
      [Humongous Register: 0.0 ms]
      [Humongous Reclaim: 0.0 ms]
      [Free CSet: 0.1 ms]
   [Eden: 89.0M(89.0M)->0.0B(89.0M) Survivors: 13.0M->13.0M Heap: 330.2M(2048.0M)->332.2M(2048.0M)]
 [Times: user=0.49 sys=0.02, real=0.06 secs] 
2020-09-29T12:27:09.342+0200: 0.669: [GC pause (G1 Evacuation Pause) (young), 0.0849353 secs]
   [Parallel Time: 84.1 ms, GC Workers: 8]
      [GC Worker Start (ms): Min: 668.8, Avg: 669.0, Max: 670.1, Diff: 1.3]
      [Ext Root Scanning (ms): Min: 0.0, Avg: 0.1, Max: 0.2, Diff: 0.2, Sum: 0.9]
      [Update RS (ms): Min: 1.7, Avg: 3.4, Max: 12.3, Diff: 10.6, Sum: 27.3]
         [Processed Buffers: Min: 1, Avg: 3.0, Max: 6, Diff: 5, Sum: 24]
      [Scan RS (ms): Min: 8.2, Avg: 17.3, Max: 22.9, Diff: 14.7, Sum: 138.6]
      [Code Root Scanning (ms): Min: 0.0, Avg: 0.0, Max: 0.0, Diff: 0.0, Sum: 0.0]
      [Object Copy (ms): Min: 59.1, Avg: 62.9, Max: 63.5, Diff: 4.4, Sum: 502.9]
      [Termination (ms): Min: 0.0, Avg: 0.0, Max: 0.0, Diff: 0.0, Sum: 0.1]
         [Termination Attempts: Min: 1, Avg: 90.9, Max: 125, Diff: 124, Sum: 727]
      [GC Worker Other (ms): Min: 0.0, Avg: 0.0, Max: 0.1, Diff: 0.0, Sum: 0.3]
      [GC Worker Total (ms): Min: 82.7, Avg: 83.8, Max: 84.0, Diff: 1.3, Sum: 670.1]
      [GC Worker End (ms): Min: 752.8, Avg: 752.8, Max: 752.8, Diff: 0.0]
   [Code Root Fixup: 0.0 ms]
   [Code Root Purge: 0.0 ms]
   [Clear CT: 0.2 ms]
   [Other: 0.7 ms]
      [Choose CSet: 0.0 ms]
      [Ref Proc: 0.2 ms]
      [Ref Enq: 0.0 ms]
      [Redirty Cards: 0.2 ms]
      [Humongous Register: 0.1 ms]
      [Humongous Reclaim: 0.0 ms]
      [Free CSet: 0.1 ms]
   [Eden: 89.0M(89.0M)->0.0B(89.0M) Survivors: 13.0M->13.0M Heap: 436.4M(2048.0M)->438.4M(2048.0M)]
 [Times: user=0.69 sys=0.03, real=0.09 secs] 
2020-09-29T12:27:09.493+0200: 0.819: [GC pause (G1 Evacuation Pause) (young), 0.0634481 secs]
   [Parallel Time: 62.5 ms, GC Workers: 8]
      [GC Worker Start (ms): Min: 819.4, Avg: 819.5, Max: 819.6, Diff: 0.2]
      [Ext Root Scanning (ms): Min: 0.0, Avg: 0.1, Max: 0.2, Diff: 0.2, Sum: 0.8]
      [Update RS (ms): Min: 1.0, Avg: 1.5, Max: 2.0, Diff: 0.9, Sum: 12.3]
         [Processed Buffers: Min: 1, Avg: 1.8, Max: 2, Diff: 1, Sum: 14]
      [Scan RS (ms): Min: 8.1, Avg: 8.5, Max: 9.1, Diff: 1.0, Sum: 67.9]
      [Code Root Scanning (ms): Min: 0.0, Avg: 0.0, Max: 0.0, Diff: 0.0, Sum: 0.0]
      [Object Copy (ms): Min: 52.2, Avg: 52.2, Max: 52.3, Diff: 0.1, Sum: 417.7]
      [Termination (ms): Min: 0.0, Avg: 0.0, Max: 0.1, Diff: 0.1, Sum: 0.3]
         [Termination Attempts: Min: 1, Avg: 336.6, Max: 409, Diff: 408, Sum: 2693]
      [GC Worker Other (ms): Min: 0.0, Avg: 0.0, Max: 0.1, Diff: 0.0, Sum: 0.3]
      [GC Worker Total (ms): Min: 62.3, Avg: 62.4, Max: 62.5, Diff: 0.2, Sum: 499.3]
      [GC Worker End (ms): Min: 881.9, Avg: 881.9, Max: 881.9, Diff: 0.0]
   [Code Root Fixup: 0.0 ms]
   [Code Root Purge: 0.0 ms]
   [Clear CT: 0.2 ms]
   [Other: 0.7 ms]
      [Choose CSet: 0.0 ms]
      [Ref Proc: 0.2 ms]
      [Ref Enq: 0.0 ms]
      [Redirty Cards: 0.2 ms]
      [Humongous Register: 0.0 ms]
      [Humongous Reclaim: 0.0 ms]
      [Free CSet: 0.1 ms]
   [Eden: 89.0M(89.0M)->0.0B(89.0M) Survivors: 13.0M->13.0M Heap: 540.8M(2048.0M)->542.8M(2048.0M)]
 [Times: user=0.45 sys=0.03, real=0.06 secs] 
2020-09-29T12:27:09.618+0200: 0.945: [GC pause (G1 Evacuation Pause) (young), 0.0588585 secs]
   [Parallel Time: 58.1 ms, GC Workers: 8]
      [GC Worker Start (ms): Min: 944.7, Avg: 944.8, Max: 944.8, Diff: 0.1]
      [Ext Root Scanning (ms): Min: 0.0, Avg: 0.1, Max: 0.1, Diff: 0.1, Sum: 0.6]
      [Update RS (ms): Min: 0.8, Avg: 1.0, Max: 1.4, Diff: 0.6, Sum: 7.6]
         [Processed Buffers: Min: 1, Avg: 1.9, Max: 2, Diff: 1, Sum: 15]
      [Scan RS (ms): Min: 8.0, Avg: 8.3, Max: 8.4, Diff: 0.5, Sum: 66.4]
      [Code Root Scanning (ms): Min: 0.0, Avg: 0.0, Max: 0.0, Diff: 0.0, Sum: 0.0]
      [Object Copy (ms): Min: 48.5, Avg: 48.6, Max: 48.7, Diff: 0.2, Sum: 388.9]
      [Termination (ms): Min: 0.0, Avg: 0.0, Max: 0.0, Diff: 0.0, Sum: 0.1]
         [Termination Attempts: Min: 1, Avg: 79.1, Max: 104, Diff: 103, Sum: 633]
      [GC Worker Other (ms): Min: 0.0, Avg: 0.0, Max: 0.0, Diff: 0.0, Sum: 0.1]
      [GC Worker Total (ms): Min: 57.9, Avg: 58.0, Max: 58.0, Diff: 0.1, Sum: 463.8]
      [GC Worker End (ms): Min: 1002.7, Avg: 1002.7, Max: 1002.8, Diff: 0.0]
   [Code Root Fixup: 0.0 ms]
   [Code Root Purge: 0.0 ms]
   [Clear CT: 0.2 ms]
   [Other: 0.5 ms]
      [Choose CSet: 0.0 ms]
      [Ref Proc: 0.1 ms]
      [Ref Enq: 0.0 ms]
      [Redirty Cards: 0.1 ms]
      [Humongous Register: 0.0 ms]
      [Humongous Reclaim: 0.0 ms]
      [Free CSet: 0.1 ms]
   [Eden: 89.0M(89.0M)->0.0B(89.0M) Survivors: 13.0M->13.0M Heap: 647.1M(2048.0M)->649.6M(2048.0M)]
 [Times: user=0.47 sys=0.03, real=0.06 secs] 
2020-09-29T12:27:09.739+0200: 1.066: [GC pause (G1 Evacuation Pause) (young), 0.0675108 secs]
   [Parallel Time: 66.7 ms, GC Workers: 8]
      [GC Worker Start (ms): Min: 1065.9, Avg: 1066.1, Max: 1066.1, Diff: 0.2]
      [Ext Root Scanning (ms): Min: 0.0, Avg: 0.1, Max: 0.2, Diff: 0.2, Sum: 0.5]
      [Update RS (ms): Min: 0.8, Avg: 0.9, Max: 1.0, Diff: 0.2, Sum: 7.3]
         [Processed Buffers: Min: 1, Avg: 2.0, Max: 7, Diff: 6, Sum: 16]
      [Scan RS (ms): Min: 9.0, Avg: 9.3, Max: 9.5, Diff: 0.5, Sum: 74.2]
      [Code Root Scanning (ms): Min: 0.0, Avg: 0.0, Max: 0.0, Diff: 0.0, Sum: 0.0]
      [Object Copy (ms): Min: 56.0, Avg: 56.1, Max: 56.2, Diff: 0.3, Sum: 448.8]
      [Termination (ms): Min: 0.0, Avg: 0.1, Max: 0.1, Diff: 0.1, Sum: 0.5]
         [Termination Attempts: Min: 1, Avg: 424.6, Max: 550, Diff: 549, Sum: 3397]
      [GC Worker Other (ms): Min: 0.0, Avg: 0.0, Max: 0.0, Diff: 0.0, Sum: 0.2]
      [GC Worker Total (ms): Min: 66.4, Avg: 66.4, Max: 66.5, Diff: 0.2, Sum: 531.5]
      [GC Worker End (ms): Min: 1132.5, Avg: 1132.5, Max: 1132.5, Diff: 0.0]
   [Code Root Fixup: 0.0 ms]
   [Code Root Purge: 0.0 ms]
   [Clear CT: 0.2 ms]
   [Other: 0.6 ms]
      [Choose CSet: 0.0 ms]
      [Ref Proc: 0.1 ms]
      [Ref Enq: 0.0 ms]
      [Redirty Cards: 0.2 ms]
      [Humongous Register: 0.0 ms]
      [Humongous Reclaim: 0.0 ms]
      [Free CSet: 0.1 ms]
   [Eden: 89.0M(89.0M)->0.0B(89.0M) Survivors: 13.0M->13.0M Heap: 753.8M(2048.0M)->755.8M(2048.0M)]
 [Times: user=0.41 sys=0.09, real=0.07 secs] 
2020-09-29T12:27:09.869+0200: 1.196: [GC pause (G1 Evacuation Pause) (young), 0.0581106 secs]
   [Parallel Time: 57.4 ms, GC Workers: 8]
      [GC Worker Start (ms): Min: 1196.4, Avg: 1196.5, Max: 1196.7, Diff: 0.3]
      [Ext Root Scanning (ms): Min: 0.0, Avg: 0.1, Max: 0.2, Diff: 0.1, Sum: 0.5]
      [Update RS (ms): Min: 1.0, Avg: 1.2, Max: 1.9, Diff: 0.9, Sum: 9.5]
         [Processed Buffers: Min: 2, Avg: 2.8, Max: 4, Diff: 2, Sum: 22]
      [Scan RS (ms): Min: 7.7, Avg: 8.3, Max: 8.5, Diff: 0.9, Sum: 66.5]
      [Code Root Scanning (ms): Min: 0.0, Avg: 0.0, Max: 0.0, Diff: 0.0, Sum: 0.0]
      [Object Copy (ms): Min: 47.5, Avg: 47.6, Max: 47.7, Diff: 0.2, Sum: 380.7]
      [Termination (ms): Min: 0.0, Avg: 0.0, Max: 0.0, Diff: 0.0, Sum: 0.1]
         [Termination Attempts: Min: 1, Avg: 51.0, Max: 67, Diff: 66, Sum: 408]
      [GC Worker Other (ms): Min: 0.0, Avg: 0.0, Max: 0.0, Diff: 0.0, Sum: 0.2]
      [GC Worker Total (ms): Min: 57.0, Avg: 57.2, Max: 57.3, Diff: 0.3, Sum: 457.5]
      [GC Worker End (ms): Min: 1253.7, Avg: 1253.7, Max: 1253.7, Diff: 0.0]
   [Code Root Fixup: 0.0 ms]
   [Code Root Purge: 0.0 ms]
   [Clear CT: 0.1 ms]
   [Other: 0.6 ms]
      [Choose CSet: 0.0 ms]
      [Ref Proc: 0.2 ms]
      [Ref Enq: 0.0 ms]
      [Redirty Cards: 0.1 ms]
      [Humongous Register: 0.0 ms]
      [Humongous Reclaim: 0.0 ms]
      [Free CSet: 0.1 ms]
   [Eden: 89.0M(89.0M)->0.0B(89.0M) Survivors: 13.0M->13.0M Heap: 860.1M(2048.0M)->861.6M(2048.0M)]
 [Times: user=0.48 sys=0.02, real=0.06 secs] 
2020-09-29T12:27:09.977+0200: 1.304: [GC pause (G1 Evacuation Pause) (young), 0.0674205 secs]
   [Parallel Time: 66.6 ms, GC Workers: 8]
      [GC Worker Start (ms): Min: 1304.4, Avg: 1304.6, Max: 1304.6, Diff: 0.2]
      [Ext Root Scanning (ms): Min: 0.0, Avg: 0.1, Max: 0.2, Diff: 0.2, Sum: 0.4]
      [Update RS (ms): Min: 1.9, Avg: 1.9, Max: 2.3, Diff: 0.5, Sum: 15.5]
         [Processed Buffers: Min: 4, Avg: 4.0, Max: 4, Diff: 0, Sum: 32]
      [Scan RS (ms): Min: 7.4, Avg: 7.8, Max: 7.9, Diff: 0.5, Sum: 62.3]
      [Code Root Scanning (ms): Min: 0.0, Avg: 0.0, Max: 0.0, Diff: 0.0, Sum: 0.0]
      [Object Copy (ms): Min: 56.2, Avg: 56.3, Max: 56.6, Diff: 0.4, Sum: 450.8]
      [Termination (ms): Min: 0.0, Avg: 0.3, Max: 0.4, Diff: 0.4, Sum: 2.1]
         [Termination Attempts: Min: 1, Avg: 1624.5, Max: 2324, Diff: 2323, Sum: 12996]
      [GC Worker Other (ms): Min: 0.0, Avg: 0.0, Max: 0.0, Diff: 0.0, Sum: 0.2]
      [GC Worker Total (ms): Min: 66.4, Avg: 66.4, Max: 66.5, Diff: 0.2, Sum: 531.3]
      [GC Worker End (ms): Min: 1371.0, Avg: 1371.0, Max: 1371.0, Diff: 0.0]
   [Code Root Fixup: 0.0 ms]
   [Code Root Purge: 0.0 ms]
   [Clear CT: 0.2 ms]
   [Other: 0.6 ms]
      [Choose CSet: 0.0 ms]
      [Ref Proc: 0.1 ms]
      [Ref Enq: 0.0 ms]
      [Redirty Cards: 0.2 ms]
      [Humongous Register: 0.0 ms]
      [Humongous Reclaim: 0.0 ms]
      [Free CSet: 0.1 ms]
   [Eden: 89.0M(89.0M)->0.0B(89.0M) Survivors: 13.0M->13.0M Heap: 965.8M(2048.0M)->967.8M(2048.0M)]
 [Times: user=0.47 sys=0.02, real=0.07 secs] 
2020-09-29T12:27:10.057+0200: 1.384: [GC pause (G1 Humongous Allocation) (young) (initial-mark), 0.0165407 secs]
   [Parallel Time: 15.9 ms, GC Workers: 8]
      [GC Worker Start (ms): Min: 1384.1, Avg: 1384.1, Max: 1384.2, Diff: 0.1]
      [Ext Root Scanning (ms): Min: 0.0, Avg: 0.1, Max: 0.1, Diff: 0.1, Sum: 0.7]
      [Update RS (ms): Min: 1.6, Avg: 1.9, Max: 2.2, Diff: 0.6, Sum: 15.2]
         [Processed Buffers: Min: 2, Avg: 2.4, Max: 3, Diff: 1, Sum: 19]
      [Scan RS (ms): Min: 0.6, Avg: 0.9, Max: 1.3, Diff: 0.7, Sum: 7.1]
      [Code Root Scanning (ms): Min: 0.0, Avg: 0.0, Max: 0.0, Diff: 0.0, Sum: 0.0]
      [Object Copy (ms): Min: 12.7, Avg: 12.8, Max: 12.9, Diff: 0.1, Sum: 102.5]
      [Termination (ms): Min: 0.0, Avg: 0.0, Max: 0.0, Diff: 0.0, Sum: 0.0]
         [Termination Attempts: Min: 1, Avg: 7.4, Max: 16, Diff: 15, Sum: 59]
      [GC Worker Other (ms): Min: 0.0, Avg: 0.0, Max: 0.0, Diff: 0.0, Sum: 0.1]
      [GC Worker Total (ms): Min: 15.6, Avg: 15.7, Max: 15.7, Diff: 0.1, Sum: 125.6]
      [GC Worker End (ms): Min: 1399.8, Avg: 1399.8, Max: 1399.8, Diff: 0.0]
   [Code Root Fixup: 0.0 ms]
   [Code Root Purge: 0.0 ms]
   [Clear CT: 0.2 ms]
   [Other: 0.5 ms]
      [Choose CSet: 0.0 ms]
      [Ref Proc: 0.1 ms]
      [Ref Enq: 0.0 ms]
      [Redirty Cards: 0.1 ms]
      [Humongous Register: 0.0 ms]
      [Humongous Reclaim: 0.0 ms]
      [Free CSet: 0.0 ms]
   [Eden: 12.0M(89.0M)->0.0B(102.0M) Survivors: 13.0M->13.0M Heap: 979.3M(2048.0M)->982.3M(2048.0M)]
 [Times: user=0.09 sys=0.01, real=0.02 secs] 
2020-09-29T12:27:10.074+0200: 1.401: [GC concurrent-root-region-scan-start]
2020-09-29T12:27:10.076+0200: 1.403: [GC concurrent-root-region-scan-end, 0.0027492 secs]
2020-09-29T12:27:10.077+0200: 1.403: [GC concurrent-mark-start]
2020-09-29T12:27:10.081+0200: 1.407: [GC concurrent-mark-end, 0.0040294 secs]
2020-09-29T12:27:10.081+0200: 1.408: [GC remark 2020-09-29T12:27:10.081+0200: 1.408: [Finalize Marking, 0.0001836 secs] 2020-09-29T12:27:10.082+0200: 1.408: [GC ref-proc, 0.0002703 secs] 2020-09-29T12:27:10.082+0200: 1.409: [Unloading, 0.0004265 secs], 0.0011528 secs]
 [Times: user=0.00 sys=0.00, real=0.00 secs] 
2020-09-29T12:27:10.083+0200: 1.410: [GC cleanup 998M->38M(2048M), 0.0011342 secs]
 [Times: user=0.00 sys=0.00, real=0.00 secs] 
2020-09-29T12:27:10.084+0200: 1.411: [GC concurrent-cleanup-start]
2020-09-29T12:27:10.085+0200: 1.412: [GC concurrent-cleanup-end, 0.0009520 secs]
2020-09-29T12:27:10.127+0200: 1.454: [GC pause (G1 Evacuation Pause) (young), 0.0523726 secs]
   [Parallel Time: 51.6 ms, GC Workers: 8]
      [GC Worker Start (ms): Min: 1454.3, Avg: 1454.3, Max: 1454.3, Diff: 0.1]
      [Ext Root Scanning (ms): Min: 0.0, Avg: 0.1, Max: 0.1, Diff: 0.1, Sum: 0.6]
      [Update RS (ms): Min: 1.7, Avg: 1.9, Max: 2.5, Diff: 0.8, Sum: 15.1]
         [Processed Buffers: Min: 2, Avg: 2.5, Max: 4, Diff: 2, Sum: 20]
      [Scan RS (ms): Min: 7.3, Avg: 8.0, Max: 8.1, Diff: 0.8, Sum: 63.7]
      [Code Root Scanning (ms): Min: 0.0, Avg: 0.0, Max: 0.0, Diff: 0.0, Sum: 0.0]
      [Object Copy (ms): Min: 41.4, Avg: 41.5, Max: 41.6, Diff: 0.2, Sum: 331.9]
      [Termination (ms): Min: 0.0, Avg: 0.0, Max: 0.0, Diff: 0.0, Sum: 0.1]
         [Termination Attempts: Min: 1, Avg: 59.1, Max: 80, Diff: 79, Sum: 473]
      [GC Worker Other (ms): Min: 0.0, Avg: 0.0, Max: 0.0, Diff: 0.0, Sum: 0.2]
      [GC Worker Total (ms): Min: 51.4, Avg: 51.4, Max: 51.5, Diff: 0.1, Sum: 411.6]
      [GC Worker End (ms): Min: 1505.7, Avg: 1505.7, Max: 1505.8, Diff: 0.0]
   [Code Root Fixup: 0.0 ms]
   [Code Root Purge: 0.0 ms]
   [Clear CT: 0.1 ms]
   [Other: 0.6 ms]
      [Choose CSet: 0.0 ms]
      [Ref Proc: 0.2 ms]
      [Ref Enq: 0.0 ms]
      [Redirty Cards: 0.2 ms]
      [Humongous Register: 0.0 ms]
      [Humongous Reclaim: 0.0 ms]
      [Free CSet: 0.1 ms]
   [Eden: 102.0M(102.0M)->0.0B(122.0M) Survivors: 13.0M->15.0M Heap: 141.7M(2048.0M)->130.7M(2048.0M)]
 [Times: user=0.50 sys=0.00, real=0.05 secs] 
2020-09-29T12:27:10.248+0200: 1.575: [GC pause (G1 Evacuation Pause) (young), 0.0708689 secs]
   [Parallel Time: 69.8 ms, GC Workers: 8]
      [GC Worker Start (ms): Min: 1575.0, Avg: 1575.0, Max: 1575.1, Diff: 0.1]
      [Ext Root Scanning (ms): Min: 0.0, Avg: 0.1, Max: 0.1, Diff: 0.1, Sum: 0.6]
      [Update RS (ms): Min: 1.1, Avg: 1.4, Max: 1.7, Diff: 0.6, Sum: 11.4]
         [Processed Buffers: Min: 2, Avg: 2.6, Max: 5, Diff: 3, Sum: 21]
      [Scan RS (ms): Min: 10.8, Avg: 11.1, Max: 11.5, Diff: 0.6, Sum: 88.9]
      [Code Root Scanning (ms): Min: 0.0, Avg: 0.0, Max: 0.0, Diff: 0.0, Sum: 0.0]
      [Object Copy (ms): Min: 56.9, Avg: 57.0, Max: 57.0, Diff: 0.1, Sum: 455.6]
      [Termination (ms): Min: 0.0, Avg: 0.0, Max: 0.0, Diff: 0.0, Sum: 0.2]
         [Termination Attempts: Min: 1, Avg: 212.9, Max: 318, Diff: 317, Sum: 1703]
      [GC Worker Other (ms): Min: 0.0, Avg: 0.0, Max: 0.1, Diff: 0.0, Sum: 0.2]
      [GC Worker Total (ms): Min: 69.5, Avg: 69.6, Max: 69.7, Diff: 0.1, Sum: 556.9]
      [GC Worker End (ms): Min: 1644.6, Avg: 1644.7, Max: 1644.7, Diff: 0.0]
   [Code Root Fixup: 0.0 ms]
   [Code Root Purge: 0.0 ms]
   [Clear CT: 0.2 ms]
   [Other: 0.9 ms]
      [Choose CSet: 0.0 ms]
      [Ref Proc: 0.2 ms]
      [Ref Enq: 0.0 ms]
      [Redirty Cards: 0.3 ms]
      [Humongous Register: 0.0 ms]
      [Humongous Reclaim: 0.0 ms]
      [Free CSet: 0.1 ms]
   [Eden: 122.0M(122.0M)->0.0B(136.0M) Survivors: 15.0M->18.0M Heap: 273.6M(2048.0M)->275.6M(2048.0M)]
 [Times: user=0.55 sys=0.06, real=0.07 secs] 
2020-09-29T12:27:10.394+0200: 1.721: [GC pause (G1 Evacuation Pause) (young), 0.0792530 secs]
   [Parallel Time: 78.5 ms, GC Workers: 8]
      [GC Worker Start (ms): Min: 1720.9, Avg: 1720.9, Max: 1721.0, Diff: 0.1]
      [Ext Root Scanning (ms): Min: 0.0, Avg: 0.1, Max: 0.1, Diff: 0.1, Sum: 0.6]
      [Update RS (ms): Min: 1.3, Avg: 1.6, Max: 1.9, Diff: 0.6, Sum: 12.8]
         [Processed Buffers: Min: 2, Avg: 2.9, Max: 4, Diff: 2, Sum: 23]
      [Scan RS (ms): Min: 12.6, Avg: 12.9, Max: 13.2, Diff: 0.6, Sum: 102.8]
      [Code Root Scanning (ms): Min: 0.0, Avg: 0.0, Max: 0.0, Diff: 0.0, Sum: 0.0]
      [Object Copy (ms): Min: 63.6, Avg: 63.7, Max: 63.8, Diff: 0.2, Sum: 509.5]
      [Termination (ms): Min: 0.0, Avg: 0.1, Max: 0.1, Diff: 0.1, Sum: 0.6]
         [Termination Attempts: Min: 1, Avg: 486.0, Max: 678, Diff: 677, Sum: 3888]
      [GC Worker Other (ms): Min: 0.0, Avg: 0.0, Max: 0.0, Diff: 0.0, Sum: 0.2]
      [GC Worker Total (ms): Min: 78.3, Avg: 78.3, Max: 78.3, Diff: 0.1, Sum: 626.4]
      [GC Worker End (ms): Min: 1799.2, Avg: 1799.2, Max: 1799.3, Diff: 0.0]
   [Code Root Fixup: 0.0 ms]
   [Code Root Purge: 0.0 ms]
   [Clear CT: 0.1 ms]
   [Other: 0.6 ms]
      [Choose CSet: 0.0 ms]
      [Ref Proc: 0.2 ms]
      [Ref Enq: 0.0 ms]
      [Redirty Cards: 0.2 ms]
      [Humongous Register: 0.0 ms]
      [Humongous Reclaim: 0.0 ms]
      [Free CSet: 0.1 ms]
   [Eden: 136.0M(136.0M)->0.0B(152.0M) Survivors: 18.0M->20.0M Heap: 434.5M(2048.0M)->436.0M(2048.0M)]
 [Times: user=0.64 sys=0.00, real=0.08 secs] 
2020-09-29T12:27:10.548+0200: 1.875: [GC pause (G1 Evacuation Pause) (young), 0.1279464 secs]
   [Parallel Time: 127.1 ms, GC Workers: 8]
      [GC Worker Start (ms): Min: 1874.6, Avg: 1874.7, Max: 1874.8, Diff: 0.2]
      [Ext Root Scanning (ms): Min: 0.0, Avg: 0.1, Max: 0.2, Diff: 0.2, Sum: 0.5]
      [Update RS (ms): Min: 2.1, Avg: 2.6, Max: 3.7, Diff: 1.6, Sum: 20.6]
         [Processed Buffers: Min: 2, Avg: 3.0, Max: 4, Diff: 2, Sum: 24]
      [Scan RS (ms): Min: 15.1, Avg: 16.2, Max: 16.7, Diff: 1.7, Sum: 129.9]
      [Code Root Scanning (ms): Min: 0.0, Avg: 0.0, Max: 0.0, Diff: 0.0, Sum: 0.0]
      [Object Copy (ms): Min: 107.1, Avg: 107.3, Max: 107.7, Diff: 0.6, Sum: 858.2]
      [Termination (ms): Min: 0.0, Avg: 0.7, Max: 0.8, Diff: 0.8, Sum: 5.4]
         [Termination Attempts: Min: 1, Avg: 4688.0, Max: 5722, Diff: 5721, Sum: 37504]
      [GC Worker Other (ms): Min: 0.0, Avg: 0.1, Max: 0.1, Diff: 0.0, Sum: 0.5]
      [GC Worker Total (ms): Min: 126.8, Avg: 126.9, Max: 127.0, Diff: 0.2, Sum: 1015.1]
      [GC Worker End (ms): Min: 2001.6, Avg: 2001.6, Max: 2001.6, Diff: 0.0]
   [Code Root Fixup: 0.0 ms]
   [Code Root Purge: 0.0 ms]
   [Clear CT: 0.2 ms]
   [Other: 0.7 ms]
      [Choose CSet: 0.0 ms]
      [Ref Proc: 0.1 ms]
      [Ref Enq: 0.0 ms]
      [Redirty Cards: 0.2 ms]
      [Humongous Register: 0.0 ms]
      [Humongous Reclaim: 0.0 ms]
      [Free CSet: 0.1 ms]
   [Eden: 152.0M(152.0M)->0.0B(156.0M) Survivors: 20.0M->22.0M Heap: 612.8M(2048.0M)->614.8M(2048.0M)]
 [Times: user=0.86 sys=0.08, real=0.13 secs] 
2020-09-29T12:27:10.758+0200: 2.085: [GC pause (G1 Evacuation Pause) (young), 0.1067378 secs]
   [Parallel Time: 106.0 ms, GC Workers: 8]
      [GC Worker Start (ms): Min: 2084.8, Avg: 2085.0, Max: 2086.3, Diff: 1.5]
      [Ext Root Scanning (ms): Min: 0.0, Avg: 0.1, Max: 0.1, Diff: 0.1, Sum: 0.5]
      [Update RS (ms): Min: 2.7, Avg: 3.9, Max: 10.2, Diff: 7.5, Sum: 30.9]
         [Processed Buffers: Min: 1, Avg: 4.4, Max: 6, Diff: 5, Sum: 35]
      [Scan RS (ms): Min: 9.0, Avg: 16.6, Max: 18.2, Diff: 9.2, Sum: 133.1]
      [Code Root Scanning (ms): Min: 0.0, Avg: 0.0, Max: 0.0, Diff: 0.0, Sum: 0.0]
      [Object Copy (ms): Min: 84.7, Avg: 85.0, Max: 85.1, Diff: 0.4, Sum: 680.0]
      [Termination (ms): Min: 0.0, Avg: 0.0, Max: 0.0, Diff: 0.0, Sum: 0.0]
         [Termination Attempts: Min: 1, Avg: 28.8, Max: 44, Diff: 43, Sum: 230]
      [GC Worker Other (ms): Min: 0.0, Avg: 0.0, Max: 0.1, Diff: 0.1, Sum: 0.2]
      [GC Worker Total (ms): Min: 104.4, Avg: 105.6, Max: 105.8, Diff: 1.4, Sum: 844.8]
      [GC Worker End (ms): Min: 2190.6, Avg: 2190.6, Max: 2190.7, Diff: 0.1]
   [Code Root Fixup: 0.0 ms]
   [Code Root Purge: 0.0 ms]
   [Clear CT: 0.1 ms]
   [Other: 0.6 ms]
      [Choose CSet: 0.0 ms]
      [Ref Proc: 0.2 ms]
      [Ref Enq: 0.0 ms]
      [Redirty Cards: 0.2 ms]
      [Humongous Register: 0.0 ms]
      [Humongous Reclaim: 0.0 ms]
      [Free CSet: 0.1 ms]
   [Eden: 156.0M(156.0M)->0.0B(169.0M) Survivors: 22.0M->23.0M Heap: 797.5M(2048.0M)->800.0M(2048.0M)]
 [Times: user=0.86 sys=0.00, real=0.11 secs] 
2020-09-29T12:27:10.958+0200: 2.285: [GC pause (G1 Evacuation Pause) (young), 0.1010863 secs]
   [Parallel Time: 100.3 ms, GC Workers: 8]
      [GC Worker Start (ms): Min: 2285.4, Avg: 2285.5, Max: 2285.5, Diff: 0.1]
      [Ext Root Scanning (ms): Min: 0.0, Avg: 0.1, Max: 0.1, Diff: 0.1, Sum: 0.7]
      [Update RS (ms): Min: 2.8, Avg: 3.0, Max: 3.3, Diff: 0.5, Sum: 24.0]
         [Processed Buffers: Min: 3, Avg: 4.9, Max: 9, Diff: 6, Sum: 39]
      [Scan RS (ms): Min: 15.7, Avg: 16.1, Max: 16.3, Diff: 0.6, Sum: 128.5]
      [Code Root Scanning (ms): Min: 0.0, Avg: 0.0, Max: 0.0, Diff: 0.0, Sum: 0.0]
      [Object Copy (ms): Min: 80.9, Avg: 81.0, Max: 81.1, Diff: 0.2, Sum: 648.2]
      [Termination (ms): Min: 0.0, Avg: 0.0, Max: 0.0, Diff: 0.0, Sum: 0.0]
         [Termination Attempts: Min: 1, Avg: 41.3, Max: 66, Diff: 65, Sum: 330]
      [GC Worker Other (ms): Min: 0.0, Avg: 0.0, Max: 0.1, Diff: 0.0, Sum: 0.2]
      [GC Worker Total (ms): Min: 100.2, Avg: 100.2, Max: 100.3, Diff: 0.1, Sum: 801.6]
      [GC Worker End (ms): Min: 2385.7, Avg: 2385.7, Max: 2385.7, Diff: 0.0]
   [Code Root Fixup: 0.0 ms]
   [Code Root Purge: 0.0 ms]
   [Clear CT: 0.1 ms]
   [Other: 0.6 ms]
      [Choose CSet: 0.0 ms]
      [Ref Proc: 0.2 ms]
      [Ref Enq: 0.0 ms]
      [Redirty Cards: 0.1 ms]
      [Humongous Register: 0.0 ms]
      [Humongous Reclaim: 0.0 ms]
      [Free CSet: 0.1 ms]
   [Eden: 169.0M(169.0M)->0.0B(187.0M) Survivors: 23.0M->24.0M Heap: 997.6M(2048.0M)->1000.1M(2048.0M)]
 [Times: user=0.70 sys=0.03, real=0.10 secs] 
2020-09-29T12:27:11.073+0200: 2.400: [GC pause (G1 Humongous Allocation) (young) (initial-mark), 0.0253049 secs]
   [Parallel Time: 24.6 ms, GC Workers: 8]
      [GC Worker Start (ms): Min: 2400.5, Avg: 2400.5, Max: 2400.6, Diff: 0.1]
      [Ext Root Scanning (ms): Min: 0.0, Avg: 0.1, Max: 0.1, Diff: 0.1, Sum: 0.6]
      [Update RS (ms): Min: 6.1, Avg: 6.2, Max: 6.7, Diff: 0.6, Sum: 50.0]
         [Processed Buffers: Min: 4, Avg: 8.0, Max: 10, Diff: 6, Sum: 64]
      [Scan RS (ms): Min: 1.4, Avg: 1.8, Max: 2.0, Diff: 0.6, Sum: 14.2]
      [Code Root Scanning (ms): Min: 0.0, Avg: 0.0, Max: 0.0, Diff: 0.0, Sum: 0.0]
      [Object Copy (ms): Min: 16.3, Avg: 16.4, Max: 16.5, Diff: 0.2, Sum: 131.1]
      [Termination (ms): Min: 0.0, Avg: 0.0, Max: 0.0, Diff: 0.0, Sum: 0.2]
         [Termination Attempts: Min: 1, Avg: 190.6, Max: 261, Diff: 260, Sum: 1525]
      [GC Worker Other (ms): Min: 0.0, Avg: 0.0, Max: 0.0, Diff: 0.0, Sum: 0.1]
      [GC Worker Total (ms): Min: 24.5, Avg: 24.5, Max: 24.6, Diff: 0.1, Sum: 196.3]
      [GC Worker End (ms): Min: 2425.0, Avg: 2425.1, Max: 2425.1, Diff: 0.0]
   [Code Root Fixup: 0.0 ms]
   [Code Root Purge: 0.0 ms]
   [Clear CT: 0.2 ms]
   [Other: 0.5 ms]
      [Choose CSet: 0.0 ms]
      [Ref Proc: 0.1 ms]
      [Ref Enq: 0.0 ms]
      [Redirty Cards: 0.1 ms]
      [Humongous Register: 0.0 ms]
      [Humongous Reclaim: 0.0 ms]
      [Free CSet: 0.0 ms]
   [Eden: 10.0M(187.0M)->0.0B(230.0M) Survivors: 24.0M->13.0M Heap: 1010.1M(2048.0M)->1014.6M(2048.0M)]
 [Times: user=0.23 sys=0.02, real=0.03 secs] 
2020-09-29T12:27:11.099+0200: 2.426: [GC concurrent-root-region-scan-start]
2020-09-29T12:27:11.102+0200: 2.429: [GC concurrent-root-region-scan-end, 0.0030361 secs]
2020-09-29T12:27:11.102+0200: 2.429: [GC concurrent-mark-start]
2020-09-29T12:27:11.105+0200: 2.432: [GC concurrent-mark-end, 0.0030608 secs]
2020-09-29T12:27:11.105+0200: 2.432: [GC remark 2020-09-29T12:27:11.105+0200: 2.432: [Finalize Marking, 0.0001229 secs] 2020-09-29T12:27:11.105+0200: 2.432: [GC ref-proc, 0.0002878 secs] 2020-09-29T12:27:11.106+0200: 2.433: [Unloading, 0.0004172 secs], 0.0011527 secs]
 [Times: user=0.00 sys=0.00, real=0.00 secs] 
2020-09-29T12:27:11.107+0200: 2.434: [GC cleanup 1027M->35M(2048M), 0.0010161 secs]
 [Times: user=0.00 sys=0.00, real=0.00 secs] 
2020-09-29T12:27:11.108+0200: 2.435: [GC concurrent-cleanup-start]
2020-09-29T12:27:11.109+0200: 2.436: [GC concurrent-cleanup-end, 0.0012049 secs]
2020-09-29T12:27:11.231+0200: 2.558: [GC pause (G1 Evacuation Pause) (young), 0.1311351 secs]
   [Parallel Time: 128.3 ms, GC Workers: 8]
      [GC Worker Start (ms): Min: 2557.7, Avg: 2557.9, Max: 2557.9, Diff: 0.2]
      [Ext Root Scanning (ms): Min: 0.0, Avg: 0.1, Max: 0.2, Diff: 0.2, Sum: 0.4]
      [Update RS (ms): Min: 2.9, Avg: 3.1, Max: 3.4, Diff: 0.5, Sum: 24.8]
         [Processed Buffers: Min: 4, Avg: 5.4, Max: 6, Diff: 2, Sum: 43]
      [Scan RS (ms): Min: 20.0, Avg: 21.2, Max: 26.2, Diff: 6.2, Sum: 169.2]
      [Code Root Scanning (ms): Min: 0.0, Avg: 0.0, Max: 0.0, Diff: 0.0, Sum: 0.0]
      [Object Copy (ms): Min: 98.6, Avg: 103.5, Max: 104.3, Diff: 5.8, Sum: 828.2]
      [Termination (ms): Min: 0.1, Avg: 0.2, Max: 0.3, Diff: 0.2, Sum: 1.5]
         [Termination Attempts: Min: 1, Avg: 1046.0, Max: 1451, Diff: 1450, Sum: 8368]
      [GC Worker Other (ms): Min: 0.0, Avg: 0.0, Max: 0.1, Diff: 0.1, Sum: 0.4]
      [GC Worker Total (ms): Min: 128.0, Avg: 128.1, Max: 128.2, Diff: 0.2, Sum: 1024.6]
      [GC Worker End (ms): Min: 2685.9, Avg: 2685.9, Max: 2686.0, Diff: 0.1]
   [Code Root Fixup: 0.0 ms]
   [Code Root Purge: 0.0 ms]
   [Clear CT: 1.1 ms]
   [Other: 1.7 ms]
      [Choose CSet: 0.0 ms]
      [Ref Proc: 1.0 ms]
      [Ref Enq: 0.0 ms]
      [Redirty Cards: 0.3 ms]
      [Humongous Register: 0.0 ms]
      [Humongous Reclaim: 0.0 ms]
      [Free CSet: 0.1 ms]
   [Eden: 230.0M(230.0M)->0.0B(224.0M) Survivors: 13.0M->31.0M Heap: 292.6M(2048.0M)->282.1M(2048.0M)]
 [Times: user=0.80 sys=0.14, real=0.13 secs] 
2020-09-29T12:27:11.471+0200: 2.798: [GC pause (G1 Evacuation Pause) (young), 0.1352075 secs]
   [Parallel Time: 134.2 ms, GC Workers: 8]
      [GC Worker Start (ms): Min: 2798.4, Avg: 2798.5, Max: 2798.5, Diff: 0.1]
      [Ext Root Scanning (ms): Min: 0.0, Avg: 0.1, Max: 0.1, Diff: 0.1, Sum: 0.5]
      [Update RS (ms): Min: 3.3, Avg: 3.5, Max: 3.9, Diff: 0.6, Sum: 27.9]
         [Processed Buffers: Min: 5, Avg: 5.0, Max: 5, Diff: 0, Sum: 40]
      [Scan RS (ms): Min: 21.9, Avg: 22.3, Max: 22.7, Diff: 0.7, Sum: 178.7]
      [Code Root Scanning (ms): Min: 0.0, Avg: 0.0, Max: 0.0, Diff: 0.0, Sum: 0.0]
      [Object Copy (ms): Min: 107.9, Avg: 108.1, Max: 108.1, Diff: 0.2, Sum: 864.7]
      [Termination (ms): Min: 0.0, Avg: 0.1, Max: 0.1, Diff: 0.1, Sum: 0.7]
         [Termination Attempts: Min: 1, Avg: 615.0, Max: 809, Diff: 808, Sum: 4920]
      [GC Worker Other (ms): Min: 0.0, Avg: 0.0, Max: 0.1, Diff: 0.1, Sum: 0.3]
      [GC Worker Total (ms): Min: 134.0, Avg: 134.1, Max: 134.2, Diff: 0.1, Sum: 1072.8]
      [GC Worker End (ms): Min: 2932.6, Avg: 2932.6, Max: 2932.6, Diff: 0.1]
   [Code Root Fixup: 0.0 ms]
   [Code Root Purge: 0.0 ms]
   [Clear CT: 0.2 ms]
   [Other: 0.8 ms]
      [Choose CSet: 0.0 ms]
      [Ref Proc: 0.1 ms]
      [Ref Enq: 0.0 ms]
      [Redirty Cards: 0.2 ms]
      [Humongous Register: 0.0 ms]
      [Humongous Reclaim: 0.0 ms]
      [Free CSet: 0.2 ms]
   [Eden: 224.0M(224.0M)->0.0B(226.0M) Survivors: 31.0M->32.0M Heap: 542.3M(2048.0M)->544.3M(2048.0M)]
 [Times: user=1.11 sys=0.01, real=0.14 secs] 
2020-09-29T12:27:11.750+0200: 3.077: [GC pause (G1 Evacuation Pause) (young), 0.1340217 secs]
   [Parallel Time: 133.0 ms, GC Workers: 8]
      [GC Worker Start (ms): Min: 3077.0, Avg: 3077.0, Max: 3077.1, Diff: 0.1]
      [Ext Root Scanning (ms): Min: 0.0, Avg: 0.1, Max: 0.1, Diff: 0.1, Sum: 0.6]
      [Update RS (ms): Min: 4.4, Avg: 4.5, Max: 4.8, Diff: 0.4, Sum: 36.0]
         [Processed Buffers: Min: 5, Avg: 6.5, Max: 10, Diff: 5, Sum: 52]
      [Scan RS (ms): Min: 21.1, Avg: 21.4, Max: 21.6, Diff: 0.5, Sum: 171.3]
      [Code Root Scanning (ms): Min: 0.0, Avg: 0.0, Max: 0.0, Diff: 0.0, Sum: 0.0]
      [Object Copy (ms): Min: 106.6, Avg: 106.7, Max: 106.8, Diff: 0.2, Sum: 853.7]
      [Termination (ms): Min: 0.0, Avg: 0.0, Max: 0.0, Diff: 0.0, Sum: 0.3]
         [Termination Attempts: Min: 1, Avg: 227.8, Max: 291, Diff: 290, Sum: 1822]
      [GC Worker Other (ms): Min: 0.0, Avg: 0.1, Max: 0.1, Diff: 0.1, Sum: 0.5]
      [GC Worker Total (ms): Min: 132.7, Avg: 132.8, Max: 132.9, Diff: 0.2, Sum: 1062.5]
      [GC Worker End (ms): Min: 3209.8, Avg: 3209.8, Max: 3209.9, Diff: 0.1]
   [Code Root Fixup: 0.0 ms]
   [Code Root Purge: 0.0 ms]
   [Clear CT: 0.2 ms]
   [Other: 0.8 ms]
      [Choose CSet: 0.0 ms]
      [Ref Proc: 0.2 ms]
      [Ref Enq: 0.0 ms]
      [Redirty Cards: 0.2 ms]
      [Humongous Register: 0.0 ms]
      [Humongous Reclaim: 0.0 ms]
      [Free CSet: 0.2 ms]
   [Eden: 226.0M(226.0M)->0.0B(234.0M) Survivors: 32.0M->33.0M Heap: 808.4M(2048.0M)->810.4M(2048.0M)]
 [Times: user=1.11 sys=0.02, real=0.13 secs] 
2020-09-29T12:27:12.012+0200: 3.339: [GC pause (G1 Evacuation Pause) (young), 0.1423804 secs]
   [Parallel Time: 141.2 ms, GC Workers: 8]
      [GC Worker Start (ms): Min: 3338.8, Avg: 3339.0, Max: 3339.0, Diff: 0.2]
      [Ext Root Scanning (ms): Min: 0.0, Avg: 0.0, Max: 0.2, Diff: 0.2, Sum: 0.4]
      [Update RS (ms): Min: 3.3, Avg: 3.9, Max: 4.2, Diff: 0.8, Sum: 31.4]
         [Processed Buffers: Min: 5, Avg: 5.3, Max: 6, Diff: 1, Sum: 42]
      [Scan RS (ms): Min: 21.7, Avg: 22.0, Max: 22.6, Diff: 0.8, Sum: 176.0]
      [Code Root Scanning (ms): Min: 0.0, Avg: 0.0, Max: 0.0, Diff: 0.0, Sum: 0.0]
      [Object Copy (ms): Min: 114.9, Avg: 115.0, Max: 115.1, Diff: 0.2, Sum: 919.9]
      [Termination (ms): Min: 0.0, Avg: 0.0, Max: 0.0, Diff: 0.0, Sum: 0.2]
         [Termination Attempts: Min: 1, Avg: 131.9, Max: 178, Diff: 177, Sum: 1055]
      [GC Worker Other (ms): Min: 0.0, Avg: 0.0, Max: 0.1, Diff: 0.1, Sum: 0.4]
      [GC Worker Total (ms): Min: 140.9, Avg: 141.0, Max: 141.1, Diff: 0.2, Sum: 1128.2]
      [GC Worker End (ms): Min: 3480.0, Avg: 3480.0, Max: 3480.0, Diff: 0.1]
   [Code Root Fixup: 0.0 ms]
   [Code Root Purge: 0.0 ms]
   [Clear CT: 0.3 ms]
   [Other: 0.9 ms]
      [Choose CSet: 0.0 ms]
      [Ref Proc: 0.2 ms]
      [Ref Enq: 0.0 ms]
      [Redirty Cards: 0.2 ms]
      [Humongous Register: 0.1 ms]
      [Humongous Reclaim: 0.0 ms]
      [Free CSet: 0.2 ms]
   [Eden: 234.0M(234.0M)->0.0B(243.0M) Survivors: 33.0M->34.0M Heap: 1082.6M(2048.0M)->1084.6M(2048.0M)]
 [Times: user=1.02 sys=0.09, real=0.14 secs] 
2020-09-29T12:27:12.173+0200: 3.500: [GC pause (G1 Humongous Allocation) (young) (initial-mark), 0.0316369 secs]
   [Parallel Time: 30.7 ms, GC Workers: 8]
      [GC Worker Start (ms): Min: 3500.4, Avg: 3500.4, Max: 3500.5, Diff: 0.1]
      [Ext Root Scanning (ms): Min: 0.0, Avg: 0.1, Max: 0.1, Diff: 0.1, Sum: 0.6]
      [Update RS (ms): Min: 9.5, Avg: 9.7, Max: 10.2, Diff: 0.7, Sum: 77.3]
         [Processed Buffers: Min: 11, Avg: 12.5, Max: 14, Diff: 3, Sum: 100]
      [Scan RS (ms): Min: 1.6, Avg: 2.1, Max: 2.4, Diff: 0.8, Sum: 17.1]
      [Code Root Scanning (ms): Min: 0.0, Avg: 0.0, Max: 0.0, Diff: 0.0, Sum: 0.0]
      [Object Copy (ms): Min: 18.6, Avg: 18.6, Max: 18.7, Diff: 0.1, Sum: 149.2]
      [Termination (ms): Min: 0.0, Avg: 0.0, Max: 0.0, Diff: 0.0, Sum: 0.0]
         [Termination Attempts: Min: 1, Avg: 15.5, Max: 26, Diff: 25, Sum: 124]
      [GC Worker Other (ms): Min: 0.0, Avg: 0.0, Max: 0.0, Diff: 0.0, Sum: 0.1]
      [GC Worker Total (ms): Min: 30.5, Avg: 30.5, Max: 30.6, Diff: 0.1, Sum: 244.3]
      [GC Worker End (ms): Min: 3531.0, Avg: 3531.0, Max: 3531.0, Diff: 0.0]
   [Code Root Fixup: 0.0 ms]
   [Code Root Purge: 0.0 ms]
   [Clear CT: 0.2 ms]
   [Other: 0.7 ms]
      [Choose CSet: 0.0 ms]
      [Ref Proc: 0.2 ms]
      [Ref Enq: 0.0 ms]
      [Redirty Cards: 0.2 ms]
      [Humongous Register: 0.0 ms]
      [Humongous Reclaim: 0.0 ms]
      [Free CSet: 0.1 ms]
   [Eden: 2048.0K(243.0M)->0.0B(293.0M) Survivors: 34.0M->4096.0K Heap: 1086.6M(2048.0M)->1090.1M(2048.0M)]
 [Times: user=0.25 sys=0.00, real=0.03 secs] 
2020-09-29T12:27:12.205+0200: 3.532: [GC concurrent-root-region-scan-start]
2020-09-29T12:27:12.206+0200: 3.533: [GC concurrent-root-region-scan-end, 0.0005808 secs]
2020-09-29T12:27:12.206+0200: 3.533: [GC concurrent-mark-start]
2020-09-29T12:27:12.209+0200: 3.536: [GC concurrent-mark-end, 0.0031509 secs]
2020-09-29T12:27:12.209+0200: 3.536: [GC remark 2020-09-29T12:27:12.209+0200: 3.536: [Finalize Marking, 0.0001892 secs] 2020-09-29T12:27:12.209+0200: 3.536: [GC ref-proc, 0.0002887 secs] 2020-09-29T12:27:12.210+0200: 3.537: [Unloading, 0.0004632 secs], 0.0012830 secs]
 [Times: user=0.00 sys=0.00, real=0.00 secs] 
2020-09-29T12:27:12.211+0200: 3.538: [GC cleanup 1097M->21M(2048M), 0.0012266 secs]
 [Times: user=0.00 sys=0.00, real=0.00 secs] 
2020-09-29T12:27:12.212+0200: 3.539: [GC concurrent-cleanup-start]
2020-09-29T12:27:12.213+0200: 3.540: [GC concurrent-cleanup-end, 0.0012359 secs]
2020-09-29T12:27:12.357+0200: 3.684: [GC pause (G1 Evacuation Pause) (young), 0.1615048 secs]
   [Parallel Time: 160.5 ms, GC Workers: 8]
      [GC Worker Start (ms): Min: 3684.2, Avg: 3684.3, Max: 3684.3, Diff: 0.1]
      [Ext Root Scanning (ms): Min: 0.0, Avg: 0.1, Max: 0.2, Diff: 0.1, Sum: 0.6]
      [Update RS (ms): Min: 6.9, Avg: 7.0, Max: 7.1, Diff: 0.1, Sum: 56.0]
         [Processed Buffers: Min: 7, Avg: 7.9, Max: 9, Diff: 2, Sum: 63]
      [Scan RS (ms): Min: 25.8, Avg: 25.9, Max: 26.0, Diff: 0.2, Sum: 207.0]
      [Code Root Scanning (ms): Min: 0.0, Avg: 0.0, Max: 0.0, Diff: 0.0, Sum: 0.0]
      [Object Copy (ms): Min: 126.8, Avg: 127.0, Max: 127.3, Diff: 0.6, Sum: 1016.2]
      [Termination (ms): Min: 0.0, Avg: 0.2, Max: 0.4, Diff: 0.4, Sum: 2.0]
         [Termination Attempts: Min: 1, Avg: 1731.3, Max: 2413, Diff: 2412, Sum: 13850]
      [GC Worker Other (ms): Min: 0.0, Avg: 0.0, Max: 0.1, Diff: 0.0, Sum: 0.3]
      [GC Worker Total (ms): Min: 160.2, Avg: 160.3, Max: 160.3, Diff: 0.1, Sum: 1282.2]
      [GC Worker End (ms): Min: 3844.5, Avg: 3844.5, Max: 3844.6, Diff: 0.0]
   [Code Root Fixup: 0.0 ms]
   [Code Root Purge: 0.0 ms]
   [Clear CT: 0.1 ms]
   [Other: 0.9 ms]
      [Choose CSet: 0.0 ms]
      [Ref Proc: 0.2 ms]
      [Ref Enq: 0.0 ms]
      [Redirty Cards: 0.2 ms]
      [Humongous Register: 0.0 ms]
      [Humongous Reclaim: 0.0 ms]
      [Free CSet: 0.2 ms]
   [Eden: 293.0M(293.0M)->0.0B(257.0M) Survivors: 4096.0K->38.0M Heap: 356.6M(2048.0M)->354.6M(2048.0M)]
 [Times: user=1.20 sys=0.03, real=0.16 secs] 
2020-09-29T12:27:12.665+0200: 3.992: [GC pause (G1 Evacuation Pause) (young), 0.1675845 secs]
   [Parallel Time: 166.5 ms, GC Workers: 8]
      [GC Worker Start (ms): Min: 3992.2, Avg: 3992.3, Max: 3992.4, Diff: 0.2]
      [Ext Root Scanning (ms): Min: 0.0, Avg: 0.1, Max: 0.2, Diff: 0.2, Sum: 0.5]
      [Update RS (ms): Min: 5.7, Avg: 5.8, Max: 6.1, Diff: 0.4, Sum: 46.7]
         [Processed Buffers: Min: 7, Avg: 8.5, Max: 11, Diff: 4, Sum: 68]
      [Scan RS (ms): Min: 24.4, Avg: 24.6, Max: 24.7, Diff: 0.4, Sum: 196.5]
      [Code Root Scanning (ms): Min: 0.0, Avg: 0.0, Max: 0.0, Diff: 0.0, Sum: 0.0]
      [Object Copy (ms): Min: 135.2, Avg: 135.5, Max: 135.6, Diff: 0.4, Sum: 1083.6]
      [Termination (ms): Min: 0.0, Avg: 0.3, Max: 0.5, Diff: 0.5, Sum: 2.3]
         [Termination Attempts: Min: 1, Avg: 2065.6, Max: 2932, Diff: 2931, Sum: 16525]
      [GC Worker Other (ms): Min: 0.0, Avg: 0.0, Max: 0.1, Diff: 0.1, Sum: 0.3]
      [GC Worker Total (ms): Min: 166.2, Avg: 166.3, Max: 166.3, Diff: 0.1, Sum: 1330.1]
      [GC Worker End (ms): Min: 4158.6, Avg: 4158.6, Max: 4158.6, Diff: 0.1]
   [Code Root Fixup: 0.0 ms]
   [Code Root Purge: 0.0 ms]
   [Clear CT: 0.2 ms]
   [Other: 0.9 ms]
      [Choose CSet: 0.0 ms]
      [Ref Proc: 0.2 ms]
      [Ref Enq: 0.0 ms]
      [Redirty Cards: 0.2 ms]
      [Humongous Register: 0.0 ms]
      [Humongous Reclaim: 0.0 ms]
      [Free CSet: 0.3 ms]
   [Eden: 257.0M(257.0M)->0.0B(254.0M) Survivors: 38.0M->37.0M Heap: 655.5M(2048.0M)->657.5M(2048.0M)]
 [Times: user=1.13 sys=0.08, real=0.17 secs] 
2020-09-29T12:27:12.986+0200: 4.313: [GC pause (G1 Evacuation Pause) (young), 0.1551223 secs]
   [Parallel Time: 154.0 ms, GC Workers: 8]
      [GC Worker Start (ms): Min: 4312.8, Avg: 4312.9, Max: 4313.0, Diff: 0.2]
      [Ext Root Scanning (ms): Min: 0.0, Avg: 0.0, Max: 0.2, Diff: 0.2, Sum: 0.4]
      [Update RS (ms): Min: 7.8, Avg: 8.0, Max: 8.2, Diff: 0.4, Sum: 64.2]
         [Processed Buffers: Min: 9, Avg: 10.3, Max: 12, Diff: 3, Sum: 82]
      [Scan RS (ms): Min: 21.9, Avg: 22.2, Max: 22.4, Diff: 0.5, Sum: 177.6]
      [Code Root Scanning (ms): Min: 0.0, Avg: 0.0, Max: 0.0, Diff: 0.0, Sum: 0.0]
      [Object Copy (ms): Min: 123.1, Avg: 123.3, Max: 123.4, Diff: 0.2, Sum: 986.2]
      [Termination (ms): Min: 0.0, Avg: 0.1, Max: 0.1, Diff: 0.1, Sum: 0.8]
         [Termination Attempts: Min: 1, Avg: 707.1, Max: 868, Diff: 867, Sum: 5657]
      [GC Worker Other (ms): Min: 0.0, Avg: 0.0, Max: 0.1, Diff: 0.0, Sum: 0.3]
      [GC Worker Total (ms): Min: 153.6, Avg: 153.7, Max: 153.8, Diff: 0.2, Sum: 1229.4]
      [GC Worker End (ms): Min: 4466.6, Avg: 4466.6, Max: 4466.6, Diff: 0.0]
   [Code Root Fixup: 0.0 ms]
   [Code Root Purge: 0.0 ms]
   [Clear CT: 0.3 ms]
   [Other: 0.8 ms]
      [Choose CSet: 0.0 ms]
      [Ref Proc: 0.2 ms]
      [Ref Enq: 0.0 ms]
      [Redirty Cards: 0.3 ms]
      [Humongous Register: 0.0 ms]
      [Humongous Reclaim: 0.0 ms]
      [Free CSet: 0.2 ms]
   [Eden: 254.0M(254.0M)->0.0B(261.0M) Survivors: 37.0M->37.0M Heap: 953.4M(2048.0M)->954.9M(2048.0M)]
 [Times: user=1.22 sys=0.03, real=0.15 secs] 
2020-09-29T12:27:13.158+0200: 4.484: [GC pause (G1 Humongous Allocation) (young) (initial-mark), 0.0371224 secs]
   [Parallel Time: 36.4 ms, GC Workers: 8]
      [GC Worker Start (ms): Min: 4484.3, Avg: 4484.4, Max: 4484.4, Diff: 0.1]
      [Ext Root Scanning (ms): Min: 0.0, Avg: 0.1, Max: 0.1, Diff: 0.1, Sum: 0.5]
      [Update RS (ms): Min: 14.9, Avg: 15.2, Max: 15.3, Diff: 0.4, Sum: 121.2]
         [Processed Buffers: Min: 18, Avg: 19.6, Max: 21, Diff: 3, Sum: 157]
      [Scan RS (ms): Min: 2.5, Avg: 2.6, Max: 2.9, Diff: 0.4, Sum: 21.2]
      [Code Root Scanning (ms): Min: 0.0, Avg: 0.0, Max: 0.0, Diff: 0.0, Sum: 0.0]
      [Object Copy (ms): Min: 18.3, Avg: 18.4, Max: 18.5, Diff: 0.2, Sum: 147.1]
      [Termination (ms): Min: 0.0, Avg: 0.0, Max: 0.0, Diff: 0.0, Sum: 0.1]
         [Termination Attempts: Min: 1, Avg: 85.6, Max: 111, Diff: 110, Sum: 685]
      [GC Worker Other (ms): Min: 0.0, Avg: 0.0, Max: 0.0, Diff: 0.0, Sum: 0.1]
      [GC Worker Total (ms): Min: 36.2, Avg: 36.3, Max: 36.3, Diff: 0.1, Sum: 290.2]
      [GC Worker End (ms): Min: 4520.6, Avg: 4520.7, Max: 4520.7, Diff: 0.0]
   [Code Root Fixup: 0.0 ms]
   [Code Root Purge: 0.0 ms]
   [Clear CT: 0.2 ms]
   [Other: 0.5 ms]
      [Choose CSet: 0.0 ms]
      [Ref Proc: 0.2 ms]
      [Ref Enq: 0.0 ms]
      [Redirty Cards: 0.1 ms]
      [Humongous Register: 0.0 ms]
      [Humongous Reclaim: 0.0 ms]
      [Free CSet: 0.0 ms]
   [Eden: 9216.0K(261.0M)->0.0B(318.0M) Survivors: 37.0M->11.0M Heap: 963.9M(2048.0M)->967.4M(2048.0M)]
 [Times: user=0.38 sys=0.00, real=0.04 secs] 
2020-09-29T12:27:13.195+0200: 4.521: [GC concurrent-root-region-scan-start]
2020-09-29T12:27:13.197+0200: 4.523: [GC concurrent-root-region-scan-end, 0.0016678 secs]
2020-09-29T12:27:13.197+0200: 4.523: [GC concurrent-mark-start]
2020-09-29T12:27:13.199+0200: 4.525: [GC concurrent-mark-end, 0.0020131 secs]
2020-09-29T12:27:13.199+0200: 4.525: [GC remark 2020-09-29T12:27:13.199+0200: 4.525: [Finalize Marking, 0.0001722 secs] 2020-09-29T12:27:13.199+0200: 4.526: [GC ref-proc, 0.0002555 secs] 2020-09-29T12:27:13.199+0200: 4.526: [Unloading, 0.0003995 secs], 0.0010745 secs]
 [Times: user=0.00 sys=0.00, real=0.00 secs] 
2020-09-29T12:27:13.200+0200: 4.527: [GC cleanup 978M->31M(2048M), 0.0010179 secs]
 [Times: user=0.00 sys=0.00, real=0.00 secs] 
2020-09-29T12:27:13.201+0200: 4.528: [GC concurrent-cleanup-start]
2020-09-29T12:27:13.202+0200: 4.529: [GC concurrent-cleanup-end, 0.0009131 secs]
2020-09-29T12:27:13.357+0200: 4.684: [GC pause (G1 Evacuation Pause) (young), 0.1695680 secs]
   [Parallel Time: 168.6 ms, GC Workers: 8]
      [GC Worker Start (ms): Min: 4684.0, Avg: 4684.1, Max: 4684.2, Diff: 0.2]
      [Ext Root Scanning (ms): Min: 0.0, Avg: 0.1, Max: 0.1, Diff: 0.1, Sum: 0.6]
      [Update RS (ms): Min: 8.0, Avg: 8.4, Max: 8.8, Diff: 0.8, Sum: 66.8]
         [Processed Buffers: Min: 9, Avg: 9.6, Max: 13, Diff: 4, Sum: 77]
      [Scan RS (ms): Min: 24.0, Avg: 24.5, Max: 24.9, Diff: 0.8, Sum: 196.2]
      [Code Root Scanning (ms): Min: 0.0, Avg: 0.0, Max: 0.0, Diff: 0.0, Sum: 0.0]
      [Object Copy (ms): Min: 135.1, Avg: 135.3, Max: 135.5, Diff: 0.4, Sum: 1082.1]
      [Termination (ms): Min: 0.0, Avg: 0.2, Max: 0.2, Diff: 0.2, Sum: 1.2]
         [Termination Attempts: Min: 1, Avg: 1107.8, Max: 1356, Diff: 1355, Sum: 8862]
      [GC Worker Other (ms): Min: 0.0, Avg: 0.1, Max: 0.1, Diff: 0.0, Sum: 0.4]
      [GC Worker Total (ms): Min: 168.4, Avg: 168.4, Max: 168.5, Diff: 0.2, Sum: 1347.5]
      [GC Worker End (ms): Min: 4852.5, Avg: 4852.5, Max: 4852.5, Diff: 0.1]
   [Code Root Fixup: 0.0 ms]
   [Code Root Purge: 0.0 ms]
   [Clear CT: 0.1 ms]
   [Other: 0.8 ms]
      [Choose CSet: 0.0 ms]
      [Ref Proc: 0.2 ms]
      [Ref Enq: 0.0 ms]
      [Redirty Cards: 0.2 ms]
      [Humongous Register: 0.0 ms]
      [Humongous Reclaim: 0.0 ms]
      [Free CSet: 0.2 ms]
   [Eden: 318.0M(318.0M)->0.0B(284.0M) Survivors: 11.0M->42.0M Heap: 391.9M(2048.0M)->383.4M(2048.0M)]
 [Times: user=1.28 sys=0.06, real=0.17 secs] 
2020-09-29T12:27:13.666+0200: 4.992: [GC pause (G1 Evacuation Pause) (young), 0.1848627 secs]
   [Parallel Time: 183.7 ms, GC Workers: 8]
      [GC Worker Start (ms): Min: 4992.2, Avg: 4992.3, Max: 4992.3, Diff: 0.2]
      [Ext Root Scanning (ms): Min: 0.0, Avg: 0.1, Max: 0.2, Diff: 0.2, Sum: 0.5]
      [Update RS (ms): Min: 11.2, Avg: 11.3, Max: 11.8, Diff: 0.6, Sum: 90.7]
         [Processed Buffers: Min: 12, Avg: 13.0, Max: 14, Diff: 2, Sum: 104]
      [Scan RS (ms): Min: 24.9, Avg: 25.7, Max: 28.3, Diff: 3.5, Sum: 205.7]
      [Code Root Scanning (ms): Min: 0.0, Avg: 0.0, Max: 0.0, Diff: 0.0, Sum: 0.0]
      [Object Copy (ms): Min: 143.5, Avg: 146.2, Max: 146.7, Diff: 3.2, Sum: 1169.9]
      [Termination (ms): Min: 0.0, Avg: 0.1, Max: 0.1, Diff: 0.1, Sum: 0.6]
         [Termination Attempts: Min: 1, Avg: 550.0, Max: 723, Diff: 722, Sum: 4400]
      [GC Worker Other (ms): Min: 0.0, Avg: 0.1, Max: 0.1, Diff: 0.1, Sum: 0.4]
      [GC Worker Total (ms): Min: 183.4, Avg: 183.5, Max: 183.6, Diff: 0.2, Sum: 1467.8]
      [GC Worker End (ms): Min: 5175.7, Avg: 5175.7, Max: 5175.8, Diff: 0.1]
   [Code Root Fixup: 0.0 ms]
   [Code Root Purge: 0.0 ms]
   [Clear CT: 0.2 ms]
   [Other: 1.0 ms]
      [Choose CSet: 0.0 ms]
      [Ref Proc: 0.2 ms]
      [Ref Enq: 0.0 ms]
      [Redirty Cards: 0.2 ms]
      [Humongous Register: 0.0 ms]
      [Humongous Reclaim: 0.0 ms]
      [Free CSet: 0.3 ms]
   [Eden: 284.0M(284.0M)->0.0B(267.0M) Survivors: 42.0M->41.0M Heap: 715.1M(2048.0M)->717.1M(2048.0M)]
 [Times: user=1.41 sys=0.03, real=0.19 secs] 
2020-09-29T12:27:14.009+0200: 5.336: [GC pause (G1 Evacuation Pause) (young), 0.1697166 secs]
   [Parallel Time: 168.6 ms, GC Workers: 8]
      [GC Worker Start (ms): Min: 5335.9, Avg: 5336.0, Max: 5336.1, Diff: 0.2]
      [Ext Root Scanning (ms): Min: 0.0, Avg: 0.1, Max: 0.2, Diff: 0.2, Sum: 0.5]
      [Update RS (ms): Min: 9.5, Avg: 10.0, Max: 10.5, Diff: 1.0, Sum: 80.1]
         [Processed Buffers: Min: 10, Avg: 10.6, Max: 13, Diff: 3, Sum: 85]
      [Scan RS (ms): Min: 23.8, Avg: 24.3, Max: 24.8, Diff: 0.9, Sum: 194.4]
      [Code Root Scanning (ms): Min: 0.0, Avg: 0.0, Max: 0.0, Diff: 0.0, Sum: 0.0]
      [Object Copy (ms): Min: 133.6, Avg: 133.7, Max: 133.9, Diff: 0.3, Sum: 1069.9]
      [Termination (ms): Min: 0.0, Avg: 0.2, Max: 0.3, Diff: 0.3, Sum: 1.9]
         [Termination Attempts: Min: 1, Avg: 1732.9, Max: 2057, Diff: 2056, Sum: 13863]
      [GC Worker Other (ms): Min: 0.0, Avg: 0.1, Max: 0.1, Diff: 0.0, Sum: 0.4]
      [GC Worker Total (ms): Min: 168.4, Avg: 168.4, Max: 168.5, Diff: 0.2, Sum: 1347.4]
      [GC Worker End (ms): Min: 5504.5, Avg: 5504.5, Max: 5504.5, Diff: 0.0]
   [Code Root Fixup: 0.0 ms]
   [Code Root Purge: 0.0 ms]
   [Clear CT: 0.2 ms]
   [Other: 0.9 ms]
      [Choose CSet: 0.0 ms]
      [Ref Proc: 0.2 ms]
      [Ref Enq: 0.0 ms]
      [Redirty Cards: 0.3 ms]
      [Humongous Register: 0.0 ms]
      [Humongous Reclaim: 0.0 ms]
      [Free CSet: 0.2 ms]
   [Eden: 267.0M(267.0M)->0.0B(265.0M) Survivors: 41.0M->39.0M Heap: 1028.0M(2048.0M)->1030.0M(2048.0M)]
 [Times: user=1.33 sys=0.02, real=0.17 secs] 
2020-09-29T12:27:14.192+0200: 5.518: [GC pause (G1 Humongous Allocation) (young) (initial-mark), 0.0416155 secs]
   [Parallel Time: 40.9 ms, GC Workers: 8]
      [GC Worker Start (ms): Min: 5518.5, Avg: 5518.6, Max: 5518.6, Diff: 0.1]
      [Ext Root Scanning (ms): Min: 0.0, Avg: 0.1, Max: 0.2, Diff: 0.1, Sum: 0.7]
      [Update RS (ms): Min: 21.4, Avg: 21.7, Max: 22.0, Diff: 0.7, Sum: 173.3]
         [Processed Buffers: Min: 25, Avg: 27.4, Max: 31, Diff: 6, Sum: 219]
      [Scan RS (ms): Min: 2.2, Avg: 2.6, Max: 2.9, Diff: 0.7, Sum: 20.9]
      [Code Root Scanning (ms): Min: 0.0, Avg: 0.0, Max: 0.0, Diff: 0.0, Sum: 0.0]
      [Object Copy (ms): Min: 16.3, Avg: 16.3, Max: 16.4, Diff: 0.1, Sum: 130.7]
      [Termination (ms): Min: 0.0, Avg: 0.0, Max: 0.0, Diff: 0.0, Sum: 0.0]
         [Termination Attempts: Min: 1, Avg: 14.9, Max: 23, Diff: 22, Sum: 119]
      [GC Worker Other (ms): Min: 0.0, Avg: 0.0, Max: 0.0, Diff: 0.0, Sum: 0.1]
      [GC Worker Total (ms): Min: 40.7, Avg: 40.7, Max: 40.8, Diff: 0.1, Sum: 325.8]
      [GC Worker End (ms): Min: 5559.3, Avg: 5559.3, Max: 5559.3, Diff: 0.0]
   [Code Root Fixup: 0.0 ms]
   [Code Root Purge: 0.0 ms]
   [Clear CT: 0.1 ms]
   [Other: 0.6 ms]
      [Choose CSet: 0.0 ms]
      [Ref Proc: 0.2 ms]
      [Ref Enq: 0.0 ms]
      [Redirty Cards: 0.1 ms]
      [Humongous Register: 0.0 ms]
      [Humongous Reclaim: 0.0 ms]
      [Free CSet: 0.0 ms]
   [Eden: 1024.0K(265.0M)->0.0B(332.0M) Survivors: 39.0M->4096.0K Heap: 1031.0M(2048.0M)->1036.0M(2048.0M)]
 [Times: user=0.22 sys=0.00, real=0.04 secs] 
2020-09-29T12:27:14.234+0200: 5.560: [GC concurrent-root-region-scan-start]
2020-09-29T12:27:14.234+0200: 5.560: [GC concurrent-root-region-scan-end, 0.0002571 secs]
2020-09-29T12:27:14.234+0200: 5.560: [GC concurrent-mark-start]
2020-09-29T12:27:14.236+0200: 5.563: [GC concurrent-mark-end, 0.0021368 secs]
2020-09-29T12:27:14.236+0200: 5.563: [GC remark 2020-09-29T12:27:14.236+0200: 5.563: [Finalize Marking, 0.0001721 secs] 2020-09-29T12:27:14.236+0200: 5.563: [GC ref-proc, 0.0002685 secs] 2020-09-29T12:27:14.237+0200: 5.563: [Unloading, 0.0004010 secs], 0.0011314 secs]
 [Times: user=0.00 sys=0.00, real=0.00 secs] 
2020-09-29T12:27:14.238+0200: 5.564: [GC cleanup 1043M->21M(2048M), 0.0010991 secs]
 [Times: user=0.03 sys=0.00, real=0.00 secs] 
2020-09-29T12:27:14.239+0200: 5.565: [GC concurrent-cleanup-start]
2020-09-29T12:27:14.240+0200: 5.566: [GC concurrent-cleanup-end, 0.0010851 secs]
2020-09-29T12:27:14.404+0200: 5.731: [GC pause (G1 Evacuation Pause) (young), 0.1750577 secs]
   [Parallel Time: 173.9 ms, GC Workers: 8]
      [GC Worker Start (ms): Min: 5730.8, Avg: 5730.9, Max: 5730.9, Diff: 0.1]
      [Ext Root Scanning (ms): Min: 0.0, Avg: 0.1, Max: 0.1, Diff: 0.1, Sum: 0.5]
      [Update RS (ms): Min: 10.3, Avg: 10.5, Max: 11.1, Diff: 0.7, Sum: 84.0]
         [Processed Buffers: Min: 11, Avg: 12.9, Max: 16, Diff: 5, Sum: 103]
      [Scan RS (ms): Min: 24.7, Avg: 25.2, Max: 25.4, Diff: 0.7, Sum: 202.0]
      [Code Root Scanning (ms): Min: 0.0, Avg: 0.0, Max: 0.0, Diff: 0.0, Sum: 0.0]
      [Object Copy (ms): Min: 137.7, Avg: 137.8, Max: 137.8, Diff: 0.2, Sum: 1102.4]
      [Termination (ms): Min: 0.0, Avg: 0.0, Max: 0.0, Diff: 0.0, Sum: 0.1]
         [Termination Attempts: Min: 1, Avg: 48.4, Max: 74, Diff: 73, Sum: 387]
      [GC Worker Other (ms): Min: 0.0, Avg: 0.0, Max: 0.1, Diff: 0.1, Sum: 0.4]
      [GC Worker Total (ms): Min: 173.6, Avg: 173.7, Max: 173.8, Diff: 0.2, Sum: 1389.4]
      [GC Worker End (ms): Min: 5904.5, Avg: 5904.6, Max: 5904.6, Diff: 0.1]
   [Code Root Fixup: 0.0 ms]
   [Code Root Purge: 0.0 ms]
   [Clear CT: 0.2 ms]
   [Other: 0.9 ms]
      [Choose CSet: 0.0 ms]
      [Ref Proc: 0.2 ms]
      [Ref Enq: 0.0 ms]
      [Redirty Cards: 0.2 ms]
      [Humongous Register: 0.0 ms]
      [Humongous Reclaim: 0.0 ms]
      [Free CSet: 0.2 ms]
   [Eden: 332.0M(332.0M)->0.0B(289.0M) Survivors: 4096.0K->42.0M Heap: 403.2M(2048.0M)->402.2M(2048.0M)]
 [Times: user=1.25 sys=0.09, real=0.17 secs] 
2020-09-29T12:27:14.759+0200: 6.085: [GC pause (G1 Evacuation Pause) (young), 0.1962749 secs]
   [Parallel Time: 195.2 ms, GC Workers: 8]
      [GC Worker Start (ms): Min: 6085.3, Avg: 6085.4, Max: 6085.5, Diff: 0.2]
      [Ext Root Scanning (ms): Min: 0.0, Avg: 0.1, Max: 0.1, Diff: 0.1, Sum: 0.6]
      [Update RS (ms): Min: 14.4, Avg: 14.7, Max: 16.0, Diff: 1.7, Sum: 117.3]
         [Processed Buffers: Min: 6, Avg: 14.5, Max: 18, Diff: 12, Sum: 116]
      [Scan RS (ms): Min: 25.5, Avg: 27.1, Max: 28.0, Diff: 2.4, Sum: 216.5]
      [Code Root Scanning (ms): Min: 0.0, Avg: 0.0, Max: 0.0, Diff: 0.0, Sum: 0.0]
      [Object Copy (ms): Min: 152.2, Avg: 152.8, Max: 152.9, Diff: 0.7, Sum: 1222.1]
      [Termination (ms): Min: 0.1, Avg: 0.2, Max: 0.3, Diff: 0.2, Sum: 1.6]
         [Termination Attempts: Min: 1, Avg: 1005.3, Max: 1370, Diff: 1369, Sum: 8042]
      [GC Worker Other (ms): Min: 0.0, Avg: 0.2, Max: 0.3, Diff: 0.2, Sum: 1.9]
      [GC Worker Total (ms): Min: 194.8, Avg: 195.0, Max: 195.1, Diff: 0.3, Sum: 1560.0]
      [GC Worker End (ms): Min: 6280.2, Avg: 6280.4, Max: 6280.5, Diff: 0.3]
   [Code Root Fixup: 0.0 ms]
   [Code Root Purge: 0.0 ms]
   [Clear CT: 0.2 ms]
   [Other: 0.9 ms]
      [Choose CSet: 0.0 ms]
      [Ref Proc: 0.2 ms]
      [Ref Enq: 0.0 ms]
      [Redirty Cards: 0.2 ms]
      [Humongous Register: 0.0 ms]
      [Humongous Reclaim: 0.0 ms]
      [Free CSet: 0.2 ms]
   [Eden: 289.0M(289.0M)->0.0B(260.0M) Survivors: 42.0M->42.0M Heap: 738.9M(2048.0M)->740.9M(2048.0M)]
 [Times: user=1.42 sys=0.05, real=0.20 secs] 
2020-09-29T12:27:15.135+0200: 6.462: [GC pause (G1 Evacuation Pause) (young), 0.2325953 secs]
   [Parallel Time: 228.4 ms, GC Workers: 8]
      [GC Worker Start (ms): Min: 6462.2, Avg: 6462.3, Max: 6462.4, Diff: 0.2]
      [Ext Root Scanning (ms): Min: 0.0, Avg: 0.1, Max: 0.2, Diff: 0.2, Sum: 0.6]
      [Update RS (ms): Min: 14.5, Avg: 15.0, Max: 15.6, Diff: 1.1, Sum: 120.1]
         [Processed Buffers: Min: 11, Avg: 11.8, Max: 13, Diff: 2, Sum: 94]
      [Scan RS (ms): Min: 29.6, Avg: 30.3, Max: 30.8, Diff: 1.2, Sum: 242.2]
      [Code Root Scanning (ms): Min: 0.0, Avg: 0.0, Max: 0.0, Diff: 0.0, Sum: 0.0]
      [Object Copy (ms): Min: 182.3, Avg: 182.5, Max: 182.6, Diff: 0.3, Sum: 1460.2]
      [Termination (ms): Min: 0.0, Avg: 0.1, Max: 0.2, Diff: 0.2, Sum: 1.0]
         [Termination Attempts: Min: 1, Avg: 598.6, Max: 769, Diff: 768, Sum: 4789]
      [GC Worker Other (ms): Min: 0.0, Avg: 0.1, Max: 0.1, Diff: 0.1, Sum: 0.6]
      [GC Worker Total (ms): Min: 228.0, Avg: 228.1, Max: 228.2, Diff: 0.2, Sum: 1824.7]
      [GC Worker End (ms): Min: 6690.4, Avg: 6690.4, Max: 6690.4, Diff: 0.1]
   [Code Root Fixup: 0.0 ms]
   [Code Root Purge: 0.0 ms]
   [Clear CT: 1.8 ms]
   [Other: 2.4 ms]
      [Choose CSet: 0.0 ms]
      [Ref Proc: 0.2 ms]
      [Ref Enq: 0.0 ms]
      [Redirty Cards: 1.6 ms]
      [Humongous Register: 0.1 ms]
      [Humongous Reclaim: 0.0 ms]
      [Free CSet: 0.3 ms]
   [Eden: 260.0M(260.0M)->0.0B(202.0M) Survivors: 42.0M->38.0M Heap: 1042.9M(2048.0M)->1045.4M(2048.0M)]
 [Times: user=1.78 sys=0.05, real=0.23 secs] 
2020-09-29T12:27:15.385+0200: 6.712: [GC pause (G1 Humongous Allocation) (young) (initial-mark), 0.0569062 secs]
   [Parallel Time: 55.9 ms, GC Workers: 8]
      [GC Worker Start (ms): Min: 6711.8, Avg: 6711.8, Max: 6711.9, Diff: 0.1]
      [Ext Root Scanning (ms): Min: 0.0, Avg: 0.1, Max: 0.2, Diff: 0.1, Sum: 0.8]
      [Update RS (ms): Min: 30.9, Avg: 31.2, Max: 31.8, Diff: 0.9, Sum: 249.4]
         [Processed Buffers: Min: 28, Avg: 29.3, Max: 31, Diff: 3, Sum: 234]
      [Scan RS (ms): Min: 2.8, Avg: 3.4, Max: 3.6, Diff: 0.9, Sum: 27.5]
      [Code Root Scanning (ms): Min: 0.0, Avg: 0.0, Max: 0.0, Diff: 0.0, Sum: 0.0]
      [Object Copy (ms): Min: 20.9, Avg: 21.0, Max: 21.0, Diff: 0.2, Sum: 167.8]
      [Termination (ms): Min: 0.0, Avg: 0.0, Max: 0.0, Diff: 0.0, Sum: 0.0]
         [Termination Attempts: Min: 1, Avg: 12.6, Max: 20, Diff: 19, Sum: 101]
      [GC Worker Other (ms): Min: 0.0, Avg: 0.0, Max: 0.1, Diff: 0.1, Sum: 0.3]
      [GC Worker Total (ms): Min: 55.7, Avg: 55.7, Max: 55.8, Diff: 0.1, Sum: 445.8]
      [GC Worker End (ms): Min: 6767.5, Avg: 6767.5, Max: 6767.6, Diff: 0.1]
   [Code Root Fixup: 0.0 ms]
   [Code Root Purge: 0.0 ms]
   [Clear CT: 0.2 ms]
   [Other: 0.8 ms]
      [Choose CSet: 0.0 ms]
      [Ref Proc: 0.2 ms]
      [Ref Enq: 0.0 ms]
      [Redirty Cards: 0.2 ms]
      [Humongous Register: 0.0 ms]
      [Humongous Reclaim: 0.0 ms]
      [Free CSet: 0.1 ms]
   [Eden: 1024.0K(202.0M)->0.0B(269.0M) Survivors: 38.0M->2048.0K Heap: 1045.9M(2048.0M)->1047.9M(2048.0M)]
 [Times: user=0.41 sys=0.00, real=0.06 secs] 
2020-09-29T12:27:15.442+0200: 6.769: [GC concurrent-root-region-scan-start]
2020-09-29T12:27:15.442+0200: 6.769: [GC concurrent-root-region-scan-end, 0.0002029 secs]
2020-09-29T12:27:15.442+0200: 6.769: [GC concurrent-mark-start]
2020-09-29T12:27:15.445+0200: 6.772: [GC concurrent-mark-end, 0.0032828 secs]
2020-09-29T12:27:15.446+0200: 6.772: [GC remark 2020-09-29T12:27:15.446+0200: 6.773: [Finalize Marking, 0.0002420 secs] 2020-09-29T12:27:15.446+0200: 6.773: [GC ref-proc, 0.0003644 secs] 2020-09-29T12:27:15.446+0200: 6.773: [Unloading, 0.0005379 secs], 0.0014615 secs]
 [Times: user=0.00 sys=0.00, real=0.00 secs] 
2020-09-29T12:27:15.448+0200: 6.774: [GC cleanup 1055M->19M(2048M), 0.0012159 secs]
 [Times: user=0.00 sys=0.00, real=0.00 secs] 
2020-09-29T12:27:15.449+0200: 6.776: [GC concurrent-cleanup-start]
2020-09-29T12:27:15.450+0200: 6.777: [GC concurrent-cleanup-end, 0.0013953 secs]
2020-09-29T12:27:15.624+0200: 6.951: [GC pause (G1 Evacuation Pause) (young), 0.1929691 secs]
   [Parallel Time: 191.5 ms, GC Workers: 8]
      [GC Worker Start (ms): Min: 6951.4, Avg: 6951.5, Max: 6951.6, Diff: 0.2]
      [Ext Root Scanning (ms): Min: 0.0, Avg: 0.1, Max: 0.2, Diff: 0.2, Sum: 0.6]
      [Update RS (ms): Min: 16.8, Avg: 17.1, Max: 17.8, Diff: 1.0, Sum: 137.2]
         [Processed Buffers: Min: 13, Avg: 14.0, Max: 16, Diff: 3, Sum: 112]
      [Scan RS (ms): Min: 24.4, Avg: 24.9, Max: 25.3, Diff: 0.9, Sum: 199.2]
      [Code Root Scanning (ms): Min: 0.0, Avg: 0.0, Max: 0.0, Diff: 0.0, Sum: 0.0]
      [Object Copy (ms): Min: 148.8, Avg: 149.0, Max: 149.0, Diff: 0.2, Sum: 1191.6]
      [Termination (ms): Min: 0.0, Avg: 0.0, Max: 0.0, Diff: 0.0, Sum: 0.2]
         [Termination Attempts: Min: 1, Avg: 116.1, Max: 155, Diff: 154, Sum: 929]
      [GC Worker Other (ms): Min: 0.0, Avg: 0.1, Max: 0.1, Diff: 0.1, Sum: 0.6]
      [GC Worker Total (ms): Min: 191.1, Avg: 191.2, Max: 191.3, Diff: 0.2, Sum: 1529.4]
      [GC Worker End (ms): Min: 7142.6, Avg: 7142.7, Max: 7142.7, Diff: 0.1]
   [Code Root Fixup: 0.0 ms]
   [Code Root Purge: 0.0 ms]
   [Clear CT: 0.4 ms]
   [Other: 1.1 ms]
      [Choose CSet: 0.0 ms]
      [Ref Proc: 0.2 ms]
      [Ref Enq: 0.0 ms]
      [Redirty Cards: 0.3 ms]
      [Humongous Register: 0.1 ms]
      [Humongous Reclaim: 0.0 ms]
      [Free CSet: 0.3 ms]
   [Eden: 269.0M(269.0M)->0.0B(213.0M) Survivors: 2048.0K->34.0M Heap: 326.3M(2048.0M)->326.8M(2048.0M)]
 [Times: user=1.49 sys=0.03, real=0.19 secs] 
2020-09-29T12:27:15.973+0200: 7.299: [GC pause (G1 Evacuation Pause) (young), 0.1941506 secs]
   [Parallel Time: 193.0 ms, GC Workers: 8]
      [GC Worker Start (ms): Min: 7299.6, Avg: 7299.7, Max: 7299.8, Diff: 0.2]
      [Ext Root Scanning (ms): Min: 0.0, Avg: 0.1, Max: 0.2, Diff: 0.2, Sum: 0.6]
      [Update RS (ms): Min: 22.9, Avg: 23.0, Max: 23.1, Diff: 0.2, Sum: 183.6]
         [Processed Buffers: Min: 17, Avg: 18.4, Max: 21, Diff: 4, Sum: 147]
      [Scan RS (ms): Min: 19.4, Avg: 19.5, Max: 19.6, Diff: 0.2, Sum: 155.9]
      [Code Root Scanning (ms): Min: 0.0, Avg: 0.0, Max: 0.0, Diff: 0.0, Sum: 0.0]
      [Object Copy (ms): Min: 149.7, Avg: 149.8, Max: 149.9, Diff: 0.2, Sum: 1198.5]
      [Termination (ms): Min: 0.0, Avg: 0.0, Max: 0.1, Diff: 0.1, Sum: 0.3]
         [Termination Attempts: Min: 1, Avg: 191.4, Max: 278, Diff: 277, Sum: 1531]
      [GC Worker Other (ms): Min: 0.0, Avg: 0.3, Max: 0.4, Diff: 0.4, Sum: 2.1]
      [GC Worker Total (ms): Min: 192.3, Avg: 192.6, Max: 192.9, Diff: 0.6, Sum: 1541.1]
      [GC Worker End (ms): Min: 7492.1, Avg: 7492.4, Max: 7492.5, Diff: 0.4]
   [Code Root Fixup: 0.0 ms]
   [Code Root Purge: 0.0 ms]
   [Clear CT: 0.2 ms]
   [Other: 0.9 ms]
      [Choose CSet: 0.0 ms]
      [Ref Proc: 0.2 ms]
      [Ref Enq: 0.0 ms]
      [Redirty Cards: 0.3 ms]
      [Humongous Register: 0.0 ms]
      [Humongous Reclaim: 0.0 ms]
      [Free CSet: 0.2 ms]
   [Eden: 213.0M(213.0M)->0.0B(193.0M) Survivors: 34.0M->31.0M Heap: 576.0M(2048.0M)->578.0M(2048.0M)]
 [Times: user=1.45 sys=0.02, real=0.19 secs] 
2020-09-29T12:27:16.296+0200: 7.623: [GC pause (G1 Evacuation Pause) (young), 0.1872792 secs]
   [Parallel Time: 185.9 ms, GC Workers: 8]
      [GC Worker Start (ms): Min: 7622.7, Avg: 7622.8, Max: 7622.9, Diff: 0.2]
      [Ext Root Scanning (ms): Min: 0.0, Avg: 0.1, Max: 0.2, Diff: 0.2, Sum: 0.6]
      [Update RS (ms): Min: 19.8, Avg: 20.4, Max: 21.0, Diff: 1.2, Sum: 163.3]
         [Processed Buffers: Min: 15, Avg: 15.1, Max: 16, Diff: 1, Sum: 121]
      [Scan RS (ms): Min: 16.7, Avg: 17.5, Max: 18.1, Diff: 1.4, Sum: 139.7]
      [Code Root Scanning (ms): Min: 0.0, Avg: 0.0, Max: 0.0, Diff: 0.0, Sum: 0.0]
      [Object Copy (ms): Min: 147.2, Avg: 147.4, Max: 147.5, Diff: 0.3, Sum: 1179.2]
      [Termination (ms): Min: 0.0, Avg: 0.2, Max: 0.3, Diff: 0.3, Sum: 2.0]
         [Termination Attempts: Min: 1, Avg: 1252.6, Max: 1666, Diff: 1665, Sum: 10021]
      [GC Worker Other (ms): Min: 0.0, Avg: 0.0, Max: 0.1, Diff: 0.1, Sum: 0.3]
      [GC Worker Total (ms): Min: 185.6, Avg: 185.6, Max: 185.8, Diff: 0.2, Sum: 1485.1]
      [GC Worker End (ms): Min: 7808.5, Avg: 7808.5, Max: 7808.5, Diff: 0.1]
   [Code Root Fixup: 0.0 ms]
   [Code Root Purge: 0.0 ms]
   [Clear CT: 0.2 ms]
   [Other: 1.1 ms]
      [Choose CSet: 0.0 ms]
      [Ref Proc: 0.3 ms]
      [Ref Enq: 0.0 ms]
      [Redirty Cards: 0.3 ms]
      [Humongous Register: 0.0 ms]
      [Humongous Reclaim: 0.0 ms]
      [Free CSet: 0.2 ms]
   [Eden: 193.0M(193.0M)->0.0B(183.0M) Survivors: 31.0M->28.0M Heap: 801.5M(2048.0M)->803.5M(2048.0M)]
 [Times: user=1.34 sys=0.06, real=0.19 secs] 
2020-09-29T12:27:16.617+0200: 7.944: [GC pause (G1 Evacuation Pause) (young), 0.1849232 secs]
   [Parallel Time: 183.3 ms, GC Workers: 8]
      [GC Worker Start (ms): Min: 7943.7, Avg: 7943.8, Max: 7943.9, Diff: 0.2]
      [Ext Root Scanning (ms): Min: 0.0, Avg: 0.1, Max: 0.2, Diff: 0.2, Sum: 0.6]
      [Update RS (ms): Min: 16.5, Avg: 17.2, Max: 17.6, Diff: 1.1, Sum: 137.8]
         [Processed Buffers: Min: 11, Avg: 12.6, Max: 14, Diff: 3, Sum: 101]
      [Scan RS (ms): Min: 17.4, Avg: 17.8, Max: 18.5, Diff: 1.1, Sum: 142.5]
      [Code Root Scanning (ms): Min: 0.0, Avg: 0.0, Max: 0.0, Diff: 0.0, Sum: 0.0]
      [Object Copy (ms): Min: 147.6, Avg: 147.9, Max: 148.0, Diff: 0.3, Sum: 1183.2]
      [Termination (ms): Min: 0.0, Avg: 0.1, Max: 0.2, Diff: 0.1, Sum: 0.8]
         [Termination Attempts: Min: 1, Avg: 261.5, Max: 374, Diff: 373, Sum: 2092]
      [GC Worker Other (ms): Min: 0.0, Avg: 0.0, Max: 0.0, Diff: 0.0, Sum: 0.1]
      [GC Worker Total (ms): Min: 183.1, Avg: 183.1, Max: 183.2, Diff: 0.2, Sum: 1465.1]
      [GC Worker End (ms): Min: 8126.9, Avg: 8126.9, Max: 8127.0, Diff: 0.0]
   [Code Root Fixup: 0.0 ms]
   [Code Root Purge: 0.0 ms]
   [Clear CT: 0.5 ms]
   [Other: 1.1 ms]
      [Choose CSet: 0.0 ms]
      [Ref Proc: 0.3 ms]
      [Ref Enq: 0.0 ms]
      [Redirty Cards: 0.3 ms]
      [Humongous Register: 0.0 ms]
      [Humongous Reclaim: 0.0 ms]
      [Free CSet: 0.2 ms]
   [Eden: 183.0M(183.0M)->0.0B(174.0M) Survivors: 28.0M->27.0M Heap: 1017.1M(2048.0M)->1019.6M(2048.0M)]
 [Times: user=1.22 sys=0.06, real=0.19 secs] 
2020-09-29T12:27:16.823+0200: 8.149: [GC pause (G1 Humongous Allocation) (young) (initial-mark), 0.0441667 secs]
   [Parallel Time: 43.1 ms, GC Workers: 8]
      [GC Worker Start (ms): Min: 8149.6, Avg: 8149.6, Max: 8149.7, Diff: 0.1]
      [Ext Root Scanning (ms): Min: 0.1, Avg: 0.1, Max: 0.2, Diff: 0.1, Sum: 0.9]
      [Update RS (ms): Min: 24.5, Avg: 24.7, Max: 25.2, Diff: 0.8, Sum: 197.9]
         [Processed Buffers: Min: 19, Avg: 22.4, Max: 24, Diff: 5, Sum: 179]
      [Scan RS (ms): Min: 1.7, Avg: 2.1, Max: 2.4, Diff: 0.7, Sum: 17.2]
      [Code Root Scanning (ms): Min: 0.0, Avg: 0.0, Max: 0.0, Diff: 0.0, Sum: 0.0]
      [Object Copy (ms): Min: 15.8, Avg: 15.9, Max: 15.9, Diff: 0.1, Sum: 127.1]
      [Termination (ms): Min: 0.0, Avg: 0.0, Max: 0.0, Diff: 0.0, Sum: 0.2]
         [Termination Attempts: Min: 1, Avg: 92.0, Max: 123, Diff: 122, Sum: 736]
      [GC Worker Other (ms): Min: 0.0, Avg: 0.0, Max: 0.0, Diff: 0.0, Sum: 0.2]
      [GC Worker Total (ms): Min: 42.9, Avg: 42.9, Max: 43.0, Diff: 0.1, Sum: 343.4]
      [GC Worker End (ms): Min: 8192.5, Avg: 8192.5, Max: 8192.6, Diff: 0.0]
   [Code Root Fixup: 0.0 ms]
   [Code Root Purge: 0.0 ms]
   [Clear CT: 0.3 ms]
   [Other: 0.8 ms]
      [Choose CSet: 0.0 ms]
      [Ref Proc: 0.1 ms]
      [Ref Enq: 0.0 ms]
      [Redirty Cards: 0.2 ms]
      [Humongous Register: 0.1 ms]
      [Humongous Reclaim: 0.0 ms]
      [Free CSet: 0.1 ms]
   [Eden: 1024.0K(174.0M)->0.0B(247.0M) Survivors: 27.0M->2048.0K Heap: 1020.1M(2048.0M)->1024.1M(2048.0M)]
 [Times: user=0.38 sys=0.00, real=0.04 secs] 
2020-09-29T12:27:16.867+0200: 8.194: [GC concurrent-root-region-scan-start]
2020-09-29T12:27:16.867+0200: 8.194: [GC concurrent-root-region-scan-end, 0.0004401 secs]
2020-09-29T12:27:16.867+0200: 8.194: [GC concurrent-mark-start]
2020-09-29T12:27:16.870+0200: 8.197: [GC concurrent-mark-end, 0.0029182 secs]
2020-09-29T12:27:16.871+0200: 8.197: [GC remark 2020-09-29T12:27:16.871+0200: 8.197: [Finalize Marking, 0.0002595 secs] 2020-09-29T12:27:16.871+0200: 8.198: [GC ref-proc, 0.0003637 secs] 2020-09-29T12:27:16.871+0200: 8.198: [Unloading, 0.0005895 secs], 0.0016301 secs]
 [Times: user=0.00 sys=0.00, real=0.00 secs] 
2020-09-29T12:27:16.873+0200: 8.199: [GC cleanup 1031M->19M(2048M), 0.0013252 secs]
 [Times: user=0.00 sys=0.00, real=0.00 secs] 
2020-09-29T12:27:16.874+0200: 8.201: [GC concurrent-cleanup-start]
2020-09-29T12:27:16.875+0200: 8.202: [GC concurrent-cleanup-end, 0.0013622 secs]
2020-09-29T12:27:17.035+0200: 8.362: [GC pause (G1 Evacuation Pause) (young), 0.1828267 secs]
   [Parallel Time: 181.4 ms, GC Workers: 8]
      [GC Worker Start (ms): Min: 8362.1, Avg: 8362.2, Max: 8362.3, Diff: 0.2]
      [Ext Root Scanning (ms): Min: 0.0, Avg: 0.1, Max: 0.2, Diff: 0.2, Sum: 0.7]
      [Update RS (ms): Min: 15.7, Avg: 16.1, Max: 16.6, Diff: 0.9, Sum: 128.4]
         [Processed Buffers: Min: 12, Avg: 13.1, Max: 16, Diff: 4, Sum: 105]
      [Scan RS (ms): Min: 21.9, Avg: 22.4, Max: 22.7, Diff: 0.9, Sum: 179.3]
      [Code Root Scanning (ms): Min: 0.0, Avg: 0.0, Max: 0.0, Diff: 0.0, Sum: 0.0]
      [Object Copy (ms): Min: 142.3, Avg: 142.6, Max: 142.6, Diff: 0.3, Sum: 1140.4]
      [Termination (ms): Min: 0.0, Avg: 0.0, Max: 0.0, Diff: 0.0, Sum: 0.2]
         [Termination Attempts: Min: 1, Avg: 120.8, Max: 162, Diff: 161, Sum: 966]
      [GC Worker Other (ms): Min: 0.0, Avg: 0.0, Max: 0.1, Diff: 0.1, Sum: 0.3]
      [GC Worker Total (ms): Min: 181.1, Avg: 181.2, Max: 181.3, Diff: 0.1, Sum: 1449.4]
      [GC Worker End (ms): Min: 8543.3, Avg: 8543.3, Max: 8543.4, Diff: 0.1]
   [Code Root Fixup: 0.0 ms]
   [Code Root Purge: 0.0 ms]
   [Clear CT: 0.2 ms]
   [Other: 1.2 ms]
      [Choose CSet: 0.0 ms]
      [Ref Proc: 0.3 ms]
      [Ref Enq: 0.0 ms]
      [Redirty Cards: 0.4 ms]
      [Humongous Register: 0.0 ms]
      [Humongous Reclaim: 0.0 ms]
      [Free CSet: 0.2 ms]
   [Eden: 247.0M(247.0M)->0.0B(204.0M) Survivors: 2048.0K->32.0M Heap: 301.0M(2048.0M)->300.0M(2048.0M)]
 [Times: user=1.41 sys=0.06, real=0.18 secs] 
2020-09-29T12:27:17.355+0200: 8.682: [GC pause (G1 Evacuation Pause) (young), 0.1910866 secs]
   [Parallel Time: 189.7 ms, GC Workers: 8]
      [GC Worker Start (ms): Min: 8681.7, Avg: 8681.8, Max: 8681.9, Diff: 0.2]
      [Ext Root Scanning (ms): Min: 0.0, Avg: 0.1, Max: 0.2, Diff: 0.2, Sum: 0.7]
      [Update RS (ms): Min: 18.6, Avg: 18.8, Max: 19.5, Diff: 0.9, Sum: 150.7]
         [Processed Buffers: Min: 13, Avg: 14.9, Max: 16, Diff: 3, Sum: 119]
      [Scan RS (ms): Min: 20.3, Avg: 21.0, Max: 22.1, Diff: 1.7, Sum: 167.7]
      [Code Root Scanning (ms): Min: 0.0, Avg: 0.0, Max: 0.0, Diff: 0.0, Sum: 0.0]
      [Object Copy (ms): Min: 147.4, Avg: 149.2, Max: 149.8, Diff: 2.4, Sum: 1194.0]
      [Termination (ms): Min: 0.0, Avg: 0.2, Max: 0.3, Diff: 0.3, Sum: 1.8]
         [Termination Attempts: Min: 1, Avg: 1134.4, Max: 1395, Diff: 1394, Sum: 9075]
      [GC Worker Other (ms): Min: 0.0, Avg: 0.1, Max: 0.1, Diff: 0.1, Sum: 0.6]
      [GC Worker Total (ms): Min: 189.3, Avg: 189.4, Max: 189.6, Diff: 0.2, Sum: 1515.4]
      [GC Worker End (ms): Min: 8871.1, Avg: 8871.2, Max: 8871.3, Diff: 0.1]
   [Code Root Fixup: 0.0 ms]
   [Code Root Purge: 0.0 ms]
   [Clear CT: 0.2 ms]
   [Other: 1.2 ms]
      [Choose CSet: 0.0 ms]
      [Ref Proc: 0.3 ms]
      [Ref Enq: 0.0 ms]
      [Redirty Cards: 0.4 ms]
      [Humongous Register: 0.0 ms]
      [Humongous Reclaim: 0.0 ms]
      [Free CSet: 0.2 ms]
   [Eden: 204.0M(204.0M)->0.0B(189.0M) Survivors: 32.0M->30.0M Heap: 538.3M(2048.0M)->539.8M(2048.0M)]
 [Times: user=1.39 sys=0.06, real=0.19 secs] 
2020-09-29T12:27:17.676+0200: 9.003: [GC pause (G1 Evacuation Pause) (young), 0.1969785 secs]
   [Parallel Time: 195.7 ms, GC Workers: 8]
      [GC Worker Start (ms): Min: 9003.2, Avg: 9003.3, Max: 9003.4, Diff: 0.1]
      [Ext Root Scanning (ms): Min: 0.0, Avg: 0.1, Max: 0.2, Diff: 0.1, Sum: 0.8]
      [Update RS (ms): Min: 16.9, Avg: 19.4, Max: 31.9, Diff: 14.9, Sum: 155.1]
         [Processed Buffers: Min: 5, Avg: 12.3, Max: 15, Diff: 10, Sum: 98]
      [Scan RS (ms): Min: 7.9, Avg: 20.9, Max: 25.1, Diff: 17.2, Sum: 166.9]
      [Code Root Scanning (ms): Min: 0.0, Avg: 0.0, Max: 0.0, Diff: 0.0, Sum: 0.0]
      [Object Copy (ms): Min: 152.6, Avg: 155.0, Max: 155.6, Diff: 3.0, Sum: 1240.4]
      [Termination (ms): Min: 0.0, Avg: 0.1, Max: 0.2, Diff: 0.2, Sum: 1.0]
         [Termination Attempts: Min: 1, Avg: 633.6, Max: 831, Diff: 830, Sum: 5069]
      [GC Worker Other (ms): Min: 0.0, Avg: 0.0, Max: 0.1, Diff: 0.1, Sum: 0.4]
      [GC Worker Total (ms): Min: 195.5, Avg: 195.6, Max: 195.6, Diff: 0.1, Sum: 1564.6]
      [GC Worker End (ms): Min: 9198.9, Avg: 9198.9, Max: 9198.9, Diff: 0.1]
   [Code Root Fixup: 0.0 ms]
   [Code Root Purge: 0.0 ms]
   [Clear CT: 0.2 ms]
   [Other: 1.0 ms]
      [Choose CSet: 0.0 ms]
      [Ref Proc: 0.3 ms]
      [Ref Enq: 0.0 ms]
      [Redirty Cards: 0.3 ms]
      [Humongous Register: 0.1 ms]
      [Humongous Reclaim: 0.0 ms]
      [Free CSet: 0.2 ms]
   [Eden: 189.0M(189.0M)->0.0B(172.0M) Survivors: 30.0M->28.0M Heap: 759.3M(2048.0M)->760.8M(2048.0M)]
 [Times: user=1.34 sys=0.06, real=0.20 secs] 
2020-09-29T12:27:17.992+0200: 9.319: [GC pause (G1 Evacuation Pause) (young), 0.1577525 secs]
   [Parallel Time: 156.5 ms, GC Workers: 8]
      [GC Worker Start (ms): Min: 9319.0, Avg: 9319.1, Max: 9319.2, Diff: 0.2]
      [Ext Root Scanning (ms): Min: 0.0, Avg: 0.1, Max: 0.2, Diff: 0.2, Sum: 0.7]
      [Update RS (ms): Min: 17.9, Avg: 18.3, Max: 19.1, Diff: 1.2, Sum: 146.4]
         [Processed Buffers: Min: 13, Avg: 13.9, Max: 16, Diff: 3, Sum: 111]
      [Scan RS (ms): Min: 14.8, Avg: 15.4, Max: 16.2, Diff: 1.5, Sum: 123.1]
      [Code Root Scanning (ms): Min: 0.0, Avg: 0.0, Max: 0.0, Diff: 0.0, Sum: 0.0]
      [Object Copy (ms): Min: 121.8, Avg: 122.2, Max: 122.4, Diff: 0.6, Sum: 977.9]
      [Termination (ms): Min: 0.0, Avg: 0.1, Max: 0.2, Diff: 0.2, Sum: 1.1]
         [Termination Attempts: Min: 1, Avg: 729.4, Max: 957, Diff: 956, Sum: 5835]
      [GC Worker Other (ms): Min: 0.0, Avg: 0.1, Max: 0.1, Diff: 0.1, Sum: 0.4]
      [GC Worker Total (ms): Min: 156.1, Avg: 156.2, Max: 156.3, Diff: 0.2, Sum: 1249.6]
      [GC Worker End (ms): Min: 9475.2, Avg: 9475.3, Max: 9475.3, Diff: 0.1]
   [Code Root Fixup: 0.0 ms]
   [Code Root Purge: 0.0 ms]
   [Clear CT: 0.3 ms]
   [Other: 1.0 ms]
      [Choose CSet: 0.0 ms]
      [Ref Proc: 0.2 ms]
      [Ref Enq: 0.0 ms]
      [Redirty Cards: 0.3 ms]
      [Humongous Register: 0.0 ms]
      [Humongous Reclaim: 0.0 ms]
      [Free CSet: 0.2 ms]
   [Eden: 172.0M(172.0M)->0.0B(184.0M) Survivors: 28.0M->25.0M Heap: 961.4M(2048.0M)->962.9M(2048.0M)]
 [Times: user=1.14 sys=0.06, real=0.16 secs] 
2020-09-29T12:27:18.151+0200: 9.477: [GC pause (G1 Humongous Allocation) (young) (initial-mark), 0.0559610 secs]
   [Parallel Time: 54.9 ms, GC Workers: 8]
      [GC Worker Start (ms): Min: 9477.5, Avg: 9477.5, Max: 9477.6, Diff: 0.1]
      [Ext Root Scanning (ms): Min: 0.1, Avg: 0.1, Max: 0.2, Diff: 0.1, Sum: 0.8]
      [Update RS (ms): Min: 37.4, Avg: 37.6, Max: 38.2, Diff: 0.9, Sum: 301.1]
         [Processed Buffers: Min: 32, Avg: 34.3, Max: 37, Diff: 5, Sum: 274]
      [Scan RS (ms): Min: 0.0, Avg: 0.0, Max: 0.0, Diff: 0.0, Sum: 0.0]
      [Code Root Scanning (ms): Min: 0.0, Avg: 0.0, Max: 0.0, Diff: 0.0, Sum: 0.0]
      [Object Copy (ms): Min: 16.4, Avg: 16.9, Max: 17.2, Diff: 0.8, Sum: 135.4]
      [Termination (ms): Min: 0.0, Avg: 0.0, Max: 0.0, Diff: 0.0, Sum: 0.2]
         [Termination Attempts: Min: 1, Avg: 136.0, Max: 175, Diff: 174, Sum: 1088]
      [GC Worker Other (ms): Min: 0.0, Avg: 0.0, Max: 0.0, Diff: 0.0, Sum: 0.1]
      [GC Worker Total (ms): Min: 54.7, Avg: 54.7, Max: 54.8, Diff: 0.1, Sum: 437.7]
      [GC Worker End (ms): Min: 9532.2, Avg: 9532.2, Max: 9532.2, Diff: 0.0]
   [Code Root Fixup: 0.0 ms]
   [Code Root Purge: 0.0 ms]
   [Clear CT: 0.2 ms]
   [Other: 0.8 ms]
      [Choose CSet: 0.0 ms]
      [Ref Proc: 0.3 ms]
      [Ref Enq: 0.0 ms]
      [Redirty Cards: 0.2 ms]
      [Humongous Register: 0.0 ms]
      [Humongous Reclaim: 0.0 ms]
      [Free CSet: 0.0 ms]
   [Eden: 1024.0K(184.0M)->0.0B(222.0M) Survivors: 25.0M->2048.0K Heap: 963.9M(2048.0M)->966.9M(2048.0M)]
 [Times: user=0.38 sys=0.00, real=0.06 secs] 
2020-09-29T12:27:18.207+0200: 9.533: [GC concurrent-root-region-scan-start]
2020-09-29T12:27:18.207+0200: 9.534: [GC concurrent-root-region-scan-end, 0.0003992 secs]
2020-09-29T12:27:18.207+0200: 9.534: [GC concurrent-mark-start]
2020-09-29T12:27:18.210+0200: 9.537: [GC concurrent-mark-end, 0.0029192 secs]
2020-09-29T12:27:18.211+0200: 9.537: [GC remark 2020-09-29T12:27:18.211+0200: 9.537: [Finalize Marking, 0.0001775 secs] 2020-09-29T12:27:18.211+0200: 9.537: [GC ref-proc, 0.0003709 secs] 2020-09-29T12:27:18.211+0200: 9.537: [Unloading, 0.0005801 secs], 0.0014540 secs]
 [Times: user=0.00 sys=0.00, real=0.00 secs] 
2020-09-29T12:27:18.212+0200: 9.539: [GC cleanup 973M->18M(2048M), 0.0013757 secs]
 [Times: user=0.00 sys=0.00, real=0.00 secs] 
2020-09-29T12:27:18.214+0200: 9.540: [GC concurrent-cleanup-start]
2020-09-29T12:27:18.216+0200: 9.542: [GC concurrent-cleanup-end, 0.0016458 secs]
2020-09-29T12:27:18.359+0200: 9.686: [GC pause (G1 Evacuation Pause) (young), 0.1745988 secs]
   [Parallel Time: 173.0 ms, GC Workers: 8]
      [GC Worker Start (ms): Min: 9685.7, Avg: 9685.8, Max: 9685.9, Diff: 0.2]
      [Ext Root Scanning (ms): Min: 0.0, Avg: 0.1, Max: 0.2, Diff: 0.2, Sum: 0.7]
      [Update RS (ms): Min: 19.5, Avg: 19.8, Max: 20.5, Diff: 1.0, Sum: 158.0]
         [Processed Buffers: Min: 14, Avg: 15.9, Max: 18, Diff: 4, Sum: 127]
      [Scan RS (ms): Min: 17.6, Avg: 18.4, Max: 18.9, Diff: 1.3, Sum: 147.6]
      [Code Root Scanning (ms): Min: 0.0, Avg: 0.0, Max: 0.0, Diff: 0.0, Sum: 0.0]
      [Object Copy (ms): Min: 134.0, Avg: 134.3, Max: 134.5, Diff: 0.4, Sum: 1074.0]
      [Termination (ms): Min: 0.0, Avg: 0.1, Max: 0.1, Diff: 0.1, Sum: 0.9]
         [Termination Attempts: Min: 1, Avg: 555.8, Max: 676, Diff: 675, Sum: 4446]
      [GC Worker Other (ms): Min: 0.0, Avg: 0.0, Max: 0.1, Diff: 0.0, Sum: 0.3]
      [GC Worker Total (ms): Min: 172.6, Avg: 172.7, Max: 172.8, Diff: 0.2, Sum: 1381.5]
      [GC Worker End (ms): Min: 9858.5, Avg: 9858.5, Max: 9858.5, Diff: 0.0]
   [Code Root Fixup: 0.0 ms]
   [Code Root Purge: 0.0 ms]
   [Clear CT: 0.2 ms]
   [Other: 1.4 ms]
      [Choose CSet: 0.0 ms]
      [Ref Proc: 0.2 ms]
      [Ref Enq: 0.0 ms]
      [Redirty Cards: 0.7 ms]
      [Humongous Register: 0.0 ms]
      [Humongous Reclaim: 0.0 ms]
      [Free CSet: 0.2 ms]
   [Eden: 222.0M(222.0M)->0.0B(193.0M) Survivors: 2048.0K->28.0M Heap: 272.1M(2048.0M)->272.6M(2048.0M)]
 [Times: user=1.30 sys=0.08, real=0.17 secs] 
2020-09-29T12:27:18.666+0200: 9.992: [GC pause (G1 Evacuation Pause) (young), 0.2002767 secs]
   [Parallel Time: 199.0 ms, GC Workers: 8]
      [GC Worker Start (ms): Min: 9992.3, Avg: 9992.4, Max: 9992.4, Diff: 0.1]
      [Ext Root Scanning (ms): Min: 0.0, Avg: 0.1, Max: 0.2, Diff: 0.1, Sum: 0.8]
      [Update RS (ms): Min: 23.9, Avg: 24.0, Max: 24.3, Diff: 0.4, Sum: 192.3]
         [Processed Buffers: Min: 16, Avg: 18.6, Max: 21, Diff: 5, Sum: 149]
      [Scan RS (ms): Min: 16.9, Avg: 20.0, Max: 39.6, Diff: 22.7, Sum: 160.3]
      [Code Root Scanning (ms): Min: 0.0, Avg: 0.0, Max: 0.0, Diff: 0.0, Sum: 0.0]
      [Object Copy (ms): Min: 134.8, Avg: 153.9, Max: 156.7, Diff: 22.0, Sum: 1231.1]
      [Termination (ms): Min: 0.0, Avg: 0.4, Max: 0.5, Diff: 0.5, Sum: 2.8]
         [Termination Attempts: Min: 1, Avg: 1727.0, Max: 2170, Diff: 2169, Sum: 13816]
      [GC Worker Other (ms): Min: 0.0, Avg: 0.2, Max: 0.4, Diff: 0.3, Sum: 1.7]
      [GC Worker Total (ms): Min: 198.4, Avg: 198.6, Max: 198.8, Diff: 0.4, Sum: 1588.9]
      [GC Worker End (ms): Min: 10190.8, Avg: 10191.0, Max: 10191.1, Diff: 0.3]
   [Code Root Fixup: 0.0 ms]
   [Code Root Purge: 0.0 ms]
   [Clear CT: 0.2 ms]
   [Other: 1.1 ms]
      [Choose CSet: 0.0 ms]
      [Ref Proc: 0.3 ms]
      [Ref Enq: 0.0 ms]
      [Redirty Cards: 0.3 ms]
      [Humongous Register: 0.0 ms]
      [Humongous Reclaim: 0.0 ms]
      [Free CSet: 0.2 ms]
   [Eden: 193.0M(193.0M)->0.0B(173.0M) Survivors: 28.0M->28.0M Heap: 498.1M(2048.0M)->500.6M(2048.0M)]
 [Times: user=1.55 sys=0.03, real=0.20 secs] 
2020-09-29T12:27:18.994+0200: 10.321: [GC pause (G1 Evacuation Pause) (young), 0.1554806 secs]
   [Parallel Time: 154.2 ms, GC Workers: 8]
      [GC Worker Start (ms): Min: 10320.7, Avg: 10320.8, Max: 10320.8, Diff: 0.2]
      [Ext Root Scanning (ms): Min: 0.0, Avg: 0.1, Max: 0.2, Diff: 0.2, Sum: 0.7]
      [Update RS (ms): Min: 19.0, Avg: 19.2, Max: 19.8, Diff: 0.8, Sum: 154.0]
         [Processed Buffers: Min: 13, Avg: 15.3, Max: 18, Diff: 5, Sum: 122]
      [Scan RS (ms): Min: 14.9, Avg: 15.4, Max: 15.6, Diff: 0.7, Sum: 123.1]
      [Code Root Scanning (ms): Min: 0.0, Avg: 0.0, Max: 0.0, Diff: 0.0, Sum: 0.0]
      [Object Copy (ms): Min: 118.9, Avg: 119.1, Max: 119.3, Diff: 0.3, Sum: 952.9]
      [Termination (ms): Min: 0.0, Avg: 0.1, Max: 0.1, Diff: 0.1, Sum: 0.7]
         [Termination Attempts: Min: 1, Avg: 463.9, Max: 606, Diff: 605, Sum: 3711]
      [GC Worker Other (ms): Min: 0.0, Avg: 0.0, Max: 0.1, Diff: 0.1, Sum: 0.4]
      [GC Worker Total (ms): Min: 153.9, Avg: 154.0, Max: 154.1, Diff: 0.2, Sum: 1231.8]
      [GC Worker End (ms): Min: 10474.7, Avg: 10474.7, Max: 10474.8, Diff: 0.1]
   [Code Root Fixup: 0.0 ms]
   [Code Root Purge: 0.0 ms]
   [Clear CT: 0.4 ms]
   [Other: 0.9 ms]
      [Choose CSet: 0.0 ms]
      [Ref Proc: 0.2 ms]
      [Ref Enq: 0.0 ms]
      [Redirty Cards: 0.3 ms]
      [Humongous Register: 0.0 ms]
      [Humongous Reclaim: 0.0 ms]
      [Free CSet: 0.1 ms]
   [Eden: 173.0M(173.0M)->0.0B(183.0M) Survivors: 28.0M->26.0M Heap: 702.2M(2048.0M)->703.7M(2048.0M)]
 [Times: user=1.14 sys=0.08, real=0.16 secs] 
2020-09-29T12:27:19.273+0200: 10.599: [GC pause (G1 Evacuation Pause) (young), 0.1688815 secs]
   [Parallel Time: 167.5 ms, GC Workers: 8]
      [GC Worker Start (ms): Min: 10599.2, Avg: 10599.4, Max: 10600.4, Diff: 1.2]
      [Ext Root Scanning (ms): Min: 0.0, Avg: 0.1, Max: 0.2, Diff: 0.2, Sum: 0.7]
      [Update RS (ms): Min: 19.6, Avg: 19.7, Max: 20.2, Diff: 0.6, Sum: 158.0]
         [Processed Buffers: Min: 13, Avg: 15.6, Max: 19, Diff: 6, Sum: 125]
      [Scan RS (ms): Min: 16.2, Avg: 17.1, Max: 17.5, Diff: 1.4, Sum: 136.6]
      [Code Root Scanning (ms): Min: 0.0, Avg: 0.0, Max: 0.0, Diff: 0.0, Sum: 0.0]
      [Object Copy (ms): Min: 129.9, Avg: 130.1, Max: 130.3, Diff: 0.4, Sum: 1040.9]
      [Termination (ms): Min: 0.0, Avg: 0.1, Max: 0.1, Diff: 0.1, Sum: 0.7]
         [Termination Attempts: Min: 1, Avg: 443.4, Max: 601, Diff: 600, Sum: 3547]
      [GC Worker Other (ms): Min: 0.0, Avg: 0.0, Max: 0.1, Diff: 0.1, Sum: 0.3]
      [GC Worker Total (ms): Min: 166.2, Avg: 167.2, Max: 167.4, Diff: 1.2, Sum: 1337.3]
      [GC Worker End (ms): Min: 10766.6, Avg: 10766.6, Max: 10766.6, Diff: 0.1]
   [Code Root Fixup: 0.0 ms]
   [Code Root Purge: 0.0 ms]
   [Clear CT: 0.3 ms]
   [Other: 1.0 ms]
      [Choose CSet: 0.0 ms]
      [Ref Proc: 0.3 ms]
      [Ref Enq: 0.0 ms]
      [Redirty Cards: 0.3 ms]
      [Humongous Register: 0.0 ms]
      [Humongous Reclaim: 0.0 ms]
      [Free CSet: 0.2 ms]
   [Eden: 183.0M(183.0M)->0.0B(187.0M) Survivors: 26.0M->27.0M Heap: 917.2M(2048.0M)->918.7M(2048.0M)]
 [Times: user=1.24 sys=0.02, real=0.17 secs] 
2020-09-29T12:27:19.535+0200: 10.861: [GC pause (G1 Humongous Allocation) (young) (initial-mark), 0.1265988 secs]
   [Parallel Time: 125.2 ms, GC Workers: 8]
      [GC Worker Start (ms): Min: 10861.1, Avg: 10861.1, Max: 10861.2, Diff: 0.1]
      [Ext Root Scanning (ms): Min: 0.0, Avg: 0.1, Max: 0.2, Diff: 0.1, Sum: 0.8]
      [Update RS (ms): Min: 20.5, Avg: 21.1, Max: 23.0, Diff: 2.6, Sum: 168.9]
         [Processed Buffers: Min: 14, Avg: 15.3, Max: 17, Diff: 3, Sum: 122]
      [Scan RS (ms): Min: 7.2, Avg: 9.1, Max: 9.7, Diff: 2.6, Sum: 72.8]
      [Code Root Scanning (ms): Min: 0.0, Avg: 0.0, Max: 0.0, Diff: 0.0, Sum: 0.0]
      [Object Copy (ms): Min: 94.4, Avg: 94.6, Max: 94.6, Diff: 0.2, Sum: 756.5]
      [Termination (ms): Min: 0.0, Avg: 0.0, Max: 0.0, Diff: 0.0, Sum: 0.3]
         [Termination Attempts: Min: 1, Avg: 184.5, Max: 247, Diff: 246, Sum: 1476]
      [GC Worker Other (ms): Min: 0.0, Avg: 0.1, Max: 0.1, Diff: 0.1, Sum: 0.4]
      [GC Worker Total (ms): Min: 124.9, Avg: 125.0, Max: 125.1, Diff: 0.1, Sum: 999.8]
      [GC Worker End (ms): Min: 10986.1, Avg: 10986.1, Max: 10986.1, Diff: 0.1]
   [Code Root Fixup: 0.0 ms]
   [Code Root Purge: 0.0 ms]
   [Clear CT: 0.2 ms]
   [Other: 1.2 ms]
      [Choose CSet: 0.0 ms]
      [Ref Proc: 0.2 ms]
      [Ref Enq: 0.0 ms]
      [Redirty Cards: 0.3 ms]
      [Humongous Register: 0.0 ms]
      [Humongous Reclaim: 0.0 ms]
      [Free CSet: 0.2 ms]
   [Eden: 134.0M(187.0M)->0.0B(200.0M) Survivors: 27.0M->27.0M Heap: 1073.2M(2048.0M)->1074.7M(2048.0M)]
 [Times: user=0.98 sys=0.02, real=0.13 secs] 
2020-09-29T12:27:19.663+0200: 10.989: [GC concurrent-root-region-scan-start]
2020-09-29T12:27:19.675+0200: 11.001: [GC concurrent-root-region-scan-end, 0.0122685 secs]
2020-09-29T12:27:19.675+0200: 11.001: [GC concurrent-mark-start]
2020-09-29T12:27:19.679+0200: 11.006: [GC concurrent-mark-end, 0.0042140 secs]
2020-09-29T12:27:19.680+0200: 11.006: [GC remark 2020-09-29T12:27:19.680+0200: 11.006: [Finalize Marking, 0.0002959 secs] 2020-09-29T12:27:19.680+0200: 11.006: [GC ref-proc, 0.0004507 secs] 2020-09-29T12:27:19.680+0200: 11.007: [Unloading, 0.0005113 secs], 0.0016807 secs]
 [Times: user=0.00 sys=0.00, real=0.00 secs] 
2020-09-29T12:27:19.682+0200: 11.008: [GC cleanup 1099M->61M(2048M), 0.0014526 secs]
 [Times: user=0.00 sys=0.00, real=0.00 secs] 
2020-09-29T12:27:19.683+0200: 11.010: [GC concurrent-cleanup-start]
2020-09-29T12:27:19.685+0200: 11.012: [GC concurrent-cleanup-end, 0.0017772 secs]
2020-09-29T12:27:19.806+0200: 11.132: [GC pause (G1 Evacuation Pause) (young), 0.1544594 secs]
   [Parallel Time: 153.2 ms, GC Workers: 8]
      [GC Worker Start (ms): Min: 11132.0, Avg: 11132.1, Max: 11132.2, Diff: 0.1]
      [Ext Root Scanning (ms): Min: 0.0, Avg: 0.1, Max: 0.2, Diff: 0.1, Sum: 0.8]
      [Update RS (ms): Min: 20.3, Avg: 20.6, Max: 20.9, Diff: 0.6, Sum: 164.7]
         [Processed Buffers: Min: 13, Avg: 15.6, Max: 17, Diff: 4, Sum: 125]
      [Scan RS (ms): Min: 14.8, Avg: 15.2, Max: 15.5, Diff: 0.7, Sum: 121.6]
      [Code Root Scanning (ms): Min: 0.0, Avg: 0.0, Max: 0.0, Diff: 0.0, Sum: 0.0]
      [Object Copy (ms): Min: 117.0, Avg: 117.1, Max: 117.2, Diff: 0.1, Sum: 937.0]
      [Termination (ms): Min: 0.0, Avg: 0.0, Max: 0.0, Diff: 0.0, Sum: 0.0]
         [Termination Attempts: Min: 1, Avg: 6.8, Max: 11, Diff: 10, Sum: 54]
      [GC Worker Other (ms): Min: 0.0, Avg: 0.0, Max: 0.1, Diff: 0.1, Sum: 0.3]
      [GC Worker Total (ms): Min: 153.0, Avg: 153.1, Max: 153.1, Diff: 0.1, Sum: 1224.5]
      [GC Worker End (ms): Min: 11285.1, Avg: 11285.2, Max: 11285.2, Diff: 0.1]
   [Code Root Fixup: 0.0 ms]
   [Code Root Purge: 0.0 ms]
   [Clear CT: 0.2 ms]
   [Other: 1.0 ms]
      [Choose CSet: 0.0 ms]
      [Ref Proc: 0.3 ms]
      [Ref Enq: 0.0 ms]
      [Redirty Cards: 0.3 ms]
      [Humongous Register: 0.0 ms]
      [Humongous Reclaim: 0.0 ms]
      [Free CSet: 0.1 ms]
   [Eden: 200.0M(200.0M)->0.0B(212.0M) Survivors: 27.0M->29.0M Heap: 271.3M(2048.0M)->246.8M(2048.0M)]
 [Times: user=1.17 sys=0.08, real=0.15 secs] 
2020-09-29T12:27:20.109+0200: 11.435: [GC pause (G1 Evacuation Pause) (young), 0.2099030 secs]
   [Parallel Time: 207.9 ms, GC Workers: 8]
      [GC Worker Start (ms): Min: 11435.1, Avg: 11435.2, Max: 11435.3, Diff: 0.2]
      [Ext Root Scanning (ms): Min: 0.0, Avg: 0.1, Max: 0.2, Diff: 0.2, Sum: 0.8]
      [Update RS (ms): Min: 24.3, Avg: 25.0, Max: 25.8, Diff: 1.4, Sum: 200.1]
         [Processed Buffers: Min: 15, Avg: 16.0, Max: 18, Diff: 3, Sum: 128]
      [Scan RS (ms): Min: 19.2, Avg: 19.9, Max: 20.5, Diff: 1.4, Sum: 159.5]
      [Code Root Scanning (ms): Min: 0.0, Avg: 0.0, Max: 0.0, Diff: 0.0, Sum: 0.0]
      [Object Copy (ms): Min: 162.1, Avg: 162.3, Max: 162.4, Diff: 0.4, Sum: 1298.1]
      [Termination (ms): Min: 0.0, Avg: 0.2, Max: 0.3, Diff: 0.3, Sum: 1.9]
         [Termination Attempts: Min: 1, Avg: 1014.4, Max: 1301, Diff: 1300, Sum: 8115]
      [GC Worker Other (ms): Min: 0.0, Avg: 0.1, Max: 0.1, Diff: 0.1, Sum: 0.4]
      [GC Worker Total (ms): Min: 207.5, Avg: 207.6, Max: 207.7, Diff: 0.2, Sum: 1660.9]
      [GC Worker End (ms): Min: 11642.8, Avg: 11642.8, Max: 11642.9, Diff: 0.1]
   [Code Root Fixup: 0.0 ms]
   [Code Root Purge: 0.0 ms]
   [Clear CT: 0.6 ms]
   [Other: 1.5 ms]
      [Choose CSet: 0.0 ms]
      [Ref Proc: 0.5 ms]
      [Ref Enq: 0.0 ms]
      [Redirty Cards: 0.5 ms]
      [Humongous Register: 0.0 ms]
      [Humongous Reclaim: 0.0 ms]
      [Free CSet: 0.2 ms]
   [Eden: 199.0M(199.0M)->0.0B(194.0M) Survivors: 29.0M->29.0M Heap: 478.3M(2048.0M)->480.3M(2048.0M)]
 [Times: user=1.51 sys=0.08, real=0.21 secs] 
2020-09-29T12:27:20.468+0200: 11.794: [GC pause (G1 Evacuation Pause) (young), 0.1997634 secs]
   [Parallel Time: 198.5 ms, GC Workers: 8]
      [GC Worker Start (ms): Min: 11794.5, Avg: 11794.6, Max: 11794.6, Diff: 0.2]
      [Ext Root Scanning (ms): Min: 0.0, Avg: 0.1, Max: 0.2, Diff: 0.2, Sum: 0.8]
      [Update RS (ms): Min: 16.9, Avg: 17.4, Max: 18.2, Diff: 1.3, Sum: 139.0]
         [Processed Buffers: Min: 9, Avg: 11.9, Max: 15, Diff: 6, Sum: 95]
      [Scan RS (ms): Min: 22.9, Avg: 23.7, Max: 24.3, Diff: 1.4, Sum: 189.7]
      [Code Root Scanning (ms): Min: 0.0, Avg: 0.0, Max: 0.0, Diff: 0.0, Sum: 0.0]
      [Object Copy (ms): Min: 156.7, Avg: 156.9, Max: 157.0, Diff: 0.3, Sum: 1255.2]
      [Termination (ms): Min: 0.0, Avg: 0.0, Max: 0.1, Diff: 0.1, Sum: 0.4]
         [Termination Attempts: Min: 1, Avg: 213.1, Max: 272, Diff: 271, Sum: 1705]
      [GC Worker Other (ms): Min: 0.0, Avg: 0.1, Max: 0.1, Diff: 0.1, Sum: 0.5]
      [GC Worker Total (ms): Min: 198.1, Avg: 198.2, Max: 198.3, Diff: 0.2, Sum: 1585.6]
      [GC Worker End (ms): Min: 11992.7, Avg: 11992.8, Max: 11992.8, Diff: 0.1]
   [Code Root Fixup: 0.0 ms]
   [Code Root Purge: 0.0 ms]
   [Clear CT: 0.3 ms]
   [Other: 1.0 ms]
      [Choose CSet: 0.0 ms]
      [Ref Proc: 0.2 ms]
      [Ref Enq: 0.0 ms]
      [Redirty Cards: 0.3 ms]
      [Humongous Register: 0.1 ms]
      [Humongous Reclaim: 0.0 ms]
      [Free CSet: 0.2 ms]
   [Eden: 194.0M(194.0M)->0.0B(182.0M) Survivors: 29.0M->28.0M Heap: 706.7M(2048.0M)->708.7M(2048.0M)]
 [Times: user=1.56 sys=0.06, real=0.20 secs] 
2020-09-29T12:27:20.823+0200: 12.149: [GC pause (G1 Evacuation Pause) (young), 0.1891217 secs]
   [Parallel Time: 187.7 ms, GC Workers: 8]
      [GC Worker Start (ms): Min: 12149.1, Avg: 12149.2, Max: 12149.3, Diff: 0.2]
      [Ext Root Scanning (ms): Min: 0.0, Avg: 0.1, Max: 0.2, Diff: 0.2, Sum: 0.8]
      [Update RS (ms): Min: 20.5, Avg: 20.8, Max: 21.2, Diff: 0.7, Sum: 166.1]
         [Processed Buffers: Min: 13, Avg: 13.9, Max: 15, Diff: 2, Sum: 111]
      [Scan RS (ms): Min: 18.9, Avg: 19.4, Max: 19.8, Diff: 0.9, Sum: 155.5]
      [Code Root Scanning (ms): Min: 0.0, Avg: 0.0, Max: 0.0, Diff: 0.0, Sum: 0.0]
      [Object Copy (ms): Min: 146.9, Avg: 147.0, Max: 147.1, Diff: 0.2, Sum: 1176.0]
      [Termination (ms): Min: 0.0, Avg: 0.1, Max: 0.1, Diff: 0.1, Sum: 0.4]
         [Termination Attempts: Min: 1, Avg: 226.6, Max: 308, Diff: 307, Sum: 1813]
      [GC Worker Other (ms): Min: 0.0, Avg: 0.1, Max: 0.1, Diff: 0.1, Sum: 0.6]
      [GC Worker Total (ms): Min: 187.3, Avg: 187.4, Max: 187.6, Diff: 0.3, Sum: 1499.5]
      [GC Worker End (ms): Min: 12336.6, Avg: 12336.6, Max: 12336.7, Diff: 0.1]
   [Code Root Fixup: 0.0 ms]
   [Code Root Purge: 0.0 ms]
   [Clear CT: 0.3 ms]
   [Other: 1.1 ms]
      [Choose CSet: 0.0 ms]
      [Ref Proc: 0.3 ms]
      [Ref Enq: 0.0 ms]
      [Redirty Cards: 0.3 ms]
      [Humongous Register: 0.1 ms]
      [Humongous Reclaim: 0.0 ms]
      [Free CSet: 0.2 ms]
   [Eden: 182.0M(182.0M)->0.0B(178.0M) Survivors: 28.0M->27.0M Heap: 921.2M(2048.0M)->923.7M(2048.0M)]
 [Times: user=1.44 sys=0.06, real=0.19 secs] 
2020-09-29T12:27:21.099+0200: 12.425: [GC pause (G1 Humongous Allocation) (young) (initial-mark), 0.1274500 secs]
   [Parallel Time: 125.9 ms, GC Workers: 8]
      [GC Worker Start (ms): Min: 12425.6, Avg: 12425.7, Max: 12425.7, Diff: 0.1]
      [Ext Root Scanning (ms): Min: 0.1, Avg: 0.1, Max: 0.2, Diff: 0.1, Sum: 1.0]
      [Update RS (ms): Min: 15.1, Avg: 16.0, Max: 16.5, Diff: 1.4, Sum: 127.6]
         [Processed Buffers: Min: 10, Avg: 10.9, Max: 11, Diff: 1, Sum: 87]
      [Scan RS (ms): Min: 9.7, Avg: 10.2, Max: 11.1, Diff: 1.3, Sum: 81.8]
      [Code Root Scanning (ms): Min: 0.0, Avg: 0.0, Max: 0.0, Diff: 0.0, Sum: 0.0]
      [Object Copy (ms): Min: 98.9, Avg: 99.2, Max: 99.3, Diff: 0.4, Sum: 793.2]
      [Termination (ms): Min: 0.0, Avg: 0.2, Max: 0.4, Diff: 0.4, Sum: 1.7]
         [Termination Attempts: Min: 1, Avg: 872.1, Max: 1152, Diff: 1151, Sum: 6977]
      [GC Worker Other (ms): Min: 0.0, Avg: 0.0, Max: 0.1, Diff: 0.0, Sum: 0.3]
      [GC Worker Total (ms): Min: 125.6, Avg: 125.7, Max: 125.8, Diff: 0.1, Sum: 1005.6]
      [GC Worker End (ms): Min: 12551.3, Avg: 12551.4, Max: 12551.4, Diff: 0.0]
   [Code Root Fixup: 0.0 ms]
   [Code Root Purge: 0.0 ms]
   [Clear CT: 0.3 ms]
   [Other: 1.2 ms]
      [Choose CSet: 0.0 ms]
      [Ref Proc: 0.3 ms]
      [Ref Enq: 0.0 ms]
      [Redirty Cards: 0.3 ms]
      [Humongous Register: 0.0 ms]
      [Humongous Reclaim: 0.0 ms]
      [Free CSet: 0.2 ms]
   [Eden: 107.0M(178.0M)->0.0B(180.0M) Survivors: 27.0M->26.0M Heap: 1047.4M(2048.0M)->1049.4M(2048.0M)]
 [Times: user=0.98 sys=0.00, real=0.13 secs] 
2020-09-29T12:27:21.227+0200: 12.553: [GC concurrent-root-region-scan-start]
2020-09-29T12:27:21.240+0200: 12.567: [GC concurrent-root-region-scan-end, 0.0134183 secs]
2020-09-29T12:27:21.240+0200: 12.567: [GC concurrent-mark-start]
2020-09-29T12:27:21.245+0200: 12.572: [GC concurrent-mark-end, 0.0049378 secs]
2020-09-29T12:27:21.245+0200: 12.572: [GC remark 2020-09-29T12:27:21.245+0200: 12.572: [Finalize Marking, 0.0003582 secs] 2020-09-29T12:27:21.246+0200: 12.572: [GC ref-proc, 0.0005821 secs] 2020-09-29T12:27:21.246+0200: 12.573: [Unloading, 0.0006378 secs], 0.0021673 secs]
 [Times: user=0.00 sys=0.00, real=0.00 secs] 
2020-09-29T12:27:21.248+0200: 12.575: [GC cleanup 1074M->60M(2048M), 0.0019299 secs]
 [Times: user=0.00 sys=0.00, real=0.00 secs] 
2020-09-29T12:27:21.250+0200: 12.577: [GC concurrent-cleanup-start]
2020-09-29T12:27:21.252+0200: 12.578: [GC concurrent-cleanup-end, 0.0016470 secs]
2020-09-29T12:27:21.373+0200: 12.699: [GC pause (G1 Evacuation Pause) (young), 0.1622599 secs]
   [Parallel Time: 160.5 ms, GC Workers: 8]
      [GC Worker Start (ms): Min: 12699.2, Avg: 12699.3, Max: 12699.4, Diff: 0.2]
      [Ext Root Scanning (ms): Min: 0.0, Avg: 0.1, Max: 0.2, Diff: 0.2, Sum: 0.7]
      [Update RS (ms): Min: 17.6, Avg: 17.9, Max: 18.3, Diff: 0.8, Sum: 142.8]
         [Processed Buffers: Min: 11, Avg: 12.3, Max: 15, Diff: 4, Sum: 98]
      [Scan RS (ms): Min: 16.6, Avg: 17.2, Max: 17.4, Diff: 0.8, Sum: 137.6]
      [Code Root Scanning (ms): Min: 0.0, Avg: 0.0, Max: 0.0, Diff: 0.0, Sum: 0.0]
      [Object Copy (ms): Min: 124.8, Avg: 125.0, Max: 125.0, Diff: 0.3, Sum: 999.7]
      [Termination (ms): Min: 0.0, Avg: 0.0, Max: 0.0, Diff: 0.0, Sum: 0.2]
         [Termination Attempts: Min: 1, Avg: 77.4, Max: 105, Diff: 104, Sum: 619]
      [GC Worker Other (ms): Min: 0.0, Avg: 0.0, Max: 0.0, Diff: 0.0, Sum: 0.2]
      [GC Worker Total (ms): Min: 160.1, Avg: 160.2, Max: 160.3, Diff: 0.2, Sum: 1281.3]
      [GC Worker End (ms): Min: 12859.5, Avg: 12859.5, Max: 12859.5, Diff: 0.0]
   [Code Root Fixup: 0.0 ms]
   [Code Root Purge: 0.0 ms]
   [Clear CT: 0.5 ms]
   [Other: 1.3 ms]
      [Choose CSet: 0.0 ms]
      [Ref Proc: 0.4 ms]
      [Ref Enq: 0.0 ms]
      [Redirty Cards: 0.3 ms]
      [Humongous Register: 0.0 ms]
      [Humongous Reclaim: 0.0 ms]
      [Free CSet: 0.2 ms]
   [Eden: 180.0M(180.0M)->0.0B(187.0M) Survivors: 26.0M->26.0M Heap: 246.5M(2048.0M)->222.0M(2048.0M)]
 [Times: user=1.23 sys=0.01, real=0.16 secs] 
2020-09-29T12:27:21.680+0200: 13.006: [GC pause (G1 Evacuation Pause) (young), 0.2097400 secs]
   [Parallel Time: 208.3 ms, GC Workers: 8]
      [GC Worker Start (ms): Min: 13006.1, Avg: 13006.2, Max: 13006.3, Diff: 0.2]
      [Ext Root Scanning (ms): Min: 0.0, Avg: 0.1, Max: 0.2, Diff: 0.2, Sum: 0.7]
      [Update RS (ms): Min: 21.3, Avg: 21.5, Max: 22.0, Diff: 0.7, Sum: 172.0]
         [Processed Buffers: Min: 14, Avg: 15.6, Max: 18, Diff: 4, Sum: 125]
      [Scan RS (ms): Min: 23.8, Avg: 26.8, Max: 39.6, Diff: 15.7, Sum: 214.6]
      [Code Root Scanning (ms): Min: 0.0, Avg: 0.0, Max: 0.0, Diff: 0.0, Sum: 0.0]
      [Object Copy (ms): Min: 147.1, Avg: 159.6, Max: 162.7, Diff: 15.6, Sum: 1276.7]
      [Termination (ms): Min: 0.0, Avg: 0.0, Max: 0.0, Diff: 0.0, Sum: 0.1]
         [Termination Attempts: Min: 1, Avg: 49.9, Max: 66, Diff: 65, Sum: 399]
      [GC Worker Other (ms): Min: 0.0, Avg: 0.1, Max: 0.1, Diff: 0.1, Sum: 0.4]
      [GC Worker Total (ms): Min: 208.0, Avg: 208.1, Max: 208.2, Diff: 0.2, Sum: 1664.6]
      [GC Worker End (ms): Min: 13214.3, Avg: 13214.3, Max: 13214.4, Diff: 0.1]
   [Code Root Fixup: 0.0 ms]
   [Code Root Purge: 0.0 ms]
   [Clear CT: 0.3 ms]
   [Other: 1.1 ms]
      [Choose CSet: 0.0 ms]
      [Ref Proc: 0.2 ms]
      [Ref Enq: 0.0 ms]
      [Redirty Cards: 0.3 ms]
      [Humongous Register: 0.1 ms]
      [Humongous Reclaim: 0.0 ms]
      [Free CSet: 0.2 ms]
   [Eden: 187.0M(187.0M)->0.0B(171.0M) Survivors: 26.0M->27.0M Heap: 441.4M(2048.0M)->443.4M(2048.0M)]
 [Times: user=1.33 sys=0.05, real=0.21 secs] 
2020-09-29T12:27:22.034+0200: 13.360: [GC pause (G1 Evacuation Pause) (young), 0.1849206 secs]
   [Parallel Time: 183.0 ms, GC Workers: 8]
      [GC Worker Start (ms): Min: 13360.1, Avg: 13360.3, Max: 13360.4, Diff: 0.2]
      [Ext Root Scanning (ms): Min: 0.0, Avg: 0.1, Max: 0.2, Diff: 0.2, Sum: 0.7]
      [Update RS (ms): Min: 20.1, Avg: 20.2, Max: 20.5, Diff: 0.5, Sum: 161.4]
         [Processed Buffers: Min: 13, Avg: 15.0, Max: 18, Diff: 5, Sum: 120]
      [Scan RS (ms): Min: 17.6, Avg: 17.9, Max: 18.2, Diff: 0.6, Sum: 143.4]
      [Code Root Scanning (ms): Min: 0.0, Avg: 0.0, Max: 0.0, Diff: 0.0, Sum: 0.0]
      [Object Copy (ms): Min: 143.7, Avg: 143.9, Max: 144.4, Diff: 0.8, Sum: 1151.5]
      [Termination (ms): Min: 0.0, Avg: 0.4, Max: 0.5, Diff: 0.5, Sum: 3.4]
         [Termination Attempts: Min: 1, Avg: 1827.6, Max: 2229, Diff: 2228, Sum: 14621]
      [GC Worker Other (ms): Min: 0.0, Avg: 0.1, Max: 0.1, Diff: 0.1, Sum: 0.5]
      [GC Worker Total (ms): Min: 182.5, Avg: 182.6, Max: 182.8, Diff: 0.3, Sum: 1460.9]
      [GC Worker End (ms): Min: 13542.8, Avg: 13542.9, Max: 13542.9, Diff: 0.1]
   [Code Root Fixup: 0.0 ms]
   [Code Root Purge: 0.0 ms]
   [Clear CT: 0.6 ms]
   [Other: 1.4 ms]
      [Choose CSet: 0.0 ms]
      [Ref Proc: 0.3 ms]
      [Ref Enq: 0.0 ms]
      [Redirty Cards: 0.6 ms]
      [Humongous Register: 0.0 ms]
      [Humongous Reclaim: 0.0 ms]
      [Free CSet: 0.2 ms]
   [Eden: 171.0M(171.0M)->0.0B(170.0M) Survivors: 27.0M->25.0M Heap: 643.1M(2048.0M)->645.6M(2048.0M)]
 [Times: user=1.44 sys=0.05, real=0.19 secs] 
2020-09-29T12:27:22.350+0200: 13.676: [GC pause (G1 Evacuation Pause) (young), 0.1799825 secs]
   [Parallel Time: 177.4 ms, GC Workers: 8]
      [GC Worker Start (ms): Min: 13676.3, Avg: 13676.4, Max: 13676.5, Diff: 0.2]
      [Ext Root Scanning (ms): Min: 0.0, Avg: 0.1, Max: 0.2, Diff: 0.2, Sum: 0.8]
      [Update RS (ms): Min: 16.8, Avg: 17.2, Max: 17.7, Diff: 0.9, Sum: 137.3]
         [Processed Buffers: Min: 11, Avg: 11.5, Max: 13, Diff: 2, Sum: 92]
      [Scan RS (ms): Min: 18.8, Avg: 19.4, Max: 19.8, Diff: 1.0, Sum: 154.9]
      [Code Root Scanning (ms): Min: 0.0, Avg: 0.0, Max: 0.0, Diff: 0.0, Sum: 0.0]
      [Object Copy (ms): Min: 139.9, Avg: 140.1, Max: 140.3, Diff: 0.5, Sum: 1121.0]
      [Termination (ms): Min: 0.0, Avg: 0.1, Max: 0.2, Diff: 0.2, Sum: 1.1]
         [Termination Attempts: Min: 1, Avg: 572.6, Max: 726, Diff: 725, Sum: 4581]
      [GC Worker Other (ms): Min: 0.0, Avg: 0.1, Max: 0.1, Diff: 0.1, Sum: 0.4]
      [GC Worker Total (ms): Min: 176.8, Avg: 176.9, Max: 177.0, Diff: 0.2, Sum: 1415.5]
      [GC Worker End (ms): Min: 13853.3, Avg: 13853.4, Max: 13853.4, Diff: 0.1]
   [Code Root Fixup: 0.0 ms]
   [Code Root Purge: 0.0 ms]
   [Clear CT: 1.0 ms]
   [Other: 1.6 ms]
      [Choose CSet: 0.0 ms]
      [Ref Proc: 0.3 ms]
      [Ref Enq: 0.0 ms]
      [Redirty Cards: 0.8 ms]
      [Humongous Register: 0.0 ms]
      [Humongous Reclaim: 0.0 ms]
      [Free CSet: 0.2 ms]
   [Eden: 170.0M(170.0M)->0.0B(169.0M) Survivors: 25.0M->25.0M Heap: 842.3M(2048.0M)->844.3M(2048.0M)]
 [Times: user=1.28 sys=0.08, real=0.18 secs] 
2020-09-29T12:27:22.665+0200: 13.991: [GC pause (G1 Evacuation Pause) (young), 0.1908062 secs]
   [Parallel Time: 189.5 ms, GC Workers: 8]
      [GC Worker Start (ms): Min: 13991.1, Avg: 13991.2, Max: 13991.3, Diff: 0.2]
      [Ext Root Scanning (ms): Min: 0.0, Avg: 0.1, Max: 0.2, Diff: 0.2, Sum: 0.9]
      [Update RS (ms): Min: 19.6, Avg: 19.9, Max: 20.4, Diff: 0.8, Sum: 159.2]
         [Processed Buffers: Min: 12, Avg: 13.4, Max: 16, Diff: 4, Sum: 107]
      [Scan RS (ms): Min: 18.0, Avg: 18.7, Max: 19.1, Diff: 1.0, Sum: 149.6]
      [Code Root Scanning (ms): Min: 0.0, Avg: 0.0, Max: 0.0, Diff: 0.0, Sum: 0.0]
      [Object Copy (ms): Min: 149.7, Avg: 150.0, Max: 150.5, Diff: 0.8, Sum: 1199.7]
      [Termination (ms): Min: 0.0, Avg: 0.4, Max: 0.5, Diff: 0.5, Sum: 3.5]
         [Termination Attempts: Min: 1, Avg: 1843.3, Max: 2249, Diff: 2248, Sum: 14746]
      [GC Worker Other (ms): Min: 0.0, Avg: 0.1, Max: 0.1, Diff: 0.1, Sum: 0.4]
      [GC Worker Total (ms): Min: 189.1, Avg: 189.2, Max: 189.3, Diff: 0.2, Sum: 1513.3]
      [GC Worker End (ms): Min: 14180.3, Avg: 14180.4, Max: 14180.4, Diff: 0.1]
   [Code Root Fixup: 0.0 ms]
   [Code Root Purge: 0.0 ms]
   [Clear CT: 0.3 ms]
   [Other: 1.1 ms]
      [Choose CSet: 0.0 ms]
      [Ref Proc: 0.2 ms]
      [Ref Enq: 0.0 ms]
      [Redirty Cards: 0.3 ms]
      [Humongous Register: 0.1 ms]
      [Humongous Reclaim: 0.0 ms]
      [Free CSet: 0.2 ms]
   [Eden: 169.0M(169.0M)->0.0B(164.0M) Survivors: 25.0M->25.0M Heap: 1041.9M(2048.0M)->1044.4M(2048.0M)]
 [Times: user=1.41 sys=0.05, real=0.19 secs] 
2020-09-29T12:27:22.860+0200: 14.186: [GC pause (G1 Humongous Allocation) (young) (initial-mark), 0.0659337 secs]
   [Parallel Time: 64.8 ms, GC Workers: 8]
      [GC Worker Start (ms): Min: 14186.2, Avg: 14186.4, Max: 14186.5, Diff: 0.2]
      [Ext Root Scanning (ms): Min: 0.0, Avg: 0.3, Max: 0.6, Diff: 0.6, Sum: 2.4]
      [Update RS (ms): Min: 39.3, Avg: 39.8, Max: 40.5, Diff: 1.2, Sum: 318.3]
         [Processed Buffers: Min: 27, Avg: 31.0, Max: 33, Diff: 6, Sum: 248]
      [Scan RS (ms): Min: 0.2, Avg: 0.8, Max: 1.1, Diff: 1.0, Sum: 6.6]
      [Code Root Scanning (ms): Min: 0.0, Avg: 0.0, Max: 0.0, Diff: 0.0, Sum: 0.0]
      [Object Copy (ms): Min: 23.3, Avg: 23.4, Max: 23.5, Diff: 0.2, Sum: 187.5]
      [Termination (ms): Min: 0.0, Avg: 0.0, Max: 0.0, Diff: 0.0, Sum: 0.2]
         [Termination Attempts: Min: 1, Avg: 82.5, Max: 118, Diff: 117, Sum: 660]
      [GC Worker Other (ms): Min: 0.0, Avg: 0.0, Max: 0.0, Diff: 0.0, Sum: 0.2]
      [GC Worker Total (ms): Min: 64.3, Avg: 64.4, Max: 64.5, Diff: 0.3, Sum: 515.2]
      [GC Worker End (ms): Min: 14250.7, Avg: 14250.8, Max: 14250.8, Diff: 0.0]
   [Code Root Fixup: 0.0 ms]
   [Code Root Purge: 0.0 ms]
   [Clear CT: 0.3 ms]
   [Other: 0.9 ms]
      [Choose CSet: 0.0 ms]
      [Ref Proc: 0.2 ms]
      [Ref Enq: 0.0 ms]
      [Redirty Cards: 0.2 ms]
      [Humongous Register: 0.1 ms]
      [Humongous Reclaim: 0.0 ms]
      [Free CSet: 0.1 ms]
   [Eden: 5120.0K(164.0M)->0.0B(180.0M) Survivors: 25.0M->7168.0K Heap: 1048.9M(2048.0M)->1052.4M(2048.0M)]
 [Times: user=0.50 sys=0.00, real=0.07 secs] 
2020-09-29T12:27:22.926+0200: 14.252: [GC concurrent-root-region-scan-start]
2020-09-29T12:27:22.928+0200: 14.254: [GC concurrent-root-region-scan-end, 0.0022831 secs]
2020-09-29T12:27:22.928+0200: 14.254: [GC concurrent-mark-start]
2020-09-29T12:27:22.933+0200: 14.259: [GC concurrent-mark-end, 0.0045073 secs]
2020-09-29T12:27:22.933+0200: 14.259: [GC remark 2020-09-29T12:27:22.933+0200: 14.259: [Finalize Marking, 0.0002904 secs] 2020-09-29T12:27:22.933+0200: 14.260: [GC ref-proc, 0.0004611 secs] 2020-09-29T12:27:22.934+0200: 14.260: [Unloading, 0.0007384 secs], 0.0020090 secs]
 [Times: user=0.00 sys=0.00, real=0.00 secs] 
2020-09-29T12:27:22.936+0200: 14.262: [GC cleanup 1063M->27M(2048M), 0.0020704 secs]
 [Times: user=0.00 sys=0.00, real=0.00 secs] 
2020-09-29T12:27:22.938+0200: 14.264: [GC concurrent-cleanup-start]
2020-09-29T12:27:22.940+0200: 14.266: [GC concurrent-cleanup-end, 0.0021598 secs]
2020-09-29T12:27:23.069+0200: 14.395: [GC pause (G1 Evacuation Pause) (young), 0.1608676 secs]
   [Parallel Time: 159.4 ms, GC Workers: 8]
      [GC Worker Start (ms): Min: 14395.2, Avg: 14395.2, Max: 14395.3, Diff: 0.1]
      [Ext Root Scanning (ms): Min: 0.1, Avg: 0.1, Max: 0.2, Diff: 0.1, Sum: 1.0]
      [Update RS (ms): Min: 19.3, Avg: 19.9, Max: 20.4, Diff: 1.1, Sum: 159.2]
         [Processed Buffers: Min: 10, Avg: 13.1, Max: 15, Diff: 5, Sum: 105]
      [Scan RS (ms): Min: 14.9, Avg: 15.6, Max: 16.2, Diff: 1.4, Sum: 124.4]
      [Code Root Scanning (ms): Min: 0.0, Avg: 0.0, Max: 0.0, Diff: 0.0, Sum: 0.0]
      [Object Copy (ms): Min: 123.2, Avg: 123.4, Max: 123.6, Diff: 0.3, Sum: 987.3]
      [Termination (ms): Min: 0.0, Avg: 0.0, Max: 0.1, Diff: 0.1, Sum: 0.3]
         [Termination Attempts: Min: 1, Avg: 189.9, Max: 245, Diff: 244, Sum: 1519]
      [GC Worker Other (ms): Min: 0.0, Avg: 0.0, Max: 0.1, Diff: 0.1, Sum: 0.4]
      [GC Worker Total (ms): Min: 159.0, Avg: 159.1, Max: 159.1, Diff: 0.1, Sum: 1272.7]
      [GC Worker End (ms): Min: 14554.3, Avg: 14554.3, Max: 14554.4, Diff: 0.1]
   [Code Root Fixup: 0.0 ms]
   [Code Root Purge: 0.0 ms]
   [Clear CT: 0.2 ms]
   [Other: 1.3 ms]
      [Choose CSet: 0.0 ms]
      [Ref Proc: 0.2 ms]
      [Ref Enq: 0.0 ms]
      [Redirty Cards: 0.4 ms]
      [Humongous Register: 0.0 ms]
      [Humongous Reclaim: 0.0 ms]
      [Free CSet: 0.2 ms]
   [Eden: 180.0M(180.0M)->0.0B(169.0M) Survivors: 7168.0K->24.0M Heap: 227.0M(2048.0M)->222.5M(2048.0M)]
 [Times: user=1.22 sys=0.03, real=0.16 secs] 
2020-09-29T12:27:23.363+0200: 14.689: [GC pause (G1 Evacuation Pause) (young), 0.1702266 secs]
   [Parallel Time: 167.8 ms, GC Workers: 8]
      [GC Worker Start (ms): Min: 14689.5, Avg: 14689.7, Max: 14689.8, Diff: 0.2]
      [Ext Root Scanning (ms): Min: 0.0, Avg: 0.1, Max: 0.2, Diff: 0.2, Sum: 0.7]
      [Update RS (ms): Min: 20.2, Avg: 20.4, Max: 20.7, Diff: 0.6, Sum: 163.2]
         [Processed Buffers: Min: 13, Avg: 14.1, Max: 17, Diff: 4, Sum: 113]
      [Scan RS (ms): Min: 17.5, Avg: 18.2, Max: 21.0, Diff: 3.5, Sum: 145.7]
      [Code Root Scanning (ms): Min: 0.0, Avg: 0.0, Max: 0.0, Diff: 0.0, Sum: 0.0]
      [Object Copy (ms): Min: 126.0, Avg: 128.7, Max: 129.2, Diff: 3.1, Sum: 1029.5]
      [Termination (ms): Min: 0.0, Avg: 0.0, Max: 0.0, Diff: 0.0, Sum: 0.2]
         [Termination Attempts: Min: 1, Avg: 135.4, Max: 184, Diff: 183, Sum: 1083]
      [GC Worker Other (ms): Min: 0.0, Avg: 0.1, Max: 0.1, Diff: 0.1, Sum: 0.4]
      [GC Worker Total (ms): Min: 167.4, Avg: 167.5, Max: 167.6, Diff: 0.2, Sum: 1339.8]
      [GC Worker End (ms): Min: 14857.1, Avg: 14857.1, Max: 14857.2, Diff: 0.1]
   [Code Root Fixup: 0.0 ms]
   [Code Root Purge: 0.0 ms]
   [Clear CT: 0.4 ms]
   [Other: 2.0 ms]
      [Choose CSet: 0.0 ms]
      [Ref Proc: 0.3 ms]
      [Ref Enq: 0.0 ms]
      [Redirty Cards: 1.0 ms]
      [Humongous Register: 0.0 ms]
      [Humongous Reclaim: 0.0 ms]
      [Free CSet: 0.3 ms]
   [Eden: 169.0M(169.0M)->0.0B(170.0M) Survivors: 24.0M->25.0M Heap: 420.1M(2048.0M)->422.6M(2048.0M)]
 [Times: user=1.34 sys=0.03, real=0.17 secs] 
2020-09-29T12:27:23.666+0200: 14.992: [GC pause (G1 Evacuation Pause) (young), 0.1881161 secs]
   [Parallel Time: 186.5 ms, GC Workers: 8]
      [GC Worker Start (ms): Min: 14991.9, Avg: 14992.1, Max: 14992.2, Diff: 0.2]
      [Ext Root Scanning (ms): Min: 0.0, Avg: 0.1, Max: 0.2, Diff: 0.2, Sum: 0.7]
      [Update RS (ms): Min: 17.1, Avg: 17.4, Max: 18.0, Diff: 0.9, Sum: 139.3]
         [Processed Buffers: Min: 12, Avg: 12.8, Max: 14, Diff: 2, Sum: 102]
      [Scan RS (ms): Min: 19.8, Avg: 20.4, Max: 20.7, Diff: 0.9, Sum: 163.4]
      [Code Root Scanning (ms): Min: 0.0, Avg: 0.0, Max: 0.0, Diff: 0.0, Sum: 0.0]
      [Object Copy (ms): Min: 148.0, Avg: 148.2, Max: 148.3, Diff: 0.3, Sum: 1185.4]
      [Termination (ms): Min: 0.0, Avg: 0.1, Max: 0.2, Diff: 0.2, Sum: 0.9]
         [Termination Attempts: Min: 1, Avg: 469.4, Max: 652, Diff: 651, Sum: 3755]
      [GC Worker Other (ms): Min: 0.0, Avg: 0.1, Max: 0.1, Diff: 0.1, Sum: 0.7]
      [GC Worker Total (ms): Min: 186.2, Avg: 186.3, Max: 186.4, Diff: 0.2, Sum: 1490.3]
      [GC Worker End (ms): Min: 15178.3, Avg: 15178.4, Max: 15178.4, Diff: 0.1]
   [Code Root Fixup: 0.0 ms]
   [Code Root Purge: 0.0 ms]
   [Clear CT: 0.3 ms]
   [Other: 1.3 ms]
      [Choose CSet: 0.0 ms]
      [Ref Proc: 0.3 ms]
      [Ref Enq: 0.0 ms]
      [Redirty Cards: 0.5 ms]
      [Humongous Register: 0.0 ms]
      [Humongous Reclaim: 0.0 ms]
      [Free CSet: 0.2 ms]
   [Eden: 170.0M(170.0M)->0.0B(163.0M) Survivors: 25.0M->25.0M Heap: 621.2M(2048.0M)->623.2M(2048.0M)]
 [Times: user=1.45 sys=0.03, real=0.19 secs] 
2020-09-29T12:27:23.984+0200: 15.310: [GC pause (G1 Evacuation Pause) (young), 0.1649664 secs]
   [Parallel Time: 163.5 ms, GC Workers: 8]
      [GC Worker Start (ms): Min: 15310.1, Avg: 15310.2, Max: 15310.4, Diff: 0.2]
      [Ext Root Scanning (ms): Min: 0.0, Avg: 0.1, Max: 0.2, Diff: 0.2, Sum: 0.7]
      [Update RS (ms): Min: 20.0, Avg: 20.4, Max: 20.9, Diff: 0.9, Sum: 162.8]
         [Processed Buffers: Min: 12, Avg: 13.9, Max: 16, Diff: 4, Sum: 111]
      [Scan RS (ms): Min: 15.9, Avg: 16.5, Max: 16.8, Diff: 0.9, Sum: 131.6]
      [Code Root Scanning (ms): Min: 0.0, Avg: 0.0, Max: 0.0, Diff: 0.0, Sum: 0.0]
      [Object Copy (ms): Min: 126.0, Avg: 126.1, Max: 126.2, Diff: 0.2, Sum: 1008.9]
      [Termination (ms): Min: 0.0, Avg: 0.0, Max: 0.0, Diff: 0.0, Sum: 0.2]
         [Termination Attempts: Min: 1, Avg: 91.5, Max: 135, Diff: 134, Sum: 732]
      [GC Worker Other (ms): Min: 0.1, Avg: 0.1, Max: 0.2, Diff: 0.1, Sum: 0.8]
      [GC Worker Total (ms): Min: 163.0, Avg: 163.1, Max: 163.3, Diff: 0.3, Sum: 1305.1]
      [GC Worker End (ms): Min: 15473.3, Avg: 15473.4, Max: 15473.4, Diff: 0.1]
   [Code Root Fixup: 0.0 ms]
   [Code Root Purge: 0.0 ms]
   [Clear CT: 0.4 ms]
   [Other: 1.0 ms]
      [Choose CSet: 0.0 ms]
      [Ref Proc: 0.3 ms]
      [Ref Enq: 0.0 ms]
      [Redirty Cards: 0.3 ms]
      [Humongous Register: 0.1 ms]
      [Humongous Reclaim: 0.0 ms]
      [Free CSet: 0.2 ms]
   [Eden: 163.0M(163.0M)->0.0B(170.0M) Survivors: 25.0M->24.0M Heap: 812.9M(2048.0M)->814.9M(2048.0M)]
 [Times: user=1.31 sys=0.05, real=0.16 secs] 
2020-09-29T12:27:24.282+0200: 15.609: [GC pause (G1 Evacuation Pause) (young), 0.1659958 secs]
   [Parallel Time: 162.7 ms, GC Workers: 8]
      [GC Worker Start (ms): Min: 15608.9, Avg: 15609.0, Max: 15609.1, Diff: 0.2]
      [Ext Root Scanning (ms): Min: 0.0, Avg: 0.1, Max: 0.2, Diff: 0.2, Sum: 0.7]
      [Update RS (ms): Min: 17.6, Avg: 18.1, Max: 18.8, Diff: 1.2, Sum: 144.5]
         [Processed Buffers: Min: 12, Avg: 12.6, Max: 14, Diff: 2, Sum: 101]
      [Scan RS (ms): Min: 18.0, Avg: 18.6, Max: 19.0, Diff: 1.1, Sum: 148.9]
      [Code Root Scanning (ms): Min: 0.0, Avg: 0.0, Max: 0.0, Diff: 0.0, Sum: 0.0]
      [Object Copy (ms): Min: 125.4, Avg: 125.5, Max: 125.6, Diff: 0.1, Sum: 1004.3]
      [Termination (ms): Min: 0.0, Avg: 0.0, Max: 0.0, Diff: 0.0, Sum: 0.2]
         [Termination Attempts: Min: 1, Avg: 104.0, Max: 137, Diff: 136, Sum: 832]
      [GC Worker Other (ms): Min: 0.0, Avg: 0.0, Max: 0.1, Diff: 0.1, Sum: 0.4]
      [GC Worker Total (ms): Min: 162.2, Avg: 162.4, Max: 162.5, Diff: 0.3, Sum: 1299.0]
      [GC Worker End (ms): Min: 15771.4, Avg: 15771.4, Max: 15771.4, Diff: 0.1]
   [Code Root Fixup: 0.0 ms]
   [Code Root Purge: 0.0 ms]
   [Clear CT: 0.4 ms]
   [Other: 2.9 ms]
      [Choose CSet: 0.0 ms]
      [Ref Proc: 0.4 ms]
      [Ref Enq: 0.0 ms]
      [Redirty Cards: 1.8 ms]
      [Humongous Register: 0.1 ms]
      [Humongous Reclaim: 0.0 ms]
      [Free CSet: 0.1 ms]
   [Eden: 170.0M(170.0M)->0.0B(174.0M) Survivors: 24.0M->25.0M Heap: 1013.6M(2048.0M)->1015.6M(2048.0M)]
 [Times: user=1.26 sys=0.11, real=0.17 secs] 
2020-09-29T12:27:24.460+0200: 15.787: [GC pause (G1 Humongous Allocation) (young) (initial-mark), 0.0591879 secs]
   [Parallel Time: 57.7 ms, GC Workers: 8]
      [GC Worker Start (ms): Min: 15786.9, Avg: 15787.1, Max: 15787.2, Diff: 0.3]
      [Ext Root Scanning (ms): Min: 0.0, Avg: 0.6, Max: 3.4, Diff: 3.4, Sum: 5.0]
      [Update RS (ms): Min: 25.4, Avg: 28.7, Max: 30.9, Diff: 5.6, Sum: 229.4]
         [Processed Buffers: Min: 19, Avg: 22.8, Max: 25, Diff: 6, Sum: 182]
      [Scan RS (ms): Min: 0.9, Avg: 3.2, Max: 5.5, Diff: 4.6, Sum: 25.6]
      [Code Root Scanning (ms): Min: 0.0, Avg: 0.0, Max: 0.0, Diff: 0.0, Sum: 0.0]
      [Object Copy (ms): Min: 22.6, Avg: 24.8, Max: 25.2, Diff: 2.7, Sum: 198.8]
      [Termination (ms): Min: 0.0, Avg: 0.0, Max: 0.0, Diff: 0.0, Sum: 0.2]
         [Termination Attempts: Min: 1, Avg: 77.3, Max: 106, Diff: 105, Sum: 618]
      [GC Worker Other (ms): Min: 0.0, Avg: 0.0, Max: 0.0, Diff: 0.0, Sum: 0.2]
      [GC Worker Total (ms): Min: 57.3, Avg: 57.4, Max: 57.5, Diff: 0.2, Sum: 459.1]
      [GC Worker End (ms): Min: 15844.4, Avg: 15844.5, Max: 15844.5, Diff: 0.0]
   [Code Root Fixup: 0.0 ms]
   [Code Root Purge: 0.0 ms]
   [Clear CT: 0.2 ms]
   [Other: 1.2 ms]
      [Choose CSet: 0.0 ms]
      [Ref Proc: 0.4 ms]
      [Ref Enq: 0.0 ms]
      [Redirty Cards: 0.5 ms]
      [Humongous Register: 0.0 ms]
      [Humongous Reclaim: 0.0 ms]
      [Free CSet: 0.1 ms]
   [Eden: 7168.0K(174.0M)->0.0B(192.0M) Survivors: 25.0M->9216.0K Heap: 1022.1M(2048.0M)->1025.6M(2048.0M)]
 [Times: user=0.38 sys=0.00, real=0.06 secs] 
2020-09-29T12:27:24.520+0200: 15.846: [GC concurrent-root-region-scan-start]
2020-09-29T12:27:24.522+0200: 15.848: [GC concurrent-root-region-scan-end, 0.0021487 secs]
2020-09-29T12:27:24.522+0200: 15.848: [GC concurrent-mark-start]
2020-09-29T12:27:24.525+0200: 15.851: [GC concurrent-mark-end, 0.0032129 secs]
2020-09-29T12:27:24.525+0200: 15.852: [GC remark 2020-09-29T12:27:24.525+0200: 15.852: [Finalize Marking, 0.0002768 secs] 2020-09-29T12:27:24.526+0200: 15.852: [GC ref-proc, 0.0004170 secs] 2020-09-29T12:27:24.526+0200: 15.852: [Unloading, 0.0005713 secs], 0.0017236 secs]
 [Times: user=0.00 sys=0.00, real=0.00 secs] 
2020-09-29T12:27:24.528+0200: 15.854: [GC cleanup 1035M->28M(2048M), 0.0014544 secs]
 [Times: user=0.00 sys=0.00, real=0.00 secs] 
2020-09-29T12:27:24.529+0200: 15.855: [GC concurrent-cleanup-start]
2020-09-29T12:27:24.531+0200: 15.857: [GC concurrent-cleanup-end, 0.0015024 secs]
2020-09-29T12:27:24.670+0200: 15.996: [GC pause (G1 Evacuation Pause) (young), 0.1840554 secs]
   [Parallel Time: 182.4 ms, GC Workers: 8]
      [GC Worker Start (ms): Min: 15996.2, Avg: 15996.3, Max: 15996.4, Diff: 0.2]
      [Ext Root Scanning (ms): Min: 0.0, Avg: 0.1, Max: 0.2, Diff: 0.2, Sum: 0.7]
      [Update RS (ms): Min: 16.9, Avg: 17.1, Max: 18.0, Diff: 1.1, Sum: 137.0]
         [Processed Buffers: Min: 11, Avg: 11.9, Max: 14, Diff: 3, Sum: 95]
      [Scan RS (ms): Min: 18.7, Avg: 19.6, Max: 20.0, Diff: 1.3, Sum: 156.8]
      [Code Root Scanning (ms): Min: 0.0, Avg: 0.0, Max: 0.0, Diff: 0.0, Sum: 0.0]
      [Object Copy (ms): Min: 144.8, Avg: 145.0, Max: 145.2, Diff: 0.5, Sum: 1160.1]
      [Termination (ms): Min: 0.0, Avg: 0.2, Max: 0.2, Diff: 0.2, Sum: 1.5]
         [Termination Attempts: Min: 1, Avg: 831.0, Max: 1050, Diff: 1049, Sum: 6648]
      [GC Worker Other (ms): Min: 0.0, Avg: 0.0, Max: 0.1, Diff: 0.1, Sum: 0.3]
      [GC Worker Total (ms): Min: 181.9, Avg: 182.1, Max: 182.2, Diff: 0.2, Sum: 1456.5]
      [GC Worker End (ms): Min: 16178.3, Avg: 16178.4, Max: 16178.4, Diff: 0.1]
   [Code Root Fixup: 0.0 ms]
   [Code Root Purge: 0.0 ms]
   [Clear CT: 0.4 ms]
   [Other: 1.3 ms]
      [Choose CSet: 0.0 ms]
      [Ref Proc: 0.3 ms]
      [Ref Enq: 0.0 ms]
      [Redirty Cards: 0.4 ms]
      [Humongous Register: 0.0 ms]
      [Humongous Reclaim: 0.0 ms]
      [Free CSet: 0.2 ms]
   [Eden: 192.0M(192.0M)->0.0B(169.0M) Survivors: 9216.0K->26.0M Heap: 242.9M(2048.0M)->235.4M(2048.0M)]
 [Times: user=1.31 sys=0.09, real=0.18 secs] 
2020-09-29T12:27:24.989+0200: 16.316: [GC pause (G1 Evacuation Pause) (young), 0.1455526 secs]
   [Parallel Time: 144.4 ms, GC Workers: 8]
      [GC Worker Start (ms): Min: 16315.9, Avg: 16316.0, Max: 16316.1, Diff: 0.2]
      [Ext Root Scanning (ms): Min: 0.0, Avg: 0.1, Max: 0.2, Diff: 0.2, Sum: 0.9]
      [Update RS (ms): Min: 20.5, Avg: 21.0, Max: 21.4, Diff: 1.0, Sum: 168.1]
         [Processed Buffers: Min: 0, Avg: 12.4, Max: 18, Diff: 18, Sum: 99]
      [Scan RS (ms): Min: 18.2, Avg: 18.8, Max: 19.5, Diff: 1.3, Sum: 150.1]
      [Code Root Scanning (ms): Min: 0.0, Avg: 0.0, Max: 0.0, Diff: 0.0, Sum: 0.0]
      [Object Copy (ms): Min: 104.0, Avg: 104.2, Max: 104.3, Diff: 0.3, Sum: 833.5]
      [Termination (ms): Min: 0.0, Avg: 0.0, Max: 0.1, Diff: 0.1, Sum: 0.3]
         [Termination Attempts: Min: 1, Avg: 311.9, Max: 418, Diff: 417, Sum: 2495]
      [GC Worker Other (ms): Min: 0.0, Avg: 0.0, Max: 0.1, Diff: 0.0, Sum: 0.2]
      [GC Worker Total (ms): Min: 144.1, Avg: 144.1, Max: 144.2, Diff: 0.2, Sum: 1153.2]
      [GC Worker End (ms): Min: 16460.1, Avg: 16460.1, Max: 16460.1, Diff: 0.0]
   [Code Root Fixup: 0.0 ms]
   [Code Root Purge: 0.0 ms]
   [Clear CT: 0.3 ms]
   [Other: 0.9 ms]
      [Choose CSet: 0.0 ms]
      [Ref Proc: 0.1 ms]
      [Ref Enq: 0.0 ms]
      [Redirty Cards: 0.2 ms]
      [Humongous Register: 0.1 ms]
      [Humongous Reclaim: 0.0 ms]
      [Free CSet: 0.2 ms]
   [Eden: 169.0M(169.0M)->0.0B(173.0M) Survivors: 26.0M->25.0M Heap: 433.0M(2048.0M)->435.0M(2048.0M)]
 [Times: user=1.06 sys=0.03, real=0.15 secs] 
2020-09-29T12:27:25.226+0200: 16.552: [GC pause (G1 Evacuation Pause) (young), 0.1050674 secs]
   [Parallel Time: 104.0 ms, GC Workers: 8]
      [GC Worker Start (ms): Min: 16552.2, Avg: 16552.3, Max: 16552.3, Diff: 0.1]
      [Ext Root Scanning (ms): Min: 0.0, Avg: 0.1, Max: 0.2, Diff: 0.1, Sum: 0.6]
      [Update RS (ms): Min: 13.5, Avg: 13.6, Max: 13.8, Diff: 0.4, Sum: 108.8]
         [Processed Buffers: Min: 12, Avg: 14.0, Max: 16, Diff: 4, Sum: 112]
      [Scan RS (ms): Min: 11.4, Avg: 11.7, Max: 11.8, Diff: 0.4, Sum: 93.3]
      [Code Root Scanning (ms): Min: 0.0, Avg: 0.0, Max: 0.0, Diff: 0.0, Sum: 0.0]
      [Object Copy (ms): Min: 78.1, Avg: 78.2, Max: 78.3, Diff: 0.1, Sum: 625.8]
      [Termination (ms): Min: 0.0, Avg: 0.0, Max: 0.0, Diff: 0.0, Sum: 0.1]
         [Termination Attempts: Min: 1, Avg: 66.9, Max: 86, Diff: 85, Sum: 535]
      [GC Worker Other (ms): Min: 0.0, Avg: 0.0, Max: 0.1, Diff: 0.1, Sum: 0.3]
      [GC Worker Total (ms): Min: 103.6, Avg: 103.6, Max: 103.7, Diff: 0.2, Sum: 829.0]
      [GC Worker End (ms): Min: 16655.9, Avg: 16655.9, Max: 16655.9, Diff: 0.1]
   [Code Root Fixup: 0.0 ms]
   [Code Root Purge: 0.0 ms]
   [Clear CT: 0.3 ms]
   [Other: 0.8 ms]
      [Choose CSet: 0.0 ms]
      [Ref Proc: 0.2 ms]
      [Ref Enq: 0.0 ms]
      [Redirty Cards: 0.2 ms]
      [Humongous Register: 0.0 ms]
      [Humongous Reclaim: 0.0 ms]
      [Free CSet: 0.1 ms]
   [Eden: 173.0M(173.0M)->0.0B(198.0M) Survivors: 25.0M->25.0M Heap: 636.6M(2048.0M)->638.6M(2048.0M)]
 [Times: user=0.66 sys=0.05, real=0.11 secs] 
2020-09-29T12:27:25.432+0200: 16.759: [GC pause (G1 Evacuation Pause) (young), 0.1229487 secs]
   [Parallel Time: 122.1 ms, GC Workers: 8]
      [GC Worker Start (ms): Min: 16758.7, Avg: 16758.8, Max: 16758.8, Diff: 0.1]
      [Ext Root Scanning (ms): Min: 0.0, Avg: 0.1, Max: 0.1, Diff: 0.1, Sum: 0.6]
      [Update RS (ms): Min: 10.3, Avg: 10.7, Max: 11.3, Diff: 1.0, Sum: 85.8]
         [Processed Buffers: Min: 11, Avg: 11.3, Max: 13, Diff: 2, Sum: 90]
      [Scan RS (ms): Min: 14.1, Avg: 14.7, Max: 15.1, Diff: 1.0, Sum: 117.4]
      [Code Root Scanning (ms): Min: 0.0, Avg: 0.0, Max: 0.0, Diff: 0.0, Sum: 0.0]
      [Object Copy (ms): Min: 96.2, Avg: 96.3, Max: 96.4, Diff: 0.3, Sum: 770.6]
      [Termination (ms): Min: 0.0, Avg: 0.1, Max: 0.1, Diff: 0.1, Sum: 0.5]
         [Termination Attempts: Min: 1, Avg: 498.9, Max: 601, Diff: 600, Sum: 3991]
      [GC Worker Other (ms): Min: 0.0, Avg: 0.0, Max: 0.1, Diff: 0.1, Sum: 0.3]
      [GC Worker Total (ms): Min: 121.9, Avg: 121.9, Max: 122.0, Diff: 0.1, Sum: 975.3]
      [GC Worker End (ms): Min: 16880.7, Avg: 16880.7, Max: 16880.7, Diff: 0.1]
   [Code Root Fixup: 0.0 ms]
   [Code Root Purge: 0.0 ms]
   [Clear CT: 0.1 ms]
   [Other: 0.7 ms]
      [Choose CSet: 0.0 ms]
      [Ref Proc: 0.2 ms]
      [Ref Enq: 0.0 ms]
      [Redirty Cards: 0.2 ms]
      [Humongous Register: 0.0 ms]
      [Humongous Reclaim: 0.0 ms]
      [Free CSet: 0.1 ms]
   [Eden: 198.0M(198.0M)->0.0B(214.0M) Survivors: 25.0M->28.0M Heap: 869.1M(2048.0M)->870.6M(2048.0M)]
 [Times: user=0.91 sys=0.05, real=0.12 secs] 
2020-09-29T12:27:25.663+0200: 16.989: [GC pause (G1 Evacuation Pause) (young), 0.1417023 secs]
   [Parallel Time: 140.6 ms, GC Workers: 8]
      [GC Worker Start (ms): Min: 16989.0, Avg: 16989.2, Max: 16989.2, Diff: 0.2]
      [Ext Root Scanning (ms): Min: 0.0, Avg: 0.0, Max: 0.2, Diff: 0.2, Sum: 0.4]
      [Update RS (ms): Min: 17.0, Avg: 17.3, Max: 17.7, Diff: 0.6, Sum: 138.3]
         [Processed Buffers: Min: 17, Avg: 18.0, Max: 20, Diff: 3, Sum: 144]
      [Scan RS (ms): Min: 13.4, Avg: 13.9, Max: 14.5, Diff: 1.1, Sum: 111.5]
      [Code Root Scanning (ms): Min: 0.0, Avg: 0.0, Max: 0.0, Diff: 0.0, Sum: 0.0]
      [Object Copy (ms): Min: 108.3, Avg: 108.9, Max: 109.1, Diff: 0.8, Sum: 871.3]
      [Termination (ms): Min: 0.0, Avg: 0.2, Max: 0.2, Diff: 0.2, Sum: 1.4]
         [Termination Attempts: Min: 1, Avg: 1262.4, Max: 1702, Diff: 1701, Sum: 10099]
      [GC Worker Other (ms): Min: 0.0, Avg: 0.0, Max: 0.1, Diff: 0.1, Sum: 0.3]
      [GC Worker Total (ms): Min: 140.3, Avg: 140.4, Max: 140.6, Diff: 0.3, Sum: 1123.2]
      [GC Worker End (ms): Min: 17129.5, Avg: 17129.6, Max: 17129.6, Diff: 0.1]
   [Code Root Fixup: 0.0 ms]
   [Code Root Purge: 0.0 ms]
   [Clear CT: 0.2 ms]
   [Other: 0.9 ms]
      [Choose CSet: 0.0 ms]
      [Ref Proc: 0.2 ms]
      [Ref Enq: 0.0 ms]
      [Redirty Cards: 0.3 ms]
      [Humongous Register: 0.0 ms]
      [Humongous Reclaim: 0.0 ms]
      [Free CSet: 0.2 ms]
   [Eden: 214.0M(214.0M)->0.0B(226.0M) Survivors: 28.0M->31.0M Heap: 1120.8M(2048.0M)->1122.8M(2048.0M)]
 [Times: user=1.00 sys=0.08, real=0.14 secs] 
2020-09-29T12:27:25.817+0200: 17.143: [GC pause (G1 Humongous Allocation) (young) (initial-mark), 0.0429387 secs]
   [Parallel Time: 42.1 ms, GC Workers: 8]
      [GC Worker Start (ms): Min: 17143.4, Avg: 17143.5, Max: 17143.6, Diff: 0.1]
      [Ext Root Scanning (ms): Min: 0.0, Avg: 1.1, Max: 6.8, Diff: 6.8, Sum: 9.2]
      [Update RS (ms): Min: 15.6, Avg: 21.2, Max: 22.4, Diff: 6.7, Sum: 169.7]
         [Processed Buffers: Min: 17, Avg: 24.3, Max: 28, Diff: 11, Sum: 194]
      [Scan RS (ms): Min: 2.0, Avg: 2.1, Max: 2.3, Diff: 0.3, Sum: 17.1]
      [Code Root Scanning (ms): Min: 0.0, Avg: 0.0, Max: 0.0, Diff: 0.0, Sum: 0.0]
      [Object Copy (ms): Min: 17.4, Avg: 17.5, Max: 17.5, Diff: 0.1, Sum: 139.8]
      [Termination (ms): Min: 0.0, Avg: 0.0, Max: 0.0, Diff: 0.0, Sum: 0.0]
         [Termination Attempts: Min: 1, Avg: 1.0, Max: 1, Diff: 0, Sum: 8]
      [GC Worker Other (ms): Min: 0.0, Avg: 0.0, Max: 0.0, Diff: 0.0, Sum: 0.1]
      [GC Worker Total (ms): Min: 41.9, Avg: 42.0, Max: 42.0, Diff: 0.1, Sum: 335.9]
      [GC Worker End (ms): Min: 17185.5, Avg: 17185.5, Max: 17185.5, Diff: 0.0]
   [Code Root Fixup: 0.0 ms]
   [Code Root Purge: 0.0 ms]
   [Clear CT: 0.2 ms]
   [Other: 0.6 ms]
      [Choose CSet: 0.0 ms]
      [Ref Proc: 0.2 ms]
      [Ref Enq: 0.0 ms]
      [Redirty Cards: 0.1 ms]
      [Humongous Register: 0.0 ms]
      [Humongous Reclaim: 0.0 ms]
      [Free CSet: 0.1 ms]
   [Eden: 4096.0K(226.0M)->0.0B(271.0M) Survivors: 31.0M->5120.0K Heap: 1126.8M(2048.0M)->1129.8M(2048.0M)]
 [Times: user=0.33 sys=0.01, real=0.04 secs] 
2020-09-29T12:27:25.860+0200: 17.186: [GC concurrent-root-region-scan-start]
2020-09-29T12:27:25.861+0200: 17.187: [GC concurrent-root-region-scan-end, 0.0009756 secs]
2020-09-29T12:27:25.861+0200: 17.187: [GC concurrent-mark-start]
2020-09-29T12:27:25.863+0200: 17.190: [GC concurrent-mark-end, 0.0024027 secs]
2020-09-29T12:27:25.864+0200: 17.190: [GC remark 2020-09-29T12:27:25.864+0200: 17.190: [Finalize Marking, 0.0001410 secs] 2020-09-29T12:27:25.864+0200: 17.190: [GC ref-proc, 0.0002827 secs] 2020-09-29T12:27:25.864+0200: 17.190: [Unloading, 0.0004357 secs], 0.0011735 secs]
 [Times: user=0.00 sys=0.00, real=0.00 secs] 
2020-09-29T12:27:25.865+0200: 17.191: [GC cleanup 1136M->21M(2048M), 0.0011222 secs]
 [Times: user=0.00 sys=0.00, real=0.00 secs] 
2020-09-29T12:27:25.866+0200: 17.193: [GC concurrent-cleanup-start]
2020-09-29T12:27:25.868+0200: 17.194: [GC concurrent-cleanup-end, 0.0017589 secs]
2020-09-29T12:27:25.992+0200: 17.318: [GC pause (G1 Evacuation Pause) (young), 0.1458193 secs]
   [Parallel Time: 144.6 ms, GC Workers: 8]
      [GC Worker Start (ms): Min: 17318.2, Avg: 17318.4, Max: 17318.4, Diff: 0.2]
      [Ext Root Scanning (ms): Min: 0.0, Avg: 0.1, Max: 0.2, Diff: 0.2, Sum: 0.5]
      [Update RS (ms): Min: 12.4, Avg: 12.7, Max: 13.1, Diff: 0.6, Sum: 101.3]
         [Processed Buffers: Min: 12, Avg: 14.0, Max: 17, Diff: 5, Sum: 112]
      [Scan RS (ms): Min: 17.9, Avg: 18.3, Max: 18.5, Diff: 0.7, Sum: 146.6]
      [Code Root Scanning (ms): Min: 0.0, Avg: 0.0, Max: 0.0, Diff: 0.0, Sum: 0.0]
      [Object Copy (ms): Min: 113.2, Avg: 113.3, Max: 113.3, Diff: 0.1, Sum: 906.2]
      [Termination (ms): Min: 0.0, Avg: 0.0, Max: 0.0, Diff: 0.0, Sum: 0.2]
         [Termination Attempts: Min: 1, Avg: 151.8, Max: 206, Diff: 205, Sum: 1214]
      [GC Worker Other (ms): Min: 0.0, Avg: 0.0, Max: 0.1, Diff: 0.0, Sum: 0.3]
      [GC Worker Total (ms): Min: 144.3, Avg: 144.4, Max: 144.5, Diff: 0.2, Sum: 1155.2]
      [GC Worker End (ms): Min: 17462.7, Avg: 17462.8, Max: 17462.8, Diff: 0.0]
   [Code Root Fixup: 0.0 ms]
   [Code Root Purge: 0.0 ms]
   [Clear CT: 0.2 ms]
   [Other: 1.0 ms]
      [Choose CSet: 0.0 ms]
      [Ref Proc: 0.3 ms]
      [Ref Enq: 0.0 ms]
      [Redirty Cards: 0.2 ms]
      [Humongous Register: 0.0 ms]
      [Humongous Reclaim: 0.0 ms]
      [Free CSet: 0.2 ms]
   [Eden: 271.0M(271.0M)->0.0B(254.0M) Survivors: 5120.0K->35.0M Heap: 331.8M(2048.0M)->329.3M(2048.0M)]
 [Times: user=1.05 sys=0.06, real=0.15 secs] 
2020-09-29T12:27:26.276+0200: 17.603: [GC pause (G1 Evacuation Pause) (young), 0.1612937 secs]
   [Parallel Time: 159.1 ms, GC Workers: 8]
      [GC Worker Start (ms): Min: 17602.8, Avg: 17602.9, Max: 17602.9, Diff: 0.2]
      [Ext Root Scanning (ms): Min: 0.0, Avg: 0.1, Max: 0.2, Diff: 0.2, Sum: 0.5]
      [Update RS (ms): Min: 14.5, Avg: 14.9, Max: 15.2, Diff: 0.7, Sum: 119.0]
         [Processed Buffers: Min: 13, Avg: 14.6, Max: 16, Diff: 3, Sum: 117]
      [Scan RS (ms): Min: 20.6, Avg: 20.8, Max: 21.2, Diff: 0.6, Sum: 166.5]
      [Code Root Scanning (ms): Min: 0.0, Avg: 0.0, Max: 0.0, Diff: 0.0, Sum: 0.0]
      [Object Copy (ms): Min: 122.8, Avg: 122.9, Max: 123.0, Diff: 0.2, Sum: 982.8]
      [Termination (ms): Min: 0.0, Avg: 0.1, Max: 0.1, Diff: 0.1, Sum: 0.6]
         [Termination Attempts: Min: 1, Avg: 542.4, Max: 722, Diff: 721, Sum: 4339]
      [GC Worker Other (ms): Min: 0.2, Avg: 0.2, Max: 0.3, Diff: 0.1, Sum: 1.6]
      [GC Worker Total (ms): Min: 158.8, Avg: 158.9, Max: 159.0, Diff: 0.2, Sum: 1271.1]
      [GC Worker End (ms): Min: 17761.7, Avg: 17761.7, Max: 17761.8, Diff: 0.1]
   [Code Root Fixup: 0.0 ms]
   [Code Root Purge: 0.0 ms]
   [Clear CT: 0.2 ms]
   [Other: 2.0 ms]
      [Choose CSet: 0.0 ms]
      [Ref Proc: 0.2 ms]
      [Ref Enq: 0.0 ms]
      [Redirty Cards: 1.2 ms]
      [Humongous Register: 0.0 ms]
      [Humongous Reclaim: 0.0 ms]
      [Free CSet: 0.2 ms]
   [Eden: 254.0M(254.0M)->0.0B(255.0M) Survivors: 35.0M->37.0M Heap: 625.2M(2048.0M)->627.7M(2048.0M)]
 [Times: user=1.19 sys=0.06, real=0.16 secs] 
2020-09-29T12:27:26.567+0200: 17.893: [GC pause (G1 Evacuation Pause) (young), 0.1553510 secs]
   [Parallel Time: 154.2 ms, GC Workers: 8]
      [GC Worker Start (ms): Min: 17893.0, Avg: 17893.1, Max: 17893.2, Diff: 0.2]
      [Ext Root Scanning (ms): Min: 0.0, Avg: 0.1, Max: 0.2, Diff: 0.2, Sum: 0.6]
      [Update RS (ms): Min: 15.7, Avg: 15.9, Max: 16.1, Diff: 0.4, Sum: 127.2]
         [Processed Buffers: Min: 16, Avg: 18.1, Max: 21, Diff: 5, Sum: 145]
      [Scan RS (ms): Min: 18.5, Avg: 18.7, Max: 19.0, Diff: 0.5, Sum: 149.5]
      [Code Root Scanning (ms): Min: 0.0, Avg: 0.0, Max: 0.0, Diff: 0.0, Sum: 0.0]
      [Object Copy (ms): Min: 119.0, Avg: 119.1, Max: 119.2, Diff: 0.2, Sum: 953.1]
      [Termination (ms): Min: 0.0, Avg: 0.1, Max: 0.1, Diff: 0.1, Sum: 0.4]
         [Termination Attempts: Min: 1, Avg: 386.9, Max: 536, Diff: 535, Sum: 3095]
      [GC Worker Other (ms): Min: 0.0, Avg: 0.1, Max: 0.1, Diff: 0.1, Sum: 0.4]
      [GC Worker Total (ms): Min: 153.8, Avg: 153.9, Max: 154.0, Diff: 0.1, Sum: 1231.2]
      [GC Worker End (ms): Min: 18046.9, Avg: 18047.0, Max: 18047.0, Diff: 0.1]
   [Code Root Fixup: 0.0 ms]
   [Code Root Purge: 0.0 ms]
   [Clear CT: 0.2 ms]
   [Other: 1.0 ms]
      [Choose CSet: 0.0 ms]
      [Ref Proc: 0.1 ms]
      [Ref Enq: 0.0 ms]
      [Redirty Cards: 0.3 ms]
      [Humongous Register: 0.1 ms]
      [Humongous Reclaim: 0.0 ms]
      [Free CSet: 0.3 ms]
   [Eden: 255.0M(255.0M)->0.0B(265.0M) Survivors: 37.0M->37.0M Heap: 926.6M(2048.0M)->928.6M(2048.0M)]
 [Times: user=1.25 sys=0.00, real=0.16 secs] 
2020-09-29T12:27:26.838+0200: 18.164: [GC pause (G1 Humongous Allocation) (young) (initial-mark), 0.0940540 secs]
   [Parallel Time: 93.0 ms, GC Workers: 8]
      [GC Worker Start (ms): Min: 18164.5, Avg: 18164.5, Max: 18164.5, Diff: 0.1]
      [Ext Root Scanning (ms): Min: 0.0, Avg: 0.1, Max: 0.1, Diff: 0.1, Sum: 0.8]
      [Update RS (ms): Min: 17.9, Avg: 18.4, Max: 18.8, Diff: 0.9, Sum: 146.8]
         [Processed Buffers: Min: 17, Avg: 17.6, Max: 18, Diff: 1, Sum: 141]
      [Scan RS (ms): Min: 5.8, Avg: 6.3, Max: 6.7, Diff: 0.9, Sum: 50.6]
      [Code Root Scanning (ms): Min: 0.0, Avg: 0.0, Max: 0.0, Diff: 0.0, Sum: 0.0]
      [Object Copy (ms): Min: 67.9, Avg: 68.0, Max: 68.1, Diff: 0.3, Sum: 544.1]
      [Termination (ms): Min: 0.0, Avg: 0.0, Max: 0.0, Diff: 0.0, Sum: 0.3]
         [Termination Attempts: Min: 1, Avg: 252.3, Max: 313, Diff: 312, Sum: 2018]
      [GC Worker Other (ms): Min: 0.0, Avg: 0.0, Max: 0.1, Diff: 0.0, Sum: 0.3]
      [GC Worker Total (ms): Min: 92.8, Avg: 92.8, Max: 92.9, Diff: 0.1, Sum: 742.8]
      [GC Worker End (ms): Min: 18257.3, Avg: 18257.3, Max: 18257.4, Diff: 0.0]
   [Code Root Fixup: 0.0 ms]
   [Code Root Purge: 0.0 ms]
   [Clear CT: 0.2 ms]
   [Other: 0.9 ms]
      [Choose CSet: 0.0 ms]
      [Ref Proc: 0.2 ms]
      [Ref Enq: 0.0 ms]
      [Redirty Cards: 0.2 ms]
      [Humongous Register: 0.1 ms]
      [Humongous Reclaim: 0.0 ms]
      [Free CSet: 0.1 ms]
   [Eden: 136.0M(265.0M)->0.0B(290.0M) Survivors: 37.0M->38.0M Heap: 1085.6M(2048.0M)->1087.6M(2048.0M)]
 [Times: user=0.74 sys=0.02, real=0.09 secs] 
2020-09-29T12:27:26.932+0200: 18.259: [GC concurrent-root-region-scan-start]
2020-09-29T12:27:26.945+0200: 18.272: [GC concurrent-root-region-scan-end, 0.0129850 secs]
2020-09-29T12:27:26.945+0200: 18.272: [GC concurrent-mark-start]
2020-09-29T12:27:26.949+0200: 18.275: [GC concurrent-mark-end, 0.0034044 secs]
2020-09-29T12:27:26.949+0200: 18.276: [GC remark 2020-09-29T12:27:26.949+0200: 18.276: [Finalize Marking, 0.0001572 secs] 2020-09-29T12:27:26.950+0200: 18.276: [GC ref-proc, 0.0003799 secs] 2020-09-29T12:27:26.950+0200: 18.276: [Unloading, 0.0004293 secs], 0.0013447 secs]
 [Times: user=0.00 sys=0.00, real=0.00 secs] 
2020-09-29T12:27:26.951+0200: 18.278: [GC cleanup 1127M->87M(2048M), 0.0012567 secs]
 [Times: user=0.00 sys=0.00, real=0.00 secs] 
2020-09-29T12:27:26.953+0200: 18.279: [GC concurrent-cleanup-start]
2020-09-29T12:27:26.955+0200: 18.282: [GC concurrent-cleanup-end, 0.0026790 secs]
2020-09-29T12:27:27.112+0200: 18.439: [GC pause (G1 Evacuation Pause) (young), 0.1736759 secs]
   [Parallel Time: 172.5 ms, GC Workers: 8]
      [GC Worker Start (ms): Min: 18438.7, Avg: 18438.8, Max: 18438.8, Diff: 0.1]
      [Ext Root Scanning (ms): Min: 0.0, Avg: 0.1, Max: 0.2, Diff: 0.1, Sum: 0.7]
      [Update RS (ms): Min: 26.3, Avg: 26.5, Max: 27.0, Diff: 0.7, Sum: 212.4]
         [Processed Buffers: Min: 22, Avg: 25.5, Max: 30, Diff: 8, Sum: 204]
      [Scan RS (ms): Min: 15.6, Avg: 17.4, Max: 26.2, Diff: 10.6, Sum: 138.9]
      [Code Root Scanning (ms): Min: 0.0, Avg: 0.0, Max: 0.0, Diff: 0.0, Sum: 0.0]
      [Object Copy (ms): Min: 119.2, Avg: 128.1, Max: 129.6, Diff: 10.4, Sum: 1025.1]
      [Termination (ms): Min: 0.0, Avg: 0.1, Max: 0.2, Diff: 0.2, Sum: 1.1]
         [Termination Attempts: Min: 1, Avg: 1049.9, Max: 1339, Diff: 1338, Sum: 8399]
      [GC Worker Other (ms): Min: 0.0, Avg: 0.0, Max: 0.1, Diff: 0.1, Sum: 0.3]
      [GC Worker Total (ms): Min: 172.3, Avg: 172.3, Max: 172.4, Diff: 0.1, Sum: 1378.5]
      [GC Worker End (ms): Min: 18611.1, Avg: 18611.1, Max: 18611.1, Diff: 0.1]
   [Code Root Fixup: 0.0 ms]
   [Code Root Purge: 0.0 ms]
   [Clear CT: 0.2 ms]
   [Other: 1.0 ms]
      [Choose CSet: 0.0 ms]
      [Ref Proc: 0.3 ms]
      [Ref Enq: 0.0 ms]
      [Redirty Cards: 0.2 ms]
      [Humongous Register: 0.1 ms]
      [Humongous Reclaim: 0.0 ms]
      [Free CSet: 0.2 ms]
   [Eden: 290.0M(290.0M)->0.0B(287.0M) Survivors: 38.0M->41.0M Heap: 387.6M(2048.0M)->351.6M(2048.0M)]
 [Times: user=1.41 sys=0.03, real=0.17 secs] 
2020-09-29T12:27:27.436+0200: 18.762: [GC pause (G1 Evacuation Pause) (young), 0.1835370 secs]
   [Parallel Time: 182.6 ms, GC Workers: 8]
      [GC Worker Start (ms): Min: 18762.2, Avg: 18762.3, Max: 18762.3, Diff: 0.2]
      [Ext Root Scanning (ms): Min: 0.0, Avg: 0.1, Max: 0.1, Diff: 0.1, Sum: 0.5]
      [Update RS (ms): Min: 18.4, Avg: 18.6, Max: 18.9, Diff: 0.5, Sum: 149.2]
         [Processed Buffers: Min: 18, Avg: 20.1, Max: 23, Diff: 5, Sum: 161]
      [Scan RS (ms): Min: 22.3, Avg: 22.5, Max: 22.9, Diff: 0.6, Sum: 180.0]
      [Code Root Scanning (ms): Min: 0.0, Avg: 0.0, Max: 0.0, Diff: 0.0, Sum: 0.0]
      [Object Copy (ms): Min: 140.7, Avg: 140.8, Max: 140.9, Diff: 0.2, Sum: 1126.8]
      [Termination (ms): Min: 0.0, Avg: 0.0, Max: 0.0, Diff: 0.0, Sum: 0.1]
         [Termination Attempts: Min: 1, Avg: 91.6, Max: 146, Diff: 145, Sum: 733]
      [GC Worker Other (ms): Min: 0.1, Avg: 0.1, Max: 0.1, Diff: 0.1, Sum: 0.9]
      [GC Worker Total (ms): Min: 182.1, Avg: 182.2, Max: 182.3, Diff: 0.2, Sum: 1457.5]
      [GC Worker End (ms): Min: 18944.4, Avg: 18944.4, Max: 18944.5, Diff: 0.1]
   [Code Root Fixup: 0.0 ms]
   [Code Root Purge: 0.0 ms]
   [Clear CT: 0.2 ms]
   [Other: 0.8 ms]
      [Choose CSet: 0.0 ms]
      [Ref Proc: 0.2 ms]
      [Ref Enq: 0.0 ms]
      [Redirty Cards: 0.2 ms]
      [Humongous Register: 0.0 ms]
      [Humongous Reclaim: 0.0 ms]
      [Free CSet: 0.2 ms]
   [Eden: 287.0M(287.0M)->0.0B(281.0M) Survivors: 41.0M->41.0M Heap: 686.3M(2048.0M)->687.8M(2048.0M)]
 [Times: user=1.49 sys=0.02, real=0.18 secs] 
2020-09-29T12:27:27.774+0200: 19.100: [GC pause (G1 Evacuation Pause) (young), 0.1925455 secs]
   [Parallel Time: 191.5 ms, GC Workers: 8]
      [GC Worker Start (ms): Min: 19100.4, Avg: 19100.6, Max: 19101.2, Diff: 0.8]
      [Ext Root Scanning (ms): Min: 0.0, Avg: 0.1, Max: 0.2, Diff: 0.2, Sum: 0.7]
      [Update RS (ms): Min: 17.3, Avg: 17.7, Max: 18.1, Diff: 0.8, Sum: 141.6]
         [Processed Buffers: Min: 14, Avg: 17.0, Max: 18, Diff: 4, Sum: 136]
      [Scan RS (ms): Min: 22.3, Avg: 22.6, Max: 23.2, Diff: 0.9, Sum: 180.9]
      [Code Root Scanning (ms): Min: 0.0, Avg: 0.0, Max: 0.0, Diff: 0.0, Sum: 0.0]
      [Object Copy (ms): Min: 150.1, Avg: 150.3, Max: 150.7, Diff: 0.6, Sum: 1202.4]
      [Termination (ms): Min: 0.0, Avg: 0.5, Max: 0.7, Diff: 0.7, Sum: 3.9]
         [Termination Attempts: Min: 1, Avg: 3146.4, Max: 4095, Diff: 4094, Sum: 25171]
      [GC Worker Other (ms): Min: 0.0, Avg: 0.1, Max: 0.1, Diff: 0.1, Sum: 0.4]
      [GC Worker Total (ms): Min: 190.6, Avg: 191.3, Max: 191.4, Diff: 0.8, Sum: 1530.0]
      [GC Worker End (ms): Min: 19291.8, Avg: 19291.9, Max: 19291.9, Diff: 0.1]
   [Code Root Fixup: 0.0 ms]
   [Code Root Purge: 0.0 ms]
   [Clear CT: 0.1 ms]
   [Other: 0.9 ms]
      [Choose CSet: 0.0 ms]
      [Ref Proc: 0.1 ms]
      [Ref Enq: 0.0 ms]
      [Redirty Cards: 0.2 ms]
      [Humongous Register: 0.0 ms]
      [Humongous Reclaim: 0.0 ms]
      [Free CSet: 0.3 ms]
   [Eden: 281.0M(281.0M)->0.0B(268.0M) Survivors: 41.0M->41.0M Heap: 1014.6M(2048.0M)->1016.6M(2048.0M)]
 [Times: user=1.34 sys=0.11, real=0.19 secs] 
2020-09-29T12:27:27.974+0200: 19.300: [GC pause (G1 Humongous Allocation) (young) (initial-mark), 0.0611150 secs]
   [Parallel Time: 60.2 ms, GC Workers: 8]
      [GC Worker Start (ms): Min: 19300.5, Avg: 19300.5, Max: 19300.5, Diff: 0.1]
      [Ext Root Scanning (ms): Min: 0.0, Avg: 0.1, Max: 0.1, Diff: 0.1, Sum: 0.7]
      [Update RS (ms): Min: 33.9, Avg: 34.1, Max: 34.3, Diff: 0.5, Sum: 272.7]
         [Processed Buffers: Min: 41, Avg: 42.4, Max: 44, Diff: 3, Sum: 339]
      [Scan RS (ms): Min: 2.6, Avg: 2.8, Max: 3.0, Diff: 0.4, Sum: 22.3]
      [Code Root Scanning (ms): Min: 0.0, Avg: 0.0, Max: 0.0, Diff: 0.0, Sum: 0.0]
      [Object Copy (ms): Min: 22.9, Avg: 22.9, Max: 23.1, Diff: 0.2, Sum: 183.4]
      [Termination (ms): Min: 0.0, Avg: 0.2, Max: 0.2, Diff: 0.2, Sum: 1.3]
         [Termination Attempts: Min: 1, Avg: 1068.8, Max: 1290, Diff: 1289, Sum: 8550]
      [GC Worker Other (ms): Min: 0.0, Avg: 0.0, Max: 0.0, Diff: 0.0, Sum: 0.2]
      [GC Worker Total (ms): Min: 60.0, Avg: 60.1, Max: 60.1, Diff: 0.1, Sum: 480.5]
      [GC Worker End (ms): Min: 19360.6, Avg: 19360.6, Max: 19360.6, Diff: 0.0]
   [Code Root Fixup: 0.0 ms]
   [Code Root Purge: 0.0 ms]
   [Clear CT: 0.2 ms]
   [Other: 0.7 ms]
      [Choose CSet: 0.0 ms]
      [Ref Proc: 0.1 ms]
      [Ref Enq: 0.0 ms]
      [Redirty Cards: 0.1 ms]
      [Humongous Register: 0.1 ms]
      [Humongous Reclaim: 0.0 ms]
      [Free CSet: 0.1 ms]
   [Eden: 1024.0K(268.0M)->0.0B(310.0M) Survivors: 41.0M->3072.0K Heap: 1017.1M(2048.0M)->1021.6M(2048.0M)]
 [Times: user=0.38 sys=0.00, real=0.06 secs] 
2020-09-29T12:27:28.035+0200: 19.362: [GC concurrent-root-region-scan-start]
2020-09-29T12:27:28.035+0200: 19.362: [GC concurrent-root-region-scan-end, 0.0002857 secs]
2020-09-29T12:27:28.035+0200: 19.362: [GC concurrent-mark-start]
2020-09-29T12:27:28.040+0200: 19.366: [GC concurrent-mark-end, 0.0040593 secs]
2020-09-29T12:27:28.040+0200: 19.366: [GC remark 2020-09-29T12:27:28.040+0200: 19.366: [Finalize Marking, 0.0001492 secs] 2020-09-29T12:27:28.040+0200: 19.366: [GC ref-proc, 0.0004154 secs] 2020-09-29T12:27:28.040+0200: 19.367: [Unloading, 0.0004824 secs], 0.0014162 secs]
 [Times: user=0.00 sys=0.00, real=0.00 secs] 
2020-09-29T12:27:28.042+0200: 19.368: [GC cleanup 1031M->22M(2048M), 0.0012406 secs]
 [Times: user=0.00 sys=0.00, real=0.00 secs] 
2020-09-29T12:27:28.043+0200: 19.369: [GC concurrent-cleanup-start]
2020-09-29T12:27:28.045+0200: 19.371: [GC concurrent-cleanup-end, 0.0017032 secs]
2020-09-29T12:27:28.221+0200: 19.548: [GC pause (G1 Evacuation Pause) (young), 0.1624703 secs]
   [Parallel Time: 161.6 ms, GC Workers: 8]
      [GC Worker Start (ms): Min: 19547.7, Avg: 19547.8, Max: 19547.9, Diff: 0.2]
      [Ext Root Scanning (ms): Min: 0.0, Avg: 0.1, Max: 0.2, Diff: 0.2, Sum: 0.4]
      [Update RS (ms): Min: 18.6, Avg: 18.7, Max: 19.2, Diff: 0.7, Sum: 149.6]
         [Processed Buffers: Min: 18, Avg: 20.0, Max: 23, Diff: 5, Sum: 160]
      [Scan RS (ms): Min: 20.0, Avg: 20.5, Max: 20.7, Diff: 0.7, Sum: 164.3]
      [Code Root Scanning (ms): Min: 0.0, Avg: 0.0, Max: 0.0, Diff: 0.0, Sum: 0.0]
      [Object Copy (ms): Min: 121.7, Avg: 121.8, Max: 121.9, Diff: 0.1, Sum: 974.5]
      [Termination (ms): Min: 0.0, Avg: 0.1, Max: 0.2, Diff: 0.2, Sum: 0.9]
         [Termination Attempts: Min: 1, Avg: 803.3, Max: 1184, Diff: 1183, Sum: 6426]
      [GC Worker Other (ms): Min: 0.0, Avg: 0.0, Max: 0.1, Diff: 0.1, Sum: 0.4]
      [GC Worker Total (ms): Min: 161.2, Avg: 161.3, Max: 161.4, Diff: 0.2, Sum: 1290.2]
      [GC Worker End (ms): Min: 19709.1, Avg: 19709.1, Max: 19709.2, Diff: 0.1]
   [Code Root Fixup: 0.0 ms]
   [Code Root Purge: 0.0 ms]
   [Clear CT: 0.2 ms]
   [Other: 0.7 ms]
      [Choose CSet: 0.0 ms]
      [Ref Proc: 0.1 ms]
      [Ref Enq: 0.0 ms]
      [Redirty Cards: 0.2 ms]
      [Humongous Register: 0.0 ms]
      [Humongous Reclaim: 0.0 ms]
      [Free CSet: 0.2 ms]
   [Eden: 310.0M(310.0M)->0.0B(271.0M) Survivors: 3072.0K->40.0M Heap: 376.4M(2048.0M)->375.4M(2048.0M)]
 [Times: user=1.33 sys=0.03, real=0.16 secs] 
2020-09-29T12:27:28.522+0200: 19.849: [GC pause (G1 Evacuation Pause) (young), 0.1689435 secs]
   [Parallel Time: 167.9 ms, GC Workers: 8]
      [GC Worker Start (ms): Min: 19849.0, Avg: 19849.1, Max: 19849.2, Diff: 0.1]
      [Ext Root Scanning (ms): Min: 0.0, Avg: 0.1, Max: 0.1, Diff: 0.1, Sum: 0.5]
      [Update RS (ms): Min: 18.5, Avg: 18.7, Max: 19.1, Diff: 0.6, Sum: 150.0]
         [Processed Buffers: Min: 19, Avg: 19.9, Max: 22, Diff: 3, Sum: 159]
      [Scan RS (ms): Min: 18.2, Avg: 18.6, Max: 18.8, Diff: 0.6, Sum: 148.6]
      [Code Root Scanning (ms): Min: 0.0, Avg: 0.0, Max: 0.0, Diff: 0.0, Sum: 0.0]
      [Object Copy (ms): Min: 130.1, Avg: 130.2, Max: 130.3, Diff: 0.2, Sum: 1041.3]
      [Termination (ms): Min: 0.0, Avg: 0.1, Max: 0.1, Diff: 0.1, Sum: 0.7]
         [Termination Attempts: Min: 1, Avg: 646.6, Max: 863, Diff: 862, Sum: 5173]
      [GC Worker Other (ms): Min: 0.1, Avg: 0.1, Max: 0.1, Diff: 0.0, Sum: 0.5]
      [GC Worker Total (ms): Min: 167.6, Avg: 167.7, Max: 167.8, Diff: 0.1, Sum: 1341.6]
      [GC Worker End (ms): Min: 20016.8, Avg: 20016.8, Max: 20016.8, Diff: 0.0]
   [Code Root Fixup: 0.0 ms]
   [Code Root Purge: 0.0 ms]
   [Clear CT: 0.2 ms]
   [Other: 0.9 ms]
      [Choose CSet: 0.0 ms]
      [Ref Proc: 0.2 ms]
      [Ref Enq: 0.0 ms]
      [Redirty Cards: 0.2 ms]
      [Humongous Register: 0.0 ms]
      [Humongous Reclaim: 0.0 ms]
      [Free CSet: 0.3 ms]
   [Eden: 271.0M(271.0M)->0.0B(267.0M) Survivors: 40.0M->39.0M Heap: 690.3M(2048.0M)->692.8M(2048.0M)]
 [Times: user=1.19 sys=0.05, real=0.17 secs] 
2020-09-29T12:27:28.835+0200: 20.162: [GC pause (G1 Evacuation Pause) (young), 0.1741787 secs]
   [Parallel Time: 173.2 ms, GC Workers: 8]
      [GC Worker Start (ms): Min: 20161.7, Avg: 20161.8, Max: 20161.9, Diff: 0.2]
      [Ext Root Scanning (ms): Min: 0.0, Avg: 0.1, Max: 0.2, Diff: 0.2, Sum: 0.5]
      [Update RS (ms): Min: 27.0, Avg: 27.1, Max: 27.5, Diff: 0.5, Sum: 216.9]
         [Processed Buffers: Min: 23, Avg: 26.6, Max: 30, Diff: 7, Sum: 213]
      [Scan RS (ms): Min: 15.8, Avg: 16.2, Max: 16.4, Diff: 0.6, Sum: 129.2]
      [Code Root Scanning (ms): Min: 0.0, Avg: 0.0, Max: 0.0, Diff: 0.0, Sum: 0.0]
      [Object Copy (ms): Min: 129.5, Avg: 129.6, Max: 129.7, Diff: 0.2, Sum: 1037.0]
      [Termination (ms): Min: 0.0, Avg: 0.1, Max: 0.1, Diff: 0.1, Sum: 0.4]
         [Termination Attempts: Min: 1, Avg: 141.6, Max: 228, Diff: 227, Sum: 1133]
      [GC Worker Other (ms): Min: 0.0, Avg: 0.0, Max: 0.1, Diff: 0.0, Sum: 0.2]
      [GC Worker Total (ms): Min: 173.0, Avg: 173.0, Max: 173.1, Diff: 0.1, Sum: 1384.3]
      [GC Worker End (ms): Min: 20334.9, Avg: 20334.9, Max: 20334.9, Diff: 0.0]
   [Code Root Fixup: 0.0 ms]
   [Code Root Purge: 0.0 ms]
   [Clear CT: 0.1 ms]
   [Other: 0.9 ms]
      [Choose CSet: 0.0 ms]
      [Ref Proc: 0.2 ms]
      [Ref Enq: 0.0 ms]
      [Redirty Cards: 0.2 ms]
      [Humongous Register: 0.0 ms]
      [Humongous Reclaim: 0.0 ms]
      [Free CSet: 0.3 ms]
   [Eden: 267.0M(267.0M)->0.0B(266.0M) Survivors: 39.0M->39.0M Heap: 1005.6M(2048.0M)->1007.6M(2048.0M)]
 [Times: user=1.30 sys=0.05, real=0.17 secs] 
2020-09-29T12:27:29.023+0200: 20.350: [GC pause (G1 Humongous Allocation) (young) (initial-mark), 0.0571817 secs]
   [Parallel Time: 56.0 ms, GC Workers: 8]
      [GC Worker Start (ms): Min: 20350.0, Avg: 20350.1, Max: 20350.2, Diff: 0.2]
      [Ext Root Scanning (ms): Min: 0.0, Avg: 3.2, Max: 24.8, Diff: 24.8, Sum: 26.0]
      [Update RS (ms): Min: 8.1, Avg: 29.4, Max: 32.8, Diff: 24.7, Sum: 235.1]
         [Processed Buffers: Min: 10, Avg: 33.9, Max: 40, Diff: 30, Sum: 271]
      [Scan RS (ms): Min: 2.4, Avg: 2.8, Max: 3.1, Diff: 0.6, Sum: 22.4]
      [Code Root Scanning (ms): Min: 0.0, Avg: 0.0, Max: 0.0, Diff: 0.0, Sum: 0.0]
      [Object Copy (ms): Min: 20.4, Avg: 20.4, Max: 20.5, Diff: 0.1, Sum: 163.5]
      [Termination (ms): Min: 0.0, Avg: 0.0, Max: 0.0, Diff: 0.0, Sum: 0.2]
         [Termination Attempts: Min: 1, Avg: 203.9, Max: 278, Diff: 277, Sum: 1631]
      [GC Worker Other (ms): Min: 0.0, Avg: 0.0, Max: 0.0, Diff: 0.0, Sum: 0.2]
      [GC Worker Total (ms): Min: 55.8, Avg: 55.9, Max: 56.0, Diff: 0.2, Sum: 447.4]
      [GC Worker End (ms): Min: 20406.0, Avg: 20406.0, Max: 20406.0, Diff: 0.0]
   [Code Root Fixup: 0.0 ms]
   [Code Root Purge: 0.0 ms]
   [Clear CT: 0.2 ms]
   [Other: 1.0 ms]
      [Choose CSet: 0.0 ms]
      [Ref Proc: 0.2 ms]
      [Ref Enq: 0.0 ms]
      [Redirty Cards: 0.3 ms]
      [Humongous Register: 0.1 ms]
      [Humongous Reclaim: 0.0 ms]
      [Free CSet: 0.1 ms]
   [Eden: 11.0M(266.0M)->0.0B(310.0M) Survivors: 39.0M->12.0M Heap: 1018.1M(2048.0M)->1021.1M(2048.0M)]
 [Times: user=0.34 sys=0.00, real=0.06 secs] 
2020-09-29T12:27:29.081+0200: 20.407: [GC concurrent-root-region-scan-start]
2020-09-29T12:27:29.084+0200: 20.410: [GC concurrent-root-region-scan-end, 0.0033605 secs]
2020-09-29T12:27:29.084+0200: 20.410: [GC concurrent-mark-start]
2020-09-29T12:27:29.087+0200: 20.414: [GC concurrent-mark-end, 0.0032522 secs]
2020-09-29T12:27:29.087+0200: 20.414: [GC remark 2020-09-29T12:27:29.087+0200: 20.414: [Finalize Marking, 0.0001894 secs] 2020-09-29T12:27:29.088+0200: 20.414: [GC ref-proc, 0.0003198 secs] 2020-09-29T12:27:29.088+0200: 20.414: [Unloading, 0.0005441 secs], 0.0013755 secs]
 [Times: user=0.00 sys=0.00, real=0.00 secs] 
2020-09-29T12:27:29.089+0200: 20.416: [GC cleanup 1034M->35M(2048M), 0.0013788 secs]
 [Times: user=0.00 sys=0.00, real=0.00 secs] 
2020-09-29T12:27:29.091+0200: 20.417: [GC concurrent-cleanup-start]
2020-09-29T12:27:29.092+0200: 20.419: [GC concurrent-cleanup-end, 0.0017118 secs]
2020-09-29T12:27:29.261+0200: 20.587: [GC pause (G1 Evacuation Pause) (young), 0.2048132 secs]
   [Parallel Time: 203.5 ms, GC Workers: 8]
      [GC Worker Start (ms): Min: 20587.2, Avg: 20587.3, Max: 20587.4, Diff: 0.2]
      [Ext Root Scanning (ms): Min: 0.0, Avg: 0.1, Max: 0.2, Diff: 0.2, Sum: 0.6]
      [Update RS (ms): Min: 24.5, Avg: 24.6, Max: 25.1, Diff: 0.6, Sum: 197.1]
         [Processed Buffers: Min: 18, Avg: 22.1, Max: 26, Diff: 8, Sum: 177]
      [Scan RS (ms): Min: 22.1, Avg: 24.5, Max: 39.1, Diff: 16.9, Sum: 196.0]
      [Code Root Scanning (ms): Min: 0.0, Avg: 0.0, Max: 0.0, Diff: 0.0, Sum: 0.0]
      [Object Copy (ms): Min: 138.9, Avg: 153.6, Max: 156.1, Diff: 17.2, Sum: 1228.9]
      [Termination (ms): Min: 0.0, Avg: 0.3, Max: 0.5, Diff: 0.5, Sum: 2.7]
         [Termination Attempts: Min: 1, Avg: 2476.5, Max: 3267, Diff: 3266, Sum: 19812]
      [GC Worker Other (ms): Min: 0.0, Avg: 0.1, Max: 0.1, Diff: 0.1, Sum: 0.4]
      [GC Worker Total (ms): Min: 203.1, Avg: 203.2, Max: 203.3, Diff: 0.2, Sum: 1625.8]
      [GC Worker End (ms): Min: 20790.5, Avg: 20790.5, Max: 20790.6, Diff: 0.1]
   [Code Root Fixup: 0.0 ms]
   [Code Root Purge: 0.0 ms]
   [Clear CT: 0.4 ms]
   [Other: 1.0 ms]
      [Choose CSet: 0.0 ms]
      [Ref Proc: 0.3 ms]
      [Ref Enq: 0.0 ms]
      [Redirty Cards: 0.2 ms]
      [Humongous Register: 0.0 ms]
      [Humongous Reclaim: 0.0 ms]
      [Free CSet: 0.2 ms]
   [Eden: 310.0M(310.0M)->0.0B(251.0M) Survivors: 12.0M->41.0M Heap: 385.4M(2048.0M)->375.4M(2048.0M)]
 [Times: user=1.48 sys=0.05, real=0.21 secs] 
2020-09-29T12:27:29.609+0200: 20.936: [GC pause (G1 Evacuation Pause) (young), 0.1743678 secs]
   [Parallel Time: 173.2 ms, GC Workers: 8]
      [GC Worker Start (ms): Min: 20935.8, Avg: 20935.9, Max: 20935.9, Diff: 0.1]
      [Ext Root Scanning (ms): Min: 0.0, Avg: 0.1, Max: 0.1, Diff: 0.1, Sum: 0.6]
      [Update RS (ms): Min: 21.2, Avg: 21.4, Max: 22.1, Diff: 0.8, Sum: 170.9]
         [Processed Buffers: Min: 20, Avg: 22.3, Max: 27, Diff: 7, Sum: 178]
      [Scan RS (ms): Min: 15.4, Avg: 16.1, Max: 16.2, Diff: 0.8, Sum: 128.5]
      [Code Root Scanning (ms): Min: 0.0, Avg: 0.0, Max: 0.0, Diff: 0.0, Sum: 0.0]
      [Object Copy (ms): Min: 134.7, Avg: 134.9, Max: 135.3, Diff: 0.6, Sum: 1078.9]
      [Termination (ms): Min: 0.0, Avg: 0.5, Max: 0.8, Diff: 0.7, Sum: 4.2]
         [Termination Attempts: Min: 1, Avg: 3107.6, Max: 4005, Diff: 4004, Sum: 24861]
      [GC Worker Other (ms): Min: 0.0, Avg: 0.0, Max: 0.0, Diff: 0.0, Sum: 0.1]
      [GC Worker Total (ms): Min: 172.8, Avg: 172.9, Max: 173.0, Diff: 0.2, Sum: 1383.3]
      [GC Worker End (ms): Min: 21108.8, Avg: 21108.8, Max: 21108.8, Diff: 0.0]
   [Code Root Fixup: 0.0 ms]
   [Code Root Purge: 0.0 ms]
   [Clear CT: 0.2 ms]
   [Other: 1.0 ms]
      [Choose CSet: 0.0 ms]
      [Ref Proc: 0.2 ms]
      [Ref Enq: 0.0 ms]
      [Redirty Cards: 0.2 ms]
      [Humongous Register: 0.0 ms]
      [Humongous Reclaim: 0.0 ms]
      [Free CSet: 0.3 ms]
   [Eden: 251.0M(251.0M)->0.0B(253.0M) Survivors: 41.0M->37.0M Heap: 668.4M(2048.0M)->670.9M(2048.0M)]
 [Times: user=1.27 sys=0.09, real=0.17 secs] 
2020-09-29T12:27:29.921+0200: 21.248: [GC pause (G1 Evacuation Pause) (young), 0.1585187 secs]
   [Parallel Time: 157.6 ms, GC Workers: 8]
      [GC Worker Start (ms): Min: 21248.1, Avg: 21248.1, Max: 21248.2, Diff: 0.1]
      [Ext Root Scanning (ms): Min: 0.0, Avg: 0.1, Max: 0.1, Diff: 0.1, Sum: 0.5]
      [Update RS (ms): Min: 13.2, Avg: 13.4, Max: 13.6, Diff: 0.4, Sum: 107.1]
         [Processed Buffers: Min: 13, Avg: 15.9, Max: 17, Diff: 4, Sum: 127]
      [Scan RS (ms): Min: 18.9, Avg: 19.1, Max: 19.3, Diff: 0.5, Sum: 153.1]
      [Code Root Scanning (ms): Min: 0.0, Avg: 0.0, Max: 0.0, Diff: 0.0, Sum: 0.0]
      [Object Copy (ms): Min: 124.4, Avg: 124.5, Max: 124.6, Diff: 0.2, Sum: 996.1]
      [Termination (ms): Min: 0.0, Avg: 0.0, Max: 0.1, Diff: 0.1, Sum: 0.4]
         [Termination Attempts: Min: 1, Avg: 347.6, Max: 473, Diff: 472, Sum: 2781]
      [GC Worker Other (ms): Min: 0.2, Avg: 0.3, Max: 0.3, Diff: 0.1, Sum: 2.1]
      [GC Worker Total (ms): Min: 157.4, Avg: 157.4, Max: 157.5, Diff: 0.1, Sum: 1259.3]
      [GC Worker End (ms): Min: 21405.5, Avg: 21405.6, Max: 21405.6, Diff: 0.1]
   [Code Root Fixup: 0.0 ms]
   [Code Root Purge: 0.0 ms]
   [Clear CT: 0.2 ms]
   [Other: 0.8 ms]
      [Choose CSet: 0.0 ms]
      [Ref Proc: 0.2 ms]
      [Ref Enq: 0.0 ms]
      [Redirty Cards: 0.2 ms]
      [Humongous Register: 0.0 ms]
      [Humongous Reclaim: 0.0 ms]
      [Free CSet: 0.2 ms]
   [Eden: 253.0M(253.0M)->0.0B(259.0M) Survivors: 37.0M->37.0M Heap: 965.8M(2048.0M)->968.3M(2048.0M)]
 [Times: user=1.14 sys=0.03, real=0.16 secs] 
2020-09-29T12:27:30.093+0200: 21.419: [GC pause (G1 Humongous Allocation) (young) (initial-mark), 0.0495370 secs]
   [Parallel Time: 48.1 ms, GC Workers: 8]
      [GC Worker Start (ms): Min: 21419.3, Avg: 21419.4, Max: 21419.5, Diff: 0.2]
      [Ext Root Scanning (ms): Min: 0.0, Avg: 0.2, Max: 0.5, Diff: 0.5, Sum: 1.9]
      [Update RS (ms): Min: 24.1, Avg: 24.4, Max: 24.6, Diff: 0.5, Sum: 195.0]
         [Processed Buffers: Min: 29, Avg: 30.3, Max: 32, Diff: 3, Sum: 242]
      [Scan RS (ms): Min: 2.5, Avg: 2.7, Max: 2.9, Diff: 0.4, Sum: 21.6]
      [Code Root Scanning (ms): Min: 0.0, Avg: 0.0, Max: 0.0, Diff: 0.0, Sum: 0.0]
      [Object Copy (ms): Min: 20.4, Avg: 20.5, Max: 20.5, Diff: 0.1, Sum: 164.0]
      [Termination (ms): Min: 0.0, Avg: 0.0, Max: 0.0, Diff: 0.0, Sum: 0.3]
         [Termination Attempts: Min: 1, Avg: 235.1, Max: 288, Diff: 287, Sum: 1881]
      [GC Worker Other (ms): Min: 0.0, Avg: 0.0, Max: 0.0, Diff: 0.0, Sum: 0.2]
      [GC Worker Total (ms): Min: 47.8, Avg: 47.9, Max: 48.0, Diff: 0.2, Sum: 382.9]
      [GC Worker End (ms): Min: 21467.3, Avg: 21467.3, Max: 21467.3, Diff: 0.0]
   [Code Root Fixup: 0.0 ms]
   [Code Root Purge: 0.0 ms]
   [Clear CT: 0.3 ms]
   [Other: 1.2 ms]
      [Choose CSet: 0.0 ms]
      [Ref Proc: 0.4 ms]
      [Ref Enq: 0.0 ms]
      [Redirty Cards: 0.4 ms]
      [Humongous Register: 0.0 ms]
      [Humongous Reclaim: 0.0 ms]
      [Free CSet: 0.1 ms]
   [Eden: 11.0M(259.0M)->0.0B(308.0M) Survivors: 37.0M->13.0M Heap: 978.8M(2048.0M)->982.3M(2048.0M)]
 [Times: user=0.38 sys=0.00, real=0.05 secs] 
2020-09-29T12:27:30.142+0200: 21.469: [GC concurrent-root-region-scan-start]
2020-09-29T12:27:30.146+0200: 21.473: [GC concurrent-root-region-scan-end, 0.0037053 secs]
2020-09-29T12:27:30.146+0200: 21.473: [GC concurrent-mark-start]
2020-09-29T12:27:30.149+0200: 21.475: [GC concurrent-mark-end, 0.0026739 secs]
2020-09-29T12:27:30.149+0200: 21.476: [GC remark 2020-09-29T12:27:30.149+0200: 21.476: [Finalize Marking, 0.0002986 secs] 2020-09-29T12:27:30.149+0200: 21.476: [GC ref-proc, 0.0003201 secs] 2020-09-29T12:27:30.150+0200: 21.476: [Unloading, 0.0005250 secs], 0.0014486 secs]
 [Times: user=0.00 sys=0.00, real=0.00 secs] 
2020-09-29T12:27:30.151+0200: 21.477: [GC cleanup 997M->37M(2048M), 0.0013760 secs]
 [Times: user=0.00 sys=0.00, real=0.00 secs] 
2020-09-29T12:27:30.152+0200: 21.479: [GC concurrent-cleanup-start]
2020-09-29T12:27:30.153+0200: 21.480: [GC concurrent-cleanup-end, 0.0013468 secs]
2020-09-29T12:27:30.318+0200: 21.645: [GC pause (G1 Evacuation Pause) (young), 0.1660672 secs]
   [Parallel Time: 164.9 ms, GC Workers: 8]
      [GC Worker Start (ms): Min: 21644.6, Avg: 21644.7, Max: 21644.8, Diff: 0.2]
      [Ext Root Scanning (ms): Min: 0.0, Avg: 0.1, Max: 0.2, Diff: 0.2, Sum: 0.4]
      [Update RS (ms): Min: 15.3, Avg: 15.8, Max: 16.3, Diff: 0.9, Sum: 126.4]
         [Processed Buffers: Min: 16, Avg: 16.8, Max: 18, Diff: 2, Sum: 134]
      [Scan RS (ms): Min: 20.0, Avg: 20.5, Max: 20.9, Diff: 0.9, Sum: 163.9]
      [Code Root Scanning (ms): Min: 0.0, Avg: 0.0, Max: 0.0, Diff: 0.0, Sum: 0.0]
      [Object Copy (ms): Min: 128.2, Avg: 128.2, Max: 128.3, Diff: 0.1, Sum: 1025.9]
      [Termination (ms): Min: 0.0, Avg: 0.1, Max: 0.1, Diff: 0.1, Sum: 0.6]
         [Termination Attempts: Min: 1, Avg: 532.3, Max: 787, Diff: 786, Sum: 4258]
      [GC Worker Other (ms): Min: 0.0, Avg: 0.0, Max: 0.1, Diff: 0.1, Sum: 0.4]
      [GC Worker Total (ms): Min: 164.6, Avg: 164.7, Max: 164.8, Diff: 0.3, Sum: 1317.5]
      [GC Worker End (ms): Min: 21809.4, Avg: 21809.4, Max: 21809.5, Diff: 0.1]
   [Code Root Fixup: 0.0 ms]
   [Code Root Purge: 0.0 ms]
   [Clear CT: 0.2 ms]
   [Other: 1.0 ms]
      [Choose CSet: 0.0 ms]
      [Ref Proc: 0.1 ms]
      [Ref Enq: 0.0 ms]
      [Redirty Cards: 0.4 ms]
      [Humongous Register: 0.0 ms]
      [Humongous Reclaim: 0.0 ms]
      [Free CSet: 0.2 ms]
   [Eden: 308.0M(308.0M)->0.0B(284.0M) Survivors: 13.0M->41.0M Heap: 382.0M(2048.0M)->371.0M(2048.0M)]
 [Times: user=1.09 sys=0.09, real=0.17 secs] 
2020-09-29T12:27:30.646+0200: 21.972: [GC pause (G1 Evacuation Pause) (young), 0.1807773 secs]
   [Parallel Time: 179.7 ms, GC Workers: 8]
      [GC Worker Start (ms): Min: 21972.6, Avg: 21972.7, Max: 21972.8, Diff: 0.2]
      [Ext Root Scanning (ms): Min: 0.0, Avg: 0.1, Max: 0.2, Diff: 0.2, Sum: 0.5]
      [Update RS (ms): Min: 14.3, Avg: 14.6, Max: 15.0, Diff: 0.6, Sum: 116.5]
         [Processed Buffers: Min: 14, Avg: 15.5, Max: 17, Diff: 3, Sum: 124]
      [Scan RS (ms): Min: 22.3, Avg: 25.3, Max: 43.6, Diff: 21.3, Sum: 202.6]
      [Code Root Scanning (ms): Min: 0.0, Avg: 0.0, Max: 0.0, Diff: 0.0, Sum: 0.0]
      [Object Copy (ms): Min: 121.0, Avg: 139.4, Max: 142.2, Diff: 21.2, Sum: 1115.2]
      [Termination (ms): Min: 0.0, Avg: 0.1, Max: 0.1, Diff: 0.1, Sum: 0.7]
         [Termination Attempts: Min: 1, Avg: 595.0, Max: 722, Diff: 721, Sum: 4760]
      [GC Worker Other (ms): Min: 0.0, Avg: 0.0, Max: 0.1, Diff: 0.1, Sum: 0.3]
      [GC Worker Total (ms): Min: 179.4, Avg: 179.5, Max: 179.6, Diff: 0.2, Sum: 1435.9]
      [GC Worker End (ms): Min: 22152.2, Avg: 22152.2, Max: 22152.2, Diff: 0.1]
   [Code Root Fixup: 0.0 ms]
   [Code Root Purge: 0.0 ms]
   [Clear CT: 0.1 ms]
   [Other: 0.9 ms]
      [Choose CSet: 0.0 ms]
      [Ref Proc: 0.1 ms]
      [Ref Enq: 0.0 ms]
      [Redirty Cards: 0.2 ms]
      [Humongous Register: 0.0 ms]
      [Humongous Reclaim: 0.0 ms]
      [Free CSet: 0.3 ms]
   [Eden: 284.0M(284.0M)->0.0B(270.0M) Survivors: 41.0M->41.0M Heap: 702.7M(2048.0M)->705.2M(2048.0M)]
 [Times: user=1.33 sys=0.03, real=0.18 secs] 
2020-09-29T12:27:30.974+0200: 22.300: [GC pause (G1 Evacuation Pause) (young), 0.1748318 secs]
   [Parallel Time: 172.2 ms, GC Workers: 8]
      [GC Worker Start (ms): Min: 22300.3, Avg: 22300.4, Max: 22300.5, Diff: 0.2]
      [Ext Root Scanning (ms): Min: 0.0, Avg: 0.1, Max: 0.1, Diff: 0.1, Sum: 0.4]
      [Update RS (ms): Min: 18.0, Avg: 18.2, Max: 19.0, Diff: 1.0, Sum: 145.7]
         [Processed Buffers: Min: 19, Avg: 20.0, Max: 23, Diff: 4, Sum: 160]
      [Scan RS (ms): Min: 18.1, Avg: 18.9, Max: 19.1, Diff: 1.0, Sum: 151.6]
      [Code Root Scanning (ms): Min: 0.0, Avg: 0.0, Max: 0.0, Diff: 0.0, Sum: 0.0]
      [Object Copy (ms): Min: 134.4, Avg: 134.6, Max: 134.7, Diff: 0.3, Sum: 1076.8]
      [Termination (ms): Min: 0.0, Avg: 0.1, Max: 0.2, Diff: 0.2, Sum: 1.1]
         [Termination Attempts: Min: 1, Avg: 888.5, Max: 1102, Diff: 1101, Sum: 7108]
      [GC Worker Other (ms): Min: 0.0, Avg: 0.0, Max: 0.1, Diff: 0.1, Sum: 0.3]
      [GC Worker Total (ms): Min: 171.9, Avg: 172.0, Max: 172.1, Diff: 0.2, Sum: 1375.9]
      [GC Worker End (ms): Min: 22472.4, Avg: 22472.4, Max: 22472.5, Diff: 0.1]
   [Code Root Fixup: 0.0 ms]
   [Code Root Purge: 0.0 ms]
   [Clear CT: 0.2 ms]
   [Other: 2.5 ms]
      [Choose CSet: 0.0 ms]
      [Ref Proc: 0.2 ms]
      [Ref Enq: 0.0 ms]
      [Redirty Cards: 1.9 ms]
      [Humongous Register: 0.0 ms]
      [Humongous Reclaim: 0.0 ms]
      [Free CSet: 0.2 ms]
   [Eden: 270.0M(270.0M)->0.0B(270.0M) Survivors: 41.0M->39.0M Heap: 1021.0M(2048.0M)->1023.0M(2048.0M)]
 [Times: user=1.28 sys=0.05, real=0.17 secs] 
2020-09-29T12:27:31.157+0200: 22.484: [GC pause (G1 Humongous Allocation) (young) (initial-mark), 0.0783117 secs]
   [Parallel Time: 77.3 ms, GC Workers: 8]
      [GC Worker Start (ms): Min: 22484.4, Avg: 22484.5, Max: 22484.6, Diff: 0.2]
      [Ext Root Scanning (ms): Min: 0.0, Avg: 0.2, Max: 0.4, Diff: 0.4, Sum: 1.7]
      [Update RS (ms): Min: 45.5, Avg: 46.0, Max: 46.3, Diff: 0.7, Sum: 368.1]
         [Processed Buffers: Min: 41, Avg: 42.8, Max: 45, Diff: 4, Sum: 342]
      [Scan RS (ms): Min: 3.6, Avg: 3.8, Max: 4.2, Diff: 0.6, Sum: 30.3]
      [Code Root Scanning (ms): Min: 0.0, Avg: 0.0, Max: 0.0, Diff: 0.0, Sum: 0.0]
      [Object Copy (ms): Min: 26.9, Avg: 27.0, Max: 27.1, Diff: 0.2, Sum: 216.3]
      [Termination (ms): Min: 0.0, Avg: 0.0, Max: 0.0, Diff: 0.0, Sum: 0.1]
         [Termination Attempts: Min: 1, Avg: 47.0, Max: 65, Diff: 64, Sum: 376]
      [GC Worker Other (ms): Min: 0.0, Avg: 0.0, Max: 0.1, Diff: 0.1, Sum: 0.2]
      [GC Worker Total (ms): Min: 77.0, Avg: 77.1, Max: 77.2, Diff: 0.2, Sum: 616.8]
      [GC Worker End (ms): Min: 22561.6, Avg: 22561.6, Max: 22561.6, Diff: 0.1]
   [Code Root Fixup: 0.0 ms]
   [Code Root Purge: 0.0 ms]
   [Clear CT: 0.3 ms]
   [Other: 0.7 ms]
      [Choose CSet: 0.0 ms]
      [Ref Proc: 0.2 ms]
      [Ref Enq: 0.0 ms]
      [Redirty Cards: 0.2 ms]
      [Humongous Register: 0.0 ms]
      [Humongous Reclaim: 0.0 ms]
      [Free CSet: 0.1 ms]
   [Eden: 8192.0K(270.0M)->0.0B(261.0M) Survivors: 39.0M->10.0M Heap: 1031.0M(2048.0M)->1034.5M(2048.0M)]
 [Times: user=0.59 sys=0.03, real=0.08 secs] 
2020-09-29T12:27:31.236+0200: 22.563: [GC concurrent-root-region-scan-start]
2020-09-29T12:27:31.238+0200: 22.565: [GC concurrent-root-region-scan-end, 0.0026444 secs]
2020-09-29T12:27:31.238+0200: 22.565: [GC concurrent-mark-start]
2020-09-29T12:27:31.241+0200: 22.568: [GC concurrent-mark-end, 0.0030099 secs]
2020-09-29T12:27:31.242+0200: 22.569: [GC remark 2020-09-29T12:27:31.242+0200: 22.569: [Finalize Marking, 0.0003321 secs] 2020-09-29T12:27:31.242+0200: 22.569: [GC ref-proc, 0.0004282 secs] 2020-09-29T12:27:31.242+0200: 22.569: [Unloading, 0.0005239 secs], 0.0016675 secs]
 [Times: user=0.00 sys=0.00, real=0.00 secs] 
2020-09-29T12:27:31.244+0200: 22.571: [GC cleanup 1045M->30M(2048M), 0.0013805 secs]
 [Times: user=0.00 sys=0.00, real=0.00 secs] 
2020-09-29T12:27:31.245+0200: 22.572: [GC concurrent-cleanup-start]
2020-09-29T12:27:31.247+0200: 22.574: [GC concurrent-cleanup-end, 0.0014759 secs]
2020-09-29T12:27:31.414+0200: 22.741: [GC pause (G1 Evacuation Pause) (young), 0.2106536 secs]
   [Parallel Time: 209.0 ms, GC Workers: 8]
      [GC Worker Start (ms): Min: 22741.1, Avg: 22741.2, Max: 22741.3, Diff: 0.2]
      [Ext Root Scanning (ms): Min: 0.0, Avg: 0.1, Max: 0.2, Diff: 0.2, Sum: 0.6]
      [Update RS (ms): Min: 25.9, Avg: 26.3, Max: 26.8, Diff: 0.9, Sum: 210.8]
         [Processed Buffers: Min: 18, Avg: 19.8, Max: 23, Diff: 5, Sum: 158]
      [Scan RS (ms): Min: 18.9, Avg: 19.7, Max: 22.7, Diff: 3.8, Sum: 157.9]
      [Code Root Scanning (ms): Min: 0.0, Avg: 0.0, Max: 0.0, Diff: 0.0, Sum: 0.0]
      [Object Copy (ms): Min: 159.6, Avg: 162.2, Max: 162.9, Diff: 3.3, Sum: 1297.4]
      [Termination (ms): Min: 0.0, Avg: 0.4, Max: 0.5, Diff: 0.5, Sum: 2.9]
         [Termination Attempts: Min: 1, Avg: 1821.6, Max: 2373, Diff: 2372, Sum: 14573]
      [GC Worker Other (ms): Min: 0.1, Avg: 0.1, Max: 0.1, Diff: 0.0, Sum: 0.6]
      [GC Worker Total (ms): Min: 208.7, Avg: 208.8, Max: 208.9, Diff: 0.2, Sum: 1670.1]
      [GC Worker End (ms): Min: 22949.9, Avg: 22950.0, Max: 22950.0, Diff: 0.0]
   [Code Root Fixup: 0.0 ms]
   [Code Root Purge: 0.0 ms]
   [Clear CT: 0.2 ms]
   [Other: 1.4 ms]
      [Choose CSet: 0.0 ms]
      [Ref Proc: 0.2 ms]
      [Ref Enq: 0.0 ms]
      [Redirty Cards: 0.6 ms]
      [Humongous Register: 0.0 ms]
      [Humongous Reclaim: 0.0 ms]
      [Free CSet: 0.3 ms]
   [Eden: 261.0M(261.0M)->0.0B(202.0M) Survivors: 10.0M->34.0M Heap: 324.9M(2048.0M)->316.9M(2048.0M)]
 [Times: user=1.56 sys=0.03, real=0.21 secs] 
2020-09-29T12:27:31.775+0200: 23.102: [GC pause (G1 Evacuation Pause) (young), 0.1819087 secs]
   [Parallel Time: 180.6 ms, GC Workers: 8]
      [GC Worker Start (ms): Min: 23102.2, Avg: 23102.3, Max: 23102.4, Diff: 0.2]
      [Ext Root Scanning (ms): Min: 0.0, Avg: 0.1, Max: 0.2, Diff: 0.2, Sum: 0.6]
      [Update RS (ms): Min: 26.2, Avg: 26.3, Max: 26.6, Diff: 0.4, Sum: 210.2]
         [Processed Buffers: Min: 17, Avg: 19.5, Max: 21, Diff: 4, Sum: 156]
      [Scan RS (ms): Min: 16.1, Avg: 16.5, Max: 16.7, Diff: 0.6, Sum: 131.6]
      [Code Root Scanning (ms): Min: 0.0, Avg: 0.0, Max: 0.0, Diff: 0.0, Sum: 0.0]
      [Object Copy (ms): Min: 137.2, Avg: 137.3, Max: 137.4, Diff: 0.2, Sum: 1098.6]
      [Termination (ms): Min: 0.0, Avg: 0.1, Max: 0.2, Diff: 0.2, Sum: 1.2]
         [Termination Attempts: Min: 1, Avg: 689.8, Max: 930, Diff: 929, Sum: 5518]
      [GC Worker Other (ms): Min: 0.0, Avg: 0.0, Max: 0.0, Diff: 0.0, Sum: 0.2]
      [GC Worker Total (ms): Min: 180.2, Avg: 180.3, Max: 180.4, Diff: 0.2, Sum: 1442.4]
      [GC Worker End (ms): Min: 23282.6, Avg: 23282.6, Max: 23282.6, Diff: 0.0]
   [Code Root Fixup: 0.0 ms]
   [Code Root Purge: 0.0 ms]
   [Clear CT: 0.2 ms]
   [Other: 1.1 ms]
      [Choose CSet: 0.0 ms]
      [Ref Proc: 0.2 ms]
      [Ref Enq: 0.0 ms]
      [Redirty Cards: 0.3 ms]
      [Humongous Register: 0.0 ms]
      [Humongous Reclaim: 0.0 ms]
      [Free CSet: 0.2 ms]
   [Eden: 202.0M(202.0M)->0.0B(195.0M) Survivors: 34.0M->30.0M Heap: 553.2M(2048.0M)->554.7M(2048.0M)]
 [Times: user=1.30 sys=0.05, real=0.18 secs] 
2020-09-29T12:27:32.098+0200: 23.425: [GC pause (G1 Evacuation Pause) (young), 0.1857624 secs]
   [Parallel Time: 184.3 ms, GC Workers: 8]
      [GC Worker Start (ms): Min: 23425.5, Avg: 23425.6, Max: 23425.7, Diff: 0.2]
      [Ext Root Scanning (ms): Min: 0.0, Avg: 0.1, Max: 0.2, Diff: 0.2, Sum: 0.7]
      [Update RS (ms): Min: 16.2, Avg: 16.6, Max: 17.6, Diff: 1.4, Sum: 132.9]
         [Processed Buffers: Min: 12, Avg: 13.4, Max: 15, Diff: 3, Sum: 107]
      [Scan RS (ms): Min: 19.0, Avg: 20.0, Max: 21.0, Diff: 2.0, Sum: 160.1]
      [Code Root Scanning (ms): Min: 0.0, Avg: 0.0, Max: 0.0, Diff: 0.0, Sum: 0.0]
      [Object Copy (ms): Min: 146.0, Avg: 146.9, Max: 147.4, Diff: 1.4, Sum: 1175.0]
      [Termination (ms): Min: 0.0, Avg: 0.4, Max: 0.7, Diff: 0.6, Sum: 2.8]
         [Termination Attempts: Min: 1, Avg: 1308.4, Max: 1755, Diff: 1754, Sum: 10467]
      [GC Worker Other (ms): Min: 0.0, Avg: 0.0, Max: 0.1, Diff: 0.0, Sum: 0.2]
      [GC Worker Total (ms): Min: 183.9, Avg: 184.0, Max: 184.1, Diff: 0.2, Sum: 1471.8]
      [GC Worker End (ms): Min: 23609.5, Avg: 23609.6, Max: 23609.6, Diff: 0.0]
   [Code Root Fixup: 0.0 ms]
   [Code Root Purge: 0.0 ms]
   [Clear CT: 0.2 ms]
   [Other: 1.2 ms]
      [Choose CSet: 0.0 ms]
      [Ref Proc: 0.3 ms]
      [Ref Enq: 0.0 ms]
      [Redirty Cards: 0.3 ms]
      [Humongous Register: 0.0 ms]
      [Humongous Reclaim: 0.0 ms]
      [Free CSet: 0.4 ms]
   [Eden: 195.0M(195.0M)->0.0B(183.0M) Survivors: 30.0M->29.0M Heap: 782.1M(2048.0M)->784.6M(2048.0M)]
 [Times: user=1.30 sys=0.06, real=0.19 secs] 
2020-09-29T12:27:32.414+0200: 23.741: [GC pause (G1 Evacuation Pause) (young), 0.1883086 secs]
   [Parallel Time: 186.9 ms, GC Workers: 8]
      [GC Worker Start (ms): Min: 23740.8, Avg: 23741.3, Max: 23742.3, Diff: 1.5]
      [Ext Root Scanning (ms): Min: 0.0, Avg: 0.1, Max: 0.2, Diff: 0.2, Sum: 0.6]
      [Update RS (ms): Min: 25.0, Avg: 26.0, Max: 26.6, Diff: 1.5, Sum: 207.7]
         [Processed Buffers: Min: 16, Avg: 19.1, Max: 22, Diff: 6, Sum: 153]
      [Scan RS (ms): Min: 13.5, Avg: 13.8, Max: 14.2, Diff: 0.7, Sum: 110.8]
      [Code Root Scanning (ms): Min: 0.0, Avg: 0.0, Max: 0.0, Diff: 0.0, Sum: 0.0]
      [Object Copy (ms): Min: 146.1, Avg: 146.2, Max: 146.4, Diff: 0.3, Sum: 1169.8]
      [Termination (ms): Min: 0.0, Avg: 0.2, Max: 0.3, Diff: 0.3, Sum: 1.2]
         [Termination Attempts: Min: 1, Avg: 488.1, Max: 802, Diff: 801, Sum: 3905]
      [GC Worker Other (ms): Min: 0.0, Avg: 0.0, Max: 0.1, Diff: 0.0, Sum: 0.2]
      [GC Worker Total (ms): Min: 185.2, Avg: 186.3, Max: 186.7, Diff: 1.5, Sum: 1490.3]
      [GC Worker End (ms): Min: 23927.5, Avg: 23927.5, Max: 23927.6, Diff: 0.1]
   [Code Root Fixup: 0.0 ms]
   [Code Root Purge: 0.0 ms]
   [Clear CT: 0.3 ms]
   [Other: 1.0 ms]
      [Choose CSet: 0.0 ms]
      [Ref Proc: 0.2 ms]
      [Ref Enq: 0.0 ms]
      [Redirty Cards: 0.4 ms]
      [Humongous Register: 0.0 ms]
      [Humongous Reclaim: 0.0 ms]
      [Free CSet: 0.2 ms]
   [Eden: 183.0M(183.0M)->0.0B(175.0M) Survivors: 29.0M->27.0M Heap: 998.1M(2048.0M)->1000.6M(2048.0M)]
 [Times: user=1.23 sys=0.08, real=0.19 secs] 
2020-09-29T12:27:32.613+0200: 23.940: [GC pause (G1 Humongous Allocation) (young) (initial-mark), 0.0550101 secs]
   [Parallel Time: 53.9 ms, GC Workers: 8]
      [GC Worker Start (ms): Min: 23940.3, Avg: 23940.3, Max: 23940.5, Diff: 0.2]
      [Ext Root Scanning (ms): Min: 0.0, Avg: 0.2, Max: 0.2, Diff: 0.2, Sum: 1.4]
      [Update RS (ms): Min: 26.7, Avg: 27.1, Max: 27.7, Diff: 1.0, Sum: 216.4]
         [Processed Buffers: Min: 23, Avg: 24.6, Max: 26, Diff: 3, Sum: 197]
      [Scan RS (ms): Min: 1.9, Avg: 2.5, Max: 2.9, Diff: 1.1, Sum: 20.4]
      [Code Root Scanning (ms): Min: 0.0, Avg: 0.0, Max: 0.0, Diff: 0.0, Sum: 0.0]
      [Object Copy (ms): Min: 23.7, Avg: 23.8, Max: 23.9, Diff: 0.2, Sum: 190.4]
      [Termination (ms): Min: 0.0, Avg: 0.1, Max: 0.1, Diff: 0.1, Sum: 0.7]
         [Termination Attempts: Min: 1, Avg: 431.0, Max: 566, Diff: 565, Sum: 3448]
      [GC Worker Other (ms): Min: 0.0, Avg: 0.0, Max: 0.0, Diff: 0.0, Sum: 0.2]
      [GC Worker Total (ms): Min: 53.6, Avg: 53.7, Max: 53.8, Diff: 0.2, Sum: 429.5]
      [GC Worker End (ms): Min: 23994.0, Avg: 23994.0, Max: 23994.0, Diff: 0.0]
   [Code Root Fixup: 0.0 ms]
   [Code Root Purge: 0.0 ms]
   [Clear CT: 0.3 ms]
   [Other: 0.8 ms]
      [Choose CSet: 0.0 ms]
      [Ref Proc: 0.2 ms]
      [Ref Enq: 0.0 ms]
      [Redirty Cards: 0.2 ms]
      [Humongous Register: 0.1 ms]
      [Humongous Reclaim: 0.0 ms]
      [Free CSet: 0.1 ms]
   [Eden: 6144.0K(175.0M)->0.0B(203.0M) Survivors: 27.0M->8192.0K Heap: 1006.6M(2048.0M)->1009.6M(2048.0M)]
 [Times: user=0.49 sys=0.00, real=0.06 secs] 
2020-09-29T12:27:32.668+0200: 23.995: [GC concurrent-root-region-scan-start]
2020-09-29T12:27:32.671+0200: 23.998: [GC concurrent-root-region-scan-end, 0.0028251 secs]
2020-09-29T12:27:32.671+0200: 23.998: [GC concurrent-mark-start]
2020-09-29T12:27:32.675+0200: 24.003: [GC concurrent-mark-end, 0.0044646 secs]
2020-09-29T12:27:32.676+0200: 24.003: [GC remark 2020-09-29T12:27:32.676+0200: 24.003: [Finalize Marking, 0.0003736 secs] 2020-09-29T12:27:32.676+0200: 24.003: [GC ref-proc, 0.0004603 secs] 2020-09-29T12:27:32.677+0200: 24.004: [Unloading, 0.0005713 secs], 0.0018346 secs]
 [Times: user=0.00 sys=0.00, real=0.00 secs] 
2020-09-29T12:27:32.678+0200: 24.005: [GC cleanup 1022M->30M(2048M), 0.0020790 secs]
 [Times: user=0.00 sys=0.00, real=0.00 secs] 
2020-09-29T12:27:32.680+0200: 24.007: [GC concurrent-cleanup-start]
2020-09-29T12:27:32.682+0200: 24.009: [GC concurrent-cleanup-end, 0.0018224 secs]
2020-09-29T12:27:32.815+0200: 24.141: [GC pause (G1 Evacuation Pause) (young), 0.1639550 secs]
   [Parallel Time: 162.7 ms, GC Workers: 8]
      [GC Worker Start (ms): Min: 24141.3, Avg: 24141.4, Max: 24141.5, Diff: 0.2]
      [Ext Root Scanning (ms): Min: 0.0, Avg: 0.1, Max: 0.2, Diff: 0.2, Sum: 0.7]
      [Update RS (ms): Min: 16.7, Avg: 17.2, Max: 18.0, Diff: 1.3, Sum: 138.0]
         [Processed Buffers: Min: 11, Avg: 13.0, Max: 15, Diff: 4, Sum: 104]
      [Scan RS (ms): Min: 17.0, Avg: 17.8, Max: 18.4, Diff: 1.3, Sum: 142.7]
      [Code Root Scanning (ms): Min: 0.0, Avg: 0.0, Max: 0.0, Diff: 0.0, Sum: 0.0]
      [Object Copy (ms): Min: 127.0, Avg: 127.1, Max: 127.2, Diff: 0.2, Sum: 1017.2]
      [Termination (ms): Min: 0.0, Avg: 0.1, Max: 0.3, Diff: 0.3, Sum: 1.0]
         [Termination Attempts: Min: 1, Avg: 579.5, Max: 752, Diff: 751, Sum: 4636]
      [GC Worker Other (ms): Min: 0.0, Avg: 0.0, Max: 0.1, Diff: 0.1, Sum: 0.3]
      [GC Worker Total (ms): Min: 162.4, Avg: 162.5, Max: 162.6, Diff: 0.2, Sum: 1299.9]
      [GC Worker End (ms): Min: 24303.9, Avg: 24303.9, Max: 24303.9, Diff: 0.1]
   [Code Root Fixup: 0.0 ms]
   [Code Root Purge: 0.0 ms]
   [Clear CT: 0.2 ms]
   [Other: 1.0 ms]
      [Choose CSet: 0.0 ms]
      [Ref Proc: 0.2 ms]
      [Ref Enq: 0.0 ms]
      [Redirty Cards: 0.3 ms]
      [Humongous Register: 0.0 ms]
      [Humongous Reclaim: 0.0 ms]
      [Free CSet: 0.2 ms]
   [Eden: 203.0M(203.0M)->0.0B(188.0M) Survivors: 8192.0K->27.0M Heap: 254.8M(2048.0M)->249.8M(2048.0M)]
 [Times: user=1.27 sys=0.02, real=0.16 secs] 
2020-09-29T12:27:33.157+0200: 24.483: [GC pause (G1 Evacuation Pause) (young), 0.1770699 secs]
   [Parallel Time: 175.8 ms, GC Workers: 8]
      [GC Worker Start (ms): Min: 24483.5, Avg: 24483.6, Max: 24483.7, Diff: 0.2]
      [Ext Root Scanning (ms): Min: 0.0, Avg: 0.1, Max: 0.2, Diff: 0.2, Sum: 0.6]
      [Update RS (ms): Min: 20.6, Avg: 20.8, Max: 21.4, Diff: 0.8, Sum: 166.6]
         [Processed Buffers: Min: 11, Avg: 16.3, Max: 21, Diff: 10, Sum: 130]
      [Scan RS (ms): Min: 16.5, Avg: 18.2, Max: 25.0, Diff: 8.5, Sum: 145.3]
      [Code Root Scanning (ms): Min: 0.0, Avg: 0.0, Max: 0.0, Diff: 0.0, Sum: 0.0]
      [Object Copy (ms): Min: 128.9, Avg: 136.1, Max: 137.2, Diff: 8.3, Sum: 1089.1]
      [Termination (ms): Min: 0.0, Avg: 0.1, Max: 0.2, Diff: 0.2, Sum: 1.0]
         [Termination Attempts: Min: 1, Avg: 613.6, Max: 814, Diff: 813, Sum: 4909]
      [GC Worker Other (ms): Min: 0.0, Avg: 0.1, Max: 0.2, Diff: 0.2, Sum: 0.8]
      [GC Worker Total (ms): Min: 175.3, Avg: 175.4, Max: 175.6, Diff: 0.3, Sum: 1403.4]
      [GC Worker End (ms): Min: 24659.0, Avg: 24659.0, Max: 24659.1, Diff: 0.2]
   [Code Root Fixup: 0.0 ms]
   [Code Root Purge: 0.0 ms]
   [Clear CT: 0.3 ms]
   [Other: 1.1 ms]
      [Choose CSet: 0.0 ms]
      [Ref Proc: 0.4 ms]
      [Ref Enq: 0.0 ms]
      [Redirty Cards: 0.3 ms]
      [Humongous Register: 0.0 ms]
      [Humongous Reclaim: 0.0 ms]
      [Free CSet: 0.1 ms]
   [Eden: 188.0M(188.0M)->0.0B(185.0M) Survivors: 27.0M->27.0M Heap: 470.3M(2048.0M)->472.3M(2048.0M)]
 [Times: user=1.45 sys=0.03, real=0.18 secs] 
2020-09-29T12:27:33.470+0200: 24.797: [GC pause (G1 Evacuation Pause) (young), 0.1768110 secs]
   [Parallel Time: 175.5 ms, GC Workers: 8]
      [GC Worker Start (ms): Min: 24796.9, Avg: 24797.1, Max: 24797.9, Diff: 1.0]
      [Ext Root Scanning (ms): Min: 0.0, Avg: 0.1, Max: 0.2, Diff: 0.2, Sum: 0.7]
      [Update RS (ms): Min: 18.4, Avg: 19.0, Max: 19.8, Diff: 1.4, Sum: 152.1]
         [Processed Buffers: Min: 13, Avg: 15.1, Max: 18, Diff: 5, Sum: 121]
      [Scan RS (ms): Min: 16.2, Avg: 17.8, Max: 18.7, Diff: 2.4, Sum: 142.7]
      [Code Root Scanning (ms): Min: 0.0, Avg: 0.0, Max: 0.0, Diff: 0.0, Sum: 0.0]
      [Object Copy (ms): Min: 137.8, Avg: 138.0, Max: 138.2, Diff: 0.4, Sum: 1103.9]
      [Termination (ms): Min: 0.1, Avg: 0.1, Max: 0.3, Diff: 0.2, Sum: 1.2]
         [Termination Attempts: Min: 1, Avg: 443.4, Max: 646, Diff: 645, Sum: 3547]
      [GC Worker Other (ms): Min: 0.0, Avg: 0.0, Max: 0.0, Diff: 0.0, Sum: 0.1]
      [GC Worker Total (ms): Min: 174.4, Avg: 175.1, Max: 175.3, Diff: 0.9, Sum: 1400.8]
      [GC Worker End (ms): Min: 24972.2, Avg: 24972.2, Max: 24972.3, Diff: 0.1]
   [Code Root Fixup: 0.0 ms]
   [Code Root Purge: 0.0 ms]
   [Clear CT: 0.2 ms]
   [Other: 1.1 ms]
      [Choose CSet: 0.0 ms]
      [Ref Proc: 0.4 ms]
      [Ref Enq: 0.0 ms]
      [Redirty Cards: 0.3 ms]
      [Humongous Register: 0.1 ms]
      [Humongous Reclaim: 0.0 ms]
      [Free CSet: 0.2 ms]
   [Eden: 185.0M(185.0M)->0.0B(183.0M) Survivors: 27.0M->27.0M Heap: 687.8M(2048.0M)->689.8M(2048.0M)]
 [Times: user=1.31 sys=0.08, real=0.18 secs] 
2020-09-29T12:27:33.773+0200: 25.099: [GC pause (G1 Evacuation Pause) (young), 0.1657099 secs]
   [Parallel Time: 164.7 ms, GC Workers: 8]
      [GC Worker Start (ms): Min: 25099.6, Avg: 25099.7, Max: 25099.8, Diff: 0.2]
      [Ext Root Scanning (ms): Min: 0.0, Avg: 0.1, Max: 0.2, Diff: 0.2, Sum: 0.7]
      [Update RS (ms): Min: 20.3, Avg: 20.6, Max: 21.7, Diff: 1.4, Sum: 165.0]
         [Processed Buffers: Min: 9, Avg: 15.0, Max: 20, Diff: 11, Sum: 120]
      [Scan RS (ms): Min: 16.3, Avg: 17.4, Max: 17.9, Diff: 1.5, Sum: 139.1]
      [Code Root Scanning (ms): Min: 0.0, Avg: 0.0, Max: 0.0, Diff: 0.0, Sum: 0.0]
      [Object Copy (ms): Min: 126.0, Avg: 126.2, Max: 126.3, Diff: 0.3, Sum: 1009.4]
      [Termination (ms): Min: 0.0, Avg: 0.0, Max: 0.0, Diff: 0.0, Sum: 0.3]
         [Termination Attempts: Min: 1, Avg: 177.8, Max: 237, Diff: 236, Sum: 1422]
      [GC Worker Other (ms): Min: 0.0, Avg: 0.1, Max: 0.1, Diff: 0.1, Sum: 0.5]
      [GC Worker Total (ms): Min: 164.2, Avg: 164.4, Max: 164.5, Diff: 0.3, Sum: 1315.0]
      [GC Worker End (ms): Min: 25264.0, Avg: 25264.0, Max: 25264.1, Diff: 0.1]
   [Code Root Fixup: 0.0 ms]
   [Code Root Purge: 0.0 ms]
   [Clear CT: 0.3 ms]
   [Other: 0.8 ms]
      [Choose CSet: 0.0 ms]
      [Ref Proc: 0.2 ms]
      [Ref Enq: 0.0 ms]
      [Redirty Cards: 0.2 ms]
      [Humongous Register: 0.0 ms]
      [Humongous Reclaim: 0.0 ms]
      [Free CSet: 0.1 ms]
   [Eden: 183.0M(183.0M)->0.0B(187.0M) Survivors: 27.0M->27.0M Heap: 903.3M(2048.0M)->904.8M(2048.0M)]
 [Times: user=1.17 sys=0.06, real=0.16 secs] 
2020-09-29T12:27:34.075+0200: 25.401: [GC pause (G1 Evacuation Pause) (young), 0.1597361 secs]
   [Parallel Time: 158.4 ms, GC Workers: 8]
      [GC Worker Start (ms): Min: 25401.6, Avg: 25401.7, Max: 25401.8, Diff: 0.2]
      [Ext Root Scanning (ms): Min: 0.0, Avg: 0.1, Max: 0.2, Diff: 0.2, Sum: 0.7]
      [Update RS (ms): Min: 16.2, Avg: 16.5, Max: 17.2, Diff: 1.1, Sum: 131.9]
         [Processed Buffers: Min: 11, Avg: 12.9, Max: 14, Diff: 3, Sum: 103]
      [Scan RS (ms): Min: 17.7, Avg: 18.3, Max: 18.7, Diff: 0.9, Sum: 146.8]
      [Code Root Scanning (ms): Min: 0.0, Avg: 0.0, Max: 0.0, Diff: 0.0, Sum: 0.0]
      [Object Copy (ms): Min: 122.9, Avg: 123.2, Max: 123.2, Diff: 0.3, Sum: 985.2]
      [Termination (ms): Min: 0.0, Avg: 0.1, Max: 0.1, Diff: 0.1, Sum: 0.6]
         [Termination Attempts: Min: 1, Avg: 375.5, Max: 491, Diff: 490, Sum: 3004]
      [GC Worker Other (ms): Min: 0.0, Avg: 0.0, Max: 0.1, Diff: 0.1, Sum: 0.3]
      [GC Worker Total (ms): Min: 158.1, Avg: 158.2, Max: 158.3, Diff: 0.2, Sum: 1265.5]
      [GC Worker End (ms): Min: 25559.9, Avg: 25559.9, Max: 25560.0, Diff: 0.1]
   [Code Root Fixup: 0.0 ms]
   [Code Root Purge: 0.0 ms]
   [Clear CT: 0.4 ms]
   [Other: 0.9 ms]
      [Choose CSet: 0.0 ms]
      [Ref Proc: 0.2 ms]
      [Ref Enq: 0.0 ms]
      [Redirty Cards: 0.2 ms]
      [Humongous Register: 0.1 ms]
      [Humongous Reclaim: 0.0 ms]
      [Free CSet: 0.2 ms]
   [Eden: 187.0M(187.0M)->0.0B(196.0M) Survivors: 27.0M->27.0M Heap: 1122.3M(2048.0M)->1123.8M(2048.0M)]
 [Times: user=1.20 sys=0.03, real=0.16 secs] 
2020-09-29T12:27:34.243+0200: 25.570: [GC pause (G1 Humongous Allocation) (young) (initial-mark), 0.0618101 secs]
   [Parallel Time: 60.5 ms, GC Workers: 8]
      [GC Worker Start (ms): Min: 25569.8, Avg: 25569.9, Max: 25570.0, Diff: 0.2]
      [Ext Root Scanning (ms): Min: 0.0, Avg: 0.2, Max: 0.3, Diff: 0.3, Sum: 1.4]
      [Update RS (ms): Min: 31.2, Avg: 31.8, Max: 34.5, Diff: 3.3, Sum: 254.7]
         [Processed Buffers: Min: 17, Avg: 26.5, Max: 32, Diff: 15, Sum: 212]
      [Scan RS (ms): Min: 0.0, Avg: 2.3, Max: 2.8, Diff: 2.8, Sum: 18.1]
      [Code Root Scanning (ms): Min: 0.0, Avg: 0.0, Max: 0.0, Diff: 0.0, Sum: 0.0]
      [Object Copy (ms): Min: 25.4, Avg: 25.8, Max: 26.0, Diff: 0.6, Sum: 206.4]
      [Termination (ms): Min: 0.1, Avg: 0.2, Max: 0.2, Diff: 0.2, Sum: 1.3]
         [Termination Attempts: Min: 1, Avg: 560.9, Max: 759, Diff: 758, Sum: 4487]
      [GC Worker Other (ms): Min: 0.0, Avg: 0.0, Max: 0.0, Diff: 0.0, Sum: 0.1]
      [GC Worker Total (ms): Min: 60.1, Avg: 60.2, Max: 60.3, Diff: 0.2, Sum: 481.9]
      [GC Worker End (ms): Min: 25630.1, Avg: 25630.2, Max: 25630.2, Diff: 0.0]
   [Code Root Fixup: 0.0 ms]
   [Code Root Purge: 0.0 ms]
   [Clear CT: 0.3 ms]
   [Other: 1.0 ms]
      [Choose CSet: 0.0 ms]
      [Ref Proc: 0.4 ms]
      [Ref Enq: 0.0 ms]
      [Redirty Cards: 0.2 ms]
      [Humongous Register: 0.0 ms]
      [Humongous Reclaim: 0.0 ms]
      [Free CSet: 0.1 ms]
   [Eden: 4096.0K(196.0M)->0.0B(202.0M) Survivors: 27.0M->6144.0K Heap: 1127.8M(2048.0M)->1131.3M(2048.0M)]
 [Times: user=0.47 sys=0.00, real=0.06 secs] 
2020-09-29T12:27:34.305+0200: 25.632: [GC concurrent-root-region-scan-start]
2020-09-29T12:27:34.307+0200: 25.634: [GC concurrent-root-region-scan-end, 0.0018535 secs]
2020-09-29T12:27:34.307+0200: 25.634: [GC concurrent-mark-start]
2020-09-29T12:27:34.312+0200: 25.639: [GC concurrent-mark-end, 0.0042922 secs]
2020-09-29T12:27:34.312+0200: 25.639: [GC remark 2020-09-29T12:27:34.312+0200: 25.639: [Finalize Marking, 0.0001967 secs] 2020-09-29T12:27:34.312+0200: 25.639: [GC ref-proc, 0.0005024 secs] 2020-09-29T12:27:34.313+0200: 25.640: [Unloading, 0.0006503 secs], 0.0017362 secs]
 [Times: user=0.00 sys=0.00, real=0.00 secs] 
2020-09-29T12:27:34.314+0200: 25.641: [GC cleanup 1141M->25M(2048M), 0.0015207 secs]
 [Times: user=0.00 sys=0.00, real=0.00 secs] 
2020-09-29T12:27:34.316+0200: 25.643: [GC concurrent-cleanup-start]
2020-09-29T12:27:34.318+0200: 25.645: [GC concurrent-cleanup-end, 0.0021797 secs]
2020-09-29T12:27:34.448+0200: 25.775: [GC pause (G1 Evacuation Pause) (young), 0.1691554 secs]
   [Parallel Time: 167.9 ms, GC Workers: 8]
      [GC Worker Start (ms): Min: 25775.0, Avg: 25775.1, Max: 25775.2, Diff: 0.2]
      [Ext Root Scanning (ms): Min: 0.0, Avg: 0.1, Max: 0.2, Diff: 0.2, Sum: 0.6]
      [Update RS (ms): Min: 13.4, Avg: 13.7, Max: 14.3, Diff: 0.8, Sum: 109.8]
         [Processed Buffers: Min: 10, Avg: 11.1, Max: 13, Diff: 3, Sum: 89]
      [Scan RS (ms): Min: 17.8, Avg: 18.4, Max: 18.8, Diff: 1.0, Sum: 147.0]
      [Code Root Scanning (ms): Min: 0.0, Avg: 0.0, Max: 0.0, Diff: 0.0, Sum: 0.0]
      [Object Copy (ms): Min: 134.8, Avg: 135.1, Max: 135.4, Diff: 0.5, Sum: 1080.6]
      [Termination (ms): Min: 0.0, Avg: 0.3, Max: 0.4, Diff: 0.4, Sum: 2.5]
         [Termination Attempts: Min: 1, Avg: 1551.5, Max: 2014, Diff: 2013, Sum: 12412]
      [GC Worker Other (ms): Min: 0.0, Avg: 0.0, Max: 0.1, Diff: 0.0, Sum: 0.3]
      [GC Worker Total (ms): Min: 167.5, Avg: 167.6, Max: 167.7, Diff: 0.2, Sum: 1340.8]
      [GC Worker End (ms): Min: 25942.7, Avg: 25942.7, Max: 25942.8, Diff: 0.0]
   [Code Root Fixup: 0.0 ms]
   [Code Root Purge: 0.0 ms]
   [Clear CT: 0.3 ms]
   [Other: 1.0 ms]
      [Choose CSet: 0.0 ms]
      [Ref Proc: 0.2 ms]
      [Ref Enq: 0.0 ms]
      [Redirty Cards: 0.3 ms]
      [Humongous Register: 0.0 ms]
      [Humongous Reclaim: 0.0 ms]
      [Free CSet: 0.2 ms]
   [Eden: 202.0M(202.0M)->0.0B(184.0M) Survivors: 6144.0K->26.0M Heap: 251.8M(2048.0M)->248.3M(2048.0M)]
 [Times: user=1.30 sys=0.02, real=0.17 secs] 
2020-09-29T12:27:34.749+0200: 26.076: [GC pause (G1 Evacuation Pause) (young), 0.1759871 secs]
   [Parallel Time: 174.8 ms, GC Workers: 8]
      [GC Worker Start (ms): Min: 26075.7, Avg: 26077.4, Max: 26081.1, Diff: 5.4]
      [Ext Root Scanning (ms): Min: 0.0, Avg: 0.1, Max: 0.2, Diff: 0.2, Sum: 0.8]
      [Update RS (ms): Min: 12.9, Avg: 16.5, Max: 18.3, Diff: 5.4, Sum: 132.1]
         [Processed Buffers: Min: 10, Avg: 13.0, Max: 17, Diff: 7, Sum: 104]
      [Scan RS (ms): Min: 18.7, Avg: 19.1, Max: 19.4, Diff: 0.7, Sum: 152.9]
      [Code Root Scanning (ms): Min: 0.0, Avg: 0.0, Max: 0.0, Diff: 0.0, Sum: 0.0]
      [Object Copy (ms): Min: 137.0, Avg: 137.1, Max: 137.2, Diff: 0.2, Sum: 1096.9]
      [Termination (ms): Min: 0.0, Avg: 0.1, Max: 0.2, Diff: 0.2, Sum: 1.2]
         [Termination Attempts: Min: 1, Avg: 704.3, Max: 943, Diff: 942, Sum: 5634]
      [GC Worker Other (ms): Min: 0.0, Avg: 0.0, Max: 0.1, Diff: 0.1, Sum: 0.3]
      [GC Worker Total (ms): Min: 169.3, Avg: 173.0, Max: 174.6, Diff: 5.4, Sum: 1384.2]
      [GC Worker End (ms): Min: 26250.4, Avg: 26250.4, Max: 26250.4, Diff: 0.0]
   [Code Root Fixup: 0.0 ms]
   [Code Root Purge: 0.0 ms]
   [Clear CT: 0.2 ms]
   [Other: 0.9 ms]
      [Choose CSet: 0.0 ms]
      [Ref Proc: 0.2 ms]
      [Ref Enq: 0.0 ms]
      [Redirty Cards: 0.2 ms]
      [Humongous Register: 0.0 ms]
      [Humongous Reclaim: 0.0 ms]
      [Free CSet: 0.2 ms]
   [Eden: 184.0M(184.0M)->0.0B(180.0M) Survivors: 26.0M->27.0M Heap: 462.9M(2048.0M)->465.4M(2048.0M)]
 [Times: user=1.25 sys=0.09, real=0.18 secs] 
2020-09-29T12:27:35.054+0200: 26.380: [GC pause (G1 Evacuation Pause) (young), 0.1590072 secs]
   [Parallel Time: 157.7 ms, GC Workers: 8]
      [GC Worker Start (ms): Min: 26380.3, Avg: 26380.4, Max: 26380.5, Diff: 0.2]
      [Ext Root Scanning (ms): Min: 0.0, Avg: 0.1, Max: 0.2, Diff: 0.2, Sum: 0.6]
      [Update RS (ms): Min: 17.2, Avg: 17.4, Max: 17.8, Diff: 0.5, Sum: 139.6]
         [Processed Buffers: Min: 13, Avg: 14.1, Max: 17, Diff: 4, Sum: 113]
      [Scan RS (ms): Min: 16.3, Avg: 16.7, Max: 17.0, Diff: 0.6, Sum: 133.8]
      [Code Root Scanning (ms): Min: 0.0, Avg: 0.0, Max: 0.0, Diff: 0.0, Sum: 0.0]
      [Object Copy (ms): Min: 122.8, Avg: 123.1, Max: 123.2, Diff: 0.4, Sum: 984.7]
      [Termination (ms): Min: 0.0, Avg: 0.1, Max: 0.1, Diff: 0.1, Sum: 0.4]
         [Termination Attempts: Min: 1, Avg: 266.5, Max: 333, Diff: 332, Sum: 2132]
      [GC Worker Other (ms): Min: 0.0, Avg: 0.0, Max: 0.1, Diff: 0.0, Sum: 0.3]
      [GC Worker Total (ms): Min: 157.3, Avg: 157.4, Max: 157.5, Diff: 0.2, Sum: 1259.3]
      [GC Worker End (ms): Min: 26537.8, Avg: 26537.8, Max: 26537.9, Diff: 0.0]
   [Code Root Fixup: 0.0 ms]
   [Code Root Purge: 0.0 ms]
   [Clear CT: 0.2 ms]
   [Other: 1.1 ms]
      [Choose CSet: 0.0 ms]
      [Ref Proc: 0.3 ms]
      [Ref Enq: 0.0 ms]
      [Redirty Cards: 0.3 ms]
      [Humongous Register: 0.0 ms]
      [Humongous Reclaim: 0.0 ms]
      [Free CSet: 0.2 ms]
   [Eden: 180.0M(180.0M)->0.0B(189.0M) Survivors: 27.0M->26.0M Heap: 675.9M(2048.0M)->677.9M(2048.0M)]
 [Times: user=1.11 sys=0.11, real=0.16 secs] 
2020-09-29T12:27:35.347+0200: 26.674: [GC pause (G1 Evacuation Pause) (young), 0.1792195 secs]
   [Parallel Time: 177.9 ms, GC Workers: 8]
      [GC Worker Start (ms): Min: 26674.0, Avg: 26674.1, Max: 26674.2, Diff: 0.2]
      [Ext Root Scanning (ms): Min: 0.0, Avg: 0.1, Max: 0.2, Diff: 0.2, Sum: 0.7]
      [Update RS (ms): Min: 21.1, Avg: 21.8, Max: 22.6, Diff: 1.5, Sum: 174.7]
         [Processed Buffers: Min: 14, Avg: 15.5, Max: 17, Diff: 3, Sum: 124]
      [Scan RS (ms): Min: 15.3, Avg: 16.1, Max: 16.9, Diff: 1.6, Sum: 128.8]
      [Code Root Scanning (ms): Min: 0.0, Avg: 0.0, Max: 0.0, Diff: 0.0, Sum: 0.0]
      [Object Copy (ms): Min: 139.1, Avg: 139.3, Max: 139.5, Diff: 0.4, Sum: 1114.0]
      [Termination (ms): Min: 0.0, Avg: 0.3, Max: 0.4, Diff: 0.4, Sum: 2.5]
         [Termination Attempts: Min: 1, Avg: 1459.9, Max: 1870, Diff: 1869, Sum: 11679]
      [GC Worker Other (ms): Min: 0.0, Avg: 0.1, Max: 0.1, Diff: 0.1, Sum: 0.4]
      [GC Worker Total (ms): Min: 177.6, Avg: 177.6, Max: 177.8, Diff: 0.2, Sum: 1421.1]
      [GC Worker End (ms): Min: 26851.7, Avg: 26851.7, Max: 26851.8, Diff: 0.1]
   [Code Root Fixup: 0.0 ms]
   [Code Root Purge: 0.0 ms]
   [Clear CT: 0.3 ms]
   [Other: 1.1 ms]
      [Choose CSet: 0.0 ms]
      [Ref Proc: 0.3 ms]
      [Ref Enq: 0.0 ms]
      [Redirty Cards: 0.3 ms]
      [Humongous Register: 0.0 ms]
      [Humongous Reclaim: 0.0 ms]
      [Free CSet: 0.2 ms]
   [Eden: 189.0M(189.0M)->0.0B(189.0M) Survivors: 26.0M->27.0M Heap: 897.4M(2048.0M)->899.9M(2048.0M)]
 [Times: user=1.45 sys=0.02, real=0.18 secs] 
2020-09-29T12:27:35.664+0200: 26.990: [GC pause (G1 Evacuation Pause) (young), 0.1781268 secs]
   [Parallel Time: 177.0 ms, GC Workers: 8]
      [GC Worker Start (ms): Min: 26990.2, Avg: 26990.4, Max: 26990.5, Diff: 0.2]
      [Ext Root Scanning (ms): Min: 0.0, Avg: 0.1, Max: 0.2, Diff: 0.2, Sum: 0.6]
      [Update RS (ms): Min: 17.6, Avg: 17.9, Max: 18.5, Diff: 0.9, Sum: 142.9]
         [Processed Buffers: Min: 11, Avg: 13.9, Max: 16, Diff: 5, Sum: 111]
      [Scan RS (ms): Min: 18.0, Avg: 18.6, Max: 19.0, Diff: 1.0, Sum: 148.9]
      [Code Root Scanning (ms): Min: 0.0, Avg: 0.0, Max: 0.0, Diff: 0.0, Sum: 0.0]
      [Object Copy (ms): Min: 139.8, Avg: 140.0, Max: 140.1, Diff: 0.2, Sum: 1120.0]
      [Termination (ms): Min: 0.0, Avg: 0.1, Max: 0.1, Diff: 0.1, Sum: 0.6]
         [Termination Attempts: Min: 1, Avg: 112.8, Max: 157, Diff: 156, Sum: 902]
      [GC Worker Other (ms): Min: 0.0, Avg: 0.0, Max: 0.1, Diff: 0.1, Sum: 0.2]
      [GC Worker Total (ms): Min: 176.5, Avg: 176.6, Max: 176.9, Diff: 0.3, Sum: 1413.2]
      [GC Worker End (ms): Min: 27167.0, Avg: 27167.0, Max: 27167.1, Diff: 0.1]
   [Code Root Fixup: 0.0 ms]
   [Code Root Purge: 0.0 ms]
   [Clear CT: 0.2 ms]
   [Other: 0.9 ms]
      [Choose CSet: 0.0 ms]
      [Ref Proc: 0.2 ms]
      [Ref Enq: 0.0 ms]
      [Redirty Cards: 0.3 ms]
      [Humongous Register: 0.0 ms]
      [Humongous Reclaim: 0.0 ms]
      [Free CSet: 0.2 ms]
   [Eden: 189.0M(189.0M)->0.0B(190.0M) Survivors: 27.0M->27.0M Heap: 1121.3M(2048.0M)->1123.8M(2048.0M)]
 [Times: user=1.22 sys=0.05, real=0.18 secs] 
2020-09-29T12:27:35.849+0200: 27.176: [GC pause (G1 Humongous Allocation) (young) (initial-mark), 0.0532109 secs]
   [Parallel Time: 52.0 ms, GC Workers: 8]
      [GC Worker Start (ms): Min: 27176.0, Avg: 27176.1, Max: 27176.1, Diff: 0.1]
      [Ext Root Scanning (ms): Min: 0.1, Avg: 0.1, Max: 0.2, Diff: 0.1, Sum: 0.9]
      [Update RS (ms): Min: 30.8, Avg: 31.0, Max: 31.7, Diff: 0.9, Sum: 247.7]
         [Processed Buffers: Min: 26, Avg: 29.0, Max: 32, Diff: 6, Sum: 232]
      [Scan RS (ms): Min: 1.6, Avg: 2.4, Max: 2.7, Diff: 1.1, Sum: 19.3]
      [Code Root Scanning (ms): Min: 0.0, Avg: 0.0, Max: 0.0, Diff: 0.0, Sum: 0.0]
      [Object Copy (ms): Min: 18.2, Avg: 18.3, Max: 18.3, Diff: 0.2, Sum: 146.0]
      [Termination (ms): Min: 0.0, Avg: 0.0, Max: 0.0, Diff: 0.0, Sum: 0.2]
         [Termination Attempts: Min: 1, Avg: 89.1, Max: 131, Diff: 130, Sum: 713]
      [GC Worker Other (ms): Min: 0.0, Avg: 0.0, Max: 0.0, Diff: 0.0, Sum: 0.2]
      [GC Worker Total (ms): Min: 51.7, Avg: 51.8, Max: 51.8, Diff: 0.1, Sum: 414.3]
      [GC Worker End (ms): Min: 27227.9, Avg: 27227.9, Max: 27227.9, Diff: 0.0]
   [Code Root Fixup: 0.0 ms]
   [Code Root Purge: 0.0 ms]
   [Clear CT: 0.3 ms]
   [Other: 0.9 ms]
      [Choose CSet: 0.0 ms]
      [Ref Proc: 0.2 ms]
      [Ref Enq: 0.0 ms]
      [Redirty Cards: 0.2 ms]
      [Humongous Register: 0.1 ms]
      [Humongous Reclaim: 0.0 ms]
      [Free CSet: 0.1 ms]
   [Eden: 6144.0K(190.0M)->0.0B(219.0M) Survivors: 27.0M->8192.0K Heap: 1129.8M(2048.0M)->1133.8M(2048.0M)]
 [Times: user=0.38 sys=0.00, real=0.05 secs] 
2020-09-29T12:27:35.903+0200: 27.229: [GC concurrent-root-region-scan-start]
2020-09-29T12:27:35.904+0200: 27.231: [GC concurrent-root-region-scan-end, 0.0016567 secs]
2020-09-29T12:27:35.904+0200: 27.231: [GC concurrent-mark-start]
2020-09-29T12:27:35.908+0200: 27.235: [GC concurrent-mark-end, 0.0040746 secs]
2020-09-29T12:27:35.909+0200: 27.235: [GC remark 2020-09-29T12:27:35.909+0200: 27.235: [Finalize Marking, 0.0002454 secs] 2020-09-29T12:27:35.909+0200: 27.236: [GC ref-proc, 0.0003714 secs] 2020-09-29T12:27:35.910+0200: 27.236: [Unloading, 0.0005068 secs], 0.0014757 secs]
 [Times: user=0.00 sys=0.00, real=0.00 secs] 
2020-09-29T12:27:35.911+0200: 27.237: [GC cleanup 1142M->26M(2048M), 0.0017835 secs]
 [Times: user=0.00 sys=0.00, real=0.00 secs] 
2020-09-29T12:27:35.913+0200: 27.239: [GC concurrent-cleanup-start]
2020-09-29T12:27:35.914+0200: 27.241: [GC concurrent-cleanup-end, 0.0016434 secs]
2020-09-29T12:27:36.055+0200: 27.382: [GC pause (G1 Evacuation Pause) (young), 0.1668943 secs]
   [Parallel Time: 163.9 ms, GC Workers: 8]
      [GC Worker Start (ms): Min: 27381.7, Avg: 27381.9, Max: 27381.9, Diff: 0.2]
      [Ext Root Scanning (ms): Min: 0.0, Avg: 0.1, Max: 0.2, Diff: 0.2, Sum: 0.6]
      [Update RS (ms): Min: 17.0, Avg: 17.2, Max: 17.8, Diff: 0.7, Sum: 137.9]
         [Processed Buffers: Min: 13, Avg: 14.5, Max: 17, Diff: 4, Sum: 116]
      [Scan RS (ms): Min: 18.2, Avg: 18.7, Max: 18.8, Diff: 0.6, Sum: 149.3]
      [Code Root Scanning (ms): Min: 0.0, Avg: 0.0, Max: 0.0, Diff: 0.0, Sum: 0.0]
      [Object Copy (ms): Min: 127.4, Avg: 127.5, Max: 127.5, Diff: 0.1, Sum: 1019.7]
      [Termination (ms): Min: 0.0, Avg: 0.0, Max: 0.0, Diff: 0.0, Sum: 0.3]
         [Termination Attempts: Min: 1, Avg: 151.0, Max: 217, Diff: 216, Sum: 1208]
      [GC Worker Other (ms): Min: 0.0, Avg: 0.1, Max: 0.2, Diff: 0.2, Sum: 0.8]
      [GC Worker Total (ms): Min: 163.5, Avg: 163.6, Max: 163.8, Diff: 0.3, Sum: 1308.5]
      [GC Worker End (ms): Min: 27545.3, Avg: 27545.4, Max: 27545.5, Diff: 0.2]
   [Code Root Fixup: 0.0 ms]
   [Code Root Purge: 0.0 ms]
   [Clear CT: 0.3 ms]
   [Other: 2.7 ms]
      [Choose CSet: 0.0 ms]
      [Ref Proc: 0.2 ms]
      [Ref Enq: 0.0 ms]
      [Redirty Cards: 2.0 ms]
      [Humongous Register: 0.0 ms]
      [Humongous Reclaim: 0.0 ms]
      [Free CSet: 0.2 ms]
   [Eden: 219.0M(219.0M)->0.0B(201.0M) Survivors: 8192.0K->29.0M Heap: 275.1M(2048.0M)->269.6M(2048.0M)]
 [Times: user=1.17 sys=0.05, real=0.17 secs] 
2020-09-29T12:27:36.384+0200: 27.711: [GC pause (G1 Evacuation Pause) (young), 0.2088960 secs]
   [Parallel Time: 207.2 ms, GC Workers: 8]
      [GC Worker Start (ms): Min: 27711.0, Avg: 27711.1, Max: 27711.2, Diff: 0.2]
      [Ext Root Scanning (ms): Min: 0.0, Avg: 0.1, Max: 0.2, Diff: 0.2, Sum: 0.7]
      [Update RS (ms): Min: 24.2, Avg: 24.7, Max: 25.5, Diff: 1.3, Sum: 197.6]
         [Processed Buffers: Min: 14, Avg: 15.6, Max: 17, Diff: 3, Sum: 125]
      [Scan RS (ms): Min: 21.1, Avg: 22.0, Max: 22.7, Diff: 1.5, Sum: 176.1]
      [Code Root Scanning (ms): Min: 0.0, Avg: 0.0, Max: 0.0, Diff: 0.0, Sum: 0.0]
      [Object Copy (ms): Min: 159.7, Avg: 159.9, Max: 160.0, Diff: 0.4, Sum: 1279.3]
      [Termination (ms): Min: 0.0, Avg: 0.1, Max: 0.2, Diff: 0.2, Sum: 1.1]
         [Termination Attempts: Min: 1, Avg: 612.0, Max: 801, Diff: 800, Sum: 4896]
      [GC Worker Other (ms): Min: 0.0, Avg: 0.1, Max: 0.1, Diff: 0.1, Sum: 0.4]
      [GC Worker Total (ms): Min: 206.8, Avg: 206.9, Max: 207.0, Diff: 0.2, Sum: 1655.3]
      [GC Worker End (ms): Min: 27918.0, Avg: 27918.0, Max: 27918.1, Diff: 0.1]
   [Code Root Fixup: 0.0 ms]
   [Code Root Purge: 0.0 ms]
   [Clear CT: 0.4 ms]
   [Other: 1.3 ms]
      [Choose CSet: 0.0 ms]
      [Ref Proc: 0.3 ms]
      [Ref Enq: 0.0 ms]
      [Redirty Cards: 0.3 ms]
      [Humongous Register: 0.0 ms]
      [Humongous Reclaim: 0.0 ms]
      [Free CSet: 0.3 ms]
   [Eden: 201.0M(201.0M)->0.0B(176.0M) Survivors: 29.0M->29.0M Heap: 503.1M(2048.0M)->504.6M(2048.0M)]
 [Times: user=1.33 sys=0.11, real=0.21 secs] 
2020-09-29T12:27:36.739+0200: 28.066: [GC pause (G1 Evacuation Pause) (young), 0.1979927 secs]
   [Parallel Time: 196.8 ms, GC Workers: 8]
      [GC Worker Start (ms): Min: 28066.5, Avg: 28066.6, Max: 28066.6, Diff: 0.2]
      [Ext Root Scanning (ms): Min: 0.0, Avg: 0.1, Max: 0.2, Diff: 0.2, Sum: 0.8]
      [Update RS (ms): Min: 19.2, Avg: 19.5, Max: 20.7, Diff: 1.5, Sum: 156.0]
         [Processed Buffers: Min: 12, Avg: 14.0, Max: 18, Diff: 6, Sum: 112]
      [Scan RS (ms): Min: 21.0, Avg: 23.4, Max: 33.2, Diff: 12.3, Sum: 187.2]
      [Code Root Scanning (ms): Min: 0.0, Avg: 0.0, Max: 0.0, Diff: 0.0, Sum: 0.0]
      [Object Copy (ms): Min: 143.6, Avg: 153.2, Max: 154.7, Diff: 11.1, Sum: 1225.7]
      [Termination (ms): Min: 0.0, Avg: 0.2, Max: 0.3, Diff: 0.3, Sum: 2.0]
         [Termination Attempts: Min: 1, Avg: 1089.6, Max: 1439, Diff: 1438, Sum: 8717]
      [GC Worker Other (ms): Min: 0.0, Avg: 0.1, Max: 0.1, Diff: 0.1, Sum: 0.4]
      [GC Worker Total (ms): Min: 196.4, Avg: 196.5, Max: 196.6, Diff: 0.2, Sum: 1572.2]
      [GC Worker End (ms): Min: 28263.1, Avg: 28263.1, Max: 28263.1, Diff: 0.1]
   [Code Root Fixup: 0.0 ms]
   [Code Root Purge: 0.0 ms]
   [Clear CT: 0.3 ms]
   [Other: 1.0 ms]
      [Choose CSet: 0.0 ms]
      [Ref Proc: 0.3 ms]
      [Ref Enq: 0.0 ms]
      [Redirty Cards: 0.3 ms]
      [Humongous Register: 0.0 ms]
      [Humongous Reclaim: 0.0 ms]
      [Free CSet: 0.2 ms]
   [Eden: 176.0M(176.0M)->0.0B(161.0M) Survivors: 29.0M->26.0M Heap: 711.1M(2048.0M)->713.6M(2048.0M)]
 [Times: user=1.38 sys=0.03, real=0.20 secs] 
2020-09-29T12:27:37.061+0200: 28.389: [GC pause (G1 Evacuation Pause) (young), 0.1765925 secs]
   [Parallel Time: 175.2 ms, GC Workers: 8]
      [GC Worker Start (ms): Min: 28388.7, Avg: 28388.8, Max: 28388.9, Diff: 0.2]
      [Ext Root Scanning (ms): Min: 0.0, Avg: 0.1, Max: 0.2, Diff: 0.2, Sum: 0.8]
      [Update RS (ms): Min: 21.6, Avg: 22.6, Max: 26.8, Diff: 5.2, Sum: 180.4]
         [Processed Buffers: Min: 10, Avg: 15.3, Max: 18, Diff: 8, Sum: 122]
      [Scan RS (ms): Min: 11.5, Avg: 15.7, Max: 16.7, Diff: 5.2, Sum: 125.5]
      [Code Root Scanning (ms): Min: 0.0, Avg: 0.0, Max: 0.0, Diff: 0.0, Sum: 0.0]
      [Object Copy (ms): Min: 136.4, Avg: 136.4, Max: 136.5, Diff: 0.2, Sum: 1091.4]
      [Termination (ms): Min: 0.0, Avg: 0.0, Max: 0.1, Diff: 0.1, Sum: 0.3]
         [Termination Attempts: Min: 1, Avg: 160.6, Max: 227, Diff: 226, Sum: 1285]
      [GC Worker Other (ms): Min: 0.0, Avg: 0.0, Max: 0.1, Diff: 0.0, Sum: 0.3]
      [GC Worker Total (ms): Min: 174.7, Avg: 174.8, Max: 175.0, Diff: 0.2, Sum: 1398.7]
      [GC Worker End (ms): Min: 28563.7, Avg: 28563.7, Max: 28563.7, Diff: 0.0]
   [Code Root Fixup: 0.0 ms]
   [Code Root Purge: 0.0 ms]
   [Clear CT: 0.3 ms]
   [Other: 1.1 ms]
      [Choose CSet: 0.0 ms]
      [Ref Proc: 0.4 ms]
      [Ref Enq: 0.0 ms]
      [Redirty Cards: 0.3 ms]
      [Humongous Register: 0.1 ms]
      [Humongous Reclaim: 0.0 ms]
      [Free CSet: 0.2 ms]
   [Eden: 161.0M(161.0M)->0.0B(162.0M) Survivors: 26.0M->24.0M Heap: 901.3M(2048.0M)->903.3M(2048.0M)]
 [Times: user=1.34 sys=0.02, real=0.18 secs] 
2020-09-29T12:27:37.363+0200: 28.690: [GC pause (G1 Evacuation Pause) (young), 0.1772989 secs]
   [Parallel Time: 175.5 ms, GC Workers: 8]
      [GC Worker Start (ms): Min: 28690.6, Avg: 28690.7, Max: 28690.8, Diff: 0.2]
      [Ext Root Scanning (ms): Min: 0.0, Avg: 0.1, Max: 0.2, Diff: 0.2, Sum: 0.7]
      [Update RS (ms): Min: 17.4, Avg: 20.0, Max: 33.5, Diff: 16.1, Sum: 159.7]
         [Processed Buffers: Min: 11, Avg: 12.9, Max: 16, Diff: 5, Sum: 103]
      [Scan RS (ms): Min: 3.9, Avg: 17.4, Max: 20.0, Diff: 16.1, Sum: 138.8]
      [Code Root Scanning (ms): Min: 0.0, Avg: 0.0, Max: 0.0, Diff: 0.0, Sum: 0.0]
      [Object Copy (ms): Min: 137.4, Avg: 137.6, Max: 137.7, Diff: 0.3, Sum: 1100.6]
      [Termination (ms): Min: 0.0, Avg: 0.1, Max: 0.1, Diff: 0.1, Sum: 0.7]
         [Termination Attempts: Min: 1, Avg: 397.9, Max: 498, Diff: 497, Sum: 3183]
      [GC Worker Other (ms): Min: 0.0, Avg: 0.0, Max: 0.1, Diff: 0.0, Sum: 0.3]
      [GC Worker Total (ms): Min: 175.0, Avg: 175.1, Max: 175.2, Diff: 0.2, Sum: 1400.8]
      [GC Worker End (ms): Min: 28865.8, Avg: 28865.8, Max: 28865.8, Diff: 0.0]
   [Code Root Fixup: 0.0 ms]
   [Code Root Purge: 0.0 ms]
   [Clear CT: 0.3 ms]
   [Other: 1.5 ms]
      [Choose CSet: 0.0 ms]
      [Ref Proc: 0.3 ms]
      [Ref Enq: 0.0 ms]
      [Redirty Cards: 0.8 ms]
      [Humongous Register: 0.1 ms]
      [Humongous Reclaim: 0.0 ms]
      [Free CSet: 0.2 ms]
   [Eden: 162.0M(162.0M)->0.0B(162.0M) Survivors: 24.0M->24.0M Heap: 1092.0M(2048.0M)->1094.5M(2048.0M)]
 [Times: user=1.33 sys=0.06, real=0.18 secs] 
2020-09-29T12:27:37.548+0200: 28.875: [GC pause (G1 Humongous Allocation) (young) (initial-mark), 0.0584969 secs]
   [Parallel Time: 57.1 ms, GC Workers: 8]
      [GC Worker Start (ms): Min: 28875.2, Avg: 28875.3, Max: 28875.4, Diff: 0.2]
      [Ext Root Scanning (ms): Min: 0.0, Avg: 0.5, Max: 1.5, Diff: 1.5, Sum: 4.3]
      [Update RS (ms): Min: 33.1, Avg: 33.7, Max: 34.4, Diff: 1.3, Sum: 269.6]
         [Processed Buffers: Min: 25, Avg: 26.8, Max: 29, Diff: 4, Sum: 214]
      [Scan RS (ms): Min: 1.8, Avg: 2.3, Max: 2.8, Diff: 0.9, Sum: 18.0]
      [Code Root Scanning (ms): Min: 0.0, Avg: 0.0, Max: 0.0, Diff: 0.0, Sum: 0.0]
      [Object Copy (ms): Min: 20.1, Avg: 20.3, Max: 20.5, Diff: 0.3, Sum: 162.5]
      [Termination (ms): Min: 0.0, Avg: 0.0, Max: 0.0, Diff: 0.0, Sum: 0.0]
         [Termination Attempts: Min: 1, Avg: 7.8, Max: 12, Diff: 11, Sum: 62]
      [GC Worker Other (ms): Min: 0.0, Avg: 0.0, Max: 0.0, Diff: 0.0, Sum: 0.2]
      [GC Worker Total (ms): Min: 56.7, Avg: 56.8, Max: 56.9, Diff: 0.2, Sum: 454.7]
      [GC Worker End (ms): Min: 28932.1, Avg: 28932.1, Max: 28932.2, Diff: 0.0]
   [Code Root Fixup: 0.0 ms]
   [Code Root Purge: 0.0 ms]
   [Clear CT: 0.4 ms]
   [Other: 1.0 ms]
      [Choose CSet: 0.0 ms]
      [Ref Proc: 0.2 ms]
      [Ref Enq: 0.0 ms]
      [Redirty Cards: 0.4 ms]
      [Humongous Register: 0.1 ms]
      [Humongous Reclaim: 0.0 ms]
      [Free CSet: 0.1 ms]
   [Eden: 9216.0K(162.0M)->0.0B(188.0M) Survivors: 24.0M->11.0M Heap: 1103.0M(2048.0M)->1106.0M(2048.0M)]
 [Times: user=0.50 sys=0.00, real=0.06 secs] 
2020-09-29T12:27:37.607+0200: 28.934: [GC concurrent-root-region-scan-start]
2020-09-29T12:27:37.610+0200: 28.937: [GC concurrent-root-region-scan-end, 0.0034083 secs]
2020-09-29T12:27:37.610+0200: 28.937: [GC concurrent-mark-start]
2020-09-29T12:27:37.616+0200: 28.943: [GC concurrent-mark-end, 0.0063409 secs]
2020-09-29T12:27:37.617+0200: 28.944: [GC remark 2020-09-29T12:27:37.617+0200: 28.944: [Finalize Marking, 0.0003152 secs] 2020-09-29T12:27:37.617+0200: 28.944: [GC ref-proc, 0.0005401 secs] 2020-09-29T12:27:37.618+0200: 28.945: [Unloading, 0.0005821 secs], 0.0018715 secs]
 [Times: user=0.00 sys=0.00, real=0.00 secs] 
2020-09-29T12:27:37.619+0200: 28.946: [GC cleanup 1122M->37M(2048M), 0.0018360 secs]
 [Times: user=0.00 sys=0.00, real=0.00 secs] 
2020-09-29T12:27:37.621+0200: 28.948: [GC concurrent-cleanup-start]
2020-09-29T12:27:37.623+0200: 28.951: [GC concurrent-cleanup-end, 0.0021736 secs]
2020-09-29T12:27:37.757+0200: 29.083: [GC pause (G1 Evacuation Pause) (young), 0.1952612 secs]
   [Parallel Time: 193.9 ms, GC Workers: 8]
      [GC Worker Start (ms): Min: 29083.6, Avg: 29083.7, Max: 29083.8, Diff: 0.2]
      [Ext Root Scanning (ms): Min: 0.0, Avg: 0.1, Max: 0.2, Diff: 0.2, Sum: 0.7]
      [Update RS (ms): Min: 23.6, Avg: 24.0, Max: 24.5, Diff: 1.0, Sum: 192.0]
         [Processed Buffers: Min: 10, Avg: 15.4, Max: 20, Diff: 10, Sum: 123]
      [Scan RS (ms): Min: 17.4, Avg: 18.0, Max: 18.5, Diff: 1.1, Sum: 143.9]
      [Code Root Scanning (ms): Min: 0.0, Avg: 0.0, Max: 0.0, Diff: 0.0, Sum: 0.0]
      [Object Copy (ms): Min: 150.8, Avg: 151.0, Max: 151.3, Diff: 0.4, Sum: 1208.1]
      [Termination (ms): Min: 0.0, Avg: 0.3, Max: 0.4, Diff: 0.4, Sum: 2.3]
         [Termination Attempts: Min: 1, Avg: 1293.5, Max: 1746, Diff: 1745, Sum: 10348]
      [GC Worker Other (ms): Min: 0.0, Avg: 0.1, Max: 0.1, Diff: 0.1, Sum: 0.7]
      [GC Worker Total (ms): Min: 193.4, Avg: 193.5, Max: 193.6, Diff: 0.2, Sum: 1547.8]
      [GC Worker End (ms): Min: 29277.1, Avg: 29277.2, Max: 29277.2, Diff: 0.1]
   [Code Root Fixup: 0.0 ms]
   [Code Root Purge: 0.0 ms]
   [Clear CT: 0.3 ms]
   [Other: 1.0 ms]
      [Choose CSet: 0.0 ms]
      [Ref Proc: 0.2 ms]
      [Ref Enq: 0.0 ms]
      [Redirty Cards: 0.3 ms]
      [Humongous Register: 0.0 ms]
      [Humongous Reclaim: 0.0 ms]
      [Free CSet: 0.2 ms]
   [Eden: 188.0M(188.0M)->0.0B(160.0M) Survivors: 11.0M->25.0M Heap: 240.9M(2048.0M)->231.9M(2048.0M)]
 [Times: user=1.34 sys=0.01, real=0.19 secs] 
2020-09-29T12:27:38.090+0200: 29.416: [GC pause (G1 Evacuation Pause) (young), 0.1529622 secs]
   [Parallel Time: 151.5 ms, GC Workers: 8]
      [GC Worker Start (ms): Min: 29416.4, Avg: 29416.5, Max: 29416.6, Diff: 0.2]
      [Ext Root Scanning (ms): Min: 0.0, Avg: 0.1, Max: 0.2, Diff: 0.2, Sum: 0.8]
      [Update RS (ms): Min: 16.1, Avg: 16.4, Max: 16.9, Diff: 0.8, Sum: 131.1]
         [Processed Buffers: Min: 10, Avg: 11.9, Max: 14, Diff: 4, Sum: 95]
      [Scan RS (ms): Min: 17.5, Avg: 18.1, Max: 18.6, Diff: 1.1, Sum: 145.2]
      [Code Root Scanning (ms): Min: 0.0, Avg: 0.0, Max: 0.0, Diff: 0.0, Sum: 0.0]
      [Object Copy (ms): Min: 116.4, Avg: 116.6, Max: 116.7, Diff: 0.3, Sum: 932.5]
      [Termination (ms): Min: 0.0, Avg: 0.0, Max: 0.0, Diff: 0.0, Sum: 0.1]
         [Termination Attempts: Min: 1, Avg: 49.1, Max: 63, Diff: 62, Sum: 393]
      [GC Worker Other (ms): Min: 0.0, Avg: 0.0, Max: 0.1, Diff: 0.1, Sum: 0.3]
      [GC Worker Total (ms): Min: 151.2, Avg: 151.3, Max: 151.4, Diff: 0.2, Sum: 1210.1]
      [GC Worker End (ms): Min: 29567.7, Avg: 29567.8, Max: 29567.8, Diff: 0.1]
   [Code Root Fixup: 0.0 ms]
   [Code Root Purge: 0.0 ms]
   [Clear CT: 0.3 ms]
   [Other: 1.2 ms]
      [Choose CSet: 0.0 ms]
      [Ref Proc: 0.3 ms]
      [Ref Enq: 0.0 ms]
      [Redirty Cards: 0.3 ms]
      [Humongous Register: 0.0 ms]
      [Humongous Reclaim: 0.0 ms]
      [Free CSet: 0.2 ms]
   [Eden: 160.0M(160.0M)->0.0B(167.0M) Survivors: 25.0M->24.0M Heap: 418.6M(2048.0M)->420.1M(2048.0M)]
 [Times: user=1.25 sys=0.00, real=0.15 secs] 
2020-09-29T12:27:38.373+0200: 29.699: [GC pause (G1 Evacuation Pause) (young), 0.1614200 secs]
   [Parallel Time: 159.5 ms, GC Workers: 8]
      [GC Worker Start (ms): Min: 29699.1, Avg: 29699.2, Max: 29699.3, Diff: 0.3]
      [Ext Root Scanning (ms): Min: 0.0, Avg: 0.1, Max: 0.2, Diff: 0.2, Sum: 0.6]
      [Update RS (ms): Min: 15.9, Avg: 16.5, Max: 16.8, Diff: 0.9, Sum: 131.6]
         [Processed Buffers: Min: 11, Avg: 11.8, Max: 12, Diff: 1, Sum: 94]
      [Scan RS (ms): Min: 12.6, Avg: 13.1, Max: 13.6, Diff: 0.9, Sum: 104.6]
      [Code Root Scanning (ms): Min: 0.0, Avg: 0.0, Max: 0.0, Diff: 0.0, Sum: 0.0]
      [Object Copy (ms): Min: 128.9, Avg: 129.5, Max: 129.6, Diff: 0.8, Sum: 1035.7]
      [Termination (ms): Min: 0.0, Avg: 0.0, Max: 0.0, Diff: 0.0, Sum: 0.3]
         [Termination Attempts: Min: 1, Avg: 136.0, Max: 174, Diff: 173, Sum: 1088]
      [GC Worker Other (ms): Min: 0.0, Avg: 0.1, Max: 0.1, Diff: 0.1, Sum: 0.4]
      [GC Worker Total (ms): Min: 159.0, Avg: 159.2, Max: 159.3, Diff: 0.3, Sum: 1273.3]
      [GC Worker End (ms): Min: 29858.4, Avg: 29858.4, Max: 29858.4, Diff: 0.1]
   [Code Root Fixup: 0.0 ms]
   [Code Root Purge: 0.0 ms]
   [Clear CT: 0.6 ms]
   [Other: 1.3 ms]
      [Choose CSet: 0.0 ms]
      [Ref Proc: 0.4 ms]
      [Ref Enq: 0.0 ms]
      [Redirty Cards: 0.4 ms]
      [Humongous Register: 0.0 ms]
      [Humongous Reclaim: 0.0 ms]
      [Free CSet: 0.2 ms]
   [Eden: 167.0M(167.0M)->0.0B(174.0M) Survivors: 24.0M->24.0M Heap: 613.8M(2048.0M)->616.3M(2048.0M)]
 [Times: user=1.25 sys=0.00, real=0.16 secs] 
2020-09-29T12:27:38.670+0200: 29.996: [GC pause (G1 Evacuation Pause) (young), 0.1747534 secs]
   [Parallel Time: 173.3 ms, GC Workers: 8]
      [GC Worker Start (ms): Min: 29996.1, Avg: 29996.4, Max: 29997.3, Diff: 1.2]
      [Ext Root Scanning (ms): Min: 0.0, Avg: 0.1, Max: 0.2, Diff: 0.2, Sum: 0.8]
      [Update RS (ms): Min: 17.0, Avg: 18.1, Max: 19.1, Diff: 2.1, Sum: 145.0]
         [Processed Buffers: Min: 12, Avg: 13.6, Max: 16, Diff: 4, Sum: 109]
      [Scan RS (ms): Min: 12.7, Avg: 13.3, Max: 13.8, Diff: 1.2, Sum: 106.4]
      [Code Root Scanning (ms): Min: 0.0, Avg: 0.0, Max: 0.0, Diff: 0.0, Sum: 0.0]
      [Object Copy (ms): Min: 141.0, Avg: 141.3, Max: 141.4, Diff: 0.4, Sum: 1130.5]
      [Termination (ms): Min: 0.0, Avg: 0.1, Max: 0.1, Diff: 0.1, Sum: 0.7]
         [Termination Attempts: Min: 1, Avg: 372.1, Max: 495, Diff: 494, Sum: 2977]
      [GC Worker Other (ms): Min: 0.0, Avg: 0.0, Max: 0.1, Diff: 0.1, Sum: 0.4]
      [GC Worker Total (ms): Min: 172.0, Avg: 173.0, Max: 173.2, Diff: 1.2, Sum: 1383.7]
      [GC Worker End (ms): Min: 30169.3, Avg: 30169.3, Max: 30169.4, Diff: 0.1]
   [Code Root Fixup: 0.0 ms]
   [Code Root Purge: 0.0 ms]
   [Clear CT: 0.3 ms]
   [Other: 1.2 ms]
      [Choose CSet: 0.0 ms]
      [Ref Proc: 0.3 ms]
      [Ref Enq: 0.0 ms]
      [Redirty Cards: 0.4 ms]
      [Humongous Register: 0.1 ms]
      [Humongous Reclaim: 0.0 ms]
      [Free CSet: 0.2 ms]
   [Eden: 174.0M(174.0M)->0.0B(176.0M) Survivors: 24.0M->25.0M Heap: 820.8M(2048.0M)->823.3M(2048.0M)]
 [Times: user=1.31 sys=0.02, real=0.17 secs] 
2020-09-29T12:27:38.986+0200: 30.312: [GC pause (G1 Evacuation Pause) (young), 0.1834153 secs]
   [Parallel Time: 181.8 ms, GC Workers: 8]
      [GC Worker Start (ms): Min: 30312.0, Avg: 30312.2, Max: 30312.3, Diff: 0.3]
      [Ext Root Scanning (ms): Min: 0.0, Avg: 0.1, Max: 0.2, Diff: 0.2, Sum: 0.7]
      [Update RS (ms): Min: 22.0, Avg: 22.3, Max: 22.7, Diff: 0.7, Sum: 178.5]
         [Processed Buffers: Min: 14, Avg: 15.3, Max: 18, Diff: 4, Sum: 122]
      [Scan RS (ms): Min: 16.8, Avg: 17.3, Max: 17.7, Diff: 0.9, Sum: 138.7]
      [Code Root Scanning (ms): Min: 0.0, Avg: 0.0, Max: 0.0, Diff: 0.0, Sum: 0.0]
      [Object Copy (ms): Min: 141.3, Avg: 141.5, Max: 141.6, Diff: 0.4, Sum: 1131.7]
      [Termination (ms): Min: 0.0, Avg: 0.1, Max: 0.2, Diff: 0.2, Sum: 1.0]
         [Termination Attempts: Min: 1, Avg: 540.3, Max: 717, Diff: 716, Sum: 4322]
      [GC Worker Other (ms): Min: 0.0, Avg: 0.0, Max: 0.1, Diff: 0.0, Sum: 0.3]
      [GC Worker Total (ms): Min: 181.3, Avg: 181.4, Max: 181.5, Diff: 0.3, Sum: 1450.9]
      [GC Worker End (ms): Min: 30493.5, Avg: 30493.6, Max: 30493.6, Diff: 0.0]
   [Code Root Fixup: 0.0 ms]
   [Code Root Purge: 0.0 ms]
   [Clear CT: 0.5 ms]
   [Other: 1.2 ms]
      [Choose CSet: 0.0 ms]
      [Ref Proc: 0.4 ms]
      [Ref Enq: 0.0 ms]
      [Redirty Cards: 0.4 ms]
      [Humongous Register: 0.1 ms]
      [Humongous Reclaim: 0.0 ms]
      [Free CSet: 0.2 ms]
   [Eden: 176.0M(176.0M)->0.0B(173.0M) Survivors: 25.0M->26.0M Heap: 1028.0M(2048.0M)->1030.5M(2048.0M)]
 [Times: user=1.33 sys=0.08, real=0.18 secs] 
2020-09-29T12:27:39.179+0200: 30.506: [GC pause (G1 Humongous Allocation) (young) (initial-mark), 0.0557398 secs]
   [Parallel Time: 54.1 ms, GC Workers: 8]
      [GC Worker Start (ms): Min: 30506.2, Avg: 30506.3, Max: 30506.4, Diff: 0.2]
      [Ext Root Scanning (ms): Min: 0.0, Avg: 0.1, Max: 0.2, Diff: 0.2, Sum: 0.9]
      [Update RS (ms): Min: 29.5, Avg: 29.9, Max: 30.4, Diff: 0.9, Sum: 239.3]
         [Processed Buffers: Min: 23, Avg: 23.9, Max: 25, Diff: 2, Sum: 191]
      [Scan RS (ms): Min: 2.1, Avg: 2.6, Max: 2.9, Diff: 0.8, Sum: 20.5]
      [Code Root Scanning (ms): Min: 0.0, Avg: 0.0, Max: 0.0, Diff: 0.0, Sum: 0.0]
      [Object Copy (ms): Min: 21.0, Avg: 21.1, Max: 21.2, Diff: 0.2, Sum: 168.7]
      [Termination (ms): Min: 0.0, Avg: 0.0, Max: 0.0, Diff: 0.0, Sum: 0.1]
         [Termination Attempts: Min: 1, Avg: 58.5, Max: 75, Diff: 74, Sum: 468]
      [GC Worker Other (ms): Min: 0.0, Avg: 0.0, Max: 0.0, Diff: 0.0, Sum: 0.1]
      [GC Worker Total (ms): Min: 53.6, Avg: 53.7, Max: 53.8, Diff: 0.2, Sum: 429.7]
      [GC Worker End (ms): Min: 30560.0, Avg: 30560.0, Max: 30560.0, Diff: 0.0]
   [Code Root Fixup: 0.0 ms]
   [Code Root Purge: 0.0 ms]
   [Clear CT: 0.9 ms]
   [Other: 0.8 ms]
      [Choose CSet: 0.0 ms]
      [Ref Proc: 0.2 ms]
      [Ref Enq: 0.0 ms]
      [Redirty Cards: 0.3 ms]
      [Humongous Register: 0.0 ms]
      [Humongous Reclaim: 0.0 ms]
      [Free CSet: 0.1 ms]
   [Eden: 5120.0K(173.0M)->0.0B(202.0M) Survivors: 26.0M->7168.0K Heap: 1035.5M(2048.0M)->1039.5M(2048.0M)]
 [Times: user=0.38 sys=0.00, real=0.06 secs] 
2020-09-29T12:27:39.235+0200: 30.562: [GC concurrent-root-region-scan-start]
2020-09-29T12:27:39.237+0200: 30.564: [GC concurrent-root-region-scan-end, 0.0017243 secs]
2020-09-29T12:27:39.237+0200: 30.564: [GC concurrent-mark-start]
2020-09-29T12:27:39.240+0200: 30.567: [GC concurrent-mark-end, 0.0032819 secs]
2020-09-29T12:27:39.240+0200: 30.567: [GC remark 2020-09-29T12:27:39.240+0200: 30.567: [Finalize Marking, 0.0004548 secs] 2020-09-29T12:27:39.241+0200: 30.568: [GC ref-proc, 0.0004338 secs] 2020-09-29T12:27:39.241+0200: 30.568: [Unloading, 0.0007541 secs], 0.0021051 secs]
 [Times: user=0.00 sys=0.00, real=0.00 secs] 
2020-09-29T12:27:39.243+0200: 30.570: [GC cleanup 1048M->25M(2048M), 0.0017938 secs]
 [Times: user=0.00 sys=0.00, real=0.00 secs] 
2020-09-29T12:27:39.245+0200: 30.572: [GC concurrent-cleanup-start]
2020-09-29T12:27:39.246+0200: 30.573: [GC concurrent-cleanup-end, 0.0016152 secs]
2020-09-29T12:27:39.393+0200: 30.720: [GC pause (G1 Evacuation Pause) (young), 0.1777929 secs]
   [Parallel Time: 176.2 ms, GC Workers: 8]
      [GC Worker Start (ms): Min: 30720.1, Avg: 30720.3, Max: 30720.4, Diff: 0.2]
      [Ext Root Scanning (ms): Min: 0.0, Avg: 0.1, Max: 0.2, Diff: 0.2, Sum: 0.6]
      [Update RS (ms): Min: 15.6, Avg: 16.1, Max: 17.0, Diff: 1.4, Sum: 128.5]
         [Processed Buffers: Min: 9, Avg: 11.1, Max: 12, Diff: 3, Sum: 89]
      [Scan RS (ms): Min: 20.1, Avg: 20.9, Max: 21.5, Diff: 1.5, Sum: 166.9]
      [Code Root Scanning (ms): Min: 0.0, Avg: 0.0, Max: 0.0, Diff: 0.0, Sum: 0.0]
      [Object Copy (ms): Min: 138.7, Avg: 138.9, Max: 139.0, Diff: 0.3, Sum: 1111.0]
      [Termination (ms): Min: 0.0, Avg: 0.0, Max: 0.0, Diff: 0.0, Sum: 0.1]
         [Termination Attempts: Min: 1, Avg: 36.8, Max: 46, Diff: 45, Sum: 294]
      [GC Worker Other (ms): Min: 0.0, Avg: 0.1, Max: 0.1, Diff: 0.1, Sum: 0.4]
      [GC Worker Total (ms): Min: 175.9, Avg: 175.9, Max: 176.1, Diff: 0.2, Sum: 1407.6]
      [GC Worker End (ms): Min: 30896.2, Avg: 30896.2, Max: 30896.3, Diff: 0.1]
   [Code Root Fixup: 0.0 ms]
   [Code Root Purge: 0.0 ms]
   [Clear CT: 0.4 ms]
   [Other: 1.2 ms]
      [Choose CSet: 0.0 ms]
      [Ref Proc: 0.4 ms]
      [Ref Enq: 0.0 ms]
      [Redirty Cards: 0.3 ms]
      [Humongous Register: 0.0 ms]
      [Humongous Reclaim: 0.0 ms]
      [Free CSet: 0.2 ms]
   [Eden: 202.0M(202.0M)->0.0B(179.0M) Survivors: 7168.0K->27.0M Heap: 253.3M(2048.0M)->248.8M(2048.0M)]
 [Times: user=1.30 sys=0.08, real=0.18 secs] 
2020-09-29T12:27:39.716+0200: 31.043: [GC pause (G1 Evacuation Pause) (young), 0.1930907 secs]
   [Parallel Time: 191.7 ms, GC Workers: 8]
      [GC Worker Start (ms): Min: 31043.2, Avg: 31043.3, Max: 31043.4, Diff: 0.2]
      [Ext Root Scanning (ms): Min: 0.0, Avg: 0.1, Max: 0.2, Diff: 0.2, Sum: 0.8]
      [Update RS (ms): Min: 23.1, Avg: 23.4, Max: 24.0, Diff: 0.9, Sum: 187.5]
         [Processed Buffers: Min: 15, Avg: 16.1, Max: 19, Diff: 4, Sum: 129]
      [Scan RS (ms): Min: 16.9, Avg: 20.4, Max: 40.9, Diff: 24.0, Sum: 163.4]
      [Code Root Scanning (ms): Min: 0.0, Avg: 0.0, Max: 0.0, Diff: 0.0, Sum: 0.0]
      [Object Copy (ms): Min: 127.0, Avg: 147.3, Max: 150.3, Diff: 23.3, Sum: 1178.5]
      [Termination (ms): Min: 0.0, Avg: 0.0, Max: 0.0, Diff: 0.0, Sum: 0.0]
         [Termination Attempts: Min: 1, Avg: 19.8, Max: 31, Diff: 30, Sum: 158]
      [GC Worker Other (ms): Min: 0.0, Avg: 0.0, Max: 0.1, Diff: 0.1, Sum: 0.3]
      [GC Worker Total (ms): Min: 191.2, Avg: 191.3, Max: 191.4, Diff: 0.2, Sum: 1530.5]
      [GC Worker End (ms): Min: 31234.6, Avg: 31234.7, Max: 31234.7, Diff: 0.1]
   [Code Root Fixup: 0.0 ms]
   [Code Root Purge: 0.0 ms]
   [Clear CT: 0.3 ms]
   [Other: 1.1 ms]
      [Choose CSet: 0.0 ms]
      [Ref Proc: 0.3 ms]
      [Ref Enq: 0.0 ms]
      [Redirty Cards: 0.4 ms]
      [Humongous Register: 0.0 ms]
      [Humongous Reclaim: 0.0 ms]
      [Free CSet: 0.2 ms]
   [Eden: 179.0M(179.0M)->0.0B(169.0M) Survivors: 27.0M->26.0M Heap: 458.4M(2048.0M)->460.4M(2048.0M)]
 [Times: user=1.38 sys=0.03, real=0.19 secs] 
2020-09-29T12:27:40.042+0200: 31.369: [GC pause (G1 Evacuation Pause) (young), 0.1827901 secs]
   [Parallel Time: 181.6 ms, GC Workers: 8]
      [GC Worker Start (ms): Min: 31369.0, Avg: 31369.2, Max: 31369.3, Diff: 0.2]
      [Ext Root Scanning (ms): Min: 0.0, Avg: 0.1, Max: 0.2, Diff: 0.2, Sum: 0.7]
      [Update RS (ms): Min: 19.4, Avg: 19.5, Max: 19.7, Diff: 0.3, Sum: 155.7]
         [Processed Buffers: Min: 11, Avg: 14.0, Max: 17, Diff: 6, Sum: 112]
      [Scan RS (ms): Min: 18.7, Avg: 19.0, Max: 19.2, Diff: 0.5, Sum: 151.9]
      [Code Root Scanning (ms): Min: 0.0, Avg: 0.0, Max: 0.0, Diff: 0.0, Sum: 0.0]
      [Object Copy (ms): Min: 142.4, Avg: 142.7, Max: 142.7, Diff: 0.3, Sum: 1141.3]
      [Termination (ms): Min: 0.0, Avg: 0.0, Max: 0.0, Diff: 0.0, Sum: 0.0]
         [Termination Attempts: Min: 1, Avg: 14.3, Max: 23, Diff: 22, Sum: 114]
      [GC Worker Other (ms): Min: 0.0, Avg: 0.0, Max: 0.1, Diff: 0.1, Sum: 0.4]
      [GC Worker Total (ms): Min: 181.2, Avg: 181.3, Max: 181.4, Diff: 0.3, Sum: 1450.0]
      [GC Worker End (ms): Min: 31550.4, Avg: 31550.4, Max: 31550.5, Diff: 0.1]
   [Code Root Fixup: 0.0 ms]
   [Code Root Purge: 0.0 ms]
   [Clear CT: 0.2 ms]
   [Other: 1.0 ms]
      [Choose CSet: 0.0 ms]
      [Ref Proc: 0.3 ms]
      [Ref Enq: 0.0 ms]
      [Redirty Cards: 0.3 ms]
      [Humongous Register: 0.0 ms]
      [Humongous Reclaim: 0.0 ms]
      [Free CSet: 0.2 ms]
   [Eden: 169.0M(169.0M)->0.0B(165.0M) Survivors: 26.0M->25.0M Heap: 658.0M(2048.0M)->660.0M(2048.0M)]
 [Times: user=1.31 sys=0.08, real=0.18 secs] 
2020-09-29T12:27:40.355+0200: 31.682: [GC pause (G1 Evacuation Pause) (young), 0.1789403 secs]
   [Parallel Time: 177.6 ms, GC Workers: 8]
      [GC Worker Start (ms): Min: 31682.1, Avg: 31682.2, Max: 31682.3, Diff: 0.2]
      [Ext Root Scanning (ms): Min: 0.0, Avg: 0.1, Max: 0.3, Diff: 0.3, Sum: 0.9]
      [Update RS (ms): Min: 21.6, Avg: 22.1, Max: 23.1, Diff: 1.5, Sum: 176.5]
         [Processed Buffers: Min: 13, Avg: 15.1, Max: 20, Diff: 7, Sum: 121]
      [Scan RS (ms): Min: 15.4, Avg: 16.4, Max: 16.7, Diff: 1.4, Sum: 131.4]
      [Code Root Scanning (ms): Min: 0.0, Avg: 0.0, Max: 0.0, Diff: 0.0, Sum: 0.0]
      [Object Copy (ms): Min: 138.5, Avg: 138.6, Max: 138.7, Diff: 0.2, Sum: 1108.8]
      [Termination (ms): Min: 0.0, Avg: 0.2, Max: 0.2, Diff: 0.2, Sum: 1.3]
         [Termination Attempts: Min: 1, Avg: 721.3, Max: 955, Diff: 954, Sum: 5770]
      [GC Worker Other (ms): Min: 0.0, Avg: 0.1, Max: 0.1, Diff: 0.1, Sum: 0.4]
      [GC Worker Total (ms): Min: 177.3, Avg: 177.4, Max: 177.5, Diff: 0.3, Sum: 1419.4]
      [GC Worker End (ms): Min: 31859.6, Avg: 31859.6, Max: 31859.7, Diff: 0.1]
   [Code Root Fixup: 0.0 ms]
   [Code Root Purge: 0.0 ms]
   [Clear CT: 0.3 ms]
   [Other: 1.0 ms]
      [Choose CSet: 0.0 ms]
      [Ref Proc: 0.3 ms]
      [Ref Enq: 0.0 ms]
      [Redirty Cards: 0.3 ms]
      [Humongous Register: 0.0 ms]
      [Humongous Reclaim: 0.0 ms]
      [Free CSet: 0.2 ms]
   [Eden: 165.0M(165.0M)->0.0B(165.0M) Survivors: 25.0M->24.0M Heap: 851.7M(2048.0M)->853.7M(2048.0M)]
 [Times: user=1.22 sys=0.11, real=0.18 secs] 
2020-09-29T12:27:40.677+0200: 32.004: [GC pause (G1 Evacuation Pause) (young), 0.2012581 secs]
   [Parallel Time: 199.5 ms, GC Workers: 8]
      [GC Worker Start (ms): Min: 32003.9, Avg: 32004.0, Max: 32004.1, Diff: 0.2]
      [Ext Root Scanning (ms): Min: 0.0, Avg: 0.1, Max: 0.2, Diff: 0.2, Sum: 0.9]
      [Update RS (ms): Min: 16.0, Avg: 17.7, Max: 26.5, Diff: 10.5, Sum: 141.4]
         [Processed Buffers: Min: 8, Avg: 10.6, Max: 13, Diff: 5, Sum: 85]
      [Scan RS (ms): Min: 12.7, Avg: 21.8, Max: 24.0, Diff: 11.3, Sum: 174.3]
      [Code Root Scanning (ms): Min: 0.0, Avg: 0.0, Max: 0.0, Diff: 0.0, Sum: 0.0]
      [Object Copy (ms): Min: 158.0, Avg: 159.1, Max: 159.8, Diff: 1.8, Sum: 1273.1]
      [Termination (ms): Min: 0.0, Avg: 0.4, Max: 0.5, Diff: 0.5, Sum: 2.9]
         [Termination Attempts: Min: 1, Avg: 1467.1, Max: 1944, Diff: 1943, Sum: 11737]
      [GC Worker Other (ms): Min: 0.0, Avg: 0.1, Max: 0.2, Diff: 0.1, Sum: 0.6]
      [GC Worker Total (ms): Min: 199.1, Avg: 199.1, Max: 199.2, Diff: 0.2, Sum: 1593.2]
      [GC Worker End (ms): Min: 32203.1, Avg: 32203.1, Max: 32203.2, Diff: 0.1]
   [Code Root Fixup: 0.0 ms]
   [Code Root Purge: 0.0 ms]
   [Clear CT: 0.3 ms]
   [Other: 1.5 ms]
      [Choose CSet: 0.0 ms]
      [Ref Proc: 0.3 ms]
      [Ref Enq: 0.0 ms]
      [Redirty Cards: 0.4 ms]
      [Humongous Register: 0.1 ms]
      [Humongous Reclaim: 0.0 ms]
      [Free CSet: 0.5 ms]
   [Eden: 165.0M(165.0M)->0.0B(149.0M) Survivors: 24.0M->24.0M Heap: 1045.4M(2048.0M)->1048.4M(2048.0M)]
 [Times: user=1.33 sys=0.03, real=0.20 secs] 
2020-09-29T12:27:40.880+0200: 32.206: [GC pause (G1 Humongous Allocation) (young) (initial-mark), 0.0826491 secs]
   [Parallel Time: 80.5 ms, GC Workers: 8]
      [GC Worker Start (ms): Min: 32206.7, Avg: 32206.8, Max: 32206.9, Diff: 0.2]
      [Ext Root Scanning (ms): Min: 0.0, Avg: 3.8, Max: 29.1, Diff: 29.1, Sum: 30.3]
      [Update RS (ms): Min: 35.7, Avg: 49.1, Max: 52.3, Diff: 16.5, Sum: 392.8]
         [Processed Buffers: Min: 6, Avg: 32.0, Max: 40, Diff: 34, Sum: 256]
      [Scan RS (ms): Min: 0.0, Avg: 0.2, Max: 1.1, Diff: 1.1, Sum: 1.3]
      [Code Root Scanning (ms): Min: 0.0, Avg: 0.0, Max: 0.0, Diff: 0.0, Sum: 0.0]
      [Object Copy (ms): Min: 15.3, Avg: 27.0, Max: 29.0, Diff: 13.6, Sum: 216.1]
      [Termination (ms): Min: 0.0, Avg: 0.1, Max: 0.2, Diff: 0.2, Sum: 0.9]
         [Termination Attempts: Min: 1, Avg: 29.9, Max: 47, Diff: 46, Sum: 239]
      [GC Worker Other (ms): Min: 0.0, Avg: 0.0, Max: 0.0, Diff: 0.0, Sum: 0.1]
      [GC Worker Total (ms): Min: 80.1, Avg: 80.2, Max: 80.3, Diff: 0.2, Sum: 641.6]
      [GC Worker End (ms): Min: 32286.9, Avg: 32287.0, Max: 32287.0, Diff: 0.1]
   [Code Root Fixup: 0.0 ms]
   [Code Root Purge: 0.0 ms]
   [Clear CT: 0.3 ms]
   [Other: 1.8 ms]
      [Choose CSet: 0.0 ms]
      [Ref Proc: 0.9 ms]
      [Ref Enq: 0.0 ms]
      [Redirty Cards: 0.3 ms]
      [Humongous Register: 0.1 ms]
      [Humongous Reclaim: 0.0 ms]
      [Free CSet: 0.1 ms]
   [Eden: 2048.0K(149.0M)->0.0B(144.0M) Survivors: 24.0M->3072.0K Heap: 1049.9M(2048.0M)->1052.9M(2048.0M)]
 [Times: user=0.53 sys=0.00, real=0.08 secs] 
2020-09-29T12:27:40.962+0200: 32.289: [GC concurrent-root-region-scan-start]
2020-09-29T12:27:40.965+0200: 32.292: [GC concurrent-root-region-scan-end, 0.0023174 secs]
2020-09-29T12:27:40.965+0200: 32.292: [GC concurrent-mark-start]
2020-09-29T12:27:40.971+0200: 32.298: [GC concurrent-mark-end, 0.0065363 secs]
2020-09-29T12:27:40.973+0200: 32.300: [GC remark 2020-09-29T12:27:40.973+0200: 32.300: [Finalize Marking, 0.0014991 secs] 2020-09-29T12:27:40.974+0200: 32.301: [GC ref-proc, 0.0006852 secs] 2020-09-29T12:27:40.975+0200: 32.302: [Unloading, 0.0014195 secs], 0.0047512 secs]
 [Times: user=0.00 sys=0.00, real=0.00 secs] 
2020-09-29T12:27:40.979+0200: 32.306: [GC cleanup 1063M->23M(2048M), 0.0031789 secs]
 [Times: user=0.00 sys=0.00, real=0.00 secs] 
2020-09-29T12:27:40.982+0200: 32.309: [GC concurrent-cleanup-start]
2020-09-29T12:27:40.986+0200: 32.313: [GC concurrent-cleanup-end, 0.0038342 secs]
2020-09-29T12:27:41.095+0200: 32.421: [GC pause (G1 Evacuation Pause) (young), 0.1296462 secs]
   [Parallel Time: 128.2 ms, GC Workers: 8]
      [GC Worker Start (ms): Min: 32421.6, Avg: 32421.8, Max: 32421.8, Diff: 0.2]
      [Ext Root Scanning (ms): Min: 0.0, Avg: 0.1, Max: 0.2, Diff: 0.2, Sum: 0.8]
      [Update RS (ms): Min: 15.5, Avg: 16.1, Max: 16.7, Diff: 1.2, Sum: 128.5]
         [Processed Buffers: Min: 10, Avg: 11.5, Max: 13, Diff: 3, Sum: 92]
      [Scan RS (ms): Min: 11.4, Avg: 12.1, Max: 12.7, Diff: 1.3, Sum: 96.8]
      [Code Root Scanning (ms): Min: 0.0, Avg: 0.0, Max: 0.0, Diff: 0.0, Sum: 0.0]
      [Object Copy (ms): Min: 99.3, Avg: 99.5, Max: 99.6, Diff: 0.3, Sum: 795.8]
      [Termination (ms): Min: 0.0, Avg: 0.1, Max: 0.2, Diff: 0.2, Sum: 1.0]
         [Termination Attempts: Min: 1, Avg: 518.5, Max: 759, Diff: 758, Sum: 4148]
      [GC Worker Other (ms): Min: 0.0, Avg: 0.0, Max: 0.1, Diff: 0.1, Sum: 0.3]
      [GC Worker Total (ms): Min: 127.8, Avg: 127.9, Max: 128.0, Diff: 0.2, Sum: 1023.1]
      [GC Worker End (ms): Min: 32549.6, Avg: 32549.6, Max: 32549.7, Diff: 0.1]
   [Code Root Fixup: 0.0 ms]
   [Code Root Purge: 0.0 ms]
   [Clear CT: 0.3 ms]
   [Other: 1.2 ms]
      [Choose CSet: 0.0 ms]
      [Ref Proc: 0.3 ms]
      [Ref Enq: 0.0 ms]
      [Redirty Cards: 0.4 ms]
      [Humongous Register: 0.0 ms]
      [Humongous Reclaim: 0.0 ms]
      [Free CSet: 0.2 ms]
   [Eden: 144.0M(144.0M)->0.0B(146.0M) Survivors: 3072.0K->19.0M Heap: 181.3M(2048.0M)->180.3M(2048.0M)]
 [Times: user=1.03 sys=0.02, real=0.13 secs] 
2020-09-29T12:27:41.317+0200: 32.643: [GC pause (G1 Evacuation Pause) (young), 0.1114038 secs]
   [Parallel Time: 110.4 ms, GC Workers: 8]
      [GC Worker Start (ms): Min: 32643.2, Avg: 32643.3, Max: 32643.4, Diff: 0.2]
      [Ext Root Scanning (ms): Min: 0.0, Avg: 0.1, Max: 0.1, Diff: 0.1, Sum: 0.6]
      [Update RS (ms): Min: 11.9, Avg: 12.1, Max: 12.3, Diff: 0.4, Sum: 96.4]
         [Processed Buffers: Min: 9, Avg: 12.3, Max: 14, Diff: 5, Sum: 98]
      [Scan RS (ms): Min: 8.8, Avg: 9.1, Max: 9.3, Diff: 0.5, Sum: 72.8]
      [Code Root Scanning (ms): Min: 0.0, Avg: 0.0, Max: 0.0, Diff: 0.0, Sum: 0.0]
      [Object Copy (ms): Min: 88.5, Avg: 88.6, Max: 88.9, Diff: 0.4, Sum: 708.8]
      [Termination (ms): Min: 0.1, Avg: 0.4, Max: 0.5, Diff: 0.4, Sum: 2.8]
         [Termination Attempts: Min: 1, Avg: 2148.1, Max: 2828, Diff: 2827, Sum: 17185]
      [GC Worker Other (ms): Min: 0.0, Avg: 0.0, Max: 0.0, Diff: 0.0, Sum: 0.1]
      [GC Worker Total (ms): Min: 110.1, Avg: 110.2, Max: 110.3, Diff: 0.2, Sum: 881.6]
      [GC Worker End (ms): Min: 32753.5, Avg: 32753.5, Max: 32753.5, Diff: 0.0]
   [Code Root Fixup: 0.0 ms]
   [Code Root Purge: 0.0 ms]
   [Clear CT: 0.1 ms]
   [Other: 0.8 ms]
      [Choose CSet: 0.0 ms]
      [Ref Proc: 0.2 ms]
      [Ref Enq: 0.0 ms]
      [Redirty Cards: 0.2 ms]
      [Humongous Register: 0.1 ms]
      [Humongous Reclaim: 0.0 ms]
      [Free CSet: 0.2 ms]
   [Eden: 146.0M(146.0M)->0.0B(164.0M) Survivors: 19.0M->21.0M Heap: 351.1M(2048.0M)->353.6M(2048.0M)]
 [Times: user=0.81 sys=0.02, real=0.11 secs] 
2020-09-29T12:27:41.516+0200: 32.843: [GC pause (G1 Evacuation Pause) (young), 0.1204685 secs]
   [Parallel Time: 119.3 ms, GC Workers: 8]
      [GC Worker Start (ms): Min: 32843.0, Avg: 32843.0, Max: 32843.2, Diff: 0.2]
      [Ext Root Scanning (ms): Min: 0.0, Avg: 0.1, Max: 0.1, Diff: 0.1, Sum: 0.7]
      [Update RS (ms): Min: 17.0, Avg: 17.3, Max: 17.5, Diff: 0.6, Sum: 138.1]
         [Processed Buffers: Min: 6, Avg: 13.6, Max: 17, Diff: 11, Sum: 109]
      [Scan RS (ms): Min: 12.7, Avg: 13.1, Max: 14.5, Diff: 1.9, Sum: 104.7]
      [Code Root Scanning (ms): Min: 0.0, Avg: 0.0, Max: 0.0, Diff: 0.0, Sum: 0.0]
      [Object Copy (ms): Min: 87.4, Avg: 88.5, Max: 88.7, Diff: 1.3, Sum: 708.1]
      [Termination (ms): Min: 0.0, Avg: 0.1, Max: 0.2, Diff: 0.2, Sum: 1.0]
         [Termination Attempts: Min: 1, Avg: 910.4, Max: 1187, Diff: 1186, Sum: 7283]
      [GC Worker Other (ms): Min: 0.0, Avg: 0.0, Max: 0.1, Diff: 0.1, Sum: 0.3]
      [GC Worker Total (ms): Min: 119.0, Avg: 119.1, Max: 119.2, Diff: 0.2, Sum: 953.0]
      [GC Worker End (ms): Min: 32962.1, Avg: 32962.2, Max: 32962.2, Diff: 0.1]
   [Code Root Fixup: 0.0 ms]
   [Code Root Purge: 0.0 ms]
   [Clear CT: 0.1 ms]
   [Other: 1.1 ms]
      [Choose CSet: 0.0 ms]
      [Ref Proc: 0.2 ms]
      [Ref Enq: 0.0 ms]
      [Redirty Cards: 0.4 ms]
      [Humongous Register: 0.1 ms]
      [Humongous Reclaim: 0.0 ms]
      [Free CSet: 0.2 ms]
   [Eden: 164.0M(164.0M)->0.0B(180.0M) Survivors: 21.0M->24.0M Heap: 544.3M(2048.0M)->545.8M(2048.0M)]
 [Times: user=0.95 sys=0.03, real=0.12 secs] 
2020-09-29T12:27:41.735+0200: 33.062: [GC pause (G1 Evacuation Pause) (young), 0.1343347 secs]
   [Parallel Time: 133.1 ms, GC Workers: 8]
      [GC Worker Start (ms): Min: 33062.0, Avg: 33062.1, Max: 33062.1, Diff: 0.1]
      [Ext Root Scanning (ms): Min: 0.0, Avg: 0.1, Max: 0.1, Diff: 0.1, Sum: 0.7]
      [Update RS (ms): Min: 13.2, Avg: 13.3, Max: 13.7, Diff: 0.5, Sum: 106.6]
         [Processed Buffers: Min: 13, Avg: 14.9, Max: 17, Diff: 4, Sum: 119]
      [Scan RS (ms): Min: 8.5, Avg: 8.9, Max: 9.1, Diff: 0.6, Sum: 71.4]
      [Code Root Scanning (ms): Min: 0.0, Avg: 0.0, Max: 0.0, Diff: 0.0, Sum: 0.0]
      [Object Copy (ms): Min: 110.1, Avg: 110.2, Max: 110.5, Diff: 0.4, Sum: 881.8]
      [Termination (ms): Min: 0.1, Avg: 0.4, Max: 0.5, Diff: 0.4, Sum: 2.8]
         [Termination Attempts: Min: 1, Avg: 1809.8, Max: 2688, Diff: 2687, Sum: 14478]
      [GC Worker Other (ms): Min: 0.0, Avg: 0.0, Max: 0.0, Diff: 0.0, Sum: 0.1]
      [GC Worker Total (ms): Min: 132.9, Avg: 132.9, Max: 133.0, Diff: 0.1, Sum: 1063.5]
      [GC Worker End (ms): Min: 33195.0, Avg: 33195.0, Max: 33195.0, Diff: 0.0]
   [Code Root Fixup: 0.0 ms]
   [Code Root Purge: 0.0 ms]
   [Clear CT: 0.2 ms]
   [Other: 1.1 ms]
      [Choose CSet: 0.0 ms]
      [Ref Proc: 0.2 ms]
      [Ref Enq: 0.0 ms]
      [Redirty Cards: 0.5 ms]
      [Humongous Register: 0.0 ms]
      [Humongous Reclaim: 0.0 ms]
      [Free CSet: 0.1 ms]
   [Eden: 180.0M(180.0M)->0.0B(194.0M) Survivors: 24.0M->26.0M Heap: 756.3M(2048.0M)->758.3M(2048.0M)]
 [Times: user=0.98 sys=0.01, real=0.13 secs] 
2020-09-29T12:27:41.983+0200: 33.310: [GC pause (G1 Evacuation Pause) (young), 0.1380743 secs]
   [Parallel Time: 137.2 ms, GC Workers: 8]
      [GC Worker Start (ms): Min: 33309.8, Avg: 33309.8, Max: 33309.9, Diff: 0.1]
      [Ext Root Scanning (ms): Min: 0.0, Avg: 0.1, Max: 0.2, Diff: 0.1, Sum: 0.7]
      [Update RS (ms): Min: 17.8, Avg: 18.1, Max: 18.4, Diff: 0.6, Sum: 144.4]
         [Processed Buffers: Min: 12, Avg: 15.5, Max: 18, Diff: 6, Sum: 124]
      [Scan RS (ms): Min: 15.0, Avg: 15.6, Max: 17.0, Diff: 2.0, Sum: 124.7]
      [Code Root Scanning (ms): Min: 0.0, Avg: 0.0, Max: 0.0, Diff: 0.0, Sum: 0.0]
      [Object Copy (ms): Min: 101.9, Avg: 103.2, Max: 103.4, Diff: 1.5, Sum: 825.4]
      [Termination (ms): Min: 0.0, Avg: 0.0, Max: 0.0, Diff: 0.0, Sum: 0.2]
         [Termination Attempts: Min: 1, Avg: 135.3, Max: 170, Diff: 169, Sum: 1082]
      [GC Worker Other (ms): Min: 0.0, Avg: 0.0, Max: 0.0, Diff: 0.0, Sum: 0.2]
      [GC Worker Total (ms): Min: 136.9, Avg: 136.9, Max: 137.0, Diff: 0.1, Sum: 1095.5]
      [GC Worker End (ms): Min: 33446.8, Avg: 33446.8, Max: 33446.8, Diff: 0.0]
   [Code Root Fixup: 0.0 ms]
   [Code Root Purge: 0.0 ms]
   [Clear CT: 0.2 ms]
   [Other: 0.7 ms]
      [Choose CSet: 0.0 ms]
      [Ref Proc: 0.2 ms]
      [Ref Enq: 0.0 ms]
      [Redirty Cards: 0.2 ms]
      [Humongous Register: 0.0 ms]
      [Humongous Reclaim: 0.0 ms]
      [Free CSet: 0.2 ms]
   [Eden: 194.0M(194.0M)->0.0B(208.0M) Survivors: 26.0M->28.0M Heap: 984.7M(2048.0M)->986.2M(2048.0M)]
 [Times: user=1.02 sys=0.05, real=0.14 secs] 
2020-09-29T12:27:42.127+0200: 33.454: [GC pause (G1 Humongous Allocation) (young) (initial-mark), 0.0553826 secs]
   [Parallel Time: 54.5 ms, GC Workers: 8]
      [GC Worker Start (ms): Min: 33453.9, Avg: 33454.0, Max: 33454.1, Diff: 0.1]
      [Ext Root Scanning (ms): Min: 0.0, Avg: 0.1, Max: 0.2, Diff: 0.2, Sum: 0.8]
      [Update RS (ms): Min: 30.5, Avg: 31.1, Max: 33.4, Diff: 2.9, Sum: 248.9]
         [Processed Buffers: Min: 21, Avg: 31.6, Max: 37, Diff: 16, Sum: 253]
      [Scan RS (ms): Min: 0.0, Avg: 2.4, Max: 6.7, Diff: 6.7, Sum: 19.1]
      [Code Root Scanning (ms): Min: 0.0, Avg: 0.0, Max: 0.0, Diff: 0.0, Sum: 0.0]
      [Object Copy (ms): Min: 16.9, Avg: 20.6, Max: 21.3, Diff: 4.4, Sum: 165.1]
      [Termination (ms): Min: 0.0, Avg: 0.0, Max: 0.0, Diff: 0.0, Sum: 0.2]
         [Termination Attempts: Min: 1, Avg: 127.3, Max: 162, Diff: 161, Sum: 1018]
      [GC Worker Other (ms): Min: 0.0, Avg: 0.0, Max: 0.0, Diff: 0.0, Sum: 0.1]
      [GC Worker Total (ms): Min: 54.2, Avg: 54.3, Max: 54.3, Diff: 0.1, Sum: 434.2]
      [GC Worker End (ms): Min: 33508.3, Avg: 33508.3, Max: 33508.3, Diff: 0.0]
   [Code Root Fixup: 0.0 ms]
   [Code Root Purge: 0.0 ms]
   [Clear CT: 0.2 ms]
   [Other: 0.7 ms]
      [Choose CSet: 0.0 ms]
      [Ref Proc: 0.1 ms]
      [Ref Enq: 0.0 ms]
      [Redirty Cards: 0.2 ms]
      [Humongous Register: 0.1 ms]
      [Humongous Reclaim: 0.0 ms]
      [Free CSet: 0.0 ms]
   [Eden: 8192.0K(208.0M)->0.0B(234.0M) Survivors: 28.0M->9216.0K Heap: 993.7M(2048.0M)->997.2M(2048.0M)]
 [Times: user=0.42 sys=0.00, real=0.06 secs] 
2020-09-29T12:27:42.183+0200: 33.509: [GC concurrent-root-region-scan-start]
2020-09-29T12:27:42.184+0200: 33.511: [GC concurrent-root-region-scan-end, 0.0017094 secs]
2020-09-29T12:27:42.184+0200: 33.511: [GC concurrent-mark-start]
2020-09-29T12:27:42.187+0200: 33.513: [GC concurrent-mark-end, 0.0023946 secs]
2020-09-29T12:27:42.187+0200: 33.514: [GC remark 2020-09-29T12:27:42.187+0200: 33.514: [Finalize Marking, 0.0001420 secs] 2020-09-29T12:27:42.187+0200: 33.514: [GC ref-proc, 0.0002995 secs] 2020-09-29T12:27:42.188+0200: 33.514: [Unloading, 0.0007781 secs], 0.0015826 secs]
 [Times: user=0.00 sys=0.00, real=0.00 secs] 
2020-09-29T12:27:42.189+0200: 33.516: [GC cleanup 1008M->29M(2048M), 0.0013972 secs]
 [Times: user=0.00 sys=0.00, real=0.00 secs] 
2020-09-29T12:27:42.191+0200: 33.517: [GC concurrent-cleanup-start]
2020-09-29T12:27:42.192+0200: 33.518: [GC concurrent-cleanup-end, 0.0012763 secs]
2020-09-29T12:27:42.325+0200: 33.652: [GC pause (G1 Evacuation Pause) (young), 0.1591717 secs]
   [Parallel Time: 158.2 ms, GC Workers: 8]
      [GC Worker Start (ms): Min: 33652.0, Avg: 33652.2, Max: 33652.2, Diff: 0.2]
      [Ext Root Scanning (ms): Min: 0.0, Avg: 0.1, Max: 0.2, Diff: 0.2, Sum: 0.6]
      [Update RS (ms): Min: 19.4, Avg: 19.7, Max: 20.0, Diff: 0.6, Sum: 157.4]
         [Processed Buffers: Min: 11, Avg: 15.8, Max: 18, Diff: 7, Sum: 126]
      [Scan RS (ms): Min: 19.0, Avg: 19.4, Max: 19.7, Diff: 0.8, Sum: 154.9]
      [Code Root Scanning (ms): Min: 0.0, Avg: 0.0, Max: 0.0, Diff: 0.0, Sum: 0.0]
      [Object Copy (ms): Min: 118.5, Avg: 118.6, Max: 118.7, Diff: 0.3, Sum: 949.1]
      [Termination (ms): Min: 0.0, Avg: 0.1, Max: 0.2, Diff: 0.2, Sum: 0.9]
         [Termination Attempts: Min: 1, Avg: 765.1, Max: 1092, Diff: 1091, Sum: 6121]
      [GC Worker Other (ms): Min: 0.0, Avg: 0.0, Max: 0.1, Diff: 0.0, Sum: 0.3]
      [GC Worker Total (ms): Min: 157.8, Avg: 157.9, Max: 158.0, Diff: 0.2, Sum: 1263.2]
      [GC Worker End (ms): Min: 33810.0, Avg: 33810.1, Max: 33810.1, Diff: 0.0]
   [Code Root Fixup: 0.0 ms]
   [Code Root Purge: 0.0 ms]
   [Clear CT: 0.2 ms]
   [Other: 0.8 ms]
      [Choose CSet: 0.0 ms]
      [Ref Proc: 0.2 ms]
      [Ref Enq: 0.0 ms]
      [Redirty Cards: 0.2 ms]
      [Humongous Register: 0.0 ms]
      [Humongous Reclaim: 0.0 ms]
      [Free CSet: 0.2 ms]
   [Eden: 234.0M(234.0M)->0.0B(218.0M) Survivors: 9216.0K->31.0M Heap: 293.1M(2048.0M)->286.1M(2048.0M)]
 [Times: user=1.02 sys=0.08, real=0.16 secs] 
2020-09-29T12:27:42.619+0200: 33.945: [GC pause (G1 Evacuation Pause) (young), 0.1814560 secs]
   [Parallel Time: 180.3 ms, GC Workers: 8]
      [GC Worker Start (ms): Min: 33945.2, Avg: 33945.4, Max: 33945.7, Diff: 0.5]
      [Ext Root Scanning (ms): Min: 0.0, Avg: 0.1, Max: 0.2, Diff: 0.2, Sum: 0.5]
      [Update RS (ms): Min: 19.6, Avg: 19.8, Max: 19.9, Diff: 0.2, Sum: 158.1]
         [Processed Buffers: Min: 17, Avg: 18.9, Max: 21, Diff: 4, Sum: 151]
      [Scan RS (ms): Min: 11.1, Avg: 11.5, Max: 11.7, Diff: 0.5, Sum: 92.1]
      [Code Root Scanning (ms): Min: 0.0, Avg: 0.0, Max: 0.0, Diff: 0.0, Sum: 0.0]
      [Object Copy (ms): Min: 147.8, Avg: 148.1, Max: 148.5, Diff: 0.7, Sum: 1184.9]
      [Termination (ms): Min: 0.1, Avg: 0.4, Max: 0.6, Diff: 0.5, Sum: 3.3]
         [Termination Attempts: Min: 1, Avg: 2135.6, Max: 3070, Diff: 3069, Sum: 17085]
      [GC Worker Other (ms): Min: 0.0, Avg: 0.0, Max: 0.0, Diff: 0.0, Sum: 0.1]
      [GC Worker Total (ms): Min: 179.5, Avg: 179.9, Max: 180.0, Diff: 0.5, Sum: 1439.0]
      [GC Worker End (ms): Min: 34125.2, Avg: 34125.2, Max: 34125.2, Diff: 0.0]
   [Code Root Fixup: 0.0 ms]
   [Code Root Purge: 0.0 ms]
   [Clear CT: 0.2 ms]
   [Other: 1.0 ms]
      [Choose CSet: 0.0 ms]
      [Ref Proc: 0.2 ms]
      [Ref Enq: 0.0 ms]
      [Redirty Cards: 0.3 ms]
      [Humongous Register: 0.0 ms]
      [Humongous Reclaim: 0.0 ms]
      [Free CSet: 0.2 ms]
   [Eden: 218.0M(218.0M)->0.0B(216.0M) Survivors: 31.0M->32.0M Heap: 540.3M(2048.0M)->542.8M(2048.0M)]
 [Times: user=1.05 sys=0.05, real=0.18 secs] 
2020-09-29T12:27:42.925+0200: 34.251: [GC pause (G1 Evacuation Pause) (young), 0.1748844 secs]
   [Parallel Time: 173.9 ms, GC Workers: 8]
      [GC Worker Start (ms): Min: 34251.6, Avg: 34251.7, Max: 34251.7, Diff: 0.2]
      [Ext Root Scanning (ms): Min: 0.0, Avg: 0.1, Max: 0.2, Diff: 0.2, Sum: 0.5]
      [Update RS (ms): Min: 16.6, Avg: 16.9, Max: 18.0, Diff: 1.4, Sum: 135.4]
         [Processed Buffers: Min: 16, Avg: 17.9, Max: 21, Diff: 5, Sum: 143]
      [Scan RS (ms): Min: 12.7, Avg: 13.7, Max: 14.2, Diff: 1.5, Sum: 110.0]
      [Code Root Scanning (ms): Min: 0.0, Avg: 0.0, Max: 0.0, Diff: 0.0, Sum: 0.0]
      [Object Copy (ms): Min: 142.2, Avg: 142.5, Max: 142.9, Diff: 0.7, Sum: 1140.1]
      [Termination (ms): Min: 0.0, Avg: 0.4, Max: 0.6, Diff: 0.5, Sum: 2.9]
         [Termination Attempts: Min: 1, Avg: 2010.1, Max: 2617, Diff: 2616, Sum: 16081]
      [GC Worker Other (ms): Min: 0.0, Avg: 0.0, Max: 0.0, Diff: 0.0, Sum: 0.1]
      [GC Worker Total (ms): Min: 173.6, Avg: 173.6, Max: 173.7, Diff: 0.1, Sum: 1388.9]
      [GC Worker End (ms): Min: 34425.3, Avg: 34425.3, Max: 34425.3, Diff: 0.0]
   [Code Root Fixup: 0.0 ms]
   [Code Root Purge: 0.0 ms]
   [Clear CT: 0.2 ms]
   [Other: 0.8 ms]
      [Choose CSet: 0.0 ms]
      [Ref Proc: 0.2 ms]
      [Ref Enq: 0.0 ms]
      [Redirty Cards: 0.3 ms]
      [Humongous Register: 0.0 ms]
      [Humongous Reclaim: 0.0 ms]
      [Free CSet: 0.2 ms]
   [Eden: 216.0M(216.0M)->0.0B(219.0M) Survivors: 32.0M->31.0M Heap: 795.0M(2048.0M)->797.0M(2048.0M)]
 [Times: user=1.27 sys=0.03, real=0.17 secs] 
2020-09-29T12:27:43.216+0200: 34.543: [GC pause (G1 Evacuation Pause) (young), 0.1458372 secs]
   [Parallel Time: 144.9 ms, GC Workers: 8]
      [GC Worker Start (ms): Min: 34543.6, Avg: 34543.7, Max: 34544.3, Diff: 0.8]
      [Ext Root Scanning (ms): Min: 0.0, Avg: 0.1, Max: 0.1, Diff: 0.1, Sum: 0.6]
      [Update RS (ms): Min: 22.3, Avg: 23.1, Max: 24.1, Diff: 1.8, Sum: 185.2]
         [Processed Buffers: Min: 18, Avg: 21.0, Max: 24, Diff: 6, Sum: 168]
      [Scan RS (ms): Min: 11.9, Avg: 12.8, Max: 13.2, Diff: 1.3, Sum: 102.0]
      [Code Root Scanning (ms): Min: 0.0, Avg: 0.0, Max: 0.0, Diff: 0.0, Sum: 0.0]
      [Object Copy (ms): Min: 108.5, Avg: 108.7, Max: 108.7, Diff: 0.2, Sum: 869.3]
      [Termination (ms): Min: 0.0, Avg: 0.0, Max: 0.0, Diff: 0.0, Sum: 0.1]
         [Termination Attempts: Min: 1, Avg: 90.6, Max: 116, Diff: 115, Sum: 725]
      [GC Worker Other (ms): Min: 0.0, Avg: 0.0, Max: 0.1, Diff: 0.0, Sum: 0.3]
      [GC Worker Total (ms): Min: 144.1, Avg: 144.7, Max: 144.8, Diff: 0.8, Sum: 1157.5]
      [GC Worker End (ms): Min: 34688.4, Avg: 34688.4, Max: 34688.4, Diff: 0.0]
   [Code Root Fixup: 0.0 ms]
   [Code Root Purge: 0.0 ms]
   [Clear CT: 0.2 ms]
   [Other: 0.7 ms]
      [Choose CSet: 0.0 ms]
      [Ref Proc: 0.2 ms]
      [Ref Enq: 0.0 ms]
      [Redirty Cards: 0.2 ms]
      [Humongous Register: 0.0 ms]
      [Humongous Reclaim: 0.0 ms]
      [Free CSet: 0.1 ms]
   [Eden: 219.0M(219.0M)->0.0B(234.0M) Survivors: 31.0M->32.0M Heap: 1052.3M(2048.0M)->1054.3M(2048.0M)]
 [Times: user=1.01 sys=0.02, real=0.15 secs] 
2020-09-29T12:27:43.369+0200: 34.696: [GC pause (G1 Humongous Allocation) (young) (initial-mark), 0.0580396 secs]
   [Parallel Time: 57.3 ms, GC Workers: 8]
      [GC Worker Start (ms): Min: 34696.1, Avg: 34696.2, Max: 34696.3, Diff: 0.1]
      [Ext Root Scanning (ms): Min: 0.0, Avg: 0.1, Max: 0.2, Diff: 0.2, Sum: 1.0]
      [Update RS (ms): Min: 28.0, Avg: 28.4, Max: 29.7, Diff: 1.7, Sum: 227.0]
         [Processed Buffers: Min: 28, Avg: 34.1, Max: 36, Diff: 8, Sum: 273]
      [Scan RS (ms): Min: 0.8, Avg: 2.1, Max: 2.5, Diff: 1.7, Sum: 17.0]
      [Code Root Scanning (ms): Min: 0.0, Avg: 0.0, Max: 0.0, Diff: 0.0, Sum: 0.0]
      [Object Copy (ms): Min: 26.2, Avg: 26.4, Max: 26.4, Diff: 0.2, Sum: 210.9]
      [Termination (ms): Min: 0.0, Avg: 0.1, Max: 0.2, Diff: 0.2, Sum: 0.7]
         [Termination Attempts: Min: 1, Avg: 188.6, Max: 257, Diff: 256, Sum: 1509]
      [GC Worker Other (ms): Min: 0.0, Avg: 0.0, Max: 0.0, Diff: 0.0, Sum: 0.1]
      [GC Worker Total (ms): Min: 57.0, Avg: 57.1, Max: 57.1, Diff: 0.1, Sum: 456.7]
      [GC Worker End (ms): Min: 34753.3, Avg: 34753.3, Max: 34753.3, Diff: 0.0]
   [Code Root Fixup: 0.0 ms]
   [Code Root Purge: 0.0 ms]
   [Clear CT: 0.2 ms]
   [Other: 0.6 ms]
      [Choose CSet: 0.0 ms]
      [Ref Proc: 0.1 ms]
      [Ref Enq: 0.0 ms]
      [Redirty Cards: 0.1 ms]
      [Humongous Register: 0.0 ms]
      [Humongous Reclaim: 0.0 ms]
      [Free CSet: 0.0 ms]
   [Eden: 6144.0K(234.0M)->0.0B(244.0M) Survivors: 32.0M->8192.0K Heap: 1060.3M(2048.0M)->1063.8M(2048.0M)]
 [Times: user=0.47 sys=0.01, real=0.06 secs] 
2020-09-29T12:27:43.427+0200: 34.754: [GC concurrent-root-region-scan-start]
2020-09-29T12:27:43.428+0200: 34.755: [GC concurrent-root-region-scan-end, 0.0011732 secs]
2020-09-29T12:27:43.428+0200: 34.755: [GC concurrent-mark-start]
2020-09-29T12:27:43.431+0200: 34.758: [GC concurrent-mark-end, 0.0022605 secs]
2020-09-29T12:27:43.431+0200: 34.758: [GC remark 2020-09-29T12:27:43.431+0200: 34.758: [Finalize Marking, 0.0002142 secs] 2020-09-29T12:27:43.431+0200: 34.758: [GC ref-proc, 0.0002813 secs] 2020-09-29T12:27:43.431+0200: 34.758: [Unloading, 0.0004476 secs], 0.0012307 secs]
 [Times: user=0.00 sys=0.00, real=0.00 secs] 
2020-09-29T12:27:43.432+0200: 34.759: [GC cleanup 1073M->27M(2048M), 0.0011292 secs]
 [Times: user=0.00 sys=0.00, real=0.00 secs] 
2020-09-29T12:27:43.433+0200: 34.760: [GC concurrent-cleanup-start]
2020-09-29T12:27:43.435+0200: 34.762: [GC concurrent-cleanup-end, 0.0011783 secs]
2020-09-29T12:27:43.564+0200: 34.891: [GC pause (G1 Evacuation Pause) (young), 0.1416531 secs]
   [Parallel Time: 140.6 ms, GC Workers: 8]
      [GC Worker Start (ms): Min: 34890.7, Avg: 34890.8, Max: 34890.9, Diff: 0.2]
      [Ext Root Scanning (ms): Min: 0.0, Avg: 0.1, Max: 0.2, Diff: 0.2, Sum: 0.5]
      [Update RS (ms): Min: 17.4, Avg: 17.8, Max: 18.6, Diff: 1.2, Sum: 142.5]
         [Processed Buffers: Min: 16, Avg: 18.6, Max: 23, Diff: 7, Sum: 149]
      [Scan RS (ms): Min: 12.5, Avg: 13.3, Max: 13.8, Diff: 1.3, Sum: 106.4]
      [Code Root Scanning (ms): Min: 0.0, Avg: 0.0, Max: 0.0, Diff: 0.0, Sum: 0.0]
      [Object Copy (ms): Min: 107.9, Avg: 108.9, Max: 109.1, Diff: 1.2, Sum: 870.8]
      [Termination (ms): Min: 0.0, Avg: 0.3, Max: 1.4, Diff: 1.3, Sum: 2.3]
         [Termination Attempts: Min: 1, Avg: 492.0, Max: 681, Diff: 680, Sum: 3936]
      [GC Worker Other (ms): Min: 0.0, Avg: 0.0, Max: 0.1, Diff: 0.1, Sum: 0.4]
      [GC Worker Total (ms): Min: 140.2, Avg: 140.4, Max: 140.5, Diff: 0.2, Sum: 1122.9]
      [GC Worker End (ms): Min: 35031.1, Avg: 35031.1, Max: 35031.2, Diff: 0.1]
   [Code Root Fixup: 0.0 ms]
   [Code Root Purge: 0.0 ms]
   [Clear CT: 0.2 ms]
   [Other: 0.9 ms]
      [Choose CSet: 0.0 ms]
      [Ref Proc: 0.2 ms]
      [Ref Enq: 0.0 ms]
      [Redirty Cards: 0.2 ms]
      [Humongous Register: 0.0 ms]
      [Humongous Reclaim: 0.0 ms]
      [Free CSet: 0.2 ms]
   [Eden: 244.0M(244.0M)->0.0B(240.0M) Survivors: 8192.0K->32.0M Heap: 303.5M(2048.0M)->298.0M(2048.0M)]
 [Times: user=0.89 sys=0.06, real=0.14 secs] 
2020-09-29T12:27:43.883+0200: 35.210: [GC pause (G1 Evacuation Pause) (young), 0.1766495 secs]
   [Parallel Time: 175.6 ms, GC Workers: 8]
      [GC Worker Start (ms): Min: 35210.4, Avg: 35210.4, Max: 35210.5, Diff: 0.2]
      [Ext Root Scanning (ms): Min: 0.0, Avg: 0.1, Max: 0.1, Diff: 0.1, Sum: 0.7]
      [Update RS (ms): Min: 20.5, Avg: 20.6, Max: 20.8, Diff: 0.3, Sum: 165.1]
         [Processed Buffers: Min: 16, Avg: 19.9, Max: 23, Diff: 7, Sum: 159]
      [Scan RS (ms): Min: 18.6, Avg: 18.8, Max: 19.0, Diff: 0.4, Sum: 150.4]
      [Code Root Scanning (ms): Min: 0.0, Avg: 0.0, Max: 0.0, Diff: 0.0, Sum: 0.0]
      [Object Copy (ms): Min: 135.7, Avg: 135.8, Max: 135.9, Diff: 0.2, Sum: 1086.6]
      [Termination (ms): Min: 0.0, Avg: 0.1, Max: 0.1, Diff: 0.1, Sum: 0.6]
         [Termination Attempts: Min: 1, Avg: 273.4, Max: 387, Diff: 386, Sum: 2187]
      [GC Worker Other (ms): Min: 0.0, Avg: 0.0, Max: 0.1, Diff: 0.0, Sum: 0.2]
      [GC Worker Total (ms): Min: 175.4, Avg: 175.5, Max: 175.5, Diff: 0.1, Sum: 1403.6]
      [GC Worker End (ms): Min: 35385.8, Avg: 35385.9, Max: 35385.9, Diff: 0.0]
   [Code Root Fixup: 0.0 ms]
   [Code Root Purge: 0.0 ms]
   [Clear CT: 0.2 ms]
   [Other: 0.9 ms]
      [Choose CSet: 0.0 ms]
      [Ref Proc: 0.1 ms]
      [Ref Enq: 0.0 ms]
      [Redirty Cards: 0.2 ms]
      [Humongous Register: 0.0 ms]
      [Humongous Reclaim: 0.0 ms]
      [Free CSet: 0.3 ms]
   [Eden: 240.0M(240.0M)->0.0B(235.0M) Survivors: 32.0M->34.0M Heap: 578.0M(2048.0M)->580.0M(2048.0M)]
 [Times: user=1.25 sys=0.02, real=0.18 secs] 
2020-09-29T12:27:44.204+0200: 35.531: [GC pause (G1 Evacuation Pause) (young), 0.1876071 secs]
   [Parallel Time: 186.5 ms, GC Workers: 8]
      [GC Worker Start (ms): Min: 35530.8, Avg: 35531.9, Max: 35539.0, Diff: 8.2]
      [Ext Root Scanning (ms): Min: 0.0, Avg: 0.1, Max: 0.2, Diff: 0.2, Sum: 0.7]
      [Update RS (ms): Min: 13.9, Avg: 21.1, Max: 23.5, Diff: 9.6, Sum: 168.6]
         [Processed Buffers: Min: 7, Avg: 16.3, Max: 19, Diff: 12, Sum: 130]
      [Scan RS (ms): Min: 21.8, Avg: 23.3, Max: 23.8, Diff: 2.0, Sum: 186.7]
      [Code Root Scanning (ms): Min: 0.0, Avg: 0.0, Max: 0.0, Diff: 0.0, Sum: 0.0]
      [Object Copy (ms): Min: 140.1, Avg: 140.5, Max: 140.8, Diff: 0.7, Sum: 1123.7]
      [Termination (ms): Min: 0.0, Avg: 0.2, Max: 0.6, Diff: 0.6, Sum: 1.8]
         [Termination Attempts: Min: 1, Avg: 1307.4, Max: 1628, Diff: 1627, Sum: 10459]
      [GC Worker Other (ms): Min: 0.0, Avg: 0.1, Max: 0.1, Diff: 0.1, Sum: 0.8]
      [GC Worker Total (ms): Min: 178.1, Avg: 185.3, Max: 186.4, Diff: 8.2, Sum: 1482.4]
      [GC Worker End (ms): Min: 35717.1, Avg: 35717.1, Max: 35717.2, Diff: 0.1]
   [Code Root Fixup: 0.0 ms]
   [Code Root Purge: 0.0 ms]
   [Clear CT: 0.2 ms]
   [Other: 0.9 ms]
      [Choose CSet: 0.0 ms]
      [Ref Proc: 0.2 ms]
      [Ref Enq: 0.0 ms]
      [Redirty Cards: 0.2 ms]
      [Humongous Register: 0.0 ms]
      [Humongous Reclaim: 0.0 ms]
      [Free CSet: 0.2 ms]
   [Eden: 235.0M(235.0M)->0.0B(222.0M) Survivors: 34.0M->34.0M Heap: 853.2M(2048.0M)->855.2M(2048.0M)]
 [Times: user=1.33 sys=0.06, real=0.19 secs] 
2020-09-29T12:27:44.546+0200: 35.873: [GC pause (G1 Evacuation Pause) (young), 0.1693424 secs]
   [Parallel Time: 168.0 ms, GC Workers: 8]
      [GC Worker Start (ms): Min: 35873.4, Avg: 35876.7, Max: 35896.3, Diff: 22.9]
      [Ext Root Scanning (ms): Min: 0.0, Avg: 0.1, Max: 0.2, Diff: 0.2, Sum: 0.7]
      [Update RS (ms): Min: 0.0, Avg: 17.3, Max: 20.8, Diff: 20.8, Sum: 138.5]
         [Processed Buffers: Min: 0, Avg: 15.0, Max: 22, Diff: 22, Sum: 120]
      [Scan RS (ms): Min: 20.9, Avg: 23.0, Max: 23.7, Diff: 2.9, Sum: 184.3]
      [Code Root Scanning (ms): Min: 0.0, Avg: 0.0, Max: 0.0, Diff: 0.0, Sum: 0.0]
      [Object Copy (ms): Min: 124.1, Avg: 124.1, Max: 124.2, Diff: 0.1, Sum: 993.2]
      [Termination (ms): Min: 0.0, Avg: 0.0, Max: 0.0, Diff: 0.0, Sum: 0.0]
         [Termination Attempts: Min: 1, Avg: 20.0, Max: 28, Diff: 27, Sum: 160]
      [GC Worker Other (ms): Min: 0.0, Avg: 0.1, Max: 0.1, Diff: 0.1, Sum: 0.4]
      [GC Worker Total (ms): Min: 145.1, Avg: 164.6, Max: 167.9, Diff: 22.8, Sum: 1317.1]
      [GC Worker End (ms): Min: 36041.3, Avg: 36041.3, Max: 36041.3, Diff: 0.1]
   [Code Root Fixup: 0.0 ms]
   [Code Root Purge: 0.0 ms]
   [Clear CT: 0.2 ms]
   [Other: 1.2 ms]
      [Choose CSet: 0.0 ms]
      [Ref Proc: 0.4 ms]
      [Ref Enq: 0.0 ms]
      [Redirty Cards: 0.3 ms]
      [Humongous Register: 0.1 ms]
      [Humongous Reclaim: 0.0 ms]
      [Free CSet: 0.2 ms]
   [Eden: 222.0M(222.0M)->0.0B(223.0M) Survivors: 34.0M->32.0M Heap: 1115.3M(2048.0M)->1117.8M(2048.0M)]
 [Times: user=1.17 sys=0.11, real=0.17 secs] 
2020-09-29T12:27:44.725+0200: 36.053: [GC pause (G1 Humongous Allocation) (young) (initial-mark), 0.0583115 secs]
   [Parallel Time: 57.2 ms, GC Workers: 8]
      [GC Worker Start (ms): Min: 36052.8, Avg: 36052.9, Max: 36052.9, Diff: 0.1]
      [Ext Root Scanning (ms): Min: 0.1, Avg: 0.1, Max: 0.1, Diff: 0.1, Sum: 0.8]
      [Update RS (ms): Min: 27.0, Avg: 27.4, Max: 27.8, Diff: 0.8, Sum: 219.1]
         [Processed Buffers: Min: 23, Avg: 29.6, Max: 33, Diff: 10, Sum: 237]
      [Scan RS (ms): Min: 1.7, Avg: 2.0, Max: 2.4, Diff: 0.8, Sum: 16.4]
      [Code Root Scanning (ms): Min: 0.0, Avg: 0.0, Max: 0.0, Diff: 0.0, Sum: 0.0]
      [Object Copy (ms): Min: 27.5, Avg: 27.5, Max: 27.6, Diff: 0.1, Sum: 220.3]
      [Termination (ms): Min: 0.0, Avg: 0.0, Max: 0.0, Diff: 0.0, Sum: 0.0]
         [Termination Attempts: Min: 1, Avg: 13.1, Max: 21, Diff: 20, Sum: 105]
      [GC Worker Other (ms): Min: 0.0, Avg: 0.0, Max: 0.0, Diff: 0.0, Sum: 0.1]
      [GC Worker Total (ms): Min: 57.1, Avg: 57.1, Max: 57.1, Diff: 0.1, Sum: 456.7]
      [GC Worker End (ms): Min: 36109.9, Avg: 36109.9, Max: 36109.9, Diff: 0.0]
   [Code Root Fixup: 0.0 ms]
   [Code Root Purge: 0.0 ms]
   [Clear CT: 0.2 ms]
   [Other: 0.9 ms]
      [Choose CSet: 0.0 ms]
      [Ref Proc: 0.2 ms]
      [Ref Enq: 0.0 ms]
      [Redirty Cards: 0.3 ms]
      [Humongous Register: 0.1 ms]
      [Humongous Reclaim: 0.0 ms]
      [Free CSet: 0.1 ms]
   [Eden: 9216.0K(223.0M)->0.0B(241.0M) Survivors: 32.0M->12.0M Heap: 1126.8M(2048.0M)->1132.3M(2048.0M)]
 [Times: user=0.34 sys=0.02, real=0.06 secs] 
2020-09-29T12:27:44.784+0200: 36.111: [GC concurrent-root-region-scan-start]
2020-09-29T12:27:44.787+0200: 36.114: [GC concurrent-root-region-scan-end, 0.0027978 secs]
2020-09-29T12:27:44.787+0200: 36.114: [GC concurrent-mark-start]
2020-09-29T12:27:44.791+0200: 36.118: [GC concurrent-mark-end, 0.0040350 secs]
2020-09-29T12:27:44.791+0200: 36.118: [GC remark 2020-09-29T12:27:44.791+0200: 36.118: [Finalize Marking, 0.0002662 secs] 2020-09-29T12:27:44.792+0200: 36.119: [GC ref-proc, 0.0003944 secs] 2020-09-29T12:27:44.792+0200: 36.119: [Unloading, 0.0004647 secs], 0.0016247 secs]
 [Times: user=0.00 sys=0.00, real=0.00 secs] 
2020-09-29T12:27:44.794+0200: 36.121: [GC cleanup 1148M->37M(2048M), 0.0021858 secs]
 [Times: user=0.00 sys=0.00, real=0.00 secs] 
2020-09-29T12:27:44.796+0200: 36.123: [GC concurrent-cleanup-start]
2020-09-29T12:27:44.798+0200: 36.125: [GC concurrent-cleanup-end, 0.0021677 secs]
2020-09-29T12:27:44.943+0200: 36.270: [GC pause (G1 Evacuation Pause) (young), 0.1368566 secs]
   [Parallel Time: 135.8 ms, GC Workers: 8]
      [GC Worker Start (ms): Min: 36270.0, Avg: 36270.1, Max: 36270.2, Diff: 0.2]
      [Ext Root Scanning (ms): Min: 0.0, Avg: 0.1, Max: 0.2, Diff: 0.2, Sum: 0.7]
      [Update RS (ms): Min: 16.0, Avg: 16.2, Max: 16.8, Diff: 0.8, Sum: 129.2]
         [Processed Buffers: Min: 16, Avg: 17.3, Max: 20, Diff: 4, Sum: 138]
      [Scan RS (ms): Min: 14.7, Avg: 15.4, Max: 15.6, Diff: 0.9, Sum: 123.0]
      [Code Root Scanning (ms): Min: 0.0, Avg: 0.0, Max: 0.0, Diff: 0.0, Sum: 0.0]
      [Object Copy (ms): Min: 103.6, Avg: 103.8, Max: 104.0, Diff: 0.4, Sum: 830.2]
      [Termination (ms): Min: 0.0, Avg: 0.1, Max: 0.2, Diff: 0.2, Sum: 0.9]
         [Termination Attempts: Min: 1, Avg: 853.4, Max: 1194, Diff: 1193, Sum: 6827]
      [GC Worker Other (ms): Min: 0.0, Avg: 0.0, Max: 0.1, Diff: 0.0, Sum: 0.3]
      [GC Worker Total (ms): Min: 135.5, Avg: 135.6, Max: 135.6, Diff: 0.2, Sum: 1084.5]
      [GC Worker End (ms): Min: 36405.6, Avg: 36405.6, Max: 36405.6, Diff: 0.0]
   [Code Root Fixup: 0.0 ms]
   [Code Root Purge: 0.0 ms]
   [Clear CT: 0.2 ms]
   [Other: 0.9 ms]
      [Choose CSet: 0.0 ms]
      [Ref Proc: 0.1 ms]
      [Ref Enq: 0.0 ms]
      [Redirty Cards: 0.2 ms]
      [Humongous Register: 0.0 ms]
      [Humongous Reclaim: 0.0 ms]
      [Free CSet: 0.2 ms]
   [Eden: 241.0M(241.0M)->0.0B(240.0M) Survivors: 12.0M->32.0M Heap: 304.5M(2048.0M)->295.5M(2048.0M)]
 [Times: user=0.95 sys=0.01, real=0.14 secs] 
2020-09-29T12:27:45.223+0200: 36.550: [GC pause (G1 Evacuation Pause) (young), 0.2147544 secs]
   [Parallel Time: 212.9 ms, GC Workers: 8]
      [GC Worker Start (ms): Min: 36549.9, Avg: 36550.0, Max: 36550.1, Diff: 0.2]
      [Ext Root Scanning (ms): Min: 0.0, Avg: 0.1, Max: 0.1, Diff: 0.1, Sum: 0.6]
      [Update RS (ms): Min: 18.0, Avg: 18.8, Max: 24.1, Diff: 6.0, Sum: 150.8]
         [Processed Buffers: Min: 0, Avg: 17.3, Max: 23, Diff: 23, Sum: 138]
      [Scan RS (ms): Min: 11.9, Avg: 18.9, Max: 26.6, Diff: 14.7, Sum: 151.0]
      [Code Root Scanning (ms): Min: 0.0, Avg: 0.0, Max: 0.0, Diff: 0.0, Sum: 0.0]
      [Object Copy (ms): Min: 167.4, Avg: 174.4, Max: 176.2, Diff: 8.8, Sum: 1395.5]
      [Termination (ms): Min: 0.0, Avg: 0.1, Max: 0.2, Diff: 0.2, Sum: 1.0]
         [Termination Attempts: Min: 1, Avg: 831.4, Max: 1062, Diff: 1061, Sum: 6651]
      [GC Worker Other (ms): Min: 0.1, Avg: 0.1, Max: 0.1, Diff: 0.0, Sum: 0.6]
      [GC Worker Total (ms): Min: 212.3, Avg: 212.4, Max: 212.5, Diff: 0.2, Sum: 1699.5]
      [GC Worker End (ms): Min: 36762.4, Avg: 36762.4, Max: 36762.5, Diff: 0.0]
   [Code Root Fixup: 0.0 ms]
   [Code Root Purge: 0.0 ms]
   [Clear CT: 0.3 ms]
   [Other: 1.6 ms]
      [Choose CSet: 0.0 ms]
      [Ref Proc: 0.6 ms]
      [Ref Enq: 0.0 ms]
      [Redirty Cards: 0.3 ms]
      [Humongous Register: 0.0 ms]
      [Humongous Reclaim: 0.0 ms]
      [Free CSet: 0.3 ms]
   [Eden: 240.0M(240.0M)->0.0B(210.0M) Survivors: 32.0M->34.0M Heap: 575.5M(2048.0M)->577.0M(2048.0M)]
 [Times: user=1.25 sys=0.06, real=0.21 secs] 
2020-09-29T12:27:45.580+0200: 36.906: [GC pause (G1 Evacuation Pause) (young), 0.1648987 secs]
   [Parallel Time: 163.8 ms, GC Workers: 8]
      [GC Worker Start (ms): Min: 36906.6, Avg: 36906.7, Max: 36906.8, Diff: 0.2]
      [Ext Root Scanning (ms): Min: 0.0, Avg: 0.1, Max: 0.1, Diff: 0.1, Sum: 0.6]
      [Update RS (ms): Min: 23.2, Avg: 23.4, Max: 24.4, Diff: 1.3, Sum: 187.0]
         [Processed Buffers: Min: 9, Avg: 19.4, Max: 26, Diff: 17, Sum: 155]
      [Scan RS (ms): Min: 15.7, Avg: 16.8, Max: 17.1, Diff: 1.4, Sum: 134.4]
      [Code Root Scanning (ms): Min: 0.0, Avg: 0.0, Max: 0.0, Diff: 0.0, Sum: 0.0]
      [Object Copy (ms): Min: 123.1, Avg: 123.2, Max: 123.3, Diff: 0.2, Sum: 985.9]
      [Termination (ms): Min: 0.0, Avg: 0.1, Max: 0.1, Diff: 0.1, Sum: 0.5]
         [Termination Attempts: Min: 1, Avg: 491.0, Max: 685, Diff: 684, Sum: 3928]
      [GC Worker Other (ms): Min: 0.0, Avg: 0.1, Max: 0.1, Diff: 0.1, Sum: 0.4]
      [GC Worker Total (ms): Min: 163.5, Avg: 163.6, Max: 163.7, Diff: 0.2, Sum: 1308.8]
      [GC Worker End (ms): Min: 37070.3, Avg: 37070.3, Max: 37070.3, Diff: 0.1]
   [Code Root Fixup: 0.0 ms]
   [Code Root Purge: 0.0 ms]
   [Clear CT: 0.2 ms]
   [Other: 0.9 ms]
      [Choose CSet: 0.0 ms]
      [Ref Proc: 0.2 ms]
      [Ref Enq: 0.0 ms]
      [Redirty Cards: 0.2 ms]
      [Humongous Register: 0.0 ms]
      [Humongous Reclaim: 0.0 ms]
      [Free CSet: 0.2 ms]
   [Eden: 210.0M(210.0M)->0.0B(216.0M) Survivors: 34.0M->31.0M Heap: 821.3M(2048.0M)->823.8M(2048.0M)]
 [Times: user=1.22 sys=0.06, real=0.16 secs] 
2020-09-29T12:27:45.894+0200: 37.220: [GC pause (G1 Evacuation Pause) (young), 0.1230853 secs]
   [Parallel Time: 121.9 ms, GC Workers: 8]
      [GC Worker Start (ms): Min: 37220.6, Avg: 37220.6, Max: 37220.7, Diff: 0.2]
      [Ext Root Scanning (ms): Min: 0.0, Avg: 0.1, Max: 0.1, Diff: 0.1, Sum: 0.6]
      [Update RS (ms): Min: 12.5, Avg: 12.7, Max: 13.5, Diff: 1.0, Sum: 101.5]
         [Processed Buffers: Min: 14, Avg: 15.3, Max: 17, Diff: 3, Sum: 122]
      [Scan RS (ms): Min: 11.0, Avg: 11.8, Max: 12.0, Diff: 1.1, Sum: 94.1]
      [Code Root Scanning (ms): Min: 0.0, Avg: 0.0, Max: 0.0, Diff: 0.0, Sum: 0.0]
      [Object Copy (ms): Min: 97.1, Avg: 97.1, Max: 97.1, Diff: 0.1, Sum: 777.0]
      [Termination (ms): Min: 0.0, Avg: 0.1, Max: 0.1, Diff: 0.1, Sum: 0.6]
         [Termination Attempts: Min: 1, Avg: 583.3, Max: 720, Diff: 719, Sum: 4666]
      [GC Worker Other (ms): Min: 0.0, Avg: 0.0, Max: 0.1, Diff: 0.0, Sum: 0.3]
      [GC Worker Total (ms): Min: 121.7, Avg: 121.8, Max: 121.8, Diff: 0.1, Sum: 974.1]
      [GC Worker End (ms): Min: 37342.4, Avg: 37342.4, Max: 37342.4, Diff: 0.0]
   [Code Root Fixup: 0.0 ms]
   [Code Root Purge: 0.0 ms]
   [Clear CT: 0.2 ms]
   [Other: 1.0 ms]
      [Choose CSet: 0.0 ms]
      [Ref Proc: 0.2 ms]
      [Ref Enq: 0.0 ms]
      [Redirty Cards: 0.3 ms]
      [Humongous Register: 0.1 ms]
      [Humongous Reclaim: 0.0 ms]
      [Free CSet: 0.3 ms]
   [Eden: 216.0M(216.0M)->0.0B(240.0M) Survivors: 31.0M->31.0M Heap: 1076.1M(2048.0M)->1078.1M(2048.0M)]
 [Times: user=1.00 sys=0.00, real=0.12 secs] 
2020-09-29T12:27:46.026+0200: 37.352: [GC pause (G1 Humongous Allocation) (young) (initial-mark), 0.0652646 secs]
   [Parallel Time: 64.4 ms, GC Workers: 8]
      [GC Worker Start (ms): Min: 37352.7, Avg: 37352.8, Max: 37352.9, Diff: 0.2]
      [Ext Root Scanning (ms): Min: 0.0, Avg: 0.8, Max: 5.3, Diff: 5.3, Sum: 6.2]
      [Update RS (ms): Min: 23.5, Avg: 28.6, Max: 33.5, Diff: 10.1, Sum: 229.0]
         [Processed Buffers: Min: 7, Avg: 30.0, Max: 36, Diff: 29, Sum: 240]
      [Scan RS (ms): Min: 0.0, Avg: 1.9, Max: 2.3, Diff: 2.3, Sum: 15.1]
      [Code Root Scanning (ms): Min: 0.0, Avg: 0.0, Max: 0.0, Diff: 0.0, Sum: 0.0]
      [Object Copy (ms): Min: 30.4, Avg: 32.8, Max: 33.2, Diff: 2.8, Sum: 262.0]
      [Termination (ms): Min: 0.0, Avg: 0.1, Max: 0.2, Diff: 0.2, Sum: 1.1]
         [Termination Attempts: Min: 1, Avg: 683.0, Max: 943, Diff: 942, Sum: 5464]
      [GC Worker Other (ms): Min: 0.0, Avg: 0.0, Max: 0.0, Diff: 0.0, Sum: 0.1]
      [GC Worker Total (ms): Min: 64.1, Avg: 64.2, Max: 64.3, Diff: 0.2, Sum: 513.6]
      [GC Worker End (ms): Min: 37417.0, Avg: 37417.0, Max: 37417.0, Diff: 0.0]
   [Code Root Fixup: 0.0 ms]
   [Code Root Purge: 0.0 ms]
   [Clear CT: 0.1 ms]
   [Other: 0.8 ms]
      [Choose CSet: 0.0 ms]
      [Ref Proc: 0.1 ms]
      [Ref Enq: 0.0 ms]
      [Redirty Cards: 0.2 ms]
      [Humongous Register: 0.1 ms]
      [Humongous Reclaim: 0.0 ms]
      [Free CSet: 0.1 ms]
   [Eden: 9216.0K(240.0M)->0.0B(224.0M) Survivors: 31.0M->11.0M Heap: 1087.1M(2048.0M)->1091.6M(2048.0M)]
 [Times: user=0.44 sys=0.00, real=0.07 secs] 
2020-09-29T12:27:46.091+0200: 37.418: [GC concurrent-root-region-scan-start]
2020-09-29T12:27:46.095+0200: 37.421: [GC concurrent-root-region-scan-end, 0.0032876 secs]
2020-09-29T12:27:46.095+0200: 37.421: [GC concurrent-mark-start]
2020-09-29T12:27:46.098+0200: 37.425: [GC concurrent-mark-end, 0.0036918 secs]
2020-09-29T12:27:46.098+0200: 37.425: [GC remark 2020-09-29T12:27:46.099+0200: 37.425: [Finalize Marking, 0.0002058 secs] 2020-09-29T12:27:46.099+0200: 37.425: [GC ref-proc, 0.0003998 secs] 2020-09-29T12:27:46.099+0200: 37.426: [Unloading, 0.0004497 secs], 0.0015827 secs]
 [Times: user=0.00 sys=0.00, real=0.00 secs] 
2020-09-29T12:27:46.101+0200: 37.427: [GC cleanup 1104M->33M(2048M), 0.0017847 secs]
 [Times: user=0.00 sys=0.00, real=0.00 secs] 
2020-09-29T12:27:46.102+0200: 37.429: [GC concurrent-cleanup-start]
2020-09-29T12:27:46.105+0200: 37.432: [GC concurrent-cleanup-end, 0.0026194 secs]
2020-09-29T12:27:46.236+0200: 37.563: [GC pause (G1 Evacuation Pause) (young), 0.1208917 secs]
   [Parallel Time: 120.0 ms, GC Workers: 8]
      [GC Worker Start (ms): Min: 37563.1, Avg: 37563.2, Max: 37563.3, Diff: 0.2]
      [Ext Root Scanning (ms): Min: 0.0, Avg: 0.1, Max: 0.2, Diff: 0.2, Sum: 0.5]
      [Update RS (ms): Min: 13.3, Avg: 13.5, Max: 14.0, Diff: 0.7, Sum: 107.8]
         [Processed Buffers: Min: 13, Avg: 14.4, Max: 16, Diff: 3, Sum: 115]
      [Scan RS (ms): Min: 12.7, Avg: 13.4, Max: 13.7, Diff: 0.9, Sum: 106.8]
      [Code Root Scanning (ms): Min: 0.0, Avg: 0.0, Max: 0.0, Diff: 0.0, Sum: 0.0]
      [Object Copy (ms): Min: 92.7, Avg: 92.8, Max: 92.9, Diff: 0.2, Sum: 742.2]
      [Termination (ms): Min: 0.0, Avg: 0.0, Max: 0.1, Diff: 0.1, Sum: 0.3]
         [Termination Attempts: Min: 1, Avg: 290.5, Max: 398, Diff: 397, Sum: 2324]
      [GC Worker Other (ms): Min: 0.0, Avg: 0.0, Max: 0.1, Diff: 0.1, Sum: 0.3]
      [GC Worker Total (ms): Min: 119.7, Avg: 119.8, Max: 119.8, Diff: 0.1, Sum: 958.0]
      [GC Worker End (ms): Min: 37683.0, Avg: 37683.0, Max: 37683.0, Diff: 0.1]
   [Code Root Fixup: 0.0 ms]
   [Code Root Purge: 0.0 ms]
   [Clear CT: 0.2 ms]
   [Other: 0.8 ms]
      [Choose CSet: 0.0 ms]
      [Ref Proc: 0.2 ms]
      [Ref Enq: 0.0 ms]
      [Redirty Cards: 0.2 ms]
      [Humongous Register: 0.0 ms]
      [Humongous Reclaim: 0.0 ms]
      [Free CSet: 0.2 ms]
   [Eden: 224.0M(224.0M)->0.0B(232.0M) Survivors: 11.0M->30.0M Heap: 283.1M(2048.0M)->274.1M(2048.0M)]
 [Times: user=0.89 sys=0.06, real=0.12 secs] 
2020-09-29T12:27:46.472+0200: 37.799: [GC pause (G1 Evacuation Pause) (young), 0.1412994 secs]
   [Parallel Time: 140.2 ms, GC Workers: 8]
      [GC Worker Start (ms): Min: 37798.6, Avg: 37798.7, Max: 37798.8, Diff: 0.2]
      [Ext Root Scanning (ms): Min: 0.0, Avg: 0.0, Max: 0.1, Diff: 0.1, Sum: 0.4]
      [Update RS (ms): Min: 13.3, Avg: 13.6, Max: 13.9, Diff: 0.6, Sum: 108.9]
         [Processed Buffers: Min: 14, Avg: 14.6, Max: 16, Diff: 2, Sum: 117]
      [Scan RS (ms): Min: 17.8, Avg: 18.2, Max: 19.3, Diff: 1.5, Sum: 145.8]
      [Code Root Scanning (ms): Min: 0.0, Avg: 0.0, Max: 0.0, Diff: 0.0, Sum: 0.0]
      [Object Copy (ms): Min: 107.3, Avg: 108.1, Max: 108.3, Diff: 0.9, Sum: 864.8]
      [Termination (ms): Min: 0.0, Avg: 0.0, Max: 0.0, Diff: 0.0, Sum: 0.3]
         [Termination Attempts: Min: 1, Avg: 231.1, Max: 323, Diff: 322, Sum: 1849]
      [GC Worker Other (ms): Min: 0.0, Avg: 0.0, Max: 0.1, Diff: 0.1, Sum: 0.4]
      [GC Worker Total (ms): Min: 140.0, Avg: 140.1, Max: 140.2, Diff: 0.2, Sum: 1120.6]
      [GC Worker End (ms): Min: 37938.8, Avg: 37938.8, Max: 37938.8, Diff: 0.1]
   [Code Root Fixup: 0.0 ms]
   [Code Root Purge: 0.0 ms]
   [Clear CT: 0.2 ms]
   [Other: 0.9 ms]
      [Choose CSet: 0.0 ms]
      [Ref Proc: 0.1 ms]
      [Ref Enq: 0.0 ms]
      [Redirty Cards: 0.2 ms]
      [Humongous Register: 0.0 ms]
      [Humongous Reclaim: 0.0 ms]
      [Free CSet: 0.3 ms]
   [Eden: 232.0M(232.0M)->0.0B(243.0M) Survivors: 30.0M->33.0M Heap: 544.3M(2048.0M)->546.3M(2048.0M)]
 [Times: user=1.06 sys=0.03, real=0.14 secs] 
2020-09-29T12:27:46.745+0200: 38.072: [GC pause (G1 Evacuation Pause) (young), 0.1468885 secs]
   [Parallel Time: 145.8 ms, GC Workers: 8]
      [GC Worker Start (ms): Min: 38071.8, Avg: 38071.9, Max: 38071.9, Diff: 0.2]
      [Ext Root Scanning (ms): Min: 0.0, Avg: 0.1, Max: 0.2, Diff: 0.2, Sum: 0.5]
      [Update RS (ms): Min: 20.8, Avg: 21.0, Max: 21.1, Diff: 0.3, Sum: 167.8]
         [Processed Buffers: Min: 18, Avg: 22.8, Max: 27, Diff: 9, Sum: 182]
      [Scan RS (ms): Min: 11.9, Avg: 12.2, Max: 12.4, Diff: 0.5, Sum: 97.3]
      [Code Root Scanning (ms): Min: 0.0, Avg: 0.0, Max: 0.0, Diff: 0.0, Sum: 0.0]
      [Object Copy (ms): Min: 112.1, Avg: 112.3, Max: 112.4, Diff: 0.3, Sum: 898.1]
      [Termination (ms): Min: 0.0, Avg: 0.1, Max: 0.2, Diff: 0.2, Sum: 1.0]
         [Termination Attempts: Min: 1, Avg: 899.3, Max: 1343, Diff: 1342, Sum: 7194]
      [GC Worker Other (ms): Min: 0.0, Avg: 0.0, Max: 0.0, Diff: 0.0, Sum: 0.2]
      [GC Worker Total (ms): Min: 145.6, Avg: 145.6, Max: 145.7, Diff: 0.2, Sum: 1165.0]
      [GC Worker End (ms): Min: 38217.5, Avg: 38217.5, Max: 38217.5, Diff: 0.0]
   [Code Root Fixup: 0.0 ms]
   [Code Root Purge: 0.0 ms]
   [Clear CT: 0.2 ms]
   [Other: 0.9 ms]
      [Choose CSet: 0.0 ms]
      [Ref Proc: 0.1 ms]
      [Ref Enq: 0.0 ms]
      [Redirty Cards: 0.2 ms]
      [Humongous Register: 0.0 ms]
      [Humongous Reclaim: 0.0 ms]
      [Free CSet: 0.2 ms]
   [Eden: 243.0M(243.0M)->0.0B(261.0M) Survivors: 33.0M->35.0M Heap: 831.3M(2048.0M)->834.3M(2048.0M)]
 [Times: user=1.09 sys=0.02, real=0.15 secs] 
2020-09-29T12:27:47.039+0200: 38.366: [GC pause (G1 Evacuation Pause) (young), 0.1480815 secs]
   [Parallel Time: 147.1 ms, GC Workers: 8]
      [GC Worker Start (ms): Min: 38365.9, Avg: 38366.0, Max: 38366.0, Diff: 0.1]
      [Ext Root Scanning (ms): Min: 0.0, Avg: 0.1, Max: 0.1, Diff: 0.1, Sum: 0.6]
      [Update RS (ms): Min: 14.4, Avg: 14.7, Max: 14.9, Diff: 0.5, Sum: 117.5]
         [Processed Buffers: Min: 14, Avg: 15.0, Max: 16, Diff: 2, Sum: 120]
      [Scan RS (ms): Min: 16.8, Avg: 17.0, Max: 17.2, Diff: 0.5, Sum: 136.0]
      [Code Root Scanning (ms): Min: 0.0, Avg: 0.0, Max: 0.0, Diff: 0.0, Sum: 0.0]
      [Object Copy (ms): Min: 114.9, Avg: 115.0, Max: 115.2, Diff: 0.2, Sum: 919.9]
      [Termination (ms): Min: 0.0, Avg: 0.1, Max: 0.1, Diff: 0.1, Sum: 0.8]
         [Termination Attempts: Min: 1, Avg: 669.5, Max: 963, Diff: 962, Sum: 5356]
      [GC Worker Other (ms): Min: 0.0, Avg: 0.0, Max: 0.1, Diff: 0.1, Sum: 0.3]
      [GC Worker Total (ms): Min: 146.8, Avg: 146.9, Max: 147.0, Diff: 0.1, Sum: 1175.1]
      [GC Worker End (ms): Min: 38512.8, Avg: 38512.9, Max: 38512.9, Diff: 0.1]
   [Code Root Fixup: 0.0 ms]
   [Code Root Purge: 0.0 ms]
   [Clear CT: 0.2 ms]
   [Other: 0.8 ms]
      [Choose CSet: 0.0 ms]
      [Ref Proc: 0.1 ms]
      [Ref Enq: 0.0 ms]
      [Redirty Cards: 0.2 ms]
      [Humongous Register: 0.0 ms]
      [Humongous Reclaim: 0.0 ms]
      [Free CSet: 0.3 ms]
   [Eden: 249.0M(249.0M)->0.0B(279.0M) Survivors: 35.0M->36.0M Heap: 1123.3M(2048.0M)->1125.3M(2048.0M)]
 [Times: user=1.06 sys=0.06, real=0.15 secs] 
2020-09-29T12:27:47.194+0200: 38.521: [GC pause (G1 Humongous Allocation) (young) (initial-mark), 0.0549282 secs]
   [Parallel Time: 54.2 ms, GC Workers: 8]
      [GC Worker Start (ms): Min: 38520.8, Avg: 38520.8, Max: 38520.9, Diff: 0.1]
      [Ext Root Scanning (ms): Min: 0.0, Avg: 0.1, Max: 0.1, Diff: 0.1, Sum: 0.7]
      [Update RS (ms): Min: 29.3, Avg: 29.5, Max: 29.7, Diff: 0.5, Sum: 236.2]
         [Processed Buffers: Min: 35, Avg: 37.3, Max: 39, Diff: 4, Sum: 298]
      [Scan RS (ms): Min: 2.0, Avg: 2.2, Max: 2.5, Diff: 0.5, Sum: 17.6]
      [Code Root Scanning (ms): Min: 0.0, Avg: 0.0, Max: 0.0, Diff: 0.0, Sum: 0.0]
      [Object Copy (ms): Min: 22.2, Avg: 22.2, Max: 22.3, Diff: 0.1, Sum: 178.0]
      [Termination (ms): Min: 0.0, Avg: 0.0, Max: 0.0, Diff: 0.0, Sum: 0.1]
         [Termination Attempts: Min: 1, Avg: 105.0, Max: 148, Diff: 147, Sum: 840]
      [GC Worker Other (ms): Min: 0.0, Avg: 0.0, Max: 0.0, Diff: 0.0, Sum: 0.1]
      [GC Worker Total (ms): Min: 54.0, Avg: 54.1, Max: 54.1, Diff: 0.1, Sum: 432.7]
      [GC Worker End (ms): Min: 38574.9, Avg: 38574.9, Max: 38574.9, Diff: 0.0]
   [Code Root Fixup: 0.0 ms]
   [Code Root Purge: 0.0 ms]
   [Clear CT: 0.2 ms]
   [Other: 0.6 ms]
      [Choose CSet: 0.0 ms]
      [Ref Proc: 0.2 ms]
      [Ref Enq: 0.0 ms]
      [Redirty Cards: 0.1 ms]
      [Humongous Register: 0.0 ms]
      [Humongous Reclaim: 0.0 ms]
      [Free CSet: 0.0 ms]
   [Eden: 2048.0K(279.0M)->0.0B(294.0M) Survivors: 36.0M->4096.0K Heap: 1127.3M(2048.0M)->1131.3M(2048.0M)]
 [Times: user=0.34 sys=0.00, real=0.06 secs] 
2020-09-29T12:27:47.249+0200: 38.576: [GC concurrent-root-region-scan-start]
2020-09-29T12:27:47.250+0200: 38.576: [GC concurrent-root-region-scan-end, 0.0005460 secs]
2020-09-29T12:27:47.250+0200: 38.576: [GC concurrent-mark-start]
2020-09-29T12:27:47.253+0200: 38.580: [GC concurrent-mark-end, 0.0035619 secs]
2020-09-29T12:27:47.253+0200: 38.580: [GC remark 2020-09-29T12:27:47.253+0200: 38.580: [Finalize Marking, 0.0004181 secs] 2020-09-29T12:27:47.253+0200: 38.580: [GC ref-proc, 0.0002886 secs] 2020-09-29T12:27:47.254+0200: 38.581: [Unloading, 0.0017387 secs], 0.0028798 secs]
 [Times: user=0.02 sys=0.00, real=0.00 secs] 
2020-09-29T12:27:47.256+0200: 38.583: [GC cleanup 1139M->21M(2048M), 0.0036507 secs]
 [Times: user=0.00 sys=0.00, real=0.00 secs] 
2020-09-29T12:27:47.260+0200: 38.587: [GC concurrent-cleanup-start]
2020-09-29T12:27:47.261+0200: 38.589: [GC concurrent-cleanup-end, 0.0015264 secs]
2020-09-29T12:27:47.437+0200: 38.763: [GC pause (G1 Evacuation Pause) (young), 0.2203682 secs]
   [Parallel Time: 218.7 ms, GC Workers: 8]
      [GC Worker Start (ms): Min: 38763.5, Avg: 38763.6, Max: 38763.7, Diff: 0.2]
      [Ext Root Scanning (ms): Min: 0.0, Avg: 0.1, Max: 0.2, Diff: 0.2, Sum: 0.7]
      [Update RS (ms): Min: 18.4, Avg: 18.6, Max: 19.3, Diff: 0.9, Sum: 149.1]
         [Processed Buffers: Min: 15, Avg: 15.9, Max: 17, Diff: 2, Sum: 127]
      [Scan RS (ms): Min: 23.8, Avg: 24.6, Max: 25.1, Diff: 1.3, Sum: 197.0]
      [Code Root Scanning (ms): Min: 0.0, Avg: 0.0, Max: 0.0, Diff: 0.0, Sum: 0.0]
      [Object Copy (ms): Min: 174.2, Avg: 174.6, Max: 174.8, Diff: 0.6, Sum: 1396.5]
      [Termination (ms): Min: 0.0, Avg: 0.2, Max: 0.3, Diff: 0.3, Sum: 1.5]
         [Termination Attempts: Min: 1, Avg: 829.6, Max: 1219, Diff: 1218, Sum: 6637]
      [GC Worker Other (ms): Min: 0.0, Avg: 0.0, Max: 0.0, Diff: 0.0, Sum: 0.2]
      [GC Worker Total (ms): Min: 218.0, Avg: 218.1, Max: 218.2, Diff: 0.2, Sum: 1745.1]
      [GC Worker End (ms): Min: 38981.7, Avg: 38981.7, Max: 38981.7, Diff: 0.1]
   [Code Root Fixup: 0.0 ms]
   [Code Root Purge: 0.0 ms]
   [Clear CT: 0.2 ms]
   [Other: 1.5 ms]
      [Choose CSet: 0.0 ms]
      [Ref Proc: 0.2 ms]
      [Ref Enq: 0.0 ms]
      [Redirty Cards: 0.5 ms]
      [Humongous Register: 0.0 ms]
      [Humongous Reclaim: 0.0 ms]
      [Free CSet: 0.4 ms]
   [Eden: 294.0M(294.0M)->0.0B(228.0M) Survivors: 4096.0K->38.0M Heap: 357.6M(2048.0M)->355.6M(2048.0M)]
 [Times: user=1.53 sys=0.14, real=0.22 secs] 
2020-09-29T12:27:47.810+0200: 39.138: [GC pause (G1 Evacuation Pause) (young), 0.1896656 secs]
   [Parallel Time: 188.7 ms, GC Workers: 8]
      [GC Worker Start (ms): Min: 39137.8, Avg: 39137.9, Max: 39137.9, Diff: 0.1]
      [Ext Root Scanning (ms): Min: 0.0, Avg: 0.1, Max: 0.2, Diff: 0.1, Sum: 0.8]
      [Update RS (ms): Min: 19.9, Avg: 20.2, Max: 20.8, Diff: 0.8, Sum: 161.5]
         [Processed Buffers: Min: 17, Avg: 18.4, Max: 20, Diff: 3, Sum: 147]
      [Scan RS (ms): Min: 15.2, Avg: 15.7, Max: 16.2, Diff: 1.0, Sum: 125.2]
      [Code Root Scanning (ms): Min: 0.0, Avg: 0.0, Max: 0.0, Diff: 0.0, Sum: 0.0]
      [Object Copy (ms): Min: 152.0, Avg: 152.1, Max: 152.2, Diff: 0.3, Sum: 1217.0]
      [Termination (ms): Min: 0.0, Avg: 0.2, Max: 0.3, Diff: 0.3, Sum: 1.6]
         [Termination Attempts: Min: 1, Avg: 1103.8, Max: 1434, Diff: 1433, Sum: 8830]
      [GC Worker Other (ms): Min: 0.0, Avg: 0.2, Max: 0.3, Diff: 0.3, Sum: 1.8]
      [GC Worker Total (ms): Min: 188.3, Avg: 188.5, Max: 188.6, Diff: 0.4, Sum: 1507.8]
      [GC Worker End (ms): Min: 39326.1, Avg: 39326.3, Max: 39326.4, Diff: 0.3]
   [Code Root Fixup: 0.0 ms]
   [Code Root Purge: 0.0 ms]
   [Clear CT: 0.2 ms]
   [Other: 0.8 ms]
      [Choose CSet: 0.0 ms]
      [Ref Proc: 0.2 ms]
      [Ref Enq: 0.0 ms]
      [Redirty Cards: 0.2 ms]
      [Humongous Register: 0.1 ms]
      [Humongous Reclaim: 0.0 ms]
      [Free CSet: 0.2 ms]
   [Eden: 228.0M(228.0M)->0.0B(220.0M) Survivors: 38.0M->34.0M Heap: 621.7M(2048.0M)->624.2M(2048.0M)]
 [Times: user=1.42 sys=0.00, real=0.19 secs] 
2020-09-29T12:27:48.140+0200: 39.466: [GC pause (G1 Evacuation Pause) (young), 0.2005419 secs]
   [Parallel Time: 199.3 ms, GC Workers: 8]
      [GC Worker Start (ms): Min: 39466.0, Avg: 39466.2, Max: 39467.1, Diff: 1.0]
      [Ext Root Scanning (ms): Min: 0.0, Avg: 0.1, Max: 0.2, Diff: 0.2, Sum: 0.6]
      [Update RS (ms): Min: 20.7, Avg: 21.5, Max: 22.0, Diff: 1.4, Sum: 171.8]
         [Processed Buffers: Min: 15, Avg: 16.4, Max: 18, Diff: 3, Sum: 131]
      [Scan RS (ms): Min: 21.8, Avg: 22.2, Max: 22.4, Diff: 0.6, Sum: 177.5]
      [Code Root Scanning (ms): Min: 0.0, Avg: 0.0, Max: 0.0, Diff: 0.0, Sum: 0.0]
      [Object Copy (ms): Min: 155.0, Avg: 155.1, Max: 155.2, Diff: 0.3, Sum: 1241.1]
      [Termination (ms): Min: 0.0, Avg: 0.1, Max: 0.1, Diff: 0.1, Sum: 0.5]
         [Termination Attempts: Min: 1, Avg: 139.6, Max: 228, Diff: 227, Sum: 1117]
      [GC Worker Other (ms): Min: 0.0, Avg: 0.0, Max: 0.0, Diff: 0.0, Sum: 0.2]
      [GC Worker Total (ms): Min: 198.1, Avg: 199.0, Max: 199.1, Diff: 1.0, Sum: 1591.7]
      [GC Worker End (ms): Min: 39665.2, Avg: 39665.2, Max: 39665.2, Diff: 0.0]
   [Code Root Fixup: 0.0 ms]
   [Code Root Purge: 0.0 ms]
   [Clear CT: 0.2 ms]
   [Other: 1.0 ms]
      [Choose CSet: 0.0 ms]
      [Ref Proc: 0.2 ms]
      [Ref Enq: 0.0 ms]
      [Redirty Cards: 0.2 ms]
      [Humongous Register: 0.0 ms]
      [Humongous Reclaim: 0.0 ms]
      [Free CSet: 0.3 ms]
   [Eden: 220.0M(220.0M)->0.0B(198.0M) Survivors: 34.0M->32.0M Heap: 880.5M(2048.0M)->883.0M(2048.0M)]
 [Times: user=1.45 sys=0.05, real=0.20 secs] 
2020-09-29T12:27:48.478+0200: 39.804: [GC pause (G1 Evacuation Pause) (young), 0.1830544 secs]
   [Parallel Time: 181.8 ms, GC Workers: 8]
      [GC Worker Start (ms): Min: 39804.2, Avg: 39804.4, Max: 39805.8, Diff: 1.7]
      [Ext Root Scanning (ms): Min: 0.0, Avg: 0.1, Max: 0.2, Diff: 0.2, Sum: 0.7]
      [Update RS (ms): Min: 15.0, Avg: 16.7, Max: 18.3, Diff: 3.3, Sum: 133.2]
         [Processed Buffers: Min: 9, Avg: 14.5, Max: 17, Diff: 8, Sum: 116]
      [Scan RS (ms): Min: 13.1, Avg: 14.5, Max: 15.1, Diff: 1.9, Sum: 116.3]
      [Code Root Scanning (ms): Min: 0.0, Avg: 0.0, Max: 0.0, Diff: 0.0, Sum: 0.0]
      [Object Copy (ms): Min: 149.9, Avg: 150.0, Max: 150.1, Diff: 0.2, Sum: 1200.1]
      [Termination (ms): Min: 0.0, Avg: 0.1, Max: 0.1, Diff: 0.1, Sum: 0.4]
         [Termination Attempts: Min: 1, Avg: 41.0, Max: 59, Diff: 58, Sum: 328]
      [GC Worker Other (ms): Min: 0.0, Avg: 0.0, Max: 0.1, Diff: 0.1, Sum: 0.2]
      [GC Worker Total (ms): Min: 180.0, Avg: 181.4, Max: 181.7, Diff: 1.7, Sum: 1451.0]
      [GC Worker End (ms): Min: 39985.8, Avg: 39985.8, Max: 39985.8, Diff: 0.0]
   [Code Root Fixup: 0.0 ms]
   [Code Root Purge: 0.0 ms]
   [Clear CT: 0.2 ms]
   [Other: 1.0 ms]
      [Choose CSet: 0.0 ms]
      [Ref Proc: 0.2 ms]
      [Ref Enq: 0.0 ms]
      [Redirty Cards: 0.2 ms]
      [Humongous Register: 0.1 ms]
      [Humongous Reclaim: 0.0 ms]
      [Free CSet: 0.3 ms]
   [Eden: 198.0M(198.0M)->0.0B(195.0M) Survivors: 32.0M->29.0M Heap: 1115.3M(2048.0M)->1116.8M(2048.0M)]
 [Times: user=1.28 sys=0.00, real=0.18 secs] 
2020-09-29T12:27:48.679+0200: 40.006: [GC pause (G1 Humongous Allocation) (young) (initial-mark), 0.0470267 secs]
   [Parallel Time: 45.9 ms, GC Workers: 8]
      [GC Worker Start (ms): Min: 40005.7, Avg: 40005.8, Max: 40005.9, Diff: 0.2]
      [Ext Root Scanning (ms): Min: 0.0, Avg: 0.2, Max: 0.5, Diff: 0.5, Sum: 1.9]
      [Update RS (ms): Min: 22.1, Avg: 22.5, Max: 22.8, Diff: 0.7, Sum: 180.3]
         [Processed Buffers: Min: 20, Avg: 21.8, Max: 23, Diff: 3, Sum: 174]
      [Scan RS (ms): Min: 2.0, Avg: 2.2, Max: 2.4, Diff: 0.4, Sum: 17.9]
      [Code Root Scanning (ms): Min: 0.0, Avg: 0.0, Max: 0.0, Diff: 0.0, Sum: 0.0]
      [Object Copy (ms): Min: 20.6, Avg: 20.7, Max: 20.7, Diff: 0.1, Sum: 165.4]
      [Termination (ms): Min: 0.0, Avg: 0.0, Max: 0.0, Diff: 0.0, Sum: 0.1]
         [Termination Attempts: Min: 1, Avg: 33.5, Max: 46, Diff: 45, Sum: 268]
      [GC Worker Other (ms): Min: 0.0, Avg: 0.0, Max: 0.1, Diff: 0.1, Sum: 0.3]
      [GC Worker Total (ms): Min: 45.6, Avg: 45.7, Max: 45.8, Diff: 0.2, Sum: 365.7]
      [GC Worker End (ms): Min: 40051.5, Avg: 40051.5, Max: 40051.5, Diff: 0.0]
   [Code Root Fixup: 0.0 ms]
   [Code Root Purge: 0.0 ms]
   [Clear CT: 0.2 ms]
   [Other: 0.9 ms]
      [Choose CSet: 0.0 ms]
      [Ref Proc: 0.2 ms]
      [Ref Enq: 0.0 ms]
      [Redirty Cards: 0.2 ms]
      [Humongous Register: 0.1 ms]
      [Humongous Reclaim: 0.0 ms]
      [Free CSet: 0.1 ms]
   [Eden: 10.0M(195.0M)->0.0B(236.0M) Survivors: 29.0M->12.0M Heap: 1126.8M(2048.0M)->1130.3M(2048.0M)]
 [Times: user=0.38 sys=0.00, real=0.05 secs] 
2020-09-29T12:27:48.726+0200: 40.053: [GC concurrent-root-region-scan-start]
2020-09-29T12:27:48.731+0200: 40.057: [GC concurrent-root-region-scan-end, 0.0042779 secs]
2020-09-29T12:27:48.731+0200: 40.057: [GC concurrent-mark-start]
2020-09-29T12:27:48.735+0200: 40.061: [GC concurrent-mark-end, 0.0042727 secs]
2020-09-29T12:27:48.735+0200: 40.062: [GC remark 2020-09-29T12:27:48.735+0200: 40.062: [Finalize Marking, 0.0003643 secs] 2020-09-29T12:27:48.736+0200: 40.062: [GC ref-proc, 0.0003427 secs] 2020-09-29T12:27:48.736+0200: 40.062: [Unloading, 0.0009922 secs], 0.0020904 secs]
 [Times: user=0.00 sys=0.00, real=0.00 secs] 
2020-09-29T12:27:48.738+0200: 40.064: [GC cleanup 1147M->38M(2048M), 0.0021743 secs]
 [Times: user=0.06 sys=0.00, real=0.00 secs] 
2020-09-29T12:27:48.740+0200: 40.066: [GC concurrent-cleanup-start]
2020-09-29T12:27:48.743+0200: 40.069: [GC concurrent-cleanup-end, 0.0024245 secs]
2020-09-29T12:27:48.882+0200: 40.209: [GC pause (G1 Evacuation Pause) (young), 0.2209062 secs]
   [Parallel Time: 219.7 ms, GC Workers: 8]
      [GC Worker Start (ms): Min: 40208.8, Avg: 40208.9, Max: 40209.1, Diff: 0.3]
      [Ext Root Scanning (ms): Min: 0.0, Avg: 0.1, Max: 0.2, Diff: 0.2, Sum: 0.7]
      [Update RS (ms): Min: 17.9, Avg: 19.9, Max: 31.8, Diff: 13.9, Sum: 159.5]
         [Processed Buffers: Min: 0, Avg: 14.6, Max: 19, Diff: 19, Sum: 117]
      [Scan RS (ms): Min: 2.6, Avg: 14.6, Max: 17.7, Diff: 15.1, Sum: 116.8]
      [Code Root Scanning (ms): Min: 0.0, Avg: 0.0, Max: 0.0, Diff: 0.0, Sum: 0.0]
      [Object Copy (ms): Min: 183.0, Avg: 184.4, Max: 185.1, Diff: 2.1, Sum: 1475.2]
      [Termination (ms): Min: 0.0, Avg: 0.4, Max: 0.6, Diff: 0.6, Sum: 3.4]
         [Termination Attempts: Min: 1, Avg: 2151.4, Max: 2767, Diff: 2766, Sum: 17211]
      [GC Worker Other (ms): Min: 0.0, Avg: 0.0, Max: 0.1, Diff: 0.1, Sum: 0.3]
      [GC Worker Total (ms): Min: 219.3, Avg: 219.5, Max: 219.6, Diff: 0.2, Sum: 1756.0]
      [GC Worker End (ms): Min: 40428.4, Avg: 40428.4, Max: 40428.4, Diff: 0.1]
   [Code Root Fixup: 0.0 ms]
   [Code Root Purge: 0.0 ms]
   [Clear CT: 0.2 ms]
   [Other: 1.0 ms]
      [Choose CSet: 0.0 ms]
      [Ref Proc: 0.3 ms]
      [Ref Enq: 0.0 ms]
      [Redirty Cards: 0.1 ms]
      [Humongous Register: 0.1 ms]
      [Humongous Reclaim: 0.0 ms]
      [Free CSet: 0.2 ms]
   [Eden: 236.0M(236.0M)->0.0B(187.0M) Survivors: 12.0M->31.0M Heap: 298.1M(2048.0M)->288.1M(2048.0M)]
 [Times: user=1.58 sys=0.02, real=0.22 secs] 
2020-09-29T12:27:49.219+0200: 40.546: [GC pause (G1 Evacuation Pause) (young), 0.1475475 secs]
   [Parallel Time: 146.3 ms, GC Workers: 8]
      [GC Worker Start (ms): Min: 40545.8, Avg: 40545.9, Max: 40545.9, Diff: 0.1]
      [Ext Root Scanning (ms): Min: 0.0, Avg: 0.1, Max: 0.2, Diff: 0.1, Sum: 0.7]
      [Update RS (ms): Min: 16.3, Avg: 16.9, Max: 17.3, Diff: 1.0, Sum: 134.8]
         [Processed Buffers: Min: 13, Avg: 14.5, Max: 15, Diff: 2, Sum: 116]
      [Scan RS (ms): Min: 10.8, Avg: 11.2, Max: 11.7, Diff: 0.9, Sum: 89.7]
      [Code Root Scanning (ms): Min: 0.0, Avg: 0.0, Max: 0.0, Diff: 0.0, Sum: 0.0]
      [Object Copy (ms): Min: 117.5, Avg: 117.8, Max: 118.0, Diff: 0.5, Sum: 942.8]
      [Termination (ms): Min: 0.0, Avg: 0.1, Max: 0.1, Diff: 0.1, Sum: 0.4]
         [Termination Attempts: Min: 1, Avg: 313.1, Max: 414, Diff: 413, Sum: 2505]
      [GC Worker Other (ms): Min: 0.0, Avg: 0.0, Max: 0.1, Diff: 0.1, Sum: 0.3]
      [GC Worker Total (ms): Min: 146.0, Avg: 146.1, Max: 146.2, Diff: 0.2, Sum: 1168.7]
      [GC Worker End (ms): Min: 40691.9, Avg: 40691.9, Max: 40692.0, Diff: 0.1]
   [Code Root Fixup: 0.0 ms]
   [Code Root Purge: 0.0 ms]
   [Clear CT: 0.2 ms]
   [Other: 1.1 ms]
      [Choose CSet: 0.0 ms]
      [Ref Proc: 0.3 ms]
      [Ref Enq: 0.0 ms]
      [Redirty Cards: 0.3 ms]
      [Humongous Register: 0.0 ms]
      [Humongous Reclaim: 0.0 ms]
      [Free CSet: 0.2 ms]
   [Eden: 187.0M(187.0M)->0.0B(203.0M) Survivors: 31.0M->28.0M Heap: 505.6M(2048.0M)->507.6M(2048.0M)]
 [Times: user=1.25 sys=0.00, real=0.15 secs] 
2020-09-29T12:27:49.497+0200: 40.823: [GC pause (G1 Evacuation Pause) (young), 0.1483890 secs]
   [Parallel Time: 147.3 ms, GC Workers: 8]
      [GC Worker Start (ms): Min: 40822.9, Avg: 40823.0, Max: 40823.1, Diff: 0.2]
      [Ext Root Scanning (ms): Min: 0.0, Avg: 0.1, Max: 0.2, Diff: 0.2, Sum: 0.5]
      [Update RS (ms): Min: 17.2, Avg: 17.4, Max: 17.6, Diff: 0.5, Sum: 139.4]
         [Processed Buffers: Min: 15, Avg: 15.8, Max: 19, Diff: 4, Sum: 126]
      [Scan RS (ms): Min: 12.9, Avg: 13.2, Max: 13.6, Diff: 0.7, Sum: 105.4]
      [Code Root Scanning (ms): Min: 0.0, Avg: 0.0, Max: 0.0, Diff: 0.0, Sum: 0.0]
      [Object Copy (ms): Min: 116.2, Avg: 116.3, Max: 116.4, Diff: 0.2, Sum: 930.4]
      [Termination (ms): Min: 0.0, Avg: 0.0, Max: 0.0, Diff: 0.0, Sum: 0.1]
         [Termination Attempts: Min: 1, Avg: 43.1, Max: 58, Diff: 57, Sum: 345]
      [GC Worker Other (ms): Min: 0.0, Avg: 0.0, Max: 0.1, Diff: 0.1, Sum: 0.3]
      [GC Worker Total (ms): Min: 146.9, Avg: 147.0, Max: 147.1, Diff: 0.2, Sum: 1176.2]
      [GC Worker End (ms): Min: 40970.0, Avg: 40970.1, Max: 40970.1, Diff: 0.1]
   [Code Root Fixup: 0.0 ms]
   [Code Root Purge: 0.0 ms]
   [Clear CT: 0.2 ms]
   [Other: 0.9 ms]
      [Choose CSet: 0.0 ms]
      [Ref Proc: 0.2 ms]
      [Ref Enq: 0.0 ms]
      [Redirty Cards: 0.2 ms]
      [Humongous Register: 0.0 ms]
      [Humongous Reclaim: 0.0 ms]
      [Free CSet: 0.2 ms]
   [Eden: 203.0M(203.0M)->0.0B(216.0M) Survivors: 28.0M->29.0M Heap: 744.9M(2048.0M)->746.9M(2048.0M)]
 [Times: user=1.13 sys=0.00, real=0.15 secs] 
2020-09-29T12:27:49.784+0200: 41.111: [GC pause (G1 Evacuation Pause) (young), 0.1756453 secs]
   [Parallel Time: 174.6 ms, GC Workers: 8]
      [GC Worker Start (ms): Min: 41110.6, Avg: 41110.8, Max: 41110.8, Diff: 0.2]
      [Ext Root Scanning (ms): Min: 0.0, Avg: 0.1, Max: 0.2, Diff: 0.2, Sum: 0.6]
      [Update RS (ms): Min: 21.4, Avg: 21.7, Max: 22.0, Diff: 0.5, Sum: 173.4]
         [Processed Buffers: Min: 18, Avg: 19.6, Max: 22, Diff: 4, Sum: 157]
      [Scan RS (ms): Min: 12.0, Avg: 12.9, Max: 16.7, Diff: 4.7, Sum: 103.0]
      [Code Root Scanning (ms): Min: 0.0, Avg: 0.0, Max: 0.0, Diff: 0.0, Sum: 0.0]
      [Object Copy (ms): Min: 135.3, Avg: 139.5, Max: 140.2, Diff: 4.9, Sum: 1115.7]
      [Termination (ms): Min: 0.0, Avg: 0.2, Max: 0.3, Diff: 0.3, Sum: 1.5]
         [Termination Attempts: Min: 1, Avg: 1048.3, Max: 1361, Diff: 1360, Sum: 8386]
      [GC Worker Other (ms): Min: 0.0, Avg: 0.0, Max: 0.1, Diff: 0.1, Sum: 0.4]
      [GC Worker Total (ms): Min: 174.2, Avg: 174.3, Max: 174.4, Diff: 0.2, Sum: 1394.5]
      [GC Worker End (ms): Min: 41285.0, Avg: 41285.1, Max: 41285.1, Diff: 0.1]
   [Code Root Fixup: 0.0 ms]
   [Code Root Purge: 0.0 ms]
   [Clear CT: 0.2 ms]
   [Other: 0.8 ms]
      [Choose CSet: 0.0 ms]
      [Ref Proc: 0.2 ms]
      [Ref Enq: 0.0 ms]
      [Redirty Cards: 0.3 ms]
      [Humongous Register: 0.0 ms]
      [Humongous Reclaim: 0.0 ms]
      [Free CSet: 0.2 ms]
   [Eden: 216.0M(216.0M)->0.0B(216.0M) Survivors: 29.0M->31.0M Heap: 999.1M(2048.0M)->1001.1M(2048.0M)]
 [Times: user=1.33 sys=0.05, real=0.18 secs] 
2020-09-29T12:27:49.968+0200: 41.294: [GC pause (G1 Humongous Allocation) (young) (initial-mark), 0.0535867 secs]
   [Parallel Time: 52.7 ms, GC Workers: 8]
      [GC Worker Start (ms): Min: 41293.9, Avg: 41293.9, Max: 41294.0, Diff: 0.1]
      [Ext Root Scanning (ms): Min: 0.0, Avg: 0.1, Max: 0.1, Diff: 0.1, Sum: 0.8]
      [Update RS (ms): Min: 31.1, Avg: 31.3, Max: 31.8, Diff: 0.7, Sum: 250.6]
         [Processed Buffers: Min: 30, Avg: 32.1, Max: 35, Diff: 5, Sum: 257]
      [Scan RS (ms): Min: 2.1, Avg: 2.6, Max: 3.0, Diff: 0.9, Sum: 20.9]
      [Code Root Scanning (ms): Min: 0.0, Avg: 0.0, Max: 0.0, Diff: 0.0, Sum: 0.0]
      [Object Copy (ms): Min: 18.4, Avg: 18.5, Max: 18.6, Diff: 0.2, Sum: 148.0]
      [Termination (ms): Min: 0.0, Avg: 0.0, Max: 0.0, Diff: 0.0, Sum: 0.0]
         [Termination Attempts: Min: 1, Avg: 17.0, Max: 23, Diff: 22, Sum: 136]
      [GC Worker Other (ms): Min: 0.0, Avg: 0.0, Max: 0.0, Diff: 0.0, Sum: 0.1]
      [GC Worker Total (ms): Min: 52.5, Avg: 52.6, Max: 52.6, Diff: 0.1, Sum: 420.5]
      [GC Worker End (ms): Min: 41346.5, Avg: 41346.5, Max: 41346.5, Diff: 0.0]
   [Code Root Fixup: 0.0 ms]
   [Code Root Purge: 0.0 ms]
   [Clear CT: 0.2 ms]
   [Other: 0.6 ms]
      [Choose CSet: 0.0 ms]
      [Ref Proc: 0.2 ms]
      [Ref Enq: 0.0 ms]
      [Redirty Cards: 0.2 ms]
      [Humongous Register: 0.0 ms]
      [Humongous Reclaim: 0.0 ms]
      [Free CSet: 0.0 ms]
   [Eden: 5120.0K(216.0M)->0.0B(252.0M) Survivors: 31.0M->7168.0K Heap: 1006.1M(2048.0M)->1010.6M(2048.0M)]
 [Times: user=0.38 sys=0.01, real=0.05 secs] 
2020-09-29T12:27:50.021+0200: 41.347: [GC concurrent-root-region-scan-start]
2020-09-29T12:27:50.023+0200: 41.349: [GC concurrent-root-region-scan-end, 0.0012957 secs]
2020-09-29T12:27:50.023+0200: 41.349: [GC concurrent-mark-start]
2020-09-29T12:27:50.025+0200: 41.351: [GC concurrent-mark-end, 0.0026212 secs]
2020-09-29T12:27:50.025+0200: 41.352: [GC remark 2020-09-29T12:27:50.025+0200: 41.352: [Finalize Marking, 0.0002161 secs] 2020-09-29T12:27:50.026+0200: 41.352: [GC ref-proc, 0.0003342 secs] 2020-09-29T12:27:50.026+0200: 41.352: [Unloading, 0.0004778 secs], 0.0013218 secs]
 [Times: user=0.00 sys=0.00, real=0.00 secs] 
2020-09-29T12:27:50.027+0200: 41.353: [GC cleanup 1019M->25M(2048M), 0.0011723 secs]
 [Times: user=0.00 sys=0.00, real=0.00 secs] 
2020-09-29T12:27:50.028+0200: 41.355: [GC concurrent-cleanup-start]
2020-09-29T12:27:50.030+0200: 41.356: [GC concurrent-cleanup-end, 0.0012082 secs]
2020-09-29T12:27:50.179+0200: 41.505: [GC pause (G1 Evacuation Pause) (young), 0.1743038 secs]
   [Parallel Time: 172.6 ms, GC Workers: 8]
      [GC Worker Start (ms): Min: 41505.0, Avg: 41505.2, Max: 41505.3, Diff: 0.2]
      [Ext Root Scanning (ms): Min: 0.0, Avg: 0.1, Max: 0.2, Diff: 0.2, Sum: 0.5]
      [Update RS (ms): Min: 17.1, Avg: 17.3, Max: 17.6, Diff: 0.4, Sum: 138.1]
         [Processed Buffers: Min: 14, Avg: 15.8, Max: 18, Diff: 4, Sum: 126]
      [Scan RS (ms): Min: 20.2, Avg: 20.4, Max: 20.5, Diff: 0.3, Sum: 163.3]
      [Code Root Scanning (ms): Min: 0.0, Avg: 0.0, Max: 0.0, Diff: 0.0, Sum: 0.0]
      [Object Copy (ms): Min: 134.2, Avg: 134.3, Max: 134.4, Diff: 0.2, Sum: 1074.8]
      [Termination (ms): Min: 0.0, Avg: 0.1, Max: 0.2, Diff: 0.2, Sum: 1.1]
         [Termination Attempts: Min: 1, Avg: 741.6, Max: 895, Diff: 894, Sum: 5933]
      [GC Worker Other (ms): Min: 0.0, Avg: 0.1, Max: 0.1, Diff: 0.1, Sum: 0.5]
      [GC Worker Total (ms): Min: 172.2, Avg: 172.3, Max: 172.4, Diff: 0.2, Sum: 1378.3]
      [GC Worker End (ms): Min: 41677.4, Avg: 41677.5, Max: 41677.5, Diff: 0.1]
   [Code Root Fixup: 0.0 ms]
   [Code Root Purge: 0.0 ms]
   [Clear CT: 0.5 ms]
   [Other: 1.2 ms]
      [Choose CSet: 0.0 ms]
      [Ref Proc: 0.2 ms]
      [Ref Enq: 0.0 ms]
      [Redirty Cards: 0.5 ms]
      [Humongous Register: 0.0 ms]
      [Humongous Reclaim: 0.0 ms]
      [Free CSet: 0.2 ms]
   [Eden: 252.0M(252.0M)->0.0B(225.0M) Survivors: 7168.0K->33.0M Heap: 312.9M(2048.0M)->307.9M(2048.0M)]
 [Times: user=1.31 sys=0.05, real=0.17 secs] 
2020-09-29T12:27:50.499+0200: 41.825: [GC pause (G1 Evacuation Pause) (young), 0.1738828 secs]
   [Parallel Time: 172.4 ms, GC Workers: 8]
      [GC Worker Start (ms): Min: 41825.0, Avg: 41825.1, Max: 41825.2, Diff: 0.2]
      [Ext Root Scanning (ms): Min: 0.0, Avg: 0.1, Max: 0.1, Diff: 0.1, Sum: 0.7]
      [Update RS (ms): Min: 21.8, Avg: 22.0, Max: 22.3, Diff: 0.5, Sum: 176.3]
         [Processed Buffers: Min: 17, Avg: 19.6, Max: 21, Diff: 4, Sum: 157]
      [Scan RS (ms): Min: 13.3, Avg: 13.5, Max: 13.8, Diff: 0.4, Sum: 108.4]
      [Code Root Scanning (ms): Min: 0.0, Avg: 0.0, Max: 0.0, Diff: 0.0, Sum: 0.0]
      [Object Copy (ms): Min: 136.3, Avg: 136.5, Max: 136.6, Diff: 0.3, Sum: 1091.7]
      [Termination (ms): Min: 0.0, Avg: 0.1, Max: 0.1, Diff: 0.1, Sum: 0.5]
         [Termination Attempts: Min: 1, Avg: 338.5, Max: 444, Diff: 443, Sum: 2708]
      [GC Worker Other (ms): Min: 0.0, Avg: 0.0, Max: 0.1, Diff: 0.1, Sum: 0.3]
      [GC Worker Total (ms): Min: 172.1, Avg: 172.2, Max: 172.3, Diff: 0.2, Sum: 1377.9]
      [GC Worker End (ms): Min: 41997.3, Avg: 41997.3, Max: 41997.4, Diff: 0.1]
   [Code Root Fixup: 0.0 ms]
   [Code Root Purge: 0.0 ms]
   [Clear CT: 0.2 ms]
   [Other: 1.2 ms]
      [Choose CSet: 0.0 ms]
      [Ref Proc: 0.3 ms]
      [Ref Enq: 0.0 ms]
      [Redirty Cards: 0.4 ms]
      [Humongous Register: 0.0 ms]
      [Humongous Reclaim: 0.0 ms]
      [Free CSet: 0.2 ms]
   [Eden: 225.0M(225.0M)->0.0B(226.0M) Survivors: 33.0M->33.0M Heap: 569.1M(2048.0M)->571.1M(2048.0M)]
 [Times: user=1.36 sys=0.02, real=0.17 secs] 
2020-09-29T12:27:50.818+0200: 42.144: [GC pause (G1 Evacuation Pause) (young), 0.1781626 secs]
   [Parallel Time: 177.0 ms, GC Workers: 8]
      [GC Worker Start (ms): Min: 42144.2, Avg: 42144.4, Max: 42144.4, Diff: 0.3]
      [Ext Root Scanning (ms): Min: 0.0, Avg: 0.0, Max: 0.2, Diff: 0.2, Sum: 0.4]
      [Update RS (ms): Min: 15.1, Avg: 15.1, Max: 15.2, Diff: 0.1, Sum: 120.8]
         [Processed Buffers: Min: 13, Avg: 14.6, Max: 17, Diff: 4, Sum: 117]
      [Scan RS (ms): Min: 16.8, Avg: 16.9, Max: 17.2, Diff: 0.4, Sum: 135.3]
      [Code Root Scanning (ms): Min: 0.0, Avg: 0.0, Max: 0.0, Diff: 0.0, Sum: 0.0]
      [Object Copy (ms): Min: 144.0, Avg: 144.4, Max: 144.7, Diff: 0.7, Sum: 1155.0]
      [Termination (ms): Min: 0.0, Avg: 0.2, Max: 0.3, Diff: 0.3, Sum: 1.8]
         [Termination Attempts: Min: 1, Avg: 1266.5, Max: 1643, Diff: 1642, Sum: 10132]
      [GC Worker Other (ms): Min: 0.0, Avg: 0.1, Max: 0.1, Diff: 0.1, Sum: 0.4]
      [GC Worker Total (ms): Min: 176.6, Avg: 176.7, Max: 176.9, Diff: 0.3, Sum: 1413.8]
      [GC Worker End (ms): Min: 42321.0, Avg: 42321.1, Max: 42321.1, Diff: 0.1]
   [Code Root Fixup: 0.0 ms]
   [Code Root Purge: 0.0 ms]
   [Clear CT: 0.2 ms]
   [Other: 1.0 ms]
      [Choose CSet: 0.0 ms]
      [Ref Proc: 0.2 ms]
      [Ref Enq: 0.0 ms]
      [Redirty Cards: 0.3 ms]
      [Humongous Register: 0.1 ms]
      [Humongous Reclaim: 0.0 ms]
      [Free CSet: 0.3 ms]
   [Eden: 226.0M(226.0M)->0.0B(223.0M) Survivors: 33.0M->33.0M Heap: 835.3M(2048.0M)->837.8M(2048.0M)]
 [Times: user=1.28 sys=0.05, real=0.18 secs] 
2020-09-29T12:27:51.145+0200: 42.472: [GC pause (G1 Evacuation Pause) (young), 0.1714174 secs]
   [Parallel Time: 170.3 ms, GC Workers: 8]
      [GC Worker Start (ms): Min: 42471.7, Avg: 42471.8, Max: 42471.9, Diff: 0.2]
      [Ext Root Scanning (ms): Min: 0.0, Avg: 0.1, Max: 0.2, Diff: 0.2, Sum: 0.5]
      [Update RS (ms): Min: 21.5, Avg: 22.0, Max: 22.5, Diff: 1.0, Sum: 176.0]
         [Processed Buffers: Min: 18, Avg: 19.5, Max: 20, Diff: 2, Sum: 156]
      [Scan RS (ms): Min: 12.7, Avg: 13.2, Max: 13.7, Diff: 1.0, Sum: 105.6]
      [Code Root Scanning (ms): Min: 0.0, Avg: 0.0, Max: 0.0, Diff: 0.0, Sum: 0.0]
      [Object Copy (ms): Min: 134.6, Avg: 134.8, Max: 134.8, Diff: 0.2, Sum: 1078.0]
      [Termination (ms): Min: 0.0, Avg: 0.0, Max: 0.0, Diff: 0.0, Sum: 0.0]
         [Termination Attempts: Min: 1, Avg: 17.6, Max: 26, Diff: 25, Sum: 141]
      [GC Worker Other (ms): Min: 0.0, Avg: 0.0, Max: 0.1, Diff: 0.1, Sum: 0.3]
      [GC Worker Total (ms): Min: 170.0, Avg: 170.1, Max: 170.2, Diff: 0.2, Sum: 1360.6]
      [GC Worker End (ms): Min: 42641.8, Avg: 42641.9, Max: 42641.9, Diff: 0.1]
   [Code Root Fixup: 0.0 ms]
   [Code Root Purge: 0.0 ms]
   [Clear CT: 0.2 ms]
   [Other: 0.9 ms]
      [Choose CSet: 0.0 ms]
      [Ref Proc: 0.2 ms]
      [Ref Enq: 0.0 ms]
      [Redirty Cards: 0.3 ms]
      [Humongous Register: 0.0 ms]
      [Humongous Reclaim: 0.0 ms]
      [Free CSet: 0.2 ms]
   [Eden: 223.0M(223.0M)->0.0B(228.0M) Survivors: 33.0M->32.0M Heap: 1097.0M(2048.0M)->1098.5M(2048.0M)]
 [Times: user=1.23 sys=0.06, real=0.17 secs] 
2020-09-29T12:27:51.327+0200: 42.654: [GC pause (G1 Humongous Allocation) (young) (initial-mark), 0.0641013 secs]
   [Parallel Time: 63.1 ms, GC Workers: 8]
      [GC Worker Start (ms): Min: 42653.8, Avg: 42653.8, Max: 42653.9, Diff: 0.1]
      [Ext Root Scanning (ms): Min: 0.0, Avg: 0.1, Max: 0.2, Diff: 0.1, Sum: 0.9]
      [Update RS (ms): Min: 27.7, Avg: 27.9, Max: 28.2, Diff: 0.5, Sum: 223.3]
         [Processed Buffers: Min: 25, Avg: 28.3, Max: 31, Diff: 6, Sum: 226]
      [Scan RS (ms): Min: 2.1, Avg: 2.4, Max: 2.7, Diff: 0.5, Sum: 19.2]
      [Code Root Scanning (ms): Min: 0.0, Avg: 0.0, Max: 0.0, Diff: 0.0, Sum: 0.0]
      [Object Copy (ms): Min: 32.0, Avg: 32.1, Max: 32.4, Diff: 0.4, Sum: 256.5]
      [Termination (ms): Min: 0.0, Avg: 0.4, Max: 0.4, Diff: 0.4, Sum: 3.0]
         [Termination Attempts: Min: 1, Avg: 1874.8, Max: 2205, Diff: 2204, Sum: 14998]
      [GC Worker Other (ms): Min: 0.0, Avg: 0.0, Max: 0.0, Diff: 0.0, Sum: 0.2]
      [GC Worker Total (ms): Min: 62.8, Avg: 62.9, Max: 63.0, Diff: 0.1, Sum: 503.1]
      [GC Worker End (ms): Min: 42716.7, Avg: 42716.7, Max: 42716.7, Diff: 0.0]
   [Code Root Fixup: 0.0 ms]
   [Code Root Purge: 0.0 ms]
   [Clear CT: 0.2 ms]
   [Other: 0.8 ms]
      [Choose CSet: 0.0 ms]
      [Ref Proc: 0.2 ms]
      [Ref Enq: 0.0 ms]
      [Redirty Cards: 0.2 ms]
      [Humongous Register: 0.0 ms]
      [Humongous Reclaim: 0.0 ms]
      [Free CSet: 0.1 ms]
   [Eden: 2048.0K(228.0M)->0.0B(205.0M) Survivors: 32.0M->3072.0K Heap: 1100.0M(2048.0M)->1103.0M(2048.0M)]
 [Times: user=0.47 sys=0.02, real=0.07 secs] 
2020-09-29T12:27:51.392+0200: 42.718: [GC concurrent-root-region-scan-start]
2020-09-29T12:27:51.392+0200: 42.718: [GC concurrent-root-region-scan-end, 0.0003615 secs]
2020-09-29T12:27:51.392+0200: 42.718: [GC concurrent-mark-start]
2020-09-29T12:27:51.395+0200: 42.721: [GC concurrent-mark-end, 0.0029063 secs]
2020-09-29T12:27:51.395+0200: 42.722: [GC remark 2020-09-29T12:27:51.395+0200: 42.722: [Finalize Marking, 0.0001478 secs] 2020-09-29T12:27:51.395+0200: 42.722: [GC ref-proc, 0.0003439 secs] 2020-09-29T12:27:51.396+0200: 42.722: [Unloading, 0.0005128 secs], 0.0013121 secs]
 [Times: user=0.00 sys=0.02, real=0.00 secs] 
2020-09-29T12:27:51.397+0200: 42.723: [GC cleanup 1110M->20M(2048M), 0.0011848 secs]
 [Times: user=0.00 sys=0.00, real=0.00 secs] 
2020-09-29T12:27:51.398+0200: 42.724: [GC concurrent-cleanup-start]
2020-09-29T12:27:51.400+0200: 42.726: [GC concurrent-cleanup-end, 0.0015098 secs]
2020-09-29T12:27:51.521+0200: 42.847: [GC pause (G1 Evacuation Pause) (young), 0.1390862 secs]
   [Parallel Time: 137.6 ms, GC Workers: 8]
      [GC Worker Start (ms): Min: 42847.4, Avg: 42847.5, Max: 42847.6, Diff: 0.2]
      [Ext Root Scanning (ms): Min: 0.0, Avg: 0.1, Max: 0.2, Diff: 0.2, Sum: 0.5]
      [Update RS (ms): Min: 13.7, Avg: 14.2, Max: 14.6, Diff: 0.9, Sum: 113.5]
         [Processed Buffers: Min: 11, Avg: 11.8, Max: 13, Diff: 2, Sum: 94]
      [Scan RS (ms): Min: 16.2, Avg: 16.7, Max: 17.1, Diff: 0.8, Sum: 133.4]
      [Code Root Scanning (ms): Min: 0.0, Avg: 0.0, Max: 0.0, Diff: 0.0, Sum: 0.0]
      [Object Copy (ms): Min: 106.2, Avg: 106.4, Max: 106.4, Diff: 0.3, Sum: 850.8]
      [Termination (ms): Min: 0.0, Avg: 0.1, Max: 0.1, Diff: 0.1, Sum: 0.5]
         [Termination Attempts: Min: 1, Avg: 123.6, Max: 154, Diff: 153, Sum: 989]
      [GC Worker Other (ms): Min: 0.0, Avg: 0.0, Max: 0.1, Diff: 0.1, Sum: 0.2]
      [GC Worker Total (ms): Min: 137.3, Avg: 137.4, Max: 137.5, Diff: 0.2, Sum: 1098.9]
      [GC Worker End (ms): Min: 42984.8, Avg: 42984.9, Max: 42984.9, Diff: 0.0]
   [Code Root Fixup: 0.0 ms]
   [Code Root Purge: 0.0 ms]
   [Clear CT: 0.2 ms]
   [Other: 1.3 ms]
      [Choose CSet: 0.0 ms]
      [Ref Proc: 0.3 ms]
      [Ref Enq: 0.0 ms]
      [Redirty Cards: 0.2 ms]
      [Humongous Register: 0.0 ms]
      [Humongous Reclaim: 0.0 ms]
      [Free CSet: 0.2 ms]
   [Eden: 205.0M(205.0M)->0.0B(196.0M) Survivors: 3072.0K->26.0M Heap: 252.3M(2048.0M)->251.3M(2048.0M)]
 [Times: user=0.94 sys=0.05, real=0.14 secs] 
2020-09-29T12:27:51.783+0200: 43.109: [GC pause (G1 Evacuation Pause) (young), 0.1478161 secs]
   [Parallel Time: 146.6 ms, GC Workers: 8]
      [GC Worker Start (ms): Min: 43109.6, Avg: 43109.7, Max: 43109.7, Diff: 0.1]
      [Ext Root Scanning (ms): Min: 0.0, Avg: 0.1, Max: 0.2, Diff: 0.1, Sum: 0.7]
      [Update RS (ms): Min: 20.7, Avg: 20.9, Max: 21.2, Diff: 0.4, Sum: 167.0]
         [Processed Buffers: Min: 18, Avg: 19.6, Max: 22, Diff: 4, Sum: 157]
      [Scan RS (ms): Min: 9.9, Avg: 10.2, Max: 10.5, Diff: 0.6, Sum: 81.5]
      [Code Root Scanning (ms): Min: 0.0, Avg: 0.0, Max: 0.0, Diff: 0.0, Sum: 0.0]
      [Object Copy (ms): Min: 114.9, Avg: 115.0, Max: 115.1, Diff: 0.2, Sum: 919.9]
      [Termination (ms): Min: 0.0, Avg: 0.2, Max: 0.3, Diff: 0.3, Sum: 1.7]
         [Termination Attempts: Min: 1, Avg: 971.5, Max: 1170, Diff: 1169, Sum: 7772]
      [GC Worker Other (ms): Min: 0.0, Avg: 0.0, Max: 0.1, Diff: 0.0, Sum: 0.3]
      [GC Worker Total (ms): Min: 146.3, Avg: 146.4, Max: 146.4, Diff: 0.1, Sum: 1170.9]
      [GC Worker End (ms): Min: 43256.0, Avg: 43256.0, Max: 43256.1, Diff: 0.0]
   [Code Root Fixup: 0.0 ms]
   [Code Root Purge: 0.0 ms]
   [Clear CT: 0.2 ms]
   [Other: 1.0 ms]
      [Choose CSet: 0.0 ms]
      [Ref Proc: 0.2 ms]
      [Ref Enq: 0.0 ms]
      [Redirty Cards: 0.3 ms]
      [Humongous Register: 0.0 ms]
      [Humongous Reclaim: 0.0 ms]
      [Free CSet: 0.2 ms]
   [Eden: 196.0M(196.0M)->0.0B(207.0M) Survivors: 26.0M->28.0M Heap: 481.7M(2048.0M)->484.2M(2048.0M)]
 [Times: user=1.25 sys=0.00, real=0.15 secs] 
2020-09-29T12:27:52.059+0200: 43.385: [GC pause (G1 Evacuation Pause) (young), 0.1571509 secs]
   [Parallel Time: 156.0 ms, GC Workers: 8]
      [GC Worker Start (ms): Min: 43385.5, Avg: 43385.6, Max: 43385.7, Diff: 0.2]
      [Ext Root Scanning (ms): Min: 0.0, Avg: 0.1, Max: 0.2, Diff: 0.2, Sum: 0.6]
      [Update RS (ms): Min: 16.9, Avg: 17.0, Max: 17.5, Diff: 0.7, Sum: 136.2]
         [Processed Buffers: Min: 14, Avg: 16.4, Max: 20, Diff: 6, Sum: 131]
      [Scan RS (ms): Min: 12.8, Avg: 13.2, Max: 13.3, Diff: 0.5, Sum: 105.2]
      [Code Root Scanning (ms): Min: 0.0, Avg: 0.0, Max: 0.0, Diff: 0.0, Sum: 0.0]
      [Object Copy (ms): Min: 125.1, Avg: 125.3, Max: 125.5, Diff: 0.5, Sum: 1002.6]
      [Termination (ms): Min: 0.0, Avg: 0.1, Max: 0.2, Diff: 0.2, Sum: 1.1]
         [Termination Attempts: Min: 1, Avg: 709.4, Max: 1028, Diff: 1027, Sum: 5675]
      [GC Worker Other (ms): Min: 0.0, Avg: 0.0, Max: 0.1, Diff: 0.0, Sum: 0.3]
      [GC Worker Total (ms): Min: 155.7, Avg: 155.8, Max: 155.9, Diff: 0.2, Sum: 1246.1]
      [GC Worker End (ms): Min: 43541.3, Avg: 43541.4, Max: 43541.4, Diff: 0.0]
   [Code Root Fixup: 0.0 ms]
   [Code Root Purge: 0.0 ms]
   [Clear CT: 0.2 ms]
   [Other: 0.9 ms]
      [Choose CSet: 0.0 ms]
      [Ref Proc: 0.2 ms]
      [Ref Enq: 0.0 ms]
      [Redirty Cards: 0.3 ms]
      [Humongous Register: 0.0 ms]
      [Humongous Reclaim: 0.0 ms]
      [Free CSet: 0.2 ms]
   [Eden: 207.0M(207.0M)->0.0B(215.0M) Survivors: 28.0M->30.0M Heap: 725.5M(2048.0M)->727.0M(2048.0M)]
 [Times: user=1.25 sys=0.00, real=0.16 secs] 
2020-09-29T12:27:52.366+0200: 43.693: [GC pause (G1 Evacuation Pause) (young), 0.2049938 secs]
   [Parallel Time: 203.5 ms, GC Workers: 8]
      [GC Worker Start (ms): Min: 43692.8, Avg: 43696.8, Max: 43724.8, Diff: 32.1]
      [Ext Root Scanning (ms): Min: 0.0, Avg: 0.1, Max: 0.2, Diff: 0.2, Sum: 0.7]
      [Update RS (ms): Min: 0.0, Avg: 16.8, Max: 19.6, Diff: 19.6, Sum: 134.2]
         [Processed Buffers: Min: 0, Avg: 13.9, Max: 18, Diff: 18, Sum: 111]
      [Scan RS (ms): Min: 5.1, Avg: 18.3, Max: 33.9, Diff: 28.8, Sum: 146.2]
      [Code Root Scanning (ms): Min: 0.0, Avg: 0.0, Max: 0.0, Diff: 0.0, Sum: 0.0]
      [Object Copy (ms): Min: 150.3, Avg: 164.0, Max: 166.0, Diff: 15.7, Sum: 1311.7]
      [Termination (ms): Min: 0.0, Avg: 0.0, Max: 0.1, Diff: 0.1, Sum: 0.3]
         [Termination Attempts: Min: 1, Avg: 191.5, Max: 247, Diff: 246, Sum: 1532]
      [GC Worker Other (ms): Min: 0.0, Avg: 0.0, Max: 0.1, Diff: 0.1, Sum: 0.4]
      [GC Worker Total (ms): Min: 171.2, Avg: 199.2, Max: 203.3, Diff: 32.1, Sum: 1593.5]
      [GC Worker End (ms): Min: 43896.0, Avg: 43896.0, Max: 43896.1, Diff: 0.1]
   [Code Root Fixup: 0.0 ms]
   [Code Root Purge: 0.0 ms]
   [Clear CT: 0.2 ms]
   [Other: 1.3 ms]
      [Choose CSet: 0.0 ms]
      [Ref Proc: 0.2 ms]
      [Ref Enq: 0.0 ms]
      [Redirty Cards: 0.5 ms]
      [Humongous Register: 0.0 ms]
      [Humongous Reclaim: 0.0 ms]
      [Free CSet: 0.3 ms]
   [Eden: 215.0M(215.0M)->0.0B(197.0M) Survivors: 30.0M->31.0M Heap: 976.3M(2048.0M)->978.3M(2048.0M)]
 [Times: user=1.58 sys=0.00, real=0.21 secs] 
2020-09-29T12:27:52.585+0200: 43.911: [GC pause (G1 Humongous Allocation) (young) (initial-mark), 0.0607352 secs]
   [Parallel Time: 59.7 ms, GC Workers: 8]
      [GC Worker Start (ms): Min: 43911.4, Avg: 43911.6, Max: 43911.7, Diff: 0.3]
      [Ext Root Scanning (ms): Min: 0.0, Avg: 2.7, Max: 20.1, Diff: 20.1, Sum: 21.8]
      [Update RS (ms): Min: 13.2, Avg: 31.0, Max: 34.7, Diff: 21.5, Sum: 248.4]
         [Processed Buffers: Min: 13, Avg: 26.3, Max: 31, Diff: 18, Sum: 210]
      [Scan RS (ms): Min: 1.8, Avg: 4.9, Max: 18.1, Diff: 16.4, Sum: 39.5]
      [Code Root Scanning (ms): Min: 0.0, Avg: 0.0, Max: 0.0, Diff: 0.0, Sum: 0.0]
      [Object Copy (ms): Min: 6.9, Avg: 20.5, Max: 22.4, Diff: 15.5, Sum: 163.7]
      [Termination (ms): Min: 0.0, Avg: 0.1, Max: 0.1, Diff: 0.1, Sum: 0.5]
         [Termination Attempts: Min: 1, Avg: 37.1, Max: 57, Diff: 56, Sum: 297]
      [GC Worker Other (ms): Min: 0.0, Avg: 0.0, Max: 0.0, Diff: 0.0, Sum: 0.1]
      [GC Worker Total (ms): Min: 59.1, Avg: 59.2, Max: 59.4, Diff: 0.3, Sum: 473.9]
      [GC Worker End (ms): Min: 43970.8, Avg: 43970.8, Max: 43970.8, Diff: 0.0]
   [Code Root Fixup: 0.0 ms]
   [Code Root Purge: 0.0 ms]
   [Clear CT: 0.2 ms]
   [Other: 0.9 ms]
      [Choose CSet: 0.0 ms]
      [Ref Proc: 0.2 ms]
      [Ref Enq: 0.0 ms]
      [Redirty Cards: 0.2 ms]
      [Humongous Register: 0.1 ms]
      [Humongous Reclaim: 0.0 ms]
      [Free CSet: 0.1 ms]
   [Eden: 2048.0K(197.0M)->0.0B(221.0M) Survivors: 31.0M->3072.0K Heap: 979.8M(2048.0M)->982.8M(2048.0M)]
 [Times: user=0.34 sys=0.00, real=0.06 secs] 
2020-09-29T12:27:52.646+0200: 43.972: [GC concurrent-root-region-scan-start]
2020-09-29T12:27:52.647+0200: 43.973: [GC concurrent-root-region-scan-end, 0.0006826 secs]
2020-09-29T12:27:52.647+0200: 43.973: [GC concurrent-mark-start]
2020-09-29T12:27:52.651+0200: 43.977: [GC concurrent-mark-end, 0.0044511 secs]
2020-09-29T12:27:52.651+0200: 43.978: [GC remark 2020-09-29T12:27:52.651+0200: 43.978: [Finalize Marking, 0.0002686 secs] 2020-09-29T12:27:52.652+0200: 43.978: [GC ref-proc, 0.0004799 secs] 2020-09-29T12:27:52.652+0200: 43.978: [Unloading, 0.0006036 secs], 0.0018263 secs]
 [Times: user=0.00 sys=0.00, real=0.00 secs] 
2020-09-29T12:27:52.654+0200: 43.980: [GC cleanup 992M->22M(2048M), 0.0022336 secs]
 [Times: user=0.00 sys=0.00, real=0.00 secs] 
2020-09-29T12:27:52.655+0200: 43.982: [GC concurrent-cleanup-start]
2020-09-29T12:27:52.657+0200: 43.984: [GC concurrent-cleanup-end, 0.0017596 secs]
2020-09-29T12:27:52.801+0200: 44.127: [GC pause (G1 Evacuation Pause) (young), 0.1556127 secs]
   [Parallel Time: 154.4 ms, GC Workers: 8]
      [GC Worker Start (ms): Min: 44127.4, Avg: 44127.5, Max: 44127.6, Diff: 0.2]
      [Ext Root Scanning (ms): Min: 0.0, Avg: 0.1, Max: 0.2, Diff: 0.2, Sum: 0.7]
      [Update RS (ms): Min: 15.1, Avg: 15.1, Max: 15.3, Diff: 0.2, Sum: 121.2]
         [Processed Buffers: Min: 12, Avg: 13.8, Max: 16, Diff: 4, Sum: 110]
      [Scan RS (ms): Min: 13.7, Avg: 13.8, Max: 13.9, Diff: 0.2, Sum: 110.2]
      [Code Root Scanning (ms): Min: 0.0, Avg: 0.0, Max: 0.0, Diff: 0.0, Sum: 0.0]
      [Object Copy (ms): Min: 125.0, Avg: 125.1, Max: 125.1, Diff: 0.1, Sum: 1000.4]
      [Termination (ms): Min: 0.0, Avg: 0.0, Max: 0.0, Diff: 0.0, Sum: 0.1]
         [Termination Attempts: Min: 1, Avg: 62.9, Max: 83, Diff: 82, Sum: 503]
      [GC Worker Other (ms): Min: 0.0, Avg: 0.0, Max: 0.1, Diff: 0.0, Sum: 0.3]
      [GC Worker Total (ms): Min: 154.0, Avg: 154.1, Max: 154.3, Diff: 0.2, Sum: 1233.0]
      [GC Worker End (ms): Min: 44281.6, Avg: 44281.6, Max: 44281.7, Diff: 0.0]
   [Code Root Fixup: 0.0 ms]
   [Code Root Purge: 0.0 ms]
   [Clear CT: 0.2 ms]
   [Other: 1.0 ms]
      [Choose CSet: 0.0 ms]
      [Ref Proc: 0.2 ms]
      [Ref Enq: 0.0 ms]
      [Redirty Cards: 0.3 ms]
      [Humongous Register: 0.0 ms]
      [Humongous Reclaim: 0.0 ms]
      [Free CSet: 0.2 ms]
   [Eden: 221.0M(221.0M)->0.0B(207.0M) Survivors: 3072.0K->28.0M Heap: 271.6M(2048.0M)->271.6M(2048.0M)]
 [Times: user=1.23 sys=0.00, real=0.16 secs] 
2020-09-29T12:27:53.103+0200: 44.430: [GC pause (G1 Evacuation Pause) (young), 0.1627306 secs]
   [Parallel Time: 161.4 ms, GC Workers: 8]
      [GC Worker Start (ms): Min: 44429.8, Avg: 44429.9, Max: 44430.0, Diff: 0.2]
      [Ext Root Scanning (ms): Min: 0.0, Avg: 0.1, Max: 0.2, Diff: 0.2, Sum: 0.7]
      [Update RS (ms): Min: 17.2, Avg: 17.5, Max: 18.2, Diff: 0.9, Sum: 139.6]
         [Processed Buffers: Min: 13, Avg: 14.8, Max: 17, Diff: 4, Sum: 118]
      [Scan RS (ms): Min: 14.2, Avg: 14.7, Max: 14.9, Diff: 0.7, Sum: 117.7]
      [Code Root Scanning (ms): Min: 0.0, Avg: 0.0, Max: 0.0, Diff: 0.0, Sum: 0.0]
      [Object Copy (ms): Min: 128.7, Avg: 128.8, Max: 129.0, Diff: 0.3, Sum: 1030.7]
      [Termination (ms): Min: 0.0, Avg: 0.0, Max: 0.0, Diff: 0.0, Sum: 0.0]
         [Termination Attempts: Min: 1, Avg: 18.3, Max: 30, Diff: 29, Sum: 146]
      [GC Worker Other (ms): Min: 0.0, Avg: 0.0, Max: 0.1, Diff: 0.1, Sum: 0.3]
      [GC Worker Total (ms): Min: 161.0, Avg: 161.1, Max: 161.3, Diff: 0.2, Sum: 1289.1]
      [GC Worker End (ms): Min: 44591.0, Avg: 44591.0, Max: 44591.1, Diff: 0.1]
   [Code Root Fixup: 0.0 ms]
   [Code Root Purge: 0.0 ms]
   [Clear CT: 0.2 ms]
   [Other: 1.1 ms]
      [Choose CSet: 0.0 ms]
      [Ref Proc: 0.3 ms]
      [Ref Enq: 0.0 ms]
      [Redirty Cards: 0.4 ms]
      [Humongous Register: 0.0 ms]
      [Humongous Reclaim: 0.0 ms]
      [Free CSet: 0.2 ms]
   [Eden: 207.0M(207.0M)->0.0B(210.0M) Survivors: 28.0M->30.0M Heap: 513.0M(2048.0M)->515.0M(2048.0M)]
 [Times: user=1.25 sys=0.00, real=0.16 secs] 
2020-09-29T12:27:53.411+0200: 44.738: [GC pause (G1 Evacuation Pause) (young), 0.1648653 secs]
   [Parallel Time: 163.8 ms, GC Workers: 8]
      [GC Worker Start (ms): Min: 44738.0, Avg: 44738.1, Max: 44738.2, Diff: 0.2]
      [Ext Root Scanning (ms): Min: 0.0, Avg: 0.1, Max: 0.2, Diff: 0.2, Sum: 0.6]
      [Update RS (ms): Min: 20.9, Avg: 21.3, Max: 21.8, Diff: 0.8, Sum: 170.2]
         [Processed Buffers: Min: 17, Avg: 17.8, Max: 19, Diff: 2, Sum: 142]
      [Scan RS (ms): Min: 12.4, Avg: 12.9, Max: 13.3, Diff: 0.8, Sum: 103.0]
      [Code Root Scanning (ms): Min: 0.0, Avg: 0.0, Max: 0.0, Diff: 0.0, Sum: 0.0]
      [Object Copy (ms): Min: 129.2, Avg: 129.3, Max: 129.3, Diff: 0.1, Sum: 1034.1]
      [Termination (ms): Min: 0.0, Avg: 0.0, Max: 0.0, Diff: 0.0, Sum: 0.1]
         [Termination Attempts: Min: 1, Avg: 44.9, Max: 64, Diff: 63, Sum: 359]
      [GC Worker Other (ms): Min: 0.0, Avg: 0.0, Max: 0.1, Diff: 0.1, Sum: 0.4]
      [GC Worker Total (ms): Min: 163.5, Avg: 163.5, Max: 163.7, Diff: 0.2, Sum: 1308.3]
      [GC Worker End (ms): Min: 44901.6, Avg: 44901.7, Max: 44901.7, Diff: 0.1]
   [Code Root Fixup: 0.0 ms]
   [Code Root Purge: 0.0 ms]
   [Clear CT: 0.2 ms]
   [Other: 0.9 ms]
      [Choose CSet: 0.0 ms]
      [Ref Proc: 0.2 ms]
      [Ref Enq: 0.0 ms]
      [Redirty Cards: 0.1 ms]
      [Humongous Register: 0.0 ms]
      [Humongous Reclaim: 0.0 ms]
      [Free CSet: 0.2 ms]
   [Eden: 210.0M(210.0M)->0.0B(216.0M) Survivors: 30.0M->30.0M Heap: 759.3M(2048.0M)->761.3M(2048.0M)]
 [Times: user=1.25 sys=0.00, real=0.17 secs] 
2020-09-29T12:27:53.736+0200: 45.063: [GC pause (G1 Evacuation Pause) (young), 0.1680186 secs]
   [Parallel Time: 166.5 ms, GC Workers: 8]
      [GC Worker Start (ms): Min: 45062.7, Avg: 45062.9, Max: 45062.9, Diff: 0.2]
      [Ext Root Scanning (ms): Min: 0.0, Avg: 0.1, Max: 0.2, Diff: 0.2, Sum: 0.6]
      [Update RS (ms): Min: 17.0, Avg: 17.3, Max: 17.8, Diff: 0.8, Sum: 138.1]
         [Processed Buffers: Min: 13, Avg: 14.5, Max: 16, Diff: 3, Sum: 116]
      [Scan RS (ms): Min: 15.7, Avg: 16.2, Max: 16.5, Diff: 0.8, Sum: 129.8]
      [Code Root Scanning (ms): Min: 0.0, Avg: 0.0, Max: 0.0, Diff: 0.0, Sum: 0.0]
      [Object Copy (ms): Min: 132.5, Avg: 132.5, Max: 132.6, Diff: 0.1, Sum: 1060.2]
      [Termination (ms): Min: 0.0, Avg: 0.0, Max: 0.1, Diff: 0.1, Sum: 0.4]
         [Termination Attempts: Min: 1, Avg: 227.9, Max: 282, Diff: 281, Sum: 1823]
      [GC Worker Other (ms): Min: 0.0, Avg: 0.1, Max: 0.1, Diff: 0.1, Sum: 0.4]
      [GC Worker Total (ms): Min: 166.1, Avg: 166.2, Max: 166.4, Diff: 0.3, Sum: 1329.6]
      [GC Worker End (ms): Min: 45229.0, Avg: 45229.1, Max: 45229.1, Diff: 0.1]
   [Code Root Fixup: 0.0 ms]
   [Code Root Purge: 0.0 ms]
   [Clear CT: 0.2 ms]
   [Other: 1.3 ms]
      [Choose CSet: 0.0 ms]
      [Ref Proc: 0.3 ms]
      [Ref Enq: 0.0 ms]
      [Redirty Cards: 0.4 ms]
      [Humongous Register: 0.0 ms]
      [Humongous Reclaim: 0.0 ms]
      [Free CSet: 0.3 ms]
   [Eden: 216.0M(216.0M)->0.0B(219.0M) Survivors: 30.0M->31.0M Heap: 1013.6M(2048.0M)->1015.6M(2048.0M)]
 [Times: user=1.30 sys=0.03, real=0.17 secs] 
2020-09-29T12:27:53.914+0200: 45.240: [GC pause (G1 Humongous Allocation) (young) (initial-mark), 0.0738793 secs]
   [Parallel Time: 72.7 ms, GC Workers: 8]
      [GC Worker Start (ms): Min: 45240.3, Avg: 45240.4, Max: 45240.5, Diff: 0.2]
      [Ext Root Scanning (ms): Min: 0.0, Avg: 1.6, Max: 6.1, Diff: 6.1, Sum: 13.0]
      [Update RS (ms): Min: 30.6, Avg: 35.4, Max: 37.2, Diff: 6.6, Sum: 283.1]
         [Processed Buffers: Min: 25, Avg: 31.0, Max: 34, Diff: 9, Sum: 248]
      [Scan RS (ms): Min: 2.3, Avg: 2.7, Max: 3.1, Diff: 0.8, Sum: 21.5]
      [Code Root Scanning (ms): Min: 0.0, Avg: 0.0, Max: 0.0, Diff: 0.0, Sum: 0.0]
      [Object Copy (ms): Min: 32.4, Avg: 32.5, Max: 32.8, Diff: 0.4, Sum: 260.3]
      [Termination (ms): Min: 0.0, Avg: 0.3, Max: 0.3, Diff: 0.3, Sum: 2.0]
         [Termination Attempts: Min: 1, Avg: 1250.3, Max: 1490, Diff: 1489, Sum: 10002]
      [GC Worker Other (ms): Min: 0.0, Avg: 0.0, Max: 0.0, Diff: 0.0, Sum: 0.2]
      [GC Worker Total (ms): Min: 72.4, Avg: 72.5, Max: 72.6, Diff: 0.2, Sum: 580.2]
      [GC Worker End (ms): Min: 45312.9, Avg: 45312.9, Max: 45313.0, Diff: 0.0]
   [Code Root Fixup: 0.0 ms]
   [Code Root Purge: 0.0 ms]
   [Clear CT: 0.3 ms]
   [Other: 0.9 ms]
      [Choose CSet: 0.0 ms]
      [Ref Proc: 0.2 ms]
      [Ref Enq: 0.0 ms]
      [Redirty Cards: 0.2 ms]
      [Humongous Register: 0.1 ms]
      [Humongous Reclaim: 0.0 ms]
      [Free CSet: 0.1 ms]
   [Eden: 5120.0K(219.0M)->0.0B(200.0M) Survivors: 31.0M->6144.0K Heap: 1020.1M(2048.0M)->1024.1M(2048.0M)]
 [Times: user=0.48 sys=0.00, real=0.07 secs] 
2020-09-29T12:27:53.988+0200: 45.314: [GC concurrent-root-region-scan-start]
2020-09-29T12:27:53.990+0200: 45.316: [GC concurrent-root-region-scan-end, 0.0018972 secs]
2020-09-29T12:27:53.990+0200: 45.316: [GC concurrent-mark-start]
2020-09-29T12:27:53.993+0200: 45.320: [GC concurrent-mark-end, 0.0038071 secs]
2020-09-29T12:27:53.994+0200: 45.320: [GC remark 2020-09-29T12:27:53.994+0200: 45.320: [Finalize Marking, 0.0002754 secs] 2020-09-29T12:27:53.994+0200: 45.320: [GC ref-proc, 0.0004763 secs] 2020-09-29T12:27:53.994+0200: 45.321: [Unloading, 0.0006204 secs], 0.0018179 secs]
 [Times: user=0.00 sys=0.00, real=0.00 secs] 
2020-09-29T12:27:53.996+0200: 45.322: [GC cleanup 1033M->25M(2048M), 0.0015274 secs]
 [Times: user=0.00 sys=0.00, real=0.00 secs] 
2020-09-29T12:27:53.998+0200: 45.324: [GC concurrent-cleanup-start]
2020-09-29T12:27:53.999+0200: 45.326: [GC concurrent-cleanup-end, 0.0016012 secs]
2020-09-29T12:27:54.125+0200: 45.452: [GC pause (G1 Evacuation Pause) (young), 0.1533824 secs]
   [Parallel Time: 151.9 ms, GC Workers: 8]
      [GC Worker Start (ms): Min: 45452.0, Avg: 45452.1, Max: 45452.2, Diff: 0.2]
      [Ext Root Scanning (ms): Min: 0.0, Avg: 0.1, Max: 0.2, Diff: 0.2, Sum: 0.7]
      [Update RS (ms): Min: 23.3, Avg: 23.6, Max: 24.5, Diff: 1.1, Sum: 188.8]
         [Processed Buffers: Min: 16, Avg: 18.1, Max: 20, Diff: 4, Sum: 145]
      [Scan RS (ms): Min: 12.0, Avg: 14.2, Max: 23.5, Diff: 11.4, Sum: 113.4]
      [Code Root Scanning (ms): Min: 0.0, Avg: 0.0, Max: 0.0, Diff: 0.0, Sum: 0.0]
      [Object Copy (ms): Min: 104.5, Avg: 113.7, Max: 115.1, Diff: 10.6, Sum: 909.7]
      [Termination (ms): Min: 0.0, Avg: 0.0, Max: 0.0, Diff: 0.0, Sum: 0.1]
         [Termination Attempts: Min: 1, Avg: 78.1, Max: 95, Diff: 94, Sum: 625]
      [GC Worker Other (ms): Min: 0.0, Avg: 0.0, Max: 0.1, Diff: 0.1, Sum: 0.3]
      [GC Worker Total (ms): Min: 151.5, Avg: 151.6, Max: 151.8, Diff: 0.2, Sum: 1212.9]
      [GC Worker End (ms): Min: 45603.7, Avg: 45603.7, Max: 45603.8, Diff: 0.1]
   [Code Root Fixup: 0.0 ms]
   [Code Root Purge: 0.0 ms]
   [Clear CT: 0.3 ms]
   [Other: 1.1 ms]
      [Choose CSet: 0.0 ms]
      [Ref Proc: 0.2 ms]
      [Ref Enq: 0.0 ms]
      [Redirty Cards: 0.5 ms]
      [Humongous Register: 0.0 ms]
      [Humongous Reclaim: 0.0 ms]
      [Free CSet: 0.1 ms]
   [Eden: 200.0M(200.0M)->0.0B(188.0M) Survivors: 6144.0K->26.0M Heap: 250.3M(2048.0M)->245.8M(2048.0M)]
 [Times: user=1.19 sys=0.05, real=0.15 secs] 
2020-09-29T12:27:54.410+0200: 45.737: [GC pause (G1 Evacuation Pause) (young), 0.1514203 secs]
   [Parallel Time: 150.0 ms, GC Workers: 8]
      [GC Worker Start (ms): Min: 45737.0, Avg: 45737.1, Max: 45737.2, Diff: 0.2]
      [Ext Root Scanning (ms): Min: 0.0, Avg: 0.1, Max: 0.2, Diff: 0.2, Sum: 0.6]
      [Update RS (ms): Min: 15.7, Avg: 15.9, Max: 16.2, Diff: 0.6, Sum: 127.3]
         [Processed Buffers: Min: 13, Avg: 13.4, Max: 14, Diff: 1, Sum: 107]
      [Scan RS (ms): Min: 12.4, Avg: 12.8, Max: 13.1, Diff: 0.7, Sum: 102.4]
      [Code Root Scanning (ms): Min: 0.0, Avg: 0.0, Max: 0.0, Diff: 0.0, Sum: 0.0]
      [Object Copy (ms): Min: 120.8, Avg: 120.8, Max: 121.0, Diff: 0.2, Sum: 966.8]
      [Termination (ms): Min: 0.0, Avg: 0.1, Max: 0.1, Diff: 0.1, Sum: 0.8]
         [Termination Attempts: Min: 1, Avg: 511.3, Max: 622, Diff: 621, Sum: 4090]
      [GC Worker Other (ms): Min: 0.0, Avg: 0.0, Max: 0.1, Diff: 0.1, Sum: 0.3]
      [GC Worker Total (ms): Min: 149.7, Avg: 149.8, Max: 149.9, Diff: 0.2, Sum: 1198.1]
      [GC Worker End (ms): Min: 45886.8, Avg: 45886.9, Max: 45886.9, Diff: 0.1]
   [Code Root Fixup: 0.0 ms]
   [Code Root Purge: 0.0 ms]
   [Clear CT: 0.3 ms]
   [Other: 1.1 ms]
      [Choose CSet: 0.0 ms]
      [Ref Proc: 0.3 ms]
      [Ref Enq: 0.0 ms]
      [Redirty Cards: 0.3 ms]
      [Humongous Register: 0.0 ms]
      [Humongous Reclaim: 0.0 ms]
      [Free CSet: 0.2 ms]
   [Eden: 188.0M(188.0M)->0.0B(197.0M) Survivors: 26.0M->27.0M Heap: 464.4M(2048.0M)->466.4M(2048.0M)]
 [Times: user=1.13 sys=0.02, real=0.15 secs] 
2020-09-29T12:27:54.696+0200: 46.022: [GC pause (G1 Evacuation Pause) (young), 0.1639112 secs]
   [Parallel Time: 162.6 ms, GC Workers: 8]
      [GC Worker Start (ms): Min: 46022.4, Avg: 46022.4, Max: 46022.5, Diff: 0.2]
      [Ext Root Scanning (ms): Min: 0.0, Avg: 0.1, Max: 0.2, Diff: 0.2, Sum: 0.6]
      [Update RS (ms): Min: 21.6, Avg: 21.6, Max: 21.7, Diff: 0.2, Sum: 172.9]
         [Processed Buffers: Min: 15, Avg: 17.9, Max: 22, Diff: 7, Sum: 143]
      [Scan RS (ms): Min: 12.1, Avg: 12.4, Max: 12.9, Diff: 0.8, Sum: 99.1]
      [Code Root Scanning (ms): Min: 0.0, Avg: 0.0, Max: 0.0, Diff: 0.0, Sum: 0.0]
      [Object Copy (ms): Min: 127.7, Avg: 128.2, Max: 128.4, Diff: 0.8, Sum: 1025.2]
      [Termination (ms): Min: 0.0, Avg: 0.1, Max: 0.1, Diff: 0.1, Sum: 0.5]
         [Termination Attempts: Min: 1, Avg: 347.8, Max: 461, Diff: 460, Sum: 2782]
      [GC Worker Other (ms): Min: 0.0, Avg: 0.1, Max: 0.1, Diff: 0.1, Sum: 0.5]
      [GC Worker Total (ms): Min: 162.3, Avg: 162.4, Max: 162.5, Diff: 0.2, Sum: 1298.9]
      [GC Worker End (ms): Min: 46184.8, Avg: 46184.8, Max: 46184.9, Diff: 0.1]
   [Code Root Fixup: 0.0 ms]
   [Code Root Purge: 0.0 ms]
   [Clear CT: 0.2 ms]
   [Other: 1.1 ms]
      [Choose CSet: 0.0 ms]
      [Ref Proc: 0.2 ms]
      [Ref Enq: 0.0 ms]
      [Redirty Cards: 0.3 ms]
      [Humongous Register: 0.0 ms]
      [Humongous Reclaim: 0.0 ms]
      [Free CSet: 0.2 ms]
   [Eden: 197.0M(197.0M)->0.0B(204.0M) Survivors: 27.0M->28.0M Heap: 697.7M(2048.0M)->699.7M(2048.0M)]
 [Times: user=1.20 sys=0.00, real=0.16 secs] 
2020-09-29T12:27:55.009+0200: 46.335: [GC pause (G1 Evacuation Pause) (young), 0.1575442 secs]
   [Parallel Time: 156.3 ms, GC Workers: 8]
      [GC Worker Start (ms): Min: 46335.4, Avg: 46335.5, Max: 46335.6, Diff: 0.2]
      [Ext Root Scanning (ms): Min: 0.0, Avg: 0.1, Max: 0.2, Diff: 0.2, Sum: 0.6]
      [Update RS (ms): Min: 14.5, Avg: 14.8, Max: 15.2, Diff: 0.8, Sum: 118.1]
         [Processed Buffers: Min: 12, Avg: 12.4, Max: 13, Diff: 1, Sum: 99]
      [Scan RS (ms): Min: 14.4, Avg: 14.9, Max: 15.2, Diff: 0.8, Sum: 119.3]
      [Code Root Scanning (ms): Min: 0.0, Avg: 0.0, Max: 0.0, Diff: 0.0, Sum: 0.0]
      [Object Copy (ms): Min: 126.1, Avg: 126.2, Max: 126.4, Diff: 0.4, Sum: 1009.7]
      [Termination (ms): Min: 0.0, Avg: 0.0, Max: 0.0, Diff: 0.0, Sum: 0.1]
         [Termination Attempts: Min: 1, Avg: 53.0, Max: 76, Diff: 75, Sum: 424]
      [GC Worker Other (ms): Min: 0.0, Avg: 0.0, Max: 0.1, Diff: 0.1, Sum: 0.3]
      [GC Worker Total (ms): Min: 155.9, Avg: 156.0, Max: 156.2, Diff: 0.2, Sum: 1248.2]
      [GC Worker End (ms): Min: 46491.5, Avg: 46491.5, Max: 46491.6, Diff: 0.1]
   [Code Root Fixup: 0.0 ms]
   [Code Root Purge: 0.0 ms]
   [Clear CT: 0.3 ms]
   [Other: 1.0 ms]
      [Choose CSet: 0.0 ms]
      [Ref Proc: 0.2 ms]
      [Ref Enq: 0.0 ms]
      [Redirty Cards: 0.3 ms]
      [Humongous Register: 0.1 ms]
      [Humongous Reclaim: 0.0 ms]
      [Free CSet: 0.2 ms]
   [Eden: 204.0M(204.0M)->0.0B(212.0M) Survivors: 28.0M->29.0M Heap: 936.1M(2048.0M)->938.1M(2048.0M)]
 [Times: user=1.25 sys=0.00, real=0.16 secs] 
2020-09-29T12:27:55.184+0200: 46.510: [GC pause (G1 Humongous Allocation) (young) (initial-mark), 0.0640386 secs]
   [Parallel Time: 62.7 ms, GC Workers: 8]
      [GC Worker Start (ms): Min: 46510.2, Avg: 46510.3, Max: 46510.4, Diff: 0.2]
      [Ext Root Scanning (ms): Min: 0.0, Avg: 0.8, Max: 2.6, Diff: 2.6, Sum: 6.2]
      [Update RS (ms): Min: 27.6, Avg: 29.5, Max: 30.3, Diff: 2.6, Sum: 235.9]
         [Processed Buffers: Min: 7, Avg: 23.8, Max: 30, Diff: 23, Sum: 190]
      [Scan RS (ms): Min: 2.3, Avg: 2.6, Max: 2.8, Diff: 0.5, Sum: 21.0]
      [Code Root Scanning (ms): Min: 0.0, Avg: 0.0, Max: 0.0, Diff: 0.0, Sum: 0.0]
      [Object Copy (ms): Min: 29.5, Avg: 29.5, Max: 29.6, Diff: 0.1, Sum: 236.1]
      [Termination (ms): Min: 0.0, Avg: 0.0, Max: 0.0, Diff: 0.0, Sum: 0.0]
         [Termination Attempts: Min: 1, Avg: 5.8, Max: 9, Diff: 8, Sum: 46]
      [GC Worker Other (ms): Min: 0.0, Avg: 0.0, Max: 0.0, Diff: 0.0, Sum: 0.2]
      [GC Worker Total (ms): Min: 62.3, Avg: 62.4, Max: 62.5, Diff: 0.2, Sum: 499.3]
      [GC Worker End (ms): Min: 46572.7, Avg: 46572.7, Max: 46572.8, Diff: 0.0]
   [Code Root Fixup: 0.0 ms]
   [Code Root Purge: 0.0 ms]
   [Clear CT: 0.3 ms]
   [Other: 1.1 ms]
      [Choose CSet: 0.0 ms]
      [Ref Proc: 0.3 ms]
      [Ref Enq: 0.0 ms]
      [Redirty Cards: 0.2 ms]
      [Humongous Register: 0.1 ms]
      [Humongous Reclaim: 0.0 ms]
      [Free CSet: 0.1 ms]
   [Eden: 24.0M(212.0M)->0.0B(227.0M) Survivors: 29.0M->25.0M Heap: 965.9M(2048.0M)->969.4M(2048.0M)]
 [Times: user=0.47 sys=0.00, real=0.06 secs] 
2020-09-29T12:27:55.248+0200: 46.574: [GC concurrent-root-region-scan-start]
2020-09-29T12:27:55.254+0200: 46.580: [GC concurrent-root-region-scan-end, 0.0059657 secs]
2020-09-29T12:27:55.254+0200: 46.580: [GC concurrent-mark-start]
2020-09-29T12:27:55.257+0200: 46.583: [GC concurrent-mark-end, 0.0032002 secs]
2020-09-29T12:27:55.257+0200: 46.584: [GC remark 2020-09-29T12:27:55.257+0200: 46.584: [Finalize Marking, 0.0002027 secs] 2020-09-29T12:27:55.257+0200: 46.584: [GC ref-proc, 0.0003761 secs] 2020-09-29T12:27:55.258+0200: 46.584: [Unloading, 0.0005486 secs], 0.0016477 secs]
 [Times: user=0.00 sys=0.00, real=0.00 secs] 
2020-09-29T12:27:55.259+0200: 46.586: [GC cleanup 986M->51M(2048M), 0.0016639 secs]
 [Times: user=0.00 sys=0.00, real=0.00 secs] 
2020-09-29T12:27:55.261+0200: 46.588: [GC concurrent-cleanup-start]
2020-09-29T12:27:55.262+0200: 46.589: [GC concurrent-cleanup-end, 0.0011680 secs]
2020-09-29T12:27:55.404+0200: 46.730: [GC pause (G1 Evacuation Pause) (young), 0.1597842 secs]
   [Parallel Time: 158.3 ms, GC Workers: 8]
      [GC Worker Start (ms): Min: 46730.5, Avg: 46730.6, Max: 46730.7, Diff: 0.2]
      [Ext Root Scanning (ms): Min: 0.0, Avg: 0.1, Max: 0.2, Diff: 0.2, Sum: 0.7]
      [Update RS (ms): Min: 12.9, Avg: 13.5, Max: 14.0, Diff: 1.1, Sum: 107.7]
         [Processed Buffers: Min: 11, Avg: 11.9, Max: 13, Diff: 2, Sum: 95]
      [Scan RS (ms): Min: 13.7, Avg: 14.2, Max: 14.8, Diff: 1.1, Sum: 113.9]
      [Code Root Scanning (ms): Min: 0.0, Avg: 0.0, Max: 0.0, Diff: 0.0, Sum: 0.0]
      [Object Copy (ms): Min: 130.1, Avg: 130.2, Max: 130.3, Diff: 0.2, Sum: 1041.6]
      [Termination (ms): Min: 0.0, Avg: 0.0, Max: 0.0, Diff: 0.0, Sum: 0.3]
         [Termination Attempts: Min: 1, Avg: 184.1, Max: 239, Diff: 238, Sum: 1473]
      [GC Worker Other (ms): Min: 0.0, Avg: 0.0, Max: 0.1, Diff: 0.1, Sum: 0.3]
      [GC Worker Total (ms): Min: 158.0, Avg: 158.1, Max: 158.1, Diff: 0.2, Sum: 1264.4]
      [GC Worker End (ms): Min: 46888.6, Avg: 46888.6, Max: 46888.7, Diff: 0.1]
   [Code Root Fixup: 0.0 ms]
   [Code Root Purge: 0.0 ms]
   [Clear CT: 0.2 ms]
   [Other: 1.2 ms]
      [Choose CSet: 0.0 ms]
      [Ref Proc: 0.2 ms]
      [Ref Enq: 0.0 ms]
      [Redirty Cards: 0.3 ms]
      [Humongous Register: 0.0 ms]
      [Humongous Reclaim: 0.0 ms]
      [Free CSet: 0.3 ms]
   [Eden: 227.0M(227.0M)->0.0B(225.0M) Survivors: 25.0M->32.0M Heap: 300.1M(2048.0M)->276.6M(2048.0M)]
 [Times: user=1.25 sys=0.00, real=0.16 secs] 
2020-09-29T12:27:55.724+0200: 47.051: [GC pause (G1 Evacuation Pause) (young), 0.1879012 secs]
   [Parallel Time: 186.7 ms, GC Workers: 8]
      [GC Worker Start (ms): Min: 47050.6, Avg: 47050.8, Max: 47050.9, Diff: 0.2]
      [Ext Root Scanning (ms): Min: 0.0, Avg: 0.1, Max: 0.2, Diff: 0.2, Sum: 0.5]
      [Update RS (ms): Min: 15.6, Avg: 15.7, Max: 16.2, Diff: 0.6, Sum: 125.5]
         [Processed Buffers: Min: 12, Avg: 13.3, Max: 15, Diff: 3, Sum: 106]
      [Scan RS (ms): Min: 19.3, Avg: 21.2, Max: 32.7, Diff: 13.4, Sum: 169.9]
      [Code Root Scanning (ms): Min: 0.0, Avg: 0.0, Max: 0.0, Diff: 0.0, Sum: 0.0]
      [Object Copy (ms): Min: 137.8, Avg: 149.2, Max: 151.0, Diff: 13.2, Sum: 1193.9]
      [Termination (ms): Min: 0.0, Avg: 0.1, Max: 0.1, Diff: 0.1, Sum: 0.8]
         [Termination Attempts: Min: 1, Avg: 486.9, Max: 653, Diff: 652, Sum: 3895]
      [GC Worker Other (ms): Min: 0.0, Avg: 0.0, Max: 0.1, Diff: 0.1, Sum: 0.4]
      [GC Worker Total (ms): Min: 186.3, Avg: 186.4, Max: 186.5, Diff: 0.2, Sum: 1490.9]
      [GC Worker End (ms): Min: 47237.1, Avg: 47237.2, Max: 47237.2, Diff: 0.1]
   [Code Root Fixup: 0.0 ms]
   [Code Root Purge: 0.0 ms]
   [Clear CT: 0.2 ms]
   [Other: 1.0 ms]
      [Choose CSet: 0.0 ms]
      [Ref Proc: 0.3 ms]
      [Ref Enq: 0.0 ms]
      [Redirty Cards: 0.3 ms]
      [Humongous Register: 0.0 ms]
      [Humongous Reclaim: 0.0 ms]
      [Free CSet: 0.2 ms]
   [Eden: 225.0M(225.0M)->0.0B(213.0M) Survivors: 32.0M->33.0M Heap: 539.8M(2048.0M)->542.8M(2048.0M)]
 [Times: user=1.42 sys=0.02, real=0.19 secs] 
2020-09-29T12:27:56.064+0200: 47.391: [GC pause (G1 Evacuation Pause) (young), 0.1822146 secs]
   [Parallel Time: 180.9 ms, GC Workers: 8]
      [GC Worker Start (ms): Min: 47390.7, Avg: 47390.8, Max: 47390.9, Diff: 0.2]
      [Ext Root Scanning (ms): Min: 0.0, Avg: 0.1, Max: 0.2, Diff: 0.2, Sum: 0.7]
      [Update RS (ms): Min: 18.5, Avg: 18.6, Max: 18.8, Diff: 0.4, Sum: 148.8]
         [Processed Buffers: Min: 15, Avg: 16.5, Max: 19, Diff: 4, Sum: 132]
      [Scan RS (ms): Min: 14.7, Avg: 15.0, Max: 15.1, Diff: 0.4, Sum: 119.9]
      [Code Root Scanning (ms): Min: 0.0, Avg: 0.0, Max: 0.0, Diff: 0.0, Sum: 0.0]
      [Object Copy (ms): Min: 146.6, Avg: 146.7, Max: 146.9, Diff: 0.4, Sum: 1173.5]
      [Termination (ms): Min: 0.0, Avg: 0.2, Max: 0.3, Diff: 0.3, Sum: 1.8]
         [Termination Attempts: Min: 1, Avg: 1182.4, Max: 1405, Diff: 1404, Sum: 9459]
      [GC Worker Other (ms): Min: 0.0, Avg: 0.0, Max: 0.1, Diff: 0.1, Sum: 0.3]
      [GC Worker Total (ms): Min: 180.5, Avg: 180.6, Max: 180.7, Diff: 0.2, Sum: 1444.9]
      [GC Worker End (ms): Min: 47571.4, Avg: 47571.5, Max: 47571.5, Diff: 0.1]
   [Code Root Fixup: 0.0 ms]
   [Code Root Purge: 0.0 ms]
   [Clear CT: 0.2 ms]
   [Other: 1.1 ms]
      [Choose CSet: 0.0 ms]
      [Ref Proc: 0.3 ms]
      [Ref Enq: 0.0 ms]
      [Redirty Cards: 0.4 ms]
      [Humongous Register: 0.0 ms]
      [Humongous Reclaim: 0.0 ms]
      [Free CSet: 0.2 ms]
   [Eden: 213.0M(213.0M)->0.0B(212.0M) Survivors: 33.0M->31.0M Heap: 792.0M(2048.0M)->794.0M(2048.0M)]
 [Times: user=1.49 sys=0.01, real=0.18 secs] 
2020-09-29T12:27:56.395+0200: 47.721: [GC pause (G1 Evacuation Pause) (young), 0.1756782 secs]
   [Parallel Time: 174.5 ms, GC Workers: 8]
      [GC Worker Start (ms): Min: 47721.5, Avg: 47721.6, Max: 47721.7, Diff: 0.2]
      [Ext Root Scanning (ms): Min: 0.0, Avg: 0.1, Max: 0.2, Diff: 0.2, Sum: 0.7]
      [Update RS (ms): Min: 18.3, Avg: 18.6, Max: 19.0, Diff: 0.8, Sum: 149.2]
         [Processed Buffers: Min: 14, Avg: 14.8, Max: 17, Diff: 3, Sum: 118]
      [Scan RS (ms): Min: 20.5, Avg: 20.9, Max: 21.4, Diff: 0.9, Sum: 167.4]
      [Code Root Scanning (ms): Min: 0.0, Avg: 0.0, Max: 0.0, Diff: 0.0, Sum: 0.0]
      [Object Copy (ms): Min: 134.4, Avg: 134.5, Max: 134.5, Diff: 0.1, Sum: 1075.7]
      [Termination (ms): Min: 0.0, Avg: 0.0, Max: 0.0, Diff: 0.0, Sum: 0.1]
         [Termination Attempts: Min: 1, Avg: 66.9, Max: 91, Diff: 90, Sum: 535]
      [GC Worker Other (ms): Min: 0.0, Avg: 0.0, Max: 0.1, Diff: 0.1, Sum: 0.4]
      [GC Worker Total (ms): Min: 174.1, Avg: 174.2, Max: 174.3, Diff: 0.2, Sum: 1393.5]
      [GC Worker End (ms): Min: 47895.8, Avg: 47895.8, Max: 47895.8, Diff: 0.1]
   [Code Root Fixup: 0.0 ms]
   [Code Root Purge: 0.0 ms]
   [Clear CT: 0.2 ms]
   [Other: 1.0 ms]
      [Choose CSet: 0.0 ms]
      [Ref Proc: 0.3 ms]
      [Ref Enq: 0.0 ms]
      [Redirty Cards: 0.3 ms]
      [Humongous Register: 0.0 ms]
      [Humongous Reclaim: 0.0 ms]
      [Free CSet: 0.2 ms]
   [Eden: 212.0M(212.0M)->0.0B(208.0M) Survivors: 31.0M->31.0M Heap: 1040.4M(2048.0M)->1042.4M(2048.0M)]
 [Times: user=1.36 sys=0.02, real=0.18 secs] 
2020-09-29T12:27:56.579+0200: 47.905: [GC pause (G1 Humongous Allocation) (young) (initial-mark), 0.0781428 secs]
   [Parallel Time: 76.8 ms, GC Workers: 8]
      [GC Worker Start (ms): Min: 47905.2, Avg: 47905.3, Max: 47905.3, Diff: 0.1]
      [Ext Root Scanning (ms): Min: 0.1, Avg: 0.1, Max: 0.2, Diff: 0.1, Sum: 0.9]
      [Update RS (ms): Min: 39.5, Avg: 41.1, Max: 49.1, Diff: 9.7, Sum: 328.4]
         [Processed Buffers: Min: 23, Avg: 32.9, Max: 38, Diff: 15, Sum: 263]
      [Scan RS (ms): Min: 0.0, Avg: 2.8, Max: 3.6, Diff: 3.6, Sum: 22.1]
      [Code Root Scanning (ms): Min: 0.0, Avg: 0.0, Max: 0.0, Diff: 0.0, Sum: 0.0]
      [Object Copy (ms): Min: 27.4, Avg: 32.7, Max: 33.5, Diff: 6.1, Sum: 261.6]
      [Termination (ms): Min: 0.0, Avg: 0.1, Max: 0.1, Diff: 0.1, Sum: 0.5]
         [Termination Attempts: Min: 1, Avg: 65.5, Max: 88, Diff: 87, Sum: 524]
      [GC Worker Other (ms): Min: 0.0, Avg: 0.0, Max: 0.0, Diff: 0.0, Sum: 0.1]
      [GC Worker Total (ms): Min: 76.7, Avg: 76.7, Max: 76.8, Diff: 0.1, Sum: 613.7]
      [GC Worker End (ms): Min: 47982.0, Avg: 47982.0, Max: 47982.0, Diff: 0.0]
   [Code Root Fixup: 0.0 ms]
   [Code Root Purge: 0.0 ms]
   [Clear CT: 0.3 ms]
   [Other: 1.0 ms]
      [Choose CSet: 0.0 ms]
      [Ref Proc: 0.4 ms]
      [Ref Enq: 0.0 ms]
      [Redirty Cards: 0.3 ms]
      [Humongous Register: 0.0 ms]
      [Humongous Reclaim: 0.0 ms]
      [Free CSet: 0.1 ms]
   [Eden: 5120.0K(208.0M)->0.0B(192.0M) Survivors: 31.0M->7168.0K Heap: 1046.9M(2048.0M)->1051.4M(2048.0M)]
 [Times: user=0.55 sys=0.00, real=0.08 secs] 
2020-09-29T12:27:56.657+0200: 47.983: [GC concurrent-root-region-scan-start]
2020-09-29T12:27:56.659+0200: 47.986: [GC concurrent-root-region-scan-end, 0.0022955 secs]
2020-09-29T12:27:56.659+0200: 47.986: [GC concurrent-mark-start]
2020-09-29T12:27:56.663+0200: 47.990: [GC concurrent-mark-end, 0.0042352 secs]
2020-09-29T12:27:56.664+0200: 47.990: [GC remark 2020-09-29T12:27:56.664+0200: 47.990: [Finalize Marking, 0.0005569 secs] 2020-09-29T12:27:56.664+0200: 47.991: [GC ref-proc, 0.0004226 secs] 2020-09-29T12:27:56.665+0200: 47.991: [Unloading, 0.0013622 secs], 0.0033761 secs]
 [Times: user=0.00 sys=0.00, real=0.00 secs] 
2020-09-29T12:27:56.667+0200: 47.994: [GC cleanup 1061M->26M(2048M), 0.0023371 secs]
 [Times: user=0.00 sys=0.00, real=0.00 secs] 
2020-09-29T12:27:56.670+0200: 47.996: [GC concurrent-cleanup-start]
2020-09-29T12:27:56.672+0200: 47.999: [GC concurrent-cleanup-end, 0.0021873 secs]
2020-09-29T12:27:56.795+0200: 48.121: [GC pause (G1 Evacuation Pause) (young), 0.1424340 secs]
   [Parallel Time: 141.1 ms, GC Workers: 8]
      [GC Worker Start (ms): Min: 48121.3, Avg: 48121.4, Max: 48121.5, Diff: 0.2]
      [Ext Root Scanning (ms): Min: 0.0, Avg: 0.1, Max: 0.2, Diff: 0.2, Sum: 0.6]
      [Update RS (ms): Min: 19.8, Avg: 20.2, Max: 20.6, Diff: 0.9, Sum: 161.3]
         [Processed Buffers: Min: 16, Avg: 16.6, Max: 18, Diff: 2, Sum: 133]
      [Scan RS (ms): Min: 8.2, Avg: 8.6, Max: 8.9, Diff: 0.8, Sum: 68.6]
      [Code Root Scanning (ms): Min: 0.0, Avg: 0.0, Max: 0.0, Diff: 0.0, Sum: 0.0]
      [Object Copy (ms): Min: 111.6, Avg: 111.7, Max: 111.9, Diff: 0.3, Sum: 893.9]
      [Termination (ms): Min: 0.0, Avg: 0.2, Max: 0.3, Diff: 0.3, Sum: 1.5]
         [Termination Attempts: Min: 1, Avg: 959.3, Max: 1318, Diff: 1317, Sum: 7674]
      [GC Worker Other (ms): Min: 0.0, Avg: 0.1, Max: 0.1, Diff: 0.1, Sum: 0.5]
      [GC Worker Total (ms): Min: 140.7, Avg: 140.8, Max: 140.9, Diff: 0.2, Sum: 1126.4]
      [GC Worker End (ms): Min: 48262.2, Avg: 48262.2, Max: 48262.3, Diff: 0.1]
   [Code Root Fixup: 0.0 ms]
   [Code Root Purge: 0.0 ms]
   [Clear CT: 0.3 ms]
   [Other: 1.1 ms]
      [Choose CSet: 0.0 ms]
      [Ref Proc: 0.2 ms]
      [Ref Enq: 0.0 ms]
      [Redirty Cards: 0.4 ms]
      [Humongous Register: 0.0 ms]
      [Humongous Reclaim: 0.0 ms]
      [Free CSet: 0.2 ms]
   [Eden: 192.0M(192.0M)->0.0B(193.0M) Survivors: 7168.0K->25.0M Heap: 240.9M(2048.0M)->236.4M(2048.0M)]
 [Times: user=1.13 sys=0.00, real=0.14 secs] 
2020-09-29T12:27:57.067+0200: 48.394: [GC pause (G1 Evacuation Pause) (young), 0.1520365 secs]
   [Parallel Time: 150.2 ms, GC Workers: 8]
      [GC Worker Start (ms): Min: 48393.9, Avg: 48394.0, Max: 48394.1, Diff: 0.2]
      [Ext Root Scanning (ms): Min: 0.0, Avg: 0.1, Max: 0.2, Diff: 0.2, Sum: 0.6]
      [Update RS (ms): Min: 16.5, Avg: 16.8, Max: 17.2, Diff: 0.7, Sum: 134.0]
         [Processed Buffers: Min: 13, Avg: 14.3, Max: 16, Diff: 3, Sum: 114]
      [Scan RS (ms): Min: 12.4, Avg: 12.9, Max: 13.2, Diff: 0.8, Sum: 102.9]
      [Code Root Scanning (ms): Min: 0.0, Avg: 0.0, Max: 0.0, Diff: 0.0, Sum: 0.0]
      [Object Copy (ms): Min: 120.0, Avg: 120.2, Max: 120.3, Diff: 0.3, Sum: 961.5]
      [Termination (ms): Min: 0.0, Avg: 0.0, Max: 0.0, Diff: 0.0, Sum: 0.1]
         [Termination Attempts: Min: 1, Avg: 55.1, Max: 77, Diff: 76, Sum: 441]
      [GC Worker Other (ms): Min: 0.0, Avg: 0.0, Max: 0.1, Diff: 0.0, Sum: 0.3]
      [GC Worker Total (ms): Min: 149.8, Avg: 149.9, Max: 150.1, Diff: 0.2, Sum: 1199.4]
      [GC Worker End (ms): Min: 48543.9, Avg: 48543.9, Max: 48544.0, Diff: 0.0]
   [Code Root Fixup: 0.0 ms]
   [Code Root Purge: 0.0 ms]
   [Clear CT: 0.7 ms]
   [Other: 1.1 ms]
      [Choose CSet: 0.0 ms]
      [Ref Proc: 0.2 ms]
      [Ref Enq: 0.0 ms]
      [Redirty Cards: 0.5 ms]
      [Humongous Register: 0.0 ms]
      [Humongous Reclaim: 0.0 ms]
      [Free CSet: 0.1 ms]
   [Eden: 193.0M(193.0M)->0.0B(200.0M) Survivors: 25.0M->28.0M Heap: 461.9M(2048.0M)->464.4M(2048.0M)]
 [Times: user=1.13 sys=0.00, real=0.16 secs] 
2020-09-29T12:27:57.340+0200: 48.667: [GC pause (G1 Evacuation Pause) (young), 0.1111414 secs]
   [Parallel Time: 109.8 ms, GC Workers: 8]
      [GC Worker Start (ms): Min: 48666.7, Avg: 48666.8, Max: 48666.8, Diff: 0.2]
      [Ext Root Scanning (ms): Min: 0.0, Avg: 0.1, Max: 0.2, Diff: 0.2, Sum: 0.5]
      [Update RS (ms): Min: 14.3, Avg: 14.5, Max: 15.1, Diff: 0.8, Sum: 115.7]
         [Processed Buffers: Min: 15, Avg: 16.3, Max: 18, Diff: 3, Sum: 130]
      [Scan RS (ms): Min: 9.1, Avg: 9.8, Max: 10.1, Diff: 1.0, Sum: 78.8]
      [Code Root Scanning (ms): Min: 0.0, Avg: 0.0, Max: 0.0, Diff: 0.0, Sum: 0.0]
      [Object Copy (ms): Min: 85.0, Avg: 85.2, Max: 85.2, Diff: 0.2, Sum: 681.3]
      [Termination (ms): Min: 0.0, Avg: 0.0, Max: 0.0, Diff: 0.0, Sum: 0.0]
         [Termination Attempts: Min: 1, Avg: 9.3, Max: 14, Diff: 13, Sum: 74]
      [GC Worker Other (ms): Min: 0.0, Avg: 0.0, Max: 0.1, Diff: 0.0, Sum: 0.2]
      [GC Worker Total (ms): Min: 109.5, Avg: 109.6, Max: 109.7, Diff: 0.2, Sum: 876.5]
      [GC Worker End (ms): Min: 48776.3, Avg: 48776.3, Max: 48776.4, Diff: 0.0]
   [Code Root Fixup: 0.0 ms]
   [Code Root Purge: 0.0 ms]
   [Clear CT: 0.3 ms]
   [Other: 1.0 ms]
      [Choose CSet: 0.0 ms]
      [Ref Proc: 0.3 ms]
      [Ref Enq: 0.0 ms]
      [Redirty Cards: 0.4 ms]
      [Humongous Register: 0.0 ms]
      [Humongous Reclaim: 0.0 ms]
      [Free CSet: 0.2 ms]
   [Eden: 200.0M(200.0M)->0.0B(225.0M) Survivors: 28.0M->29.0M Heap: 698.7M(2048.0M)->700.2M(2048.0M)]
 [Times: user=0.88 sys=0.00, real=0.11 secs] 
2020-09-29T12:27:57.567+0200: 48.894: [GC pause (G1 Evacuation Pause) (young), 0.1354061 secs]
   [Parallel Time: 134.3 ms, GC Workers: 8]
      [GC Worker Start (ms): Min: 48894.1, Avg: 48894.3, Max: 48894.3, Diff: 0.2]
      [Ext Root Scanning (ms): Min: 0.0, Avg: 0.1, Max: 0.2, Diff: 0.2, Sum: 0.5]
      [Update RS (ms): Min: 17.9, Avg: 18.1, Max: 18.4, Diff: 0.5, Sum: 145.0]
         [Processed Buffers: Min: 19, Avg: 19.6, Max: 21, Diff: 2, Sum: 157]
      [Scan RS (ms): Min: 10.6, Avg: 10.9, Max: 11.1, Diff: 0.5, Sum: 87.3]
      [Code Root Scanning (ms): Min: 0.0, Avg: 0.0, Max: 0.0, Diff: 0.0, Sum: 0.0]
      [Object Copy (ms): Min: 104.8, Avg: 104.9, Max: 105.0, Diff: 0.3, Sum: 839.2]
      [Termination (ms): Min: 0.0, Avg: 0.1, Max: 0.1, Diff: 0.1, Sum: 0.6]
         [Termination Attempts: Min: 1, Avg: 553.0, Max: 723, Diff: 722, Sum: 4424]
      [GC Worker Other (ms): Min: 0.0, Avg: 0.0, Max: 0.1, Diff: 0.1, Sum: 0.4]
      [GC Worker Total (ms): Min: 134.0, Avg: 134.1, Max: 134.2, Diff: 0.2, Sum: 1073.0]
      [GC Worker End (ms): Min: 49028.3, Avg: 49028.4, Max: 49028.4, Diff: 0.1]
   [Code Root Fixup: 0.0 ms]
   [Code Root Purge: 0.0 ms]
   [Clear CT: 0.2 ms]
   [Other: 0.8 ms]
      [Choose CSet: 0.0 ms]
      [Ref Proc: 0.2 ms]
      [Ref Enq: 0.0 ms]
      [Redirty Cards: 0.2 ms]
      [Humongous Register: 0.0 ms]
      [Humongous Reclaim: 0.0 ms]
      [Free CSet: 0.2 ms]
   [Eden: 225.0M(225.0M)->0.0B(247.0M) Survivors: 29.0M->32.0M Heap: 961.4M(2048.0M)->964.4M(2048.0M)]
 [Times: user=0.97 sys=0.03, real=0.14 secs] 
2020-09-29T12:27:57.704+0200: 49.031: [GC pause (G1 Humongous Allocation) (young) (initial-mark), 0.0600082 secs]
   [Parallel Time: 59.1 ms, GC Workers: 8]
      [GC Worker Start (ms): Min: 49031.1, Avg: 49031.2, Max: 49031.4, Diff: 0.3]
      [Ext Root Scanning (ms): Min: 0.0, Avg: 0.2, Max: 0.3, Diff: 0.3, Sum: 1.5]
      [Update RS (ms): Min: 37.6, Avg: 37.8, Max: 38.0, Diff: 0.4, Sum: 302.2]
         [Processed Buffers: Min: 21, Avg: 42.0, Max: 49, Diff: 28, Sum: 336]
      [Scan RS (ms): Min: 0.0, Avg: 0.0, Max: 0.2, Diff: 0.2, Sum: 0.4]
      [Code Root Scanning (ms): Min: 0.0, Avg: 0.0, Max: 0.0, Diff: 0.0, Sum: 0.0]
      [Object Copy (ms): Min: 20.7, Avg: 20.9, Max: 20.9, Diff: 0.2, Sum: 166.9]
      [Termination (ms): Min: 0.0, Avg: 0.0, Max: 0.0, Diff: 0.0, Sum: 0.2]
         [Termination Attempts: Min: 1, Avg: 175.1, Max: 230, Diff: 229, Sum: 1401]
      [GC Worker Other (ms): Min: 0.0, Avg: 0.0, Max: 0.0, Diff: 0.0, Sum: 0.3]
      [GC Worker Total (ms): Min: 58.8, Avg: 58.9, Max: 59.1, Diff: 0.3, Sum: 471.4]
      [GC Worker End (ms): Min: 49090.2, Avg: 49090.2, Max: 49090.2, Diff: 0.0]
   [Code Root Fixup: 0.0 ms]
   [Code Root Purge: 0.0 ms]
   [Clear CT: 0.1 ms]
   [Other: 0.7 ms]
      [Choose CSet: 0.0 ms]
      [Ref Proc: 0.2 ms]
      [Ref Enq: 0.0 ms]
      [Redirty Cards: 0.2 ms]
      [Humongous Register: 0.0 ms]
      [Humongous Reclaim: 0.0 ms]
      [Free CSet: 0.1 ms]
   [Eden: 3072.0K(247.0M)->0.0B(262.0M) Survivors: 32.0M->5120.0K Heap: 967.4M(2048.0M)->970.4M(2048.0M)]
 [Times: user=0.45 sys=0.00, real=0.06 secs] 
2020-09-29T12:27:57.765+0200: 49.091: [GC concurrent-root-region-scan-start]
2020-09-29T12:27:57.766+0200: 49.092: [GC concurrent-root-region-scan-end, 0.0009569 secs]
2020-09-29T12:27:57.766+0200: 49.092: [GC concurrent-mark-start]
2020-09-29T12:27:57.769+0200: 49.095: [GC concurrent-mark-end, 0.0031190 secs]
2020-09-29T12:27:57.769+0200: 49.095: [GC remark 2020-09-29T12:27:57.769+0200: 49.095: [Finalize Marking, 0.0002334 secs] 2020-09-29T12:27:57.769+0200: 49.096: [GC ref-proc, 0.0003683 secs] 2020-09-29T12:27:57.770+0200: 49.096: [Unloading, 0.0005283 secs], 0.0014871 secs]
 [Times: user=0.00 sys=0.02, real=0.00 secs] 
2020-09-29T12:27:57.771+0200: 49.097: [GC cleanup 979M->23M(2048M), 0.0015044 secs]
 [Times: user=0.00 sys=0.00, real=0.00 secs] 
2020-09-29T12:27:57.772+0200: 49.099: [GC concurrent-cleanup-start]
2020-09-29T12:27:57.774+0200: 49.100: [GC concurrent-cleanup-end, 0.0013651 secs]
2020-09-29T12:27:57.912+0200: 49.238: [GC pause (G1 Evacuation Pause) (young), 0.1356560 secs]
   [Parallel Time: 134.5 ms, GC Workers: 8]
      [GC Worker Start (ms): Min: 49238.5, Avg: 49238.6, Max: 49238.7, Diff: 0.2]
      [Ext Root Scanning (ms): Min: 0.0, Avg: 0.1, Max: 0.2, Diff: 0.2, Sum: 0.6]
      [Update RS (ms): Min: 15.4, Avg: 15.8, Max: 16.1, Diff: 0.7, Sum: 126.2]
         [Processed Buffers: Min: 15, Avg: 16.6, Max: 19, Diff: 4, Sum: 133]
      [Scan RS (ms): Min: 13.1, Avg: 13.4, Max: 13.8, Diff: 0.7, Sum: 107.2]
      [Code Root Scanning (ms): Min: 0.0, Avg: 0.0, Max: 0.0, Diff: 0.0, Sum: 0.0]
      [Object Copy (ms): Min: 104.9, Avg: 105.0, Max: 105.0, Diff: 0.2, Sum: 839.9]
      [Termination (ms): Min: 0.0, Avg: 0.0, Max: 0.0, Diff: 0.0, Sum: 0.0]
         [Termination Attempts: Min: 1, Avg: 36.9, Max: 60, Diff: 59, Sum: 295]
      [GC Worker Other (ms): Min: 0.0, Avg: 0.0, Max: 0.1, Diff: 0.1, Sum: 0.4]
      [GC Worker Total (ms): Min: 134.2, Avg: 134.3, Max: 134.4, Diff: 0.1, Sum: 1074.3]
      [GC Worker End (ms): Min: 49372.9, Avg: 49372.9, Max: 49372.9, Diff: 0.1]
   [Code Root Fixup: 0.0 ms]
   [Code Root Purge: 0.0 ms]
   [Clear CT: 0.2 ms]
   [Other: 0.9 ms]
      [Choose CSet: 0.0 ms]
      [Ref Proc: 0.2 ms]
      [Ref Enq: 0.0 ms]
      [Redirty Cards: 0.3 ms]
      [Humongous Register: 0.0 ms]
      [Humongous Reclaim: 0.0 ms]
      [Free CSet: 0.2 ms]
   [Eden: 262.0M(262.0M)->0.0B(259.0M) Survivors: 5120.0K->34.0M Heap: 320.4M(2048.0M)->316.9M(2048.0M)]
 [Times: user=1.00 sys=0.00, real=0.13 secs] 
2020-09-29T12:27:58.183+0200: 49.509: [GC pause (G1 Evacuation Pause) (young), 0.1449112 secs]
   [Parallel Time: 143.9 ms, GC Workers: 8]
      [GC Worker Start (ms): Min: 49509.0, Avg: 49509.1, Max: 49509.2, Diff: 0.2]
      [Ext Root Scanning (ms): Min: 0.0, Avg: 0.1, Max: 0.2, Diff: 0.2, Sum: 0.4]
      [Update RS (ms): Min: 14.8, Avg: 15.1, Max: 15.4, Diff: 0.6, Sum: 120.4]
         [Processed Buffers: Min: 17, Avg: 18.0, Max: 19, Diff: 2, Sum: 144]
      [Scan RS (ms): Min: 13.0, Avg: 13.4, Max: 13.8, Diff: 0.7, Sum: 106.9]
      [Code Root Scanning (ms): Min: 0.0, Avg: 0.0, Max: 0.0, Diff: 0.0, Sum: 0.0]
      [Object Copy (ms): Min: 114.9, Avg: 115.0, Max: 115.0, Diff: 0.1, Sum: 920.1]
      [Termination (ms): Min: 0.0, Avg: 0.0, Max: 0.1, Diff: 0.1, Sum: 0.3]
         [Termination Attempts: Min: 1, Avg: 315.3, Max: 410, Diff: 409, Sum: 2522]
      [GC Worker Other (ms): Min: 0.0, Avg: 0.0, Max: 0.1, Diff: 0.1, Sum: 0.4]
      [GC Worker Total (ms): Min: 143.5, Avg: 143.6, Max: 143.7, Diff: 0.2, Sum: 1148.6]
      [GC Worker End (ms): Min: 49652.7, Avg: 49652.7, Max: 49652.7, Diff: 0.1]
   [Code Root Fixup: 0.0 ms]
   [Code Root Purge: 0.0 ms]
   [Clear CT: 0.2 ms]
   [Other: 0.9 ms]
      [Choose CSet: 0.0 ms]
      [Ref Proc: 0.2 ms]
      [Ref Enq: 0.0 ms]
      [Redirty Cards: 0.2 ms]
      [Humongous Register: 0.0 ms]
      [Humongous Reclaim: 0.0 ms]
      [Free CSet: 0.2 ms]
   [Eden: 250.0M(250.0M)->0.0B(276.0M) Survivors: 34.0M->36.0M Heap: 608.8M(2048.0M)->610.8M(2048.0M)]
 [Times: user=1.08 sys=0.02, real=0.14 secs] 
2020-09-29T12:27:58.468+0200: 49.794: [GC pause (G1 Evacuation Pause) (young), 0.1642273 secs]
   [Parallel Time: 162.9 ms, GC Workers: 8]
      [GC Worker Start (ms): Min: 49794.3, Avg: 49794.4, Max: 49794.5, Diff: 0.2]
      [Ext Root Scanning (ms): Min: 0.0, Avg: 0.1, Max: 0.2, Diff: 0.2, Sum: 0.4]
      [Update RS (ms): Min: 15.8, Avg: 16.3, Max: 16.8, Diff: 1.0, Sum: 130.4]
         [Processed Buffers: Min: 17, Avg: 17.8, Max: 20, Diff: 3, Sum: 142]
      [Scan RS (ms): Min: 17.9, Avg: 18.4, Max: 18.9, Diff: 1.0, Sum: 147.2]
      [Code Root Scanning (ms): Min: 0.0, Avg: 0.0, Max: 0.0, Diff: 0.0, Sum: 0.0]
      [Object Copy (ms): Min: 127.4, Avg: 127.6, Max: 127.8, Diff: 0.4, Sum: 1020.9]
      [Termination (ms): Min: 0.0, Avg: 0.2, Max: 0.3, Diff: 0.3, Sum: 1.4]
         [Termination Attempts: Min: 1, Avg: 1253.6, Max: 1721, Diff: 1720, Sum: 10029]
      [GC Worker Other (ms): Min: 0.0, Avg: 0.1, Max: 0.1, Diff: 0.0, Sum: 0.5]
      [GC Worker Total (ms): Min: 162.5, Avg: 162.6, Max: 162.7, Diff: 0.2, Sum: 1300.8]
      [GC Worker End (ms): Min: 49957.0, Avg: 49957.0, Max: 49957.0, Diff: 0.0]
   [Code Root Fixup: 0.0 ms]
   [Code Root Purge: 0.0 ms]
   [Clear CT: 0.5 ms]
   [Other: 0.8 ms]
      [Choose CSet: 0.0 ms]
      [Ref Proc: 0.2 ms]
      [Ref Enq: 0.0 ms]
      [Redirty Cards: 0.2 ms]
      [Humongous Register: 0.0 ms]
      [Humongous Reclaim: 0.0 ms]
      [Free CSet: 0.2 ms]
   [Eden: 276.0M(276.0M)->0.0B(273.0M) Survivors: 36.0M->39.0M Heap: 932.6M(2048.0M)->934.6M(2048.0M)]
 [Times: user=1.36 sys=0.02, real=0.17 secs] 
2020-09-29T12:27:58.702+0200: 50.029: [GC pause (G1 Humongous Allocation) (young) (initial-mark), 0.0817964 secs]
   [Parallel Time: 80.8 ms, GC Workers: 8]
      [GC Worker Start (ms): Min: 50029.2, Avg: 50029.3, Max: 50029.3, Diff: 0.1]
      [Ext Root Scanning (ms): Min: 0.0, Avg: 0.1, Max: 0.1, Diff: 0.1, Sum: 0.7]
      [Update RS (ms): Min: 19.6, Avg: 20.0, Max: 20.2, Diff: 0.7, Sum: 160.0]
         [Processed Buffers: Min: 19, Avg: 21.9, Max: 24, Diff: 5, Sum: 175]
      [Scan RS (ms): Min: 2.2, Avg: 2.5, Max: 2.9, Diff: 0.6, Sum: 19.9]
      [Code Root Scanning (ms): Min: 0.0, Avg: 0.0, Max: 0.0, Diff: 0.0, Sum: 0.0]
      [Object Copy (ms): Min: 58.0, Avg: 58.0, Max: 58.1, Diff: 0.1, Sum: 464.1]
      [Termination (ms): Min: 0.0, Avg: 0.0, Max: 0.0, Diff: 0.0, Sum: 0.3]
         [Termination Attempts: Min: 1, Avg: 252.1, Max: 326, Diff: 325, Sum: 2017]
      [GC Worker Other (ms): Min: 0.0, Avg: 0.0, Max: 0.0, Diff: 0.0, Sum: 0.2]
      [GC Worker Total (ms): Min: 80.6, Avg: 80.6, Max: 80.7, Diff: 0.1, Sum: 645.2]
      [GC Worker End (ms): Min: 50109.9, Avg: 50109.9, Max: 50109.9, Diff: 0.0]
   [Code Root Fixup: 0.0 ms]
   [Code Root Purge: 0.0 ms]
   [Clear CT: 0.2 ms]
   [Other: 0.8 ms]
      [Choose CSet: 0.0 ms]
      [Ref Proc: 0.1 ms]
      [Ref Enq: 0.0 ms]
      [Redirty Cards: 0.2 ms]
      [Humongous Register: 0.0 ms]
      [Humongous Reclaim: 0.0 ms]
      [Free CSet: 0.1 ms]
   [Eden: 105.0M(273.0M)->0.0B(297.0M) Survivors: 39.0M->39.0M Heap: 1056.8M(2048.0M)->1058.3M(2048.0M)]
 [Times: user=0.63 sys=0.00, real=0.08 secs] 
2020-09-29T12:27:58.784+0200: 50.111: [GC concurrent-root-region-scan-start]
2020-09-29T12:27:58.793+0200: 50.120: [GC concurrent-root-region-scan-end, 0.0089557 secs]
2020-09-29T12:27:58.793+0200: 50.120: [GC concurrent-mark-start]
2020-09-29T12:27:58.796+0200: 50.123: [GC concurrent-mark-end, 0.0031911 secs]
2020-09-29T12:27:58.797+0200: 50.123: [GC remark 2020-09-29T12:27:58.797+0200: 50.123: [Finalize Marking, 0.0002488 secs] 2020-09-29T12:27:58.797+0200: 50.124: [GC ref-proc, 0.0003009 secs] 2020-09-29T12:27:58.797+0200: 50.124: [Unloading, 0.0004870 secs], 0.0013960 secs]
 [Times: user=0.00 sys=0.00, real=0.00 secs] 
2020-09-29T12:27:58.798+0200: 50.125: [GC cleanup 1083M->73M(2048M), 0.0015313 secs]
 [Times: user=0.00 sys=0.00, real=0.00 secs] 
2020-09-29T12:27:58.800+0200: 50.127: [GC concurrent-cleanup-start]
2020-09-29T12:27:58.801+0200: 50.128: [GC concurrent-cleanup-end, 0.0012096 secs]
2020-09-29T12:27:58.937+0200: 50.263: [GC pause (G1 Evacuation Pause) (young), 0.1550416 secs]
   [Parallel Time: 153.9 ms, GC Workers: 8]
      [GC Worker Start (ms): Min: 50263.5, Avg: 50263.6, Max: 50263.6, Diff: 0.2]
      [Ext Root Scanning (ms): Min: 0.0, Avg: 0.1, Max: 0.1, Diff: 0.1, Sum: 0.4]
      [Update RS (ms): Min: 19.4, Avg: 19.7, Max: 20.2, Diff: 0.8, Sum: 157.9]
         [Processed Buffers: Min: 21, Avg: 22.8, Max: 24, Diff: 3, Sum: 182]
      [Scan RS (ms): Min: 12.4, Avg: 12.9, Max: 13.2, Diff: 0.8, Sum: 103.2]
      [Code Root Scanning (ms): Min: 0.0, Avg: 0.0, Max: 0.0, Diff: 0.0, Sum: 0.0]
      [Object Copy (ms): Min: 120.8, Avg: 120.9, Max: 121.0, Diff: 0.2, Sum: 967.1]
      [Termination (ms): Min: 0.0, Avg: 0.0, Max: 0.0, Diff: 0.0, Sum: 0.1]
         [Termination Attempts: Min: 1, Avg: 71.6, Max: 95, Diff: 94, Sum: 573]
      [GC Worker Other (ms): Min: 0.1, Avg: 0.1, Max: 0.1, Diff: 0.0, Sum: 0.6]
      [GC Worker Total (ms): Min: 153.6, Avg: 153.7, Max: 153.7, Diff: 0.1, Sum: 1229.3]
      [GC Worker End (ms): Min: 50417.2, Avg: 50417.2, Max: 50417.2, Diff: 0.0]
   [Code Root Fixup: 0.0 ms]
   [Code Root Purge: 0.0 ms]
   [Clear CT: 0.3 ms]
   [Other: 0.9 ms]
      [Choose CSet: 0.0 ms]
      [Ref Proc: 0.2 ms]
      [Ref Enq: 0.0 ms]
      [Redirty Cards: 0.3 ms]
      [Humongous Register: 0.0 ms]
      [Humongous Reclaim: 0.0 ms]
      [Free CSet: 0.2 ms]
   [Eden: 297.0M(297.0M)->0.0B(306.0M) Survivors: 39.0M->42.0M Heap: 395.6M(2048.0M)->359.1M(2048.0M)]
 [Times: user=1.24 sys=0.02, real=0.15 secs] 
2020-09-29T12:27:59.244+0200: 50.571: [GC pause (G1 Evacuation Pause) (young), 0.1906445 secs]
   [Parallel Time: 189.5 ms, GC Workers: 8]
      [GC Worker Start (ms): Min: 50571.3, Avg: 50571.4, Max: 50571.4, Diff: 0.2]
      [Ext Root Scanning (ms): Min: 0.0, Avg: 0.1, Max: 0.1, Diff: 0.1, Sum: 0.4]
      [Update RS (ms): Min: 26.7, Avg: 26.9, Max: 27.0, Diff: 0.3, Sum: 215.0]
         [Processed Buffers: Min: 24, Avg: 26.6, Max: 30, Diff: 6, Sum: 213]
      [Scan RS (ms): Min: 18.5, Avg: 18.7, Max: 18.8, Diff: 0.3, Sum: 149.4]
      [Code Root Scanning (ms): Min: 0.0, Avg: 0.0, Max: 0.0, Diff: 0.0, Sum: 0.0]
      [Object Copy (ms): Min: 143.4, Avg: 143.5, Max: 143.6, Diff: 0.2, Sum: 1147.9]
      [Termination (ms): Min: 0.0, Avg: 0.1, Max: 0.2, Diff: 0.2, Sum: 1.0]
         [Termination Attempts: Min: 1, Avg: 885.1, Max: 1113, Diff: 1112, Sum: 7081]
      [GC Worker Other (ms): Min: 0.0, Avg: 0.1, Max: 0.1, Diff: 0.1, Sum: 0.4]
      [GC Worker Total (ms): Min: 189.2, Avg: 189.3, Max: 189.4, Diff: 0.2, Sum: 1514.2]
      [GC Worker End (ms): Min: 50760.6, Avg: 50760.6, Max: 50760.7, Diff: 0.1]
   [Code Root Fixup: 0.0 ms]
   [Code Root Purge: 0.0 ms]
   [Clear CT: 0.2 ms]
   [Other: 1.0 ms]
      [Choose CSet: 0.0 ms]
      [Ref Proc: 0.1 ms]
      [Ref Enq: 0.0 ms]
      [Redirty Cards: 0.3 ms]
      [Humongous Register: 0.0 ms]
      [Humongous Reclaim: 0.0 ms]
      [Free CSet: 0.3 ms]
   [Eden: 306.0M(306.0M)->0.0B(288.0M) Survivors: 42.0M->44.0M Heap: 716.6M(2048.0M)->718.6M(2048.0M)]
 [Times: user=1.41 sys=0.09, real=0.19 secs] 
2020-09-29T12:27:59.590+0200: 50.917: [GC pause (G1 Evacuation Pause) (young), 0.1732042 secs]
   [Parallel Time: 169.5 ms, GC Workers: 8]
      [GC Worker Start (ms): Min: 50917.0, Avg: 50917.1, Max: 50917.2, Diff: 0.2]
      [Ext Root Scanning (ms): Min: 0.0, Avg: 0.1, Max: 0.1, Diff: 0.1, Sum: 0.5]
      [Update RS (ms): Min: 21.3, Avg: 21.5, Max: 21.8, Diff: 0.5, Sum: 171.8]
         [Processed Buffers: Min: 21, Avg: 22.3, Max: 23, Diff: 2, Sum: 178]
      [Scan RS (ms): Min: 19.7, Avg: 20.1, Max: 20.3, Diff: 0.6, Sum: 160.6]
      [Code Root Scanning (ms): Min: 0.0, Avg: 0.0, Max: 0.0, Diff: 0.0, Sum: 0.0]
      [Object Copy (ms): Min: 127.5, Avg: 127.6, Max: 127.6, Diff: 0.1, Sum: 1020.7]
      [Termination (ms): Min: 0.0, Avg: 0.0, Max: 0.0, Diff: 0.0, Sum: 0.2]
         [Termination Attempts: Min: 1, Avg: 172.5, Max: 239, Diff: 238, Sum: 1380]
      [GC Worker Other (ms): Min: 0.0, Avg: 0.1, Max: 0.1, Diff: 0.1, Sum: 0.4]
      [GC Worker Total (ms): Min: 169.2, Avg: 169.3, Max: 169.3, Diff: 0.2, Sum: 1354.2]
      [GC Worker End (ms): Min: 51086.4, Avg: 51086.4, Max: 51086.4, Diff: 0.1]
   [Code Root Fixup: 0.0 ms]
   [Code Root Purge: 0.0 ms]
   [Clear CT: 1.0 ms]
   [Other: 2.7 ms]
      [Choose CSet: 0.0 ms]
      [Ref Proc: 0.2 ms]
      [Ref Enq: 0.0 ms]
      [Redirty Cards: 2.0 ms]
      [Humongous Register: 0.0 ms]
      [Humongous Reclaim: 0.0 ms]
      [Free CSet: 0.3 ms]
   [Eden: 288.0M(288.0M)->0.0B(284.0M) Survivors: 44.0M->42.0M Heap: 1054.3M(2048.0M)->1056.3M(2048.0M)]
 [Times: user=1.25 sys=0.11, real=0.17 secs] 
2020-09-29T12:27:59.776+0200: 51.103: [GC pause (G1 Humongous Allocation) (young) (initial-mark), 0.0645095 secs]
   [Parallel Time: 62.1 ms, GC Workers: 8]
      [GC Worker Start (ms): Min: 51103.3, Avg: 51103.4, Max: 51103.5, Diff: 0.2]
      [Ext Root Scanning (ms): Min: 0.0, Avg: 0.3, Max: 0.4, Diff: 0.4, Sum: 2.0]
      [Update RS (ms): Min: 30.7, Avg: 31.2, Max: 31.6, Diff: 0.9, Sum: 249.3]
         [Processed Buffers: Min: 35, Avg: 37.3, Max: 39, Diff: 4, Sum: 298]
      [Scan RS (ms): Min: 2.5, Avg: 2.8, Max: 3.0, Diff: 0.5, Sum: 22.5]
      [Code Root Scanning (ms): Min: 0.0, Avg: 0.0, Max: 0.0, Diff: 0.0, Sum: 0.0]
      [Object Copy (ms): Min: 27.3, Avg: 27.4, Max: 27.6, Diff: 0.3, Sum: 218.9]
      [Termination (ms): Min: 0.0, Avg: 0.2, Max: 0.3, Diff: 0.3, Sum: 1.8]
         [Termination Attempts: Min: 1, Avg: 1522.1, Max: 2112, Diff: 2111, Sum: 12177]
      [GC Worker Other (ms): Min: 0.0, Avg: 0.0, Max: 0.1, Diff: 0.1, Sum: 0.4]
      [GC Worker Total (ms): Min: 61.8, Avg: 61.9, Max: 62.0, Diff: 0.2, Sum: 494.9]
      [GC Worker End (ms): Min: 51165.3, Avg: 51165.3, Max: 51165.3, Diff: 0.1]
   [Code Root Fixup: 0.0 ms]
   [Code Root Purge: 0.0 ms]
   [Clear CT: 0.8 ms]
   [Other: 1.6 ms]
      [Choose CSet: 0.0 ms]
      [Ref Proc: 0.4 ms]
      [Ref Enq: 0.0 ms]
      [Redirty Cards: 0.8 ms]
      [Humongous Register: 0.1 ms]
      [Humongous Reclaim: 0.0 ms]
      [Free CSet: 0.0 ms]
   [Eden: 2048.0K(284.0M)->0.0B(283.0M) Survivors: 42.0M->4096.0K Heap: 1058.3M(2048.0M)->1062.3M(2048.0M)]
 [Times: user=0.50 sys=0.00, real=0.07 secs] 
2020-09-29T12:27:59.841+0200: 51.168: [GC concurrent-root-region-scan-start]
2020-09-29T12:27:59.842+0200: 51.169: [GC concurrent-root-region-scan-end, 0.0008102 secs]
2020-09-29T12:27:59.842+0200: 51.169: [GC concurrent-mark-start]
2020-09-29T12:27:59.845+0200: 51.172: [GC concurrent-mark-end, 0.0035244 secs]
2020-09-29T12:27:59.846+0200: 51.172: [GC remark 2020-09-29T12:27:59.846+0200: 51.172: [Finalize Marking, 0.0008368 secs] 2020-09-29T12:27:59.846+0200: 51.173: [GC ref-proc, 0.0002908 secs] 2020-09-29T12:27:59.847+0200: 51.174: [Unloading, 0.0004324 secs], 0.0018706 secs]
 [Times: user=0.00 sys=0.00, real=0.00 secs] 
2020-09-29T12:27:59.848+0200: 51.175: [GC cleanup 1073M->24M(2048M), 0.0011647 secs]
 [Times: user=0.00 sys=0.00, real=0.00 secs] 
2020-09-29T12:27:59.849+0200: 51.176: [GC concurrent-cleanup-start]
2020-09-29T12:27:59.851+0200: 51.178: [GC concurrent-cleanup-end, 0.0019669 secs]
2020-09-29T12:27:59.994+0200: 51.321: [GC pause (G1 Evacuation Pause) (young), 0.1466312 secs]
   [Parallel Time: 145.4 ms, GC Workers: 8]
      [GC Worker Start (ms): Min: 51320.8, Avg: 51320.9, Max: 51321.0, Diff: 0.2]
      [Ext Root Scanning (ms): Min: 0.0, Avg: 0.1, Max: 0.2, Diff: 0.2, Sum: 0.5]
      [Update RS (ms): Min: 18.3, Avg: 18.6, Max: 19.0, Diff: 0.7, Sum: 148.7]
         [Processed Buffers: Min: 16, Avg: 18.4, Max: 20, Diff: 4, Sum: 147]
      [Scan RS (ms): Min: 17.7, Avg: 18.0, Max: 18.2, Diff: 0.5, Sum: 143.7]
      [Code Root Scanning (ms): Min: 0.0, Avg: 0.0, Max: 0.0, Diff: 0.0, Sum: 0.0]
      [Object Copy (ms): Min: 108.4, Avg: 108.5, Max: 108.6, Diff: 0.3, Sum: 867.9]
      [Termination (ms): Min: 0.0, Avg: 0.1, Max: 0.1, Diff: 0.1, Sum: 0.5]
         [Termination Attempts: Min: 1, Avg: 384.8, Max: 480, Diff: 479, Sum: 3078]
      [GC Worker Other (ms): Min: 0.0, Avg: 0.0, Max: 0.1, Diff: 0.0, Sum: 0.3]
      [GC Worker Total (ms): Min: 145.1, Avg: 145.2, Max: 145.3, Diff: 0.2, Sum: 1161.6]
      [GC Worker End (ms): Min: 51466.1, Avg: 51466.1, Max: 51466.2, Diff: 0.0]
   [Code Root Fixup: 0.0 ms]
   [Code Root Purge: 0.0 ms]
   [Clear CT: 0.2 ms]
   [Other: 1.0 ms]
      [Choose CSet: 0.0 ms]
      [Ref Proc: 0.2 ms]
      [Ref Enq: 0.0 ms]
      [Redirty Cards: 0.3 ms]
      [Humongous Register: 0.0 ms]
      [Humongous Reclaim: 0.0 ms]
      [Free CSet: 0.3 ms]
   [Eden: 283.0M(283.0M)->0.0B(268.0M) Survivors: 4096.0K->36.0M Heap: 344.7M(2048.0M)->343.2M(2048.0M)]
 [Times: user=1.05 sys=0.06, real=0.15 secs] 
2020-09-29T12:28:00.283+0200: 51.610: [GC pause (G1 Evacuation Pause) (young), 0.1494512 secs]
   [Parallel Time: 148.4 ms, GC Workers: 8]
      [GC Worker Start (ms): Min: 51609.7, Avg: 51609.8, Max: 51609.9, Diff: 0.2]
      [Ext Root Scanning (ms): Min: 0.0, Avg: 0.1, Max: 0.2, Diff: 0.2, Sum: 0.5]
      [Update RS (ms): Min: 18.5, Avg: 18.6, Max: 18.7, Diff: 0.2, Sum: 148.5]
         [Processed Buffers: Min: 20, Avg: 22.0, Max: 25, Diff: 5, Sum: 176]
      [Scan RS (ms): Min: 14.6, Avg: 14.7, Max: 14.8, Diff: 0.3, Sum: 117.3]
      [Code Root Scanning (ms): Min: 0.0, Avg: 0.0, Max: 0.0, Diff: 0.0, Sum: 0.0]
      [Object Copy (ms): Min: 114.7, Avg: 114.8, Max: 114.8, Diff: 0.2, Sum: 918.3]
      [Termination (ms): Min: 0.0, Avg: 0.0, Max: 0.0, Diff: 0.0, Sum: 0.2]
         [Termination Attempts: Min: 1, Avg: 134.0, Max: 195, Diff: 194, Sum: 1072]
      [GC Worker Other (ms): Min: 0.0, Avg: 0.1, Max: 0.1, Diff: 0.0, Sum: 0.4]
      [GC Worker Total (ms): Min: 148.1, Avg: 148.1, Max: 148.2, Diff: 0.1, Sum: 1185.2]
      [GC Worker End (ms): Min: 51758.0, Avg: 51758.0, Max: 51758.0, Diff: 0.0]
   [Code Root Fixup: 0.0 ms]
   [Code Root Purge: 0.0 ms]
   [Clear CT: 0.2 ms]
   [Other: 0.9 ms]
      [Choose CSet: 0.0 ms]
      [Ref Proc: 0.1 ms]
      [Ref Enq: 0.0 ms]
      [Redirty Cards: 0.3 ms]
      [Humongous Register: 0.0 ms]
      [Humongous Reclaim: 0.0 ms]
      [Free CSet: 0.3 ms]
   [Eden: 268.0M(268.0M)->0.0B(280.0M) Survivors: 36.0M->38.0M Heap: 657.0M(2048.0M)->659.0M(2048.0M)]
 [Times: user=1.25 sys=0.00, real=0.15 secs] 
2020-09-29T12:28:00.585+0200: 51.912: [GC pause (G1 Evacuation Pause) (young), 0.1594109 secs]
   [Parallel Time: 158.2 ms, GC Workers: 8]
      [GC Worker Start (ms): Min: 51911.7, Avg: 51911.8, Max: 51911.9, Diff: 0.2]
      [Ext Root Scanning (ms): Min: 0.0, Avg: 0.1, Max: 0.2, Diff: 0.2, Sum: 0.5]
      [Update RS (ms): Min: 18.4, Avg: 18.5, Max: 18.6, Diff: 0.2, Sum: 148.4]
         [Processed Buffers: Min: 21, Avg: 22.1, Max: 23, Diff: 2, Sum: 177]
      [Scan RS (ms): Min: 14.2, Avg: 14.3, Max: 14.5, Diff: 0.4, Sum: 114.5]
      [Code Root Scanning (ms): Min: 0.0, Avg: 0.0, Max: 0.0, Diff: 0.0, Sum: 0.0]
      [Object Copy (ms): Min: 124.8, Avg: 125.0, Max: 125.0, Diff: 0.2, Sum: 999.6]
      [Termination (ms): Min: 0.0, Avg: 0.0, Max: 0.1, Diff: 0.1, Sum: 0.3]
         [Termination Attempts: Min: 1, Avg: 313.4, Max: 408, Diff: 407, Sum: 2507]
      [GC Worker Other (ms): Min: 0.0, Avg: 0.0, Max: 0.1, Diff: 0.1, Sum: 0.3]
      [GC Worker Total (ms): Min: 157.9, Avg: 158.0, Max: 158.1, Diff: 0.2, Sum: 1263.6]
      [GC Worker End (ms): Min: 52069.7, Avg: 52069.7, Max: 52069.8, Diff: 0.1]
   [Code Root Fixup: 0.0 ms]
   [Code Root Purge: 0.0 ms]
   [Clear CT: 0.2 ms]
   [Other: 1.0 ms]
      [Choose CSet: 0.0 ms]
      [Ref Proc: 0.2 ms]
      [Ref Enq: 0.0 ms]
      [Redirty Cards: 0.4 ms]
      [Humongous Register: 0.0 ms]
      [Humongous Reclaim: 0.0 ms]
      [Free CSet: 0.2 ms]
   [Eden: 280.0M(280.0M)->0.0B(290.0M) Survivors: 38.0M->40.0M Heap: 984.7M(2048.0M)->986.7M(2048.0M)]
 [Times: user=1.22 sys=0.02, real=0.16 secs] 
2020-09-29T12:28:00.747+0200: 52.073: [GC pause (G1 Humongous Allocation) (young) (initial-mark), 0.0646035 secs]
   [Parallel Time: 63.7 ms, GC Workers: 8]
      [GC Worker Start (ms): Min: 52073.5, Avg: 52073.6, Max: 52073.7, Diff: 0.2]
      [Ext Root Scanning (ms): Min: 0.0, Avg: 0.2, Max: 0.3, Diff: 0.3, Sum: 1.5]
      [Update RS (ms): Min: 40.4, Avg: 40.8, Max: 41.4, Diff: 1.0, Sum: 326.1]
         [Processed Buffers: Min: 50, Avg: 51.5, Max: 53, Diff: 3, Sum: 412]
      [Scan RS (ms): Min: 0.0, Avg: 0.1, Max: 0.2, Diff: 0.2, Sum: 1.0]
      [Code Root Scanning (ms): Min: 0.0, Avg: 0.0, Max: 0.0, Diff: 0.0, Sum: 0.0]
      [Object Copy (ms): Min: 22.0, Avg: 22.5, Max: 22.6, Diff: 0.6, Sum: 179.7]
      [Termination (ms): Min: 0.0, Avg: 0.0, Max: 0.1, Diff: 0.1, Sum: 0.4]
         [Termination Attempts: Min: 1, Avg: 316.4, Max: 389, Diff: 388, Sum: 2531]
      [GC Worker Other (ms): Min: 0.0, Avg: 0.0, Max: 0.0, Diff: 0.0, Sum: 0.2]
      [GC Worker Total (ms): Min: 63.5, Avg: 63.6, Max: 63.6, Diff: 0.1, Sum: 508.8]
      [GC Worker End (ms): Min: 52137.2, Avg: 52137.2, Max: 52137.2, Diff: 0.0]
   [Code Root Fixup: 0.0 ms]
   [Code Root Purge: 0.0 ms]
   [Clear CT: 0.2 ms]
   [Other: 0.7 ms]
      [Choose CSet: 0.0 ms]
      [Ref Proc: 0.2 ms]
      [Ref Enq: 0.0 ms]
      [Redirty Cards: 0.1 ms]
      [Humongous Register: 0.0 ms]
      [Humongous Reclaim: 0.0 ms]
      [Free CSet: 0.1 ms]
   [Eden: 5120.0K(290.0M)->0.0B(305.0M) Survivors: 40.0M->7168.0K Heap: 991.2M(2048.0M)->995.2M(2048.0M)]
 [Times: user=0.50 sys=0.00, real=0.06 secs] 
2020-09-29T12:28:00.811+0200: 52.138: [GC concurrent-root-region-scan-start]
2020-09-29T12:28:00.813+0200: 52.140: [GC concurrent-root-region-scan-end, 0.0014606 secs]
2020-09-29T12:28:00.813+0200: 52.140: [GC concurrent-mark-start]
2020-09-29T12:28:00.816+0200: 52.143: [GC concurrent-mark-end, 0.0036480 secs]
2020-09-29T12:28:00.817+0200: 52.143: [GC remark 2020-09-29T12:28:00.817+0200: 52.143: [Finalize Marking, 0.0002427 secs] 2020-09-29T12:28:00.817+0200: 52.144: [GC ref-proc, 0.0002737 secs] 2020-09-29T12:28:00.817+0200: 52.144: [Unloading, 0.0003899 secs], 0.0012676 secs]
 [Times: user=0.00 sys=0.00, real=0.00 secs] 
2020-09-29T12:28:00.818+0200: 52.145: [GC cleanup 1007M->28M(2048M), 0.0012717 secs]
 [Times: user=0.00 sys=0.00, real=0.00 secs] 
2020-09-29T12:28:00.820+0200: 52.146: [GC concurrent-cleanup-start]
2020-09-29T12:28:00.821+0200: 52.148: [GC concurrent-cleanup-end, 0.0017469 secs]
2020-09-29T12:28:00.980+0200: 52.307: [GC pause (G1 Evacuation Pause) (young), 0.1515044 secs]
   [Parallel Time: 150.0 ms, GC Workers: 8]
      [GC Worker Start (ms): Min: 52306.9, Avg: 52307.0, Max: 52307.1, Diff: 0.2]
      [Ext Root Scanning (ms): Min: 0.0, Avg: 0.1, Max: 0.1, Diff: 0.1, Sum: 0.5]
      [Update RS (ms): Min: 18.7, Avg: 18.7, Max: 18.8, Diff: 0.1, Sum: 149.7]
         [Processed Buffers: Min: 19, Avg: 22.0, Max: 23, Diff: 4, Sum: 176]
      [Scan RS (ms): Min: 13.2, Avg: 13.3, Max: 13.4, Diff: 0.2, Sum: 106.3]
      [Code Root Scanning (ms): Min: 0.0, Avg: 0.0, Max: 0.0, Diff: 0.0, Sum: 0.0]
      [Object Copy (ms): Min: 117.6, Avg: 117.7, Max: 117.7, Diff: 0.1, Sum: 941.3]
      [Termination (ms): Min: 0.0, Avg: 0.0, Max: 0.1, Diff: 0.1, Sum: 0.3]
         [Termination Attempts: Min: 1, Avg: 221.8, Max: 318, Diff: 317, Sum: 1774]
      [GC Worker Other (ms): Min: 0.0, Avg: 0.1, Max: 0.1, Diff: 0.1, Sum: 0.5]
      [GC Worker Total (ms): Min: 149.8, Avg: 149.8, Max: 149.9, Diff: 0.1, Sum: 1198.5]
      [GC Worker End (ms): Min: 52456.8, Avg: 52456.8, Max: 52456.8, Diff: 0.1]
   [Code Root Fixup: 0.0 ms]
   [Code Root Purge: 0.0 ms]
   [Clear CT: 0.3 ms]
   [Other: 1.2 ms]
      [Choose CSet: 0.0 ms]
      [Ref Proc: 0.1 ms]
      [Ref Enq: 0.0 ms]
      [Redirty Cards: 0.4 ms]
      [Humongous Register: 0.0 ms]
      [Humongous Reclaim: 0.0 ms]
      [Free CSet: 0.3 ms]
   [Eden: 305.0M(305.0M)->0.0B(293.0M) Survivors: 7168.0K->39.0M Heap: 373.0M(2048.0M)->368.0M(2048.0M)]
 [Times: user=1.25 sys=0.00, real=0.15 secs] 
2020-09-29T12:28:01.278+0200: 52.605: [GC pause (G1 Evacuation Pause) (young), 0.1698349 secs]
   [Parallel Time: 168.6 ms, GC Workers: 8]
      [GC Worker Start (ms): Min: 52605.5, Avg: 52605.6, Max: 52605.6, Diff: 0.2]
      [Ext Root Scanning (ms): Min: 0.0, Avg: 0.1, Max: 0.2, Diff: 0.2, Sum: 0.5]
      [Update RS (ms): Min: 21.5, Avg: 21.6, Max: 21.7, Diff: 0.2, Sum: 172.6]
         [Processed Buffers: Min: 23, Avg: 25.0, Max: 27, Diff: 4, Sum: 200]
      [Scan RS (ms): Min: 15.7, Avg: 15.9, Max: 16.0, Diff: 0.4, Sum: 127.2]
      [Code Root Scanning (ms): Min: 0.0, Avg: 0.0, Max: 0.0, Diff: 0.0, Sum: 0.0]
      [Object Copy (ms): Min: 130.6, Avg: 130.7, Max: 130.8, Diff: 0.2, Sum: 1046.0]
      [Termination (ms): Min: 0.0, Avg: 0.1, Max: 0.1, Diff: 0.1, Sum: 0.5]
         [Termination Attempts: Min: 1, Avg: 423.8, Max: 567, Diff: 566, Sum: 3390]
      [GC Worker Other (ms): Min: 0.0, Avg: 0.1, Max: 0.1, Diff: 0.1, Sum: 0.4]
      [GC Worker Total (ms): Min: 168.3, Avg: 168.4, Max: 168.5, Diff: 0.2, Sum: 1347.1]
      [GC Worker End (ms): Min: 52773.9, Avg: 52774.0, Max: 52774.0, Diff: 0.1]
   [Code Root Fixup: 0.0 ms]
   [Code Root Purge: 0.0 ms]
   [Clear CT: 0.2 ms]
   [Other: 1.0 ms]
      [Choose CSet: 0.0 ms]
      [Ref Proc: 0.2 ms]
      [Ref Enq: 0.0 ms]
      [Redirty Cards: 0.3 ms]
      [Humongous Register: 0.0 ms]
      [Humongous Reclaim: 0.0 ms]
      [Free CSet: 0.3 ms]
   [Eden: 293.0M(293.0M)->0.0B(292.0M) Survivors: 39.0M->42.0M Heap: 710.6M(2048.0M)->713.1M(2048.0M)]
 [Times: user=1.34 sys=0.02, real=0.17 secs] 
2020-09-29T12:28:01.601+0200: 52.927: [GC pause (G1 Evacuation Pause) (young), 0.1652684 secs]
   [Parallel Time: 164.0 ms, GC Workers: 8]
      [GC Worker Start (ms): Min: 52927.4, Avg: 52927.5, Max: 52927.6, Diff: 0.2]
      [Ext Root Scanning (ms): Min: 0.0, Avg: 0.1, Max: 0.2, Diff: 0.2, Sum: 0.4]
      [Update RS (ms): Min: 18.4, Avg: 18.6, Max: 18.8, Diff: 0.4, Sum: 148.5]
         [Processed Buffers: Min: 20, Avg: 21.6, Max: 23, Diff: 3, Sum: 173]
      [Scan RS (ms): Min: 15.8, Avg: 16.0, Max: 16.2, Diff: 0.4, Sum: 128.3]
      [Code Root Scanning (ms): Min: 0.0, Avg: 0.0, Max: 0.0, Diff: 0.0, Sum: 0.0]
      [Object Copy (ms): Min: 129.1, Avg: 129.1, Max: 129.1, Diff: 0.0, Sum: 1032.6]
      [Termination (ms): Min: 0.0, Avg: 0.0, Max: 0.0, Diff: 0.0, Sum: 0.0]
         [Termination Attempts: Min: 1, Avg: 5.4, Max: 9, Diff: 8, Sum: 43]
      [GC Worker Other (ms): Min: 0.0, Avg: 0.0, Max: 0.1, Diff: 0.1, Sum: 0.4]
      [GC Worker Total (ms): Min: 163.7, Avg: 163.8, Max: 163.9, Diff: 0.2, Sum: 1310.3]
      [GC Worker End (ms): Min: 53091.3, Avg: 53091.3, Max: 53091.3, Diff: 0.1]
   [Code Root Fixup: 0.0 ms]
   [Code Root Purge: 0.0 ms]
   [Clear CT: 0.2 ms]
   [Other: 1.1 ms]
      [Choose CSet: 0.0 ms]
      [Ref Proc: 0.2 ms]
      [Ref Enq: 0.0 ms]
      [Redirty Cards: 0.3 ms]
      [Humongous Register: 0.0 ms]
      [Humongous Reclaim: 0.0 ms]
      [Free CSet: 0.3 ms]
   [Eden: 292.0M(292.0M)->0.0B(297.0M) Survivors: 42.0M->42.0M Heap: 1052.8M(2048.0M)->1055.3M(2048.0M)]
 [Times: user=1.20 sys=0.05, real=0.16 secs] 
2020-09-29T12:28:01.770+0200: 53.096: [GC pause (G1 Humongous Allocation) (young) (initial-mark), 0.0710317 secs]
   [Parallel Time: 70.0 ms, GC Workers: 8]
      [GC Worker Start (ms): Min: 53096.3, Avg: 53096.4, Max: 53096.5, Diff: 0.2]
      [Ext Root Scanning (ms): Min: 0.0, Avg: 2.6, Max: 19.5, Diff: 19.5, Sum: 20.6]
      [Update RS (ms): Min: 26.3, Avg: 43.1, Max: 46.0, Diff: 19.7, Sum: 345.0]
         [Processed Buffers: Min: 35, Avg: 52.1, Max: 56, Diff: 21, Sum: 417]
      [Scan RS (ms): Min: 0.3, Avg: 0.6, Max: 1.0, Diff: 0.7, Sum: 5.0]
      [Code Root Scanning (ms): Min: 0.0, Avg: 0.0, Max: 0.0, Diff: 0.0, Sum: 0.0]
      [Object Copy (ms): Min: 23.4, Avg: 23.4, Max: 23.4, Diff: 0.1, Sum: 187.2]
      [Termination (ms): Min: 0.0, Avg: 0.0, Max: 0.0, Diff: 0.0, Sum: 0.1]
         [Termination Attempts: Min: 1, Avg: 74.6, Max: 97, Diff: 96, Sum: 597]
      [GC Worker Other (ms): Min: 0.0, Avg: 0.0, Max: 0.0, Diff: 0.0, Sum: 0.1]
      [GC Worker Total (ms): Min: 69.7, Avg: 69.8, Max: 69.8, Diff: 0.2, Sum: 558.0]
      [GC Worker End (ms): Min: 53166.2, Avg: 53166.2, Max: 53166.2, Diff: 0.0]
   [Code Root Fixup: 0.0 ms]
   [Code Root Purge: 0.0 ms]
   [Clear CT: 0.2 ms]
   [Other: 0.8 ms]
      [Choose CSet: 0.0 ms]
      [Ref Proc: 0.2 ms]
      [Ref Enq: 0.0 ms]
      [Redirty Cards: 0.2 ms]
      [Humongous Register: 0.1 ms]
      [Humongous Reclaim: 0.0 ms]
      [Free CSet: 0.1 ms]
   [Eden: 3072.0K(297.0M)->0.0B(304.0M) Survivors: 42.0M->4096.0K Heap: 1058.3M(2048.0M)->1061.3M(2048.0M)]
 [Times: user=0.59 sys=0.00, real=0.07 secs] 
2020-09-29T12:28:01.841+0200: 53.167: [GC concurrent-root-region-scan-start]
2020-09-29T12:28:01.843+0200: 53.169: [GC concurrent-root-region-scan-end, 0.0017943 secs]
2020-09-29T12:28:01.843+0200: 53.169: [GC concurrent-mark-start]
2020-09-29T12:28:01.848+0200: 53.174: [GC concurrent-mark-end, 0.0048822 secs]
2020-09-29T12:28:01.848+0200: 53.174: [GC remark 2020-09-29T12:28:01.848+0200: 53.174: [Finalize Marking, 0.0002463 secs] 2020-09-29T12:28:01.848+0200: 53.174: [GC ref-proc, 0.0003242 secs] 2020-09-29T12:28:01.848+0200: 53.175: [Unloading, 0.0007602 secs], 0.0044412 secs]
 [Times: user=0.00 sys=0.02, real=0.00 secs] 
2020-09-29T12:28:01.853+0200: 53.179: [GC cleanup 1077M->29M(2048M), 0.0015414 secs]
 [Times: user=0.00 sys=0.00, real=0.00 secs] 
2020-09-29T12:28:01.854+0200: 53.181: [GC concurrent-cleanup-start]
2020-09-29T12:28:01.856+0200: 53.182: [GC concurrent-cleanup-end, 0.0013138 secs]
2020-09-29T12:28:02.009+0200: 53.335: [GC pause (G1 Evacuation Pause) (young), 0.1518773 secs]
   [Parallel Time: 150.3 ms, GC Workers: 8]
      [GC Worker Start (ms): Min: 53335.0, Avg: 53335.1, Max: 53335.2, Diff: 0.2]
      [Ext Root Scanning (ms): Min: 0.0, Avg: 0.1, Max: 0.2, Diff: 0.2, Sum: 0.4]
      [Update RS (ms): Min: 18.1, Avg: 18.2, Max: 18.5, Diff: 0.5, Sum: 145.4]
         [Processed Buffers: Min: 19, Avg: 20.1, Max: 22, Diff: 3, Sum: 161]
      [Scan RS (ms): Min: 13.5, Avg: 13.9, Max: 14.1, Diff: 0.5, Sum: 111.2]
      [Code Root Scanning (ms): Min: 0.0, Avg: 0.0, Max: 0.0, Diff: 0.0, Sum: 0.0]
      [Object Copy (ms): Min: 117.7, Avg: 117.8, Max: 117.9, Diff: 0.2, Sum: 942.5]
      [Termination (ms): Min: 0.0, Avg: 0.1, Max: 0.1, Diff: 0.1, Sum: 0.7]
         [Termination Attempts: Min: 1, Avg: 632.6, Max: 752, Diff: 751, Sum: 5061]
      [GC Worker Other (ms): Min: 0.0, Avg: 0.0, Max: 0.1, Diff: 0.0, Sum: 0.2]
      [GC Worker Total (ms): Min: 150.0, Avg: 150.1, Max: 150.2, Diff: 0.2, Sum: 1200.5]
      [GC Worker End (ms): Min: 53485.2, Avg: 53485.2, Max: 53485.2, Diff: 0.0]
   [Code Root Fixup: 0.0 ms]
   [Code Root Purge: 0.0 ms]
   [Clear CT: 0.4 ms]
   [Other: 1.2 ms]
      [Choose CSet: 0.0 ms]
      [Ref Proc: 0.4 ms]
      [Ref Enq: 0.0 ms]
      [Redirty Cards: 0.4 ms]
      [Humongous Register: 0.0 ms]
      [Humongous Reclaim: 0.0 ms]
      [Free CSet: 0.2 ms]
   [Eden: 304.0M(304.0M)->0.0B(289.0M) Survivors: 4096.0K->39.0M Heap: 369.5M(2048.0M)->367.5M(2048.0M)]
 [Times: user=1.13 sys=0.01, real=0.15 secs] 
2020-09-29T12:28:02.308+0200: 53.635: [GC pause (G1 Evacuation Pause) (young), 0.1781734 secs]
   [Parallel Time: 177.0 ms, GC Workers: 8]
      [GC Worker Start (ms): Min: 53634.8, Avg: 53634.9, Max: 53634.9, Diff: 0.1]
      [Ext Root Scanning (ms): Min: 0.0, Avg: 0.1, Max: 0.1, Diff: 0.1, Sum: 0.7]
      [Update RS (ms): Min: 23.8, Avg: 24.1, Max: 24.5, Diff: 0.7, Sum: 193.1]
         [Processed Buffers: Min: 21, Avg: 24.1, Max: 26, Diff: 5, Sum: 193]
      [Scan RS (ms): Min: 17.5, Avg: 19.3, Max: 29.4, Diff: 11.9, Sum: 154.3]
      [Code Root Scanning (ms): Min: 0.0, Avg: 0.0, Max: 0.0, Diff: 0.0, Sum: 0.0]
      [Object Copy (ms): Min: 123.4, Avg: 133.3, Max: 134.7, Diff: 11.4, Sum: 1066.2]
      [Termination (ms): Min: 0.0, Avg: 0.0, Max: 0.0, Diff: 0.0, Sum: 0.2]
         [Termination Attempts: Min: 1, Avg: 226.4, Max: 294, Diff: 293, Sum: 1811]
      [GC Worker Other (ms): Min: 0.0, Avg: 0.0, Max: 0.1, Diff: 0.0, Sum: 0.3]
      [GC Worker Total (ms): Min: 176.8, Avg: 176.9, Max: 176.9, Diff: 0.1, Sum: 1414.9]
      [GC Worker End (ms): Min: 53811.7, Avg: 53811.7, Max: 53811.8, Diff: 0.0]
   [Code Root Fixup: 0.0 ms]
   [Code Root Purge: 0.0 ms]
   [Clear CT: 0.2 ms]
   [Other: 1.0 ms]
      [Choose CSet: 0.0 ms]
      [Ref Proc: 0.2 ms]
      [Ref Enq: 0.0 ms]
      [Redirty Cards: 0.2 ms]
      [Humongous Register: 0.0 ms]
      [Humongous Reclaim: 0.0 ms]
      [Free CSet: 0.3 ms]
   [Eden: 289.0M(289.0M)->0.0B(276.0M) Survivors: 39.0M->41.0M Heap: 704.2M(2048.0M)->706.2M(2048.0M)]
 [Times: user=1.36 sys=0.00, real=0.18 secs] 
2020-09-29T12:28:02.642+0200: 53.968: [GC pause (G1 Evacuation Pause) (young), 0.1634073 secs]
   [Parallel Time: 162.3 ms, GC Workers: 8]
      [GC Worker Start (ms): Min: 53968.4, Avg: 53968.4, Max: 53968.5, Diff: 0.1]
      [Ext Root Scanning (ms): Min: 0.0, Avg: 0.1, Max: 0.1, Diff: 0.1, Sum: 0.5]
      [Update RS (ms): Min: 22.9, Avg: 23.2, Max: 23.6, Diff: 0.7, Sum: 185.2]
         [Processed Buffers: Min: 24, Avg: 26.4, Max: 27, Diff: 3, Sum: 211]
      [Scan RS (ms): Min: 12.2, Avg: 12.7, Max: 12.9, Diff: 0.7, Sum: 101.4]
      [Code Root Scanning (ms): Min: 0.0, Avg: 0.0, Max: 0.0, Diff: 0.0, Sum: 0.0]
      [Object Copy (ms): Min: 126.0, Avg: 126.2, Max: 126.2, Diff: 0.2, Sum: 1009.3]
      [Termination (ms): Min: 0.0, Avg: 0.0, Max: 0.0, Diff: 0.0, Sum: 0.0]
         [Termination Attempts: Min: 1, Avg: 11.0, Max: 20, Diff: 19, Sum: 88]
      [GC Worker Other (ms): Min: 0.0, Avg: 0.0, Max: 0.1, Diff: 0.1, Sum: 0.4]
      [GC Worker Total (ms): Min: 162.0, Avg: 162.1, Max: 162.2, Diff: 0.2, Sum: 1296.8]
      [GC Worker End (ms): Min: 54130.5, Avg: 54130.5, Max: 54130.6, Diff: 0.1]
   [Code Root Fixup: 0.0 ms]
   [Code Root Purge: 0.0 ms]
   [Clear CT: 0.2 ms]
   [Other: 0.9 ms]
      [Choose CSet: 0.0 ms]
      [Ref Proc: 0.1 ms]
      [Ref Enq: 0.0 ms]
      [Redirty Cards: 0.2 ms]
      [Humongous Register: 0.0 ms]
      [Humongous Reclaim: 0.0 ms]
      [Free CSet: 0.3 ms]
   [Eden: 276.0M(276.0M)->0.0B(287.0M) Survivors: 41.0M->40.0M Heap: 1028.0M(2048.0M)->1030.5M(2048.0M)]
 [Times: user=1.30 sys=0.03, real=0.16 secs] 
2020-09-29T12:28:02.812+0200: 54.138: [GC pause (G1 Humongous Allocation) (young) (initial-mark), 0.0535937 secs]
   [Parallel Time: 52.4 ms, GC Workers: 8]
      [GC Worker Start (ms): Min: 54138.5, Avg: 54138.6, Max: 54138.7, Diff: 0.2]
      [Ext Root Scanning (ms): Min: 0.0, Avg: 0.2, Max: 0.4, Diff: 0.4, Sum: 1.5]
      [Update RS (ms): Min: 33.9, Avg: 34.2, Max: 34.5, Diff: 0.6, Sum: 273.7]
         [Processed Buffers: Min: 41, Avg: 42.3, Max: 44, Diff: 3, Sum: 338]
      [Scan RS (ms): Min: 2.1, Avg: 2.3, Max: 2.6, Diff: 0.6, Sum: 18.4]
      [Code Root Scanning (ms): Min: 0.0, Avg: 0.0, Max: 0.0, Diff: 0.0, Sum: 0.0]
      [Object Copy (ms): Min: 15.5, Avg: 15.6, Max: 15.6, Diff: 0.1, Sum: 124.6]
      [Termination (ms): Min: 0.0, Avg: 0.0, Max: 0.0, Diff: 0.0, Sum: 0.0]
         [Termination Attempts: Min: 1, Avg: 6.4, Max: 9, Diff: 8, Sum: 51]
      [GC Worker Other (ms): Min: 0.0, Avg: 0.0, Max: 0.0, Diff: 0.0, Sum: 0.1]
      [GC Worker Total (ms): Min: 52.2, Avg: 52.3, Max: 52.3, Diff: 0.2, Sum: 418.3]
      [GC Worker End (ms): Min: 54190.8, Avg: 54190.8, Max: 54190.8, Diff: 0.0]
   [Code Root Fixup: 0.0 ms]
   [Code Root Purge: 0.0 ms]
   [Clear CT: 0.1 ms]
   [Other: 1.1 ms]
      [Choose CSet: 0.0 ms]
      [Ref Proc: 0.3 ms]
      [Ref Enq: 0.0 ms]
      [Redirty Cards: 0.3 ms]
      [Humongous Register: 0.1 ms]
      [Humongous Reclaim: 0.0 ms]
      [Free CSet: 0.1 ms]
   [Eden: 1024.0K(287.0M)->0.0B(349.0M) Survivors: 40.0M->4096.0K Heap: 1031.5M(2048.0M)->1035.5M(2048.0M)]
 [Times: user=0.50 sys=0.00, real=0.05 secs] 
2020-09-29T12:28:02.866+0200: 54.192: [GC concurrent-root-region-scan-start]
2020-09-29T12:28:02.866+0200: 54.193: [GC concurrent-root-region-scan-end, 0.0004296 secs]
2020-09-29T12:28:02.866+0200: 54.193: [GC concurrent-mark-start]
2020-09-29T12:28:02.870+0200: 54.196: [GC concurrent-mark-end, 0.0038767 secs]
2020-09-29T12:28:02.871+0200: 54.197: [GC remark 2020-09-29T12:28:02.871+0200: 54.197: [Finalize Marking, 0.0001574 secs] 2020-09-29T12:28:02.871+0200: 54.197: [GC ref-proc, 0.0003763 secs] 2020-09-29T12:28:02.871+0200: 54.197: [Unloading, 0.0016099 secs], 0.0030529 secs]
 [Times: user=0.00 sys=0.00, real=0.00 secs] 
2020-09-29T12:28:02.874+0200: 54.201: [GC cleanup 1045M->23M(2048M), 0.0027961 secs]
 [Times: user=0.00 sys=0.00, real=0.00 secs] 
2020-09-29T12:28:02.877+0200: 54.203: [GC concurrent-cleanup-start]
2020-09-29T12:28:02.879+0200: 54.205: [GC concurrent-cleanup-end, 0.0016953 secs]
2020-09-29T12:28:03.061+0200: 54.387: [GC pause (G1 Evacuation Pause) (young), 0.1728640 secs]
   [Parallel Time: 171.7 ms, GC Workers: 8]
      [GC Worker Start (ms): Min: 54387.5, Avg: 54387.6, Max: 54387.6, Diff: 0.2]
      [Ext Root Scanning (ms): Min: 0.0, Avg: 0.1, Max: 0.2, Diff: 0.2, Sum: 0.5]
      [Update RS (ms): Min: 17.9, Avg: 18.1, Max: 18.3, Diff: 0.4, Sum: 144.5]
         [Processed Buffers: Min: 18, Avg: 20.9, Max: 23, Diff: 5, Sum: 167]
      [Scan RS (ms): Min: 17.8, Avg: 18.1, Max: 18.3, Diff: 0.5, Sum: 145.0]
      [Code Root Scanning (ms): Min: 0.0, Avg: 0.0, Max: 0.0, Diff: 0.0, Sum: 0.0]
      [Object Copy (ms): Min: 134.9, Avg: 135.1, Max: 135.1, Diff: 0.2, Sum: 1080.4]
      [Termination (ms): Min: 0.0, Avg: 0.0, Max: 0.1, Diff: 0.1, Sum: 0.4]
         [Termination Attempts: Min: 1, Avg: 305.0, Max: 377, Diff: 376, Sum: 2440]
      [GC Worker Other (ms): Min: 0.0, Avg: 0.1, Max: 0.1, Diff: 0.1, Sum: 0.4]
      [GC Worker Total (ms): Min: 171.3, Avg: 171.4, Max: 171.5, Diff: 0.2, Sum: 1371.2]
      [GC Worker End (ms): Min: 54558.9, Avg: 54559.0, Max: 54559.0, Diff: 0.1]
   [Code Root Fixup: 0.0 ms]
   [Code Root Purge: 0.0 ms]
   [Clear CT: 0.3 ms]
   [Other: 0.9 ms]
      [Choose CSet: 0.0 ms]
      [Ref Proc: 0.2 ms]
      [Ref Enq: 0.0 ms]
      [Redirty Cards: 0.3 ms]
      [Humongous Register: 0.1 ms]
      [Humongous Reclaim: 0.0 ms]
      [Free CSet: 0.2 ms]
   [Eden: 349.0M(349.0M)->0.0B(309.0M) Survivors: 4096.0K->45.0M Heap: 421.6M(2048.0M)->419.6M(2048.0M)]
 [Times: user=1.36 sys=0.02, real=0.17 secs] 
2020-09-29T12:28:03.420+0200: 54.746: [GC pause (G1 Evacuation Pause) (young), 0.2607854 secs]
   [Parallel Time: 259.2 ms, GC Workers: 8]
      [GC Worker Start (ms): Min: 54746.1, Avg: 54746.2, Max: 54746.3, Diff: 0.2]
      [Ext Root Scanning (ms): Min: 0.0, Avg: 0.1, Max: 0.2, Diff: 0.2, Sum: 0.7]
      [Update RS (ms): Min: 28.8, Avg: 29.1, Max: 29.4, Diff: 0.6, Sum: 232.5]
         [Processed Buffers: Min: 20, Avg: 24.1, Max: 27, Diff: 7, Sum: 193]
      [Scan RS (ms): Min: 23.4, Avg: 23.9, Max: 24.2, Diff: 0.8, Sum: 190.9]
      [Code Root Scanning (ms): Min: 0.0, Avg: 0.0, Max: 0.0, Diff: 0.0, Sum: 0.0]
      [Object Copy (ms): Min: 205.7, Avg: 205.9, Max: 206.0, Diff: 0.2, Sum: 1646.8]
      [Termination (ms): Min: 0.0, Avg: 0.1, Max: 0.1, Diff: 0.1, Sum: 0.5]
         [Termination Attempts: Min: 1, Avg: 278.9, Max: 395, Diff: 394, Sum: 2231]
      [GC Worker Other (ms): Min: 0.0, Avg: 0.0, Max: 0.1, Diff: 0.1, Sum: 0.3]
      [GC Worker Total (ms): Min: 258.9, Avg: 259.0, Max: 259.1, Diff: 0.2, Sum: 2071.7]
      [GC Worker End (ms): Min: 55005.1, Avg: 55005.2, Max: 55005.2, Diff: 0.1]
   [Code Root Fixup: 0.0 ms]
   [Code Root Purge: 0.0 ms]
   [Clear CT: 0.2 ms]
   [Other: 1.3 ms]
      [Choose CSet: 0.0 ms]
      [Ref Proc: 0.2 ms]
      [Ref Enq: 0.0 ms]
      [Redirty Cards: 0.4 ms]
      [Humongous Register: 0.0 ms]
      [Humongous Reclaim: 0.0 ms]
      [Free CSet: 0.4 ms]
   [Eden: 309.0M(309.0M)->0.0B(223.0M) Survivors: 45.0M->45.0M Heap: 780.1M(2048.0M)->782.1M(2048.0M)]
 [Times: user=2.13 sys=0.00, real=0.26 secs] 
2020-09-29T12:28:03.851+0200: 55.177: [GC pause (G1 Evacuation Pause) (young), 0.2049005 secs]
   [Parallel Time: 203.6 ms, GC Workers: 8]
      [GC Worker Start (ms): Min: 55177.3, Avg: 55177.4, Max: 55177.5, Diff: 0.2]
      [Ext Root Scanning (ms): Min: 0.0, Avg: 0.1, Max: 0.2, Diff: 0.2, Sum: 0.7]
      [Update RS (ms): Min: 24.8, Avg: 25.1, Max: 25.3, Diff: 0.5, Sum: 200.6]
         [Processed Buffers: Min: 18, Avg: 20.6, Max: 23, Diff: 5, Sum: 165]
      [Scan RS (ms): Min: 14.0, Avg: 14.3, Max: 14.6, Diff: 0.6, Sum: 114.5]
      [Code Root Scanning (ms): Min: 0.0, Avg: 0.0, Max: 0.0, Diff: 0.0, Sum: 0.0]
      [Object Copy (ms): Min: 163.5, Avg: 163.8, Max: 163.9, Diff: 0.3, Sum: 1310.0]
      [Termination (ms): Min: 0.0, Avg: 0.1, Max: 0.2, Diff: 0.2, Sum: 0.8]
         [Termination Attempts: Min: 1, Avg: 536.4, Max: 730, Diff: 729, Sum: 4291]
      [GC Worker Other (ms): Min: 0.0, Avg: 0.0, Max: 0.1, Diff: 0.1, Sum: 0.4]
      [GC Worker Total (ms): Min: 203.3, Avg: 203.4, Max: 203.5, Diff: 0.2, Sum: 1627.1]
      [GC Worker End (ms): Min: 55380.8, Avg: 55380.8, Max: 55380.8, Diff: 0.1]
   [Code Root Fixup: 0.0 ms]
   [Code Root Purge: 0.0 ms]
   [Clear CT: 0.2 ms]
   [Other: 1.1 ms]
      [Choose CSet: 0.0 ms]
      [Ref Proc: 0.2 ms]
      [Ref Enq: 0.0 ms]
      [Redirty Cards: 0.4 ms]
      [Humongous Register: 0.1 ms]
      [Humongous Reclaim: 0.0 ms]
      [Free CSet: 0.2 ms]
   [Eden: 223.0M(223.0M)->0.0B(207.0M) Survivors: 45.0M->34.0M Heap: 1041.4M(2048.0M)->1043.4M(2048.0M)]
 [Times: user=1.61 sys=0.00, real=0.20 secs] 
2020-09-29T12:28:04.067+0200: 55.393: [GC pause (G1 Humongous Allocation) (young) (initial-mark), 0.0564722 secs]
   [Parallel Time: 55.5 ms, GC Workers: 8]
      [GC Worker Start (ms): Min: 55393.4, Avg: 55393.5, Max: 55393.6, Diff: 0.2]
      [Ext Root Scanning (ms): Min: 0.0, Avg: 0.5, Max: 1.4, Diff: 1.4, Sum: 3.6]
      [Update RS (ms): Min: 32.0, Avg: 33.2, Max: 33.8, Diff: 1.8, Sum: 265.5]
         [Processed Buffers: Min: 29, Avg: 31.0, Max: 33, Diff: 4, Sum: 248]
      [Scan RS (ms): Min: 2.5, Avg: 2.8, Max: 3.1, Diff: 0.5, Sum: 22.3]
      [Code Root Scanning (ms): Min: 0.0, Avg: 0.0, Max: 0.0, Diff: 0.0, Sum: 0.0]
      [Object Copy (ms): Min: 18.7, Avg: 18.8, Max: 18.8, Diff: 0.1, Sum: 150.1]
      [Termination (ms): Min: 0.0, Avg: 0.0, Max: 0.0, Diff: 0.0, Sum: 0.0]
         [Termination Attempts: Min: 1, Avg: 10.4, Max: 16, Diff: 15, Sum: 83]
      [GC Worker Other (ms): Min: 0.0, Avg: 0.0, Max: 0.0, Diff: 0.0, Sum: 0.1]
      [GC Worker Total (ms): Min: 55.1, Avg: 55.2, Max: 55.3, Diff: 0.2, Sum: 441.6]
      [GC Worker End (ms): Min: 55448.7, Avg: 55448.7, Max: 55448.7, Diff: 0.0]
   [Code Root Fixup: 0.0 ms]
   [Code Root Purge: 0.0 ms]
   [Clear CT: 0.3 ms]
   [Other: 0.7 ms]
      [Choose CSet: 0.0 ms]
      [Ref Proc: 0.2 ms]
      [Ref Enq: 0.0 ms]
      [Redirty Cards: 0.2 ms]
      [Humongous Register: 0.0 ms]
      [Humongous Reclaim: 0.0 ms]
      [Free CSet: 0.1 ms]
   [Eden: 1024.0K(207.0M)->0.0B(279.0M) Survivors: 34.0M->4096.0K Heap: 1043.9M(2048.0M)->1049.4M(2048.0M)]
 [Times: user=0.38 sys=0.00, real=0.06 secs] 
2020-09-29T12:28:04.124+0200: 55.450: [GC concurrent-root-region-scan-start]
2020-09-29T12:28:04.124+0200: 55.450: [GC concurrent-root-region-scan-end, 0.0001963 secs]
2020-09-29T12:28:04.124+0200: 55.450: [GC concurrent-mark-start]
2020-09-29T12:28:04.127+0200: 55.453: [GC concurrent-mark-end, 0.0032813 secs]
2020-09-29T12:28:04.127+0200: 55.454: [GC remark 2020-09-29T12:28:04.127+0200: 55.454: [Finalize Marking, 0.0002103 secs] 2020-09-29T12:28:04.128+0200: 55.454: [GC ref-proc, 0.0004643 secs] 2020-09-29T12:28:04.128+0200: 55.454: [Unloading, 0.0005720 secs], 0.0016199 secs]
 [Times: user=0.00 sys=0.00, real=0.00 secs] 
2020-09-29T12:28:04.129+0200: 55.456: [GC cleanup 1057M->21M(2048M), 0.0015854 secs]
 [Times: user=0.02 sys=0.00, real=0.00 secs] 
2020-09-29T12:28:04.131+0200: 55.458: [GC concurrent-cleanup-start]
2020-09-29T12:28:04.133+0200: 55.459: [GC concurrent-cleanup-end, 0.0019570 secs]
2020-09-29T12:28:04.313+0200: 55.639: [GC pause (G1 Evacuation Pause) (young), 0.1974525 secs]
   [Parallel Time: 196.1 ms, GC Workers: 8]
      [GC Worker Start (ms): Min: 55639.3, Avg: 55639.6, Max: 55640.2, Diff: 0.9]
      [Ext Root Scanning (ms): Min: 0.0, Avg: 0.1, Max: 0.2, Diff: 0.2, Sum: 0.6]
      [Update RS (ms): Min: 15.8, Avg: 16.6, Max: 17.4, Diff: 1.6, Sum: 132.4]
         [Processed Buffers: Min: 14, Avg: 15.0, Max: 16, Diff: 2, Sum: 120]
      [Scan RS (ms): Min: 19.0, Avg: 19.8, Max: 20.7, Diff: 1.6, Sum: 158.6]
      [Code Root Scanning (ms): Min: 0.0, Avg: 0.0, Max: 0.0, Diff: 0.0, Sum: 0.0]
      [Object Copy (ms): Min: 158.6, Avg: 159.2, Max: 159.4, Diff: 0.8, Sum: 1273.4]
      [Termination (ms): Min: 0.0, Avg: 0.1, Max: 0.1, Diff: 0.1, Sum: 0.8]
         [Termination Attempts: Min: 1, Avg: 514.4, Max: 620, Diff: 619, Sum: 4115]
      [GC Worker Other (ms): Min: 0.0, Avg: 0.0, Max: 0.1, Diff: 0.1, Sum: 0.3]
      [GC Worker Total (ms): Min: 195.1, Avg: 195.8, Max: 196.0, Diff: 0.9, Sum: 1566.3]
      [GC Worker End (ms): Min: 55835.3, Avg: 55835.3, Max: 55835.4, Diff: 0.1]
   [Code Root Fixup: 0.0 ms]
   [Code Root Purge: 0.0 ms]
   [Clear CT: 0.2 ms]
   [Other: 1.1 ms]
      [Choose CSet: 0.0 ms]
      [Ref Proc: 0.1 ms]
      [Ref Enq: 0.0 ms]
      [Redirty Cards: 0.3 ms]
      [Humongous Register: 0.1 ms]
      [Humongous Reclaim: 0.0 ms]
      [Free CSet: 0.3 ms]
   [Eden: 279.0M(279.0M)->0.0B(224.0M) Survivors: 4096.0K->36.0M Heap: 340.7M(2048.0M)->338.7M(2048.0M)]
 [Times: user=1.56 sys=0.06, real=0.20 secs] 
2020-09-29T12:28:04.671+0200: 55.997: [GC pause (G1 Evacuation Pause) (young), 0.2036456 secs]
   [Parallel Time: 202.2 ms, GC Workers: 8]
      [GC Worker Start (ms): Min: 55997.3, Avg: 55997.4, Max: 55997.5, Diff: 0.2]
      [Ext Root Scanning (ms): Min: 0.0, Avg: 0.1, Max: 0.2, Diff: 0.2, Sum: 0.6]
      [Update RS (ms): Min: 21.3, Avg: 21.6, Max: 21.8, Diff: 0.6, Sum: 172.6]
         [Processed Buffers: Min: 14, Avg: 17.0, Max: 20, Diff: 6, Sum: 136]
      [Scan RS (ms): Min: 15.0, Avg: 15.3, Max: 15.7, Diff: 0.7, Sum: 122.7]
      [Code Root Scanning (ms): Min: 0.0, Avg: 0.0, Max: 0.0, Diff: 0.0, Sum: 0.0]
      [Object Copy (ms): Min: 164.7, Avg: 164.8, Max: 165.0, Diff: 0.3, Sum: 1318.7]
      [Termination (ms): Min: 0.1, Avg: 0.2, Max: 0.3, Diff: 0.2, Sum: 1.3]
         [Termination Attempts: Min: 1, Avg: 596.6, Max: 909, Diff: 908, Sum: 4773]
      [GC Worker Other (ms): Min: 0.0, Avg: 0.0, Max: 0.1, Diff: 0.0, Sum: 0.3]
      [GC Worker Total (ms): Min: 201.9, Avg: 202.0, Max: 202.1, Diff: 0.2, Sum: 1616.2]
      [GC Worker End (ms): Min: 56199.4, Avg: 56199.4, Max: 56199.5, Diff: 0.0]
   [Code Root Fixup: 0.0 ms]
   [Code Root Purge: 0.0 ms]
   [Clear CT: 0.2 ms]
   [Other: 1.2 ms]
      [Choose CSet: 0.0 ms]
      [Ref Proc: 0.2 ms]
      [Ref Enq: 0.0 ms]
      [Redirty Cards: 0.3 ms]
      [Humongous Register: 0.0 ms]
      [Humongous Reclaim: 0.0 ms]
      [Free CSet: 0.3 ms]
   [Eden: 224.0M(224.0M)->0.0B(201.0M) Survivors: 36.0M->33.0M Heap: 598.9M(2048.0M)->600.4M(2048.0M)]
 [Times: user=1.49 sys=0.01, real=0.20 secs] 
2020-09-29T12:28:05.023+0200: 56.349: [GC pause (G1 Evacuation Pause) (young), 0.1561460 secs]
   [Parallel Time: 154.7 ms, GC Workers: 8]
      [GC Worker Start (ms): Min: 56349.2, Avg: 56349.3, Max: 56349.4, Diff: 0.3]
      [Ext Root Scanning (ms): Min: 0.0, Avg: 0.1, Max: 0.2, Diff: 0.2, Sum: 0.8]
      [Update RS (ms): Min: 16.1, Avg: 16.4, Max: 16.7, Diff: 0.6, Sum: 131.3]
         [Processed Buffers: Min: 13, Avg: 14.4, Max: 17, Diff: 4, Sum: 115]
      [Scan RS (ms): Min: 13.7, Avg: 14.0, Max: 14.3, Diff: 0.5, Sum: 112.2]
      [Code Root Scanning (ms): Min: 0.0, Avg: 0.0, Max: 0.0, Diff: 0.0, Sum: 0.0]
      [Object Copy (ms): Min: 123.7, Avg: 123.8, Max: 123.9, Diff: 0.2, Sum: 990.5]
      [Termination (ms): Min: 0.0, Avg: 0.0, Max: 0.0, Diff: 0.0, Sum: 0.2]
         [Termination Attempts: Min: 1, Avg: 148.5, Max: 200, Diff: 199, Sum: 1188]
      [GC Worker Other (ms): Min: 0.0, Avg: 0.0, Max: 0.1, Diff: 0.1, Sum: 0.3]
      [GC Worker Total (ms): Min: 154.2, Avg: 154.4, Max: 154.5, Diff: 0.3, Sum: 1235.4]
      [GC Worker End (ms): Min: 56503.7, Avg: 56503.7, Max: 56503.7, Diff: 0.1]
   [Code Root Fixup: 0.0 ms]
   [Code Root Purge: 0.0 ms]
   [Clear CT: 0.4 ms]
   [Other: 1.0 ms]
      [Choose CSet: 0.0 ms]
      [Ref Proc: 0.2 ms]
      [Ref Enq: 0.0 ms]
      [Redirty Cards: 0.4 ms]
      [Humongous Register: 0.0 ms]
      [Humongous Reclaim: 0.0 ms]
      [Free CSet: 0.2 ms]
   [Eden: 201.0M(201.0M)->0.0B(213.0M) Survivors: 33.0M->30.0M Heap: 835.8M(2048.0M)->838.3M(2048.0M)]
 [Times: user=1.25 sys=0.00, real=0.16 secs] 
2020-09-29T12:28:05.323+0200: 56.649: [GC pause (G1 Evacuation Pause) (young), 0.1882751 secs]
   [Parallel Time: 187.1 ms, GC Workers: 8]
      [GC Worker Start (ms): Min: 56649.4, Avg: 56649.5, Max: 56649.6, Diff: 0.2]
      [Ext Root Scanning (ms): Min: 0.0, Avg: 0.1, Max: 0.2, Diff: 0.2, Sum: 0.7]
      [Update RS (ms): Min: 18.8, Avg: 19.0, Max: 19.1, Diff: 0.3, Sum: 151.9]
         [Processed Buffers: Min: 15, Avg: 16.8, Max: 19, Diff: 4, Sum: 134]
      [Scan RS (ms): Min: 16.0, Avg: 16.5, Max: 18.3, Diff: 2.3, Sum: 131.9]
      [Code Root Scanning (ms): Min: 0.0, Avg: 0.0, Max: 0.0, Diff: 0.0, Sum: 0.0]
      [Object Copy (ms): Min: 149.5, Avg: 151.2, Max: 151.6, Diff: 2.1, Sum: 1209.6]
      [Termination (ms): Min: 0.0, Avg: 0.0, Max: 0.1, Diff: 0.1, Sum: 0.3]
         [Termination Attempts: Min: 1, Avg: 209.3, Max: 282, Diff: 281, Sum: 1674]
      [GC Worker Other (ms): Min: 0.0, Avg: 0.1, Max: 0.1, Diff: 0.1, Sum: 0.4]
      [GC Worker Total (ms): Min: 186.7, Avg: 186.9, Max: 187.0, Diff: 0.3, Sum: 1494.8]
      [GC Worker End (ms): Min: 56836.4, Avg: 56836.4, Max: 56836.4, Diff: 0.1]
   [Code Root Fixup: 0.0 ms]
   [Code Root Purge: 0.0 ms]
   [Clear CT: 0.2 ms]
   [Other: 1.0 ms]
      [Choose CSet: 0.0 ms]
      [Ref Proc: 0.2 ms]
      [Ref Enq: 0.0 ms]
      [Redirty Cards: 0.3 ms]
      [Humongous Register: 0.0 ms]
      [Humongous Reclaim: 0.0 ms]
      [Free CSet: 0.2 ms]
   [Eden: 213.0M(213.0M)->0.0B(204.0M) Survivors: 30.0M->31.0M Heap: 1087.5M(2048.0M)->1090.0M(2048.0M)]
 [Times: user=1.45 sys=0.02, real=0.19 secs] 
2020-09-29T12:28:05.521+0200: 56.847: [GC pause (G1 Humongous Allocation) (young) (initial-mark), 0.0683598 secs]
   [Parallel Time: 67.3 ms, GC Workers: 8]
      [GC Worker Start (ms): Min: 56847.7, Avg: 56847.7, Max: 56847.8, Diff: 0.2]
      [Ext Root Scanning (ms): Min: 0.0, Avg: 0.1, Max: 0.2, Diff: 0.2, Sum: 0.8]
      [Update RS (ms): Min: 34.8, Avg: 35.9, Max: 41.6, Diff: 6.7, Sum: 287.2]
         [Processed Buffers: Min: 28, Avg: 31.8, Max: 34, Diff: 6, Sum: 254]
      [Scan RS (ms): Min: 0.0, Avg: 2.8, Max: 3.6, Diff: 3.6, Sum: 22.6]
      [Code Root Scanning (ms): Min: 0.0, Avg: 0.0, Max: 0.0, Diff: 0.0, Sum: 0.0]
      [Object Copy (ms): Min: 25.4, Avg: 28.2, Max: 28.7, Diff: 3.3, Sum: 225.8]
      [Termination (ms): Min: 0.0, Avg: 0.0, Max: 0.0, Diff: 0.0, Sum: 0.0]
         [Termination Attempts: Min: 1, Avg: 20.0, Max: 31, Diff: 30, Sum: 160]
      [GC Worker Other (ms): Min: 0.0, Avg: 0.0, Max: 0.1, Diff: 0.0, Sum: 0.2]
      [GC Worker Total (ms): Min: 67.0, Avg: 67.1, Max: 67.2, Diff: 0.2, Sum: 536.6]
      [GC Worker End (ms): Min: 56914.8, Avg: 56914.8, Max: 56914.8, Diff: 0.0]
   [Code Root Fixup: 0.0 ms]
   [Code Root Purge: 0.0 ms]
   [Clear CT: 0.2 ms]
   [Other: 0.8 ms]
      [Choose CSet: 0.0 ms]
      [Ref Proc: 0.2 ms]
      [Ref Enq: 0.0 ms]
      [Redirty Cards: 0.2 ms]
      [Humongous Register: 0.0 ms]
      [Humongous Reclaim: 0.0 ms]
      [Free CSet: 0.1 ms]
   [Eden: 11.0M(204.0M)->0.0B(217.0M) Survivors: 31.0M->12.0M Heap: 1100.5M(2048.0M)->1103.5M(2048.0M)]
 [Times: user=0.50 sys=0.00, real=0.07 secs] 
2020-09-29T12:28:05.590+0200: 56.916: [GC concurrent-root-region-scan-start]
2020-09-29T12:28:05.595+0200: 56.921: [GC concurrent-root-region-scan-end, 0.0048000 secs]
2020-09-29T12:28:05.595+0200: 56.921: [GC concurrent-mark-start]
2020-09-29T12:28:05.599+0200: 56.925: [GC concurrent-mark-end, 0.0041168 secs]
2020-09-29T12:28:05.599+0200: 56.925: [GC remark 2020-09-29T12:28:05.599+0200: 56.925: [Finalize Marking, 0.0002831 secs] 2020-09-29T12:28:05.599+0200: 56.926: [GC ref-proc, 0.0003974 secs] 2020-09-29T12:28:05.600+0200: 56.926: [Unloading, 0.0006123 secs], 0.0017500 secs]
 [Times: user=0.00 sys=0.00, real=0.00 secs] 
2020-09-29T12:28:05.601+0200: 56.927: [GC cleanup 1120M->38M(2048M), 0.0018417 secs]
 [Times: user=0.00 sys=0.00, real=0.00 secs] 
2020-09-29T12:28:05.603+0200: 56.929: [GC concurrent-cleanup-start]
2020-09-29T12:28:05.605+0200: 56.931: [GC concurrent-cleanup-end, 0.0019286 secs]
2020-09-29T12:28:05.741+0200: 57.068: [GC pause (G1 Evacuation Pause) (young), 0.1512492 secs]
   [Parallel Time: 149.9 ms, GC Workers: 8]
      [GC Worker Start (ms): Min: 57067.8, Avg: 57067.8, Max: 57067.9, Diff: 0.1]
      [Ext Root Scanning (ms): Min: 0.0, Avg: 0.1, Max: 0.2, Diff: 0.1, Sum: 0.9]
      [Update RS (ms): Min: 15.9, Avg: 16.4, Max: 16.8, Diff: 0.9, Sum: 131.2]
         [Processed Buffers: Min: 12, Avg: 13.3, Max: 14, Diff: 2, Sum: 106]
      [Scan RS (ms): Min: 12.0, Avg: 12.4, Max: 12.9, Diff: 0.8, Sum: 99.3]
      [Code Root Scanning (ms): Min: 0.0, Avg: 0.0, Max: 0.0, Diff: 0.0, Sum: 0.0]
      [Object Copy (ms): Min: 120.6, Avg: 120.7, Max: 120.8, Diff: 0.1, Sum: 965.5]
      [Termination (ms): Min: 0.0, Avg: 0.1, Max: 0.1, Diff: 0.1, Sum: 0.7]
         [Termination Attempts: Min: 1, Avg: 434.8, Max: 652, Diff: 651, Sum: 3478]
      [GC Worker Other (ms): Min: 0.0, Avg: 0.0, Max: 0.1, Diff: 0.1, Sum: 0.4]
      [GC Worker Total (ms): Min: 149.7, Avg: 149.8, Max: 149.8, Diff: 0.2, Sum: 1198.0]
      [GC Worker End (ms): Min: 57217.6, Avg: 57217.6, Max: 57217.6, Diff: 0.1]
   [Code Root Fixup: 0.0 ms]
   [Code Root Purge: 0.0 ms]
   [Clear CT: 0.2 ms]
   [Other: 1.1 ms]
      [Choose CSet: 0.0 ms]
      [Ref Proc: 0.3 ms]
      [Ref Enq: 0.0 ms]
      [Redirty Cards: 0.3 ms]
      [Humongous Register: 0.0 ms]
      [Humongous Reclaim: 0.0 ms]
      [Free CSet: 0.2 ms]
   [Eden: 217.0M(217.0M)->0.0B(214.0M) Survivors: 12.0M->29.0M Heap: 274.7M(2048.0M)->265.7M(2048.0M)]
 [Times: user=1.13 sys=0.00, real=0.15 secs] 
2020-09-29T12:28:06.041+0200: 57.367: [GC pause (G1 Evacuation Pause) (young), 0.1623850 secs]
   [Parallel Time: 161.1 ms, GC Workers: 8]
      [GC Worker Start (ms): Min: 57367.1, Avg: 57367.2, Max: 57367.3, Diff: 0.2]
      [Ext Root Scanning (ms): Min: 0.0, Avg: 0.1, Max: 0.2, Diff: 0.2, Sum: 0.7]
      [Update RS (ms): Min: 16.2, Avg: 16.5, Max: 16.8, Diff: 0.6, Sum: 131.9]
         [Processed Buffers: Min: 13, Avg: 14.1, Max: 16, Diff: 3, Sum: 113]
      [Scan RS (ms): Min: 14.8, Avg: 15.1, Max: 15.4, Diff: 0.6, Sum: 120.9]
      [Code Root Scanning (ms): Min: 0.0, Avg: 0.0, Max: 0.0, Diff: 0.0, Sum: 0.0]
      [Object Copy (ms): Min: 129.0, Avg: 129.2, Max: 129.2, Diff: 0.2, Sum: 1033.2]
      [Termination (ms): Min: 0.0, Avg: 0.0, Max: 0.0, Diff: 0.0, Sum: 0.0]
         [Termination Attempts: Min: 1, Avg: 5.8, Max: 11, Diff: 10, Sum: 46]
      [GC Worker Other (ms): Min: 0.0, Avg: 0.0, Max: 0.1, Diff: 0.1, Sum: 0.3]
      [GC Worker Total (ms): Min: 160.8, Avg: 160.9, Max: 161.0, Diff: 0.2, Sum: 1287.0]
      [GC Worker End (ms): Min: 57528.0, Avg: 57528.1, Max: 57528.1, Diff: 0.1]
   [Code Root Fixup: 0.0 ms]
   [Code Root Purge: 0.0 ms]
   [Clear CT: 0.2 ms]
   [Other: 1.0 ms]
      [Choose CSet: 0.0 ms]
      [Ref Proc: 0.3 ms]
      [Ref Enq: 0.0 ms]
      [Redirty Cards: 0.3 ms]
      [Humongous Register: 0.0 ms]
      [Humongous Reclaim: 0.0 ms]
      [Free CSet: 0.2 ms]
   [Eden: 214.0M(214.0M)->0.0B(217.0M) Survivors: 29.0M->31.0M Heap: 516.0M(2048.0M)->518.5M(2048.0M)]
 [Times: user=1.25 sys=0.00, real=0.16 secs] 
2020-09-29T12:28:06.353+0200: 57.679: [GC pause (G1 Evacuation Pause) (young), 0.1794401 secs]
   [Parallel Time: 178.2 ms, GC Workers: 8]
      [GC Worker Start (ms): Min: 57679.5, Avg: 57679.6, Max: 57679.7, Diff: 0.2]
      [Ext Root Scanning (ms): Min: 0.0, Avg: 0.1, Max: 0.2, Diff: 0.2, Sum: 0.6]
      [Update RS (ms): Min: 18.7, Avg: 19.0, Max: 19.7, Diff: 1.0, Sum: 152.1]
         [Processed Buffers: Min: 15, Avg: 16.4, Max: 19, Diff: 4, Sum: 131]
      [Scan RS (ms): Min: 13.3, Avg: 14.1, Max: 14.4, Diff: 1.1, Sum: 112.7]
      [Code Root Scanning (ms): Min: 0.0, Avg: 0.0, Max: 0.0, Diff: 0.0, Sum: 0.0]
      [Object Copy (ms): Min: 144.5, Avg: 144.7, Max: 144.9, Diff: 0.4, Sum: 1157.3]
      [Termination (ms): Min: 0.0, Avg: 0.1, Max: 0.1, Diff: 0.1, Sum: 0.8]
         [Termination Attempts: Min: 1, Avg: 466.4, Max: 645, Diff: 644, Sum: 3731]
      [GC Worker Other (ms): Min: 0.0, Avg: 0.0, Max: 0.1, Diff: 0.1, Sum: 0.3]
      [GC Worker Total (ms): Min: 177.9, Avg: 178.0, Max: 178.1, Diff: 0.2, Sum: 1423.8]
      [GC Worker End (ms): Min: 57857.6, Avg: 57857.6, Max: 57857.6, Diff: 0.1]
   [Code Root Fixup: 0.0 ms]
   [Code Root Purge: 0.0 ms]
   [Clear CT: 0.2 ms]
   [Other: 1.0 ms]
      [Choose CSet: 0.0 ms]
      [Ref Proc: 0.2 ms]
      [Ref Enq: 0.0 ms]
      [Redirty Cards: 0.2 ms]
      [Humongous Register: 0.0 ms]
      [Humongous Reclaim: 0.0 ms]
      [Free CSet: 0.3 ms]
   [Eden: 217.0M(217.0M)->0.0B(216.0M) Survivors: 31.0M->31.0M Heap: 771.7M(2048.0M)->773.7M(2048.0M)]
 [Times: user=1.38 sys=0.00, real=0.18 secs] 
2020-09-29T12:28:06.680+0200: 58.006: [GC pause (G1 Evacuation Pause) (young), 0.1719361 secs]
   [Parallel Time: 170.5 ms, GC Workers: 8]
      [GC Worker Start (ms): Min: 58006.6, Avg: 58006.7, Max: 58006.8, Diff: 0.2]
      [Ext Root Scanning (ms): Min: 0.0, Avg: 0.1, Max: 0.2, Diff: 0.2, Sum: 0.6]
      [Update RS (ms): Min: 21.5, Avg: 21.7, Max: 22.3, Diff: 0.7, Sum: 173.8]
         [Processed Buffers: Min: 17, Avg: 18.6, Max: 21, Diff: 4, Sum: 149]
      [Scan RS (ms): Min: 12.8, Avg: 13.4, Max: 13.7, Diff: 1.0, Sum: 107.2]
      [Code Root Scanning (ms): Min: 0.0, Avg: 0.0, Max: 0.0, Diff: 0.0, Sum: 0.0]
      [Object Copy (ms): Min: 134.7, Avg: 134.9, Max: 135.0, Diff: 0.3, Sum: 1078.9]
      [Termination (ms): Min: 0.0, Avg: 0.1, Max: 0.1, Diff: 0.1, Sum: 0.6]
         [Termination Attempts: Min: 1, Avg: 370.9, Max: 453, Diff: 452, Sum: 2967]
      [GC Worker Other (ms): Min: 0.0, Avg: 0.0, Max: 0.1, Diff: 0.1, Sum: 0.4]
      [GC Worker Total (ms): Min: 170.1, Avg: 170.2, Max: 170.3, Diff: 0.3, Sum: 1361.5]
      [GC Worker End (ms): Min: 58176.8, Avg: 58176.9, Max: 58176.9, Diff: 0.1]
   [Code Root Fixup: 0.0 ms]
   [Code Root Purge: 0.0 ms]
   [Clear CT: 0.3 ms]
   [Other: 1.2 ms]
      [Choose CSet: 0.0 ms]
      [Ref Proc: 0.3 ms]
      [Ref Enq: 0.0 ms]
      [Redirty Cards: 0.4 ms]
      [Humongous Register: 0.0 ms]
      [Humongous Reclaim: 0.0 ms]
      [Free CSet: 0.2 ms]
   [Eden: 216.0M(216.0M)->0.0B(220.0M) Survivors: 31.0M->31.0M Heap: 1026.0M(2048.0M)->1028.0M(2048.0M)]
 [Times: user=1.38 sys=0.00, real=0.17 secs] 
2020-09-29T12:28:06.861+0200: 58.187: [GC pause (G1 Humongous Allocation) (young) (initial-mark), 0.0645899 secs]
   [Parallel Time: 63.3 ms, GC Workers: 8]
      [GC Worker Start (ms): Min: 58187.5, Avg: 58187.5, Max: 58187.7, Diff: 0.2]
      [Ext Root Scanning (ms): Min: 0.0, Avg: 0.3, Max: 0.9, Diff: 0.9, Sum: 2.7]
      [Update RS (ms): Min: 35.0, Avg: 36.0, Max: 36.5, Diff: 1.5, Sum: 288.0]
         [Processed Buffers: Min: 29, Avg: 32.9, Max: 35, Diff: 6, Sum: 263]
      [Scan RS (ms): Min: 2.3, Avg: 2.8, Max: 3.2, Diff: 0.9, Sum: 22.0]
      [Code Root Scanning (ms): Min: 0.0, Avg: 0.0, Max: 0.0, Diff: 0.0, Sum: 0.0]
      [Object Copy (ms): Min: 23.8, Avg: 23.9, Max: 23.9, Diff: 0.1, Sum: 191.0]
      [Termination (ms): Min: 0.0, Avg: 0.1, Max: 0.1, Diff: 0.1, Sum: 0.6]
         [Termination Attempts: Min: 1, Avg: 391.9, Max: 514, Diff: 513, Sum: 3135]
      [GC Worker Other (ms): Min: 0.0, Avg: 0.0, Max: 0.0, Diff: 0.0, Sum: 0.2]
      [GC Worker Total (ms): Min: 62.9, Avg: 63.1, Max: 63.2, Diff: 0.2, Sum: 504.5]
      [GC Worker End (ms): Min: 58250.6, Avg: 58250.6, Max: 58250.6, Diff: 0.0]
   [Code Root Fixup: 0.0 ms]
   [Code Root Purge: 0.0 ms]
   [Clear CT: 0.3 ms]
   [Other: 1.0 ms]
      [Choose CSet: 0.0 ms]
      [Ref Proc: 0.3 ms]
      [Ref Enq: 0.0 ms]
      [Redirty Cards: 0.3 ms]
      [Humongous Register: 0.1 ms]
      [Humongous Reclaim: 0.0 ms]
      [Free CSet: 0.1 ms]
   [Eden: 6144.0K(220.0M)->0.0B(238.0M) Survivors: 31.0M->8192.0K Heap: 1034.0M(2048.0M)->1038.0M(2048.0M)]
 [Times: user=0.50 sys=0.00, real=0.07 secs] 
2020-09-29T12:28:06.926+0200: 58.252: [GC concurrent-root-region-scan-start]
2020-09-29T12:28:06.932+0200: 58.259: [GC concurrent-root-region-scan-end, 0.0066282 secs]
2020-09-29T12:28:06.932+0200: 58.259: [GC concurrent-mark-start]
2020-09-29T12:28:06.937+0200: 58.263: [GC concurrent-mark-end, 0.0044069 secs]
2020-09-29T12:28:06.937+0200: 58.264: [GC remark 2020-09-29T12:28:06.937+0200: 58.264: [Finalize Marking, 0.0007196 secs] 2020-09-29T12:28:06.938+0200: 58.264: [GC ref-proc, 0.0003817 secs] 2020-09-29T12:28:06.938+0200: 58.265: [Unloading, 0.0009422 secs], 0.0024386 secs]
 [Times: user=0.00 sys=0.00, real=0.00 secs] 
2020-09-29T12:28:06.940+0200: 58.266: [GC cleanup 1056M->36M(2048M), 0.0020818 secs]
 [Times: user=0.08 sys=0.00, real=0.00 secs] 
2020-09-29T12:28:06.942+0200: 58.269: [GC concurrent-cleanup-start]
2020-09-29T12:28:06.944+0200: 58.270: [GC concurrent-cleanup-end, 0.0016335 secs]
2020-09-29T12:28:07.092+0200: 58.419: [GC pause (G1 Evacuation Pause) (young), 0.1642297 secs]
   [Parallel Time: 162.8 ms, GC Workers: 8]
      [GC Worker Start (ms): Min: 58419.0, Avg: 58419.1, Max: 58419.2, Diff: 0.2]
      [Ext Root Scanning (ms): Min: 0.0, Avg: 0.1, Max: 0.2, Diff: 0.2, Sum: 0.6]
      [Update RS (ms): Min: 17.2, Avg: 17.5, Max: 18.0, Diff: 0.8, Sum: 139.8]
         [Processed Buffers: Min: 15, Avg: 15.1, Max: 16, Diff: 1, Sum: 121]
      [Scan RS (ms): Min: 12.9, Avg: 13.4, Max: 13.6, Diff: 0.8, Sum: 106.9]
      [Code Root Scanning (ms): Min: 0.0, Avg: 0.0, Max: 0.0, Diff: 0.0, Sum: 0.0]
      [Object Copy (ms): Min: 131.5, Avg: 131.6, Max: 131.6, Diff: 0.1, Sum: 1052.7]
      [Termination (ms): Min: 0.0, Avg: 0.0, Max: 0.0, Diff: 0.0, Sum: 0.1]
         [Termination Attempts: Min: 1, Avg: 33.3, Max: 50, Diff: 49, Sum: 266]
      [GC Worker Other (ms): Min: 0.0, Avg: 0.0, Max: 0.1, Diff: 0.1, Sum: 0.3]
      [GC Worker Total (ms): Min: 162.4, Avg: 162.5, Max: 162.7, Diff: 0.3, Sum: 1300.4]
      [GC Worker End (ms): Min: 58581.6, Avg: 58581.6, Max: 58581.7, Diff: 0.1]
   [Code Root Fixup: 0.0 ms]
   [Code Root Purge: 0.0 ms]
   [Clear CT: 0.4 ms]
   [Other: 1.1 ms]
      [Choose CSet: 0.0 ms]
      [Ref Proc: 0.2 ms]
      [Ref Enq: 0.0 ms]
      [Redirty Cards: 0.4 ms]
      [Humongous Register: 0.0 ms]
      [Humongous Reclaim: 0.0 ms]
      [Free CSet: 0.2 ms]
   [Eden: 238.0M(238.0M)->0.0B(225.0M) Survivors: 8192.0K->31.0M Heap: 296.1M(2048.0M)->290.1M(2048.0M)]
 [Times: user=1.38 sys=0.00, real=0.16 secs] 
2020-09-29T12:28:07.416+0200: 58.743: [GC pause (G1 Evacuation Pause) (young), 0.1801372 secs]
   [Parallel Time: 178.6 ms, GC Workers: 8]
      [GC Worker Start (ms): Min: 58742.7, Avg: 58742.8, Max: 58742.9, Diff: 0.2]
      [Ext Root Scanning (ms): Min: 0.0, Avg: 0.1, Max: 0.2, Diff: 0.2, Sum: 0.7]
      [Update RS (ms): Min: 17.2, Avg: 17.4, Max: 17.8, Diff: 0.6, Sum: 139.0]
         [Processed Buffers: Min: 12, Avg: 15.5, Max: 19, Diff: 7, Sum: 124]
      [Scan RS (ms): Min: 15.7, Avg: 17.0, Max: 22.3, Diff: 6.6, Sum: 135.8]
      [Code Root Scanning (ms): Min: 0.0, Avg: 0.0, Max: 0.0, Diff: 0.0, Sum: 0.0]
      [Object Copy (ms): Min: 138.4, Avg: 143.9, Max: 144.8, Diff: 6.4, Sum: 1151.2]
      [Termination (ms): Min: 0.0, Avg: 0.0, Max: 0.0, Diff: 0.0, Sum: 0.2]
         [Termination Attempts: Min: 1, Avg: 126.5, Max: 161, Diff: 160, Sum: 1012]
      [GC Worker Other (ms): Min: 0.0, Avg: 0.1, Max: 0.1, Diff: 0.1, Sum: 0.4]
      [GC Worker Total (ms): Min: 178.3, Avg: 178.4, Max: 178.5, Diff: 0.2, Sum: 1427.2]
      [GC Worker End (ms): Min: 58921.2, Avg: 58921.2, Max: 58921.2, Diff: 0.1]
   [Code Root Fixup: 0.0 ms]
   [Code Root Purge: 0.0 ms]
   [Clear CT: 0.2 ms]
   [Other: 1.3 ms]
      [Choose CSet: 0.0 ms]
      [Ref Proc: 0.2 ms]
      [Ref Enq: 0.0 ms]
      [Redirty Cards: 0.4 ms]
      [Humongous Register: 0.0 ms]
      [Humongous Reclaim: 0.0 ms]
      [Free CSet: 0.3 ms]
   [Eden: 225.0M(225.0M)->0.0B(221.0M) Survivors: 31.0M->32.0M Heap: 553.2M(2048.0M)->555.7M(2048.0M)]
 [Times: user=1.36 sys=0.02, real=0.18 secs] 
2020-09-29T12:28:07.752+0200: 59.079: [GC pause (G1 Evacuation Pause) (young), 0.2001436 secs]
   [Parallel Time: 198.9 ms, GC Workers: 8]
      [GC Worker Start (ms): Min: 59078.9, Avg: 59078.9, Max: 59079.0, Diff: 0.1]
      [Ext Root Scanning (ms): Min: 0.0, Avg: 0.1, Max: 0.2, Diff: 0.1, Sum: 0.8]
      [Update RS (ms): Min: 20.3, Avg: 20.6, Max: 21.1, Diff: 0.7, Sum: 164.8]
         [Processed Buffers: Min: 16, Avg: 17.8, Max: 18, Diff: 2, Sum: 142]
      [Scan RS (ms): Min: 13.1, Avg: 15.4, Max: 28.0, Diff: 14.9, Sum: 122.8]
      [Code Root Scanning (ms): Min: 0.0, Avg: 0.0, Max: 0.0, Diff: 0.0, Sum: 0.0]
      [Object Copy (ms): Min: 150.0, Avg: 162.4, Max: 164.2, Diff: 14.1, Sum: 1299.0]
      [Termination (ms): Min: 0.0, Avg: 0.2, Max: 0.3, Diff: 0.3, Sum: 1.7]
         [Termination Attempts: Min: 1, Avg: 1131.1, Max: 1557, Diff: 1556, Sum: 9049]
      [GC Worker Other (ms): Min: 0.0, Avg: 0.1, Max: 0.1, Diff: 0.1, Sum: 0.5]
      [GC Worker Total (ms): Min: 198.6, Avg: 198.7, Max: 198.7, Diff: 0.1, Sum: 1589.6]
      [GC Worker End (ms): Min: 59277.6, Avg: 59277.6, Max: 59277.7, Diff: 0.1]
   [Code Root Fixup: 0.0 ms]
   [Code Root Purge: 0.0 ms]
   [Clear CT: 0.2 ms]
   [Other: 1.1 ms]
      [Choose CSet: 0.0 ms]
      [Ref Proc: 0.2 ms]
      [Ref Enq: 0.0 ms]
      [Redirty Cards: 0.3 ms]
      [Humongous Register: 0.1 ms]
      [Humongous Reclaim: 0.0 ms]
      [Free CSet: 0.3 ms]
   [Eden: 221.0M(221.0M)->0.0B(206.0M) Survivors: 32.0M->32.0M Heap: 812.9M(2048.0M)->815.4M(2048.0M)]
 [Times: user=1.61 sys=0.00, real=0.20 secs] 
2020-09-29T12:28:08.102+0200: 59.429: [GC pause (G1 Evacuation Pause) (young), 0.1645606 secs]
   [Parallel Time: 163.3 ms, GC Workers: 8]
      [GC Worker Start (ms): Min: 59428.7, Avg: 59428.9, Max: 59428.9, Diff: 0.2]
      [Ext Root Scanning (ms): Min: 0.0, Avg: 0.1, Max: 0.2, Diff: 0.2, Sum: 0.7]
      [Update RS (ms): Min: 17.4, Avg: 17.7, Max: 18.0, Diff: 0.6, Sum: 141.2]
         [Processed Buffers: Min: 14, Avg: 15.0, Max: 17, Diff: 3, Sum: 120]
      [Scan RS (ms): Min: 13.3, Avg: 13.6, Max: 13.9, Diff: 0.6, Sum: 109.0]
      [Code Root Scanning (ms): Min: 0.0, Avg: 0.0, Max: 0.0, Diff: 0.0, Sum: 0.0]
      [Object Copy (ms): Min: 131.5, Avg: 131.6, Max: 131.7, Diff: 0.1, Sum: 1052.8]
      [Termination (ms): Min: 0.0, Avg: 0.0, Max: 0.0, Diff: 0.0, Sum: 0.1]
         [Termination Attempts: Min: 1, Avg: 55.3, Max: 74, Diff: 73, Sum: 442]
      [GC Worker Other (ms): Min: 0.0, Avg: 0.0, Max: 0.1, Diff: 0.1, Sum: 0.4]
      [GC Worker Total (ms): Min: 162.9, Avg: 163.0, Max: 163.1, Diff: 0.2, Sum: 1304.3]
      [GC Worker End (ms): Min: 59591.9, Avg: 59591.9, Max: 59591.9, Diff: 0.1]
   [Code Root Fixup: 0.0 ms]
   [Code Root Purge: 0.0 ms]
   [Clear CT: 0.3 ms]
   [Other: 1.0 ms]
      [Choose CSet: 0.0 ms]
      [Ref Proc: 0.2 ms]
      [Ref Enq: 0.0 ms]
      [Redirty Cards: 0.2 ms]
      [Humongous Register: 0.0 ms]
      [Humongous Reclaim: 0.0 ms]
      [Free CSet: 0.3 ms]
   [Eden: 206.0M(206.0M)->0.0B(216.0M) Survivors: 32.0M->30.0M Heap: 1055.8M(2048.0M)->1057.8M(2048.0M)]
 [Times: user=1.25 sys=0.00, real=0.16 secs] 
2020-09-29T12:28:08.276+0200: 59.602: [GC pause (G1 Humongous Allocation) (young) (initial-mark), 0.0598801 secs]
   [Parallel Time: 58.7 ms, GC Workers: 8]
      [GC Worker Start (ms): Min: 59602.1, Avg: 59602.2, Max: 59602.3, Diff: 0.2]
      [Ext Root Scanning (ms): Min: 0.0, Avg: 0.7, Max: 4.8, Diff: 4.8, Sum: 5.8]
      [Update RS (ms): Min: 32.1, Avg: 36.1, Max: 37.0, Diff: 4.9, Sum: 288.4]
         [Processed Buffers: Min: 30, Avg: 32.1, Max: 35, Diff: 5, Sum: 257]
      [Scan RS (ms): Min: 2.2, Avg: 2.5, Max: 3.0, Diff: 0.8, Sum: 20.2]
      [Code Root Scanning (ms): Min: 0.0, Avg: 0.0, Max: 0.0, Diff: 0.0, Sum: 0.0]
      [Object Copy (ms): Min: 19.1, Avg: 19.2, Max: 19.3, Diff: 0.1, Sum: 153.8]
      [Termination (ms): Min: 0.0, Avg: 0.0, Max: 0.0, Diff: 0.0, Sum: 0.2]
         [Termination Attempts: Min: 1, Avg: 122.5, Max: 163, Diff: 162, Sum: 980]
      [GC Worker Other (ms): Min: 0.0, Avg: 0.0, Max: 0.0, Diff: 0.0, Sum: 0.2]
      [GC Worker Total (ms): Min: 58.5, Avg: 58.6, Max: 58.6, Diff: 0.2, Sum: 468.6]
      [GC Worker End (ms): Min: 59660.8, Avg: 59660.8, Max: 59660.8, Diff: 0.0]
   [Code Root Fixup: 0.0 ms]
   [Code Root Purge: 0.0 ms]
   [Clear CT: 0.2 ms]
   [Other: 1.0 ms]
      [Choose CSet: 0.0 ms]
      [Ref Proc: 0.2 ms]
      [Ref Enq: 0.0 ms]
      [Redirty Cards: 0.4 ms]
      [Humongous Register: 0.1 ms]
      [Humongous Reclaim: 0.0 ms]
      [Free CSet: 0.1 ms]
   [Eden: 3072.0K(216.0M)->0.0B(245.0M) Survivors: 30.0M->6144.0K Heap: 1060.8M(2048.0M)->1065.8M(2048.0M)]
 [Times: user=0.48 sys=0.00, real=0.06 secs] 
2020-09-29T12:28:08.336+0200: 59.662: [GC concurrent-root-region-scan-start]
2020-09-29T12:28:08.336+0200: 59.663: [GC concurrent-root-region-scan-end, 0.0007299 secs]
2020-09-29T12:28:08.336+0200: 59.663: [GC concurrent-mark-start]
2020-09-29T12:28:08.339+0200: 59.666: [GC concurrent-mark-end, 0.0029363 secs]
2020-09-29T12:28:08.339+0200: 59.666: [GC remark 2020-09-29T12:28:08.339+0200: 59.666: [Finalize Marking, 0.0001631 secs] 2020-09-29T12:28:08.339+0200: 59.666: [GC ref-proc, 0.0003700 secs] 2020-09-29T12:28:08.340+0200: 59.666: [Unloading, 0.0005396 secs], 0.0015217 secs]
 [Times: user=0.00 sys=0.00, real=0.00 secs] 
2020-09-29T12:28:08.341+0200: 59.668: [GC cleanup 1073M->23M(2048M), 0.0011574 secs]
 [Times: user=0.00 sys=0.00, real=0.00 secs] 
2020-09-29T12:28:08.343+0200: 59.669: [GC concurrent-cleanup-start]
2020-09-29T12:28:08.344+0200: 59.671: [GC concurrent-cleanup-end, 0.0014899 secs]
2020-09-29T12:28:08.526+0200: 59.853: [GC pause (G1 Evacuation Pause) (young), 0.2011117 secs]
   [Parallel Time: 199.1 ms, GC Workers: 8]
      [GC Worker Start (ms): Min: 59852.9, Avg: 59853.0, Max: 59853.1, Diff: 0.2]
      [Ext Root Scanning (ms): Min: 0.0, Avg: 0.1, Max: 0.2, Diff: 0.2, Sum: 0.7]
      [Update RS (ms): Min: 18.6, Avg: 19.0, Max: 20.0, Diff: 1.3, Sum: 152.1]
         [Processed Buffers: Min: 14, Avg: 15.1, Max: 17, Diff: 3, Sum: 121]
      [Scan RS (ms): Min: 17.0, Avg: 17.9, Max: 18.3, Diff: 1.3, Sum: 143.0]
      [Code Root Scanning (ms): Min: 0.0, Avg: 0.0, Max: 0.0, Diff: 0.0, Sum: 0.0]
      [Object Copy (ms): Min: 161.6, Avg: 161.7, Max: 161.7, Diff: 0.1, Sum: 1293.4]
      [Termination (ms): Min: 0.0, Avg: 0.1, Max: 0.1, Diff: 0.1, Sum: 0.5]
         [Termination Attempts: Min: 1, Avg: 21.3, Max: 34, Diff: 33, Sum: 170]
      [GC Worker Other (ms): Min: 0.0, Avg: 0.0, Max: 0.0, Diff: 0.0, Sum: 0.1]
      [GC Worker Total (ms): Min: 198.7, Avg: 198.7, Max: 198.9, Diff: 0.2, Sum: 1589.9]
      [GC Worker End (ms): Min: 60051.8, Avg: 60051.8, Max: 60051.8, Diff: 0.0]
   [Code Root Fixup: 0.0 ms]
   [Code Root Purge: 0.0 ms]
   [Clear CT: 0.3 ms]
   [Other: 1.8 ms]
      [Choose CSet: 0.0 ms]
      [Ref Proc: 0.2 ms]
      [Ref Enq: 0.0 ms]
      [Redirty Cards: 0.9 ms]
      [Humongous Register: 0.0 ms]
      [Humongous Reclaim: 0.0 ms]
      [Free CSet: 0.3 ms]
   [Eden: 245.0M(245.0M)->0.0B(203.0M) Survivors: 6144.0K->32.0M Heap: 302.5M(2048.0M)->298.5M(2048.0M)]
 [Times: user=1.61 sys=0.00, real=0.20 secs] 
2020-09-29T12:28:08.910+0200: 60.237: [GC pause (G1 Evacuation Pause) (young), 0.1962299 secs]
   [Parallel Time: 194.7 ms, GC Workers: 8]
      [GC Worker Start (ms): Min: 60237.4, Avg: 60237.5, Max: 60237.5, Diff: 0.2]
      [Ext Root Scanning (ms): Min: 0.0, Avg: 0.1, Max: 0.2, Diff: 0.2, Sum: 0.8]
      [Update RS (ms): Min: 25.3, Avg: 25.5, Max: 25.8, Diff: 0.5, Sum: 204.2]
         [Processed Buffers: Min: 17, Avg: 19.1, Max: 22, Diff: 5, Sum: 153]
      [Scan RS (ms): Min: 13.5, Avg: 13.7, Max: 13.9, Diff: 0.4, Sum: 109.4]
      [Code Root Scanning (ms): Min: 0.0, Avg: 0.0, Max: 0.0, Diff: 0.0, Sum: 0.0]
      [Object Copy (ms): Min: 155.0, Avg: 155.1, Max: 155.2, Diff: 0.2, Sum: 1240.8]
      [Termination (ms): Min: 0.0, Avg: 0.0, Max: 0.0, Diff: 0.0, Sum: 0.1]
         [Termination Attempts: Min: 1, Avg: 62.4, Max: 86, Diff: 85, Sum: 499]
      [GC Worker Other (ms): Min: 0.0, Avg: 0.1, Max: 0.1, Diff: 0.1, Sum: 0.4]
      [GC Worker Total (ms): Min: 194.4, Avg: 194.5, Max: 194.6, Diff: 0.2, Sum: 1555.8]
      [GC Worker End (ms): Min: 60431.9, Avg: 60431.9, Max: 60432.0, Diff: 0.1]
   [Code Root Fixup: 0.0 ms]
   [Code Root Purge: 0.0 ms]
   [Clear CT: 0.3 ms]
   [Other: 1.2 ms]
      [Choose CSet: 0.0 ms]
      [Ref Proc: 0.3 ms]
      [Ref Enq: 0.0 ms]
      [Redirty Cards: 0.3 ms]
      [Humongous Register: 0.1 ms]
      [Humongous Reclaim: 0.0 ms]
      [Free CSet: 0.3 ms]
   [Eden: 203.0M(203.0M)->0.0B(193.0M) Survivors: 32.0M->30.0M Heap: 535.8M(2048.0M)->537.3M(2048.0M)]
 [Times: user=1.52 sys=0.00, real=0.20 secs] 
2020-09-29T12:28:09.255+0200: 60.581: [GC pause (G1 Evacuation Pause) (young), 0.1783050 secs]
   [Parallel Time: 176.8 ms, GC Workers: 8]
      [GC Worker Start (ms): Min: 60581.4, Avg: 60581.5, Max: 60581.6, Diff: 0.2]
      [Ext Root Scanning (ms): Min: 0.0, Avg: 0.1, Max: 0.2, Diff: 0.2, Sum: 0.6]
      [Update RS (ms): Min: 21.0, Avg: 21.1, Max: 21.4, Diff: 0.4, Sum: 168.9]
         [Processed Buffers: Min: 15, Avg: 16.9, Max: 19, Diff: 4, Sum: 135]
      [Scan RS (ms): Min: 13.4, Avg: 13.7, Max: 13.8, Diff: 0.4, Sum: 109.3]
      [Code Root Scanning (ms): Min: 0.0, Avg: 0.0, Max: 0.0, Diff: 0.0, Sum: 0.0]
      [Object Copy (ms): Min: 141.5, Avg: 141.5, Max: 141.6, Diff: 0.1, Sum: 1132.2]
      [Termination (ms): Min: 0.0, Avg: 0.0, Max: 0.0, Diff: 0.0, Sum: 0.2]
         [Termination Attempts: Min: 1, Avg: 84.0, Max: 119, Diff: 118, Sum: 672]
      [GC Worker Other (ms): Min: 0.0, Avg: 0.1, Max: 0.1, Diff: 0.1, Sum: 0.5]
      [GC Worker Total (ms): Min: 176.3, Avg: 176.5, Max: 176.6, Diff: 0.3, Sum: 1411.6]
      [GC Worker End (ms): Min: 60758.0, Avg: 60758.0, Max: 60758.0, Diff: 0.1]
   [Code Root Fixup: 0.0 ms]
   [Code Root Purge: 0.0 ms]
   [Clear CT: 0.4 ms]
   [Other: 1.1 ms]
      [Choose CSet: 0.0 ms]
      [Ref Proc: 0.2 ms]
      [Ref Enq: 0.0 ms]
      [Redirty Cards: 0.3 ms]
      [Humongous Register: 0.0 ms]
      [Humongous Reclaim: 0.0 ms]
      [Free CSet: 0.3 ms]
   [Eden: 193.0M(193.0M)->0.0B(195.0M) Survivors: 30.0M->28.0M Heap: 762.7M(2048.0M)->765.2M(2048.0M)]
 [Times: user=1.38 sys=0.00, real=0.18 secs] 
2020-09-29T12:28:09.589+0200: 60.916: [GC pause (G1 Evacuation Pause) (young), 0.1776880 secs]
   [Parallel Time: 175.9 ms, GC Workers: 8]
      [GC Worker Start (ms): Min: 60916.2, Avg: 60916.3, Max: 60916.4, Diff: 0.2]
      [Ext Root Scanning (ms): Min: 0.0, Avg: 0.1, Max: 0.2, Diff: 0.2, Sum: 0.8]
      [Update RS (ms): Min: 20.1, Avg: 20.2, Max: 20.6, Diff: 0.5, Sum: 161.6]
         [Processed Buffers: Min: 15, Avg: 16.1, Max: 18, Diff: 3, Sum: 129]
      [Scan RS (ms): Min: 13.8, Avg: 14.1, Max: 14.3, Diff: 0.5, Sum: 113.1]
      [Code Root Scanning (ms): Min: 0.0, Avg: 0.0, Max: 0.0, Diff: 0.0, Sum: 0.0]
      [Object Copy (ms): Min: 140.9, Avg: 141.0, Max: 141.1, Diff: 0.2, Sum: 1128.3]
      [Termination (ms): Min: 0.0, Avg: 0.0, Max: 0.0, Diff: 0.0, Sum: 0.3]
         [Termination Attempts: Min: 1, Avg: 153.9, Max: 197, Diff: 196, Sum: 1231]
      [GC Worker Other (ms): Min: 0.0, Avg: 0.1, Max: 0.1, Diff: 0.1, Sum: 0.5]
      [GC Worker Total (ms): Min: 175.5, Avg: 175.6, Max: 175.7, Diff: 0.2, Sum: 1404.5]
      [GC Worker End (ms): Min: 61091.8, Avg: 61091.9, Max: 61091.9, Diff: 0.1]
   [Code Root Fixup: 0.0 ms]
   [Code Root Purge: 0.0 ms]
   [Clear CT: 0.2 ms]
   [Other: 1.5 ms]
      [Choose CSet: 0.0 ms]
      [Ref Proc: 0.3 ms]
      [Ref Enq: 0.0 ms]
      [Redirty Cards: 0.7 ms]
      [Humongous Register: 0.1 ms]
      [Humongous Reclaim: 0.0 ms]
      [Free CSet: 0.3 ms]
   [Eden: 195.0M(195.0M)->0.0B(196.0M) Survivors: 28.0M->28.0M Heap: 992.6M(2048.0M)->994.6M(2048.0M)]
 [Times: user=1.36 sys=0.00, real=0.18 secs] 
2020-09-29T12:28:09.785+0200: 61.112: [GC pause (G1 Humongous Allocation) (young) (initial-mark), 0.0565870 secs]
   [Parallel Time: 55.0 ms, GC Workers: 8]
      [GC Worker Start (ms): Min: 61111.9, Avg: 61111.9, Max: 61112.1, Diff: 0.2]
      [Ext Root Scanning (ms): Min: 0.0, Avg: 0.2, Max: 0.3, Diff: 0.3, Sum: 1.5]
      [Update RS (ms): Min: 26.2, Avg: 26.8, Max: 27.2, Diff: 1.0, Sum: 214.3]
         [Processed Buffers: Min: 20, Avg: 21.5, Max: 23, Diff: 3, Sum: 172]
      [Scan RS (ms): Min: 2.4, Avg: 2.8, Max: 3.4, Diff: 1.0, Sum: 22.4]
      [Code Root Scanning (ms): Min: 0.0, Avg: 0.0, Max: 0.0, Diff: 0.0, Sum: 0.0]
      [Object Copy (ms): Min: 25.0, Avg: 25.1, Max: 25.1, Diff: 0.1, Sum: 200.8]
      [Termination (ms): Min: 0.0, Avg: 0.0, Max: 0.0, Diff: 0.0, Sum: 0.0]
         [Termination Attempts: Min: 1, Avg: 3.5, Max: 5, Diff: 4, Sum: 28]
      [GC Worker Other (ms): Min: 0.0, Avg: 0.0, Max: 0.0, Diff: 0.0, Sum: 0.1]
      [GC Worker Total (ms): Min: 54.8, Avg: 54.9, Max: 55.0, Diff: 0.2, Sum: 439.1]
      [GC Worker End (ms): Min: 61166.8, Avg: 61166.8, Max: 61166.8, Diff: 0.0]
   [Code Root Fixup: 0.0 ms]
   [Code Root Purge: 0.0 ms]
   [Clear CT: 0.3 ms]
   [Other: 1.3 ms]
      [Choose CSet: 0.0 ms]
      [Ref Proc: 0.3 ms]
      [Ref Enq: 0.0 ms]
      [Redirty Cards: 0.4 ms]
      [Humongous Register: 0.1 ms]
      [Humongous Reclaim: 0.0 ms]
      [Free CSet: 0.1 ms]
   [Eden: 11.0M(196.0M)->0.0B(221.0M) Survivors: 28.0M->14.0M Heap: 1005.6M(2048.0M)->1010.1M(2048.0M)]
 [Times: user=0.50 sys=0.00, real=0.06 secs] 
2020-09-29T12:28:09.842+0200: 61.168: [GC concurrent-root-region-scan-start]
2020-09-29T12:28:09.849+0200: 61.176: [GC concurrent-root-region-scan-end, 0.0071842 secs]
2020-09-29T12:28:09.849+0200: 61.176: [GC concurrent-mark-start]
2020-09-29T12:28:09.853+0200: 61.180: [GC concurrent-mark-end, 0.0043920 secs]
2020-09-29T12:28:09.854+0200: 61.181: [GC remark 2020-09-29T12:28:09.854+0200: 61.181: [Finalize Marking, 0.0004237 secs] 2020-09-29T12:28:09.854+0200: 61.181: [GC ref-proc, 0.0005534 secs] 2020-09-29T12:28:09.855+0200: 61.182: [Unloading, 0.0008149 secs], 0.0023390 secs]
 [Times: user=0.00 sys=0.00, real=0.00 secs] 
2020-09-29T12:28:09.857+0200: 61.184: [GC cleanup 1027M->41M(2048M), 0.0019918 secs]
 [Times: user=0.00 sys=0.00, real=0.00 secs] 
2020-09-29T12:28:09.859+0200: 61.186: [GC concurrent-cleanup-start]
2020-09-29T12:28:09.861+0200: 61.188: [GC concurrent-cleanup-end, 0.0019237 secs]
2020-09-29T12:28:10.018+0200: 61.345: [GC pause (G1 Evacuation Pause) (young), 0.1672823 secs]
   [Parallel Time: 165.7 ms, GC Workers: 8]
      [GC Worker Start (ms): Min: 61344.8, Avg: 61344.9, Max: 61345.0, Diff: 0.2]
      [Ext Root Scanning (ms): Min: 0.0, Avg: 0.1, Max: 0.2, Diff: 0.2, Sum: 0.7]
      [Update RS (ms): Min: 15.6, Avg: 15.9, Max: 16.7, Diff: 1.1, Sum: 127.2]
         [Processed Buffers: Min: 11, Avg: 13.0, Max: 15, Diff: 4, Sum: 104]
      [Scan RS (ms): Min: 14.9, Avg: 15.7, Max: 15.9, Diff: 1.1, Sum: 125.4]
      [Code Root Scanning (ms): Min: 0.0, Avg: 0.0, Max: 0.0, Diff: 0.0, Sum: 0.0]
      [Object Copy (ms): Min: 133.7, Avg: 133.8, Max: 133.8, Diff: 0.1, Sum: 1070.2]
      [Termination (ms): Min: 0.0, Avg: 0.0, Max: 0.0, Diff: 0.0, Sum: 0.2]
         [Termination Attempts: Min: 1, Avg: 92.3, Max: 125, Diff: 124, Sum: 738]
      [GC Worker Other (ms): Min: 0.0, Avg: 0.1, Max: 0.1, Diff: 0.1, Sum: 0.4]
      [GC Worker Total (ms): Min: 165.4, Avg: 165.5, Max: 165.6, Diff: 0.2, Sum: 1324.0]
      [GC Worker End (ms): Min: 61510.4, Avg: 61510.4, Max: 61510.5, Diff: 0.1]
   [Code Root Fixup: 0.0 ms]
   [Code Root Purge: 0.0 ms]
   [Clear CT: 0.6 ms]
   [Other: 1.0 ms]
      [Choose CSet: 0.0 ms]
      [Ref Proc: 0.2 ms]
      [Ref Enq: 0.0 ms]
      [Redirty Cards: 0.3 ms]
      [Humongous Register: 0.0 ms]
      [Humongous Reclaim: 0.0 ms]
      [Free CSet: 0.2 ms]
   [Eden: 221.0M(221.0M)->0.0B(210.0M) Survivors: 14.0M->30.0M Heap: 282.6M(2048.0M)->270.6M(2048.0M)]
 [Times: user=1.36 sys=0.02, real=0.17 secs] 
2020-09-29T12:28:10.354+0200: 61.681: [GC pause (G1 Evacuation Pause) (young), 0.1968989 secs]
   [Parallel Time: 195.4 ms, GC Workers: 8]
      [GC Worker Start (ms): Min: 61681.4, Avg: 61681.5, Max: 61681.6, Diff: 0.2]
      [Ext Root Scanning (ms): Min: 0.0, Avg: 0.1, Max: 0.2, Diff: 0.2, Sum: 0.8]
      [Update RS (ms): Min: 15.4, Avg: 15.7, Max: 16.3, Diff: 1.0, Sum: 125.9]
         [Processed Buffers: Min: 11, Avg: 12.3, Max: 14, Diff: 3, Sum: 98]
      [Scan RS (ms): Min: 18.0, Avg: 19.0, Max: 23.2, Diff: 5.2, Sum: 151.7]
      [Code Root Scanning (ms): Min: 0.0, Avg: 0.0, Max: 0.0, Diff: 0.0, Sum: 0.0]
      [Object Copy (ms): Min: 155.8, Avg: 159.8, Max: 160.8, Diff: 5.0, Sum: 1278.5]
      [Termination (ms): Min: 0.0, Avg: 0.4, Max: 0.6, Diff: 0.6, Sum: 3.3]
         [Termination Attempts: Min: 1, Avg: 1794.8, Max: 2321, Diff: 2320, Sum: 14358]
      [GC Worker Other (ms): Min: 0.0, Avg: 0.0, Max: 0.1, Diff: 0.1, Sum: 0.3]
      [GC Worker Total (ms): Min: 195.0, Avg: 195.1, Max: 195.2, Diff: 0.2, Sum: 1560.6]
      [GC Worker End (ms): Min: 61876.5, Avg: 61876.6, Max: 61876.6, Diff: 0.1]
   [Code Root Fixup: 0.0 ms]
   [Code Root Purge: 0.0 ms]
   [Clear CT: 0.2 ms]
   [Other: 1.2 ms]
      [Choose CSet: 0.0 ms]
      [Ref Proc: 0.3 ms]
      [Ref Enq: 0.0 ms]
      [Redirty Cards: 0.3 ms]
      [Humongous Register: 0.1 ms]
      [Humongous Reclaim: 0.0 ms]
      [Free CSet: 0.3 ms]
   [Eden: 210.0M(210.0M)->0.0B(196.0M) Survivors: 30.0M->30.0M Heap: 515.0M(2048.0M)->517.5M(2048.0M)]
 [Times: user=1.50 sys=0.02, real=0.20 secs] 
2020-09-29T12:28:10.714+0200: 62.041: [GC pause (G1 Evacuation Pause) (young), 0.1969152 secs]
   [Parallel Time: 195.2 ms, GC Workers: 8]
      [GC Worker Start (ms): Min: 62041.0, Avg: 62041.0, Max: 62041.2, Diff: 0.2]
      [Ext Root Scanning (ms): Min: 0.0, Avg: 0.1, Max: 0.2, Diff: 0.2, Sum: 0.9]
      [Update RS (ms): Min: 23.0, Avg: 23.3, Max: 23.7, Diff: 0.7, Sum: 186.2]
         [Processed Buffers: Min: 13, Avg: 15.6, Max: 17, Diff: 4, Sum: 125]
      [Scan RS (ms): Min: 14.8, Avg: 15.3, Max: 15.5, Diff: 0.7, Sum: 122.1]
      [Code Root Scanning (ms): Min: 0.0, Avg: 0.0, Max: 0.0, Diff: 0.0, Sum: 0.0]
      [Object Copy (ms): Min: 156.1, Avg: 156.1, Max: 156.2, Diff: 0.2, Sum: 1249.2]
      [Termination (ms): Min: 0.0, Avg: 0.1, Max: 0.2, Diff: 0.2, Sum: 0.9]
         [Termination Attempts: Min: 1, Avg: 488.8, Max: 673, Diff: 672, Sum: 3910]
      [GC Worker Other (ms): Min: 0.0, Avg: 0.1, Max: 0.1, Diff: 0.1, Sum: 0.5]
      [GC Worker Total (ms): Min: 194.8, Avg: 195.0, Max: 195.1, Diff: 0.3, Sum: 1559.8]
      [GC Worker End (ms): Min: 62236.0, Avg: 62236.0, Max: 62236.1, Diff: 0.1]
   [Code Root Fixup: 0.0 ms]
   [Code Root Purge: 0.0 ms]
   [Clear CT: 0.3 ms]
   [Other: 1.4 ms]
      [Choose CSet: 0.0 ms]
      [Ref Proc: 0.3 ms]
      [Ref Enq: 0.0 ms]
      [Redirty Cards: 0.5 ms]
      [Humongous Register: 0.1 ms]
      [Humongous Reclaim: 0.0 ms]
      [Free CSet: 0.2 ms]
   [Eden: 196.0M(196.0M)->0.0B(186.0M) Survivors: 30.0M->29.0M Heap: 745.9M(2048.0M)->748.4M(2048.0M)]
 [Times: user=1.48 sys=0.00, real=0.20 secs] 
2020-09-29T12:28:11.069+0200: 62.396: [GC pause (G1 Evacuation Pause) (young), 0.1669248 secs]
   [Parallel Time: 165.5 ms, GC Workers: 8]
      [GC Worker Start (ms): Min: 62395.7, Avg: 62395.9, Max: 62396.6, Diff: 0.8]
      [Ext Root Scanning (ms): Min: 0.0, Avg: 0.1, Max: 0.2, Diff: 0.2, Sum: 0.8]
      [Update RS (ms): Min: 17.0, Avg: 17.5, Max: 17.7, Diff: 0.7, Sum: 140.3]
         [Processed Buffers: Min: 12, Avg: 14.3, Max: 16, Diff: 4, Sum: 114]
      [Scan RS (ms): Min: 14.8, Avg: 14.9, Max: 15.0, Diff: 0.2, Sum: 119.2]
      [Code Root Scanning (ms): Min: 0.0, Avg: 0.0, Max: 0.0, Diff: 0.0, Sum: 0.0]
      [Object Copy (ms): Min: 132.5, Avg: 132.6, Max: 132.6, Diff: 0.1, Sum: 1060.4]
      [Termination (ms): Min: 0.0, Avg: 0.0, Max: 0.0, Diff: 0.0, Sum: 0.1]
         [Termination Attempts: Min: 1, Avg: 46.3, Max: 66, Diff: 65, Sum: 370]
      [GC Worker Other (ms): Min: 0.0, Avg: 0.1, Max: 0.1, Diff: 0.1, Sum: 0.5]
      [GC Worker Total (ms): Min: 164.5, Avg: 165.2, Max: 165.4, Diff: 0.8, Sum: 1321.3]
      [GC Worker End (ms): Min: 62561.0, Avg: 62561.1, Max: 62561.1, Diff: 0.1]
   [Code Root Fixup: 0.0 ms]
   [Code Root Purge: 0.0 ms]
   [Clear CT: 0.2 ms]
   [Other: 1.2 ms]
      [Choose CSet: 0.0 ms]
      [Ref Proc: 0.3 ms]
      [Ref Enq: 0.0 ms]
      [Redirty Cards: 0.4 ms]
      [Humongous Register: 0.1 ms]
      [Humongous Reclaim: 0.0 ms]
      [Free CSet: 0.3 ms]
   [Eden: 186.0M(186.0M)->0.0B(194.0M) Survivors: 29.0M->27.0M Heap: 966.8M(2048.0M)->969.3M(2048.0M)]
 [Times: user=1.25 sys=0.00, real=0.17 secs] 
2020-09-29T12:28:11.258+0200: 62.585: [GC pause (G1 Humongous Allocation) (young) (initial-mark), 0.0529944 secs]
   [Parallel Time: 51.9 ms, GC Workers: 8]
      [GC Worker Start (ms): Min: 62584.8, Avg: 62584.9, Max: 62585.0, Diff: 0.2]
      [Ext Root Scanning (ms): Min: 0.0, Avg: 0.1, Max: 0.2, Diff: 0.2, Sum: 0.8]
      [Update RS (ms): Min: 24.0, Avg: 24.4, Max: 24.9, Diff: 0.9, Sum: 195.2]
         [Processed Buffers: Min: 18, Avg: 19.8, Max: 22, Diff: 4, Sum: 158]
      [Scan RS (ms): Min: 2.2, Avg: 2.7, Max: 3.1, Diff: 1.0, Sum: 21.6]
      [Code Root Scanning (ms): Min: 0.0, Avg: 0.0, Max: 0.0, Diff: 0.0, Sum: 0.0]
      [Object Copy (ms): Min: 24.4, Avg: 24.5, Max: 24.6, Diff: 0.2, Sum: 196.3]
      [Termination (ms): Min: 0.0, Avg: 0.0, Max: 0.0, Diff: 0.0, Sum: 0.0]
         [Termination Attempts: Min: 1, Avg: 3.0, Max: 6, Diff: 5, Sum: 24]
      [GC Worker Other (ms): Min: 0.0, Avg: 0.0, Max: 0.0, Diff: 0.0, Sum: 0.1]
      [GC Worker Total (ms): Min: 51.7, Avg: 51.7, Max: 51.9, Diff: 0.2, Sum: 414.0]
      [GC Worker End (ms): Min: 62636.6, Avg: 62636.6, Max: 62636.6, Diff: 0.0]
   [Code Root Fixup: 0.0 ms]
   [Code Root Purge: 0.0 ms]
   [Clear CT: 0.2 ms]
   [Other: 0.8 ms]
      [Choose CSet: 0.0 ms]
      [Ref Proc: 0.3 ms]
      [Ref Enq: 0.0 ms]
      [Redirty Cards: 0.2 ms]
      [Humongous Register: 0.0 ms]
      [Humongous Reclaim: 0.0 ms]
      [Free CSet: 0.1 ms]
   [Eden: 12.0M(194.0M)->0.0B(219.0M) Survivors: 27.0M->13.0M Heap: 980.8M(2048.0M)->983.8M(2048.0M)]
 [Times: user=0.38 sys=0.00, real=0.05 secs] 
2020-09-29T12:28:11.311+0200: 62.638: [GC concurrent-root-region-scan-start]
2020-09-29T12:28:11.315+0200: 62.642: [GC concurrent-root-region-scan-end, 0.0042937 secs]
2020-09-29T12:28:11.315+0200: 62.642: [GC concurrent-mark-start]
2020-09-29T12:28:11.318+0200: 62.645: [GC concurrent-mark-end, 0.0031951 secs]
2020-09-29T12:28:11.319+0200: 62.646: [GC remark 2020-09-29T12:28:11.319+0200: 62.646: [Finalize Marking, 0.0003475 secs] 2020-09-29T12:28:11.319+0200: 62.646: [GC ref-proc, 0.0004263 secs] 2020-09-29T12:28:11.320+0200: 62.647: [Unloading, 0.0006018 secs], 0.0018049 secs]
 [Times: user=0.00 sys=0.00, real=0.00 secs] 
2020-09-29T12:28:11.321+0200: 62.648: [GC cleanup 996M->35M(2048M), 0.0015046 secs]
 [Times: user=0.00 sys=0.00, real=0.00 secs] 
2020-09-29T12:28:11.323+0200: 62.650: [GC concurrent-cleanup-start]
2020-09-29T12:28:11.325+0200: 62.652: [GC concurrent-cleanup-end, 0.0018838 secs]
2020-09-29T12:28:11.482+0200: 62.809: [GC pause (G1 Evacuation Pause) (young), 0.1793122 secs]
   [Parallel Time: 177.9 ms, GC Workers: 8]
      [GC Worker Start (ms): Min: 62809.1, Avg: 62809.3, Max: 62809.3, Diff: 0.2]
      [Ext Root Scanning (ms): Min: 0.0, Avg: 0.1, Max: 0.2, Diff: 0.2, Sum: 0.8]
      [Update RS (ms): Min: 15.4, Avg: 15.6, Max: 16.0, Diff: 0.6, Sum: 124.7]
         [Processed Buffers: Min: 8, Avg: 12.4, Max: 15, Diff: 7, Sum: 99]
      [Scan RS (ms): Min: 15.8, Avg: 16.2, Max: 16.4, Diff: 0.6, Sum: 129.2]
      [Code Root Scanning (ms): Min: 0.0, Avg: 0.0, Max: 0.0, Diff: 0.0, Sum: 0.0]
      [Object Copy (ms): Min: 145.6, Avg: 145.6, Max: 145.7, Diff: 0.1, Sum: 1165.1]
      [Termination (ms): Min: 0.0, Avg: 0.0, Max: 0.0, Diff: 0.0, Sum: 0.3]
         [Termination Attempts: Min: 1, Avg: 165.9, Max: 205, Diff: 204, Sum: 1327]
      [GC Worker Other (ms): Min: 0.0, Avg: 0.1, Max: 0.1, Diff: 0.1, Sum: 0.4]
      [GC Worker Total (ms): Min: 177.5, Avg: 177.6, Max: 177.7, Diff: 0.2, Sum: 1420.6]
      [GC Worker End (ms): Min: 62986.8, Avg: 62986.8, Max: 62986.9, Diff: 0.1]
   [Code Root Fixup: 0.0 ms]
   [Code Root Purge: 0.0 ms]
   [Clear CT: 0.2 ms]
   [Other: 1.2 ms]
      [Choose CSet: 0.0 ms]
      [Ref Proc: 0.3 ms]
      [Ref Enq: 0.0 ms]
      [Redirty Cards: 0.3 ms]
      [Humongous Register: 0.0 ms]
      [Humongous Reclaim: 0.0 ms]
      [Free CSet: 0.3 ms]
   [Eden: 219.0M(219.0M)->0.0B(201.0M) Survivors: 13.0M->29.0M Heap: 280.1M(2048.0M)->268.6M(2048.0M)]
 [Times: user=1.39 sys=0.00, real=0.18 secs] 
2020-09-29T12:28:11.837+0200: 63.163: [GC pause (G1 Evacuation Pause) (young), 0.1844962 secs]
   [Parallel Time: 183.1 ms, GC Workers: 8]
      [GC Worker Start (ms): Min: 63163.6, Avg: 63163.7, Max: 63163.8, Diff: 0.2]
      [Ext Root Scanning (ms): Min: 0.0, Avg: 0.1, Max: 0.2, Diff: 0.2, Sum: 0.8]
      [Update RS (ms): Min: 17.8, Avg: 18.0, Max: 18.5, Diff: 0.7, Sum: 144.1]
         [Processed Buffers: Min: 11, Avg: 13.3, Max: 15, Diff: 4, Sum: 106]
      [Scan RS (ms): Min: 15.6, Avg: 16.2, Max: 17.0, Diff: 1.3, Sum: 130.0]
      [Code Root Scanning (ms): Min: 0.0, Avg: 0.0, Max: 0.0, Diff: 0.0, Sum: 0.0]
      [Object Copy (ms): Min: 147.8, Avg: 148.3, Max: 148.5, Diff: 0.7, Sum: 1186.8]
      [Termination (ms): Min: 0.0, Avg: 0.1, Max: 0.1, Diff: 0.1, Sum: 0.7]
         [Termination Attempts: Min: 1, Avg: 365.8, Max: 490, Diff: 489, Sum: 2926]
      [GC Worker Other (ms): Min: 0.0, Avg: 0.0, Max: 0.1, Diff: 0.1, Sum: 0.4]
      [GC Worker Total (ms): Min: 182.8, Avg: 182.9, Max: 183.0, Diff: 0.2, Sum: 1462.8]
      [GC Worker End (ms): Min: 63346.5, Avg: 63346.6, Max: 63346.6, Diff: 0.1]
   [Code Root Fixup: 0.0 ms]
   [Code Root Purge: 0.0 ms]
   [Clear CT: 0.2 ms]
   [Other: 1.2 ms]
      [Choose CSet: 0.0 ms]
      [Ref Proc: 0.3 ms]
      [Ref Enq: 0.0 ms]
      [Redirty Cards: 0.3 ms]
      [Humongous Register: 0.0 ms]
      [Humongous Reclaim: 0.0 ms]
      [Free CSet: 0.3 ms]
   [Eden: 201.0M(201.0M)->0.0B(197.0M) Survivors: 29.0M->29.0M Heap: 502.1M(2048.0M)->504.6M(2048.0M)]
 [Times: user=1.50 sys=0.00, real=0.18 secs] 
2020-09-29T12:28:12.178+0200: 63.505: [GC pause (G1 Evacuation Pause) (young), 0.1810912 secs]
   [Parallel Time: 179.8 ms, GC Workers: 8]
      [GC Worker Start (ms): Min: 63504.7, Avg: 63504.8, Max: 63504.9, Diff: 0.2]
      [Ext Root Scanning (ms): Min: 0.0, Avg: 0.1, Max: 0.2, Diff: 0.2, Sum: 0.7]
      [Update RS (ms): Min: 19.6, Avg: 19.9, Max: 20.2, Diff: 0.7, Sum: 159.1]
         [Processed Buffers: Min: 14, Avg: 14.6, Max: 17, Diff: 3, Sum: 117]
      [Scan RS (ms): Min: 13.9, Avg: 14.3, Max: 14.6, Diff: 0.7, Sum: 114.5]
      [Code Root Scanning (ms): Min: 0.0, Avg: 0.0, Max: 0.0, Diff: 0.0, Sum: 0.0]
      [Object Copy (ms): Min: 145.1, Avg: 145.1, Max: 145.2, Diff: 0.1, Sum: 1161.0]
      [Termination (ms): Min: 0.0, Avg: 0.0, Max: 0.0, Diff: 0.0, Sum: 0.1]
         [Termination Attempts: Min: 1, Avg: 75.5, Max: 107, Diff: 106, Sum: 604]
      [GC Worker Other (ms): Min: 0.0, Avg: 0.0, Max: 0.1, Diff: 0.1, Sum: 0.3]
      [GC Worker Total (ms): Min: 179.4, Avg: 179.5, Max: 179.7, Diff: 0.3, Sum: 1435.9]
      [GC Worker End (ms): Min: 63684.3, Avg: 63684.3, Max: 63684.3, Diff: 0.1]
   [Code Root Fixup: 0.0 ms]
   [Code Root Purge: 0.0 ms]
   [Clear CT: 0.2 ms]
   [Other: 1.1 ms]
      [Choose CSet: 0.0 ms]
      [Ref Proc: 0.2 ms]
      [Ref Enq: 0.0 ms]
      [Redirty Cards: 0.3 ms]
      [Humongous Register: 0.0 ms]
      [Humongous Reclaim: 0.0 ms]
      [Free CSet: 0.3 ms]
   [Eden: 197.0M(197.0M)->0.0B(196.0M) Survivors: 29.0M->29.0M Heap: 734.0M(2048.0M)->736.0M(2048.0M)]
 [Times: user=1.34 sys=0.00, real=0.18 secs] 
2020-09-29T12:28:12.516+0200: 63.843: [GC pause (G1 Evacuation Pause) (young), 0.1824193 secs]
   [Parallel Time: 180.9 ms, GC Workers: 8]
      [GC Worker Start (ms): Min: 63842.7, Avg: 63842.9, Max: 63843.0, Diff: 0.3]
      [Ext Root Scanning (ms): Min: 0.0, Avg: 0.1, Max: 0.2, Diff: 0.2, Sum: 0.6]
      [Update RS (ms): Min: 22.6, Avg: 22.7, Max: 23.0, Diff: 0.4, Sum: 181.9]
         [Processed Buffers: Min: 14, Avg: 17.4, Max: 20, Diff: 6, Sum: 139]
      [Scan RS (ms): Min: 13.7, Avg: 14.0, Max: 14.2, Diff: 0.5, Sum: 111.9]
      [Code Root Scanning (ms): Min: 0.0, Avg: 0.0, Max: 0.0, Diff: 0.0, Sum: 0.0]
      [Object Copy (ms): Min: 143.6, Avg: 143.7, Max: 143.8, Diff: 0.2, Sum: 1149.8]
      [Termination (ms): Min: 0.0, Avg: 0.0, Max: 0.0, Diff: 0.0, Sum: 0.0]
         [Termination Attempts: Min: 1, Avg: 10.6, Max: 16, Diff: 15, Sum: 85]
      [GC Worker Other (ms): Min: 0.0, Avg: 0.0, Max: 0.1, Diff: 0.1, Sum: 0.3]
      [GC Worker Total (ms): Min: 180.5, Avg: 180.6, Max: 180.7, Diff: 0.2, Sum: 1444.6]
      [GC Worker End (ms): Min: 64023.4, Avg: 64023.5, Max: 64023.5, Diff: 0.1]
   [Code Root Fixup: 0.0 ms]
   [Code Root Purge: 0.0 ms]
   [Clear CT: 0.3 ms]
   [Other: 1.2 ms]
      [Choose CSet: 0.0 ms]
      [Ref Proc: 0.2 ms]
      [Ref Enq: 0.0 ms]
      [Redirty Cards: 0.4 ms]
      [Humongous Register: 0.0 ms]
      [Humongous Reclaim: 0.0 ms]
      [Free CSet: 0.3 ms]
   [Eden: 196.0M(196.0M)->0.0B(196.0M) Survivors: 29.0M->29.0M Heap: 966.3M(2048.0M)->968.8M(2048.0M)]
 [Times: user=1.50 sys=0.00, real=0.18 secs] 
2020-09-29T12:28:12.716+0200: 64.043: [GC pause (G1 Humongous Allocation) (young) (initial-mark), 0.0581051 secs]
   [Parallel Time: 56.8 ms, GC Workers: 8]
      [GC Worker Start (ms): Min: 64043.4, Avg: 64043.5, Max: 64043.6, Diff: 0.2]
      [Ext Root Scanning (ms): Min: 0.0, Avg: 0.2, Max: 0.3, Diff: 0.3, Sum: 1.5]
      [Update RS (ms): Min: 27.0, Avg: 27.4, Max: 27.9, Diff: 1.0, Sum: 219.0]
         [Processed Buffers: Min: 21, Avg: 22.1, Max: 23, Diff: 2, Sum: 177]
      [Scan RS (ms): Min: 2.2, Avg: 2.8, Max: 3.2, Diff: 1.1, Sum: 22.1]
      [Code Root Scanning (ms): Min: 0.0, Avg: 0.0, Max: 0.0, Diff: 0.0, Sum: 0.0]
      [Object Copy (ms): Min: 26.1, Avg: 26.1, Max: 26.2, Diff: 0.1, Sum: 209.0]
      [Termination (ms): Min: 0.0, Avg: 0.0, Max: 0.0, Diff: 0.0, Sum: 0.1]
         [Termination Attempts: Min: 1, Avg: 26.9, Max: 38, Diff: 37, Sum: 215]
      [GC Worker Other (ms): Min: 0.0, Avg: 0.0, Max: 0.1, Diff: 0.0, Sum: 0.2]
      [GC Worker Total (ms): Min: 56.3, Avg: 56.5, Max: 56.6, Diff: 0.2, Sum: 451.9]
      [GC Worker End (ms): Min: 64100.0, Avg: 64100.0, Max: 64100.0, Diff: 0.0]
   [Code Root Fixup: 0.0 ms]
   [Code Root Purge: 0.0 ms]
   [Clear CT: 0.3 ms]
   [Other: 1.1 ms]
      [Choose CSet: 0.0 ms]
      [Ref Proc: 0.3 ms]
      [Ref Enq: 0.0 ms]
      [Redirty Cards: 0.3 ms]
      [Humongous Register: 0.1 ms]
      [Humongous Reclaim: 0.0 ms]
      [Free CSet: 0.1 ms]
   [Eden: 12.0M(196.0M)->0.0B(219.0M) Survivors: 29.0M->13.0M Heap: 980.3M(2048.0M)->983.8M(2048.0M)]
 [Times: user=0.50 sys=0.00, real=0.06 secs] 
2020-09-29T12:28:12.775+0200: 64.101: [GC concurrent-root-region-scan-start]
2020-09-29T12:28:12.783+0200: 64.110: [GC concurrent-root-region-scan-end, 0.0084013 secs]
2020-09-29T12:28:12.783+0200: 64.110: [GC concurrent-mark-start]
2020-09-29T12:28:12.787+0200: 64.114: [GC concurrent-mark-end, 0.0042868 secs]
2020-09-29T12:28:12.788+0200: 64.115: [GC remark 2020-09-29T12:28:12.788+0200: 64.115: [Finalize Marking, 0.0003370 secs] 2020-09-29T12:28:12.788+0200: 64.115: [GC ref-proc, 0.0005213 secs] 2020-09-29T12:28:12.789+0200: 64.116: [Unloading, 0.0007547 secs], 0.0023102 secs]
 [Times: user=0.00 sys=0.00, real=0.00 secs] 
2020-09-29T12:28:12.791+0200: 64.117: [GC cleanup 1003M->42M(2048M), 0.0020655 secs]
 [Times: user=0.00 sys=0.00, real=0.00 secs] 
2020-09-29T12:28:12.793+0200: 64.120: [GC concurrent-cleanup-start]
2020-09-29T12:28:12.795+0200: 64.122: [GC concurrent-cleanup-end, 0.0018649 secs]
2020-09-29T12:28:12.951+0200: 64.278: [GC pause (G1 Evacuation Pause) (young), 0.1740874 secs]
   [Parallel Time: 172.5 ms, GC Workers: 8]
      [GC Worker Start (ms): Min: 64278.5, Avg: 64279.1, Max: 64280.8, Diff: 2.3]
      [Ext Root Scanning (ms): Min: 0.0, Avg: 0.1, Max: 0.2, Diff: 0.2, Sum: 0.8]
      [Update RS (ms): Min: 15.9, Avg: 17.6, Max: 18.6, Diff: 2.7, Sum: 140.9]
         [Processed Buffers: Min: 10, Avg: 14.5, Max: 17, Diff: 7, Sum: 116]
      [Scan RS (ms): Min: 14.0, Avg: 14.6, Max: 15.8, Diff: 1.8, Sum: 117.0]
      [Code Root Scanning (ms): Min: 0.0, Avg: 0.0, Max: 0.0, Diff: 0.0, Sum: 0.0]
      [Object Copy (ms): Min: 138.2, Avg: 139.3, Max: 139.5, Diff: 1.3, Sum: 1114.6]
      [Termination (ms): Min: 0.0, Avg: 0.1, Max: 0.1, Diff: 0.1, Sum: 0.5]
         [Termination Attempts: Min: 1, Avg: 292.1, Max: 371, Diff: 370, Sum: 2337]
      [GC Worker Other (ms): Min: 0.0, Avg: 0.1, Max: 0.1, Diff: 0.1, Sum: 0.4]
      [GC Worker Total (ms): Min: 170.0, Avg: 171.8, Max: 172.4, Diff: 2.4, Sum: 1374.4]
      [GC Worker End (ms): Min: 64450.8, Avg: 64450.9, Max: 64450.9, Diff: 0.1]
   [Code Root Fixup: 0.0 ms]
   [Code Root Purge: 0.0 ms]
   [Clear CT: 0.3 ms]
   [Other: 1.2 ms]
      [Choose CSet: 0.0 ms]
      [Ref Proc: 0.3 ms]
      [Ref Enq: 0.0 ms]
      [Redirty Cards: 0.3 ms]
      [Humongous Register: 0.1 ms]
      [Humongous Reclaim: 0.0 ms]
      [Free CSet: 0.3 ms]
   [Eden: 219.0M(219.0M)->0.0B(207.0M) Survivors: 13.0M->29.0M Heap: 280.1M(2048.0M)->269.6M(2048.0M)]
 [Times: user=1.38 sys=0.00, real=0.17 secs] 
2020-09-29T12:28:13.309+0200: 64.636: [GC pause (G1 Evacuation Pause) (young), 0.2173806 secs]
   [Parallel Time: 215.8 ms, GC Workers: 8]
      [GC Worker Start (ms): Min: 64636.5, Avg: 64636.6, Max: 64636.7, Diff: 0.2]
      [Ext Root Scanning (ms): Min: 0.0, Avg: 0.1, Max: 0.2, Diff: 0.2, Sum: 0.8]
      [Update RS (ms): Min: 21.0, Avg: 22.7, Max: 31.7, Diff: 10.7, Sum: 181.2]
         [Processed Buffers: Min: 0, Avg: 14.6, Max: 18, Diff: 18, Sum: 117]
      [Scan RS (ms): Min: 7.7, Avg: 16.7, Max: 18.3, Diff: 10.7, Sum: 133.7]
      [Code Root Scanning (ms): Min: 0.0, Avg: 0.0, Max: 0.0, Diff: 0.0, Sum: 0.0]
      [Object Copy (ms): Min: 175.7, Avg: 175.9, Max: 176.1, Diff: 0.4, Sum: 1407.0]
      [Termination (ms): Min: 0.0, Avg: 0.1, Max: 0.2, Diff: 0.2, Sum: 1.1]
         [Termination Attempts: Min: 1, Avg: 610.1, Max: 795, Diff: 794, Sum: 4881]
      [GC Worker Other (ms): Min: 0.0, Avg: 0.0, Max: 0.1, Diff: 0.1, Sum: 0.4]
      [GC Worker Total (ms): Min: 215.4, Avg: 215.5, Max: 215.6, Diff: 0.3, Sum: 1724.1]
      [GC Worker End (ms): Min: 64852.1, Avg: 64852.1, Max: 64852.1, Diff: 0.1]
   [Code Root Fixup: 0.0 ms]
   [Code Root Purge: 0.0 ms]
   [Clear CT: 0.2 ms]
   [Other: 1.4 ms]
      [Choose CSet: 0.0 ms]
      [Ref Proc: 0.3 ms]
      [Ref Enq: 0.0 ms]
      [Redirty Cards: 0.4 ms]
      [Humongous Register: 0.1 ms]
      [Humongous Reclaim: 0.0 ms]
      [Free CSet: 0.3 ms]
   [Eden: 207.0M(207.0M)->0.0B(181.0M) Survivors: 29.0M->30.0M Heap: 511.0M(2048.0M)->513.0M(2048.0M)]
 [Times: user=1.72 sys=0.00, real=0.22 secs] 
2020-09-29T12:28:13.640+0200: 64.967: [GC pause (G1 Evacuation Pause) (young), 0.1018373 secs]
   [Parallel Time: 100.9 ms, GC Workers: 8]
      [GC Worker Start (ms): Min: 64966.7, Avg: 64966.8, Max: 64966.9, Diff: 0.2]
      [Ext Root Scanning (ms): Min: 0.0, Avg: 0.1, Max: 0.1, Diff: 0.1, Sum: 0.4]
      [Update RS (ms): Min: 11.3, Avg: 11.4, Max: 11.6, Diff: 0.3, Sum: 91.4]
         [Processed Buffers: Min: 13, Avg: 14.3, Max: 16, Diff: 3, Sum: 114]
      [Scan RS (ms): Min: 8.7, Avg: 8.9, Max: 9.1, Diff: 0.4, Sum: 71.2]
      [Code Root Scanning (ms): Min: 0.0, Avg: 0.0, Max: 0.0, Diff: 0.0, Sum: 0.0]
      [Object Copy (ms): Min: 80.2, Avg: 80.3, Max: 80.3, Diff: 0.1, Sum: 642.1]
      [Termination (ms): Min: 0.0, Avg: 0.0, Max: 0.0, Diff: 0.0, Sum: 0.3]
         [Termination Attempts: Min: 1, Avg: 225.0, Max: 278, Diff: 277, Sum: 1800]
      [GC Worker Other (ms): Min: 0.0, Avg: 0.0, Max: 0.1, Diff: 0.1, Sum: 0.3]
      [GC Worker Total (ms): Min: 100.6, Avg: 100.7, Max: 100.8, Diff: 0.2, Sum: 805.8]
      [GC Worker End (ms): Min: 65067.5, Avg: 65067.5, Max: 65067.6, Diff: 0.1]
   [Code Root Fixup: 0.0 ms]
   [Code Root Purge: 0.0 ms]
   [Clear CT: 0.2 ms]
   [Other: 0.8 ms]
      [Choose CSet: 0.0 ms]
      [Ref Proc: 0.1 ms]
      [Ref Enq: 0.0 ms]
      [Redirty Cards: 0.2 ms]
      [Humongous Register: 0.0 ms]
      [Humongous Reclaim: 0.0 ms]
      [Free CSet: 0.2 ms]
   [Eden: 181.0M(181.0M)->0.0B(206.0M) Survivors: 30.0M->27.0M Heap: 724.5M(2048.0M)->726.5M(2048.0M)]
 [Times: user=0.88 sys=0.00, real=0.10 secs] 
2020-09-29T12:28:13.850+0200: 65.177: [GC pause (G1 Evacuation Pause) (young), 0.1099088 secs]
   [Parallel Time: 109.0 ms, GC Workers: 8]
      [GC Worker Start (ms): Min: 65177.4, Avg: 65177.5, Max: 65177.5, Diff: 0.1]
      [Ext Root Scanning (ms): Min: 0.0, Avg: 0.1, Max: 0.2, Diff: 0.1, Sum: 0.5]
      [Update RS (ms): Min: 12.1, Avg: 12.2, Max: 12.6, Diff: 0.5, Sum: 97.9]
         [Processed Buffers: Min: 14, Avg: 15.4, Max: 18, Diff: 4, Sum: 123]
      [Scan RS (ms): Min: 9.5, Avg: 9.7, Max: 9.8, Diff: 0.3, Sum: 77.4]
      [Code Root Scanning (ms): Min: 0.0, Avg: 0.0, Max: 0.0, Diff: 0.0, Sum: 0.0]
      [Object Copy (ms): Min: 86.6, Avg: 86.7, Max: 86.8, Diff: 0.2, Sum: 693.7]
      [Termination (ms): Min: 0.0, Avg: 0.0, Max: 0.0, Diff: 0.0, Sum: 0.3]
         [Termination Attempts: Min: 1, Avg: 279.8, Max: 350, Diff: 349, Sum: 2238]
      [GC Worker Other (ms): Min: 0.0, Avg: 0.0, Max: 0.1, Diff: 0.0, Sum: 0.3]
      [GC Worker Total (ms): Min: 108.7, Avg: 108.8, Max: 108.9, Diff: 0.2, Sum: 870.1]
      [GC Worker End (ms): Min: 65286.2, Avg: 65286.2, Max: 65286.3, Diff: 0.1]
   [Code Root Fixup: 0.0 ms]
   [Code Root Purge: 0.0 ms]
   [Clear CT: 0.2 ms]
   [Other: 0.8 ms]
      [Choose CSet: 0.0 ms]
      [Ref Proc: 0.1 ms]
      [Ref Enq: 0.0 ms]
      [Redirty Cards: 0.2 ms]
      [Humongous Register: 0.0 ms]
      [Humongous Reclaim: 0.0 ms]
      [Free CSet: 0.2 ms]
   [Eden: 206.0M(206.0M)->0.0B(237.0M) Survivors: 27.0M->30.0M Heap: 966.8M(2048.0M)->969.3M(2048.0M)]
 [Times: user=0.88 sys=0.00, real=0.11 secs] 
2020-09-29T12:28:13.969+0200: 65.296: [GC pause (G1 Humongous Allocation) (young) (initial-mark), 0.0407634 secs]
   [Parallel Time: 40.0 ms, GC Workers: 8]
      [GC Worker Start (ms): Min: 65296.6, Avg: 65296.6, Max: 65296.7, Diff: 0.2]
      [Ext Root Scanning (ms): Min: 0.0, Avg: 0.5, Max: 1.4, Diff: 1.4, Sum: 4.3]
      [Update RS (ms): Min: 20.2, Avg: 21.1, Max: 21.9, Diff: 1.8, Sum: 168.6]
         [Processed Buffers: Min: 25, Avg: 26.5, Max: 32, Diff: 7, Sum: 212]
      [Scan RS (ms): Min: 1.4, Avg: 1.9, Max: 2.1, Diff: 0.7, Sum: 14.8]
      [Code Root Scanning (ms): Min: 0.0, Avg: 0.0, Max: 0.0, Diff: 0.0, Sum: 0.0]
      [Object Copy (ms): Min: 16.3, Avg: 16.3, Max: 16.4, Diff: 0.1, Sum: 130.7]
      [Termination (ms): Min: 0.0, Avg: 0.0, Max: 0.0, Diff: 0.0, Sum: 0.3]
         [Termination Attempts: Min: 1, Avg: 160.6, Max: 203, Diff: 202, Sum: 1285]
      [GC Worker Other (ms): Min: 0.0, Avg: 0.0, Max: 0.0, Diff: 0.0, Sum: 0.1]
      [GC Worker Total (ms): Min: 39.7, Avg: 39.8, Max: 39.9, Diff: 0.2, Sum: 318.8]
      [GC Worker End (ms): Min: 65336.5, Avg: 65336.5, Max: 65336.5, Diff: 0.0]
   [Code Root Fixup: 0.0 ms]
   [Code Root Purge: 0.0 ms]
   [Clear CT: 0.1 ms]
   [Other: 0.7 ms]
      [Choose CSet: 0.0 ms]
      [Ref Proc: 0.2 ms]
      [Ref Enq: 0.0 ms]
      [Redirty Cards: 0.1 ms]
      [Humongous Register: 0.0 ms]
      [Humongous Reclaim: 0.0 ms]
      [Free CSet: 0.0 ms]
   [Eden: 12.0M(237.0M)->0.0B(281.0M) Survivors: 30.0M->13.0M Heap: 980.8M(2048.0M)->983.3M(2048.0M)]
 [Times: user=0.38 sys=0.00, real=0.04 secs] 
2020-09-29T12:28:14.010+0200: 65.337: [GC concurrent-root-region-scan-start]
2020-09-29T12:28:14.013+0200: 65.340: [GC concurrent-root-region-scan-end, 0.0027079 secs]
2020-09-29T12:28:14.013+0200: 65.340: [GC concurrent-mark-start]
2020-09-29T12:28:14.016+0200: 65.343: [GC concurrent-mark-end, 0.0025693 secs]
2020-09-29T12:28:14.016+0200: 65.343: [GC remark 2020-09-29T12:28:14.016+0200: 65.343: [Finalize Marking, 0.0002056 secs] 2020-09-29T12:28:14.016+0200: 65.343: [GC ref-proc, 0.0002817 secs] 2020-09-29T12:28:14.016+0200: 65.343: [Unloading, 0.0004083 secs], 0.0011532 secs]
 [Times: user=0.00 sys=0.00, real=0.00 secs] 
2020-09-29T12:28:14.017+0200: 65.344: [GC cleanup 996M->35M(2048M), 0.0011398 secs]
 [Times: user=0.00 sys=0.00, real=0.00 secs] 
2020-09-29T12:28:14.019+0200: 65.346: [GC concurrent-cleanup-start]
2020-09-29T12:28:14.020+0200: 65.347: [GC concurrent-cleanup-end, 0.0012214 secs]
2020-09-29T12:28:14.158+0200: 65.485: [GC pause (G1 Evacuation Pause) (young), 0.1364519 secs]
   [Parallel Time: 135.5 ms, GC Workers: 8]
      [GC Worker Start (ms): Min: 65484.9, Avg: 65485.0, Max: 65485.1, Diff: 0.2]
      [Ext Root Scanning (ms): Min: 0.0, Avg: 0.1, Max: 0.2, Diff: 0.2, Sum: 0.4]
      [Update RS (ms): Min: 11.5, Avg: 11.7, Max: 12.2, Diff: 0.7, Sum: 93.6]
         [Processed Buffers: Min: 11, Avg: 13.0, Max: 16, Diff: 5, Sum: 104]
      [Scan RS (ms): Min: 15.1, Avg: 15.6, Max: 15.9, Diff: 0.7, Sum: 125.2]
      [Code Root Scanning (ms): Min: 0.0, Avg: 0.0, Max: 0.0, Diff: 0.0, Sum: 0.0]
      [Object Copy (ms): Min: 107.7, Avg: 107.8, Max: 107.9, Diff: 0.2, Sum: 862.5]
      [Termination (ms): Min: 0.0, Avg: 0.0, Max: 0.0, Diff: 0.0, Sum: 0.1]
         [Termination Attempts: Min: 1, Avg: 65.9, Max: 90, Diff: 89, Sum: 527]
      [GC Worker Other (ms): Min: 0.0, Avg: 0.0, Max: 0.1, Diff: 0.1, Sum: 0.3]
      [GC Worker Total (ms): Min: 135.2, Avg: 135.3, Max: 135.4, Diff: 0.2, Sum: 1082.1]
      [GC Worker End (ms): Min: 65620.3, Avg: 65620.3, Max: 65620.3, Diff: 0.1]
   [Code Root Fixup: 0.0 ms]
   [Code Root Purge: 0.0 ms]
   [Clear CT: 0.2 ms]
   [Other: 0.8 ms]
      [Choose CSet: 0.0 ms]
      [Ref Proc: 0.2 ms]
      [Ref Enq: 0.0 ms]
      [Redirty Cards: 0.2 ms]
      [Humongous Register: 0.0 ms]
      [Humongous Reclaim: 0.0 ms]
      [Free CSet: 0.2 ms]
   [Eden: 270.0M(270.0M)->0.0B(285.0M) Survivors: 13.0M->36.0M Heap: 338.8M(2048.0M)->327.8M(2048.0M)]
 [Times: user=1.06 sys=0.02, real=0.14 secs] 
2020-09-29T12:28:14.445+0200: 65.772: [GC pause (G1 Evacuation Pause) (young), 0.1660216 secs]
   [Parallel Time: 164.8 ms, GC Workers: 8]
      [GC Worker Start (ms): Min: 65771.7, Avg: 65771.8, Max: 65771.9, Diff: 0.2]
      [Ext Root Scanning (ms): Min: 0.0, Avg: 0.1, Max: 0.1, Diff: 0.1, Sum: 0.5]
      [Update RS (ms): Min: 12.4, Avg: 12.7, Max: 13.0, Diff: 0.6, Sum: 101.9]
         [Processed Buffers: Min: 11, Avg: 13.6, Max: 17, Diff: 6, Sum: 109]
      [Scan RS (ms): Min: 22.8, Avg: 23.1, Max: 23.4, Diff: 0.7, Sum: 184.6]
      [Code Root Scanning (ms): Min: 0.0, Avg: 0.0, Max: 0.0, Diff: 0.0, Sum: 0.0]
      [Object Copy (ms): Min: 128.3, Avg: 128.4, Max: 128.7, Diff: 0.4, Sum: 1027.5]
      [Termination (ms): Min: 0.0, Avg: 0.2, Max: 0.2, Diff: 0.2, Sum: 1.5]
         [Termination Attempts: Min: 1, Avg: 1285.1, Max: 1549, Diff: 1548, Sum: 10281]
      [GC Worker Other (ms): Min: 0.0, Avg: 0.0, Max: 0.1, Diff: 0.0, Sum: 0.2]
      [GC Worker Total (ms): Min: 164.5, Avg: 164.5, Max: 164.6, Diff: 0.1, Sum: 1316.2]
      [GC Worker End (ms): Min: 65936.3, Avg: 65936.3, Max: 65936.3, Diff: 0.0]
   [Code Root Fixup: 0.0 ms]
   [Code Root Purge: 0.0 ms]
   [Clear CT: 0.2 ms]
   [Other: 1.0 ms]
      [Choose CSet: 0.0 ms]
      [Ref Proc: 0.2 ms]
      [Ref Enq: 0.0 ms]
      [Redirty Cards: 0.2 ms]
      [Humongous Register: 0.0 ms]
      [Humongous Reclaim: 0.0 ms]
      [Free CSet: 0.3 ms]
   [Eden: 285.0M(285.0M)->0.0B(272.0M) Survivors: 36.0M->41.0M Heap: 660.5M(2048.0M)->662.5M(2048.0M)]
 [Times: user=1.14 sys=0.11, real=0.17 secs] 
2020-09-29T12:28:14.773+0200: 66.100: [GC pause (G1 Evacuation Pause) (young), 0.1749666 secs]
   [Parallel Time: 173.7 ms, GC Workers: 8]
      [GC Worker Start (ms): Min: 66100.2, Avg: 66100.3, Max: 66100.3, Diff: 0.2]
      [Ext Root Scanning (ms): Min: 0.0, Avg: 0.1, Max: 0.2, Diff: 0.2, Sum: 0.5]
      [Update RS (ms): Min: 17.9, Avg: 18.2, Max: 19.8, Diff: 2.0, Sum: 145.5]
         [Processed Buffers: Min: 14, Avg: 17.3, Max: 21, Diff: 7, Sum: 138]
      [Scan RS (ms): Min: 22.6, Avg: 24.3, Max: 24.8, Diff: 2.2, Sum: 194.7]
      [Code Root Scanning (ms): Min: 0.0, Avg: 0.0, Max: 0.0, Diff: 0.0, Sum: 0.0]
      [Object Copy (ms): Min: 130.7, Avg: 130.9, Max: 130.9, Diff: 0.3, Sum: 1046.8]
      [Termination (ms): Min: 0.0, Avg: 0.0, Max: 0.1, Diff: 0.1, Sum: 0.4]
         [Termination Attempts: Min: 1, Avg: 312.8, Max: 443, Diff: 442, Sum: 2502]
      [GC Worker Other (ms): Min: 0.0, Avg: 0.0, Max: 0.1, Diff: 0.1, Sum: 0.3]
      [GC Worker Total (ms): Min: 173.5, Avg: 173.5, Max: 173.6, Diff: 0.2, Sum: 1388.2]
      [GC Worker End (ms): Min: 66273.8, Avg: 66273.8, Max: 66273.8, Diff: 0.1]
   [Code Root Fixup: 0.0 ms]
   [Code Root Purge: 0.0 ms]
   [Clear CT: 0.3 ms]
   [Other: 0.9 ms]
      [Choose CSet: 0.0 ms]
      [Ref Proc: 0.2 ms]
      [Ref Enq: 0.0 ms]
      [Redirty Cards: 0.3 ms]
      [Humongous Register: 0.0 ms]
      [Humongous Reclaim: 0.0 ms]
      [Free CSet: 0.2 ms]
   [Eden: 272.0M(272.0M)->0.0B(262.0M) Survivors: 41.0M->40.0M Heap: 980.2M(2048.0M)->982.2M(2048.0M)]
 [Times: user=1.34 sys=0.02, real=0.17 secs] 
2020-09-29T12:28:14.964+0200: 66.291: [GC pause (G1 Humongous Allocation) (young) (initial-mark), 0.0571560 secs]
   [Parallel Time: 56.4 ms, GC Workers: 8]
      [GC Worker Start (ms): Min: 66290.7, Avg: 66290.7, Max: 66290.8, Diff: 0.2]
      [Ext Root Scanning (ms): Min: 0.0, Avg: 0.3, Max: 1.4, Diff: 1.4, Sum: 2.3]
      [Update RS (ms): Min: 23.3, Avg: 24.4, Max: 24.9, Diff: 1.5, Sum: 195.5]
         [Processed Buffers: Min: 29, Avg: 30.4, Max: 32, Diff: 3, Sum: 243]
      [Scan RS (ms): Min: 2.1, Avg: 2.4, Max: 2.8, Diff: 0.7, Sum: 19.5]
      [Code Root Scanning (ms): Min: 0.0, Avg: 0.0, Max: 0.0, Diff: 0.0, Sum: 0.0]
      [Object Copy (ms): Min: 28.8, Avg: 28.9, Max: 29.0, Diff: 0.2, Sum: 230.8]
      [Termination (ms): Min: 0.0, Avg: 0.2, Max: 0.2, Diff: 0.2, Sum: 1.4]
         [Termination Attempts: Min: 1, Avg: 1340.9, Max: 1656, Diff: 1655, Sum: 10727]
      [GC Worker Other (ms): Min: 0.0, Avg: 0.0, Max: 0.0, Diff: 0.0, Sum: 0.2]
      [GC Worker Total (ms): Min: 56.1, Avg: 56.2, Max: 56.3, Diff: 0.2, Sum: 449.6]
      [GC Worker End (ms): Min: 66346.9, Avg: 66346.9, Max: 66347.0, Diff: 0.0]
   [Code Root Fixup: 0.0 ms]
   [Code Root Purge: 0.0 ms]
   [Clear CT: 0.2 ms]
   [Other: 0.6 ms]
      [Choose CSet: 0.0 ms]
      [Ref Proc: 0.2 ms]
      [Ref Enq: 0.0 ms]
      [Redirty Cards: 0.1 ms]
      [Humongous Register: 0.0 ms]
      [Humongous Reclaim: 0.0 ms]
      [Free CSet: 0.1 ms]
   [Eden: 9216.0K(262.0M)->0.0B(279.0M) Survivors: 40.0M->11.0M Heap: 990.7M(2048.0M)->995.2M(2048.0M)]
 [Times: user=0.47 sys=0.01, real=0.06 secs] 
2020-09-29T12:28:15.021+0200: 66.348: [GC concurrent-root-region-scan-start]
2020-09-29T12:28:15.023+0200: 66.349: [GC concurrent-root-region-scan-end, 0.0016789 secs]
2020-09-29T12:28:15.023+0200: 66.349: [GC concurrent-mark-start]
2020-09-29T12:28:15.025+0200: 66.352: [GC concurrent-mark-end, 0.0026634 secs]
2020-09-29T12:28:15.025+0200: 66.352: [GC remark 2020-09-29T12:28:15.025+0200: 66.352: [Finalize Marking, 0.0002826 secs] 2020-09-29T12:28:15.026+0200: 66.353: [GC ref-proc, 0.0003026 secs] 2020-09-29T12:28:15.026+0200: 66.353: [Unloading, 0.0008947 secs], 0.0019368 secs]
 [Times: user=0.00 sys=0.00, real=0.00 secs] 
2020-09-29T12:28:15.028+0200: 66.355: [GC cleanup 1006M->31M(2048M), 0.0027261 secs]
 [Times: user=0.00 sys=0.00, real=0.00 secs] 
2020-09-29T12:28:15.031+0200: 66.357: [GC concurrent-cleanup-start]
2020-09-29T12:28:15.032+0200: 66.359: [GC concurrent-cleanup-end, 0.0013485 secs]
2020-09-29T12:28:15.168+0200: 66.495: [GC pause (G1 Evacuation Pause) (young), 0.1445118 secs]
   [Parallel Time: 143.5 ms, GC Workers: 8]
      [GC Worker Start (ms): Min: 66495.3, Avg: 66495.4, Max: 66495.5, Diff: 0.2]
      [Ext Root Scanning (ms): Min: 0.0, Avg: 0.1, Max: 0.2, Diff: 0.2, Sum: 0.5]
      [Update RS (ms): Min: 14.7, Avg: 14.9, Max: 15.0, Diff: 0.3, Sum: 118.9]
         [Processed Buffers: Min: 12, Avg: 15.4, Max: 18, Diff: 6, Sum: 123]
      [Scan RS (ms): Min: 17.9, Avg: 18.2, Max: 18.3, Diff: 0.4, Sum: 145.3]
      [Code Root Scanning (ms): Min: 0.0, Avg: 0.0, Max: 0.0, Diff: 0.0, Sum: 0.0]
      [Object Copy (ms): Min: 109.9, Avg: 110.0, Max: 110.1, Diff: 0.2, Sum: 880.3]
      [Termination (ms): Min: 0.0, Avg: 0.1, Max: 0.2, Diff: 0.2, Sum: 1.0]
         [Termination Attempts: Min: 1, Avg: 871.5, Max: 1186, Diff: 1185, Sum: 6972]
      [GC Worker Other (ms): Min: 0.0, Avg: 0.0, Max: 0.1, Diff: 0.0, Sum: 0.2]
      [GC Worker Total (ms): Min: 143.2, Avg: 143.3, Max: 143.4, Diff: 0.2, Sum: 1146.1]
      [GC Worker End (ms): Min: 66638.6, Avg: 66638.7, Max: 66638.7, Diff: 0.0]
   [Code Root Fixup: 0.0 ms]
   [Code Root Purge: 0.0 ms]
   [Clear CT: 0.2 ms]
   [Other: 0.8 ms]
      [Choose CSet: 0.0 ms]
      [Ref Proc: 0.1 ms]
      [Ref Enq: 0.0 ms]
      [Redirty Cards: 0.2 ms]
      [Humongous Register: 0.0 ms]
      [Humongous Reclaim: 0.0 ms]
      [Free CSet: 0.2 ms]
   [Eden: 279.0M(279.0M)->0.0B(270.0M) Survivors: 11.0M->37.0M Heap: 347.2M(2048.0M)->338.7M(2048.0M)]
 [Times: user=1.06 sys=0.06, real=0.14 secs] 
2020-09-29T12:28:15.449+0200: 66.776: [GC pause (G1 Evacuation Pause) (young), 0.1549424 secs]
   [Parallel Time: 153.7 ms, GC Workers: 8]
      [GC Worker Start (ms): Min: 66776.4, Avg: 66776.5, Max: 66776.6, Diff: 0.1]
      [Ext Root Scanning (ms): Min: 0.0, Avg: 0.1, Max: 0.2, Diff: 0.1, Sum: 0.5]
      [Update RS (ms): Min: 17.6, Avg: 17.9, Max: 18.2, Diff: 0.6, Sum: 143.4]
         [Processed Buffers: Min: 19, Avg: 20.5, Max: 21, Diff: 2, Sum: 164]
      [Scan RS (ms): Min: 13.1, Avg: 13.4, Max: 13.7, Diff: 0.6, Sum: 107.2]
      [Code Root Scanning (ms): Min: 0.0, Avg: 0.0, Max: 0.0, Diff: 0.0, Sum: 0.0]
      [Object Copy (ms): Min: 121.9, Avg: 122.0, Max: 122.1, Diff: 0.2, Sum: 976.0]
      [Termination (ms): Min: 0.0, Avg: 0.1, Max: 0.1, Diff: 0.1, Sum: 0.5]
         [Termination Attempts: Min: 1, Avg: 494.6, Max: 608, Diff: 607, Sum: 3957]
      [GC Worker Other (ms): Min: 0.0, Avg: 0.0, Max: 0.1, Diff: 0.1, Sum: 0.3]
      [GC Worker Total (ms): Min: 153.5, Avg: 153.5, Max: 153.6, Diff: 0.2, Sum: 1228.0]
      [GC Worker End (ms): Min: 66930.0, Avg: 66930.0, Max: 66930.1, Diff: 0.1]
   [Code Root Fixup: 0.0 ms]
   [Code Root Purge: 0.0 ms]
   [Clear CT: 0.2 ms]
   [Other: 1.0 ms]
      [Choose CSet: 0.0 ms]
      [Ref Proc: 0.2 ms]
      [Ref Enq: 0.0 ms]
      [Redirty Cards: 0.2 ms]
      [Humongous Register: 0.0 ms]
      [Humongous Reclaim: 0.0 ms]
      [Free CSet: 0.3 ms]
   [Eden: 270.0M(270.0M)->0.0B(279.0M) Survivors: 37.0M->39.0M Heap: 652.6M(2048.0M)->654.6M(2048.0M)]
 [Times: user=1.24 sys=0.02, real=0.16 secs] 
2020-09-29T12:28:15.772+0200: 67.099: [GC pause (G1 Evacuation Pause) (young), 0.1560660 secs]
   [Parallel Time: 154.9 ms, GC Workers: 8]
      [GC Worker Start (ms): Min: 67099.4, Avg: 67099.5, Max: 67099.5, Diff: 0.1]
      [Ext Root Scanning (ms): Min: 0.0, Avg: 0.1, Max: 0.1, Diff: 0.1, Sum: 0.6]
      [Update RS (ms): Min: 14.7, Avg: 14.9, Max: 15.3, Diff: 0.5, Sum: 119.2]
         [Processed Buffers: Min: 15, Avg: 18.1, Max: 20, Diff: 5, Sum: 145]
      [Scan RS (ms): Min: 15.5, Avg: 15.9, Max: 16.1, Diff: 0.5, Sum: 127.1]
      [Code Root Scanning (ms): Min: 0.0, Avg: 0.0, Max: 0.0, Diff: 0.0, Sum: 0.0]
      [Object Copy (ms): Min: 123.8, Avg: 123.9, Max: 123.9, Diff: 0.1, Sum: 991.0]
      [Termination (ms): Min: 0.0, Avg: 0.0, Max: 0.0, Diff: 0.0, Sum: 0.2]
         [Termination Attempts: Min: 1, Avg: 152.5, Max: 203, Diff: 202, Sum: 1220]
      [GC Worker Other (ms): Min: 0.0, Avg: 0.0, Max: 0.1, Diff: 0.1, Sum: 0.3]
      [GC Worker Total (ms): Min: 154.7, Avg: 154.8, Max: 154.9, Diff: 0.1, Sum: 1238.4]
      [GC Worker End (ms): Min: 67254.3, Avg: 67254.3, Max: 67254.3, Diff: 0.1]
   [Code Root Fixup: 0.0 ms]
   [Code Root Purge: 0.0 ms]
   [Clear CT: 0.2 ms]
   [Other: 1.0 ms]
      [Choose CSet: 0.0 ms]
      [Ref Proc: 0.2 ms]
      [Ref Enq: 0.0 ms]
      [Redirty Cards: 0.2 ms]
      [Humongous Register: 0.0 ms]
      [Humongous Reclaim: 0.0 ms]
      [Free CSet: 0.3 ms]
   [Eden: 279.0M(279.0M)->0.0B(290.0M) Survivors: 39.0M->40.0M Heap: 981.2M(2048.0M)->983.7M(2048.0M)]
 [Times: user=1.22 sys=0.02, real=0.16 secs] 
2020-09-29T12:28:15.946+0200: 67.273: [GC pause (G1 Humongous Allocation) (young) (initial-mark), 0.0480117 secs]
   [Parallel Time: 47.3 ms, GC Workers: 8]
      [GC Worker Start (ms): Min: 67272.9, Avg: 67273.2, Max: 67273.6, Diff: 0.7]
      [Ext Root Scanning (ms): Min: 0.0, Avg: 0.6, Max: 1.1, Diff: 1.1, Sum: 4.4]
      [Update RS (ms): Min: 24.7, Avg: 25.7, Max: 26.1, Diff: 1.4, Sum: 205.3]
         [Processed Buffers: Min: 29, Avg: 30.6, Max: 32, Diff: 3, Sum: 245]
      [Scan RS (ms): Min: 2.1, Avg: 2.4, Max: 2.7, Diff: 0.5, Sum: 19.2]
      [Code Root Scanning (ms): Min: 0.0, Avg: 0.0, Max: 0.0, Diff: 0.0, Sum: 0.0]
      [Object Copy (ms): Min: 18.1, Avg: 18.1, Max: 18.2, Diff: 0.1, Sum: 145.1]
      [Termination (ms): Min: 0.0, Avg: 0.0, Max: 0.0, Diff: 0.0, Sum: 0.1]
         [Termination Attempts: Min: 1, Avg: 56.4, Max: 85, Diff: 84, Sum: 451]
      [GC Worker Other (ms): Min: 0.0, Avg: 0.0, Max: 0.0, Diff: 0.0, Sum: 0.2]
      [GC Worker Total (ms): Min: 46.4, Avg: 46.8, Max: 47.2, Diff: 0.7, Sum: 374.3]
      [GC Worker End (ms): Min: 67320.0, Avg: 67320.0, Max: 67320.0, Diff: 0.0]
   [Code Root Fixup: 0.0 ms]
   [Code Root Purge: 0.0 ms]
   [Clear CT: 0.1 ms]
   [Other: 0.6 ms]
      [Choose CSet: 0.0 ms]
      [Ref Proc: 0.2 ms]
      [Ref Enq: 0.0 ms]
      [Redirty Cards: 0.1 ms]
      [Humongous Register: 0.0 ms]
      [Humongous Reclaim: 0.0 ms]
      [Free CSet: 0.0 ms]
   [Eden: 8192.0K(290.0M)->0.0B(344.0M) Survivors: 40.0M->9216.0K Heap: 991.2M(2048.0M)->994.2M(2048.0M)]
 [Times: user=0.38 sys=0.00, real=0.05 secs] 
2020-09-29T12:28:15.994+0200: 67.321: [GC concurrent-root-region-scan-start]
2020-09-29T12:28:15.996+0200: 67.323: [GC concurrent-root-region-scan-end, 0.0020093 secs]
2020-09-29T12:28:15.996+0200: 67.323: [GC concurrent-mark-start]
2020-09-29T12:28:16.000+0200: 67.327: [GC concurrent-mark-end, 0.0036700 secs]
2020-09-29T12:28:16.000+0200: 67.327: [GC remark 2020-09-29T12:28:16.000+0200: 67.327: [Finalize Marking, 0.0004195 secs] 2020-09-29T12:28:16.000+0200: 67.327: [GC ref-proc, 0.0002753 secs] 2020-09-29T12:28:16.001+0200: 67.328: [Unloading, 0.0004049 secs], 0.0013745 secs]
 [Times: user=0.00 sys=0.00, real=0.00 secs] 
2020-09-29T12:28:16.002+0200: 67.329: [GC cleanup 1011M->35M(2048M), 0.0009819 secs]
 [Times: user=0.00 sys=0.00, real=0.00 secs] 
2020-09-29T12:28:16.003+0200: 67.330: [GC concurrent-cleanup-start]
2020-09-29T12:28:16.004+0200: 67.331: [GC concurrent-cleanup-end, 0.0009958 secs]
2020-09-29T12:28:16.172+0200: 67.498: [GC pause (G1 Evacuation Pause) (young), 0.1832304 secs]
   [Parallel Time: 182.1 ms, GC Workers: 8]
      [GC Worker Start (ms): Min: 67498.3, Avg: 67498.5, Max: 67498.6, Diff: 0.2]
      [Ext Root Scanning (ms): Min: 0.0, Avg: 0.1, Max: 0.2, Diff: 0.2, Sum: 0.4]
      [Update RS (ms): Min: 15.9, Avg: 16.0, Max: 16.1, Diff: 0.2, Sum: 127.6]
         [Processed Buffers: Min: 15, Avg: 18.8, Max: 22, Diff: 7, Sum: 150]
      [Scan RS (ms): Min: 18.6, Avg: 18.7, Max: 18.9, Diff: 0.4, Sum: 149.9]
      [Code Root Scanning (ms): Min: 0.0, Avg: 0.0, Max: 0.0, Diff: 0.0, Sum: 0.0]
      [Object Copy (ms): Min: 146.3, Avg: 146.6, Max: 147.1, Diff: 0.8, Sum: 1172.9]
      [Termination (ms): Min: 0.0, Avg: 0.4, Max: 0.7, Diff: 0.7, Sum: 3.5]
         [Termination Attempts: Min: 1, Avg: 3057.5, Max: 4324, Diff: 4323, Sum: 24460]
      [GC Worker Other (ms): Min: 0.0, Avg: 0.0, Max: 0.1, Diff: 0.1, Sum: 0.4]
      [GC Worker Total (ms): Min: 181.8, Avg: 181.9, Max: 182.0, Diff: 0.3, Sum: 1454.8]
      [GC Worker End (ms): Min: 67680.3, Avg: 67680.3, Max: 67680.4, Diff: 0.1]
   [Code Root Fixup: 0.0 ms]
   [Code Root Purge: 0.0 ms]
   [Clear CT: 0.2 ms]
   [Other: 0.9 ms]
      [Choose CSet: 0.0 ms]
      [Ref Proc: 0.1 ms]
      [Ref Enq: 0.0 ms]
      [Redirty Cards: 0.2 ms]
      [Humongous Register: 0.0 ms]
      [Humongous Reclaim: 0.0 ms]
      [Free CSet: 0.3 ms]
   [Eden: 344.0M(344.0M)->0.0B(303.0M) Survivors: 9216.0K->45.0M Heap: 422.1M(2048.0M)->415.6M(2048.0M)]
 [Times: user=1.47 sys=0.00, real=0.18 secs] 
2020-09-29T12:28:16.514+0200: 67.841: [GC pause (G1 Evacuation Pause) (young), 0.1726103 secs]
   [Parallel Time: 171.4 ms, GC Workers: 8]
      [GC Worker Start (ms): Min: 67840.7, Avg: 67840.8, Max: 67840.9, Diff: 0.2]
      [Ext Root Scanning (ms): Min: 0.0, Avg: 0.1, Max: 0.1, Diff: 0.1, Sum: 0.4]
      [Update RS (ms): Min: 18.8, Avg: 19.0, Max: 19.3, Diff: 0.5, Sum: 151.6]
         [Processed Buffers: Min: 20, Avg: 21.3, Max: 23, Diff: 3, Sum: 170]
      [Scan RS (ms): Min: 17.6, Avg: 18.0, Max: 18.3, Diff: 0.6, Sum: 144.0]
      [Code Root Scanning (ms): Min: 0.0, Avg: 0.0, Max: 0.0, Diff: 0.0, Sum: 0.0]
      [Object Copy (ms): Min: 134.1, Avg: 134.2, Max: 134.2, Diff: 0.2, Sum: 1073.5]
      [Termination (ms): Min: 0.0, Avg: 0.0, Max: 0.0, Diff: 0.0, Sum: 0.2]
         [Termination Attempts: Min: 1, Avg: 157.1, Max: 192, Diff: 191, Sum: 1257]
      [GC Worker Other (ms): Min: 0.0, Avg: 0.0, Max: 0.1, Diff: 0.1, Sum: 0.3]
      [GC Worker Total (ms): Min: 171.2, Avg: 171.3, Max: 171.4, Diff: 0.2, Sum: 1370.1]
      [GC Worker End (ms): Min: 68012.0, Avg: 68012.0, Max: 68012.1, Diff: 0.1]
   [Code Root Fixup: 0.0 ms]
   [Code Root Purge: 0.0 ms]
   [Clear CT: 0.2 ms]
   [Other: 1.0 ms]
      [Choose CSet: 0.0 ms]
      [Ref Proc: 0.1 ms]
      [Ref Enq: 0.0 ms]
      [Redirty Cards: 0.2 ms]
      [Humongous Register: 0.1 ms]
      [Humongous Reclaim: 0.0 ms]
      [Free CSet: 0.3 ms]
   [Eden: 303.0M(303.0M)->0.0B(301.0M) Survivors: 45.0M->44.0M Heap: 768.2M(2048.0M)->770.2M(2048.0M)]
 [Times: user=1.33 sys=0.05, real=0.17 secs] 
2020-09-29T12:28:16.870+0200: 68.197: [GC pause (G1 Evacuation Pause) (young), 0.1760361 secs]
   [Parallel Time: 175.1 ms, GC Workers: 8]
      [GC Worker Start (ms): Min: 68197.1, Avg: 68197.2, Max: 68197.3, Diff: 0.1]
      [Ext Root Scanning (ms): Min: 0.0, Avg: 0.1, Max: 0.1, Diff: 0.1, Sum: 0.5]
      [Update RS (ms): Min: 21.2, Avg: 21.5, Max: 21.9, Diff: 0.7, Sum: 172.0]
         [Processed Buffers: Min: 20, Avg: 21.6, Max: 23, Diff: 3, Sum: 173]
      [Scan RS (ms): Min: 18.7, Avg: 19.1, Max: 19.3, Diff: 0.6, Sum: 152.7]
      [Code Root Scanning (ms): Min: 0.0, Avg: 0.0, Max: 0.0, Diff: 0.0, Sum: 0.0]
      [Object Copy (ms): Min: 134.0, Avg: 134.1, Max: 134.2, Diff: 0.2, Sum: 1073.1]
      [Termination (ms): Min: 0.0, Avg: 0.0, Max: 0.0, Diff: 0.0, Sum: 0.2]
         [Termination Attempts: Min: 1, Avg: 193.9, Max: 230, Diff: 229, Sum: 1551]
      [GC Worker Other (ms): Min: 0.0, Avg: 0.0, Max: 0.1, Diff: 0.0, Sum: 0.3]
      [GC Worker Total (ms): Min: 174.8, Avg: 174.9, Max: 175.0, Diff: 0.2, Sum: 1398.8]
      [GC Worker End (ms): Min: 68372.1, Avg: 68372.1, Max: 68372.1, Diff: 0.0]
   [Code Root Fixup: 0.0 ms]
   [Code Root Purge: 0.0 ms]
   [Clear CT: 0.2 ms]
   [Other: 0.8 ms]
      [Choose CSet: 0.0 ms]
      [Ref Proc: 0.1 ms]
      [Ref Enq: 0.0 ms]
      [Redirty Cards: 0.2 ms]
      [Humongous Register: 0.0 ms]
      [Humongous Reclaim: 0.0 ms]
      [Free CSet: 0.2 ms]
   [Eden: 301.0M(301.0M)->0.0B(296.0M) Survivors: 44.0M->44.0M Heap: 1120.8M(2048.0M)->1122.8M(2048.0M)]
 [Times: user=1.30 sys=0.08, real=0.18 secs] 
2020-09-29T12:28:17.055+0200: 68.382: [GC pause (G1 Humongous Allocation) (young) (initial-mark), 0.0564352 secs]
   [Parallel Time: 55.6 ms, GC Workers: 8]
      [GC Worker Start (ms): Min: 68382.0, Avg: 68382.0, Max: 68382.1, Diff: 0.1]
      [Ext Root Scanning (ms): Min: 0.0, Avg: 0.7, Max: 5.1, Diff: 5.1, Sum: 6.0]
      [Update RS (ms): Min: 29.0, Avg: 33.7, Max: 34.5, Diff: 5.5, Sum: 269.6]
         [Processed Buffers: Min: 36, Avg: 42.4, Max: 45, Diff: 9, Sum: 339]
      [Scan RS (ms): Min: 2.5, Avg: 2.6, Max: 3.0, Diff: 0.5, Sum: 21.0]
      [Code Root Scanning (ms): Min: 0.0, Avg: 0.0, Max: 0.0, Diff: 0.0, Sum: 0.0]
      [Object Copy (ms): Min: 18.3, Avg: 18.3, Max: 18.3, Diff: 0.1, Sum: 146.3]
      [Termination (ms): Min: 0.0, Avg: 0.0, Max: 0.0, Diff: 0.0, Sum: 0.2]
         [Termination Attempts: Min: 1, Avg: 215.6, Max: 263, Diff: 262, Sum: 1725]
      [GC Worker Other (ms): Min: 0.0, Avg: 0.0, Max: 0.0, Diff: 0.0, Sum: 0.2]
      [GC Worker Total (ms): Min: 55.3, Avg: 55.4, Max: 55.5, Diff: 0.2, Sum: 443.2]
      [GC Worker End (ms): Min: 68437.4, Avg: 68437.4, Max: 68437.5, Diff: 0.0]
   [Code Root Fixup: 0.0 ms]
   [Code Root Purge: 0.0 ms]
   [Clear CT: 0.2 ms]
   [Other: 0.7 ms]
      [Choose CSet: 0.0 ms]
      [Ref Proc: 0.1 ms]
      [Ref Enq: 0.0 ms]
      [Redirty Cards: 0.2 ms]
      [Humongous Register: 0.0 ms]
      [Humongous Reclaim: 0.0 ms]
      [Free CSet: 0.1 ms]
   [Eden: 2048.0K(296.0M)->0.0B(344.0M) Survivors: 44.0M->4096.0K Heap: 1124.8M(2048.0M)->1128.8M(2048.0M)]
 [Times: user=0.38 sys=0.00, real=0.06 secs] 
2020-09-29T12:28:17.112+0200: 68.438: [GC concurrent-root-region-scan-start]
2020-09-29T12:28:17.112+0200: 68.439: [GC concurrent-root-region-scan-end, 0.0005362 secs]
2020-09-29T12:28:17.112+0200: 68.439: [GC concurrent-mark-start]
2020-09-29T12:28:17.115+0200: 68.442: [GC concurrent-mark-end, 0.0028479 secs]
2020-09-29T12:28:17.115+0200: 68.442: [GC remark 2020-09-29T12:28:17.115+0200: 68.442: [Finalize Marking, 0.0002267 secs] 2020-09-29T12:28:17.115+0200: 68.442: [GC ref-proc, 0.0003183 secs] 2020-09-29T12:28:17.116+0200: 68.443: [Unloading, 0.0004478 secs], 0.0012871 secs]
 [Times: user=0.00 sys=0.00, real=0.00 secs] 
2020-09-29T12:28:17.117+0200: 68.444: [GC cleanup 1137M->22M(2048M), 0.0012272 secs]
 [Times: user=0.00 sys=0.00, real=0.00 secs] 
2020-09-29T12:28:17.118+0200: 68.445: [GC concurrent-cleanup-start]
2020-09-29T12:28:17.119+0200: 68.446: [GC concurrent-cleanup-end, 0.0013992 secs]
2020-09-29T12:28:17.290+0200: 68.617: [GC pause (G1 Evacuation Pause) (young), 0.1637592 secs]
   [Parallel Time: 162.4 ms, GC Workers: 8]
      [GC Worker Start (ms): Min: 68617.1, Avg: 68617.2, Max: 68617.3, Diff: 0.2]
      [Ext Root Scanning (ms): Min: 0.0, Avg: 0.1, Max: 0.2, Diff: 0.1, Sum: 0.7]
      [Update RS (ms): Min: 14.0, Avg: 14.1, Max: 14.5, Diff: 0.6, Sum: 112.9]
         [Processed Buffers: Min: 16, Avg: 17.6, Max: 19, Diff: 3, Sum: 141]
      [Scan RS (ms): Min: 17.9, Avg: 18.3, Max: 18.5, Diff: 0.6, Sum: 146.4]
      [Code Root Scanning (ms): Min: 0.0, Avg: 0.0, Max: 0.0, Diff: 0.0, Sum: 0.0]
      [Object Copy (ms): Min: 129.6, Avg: 129.7, Max: 129.8, Diff: 0.2, Sum: 1037.5]
      [Termination (ms): Min: 0.0, Avg: 0.0, Max: 0.0, Diff: 0.0, Sum: 0.0]
         [Termination Attempts: Min: 1, Avg: 13.8, Max: 19, Diff: 18, Sum: 110]
      [GC Worker Other (ms): Min: 0.0, Avg: 0.0, Max: 0.1, Diff: 0.1, Sum: 0.3]
      [GC Worker Total (ms): Min: 162.1, Avg: 162.2, Max: 162.3, Diff: 0.2, Sum: 1297.9]
      [GC Worker End (ms): Min: 68779.4, Avg: 68779.4, Max: 68779.5, Diff: 0.1]
   [Code Root Fixup: 0.0 ms]
   [Code Root Purge: 0.0 ms]
   [Clear CT: 0.2 ms]
   [Other: 1.1 ms]
      [Choose CSet: 0.0 ms]
      [Ref Proc: 0.2 ms]
      [Ref Enq: 0.0 ms]
      [Redirty Cards: 0.3 ms]
      [Humongous Register: 0.1 ms]
      [Humongous Reclaim: 0.0 ms]
      [Free CSet: 0.3 ms]
   [Eden: 344.0M(344.0M)->0.0B(316.0M) Survivors: 4096.0K->44.0M Heap: 417.1M(2048.0M)->416.1M(2048.0M)]
 [Times: user=1.20 sys=0.05, real=0.16 secs] 
2020-09-29T12:28:17.620+0200: 68.947: [GC pause (G1 Evacuation Pause) (young), 0.1940623 secs]
   [Parallel Time: 191.5 ms, GC Workers: 8]
      [GC Worker Start (ms): Min: 68946.6, Avg: 68946.7, Max: 68946.8, Diff: 0.2]
      [Ext Root Scanning (ms): Min: 0.0, Avg: 0.0, Max: 0.2, Diff: 0.2, Sum: 0.4]
      [Update RS (ms): Min: 20.4, Avg: 20.6, Max: 20.8, Diff: 0.4, Sum: 164.6]
         [Processed Buffers: Min: 23, Avg: 24.5, Max: 26, Diff: 3, Sum: 196]
      [Scan RS (ms): Min: 17.8, Avg: 18.0, Max: 18.2, Diff: 0.3, Sum: 143.9]
      [Code Root Scanning (ms): Min: 0.0, Avg: 0.0, Max: 0.0, Diff: 0.0, Sum: 0.0]
      [Object Copy (ms): Min: 148.6, Avg: 151.8, Max: 152.7, Diff: 4.1, Sum: 1214.3]
      [Termination (ms): Min: 0.0, Avg: 0.8, Max: 3.9, Diff: 3.9, Sum: 6.6]
         [Termination Attempts: Min: 1, Avg: 2253.8, Max: 3129, Diff: 3128, Sum: 18030]
      [GC Worker Other (ms): Min: 0.0, Avg: 0.0, Max: 0.1, Diff: 0.1, Sum: 0.3]
      [GC Worker Total (ms): Min: 191.2, Avg: 191.3, Max: 191.4, Diff: 0.2, Sum: 1530.1]
      [GC Worker End (ms): Min: 69138.0, Avg: 69138.0, Max: 69138.1, Diff: 0.1]
   [Code Root Fixup: 0.0 ms]
   [Code Root Purge: 0.0 ms]
   [Clear CT: 0.3 ms]
   [Other: 2.3 ms]
      [Choose CSet: 0.0 ms]
      [Ref Proc: 0.2 ms]
      [Ref Enq: 0.0 ms]
      [Redirty Cards: 1.5 ms]
      [Humongous Register: 0.0 ms]
      [Humongous Reclaim: 0.0 ms]
      [Free CSet: 0.3 ms]
   [Eden: 316.0M(316.0M)->0.0B(297.0M) Survivors: 44.0M->45.0M Heap: 783.6M(2048.0M)->785.6M(2048.0M)]
 [Times: user=1.44 sys=0.02, real=0.19 secs] 
2020-09-29T12:28:17.983+0200: 69.310: [GC pause (G1 Evacuation Pause) (young), 0.1629699 secs]
   [Parallel Time: 162.0 ms, GC Workers: 8]
      [GC Worker Start (ms): Min: 69310.0, Avg: 69310.1, Max: 69310.1, Diff: 0.1]
      [Ext Root Scanning (ms): Min: 0.0, Avg: 0.1, Max: 0.1, Diff: 0.1, Sum: 0.6]
      [Update RS (ms): Min: 15.6, Avg: 15.9, Max: 16.1, Diff: 0.4, Sum: 126.8]
         [Processed Buffers: Min: 18, Avg: 18.9, Max: 21, Diff: 3, Sum: 151]
      [Scan RS (ms): Min: 17.1, Avg: 17.4, Max: 17.7, Diff: 0.5, Sum: 138.9]
      [Code Root Scanning (ms): Min: 0.0, Avg: 0.0, Max: 0.0, Diff: 0.0, Sum: 0.0]
      [Object Copy (ms): Min: 128.4, Avg: 128.4, Max: 128.6, Diff: 0.2, Sum: 1027.6]
      [Termination (ms): Min: 0.0, Avg: 0.0, Max: 0.0, Diff: 0.0, Sum: 0.0]
         [Termination Attempts: Min: 1, Avg: 6.9, Max: 10, Diff: 9, Sum: 55]
      [GC Worker Other (ms): Min: 0.0, Avg: 0.1, Max: 0.1, Diff: 0.1, Sum: 0.4]
      [GC Worker Total (ms): Min: 161.7, Avg: 161.8, Max: 161.8, Diff: 0.1, Sum: 1294.3]
      [GC Worker End (ms): Min: 69471.8, Avg: 69471.9, Max: 69471.9, Diff: 0.1]
   [Code Root Fixup: 0.0 ms]
   [Code Root Purge: 0.0 ms]
   [Clear CT: 0.1 ms]
   [Other: 0.9 ms]
      [Choose CSet: 0.0 ms]
      [Ref Proc: 0.1 ms]
      [Ref Enq: 0.0 ms]
      [Redirty Cards: 0.2 ms]
      [Humongous Register: 0.0 ms]
      [Humongous Reclaim: 0.0 ms]
      [Free CSet: 0.3 ms]
   [Eden: 297.0M(297.0M)->0.0B(306.0M) Survivors: 45.0M->43.0M Heap: 1132.2M(2048.0M)->1133.7M(2048.0M)]
 [Times: user=1.36 sys=0.02, real=0.16 secs] 
2020-09-29T12:28:18.159+0200: 69.486: [GC pause (G1 Humongous Allocation) (young) (initial-mark), 0.0517523 secs]
   [Parallel Time: 50.9 ms, GC Workers: 8]
      [GC Worker Start (ms): Min: 69486.1, Avg: 69486.2, Max: 69486.2, Diff: 0.1]
      [Ext Root Scanning (ms): Min: 0.0, Avg: 0.1, Max: 0.1, Diff: 0.1, Sum: 0.6]
      [Update RS (ms): Min: 27.6, Avg: 27.8, Max: 28.2, Diff: 0.6, Sum: 222.2]
         [Processed Buffers: Min: 32, Avg: 35.0, Max: 38, Diff: 6, Sum: 280]
      [Scan RS (ms): Min: 2.4, Avg: 2.8, Max: 3.0, Diff: 0.7, Sum: 22.3]
      [Code Root Scanning (ms): Min: 0.0, Avg: 0.0, Max: 0.0, Diff: 0.0, Sum: 0.0]
      [Object Copy (ms): Min: 20.0, Avg: 20.1, Max: 20.1, Diff: 0.1, Sum: 160.6]
      [Termination (ms): Min: 0.0, Avg: 0.0, Max: 0.0, Diff: 0.0, Sum: 0.1]
         [Termination Attempts: Min: 1, Avg: 49.4, Max: 63, Diff: 62, Sum: 395]
      [GC Worker Other (ms): Min: 0.0, Avg: 0.0, Max: 0.0, Diff: 0.0, Sum: 0.1]
      [GC Worker Total (ms): Min: 50.7, Avg: 50.7, Max: 50.8, Diff: 0.1, Sum: 405.9]
      [GC Worker End (ms): Min: 69536.9, Avg: 69536.9, Max: 69536.9, Diff: 0.0]
   [Code Root Fixup: 0.0 ms]
   [Code Root Purge: 0.0 ms]
   [Clear CT: 0.1 ms]
   [Other: 0.7 ms]
      [Choose CSet: 0.0 ms]
      [Ref Proc: 0.2 ms]
      [Ref Enq: 0.0 ms]
      [Redirty Cards: 0.1 ms]
      [Humongous Register: 0.0 ms]
      [Humongous Reclaim: 0.0 ms]
      [Free CSet: 0.1 ms]
   [Eden: 5120.0K(306.0M)->0.0B(346.0M) Survivors: 43.0M->7168.0K Heap: 1138.2M(2048.0M)->1142.7M(2048.0M)]
 [Times: user=0.50 sys=0.00, real=0.05 secs] 
2020-09-29T12:28:18.211+0200: 69.538: [GC concurrent-root-region-scan-start]
2020-09-29T12:28:18.212+0200: 69.540: [GC concurrent-root-region-scan-end, 0.0017181 secs]
2020-09-29T12:28:18.212+0200: 69.540: [GC concurrent-mark-start]
2020-09-29T12:28:18.216+0200: 69.543: [GC concurrent-mark-end, 0.0033158 secs]
2020-09-29T12:28:18.216+0200: 69.543: [GC remark 2020-09-29T12:28:18.216+0200: 69.543: [Finalize Marking, 0.0002219 secs] 2020-09-29T12:28:18.216+0200: 69.543: [GC ref-proc, 0.0003104 secs] 2020-09-29T12:28:18.217+0200: 69.544: [Unloading, 0.0004420 secs], 0.0013210 secs]
 [Times: user=0.00 sys=0.00, real=0.00 secs] 
2020-09-29T12:28:18.218+0200: 69.545: [GC cleanup 1151M->25M(2048M), 0.0013528 secs]
 [Times: user=0.00 sys=0.00, real=0.00 secs] 
2020-09-29T12:28:18.219+0200: 69.546: [GC concurrent-cleanup-start]
2020-09-29T12:28:18.221+0200: 69.548: [GC concurrent-cleanup-end, 0.0015931 secs]
2020-09-29T12:28:18.396+0200: 69.723: [GC pause (G1 Evacuation Pause) (young), 0.1723965 secs]
   [Parallel Time: 171.1 ms, GC Workers: 8]
      [GC Worker Start (ms): Min: 69723.0, Avg: 69723.1, Max: 69723.2, Diff: 0.2]
      [Ext Root Scanning (ms): Min: 0.0, Avg: 0.1, Max: 0.1, Diff: 0.1, Sum: 0.5]
      [Update RS (ms): Min: 15.9, Avg: 16.0, Max: 16.5, Diff: 0.7, Sum: 128.2]
         [Processed Buffers: Min: 16, Avg: 19.6, Max: 22, Diff: 6, Sum: 157]
      [Scan RS (ms): Min: 16.8, Avg: 17.1, Max: 17.3, Diff: 0.5, Sum: 137.1]
      [Code Root Scanning (ms): Min: 0.0, Avg: 0.0, Max: 0.0, Diff: 0.0, Sum: 0.0]
      [Object Copy (ms): Min: 137.5, Avg: 137.6, Max: 137.7, Diff: 0.2, Sum: 1101.0]
      [Termination (ms): Min: 0.0, Avg: 0.0, Max: 0.0, Diff: 0.0, Sum: 0.1]
         [Termination Attempts: Min: 1, Avg: 75.6, Max: 96, Diff: 95, Sum: 605]
      [GC Worker Other (ms): Min: 0.0, Avg: 0.0, Max: 0.1, Diff: 0.1, Sum: 0.4]
      [GC Worker Total (ms): Min: 170.8, Avg: 170.9, Max: 171.0, Diff: 0.2, Sum: 1367.3]
      [GC Worker End (ms): Min: 69894.0, Avg: 69894.0, Max: 69894.1, Diff: 0.1]
   [Code Root Fixup: 0.0 ms]
   [Code Root Purge: 0.0 ms]
   [Clear CT: 0.2 ms]
   [Other: 1.1 ms]
      [Choose CSet: 0.0 ms]
      [Ref Proc: 0.3 ms]
      [Ref Enq: 0.0 ms]
      [Redirty Cards: 0.2 ms]
      [Humongous Register: 0.0 ms]
      [Humongous Reclaim: 0.0 ms]
      [Free CSet: 0.3 ms]
   [Eden: 346.0M(346.0M)->0.0B(321.0M) Survivors: 7168.0K->45.0M Heap: 421.6M(2048.0M)->417.1M(2048.0M)]
 [Times: user=1.33 sys=0.05, real=0.17 secs] 
2020-09-29T12:28:18.754+0200: 70.081: [GC pause (G1 Evacuation Pause) (young), 0.1864085 secs]
   [Parallel Time: 185.2 ms, GC Workers: 8]
      [GC Worker Start (ms): Min: 70080.9, Avg: 70081.0, Max: 70081.1, Diff: 0.2]
      [Ext Root Scanning (ms): Min: 0.0, Avg: 0.1, Max: 0.1, Diff: 0.1, Sum: 0.7]
      [Update RS (ms): Min: 18.8, Avg: 19.0, Max: 19.3, Diff: 0.5, Sum: 152.0]
         [Processed Buffers: Min: 16, Avg: 20.1, Max: 22, Diff: 6, Sum: 161]
      [Scan RS (ms): Min: 21.8, Avg: 22.3, Max: 22.7, Diff: 1.0, Sum: 178.1]
      [Code Root Scanning (ms): Min: 0.0, Avg: 0.0, Max: 0.0, Diff: 0.0, Sum: 0.0]
      [Object Copy (ms): Min: 143.3, Avg: 143.6, Max: 143.8, Diff: 0.5, Sum: 1148.6]
      [Termination (ms): Min: 0.0, Avg: 0.0, Max: 0.0, Diff: 0.0, Sum: 0.2]
         [Termination Attempts: Min: 1, Avg: 221.3, Max: 329, Diff: 328, Sum: 1770]
      [GC Worker Other (ms): Min: 0.0, Avg: 0.0, Max: 0.1, Diff: 0.1, Sum: 0.4]
      [GC Worker Total (ms): Min: 184.9, Avg: 185.0, Max: 185.1, Diff: 0.2, Sum: 1480.1]
      [GC Worker End (ms): Min: 70266.0, Avg: 70266.0, Max: 70266.1, Diff: 0.1]
   [Code Root Fixup: 0.0 ms]
   [Code Root Purge: 0.0 ms]
   [Clear CT: 0.2 ms]
   [Other: 1.0 ms]
      [Choose CSet: 0.0 ms]
      [Ref Proc: 0.2 ms]
      [Ref Enq: 0.0 ms]
      [Redirty Cards: 0.3 ms]
      [Humongous Register: 0.0 ms]
      [Humongous Reclaim: 0.0 ms]
      [Free CSet: 0.3 ms]
   [Eden: 321.0M(321.0M)->0.0B(303.0M) Survivors: 45.0M->46.0M Heap: 791.5M(2048.0M)->794.0M(2048.0M)]
 [Times: user=1.38 sys=0.00, real=0.19 secs] 
2020-09-29T12:28:19.106+0200: 70.433: [GC pause (G1 Evacuation Pause) (young), 0.1703649 secs]
   [Parallel Time: 167.8 ms, GC Workers: 8]
      [GC Worker Start (ms): Min: 70433.2, Avg: 70433.3, Max: 70433.4, Diff: 0.2]
      [Ext Root Scanning (ms): Min: 0.0, Avg: 0.1, Max: 0.2, Diff: 0.2, Sum: 0.5]
      [Update RS (ms): Min: 18.0, Avg: 18.3, Max: 18.7, Diff: 0.7, Sum: 146.6]
         [Processed Buffers: Min: 20, Avg: 21.5, Max: 23, Diff: 3, Sum: 172]
      [Scan RS (ms): Min: 15.9, Avg: 16.3, Max: 16.7, Diff: 0.8, Sum: 130.6]
      [Code Root Scanning (ms): Min: 0.0, Avg: 0.0, Max: 0.0, Diff: 0.0, Sum: 0.0]
      [Object Copy (ms): Min: 132.7, Avg: 132.8, Max: 132.9, Diff: 0.2, Sum: 1062.8]
      [Termination (ms): Min: 0.0, Avg: 0.0, Max: 0.0, Diff: 0.0, Sum: 0.2]
         [Termination Attempts: Min: 1, Avg: 139.9, Max: 201, Diff: 200, Sum: 1119]
      [GC Worker Other (ms): Min: 0.0, Avg: 0.0, Max: 0.1, Diff: 0.1, Sum: 0.4]
      [GC Worker Total (ms): Min: 167.6, Avg: 167.6, Max: 167.7, Diff: 0.2, Sum: 1341.0]
      [GC Worker End (ms): Min: 70600.9, Avg: 70600.9, Max: 70601.0, Diff: 0.1]
   [Code Root Fixup: 0.0 ms]
   [Code Root Purge: 0.0 ms]
   [Clear CT: 0.2 ms]
   [Other: 2.3 ms]
      [Choose CSet: 0.0 ms]
      [Ref Proc: 0.2 ms]
      [Ref Enq: 0.0 ms]
      [Redirty Cards: 1.7 ms]
      [Humongous Register: 0.0 ms]
      [Humongous Reclaim: 0.0 ms]
      [Free CSet: 0.2 ms]
   [Eden: 303.0M(303.0M)->0.0B(309.0M) Survivors: 46.0M->44.0M Heap: 1146.6M(2048.0M)->1148.1M(2048.0M)]
 [Times: user=1.36 sys=0.01, real=0.17 secs] 
2020-09-29T12:28:19.284+0200: 70.611: [GC pause (G1 Humongous Allocation) (young) (initial-mark), 0.0643971 secs]
   [Parallel Time: 63.7 ms, GC Workers: 8]
      [GC Worker Start (ms): Min: 70611.6, Avg: 70611.7, Max: 70611.8, Diff: 0.1]
      [Ext Root Scanning (ms): Min: 0.0, Avg: 0.2, Max: 0.6, Diff: 0.6, Sum: 1.5]
      [Update RS (ms): Min: 37.5, Avg: 37.7, Max: 38.1, Diff: 0.7, Sum: 301.4]
         [Processed Buffers: Min: 44, Avg: 46.5, Max: 48, Diff: 4, Sum: 372]
      [Scan RS (ms): Min: 2.5, Avg: 3.0, Max: 3.2, Diff: 0.7, Sum: 23.7]
      [Code Root Scanning (ms): Min: 0.0, Avg: 0.0, Max: 0.0, Diff: 0.0, Sum: 0.0]
      [Object Copy (ms): Min: 22.5, Avg: 22.6, Max: 22.6, Diff: 0.1, Sum: 180.7]
      [Termination (ms): Min: 0.0, Avg: 0.0, Max: 0.0, Diff: 0.0, Sum: 0.1]
         [Termination Attempts: Min: 1, Avg: 71.4, Max: 94, Diff: 93, Sum: 571]
      [GC Worker Other (ms): Min: 0.0, Avg: 0.0, Max: 0.0, Diff: 0.0, Sum: 0.2]
      [GC Worker Total (ms): Min: 63.4, Avg: 63.4, Max: 63.5, Diff: 0.1, Sum: 507.5]
      [GC Worker End (ms): Min: 70675.1, Avg: 70675.1, Max: 70675.2, Diff: 0.0]
   [Code Root Fixup: 0.0 ms]
   [Code Root Purge: 0.0 ms]
   [Clear CT: 0.1 ms]
   [Other: 0.6 ms]
      [Choose CSet: 0.0 ms]
      [Ref Proc: 0.2 ms]
      [Ref Enq: 0.0 ms]
      [Redirty Cards: 0.1 ms]
      [Humongous Register: 0.0 ms]
      [Humongous Reclaim: 0.0 ms]
      [Free CSet: 0.1 ms]
   [Eden: 3072.0K(309.0M)->0.0B(327.0M) Survivors: 44.0M->5120.0K Heap: 1151.1M(2048.0M)->1155.6M(2048.0M)]
 [Times: user=0.50 sys=0.00, real=0.07 secs] 
2020-09-29T12:28:19.349+0200: 70.676: [GC concurrent-root-region-scan-start]
2020-09-29T12:28:19.349+0200: 70.677: [GC concurrent-root-region-scan-end, 0.0006377 secs]
2020-09-29T12:28:19.349+0200: 70.677: [GC concurrent-mark-start]
2020-09-29T12:28:19.352+0200: 70.679: [GC concurrent-mark-end, 0.0023783 secs]
2020-09-29T12:28:19.352+0200: 70.679: [GC remark 2020-09-29T12:28:19.352+0200: 70.679: [Finalize Marking, 0.0001255 secs] 2020-09-29T12:28:19.352+0200: 70.679: [GC ref-proc, 0.0002723 secs] 2020-09-29T12:28:19.353+0200: 70.680: [Unloading, 0.0003923 secs], 0.0010723 secs]
 [Times: user=0.00 sys=0.00, real=0.00 secs] 
2020-09-29T12:28:19.353+0200: 70.681: [GC cleanup 1162M->21M(2048M), 0.0010862 secs]
 [Times: user=0.00 sys=0.00, real=0.00 secs] 
2020-09-29T12:28:19.355+0200: 70.682: [GC concurrent-cleanup-start]
2020-09-29T12:28:19.356+0200: 70.683: [GC concurrent-cleanup-end, 0.0013517 secs]
2020-09-29T12:28:19.518+0200: 70.845: [GC pause (G1 Evacuation Pause) (young), 0.1628119 secs]
   [Parallel Time: 161.6 ms, GC Workers: 8]
      [GC Worker Start (ms): Min: 70845.1, Avg: 70845.2, Max: 70845.3, Diff: 0.2]
      [Ext Root Scanning (ms): Min: 0.0, Avg: 0.1, Max: 0.2, Diff: 0.2, Sum: 0.5]
      [Update RS (ms): Min: 19.3, Avg: 19.4, Max: 19.6, Diff: 0.3, Sum: 155.3]
         [Processed Buffers: Min: 22, Avg: 23.3, Max: 25, Diff: 3, Sum: 186]
      [Scan RS (ms): Min: 13.6, Avg: 13.8, Max: 14.0, Diff: 0.4, Sum: 110.5]
      [Code Root Scanning (ms): Min: 0.0, Avg: 0.0, Max: 0.0, Diff: 0.0, Sum: 0.0]
      [Object Copy (ms): Min: 127.9, Avg: 128.0, Max: 128.0, Diff: 0.2, Sum: 1024.0]
      [Termination (ms): Min: 0.0, Avg: 0.0, Max: 0.0, Diff: 0.0, Sum: 0.3]
         [Termination Attempts: Min: 1, Avg: 239.9, Max: 334, Diff: 333, Sum: 1919]
      [GC Worker Other (ms): Min: 0.0, Avg: 0.0, Max: 0.1, Diff: 0.1, Sum: 0.4]
      [GC Worker Total (ms): Min: 161.3, Avg: 161.4, Max: 161.4, Diff: 0.1, Sum: 1290.9]
      [GC Worker End (ms): Min: 71006.5, Avg: 71006.6, Max: 71006.6, Diff: 0.1]
   [Code Root Fixup: 0.0 ms]
   [Code Root Purge: 0.0 ms]
   [Clear CT: 0.2 ms]
   [Other: 1.0 ms]
      [Choose CSet: 0.0 ms]
      [Ref Proc: 0.2 ms]
      [Ref Enq: 0.0 ms]
      [Redirty Cards: 0.2 ms]
      [Humongous Register: 0.0 ms]
      [Humongous Reclaim: 0.0 ms]
      [Free CSet: 0.3 ms]
   [Eden: 327.0M(327.0M)->0.0B(308.0M) Survivors: 5120.0K->42.0M Heap: 397.3M(2048.0M)->393.8M(2048.0M)]
 [Times: user=1.30 sys=0.08, real=0.16 secs] 
2020-09-29T12:28:19.856+0200: 71.184: [GC pause (G1 Evacuation Pause) (young), 0.1945650 secs]
   [Parallel Time: 193.3 ms, GC Workers: 8]
      [GC Worker Start (ms): Min: 71183.6, Avg: 71183.7, Max: 71183.8, Diff: 0.2]
      [Ext Root Scanning (ms): Min: 0.0, Avg: 0.1, Max: 0.1, Diff: 0.1, Sum: 0.6]
      [Update RS (ms): Min: 18.1, Avg: 18.3, Max: 18.6, Diff: 0.5, Sum: 146.2]
         [Processed Buffers: Min: 19, Avg: 22.0, Max: 25, Diff: 6, Sum: 176]
      [Scan RS (ms): Min: 16.4, Avg: 16.8, Max: 17.0, Diff: 0.6, Sum: 134.2]
      [Code Root Scanning (ms): Min: 0.0, Avg: 0.0, Max: 0.0, Diff: 0.0, Sum: 0.0]
      [Object Copy (ms): Min: 157.0, Avg: 157.3, Max: 157.9, Diff: 0.9, Sum: 1258.7]
      [Termination (ms): Min: 0.0, Avg: 0.6, Max: 0.9, Diff: 0.9, Sum: 4.9]
         [Termination Attempts: Min: 1, Avg: 4225.9, Max: 5627, Diff: 5626, Sum: 33807]
      [GC Worker Other (ms): Min: 0.0, Avg: 0.0, Max: 0.1, Diff: 0.1, Sum: 0.3]
      [GC Worker Total (ms): Min: 193.0, Avg: 193.1, Max: 193.2, Diff: 0.2, Sum: 1544.9]
      [GC Worker End (ms): Min: 71376.8, Avg: 71376.8, Max: 71376.8, Diff: 0.1]
   [Code Root Fixup: 0.0 ms]
   [Code Root Purge: 0.0 ms]
   [Clear CT: 0.2 ms]
   [Other: 1.1 ms]
      [Choose CSet: 0.0 ms]
      [Ref Proc: 0.2 ms]
      [Ref Enq: 0.0 ms]
      [Redirty Cards: 0.2 ms]
      [Humongous Register: 0.0 ms]
      [Humongous Reclaim: 0.0 ms]
      [Free CSet: 0.4 ms]
   [Eden: 308.0M(308.0M)->0.0B(288.0M) Survivors: 42.0M->44.0M Heap: 753.3M(2048.0M)->755.3M(2048.0M)]
 [Times: user=1.50 sys=0.00, real=0.20 secs] 
2020-09-29T12:28:20.205+0200: 71.532: [GC pause (G1 Evacuation Pause) (young), 0.1618968 secs]
   [Parallel Time: 160.8 ms, GC Workers: 8]
      [GC Worker Start (ms): Min: 71532.4, Avg: 71532.5, Max: 71532.5, Diff: 0.2]
      [Ext Root Scanning (ms): Min: 0.0, Avg: 0.1, Max: 0.2, Diff: 0.1, Sum: 0.4]
      [Update RS (ms): Min: 19.3, Avg: 19.5, Max: 19.7, Diff: 0.4, Sum: 156.0]
         [Processed Buffers: Min: 22, Avg: 23.3, Max: 26, Diff: 4, Sum: 186]
      [Scan RS (ms): Min: 14.0, Avg: 14.2, Max: 14.5, Diff: 0.5, Sum: 113.7]
      [Code Root Scanning (ms): Min: 0.0, Avg: 0.0, Max: 0.0, Diff: 0.0, Sum: 0.0]
      [Object Copy (ms): Min: 126.7, Avg: 126.8, Max: 126.9, Diff: 0.2, Sum: 1014.6]
      [Termination (ms): Min: 0.0, Avg: 0.0, Max: 0.0, Diff: 0.0, Sum: 0.1]
         [Termination Attempts: Min: 1, Avg: 42.6, Max: 55, Diff: 54, Sum: 341]
      [GC Worker Other (ms): Min: 0.0, Avg: 0.0, Max: 0.1, Diff: 0.0, Sum: 0.3]
      [GC Worker Total (ms): Min: 160.6, Avg: 160.6, Max: 160.7, Diff: 0.1, Sum: 1285.2]
      [GC Worker End (ms): Min: 71693.1, Avg: 71693.1, Max: 71693.1, Diff: 0.0]
   [Code Root Fixup: 0.0 ms]
   [Code Root Purge: 0.0 ms]
   [Clear CT: 0.2 ms]
   [Other: 0.9 ms]
      [Choose CSet: 0.0 ms]
      [Ref Proc: 0.2 ms]
      [Ref Enq: 0.0 ms]
      [Redirty Cards: 0.3 ms]
      [Humongous Register: 0.0 ms]
      [Humongous Reclaim: 0.0 ms]
      [Free CSet: 0.2 ms]
   [Eden: 288.0M(288.0M)->0.0B(300.0M) Survivors: 44.0M->42.0M Heap: 1091.0M(2048.0M)->1093.0M(2048.0M)]
 [Times: user=1.33 sys=0.05, real=0.16 secs] 
2020-09-29T12:28:20.369+0200: 71.697: [GC pause (G1 Humongous Allocation) (young) (initial-mark), 0.0628766 secs]
   [Parallel Time: 62.2 ms, GC Workers: 8]
      [GC Worker Start (ms): Min: 71696.7, Avg: 71696.7, Max: 71696.8, Diff: 0.1]
      [Ext Root Scanning (ms): Min: 0.0, Avg: 0.1, Max: 0.2, Diff: 0.2, Sum: 1.1]
      [Update RS (ms): Min: 42.1, Avg: 42.4, Max: 42.6, Diff: 0.6, Sum: 339.3]
         [Processed Buffers: Min: 51, Avg: 53.9, Max: 56, Diff: 5, Sum: 431]
      [Scan RS (ms): Min: 0.0, Avg: 0.0, Max: 0.2, Diff: 0.2, Sum: 0.2]
      [Code Root Scanning (ms): Min: 0.0, Avg: 0.0, Max: 0.0, Diff: 0.0, Sum: 0.0]
      [Object Copy (ms): Min: 19.2, Avg: 19.4, Max: 19.6, Diff: 0.4, Sum: 155.2]
      [Termination (ms): Min: 0.0, Avg: 0.0, Max: 0.0, Diff: 0.0, Sum: 0.1]
         [Termination Attempts: Min: 1, Avg: 56.0, Max: 70, Diff: 69, Sum: 448]
      [GC Worker Other (ms): Min: 0.0, Avg: 0.0, Max: 0.0, Diff: 0.0, Sum: 0.1]
      [GC Worker Total (ms): Min: 61.9, Avg: 62.0, Max: 62.1, Diff: 0.2, Sum: 496.0]
      [GC Worker End (ms): Min: 71758.7, Avg: 71758.7, Max: 71758.7, Diff: 0.0]
   [Code Root Fixup: 0.0 ms]
   [Code Root Purge: 0.0 ms]
   [Clear CT: 0.2 ms]
   [Other: 0.6 ms]
      [Choose CSet: 0.0 ms]
      [Ref Proc: 0.1 ms]
      [Ref Enq: 0.0 ms]
      [Redirty Cards: 0.1 ms]
      [Humongous Register: 0.0 ms]
      [Humongous Reclaim: 0.0 ms]
      [Free CSet: 0.0 ms]
   [Eden: 5120.0K(300.0M)->0.0B(330.0M) Survivors: 42.0M->6144.0K Heap: 1097.5M(2048.0M)->1100.5M(2048.0M)]
 [Times: user=0.50 sys=0.00, real=0.06 secs] 
2020-09-29T12:28:20.432+0200: 71.760: [GC concurrent-root-region-scan-start]
2020-09-29T12:28:20.433+0200: 71.760: [GC concurrent-root-region-scan-end, 0.0007828 secs]
2020-09-29T12:28:20.433+0200: 71.760: [GC concurrent-mark-start]
2020-09-29T12:28:20.436+0200: 71.763: [GC concurrent-mark-end, 0.0025253 secs]
2020-09-29T12:28:20.436+0200: 71.763: [GC remark 2020-09-29T12:28:20.436+0200: 71.763: [Finalize Marking, 0.0001380 secs] 2020-09-29T12:28:20.436+0200: 71.763: [GC ref-proc, 0.0003068 secs] 2020-09-29T12:28:20.436+0200: 71.763: [Unloading, 0.0003937 secs], 0.0011357 secs]
 [Times: user=0.00 sys=0.00, real=0.00 secs] 
2020-09-29T12:28:20.437+0200: 71.764: [GC cleanup 1109M->24M(2048M), 0.0012547 secs]
 [Times: user=0.00 sys=0.00, real=0.00 secs] 
2020-09-29T12:28:20.439+0200: 71.766: [GC concurrent-cleanup-start]
2020-09-29T12:28:20.440+0200: 71.767: [GC concurrent-cleanup-end, 0.0012459 secs]
2020-09-29T12:28:20.608+0200: 71.935: [GC pause (G1 Evacuation Pause) (young), 0.1637352 secs]
   [Parallel Time: 162.5 ms, GC Workers: 8]
      [GC Worker Start (ms): Min: 71935.6, Avg: 71935.7, Max: 71935.7, Diff: 0.2]
      [Ext Root Scanning (ms): Min: 0.0, Avg: 0.1, Max: 0.2, Diff: 0.2, Sum: 0.5]
      [Update RS (ms): Min: 17.6, Avg: 17.8, Max: 18.1, Diff: 0.4, Sum: 142.5]
         [Processed Buffers: Min: 18, Avg: 21.4, Max: 23, Diff: 5, Sum: 171]
      [Scan RS (ms): Min: 14.2, Avg: 14.4, Max: 14.6, Diff: 0.4, Sum: 115.5]
      [Code Root Scanning (ms): Min: 0.0, Avg: 0.0, Max: 0.0, Diff: 0.0, Sum: 0.0]
      [Object Copy (ms): Min: 129.8, Avg: 129.9, Max: 129.9, Diff: 0.1, Sum: 1038.8]
      [Termination (ms): Min: 0.0, Avg: 0.0, Max: 0.1, Diff: 0.1, Sum: 0.4]
         [Termination Attempts: Min: 1, Avg: 369.0, Max: 507, Diff: 506, Sum: 2952]
      [GC Worker Other (ms): Min: 0.0, Avg: 0.1, Max: 0.1, Diff: 0.1, Sum: 0.5]
      [GC Worker Total (ms): Min: 162.2, Avg: 162.3, Max: 162.4, Diff: 0.2, Sum: 1298.3]
      [GC Worker End (ms): Min: 72097.9, Avg: 72097.9, Max: 72098.0, Diff: 0.1]
   [Code Root Fixup: 0.0 ms]
   [Code Root Purge: 0.0 ms]
   [Clear CT: 0.2 ms]
   [Other: 1.0 ms]
      [Choose CSet: 0.0 ms]
      [Ref Proc: 0.2 ms]
      [Ref Enq: 0.0 ms]
      [Redirty Cards: 0.2 ms]
      [Humongous Register: 0.0 ms]
      [Humongous Reclaim: 0.0 ms]
      [Free CSet: 0.3 ms]
   [Eden: 330.0M(330.0M)->0.0B(309.0M) Survivors: 6144.0K->42.0M Heap: 401.3M(2048.0M)->396.8M(2048.0M)]
 [Times: user=1.38 sys=0.00, real=0.16 secs] 
2020-09-29T12:28:20.934+0200: 72.261: [GC pause (G1 Evacuation Pause) (young), 0.1693258 secs]
   [Parallel Time: 168.1 ms, GC Workers: 8]
      [GC Worker Start (ms): Min: 72260.9, Avg: 72261.0, Max: 72261.0, Diff: 0.2]
      [Ext Root Scanning (ms): Min: 0.0, Avg: 0.1, Max: 0.2, Diff: 0.1, Sum: 0.5]
      [Update RS (ms): Min: 22.4, Avg: 22.7, Max: 23.1, Diff: 0.7, Sum: 181.2]
         [Processed Buffers: Min: 26, Avg: 26.4, Max: 27, Diff: 1, Sum: 211]
      [Scan RS (ms): Min: 14.4, Avg: 14.8, Max: 15.0, Diff: 0.7, Sum: 118.2]
      [Code Root Scanning (ms): Min: 0.0, Avg: 0.0, Max: 0.0, Diff: 0.0, Sum: 0.0]
      [Object Copy (ms): Min: 130.4, Avg: 130.4, Max: 130.4, Diff: 0.1, Sum: 1043.2]
      [Termination (ms): Min: 0.0, Avg: 0.0, Max: 0.0, Diff: 0.0, Sum: 0.1]
         [Termination Attempts: Min: 1, Avg: 43.9, Max: 63, Diff: 62, Sum: 351]
      [GC Worker Other (ms): Min: 0.0, Avg: 0.0, Max: 0.1, Diff: 0.1, Sum: 0.3]
      [GC Worker Total (ms): Min: 167.9, Avg: 167.9, Max: 168.0, Diff: 0.2, Sum: 1343.4]
      [GC Worker End (ms): Min: 72428.9, Avg: 72428.9, Max: 72428.9, Diff: 0.1]
   [Code Root Fixup: 0.0 ms]
   [Code Root Purge: 0.0 ms]
   [Clear CT: 0.2 ms]
   [Other: 1.0 ms]
      [Choose CSet: 0.0 ms]
      [Ref Proc: 0.2 ms]
      [Ref Enq: 0.0 ms]
      [Redirty Cards: 0.4 ms]
      [Humongous Register: 0.0 ms]
      [Humongous Reclaim: 0.0 ms]
      [Free CSet: 0.2 ms]
   [Eden: 309.0M(309.0M)->0.0B(310.0M) Survivors: 42.0M->44.0M Heap: 757.3M(2048.0M)->759.3M(2048.0M)]
 [Times: user=1.38 sys=0.00, real=0.17 secs] 
2020-09-29T12:28:21.274+0200: 72.601: [GC pause (G1 Evacuation Pause) (young), 0.1713038 secs]
   [Parallel Time: 170.2 ms, GC Workers: 8]
      [GC Worker Start (ms): Min: 72601.0, Avg: 72601.1, Max: 72601.1, Diff: 0.2]
      [Ext Root Scanning (ms): Min: 0.0, Avg: 0.1, Max: 0.1, Diff: 0.1, Sum: 0.4]
      [Update RS (ms): Min: 18.3, Avg: 18.6, Max: 19.1, Diff: 0.7, Sum: 149.1]
         [Processed Buffers: Min: 20, Avg: 20.6, Max: 23, Diff: 3, Sum: 165]
      [Scan RS (ms): Min: 16.3, Avg: 16.9, Max: 17.2, Diff: 0.9, Sum: 135.0]
      [Code Root Scanning (ms): Min: 0.0, Avg: 0.0, Max: 0.0, Diff: 0.0, Sum: 0.0]
      [Object Copy (ms): Min: 134.3, Avg: 134.4, Max: 134.6, Diff: 0.3, Sum: 1075.2]
      [Termination (ms): Min: 0.0, Avg: 0.1, Max: 0.1, Diff: 0.1, Sum: 0.6]
         [Termination Attempts: Min: 1, Avg: 526.8, Max: 645, Diff: 644, Sum: 4214]
      [GC Worker Other (ms): Min: 0.0, Avg: 0.0, Max: 0.1, Diff: 0.0, Sum: 0.3]
      [GC Worker Total (ms): Min: 170.0, Avg: 170.1, Max: 170.2, Diff: 0.1, Sum: 1360.6]
      [GC Worker End (ms): Min: 72771.1, Avg: 72771.1, Max: 72771.2, Diff: 0.0]
   [Code Root Fixup: 0.0 ms]
   [Code Root Purge: 0.0 ms]
   [Clear CT: 0.2 ms]
   [Other: 0.9 ms]
      [Choose CSet: 0.0 ms]
      [Ref Proc: 0.2 ms]
      [Ref Enq: 0.0 ms]
      [Redirty Cards: 0.2 ms]
      [Humongous Register: 0.0 ms]
      [Humongous Reclaim: 0.0 ms]
      [Free CSet: 0.2 ms]
   [Eden: 310.0M(310.0M)->0.0B(309.0M) Survivors: 44.0M->45.0M Heap: 1120.8M(2048.0M)->1123.8M(2048.0M)]
 [Times: user=1.38 sys=0.00, real=0.17 secs] 
2020-09-29T12:28:21.446+0200: 72.773: [GC pause (G1 Humongous Allocation) (young) (initial-mark), 0.0678513 secs]
   [Parallel Time: 67.0 ms, GC Workers: 8]
      [GC Worker Start (ms): Min: 72773.0, Avg: 72773.0, Max: 72773.1, Diff: 0.1]
      [Ext Root Scanning (ms): Min: 0.0, Avg: 0.1, Max: 0.2, Diff: 0.2, Sum: 1.0]
      [Update RS (ms): Min: 47.1, Avg: 47.4, Max: 48.3, Diff: 1.2, Sum: 379.1]
         [Processed Buffers: Min: 54, Avg: 60.1, Max: 63, Diff: 9, Sum: 481]
      [Scan RS (ms): Min: 0.0, Avg: 0.0, Max: 0.0, Diff: 0.0, Sum: 0.0]
      [Code Root Scanning (ms): Min: 0.0, Avg: 0.0, Max: 0.0, Diff: 0.0, Sum: 0.0]
      [Object Copy (ms): Min: 18.4, Avg: 19.4, Max: 19.7, Diff: 1.3, Sum: 155.1]
      [Termination (ms): Min: 0.0, Avg: 0.0, Max: 0.0, Diff: 0.0, Sum: 0.0]
         [Termination Attempts: Min: 1, Avg: 37.5, Max: 50, Diff: 49, Sum: 300]
      [GC Worker Other (ms): Min: 0.0, Avg: 0.0, Max: 0.0, Diff: 0.0, Sum: 0.1]
      [GC Worker Total (ms): Min: 66.8, Avg: 66.9, Max: 67.0, Diff: 0.1, Sum: 535.4]
      [GC Worker End (ms): Min: 72840.0, Avg: 72840.0, Max: 72840.0, Diff: 0.0]
   [Code Root Fixup: 0.0 ms]
   [Code Root Purge: 0.0 ms]
   [Clear CT: 0.2 ms]
   [Other: 0.6 ms]
      [Choose CSet: 0.0 ms]
      [Ref Proc: 0.2 ms]
      [Ref Enq: 0.0 ms]
      [Redirty Cards: 0.2 ms]
      [Humongous Register: 0.0 ms]
      [Humongous Reclaim: 0.0 ms]
      [Free CSet: 0.0 ms]
   [Eden: 1024.0K(309.0M)->0.0B(340.0M) Survivors: 45.0M->2048.0K Heap: 1124.8M(2048.0M)->1127.8M(2048.0M)]
 [Times: user=0.50 sys=0.00, real=0.07 secs] 
2020-09-29T12:28:21.514+0200: 72.841: [GC concurrent-root-region-scan-start]
2020-09-29T12:28:21.514+0200: 72.841: [GC concurrent-root-region-scan-end, 0.0003697 secs]
2020-09-29T12:28:21.514+0200: 72.841: [GC concurrent-mark-start]
2020-09-29T12:28:21.517+0200: 72.844: [GC concurrent-mark-end, 0.0025390 secs]
2020-09-29T12:28:21.517+0200: 72.844: [GC remark 2020-09-29T12:28:21.517+0200: 72.844: [Finalize Marking, 0.0001768 secs] 2020-09-29T12:28:21.517+0200: 72.844: [GC ref-proc, 0.0002723 secs] 2020-09-29T12:28:21.517+0200: 72.844: [Unloading, 0.0004012 secs], 0.0012090 secs]
 [Times: user=0.00 sys=0.00, real=0.00 secs] 
2020-09-29T12:28:21.518+0200: 72.845: [GC cleanup 1135M->19M(2048M), 0.0011384 secs]
 [Times: user=0.00 sys=0.00, real=0.00 secs] 
2020-09-29T12:28:21.519+0200: 72.847: [GC concurrent-cleanup-start]
2020-09-29T12:28:21.521+0200: 72.848: [GC concurrent-cleanup-end, 0.0015835 secs]
2020-09-29T12:28:21.703+0200: 73.031: [GC pause (G1 Evacuation Pause) (young), 0.1892837 secs]
   [Parallel Time: 188.0 ms, GC Workers: 8]
      [GC Worker Start (ms): Min: 73030.7, Avg: 73030.8, Max: 73030.8, Diff: 0.2]
      [Ext Root Scanning (ms): Min: 0.0, Avg: 0.1, Max: 0.2, Diff: 0.2, Sum: 0.5]
      [Update RS (ms): Min: 26.0, Avg: 26.2, Max: 26.6, Diff: 0.6, Sum: 210.0]
         [Processed Buffers: Min: 23, Avg: 25.4, Max: 27, Diff: 4, Sum: 203]
      [Scan RS (ms): Min: 16.6, Avg: 17.0, Max: 17.2, Diff: 0.6, Sum: 136.1]
      [Code Root Scanning (ms): Min: 0.0, Avg: 0.0, Max: 0.0, Diff: 0.0, Sum: 0.0]
      [Object Copy (ms): Min: 144.2, Avg: 144.3, Max: 144.4, Diff: 0.2, Sum: 1154.4]
      [Termination (ms): Min: 0.0, Avg: 0.1, Max: 0.2, Diff: 0.2, Sum: 0.8]
         [Termination Attempts: Min: 1, Avg: 278.0, Max: 400, Diff: 399, Sum: 2224]
      [GC Worker Other (ms): Min: 0.0, Avg: 0.0, Max: 0.0, Diff: 0.0, Sum: 0.1]
      [GC Worker Total (ms): Min: 187.7, Avg: 187.7, Max: 187.9, Diff: 0.2, Sum: 1501.9]
      [GC Worker End (ms): Min: 73218.5, Avg: 73218.5, Max: 73218.5, Diff: 0.1]
   [Code Root Fixup: 0.0 ms]
   [Code Root Purge: 0.0 ms]
   [Clear CT: 0.2 ms]
   [Other: 1.1 ms]
      [Choose CSet: 0.0 ms]
      [Ref Proc: 0.2 ms]
      [Ref Enq: 0.0 ms]
      [Redirty Cards: 0.2 ms]
      [Humongous Register: 0.0 ms]
      [Humongous Reclaim: 0.0 ms]
      [Free CSet: 0.3 ms]
   [Eden: 340.0M(340.0M)->0.0B(286.0M) Survivors: 2048.0K->43.0M Heap: 409.2M(2048.0M)->409.2M(2048.0M)]
 [Times: user=1.41 sys=0.00, real=0.19 secs] 
2020-09-29T12:28:22.053+0200: 73.381: [GC pause (G1 Evacuation Pause) (young), 0.1592893 secs]
   [Parallel Time: 158.0 ms, GC Workers: 8]
      [GC Worker Start (ms): Min: 73380.7, Avg: 73380.8, Max: 73380.9, Diff: 0.1]
      [Ext Root Scanning (ms): Min: 0.0, Avg: 0.1, Max: 0.1, Diff: 0.1, Sum: 0.5]
      [Update RS (ms): Min: 15.2, Avg: 15.4, Max: 15.7, Diff: 0.5, Sum: 123.1]
         [Processed Buffers: Min: 16, Avg: 18.8, Max: 21, Diff: 5, Sum: 150]
      [Scan RS (ms): Min: 15.2, Avg: 15.5, Max: 15.8, Diff: 0.6, Sum: 124.3]
      [Code Root Scanning (ms): Min: 0.0, Avg: 0.0, Max: 0.0, Diff: 0.0, Sum: 0.0]
      [Object Copy (ms): Min: 126.7, Avg: 126.8, Max: 126.9, Diff: 0.3, Sum: 1014.5]
      [Termination (ms): Min: 0.0, Avg: 0.0, Max: 0.0, Diff: 0.0, Sum: 0.2]
         [Termination Attempts: Min: 1, Avg: 148.1, Max: 178, Diff: 177, Sum: 1185]
      [GC Worker Other (ms): Min: 0.0, Avg: 0.0, Max: 0.1, Diff: 0.0, Sum: 0.3]
      [GC Worker Total (ms): Min: 157.8, Avg: 157.9, Max: 157.9, Diff: 0.1, Sum: 1262.8]
      [GC Worker End (ms): Min: 73538.6, Avg: 73538.7, Max: 73538.7, Diff: 0.0]
   [Code Root Fixup: 0.0 ms]
   [Code Root Purge: 0.0 ms]
   [Clear CT: 0.2 ms]
   [Other: 1.0 ms]
      [Choose CSet: 0.0 ms]
      [Ref Proc: 0.2 ms]
      [Ref Enq: 0.0 ms]
      [Redirty Cards: 0.3 ms]
      [Humongous Register: 0.0 ms]
      [Humongous Reclaim: 0.0 ms]
      [Free CSet: 0.3 ms]
   [Eden: 286.0M(286.0M)->0.0B(295.0M) Survivors: 43.0M->42.0M Heap: 742.9M(2048.0M)->745.4M(2048.0M)]
 [Times: user=1.20 sys=0.05, real=0.16 secs] 
2020-09-29T12:28:22.375+0200: 73.702: [GC pause (G1 Evacuation Pause) (young), 0.1751224 secs]
   [Parallel Time: 174.0 ms, GC Workers: 8]
      [GC Worker Start (ms): Min: 73702.1, Avg: 73702.3, Max: 73702.6, Diff: 0.4]
      [Ext Root Scanning (ms): Min: 0.0, Avg: 0.1, Max: 0.2, Diff: 0.2, Sum: 0.4]
      [Update RS (ms): Min: 17.7, Avg: 18.0, Max: 18.6, Diff: 0.9, Sum: 144.1]
         [Processed Buffers: Min: 20, Avg: 21.4, Max: 23, Diff: 3, Sum: 171]
      [Scan RS (ms): Min: 14.9, Avg: 15.5, Max: 15.6, Diff: 0.7, Sum: 123.6]
      [Code Root Scanning (ms): Min: 0.0, Avg: 0.0, Max: 0.0, Diff: 0.0, Sum: 0.0]
      [Object Copy (ms): Min: 139.9, Avg: 140.1, Max: 140.3, Diff: 0.3, Sum: 1120.4]
      [Termination (ms): Min: 0.0, Avg: 0.2, Max: 0.3, Diff: 0.3, Sum: 1.4]
         [Termination Attempts: Min: 1, Avg: 1283.8, Max: 1742, Diff: 1741, Sum: 10270]
      [GC Worker Other (ms): Min: 0.0, Avg: 0.0, Max: 0.1, Diff: 0.0, Sum: 0.3]
      [GC Worker Total (ms): Min: 173.5, Avg: 173.8, Max: 174.0, Diff: 0.5, Sum: 1390.3]
      [GC Worker End (ms): Min: 73876.1, Avg: 73876.1, Max: 73876.1, Diff: 0.0]
   [Code Root Fixup: 0.0 ms]
   [Code Root Purge: 0.0 ms]
   [Clear CT: 0.2 ms]
   [Other: 0.9 ms]
      [Choose CSet: 0.0 ms]
      [Ref Proc: 0.2 ms]
      [Ref Enq: 0.0 ms]
      [Redirty Cards: 0.2 ms]
      [Humongous Register: 0.0 ms]
      [Humongous Reclaim: 0.0 ms]
      [Free CSet: 0.3 ms]
   [Eden: 295.0M(295.0M)->0.0B(293.0M) Survivors: 42.0M->43.0M Heap: 1090.0M(2048.0M)->1092.0M(2048.0M)]
 [Times: user=1.38 sys=0.00, real=0.17 secs] 
2020-09-29T12:28:22.558+0200: 73.885: [GC pause (G1 Humongous Allocation) (young) (initial-mark), 0.0630131 secs]
   [Parallel Time: 62.2 ms, GC Workers: 8]
      [GC Worker Start (ms): Min: 73885.0, Avg: 73885.0, Max: 73885.1, Diff: 0.1]
      [Ext Root Scanning (ms): Min: 0.0, Avg: 0.2, Max: 0.6, Diff: 0.6, Sum: 2.0]
      [Update RS (ms): Min: 37.6, Avg: 38.1, Max: 38.4, Diff: 0.8, Sum: 304.5]
         [Processed Buffers: Min: 44, Avg: 46.6, Max: 49, Diff: 5, Sum: 373]
      [Scan RS (ms): Min: 2.2, Avg: 2.7, Max: 3.0, Diff: 0.8, Sum: 21.3]
      [Code Root Scanning (ms): Min: 0.0, Avg: 0.0, Max: 0.0, Diff: 0.0, Sum: 0.0]
      [Object Copy (ms): Min: 20.9, Avg: 21.0, Max: 21.0, Diff: 0.1, Sum: 167.7]
      [Termination (ms): Min: 0.0, Avg: 0.0, Max: 0.0, Diff: 0.0, Sum: 0.2]
         [Termination Attempts: Min: 1, Avg: 119.1, Max: 157, Diff: 156, Sum: 953]
      [GC Worker Other (ms): Min: 0.0, Avg: 0.0, Max: 0.1, Diff: 0.0, Sum: 0.3]
      [GC Worker Total (ms): Min: 61.9, Avg: 62.0, Max: 62.0, Diff: 0.2, Sum: 495.9]
      [GC Worker End (ms): Min: 73947.0, Avg: 73947.0, Max: 73947.0, Diff: 0.0]
   [Code Root Fixup: 0.0 ms]
   [Code Root Purge: 0.0 ms]
   [Clear CT: 0.2 ms]
   [Other: 0.7 ms]
      [Choose CSet: 0.0 ms]
      [Ref Proc: 0.2 ms]
      [Ref Enq: 0.0 ms]
      [Redirty Cards: 0.2 ms]
      [Humongous Register: 0.0 ms]
      [Humongous Reclaim: 0.0 ms]
      [Free CSet: 0.1 ms]
   [Eden: 7168.0K(293.0M)->0.0B(331.0M) Survivors: 43.0M->8192.0K Heap: 1098.5M(2048.0M)->1101.0M(2048.0M)]
 [Times: user=0.50 sys=0.00, real=0.06 secs] 
2020-09-29T12:28:22.621+0200: 73.948: [GC concurrent-root-region-scan-start]
2020-09-29T12:28:22.622+0200: 73.949: [GC concurrent-root-region-scan-end, 0.0011520 secs]
2020-09-29T12:28:22.622+0200: 73.949: [GC concurrent-mark-start]
2020-09-29T12:28:22.624+0200: 73.952: [GC concurrent-mark-end, 0.0025717 secs]
2020-09-29T12:28:22.625+0200: 73.952: [GC remark 2020-09-29T12:28:22.625+0200: 73.952: [Finalize Marking, 0.0001717 secs] 2020-09-29T12:28:22.625+0200: 73.952: [GC ref-proc, 0.0002570 secs] 2020-09-29T12:28:22.625+0200: 73.952: [Unloading, 0.0004575 secs], 0.0012112 secs]
 [Times: user=0.00 sys=0.00, real=0.00 secs] 
2020-09-29T12:28:22.626+0200: 73.953: [GC cleanup 1110M->27M(2048M), 0.0011421 secs]
 [Times: user=0.00 sys=0.00, real=0.00 secs] 
2020-09-29T12:28:22.627+0200: 73.955: [GC concurrent-cleanup-start]
2020-09-29T12:28:22.629+0200: 73.956: [GC concurrent-cleanup-end, 0.0012825 secs]
2020-09-29T12:28:22.808+0200: 74.135: [GC pause (G1 Evacuation Pause) (young), 0.2054153 secs]
   [Parallel Time: 203.7 ms, GC Workers: 8]
      [GC Worker Start (ms): Min: 74135.1, Avg: 74135.2, Max: 74135.3, Diff: 0.2]
      [Ext Root Scanning (ms): Min: 0.0, Avg: 0.1, Max: 0.2, Diff: 0.2, Sum: 0.5]
      [Update RS (ms): Min: 34.1, Avg: 34.4, Max: 34.8, Diff: 0.7, Sum: 275.5]
         [Processed Buffers: Min: 26, Avg: 29.0, Max: 31, Diff: 5, Sum: 232]
      [Scan RS (ms): Min: 16.1, Avg: 16.6, Max: 16.9, Diff: 0.8, Sum: 132.6]
      [Code Root Scanning (ms): Min: 0.0, Avg: 0.0, Max: 0.0, Diff: 0.0, Sum: 0.0]
      [Object Copy (ms): Min: 151.9, Avg: 152.1, Max: 152.3, Diff: 0.4, Sum: 1216.7]
      [Termination (ms): Min: 0.0, Avg: 0.2, Max: 0.2, Diff: 0.2, Sum: 1.5]
         [Termination Attempts: Min: 1, Avg: 1356.1, Max: 1710, Diff: 1709, Sum: 10849]
      [GC Worker Other (ms): Min: 0.0, Avg: 0.0, Max: 0.1, Diff: 0.1, Sum: 0.4]
      [GC Worker Total (ms): Min: 203.3, Avg: 203.4, Max: 203.5, Diff: 0.2, Sum: 1627.1]
      [GC Worker End (ms): Min: 74338.6, Avg: 74338.6, Max: 74338.6, Diff: 0.1]
   [Code Root Fixup: 0.0 ms]
   [Code Root Purge: 0.0 ms]
   [Clear CT: 0.8 ms]
   [Other: 0.9 ms]
      [Choose CSet: 0.0 ms]
      [Ref Proc: 0.1 ms]
      [Ref Enq: 0.0 ms]
      [Redirty Cards: 0.2 ms]
      [Humongous Register: 0.0 ms]
      [Humongous Reclaim: 0.0 ms]
      [Free CSet: 0.3 ms]
   [Eden: 331.0M(331.0M)->0.0B(266.0M) Survivors: 8192.0K->43.0M Heap: 403.8M(2048.0M)->397.8M(2048.0M)]
 [Times: user=1.63 sys=0.00, real=0.20 secs] 
2020-09-29T12:28:23.152+0200: 74.479: [GC pause (G1 Evacuation Pause) (young), 0.1493746 secs]
   [Parallel Time: 148.2 ms, GC Workers: 8]
      [GC Worker Start (ms): Min: 74479.1, Avg: 74479.2, Max: 74479.2, Diff: 0.2]
      [Ext Root Scanning (ms): Min: 0.0, Avg: 0.1, Max: 0.2, Diff: 0.2, Sum: 0.5]
      [Update RS (ms): Min: 15.6, Avg: 15.8, Max: 16.0, Diff: 0.4, Sum: 126.1]
         [Processed Buffers: Min: 18, Avg: 19.8, Max: 21, Diff: 3, Sum: 158]
      [Scan RS (ms): Min: 13.5, Avg: 13.7, Max: 13.9, Diff: 0.4, Sum: 109.6]
      [Code Root Scanning (ms): Min: 0.0, Avg: 0.0, Max: 0.0, Diff: 0.0, Sum: 0.0]
      [Object Copy (ms): Min: 118.3, Avg: 118.4, Max: 118.5, Diff: 0.1, Sum: 947.2]
      [Termination (ms): Min: 0.0, Avg: 0.0, Max: 0.0, Diff: 0.0, Sum: 0.2]
         [Termination Attempts: Min: 1, Avg: 172.1, Max: 219, Diff: 218, Sum: 1377]
      [GC Worker Other (ms): Min: 0.0, Avg: 0.0, Max: 0.1, Diff: 0.1, Sum: 0.3]
      [GC Worker Total (ms): Min: 147.9, Avg: 148.0, Max: 148.1, Diff: 0.2, Sum: 1183.9]
      [GC Worker End (ms): Min: 74627.1, Avg: 74627.2, Max: 74627.2, Diff: 0.1]
   [Code Root Fixup: 0.0 ms]
   [Code Root Purge: 0.0 ms]
   [Clear CT: 0.2 ms]
   [Other: 1.0 ms]
      [Choose CSet: 0.0 ms]
      [Ref Proc: 0.2 ms]
      [Ref Enq: 0.0 ms]
      [Redirty Cards: 0.3 ms]
      [Humongous Register: 0.0 ms]
      [Humongous Reclaim: 0.0 ms]
      [Free CSet: 0.3 ms]
   [Eden: 266.0M(266.0M)->0.0B(285.0M) Survivors: 43.0M->39.0M Heap: 709.6M(2048.0M)->712.1M(2048.0M)]
 [Times: user=1.17 sys=0.02, real=0.15 secs] 
2020-09-29T12:28:23.449+0200: 74.776: [GC pause (G1 Evacuation Pause) (young), 0.1641496 secs]
   [Parallel Time: 163.0 ms, GC Workers: 8]
      [GC Worker Start (ms): Min: 74776.5, Avg: 74776.6, Max: 74776.7, Diff: 0.2]
      [Ext Root Scanning (ms): Min: 0.0, Avg: 0.1, Max: 0.2, Diff: 0.2, Sum: 0.4]
      [Update RS (ms): Min: 16.7, Avg: 16.7, Max: 16.8, Diff: 0.1, Sum: 134.0]
         [Processed Buffers: Min: 19, Avg: 21.0, Max: 25, Diff: 6, Sum: 168]
      [Scan RS (ms): Min: 14.6, Avg: 14.6, Max: 14.7, Diff: 0.1, Sum: 117.2]
      [Code Root Scanning (ms): Min: 0.0, Avg: 0.0, Max: 0.0, Diff: 0.0, Sum: 0.0]
      [Object Copy (ms): Min: 131.0, Avg: 131.1, Max: 131.2, Diff: 0.2, Sum: 1049.0]
      [Termination (ms): Min: 0.0, Avg: 0.1, Max: 0.2, Diff: 0.2, Sum: 1.1]
         [Termination Attempts: Min: 1, Avg: 1110.4, Max: 1346, Diff: 1345, Sum: 8883]
      [GC Worker Other (ms): Min: 0.0, Avg: 0.1, Max: 0.1, Diff: 0.1, Sum: 0.4]
      [GC Worker Total (ms): Min: 162.7, Avg: 162.8, Max: 162.9, Diff: 0.2, Sum: 1302.2]
      [GC Worker End (ms): Min: 74939.3, Avg: 74939.4, Max: 74939.4, Diff: 0.1]
   [Code Root Fixup: 0.0 ms]
   [Code Root Purge: 0.0 ms]
   [Clear CT: 0.2 ms]
   [Other: 1.0 ms]
      [Choose CSet: 0.0 ms]
      [Ref Proc: 0.1 ms]
      [Ref Enq: 0.0 ms]
      [Redirty Cards: 0.3 ms]
      [Humongous Register: 0.0 ms]
      [Humongous Reclaim: 0.0 ms]
      [Free CSet: 0.3 ms]
   [Eden: 285.0M(285.0M)->0.0B(294.0M) Survivors: 39.0M->41.0M Heap: 1044.8M(2048.0M)->1046.3M(2048.0M)]
 [Times: user=1.26 sys=0.00, real=0.17 secs] 
2020-09-29T12:28:23.620+0200: 74.946: [GC pause (G1 Humongous Allocation) (young) (initial-mark), 0.0629267 secs]
   [Parallel Time: 61.9 ms, GC Workers: 8]
      [GC Worker Start (ms): Min: 74946.7, Avg: 74946.7, Max: 74946.8, Diff: 0.1]
      [Ext Root Scanning (ms): Min: 0.0, Avg: 0.1, Max: 0.2, Diff: 0.1, Sum: 0.8]
      [Update RS (ms): Min: 37.6, Avg: 37.9, Max: 38.3, Diff: 0.7, Sum: 303.2]
         [Processed Buffers: Min: 46, Avg: 47.3, Max: 49, Diff: 3, Sum: 378]
      [Scan RS (ms): Min: 1.8, Avg: 2.1, Max: 2.5, Diff: 0.7, Sum: 17.1]
      [Code Root Scanning (ms): Min: 0.0, Avg: 0.0, Max: 0.0, Diff: 0.0, Sum: 0.0]
      [Object Copy (ms): Min: 21.5, Avg: 21.6, Max: 21.6, Diff: 0.1, Sum: 172.4]
      [Termination (ms): Min: 0.0, Avg: 0.0, Max: 0.0, Diff: 0.0, Sum: 0.2]
         [Termination Attempts: Min: 1, Avg: 209.4, Max: 287, Diff: 286, Sum: 1675]
      [GC Worker Other (ms): Min: 0.0, Avg: 0.0, Max: 0.0, Diff: 0.0, Sum: 0.2]
      [GC Worker Total (ms): Min: 61.7, Avg: 61.7, Max: 61.8, Diff: 0.1, Sum: 494.0]
      [GC Worker End (ms): Min: 75008.5, Avg: 75008.5, Max: 75008.5, Diff: 0.0]
   [Code Root Fixup: 0.0 ms]
   [Code Root Purge: 0.0 ms]
   [Clear CT: 0.3 ms]
   [Other: 0.7 ms]
      [Choose CSet: 0.0 ms]
      [Ref Proc: 0.1 ms]
      [Ref Enq: 0.0 ms]
      [Redirty Cards: 0.2 ms]
      [Humongous Register: 0.1 ms]
      [Humongous Reclaim: 0.0 ms]
      [Free CSet: 0.1 ms]
   [Eden: 11.0M(294.0M)->0.0B(327.0M) Survivors: 41.0M->14.0M Heap: 1057.3M(2048.0M)->1061.8M(2048.0M)]
 [Times: user=0.50 sys=0.00, real=0.06 secs] 
2020-09-29T12:28:23.683+0200: 75.009: [GC concurrent-root-region-scan-start]
2020-09-29T12:28:23.685+0200: 75.012: [GC concurrent-root-region-scan-end, 0.0024611 secs]
2020-09-29T12:28:23.685+0200: 75.012: [GC concurrent-mark-start]
2020-09-29T12:28:23.688+0200: 75.015: [GC concurrent-mark-end, 0.0028653 secs]
2020-09-29T12:28:23.688+0200: 75.015: [GC remark 2020-09-29T12:28:23.688+0200: 75.015: [Finalize Marking, 0.0002041 secs] 2020-09-29T12:28:23.689+0200: 75.015: [GC ref-proc, 0.0003481 secs] 2020-09-29T12:28:23.689+0200: 75.016: [Unloading, 0.0004340 secs], 0.0013732 secs]
 [Times: user=0.00 sys=0.00, real=0.00 secs] 
2020-09-29T12:28:23.690+0200: 75.017: [GC cleanup 1074M->36M(2048M), 0.0013590 secs]
 [Times: user=0.02 sys=0.00, real=0.00 secs] 
2020-09-29T12:28:23.692+0200: 75.018: [GC concurrent-cleanup-start]
2020-09-29T12:28:23.694+0200: 75.020: [GC concurrent-cleanup-end, 0.0019774 secs]
2020-09-29T12:28:23.853+0200: 75.180: [GC pause (G1 Evacuation Pause) (young), 0.1624980 secs]
   [Parallel Time: 161.4 ms, GC Workers: 8]
      [GC Worker Start (ms): Min: 75179.7, Avg: 75179.8, Max: 75179.8, Diff: 0.2]
      [Ext Root Scanning (ms): Min: 0.0, Avg: 0.1, Max: 0.1, Diff: 0.1, Sum: 0.4]
      [Update RS (ms): Min: 22.3, Avg: 22.5, Max: 22.7, Diff: 0.4, Sum: 180.1]
         [Processed Buffers: Min: 25, Avg: 26.5, Max: 29, Diff: 4, Sum: 212]
      [Scan RS (ms): Min: 12.3, Avg: 12.5, Max: 12.8, Diff: 0.5, Sum: 100.3]
      [Code Root Scanning (ms): Min: 0.0, Avg: 0.0, Max: 0.0, Diff: 0.0, Sum: 0.0]
      [Object Copy (ms): Min: 125.8, Avg: 125.9, Max: 126.0, Diff: 0.3, Sum: 1007.6]
      [Termination (ms): Min: 0.0, Avg: 0.0, Max: 0.0, Diff: 0.0, Sum: 0.2]
         [Termination Attempts: Min: 1, Avg: 168.1, Max: 209, Diff: 208, Sum: 1345]
      [GC Worker Other (ms): Min: 0.0, Avg: 0.1, Max: 0.1, Diff: 0.1, Sum: 0.4]
      [GC Worker Total (ms): Min: 161.0, Avg: 161.1, Max: 161.3, Diff: 0.2, Sum: 1289.1]
      [GC Worker End (ms): Min: 75340.9, Avg: 75340.9, Max: 75340.9, Diff: 0.1]
   [Code Root Fixup: 0.0 ms]
   [Code Root Purge: 0.0 ms]
   [Clear CT: 0.2 ms]
   [Other: 0.9 ms]
      [Choose CSet: 0.0 ms]
      [Ref Proc: 0.2 ms]
      [Ref Enq: 0.0 ms]
      [Redirty Cards: 0.2 ms]
      [Humongous Register: 0.0 ms]
      [Humongous Reclaim: 0.0 ms]
      [Free CSet: 0.2 ms]
   [Eden: 327.0M(327.0M)->0.0B(314.0M) Survivors: 14.0M->43.0M Heap: 405.8M(2048.0M)->393.8M(2048.0M)]
 [Times: user=1.25 sys=0.00, real=0.16 secs] 
2020-09-29T12:28:24.175+0200: 75.502: [GC pause (G1 Evacuation Pause) (young), 0.1838121 secs]
   [Parallel Time: 182.6 ms, GC Workers: 8]
      [GC Worker Start (ms): Min: 75501.9, Avg: 75502.0, Max: 75502.1, Diff: 0.2]
      [Ext Root Scanning (ms): Min: 0.0, Avg: 0.1, Max: 0.2, Diff: 0.2, Sum: 0.5]
      [Update RS (ms): Min: 19.8, Avg: 20.0, Max: 20.4, Diff: 0.6, Sum: 159.8]
         [Processed Buffers: Min: 22, Avg: 24.6, Max: 28, Diff: 6, Sum: 197]
      [Scan RS (ms): Min: 16.2, Avg: 16.7, Max: 17.0, Diff: 0.8, Sum: 133.8]
      [Code Root Scanning (ms): Min: 0.0, Avg: 0.0, Max: 0.0, Diff: 0.0, Sum: 0.0]
      [Object Copy (ms): Min: 145.5, Avg: 145.6, Max: 145.7, Diff: 0.3, Sum: 1165.0]
      [Termination (ms): Min: 0.0, Avg: 0.0, Max: 0.1, Diff: 0.1, Sum: 0.3]
         [Termination Attempts: Min: 1, Avg: 312.1, Max: 429, Diff: 428, Sum: 2497]
      [GC Worker Other (ms): Min: 0.0, Avg: 0.0, Max: 0.1, Diff: 0.1, Sum: 0.3]
      [GC Worker Total (ms): Min: 182.4, Avg: 182.5, Max: 182.6, Diff: 0.2, Sum: 1459.8]
      [GC Worker End (ms): Min: 75684.5, Avg: 75684.5, Max: 75684.5, Diff: 0.1]
   [Code Root Fixup: 0.0 ms]
   [Code Root Purge: 0.0 ms]
   [Clear CT: 0.2 ms]
   [Other: 1.0 ms]
      [Choose CSet: 0.0 ms]
      [Ref Proc: 0.1 ms]
      [Ref Enq: 0.0 ms]
      [Redirty Cards: 0.3 ms]
      [Humongous Register: 0.0 ms]
      [Humongous Reclaim: 0.0 ms]
      [Free CSet: 0.3 ms]
   [Eden: 314.0M(314.0M)->0.0B(304.0M) Survivors: 43.0M->45.0M Heap: 761.2M(2048.0M)->762.7M(2048.0M)]
 [Times: user=1.47 sys=0.03, real=0.18 secs] 
2020-09-29T12:28:24.520+0200: 75.847: [GC pause (G1 Evacuation Pause) (young), 0.1696266 secs]
   [Parallel Time: 168.5 ms, GC Workers: 8]
      [GC Worker Start (ms): Min: 75847.0, Avg: 75847.1, Max: 75847.2, Diff: 0.2]
      [Ext Root Scanning (ms): Min: 0.0, Avg: 0.1, Max: 0.2, Diff: 0.2, Sum: 0.5]
      [Update RS (ms): Min: 17.9, Avg: 18.2, Max: 18.6, Diff: 0.7, Sum: 145.6]
         [Processed Buffers: Min: 21, Avg: 22.0, Max: 23, Diff: 2, Sum: 176]
      [Scan RS (ms): Min: 15.6, Avg: 16.0, Max: 16.3, Diff: 0.7, Sum: 127.9]
      [Code Root Scanning (ms): Min: 0.0, Avg: 0.0, Max: 0.0, Diff: 0.0, Sum: 0.0]
      [Object Copy (ms): Min: 133.7, Avg: 133.8, Max: 133.9, Diff: 0.3, Sum: 1070.7]
      [Termination (ms): Min: 0.0, Avg: 0.1, Max: 0.1, Diff: 0.1, Sum: 0.4]
         [Termination Attempts: Min: 1, Avg: 383.6, Max: 573, Diff: 572, Sum: 3069]
      [GC Worker Other (ms): Min: 0.0, Avg: 0.1, Max: 0.1, Diff: 0.0, Sum: 0.5]
      [GC Worker Total (ms): Min: 168.1, Avg: 168.2, Max: 168.3, Diff: 0.2, Sum: 1345.7]
      [GC Worker End (ms): Min: 76015.3, Avg: 76015.3, Max: 76015.4, Diff: 0.0]
   [Code Root Fixup: 0.0 ms]
   [Code Root Purge: 0.0 ms]
   [Clear CT: 0.2 ms]
   [Other: 0.9 ms]
      [Choose CSet: 0.0 ms]
      [Ref Proc: 0.1 ms]
      [Ref Enq: 0.0 ms]
      [Redirty Cards: 0.2 ms]
      [Humongous Register: 0.0 ms]
      [Humongous Reclaim: 0.0 ms]
      [Free CSet: 0.3 ms]
   [Eden: 304.0M(304.0M)->0.0B(308.0M) Survivors: 45.0M->44.0M Heap: 1116.3M(2048.0M)->1118.8M(2048.0M)]
 [Times: user=1.17 sys=0.08, real=0.17 secs] 
2020-09-29T12:28:24.697+0200: 76.023: [GC pause (G1 Humongous Allocation) (young) (initial-mark), 0.0677186 secs]
   [Parallel Time: 66.8 ms, GC Workers: 8]
      [GC Worker Start (ms): Min: 76023.5, Avg: 76023.6, Max: 76023.7, Diff: 0.2]
      [Ext Root Scanning (ms): Min: 0.0, Avg: 5.1, Max: 20.3, Diff: 20.3, Sum: 41.2]
      [Update RS (ms): Min: 23.4, Avg: 38.6, Max: 43.9, Diff: 20.5, Sum: 308.7]
         [Processed Buffers: Min: 30, Avg: 48.3, Max: 57, Diff: 27, Sum: 386]
      [Scan RS (ms): Min: 2.5, Avg: 2.8, Max: 3.0, Diff: 0.5, Sum: 22.3]
      [Code Root Scanning (ms): Min: 0.0, Avg: 0.0, Max: 0.0, Diff: 0.0, Sum: 0.0]
      [Object Copy (ms): Min: 20.0, Avg: 20.0, Max: 20.1, Diff: 0.1, Sum: 160.1]
      [Termination (ms): Min: 0.0, Avg: 0.0, Max: 0.0, Diff: 0.0, Sum: 0.1]
         [Termination Attempts: Min: 1, Avg: 89.6, Max: 118, Diff: 117, Sum: 717]
      [GC Worker Other (ms): Min: 0.0, Avg: 0.0, Max: 0.0, Diff: 0.0, Sum: 0.1]
      [GC Worker Total (ms): Min: 66.5, Avg: 66.6, Max: 66.6, Diff: 0.2, Sum: 532.6]
      [GC Worker End (ms): Min: 76090.1, Avg: 76090.2, Max: 76090.2, Diff: 0.0]
   [Code Root Fixup: 0.0 ms]
   [Code Root Purge: 0.0 ms]
   [Clear CT: 0.1 ms]
   [Other: 0.8 ms]
      [Choose CSet: 0.0 ms]
      [Ref Proc: 0.2 ms]
      [Ref Enq: 0.0 ms]
      [Redirty Cards: 0.2 ms]
      [Humongous Register: 0.0 ms]
      [Humongous Reclaim: 0.0 ms]
      [Free CSet: 0.1 ms]
   [Eden: 5120.0K(308.0M)->0.0B(341.0M) Survivors: 44.0M->7168.0K Heap: 1123.8M(2048.0M)->1127.8M(2048.0M)]
 [Times: user=0.47 sys=0.00, real=0.07 secs] 
2020-09-29T12:28:24.765+0200: 76.091: [GC concurrent-root-region-scan-start]
2020-09-29T12:28:24.766+0200: 76.093: [GC concurrent-root-region-scan-end, 0.0018487 secs]
2020-09-29T12:28:24.766+0200: 76.093: [GC concurrent-mark-start]
2020-09-29T12:28:24.770+0200: 76.097: [GC concurrent-mark-end, 0.0039131 secs]
2020-09-29T12:28:24.771+0200: 76.097: [GC remark 2020-09-29T12:28:24.771+0200: 76.097: [Finalize Marking, 0.0002305 secs] 2020-09-29T12:28:24.771+0200: 76.098: [GC ref-proc, 0.0002911 secs] 2020-09-29T12:28:24.771+0200: 76.098: [Unloading, 0.0004921 secs], 0.0014144 secs]
 [Times: user=0.00 sys=0.00, real=0.00 secs] 
2020-09-29T12:28:24.773+0200: 76.099: [GC cleanup 1140M->29M(2048M), 0.0018367 secs]
 [Times: user=0.00 sys=0.00, real=0.00 secs] 
2020-09-29T12:28:24.774+0200: 76.101: [GC concurrent-cleanup-start]
2020-09-29T12:28:24.777+0200: 76.103: [GC concurrent-cleanup-end, 0.0023621 secs]
2020-09-29T12:28:24.956+0200: 76.283: [GC pause (G1 Evacuation Pause) (young), 0.2134067 secs]
   [Parallel Time: 212.2 ms, GC Workers: 8]
      [GC Worker Start (ms): Min: 76283.1, Avg: 76283.2, Max: 76283.3, Diff: 0.2]
      [Ext Root Scanning (ms): Min: 0.0, Avg: 0.1, Max: 0.2, Diff: 0.2, Sum: 0.9]
      [Update RS (ms): Min: 29.2, Avg: 29.6, Max: 30.5, Diff: 1.3, Sum: 236.5]
         [Processed Buffers: Min: 19, Avg: 22.0, Max: 24, Diff: 5, Sum: 176]
      [Scan RS (ms): Min: 23.5, Avg: 24.4, Max: 24.8, Diff: 1.4, Sum: 195.3]
      [Code Root Scanning (ms): Min: 0.0, Avg: 0.0, Max: 0.0, Diff: 0.0, Sum: 0.0]
      [Object Copy (ms): Min: 157.7, Avg: 157.8, Max: 157.9, Diff: 0.2, Sum: 1262.6]
      [Termination (ms): Min: 0.0, Avg: 0.0, Max: 0.0, Diff: 0.0, Sum: 0.0]
         [Termination Attempts: Min: 1, Avg: 25.0, Max: 38, Diff: 37, Sum: 200]
      [GC Worker Other (ms): Min: 0.0, Avg: 0.1, Max: 0.1, Diff: 0.1, Sum: 0.7]
      [GC Worker Total (ms): Min: 211.9, Avg: 212.0, Max: 212.1, Diff: 0.2, Sum: 1696.0]
      [GC Worker End (ms): Min: 76495.1, Avg: 76495.2, Max: 76495.2, Diff: 0.1]
   [Code Root Fixup: 0.0 ms]
   [Code Root Purge: 0.0 ms]
   [Clear CT: 0.2 ms]
   [Other: 1.0 ms]
      [Choose CSet: 0.0 ms]
      [Ref Proc: 0.1 ms]
      [Ref Enq: 0.0 ms]
      [Redirty Cards: 0.2 ms]
      [Humongous Register: 0.0 ms]
      [Humongous Reclaim: 0.0 ms]
      [Free CSet: 0.3 ms]
   [Eden: 341.0M(341.0M)->0.0B(254.0M) Survivors: 7168.0K->44.0M Heap: 415.2M(2048.0M)->410.2M(2048.0M)]
 [Times: user=1.69 sys=0.06, real=0.21 secs] 
2020-09-29T12:28:25.323+0200: 76.650: [GC pause (G1 Evacuation Pause) (young), 0.1508888 secs]
   [Parallel Time: 149.8 ms, GC Workers: 8]
      [GC Worker Start (ms): Min: 76649.6, Avg: 76649.8, Max: 76649.8, Diff: 0.2]
      [Ext Root Scanning (ms): Min: 0.0, Avg: 0.1, Max: 0.2, Diff: 0.2, Sum: 0.5]
      [Update RS (ms): Min: 16.4, Avg: 16.7, Max: 17.0, Diff: 0.6, Sum: 134.0]
         [Processed Buffers: Min: 15, Avg: 16.6, Max: 18, Diff: 3, Sum: 133]
      [Scan RS (ms): Min: 14.1, Avg: 14.4, Max: 14.7, Diff: 0.6, Sum: 115.1]
      [Code Root Scanning (ms): Min: 0.0, Avg: 0.0, Max: 0.0, Diff: 0.0, Sum: 0.0]
      [Object Copy (ms): Min: 118.1, Avg: 118.3, Max: 118.4, Diff: 0.3, Sum: 946.4]
      [Termination (ms): Min: 0.0, Avg: 0.0, Max: 0.1, Diff: 0.1, Sum: 0.3]
         [Termination Attempts: Min: 1, Avg: 282.3, Max: 378, Diff: 377, Sum: 2258]
      [GC Worker Other (ms): Min: 0.0, Avg: 0.0, Max: 0.1, Diff: 0.1, Sum: 0.3]
      [GC Worker Total (ms): Min: 149.5, Avg: 149.6, Max: 149.7, Diff: 0.2, Sum: 1196.6]
      [GC Worker End (ms): Min: 76799.3, Avg: 76799.3, Max: 76799.4, Diff: 0.1]
   [Code Root Fixup: 0.0 ms]
   [Code Root Purge: 0.0 ms]
   [Clear CT: 0.2 ms]
   [Other: 0.9 ms]
      [Choose CSet: 0.0 ms]
      [Ref Proc: 0.2 ms]
      [Ref Enq: 0.0 ms]
      [Redirty Cards: 0.2 ms]
      [Humongous Register: 0.0 ms]
      [Humongous Reclaim: 0.0 ms]
      [Free CSet: 0.3 ms]
   [Eden: 254.0M(254.0M)->0.0B(273.0M) Survivors: 44.0M->38.0M Heap: 706.2M(2048.0M)->708.2M(2048.0M)]
 [Times: user=1.25 sys=0.00, real=0.15 secs] 
2020-09-29T12:28:25.616+0200: 76.943: [GC pause (G1 Evacuation Pause) (young), 0.1540795 secs]
   [Parallel Time: 152.9 ms, GC Workers: 8]
      [GC Worker Start (ms): Min: 76942.7, Avg: 76942.8, Max: 76942.9, Diff: 0.2]
      [Ext Root Scanning (ms): Min: 0.0, Avg: 0.1, Max: 0.1, Diff: 0.1, Sum: 0.4]
      [Update RS (ms): Min: 15.4, Avg: 15.7, Max: 16.0, Diff: 0.6, Sum: 125.5]
         [Processed Buffers: Min: 18, Avg: 18.8, Max: 21, Diff: 3, Sum: 150]
      [Scan RS (ms): Min: 13.4, Avg: 13.7, Max: 14.0, Diff: 0.7, Sum: 109.8]
      [Code Root Scanning (ms): Min: 0.0, Avg: 0.0, Max: 0.0, Diff: 0.0, Sum: 0.0]
      [Object Copy (ms): Min: 122.8, Avg: 122.9, Max: 123.0, Diff: 0.2, Sum: 983.3]
      [Termination (ms): Min: 0.0, Avg: 0.1, Max: 0.1, Diff: 0.1, Sum: 0.7]
         [Termination Attempts: Min: 1, Avg: 596.3, Max: 780, Diff: 779, Sum: 4770]
      [GC Worker Other (ms): Min: 0.0, Avg: 0.1, Max: 0.2, Diff: 0.2, Sum: 0.5]
      [GC Worker Total (ms): Min: 152.4, Avg: 152.5, Max: 152.8, Diff: 0.3, Sum: 1220.2]
      [GC Worker End (ms): Min: 77095.3, Avg: 77095.3, Max: 77095.5, Diff: 0.2]
   [Code Root Fixup: 0.0 ms]
   [Code Root Purge: 0.0 ms]
   [Clear CT: 0.3 ms]
   [Other: 0.9 ms]
      [Choose CSet: 0.0 ms]
      [Ref Proc: 0.2 ms]
      [Ref Enq: 0.0 ms]
      [Redirty Cards: 0.2 ms]
      [Humongous Register: 0.0 ms]
      [Humongous Reclaim: 0.0 ms]
      [Free CSet: 0.3 ms]
   [Eden: 273.0M(273.0M)->0.0B(288.0M) Survivors: 38.0M->39.0M Heap: 1027.0M(2048.0M)->1029.0M(2048.0M)]
 [Times: user=1.11 sys=0.03, real=0.15 secs] 
2020-09-29T12:28:25.773+0200: 77.100: [GC pause (G1 Humongous Allocation) (young) (initial-mark), 0.0683615 secs]
   [Parallel Time: 67.5 ms, GC Workers: 8]
      [GC Worker Start (ms): Min: 77099.8, Avg: 77099.8, Max: 77099.9, Diff: 0.1]
      [Ext Root Scanning (ms): Min: 0.0, Avg: 0.1, Max: 0.1, Diff: 0.1, Sum: 0.7]
      [Update RS (ms): Min: 38.9, Avg: 39.1, Max: 39.5, Diff: 0.6, Sum: 313.1]
         [Processed Buffers: Min: 48, Avg: 49.5, Max: 53, Diff: 5, Sum: 396]
      [Scan RS (ms): Min: 0.3, Avg: 0.6, Max: 0.8, Diff: 0.5, Sum: 4.4]
      [Code Root Scanning (ms): Min: 0.0, Avg: 0.0, Max: 0.0, Diff: 0.0, Sum: 0.0]
      [Object Copy (ms): Min: 27.2, Avg: 27.3, Max: 27.5, Diff: 0.3, Sum: 218.7]
      [Termination (ms): Min: 0.0, Avg: 0.2, Max: 0.3, Diff: 0.3, Sum: 1.5]
         [Termination Attempts: Min: 1, Avg: 1427.5, Max: 1788, Diff: 1787, Sum: 11420]
      [GC Worker Other (ms): Min: 0.0, Avg: 0.0, Max: 0.0, Diff: 0.0, Sum: 0.2]
      [GC Worker Total (ms): Min: 67.3, Avg: 67.3, Max: 67.4, Diff: 0.1, Sum: 538.5]
      [GC Worker End (ms): Min: 77167.1, Avg: 77167.1, Max: 77167.1, Diff: 0.0]
   [Code Root Fixup: 0.0 ms]
   [Code Root Purge: 0.0 ms]
   [Clear CT: 0.1 ms]
   [Other: 0.7 ms]
      [Choose CSet: 0.0 ms]
      [Ref Proc: 0.1 ms]
      [Ref Enq: 0.0 ms]
      [Redirty Cards: 0.2 ms]
      [Humongous Register: 0.1 ms]
      [Humongous Reclaim: 0.0 ms]
      [Free CSet: 0.1 ms]
   [Eden: 2048.0K(288.0M)->0.0B(259.0M) Survivors: 39.0M->3072.0K Heap: 1031.0M(2048.0M)->1033.5M(2048.0M)]
 [Times: user=0.48 sys=0.00, real=0.07 secs] 
2020-09-29T12:28:25.841+0200: 77.168: [GC concurrent-root-region-scan-start]
2020-09-29T12:28:25.842+0200: 77.169: [GC concurrent-root-region-scan-end, 0.0008815 secs]
2020-09-29T12:28:25.842+0200: 77.169: [GC concurrent-mark-start]
2020-09-29T12:28:25.846+0200: 77.173: [GC concurrent-mark-end, 0.0035438 secs]
2020-09-29T12:28:25.846+0200: 77.173: [GC remark 2020-09-29T12:28:25.846+0200: 77.173: [Finalize Marking, 0.0002652 secs] 2020-09-29T12:28:25.846+0200: 77.173: [GC ref-proc, 0.0004262 secs] 2020-09-29T12:28:25.847+0200: 77.174: [Unloading, 0.0005171 secs], 0.0016559 secs]
 [Times: user=0.09 sys=0.00, real=0.00 secs] 
2020-09-29T12:28:25.848+0200: 77.175: [GC cleanup 1043M->22M(2048M), 0.0014030 secs]
 [Times: user=0.00 sys=0.00, real=0.00 secs] 
2020-09-29T12:28:25.850+0200: 77.176: [GC concurrent-cleanup-start]
2020-09-29T12:28:25.851+0200: 77.178: [GC concurrent-cleanup-end, 0.0014221 secs]
2020-09-29T12:28:25.973+0200: 77.299: [GC pause (G1 Evacuation Pause) (young), 0.1245699 secs]
   [Parallel Time: 123.4 ms, GC Workers: 8]
      [GC Worker Start (ms): Min: 77299.5, Avg: 77299.6, Max: 77299.7, Diff: 0.2]
      [Ext Root Scanning (ms): Min: 0.0, Avg: 0.1, Max: 0.2, Diff: 0.2, Sum: 0.5]
      [Update RS (ms): Min: 15.1, Avg: 15.3, Max: 15.5, Diff: 0.4, Sum: 122.3]
         [Processed Buffers: Min: 16, Avg: 18.4, Max: 21, Diff: 5, Sum: 147]
      [Scan RS (ms): Min: 9.5, Avg: 9.8, Max: 9.9, Diff: 0.4, Sum: 78.1]
      [Code Root Scanning (ms): Min: 0.0, Avg: 0.0, Max: 0.0, Diff: 0.0, Sum: 0.0]
      [Object Copy (ms): Min: 98.0, Avg: 98.1, Max: 98.1, Diff: 0.1, Sum: 784.5]
      [Termination (ms): Min: 0.0, Avg: 0.0, Max: 0.0, Diff: 0.0, Sum: 0.2]
         [Termination Attempts: Min: 1, Avg: 195.1, Max: 236, Diff: 235, Sum: 1561]
      [GC Worker Other (ms): Min: 0.0, Avg: 0.0, Max: 0.1, Diff: 0.1, Sum: 0.3]
      [GC Worker Total (ms): Min: 123.2, Avg: 123.2, Max: 123.3, Diff: 0.1, Sum: 985.9]
      [GC Worker End (ms): Min: 77422.8, Avg: 77422.8, Max: 77422.9, Diff: 0.1]
   [Code Root Fixup: 0.0 ms]
   [Code Root Purge: 0.0 ms]
   [Clear CT: 0.2 ms]
   [Other: 1.0 ms]
      [Choose CSet: 0.0 ms]
      [Ref Proc: 0.2 ms]
      [Ref Enq: 0.0 ms]
      [Redirty Cards: 0.3 ms]
      [Humongous Register: 0.0 ms]
      [Humongous Reclaim: 0.0 ms]
      [Free CSet: 0.2 ms]
   [Eden: 259.0M(259.0M)->0.0B(265.0M) Survivors: 3072.0K->33.0M Heap: 315.4M(2048.0M)->315.4M(2048.0M)]
 [Times: user=0.88 sys=0.00, real=0.12 secs] 
2020-09-29T12:28:26.234+0200: 77.561: [GC pause (G1 Evacuation Pause) (young), 0.1482349 secs]
   [Parallel Time: 147.1 ms, GC Workers: 8]
      [GC Worker Start (ms): Min: 77561.0, Avg: 77561.1, Max: 77561.1, Diff: 0.1]
      [Ext Root Scanning (ms): Min: 0.0, Avg: 0.1, Max: 0.1, Diff: 0.1, Sum: 0.5]
      [Update RS (ms): Min: 17.8, Avg: 18.1, Max: 18.6, Diff: 0.8, Sum: 144.9]
         [Processed Buffers: Min: 20, Avg: 21.0, Max: 24, Diff: 4, Sum: 168]
      [Scan RS (ms): Min: 11.3, Avg: 11.8, Max: 12.0, Diff: 0.8, Sum: 94.3]
      [Code Root Scanning (ms): Min: 0.0, Avg: 0.0, Max: 0.0, Diff: 0.0, Sum: 0.0]
      [Object Copy (ms): Min: 116.8, Avg: 116.9, Max: 116.9, Diff: 0.2, Sum: 934.8]
      [Termination (ms): Min: 0.0, Avg: 0.1, Max: 0.1, Diff: 0.1, Sum: 0.4]
         [Termination Attempts: Min: 1, Avg: 371.6, Max: 545, Diff: 544, Sum: 2973]
      [GC Worker Other (ms): Min: 0.0, Avg: 0.0, Max: 0.1, Diff: 0.0, Sum: 0.2]
      [GC Worker Total (ms): Min: 146.8, Avg: 146.9, Max: 147.0, Diff: 0.1, Sum: 1175.2]
      [GC Worker End (ms): Min: 77707.9, Avg: 77708.0, Max: 77708.0, Diff: 0.0]
   [Code Root Fixup: 0.0 ms]
   [Code Root Purge: 0.0 ms]
   [Clear CT: 0.2 ms]
   [Other: 0.9 ms]
      [Choose CSet: 0.0 ms]
      [Ref Proc: 0.2 ms]
      [Ref Enq: 0.0 ms]
      [Redirty Cards: 0.2 ms]
      [Humongous Register: 0.0 ms]
      [Humongous Reclaim: 0.0 ms]
      [Free CSet: 0.2 ms]
   [Eden: 265.0M(265.0M)->0.0B(278.0M) Survivors: 33.0M->38.0M Heap: 624.2M(2048.0M)->626.2M(2048.0M)]
 [Times: user=1.25 sys=0.00, real=0.15 secs] 
2020-09-29T12:28:26.519+0200: 77.845: [GC pause (G1 Evacuation Pause) (young), 0.1622575 secs]
   [Parallel Time: 161.1 ms, GC Workers: 8]
      [GC Worker Start (ms): Min: 77845.6, Avg: 77845.7, Max: 77845.8, Diff: 0.1]
      [Ext Root Scanning (ms): Min: 0.0, Avg: 0.1, Max: 0.1, Diff: 0.1, Sum: 0.5]
      [Update RS (ms): Min: 23.5, Avg: 23.6, Max: 23.7, Diff: 0.2, Sum: 188.6]
         [Processed Buffers: Min: 26, Avg: 28.8, Max: 31, Diff: 5, Sum: 230]
      [Scan RS (ms): Min: 10.5, Avg: 10.6, Max: 10.7, Diff: 0.2, Sum: 84.9]
      [Code Root Scanning (ms): Min: 0.0, Avg: 0.0, Max: 0.0, Diff: 0.0, Sum: 0.0]
      [Object Copy (ms): Min: 126.4, Avg: 126.5, Max: 126.6, Diff: 0.2, Sum: 1012.4]
      [Termination (ms): Min: 0.0, Avg: 0.0, Max: 0.1, Diff: 0.1, Sum: 0.3]
         [Termination Attempts: Min: 1, Avg: 293.9, Max: 390, Diff: 389, Sum: 2351]
      [GC Worker Other (ms): Min: 0.0, Avg: 0.1, Max: 0.1, Diff: 0.1, Sum: 0.5]
      [GC Worker Total (ms): Min: 160.8, Avg: 160.9, Max: 161.0, Diff: 0.2, Sum: 1287.2]
      [GC Worker End (ms): Min: 78006.5, Avg: 78006.6, Max: 78006.6, Diff: 0.1]
   [Code Root Fixup: 0.0 ms]
   [Code Root Purge: 0.0 ms]
   [Clear CT: 0.2 ms]
   [Other: 1.0 ms]
      [Choose CSet: 0.0 ms]
      [Ref Proc: 0.1 ms]
      [Ref Enq: 0.0 ms]
      [Redirty Cards: 0.3 ms]
      [Humongous Register: 0.0 ms]
      [Humongous Reclaim: 0.0 ms]
      [Free CSet: 0.3 ms]
   [Eden: 278.0M(278.0M)->0.0B(288.0M) Survivors: 38.0M->40.0M Heap: 951.9M(2048.0M)->953.4M(2048.0M)]
 [Times: user=1.33 sys=0.05, real=0.16 secs] 
2020-09-29T12:28:26.697+0200: 78.024: [GC pause (G1 Humongous Allocation) (young) (initial-mark), 0.0608684 secs]
   [Parallel Time: 60.0 ms, GC Workers: 8]
      [GC Worker Start (ms): Min: 78023.9, Avg: 78023.9, Max: 78024.0, Diff: 0.2]
      [Ext Root Scanning (ms): Min: 0.0, Avg: 1.5, Max: 10.7, Diff: 10.7, Sum: 11.7]
      [Update RS (ms): Min: 18.4, Avg: 27.7, Max: 29.1, Diff: 10.8, Sum: 221.3]
         [Processed Buffers: Min: 24, Avg: 34.3, Max: 39, Diff: 15, Sum: 274]
      [Scan RS (ms): Min: 2.3, Avg: 2.5, Max: 2.6, Diff: 0.3, Sum: 20.0]
      [Code Root Scanning (ms): Min: 0.0, Avg: 0.0, Max: 0.0, Diff: 0.0, Sum: 0.0]
      [Object Copy (ms): Min: 27.8, Avg: 27.9, Max: 28.2, Diff: 0.4, Sum: 223.5]
      [Termination (ms): Min: 0.0, Avg: 0.2, Max: 0.4, Diff: 0.4, Sum: 1.9]
         [Termination Attempts: Min: 1, Avg: 1463.6, Max: 2103, Diff: 2102, Sum: 11709]
      [GC Worker Other (ms): Min: 0.0, Avg: 0.0, Max: 0.0, Diff: 0.0, Sum: 0.2]
      [GC Worker Total (ms): Min: 59.7, Avg: 59.8, Max: 59.9, Diff: 0.2, Sum: 478.6]
      [GC Worker End (ms): Min: 78083.7, Avg: 78083.8, Max: 78083.8, Diff: 0.0]
   [Code Root Fixup: 0.0 ms]
   [Code Root Purge: 0.0 ms]
   [Clear CT: 0.2 ms]
   [Other: 0.7 ms]
      [Choose CSet: 0.0 ms]
      [Ref Proc: 0.2 ms]
      [Ref Enq: 0.0 ms]
      [Redirty Cards: 0.1 ms]
      [Humongous Register: 0.0 ms]
      [Humongous Reclaim: 0.0 ms]
      [Free CSet: 0.1 ms]
   [Eden: 11.0M(288.0M)->0.0B(301.0M) Survivors: 40.0M->13.0M Heap: 964.4M(2048.0M)->968.4M(2048.0M)]
 [Times: user=0.49 sys=0.00, real=0.06 secs] 
2020-09-29T12:28:26.758+0200: 78.085: [GC concurrent-root-region-scan-start]
2020-09-29T12:28:26.762+0200: 78.089: [GC concurrent-root-region-scan-end, 0.0037854 secs]
2020-09-29T12:28:26.762+0200: 78.089: [GC concurrent-mark-start]
2020-09-29T12:28:26.765+0200: 78.092: [GC concurrent-mark-end, 0.0035127 secs]
2020-09-29T12:28:26.766+0200: 78.093: [GC remark 2020-09-29T12:28:26.766+0200: 78.093: [Finalize Marking, 0.0001532 secs] 2020-09-29T12:28:26.766+0200: 78.093: [GC ref-proc, 0.0003698 secs] 2020-09-29T12:28:26.766+0200: 78.093: [Unloading, 0.0005442 secs], 0.0014349 secs]
 [Times: user=0.00 sys=0.00, real=0.00 secs] 
2020-09-29T12:28:26.768+0200: 78.094: [GC cleanup 985M->39M(2048M), 0.0014034 secs]
 [Times: user=0.00 sys=0.00, real=0.00 secs] 
2020-09-29T12:28:26.769+0200: 78.096: [GC concurrent-cleanup-start]
2020-09-29T12:28:26.770+0200: 78.097: [GC concurrent-cleanup-end, 0.0012582 secs]
2020-09-29T12:28:26.919+0200: 78.246: [GC pause (G1 Evacuation Pause) (young), 0.1519305 secs]
   [Parallel Time: 151.1 ms, GC Workers: 8]
      [GC Worker Start (ms): Min: 78245.7, Avg: 78245.8, Max: 78245.9, Diff: 0.1]
      [Ext Root Scanning (ms): Min: 0.0, Avg: 0.1, Max: 0.1, Diff: 0.1, Sum: 0.5]
      [Update RS (ms): Min: 23.1, Avg: 23.2, Max: 23.4, Diff: 0.3, Sum: 185.6]
         [Processed Buffers: Min: 24, Avg: 25.8, Max: 30, Diff: 6, Sum: 206]
      [Scan RS (ms): Min: 11.3, Avg: 11.6, Max: 11.8, Diff: 0.5, Sum: 92.6]
      [Code Root Scanning (ms): Min: 0.0, Avg: 0.0, Max: 0.0, Diff: 0.0, Sum: 0.0]
      [Object Copy (ms): Min: 115.8, Avg: 116.0, Max: 116.1, Diff: 0.2, Sum: 928.1]
      [Termination (ms): Min: 0.0, Avg: 0.0, Max: 0.0, Diff: 0.0, Sum: 0.1]
         [Termination Attempts: Min: 1, Avg: 103.0, Max: 153, Diff: 152, Sum: 824]
      [GC Worker Other (ms): Min: 0.0, Avg: 0.0, Max: 0.1, Diff: 0.0, Sum: 0.3]
      [GC Worker Total (ms): Min: 150.8, Avg: 150.9, Max: 151.0, Diff: 0.2, Sum: 1207.2]
      [GC Worker End (ms): Min: 78396.7, Avg: 78396.7, Max: 78396.7, Diff: 0.0]
   [Code Root Fixup: 0.0 ms]
   [Code Root Purge: 0.0 ms]
   [Clear CT: 0.2 ms]
   [Other: 0.7 ms]
      [Choose CSet: 0.0 ms]
      [Ref Proc: 0.1 ms]
      [Ref Enq: 0.0 ms]
      [Redirty Cards: 0.2 ms]
      [Humongous Register: 0.0 ms]
      [Humongous Reclaim: 0.0 ms]
      [Free CSet: 0.1 ms]
   [Eden: 301.0M(301.0M)->0.0B(294.0M) Survivors: 13.0M->40.0M Heap: 375.5M(2048.0M)->365.0M(2048.0M)]
 [Times: user=1.25 sys=0.00, real=0.15 secs] 
2020-09-29T12:28:27.216+0200: 78.542: [GC pause (G1 Evacuation Pause) (young), 0.1721513 secs]
   [Parallel Time: 171.1 ms, GC Workers: 8]
      [GC Worker Start (ms): Min: 78542.5, Avg: 78542.6, Max: 78542.7, Diff: 0.1]
      [Ext Root Scanning (ms): Min: 0.0, Avg: 0.1, Max: 0.2, Diff: 0.1, Sum: 0.7]
      [Update RS (ms): Min: 16.0, Avg: 16.2, Max: 16.6, Diff: 0.6, Sum: 129.5]
         [Processed Buffers: Min: 17, Avg: 18.9, Max: 21, Diff: 4, Sum: 151]
      [Scan RS (ms): Min: 15.6, Avg: 16.0, Max: 16.2, Diff: 0.5, Sum: 127.8]
      [Code Root Scanning (ms): Min: 0.0, Avg: 0.0, Max: 0.0, Diff: 0.0, Sum: 0.0]
      [Object Copy (ms): Min: 138.5, Avg: 138.6, Max: 138.7, Diff: 0.2, Sum: 1108.5]
      [Termination (ms): Min: 0.0, Avg: 0.1, Max: 0.1, Diff: 0.1, Sum: 0.4]
         [Termination Attempts: Min: 1, Avg: 376.5, Max: 511, Diff: 510, Sum: 3012]
      [GC Worker Other (ms): Min: 0.0, Avg: 0.0, Max: 0.1, Diff: 0.1, Sum: 0.3]
      [GC Worker Total (ms): Min: 170.8, Avg: 170.9, Max: 171.0, Diff: 0.1, Sum: 1367.2]
      [GC Worker End (ms): Min: 78713.5, Avg: 78713.5, Max: 78713.5, Diff: 0.1]
   [Code Root Fixup: 0.0 ms]
   [Code Root Purge: 0.0 ms]
   [Clear CT: 0.2 ms]
   [Other: 0.9 ms]
      [Choose CSet: 0.0 ms]
      [Ref Proc: 0.1 ms]
      [Ref Enq: 0.0 ms]
      [Redirty Cards: 0.2 ms]
      [Humongous Register: 0.0 ms]
      [Humongous Reclaim: 0.0 ms]
      [Free CSet: 0.3 ms]
   [Eden: 294.0M(294.0M)->0.0B(290.0M) Survivors: 40.0M->42.0M Heap: 706.7M(2048.0M)->708.2M(2048.0M)]
 [Times: user=1.36 sys=0.02, real=0.17 secs] 
2020-09-29T12:28:27.548+0200: 78.875: [GC pause (G1 Evacuation Pause) (young), 0.1679936 secs]
   [Parallel Time: 166.9 ms, GC Workers: 8]
      [GC Worker Start (ms): Min: 78875.3, Avg: 78875.4, Max: 78875.4, Diff: 0.2]
      [Ext Root Scanning (ms): Min: 0.0, Avg: 0.1, Max: 0.1, Diff: 0.1, Sum: 0.4]
      [Update RS (ms): Min: 17.6, Avg: 17.6, Max: 17.8, Diff: 0.2, Sum: 141.1]
         [Processed Buffers: Min: 19, Avg: 20.6, Max: 24, Diff: 5, Sum: 165]
      [Scan RS (ms): Min: 15.6, Avg: 15.8, Max: 16.0, Diff: 0.4, Sum: 126.5]
      [Code Root Scanning (ms): Min: 0.0, Avg: 0.0, Max: 0.0, Diff: 0.0, Sum: 0.0]
      [Object Copy (ms): Min: 133.0, Avg: 133.2, Max: 133.2, Diff: 0.2, Sum: 1065.2]
      [Termination (ms): Min: 0.0, Avg: 0.0, Max: 0.0, Diff: 0.0, Sum: 0.3]
         [Termination Attempts: Min: 1, Avg: 273.9, Max: 350, Diff: 349, Sum: 2191]
      [GC Worker Other (ms): Min: 0.0, Avg: 0.0, Max: 0.1, Diff: 0.0, Sum: 0.3]
      [GC Worker Total (ms): Min: 166.7, Avg: 166.7, Max: 166.8, Diff: 0.2, Sum: 1334.0]
      [GC Worker End (ms): Min: 79042.1, Avg: 79042.1, Max: 79042.1, Diff: 0.0]
   [Code Root Fixup: 0.0 ms]
   [Code Root Purge: 0.0 ms]
   [Clear CT: 0.1 ms]
   [Other: 0.9 ms]
      [Choose CSet: 0.0 ms]
      [Ref Proc: 0.2 ms]
      [Ref Enq: 0.0 ms]
      [Redirty Cards: 0.2 ms]
      [Humongous Register: 0.0 ms]
      [Humongous Reclaim: 0.0 ms]
      [Free CSet: 0.3 ms]
   [Eden: 290.0M(290.0M)->0.0B(293.0M) Survivors: 42.0M->42.0M Heap: 1047.8M(2048.0M)->1049.3M(2048.0M)]
 [Times: user=1.38 sys=0.00, real=0.17 secs] 
2020-09-29T12:28:27.727+0200: 79.054: [GC pause (G1 Humongous Allocation) (young) (initial-mark), 0.0613290 secs]
   [Parallel Time: 60.3 ms, GC Workers: 8]
      [GC Worker Start (ms): Min: 79053.8, Avg: 79053.8, Max: 79053.9, Diff: 0.2]
      [Ext Root Scanning (ms): Min: 0.0, Avg: 2.3, Max: 17.8, Diff: 17.8, Sum: 18.7]
      [Update RS (ms): Min: 18.8, Avg: 34.1, Max: 36.4, Diff: 17.7, Sum: 272.5]
         [Processed Buffers: Min: 22, Avg: 41.3, Max: 45, Diff: 23, Sum: 330]
      [Scan RS (ms): Min: 2.4, Avg: 2.6, Max: 2.7, Diff: 0.3, Sum: 20.5]
      [Code Root Scanning (ms): Min: 0.0, Avg: 0.0, Max: 0.0, Diff: 0.0, Sum: 0.0]
      [Object Copy (ms): Min: 21.0, Avg: 21.1, Max: 21.1, Diff: 0.1, Sum: 168.5]
      [Termination (ms): Min: 0.0, Avg: 0.0, Max: 0.1, Diff: 0.1, Sum: 0.4]
         [Termination Attempts: Min: 1, Avg: 328.4, Max: 488, Diff: 487, Sum: 2627]
      [GC Worker Other (ms): Min: 0.0, Avg: 0.0, Max: 0.0, Diff: 0.0, Sum: 0.2]
      [GC Worker Total (ms): Min: 60.0, Avg: 60.1, Max: 60.2, Diff: 0.2, Sum: 480.7]
      [GC Worker End (ms): Min: 79113.9, Avg: 79113.9, Max: 79114.0, Diff: 0.0]
   [Code Root Fixup: 0.0 ms]
   [Code Root Purge: 0.0 ms]
   [Clear CT: 0.2 ms]
   [Other: 0.9 ms]
      [Choose CSet: 0.0 ms]
      [Ref Proc: 0.2 ms]
      [Ref Enq: 0.0 ms]
      [Redirty Cards: 0.2 ms]
      [Humongous Register: 0.1 ms]
      [Humongous Reclaim: 0.0 ms]
      [Free CSet: 0.1 ms]
   [Eden: 8192.0K(293.0M)->0.0B(330.0M) Survivors: 42.0M->10.0M Heap: 1057.3M(2048.0M)->1061.3M(2048.0M)]
 [Times: user=0.49 sys=0.00, real=0.06 secs] 
2020-09-29T12:28:27.788+0200: 79.115: [GC concurrent-root-region-scan-start]
2020-09-29T12:28:27.791+0200: 79.117: [GC concurrent-root-region-scan-end, 0.0023845 secs]
2020-09-29T12:28:27.791+0200: 79.117: [GC concurrent-mark-start]
2020-09-29T12:28:27.795+0200: 79.121: [GC concurrent-mark-end, 0.0037422 secs]
2020-09-29T12:28:27.795+0200: 79.122: [GC remark 2020-09-29T12:28:27.795+0200: 79.122: [Finalize Marking, 0.0002710 secs] 2020-09-29T12:28:27.795+0200: 79.122: [GC ref-proc, 0.0004038 secs] 2020-09-29T12:28:27.796+0200: 79.122: [Unloading, 0.0004949 secs], 0.0015758 secs]
 [Times: user=0.00 sys=0.00, real=0.00 secs] 
2020-09-29T12:28:27.797+0200: 79.124: [GC cleanup 1074M->32M(2048M), 0.0018092 secs]
 [Times: user=0.00 sys=0.00, real=0.00 secs] 
2020-09-29T12:28:27.799+0200: 79.126: [GC concurrent-cleanup-start]
2020-09-29T12:28:27.802+0200: 79.128: [GC concurrent-cleanup-end, 0.0027014 secs]
2020-09-29T12:28:27.979+0200: 79.306: [GC pause (G1 Evacuation Pause) (young), 0.1610935 secs]
   [Parallel Time: 160.1 ms, GC Workers: 8]
      [GC Worker Start (ms): Min: 79306.0, Avg: 79306.1, Max: 79306.1, Diff: 0.2]
      [Ext Root Scanning (ms): Min: 0.0, Avg: 0.1, Max: 0.2, Diff: 0.2, Sum: 0.5]
      [Update RS (ms): Min: 17.1, Avg: 17.4, Max: 17.9, Diff: 0.8, Sum: 139.5]
         [Processed Buffers: Min: 19, Avg: 20.1, Max: 22, Diff: 3, Sum: 161]
      [Scan RS (ms): Min: 14.7, Avg: 15.2, Max: 15.5, Diff: 0.8, Sum: 121.2]
      [Code Root Scanning (ms): Min: 0.0, Avg: 0.0, Max: 0.0, Diff: 0.0, Sum: 0.0]
      [Object Copy (ms): Min: 127.1, Avg: 127.2, Max: 127.2, Diff: 0.2, Sum: 1017.3]
      [Termination (ms): Min: 0.0, Avg: 0.0, Max: 0.0, Diff: 0.0, Sum: 0.1]
         [Termination Attempts: Min: 1, Avg: 45.6, Max: 59, Diff: 58, Sum: 365]
      [GC Worker Other (ms): Min: 0.0, Avg: 0.1, Max: 0.1, Diff: 0.1, Sum: 0.5]
      [GC Worker Total (ms): Min: 159.8, Avg: 159.9, Max: 160.0, Diff: 0.1, Sum: 1279.1]
      [GC Worker End (ms): Min: 79465.9, Avg: 79466.0, Max: 79466.0, Diff: 0.1]
   [Code Root Fixup: 0.0 ms]
   [Code Root Purge: 0.0 ms]
   [Clear CT: 0.2 ms]
   [Other: 0.8 ms]
      [Choose CSet: 0.0 ms]
      [Ref Proc: 0.1 ms]
      [Ref Enq: 0.0 ms]
      [Redirty Cards: 0.2 ms]
      [Humongous Register: 0.0 ms]
      [Humongous Reclaim: 0.0 ms]
      [Free CSet: 0.2 ms]
   [Eden: 330.0M(330.0M)->0.0B(311.0M) Survivors: 10.0M->43.0M Heap: 404.8M(2048.0M)->397.8M(2048.0M)]
 [Times: user=1.22 sys=0.02, real=0.16 secs] 
2020-09-29T12:28:28.300+0200: 79.627: [GC pause (G1 Evacuation Pause) (young), 0.1712609 secs]
   [Parallel Time: 170.0 ms, GC Workers: 8]
      [GC Worker Start (ms): Min: 79627.1, Avg: 79627.2, Max: 79627.3, Diff: 0.2]
      [Ext Root Scanning (ms): Min: 0.0, Avg: 0.1, Max: 0.2, Diff: 0.2, Sum: 0.4]
      [Update RS (ms): Min: 17.9, Avg: 18.0, Max: 18.5, Diff: 0.6, Sum: 144.4]
         [Processed Buffers: Min: 20, Avg: 22.0, Max: 24, Diff: 4, Sum: 176]
      [Scan RS (ms): Min: 16.3, Avg: 16.8, Max: 17.1, Diff: 0.8, Sum: 134.3]
      [Code Root Scanning (ms): Min: 0.0, Avg: 0.0, Max: 0.0, Diff: 0.0, Sum: 0.0]
      [Object Copy (ms): Min: 134.7, Avg: 134.8, Max: 134.9, Diff: 0.2, Sum: 1078.4]
      [Termination (ms): Min: 0.0, Avg: 0.1, Max: 0.1, Diff: 0.1, Sum: 0.7]
         [Termination Attempts: Min: 1, Avg: 649.5, Max: 880, Diff: 879, Sum: 5196]
      [GC Worker Other (ms): Min: 0.0, Avg: 0.0, Max: 0.1, Diff: 0.1, Sum: 0.3]
      [GC Worker Total (ms): Min: 169.7, Avg: 169.8, Max: 169.9, Diff: 0.2, Sum: 1358.5]
      [GC Worker End (ms): Min: 79797.0, Avg: 79797.1, Max: 79797.1, Diff: 0.1]
   [Code Root Fixup: 0.0 ms]
   [Code Root Purge: 0.0 ms]
   [Clear CT: 0.2 ms]
   [Other: 1.1 ms]
      [Choose CSet: 0.0 ms]
      [Ref Proc: 0.1 ms]
      [Ref Enq: 0.0 ms]
      [Redirty Cards: 0.3 ms]
      [Humongous Register: 0.0 ms]
      [Humongous Reclaim: 0.0 ms]
      [Free CSet: 0.3 ms]
   [Eden: 311.0M(311.0M)->0.0B(310.0M) Survivors: 43.0M->45.0M Heap: 762.2M(2048.0M)->764.7M(2048.0M)]
 [Times: user=1.36 sys=0.02, real=0.17 secs] 
2020-09-29T12:28:28.642+0200: 79.969: [GC pause (G1 Evacuation Pause) (young), 0.1743623 secs]
   [Parallel Time: 173.1 ms, GC Workers: 8]
      [GC Worker Start (ms): Min: 79969.1, Avg: 79969.2, Max: 79969.3, Diff: 0.2]
      [Ext Root Scanning (ms): Min: 0.0, Avg: 0.1, Max: 0.2, Diff: 0.2, Sum: 0.5]
      [Update RS (ms): Min: 17.5, Avg: 17.6, Max: 18.3, Diff: 0.8, Sum: 141.1]
         [Processed Buffers: Min: 20, Avg: 22.1, Max: 25, Diff: 5, Sum: 177]
      [Scan RS (ms): Min: 16.2, Avg: 16.9, Max: 17.1, Diff: 0.9, Sum: 135.6]
      [Code Root Scanning (ms): Min: 0.0, Avg: 0.0, Max: 0.0, Diff: 0.0, Sum: 0.0]
      [Object Copy (ms): Min: 137.9, Avg: 138.1, Max: 138.2, Diff: 0.3, Sum: 1104.5]
      [Termination (ms): Min: 0.0, Avg: 0.1, Max: 0.1, Diff: 0.1, Sum: 0.5]
         [Termination Attempts: Min: 1, Avg: 468.5, Max: 577, Diff: 576, Sum: 3748]
      [GC Worker Other (ms): Min: 0.0, Avg: 0.0, Max: 0.1, Diff: 0.1, Sum: 0.3]
      [GC Worker Total (ms): Min: 172.7, Avg: 172.8, Max: 172.9, Diff: 0.2, Sum: 1382.6]
      [GC Worker End (ms): Min: 80142.0, Avg: 80142.1, Max: 80142.1, Diff: 0.1]
   [Code Root Fixup: 0.0 ms]
   [Code Root Purge: 0.0 ms]
   [Clear CT: 0.2 ms]
   [Other: 1.1 ms]
      [Choose CSet: 0.0 ms]
      [Ref Proc: 0.2 ms]
      [Ref Enq: 0.0 ms]
      [Redirty Cards: 0.3 ms]
      [Humongous Register: 0.0 ms]
      [Humongous Reclaim: 0.0 ms]
      [Free CSet: 0.3 ms]
   [Eden: 310.0M(310.0M)->0.0B(310.0M) Survivors: 45.0M->45.0M Heap: 1126.2M(2048.0M)->1128.2M(2048.0M)]
 [Times: user=1.36 sys=0.01, real=0.17 secs] 
2020-09-29T12:28:28.829+0200: 80.155: [GC pause (G1 Humongous Allocation) (young) (initial-mark), 0.0772583 secs]
   [Parallel Time: 76.2 ms, GC Workers: 8]
      [GC Worker Start (ms): Min: 80155.7, Avg: 80155.7, Max: 80155.8, Diff: 0.1]
      [Ext Root Scanning (ms): Min: 0.0, Avg: 3.3, Max: 23.6, Diff: 23.6, Sum: 26.8]
      [Update RS (ms): Min: 19.1, Avg: 39.0, Max: 42.7, Diff: 23.6, Sum: 311.9]
         [Processed Buffers: Min: 22, Avg: 44.5, Max: 52, Diff: 30, Sum: 356]
      [Scan RS (ms): Min: 2.3, Avg: 3.9, Max: 12.0, Diff: 9.8, Sum: 31.3]
      [Code Root Scanning (ms): Min: 0.0, Avg: 0.0, Max: 0.0, Diff: 0.0, Sum: 0.0]
      [Object Copy (ms): Min: 21.9, Avg: 29.6, Max: 30.8, Diff: 8.9, Sum: 237.1]
      [Termination (ms): Min: 0.0, Avg: 0.2, Max: 0.2, Diff: 0.2, Sum: 1.4]
         [Termination Attempts: Min: 1, Avg: 1268.4, Max: 1565, Diff: 1564, Sum: 10147]
      [GC Worker Other (ms): Min: 0.0, Avg: 0.0, Max: 0.1, Diff: 0.0, Sum: 0.3]
      [GC Worker Total (ms): Min: 76.0, Avg: 76.1, Max: 76.2, Diff: 0.2, Sum: 608.8]
      [GC Worker End (ms): Min: 80231.8, Avg: 80231.8, Max: 80231.9, Diff: 0.0]
   [Code Root Fixup: 0.0 ms]
   [Code Root Purge: 0.0 ms]
   [Clear CT: 0.2 ms]
   [Other: 0.8 ms]
      [Choose CSet: 0.0 ms]
      [Ref Proc: 0.1 ms]
      [Ref Enq: 0.0 ms]
      [Redirty Cards: 0.2 ms]
      [Humongous Register: 0.1 ms]
      [Humongous Reclaim: 0.0 ms]
      [Free CSet: 0.1 ms]
   [Eden: 11.0M(310.0M)->0.0B(294.0M) Survivors: 45.0M->13.0M Heap: 1138.7M(2048.0M)->1142.7M(2048.0M)]
 [Times: user=0.58 sys=0.00, real=0.08 secs] 
2020-09-29T12:28:28.906+0200: 80.233: [GC concurrent-root-region-scan-start]
2020-09-29T12:28:28.910+0200: 80.236: [GC concurrent-root-region-scan-end, 0.0035595 secs]
2020-09-29T12:28:28.910+0200: 80.236: [GC concurrent-mark-start]
2020-09-29T12:28:28.913+0200: 80.240: [GC concurrent-mark-end, 0.0036822 secs]
2020-09-29T12:28:28.914+0200: 80.240: [GC remark 2020-09-29T12:28:28.914+0200: 80.240: [Finalize Marking, 0.0001796 secs] 2020-09-29T12:28:28.914+0200: 80.241: [GC ref-proc, 0.0002890 secs] 2020-09-29T12:28:28.914+0200: 80.241: [Unloading, 0.0004834 secs], 0.0014019 secs]
 [Times: user=0.00 sys=0.00, real=0.00 secs] 
2020-09-29T12:28:28.915+0200: 80.242: [GC cleanup 1159M->39M(2048M), 0.0013507 secs]
 [Times: user=0.00 sys=0.00, real=0.00 secs] 
2020-09-29T12:28:28.917+0200: 80.244: [GC concurrent-cleanup-start]
2020-09-29T12:28:28.919+0200: 80.246: [GC concurrent-cleanup-end, 0.0018136 secs]
2020-09-29T12:28:29.056+0200: 80.383: [GC pause (G1 Evacuation Pause) (young), 0.1450021 secs]
   [Parallel Time: 143.7 ms, GC Workers: 8]
      [GC Worker Start (ms): Min: 80382.9, Avg: 80382.9, Max: 80383.0, Diff: 0.1]
      [Ext Root Scanning (ms): Min: 0.0, Avg: 0.1, Max: 0.1, Diff: 0.1, Sum: 0.6]
      [Update RS (ms): Min: 19.8, Avg: 20.0, Max: 20.5, Diff: 0.7, Sum: 160.1]
         [Processed Buffers: Min: 22, Avg: 23.4, Max: 25, Diff: 3, Sum: 187]
      [Scan RS (ms): Min: 9.7, Avg: 10.2, Max: 10.6, Diff: 0.9, Sum: 81.8]
      [Code Root Scanning (ms): Min: 0.0, Avg: 0.0, Max: 0.0, Diff: 0.0, Sum: 0.0]
      [Object Copy (ms): Min: 113.1, Avg: 113.2, Max: 113.2, Diff: 0.2, Sum: 905.3]
      [Termination (ms): Min: 0.0, Avg: 0.1, Max: 0.1, Diff: 0.1, Sum: 0.7]
         [Termination Attempts: Min: 1, Avg: 608.8, Max: 765, Diff: 764, Sum: 4870]
      [GC Worker Other (ms): Min: 0.0, Avg: 0.0, Max: 0.1, Diff: 0.1, Sum: 0.3]
      [GC Worker Total (ms): Min: 143.6, Avg: 143.6, Max: 143.7, Diff: 0.1, Sum: 1148.8]
      [GC Worker End (ms): Min: 80526.5, Avg: 80526.5, Max: 80526.6, Diff: 0.1]
   [Code Root Fixup: 0.0 ms]
   [Code Root Purge: 0.0 ms]
   [Clear CT: 0.3 ms]
   [Other: 1.0 ms]
      [Choose CSet: 0.0 ms]
      [Ref Proc: 0.1 ms]
      [Ref Enq: 0.0 ms]
      [Redirty Cards: 0.5 ms]
      [Humongous Register: 0.0 ms]
      [Humongous Reclaim: 0.0 ms]
      [Free CSet: 0.1 ms]
   [Eden: 294.0M(294.0M)->0.0B(295.0M) Survivors: 13.0M->39.0M Heap: 366.1M(2048.0M)->356.1M(2048.0M)]
 [Times: user=1.11 sys=0.02, real=0.14 secs] 
2020-09-29T12:28:29.348+0200: 80.674: [GC pause (G1 Evacuation Pause) (young), 0.1763395 secs]
   [Parallel Time: 174.3 ms, GC Workers: 8]
      [GC Worker Start (ms): Min: 80674.5, Avg: 80674.6, Max: 80674.7, Diff: 0.2]
      [Ext Root Scanning (ms): Min: 0.0, Avg: 0.1, Max: 0.2, Diff: 0.2, Sum: 0.5]
      [Update RS (ms): Min: 19.8, Avg: 19.9, Max: 20.2, Diff: 0.4, Sum: 159.2]
         [Processed Buffers: Min: 20, Avg: 23.4, Max: 27, Diff: 7, Sum: 187]
      [Scan RS (ms): Min: 14.3, Avg: 14.5, Max: 14.7, Diff: 0.4, Sum: 116.3]
      [Code Root Scanning (ms): Min: 0.0, Avg: 0.0, Max: 0.0, Diff: 0.0, Sum: 0.0]
      [Object Copy (ms): Min: 139.3, Avg: 139.4, Max: 139.6, Diff: 0.2, Sum: 1115.4]
      [Termination (ms): Min: 0.0, Avg: 0.1, Max: 0.1, Diff: 0.1, Sum: 0.7]
         [Termination Attempts: Min: 1, Avg: 607.3, Max: 753, Diff: 752, Sum: 4858]
      [GC Worker Other (ms): Min: 0.0, Avg: 0.0, Max: 0.1, Diff: 0.1, Sum: 0.3]
      [GC Worker Total (ms): Min: 174.0, Avg: 174.1, Max: 174.2, Diff: 0.2, Sum: 1392.6]
      [GC Worker End (ms): Min: 80848.7, Avg: 80848.7, Max: 80848.7, Diff: 0.1]
   [Code Root Fixup: 0.0 ms]
   [Code Root Purge: 0.0 ms]
   [Clear CT: 0.4 ms]
   [Other: 1.6 ms]
      [Choose CSet: 0.0 ms]
      [Ref Proc: 0.3 ms]
      [Ref Enq: 0.0 ms]
      [Redirty Cards: 0.8 ms]
      [Humongous Register: 0.0 ms]
      [Humongous Reclaim: 0.0 ms]
      [Free CSet: 0.3 ms]
   [Eden: 295.0M(295.0M)->0.0B(291.0M) Survivors: 39.0M->42.0M Heap: 700.7M(2048.0M)->701.7M(2048.0M)]
 [Times: user=1.28 sys=0.06, real=0.18 secs] 
2020-09-29T12:28:29.866+0200: 81.193: [GC pause (G1 Evacuation Pause) (young), 0.4219103 secs]
   [Parallel Time: 419.2 ms, GC Workers: 8]
      [GC Worker Start (ms): Min: 81193.4, Avg: 81193.6, Max: 81193.7, Diff: 0.3]
      [Ext Root Scanning (ms): Min: 0.0, Avg: 0.1, Max: 0.3, Diff: 0.3, Sum: 1.0]
      [Update RS (ms): Min: 45.9, Avg: 46.5, Max: 47.2, Diff: 1.3, Sum: 372.2]
         [Processed Buffers: Min: 20, Avg: 22.3, Max: 25, Diff: 5, Sum: 178]
      [Scan RS (ms): Min: 34.9, Avg: 35.8, Max: 36.7, Diff: 1.8, Sum: 286.3]
      [Code Root Scanning (ms): Min: 0.0, Avg: 0.0, Max: 0.0, Diff: 0.0, Sum: 0.1]
      [Object Copy (ms): Min: 335.9, Avg: 336.2, Max: 336.4, Diff: 0.5, Sum: 2689.3]
      [Termination (ms): Min: 0.0, Avg: 0.0, Max: 0.0, Diff: 0.0, Sum: 0.3]
         [Termination Attempts: Min: 1, Avg: 84.8, Max: 113, Diff: 112, Sum: 678]
      [GC Worker Other (ms): Min: 0.0, Avg: 0.1, Max: 0.2, Diff: 0.1, Sum: 0.8]
      [GC Worker Total (ms): Min: 418.7, Avg: 418.7, Max: 418.9, Diff: 0.2, Sum: 3350.0]
      [GC Worker End (ms): Min: 81612.2, Avg: 81612.3, Max: 81612.4, Diff: 0.1]
   [Code Root Fixup: 0.0 ms]
   [Code Root Purge: 0.0 ms]
   [Clear CT: 0.8 ms]
   [Other: 1.9 ms]
      [Choose CSet: 0.0 ms]
      [Ref Proc: 0.3 ms]
      [Ref Enq: 0.0 ms]
      [Redirty Cards: 0.8 ms]
      [Humongous Register: 0.1 ms]
      [Humongous Reclaim: 0.0 ms]
      [Free CSet: 0.4 ms]
   [Eden: 291.0M(291.0M)->0.0B(116.0M) Survivors: 42.0M->42.0M Heap: 1040.4M(2048.0M)->1042.9M(2048.0M)]
 [Times: user=3.28 sys=0.02, real=0.42 secs] 
2020-09-29T12:28:30.312+0200: 81.638: [GC pause (G1 Humongous Allocation) (young) (initial-mark), 0.1364376 secs]
   [Parallel Time: 133.3 ms, GC Workers: 8]
      [GC Worker Start (ms): Min: 81638.7, Avg: 81638.9, Max: 81639.1, Diff: 0.3]
      [Ext Root Scanning (ms): Min: 0.0, Avg: 4.4, Max: 25.8, Diff: 25.8, Sum: 35.6]
      [Update RS (ms): Min: 55.5, Avg: 77.2, Max: 82.2, Diff: 26.7, Sum: 617.7]
         [Processed Buffers: Min: 29, Avg: 40.1, Max: 44, Diff: 15, Sum: 321]
      [Scan RS (ms): Min: 5.4, Avg: 6.1, Max: 6.6, Diff: 1.1, Sum: 48.6]
      [Code Root Scanning (ms): Min: 0.0, Avg: 0.0, Max: 0.0, Diff: 0.0, Sum: 0.0]
      [Object Copy (ms): Min: 45.0, Avg: 45.1, Max: 45.2, Diff: 0.2, Sum: 360.7]
      [Termination (ms): Min: 0.0, Avg: 0.0, Max: 0.1, Diff: 0.1, Sum: 0.4]
         [Termination Attempts: Min: 1, Avg: 122.1, Max: 162, Diff: 161, Sum: 977]
      [GC Worker Other (ms): Min: 0.0, Avg: 0.0, Max: 0.1, Diff: 0.1, Sum: 0.4]
      [GC Worker Total (ms): Min: 132.7, Avg: 132.9, Max: 133.1, Diff: 0.4, Sum: 1063.3]
      [GC Worker End (ms): Min: 81771.8, Avg: 81771.8, Max: 81771.8, Diff: 0.1]
   [Code Root Fixup: 0.0 ms]
   [Code Root Purge: 0.0 ms]
   [Clear CT: 1.7 ms]
   [Other: 1.4 ms]
      [Choose CSet: 0.0 ms]
      [Ref Proc: 0.3 ms]
      [Ref Enq: 0.0 ms]
      [Redirty Cards: 0.5 ms]
      [Humongous Register: 0.1 ms]
      [Humongous Reclaim: 0.0 ms]
      [Free CSet: 0.1 ms]
   [Eden: 2048.0K(116.0M)->0.0B(116.0M) Survivors: 42.0M->5120.0K Heap: 1044.4M(2048.0M)->1049.4M(2048.0M)]
 [Times: user=1.03 sys=0.00, real=0.14 secs] 
2020-09-29T12:28:30.448+0200: 81.775: [GC concurrent-root-region-scan-start]
2020-09-29T12:28:30.449+0200: 81.776: [GC concurrent-root-region-scan-end, 0.0010458 secs]
2020-09-29T12:28:30.449+0200: 81.776: [GC concurrent-mark-start]
2020-09-29T12:28:30.455+0200: 81.782: [GC concurrent-mark-end, 0.0061404 secs]
2020-09-29T12:28:30.456+0200: 81.783: [GC remark 2020-09-29T12:28:30.456+0200: 81.783: [Finalize Marking, 0.0002973 secs] 2020-09-29T12:28:30.456+0200: 81.783: [GC ref-proc, 0.0007906 secs] 2020-09-29T12:28:30.457+0200: 81.784: [Unloading, 0.0009079 secs], 0.0028282 secs]
 [Times: user=0.09 sys=0.00, real=0.00 secs] 
2020-09-29T12:28:30.460+0200: 81.786: [GC cleanup 1057M->22M(2048M), 0.0022059 secs]
 [Times: user=0.00 sys=0.00, real=0.00 secs] 
2020-09-29T12:28:30.462+0200: 81.789: [GC concurrent-cleanup-start]
2020-09-29T12:28:30.465+0200: 81.792: [GC concurrent-cleanup-end, 0.0029888 secs]
2020-09-29T12:28:30.589+0200: 81.916: [GC pause (G1 Evacuation Pause) (young), 0.1599069 secs]
   [Parallel Time: 157.9 ms, GC Workers: 8]
      [GC Worker Start (ms): Min: 81916.4, Avg: 81916.6, Max: 81916.8, Diff: 0.3]
      [Ext Root Scanning (ms): Min: 0.0, Avg: 0.1, Max: 0.3, Diff: 0.3, Sum: 1.1]
      [Update RS (ms): Min: 40.8, Avg: 40.9, Max: 41.2, Diff: 0.4, Sum: 327.5]
         [Processed Buffers: Min: 19, Avg: 21.1, Max: 23, Diff: 4, Sum: 169]
      [Scan RS (ms): Min: 0.0, Avg: 0.0, Max: 0.1, Diff: 0.1, Sum: 0.2]
      [Code Root Scanning (ms): Min: 0.0, Avg: 0.0, Max: 0.0, Diff: 0.0, Sum: 0.0]
      [Object Copy (ms): Min: 116.1, Avg: 116.3, Max: 116.4, Diff: 0.4, Sum: 930.4]
      [Termination (ms): Min: 0.0, Avg: 0.0, Max: 0.1, Diff: 0.1, Sum: 0.3]
         [Termination Attempts: Min: 1, Avg: 118.4, Max: 161, Diff: 160, Sum: 947]
      [GC Worker Other (ms): Min: 0.0, Avg: 0.1, Max: 0.1, Diff: 0.1, Sum: 0.4]
      [GC Worker Total (ms): Min: 157.3, Avg: 157.5, Max: 157.7, Diff: 0.3, Sum: 1259.9]
      [GC Worker End (ms): Min: 82074.1, Avg: 82074.1, Max: 82074.1, Diff: 0.1]
   [Code Root Fixup: 0.0 ms]
   [Code Root Purge: 0.0 ms]
   [Clear CT: 0.6 ms]
   [Other: 1.5 ms]
      [Choose CSet: 0.0 ms]
      [Ref Proc: 0.3 ms]
      [Ref Enq: 0.0 ms]
      [Redirty Cards: 0.5 ms]
      [Humongous Register: 0.1 ms]
      [Humongous Reclaim: 0.0 ms]
      [Free CSet: 0.2 ms]
   [Eden: 116.0M(116.0M)->0.0B(107.0M) Survivors: 5120.0K->16.0M Heap: 151.5M(2048.0M)->148.5M(2048.0M)]
 [Times: user=1.23 sys=0.02, real=0.16 secs] 
2020-09-29T12:28:30.879+0200: 82.206: [GC pause (G1 Evacuation Pause) (young), 0.1626707 secs]
   [Parallel Time: 160.4 ms, GC Workers: 8]
      [GC Worker Start (ms): Min: 82205.9, Avg: 82206.1, Max: 82206.2, Diff: 0.3]
      [Ext Root Scanning (ms): Min: 0.0, Avg: 0.1, Max: 0.3, Diff: 0.3, Sum: 1.1]
      [Update RS (ms): Min: 28.5, Avg: 28.9, Max: 29.5, Diff: 1.0, Sum: 231.0]
         [Processed Buffers: Min: 14, Avg: 14.9, Max: 17, Diff: 3, Sum: 119]
      [Scan RS (ms): Min: 5.6, Avg: 6.3, Max: 6.8, Diff: 1.2, Sum: 50.5]
      [Code Root Scanning (ms): Min: 0.0, Avg: 0.0, Max: 0.0, Diff: 0.0, Sum: 0.0]
      [Object Copy (ms): Min: 124.5, Avg: 124.6, Max: 124.7, Diff: 0.2, Sum: 996.5]
      [Termination (ms): Min: 0.0, Avg: 0.1, Max: 0.1, Diff: 0.1, Sum: 0.6]
         [Termination Attempts: Min: 1, Avg: 177.0, Max: 231, Diff: 230, Sum: 1416]
      [GC Worker Other (ms): Min: 0.0, Avg: 0.1, Max: 0.1, Diff: 0.1, Sum: 0.5]
      [GC Worker Total (ms): Min: 159.9, Avg: 160.0, Max: 160.2, Diff: 0.3, Sum: 1280.2]
      [GC Worker End (ms): Min: 82366.1, Avg: 82366.1, Max: 82366.1, Diff: 0.1]
   [Code Root Fixup: 0.0 ms]
   [Code Root Purge: 0.0 ms]
   [Clear CT: 0.5 ms]
   [Other: 1.8 ms]
      [Choose CSet: 0.0 ms]
      [Ref Proc: 0.5 ms]
      [Ref Enq: 0.0 ms]
      [Redirty Cards: 0.7 ms]
      [Humongous Register: 0.1 ms]
      [Humongous Reclaim: 0.0 ms]
      [Free CSet: 0.2 ms]
   [Eden: 107.0M(107.0M)->0.0B(106.0M) Survivors: 16.0M->16.0M Heap: 272.6M(2048.0M)->274.6M(2048.0M)]
 [Times: user=1.23 sys=0.00, real=0.16 secs] 
2020-09-29T12:28:31.169+0200: 82.495: [GC pause (G1 Evacuation Pause) (young), 0.1617088 secs]
   [Parallel Time: 159.9 ms, GC Workers: 8]
      [GC Worker Start (ms): Min: 82495.1, Avg: 82495.3, Max: 82495.4, Diff: 0.3]
      [Ext Root Scanning (ms): Min: 0.0, Avg: 0.1, Max: 0.3, Diff: 0.3, Sum: 1.0]
      [Update RS (ms): Min: 32.9, Avg: 33.2, Max: 33.7, Diff: 0.8, Sum: 266.0]
         [Processed Buffers: Min: 14, Avg: 16.4, Max: 19, Diff: 5, Sum: 131]
      [Scan RS (ms): Min: 3.8, Avg: 4.4, Max: 4.7, Diff: 0.9, Sum: 35.1]
      [Code Root Scanning (ms): Min: 0.0, Avg: 0.0, Max: 0.0, Diff: 0.0, Sum: 0.0]
      [Object Copy (ms): Min: 121.5, Avg: 121.6, Max: 121.7, Diff: 0.2, Sum: 973.1]
      [Termination (ms): Min: 0.0, Avg: 0.0, Max: 0.0, Diff: 0.0, Sum: 0.3]
         [Termination Attempts: Min: 1, Avg: 80.5, Max: 105, Diff: 104, Sum: 644]
      [GC Worker Other (ms): Min: 0.0, Avg: 0.1, Max: 0.2, Diff: 0.1, Sum: 0.7]
      [GC Worker Total (ms): Min: 159.4, Avg: 159.5, Max: 159.7, Diff: 0.4, Sum: 1276.1]
      [GC Worker End (ms): Min: 82654.7, Avg: 82654.8, Max: 82654.8, Diff: 0.1]
   [Code Root Fixup: 0.0 ms]
   [Code Root Purge: 0.0 ms]
   [Clear CT: 0.4 ms]
   [Other: 1.4 ms]
      [Choose CSet: 0.0 ms]
      [Ref Proc: 0.5 ms]
      [Ref Enq: 0.0 ms]
      [Redirty Cards: 0.4 ms]
      [Humongous Register: 0.1 ms]
      [Humongous Reclaim: 0.0 ms]
      [Free CSet: 0.1 ms]
   [Eden: 106.0M(106.0M)->0.0B(109.0M) Survivors: 16.0M->16.0M Heap: 397.8M(2048.0M)->399.8M(2048.0M)]
 [Times: user=1.25 sys=0.00, real=0.16 secs] 
2020-09-29T12:28:31.459+0200: 82.785: [GC pause (G1 Evacuation Pause) (young), 0.1660994 secs]
   [Parallel Time: 164.0 ms, GC Workers: 8]
      [GC Worker Start (ms): Min: 82785.3, Avg: 82785.5, Max: 82785.6, Diff: 0.3]
      [Ext Root Scanning (ms): Min: 0.0, Avg: 0.1, Max: 0.3, Diff: 0.3, Sum: 1.0]
      [Update RS (ms): Min: 26.5, Avg: 26.7, Max: 27.1, Diff: 0.6, Sum: 213.5]
         [Processed Buffers: Min: 13, Avg: 14.4, Max: 17, Diff: 4, Sum: 115]
      [Scan RS (ms): Min: 7.7, Avg: 9.1, Max: 15.7, Diff: 7.9, Sum: 72.9]
      [Code Root Scanning (ms): Min: 0.0, Avg: 0.0, Max: 0.0, Diff: 0.0, Sum: 0.0]
      [Object Copy (ms): Min: 120.9, Avg: 127.3, Max: 128.3, Diff: 7.4, Sum: 1018.5]
      [Termination (ms): Min: 0.0, Avg: 0.2, Max: 0.2, Diff: 0.2, Sum: 1.3]
         [Termination Attempts: Min: 1, Avg: 465.4, Max: 573, Diff: 572, Sum: 3723]
      [GC Worker Other (ms): Min: 0.0, Avg: 0.1, Max: 0.1, Diff: 0.1, Sum: 0.5]
      [GC Worker Total (ms): Min: 163.3, Avg: 163.5, Max: 163.6, Diff: 0.3, Sum: 1307.8]
      [GC Worker End (ms): Min: 82948.9, Avg: 82948.9, Max: 82949.0, Diff: 0.1]
   [Code Root Fixup: 0.0 ms]
   [Code Root Purge: 0.0 ms]
   [Clear CT: 0.6 ms]
   [Other: 1.5 ms]
      [Choose CSet: 0.0 ms]
      [Ref Proc: 0.5 ms]
      [Ref Enq: 0.0 ms]
      [Redirty Cards: 0.4 ms]
      [Humongous Register: 0.1 ms]
      [Humongous Reclaim: 0.0 ms]
      [Free CSet: 0.2 ms]
   [Eden: 109.0M(109.0M)->0.0B(111.0M) Survivors: 16.0M->16.0M Heap: 527.9M(2048.0M)->529.9M(2048.0M)]
 [Times: user=1.25 sys=0.00, real=0.17 secs] 
2020-09-29T12:28:31.761+0200: 83.087: [GC pause (G1 Evacuation Pause) (young), 0.1604686 secs]
   [Parallel Time: 158.6 ms, GC Workers: 8]
      [GC Worker Start (ms): Min: 83087.7, Avg: 83087.8, Max: 83087.9, Diff: 0.2]
      [Ext Root Scanning (ms): Min: 0.1, Avg: 0.2, Max: 0.3, Diff: 0.2, Sum: 1.3]
      [Update RS (ms): Min: 23.1, Avg: 24.0, Max: 24.6, Diff: 1.5, Sum: 191.8]
         [Processed Buffers: Min: 11, Avg: 12.0, Max: 13, Diff: 2, Sum: 96]
      [Scan RS (ms): Min: 8.0, Avg: 8.6, Max: 9.6, Diff: 1.6, Sum: 69.2]
      [Code Root Scanning (ms): Min: 0.0, Avg: 0.0, Max: 0.0, Diff: 0.0, Sum: 0.0]
      [Object Copy (ms): Min: 125.3, Avg: 125.3, Max: 125.4, Diff: 0.2, Sum: 1002.8]
      [Termination (ms): Min: 0.0, Avg: 0.0, Max: 0.0, Diff: 0.0, Sum: 0.2]
         [Termination Attempts: Min: 1, Avg: 70.3, Max: 109, Diff: 108, Sum: 562]
      [GC Worker Other (ms): Min: 0.0, Avg: 0.1, Max: 0.1, Diff: 0.1, Sum: 0.4]
      [GC Worker Total (ms): Min: 158.1, Avg: 158.2, Max: 158.4, Diff: 0.3, Sum: 1265.7]
      [GC Worker End (ms): Min: 83246.0, Avg: 83246.0, Max: 83246.1, Diff: 0.1]
   [Code Root Fixup: 0.0 ms]
   [Code Root Purge: 0.0 ms]
   [Clear CT: 0.4 ms]
   [Other: 1.5 ms]
      [Choose CSet: 0.0 ms]
      [Ref Proc: 0.4 ms]
      [Ref Enq: 0.0 ms]
      [Redirty Cards: 0.4 ms]
      [Humongous Register: 0.1 ms]
      [Humongous Reclaim: 0.0 ms]
      [Free CSet: 0.2 ms]
   [Eden: 111.0M(111.0M)->0.0B(116.0M) Survivors: 16.0M->16.0M Heap: 658.1M(2048.0M)->659.6M(2048.0M)]
 [Times: user=1.25 sys=0.00, real=0.16 secs] 
2020-09-29T12:28:32.069+0200: 83.395: [GC pause (G1 Evacuation Pause) (young), 0.1712298 secs]
   [Parallel Time: 169.3 ms, GC Workers: 8]
      [GC Worker Start (ms): Min: 83395.5, Avg: 83395.6, Max: 83395.7, Diff: 0.2]
      [Ext Root Scanning (ms): Min: 0.0, Avg: 0.1, Max: 0.3, Diff: 0.2, Sum: 1.1]
      [Update RS (ms): Min: 22.9, Avg: 23.3, Max: 24.6, Diff: 1.7, Sum: 186.6]
         [Processed Buffers: Min: 10, Avg: 12.9, Max: 15, Diff: 5, Sum: 103]
      [Scan RS (ms): Min: 9.2, Avg: 10.5, Max: 10.9, Diff: 1.6, Sum: 84.2]
      [Code Root Scanning (ms): Min: 0.0, Avg: 0.0, Max: 0.0, Diff: 0.0, Sum: 0.0]
      [Object Copy (ms): Min: 134.7, Avg: 134.8, Max: 134.9, Diff: 0.2, Sum: 1078.3]
      [Termination (ms): Min: 0.0, Avg: 0.0, Max: 0.0, Diff: 0.0, Sum: 0.2]
         [Termination Attempts: Min: 1, Avg: 47.3, Max: 66, Diff: 65, Sum: 378]
      [GC Worker Other (ms): Min: 0.0, Avg: 0.0, Max: 0.1, Diff: 0.0, Sum: 0.3]
      [GC Worker Total (ms): Min: 168.7, Avg: 168.8, Max: 169.0, Diff: 0.2, Sum: 1350.6]
      [GC Worker End (ms): Min: 83564.4, Avg: 83564.4, Max: 83564.5, Diff: 0.0]
   [Code Root Fixup: 0.0 ms]
   [Code Root Purge: 0.0 ms]
   [Clear CT: 0.4 ms]
   [Other: 1.6 ms]
      [Choose CSet: 0.0 ms]
      [Ref Proc: 0.4 ms]
      [Ref Enq: 0.0 ms]
      [Redirty Cards: 0.5 ms]
      [Humongous Register: 0.1 ms]
      [Humongous Reclaim: 0.0 ms]
      [Free CSet: 0.2 ms]
   [Eden: 116.0M(116.0M)->0.0B(118.0M) Survivors: 16.0M->17.0M Heap: 796.5M(2048.0M)->799.5M(2048.0M)]
 [Times: user=1.25 sys=0.00, real=0.17 secs] 
2020-09-29T12:28:32.388+0200: 83.714: [GC pause (G1 Evacuation Pause) (young), 0.1752697 secs]
   [Parallel Time: 173.4 ms, GC Workers: 8]
      [GC Worker Start (ms): Min: 83714.6, Avg: 83714.8, Max: 83715.0, Diff: 0.3]
      [Ext Root Scanning (ms): Min: 0.0, Avg: 0.1, Max: 0.3, Diff: 0.3, Sum: 1.1]
      [Update RS (ms): Min: 17.0, Avg: 17.4, Max: 18.4, Diff: 1.4, Sum: 139.1]
         [Processed Buffers: Min: 9, Avg: 9.6, Max: 11, Diff: 2, Sum: 77]
      [Scan RS (ms): Min: 12.1, Avg: 13.2, Max: 13.6, Diff: 1.5, Sum: 105.4]
      [Code Root Scanning (ms): Min: 0.0, Avg: 0.0, Max: 0.0, Diff: 0.0, Sum: 0.0]
      [Object Copy (ms): Min: 141.8, Avg: 141.9, Max: 142.1, Diff: 0.2, Sum: 1135.2]
      [Termination (ms): Min: 0.0, Avg: 0.2, Max: 0.2, Diff: 0.2, Sum: 1.3]
         [Termination Attempts: Min: 1, Avg: 430.6, Max: 553, Diff: 552, Sum: 3445]
      [GC Worker Other (ms): Min: 0.0, Avg: 0.0, Max: 0.1, Diff: 0.1, Sum: 0.4]
      [GC Worker Total (ms): Min: 172.6, Avg: 172.8, Max: 173.0, Diff: 0.3, Sum: 1382.4]
      [GC Worker End (ms): Min: 83887.6, Avg: 83887.6, Max: 83887.7, Diff: 0.1]
   [Code Root Fixup: 0.0 ms]
   [Code Root Purge: 0.0 ms]
   [Clear CT: 0.4 ms]
   [Other: 1.5 ms]
      [Choose CSet: 0.0 ms]
      [Ref Proc: 0.4 ms]
      [Ref Enq: 0.0 ms]
      [Redirty Cards: 0.5 ms]
      [Humongous Register: 0.1 ms]
      [Humongous Reclaim: 0.0 ms]
      [Free CSet: 0.2 ms]
   [Eden: 118.0M(118.0M)->0.0B(119.0M) Survivors: 17.0M->17.0M Heap: 936.6M(2048.0M)->939.1M(2048.0M)]
 [Times: user=1.38 sys=0.00, real=0.17 secs] 
2020-09-29T12:28:32.572+0200: 83.898: [GC pause (G1 Humongous Allocation) (young) (initial-mark), 0.0630855 secs]
   [Parallel Time: 61.0 ms, GC Workers: 8]
      [GC Worker Start (ms): Min: 83898.7, Avg: 83898.8, Max: 83898.9, Diff: 0.2]
      [Ext Root Scanning (ms): Min: 0.1, Avg: 0.2, Max: 0.3, Diff: 0.2, Sum: 1.5]
      [Update RS (ms): Min: 34.8, Avg: 35.2, Max: 36.5, Diff: 1.8, Sum: 281.3]
         [Processed Buffers: Min: 19, Avg: 19.3, Max: 20, Diff: 1, Sum: 154]
      [Scan RS (ms): Min: 1.0, Avg: 2.3, Max: 2.8, Diff: 1.7, Sum: 18.5]
      [Code Root Scanning (ms): Min: 0.0, Avg: 0.0, Max: 0.0, Diff: 0.0, Sum: 0.0]
      [Object Copy (ms): Min: 22.8, Avg: 22.9, Max: 23.0, Diff: 0.2, Sum: 183.0]
      [Termination (ms): Min: 0.0, Avg: 0.0, Max: 0.0, Diff: 0.0, Sum: 0.1]
         [Termination Attempts: Min: 1, Avg: 41.6, Max: 60, Diff: 59, Sum: 333]
      [GC Worker Other (ms): Min: 0.0, Avg: 0.0, Max: 0.1, Diff: 0.1, Sum: 0.3]
      [GC Worker Total (ms): Min: 60.5, Avg: 60.6, Max: 60.7, Diff: 0.2, Sum: 484.9]
      [GC Worker End (ms): Min: 83959.4, Avg: 83959.4, Max: 83959.4, Diff: 0.0]
   [Code Root Fixup: 0.0 ms]
   [Code Root Purge: 0.0 ms]
   [Clear CT: 0.7 ms]
   [Other: 1.4 ms]
      [Choose CSet: 0.0 ms]
      [Ref Proc: 0.3 ms]
      [Ref Enq: 0.0 ms]
      [Redirty Cards: 0.6 ms]
      [Humongous Register: 0.0 ms]
      [Humongous Reclaim: 0.0 ms]
      [Free CSet: 0.1 ms]
   [Eden: 7168.0K(119.0M)->0.0B(136.0M) Survivors: 17.0M->9216.0K Heap: 946.1M(2048.0M)->950.1M(2048.0M)]
 [Times: user=0.50 sys=0.00, real=0.06 secs] 
2020-09-29T12:28:32.635+0200: 83.962: [GC concurrent-root-region-scan-start]
2020-09-29T12:28:32.639+0200: 83.966: [GC concurrent-root-region-scan-end, 0.0038048 secs]
2020-09-29T12:28:32.639+0200: 83.966: [GC concurrent-mark-start]
2020-09-29T12:28:32.644+0200: 83.970: [GC concurrent-mark-end, 0.0047050 secs]
2020-09-29T12:28:32.644+0200: 83.971: [GC remark 2020-09-29T12:28:32.644+0200: 83.971: [Finalize Marking, 0.0003774 secs] 2020-09-29T12:28:32.645+0200: 83.971: [GC ref-proc, 0.0008596 secs] 2020-09-29T12:28:32.646+0200: 83.972: [Unloading, 0.0013193 secs], 0.0032322 secs]
 [Times: user=0.06 sys=0.01, real=0.00 secs] 
2020-09-29T12:28:32.648+0200: 83.975: [GC cleanup 959M->27M(2048M), 0.0031404 secs]
 [Times: user=0.00 sys=0.00, real=0.00 secs] 
2020-09-29T12:28:32.652+0200: 83.978: [GC concurrent-cleanup-start]
2020-09-29T12:28:32.654+0200: 83.980: [GC concurrent-cleanup-end, 0.0022531 secs]
2020-09-29T12:28:32.805+0200: 84.132: [GC pause (G1 Evacuation Pause) (young), 0.1718865 secs]
   [Parallel Time: 170.0 ms, GC Workers: 8]
      [GC Worker Start (ms): Min: 84131.7, Avg: 84131.9, Max: 84132.0, Diff: 0.3]
      [Ext Root Scanning (ms): Min: 0.0, Avg: 0.1, Max: 0.3, Diff: 0.3, Sum: 1.0]
      [Update RS (ms): Min: 19.8, Avg: 20.8, Max: 21.5, Diff: 1.7, Sum: 166.4]
         [Processed Buffers: Min: 9, Avg: 10.0, Max: 11, Diff: 2, Sum: 80]
      [Scan RS (ms): Min: 11.3, Avg: 12.1, Max: 13.0, Diff: 1.7, Sum: 96.7]
      [Code Root Scanning (ms): Min: 0.0, Avg: 0.0, Max: 0.0, Diff: 0.0, Sum: 0.0]
      [Object Copy (ms): Min: 136.0, Avg: 136.2, Max: 136.5, Diff: 0.4, Sum: 1089.6]
      [Termination (ms): Min: 0.0, Avg: 0.2, Max: 0.3, Diff: 0.3, Sum: 1.8]
         [Termination Attempts: Min: 1, Avg: 619.4, Max: 808, Diff: 807, Sum: 4955]
      [GC Worker Other (ms): Min: 0.0, Avg: 0.1, Max: 0.1, Diff: 0.1, Sum: 0.5]
      [GC Worker Total (ms): Min: 169.4, Avg: 169.5, Max: 169.7, Diff: 0.3, Sum: 1356.1]
      [GC Worker End (ms): Min: 84301.4, Avg: 84301.4, Max: 84301.4, Diff: 0.1]
   [Code Root Fixup: 0.0 ms]
   [Code Root Purge: 0.0 ms]
   [Clear CT: 0.4 ms]
   [Other: 1.5 ms]
      [Choose CSet: 0.0 ms]
      [Ref Proc: 0.4 ms]
      [Ref Enq: 0.0 ms]
      [Redirty Cards: 0.3 ms]
      [Humongous Register: 0.1 ms]
      [Humongous Reclaim: 0.0 ms]
      [Free CSet: 0.3 ms]
   [Eden: 136.0M(136.0M)->0.0B(126.0M) Survivors: 9216.0K->19.0M Heap: 177.9M(2048.0M)->170.4M(2048.0M)]
 [Times: user=1.36 sys=0.00, real=0.17 secs] 
2020-09-29T12:28:33.135+0200: 84.462: [GC pause (G1 Evacuation Pause) (young), 0.1767604 secs]
   [Parallel Time: 174.8 ms, GC Workers: 8]
      [GC Worker Start (ms): Min: 84462.2, Avg: 84462.4, Max: 84462.5, Diff: 0.3]
      [Ext Root Scanning (ms): Min: 0.0, Avg: 0.1, Max: 0.3, Diff: 0.3, Sum: 1.1]
      [Update RS (ms): Min: 17.0, Avg: 18.0, Max: 18.8, Diff: 1.8, Sum: 144.1]
         [Processed Buffers: Min: 8, Avg: 9.0, Max: 10, Diff: 2, Sum: 72]
      [Scan RS (ms): Min: 13.8, Avg: 14.6, Max: 15.5, Diff: 1.7, Sum: 116.5]
      [Code Root Scanning (ms): Min: 0.0, Avg: 0.0, Max: 0.0, Diff: 0.0, Sum: 0.0]
      [Object Copy (ms): Min: 141.4, Avg: 141.5, Max: 141.6, Diff: 0.2, Sum: 1132.2]
      [Termination (ms): Min: 0.0, Avg: 0.0, Max: 0.0, Diff: 0.0, Sum: 0.1]
         [Termination Attempts: Min: 1, Avg: 33.9, Max: 56, Diff: 55, Sum: 271]
      [GC Worker Other (ms): Min: 0.0, Avg: 0.0, Max: 0.1, Diff: 0.1, Sum: 0.3]
      [GC Worker Total (ms): Min: 174.2, Avg: 174.3, Max: 174.5, Diff: 0.3, Sum: 1394.3]
      [GC Worker End (ms): Min: 84636.7, Avg: 84636.7, Max: 84636.7, Diff: 0.1]
   [Code Root Fixup: 0.0 ms]
   [Code Root Purge: 0.0 ms]
   [Clear CT: 0.5 ms]
   [Other: 1.5 ms]
      [Choose CSet: 0.0 ms]
      [Ref Proc: 0.4 ms]
      [Ref Enq: 0.0 ms]
      [Redirty Cards: 0.5 ms]
      [Humongous Register: 0.1 ms]
      [Humongous Reclaim: 0.0 ms]
      [Free CSet: 0.2 ms]
   [Eden: 126.0M(126.0M)->0.0B(125.0M) Survivors: 19.0M->19.0M Heap: 317.4M(2048.0M)->319.4M(2048.0M)]
 [Times: user=1.38 sys=0.00, real=0.18 secs] 
2020-09-29T12:28:33.462+0200: 84.789: [GC pause (G1 Evacuation Pause) (young), 0.1822089 secs]
   [Parallel Time: 180.3 ms, GC Workers: 8]
      [GC Worker Start (ms): Min: 84788.7, Avg: 84788.9, Max: 84789.1, Diff: 0.3]
      [Ext Root Scanning (ms): Min: 0.0, Avg: 0.1, Max: 0.3, Diff: 0.3, Sum: 1.1]
      [Update RS (ms): Min: 15.0, Avg: 15.8, Max: 16.8, Diff: 1.8, Sum: 126.0]
         [Processed Buffers: Min: 7, Avg: 8.1, Max: 10, Diff: 3, Sum: 65]
      [Scan RS (ms): Min: 15.0, Avg: 16.1, Max: 16.9, Diff: 1.9, Sum: 129.1]
      [Code Root Scanning (ms): Min: 0.0, Avg: 0.0, Max: 0.0, Diff: 0.0, Sum: 0.0]
      [Object Copy (ms): Min: 147.5, Avg: 147.6, Max: 147.7, Diff: 0.2, Sum: 1181.0]
      [Termination (ms): Min: 0.0, Avg: 0.1, Max: 0.1, Diff: 0.1, Sum: 0.6]
         [Termination Attempts: Min: 1, Avg: 179.8, Max: 224, Diff: 223, Sum: 1438]
      [GC Worker Other (ms): Min: 0.0, Avg: 0.0, Max: 0.1, Diff: 0.1, Sum: 0.4]
      [GC Worker Total (ms): Min: 179.6, Avg: 179.8, Max: 179.9, Diff: 0.3, Sum: 1438.1]
      [GC Worker End (ms): Min: 84968.7, Avg: 84968.7, Max: 84968.7, Diff: 0.1]
   [Code Root Fixup: 0.0 ms]
   [Code Root Purge: 0.0 ms]
   [Clear CT: 0.4 ms]
   [Other: 1.6 ms]
      [Choose CSet: 0.0 ms]
      [Ref Proc: 0.4 ms]
      [Ref Enq: 0.0 ms]
      [Redirty Cards: 0.4 ms]
      [Humongous Register: 0.1 ms]
      [Humongous Reclaim: 0.0 ms]
      [Free CSet: 0.3 ms]
   [Eden: 125.0M(125.0M)->0.0B(123.0M) Survivors: 19.0M->18.0M Heap: 465.4M(2048.0M)->467.9M(2048.0M)]
 [Times: user=1.34 sys=0.00, real=0.18 secs] 
2020-09-29T12:28:33.802+0200: 85.129: [GC pause (G1 Evacuation Pause) (young), 0.1652417 secs]
   [Parallel Time: 163.0 ms, GC Workers: 8]
      [GC Worker Start (ms): Min: 85128.9, Avg: 85129.1, Max: 85129.2, Diff: 0.3]
      [Ext Root Scanning (ms): Min: 0.0, Avg: 0.1, Max: 0.3, Diff: 0.3, Sum: 1.1]
      [Update RS (ms): Min: 21.0, Avg: 21.4, Max: 22.4, Diff: 1.4, Sum: 171.6]
         [Processed Buffers: Min: 10, Avg: 11.5, Max: 13, Diff: 3, Sum: 92]
      [Scan RS (ms): Min: 11.2, Avg: 12.1, Max: 12.6, Diff: 1.4, Sum: 97.1]
      [Code Root Scanning (ms): Min: 0.0, Avg: 0.0, Max: 0.0, Diff: 0.0, Sum: 0.0]
      [Object Copy (ms): Min: 128.6, Avg: 128.7, Max: 128.8, Diff: 0.2, Sum: 1029.8]
      [Termination (ms): Min: 0.0, Avg: 0.1, Max: 0.1, Diff: 0.1, Sum: 0.7]
         [Termination Attempts: Min: 1, Avg: 20.1, Max: 33, Diff: 32, Sum: 161]
      [GC Worker Other (ms): Min: 0.0, Avg: 0.0, Max: 0.0, Diff: 0.0, Sum: 0.2]
      [GC Worker Total (ms): Min: 162.4, Avg: 162.5, Max: 162.8, Diff: 0.3, Sum: 1300.4]
      [GC Worker End (ms): Min: 85291.6, Avg: 85291.6, Max: 85291.7, Diff: 0.0]
   [Code Root Fixup: 0.0 ms]
   [Code Root Purge: 0.0 ms]
   [Clear CT: 0.7 ms]
   [Other: 1.5 ms]
      [Choose CSet: 0.0 ms]
      [Ref Proc: 0.5 ms]
      [Ref Enq: 0.0 ms]
      [Redirty Cards: 0.4 ms]
      [Humongous Register: 0.1 ms]
      [Humongous Reclaim: 0.0 ms]
      [Free CSet: 0.2 ms]
   [Eden: 123.0M(123.0M)->0.0B(128.0M) Survivors: 18.0M->18.0M Heap: 611.8M(2048.0M)->613.3M(2048.0M)]
 [Times: user=1.25 sys=0.00, real=0.17 secs] 
2020-09-29T12:28:34.135+0200: 85.462: [GC pause (G1 Evacuation Pause) (young), 0.1704847 secs]
   [Parallel Time: 168.7 ms, GC Workers: 8]
      [GC Worker Start (ms): Min: 85461.7, Avg: 85461.9, Max: 85462.0, Diff: 0.3]
      [Ext Root Scanning (ms): Min: 0.0, Avg: 0.1, Max: 0.3, Diff: 0.3, Sum: 1.1]
      [Update RS (ms): Min: 15.4, Avg: 15.8, Max: 16.6, Diff: 1.2, Sum: 126.7]
         [Processed Buffers: Min: 7, Avg: 8.4, Max: 12, Diff: 5, Sum: 67]
      [Scan RS (ms): Min: 14.5, Avg: 15.3, Max: 15.7, Diff: 1.2, Sum: 122.4]
      [Code Root Scanning (ms): Min: 0.0, Avg: 0.0, Max: 0.0, Diff: 0.0, Sum: 0.0]
      [Object Copy (ms): Min: 136.6, Avg: 136.8, Max: 136.9, Diff: 0.3, Sum: 1094.2]
      [Termination (ms): Min: 0.0, Avg: 0.1, Max: 0.1, Diff: 0.1, Sum: 0.6]
         [Termination Attempts: Min: 1, Avg: 184.0, Max: 257, Diff: 256, Sum: 1472]
      [GC Worker Other (ms): Min: 0.0, Avg: 0.1, Max: 0.1, Diff: 0.1, Sum: 0.5]
      [GC Worker Total (ms): Min: 168.0, Avg: 168.2, Max: 168.3, Diff: 0.3, Sum: 1345.5]
      [GC Worker End (ms): Min: 85630.0, Avg: 85630.1, Max: 85630.1, Diff: 0.1]
   [Code Root Fixup: 0.0 ms]
   [Code Root Purge: 0.0 ms]
   [Clear CT: 0.4 ms]
   [Other: 1.4 ms]
      [Choose CSet: 0.0 ms]
      [Ref Proc: 0.3 ms]
      [Ref Enq: 0.0 ms]
      [Redirty Cards: 0.6 ms]
      [Humongous Register: 0.1 ms]
      [Humongous Reclaim: 0.0 ms]
      [Free CSet: 0.2 ms]
   [Eden: 128.0M(128.0M)->0.0B(129.0M) Survivors: 18.0M->19.0M Heap: 762.3M(2048.0M)->763.8M(2048.0M)]
 [Times: user=1.34 sys=0.03, real=0.17 secs] 
2020-09-29T12:28:34.463+0200: 85.789: [GC pause (G1 Evacuation Pause) (young), 0.1914917 secs]
   [Parallel Time: 187.4 ms, GC Workers: 8]
      [GC Worker Start (ms): Min: 85789.6, Avg: 85789.8, Max: 85789.9, Diff: 0.3]
      [Ext Root Scanning (ms): Min: 0.0, Avg: 0.1, Max: 0.3, Diff: 0.3, Sum: 1.0]
      [Update RS (ms): Min: 17.3, Avg: 17.5, Max: 18.2, Diff: 0.8, Sum: 140.3]
         [Processed Buffers: Min: 8, Avg: 10.4, Max: 12, Diff: 4, Sum: 83]
      [Scan RS (ms): Min: 16.2, Avg: 16.7, Max: 19.1, Diff: 2.9, Sum: 133.9]
      [Code Root Scanning (ms): Min: 0.0, Avg: 0.0, Max: 0.0, Diff: 0.0, Sum: 0.0]
      [Object Copy (ms): Min: 149.3, Avg: 152.3, Max: 152.8, Diff: 3.5, Sum: 1218.5]
      [Termination (ms): Min: 0.0, Avg: 0.1, Max: 0.1, Diff: 0.1, Sum: 0.6]
         [Termination Attempts: Min: 1, Avg: 217.8, Max: 284, Diff: 283, Sum: 1742]
      [GC Worker Other (ms): Min: 0.0, Avg: 0.1, Max: 0.1, Diff: 0.1, Sum: 0.6]
      [GC Worker Total (ms): Min: 186.8, Avg: 186.9, Max: 187.0, Diff: 0.2, Sum: 1495.0]
      [GC Worker End (ms): Min: 85976.6, Avg: 85976.7, Max: 85976.7, Diff: 0.1]
   [Code Root Fixup: 0.0 ms]
   [Code Root Purge: 0.0 ms]
   [Clear CT: 0.8 ms]
   [Other: 3.3 ms]
      [Choose CSet: 0.0 ms]
      [Ref Proc: 1.0 ms]
      [Ref Enq: 0.0 ms]
      [Redirty Cards: 1.5 ms]
      [Humongous Register: 0.1 ms]
      [Humongous Reclaim: 0.0 ms]
      [Free CSet: 0.4 ms]
   [Eden: 129.0M(129.0M)->0.0B(124.0M) Survivors: 19.0M->19.0M Heap: 915.7M(2048.0M)->917.2M(2048.0M)]
 [Times: user=1.50 sys=0.00, real=0.19 secs] 
2020-09-29T12:28:34.919+0200: 86.245: [GC pause (G1 Humongous Allocation) (young) (initial-mark), 0.2920710 secs]
   [Parallel Time: 288.6 ms, GC Workers: 8]
      [GC Worker Start (ms): Min: 86245.8, Avg: 86246.0, Max: 86246.3, Diff: 0.5]
      [Ext Root Scanning (ms): Min: 0.0, Avg: 0.5, Max: 0.8, Diff: 0.7, Sum: 4.2]
      [Update RS (ms): Min: 37.4, Avg: 38.9, Max: 40.8, Diff: 3.4, Sum: 311.1]
         [Processed Buffers: Min: 10, Avg: 10.5, Max: 11, Diff: 1, Sum: 84]
      [Scan RS (ms): Min: 16.3, Avg: 18.4, Max: 19.6, Diff: 3.3, Sum: 147.6]
      [Code Root Scanning (ms): Min: 0.0, Avg: 0.0, Max: 0.0, Diff: 0.0, Sum: 0.0]
      [Object Copy (ms): Min: 228.1, Avg: 229.5, Max: 230.1, Diff: 1.9, Sum: 1835.9]
      [Termination (ms): Min: 0.0, Avg: 0.5, Max: 0.6, Diff: 0.6, Sum: 3.9]
         [Termination Attempts: Min: 1, Avg: 848.1, Max: 1094, Diff: 1093, Sum: 6785]
      [GC Worker Other (ms): Min: 0.0, Avg: 0.1, Max: 0.1, Diff: 0.1, Sum: 0.6]
      [GC Worker Total (ms): Min: 287.6, Avg: 287.9, Max: 288.1, Diff: 0.5, Sum: 2303.2]
      [GC Worker End (ms): Min: 86533.9, Avg: 86533.9, Max: 86534.0, Diff: 0.1]
   [Code Root Fixup: 0.0 ms]
   [Code Root Purge: 0.0 ms]
   [Clear CT: 0.8 ms]
   [Other: 2.6 ms]
      [Choose CSet: 0.0 ms]
      [Ref Proc: 0.8 ms]
      [Ref Enq: 0.0 ms]
      [Redirty Cards: 0.8 ms]
      [Humongous Register: 0.1 ms]
      [Humongous Reclaim: 0.0 ms]
      [Free CSet: 0.4 ms]
   [Eden: 103.0M(124.0M)->0.0B(84.0M) Survivors: 19.0M->18.0M Heap: 1035.5M(2048.0M)->1037.5M(2048.0M)]
 [Times: user=2.16 sys=0.02, real=0.29 secs] 
2020-09-29T12:28:35.212+0200: 86.538: [GC concurrent-root-region-scan-start]
2020-09-29T12:28:35.236+0200: 86.563: [GC concurrent-root-region-scan-end, 0.0245499 secs]
2020-09-29T12:28:35.236+0200: 86.563: [GC concurrent-mark-start]
2020-09-29T12:28:35.254+0200: 86.580: [GC concurrent-mark-end, 0.0168641 secs]
2020-09-29T12:28:35.254+0200: 86.581: [GC remark 2020-09-29T12:28:35.255+0200: 86.581: [Finalize Marking, 0.0009177 secs] 2020-09-29T12:28:35.256+0200: 86.582: [GC ref-proc, 0.0018205 secs] 2020-09-29T12:28:35.258+0200: 86.584: [Unloading, 0.0019069 secs], 0.0062200 secs]
 [Times: user=0.00 sys=0.02, real=0.01 secs] 
2020-09-29T12:28:35.262+0200: 86.589: [GC cleanup 1054M->44M(2048M), 0.0051895 secs]
 [Times: user=0.00 sys=0.00, real=0.01 secs] 
2020-09-29T12:28:35.268+0200: 86.594: [GC concurrent-cleanup-start]
2020-09-29T12:28:35.273+0200: 86.599: [GC concurrent-cleanup-end, 0.0046937 secs]
2020-09-29T12:28:35.417+0200: 86.744: [GC pause (G1 Evacuation Pause) (young), 0.2015912 secs]
   [Parallel Time: 198.5 ms, GC Workers: 8]
      [GC Worker Start (ms): Min: 86744.3, Avg: 86744.6, Max: 86744.8, Diff: 0.5]
      [Ext Root Scanning (ms): Min: 0.0, Avg: 0.2, Max: 0.5, Diff: 0.5, Sum: 1.7]
      [Update RS (ms): Min: 30.1, Avg: 31.0, Max: 33.2, Diff: 3.1, Sum: 248.3]
         [Processed Buffers: Min: 9, Avg: 10.0, Max: 12, Diff: 3, Sum: 80]
      [Scan RS (ms): Min: 7.0, Avg: 9.3, Max: 10.4, Diff: 3.4, Sum: 74.5]
      [Code Root Scanning (ms): Min: 0.0, Avg: 0.0, Max: 0.0, Diff: 0.0, Sum: 0.0]
      [Object Copy (ms): Min: 156.6, Avg: 156.7, Max: 157.3, Diff: 0.7, Sum: 1254.0]
      [Termination (ms): Min: 0.0, Avg: 0.4, Max: 0.5, Diff: 0.5, Sum: 3.3]
         [Termination Attempts: Min: 1, Avg: 770.0, Max: 934, Diff: 933, Sum: 6160]
      [GC Worker Other (ms): Min: 0.0, Avg: 0.1, Max: 0.2, Diff: 0.1, Sum: 0.6]
      [GC Worker Total (ms): Min: 197.6, Avg: 197.8, Max: 198.0, Diff: 0.4, Sum: 1582.3]
      [GC Worker End (ms): Min: 86942.3, Avg: 86942.4, Max: 86942.5, Diff: 0.1]
   [Code Root Fixup: 0.0 ms]
   [Code Root Purge: 0.0 ms]
   [Clear CT: 0.7 ms]
   [Other: 2.3 ms]
      [Choose CSet: 0.0 ms]
      [Ref Proc: 0.7 ms]
      [Ref Enq: 0.0 ms]
      [Redirty Cards: 0.7 ms]
      [Humongous Register: 0.1 ms]
      [Humongous Reclaim: 0.0 ms]
      [Free CSet: 0.3 ms]
   [Eden: 84.0M(84.0M)->0.0B(89.0M) Survivors: 18.0M->13.0M Heap: 127.3M(2048.0M)->111.3M(2048.0M)]
 [Times: user=1.61 sys=0.00, real=0.20 secs] 
2020-09-29T12:28:35.810+0200: 87.138: [GC pause (G1 Evacuation Pause) (young), 0.2593056 secs]
   [Parallel Time: 252.8 ms, GC Workers: 8]
      [GC Worker Start (ms): Min: 87137.8, Avg: 87138.1, Max: 87138.3, Diff: 0.5]
      [Ext Root Scanning (ms): Min: 0.0, Avg: 0.2, Max: 0.5, Diff: 0.5, Sum: 1.7]
      [Update RS (ms): Min: 35.1, Avg: 36.0, Max: 37.9, Diff: 2.8, Sum: 288.0]
         [Processed Buffers: Min: 6, Avg: 10.1, Max: 15, Diff: 9, Sum: 81]
      [Scan RS (ms): Min: 13.1, Avg: 15.0, Max: 16.1, Diff: 3.0, Sum: 119.8]
      [Code Root Scanning (ms): Min: 0.0, Avg: 0.0, Max: 0.0, Diff: 0.0, Sum: 0.0]
      [Object Copy (ms): Min: 200.1, Avg: 200.4, Max: 200.9, Diff: 0.8, Sum: 1602.8]
      [Termination (ms): Min: 0.0, Avg: 0.4, Max: 0.5, Diff: 0.5, Sum: 3.3]
         [Termination Attempts: Min: 1, Avg: 670.3, Max: 840, Diff: 839, Sum: 5362]
      [GC Worker Other (ms): Min: 0.0, Avg: 0.1, Max: 0.1, Diff: 0.1, Sum: 0.5]
      [GC Worker Total (ms): Min: 251.8, Avg: 252.0, Max: 252.3, Diff: 0.5, Sum: 2016.2]
      [GC Worker End (ms): Min: 87390.1, Avg: 87390.1, Max: 87390.1, Diff: 0.1]
   [Code Root Fixup: 0.0 ms]
   [Code Root Purge: 0.0 ms]
   [Clear CT: 3.3 ms]
   [Other: 3.2 ms]
      [Choose CSet: 0.0 ms]
      [Ref Proc: 0.4 ms]
      [Ref Enq: 0.0 ms]
      [Redirty Cards: 1.9 ms]
      [Humongous Register: 0.1 ms]
      [Humongous Reclaim: 0.0 ms]
      [Free CSet: 0.3 ms]
   [Eden: 89.0M(89.0M)->0.0B(89.0M) Survivors: 13.0M->13.0M Heap: 215.5M(2048.0M)->217.5M(2048.0M)]
 [Times: user=1.97 sys=0.00, real=0.26 secs] 
2020-09-29T12:28:36.259+0200: 87.586: [GC pause (G1 Evacuation Pause) (young), 0.2179465 secs]
   [Parallel Time: 214.7 ms, GC Workers: 8]
      [GC Worker Start (ms): Min: 87586.3, Avg: 87586.5, Max: 87586.7, Diff: 0.5]
      [Ext Root Scanning (ms): Min: 0.0, Avg: 0.2, Max: 0.5, Diff: 0.5, Sum: 1.8]
      [Update RS (ms): Min: 28.5, Avg: 29.7, Max: 31.1, Diff: 2.6, Sum: 237.9]
         [Processed Buffers: Min: 8, Avg: 8.4, Max: 10, Diff: 2, Sum: 67]
      [Scan RS (ms): Min: 13.4, Avg: 14.9, Max: 16.4, Diff: 3.0, Sum: 119.6]
      [Code Root Scanning (ms): Min: 0.0, Avg: 0.0, Max: 0.0, Diff: 0.0, Sum: 0.0]
      [Object Copy (ms): Min: 168.8, Avg: 169.0, Max: 169.2, Diff: 0.4, Sum: 1352.0]
      [Termination (ms): Min: 0.0, Avg: 0.0, Max: 0.0, Diff: 0.0, Sum: 0.1]
         [Termination Attempts: Min: 1, Avg: 8.3, Max: 15, Diff: 14, Sum: 66]
      [GC Worker Other (ms): Min: 0.0, Avg: 0.1, Max: 0.1, Diff: 0.1, Sum: 0.4]
      [GC Worker Total (ms): Min: 213.7, Avg: 214.0, Max: 214.3, Diff: 0.5, Sum: 1711.7]
      [GC Worker End (ms): Min: 87800.5, Avg: 87800.5, Max: 87800.5, Diff: 0.1]
   [Code Root Fixup: 0.0 ms]
   [Code Root Purge: 0.0 ms]
   [Clear CT: 0.8 ms]
   [Other: 2.5 ms]
      [Choose CSet: 0.0 ms]
      [Ref Proc: 0.9 ms]
      [Ref Enq: 0.0 ms]
      [Redirty Cards: 0.7 ms]
      [Humongous Register: 0.1 ms]
      [Humongous Reclaim: 0.0 ms]
      [Free CSet: 0.3 ms]
   [Eden: 89.0M(89.0M)->0.0B(89.0M) Survivors: 13.0M->13.0M Heap: 319.9M(2048.0M)->322.4M(2048.0M)]
 [Times: user=1.75 sys=0.00, real=0.22 secs] 
2020-09-29T12:28:36.677+0200: 88.004: [GC pause (G1 Evacuation Pause) (young), 0.2689218 secs]
   [Parallel Time: 265.7 ms, GC Workers: 8]
      [GC Worker Start (ms): Min: 88004.1, Avg: 88008.3, Max: 88035.7, Diff: 31.5]
      [Ext Root Scanning (ms): Min: 0.0, Avg: 0.3, Max: 0.5, Diff: 0.5, Sum: 2.0]
      [Update RS (ms): Min: 0.0, Avg: 22.5, Max: 26.4, Diff: 26.4, Sum: 180.0]
         [Processed Buffers: Min: 0, Avg: 7.0, Max: 10, Diff: 10, Sum: 56]
      [Scan RS (ms): Min: 15.8, Avg: 22.4, Max: 38.0, Diff: 22.2, Sum: 178.9]
      [Code Root Scanning (ms): Min: 0.0, Avg: 0.0, Max: 0.0, Diff: 0.0, Sum: 0.0]
      [Object Copy (ms): Min: 201.3, Avg: 215.6, Max: 217.9, Diff: 16.6, Sum: 1725.0]
      [Termination (ms): Min: 0.0, Avg: 0.1, Max: 0.2, Diff: 0.2, Sum: 1.1]
         [Termination Attempts: Min: 1, Avg: 233.8, Max: 302, Diff: 301, Sum: 1870]
      [GC Worker Other (ms): Min: 0.0, Avg: 0.1, Max: 0.2, Diff: 0.1, Sum: 0.8]
      [GC Worker Total (ms): Min: 233.5, Avg: 261.0, Max: 265.2, Diff: 31.6, Sum: 2087.8]
      [GC Worker End (ms): Min: 88269.2, Avg: 88269.2, Max: 88269.3, Diff: 0.1]
   [Code Root Fixup: 0.0 ms]
   [Code Root Purge: 0.0 ms]
   [Clear CT: 0.7 ms]
   [Other: 2.5 ms]
      [Choose CSet: 0.0 ms]
      [Ref Proc: 0.7 ms]
      [Ref Enq: 0.0 ms]
      [Redirty Cards: 0.9 ms]
      [Humongous Register: 0.1 ms]
      [Humongous Reclaim: 0.0 ms]
      [Free CSet: 0.3 ms]
   [Eden: 89.0M(89.0M)->0.0B(89.0M) Survivors: 13.0M->13.0M Heap: 426.6M(2048.0M)->428.6M(2048.0M)]
 [Times: user=1.95 sys=0.00, real=0.27 secs] 
2020-09-29T12:28:37.164+0200: 88.491: [GC pause (G1 Evacuation Pause) (young), 0.2110897 secs]
   [Parallel Time: 207.7 ms, GC Workers: 8]
      [GC Worker Start (ms): Min: 88491.5, Avg: 88491.8, Max: 88492.0, Diff: 0.4]
      [Ext Root Scanning (ms): Min: 0.0, Avg: 0.2, Max: 0.5, Diff: 0.4, Sum: 1.9]
      [Update RS (ms): Min: 18.4, Avg: 19.1, Max: 20.6, Diff: 2.1, Sum: 152.8]
         [Processed Buffers: Min: 6, Avg: 6.8, Max: 8, Diff: 2, Sum: 54]
      [Scan RS (ms): Min: 17.6, Avg: 19.1, Max: 19.9, Diff: 2.3, Sum: 153.1]
      [Code Root Scanning (ms): Min: 0.0, Avg: 0.0, Max: 0.0, Diff: 0.0, Sum: 0.0]
      [Object Copy (ms): Min: 168.2, Avg: 168.3, Max: 168.4, Diff: 0.3, Sum: 1346.2]
      [Termination (ms): Min: 0.0, Avg: 0.0, Max: 0.0, Diff: 0.0, Sum: 0.0]
         [Termination Attempts: Min: 1, Avg: 3.9, Max: 6, Diff: 5, Sum: 31]
      [GC Worker Other (ms): Min: 0.0, Avg: 0.1, Max: 0.2, Diff: 0.1, Sum: 0.7]
      [GC Worker Total (ms): Min: 206.7, Avg: 206.9, Max: 207.2, Diff: 0.5, Sum: 1654.9]
      [GC Worker End (ms): Min: 88698.6, Avg: 88698.6, Max: 88698.7, Diff: 0.1]
   [Code Root Fixup: 0.0 ms]
   [Code Root Purge: 0.0 ms]
   [Clear CT: 0.8 ms]
   [Other: 2.6 ms]
      [Choose CSet: 0.0 ms]
      [Ref Proc: 1.0 ms]
      [Ref Enq: 0.0 ms]
      [Redirty Cards: 0.7 ms]
      [Humongous Register: 0.1 ms]
      [Humongous Reclaim: 0.0 ms]
      [Free CSet: 0.3 ms]
   [Eden: 89.0M(89.0M)->0.0B(89.0M) Survivors: 13.0M->13.0M Heap: 532.9M(2048.0M)->534.4M(2048.0M)]
 [Times: user=1.61 sys=0.02, real=0.21 secs] 
2020-09-29T12:28:37.563+0200: 88.891: [GC pause (G1 Evacuation Pause) (young), 0.2592540 secs]
   [Parallel Time: 256.6 ms, GC Workers: 8]
      [GC Worker Start (ms): Min: 88890.8, Avg: 88891.1, Max: 88891.3, Diff: 0.5]
      [Ext Root Scanning (ms): Min: 0.0, Avg: 0.2, Max: 0.5, Diff: 0.5, Sum: 1.7]
      [Update RS (ms): Min: 23.8, Avg: 24.2, Max: 24.7, Diff: 0.9, Sum: 193.9]
         [Processed Buffers: Min: 7, Avg: 8.4, Max: 10, Diff: 3, Sum: 67]
      [Scan RS (ms): Min: 17.0, Avg: 17.5, Max: 17.7, Diff: 0.7, Sum: 139.8]
      [Code Root Scanning (ms): Min: 0.0, Avg: 0.0, Max: 0.0, Diff: 0.0, Sum: 0.0]
      [Object Copy (ms): Min: 212.5, Avg: 213.0, Max: 214.0, Diff: 1.5, Sum: 1704.1]
      [Termination (ms): Min: 0.0, Avg: 0.8, Max: 1.2, Diff: 1.2, Sum: 6.8]
         [Termination Attempts: Min: 1, Avg: 1315.9, Max: 1821, Diff: 1820, Sum: 10527]
      [GC Worker Other (ms): Min: 0.0, Avg: 0.0, Max: 0.0, Diff: 0.0, Sum: 0.2]
      [GC Worker Total (ms): Min: 255.6, Avg: 255.8, Max: 256.1, Diff: 0.5, Sum: 2046.4]
      [GC Worker End (ms): Min: 89146.9, Avg: 89146.9, Max: 89147.0, Diff: 0.1]
   [Code Root Fixup: 0.0 ms]
   [Code Root Purge: 0.0 ms]
   [Clear CT: 0.5 ms]
   [Other: 2.1 ms]
      [Choose CSet: 0.0 ms]
      [Ref Proc: 0.7 ms]
      [Ref Enq: 0.0 ms]
      [Redirty Cards: 0.5 ms]
      [Humongous Register: 0.1 ms]
      [Humongous Reclaim: 0.0 ms]
      [Free CSet: 0.3 ms]
   [Eden: 89.0M(89.0M)->0.0B(89.0M) Survivors: 13.0M->13.0M Heap: 638.6M(2048.0M)->640.6M(2048.0M)]
 [Times: user=2.00 sys=0.00, real=0.26 secs] 
2020-09-29T12:28:38.050+0200: 89.377: [GC pause (G1 Evacuation Pause) (young), 0.2324912 secs]
   [Parallel Time: 228.7 ms, GC Workers: 8]
      [GC Worker Start (ms): Min: 89377.5, Avg: 89380.2, Max: 89398.0, Diff: 20.5]
      [Ext Root Scanning (ms): Min: 0.0, Avg: 0.3, Max: 0.5, Diff: 0.5, Sum: 2.0]
      [Update RS (ms): Min: 3.4, Avg: 20.3, Max: 24.4, Diff: 21.0, Sum: 162.8]
         [Processed Buffers: Min: 1, Avg: 5.5, Max: 7, Diff: 6, Sum: 44]
      [Scan RS (ms): Min: 17.9, Avg: 19.5, Max: 21.6, Diff: 3.7, Sum: 155.9]
      [Code Root Scanning (ms): Min: 0.0, Avg: 0.0, Max: 0.0, Diff: 0.0, Sum: 0.0]
      [Object Copy (ms): Min: 185.0, Avg: 185.1, Max: 185.4, Diff: 0.4, Sum: 1481.2]
      [Termination (ms): Min: 0.0, Avg: 0.2, Max: 0.3, Diff: 0.2, Sum: 1.5]
         [Termination Attempts: Min: 1, Avg: 318.4, Max: 411, Diff: 410, Sum: 2547]
      [GC Worker Other (ms): Min: 0.0, Avg: 0.1, Max: 0.2, Diff: 0.1, Sum: 0.6]
      [GC Worker Total (ms): Min: 207.7, Avg: 225.5, Max: 228.3, Diff: 20.6, Sum: 1804.1]
      [GC Worker End (ms): Min: 89605.7, Avg: 89605.7, Max: 89605.8, Diff: 0.1]
   [Code Root Fixup: 0.0 ms]
   [Code Root Purge: 0.0 ms]
   [Clear CT: 1.2 ms]
   [Other: 2.5 ms]
      [Choose CSet: 0.0 ms]
      [Ref Proc: 0.7 ms]
      [Ref Enq: 0.0 ms]
      [Redirty Cards: 1.2 ms]
      [Humongous Register: 0.1 ms]
      [Humongous Reclaim: 0.0 ms]
      [Free CSet: 0.2 ms]
   [Eden: 89.0M(89.0M)->0.0B(89.0M) Survivors: 13.0M->13.0M Heap: 743.0M(2048.0M)->745.0M(2048.0M)]
 [Times: user=1.78 sys=0.00, real=0.23 secs] 
2020-09-29T12:28:38.492+0200: 89.820: [GC pause (G1 Evacuation Pause) (young), 0.2350884 secs]
   [Parallel Time: 231.7 ms, GC Workers: 8]
      [GC Worker Start (ms): Min: 89819.9, Avg: 89822.2, Max: 89836.2, Diff: 16.3]
      [Ext Root Scanning (ms): Min: 0.0, Avg: 0.2, Max: 0.4, Diff: 0.4, Sum: 1.7]
      [Update RS (ms): Min: 3.3, Avg: 17.4, Max: 20.5, Diff: 17.2, Sum: 139.3]
         [Processed Buffers: Min: 1, Avg: 5.5, Max: 7, Diff: 6, Sum: 44]
      [Scan RS (ms): Min: 21.3, Avg: 22.7, Max: 23.7, Diff: 2.3, Sum: 181.4]
      [Code Root Scanning (ms): Min: 0.0, Avg: 0.0, Max: 0.0, Diff: 0.0, Sum: 0.0]
      [Object Copy (ms): Min: 188.3, Avg: 188.5, Max: 188.7, Diff: 0.4, Sum: 1508.0]
      [Termination (ms): Min: 0.0, Avg: 0.2, Max: 0.2, Diff: 0.2, Sum: 1.4]
         [Termination Attempts: Min: 1, Avg: 288.5, Max: 383, Diff: 382, Sum: 2308]
      [GC Worker Other (ms): Min: 0.0, Avg: 0.1, Max: 0.2, Diff: 0.1, Sum: 0.6]
      [GC Worker Total (ms): Min: 215.0, Avg: 229.1, Max: 231.3, Diff: 16.3, Sum: 1832.5]
      [GC Worker End (ms): Min: 90051.2, Avg: 90051.2, Max: 90051.3, Diff: 0.1]
   [Code Root Fixup: 0.0 ms]
   [Code Root Purge: 0.0 ms]
   [Clear CT: 0.8 ms]
   [Other: 2.5 ms]
      [Choose CSet: 0.0 ms]
      [Ref Proc: 0.7 ms]
      [Ref Enq: 0.0 ms]
      [Redirty Cards: 0.8 ms]
      [Humongous Register: 0.2 ms]
      [Humongous Reclaim: 0.0 ms]
      [Free CSet: 0.4 ms]
   [Eden: 89.0M(89.0M)->0.0B(89.0M) Survivors: 13.0M->13.0M Heap: 849.3M(2048.0M)->851.8M(2048.0M)]
 [Times: user=1.78 sys=0.00, real=0.24 secs] 
2020-09-29T12:28:38.945+0200: 90.271: [GC pause (G1 Evacuation Pause) (young), 0.2414400 secs]
   [Parallel Time: 238.4 ms, GC Workers: 8]
      [GC Worker Start (ms): Min: 90271.7, Avg: 90275.9, Max: 90304.2, Diff: 32.5]
      [Ext Root Scanning (ms): Min: 0.0, Avg: 0.2, Max: 0.4, Diff: 0.4, Sum: 1.8]
      [Update RS (ms): Min: 0.0, Avg: 21.2, Max: 25.3, Diff: 25.3, Sum: 169.4]
         [Processed Buffers: Min: 0, Avg: 6.9, Max: 9, Diff: 9, Sum: 55]
      [Scan RS (ms): Min: 12.3, Avg: 19.4, Max: 21.6, Diff: 9.3, Sum: 155.1]
      [Code Root Scanning (ms): Min: 0.0, Avg: 0.0, Max: 0.0, Diff: 0.0, Sum: 0.0]
      [Object Copy (ms): Min: 192.4, Avg: 192.5, Max: 192.8, Diff: 0.5, Sum: 1540.3]
      [Termination (ms): Min: 0.0, Avg: 0.3, Max: 0.3, Diff: 0.3, Sum: 2.0]
         [Termination Attempts: Min: 1, Avg: 441.4, Max: 598, Diff: 597, Sum: 3531]
      [GC Worker Other (ms): Min: 0.0, Avg: 0.1, Max: 0.2, Diff: 0.2, Sum: 0.8]
      [GC Worker Total (ms): Min: 205.5, Avg: 233.7, Max: 237.9, Diff: 32.4, Sum: 1869.6]
      [GC Worker End (ms): Min: 90509.5, Avg: 90509.6, Max: 90509.7, Diff: 0.2]
   [Code Root Fixup: 0.0 ms]
   [Code Root Purge: 0.0 ms]
   [Clear CT: 0.7 ms]
   [Other: 2.3 ms]
      [Choose CSet: 0.0 ms]
      [Ref Proc: 0.5 ms]
      [Ref Enq: 0.0 ms]
      [Redirty Cards: 1.2 ms]
      [Humongous Register: 0.1 ms]
      [Humongous Reclaim: 0.0 ms]
      [Free CSet: 0.2 ms]
   [Eden: 89.0M(89.0M)->0.0B(89.0M) Survivors: 13.0M->13.0M Heap: 956.0M(2048.0M)->958.0M(2048.0M)]
 [Times: user=1.83 sys=0.00, real=0.24 secs] 
2020-09-29T12:28:39.216+0200: 90.542: [GC pause (G1 Humongous Allocation) (young) (initial-mark), 0.0675009 secs]
   [Parallel Time: 64.5 ms, GC Workers: 8]
      [GC Worker Start (ms): Min: 90542.8, Avg: 90543.0, Max: 90543.3, Diff: 0.5]
      [Ext Root Scanning (ms): Min: 0.0, Avg: 0.5, Max: 0.7, Diff: 0.6, Sum: 3.7]
      [Update RS (ms): Min: 21.5, Avg: 22.5, Max: 24.4, Diff: 2.8, Sum: 179.7]
         [Processed Buffers: Min: 7, Avg: 7.6, Max: 9, Diff: 2, Sum: 61]
      [Scan RS (ms): Min: 1.2, Avg: 3.1, Max: 4.2, Diff: 3.0, Sum: 24.9]
      [Code Root Scanning (ms): Min: 0.0, Avg: 0.0, Max: 0.0, Diff: 0.0, Sum: 0.0]
      [Object Copy (ms): Min: 37.9, Avg: 38.0, Max: 38.1, Diff: 0.2, Sum: 303.7]
      [Termination (ms): Min: 0.0, Avg: 0.1, Max: 0.2, Diff: 0.2, Sum: 1.0]
         [Termination Attempts: Min: 1, Avg: 182.8, Max: 244, Diff: 243, Sum: 1462]
      [GC Worker Other (ms): Min: 0.0, Avg: 0.0, Max: 0.1, Diff: 0.0, Sum: 0.3]
      [GC Worker Total (ms): Min: 63.8, Avg: 64.2, Max: 64.4, Diff: 0.6, Sum: 513.2]
      [GC Worker End (ms): Min: 90607.1, Avg: 90607.1, Max: 90607.2, Diff: 0.0]
   [Code Root Fixup: 0.0 ms]
   [Code Root Purge: 0.0 ms]
   [Clear CT: 0.8 ms]
   [Other: 2.2 ms]
      [Choose CSet: 0.0 ms]
      [Ref Proc: 0.5 ms]
      [Ref Enq: 0.0 ms]
      [Redirty Cards: 0.9 ms]
      [Humongous Register: 0.1 ms]
      [Humongous Reclaim: 0.0 ms]
      [Free CSet: 0.1 ms]
   [Eden: 6144.0K(89.0M)->0.0B(94.0M) Survivors: 13.0M->8192.0K Heap: 963.5M(2048.0M)->967.5M(2048.0M)]
 [Times: user=0.50 sys=0.00, real=0.07 secs] 
2020-09-29T12:28:39.284+0200: 90.610: [GC concurrent-root-region-scan-start]
2020-09-29T12:28:39.290+0200: 90.617: [GC concurrent-root-region-scan-end, 0.0060523 secs]
2020-09-29T12:28:39.290+0200: 90.617: [GC concurrent-mark-start]
2020-09-29T12:28:39.298+0200: 90.625: [GC concurrent-mark-end, 0.0081761 secs]
2020-09-29T12:28:39.299+0200: 90.626: [GC remark 2020-09-29T12:28:39.299+0200: 90.626: [Finalize Marking, 0.0008296 secs] 2020-09-29T12:28:39.300+0200: 90.626: [GC ref-proc, 0.0012141 secs] 2020-09-29T12:28:39.301+0200: 90.628: [Unloading, 0.0014046 secs], 0.0044449 secs]
 [Times: user=0.09 sys=0.02, real=0.00 secs] 
2020-09-29T12:28:39.305+0200: 90.631: [GC cleanup 976M->26M(2048M), 0.0072448 secs]
 [Times: user=0.00 sys=0.00, real=0.01 secs] 
2020-09-29T12:28:39.312+0200: 90.639: [GC concurrent-cleanup-start]
2020-09-29T12:28:39.315+0200: 90.642: [GC concurrent-cleanup-end, 0.0032855 secs]
2020-09-29T12:28:39.489+0200: 90.816: [GC pause (G1 Evacuation Pause) (young), 0.2164025 secs]
   [Parallel Time: 210.9 ms, GC Workers: 8]
      [GC Worker Start (ms): Min: 90816.0, Avg: 90816.2, Max: 90816.5, Diff: 0.5]
      [Ext Root Scanning (ms): Min: 0.0, Avg: 0.3, Max: 0.5, Diff: 0.5, Sum: 2.0]
      [Update RS (ms): Min: 13.2, Avg: 14.6, Max: 18.3, Diff: 5.1, Sum: 117.1]
         [Processed Buffers: Min: 0, Avg: 5.1, Max: 9, Diff: 9, Sum: 41]
      [Scan RS (ms): Min: 17.4, Avg: 21.0, Max: 22.5, Diff: 5.1, Sum: 168.1]
      [Code Root Scanning (ms): Min: 0.0, Avg: 0.0, Max: 0.0, Diff: 0.0, Sum: 0.0]
      [Object Copy (ms): Min: 174.0, Avg: 174.2, Max: 174.5, Diff: 0.5, Sum: 1393.3]
      [Termination (ms): Min: 0.0, Avg: 0.2, Max: 0.2, Diff: 0.2, Sum: 1.3]
         [Termination Attempts: Min: 1, Avg: 263.9, Max: 309, Diff: 308, Sum: 2111]
      [GC Worker Other (ms): Min: 0.0, Avg: 0.1, Max: 0.2, Diff: 0.2, Sum: 0.8]
      [GC Worker Total (ms): Min: 210.1, Avg: 210.3, Max: 210.5, Diff: 0.4, Sum: 1682.6]
      [GC Worker End (ms): Min: 91026.5, Avg: 91026.5, Max: 91026.6, Diff: 0.2]
   [Code Root Fixup: 0.0 ms]
   [Code Root Purge: 0.0 ms]
   [Clear CT: 3.3 ms]
   [Other: 2.2 ms]
      [Choose CSet: 0.0 ms]
      [Ref Proc: 0.7 ms]
      [Ref Enq: 0.0 ms]
      [Redirty Cards: 0.6 ms]
      [Humongous Register: 0.2 ms]
      [Humongous Reclaim: 0.0 ms]
      [Free CSet: 0.2 ms]
   [Eden: 94.0M(94.0M)->0.0B(89.0M) Survivors: 8192.0K->13.0M Heap: 128.7M(2048.0M)->122.7M(2048.0M)]
 [Times: user=1.59 sys=0.00, real=0.22 secs] 
2020-09-29T12:28:39.799+0200: 91.126: [GC pause (G1 Evacuation Pause) (young), 0.0983141 secs]
   [Parallel Time: 96.7 ms, GC Workers: 8]
      [GC Worker Start (ms): Min: 91126.1, Avg: 91126.2, Max: 91126.3, Diff: 0.2]
      [Ext Root Scanning (ms): Min: 0.0, Avg: 0.1, Max: 0.3, Diff: 0.2, Sum: 0.9]
      [Update RS (ms): Min: 6.2, Avg: 7.0, Max: 8.2, Diff: 2.0, Sum: 56.1]
         [Processed Buffers: Min: 4, Avg: 4.6, Max: 5, Diff: 1, Sum: 37]
      [Scan RS (ms): Min: 7.8, Avg: 9.1, Max: 9.9, Diff: 2.1, Sum: 72.5]
      [Code Root Scanning (ms): Min: 0.0, Avg: 0.0, Max: 0.0, Diff: 0.0, Sum: 0.0]
      [Object Copy (ms): Min: 80.0, Avg: 80.1, Max: 80.2, Diff: 0.2, Sum: 640.5]
      [Termination (ms): Min: 0.0, Avg: 0.1, Max: 0.2, Diff: 0.2, Sum: 1.0]
         [Termination Attempts: Min: 1, Avg: 447.9, Max: 599, Diff: 598, Sum: 3583]
      [GC Worker Other (ms): Min: 0.0, Avg: 0.0, Max: 0.1, Diff: 0.0, Sum: 0.3]
      [GC Worker Total (ms): Min: 96.3, Avg: 96.4, Max: 96.6, Diff: 0.3, Sum: 771.2]
      [GC Worker End (ms): Min: 91222.6, Avg: 91222.6, Max: 91222.6, Diff: 0.0]
   [Code Root Fixup: 0.0 ms]
   [Code Root Purge: 0.0 ms]
   [Clear CT: 0.5 ms]
   [Other: 1.1 ms]
      [Choose CSet: 0.0 ms]
      [Ref Proc: 0.2 ms]
      [Ref Enq: 0.0 ms]
      [Redirty Cards: 0.5 ms]
      [Humongous Register: 0.0 ms]
      [Humongous Reclaim: 0.0 ms]
      [Free CSet: 0.1 ms]
   [Eden: 89.0M(89.0M)->0.0B(89.0M) Survivors: 13.0M->13.0M Heap: 225.0M(2048.0M)->226.5M(2048.0M)]
 [Times: user=0.88 sys=0.00, real=0.10 secs] 
2020-09-29T12:28:39.988+0200: 91.315: [GC pause (G1 Evacuation Pause) (young), 0.0935296 secs]
   [Parallel Time: 91.4 ms, GC Workers: 8]
      [GC Worker Start (ms): Min: 91314.8, Avg: 91315.0, Max: 91315.1, Diff: 0.3]
      [Ext Root Scanning (ms): Min: 0.0, Avg: 0.1, Max: 0.2, Diff: 0.2, Sum: 0.8]
      [Update RS (ms): Min: 6.5, Avg: 7.3, Max: 7.8, Diff: 1.3, Sum: 58.2]
         [Processed Buffers: Min: 5, Avg: 5.4, Max: 6, Diff: 1, Sum: 43]
      [Scan RS (ms): Min: 8.2, Avg: 8.8, Max: 9.6, Diff: 1.3, Sum: 70.4]
      [Code Root Scanning (ms): Min: 0.0, Avg: 0.0, Max: 0.0, Diff: 0.0, Sum: 0.0]
      [Object Copy (ms): Min: 74.7, Avg: 74.8, Max: 74.9, Diff: 0.2, Sum: 598.4]
      [Termination (ms): Min: 0.0, Avg: 0.0, Max: 0.0, Diff: 0.0, Sum: 0.2]
         [Termination Attempts: Min: 1, Avg: 97.3, Max: 124, Diff: 123, Sum: 778]
      [GC Worker Other (ms): Min: 0.0, Avg: 0.0, Max: 0.1, Diff: 0.0, Sum: 0.3]
      [GC Worker Total (ms): Min: 90.9, Avg: 91.0, Max: 91.2, Diff: 0.2, Sum: 728.3]
      [GC Worker End (ms): Min: 91406.0, Avg: 91406.0, Max: 91406.1, Diff: 0.1]
   [Code Root Fixup: 0.0 ms]
   [Code Root Purge: 0.0 ms]
   [Clear CT: 0.7 ms]
   [Other: 1.4 ms]
      [Choose CSet: 0.0 ms]
      [Ref Proc: 0.2 ms]
      [Ref Enq: 0.0 ms]
      [Redirty Cards: 0.8 ms]
      [Humongous Register: 0.0 ms]
      [Humongous Reclaim: 0.0 ms]
      [Free CSet: 0.1 ms]
   [Eden: 89.0M(89.0M)->0.0B(89.0M) Survivors: 13.0M->13.0M Heap: 330.8M(2048.0M)->332.3M(2048.0M)]
 [Times: user=0.72 sys=0.00, real=0.09 secs] 
2020-09-29T12:28:40.165+0200: 91.491: [GC pause (G1 Evacuation Pause) (young), 0.0937122 secs]
   [Parallel Time: 92.0 ms, GC Workers: 8]
      [GC Worker Start (ms): Min: 91491.4, Avg: 91491.5, Max: 91491.6, Diff: 0.2]
      [Ext Root Scanning (ms): Min: 0.0, Avg: 0.1, Max: 0.2, Diff: 0.2, Sum: 0.9]
      [Update RS (ms): Min: 9.6, Avg: 9.7, Max: 9.7, Diff: 0.1, Sum: 77.3]
         [Processed Buffers: Min: 6, Avg: 7.0, Max: 8, Diff: 2, Sum: 56]
      [Scan RS (ms): Min: 7.7, Avg: 7.8, Max: 7.9, Diff: 0.2, Sum: 62.5]
      [Code Root Scanning (ms): Min: 0.0, Avg: 0.0, Max: 0.0, Diff: 0.0, Sum: 0.0]
      [Object Copy (ms): Min: 73.9, Avg: 74.0, Max: 74.0, Diff: 0.1, Sum: 591.6]
      [Termination (ms): Min: 0.0, Avg: 0.0, Max: 0.0, Diff: 0.0, Sum: 0.2]
         [Termination Attempts: Min: 1, Avg: 104.3, Max: 131, Diff: 130, Sum: 834]
      [GC Worker Other (ms): Min: 0.0, Avg: 0.1, Max: 0.1, Diff: 0.1, Sum: 0.5]
      [GC Worker Total (ms): Min: 91.5, Avg: 91.6, Max: 91.8, Diff: 0.3, Sum: 733.1]
      [GC Worker End (ms): Min: 91583.1, Avg: 91583.2, Max: 91583.2, Diff: 0.1]
   [Code Root Fixup: 0.0 ms]
   [Code Root Purge: 0.0 ms]
   [Clear CT: 0.4 ms]
   [Other: 1.3 ms]
      [Choose CSet: 0.0 ms]
      [Ref Proc: 0.3 ms]
      [Ref Enq: 0.0 ms]
      [Redirty Cards: 0.5 ms]
      [Humongous Register: 0.1 ms]
      [Humongous Reclaim: 0.0 ms]
      [Free CSet: 0.1 ms]
   [Eden: 89.0M(89.0M)->0.0B(102.0M) Survivors: 13.0M->13.0M Heap: 436.5M(2048.0M)->438.5M(2048.0M)]
 [Times: user=0.75 sys=0.00, real=0.09 secs] 
2020-09-29T12:28:40.357+0200: 91.684: [GC pause (G1 Evacuation Pause) (young), 0.1087630 secs]
   [Parallel Time: 106.9 ms, GC Workers: 8]
      [GC Worker Start (ms): Min: 91683.7, Avg: 91683.9, Max: 91684.0, Diff: 0.3]
      [Ext Root Scanning (ms): Min: 0.0, Avg: 0.1, Max: 0.3, Diff: 0.3, Sum: 0.8]
      [Update RS (ms): Min: 9.8, Avg: 10.0, Max: 10.9, Diff: 1.1, Sum: 80.2]
         [Processed Buffers: Min: 6, Avg: 7.4, Max: 8, Diff: 2, Sum: 59]
      [Scan RS (ms): Min: 8.7, Avg: 9.6, Max: 9.9, Diff: 1.2, Sum: 76.5]
      [Code Root Scanning (ms): Min: 0.0, Avg: 0.0, Max: 0.0, Diff: 0.0, Sum: 0.0]
      [Object Copy (ms): Min: 86.6, Avg: 86.7, Max: 86.8, Diff: 0.2, Sum: 693.3]
      [Termination (ms): Min: 0.0, Avg: 0.0, Max: 0.0, Diff: 0.0, Sum: 0.1]
         [Termination Attempts: Min: 1, Avg: 44.9, Max: 64, Diff: 63, Sum: 359]
      [GC Worker Other (ms): Min: 0.0, Avg: 0.1, Max: 0.1, Diff: 0.1, Sum: 0.5]
      [GC Worker Total (ms): Min: 106.3, Avg: 106.4, Max: 106.6, Diff: 0.3, Sum: 851.4]
      [GC Worker End (ms): Min: 91790.2, Avg: 91790.3, Max: 91790.3, Diff: 0.1]
   [Code Root Fixup: 0.0 ms]
   [Code Root Purge: 0.0 ms]
   [Clear CT: 0.5 ms]
   [Other: 1.4 ms]
      [Choose CSet: 0.0 ms]
      [Ref Proc: 0.4 ms]
      [Ref Enq: 0.0 ms]
      [Redirty Cards: 0.6 ms]
      [Humongous Register: 0.1 ms]
      [Humongous Reclaim: 0.0 ms]
      [Free CSet: 0.1 ms]
   [Eden: 102.0M(102.0M)->0.0B(115.0M) Survivors: 13.0M->15.0M Heap: 557.7M(2048.0M)->560.2M(2048.0M)]
 [Times: user=0.88 sys=0.00, real=0.11 secs] 
2020-09-29T12:28:40.575+0200: 91.902: [GC pause (G1 Evacuation Pause) (young), 0.1670831 secs]
   [Parallel Time: 165.7 ms, GC Workers: 8]
      [GC Worker Start (ms): Min: 91901.8, Avg: 91901.9, Max: 91902.0, Diff: 0.3]
      [Ext Root Scanning (ms): Min: 0.0, Avg: 0.1, Max: 0.2, Diff: 0.2, Sum: 0.8]
      [Update RS (ms): Min: 12.4, Avg: 14.9, Max: 31.4, Diff: 18.9, Sum: 119.1]
         [Processed Buffers: Min: 0, Avg: 7.9, Max: 10, Diff: 10, Sum: 63]
      [Scan RS (ms): Min: 0.0, Avg: 10.4, Max: 12.0, Diff: 12.0, Sum: 83.0]
      [Code Root Scanning (ms): Min: 0.0, Avg: 0.0, Max: 0.0, Diff: 0.0, Sum: 0.0]
      [Object Copy (ms): Min: 132.6, Avg: 139.0, Max: 140.7, Diff: 8.0, Sum: 1111.9]
      [Termination (ms): Min: 0.0, Avg: 0.8, Max: 1.1, Diff: 1.1, Sum: 6.8]
         [Termination Attempts: Min: 1, Avg: 2771.4, Max: 3502, Diff: 3501, Sum: 22171]
      [GC Worker Other (ms): Min: 0.0, Avg: 0.0, Max: 0.1, Diff: 0.1, Sum: 0.4]
      [GC Worker Total (ms): Min: 165.1, Avg: 165.2, Max: 165.4, Diff: 0.3, Sum: 1321.9]
      [GC Worker End (ms): Min: 92067.1, Avg: 92067.1, Max: 92067.2, Diff: 0.1]
   [Code Root Fixup: 0.0 ms]
   [Code Root Purge: 0.0 ms]
   [Clear CT: 0.3 ms]
   [Other: 1.1 ms]
      [Choose CSet: 0.0 ms]
      [Ref Proc: 0.2 ms]
      [Ref Enq: 0.0 ms]
      [Redirty Cards: 0.3 ms]
      [Humongous Register: 0.1 ms]
      [Humongous Reclaim: 0.0 ms]
      [Free CSet: 0.2 ms]
   [Eden: 115.0M(115.0M)->0.0B(114.0M) Survivors: 15.0M->17.0M Heap: 694.3M(2048.0M)->695.8M(2048.0M)]
 [Times: user=1.30 sys=0.00, real=0.17 secs] 
2020-09-29T12:28:40.860+0200: 92.187: [GC pause (G1 Evacuation Pause) (young), 0.1271388 secs]
   [Parallel Time: 125.7 ms, GC Workers: 8]
      [GC Worker Start (ms): Min: 92187.0, Avg: 92187.1, Max: 92187.2, Diff: 0.2]
      [Ext Root Scanning (ms): Min: 0.0, Avg: 0.1, Max: 0.2, Diff: 0.2, Sum: 1.0]
      [Update RS (ms): Min: 12.2, Avg: 12.6, Max: 13.1, Diff: 0.9, Sum: 100.5]
         [Processed Buffers: Min: 8, Avg: 8.8, Max: 10, Diff: 2, Sum: 70]
      [Scan RS (ms): Min: 10.4, Avg: 10.8, Max: 11.2, Diff: 0.8, Sum: 86.6]
      [Code Root Scanning (ms): Min: 0.0, Avg: 0.0, Max: 0.0, Diff: 0.0, Sum: 0.0]
      [Object Copy (ms): Min: 101.7, Avg: 101.9, Max: 101.9, Diff: 0.2, Sum: 815.0]
      [Termination (ms): Min: 0.0, Avg: 0.0, Max: 0.0, Diff: 0.0, Sum: 0.1]
         [Termination Attempts: Min: 1, Avg: 22.3, Max: 35, Diff: 34, Sum: 178]
      [GC Worker Other (ms): Min: 0.0, Avg: 0.1, Max: 0.1, Diff: 0.1, Sum: 0.5]
      [GC Worker Total (ms): Min: 125.4, Avg: 125.5, Max: 125.6, Diff: 0.2, Sum: 1003.6]
      [GC Worker End (ms): Min: 92312.5, Avg: 92312.5, Max: 92312.6, Diff: 0.1]
   [Code Root Fixup: 0.0 ms]
   [Code Root Purge: 0.0 ms]
   [Clear CT: 0.3 ms]
   [Other: 1.2 ms]
      [Choose CSet: 0.0 ms]
      [Ref Proc: 0.3 ms]
      [Ref Enq: 0.0 ms]
      [Redirty Cards: 0.3 ms]
      [Humongous Register: 0.1 ms]
      [Humongous Reclaim: 0.0 ms]
      [Free CSet: 0.2 ms]
   [Eden: 114.0M(114.0M)->0.0B(127.0M) Survivors: 17.0M->17.0M Heap: 828.8M(2048.0M)->831.3M(2048.0M)]
 [Times: user=0.98 sys=0.00, real=0.13 secs] 
2020-09-29T12:28:41.121+0200: 92.448: [GC pause (G1 Evacuation Pause) (young), 0.1861910 secs]
   [Parallel Time: 184.6 ms, GC Workers: 8]
      [GC Worker Start (ms): Min: 92448.3, Avg: 92448.4, Max: 92448.5, Diff: 0.3]
      [Ext Root Scanning (ms): Min: 0.0, Avg: 0.1, Max: 0.2, Diff: 0.2, Sum: 1.0]
      [Update RS (ms): Min: 15.0, Avg: 17.4, Max: 31.9, Diff: 16.9, Sum: 138.9]
         [Processed Buffers: Min: 0, Avg: 9.3, Max: 13, Diff: 13, Sum: 74]
      [Scan RS (ms): Min: 0.0, Avg: 11.4, Max: 13.3, Diff: 13.3, Sum: 91.2]
      [Code Root Scanning (ms): Min: 0.0, Avg: 0.0, Max: 0.0, Diff: 0.0, Sum: 0.0]
      [Object Copy (ms): Min: 152.2, Avg: 155.3, Max: 155.8, Diff: 3.6, Sum: 1242.3]
      [Termination (ms): Min: 0.0, Avg: 0.1, Max: 0.2, Diff: 0.2, Sum: 0.8]
         [Termination Attempts: Min: 1, Avg: 157.5, Max: 261, Diff: 260, Sum: 1260]
      [GC Worker Other (ms): Min: 0.0, Avg: 0.0, Max: 0.0, Diff: 0.0, Sum: 0.1]
      [GC Worker Total (ms): Min: 184.1, Avg: 184.3, Max: 184.4, Diff: 0.3, Sum: 1474.4]
      [GC Worker End (ms): Min: 92632.7, Avg: 92632.7, Max: 92632.7, Diff: 0.0]
   [Code Root Fixup: 0.0 ms]
   [Code Root Purge: 0.0 ms]
   [Clear CT: 0.4 ms]
   [Other: 1.2 ms]
      [Choose CSet: 0.0 ms]
      [Ref Proc: 0.3 ms]
      [Ref Enq: 0.0 ms]
      [Redirty Cards: 0.3 ms]
      [Humongous Register: 0.1 ms]
      [Humongous Reclaim: 0.0 ms]
      [Free CSet: 0.2 ms]
   [Eden: 127.0M(127.0M)->0.0B(124.0M) Survivors: 17.0M->18.0M Heap: 979.3M(2048.0M)->981.3M(2048.0M)]
 [Times: user=1.23 sys=0.03, real=0.19 secs] 
2020-09-29T12:28:41.318+0200: 92.645: [GC pause (G1 Humongous Allocation) (young) (initial-mark), 0.0472141 secs]
   [Parallel Time: 45.8 ms, GC Workers: 8]
      [GC Worker Start (ms): Min: 92645.6, Avg: 92645.7, Max: 92645.8, Diff: 0.3]
      [Ext Root Scanning (ms): Min: 0.0, Avg: 0.2, Max: 0.4, Diff: 0.4, Sum: 1.9]
      [Update RS (ms): Min: 22.8, Avg: 23.3, Max: 23.9, Diff: 1.1, Sum: 186.2]
         [Processed Buffers: Min: 14, Avg: 16.4, Max: 19, Diff: 5, Sum: 131]
      [Scan RS (ms): Min: 1.5, Avg: 2.1, Max: 2.5, Diff: 1.1, Sum: 17.0]
      [Code Root Scanning (ms): Min: 0.0, Avg: 0.0, Max: 0.0, Diff: 0.0, Sum: 0.0]
      [Object Copy (ms): Min: 19.7, Avg: 19.8, Max: 19.8, Diff: 0.1, Sum: 158.2]
      [Termination (ms): Min: 0.0, Avg: 0.0, Max: 0.0, Diff: 0.0, Sum: 0.2]
         [Termination Attempts: Min: 1, Avg: 72.1, Max: 98, Diff: 97, Sum: 577]
      [GC Worker Other (ms): Min: 0.0, Avg: 0.0, Max: 0.0, Diff: 0.0, Sum: 0.2]
      [GC Worker Total (ms): Min: 45.3, Avg: 45.5, Max: 45.6, Diff: 0.2, Sum: 363.8]
      [GC Worker End (ms): Min: 92691.1, Avg: 92691.1, Max: 92691.1, Diff: 0.0]
   [Code Root Fixup: 0.0 ms]
   [Code Root Purge: 0.0 ms]
   [Clear CT: 0.3 ms]
   [Other: 1.2 ms]
      [Choose CSet: 0.0 ms]
      [Ref Proc: 0.3 ms]
      [Ref Enq: 0.0 ms]
      [Redirty Cards: 0.3 ms]
      [Humongous Register: 0.1 ms]
      [Humongous Reclaim: 0.0 ms]
      [Free CSet: 0.1 ms]
   [Eden: 6144.0K(124.0M)->0.0B(146.0M) Survivors: 18.0M->7168.0K Heap: 986.8M(2048.0M)->990.8M(2048.0M)]
 [Times: user=0.38 sys=0.00, real=0.05 secs] 
2020-09-29T12:28:41.366+0200: 92.693: [GC concurrent-root-region-scan-start]
2020-09-29T12:28:41.369+0200: 92.696: [GC concurrent-root-region-scan-end, 0.0034242 secs]
2020-09-29T12:28:41.369+0200: 92.696: [GC concurrent-mark-start]
2020-09-29T12:28:41.374+0200: 92.701: [GC concurrent-mark-end, 0.0050063 secs]
2020-09-29T12:28:41.375+0200: 92.702: [GC remark 2020-09-29T12:28:41.375+0200: 92.702: [Finalize Marking, 0.0003849 secs] 2020-09-29T12:28:41.375+0200: 92.702: [GC ref-proc, 0.0005697 secs] 2020-09-29T12:28:41.376+0200: 92.703: [Unloading, 0.0009467 secs], 0.0025538 secs]
 [Times: user=0.00 sys=0.00, real=0.00 secs] 
2020-09-29T12:28:41.378+0200: 92.705: [GC cleanup 1001M->27M(2048M), 0.0026012 secs]
 [Times: user=0.00 sys=0.01, real=0.00 secs] 
2020-09-29T12:28:41.381+0200: 92.708: [GC concurrent-cleanup-start]
2020-09-29T12:28:41.383+0200: 92.710: [GC concurrent-cleanup-end, 0.0024090 secs]
2020-09-29T12:28:41.508+0200: 92.835: [GC pause (G1 Evacuation Pause) (young), 0.2004600 secs]
   [Parallel Time: 198.9 ms, GC Workers: 8]
      [GC Worker Start (ms): Min: 92835.5, Avg: 92839.5, Max: 92867.4, Diff: 32.0]
      [Ext Root Scanning (ms): Min: 0.0, Avg: 0.1, Max: 0.2, Diff: 0.2, Sum: 1.0]
      [Update RS (ms): Min: 0.0, Avg: 13.1, Max: 15.4, Diff: 15.4, Sum: 105.0]
         [Processed Buffers: Min: 0, Avg: 8.8, Max: 12, Diff: 12, Sum: 70]
      [Scan RS (ms): Min: 0.0, Avg: 11.3, Max: 13.4, Diff: 13.4, Sum: 90.6]
      [Code Root Scanning (ms): Min: 0.0, Avg: 0.0, Max: 0.0, Diff: 0.0, Sum: 0.0]
      [Object Copy (ms): Min: 166.4, Avg: 169.7, Max: 170.3, Diff: 3.9, Sum: 1357.5]
      [Termination (ms): Min: 0.1, Avg: 0.2, Max: 0.2, Diff: 0.1, Sum: 1.3]
         [Termination Attempts: Min: 1, Avg: 333.1, Max: 515, Diff: 514, Sum: 2665]
      [GC Worker Other (ms): Min: 0.0, Avg: 0.0, Max: 0.0, Diff: 0.0, Sum: 0.2]
      [GC Worker Total (ms): Min: 166.6, Avg: 194.4, Max: 198.5, Diff: 31.9, Sum: 1555.5]
      [GC Worker End (ms): Min: 93033.9, Avg: 93034.0, Max: 93034.0, Diff: 0.1]
   [Code Root Fixup: 0.0 ms]
   [Code Root Purge: 0.0 ms]
   [Clear CT: 0.3 ms]
   [Other: 1.3 ms]
      [Choose CSet: 0.0 ms]
      [Ref Proc: 0.3 ms]
      [Ref Enq: 0.0 ms]
      [Redirty Cards: 0.4 ms]
      [Humongous Register: 0.0 ms]
      [Humongous Reclaim: 0.0 ms]
      [Free CSet: 0.2 ms]
   [Eden: 146.0M(146.0M)->0.0B(124.0M) Survivors: 7168.0K->20.0M Heap: 187.3M(2048.0M)->182.3M(2048.0M)]
 [Times: user=1.38 sys=0.00, real=0.20 secs] 
2020-09-29T12:28:41.839+0200: 93.166: [GC pause (G1 Evacuation Pause) (young), 0.1408856 secs]
   [Parallel Time: 139.3 ms, GC Workers: 8]
      [GC Worker Start (ms): Min: 93165.9, Avg: 93166.0, Max: 93166.1, Diff: 0.2]
      [Ext Root Scanning (ms): Min: 0.0, Avg: 0.1, Max: 0.2, Diff: 0.2, Sum: 1.0]
      [Update RS (ms): Min: 12.8, Avg: 13.3, Max: 14.3, Diff: 1.5, Sum: 106.4]
         [Processed Buffers: Min: 7, Avg: 8.6, Max: 10, Diff: 3, Sum: 69]
      [Scan RS (ms): Min: 10.9, Avg: 11.8, Max: 12.3, Diff: 1.4, Sum: 94.8]
      [Code Root Scanning (ms): Min: 0.0, Avg: 0.0, Max: 0.0, Diff: 0.0, Sum: 0.0]
      [Object Copy (ms): Min: 113.4, Avg: 113.5, Max: 113.6, Diff: 0.3, Sum: 907.8]
      [Termination (ms): Min: 0.0, Avg: 0.2, Max: 0.2, Diff: 0.2, Sum: 1.4]
         [Termination Attempts: Min: 1, Avg: 630.6, Max: 793, Diff: 792, Sum: 5045]
      [GC Worker Other (ms): Min: 0.0, Avg: 0.0, Max: 0.1, Diff: 0.1, Sum: 0.4]
      [GC Worker Total (ms): Min: 138.9, Avg: 139.0, Max: 139.1, Diff: 0.2, Sum: 1111.8]
      [GC Worker End (ms): Min: 93304.9, Avg: 93305.0, Max: 93305.0, Diff: 0.1]
   [Code Root Fixup: 0.0 ms]
   [Code Root Purge: 0.0 ms]
   [Clear CT: 0.3 ms]
   [Other: 1.3 ms]
      [Choose CSet: 0.0 ms]
      [Ref Proc: 0.4 ms]
      [Ref Enq: 0.0 ms]
      [Redirty Cards: 0.3 ms]
      [Humongous Register: 0.1 ms]
      [Humongous Reclaim: 0.0 ms]
      [Free CSet: 0.2 ms]
   [Eden: 124.0M(124.0M)->0.0B(134.0M) Survivors: 20.0M->18.0M Heap: 327.3M(2048.0M)->329.3M(2048.0M)]
 [Times: user=1.09 sys=0.00, real=0.14 secs] 
2020-09-29T12:28:42.110+0200: 93.437: [GC pause (G1 Evacuation Pause) (young), 0.1401239 secs]
   [Parallel Time: 138.5 ms, GC Workers: 8]
      [GC Worker Start (ms): Min: 93436.9, Avg: 93437.1, Max: 93437.1, Diff: 0.2]
      [Ext Root Scanning (ms): Min: 0.0, Avg: 0.1, Max: 0.2, Diff: 0.2, Sum: 0.9]
      [Update RS (ms): Min: 13.4, Avg: 13.8, Max: 14.9, Diff: 1.5, Sum: 110.0]
         [Processed Buffers: Min: 9, Avg: 9.9, Max: 11, Diff: 2, Sum: 79]
      [Scan RS (ms): Min: 11.2, Avg: 12.3, Max: 12.6, Diff: 1.4, Sum: 98.1]
      [Code Root Scanning (ms): Min: 0.0, Avg: 0.0, Max: 0.0, Diff: 0.0, Sum: 0.0]
      [Object Copy (ms): Min: 111.8, Avg: 111.9, Max: 112.0, Diff: 0.2, Sum: 895.1]
      [Termination (ms): Min: 0.0, Avg: 0.1, Max: 0.1, Diff: 0.1, Sum: 0.5]
         [Termination Attempts: Min: 1, Avg: 204.8, Max: 269, Diff: 268, Sum: 1638]
      [GC Worker Other (ms): Min: 0.0, Avg: 0.0, Max: 0.1, Diff: 0.1, Sum: 0.3]
      [GC Worker Total (ms): Min: 138.0, Avg: 138.1, Max: 138.3, Diff: 0.3, Sum: 1104.9]
      [GC Worker End (ms): Min: 93575.1, Avg: 93575.2, Max: 93575.2, Diff: 0.1]
   [Code Root Fixup: 0.0 ms]
   [Code Root Purge: 0.0 ms]
   [Clear CT: 0.3 ms]
   [Other: 1.3 ms]
      [Choose CSet: 0.0 ms]
      [Ref Proc: 0.4 ms]
      [Ref Enq: 0.0 ms]
      [Redirty Cards: 0.5 ms]
      [Humongous Register: 0.1 ms]
      [Humongous Reclaim: 0.0 ms]
      [Free CSet: 0.2 ms]
   [Eden: 134.0M(134.0M)->0.0B(144.0M) Survivors: 18.0M->19.0M Heap: 486.2M(2048.0M)->487.7M(2048.0M)]
 [Times: user=1.13 sys=0.00, real=0.14 secs] 
2020-09-29T12:28:42.393+0200: 93.720: [GC pause (G1 Evacuation Pause) (young), 0.1597356 secs]
   [Parallel Time: 158.0 ms, GC Workers: 8]
      [GC Worker Start (ms): Min: 93720.5, Avg: 93720.6, Max: 93720.7, Diff: 0.2]
      [Ext Root Scanning (ms): Min: 0.0, Avg: 0.1, Max: 0.2, Diff: 0.2, Sum: 0.9]
      [Update RS (ms): Min: 15.9, Avg: 16.3, Max: 17.4, Diff: 1.5, Sum: 130.7]
         [Processed Buffers: Min: 9, Avg: 10.4, Max: 12, Diff: 3, Sum: 83]
      [Scan RS (ms): Min: 11.4, Avg: 12.4, Max: 13.0, Diff: 1.5, Sum: 99.5]
      [Code Root Scanning (ms): Min: 0.0, Avg: 0.0, Max: 0.0, Diff: 0.0, Sum: 0.0]
      [Object Copy (ms): Min: 128.7, Avg: 128.7, Max: 128.8, Diff: 0.1, Sum: 1029.9]
      [Termination (ms): Min: 0.0, Avg: 0.1, Max: 0.1, Diff: 0.1, Sum: 0.6]
         [Termination Attempts: Min: 1, Avg: 242.3, Max: 307, Diff: 306, Sum: 1938]
      [GC Worker Other (ms): Min: 0.0, Avg: 0.0, Max: 0.1, Diff: 0.0, Sum: 0.3]
      [GC Worker Total (ms): Min: 157.6, Avg: 157.7, Max: 157.8, Diff: 0.3, Sum: 1262.0]
      [GC Worker End (ms): Min: 93878.3, Avg: 93878.3, Max: 93878.4, Diff: 0.0]
   [Code Root Fixup: 0.0 ms]
   [Code Root Purge: 0.0 ms]
   [Clear CT: 0.3 ms]
   [Other: 1.4 ms]
      [Choose CSet: 0.0 ms]
      [Ref Proc: 0.3 ms]
      [Ref Enq: 0.0 ms]
      [Redirty Cards: 0.5 ms]
      [Humongous Register: 0.1 ms]
      [Humongous Reclaim: 0.0 ms]
      [Free CSet: 0.2 ms]
   [Eden: 144.0M(144.0M)->0.0B(149.0M) Survivors: 19.0M->21.0M Heap: 654.6M(2048.0M)->657.1M(2048.0M)]
 [Times: user=1.38 sys=0.00, real=0.16 secs] 
2020-09-29T12:28:42.701+0200: 94.028: [GC pause (G1 Evacuation Pause) (young), 0.2075061 secs]
   [Parallel Time: 206.0 ms, GC Workers: 8]
      [GC Worker Start (ms): Min: 94027.7, Avg: 94027.8, Max: 94027.9, Diff: 0.2]
      [Ext Root Scanning (ms): Min: 0.0, Avg: 0.1, Max: 0.2, Diff: 0.2, Sum: 1.0]
      [Update RS (ms): Min: 18.1, Avg: 18.9, Max: 19.5, Diff: 1.4, Sum: 151.2]
         [Processed Buffers: Min: 11, Avg: 12.0, Max: 13, Diff: 2, Sum: 96]
      [Scan RS (ms): Min: 11.4, Avg: 12.1, Max: 12.9, Diff: 1.5, Sum: 96.5]
      [Code Root Scanning (ms): Min: 0.0, Avg: 0.0, Max: 0.0, Diff: 0.0, Sum: 0.0]
      [Object Copy (ms): Min: 173.8, Avg: 174.0, Max: 174.5, Diff: 0.7, Sum: 1391.9]
      [Termination (ms): Min: 0.0, Avg: 0.5, Max: 0.6, Diff: 0.6, Sum: 4.2]
         [Termination Attempts: Min: 1, Avg: 2033.5, Max: 2471, Diff: 2470, Sum: 16268]
      [GC Worker Other (ms): Min: 0.0, Avg: 0.1, Max: 0.1, Diff: 0.1, Sum: 0.4]
      [GC Worker Total (ms): Min: 205.6, Avg: 205.6, Max: 205.7, Diff: 0.2, Sum: 1645.2]
      [GC Worker End (ms): Min: 94233.4, Avg: 94233.4, Max: 94233.5, Diff: 0.1]
   [Code Root Fixup: 0.0 ms]
   [Code Root Purge: 0.0 ms]
   [Clear CT: 0.3 ms]
   [Other: 1.2 ms]
      [Choose CSet: 0.0 ms]
      [Ref Proc: 0.3 ms]
      [Ref Enq: 0.0 ms]
      [Redirty Cards: 0.4 ms]
      [Humongous Register: 0.1 ms]
      [Humongous Reclaim: 0.0 ms]
      [Free CSet: 0.2 ms]
   [Eden: 149.0M(149.0M)->0.0B(139.0M) Survivors: 21.0M->22.0M Heap: 830.8M(2048.0M)->832.8M(2048.0M)]
 [Times: user=1.47 sys=0.00, real=0.21 secs] 
2020-09-29T12:28:43.072+0200: 94.398: [GC pause (G1 Evacuation Pause) (young), 0.1563110 secs]
   [Parallel Time: 154.8 ms, GC Workers: 8]
      [GC Worker Start (ms): Min: 94398.4, Avg: 94398.5, Max: 94398.6, Diff: 0.2]
      [Ext Root Scanning (ms): Min: 0.1, Avg: 0.1, Max: 0.2, Diff: 0.1, Sum: 1.0]
      [Update RS (ms): Min: 23.1, Avg: 23.2, Max: 23.6, Diff: 0.5, Sum: 185.8]
         [Processed Buffers: Min: 13, Avg: 15.4, Max: 19, Diff: 6, Sum: 123]
      [Scan RS (ms): Min: 9.6, Avg: 10.1, Max: 10.3, Diff: 0.7, Sum: 80.4]
      [Code Root Scanning (ms): Min: 0.0, Avg: 0.0, Max: 0.0, Diff: 0.0, Sum: 0.0]
      [Object Copy (ms): Min: 120.8, Avg: 120.9, Max: 121.0, Diff: 0.2, Sum: 967.6]
      [Termination (ms): Min: 0.0, Avg: 0.1, Max: 0.1, Diff: 0.1, Sum: 0.6]
         [Termination Attempts: Min: 1, Avg: 275.4, Max: 365, Diff: 364, Sum: 2203]
      [GC Worker Other (ms): Min: 0.0, Avg: 0.0, Max: 0.1, Diff: 0.1, Sum: 0.3]
      [GC Worker Total (ms): Min: 154.4, Avg: 154.5, Max: 154.5, Diff: 0.2, Sum: 1235.8]
      [GC Worker End (ms): Min: 94553.0, Avg: 94553.0, Max: 94553.0, Diff: 0.1]
   [Code Root Fixup: 0.0 ms]
   [Code Root Purge: 0.0 ms]
   [Clear CT: 0.3 ms]
   [Other: 1.2 ms]
      [Choose CSet: 0.0 ms]
      [Ref Proc: 0.3 ms]
      [Ref Enq: 0.0 ms]
      [Redirty Cards: 0.3 ms]
      [Humongous Register: 0.1 ms]
      [Humongous Reclaim: 0.0 ms]
      [Free CSet: 0.2 ms]
   [Eden: 139.0M(139.0M)->0.0B(148.0M) Survivors: 22.0M->21.0M Heap: 996.6M(2048.0M)->998.6M(2048.0M)]
 [Times: user=1.25 sys=0.00, real=0.16 secs] 
2020-09-29T12:28:43.244+0200: 94.571: [GC pause (G1 Humongous Allocation) (young) (initial-mark), 0.0559002 secs]
   [Parallel Time: 54.3 ms, GC Workers: 8]
      [GC Worker Start (ms): Min: 94570.7, Avg: 94570.8, Max: 94571.0, Diff: 0.2]
      [Ext Root Scanning (ms): Min: 0.0, Avg: 0.2, Max: 0.3, Diff: 0.3, Sum: 1.8]
      [Update RS (ms): Min: 24.1, Avg: 24.7, Max: 25.6, Diff: 1.5, Sum: 197.2]
         [Processed Buffers: Min: 16, Avg: 17.3, Max: 19, Diff: 3, Sum: 138]
      [Scan RS (ms): Min: 1.5, Avg: 2.5, Max: 3.2, Diff: 1.7, Sum: 19.8]
      [Code Root Scanning (ms): Min: 0.0, Avg: 0.0, Max: 0.0, Diff: 0.0, Sum: 0.0]
      [Object Copy (ms): Min: 26.6, Avg: 26.7, Max: 26.9, Diff: 0.3, Sum: 214.0]
      [Termination (ms): Min: 0.0, Avg: 0.0, Max: 0.1, Diff: 0.1, Sum: 0.3]
         [Termination Attempts: Min: 1, Avg: 137.3, Max: 176, Diff: 175, Sum: 1098]
      [GC Worker Other (ms): Min: 0.0, Avg: 0.0, Max: 0.0, Diff: 0.0, Sum: 0.2]
      [GC Worker Total (ms): Min: 54.0, Avg: 54.2, Max: 54.3, Diff: 0.3, Sum: 433.3]
      [GC Worker End (ms): Min: 94625.0, Avg: 94625.0, Max: 94625.0, Diff: 0.0]
   [Code Root Fixup: 0.0 ms]
   [Code Root Purge: 0.0 ms]
   [Clear CT: 0.4 ms]
   [Other: 1.2 ms]
      [Choose CSet: 0.0 ms]
      [Ref Proc: 0.3 ms]
      [Ref Enq: 0.0 ms]
      [Redirty Cards: 0.3 ms]
      [Humongous Register: 0.1 ms]
      [Humongous Reclaim: 0.0 ms]
      [Free CSet: 0.1 ms]
   [Eden: 11.0M(148.0M)->0.0B(164.0M) Survivors: 21.0M->13.0M Heap: 1009.6M(2048.0M)->1012.6M(2048.0M)]
 [Times: user=0.38 sys=0.00, real=0.06 secs] 
2020-09-29T12:28:43.300+0200: 94.627: [GC concurrent-root-region-scan-start]
2020-09-29T12:28:43.307+0200: 94.634: [GC concurrent-root-region-scan-end, 0.0069218 secs]
2020-09-29T12:28:43.307+0200: 94.634: [GC concurrent-mark-start]
2020-09-29T12:28:43.313+0200: 94.639: [GC concurrent-mark-end, 0.0048887 secs]
2020-09-29T12:28:43.318+0200: 94.644: [GC remark 2020-09-29T12:28:43.318+0200: 94.645: [Finalize Marking, 0.0003435 secs] 2020-09-29T12:28:43.318+0200: 94.645: [GC ref-proc, 0.0006176 secs] 2020-09-29T12:28:43.319+0200: 94.646: [Unloading, 0.0007000 secs], 0.0021392 secs]
 [Times: user=0.00 sys=0.00, real=0.00 secs] 
2020-09-29T12:28:43.324+0200: 94.650: [GC cleanup 1037M->47M(2048M), 0.0020356 secs]
 [Times: user=0.00 sys=0.00, real=0.00 secs] 
2020-09-29T12:28:43.326+0200: 94.653: [GC concurrent-cleanup-start]
2020-09-29T12:28:43.329+0200: 94.655: [GC concurrent-cleanup-end, 0.0024552 secs]
2020-09-29T12:28:43.459+0200: 94.786: [GC pause (G1 Evacuation Pause) (young), 0.1623106 secs]
   [Parallel Time: 160.6 ms, GC Workers: 8]
      [GC Worker Start (ms): Min: 94785.8, Avg: 94785.9, Max: 94786.0, Diff: 0.2]
      [Ext Root Scanning (ms): Min: 0.0, Avg: 0.1, Max: 0.2, Diff: 0.2, Sum: 1.0]
      [Update RS (ms): Min: 16.1, Avg: 16.2, Max: 16.8, Diff: 0.7, Sum: 129.8]
         [Processed Buffers: Min: 11, Avg: 11.5, Max: 13, Diff: 2, Sum: 92]
      [Scan RS (ms): Min: 11.7, Avg: 12.2, Max: 12.4, Diff: 0.7, Sum: 97.6]
      [Code Root Scanning (ms): Min: 0.0, Avg: 0.0, Max: 0.0, Diff: 0.0, Sum: 0.0]
      [Object Copy (ms): Min: 131.4, Avg: 131.5, Max: 131.6, Diff: 0.2, Sum: 1051.9]
      [Termination (ms): Min: 0.0, Avg: 0.2, Max: 0.2, Diff: 0.2, Sum: 1.5]
         [Termination Attempts: Min: 1, Avg: 674.1, Max: 814, Diff: 813, Sum: 5393]
      [GC Worker Other (ms): Min: 0.0, Avg: 0.0, Max: 0.1, Diff: 0.1, Sum: 0.4]
      [GC Worker Total (ms): Min: 160.2, Avg: 160.3, Max: 160.4, Diff: 0.2, Sum: 1282.1]
      [GC Worker End (ms): Min: 94946.2, Avg: 94946.2, Max: 94946.3, Diff: 0.1]
   [Code Root Fixup: 0.0 ms]
   [Code Root Purge: 0.0 ms]
   [Clear CT: 0.3 ms]
   [Other: 1.4 ms]
      [Choose CSet: 0.0 ms]
      [Ref Proc: 0.4 ms]
      [Ref Enq: 0.0 ms]
      [Redirty Cards: 0.4 ms]
      [Humongous Register: 0.0 ms]
      [Humongous Reclaim: 0.0 ms]
      [Free CSet: 0.3 ms]
   [Eden: 164.0M(164.0M)->0.0B(158.0M) Survivors: 13.0M->23.0M Heap: 215.1M(2048.0M)->205.1M(2048.0M)]
 [Times: user=1.25 sys=0.00, real=0.16 secs] 
2020-09-29T12:28:43.778+0200: 95.105: [GC pause (G1 Evacuation Pause) (young), 0.1901682 secs]
   [Parallel Time: 188.5 ms, GC Workers: 8]
      [GC Worker Start (ms): Min: 95105.2, Avg: 95105.4, Max: 95105.5, Diff: 0.3]
      [Ext Root Scanning (ms): Min: 0.0, Avg: 0.1, Max: 0.2, Diff: 0.2, Sum: 0.9]
      [Update RS (ms): Min: 16.4, Avg: 16.6, Max: 17.0, Diff: 0.6, Sum: 132.9]
         [Processed Buffers: Min: 9, Avg: 11.4, Max: 14, Diff: 5, Sum: 91]
      [Scan RS (ms): Min: 15.6, Avg: 16.2, Max: 16.8, Diff: 1.2, Sum: 129.4]
      [Code Root Scanning (ms): Min: 0.0, Avg: 0.0, Max: 0.0, Diff: 0.0, Sum: 0.0]
      [Object Copy (ms): Min: 154.2, Avg: 155.2, Max: 155.4, Diff: 1.2, Sum: 1241.4]
      [Termination (ms): Min: 0.0, Avg: 0.1, Max: 0.1, Diff: 0.1, Sum: 0.7]
         [Termination Attempts: Min: 1, Avg: 328.8, Max: 433, Diff: 432, Sum: 2630]
      [GC Worker Other (ms): Min: 0.0, Avg: 0.0, Max: 0.1, Diff: 0.1, Sum: 0.4]
      [GC Worker Total (ms): Min: 188.1, Avg: 188.2, Max: 188.3, Diff: 0.3, Sum: 1505.8]
      [GC Worker End (ms): Min: 95293.6, Avg: 95293.6, Max: 95293.6, Diff: 0.1]
   [Code Root Fixup: 0.0 ms]
   [Code Root Purge: 0.0 ms]
   [Clear CT: 0.4 ms]
   [Other: 1.2 ms]
      [Choose CSet: 0.0 ms]
      [Ref Proc: 0.4 ms]
      [Ref Enq: 0.0 ms]
      [Redirty Cards: 0.3 ms]
      [Humongous Register: 0.1 ms]
      [Humongous Reclaim: 0.0 ms]
      [Free CSet: 0.2 ms]
   [Eden: 158.0M(158.0M)->0.0B(152.0M) Survivors: 23.0M->23.0M Heap: 389.8M(2048.0M)->392.3M(2048.0M)]
 [Times: user=1.47 sys=0.00, real=0.19 secs] 
2020-09-29T12:28:44.115+0200: 95.442: [GC pause (G1 Evacuation Pause) (young), 0.1640125 secs]
   [Parallel Time: 162.5 ms, GC Workers: 8]
      [GC Worker Start (ms): Min: 95441.9, Avg: 95442.0, Max: 95442.1, Diff: 0.2]
      [Ext Root Scanning (ms): Min: 0.0, Avg: 0.1, Max: 0.2, Diff: 0.2, Sum: 0.9]
      [Update RS (ms): Min: 16.6, Avg: 16.9, Max: 17.6, Diff: 1.0, Sum: 135.0]
         [Processed Buffers: Min: 10, Avg: 11.4, Max: 15, Diff: 5, Sum: 91]
      [Scan RS (ms): Min: 13.1, Avg: 13.8, Max: 14.1, Diff: 1.0, Sum: 110.1]
      [Code Root Scanning (ms): Min: 0.0, Avg: 0.0, Max: 0.0, Diff: 0.0, Sum: 0.0]
      [Object Copy (ms): Min: 131.3, Avg: 131.3, Max: 131.4, Diff: 0.1, Sum: 1050.7]
      [Termination (ms): Min: 0.0, Avg: 0.0, Max: 0.0, Diff: 0.0, Sum: 0.2]
         [Termination Attempts: Min: 1, Avg: 68.4, Max: 85, Diff: 84, Sum: 547]
      [GC Worker Other (ms): Min: 0.0, Avg: 0.0, Max: 0.1, Diff: 0.1, Sum: 0.3]
      [GC Worker Total (ms): Min: 162.1, Avg: 162.2, Max: 162.3, Diff: 0.2, Sum: 1297.4]
      [GC Worker End (ms): Min: 95604.1, Avg: 95604.2, Max: 95604.2, Diff: 0.1]
   [Code Root Fixup: 0.0 ms]
   [Code Root Purge: 0.0 ms]
   [Clear CT: 0.4 ms]
   [Other: 1.1 ms]
      [Choose CSet: 0.0 ms]
      [Ref Proc: 0.2 ms]
      [Ref Enq: 0.0 ms]
      [Redirty Cards: 0.4 ms]
      [Humongous Register: 0.1 ms]
      [Humongous Reclaim: 0.0 ms]
      [Free CSet: 0.2 ms]
   [Eden: 152.0M(152.0M)->0.0B(157.0M) Survivors: 23.0M->22.0M Heap: 569.1M(2048.0M)->570.6M(2048.0M)]
 [Times: user=1.25 sys=0.00, real=0.16 secs] 
2020-09-29T12:28:44.421+0200: 95.748: [GC pause (G1 Evacuation Pause) (young), 0.1805592 secs]
   [Parallel Time: 179.0 ms, GC Workers: 8]
      [GC Worker Start (ms): Min: 95748.0, Avg: 95748.2, Max: 95748.3, Diff: 0.3]
      [Ext Root Scanning (ms): Min: 0.0, Avg: 0.1, Max: 0.3, Diff: 0.3, Sum: 0.8]
      [Update RS (ms): Min: 21.3, Avg: 21.5, Max: 22.5, Diff: 1.2, Sum: 172.3]
         [Processed Buffers: Min: 13, Avg: 14.6, Max: 17, Diff: 4, Sum: 117]
      [Scan RS (ms): Min: 11.3, Avg: 12.2, Max: 12.5, Diff: 1.2, Sum: 97.6]
      [Code Root Scanning (ms): Min: 0.0, Avg: 0.0, Max: 0.0, Diff: 0.0, Sum: 0.0]
      [Object Copy (ms): Min: 144.6, Avg: 144.6, Max: 144.6, Diff: 0.1, Sum: 1156.9]
      [Termination (ms): Min: 0.0, Avg: 0.1, Max: 0.2, Diff: 0.2, Sum: 1.0]
         [Termination Attempts: Min: 1, Avg: 451.3, Max: 603, Diff: 602, Sum: 3610]
      [GC Worker Other (ms): Min: 0.0, Avg: 0.1, Max: 0.1, Diff: 0.1, Sum: 0.4]
      [GC Worker Total (ms): Min: 178.5, Avg: 178.6, Max: 178.8, Diff: 0.2, Sum: 1429.0]
      [GC Worker End (ms): Min: 95926.8, Avg: 95926.8, Max: 95926.8, Diff: 0.1]
   [Code Root Fixup: 0.0 ms]
   [Code Root Purge: 0.0 ms]
   [Clear CT: 0.3 ms]
   [Other: 1.2 ms]
      [Choose CSet: 0.0 ms]
      [Ref Proc: 0.3 ms]
      [Ref Enq: 0.0 ms]
      [Redirty Cards: 0.3 ms]
      [Humongous Register: 0.1 ms]
      [Humongous Reclaim: 0.0 ms]
      [Free CSet: 0.2 ms]
   [Eden: 157.0M(157.0M)->0.0B(158.0M) Survivors: 22.0M->23.0M Heap: 754.3M(2048.0M)->757.3M(2048.0M)]
 [Times: user=1.50 sys=0.00, real=0.18 secs] 
2020-09-29T12:28:44.737+0200: 96.063: [GC pause (G1 Evacuation Pause) (young), 0.0869410 secs]
   [Parallel Time: 85.9 ms, GC Workers: 8]
      [GC Worker Start (ms): Min: 96063.6, Avg: 96063.7, Max: 96063.8, Diff: 0.2]
      [Ext Root Scanning (ms): Min: 0.0, Avg: 0.1, Max: 0.2, Diff: 0.2, Sum: 0.5]
      [Update RS (ms): Min: 8.9, Avg: 9.1, Max: 9.5, Diff: 0.6, Sum: 72.8]
         [Processed Buffers: Min: 10, Avg: 10.1, Max: 11, Diff: 1, Sum: 81]
      [Scan RS (ms): Min: 7.5, Avg: 7.9, Max: 8.1, Diff: 0.5, Sum: 62.9]
      [Code Root Scanning (ms): Min: 0.0, Avg: 0.0, Max: 0.0, Diff: 0.0, Sum: 0.0]
      [Object Copy (ms): Min: 68.5, Avg: 68.6, Max: 68.6, Diff: 0.1, Sum: 548.5]
      [Termination (ms): Min: 0.0, Avg: 0.0, Max: 0.0, Diff: 0.0, Sum: 0.1]
         [Termination Attempts: Min: 1, Avg: 75.0, Max: 97, Diff: 96, Sum: 600]
      [GC Worker Other (ms): Min: 0.0, Avg: 0.0, Max: 0.1, Diff: 0.1, Sum: 0.3]
      [GC Worker Total (ms): Min: 85.5, Avg: 85.6, Max: 85.7, Diff: 0.2, Sum: 685.0]
      [GC Worker End (ms): Min: 96149.3, Avg: 96149.4, Max: 96149.4, Diff: 0.1]
   [Code Root Fixup: 0.0 ms]
   [Code Root Purge: 0.0 ms]
   [Clear CT: 0.2 ms]
   [Other: 0.8 ms]
      [Choose CSet: 0.0 ms]
      [Ref Proc: 0.2 ms]
      [Ref Enq: 0.0 ms]
      [Redirty Cards: 0.2 ms]
      [Humongous Register: 0.0 ms]
      [Humongous Reclaim: 0.0 ms]
      [Free CSet: 0.2 ms]
   [Eden: 158.0M(158.0M)->0.0B(179.0M) Survivors: 23.0M->23.0M Heap: 940.1M(2048.0M)->942.6M(2048.0M)]
 [Times: user=0.75 sys=0.00, real=0.09 secs] 
2020-09-29T12:28:44.826+0200: 96.153: [GC pause (G1 Humongous Allocation) (young) (initial-mark), 0.0382848 secs]
   [Parallel Time: 36.9 ms, GC Workers: 8]
      [GC Worker Start (ms): Min: 96153.7, Avg: 96153.8, Max: 96153.9, Diff: 0.2]
      [Ext Root Scanning (ms): Min: 0.0, Avg: 0.9, Max: 4.7, Diff: 4.7, Sum: 7.5]
      [Update RS (ms): Min: 20.8, Avg: 24.0, Max: 24.8, Diff: 4.1, Sum: 192.0]
         [Processed Buffers: Min: 17, Avg: 26.9, Max: 30, Diff: 13, Sum: 215]
      [Scan RS (ms): Min: 0.4, Avg: 0.9, Max: 1.2, Diff: 0.8, Sum: 7.6]
      [Code Root Scanning (ms): Min: 0.0, Avg: 0.0, Max: 0.0, Diff: 0.0, Sum: 0.0]
      [Object Copy (ms): Min: 10.8, Avg: 10.9, Max: 10.9, Diff: 0.1, Sum: 87.1]
      [Termination (ms): Min: 0.0, Avg: 0.0, Max: 0.0, Diff: 0.0, Sum: 0.0]
         [Termination Attempts: Min: 1, Avg: 30.8, Max: 44, Diff: 43, Sum: 246]
      [GC Worker Other (ms): Min: 0.0, Avg: 0.0, Max: 0.0, Diff: 0.0, Sum: 0.1]
      [GC Worker Total (ms): Min: 36.7, Avg: 36.8, Max: 36.9, Diff: 0.2, Sum: 294.3]
      [GC Worker End (ms): Min: 96190.6, Avg: 96190.6, Max: 96190.6, Diff: 0.0]
   [Code Root Fixup: 0.0 ms]
   [Code Root Purge: 0.0 ms]
   [Clear CT: 0.3 ms]
   [Other: 1.1 ms]
      [Choose CSet: 0.0 ms]
      [Ref Proc: 0.3 ms]
      [Ref Enq: 0.0 ms]
      [Redirty Cards: 0.4 ms]
      [Humongous Register: 0.1 ms]
      [Humongous Reclaim: 0.0 ms]
      [Free CSet: 0.0 ms]
   [Eden: 1024.0K(179.0M)->0.0B(229.0M) Survivors: 23.0M->2048.0K Heap: 943.6M(2048.0M)->946.6M(2048.0M)]
 [Times: user=0.22 sys=0.02, real=0.04 secs] 
2020-09-29T12:28:44.865+0200: 96.192: [GC concurrent-root-region-scan-start]
2020-09-29T12:28:44.865+0200: 96.192: [GC concurrent-root-region-scan-end, 0.0002763 secs]
2020-09-29T12:28:44.865+0200: 96.192: [GC concurrent-mark-start]
2020-09-29T12:28:44.868+0200: 96.195: [GC concurrent-mark-end, 0.0030200 secs]
2020-09-29T12:28:44.868+0200: 96.195: [GC remark 2020-09-29T12:28:44.868+0200: 96.195: [Finalize Marking, 0.0003776 secs] 2020-09-29T12:28:44.869+0200: 96.196: [GC ref-proc, 0.0002908 secs] 2020-09-29T12:28:44.869+0200: 96.196: [Unloading, 0.0005098 secs], 0.0018982 secs]
 [Times: user=0.00 sys=0.00, real=0.00 secs] 
2020-09-29T12:28:44.871+0200: 96.198: [GC cleanup 954M->19M(2048M), 0.0018614 secs]
 [Times: user=0.00 sys=0.00, real=0.00 secs] 
2020-09-29T12:28:44.873+0200: 96.200: [GC concurrent-cleanup-start]
2020-09-29T12:28:44.874+0200: 96.201: [GC concurrent-cleanup-end, 0.0010710 secs]
2020-09-29T12:28:44.989+0200: 96.315: [GC pause (G1 Evacuation Pause) (young), 0.1165595 secs]
   [Parallel Time: 115.2 ms, GC Workers: 8]
      [GC Worker Start (ms): Min: 96315.6, Avg: 96315.7, Max: 96315.8, Diff: 0.2]
      [Ext Root Scanning (ms): Min: 0.0, Avg: 0.1, Max: 0.2, Diff: 0.2, Sum: 0.6]
      [Update RS (ms): Min: 9.2, Avg: 9.6, Max: 12.0, Diff: 2.7, Sum: 77.0]
         [Processed Buffers: Min: 10, Avg: 12.0, Max: 13, Diff: 3, Sum: 96]
      [Scan RS (ms): Min: 8.6, Avg: 11.2, Max: 13.0, Diff: 4.4, Sum: 89.5]
      [Code Root Scanning (ms): Min: 0.0, Avg: 0.0, Max: 0.0, Diff: 0.0, Sum: 0.0]
      [Object Copy (ms): Min: 92.7, Avg: 94.1, Max: 94.3, Diff: 1.7, Sum: 752.8]
      [Termination (ms): Min: 0.0, Avg: 0.0, Max: 0.0, Diff: 0.0, Sum: 0.2]
         [Termination Attempts: Min: 1, Avg: 200.3, Max: 280, Diff: 279, Sum: 1602]
      [GC Worker Other (ms): Min: 0.0, Avg: 0.0, Max: 0.1, Diff: 0.1, Sum: 0.3]
      [GC Worker Total (ms): Min: 114.9, Avg: 115.0, Max: 115.2, Diff: 0.2, Sum: 920.3]
      [GC Worker End (ms): Min: 96430.8, Avg: 96430.8, Max: 96430.8, Diff: 0.1]
   [Code Root Fixup: 0.0 ms]
   [Code Root Purge: 0.0 ms]
   [Clear CT: 0.2 ms]
   [Other: 1.1 ms]
      [Choose CSet: 0.0 ms]
      [Ref Proc: 0.2 ms]
      [Ref Enq: 0.0 ms]
      [Redirty Cards: 0.3 ms]
      [Humongous Register: 0.0 ms]
      [Humongous Reclaim: 0.0 ms]
      [Free CSet: 0.2 ms]
   [Eden: 229.0M(229.0M)->0.0B(224.0M) Survivors: 2048.0K->29.0M Heap: 281.1M(2048.0M)->280.6M(2048.0M)]
 [Times: user=0.88 sys=0.00, real=0.12 secs] 
2020-09-29T12:28:45.224+0200: 96.550: [GC pause (G1 Evacuation Pause) (young), 0.1221549 secs]
   [Parallel Time: 121.1 ms, GC Workers: 8]
      [GC Worker Start (ms): Min: 96550.6, Avg: 96550.7, Max: 96550.7, Diff: 0.2]
      [Ext Root Scanning (ms): Min: 0.0, Avg: 0.1, Max: 0.2, Diff: 0.2, Sum: 0.5]
      [Update RS (ms): Min: 12.6, Avg: 12.7, Max: 13.1, Diff: 0.6, Sum: 101.9]
         [Processed Buffers: Min: 13, Avg: 14.1, Max: 16, Diff: 3, Sum: 113]
      [Scan RS (ms): Min: 11.0, Avg: 11.5, Max: 11.6, Diff: 0.6, Sum: 91.6]
      [Code Root Scanning (ms): Min: 0.0, Avg: 0.0, Max: 0.0, Diff: 0.0, Sum: 0.0]
      [Object Copy (ms): Min: 96.5, Avg: 96.6, Max: 96.6, Diff: 0.1, Sum: 772.6]
      [Termination (ms): Min: 0.0, Avg: 0.0, Max: 0.0, Diff: 0.0, Sum: 0.1]
         [Termination Attempts: Min: 1, Avg: 44.8, Max: 59, Diff: 58, Sum: 358]
      [GC Worker Other (ms): Min: 0.0, Avg: 0.0, Max: 0.1, Diff: 0.1, Sum: 0.3]
      [GC Worker Total (ms): Min: 120.8, Avg: 120.9, Max: 121.0, Diff: 0.2, Sum: 967.0]
      [GC Worker End (ms): Min: 96671.5, Avg: 96671.6, Max: 96671.6, Diff: 0.1]
   [Code Root Fixup: 0.0 ms]
   [Code Root Purge: 0.0 ms]
   [Clear CT: 0.2 ms]
   [Other: 0.9 ms]
      [Choose CSet: 0.0 ms]
      [Ref Proc: 0.2 ms]
      [Ref Enq: 0.0 ms]
      [Redirty Cards: 0.2 ms]
      [Humongous Register: 0.0 ms]
      [Humongous Reclaim: 0.0 ms]
      [Free CSet: 0.2 ms]
   [Eden: 224.0M(224.0M)->0.0B(240.0M) Survivors: 29.0M->32.0M Heap: 540.8M(2048.0M)->543.3M(2048.0M)]
 [Times: user=0.88 sys=0.00, real=0.12 secs] 
2020-09-29T12:28:45.484+0200: 96.811: [GC pause (G1 Evacuation Pause) (young), 0.1307595 secs]
   [Parallel Time: 129.6 ms, GC Workers: 8]
      [GC Worker Start (ms): Min: 96811.0, Avg: 96811.1, Max: 96811.2, Diff: 0.2]
      [Ext Root Scanning (ms): Min: 0.0, Avg: 0.1, Max: 0.2, Diff: 0.2, Sum: 0.4]
      [Update RS (ms): Min: 15.2, Avg: 15.3, Max: 15.4, Diff: 0.3, Sum: 122.2]
         [Processed Buffers: Min: 11, Avg: 17.4, Max: 20, Diff: 9, Sum: 139]
      [Scan RS (ms): Min: 10.9, Avg: 11.1, Max: 11.3, Diff: 0.4, Sum: 88.8]
      [Code Root Scanning (ms): Min: 0.0, Avg: 0.0, Max: 0.0, Diff: 0.0, Sum: 0.0]
      [Object Copy (ms): Min: 102.8, Avg: 102.9, Max: 103.0, Diff: 0.2, Sum: 823.2]
      [Termination (ms): Min: 0.0, Avg: 0.0, Max: 0.0, Diff: 0.0, Sum: 0.1]
         [Termination Attempts: Min: 1, Avg: 58.1, Max: 77, Diff: 76, Sum: 465]
      [GC Worker Other (ms): Min: 0.0, Avg: 0.0, Max: 0.1, Diff: 0.1, Sum: 0.2]
      [GC Worker Total (ms): Min: 129.3, Avg: 129.4, Max: 129.5, Diff: 0.2, Sum: 1035.0]
      [GC Worker End (ms): Min: 96940.5, Avg: 96940.5, Max: 96940.5, Diff: 0.1]
   [Code Root Fixup: 0.0 ms]
   [Code Root Purge: 0.0 ms]
   [Clear CT: 0.2 ms]
   [Other: 0.9 ms]
      [Choose CSet: 0.0 ms]
      [Ref Proc: 0.2 ms]
      [Ref Enq: 0.0 ms]
      [Redirty Cards: 0.2 ms]
      [Humongous Register: 0.0 ms]
      [Humongous Reclaim: 0.0 ms]
      [Free CSet: 0.3 ms]
   [Eden: 240.0M(240.0M)->0.0B(259.0M) Survivors: 32.0M->34.0M Heap: 823.3M(2048.0M)->825.8M(2048.0M)]
 [Times: user=1.13 sys=0.00, real=0.13 secs] 
2020-09-29T12:28:45.756+0200: 97.083: [GC pause (G1 Evacuation Pause) (young), 0.1399263 secs]
   [Parallel Time: 138.8 ms, GC Workers: 8]
      [GC Worker Start (ms): Min: 97083.0, Avg: 97083.1, Max: 97083.2, Diff: 0.2]
      [Ext Root Scanning (ms): Min: 0.0, Avg: 0.1, Max: 0.1, Diff: 0.1, Sum: 0.6]
      [Update RS (ms): Min: 14.6, Avg: 14.7, Max: 14.8, Diff: 0.2, Sum: 117.8]
         [Processed Buffers: Min: 15, Avg: 18.3, Max: 22, Diff: 7, Sum: 146]
      [Scan RS (ms): Min: 12.7, Avg: 12.9, Max: 13.0, Diff: 0.3, Sum: 102.8]
      [Code Root Scanning (ms): Min: 0.0, Avg: 0.0, Max: 0.0, Diff: 0.0, Sum: 0.0]
      [Object Copy (ms): Min: 110.8, Avg: 110.9, Max: 110.9, Diff: 0.2, Sum: 886.9]
      [Termination (ms): Min: 0.0, Avg: 0.0, Max: 0.1, Diff: 0.1, Sum: 0.3]
         [Termination Attempts: Min: 1, Avg: 299.1, Max: 422, Diff: 421, Sum: 2393]
      [GC Worker Other (ms): Min: 0.0, Avg: 0.0, Max: 0.1, Diff: 0.0, Sum: 0.3]
      [GC Worker Total (ms): Min: 138.5, Avg: 138.6, Max: 138.7, Diff: 0.2, Sum: 1108.7]
      [GC Worker End (ms): Min: 97221.6, Avg: 97221.7, Max: 97221.7, Diff: 0.0]
   [Code Root Fixup: 0.0 ms]
   [Code Root Purge: 0.0 ms]
   [Clear CT: 0.2 ms]
   [Other: 1.0 ms]
      [Choose CSet: 0.0 ms]
      [Ref Proc: 0.2 ms]
      [Ref Enq: 0.0 ms]
      [Redirty Cards: 0.3 ms]
      [Humongous Register: 0.1 ms]
      [Humongous Reclaim: 0.0 ms]
      [Free CSet: 0.2 ms]
   [Eden: 259.0M(259.0M)->0.0B(275.0M) Survivors: 34.0M->37.0M Heap: 1128.7M(2048.0M)->1130.2M(2048.0M)]
 [Times: user=1.13 sys=0.00, real=0.14 secs] 
2020-09-29T12:28:45.910+0200: 97.237: [GC pause (G1 Humongous Allocation) (young) (initial-mark), 0.0489760 secs]
   [Parallel Time: 48.1 ms, GC Workers: 8]
      [GC Worker Start (ms): Min: 97237.3, Avg: 97237.4, Max: 97237.5, Diff: 0.2]
      [Ext Root Scanning (ms): Min: 0.0, Avg: 0.3, Max: 0.7, Diff: 0.7, Sum: 2.5]
      [Update RS (ms): Min: 22.6, Avg: 23.2, Max: 23.6, Diff: 1.0, Sum: 185.6]
         [Processed Buffers: Min: 26, Avg: 28.4, Max: 31, Diff: 5, Sum: 227]
      [Scan RS (ms): Min: 1.9, Avg: 2.3, Max: 2.6, Diff: 0.7, Sum: 18.4]
      [Code Root Scanning (ms): Min: 0.0, Avg: 0.0, Max: 0.0, Diff: 0.0, Sum: 0.0]
      [Object Copy (ms): Min: 22.0, Avg: 22.1, Max: 22.1, Diff: 0.1, Sum: 176.6]
      [Termination (ms): Min: 0.0, Avg: 0.0, Max: 0.0, Diff: 0.0, Sum: 0.2]
         [Termination Attempts: Min: 1, Avg: 133.5, Max: 193, Diff: 192, Sum: 1068]
      [GC Worker Other (ms): Min: 0.0, Avg: 0.0, Max: 0.0, Diff: 0.0, Sum: 0.1]
      [GC Worker Total (ms): Min: 47.8, Avg: 47.9, Max: 48.0, Diff: 0.2, Sum: 383.4]
      [GC Worker End (ms): Min: 97285.3, Avg: 97285.3, Max: 97285.3, Diff: 0.0]
   [Code Root Fixup: 0.0 ms]
   [Code Root Purge: 0.0 ms]
   [Clear CT: 0.2 ms]
   [Other: 0.7 ms]
      [Choose CSet: 0.0 ms]
      [Ref Proc: 0.1 ms]
      [Ref Enq: 0.0 ms]
      [Redirty Cards: 0.2 ms]
      [Humongous Register: 0.1 ms]
      [Humongous Reclaim: 0.0 ms]
      [Free CSet: 0.1 ms]
   [Eden: 10.0M(275.0M)->0.0B(309.0M) Survivors: 37.0M->12.0M Heap: 1139.7M(2048.0M)->1143.7M(2048.0M)]
 [Times: user=0.39 sys=0.00, real=0.05 secs] 
2020-09-29T12:28:45.960+0200: 97.286: [GC concurrent-root-region-scan-start]
2020-09-29T12:28:45.962+0200: 97.289: [GC concurrent-root-region-scan-end, 0.0022810 secs]
2020-09-29T12:28:45.962+0200: 97.289: [GC concurrent-mark-start]
2020-09-29T12:28:45.965+0200: 97.292: [GC concurrent-mark-end, 0.0030609 secs]
2020-09-29T12:28:45.965+0200: 97.292: [GC remark 2020-09-29T12:28:45.965+0200: 97.292: [Finalize Marking, 0.0001471 secs] 2020-09-29T12:28:45.965+0200: 97.292: [GC ref-proc, 0.0003141 secs] 2020-09-29T12:28:45.966+0200: 97.292: [Unloading, 0.0005261 secs], 0.0013979 secs]
 [Times: user=0.00 sys=0.00, real=0.00 secs] 
2020-09-29T12:28:45.967+0200: 97.294: [GC cleanup 1155M->33M(2048M), 0.0014286 secs]
 [Times: user=0.00 sys=0.00, real=0.00 secs] 
2020-09-29T12:28:45.968+0200: 97.295: [GC concurrent-cleanup-start]
2020-09-29T12:28:45.970+0200: 97.297: [GC concurrent-cleanup-end, 0.0016913 secs]
2020-09-29T12:28:46.123+0200: 97.450: [GC pause (G1 Evacuation Pause) (young), 0.1545600 secs]
   [Parallel Time: 153.5 ms, GC Workers: 8]
      [GC Worker Start (ms): Min: 97450.0, Avg: 97450.1, Max: 97450.2, Diff: 0.1]
      [Ext Root Scanning (ms): Min: 0.0, Avg: 0.1, Max: 0.1, Diff: 0.1, Sum: 0.6]
      [Update RS (ms): Min: 15.3, Avg: 15.7, Max: 16.1, Diff: 0.8, Sum: 125.4]
         [Processed Buffers: Min: 18, Avg: 18.4, Max: 20, Diff: 2, Sum: 147]
      [Scan RS (ms): Min: 13.1, Avg: 13.6, Max: 14.0, Diff: 0.8, Sum: 108.8]
      [Code Root Scanning (ms): Min: 0.0, Avg: 0.0, Max: 0.0, Diff: 0.0, Sum: 0.0]
      [Object Copy (ms): Min: 123.7, Avg: 123.7, Max: 123.9, Diff: 0.2, Sum: 989.8]
      [Termination (ms): Min: 0.0, Avg: 0.2, Max: 0.2, Diff: 0.2, Sum: 1.4]
         [Termination Attempts: Min: 1, Avg: 1223.8, Max: 1606, Diff: 1605, Sum: 9790]
      [GC Worker Other (ms): Min: 0.0, Avg: 0.0, Max: 0.1, Diff: 0.1, Sum: 0.3]
      [GC Worker Total (ms): Min: 153.2, Avg: 153.3, Max: 153.3, Diff: 0.1, Sum: 1226.4]
      [GC Worker End (ms): Min: 97603.4, Avg: 97603.4, Max: 97603.4, Diff: 0.1]
   [Code Root Fixup: 0.0 ms]
   [Code Root Purge: 0.0 ms]
   [Clear CT: 0.2 ms]
   [Other: 0.8 ms]
      [Choose CSet: 0.0 ms]
      [Ref Proc: 0.2 ms]
      [Ref Enq: 0.0 ms]
      [Redirty Cards: 0.2 ms]
      [Humongous Register: 0.0 ms]
      [Humongous Reclaim: 0.0 ms]
      [Free CSet: 0.2 ms]
   [Eden: 309.0M(309.0M)->0.0B(294.0M) Survivors: 12.0M->41.0M Heap: 382.0M(2048.0M)->372.0M(2048.0M)]
 [Times: user=1.23 sys=0.00, real=0.16 secs] 
2020-09-29T12:28:46.436+0200: 97.763: [GC pause (G1 Evacuation Pause) (young), 0.1705314 secs]
   [Parallel Time: 169.5 ms, GC Workers: 8]
      [GC Worker Start (ms): Min: 97763.3, Avg: 97763.4, Max: 97763.5, Diff: 0.2]
      [Ext Root Scanning (ms): Min: 0.0, Avg: 0.1, Max: 0.2, Diff: 0.2, Sum: 0.5]
      [Update RS (ms): Min: 13.1, Avg: 13.4, Max: 13.5, Diff: 0.3, Sum: 107.0]
         [Processed Buffers: Min: 13, Avg: 15.3, Max: 18, Diff: 5, Sum: 122]
      [Scan RS (ms): Min: 17.1, Avg: 17.2, Max: 17.4, Diff: 0.3, Sum: 137.7]
      [Code Root Scanning (ms): Min: 0.0, Avg: 0.0, Max: 0.0, Diff: 0.0, Sum: 0.0]
      [Object Copy (ms): Min: 138.4, Avg: 138.5, Max: 138.5, Diff: 0.1, Sum: 1107.8]
      [Termination (ms): Min: 0.0, Avg: 0.0, Max: 0.0, Diff: 0.0, Sum: 0.2]
         [Termination Attempts: Min: 1, Avg: 148.8, Max: 215, Diff: 214, Sum: 1190]
      [GC Worker Other (ms): Min: 0.0, Avg: 0.0, Max: 0.1, Diff: 0.0, Sum: 0.3]
      [GC Worker Total (ms): Min: 169.1, Avg: 169.2, Max: 169.3, Diff: 0.1, Sum: 1353.6]
      [GC Worker End (ms): Min: 97932.6, Avg: 97932.6, Max: 97932.6, Diff: 0.0]
   [Code Root Fixup: 0.0 ms]
   [Code Root Purge: 0.0 ms]
   [Clear CT: 0.2 ms]
   [Other: 0.9 ms]
      [Choose CSet: 0.0 ms]
      [Ref Proc: 0.2 ms]
      [Ref Enq: 0.0 ms]
      [Redirty Cards: 0.2 ms]
      [Humongous Register: 0.0 ms]
      [Humongous Reclaim: 0.0 ms]
      [Free CSet: 0.2 ms]
   [Eden: 294.0M(294.0M)->0.0B(293.0M) Survivors: 41.0M->42.0M Heap: 715.6M(2048.0M)->717.6M(2048.0M)]
 [Times: user=1.27 sys=0.02, real=0.17 secs] 
2020-09-29T12:28:46.770+0200: 98.098: [GC pause (G1 Evacuation Pause) (young), 0.1720856 secs]
   [Parallel Time: 171.0 ms, GC Workers: 8]
      [GC Worker Start (ms): Min: 98097.7, Avg: 98097.8, Max: 98097.8, Diff: 0.1]
      [Ext Root Scanning (ms): Min: 0.0, Avg: 0.1, Max: 0.2, Diff: 0.1, Sum: 0.7]
      [Update RS (ms): Min: 16.2, Avg: 16.4, Max: 16.6, Diff: 0.4, Sum: 131.0]
         [Processed Buffers: Min: 16, Avg: 18.3, Max: 20, Diff: 4, Sum: 146]
      [Scan RS (ms): Min: 18.3, Avg: 18.6, Max: 18.9, Diff: 0.6, Sum: 149.0]
      [Code Root Scanning (ms): Min: 0.0, Avg: 0.0, Max: 0.0, Diff: 0.0, Sum: 0.0]
      [Object Copy (ms): Min: 135.4, Avg: 135.6, Max: 135.6, Diff: 0.3, Sum: 1084.5]
      [Termination (ms): Min: 0.0, Avg: 0.1, Max: 0.1, Diff: 0.1, Sum: 0.5]
         [Termination Attempts: Min: 1, Avg: 418.4, Max: 572, Diff: 571, Sum: 3347]
      [GC Worker Other (ms): Min: 0.0, Avg: 0.1, Max: 0.1, Diff: 0.1, Sum: 0.4]
      [GC Worker Total (ms): Min: 170.7, Avg: 170.8, Max: 170.8, Diff: 0.1, Sum: 1366.1]
      [GC Worker End (ms): Min: 98268.5, Avg: 98268.6, Max: 98268.6, Diff: 0.1]
   [Code Root Fixup: 0.0 ms]
   [Code Root Purge: 0.0 ms]
   [Clear CT: 0.2 ms]
   [Other: 0.9 ms]
      [Choose CSet: 0.0 ms]
      [Ref Proc: 0.1 ms]
      [Ref Enq: 0.0 ms]
      [Redirty Cards: 0.3 ms]
      [Humongous Register: 0.0 ms]
      [Humongous Reclaim: 0.0 ms]
      [Free CSet: 0.3 ms]
   [Eden: 293.0M(293.0M)->0.0B(290.0M) Survivors: 42.0M->42.0M Heap: 1060.2M(2048.0M)->1062.7M(2048.0M)]
 [Times: user=1.24 sys=0.05, real=0.17 secs] 
2020-09-29T12:28:46.958+0200: 98.286: [GC pause (G1 Humongous Allocation) (young) (initial-mark), 0.0497599 secs]
   [Parallel Time: 48.9 ms, GC Workers: 8]
      [GC Worker Start (ms): Min: 98285.7, Avg: 98285.8, Max: 98285.8, Diff: 0.1]
      [Ext Root Scanning (ms): Min: 0.0, Avg: 0.1, Max: 0.1, Diff: 0.1, Sum: 0.7]
      [Update RS (ms): Min: 25.7, Avg: 26.1, Max: 26.4, Diff: 0.7, Sum: 208.6]
         [Processed Buffers: Min: 30, Avg: 32.5, Max: 34, Diff: 4, Sum: 260]
      [Scan RS (ms): Min: 2.2, Avg: 2.5, Max: 2.9, Diff: 0.6, Sum: 20.3]
      [Code Root Scanning (ms): Min: 0.0, Avg: 0.0, Max: 0.0, Diff: 0.0, Sum: 0.0]
      [Object Copy (ms): Min: 20.0, Avg: 20.1, Max: 20.1, Diff: 0.1, Sum: 160.5]
      [Termination (ms): Min: 0.0, Avg: 0.0, Max: 0.0, Diff: 0.0, Sum: 0.1]
         [Termination Attempts: Min: 1, Avg: 115.1, Max: 157, Diff: 156, Sum: 921]
      [GC Worker Other (ms): Min: 0.0, Avg: 0.0, Max: 0.0, Diff: 0.0, Sum: 0.1]
      [GC Worker Total (ms): Min: 48.8, Avg: 48.8, Max: 48.9, Diff: 0.1, Sum: 390.5]
      [GC Worker End (ms): Min: 98334.6, Avg: 98334.6, Max: 98334.6, Diff: 0.0]
   [Code Root Fixup: 0.0 ms]
   [Code Root Purge: 0.0 ms]
   [Clear CT: 0.2 ms]
   [Other: 0.7 ms]
      [Choose CSet: 0.0 ms]
      [Ref Proc: 0.2 ms]
      [Ref Enq: 0.0 ms]
      [Redirty Cards: 0.2 ms]
      [Humongous Register: 0.0 ms]
      [Humongous Reclaim: 0.0 ms]
      [Free CSet: 0.1 ms]
   [Eden: 9216.0K(290.0M)->0.0B(339.0M) Survivors: 42.0M->11.0M Heap: 1071.2M(2048.0M)->1075.2M(2048.0M)]
 [Times: user=0.38 sys=0.00, real=0.05 secs] 
2020-09-29T12:28:47.008+0200: 98.335: [GC concurrent-root-region-scan-start]
2020-09-29T12:28:47.010+0200: 98.337: [GC concurrent-root-region-scan-end, 0.0017133 secs]
2020-09-29T12:28:47.010+0200: 98.337: [GC concurrent-mark-start]
2020-09-29T12:28:47.013+0200: 98.340: [GC concurrent-mark-end, 0.0027072 secs]
2020-09-29T12:28:47.013+0200: 98.340: [GC remark 2020-09-29T12:28:47.013+0200: 98.340: [Finalize Marking, 0.0001957 secs] 2020-09-29T12:28:47.013+0200: 98.340: [GC ref-proc, 0.0003067 secs] 2020-09-29T12:28:47.014+0200: 98.341: [Unloading, 0.0004494 secs], 0.0012256 secs]
 [Times: user=0.00 sys=0.00, real=0.00 secs] 
2020-09-29T12:28:47.015+0200: 98.342: [GC cleanup 1086M->31M(2048M), 0.0010862 secs]
 [Times: user=0.00 sys=0.00, real=0.00 secs] 
2020-09-29T12:28:47.016+0200: 98.343: [GC concurrent-cleanup-start]
2020-09-29T12:28:47.017+0200: 98.344: [GC concurrent-cleanup-end, 0.0012098 secs]
2020-09-29T12:28:47.187+0200: 98.515: [GC pause (G1 Evacuation Pause) (young), 0.1651810 secs]
   [Parallel Time: 163.7 ms, GC Workers: 8]
      [GC Worker Start (ms): Min: 98514.6, Avg: 98514.7, Max: 98514.8, Diff: 0.2]
      [Ext Root Scanning (ms): Min: 0.0, Avg: 0.1, Max: 0.1, Diff: 0.1, Sum: 0.4]
      [Update RS (ms): Min: 16.2, Avg: 16.5, Max: 16.8, Diff: 0.6, Sum: 131.7]
         [Processed Buffers: Min: 17, Avg: 19.8, Max: 23, Diff: 6, Sum: 158]
      [Scan RS (ms): Min: 15.7, Avg: 16.0, Max: 16.3, Diff: 0.7, Sum: 128.4]
      [Code Root Scanning (ms): Min: 0.0, Avg: 0.0, Max: 0.0, Diff: 0.0, Sum: 0.0]
      [Object Copy (ms): Min: 130.8, Avg: 130.8, Max: 130.9, Diff: 0.1, Sum: 1046.5]
      [Termination (ms): Min: 0.0, Avg: 0.0, Max: 0.0, Diff: 0.0, Sum: 0.2]
         [Termination Attempts: Min: 1, Avg: 206.3, Max: 306, Diff: 305, Sum: 1650]
      [GC Worker Other (ms): Min: 0.0, Avg: 0.0, Max: 0.1, Diff: 0.1, Sum: 0.4]
      [GC Worker Total (ms): Min: 163.4, Avg: 163.5, Max: 163.5, Diff: 0.1, Sum: 1307.7]
      [GC Worker End (ms): Min: 98678.2, Avg: 98678.2, Max: 98678.2, Diff: 0.1]
   [Code Root Fixup: 0.0 ms]
   [Code Root Purge: 0.0 ms]
   [Clear CT: 0.4 ms]
   [Other: 1.1 ms]
      [Choose CSet: 0.0 ms]
      [Ref Proc: 0.3 ms]
      [Ref Enq: 0.0 ms]
      [Redirty Cards: 0.3 ms]
      [Humongous Register: 0.0 ms]
      [Humongous Reclaim: 0.0 ms]
      [Free CSet: 0.2 ms]
   [Eden: 339.0M(339.0M)->0.0B(317.0M) Survivors: 11.0M->44.0M Heap: 416.7M(2048.0M)->408.7M(2048.0M)]
 [Times: user=1.38 sys=0.00, real=0.17 secs] 
2020-09-29T12:28:47.525+0200: 98.852: [GC pause (G1 Evacuation Pause) (young), 0.2199859 secs]
   [Parallel Time: 219.1 ms, GC Workers: 8]
      [GC Worker Start (ms): Min: 98852.6, Avg: 98852.7, Max: 98852.8, Diff: 0.2]
      [Ext Root Scanning (ms): Min: 0.0, Avg: 0.1, Max: 0.2, Diff: 0.2, Sum: 0.5]
      [Update RS (ms): Min: 17.7, Avg: 17.8, Max: 17.9, Diff: 0.1, Sum: 142.2]
         [Processed Buffers: Min: 18, Avg: 20.0, Max: 23, Diff: 5, Sum: 160]
      [Scan RS (ms): Min: 20.1, Avg: 23.4, Max: 46.3, Diff: 26.2, Sum: 187.3]
      [Code Root Scanning (ms): Min: 0.0, Avg: 0.0, Max: 0.0, Diff: 0.0, Sum: 0.0]
      [Object Copy (ms): Min: 154.2, Avg: 177.2, Max: 180.8, Diff: 26.6, Sum: 1417.4]
      [Termination (ms): Min: 0.0, Avg: 0.3, Max: 0.4, Diff: 0.4, Sum: 2.3]
         [Termination Attempts: Min: 1, Avg: 2159.4, Max: 2587, Diff: 2586, Sum: 17275]
      [GC Worker Other (ms): Min: 0.0, Avg: 0.1, Max: 0.1, Diff: 0.1, Sum: 0.5]
      [GC Worker Total (ms): Min: 218.7, Avg: 218.8, Max: 218.9, Diff: 0.3, Sum: 1750.2]
      [GC Worker End (ms): Min: 99071.4, Avg: 99071.5, Max: 99071.5, Diff: 0.1]
   [Code Root Fixup: 0.0 ms]
   [Code Root Purge: 0.0 ms]
   [Clear CT: 0.2 ms]
   [Other: 0.8 ms]
      [Choose CSet: 0.0 ms]
      [Ref Proc: 0.2 ms]
      [Ref Enq: 0.0 ms]
      [Redirty Cards: 0.2 ms]
      [Humongous Register: 0.0 ms]
      [Humongous Reclaim: 0.0 ms]
      [Free CSet: 0.2 ms]
   [Eden: 317.0M(317.0M)->0.0B(271.0M) Survivors: 44.0M->46.0M Heap: 779.1M(2048.0M)->781.1M(2048.0M)]
 [Times: user=1.55 sys=0.05, real=0.22 secs] 
2020-09-29T12:28:47.891+0200: 99.218: [GC pause (G1 Evacuation Pause) (young), 0.1644731 secs]
   [Parallel Time: 163.3 ms, GC Workers: 8]
      [GC Worker Start (ms): Min: 99217.8, Avg: 99218.0, Max: 99218.0, Diff: 0.2]
      [Ext Root Scanning (ms): Min: 0.0, Avg: 0.1, Max: 0.2, Diff: 0.2, Sum: 0.5]
      [Update RS (ms): Min: 17.0, Avg: 17.5, Max: 17.9, Diff: 0.9, Sum: 139.8]
         [Processed Buffers: Min: 16, Avg: 18.0, Max: 19, Diff: 3, Sum: 144]
      [Scan RS (ms): Min: 19.2, Avg: 19.5, Max: 20.1, Diff: 1.0, Sum: 156.4]
      [Code Root Scanning (ms): Min: 0.0, Avg: 0.0, Max: 0.0, Diff: 0.0, Sum: 0.0]
      [Object Copy (ms): Min: 125.9, Avg: 126.0, Max: 126.1, Diff: 0.2, Sum: 1008.0]
      [Termination (ms): Min: 0.0, Avg: 0.1, Max: 0.1, Diff: 0.1, Sum: 0.4]
         [Termination Attempts: Min: 1, Avg: 386.4, Max: 512, Diff: 511, Sum: 3091]
      [GC Worker Other (ms): Min: 0.0, Avg: 0.0, Max: 0.1, Diff: 0.0, Sum: 0.3]
      [GC Worker Total (ms): Min: 163.1, Avg: 163.2, Max: 163.3, Diff: 0.2, Sum: 1305.4]
      [GC Worker End (ms): Min: 99381.1, Avg: 99381.1, Max: 99381.2, Diff: 0.0]
   [Code Root Fixup: 0.0 ms]
   [Code Root Purge: 0.0 ms]
   [Clear CT: 0.2 ms]
   [Other: 1.0 ms]
      [Choose CSet: 0.0 ms]
      [Ref Proc: 0.2 ms]
      [Ref Enq: 0.0 ms]
      [Redirty Cards: 0.3 ms]
      [Humongous Register: 0.0 ms]
      [Humongous Reclaim: 0.0 ms]
      [Free CSet: 0.3 ms]
   [Eden: 271.0M(271.0M)->0.0B(278.0M) Survivors: 46.0M->40.0M Heap: 1096.0M(2048.0M)->1098.5M(2048.0M)]
 [Times: user=1.31 sys=0.06, real=0.17 secs] 
2020-09-29T12:28:48.059+0200: 99.386: [GC pause (G1 Humongous Allocation) (young) (initial-mark), 0.0754785 secs]
   [Parallel Time: 74.7 ms, GC Workers: 8]
      [GC Worker Start (ms): Min: 99386.2, Avg: 99386.3, Max: 99386.4, Diff: 0.2]
      [Ext Root Scanning (ms): Min: 0.0, Avg: 2.1, Max: 15.2, Diff: 15.2, Sum: 16.6]
      [Update RS (ms): Min: 29.8, Avg: 43.1, Max: 45.2, Diff: 15.3, Sum: 344.6]
         [Processed Buffers: Min: 38, Avg: 53.6, Max: 58, Diff: 20, Sum: 429]
      [Scan RS (ms): Min: 0.0, Avg: 0.0, Max: 0.0, Diff: 0.0, Sum: 0.0]
      [Code Root Scanning (ms): Min: 0.0, Avg: 0.0, Max: 0.0, Diff: 0.0, Sum: 0.0]
      [Object Copy (ms): Min: 29.0, Avg: 29.1, Max: 29.4, Diff: 0.5, Sum: 233.1]
      [Termination (ms): Min: 0.0, Avg: 0.2, Max: 0.3, Diff: 0.2, Sum: 1.6]
         [Termination Attempts: Min: 1, Avg: 1412.5, Max: 1742, Diff: 1741, Sum: 11300]
      [GC Worker Other (ms): Min: 0.0, Avg: 0.0, Max: 0.0, Diff: 0.0, Sum: 0.2]
      [GC Worker Total (ms): Min: 74.4, Avg: 74.5, Max: 74.6, Diff: 0.2, Sum: 596.1]
      [GC Worker End (ms): Min: 99460.8, Avg: 99460.8, Max: 99460.8, Diff: 0.0]
   [Code Root Fixup: 0.0 ms]
   [Code Root Purge: 0.0 ms]
   [Clear CT: 0.2 ms]
   [Other: 0.6 ms]
      [Choose CSet: 0.0 ms]
      [Ref Proc: 0.2 ms]
      [Ref Enq: 0.0 ms]
      [Redirty Cards: 0.2 ms]
      [Humongous Register: 0.0 ms]
      [Humongous Reclaim: 0.0 ms]
      [Free CSet: 0.0 ms]
   [Eden: 1024.0K(278.0M)->0.0B(268.0M) Survivors: 40.0M->2048.0K Heap: 1099.0M(2048.0M)->1101.5M(2048.0M)]
 [Times: user=0.61 sys=0.00, real=0.08 secs] 
2020-09-29T12:28:48.134+0200: 99.462: [GC concurrent-root-region-scan-start]
2020-09-29T12:28:48.135+0200: 99.462: [GC concurrent-root-region-scan-end, 0.0001762 secs]
2020-09-29T12:28:48.135+0200: 99.462: [GC concurrent-mark-start]
2020-09-29T12:28:48.139+0200: 99.466: [GC concurrent-mark-end, 0.0039737 secs]
2020-09-29T12:28:48.139+0200: 99.466: [GC remark 2020-09-29T12:28:48.139+0200: 99.466: [Finalize Marking, 0.0001932 secs] 2020-09-29T12:28:48.139+0200: 99.467: [GC ref-proc, 0.0003327 secs] 2020-09-29T12:28:48.140+0200: 99.467: [Unloading, 0.0004413 secs], 0.0013439 secs]
 [Times: user=0.00 sys=0.00, real=0.00 secs] 
2020-09-29T12:28:48.141+0200: 99.468: [GC cleanup 1111M->21M(2048M), 0.0012372 secs]
 [Times: user=0.00 sys=0.00, real=0.00 secs] 
2020-09-29T12:28:48.142+0200: 99.469: [GC concurrent-cleanup-start]
2020-09-29T12:28:48.143+0200: 99.471: [GC concurrent-cleanup-end, 0.0013406 secs]
2020-09-29T12:28:48.275+0200: 99.602: [GC pause (G1 Evacuation Pause) (young), 0.1417100 secs]
   [Parallel Time: 140.4 ms, GC Workers: 8]
      [GC Worker Start (ms): Min: 99602.4, Avg: 99602.5, Max: 99602.6, Diff: 0.2]
      [Ext Root Scanning (ms): Min: 0.0, Avg: 0.1, Max: 0.2, Diff: 0.2, Sum: 0.4]
      [Update RS (ms): Min: 19.0, Avg: 19.1, Max: 19.5, Diff: 0.6, Sum: 153.0]
         [Processed Buffers: Min: 18, Avg: 19.1, Max: 23, Diff: 5, Sum: 153]
      [Scan RS (ms): Min: 16.1, Avg: 16.3, Max: 16.5, Diff: 0.4, Sum: 130.7]
      [Code Root Scanning (ms): Min: 0.0, Avg: 0.0, Max: 0.0, Diff: 0.0, Sum: 0.0]
      [Object Copy (ms): Min: 104.5, Avg: 104.6, Max: 104.7, Diff: 0.1, Sum: 836.9]
      [Termination (ms): Min: 0.0, Avg: 0.0, Max: 0.0, Diff: 0.0, Sum: 0.2]
         [Termination Attempts: Min: 1, Avg: 201.4, Max: 263, Diff: 262, Sum: 1611]
      [GC Worker Other (ms): Min: 0.0, Avg: 0.0, Max: 0.1, Diff: 0.1, Sum: 0.3]
      [GC Worker Total (ms): Min: 140.1, Avg: 140.2, Max: 140.3, Diff: 0.2, Sum: 1121.6]
      [GC Worker End (ms): Min: 99742.7, Avg: 99742.7, Max: 99742.8, Diff: 0.1]
   [Code Root Fixup: 0.0 ms]
   [Code Root Purge: 0.0 ms]
   [Clear CT: 0.2 ms]
   [Other: 1.1 ms]
      [Choose CSet: 0.0 ms]
      [Ref Proc: 0.2 ms]
      [Ref Enq: 0.0 ms]
      [Redirty Cards: 0.4 ms]
      [Humongous Register: 0.0 ms]
      [Humongous Reclaim: 0.0 ms]
      [Free CSet: 0.3 ms]
   [Eden: 268.0M(268.0M)->0.0B(241.0M) Survivors: 2048.0K->34.0M Heap: 325.3M(2048.0M)->326.8M(2048.0M)]
 [Times: user=1.09 sys=0.03, real=0.14 secs] 
2020-09-29T12:28:48.544+0200: 99.870: [GC pause (G1 Evacuation Pause) (young), 0.1353207 secs]
   [Parallel Time: 134.2 ms, GC Workers: 8]
      [GC Worker Start (ms): Min: 99870.0, Avg: 99870.1, Max: 99870.1, Diff: 0.2]
      [Ext Root Scanning (ms): Min: 0.0, Avg: 0.1, Max: 0.1, Diff: 0.1, Sum: 0.5]
      [Update RS (ms): Min: 19.6, Avg: 19.8, Max: 20.3, Diff: 0.7, Sum: 158.4]
         [Processed Buffers: Min: 22, Avg: 23.3, Max: 25, Diff: 3, Sum: 186]
      [Scan RS (ms): Min: 9.1, Avg: 9.6, Max: 9.9, Diff: 0.7, Sum: 77.0]
      [Code Root Scanning (ms): Min: 0.0, Avg: 0.0, Max: 0.0, Diff: 0.0, Sum: 0.0]
      [Object Copy (ms): Min: 104.4, Avg: 104.4, Max: 104.4, Diff: 0.1, Sum: 835.2]
      [Termination (ms): Min: 0.0, Avg: 0.0, Max: 0.0, Diff: 0.0, Sum: 0.2]
         [Termination Attempts: Min: 1, Avg: 136.5, Max: 181, Diff: 180, Sum: 1092]
      [GC Worker Other (ms): Min: 0.0, Avg: 0.0, Max: 0.1, Diff: 0.1, Sum: 0.4]
      [GC Worker Total (ms): Min: 133.9, Avg: 133.9, Max: 134.0, Diff: 0.1, Sum: 1071.6]
      [GC Worker End (ms): Min: 100004.0, Avg: 100004.0, Max: 100004.0, Diff: 0.1]
   [Code Root Fixup: 0.0 ms]
   [Code Root Purge: 0.0 ms]
   [Clear CT: 0.2 ms]
   [Other: 0.9 ms]
      [Choose CSet: 0.0 ms]
      [Ref Proc: 0.1 ms]
      [Ref Enq: 0.0 ms]
      [Redirty Cards: 0.3 ms]
      [Humongous Register: 0.0 ms]
      [Humongous Reclaim: 0.0 ms]
      [Free CSet: 0.2 ms]
   [Eden: 241.0M(241.0M)->0.0B(256.0M) Survivors: 34.0M->35.0M Heap: 607.8M(2048.0M)->609.3M(2048.0M)]
 [Times: user=1.13 sys=0.00, real=0.13 secs] 
2020-09-29T12:28:48.813+0200: 100.140: [GC pause (G1 Evacuation Pause) (young), 0.1579831 secs]
   [Parallel Time: 157.0 ms, GC Workers: 8]
      [GC Worker Start (ms): Min: 100139.8, Avg: 100139.9, Max: 100140.0, Diff: 0.2]
      [Ext Root Scanning (ms): Min: 0.0, Avg: 0.1, Max: 0.2, Diff: 0.1, Sum: 0.5]
      [Update RS (ms): Min: 25.4, Avg: 25.6, Max: 26.3, Diff: 0.9, Sum: 205.1]
         [Processed Buffers: Min: 23, Avg: 25.0, Max: 26, Diff: 3, Sum: 200]
      [Scan RS (ms): Min: 10.7, Avg: 11.3, Max: 11.7, Diff: 1.0, Sum: 90.2]
      [Code Root Scanning (ms): Min: 0.0, Avg: 0.0, Max: 0.0, Diff: 0.0, Sum: 0.0]
      [Object Copy (ms): Min: 119.5, Avg: 119.7, Max: 119.9, Diff: 0.3, Sum: 957.8]
      [Termination (ms): Min: 0.0, Avg: 0.1, Max: 0.1, Diff: 0.1, Sum: 0.5]
         [Termination Attempts: Min: 1, Avg: 439.4, Max: 544, Diff: 543, Sum: 3515]
      [GC Worker Other (ms): Min: 0.0, Avg: 0.0, Max: 0.1, Diff: 0.1, Sum: 0.3]
      [GC Worker Total (ms): Min: 156.7, Avg: 156.8, Max: 156.9, Diff: 0.2, Sum: 1254.5]
      [GC Worker End (ms): Min: 100296.7, Avg: 100296.7, Max: 100296.7, Diff: 0.1]
   [Code Root Fixup: 0.0 ms]
   [Code Root Purge: 0.0 ms]
   [Clear CT: 0.2 ms]
   [Other: 0.8 ms]
      [Choose CSet: 0.0 ms]
      [Ref Proc: 0.2 ms]
      [Ref Enq: 0.0 ms]
      [Redirty Cards: 0.1 ms]
      [Humongous Register: 0.0 ms]
      [Humongous Reclaim: 0.0 ms]
      [Free CSet: 0.2 ms]
   [Eden: 256.0M(256.0M)->0.0B(266.0M) Survivors: 35.0M->37.0M Heap: 907.3M(2048.0M)->909.3M(2048.0M)]
 [Times: user=1.24 sys=0.02, real=0.16 secs] 
2020-09-29T12:28:49.117+0200: 100.444: [GC pause (G1 Humongous Allocation) (young) (initial-mark), 0.1470858 secs]
   [Parallel Time: 146.0 ms, GC Workers: 8]
      [GC Worker Start (ms): Min: 100443.7, Avg: 100443.8, Max: 100443.9, Diff: 0.2]
      [Ext Root Scanning (ms): Min: 0.0, Avg: 0.1, Max: 0.2, Diff: 0.2, Sum: 0.7]
      [Update RS (ms): Min: 20.5, Avg: 20.9, Max: 21.4, Diff: 0.9, Sum: 167.5]
         [Processed Buffers: Min: 18, Avg: 21.5, Max: 24, Diff: 6, Sum: 172]
      [Scan RS (ms): Min: 10.2, Avg: 10.6, Max: 11.0, Diff: 0.8, Sum: 85.0]
      [Code Root Scanning (ms): Min: 0.0, Avg: 0.0, Max: 0.0, Diff: 0.0, Sum: 0.0]
      [Object Copy (ms): Min: 114.1, Avg: 114.1, Max: 114.1, Diff: 0.1, Sum: 912.8]
      [Termination (ms): Min: 0.0, Avg: 0.0, Max: 0.0, Diff: 0.0, Sum: 0.0]
         [Termination Attempts: Min: 1, Avg: 13.3, Max: 20, Diff: 19, Sum: 106]
      [GC Worker Other (ms): Min: 0.0, Avg: 0.0, Max: 0.1, Diff: 0.0, Sum: 0.3]
      [GC Worker Total (ms): Min: 145.7, Avg: 145.8, Max: 145.9, Diff: 0.2, Sum: 1166.3]
      [GC Worker End (ms): Min: 100589.5, Avg: 100589.6, Max: 100589.6, Diff: 0.0]
   [Code Root Fixup: 0.0 ms]
   [Code Root Purge: 0.0 ms]
   [Clear CT: 0.2 ms]
   [Other: 0.9 ms]
      [Choose CSet: 0.0 ms]
      [Ref Proc: 0.1 ms]
      [Ref Enq: 0.0 ms]
      [Redirty Cards: 0.3 ms]
      [Humongous Register: 0.0 ms]
      [Humongous Reclaim: 0.0 ms]
      [Free CSet: 0.3 ms]
   [Eden: 243.0M(266.0M)->0.0B(281.0M) Survivors: 37.0M->38.0M Heap: 1191.8M(2048.0M)->1193.3M(2048.0M)]
 [Times: user=1.13 sys=0.00, real=0.15 secs] 
2020-09-29T12:28:49.264+0200: 100.591: [GC concurrent-root-region-scan-start]
2020-09-29T12:28:49.278+0200: 100.604: [GC concurrent-root-region-scan-end, 0.0132618 secs]
2020-09-29T12:28:49.278+0200: 100.604: [GC concurrent-mark-start]
2020-09-29T12:28:49.281+0200: 100.607: [GC concurrent-mark-end, 0.0030831 secs]
2020-09-29T12:28:49.281+0200: 100.607: [GC remark 2020-09-29T12:28:49.281+0200: 100.607: [Finalize Marking, 0.0002159 secs] 2020-09-29T12:28:49.281+0200: 100.608: [GC ref-proc, 0.0002892 secs] 2020-09-29T12:28:49.282+0200: 100.608: [Unloading, 0.0004631 secs], 0.0013592 secs]
 [Times: user=0.00 sys=0.00, real=0.00 secs] 
2020-09-29T12:28:49.283+0200: 100.609: [GC cleanup 1200M->54M(2048M), 0.0012461 secs]
 [Times: user=0.00 sys=0.00, real=0.00 secs] 
2020-09-29T12:28:49.284+0200: 100.610: [GC concurrent-cleanup-start]
2020-09-29T12:28:49.286+0200: 100.612: [GC concurrent-cleanup-end, 0.0017505 secs]
2020-09-29T12:28:49.426+0200: 100.753: [GC pause (G1 Evacuation Pause) (young), 0.1378675 secs]
   [Parallel Time: 136.6 ms, GC Workers: 8]
      [GC Worker Start (ms): Min: 100752.8, Avg: 100752.9, Max: 100753.0, Diff: 0.2]
      [Ext Root Scanning (ms): Min: 0.0, Avg: 0.1, Max: 0.2, Diff: 0.2, Sum: 0.4]
      [Update RS (ms): Min: 15.3, Avg: 15.5, Max: 15.8, Diff: 0.5, Sum: 124.3]
         [Processed Buffers: Min: 17, Avg: 18.4, Max: 21, Diff: 4, Sum: 147]
      [Scan RS (ms): Min: 12.2, Avg: 12.4, Max: 12.7, Diff: 0.5, Sum: 99.1]
      [Code Root Scanning (ms): Min: 0.0, Avg: 0.0, Max: 0.0, Diff: 0.0, Sum: 0.0]
      [Object Copy (ms): Min: 108.2, Avg: 108.3, Max: 108.4, Diff: 0.2, Sum: 866.3]
      [Termination (ms): Min: 0.0, Avg: 0.0, Max: 0.0, Diff: 0.0, Sum: 0.2]
         [Termination Attempts: Min: 1, Avg: 136.0, Max: 188, Diff: 187, Sum: 1088]
      [GC Worker Other (ms): Min: 0.0, Avg: 0.0, Max: 0.1, Diff: 0.1, Sum: 0.3]
      [GC Worker Total (ms): Min: 136.2, Avg: 136.3, Max: 136.5, Diff: 0.2, Sum: 1090.7]
      [GC Worker End (ms): Min: 100889.2, Avg: 100889.3, Max: 100889.3, Diff: 0.1]
   [Code Root Fixup: 0.0 ms]
   [Code Root Purge: 0.0 ms]
   [Clear CT: 0.2 ms]
   [Other: 1.0 ms]
      [Choose CSet: 0.0 ms]
      [Ref Proc: 0.2 ms]
      [Ref Enq: 0.0 ms]
      [Redirty Cards: 0.2 ms]
      [Humongous Register: 0.0 ms]
      [Humongous Reclaim: 0.0 ms]
      [Free CSet: 0.3 ms]
   [Eden: 281.0M(281.0M)->0.0B(303.0M) Survivors: 38.0M->40.0M Heap: 376.7M(2048.0M)->340.7M(2048.0M)]
 [Times: user=0.97 sys=0.05, real=0.14 secs] 
2020-09-29T12:28:49.724+0200: 101.050: [GC pause (G1 Evacuation Pause) (young), 0.1817284 secs]
   [Parallel Time: 180.6 ms, GC Workers: 8]
      [GC Worker Start (ms): Min: 101050.1, Avg: 101050.2, Max: 101050.3, Diff: 0.2]
      [Ext Root Scanning (ms): Min: 0.0, Avg: 0.1, Max: 0.2, Diff: 0.2, Sum: 0.4]
      [Update RS (ms): Min: 23.6, Avg: 23.7, Max: 24.4, Diff: 0.8, Sum: 189.9]
         [Processed Buffers: Min: 23, Avg: 25.9, Max: 31, Diff: 8, Sum: 207]
      [Scan RS (ms): Min: 15.6, Avg: 16.4, Max: 18.1, Diff: 2.5, Sum: 131.5]
      [Code Root Scanning (ms): Min: 0.0, Avg: 0.0, Max: 0.0, Diff: 0.0, Sum: 0.0]
      [Object Copy (ms): Min: 138.4, Avg: 140.0, Max: 140.3, Diff: 1.8, Sum: 1119.9]
      [Termination (ms): Min: 0.0, Avg: 0.1, Max: 0.1, Diff: 0.1, Sum: 0.6]
         [Termination Attempts: Min: 1, Avg: 536.8, Max: 788, Diff: 787, Sum: 4294]
      [GC Worker Other (ms): Min: 0.0, Avg: 0.0, Max: 0.1, Diff: 0.1, Sum: 0.3]
      [GC Worker Total (ms): Min: 180.3, Avg: 180.3, Max: 180.5, Diff: 0.2, Sum: 1442.8]
      [GC Worker End (ms): Min: 101230.6, Avg: 101230.6, Max: 101230.6, Diff: 0.0]
   [Code Root Fixup: 0.0 ms]
   [Code Root Purge: 0.0 ms]
   [Clear CT: 0.2 ms]
   [Other: 1.0 ms]
      [Choose CSet: 0.0 ms]
      [Ref Proc: 0.2 ms]
      [Ref Enq: 0.0 ms]
      [Redirty Cards: 0.2 ms]
      [Humongous Register: 0.0 ms]
      [Humongous Reclaim: 0.0 ms]
      [Free CSet: 0.3 ms]
   [Eden: 303.0M(303.0M)->0.0B(297.0M) Survivors: 40.0M->43.0M Heap: 695.2M(2048.0M)->697.2M(2048.0M)]
 [Times: user=1.38 sys=0.00, real=0.18 secs] 
2020-09-29T12:28:50.088+0200: 101.414: [GC pause (G1 Evacuation Pause) (young), 0.1664071 secs]
   [Parallel Time: 165.5 ms, GC Workers: 8]
      [GC Worker Start (ms): Min: 101413.9, Avg: 101414.0, Max: 101414.0, Diff: 0.1]
      [Ext Root Scanning (ms): Min: 0.0, Avg: 0.1, Max: 0.1, Diff: 0.1, Sum: 0.6]
      [Update RS (ms): Min: 14.5, Avg: 14.9, Max: 15.1, Diff: 0.6, Sum: 118.9]
         [Processed Buffers: Min: 15, Avg: 16.4, Max: 18, Diff: 3, Sum: 131]
      [Scan RS (ms): Min: 16.5, Avg: 16.9, Max: 17.3, Diff: 0.7, Sum: 134.9]
      [Code Root Scanning (ms): Min: 0.0, Avg: 0.0, Max: 0.0, Diff: 0.0, Sum: 0.0]
      [Object Copy (ms): Min: 133.3, Avg: 133.4, Max: 133.5, Diff: 0.2, Sum: 1067.4]
      [Termination (ms): Min: 0.0, Avg: 0.0, Max: 0.0, Diff: 0.0, Sum: 0.3]
         [Termination Attempts: Min: 1, Avg: 239.3, Max: 313, Diff: 312, Sum: 1914]
      [GC Worker Other (ms): Min: 0.0, Avg: 0.1, Max: 0.1, Diff: 0.1, Sum: 0.4]
      [GC Worker Total (ms): Min: 165.2, Avg: 165.3, Max: 165.4, Diff: 0.1, Sum: 1322.5]
      [GC Worker End (ms): Min: 101579.3, Avg: 101579.3, Max: 101579.3, Diff: 0.1]
   [Code Root Fixup: 0.0 ms]
   [Code Root Purge: 0.0 ms]
   [Clear CT: 0.2 ms]
   [Other: 0.7 ms]
      [Choose CSet: 0.0 ms]
      [Ref Proc: 0.1 ms]
      [Ref Enq: 0.0 ms]
      [Redirty Cards: 0.2 ms]
      [Humongous Register: 0.0 ms]
      [Humongous Reclaim: 0.0 ms]
      [Free CSet: 0.2 ms]
   [Eden: 297.0M(297.0M)->0.0B(301.0M) Survivors: 43.0M->43.0M Heap: 1041.9M(2048.0M)->1044.4M(2048.0M)]
 [Times: user=1.25 sys=0.00, real=0.17 secs] 
2020-09-29T12:28:50.260+0200: 101.587: [GC pause (G1 Humongous Allocation) (young) (initial-mark), 0.0549894 secs]
   [Parallel Time: 54.2 ms, GC Workers: 8]
      [GC Worker Start (ms): Min: 101586.7, Avg: 101586.7, Max: 101586.8, Diff: 0.1]
      [Ext Root Scanning (ms): Min: 0.0, Avg: 0.1, Max: 0.1, Diff: 0.1, Sum: 0.7]
      [Update RS (ms): Min: 34.5, Avg: 34.7, Max: 34.9, Diff: 0.4, Sum: 277.8]
         [Processed Buffers: Min: 43, Avg: 45.6, Max: 47, Diff: 4, Sum: 365]
      [Scan RS (ms): Min: 2.5, Avg: 2.6, Max: 2.8, Diff: 0.3, Sum: 21.0]
      [Code Root Scanning (ms): Min: 0.0, Avg: 0.0, Max: 0.0, Diff: 0.0, Sum: 0.0]
      [Object Copy (ms): Min: 16.6, Avg: 16.6, Max: 16.6, Diff: 0.1, Sum: 133.0]
      [Termination (ms): Min: 0.0, Avg: 0.0, Max: 0.0, Diff: 0.0, Sum: 0.0]
         [Termination Attempts: Min: 1, Avg: 20.3, Max: 30, Diff: 29, Sum: 162]
      [GC Worker Other (ms): Min: 0.0, Avg: 0.0, Max: 0.0, Diff: 0.0, Sum: 0.1]
      [GC Worker Total (ms): Min: 54.0, Avg: 54.1, Max: 54.1, Diff: 0.1, Sum: 432.6]
      [GC Worker End (ms): Min: 101640.8, Avg: 101640.8, Max: 101640.8, Diff: 0.0]
   [Code Root Fixup: 0.0 ms]
   [Code Root Purge: 0.0 ms]
   [Clear CT: 0.2 ms]
   [Other: 0.6 ms]
      [Choose CSet: 0.0 ms]
      [Ref Proc: 0.2 ms]
      [Ref Enq: 0.0 ms]
      [Redirty Cards: 0.1 ms]
      [Humongous Register: 0.0 ms]
      [Humongous Reclaim: 0.0 ms]
      [Free CSet: 0.1 ms]
   [Eden: 1024.0K(301.0M)->0.0B(383.0M) Survivors: 43.0M->2048.0K Heap: 1044.9M(2048.0M)->1048.4M(2048.0M)]
 [Times: user=0.38 sys=0.00, real=0.06 secs] 
2020-09-29T12:28:50.315+0200: 101.642: [GC concurrent-root-region-scan-start]
2020-09-29T12:28:50.316+0200: 101.642: [GC concurrent-root-region-scan-end, 0.0004872 secs]
2020-09-29T12:28:50.316+0200: 101.642: [GC concurrent-mark-start]
2020-09-29T12:28:50.319+0200: 101.645: [GC concurrent-mark-end, 0.0029354 secs]
2020-09-29T12:28:50.319+0200: 101.645: [GC remark 2020-09-29T12:28:50.319+0200: 101.645: [Finalize Marking, 0.0001949 secs] 2020-09-29T12:28:50.319+0200: 101.645: [GC ref-proc, 0.0002990 secs] 2020-09-29T12:28:50.320+0200: 101.646: [Unloading, 0.0004396 secs], 0.0012826 secs]
 [Times: user=0.00 sys=0.00, real=0.00 secs] 
2020-09-29T12:28:50.321+0200: 101.647: [GC cleanup 1057M->20M(2048M), 0.0014545 secs]
 [Times: user=0.00 sys=0.00, real=0.00 secs] 
2020-09-29T12:28:50.322+0200: 101.648: [GC concurrent-cleanup-start]
2020-09-29T12:28:50.324+0200: 101.650: [GC concurrent-cleanup-end, 0.0016745 secs]
2020-09-29T12:28:50.532+0200: 101.858: [GC pause (G1 Evacuation Pause) (young), 0.2338555 secs]
   [Parallel Time: 232.6 ms, GC Workers: 8]
      [GC Worker Start (ms): Min: 101858.5, Avg: 101858.6, Max: 101858.7, Diff: 0.2]
      [Ext Root Scanning (ms): Min: 0.0, Avg: 0.1, Max: 0.2, Diff: 0.2, Sum: 0.5]
      [Update RS (ms): Min: 16.9, Avg: 17.1, Max: 17.4, Diff: 0.5, Sum: 136.6]
         [Processed Buffers: Min: 16, Avg: 19.0, Max: 23, Diff: 7, Sum: 152]
      [Scan RS (ms): Min: 22.8, Avg: 26.2, Max: 47.2, Diff: 24.4, Sum: 209.3]
      [Code Root Scanning (ms): Min: 0.0, Avg: 0.0, Max: 0.0, Diff: 0.0, Sum: 0.0]
      [Object Copy (ms): Min: 167.0, Avg: 188.1, Max: 192.1, Diff: 25.1, Sum: 1505.0]
      [Termination (ms): Min: 0.0, Avg: 0.9, Max: 1.2, Diff: 1.2, Sum: 7.4]
         [Termination Attempts: Min: 1, Avg: 5798.8, Max: 7386, Diff: 7385, Sum: 46390]
      [GC Worker Other (ms): Min: 0.0, Avg: 0.0, Max: 0.1, Diff: 0.0, Sum: 0.4]
      [GC Worker Total (ms): Min: 232.3, Avg: 232.4, Max: 232.5, Diff: 0.2, Sum: 1859.2]
      [GC Worker End (ms): Min: 102091.0, Avg: 102091.0, Max: 102091.1, Diff: 0.0]
   [Code Root Fixup: 0.0 ms]
   [Code Root Purge: 0.0 ms]
   [Clear CT: 0.2 ms]
   [Other: 1.1 ms]
      [Choose CSet: 0.0 ms]
      [Ref Proc: 0.2 ms]
      [Ref Enq: 0.0 ms]
      [Redirty Cards: 0.2 ms]
      [Humongous Register: 0.0 ms]
      [Humongous Reclaim: 0.0 ms]
      [Free CSet: 0.4 ms]
   [Eden: 383.0M(383.0M)->0.0B(274.0M) Survivors: 2048.0K->49.0M Heap: 459.9M(2048.0M)->459.9M(2048.0M)]
 [Times: user=1.80 sys=0.02, real=0.23 secs] 
2020-09-29T12:28:50.934+0200: 102.260: [GC pause (G1 Evacuation Pause) (young), 0.1576737 secs]
   [Parallel Time: 156.4 ms, GC Workers: 8]
      [GC Worker Start (ms): Min: 102259.9, Avg: 102260.0, Max: 102260.1, Diff: 0.2]
      [Ext Root Scanning (ms): Min: 0.0, Avg: 0.1, Max: 0.2, Diff: 0.1, Sum: 0.5]
      [Update RS (ms): Min: 19.7, Avg: 19.8, Max: 20.0, Diff: 0.3, Sum: 158.1]
         [Processed Buffers: Min: 20, Avg: 21.1, Max: 22, Diff: 2, Sum: 169]
      [Scan RS (ms): Min: 13.4, Avg: 13.6, Max: 13.8, Diff: 0.4, Sum: 109.0]
      [Code Root Scanning (ms): Min: 0.0, Avg: 0.0, Max: 0.0, Diff: 0.0, Sum: 0.0]
      [Object Copy (ms): Min: 122.4, Avg: 122.6, Max: 122.7, Diff: 0.3, Sum: 980.5]
      [Termination (ms): Min: 0.0, Avg: 0.1, Max: 0.1, Diff: 0.1, Sum: 0.5]
         [Termination Attempts: Min: 1, Avg: 421.6, Max: 520, Diff: 519, Sum: 3373]
      [GC Worker Other (ms): Min: 0.0, Avg: 0.0, Max: 0.1, Diff: 0.1, Sum: 0.4]
      [GC Worker Total (ms): Min: 156.0, Avg: 156.1, Max: 156.2, Diff: 0.2, Sum: 1249.1]
      [GC Worker End (ms): Min: 102416.1, Avg: 102416.1, Max: 102416.2, Diff: 0.1]
   [Code Root Fixup: 0.0 ms]
   [Code Root Purge: 0.0 ms]
   [Clear CT: 0.2 ms]
   [Other: 1.0 ms]
      [Choose CSet: 0.0 ms]
      [Ref Proc: 0.2 ms]
      [Ref Enq: 0.0 ms]
      [Redirty Cards: 0.3 ms]
      [Humongous Register: 0.0 ms]
      [Humongous Reclaim: 0.0 ms]
      [Free CSet: 0.3 ms]
   [Eden: 274.0M(274.0M)->0.0B(284.0M) Survivors: 49.0M->41.0M Heap: 779.6M(2048.0M)->781.6M(2048.0M)]
 [Times: user=1.25 sys=0.00, real=0.16 secs] 
2020-09-29T12:28:51.245+0200: 102.571: [GC pause (G1 Evacuation Pause) (young), 0.1607041 secs]
   [Parallel Time: 159.7 ms, GC Workers: 8]
      [GC Worker Start (ms): Min: 102571.5, Avg: 102571.6, Max: 102571.7, Diff: 0.1]
      [Ext Root Scanning (ms): Min: 0.0, Avg: 0.1, Max: 0.1, Diff: 0.1, Sum: 0.6]
      [Update RS (ms): Min: 18.1, Avg: 18.2, Max: 18.2, Diff: 0.1, Sum: 145.4]
         [Processed Buffers: Min: 19, Avg: 21.6, Max: 25, Diff: 6, Sum: 173]
      [Scan RS (ms): Min: 13.8, Avg: 13.9, Max: 14.0, Diff: 0.1, Sum: 111.1]
      [Code Root Scanning (ms): Min: 0.0, Avg: 0.0, Max: 0.0, Diff: 0.0, Sum: 0.0]
      [Object Copy (ms): Min: 127.2, Avg: 127.3, Max: 127.3, Diff: 0.1, Sum: 1018.2]
      [Termination (ms): Min: 0.0, Avg: 0.0, Max: 0.0, Diff: 0.0, Sum: 0.1]
         [Termination Attempts: Min: 1, Avg: 67.1, Max: 93, Diff: 92, Sum: 537]
      [GC Worker Other (ms): Min: 0.0, Avg: 0.0, Max: 0.1, Diff: 0.1, Sum: 0.4]
      [GC Worker Total (ms): Min: 159.4, Avg: 159.5, Max: 159.5, Diff: 0.1, Sum: 1275.7]
      [GC Worker End (ms): Min: 102731.0, Avg: 102731.1, Max: 102731.1, Diff: 0.1]
   [Code Root Fixup: 0.0 ms]
   [Code Root Purge: 0.0 ms]
   [Clear CT: 0.2 ms]
   [Other: 0.8 ms]
      [Choose CSet: 0.0 ms]
      [Ref Proc: 0.1 ms]
      [Ref Enq: 0.0 ms]
      [Redirty Cards: 0.2 ms]
      [Humongous Register: 0.0 ms]
      [Humongous Reclaim: 0.0 ms]
      [Free CSet: 0.3 ms]
   [Eden: 284.0M(284.0M)->0.0B(294.0M) Survivors: 41.0M->41.0M Heap: 1113.3M(2048.0M)->1115.8M(2048.0M)]
 [Times: user=1.25 sys=0.00, real=0.16 secs] 
2020-09-29T12:28:51.411+0200: 102.737: [GC pause (G1 Humongous Allocation) (young) (initial-mark), 0.0662138 secs]
   [Parallel Time: 65.2 ms, GC Workers: 8]
      [GC Worker Start (ms): Min: 102737.0, Avg: 102737.1, Max: 102737.2, Diff: 0.2]
      [Ext Root Scanning (ms): Min: 0.0, Avg: 1.0, Max: 5.6, Diff: 5.6, Sum: 8.2]
      [Update RS (ms): Min: 36.5, Avg: 41.2, Max: 42.6, Diff: 6.1, Sum: 329.9]
         [Processed Buffers: Min: 45, Avg: 50.4, Max: 53, Diff: 8, Sum: 403]
      [Scan RS (ms): Min: 0.7, Avg: 1.1, Max: 1.4, Diff: 0.7, Sum: 8.9]
      [Code Root Scanning (ms): Min: 0.0, Avg: 0.0, Max: 0.0, Diff: 0.0, Sum: 0.0]
      [Object Copy (ms): Min: 21.6, Avg: 21.6, Max: 21.6, Diff: 0.1, Sum: 172.8]
      [Termination (ms): Min: 0.0, Avg: 0.0, Max: 0.0, Diff: 0.0, Sum: 0.1]
         [Termination Attempts: Min: 1, Avg: 51.6, Max: 66, Diff: 65, Sum: 413]
      [GC Worker Other (ms): Min: 0.0, Avg: 0.0, Max: 0.0, Diff: 0.0, Sum: 0.1]
      [GC Worker Total (ms): Min: 64.9, Avg: 65.0, Max: 65.1, Diff: 0.2, Sum: 520.1]
      [GC Worker End (ms): Min: 102802.1, Avg: 102802.1, Max: 102802.2, Diff: 0.0]
   [Code Root Fixup: 0.0 ms]
   [Code Root Purge: 0.0 ms]
   [Clear CT: 0.1 ms]
   [Other: 0.8 ms]
      [Choose CSet: 0.0 ms]
      [Ref Proc: 0.2 ms]
      [Ref Enq: 0.0 ms]
      [Redirty Cards: 0.2 ms]
      [Humongous Register: 0.0 ms]
      [Humongous Reclaim: 0.0 ms]
      [Free CSet: 0.1 ms]
   [Eden: 9216.0K(294.0M)->0.0B(320.0M) Survivors: 41.0M->12.0M Heap: 1124.8M(2048.0M)->1128.8M(2048.0M)]
 [Times: user=0.50 sys=0.00, real=0.07 secs] 
2020-09-29T12:28:51.477+0200: 102.803: [GC concurrent-root-region-scan-start]
2020-09-29T12:28:51.480+0200: 102.806: [GC concurrent-root-region-scan-end, 0.0027102 secs]
2020-09-29T12:28:51.480+0200: 102.806: [GC concurrent-mark-start]
2020-09-29T12:28:51.483+0200: 102.809: [GC concurrent-mark-end, 0.0034739 secs]
2020-09-29T12:28:51.483+0200: 102.810: [GC remark 2020-09-29T12:28:51.483+0200: 102.810: [Finalize Marking, 0.0002390 secs] 2020-09-29T12:28:51.484+0200: 102.810: [GC ref-proc, 0.0002805 secs] 2020-09-29T12:28:51.484+0200: 102.810: [Unloading, 0.0004300 secs], 0.0012808 secs]
 [Times: user=0.00 sys=0.00, real=0.00 secs] 
2020-09-29T12:28:51.485+0200: 102.811: [GC cleanup 1145M->38M(2048M), 0.0011026 secs]
 [Times: user=0.00 sys=0.00, real=0.00 secs] 
2020-09-29T12:28:51.486+0200: 102.812: [GC concurrent-cleanup-start]
2020-09-29T12:28:51.487+0200: 102.814: [GC concurrent-cleanup-end, 0.0013345 secs]
2020-09-29T12:28:51.639+0200: 102.965: [GC pause (G1 Evacuation Pause) (young), 0.1623667 secs]
   [Parallel Time: 161.2 ms, GC Workers: 8]
      [GC Worker Start (ms): Min: 102964.9, Avg: 102965.0, Max: 102965.1, Diff: 0.2]
      [Ext Root Scanning (ms): Min: 0.0, Avg: 0.1, Max: 0.2, Diff: 0.2, Sum: 0.5]
      [Update RS (ms): Min: 18.1, Avg: 18.5, Max: 18.8, Diff: 0.7, Sum: 147.9]
         [Processed Buffers: Min: 19, Avg: 21.1, Max: 22, Diff: 3, Sum: 169]
      [Scan RS (ms): Min: 13.3, Avg: 13.6, Max: 14.0, Diff: 0.7, Sum: 108.6]
      [Code Root Scanning (ms): Min: 0.0, Avg: 0.0, Max: 0.0, Diff: 0.0, Sum: 0.0]
      [Object Copy (ms): Min: 128.6, Avg: 128.7, Max: 128.8, Diff: 0.2, Sum: 1029.3]
      [Termination (ms): Min: 0.0, Avg: 0.1, Max: 0.1, Diff: 0.1, Sum: 0.7]
         [Termination Attempts: Min: 1, Avg: 578.1, Max: 851, Diff: 850, Sum: 4625]
      [GC Worker Other (ms): Min: 0.0, Avg: 0.0, Max: 0.1, Diff: 0.1, Sum: 0.3]
      [GC Worker Total (ms): Min: 160.8, Avg: 160.9, Max: 161.0, Diff: 0.2, Sum: 1287.3]
      [GC Worker End (ms): Min: 103125.9, Avg: 103125.9, Max: 103126.0, Diff: 0.1]
   [Code Root Fixup: 0.0 ms]
   [Code Root Purge: 0.0 ms]
   [Clear CT: 0.2 ms]
   [Other: 1.0 ms]
      [Choose CSet: 0.0 ms]
      [Ref Proc: 0.2 ms]
      [Ref Enq: 0.0 ms]
      [Redirty Cards: 0.2 ms]
      [Humongous Register: 0.0 ms]
      [Humongous Reclaim: 0.0 ms]
      [Free CSet: 0.3 ms]
   [Eden: 320.0M(320.0M)->0.0B(304.0M) Survivors: 12.0M->42.0M Heap: 394.9M(2048.0M)->384.9M(2048.0M)]
 [Times: user=1.25 sys=0.00, real=0.16 secs] 
2020-09-29T12:28:51.965+0200: 103.292: [GC pause (G1 Evacuation Pause) (young), 0.1698789 secs]
   [Parallel Time: 168.6 ms, GC Workers: 8]
      [GC Worker Start (ms): Min: 103291.7, Avg: 103291.8, Max: 103291.9, Diff: 0.2]
      [Ext Root Scanning (ms): Min: 0.0, Avg: 0.1, Max: 0.1, Diff: 0.1, Sum: 0.5]
      [Update RS (ms): Min: 19.7, Avg: 19.8, Max: 20.1, Diff: 0.4, Sum: 158.6]
         [Processed Buffers: Min: 20, Avg: 23.3, Max: 26, Diff: 6, Sum: 186]
      [Scan RS (ms): Min: 15.0, Avg: 15.3, Max: 15.6, Diff: 0.5, Sum: 122.8]
      [Code Root Scanning (ms): Min: 0.0, Avg: 0.0, Max: 0.0, Diff: 0.0, Sum: 0.0]
      [Object Copy (ms): Min: 132.9, Avg: 133.0, Max: 133.1, Diff: 0.2, Sum: 1064.1]
      [Termination (ms): Min: 0.0, Avg: 0.0, Max: 0.0, Diff: 0.0, Sum: 0.1]
         [Termination Attempts: Min: 1, Avg: 124.9, Max: 166, Diff: 165, Sum: 999]
      [GC Worker Other (ms): Min: 0.0, Avg: 0.1, Max: 0.1, Diff: 0.1, Sum: 0.5]
      [GC Worker Total (ms): Min: 168.2, Avg: 168.3, Max: 168.5, Diff: 0.3, Sum: 1346.7]
      [GC Worker End (ms): Min: 103460.1, Avg: 103460.1, Max: 103460.2, Diff: 0.1]
   [Code Root Fixup: 0.0 ms]
   [Code Root Purge: 0.0 ms]
   [Clear CT: 0.1 ms]
   [Other: 1.2 ms]
      [Choose CSet: 0.0 ms]
      [Ref Proc: 0.3 ms]
      [Ref Enq: 0.0 ms]
      [Redirty Cards: 0.3 ms]
      [Humongous Register: 0.0 ms]
      [Humongous Reclaim: 0.0 ms]
      [Free CSet: 0.3 ms]
   [Eden: 304.0M(304.0M)->0.0B(305.0M) Survivors: 42.0M->44.0M Heap: 740.4M(2048.0M)->742.4M(2048.0M)]
 [Times: user=1.38 sys=0.00, real=0.17 secs] 
2020-09-29T12:28:52.290+0200: 103.616: [GC pause (G1 Evacuation Pause) (young), 0.1870581 secs]
   [Parallel Time: 186.1 ms, GC Workers: 8]
      [GC Worker Start (ms): Min: 103616.2, Avg: 103616.3, Max: 103616.4, Diff: 0.1]
      [Ext Root Scanning (ms): Min: 0.0, Avg: 0.1, Max: 0.1, Diff: 0.1, Sum: 0.5]
      [Update RS (ms): Min: 24.8, Avg: 24.9, Max: 25.0, Diff: 0.2, Sum: 198.9]
         [Processed Buffers: Min: 25, Avg: 29.1, Max: 32, Diff: 7, Sum: 233]
      [Scan RS (ms): Min: 13.6, Avg: 14.9, Max: 23.4, Diff: 9.8, Sum: 119.4]
      [Code Root Scanning (ms): Min: 0.0, Avg: 0.0, Max: 0.0, Diff: 0.0, Sum: 0.0]
      [Object Copy (ms): Min: 137.6, Avg: 145.8, Max: 147.1, Diff: 9.5, Sum: 1166.6]
      [Termination (ms): Min: 0.0, Avg: 0.3, Max: 0.3, Diff: 0.3, Sum: 2.0]
         [Termination Attempts: Min: 1, Avg: 1723.6, Max: 2105, Diff: 2104, Sum: 13789]
      [GC Worker Other (ms): Min: 0.0, Avg: 0.0, Max: 0.1, Diff: 0.1, Sum: 0.3]
      [GC Worker Total (ms): Min: 185.9, Avg: 186.0, Max: 186.0, Diff: 0.2, Sum: 1487.6]
      [GC Worker End (ms): Min: 103802.2, Avg: 103802.3, Max: 103802.3, Diff: 0.1]
   [Code Root Fixup: 0.0 ms]
   [Code Root Purge: 0.0 ms]
   [Clear CT: 0.2 ms]
   [Other: 0.8 ms]
      [Choose CSet: 0.0 ms]
      [Ref Proc: 0.2 ms]
      [Ref Enq: 0.0 ms]
      [Redirty Cards: 0.2 ms]
      [Humongous Register: 0.0 ms]
      [Humongous Reclaim: 0.0 ms]
      [Free CSet: 0.2 ms]
   [Eden: 305.0M(305.0M)->0.0B(296.0M) Survivors: 44.0M->44.0M Heap: 1098.9M(2048.0M)->1100.9M(2048.0M)]
 [Times: user=1.49 sys=0.00, real=0.19 secs] 
2020-09-29T12:28:52.486+0200: 103.813: [GC pause (G1 Humongous Allocation) (young) (initial-mark), 0.0630199 secs]
   [Parallel Time: 62.2 ms, GC Workers: 8]
      [GC Worker Start (ms): Min: 103812.7, Avg: 103812.7, Max: 103812.8, Diff: 0.1]
      [Ext Root Scanning (ms): Min: 0.0, Avg: 0.1, Max: 0.1, Diff: 0.1, Sum: 0.6]
      [Update RS (ms): Min: 37.0, Avg: 37.1, Max: 37.5, Diff: 0.5, Sum: 297.1]
         [Processed Buffers: Min: 41, Avg: 45.3, Max: 48, Diff: 7, Sum: 362]
      [Scan RS (ms): Min: 2.5, Avg: 2.8, Max: 2.9, Diff: 0.4, Sum: 22.3]
      [Code Root Scanning (ms): Min: 0.0, Avg: 0.0, Max: 0.0, Diff: 0.0, Sum: 0.0]
      [Object Copy (ms): Min: 22.0, Avg: 22.0, Max: 22.1, Diff: 0.1, Sum: 176.1]
      [Termination (ms): Min: 0.0, Avg: 0.0, Max: 0.0, Diff: 0.0, Sum: 0.0]
         [Termination Attempts: Min: 1, Avg: 14.6, Max: 21, Diff: 20, Sum: 117]
      [GC Worker Other (ms): Min: 0.0, Avg: 0.0, Max: 0.0, Diff: 0.0, Sum: 0.1]
      [GC Worker Total (ms): Min: 62.0, Avg: 62.0, Max: 62.1, Diff: 0.1, Sum: 496.3]
      [GC Worker End (ms): Min: 103874.8, Avg: 103874.8, Max: 103874.8, Diff: 0.0]
   [Code Root Fixup: 0.0 ms]
   [Code Root Purge: 0.0 ms]
   [Clear CT: 0.2 ms]
   [Other: 0.6 ms]
      [Choose CSet: 0.0 ms]
      [Ref Proc: 0.2 ms]
      [Ref Enq: 0.0 ms]
      [Redirty Cards: 0.2 ms]
      [Humongous Register: 0.0 ms]
      [Humongous Reclaim: 0.0 ms]
      [Free CSet: 0.1 ms]
   [Eden: 10.0M(296.0M)->0.0B(336.0M) Survivors: 44.0M->12.0M Heap: 1110.4M(2048.0M)->1114.9M(2048.0M)]
 [Times: user=0.50 sys=0.00, real=0.06 secs] 
2020-09-29T12:28:52.549+0200: 103.876: [GC concurrent-root-region-scan-start]
2020-09-29T12:28:52.551+0200: 103.878: [GC concurrent-root-region-scan-end, 0.0021351 secs]
2020-09-29T12:28:52.551+0200: 103.878: [GC concurrent-mark-start]
2020-09-29T12:28:52.554+0200: 103.881: [GC concurrent-mark-end, 0.0028573 secs]
2020-09-29T12:28:52.554+0200: 103.881: [GC remark 2020-09-29T12:28:52.554+0200: 103.881: [Finalize Marking, 0.0002106 secs] 2020-09-29T12:28:52.555+0200: 103.881: [GC ref-proc, 0.0002603 secs] 2020-09-29T12:28:52.555+0200: 103.881: [Unloading, 0.0004175 secs], 0.0012527 secs]
 [Times: user=0.00 sys=0.00, real=0.00 secs] 
2020-09-29T12:28:52.556+0200: 103.882: [GC cleanup 1127M->34M(2048M), 0.0016736 secs]
 [Times: user=0.00 sys=0.00, real=0.00 secs] 
2020-09-29T12:28:52.558+0200: 103.884: [GC concurrent-cleanup-start]
2020-09-29T12:28:52.560+0200: 103.887: [GC concurrent-cleanup-end, 0.0023813 secs]
2020-09-29T12:28:52.728+0200: 104.054: [GC pause (G1 Evacuation Pause) (young), 0.1623485 secs]
   [Parallel Time: 161.1 ms, GC Workers: 8]
      [GC Worker Start (ms): Min: 104054.5, Avg: 104054.6, Max: 104054.7, Diff: 0.2]
      [Ext Root Scanning (ms): Min: 0.0, Avg: 0.1, Max: 0.1, Diff: 0.1, Sum: 0.5]
      [Update RS (ms): Min: 18.9, Avg: 19.0, Max: 19.1, Diff: 0.3, Sum: 151.8]
         [Processed Buffers: Min: 21, Avg: 22.5, Max: 24, Diff: 3, Sum: 180]
      [Scan RS (ms): Min: 14.4, Avg: 14.6, Max: 14.8, Diff: 0.5, Sum: 116.8]
      [Code Root Scanning (ms): Min: 0.0, Avg: 0.0, Max: 0.0, Diff: 0.0, Sum: 0.0]
      [Object Copy (ms): Min: 127.0, Avg: 127.2, Max: 127.3, Diff: 0.3, Sum: 1017.3]
      [Termination (ms): Min: 0.0, Avg: 0.1, Max: 0.1, Diff: 0.1, Sum: 0.6]
         [Termination Attempts: Min: 1, Avg: 523.4, Max: 741, Diff: 740, Sum: 4187]
      [GC Worker Other (ms): Min: 0.0, Avg: 0.0, Max: 0.1, Diff: 0.1, Sum: 0.3]
      [GC Worker Total (ms): Min: 160.8, Avg: 160.9, Max: 161.0, Diff: 0.1, Sum: 1287.3]
      [GC Worker End (ms): Min: 104215.5, Avg: 104215.5, Max: 104215.6, Diff: 0.1]
   [Code Root Fixup: 0.0 ms]
   [Code Root Purge: 0.0 ms]
   [Clear CT: 0.2 ms]
   [Other: 1.1 ms]
      [Choose CSet: 0.0 ms]
      [Ref Proc: 0.2 ms]
      [Ref Enq: 0.0 ms]
      [Redirty Cards: 0.2 ms]
      [Humongous Register: 0.0 ms]
      [Humongous Reclaim: 0.0 ms]
      [Free CSet: 0.3 ms]
   [Eden: 336.0M(336.0M)->0.0B(319.0M) Survivors: 12.0M->44.0M Heap: 414.7M(2048.0M)->405.2M(2048.0M)]
 [Times: user=1.24 sys=0.02, real=0.16 secs] 
2020-09-29T12:28:53.079+0200: 104.406: [GC pause (G1 Evacuation Pause) (young), 0.1941489 secs]
   [Parallel Time: 193.0 ms, GC Workers: 8]
      [GC Worker Start (ms): Min: 104405.7, Avg: 104405.7, Max: 104405.8, Diff: 0.1]
      [Ext Root Scanning (ms): Min: 0.0, Avg: 0.1, Max: 0.1, Diff: 0.1, Sum: 0.6]
      [Update RS (ms): Min: 22.0, Avg: 22.0, Max: 22.1, Diff: 0.2, Sum: 176.2]
         [Processed Buffers: Min: 20, Avg: 24.5, Max: 27, Diff: 7, Sum: 196]
      [Scan RS (ms): Min: 17.8, Avg: 17.9, Max: 18.5, Diff: 0.7, Sum: 143.6]
      [Code Root Scanning (ms): Min: 0.0, Avg: 0.0, Max: 0.0, Diff: 0.0, Sum: 0.0]
      [Object Copy (ms): Min: 152.1, Avg: 152.6, Max: 152.8, Diff: 0.8, Sum: 1221.0]
      [Termination (ms): Min: 0.0, Avg: 0.1, Max: 0.1, Diff: 0.1, Sum: 0.8]
         [Termination Attempts: Min: 1, Avg: 717.5, Max: 918, Diff: 917, Sum: 5740]
      [GC Worker Other (ms): Min: 0.0, Avg: 0.1, Max: 0.1, Diff: 0.1, Sum: 0.4]
      [GC Worker Total (ms): Min: 192.8, Avg: 192.8, Max: 192.9, Diff: 0.1, Sum: 1542.7]
      [GC Worker End (ms): Min: 104598.5, Avg: 104598.6, Max: 104598.6, Diff: 0.1]
   [Code Root Fixup: 0.0 ms]
   [Code Root Purge: 0.0 ms]
   [Clear CT: 0.2 ms]
   [Other: 1.0 ms]
      [Choose CSet: 0.0 ms]
      [Ref Proc: 0.2 ms]
      [Ref Enq: 0.0 ms]
      [Redirty Cards: 0.2 ms]
      [Humongous Register: 0.0 ms]
      [Humongous Reclaim: 0.0 ms]
      [Free CSet: 0.3 ms]
   [Eden: 319.0M(319.0M)->0.0B(298.0M) Survivors: 44.0M->46.0M Heap: 777.6M(2048.0M)->779.6M(2048.0M)]
 [Times: user=1.61 sys=0.02, real=0.19 secs] 
2020-09-29T12:28:53.429+0200: 104.756: [GC pause (G1 Evacuation Pause) (young), 0.1748117 secs]
   [Parallel Time: 173.5 ms, GC Workers: 8]
      [GC Worker Start (ms): Min: 104755.8, Avg: 104755.8, Max: 104755.9, Diff: 0.1]
      [Ext Root Scanning (ms): Min: 0.0, Avg: 0.1, Max: 0.1, Diff: 0.1, Sum: 0.5]
      [Update RS (ms): Min: 19.5, Avg: 19.6, Max: 19.9, Diff: 0.3, Sum: 156.8]
         [Processed Buffers: Min: 23, Avg: 23.8, Max: 25, Diff: 2, Sum: 190]
      [Scan RS (ms): Min: 15.4, Avg: 15.7, Max: 15.8, Diff: 0.4, Sum: 125.5]
      [Code Root Scanning (ms): Min: 0.0, Avg: 0.0, Max: 0.0, Diff: 0.0, Sum: 0.0]
      [Object Copy (ms): Min: 137.8, Avg: 137.9, Max: 137.9, Diff: 0.1, Sum: 1103.1]
      [Termination (ms): Min: 0.0, Avg: 0.0, Max: 0.0, Diff: 0.0, Sum: 0.3]
         [Termination Attempts: Min: 1, Avg: 230.6, Max: 300, Diff: 299, Sum: 1845]
      [GC Worker Other (ms): Min: 0.0, Avg: 0.0, Max: 0.1, Diff: 0.1, Sum: 0.3]
      [GC Worker Total (ms): Min: 173.2, Avg: 173.3, Max: 173.4, Diff: 0.1, Sum: 1386.5]
      [GC Worker End (ms): Min: 104929.1, Avg: 104929.1, Max: 104929.2, Diff: 0.1]
   [Code Root Fixup: 0.0 ms]
   [Code Root Purge: 0.0 ms]
   [Clear CT: 0.2 ms]
   [Other: 1.1 ms]
      [Choose CSet: 0.0 ms]
      [Ref Proc: 0.2 ms]
      [Ref Enq: 0.0 ms]
      [Redirty Cards: 0.3 ms]
      [Humongous Register: 0.1 ms]
      [Humongous Reclaim: 0.0 ms]
      [Free CSet: 0.4 ms]
   [Eden: 298.0M(298.0M)->0.0B(302.0M) Survivors: 46.0M->43.0M Heap: 1127.2M(2048.0M)->1129.2M(2048.0M)]
 [Times: user=1.34 sys=0.01, real=0.18 secs] 
2020-09-29T12:28:53.618+0200: 104.944: [GC pause (G1 Humongous Allocation) (young) (initial-mark), 0.0566468 secs]
   [Parallel Time: 55.8 ms, GC Workers: 8]
      [GC Worker Start (ms): Min: 104944.6, Avg: 104944.6, Max: 104944.7, Diff: 0.2]
      [Ext Root Scanning (ms): Min: 0.0, Avg: 0.9, Max: 3.3, Diff: 3.3, Sum: 6.9]
      [Update RS (ms): Min: 29.6, Avg: 32.1, Max: 33.0, Diff: 3.4, Sum: 256.8]
         [Processed Buffers: Min: 33, Avg: 38.3, Max: 42, Diff: 9, Sum: 306]
      [Scan RS (ms): Min: 2.4, Avg: 2.6, Max: 2.7, Diff: 0.4, Sum: 20.7]
      [Code Root Scanning (ms): Min: 0.0, Avg: 0.0, Max: 0.0, Diff: 0.0, Sum: 0.0]
      [Object Copy (ms): Min: 20.0, Avg: 20.0, Max: 20.0, Diff: 0.1, Sum: 160.0]
      [Termination (ms): Min: 0.0, Avg: 0.0, Max: 0.0, Diff: 0.0, Sum: 0.2]
         [Termination Attempts: Min: 1, Avg: 187.8, Max: 273, Diff: 272, Sum: 1502]
      [GC Worker Other (ms): Min: 0.0, Avg: 0.0, Max: 0.0, Diff: 0.0, Sum: 0.1]
      [GC Worker Total (ms): Min: 55.5, Avg: 55.6, Max: 55.7, Diff: 0.2, Sum: 444.8]
      [GC Worker End (ms): Min: 105000.2, Avg: 105000.2, Max: 105000.2, Diff: 0.0]
   [Code Root Fixup: 0.0 ms]
   [Code Root Purge: 0.0 ms]
   [Clear CT: 0.2 ms]
   [Other: 0.6 ms]
      [Choose CSet: 0.0 ms]
      [Ref Proc: 0.1 ms]
      [Ref Enq: 0.0 ms]
      [Redirty Cards: 0.2 ms]
      [Humongous Register: 0.0 ms]
      [Humongous Reclaim: 0.0 ms]
      [Free CSet: 0.1 ms]
   [Eden: 9216.0K(302.0M)->0.0B(346.0M) Survivors: 43.0M->10.0M Heap: 1137.7M(2048.0M)->1141.2M(2048.0M)]
 [Times: user=0.36 sys=0.00, real=0.06 secs] 
2020-09-29T12:28:53.675+0200: 105.001: [GC concurrent-root-region-scan-start]
2020-09-29T12:28:53.677+0200: 105.004: [GC concurrent-root-region-scan-end, 0.0025084 secs]
2020-09-29T12:28:53.677+0200: 105.004: [GC concurrent-mark-start]
2020-09-29T12:28:53.680+0200: 105.007: [GC concurrent-mark-end, 0.0030442 secs]
2020-09-29T12:28:53.680+0200: 105.007: [GC remark 2020-09-29T12:28:53.680+0200: 105.007: [Finalize Marking, 0.0001396 secs] 2020-09-29T12:28:53.681+0200: 105.007: [GC ref-proc, 0.0003770 secs] 2020-09-29T12:28:53.681+0200: 105.007: [Unloading, 0.0004189 secs], 0.0013295 secs]
 [Times: user=0.00 sys=0.00, real=0.00 secs] 
2020-09-29T12:28:53.682+0200: 105.009: [GC cleanup 1154M->32M(2048M), 0.0014048 secs]
 [Times: user=0.00 sys=0.00, real=0.00 secs] 
2020-09-29T12:28:53.684+0200: 105.010: [GC concurrent-cleanup-start]
2020-09-29T12:28:53.686+0200: 105.012: [GC concurrent-cleanup-end, 0.0020645 secs]
2020-09-29T12:28:53.856+0200: 105.182: [GC pause (G1 Evacuation Pause) (young), 0.1690332 secs]
   [Parallel Time: 167.8 ms, GC Workers: 8]
      [GC Worker Start (ms): Min: 105182.6, Avg: 105182.7, Max: 105182.7, Diff: 0.2]
      [Ext Root Scanning (ms): Min: 0.0, Avg: 0.1, Max: 0.2, Diff: 0.2, Sum: 0.5]
      [Update RS (ms): Min: 19.1, Avg: 19.2, Max: 19.3, Diff: 0.2, Sum: 153.3]
         [Processed Buffers: Min: 18, Avg: 21.0, Max: 23, Diff: 5, Sum: 168]
      [Scan RS (ms): Min: 17.8, Avg: 18.0, Max: 18.2, Diff: 0.4, Sum: 143.7]
      [Code Root Scanning (ms): Min: 0.0, Avg: 0.0, Max: 0.0, Diff: 0.0, Sum: 0.0]
      [Object Copy (ms): Min: 130.2, Avg: 130.4, Max: 130.4, Diff: 0.2, Sum: 1042.8]
      [Termination (ms): Min: 0.0, Avg: 0.0, Max: 0.0, Diff: 0.0, Sum: 0.3]
         [Termination Attempts: Min: 1, Avg: 202.5, Max: 249, Diff: 248, Sum: 1620]
      [GC Worker Other (ms): Min: 0.0, Avg: 0.0, Max: 0.1, Diff: 0.0, Sum: 0.3]
      [GC Worker Total (ms): Min: 167.5, Avg: 167.6, Max: 167.7, Diff: 0.2, Sum: 1340.9]
      [GC Worker End (ms): Min: 105350.3, Avg: 105350.3, Max: 105350.3, Diff: 0.0]
   [Code Root Fixup: 0.0 ms]
   [Code Root Purge: 0.0 ms]
   [Clear CT: 0.2 ms]
   [Other: 1.0 ms]
      [Choose CSet: 0.0 ms]
      [Ref Proc: 0.2 ms]
      [Ref Enq: 0.0 ms]
      [Redirty Cards: 0.1 ms]
      [Humongous Register: 0.0 ms]
      [Humongous Reclaim: 0.0 ms]
      [Free CSet: 0.4 ms]
   [Eden: 346.0M(346.0M)->0.0B(321.0M) Survivors: 10.0M->45.0M Heap: 424.6M(2048.0M)->416.6M(2048.0M)]
 [Times: user=1.38 sys=0.00, real=0.17 secs] 
2020-09-29T12:28:54.202+0200: 105.528: [GC pause (G1 Evacuation Pause) (young), 0.1829252 secs]
   [Parallel Time: 181.7 ms, GC Workers: 8]
      [GC Worker Start (ms): Min: 105528.3, Avg: 105528.4, Max: 105528.5, Diff: 0.2]
      [Ext Root Scanning (ms): Min: 0.0, Avg: 0.1, Max: 0.2, Diff: 0.2, Sum: 0.4]
      [Update RS (ms): Min: 20.4, Avg: 20.5, Max: 20.8, Diff: 0.5, Sum: 164.3]
         [Processed Buffers: Min: 22, Avg: 23.8, Max: 26, Diff: 4, Sum: 190]
      [Scan RS (ms): Min: 16.7, Avg: 17.1, Max: 17.3, Diff: 0.6, Sum: 136.7]
      [Code Root Scanning (ms): Min: 0.0, Avg: 0.0, Max: 0.0, Diff: 0.0, Sum: 0.0]
      [Object Copy (ms): Min: 143.6, Avg: 143.7, Max: 143.8, Diff: 0.2, Sum: 1149.9]
      [Termination (ms): Min: 0.0, Avg: 0.0, Max: 0.0, Diff: 0.0, Sum: 0.0]
         [Termination Attempts: Min: 1, Avg: 12.4, Max: 19, Diff: 18, Sum: 99]
      [GC Worker Other (ms): Min: 0.0, Avg: 0.1, Max: 0.1, Diff: 0.1, Sum: 0.6]
      [GC Worker Total (ms): Min: 181.4, Avg: 181.5, Max: 181.6, Diff: 0.2, Sum: 1452.1]
      [GC Worker End (ms): Min: 105709.9, Avg: 105709.9, Max: 105710.0, Diff: 0.1]
   [Code Root Fixup: 0.0 ms]
   [Code Root Purge: 0.0 ms]
   [Clear CT: 0.2 ms]
   [Other: 1.0 ms]
      [Choose CSet: 0.0 ms]
      [Ref Proc: 0.2 ms]
      [Ref Enq: 0.0 ms]
      [Redirty Cards: 0.3 ms]
      [Humongous Register: 0.0 ms]
      [Humongous Reclaim: 0.0 ms]
      [Free CSet: 0.3 ms]
   [Eden: 321.0M(321.0M)->0.0B(312.0M) Survivors: 45.0M->46.0M Heap: 791.0M(2048.0M)->793.0M(2048.0M)]
 [Times: user=1.50 sys=0.00, real=0.18 secs] 
2020-09-29T12:28:54.556+0200: 105.883: [GC pause (G1 Evacuation Pause) (young), 0.1745118 secs]
   [Parallel Time: 173.4 ms, GC Workers: 8]
      [GC Worker Start (ms): Min: 105882.7, Avg: 105882.8, Max: 105882.9, Diff: 0.2]
      [Ext Root Scanning (ms): Min: 0.0, Avg: 0.1, Max: 0.2, Diff: 0.1, Sum: 0.5]
      [Update RS (ms): Min: 17.4, Avg: 17.6, Max: 18.0, Diff: 0.7, Sum: 141.0]
         [Processed Buffers: Min: 17, Avg: 19.5, Max: 23, Diff: 6, Sum: 156]
      [Scan RS (ms): Min: 18.4, Avg: 18.9, Max: 19.4, Diff: 1.0, Sum: 151.1]
      [Code Root Scanning (ms): Min: 0.0, Avg: 0.0, Max: 0.0, Diff: 0.0, Sum: 0.0]
      [Object Copy (ms): Min: 136.3, Avg: 136.5, Max: 136.7, Diff: 0.4, Sum: 1092.1]
      [Termination (ms): Min: 0.0, Avg: 0.0, Max: 0.0, Diff: 0.0, Sum: 0.1]
         [Termination Attempts: Min: 1, Avg: 65.9, Max: 88, Diff: 87, Sum: 527]
      [GC Worker Other (ms): Min: 0.0, Avg: 0.1, Max: 0.1, Diff: 0.1, Sum: 0.4]
      [GC Worker Total (ms): Min: 173.0, Avg: 173.1, Max: 173.3, Diff: 0.2, Sum: 1385.2]
      [GC Worker End (ms): Min: 106055.9, Avg: 106055.9, Max: 106056.0, Diff: 0.1]
   [Code Root Fixup: 0.0 ms]
   [Code Root Purge: 0.0 ms]
   [Clear CT: 0.2 ms]
   [Other: 0.9 ms]
      [Choose CSet: 0.0 ms]
      [Ref Proc: 0.2 ms]
      [Ref Enq: 0.0 ms]
      [Redirty Cards: 0.2 ms]
      [Humongous Register: 0.0 ms]
      [Humongous Reclaim: 0.0 ms]
      [Free CSet: 0.3 ms]
   [Eden: 312.0M(312.0M)->0.0B(311.0M) Survivors: 46.0M->45.0M Heap: 1156.5M(2048.0M)->1159.0M(2048.0M)]
 [Times: user=1.38 sys=0.00, real=0.17 secs] 
2020-09-29T12:28:54.745+0200: 106.072: [GC pause (G1 Humongous Allocation) (young) (initial-mark), 0.0678580 secs]
   [Parallel Time: 66.9 ms, GC Workers: 8]
      [GC Worker Start (ms): Min: 106072.2, Avg: 106072.2, Max: 106072.3, Diff: 0.1]
      [Ext Root Scanning (ms): Min: 0.0, Avg: 1.7, Max: 6.4, Diff: 6.4, Sum: 13.5]
      [Update RS (ms): Min: 28.3, Avg: 33.0, Max: 35.0, Diff: 6.7, Sum: 264.4]
         [Processed Buffers: Min: 32, Avg: 39.5, Max: 43, Diff: 11, Sum: 316]
      [Scan RS (ms): Min: 2.9, Avg: 4.5, Max: 14.9, Diff: 12.0, Sum: 35.7]
      [Code Root Scanning (ms): Min: 0.0, Avg: 0.0, Max: 0.0, Diff: 0.0, Sum: 0.0]
      [Object Copy (ms): Min: 16.7, Avg: 27.4, Max: 28.9, Diff: 12.2, Sum: 218.8]
      [Termination (ms): Min: 0.0, Avg: 0.2, Max: 0.2, Diff: 0.2, Sum: 1.4]
         [Termination Attempts: Min: 1, Avg: 1255.5, Max: 1521, Diff: 1520, Sum: 10044]
      [GC Worker Other (ms): Min: 0.0, Avg: 0.0, Max: 0.1, Diff: 0.0, Sum: 0.2]
      [GC Worker Total (ms): Min: 66.7, Avg: 66.7, Max: 66.8, Diff: 0.1, Sum: 534.0]
      [GC Worker End (ms): Min: 106138.9, Avg: 106139.0, Max: 106139.0, Diff: 0.0]
   [Code Root Fixup: 0.0 ms]
   [Code Root Purge: 0.0 ms]
   [Clear CT: 0.2 ms]
   [Other: 0.7 ms]
      [Choose CSet: 0.0 ms]
      [Ref Proc: 0.2 ms]
      [Ref Enq: 0.0 ms]
      [Redirty Cards: 0.2 ms]
      [Humongous Register: 0.1 ms]
      [Humongous Reclaim: 0.0 ms]
      [Free CSet: 0.1 ms]
   [Eden: 6144.0K(311.0M)->0.0B(296.0M) Survivors: 45.0M->7168.0K Heap: 1164.5M(2048.0M)->1168.0M(2048.0M)]
 [Times: user=0.47 sys=0.02, real=0.07 secs] 
2020-09-29T12:28:54.813+0200: 106.140: [GC concurrent-root-region-scan-start]
2020-09-29T12:28:54.815+0200: 106.142: [GC concurrent-root-region-scan-end, 0.0019825 secs]
2020-09-29T12:28:54.815+0200: 106.142: [GC concurrent-mark-start]
2020-09-29T12:28:54.819+0200: 106.146: [GC concurrent-mark-end, 0.0036538 secs]
2020-09-29T12:28:54.819+0200: 106.146: [GC remark 2020-09-29T12:28:54.819+0200: 106.146: [Finalize Marking, 0.0003477 secs] 2020-09-29T12:28:54.820+0200: 106.146: [GC ref-proc, 0.0003834 secs] 2020-09-29T12:28:54.820+0200: 106.147: [Unloading, 0.0005433 secs], 0.0016320 secs]
 [Times: user=0.00 sys=0.00, real=0.00 secs] 
2020-09-29T12:28:54.821+0200: 106.148: [GC cleanup 1177M->26M(2048M), 0.0015128 secs]
 [Times: user=0.00 sys=0.00, real=0.00 secs] 
2020-09-29T12:28:54.823+0200: 106.149: [GC concurrent-cleanup-start]
2020-09-29T12:28:54.824+0200: 106.151: [GC concurrent-cleanup-end, 0.0015805 secs]
2020-09-29T12:28:54.978+0200: 106.304: [GC pause (G1 Evacuation Pause) (young), 0.1744535 secs]
   [Parallel Time: 173.3 ms, GC Workers: 8]
      [GC Worker Start (ms): Min: 106304.2, Avg: 106304.3, Max: 106304.3, Diff: 0.2]
      [Ext Root Scanning (ms): Min: 0.0, Avg: 0.1, Max: 0.2, Diff: 0.2, Sum: 0.5]
      [Update RS (ms): Min: 18.7, Avg: 19.0, Max: 19.4, Diff: 0.7, Sum: 152.1]
         [Processed Buffers: Min: 15, Avg: 21.3, Max: 24, Diff: 9, Sum: 170]
      [Scan RS (ms): Min: 10.6, Avg: 11.0, Max: 11.3, Diff: 0.7, Sum: 88.1]
      [Code Root Scanning (ms): Min: 0.0, Avg: 0.0, Max: 0.0, Diff: 0.0, Sum: 0.0]
      [Object Copy (ms): Min: 141.4, Avg: 142.2, Max: 143.0, Diff: 1.6, Sum: 1137.7]
      [Termination (ms): Min: 0.0, Avg: 0.8, Max: 1.6, Diff: 1.6, Sum: 6.1]
         [Termination Attempts: Min: 1, Avg: 3144.1, Max: 4159, Diff: 4158, Sum: 25153]
      [GC Worker Other (ms): Min: 0.0, Avg: 0.0, Max: 0.1, Diff: 0.1, Sum: 0.4]
      [GC Worker Total (ms): Min: 173.0, Avg: 173.1, Max: 173.2, Diff: 0.2, Sum: 1384.9]
      [GC Worker End (ms): Min: 106477.3, Avg: 106477.4, Max: 106477.4, Diff: 0.1]
   [Code Root Fixup: 0.0 ms]
   [Code Root Purge: 0.0 ms]
   [Clear CT: 0.2 ms]
   [Other: 0.9 ms]
      [Choose CSet: 0.0 ms]
      [Ref Proc: 0.1 ms]
      [Ref Enq: 0.0 ms]
      [Redirty Cards: 0.2 ms]
      [Humongous Register: 0.0 ms]
      [Humongous Reclaim: 0.0 ms]
      [Free CSet: 0.3 ms]
   [Eden: 296.0M(296.0M)->0.0B(272.0M) Survivors: 7168.0K->38.0M Heap: 362.6M(2048.0M)->358.1M(2048.0M)]
 [Times: user=1.31 sys=0.00, real=0.17 secs] 
2020-09-29T12:28:55.285+0200: 106.612: [GC pause (G1 Evacuation Pause) (young), 0.1574712 secs]
   [Parallel Time: 156.3 ms, GC Workers: 8]
      [GC Worker Start (ms): Min: 106612.0, Avg: 106612.1, Max: 106612.1, Diff: 0.1]
      [Ext Root Scanning (ms): Min: 0.0, Avg: 0.1, Max: 0.2, Diff: 0.1, Sum: 0.7]
      [Update RS (ms): Min: 18.6, Avg: 18.8, Max: 19.3, Diff: 0.7, Sum: 150.4]
         [Processed Buffers: Min: 20, Avg: 22.4, Max: 24, Diff: 4, Sum: 179]
      [Scan RS (ms): Min: 11.3, Avg: 11.9, Max: 12.2, Diff: 0.8, Sum: 95.1]
      [Code Root Scanning (ms): Min: 0.0, Avg: 0.0, Max: 0.0, Diff: 0.0, Sum: 0.0]
      [Object Copy (ms): Min: 125.1, Avg: 125.2, Max: 125.2, Diff: 0.2, Sum: 1001.3]
      [Termination (ms): Min: 0.0, Avg: 0.1, Max: 0.1, Diff: 0.1, Sum: 0.8]
         [Termination Attempts: Min: 1, Avg: 717.4, Max: 857, Diff: 856, Sum: 5739]
      [GC Worker Other (ms): Min: 0.0, Avg: 0.1, Max: 0.1, Diff: 0.1, Sum: 0.5]
      [GC Worker Total (ms): Min: 156.1, Avg: 156.1, Max: 156.1, Diff: 0.1, Sum: 1248.8]
      [GC Worker End (ms): Min: 106768.1, Avg: 106768.2, Max: 106768.2, Diff: 0.1]
   [Code Root Fixup: 0.0 ms]
   [Code Root Purge: 0.0 ms]
   [Clear CT: 0.2 ms]
   [Other: 1.0 ms]
      [Choose CSet: 0.0 ms]
      [Ref Proc: 0.2 ms]
      [Ref Enq: 0.0 ms]
      [Redirty Cards: 0.2 ms]
      [Humongous Register: 0.0 ms]
      [Humongous Reclaim: 0.0 ms]
      [Free CSet: 0.3 ms]
   [Eden: 272.0M(272.0M)->0.0B(283.0M) Survivors: 38.0M->39.0M Heap: 675.9M(2048.0M)->677.9M(2048.0M)]
 [Times: user=1.27 sys=0.02, real=0.16 secs] 
2020-09-29T12:28:55.589+0200: 106.916: [GC pause (G1 Evacuation Pause) (young), 0.1936708 secs]
   [Parallel Time: 192.4 ms, GC Workers: 8]
      [GC Worker Start (ms): Min: 106915.9, Avg: 106916.0, Max: 106916.1, Diff: 0.2]
      [Ext Root Scanning (ms): Min: 0.0, Avg: 0.1, Max: 0.2, Diff: 0.2, Sum: 0.6]
      [Update RS (ms): Min: 20.5, Avg: 20.6, Max: 20.9, Diff: 0.5, Sum: 164.9]
         [Processed Buffers: Min: 24, Avg: 25.8, Max: 27, Diff: 3, Sum: 206]
      [Scan RS (ms): Min: 11.2, Avg: 11.6, Max: 12.3, Diff: 1.1, Sum: 92.6]
      [Code Root Scanning (ms): Min: 0.0, Avg: 0.0, Max: 0.0, Diff: 0.0, Sum: 0.0]
      [Object Copy (ms): Min: 158.0, Avg: 159.0, Max: 159.9, Diff: 1.9, Sum: 1271.8]
      [Termination (ms): Min: 0.0, Avg: 0.9, Max: 1.2, Diff: 1.2, Sum: 6.9]
         [Termination Attempts: Min: 1, Avg: 6089.4, Max: 7963, Diff: 7962, Sum: 48715]
      [GC Worker Other (ms): Min: 0.0, Avg: 0.1, Max: 0.1, Diff: 0.1, Sum: 0.4]
      [GC Worker Total (ms): Min: 192.1, Avg: 192.2, Max: 192.3, Diff: 0.2, Sum: 1537.2]
      [GC Worker End (ms): Min: 107108.2, Avg: 107108.2, Max: 107108.2, Diff: 0.1]
   [Code Root Fixup: 0.0 ms]
   [Code Root Purge: 0.0 ms]
   [Clear CT: 0.2 ms]
   [Other: 1.0 ms]
      [Choose CSet: 0.0 ms]
      [Ref Proc: 0.2 ms]
      [Ref Enq: 0.0 ms]
      [Redirty Cards: 0.2 ms]
      [Humongous Register: 0.0 ms]
      [Humongous Reclaim: 0.0 ms]
      [Free CSet: 0.3 ms]
   [Eden: 283.0M(283.0M)->0.0B(272.0M) Survivors: 39.0M->41.0M Heap: 1008.6M(2048.0M)->1010.6M(2048.0M)]
 [Times: user=1.45 sys=0.02, real=0.19 secs] 
2020-09-29T12:28:55.792+0200: 107.118: [GC pause (G1 Humongous Allocation) (young) (initial-mark), 0.0651639 secs]
   [Parallel Time: 64.1 ms, GC Workers: 8]
      [GC Worker Start (ms): Min: 107118.6, Avg: 107118.6, Max: 107118.7, Diff: 0.1]
      [Ext Root Scanning (ms): Min: 0.1, Avg: 0.1, Max: 0.1, Diff: 0.1, Sum: 0.7]
      [Update RS (ms): Min: 34.3, Avg: 34.9, Max: 37.5, Diff: 3.3, Sum: 279.1]
         [Processed Buffers: Min: 37, Avg: 41.5, Max: 44, Diff: 7, Sum: 332]
      [Scan RS (ms): Min: 0.0, Avg: 3.0, Max: 6.6, Diff: 6.6, Sum: 24.4]
      [Code Root Scanning (ms): Min: 0.0, Avg: 0.0, Max: 0.0, Diff: 0.0, Sum: 0.0]
      [Object Copy (ms): Min: 22.2, Avg: 25.8, Max: 26.5, Diff: 4.3, Sum: 206.5]
      [Termination (ms): Min: 0.0, Avg: 0.1, Max: 0.2, Diff: 0.2, Sum: 0.8]
         [Termination Attempts: Min: 1, Avg: 670.5, Max: 918, Diff: 917, Sum: 5364]
      [GC Worker Other (ms): Min: 0.0, Avg: 0.0, Max: 0.0, Diff: 0.0, Sum: 0.1]
      [GC Worker Total (ms): Min: 63.9, Avg: 64.0, Max: 64.0, Diff: 0.1, Sum: 511.7]
      [GC Worker End (ms): Min: 107182.6, Avg: 107182.6, Max: 107182.6, Diff: 0.0]
   [Code Root Fixup: 0.0 ms]
   [Code Root Purge: 0.0 ms]
   [Clear CT: 0.2 ms]
   [Other: 0.8 ms]
      [Choose CSet: 0.0 ms]
      [Ref Proc: 0.2 ms]
      [Ref Enq: 0.0 ms]
      [Redirty Cards: 0.2 ms]
      [Humongous Register: 0.1 ms]
      [Humongous Reclaim: 0.0 ms]
      [Free CSet: 0.1 ms]
   [Eden: 8192.0K(272.0M)->0.0B(293.0M) Survivors: 41.0M->11.0M Heap: 1018.1M(2048.0M)->1022.6M(2048.0M)]
 [Times: user=0.48 sys=0.00, real=0.07 secs] 
2020-09-29T12:28:55.857+0200: 107.184: [GC concurrent-root-region-scan-start]
2020-09-29T12:28:55.859+0200: 107.186: [GC concurrent-root-region-scan-end, 0.0023176 secs]
2020-09-29T12:28:55.860+0200: 107.186: [GC concurrent-mark-start]
2020-09-29T12:28:55.863+0200: 107.189: [GC concurrent-mark-end, 0.0030146 secs]
2020-09-29T12:28:55.863+0200: 107.189: [GC remark 2020-09-29T12:28:55.863+0200: 107.189: [Finalize Marking, 0.0002021 secs] 2020-09-29T12:28:55.863+0200: 107.189: [GC ref-proc, 0.0002946 secs] 2020-09-29T12:28:55.863+0200: 107.190: [Unloading, 0.0004739 secs], 0.0013109 secs]
 [Times: user=0.06 sys=0.00, real=0.00 secs] 
2020-09-29T12:28:55.864+0200: 107.191: [GC cleanup 1034M->32M(2048M), 0.0012987 secs]
 [Times: user=0.00 sys=0.00, real=0.00 secs] 
2020-09-29T12:28:55.866+0200: 107.192: [GC concurrent-cleanup-start]
2020-09-29T12:28:55.867+0200: 107.194: [GC concurrent-cleanup-end, 0.0013717 secs]
2020-09-29T12:28:56.016+0200: 107.343: [GC pause (G1 Evacuation Pause) (young), 0.1544371 secs]
   [Parallel Time: 153.1 ms, GC Workers: 8]
      [GC Worker Start (ms): Min: 107343.0, Avg: 107343.1, Max: 107343.2, Diff: 0.1]
      [Ext Root Scanning (ms): Min: 0.0, Avg: 0.1, Max: 0.1, Diff: 0.1, Sum: 0.5]
      [Update RS (ms): Min: 23.3, Avg: 23.5, Max: 23.9, Diff: 0.6, Sum: 188.2]
         [Processed Buffers: Min: 21, Avg: 24.1, Max: 27, Diff: 6, Sum: 193]
      [Scan RS (ms): Min: 10.6, Avg: 11.0, Max: 11.2, Diff: 0.6, Sum: 87.9]
      [Code Root Scanning (ms): Min: 0.0, Avg: 0.0, Max: 0.0, Diff: 0.0, Sum: 0.0]
      [Object Copy (ms): Min: 118.2, Avg: 118.3, Max: 118.3, Diff: 0.1, Sum: 946.0]
      [Termination (ms): Min: 0.0, Avg: 0.0, Max: 0.0, Diff: 0.0, Sum: 0.3]
         [Termination Attempts: Min: 1, Avg: 250.3, Max: 319, Diff: 318, Sum: 2002]
      [GC Worker Other (ms): Min: 0.0, Avg: 0.0, Max: 0.1, Diff: 0.0, Sum: 0.3]
      [GC Worker Total (ms): Min: 152.8, Avg: 152.9, Max: 153.0, Diff: 0.2, Sum: 1223.2]
      [GC Worker End (ms): Min: 107496.0, Avg: 107496.0, Max: 107496.0, Diff: 0.0]
   [Code Root Fixup: 0.0 ms]
   [Code Root Purge: 0.0 ms]
   [Clear CT: 0.4 ms]
   [Other: 0.9 ms]
      [Choose CSet: 0.0 ms]
      [Ref Proc: 0.2 ms]
      [Ref Enq: 0.0 ms]
      [Redirty Cards: 0.3 ms]
      [Humongous Register: 0.0 ms]
      [Humongous Reclaim: 0.0 ms]
      [Free CSet: 0.2 ms]
   [Eden: 293.0M(293.0M)->0.0B(284.0M) Survivors: 11.0M->38.0M Heap: 363.1M(2048.0M)->354.1M(2048.0M)]
 [Times: user=1.25 sys=0.00, real=0.15 secs] 
2020-09-29T12:28:56.323+0200: 107.650: [GC pause (G1 Evacuation Pause) (young), 0.1605393 secs]
   [Parallel Time: 159.4 ms, GC Workers: 8]
      [GC Worker Start (ms): Min: 107650.0, Avg: 107650.0, Max: 107650.1, Diff: 0.1]
      [Ext Root Scanning (ms): Min: 0.0, Avg: 0.1, Max: 0.2, Diff: 0.1, Sum: 0.6]
      [Update RS (ms): Min: 14.0, Avg: 14.2, Max: 14.6, Diff: 0.6, Sum: 113.9]
         [Processed Buffers: Min: 15, Avg: 16.4, Max: 19, Diff: 4, Sum: 131]
      [Scan RS (ms): Min: 16.7, Avg: 17.1, Max: 17.4, Diff: 0.7, Sum: 136.6]
      [Code Root Scanning (ms): Min: 0.0, Avg: 0.0, Max: 0.0, Diff: 0.0, Sum: 0.0]
      [Object Copy (ms): Min: 127.6, Avg: 127.7, Max: 127.8, Diff: 0.2, Sum: 1021.6]
      [Termination (ms): Min: 0.0, Avg: 0.1, Max: 0.1, Diff: 0.1, Sum: 0.5]
         [Termination Attempts: Min: 1, Avg: 432.5, Max: 623, Diff: 622, Sum: 3460]
      [GC Worker Other (ms): Min: 0.0, Avg: 0.0, Max: 0.1, Diff: 0.1, Sum: 0.3]
      [GC Worker Total (ms): Min: 159.1, Avg: 159.2, Max: 159.3, Diff: 0.2, Sum: 1273.6]
      [GC Worker End (ms): Min: 107809.2, Avg: 107809.2, Max: 107809.3, Diff: 0.1]
   [Code Root Fixup: 0.0 ms]
   [Code Root Purge: 0.0 ms]
   [Clear CT: 0.2 ms]
   [Other: 1.0 ms]
      [Choose CSet: 0.0 ms]
      [Ref Proc: 0.2 ms]
      [Ref Enq: 0.0 ms]
      [Redirty Cards: 0.2 ms]
      [Humongous Register: 0.0 ms]
      [Humongous Reclaim: 0.0 ms]
      [Free CSet: 0.3 ms]
   [Eden: 284.0M(284.0M)->0.0B(284.0M) Survivors: 38.0M->41.0M Heap: 685.8M(2048.0M)->687.3M(2048.0M)]
 [Times: user=1.22 sys=0.00, real=0.16 secs] 
2020-09-29T12:28:56.642+0200: 107.969: [GC pause (G1 Evacuation Pause) (young), 0.1596368 secs]
   [Parallel Time: 158.4 ms, GC Workers: 8]
      [GC Worker Start (ms): Min: 107968.7, Avg: 107968.8, Max: 107968.9, Diff: 0.2]
      [Ext Root Scanning (ms): Min: 0.0, Avg: 0.1, Max: 0.2, Diff: 0.2, Sum: 0.4]
      [Update RS (ms): Min: 16.8, Avg: 16.9, Max: 17.1, Diff: 0.3, Sum: 135.4]
         [Processed Buffers: Min: 16, Avg: 19.0, Max: 21, Diff: 5, Sum: 152]
      [Scan RS (ms): Min: 16.3, Avg: 16.5, Max: 16.7, Diff: 0.3, Sum: 131.9]
      [Code Root Scanning (ms): Min: 0.0, Avg: 0.0, Max: 0.0, Diff: 0.0, Sum: 0.0]
      [Object Copy (ms): Min: 124.6, Avg: 124.6, Max: 124.7, Diff: 0.1, Sum: 997.1]
      [Termination (ms): Min: 0.0, Avg: 0.1, Max: 0.1, Diff: 0.1, Sum: 0.4]
         [Termination Attempts: Min: 1, Avg: 360.1, Max: 477, Diff: 476, Sum: 2881]
      [GC Worker Other (ms): Min: 0.0, Avg: 0.0, Max: 0.1, Diff: 0.1, Sum: 0.3]
      [GC Worker Total (ms): Min: 158.1, Avg: 158.2, Max: 158.3, Diff: 0.2, Sum: 1265.5]
      [GC Worker End (ms): Min: 108127.0, Avg: 108127.0, Max: 108127.0, Diff: 0.1]
   [Code Root Fixup: 0.0 ms]
   [Code Root Purge: 0.0 ms]
   [Clear CT: 0.2 ms]
   [Other: 1.0 ms]
      [Choose CSet: 0.0 ms]
      [Ref Proc: 0.2 ms]
      [Ref Enq: 0.0 ms]
      [Redirty Cards: 0.3 ms]
      [Humongous Register: 0.0 ms]
      [Humongous Reclaim: 0.0 ms]
      [Free CSet: 0.2 ms]
   [Eden: 284.0M(284.0M)->0.0B(292.0M) Survivors: 41.0M->41.0M Heap: 1019.0M(2048.0M)->1020.5M(2048.0M)]
 [Times: user=1.25 sys=0.00, real=0.16 secs] 
2020-09-29T12:28:56.806+0200: 108.133: [GC pause (G1 Humongous Allocation) (young) (initial-mark), 0.0666792 secs]
   [Parallel Time: 65.8 ms, GC Workers: 8]
      [GC Worker Start (ms): Min: 108133.1, Avg: 108133.1, Max: 108133.2, Diff: 0.2]
      [Ext Root Scanning (ms): Min: 0.0, Avg: 1.0, Max: 5.9, Diff: 5.9, Sum: 7.6]
      [Update RS (ms): Min: 36.6, Avg: 41.5, Max: 42.8, Diff: 6.2, Sum: 332.1]
         [Processed Buffers: Min: 45, Avg: 50.5, Max: 53, Diff: 8, Sum: 404]
      [Scan RS (ms): Min: 0.7, Avg: 1.2, Max: 1.5, Diff: 0.8, Sum: 9.7]
      [Code Root Scanning (ms): Min: 0.0, Avg: 0.0, Max: 0.0, Diff: 0.0, Sum: 0.0]
      [Object Copy (ms): Min: 22.0, Avg: 22.0, Max: 22.0, Diff: 0.1, Sum: 176.0]
      [Termination (ms): Min: 0.0, Avg: 0.0, Max: 0.0, Diff: 0.0, Sum: 0.1]
         [Termination Attempts: Min: 1, Avg: 117.6, Max: 152, Diff: 151, Sum: 941]
      [GC Worker Other (ms): Min: 0.0, Avg: 0.0, Max: 0.0, Diff: 0.0, Sum: 0.1]
      [GC Worker Total (ms): Min: 65.6, Avg: 65.7, Max: 65.8, Diff: 0.2, Sum: 525.8]
      [GC Worker End (ms): Min: 108198.8, Avg: 108198.8, Max: 108198.9, Diff: 0.0]
   [Code Root Fixup: 0.0 ms]
   [Code Root Purge: 0.0 ms]
   [Clear CT: 0.2 ms]
   [Other: 0.7 ms]
      [Choose CSet: 0.0 ms]
      [Ref Proc: 0.2 ms]
      [Ref Enq: 0.0 ms]
      [Redirty Cards: 0.2 ms]
      [Humongous Register: 0.1 ms]
      [Humongous Reclaim: 0.0 ms]
      [Free CSet: 0.1 ms]
   [Eden: 9216.0K(292.0M)->0.0B(317.0M) Survivors: 41.0M->12.0M Heap: 1029.5M(2048.0M)->1034.0M(2048.0M)]
 [Times: user=0.50 sys=0.00, real=0.07 secs] 
2020-09-29T12:28:56.873+0200: 108.200: [GC concurrent-root-region-scan-start]
2020-09-29T12:28:56.876+0200: 108.203: [GC concurrent-root-region-scan-end, 0.0030388 secs]
2020-09-29T12:28:56.876+0200: 108.203: [GC concurrent-mark-start]
2020-09-29T12:28:56.879+0200: 108.205: [GC concurrent-mark-end, 0.0026453 secs]
2020-09-29T12:28:56.879+0200: 108.206: [GC remark 2020-09-29T12:28:56.879+0200: 108.206: [Finalize Marking, 0.0001991 secs] 2020-09-29T12:28:56.879+0200: 108.206: [GC ref-proc, 0.0003021 secs] 2020-09-29T12:28:56.880+0200: 108.206: [Unloading, 0.0004578 secs], 0.0012898 secs]
 [Times: user=0.00 sys=0.02, real=0.00 secs] 
2020-09-29T12:28:56.881+0200: 108.207: [GC cleanup 1047M->34M(2048M), 0.0013156 secs]
 [Times: user=0.00 sys=0.00, real=0.00 secs] 
2020-09-29T12:28:56.882+0200: 108.209: [GC concurrent-cleanup-start]
2020-09-29T12:28:56.884+0200: 108.210: [GC concurrent-cleanup-end, 0.0015247 secs]
2020-09-29T12:28:57.041+0200: 108.368: [GC pause (G1 Evacuation Pause) (young), 0.1640455 secs]
   [Parallel Time: 162.9 ms, GC Workers: 8]
      [GC Worker Start (ms): Min: 108368.0, Avg: 108368.0, Max: 108368.1, Diff: 0.2]
      [Ext Root Scanning (ms): Min: 0.0, Avg: 0.1, Max: 0.2, Diff: 0.2, Sum: 0.6]
      [Update RS (ms): Min: 18.1, Avg: 18.3, Max: 18.5, Diff: 0.4, Sum: 146.3]
         [Processed Buffers: Min: 18, Avg: 19.3, Max: 21, Diff: 3, Sum: 154]
      [Scan RS (ms): Min: 15.7, Avg: 16.2, Max: 17.5, Diff: 1.8, Sum: 129.9]
      [Code Root Scanning (ms): Min: 0.0, Avg: 0.0, Max: 0.0, Diff: 0.0, Sum: 0.0]
      [Object Copy (ms): Min: 126.9, Avg: 128.0, Max: 128.3, Diff: 1.4, Sum: 1023.7]
      [Termination (ms): Min: 0.0, Avg: 0.0, Max: 0.0, Diff: 0.0, Sum: 0.0]
         [Termination Attempts: Min: 1, Avg: 20.3, Max: 31, Diff: 30, Sum: 162]
      [GC Worker Other (ms): Min: 0.0, Avg: 0.0, Max: 0.1, Diff: 0.1, Sum: 0.4]
      [GC Worker Total (ms): Min: 162.6, Avg: 162.6, Max: 162.7, Diff: 0.1, Sum: 1300.9]
      [GC Worker End (ms): Min: 108530.6, Avg: 108530.7, Max: 108530.7, Diff: 0.1]
   [Code Root Fixup: 0.0 ms]
   [Code Root Purge: 0.0 ms]
   [Clear CT: 0.2 ms]
   [Other: 1.0 ms]
      [Choose CSet: 0.0 ms]
      [Ref Proc: 0.1 ms]
      [Ref Enq: 0.0 ms]
      [Redirty Cards: 0.5 ms]
      [Humongous Register: 0.0 ms]
      [Humongous Reclaim: 0.0 ms]
      [Free CSet: 0.2 ms]
   [Eden: 317.0M(317.0M)->0.0B(296.0M) Survivors: 12.0M->42.0M Heap: 391.9M(2048.0M)->382.4M(2048.0M)]
 [Times: user=1.25 sys=0.00, real=0.16 secs] 
2020-09-29T12:28:57.367+0200: 108.694: [GC pause (G1 Evacuation Pause) (young), 0.1867346 secs]
   [Parallel Time: 185.4 ms, GC Workers: 8]
      [GC Worker Start (ms): Min: 108694.1, Avg: 108694.2, Max: 108694.3, Diff: 0.2]
      [Ext Root Scanning (ms): Min: 0.0, Avg: 0.1, Max: 0.2, Diff: 0.2, Sum: 0.4]
      [Update RS (ms): Min: 19.3, Avg: 19.4, Max: 19.6, Diff: 0.4, Sum: 155.1]
         [Processed Buffers: Min: 22, Avg: 23.3, Max: 26, Diff: 4, Sum: 186]
      [Scan RS (ms): Min: 15.6, Avg: 15.8, Max: 15.9, Diff: 0.4, Sum: 126.4]
      [Code Root Scanning (ms): Min: 0.0, Avg: 0.0, Max: 0.0, Diff: 0.0, Sum: 0.0]
      [Object Copy (ms): Min: 149.6, Avg: 149.7, Max: 149.9, Diff: 0.2, Sum: 1197.8]
      [Termination (ms): Min: 0.0, Avg: 0.2, Max: 0.2, Diff: 0.2, Sum: 1.2]
         [Termination Attempts: Min: 1, Avg: 1135.9, Max: 1513, Diff: 1512, Sum: 9087]
      [GC Worker Other (ms): Min: 0.0, Avg: 0.0, Max: 0.1, Diff: 0.0, Sum: 0.4]
      [GC Worker Total (ms): Min: 185.1, Avg: 185.2, Max: 185.3, Diff: 0.2, Sum: 1481.4]
      [GC Worker End (ms): Min: 108879.4, Avg: 108879.4, Max: 108879.4, Diff: 0.0]
   [Code Root Fixup: 0.0 ms]
   [Code Root Purge: 0.0 ms]
   [Clear CT: 0.2 ms]
   [Other: 1.1 ms]
      [Choose CSet: 0.0 ms]
      [Ref Proc: 0.2 ms]
      [Ref Enq: 0.0 ms]
      [Redirty Cards: 0.3 ms]
      [Humongous Register: 0.0 ms]
      [Humongous Reclaim: 0.0 ms]
      [Free CSet: 0.3 ms]
   [Eden: 296.0M(296.0M)->0.0B(285.0M) Survivors: 42.0M->43.0M Heap: 728.0M(2048.0M)->730.0M(2048.0M)]
 [Times: user=1.49 sys=0.00, real=0.19 secs] 
2020-09-29T12:28:57.705+0200: 109.031: [GC pause (G1 Evacuation Pause) (young), 0.1590805 secs]
   [Parallel Time: 157.9 ms, GC Workers: 8]
      [GC Worker Start (ms): Min: 109031.2, Avg: 109031.3, Max: 109031.4, Diff: 0.1]
      [Ext Root Scanning (ms): Min: 0.0, Avg: 0.1, Max: 0.2, Diff: 0.1, Sum: 0.6]
      [Update RS (ms): Min: 16.7, Avg: 16.9, Max: 17.4, Diff: 0.7, Sum: 135.2]
         [Processed Buffers: Min: 19, Avg: 20.9, Max: 24, Diff: 5, Sum: 167]
      [Scan RS (ms): Min: 13.1, Avg: 13.5, Max: 13.7, Diff: 0.6, Sum: 107.9]
      [Code Root Scanning (ms): Min: 0.0, Avg: 0.0, Max: 0.0, Diff: 0.0, Sum: 0.0]
      [Object Copy (ms): Min: 127.0, Avg: 127.1, Max: 127.2, Diff: 0.2, Sum: 1016.6]
      [Termination (ms): Min: 0.0, Avg: 0.0, Max: 0.1, Diff: 0.1, Sum: 0.3]
         [Termination Attempts: Min: 1, Avg: 310.8, Max: 401, Diff: 400, Sum: 2486]
      [GC Worker Other (ms): Min: 0.0, Avg: 0.0, Max: 0.1, Diff: 0.1, Sum: 0.4]
      [GC Worker Total (ms): Min: 157.6, Avg: 157.6, Max: 157.8, Diff: 0.2, Sum: 1261.1]
      [GC Worker End (ms): Min: 109188.9, Avg: 109188.9, Max: 109189.0, Diff: 0.1]
   [Code Root Fixup: 0.0 ms]
   [Code Root Purge: 0.0 ms]
   [Clear CT: 0.2 ms]
   [Other: 1.0 ms]
      [Choose CSet: 0.0 ms]
      [Ref Proc: 0.1 ms]
      [Ref Enq: 0.0 ms]
      [Redirty Cards: 0.2 ms]
      [Humongous Register: 0.0 ms]
      [Humongous Reclaim: 0.0 ms]
      [Free CSet: 0.4 ms]
   [Eden: 285.0M(285.0M)->0.0B(298.0M) Survivors: 43.0M->41.0M Heap: 1062.7M(2048.0M)->1064.7M(2048.0M)]
 [Times: user=1.26 sys=0.00, real=0.16 secs] 
2020-09-29T12:28:57.869+0200: 109.195: [GC pause (G1 Humongous Allocation) (young) (initial-mark), 0.0648835 secs]
   [Parallel Time: 63.9 ms, GC Workers: 8]
      [GC Worker Start (ms): Min: 109195.7, Avg: 109195.7, Max: 109195.8, Diff: 0.2]
      [Ext Root Scanning (ms): Min: 0.0, Avg: 0.2, Max: 0.8, Diff: 0.8, Sum: 1.9]
      [Update RS (ms): Min: 41.2, Avg: 41.7, Max: 42.1, Diff: 1.0, Sum: 333.8]
         [Processed Buffers: Min: 41, Avg: 49.9, Max: 53, Diff: 12, Sum: 399]
      [Scan RS (ms): Min: 1.0, Avg: 1.2, Max: 1.4, Diff: 0.4, Sum: 9.9]
      [Code Root Scanning (ms): Min: 0.0, Avg: 0.0, Max: 0.0, Diff: 0.0, Sum: 0.0]
      [Object Copy (ms): Min: 20.4, Avg: 20.4, Max: 20.5, Diff: 0.1, Sum: 163.5]
      [Termination (ms): Min: 0.0, Avg: 0.0, Max: 0.0, Diff: 0.0, Sum: 0.2]
         [Termination Attempts: Min: 1, Avg: 133.5, Max: 175, Diff: 174, Sum: 1068]
      [GC Worker Other (ms): Min: 0.0, Avg: 0.0, Max: 0.0, Diff: 0.0, Sum: 0.1]
      [GC Worker Total (ms): Min: 63.6, Avg: 63.7, Max: 63.7, Diff: 0.2, Sum: 509.4]
      [GC Worker End (ms): Min: 109259.4, Avg: 109259.4, Max: 109259.4, Diff: 0.0]
   [Code Root Fixup: 0.0 ms]
   [Code Root Purge: 0.0 ms]
   [Clear CT: 0.1 ms]
   [Other: 0.9 ms]
      [Choose CSet: 0.0 ms]
      [Ref Proc: 0.2 ms]
      [Ref Enq: 0.0 ms]
      [Redirty Cards: 0.2 ms]
      [Humongous Register: 0.1 ms]
      [Humongous Reclaim: 0.0 ms]
      [Free CSet: 0.1 ms]
   [Eden: 7168.0K(298.0M)->0.0B(330.0M) Survivors: 41.0M->8192.0K Heap: 1071.2M(2048.0M)->1075.2M(2048.0M)]
 [Times: user=0.50 sys=0.00, real=0.07 secs] 
2020-09-29T12:28:57.934+0200: 109.260: [GC concurrent-root-region-scan-start]
2020-09-29T12:28:57.936+0200: 109.263: [GC concurrent-root-region-scan-end, 0.0021312 secs]
2020-09-29T12:28:57.936+0200: 109.263: [GC concurrent-mark-start]
2020-09-29T12:28:57.939+0200: 109.266: [GC concurrent-mark-end, 0.0029947 secs]
2020-09-29T12:28:57.939+0200: 109.266: [GC remark 2020-09-29T12:28:57.939+0200: 109.266: [Finalize Marking, 0.0001542 secs] 2020-09-29T12:28:57.940+0200: 109.266: [GC ref-proc, 0.0003383 secs] 2020-09-29T12:28:57.940+0200: 109.267: [Unloading, 0.0004503 secs], 0.0013509 secs]
 [Times: user=0.00 sys=0.00, real=0.00 secs] 
2020-09-29T12:28:57.941+0200: 109.268: [GC cleanup 1088M->30M(2048M), 0.0014025 secs]
 [Times: user=0.09 sys=0.00, real=0.00 secs] 
2020-09-29T12:28:57.943+0200: 109.269: [GC concurrent-cleanup-start]
2020-09-29T12:28:57.944+0200: 109.271: [GC concurrent-cleanup-end, 0.0014891 secs]
2020-09-29T12:28:58.120+0200: 109.447: [GC pause (G1 Evacuation Pause) (young), 0.1661594 secs]
   [Parallel Time: 165.1 ms, GC Workers: 8]
      [GC Worker Start (ms): Min: 109446.7, Avg: 109446.7, Max: 109446.8, Diff: 0.1]
      [Ext Root Scanning (ms): Min: 0.0, Avg: 0.1, Max: 0.1, Diff: 0.1, Sum: 0.6]
      [Update RS (ms): Min: 20.9, Avg: 21.1, Max: 21.3, Diff: 0.4, Sum: 168.9]
         [Processed Buffers: Min: 18, Avg: 24.9, Max: 28, Diff: 10, Sum: 199]
      [Scan RS (ms): Min: 12.3, Avg: 12.5, Max: 12.9, Diff: 0.5, Sum: 100.1]
      [Code Root Scanning (ms): Min: 0.0, Avg: 0.0, Max: 0.0, Diff: 0.0, Sum: 0.0]
      [Object Copy (ms): Min: 131.1, Avg: 131.2, Max: 131.3, Diff: 0.2, Sum: 1049.8]
      [Termination (ms): Min: 0.0, Avg: 0.0, Max: 0.0, Diff: 0.0, Sum: 0.2]
         [Termination Attempts: Min: 1, Avg: 147.8, Max: 200, Diff: 199, Sum: 1182]
      [GC Worker Other (ms): Min: 0.0, Avg: 0.0, Max: 0.1, Diff: 0.1, Sum: 0.3]
      [GC Worker Total (ms): Min: 164.9, Avg: 165.0, Max: 165.0, Diff: 0.1, Sum: 1319.9]
      [GC Worker End (ms): Min: 109611.7, Avg: 109611.7, Max: 109611.8, Diff: 0.1]
   [Code Root Fixup: 0.0 ms]
   [Code Root Purge: 0.0 ms]
   [Clear CT: 0.2 ms]
   [Other: 0.8 ms]
      [Choose CSet: 0.0 ms]
      [Ref Proc: 0.2 ms]
      [Ref Enq: 0.0 ms]
      [Redirty Cards: 0.2 ms]
      [Humongous Register: 0.1 ms]
      [Humongous Reclaim: 0.0 ms]
      [Free CSet: 0.2 ms]
   [Eden: 330.0M(330.0M)->0.0B(310.0M) Survivors: 8192.0K->43.0M Heap: 403.3M(2048.0M)->397.3M(2048.0M)]
 [Times: user=1.28 sys=0.03, real=0.17 secs] 
2020-09-29T12:28:58.449+0200: 109.776: [GC pause (G1 Evacuation Pause) (young), 0.1818827 secs]
   [Parallel Time: 180.7 ms, GC Workers: 8]
      [GC Worker Start (ms): Min: 109775.8, Avg: 109775.9, Max: 109776.0, Diff: 0.2]
      [Ext Root Scanning (ms): Min: 0.0, Avg: 0.1, Max: 0.2, Diff: 0.2, Sum: 0.4]
      [Update RS (ms): Min: 16.2, Avg: 16.4, Max: 16.8, Diff: 0.6, Sum: 131.6]
         [Processed Buffers: Min: 18, Avg: 18.9, Max: 21, Diff: 3, Sum: 151]
      [Scan RS (ms): Min: 16.7, Avg: 17.1, Max: 17.3, Diff: 0.7, Sum: 136.9]
      [Code Root Scanning (ms): Min: 0.0, Avg: 0.0, Max: 0.0, Diff: 0.0, Sum: 0.0]
      [Object Copy (ms): Min: 146.5, Avg: 146.6, Max: 146.8, Diff: 0.3, Sum: 1173.0]
      [Termination (ms): Min: 0.0, Avg: 0.1, Max: 0.1, Diff: 0.1, Sum: 0.7]
         [Termination Attempts: Min: 1, Avg: 692.1, Max: 924, Diff: 923, Sum: 5537]
      [GC Worker Other (ms): Min: 0.0, Avg: 0.0, Max: 0.1, Diff: 0.1, Sum: 0.3]
      [GC Worker Total (ms): Min: 180.3, Avg: 180.4, Max: 180.5, Diff: 0.2, Sum: 1443.0]
      [GC Worker End (ms): Min: 109956.2, Avg: 109956.3, Max: 109956.3, Diff: 0.1]
   [Code Root Fixup: 0.0 ms]
   [Code Root Purge: 0.0 ms]
   [Clear CT: 0.2 ms]
   [Other: 1.0 ms]
      [Choose CSet: 0.0 ms]
      [Ref Proc: 0.2 ms]
      [Ref Enq: 0.0 ms]
      [Redirty Cards: 0.2 ms]
      [Humongous Register: 0.0 ms]
      [Humongous Reclaim: 0.0 ms]
      [Free CSet: 0.3 ms]
   [Eden: 310.0M(310.0M)->0.0B(300.0M) Survivors: 43.0M->45.0M Heap: 758.8M(2048.0M)->760.8M(2048.0M)]
 [Times: user=1.48 sys=0.00, real=0.18 secs] 
2020-09-29T12:28:58.791+0200: 110.117: [GC pause (G1 Evacuation Pause) (young), 0.1673481 secs]
   [Parallel Time: 166.2 ms, GC Workers: 8]
      [GC Worker Start (ms): Min: 110117.6, Avg: 110117.7, Max: 110117.7, Diff: 0.1]
      [Ext Root Scanning (ms): Min: 0.0, Avg: 0.1, Max: 0.1, Diff: 0.1, Sum: 0.6]
      [Update RS (ms): Min: 18.8, Avg: 18.9, Max: 19.2, Diff: 0.4, Sum: 151.4]
         [Processed Buffers: Min: 20, Avg: 22.5, Max: 25, Diff: 5, Sum: 180]
      [Scan RS (ms): Min: 15.3, Avg: 15.6, Max: 15.7, Diff: 0.4, Sum: 124.9]
      [Code Root Scanning (ms): Min: 0.0, Avg: 0.0, Max: 0.0, Diff: 0.0, Sum: 0.0]
      [Object Copy (ms): Min: 131.3, Avg: 131.3, Max: 131.4, Diff: 0.1, Sum: 1050.7]
      [Termination (ms): Min: 0.0, Avg: 0.0, Max: 0.0, Diff: 0.0, Sum: 0.1]
         [Termination Attempts: Min: 1, Avg: 80.3, Max: 109, Diff: 108, Sum: 642]
      [GC Worker Other (ms): Min: 0.0, Avg: 0.0, Max: 0.1, Diff: 0.1, Sum: 0.4]
      [GC Worker Total (ms): Min: 165.9, Avg: 166.0, Max: 166.1, Diff: 0.2, Sum: 1328.2]
      [GC Worker End (ms): Min: 110283.6, Avg: 110283.7, Max: 110283.7, Diff: 0.1]
   [Code Root Fixup: 0.0 ms]
   [Code Root Purge: 0.0 ms]
   [Clear CT: 0.3 ms]
   [Other: 0.9 ms]
      [Choose CSet: 0.0 ms]
      [Ref Proc: 0.1 ms]
      [Ref Enq: 0.0 ms]
      [Redirty Cards: 0.3 ms]
      [Humongous Register: 0.1 ms]
      [Humongous Reclaim: 0.0 ms]
      [Free CSet: 0.2 ms]
   [Eden: 300.0M(300.0M)->0.0B(306.0M) Survivors: 45.0M->44.0M Heap: 1112.3M(2048.0M)->1114.8M(2048.0M)]
 [Times: user=1.22 sys=0.00, real=0.17 secs] 
2020-09-29T12:28:58.973+0200: 110.299: [GC pause (G1 Humongous Allocation) (young) (initial-mark), 0.0588225 secs]
   [Parallel Time: 58.1 ms, GC Workers: 8]
      [GC Worker Start (ms): Min: 110299.6, Avg: 110299.7, Max: 110299.7, Diff: 0.1]
      [Ext Root Scanning (ms): Min: 0.0, Avg: 0.1, Max: 0.1, Diff: 0.1, Sum: 0.6]
      [Update RS (ms): Min: 32.2, Avg: 32.4, Max: 32.6, Diff: 0.4, Sum: 258.9]
         [Processed Buffers: Min: 37, Avg: 38.9, Max: 41, Diff: 4, Sum: 311]
      [Scan RS (ms): Min: 2.5, Avg: 2.7, Max: 2.8, Diff: 0.3, Sum: 21.4]
      [Code Root Scanning (ms): Min: 0.0, Avg: 0.0, Max: 0.0, Diff: 0.0, Sum: 0.0]
      [Object Copy (ms): Min: 22.7, Avg: 22.7, Max: 22.8, Diff: 0.1, Sum: 181.7]
      [Termination (ms): Min: 0.0, Avg: 0.0, Max: 0.0, Diff: 0.0, Sum: 0.1]
         [Termination Attempts: Min: 1, Avg: 130.4, Max: 168, Diff: 167, Sum: 1043]
      [GC Worker Other (ms): Min: 0.0, Avg: 0.0, Max: 0.0, Diff: 0.0, Sum: 0.1]
      [GC Worker Total (ms): Min: 57.8, Avg: 57.9, Max: 57.9, Diff: 0.1, Sum: 463.0]
      [GC Worker End (ms): Min: 110357.6, Avg: 110357.6, Max: 110357.6, Diff: 0.0]
   [Code Root Fixup: 0.0 ms]
   [Code Root Purge: 0.0 ms]
   [Clear CT: 0.2 ms]
   [Other: 0.6 ms]
      [Choose CSet: 0.0 ms]
      [Ref Proc: 0.2 ms]
      [Ref Enq: 0.0 ms]
      [Redirty Cards: 0.1 ms]
      [Humongous Register: 0.0 ms]
      [Humongous Reclaim: 0.0 ms]
      [Free CSet: 0.1 ms]
   [Eden: 10.0M(306.0M)->0.0B(346.0M) Survivors: 44.0M->12.0M Heap: 1124.8M(2048.0M)->1128.8M(2048.0M)]
 [Times: user=0.48 sys=0.00, real=0.06 secs] 
2020-09-29T12:28:59.032+0200: 110.358: [GC concurrent-root-region-scan-start]
2020-09-29T12:28:59.034+0200: 110.360: [GC concurrent-root-region-scan-end, 0.0018100 secs]
2020-09-29T12:28:59.034+0200: 110.360: [GC concurrent-mark-start]
2020-09-29T12:28:59.036+0200: 110.363: [GC concurrent-mark-end, 0.0024027 secs]
2020-09-29T12:28:59.036+0200: 110.363: [GC remark 2020-09-29T12:28:59.036+0200: 110.363: [Finalize Marking, 0.0001883 secs] 2020-09-29T12:28:59.036+0200: 110.363: [GC ref-proc, 0.0002851 secs] 2020-09-29T12:28:59.037+0200: 110.363: [Unloading, 0.0004107 secs], 0.0011743 secs]
 [Times: user=0.00 sys=0.00, real=0.00 secs] 
2020-09-29T12:28:59.038+0200: 110.364: [GC cleanup 1139M->32M(2048M), 0.0012979 secs]
 [Times: user=0.00 sys=0.00, real=0.00 secs] 
2020-09-29T12:28:59.039+0200: 110.366: [GC concurrent-cleanup-start]
2020-09-29T12:28:59.041+0200: 110.368: [GC concurrent-cleanup-end, 0.0021976 secs]
2020-09-29T12:28:59.221+0200: 110.547: [GC pause (G1 Evacuation Pause) (young), 0.1713175 secs]
   [Parallel Time: 170.2 ms, GC Workers: 8]
      [GC Worker Start (ms): Min: 110547.2, Avg: 110547.3, Max: 110547.3, Diff: 0.1]
      [Ext Root Scanning (ms): Min: 0.0, Avg: 0.1, Max: 0.1, Diff: 0.1, Sum: 0.5]
      [Update RS (ms): Min: 17.3, Avg: 17.3, Max: 17.4, Diff: 0.0, Sum: 138.7]
         [Processed Buffers: Min: 19, Avg: 20.3, Max: 21, Diff: 2, Sum: 162]
      [Scan RS (ms): Min: 17.3, Avg: 17.4, Max: 17.5, Diff: 0.2, Sum: 139.0]
      [Code Root Scanning (ms): Min: 0.0, Avg: 0.0, Max: 0.0, Diff: 0.0, Sum: 0.0]
      [Object Copy (ms): Min: 135.0, Avg: 135.1, Max: 135.2, Diff: 0.2, Sum: 1080.6]
      [Termination (ms): Min: 0.0, Avg: 0.1, Max: 0.1, Diff: 0.1, Sum: 0.6]
         [Termination Attempts: Min: 1, Avg: 452.3, Max: 662, Diff: 661, Sum: 3618]
      [GC Worker Other (ms): Min: 0.0, Avg: 0.0, Max: 0.1, Diff: 0.1, Sum: 0.3]
      [GC Worker Total (ms): Min: 169.9, Avg: 170.0, Max: 170.0, Diff: 0.1, Sum: 1359.8]
      [GC Worker End (ms): Min: 110717.2, Avg: 110717.2, Max: 110717.3, Diff: 0.1]
   [Code Root Fixup: 0.0 ms]
   [Code Root Purge: 0.0 ms]
   [Clear CT: 0.2 ms]
   [Other: 0.9 ms]
      [Choose CSet: 0.0 ms]
      [Ref Proc: 0.2 ms]
      [Ref Enq: 0.0 ms]
      [Redirty Cards: 0.3 ms]
      [Humongous Register: 0.0 ms]
      [Humongous Reclaim: 0.0 ms]
      [Free CSet: 0.2 ms]
   [Eden: 346.0M(346.0M)->0.0B(319.0M) Survivors: 12.0M->45.0M Heap: 427.1M(2048.0M)->416.6M(2048.0M)]
 [Times: user=1.34 sys=0.01, real=0.17 secs] 
2020-09-29T12:28:59.564+0200: 110.891: [GC pause (G1 Evacuation Pause) (young), 0.1970150 secs]
   [Parallel Time: 195.8 ms, GC Workers: 8]
      [GC Worker Start (ms): Min: 110890.9, Avg: 110891.0, Max: 110891.1, Diff: 0.2]
      [Ext Root Scanning (ms): Min: 0.0, Avg: 0.1, Max: 0.2, Diff: 0.2, Sum: 0.5]
      [Update RS (ms): Min: 18.3, Avg: 18.4, Max: 18.5, Diff: 0.1, Sum: 147.3]
         [Processed Buffers: Min: 21, Avg: 22.0, Max: 24, Diff: 3, Sum: 176]
      [Scan RS (ms): Min: 17.6, Avg: 21.2, Max: 45.7, Diff: 28.2, Sum: 169.4]
      [Code Root Scanning (ms): Min: 0.0, Avg: 0.0, Max: 0.0, Diff: 0.0, Sum: 0.0]
      [Object Copy (ms): Min: 131.3, Avg: 155.5, Max: 159.2, Diff: 27.9, Sum: 1244.4]
      [Termination (ms): Min: 0.0, Avg: 0.3, Max: 0.5, Diff: 0.5, Sum: 2.6]
         [Termination Attempts: Min: 1, Avg: 2340.1, Max: 3143, Diff: 3142, Sum: 18721]
      [GC Worker Other (ms): Min: 0.0, Avg: 0.1, Max: 0.1, Diff: 0.1, Sum: 0.4]
      [GC Worker Total (ms): Min: 195.5, Avg: 195.6, Max: 195.7, Diff: 0.2, Sum: 1564.6]
      [GC Worker End (ms): Min: 111086.6, Avg: 111086.6, Max: 111086.7, Diff: 0.1]
   [Code Root Fixup: 0.0 ms]
   [Code Root Purge: 0.0 ms]
   [Clear CT: 0.2 ms]
   [Other: 1.0 ms]
      [Choose CSet: 0.0 ms]
      [Ref Proc: 0.2 ms]
      [Ref Enq: 0.0 ms]
      [Redirty Cards: 0.3 ms]
      [Humongous Register: 0.0 ms]
      [Humongous Reclaim: 0.0 ms]
      [Free CSet: 0.3 ms]
   [Eden: 319.0M(319.0M)->0.0B(295.0M) Survivors: 45.0M->46.0M Heap: 789.0M(2048.0M)->791.5M(2048.0M)]
 [Times: user=1.58 sys=0.00, real=0.20 secs] 
2020-09-29T12:28:59.996+0200: 111.323: [GC pause (G1 Evacuation Pause) (young), 0.3276664 secs]
   [Parallel Time: 325.9 ms, GC Workers: 8]
      [GC Worker Start (ms): Min: 111322.8, Avg: 111322.9, Max: 111323.0, Diff: 0.2]
      [Ext Root Scanning (ms): Min: 0.0, Avg: 0.1, Max: 0.2, Diff: 0.2, Sum: 0.9]
      [Update RS (ms): Min: 41.2, Avg: 41.5, Max: 42.0, Diff: 0.8, Sum: 332.0]
         [Processed Buffers: Min: 23, Avg: 27.4, Max: 29, Diff: 6, Sum: 219]
      [Scan RS (ms): Min: 20.9, Avg: 21.4, Max: 21.7, Diff: 0.8, Sum: 171.5]
      [Code Root Scanning (ms): Min: 0.0, Avg: 0.0, Max: 0.0, Diff: 0.0, Sum: 0.0]
      [Object Copy (ms): Min: 261.8, Avg: 262.1, Max: 262.6, Diff: 0.8, Sum: 2096.5]
      [Termination (ms): Min: 0.0, Avg: 0.4, Max: 0.5, Diff: 0.5, Sum: 3.4]
         [Termination Attempts: Min: 1, Avg: 1865.9, Max: 2205, Diff: 2204, Sum: 14927]
      [GC Worker Other (ms): Min: 0.0, Avg: 0.1, Max: 0.1, Diff: 0.1, Sum: 0.6]
      [GC Worker Total (ms): Min: 325.5, Avg: 325.6, Max: 325.7, Diff: 0.2, Sum: 2605.0]
      [GC Worker End (ms): Min: 111648.5, Avg: 111648.5, Max: 111648.6, Diff: 0.1]
   [Code Root Fixup: 0.0 ms]
   [Code Root Purge: 0.0 ms]
   [Clear CT: 0.3 ms]
   [Other: 1.4 ms]
      [Choose CSet: 0.0 ms]
      [Ref Proc: 0.3 ms]
      [Ref Enq: 0.0 ms]
      [Redirty Cards: 0.4 ms]
      [Humongous Register: 0.1 ms]
      [Humongous Reclaim: 0.0 ms]
      [Free CSet: 0.4 ms]
   [Eden: 295.0M(295.0M)->0.0B(168.0M) Survivors: 46.0M->43.0M Heap: 1134.2M(2048.0M)->1136.2M(2048.0M)]
 [Times: user=2.55 sys=0.00, real=0.33 secs] 
2020-09-29T12:29:00.333+0200: 111.659: [GC pause (G1 Humongous Allocation) (young) (initial-mark), 0.1044638 secs]
   [Parallel Time: 103.1 ms, GC Workers: 8]
      [GC Worker Start (ms): Min: 111659.5, Avg: 111659.6, Max: 111659.6, Diff: 0.1]
      [Ext Root Scanning (ms): Min: 0.2, Avg: 0.3, Max: 0.6, Diff: 0.5, Sum: 2.3]
      [Update RS (ms): Min: 63.8, Avg: 64.3, Max: 65.6, Diff: 1.7, Sum: 514.5]
         [Processed Buffers: Min: 46, Avg: 48.6, Max: 50, Diff: 4, Sum: 389]
      [Scan RS (ms): Min: 1.6, Avg: 2.8, Max: 3.3, Diff: 1.7, Sum: 22.5]
      [Code Root Scanning (ms): Min: 0.0, Avg: 0.0, Max: 0.0, Diff: 0.0, Sum: 0.0]
      [Object Copy (ms): Min: 35.2, Avg: 35.3, Max: 35.3, Diff: 0.2, Sum: 282.0]
      [Termination (ms): Min: 0.0, Avg: 0.1, Max: 0.1, Diff: 0.1, Sum: 0.6]
         [Termination Attempts: Min: 1, Avg: 271.5, Max: 345, Diff: 344, Sum: 2172]
      [GC Worker Other (ms): Min: 0.0, Avg: 0.0, Max: 0.0, Diff: 0.0, Sum: 0.2]
      [GC Worker Total (ms): Min: 102.7, Avg: 102.8, Max: 102.8, Diff: 0.1, Sum: 822.1]
      [GC Worker End (ms): Min: 111762.3, Avg: 111762.3, Max: 111762.4, Diff: 0.0]
   [Code Root Fixup: 0.0 ms]
   [Code Root Purge: 0.0 ms]
   [Clear CT: 0.4 ms]
   [Other: 1.0 ms]
      [Choose CSet: 0.0 ms]
      [Ref Proc: 0.3 ms]
      [Ref Enq: 0.0 ms]
      [Redirty Cards: 0.3 ms]
      [Humongous Register: 0.1 ms]
      [Humongous Reclaim: 0.0 ms]
      [Free CSet: 0.1 ms]
   [Eden: 2048.0K(168.0M)->0.0B(170.0M) Survivors: 43.0M->3072.0K Heap: 1137.7M(2048.0M)->1140.7M(2048.0M)]
 [Times: user=0.75 sys=0.00, real=0.10 secs] 
2020-09-29T12:29:00.437+0200: 111.764: [GC concurrent-root-region-scan-start]
2020-09-29T12:29:00.438+0200: 111.765: [GC concurrent-root-region-scan-end, 0.0009865 secs]
2020-09-29T12:29:00.438+0200: 111.765: [GC concurrent-mark-start]
2020-09-29T12:29:00.444+0200: 111.772: [GC concurrent-mark-end, 0.0055554 secs]
2020-09-29T12:29:00.446+0200: 111.772: [GC remark 2020-09-29T12:29:00.446+0200: 111.772: [Finalize Marking, 0.0002759 secs] 2020-09-29T12:29:00.446+0200: 111.773: [GC ref-proc, 0.0005805 secs] 2020-09-29T12:29:00.447+0200: 111.773: [Unloading, 0.0007489 secs], 0.0021454 secs]
 [Times: user=0.00 sys=0.00, real=0.00 secs] 
2020-09-29T12:29:00.449+0200: 111.775: [GC cleanup 1152M->24M(2048M), 0.0018337 secs]
 [Times: user=0.00 sys=0.00, real=0.00 secs] 
2020-09-29T12:29:00.450+0200: 111.777: [GC concurrent-cleanup-start]
2020-09-29T12:29:00.454+0200: 111.781: [GC concurrent-cleanup-end, 0.0036002 secs]
2020-09-29T12:29:00.584+0200: 111.911: [GC pause (G1 Evacuation Pause) (young), 0.1668673 secs]
   [Parallel Time: 165.3 ms, GC Workers: 8]
      [GC Worker Start (ms): Min: 111910.8, Avg: 111910.9, Max: 111911.1, Diff: 0.3]
      [Ext Root Scanning (ms): Min: 0.0, Avg: 0.1, Max: 0.2, Diff: 0.2, Sum: 0.8]
      [Update RS (ms): Min: 37.3, Avg: 37.6, Max: 38.0, Diff: 0.7, Sum: 301.2]
         [Processed Buffers: Min: 13, Avg: 24.0, Max: 27, Diff: 14, Sum: 192]
      [Scan RS (ms): Min: 2.7, Avg: 3.1, Max: 3.5, Diff: 0.7, Sum: 25.0]
      [Code Root Scanning (ms): Min: 0.0, Avg: 0.0, Max: 0.0, Diff: 0.0, Sum: 0.0]
      [Object Copy (ms): Min: 123.9, Avg: 123.9, Max: 124.0, Diff: 0.1, Sum: 991.5]
      [Termination (ms): Min: 0.0, Avg: 0.0, Max: 0.0, Diff: 0.0, Sum: 0.1]
         [Termination Attempts: Min: 1, Avg: 25.8, Max: 37, Diff: 36, Sum: 206]
      [GC Worker Other (ms): Min: 0.0, Avg: 0.1, Max: 0.1, Diff: 0.1, Sum: 0.4]
      [GC Worker Total (ms): Min: 164.8, Avg: 164.9, Max: 165.0, Diff: 0.2, Sum: 1319.0]
      [GC Worker End (ms): Min: 112075.8, Avg: 112075.8, Max: 112075.8, Diff: 0.1]
   [Code Root Fixup: 0.0 ms]
   [Code Root Purge: 0.0 ms]
   [Clear CT: 0.3 ms]
   [Other: 1.2 ms]
      [Choose CSet: 0.0 ms]
      [Ref Proc: 0.3 ms]
      [Ref Enq: 0.0 ms]
      [Redirty Cards: 0.3 ms]
      [Humongous Register: 0.0 ms]
      [Humongous Reclaim: 0.0 ms]
      [Free CSet: 0.2 ms]
   [Eden: 170.0M(170.0M)->0.0B(154.0M) Survivors: 3072.0K->22.0M Heap: 211.6M(2048.0M)->211.1M(2048.0M)]
 [Times: user=1.23 sys=0.00, real=0.17 secs] 
2020-09-29T12:29:00.877+0200: 112.203: [GC pause (G1 Evacuation Pause) (young), 0.1538427 secs]
   [Parallel Time: 152.3 ms, GC Workers: 8]
      [GC Worker Start (ms): Min: 112203.5, Avg: 112203.6, Max: 112203.7, Diff: 0.3]
      [Ext Root Scanning (ms): Min: 0.0, Avg: 0.1, Max: 0.2, Diff: 0.2, Sum: 0.7]
      [Update RS (ms): Min: 23.6, Avg: 23.8, Max: 24.5, Diff: 0.9, Sum: 190.8]
         [Processed Buffers: Min: 15, Avg: 17.1, Max: 20, Diff: 5, Sum: 137]
      [Scan RS (ms): Min: 8.0, Avg: 8.7, Max: 9.0, Diff: 0.9, Sum: 69.3]
      [Code Root Scanning (ms): Min: 0.0, Avg: 0.0, Max: 0.0, Diff: 0.0, Sum: 0.0]
      [Object Copy (ms): Min: 119.2, Avg: 119.3, Max: 119.3, Diff: 0.1, Sum: 954.1]
      [Termination (ms): Min: 0.0, Avg: 0.1, Max: 0.1, Diff: 0.1, Sum: 0.5]
         [Termination Attempts: Min: 1, Avg: 263.0, Max: 348, Diff: 347, Sum: 2104]
      [GC Worker Other (ms): Min: 0.0, Avg: 0.0, Max: 0.1, Diff: 0.1, Sum: 0.4]
      [GC Worker Total (ms): Min: 151.8, Avg: 152.0, Max: 152.2, Diff: 0.3, Sum: 1215.8]
      [GC Worker End (ms): Min: 112355.6, Avg: 112355.6, Max: 112355.7, Diff: 0.1]
   [Code Root Fixup: 0.0 ms]
   [Code Root Purge: 0.0 ms]
   [Clear CT: 0.3 ms]
   [Other: 1.3 ms]
      [Choose CSet: 0.0 ms]
      [Ref Proc: 0.3 ms]
      [Ref Enq: 0.0 ms]
      [Redirty Cards: 0.3 ms]
      [Humongous Register: 0.0 ms]
      [Humongous Reclaim: 0.0 ms]
      [Free CSet: 0.2 ms]
   [Eden: 154.0M(154.0M)->0.0B(161.0M) Survivors: 22.0M->22.0M Heap: 391.8M(2048.0M)->393.8M(2048.0M)]
 [Times: user=1.23 sys=0.02, real=0.15 secs] 
2020-09-29T12:29:01.162+0200: 112.488: [GC pause (G1 Evacuation Pause) (young), 0.1583820 secs]
   [Parallel Time: 156.9 ms, GC Workers: 8]
      [GC Worker Start (ms): Min: 112488.4, Avg: 112488.5, Max: 112488.6, Diff: 0.2]
      [Ext Root Scanning (ms): Min: 0.0, Avg: 0.1, Max: 0.2, Diff: 0.2, Sum: 0.8]
      [Update RS (ms): Min: 23.4, Avg: 23.7, Max: 24.3, Diff: 0.9, Sum: 189.3]
         [Processed Buffers: Min: 15, Avg: 17.0, Max: 20, Diff: 5, Sum: 136]
      [Scan RS (ms): Min: 8.9, Avg: 9.6, Max: 10.0, Diff: 1.1, Sum: 77.1]
      [Code Root Scanning (ms): Min: 0.0, Avg: 0.0, Max: 0.0, Diff: 0.0, Sum: 0.0]
      [Object Copy (ms): Min: 123.0, Avg: 123.2, Max: 123.3, Diff: 0.3, Sum: 985.6]
      [Termination (ms): Min: 0.0, Avg: 0.0, Max: 0.0, Diff: 0.0, Sum: 0.1]
         [Termination Attempts: Min: 1, Avg: 23.6, Max: 33, Diff: 32, Sum: 189]
      [GC Worker Other (ms): Min: 0.0, Avg: 0.0, Max: 0.1, Diff: 0.1, Sum: 0.4]
      [GC Worker Total (ms): Min: 156.5, Avg: 156.6, Max: 156.8, Diff: 0.2, Sum: 1253.2]
      [GC Worker End (ms): Min: 112645.1, Avg: 112645.1, Max: 112645.2, Diff: 0.1]
   [Code Root Fixup: 0.0 ms]
   [Code Root Purge: 0.0 ms]
   [Clear CT: 0.4 ms]
   [Other: 1.1 ms]
      [Choose CSet: 0.0 ms]
      [Ref Proc: 0.3 ms]
      [Ref Enq: 0.0 ms]
      [Redirty Cards: 0.3 ms]
      [Humongous Register: 0.0 ms]
      [Humongous Reclaim: 0.0 ms]
      [Free CSet: 0.1 ms]
   [Eden: 161.0M(161.0M)->0.0B(168.0M) Survivors: 22.0M->23.0M Heap: 581.5M(2048.0M)->584.0M(2048.0M)]
 [Times: user=1.25 sys=0.00, real=0.16 secs] 
2020-09-29T12:29:01.457+0200: 112.783: [GC pause (G1 Evacuation Pause) (young), 0.1677293 secs]
   [Parallel Time: 166.3 ms, GC Workers: 8]
      [GC Worker Start (ms): Min: 112783.6, Avg: 112783.7, Max: 112783.8, Diff: 0.3]
      [Ext Root Scanning (ms): Min: 0.0, Avg: 0.1, Max: 0.2, Diff: 0.2, Sum: 0.7]
      [Update RS (ms): Min: 19.7, Avg: 19.8, Max: 19.9, Diff: 0.2, Sum: 158.6]
         [Processed Buffers: Min: 13, Avg: 15.1, Max: 19, Diff: 6, Sum: 121]
      [Scan RS (ms): Min: 11.9, Avg: 12.1, Max: 12.6, Diff: 0.7, Sum: 96.6]
      [Code Root Scanning (ms): Min: 0.0, Avg: 0.0, Max: 0.0, Diff: 0.0, Sum: 0.0]
      [Object Copy (ms): Min: 133.5, Avg: 133.9, Max: 134.1, Diff: 0.6, Sum: 1071.4]
      [Termination (ms): Min: 0.0, Avg: 0.1, Max: 0.1, Diff: 0.1, Sum: 0.4]
         [Termination Attempts: Min: 1, Avg: 203.5, Max: 258, Diff: 257, Sum: 1628]
      [GC Worker Other (ms): Min: 0.0, Avg: 0.0, Max: 0.1, Diff: 0.1, Sum: 0.4]
      [GC Worker Total (ms): Min: 165.9, Avg: 166.0, Max: 166.1, Diff: 0.3, Sum: 1328.1]
      [GC Worker End (ms): Min: 112949.7, Avg: 112949.7, Max: 112949.8, Diff: 0.1]
   [Code Root Fixup: 0.0 ms]
   [Code Root Purge: 0.0 ms]
   [Clear CT: 0.3 ms]
   [Other: 1.1 ms]
      [Choose CSet: 0.0 ms]
      [Ref Proc: 0.3 ms]
      [Ref Enq: 0.0 ms]
      [Redirty Cards: 0.3 ms]
      [Humongous Register: 0.0 ms]
      [Humongous Reclaim: 0.0 ms]
      [Free CSet: 0.3 ms]
   [Eden: 168.0M(168.0M)->0.0B(171.0M) Survivors: 23.0M->24.0M Heap: 780.6M(2048.0M)->782.6M(2048.0M)]
 [Times: user=1.38 sys=0.00, real=0.17 secs] 
2020-09-29T12:29:01.763+0200: 113.090: [GC pause (G1 Evacuation Pause) (young), 0.1737771 secs]
   [Parallel Time: 172.4 ms, GC Workers: 8]
      [GC Worker Start (ms): Min: 113090.0, Avg: 113090.1, Max: 113090.2, Diff: 0.2]
      [Ext Root Scanning (ms): Min: 0.0, Avg: 0.1, Max: 0.2, Diff: 0.2, Sum: 0.8]
      [Update RS (ms): Min: 25.4, Avg: 25.9, Max: 26.5, Diff: 1.1, Sum: 207.4]
         [Processed Buffers: Min: 16, Avg: 17.6, Max: 19, Diff: 3, Sum: 141]
      [Scan RS (ms): Min: 10.0, Avg: 13.1, Max: 31.2, Diff: 21.2, Sum: 104.7]
      [Code Root Scanning (ms): Min: 0.0, Avg: 0.0, Max: 0.0, Diff: 0.0, Sum: 0.0]
      [Object Copy (ms): Min: 115.0, Avg: 132.7, Max: 135.4, Diff: 20.4, Sum: 1061.8]
      [Termination (ms): Min: 0.0, Avg: 0.1, Max: 0.2, Diff: 0.2, Sum: 1.1]
         [Termination Attempts: Min: 1, Avg: 528.6, Max: 683, Diff: 682, Sum: 4229]
      [GC Worker Other (ms): Min: 0.0, Avg: 0.0, Max: 0.1, Diff: 0.0, Sum: 0.4]
      [GC Worker Total (ms): Min: 171.9, Avg: 172.0, Max: 172.2, Diff: 0.3, Sum: 1376.2]
      [GC Worker End (ms): Min: 113262.1, Avg: 113262.1, Max: 113262.2, Diff: 0.0]
   [Code Root Fixup: 0.0 ms]
   [Code Root Purge: 0.0 ms]
   [Clear CT: 0.3 ms]
   [Other: 1.1 ms]
      [Choose CSet: 0.0 ms]
      [Ref Proc: 0.3 ms]
      [Ref Enq: 0.0 ms]
      [Redirty Cards: 0.3 ms]
      [Humongous Register: 0.1 ms]
      [Humongous Reclaim: 0.0 ms]
      [Free CSet: 0.2 ms]
   [Eden: 171.0M(171.0M)->0.0B(171.0M) Survivors: 24.0M->25.0M Heap: 980.3M(2048.0M)->982.3M(2048.0M)]
 [Times: user=1.34 sys=0.00, real=0.17 secs] 
2020-09-29T12:29:01.938+0200: 113.265: [GC pause (G1 Humongous Allocation) (young) (initial-mark), 0.0669278 secs]
   [Parallel Time: 65.7 ms, GC Workers: 8]
      [GC Worker Start (ms): Min: 113264.8, Avg: 113264.8, Max: 113265.0, Diff: 0.2]
      [Ext Root Scanning (ms): Min: 0.0, Avg: 0.2, Max: 0.6, Diff: 0.5, Sum: 1.8]
      [Update RS (ms): Min: 43.3, Avg: 43.8, Max: 44.4, Diff: 1.1, Sum: 350.7]
         [Processed Buffers: Min: 32, Avg: 33.3, Max: 35, Diff: 3, Sum: 266]
      [Scan RS (ms): Min: 0.0, Avg: 0.0, Max: 0.0, Diff: 0.0, Sum: 0.0]
      [Code Root Scanning (ms): Min: 0.0, Avg: 0.0, Max: 0.0, Diff: 0.0, Sum: 0.0]
      [Object Copy (ms): Min: 20.7, Avg: 21.3, Max: 21.8, Diff: 1.1, Sum: 170.0]
      [Termination (ms): Min: 0.0, Avg: 0.0, Max: 0.0, Diff: 0.0, Sum: 0.2]
         [Termination Attempts: Min: 1, Avg: 94.9, Max: 132, Diff: 131, Sum: 759]
      [GC Worker Other (ms): Min: 0.0, Avg: 0.0, Max: 0.1, Diff: 0.1, Sum: 0.3]
      [GC Worker Total (ms): Min: 65.2, Avg: 65.4, Max: 65.5, Diff: 0.3, Sum: 523.1]
      [GC Worker End (ms): Min: 113330.2, Avg: 113330.2, Max: 113330.3, Diff: 0.1]
   [Code Root Fixup: 0.0 ms]
   [Code Root Purge: 0.0 ms]
   [Clear CT: 0.3 ms]
   [Other: 1.0 ms]
      [Choose CSet: 0.0 ms]
      [Ref Proc: 0.3 ms]
      [Ref Enq: 0.0 ms]
      [Redirty Cards: 0.3 ms]
      [Humongous Register: 0.1 ms]
      [Humongous Reclaim: 0.0 ms]
      [Free CSet: 0.1 ms]
   [Eden: 1024.0K(171.0M)->0.0B(209.0M) Survivors: 25.0M->2048.0K Heap: 982.8M(2048.0M)->985.8M(2048.0M)]
 [Times: user=0.52 sys=0.01, real=0.07 secs] 
2020-09-29T12:29:02.005+0200: 113.332: [GC concurrent-root-region-scan-start]
2020-09-29T12:29:02.005+0200: 113.332: [GC concurrent-root-region-scan-end, 0.0001661 secs]
2020-09-29T12:29:02.005+0200: 113.332: [GC concurrent-mark-start]
2020-09-29T12:29:02.010+0200: 113.336: [GC concurrent-mark-end, 0.0042578 secs]
2020-09-29T12:29:02.010+0200: 113.336: [GC remark 2020-09-29T12:29:02.010+0200: 113.337: [Finalize Marking, 0.0002118 secs] 2020-09-29T12:29:02.010+0200: 113.337: [GC ref-proc, 0.0004936 secs] 2020-09-29T12:29:02.011+0200: 113.337: [Unloading, 0.0007523 secs], 0.0019533 secs]
 [Times: user=0.00 sys=0.00, real=0.00 secs] 
2020-09-29T12:29:02.012+0200: 113.339: [GC cleanup 993M->19M(2048M), 0.0017860 secs]
 [Times: user=0.00 sys=0.00, real=0.00 secs] 
2020-09-29T12:29:02.014+0200: 113.341: [GC concurrent-cleanup-start]
2020-09-29T12:29:02.016+0200: 113.343: [GC concurrent-cleanup-end, 0.0017502 secs]
2020-09-29T12:29:02.179+0200: 113.505: [GC pause (G1 Evacuation Pause) (young), 0.1734668 secs]
   [Parallel Time: 172.1 ms, GC Workers: 8]
      [GC Worker Start (ms): Min: 113505.5, Avg: 113505.7, Max: 113505.8, Diff: 0.3]
      [Ext Root Scanning (ms): Min: 0.0, Avg: 0.1, Max: 0.2, Diff: 0.2, Sum: 0.7]
      [Update RS (ms): Min: 18.6, Avg: 18.6, Max: 18.9, Diff: 0.4, Sum: 149.1]
         [Processed Buffers: Min: 12, Avg: 14.0, Max: 16, Diff: 4, Sum: 112]
      [Scan RS (ms): Min: 14.2, Avg: 14.4, Max: 14.6, Diff: 0.4, Sum: 115.5]
      [Code Root Scanning (ms): Min: 0.0, Avg: 0.0, Max: 0.0, Diff: 0.0, Sum: 0.0]
      [Object Copy (ms): Min: 138.5, Avg: 138.6, Max: 138.7, Diff: 0.1, Sum: 1108.8]
      [Termination (ms): Min: 0.0, Avg: 0.0, Max: 0.0, Diff: 0.0, Sum: 0.0]
         [Termination Attempts: Min: 1, Avg: 10.5, Max: 16, Diff: 15, Sum: 84]
      [GC Worker Other (ms): Min: 0.0, Avg: 0.1, Max: 0.1, Diff: 0.1, Sum: 0.5]
      [GC Worker Total (ms): Min: 171.7, Avg: 171.8, Max: 172.0, Diff: 0.3, Sum: 1374.5]
      [GC Worker End (ms): Min: 113677.5, Avg: 113677.5, Max: 113677.6, Diff: 0.1]
   [Code Root Fixup: 0.0 ms]
   [Code Root Purge: 0.0 ms]
   [Clear CT: 0.3 ms]
   [Other: 1.1 ms]
      [Choose CSet: 0.0 ms]
      [Ref Proc: 0.3 ms]
      [Ref Enq: 0.0 ms]
      [Redirty Cards: 0.3 ms]
      [Humongous Register: 0.0 ms]
      [Humongous Reclaim: 0.0 ms]
      [Free CSet: 0.2 ms]
   [Eden: 209.0M(209.0M)->0.0B(177.0M) Survivors: 2048.0K->27.0M Heap: 256.7M(2048.0M)->257.2M(2048.0M)]
 [Times: user=1.38 sys=0.00, real=0.17 secs] 
2020-09-29T12:29:02.502+0200: 113.828: [GC pause (G1 Evacuation Pause) (young), 0.1701071 secs]
   [Parallel Time: 168.6 ms, GC Workers: 8]
      [GC Worker Start (ms): Min: 113828.6, Avg: 113828.7, Max: 113828.8, Diff: 0.2]
      [Ext Root Scanning (ms): Min: 0.0, Avg: 0.1, Max: 0.2, Diff: 0.2, Sum: 0.7]
      [Update RS (ms): Min: 18.1, Avg: 18.4, Max: 19.0, Diff: 1.0, Sum: 147.5]
         [Processed Buffers: Min: 12, Avg: 13.3, Max: 15, Diff: 3, Sum: 106]
      [Scan RS (ms): Min: 13.5, Avg: 14.1, Max: 14.5, Diff: 1.0, Sum: 112.9]
      [Code Root Scanning (ms): Min: 0.0, Avg: 0.0, Max: 0.0, Diff: 0.0, Sum: 0.0]
      [Object Copy (ms): Min: 135.4, Avg: 135.4, Max: 135.6, Diff: 0.2, Sum: 1083.5]
      [Termination (ms): Min: 0.0, Avg: 0.1, Max: 0.1, Diff: 0.1, Sum: 0.9]
         [Termination Attempts: Min: 1, Avg: 454.5, Max: 549, Diff: 548, Sum: 3636]
      [GC Worker Other (ms): Min: 0.0, Avg: 0.0, Max: 0.1, Diff: 0.1, Sum: 0.3]
      [GC Worker Total (ms): Min: 168.1, Avg: 168.2, Max: 168.4, Diff: 0.2, Sum: 1345.9]
      [GC Worker End (ms): Min: 113996.9, Avg: 113997.0, Max: 113997.0, Diff: 0.1]
   [Code Root Fixup: 0.0 ms]
   [Code Root Purge: 0.0 ms]
   [Clear CT: 0.3 ms]
   [Other: 1.2 ms]
      [Choose CSet: 0.0 ms]
      [Ref Proc: 0.2 ms]
      [Ref Enq: 0.0 ms]
      [Redirty Cards: 0.4 ms]
      [Humongous Register: 0.1 ms]
      [Humongous Reclaim: 0.0 ms]
      [Free CSet: 0.3 ms]
   [Eden: 177.0M(177.0M)->0.0B(174.0M) Survivors: 27.0M->26.0M Heap: 462.9M(2048.0M)->464.9M(2048.0M)]
 [Times: user=1.36 sys=0.00, real=0.17 secs] 
2020-09-29T12:29:02.816+0200: 114.143: [GC pause (G1 Evacuation Pause) (young), 0.1677622 secs]
   [Parallel Time: 166.4 ms, GC Workers: 8]
      [GC Worker Start (ms): Min: 114142.7, Avg: 114142.9, Max: 114143.0, Diff: 0.2]
      [Ext Root Scanning (ms): Min: 0.0, Avg: 0.1, Max: 0.2, Diff: 0.2, Sum: 0.7]
      [Update RS (ms): Min: 23.4, Avg: 23.7, Max: 24.1, Diff: 0.7, Sum: 189.3]
         [Processed Buffers: Min: 14, Avg: 16.0, Max: 20, Diff: 6, Sum: 128]
      [Scan RS (ms): Min: 11.3, Avg: 11.8, Max: 12.1, Diff: 0.8, Sum: 94.4]
      [Code Root Scanning (ms): Min: 0.0, Avg: 0.0, Max: 0.0, Diff: 0.0, Sum: 0.0]
      [Object Copy (ms): Min: 130.2, Avg: 130.4, Max: 130.4, Diff: 0.2, Sum: 1043.0]
      [Termination (ms): Min: 0.0, Avg: 0.1, Max: 0.1, Diff: 0.1, Sum: 0.5]
         [Termination Attempts: Min: 1, Avg: 235.1, Max: 307, Diff: 306, Sum: 1881]
      [GC Worker Other (ms): Min: 0.0, Avg: 0.1, Max: 0.1, Diff: 0.1, Sum: 0.4]
      [GC Worker Total (ms): Min: 165.9, Avg: 166.0, Max: 166.2, Diff: 0.3, Sum: 1328.3]
      [GC Worker End (ms): Min: 114308.9, Avg: 114308.9, Max: 114308.9, Diff: 0.1]
   [Code Root Fixup: 0.0 ms]
   [Code Root Purge: 0.0 ms]
   [Clear CT: 0.2 ms]
   [Other: 1.2 ms]
      [Choose CSet: 0.0 ms]
      [Ref Proc: 0.3 ms]
      [Ref Enq: 0.0 ms]
      [Redirty Cards: 0.3 ms]
      [Humongous Register: 0.0 ms]
      [Humongous Reclaim: 0.0 ms]
      [Free CSet: 0.3 ms]
   [Eden: 174.0M(174.0M)->0.0B(180.0M) Survivors: 26.0M->25.0M Heap: 667.5M(2048.0M)->670.0M(2048.0M)]
 [Times: user=1.38 sys=0.00, real=0.17 secs] 
2020-09-29T12:29:03.132+0200: 114.459: [GC pause (G1 Evacuation Pause) (young), 0.1818567 secs]
   [Parallel Time: 180.4 ms, GC Workers: 8]
      [GC Worker Start (ms): Min: 114459.0, Avg: 114459.2, Max: 114459.3, Diff: 0.3]
      [Ext Root Scanning (ms): Min: 0.0, Avg: 0.1, Max: 0.2, Diff: 0.2, Sum: 0.7]
      [Update RS (ms): Min: 19.0, Avg: 19.2, Max: 19.7, Diff: 0.7, Sum: 153.9]
         [Processed Buffers: Min: 11, Avg: 13.6, Max: 15, Diff: 4, Sum: 109]
      [Scan RS (ms): Min: 13.4, Avg: 13.9, Max: 14.2, Diff: 0.7, Sum: 111.4]
      [Code Root Scanning (ms): Min: 0.0, Avg: 0.0, Max: 0.0, Diff: 0.0, Sum: 0.0]
      [Object Copy (ms): Min: 146.6, Avg: 146.7, Max: 146.7, Diff: 0.1, Sum: 1173.4]
      [Termination (ms): Min: 0.0, Avg: 0.0, Max: 0.1, Diff: 0.1, Sum: 0.3]
         [Termination Attempts: Min: 1, Avg: 149.4, Max: 208, Diff: 207, Sum: 1195]
      [GC Worker Other (ms): Min: 0.0, Avg: 0.0, Max: 0.1, Diff: 0.0, Sum: 0.3]
      [GC Worker Total (ms): Min: 179.9, Avg: 180.0, Max: 180.1, Diff: 0.2, Sum: 1439.9]
      [GC Worker End (ms): Min: 114639.1, Avg: 114639.2, Max: 114639.2, Diff: 0.0]
   [Code Root Fixup: 0.0 ms]
   [Code Root Purge: 0.0 ms]
   [Clear CT: 0.3 ms]
   [Other: 1.1 ms]
      [Choose CSet: 0.0 ms]
      [Ref Proc: 0.3 ms]
      [Ref Enq: 0.0 ms]
      [Redirty Cards: 0.4 ms]
      [Humongous Register: 0.1 ms]
      [Humongous Reclaim: 0.0 ms]
      [Free CSet: 0.2 ms]
   [Eden: 180.0M(180.0M)->0.0B(177.0M) Survivors: 25.0M->26.0M Heap: 880.5M(2048.0M)->882.0M(2048.0M)]
 [Times: user=1.38 sys=0.00, real=0.18 secs] 
2020-09-29T12:29:03.459+0200: 114.785: [GC pause (G1 Evacuation Pause) (young), 0.1731164 secs]
   [Parallel Time: 171.9 ms, GC Workers: 8]
      [GC Worker Start (ms): Min: 114785.4, Avg: 114785.6, Max: 114785.6, Diff: 0.2]
      [Ext Root Scanning (ms): Min: 0.0, Avg: 0.1, Max: 0.2, Diff: 0.2, Sum: 0.7]
      [Update RS (ms): Min: 21.3, Avg: 21.4, Max: 21.6, Diff: 0.3, Sum: 171.4]
         [Processed Buffers: Min: 13, Avg: 15.5, Max: 20, Diff: 7, Sum: 124]
      [Scan RS (ms): Min: 13.8, Avg: 14.3, Max: 16.5, Diff: 2.7, Sum: 114.1]
      [Code Root Scanning (ms): Min: 0.0, Avg: 0.0, Max: 0.0, Diff: 0.0, Sum: 0.0]
      [Object Copy (ms): Min: 133.7, Avg: 135.7, Max: 136.1, Diff: 2.4, Sum: 1086.0]
      [Termination (ms): Min: 0.0, Avg: 0.0, Max: 0.0, Diff: 0.0, Sum: 0.3]
         [Termination Attempts: Min: 1, Avg: 144.0, Max: 191, Diff: 190, Sum: 1152]
      [GC Worker Other (ms): Min: 0.0, Avg: 0.0, Max: 0.1, Diff: 0.1, Sum: 0.4]
      [GC Worker Total (ms): Min: 171.5, Avg: 171.6, Max: 171.7, Diff: 0.2, Sum: 1372.9]
      [GC Worker End (ms): Min: 114957.1, Avg: 114957.2, Max: 114957.2, Diff: 0.1]
   [Code Root Fixup: 0.0 ms]
   [Code Root Purge: 0.0 ms]
   [Clear CT: 0.3 ms]
   [Other: 0.9 ms]
      [Choose CSet: 0.0 ms]
      [Ref Proc: 0.2 ms]
      [Ref Enq: 0.0 ms]
      [Redirty Cards: 0.2 ms]
      [Humongous Register: 0.1 ms]
      [Humongous Reclaim: 0.0 ms]
      [Free CSet: 0.2 ms]
   [Eden: 177.0M(177.0M)->0.0B(180.0M) Survivors: 26.0M->26.0M Heap: 1089.5M(2048.0M)->1092.0M(2048.0M)]
 [Times: user=1.34 sys=0.03, real=0.17 secs] 
2020-09-29T12:29:03.650+0200: 114.976: [GC pause (G1 Humongous Allocation) (young) (initial-mark), 0.0667291 secs]
   [Parallel Time: 65.5 ms, GC Workers: 8]
      [GC Worker Start (ms): Min: 114976.7, Avg: 114976.8, Max: 114976.9, Diff: 0.3]
      [Ext Root Scanning (ms): Min: 0.0, Avg: 3.1, Max: 23.2, Diff: 23.2, Sum: 24.8]
      [Update RS (ms): Min: 6.3, Avg: 27.1, Max: 32.1, Diff: 25.8, Sum: 216.5]
         [Processed Buffers: Min: 6, Avg: 20.5, Max: 26, Diff: 20, Sum: 164]
      [Scan RS (ms): Min: 3.1, Avg: 3.9, Max: 6.7, Diff: 3.6, Sum: 31.1]
      [Code Root Scanning (ms): Min: 0.0, Avg: 0.0, Max: 0.0, Diff: 0.0, Sum: 0.0]
      [Object Copy (ms): Min: 26.2, Avg: 31.1, Max: 31.9, Diff: 5.7, Sum: 249.1]
      [Termination (ms): Min: 0.0, Avg: 0.0, Max: 0.0, Diff: 0.0, Sum: 0.2]
         [Termination Attempts: Min: 1, Avg: 115.5, Max: 166, Diff: 165, Sum: 924]
      [GC Worker Other (ms): Min: 0.0, Avg: 0.0, Max: 0.0, Diff: 0.0, Sum: 0.2]
      [GC Worker Total (ms): Min: 65.1, Avg: 65.2, Max: 65.3, Diff: 0.3, Sum: 521.9]
      [GC Worker End (ms): Min: 115042.0, Avg: 115042.0, Max: 115042.0, Diff: 0.0]
   [Code Root Fixup: 0.0 ms]
   [Code Root Purge: 0.0 ms]
   [Clear CT: 0.3 ms]
   [Other: 0.9 ms]
      [Choose CSet: 0.0 ms]
      [Ref Proc: 0.3 ms]
      [Ref Enq: 0.0 ms]
      [Redirty Cards: 0.2 ms]
      [Humongous Register: 0.0 ms]
      [Humongous Reclaim: 0.0 ms]
      [Free CSet: 0.1 ms]
   [Eden: 11.0M(180.0M)->0.0B(182.0M) Survivors: 26.0M->13.0M Heap: 1102.5M(2048.0M)->1106.5M(2048.0M)]
 [Times: user=0.45 sys=0.00, real=0.07 secs] 
2020-09-29T12:29:03.717+0200: 115.043: [GC concurrent-root-region-scan-start]
2020-09-29T12:29:03.720+0200: 115.047: [GC concurrent-root-region-scan-end, 0.0031376 secs]
2020-09-29T12:29:03.720+0200: 115.047: [GC concurrent-mark-start]
2020-09-29T12:29:03.724+0200: 115.050: [GC concurrent-mark-end, 0.0035762 secs]
2020-09-29T12:29:03.724+0200: 115.050: [GC remark 2020-09-29T12:29:03.724+0200: 115.050: [Finalize Marking, 0.0002584 secs] 2020-09-29T12:29:03.724+0200: 115.051: [GC ref-proc, 0.0004395 secs] 2020-09-29T12:29:03.724+0200: 115.051: [Unloading, 0.0007533 secs], 0.0018678 secs]
 [Times: user=0.00 sys=0.00, real=0.00 secs] 
2020-09-29T12:29:03.726+0200: 115.053: [GC cleanup 1116M->32M(2048M), 0.0017922 secs]
 [Times: user=0.00 sys=0.00, real=0.00 secs] 
2020-09-29T12:29:03.728+0200: 115.055: [GC concurrent-cleanup-start]
2020-09-29T12:29:03.730+0200: 115.057: [GC concurrent-cleanup-end, 0.0023256 secs]
2020-09-29T12:29:03.868+0200: 115.195: [GC pause (G1 Evacuation Pause) (young), 0.1487622 secs]
   [Parallel Time: 146.9 ms, GC Workers: 8]
      [GC Worker Start (ms): Min: 115195.1, Avg: 115195.3, Max: 115195.4, Diff: 0.3]
      [Ext Root Scanning (ms): Min: 0.0, Avg: 0.1, Max: 0.2, Diff: 0.2, Sum: 0.7]
      [Update RS (ms): Min: 17.9, Avg: 18.1, Max: 18.6, Diff: 0.6, Sum: 144.7]
         [Processed Buffers: Min: 12, Avg: 12.8, Max: 14, Diff: 2, Sum: 102]
      [Scan RS (ms): Min: 11.2, Avg: 11.7, Max: 11.9, Diff: 0.7, Sum: 93.4]
      [Code Root Scanning (ms): Min: 0.0, Avg: 0.0, Max: 0.0, Diff: 0.0, Sum: 0.0]
      [Object Copy (ms): Min: 116.6, Avg: 116.7, Max: 116.8, Diff: 0.2, Sum: 933.4]
      [Termination (ms): Min: 0.0, Avg: 0.0, Max: 0.0, Diff: 0.0, Sum: 0.0]
         [Termination Attempts: Min: 1, Avg: 7.4, Max: 12, Diff: 11, Sum: 59]
      [GC Worker Other (ms): Min: 0.0, Avg: 0.0, Max: 0.1, Diff: 0.1, Sum: 0.3]
      [GC Worker Total (ms): Min: 146.5, Avg: 146.6, Max: 146.7, Diff: 0.3, Sum: 1172.6]
      [GC Worker End (ms): Min: 115341.8, Avg: 115341.8, Max: 115341.9, Diff: 0.1]
   [Code Root Fixup: 0.0 ms]
   [Code Root Purge: 0.0 ms]
   [Clear CT: 0.4 ms]
   [Other: 1.4 ms]
      [Choose CSet: 0.0 ms]
      [Ref Proc: 0.3 ms]
      [Ref Enq: 0.0 ms]
      [Redirty Cards: 0.6 ms]
      [Humongous Register: 0.0 ms]
      [Humongous Reclaim: 0.0 ms]
      [Free CSet: 0.2 ms]
   [Eden: 182.0M(182.0M)->0.0B(182.0M) Survivors: 13.0M->25.0M Heap: 235.0M(2048.0M)->225.0M(2048.0M)]
 [Times: user=1.11 sys=0.00, real=0.15 secs] 
2020-09-29T12:29:04.173+0200: 115.500: [GC pause (G1 Evacuation Pause) (young), 0.1711302 secs]
   [Parallel Time: 169.7 ms, GC Workers: 8]
      [GC Worker Start (ms): Min: 115499.8, Avg: 115499.8, Max: 115499.9, Diff: 0.1]
      [Ext Root Scanning (ms): Min: 0.0, Avg: 0.1, Max: 0.2, Diff: 0.1, Sum: 0.9]
      [Update RS (ms): Min: 19.0, Avg: 19.4, Max: 19.9, Diff: 0.9, Sum: 155.1]
         [Processed Buffers: Min: 13, Avg: 13.5, Max: 16, Diff: 3, Sum: 108]
      [Scan RS (ms): Min: 13.6, Avg: 14.0, Max: 14.4, Diff: 0.8, Sum: 112.0]
      [Code Root Scanning (ms): Min: 0.0, Avg: 0.0, Max: 0.0, Diff: 0.0, Sum: 0.0]
      [Object Copy (ms): Min: 135.7, Avg: 135.8, Max: 135.9, Diff: 0.1, Sum: 1086.6]
      [Termination (ms): Min: 0.0, Avg: 0.0, Max: 0.0, Diff: 0.0, Sum: 0.1]
         [Termination Attempts: Min: 1, Avg: 61.4, Max: 83, Diff: 82, Sum: 491]
      [GC Worker Other (ms): Min: 0.0, Avg: 0.0, Max: 0.1, Diff: 0.1, Sum: 0.3]
      [GC Worker Total (ms): Min: 169.3, Avg: 169.4, Max: 169.5, Diff: 0.2, Sum: 1355.2]
      [GC Worker End (ms): Min: 115669.2, Avg: 115669.2, Max: 115669.3, Diff: 0.1]
   [Code Root Fixup: 0.0 ms]
   [Code Root Purge: 0.0 ms]
   [Clear CT: 0.4 ms]
   [Other: 1.0 ms]
      [Choose CSet: 0.0 ms]
      [Ref Proc: 0.2 ms]
      [Ref Enq: 0.0 ms]
      [Redirty Cards: 0.4 ms]
      [Humongous Register: 0.1 ms]
      [Humongous Reclaim: 0.0 ms]
      [Free CSet: 0.2 ms]
   [Eden: 182.0M(182.0M)->0.0B(183.0M) Survivors: 25.0M->26.0M Heap: 437.5M(2048.0M)->439.5M(2048.0M)]
 [Times: user=1.38 sys=0.00, real=0.17 secs] 
2020-09-29T12:29:04.496+0200: 115.823: [GC pause (G1 Evacuation Pause) (young), 0.1735640 secs]
   [Parallel Time: 172.0 ms, GC Workers: 8]
      [GC Worker Start (ms): Min: 115822.7, Avg: 115822.9, Max: 115823.0, Diff: 0.3]
      [Ext Root Scanning (ms): Min: 0.0, Avg: 0.1, Max: 0.2, Diff: 0.2, Sum: 0.7]
      [Update RS (ms): Min: 17.9, Avg: 18.4, Max: 18.7, Diff: 0.9, Sum: 147.0]
         [Processed Buffers: Min: 12, Avg: 13.1, Max: 15, Diff: 3, Sum: 105]
      [Scan RS (ms): Min: 13.9, Avg: 14.3, Max: 14.9, Diff: 1.0, Sum: 114.4]
      [Code Root Scanning (ms): Min: 0.0, Avg: 0.0, Max: 0.0, Diff: 0.0, Sum: 0.0]
      [Object Copy (ms): Min: 138.8, Avg: 138.8, Max: 138.9, Diff: 0.1, Sum: 1110.7]
      [Termination (ms): Min: 0.0, Avg: 0.0, Max: 0.0, Diff: 0.0, Sum: 0.3]
         [Termination Attempts: Min: 1, Avg: 126.4, Max: 168, Diff: 167, Sum: 1011]
      [GC Worker Other (ms): Min: 0.0, Avg: 0.0, Max: 0.1, Diff: 0.1, Sum: 0.3]
      [GC Worker Total (ms): Min: 171.6, Avg: 171.7, Max: 171.8, Diff: 0.3, Sum: 1373.5]
      [GC Worker End (ms): Min: 115994.6, Avg: 115994.6, Max: 115994.6, Diff: 0.1]
   [Code Root Fixup: 0.0 ms]
   [Code Root Purge: 0.0 ms]
   [Clear CT: 0.3 ms]
   [Other: 1.3 ms]
      [Choose CSet: 0.0 ms]
      [Ref Proc: 0.4 ms]
      [Ref Enq: 0.0 ms]
      [Redirty Cards: 0.3 ms]
      [Humongous Register: 0.0 ms]
      [Humongous Reclaim: 0.0 ms]
      [Free CSet: 0.2 ms]
   [Eden: 183.0M(183.0M)->0.0B(183.0M) Survivors: 26.0M->27.0M Heap: 653.1M(2048.0M)->655.6M(2048.0M)]
 [Times: user=1.38 sys=0.00, real=0.17 secs] 
2020-09-29T12:29:04.832+0200: 116.159: [GC pause (G1 Evacuation Pause) (young), 0.2729860 secs]
   [Parallel Time: 271.0 ms, GC Workers: 8]
      [GC Worker Start (ms): Min: 116159.2, Avg: 116159.4, Max: 116159.5, Diff: 0.3]
      [Ext Root Scanning (ms): Min: 0.0, Avg: 0.1, Max: 0.3, Diff: 0.3, Sum: 1.0]
      [Update RS (ms): Min: 38.2, Avg: 38.9, Max: 39.3, Diff: 1.2, Sum: 311.1]
         [Processed Buffers: Min: 15, Avg: 18.4, Max: 21, Diff: 6, Sum: 147]
      [Scan RS (ms): Min: 15.9, Avg: 16.3, Max: 17.1, Diff: 1.1, Sum: 130.7]
      [Code Root Scanning (ms): Min: 0.0, Avg: 0.0, Max: 0.0, Diff: 0.0, Sum: 0.0]
      [Object Copy (ms): Min: 215.1, Avg: 215.2, Max: 215.2, Diff: 0.2, Sum: 1721.3]
      [Termination (ms): Min: 0.0, Avg: 0.0, Max: 0.0, Diff: 0.0, Sum: 0.3]
         [Termination Attempts: Min: 1, Avg: 94.9, Max: 131, Diff: 130, Sum: 759]
      [GC Worker Other (ms): Min: 0.0, Avg: 0.1, Max: 0.2, Diff: 0.1, Sum: 0.7]
      [GC Worker Total (ms): Min: 270.5, Avg: 270.6, Max: 270.8, Diff: 0.3, Sum: 2165.0]
      [GC Worker End (ms): Min: 116430.0, Avg: 116430.0, Max: 116430.1, Diff: 0.1]
   [Code Root Fixup: 0.0 ms]
   [Code Root Purge: 0.0 ms]
   [Clear CT: 0.5 ms]
   [Other: 1.5 ms]
      [Choose CSet: 0.0 ms]
      [Ref Proc: 0.3 ms]
      [Ref Enq: 0.0 ms]
      [Redirty Cards: 0.4 ms]
      [Humongous Register: 0.1 ms]
      [Humongous Reclaim: 0.0 ms]
      [Free CSet: 0.3 ms]
   [Eden: 183.0M(183.0M)->0.0B(132.0M) Survivors: 27.0M->27.0M Heap: 869.1M(2048.0M)->871.6M(2048.0M)]
 [Times: user=2.13 sys=0.00, real=0.27 secs] 
2020-09-29T12:29:05.263+0200: 116.590: [GC pause (G1 Evacuation Pause) (young), 0.2044460 secs]
   [Parallel Time: 202.6 ms, GC Workers: 8]
      [GC Worker Start (ms): Min: 116590.2, Avg: 116590.3, Max: 116590.5, Diff: 0.3]
      [Ext Root Scanning (ms): Min: 0.0, Avg: 0.1, Max: 0.3, Diff: 0.3, Sum: 1.1]
      [Update RS (ms): Min: 37.2, Avg: 37.4, Max: 37.8, Diff: 0.6, Sum: 299.1]
         [Processed Buffers: Min: 17, Avg: 18.4, Max: 20, Diff: 3, Sum: 147]
      [Scan RS (ms): Min: 8.5, Avg: 8.9, Max: 9.1, Diff: 0.6, Sum: 70.9]
      [Code Root Scanning (ms): Min: 0.0, Avg: 0.0, Max: 0.0, Diff: 0.0, Sum: 0.0]
      [Object Copy (ms): Min: 155.4, Avg: 155.6, Max: 155.7, Diff: 0.3, Sum: 1244.4]
      [Termination (ms): Min: 0.0, Avg: 0.2, Max: 0.2, Diff: 0.2, Sum: 1.2]
         [Termination Attempts: Min: 1, Avg: 415.5, Max: 529, Diff: 528, Sum: 3324]
      [GC Worker Other (ms): Min: 0.0, Avg: 0.1, Max: 0.1, Diff: 0.1, Sum: 0.4]
      [GC Worker Total (ms): Min: 202.0, Avg: 202.2, Max: 202.3, Diff: 0.3, Sum: 1617.3]
      [GC Worker End (ms): Min: 116792.5, Avg: 116792.5, Max: 116792.6, Diff: 0.1]
   [Code Root Fixup: 0.0 ms]
   [Code Root Purge: 0.0 ms]
   [Clear CT: 0.3 ms]
   [Other: 1.5 ms]
      [Choose CSet: 0.0 ms]
      [Ref Proc: 0.4 ms]
      [Ref Enq: 0.0 ms]
      [Redirty Cards: 0.4 ms]
      [Humongous Register: 0.1 ms]
      [Humongous Reclaim: 0.0 ms]
      [Free CSet: 0.3 ms]
   [Eden: 132.0M(132.0M)->0.0B(127.0M) Survivors: 27.0M->20.0M Heap: 1026.5M(2048.0M)->1028.5M(2048.0M)]
 [Times: user=1.59 sys=0.03, real=0.20 secs] 
2020-09-29T12:29:05.481+0200: 116.808: [GC pause (G1 Humongous Allocation) (young) (initial-mark), 0.0849570 secs]
   [Parallel Time: 83.3 ms, GC Workers: 8]
      [GC Worker Start (ms): Min: 116808.2, Avg: 116808.3, Max: 116808.4, Diff: 0.2]
      [Ext Root Scanning (ms): Min: 0.1, Avg: 0.2, Max: 0.3, Diff: 0.2, Sum: 1.4]
      [Update RS (ms): Min: 40.1, Avg: 41.1, Max: 41.8, Diff: 1.6, Sum: 328.7]
         [Processed Buffers: Min: 16, Avg: 21.8, Max: 26, Diff: 10, Sum: 174]
      [Scan RS (ms): Min: 1.9, Avg: 3.9, Max: 13.5, Diff: 11.6, Sum: 31.3]
      [Code Root Scanning (ms): Min: 0.0, Avg: 0.0, Max: 0.0, Diff: 0.0, Sum: 0.0]
      [Object Copy (ms): Min: 29.1, Avg: 37.6, Max: 39.0, Diff: 9.9, Sum: 300.9]
      [Termination (ms): Min: 0.0, Avg: 0.1, Max: 0.2, Diff: 0.2, Sum: 0.9]
         [Termination Attempts: Min: 1, Avg: 336.8, Max: 480, Diff: 479, Sum: 2694]
      [GC Worker Other (ms): Min: 0.0, Avg: 0.0, Max: 0.1, Diff: 0.1, Sum: 0.3]
      [GC Worker Total (ms): Min: 82.8, Avg: 82.9, Max: 83.0, Diff: 0.2, Sum: 663.5]
      [GC Worker End (ms): Min: 116891.2, Avg: 116891.2, Max: 116891.3, Diff: 0.1]
   [Code Root Fixup: 0.0 ms]
   [Code Root Purge: 0.0 ms]
   [Clear CT: 0.4 ms]
   [Other: 1.2 ms]
      [Choose CSet: 0.0 ms]
      [Ref Proc: 0.4 ms]
      [Ref Enq: 0.0 ms]
      [Redirty Cards: 0.4 ms]
      [Humongous Register: 0.0 ms]
      [Humongous Reclaim: 0.0 ms]
      [Free CSet: 0.1 ms]
   [Eden: 8192.0K(127.0M)->0.0B(113.0M) Survivors: 20.0M->10.0M Heap: 1036.5M(2048.0M)->1039.5M(2048.0M)]
 [Times: user=0.59 sys=0.00, real=0.09 secs] 
2020-09-29T12:29:05.567+0200: 116.893: [GC concurrent-root-region-scan-start]
2020-09-29T12:29:05.571+0200: 116.898: [GC concurrent-root-region-scan-end, 0.0045654 secs]
2020-09-29T12:29:05.571+0200: 116.898: [GC concurrent-mark-start]
2020-09-29T12:29:05.576+0200: 116.902: [GC concurrent-mark-end, 0.0046823 secs]
2020-09-29T12:29:05.576+0200: 116.903: [GC remark 2020-09-29T12:29:05.576+0200: 116.903: [Finalize Marking, 0.0003696 secs] 2020-09-29T12:29:05.577+0200: 116.903: [GC ref-proc, 0.0006247 secs] 2020-09-29T12:29:05.577+0200: 116.904: [Unloading, 0.0010881 secs], 0.0027196 secs]
 [Times: user=0.00 sys=0.00, real=0.00 secs] 
2020-09-29T12:29:05.580+0200: 116.906: [GC cleanup 1049M->29M(2048M), 0.0025419 secs]
 [Times: user=0.00 sys=0.00, real=0.00 secs] 
2020-09-29T12:29:05.582+0200: 116.909: [GC concurrent-cleanup-start]
2020-09-29T12:29:05.585+0200: 116.911: [GC concurrent-cleanup-end, 0.0023918 secs]
2020-09-29T12:29:05.704+0200: 117.031: [GC pause (G1 Evacuation Pause) (young), 0.1482328 secs]
   [Parallel Time: 146.3 ms, GC Workers: 8]
      [GC Worker Start (ms): Min: 117030.7, Avg: 117030.9, Max: 117031.0, Diff: 0.3]
      [Ext Root Scanning (ms): Min: 0.0, Avg: 0.1, Max: 0.3, Diff: 0.3, Sum: 1.0]
      [Update RS (ms): Min: 22.6, Avg: 23.4, Max: 24.2, Diff: 1.5, Sum: 187.5]
         [Processed Buffers: Min: 11, Avg: 11.9, Max: 13, Diff: 2, Sum: 95]
      [Scan RS (ms): Min: 5.9, Avg: 6.7, Max: 7.4, Diff: 1.5, Sum: 53.3]
      [Code Root Scanning (ms): Min: 0.0, Avg: 0.0, Max: 0.0, Diff: 0.0, Sum: 0.0]
      [Object Copy (ms): Min: 115.3, Avg: 115.4, Max: 115.5, Diff: 0.2, Sum: 923.2]
      [Termination (ms): Min: 0.0, Avg: 0.0, Max: 0.0, Diff: 0.0, Sum: 0.2]
         [Termination Attempts: Min: 1, Avg: 49.6, Max: 76, Diff: 75, Sum: 397]
      [GC Worker Other (ms): Min: 0.0, Avg: 0.1, Max: 0.1, Diff: 0.1, Sum: 0.4]
      [GC Worker Total (ms): Min: 145.5, Avg: 145.7, Max: 145.9, Diff: 0.3, Sum: 1165.7]
      [GC Worker End (ms): Min: 117176.6, Avg: 117176.6, Max: 117176.6, Diff: 0.1]
   [Code Root Fixup: 0.0 ms]
   [Code Root Purge: 0.0 ms]
   [Clear CT: 0.4 ms]
   [Other: 1.6 ms]
      [Choose CSet: 0.0 ms]
      [Ref Proc: 0.4 ms]
      [Ref Enq: 0.0 ms]
      [Redirty Cards: 0.5 ms]
      [Humongous Register: 0.1 ms]
      [Humongous Reclaim: 0.0 ms]
      [Free CSet: 0.2 ms]
   [Eden: 113.0M(113.0M)->0.0B(115.0M) Survivors: 10.0M->16.0M Heap: 151.6M(2048.0M)->143.6M(2048.0M)]
 [Times: user=1.23 sys=0.00, real=0.15 secs] 
2020-09-29T12:29:05.998+0200: 117.325: [GC pause (G1 Evacuation Pause) (young), 0.1678598 secs]
   [Parallel Time: 166.1 ms, GC Workers: 8]
      [GC Worker Start (ms): Min: 117325.2, Avg: 117325.2, Max: 117325.3, Diff: 0.2]
      [Ext Root Scanning (ms): Min: 0.1, Avg: 0.2, Max: 0.3, Diff: 0.2, Sum: 1.4]
      [Update RS (ms): Min: 20.9, Avg: 21.8, Max: 22.5, Diff: 1.6, Sum: 174.3]
         [Processed Buffers: Min: 11, Avg: 11.0, Max: 11, Diff: 0, Sum: 88]
      [Scan RS (ms): Min: 9.7, Avg: 10.4, Max: 11.2, Diff: 1.6, Sum: 83.3]
      [Code Root Scanning (ms): Min: 0.0, Avg: 0.0, Max: 0.0, Diff: 0.0, Sum: 0.0]
      [Object Copy (ms): Min: 132.8, Avg: 133.1, Max: 133.3, Diff: 0.5, Sum: 1064.7]
      [Termination (ms): Min: 0.0, Avg: 0.2, Max: 0.2, Diff: 0.2, Sum: 1.5]
         [Termination Attempts: Min: 1, Avg: 527.1, Max: 673, Diff: 672, Sum: 4217]
      [GC Worker Other (ms): Min: 0.0, Avg: 0.1, Max: 0.1, Diff: 0.1, Sum: 0.4]
      [GC Worker Total (ms): Min: 165.6, Avg: 165.7, Max: 165.8, Diff: 0.2, Sum: 1325.6]
      [GC Worker End (ms): Min: 117490.9, Avg: 117490.9, Max: 117491.0, Diff: 0.1]
   [Code Root Fixup: 0.0 ms]
   [Code Root Purge: 0.0 ms]
   [Clear CT: 0.3 ms]
   [Other: 1.5 ms]
      [Choose CSet: 0.0 ms]
      [Ref Proc: 0.4 ms]
      [Ref Enq: 0.0 ms]
      [Redirty Cards: 0.3 ms]
      [Humongous Register: 0.1 ms]
      [Humongous Reclaim: 0.0 ms]
      [Free CSet: 0.3 ms]
   [Eden: 115.0M(115.0M)->0.0B(116.0M) Survivors: 16.0M->17.0M Heap: 277.6M(2048.0M)->280.1M(2048.0M)]
 [Times: user=1.33 sys=0.02, real=0.17 secs] 
2020-09-29T12:29:06.310+0200: 117.637: [GC pause (G1 Evacuation Pause) (young), 0.1655803 secs]
   [Parallel Time: 163.4 ms, GC Workers: 8]
      [GC Worker Start (ms): Min: 117637.0, Avg: 117637.2, Max: 117637.3, Diff: 0.3]
      [Ext Root Scanning (ms): Min: 0.0, Avg: 0.1, Max: 0.3, Diff: 0.3, Sum: 1.1]
      [Update RS (ms): Min: 19.1, Avg: 19.3, Max: 19.6, Diff: 0.4, Sum: 154.4]
         [Processed Buffers: Min: 10, Avg: 11.3, Max: 13, Diff: 3, Sum: 90]
      [Scan RS (ms): Min: 11.6, Avg: 12.0, Max: 12.3, Diff: 0.6, Sum: 95.9]
      [Code Root Scanning (ms): Min: 0.0, Avg: 0.0, Max: 0.0, Diff: 0.0, Sum: 0.0]
      [Object Copy (ms): Min: 131.4, Avg: 131.5, Max: 131.6, Diff: 0.2, Sum: 1052.2]
      [Termination (ms): Min: 0.0, Avg: 0.0, Max: 0.0, Diff: 0.0, Sum: 0.2]
         [Termination Attempts: Min: 1, Avg: 74.0, Max: 100, Diff: 99, Sum: 592]
      [GC Worker Other (ms): Min: 0.0, Avg: 0.1, Max: 0.1, Diff: 0.0, Sum: 0.4]
      [GC Worker Total (ms): Min: 162.9, Avg: 163.0, Max: 163.2, Diff: 0.3, Sum: 1304.1]
      [GC Worker End (ms): Min: 117800.2, Avg: 117800.2, Max: 117800.2, Diff: 0.0]
   [Code Root Fixup: 0.0 ms]
   [Code Root Purge: 0.0 ms]
   [Clear CT: 0.5 ms]
   [Other: 1.6 ms]
      [Choose CSet: 0.0 ms]
      [Ref Proc: 0.5 ms]
      [Ref Enq: 0.0 ms]
      [Redirty Cards: 0.6 ms]
      [Humongous Register: 0.1 ms]
      [Humongous Reclaim: 0.0 ms]
      [Free CSet: 0.2 ms]
   [Eden: 116.0M(116.0M)->0.0B(120.0M) Survivors: 17.0M->17.0M Heap: 417.1M(2048.0M)->419.1M(2048.0M)]
 [Times: user=1.38 sys=0.00, real=0.17 secs] 
2020-09-29T12:29:06.619+0200: 117.945: [GC pause (G1 Evacuation Pause) (young), 0.1557771 secs]
   [Parallel Time: 153.9 ms, GC Workers: 8]
      [GC Worker Start (ms): Min: 117945.4, Avg: 117945.5, Max: 117945.6, Diff: 0.3]
      [Ext Root Scanning (ms): Min: 0.0, Avg: 0.1, Max: 0.3, Diff: 0.3, Sum: 1.1]
      [Update RS (ms): Min: 20.9, Avg: 21.3, Max: 22.0, Diff: 1.1, Sum: 170.4]
         [Processed Buffers: Min: 10, Avg: 11.4, Max: 13, Diff: 3, Sum: 91]
      [Scan RS (ms): Min: 11.4, Avg: 11.8, Max: 12.3, Diff: 0.9, Sum: 94.4]
      [Code Root Scanning (ms): Min: 0.0, Avg: 0.0, Max: 0.0, Diff: 0.0, Sum: 0.0]
      [Object Copy (ms): Min: 119.7, Avg: 120.1, Max: 120.2, Diff: 0.4, Sum: 960.4]
      [Termination (ms): Min: 0.0, Avg: 0.0, Max: 0.0, Diff: 0.0, Sum: 0.3]
         [Termination Attempts: Min: 1, Avg: 83.5, Max: 107, Diff: 106, Sum: 668]
      [GC Worker Other (ms): Min: 0.0, Avg: 0.0, Max: 0.1, Diff: 0.1, Sum: 0.3]
      [GC Worker Total (ms): Min: 153.3, Avg: 153.4, Max: 153.5, Diff: 0.3, Sum: 1226.9]
      [GC Worker End (ms): Min: 118098.9, Avg: 118098.9, Max: 118098.9, Diff: 0.1]
   [Code Root Fixup: 0.0 ms]
   [Code Root Purge: 0.0 ms]
   [Clear CT: 0.5 ms]
   [Other: 1.4 ms]
      [Choose CSet: 0.0 ms]
      [Ref Proc: 0.3 ms]
      [Ref Enq: 0.0 ms]
      [Redirty Cards: 0.4 ms]
      [Humongous Register: 0.1 ms]
      [Humongous Reclaim: 0.0 ms]
      [Free CSet: 0.3 ms]
   [Eden: 120.0M(120.0M)->0.0B(126.0M) Survivors: 17.0M->18.0M Heap: 558.2M(2048.0M)->560.7M(2048.0M)]
 [Times: user=1.25 sys=0.00, real=0.16 secs] 
2020-09-29T12:29:06.936+0200: 118.262: [GC pause (G1 Evacuation Pause) (young), 0.1745910 secs]
   [Parallel Time: 172.8 ms, GC Workers: 8]
      [GC Worker Start (ms): Min: 118262.6, Avg: 118262.8, Max: 118262.9, Diff: 0.3]
      [Ext Root Scanning (ms): Min: 0.0, Avg: 0.1, Max: 0.3, Diff: 0.3, Sum: 1.1]
      [Update RS (ms): Min: 18.9, Avg: 19.2, Max: 20.1, Diff: 1.2, Sum: 153.9]
         [Processed Buffers: Min: 8, Avg: 10.0, Max: 12, Diff: 4, Sum: 80]
      [Scan RS (ms): Min: 12.8, Avg: 13.7, Max: 14.1, Diff: 1.3, Sum: 109.6]
      [Code Root Scanning (ms): Min: 0.0, Avg: 0.0, Max: 0.0, Diff: 0.0, Sum: 0.0]
      [Object Copy (ms): Min: 139.1, Avg: 139.2, Max: 139.2, Diff: 0.2, Sum: 1113.3]
      [Termination (ms): Min: 0.0, Avg: 0.1, Max: 0.1, Diff: 0.1, Sum: 0.7]
         [Termination Attempts: Min: 1, Avg: 30.1, Max: 41, Diff: 40, Sum: 241]
      [GC Worker Other (ms): Min: 0.0, Avg: 0.0, Max: 0.0, Diff: 0.0, Sum: 0.2]
      [GC Worker Total (ms): Min: 172.2, Avg: 172.4, Max: 172.5, Diff: 0.3, Sum: 1378.8]
      [GC Worker End (ms): Min: 118435.1, Avg: 118435.2, Max: 118435.2, Diff: 0.0]
   [Code Root Fixup: 0.0 ms]
   [Code Root Purge: 0.0 ms]
   [Clear CT: 0.4 ms]
   [Other: 1.4 ms]
      [Choose CSet: 0.0 ms]
      [Ref Proc: 0.4 ms]
      [Ref Enq: 0.0 ms]
      [Redirty Cards: 0.4 ms]
      [Humongous Register: 0.1 ms]
      [Humongous Reclaim: 0.0 ms]
      [Free CSet: 0.2 ms]
   [Eden: 126.0M(126.0M)->0.0B(128.0M) Survivors: 18.0M->18.0M Heap: 707.7M(2048.0M)->710.2M(2048.0M)]
 [Times: user=1.38 sys=0.00, real=0.17 secs] 
2020-09-29T12:29:07.261+0200: 118.588: [GC pause (G1 Evacuation Pause) (young), 0.2196081 secs]
   [Parallel Time: 217.6 ms, GC Workers: 8]
      [GC Worker Start (ms): Min: 118587.7, Avg: 118587.9, Max: 118588.1, Diff: 0.3]
      [Ext Root Scanning (ms): Min: 0.0, Avg: 0.1, Max: 0.3, Diff: 0.3, Sum: 1.0]
      [Update RS (ms): Min: 22.4, Avg: 23.0, Max: 24.1, Diff: 1.7, Sum: 183.9]
         [Processed Buffers: Min: 10, Avg: 11.6, Max: 14, Diff: 4, Sum: 93]
      [Scan RS (ms): Min: 11.2, Avg: 14.9, Max: 33.5, Diff: 22.3, Sum: 119.1]
      [Code Root Scanning (ms): Min: 0.0, Avg: 0.0, Max: 0.0, Diff: 0.0, Sum: 0.0]
      [Object Copy (ms): Min: 160.4, Avg: 178.2, Max: 181.1, Diff: 20.7, Sum: 1425.6]
      [Termination (ms): Min: 0.0, Avg: 0.8, Max: 1.0, Diff: 1.0, Sum: 6.2]
         [Termination Attempts: Min: 1, Avg: 2147.3, Max: 2713, Diff: 2712, Sum: 17178]
      [GC Worker Other (ms): Min: 0.0, Avg: 0.1, Max: 0.1, Diff: 0.1, Sum: 0.4]
      [GC Worker Total (ms): Min: 216.9, Avg: 217.0, Max: 217.2, Diff: 0.3, Sum: 1736.3]
      [GC Worker End (ms): Min: 118804.9, Avg: 118804.9, Max: 118805.0, Diff: 0.1]
   [Code Root Fixup: 0.0 ms]
   [Code Root Purge: 0.0 ms]
   [Clear CT: 0.4 ms]
   [Other: 1.6 ms]
      [Choose CSet: 0.0 ms]
      [Ref Proc: 0.6 ms]
      [Ref Enq: 0.0 ms]
      [Redirty Cards: 0.4 ms]
      [Humongous Register: 0.1 ms]
      [Humongous Reclaim: 0.0 ms]
      [Free CSet: 0.3 ms]
   [Eden: 128.0M(128.0M)->0.0B(112.0M) Survivors: 18.0M->19.0M Heap: 859.2M(2048.0M)->860.7M(2048.0M)]
 [Times: user=1.69 sys=0.00, real=0.22 secs] 
2020-09-29T12:29:07.634+0200: 118.960: [GC pause (G1 Evacuation Pause) (young), 0.1644762 secs]
   [Parallel Time: 162.5 ms, GC Workers: 8]
      [GC Worker Start (ms): Min: 118960.2, Avg: 118960.4, Max: 118960.5, Diff: 0.3]
      [Ext Root Scanning (ms): Min: 0.0, Avg: 0.1, Max: 0.3, Diff: 0.3, Sum: 1.1]
      [Update RS (ms): Min: 17.6, Avg: 18.0, Max: 18.2, Diff: 0.6, Sum: 143.8]
         [Processed Buffers: Min: 9, Avg: 9.9, Max: 13, Diff: 4, Sum: 79]
      [Scan RS (ms): Min: 11.4, Avg: 11.8, Max: 12.3, Diff: 0.8, Sum: 94.3]
      [Code Root Scanning (ms): Min: 0.0, Avg: 0.0, Max: 0.0, Diff: 0.0, Sum: 0.0]
      [Object Copy (ms): Min: 131.9, Avg: 132.0, Max: 132.2, Diff: 0.3, Sum: 1056.3]
      [Termination (ms): Min: 0.0, Avg: 0.1, Max: 0.2, Diff: 0.2, Sum: 1.0]
         [Termination Attempts: Min: 1, Avg: 317.6, Max: 416, Diff: 415, Sum: 2541]
      [GC Worker Other (ms): Min: 0.0, Avg: 0.1, Max: 0.1, Diff: 0.1, Sum: 0.5]
      [GC Worker Total (ms): Min: 162.0, Avg: 162.1, Max: 162.3, Diff: 0.3, Sum: 1297.0]
      [GC Worker End (ms): Min: 119122.5, Avg: 119122.5, Max: 119122.6, Diff: 0.1]
   [Code Root Fixup: 0.0 ms]
   [Code Root Purge: 0.0 ms]
   [Clear CT: 0.5 ms]
   [Other: 1.5 ms]
      [Choose CSet: 0.0 ms]
      [Ref Proc: 0.5 ms]
      [Ref Enq: 0.0 ms]
      [Redirty Cards: 0.4 ms]
      [Humongous Register: 0.1 ms]
      [Humongous Reclaim: 0.0 ms]
      [Free CSet: 0.2 ms]
   [Eden: 112.0M(112.0M)->0.0B(119.0M) Survivors: 19.0M->17.0M Heap: 991.7M(2048.0M)->993.7M(2048.0M)]
 [Times: user=1.20 sys=0.00, real=0.16 secs] 
2020-09-29T12:29:07.815+0200: 119.142: [GC pause (G1 Humongous Allocation) (young) (initial-mark), 0.0599327 secs]
   [Parallel Time: 58.0 ms, GC Workers: 8]
      [GC Worker Start (ms): Min: 119142.7, Avg: 119142.8, Max: 119143.0, Diff: 0.3]
      [Ext Root Scanning (ms): Min: 0.0, Avg: 0.3, Max: 0.5, Diff: 0.5, Sum: 2.5]
      [Update RS (ms): Min: 27.6, Avg: 28.2, Max: 28.7, Diff: 1.1, Sum: 225.3]
         [Processed Buffers: Min: 7, Avg: 14.6, Max: 18, Diff: 11, Sum: 117]
      [Scan RS (ms): Min: 1.9, Avg: 2.6, Max: 3.7, Diff: 1.8, Sum: 20.4]
      [Code Root Scanning (ms): Min: 0.0, Avg: 0.0, Max: 0.0, Diff: 0.0, Sum: 0.0]
      [Object Copy (ms): Min: 25.6, Avg: 26.6, Max: 26.8, Diff: 1.2, Sum: 212.9]
      [Termination (ms): Min: 0.0, Avg: 0.0, Max: 0.0, Diff: 0.0, Sum: 0.3]
         [Termination Attempts: Min: 1, Avg: 102.3, Max: 133, Diff: 132, Sum: 818]
      [GC Worker Other (ms): Min: 0.0, Avg: 0.0, Max: 0.1, Diff: 0.1, Sum: 0.3]
      [GC Worker Total (ms): Min: 57.5, Avg: 57.7, Max: 57.8, Diff: 0.3, Sum: 461.7]
      [GC Worker End (ms): Min: 119200.5, Avg: 119200.5, Max: 119200.6, Diff: 0.0]
   [Code Root Fixup: 0.0 ms]
   [Code Root Purge: 0.0 ms]
   [Clear CT: 0.4 ms]
   [Other: 1.6 ms]
      [Choose CSet: 0.0 ms]
      [Ref Proc: 0.4 ms]
      [Ref Enq: 0.0 ms]
      [Redirty Cards: 0.4 ms]
      [Humongous Register: 0.1 ms]
      [Humongous Reclaim: 0.0 ms]
      [Free CSet: 0.1 ms]
   [Eden: 6144.0K(119.0M)->0.0B(133.0M) Survivors: 17.0M->8192.0K Heap: 999.2M(2048.0M)->1003.7M(2048.0M)]
 [Times: user=0.47 sys=0.00, real=0.06 secs] 
2020-09-29T12:29:07.875+0200: 119.203: [GC concurrent-root-region-scan-start]
2020-09-29T12:29:07.880+0200: 119.207: [GC concurrent-root-region-scan-end, 0.0043147 secs]
2020-09-29T12:29:07.880+0200: 119.207: [GC concurrent-mark-start]
2020-09-29T12:29:07.886+0200: 119.213: [GC concurrent-mark-end, 0.0063780 secs]
2020-09-29T12:29:07.886+0200: 119.214: [GC remark 2020-09-29T12:29:07.886+0200: 119.214: [Finalize Marking, 0.0005422 secs] 2020-09-29T12:29:07.887+0200: 119.214: [GC ref-proc, 0.0006410 secs] 2020-09-29T12:29:07.888+0200: 119.215: [Unloading, 0.0010721 secs], 0.0030844 secs]
 [Times: user=0.00 sys=0.00, real=0.00 secs] 
2020-09-29T12:29:07.890+0200: 119.217: [GC cleanup 1014M->28M(2048M), 0.0030252 secs]
 [Times: user=0.00 sys=0.00, real=0.00 secs] 
2020-09-29T12:29:07.893+0200: 119.221: [GC concurrent-cleanup-start]
2020-09-29T12:29:07.896+0200: 119.223: [GC concurrent-cleanup-end, 0.0022745 secs]
2020-09-29T12:29:08.038+0200: 119.365: [GC pause (G1 Evacuation Pause) (young), 0.1765689 secs]
   [Parallel Time: 174.6 ms, GC Workers: 8]
      [GC Worker Start (ms): Min: 119365.2, Avg: 119365.4, Max: 119365.6, Diff: 0.4]
      [Ext Root Scanning (ms): Min: 0.0, Avg: 0.1, Max: 0.3, Diff: 0.3, Sum: 1.2]
      [Update RS (ms): Min: 17.3, Avg: 17.9, Max: 18.8, Diff: 1.5, Sum: 142.9]
         [Processed Buffers: Min: 8, Avg: 9.4, Max: 11, Diff: 3, Sum: 75]
      [Scan RS (ms): Min: 11.7, Avg: 12.7, Max: 13.2, Diff: 1.5, Sum: 101.4]
      [Code Root Scanning (ms): Min: 0.0, Avg: 0.0, Max: 0.0, Diff: 0.0, Sum: 0.0]
      [Object Copy (ms): Min: 143.0, Avg: 143.1, Max: 143.3, Diff: 0.3, Sum: 1145.2]
      [Termination (ms): Min: 0.0, Avg: 0.2, Max: 0.2, Diff: 0.2, Sum: 1.4]
         [Termination Attempts: Min: 1, Avg: 485.9, Max: 621, Diff: 620, Sum: 3887]
      [GC Worker Other (ms): Min: 0.0, Avg: 0.1, Max: 0.1, Diff: 0.1, Sum: 0.4]
      [GC Worker Total (ms): Min: 173.8, Avg: 174.1, Max: 174.2, Diff: 0.4, Sum: 1392.5]
      [GC Worker End (ms): Min: 119539.4, Avg: 119539.5, Max: 119539.5, Diff: 0.1]
   [Code Root Fixup: 0.0 ms]
   [Code Root Purge: 0.0 ms]
   [Clear CT: 0.5 ms]
   [Other: 1.5 ms]
      [Choose CSet: 0.0 ms]
      [Ref Proc: 0.4 ms]
      [Ref Enq: 0.0 ms]
      [Redirty Cards: 0.4 ms]
      [Humongous Register: 0.1 ms]
      [Humongous Reclaim: 0.0 ms]
      [Free CSet: 0.2 ms]
   [Eden: 133.0M(133.0M)->0.0B(123.0M) Survivors: 8192.0K->18.0M Heap: 173.4M(2048.0M)->167.4M(2048.0M)]
 [Times: user=1.34 sys=0.00, real=0.18 secs] 
2020-09-29T12:29:08.359+0200: 119.685: [GC pause (G1 Evacuation Pause) (young), 0.1728927 secs]
   [Parallel Time: 170.9 ms, GC Workers: 8]
      [GC Worker Start (ms): Min: 119685.5, Avg: 119685.6, Max: 119685.8, Diff: 0.3]
      [Ext Root Scanning (ms): Min: 0.0, Avg: 0.2, Max: 0.3, Diff: 0.3, Sum: 1.2]
      [Update RS (ms): Min: 17.2, Avg: 17.7, Max: 18.1, Diff: 0.9, Sum: 141.4]
         [Processed Buffers: Min: 9, Avg: 9.9, Max: 11, Diff: 2, Sum: 79]
      [Scan RS (ms): Min: 13.4, Avg: 13.8, Max: 14.3, Diff: 1.0, Sum: 110.6]
      [Code Root Scanning (ms): Min: 0.0, Avg: 0.0, Max: 0.0, Diff: 0.0, Sum: 0.0]
      [Object Copy (ms): Min: 138.6, Avg: 138.6, Max: 138.7, Diff: 0.2, Sum: 1109.1]
      [Termination (ms): Min: 0.0, Avg: 0.0, Max: 0.0, Diff: 0.0, Sum: 0.3]
         [Termination Attempts: Min: 1, Avg: 96.8, Max: 124, Diff: 123, Sum: 774]
      [GC Worker Other (ms): Min: 0.0, Avg: 0.1, Max: 0.1, Diff: 0.1, Sum: 0.4]
      [GC Worker Total (ms): Min: 170.2, Avg: 170.4, Max: 170.6, Diff: 0.4, Sum: 1363.1]
      [GC Worker End (ms): Min: 119856.0, Avg: 119856.0, Max: 119856.1, Diff: 0.1]
   [Code Root Fixup: 0.0 ms]
   [Code Root Purge: 0.0 ms]
   [Clear CT: 0.4 ms]
   [Other: 1.6 ms]
      [Choose CSet: 0.0 ms]
      [Ref Proc: 0.4 ms]
      [Ref Enq: 0.0 ms]
      [Redirty Cards: 0.4 ms]
      [Humongous Register: 0.1 ms]
      [Humongous Reclaim: 0.0 ms]
      [Free CSet: 0.3 ms]
   [Eden: 123.0M(123.0M)->0.0B(124.0M) Survivors: 18.0M->18.0M Heap: 311.4M(2048.0M)->312.9M(2048.0M)]
 [Times: user=1.38 sys=0.00, real=0.17 secs] 
2020-09-29T12:29:08.685+0200: 120.013: [GC pause (G1 Evacuation Pause) (young), 0.1850214 secs]
   [Parallel Time: 183.1 ms, GC Workers: 8]
      [GC Worker Start (ms): Min: 120012.7, Avg: 120012.9, Max: 120013.0, Diff: 0.3]
      [Ext Root Scanning (ms): Min: 0.0, Avg: 0.1, Max: 0.3, Diff: 0.3, Sum: 1.2]
      [Update RS (ms): Min: 26.3, Avg: 26.5, Max: 26.8, Diff: 0.5, Sum: 212.2]
         [Processed Buffers: Min: 13, Avg: 14.6, Max: 17, Diff: 4, Sum: 117]
      [Scan RS (ms): Min: 9.7, Avg: 10.0, Max: 10.3, Diff: 0.5, Sum: 79.8]
      [Code Root Scanning (ms): Min: 0.0, Avg: 0.0, Max: 0.0, Diff: 0.0, Sum: 0.0]
      [Object Copy (ms): Min: 145.8, Avg: 145.9, Max: 146.0, Diff: 0.2, Sum: 1167.2]
      [Termination (ms): Min: 0.0, Avg: 0.0, Max: 0.0, Diff: 0.0, Sum: 0.3]
         [Termination Attempts: Min: 1, Avg: 90.3, Max: 118, Diff: 117, Sum: 722]
      [GC Worker Other (ms): Min: 0.0, Avg: 0.1, Max: 0.1, Diff: 0.1, Sum: 0.6]
      [GC Worker Total (ms): Min: 182.5, Avg: 182.7, Max: 182.8, Diff: 0.3, Sum: 1461.3]
      [GC Worker End (ms): Min: 120195.5, Avg: 120195.5, Max: 120195.6, Diff: 0.1]
   [Code Root Fixup: 0.0 ms]
   [Code Root Purge: 0.0 ms]
   [Clear CT: 0.4 ms]
   [Other: 1.6 ms]
      [Choose CSet: 0.0 ms]
      [Ref Proc: 0.4 ms]
      [Ref Enq: 0.0 ms]
      [Redirty Cards: 0.5 ms]
      [Humongous Register: 0.1 ms]
      [Humongous Reclaim: 0.0 ms]
      [Free CSet: 0.2 ms]
   [Eden: 124.0M(124.0M)->0.0B(123.0M) Survivors: 18.0M->18.0M Heap: 457.9M(2048.0M)->459.9M(2048.0M)]
 [Times: user=1.50 sys=0.00, real=0.19 secs] 
2020-09-29T12:29:09.031+0200: 120.357: [GC pause (G1 Evacuation Pause) (young), 0.1895679 secs]
   [Parallel Time: 187.4 ms, GC Workers: 8]
      [GC Worker Start (ms): Min: 120357.4, Avg: 120357.6, Max: 120357.8, Diff: 0.3]
      [Ext Root Scanning (ms): Min: 0.0, Avg: 0.1, Max: 0.3, Diff: 0.3, Sum: 1.1]
      [Update RS (ms): Min: 20.0, Avg: 20.6, Max: 21.7, Diff: 1.7, Sum: 165.2]
         [Processed Buffers: Min: 7, Avg: 9.6, Max: 10, Diff: 3, Sum: 77]
      [Scan RS (ms): Min: 12.6, Avg: 13.5, Max: 14.2, Diff: 1.7, Sum: 108.1]
      [Code Root Scanning (ms): Min: 0.0, Avg: 0.0, Max: 0.0, Diff: 0.0, Sum: 0.0]
      [Object Copy (ms): Min: 152.0, Avg: 152.2, Max: 152.7, Diff: 0.7, Sum: 1217.6]
      [Termination (ms): Min: 0.0, Avg: 0.5, Max: 0.6, Diff: 0.6, Sum: 3.7]
         [Termination Attempts: Min: 1, Avg: 1196.1, Max: 1455, Diff: 1454, Sum: 9569]
      [GC Worker Other (ms): Min: 0.0, Avg: 0.1, Max: 0.2, Diff: 0.1, Sum: 0.6]
      [GC Worker Total (ms): Min: 186.8, Avg: 187.0, Max: 187.2, Diff: 0.4, Sum: 1496.2]
      [GC Worker End (ms): Min: 120544.6, Avg: 120544.6, Max: 120544.7, Diff: 0.1]
   [Code Root Fixup: 0.0 ms]
   [Code Root Purge: 0.0 ms]
   [Clear CT: 0.5 ms]
   [Other: 1.7 ms]
      [Choose CSet: 0.0 ms]
      [Ref Proc: 0.5 ms]
      [Ref Enq: 0.0 ms]
      [Redirty Cards: 0.5 ms]
      [Humongous Register: 0.1 ms]
      [Humongous Reclaim: 0.0 ms]
      [Free CSet: 0.2 ms]
   [Eden: 123.0M(123.0M)->0.0B(121.0M) Survivors: 18.0M->18.0M Heap: 601.9M(2048.0M)->604.4M(2048.0M)]
 [Times: user=1.47 sys=0.02, real=0.19 secs] 
2020-09-29T12:29:09.373+0200: 120.700: [GC pause (G1 Evacuation Pause) (young), 0.1819421 secs]
   [Parallel Time: 180.2 ms, GC Workers: 8]
      [GC Worker Start (ms): Min: 120699.8, Avg: 120700.0, Max: 120700.1, Diff: 0.3]
      [Ext Root Scanning (ms): Min: 0.0, Avg: 0.1, Max: 0.3, Diff: 0.3, Sum: 1.1]
      [Update RS (ms): Min: 16.3, Avg: 16.7, Max: 17.6, Diff: 1.3, Sum: 133.9]
         [Processed Buffers: Min: 8, Avg: 9.3, Max: 11, Diff: 3, Sum: 74]
      [Scan RS (ms): Min: 12.7, Avg: 13.6, Max: 14.1, Diff: 1.3, Sum: 109.2]
      [Code Root Scanning (ms): Min: 0.0, Avg: 0.0, Max: 0.0, Diff: 0.0, Sum: 0.0]
      [Object Copy (ms): Min: 148.8, Avg: 149.0, Max: 149.2, Diff: 0.4, Sum: 1191.8]
      [Termination (ms): Min: 0.0, Avg: 0.2, Max: 0.3, Diff: 0.3, Sum: 1.9]
         [Termination Attempts: Min: 1, Avg: 651.6, Max: 808, Diff: 807, Sum: 5213]
      [GC Worker Other (ms): Min: 0.1, Avg: 0.1, Max: 0.1, Diff: 0.1, Sum: 0.7]
      [GC Worker Total (ms): Min: 179.7, Avg: 179.8, Max: 180.0, Diff: 0.3, Sum: 1438.5]
      [GC Worker End (ms): Min: 120879.8, Avg: 120879.8, Max: 120879.9, Diff: 0.1]
   [Code Root Fixup: 0.0 ms]
   [Code Root Purge: 0.0 ms]
   [Clear CT: 0.4 ms]
   [Other: 1.3 ms]
      [Choose CSet: 0.0 ms]
      [Ref Proc: 0.4 ms]
      [Ref Enq: 0.0 ms]
      [Redirty Cards: 0.4 ms]
      [Humongous Register: 0.1 ms]
      [Humongous Reclaim: 0.0 ms]
      [Free CSet: 0.2 ms]
   [Eden: 121.0M(121.0M)->0.0B(121.0M) Survivors: 18.0M->18.0M Heap: 746.4M(2048.0M)->748.4M(2048.0M)]
 [Times: user=1.45 sys=0.00, real=0.18 secs] 
2020-09-29T12:29:09.699+0200: 121.025: [GC pause (G1 Evacuation Pause) (young), 0.1751159 secs]
   [Parallel Time: 173.1 ms, GC Workers: 8]
      [GC Worker Start (ms): Min: 121025.5, Avg: 121025.7, Max: 121025.8, Diff: 0.3]
      [Ext Root Scanning (ms): Min: 0.0, Avg: 0.1, Max: 0.3, Diff: 0.3, Sum: 1.0]
      [Update RS (ms): Min: 24.0, Avg: 24.5, Max: 25.2, Diff: 1.2, Sum: 195.8]
         [Processed Buffers: Min: 11, Avg: 13.5, Max: 15, Diff: 4, Sum: 108]
      [Scan RS (ms): Min: 10.2, Avg: 10.8, Max: 11.4, Diff: 1.3, Sum: 86.6]
      [Code Root Scanning (ms): Min: 0.0, Avg: 0.0, Max: 0.0, Diff: 0.0, Sum: 0.0]
      [Object Copy (ms): Min: 137.0, Avg: 137.1, Max: 137.2, Diff: 0.2, Sum: 1096.6]
      [Termination (ms): Min: 0.0, Avg: 0.0, Max: 0.0, Diff: 0.0, Sum: 0.3]
         [Termination Attempts: Min: 1, Avg: 98.4, Max: 127, Diff: 126, Sum: 787]
      [GC Worker Other (ms): Min: 0.0, Avg: 0.1, Max: 0.2, Diff: 0.1, Sum: 0.6]
      [GC Worker Total (ms): Min: 172.5, Avg: 172.6, Max: 172.8, Diff: 0.2, Sum: 1380.9]
      [GC Worker End (ms): Min: 121198.2, Avg: 121198.3, Max: 121198.4, Diff: 0.1]
   [Code Root Fixup: 0.0 ms]
   [Code Root Purge: 0.0 ms]
   [Clear CT: 0.4 ms]
   [Other: 1.7 ms]
      [Choose CSet: 0.0 ms]
      [Ref Proc: 0.5 ms]
      [Ref Enq: 0.0 ms]
      [Redirty Cards: 0.6 ms]
      [Humongous Register: 0.1 ms]
      [Humongous Reclaim: 0.0 ms]
      [Free CSet: 0.3 ms]
   [Eden: 121.0M(121.0M)->0.0B(123.0M) Survivors: 18.0M->18.0M Heap: 890.4M(2048.0M)->892.9M(2048.0M)]
 [Times: user=1.38 sys=0.00, real=0.18 secs] 
2020-09-29T12:29:09.954+0200: 121.281: [GC pause (G1 Evacuation Pause) (young), 0.0689173 secs]
   [Parallel Time: 68.0 ms, GC Workers: 8]
      [GC Worker Start (ms): Min: 121281.4, Avg: 121281.5, Max: 121281.6, Diff: 0.2]
      [Ext Root Scanning (ms): Min: 0.0, Avg: 0.1, Max: 0.2, Diff: 0.2, Sum: 0.4]
      [Update RS (ms): Min: 6.2, Avg: 6.3, Max: 6.6, Diff: 0.4, Sum: 50.5]
         [Processed Buffers: Min: 7, Avg: 7.6, Max: 10, Diff: 3, Sum: 61]
      [Scan RS (ms): Min: 5.8, Avg: 6.1, Max: 6.3, Diff: 0.4, Sum: 49.1]
      [Code Root Scanning (ms): Min: 0.0, Avg: 0.0, Max: 0.0, Diff: 0.0, Sum: 0.0]
      [Object Copy (ms): Min: 55.2, Avg: 55.2, Max: 55.3, Diff: 0.1, Sum: 441.8]
      [Termination (ms): Min: 0.0, Avg: 0.0, Max: 0.0, Diff: 0.0, Sum: 0.1]
         [Termination Attempts: Min: 1, Avg: 113.5, Max: 154, Diff: 153, Sum: 908]
      [GC Worker Other (ms): Min: 0.0, Avg: 0.0, Max: 0.1, Diff: 0.0, Sum: 0.3]
      [GC Worker Total (ms): Min: 67.7, Avg: 67.8, Max: 67.9, Diff: 0.2, Sum: 542.3]
      [GC Worker End (ms): Min: 121349.3, Avg: 121349.3, Max: 121349.3, Diff: 0.0]
   [Code Root Fixup: 0.0 ms]
   [Code Root Purge: 0.0 ms]
   [Clear CT: 0.2 ms]
   [Other: 0.8 ms]
      [Choose CSet: 0.0 ms]
      [Ref Proc: 0.2 ms]
      [Ref Enq: 0.0 ms]
      [Redirty Cards: 0.2 ms]
      [Humongous Register: 0.0 ms]
      [Humongous Reclaim: 0.0 ms]
      [Free CSet: 0.1 ms]
   [Eden: 123.0M(123.0M)->0.0B(141.0M) Survivors: 18.0M->18.0M Heap: 1035.0M(2048.0M)->1036.5M(2048.0M)]
 [Times: user=0.59 sys=0.00, real=0.07 secs] 
2020-09-29T12:29:10.026+0200: 121.353: [GC pause (G1 Humongous Allocation) (young) (initial-mark), 0.0260876 secs]
   [Parallel Time: 24.8 ms, GC Workers: 8]
      [GC Worker Start (ms): Min: 121353.6, Avg: 121353.6, Max: 121353.7, Diff: 0.2]
      [Ext Root Scanning (ms): Min: 0.0, Avg: 0.1, Max: 0.3, Diff: 0.3, Sum: 1.2]
      [Update RS (ms): Min: 15.2, Avg: 15.5, Max: 15.8, Diff: 0.6, Sum: 124.2]
         [Processed Buffers: Min: 18, Avg: 19.6, Max: 21, Diff: 3, Sum: 157]
      [Scan RS (ms): Min: 0.8, Avg: 1.0, Max: 1.3, Diff: 0.5, Sum: 8.4]
      [Code Root Scanning (ms): Min: 0.0, Avg: 0.0, Max: 0.0, Diff: 0.0, Sum: 0.0]
      [Object Copy (ms): Min: 7.8, Avg: 7.9, Max: 7.9, Diff: 0.1, Sum: 63.2]
      [Termination (ms): Min: 0.0, Avg: 0.0, Max: 0.0, Diff: 0.0, Sum: 0.0]
         [Termination Attempts: Min: 1, Avg: 11.8, Max: 21, Diff: 20, Sum: 94]
      [GC Worker Other (ms): Min: 0.0, Avg: 0.0, Max: 0.0, Diff: 0.0, Sum: 0.1]
      [GC Worker Total (ms): Min: 24.6, Avg: 24.6, Max: 24.7, Diff: 0.2, Sum: 197.1]
      [GC Worker End (ms): Min: 121378.3, Avg: 121378.3, Max: 121378.3, Diff: 0.0]
   [Code Root Fixup: 0.0 ms]
   [Code Root Purge: 0.0 ms]
   [Clear CT: 0.4 ms]
   [Other: 0.8 ms]
      [Choose CSet: 0.0 ms]
      [Ref Proc: 0.1 ms]
      [Ref Enq: 0.0 ms]
      [Redirty Cards: 0.5 ms]
      [Humongous Register: 0.0 ms]
      [Humongous Reclaim: 0.0 ms]
      [Free CSet: 0.0 ms]
   [Eden: 2048.0K(141.0M)->0.0B(185.0M) Survivors: 18.0M->4096.0K Heap: 1038.5M(2048.0M)->1042.5M(2048.0M)]
 [Times: user=0.25 sys=0.00, real=0.03 secs] 
2020-09-29T12:29:10.053+0200: 121.380: [GC concurrent-root-region-scan-start]
2020-09-29T12:29:10.053+0200: 121.380: [GC concurrent-root-region-scan-end, 0.0005704 secs]
2020-09-29T12:29:10.053+0200: 121.380: [GC concurrent-mark-start]
2020-09-29T12:29:10.056+0200: 121.383: [GC concurrent-mark-end, 0.0023413 secs]
2020-09-29T12:29:10.056+0200: 121.383: [GC remark 2020-09-29T12:29:10.056+0200: 121.383: [Finalize Marking, 0.0003489 secs] 2020-09-29T12:29:10.056+0200: 121.383: [GC ref-proc, 0.0002881 secs] 2020-09-29T12:29:10.057+0200: 121.384: [Unloading, 0.0005194 secs], 0.0014717 secs]
 [Times: user=0.00 sys=0.00, real=0.00 secs] 
2020-09-29T12:29:10.058+0200: 121.385: [GC cleanup 1051M->22M(2048M), 0.0014647 secs]
 [Times: user=0.00 sys=0.00, real=0.00 secs] 
2020-09-29T12:29:10.059+0200: 121.386: [GC concurrent-cleanup-start]
2020-09-29T12:29:10.060+0200: 121.387: [GC concurrent-cleanup-end, 0.0011889 secs]
2020-09-29T12:29:10.155+0200: 121.482: [GC pause (G1 Evacuation Pause) (young), 0.0925573 secs]
   [Parallel Time: 91.2 ms, GC Workers: 8]
      [GC Worker Start (ms): Min: 121482.4, Avg: 121482.5, Max: 121482.6, Diff: 0.2]
      [Ext Root Scanning (ms): Min: 0.0, Avg: 0.1, Max: 0.2, Diff: 0.2, Sum: 0.5]
      [Update RS (ms): Min: 11.0, Avg: 11.3, Max: 11.9, Diff: 0.9, Sum: 90.4]
         [Processed Buffers: Min: 12, Avg: 13.6, Max: 16, Diff: 4, Sum: 109]
      [Scan RS (ms): Min: 7.0, Avg: 7.5, Max: 7.8, Diff: 0.9, Sum: 59.9]
      [Code Root Scanning (ms): Min: 0.0, Avg: 0.0, Max: 0.0, Diff: 0.0, Sum: 0.0]
      [Object Copy (ms): Min: 72.1, Avg: 72.1, Max: 72.1, Diff: 0.1, Sum: 576.8]
      [Termination (ms): Min: 0.0, Avg: 0.0, Max: 0.0, Diff: 0.0, Sum: 0.0]
         [Termination Attempts: Min: 1, Avg: 4.9, Max: 7, Diff: 6, Sum: 39]
      [GC Worker Other (ms): Min: 0.0, Avg: 0.0, Max: 0.0, Diff: 0.0, Sum: 0.2]
      [GC Worker Total (ms): Min: 90.9, Avg: 91.0, Max: 91.1, Diff: 0.2, Sum: 727.8]
      [GC Worker End (ms): Min: 121573.5, Avg: 121573.5, Max: 121573.5, Diff: 0.0]
   [Code Root Fixup: 0.0 ms]
   [Code Root Purge: 0.0 ms]
   [Clear CT: 0.2 ms]
   [Other: 1.1 ms]
      [Choose CSet: 0.0 ms]
      [Ref Proc: 0.2 ms]
      [Ref Enq: 0.0 ms]
      [Redirty Cards: 0.6 ms]
      [Humongous Register: 0.0 ms]
      [Humongous Reclaim: 0.0 ms]
      [Free CSet: 0.1 ms]
   [Eden: 185.0M(185.0M)->0.0B(195.0M) Survivors: 4096.0K->24.0M Heap: 231.4M(2048.0M)->230.4M(2048.0M)]
 [Times: user=0.75 sys=0.00, real=0.09 secs] 
2020-09-29T12:29:10.353+0200: 121.680: [GC pause (G1 Evacuation Pause) (young), 0.1040199 secs]
   [Parallel Time: 103.0 ms, GC Workers: 8]
      [GC Worker Start (ms): Min: 121680.3, Avg: 121680.4, Max: 121680.5, Diff: 0.2]
      [Ext Root Scanning (ms): Min: 0.0, Avg: 0.1, Max: 0.2, Diff: 0.2, Sum: 0.5]
      [Update RS (ms): Min: 9.0, Avg: 9.1, Max: 9.4, Diff: 0.4, Sum: 72.9]
         [Processed Buffers: Min: 10, Avg: 11.4, Max: 15, Diff: 5, Sum: 91]
      [Scan RS (ms): Min: 10.6, Avg: 10.8, Max: 11.0, Diff: 0.4, Sum: 86.8]
      [Code Root Scanning (ms): Min: 0.0, Avg: 0.0, Max: 0.0, Diff: 0.0, Sum: 0.0]
      [Object Copy (ms): Min: 82.6, Avg: 82.7, Max: 82.7, Diff: 0.1, Sum: 661.5]
      [Termination (ms): Min: 0.0, Avg: 0.0, Max: 0.0, Diff: 0.0, Sum: 0.2]
         [Termination Attempts: Min: 1, Avg: 215.0, Max: 284, Diff: 283, Sum: 1720]
      [GC Worker Other (ms): Min: 0.0, Avg: 0.0, Max: 0.0, Diff: 0.0, Sum: 0.2]
      [GC Worker Total (ms): Min: 102.7, Avg: 102.8, Max: 102.9, Diff: 0.2, Sum: 822.1]
      [GC Worker End (ms): Min: 121783.2, Avg: 121783.2, Max: 121783.2, Diff: 0.0]
   [Code Root Fixup: 0.0 ms]
   [Code Root Purge: 0.0 ms]
   [Clear CT: 0.2 ms]
   [Other: 0.8 ms]
      [Choose CSet: 0.0 ms]
      [Ref Proc: 0.2 ms]
      [Ref Enq: 0.0 ms]
      [Redirty Cards: 0.2 ms]
      [Humongous Register: 0.0 ms]
      [Humongous Reclaim: 0.0 ms]
      [Free CSet: 0.2 ms]
   [Eden: 195.0M(195.0M)->0.0B(215.0M) Survivors: 24.0M->28.0M Heap: 457.9M(2048.0M)->460.4M(2048.0M)]
 [Times: user=0.78 sys=0.00, real=0.10 secs] 
2020-09-29T12:29:10.568+0200: 121.894: [GC pause (G1 Evacuation Pause) (young), 0.1133023 secs]
   [Parallel Time: 112.2 ms, GC Workers: 8]
      [GC Worker Start (ms): Min: 121894.6, Avg: 121894.7, Max: 121894.8, Diff: 0.2]
      [Ext Root Scanning (ms): Min: 0.0, Avg: 0.1, Max: 0.2, Diff: 0.1, Sum: 0.5]
      [Update RS (ms): Min: 10.6, Avg: 10.8, Max: 11.2, Diff: 0.6, Sum: 86.2]
         [Processed Buffers: Min: 12, Avg: 13.5, Max: 16, Diff: 4, Sum: 108]
      [Scan RS (ms): Min: 10.1, Avg: 10.7, Max: 11.3, Diff: 1.2, Sum: 85.3]
      [Code Root Scanning (ms): Min: 0.0, Avg: 0.0, Max: 0.0, Diff: 0.0, Sum: 0.0]
      [Object Copy (ms): Min: 89.9, Avg: 90.5, Max: 90.6, Diff: 0.6, Sum: 723.7]
      [Termination (ms): Min: 0.0, Avg: 0.0, Max: 0.0, Diff: 0.0, Sum: 0.1]
         [Termination Attempts: Min: 1, Avg: 125.5, Max: 162, Diff: 161, Sum: 1004]
      [GC Worker Other (ms): Min: 0.0, Avg: 0.0, Max: 0.1, Diff: 0.0, Sum: 0.3]
      [GC Worker Total (ms): Min: 111.9, Avg: 112.0, Max: 112.1, Diff: 0.1, Sum: 896.1]
      [GC Worker End (ms): Min: 122006.7, Avg: 122006.7, Max: 122006.7, Diff: 0.0]
   [Code Root Fixup: 0.0 ms]
   [Code Root Purge: 0.0 ms]
   [Clear CT: 0.2 ms]
   [Other: 0.9 ms]
      [Choose CSet: 0.0 ms]
      [Ref Proc: 0.2 ms]
      [Ref Enq: 0.0 ms]
      [Redirty Cards: 0.3 ms]
      [Humongous Register: 0.0 ms]
      [Humongous Reclaim: 0.0 ms]
      [Free CSet: 0.2 ms]
   [Eden: 206.0M(206.0M)->0.0B(242.0M) Survivors: 28.0M->30.0M Heap: 700.7M(2048.0M)->703.2M(2048.0M)]
 [Times: user=0.88 sys=0.00, real=0.11 secs] 
2020-09-29T12:29:10.806+0200: 122.132: [GC pause (G1 Evacuation Pause) (young), 0.1304163 secs]
   [Parallel Time: 129.0 ms, GC Workers: 8]
      [GC Worker Start (ms): Min: 122132.6, Avg: 122132.7, Max: 122132.7, Diff: 0.1]
      [Ext Root Scanning (ms): Min: 0.0, Avg: 0.1, Max: 0.1, Diff: 0.1, Sum: 0.5]
      [Update RS (ms): Min: 10.3, Avg: 10.4, Max: 10.7, Diff: 0.3, Sum: 83.3]
         [Processed Buffers: Min: 11, Avg: 13.3, Max: 14, Diff: 3, Sum: 106]
      [Scan RS (ms): Min: 12.3, Avg: 12.5, Max: 12.6, Diff: 0.4, Sum: 100.1]
      [Code Root Scanning (ms): Min: 0.0, Avg: 0.0, Max: 0.0, Diff: 0.0, Sum: 0.0]
      [Object Copy (ms): Min: 105.6, Avg: 105.7, Max: 105.7, Diff: 0.1, Sum: 845.3]
      [Termination (ms): Min: 0.0, Avg: 0.0, Max: 0.1, Diff: 0.1, Sum: 0.4]
         [Termination Attempts: Min: 1, Avg: 326.9, Max: 433, Diff: 432, Sum: 2615]
      [GC Worker Other (ms): Min: 0.0, Avg: 0.0, Max: 0.1, Diff: 0.1, Sum: 0.4]
      [GC Worker Total (ms): Min: 128.7, Avg: 128.8, Max: 128.8, Diff: 0.1, Sum: 1030.1]
      [GC Worker End (ms): Min: 122261.4, Avg: 122261.4, Max: 122261.5, Diff: 0.1]
   [Code Root Fixup: 0.0 ms]
   [Code Root Purge: 0.0 ms]
   [Clear CT: 0.4 ms]
   [Other: 1.0 ms]
      [Choose CSet: 0.0 ms]
      [Ref Proc: 0.1 ms]
      [Ref Enq: 0.0 ms]
      [Redirty Cards: 0.5 ms]
      [Humongous Register: 0.0 ms]
      [Humongous Reclaim: 0.0 ms]
      [Free CSet: 0.2 ms]
   [Eden: 242.0M(242.0M)->0.0B(254.0M) Survivors: 30.0M->34.0M Heap: 985.2M(2048.0M)->987.7M(2048.0M)]
 [Times: user=1.00 sys=0.00, real=0.13 secs] 
2020-09-29T12:29:10.946+0200: 122.273: [GC pause (G1 Humongous Allocation) (young) (initial-mark), 0.0457381 secs]
   [Parallel Time: 44.9 ms, GC Workers: 8]
      [GC Worker Start (ms): Min: 122273.2, Avg: 122273.2, Max: 122273.3, Diff: 0.1]
      [Ext Root Scanning (ms): Min: 0.0, Avg: 0.2, Max: 0.6, Diff: 0.6, Sum: 1.7]
      [Update RS (ms): Min: 23.9, Avg: 24.1, Max: 24.3, Diff: 0.4, Sum: 193.1]
         [Processed Buffers: Min: 30, Avg: 30.6, Max: 32, Diff: 2, Sum: 245]
      [Scan RS (ms): Min: 1.7, Avg: 2.0, Max: 2.4, Diff: 0.7, Sum: 16.1]
      [Code Root Scanning (ms): Min: 0.0, Avg: 0.0, Max: 0.0, Diff: 0.0, Sum: 0.0]
      [Object Copy (ms): Min: 18.3, Avg: 18.3, Max: 18.3, Diff: 0.1, Sum: 146.4]
      [Termination (ms): Min: 0.0, Avg: 0.0, Max: 0.0, Diff: 0.0, Sum: 0.1]
         [Termination Attempts: Min: 1, Avg: 74.5, Max: 103, Diff: 102, Sum: 596]
      [GC Worker Other (ms): Min: 0.0, Avg: 0.0, Max: 0.0, Diff: 0.0, Sum: 0.1]
      [GC Worker Total (ms): Min: 44.6, Avg: 44.7, Max: 44.7, Diff: 0.1, Sum: 357.6]
      [GC Worker End (ms): Min: 122317.9, Avg: 122317.9, Max: 122317.9, Diff: 0.0]
   [Code Root Fixup: 0.0 ms]
   [Code Root Purge: 0.0 ms]
   [Clear CT: 0.2 ms]
   [Other: 0.7 ms]
      [Choose CSet: 0.0 ms]
      [Ref Proc: 0.2 ms]
      [Ref Enq: 0.0 ms]
      [Redirty Cards: 0.2 ms]
      [Humongous Register: 0.0 ms]
      [Humongous Reclaim: 0.0 ms]
      [Free CSet: 0.1 ms]
   [Eden: 8192.0K(254.0M)->0.0B(294.0M) Survivors: 34.0M->10.0M Heap: 995.2M(2048.0M)->999.7M(2048.0M)]
 [Times: user=0.38 sys=0.00, real=0.05 secs] 
2020-09-29T12:29:10.992+0200: 122.319: [GC concurrent-root-region-scan-start]
2020-09-29T12:29:10.994+0200: 122.321: [GC concurrent-root-region-scan-end, 0.0016757 secs]
2020-09-29T12:29:10.994+0200: 122.321: [GC concurrent-mark-start]
2020-09-29T12:29:10.996+0200: 122.323: [GC concurrent-mark-end, 0.0027670 secs]
2020-09-29T12:29:10.997+0200: 122.323: [GC remark 2020-09-29T12:29:10.997+0200: 122.324: [Finalize Marking, 0.0002160 secs] 2020-09-29T12:29:10.997+0200: 122.324: [GC ref-proc, 0.0002915 secs] 2020-09-29T12:29:10.997+0200: 122.324: [Unloading, 0.0004554 secs], 0.0012332 secs]
 [Times: user=0.00 sys=0.00, real=0.00 secs] 
2020-09-29T12:29:10.998+0200: 122.325: [GC cleanup 1009M->29M(2048M), 0.0010991 secs]
 [Times: user=0.00 sys=0.00, real=0.00 secs] 
2020-09-29T12:29:10.999+0200: 122.326: [GC concurrent-cleanup-start]
2020-09-29T12:29:11.000+0200: 122.327: [GC concurrent-cleanup-end, 0.0010364 secs]
2020-09-29T12:29:11.145+0200: 122.472: [GC pause (G1 Evacuation Pause) (young), 0.1476678 secs]
   [Parallel Time: 145.7 ms, GC Workers: 8]
      [GC Worker Start (ms): Min: 122472.1, Avg: 122472.2, Max: 122472.3, Diff: 0.1]
      [Ext Root Scanning (ms): Min: 0.0, Avg: 0.1, Max: 0.1, Diff: 0.1, Sum: 0.6]
      [Update RS (ms): Min: 11.0, Avg: 11.2, Max: 11.5, Diff: 0.5, Sum: 90.0]
         [Processed Buffers: Min: 2, Avg: 11.6, Max: 15, Diff: 13, Sum: 93]
      [Scan RS (ms): Min: 14.8, Avg: 15.1, Max: 15.3, Diff: 0.5, Sum: 120.7]
      [Code Root Scanning (ms): Min: 0.0, Avg: 0.0, Max: 0.0, Diff: 0.0, Sum: 0.0]
      [Object Copy (ms): Min: 118.8, Avg: 118.9, Max: 119.1, Diff: 0.3, Sum: 951.5]
      [Termination (ms): Min: 0.0, Avg: 0.1, Max: 0.1, Diff: 0.1, Sum: 0.9]
         [Termination Attempts: Min: 1, Avg: 807.6, Max: 1072, Diff: 1071, Sum: 6461]
      [GC Worker Other (ms): Min: 0.0, Avg: 0.0, Max: 0.1, Diff: 0.1, Sum: 0.3]
      [GC Worker Total (ms): Min: 145.4, Avg: 145.5, Max: 145.5, Diff: 0.1, Sum: 1163.9]
      [GC Worker End (ms): Min: 122617.6, Avg: 122617.7, Max: 122617.7, Diff: 0.1]
   [Code Root Fixup: 0.0 ms]
   [Code Root Purge: 0.0 ms]
   [Clear CT: 0.3 ms]
   [Other: 1.7 ms]
      [Choose CSet: 0.0 ms]
      [Ref Proc: 0.2 ms]
      [Ref Enq: 0.0 ms]
      [Redirty Cards: 1.0 ms]
      [Humongous Register: 0.0 ms]
      [Humongous Reclaim: 0.0 ms]
      [Free CSet: 0.3 ms]
   [Eden: 294.0M(294.0M)->0.0B(277.0M) Survivors: 10.0M->38.0M Heap: 363.6M(2048.0M)->355.1M(2048.0M)]
 [Times: user=1.13 sys=0.00, real=0.15 secs] 
2020-09-29T12:29:11.468+0200: 122.794: [GC pause (G1 Evacuation Pause) (young), 0.1600412 secs]
   [Parallel Time: 158.9 ms, GC Workers: 8]
      [GC Worker Start (ms): Min: 122794.6, Avg: 122794.7, Max: 122794.8, Diff: 0.2]
      [Ext Root Scanning (ms): Min: 0.0, Avg: 0.1, Max: 0.2, Diff: 0.2, Sum: 0.5]
      [Update RS (ms): Min: 11.6, Avg: 11.8, Max: 12.4, Diff: 0.8, Sum: 94.7]
         [Processed Buffers: Min: 12, Avg: 13.3, Max: 15, Diff: 3, Sum: 106]
      [Scan RS (ms): Min: 17.2, Avg: 17.8, Max: 18.2, Diff: 1.1, Sum: 142.0]
      [Code Root Scanning (ms): Min: 0.0, Avg: 0.0, Max: 0.0, Diff: 0.0, Sum: 0.0]
      [Object Copy (ms): Min: 128.6, Avg: 128.8, Max: 129.0, Diff: 0.4, Sum: 1030.8]
      [Termination (ms): Min: 0.0, Avg: 0.0, Max: 0.1, Diff: 0.1, Sum: 0.3]
         [Termination Attempts: Min: 1, Avg: 288.8, Max: 410, Diff: 409, Sum: 2310]
      [GC Worker Other (ms): Min: 0.0, Avg: 0.1, Max: 0.1, Diff: 0.1, Sum: 0.6]
      [GC Worker Total (ms): Min: 158.5, Avg: 158.6, Max: 158.7, Diff: 0.2, Sum: 1268.9]
      [GC Worker End (ms): Min: 122953.3, Avg: 122953.3, Max: 122953.3, Diff: 0.1]
   [Code Root Fixup: 0.0 ms]
   [Code Root Purge: 0.0 ms]
   [Clear CT: 0.2 ms]
   [Other: 1.0 ms]
      [Choose CSet: 0.0 ms]
      [Ref Proc: 0.2 ms]
      [Ref Enq: 0.0 ms]
      [Redirty Cards: 0.2 ms]
      [Humongous Register: 0.0 ms]
      [Humongous Reclaim: 0.0 ms]
      [Free CSet: 0.3 ms]
   [Eden: 277.0M(277.0M)->0.0B(276.0M) Survivors: 38.0M->40.0M Heap: 677.9M(2048.0M)->679.9M(2048.0M)]
 [Times: user=1.23 sys=0.00, real=0.16 secs] 
2020-09-29T12:29:11.781+0200: 123.107: [GC pause (G1 Evacuation Pause) (young), 0.1628268 secs]
   [Parallel Time: 161.8 ms, GC Workers: 8]
      [GC Worker Start (ms): Min: 123107.5, Avg: 123108.8, Max: 123117.0, Diff: 9.5]
      [Ext Root Scanning (ms): Min: 0.0, Avg: 0.1, Max: 0.2, Diff: 0.2, Sum: 0.6]
      [Update RS (ms): Min: 6.3, Avg: 14.2, Max: 15.4, Diff: 9.1, Sum: 113.9]
         [Processed Buffers: Min: 6, Avg: 16.4, Max: 19, Diff: 13, Sum: 131]
      [Scan RS (ms): Min: 15.1, Avg: 15.3, Max: 15.4, Diff: 0.3, Sum: 122.2]
      [Code Root Scanning (ms): Min: 0.0, Avg: 0.0, Max: 0.0, Diff: 0.0, Sum: 0.0]
      [Object Copy (ms): Min: 130.6, Avg: 130.7, Max: 130.7, Diff: 0.1, Sum: 1045.8]
      [Termination (ms): Min: 0.0, Avg: 0.0, Max: 0.0, Diff: 0.0, Sum: 0.0]
         [Termination Attempts: Min: 1, Avg: 10.5, Max: 19, Diff: 18, Sum: 84]
      [GC Worker Other (ms): Min: 0.0, Avg: 0.1, Max: 0.1, Diff: 0.1, Sum: 0.5]
      [GC Worker Total (ms): Min: 152.2, Avg: 160.4, Max: 161.7, Diff: 9.5, Sum: 1282.9]
      [GC Worker End (ms): Min: 123269.1, Avg: 123269.1, Max: 123269.2, Diff: 0.1]
   [Code Root Fixup: 0.0 ms]
   [Code Root Purge: 0.0 ms]
   [Clear CT: 0.3 ms]
   [Other: 0.8 ms]
      [Choose CSet: 0.0 ms]
      [Ref Proc: 0.2 ms]
      [Ref Enq: 0.0 ms]
      [Redirty Cards: 0.2 ms]
      [Humongous Register: 0.1 ms]
      [Humongous Reclaim: 0.0 ms]
      [Free CSet: 0.2 ms]
   [Eden: 276.0M(276.0M)->0.0B(280.0M) Survivors: 40.0M->40.0M Heap: 1003.6M(2048.0M)->1005.6M(2048.0M)]
 [Times: user=1.36 sys=0.00, real=0.16 secs] 
2020-09-29T12:29:11.956+0200: 123.283: [GC pause (G1 Humongous Allocation) (young) (initial-mark), 0.0524426 secs]
   [Parallel Time: 51.6 ms, GC Workers: 8]
      [GC Worker Start (ms): Min: 123283.1, Avg: 123283.1, Max: 123283.2, Diff: 0.1]
      [Ext Root Scanning (ms): Min: 0.0, Avg: 0.1, Max: 0.1, Diff: 0.1, Sum: 0.6]
      [Update RS (ms): Min: 26.5, Avg: 26.7, Max: 27.0, Diff: 0.5, Sum: 213.6]
         [Processed Buffers: Min: 32, Avg: 33.3, Max: 35, Diff: 3, Sum: 266]
      [Scan RS (ms): Min: 2.1, Avg: 2.4, Max: 2.7, Diff: 0.6, Sum: 19.4]
      [Code Root Scanning (ms): Min: 0.0, Avg: 0.0, Max: 0.0, Diff: 0.0, Sum: 0.0]
      [Object Copy (ms): Min: 22.2, Avg: 22.2, Max: 22.3, Diff: 0.1, Sum: 177.9]
      [Termination (ms): Min: 0.0, Avg: 0.0, Max: 0.0, Diff: 0.0, Sum: 0.1]
         [Termination Attempts: Min: 1, Avg: 85.6, Max: 114, Diff: 113, Sum: 685]
      [GC Worker Other (ms): Min: 0.0, Avg: 0.0, Max: 0.0, Diff: 0.0, Sum: 0.2]
      [GC Worker Total (ms): Min: 51.4, Avg: 51.5, Max: 51.5, Diff: 0.1, Sum: 411.9]
      [GC Worker End (ms): Min: 123334.6, Avg: 123334.6, Max: 123334.6, Diff: 0.0]
   [Code Root Fixup: 0.0 ms]
   [Code Root Purge: 0.0 ms]
   [Clear CT: 0.2 ms]
   [Other: 0.7 ms]
      [Choose CSet: 0.0 ms]
      [Ref Proc: 0.2 ms]
      [Ref Enq: 0.0 ms]
      [Redirty Cards: 0.2 ms]
      [Humongous Register: 0.0 ms]
      [Humongous Reclaim: 0.0 ms]
      [Free CSet: 0.1 ms]
   [Eden: 12.0M(280.0M)->0.0B(316.0M) Survivors: 40.0M->13.0M Heap: 1017.1M(2048.0M)->1020.6M(2048.0M)]
 [Times: user=0.50 sys=0.00, real=0.05 secs] 
2020-09-29T12:29:12.009+0200: 123.336: [GC concurrent-root-region-scan-start]
2020-09-29T12:29:12.011+0200: 123.338: [GC concurrent-root-region-scan-end, 0.0020925 secs]
2020-09-29T12:29:12.011+0200: 123.338: [GC concurrent-mark-start]
2020-09-29T12:29:12.014+0200: 123.340: [GC concurrent-mark-end, 0.0024491 secs]
2020-09-29T12:29:12.014+0200: 123.340: [GC remark 2020-09-29T12:29:12.014+0200: 123.340: [Finalize Marking, 0.0001722 secs] 2020-09-29T12:29:12.014+0200: 123.340: [GC ref-proc, 0.0002798 secs] 2020-09-29T12:29:12.014+0200: 123.341: [Unloading, 0.0004639 secs], 0.0013162 secs]
 [Times: user=0.00 sys=0.00, real=0.00 secs] 
2020-09-29T12:29:12.015+0200: 123.342: [GC cleanup 1031M->33M(2048M), 0.0014014 secs]
 [Times: user=0.00 sys=0.00, real=0.00 secs] 
2020-09-29T12:29:12.017+0200: 123.343: [GC concurrent-cleanup-start]
2020-09-29T12:29:12.018+0200: 123.344: [GC concurrent-cleanup-end, 0.0011178 secs]
2020-09-29T12:29:12.176+0200: 123.502: [GC pause (G1 Evacuation Pause) (young), 0.1618926 secs]
   [Parallel Time: 159.8 ms, GC Workers: 8]
      [GC Worker Start (ms): Min: 123502.5, Avg: 123502.7, Max: 123502.7, Diff: 0.2]
      [Ext Root Scanning (ms): Min: 0.0, Avg: 0.1, Max: 0.2, Diff: 0.2, Sum: 0.5]
      [Update RS (ms): Min: 13.1, Avg: 13.3, Max: 13.7, Diff: 0.6, Sum: 106.7]
         [Processed Buffers: Min: 13, Avg: 14.3, Max: 15, Diff: 2, Sum: 114]
      [Scan RS (ms): Min: 17.8, Avg: 18.2, Max: 18.4, Diff: 0.6, Sum: 145.5]
      [Code Root Scanning (ms): Min: 0.0, Avg: 0.0, Max: 0.0, Diff: 0.0, Sum: 0.0]
      [Object Copy (ms): Min: 127.8, Avg: 127.9, Max: 127.9, Diff: 0.1, Sum: 1023.0]
      [Termination (ms): Min: 0.0, Avg: 0.0, Max: 0.0, Diff: 0.0, Sum: 0.3]
         [Termination Attempts: Min: 1, Avg: 264.8, Max: 339, Diff: 338, Sum: 2118]
      [GC Worker Other (ms): Min: 0.0, Avg: 0.1, Max: 0.1, Diff: 0.1, Sum: 0.5]
      [GC Worker Total (ms): Min: 159.5, Avg: 159.6, Max: 159.7, Diff: 0.2, Sum: 1276.5]
      [GC Worker End (ms): Min: 123662.2, Avg: 123662.2, Max: 123662.3, Diff: 0.1]
   [Code Root Fixup: 0.0 ms]
   [Code Root Purge: 0.0 ms]
   [Clear CT: 0.2 ms]
   [Other: 1.9 ms]
      [Choose CSet: 0.0 ms]
      [Ref Proc: 0.1 ms]
      [Ref Enq: 0.0 ms]
      [Redirty Cards: 1.3 ms]
      [Humongous Register: 0.0 ms]
      [Humongous Reclaim: 0.0 ms]
      [Free CSet: 0.2 ms]
   [Eden: 316.0M(316.0M)->0.0B(295.0M) Survivors: 13.0M->42.0M Heap: 392.4M(2048.0M)->381.4M(2048.0M)]
 [Times: user=1.33 sys=0.05, real=0.16 secs] 
2020-09-29T12:29:12.492+0200: 123.819: [GC pause (G1 Evacuation Pause) (young), 0.1779548 secs]
   [Parallel Time: 176.8 ms, GC Workers: 8]
      [GC Worker Start (ms): Min: 123819.1, Avg: 123819.2, Max: 123819.5, Diff: 0.4]
      [Ext Root Scanning (ms): Min: 0.0, Avg: 0.1, Max: 0.1, Diff: 0.1, Sum: 0.6]
      [Update RS (ms): Min: 12.3, Avg: 12.7, Max: 12.9, Diff: 0.5, Sum: 101.3]
         [Processed Buffers: Min: 14, Avg: 15.6, Max: 19, Diff: 5, Sum: 125]
      [Scan RS (ms): Min: 18.1, Avg: 18.4, Max: 19.1, Diff: 1.0, Sum: 147.3]
      [Code Root Scanning (ms): Min: 0.0, Avg: 0.0, Max: 0.0, Diff: 0.0, Sum: 0.0]
      [Object Copy (ms): Min: 144.4, Avg: 145.3, Max: 145.5, Diff: 1.1, Sum: 1162.6]
      [Termination (ms): Min: 0.0, Avg: 0.0, Max: 0.0, Diff: 0.0, Sum: 0.2]
         [Termination Attempts: Min: 1, Avg: 161.1, Max: 202, Diff: 201, Sum: 1289]
      [GC Worker Other (ms): Min: 0.0, Avg: 0.1, Max: 0.1, Diff: 0.1, Sum: 0.6]
      [GC Worker Total (ms): Min: 176.3, Avg: 176.6, Max: 176.7, Diff: 0.3, Sum: 1412.6]
      [GC Worker End (ms): Min: 123995.7, Avg: 123995.8, Max: 123995.8, Diff: 0.1]
   [Code Root Fixup: 0.0 ms]
   [Code Root Purge: 0.0 ms]
   [Clear CT: 0.1 ms]
   [Other: 1.0 ms]
      [Choose CSet: 0.0 ms]
      [Ref Proc: 0.1 ms]
      [Ref Enq: 0.0 ms]
      [Redirty Cards: 0.2 ms]
      [Humongous Register: 0.1 ms]
      [Humongous Reclaim: 0.0 ms]
      [Free CSet: 0.3 ms]
   [Eden: 295.0M(295.0M)->0.0B(287.0M) Survivors: 42.0M->43.0M Heap: 726.0M(2048.0M)->727.5M(2048.0M)]
 [Times: user=1.36 sys=0.00, real=0.18 secs] 
2020-09-29T12:29:12.834+0200: 124.160: [GC pause (G1 Evacuation Pause) (young), 0.1635454 secs]
   [Parallel Time: 162.4 ms, GC Workers: 8]
      [GC Worker Start (ms): Min: 124160.4, Avg: 124160.5, Max: 124160.6, Diff: 0.2]
      [Ext Root Scanning (ms): Min: 0.0, Avg: 0.1, Max: 0.2, Diff: 0.1, Sum: 0.4]
      [Update RS (ms): Min: 17.5, Avg: 17.7, Max: 18.1, Diff: 0.6, Sum: 141.3]
         [Processed Buffers: Min: 18, Avg: 21.3, Max: 25, Diff: 7, Sum: 170]
      [Scan RS (ms): Min: 13.5, Avg: 14.0, Max: 14.1, Diff: 0.5, Sum: 111.8]
      [Code Root Scanning (ms): Min: 0.0, Avg: 0.0, Max: 0.0, Diff: 0.0, Sum: 0.0]
      [Object Copy (ms): Min: 130.4, Avg: 130.4, Max: 130.4, Diff: 0.1, Sum: 1043.2]
      [Termination (ms): Min: 0.0, Avg: 0.1, Max: 0.1, Diff: 0.1, Sum: 0.4]
         [Termination Attempts: Min: 1, Avg: 393.5, Max: 502, Diff: 501, Sum: 3148]
      [GC Worker Other (ms): Min: 0.0, Avg: 0.0, Max: 0.1, Diff: 0.1, Sum: 0.4]
      [GC Worker Total (ms): Min: 162.1, Avg: 162.2, Max: 162.3, Diff: 0.2, Sum: 1297.6]
      [GC Worker End (ms): Min: 124322.7, Avg: 124322.7, Max: 124322.8, Diff: 0.1]
   [Code Root Fixup: 0.0 ms]
   [Code Root Purge: 0.0 ms]
   [Clear CT: 0.2 ms]
   [Other: 0.9 ms]
      [Choose CSet: 0.0 ms]
      [Ref Proc: 0.2 ms]
      [Ref Enq: 0.0 ms]
      [Redirty Cards: 0.2 ms]
      [Humongous Register: 0.0 ms]
      [Humongous Reclaim: 0.0 ms]
      [Free CSet: 0.3 ms]
   [Eden: 287.0M(287.0M)->0.0B(296.0M) Survivors: 43.0M->42.0M Heap: 1062.2M(2048.0M)->1064.7M(2048.0M)]
 [Times: user=1.22 sys=0.03, real=0.16 secs] 
2020-09-29T12:29:13.008+0200: 124.334: [GC pause (G1 Humongous Allocation) (young) (initial-mark), 0.0536434 secs]
   [Parallel Time: 52.9 ms, GC Workers: 8]
      [GC Worker Start (ms): Min: 124334.5, Avg: 124334.6, Max: 124334.7, Diff: 0.2]
      [Ext Root Scanning (ms): Min: 0.0, Avg: 0.2, Max: 0.3, Diff: 0.3, Sum: 1.3]
      [Update RS (ms): Min: 30.4, Avg: 30.8, Max: 31.6, Diff: 1.2, Sum: 246.4]
         [Processed Buffers: Min: 37, Avg: 37.9, Max: 39, Diff: 2, Sum: 303]
      [Scan RS (ms): Min: 1.7, Avg: 2.5, Max: 2.8, Diff: 1.1, Sum: 20.2]
      [Code Root Scanning (ms): Min: 0.0, Avg: 0.0, Max: 0.0, Diff: 0.0, Sum: 0.0]
      [Object Copy (ms): Min: 19.2, Avg: 19.2, Max: 19.3, Diff: 0.1, Sum: 153.8]
      [Termination (ms): Min: 0.0, Avg: 0.0, Max: 0.0, Diff: 0.0, Sum: 0.0]
         [Termination Attempts: Min: 1, Avg: 1.6, Max: 3, Diff: 2, Sum: 13]
      [GC Worker Other (ms): Min: 0.0, Avg: 0.0, Max: 0.1, Diff: 0.0, Sum: 0.2]
      [GC Worker Total (ms): Min: 52.7, Avg: 52.7, Max: 52.8, Diff: 0.2, Sum: 421.9]
      [GC Worker End (ms): Min: 124387.3, Avg: 124387.4, Max: 124387.4, Diff: 0.0]
   [Code Root Fixup: 0.0 ms]
   [Code Root Purge: 0.0 ms]
   [Clear CT: 0.1 ms]
   [Other: 0.6 ms]
      [Choose CSet: 0.0 ms]
      [Ref Proc: 0.2 ms]
      [Ref Enq: 0.0 ms]
      [Redirty Cards: 0.1 ms]
      [Humongous Register: 0.0 ms]
      [Humongous Reclaim: 0.0 ms]
      [Free CSet: 0.1 ms]
   [Eden: 7168.0K(296.0M)->0.0B(342.0M) Survivors: 42.0M->8192.0K Heap: 1071.2M(2048.0M)->1074.7M(2048.0M)]
 [Times: user=0.38 sys=0.00, real=0.05 secs] 
2020-09-29T12:29:13.062+0200: 124.388: [GC concurrent-root-region-scan-start]
2020-09-29T12:29:13.063+0200: 124.389: [GC concurrent-root-region-scan-end, 0.0011806 secs]
2020-09-29T12:29:13.063+0200: 124.389: [GC concurrent-mark-start]
2020-09-29T12:29:13.065+0200: 124.392: [GC concurrent-mark-end, 0.0023418 secs]
2020-09-29T12:29:13.065+0200: 124.392: [GC remark 2020-09-29T12:29:13.065+0200: 124.392: [Finalize Marking, 0.0001345 secs] 2020-09-29T12:29:13.066+0200: 124.392: [GC ref-proc, 0.0002734 secs] 2020-09-29T12:29:13.066+0200: 124.392: [Unloading, 0.0004656 secs], 0.0012381 secs]
 [Times: user=0.11 sys=0.00, real=0.00 secs] 
2020-09-29T12:29:13.067+0200: 124.394: [GC cleanup 1084M->27M(2048M), 0.0010999 secs]
 [Times: user=0.00 sys=0.00, real=0.00 secs] 
2020-09-29T12:29:13.068+0200: 124.395: [GC concurrent-cleanup-start]
2020-09-29T12:29:13.069+0200: 124.396: [GC concurrent-cleanup-end, 0.0012047 secs]
2020-09-29T12:29:13.239+0200: 124.566: [GC pause (G1 Evacuation Pause) (young), 0.1690854 secs]
   [Parallel Time: 168.2 ms, GC Workers: 8]
      [GC Worker Start (ms): Min: 124566.0, Avg: 124566.0, Max: 124566.1, Diff: 0.1]
      [Ext Root Scanning (ms): Min: 0.0, Avg: 0.1, Max: 0.1, Diff: 0.1, Sum: 0.6]
      [Update RS (ms): Min: 12.9, Avg: 13.2, Max: 13.5, Diff: 0.6, Sum: 105.5]
         [Processed Buffers: Min: 15, Avg: 15.8, Max: 17, Diff: 2, Sum: 126]
      [Scan RS (ms): Min: 16.8, Avg: 17.4, Max: 19.3, Diff: 2.5, Sum: 139.2]
      [Code Root Scanning (ms): Min: 0.0, Avg: 0.0, Max: 0.0, Diff: 0.0, Sum: 0.0]
      [Object Copy (ms): Min: 135.7, Avg: 137.1, Max: 137.4, Diff: 1.7, Sum: 1096.8]
      [Termination (ms): Min: 0.0, Avg: 0.2, Max: 0.2, Diff: 0.2, Sum: 1.4]
         [Termination Attempts: Min: 1, Avg: 1297.9, Max: 1670, Diff: 1669, Sum: 10383]
      [GC Worker Other (ms): Min: 0.0, Avg: 0.0, Max: 0.1, Diff: 0.1, Sum: 0.4]
      [GC Worker Total (ms): Min: 167.9, Avg: 168.0, Max: 168.1, Diff: 0.1, Sum: 1343.9]
      [GC Worker End (ms): Min: 124734.0, Avg: 124734.0, Max: 124734.0, Diff: 0.1]
   [Code Root Fixup: 0.0 ms]
   [Code Root Purge: 0.0 ms]
   [Clear CT: 0.2 ms]
   [Other: 0.7 ms]
      [Choose CSet: 0.0 ms]
      [Ref Proc: 0.1 ms]
      [Ref Enq: 0.0 ms]
      [Redirty Cards: 0.1 ms]
      [Humongous Register: 0.0 ms]
      [Humongous Reclaim: 0.0 ms]
      [Free CSet: 0.2 ms]
   [Eden: 342.0M(342.0M)->0.0B(313.0M) Survivors: 8192.0K->44.0M Heap: 416.7M(2048.0M)->411.2M(2048.0M)]
 [Times: user=1.20 sys=0.03, real=0.17 secs] 
2020-09-29T12:29:13.572+0200: 124.899: [GC pause (G1 Evacuation Pause) (young), 0.1701751 secs]
   [Parallel Time: 168.9 ms, GC Workers: 8]
      [GC Worker Start (ms): Min: 124899.2, Avg: 124899.2, Max: 124899.3, Diff: 0.1]
      [Ext Root Scanning (ms): Min: 0.0, Avg: 0.1, Max: 0.1, Diff: 0.1, Sum: 0.6]
      [Update RS (ms): Min: 20.5, Avg: 20.6, Max: 20.8, Diff: 0.3, Sum: 164.9]
         [Processed Buffers: Min: 24, Avg: 25.6, Max: 29, Diff: 5, Sum: 205]
      [Scan RS (ms): Min: 14.9, Avg: 15.1, Max: 15.2, Diff: 0.3, Sum: 120.8]
      [Code Root Scanning (ms): Min: 0.0, Avg: 0.0, Max: 0.0, Diff: 0.0, Sum: 0.0]
      [Object Copy (ms): Min: 132.7, Avg: 132.9, Max: 132.9, Diff: 0.2, Sum: 1062.9]
      [Termination (ms): Min: 0.0, Avg: 0.0, Max: 0.0, Diff: 0.0, Sum: 0.3]
         [Termination Attempts: Min: 1, Avg: 236.4, Max: 295, Diff: 294, Sum: 1891]
      [GC Worker Other (ms): Min: 0.0, Avg: 0.0, Max: 0.1, Diff: 0.1, Sum: 0.4]
      [GC Worker Total (ms): Min: 168.7, Avg: 168.7, Max: 168.8, Diff: 0.1, Sum: 1349.9]
      [GC Worker End (ms): Min: 125067.9, Avg: 125067.9, Max: 125068.0, Diff: 0.1]
   [Code Root Fixup: 0.0 ms]
   [Code Root Purge: 0.0 ms]
   [Clear CT: 0.2 ms]
   [Other: 1.1 ms]
      [Choose CSet: 0.0 ms]
      [Ref Proc: 0.2 ms]
      [Ref Enq: 0.0 ms]
      [Redirty Cards: 0.2 ms]
      [Humongous Register: 0.0 ms]
      [Humongous Reclaim: 0.0 ms]
      [Free CSet: 0.3 ms]
   [Eden: 313.0M(313.0M)->0.0B(315.0M) Survivors: 44.0M->45.0M Heap: 777.6M(2048.0M)->780.1M(2048.0M)]
 [Times: user=1.38 sys=0.00, real=0.17 secs] 
2020-09-29T12:29:13.918+0200: 125.245: [GC pause (G1 Evacuation Pause) (young), 0.1964522 secs]
   [Parallel Time: 195.3 ms, GC Workers: 8]
      [GC Worker Start (ms): Min: 125244.8, Avg: 125244.9, Max: 125244.9, Diff: 0.1]
      [Ext Root Scanning (ms): Min: 0.0, Avg: 0.1, Max: 0.1, Diff: 0.1, Sum: 0.5]
      [Update RS (ms): Min: 13.8, Avg: 14.1, Max: 14.4, Diff: 0.7, Sum: 113.2]
         [Processed Buffers: Min: 16, Avg: 16.9, Max: 18, Diff: 2, Sum: 135]
      [Scan RS (ms): Min: 17.9, Avg: 18.2, Max: 18.6, Diff: 0.7, Sum: 145.6]
      [Code Root Scanning (ms): Min: 0.0, Avg: 0.0, Max: 0.0, Diff: 0.0, Sum: 0.0]
      [Object Copy (ms): Min: 161.0, Avg: 161.9, Max: 162.5, Diff: 1.6, Sum: 1295.2]
      [Termination (ms): Min: 0.0, Avg: 0.6, Max: 1.4, Diff: 1.4, Sum: 4.6]
         [Termination Attempts: Min: 1, Avg: 2809.9, Max: 3524, Diff: 3523, Sum: 22479]
      [GC Worker Other (ms): Min: 0.0, Avg: 0.2, Max: 0.3, Diff: 0.3, Sum: 1.4]
      [GC Worker Total (ms): Min: 194.9, Avg: 195.1, Max: 195.2, Diff: 0.4, Sum: 1560.5]
      [GC Worker End (ms): Min: 125439.8, Avg: 125439.9, Max: 125440.0, Diff: 0.3]
   [Code Root Fixup: 0.0 ms]
   [Code Root Purge: 0.0 ms]
   [Clear CT: 0.2 ms]
   [Other: 1.0 ms]
      [Choose CSet: 0.0 ms]
      [Ref Proc: 0.2 ms]
      [Ref Enq: 0.0 ms]
      [Redirty Cards: 0.2 ms]
      [Humongous Register: 0.1 ms]
      [Humongous Reclaim: 0.0 ms]
      [Free CSet: 0.3 ms]
   [Eden: 315.0M(315.0M)->0.0B(294.0M) Survivors: 45.0M->45.0M Heap: 1146.6M(2048.0M)->1148.6M(2048.0M)]
 [Times: user=1.45 sys=0.03, real=0.20 secs] 
2020-09-29T12:29:14.116+0200: 125.443: [GC pause (G1 Humongous Allocation) (young) (initial-mark), 0.0698867 secs]
   [Parallel Time: 69.1 ms, GC Workers: 8]
      [GC Worker Start (ms): Min: 125443.0, Avg: 125443.0, Max: 125443.1, Diff: 0.1]
      [Ext Root Scanning (ms): Min: 0.0, Avg: 0.1, Max: 0.2, Diff: 0.2, Sum: 1.0]
      [Update RS (ms): Min: 47.4, Avg: 47.6, Max: 48.0, Diff: 0.6, Sum: 380.7]
         [Processed Buffers: Min: 55, Avg: 59.9, Max: 62, Diff: 7, Sum: 479]
      [Scan RS (ms): Min: 0.0, Avg: 0.1, Max: 0.2, Diff: 0.2, Sum: 0.6]
      [Code Root Scanning (ms): Min: 0.0, Avg: 0.0, Max: 0.0, Diff: 0.0, Sum: 0.0]
      [Object Copy (ms): Min: 20.8, Avg: 21.1, Max: 21.2, Diff: 0.4, Sum: 168.9]
      [Termination (ms): Min: 0.0, Avg: 0.1, Max: 0.1, Diff: 0.1, Sum: 0.4]
         [Termination Attempts: Min: 1, Avg: 339.9, Max: 490, Diff: 489, Sum: 2719]
      [GC Worker Other (ms): Min: 0.0, Avg: 0.0, Max: 0.0, Diff: 0.0, Sum: 0.2]
      [GC Worker Total (ms): Min: 68.9, Avg: 69.0, Max: 69.0, Diff: 0.2, Sum: 551.8]
      [GC Worker End (ms): Min: 125512.0, Avg: 125512.0, Max: 125512.0, Diff: 0.0]
   [Code Root Fixup: 0.0 ms]
   [Code Root Purge: 0.0 ms]
   [Clear CT: 0.1 ms]
   [Other: 0.6 ms]
      [Choose CSet: 0.0 ms]
      [Ref Proc: 0.2 ms]
      [Ref Enq: 0.0 ms]
      [Redirty Cards: 0.1 ms]
      [Humongous Register: 0.0 ms]
      [Humongous Reclaim: 0.0 ms]
      [Free CSet: 0.1 ms]
   [Eden: 3072.0K(294.0M)->0.0B(317.0M) Survivors: 45.0M->4096.0K Heap: 1151.6M(2048.0M)->1154.1M(2048.0M)]
 [Times: user=0.48 sys=0.00, real=0.07 secs] 
2020-09-29T12:29:14.186+0200: 125.513: [GC concurrent-root-region-scan-start]
2020-09-29T12:29:14.187+0200: 125.514: [GC concurrent-root-region-scan-end, 0.0009414 secs]
2020-09-29T12:29:14.187+0200: 125.514: [GC concurrent-mark-start]
2020-09-29T12:29:14.189+0200: 125.516: [GC concurrent-mark-end, 0.0023074 secs]
2020-09-29T12:29:14.190+0200: 125.516: [GC remark 2020-09-29T12:29:14.190+0200: 125.516: [Finalize Marking, 0.0001932 secs] 2020-09-29T12:29:14.190+0200: 125.516: [GC ref-proc, 0.0002907 secs] 2020-09-29T12:29:14.190+0200: 125.517: [Unloading, 0.0004177 secs], 0.0018129 secs]
 [Times: user=0.00 sys=0.00, real=0.00 secs] 
2020-09-29T12:29:14.192+0200: 125.519: [GC cleanup 1163M->22M(2048M), 0.0037294 secs]
 [Times: user=0.00 sys=0.00, real=0.00 secs] 
2020-09-29T12:29:14.196+0200: 125.523: [GC concurrent-cleanup-start]
2020-09-29T12:29:14.197+0200: 125.524: [GC concurrent-cleanup-end, 0.0013271 secs]
2020-09-29T12:29:14.366+0200: 125.692: [GC pause (G1 Evacuation Pause) (young), 0.1576145 secs]
   [Parallel Time: 156.4 ms, GC Workers: 8]
      [GC Worker Start (ms): Min: 125692.6, Avg: 125692.7, Max: 125692.8, Diff: 0.2]
      [Ext Root Scanning (ms): Min: 0.0, Avg: 0.1, Max: 0.2, Diff: 0.2, Sum: 0.4]
      [Update RS (ms): Min: 16.0, Avg: 16.2, Max: 16.4, Diff: 0.4, Sum: 129.3]
         [Processed Buffers: Min: 17, Avg: 17.6, Max: 19, Diff: 2, Sum: 141]
      [Scan RS (ms): Min: 15.6, Avg: 16.1, Max: 17.5, Diff: 1.9, Sum: 128.8]
      [Code Root Scanning (ms): Min: 0.0, Avg: 0.0, Max: 0.0, Diff: 0.0, Sum: 0.0]
      [Object Copy (ms): Min: 122.3, Avg: 123.7, Max: 124.1, Diff: 1.8, Sum: 989.9]
      [Termination (ms): Min: 0.0, Avg: 0.1, Max: 0.2, Diff: 0.2, Sum: 0.8]
         [Termination Attempts: Min: 1, Avg: 703.8, Max: 1026, Diff: 1025, Sum: 5630]
      [GC Worker Other (ms): Min: 0.0, Avg: 0.0, Max: 0.1, Diff: 0.1, Sum: 0.3]
      [GC Worker Total (ms): Min: 156.1, Avg: 156.2, Max: 156.3, Diff: 0.2, Sum: 1249.6]
      [GC Worker End (ms): Min: 125848.9, Avg: 125848.9, Max: 125848.9, Diff: 0.1]
   [Code Root Fixup: 0.0 ms]
   [Code Root Purge: 0.0 ms]
   [Clear CT: 0.2 ms]
   [Other: 1.0 ms]
      [Choose CSet: 0.0 ms]
      [Ref Proc: 0.3 ms]
      [Ref Enq: 0.0 ms]
      [Redirty Cards: 0.2 ms]
      [Humongous Register: 0.0 ms]
      [Humongous Reclaim: 0.0 ms]
      [Free CSet: 0.2 ms]
   [Eden: 317.0M(317.0M)->0.0B(295.0M) Survivors: 4096.0K->41.0M Heap: 384.4M(2048.0M)->381.9M(2048.0M)]
 [Times: user=1.24 sys=0.00, real=0.16 secs] 
2020-09-29T12:29:14.695+0200: 126.022: [GC pause (G1 Evacuation Pause) (young), 0.1627254 secs]
   [Parallel Time: 161.4 ms, GC Workers: 8]
      [GC Worker Start (ms): Min: 126022.1, Avg: 126022.2, Max: 126022.3, Diff: 0.2]
      [Ext Root Scanning (ms): Min: 0.0, Avg: 0.1, Max: 0.2, Diff: 0.2, Sum: 0.6]
      [Update RS (ms): Min: 22.9, Avg: 23.0, Max: 23.4, Diff: 0.5, Sum: 184.2]
         [Processed Buffers: Min: 22, Avg: 23.8, Max: 27, Diff: 5, Sum: 190]
      [Scan RS (ms): Min: 14.3, Avg: 14.6, Max: 14.8, Diff: 0.5, Sum: 117.1]
      [Code Root Scanning (ms): Min: 0.0, Avg: 0.0, Max: 0.0, Diff: 0.0, Sum: 0.0]
      [Object Copy (ms): Min: 123.3, Avg: 123.4, Max: 123.4, Diff: 0.1, Sum: 987.1]
      [Termination (ms): Min: 0.0, Avg: 0.0, Max: 0.0, Diff: 0.0, Sum: 0.2]
         [Termination Attempts: Min: 1, Avg: 193.9, Max: 252, Diff: 251, Sum: 1551]
      [GC Worker Other (ms): Min: 0.0, Avg: 0.1, Max: 0.1, Diff: 0.1, Sum: 0.5]
      [GC Worker Total (ms): Min: 161.1, Avg: 161.2, Max: 161.3, Diff: 0.2, Sum: 1289.8]
      [GC Worker End (ms): Min: 126183.4, Avg: 126183.4, Max: 126183.5, Diff: 0.1]
   [Code Root Fixup: 0.0 ms]
   [Code Root Purge: 0.0 ms]
   [Clear CT: 0.2 ms]
   [Other: 1.1 ms]
      [Choose CSet: 0.0 ms]
      [Ref Proc: 0.2 ms]
      [Ref Enq: 0.0 ms]
      [Redirty Cards: 0.3 ms]
      [Humongous Register: 0.0 ms]
      [Humongous Reclaim: 0.0 ms]
      [Free CSet: 0.4 ms]
   [Eden: 295.0M(295.0M)->0.0B(299.0M) Survivors: 41.0M->42.0M Heap: 726.5M(2048.0M)->728.5M(2048.0M)]
 [Times: user=1.24 sys=0.02, real=0.16 secs] 
2020-09-29T12:29:15.029+0200: 126.356: [GC pause (G1 Evacuation Pause) (young), 0.1693299 secs]
   [Parallel Time: 167.7 ms, GC Workers: 8]
      [GC Worker Start (ms): Min: 126356.6, Avg: 126356.7, Max: 126356.8, Diff: 0.2]
      [Ext Root Scanning (ms): Min: 0.0, Avg: 0.1, Max: 0.2, Diff: 0.2, Sum: 0.4]
      [Update RS (ms): Min: 14.9, Avg: 15.1, Max: 15.5, Diff: 0.7, Sum: 120.5]
         [Processed Buffers: Min: 15, Avg: 16.4, Max: 18, Diff: 3, Sum: 131]
      [Scan RS (ms): Min: 18.7, Avg: 19.0, Max: 19.2, Diff: 0.5, Sum: 152.4]
      [Code Root Scanning (ms): Min: 0.0, Avg: 0.0, Max: 0.0, Diff: 0.0, Sum: 0.0]
      [Object Copy (ms): Min: 133.0, Avg: 133.1, Max: 133.2, Diff: 0.2, Sum: 1065.0]
      [Termination (ms): Min: 0.0, Avg: 0.1, Max: 0.1, Diff: 0.1, Sum: 0.7]
         [Termination Attempts: Min: 1, Avg: 623.9, Max: 762, Diff: 761, Sum: 4991]
      [GC Worker Other (ms): Min: 0.0, Avg: 0.0, Max: 0.1, Diff: 0.1, Sum: 0.4]
      [GC Worker Total (ms): Min: 167.3, Avg: 167.4, Max: 167.6, Diff: 0.2, Sum: 1339.4]
      [GC Worker End (ms): Min: 126524.1, Avg: 126524.1, Max: 126524.2, Diff: 0.1]
   [Code Root Fixup: 0.0 ms]
   [Code Root Purge: 0.0 ms]
   [Clear CT: 0.4 ms]
   [Other: 1.3 ms]
      [Choose CSet: 0.0 ms]
      [Ref Proc: 0.2 ms]
      [Ref Enq: 0.0 ms]
      [Redirty Cards: 0.5 ms]
      [Humongous Register: 0.0 ms]
      [Humongous Reclaim: 0.0 ms]
      [Free CSet: 0.4 ms]
   [Eden: 299.0M(299.0M)->0.0B(298.0M) Survivors: 42.0M->43.0M Heap: 1077.1M(2048.0M)->1079.1M(2048.0M)]
 [Times: user=1.36 sys=0.02, real=0.17 secs] 
2020-09-29T12:29:15.211+0200: 126.538: [GC pause (G1 Humongous Allocation) (young) (initial-mark), 0.0538062 secs]
   [Parallel Time: 52.7 ms, GC Workers: 8]
      [GC Worker Start (ms): Min: 126538.1, Avg: 126538.1, Max: 126538.2, Diff: 0.2]
      [Ext Root Scanning (ms): Min: 0.0, Avg: 0.3, Max: 1.4, Diff: 1.4, Sum: 2.7]
      [Update RS (ms): Min: 28.2, Avg: 29.1, Max: 29.5, Diff: 1.3, Sum: 233.1]
         [Processed Buffers: Min: 33, Avg: 36.6, Max: 39, Diff: 6, Sum: 293]
      [Scan RS (ms): Min: 2.1, Avg: 2.5, Max: 2.8, Diff: 0.7, Sum: 20.3]
      [Code Root Scanning (ms): Min: 0.0, Avg: 0.0, Max: 0.0, Diff: 0.0, Sum: 0.0]
      [Object Copy (ms): Min: 20.3, Avg: 20.4, Max: 20.4, Diff: 0.1, Sum: 163.0]
      [Termination (ms): Min: 0.0, Avg: 0.1, Max: 0.1, Diff: 0.1, Sum: 0.4]
         [Termination Attempts: Min: 1, Avg: 368.8, Max: 446, Diff: 445, Sum: 2950]
      [GC Worker Other (ms): Min: 0.0, Avg: 0.0, Max: 0.0, Diff: 0.0, Sum: 0.1]
      [GC Worker Total (ms): Min: 52.4, Avg: 52.5, Max: 52.5, Diff: 0.2, Sum: 419.7]
      [GC Worker End (ms): Min: 126590.6, Avg: 126590.6, Max: 126590.6, Diff: 0.0]
   [Code Root Fixup: 0.0 ms]
   [Code Root Purge: 0.0 ms]
   [Clear CT: 0.2 ms]
   [Other: 1.0 ms]
      [Choose CSet: 0.0 ms]
      [Ref Proc: 0.3 ms]
      [Ref Enq: 0.0 ms]
      [Redirty Cards: 0.4 ms]
      [Humongous Register: 0.1 ms]
      [Humongous Reclaim: 0.0 ms]
      [Free CSet: 0.1 ms]
   [Eden: 5120.0K(298.0M)->0.0B(346.0M) Survivors: 43.0M->7168.0K Heap: 1084.1M(2048.0M)->1088.6M(2048.0M)]
 [Times: user=0.38 sys=0.00, real=0.05 secs] 
2020-09-29T12:29:15.265+0200: 126.592: [GC concurrent-root-region-scan-start]
2020-09-29T12:29:15.266+0200: 126.593: [GC concurrent-root-region-scan-end, 0.0016696 secs]
2020-09-29T12:29:15.266+0200: 126.593: [GC concurrent-mark-start]
2020-09-29T12:29:15.270+0200: 126.597: [GC concurrent-mark-end, 0.0037155 secs]
2020-09-29T12:29:15.271+0200: 126.598: [GC remark 2020-09-29T12:29:15.272+0200: 126.599: [Finalize Marking, 0.0002705 secs] 2020-09-29T12:29:15.272+0200: 126.599: [GC ref-proc, 0.0003110 secs] 2020-09-29T12:29:15.273+0200: 126.600: [Unloading, 0.0005391 secs], 0.0022739 secs]
 [Times: user=0.00 sys=0.00, real=0.00 secs] 
2020-09-29T12:29:15.274+0200: 126.601: [GC cleanup 1101M->29M(2048M), 0.0011564 secs]
 [Times: user=0.00 sys=0.00, real=0.00 secs] 
2020-09-29T12:29:15.275+0200: 126.602: [GC concurrent-cleanup-start]
2020-09-29T12:29:15.277+0200: 126.604: [GC concurrent-cleanup-end, 0.0014858 secs]
2020-09-29T12:29:15.450+0200: 126.777: [GC pause (G1 Evacuation Pause) (young), 0.1660529 secs]
   [Parallel Time: 164.8 ms, GC Workers: 8]
      [GC Worker Start (ms): Min: 126777.5, Avg: 126777.6, Max: 126777.7, Diff: 0.2]
      [Ext Root Scanning (ms): Min: 0.0, Avg: 0.1, Max: 0.2, Diff: 0.2, Sum: 0.5]
      [Update RS (ms): Min: 14.7, Avg: 14.8, Max: 15.3, Diff: 0.6, Sum: 118.8]
         [Processed Buffers: Min: 16, Avg: 18.4, Max: 21, Diff: 5, Sum: 147]
      [Scan RS (ms): Min: 16.4, Avg: 16.8, Max: 17.1, Diff: 0.7, Sum: 134.8]
      [Code Root Scanning (ms): Min: 0.0, Avg: 0.0, Max: 0.0, Diff: 0.0, Sum: 0.0]
      [Object Copy (ms): Min: 132.5, Avg: 132.6, Max: 132.7, Diff: 0.1, Sum: 1061.1]
      [Termination (ms): Min: 0.0, Avg: 0.1, Max: 0.1, Diff: 0.1, Sum: 0.6]
         [Termination Attempts: Min: 1, Avg: 511.4, Max: 632, Diff: 631, Sum: 4091]
      [GC Worker Other (ms): Min: 0.0, Avg: 0.1, Max: 0.1, Diff: 0.1, Sum: 0.5]
      [GC Worker Total (ms): Min: 164.4, Avg: 164.5, Max: 164.7, Diff: 0.2, Sum: 1316.2]
      [GC Worker End (ms): Min: 126942.1, Avg: 126942.1, Max: 126942.2, Diff: 0.1]
   [Code Root Fixup: 0.0 ms]
   [Code Root Purge: 0.0 ms]
   [Clear CT: 0.2 ms]
   [Other: 1.1 ms]
      [Choose CSet: 0.0 ms]
      [Ref Proc: 0.2 ms]
      [Ref Enq: 0.0 ms]
      [Redirty Cards: 0.2 ms]
      [Humongous Register: 0.0 ms]
      [Humongous Reclaim: 0.0 ms]
      [Free CSet: 0.3 ms]
   [Eden: 346.0M(346.0M)->0.0B(320.0M) Survivors: 7168.0K->45.0M Heap: 422.1M(2048.0M)->416.6M(2048.0M)]
 [Times: user=1.38 sys=0.00, real=0.17 secs] 
2020-09-29T12:29:15.799+0200: 127.126: [GC pause (G1 Evacuation Pause) (young), 0.1777206 secs]
   [Parallel Time: 176.5 ms, GC Workers: 8]
      [GC Worker Start (ms): Min: 127125.9, Avg: 127126.0, Max: 127126.1, Diff: 0.2]
      [Ext Root Scanning (ms): Min: 0.0, Avg: 0.1, Max: 0.2, Diff: 0.2, Sum: 0.5]
      [Update RS (ms): Min: 16.2, Avg: 16.2, Max: 16.2, Diff: 0.1, Sum: 129.6]
         [Processed Buffers: Min: 17, Avg: 19.5, Max: 23, Diff: 6, Sum: 156]
      [Scan RS (ms): Min: 17.7, Avg: 17.8, Max: 17.9, Diff: 0.1, Sum: 142.3]
      [Code Root Scanning (ms): Min: 0.0, Avg: 0.0, Max: 0.0, Diff: 0.0, Sum: 0.0]
      [Object Copy (ms): Min: 142.0, Avg: 142.1, Max: 142.1, Diff: 0.1, Sum: 1136.7]
      [Termination (ms): Min: 0.0, Avg: 0.1, Max: 0.1, Diff: 0.1, Sum: 0.4]
         [Termination Attempts: Min: 1, Avg: 414.0, Max: 523, Diff: 522, Sum: 3312]
      [GC Worker Other (ms): Min: 0.0, Avg: 0.0, Max: 0.1, Diff: 0.1, Sum: 0.3]
      [GC Worker Total (ms): Min: 176.1, Avg: 176.2, Max: 176.3, Diff: 0.2, Sum: 1409.8]
      [GC Worker End (ms): Min: 127302.2, Avg: 127302.2, Max: 127302.2, Diff: 0.1]
   [Code Root Fixup: 0.0 ms]
   [Code Root Purge: 0.0 ms]
   [Clear CT: 0.2 ms]
   [Other: 1.1 ms]
      [Choose CSet: 0.0 ms]
      [Ref Proc: 0.2 ms]
      [Ref Enq: 0.0 ms]
      [Redirty Cards: 0.3 ms]
      [Humongous Register: 0.0 ms]
      [Humongous Reclaim: 0.0 ms]
      [Free CSet: 0.3 ms]
   [Eden: 320.0M(320.0M)->0.0B(315.0M) Survivors: 45.0M->46.0M Heap: 790.0M(2048.0M)->792.5M(2048.0M)]
 [Times: user=1.47 sys=0.02, real=0.18 secs] 
2020-09-29T12:29:16.151+0200: 127.478: [GC pause (G1 Evacuation Pause) (young), 0.1783061 secs]
   [Parallel Time: 177.1 ms, GC Workers: 8]
      [GC Worker Start (ms): Min: 127478.0, Avg: 127478.1, Max: 127478.1, Diff: 0.2]
      [Ext Root Scanning (ms): Min: 0.0, Avg: 0.0, Max: 0.2, Diff: 0.2, Sum: 0.4]
      [Update RS (ms): Min: 21.0, Avg: 21.2, Max: 21.5, Diff: 0.5, Sum: 169.2]
         [Processed Buffers: Min: 23, Avg: 24.8, Max: 26, Diff: 3, Sum: 198]
      [Scan RS (ms): Min: 14.8, Avg: 15.3, Max: 15.5, Diff: 0.6, Sum: 122.1]
      [Code Root Scanning (ms): Min: 0.0, Avg: 0.0, Max: 0.0, Diff: 0.0, Sum: 0.0]
      [Object Copy (ms): Min: 140.2, Avg: 140.4, Max: 140.5, Diff: 0.3, Sum: 1123.0]
      [Termination (ms): Min: 0.0, Avg: 0.0, Max: 0.1, Diff: 0.1, Sum: 0.4]
         [Termination Attempts: Min: 1, Avg: 316.4, Max: 418, Diff: 417, Sum: 2531]
      [GC Worker Other (ms): Min: 0.0, Avg: 0.1, Max: 0.1, Diff: 0.1, Sum: 0.6]
      [GC Worker Total (ms): Min: 176.9, Avg: 177.0, Max: 177.1, Diff: 0.2, Sum: 1415.8]
      [GC Worker End (ms): Min: 127655.0, Avg: 127655.0, Max: 127655.1, Diff: 0.1]
   [Code Root Fixup: 0.0 ms]
   [Code Root Purge: 0.0 ms]
   [Clear CT: 0.2 ms]
   [Other: 1.0 ms]
      [Choose CSet: 0.0 ms]
      [Ref Proc: 0.2 ms]
      [Ref Enq: 0.0 ms]
      [Redirty Cards: 0.2 ms]
      [Humongous Register: 0.0 ms]
      [Humongous Reclaim: 0.0 ms]
      [Free CSet: 0.3 ms]
   [Eden: 315.0M(315.0M)->0.0B(314.0M) Survivors: 46.0M->46.0M Heap: 1159.0M(2048.0M)->1161.0M(2048.0M)]
 [Times: user=1.36 sys=0.01, real=0.18 secs] 
2020-09-29T12:29:16.342+0200: 127.669: [GC pause (G1 Humongous Allocation) (young) (initial-mark), 0.0528649 secs]
   [Parallel Time: 51.9 ms, GC Workers: 8]
      [GC Worker Start (ms): Min: 127669.5, Avg: 127669.5, Max: 127669.6, Diff: 0.1]
      [Ext Root Scanning (ms): Min: 0.0, Avg: 0.1, Max: 0.1, Diff: 0.1, Sum: 0.7]
      [Update RS (ms): Min: 28.1, Avg: 28.3, Max: 28.5, Diff: 0.4, Sum: 226.4]
         [Processed Buffers: Min: 33, Avg: 36.3, Max: 38, Diff: 5, Sum: 290]
      [Scan RS (ms): Min: 2.6, Avg: 2.9, Max: 3.3, Diff: 0.7, Sum: 22.9]
      [Code Root Scanning (ms): Min: 0.0, Avg: 0.0, Max: 0.0, Diff: 0.0, Sum: 0.0]
      [Object Copy (ms): Min: 20.2, Avg: 20.5, Max: 20.5, Diff: 0.3, Sum: 163.6]
      [Termination (ms): Min: 0.0, Avg: 0.0, Max: 0.0, Diff: 0.0, Sum: 0.1]
         [Termination Attempts: Min: 1, Avg: 87.3, Max: 121, Diff: 120, Sum: 698]
      [GC Worker Other (ms): Min: 0.0, Avg: 0.0, Max: 0.1, Diff: 0.0, Sum: 0.2]
      [GC Worker Total (ms): Min: 51.7, Avg: 51.7, Max: 51.8, Diff: 0.1, Sum: 413.9]
      [GC Worker End (ms): Min: 127721.2, Avg: 127721.2, Max: 127721.3, Diff: 0.0]
   [Code Root Fixup: 0.0 ms]
   [Code Root Purge: 0.0 ms]
   [Clear CT: 0.3 ms]
   [Other: 0.7 ms]
      [Choose CSet: 0.0 ms]
      [Ref Proc: 0.2 ms]
      [Ref Enq: 0.0 ms]
      [Redirty Cards: 0.1 ms]
      [Humongous Register: 0.0 ms]
      [Humongous Reclaim: 0.0 ms]
      [Free CSet: 0.1 ms]
   [Eden: 4096.0K(314.0M)->0.0B(333.0M) Survivors: 46.0M->5120.0K Heap: 1164.5M(2048.0M)->1167.0M(2048.0M)]
 [Times: user=0.38 sys=0.00, real=0.05 secs] 
2020-09-29T12:29:16.395+0200: 127.722: [GC concurrent-root-region-scan-start]
2020-09-29T12:29:16.397+0200: 127.724: [GC concurrent-root-region-scan-end, 0.0021947 secs]
2020-09-29T12:29:16.397+0200: 127.724: [GC concurrent-mark-start]
2020-09-29T12:29:16.400+0200: 127.727: [GC concurrent-mark-end, 0.0029501 secs]
2020-09-29T12:29:16.400+0200: 127.728: [GC remark 2020-09-29T12:29:16.401+0200: 127.728: [Finalize Marking, 0.0010396 secs] 2020-09-29T12:29:16.402+0200: 127.729: [GC ref-proc, 0.0002956 secs] 2020-09-29T12:29:16.402+0200: 127.729: [Unloading, 0.0004895 secs], 0.0022082 secs]
 [Times: user=0.00 sys=0.00, real=0.00 secs] 
2020-09-29T12:29:16.404+0200: 127.731: [GC cleanup 1177M->25M(2048M), 0.0032544 secs]
 [Times: user=0.00 sys=0.00, real=0.00 secs] 
2020-09-29T12:29:16.407+0200: 127.734: [GC concurrent-cleanup-start]
2020-09-29T12:29:16.410+0200: 127.737: [GC concurrent-cleanup-end, 0.0028039 secs]
2020-09-29T12:29:16.574+0200: 127.901: [GC pause (G1 Evacuation Pause) (young), 0.1670049 secs]
   [Parallel Time: 165.9 ms, GC Workers: 8]
      [GC Worker Start (ms): Min: 127900.9, Avg: 127901.0, Max: 127901.1, Diff: 0.2]
      [Ext Root Scanning (ms): Min: 0.0, Avg: 0.1, Max: 0.2, Diff: 0.2, Sum: 0.5]
      [Update RS (ms): Min: 14.3, Avg: 14.5, Max: 14.6, Diff: 0.3, Sum: 115.8]
         [Processed Buffers: Min: 16, Avg: 17.6, Max: 20, Diff: 4, Sum: 141]
      [Scan RS (ms): Min: 17.0, Avg: 17.2, Max: 17.3, Diff: 0.3, Sum: 137.6]
      [Code Root Scanning (ms): Min: 0.0, Avg: 0.0, Max: 0.0, Diff: 0.0, Sum: 0.0]
      [Object Copy (ms): Min: 133.6, Avg: 133.7, Max: 133.8, Diff: 0.2, Sum: 1069.9]
      [Termination (ms): Min: 0.0, Avg: 0.1, Max: 0.1, Diff: 0.1, Sum: 0.9]
         [Termination Attempts: Min: 1, Avg: 816.3, Max: 1089, Diff: 1088, Sum: 6530]
      [GC Worker Other (ms): Min: 0.0, Avg: 0.1, Max: 0.1, Diff: 0.0, Sum: 0.4]
      [GC Worker Total (ms): Min: 165.6, Avg: 165.6, Max: 165.8, Diff: 0.2, Sum: 1325.2]
      [GC Worker End (ms): Min: 128066.7, Avg: 128066.7, Max: 128066.7, Diff: 0.0]
   [Code Root Fixup: 0.0 ms]
   [Code Root Purge: 0.0 ms]
   [Clear CT: 0.2 ms]
   [Other: 0.9 ms]
      [Choose CSet: 0.0 ms]
      [Ref Proc: 0.2 ms]
      [Ref Enq: 0.0 ms]
      [Redirty Cards: 0.2 ms]
      [Humongous Register: 0.0 ms]
      [Humongous Reclaim: 0.0 ms]
      [Free CSet: 0.3 ms]
   [Eden: 333.0M(333.0M)->0.0B(327.0M) Survivors: 5120.0K->43.0M Heap: 404.7M(2048.0M)->402.2M(2048.0M)]
 [Times: user=1.36 sys=0.00, real=0.17 secs] 
2020-09-29T12:29:16.927+0200: 128.254: [GC pause (G1 Evacuation Pause) (young), 0.1850742 secs]
   [Parallel Time: 183.9 ms, GC Workers: 8]
      [GC Worker Start (ms): Min: 128254.4, Avg: 128254.5, Max: 128254.6, Diff: 0.2]
      [Ext Root Scanning (ms): Min: 0.0, Avg: 0.0, Max: 0.2, Diff: 0.2, Sum: 0.4]
      [Update RS (ms): Min: 15.5, Avg: 15.7, Max: 15.9, Diff: 0.4, Sum: 125.7]
         [Processed Buffers: Min: 18, Avg: 18.9, Max: 21, Diff: 3, Sum: 151]
      [Scan RS (ms): Min: 18.4, Avg: 18.6, Max: 18.9, Diff: 0.5, Sum: 149.2]
      [Code Root Scanning (ms): Min: 0.0, Avg: 0.0, Max: 0.0, Diff: 0.0, Sum: 0.0]
      [Object Copy (ms): Min: 148.7, Avg: 148.9, Max: 149.1, Diff: 0.4, Sum: 1191.5]
      [Termination (ms): Min: 0.0, Avg: 0.2, Max: 0.3, Diff: 0.3, Sum: 1.7]
         [Termination Attempts: Min: 1, Avg: 1505.4, Max: 1981, Diff: 1980, Sum: 12043]
      [GC Worker Other (ms): Min: 0.0, Avg: 0.1, Max: 0.1, Diff: 0.1, Sum: 0.4]
      [GC Worker Total (ms): Min: 183.5, Avg: 183.6, Max: 183.7, Diff: 0.2, Sum: 1469.0]
      [GC Worker End (ms): Min: 128438.1, Avg: 128438.2, Max: 128438.2, Diff: 0.1]
   [Code Root Fixup: 0.0 ms]
   [Code Root Purge: 0.0 ms]
   [Clear CT: 0.2 ms]
   [Other: 1.0 ms]
      [Choose CSet: 0.0 ms]
      [Ref Proc: 0.1 ms]
      [Ref Enq: 0.0 ms]
      [Redirty Cards: 0.3 ms]
      [Humongous Register: 0.0 ms]
      [Humongous Reclaim: 0.0 ms]
      [Free CSet: 0.3 ms]
   [Eden: 327.0M(327.0M)->0.0B(313.0M) Survivors: 43.0M->47.0M Heap: 782.6M(2048.0M)->784.6M(2048.0M)]
 [Times: user=1.33 sys=0.05, real=0.18 secs] 
2020-09-29T12:29:17.294+0200: 128.621: [GC pause (G1 Evacuation Pause) (young), 0.1847256 secs]
   [Parallel Time: 183.3 ms, GC Workers: 8]
      [GC Worker Start (ms): Min: 128620.9, Avg: 128621.0, Max: 128621.1, Diff: 0.2]
      [Ext Root Scanning (ms): Min: 0.0, Avg: 0.1, Max: 0.2, Diff: 0.2, Sum: 0.5]
      [Update RS (ms): Min: 19.2, Avg: 19.4, Max: 19.6, Diff: 0.4, Sum: 154.8]
         [Processed Buffers: Min: 18, Avg: 20.3, Max: 23, Diff: 5, Sum: 162]
      [Scan RS (ms): Min: 25.3, Avg: 25.6, Max: 25.8, Diff: 0.5, Sum: 204.6]
      [Code Root Scanning (ms): Min: 0.0, Avg: 0.0, Max: 0.0, Diff: 0.0, Sum: 0.0]
      [Object Copy (ms): Min: 137.8, Avg: 138.0, Max: 138.0, Diff: 0.2, Sum: 1103.7]
      [Termination (ms): Min: 0.0, Avg: 0.0, Max: 0.0, Diff: 0.0, Sum: 0.2]
         [Termination Attempts: Min: 1, Avg: 193.3, Max: 271, Diff: 270, Sum: 1546]
      [GC Worker Other (ms): Min: 0.0, Avg: 0.1, Max: 0.1, Diff: 0.1, Sum: 0.5]
      [GC Worker Total (ms): Min: 182.9, Avg: 183.0, Max: 183.1, Diff: 0.2, Sum: 1464.4]
      [GC Worker End (ms): Min: 128804.0, Avg: 128804.1, Max: 128804.1, Diff: 0.1]
   [Code Root Fixup: 0.0 ms]
   [Code Root Purge: 0.0 ms]
   [Clear CT: 0.2 ms]
   [Other: 1.3 ms]
      [Choose CSet: 0.0 ms]
      [Ref Proc: 0.1 ms]
      [Ref Enq: 0.0 ms]
      [Redirty Cards: 0.5 ms]
      [Humongous Register: 0.0 ms]
      [Humongous Reclaim: 0.0 ms]
      [Free CSet: 0.4 ms]
   [Eden: 313.0M(313.0M)->0.0B(294.0M) Survivors: 47.0M->45.0M Heap: 1151.0M(2048.0M)->1152.5M(2048.0M)]
 [Times: user=1.44 sys=0.06, real=0.19 secs] 
2020-09-29T12:29:17.493+0200: 128.820: [GC pause (G1 Humongous Allocation) (young) (initial-mark), 0.0581283 secs]
   [Parallel Time: 57.1 ms, GC Workers: 8]
      [GC Worker Start (ms): Min: 128820.4, Avg: 128820.5, Max: 128820.6, Diff: 0.2]
      [Ext Root Scanning (ms): Min: 0.0, Avg: 0.3, Max: 0.8, Diff: 0.8, Sum: 2.3]
      [Update RS (ms): Min: 30.6, Avg: 31.2, Max: 31.6, Diff: 1.0, Sum: 249.7]
         [Processed Buffers: Min: 34, Avg: 38.3, Max: 41, Diff: 7, Sum: 306]
      [Scan RS (ms): Min: 2.6, Avg: 2.9, Max: 3.1, Diff: 0.5, Sum: 23.0]
      [Code Root Scanning (ms): Min: 0.0, Avg: 0.0, Max: 0.0, Diff: 0.0, Sum: 0.0]
      [Object Copy (ms): Min: 22.5, Avg: 22.5, Max: 22.6, Diff: 0.1, Sum: 180.3]
      [Termination (ms): Min: 0.0, Avg: 0.0, Max: 0.0, Diff: 0.0, Sum: 0.1]
         [Termination Attempts: Min: 1, Avg: 125.3, Max: 166, Diff: 165, Sum: 1002]
      [GC Worker Other (ms): Min: 0.0, Avg: 0.0, Max: 0.0, Diff: 0.0, Sum: 0.2]
      [GC Worker Total (ms): Min: 56.9, Avg: 57.0, Max: 57.0, Diff: 0.2, Sum: 455.7]
      [GC Worker End (ms): Min: 128877.4, Avg: 128877.4, Max: 128877.4, Diff: 0.0]
   [Code Root Fixup: 0.0 ms]
   [Code Root Purge: 0.0 ms]
   [Clear CT: 0.1 ms]
   [Other: 0.8 ms]
      [Choose CSet: 0.0 ms]
      [Ref Proc: 0.2 ms]
      [Ref Enq: 0.0 ms]
      [Redirty Cards: 0.1 ms]
      [Humongous Register: 0.1 ms]
      [Humongous Reclaim: 0.0 ms]
      [Free CSet: 0.1 ms]
   [Eden: 12.0M(294.0M)->0.0B(333.0M) Survivors: 45.0M->14.0M Heap: 1164.0M(2048.0M)->1169.0M(2048.0M)]
 [Times: user=0.44 sys=0.00, real=0.06 secs] 
2020-09-29T12:29:17.551+0200: 128.878: [GC concurrent-root-region-scan-start]
2020-09-29T12:29:17.555+0200: 128.882: [GC concurrent-root-region-scan-end, 0.0036854 secs]
2020-09-29T12:29:17.555+0200: 128.882: [GC concurrent-mark-start]
2020-09-29T12:29:17.558+0200: 128.885: [GC concurrent-mark-end, 0.0033675 secs]
2020-09-29T12:29:17.559+0200: 128.886: [GC remark 2020-09-29T12:29:17.559+0200: 128.886: [Finalize Marking, 0.0001687 secs] 2020-09-29T12:29:17.559+0200: 128.886: [GC ref-proc, 0.0003048 secs] 2020-09-29T12:29:17.559+0200: 128.886: [Unloading, 0.0005984 secs], 0.0014792 secs]
 [Times: user=0.00 sys=0.00, real=0.00 secs] 
2020-09-29T12:29:17.561+0200: 128.888: [GC cleanup 1185M->40M(2048M), 0.0021440 secs]
 [Times: user=0.00 sys=0.00, real=0.00 secs] 
2020-09-29T12:29:17.563+0200: 128.890: [GC concurrent-cleanup-start]
2020-09-29T12:29:17.565+0200: 128.892: [GC concurrent-cleanup-end, 0.0022586 secs]
2020-09-29T12:29:17.736+0200: 129.063: [GC pause (G1 Evacuation Pause) (young), 0.1741771 secs]
   [Parallel Time: 172.9 ms, GC Workers: 8]
      [GC Worker Start (ms): Min: 129062.9, Avg: 129063.0, Max: 129063.1, Diff: 0.2]
      [Ext Root Scanning (ms): Min: 0.0, Avg: 0.1, Max: 0.2, Diff: 0.2, Sum: 0.5]
      [Update RS (ms): Min: 17.7, Avg: 17.8, Max: 18.1, Diff: 0.4, Sum: 142.7]
         [Processed Buffers: Min: 18, Avg: 22.6, Max: 27, Diff: 9, Sum: 181]
      [Scan RS (ms): Min: 13.5, Avg: 13.9, Max: 14.0, Diff: 0.5, Sum: 110.9]
      [Code Root Scanning (ms): Min: 0.0, Avg: 0.0, Max: 0.0, Diff: 0.0, Sum: 0.0]
      [Object Copy (ms): Min: 140.4, Avg: 140.7, Max: 140.9, Diff: 0.5, Sum: 1125.6]
      [Termination (ms): Min: 0.0, Avg: 0.2, Max: 0.4, Diff: 0.4, Sum: 1.5]
         [Termination Attempts: Min: 1, Avg: 1231.8, Max: 1561, Diff: 1560, Sum: 9854]
      [GC Worker Other (ms): Min: 0.0, Avg: 0.1, Max: 0.1, Diff: 0.1, Sum: 0.4]
      [GC Worker Total (ms): Min: 172.6, Avg: 172.7, Max: 172.8, Diff: 0.2, Sum: 1381.6]
      [GC Worker End (ms): Min: 129235.7, Avg: 129235.7, Max: 129235.7, Diff: 0.1]
   [Code Root Fixup: 0.0 ms]
   [Code Root Purge: 0.0 ms]
   [Clear CT: 0.2 ms]
   [Other: 1.0 ms]
      [Choose CSet: 0.0 ms]
      [Ref Proc: 0.1 ms]
      [Ref Enq: 0.0 ms]
      [Redirty Cards: 0.2 ms]
      [Humongous Register: 0.0 ms]
      [Humongous Reclaim: 0.0 ms]
      [Free CSet: 0.3 ms]
   [Eden: 333.0M(333.0M)->0.0B(311.0M) Survivors: 14.0M->44.0M Heap: 414.2M(2048.0M)->402.2M(2048.0M)]
 [Times: user=1.36 sys=0.00, real=0.17 secs] 
2020-09-29T12:29:18.083+0200: 129.410: [GC pause (G1 Evacuation Pause) (young), 0.1732187 secs]
   [Parallel Time: 172.0 ms, GC Workers: 8]
      [GC Worker Start (ms): Min: 129410.0, Avg: 129410.1, Max: 129410.1, Diff: 0.2]
      [Ext Root Scanning (ms): Min: 0.0, Avg: 0.1, Max: 0.2, Diff: 0.2, Sum: 0.5]
      [Update RS (ms): Min: 17.1, Avg: 17.2, Max: 17.5, Diff: 0.4, Sum: 137.8]
         [Processed Buffers: Min: 19, Avg: 21.3, Max: 23, Diff: 4, Sum: 170]
      [Scan RS (ms): Min: 16.2, Avg: 16.5, Max: 16.7, Diff: 0.5, Sum: 131.7]
      [Code Root Scanning (ms): Min: 0.0, Avg: 0.0, Max: 0.0, Diff: 0.0, Sum: 0.0]
      [Object Copy (ms): Min: 137.8, Avg: 138.0, Max: 138.1, Diff: 0.3, Sum: 1103.8]
      [Termination (ms): Min: 0.0, Avg: 0.1, Max: 0.2, Diff: 0.2, Sum: 0.8]
         [Termination Attempts: Min: 1, Avg: 710.6, Max: 1000, Diff: 999, Sum: 5685]
      [GC Worker Other (ms): Min: 0.0, Avg: 0.0, Max: 0.1, Diff: 0.1, Sum: 0.4]
      [GC Worker Total (ms): Min: 171.8, Avg: 171.9, Max: 172.0, Diff: 0.2, Sum: 1374.9]
      [GC Worker End (ms): Min: 129581.9, Avg: 129581.9, Max: 129582.0, Diff: 0.1]
   [Code Root Fixup: 0.0 ms]
   [Code Root Purge: 0.0 ms]
   [Clear CT: 0.2 ms]
   [Other: 1.0 ms]
      [Choose CSet: 0.0 ms]
      [Ref Proc: 0.2 ms]
      [Ref Enq: 0.0 ms]
      [Redirty Cards: 0.3 ms]
      [Humongous Register: 0.0 ms]
      [Humongous Reclaim: 0.0 ms]
      [Free CSet: 0.3 ms]
   [Eden: 311.0M(311.0M)->0.0B(311.0M) Survivors: 44.0M->45.0M Heap: 764.7M(2048.0M)->767.2M(2048.0M)]
 [Times: user=1.34 sys=0.03, real=0.17 secs] 
2020-09-29T12:29:18.421+0200: 129.748: [GC pause (G1 Evacuation Pause) (young), 0.1740943 secs]
   [Parallel Time: 172.9 ms, GC Workers: 8]
      [GC Worker Start (ms): Min: 129747.8, Avg: 129747.9, Max: 129747.9, Diff: 0.1]
      [Ext Root Scanning (ms): Min: 0.0, Avg: 0.1, Max: 0.1, Diff: 0.1, Sum: 0.5]
      [Update RS (ms): Min: 17.3, Avg: 17.4, Max: 17.7, Diff: 0.5, Sum: 139.0]
         [Processed Buffers: Min: 18, Avg: 21.1, Max: 23, Diff: 5, Sum: 169]
      [Scan RS (ms): Min: 16.0, Avg: 16.3, Max: 16.4, Diff: 0.4, Sum: 130.0]
      [Code Root Scanning (ms): Min: 0.0, Avg: 0.0, Max: 0.0, Diff: 0.0, Sum: 0.0]
      [Object Copy (ms): Min: 138.8, Avg: 138.9, Max: 139.0, Diff: 0.2, Sum: 1111.3]
      [Termination (ms): Min: 0.0, Avg: 0.1, Max: 0.1, Diff: 0.1, Sum: 0.4]
         [Termination Attempts: Min: 1, Avg: 338.9, Max: 505, Diff: 504, Sum: 2711]
      [GC Worker Other (ms): Min: 0.0, Avg: 0.0, Max: 0.1, Diff: 0.1, Sum: 0.4]
      [GC Worker Total (ms): Min: 172.6, Avg: 172.7, Max: 172.8, Diff: 0.2, Sum: 1381.7]
      [GC Worker End (ms): Min: 129920.6, Avg: 129920.6, Max: 129920.6, Diff: 0.1]
   [Code Root Fixup: 0.0 ms]
   [Code Root Purge: 0.0 ms]
   [Clear CT: 0.2 ms]
   [Other: 0.9 ms]
      [Choose CSet: 0.0 ms]
      [Ref Proc: 0.1 ms]
      [Ref Enq: 0.0 ms]
      [Redirty Cards: 0.2 ms]
      [Humongous Register: 0.0 ms]
      [Humongous Reclaim: 0.0 ms]
      [Free CSet: 0.3 ms]
   [Eden: 311.0M(311.0M)->0.0B(312.0M) Survivors: 45.0M->45.0M Heap: 1129.7M(2048.0M)->1132.2M(2048.0M)]
 [Times: user=1.38 sys=0.00, real=0.17 secs] 
2020-09-29T12:29:18.609+0200: 129.936: [GC pause (G1 Humongous Allocation) (young) (initial-mark), 0.0566158 secs]
   [Parallel Time: 55.7 ms, GC Workers: 8]
      [GC Worker Start (ms): Min: 129936.2, Avg: 129936.3, Max: 129936.3, Diff: 0.1]
      [Ext Root Scanning (ms): Min: 0.0, Avg: 0.1, Max: 0.1, Diff: 0.1, Sum: 0.7]
      [Update RS (ms): Min: 32.2, Avg: 32.4, Max: 32.7, Diff: 0.5, Sum: 259.6]
         [Processed Buffers: Min: 38, Avg: 39.6, Max: 41, Diff: 3, Sum: 317]
      [Scan RS (ms): Min: 2.5, Avg: 2.7, Max: 3.0, Diff: 0.5, Sum: 21.6]
      [Code Root Scanning (ms): Min: 0.0, Avg: 0.0, Max: 0.0, Diff: 0.0, Sum: 0.0]
      [Object Copy (ms): Min: 20.3, Avg: 20.4, Max: 20.4, Diff: 0.1, Sum: 162.9]
      [Termination (ms): Min: 0.0, Avg: 0.0, Max: 0.0, Diff: 0.0, Sum: 0.0]
         [Termination Attempts: Min: 1, Avg: 13.6, Max: 19, Diff: 18, Sum: 109]
      [GC Worker Other (ms): Min: 0.0, Avg: 0.0, Max: 0.0, Diff: 0.0, Sum: 0.1]
      [GC Worker Total (ms): Min: 55.6, Avg: 55.6, Max: 55.7, Diff: 0.1, Sum: 444.9]
      [GC Worker End (ms): Min: 129991.9, Avg: 129991.9, Max: 129991.9, Diff: 0.0]
   [Code Root Fixup: 0.0 ms]
   [Code Root Purge: 0.0 ms]
   [Clear CT: 0.2 ms]
   [Other: 0.7 ms]
      [Choose CSet: 0.0 ms]
      [Ref Proc: 0.1 ms]
      [Ref Enq: 0.0 ms]
      [Redirty Cards: 0.2 ms]
      [Humongous Register: 0.0 ms]
      [Humongous Reclaim: 0.0 ms]
      [Free CSet: 0.1 ms]
   [Eden: 7168.0K(312.0M)->0.0B(346.0M) Survivors: 45.0M->9216.0K Heap: 1138.7M(2048.0M)->1142.2M(2048.0M)]
 [Times: user=0.50 sys=0.00, real=0.06 secs] 
2020-09-29T12:29:18.666+0200: 129.993: [GC concurrent-root-region-scan-start]
2020-09-29T12:29:18.668+0200: 129.995: [GC concurrent-root-region-scan-end, 0.0020233 secs]
2020-09-29T12:29:18.668+0200: 129.995: [GC concurrent-mark-start]
2020-09-29T12:29:18.671+0200: 129.998: [GC concurrent-mark-end, 0.0035187 secs]
2020-09-29T12:29:18.671+0200: 129.999: [GC remark 2020-09-29T12:29:18.671+0200: 129.999: [Finalize Marking, 0.0001854 secs] 2020-09-29T12:29:18.672+0200: 129.999: [GC ref-proc, 0.0002717 secs] 2020-09-29T12:29:18.672+0200: 129.999: [Unloading, 0.0004093 secs], 0.0011620 secs]
 [Times: user=0.00 sys=0.00, real=0.00 secs] 
2020-09-29T12:29:18.673+0200: 130.000: [GC cleanup 1155M->31M(2048M), 0.0012003 secs]
 [Times: user=0.00 sys=0.00, real=0.00 secs] 
2020-09-29T12:29:18.674+0200: 130.001: [GC concurrent-cleanup-start]
2020-09-29T12:29:18.676+0200: 130.003: [GC concurrent-cleanup-end, 0.0018745 secs]
2020-09-29T12:29:18.849+0200: 130.176: [GC pause (G1 Evacuation Pause) (young), 0.1778372 secs]
   [Parallel Time: 176.7 ms, GC Workers: 8]
      [GC Worker Start (ms): Min: 130175.7, Avg: 130175.8, Max: 130175.9, Diff: 0.2]
      [Ext Root Scanning (ms): Min: 0.0, Avg: 0.0, Max: 0.2, Diff: 0.2, Sum: 0.4]
      [Update RS (ms): Min: 18.8, Avg: 18.9, Max: 19.1, Diff: 0.3, Sum: 151.2]
         [Processed Buffers: Min: 21, Avg: 23.3, Max: 25, Diff: 4, Sum: 186]
      [Scan RS (ms): Min: 14.7, Avg: 14.9, Max: 15.2, Diff: 0.4, Sum: 119.3]
      [Code Root Scanning (ms): Min: 0.0, Avg: 0.0, Max: 0.0, Diff: 0.0, Sum: 0.0]
      [Object Copy (ms): Min: 142.3, Avg: 142.5, Max: 142.6, Diff: 0.3, Sum: 1139.7]
      [Termination (ms): Min: 0.0, Avg: 0.1, Max: 0.2, Diff: 0.2, Sum: 0.9]
         [Termination Attempts: Min: 1, Avg: 812.6, Max: 1118, Diff: 1117, Sum: 6501]
      [GC Worker Other (ms): Min: 0.0, Avg: 0.0, Max: 0.1, Diff: 0.0, Sum: 0.3]
      [GC Worker Total (ms): Min: 176.4, Avg: 176.5, Max: 176.6, Diff: 0.2, Sum: 1411.9]
      [GC Worker End (ms): Min: 130352.3, Avg: 130352.3, Max: 130352.3, Diff: 0.0]
   [Code Root Fixup: 0.0 ms]
   [Code Root Purge: 0.0 ms]
   [Clear CT: 0.2 ms]
   [Other: 1.0 ms]
      [Choose CSet: 0.0 ms]
      [Ref Proc: 0.2 ms]
      [Ref Enq: 0.0 ms]
      [Redirty Cards: 0.2 ms]
      [Humongous Register: 0.0 ms]
      [Humongous Reclaim: 0.0 ms]
      [Free CSet: 0.3 ms]
   [Eden: 346.0M(346.0M)->0.0B(322.0M) Survivors: 9216.0K->45.0M Heap: 423.6M(2048.0M)->417.6M(2048.0M)]
 [Times: user=1.36 sys=0.00, real=0.18 secs] 
2020-09-29T12:29:19.200+0200: 130.527: [GC pause (G1 Evacuation Pause) (young), 0.1912622 secs]
   [Parallel Time: 190.0 ms, GC Workers: 8]
      [GC Worker Start (ms): Min: 130526.8, Avg: 130526.9, Max: 130527.0, Diff: 0.2]
      [Ext Root Scanning (ms): Min: 0.0, Avg: 0.1, Max: 0.2, Diff: 0.2, Sum: 0.5]
      [Update RS (ms): Min: 22.8, Avg: 23.0, Max: 23.8, Diff: 1.0, Sum: 183.9]
         [Processed Buffers: Min: 22, Avg: 23.3, Max: 25, Diff: 3, Sum: 186]
      [Scan RS (ms): Min: 19.6, Avg: 20.5, Max: 20.8, Diff: 1.2, Sum: 163.7]
      [Code Root Scanning (ms): Min: 0.0, Avg: 0.0, Max: 0.0, Diff: 0.0, Sum: 0.0]
      [Object Copy (ms): Min: 146.0, Avg: 146.2, Max: 146.3, Diff: 0.2, Sum: 1169.4]
      [Termination (ms): Min: 0.0, Avg: 0.1, Max: 0.1, Diff: 0.1, Sum: 0.5]
         [Termination Attempts: Min: 1, Avg: 489.8, Max: 687, Diff: 686, Sum: 3918]
      [GC Worker Other (ms): Min: 0.0, Avg: 0.0, Max: 0.1, Diff: 0.0, Sum: 0.3]
      [GC Worker Total (ms): Min: 189.7, Avg: 189.8, Max: 189.9, Diff: 0.2, Sum: 1518.3]
      [GC Worker End (ms): Min: 130716.6, Avg: 130716.7, Max: 130716.7, Diff: 0.0]
   [Code Root Fixup: 0.0 ms]
   [Code Root Purge: 0.0 ms]
   [Clear CT: 0.2 ms]
   [Other: 1.0 ms]
      [Choose CSet: 0.0 ms]
      [Ref Proc: 0.2 ms]
      [Ref Enq: 0.0 ms]
      [Redirty Cards: 0.3 ms]
      [Humongous Register: 0.0 ms]
      [Humongous Reclaim: 0.0 ms]
      [Free CSet: 0.3 ms]
   [Eden: 322.0M(322.0M)->0.0B(302.0M) Survivors: 45.0M->46.0M Heap: 793.0M(2048.0M)->795.0M(2048.0M)]
 [Times: user=1.47 sys=0.03, real=0.19 secs] 
2020-09-29T12:29:19.561+0200: 130.887: [GC pause (G1 Evacuation Pause) (young), 0.1709563 secs]
   [Parallel Time: 169.8 ms, GC Workers: 8]
      [GC Worker Start (ms): Min: 130887.4, Avg: 130887.5, Max: 130887.6, Diff: 0.2]
      [Ext Root Scanning (ms): Min: 0.0, Avg: 0.1, Max: 0.2, Diff: 0.2, Sum: 0.6]
      [Update RS (ms): Min: 20.6, Avg: 20.9, Max: 21.3, Diff: 0.7, Sum: 167.1]
         [Processed Buffers: Min: 21, Avg: 22.4, Max: 25, Diff: 4, Sum: 179]
      [Scan RS (ms): Min: 16.1, Avg: 16.5, Max: 16.9, Diff: 0.7, Sum: 131.7]
      [Code Root Scanning (ms): Min: 0.0, Avg: 0.0, Max: 0.0, Diff: 0.0, Sum: 0.0]
      [Object Copy (ms): Min: 131.7, Avg: 132.1, Max: 132.2, Diff: 0.5, Sum: 1057.1]
      [Termination (ms): Min: 0.0, Avg: 0.0, Max: 0.0, Diff: 0.0, Sum: 0.2]
         [Termination Attempts: Min: 1, Avg: 129.3, Max: 170, Diff: 169, Sum: 1034]
      [GC Worker Other (ms): Min: 0.1, Avg: 0.1, Max: 0.1, Diff: 0.0, Sum: 0.5]
      [GC Worker Total (ms): Min: 169.6, Avg: 169.6, Max: 169.7, Diff: 0.2, Sum: 1357.1]
      [GC Worker End (ms): Min: 131057.2, Avg: 131057.2, Max: 131057.2, Diff: 0.0]
   [Code Root Fixup: 0.0 ms]
   [Code Root Purge: 0.0 ms]
   [Clear CT: 0.2 ms]
   [Other: 0.9 ms]
      [Choose CSet: 0.0 ms]
      [Ref Proc: 0.2 ms]
      [Ref Enq: 0.0 ms]
      [Redirty Cards: 0.2 ms]
      [Humongous Register: 0.0 ms]
      [Humongous Reclaim: 0.0 ms]
      [Free CSet: 0.3 ms]
   [Eden: 302.0M(302.0M)->0.0B(306.0M) Survivors: 46.0M->44.0M Heap: 1146.6M(2048.0M)->1148.1M(2048.0M)]
 [Times: user=1.36 sys=0.02, real=0.17 secs] 
2020-09-29T12:29:19.742+0200: 131.069: [GC pause (G1 Humongous Allocation) (young) (initial-mark), 0.0677642 secs]
   [Parallel Time: 66.5 ms, GC Workers: 8]
      [GC Worker Start (ms): Min: 131068.7, Avg: 131068.8, Max: 131068.9, Diff: 0.1]
      [Ext Root Scanning (ms): Min: 0.0, Avg: 2.8, Max: 21.3, Diff: 21.3, Sum: 22.3]
      [Update RS (ms): Min: 14.4, Avg: 35.3, Max: 52.8, Diff: 38.3, Sum: 282.0]
         [Processed Buffers: Min: 20, Avg: 40.4, Max: 49, Diff: 29, Sum: 323]
      [Scan RS (ms): Min: 0.0, Avg: 2.6, Max: 3.1, Diff: 3.1, Sum: 20.8]
      [Code Root Scanning (ms): Min: 0.0, Avg: 0.0, Max: 0.0, Diff: 0.0, Sum: 0.0]
      [Object Copy (ms): Min: 13.2, Avg: 25.5, Max: 27.4, Diff: 14.2, Sum: 204.0]
      [Termination (ms): Min: 0.0, Avg: 0.2, Max: 0.3, Diff: 0.2, Sum: 1.3]
         [Termination Attempts: Min: 1, Avg: 926.8, Max: 1255, Diff: 1254, Sum: 7414]
      [GC Worker Other (ms): Min: 0.0, Avg: 0.0, Max: 0.0, Diff: 0.0, Sum: 0.1]
      [GC Worker Total (ms): Min: 66.2, Avg: 66.3, Max: 66.4, Diff: 0.1, Sum: 530.5]
      [GC Worker End (ms): Min: 131135.1, Avg: 131135.1, Max: 131135.1, Diff: 0.0]
   [Code Root Fixup: 0.0 ms]
   [Code Root Purge: 0.0 ms]
   [Clear CT: 0.5 ms]
   [Other: 0.8 ms]
      [Choose CSet: 0.0 ms]
      [Ref Proc: 0.2 ms]
      [Ref Enq: 0.0 ms]
      [Redirty Cards: 0.2 ms]
      [Humongous Register: 0.0 ms]
      [Humongous Reclaim: 0.0 ms]
      [Free CSet: 0.1 ms]
   [Eden: 3072.0K(306.0M)->0.0B(304.0M) Survivors: 44.0M->5120.0K Heap: 1151.1M(2048.0M)->1154.1M(2048.0M)]
 [Times: user=0.44 sys=0.00, real=0.07 secs] 
2020-09-29T12:29:19.810+0200: 131.136: [GC concurrent-root-region-scan-start]
2020-09-29T12:29:19.811+0200: 131.137: [GC concurrent-root-region-scan-end, 0.0009329 secs]
2020-09-29T12:29:19.811+0200: 131.137: [GC concurrent-mark-start]
2020-09-29T12:29:19.814+0200: 131.141: [GC concurrent-mark-end, 0.0032397 secs]
2020-09-29T12:29:19.814+0200: 131.141: [GC remark 2020-09-29T12:29:19.814+0200: 131.141: [Finalize Marking, 0.0002204 secs] 2020-09-29T12:29:19.814+0200: 131.141: [GC ref-proc, 0.0003600 secs] 2020-09-29T12:29:19.815+0200: 131.141: [Unloading, 0.0005955 secs], 0.0015249 secs]
 [Times: user=0.00 sys=0.00, real=0.00 secs] 
2020-09-29T12:29:19.816+0200: 131.143: [GC cleanup 1164M->24M(2048M), 0.0013733 secs]
 [Times: user=0.08 sys=0.00, real=0.00 secs] 
2020-09-29T12:29:19.818+0200: 131.144: [GC concurrent-cleanup-start]
2020-09-29T12:29:19.820+0200: 131.146: [GC concurrent-cleanup-end, 0.0018056 secs]
2020-09-29T12:29:19.971+0200: 131.298: [GC pause (G1 Evacuation Pause) (young), 0.1496835 secs]
   [Parallel Time: 148.6 ms, GC Workers: 8]
      [GC Worker Start (ms): Min: 131297.9, Avg: 131298.0, Max: 131298.0, Diff: 0.1]
      [Ext Root Scanning (ms): Min: 0.0, Avg: 0.1, Max: 0.1, Diff: 0.1, Sum: 0.5]
      [Update RS (ms): Min: 13.4, Avg: 13.8, Max: 14.0, Diff: 0.6, Sum: 110.1]
         [Processed Buffers: Min: 15, Avg: 16.5, Max: 19, Diff: 4, Sum: 132]
      [Scan RS (ms): Min: 13.7, Avg: 13.9, Max: 14.3, Diff: 0.6, Sum: 111.5]
      [Code Root Scanning (ms): Min: 0.0, Avg: 0.0, Max: 0.0, Diff: 0.0, Sum: 0.0]
      [Object Copy (ms): Min: 120.5, Avg: 120.6, Max: 120.6, Diff: 0.1, Sum: 964.4]
      [Termination (ms): Min: 0.0, Avg: 0.0, Max: 0.0, Diff: 0.0, Sum: 0.2]
         [Termination Attempts: Min: 1, Avg: 178.4, Max: 224, Diff: 223, Sum: 1427]
      [GC Worker Other (ms): Min: 0.0, Avg: 0.0, Max: 0.1, Diff: 0.1, Sum: 0.3]
      [GC Worker Total (ms): Min: 148.3, Avg: 148.4, Max: 148.5, Diff: 0.2, Sum: 1187.0]
      [GC Worker End (ms): Min: 131446.3, Avg: 131446.3, Max: 131446.4, Diff: 0.1]
   [Code Root Fixup: 0.0 ms]
   [Code Root Purge: 0.0 ms]
   [Clear CT: 0.2 ms]
   [Other: 0.9 ms]
      [Choose CSet: 0.0 ms]
      [Ref Proc: 0.2 ms]
      [Ref Enq: 0.0 ms]
      [Redirty Cards: 0.2 ms]
      [Humongous Register: 0.0 ms]
      [Humongous Reclaim: 0.0 ms]
      [Free CSet: 0.2 ms]
   [Eden: 304.0M(304.0M)->0.0B(292.0M) Survivors: 5120.0K->39.0M Heap: 370.0M(2048.0M)->367.0M(2048.0M)]
 [Times: user=1.23 sys=0.00, real=0.15 secs] 
2020-09-29T12:29:20.300+0200: 131.626: [GC pause (G1 Evacuation Pause) (young), 0.1556277 secs]
   [Parallel Time: 154.6 ms, GC Workers: 8]
      [GC Worker Start (ms): Min: 131626.6, Avg: 131626.7, Max: 131626.8, Diff: 0.2]
      [Ext Root Scanning (ms): Min: 0.0, Avg: 0.1, Max: 0.2, Diff: 0.2, Sum: 0.4]
      [Update RS (ms): Min: 17.4, Avg: 17.5, Max: 17.5, Diff: 0.1, Sum: 139.7]
         [Processed Buffers: Min: 18, Avg: 20.1, Max: 22, Diff: 4, Sum: 161]
      [Scan RS (ms): Min: 15.8, Avg: 15.9, Max: 15.9, Diff: 0.1, Sum: 126.9]
      [Code Root Scanning (ms): Min: 0.0, Avg: 0.0, Max: 0.0, Diff: 0.0, Sum: 0.0]
      [Object Copy (ms): Min: 120.9, Avg: 120.9, Max: 121.0, Diff: 0.1, Sum: 967.5]
      [Termination (ms): Min: 0.0, Avg: 0.0, Max: 0.0, Diff: 0.0, Sum: 0.1]
         [Termination Attempts: Min: 1, Avg: 92.9, Max: 122, Diff: 121, Sum: 743]
      [GC Worker Other (ms): Min: 0.0, Avg: 0.0, Max: 0.1, Diff: 0.0, Sum: 0.2]
      [GC Worker Total (ms): Min: 154.3, Avg: 154.4, Max: 154.5, Diff: 0.2, Sum: 1234.9]
      [GC Worker End (ms): Min: 131781.0, Avg: 131781.1, Max: 131781.1, Diff: 0.0]
   [Code Root Fixup: 0.0 ms]
   [Code Root Purge: 0.0 ms]
   [Clear CT: 0.2 ms]
   [Other: 0.9 ms]
      [Choose CSet: 0.0 ms]
      [Ref Proc: 0.2 ms]
      [Ref Enq: 0.0 ms]
      [Redirty Cards: 0.2 ms]
      [Humongous Register: 0.0 ms]
      [Humongous Reclaim: 0.0 ms]
      [Free CSet: 0.3 ms]
   [Eden: 292.0M(292.0M)->0.0B(299.0M) Survivors: 39.0M->42.0M Heap: 708.6M(2048.0M)->709.6M(2048.0M)]
 [Times: user=1.16 sys=0.09, real=0.15 secs] 
2020-09-29T12:29:20.612+0200: 131.938: [GC pause (G1 Evacuation Pause) (young), 0.1623506 secs]
   [Parallel Time: 161.2 ms, GC Workers: 8]
      [GC Worker Start (ms): Min: 131938.5, Avg: 131938.5, Max: 131938.6, Diff: 0.1]
      [Ext Root Scanning (ms): Min: 0.0, Avg: 0.1, Max: 0.1, Diff: 0.1, Sum: 0.6]
      [Update RS (ms): Min: 16.1, Avg: 16.1, Max: 16.4, Diff: 0.3, Sum: 129.0]
         [Processed Buffers: Min: 19, Avg: 20.0, Max: 21, Diff: 2, Sum: 160]
      [Scan RS (ms): Min: 15.4, Avg: 15.7, Max: 15.8, Diff: 0.4, Sum: 125.5]
      [Code Root Scanning (ms): Min: 0.0, Avg: 0.0, Max: 0.0, Diff: 0.0, Sum: 0.0]
      [Object Copy (ms): Min: 129.0, Avg: 129.0, Max: 129.1, Diff: 0.1, Sum: 1032.3]
      [Termination (ms): Min: 0.0, Avg: 0.0, Max: 0.0, Diff: 0.0, Sum: 0.1]
         [Termination Attempts: Min: 1, Avg: 47.4, Max: 65, Diff: 64, Sum: 379]
      [GC Worker Other (ms): Min: 0.0, Avg: 0.0, Max: 0.1, Diff: 0.1, Sum: 0.4]
      [GC Worker Total (ms): Min: 160.9, Avg: 161.0, Max: 161.1, Diff: 0.2, Sum: 1287.9]
      [GC Worker End (ms): Min: 132099.5, Avg: 132099.5, Max: 132099.6, Diff: 0.1]
   [Code Root Fixup: 0.0 ms]
   [Code Root Purge: 0.0 ms]
   [Clear CT: 0.2 ms]
   [Other: 0.9 ms]
      [Choose CSet: 0.0 ms]
      [Ref Proc: 0.2 ms]
      [Ref Enq: 0.0 ms]
      [Redirty Cards: 0.2 ms]
      [Humongous Register: 0.0 ms]
      [Humongous Reclaim: 0.0 ms]
      [Free CSet: 0.3 ms]
   [Eden: 299.0M(299.0M)->0.0B(306.0M) Survivors: 42.0M->43.0M Heap: 1058.2M(2048.0M)->1060.7M(2048.0M)]
 [Times: user=1.38 sys=0.00, real=0.16 secs] 
2020-09-29T12:29:20.784+0200: 132.110: [GC pause (G1 Humongous Allocation) (young) (initial-mark), 0.0578943 secs]
   [Parallel Time: 57.0 ms, GC Workers: 8]
      [GC Worker Start (ms): Min: 132110.6, Avg: 132110.7, Max: 132110.8, Diff: 0.2]
      [Ext Root Scanning (ms): Min: 0.0, Avg: 0.1, Max: 0.2, Diff: 0.2, Sum: 1.0]
      [Update RS (ms): Min: 33.1, Avg: 33.3, Max: 33.4, Diff: 0.3, Sum: 266.1]
         [Processed Buffers: Min: 41, Avg: 43.1, Max: 44, Diff: 3, Sum: 345]
      [Scan RS (ms): Min: 2.4, Avg: 2.6, Max: 2.8, Diff: 0.4, Sum: 21.2]
      [Code Root Scanning (ms): Min: 0.0, Avg: 0.0, Max: 0.0, Diff: 0.0, Sum: 0.0]
      [Object Copy (ms): Min: 20.7, Avg: 20.8, Max: 20.8, Diff: 0.1, Sum: 166.3]
      [Termination (ms): Min: 0.0, Avg: 0.0, Max: 0.0, Diff: 0.0, Sum: 0.1]
         [Termination Attempts: Min: 1, Avg: 107.6, Max: 139, Diff: 138, Sum: 861]
      [GC Worker Other (ms): Min: 0.0, Avg: 0.0, Max: 0.0, Diff: 0.0, Sum: 0.2]
      [GC Worker Total (ms): Min: 56.8, Avg: 56.9, Max: 56.9, Diff: 0.2, Sum: 454.9]
      [GC Worker End (ms): Min: 132167.5, Avg: 132167.6, Max: 132167.6, Diff: 0.0]
   [Code Root Fixup: 0.0 ms]
   [Code Root Purge: 0.0 ms]
   [Clear CT: 0.2 ms]
   [Other: 0.7 ms]
      [Choose CSet: 0.0 ms]
      [Ref Proc: 0.1 ms]
      [Ref Enq: 0.0 ms]
      [Redirty Cards: 0.2 ms]
      [Humongous Register: 0.0 ms]
      [Humongous Reclaim: 0.0 ms]
      [Free CSet: 0.1 ms]
   [Eden: 10.0M(306.0M)->0.0B(345.0M) Survivors: 43.0M->11.0M Heap: 1070.2M(2048.0M)->1074.2M(2048.0M)]
 [Times: user=0.50 sys=0.00, real=0.06 secs] 
2020-09-29T12:29:20.842+0200: 132.169: [GC concurrent-root-region-scan-start]
2020-09-29T12:29:20.844+0200: 132.171: [GC concurrent-root-region-scan-end, 0.0023490 secs]
2020-09-29T12:29:20.844+0200: 132.171: [GC concurrent-mark-start]
2020-09-29T12:29:20.848+0200: 132.174: [GC concurrent-mark-end, 0.0035938 secs]
2020-09-29T12:29:20.848+0200: 132.175: [GC remark 2020-09-29T12:29:20.848+0200: 132.175: [Finalize Marking, 0.0001417 secs] 2020-09-29T12:29:20.848+0200: 132.175: [GC ref-proc, 0.0002918 secs] 2020-09-29T12:29:20.848+0200: 132.175: [Unloading, 0.0005121 secs], 0.0012993 secs]
 [Times: user=0.00 sys=0.00, real=0.00 secs] 
2020-09-29T12:29:20.850+0200: 132.176: [GC cleanup 1087M->33M(2048M), 0.0014140 secs]
 [Times: user=0.00 sys=0.00, real=0.00 secs] 
2020-09-29T12:29:20.851+0200: 132.178: [GC concurrent-cleanup-start]
2020-09-29T12:29:20.853+0200: 132.180: [GC concurrent-cleanup-end, 0.0016351 secs]
2020-09-29T12:29:21.028+0200: 132.355: [GC pause (G1 Evacuation Pause) (young), 0.1729286 secs]
   [Parallel Time: 171.7 ms, GC Workers: 8]
      [GC Worker Start (ms): Min: 132355.0, Avg: 132355.1, Max: 132355.2, Diff: 0.2]
      [Ext Root Scanning (ms): Min: 0.0, Avg: 0.1, Max: 0.2, Diff: 0.2, Sum: 0.6]
      [Update RS (ms): Min: 19.3, Avg: 19.4, Max: 19.7, Diff: 0.4, Sum: 155.4]
         [Processed Buffers: Min: 17, Avg: 19.8, Max: 23, Diff: 6, Sum: 158]
      [Scan RS (ms): Min: 15.9, Avg: 16.2, Max: 16.5, Diff: 0.6, Sum: 129.8]
      [Code Root Scanning (ms): Min: 0.0, Avg: 0.0, Max: 0.0, Diff: 0.0, Sum: 0.0]
      [Object Copy (ms): Min: 135.5, Avg: 135.7, Max: 135.8, Diff: 0.3, Sum: 1086.0]
      [Termination (ms): Min: 0.0, Avg: 0.0, Max: 0.0, Diff: 0.0, Sum: 0.2]
         [Termination Attempts: Min: 1, Avg: 130.3, Max: 180, Diff: 179, Sum: 1042]
      [GC Worker Other (ms): Min: 0.0, Avg: 0.0, Max: 0.1, Diff: 0.1, Sum: 0.4]
      [GC Worker Total (ms): Min: 171.4, Avg: 171.5, Max: 171.6, Diff: 0.2, Sum: 1372.3]
      [GC Worker End (ms): Min: 132526.6, Avg: 132526.6, Max: 132526.6, Diff: 0.1]
   [Code Root Fixup: 0.0 ms]
   [Code Root Purge: 0.0 ms]
   [Clear CT: 0.2 ms]
   [Other: 1.0 ms]
      [Choose CSet: 0.0 ms]
      [Ref Proc: 0.2 ms]
      [Ref Enq: 0.0 ms]
      [Redirty Cards: 0.2 ms]
      [Humongous Register: 0.0 ms]
      [Humongous Reclaim: 0.0 ms]
      [Free CSet: 0.3 ms]
   [Eden: 345.0M(345.0M)->0.0B(315.0M) Survivors: 11.0M->45.0M Heap: 425.1M(2048.0M)->415.6M(2048.0M)]
 [Times: user=1.36 sys=0.00, real=0.17 secs] 
2020-09-29T12:29:21.372+0200: 132.699: [GC pause (G1 Evacuation Pause) (young), 0.1756714 secs]
   [Parallel Time: 174.4 ms, GC Workers: 8]
      [GC Worker Start (ms): Min: 132699.0, Avg: 132699.1, Max: 132699.2, Diff: 0.2]
      [Ext Root Scanning (ms): Min: 0.0, Avg: 0.1, Max: 0.2, Diff: 0.2, Sum: 0.5]
      [Update RS (ms): Min: 17.6, Avg: 17.8, Max: 18.1, Diff: 0.4, Sum: 142.1]
         [Processed Buffers: Min: 20, Avg: 21.1, Max: 24, Diff: 4, Sum: 169]
      [Scan RS (ms): Min: 16.5, Avg: 16.8, Max: 17.0, Diff: 0.5, Sum: 134.5]
      [Code Root Scanning (ms): Min: 0.0, Avg: 0.0, Max: 0.0, Diff: 0.0, Sum: 0.0]
      [Object Copy (ms): Min: 139.3, Avg: 139.4, Max: 139.5, Diff: 0.2, Sum: 1115.3]
      [Termination (ms): Min: 0.0, Avg: 0.0, Max: 0.0, Diff: 0.0, Sum: 0.2]
         [Termination Attempts: Min: 1, Avg: 182.5, Max: 218, Diff: 217, Sum: 1460]
      [GC Worker Other (ms): Min: 0.0, Avg: 0.0, Max: 0.1, Diff: 0.1, Sum: 0.3]
      [GC Worker Total (ms): Min: 174.1, Avg: 174.1, Max: 174.2, Diff: 0.2, Sum: 1393.0]
      [GC Worker End (ms): Min: 132873.2, Avg: 132873.3, Max: 132873.3, Diff: 0.1]
   [Code Root Fixup: 0.0 ms]
   [Code Root Purge: 0.0 ms]
   [Clear CT: 0.2 ms]
   [Other: 1.1 ms]
      [Choose CSet: 0.0 ms]
      [Ref Proc: 0.2 ms]
      [Ref Enq: 0.0 ms]
      [Redirty Cards: 0.2 ms]
      [Humongous Register: 0.0 ms]
      [Humongous Reclaim: 0.0 ms]
      [Free CSet: 0.4 ms]
   [Eden: 315.0M(315.0M)->0.0B(312.0M) Survivors: 45.0M->45.0M Heap: 782.1M(2048.0M)->783.6M(2048.0M)]
 [Times: user=1.36 sys=0.00, real=0.18 secs] 
2020-09-29T12:29:21.715+0200: 133.041: [GC pause (G1 Evacuation Pause) (young), 0.1839419 secs]
   [Parallel Time: 182.7 ms, GC Workers: 8]
      [GC Worker Start (ms): Min: 133040.8, Avg: 133041.0, Max: 133041.0, Diff: 0.2]
      [Ext Root Scanning (ms): Min: 0.0, Avg: 0.1, Max: 0.2, Diff: 0.2, Sum: 0.4]
      [Update RS (ms): Min: 22.9, Avg: 23.3, Max: 23.7, Diff: 0.8, Sum: 186.0]
         [Processed Buffers: Min: 24, Avg: 24.8, Max: 26, Diff: 2, Sum: 198]
      [Scan RS (ms): Min: 15.8, Avg: 16.3, Max: 16.8, Diff: 1.0, Sum: 130.3]
      [Code Root Scanning (ms): Min: 0.0, Avg: 0.0, Max: 0.0, Diff: 0.0, Sum: 0.0]
      [Object Copy (ms): Min: 142.6, Avg: 142.8, Max: 142.9, Diff: 0.2, Sum: 1142.5]
      [Termination (ms): Min: 0.0, Avg: 0.1, Max: 0.1, Diff: 0.1, Sum: 0.6]
         [Termination Attempts: Min: 1, Avg: 541.3, Max: 671, Diff: 670, Sum: 4330]
      [GC Worker Other (ms): Min: 0.0, Avg: 0.1, Max: 0.1, Diff: 0.1, Sum: 0.5]
      [GC Worker Total (ms): Min: 182.4, Avg: 182.5, Max: 182.6, Diff: 0.2, Sum: 1460.4]
      [GC Worker End (ms): Min: 133223.5, Avg: 133223.5, Max: 133223.6, Diff: 0.1]
   [Code Root Fixup: 0.0 ms]
   [Code Root Purge: 0.0 ms]
   [Clear CT: 0.2 ms]
   [Other: 1.0 ms]
      [Choose CSet: 0.0 ms]
      [Ref Proc: 0.2 ms]
      [Ref Enq: 0.0 ms]
      [Redirty Cards: 0.3 ms]
      [Humongous Register: 0.0 ms]
      [Humongous Reclaim: 0.0 ms]
      [Free CSet: 0.3 ms]
   [Eden: 312.0M(312.0M)->0.0B(305.0M) Survivors: 45.0M->45.0M Heap: 1147.1M(2048.0M)->1149.6M(2048.0M)]
 [Times: user=1.50 sys=0.00, real=0.18 secs] 
2020-09-29T12:29:21.905+0200: 133.232: [GC pause (G1 Humongous Allocation) (young) (initial-mark), 0.0741330 secs]
   [Parallel Time: 73.2 ms, GC Workers: 8]
      [GC Worker Start (ms): Min: 133232.3, Avg: 133232.3, Max: 133232.4, Diff: 0.1]
      [Ext Root Scanning (ms): Min: 0.0, Avg: 1.2, Max: 8.4, Diff: 8.4, Sum: 9.3]
      [Update RS (ms): Min: 32.8, Avg: 39.7, Max: 40.8, Diff: 8.0, Sum: 317.8]
         [Processed Buffers: Min: 42, Avg: 47.6, Max: 52, Diff: 10, Sum: 381]
      [Scan RS (ms): Min: 2.3, Avg: 2.7, Max: 2.8, Diff: 0.5, Sum: 21.4]
      [Code Root Scanning (ms): Min: 0.0, Avg: 0.0, Max: 0.0, Diff: 0.0, Sum: 0.0]
      [Object Copy (ms): Min: 29.2, Avg: 29.3, Max: 29.4, Diff: 0.3, Sum: 234.1]
      [Termination (ms): Min: 0.0, Avg: 0.2, Max: 0.2, Diff: 0.2, Sum: 1.5]
         [Termination Attempts: Min: 1, Avg: 1312.8, Max: 1675, Diff: 1674, Sum: 10502]
      [GC Worker Other (ms): Min: 0.0, Avg: 0.0, Max: 0.0, Diff: 0.0, Sum: 0.2]
      [GC Worker Total (ms): Min: 73.0, Avg: 73.0, Max: 73.1, Diff: 0.1, Sum: 584.3]
      [GC Worker End (ms): Min: 133305.4, Avg: 133305.4, Max: 133305.4, Diff: 0.0]
   [Code Root Fixup: 0.0 ms]
   [Code Root Purge: 0.0 ms]
   [Clear CT: 0.2 ms]
   [Other: 0.8 ms]
      [Choose CSet: 0.0 ms]
      [Ref Proc: 0.2 ms]
      [Ref Enq: 0.0 ms]
      [Redirty Cards: 0.2 ms]
      [Humongous Register: 0.0 ms]
      [Humongous Reclaim: 0.0 ms]
      [Free CSet: 0.1 ms]
   [Eden: 1024.0K(305.0M)->0.0B(284.0M) Survivors: 45.0M->3072.0K Heap: 1150.6M(2048.0M)->1154.1M(2048.0M)]
 [Times: user=0.58 sys=0.00, real=0.07 secs] 
2020-09-29T12:29:21.979+0200: 133.306: [GC concurrent-root-region-scan-start]
2020-09-29T12:29:21.980+0200: 133.307: [GC concurrent-root-region-scan-end, 0.0004757 secs]
2020-09-29T12:29:21.980+0200: 133.307: [GC concurrent-mark-start]
2020-09-29T12:29:21.983+0200: 133.310: [GC concurrent-mark-end, 0.0032069 secs]
2020-09-29T12:29:21.983+0200: 133.310: [GC remark 2020-09-29T12:29:21.983+0200: 133.310: [Finalize Marking, 0.0002252 secs] 2020-09-29T12:29:21.983+0200: 133.311: [GC ref-proc, 0.0003048 secs] 2020-09-29T12:29:21.984+0200: 133.311: [Unloading, 0.0004263 secs], 0.0012882 secs]
 [Times: user=0.00 sys=0.00, real=0.00 secs] 
2020-09-29T12:29:21.985+0200: 133.312: [GC cleanup 1163M->21M(2048M), 0.0012779 secs]
 [Times: user=0.00 sys=0.00, real=0.00 secs] 
2020-09-29T12:29:21.986+0200: 133.313: [GC concurrent-cleanup-start]
2020-09-29T12:29:21.988+0200: 133.315: [GC concurrent-cleanup-end, 0.0014423 secs]
2020-09-29T12:29:22.141+0200: 133.468: [GC pause (G1 Evacuation Pause) (young), 0.1526074 secs]
   [Parallel Time: 151.5 ms, GC Workers: 8]
      [GC Worker Start (ms): Min: 133468.3, Avg: 133468.4, Max: 133468.5, Diff: 0.1]
      [Ext Root Scanning (ms): Min: 0.0, Avg: 0.1, Max: 0.1, Diff: 0.1, Sum: 0.6]
      [Update RS (ms): Min: 24.6, Avg: 24.8, Max: 25.3, Diff: 0.7, Sum: 198.8]
         [Processed Buffers: Min: 20, Avg: 22.8, Max: 25, Diff: 5, Sum: 182]
      [Scan RS (ms): Min: 13.4, Avg: 13.9, Max: 14.1, Diff: 0.7, Sum: 110.9]
      [Code Root Scanning (ms): Min: 0.0, Avg: 0.0, Max: 0.0, Diff: 0.0, Sum: 0.0]
      [Object Copy (ms): Min: 112.3, Avg: 112.4, Max: 112.5, Diff: 0.2, Sum: 899.2]
      [Termination (ms): Min: 0.0, Avg: 0.1, Max: 0.1, Diff: 0.1, Sum: 0.6]
         [Termination Attempts: Min: 1, Avg: 603.6, Max: 778, Diff: 777, Sum: 4829]
      [GC Worker Other (ms): Min: 0.0, Avg: 0.0, Max: 0.1, Diff: 0.1, Sum: 0.4]
      [GC Worker Total (ms): Min: 151.2, Avg: 151.3, Max: 151.3, Diff: 0.1, Sum: 1210.4]
      [GC Worker End (ms): Min: 133619.7, Avg: 133619.7, Max: 133619.7, Diff: 0.1]
   [Code Root Fixup: 0.0 ms]
   [Code Root Purge: 0.0 ms]
   [Clear CT: 0.2 ms]
   [Other: 1.0 ms]
      [Choose CSet: 0.0 ms]
      [Ref Proc: 0.2 ms]
      [Ref Enq: 0.0 ms]
      [Redirty Cards: 0.3 ms]
      [Humongous Register: 0.0 ms]
      [Humongous Reclaim: 0.0 ms]
      [Free CSet: 0.2 ms]
   [Eden: 284.0M(284.0M)->0.0B(262.0M) Survivors: 3072.0K->36.0M Heap: 344.2M(2048.0M)->344.2M(2048.0M)]
 [Times: user=1.22 sys=0.02, real=0.15 secs] 
2020-09-29T12:29:22.425+0200: 133.752: [GC pause (G1 Evacuation Pause) (young), 0.1444089 secs]
   [Parallel Time: 143.1 ms, GC Workers: 8]
      [GC Worker Start (ms): Min: 133752.4, Avg: 133752.4, Max: 133752.5, Diff: 0.1]
      [Ext Root Scanning (ms): Min: 0.0, Avg: 0.1, Max: 0.1, Diff: 0.1, Sum: 0.6]
      [Update RS (ms): Min: 14.0, Avg: 14.2, Max: 14.4, Diff: 0.5, Sum: 113.4]
         [Processed Buffers: Min: 16, Avg: 17.1, Max: 18, Diff: 2, Sum: 137]
      [Scan RS (ms): Min: 12.9, Avg: 13.2, Max: 13.4, Diff: 0.6, Sum: 105.6]
      [Code Root Scanning (ms): Min: 0.0, Avg: 0.0, Max: 0.0, Diff: 0.0, Sum: 0.0]
      [Object Copy (ms): Min: 115.3, Avg: 115.4, Max: 115.5, Diff: 0.2, Sum: 923.5]
      [Termination (ms): Min: 0.0, Avg: 0.0, Max: 0.0, Diff: 0.0, Sum: 0.0]
         [Termination Attempts: Min: 1, Avg: 7.5, Max: 15, Diff: 14, Sum: 60]
      [GC Worker Other (ms): Min: 0.0, Avg: 0.0, Max: 0.1, Diff: 0.1, Sum: 0.3]
      [GC Worker Total (ms): Min: 142.9, Avg: 142.9, Max: 143.0, Diff: 0.1, Sum: 1143.4]
      [GC Worker End (ms): Min: 133895.3, Avg: 133895.4, Max: 133895.4, Diff: 0.1]
   [Code Root Fixup: 0.0 ms]
   [Code Root Purge: 0.0 ms]
   [Clear CT: 0.2 ms]
   [Other: 1.1 ms]
      [Choose CSet: 0.0 ms]
      [Ref Proc: 0.2 ms]
      [Ref Enq: 0.0 ms]
      [Redirty Cards: 0.2 ms]
      [Humongous Register: 0.0 ms]
      [Humongous Reclaim: 0.0 ms]
      [Free CSet: 0.3 ms]
   [Eden: 262.0M(262.0M)->0.0B(276.0M) Survivors: 36.0M->38.0M Heap: 650.1M(2048.0M)->651.6M(2048.0M)]
 [Times: user=1.23 sys=0.02, real=0.14 secs] 
2020-09-29T12:29:22.719+0200: 134.046: [GC pause (G1 Evacuation Pause) (young), 0.1532728 secs]
   [Parallel Time: 152.1 ms, GC Workers: 8]
      [GC Worker Start (ms): Min: 134046.2, Avg: 134046.3, Max: 134046.4, Diff: 0.2]
      [Ext Root Scanning (ms): Min: 0.0, Avg: 0.1, Max: 0.2, Diff: 0.2, Sum: 0.5]
      [Update RS (ms): Min: 16.6, Avg: 16.9, Max: 17.2, Diff: 0.6, Sum: 135.0]
         [Processed Buffers: Min: 19, Avg: 19.9, Max: 21, Diff: 2, Sum: 159]
      [Scan RS (ms): Min: 12.6, Avg: 13.0, Max: 13.2, Diff: 0.7, Sum: 103.9]
      [Code Root Scanning (ms): Min: 0.0, Avg: 0.0, Max: 0.0, Diff: 0.0, Sum: 0.0]
      [Object Copy (ms): Min: 121.8, Avg: 121.9, Max: 122.1, Diff: 0.2, Sum: 975.6]
      [Termination (ms): Min: 0.0, Avg: 0.0, Max: 0.0, Diff: 0.0, Sum: 0.2]
         [Termination Attempts: Min: 1, Avg: 147.9, Max: 205, Diff: 204, Sum: 1183]
      [GC Worker Other (ms): Min: 0.0, Avg: 0.0, Max: 0.1, Diff: 0.1, Sum: 0.3]
      [GC Worker Total (ms): Min: 151.9, Avg: 151.9, Max: 152.0, Diff: 0.1, Sum: 1215.5]
      [GC Worker End (ms): Min: 134198.2, Avg: 134198.2, Max: 134198.3, Diff: 0.1]
   [Code Root Fixup: 0.0 ms]
   [Code Root Purge: 0.0 ms]
   [Clear CT: 0.2 ms]
   [Other: 1.0 ms]
      [Choose CSet: 0.0 ms]
      [Ref Proc: 0.2 ms]
      [Ref Enq: 0.0 ms]
      [Redirty Cards: 0.2 ms]
      [Humongous Register: 0.0 ms]
      [Humongous Reclaim: 0.0 ms]
      [Free CSet: 0.3 ms]
   [Eden: 276.0M(276.0M)->0.0B(291.0M) Survivors: 38.0M->40.0M Heap: 973.3M(2048.0M)->975.3M(2048.0M)]
 [Times: user=1.25 sys=0.00, real=0.15 secs] 
2020-09-29T12:29:22.878+0200: 134.205: [GC pause (G1 Humongous Allocation) (young) (initial-mark), 0.0555376 secs]
   [Parallel Time: 54.7 ms, GC Workers: 8]
      [GC Worker Start (ms): Min: 134205.7, Avg: 134205.7, Max: 134205.8, Diff: 0.1]
      [Ext Root Scanning (ms): Min: 0.1, Avg: 0.1, Max: 0.1, Diff: 0.1, Sum: 0.7]
      [Update RS (ms): Min: 34.8, Avg: 35.2, Max: 35.4, Diff: 0.6, Sum: 281.4]
         [Processed Buffers: Min: 43, Avg: 44.5, Max: 47, Diff: 4, Sum: 356]
      [Scan RS (ms): Min: 1.9, Avg: 2.2, Max: 2.6, Diff: 0.6, Sum: 17.5]
      [Code Root Scanning (ms): Min: 0.0, Avg: 0.0, Max: 0.0, Diff: 0.0, Sum: 0.0]
      [Object Copy (ms): Min: 17.0, Avg: 17.1, Max: 17.1, Diff: 0.1, Sum: 136.4]
      [Termination (ms): Min: 0.0, Avg: 0.0, Max: 0.0, Diff: 0.0, Sum: 0.0]
         [Termination Attempts: Min: 1, Avg: 4.6, Max: 7, Diff: 6, Sum: 37]
      [GC Worker Other (ms): Min: 0.0, Avg: 0.0, Max: 0.0, Diff: 0.0, Sum: 0.2]
      [GC Worker Total (ms): Min: 54.5, Avg: 54.5, Max: 54.6, Diff: 0.1, Sum: 436.2]
      [GC Worker End (ms): Min: 134260.2, Avg: 134260.2, Max: 134260.3, Diff: 0.0]
   [Code Root Fixup: 0.0 ms]
   [Code Root Purge: 0.0 ms]
   [Clear CT: 0.2 ms]
   [Other: 0.7 ms]
      [Choose CSet: 0.0 ms]
      [Ref Proc: 0.1 ms]
      [Ref Enq: 0.0 ms]
      [Redirty Cards: 0.1 ms]
      [Humongous Register: 0.0 ms]
      [Humongous Reclaim: 0.0 ms]
      [Free CSet: 0.1 ms]
   [Eden: 3072.0K(291.0M)->0.0B(336.0M) Survivors: 40.0M->4096.0K Heap: 977.8M(2048.0M)->981.3M(2048.0M)]
 [Times: user=0.42 sys=0.02, real=0.06 secs] 
2020-09-29T12:29:22.934+0200: 134.261: [GC concurrent-root-region-scan-start]
2020-09-29T12:29:22.935+0200: 134.262: [GC concurrent-root-region-scan-end, 0.0006397 secs]
2020-09-29T12:29:22.935+0200: 134.262: [GC concurrent-mark-start]
2020-09-29T12:29:22.938+0200: 134.264: [GC concurrent-mark-end, 0.0025698 secs]
2020-09-29T12:29:22.938+0200: 134.265: [GC remark 2020-09-29T12:29:22.938+0200: 134.265: [Finalize Marking, 0.0002887 secs] 2020-09-29T12:29:22.939+0200: 134.265: [GC ref-proc, 0.0002912 secs] 2020-09-29T12:29:22.939+0200: 134.265: [Unloading, 0.0004962 secs], 0.0014082 secs]
 [Times: user=0.00 sys=0.00, real=0.00 secs] 
2020-09-29T12:29:22.940+0200: 134.266: [GC cleanup 989M->21M(2048M), 0.0013666 secs]
 [Times: user=0.00 sys=0.00, real=0.00 secs] 
2020-09-29T12:29:22.941+0200: 134.268: [GC concurrent-cleanup-start]
2020-09-29T12:29:22.943+0200: 134.269: [GC concurrent-cleanup-end, 0.0011818 secs]
2020-09-29T12:29:23.136+0200: 134.463: [GC pause (G1 Evacuation Pause) (young), 0.1635217 secs]
   [Parallel Time: 162.4 ms, GC Workers: 8]
      [GC Worker Start (ms): Min: 134462.8, Avg: 134462.9, Max: 134462.9, Diff: 0.1]
      [Ext Root Scanning (ms): Min: 0.0, Avg: 0.1, Max: 0.2, Diff: 0.1, Sum: 0.6]
      [Update RS (ms): Min: 21.9, Avg: 22.1, Max: 22.5, Diff: 0.6, Sum: 176.8]
         [Processed Buffers: Min: 19, Avg: 21.8, Max: 23, Diff: 4, Sum: 174]
      [Scan RS (ms): Min: 14.5, Avg: 14.9, Max: 15.2, Diff: 0.7, Sum: 119.6]
      [Code Root Scanning (ms): Min: 0.0, Avg: 0.0, Max: 0.0, Diff: 0.0, Sum: 0.0]
      [Object Copy (ms): Min: 124.9, Avg: 125.0, Max: 125.1, Diff: 0.1, Sum: 1000.1]
      [Termination (ms): Min: 0.0, Avg: 0.0, Max: 0.0, Diff: 0.0, Sum: 0.2]
         [Termination Attempts: Min: 1, Avg: 128.0, Max: 168, Diff: 167, Sum: 1024]
      [GC Worker Other (ms): Min: 0.0, Avg: 0.0, Max: 0.1, Diff: 0.1, Sum: 0.3]
      [GC Worker Total (ms): Min: 162.1, Avg: 162.2, Max: 162.3, Diff: 0.2, Sum: 1297.6]
      [GC Worker End (ms): Min: 134625.0, Avg: 134625.1, Max: 134625.1, Diff: 0.1]
   [Code Root Fixup: 0.0 ms]
   [Code Root Purge: 0.0 ms]
   [Clear CT: 0.2 ms]
   [Other: 1.0 ms]
      [Choose CSet: 0.0 ms]
      [Ref Proc: 0.2 ms]
      [Ref Enq: 0.0 ms]
      [Redirty Cards: 0.2 ms]
      [Humongous Register: 0.0 ms]
      [Humongous Reclaim: 0.0 ms]
      [Free CSet: 0.3 ms]
   [Eden: 336.0M(336.0M)->0.0B(309.0M) Survivors: 4096.0K->43.0M Heap: 407.2M(2048.0M)->405.7M(2048.0M)]
 [Times: user=1.25 sys=0.00, real=0.16 secs] 
2020-09-29T12:29:23.462+0200: 134.788: [GC pause (G1 Evacuation Pause) (young), 0.1743359 secs]
   [Parallel Time: 173.1 ms, GC Workers: 8]
      [GC Worker Start (ms): Min: 134788.2, Avg: 134788.3, Max: 134788.4, Diff: 0.1]
      [Ext Root Scanning (ms): Min: 0.0, Avg: 0.1, Max: 0.1, Diff: 0.1, Sum: 0.6]
      [Update RS (ms): Min: 14.7, Avg: 14.9, Max: 15.1, Diff: 0.4, Sum: 119.0]
         [Processed Buffers: Min: 17, Avg: 18.6, Max: 22, Diff: 5, Sum: 149]
      [Scan RS (ms): Min: 17.4, Avg: 18.0, Max: 20.0, Diff: 2.6, Sum: 143.6]
      [Code Root Scanning (ms): Min: 0.0, Avg: 0.0, Max: 0.0, Diff: 0.0, Sum: 0.0]
      [Object Copy (ms): Min: 137.9, Avg: 139.8, Max: 140.1, Diff: 2.2, Sum: 1118.2]
      [Termination (ms): Min: 0.0, Avg: 0.1, Max: 0.2, Diff: 0.2, Sum: 1.0]
         [Termination Attempts: Min: 1, Avg: 938.0, Max: 1126, Diff: 1125, Sum: 7504]
      [GC Worker Other (ms): Min: 0.0, Avg: 0.1, Max: 0.1, Diff: 0.1, Sum: 0.4]
      [GC Worker Total (ms): Min: 172.8, Avg: 172.9, Max: 173.0, Diff: 0.2, Sum: 1382.9]
      [GC Worker End (ms): Min: 134961.1, Avg: 134961.2, Max: 134961.2, Diff: 0.1]
   [Code Root Fixup: 0.0 ms]
   [Code Root Purge: 0.0 ms]
   [Clear CT: 0.2 ms]
   [Other: 1.0 ms]
      [Choose CSet: 0.0 ms]
      [Ref Proc: 0.2 ms]
      [Ref Enq: 0.0 ms]
      [Redirty Cards: 0.3 ms]
      [Humongous Register: 0.0 ms]
      [Humongous Reclaim: 0.0 ms]
      [Free CSet: 0.3 ms]
   [Eden: 309.0M(309.0M)->0.0B(304.0M) Survivors: 43.0M->44.0M Heap: 766.2M(2048.0M)->768.2M(2048.0M)]
 [Times: user=1.36 sys=0.02, real=0.17 secs] 
2020-09-29T12:29:23.792+0200: 135.118: [GC pause (G1 Evacuation Pause) (young), 0.1716452 secs]
   [Parallel Time: 170.4 ms, GC Workers: 8]
      [GC Worker Start (ms): Min: 135118.3, Avg: 135118.4, Max: 135118.5, Diff: 0.2]
      [Ext Root Scanning (ms): Min: 0.0, Avg: 0.1, Max: 0.1, Diff: 0.1, Sum: 0.5]
      [Update RS (ms): Min: 14.8, Avg: 15.2, Max: 15.5, Diff: 0.7, Sum: 121.4]
         [Processed Buffers: Min: 16, Avg: 17.1, Max: 19, Diff: 3, Sum: 137]
      [Scan RS (ms): Min: 16.5, Avg: 16.7, Max: 17.3, Diff: 0.8, Sum: 134.0]
      [Code Root Scanning (ms): Min: 0.0, Avg: 0.0, Max: 0.0, Diff: 0.0, Sum: 0.0]
      [Object Copy (ms): Min: 137.4, Avg: 138.2, Max: 138.4, Diff: 1.0, Sum: 1105.8]
      [Termination (ms): Min: 0.0, Avg: 0.0, Max: 0.0, Diff: 0.0, Sum: 0.1]
         [Termination Attempts: Min: 1, Avg: 51.8, Max: 77, Diff: 76, Sum: 414]
      [GC Worker Other (ms): Min: 0.0, Avg: 0.0, Max: 0.1, Diff: 0.1, Sum: 0.3]
      [GC Worker Total (ms): Min: 170.2, Avg: 170.3, Max: 170.4, Diff: 0.2, Sum: 1362.1]
      [GC Worker End (ms): Min: 135288.7, Avg: 135288.7, Max: 135288.7, Diff: 0.1]
   [Code Root Fixup: 0.0 ms]
   [Code Root Purge: 0.0 ms]
   [Clear CT: 0.2 ms]
   [Other: 1.0 ms]
      [Choose CSet: 0.0 ms]
      [Ref Proc: 0.2 ms]
      [Ref Enq: 0.0 ms]
      [Redirty Cards: 0.3 ms]
      [Humongous Register: 0.0 ms]
      [Humongous Reclaim: 0.0 ms]
      [Free CSet: 0.3 ms]
   [Eden: 304.0M(304.0M)->0.0B(304.0M) Survivors: 44.0M->44.0M Heap: 1121.8M(2048.0M)->1123.8M(2048.0M)]
 [Times: user=1.38 sys=0.00, real=0.17 secs] 
2020-09-29T12:29:23.964+0200: 135.291: [GC pause (G1 Humongous Allocation) (young) (initial-mark), 0.0724160 secs]
   [Parallel Time: 71.4 ms, GC Workers: 8]
      [GC Worker Start (ms): Min: 135290.8, Avg: 135290.8, Max: 135290.9, Diff: 0.1]
      [Ext Root Scanning (ms): Min: 0.0, Avg: 0.3, Max: 1.6, Diff: 1.6, Sum: 2.7]
      [Update RS (ms): Min: 48.1, Avg: 49.2, Max: 49.9, Diff: 1.9, Sum: 393.7]
         [Processed Buffers: Min: 45, Avg: 58.8, Max: 64, Diff: 19, Sum: 470]
      [Scan RS (ms): Min: 0.0, Avg: 0.0, Max: 0.1, Diff: 0.1, Sum: 0.1]
      [Code Root Scanning (ms): Min: 0.0, Avg: 0.0, Max: 0.0, Diff: 0.0, Sum: 0.0]
      [Object Copy (ms): Min: 21.2, Avg: 21.7, Max: 21.9, Diff: 0.7, Sum: 173.3]
      [Termination (ms): Min: 0.0, Avg: 0.0, Max: 0.0, Diff: 0.0, Sum: 0.0]
         [Termination Attempts: Min: 1, Avg: 6.3, Max: 13, Diff: 12, Sum: 50]
      [GC Worker Other (ms): Min: 0.0, Avg: 0.0, Max: 0.1, Diff: 0.0, Sum: 0.2]
      [GC Worker Total (ms): Min: 71.2, Avg: 71.3, Max: 71.3, Diff: 0.1, Sum: 570.1]
      [GC Worker End (ms): Min: 135362.1, Avg: 135362.1, Max: 135362.1, Diff: 0.0]
   [Code Root Fixup: 0.0 ms]
   [Code Root Purge: 0.0 ms]
   [Clear CT: 0.2 ms]
   [Other: 0.8 ms]
      [Choose CSet: 0.0 ms]
      [Ref Proc: 0.2 ms]
      [Ref Enq: 0.0 ms]
      [Redirty Cards: 0.2 ms]
      [Humongous Register: 0.1 ms]
      [Humongous Reclaim: 0.0 ms]
      [Free CSet: 0.1 ms]
   [Eden: 1024.0K(304.0M)->0.0B(308.0M) Survivors: 44.0M->3072.0K Heap: 1124.8M(2048.0M)->1128.3M(2048.0M)]
 [Times: user=0.45 sys=0.03, real=0.07 secs] 
2020-09-29T12:29:24.037+0200: 135.363: [GC concurrent-root-region-scan-start]
2020-09-29T12:29:24.037+0200: 135.364: [GC concurrent-root-region-scan-end, 0.0004459 secs]
2020-09-29T12:29:24.037+0200: 135.364: [GC concurrent-mark-start]
2020-09-29T12:29:24.044+0200: 135.370: [GC concurrent-mark-end, 0.0065400 secs]
2020-09-29T12:29:24.044+0200: 135.371: [GC remark 2020-09-29T12:29:24.044+0200: 135.371: [Finalize Marking, 0.0011810 secs] 2020-09-29T12:29:24.045+0200: 135.372: [GC ref-proc, 0.0006378 secs] 2020-09-29T12:29:24.046+0200: 135.373: [Unloading, 0.0008887 secs], 0.0033280 secs]
 [Times: user=0.00 sys=0.00, real=0.00 secs] 
2020-09-29T12:29:24.048+0200: 135.375: [GC cleanup 1140M->24M(2048M), 0.0023346 secs]
 [Times: user=0.00 sys=0.00, real=0.00 secs] 
2020-09-29T12:29:24.051+0200: 135.377: [GC concurrent-cleanup-start]
2020-09-29T12:29:24.054+0200: 135.381: [GC concurrent-cleanup-end, 0.0036543 secs]
2020-09-29T12:29:24.321+0200: 135.648: [GC pause (G1 Evacuation Pause) (young), 0.2926593 secs]
   [Parallel Time: 290.8 ms, GC Workers: 8]
      [GC Worker Start (ms): Min: 135648.2, Avg: 135648.3, Max: 135648.4, Diff: 0.2]
      [Ext Root Scanning (ms): Min: 0.0, Avg: 0.1, Max: 0.2, Diff: 0.2, Sum: 0.8]
      [Update RS (ms): Min: 31.1, Avg: 31.7, Max: 32.5, Diff: 1.4, Sum: 253.3]
         [Processed Buffers: Min: 19, Avg: 20.1, Max: 21, Diff: 2, Sum: 161]
      [Scan RS (ms): Min: 21.9, Avg: 22.8, Max: 23.3, Diff: 1.4, Sum: 182.2]
      [Code Root Scanning (ms): Min: 0.0, Avg: 0.0, Max: 0.0, Diff: 0.0, Sum: 0.0]
      [Object Copy (ms): Min: 235.4, Avg: 235.6, Max: 235.8, Diff: 0.4, Sum: 1884.5]
      [Termination (ms): Min: 0.0, Avg: 0.2, Max: 0.3, Diff: 0.3, Sum: 1.6]
         [Termination Attempts: Min: 1, Avg: 731.1, Max: 936, Diff: 935, Sum: 5849]
      [GC Worker Other (ms): Min: 0.0, Avg: 0.1, Max: 0.2, Diff: 0.1, Sum: 0.7]
      [GC Worker Total (ms): Min: 290.3, Avg: 290.4, Max: 290.6, Diff: 0.3, Sum: 2323.1]
      [GC Worker End (ms): Min: 135938.6, Avg: 135938.7, Max: 135938.8, Diff: 0.1]
   [Code Root Fixup: 0.0 ms]
   [Code Root Purge: 0.0 ms]
   [Clear CT: 0.3 ms]
   [Other: 1.6 ms]
      [Choose CSet: 0.0 ms]
      [Ref Proc: 0.3 ms]
      [Ref Enq: 0.0 ms]
      [Redirty Cards: 0.4 ms]
      [Humongous Register: 0.0 ms]
      [Humongous Reclaim: 0.0 ms]
      [Free CSet: 0.4 ms]
   [Eden: 308.0M(308.0M)->0.0B(173.0M) Survivors: 3072.0K->39.0M Heap: 372.0M(2048.0M)->371.0M(2048.0M)]
 [Times: user=2.25 sys=0.00, real=0.29 secs] 
2020-09-29T12:29:24.788+0200: 136.114: [GC pause (G1 Evacuation Pause) (young), 0.2032099 secs]
   [Parallel Time: 201.4 ms, GC Workers: 8]
      [GC Worker Start (ms): Min: 136114.4, Avg: 136114.5, Max: 136114.7, Diff: 0.3]
      [Ext Root Scanning (ms): Min: 0.0, Avg: 0.1, Max: 0.2, Diff: 0.2, Sum: 0.9]
      [Update RS (ms): Min: 31.6, Avg: 31.8, Max: 32.7, Diff: 1.1, Sum: 254.4]
         [Processed Buffers: Min: 16, Avg: 20.0, Max: 23, Diff: 7, Sum: 160]
      [Scan RS (ms): Min: 11.6, Avg: 12.5, Max: 12.8, Diff: 1.2, Sum: 100.0]
      [Code Root Scanning (ms): Min: 0.0, Avg: 0.0, Max: 0.0, Diff: 0.0, Sum: 0.0]
      [Object Copy (ms): Min: 156.4, Avg: 156.5, Max: 156.5, Diff: 0.1, Sum: 1251.8]
      [Termination (ms): Min: 0.0, Avg: 0.1, Max: 0.1, Diff: 0.1, Sum: 0.4]
         [Termination Attempts: Min: 1, Avg: 200.6, Max: 246, Diff: 245, Sum: 1605]
      [GC Worker Other (ms): Min: 0.0, Avg: 0.0, Max: 0.1, Diff: 0.1, Sum: 0.4]
      [GC Worker Total (ms): Min: 200.9, Avg: 201.0, Max: 201.1, Diff: 0.3, Sum: 1608.0]
      [GC Worker End (ms): Min: 136315.5, Avg: 136315.5, Max: 136315.6, Diff: 0.1]
   [Code Root Fixup: 0.0 ms]
   [Code Root Purge: 0.0 ms]
   [Clear CT: 0.5 ms]
   [Other: 1.3 ms]
      [Choose CSet: 0.0 ms]
      [Ref Proc: 0.2 ms]
      [Ref Enq: 0.0 ms]
      [Redirty Cards: 0.6 ms]
      [Humongous Register: 0.1 ms]
      [Humongous Reclaim: 0.0 ms]
      [Free CSet: 0.2 ms]
   [Eden: 173.0M(173.0M)->0.0B(156.0M) Survivors: 39.0M->27.0M Heap: 574.5M(2048.0M)->576.5M(2048.0M)]
 [Times: user=1.63 sys=0.00, real=0.20 secs] 
2020-09-29T12:29:25.139+0200: 136.465: [GC pause (G1 Evacuation Pause) (young), 0.1836108 secs]
   [Parallel Time: 181.7 ms, GC Workers: 8]
      [GC Worker Start (ms): Min: 136465.4, Avg: 136465.6, Max: 136465.7, Diff: 0.3]
      [Ext Root Scanning (ms): Min: 0.0, Avg: 0.1, Max: 0.3, Diff: 0.2, Sum: 0.8]
      [Update RS (ms): Min: 24.4, Avg: 24.6, Max: 25.4, Diff: 1.0, Sum: 197.1]
         [Processed Buffers: Min: 13, Avg: 15.5, Max: 18, Diff: 5, Sum: 124]
      [Scan RS (ms): Min: 10.7, Avg: 11.5, Max: 11.8, Diff: 1.1, Sum: 92.0]
      [Code Root Scanning (ms): Min: 0.0, Avg: 0.0, Max: 0.0, Diff: 0.0, Sum: 0.0]
      [Object Copy (ms): Min: 144.8, Avg: 145.0, Max: 145.1, Diff: 0.3, Sum: 1159.7]
      [Termination (ms): Min: 0.0, Avg: 0.1, Max: 0.2, Diff: 0.2, Sum: 1.2]
         [Termination Attempts: Min: 1, Avg: 546.1, Max: 725, Diff: 724, Sum: 4369]
      [GC Worker Other (ms): Min: 0.0, Avg: 0.0, Max: 0.1, Diff: 0.0, Sum: 0.3]
      [GC Worker Total (ms): Min: 181.3, Avg: 181.4, Max: 181.5, Diff: 0.3, Sum: 1451.0]
      [GC Worker End (ms): Min: 136646.9, Avg: 136647.0, Max: 136647.0, Diff: 0.0]
   [Code Root Fixup: 0.0 ms]
   [Code Root Purge: 0.0 ms]
   [Clear CT: 0.3 ms]
   [Other: 1.6 ms]
      [Choose CSet: 0.0 ms]
      [Ref Proc: 0.4 ms]
      [Ref Enq: 0.0 ms]
      [Redirty Cards: 0.7 ms]
      [Humongous Register: 0.1 ms]
      [Humongous Reclaim: 0.0 ms]
      [Free CSet: 0.2 ms]
   [Eden: 156.0M(156.0M)->0.0B(148.0M) Survivors: 27.0M->23.0M Heap: 757.3M(2048.0M)->759.3M(2048.0M)]
 [Times: user=1.50 sys=0.00, real=0.18 secs] 
2020-09-29T12:29:25.458+0200: 136.785: [GC pause (G1 Evacuation Pause) (young), 0.1593772 secs]
   [Parallel Time: 157.9 ms, GC Workers: 8]
      [GC Worker Start (ms): Min: 136784.9, Avg: 136785.0, Max: 136785.1, Diff: 0.2]
      [Ext Root Scanning (ms): Min: 0.0, Avg: 0.1, Max: 0.3, Diff: 0.3, Sum: 1.0]
      [Update RS (ms): Min: 17.7, Avg: 18.1, Max: 18.7, Diff: 1.0, Sum: 144.7]
         [Processed Buffers: Min: 11, Avg: 12.1, Max: 14, Diff: 3, Sum: 97]
      [Scan RS (ms): Min: 11.8, Avg: 12.7, Max: 13.5, Diff: 1.7, Sum: 101.3]
      [Code Root Scanning (ms): Min: 0.0, Avg: 0.0, Max: 0.0, Diff: 0.0, Sum: 0.0]
      [Object Copy (ms): Min: 125.2, Avg: 126.5, Max: 126.8, Diff: 1.6, Sum: 1012.3]
      [Termination (ms): Min: 0.0, Avg: 0.0, Max: 0.0, Diff: 0.0, Sum: 0.1]
         [Termination Attempts: Min: 1, Avg: 34.5, Max: 43, Diff: 42, Sum: 276]
      [GC Worker Other (ms): Min: 0.0, Avg: 0.1, Max: 0.1, Diff: 0.1, Sum: 0.4]
      [GC Worker Total (ms): Min: 157.3, Avg: 157.5, Max: 157.7, Diff: 0.3, Sum: 1259.9]
      [GC Worker End (ms): Min: 136942.5, Avg: 136942.5, Max: 136942.6, Diff: 0.1]
   [Code Root Fixup: 0.0 ms]
   [Code Root Purge: 0.0 ms]
   [Clear CT: 0.4 ms]
   [Other: 1.1 ms]
      [Choose CSet: 0.0 ms]
      [Ref Proc: 0.2 ms]
      [Ref Enq: 0.0 ms]
      [Redirty Cards: 0.3 ms]
      [Humongous Register: 0.1 ms]
      [Humongous Reclaim: 0.0 ms]
      [Free CSet: 0.2 ms]
   [Eden: 148.0M(148.0M)->0.0B(152.0M) Survivors: 23.0M->22.0M Heap: 932.1M(2048.0M)->934.1M(2048.0M)]
 [Times: user=1.25 sys=0.00, real=0.16 secs] 
2020-09-29T12:29:25.635+0200: 136.961: [GC pause (G1 Humongous Allocation) (young) (initial-mark), 0.0663961 secs]
   [Parallel Time: 65.0 ms, GC Workers: 8]
      [GC Worker Start (ms): Min: 136961.5, Avg: 136961.7, Max: 136961.8, Diff: 0.2]
      [Ext Root Scanning (ms): Min: 0.0, Avg: 0.1, Max: 0.3, Diff: 0.2, Sum: 1.0]
      [Update RS (ms): Min: 31.4, Avg: 32.0, Max: 33.5, Diff: 2.1, Sum: 255.7]
         [Processed Buffers: Min: 20, Avg: 21.8, Max: 23, Diff: 3, Sum: 174]
      [Scan RS (ms): Min: 1.2, Avg: 2.6, Max: 3.2, Diff: 2.0, Sum: 21.1]
      [Code Root Scanning (ms): Min: 0.0, Avg: 0.0, Max: 0.0, Diff: 0.0, Sum: 0.0]
      [Object Copy (ms): Min: 29.7, Avg: 29.8, Max: 29.9, Diff: 0.2, Sum: 238.6]
      [Termination (ms): Min: 0.0, Avg: 0.0, Max: 0.1, Diff: 0.0, Sum: 0.3]
         [Termination Attempts: Min: 1, Avg: 65.9, Max: 87, Diff: 86, Sum: 527]
      [GC Worker Other (ms): Min: 0.0, Avg: 0.0, Max: 0.0, Diff: 0.0, Sum: 0.2]
      [GC Worker Total (ms): Min: 64.5, Avg: 64.6, Max: 64.8, Diff: 0.3, Sum: 516.9]
      [GC Worker End (ms): Min: 137026.3, Avg: 137026.3, Max: 137026.3, Diff: 0.0]
   [Code Root Fixup: 0.0 ms]
   [Code Root Purge: 0.0 ms]
   [Clear CT: 0.3 ms]
   [Other: 1.1 ms]
      [Choose CSet: 0.0 ms]
      [Ref Proc: 0.4 ms]
      [Ref Enq: 0.0 ms]
      [Redirty Cards: 0.4 ms]
      [Humongous Register: 0.0 ms]
      [Humongous Reclaim: 0.0 ms]
      [Free CSet: 0.1 ms]
   [Eden: 17.0M(152.0M)->0.0B(163.0M) Survivors: 22.0M->18.0M Heap: 952.5M(2048.0M)->955.5M(2048.0M)]
 [Times: user=0.50 sys=0.00, real=0.07 secs] 
2020-09-29T12:29:25.701+0200: 137.028: [GC concurrent-root-region-scan-start]
2020-09-29T12:29:25.709+0200: 137.035: [GC concurrent-root-region-scan-end, 0.0074041 secs]
2020-09-29T12:29:25.709+0200: 137.035: [GC concurrent-mark-start]
2020-09-29T12:29:25.713+0200: 137.040: [GC concurrent-mark-end, 0.0044541 secs]
2020-09-29T12:29:25.713+0200: 137.040: [GC remark 2020-09-29T12:29:25.713+0200: 137.040: [Finalize Marking, 0.0003608 secs] 2020-09-29T12:29:25.714+0200: 137.041: [GC ref-proc, 0.0005994 secs] 2020-09-29T12:29:25.714+0200: 137.041: [Unloading, 0.0006385 secs], 0.0021060 secs]
 [Times: user=0.00 sys=0.00, real=0.00 secs] 
2020-09-29T12:29:25.716+0200: 137.043: [GC cleanup 971M->43M(2048M), 0.0020404 secs]
 [Times: user=0.00 sys=0.00, real=0.00 secs] 
2020-09-29T12:29:25.719+0200: 137.045: [GC concurrent-cleanup-start]
2020-09-29T12:29:25.720+0200: 137.047: [GC concurrent-cleanup-end, 0.0017596 secs]
2020-09-29T12:29:25.857+0200: 137.184: [GC pause (G1 Evacuation Pause) (young), 0.1452634 secs]
   [Parallel Time: 143.7 ms, GC Workers: 8]
      [GC Worker Start (ms): Min: 137183.7, Avg: 137183.9, Max: 137184.0, Diff: 0.3]
      [Ext Root Scanning (ms): Min: 0.0, Avg: 0.1, Max: 0.3, Diff: 0.3, Sum: 0.9]
      [Update RS (ms): Min: 20.0, Avg: 20.2, Max: 20.7, Diff: 0.6, Sum: 161.7]
         [Processed Buffers: Min: 12, Avg: 13.8, Max: 16, Diff: 4, Sum: 110]
      [Scan RS (ms): Min: 10.4, Avg: 10.9, Max: 11.1, Diff: 0.7, Sum: 87.3]
      [Code Root Scanning (ms): Min: 0.0, Avg: 0.0, Max: 0.0, Diff: 0.0, Sum: 0.0]
      [Object Copy (ms): Min: 112.0, Avg: 112.0, Max: 112.1, Diff: 0.1, Sum: 896.2]
      [Termination (ms): Min: 0.0, Avg: 0.0, Max: 0.0, Diff: 0.0, Sum: 0.0]
         [Termination Attempts: Min: 1, Avg: 18.4, Max: 24, Diff: 23, Sum: 147]
      [GC Worker Other (ms): Min: 0.0, Avg: 0.1, Max: 0.1, Diff: 0.1, Sum: 0.4]
      [GC Worker Total (ms): Min: 143.2, Avg: 143.3, Max: 143.4, Diff: 0.2, Sum: 1146.6]
      [GC Worker End (ms): Min: 137327.2, Avg: 137327.2, Max: 137327.3, Diff: 0.1]
   [Code Root Fixup: 0.0 ms]
   [Code Root Purge: 0.0 ms]
   [Clear CT: 0.3 ms]
   [Other: 1.2 ms]
      [Choose CSet: 0.0 ms]
      [Ref Proc: 0.3 ms]
      [Ref Enq: 0.0 ms]
      [Redirty Cards: 0.3 ms]
      [Humongous Register: 0.0 ms]
      [Humongous Reclaim: 0.0 ms]
      [Free CSet: 0.2 ms]
   [Eden: 163.0M(163.0M)->0.0B(170.0M) Survivors: 18.0M->23.0M Heap: 219.6M(2048.0M)->204.1M(2048.0M)]
 [Times: user=1.13 sys=0.00, real=0.15 secs] 
2020-09-29T12:29:26.156+0200: 137.482: [GC pause (G1 Evacuation Pause) (young), 0.1761594 secs]
   [Parallel Time: 173.4 ms, GC Workers: 8]
      [GC Worker Start (ms): Min: 137482.5, Avg: 137482.7, Max: 137482.8, Diff: 0.3]
      [Ext Root Scanning (ms): Min: 0.0, Avg: 0.1, Max: 0.2, Diff: 0.2, Sum: 0.9]
      [Update RS (ms): Min: 22.7, Avg: 23.0, Max: 23.5, Diff: 0.8, Sum: 184.4]
         [Processed Buffers: Min: 13, Avg: 15.8, Max: 17, Diff: 4, Sum: 126]
      [Scan RS (ms): Min: 12.6, Avg: 13.1, Max: 13.3, Diff: 0.7, Sum: 104.4]
      [Code Root Scanning (ms): Min: 0.0, Avg: 0.0, Max: 0.0, Diff: 0.0, Sum: 0.0]
      [Object Copy (ms): Min: 136.7, Avg: 136.8, Max: 136.9, Diff: 0.2, Sum: 1094.3]
      [Termination (ms): Min: 0.0, Avg: 0.1, Max: 0.1, Diff: 0.1, Sum: 0.6]
         [Termination Attempts: Min: 1, Avg: 247.1, Max: 314, Diff: 313, Sum: 1977]
      [GC Worker Other (ms): Min: 0.0, Avg: 0.1, Max: 0.1, Diff: 0.1, Sum: 0.5]
      [GC Worker Total (ms): Min: 173.0, Avg: 173.1, Max: 173.3, Diff: 0.3, Sum: 1385.0]
      [GC Worker End (ms): Min: 137655.8, Avg: 137655.8, Max: 137655.9, Diff: 0.1]
   [Code Root Fixup: 0.0 ms]
   [Code Root Purge: 0.0 ms]
   [Clear CT: 0.4 ms]
   [Other: 2.4 ms]
      [Choose CSet: 0.0 ms]
      [Ref Proc: 0.3 ms]
      [Ref Enq: 0.0 ms]
      [Redirty Cards: 1.4 ms]
      [Humongous Register: 0.1 ms]
      [Humongous Reclaim: 0.0 ms]
      [Free CSet: 0.2 ms]
   [Eden: 170.0M(170.0M)->0.0B(167.0M) Survivors: 23.0M->25.0M Heap: 402.7M(2048.0M)->404.2M(2048.0M)]
 [Times: user=1.34 sys=0.00, real=0.18 secs] 
2020-09-29T12:29:26.492+0200: 137.818: [GC pause (G1 Evacuation Pause) (young), 0.1848406 secs]
   [Parallel Time: 183.2 ms, GC Workers: 8]
      [GC Worker Start (ms): Min: 137818.2, Avg: 137819.0, Max: 137823.6, Diff: 5.4]
      [Ext Root Scanning (ms): Min: 0.0, Avg: 0.1, Max: 0.2, Diff: 0.2, Sum: 0.8]
      [Update RS (ms): Min: 16.3, Avg: 20.6, Max: 21.6, Diff: 5.4, Sum: 164.7]
         [Processed Buffers: Min: 10, Avg: 13.1, Max: 16, Diff: 6, Sum: 105]
      [Scan RS (ms): Min: 14.3, Avg: 14.6, Max: 15.0, Diff: 0.7, Sum: 117.2]
      [Code Root Scanning (ms): Min: 0.0, Avg: 0.0, Max: 0.0, Diff: 0.0, Sum: 0.0]
      [Object Copy (ms): Min: 146.7, Avg: 146.8, Max: 146.8, Diff: 0.1, Sum: 1174.0]
      [Termination (ms): Min: 0.0, Avg: 0.0, Max: 0.0, Diff: 0.0, Sum: 0.1]
         [Termination Attempts: Min: 1, Avg: 53.5, Max: 72, Diff: 71, Sum: 428]
      [GC Worker Other (ms): Min: 0.0, Avg: 0.1, Max: 0.1, Diff: 0.1, Sum: 0.5]
      [GC Worker Total (ms): Min: 177.5, Avg: 182.2, Max: 183.0, Diff: 5.4, Sum: 1457.4]
      [GC Worker End (ms): Min: 138001.1, Avg: 138001.2, Max: 138001.2, Diff: 0.1]
   [Code Root Fixup: 0.0 ms]
   [Code Root Purge: 0.0 ms]
   [Clear CT: 0.3 ms]
   [Other: 1.4 ms]
      [Choose CSet: 0.0 ms]
      [Ref Proc: 0.3 ms]
      [Ref Enq: 0.0 ms]
      [Redirty Cards: 0.4 ms]
      [Humongous Register: 0.1 ms]
      [Humongous Reclaim: 0.0 ms]
      [Free CSet: 0.3 ms]
   [Eden: 167.0M(167.0M)->0.0B(162.0M) Survivors: 25.0M->24.0M Heap: 597.9M(2048.0M)->599.4M(2048.0M)]
 [Times: user=1.31 sys=0.02, real=0.18 secs] 
2020-09-29T12:29:26.837+0200: 138.164: [GC pause (G1 Evacuation Pause) (young), 0.1811803 secs]
   [Parallel Time: 179.5 ms, GC Workers: 8]
      [GC Worker Start (ms): Min: 138163.8, Avg: 138163.9, Max: 138164.0, Diff: 0.2]
      [Ext Root Scanning (ms): Min: 0.0, Avg: 0.1, Max: 0.2, Diff: 0.2, Sum: 0.9]
      [Update RS (ms): Min: 14.8, Avg: 15.4, Max: 15.9, Diff: 1.1, Sum: 123.5]
         [Processed Buffers: Min: 7, Avg: 9.9, Max: 12, Diff: 5, Sum: 79]
      [Scan RS (ms): Min: 15.2, Avg: 15.6, Max: 16.2, Diff: 1.0, Sum: 124.9]
      [Code Root Scanning (ms): Min: 0.0, Avg: 0.0, Max: 0.0, Diff: 0.0, Sum: 0.0]
      [Object Copy (ms): Min: 147.9, Avg: 148.0, Max: 148.1, Diff: 0.1, Sum: 1184.1]
      [Termination (ms): Min: 0.0, Avg: 0.0, Max: 0.0, Diff: 0.0, Sum: 0.0]
         [Termination Attempts: Min: 1, Avg: 16.1, Max: 29, Diff: 28, Sum: 129]
      [GC Worker Other (ms): Min: 0.0, Avg: 0.1, Max: 0.1, Diff: 0.1, Sum: 0.4]
      [GC Worker Total (ms): Min: 179.1, Avg: 179.2, Max: 179.4, Diff: 0.3, Sum: 1434.0]
      [GC Worker End (ms): Min: 138343.1, Avg: 138343.2, Max: 138343.2, Diff: 0.1]
   [Code Root Fixup: 0.0 ms]
   [Code Root Purge: 0.0 ms]
   [Clear CT: 0.4 ms]
   [Other: 1.3 ms]
      [Choose CSet: 0.0 ms]
      [Ref Proc: 0.3 ms]
      [Ref Enq: 0.0 ms]
      [Redirty Cards: 0.5 ms]
      [Humongous Register: 0.1 ms]
      [Humongous Reclaim: 0.0 ms]
      [Free CSet: 0.2 ms]
   [Eden: 162.0M(162.0M)->0.0B(158.0M) Survivors: 24.0M->24.0M Heap: 788.1M(2048.0M)->789.6M(2048.0M)]
 [Times: user=1.38 sys=0.00, real=0.18 secs] 
2020-09-29T12:29:27.175+0200: 138.501: [GC pause (G1 Evacuation Pause) (young), 0.1926171 secs]
   [Parallel Time: 191.0 ms, GC Workers: 8]
      [GC Worker Start (ms): Min: 138501.6, Avg: 138501.7, Max: 138501.9, Diff: 0.3]
      [Ext Root Scanning (ms): Min: 0.0, Avg: 0.1, Max: 0.3, Diff: 0.3, Sum: 1.0]
      [Update RS (ms): Min: 22.2, Avg: 22.5, Max: 23.1, Diff: 0.8, Sum: 180.3]
         [Processed Buffers: Min: 10, Avg: 12.3, Max: 14, Diff: 4, Sum: 98]
      [Scan RS (ms): Min: 16.6, Avg: 17.0, Max: 17.4, Diff: 0.8, Sum: 136.3]
      [Code Root Scanning (ms): Min: 0.0, Avg: 0.0, Max: 0.0, Diff: 0.0, Sum: 0.0]
      [Object Copy (ms): Min: 150.5, Avg: 150.7, Max: 150.8, Diff: 0.3, Sum: 1205.5]
      [Termination (ms): Min: 0.0, Avg: 0.1, Max: 0.2, Diff: 0.2, Sum: 1.0]
         [Termination Attempts: Min: 1, Avg: 451.8, Max: 606, Diff: 605, Sum: 3614]
      [GC Worker Other (ms): Min: 0.0, Avg: 0.1, Max: 0.1, Diff: 0.1, Sum: 0.4]
      [GC Worker Total (ms): Min: 190.4, Avg: 190.6, Max: 190.8, Diff: 0.4, Sum: 1524.5]
      [GC Worker End (ms): Min: 138692.3, Avg: 138692.3, Max: 138692.3, Diff: 0.1]
   [Code Root Fixup: 0.0 ms]
   [Code Root Purge: 0.0 ms]
   [Clear CT: 0.4 ms]
   [Other: 1.3 ms]
      [Choose CSet: 0.0 ms]
      [Ref Proc: 0.4 ms]
      [Ref Enq: 0.0 ms]
      [Redirty Cards: 0.3 ms]
      [Humongous Register: 0.1 ms]
      [Humongous Reclaim: 0.0 ms]
      [Free CSet: 0.2 ms]
   [Eden: 158.0M(158.0M)->0.0B(150.0M) Survivors: 24.0M->23.0M Heap: 974.3M(2048.0M)->975.8M(2048.0M)]
 [Times: user=1.63 sys=0.00, real=0.19 secs] 
2020-09-29T12:29:27.382+0200: 138.709: [GC pause (G1 Humongous Allocation) (young) (initial-mark), 0.0528185 secs]
   [Parallel Time: 50.9 ms, GC Workers: 8]
      [GC Worker Start (ms): Min: 138708.8, Avg: 138708.9, Max: 138709.1, Diff: 0.3]
      [Ext Root Scanning (ms): Min: 0.0, Avg: 0.3, Max: 0.5, Diff: 0.5, Sum: 2.1]
      [Update RS (ms): Min: 25.5, Avg: 26.0, Max: 26.6, Diff: 1.1, Sum: 207.7]
         [Processed Buffers: Min: 16, Avg: 18.0, Max: 20, Diff: 4, Sum: 144]
      [Scan RS (ms): Min: 2.0, Avg: 2.6, Max: 3.1, Diff: 1.1, Sum: 21.0]
      [Code Root Scanning (ms): Min: 0.0, Avg: 0.0, Max: 0.0, Diff: 0.0, Sum: 0.0]
      [Object Copy (ms): Min: 20.9, Avg: 21.6, Max: 21.7, Diff: 0.8, Sum: 172.6]
      [Termination (ms): Min: 0.0, Avg: 0.0, Max: 0.0, Diff: 0.0, Sum: 0.1]
         [Termination Attempts: Min: 1, Avg: 34.0, Max: 51, Diff: 50, Sum: 272]
      [GC Worker Other (ms): Min: 0.0, Avg: 0.0, Max: 0.1, Diff: 0.0, Sum: 0.2]
      [GC Worker Total (ms): Min: 50.3, Avg: 50.5, Max: 50.6, Diff: 0.3, Sum: 403.7]
      [GC Worker End (ms): Min: 138759.4, Avg: 138759.4, Max: 138759.4, Diff: 0.0]
   [Code Root Fixup: 0.0 ms]
   [Code Root Purge: 0.0 ms]
   [Clear CT: 0.6 ms]
   [Other: 1.3 ms]
      [Choose CSet: 0.0 ms]
      [Ref Proc: 0.5 ms]
      [Ref Enq: 0.0 ms]
      [Redirty Cards: 0.4 ms]
      [Humongous Register: 0.0 ms]
      [Humongous Reclaim: 0.0 ms]
      [Free CSet: 0.1 ms]
   [Eden: 5120.0K(150.0M)->0.0B(178.0M) Survivors: 23.0M->6144.0K Heap: 980.3M(2048.0M)->983.8M(2048.0M)]
 [Times: user=0.38 sys=0.00, real=0.05 secs] 
2020-09-29T12:29:27.435+0200: 138.762: [GC concurrent-root-region-scan-start]
2020-09-29T12:29:27.437+0200: 138.763: [GC concurrent-root-region-scan-end, 0.0016383 secs]
2020-09-29T12:29:27.437+0200: 138.763: [GC concurrent-mark-start]
2020-09-29T12:29:27.443+0200: 138.769: [GC concurrent-mark-end, 0.0057111 secs]
2020-09-29T12:29:27.443+0200: 138.769: [GC remark 2020-09-29T12:29:27.443+0200: 138.769: [Finalize Marking, 0.0008338 secs] 2020-09-29T12:29:27.444+0200: 138.770: [GC ref-proc, 0.0004914 secs] 2020-09-29T12:29:27.444+0200: 138.771: [Unloading, 0.0006683 secs], 0.0026455 secs]
 [Times: user=0.00 sys=0.00, real=0.00 secs] 
2020-09-29T12:29:27.446+0200: 138.773: [GC cleanup 993M->25M(2048M), 0.0031914 secs]
 [Times: user=0.00 sys=0.00, real=0.00 secs] 
2020-09-29T12:29:27.450+0200: 138.776: [GC concurrent-cleanup-start]
2020-09-29T12:29:27.451+0200: 138.778: [GC concurrent-cleanup-end, 0.0017137 secs]
2020-09-29T12:29:27.601+0200: 138.927: [GC pause (G1 Evacuation Pause) (young), 0.1563078 secs]
   [Parallel Time: 154.8 ms, GC Workers: 8]
      [GC Worker Start (ms): Min: 138927.6, Avg: 138927.7, Max: 138927.9, Diff: 0.2]
      [Ext Root Scanning (ms): Min: 0.0, Avg: 0.1, Max: 0.2, Diff: 0.2, Sum: 0.9]
      [Update RS (ms): Min: 12.0, Avg: 12.5, Max: 13.1, Diff: 1.1, Sum: 100.3]
         [Processed Buffers: Min: 8, Avg: 8.9, Max: 11, Diff: 3, Sum: 71]
      [Scan RS (ms): Min: 14.9, Avg: 15.5, Max: 16.1, Diff: 1.2, Sum: 124.0]
      [Code Root Scanning (ms): Min: 0.0, Avg: 0.0, Max: 0.0, Diff: 0.0, Sum: 0.0]
      [Object Copy (ms): Min: 126.1, Avg: 126.2, Max: 126.3, Diff: 0.1, Sum: 1009.7]
      [Termination (ms): Min: 0.0, Avg: 0.0, Max: 0.1, Diff: 0.1, Sum: 0.3]
         [Termination Attempts: Min: 1, Avg: 139.0, Max: 176, Diff: 175, Sum: 1112]
      [GC Worker Other (ms): Min: 0.0, Avg: 0.0, Max: 0.1, Diff: 0.0, Sum: 0.2]
      [GC Worker Total (ms): Min: 154.3, Avg: 154.4, Max: 154.6, Diff: 0.3, Sum: 1235.5]
      [GC Worker End (ms): Min: 139082.2, Avg: 139082.2, Max: 139082.2, Diff: 0.0]
   [Code Root Fixup: 0.0 ms]
   [Code Root Purge: 0.0 ms]
   [Clear CT: 0.3 ms]
   [Other: 1.2 ms]
      [Choose CSet: 0.0 ms]
      [Ref Proc: 0.3 ms]
      [Ref Enq: 0.0 ms]
      [Redirty Cards: 0.3 ms]
      [Humongous Register: 0.1 ms]
      [Humongous Reclaim: 0.0 ms]
      [Free CSet: 0.3 ms]
   [Eden: 178.0M(178.0M)->0.0B(170.0M) Survivors: 6144.0K->23.0M Heap: 224.5M(2048.0M)->220.5M(2048.0M)]
 [Times: user=1.25 sys=0.00, real=0.16 secs] 
2020-09-29T12:29:27.923+0200: 139.249: [GC pause (G1 Evacuation Pause) (young), 0.1774675 secs]
   [Parallel Time: 175.7 ms, GC Workers: 8]
      [GC Worker Start (ms): Min: 139249.3, Avg: 139249.4, Max: 139249.6, Diff: 0.2]
      [Ext Root Scanning (ms): Min: 0.0, Avg: 0.1, Max: 0.2, Diff: 0.2, Sum: 0.8]
      [Update RS (ms): Min: 12.9, Avg: 13.1, Max: 13.5, Diff: 0.6, Sum: 104.4]
         [Processed Buffers: Min: 8, Avg: 9.3, Max: 13, Diff: 5, Sum: 74]
      [Scan RS (ms): Min: 16.7, Avg: 17.1, Max: 17.3, Diff: 0.6, Sum: 137.2]
      [Code Root Scanning (ms): Min: 0.0, Avg: 0.0, Max: 0.0, Diff: 0.0, Sum: 0.0]
      [Object Copy (ms): Min: 144.8, Avg: 144.9, Max: 145.1, Diff: 0.3, Sum: 1159.4]
      [Termination (ms): Min: 0.0, Avg: 0.1, Max: 0.1, Diff: 0.1, Sum: 0.9]
         [Termination Attempts: Min: 1, Avg: 399.8, Max: 518, Diff: 517, Sum: 3198]
      [GC Worker Other (ms): Min: 0.0, Avg: 0.1, Max: 0.1, Diff: 0.1, Sum: 0.5]
      [GC Worker Total (ms): Min: 175.3, Avg: 175.4, Max: 175.5, Diff: 0.3, Sum: 1403.2]
      [GC Worker End (ms): Min: 139424.8, Avg: 139424.8, Max: 139424.9, Diff: 0.1]
   [Code Root Fixup: 0.0 ms]
   [Code Root Purge: 0.0 ms]
   [Clear CT: 0.3 ms]
   [Other: 1.4 ms]
      [Choose CSet: 0.0 ms]
      [Ref Proc: 0.4 ms]
      [Ref Enq: 0.0 ms]
      [Redirty Cards: 0.3 ms]
      [Humongous Register: 0.0 ms]
      [Humongous Reclaim: 0.0 ms]
      [Free CSet: 0.3 ms]
   [Eden: 170.0M(170.0M)->0.0B(166.0M) Survivors: 23.0M->25.0M Heap: 419.1M(2048.0M)->421.1M(2048.0M)]
 [Times: user=1.44 sys=0.00, real=0.18 secs] 
2020-09-29T12:29:28.262+0200: 139.589: [GC pause (G1 Evacuation Pause) (young), 0.1696762 secs]
   [Parallel Time: 167.0 ms, GC Workers: 8]
      [GC Worker Start (ms): Min: 139588.7, Avg: 139588.9, Max: 139589.0, Diff: 0.3]
      [Ext Root Scanning (ms): Min: 0.0, Avg: 0.1, Max: 0.3, Diff: 0.3, Sum: 0.8]
      [Update RS (ms): Min: 14.9, Avg: 15.3, Max: 15.8, Diff: 1.0, Sum: 122.7]
         [Processed Buffers: Min: 9, Avg: 9.5, Max: 10, Diff: 1, Sum: 76]
      [Scan RS (ms): Min: 15.9, Avg: 16.5, Max: 16.9, Diff: 1.1, Sum: 131.7]
      [Code Root Scanning (ms): Min: 0.0, Avg: 0.0, Max: 0.0, Diff: 0.0, Sum: 0.0]
      [Object Copy (ms): Min: 134.2, Avg: 134.6, Max: 134.7, Diff: 0.5, Sum: 1076.8]
      [Termination (ms): Min: 0.0, Avg: 0.0, Max: 0.0, Diff: 0.0, Sum: 0.1]
         [Termination Attempts: Min: 1, Avg: 38.0, Max: 54, Diff: 53, Sum: 304]
      [GC Worker Other (ms): Min: 0.0, Avg: 0.0, Max: 0.1, Diff: 0.1, Sum: 0.4]
      [GC Worker Total (ms): Min: 166.4, Avg: 166.6, Max: 166.7, Diff: 0.3, Sum: 1332.5]
      [GC Worker End (ms): Min: 139755.4, Avg: 139755.4, Max: 139755.5, Diff: 0.1]
   [Code Root Fixup: 0.0 ms]
   [Code Root Purge: 0.0 ms]
   [Clear CT: 0.7 ms]
   [Other: 2.0 ms]
      [Choose CSet: 0.0 ms]
      [Ref Proc: 0.2 ms]
      [Ref Enq: 0.0 ms]
      [Redirty Cards: 1.2 ms]
      [Humongous Register: 0.1 ms]
      [Humongous Reclaim: 0.0 ms]
      [Free CSet: 0.2 ms]
   [Eden: 166.0M(166.0M)->0.0B(168.0M) Survivors: 25.0M->24.0M Heap: 613.8M(2048.0M)->615.3M(2048.0M)]
 [Times: user=1.36 sys=0.00, real=0.17 secs] 
2020-09-29T12:29:28.587+0200: 139.914: [GC pause (G1 Evacuation Pause) (young), 0.2194494 secs]
   [Parallel Time: 217.9 ms, GC Workers: 8]
      [GC Worker Start (ms): Min: 139914.1, Avg: 139914.3, Max: 139914.4, Diff: 0.3]
      [Ext Root Scanning (ms): Min: 0.0, Avg: 0.1, Max: 0.3, Diff: 0.3, Sum: 1.0]
      [Update RS (ms): Min: 22.8, Avg: 24.1, Max: 31.7, Diff: 8.9, Sum: 193.0]
         [Processed Buffers: Min: 0, Avg: 13.3, Max: 18, Diff: 18, Sum: 106]
      [Scan RS (ms): Min: 7.8, Avg: 18.5, Max: 40.9, Diff: 33.1, Sum: 147.7]
      [Code Root Scanning (ms): Min: 0.0, Avg: 0.0, Max: 0.0, Diff: 0.0, Sum: 0.0]
      [Object Copy (ms): Min: 153.5, Avg: 174.7, Max: 177.8, Diff: 24.4, Sum: 1397.5]
      [Termination (ms): Min: 0.0, Avg: 0.1, Max: 0.1, Diff: 0.1, Sum: 0.7]
         [Termination Attempts: Min: 1, Avg: 336.6, Max: 439, Diff: 438, Sum: 2693]
      [GC Worker Other (ms): Min: 0.0, Avg: 0.1, Max: 0.1, Diff: 0.1, Sum: 0.5]
      [GC Worker Total (ms): Min: 217.4, Avg: 217.6, Max: 217.7, Diff: 0.3, Sum: 1740.4]
      [GC Worker End (ms): Min: 140131.8, Avg: 140131.8, Max: 140131.9, Diff: 0.1]
   [Code Root Fixup: 0.0 ms]
   [Code Root Purge: 0.0 ms]
   [Clear CT: 0.3 ms]
   [Other: 1.3 ms]
      [Choose CSet: 0.0 ms]
      [Ref Proc: 0.3 ms]
      [Ref Enq: 0.0 ms]
      [Redirty Cards: 0.4 ms]
      [Humongous Register: 0.1 ms]
      [Humongous Reclaim: 0.0 ms]
      [Free CSet: 0.3 ms]
   [Eden: 168.0M(168.0M)->0.0B(145.0M) Survivors: 24.0M->24.0M Heap: 811.9M(2048.0M)->814.4M(2048.0M)]
 [Times: user=1.67 sys=0.00, real=0.22 secs] 
2020-09-29T12:29:28.960+0200: 140.287: [GC pause (G1 Evacuation Pause) (young), 0.1650885 secs]
   [Parallel Time: 163.1 ms, GC Workers: 8]
      [GC Worker Start (ms): Min: 140286.8, Avg: 140287.0, Max: 140287.1, Diff: 0.3]
      [Ext Root Scanning (ms): Min: 0.0, Avg: 0.1, Max: 0.3, Diff: 0.3, Sum: 0.8]
      [Update RS (ms): Min: 14.6, Avg: 14.7, Max: 15.0, Diff: 0.4, Sum: 117.6]
         [Processed Buffers: Min: 9, Avg: 10.3, Max: 13, Diff: 4, Sum: 82]
      [Scan RS (ms): Min: 14.1, Avg: 14.3, Max: 14.4, Diff: 0.3, Sum: 114.2]
      [Code Root Scanning (ms): Min: 0.0, Avg: 0.0, Max: 0.0, Diff: 0.0, Sum: 0.0]
      [Object Copy (ms): Min: 133.5, Avg: 133.6, Max: 133.6, Diff: 0.2, Sum: 1068.8]
      [Termination (ms): Min: 0.0, Avg: 0.1, Max: 0.1, Diff: 0.1, Sum: 0.5]
         [Termination Attempts: Min: 1, Avg: 225.3, Max: 315, Diff: 314, Sum: 1802]
      [GC Worker Other (ms): Min: 0.0, Avg: 0.1, Max: 0.1, Diff: 0.1, Sum: 0.4]
      [GC Worker Total (ms): Min: 162.6, Avg: 162.8, Max: 162.9, Diff: 0.3, Sum: 1302.3]
      [GC Worker End (ms): Min: 140449.7, Avg: 140449.8, Max: 140449.8, Diff: 0.1]
   [Code Root Fixup: 0.0 ms]
   [Code Root Purge: 0.0 ms]
   [Clear CT: 0.4 ms]
   [Other: 1.6 ms]
      [Choose CSet: 0.0 ms]
      [Ref Proc: 0.4 ms]
      [Ref Enq: 0.0 ms]
      [Redirty Cards: 0.5 ms]
      [Humongous Register: 0.1 ms]
      [Humongous Reclaim: 0.0 ms]
      [Free CSet: 0.3 ms]
   [Eden: 145.0M(145.0M)->0.0B(153.0M) Survivors: 24.0M->22.0M Heap: 984.2M(2048.0M)->986.2M(2048.0M)]
 [Times: user=1.25 sys=0.00, real=0.16 secs] 
2020-09-29T12:29:29.148+0200: 140.475: [GC pause (G1 Humongous Allocation) (young) (initial-mark), 0.0948102 secs]
   [Parallel Time: 90.8 ms, GC Workers: 8]
      [GC Worker Start (ms): Min: 140475.4, Avg: 140475.6, Max: 140475.9, Diff: 0.5]
      [Ext Root Scanning (ms): Min: 0.0, Avg: 0.6, Max: 1.4, Diff: 1.4, Sum: 5.0]
      [Update RS (ms): Min: 42.7, Avg: 43.5, Max: 44.1, Diff: 1.4, Sum: 348.0]
         [Processed Buffers: Min: 17, Avg: 18.3, Max: 20, Diff: 3, Sum: 146]
      [Scan RS (ms): Min: 3.8, Avg: 4.3, Max: 5.0, Diff: 1.3, Sum: 34.4]
      [Code Root Scanning (ms): Min: 0.0, Avg: 0.0, Max: 0.0, Diff: 0.0, Sum: 0.0]
      [Object Copy (ms): Min: 41.5, Avg: 41.6, Max: 41.8, Diff: 0.3, Sum: 333.1]
      [Termination (ms): Min: 0.0, Avg: 0.1, Max: 0.1, Diff: 0.1, Sum: 0.5]
         [Termination Attempts: Min: 1, Avg: 146.0, Max: 180, Diff: 179, Sum: 1168]
      [GC Worker Other (ms): Min: 0.0, Avg: 0.0, Max: 0.1, Diff: 0.1, Sum: 0.4]
      [GC Worker Total (ms): Min: 89.9, Avg: 90.2, Max: 90.4, Diff: 0.5, Sum: 721.5]
      [GC Worker End (ms): Min: 140565.8, Avg: 140565.8, Max: 140565.9, Diff: 0.1]
   [Code Root Fixup: 0.0 ms]
   [Code Root Purge: 0.0 ms]
   [Clear CT: 0.6 ms]
   [Other: 3.4 ms]
      [Choose CSet: 0.0 ms]
      [Ref Proc: 2.0 ms]
      [Ref Enq: 0.0 ms]
      [Redirty Cards: 0.7 ms]
      [Humongous Register: 0.1 ms]
      [Humongous Reclaim: 0.0 ms]
      [Free CSet: 0.1 ms]
   [Eden: 9216.0K(153.0M)->0.0B(122.0M) Survivors: 22.0M->11.0M Heap: 994.7M(2048.0M)->999.7M(2048.0M)]
 [Times: user=0.73 sys=0.00, real=0.10 secs] 
2020-09-29T12:29:29.244+0200: 140.570: [GC concurrent-root-region-scan-start]
2020-09-29T12:29:29.253+0200: 140.580: [GC concurrent-root-region-scan-end, 0.0098855 secs]
2020-09-29T12:29:29.254+0200: 140.580: [GC concurrent-mark-start]
2020-09-29T12:29:29.261+0200: 140.588: [GC concurrent-mark-end, 0.0075726 secs]
2020-09-29T12:29:29.262+0200: 140.589: [GC remark 2020-09-29T12:29:29.262+0200: 140.589: [Finalize Marking, 0.0006898 secs] 2020-09-29T12:29:29.263+0200: 140.589: [GC ref-proc, 0.0008193 secs] 2020-09-29T12:29:29.264+0200: 140.590: [Unloading, 0.0016328 secs], 0.0040106 secs]
 [Times: user=0.00 sys=0.00, real=0.00 secs] 
2020-09-29T12:29:29.267+0200: 140.594: [GC cleanup 1012M->33M(2048M), 0.0043947 secs]
 [Times: user=0.11 sys=0.00, real=0.01 secs] 
2020-09-29T12:29:29.272+0200: 140.598: [GC concurrent-cleanup-start]
2020-09-29T12:29:29.275+0200: 140.602: [GC concurrent-cleanup-end, 0.0034329 secs]
2020-09-29T12:29:29.448+0200: 140.775: [GC pause (G1 Evacuation Pause) (young), 0.2300205 secs]
   [Parallel Time: 227.0 ms, GC Workers: 8]
      [GC Worker Start (ms): Min: 140775.2, Avg: 140775.4, Max: 140775.6, Diff: 0.4]
      [Ext Root Scanning (ms): Min: 0.0, Avg: 0.2, Max: 0.4, Diff: 0.4, Sum: 1.7]
      [Update RS (ms): Min: 25.2, Avg: 25.5, Max: 25.7, Diff: 0.5, Sum: 204.1]
         [Processed Buffers: Min: 9, Avg: 10.0, Max: 13, Diff: 4, Sum: 80]
      [Scan RS (ms): Min: 12.7, Avg: 13.0, Max: 13.4, Diff: 0.7, Sum: 103.7]
      [Code Root Scanning (ms): Min: 0.0, Avg: 0.0, Max: 0.0, Diff: 0.0, Sum: 0.0]
      [Object Copy (ms): Min: 187.0, Avg: 187.3, Max: 187.9, Diff: 0.9, Sum: 1498.0]
      [Termination (ms): Min: 0.0, Avg: 0.6, Max: 0.7, Diff: 0.7, Sum: 4.6]
         [Termination Attempts: Min: 1, Avg: 1139.4, Max: 1403, Diff: 1402, Sum: 9115]
      [GC Worker Other (ms): Min: 0.0, Avg: 0.1, Max: 0.1, Diff: 0.1, Sum: 0.6]
      [GC Worker Total (ms): Min: 226.4, Avg: 226.6, Max: 226.8, Diff: 0.4, Sum: 1812.6]
      [GC Worker End (ms): Min: 141001.9, Avg: 141002.0, Max: 141002.0, Diff: 0.1]
   [Code Root Fixup: 0.0 ms]
   [Code Root Purge: 0.0 ms]
   [Clear CT: 0.6 ms]
   [Other: 2.4 ms]
      [Choose CSet: 0.0 ms]
      [Ref Proc: 1.1 ms]
      [Ref Enq: 0.0 ms]
      [Redirty Cards: 0.7 ms]
      [Humongous Register: 0.1 ms]
      [Humongous Reclaim: 0.0 ms]
      [Free CSet: 0.2 ms]
   [Eden: 122.0M(122.0M)->0.0B(93.0M) Survivors: 11.0M->17.0M Heap: 164.0M(2048.0M)->155.0M(2048.0M)]
 [Times: user=1.70 sys=0.02, real=0.23 secs] 
2020-09-29T12:29:29.821+0200: 141.148: [GC pause (G1 Evacuation Pause) (young), 0.1759466 secs]
   [Parallel Time: 173.8 ms, GC Workers: 8]
      [GC Worker Start (ms): Min: 141147.9, Avg: 141148.1, Max: 141148.3, Diff: 0.4]
      [Ext Root Scanning (ms): Min: 0.0, Avg: 0.2, Max: 0.4, Diff: 0.4, Sum: 1.4]
      [Update RS (ms): Min: 22.4, Avg: 23.1, Max: 24.2, Diff: 1.8, Sum: 184.7]
         [Processed Buffers: Min: 8, Avg: 9.1, Max: 10, Diff: 2, Sum: 73]
      [Scan RS (ms): Min: 10.5, Avg: 11.7, Max: 12.5, Diff: 2.0, Sum: 93.5]
      [Code Root Scanning (ms): Min: 0.0, Avg: 0.0, Max: 0.0, Diff: 0.0, Sum: 0.0]
      [Object Copy (ms): Min: 138.1, Avg: 138.3, Max: 138.4, Diff: 0.3, Sum: 1106.1]
      [Termination (ms): Min: 0.0, Avg: 0.0, Max: 0.1, Diff: 0.1, Sum: 0.3]
         [Termination Attempts: Min: 1, Avg: 74.4, Max: 98, Diff: 97, Sum: 595]
      [GC Worker Other (ms): Min: 0.0, Avg: 0.1, Max: 0.2, Diff: 0.1, Sum: 0.7]
      [GC Worker Total (ms): Min: 173.2, Avg: 173.3, Max: 173.5, Diff: 0.4, Sum: 1386.7]
      [GC Worker End (ms): Min: 141321.4, Avg: 141321.5, Max: 141321.5, Diff: 0.1]
   [Code Root Fixup: 0.0 ms]
   [Code Root Purge: 0.0 ms]
   [Clear CT: 0.5 ms]
   [Other: 1.7 ms]
      [Choose CSet: 0.0 ms]
      [Ref Proc: 0.4 ms]
      [Ref Enq: 0.0 ms]
      [Redirty Cards: 0.5 ms]
      [Humongous Register: 0.1 ms]
      [Humongous Reclaim: 0.0 ms]
      [Free CSet: 0.3 ms]
   [Eden: 93.0M(93.0M)->0.0B(94.0M) Survivors: 17.0M->14.0M Heap: 263.2M(2048.0M)->265.7M(2048.0M)]
 [Times: user=1.38 sys=0.00, real=0.18 secs] 
2020-09-29T12:29:30.147+0200: 141.474: [GC pause (G1 Evacuation Pause) (young), 0.1722175 secs]
   [Parallel Time: 168.9 ms, GC Workers: 8]
      [GC Worker Start (ms): Min: 141474.1, Avg: 141474.3, Max: 141474.5, Diff: 0.4]
      [Ext Root Scanning (ms): Min: 0.0, Avg: 0.2, Max: 0.4, Diff: 0.4, Sum: 1.5]
      [Update RS (ms): Min: 21.7, Avg: 22.6, Max: 23.5, Diff: 1.8, Sum: 181.2]
         [Processed Buffers: Min: 6, Avg: 8.4, Max: 9, Diff: 3, Sum: 67]
      [Scan RS (ms): Min: 11.5, Avg: 12.6, Max: 14.4, Diff: 2.9, Sum: 100.9]
      [Code Root Scanning (ms): Min: 0.0, Avg: 0.0, Max: 0.0, Diff: 0.0, Sum: 0.0]
      [Object Copy (ms): Min: 131.2, Avg: 132.7, Max: 133.1, Diff: 1.9, Sum: 1061.8]
      [Termination (ms): Min: 0.0, Avg: 0.0, Max: 0.0, Diff: 0.0, Sum: 0.1]
         [Termination Attempts: Min: 1, Avg: 12.6, Max: 21, Diff: 20, Sum: 101]
      [GC Worker Other (ms): Min: 0.0, Avg: 0.1, Max: 0.2, Diff: 0.1, Sum: 0.7]
      [GC Worker Total (ms): Min: 168.1, Avg: 168.3, Max: 168.5, Diff: 0.4, Sum: 1346.1]
      [GC Worker End (ms): Min: 141642.5, Avg: 141642.6, Max: 141642.7, Diff: 0.1]
   [Code Root Fixup: 0.0 ms]
   [Code Root Purge: 0.0 ms]
   [Clear CT: 0.9 ms]
   [Other: 2.4 ms]
      [Choose CSet: 0.0 ms]
      [Ref Proc: 0.6 ms]
      [Ref Enq: 0.0 ms]
      [Redirty Cards: 1.2 ms]
      [Humongous Register: 0.1 ms]
      [Humongous Reclaim: 0.0 ms]
      [Free CSet: 0.2 ms]
   [Eden: 94.0M(94.0M)->0.0B(94.0M) Survivors: 14.0M->14.0M Heap: 375.0M(2048.0M)->377.5M(2048.0M)]
 [Times: user=1.30 sys=0.00, real=0.17 secs] 
2020-09-29T12:29:30.460+0200: 141.787: [GC pause (G1 Evacuation Pause) (young), 0.1686929 secs]
   [Parallel Time: 165.9 ms, GC Workers: 8]
      [GC Worker Start (ms): Min: 141787.3, Avg: 141787.4, Max: 141787.5, Diff: 0.2]
      [Ext Root Scanning (ms): Min: 0.1, Avg: 0.2, Max: 0.3, Diff: 0.2, Sum: 1.8]
      [Update RS (ms): Min: 15.4, Avg: 15.6, Max: 16.1, Diff: 0.7, Sum: 125.1]
         [Processed Buffers: Min: 6, Avg: 7.6, Max: 10, Diff: 4, Sum: 61]
      [Scan RS (ms): Min: 13.9, Avg: 14.5, Max: 15.7, Diff: 1.8, Sum: 116.3]
      [Code Root Scanning (ms): Min: 0.0, Avg: 0.0, Max: 0.0, Diff: 0.0, Sum: 0.0]
      [Object Copy (ms): Min: 133.5, Avg: 134.9, Max: 135.1, Diff: 1.6, Sum: 1079.0]
      [Termination (ms): Min: 0.0, Avg: 0.1, Max: 0.1, Diff: 0.1, Sum: 0.8]
         [Termination Attempts: Min: 1, Avg: 196.0, Max: 250, Diff: 249, Sum: 1568]
      [GC Worker Other (ms): Min: 0.0, Avg: 0.1, Max: 0.1, Diff: 0.1, Sum: 0.5]
      [GC Worker Total (ms): Min: 165.3, Avg: 165.4, Max: 165.6, Diff: 0.3, Sum: 1323.5]
      [GC Worker End (ms): Min: 141952.8, Avg: 141952.8, Max: 141952.9, Diff: 0.1]
   [Code Root Fixup: 0.0 ms]
   [Code Root Purge: 0.0 ms]
   [Clear CT: 0.6 ms]
   [Other: 2.2 ms]
      [Choose CSet: 0.0 ms]
      [Ref Proc: 0.8 ms]
      [Ref Enq: 0.0 ms]
      [Redirty Cards: 0.6 ms]
      [Humongous Register: 0.1 ms]
      [Humongous Reclaim: 0.0 ms]
      [Free CSet: 0.3 ms]
   [Eden: 94.0M(94.0M)->0.0B(96.0M) Survivors: 14.0M->14.0M Heap: 488.7M(2048.0M)->490.7M(2048.0M)]
 [Times: user=1.23 sys=0.00, real=0.17 secs] 
2020-09-29T12:29:30.782+0200: 142.108: [GC pause (G1 Evacuation Pause) (young), 0.1773144 secs]
   [Parallel Time: 174.8 ms, GC Workers: 8]
      [GC Worker Start (ms): Min: 142108.4, Avg: 142108.6, Max: 142108.7, Diff: 0.3]
      [Ext Root Scanning (ms): Min: 0.1, Avg: 0.2, Max: 0.4, Diff: 0.3, Sum: 1.5]
      [Update RS (ms): Min: 16.6, Avg: 17.6, Max: 18.8, Diff: 2.2, Sum: 141.0]
         [Processed Buffers: Min: 7, Avg: 7.9, Max: 11, Diff: 4, Sum: 63]
      [Scan RS (ms): Min: 12.2, Avg: 13.3, Max: 14.3, Diff: 2.1, Sum: 106.2]
      [Code Root Scanning (ms): Min: 0.0, Avg: 0.0, Max: 0.0, Diff: 0.0, Sum: 0.0]
      [Object Copy (ms): Min: 142.9, Avg: 143.0, Max: 143.1, Diff: 0.2, Sum: 1144.1]
      [Termination (ms): Min: 0.0, Avg: 0.0, Max: 0.0, Diff: 0.0, Sum: 0.1]
         [Termination Attempts: Min: 1, Avg: 18.5, Max: 28, Diff: 27, Sum: 148]
      [GC Worker Other (ms): Min: 0.0, Avg: 0.1, Max: 0.2, Diff: 0.1, Sum: 0.8]
      [GC Worker Total (ms): Min: 174.1, Avg: 174.2, Max: 174.4, Diff: 0.3, Sum: 1393.7]
      [GC Worker End (ms): Min: 142282.8, Avg: 142282.8, Max: 142282.9, Diff: 0.1]
   [Code Root Fixup: 0.0 ms]
   [Code Root Purge: 0.0 ms]
   [Clear CT: 0.7 ms]
   [Other: 1.8 ms]
      [Choose CSet: 0.0 ms]
      [Ref Proc: 0.5 ms]
      [Ref Enq: 0.0 ms]
      [Redirty Cards: 0.7 ms]
      [Humongous Register: 0.1 ms]
      [Humongous Reclaim: 0.0 ms]
      [Free CSet: 0.2 ms]
   [Eden: 96.0M(96.0M)->0.0B(97.0M) Survivors: 14.0M->14.0M Heap: 601.9M(2048.0M)->604.4M(2048.0M)]
 [Times: user=1.38 sys=0.00, real=0.18 secs] 
2020-09-29T12:29:31.121+0200: 142.448: [GC pause (G1 Evacuation Pause) (young), 0.2131625 secs]
   [Parallel Time: 210.8 ms, GC Workers: 8]
      [GC Worker Start (ms): Min: 142447.9, Avg: 142452.1, Max: 142480.1, Diff: 32.2]
      [Ext Root Scanning (ms): Min: 0.0, Avg: 0.2, Max: 0.4, Diff: 0.4, Sum: 1.5]
      [Update RS (ms): Min: 0.0, Avg: 24.0, Max: 28.3, Diff: 28.3, Sum: 192.2]
         [Processed Buffers: Min: 0, Avg: 10.8, Max: 15, Diff: 15, Sum: 86]
      [Scan RS (ms): Min: 9.4, Avg: 15.0, Max: 27.5, Diff: 18.2, Sum: 119.9]
      [Code Root Scanning (ms): Min: 0.0, Avg: 0.0, Max: 0.0, Diff: 0.0, Sum: 0.0]
      [Object Copy (ms): Min: 155.1, Avg: 166.9, Max: 168.8, Diff: 13.7, Sum: 1335.5]
      [Termination (ms): Min: 0.0, Avg: 0.1, Max: 0.1, Diff: 0.1, Sum: 0.4]
         [Termination Attempts: Min: 1, Avg: 106.5, Max: 143, Diff: 142, Sum: 852]
      [GC Worker Other (ms): Min: 0.0, Avg: 0.1, Max: 0.1, Diff: 0.1, Sum: 0.5]
      [GC Worker Total (ms): Min: 178.3, Avg: 206.2, Max: 210.4, Diff: 32.1, Sum: 1649.9]
      [GC Worker End (ms): Min: 142658.3, Avg: 142658.3, Max: 142658.4, Diff: 0.1]
   [Code Root Fixup: 0.0 ms]
   [Code Root Purge: 0.0 ms]
   [Clear CT: 0.5 ms]
   [Other: 1.8 ms]
      [Choose CSet: 0.0 ms]
      [Ref Proc: 0.6 ms]
      [Ref Enq: 0.0 ms]
      [Redirty Cards: 0.5 ms]
      [Humongous Register: 0.1 ms]
      [Humongous Reclaim: 0.0 ms]
      [Free CSet: 0.3 ms]
   [Eden: 97.0M(97.0M)->0.0B(88.0M) Survivors: 14.0M->14.0M Heap: 718.6M(2048.0M)->720.1M(2048.0M)]
 [Times: user=1.59 sys=0.00, real=0.21 secs] 
2020-09-29T12:29:31.473+0200: 142.800: [GC pause (G1 Evacuation Pause) (young), 0.1908218 secs]
   [Parallel Time: 188.5 ms, GC Workers: 8]
      [GC Worker Start (ms): Min: 142799.8, Avg: 142800.1, Max: 142800.2, Diff: 0.4]
      [Ext Root Scanning (ms): Min: 0.0, Avg: 0.2, Max: 0.4, Diff: 0.4, Sum: 1.4]
      [Update RS (ms): Min: 15.0, Avg: 17.4, Max: 31.6, Diff: 16.7, Sum: 139.0]
         [Processed Buffers: Min: 6, Avg: 6.5, Max: 8, Diff: 2, Sum: 52]
      [Scan RS (ms): Min: 0.0, Avg: 13.0, Max: 15.7, Diff: 15.7, Sum: 103.9]
      [Code Root Scanning (ms): Min: 0.0, Avg: 0.0, Max: 0.0, Diff: 0.0, Sum: 0.0]
      [Object Copy (ms): Min: 155.9, Avg: 157.2, Max: 157.7, Diff: 1.8, Sum: 1257.7]
      [Termination (ms): Min: 0.0, Avg: 0.1, Max: 0.1, Diff: 0.1, Sum: 0.6]
         [Termination Attempts: Min: 1, Avg: 140.8, Max: 195, Diff: 194, Sum: 1126]
      [GC Worker Other (ms): Min: 0.0, Avg: 0.1, Max: 0.2, Diff: 0.1, Sum: 0.7]
      [GC Worker Total (ms): Min: 187.7, Avg: 187.9, Max: 188.1, Diff: 0.4, Sum: 1503.3]
      [GC Worker End (ms): Min: 142987.9, Avg: 142988.0, Max: 142988.1, Diff: 0.2]
   [Code Root Fixup: 0.0 ms]
   [Code Root Purge: 0.0 ms]
   [Clear CT: 0.6 ms]
   [Other: 1.6 ms]
      [Choose CSet: 0.0 ms]
      [Ref Proc: 0.4 ms]
      [Ref Enq: 0.0 ms]
      [Redirty Cards: 0.5 ms]
      [Humongous Register: 0.1 ms]
      [Humongous Reclaim: 0.0 ms]
      [Free CSet: 0.3 ms]
   [Eden: 88.0M(88.0M)->0.0B(89.0M) Survivors: 14.0M->13.0M Heap: 821.4M(2048.0M)->823.4M(2048.0M)]
 [Times: user=1.42 sys=0.00, real=0.19 secs] 
2020-09-29T12:29:31.810+0200: 143.137: [GC pause (G1 Evacuation Pause) (young), 0.1753655 secs]
   [Parallel Time: 173.1 ms, GC Workers: 8]
      [GC Worker Start (ms): Min: 143137.4, Avg: 143137.6, Max: 143137.8, Diff: 0.4]
      [Ext Root Scanning (ms): Min: 0.0, Avg: 0.2, Max: 0.4, Diff: 0.4, Sum: 1.4]
      [Update RS (ms): Min: 20.0, Avg: 20.7, Max: 21.4, Diff: 1.4, Sum: 165.8]
         [Processed Buffers: Min: 8, Avg: 8.5, Max: 10, Diff: 2, Sum: 68]
      [Scan RS (ms): Min: 10.7, Avg: 11.4, Max: 12.0, Diff: 1.3, Sum: 91.4]
      [Code Root Scanning (ms): Min: 0.0, Avg: 0.0, Max: 0.0, Diff: 0.0, Sum: 0.0]
      [Object Copy (ms): Min: 139.8, Avg: 140.1, Max: 140.3, Diff: 0.5, Sum: 1120.5]
      [Termination (ms): Min: 0.0, Avg: 0.1, Max: 0.1, Diff: 0.1, Sum: 0.7]
         [Termination Attempts: Min: 1, Avg: 171.9, Max: 233, Diff: 232, Sum: 1375]
      [GC Worker Other (ms): Min: 0.0, Avg: 0.1, Max: 0.1, Diff: 0.1, Sum: 0.6]
      [GC Worker Total (ms): Min: 172.4, Avg: 172.5, Max: 172.7, Diff: 0.3, Sum: 1380.3]
      [GC Worker End (ms): Min: 143310.1, Avg: 143310.1, Max: 143310.2, Diff: 0.1]
   [Code Root Fixup: 0.0 ms]
   [Code Root Purge: 0.0 ms]
   [Clear CT: 0.6 ms]
   [Other: 1.7 ms]
      [Choose CSet: 0.0 ms]
      [Ref Proc: 0.3 ms]
      [Ref Enq: 0.0 ms]
      [Redirty Cards: 0.7 ms]
      [Humongous Register: 0.1 ms]
      [Humongous Reclaim: 0.0 ms]
      [Free CSet: 0.3 ms]
   [Eden: 89.0M(89.0M)->0.0B(89.0M) Survivors: 13.0M->13.0M Heap: 927.7M(2048.0M)->929.7M(2048.0M)]
 [Times: user=1.36 sys=0.00, real=0.18 secs] 
2020-09-29T12:29:31.997+0200: 143.323: [GC pause (G1 Humongous Allocation) (young) (initial-mark), 0.0741488 secs]
   [Parallel Time: 71.3 ms, GC Workers: 8]
      [GC Worker Start (ms): Min: 143323.6, Avg: 143323.8, Max: 143324.0, Diff: 0.4]
      [Ext Root Scanning (ms): Min: 0.0, Avg: 0.2, Max: 0.4, Diff: 0.4, Sum: 1.8]
      [Update RS (ms): Min: 31.8, Avg: 32.8, Max: 36.4, Diff: 4.7, Sum: 262.4]
         [Processed Buffers: Min: 13, Avg: 14.1, Max: 16, Diff: 3, Sum: 113]
      [Scan RS (ms): Min: 0.0, Avg: 2.4, Max: 3.3, Diff: 3.3, Sum: 19.3]
      [Code Root Scanning (ms): Min: 0.0, Avg: 0.0, Max: 0.0, Diff: 0.0, Sum: 0.0]
      [Object Copy (ms): Min: 33.9, Avg: 35.1, Max: 35.4, Diff: 1.5, Sum: 281.1]
      [Termination (ms): Min: 0.0, Avg: 0.0, Max: 0.1, Diff: 0.1, Sum: 0.3]
         [Termination Attempts: Min: 1, Avg: 80.5, Max: 107, Diff: 106, Sum: 644]
      [GC Worker Other (ms): Min: 0.0, Avg: 0.1, Max: 0.1, Diff: 0.1, Sum: 0.4]
      [GC Worker Total (ms): Min: 70.5, Avg: 70.7, Max: 70.9, Diff: 0.4, Sum: 565.5]
      [GC Worker End (ms): Min: 143394.5, Avg: 143394.5, Max: 143394.5, Diff: 0.1]
   [Code Root Fixup: 0.0 ms]
   [Code Root Purge: 0.0 ms]
   [Clear CT: 0.9 ms]
   [Other: 2.0 ms]
      [Choose CSet: 0.0 ms]
      [Ref Proc: 0.5 ms]
      [Ref Enq: 0.0 ms]
      [Redirty Cards: 0.7 ms]
      [Humongous Register: 0.1 ms]
      [Humongous Reclaim: 0.0 ms]
      [Free CSet: 0.1 ms]
   [Eden: 6144.0K(89.0M)->0.0B(94.0M) Survivors: 13.0M->8192.0K Heap: 935.2M(2048.0M)->939.2M(2048.0M)]
 [Times: user=0.56 sys=0.00, real=0.07 secs] 
2020-09-29T12:29:32.071+0200: 143.398: [GC concurrent-root-region-scan-start]
2020-09-29T12:29:32.074+0200: 143.401: [GC concurrent-root-region-scan-end, 0.0033719 secs]
2020-09-29T12:29:32.075+0200: 143.401: [GC concurrent-mark-start]
2020-09-29T12:29:32.080+0200: 143.407: [GC concurrent-mark-end, 0.0059212 secs]
2020-09-29T12:29:32.081+0200: 143.408: [GC remark 2020-09-29T12:29:32.081+0200: 143.408: [Finalize Marking, 0.0005925 secs] 2020-09-29T12:29:32.082+0200: 143.408: [GC ref-proc, 0.0008221 secs] 2020-09-29T12:29:32.083+0200: 143.409: [Unloading, 0.0013436 secs], 0.0034366 secs]
 [Times: user=0.00 sys=0.01, real=0.00 secs] 
2020-09-29T12:29:32.086+0200: 143.412: [GC cleanup 948M->26M(2048M), 0.0036061 secs]
 [Times: user=0.00 sys=0.00, real=0.00 secs] 
2020-09-29T12:29:32.089+0200: 143.416: [GC concurrent-cleanup-start]
2020-09-29T12:29:32.092+0200: 143.418: [GC concurrent-cleanup-end, 0.0024822 secs]
2020-09-29T12:29:32.220+0200: 143.546: [GC pause (G1 Evacuation Pause) (young), 0.1561652 secs]
   [Parallel Time: 153.4 ms, GC Workers: 8]
      [GC Worker Start (ms): Min: 143546.5, Avg: 143547.5, Max: 143553.0, Diff: 6.5]
      [Ext Root Scanning (ms): Min: 0.0, Avg: 0.2, Max: 0.4, Diff: 0.4, Sum: 1.4]
      [Update RS (ms): Min: 9.2, Avg: 14.7, Max: 16.4, Diff: 7.2, Sum: 118.0]
         [Processed Buffers: Min: 6, Avg: 7.1, Max: 9, Diff: 3, Sum: 57]
      [Scan RS (ms): Min: 10.9, Avg: 11.9, Max: 12.3, Diff: 1.3, Sum: 95.2]
      [Code Root Scanning (ms): Min: 0.0, Avg: 0.0, Max: 0.0, Diff: 0.0, Sum: 0.0]
      [Object Copy (ms): Min: 125.0, Avg: 125.1, Max: 125.2, Diff: 0.3, Sum: 1000.6]
      [Termination (ms): Min: 0.0, Avg: 0.1, Max: 0.2, Diff: 0.2, Sum: 1.0]
         [Termination Attempts: Min: 1, Avg: 46.3, Max: 70, Diff: 69, Sum: 370]
      [GC Worker Other (ms): Min: 0.0, Avg: 0.0, Max: 0.0, Diff: 0.0, Sum: 0.2]
      [GC Worker Total (ms): Min: 146.5, Avg: 152.0, Max: 153.0, Diff: 6.6, Sum: 1216.4]
      [GC Worker End (ms): Min: 143699.5, Avg: 143699.5, Max: 143699.5, Diff: 0.1]
   [Code Root Fixup: 0.0 ms]
   [Code Root Purge: 0.0 ms]
   [Clear CT: 0.6 ms]
   [Other: 2.1 ms]
      [Choose CSet: 0.0 ms]
      [Ref Proc: 0.6 ms]
      [Ref Enq: 0.0 ms]
      [Redirty Cards: 0.9 ms]
      [Humongous Register: 0.1 ms]
      [Humongous Reclaim: 0.0 ms]
      [Free CSet: 0.2 ms]
   [Eden: 94.0M(94.0M)->0.0B(89.0M) Survivors: 8192.0K->13.0M Heap: 128.7M(2048.0M)->123.2M(2048.0M)]
 [Times: user=1.23 sys=0.00, real=0.16 secs] 
2020-09-29T12:29:32.517+0200: 143.844: [GC pause (G1 Evacuation Pause) (young), 0.1525383 secs]
   [Parallel Time: 150.2 ms, GC Workers: 8]
      [GC Worker Start (ms): Min: 143844.2, Avg: 143844.3, Max: 143844.5, Diff: 0.3]
      [Ext Root Scanning (ms): Min: 0.0, Avg: 0.2, Max: 0.4, Diff: 0.3, Sum: 1.5]
      [Update RS (ms): Min: 13.7, Avg: 15.2, Max: 15.9, Diff: 2.2, Sum: 121.4]
         [Processed Buffers: Min: 6, Avg: 6.0, Max: 6, Diff: 0, Sum: 48]
      [Scan RS (ms): Min: 12.8, Avg: 13.5, Max: 14.8, Diff: 2.0, Sum: 108.0]
      [Code Root Scanning (ms): Min: 0.0, Avg: 0.0, Max: 0.0, Diff: 0.0, Sum: 0.0]
      [Object Copy (ms): Min: 120.5, Avg: 120.6, Max: 120.7, Diff: 0.2, Sum: 964.9]
      [Termination (ms): Min: 0.0, Avg: 0.0, Max: 0.0, Diff: 0.0, Sum: 0.3]
         [Termination Attempts: Min: 1, Avg: 56.8, Max: 71, Diff: 70, Sum: 454]
      [GC Worker Other (ms): Min: 0.0, Avg: 0.1, Max: 0.1, Diff: 0.1, Sum: 0.5]
      [GC Worker Total (ms): Min: 149.4, Avg: 149.6, Max: 149.8, Diff: 0.4, Sum: 1196.6]
      [GC Worker End (ms): Min: 143993.9, Avg: 143993.9, Max: 143994.0, Diff: 0.1]
   [Code Root Fixup: 0.0 ms]
   [Code Root Purge: 0.0 ms]
   [Clear CT: 0.6 ms]
   [Other: 1.7 ms]
      [Choose CSet: 0.0 ms]
      [Ref Proc: 0.4 ms]
      [Ref Enq: 0.0 ms]
      [Redirty Cards: 0.6 ms]
      [Humongous Register: 0.1 ms]
      [Humongous Reclaim: 0.0 ms]
      [Free CSet: 0.2 ms]
   [Eden: 89.0M(89.0M)->0.0B(93.0M) Survivors: 13.0M->13.0M Heap: 225.5M(2048.0M)->227.5M(2048.0M)]
 [Times: user=1.25 sys=0.00, real=0.15 secs] 
2020-09-29T12:29:32.811+0200: 144.138: [GC pause (G1 Evacuation Pause) (young), 0.1698933 secs]
   [Parallel Time: 167.4 ms, GC Workers: 8]
      [GC Worker Start (ms): Min: 144138.3, Avg: 144138.4, Max: 144138.6, Diff: 0.3]
      [Ext Root Scanning (ms): Min: 0.1, Avg: 0.2, Max: 0.4, Diff: 0.3, Sum: 1.9]
      [Update RS (ms): Min: 17.3, Avg: 18.0, Max: 19.9, Diff: 2.6, Sum: 144.1]
         [Processed Buffers: Min: 6, Avg: 8.1, Max: 10, Diff: 4, Sum: 65]
      [Scan RS (ms): Min: 12.0, Avg: 13.9, Max: 14.7, Diff: 2.7, Sum: 111.3]
      [Code Root Scanning (ms): Min: 0.0, Avg: 0.0, Max: 0.0, Diff: 0.0, Sum: 0.0]
      [Object Copy (ms): Min: 134.6, Avg: 134.7, Max: 134.8, Diff: 0.2, Sum: 1077.5]
      [Termination (ms): Min: 0.0, Avg: 0.0, Max: 0.1, Diff: 0.1, Sum: 0.3]
         [Termination Attempts: Min: 1, Avg: 75.9, Max: 105, Diff: 104, Sum: 607]
      [GC Worker Other (ms): Min: 0.0, Avg: 0.1, Max: 0.2, Diff: 0.2, Sum: 0.6]
      [GC Worker Total (ms): Min: 166.8, Avg: 167.0, Max: 167.1, Diff: 0.3, Sum: 1335.8]
      [GC Worker End (ms): Min: 144305.4, Avg: 144305.4, Max: 144305.5, Diff: 0.1]
   [Code Root Fixup: 0.0 ms]
   [Code Root Purge: 0.0 ms]
   [Clear CT: 0.7 ms]
   [Other: 1.7 ms]
      [Choose CSet: 0.0 ms]
      [Ref Proc: 0.3 ms]
      [Ref Enq: 0.0 ms]
      [Redirty Cards: 0.6 ms]
      [Humongous Register: 0.1 ms]
      [Humongous Reclaim: 0.0 ms]
      [Free CSet: 0.2 ms]
   [Eden: 93.0M(93.0M)->0.0B(94.0M) Survivors: 13.0M->14.0M Heap: 337.7M(2048.0M)->339.7M(2048.0M)]
 [Times: user=1.38 sys=0.00, real=0.17 secs] 
2020-09-29T12:29:33.123+0200: 144.450: [GC pause (G1 Evacuation Pause) (young), 0.1847469 secs]
   [Parallel Time: 181.8 ms, GC Workers: 8]
      [GC Worker Start (ms): Min: 144450.5, Avg: 144450.7, Max: 144450.9, Diff: 0.4]
      [Ext Root Scanning (ms): Min: 0.0, Avg: 0.2, Max: 0.4, Diff: 0.4, Sum: 1.3]
      [Update RS (ms): Min: 21.0, Avg: 21.6, Max: 23.2, Diff: 2.2, Sum: 172.8]
         [Processed Buffers: Min: 8, Avg: 9.3, Max: 13, Diff: 5, Sum: 74]
      [Scan RS (ms): Min: 10.9, Avg: 12.6, Max: 13.3, Diff: 2.4, Sum: 100.9]
      [Code Root Scanning (ms): Min: 0.0, Avg: 0.0, Max: 0.0, Diff: 0.0, Sum: 0.0]
      [Object Copy (ms): Min: 146.6, Avg: 146.7, Max: 146.8, Diff: 0.2, Sum: 1173.7]
      [Termination (ms): Min: 0.0, Avg: 0.0, Max: 0.0, Diff: 0.0, Sum: 0.1]
         [Termination Attempts: Min: 1, Avg: 35.3, Max: 48, Diff: 47, Sum: 282]
      [GC Worker Other (ms): Min: 0.0, Avg: 0.1, Max: 0.1, Diff: 0.1, Sum: 0.5]
      [GC Worker Total (ms): Min: 181.0, Avg: 181.2, Max: 181.4, Diff: 0.4, Sum: 1449.4]
      [GC Worker End (ms): Min: 144631.9, Avg: 144631.9, Max: 144631.9, Diff: 0.1]
   [Code Root Fixup: 0.0 ms]
   [Code Root Purge: 0.0 ms]
   [Clear CT: 0.8 ms]
   [Other: 2.2 ms]
      [Choose CSet: 0.0 ms]
      [Ref Proc: 0.7 ms]
      [Ref Enq: 0.0 ms]
      [Redirty Cards: 0.8 ms]
      [Humongous Register: 0.2 ms]
      [Humongous Reclaim: 0.0 ms]
      [Free CSet: 0.2 ms]
   [Eden: 94.0M(94.0M)->0.0B(94.0M) Survivors: 14.0M->14.0M Heap: 448.9M(2048.0M)->450.4M(2048.0M)]
 [Times: user=1.50 sys=0.00, real=0.19 secs] 
2020-09-29T12:29:33.455+0200: 144.782: [GC pause (G1 Evacuation Pause) (young), 0.1841982 secs]
   [Parallel Time: 181.5 ms, GC Workers: 8]
      [GC Worker Start (ms): Min: 144782.2, Avg: 144782.4, Max: 144782.6, Diff: 0.4]
      [Ext Root Scanning (ms): Min: 0.0, Avg: 0.2, Max: 0.4, Diff: 0.4, Sum: 1.4]
      [Update RS (ms): Min: 15.9, Avg: 17.1, Max: 18.5, Diff: 2.6, Sum: 136.5]
         [Processed Buffers: Min: 7, Avg: 7.6, Max: 9, Diff: 2, Sum: 61]
      [Scan RS (ms): Min: 11.9, Avg: 13.3, Max: 14.4, Diff: 2.6, Sum: 106.4]
      [Code Root Scanning (ms): Min: 0.0, Avg: 0.0, Max: 0.0, Diff: 0.0, Sum: 0.0]
      [Object Copy (ms): Min: 149.9, Avg: 150.1, Max: 150.2, Diff: 0.3, Sum: 1200.6]
      [Termination (ms): Min: 0.0, Avg: 0.1, Max: 0.1, Diff: 0.1, Sum: 0.9]
         [Termination Attempts: Min: 1, Avg: 244.1, Max: 287, Diff: 286, Sum: 1953]
      [GC Worker Other (ms): Min: 0.0, Avg: 0.0, Max: 0.1, Diff: 0.1, Sum: 0.4]
      [GC Worker Total (ms): Min: 180.6, Avg: 180.8, Max: 181.0, Diff: 0.4, Sum: 1446.2]
      [GC Worker End (ms): Min: 144963.2, Avg: 144963.2, Max: 144963.3, Diff: 0.1]
   [Code Root Fixup: 0.0 ms]
   [Code Root Purge: 0.0 ms]
   [Clear CT: 0.7 ms]
   [Other: 2.0 ms]
      [Choose CSet: 0.0 ms]
      [Ref Proc: 0.5 ms]
      [Ref Enq: 0.0 ms]
      [Redirty Cards: 0.6 ms]
      [Humongous Register: 0.1 ms]
      [Humongous Reclaim: 0.0 ms]
      [Free CSet: 0.3 ms]
   [Eden: 94.0M(94.0M)->0.0B(94.0M) Survivors: 14.0M->14.0M Heap: 559.7M(2048.0M)->561.7M(2048.0M)]
 [Times: user=1.50 sys=0.00, real=0.19 secs] 
2020-09-29T12:29:33.792+0200: 145.118: [GC pause (G1 Evacuation Pause) (young), 0.1902144 secs]
   [Parallel Time: 187.4 ms, GC Workers: 8]
      [GC Worker Start (ms): Min: 145118.5, Avg: 145120.4, Max: 145131.9, Diff: 13.4]
      [Ext Root Scanning (ms): Min: 0.0, Avg: 0.2, Max: 0.4, Diff: 0.4, Sum: 1.4]
      [Update RS (ms): Min: 10.7, Avg: 21.8, Max: 24.7, Diff: 14.0, Sum: 174.6]
         [Processed Buffers: Min: 4, Avg: 8.5, Max: 11, Diff: 7, Sum: 68]
      [Scan RS (ms): Min: 11.7, Avg: 12.8, Max: 13.5, Diff: 1.7, Sum: 102.1]
      [Code Root Scanning (ms): Min: 0.0, Avg: 0.0, Max: 0.0, Diff: 0.0, Sum: 0.0]
      [Object Copy (ms): Min: 150.1, Avg: 150.3, Max: 150.5, Diff: 0.3, Sum: 1202.8]
      [Termination (ms): Min: 0.0, Avg: 0.1, Max: 0.2, Diff: 0.2, Sum: 1.0]
         [Termination Attempts: Min: 1, Avg: 254.9, Max: 322, Diff: 321, Sum: 2039]
      [GC Worker Other (ms): Min: 0.0, Avg: 0.1, Max: 0.1, Diff: 0.1, Sum: 0.4]
      [GC Worker Total (ms): Min: 173.8, Avg: 185.3, Max: 187.1, Diff: 13.4, Sum: 1482.3]
      [GC Worker End (ms): Min: 145305.7, Avg: 145305.7, Max: 145305.7, Diff: 0.1]
   [Code Root Fixup: 0.0 ms]
   [Code Root Purge: 0.0 ms]
   [Clear CT: 0.6 ms]
   [Other: 2.2 ms]
      [Choose CSet: 0.0 ms]
      [Ref Proc: 0.6 ms]
      [Ref Enq: 0.0 ms]
      [Redirty Cards: 1.0 ms]
      [Humongous Register: 0.1 ms]
      [Humongous Reclaim: 0.0 ms]
      [Free CSet: 0.2 ms]
   [Eden: 94.0M(94.0M)->0.0B(92.0M) Survivors: 14.0M->14.0M Heap: 671.0M(2048.0M)->673.5M(2048.0M)]
 [Times: user=1.47 sys=0.00, real=0.19 secs] 
2020-09-29T12:29:34.128+0200: 145.455: [GC pause (G1 Evacuation Pause) (young), 0.1709104 secs]
   [Parallel Time: 168.0 ms, GC Workers: 8]
      [GC Worker Start (ms): Min: 145455.7, Avg: 145455.9, Max: 145456.1, Diff: 0.4]
      [Ext Root Scanning (ms): Min: 0.0, Avg: 0.2, Max: 0.4, Diff: 0.4, Sum: 1.4]
      [Update RS (ms): Min: 15.6, Avg: 16.1, Max: 18.0, Diff: 2.5, Sum: 128.9]
         [Processed Buffers: Min: 6, Avg: 6.6, Max: 8, Diff: 2, Sum: 53]
      [Scan RS (ms): Min: 11.6, Avg: 13.5, Max: 14.1, Diff: 2.5, Sum: 108.1]
      [Code Root Scanning (ms): Min: 0.0, Avg: 0.0, Max: 0.0, Diff: 0.0, Sum: 0.0]
      [Object Copy (ms): Min: 137.2, Avg: 137.4, Max: 137.5, Diff: 0.3, Sum: 1099.3]
      [Termination (ms): Min: 0.0, Avg: 0.1, Max: 0.1, Diff: 0.1, Sum: 0.5]
         [Termination Attempts: Min: 1, Avg: 120.4, Max: 154, Diff: 153, Sum: 963]
      [GC Worker Other (ms): Min: 0.0, Avg: 0.1, Max: 0.1, Diff: 0.1, Sum: 0.5]
      [GC Worker Total (ms): Min: 167.2, Avg: 167.3, Max: 167.5, Diff: 0.4, Sum: 1338.7]
      [GC Worker End (ms): Min: 145623.2, Avg: 145623.2, Max: 145623.3, Diff: 0.1]
   [Code Root Fixup: 0.0 ms]
   [Code Root Purge: 0.0 ms]
   [Clear CT: 0.8 ms]
   [Other: 2.1 ms]
      [Choose CSet: 0.0 ms]
      [Ref Proc: 0.3 ms]
      [Ref Enq: 0.0 ms]
      [Redirty Cards: 0.9 ms]
      [Humongous Register: 0.1 ms]
      [Humongous Reclaim: 0.0 ms]
      [Free CSet: 0.3 ms]
   [Eden: 92.0M(92.0M)->0.0B(95.0M) Survivors: 14.0M->14.0M Heap: 780.7M(2048.0M)->782.2M(2048.0M)]
 [Times: user=1.23 sys=0.00, real=0.17 secs] 
2020-09-29T12:29:34.371+0200: 145.698: [GC pause (G1 Evacuation Pause) (young), 0.0610744 secs]
   [Parallel Time: 60.3 ms, GC Workers: 8]
      [GC Worker Start (ms): Min: 145698.5, Avg: 145698.5, Max: 145698.6, Diff: 0.1]
      [Ext Root Scanning (ms): Min: 0.0, Avg: 0.1, Max: 0.1, Diff: 0.1, Sum: 0.7]
      [Update RS (ms): Min: 6.4, Avg: 6.7, Max: 7.1, Diff: 0.7, Sum: 53.3]
         [Processed Buffers: Min: 7, Avg: 8.4, Max: 10, Diff: 3, Sum: 67]
      [Scan RS (ms): Min: 4.7, Avg: 5.2, Max: 5.5, Diff: 0.7, Sum: 41.5]
      [Code Root Scanning (ms): Min: 0.0, Avg: 0.0, Max: 0.0, Diff: 0.0, Sum: 0.0]
      [Object Copy (ms): Min: 48.1, Avg: 48.2, Max: 48.2, Diff: 0.1, Sum: 385.5]
      [Termination (ms): Min: 0.0, Avg: 0.0, Max: 0.0, Diff: 0.0, Sum: 0.1]
         [Termination Attempts: Min: 1, Avg: 49.9, Max: 67, Diff: 66, Sum: 399]
      [GC Worker Other (ms): Min: 0.0, Avg: 0.0, Max: 0.0, Diff: 0.0, Sum: 0.2]
      [GC Worker Total (ms): Min: 60.1, Avg: 60.1, Max: 60.2, Diff: 0.1, Sum: 481.2]
      [GC Worker End (ms): Min: 145758.7, Avg: 145758.7, Max: 145758.7, Diff: 0.0]
   [Code Root Fixup: 0.0 ms]
   [Code Root Purge: 0.0 ms]
   [Clear CT: 0.1 ms]
   [Other: 0.6 ms]
      [Choose CSet: 0.0 ms]
      [Ref Proc: 0.2 ms]
      [Ref Enq: 0.0 ms]
      [Redirty Cards: 0.2 ms]
      [Humongous Register: 0.1 ms]
      [Humongous Reclaim: 0.0 ms]
      [Free CSet: 0.1 ms]
   [Eden: 95.0M(95.0M)->0.0B(109.0M) Survivors: 14.0M->14.0M Heap: 894.4M(2048.0M)->896.4M(2048.0M)]
 [Times: user=0.50 sys=0.00, real=0.06 secs] 
2020-09-29T12:29:34.490+0200: 145.817: [GC pause (G1 Evacuation Pause) (young), 0.0616523 secs]
   [Parallel Time: 60.9 ms, GC Workers: 8]
      [GC Worker Start (ms): Min: 145817.0, Avg: 145817.0, Max: 145817.1, Diff: 0.1]
      [Ext Root Scanning (ms): Min: 0.0, Avg: 0.1, Max: 0.1, Diff: 0.1, Sum: 0.5]
      [Update RS (ms): Min: 6.2, Avg: 6.3, Max: 6.7, Diff: 0.6, Sum: 50.8]
         [Processed Buffers: Min: 3, Avg: 7.8, Max: 10, Diff: 7, Sum: 62]
      [Scan RS (ms): Min: 5.0, Avg: 5.3, Max: 5.6, Diff: 0.6, Sum: 42.7]
      [Code Root Scanning (ms): Min: 0.0, Avg: 0.0, Max: 0.0, Diff: 0.0, Sum: 0.0]
      [Object Copy (ms): Min: 48.9, Avg: 48.9, Max: 49.0, Diff: 0.1, Sum: 391.5]
      [Termination (ms): Min: 0.0, Avg: 0.0, Max: 0.1, Diff: 0.1, Sum: 0.4]
         [Termination Attempts: Min: 1, Avg: 317.6, Max: 404, Diff: 403, Sum: 2541]
      [GC Worker Other (ms): Min: 0.0, Avg: 0.0, Max: 0.0, Diff: 0.0, Sum: 0.1]
      [GC Worker Total (ms): Min: 60.7, Avg: 60.8, Max: 60.8, Diff: 0.1, Sum: 486.0]
      [GC Worker End (ms): Min: 145877.8, Avg: 145877.8, Max: 145877.8, Diff: 0.0]
   [Code Root Fixup: 0.0 ms]
   [Code Root Purge: 0.0 ms]
   [Clear CT: 0.1 ms]
   [Other: 0.7 ms]
      [Choose CSet: 0.0 ms]
      [Ref Proc: 0.2 ms]
      [Ref Enq: 0.0 ms]
      [Redirty Cards: 0.1 ms]
      [Humongous Register: 0.1 ms]
      [Humongous Reclaim: 0.0 ms]
      [Free CSet: 0.1 ms]
   [Eden: 109.0M(109.0M)->0.0B(133.0M) Survivors: 14.0M->16.0M Heap: 1022.6M(2048.0M)->1024.1M(2048.0M)]
 [Times: user=0.50 sys=0.00, real=0.06 secs] 
2020-09-29T12:29:34.554+0200: 145.881: [GC pause (G1 Humongous Allocation) (young) (initial-mark), 0.0262837 secs]
   [Parallel Time: 25.5 ms, GC Workers: 8]
      [GC Worker Start (ms): Min: 145881.0, Avg: 145881.0, Max: 145881.1, Diff: 0.1]
      [Ext Root Scanning (ms): Min: 0.0, Avg: 0.1, Max: 0.1, Diff: 0.1, Sum: 0.6]
      [Update RS (ms): Min: 14.4, Avg: 14.8, Max: 15.2, Diff: 0.7, Sum: 118.4]
         [Processed Buffers: Min: 17, Avg: 18.6, Max: 20, Diff: 3, Sum: 149]
      [Scan RS (ms): Min: 0.5, Avg: 0.8, Max: 1.2, Diff: 0.8, Sum: 6.4]
      [Code Root Scanning (ms): Min: 0.0, Avg: 0.0, Max: 0.0, Diff: 0.0, Sum: 0.0]
      [Object Copy (ms): Min: 9.0, Avg: 9.5, Max: 9.6, Diff: 0.6, Sum: 76.4]
      [Termination (ms): Min: 0.0, Avg: 0.1, Max: 0.6, Diff: 0.6, Sum: 0.9]
         [Termination Attempts: Min: 1, Avg: 78.1, Max: 126, Diff: 125, Sum: 625]
      [GC Worker Other (ms): Min: 0.0, Avg: 0.0, Max: 0.0, Diff: 0.0, Sum: 0.1]
      [GC Worker Total (ms): Min: 25.3, Avg: 25.4, Max: 25.4, Diff: 0.1, Sum: 202.9]
      [GC Worker End (ms): Min: 145906.4, Avg: 145906.4, Max: 145906.4, Diff: 0.0]
   [Code Root Fixup: 0.0 ms]
   [Code Root Purge: 0.0 ms]
   [Clear CT: 0.2 ms]
   [Other: 0.7 ms]
      [Choose CSet: 0.0 ms]
      [Ref Proc: 0.2 ms]
      [Ref Enq: 0.0 ms]
      [Redirty Cards: 0.2 ms]
      [Humongous Register: 0.0 ms]
      [Humongous Reclaim: 0.0 ms]
      [Free CSet: 0.0 ms]
   [Eden: 5120.0K(133.0M)->0.0B(168.0M) Survivors: 16.0M->7168.0K Heap: 1028.6M(2048.0M)->1032.6M(2048.0M)]
 [Times: user=0.13 sys=0.00, real=0.03 secs] 
2020-09-29T12:29:34.580+0200: 145.907: [GC concurrent-root-region-scan-start]
2020-09-29T12:29:34.581+0200: 145.908: [GC concurrent-root-region-scan-end, 0.0010822 secs]
2020-09-29T12:29:34.581+0200: 145.908: [GC concurrent-mark-start]
2020-09-29T12:29:34.584+0200: 145.911: [GC concurrent-mark-end, 0.0027829 secs]
2020-09-29T12:29:34.584+0200: 145.911: [GC remark 2020-09-29T12:29:34.584+0200: 145.911: [Finalize Marking, 0.0002036 secs] 2020-09-29T12:29:34.585+0200: 145.912: [GC ref-proc, 0.0002964 secs] 2020-09-29T12:29:34.585+0200: 145.912: [Unloading, 0.0004261 secs], 0.0012889 secs]
 [Times: user=0.00 sys=0.00, real=0.00 secs] 
2020-09-29T12:29:34.586+0200: 145.913: [GC cleanup 1041M->25M(2048M), 0.0013891 secs]
 [Times: user=0.00 sys=0.00, real=0.00 secs] 
2020-09-29T12:29:34.587+0200: 145.914: [GC concurrent-cleanup-start]
2020-09-29T12:29:34.589+0200: 145.916: [GC concurrent-cleanup-end, 0.0014021 secs]
2020-09-29T12:29:34.667+0200: 145.994: [GC pause (G1 Evacuation Pause) (young), 0.0794008 secs]
   [Parallel Time: 78.6 ms, GC Workers: 8]
      [GC Worker Start (ms): Min: 145994.2, Avg: 145994.2, Max: 145994.3, Diff: 0.1]
      [Ext Root Scanning (ms): Min: 0.0, Avg: 0.1, Max: 0.1, Diff: 0.1, Sum: 0.6]
      [Update RS (ms): Min: 8.0, Avg: 8.2, Max: 8.7, Diff: 0.7, Sum: 65.6]
         [Processed Buffers: Min: 9, Avg: 10.0, Max: 11, Diff: 2, Sum: 80]
      [Scan RS (ms): Min: 6.7, Avg: 7.2, Max: 7.4, Diff: 0.7, Sum: 57.4]
      [Code Root Scanning (ms): Min: 0.0, Avg: 0.0, Max: 0.0, Diff: 0.0, Sum: 0.0]
      [Object Copy (ms): Min: 62.9, Avg: 62.9, Max: 63.0, Diff: 0.1, Sum: 503.5]
      [Termination (ms): Min: 0.0, Avg: 0.0, Max: 0.0, Diff: 0.0, Sum: 0.1]
         [Termination Attempts: Min: 1, Avg: 123.0, Max: 157, Diff: 156, Sum: 984]
      [GC Worker Other (ms): Min: 0.0, Avg: 0.0, Max: 0.1, Diff: 0.1, Sum: 0.3]
      [GC Worker Total (ms): Min: 78.4, Avg: 78.5, Max: 78.5, Diff: 0.2, Sum: 627.6]
      [GC Worker End (ms): Min: 146072.7, Avg: 146072.7, Max: 146072.7, Diff: 0.1]
   [Code Root Fixup: 0.0 ms]
   [Code Root Purge: 0.0 ms]
   [Clear CT: 0.2 ms]
   [Other: 0.6 ms]
      [Choose CSet: 0.0 ms]
      [Ref Proc: 0.1 ms]
      [Ref Enq: 0.0 ms]
      [Redirty Cards: 0.2 ms]
      [Humongous Register: 0.0 ms]
      [Humongous Reclaim: 0.0 ms]
      [Free CSet: 0.1 ms]
   [Eden: 168.0M(168.0M)->0.0B(183.0M) Survivors: 7168.0K->22.0M Heap: 213.1M(2048.0M)->208.1M(2048.0M)]
 [Times: user=0.63 sys=0.00, real=0.08 secs] 
2020-09-29T12:29:34.843+0200: 146.170: [GC pause (G1 Evacuation Pause) (young), 0.0971011 secs]
   [Parallel Time: 96.2 ms, GC Workers: 8]
      [GC Worker Start (ms): Min: 146170.3, Avg: 146170.3, Max: 146170.4, Diff: 0.1]
      [Ext Root Scanning (ms): Min: 0.0, Avg: 0.1, Max: 0.1, Diff: 0.1, Sum: 0.6]
      [Update RS (ms): Min: 10.8, Avg: 10.9, Max: 11.0, Diff: 0.3, Sum: 87.1]
         [Processed Buffers: Min: 12, Avg: 12.8, Max: 15, Diff: 3, Sum: 102]
      [Scan RS (ms): Min: 8.4, Avg: 8.6, Max: 8.7, Diff: 0.3, Sum: 68.4]
      [Code Root Scanning (ms): Min: 0.0, Avg: 0.0, Max: 0.0, Diff: 0.0, Sum: 0.0]
      [Object Copy (ms): Min: 76.4, Avg: 76.4, Max: 76.5, Diff: 0.1, Sum: 611.5]
      [Termination (ms): Min: 0.0, Avg: 0.0, Max: 0.1, Diff: 0.1, Sum: 0.3]
         [Termination Attempts: Min: 1, Avg: 274.1, Max: 414, Diff: 413, Sum: 2193]
      [GC Worker Other (ms): Min: 0.0, Avg: 0.0, Max: 0.1, Diff: 0.0, Sum: 0.2]
      [GC Worker Total (ms): Min: 96.0, Avg: 96.0, Max: 96.1, Diff: 0.1, Sum: 768.3]
      [GC Worker End (ms): Min: 146266.4, Avg: 146266.4, Max: 146266.4, Diff: 0.0]
   [Code Root Fixup: 0.0 ms]
   [Code Root Purge: 0.0 ms]
   [Clear CT: 0.2 ms]
   [Other: 0.8 ms]
      [Choose CSet: 0.0 ms]
      [Ref Proc: 0.2 ms]
      [Ref Enq: 0.0 ms]
      [Redirty Cards: 0.2 ms]
      [Humongous Register: 0.0 ms]
      [Humongous Reclaim: 0.0 ms]
      [Free CSet: 0.2 ms]
   [Eden: 183.0M(183.0M)->0.0B(204.0M) Survivors: 22.0M->26.0M Heap: 421.6M(2048.0M)->424.1M(2048.0M)]
 [Times: user=0.75 sys=0.00, real=0.10 secs] 
2020-09-29T12:29:35.059+0200: 146.386: [GC pause (G1 Evacuation Pause) (young), 0.1066730 secs]
   [Parallel Time: 105.5 ms, GC Workers: 8]
      [GC Worker Start (ms): Min: 146385.9, Avg: 146386.0, Max: 146386.1, Diff: 0.2]
      [Ext Root Scanning (ms): Min: 0.0, Avg: 0.1, Max: 0.2, Diff: 0.2, Sum: 0.5]
      [Update RS (ms): Min: 8.4, Avg: 8.8, Max: 9.3, Diff: 0.9, Sum: 70.1]
         [Processed Buffers: Min: 9, Avg: 10.5, Max: 12, Diff: 3, Sum: 84]
      [Scan RS (ms): Min: 10.5, Avg: 11.0, Max: 11.3, Diff: 0.8, Sum: 87.8]
      [Code Root Scanning (ms): Min: 0.0, Avg: 0.0, Max: 0.0, Diff: 0.0, Sum: 0.0]
      [Object Copy (ms): Min: 85.3, Avg: 85.4, Max: 85.4, Diff: 0.1, Sum: 682.8]
      [Termination (ms): Min: 0.0, Avg: 0.0, Max: 0.0, Diff: 0.0, Sum: 0.0]
         [Termination Attempts: Min: 1, Avg: 35.0, Max: 50, Diff: 49, Sum: 280]
      [GC Worker Other (ms): Min: 0.0, Avg: 0.1, Max: 0.1, Diff: 0.1, Sum: 0.4]
      [GC Worker Total (ms): Min: 105.1, Avg: 105.2, Max: 105.3, Diff: 0.2, Sum: 841.8]
      [GC Worker End (ms): Min: 146491.2, Avg: 146491.2, Max: 146491.3, Diff: 0.1]
   [Code Root Fixup: 0.0 ms]
   [Code Root Purge: 0.0 ms]
   [Clear CT: 0.3 ms]
   [Other: 0.9 ms]
      [Choose CSet: 0.0 ms]
      [Ref Proc: 0.3 ms]
      [Ref Enq: 0.0 ms]
      [Redirty Cards: 0.3 ms]
      [Humongous Register: 0.0 ms]
      [Humongous Reclaim: 0.0 ms]
      [Free CSet: 0.1 ms]
   [Eden: 204.0M(204.0M)->0.0B(224.0M) Survivors: 26.0M->29.0M Heap: 662.5M(2048.0M)->664.5M(2048.0M)]
 [Times: user=0.88 sys=0.00, real=0.11 secs] 
2020-09-29T12:29:35.282+0200: 146.609: [GC pause (G1 Evacuation Pause) (young), 0.1180967 secs]
   [Parallel Time: 117.2 ms, GC Workers: 8]
      [GC Worker Start (ms): Min: 146608.8, Avg: 146609.0, Max: 146609.0, Diff: 0.2]
      [Ext Root Scanning (ms): Min: 0.0, Avg: 0.1, Max: 0.2, Diff: 0.2, Sum: 0.4]
      [Update RS (ms): Min: 10.0, Avg: 10.1, Max: 10.3, Diff: 0.3, Sum: 80.9]
         [Processed Buffers: Min: 11, Avg: 13.3, Max: 15, Diff: 4, Sum: 106]
      [Scan RS (ms): Min: 11.7, Avg: 11.9, Max: 12.0, Diff: 0.3, Sum: 95.0]
      [Code Root Scanning (ms): Min: 0.0, Avg: 0.0, Max: 0.0, Diff: 0.0, Sum: 0.0]
      [Object Copy (ms): Min: 94.8, Avg: 94.8, Max: 94.9, Diff: 0.1, Sum: 758.6]
      [Termination (ms): Min: 0.0, Avg: 0.0, Max: 0.0, Diff: 0.0, Sum: 0.2]
         [Termination Attempts: Min: 1, Avg: 184.9, Max: 234, Diff: 233, Sum: 1479]
      [GC Worker Other (ms): Min: 0.0, Avg: 0.0, Max: 0.1, Diff: 0.1, Sum: 0.3]
      [GC Worker Total (ms): Min: 116.9, Avg: 116.9, Max: 117.0, Diff: 0.2, Sum: 935.5]
      [GC Worker End (ms): Min: 146725.9, Avg: 146725.9, Max: 146725.9, Diff: 0.1]
   [Code Root Fixup: 0.0 ms]
   [Code Root Purge: 0.0 ms]
   [Clear CT: 0.2 ms]
   [Other: 0.8 ms]
      [Choose CSet: 0.0 ms]
      [Ref Proc: 0.1 ms]
      [Ref Enq: 0.0 ms]
      [Redirty Cards: 0.2 ms]
      [Humongous Register: 0.0 ms]
      [Humongous Reclaim: 0.0 ms]
      [Free CSet: 0.2 ms]
   [Eden: 224.0M(224.0M)->0.0B(249.0M) Survivors: 29.0M->32.0M Heap: 926.6M(2048.0M)->929.1M(2048.0M)]
 [Times: user=1.00 sys=0.00, real=0.12 secs] 
2020-09-29T12:29:35.460+0200: 146.787: [GC pause (G1 Humongous Allocation) (young) (initial-mark), 0.0703177 secs]
   [Parallel Time: 69.3 ms, GC Workers: 8]
      [GC Worker Start (ms): Min: 146787.5, Avg: 146787.6, Max: 146787.6, Diff: 0.1]
      [Ext Root Scanning (ms): Min: 0.0, Avg: 0.1, Max: 0.2, Diff: 0.1, Sum: 0.7]
      [Update RS (ms): Min: 10.6, Avg: 10.9, Max: 11.3, Diff: 0.7, Sum: 87.4]
         [Processed Buffers: Min: 11, Avg: 12.5, Max: 14, Diff: 3, Sum: 100]
      [Scan RS (ms): Min: 3.5, Avg: 3.8, Max: 4.1, Diff: 0.7, Sum: 30.6]
      [Code Root Scanning (ms): Min: 0.0, Avg: 0.0, Max: 0.0, Diff: 0.0, Sum: 0.0]
      [Object Copy (ms): Min: 54.3, Avg: 54.3, Max: 54.3, Diff: 0.1, Sum: 434.3]
      [Termination (ms): Min: 0.0, Avg: 0.0, Max: 0.0, Diff: 0.0, Sum: 0.0]
         [Termination Attempts: Min: 1, Avg: 36.8, Max: 52, Diff: 51, Sum: 294]
      [GC Worker Other (ms): Min: 0.0, Avg: 0.0, Max: 0.1, Diff: 0.0, Sum: 0.3]
      [GC Worker Total (ms): Min: 69.1, Avg: 69.2, Max: 69.2, Diff: 0.1, Sum: 553.4]
      [GC Worker End (ms): Min: 146856.7, Avg: 146856.7, Max: 146856.8, Diff: 0.0]
   [Code Root Fixup: 0.0 ms]
   [Code Root Purge: 0.0 ms]
   [Clear CT: 0.2 ms]
   [Other: 0.8 ms]
      [Choose CSet: 0.0 ms]
      [Ref Proc: 0.1 ms]
      [Ref Enq: 0.0 ms]
      [Redirty Cards: 0.2 ms]
      [Humongous Register: 0.0 ms]
      [Humongous Reclaim: 0.0 ms]
      [Free CSet: 0.2 ms]
   [Eden: 103.0M(249.0M)->0.0B(273.0M) Survivors: 32.0M->36.0M Heap: 1046.9M(2048.0M)->1048.4M(2048.0M)]
 [Times: user=0.50 sys=0.00, real=0.07 secs] 
2020-09-29T12:29:35.531+0200: 146.858: [GC concurrent-root-region-scan-start]
2020-09-29T12:29:35.543+0200: 146.870: [GC concurrent-root-region-scan-end, 0.0117487 secs]
2020-09-29T12:29:35.543+0200: 146.870: [GC concurrent-mark-start]
2020-09-29T12:29:35.547+0200: 146.873: [GC concurrent-mark-end, 0.0033210 secs]
2020-09-29T12:29:35.547+0200: 146.874: [GC remark 2020-09-29T12:29:35.547+0200: 146.874: [Finalize Marking, 0.0001632 secs] 2020-09-29T12:29:35.547+0200: 146.874: [GC ref-proc, 0.0003938 secs] 2020-09-29T12:29:35.548+0200: 146.874: [Unloading, 0.0004156 secs], 0.0013451 secs]
 [Times: user=0.00 sys=0.00, real=0.00 secs] 
2020-09-29T12:29:35.549+0200: 146.875: [GC cleanup 1084M->81M(2048M), 0.0011916 secs]
 [Times: user=0.00 sys=0.00, real=0.00 secs] 
2020-09-29T12:29:35.550+0200: 146.877: [GC concurrent-cleanup-start]
2020-09-29T12:29:35.551+0200: 146.878: [GC concurrent-cleanup-end, 0.0014232 secs]
2020-09-29T12:29:35.683+0200: 147.010: [GC pause (G1 Evacuation Pause) (young), 0.1321429 secs]
   [Parallel Time: 131.0 ms, GC Workers: 8]
      [GC Worker Start (ms): Min: 147009.9, Avg: 147010.0, Max: 147010.0, Diff: 0.1]
      [Ext Root Scanning (ms): Min: 0.0, Avg: 0.1, Max: 0.1, Diff: 0.1, Sum: 0.6]
      [Update RS (ms): Min: 12.6, Avg: 12.9, Max: 13.3, Diff: 0.7, Sum: 103.1]
         [Processed Buffers: Min: 14, Avg: 15.4, Max: 17, Diff: 3, Sum: 123]
      [Scan RS (ms): Min: 11.5, Avg: 11.8, Max: 12.1, Diff: 0.7, Sum: 94.4]
      [Code Root Scanning (ms): Min: 0.0, Avg: 0.0, Max: 0.0, Diff: 0.0, Sum: 0.0]
      [Object Copy (ms): Min: 105.7, Avg: 105.8, Max: 105.8, Diff: 0.1, Sum: 846.2]
      [Termination (ms): Min: 0.0, Avg: 0.1, Max: 0.1, Diff: 0.1, Sum: 0.8]
         [Termination Attempts: Min: 1, Avg: 644.1, Max: 797, Diff: 796, Sum: 5153]
      [GC Worker Other (ms): Min: 0.0, Avg: 0.1, Max: 0.1, Diff: 0.1, Sum: 0.8]
      [GC Worker Total (ms): Min: 130.6, Avg: 130.7, Max: 130.8, Diff: 0.2, Sum: 1045.8]
      [GC Worker End (ms): Min: 147140.6, Avg: 147140.7, Max: 147140.8, Diff: 0.1]
   [Code Root Fixup: 0.0 ms]
   [Code Root Purge: 0.0 ms]
   [Clear CT: 0.2 ms]
   [Other: 1.0 ms]
      [Choose CSet: 0.0 ms]
      [Ref Proc: 0.2 ms]
      [Ref Enq: 0.0 ms]
      [Redirty Cards: 0.2 ms]
      [Humongous Register: 0.0 ms]
      [Humongous Reclaim: 0.0 ms]
      [Free CSet: 0.3 ms]
   [Eden: 273.0M(273.0M)->0.0B(287.0M) Survivors: 36.0M->39.0M Heap: 364.8M(2048.0M)->329.8M(2048.0M)]
 [Times: user=1.00 sys=0.00, real=0.13 secs] 
2020-09-29T12:29:35.985+0200: 147.311: [GC pause (G1 Evacuation Pause) (young), 0.1595437 secs]
   [Parallel Time: 158.4 ms, GC Workers: 8]
      [GC Worker Start (ms): Min: 147311.3, Avg: 147311.4, Max: 147311.5, Diff: 0.2]
      [Ext Root Scanning (ms): Min: 0.0, Avg: 0.1, Max: 0.2, Diff: 0.2, Sum: 0.5]
      [Update RS (ms): Min: 15.0, Avg: 15.3, Max: 15.8, Diff: 0.8, Sum: 122.2]
         [Processed Buffers: Min: 13, Avg: 15.6, Max: 17, Diff: 4, Sum: 125]
      [Scan RS (ms): Min: 16.3, Avg: 16.9, Max: 17.6, Diff: 1.4, Sum: 135.0]
      [Code Root Scanning (ms): Min: 0.0, Avg: 0.0, Max: 0.0, Diff: 0.0, Sum: 0.0]
      [Object Copy (ms): Min: 125.4, Avg: 125.9, Max: 126.0, Diff: 0.6, Sum: 1007.4]
      [Termination (ms): Min: 0.0, Avg: 0.0, Max: 0.0, Diff: 0.0, Sum: 0.1]
         [Termination Attempts: Min: 1, Avg: 37.5, Max: 47, Diff: 46, Sum: 300]
      [GC Worker Other (ms): Min: 0.0, Avg: 0.0, Max: 0.1, Diff: 0.1, Sum: 0.3]
      [GC Worker Total (ms): Min: 158.1, Avg: 158.2, Max: 158.3, Diff: 0.2, Sum: 1265.5]
      [GC Worker End (ms): Min: 147469.6, Avg: 147469.6, Max: 147469.7, Diff: 0.1]
   [Code Root Fixup: 0.0 ms]
   [Code Root Purge: 0.0 ms]
   [Clear CT: 0.2 ms]
   [Other: 1.0 ms]
      [Choose CSet: 0.0 ms]
      [Ref Proc: 0.1 ms]
      [Ref Enq: 0.0 ms]
      [Redirty Cards: 0.2 ms]
      [Humongous Register: 0.0 ms]
      [Humongous Reclaim: 0.0 ms]
      [Free CSet: 0.3 ms]
   [Eden: 287.0M(287.0M)->0.0B(286.0M) Survivors: 39.0M->41.0M Heap: 664.5M(2048.0M)->666.5M(2048.0M)]
 [Times: user=1.20 sys=0.00, real=0.16 secs] 
2020-09-29T12:29:36.297+0200: 147.623: [GC pause (G1 Evacuation Pause) (young), 0.1717911 secs]
   [Parallel Time: 170.6 ms, GC Workers: 8]
      [GC Worker Start (ms): Min: 147623.5, Avg: 147623.6, Max: 147623.7, Diff: 0.2]
      [Ext Root Scanning (ms): Min: 0.0, Avg: 0.0, Max: 0.2, Diff: 0.2, Sum: 0.4]
      [Update RS (ms): Min: 16.7, Avg: 17.0, Max: 17.5, Diff: 0.8, Sum: 135.8]
         [Processed Buffers: Min: 16, Avg: 17.8, Max: 19, Diff: 3, Sum: 142]
      [Scan RS (ms): Min: 15.7, Avg: 16.1, Max: 16.5, Diff: 0.8, Sum: 128.6]
      [Code Root Scanning (ms): Min: 0.0, Avg: 0.0, Max: 0.0, Diff: 0.0, Sum: 0.0]
      [Object Copy (ms): Min: 136.9, Avg: 137.1, Max: 137.3, Diff: 0.4, Sum: 1096.8]
      [Termination (ms): Min: 0.0, Avg: 0.2, Max: 0.2, Diff: 0.2, Sum: 1.3]
         [Termination Attempts: Min: 1, Avg: 1192.4, Max: 1574, Diff: 1573, Sum: 9539]
      [GC Worker Other (ms): Min: 0.0, Avg: 0.0, Max: 0.1, Diff: 0.1, Sum: 0.3]
      [GC Worker Total (ms): Min: 170.3, Avg: 170.4, Max: 170.5, Diff: 0.2, Sum: 1363.3]
      [GC Worker End (ms): Min: 147794.0, Avg: 147794.0, Max: 147794.1, Diff: 0.1]
   [Code Root Fixup: 0.0 ms]
   [Code Root Purge: 0.0 ms]
   [Clear CT: 0.2 ms]
   [Other: 1.0 ms]
      [Choose CSet: 0.0 ms]
      [Ref Proc: 0.2 ms]
      [Ref Enq: 0.0 ms]
      [Redirty Cards: 0.4 ms]
      [Humongous Register: 0.0 ms]
      [Humongous Reclaim: 0.0 ms]
      [Free CSet: 0.2 ms]
   [Eden: 286.0M(286.0M)->0.0B(284.0M) Survivors: 41.0M->41.0M Heap: 1000.1M(2048.0M)->1002.1M(2048.0M)]
 [Times: user=1.34 sys=0.00, real=0.17 secs] 
2020-09-29T12:29:36.480+0200: 147.807: [GC pause (G1 Humongous Allocation) (young) (initial-mark), 0.0497824 secs]
   [Parallel Time: 48.9 ms, GC Workers: 8]
      [GC Worker Start (ms): Min: 147806.6, Avg: 147806.7, Max: 147806.7, Diff: 0.1]
      [Ext Root Scanning (ms): Min: 0.0, Avg: 0.1, Max: 0.1, Diff: 0.1, Sum: 0.6]
      [Update RS (ms): Min: 29.7, Avg: 30.0, Max: 30.2, Diff: 0.6, Sum: 239.7]
         [Processed Buffers: Min: 30, Avg: 36.4, Max: 38, Diff: 8, Sum: 291]
      [Scan RS (ms): Min: 2.2, Avg: 2.5, Max: 2.7, Diff: 0.5, Sum: 19.8]
      [Code Root Scanning (ms): Min: 0.0, Avg: 0.0, Max: 0.0, Diff: 0.0, Sum: 0.0]
      [Object Copy (ms): Min: 16.2, Avg: 16.2, Max: 16.2, Diff: 0.1, Sum: 129.7]
      [Termination (ms): Min: 0.0, Avg: 0.0, Max: 0.0, Diff: 0.0, Sum: 0.0]
         [Termination Attempts: Min: 1, Avg: 12.4, Max: 16, Diff: 15, Sum: 99]
      [GC Worker Other (ms): Min: 0.0, Avg: 0.0, Max: 0.0, Diff: 0.0, Sum: 0.1]
      [GC Worker Total (ms): Min: 48.7, Avg: 48.7, Max: 48.8, Diff: 0.1, Sum: 389.9]
      [GC Worker End (ms): Min: 147855.4, Avg: 147855.4, Max: 147855.4, Diff: 0.0]
   [Code Root Fixup: 0.0 ms]
   [Code Root Purge: 0.0 ms]
   [Clear CT: 0.2 ms]
   [Other: 0.7 ms]
      [Choose CSet: 0.0 ms]
      [Ref Proc: 0.3 ms]
      [Ref Enq: 0.0 ms]
      [Redirty Cards: 0.2 ms]
      [Humongous Register: 0.0 ms]
      [Humongous Reclaim: 0.0 ms]
      [Free CSet: 0.1 ms]
   [Eden: 1024.0K(284.0M)->0.0B(336.0M) Survivors: 41.0M->4096.0K Heap: 1003.1M(2048.0M)->1007.1M(2048.0M)]
 [Times: user=0.38 sys=0.00, real=0.05 secs] 
2020-09-29T12:29:36.530+0200: 147.856: [GC concurrent-root-region-scan-start]
2020-09-29T12:29:36.530+0200: 147.857: [GC concurrent-root-region-scan-end, 0.0004069 secs]
2020-09-29T12:29:36.530+0200: 147.857: [GC concurrent-mark-start]
2020-09-29T12:29:36.533+0200: 147.859: [GC concurrent-mark-end, 0.0025885 secs]
2020-09-29T12:29:36.533+0200: 147.860: [GC remark 2020-09-29T12:29:36.533+0200: 147.860: [Finalize Marking, 0.0009588 secs] 2020-09-29T12:29:36.534+0200: 147.861: [GC ref-proc, 0.0002814 secs] 2020-09-29T12:29:36.534+0200: 147.861: [Unloading, 0.0017560 secs], 0.0035159 secs]
 [Times: user=0.00 sys=0.00, real=0.00 secs] 
2020-09-29T12:29:36.537+0200: 147.864: [GC cleanup 1015M->21M(2048M), 0.0013809 secs]
 [Times: user=0.00 sys=0.00, real=0.00 secs] 
2020-09-29T12:29:36.538+0200: 147.865: [GC concurrent-cleanup-start]
2020-09-29T12:29:36.540+0200: 147.866: [GC concurrent-cleanup-end, 0.0014337 secs]
2020-09-29T12:29:36.714+0200: 148.041: [GC pause (G1 Evacuation Pause) (young), 0.1740031 secs]
   [Parallel Time: 172.5 ms, GC Workers: 8]
      [GC Worker Start (ms): Min: 148041.0, Avg: 148041.1, Max: 148041.2, Diff: 0.1]
      [Ext Root Scanning (ms): Min: 0.0, Avg: 0.1, Max: 0.1, Diff: 0.1, Sum: 0.5]
      [Update RS (ms): Min: 17.9, Avg: 18.1, Max: 18.7, Diff: 0.8, Sum: 144.8]
         [Processed Buffers: Min: 19, Avg: 20.9, Max: 23, Diff: 4, Sum: 167]
      [Scan RS (ms): Min: 15.3, Avg: 15.8, Max: 16.2, Diff: 0.9, Sum: 126.7]
      [Code Root Scanning (ms): Min: 0.0, Avg: 0.0, Max: 0.0, Diff: 0.0, Sum: 0.0]
      [Object Copy (ms): Min: 137.9, Avg: 138.0, Max: 138.3, Diff: 0.4, Sum: 1104.4]
      [Termination (ms): Min: 0.0, Avg: 0.2, Max: 0.3, Diff: 0.3, Sum: 1.9]
         [Termination Attempts: Min: 1, Avg: 1672.1, Max: 2201, Diff: 2200, Sum: 13377]
      [GC Worker Other (ms): Min: 0.0, Avg: 0.1, Max: 0.1, Diff: 0.1, Sum: 0.5]
      [GC Worker Total (ms): Min: 172.3, Avg: 172.4, Max: 172.4, Diff: 0.1, Sum: 1378.8]
      [GC Worker End (ms): Min: 148213.4, Avg: 148213.5, Max: 148213.5, Diff: 0.1]
   [Code Root Fixup: 0.0 ms]
   [Code Root Purge: 0.0 ms]
   [Clear CT: 0.2 ms]
   [Other: 1.2 ms]
      [Choose CSet: 0.0 ms]
      [Ref Proc: 0.4 ms]
      [Ref Enq: 0.0 ms]
      [Redirty Cards: 0.3 ms]
      [Humongous Register: 0.0 ms]
      [Humongous Reclaim: 0.0 ms]
      [Free CSet: 0.3 ms]
   [Eden: 336.0M(336.0M)->0.0B(299.0M) Survivors: 4096.0K->43.0M Heap: 406.7M(2048.0M)->405.7M(2048.0M)]
 [Times: user=1.36 sys=0.00, real=0.18 secs] 
2020-09-29T12:29:37.058+0200: 148.384: [GC pause (G1 Evacuation Pause) (young), 0.1771607 secs]
   [Parallel Time: 176.0 ms, GC Workers: 8]
      [GC Worker Start (ms): Min: 148384.6, Avg: 148384.7, Max: 148384.8, Diff: 0.2]
      [Ext Root Scanning (ms): Min: 0.0, Avg: 0.1, Max: 0.2, Diff: 0.2, Sum: 0.5]
      [Update RS (ms): Min: 20.6, Avg: 20.7, Max: 20.9, Diff: 0.2, Sum: 165.9]
         [Processed Buffers: Min: 19, Avg: 21.9, Max: 27, Diff: 8, Sum: 175]
      [Scan RS (ms): Min: 16.9, Avg: 17.0, Max: 17.2, Diff: 0.2, Sum: 136.3]
      [Code Root Scanning (ms): Min: 0.0, Avg: 0.0, Max: 0.0, Diff: 0.0, Sum: 0.0]
      [Object Copy (ms): Min: 137.8, Avg: 137.8, Max: 137.9, Diff: 0.1, Sum: 1102.4]
      [Termination (ms): Min: 0.0, Avg: 0.1, Max: 0.1, Diff: 0.1, Sum: 0.7]
         [Termination Attempts: Min: 1, Avg: 608.3, Max: 869, Diff: 868, Sum: 4866]
      [GC Worker Other (ms): Min: 0.0, Avg: 0.0, Max: 0.1, Diff: 0.0, Sum: 0.3]
      [GC Worker Total (ms): Min: 175.7, Avg: 175.8, Max: 175.9, Diff: 0.2, Sum: 1406.2]
      [GC Worker End (ms): Min: 148560.5, Avg: 148560.5, Max: 148560.5, Diff: 0.0]
   [Code Root Fixup: 0.0 ms]
   [Code Root Purge: 0.0 ms]
   [Clear CT: 0.3 ms]
   [Other: 0.9 ms]
      [Choose CSet: 0.0 ms]
      [Ref Proc: 0.2 ms]
      [Ref Enq: 0.0 ms]
      [Redirty Cards: 0.3 ms]
      [Humongous Register: 0.0 ms]
      [Humongous Reclaim: 0.0 ms]
      [Free CSet: 0.2 ms]
   [Eden: 299.0M(299.0M)->0.0B(292.0M) Survivors: 43.0M->43.0M Heap: 754.3M(2048.0M)->755.8M(2048.0M)]
 [Times: user=1.38 sys=0.00, real=0.18 secs] 
2020-09-29T12:29:37.387+0200: 148.713: [GC pause (G1 Evacuation Pause) (young), 0.1715001 secs]
   [Parallel Time: 170.3 ms, GC Workers: 8]
      [GC Worker Start (ms): Min: 148713.6, Avg: 148713.6, Max: 148713.7, Diff: 0.2]
      [Ext Root Scanning (ms): Min: 0.0, Avg: 0.1, Max: 0.1, Diff: 0.1, Sum: 0.7]
      [Update RS (ms): Min: 14.4, Avg: 14.7, Max: 15.1, Diff: 0.7, Sum: 117.9]
         [Processed Buffers: Min: 14, Avg: 15.9, Max: 18, Diff: 4, Sum: 127]
      [Scan RS (ms): Min: 17.0, Avg: 17.4, Max: 18.2, Diff: 1.2, Sum: 139.0]
      [Code Root Scanning (ms): Min: 0.0, Avg: 0.0, Max: 0.0, Diff: 0.0, Sum: 0.0]
      [Object Copy (ms): Min: 137.4, Avg: 137.7, Max: 137.8, Diff: 0.4, Sum: 1101.3]
      [Termination (ms): Min: 0.0, Avg: 0.3, Max: 0.4, Diff: 0.4, Sum: 2.0]
         [Termination Attempts: Min: 1, Avg: 1839.4, Max: 2334, Diff: 2333, Sum: 14715]
      [GC Worker Other (ms): Min: 0.0, Avg: 0.0, Max: 0.1, Diff: 0.1, Sum: 0.3]
      [GC Worker Total (ms): Min: 170.1, Avg: 170.2, Max: 170.2, Diff: 0.2, Sum: 1361.3]
      [GC Worker End (ms): Min: 148883.8, Avg: 148883.8, Max: 148883.8, Diff: 0.1]
   [Code Root Fixup: 0.0 ms]
   [Code Root Purge: 0.0 ms]
   [Clear CT: 0.2 ms]
   [Other: 1.0 ms]
      [Choose CSet: 0.0 ms]
      [Ref Proc: 0.2 ms]
      [Ref Enq: 0.0 ms]
      [Redirty Cards: 0.2 ms]
      [Humongous Register: 0.0 ms]
      [Humongous Reclaim: 0.0 ms]
      [Free CSet: 0.3 ms]
   [Eden: 292.0M(292.0M)->0.0B(291.0M) Survivors: 43.0M->42.0M Heap: 1095.5M(2048.0M)->1097.5M(2048.0M)]
 [Times: user=1.38 sys=0.00, real=0.17 secs] 
2020-09-29T12:29:37.559+0200: 148.885: [GC pause (G1 Humongous Allocation) (young) (initial-mark), 0.0668998 secs]
   [Parallel Time: 66.0 ms, GC Workers: 8]
      [GC Worker Start (ms): Min: 148885.5, Avg: 148885.6, Max: 148885.6, Diff: 0.1]
      [Ext Root Scanning (ms): Min: 0.0, Avg: 0.1, Max: 0.1, Diff: 0.1, Sum: 0.8]
      [Update RS (ms): Min: 45.0, Avg: 45.4, Max: 45.7, Diff: 0.7, Sum: 363.4]
         [Processed Buffers: Min: 55, Avg: 56.8, Max: 58, Diff: 3, Sum: 454]
      [Scan RS (ms): Min: 0.0, Avg: 0.0, Max: 0.0, Diff: 0.0, Sum: 0.0]
      [Code Root Scanning (ms): Min: 0.0, Avg: 0.0, Max: 0.0, Diff: 0.0, Sum: 0.0]
      [Object Copy (ms): Min: 19.9, Avg: 20.2, Max: 20.6, Diff: 0.7, Sum: 161.6]
      [Termination (ms): Min: 0.0, Avg: 0.0, Max: 0.0, Diff: 0.0, Sum: 0.3]
         [Termination Attempts: Min: 1, Avg: 235.4, Max: 301, Diff: 300, Sum: 1883]
      [GC Worker Other (ms): Min: 0.0, Avg: 0.0, Max: 0.0, Diff: 0.0, Sum: 0.1]
      [GC Worker Total (ms): Min: 65.7, Avg: 65.8, Max: 65.8, Diff: 0.1, Sum: 526.2]
      [GC Worker End (ms): Min: 148951.3, Avg: 148951.3, Max: 148951.3, Diff: 0.0]
   [Code Root Fixup: 0.0 ms]
   [Code Root Purge: 0.0 ms]
   [Clear CT: 0.2 ms]
   [Other: 0.7 ms]
      [Choose CSet: 0.0 ms]
      [Ref Proc: 0.1 ms]
      [Ref Enq: 0.0 ms]
      [Redirty Cards: 0.2 ms]
      [Humongous Register: 0.1 ms]
      [Humongous Reclaim: 0.0 ms]
      [Free CSet: 0.1 ms]
   [Eden: 1024.0K(291.0M)->0.0B(344.0M) Survivors: 42.0M->2048.0K Heap: 1098.0M(2048.0M)->1101.0M(2048.0M)]
 [Times: user=0.50 sys=0.00, real=0.07 secs] 
2020-09-29T12:29:37.626+0200: 148.952: [GC concurrent-root-region-scan-start]
2020-09-29T12:29:37.626+0200: 148.952: [GC concurrent-root-region-scan-end, 0.0001438 secs]
2020-09-29T12:29:37.626+0200: 148.952: [GC concurrent-mark-start]
2020-09-29T12:29:37.629+0200: 148.956: [GC concurrent-mark-end, 0.0035023 secs]
2020-09-29T12:29:37.630+0200: 148.956: [GC remark 2020-09-29T12:29:37.630+0200: 148.956: [Finalize Marking, 0.0001939 secs] 2020-09-29T12:29:37.630+0200: 148.956: [GC ref-proc, 0.0002978 secs] 2020-09-29T12:29:37.630+0200: 148.957: [Unloading, 0.0004506 secs], 0.0012645 secs]
 [Times: user=0.00 sys=0.00, real=0.00 secs] 
2020-09-29T12:29:37.631+0200: 148.958: [GC cleanup 1109M->20M(2048M), 0.0015496 secs]
 [Times: user=0.00 sys=0.00, real=0.00 secs] 
2020-09-29T12:29:37.633+0200: 148.960: [GC concurrent-cleanup-start]
2020-09-29T12:29:37.634+0200: 148.961: [GC concurrent-cleanup-end, 0.0014164 secs]
2020-09-29T12:29:37.808+0200: 149.135: [GC pause (G1 Evacuation Pause) (young), 0.1611459 secs]
   [Parallel Time: 159.9 ms, GC Workers: 8]
      [GC Worker Start (ms): Min: 149134.9, Avg: 149135.0, Max: 149135.1, Diff: 0.2]
      [Ext Root Scanning (ms): Min: 0.0, Avg: 0.1, Max: 0.2, Diff: 0.2, Sum: 0.5]
      [Update RS (ms): Min: 17.5, Avg: 17.5, Max: 17.8, Diff: 0.3, Sum: 140.4]
         [Processed Buffers: Min: 20, Avg: 21.9, Max: 24, Diff: 4, Sum: 175]
      [Scan RS (ms): Min: 15.2, Avg: 15.4, Max: 15.7, Diff: 0.6, Sum: 123.6]
      [Code Root Scanning (ms): Min: 0.0, Avg: 0.0, Max: 0.0, Diff: 0.0, Sum: 0.0]
      [Object Copy (ms): Min: 126.4, Avg: 126.6, Max: 126.7, Diff: 0.3, Sum: 1012.7]
      [Termination (ms): Min: 0.0, Avg: 0.0, Max: 0.0, Diff: 0.0, Sum: 0.0]
         [Termination Attempts: Min: 1, Avg: 13.5, Max: 19, Diff: 18, Sum: 108]
      [GC Worker Other (ms): Min: 0.0, Avg: 0.0, Max: 0.1, Diff: 0.1, Sum: 0.3]
      [GC Worker Total (ms): Min: 159.7, Avg: 159.7, Max: 159.8, Diff: 0.1, Sum: 1277.5]
      [GC Worker End (ms): Min: 149294.7, Avg: 149294.7, Max: 149294.8, Diff: 0.1]
   [Code Root Fixup: 0.0 ms]
   [Code Root Purge: 0.0 ms]
   [Clear CT: 0.2 ms]
   [Other: 1.0 ms]
      [Choose CSet: 0.0 ms]
      [Ref Proc: 0.2 ms]
      [Ref Enq: 0.0 ms]
      [Redirty Cards: 0.2 ms]
      [Humongous Register: 0.0 ms]
      [Humongous Reclaim: 0.0 ms]
      [Free CSet: 0.3 ms]
   [Eden: 344.0M(344.0M)->0.0B(300.0M) Survivors: 2048.0K->44.0M Heap: 414.6M(2048.0M)->415.1M(2048.0M)]
 [Times: user=1.23 sys=0.02, real=0.16 secs] 
2020-09-29T12:29:38.130+0200: 149.457: [GC pause (G1 Evacuation Pause) (young), 0.1688742 secs]
   [Parallel Time: 167.4 ms, GC Workers: 8]
      [GC Worker Start (ms): Min: 149456.9, Avg: 149457.0, Max: 149457.1, Diff: 0.2]
      [Ext Root Scanning (ms): Min: 0.0, Avg: 0.1, Max: 0.2, Diff: 0.2, Sum: 0.5]
      [Update RS (ms): Min: 17.0, Avg: 17.2, Max: 17.6, Diff: 0.5, Sum: 137.6]
         [Processed Buffers: Min: 17, Avg: 20.3, Max: 23, Diff: 6, Sum: 162]
      [Scan RS (ms): Min: 15.9, Avg: 16.4, Max: 16.6, Diff: 0.7, Sum: 130.9]
      [Code Root Scanning (ms): Min: 0.0, Avg: 0.0, Max: 0.0, Diff: 0.0, Sum: 0.0]
      [Object Copy (ms): Min: 133.3, Avg: 133.4, Max: 133.6, Diff: 0.2, Sum: 1067.6]
      [Termination (ms): Min: 0.0, Avg: 0.0, Max: 0.1, Diff: 0.1, Sum: 0.4]
         [Termination Attempts: Min: 1, Avg: 328.5, Max: 390, Diff: 389, Sum: 2628]
      [GC Worker Other (ms): Min: 0.0, Avg: 0.0, Max: 0.1, Diff: 0.0, Sum: 0.2]
      [GC Worker Total (ms): Min: 167.1, Avg: 167.2, Max: 167.2, Diff: 0.2, Sum: 1337.2]
      [GC Worker End (ms): Min: 149624.2, Avg: 149624.2, Max: 149624.2, Diff: 0.0]
   [Code Root Fixup: 0.0 ms]
   [Code Root Purge: 0.0 ms]
   [Clear CT: 0.2 ms]
   [Other: 1.3 ms]
      [Choose CSet: 0.0 ms]
      [Ref Proc: 0.2 ms]
      [Ref Enq: 0.0 ms]
      [Redirty Cards: 0.6 ms]
      [Humongous Register: 0.0 ms]
      [Humongous Reclaim: 0.0 ms]
      [Free CSet: 0.3 ms]
   [Eden: 300.0M(300.0M)->0.0B(293.0M) Survivors: 44.0M->43.0M Heap: 764.7M(2048.0M)->766.7M(2048.0M)]
 [Times: user=1.23 sys=0.01, real=0.18 secs] 
2020-09-29T12:29:38.449+0200: 149.775: [GC pause (G1 Evacuation Pause) (young), 0.1792740 secs]
   [Parallel Time: 178.2 ms, GC Workers: 8]
      [GC Worker Start (ms): Min: 149775.3, Avg: 149775.3, Max: 149775.3, Diff: 0.1]
      [Ext Root Scanning (ms): Min: 0.0, Avg: 0.1, Max: 0.1, Diff: 0.1, Sum: 0.6]
      [Update RS (ms): Min: 20.8, Avg: 21.1, Max: 21.4, Diff: 0.6, Sum: 168.5]
         [Processed Buffers: Min: 24, Avg: 24.8, Max: 25, Diff: 1, Sum: 198]
      [Scan RS (ms): Min: 12.3, Avg: 12.6, Max: 12.9, Diff: 0.6, Sum: 100.7]
      [Code Root Scanning (ms): Min: 0.0, Avg: 0.0, Max: 0.0, Diff: 0.0, Sum: 0.0]
      [Object Copy (ms): Min: 144.0, Avg: 144.1, Max: 144.2, Diff: 0.2, Sum: 1152.6]
      [Termination (ms): Min: 0.0, Avg: 0.1, Max: 0.2, Diff: 0.2, Sum: 1.0]
         [Termination Attempts: Min: 1, Avg: 808.4, Max: 1013, Diff: 1012, Sum: 6467]
      [GC Worker Other (ms): Min: 0.0, Avg: 0.0, Max: 0.1, Diff: 0.1, Sum: 0.3]
      [GC Worker Total (ms): Min: 177.9, Avg: 178.0, Max: 178.1, Diff: 0.2, Sum: 1423.7]
      [GC Worker End (ms): Min: 149953.2, Avg: 149953.3, Max: 149953.3, Diff: 0.1]
   [Code Root Fixup: 0.0 ms]
   [Code Root Purge: 0.0 ms]
   [Clear CT: 0.2 ms]
   [Other: 0.9 ms]
      [Choose CSet: 0.0 ms]
      [Ref Proc: 0.1 ms]
      [Ref Enq: 0.0 ms]
      [Redirty Cards: 0.2 ms]
      [Humongous Register: 0.0 ms]
      [Humongous Reclaim: 0.0 ms]
      [Free CSet: 0.3 ms]
   [Eden: 293.0M(293.0M)->0.0B(292.0M) Survivors: 43.0M->42.0M Heap: 1107.4M(2048.0M)->1109.4M(2048.0M)]
 [Times: user=1.36 sys=0.00, real=0.18 secs] 
2020-09-29T12:29:38.642+0200: 149.968: [GC pause (G1 Humongous Allocation) (young) (initial-mark), 0.0633645 secs]
   [Parallel Time: 62.4 ms, GC Workers: 8]
      [GC Worker Start (ms): Min: 149968.0, Avg: 149968.0, Max: 149968.1, Diff: 0.1]
      [Ext Root Scanning (ms): Min: 0.1, Avg: 0.1, Max: 0.1, Diff: 0.1, Sum: 0.7]
      [Update RS (ms): Min: 30.5, Avg: 30.9, Max: 31.9, Diff: 1.4, Sum: 247.3]
         [Processed Buffers: Min: 18, Avg: 34.0, Max: 41, Diff: 23, Sum: 272]
      [Scan RS (ms): Min: 1.7, Avg: 4.4, Max: 16.1, Diff: 14.4, Sum: 34.8]
      [Code Root Scanning (ms): Min: 0.0, Avg: 0.0, Max: 0.0, Diff: 0.0, Sum: 0.0]
      [Object Copy (ms): Min: 15.2, Avg: 26.7, Max: 28.6, Diff: 13.3, Sum: 214.0]
      [Termination (ms): Min: 0.0, Avg: 0.2, Max: 0.2, Diff: 0.2, Sum: 1.3]
         [Termination Attempts: Min: 1, Avg: 933.5, Max: 1123, Diff: 1122, Sum: 7468]
      [GC Worker Other (ms): Min: 0.0, Avg: 0.0, Max: 0.0, Diff: 0.0, Sum: 0.1]
      [GC Worker Total (ms): Min: 62.2, Avg: 62.3, Max: 62.3, Diff: 0.1, Sum: 498.3]
      [GC Worker End (ms): Min: 150030.3, Avg: 150030.3, Max: 150030.3, Diff: 0.0]
   [Code Root Fixup: 0.0 ms]
   [Code Root Purge: 0.0 ms]
   [Clear CT: 0.2 ms]
   [Other: 0.7 ms]
      [Choose CSet: 0.0 ms]
      [Ref Proc: 0.2 ms]
      [Ref Enq: 0.0 ms]
      [Redirty Cards: 0.2 ms]
      [Humongous Register: 0.0 ms]
      [Humongous Reclaim: 0.0 ms]
      [Free CSet: 0.1 ms]
   [Eden: 2048.0K(292.0M)->0.0B(282.0M) Survivors: 42.0M->4096.0K Heap: 1110.9M(2048.0M)->1115.4M(2048.0M)]
 [Times: user=0.44 sys=0.00, real=0.06 secs] 
2020-09-29T12:29:38.705+0200: 150.031: [GC concurrent-root-region-scan-start]
2020-09-29T12:29:38.706+0200: 150.032: [GC concurrent-root-region-scan-end, 0.0006370 secs]
2020-09-29T12:29:38.706+0200: 150.032: [GC concurrent-mark-start]
2020-09-29T12:29:38.709+0200: 150.036: [GC concurrent-mark-end, 0.0034615 secs]
2020-09-29T12:29:38.710+0200: 150.036: [GC remark 2020-09-29T12:29:38.710+0200: 150.036: [Finalize Marking, 0.0002314 secs] 2020-09-29T12:29:38.710+0200: 150.036: [GC ref-proc, 0.0003969 secs] 2020-09-29T12:29:38.710+0200: 150.037: [Unloading, 0.0004364 secs], 0.0013845 secs]
 [Times: user=0.00 sys=0.00, real=0.00 secs] 
2020-09-29T12:29:38.711+0200: 150.038: [GC cleanup 1125M->23M(2048M), 0.0012910 secs]
 [Times: user=0.00 sys=0.00, real=0.00 secs] 
2020-09-29T12:29:38.713+0200: 150.039: [GC concurrent-cleanup-start]
2020-09-29T12:29:38.715+0200: 150.041: [GC concurrent-cleanup-end, 0.0018196 secs]
2020-09-29T12:29:38.857+0200: 150.184: [GC pause (G1 Evacuation Pause) (young), 0.1334727 secs]
   [Parallel Time: 132.3 ms, GC Workers: 8]
      [GC Worker Start (ms): Min: 150183.8, Avg: 150183.9, Max: 150184.0, Diff: 0.2]
      [Ext Root Scanning (ms): Min: 0.0, Avg: 0.1, Max: 0.1, Diff: 0.1, Sum: 0.5]
      [Update RS (ms): Min: 12.5, Avg: 12.7, Max: 13.0, Diff: 0.5, Sum: 101.4]
         [Processed Buffers: Min: 14, Avg: 15.1, Max: 17, Diff: 3, Sum: 121]
      [Scan RS (ms): Min: 11.9, Avg: 12.2, Max: 12.4, Diff: 0.5, Sum: 97.6]
      [Code Root Scanning (ms): Min: 0.0, Avg: 0.0, Max: 0.0, Diff: 0.0, Sum: 0.0]
      [Object Copy (ms): Min: 107.0, Avg: 107.1, Max: 107.1, Diff: 0.1, Sum: 856.4]
      [Termination (ms): Min: 0.0, Avg: 0.0, Max: 0.1, Diff: 0.1, Sum: 0.3]
         [Termination Attempts: Min: 1, Avg: 260.9, Max: 359, Diff: 358, Sum: 2087]
      [GC Worker Other (ms): Min: 0.0, Avg: 0.1, Max: 0.1, Diff: 0.1, Sum: 0.4]
      [GC Worker Total (ms): Min: 132.0, Avg: 132.1, Max: 132.2, Diff: 0.2, Sum: 1056.8]
      [GC Worker End (ms): Min: 150316.0, Avg: 150316.0, Max: 150316.1, Diff: 0.1]
   [Code Root Fixup: 0.0 ms]
   [Code Root Purge: 0.0 ms]
   [Clear CT: 0.2 ms]
   [Other: 1.0 ms]
      [Choose CSet: 0.0 ms]
      [Ref Proc: 0.2 ms]
      [Ref Enq: 0.0 ms]
      [Redirty Cards: 0.3 ms]
      [Humongous Register: 0.0 ms]
      [Humongous Reclaim: 0.0 ms]
      [Free CSet: 0.3 ms]
   [Eden: 282.0M(282.0M)->0.0B(280.0M) Survivors: 4096.0K->36.0M Heap: 343.2M(2048.0M)->341.7M(2048.0M)]
 [Times: user=1.13 sys=0.00, real=0.13 secs] 
2020-09-29T12:29:39.151+0200: 150.478: [GC pause (G1 Evacuation Pause) (young), 0.1607712 secs]
   [Parallel Time: 159.6 ms, GC Workers: 8]
      [GC Worker Start (ms): Min: 150478.0, Avg: 150478.1, Max: 150478.2, Diff: 0.2]
      [Ext Root Scanning (ms): Min: 0.0, Avg: 0.1, Max: 0.2, Diff: 0.2, Sum: 0.5]
      [Update RS (ms): Min: 15.8, Avg: 15.9, Max: 15.9, Diff: 0.1, Sum: 127.0]
         [Processed Buffers: Min: 14, Avg: 17.6, Max: 20, Diff: 6, Sum: 141]
      [Scan RS (ms): Min: 16.7, Avg: 16.8, Max: 17.0, Diff: 0.3, Sum: 134.5]
      [Code Root Scanning (ms): Min: 0.0, Avg: 0.0, Max: 0.0, Diff: 0.0, Sum: 0.0]
      [Object Copy (ms): Min: 126.4, Avg: 126.5, Max: 126.6, Diff: 0.2, Sum: 1012.3]
      [Termination (ms): Min: 0.0, Avg: 0.0, Max: 0.0, Diff: 0.0, Sum: 0.0]
         [Termination Attempts: Min: 1, Avg: 6.5, Max: 11, Diff: 10, Sum: 52]
      [GC Worker Other (ms): Min: 0.0, Avg: 0.0, Max: 0.1, Diff: 0.1, Sum: 0.3]
      [GC Worker Total (ms): Min: 159.3, Avg: 159.3, Max: 159.5, Diff: 0.2, Sum: 1274.7]
      [GC Worker End (ms): Min: 150637.4, Avg: 150637.4, Max: 150637.5, Diff: 0.1]
   [Code Root Fixup: 0.0 ms]
   [Code Root Purge: 0.0 ms]
   [Clear CT: 0.2 ms]
   [Other: 0.9 ms]
      [Choose CSet: 0.0 ms]
      [Ref Proc: 0.2 ms]
      [Ref Enq: 0.0 ms]
      [Redirty Cards: 0.2 ms]
      [Humongous Register: 0.0 ms]
      [Humongous Reclaim: 0.0 ms]
      [Free CSet: 0.3 ms]
   [Eden: 280.0M(280.0M)->0.0B(281.0M) Survivors: 36.0M->40.0M Heap: 669.4M(2048.0M)->670.9M(2048.0M)]
 [Times: user=1.23 sys=0.00, real=0.16 secs] 
2020-09-29T12:29:39.469+0200: 150.796: [GC pause (G1 Evacuation Pause) (young), 0.1621477 secs]
   [Parallel Time: 160.5 ms, GC Workers: 8]
      [GC Worker Start (ms): Min: 150795.9, Avg: 150796.0, Max: 150796.1, Diff: 0.1]
      [Ext Root Scanning (ms): Min: 0.0, Avg: 0.1, Max: 0.1, Diff: 0.1, Sum: 0.5]
      [Update RS (ms): Min: 15.5, Avg: 15.7, Max: 16.0, Diff: 0.4, Sum: 125.9]
         [Processed Buffers: Min: 16, Avg: 18.3, Max: 21, Diff: 5, Sum: 146]
      [Scan RS (ms): Min: 14.4, Avg: 14.7, Max: 14.9, Diff: 0.5, Sum: 117.2]
      [Code Root Scanning (ms): Min: 0.0, Avg: 0.0, Max: 0.0, Diff: 0.0, Sum: 0.0]
      [Object Copy (ms): Min: 129.6, Avg: 129.8, Max: 129.8, Diff: 0.2, Sum: 1038.1]
      [Termination (ms): Min: 0.0, Avg: 0.0, Max: 0.0, Diff: 0.0, Sum: 0.0]
         [Termination Attempts: Min: 1, Avg: 2.6, Max: 6, Diff: 5, Sum: 21]
      [GC Worker Other (ms): Min: 0.0, Avg: 0.0, Max: 0.1, Diff: 0.1, Sum: 0.4]
      [GC Worker Total (ms): Min: 160.2, Avg: 160.3, Max: 160.3, Diff: 0.1, Sum: 1282.2]
      [GC Worker End (ms): Min: 150956.2, Avg: 150956.3, Max: 150956.3, Diff: 0.1]
   [Code Root Fixup: 0.0 ms]
   [Code Root Purge: 0.0 ms]
   [Clear CT: 0.2 ms]
   [Other: 1.5 ms]
      [Choose CSet: 0.0 ms]
      [Ref Proc: 0.6 ms]
      [Ref Enq: 0.0 ms]
      [Redirty Cards: 0.2 ms]
      [Humongous Register: 0.1 ms]
      [Humongous Reclaim: 0.0 ms]
      [Free CSet: 0.3 ms]
   [Eden: 281.0M(281.0M)->0.0B(288.0M) Survivors: 40.0M->41.0M Heap: 997.6M(2048.0M)->999.6M(2048.0M)]
 [Times: user=1.38 sys=0.00, real=0.16 secs] 
2020-09-29T12:29:39.639+0200: 150.966: [GC pause (G1 Humongous Allocation) (young) (initial-mark), 0.0578057 secs]
   [Parallel Time: 56.8 ms, GC Workers: 8]
      [GC Worker Start (ms): Min: 150966.1, Avg: 150966.2, Max: 150966.2, Diff: 0.1]
      [Ext Root Scanning (ms): Min: 0.0, Avg: 0.1, Max: 0.1, Diff: 0.1, Sum: 0.7]
      [Update RS (ms): Min: 35.9, Avg: 36.0, Max: 36.1, Diff: 0.3, Sum: 287.7]
         [Processed Buffers: Min: 41, Avg: 42.8, Max: 44, Diff: 3, Sum: 342]
      [Scan RS (ms): Min: 2.3, Avg: 2.5, Max: 2.6, Diff: 0.3, Sum: 19.7]
      [Code Root Scanning (ms): Min: 0.0, Avg: 0.0, Max: 0.0, Diff: 0.0, Sum: 0.0]
      [Object Copy (ms): Min: 18.1, Avg: 18.1, Max: 18.2, Diff: 0.1, Sum: 145.0]
      [Termination (ms): Min: 0.0, Avg: 0.0, Max: 0.0, Diff: 0.0, Sum: 0.2]
         [Termination Attempts: Min: 1, Avg: 131.9, Max: 194, Diff: 193, Sum: 1055]
      [GC Worker Other (ms): Min: 0.0, Avg: 0.0, Max: 0.0, Diff: 0.0, Sum: 0.2]
      [GC Worker Total (ms): Min: 56.6, Avg: 56.7, Max: 56.7, Diff: 0.1, Sum: 453.5]
      [GC Worker End (ms): Min: 151022.8, Avg: 151022.9, Max: 151022.9, Diff: 0.0]
   [Code Root Fixup: 0.0 ms]
   [Code Root Purge: 0.0 ms]
   [Clear CT: 0.1 ms]
   [Other: 0.8 ms]
      [Choose CSet: 0.0 ms]
      [Ref Proc: 0.1 ms]
      [Ref Enq: 0.0 ms]
      [Redirty Cards: 0.2 ms]
      [Humongous Register: 0.1 ms]
      [Humongous Reclaim: 0.0 ms]
      [Free CSet: 0.1 ms]
   [Eden: 4096.0K(288.0M)->0.0B(332.0M) Survivors: 41.0M->6144.0K Heap: 1003.6M(2048.0M)->1007.1M(2048.0M)]
 [Times: user=0.50 sys=0.00, real=0.06 secs] 
2020-09-29T12:29:39.697+0200: 151.024: [GC concurrent-root-region-scan-start]
2020-09-29T12:29:39.698+0200: 151.025: [GC concurrent-root-region-scan-end, 0.0009339 secs]
2020-09-29T12:29:39.698+0200: 151.025: [GC concurrent-mark-start]
2020-09-29T12:29:39.700+0200: 151.027: [GC concurrent-mark-end, 0.0026890 secs]
2020-09-29T12:29:39.701+0200: 151.028: [GC remark 2020-09-29T12:29:39.701+0200: 151.028: [Finalize Marking, 0.0002068 secs] 2020-09-29T12:29:39.701+0200: 151.028: [GC ref-proc, 0.0002821 secs] 2020-09-29T12:29:39.701+0200: 151.028: [Unloading, 0.0004350 secs], 0.0012868 secs]
 [Times: user=0.00 sys=0.00, real=0.00 secs] 
2020-09-29T12:29:39.702+0200: 151.029: [GC cleanup 1017M->25M(2048M), 0.0012470 secs]
 [Times: user=0.00 sys=0.00, real=0.00 secs] 
2020-09-29T12:29:39.704+0200: 151.031: [GC concurrent-cleanup-start]
2020-09-29T12:29:39.705+0200: 151.032: [GC concurrent-cleanup-end, 0.0011576 secs]
2020-09-29T12:29:39.880+0200: 151.207: [GC pause (G1 Evacuation Pause) (young), 0.1607866 secs]
   [Parallel Time: 159.7 ms, GC Workers: 8]
      [GC Worker Start (ms): Min: 151207.0, Avg: 151207.1, Max: 151207.2, Diff: 0.2]
      [Ext Root Scanning (ms): Min: 0.0, Avg: 0.1, Max: 0.2, Diff: 0.2, Sum: 0.4]
      [Update RS (ms): Min: 20.7, Avg: 20.9, Max: 21.3, Diff: 0.6, Sum: 167.6]
         [Processed Buffers: Min: 21, Avg: 25.5, Max: 28, Diff: 7, Sum: 204]
      [Scan RS (ms): Min: 12.5, Avg: 12.8, Max: 13.1, Diff: 0.5, Sum: 102.7]
      [Code Root Scanning (ms): Min: 0.0, Avg: 0.0, Max: 0.0, Diff: 0.0, Sum: 0.0]
      [Object Copy (ms): Min: 125.4, Avg: 125.5, Max: 125.6, Diff: 0.2, Sum: 1003.8]
      [Termination (ms): Min: 0.0, Avg: 0.1, Max: 0.1, Diff: 0.1, Sum: 0.7]
         [Termination Attempts: Min: 1, Avg: 355.4, Max: 428, Diff: 427, Sum: 2843]
      [GC Worker Other (ms): Min: 0.0, Avg: 0.0, Max: 0.1, Diff: 0.0, Sum: 0.2]
      [GC Worker Total (ms): Min: 159.3, Avg: 159.4, Max: 159.6, Diff: 0.2, Sum: 1275.5]
      [GC Worker End (ms): Min: 151366.5, Avg: 151366.5, Max: 151366.5, Diff: 0.0]
   [Code Root Fixup: 0.0 ms]
   [Code Root Purge: 0.0 ms]
   [Clear CT: 0.2 ms]
   [Other: 0.9 ms]
      [Choose CSet: 0.0 ms]
      [Ref Proc: 0.2 ms]
      [Ref Enq: 0.0 ms]
      [Redirty Cards: 0.2 ms]
      [Humongous Register: 0.0 ms]
      [Humongous Reclaim: 0.0 ms]
      [Free CSet: 0.3 ms]
   [Eden: 332.0M(332.0M)->0.0B(314.0M) Survivors: 6144.0K->43.0M Heap: 405.2M(2048.0M)->401.2M(2048.0M)]
 [Times: user=1.24 sys=0.02, real=0.16 secs] 
2020-09-29T12:29:40.214+0200: 151.541: [GC pause (G1 Evacuation Pause) (young), 0.1691506 secs]
   [Parallel Time: 168.0 ms, GC Workers: 8]
      [GC Worker Start (ms): Min: 151540.6, Avg: 151540.7, Max: 151540.8, Diff: 0.2]
      [Ext Root Scanning (ms): Min: 0.0, Avg: 0.1, Max: 0.1, Diff: 0.1, Sum: 0.4]
      [Update RS (ms): Min: 12.8, Avg: 13.0, Max: 13.2, Diff: 0.4, Sum: 103.7]
         [Processed Buffers: Min: 12, Avg: 15.5, Max: 19, Diff: 7, Sum: 124]
      [Scan RS (ms): Min: 18.0, Avg: 18.3, Max: 18.4, Diff: 0.4, Sum: 146.1]
      [Code Root Scanning (ms): Min: 0.0, Avg: 0.0, Max: 0.0, Diff: 0.0, Sum: 0.0]
      [Object Copy (ms): Min: 136.3, Avg: 136.4, Max: 136.5, Diff: 0.2, Sum: 1091.4]
      [Termination (ms): Min: 0.0, Avg: 0.1, Max: 0.1, Diff: 0.1, Sum: 0.6]
         [Termination Attempts: Min: 1, Avg: 505.3, Max: 714, Diff: 713, Sum: 4042]
      [GC Worker Other (ms): Min: 0.0, Avg: 0.0, Max: 0.1, Diff: 0.1, Sum: 0.3]
      [GC Worker Total (ms): Min: 167.7, Avg: 167.8, Max: 167.9, Diff: 0.2, Sum: 1342.5]
      [GC Worker End (ms): Min: 151708.5, Avg: 151708.5, Max: 151708.6, Diff: 0.1]
   [Code Root Fixup: 0.0 ms]
   [Code Root Purge: 0.0 ms]
   [Clear CT: 0.2 ms]
   [Other: 1.0 ms]
      [Choose CSet: 0.0 ms]
      [Ref Proc: 0.2 ms]
      [Ref Enq: 0.0 ms]
      [Redirty Cards: 0.3 ms]
      [Humongous Register: 0.0 ms]
      [Humongous Reclaim: 0.0 ms]
      [Free CSet: 0.3 ms]
   [Eden: 314.0M(314.0M)->0.0B(310.0M) Survivors: 43.0M->45.0M Heap: 766.7M(2048.0M)->768.7M(2048.0M)]
 [Times: user=1.38 sys=0.00, real=0.17 secs] 
2020-09-29T12:29:40.544+0200: 151.870: [GC pause (G1 Evacuation Pause) (young), 0.2051495 secs]
   [Parallel Time: 204.1 ms, GC Workers: 8]
      [GC Worker Start (ms): Min: 151870.2, Avg: 151870.3, Max: 151870.3, Diff: 0.2]
      [Ext Root Scanning (ms): Min: 0.0, Avg: 0.1, Max: 0.2, Diff: 0.2, Sum: 0.4]
      [Update RS (ms): Min: 19.0, Avg: 19.1, Max: 19.4, Diff: 0.4, Sum: 153.2]
         [Processed Buffers: Min: 21, Avg: 23.3, Max: 26, Diff: 5, Sum: 186]
      [Scan RS (ms): Min: 15.2, Avg: 15.4, Max: 15.6, Diff: 0.4, Sum: 123.5]
      [Code Root Scanning (ms): Min: 0.0, Avg: 0.0, Max: 0.0, Diff: 0.0, Sum: 0.0]
      [Object Copy (ms): Min: 168.8, Avg: 168.9, Max: 169.1, Diff: 0.3, Sum: 1351.3]
      [Termination (ms): Min: 0.0, Avg: 0.2, Max: 0.2, Diff: 0.2, Sum: 1.4]
         [Termination Attempts: Min: 1, Avg: 1302.0, Max: 1552, Diff: 1551, Sum: 10416]
      [GC Worker Other (ms): Min: 0.0, Avg: 0.0, Max: 0.1, Diff: 0.1, Sum: 0.3]
      [GC Worker Total (ms): Min: 203.7, Avg: 203.8, Max: 203.9, Diff: 0.2, Sum: 1630.1]
      [GC Worker End (ms): Min: 152074.0, Avg: 152074.0, Max: 152074.1, Diff: 0.1]
   [Code Root Fixup: 0.0 ms]
   [Code Root Purge: 0.0 ms]
   [Clear CT: 0.1 ms]
   [Other: 0.9 ms]
      [Choose CSet: 0.0 ms]
      [Ref Proc: 0.1 ms]
      [Ref Enq: 0.0 ms]
      [Redirty Cards: 0.2 ms]
      [Humongous Register: 0.0 ms]
      [Humongous Reclaim: 0.0 ms]
      [Free CSet: 0.3 ms]
   [Eden: 310.0M(310.0M)->0.0B(283.0M) Survivors: 45.0M->45.0M Heap: 1130.2M(2048.0M)->1132.2M(2048.0M)]
 [Times: user=1.53 sys=0.00, real=0.21 secs] 
2020-09-29T12:29:40.761+0200: 152.088: [GC pause (G1 Humongous Allocation) (young) (initial-mark), 0.0569978 secs]
   [Parallel Time: 56.1 ms, GC Workers: 8]
      [GC Worker Start (ms): Min: 152087.9, Avg: 152087.9, Max: 152088.0, Diff: 0.2]
      [Ext Root Scanning (ms): Min: 0.0, Avg: 0.7, Max: 5.0, Diff: 5.0, Sum: 6.0]
      [Update RS (ms): Min: 28.3, Avg: 32.4, Max: 33.2, Diff: 5.0, Sum: 259.1]
         [Processed Buffers: Min: 32, Avg: 39.6, Max: 42, Diff: 10, Sum: 317]
      [Scan RS (ms): Min: 2.6, Avg: 2.8, Max: 3.1, Diff: 0.5, Sum: 22.3]
      [Code Root Scanning (ms): Min: 0.0, Avg: 0.0, Max: 0.0, Diff: 0.0, Sum: 0.0]
      [Object Copy (ms): Min: 19.9, Avg: 19.9, Max: 19.9, Diff: 0.1, Sum: 159.2]
      [Termination (ms): Min: 0.0, Avg: 0.0, Max: 0.0, Diff: 0.0, Sum: 0.1]
         [Termination Attempts: Min: 1, Avg: 52.9, Max: 71, Diff: 70, Sum: 423]
      [GC Worker Other (ms): Min: 0.0, Avg: 0.0, Max: 0.0, Diff: 0.0, Sum: 0.2]
      [GC Worker Total (ms): Min: 55.7, Avg: 55.8, Max: 55.9, Diff: 0.2, Sum: 446.8]
      [GC Worker End (ms): Min: 152143.7, Avg: 152143.8, Max: 152143.8, Diff: 0.0]
   [Code Root Fixup: 0.0 ms]
   [Code Root Purge: 0.0 ms]
   [Clear CT: 0.2 ms]
   [Other: 0.7 ms]
      [Choose CSet: 0.0 ms]
      [Ref Proc: 0.1 ms]
      [Ref Enq: 0.0 ms]
      [Redirty Cards: 0.1 ms]
      [Humongous Register: 0.0 ms]
      [Humongous Reclaim: 0.0 ms]
      [Free CSet: 0.1 ms]
   [Eden: 6144.0K(283.0M)->0.0B(334.0M) Survivors: 45.0M->7168.0K Heap: 1137.7M(2048.0M)->1140.7M(2048.0M)]
 [Times: user=0.48 sys=0.00, real=0.06 secs] 
2020-09-29T12:29:40.818+0200: 152.145: [GC concurrent-root-region-scan-start]
2020-09-29T12:29:40.820+0200: 152.147: [GC concurrent-root-region-scan-end, 0.0017476 secs]
2020-09-29T12:29:40.820+0200: 152.147: [GC concurrent-mark-start]
2020-09-29T12:29:40.824+0200: 152.150: [GC concurrent-mark-end, 0.0037895 secs]
2020-09-29T12:29:40.824+0200: 152.151: [GC remark 2020-09-29T12:29:40.824+0200: 152.151: [Finalize Marking, 0.0002429 secs] 2020-09-29T12:29:40.825+0200: 152.151: [GC ref-proc, 0.0003243 secs] 2020-09-29T12:29:40.825+0200: 152.151: [Unloading, 0.0004143 secs], 0.0013398 secs]
 [Times: user=0.00 sys=0.00, real=0.00 secs] 
2020-09-29T12:29:40.826+0200: 152.153: [GC cleanup 1153M->29M(2048M), 0.0016071 secs]
 [Times: user=0.00 sys=0.00, real=0.00 secs] 
2020-09-29T12:29:40.828+0200: 152.154: [GC concurrent-cleanup-start]
2020-09-29T12:29:40.831+0200: 152.157: [GC concurrent-cleanup-end, 0.0028745 secs]
2020-09-29T12:29:40.998+0200: 152.325: [GC pause (G1 Evacuation Pause) (young), 0.1686299 secs]
   [Parallel Time: 167.2 ms, GC Workers: 8]
      [GC Worker Start (ms): Min: 152324.7, Avg: 152324.9, Max: 152325.2, Diff: 0.5]
      [Ext Root Scanning (ms): Min: 0.0, Avg: 0.1, Max: 0.2, Diff: 0.2, Sum: 0.5]
      [Update RS (ms): Min: 15.7, Avg: 16.0, Max: 16.2, Diff: 0.5, Sum: 128.0]
         [Processed Buffers: Min: 16, Avg: 17.4, Max: 20, Diff: 4, Sum: 139]
      [Scan RS (ms): Min: 18.6, Avg: 18.7, Max: 18.8, Diff: 0.3, Sum: 149.7]
      [Code Root Scanning (ms): Min: 0.0, Avg: 0.0, Max: 0.0, Diff: 0.0, Sum: 0.0]
      [Object Copy (ms): Min: 132.0, Avg: 132.1, Max: 132.2, Diff: 0.2, Sum: 1056.4]
      [Termination (ms): Min: 0.0, Avg: 0.1, Max: 0.1, Diff: 0.1, Sum: 0.6]
         [Termination Attempts: Min: 1, Avg: 554.9, Max: 672, Diff: 671, Sum: 4439]
      [GC Worker Other (ms): Min: 0.0, Avg: 0.0, Max: 0.1, Diff: 0.1, Sum: 0.3]
      [GC Worker Total (ms): Min: 166.6, Avg: 166.9, Max: 167.1, Diff: 0.6, Sum: 1335.5]
      [GC Worker End (ms): Min: 152491.8, Avg: 152491.8, Max: 152491.8, Diff: 0.1]
   [Code Root Fixup: 0.0 ms]
   [Code Root Purge: 0.0 ms]
   [Clear CT: 0.5 ms]
   [Other: 1.0 ms]
      [Choose CSet: 0.0 ms]
      [Ref Proc: 0.2 ms]
      [Ref Enq: 0.0 ms]
      [Redirty Cards: 0.3 ms]
      [Humongous Register: 0.0 ms]
      [Humongous Reclaim: 0.0 ms]
      [Free CSet: 0.2 ms]
   [Eden: 334.0M(334.0M)->0.0B(304.0M) Survivors: 7168.0K->43.0M Heap: 408.2M(2048.0M)->403.7M(2048.0M)]
 [Times: user=1.36 sys=0.00, real=0.18 secs] 
2020-09-29T12:29:41.320+0200: 152.647: [GC pause (G1 Evacuation Pause) (young), 0.1712620 secs]
   [Parallel Time: 170.1 ms, GC Workers: 8]
      [GC Worker Start (ms): Min: 152647.1, Avg: 152647.2, Max: 152647.3, Diff: 0.2]
      [Ext Root Scanning (ms): Min: 0.0, Avg: 0.0, Max: 0.2, Diff: 0.1, Sum: 0.4]
      [Update RS (ms): Min: 15.3, Avg: 15.5, Max: 16.1, Diff: 0.8, Sum: 123.7]
         [Processed Buffers: Min: 16, Avg: 17.8, Max: 20, Diff: 4, Sum: 142]
      [Scan RS (ms): Min: 16.2, Avg: 16.8, Max: 17.1, Diff: 0.8, Sum: 134.6]
      [Code Root Scanning (ms): Min: 0.0, Avg: 0.0, Max: 0.0, Diff: 0.0, Sum: 0.0]
      [Object Copy (ms): Min: 137.3, Avg: 137.4, Max: 137.4, Diff: 0.1, Sum: 1099.2]
      [Termination (ms): Min: 0.0, Avg: 0.1, Max: 0.1, Diff: 0.1, Sum: 0.8]
         [Termination Attempts: Min: 1, Avg: 462.9, Max: 684, Diff: 683, Sum: 3703]
      [GC Worker Other (ms): Min: 0.0, Avg: 0.0, Max: 0.0, Diff: 0.0, Sum: 0.1]
      [GC Worker Total (ms): Min: 169.8, Avg: 169.9, Max: 170.0, Diff: 0.2, Sum: 1358.9]
      [GC Worker End (ms): Min: 152817.1, Avg: 152817.1, Max: 152817.1, Diff: 0.0]
   [Code Root Fixup: 0.0 ms]
   [Code Root Purge: 0.0 ms]
   [Clear CT: 0.2 ms]
   [Other: 0.9 ms]
      [Choose CSet: 0.0 ms]
      [Ref Proc: 0.2 ms]
      [Ref Enq: 0.0 ms]
      [Redirty Cards: 0.3 ms]
      [Humongous Register: 0.0 ms]
      [Humongous Reclaim: 0.0 ms]
      [Free CSet: 0.2 ms]
   [Eden: 304.0M(304.0M)->0.0B(303.0M) Survivors: 43.0M->44.0M Heap: 757.3M(2048.0M)->759.8M(2048.0M)]
 [Times: user=1.38 sys=0.00, real=0.17 secs] 
2020-09-29T12:29:41.644+0200: 152.970: [GC pause (G1 Evacuation Pause) (young), 0.1732214 secs]
   [Parallel Time: 172.1 ms, GC Workers: 8]
      [GC Worker Start (ms): Min: 152970.4, Avg: 152970.5, Max: 152970.6, Diff: 0.2]
      [Ext Root Scanning (ms): Min: 0.0, Avg: 0.1, Max: 0.2, Diff: 0.2, Sum: 0.5]
      [Update RS (ms): Min: 19.1, Avg: 19.2, Max: 19.5, Diff: 0.4, Sum: 153.9]
         [Processed Buffers: Min: 21, Avg: 22.4, Max: 25, Diff: 4, Sum: 179]
      [Scan RS (ms): Min: 15.4, Avg: 15.8, Max: 16.1, Diff: 0.7, Sum: 126.6]
      [Code Root Scanning (ms): Min: 0.0, Avg: 0.0, Max: 0.0, Diff: 0.0, Sum: 0.0]
      [Object Copy (ms): Min: 136.4, Avg: 136.6, Max: 136.7, Diff: 0.3, Sum: 1092.5]
      [Termination (ms): Min: 0.0, Avg: 0.1, Max: 0.1, Diff: 0.1, Sum: 0.5]
         [Termination Attempts: Min: 1, Avg: 458.5, Max: 675, Diff: 674, Sum: 3668]
      [GC Worker Other (ms): Min: 0.0, Avg: 0.0, Max: 0.1, Diff: 0.1, Sum: 0.4]
      [GC Worker Total (ms): Min: 171.8, Avg: 171.8, Max: 171.9, Diff: 0.1, Sum: 1374.5]
      [GC Worker End (ms): Min: 153142.3, Avg: 153142.3, Max: 153142.3, Diff: 0.1]
   [Code Root Fixup: 0.0 ms]
   [Code Root Purge: 0.0 ms]
   [Clear CT: 0.2 ms]
   [Other: 1.0 ms]
      [Choose CSet: 0.0 ms]
      [Ref Proc: 0.2 ms]
      [Ref Enq: 0.0 ms]
      [Redirty Cards: 0.2 ms]
      [Humongous Register: 0.0 ms]
      [Humongous Reclaim: 0.0 ms]
      [Free CSet: 0.3 ms]
   [Eden: 303.0M(303.0M)->0.0B(305.0M) Survivors: 44.0M->44.0M Heap: 1114.3M(2048.0M)->1116.3M(2048.0M)]
 [Times: user=1.34 sys=0.05, real=0.17 secs] 
2020-09-29T12:29:41.831+0200: 153.158: [GC pause (G1 Humongous Allocation) (young) (initial-mark), 0.0667904 secs]
   [Parallel Time: 66.1 ms, GC Workers: 8]
      [GC Worker Start (ms): Min: 153158.0, Avg: 153158.1, Max: 153158.1, Diff: 0.2]
      [Ext Root Scanning (ms): Min: 0.0, Avg: 0.9, Max: 3.3, Diff: 3.3, Sum: 7.4]
      [Update RS (ms): Min: 32.4, Avg: 34.8, Max: 36.0, Diff: 3.6, Sum: 278.7]
         [Processed Buffers: Min: 29, Avg: 40.1, Max: 44, Diff: 15, Sum: 321]
      [Scan RS (ms): Min: 2.6, Avg: 2.9, Max: 3.2, Diff: 0.7, Sum: 23.3]
      [Code Root Scanning (ms): Min: 0.0, Avg: 0.0, Max: 0.0, Diff: 0.0, Sum: 0.0]
      [Object Copy (ms): Min: 27.1, Avg: 27.2, Max: 27.2, Diff: 0.1, Sum: 217.2]
      [Termination (ms): Min: 0.0, Avg: 0.0, Max: 0.0, Diff: 0.0, Sum: 0.1]
         [Termination Attempts: Min: 1, Avg: 97.5, Max: 133, Diff: 132, Sum: 780]
      [GC Worker Other (ms): Min: 0.0, Avg: 0.0, Max: 0.0, Diff: 0.0, Sum: 0.2]
      [GC Worker Total (ms): Min: 65.8, Avg: 65.9, Max: 66.0, Diff: 0.2, Sum: 527.0]
      [GC Worker End (ms): Min: 153223.9, Avg: 153223.9, Max: 153223.9, Diff: 0.0]
   [Code Root Fixup: 0.0 ms]
   [Code Root Purge: 0.0 ms]
   [Clear CT: 0.2 ms]
   [Other: 0.5 ms]
      [Choose CSet: 0.0 ms]
      [Ref Proc: 0.1 ms]
      [Ref Enq: 0.0 ms]
      [Redirty Cards: 0.1 ms]
      [Humongous Register: 0.0 ms]
      [Humongous Reclaim: 0.0 ms]
      [Free CSet: 0.1 ms]
   [Eden: 9216.0K(305.0M)->0.0B(313.0M) Survivors: 44.0M->11.0M Heap: 1125.3M(2048.0M)->1129.3M(2048.0M)]
 [Times: user=0.56 sys=0.00, real=0.07 secs] 
2020-09-29T12:29:41.898+0200: 153.225: [GC concurrent-root-region-scan-start]
2020-09-29T12:29:41.900+0200: 153.227: [GC concurrent-root-region-scan-end, 0.0021878 secs]
2020-09-29T12:29:41.900+0200: 153.227: [GC concurrent-mark-start]
2020-09-29T12:29:41.903+0200: 153.229: [GC concurrent-mark-end, 0.0023374 secs]
2020-09-29T12:29:41.903+0200: 153.229: [GC remark 2020-09-29T12:29:41.903+0200: 153.229: [Finalize Marking, 0.0001966 secs] 2020-09-29T12:29:41.903+0200: 153.230: [GC ref-proc, 0.0002829 secs] 2020-09-29T12:29:41.903+0200: 153.230: [Unloading, 0.0004242 secs], 0.0011701 secs]
 [Times: user=0.00 sys=0.00, real=0.00 secs] 
2020-09-29T12:29:41.904+0200: 153.231: [GC cleanup 1141M->32M(2048M), 0.0011145 secs]
 [Times: user=0.00 sys=0.00, real=0.00 secs] 
2020-09-29T12:29:41.906+0200: 153.232: [GC concurrent-cleanup-start]
2020-09-29T12:29:41.907+0200: 153.234: [GC concurrent-cleanup-end, 0.0014793 secs]
2020-09-29T12:29:42.080+0200: 153.407: [GC pause (G1 Evacuation Pause) (young), 0.1524798 secs]
   [Parallel Time: 151.4 ms, GC Workers: 8]
      [GC Worker Start (ms): Min: 153406.7, Avg: 153406.8, Max: 153406.9, Diff: 0.2]
      [Ext Root Scanning (ms): Min: 0.0, Avg: 0.1, Max: 0.1, Diff: 0.1, Sum: 0.5]
      [Update RS (ms): Min: 20.3, Avg: 20.4, Max: 20.6, Diff: 0.4, Sum: 163.3]
         [Processed Buffers: Min: 22, Avg: 24.0, Max: 27, Diff: 5, Sum: 192]
      [Scan RS (ms): Min: 11.1, Avg: 11.4, Max: 11.6, Diff: 0.4, Sum: 91.1]
      [Code Root Scanning (ms): Min: 0.0, Avg: 0.0, Max: 0.0, Diff: 0.0, Sum: 0.0]
      [Object Copy (ms): Min: 119.2, Avg: 119.3, Max: 119.3, Diff: 0.1, Sum: 954.3]
      [Termination (ms): Min: 0.0, Avg: 0.0, Max: 0.0, Diff: 0.0, Sum: 0.0]
         [Termination Attempts: Min: 1, Avg: 18.6, Max: 30, Diff: 29, Sum: 149]
      [GC Worker Other (ms): Min: 0.0, Avg: 0.1, Max: 0.1, Diff: 0.1, Sum: 0.4]
      [GC Worker Total (ms): Min: 151.2, Avg: 151.2, Max: 151.3, Diff: 0.1, Sum: 1209.7]
      [GC Worker End (ms): Min: 153558.0, Avg: 153558.0, Max: 153558.1, Diff: 0.1]
   [Code Root Fixup: 0.0 ms]
   [Code Root Purge: 0.0 ms]
   [Clear CT: 0.2 ms]
   [Other: 0.9 ms]
      [Choose CSet: 0.0 ms]
      [Ref Proc: 0.1 ms]
      [Ref Enq: 0.0 ms]
      [Redirty Cards: 0.3 ms]
      [Humongous Register: 0.0 ms]
      [Humongous Reclaim: 0.0 ms]
      [Free CSet: 0.2 ms]
   [Eden: 313.0M(313.0M)->0.0B(306.0M) Survivors: 11.0M->41.0M Heap: 387.4M(2048.0M)->377.9M(2048.0M)]
 [Times: user=1.23 sys=0.00, real=0.15 secs] 
2020-09-29T12:29:42.390+0200: 153.716: [GC pause (G1 Evacuation Pause) (young), 0.1745816 secs]
   [Parallel Time: 170.5 ms, GC Workers: 8]
      [GC Worker Start (ms): Min: 153716.4, Avg: 153716.5, Max: 153716.5, Diff: 0.2]
      [Ext Root Scanning (ms): Min: 0.0, Avg: 0.1, Max: 0.2, Diff: 0.2, Sum: 0.5]
      [Update RS (ms): Min: 16.5, Avg: 16.8, Max: 18.1, Diff: 1.6, Sum: 134.4]
         [Processed Buffers: Min: 18, Avg: 20.3, Max: 22, Diff: 4, Sum: 162]
      [Scan RS (ms): Min: 15.6, Avg: 16.9, Max: 17.3, Diff: 1.8, Sum: 135.3]
      [Code Root Scanning (ms): Min: 0.0, Avg: 0.0, Max: 0.0, Diff: 0.0, Sum: 0.0]
      [Object Copy (ms): Min: 136.2, Avg: 136.4, Max: 136.5, Diff: 0.3, Sum: 1091.2]
      [Termination (ms): Min: 0.0, Avg: 0.1, Max: 0.1, Diff: 0.1, Sum: 0.5]
         [Termination Attempts: Min: 1, Avg: 397.4, Max: 587, Diff: 586, Sum: 3179]
      [GC Worker Other (ms): Min: 0.0, Avg: 0.1, Max: 0.1, Diff: 0.1, Sum: 0.6]
      [GC Worker Total (ms): Min: 170.2, Avg: 170.3, Max: 170.4, Diff: 0.2, Sum: 1362.4]
      [GC Worker End (ms): Min: 153886.7, Avg: 153886.8, Max: 153886.8, Diff: 0.1]
   [Code Root Fixup: 0.0 ms]
   [Code Root Purge: 0.0 ms]
   [Clear CT: 2.2 ms]
   [Other: 1.9 ms]
      [Choose CSet: 0.0 ms]
      [Ref Proc: 0.1 ms]
      [Ref Enq: 0.0 ms]
      [Redirty Cards: 1.3 ms]
      [Humongous Register: 0.0 ms]
      [Humongous Reclaim: 0.0 ms]
      [Free CSet: 0.2 ms]
   [Eden: 306.0M(306.0M)->0.0B(300.0M) Survivors: 41.0M->44.0M Heap: 735.4M(2048.0M)->737.9M(2048.0M)]
 [Times: user=1.36 sys=0.01, real=0.17 secs] 
2020-09-29T12:29:42.726+0200: 154.052: [GC pause (G1 Evacuation Pause) (young), 0.1637328 secs]
   [Parallel Time: 162.4 ms, GC Workers: 8]
      [GC Worker Start (ms): Min: 154052.5, Avg: 154052.6, Max: 154052.7, Diff: 0.2]
      [Ext Root Scanning (ms): Min: 0.0, Avg: 0.1, Max: 0.2, Diff: 0.2, Sum: 0.5]
      [Update RS (ms): Min: 17.4, Avg: 17.5, Max: 17.6, Diff: 0.2, Sum: 140.0]
         [Processed Buffers: Min: 20, Avg: 21.6, Max: 25, Diff: 5, Sum: 173]
      [Scan RS (ms): Min: 15.0, Avg: 15.1, Max: 15.2, Diff: 0.2, Sum: 120.8]
      [Code Root Scanning (ms): Min: 0.0, Avg: 0.0, Max: 0.0, Diff: 0.0, Sum: 0.0]
      [Object Copy (ms): Min: 129.4, Avg: 129.5, Max: 129.5, Diff: 0.1, Sum: 1035.8]
      [Termination (ms): Min: 0.0, Avg: 0.0, Max: 0.0, Diff: 0.0, Sum: 0.1]
         [Termination Attempts: Min: 1, Avg: 111.8, Max: 161, Diff: 160, Sum: 894]
      [GC Worker Other (ms): Min: 0.0, Avg: 0.0, Max: 0.1, Diff: 0.1, Sum: 0.4]
      [GC Worker Total (ms): Min: 162.1, Avg: 162.2, Max: 162.3, Diff: 0.2, Sum: 1297.6]
      [GC Worker End (ms): Min: 154214.8, Avg: 154214.8, Max: 154214.8, Diff: 0.1]
   [Code Root Fixup: 0.0 ms]
   [Code Root Purge: 0.0 ms]
   [Clear CT: 0.2 ms]
   [Other: 1.1 ms]
      [Choose CSet: 0.0 ms]
      [Ref Proc: 0.2 ms]
      [Ref Enq: 0.0 ms]
      [Redirty Cards: 0.3 ms]
      [Humongous Register: 0.0 ms]
      [Humongous Reclaim: 0.0 ms]
      [Free CSet: 0.3 ms]
   [Eden: 300.0M(300.0M)->0.0B(309.0M) Survivors: 44.0M->43.0M Heap: 1087.5M(2048.0M)->1088.5M(2048.0M)]
 [Times: user=1.25 sys=0.00, real=0.16 secs] 
2020-09-29T12:29:42.905+0200: 154.231: [GC pause (G1 Humongous Allocation) (young) (initial-mark), 0.0562003 secs]
   [Parallel Time: 55.4 ms, GC Workers: 8]
      [GC Worker Start (ms): Min: 154231.5, Avg: 154231.6, Max: 154231.7, Diff: 0.2]
      [Ext Root Scanning (ms): Min: 0.0, Avg: 0.3, Max: 0.6, Diff: 0.6, Sum: 2.1]
      [Update RS (ms): Min: 31.6, Avg: 32.2, Max: 32.6, Diff: 1.0, Sum: 257.6]
         [Processed Buffers: Min: 33, Avg: 37.9, Max: 40, Diff: 7, Sum: 303]
      [Scan RS (ms): Min: 2.4, Avg: 2.7, Max: 3.0, Diff: 0.6, Sum: 21.7]
      [Code Root Scanning (ms): Min: 0.0, Avg: 0.0, Max: 0.0, Diff: 0.0, Sum: 0.0]
      [Object Copy (ms): Min: 19.9, Avg: 20.0, Max: 20.0, Diff: 0.1, Sum: 159.6]
      [Termination (ms): Min: 0.0, Avg: 0.0, Max: 0.0, Diff: 0.0, Sum: 0.2]
         [Termination Attempts: Min: 1, Avg: 155.4, Max: 226, Diff: 225, Sum: 1243]
      [GC Worker Other (ms): Min: 0.0, Avg: 0.0, Max: 0.0, Diff: 0.0, Sum: 0.2]
      [GC Worker Total (ms): Min: 55.0, Avg: 55.2, Max: 55.2, Diff: 0.2, Sum: 441.3]
      [GC Worker End (ms): Min: 154286.7, Avg: 154286.7, Max: 154286.8, Diff: 0.0]
   [Code Root Fixup: 0.0 ms]
   [Code Root Purge: 0.0 ms]
   [Clear CT: 0.2 ms]
   [Other: 0.7 ms]
      [Choose CSet: 0.0 ms]
      [Ref Proc: 0.2 ms]
      [Ref Enq: 0.0 ms]
      [Redirty Cards: 0.1 ms]
      [Humongous Register: 0.1 ms]
      [Humongous Reclaim: 0.0 ms]
      [Free CSet: 0.1 ms]
   [Eden: 9216.0K(309.0M)->0.0B(354.0M) Survivors: 43.0M->10.0M Heap: 1097.0M(2048.0M)->1100.5M(2048.0M)]
 [Times: user=0.48 sys=0.00, real=0.06 secs] 
2020-09-29T12:29:42.961+0200: 154.288: [GC concurrent-root-region-scan-start]
2020-09-29T12:29:42.963+0200: 154.290: [GC concurrent-root-region-scan-end, 0.0021759 secs]
2020-09-29T12:29:42.963+0200: 154.290: [GC concurrent-mark-start]
2020-09-29T12:29:42.966+0200: 154.292: [GC concurrent-mark-end, 0.0026258 secs]
2020-09-29T12:29:42.966+0200: 154.293: [GC remark 2020-09-29T12:29:42.966+0200: 154.293: [Finalize Marking, 0.0001854 secs] 2020-09-29T12:29:42.966+0200: 154.293: [GC ref-proc, 0.0002817 secs] 2020-09-29T12:29:42.966+0200: 154.293: [Unloading, 0.0003196 secs], 0.0010658 secs]
 [Times: user=0.00 sys=0.00, real=0.00 secs] 
2020-09-29T12:29:42.967+0200: 154.294: [GC cleanup 1112M->31M(2048M), 0.0014830 secs]
 [Times: user=0.00 sys=0.00, real=0.00 secs] 
2020-09-29T12:29:42.969+0200: 154.296: [GC concurrent-cleanup-start]
2020-09-29T12:29:42.971+0200: 154.298: [GC concurrent-cleanup-end, 0.0020538 secs]
2020-09-29T12:29:43.150+0200: 154.477: [GC pause (G1 Evacuation Pause) (young), 0.1761935 secs]
   [Parallel Time: 174.7 ms, GC Workers: 8]
      [GC Worker Start (ms): Min: 154476.9, Avg: 154477.0, Max: 154477.1, Diff: 0.2]
      [Ext Root Scanning (ms): Min: 0.0, Avg: 0.1, Max: 0.2, Diff: 0.2, Sum: 0.5]
      [Update RS (ms): Min: 16.6, Avg: 16.9, Max: 17.1, Diff: 0.6, Sum: 135.1]
         [Processed Buffers: Min: 18, Avg: 19.6, Max: 22, Diff: 4, Sum: 157]
      [Scan RS (ms): Min: 16.0, Avg: 16.2, Max: 16.6, Diff: 0.6, Sum: 130.0]
      [Code Root Scanning (ms): Min: 0.0, Avg: 0.0, Max: 0.0, Diff: 0.0, Sum: 0.0]
      [Object Copy (ms): Min: 140.9, Avg: 141.0, Max: 141.3, Diff: 0.4, Sum: 1128.2]
      [Termination (ms): Min: 0.0, Avg: 0.2, Max: 0.3, Diff: 0.3, Sum: 1.8]
         [Termination Attempts: Min: 1, Avg: 1644.1, Max: 2053, Diff: 2052, Sum: 13153]
      [GC Worker Other (ms): Min: 0.0, Avg: 0.0, Max: 0.1, Diff: 0.1, Sum: 0.4]
      [GC Worker Total (ms): Min: 174.4, Avg: 174.5, Max: 174.6, Diff: 0.2, Sum: 1396.0]
      [GC Worker End (ms): Min: 154651.5, Avg: 154651.5, Max: 154651.5, Diff: 0.1]
   [Code Root Fixup: 0.0 ms]
   [Code Root Purge: 0.0 ms]
   [Clear CT: 0.2 ms]
   [Other: 1.2 ms]
      [Choose CSet: 0.0 ms]
      [Ref Proc: 0.2 ms]
      [Ref Enq: 0.0 ms]
      [Redirty Cards: 0.5 ms]
      [Humongous Register: 0.0 ms]
      [Humongous Reclaim: 0.0 ms]
      [Free CSet: 0.2 ms]
   [Eden: 354.0M(354.0M)->0.0B(322.0M) Survivors: 10.0M->46.0M Heap: 433.1M(2048.0M)->424.6M(2048.0M)]
 [Times: user=1.36 sys=0.00, real=0.18 secs] 
2020-09-29T12:29:43.494+0200: 154.821: [GC pause (G1 Evacuation Pause) (young), 0.1775431 secs]
   [Parallel Time: 176.5 ms, GC Workers: 8]
      [GC Worker Start (ms): Min: 154821.1, Avg: 154821.2, Max: 154821.2, Diff: 0.1]
      [Ext Root Scanning (ms): Min: 0.0, Avg: 0.1, Max: 0.1, Diff: 0.1, Sum: 0.6]
      [Update RS (ms): Min: 20.1, Avg: 20.2, Max: 20.4, Diff: 0.2, Sum: 161.6]
         [Processed Buffers: Min: 24, Avg: 25.0, Max: 27, Diff: 3, Sum: 200]
      [Scan RS (ms): Min: 16.1, Avg: 16.3, Max: 16.5, Diff: 0.4, Sum: 130.1]
      [Code Root Scanning (ms): Min: 0.0, Avg: 0.0, Max: 0.0, Diff: 0.0, Sum: 0.0]
      [Object Copy (ms): Min: 139.5, Avg: 139.7, Max: 139.7, Diff: 0.2, Sum: 1117.2]
      [Termination (ms): Min: 0.0, Avg: 0.0, Max: 0.0, Diff: 0.0, Sum: 0.1]
         [Termination Attempts: Min: 1, Avg: 135.6, Max: 168, Diff: 167, Sum: 1085]
      [GC Worker Other (ms): Min: 0.0, Avg: 0.0, Max: 0.1, Diff: 0.1, Sum: 0.3]
      [GC Worker Total (ms): Min: 176.2, Avg: 176.2, Max: 176.3, Diff: 0.1, Sum: 1410.0]
      [GC Worker End (ms): Min: 154997.4, Avg: 154997.4, Max: 154997.4, Diff: 0.1]
   [Code Root Fixup: 0.0 ms]
   [Code Root Purge: 0.0 ms]
   [Clear CT: 0.2 ms]
   [Other: 0.9 ms]
      [Choose CSet: 0.0 ms]
      [Ref Proc: 0.2 ms]
      [Ref Enq: 0.0 ms]
      [Redirty Cards: 0.3 ms]
      [Humongous Register: 0.1 ms]
      [Humongous Reclaim: 0.0 ms]
      [Free CSet: 0.2 ms]
   [Eden: 322.0M(322.0M)->0.0B(320.0M) Survivors: 46.0M->46.0M Heap: 801.9M(2048.0M)->804.9M(2048.0M)]
 [Times: user=1.38 sys=0.00, real=0.18 secs] 
2020-09-29T12:29:43.840+0200: 155.167: [GC pause (G1 Evacuation Pause) (young), 0.1804949 secs]
   [Parallel Time: 179.1 ms, GC Workers: 8]
      [GC Worker Start (ms): Min: 155167.4, Avg: 155167.4, Max: 155167.5, Diff: 0.1]
      [Ext Root Scanning (ms): Min: 0.0, Avg: 0.1, Max: 0.1, Diff: 0.1, Sum: 0.7]
      [Update RS (ms): Min: 16.3, Avg: 16.4, Max: 16.9, Diff: 0.5, Sum: 131.3]
         [Processed Buffers: Min: 19, Avg: 20.9, Max: 25, Diff: 6, Sum: 167]
      [Scan RS (ms): Min: 16.7, Avg: 17.3, Max: 17.5, Diff: 0.8, Sum: 138.1]
      [Code Root Scanning (ms): Min: 0.0, Avg: 0.0, Max: 0.0, Diff: 0.0, Sum: 0.0]
      [Object Copy (ms): Min: 144.8, Avg: 145.0, Max: 145.2, Diff: 0.4, Sum: 1159.9]
      [Termination (ms): Min: 0.0, Avg: 0.2, Max: 0.4, Diff: 0.4, Sum: 1.7]
         [Termination Attempts: Min: 1, Avg: 1179.9, Max: 1758, Diff: 1757, Sum: 9439]
      [GC Worker Other (ms): Min: 0.0, Avg: 0.0, Max: 0.0, Diff: 0.0, Sum: 0.1]
      [GC Worker Total (ms): Min: 178.9, Avg: 179.0, Max: 179.0, Diff: 0.1, Sum: 1431.8]
      [GC Worker End (ms): Min: 155346.4, Avg: 155346.4, Max: 155346.4, Diff: 0.0]
   [Code Root Fixup: 0.0 ms]
   [Code Root Purge: 0.0 ms]
   [Clear CT: 0.4 ms]
   [Other: 0.9 ms]
      [Choose CSet: 0.0 ms]
      [Ref Proc: 0.2 ms]
      [Ref Enq: 0.0 ms]
      [Redirty Cards: 0.2 ms]
      [Humongous Register: 0.0 ms]
      [Humongous Reclaim: 0.0 ms]
      [Free CSet: 0.3 ms]
   [Eden: 320.0M(320.0M)->0.0B(315.0M) Survivors: 46.0M->46.0M Heap: 1178.3M(2048.0M)->1180.3M(2048.0M)]
 [Times: user=1.47 sys=0.00, real=0.19 secs] 
2020-09-29T12:29:44.041+0200: 155.368: [GC pause (G1 Humongous Allocation) (young) (initial-mark), 0.0618549 secs]
   [Parallel Time: 60.9 ms, GC Workers: 8]
      [GC Worker Start (ms): Min: 155368.6, Avg: 155368.6, Max: 155368.7, Diff: 0.1]
      [Ext Root Scanning (ms): Min: 0.1, Avg: 0.1, Max: 0.1, Diff: 0.1, Sum: 0.8]
      [Update RS (ms): Min: 33.3, Avg: 33.6, Max: 34.1, Diff: 0.8, Sum: 268.9]
         [Processed Buffers: Min: 38, Avg: 40.5, Max: 44, Diff: 6, Sum: 324]
      [Scan RS (ms): Min: 2.3, Avg: 2.8, Max: 3.1, Diff: 0.8, Sum: 22.1]
      [Code Root Scanning (ms): Min: 0.0, Avg: 0.0, Max: 0.0, Diff: 0.0, Sum: 0.0]
      [Object Copy (ms): Min: 24.2, Avg: 24.2, Max: 24.2, Diff: 0.1, Sum: 193.6]
      [Termination (ms): Min: 0.0, Avg: 0.0, Max: 0.0, Diff: 0.0, Sum: 0.2]
         [Termination Attempts: Min: 1, Avg: 158.3, Max: 203, Diff: 202, Sum: 1266]
      [GC Worker Other (ms): Min: 0.0, Avg: 0.0, Max: 0.0, Diff: 0.0, Sum: 0.2]
      [GC Worker Total (ms): Min: 60.7, Avg: 60.7, Max: 60.8, Diff: 0.1, Sum: 485.8]
      [GC Worker End (ms): Min: 155429.3, Avg: 155429.3, Max: 155429.4, Diff: 0.0]
   [Code Root Fixup: 0.0 ms]
   [Code Root Purge: 0.0 ms]
   [Clear CT: 0.2 ms]
   [Other: 0.8 ms]
      [Choose CSet: 0.0 ms]
      [Ref Proc: 0.1 ms]
      [Ref Enq: 0.0 ms]
      [Redirty Cards: 0.2 ms]
      [Humongous Register: 0.1 ms]
      [Humongous Reclaim: 0.0 ms]
      [Free CSet: 0.1 ms]
   [Eden: 12.0M(315.0M)->0.0B(319.0M) Survivors: 46.0M->13.0M Heap: 1191.8M(2048.0M)->1195.3M(2048.0M)]
 [Times: user=0.50 sys=0.00, real=0.06 secs] 
2020-09-29T12:29:44.103+0200: 155.430: [GC concurrent-root-region-scan-start]
2020-09-29T12:29:44.107+0200: 155.434: [GC concurrent-root-region-scan-end, 0.0034822 secs]
2020-09-29T12:29:44.107+0200: 155.434: [GC concurrent-mark-start]
2020-09-29T12:29:44.110+0200: 155.437: [GC concurrent-mark-end, 0.0028949 secs]
2020-09-29T12:29:44.110+0200: 155.437: [GC remark 2020-09-29T12:29:44.110+0200: 155.437: [Finalize Marking, 0.0001982 secs] 2020-09-29T12:29:44.110+0200: 155.437: [GC ref-proc, 0.0002983 secs] 2020-09-29T12:29:44.111+0200: 155.438: [Unloading, 0.0004415 secs], 0.0012455 secs]
 [Times: user=0.00 sys=0.00, real=0.00 secs] 
2020-09-29T12:29:44.112+0200: 155.439: [GC cleanup 1207M->34M(2048M), 0.0012743 secs]
 [Times: user=0.00 sys=0.00, real=0.00 secs] 
2020-09-29T12:29:44.113+0200: 155.440: [GC concurrent-cleanup-start]
2020-09-29T12:29:44.115+0200: 155.442: [GC concurrent-cleanup-end, 0.0017834 secs]
2020-09-29T12:29:44.260+0200: 155.587: [GC pause (G1 Evacuation Pause) (young), 0.1619724 secs]
   [Parallel Time: 160.8 ms, GC Workers: 8]
      [GC Worker Start (ms): Min: 155587.3, Avg: 155587.4, Max: 155587.5, Diff: 0.2]
      [Ext Root Scanning (ms): Min: 0.0, Avg: 0.1, Max: 0.2, Diff: 0.2, Sum: 0.6]
      [Update RS (ms): Min: 16.2, Avg: 16.5, Max: 16.7, Diff: 0.5, Sum: 132.3]
         [Processed Buffers: Min: 19, Avg: 19.9, Max: 21, Diff: 2, Sum: 159]
      [Scan RS (ms): Min: 12.6, Avg: 12.9, Max: 13.3, Diff: 0.7, Sum: 102.9]
      [Code Root Scanning (ms): Min: 0.0, Avg: 0.0, Max: 0.0, Diff: 0.0, Sum: 0.0]
      [Object Copy (ms): Min: 130.5, Avg: 130.7, Max: 130.9, Diff: 0.4, Sum: 1045.9]
      [Termination (ms): Min: 0.1, Avg: 0.3, Max: 0.3, Diff: 0.3, Sum: 2.2]
         [Termination Attempts: Min: 1, Avg: 1568.8, Max: 2024, Diff: 2023, Sum: 12550]
      [GC Worker Other (ms): Min: 0.0, Avg: 0.0, Max: 0.0, Diff: 0.0, Sum: 0.1]
      [GC Worker Total (ms): Min: 160.4, Avg: 160.5, Max: 160.6, Diff: 0.2, Sum: 1283.9]
      [GC Worker End (ms): Min: 155747.9, Avg: 155747.9, Max: 155747.9, Diff: 0.0]
   [Code Root Fixup: 0.0 ms]
   [Code Root Purge: 0.0 ms]
   [Clear CT: 0.2 ms]
   [Other: 1.0 ms]
      [Choose CSet: 0.0 ms]
      [Ref Proc: 0.2 ms]
      [Ref Enq: 0.0 ms]
      [Redirty Cards: 0.3 ms]
      [Humongous Register: 0.0 ms]
      [Humongous Reclaim: 0.0 ms]
      [Free CSet: 0.2 ms]
   [Eden: 319.0M(319.0M)->0.0B(327.0M) Survivors: 13.0M->42.0M Heap: 395.4M(2048.0M)->384.4M(2048.0M)]
 [Times: user=1.25 sys=0.00, real=0.16 secs] 
2020-09-29T12:29:44.610+0200: 155.937: [GC pause (G1 Evacuation Pause) (young), 0.1816065 secs]
   [Parallel Time: 180.3 ms, GC Workers: 8]
      [GC Worker Start (ms): Min: 155937.3, Avg: 155937.4, Max: 155937.5, Diff: 0.2]
      [Ext Root Scanning (ms): Min: 0.0, Avg: 0.1, Max: 0.2, Diff: 0.2, Sum: 0.5]
      [Update RS (ms): Min: 20.6, Avg: 20.8, Max: 21.3, Diff: 0.7, Sum: 166.6]
         [Processed Buffers: Min: 23, Avg: 25.0, Max: 27, Diff: 4, Sum: 200]
      [Scan RS (ms): Min: 16.8, Avg: 17.2, Max: 17.4, Diff: 0.6, Sum: 137.4]
      [Code Root Scanning (ms): Min: 0.0, Avg: 0.0, Max: 0.0, Diff: 0.0, Sum: 0.0]
      [Object Copy (ms): Min: 141.5, Avg: 141.6, Max: 141.7, Diff: 0.3, Sum: 1132.9]
      [Termination (ms): Min: 0.0, Avg: 0.1, Max: 0.1, Diff: 0.1, Sum: 0.7]
         [Termination Attempts: Min: 1, Avg: 636.8, Max: 836, Diff: 835, Sum: 5094]
      [GC Worker Other (ms): Min: 0.0, Avg: 0.3, Max: 0.4, Diff: 0.4, Sum: 2.6]
      [GC Worker Total (ms): Min: 179.7, Avg: 180.1, Max: 180.2, Diff: 0.5, Sum: 1440.7]
      [GC Worker End (ms): Min: 156117.2, Avg: 156117.5, Max: 156117.6, Diff: 0.4]
   [Code Root Fixup: 0.0 ms]
   [Code Root Purge: 0.0 ms]
   [Clear CT: 0.2 ms]
   [Other: 1.1 ms]
      [Choose CSet: 0.0 ms]
      [Ref Proc: 0.2 ms]
      [Ref Enq: 0.0 ms]
      [Redirty Cards: 0.2 ms]
      [Humongous Register: 0.0 ms]
      [Humongous Reclaim: 0.0 ms]
      [Free CSet: 0.4 ms]
   [Eden: 327.0M(327.0M)->0.0B(316.0M) Survivors: 42.0M->47.0M Heap: 766.7M(2048.0M)->768.2M(2048.0M)]
 [Times: user=1.48 sys=0.02, real=0.18 secs] 
2020-09-29T12:29:44.972+0200: 156.299: [GC pause (G1 Evacuation Pause) (young), 0.1865926 secs]
   [Parallel Time: 185.4 ms, GC Workers: 8]
      [GC Worker Start (ms): Min: 156299.3, Avg: 156299.8, Max: 156301.2, Diff: 1.9]
      [Ext Root Scanning (ms): Min: 0.0, Avg: 0.1, Max: 0.2, Diff: 0.2, Sum: 0.7]
      [Update RS (ms): Min: 17.7, Avg: 19.2, Max: 20.3, Diff: 2.6, Sum: 154.0]
         [Processed Buffers: Min: 18, Avg: 23.5, Max: 27, Diff: 9, Sum: 188]
      [Scan RS (ms): Min: 16.3, Avg: 17.0, Max: 17.4, Diff: 1.0, Sum: 136.3]
      [Code Root Scanning (ms): Min: 0.0, Avg: 0.0, Max: 0.0, Diff: 0.0, Sum: 0.0]
      [Object Copy (ms): Min: 148.2, Avg: 148.3, Max: 148.4, Diff: 0.3, Sum: 1186.4]
      [Termination (ms): Min: 0.0, Avg: 0.0, Max: 0.1, Diff: 0.1, Sum: 0.3]
         [Termination Attempts: Min: 1, Avg: 290.1, Max: 398, Diff: 397, Sum: 2321]
      [GC Worker Other (ms): Min: 0.0, Avg: 0.1, Max: 0.1, Diff: 0.1, Sum: 0.5]
      [GC Worker Total (ms): Min: 183.3, Avg: 184.8, Max: 185.3, Diff: 2.0, Sum: 1478.2]
      [GC Worker End (ms): Min: 156484.5, Avg: 156484.5, Max: 156484.6, Diff: 0.1]
   [Code Root Fixup: 0.0 ms]
   [Code Root Purge: 0.0 ms]
   [Clear CT: 0.2 ms]
   [Other: 1.0 ms]
      [Choose CSet: 0.0 ms]
      [Ref Proc: 0.1 ms]
      [Ref Enq: 0.0 ms]
      [Redirty Cards: 0.3 ms]
      [Humongous Register: 0.1 ms]
      [Humongous Reclaim: 0.0 ms]
      [Free CSet: 0.3 ms]
   [Eden: 316.0M(316.0M)->0.0B(308.0M) Survivors: 47.0M->46.0M Heap: 1137.6M(2048.0M)->1140.1M(2048.0M)]
 [Times: user=1.47 sys=0.00, real=0.19 secs] 
2020-09-29T12:29:45.172+0200: 156.499: [GC pause (G1 Humongous Allocation) (young) (initial-mark), 0.0633853 secs]
   [Parallel Time: 62.7 ms, GC Workers: 8]
      [GC Worker Start (ms): Min: 156498.7, Avg: 156498.7, Max: 156498.8, Diff: 0.1]
      [Ext Root Scanning (ms): Min: 0.0, Avg: 0.1, Max: 0.1, Diff: 0.1, Sum: 0.7]
      [Update RS (ms): Min: 34.1, Avg: 34.3, Max: 34.5, Diff: 0.4, Sum: 274.5]
         [Processed Buffers: Min: 39, Avg: 42.3, Max: 44, Diff: 5, Sum: 338]
      [Scan RS (ms): Min: 2.7, Avg: 2.9, Max: 3.2, Diff: 0.5, Sum: 23.5]
      [Code Root Scanning (ms): Min: 0.0, Avg: 0.0, Max: 0.0, Diff: 0.0, Sum: 0.0]
      [Object Copy (ms): Min: 25.0, Avg: 25.0, Max: 25.1, Diff: 0.1, Sum: 200.4]
      [Termination (ms): Min: 0.0, Avg: 0.1, Max: 0.1, Diff: 0.1, Sum: 0.8]
         [Termination Attempts: Min: 1, Avg: 631.3, Max: 784, Diff: 783, Sum: 5050]
      [GC Worker Other (ms): Min: 0.0, Avg: 0.0, Max: 0.0, Diff: 0.0, Sum: 0.2]
      [GC Worker Total (ms): Min: 62.4, Avg: 62.5, Max: 62.6, Diff: 0.1, Sum: 500.0]
      [GC Worker End (ms): Min: 156561.2, Avg: 156561.2, Max: 156561.3, Diff: 0.0]
   [Code Root Fixup: 0.0 ms]
   [Code Root Purge: 0.0 ms]
   [Clear CT: 0.1 ms]
   [Other: 0.6 ms]
      [Choose CSet: 0.0 ms]
      [Ref Proc: 0.2 ms]
      [Ref Enq: 0.0 ms]
      [Redirty Cards: 0.1 ms]
      [Humongous Register: 0.0 ms]
      [Humongous Reclaim: 0.0 ms]
      [Free CSet: 0.1 ms]
   [Eden: 11.0M(308.0M)->0.0B(339.0M) Survivors: 46.0M->14.0M Heap: 1151.1M(2048.0M)->1155.6M(2048.0M)]
 [Times: user=0.50 sys=0.00, real=0.06 secs] 
2020-09-29T12:29:45.235+0200: 156.562: [GC concurrent-root-region-scan-start]
2020-09-29T12:29:45.238+0200: 156.565: [GC concurrent-root-region-scan-end, 0.0031867 secs]
2020-09-29T12:29:45.238+0200: 156.565: [GC concurrent-mark-start]
2020-09-29T12:29:45.242+0200: 156.569: [GC concurrent-mark-end, 0.0032719 secs]
2020-09-29T12:29:45.242+0200: 156.569: [GC remark 2020-09-29T12:29:45.242+0200: 156.569: [Finalize Marking, 0.0001469 secs] 2020-09-29T12:29:45.242+0200: 156.569: [GC ref-proc, 0.0003025 secs] 2020-09-29T12:29:45.242+0200: 156.569: [Unloading, 0.0004791 secs], 0.0012411 secs]
 [Times: user=0.00 sys=0.00, real=0.00 secs] 
2020-09-29T12:29:45.243+0200: 156.570: [GC cleanup 1169M->36M(2048M), 0.0012864 secs]
 [Times: user=0.00 sys=0.00, real=0.00 secs] 
2020-09-29T12:29:45.245+0200: 156.572: [GC concurrent-cleanup-start]
2020-09-29T12:29:45.247+0200: 156.574: [GC concurrent-cleanup-end, 0.0024026 secs]
2020-09-29T12:29:45.402+0200: 156.729: [GC pause (G1 Evacuation Pause) (young), 0.1833786 secs]
   [Parallel Time: 181.6 ms, GC Workers: 8]
      [GC Worker Start (ms): Min: 156729.4, Avg: 156729.5, Max: 156729.5, Diff: 0.2]
      [Ext Root Scanning (ms): Min: 0.0, Avg: 0.1, Max: 0.2, Diff: 0.2, Sum: 0.6]
      [Update RS (ms): Min: 14.2, Avg: 14.6, Max: 15.0, Diff: 0.7, Sum: 116.7]
         [Processed Buffers: Min: 15, Avg: 17.9, Max: 19, Diff: 4, Sum: 143]
      [Scan RS (ms): Min: 15.2, Avg: 15.6, Max: 16.1, Diff: 0.9, Sum: 125.2]
      [Code Root Scanning (ms): Min: 0.0, Avg: 0.0, Max: 0.0, Diff: 0.0, Sum: 0.0]
      [Object Copy (ms): Min: 150.3, Avg: 150.5, Max: 151.0, Diff: 0.7, Sum: 1204.1]
      [Termination (ms): Min: 0.0, Avg: 0.6, Max: 0.7, Diff: 0.7, Sum: 4.5]
         [Termination Attempts: Min: 1, Avg: 3819.4, Max: 4805, Diff: 4804, Sum: 30555]
      [GC Worker Other (ms): Min: 0.0, Avg: 0.0, Max: 0.1, Diff: 0.1, Sum: 0.3]
      [GC Worker Total (ms): Min: 181.4, Avg: 181.4, Max: 181.5, Diff: 0.2, Sum: 1451.5]
      [GC Worker End (ms): Min: 156910.9, Avg: 156910.9, Max: 156910.9, Diff: 0.1]
   [Code Root Fixup: 0.0 ms]
   [Code Root Purge: 0.0 ms]
   [Clear CT: 0.2 ms]
   [Other: 1.6 ms]
      [Choose CSet: 0.0 ms]
      [Ref Proc: 0.2 ms]
      [Ref Enq: 0.0 ms]
      [Redirty Cards: 0.9 ms]
      [Humongous Register: 0.0 ms]
      [Humongous Reclaim: 0.0 ms]
      [Free CSet: 0.2 ms]
   [Eden: 339.0M(339.0M)->0.0B(302.0M) Survivors: 14.0M->45.0M Heap: 419.7M(2048.0M)->407.7M(2048.0M)]
 [Times: user=1.47 sys=0.00, real=0.18 secs] 
2020-09-29T12:29:45.737+0200: 157.064: [GC pause (G1 Evacuation Pause) (young), 0.1680706 secs]
   [Parallel Time: 166.8 ms, GC Workers: 8]
      [GC Worker Start (ms): Min: 157064.4, Avg: 157064.5, Max: 157064.6, Diff: 0.2]
      [Ext Root Scanning (ms): Min: 0.0, Avg: 0.1, Max: 0.2, Diff: 0.2, Sum: 0.6]
      [Update RS (ms): Min: 15.5, Avg: 15.7, Max: 16.1, Diff: 0.6, Sum: 125.3]
         [Processed Buffers: Min: 18, Avg: 20.0, Max: 23, Diff: 5, Sum: 160]
      [Scan RS (ms): Min: 15.6, Avg: 16.1, Max: 16.4, Diff: 0.9, Sum: 129.2]
      [Code Root Scanning (ms): Min: 0.0, Avg: 0.0, Max: 0.0, Diff: 0.0, Sum: 0.0]
      [Object Copy (ms): Min: 134.4, Avg: 134.6, Max: 134.7, Diff: 0.4, Sum: 1076.9]
      [Termination (ms): Min: 0.0, Avg: 0.0, Max: 0.0, Diff: 0.0, Sum: 0.1]
         [Termination Attempts: Min: 1, Avg: 50.1, Max: 75, Diff: 74, Sum: 401]
      [GC Worker Other (ms): Min: 0.0, Avg: 0.1, Max: 0.1, Diff: 0.1, Sum: 0.4]
      [GC Worker Total (ms): Min: 166.5, Avg: 166.6, Max: 166.7, Diff: 0.2, Sum: 1332.5]
      [GC Worker End (ms): Min: 157231.0, Avg: 157231.1, Max: 157231.1, Diff: 0.1]
   [Code Root Fixup: 0.0 ms]
   [Code Root Purge: 0.0 ms]
   [Clear CT: 0.2 ms]
   [Other: 1.0 ms]
      [Choose CSet: 0.0 ms]
      [Ref Proc: 0.2 ms]
      [Ref Enq: 0.0 ms]
      [Redirty Cards: 0.2 ms]
      [Humongous Register: 0.0 ms]
      [Humongous Reclaim: 0.0 ms]
      [Free CSet: 0.4 ms]
   [Eden: 302.0M(302.0M)->0.0B(306.0M) Survivors: 45.0M->44.0M Heap: 761.2M(2048.0M)->763.7M(2048.0M)]
 [Times: user=1.38 sys=0.00, real=0.17 secs] 
2020-09-29T12:29:46.083+0200: 157.410: [GC pause (G1 Evacuation Pause) (young), 0.1725421 secs]
   [Parallel Time: 171.4 ms, GC Workers: 8]
      [GC Worker Start (ms): Min: 157410.2, Avg: 157410.4, Max: 157410.4, Diff: 0.2]
      [Ext Root Scanning (ms): Min: 0.0, Avg: 0.1, Max: 0.2, Diff: 0.2, Sum: 0.6]
      [Update RS (ms): Min: 21.6, Avg: 21.9, Max: 22.3, Diff: 0.7, Sum: 174.9]
         [Processed Buffers: Min: 20, Avg: 21.3, Max: 23, Diff: 3, Sum: 170]
      [Scan RS (ms): Min: 15.6, Avg: 15.9, Max: 16.1, Diff: 0.5, Sum: 127.4]
      [Code Root Scanning (ms): Min: 0.0, Avg: 0.0, Max: 0.0, Diff: 0.0, Sum: 0.0]
      [Object Copy (ms): Min: 133.1, Avg: 133.2, Max: 133.3, Diff: 0.2, Sum: 1065.7]
      [Termination (ms): Min: 0.0, Avg: 0.0, Max: 0.1, Diff: 0.1, Sum: 0.4]
         [Termination Attempts: Min: 1, Avg: 329.3, Max: 417, Diff: 416, Sum: 2634]
      [GC Worker Other (ms): Min: 0.0, Avg: 0.1, Max: 0.1, Diff: 0.1, Sum: 0.4]
      [GC Worker Total (ms): Min: 171.1, Avg: 171.2, Max: 171.3, Diff: 0.2, Sum: 1369.5]
      [GC Worker End (ms): Min: 157581.5, Avg: 157581.5, Max: 157581.6, Diff: 0.1]
   [Code Root Fixup: 0.0 ms]
   [Code Root Purge: 0.0 ms]
   [Clear CT: 0.2 ms]
   [Other: 1.0 ms]
      [Choose CSet: 0.0 ms]
      [Ref Proc: 0.2 ms]
      [Ref Enq: 0.0 ms]
      [Redirty Cards: 0.2 ms]
      [Humongous Register: 0.0 ms]
      [Humongous Reclaim: 0.0 ms]
      [Free CSet: 0.3 ms]
   [Eden: 306.0M(306.0M)->0.0B(305.0M) Survivors: 44.0M->44.0M Heap: 1119.3M(2048.0M)->1120.8M(2048.0M)]
 [Times: user=1.38 sys=0.00, real=0.17 secs] 
2020-09-29T12:29:46.265+0200: 157.592: [GC pause (G1 Humongous Allocation) (young) (initial-mark), 0.0588142 secs]
   [Parallel Time: 58.0 ms, GC Workers: 8]
      [GC Worker Start (ms): Min: 157592.0, Avg: 157592.1, Max: 157592.1, Diff: 0.1]
      [Ext Root Scanning (ms): Min: 0.0, Avg: 0.1, Max: 0.1, Diff: 0.1, Sum: 0.7]
      [Update RS (ms): Min: 35.0, Avg: 35.1, Max: 35.6, Diff: 0.6, Sum: 281.2]
         [Processed Buffers: Min: 41, Avg: 43.8, Max: 46, Diff: 5, Sum: 350]
      [Scan RS (ms): Min: 2.5, Avg: 2.9, Max: 3.1, Diff: 0.6, Sum: 23.4]
      [Code Root Scanning (ms): Min: 0.0, Avg: 0.0, Max: 0.0, Diff: 0.0, Sum: 0.0]
      [Object Copy (ms): Min: 19.6, Avg: 19.6, Max: 19.7, Diff: 0.1, Sum: 156.9]
      [Termination (ms): Min: 0.0, Avg: 0.0, Max: 0.0, Diff: 0.0, Sum: 0.3]
         [Termination Attempts: Min: 1, Avg: 250.0, Max: 304, Diff: 303, Sum: 2000]
      [GC Worker Other (ms): Min: 0.0, Avg: 0.0, Max: 0.0, Diff: 0.0, Sum: 0.2]
      [GC Worker Total (ms): Min: 57.8, Avg: 57.8, Max: 57.9, Diff: 0.1, Sum: 462.6]
      [GC Worker End (ms): Min: 157649.9, Avg: 157649.9, Max: 157649.9, Diff: 0.0]
   [Code Root Fixup: 0.0 ms]
   [Code Root Purge: 0.0 ms]
   [Clear CT: 0.1 ms]
   [Other: 0.7 ms]
      [Choose CSet: 0.0 ms]
      [Ref Proc: 0.2 ms]
      [Ref Enq: 0.0 ms]
      [Redirty Cards: 0.2 ms]
      [Humongous Register: 0.0 ms]
      [Humongous Reclaim: 0.0 ms]
      [Free CSet: 0.1 ms]
   [Eden: 3072.0K(305.0M)->0.0B(345.0M) Survivors: 44.0M->6144.0K Heap: 1123.8M(2048.0M)->1127.8M(2048.0M)]
 [Times: user=0.50 sys=0.00, real=0.06 secs] 
2020-09-29T12:29:46.324+0200: 157.651: [GC concurrent-root-region-scan-start]
2020-09-29T12:29:46.325+0200: 157.652: [GC concurrent-root-region-scan-end, 0.0008347 secs]
2020-09-29T12:29:46.325+0200: 157.652: [GC concurrent-mark-start]
2020-09-29T12:29:46.328+0200: 157.655: [GC concurrent-mark-end, 0.0029166 secs]
2020-09-29T12:29:46.328+0200: 157.655: [GC remark 2020-09-29T12:29:46.328+0200: 157.655: [Finalize Marking, 0.0001317 secs] 2020-09-29T12:29:46.328+0200: 157.655: [GC ref-proc, 0.0003783 secs] 2020-09-29T12:29:46.328+0200: 157.655: [Unloading, 0.0004235 secs], 0.0013149 secs]
 [Times: user=0.00 sys=0.00, real=0.00 secs] 
2020-09-29T12:29:46.330+0200: 157.656: [GC cleanup 1137M->25M(2048M), 0.0015351 secs]
 [Times: user=0.00 sys=0.00, real=0.00 secs] 
2020-09-29T12:29:46.331+0200: 157.658: [GC concurrent-cleanup-start]
2020-09-29T12:29:46.333+0200: 157.660: [GC concurrent-cleanup-end, 0.0022293 secs]
2020-09-29T12:29:46.493+0200: 157.820: [GC pause (G1 Evacuation Pause) (young), 0.1925753 secs]
   [Parallel Time: 191.3 ms, GC Workers: 8]
      [GC Worker Start (ms): Min: 157820.5, Avg: 157820.6, Max: 157820.6, Diff: 0.1]
      [Ext Root Scanning (ms): Min: 0.0, Avg: 0.1, Max: 0.1, Diff: 0.1, Sum: 0.5]
      [Update RS (ms): Min: 14.5, Avg: 14.6, Max: 15.2, Diff: 0.7, Sum: 116.8]
         [Processed Buffers: Min: 16, Avg: 18.4, Max: 20, Diff: 4, Sum: 147]
      [Scan RS (ms): Min: 16.5, Avg: 17.0, Max: 17.1, Diff: 0.6, Sum: 135.7]
      [Code Root Scanning (ms): Min: 0.0, Avg: 0.0, Max: 0.0, Diff: 0.0, Sum: 0.0]
      [Object Copy (ms): Min: 158.9, Avg: 159.0, Max: 159.4, Diff: 0.5, Sum: 1272.2]
      [Termination (ms): Min: 0.0, Avg: 0.4, Max: 0.5, Diff: 0.5, Sum: 3.5]
         [Termination Attempts: Min: 1, Avg: 3033.0, Max: 3819, Diff: 3818, Sum: 24264]
      [GC Worker Other (ms): Min: 0.0, Avg: 0.1, Max: 0.1, Diff: 0.1, Sum: 0.5]
      [GC Worker Total (ms): Min: 191.1, Avg: 191.1, Max: 191.2, Diff: 0.1, Sum: 1529.2]
      [GC Worker End (ms): Min: 158011.7, Avg: 158011.7, Max: 158011.8, Diff: 0.1]
   [Code Root Fixup: 0.0 ms]
   [Code Root Purge: 0.0 ms]
   [Clear CT: 0.2 ms]
   [Other: 1.0 ms]
      [Choose CSet: 0.0 ms]
      [Ref Proc: 0.2 ms]
      [Ref Enq: 0.0 ms]
      [Redirty Cards: 0.2 ms]
      [Humongous Register: 0.1 ms]
      [Humongous Reclaim: 0.0 ms]
      [Free CSet: 0.3 ms]
   [Eden: 345.0M(345.0M)->0.0B(294.0M) Survivors: 6144.0K->44.0M Heap: 419.6M(2048.0M)->415.6M(2048.0M)]
 [Times: user=1.45 sys=0.00, real=0.19 secs] 
2020-09-29T12:29:46.849+0200: 158.176: [GC pause (G1 Evacuation Pause) (young), 0.1730591 secs]
   [Parallel Time: 171.9 ms, GC Workers: 8]
      [GC Worker Start (ms): Min: 158175.9, Avg: 158176.0, Max: 158176.1, Diff: 0.2]
      [Ext Root Scanning (ms): Min: 0.0, Avg: 0.1, Max: 0.2, Diff: 0.2, Sum: 0.5]
      [Update RS (ms): Min: 18.9, Avg: 19.1, Max: 19.7, Diff: 0.8, Sum: 153.2]
         [Processed Buffers: Min: 20, Avg: 21.0, Max: 22, Diff: 2, Sum: 168]
      [Scan RS (ms): Min: 13.6, Avg: 14.3, Max: 14.6, Diff: 0.9, Sum: 114.1]
      [Code Root Scanning (ms): Min: 0.0, Avg: 0.0, Max: 0.0, Diff: 0.0, Sum: 0.0]
      [Object Copy (ms): Min: 138.0, Avg: 138.1, Max: 138.2, Diff: 0.2, Sum: 1105.0]
      [Termination (ms): Min: 0.0, Avg: 0.0, Max: 0.1, Diff: 0.1, Sum: 0.3]
         [Termination Attempts: Min: 1, Avg: 35.0, Max: 61, Diff: 60, Sum: 280]
      [GC Worker Other (ms): Min: 0.0, Avg: 0.0, Max: 0.0, Diff: 0.0, Sum: 0.1]
      [GC Worker Total (ms): Min: 171.6, Avg: 171.7, Max: 171.7, Diff: 0.1, Sum: 1373.3]
      [GC Worker End (ms): Min: 158347.7, Avg: 158347.7, Max: 158347.7, Diff: 0.0]
   [Code Root Fixup: 0.0 ms]
   [Code Root Purge: 0.0 ms]
   [Clear CT: 0.3 ms]
   [Other: 0.8 ms]
      [Choose CSet: 0.0 ms]
      [Ref Proc: 0.1 ms]
      [Ref Enq: 0.0 ms]
      [Redirty Cards: 0.3 ms]
      [Humongous Register: 0.0 ms]
      [Humongous Reclaim: 0.0 ms]
      [Free CSet: 0.2 ms]
   [Eden: 294.0M(294.0M)->0.0B(297.0M) Survivors: 44.0M->43.0M Heap: 757.3M(2048.0M)->759.3M(2048.0M)]
 [Times: user=1.30 sys=0.02, real=0.17 secs] 
2020-09-29T12:29:47.175+0200: 158.502: [GC pause (G1 Evacuation Pause) (young), 0.1749847 secs]
   [Parallel Time: 173.8 ms, GC Workers: 8]
      [GC Worker Start (ms): Min: 158502.6, Avg: 158502.7, Max: 158502.8, Diff: 0.2]
      [Ext Root Scanning (ms): Min: 0.0, Avg: 0.1, Max: 0.2, Diff: 0.2, Sum: 0.5]
      [Update RS (ms): Min: 18.6, Avg: 18.9, Max: 19.2, Diff: 0.6, Sum: 150.9]
         [Processed Buffers: Min: 19, Avg: 19.5, Max: 20, Diff: 1, Sum: 156]
      [Scan RS (ms): Min: 20.8, Avg: 21.1, Max: 21.4, Diff: 0.7, Sum: 168.7]
      [Code Root Scanning (ms): Min: 0.0, Avg: 0.0, Max: 0.0, Diff: 0.0, Sum: 0.0]
      [Object Copy (ms): Min: 133.3, Avg: 133.4, Max: 133.5, Diff: 0.2, Sum: 1067.2]
      [Termination (ms): Min: 0.0, Avg: 0.1, Max: 0.1, Diff: 0.1, Sum: 0.6]
         [Termination Attempts: Min: 1, Avg: 557.3, Max: 708, Diff: 707, Sum: 4458]
      [GC Worker Other (ms): Min: 0.0, Avg: 0.0, Max: 0.1, Diff: 0.0, Sum: 0.3]
      [GC Worker Total (ms): Min: 173.4, Avg: 173.5, Max: 173.6, Diff: 0.2, Sum: 1388.2]
      [GC Worker End (ms): Min: 158676.2, Avg: 158676.3, Max: 158676.3, Diff: 0.0]
   [Code Root Fixup: 0.0 ms]
   [Code Root Purge: 0.0 ms]
   [Clear CT: 0.2 ms]
   [Other: 1.0 ms]
      [Choose CSet: 0.0 ms]
      [Ref Proc: 0.2 ms]
      [Ref Enq: 0.0 ms]
      [Redirty Cards: 0.3 ms]
      [Humongous Register: 0.1 ms]
      [Humongous Reclaim: 0.0 ms]
      [Free CSet: 0.3 ms]
   [Eden: 297.0M(297.0M)->0.0B(287.0M) Survivors: 43.0M->43.0M Heap: 1105.9M(2048.0M)->1106.9M(2048.0M)]
 [Times: user=1.36 sys=0.03, real=0.18 secs] 
2020-09-29T12:29:47.358+0200: 158.685: [GC pause (G1 Humongous Allocation) (young) (initial-mark), 0.0610050 secs]
   [Parallel Time: 60.3 ms, GC Workers: 8]
      [GC Worker Start (ms): Min: 158685.6, Avg: 158685.6, Max: 158685.7, Diff: 0.1]
      [Ext Root Scanning (ms): Min: 0.0, Avg: 1.1, Max: 8.2, Diff: 8.2, Sum: 9.1]
      [Update RS (ms): Min: 30.4, Avg: 37.5, Max: 38.8, Diff: 8.4, Sum: 299.9]
         [Processed Buffers: Min: 38, Avg: 46.6, Max: 50, Diff: 12, Sum: 373]
      [Scan RS (ms): Min: 2.4, Avg: 2.7, Max: 2.9, Diff: 0.5, Sum: 21.5]
      [Code Root Scanning (ms): Min: 0.0, Avg: 0.0, Max: 0.0, Diff: 0.0, Sum: 0.0]
      [Object Copy (ms): Min: 18.7, Avg: 18.7, Max: 18.8, Diff: 0.1, Sum: 150.0]
      [Termination (ms): Min: 0.0, Avg: 0.0, Max: 0.1, Diff: 0.1, Sum: 0.3]
         [Termination Attempts: Min: 1, Avg: 275.4, Max: 339, Diff: 338, Sum: 2203]
      [GC Worker Other (ms): Min: 0.0, Avg: 0.0, Max: 0.0, Diff: 0.0, Sum: 0.2]
      [GC Worker Total (ms): Min: 60.0, Avg: 60.1, Max: 60.2, Diff: 0.1, Sum: 480.9]
      [GC Worker End (ms): Min: 158745.7, Avg: 158745.7, Max: 158745.8, Diff: 0.0]
   [Code Root Fixup: 0.0 ms]
   [Code Root Purge: 0.0 ms]
   [Clear CT: 0.1 ms]
   [Other: 0.6 ms]
      [Choose CSet: 0.0 ms]
      [Ref Proc: 0.1 ms]
      [Ref Enq: 0.0 ms]
      [Redirty Cards: 0.1 ms]
      [Humongous Register: 0.0 ms]
      [Humongous Reclaim: 0.0 ms]
      [Free CSet: 0.1 ms]
   [Eden: 3072.0K(287.0M)->0.0B(331.0M) Survivors: 43.0M->5120.0K Heap: 1109.4M(2048.0M)->1113.9M(2048.0M)]
 [Times: user=0.48 sys=0.00, real=0.06 secs] 
2020-09-29T12:29:47.420+0200: 158.747: [GC concurrent-root-region-scan-start]
2020-09-29T12:29:47.420+0200: 158.747: [GC concurrent-root-region-scan-end, 0.0007489 secs]
2020-09-29T12:29:47.420+0200: 158.747: [GC concurrent-mark-start]
2020-09-29T12:29:47.423+0200: 158.750: [GC concurrent-mark-end, 0.0023829 secs]
2020-09-29T12:29:47.423+0200: 158.750: [GC remark 2020-09-29T12:29:47.423+0200: 158.750: [Finalize Marking, 0.0001978 secs] 2020-09-29T12:29:47.423+0200: 158.750: [GC ref-proc, 0.0002736 secs] 2020-09-29T12:29:47.423+0200: 158.750: [Unloading, 0.0004687 secs], 0.0012848 secs]
 [Times: user=0.00 sys=0.00, real=0.00 secs] 
2020-09-29T12:29:47.425+0200: 158.752: [GC cleanup 1122M->23M(2048M), 0.0013349 secs]
 [Times: user=0.11 sys=0.00, real=0.00 secs] 
2020-09-29T12:29:47.426+0200: 158.753: [GC concurrent-cleanup-start]
2020-09-29T12:29:47.427+0200: 158.754: [GC concurrent-cleanup-end, 0.0014799 secs]
2020-09-29T12:29:47.584+0200: 158.911: [GC pause (G1 Evacuation Pause) (young), 0.1664896 secs]
   [Parallel Time: 165.2 ms, GC Workers: 8]
      [GC Worker Start (ms): Min: 158911.4, Avg: 158911.5, Max: 158911.6, Diff: 0.1]
      [Ext Root Scanning (ms): Min: 0.0, Avg: 0.1, Max: 0.1, Diff: 0.1, Sum: 0.5]
      [Update RS (ms): Min: 22.5, Avg: 22.9, Max: 23.1, Diff: 0.6, Sum: 182.9]
         [Processed Buffers: Min: 15, Avg: 24.4, Max: 27, Diff: 12, Sum: 195]
      [Scan RS (ms): Min: 12.0, Avg: 12.2, Max: 12.5, Diff: 0.5, Sum: 97.7]
      [Code Root Scanning (ms): Min: 0.0, Avg: 0.0, Max: 0.0, Diff: 0.0, Sum: 0.0]
      [Object Copy (ms): Min: 129.7, Avg: 129.8, Max: 129.8, Diff: 0.1, Sum: 1038.1]
      [Termination (ms): Min: 0.0, Avg: 0.0, Max: 0.0, Diff: 0.0, Sum: 0.1]
         [Termination Attempts: Min: 1, Avg: 95.8, Max: 120, Diff: 119, Sum: 766]
      [GC Worker Other (ms): Min: 0.0, Avg: 0.0, Max: 0.1, Diff: 0.1, Sum: 0.4]
      [GC Worker Total (ms): Min: 164.9, Avg: 165.0, Max: 165.0, Diff: 0.1, Sum: 1319.8]
      [GC Worker End (ms): Min: 159076.4, Avg: 159076.5, Max: 159076.5, Diff: 0.1]
   [Code Root Fixup: 0.0 ms]
   [Code Root Purge: 0.0 ms]
   [Clear CT: 0.3 ms]
   [Other: 1.0 ms]
      [Choose CSet: 0.0 ms]
      [Ref Proc: 0.2 ms]
      [Ref Enq: 0.0 ms]
      [Redirty Cards: 0.4 ms]
      [Humongous Register: 0.0 ms]
      [Humongous Reclaim: 0.0 ms]
      [Free CSet: 0.2 ms]
   [Eden: 331.0M(331.0M)->0.0B(310.0M) Survivors: 5120.0K->42.0M Heap: 401.3M(2048.0M)->398.8M(2048.0M)]
 [Times: user=1.25 sys=0.00, real=0.17 secs] 
2020-09-29T12:29:47.924+0200: 159.251: [GC pause (G1 Evacuation Pause) (young), 0.1783303 secs]
   [Parallel Time: 176.8 ms, GC Workers: 8]
      [GC Worker Start (ms): Min: 159251.4, Avg: 159251.5, Max: 159251.6, Diff: 0.2]
      [Ext Root Scanning (ms): Min: 0.0, Avg: 0.1, Max: 0.2, Diff: 0.2, Sum: 0.5]
      [Update RS (ms): Min: 22.4, Avg: 22.6, Max: 22.8, Diff: 0.4, Sum: 180.4]
         [Processed Buffers: Min: 22, Avg: 24.6, Max: 28, Diff: 6, Sum: 197]
      [Scan RS (ms): Min: 16.6, Avg: 16.9, Max: 17.1, Diff: 0.5, Sum: 135.3]
      [Code Root Scanning (ms): Min: 0.0, Avg: 0.0, Max: 0.0, Diff: 0.0, Sum: 0.0]
      [Object Copy (ms): Min: 136.9, Avg: 137.0, Max: 137.0, Diff: 0.2, Sum: 1095.9]
      [Termination (ms): Min: 0.0, Avg: 0.0, Max: 0.0, Diff: 0.0, Sum: 0.0]
         [Termination Attempts: Min: 1, Avg: 4.1, Max: 7, Diff: 6, Sum: 33]
      [GC Worker Other (ms): Min: 0.0, Avg: 0.0, Max: 0.1, Diff: 0.1, Sum: 0.4]
      [GC Worker Total (ms): Min: 176.5, Avg: 176.6, Max: 176.7, Diff: 0.2, Sum: 1412.5]
      [GC Worker End (ms): Min: 159428.0, Avg: 159428.1, Max: 159428.1, Diff: 0.1]
   [Code Root Fixup: 0.0 ms]
   [Code Root Purge: 0.0 ms]
   [Clear CT: 0.3 ms]
   [Other: 1.2 ms]
      [Choose CSet: 0.0 ms]
      [Ref Proc: 0.2 ms]
      [Ref Enq: 0.0 ms]
      [Redirty Cards: 0.3 ms]
      [Humongous Register: 0.0 ms]
      [Humongous Reclaim: 0.0 ms]
      [Free CSet: 0.2 ms]
   [Eden: 310.0M(310.0M)->0.0B(303.0M) Survivors: 42.0M->44.0M Heap: 762.2M(2048.0M)->763.7M(2048.0M)]
 [Times: user=1.50 sys=0.00, real=0.18 secs] 
2020-09-29T12:29:48.406+0200: 159.733: [GC pause (G1 Evacuation Pause) (young), 0.3667997 secs]
   [Parallel Time: 364.5 ms, GC Workers: 8]
      [GC Worker Start (ms): Min: 159733.1, Avg: 159733.3, Max: 159733.4, Diff: 0.3]
      [Ext Root Scanning (ms): Min: 0.0, Avg: 0.1, Max: 0.3, Diff: 0.3, Sum: 0.9]
      [Update RS (ms): Min: 30.2, Avg: 30.6, Max: 31.3, Diff: 1.0, Sum: 244.5]
         [Processed Buffers: Min: 16, Avg: 17.8, Max: 20, Diff: 4, Sum: 142]
      [Scan RS (ms): Min: 33.1, Avg: 33.8, Max: 34.2, Diff: 1.1, Sum: 270.7]
      [Code Root Scanning (ms): Min: 0.0, Avg: 0.0, Max: 0.0, Diff: 0.0, Sum: 0.1]
      [Object Copy (ms): Min: 299.0, Avg: 299.2, Max: 299.5, Diff: 0.5, Sum: 2393.6]
      [Termination (ms): Min: 0.0, Avg: 0.3, Max: 0.4, Diff: 0.4, Sum: 2.2]
         [Termination Attempts: Min: 1, Avg: 817.3, Max: 1028, Diff: 1027, Sum: 6538]
      [GC Worker Other (ms): Min: 0.0, Avg: 0.1, Max: 0.1, Diff: 0.1, Sum: 0.4]
      [GC Worker Total (ms): Min: 363.9, Avg: 364.0, Max: 364.2, Diff: 0.3, Sum: 2912.3]
      [GC Worker End (ms): Min: 160097.3, Avg: 160097.4, Max: 160097.4, Diff: 0.1]
   [Code Root Fixup: 0.0 ms]
   [Code Root Purge: 0.0 ms]
   [Clear CT: 0.4 ms]
   [Other: 1.9 ms]
      [Choose CSet: 0.0 ms]
      [Ref Proc: 0.3 ms]
      [Ref Enq: 0.0 ms]
      [Redirty Cards: 0.7 ms]
      [Humongous Register: 0.1 ms]
      [Humongous Reclaim: 0.0 ms]
      [Free CSet: 0.5 ms]
   [Eden: 292.0M(286.0M)->0.0B(146.0M) Survivors: 44.0M->42.0M Heap: 1103.4M(2048.0M)->1104.9M(2048.0M)]
 [Times: user=2.94 sys=0.00, real=0.37 secs] 
2020-09-29T12:29:48.819+0200: 160.147: [GC pause (G1 Humongous Allocation) (young) (initial-mark), 0.0903022 secs]
   [Parallel Time: 88.5 ms, GC Workers: 8]
      [GC Worker Start (ms): Min: 160146.8, Avg: 160147.0, Max: 160147.1, Diff: 0.3]
      [Ext Root Scanning (ms): Min: 0.0, Avg: 0.3, Max: 0.6, Diff: 0.6, Sum: 2.7]
      [Update RS (ms): Min: 39.9, Avg: 40.5, Max: 41.5, Diff: 1.6, Sum: 324.3]
         [Processed Buffers: Min: 17, Avg: 22.5, Max: 25, Diff: 8, Sum: 180]
      [Scan RS (ms): Min: 4.7, Avg: 5.8, Max: 6.3, Diff: 1.6, Sum: 46.3]
      [Code Root Scanning (ms): Min: 0.0, Avg: 0.0, Max: 0.0, Diff: 0.0, Sum: 0.0]
      [Object Copy (ms): Min: 41.4, Avg: 41.5, Max: 41.6, Diff: 0.2, Sum: 332.1]
      [Termination (ms): Min: 0.0, Avg: 0.0, Max: 0.0, Diff: 0.0, Sum: 0.2]
         [Termination Attempts: Min: 1, Avg: 91.8, Max: 112, Diff: 111, Sum: 734]
      [GC Worker Other (ms): Min: 0.0, Avg: 0.1, Max: 0.1, Diff: 0.1, Sum: 0.4]
      [GC Worker Total (ms): Min: 88.1, Avg: 88.3, Max: 88.4, Diff: 0.3, Sum: 706.0]
      [GC Worker End (ms): Min: 160235.2, Avg: 160235.2, Max: 160235.2, Diff: 0.1]
   [Code Root Fixup: 0.0 ms]
   [Code Root Purge: 0.0 ms]
   [Clear CT: 0.4 ms]
   [Other: 1.4 ms]
      [Choose CSet: 0.0 ms]
      [Ref Proc: 0.5 ms]
      [Ref Enq: 0.0 ms]
      [Redirty Cards: 0.3 ms]
      [Humongous Register: 0.1 ms]
      [Humongous Reclaim: 0.0 ms]
      [Free CSet: 0.1 ms]
   [Eden: 6144.0K(146.0M)->0.0B(155.0M) Survivors: 42.0M->8192.0K Heap: 1110.4M(2048.0M)->1114.4M(2048.0M)]
 [Times: user=0.59 sys=0.00, real=0.09 secs] 
2020-09-29T12:29:48.911+0200: 160.237: [GC concurrent-root-region-scan-start]
2020-09-29T12:29:48.915+0200: 160.242: [GC concurrent-root-region-scan-end, 0.0042975 secs]
2020-09-29T12:29:48.915+0200: 160.242: [GC concurrent-mark-start]
2020-09-29T12:29:48.922+0200: 160.248: [GC concurrent-mark-end, 0.0067947 secs]
2020-09-29T12:29:48.922+0200: 160.249: [GC remark 2020-09-29T12:29:48.922+0200: 160.249: [Finalize Marking, 0.0004031 secs] 2020-09-29T12:29:48.923+0200: 160.249: [GC ref-proc, 0.0005498 secs] 2020-09-29T12:29:48.923+0200: 160.250: [Unloading, 0.0007207 secs], 0.0022665 secs]
 [Times: user=0.00 sys=0.00, real=0.00 secs] 
2020-09-29T12:29:48.925+0200: 160.252: [GC cleanup 1127M->30M(2048M), 0.0023377 secs]
 [Times: user=0.06 sys=0.00, real=0.00 secs] 
2020-09-29T12:29:48.928+0200: 160.254: [GC concurrent-cleanup-start]
2020-09-29T12:29:48.933+0200: 160.259: [GC concurrent-cleanup-end, 0.0050858 secs]
2020-09-29T12:29:49.077+0200: 160.404: [GC pause (G1 Evacuation Pause) (young), 0.1693343 secs]
   [Parallel Time: 167.2 ms, GC Workers: 8]
      [GC Worker Start (ms): Min: 160404.3, Avg: 160404.4, Max: 160404.6, Diff: 0.3]
      [Ext Root Scanning (ms): Min: 0.0, Avg: 0.1, Max: 0.3, Diff: 0.3, Sum: 0.9]
      [Update RS (ms): Min: 23.9, Avg: 24.1, Max: 24.3, Diff: 0.3, Sum: 192.7]
         [Processed Buffers: Min: 13, Avg: 14.1, Max: 17, Diff: 4, Sum: 113]
      [Scan RS (ms): Min: 10.1, Avg: 10.3, Max: 10.5, Diff: 0.4, Sum: 82.5]
      [Code Root Scanning (ms): Min: 0.0, Avg: 0.0, Max: 0.0, Diff: 0.0, Sum: 0.0]
      [Object Copy (ms): Min: 132.2, Avg: 132.3, Max: 132.4, Diff: 0.2, Sum: 1058.4]
      [Termination (ms): Min: 0.0, Avg: 0.1, Max: 0.1, Diff: 0.1, Sum: 0.8]
         [Termination Attempts: Min: 1, Avg: 94.9, Max: 166, Diff: 165, Sum: 759]
      [GC Worker Other (ms): Min: 0.0, Avg: 0.0, Max: 0.0, Diff: 0.0, Sum: 0.2]
      [GC Worker Total (ms): Min: 166.8, Avg: 166.9, Max: 167.1, Diff: 0.3, Sum: 1335.6]
      [GC Worker End (ms): Min: 160571.4, Avg: 160571.4, Max: 160571.4, Diff: 0.1]
   [Code Root Fixup: 0.0 ms]
   [Code Root Purge: 0.0 ms]
   [Clear CT: 0.5 ms]
   [Other: 1.6 ms]
      [Choose CSet: 0.0 ms]
      [Ref Proc: 0.3 ms]
      [Ref Enq: 0.0 ms]
      [Redirty Cards: 0.7 ms]
      [Humongous Register: 0.1 ms]
      [Humongous Reclaim: 0.0 ms]
      [Free CSet: 0.2 ms]
   [Eden: 155.0M(155.0M)->0.0B(139.0M) Survivors: 8192.0K->21.0M Heap: 199.2M(2048.0M)->194.2M(2048.0M)]
 [Times: user=1.38 sys=0.00, real=0.17 secs] 
2020-09-29T12:29:49.389+0200: 160.716: [GC pause (G1 Evacuation Pause) (young), 0.1816482 secs]
   [Parallel Time: 177.7 ms, GC Workers: 8]
      [GC Worker Start (ms): Min: 160715.8, Avg: 160716.0, Max: 160716.1, Diff: 0.3]
      [Ext Root Scanning (ms): Min: 0.0, Avg: 0.1, Max: 0.3, Diff: 0.3, Sum: 1.0]
      [Update RS (ms): Min: 21.1, Avg: 21.6, Max: 22.2, Diff: 1.1, Sum: 173.1]
         [Processed Buffers: Min: 11, Avg: 12.4, Max: 14, Diff: 3, Sum: 99]
      [Scan RS (ms): Min: 11.9, Avg: 12.4, Max: 12.9, Diff: 1.1, Sum: 99.4]
      [Code Root Scanning (ms): Min: 0.0, Avg: 0.0, Max: 0.0, Diff: 0.0, Sum: 0.0]
      [Object Copy (ms): Min: 142.6, Avg: 142.8, Max: 143.0, Diff: 0.3, Sum: 1142.0]
      [Termination (ms): Min: 0.0, Avg: 0.3, Max: 0.4, Diff: 0.4, Sum: 2.2]
         [Termination Attempts: Min: 1, Avg: 837.1, Max: 1024, Diff: 1023, Sum: 6697]
      [GC Worker Other (ms): Min: 0.0, Avg: 0.0, Max: 0.1, Diff: 0.1, Sum: 0.4]
      [GC Worker Total (ms): Min: 177.1, Avg: 177.3, Max: 177.4, Diff: 0.3, Sum: 1418.1]
      [GC Worker End (ms): Min: 160893.2, Avg: 160893.2, Max: 160893.3, Diff: 0.1]
   [Code Root Fixup: 0.0 ms]
   [Code Root Purge: 0.0 ms]
   [Clear CT: 1.5 ms]
   [Other: 2.4 ms]
      [Choose CSet: 0.0 ms]
      [Ref Proc: 0.3 ms]
      [Ref Enq: 0.0 ms]
      [Redirty Cards: 1.5 ms]
      [Humongous Register: 0.1 ms]
      [Humongous Reclaim: 0.0 ms]
      [Free CSet: 0.3 ms]
   [Eden: 139.0M(139.0M)->0.0B(132.0M) Survivors: 21.0M->20.0M Heap: 356.1M(2048.0M)->358.1M(2048.0M)]
 [Times: user=1.48 sys=0.00, real=0.19 secs] 
2020-09-29T12:29:49.724+0200: 161.051: [GC pause (G1 Evacuation Pause) (young), 0.1680250 secs]
   [Parallel Time: 166.3 ms, GC Workers: 8]
      [GC Worker Start (ms): Min: 161050.9, Avg: 161051.1, Max: 161051.2, Diff: 0.2]
      [Ext Root Scanning (ms): Min: 0.0, Avg: 0.1, Max: 0.3, Diff: 0.2, Sum: 1.1]
      [Update RS (ms): Min: 18.0, Avg: 18.3, Max: 19.0, Diff: 0.9, Sum: 146.3]
         [Processed Buffers: Min: 10, Avg: 11.5, Max: 15, Diff: 5, Sum: 92]
      [Scan RS (ms): Min: 11.6, Avg: 12.3, Max: 12.6, Diff: 1.0, Sum: 98.7]
      [Code Root Scanning (ms): Min: 0.0, Avg: 0.0, Max: 0.0, Diff: 0.0, Sum: 0.0]
      [Object Copy (ms): Min: 134.9, Avg: 135.0, Max: 135.1, Diff: 0.2, Sum: 1080.3]
      [Termination (ms): Min: 0.0, Avg: 0.1, Max: 0.2, Diff: 0.2, Sum: 1.2]
         [Termination Attempts: Min: 1, Avg: 469.9, Max: 591, Diff: 590, Sum: 3759]
      [GC Worker Other (ms): Min: 0.0, Avg: 0.0, Max: 0.1, Diff: 0.1, Sum: 0.3]
      [GC Worker Total (ms): Min: 165.9, Avg: 166.0, Max: 166.1, Diff: 0.2, Sum: 1328.0]
      [GC Worker End (ms): Min: 161217.1, Avg: 161217.1, Max: 161217.1, Diff: 0.1]
   [Code Root Fixup: 0.0 ms]
   [Code Root Purge: 0.0 ms]
   [Clear CT: 0.3 ms]
   [Other: 1.4 ms]
      [Choose CSet: 0.0 ms]
      [Ref Proc: 0.4 ms]
      [Ref Enq: 0.0 ms]
      [Redirty Cards: 0.4 ms]
      [Humongous Register: 0.1 ms]
      [Humongous Reclaim: 0.0 ms]
      [Free CSet: 0.2 ms]
   [Eden: 132.0M(132.0M)->0.0B(133.0M) Survivors: 20.0M->19.0M Heap: 513.0M(2048.0M)->515.0M(2048.0M)]
 [Times: user=1.25 sys=0.00, real=0.17 secs] 
2020-09-29T12:29:50.035+0200: 161.362: [GC pause (G1 Evacuation Pause) (young), 0.1629284 secs]
   [Parallel Time: 161.0 ms, GC Workers: 8]
      [GC Worker Start (ms): Min: 161361.9, Avg: 161362.1, Max: 161362.2, Diff: 0.3]
      [Ext Root Scanning (ms): Min: 0.0, Avg: 0.1, Max: 0.3, Diff: 0.3, Sum: 1.0]
      [Update RS (ms): Min: 22.0, Avg: 22.3, Max: 23.0, Diff: 1.0, Sum: 178.5]
         [Processed Buffers: Min: 12, Avg: 12.5, Max: 13, Diff: 1, Sum: 100]
      [Scan RS (ms): Min: 10.0, Avg: 10.8, Max: 11.2, Diff: 1.2, Sum: 86.5]
      [Code Root Scanning (ms): Min: 0.0, Avg: 0.0, Max: 0.0, Diff: 0.0, Sum: 0.0]
      [Object Copy (ms): Min: 127.2, Avg: 127.3, Max: 127.3, Diff: 0.2, Sum: 1018.1]
      [Termination (ms): Min: 0.0, Avg: 0.0, Max: 0.0, Diff: 0.0, Sum: 0.3]
         [Termination Attempts: Min: 1, Avg: 102.8, Max: 132, Diff: 131, Sum: 822]
      [GC Worker Other (ms): Min: 0.0, Avg: 0.0, Max: 0.1, Diff: 0.1, Sum: 0.4]
      [GC Worker Total (ms): Min: 160.5, Avg: 160.6, Max: 160.7, Diff: 0.3, Sum: 1284.9]
      [GC Worker End (ms): Min: 161522.7, Avg: 161522.7, Max: 161522.8, Diff: 0.1]
   [Code Root Fixup: 0.0 ms]
   [Code Root Purge: 0.0 ms]
   [Clear CT: 0.4 ms]
   [Other: 1.5 ms]
      [Choose CSet: 0.0 ms]
      [Ref Proc: 0.5 ms]
      [Ref Enq: 0.0 ms]
      [Redirty Cards: 0.4 ms]
      [Humongous Register: 0.1 ms]
      [Humongous Reclaim: 0.0 ms]
      [Free CSet: 0.2 ms]
   [Eden: 133.0M(133.0M)->0.0B(137.0M) Survivors: 19.0M->19.0M Heap: 669.0M(2048.0M)->671.0M(2048.0M)]
 [Times: user=1.34 sys=0.00, real=0.16 secs] 
2020-09-29T12:29:50.345+0200: 161.671: [GC pause (G1 Evacuation Pause) (young), 0.1716932 secs]
   [Parallel Time: 169.7 ms, GC Workers: 8]
      [GC Worker Start (ms): Min: 161671.6, Avg: 161671.8, Max: 161671.9, Diff: 0.3]
      [Ext Root Scanning (ms): Min: 0.0, Avg: 0.1, Max: 0.3, Diff: 0.3, Sum: 1.0]
      [Update RS (ms): Min: 21.2, Avg: 22.0, Max: 22.8, Diff: 1.6, Sum: 176.2]
         [Processed Buffers: Min: 9, Avg: 11.1, Max: 13, Diff: 4, Sum: 89]
      [Scan RS (ms): Min: 11.7, Avg: 12.5, Max: 13.2, Diff: 1.6, Sum: 99.7]
      [Code Root Scanning (ms): Min: 0.0, Avg: 0.0, Max: 0.0, Diff: 0.0, Sum: 0.0]
      [Object Copy (ms): Min: 134.3, Avg: 134.4, Max: 134.5, Diff: 0.2, Sum: 1075.6]
      [Termination (ms): Min: 0.0, Avg: 0.1, Max: 0.1, Diff: 0.1, Sum: 0.8]
         [Termination Attempts: Min: 1, Avg: 352.8, Max: 449, Diff: 448, Sum: 2822]
      [GC Worker Other (ms): Min: 0.0, Avg: 0.1, Max: 0.1, Diff: 0.1, Sum: 0.5]
      [GC Worker Total (ms): Min: 169.0, Avg: 169.2, Max: 169.4, Diff: 0.3, Sum: 1353.9]
      [GC Worker End (ms): Min: 161841.0, Avg: 161841.0, Max: 161841.1, Diff: 0.1]
   [Code Root Fixup: 0.0 ms]
   [Code Root Purge: 0.0 ms]
   [Clear CT: 0.5 ms]
   [Other: 1.5 ms]
      [Choose CSet: 0.0 ms]
      [Ref Proc: 0.4 ms]
      [Ref Enq: 0.0 ms]
      [Redirty Cards: 0.5 ms]
      [Humongous Register: 0.1 ms]
      [Humongous Reclaim: 0.0 ms]
      [Free CSet: 0.2 ms]
   [Eden: 137.0M(137.0M)->0.0B(137.0M) Survivors: 19.0M->20.0M Heap: 830.8M(2048.0M)->832.8M(2048.0M)]
 [Times: user=1.34 sys=0.00, real=0.17 secs] 
2020-09-29T12:29:50.660+0200: 161.987: [GC pause (G1 Evacuation Pause) (young), 0.1715449 secs]
   [Parallel Time: 169.9 ms, GC Workers: 8]
      [GC Worker Start (ms): Min: 161986.8, Avg: 161986.9, Max: 161987.1, Diff: 0.3]
      [Ext Root Scanning (ms): Min: 0.0, Avg: 0.1, Max: 0.2, Diff: 0.2, Sum: 1.0]
      [Update RS (ms): Min: 18.0, Avg: 18.6, Max: 19.4, Diff: 1.4, Sum: 148.7]
         [Processed Buffers: Min: 9, Avg: 10.6, Max: 14, Diff: 5, Sum: 85]
      [Scan RS (ms): Min: 12.8, Avg: 13.4, Max: 14.1, Diff: 1.3, Sum: 107.1]
      [Code Root Scanning (ms): Min: 0.0, Avg: 0.0, Max: 0.0, Diff: 0.0, Sum: 0.0]
      [Object Copy (ms): Min: 136.9, Avg: 137.1, Max: 137.3, Diff: 0.4, Sum: 1097.2]
      [Termination (ms): Min: 0.0, Avg: 0.2, Max: 0.2, Diff: 0.2, Sum: 1.2]
         [Termination Attempts: Min: 1, Avg: 449.4, Max: 573, Diff: 572, Sum: 3595]
      [GC Worker Other (ms): Min: 0.0, Avg: 0.0, Max: 0.1, Diff: 0.1, Sum: 0.4]
      [GC Worker Total (ms): Min: 169.3, Avg: 169.5, Max: 169.6, Diff: 0.3, Sum: 1355.7]
      [GC Worker End (ms): Min: 162156.4, Avg: 162156.4, Max: 162156.4, Diff: 0.1]
   [Code Root Fixup: 0.0 ms]
   [Code Root Purge: 0.0 ms]
   [Clear CT: 0.3 ms]
   [Other: 1.4 ms]
      [Choose CSet: 0.0 ms]
      [Ref Proc: 0.3 ms]
      [Ref Enq: 0.0 ms]
      [Redirty Cards: 0.4 ms]
      [Humongous Register: 0.1 ms]
      [Humongous Reclaim: 0.0 ms]
      [Free CSet: 0.2 ms]
   [Eden: 137.0M(137.0M)->0.0B(139.0M) Survivors: 20.0M->20.0M Heap: 992.7M(2048.0M)->994.7M(2048.0M)]
 [Times: user=1.38 sys=0.00, real=0.17 secs] 
2020-09-29T12:29:50.848+0200: 162.175: [GC pause (G1 Humongous Allocation) (young) (initial-mark), 0.0538502 secs]
   [Parallel Time: 52.2 ms, GC Workers: 8]
      [GC Worker Start (ms): Min: 162175.4, Avg: 162175.5, Max: 162175.7, Diff: 0.3]
      [Ext Root Scanning (ms): Min: 0.0, Avg: 0.7, Max: 3.9, Diff: 3.9, Sum: 5.9]
      [Update RS (ms): Min: 23.6, Avg: 27.0, Max: 27.7, Diff: 4.1, Sum: 216.1]
         [Processed Buffers: Min: 13, Avg: 16.5, Max: 18, Diff: 5, Sum: 132]
      [Scan RS (ms): Min: 2.1, Avg: 2.4, Max: 2.6, Diff: 0.5, Sum: 19.0]
      [Code Root Scanning (ms): Min: 0.0, Avg: 0.0, Max: 0.0, Diff: 0.0, Sum: 0.0]
      [Object Copy (ms): Min: 21.6, Avg: 21.6, Max: 21.7, Diff: 0.1, Sum: 173.0]
      [Termination (ms): Min: 0.0, Avg: 0.0, Max: 0.0, Diff: 0.0, Sum: 0.0]
         [Termination Attempts: Min: 1, Avg: 1.8, Max: 4, Diff: 3, Sum: 14]
      [GC Worker Other (ms): Min: 0.0, Avg: 0.0, Max: 0.0, Diff: 0.0, Sum: 0.2]
      [GC Worker Total (ms): Min: 51.6, Avg: 51.8, Max: 51.9, Diff: 0.3, Sum: 414.2]
      [GC Worker End (ms): Min: 162227.3, Avg: 162227.3, Max: 162227.3, Diff: 0.0]
   [Code Root Fixup: 0.0 ms]
   [Code Root Purge: 0.0 ms]
   [Clear CT: 0.3 ms]
   [Other: 1.4 ms]
      [Choose CSet: 0.0 ms]
      [Ref Proc: 0.4 ms]
      [Ref Enq: 0.0 ms]
      [Redirty Cards: 0.3 ms]
      [Humongous Register: 0.1 ms]
      [Humongous Reclaim: 0.0 ms]
      [Free CSet: 0.1 ms]
   [Eden: 3072.0K(139.0M)->0.0B(163.0M) Survivors: 20.0M->5120.0K Heap: 997.2M(2048.0M)->1001.7M(2048.0M)]
 [Times: user=0.38 sys=0.00, real=0.06 secs] 
2020-09-29T12:29:50.903+0200: 162.229: [GC concurrent-root-region-scan-start]
2020-09-29T12:29:50.905+0200: 162.232: [GC concurrent-root-region-scan-end, 0.0024030 secs]
2020-09-29T12:29:50.905+0200: 162.232: [GC concurrent-mark-start]
2020-09-29T12:29:50.912+0200: 162.239: [GC concurrent-mark-end, 0.0068698 secs]
2020-09-29T12:29:50.912+0200: 162.239: [GC remark 2020-09-29T12:29:50.912+0200: 162.239: [Finalize Marking, 0.0003774 secs] 2020-09-29T12:29:50.913+0200: 162.239: [GC ref-proc, 0.0005712 secs] 2020-09-29T12:29:50.913+0200: 162.240: [Unloading, 0.0012765 secs], 0.0029760 secs]
 [Times: user=0.00 sys=0.00, real=0.00 secs] 
2020-09-29T12:29:50.916+0200: 162.242: [GC cleanup 1011M->24M(2048M), 0.0025876 secs]
 [Times: user=0.00 sys=0.00, real=0.00 secs] 
2020-09-29T12:29:50.919+0200: 162.245: [GC concurrent-cleanup-start]
2020-09-29T12:29:50.921+0200: 162.248: [GC concurrent-cleanup-end, 0.0025830 secs]
2020-09-29T12:29:51.077+0200: 162.404: [GC pause (G1 Evacuation Pause) (young), 0.1683182 secs]
   [Parallel Time: 165.9 ms, GC Workers: 8]
      [GC Worker Start (ms): Min: 162404.1, Avg: 162404.3, Max: 162404.4, Diff: 0.3]
      [Ext Root Scanning (ms): Min: 0.0, Avg: 0.1, Max: 0.3, Diff: 0.3, Sum: 1.1]
      [Update RS (ms): Min: 18.2, Avg: 18.4, Max: 18.7, Diff: 0.4, Sum: 147.5]
         [Processed Buffers: Min: 10, Avg: 11.4, Max: 14, Diff: 4, Sum: 91]
      [Scan RS (ms): Min: 13.9, Avg: 14.1, Max: 14.4, Diff: 0.6, Sum: 113.1]
      [Code Root Scanning (ms): Min: 0.0, Avg: 0.0, Max: 0.0, Diff: 0.0, Sum: 0.0]
      [Object Copy (ms): Min: 132.6, Avg: 132.7, Max: 132.8, Diff: 0.2, Sum: 1061.6]
      [Termination (ms): Min: 0.0, Avg: 0.1, Max: 0.1, Diff: 0.1, Sum: 0.4]
         [Termination Attempts: Min: 1, Avg: 176.4, Max: 225, Diff: 224, Sum: 1411]
      [GC Worker Other (ms): Min: 0.0, Avg: 0.0, Max: 0.1, Diff: 0.1, Sum: 0.3]
      [GC Worker Total (ms): Min: 165.4, Avg: 165.5, Max: 165.7, Diff: 0.3, Sum: 1324.1]
      [GC Worker End (ms): Min: 162569.8, Avg: 162569.8, Max: 162569.8, Diff: 0.1]
   [Code Root Fixup: 0.0 ms]
   [Code Root Purge: 0.0 ms]
   [Clear CT: 0.7 ms]
   [Other: 1.7 ms]
      [Choose CSet: 0.0 ms]
      [Ref Proc: 0.3 ms]
      [Ref Enq: 0.0 ms]
      [Redirty Cards: 0.8 ms]
      [Humongous Register: 0.1 ms]
      [Humongous Reclaim: 0.0 ms]
      [Free CSet: 0.2 ms]
   [Eden: 163.0M(163.0M)->0.0B(151.0M) Survivors: 5120.0K->21.0M Heap: 206.1M(2048.0M)->203.1M(2048.0M)]
 [Times: user=1.38 sys=0.00, real=0.17 secs] 
2020-09-29T12:29:51.407+0200: 162.733: [GC pause (G1 Evacuation Pause) (young), 0.1962856 secs]
   [Parallel Time: 193.7 ms, GC Workers: 8]
      [GC Worker Start (ms): Min: 162733.6, Avg: 162733.8, Max: 162733.9, Diff: 0.3]
      [Ext Root Scanning (ms): Min: 0.0, Avg: 0.1, Max: 0.3, Diff: 0.3, Sum: 1.1]
      [Update RS (ms): Min: 17.5, Avg: 17.8, Max: 18.8, Diff: 1.3, Sum: 142.5]
         [Processed Buffers: Min: 9, Avg: 10.5, Max: 12, Diff: 3, Sum: 84]
      [Scan RS (ms): Min: 14.8, Avg: 15.7, Max: 16.1, Diff: 1.2, Sum: 125.7]
      [Code Root Scanning (ms): Min: 0.0, Avg: 0.0, Max: 0.0, Diff: 0.0, Sum: 0.0]
      [Object Copy (ms): Min: 159.4, Avg: 159.5, Max: 159.6, Diff: 0.2, Sum: 1275.8]
      [Termination (ms): Min: 0.0, Avg: 0.1, Max: 0.2, Diff: 0.2, Sum: 1.1]
         [Termination Attempts: Min: 1, Avg: 428.8, Max: 544, Diff: 543, Sum: 3430]
      [GC Worker Other (ms): Min: 0.0, Avg: 0.1, Max: 0.1, Diff: 0.1, Sum: 0.5]
      [GC Worker Total (ms): Min: 193.1, Avg: 193.3, Max: 193.5, Diff: 0.4, Sum: 1546.7]
      [GC Worker End (ms): Min: 162927.1, Avg: 162927.1, Max: 162927.1, Diff: 0.1]
   [Code Root Fixup: 0.0 ms]
   [Code Root Purge: 0.0 ms]
   [Clear CT: 0.3 ms]
   [Other: 2.2 ms]
      [Choose CSet: 0.0 ms]
      [Ref Proc: 0.3 ms]
      [Ref Enq: 0.0 ms]
      [Redirty Cards: 1.2 ms]
      [Humongous Register: 0.1 ms]
      [Humongous Reclaim: 0.0 ms]
      [Free CSet: 0.3 ms]
   [Eden: 151.0M(151.0M)->0.0B(141.0M) Survivors: 21.0M->22.0M Heap: 378.9M(2048.0M)->380.4M(2048.0M)]
 [Times: user=1.61 sys=0.00, real=0.20 secs] 
2020-09-29T12:29:51.766+0200: 163.093: [GC pause (G1 Evacuation Pause) (young), 0.1792358 secs]
   [Parallel Time: 177.5 ms, GC Workers: 8]
      [GC Worker Start (ms): Min: 163092.8, Avg: 163092.9, Max: 163093.0, Diff: 0.2]
      [Ext Root Scanning (ms): Min: 0.0, Avg: 0.1, Max: 0.2, Diff: 0.2, Sum: 1.1]
      [Update RS (ms): Min: 17.9, Avg: 18.2, Max: 18.5, Diff: 0.6, Sum: 145.3]
         [Processed Buffers: Min: 9, Avg: 10.5, Max: 11, Diff: 2, Sum: 84]
      [Scan RS (ms): Min: 13.7, Avg: 14.1, Max: 14.4, Diff: 0.7, Sum: 112.8]
      [Code Root Scanning (ms): Min: 0.0, Avg: 0.0, Max: 0.0, Diff: 0.0, Sum: 0.0]
      [Object Copy (ms): Min: 144.4, Avg: 144.6, Max: 144.7, Diff: 0.3, Sum: 1156.6]
      [Termination (ms): Min: 0.0, Avg: 0.1, Max: 0.1, Diff: 0.1, Sum: 0.7]
         [Termination Attempts: Min: 1, Avg: 273.9, Max: 350, Diff: 349, Sum: 2191]
      [GC Worker Other (ms): Min: 0.0, Avg: 0.0, Max: 0.1, Diff: 0.1, Sum: 0.4]
      [GC Worker Total (ms): Min: 177.0, Avg: 177.1, Max: 177.2, Diff: 0.2, Sum: 1416.8]
      [GC Worker End (ms): Min: 163270.0, Avg: 163270.0, Max: 163270.1, Diff: 0.1]
   [Code Root Fixup: 0.0 ms]
   [Code Root Purge: 0.0 ms]
   [Clear CT: 0.3 ms]
   [Other: 1.4 ms]
      [Choose CSet: 0.0 ms]
      [Ref Proc: 0.4 ms]
      [Ref Enq: 0.0 ms]
      [Redirty Cards: 0.4 ms]
      [Humongous Register: 0.1 ms]
      [Humongous Reclaim: 0.0 ms]
      [Free CSet: 0.3 ms]
   [Eden: 141.0M(141.0M)->0.0B(142.0M) Survivors: 22.0M->21.0M Heap: 544.3M(2048.0M)->545.8M(2048.0M)]
 [Times: user=1.50 sys=0.00, real=0.18 secs] 
2020-09-29T12:29:52.095+0200: 163.421: [GC pause (G1 Evacuation Pause) (young), 0.1893773 secs]
   [Parallel Time: 187.6 ms, GC Workers: 8]
      [GC Worker Start (ms): Min: 163421.6, Avg: 163421.7, Max: 163421.9, Diff: 0.3]
      [Ext Root Scanning (ms): Min: 0.0, Avg: 0.1, Max: 0.3, Diff: 0.3, Sum: 0.9]
      [Update RS (ms): Min: 23.7, Avg: 23.8, Max: 23.9, Diff: 0.2, Sum: 190.2]
         [Processed Buffers: Min: 11, Avg: 14.5, Max: 19, Diff: 8, Sum: 116]
      [Scan RS (ms): Min: 12.4, Avg: 12.6, Max: 12.7, Diff: 0.3, Sum: 100.7]
      [Code Root Scanning (ms): Min: 0.0, Avg: 0.0, Max: 0.0, Diff: 0.0, Sum: 0.0]
      [Object Copy (ms): Min: 150.4, Avg: 150.5, Max: 150.7, Diff: 0.3, Sum: 1204.4]
      [Termination (ms): Min: 0.0, Avg: 0.1, Max: 0.1, Diff: 0.1, Sum: 0.8]
         [Termination Attempts: Min: 1, Avg: 339.6, Max: 425, Diff: 424, Sum: 2717]
      [GC Worker Other (ms): Min: 0.0, Avg: 0.1, Max: 0.1, Diff: 0.1, Sum: 0.5]
      [GC Worker Total (ms): Min: 187.1, Avg: 187.2, Max: 187.4, Diff: 0.3, Sum: 1497.5]
      [GC Worker End (ms): Min: 163608.9, Avg: 163608.9, Max: 163609.0, Diff: 0.1]
   [Code Root Fixup: 0.0 ms]
   [Code Root Purge: 0.0 ms]
   [Clear CT: 0.6 ms]
   [Other: 1.2 ms]
      [Choose CSet: 0.0 ms]
      [Ref Proc: 0.3 ms]
      [Ref Enq: 0.0 ms]
      [Redirty Cards: 0.4 ms]
      [Humongous Register: 0.1 ms]
      [Humongous Reclaim: 0.0 ms]
      [Free CSet: 0.2 ms]
   [Eden: 142.0M(142.0M)->0.0B(139.0M) Survivors: 21.0M->21.0M Heap: 712.6M(2048.0M)->714.6M(2048.0M)]
 [Times: user=1.48 sys=0.00, real=0.19 secs] 
2020-09-29T12:29:52.430+0200: 163.757: [GC pause (G1 Evacuation Pause) (young), 0.1810369 secs]
   [Parallel Time: 179.3 ms, GC Workers: 8]
      [GC Worker Start (ms): Min: 163757.3, Avg: 163757.5, Max: 163757.6, Diff: 0.3]
      [Ext Root Scanning (ms): Min: 0.0, Avg: 0.1, Max: 0.3, Diff: 0.3, Sum: 0.9]
      [Update RS (ms): Min: 19.1, Avg: 19.3, Max: 19.6, Diff: 0.6, Sum: 154.2]
         [Processed Buffers: Min: 10, Avg: 11.8, Max: 13, Diff: 3, Sum: 94]
      [Scan RS (ms): Min: 13.0, Avg: 13.5, Max: 13.7, Diff: 0.7, Sum: 107.8]
      [Code Root Scanning (ms): Min: 0.0, Avg: 0.0, Max: 0.0, Diff: 0.0, Sum: 0.0]
      [Object Copy (ms): Min: 145.6, Avg: 145.7, Max: 145.9, Diff: 0.3, Sum: 1165.9]
      [Termination (ms): Min: 0.0, Avg: 0.2, Max: 0.2, Diff: 0.2, Sum: 1.6]
         [Termination Attempts: Min: 1, Avg: 629.5, Max: 765, Diff: 764, Sum: 5036]
      [GC Worker Other (ms): Min: 0.0, Avg: 0.0, Max: 0.1, Diff: 0.0, Sum: 0.3]
      [GC Worker Total (ms): Min: 178.7, Avg: 178.8, Max: 179.0, Diff: 0.3, Sum: 1430.7]
      [GC Worker End (ms): Min: 163936.3, Avg: 163936.3, Max: 163936.4, Diff: 0.0]
   [Code Root Fixup: 0.0 ms]
   [Code Root Purge: 0.0 ms]
   [Clear CT: 0.5 ms]
   [Other: 1.2 ms]
      [Choose CSet: 0.0 ms]
      [Ref Proc: 0.2 ms]
      [Ref Enq: 0.0 ms]
      [Redirty Cards: 0.4 ms]
      [Humongous Register: 0.1 ms]
      [Humongous Reclaim: 0.0 ms]
      [Free CSet: 0.3 ms]
   [Eden: 139.0M(139.0M)->0.0B(140.0M) Survivors: 21.0M->20.0M Heap: 876.5M(2048.0M)->879.0M(2048.0M)]
 [Times: user=1.31 sys=0.01, real=0.18 secs] 
2020-09-29T12:29:52.758+0200: 164.084: [GC pause (G1 Evacuation Pause) (young), 0.1620287 secs]
   [Parallel Time: 160.3 ms, GC Workers: 8]
      [GC Worker Start (ms): Min: 164084.3, Avg: 164084.5, Max: 164084.6, Diff: 0.3]
      [Ext Root Scanning (ms): Min: 0.0, Avg: 0.1, Max: 0.3, Diff: 0.3, Sum: 0.9]
      [Update RS (ms): Min: 19.7, Avg: 20.0, Max: 20.3, Diff: 0.5, Sum: 159.8]
         [Processed Buffers: Min: 9, Avg: 11.5, Max: 14, Diff: 5, Sum: 92]
      [Scan RS (ms): Min: 13.0, Avg: 13.3, Max: 13.5, Diff: 0.5, Sum: 106.4]
      [Code Root Scanning (ms): Min: 0.0, Avg: 0.0, Max: 0.0, Diff: 0.0, Sum: 0.0]
      [Object Copy (ms): Min: 126.3, Avg: 126.4, Max: 126.5, Diff: 0.1, Sum: 1011.3]
      [Termination (ms): Min: 0.0, Avg: 0.0, Max: 0.0, Diff: 0.0, Sum: 0.0]
         [Termination Attempts: Min: 1, Avg: 11.4, Max: 19, Diff: 18, Sum: 91]
      [GC Worker Other (ms): Min: 0.0, Avg: 0.0, Max: 0.1, Diff: 0.1, Sum: 0.4]
      [GC Worker Total (ms): Min: 159.7, Avg: 159.9, Max: 160.1, Diff: 0.4, Sum: 1278.9]
      [GC Worker End (ms): Min: 164244.3, Avg: 164244.3, Max: 164244.4, Diff: 0.1]
   [Code Root Fixup: 0.0 ms]
   [Code Root Purge: 0.0 ms]
   [Clear CT: 0.3 ms]
   [Other: 1.4 ms]
      [Choose CSet: 0.0 ms]
      [Ref Proc: 0.4 ms]
      [Ref Enq: 0.0 ms]
      [Redirty Cards: 0.4 ms]
      [Humongous Register: 0.1 ms]
      [Humongous Reclaim: 0.0 ms]
      [Free CSet: 0.3 ms]
   [Eden: 140.0M(140.0M)->0.0B(146.0M) Survivors: 20.0M->20.0M Heap: 1041.9M(2048.0M)->1043.9M(2048.0M)]
 [Times: user=1.25 sys=0.00, real=0.16 secs] 
2020-09-29T12:29:52.929+0200: 164.255: [GC pause (G1 Humongous Allocation) (young) (initial-mark), 0.0719942 secs]
   [Parallel Time: 70.5 ms, GC Workers: 8]
      [GC Worker Start (ms): Min: 164255.3, Avg: 164255.4, Max: 164255.5, Diff: 0.3]
      [Ext Root Scanning (ms): Min: 0.0, Avg: 5.5, Max: 26.2, Diff: 26.2, Sum: 43.6]
      [Update RS (ms): Min: 17.7, Avg: 38.6, Max: 44.9, Diff: 27.1, Sum: 308.7]
         [Processed Buffers: Min: 12, Avg: 23.1, Max: 28, Diff: 16, Sum: 185]
      [Scan RS (ms): Min: 1.2, Avg: 2.3, Max: 2.9, Diff: 1.7, Sum: 18.0]
      [Code Root Scanning (ms): Min: 0.0, Avg: 0.0, Max: 0.0, Diff: 0.0, Sum: 0.0]
      [Object Copy (ms): Min: 23.6, Avg: 23.7, Max: 23.8, Diff: 0.1, Sum: 189.8]
      [Termination (ms): Min: 0.0, Avg: 0.1, Max: 0.1, Diff: 0.1, Sum: 0.5]
         [Termination Attempts: Min: 1, Avg: 207.5, Max: 271, Diff: 270, Sum: 1660]
      [GC Worker Other (ms): Min: 0.0, Avg: 0.0, Max: 0.1, Diff: 0.1, Sum: 0.4]
      [GC Worker Total (ms): Min: 69.9, Avg: 70.1, Max: 70.2, Diff: 0.3, Sum: 560.9]
      [GC Worker End (ms): Min: 164325.5, Avg: 164325.5, Max: 164325.5, Diff: 0.1]
   [Code Root Fixup: 0.0 ms]
   [Code Root Purge: 0.0 ms]
   [Clear CT: 0.4 ms]
   [Other: 1.2 ms]
      [Choose CSet: 0.0 ms]
      [Ref Proc: 0.4 ms]
      [Ref Enq: 0.0 ms]
      [Redirty Cards: 0.3 ms]
      [Humongous Register: 0.0 ms]
      [Humongous Reclaim: 0.0 ms]
      [Free CSet: 0.1 ms]
   [Eden: 6144.0K(146.0M)->0.0B(156.0M) Survivors: 20.0M->8192.0K Heap: 1049.4M(2048.0M)->1053.4M(2048.0M)]
 [Times: user=0.45 sys=0.00, real=0.07 secs] 
2020-09-29T12:29:53.001+0200: 164.327: [GC concurrent-root-region-scan-start]
2020-09-29T12:29:53.004+0200: 164.330: [GC concurrent-root-region-scan-end, 0.0027016 secs]
2020-09-29T12:29:53.004+0200: 164.330: [GC concurrent-mark-start]
2020-09-29T12:29:53.008+0200: 164.334: [GC concurrent-mark-end, 0.0043876 secs]
2020-09-29T12:29:53.008+0200: 164.335: [GC remark 2020-09-29T12:29:53.008+0200: 164.335: [Finalize Marking, 0.0003997 secs] 2020-09-29T12:29:53.009+0200: 164.335: [GC ref-proc, 0.0005459 secs] 2020-09-29T12:29:53.009+0200: 164.336: [Unloading, 0.0007657 secs], 0.0022466 secs]
 [Times: user=0.00 sys=0.00, real=0.00 secs] 
2020-09-29T12:29:53.011+0200: 164.338: [GC cleanup 1063M->27M(2048M), 0.0022956 secs]
 [Times: user=0.00 sys=0.00, real=0.00 secs] 
2020-09-29T12:29:53.014+0200: 164.340: [GC concurrent-cleanup-start]
2020-09-29T12:29:53.016+0200: 164.342: [GC concurrent-cleanup-end, 0.0022690 secs]
2020-09-29T12:29:53.189+0200: 164.515: [GC pause (G1 Evacuation Pause) (young), 0.3459803 secs]
   [Parallel Time: 342.6 ms, GC Workers: 8]
      [GC Worker Start (ms): Min: 164515.5, Avg: 164515.8, Max: 164516.0, Diff: 0.5]
      [Ext Root Scanning (ms): Min: 0.0, Avg: 0.2, Max: 0.5, Diff: 0.5, Sum: 1.7]
      [Update RS (ms): Min: 39.4, Avg: 40.1, Max: 40.6, Diff: 1.1, Sum: 320.6]
         [Processed Buffers: Min: 10, Avg: 11.6, Max: 15, Diff: 5, Sum: 93]
      [Scan RS (ms): Min: 25.4, Avg: 25.9, Max: 26.7, Diff: 1.3, Sum: 207.5]
      [Code Root Scanning (ms): Min: 0.0, Avg: 0.0, Max: 0.0, Diff: 0.0, Sum: 0.0]
      [Object Copy (ms): Min: 274.9, Avg: 275.1, Max: 275.5, Diff: 0.6, Sum: 2201.0]
      [Termination (ms): Min: 0.0, Avg: 0.5, Max: 0.6, Diff: 0.6, Sum: 3.6]
         [Termination Attempts: Min: 1, Avg: 746.6, Max: 944, Diff: 943, Sum: 5973]
      [GC Worker Other (ms): Min: 0.0, Avg: 0.1, Max: 0.1, Diff: 0.1, Sum: 0.6]
      [GC Worker Total (ms): Min: 341.7, Avg: 341.9, Max: 342.2, Diff: 0.5, Sum: 2735.0]
      [GC Worker End (ms): Min: 164857.6, Avg: 164857.7, Max: 164857.7, Diff: 0.1]
   [Code Root Fixup: 0.0 ms]
   [Code Root Purge: 0.0 ms]
   [Clear CT: 0.7 ms]
   [Other: 2.6 ms]
      [Choose CSet: 0.0 ms]
      [Ref Proc: 0.7 ms]
      [Ref Enq: 0.0 ms]
      [Redirty Cards: 1.0 ms]
      [Humongous Register: 0.1 ms]
      [Humongous Reclaim: 0.0 ms]
      [Free CSet: 0.3 ms]
   [Eden: 156.0M(156.0M)->0.0B(81.0M) Survivors: 8192.0K->21.0M Heap: 200.2M(2048.0M)->194.7M(2048.0M)]
 [Times: user=2.73 sys=0.00, real=0.35 secs] 
2020-09-29T12:29:53.725+0200: 165.052: [GC pause (G1 Evacuation Pause) (young), 0.2294291 secs]
   [Parallel Time: 226.1 ms, GC Workers: 8]
      [GC Worker Start (ms): Min: 165052.2, Avg: 165052.4, Max: 165052.6, Diff: 0.4]
      [Ext Root Scanning (ms): Min: 0.1, Avg: 0.2, Max: 0.4, Diff: 0.4, Sum: 2.0]
      [Update RS (ms): Min: 47.6, Avg: 48.1, Max: 49.3, Diff: 1.7, Sum: 384.8]
         [Processed Buffers: Min: 12, Avg: 13.3, Max: 15, Diff: 3, Sum: 106]
      [Scan RS (ms): Min: 6.6, Avg: 7.8, Max: 8.2, Diff: 1.6, Sum: 62.2]
      [Code Root Scanning (ms): Min: 0.0, Avg: 0.0, Max: 0.0, Diff: 0.0, Sum: 0.0]
      [Object Copy (ms): Min: 168.9, Avg: 169.1, Max: 169.3, Diff: 0.4, Sum: 1352.9]
      [Termination (ms): Min: 0.0, Avg: 0.0, Max: 0.0, Diff: 0.0, Sum: 0.1]
         [Termination Attempts: Min: 1, Avg: 11.3, Max: 16, Diff: 15, Sum: 90]
      [GC Worker Other (ms): Min: 0.0, Avg: 0.1, Max: 0.1, Diff: 0.1, Sum: 0.5]
      [GC Worker Total (ms): Min: 225.1, Avg: 225.3, Max: 225.6, Diff: 0.4, Sum: 1802.5]
      [GC Worker End (ms): Min: 165277.7, Avg: 165277.7, Max: 165277.8, Diff: 0.1]
   [Code Root Fixup: 0.0 ms]
   [Code Root Purge: 0.0 ms]
   [Clear CT: 0.8 ms]
   [Other: 2.5 ms]
      [Choose CSet: 0.0 ms]
      [Ref Proc: 0.8 ms]
      [Ref Enq: 0.0 ms]
      [Redirty Cards: 1.0 ms]
      [Humongous Register: 0.1 ms]
      [Humongous Reclaim: 0.0 ms]
      [Free CSet: 0.2 ms]
   [Eden: 81.0M(81.0M)->0.0B(89.0M) Survivors: 21.0M->13.0M Heap: 289.1M(2048.0M)->291.1M(2048.0M)]
 [Times: user=1.75 sys=0.00, real=0.23 secs] 
2020-09-29T12:29:54.155+0200: 165.482: [GC pause (G1 Evacuation Pause) (young), 0.2279501 secs]
   [Parallel Time: 225.0 ms, GC Workers: 8]
      [GC Worker Start (ms): Min: 165482.0, Avg: 165482.2, Max: 165482.3, Diff: 0.4]
      [Ext Root Scanning (ms): Min: 0.1, Avg: 0.3, Max: 0.5, Diff: 0.4, Sum: 2.1]
      [Update RS (ms): Min: 34.9, Avg: 35.4, Max: 36.4, Diff: 1.5, Sum: 283.4]
         [Processed Buffers: Min: 9, Avg: 10.3, Max: 13, Diff: 4, Sum: 82]
      [Scan RS (ms): Min: 11.9, Avg: 12.8, Max: 13.3, Diff: 1.4, Sum: 102.7]
      [Code Root Scanning (ms): Min: 0.0, Avg: 0.0, Max: 0.0, Diff: 0.0, Sum: 0.0]
      [Object Copy (ms): Min: 175.5, Avg: 175.6, Max: 175.9, Diff: 0.4, Sum: 1404.8]
      [Termination (ms): Min: 0.0, Avg: 0.2, Max: 0.3, Diff: 0.3, Sum: 1.7]
         [Termination Attempts: Min: 1, Avg: 333.1, Max: 437, Diff: 436, Sum: 2665]
      [GC Worker Other (ms): Min: 0.0, Avg: 0.1, Max: 0.2, Diff: 0.2, Sum: 0.8]
      [GC Worker Total (ms): Min: 224.3, Avg: 224.4, Max: 224.6, Diff: 0.4, Sum: 1795.5]
      [GC Worker End (ms): Min: 165706.5, Avg: 165706.6, Max: 165706.7, Diff: 0.2]
   [Code Root Fixup: 0.0 ms]
   [Code Root Purge: 0.0 ms]
   [Clear CT: 0.8 ms]
   [Other: 2.1 ms]
      [Choose CSet: 0.0 ms]
      [Ref Proc: 0.4 ms]
      [Ref Enq: 0.0 ms]
      [Redirty Cards: 0.7 ms]
      [Humongous Register: 0.1 ms]
      [Humongous Reclaim: 0.0 ms]
      [Free CSet: 0.4 ms]
   [Eden: 89.0M(89.0M)->0.0B(89.0M) Survivors: 13.0M->13.0M Heap: 395.3M(2048.0M)->397.3M(2048.0M)]
 [Times: user=1.86 sys=0.00, real=0.23 secs] 
2020-09-29T12:29:54.570+0200: 165.897: [GC pause (G1 Evacuation Pause) (young), 0.2210729 secs]
   [Parallel Time: 218.2 ms, GC Workers: 8]
      [GC Worker Start (ms): Min: 165897.6, Avg: 165897.8, Max: 165898.0, Diff: 0.4]
      [Ext Root Scanning (ms): Min: 0.1, Avg: 0.2, Max: 0.5, Diff: 0.4, Sum: 2.0]
      [Update RS (ms): Min: 32.8, Avg: 33.0, Max: 33.2, Diff: 0.4, Sum: 263.6]
         [Processed Buffers: Min: 9, Avg: 10.5, Max: 15, Diff: 6, Sum: 84]
      [Scan RS (ms): Min: 13.8, Avg: 14.1, Max: 14.3, Diff: 0.5, Sum: 112.6]
      [Code Root Scanning (ms): Min: 0.0, Avg: 0.0, Max: 0.0, Diff: 0.0, Sum: 0.0]
      [Object Copy (ms): Min: 169.8, Avg: 170.1, Max: 170.2, Diff: 0.4, Sum: 1360.6]
      [Termination (ms): Min: 0.0, Avg: 0.1, Max: 0.1, Diff: 0.1, Sum: 0.6]
         [Termination Attempts: Min: 1, Avg: 112.5, Max: 149, Diff: 148, Sum: 900]
      [GC Worker Other (ms): Min: 0.0, Avg: 0.1, Max: 0.1, Diff: 0.1, Sum: 0.5]
      [GC Worker Total (ms): Min: 217.3, Avg: 217.5, Max: 217.7, Diff: 0.4, Sum: 1739.8]
      [GC Worker End (ms): Min: 166115.3, Avg: 166115.3, Max: 166115.3, Diff: 0.1]
   [Code Root Fixup: 0.0 ms]
   [Code Root Purge: 0.0 ms]
   [Clear CT: 0.8 ms]
   [Other: 2.1 ms]
      [Choose CSet: 0.0 ms]
      [Ref Proc: 0.5 ms]
      [Ref Enq: 0.0 ms]
      [Redirty Cards: 0.7 ms]
      [Humongous Register: 0.1 ms]
      [Humongous Reclaim: 0.0 ms]
      [Free CSet: 0.3 ms]
   [Eden: 89.0M(89.0M)->0.0B(89.0M) Survivors: 13.0M->13.0M Heap: 501.6M(2048.0M)->503.1M(2048.0M)]
 [Times: user=1.73 sys=0.00, real=0.22 secs] 
2020-09-29T12:29:55.005+0200: 166.332: [GC pause (G1 Evacuation Pause) (young), 0.2275545 secs]
   [Parallel Time: 224.0 ms, GC Workers: 8]
      [GC Worker Start (ms): Min: 166331.9, Avg: 166332.1, Max: 166332.3, Diff: 0.3]
      [Ext Root Scanning (ms): Min: 0.1, Avg: 0.3, Max: 0.5, Diff: 0.3, Sum: 2.3]
      [Update RS (ms): Min: 27.8, Avg: 28.3, Max: 30.0, Diff: 2.3, Sum: 226.4]
         [Processed Buffers: Min: 8, Avg: 9.3, Max: 11, Diff: 3, Sum: 74]
      [Scan RS (ms): Min: 15.2, Avg: 17.2, Max: 20.1, Diff: 4.9, Sum: 137.9]
      [Code Root Scanning (ms): Min: 0.0, Avg: 0.0, Max: 0.0, Diff: 0.0, Sum: 0.0]
      [Object Copy (ms): Min: 174.9, Avg: 177.4, Max: 177.9, Diff: 3.0, Sum: 1419.2]
      [Termination (ms): Min: 0.0, Avg: 0.1, Max: 0.1, Diff: 0.1, Sum: 0.7]
         [Termination Attempts: Min: 1, Avg: 134.3, Max: 171, Diff: 170, Sum: 1074]
      [GC Worker Other (ms): Min: 0.0, Avg: 0.1, Max: 0.2, Diff: 0.1, Sum: 0.7]
      [GC Worker Total (ms): Min: 223.2, Avg: 223.4, Max: 223.7, Diff: 0.5, Sum: 1787.0]
      [GC Worker End (ms): Min: 166555.4, Avg: 166555.5, Max: 166555.6, Diff: 0.1]
   [Code Root Fixup: 0.0 ms]
   [Code Root Purge: 0.0 ms]
   [Clear CT: 0.7 ms]
   [Other: 2.8 ms]
      [Choose CSet: 0.0 ms]
      [Ref Proc: 1.0 ms]
      [Ref Enq: 0.0 ms]
      [Redirty Cards: 1.0 ms]
      [Humongous Register: 0.1 ms]
      [Humongous Reclaim: 0.0 ms]
      [Free CSet: 0.3 ms]
   [Eden: 89.0M(89.0M)->0.0B(89.0M) Survivors: 13.0M->13.0M Heap: 607.3M(2048.0M)->608.8M(2048.0M)]
 [Times: user=1.73 sys=0.00, real=0.23 secs] 
2020-09-29T12:29:55.445+0200: 166.772: [GC pause (G1 Evacuation Pause) (young), 0.2306305 secs]
   [Parallel Time: 228.0 ms, GC Workers: 8]
      [GC Worker Start (ms): Min: 166771.9, Avg: 166772.2, Max: 166772.4, Diff: 0.5]
      [Ext Root Scanning (ms): Min: 0.0, Avg: 0.2, Max: 0.5, Diff: 0.5, Sum: 1.7]
      [Update RS (ms): Min: 26.8, Avg: 27.5, Max: 28.6, Diff: 1.8, Sum: 220.2]
         [Processed Buffers: Min: 7, Avg: 7.9, Max: 9, Diff: 2, Sum: 63]
      [Scan RS (ms): Min: 15.5, Avg: 19.0, Max: 36.0, Diff: 20.5, Sum: 152.3]
      [Code Root Scanning (ms): Min: 0.0, Avg: 0.0, Max: 0.0, Diff: 0.0, Sum: 0.0]
      [Object Copy (ms): Min: 163.3, Avg: 180.1, Max: 182.6, Diff: 19.3, Sum: 1440.8]
      [Termination (ms): Min: 0.0, Avg: 0.3, Max: 0.6, Diff: 0.6, Sum: 2.5]
         [Termination Attempts: Min: 1, Avg: 457.5, Max: 579, Diff: 578, Sum: 3660]
      [GC Worker Other (ms): Min: 0.0, Avg: 0.1, Max: 0.1, Diff: 0.1, Sum: 0.5]
      [GC Worker Total (ms): Min: 227.0, Avg: 227.3, Max: 227.6, Diff: 0.6, Sum: 1818.1]
      [GC Worker End (ms): Min: 166999.4, Avg: 166999.5, Max: 166999.5, Diff: 0.1]
   [Code Root Fixup: 0.0 ms]
   [Code Root Purge: 0.0 ms]
   [Clear CT: 0.6 ms]
   [Other: 2.0 ms]
      [Choose CSet: 0.0 ms]
      [Ref Proc: 0.6 ms]
      [Ref Enq: 0.0 ms]
      [Redirty Cards: 0.6 ms]
      [Humongous Register: 0.1 ms]
      [Humongous Reclaim: 0.0 ms]
      [Free CSet: 0.3 ms]
   [Eden: 89.0M(89.0M)->0.0B(89.0M) Survivors: 13.0M->13.0M Heap: 711.2M(2048.0M)->713.2M(2048.0M)]
 [Times: user=1.73 sys=0.00, real=0.23 secs] 
2020-09-29T12:29:55.880+0200: 167.207: [GC pause (G1 Evacuation Pause) (young), 0.2095244 secs]
   [Parallel Time: 206.9 ms, GC Workers: 8]
      [GC Worker Start (ms): Min: 167207.3, Avg: 167207.5, Max: 167207.7, Diff: 0.5]
      [Ext Root Scanning (ms): Min: 0.0, Avg: 0.2, Max: 0.5, Diff: 0.5, Sum: 1.7]
      [Update RS (ms): Min: 18.5, Avg: 19.4, Max: 21.0, Diff: 2.5, Sum: 155.4]
         [Processed Buffers: Min: 5, Avg: 6.3, Max: 8, Diff: 3, Sum: 50]
      [Scan RS (ms): Min: 17.3, Avg: 18.9, Max: 19.9, Diff: 2.6, Sum: 151.6]
      [Code Root Scanning (ms): Min: 0.0, Avg: 0.0, Max: 0.0, Diff: 0.0, Sum: 0.0]
      [Object Copy (ms): Min: 167.2, Avg: 167.4, Max: 167.6, Diff: 0.4, Sum: 1339.2]
      [Termination (ms): Min: 0.0, Avg: 0.1, Max: 0.2, Diff: 0.2, Sum: 1.1]
         [Termination Attempts: Min: 1, Avg: 243.3, Max: 304, Diff: 303, Sum: 1946]
      [GC Worker Other (ms): Min: 0.0, Avg: 0.1, Max: 0.1, Diff: 0.1, Sum: 0.5]
      [GC Worker Total (ms): Min: 206.0, Avg: 206.2, Max: 206.5, Diff: 0.6, Sum: 1649.5]
      [GC Worker End (ms): Min: 167413.7, Avg: 167413.7, Max: 167413.8, Diff: 0.1]
   [Code Root Fixup: 0.0 ms]
   [Code Root Purge: 0.0 ms]
   [Clear CT: 0.5 ms]
   [Other: 2.1 ms]
      [Choose CSet: 0.0 ms]
      [Ref Proc: 0.4 ms]
      [Ref Enq: 0.0 ms]
      [Redirty Cards: 0.9 ms]
      [Humongous Register: 0.1 ms]
      [Humongous Reclaim: 0.0 ms]
      [Free CSet: 0.3 ms]
   [Eden: 89.0M(89.0M)->0.0B(89.0M) Survivors: 13.0M->13.0M Heap: 817.4M(2048.0M)->819.4M(2048.0M)]
 [Times: user=1.61 sys=0.00, real=0.21 secs] 
2020-09-29T12:29:56.280+0200: 167.607: [GC pause (G1 Evacuation Pause) (young), 0.2219681 secs]
   [Parallel Time: 219.0 ms, GC Workers: 8]
      [GC Worker Start (ms): Min: 167607.2, Avg: 167607.4, Max: 167607.7, Diff: 0.5]
      [Ext Root Scanning (ms): Min: 0.0, Avg: 0.2, Max: 0.4, Diff: 0.4, Sum: 2.0]
      [Update RS (ms): Min: 25.4, Avg: 26.3, Max: 28.3, Diff: 2.9, Sum: 210.0]
         [Processed Buffers: Min: 7, Avg: 8.3, Max: 10, Diff: 3, Sum: 66]
      [Scan RS (ms): Min: 15.6, Avg: 17.5, Max: 18.4, Diff: 2.8, Sum: 139.8]
      [Code Root Scanning (ms): Min: 0.0, Avg: 0.0, Max: 0.0, Diff: 0.0, Sum: 0.0]
      [Object Copy (ms): Min: 174.1, Avg: 174.2, Max: 174.4, Diff: 0.3, Sum: 1393.7]
      [Termination (ms): Min: 0.0, Avg: 0.1, Max: 0.2, Diff: 0.2, Sum: 1.2]
         [Termination Attempts: Min: 1, Avg: 7.0, Max: 12, Diff: 11, Sum: 56]
      [GC Worker Other (ms): Min: 0.0, Avg: 0.0, Max: 0.0, Diff: 0.0, Sum: 0.2]
      [GC Worker Total (ms): Min: 218.1, Avg: 218.4, Max: 218.6, Diff: 0.5, Sum: 1747.0]
      [GC Worker End (ms): Min: 167825.7, Avg: 167825.8, Max: 167825.8, Diff: 0.1]
   [Code Root Fixup: 0.0 ms]
   [Code Root Purge: 0.0 ms]
   [Clear CT: 0.6 ms]
   [Other: 2.3 ms]
      [Choose CSet: 0.0 ms]
      [Ref Proc: 0.6 ms]
      [Ref Enq: 0.0 ms]
      [Redirty Cards: 0.9 ms]
      [Humongous Register: 0.1 ms]
      [Humongous Reclaim: 0.0 ms]
      [Free CSet: 0.3 ms]
   [Eden: 89.0M(89.0M)->0.0B(89.0M) Survivors: 13.0M->13.0M Heap: 923.7M(2048.0M)->926.2M(2048.0M)]
 [Times: user=1.75 sys=0.00, real=0.22 secs] 
2020-09-29T12:29:56.542+0200: 167.868: [GC pause (G1 Humongous Allocation) (young) (initial-mark), 0.0759540 secs]
   [Parallel Time: 71.0 ms, GC Workers: 8]
      [GC Worker Start (ms): Min: 167868.8, Avg: 167869.1, Max: 167869.4, Diff: 0.6]
      [Ext Root Scanning (ms): Min: 0.0, Avg: 0.5, Max: 0.7, Diff: 0.7, Sum: 3.9]
      [Update RS (ms): Min: 22.1, Avg: 23.2, Max: 24.3, Diff: 2.2, Sum: 185.5]
         [Processed Buffers: Min: 7, Avg: 7.6, Max: 9, Diff: 2, Sum: 61]
      [Scan RS (ms): Min: 1.9, Avg: 3.1, Max: 4.2, Diff: 2.3, Sum: 24.9]
      [Code Root Scanning (ms): Min: 0.0, Avg: 0.0, Max: 0.0, Diff: 0.0, Sum: 0.0]
      [Object Copy (ms): Min: 43.4, Avg: 43.5, Max: 43.6, Diff: 0.2, Sum: 348.2]
      [Termination (ms): Min: 0.0, Avg: 0.1, Max: 0.2, Diff: 0.2, Sum: 1.2]
         [Termination Attempts: Min: 1, Avg: 41.0, Max: 56, Diff: 55, Sum: 328]
      [GC Worker Other (ms): Min: 0.0, Avg: 0.0, Max: 0.0, Diff: 0.0, Sum: 0.2]
      [GC Worker Total (ms): Min: 70.2, Avg: 70.5, Max: 70.8, Diff: 0.6, Sum: 564.0]
      [GC Worker End (ms): Min: 167939.6, Avg: 167939.6, Max: 167939.6, Diff: 0.0]
   [Code Root Fixup: 0.0 ms]
   [Code Root Purge: 0.0 ms]
   [Clear CT: 0.6 ms]
   [Other: 4.4 ms]
      [Choose CSet: 0.0 ms]
      [Ref Proc: 0.8 ms]
      [Ref Enq: 0.0 ms]
      [Redirty Cards: 2.3 ms]
      [Humongous Register: 0.1 ms]
      [Humongous Reclaim: 0.0 ms]
      [Free CSet: 0.5 ms]
   [Eden: 8192.0K(89.0M)->0.0B(92.0M) Survivors: 13.0M->10.0M Heap: 933.7M(2048.0M)->938.2M(2048.0M)]
 [Times: user=0.50 sys=0.01, real=0.08 secs] 
2020-09-29T12:29:56.620+0200: 167.947: [GC concurrent-root-region-scan-start]
2020-09-29T12:29:56.629+0200: 167.956: [GC concurrent-root-region-scan-end, 0.0090875 secs]
2020-09-29T12:29:56.629+0200: 167.956: [GC concurrent-mark-start]
2020-09-29T12:29:56.639+0200: 167.966: [GC concurrent-mark-end, 0.0104094 secs]
2020-09-29T12:29:56.641+0200: 167.968: [GC remark 2020-09-29T12:29:56.641+0200: 167.968: [Finalize Marking, 0.0008378 secs] 2020-09-29T12:29:56.642+0200: 167.969: [GC ref-proc, 0.0013329 secs] 2020-09-29T12:29:56.643+0200: 167.970: [Unloading, 0.0016312 secs], 0.0049764 secs]
 [Times: user=0.13 sys=0.00, real=0.00 secs] 
2020-09-29T12:29:56.647+0200: 167.974: [GC cleanup 949M->30M(2048M), 0.0043182 secs]
 [Times: user=0.00 sys=0.00, real=0.00 secs] 
2020-09-29T12:29:56.652+0200: 167.979: [GC concurrent-cleanup-start]
2020-09-29T12:29:56.656+0200: 167.983: [GC concurrent-cleanup-end, 0.0037707 secs]
2020-09-29T12:29:56.824+0200: 168.150: [GC pause (G1 Evacuation Pause) (young), 0.1978564 secs]
   [Parallel Time: 194.7 ms, GC Workers: 8]
      [GC Worker Start (ms): Min: 168150.8, Avg: 168151.1, Max: 168151.3, Diff: 0.5]
      [Ext Root Scanning (ms): Min: 0.0, Avg: 0.2, Max: 0.5, Diff: 0.5, Sum: 1.6]
      [Update RS (ms): Min: 24.8, Avg: 25.6, Max: 27.5, Diff: 2.7, Sum: 204.6]
         [Processed Buffers: Min: 7, Avg: 8.5, Max: 11, Diff: 4, Sum: 68]
      [Scan RS (ms): Min: 12.6, Avg: 14.7, Max: 15.5, Diff: 2.8, Sum: 117.9]
      [Code Root Scanning (ms): Min: 0.0, Avg: 0.0, Max: 0.0, Diff: 0.0, Sum: 0.0]
      [Object Copy (ms): Min: 153.0, Avg: 153.2, Max: 153.4, Diff: 0.3, Sum: 1225.3]
      [Termination (ms): Min: 0.0, Avg: 0.2, Max: 0.3, Diff: 0.3, Sum: 1.4]
         [Termination Attempts: Min: 1, Avg: 281.1, Max: 403, Diff: 402, Sum: 2249]
      [GC Worker Other (ms): Min: 0.0, Avg: 0.1, Max: 0.2, Diff: 0.1, Sum: 0.7]
      [GC Worker Total (ms): Min: 193.7, Avg: 194.0, Max: 194.2, Diff: 0.4, Sum: 1551.7]
      [GC Worker End (ms): Min: 168345.0, Avg: 168345.0, Max: 168345.1, Diff: 0.1]
   [Code Root Fixup: 0.0 ms]
   [Code Root Purge: 0.0 ms]
   [Clear CT: 0.7 ms]
   [Other: 2.4 ms]
      [Choose CSet: 0.0 ms]
      [Ref Proc: 0.8 ms]
      [Ref Enq: 0.0 ms]
      [Redirty Cards: 0.8 ms]
      [Humongous Register: 0.1 ms]
      [Humongous Reclaim: 0.0 ms]
      [Free CSet: 0.3 ms]
   [Eden: 92.0M(92.0M)->0.0B(89.0M) Survivors: 10.0M->13.0M Heap: 128.7M(2048.0M)->121.2M(2048.0M)]
 [Times: user=1.48 sys=0.02, real=0.20 secs] 
2020-09-29T12:29:57.226+0200: 168.553: [GC pause (G1 Evacuation Pause) (young), 0.2254438 secs]
   [Parallel Time: 221.7 ms, GC Workers: 8]
      [GC Worker Start (ms): Min: 168553.1, Avg: 168554.3, Max: 168560.2, Diff: 7.2]
      [Ext Root Scanning (ms): Min: 0.0, Avg: 0.2, Max: 0.5, Diff: 0.5, Sum: 1.8]
      [Update RS (ms): Min: 15.3, Avg: 21.7, Max: 23.9, Diff: 8.6, Sum: 173.6]
         [Processed Buffers: Min: 5, Avg: 6.1, Max: 8, Diff: 3, Sum: 49]
      [Scan RS (ms): Min: 18.6, Avg: 20.0, Max: 20.8, Diff: 2.2, Sum: 159.8]
      [Code Root Scanning (ms): Min: 0.0, Avg: 0.0, Max: 0.0, Diff: 0.0, Sum: 0.0]
      [Object Copy (ms): Min: 176.5, Avg: 177.6, Max: 178.1, Diff: 1.6, Sum: 1421.2]
      [Termination (ms): Min: 0.0, Avg: 0.4, Max: 0.5, Diff: 0.5, Sum: 2.9]
         [Termination Attempts: Min: 1, Avg: 579.0, Max: 718, Diff: 717, Sum: 4632]
      [GC Worker Other (ms): Min: 0.0, Avg: 0.1, Max: 0.2, Diff: 0.2, Sum: 0.8]
      [GC Worker Total (ms): Min: 214.1, Avg: 220.0, Max: 221.2, Diff: 7.1, Sum: 1760.2]
      [GC Worker End (ms): Min: 168774.3, Avg: 168774.3, Max: 168774.4, Diff: 0.2]
   [Code Root Fixup: 0.0 ms]
   [Code Root Purge: 0.0 ms]
   [Clear CT: 1.0 ms]
   [Other: 2.7 ms]
      [Choose CSet: 0.0 ms]
      [Ref Proc: 0.8 ms]
      [Ref Enq: 0.0 ms]
      [Redirty Cards: 1.2 ms]
      [Humongous Register: 0.1 ms]
      [Humongous Reclaim: 0.0 ms]
      [Free CSet: 0.2 ms]
   [Eden: 89.0M(89.0M)->0.0B(89.0M) Survivors: 13.0M->13.0M Heap: 223.5M(2048.0M)->225.0M(2048.0M)]
 [Times: user=1.66 sys=0.02, real=0.23 secs] 
2020-09-29T12:29:57.659+0200: 168.986: [GC pause (G1 Evacuation Pause) (young), 0.2545223 secs]
   [Parallel Time: 251.8 ms, GC Workers: 8]
      [GC Worker Start (ms): Min: 168986.3, Avg: 168986.6, Max: 168986.7, Diff: 0.4]
      [Ext Root Scanning (ms): Min: 0.1, Avg: 0.2, Max: 0.4, Diff: 0.4, Sum: 1.8]
      [Update RS (ms): Min: 10.7, Avg: 14.1, Max: 35.5, Diff: 24.9, Sum: 113.0]
         [Processed Buffers: Min: 1, Avg: 3.8, Max: 5, Diff: 4, Sum: 30]
      [Scan RS (ms): Min: 4.0, Avg: 28.3, Max: 53.0, Diff: 49.0, Sum: 226.1]
      [Code Root Scanning (ms): Min: 0.0, Avg: 0.0, Max: 0.0, Diff: 0.0, Sum: 0.0]
      [Object Copy (ms): Min: 187.1, Avg: 208.3, Max: 211.6, Diff: 24.6, Sum: 1666.7]
      [Termination (ms): Min: 0.0, Avg: 0.0, Max: 0.1, Diff: 0.1, Sum: 0.3]
         [Termination Attempts: Min: 1, Avg: 58.5, Max: 95, Diff: 94, Sum: 468]
      [GC Worker Other (ms): Min: 0.0, Avg: 0.1, Max: 0.2, Diff: 0.1, Sum: 0.6]
      [GC Worker Total (ms): Min: 250.9, Avg: 251.1, Max: 251.3, Diff: 0.5, Sum: 2008.5]
      [GC Worker End (ms): Min: 169237.6, Avg: 169237.6, Max: 169237.7, Diff: 0.1]
   [Code Root Fixup: 0.0 ms]
   [Code Root Purge: 0.0 ms]
   [Clear CT: 0.6 ms]
   [Other: 2.1 ms]
      [Choose CSet: 0.0 ms]
      [Ref Proc: 0.5 ms]
      [Ref Enq: 0.0 ms]
      [Redirty Cards: 0.7 ms]
      [Humongous Register: 0.1 ms]
      [Humongous Reclaim: 0.0 ms]
      [Free CSet: 0.3 ms]
   [Eden: 89.0M(89.0M)->0.0B(89.0M) Survivors: 13.0M->13.0M Heap: 329.3M(2048.0M)->332.3M(2048.0M)]
 [Times: user=2.05 sys=0.00, real=0.26 secs] 
2020-09-29T12:29:58.124+0200: 169.451: [GC pause (G1 Evacuation Pause) (young), 0.0902079 secs]
   [Parallel Time: 89.2 ms, GC Workers: 8]
      [GC Worker Start (ms): Min: 169450.9, Avg: 169451.2, Max: 169451.4, Diff: 0.5]
      [Ext Root Scanning (ms): Min: 0.0, Avg: 0.2, Max: 0.5, Diff: 0.5, Sum: 1.7]
      [Update RS (ms): Min: 10.9, Avg: 11.3, Max: 12.5, Diff: 1.6, Sum: 90.6]
         [Processed Buffers: Min: 4, Avg: 4.6, Max: 5, Diff: 1, Sum: 37]
      [Scan RS (ms): Min: 21.1, Avg: 22.4, Max: 23.7, Diff: 2.6, Sum: 179.1]
      [Code Root Scanning (ms): Min: 0.0, Avg: 0.0, Max: 0.0, Diff: 0.0, Sum: 0.0]
      [Object Copy (ms): Min: 53.9, Avg: 54.7, Max: 55.0, Diff: 1.1, Sum: 437.8]
      [Termination (ms): Min: 0.0, Avg: 0.1, Max: 0.1, Diff: 0.1, Sum: 0.6]
         [Termination Attempts: Min: 1, Avg: 487.6, Max: 713, Diff: 712, Sum: 3901]
      [GC Worker Other (ms): Min: 0.0, Avg: 0.0, Max: 0.1, Diff: 0.0, Sum: 0.3]
      [GC Worker Total (ms): Min: 88.5, Avg: 88.8, Max: 89.0, Diff: 0.5, Sum: 710.1]
      [GC Worker End (ms): Min: 169539.9, Avg: 169540.0, Max: 169540.0, Diff: 0.0]
   [Code Root Fixup: 0.0 ms]
   [Code Root Purge: 0.0 ms]
   [Clear CT: 0.2 ms]
   [Other: 0.8 ms]
      [Choose CSet: 0.0 ms]
      [Ref Proc: 0.2 ms]
      [Ref Enq: 0.0 ms]
      [Redirty Cards: 0.2 ms]
      [Humongous Register: 0.1 ms]
      [Humongous Reclaim: 0.0 ms]
      [Free CSet: 0.1 ms]
   [Eden: 89.0M(89.0M)->0.0B(89.0M) Survivors: 13.0M->13.0M Heap: 436.5M(2048.0M)->438.0M(2048.0M)]
 [Times: user=0.75 sys=0.00, real=0.09 secs] 
2020-09-29T12:29:58.263+0200: 169.590: [GC pause (G1 Evacuation Pause) (young), 0.0523785 secs]
   [Parallel Time: 50.9 ms, GC Workers: 8]
      [GC Worker Start (ms): Min: 169589.9, Avg: 169590.0, Max: 169590.1, Diff: 0.2]
      [Ext Root Scanning (ms): Min: 0.0, Avg: 0.0, Max: 0.2, Diff: 0.2, Sum: 0.4]
      [Update RS (ms): Min: 4.7, Avg: 5.1, Max: 5.5, Diff: 0.8, Sum: 40.5]
         [Processed Buffers: Min: 6, Avg: 7.4, Max: 8, Diff: 2, Sum: 59]
      [Scan RS (ms): Min: 3.9, Avg: 4.4, Max: 4.8, Diff: 0.9, Sum: 35.3]
      [Code Root Scanning (ms): Min: 0.0, Avg: 0.0, Max: 0.0, Diff: 0.0, Sum: 0.0]
      [Object Copy (ms): Min: 40.9, Avg: 40.9, Max: 41.0, Diff: 0.1, Sum: 327.5]
      [Termination (ms): Min: 0.0, Avg: 0.0, Max: 0.1, Diff: 0.1, Sum: 0.3]
         [Termination Attempts: Min: 1, Avg: 263.9, Max: 338, Diff: 337, Sum: 2111]
      [GC Worker Other (ms): Min: 0.0, Avg: 0.0, Max: 0.1, Diff: 0.0, Sum: 0.2]
      [GC Worker Total (ms): Min: 50.4, Avg: 50.5, Max: 50.7, Diff: 0.2, Sum: 404.2]
      [GC Worker End (ms): Min: 169640.5, Avg: 169640.6, Max: 169640.6, Diff: 0.0]
   [Code Root Fixup: 0.0 ms]
   [Code Root Purge: 0.0 ms]
   [Clear CT: 0.5 ms]
   [Other: 1.0 ms]
      [Choose CSet: 0.0 ms]
      [Ref Proc: 0.4 ms]
      [Ref Enq: 0.0 ms]
      [Redirty Cards: 0.3 ms]
      [Humongous Register: 0.0 ms]
      [Humongous Reclaim: 0.0 ms]
      [Free CSet: 0.1 ms]
   [Eden: 89.0M(89.0M)->0.0B(89.0M) Survivors: 13.0M->13.0M Heap: 542.3M(2048.0M)->544.3M(2048.0M)]
 [Times: user=0.38 sys=0.00, real=0.05 secs] 
2020-09-29T12:29:58.360+0200: 169.687: [GC pause (G1 Evacuation Pause) (young), 0.0492028 secs]
   [Parallel Time: 48.3 ms, GC Workers: 8]
      [GC Worker Start (ms): Min: 169687.3, Avg: 169687.4, Max: 169687.5, Diff: 0.1]
      [Ext Root Scanning (ms): Min: 0.0, Avg: 0.1, Max: 0.1, Diff: 0.1, Sum: 0.6]
      [Update RS (ms): Min: 5.2, Avg: 5.5, Max: 5.9, Diff: 0.7, Sum: 43.8]
         [Processed Buffers: Min: 6, Avg: 6.6, Max: 7, Diff: 1, Sum: 53]
      [Scan RS (ms): Min: 3.7, Avg: 4.1, Max: 4.4, Diff: 0.7, Sum: 32.6]
      [Code Root Scanning (ms): Min: 0.0, Avg: 0.0, Max: 0.0, Diff: 0.0, Sum: 0.0]
      [Object Copy (ms): Min: 38.3, Avg: 38.4, Max: 38.4, Diff: 0.1, Sum: 306.9]
      [Termination (ms): Min: 0.0, Avg: 0.0, Max: 0.0, Diff: 0.0, Sum: 0.1]
         [Termination Attempts: Min: 1, Avg: 54.0, Max: 68, Diff: 67, Sum: 432]
      [GC Worker Other (ms): Min: 0.0, Avg: 0.0, Max: 0.0, Diff: 0.0, Sum: 0.2]
      [GC Worker Total (ms): Min: 48.0, Avg: 48.0, Max: 48.1, Diff: 0.1, Sum: 384.1]
      [GC Worker End (ms): Min: 169735.4, Avg: 169735.4, Max: 169735.5, Diff: 0.0]
   [Code Root Fixup: 0.0 ms]
   [Code Root Purge: 0.0 ms]
   [Clear CT: 0.2 ms]
   [Other: 0.7 ms]
      [Choose CSet: 0.0 ms]
      [Ref Proc: 0.2 ms]
      [Ref Enq: 0.0 ms]
      [Redirty Cards: 0.2 ms]
      [Humongous Register: 0.0 ms]
      [Humongous Reclaim: 0.0 ms]
      [Free CSet: 0.1 ms]
   [Eden: 89.0M(89.0M)->0.0B(115.0M) Survivors: 13.0M->13.0M Heap: 646.6M(2048.0M)->648.6M(2048.0M)]
 [Times: user=0.38 sys=0.00, real=0.05 secs] 
2020-09-29T12:29:58.465+0200: 169.792: [GC pause (G1 Evacuation Pause) (young), 0.0703606 secs]
   [Parallel Time: 69.5 ms, GC Workers: 8]
      [GC Worker Start (ms): Min: 169792.3, Avg: 169792.3, Max: 169792.4, Diff: 0.1]
      [Ext Root Scanning (ms): Min: 0.0, Avg: 0.1, Max: 0.1, Diff: 0.1, Sum: 0.6]
      [Update RS (ms): Min: 5.4, Avg: 5.9, Max: 6.3, Diff: 0.8, Sum: 47.2]
         [Processed Buffers: Min: 7, Avg: 7.0, Max: 7, Diff: 0, Sum: 56]
      [Scan RS (ms): Min: 5.2, Avg: 5.6, Max: 6.0, Diff: 0.8, Sum: 44.6]
      [Code Root Scanning (ms): Min: 0.0, Avg: 0.0, Max: 0.0, Diff: 0.0, Sum: 0.0]
      [Object Copy (ms): Min: 57.4, Avg: 57.5, Max: 57.7, Diff: 0.3, Sum: 460.3]
      [Termination (ms): Min: 0.0, Avg: 0.2, Max: 0.3, Diff: 0.3, Sum: 1.6]
         [Termination Attempts: Min: 1, Avg: 1363.5, Max: 1822, Diff: 1821, Sum: 10908]
      [GC Worker Other (ms): Min: 0.0, Avg: 0.0, Max: 0.0, Diff: 0.0, Sum: 0.1]
      [GC Worker Total (ms): Min: 69.2, Avg: 69.3, Max: 69.4, Diff: 0.1, Sum: 554.4]
      [GC Worker End (ms): Min: 169861.6, Avg: 169861.6, Max: 169861.6, Diff: 0.0]
   [Code Root Fixup: 0.0 ms]
   [Code Root Purge: 0.0 ms]
   [Clear CT: 0.2 ms]
   [Other: 0.6 ms]
      [Choose CSet: 0.0 ms]
      [Ref Proc: 0.1 ms]
      [Ref Enq: 0.0 ms]
      [Redirty Cards: 0.2 ms]
      [Humongous Register: 0.0 ms]
      [Humongous Reclaim: 0.0 ms]
      [Free CSet: 0.1 ms]
   [Eden: 115.0M(115.0M)->0.0B(138.0M) Survivors: 13.0M->16.0M Heap: 782.7M(2048.0M)->784.2M(2048.0M)]
 [Times: user=0.52 sys=0.00, real=0.07 secs] 
2020-09-29T12:29:58.613+0200: 169.940: [GC pause (G1 Evacuation Pause) (young), 0.0735873 secs]
   [Parallel Time: 72.8 ms, GC Workers: 8]
      [GC Worker Start (ms): Min: 169940.3, Avg: 169940.3, Max: 169940.4, Diff: 0.1]
      [Ext Root Scanning (ms): Min: 0.0, Avg: 0.1, Max: 0.1, Diff: 0.1, Sum: 0.6]
      [Update RS (ms): Min: 6.6, Avg: 6.8, Max: 7.1, Diff: 0.4, Sum: 54.3]
         [Processed Buffers: Min: 8, Avg: 9.3, Max: 10, Diff: 2, Sum: 74]
      [Scan RS (ms): Min: 6.6, Avg: 6.9, Max: 7.0, Diff: 0.4, Sum: 55.0]
      [Code Root Scanning (ms): Min: 0.0, Avg: 0.0, Max: 0.0, Diff: 0.0, Sum: 0.0]
      [Object Copy (ms): Min: 58.8, Avg: 58.8, Max: 58.9, Diff: 0.1, Sum: 470.6]
      [Termination (ms): Min: 0.0, Avg: 0.0, Max: 0.0, Diff: 0.0, Sum: 0.1]
         [Termination Attempts: Min: 1, Avg: 67.8, Max: 83, Diff: 82, Sum: 542]
      [GC Worker Other (ms): Min: 0.0, Avg: 0.0, Max: 0.1, Diff: 0.0, Sum: 0.3]
      [GC Worker Total (ms): Min: 72.5, Avg: 72.6, Max: 72.7, Diff: 0.1, Sum: 580.9]
      [GC Worker End (ms): Min: 170012.9, Avg: 170012.9, Max: 170012.9, Diff: 0.0]
   [Code Root Fixup: 0.0 ms]
   [Code Root Purge: 0.0 ms]
   [Clear CT: 0.2 ms]
   [Other: 0.6 ms]
      [Choose CSet: 0.0 ms]
      [Ref Proc: 0.2 ms]
      [Ref Enq: 0.0 ms]
      [Redirty Cards: 0.2 ms]
      [Humongous Register: 0.0 ms]
      [Humongous Reclaim: 0.0 ms]
      [Free CSet: 0.1 ms]
   [Eden: 138.0M(138.0M)->0.0B(160.0M) Survivors: 16.0M->20.0M Heap: 947.0M(2048.0M)->949.5M(2048.0M)]
 [Times: user=0.63 sys=0.00, real=0.07 secs] 
2020-09-29T12:29:58.693+0200: 170.020: [GC pause (G1 Humongous Allocation) (young) (initial-mark), 0.0409429 secs]
   [Parallel Time: 40.2 ms, GC Workers: 8]
      [GC Worker Start (ms): Min: 170020.0, Avg: 170020.0, Max: 170020.1, Diff: 0.1]
      [Ext Root Scanning (ms): Min: 0.0, Avg: 0.1, Max: 0.1, Diff: 0.1, Sum: 0.6]
      [Update RS (ms): Min: 13.2, Avg: 13.5, Max: 13.8, Diff: 0.6, Sum: 107.7]
         [Processed Buffers: Min: 17, Avg: 18.0, Max: 20, Diff: 3, Sum: 144]
      [Scan RS (ms): Min: 0.8, Avg: 1.2, Max: 1.4, Diff: 0.6, Sum: 9.4]
      [Code Root Scanning (ms): Min: 0.0, Avg: 0.0, Max: 0.0, Diff: 0.0, Sum: 0.0]
      [Object Copy (ms): Min: 25.2, Avg: 25.2, Max: 25.3, Diff: 0.1, Sum: 202.0]
      [Termination (ms): Min: 0.0, Avg: 0.1, Max: 0.1, Diff: 0.1, Sum: 0.8]
         [Termination Attempts: Min: 1, Avg: 777.8, Max: 953, Diff: 952, Sum: 6222]
      [GC Worker Other (ms): Min: 0.0, Avg: 0.0, Max: 0.0, Diff: 0.0, Sum: 0.1]
      [GC Worker Total (ms): Min: 40.0, Avg: 40.1, Max: 40.1, Diff: 0.1, Sum: 320.6]
      [GC Worker End (ms): Min: 170060.1, Avg: 170060.1, Max: 170060.1, Diff: 0.0]
   [Code Root Fixup: 0.0 ms]
   [Code Root Purge: 0.0 ms]
   [Clear CT: 0.1 ms]
   [Other: 0.6 ms]
      [Choose CSet: 0.0 ms]
      [Ref Proc: 0.2 ms]
      [Ref Enq: 0.0 ms]
      [Redirty Cards: 0.2 ms]
      [Humongous Register: 0.0 ms]
      [Humongous Reclaim: 0.0 ms]
      [Free CSet: 0.0 ms]
   [Eden: 12.0M(160.0M)->0.0B(172.0M) Survivors: 20.0M->14.0M Heap: 961.0M(2048.0M)->964.5M(2048.0M)]
 [Times: user=0.24 sys=0.02, real=0.04 secs] 
2020-09-29T12:29:58.734+0200: 170.061: [GC concurrent-root-region-scan-start]
2020-09-29T12:29:58.736+0200: 170.063: [GC concurrent-root-region-scan-end, 0.0019839 secs]
2020-09-29T12:29:58.736+0200: 170.063: [GC concurrent-mark-start]
2020-09-29T12:29:58.738+0200: 170.065: [GC concurrent-mark-end, 0.0020742 secs]
2020-09-29T12:29:58.738+0200: 170.065: [GC remark 2020-09-29T12:29:58.738+0200: 170.065: [Finalize Marking, 0.0001593 secs] 2020-09-29T12:29:58.738+0200: 170.065: [GC ref-proc, 0.0002571 secs] 2020-09-29T12:29:58.738+0200: 170.066: [Unloading, 0.0003754 secs], 0.0010309 secs]
 [Times: user=0.01 sys=0.00, real=0.00 secs] 
2020-09-29T12:29:58.739+0200: 170.066: [GC cleanup 975M->34M(2048M), 0.0010836 secs]
 [Times: user=0.00 sys=0.00, real=0.00 secs] 
2020-09-29T12:29:58.740+0200: 170.068: [GC concurrent-cleanup-start]
2020-09-29T12:29:58.741+0200: 170.069: [GC concurrent-cleanup-end, 0.0009994 secs]
2020-09-29T12:29:58.836+0200: 170.163: [GC pause (G1 Evacuation Pause) (young), 0.0871045 secs]
   [Parallel Time: 86.0 ms, GC Workers: 8]
      [GC Worker Start (ms): Min: 170162.9, Avg: 170163.0, Max: 170163.0, Diff: 0.1]
      [Ext Root Scanning (ms): Min: 0.0, Avg: 0.1, Max: 0.2, Diff: 0.1, Sum: 0.6]
      [Update RS (ms): Min: 6.2, Avg: 6.4, Max: 6.6, Diff: 0.4, Sum: 51.2]
         [Processed Buffers: Min: 7, Avg: 8.4, Max: 10, Diff: 3, Sum: 67]
      [Scan RS (ms): Min: 11.8, Avg: 12.0, Max: 12.3, Diff: 0.5, Sum: 96.1]
      [Code Root Scanning (ms): Min: 0.0, Avg: 0.0, Max: 0.0, Diff: 0.0, Sum: 0.0]
      [Object Copy (ms): Min: 66.6, Avg: 66.7, Max: 66.7, Diff: 0.2, Sum: 533.6]
      [Termination (ms): Min: 0.0, Avg: 0.0, Max: 0.0, Diff: 0.0, Sum: 0.2]
         [Termination Attempts: Min: 1, Avg: 189.0, Max: 252, Diff: 251, Sum: 1512]
      [GC Worker Other (ms): Min: 0.0, Avg: 0.0, Max: 0.1, Diff: 0.1, Sum: 0.3]
      [GC Worker Total (ms): Min: 85.2, Avg: 85.3, Max: 85.3, Diff: 0.1, Sum: 682.1]
      [GC Worker End (ms): Min: 170248.2, Avg: 170248.2, Max: 170248.3, Diff: 0.1]
   [Code Root Fixup: 0.0 ms]
   [Code Root Purge: 0.0 ms]
   [Clear CT: 0.2 ms]
   [Other: 0.8 ms]
      [Choose CSet: 0.0 ms]
      [Ref Proc: 0.2 ms]
      [Ref Enq: 0.0 ms]
      [Redirty Cards: 0.2 ms]
      [Humongous Register: 0.0 ms]
      [Humongous Reclaim: 0.0 ms]
      [Free CSet: 0.1 ms]
   [Eden: 172.0M(172.0M)->0.0B(189.0M) Survivors: 14.0M->24.0M Heap: 226.0M(2048.0M)->214.0M(2048.0M)]
 [Times: user=0.59 sys=0.03, real=0.09 secs] 
2020-09-29T12:29:59.029+0200: 170.356: [GC pause (G1 Evacuation Pause) (young), 0.1127553 secs]
   [Parallel Time: 111.7 ms, GC Workers: 8]
      [GC Worker Start (ms): Min: 170356.5, Avg: 170356.6, Max: 170356.7, Diff: 0.2]
      [Ext Root Scanning (ms): Min: 0.0, Avg: 0.1, Max: 0.2, Diff: 0.2, Sum: 0.4]
      [Update RS (ms): Min: 6.8, Avg: 7.1, Max: 7.6, Diff: 0.8, Sum: 56.8]
         [Processed Buffers: Min: 7, Avg: 8.0, Max: 12, Diff: 5, Sum: 64]
      [Scan RS (ms): Min: 13.8, Avg: 14.2, Max: 14.4, Diff: 0.7, Sum: 113.3]
      [Code Root Scanning (ms): Min: 0.0, Avg: 0.0, Max: 0.0, Diff: 0.0, Sum: 0.0]
      [Object Copy (ms): Min: 89.9, Avg: 90.1, Max: 90.1, Diff: 0.3, Sum: 720.5]
      [Termination (ms): Min: 0.0, Avg: 0.1, Max: 0.1, Diff: 0.1, Sum: 0.5]
         [Termination Attempts: Min: 1, Avg: 460.4, Max: 574, Diff: 573, Sum: 3683]
      [GC Worker Other (ms): Min: 0.0, Avg: 0.0, Max: 0.0, Diff: 0.0, Sum: 0.2]
      [GC Worker Total (ms): Min: 111.4, Avg: 111.5, Max: 111.6, Diff: 0.2, Sum: 891.8]
      [GC Worker End (ms): Min: 170468.1, Avg: 170468.1, Max: 170468.1, Diff: 0.0]
   [Code Root Fixup: 0.0 ms]
   [Code Root Purge: 0.0 ms]
   [Clear CT: 0.2 ms]
   [Other: 0.9 ms]
      [Choose CSet: 0.0 ms]
      [Ref Proc: 0.1 ms]
      [Ref Enq: 0.0 ms]
      [Redirty Cards: 0.3 ms]
      [Humongous Register: 0.0 ms]
      [Humongous Reclaim: 0.0 ms]
      [Free CSet: 0.2 ms]
   [Eden: 189.0M(189.0M)->0.0B(202.0M) Survivors: 24.0M->27.0M Heap: 433.5M(2048.0M)->435.0M(2048.0M)]
 [Times: user=0.83 sys=0.05, real=0.11 secs] 
2020-09-29T12:29:59.250+0200: 170.577: [GC pause (G1 Evacuation Pause) (young), 0.1103679 secs]
   [Parallel Time: 108.5 ms, GC Workers: 8]
      [GC Worker Start (ms): Min: 170577.0, Avg: 170577.1, Max: 170577.2, Diff: 0.2]
      [Ext Root Scanning (ms): Min: 0.0, Avg: 0.1, Max: 0.1, Diff: 0.1, Sum: 0.4]
      [Update RS (ms): Min: 6.8, Avg: 7.0, Max: 7.3, Diff: 0.5, Sum: 55.6]
         [Processed Buffers: Min: 8, Avg: 9.6, Max: 12, Diff: 4, Sum: 77]
      [Scan RS (ms): Min: 11.5, Avg: 11.8, Max: 11.9, Diff: 0.5, Sum: 94.5]
      [Code Root Scanning (ms): Min: 0.0, Avg: 0.0, Max: 0.0, Diff: 0.0, Sum: 0.0]
      [Object Copy (ms): Min: 89.3, Avg: 89.4, Max: 89.5, Diff: 0.2, Sum: 715.3]
      [Termination (ms): Min: 0.0, Avg: 0.0, Max: 0.0, Diff: 0.0, Sum: 0.0]
         [Termination Attempts: Min: 1, Avg: 36.6, Max: 48, Diff: 47, Sum: 293]
      [GC Worker Other (ms): Min: 0.0, Avg: 0.0, Max: 0.1, Diff: 0.0, Sum: 0.3]
      [GC Worker Total (ms): Min: 108.2, Avg: 108.3, Max: 108.4, Diff: 0.1, Sum: 866.3]
      [GC Worker End (ms): Min: 170685.4, Avg: 170685.4, Max: 170685.4, Diff: 0.0]
   [Code Root Fixup: 0.0 ms]
   [Code Root Purge: 0.0 ms]
   [Clear CT: 0.6 ms]
   [Other: 1.3 ms]
      [Choose CSet: 0.0 ms]
      [Ref Proc: 0.5 ms]
      [Ref Enq: 0.0 ms]
      [Redirty Cards: 0.3 ms]
      [Humongous Register: 0.0 ms]
      [Humongous Reclaim: 0.0 ms]
      [Free CSet: 0.3 ms]
   [Eden: 202.0M(202.0M)->0.0B(229.0M) Survivors: 27.0M->29.0M Heap: 671.4M(2048.0M)->672.9M(2048.0M)]
 [Times: user=0.88 sys=0.00, real=0.11 secs] 
2020-09-29T12:29:59.488+0200: 170.815: [GC pause (G1 Evacuation Pause) (young), 0.1241892 secs]
   [Parallel Time: 123.1 ms, GC Workers: 8]
      [GC Worker Start (ms): Min: 170815.2, Avg: 170815.3, Max: 170815.4, Diff: 0.2]
      [Ext Root Scanning (ms): Min: 0.0, Avg: 0.1, Max: 0.2, Diff: 0.2, Sum: 0.4]
      [Update RS (ms): Min: 10.9, Avg: 11.0, Max: 11.4, Diff: 0.5, Sum: 88.4]
         [Processed Buffers: Min: 10, Avg: 13.5, Max: 16, Diff: 6, Sum: 108]
      [Scan RS (ms): Min: 12.7, Avg: 13.2, Max: 13.4, Diff: 0.7, Sum: 105.3]
      [Code Root Scanning (ms): Min: 0.0, Avg: 0.0, Max: 0.0, Diff: 0.0, Sum: 0.0]
      [Object Copy (ms): Min: 98.5, Avg: 98.6, Max: 98.7, Diff: 0.2, Sum: 788.6]
      [Termination (ms): Min: 0.0, Avg: 0.0, Max: 0.0, Diff: 0.0, Sum: 0.1]
         [Termination Attempts: Min: 1, Avg: 71.5, Max: 94, Diff: 93, Sum: 572]
      [GC Worker Other (ms): Min: 0.0, Avg: 0.0, Max: 0.1, Diff: 0.0, Sum: 0.3]
      [GC Worker Total (ms): Min: 122.8, Avg: 122.9, Max: 123.0, Diff: 0.2, Sum: 983.0]
      [GC Worker End (ms): Min: 170938.2, Avg: 170938.2, Max: 170938.2, Diff: 0.1]
   [Code Root Fixup: 0.0 ms]
   [Code Root Purge: 0.0 ms]
   [Clear CT: 0.2 ms]
   [Other: 0.9 ms]
      [Choose CSet: 0.0 ms]
      [Ref Proc: 0.2 ms]
      [Ref Enq: 0.0 ms]
      [Redirty Cards: 0.3 ms]
      [Humongous Register: 0.0 ms]
      [Humongous Reclaim: 0.0 ms]
      [Free CSet: 0.2 ms]
   [Eden: 229.0M(229.0M)->0.0B(242.0M) Survivors: 29.0M->33.0M Heap: 940.0M(2048.0M)->943.0M(2048.0M)]
 [Times: user=1.00 sys=0.00, real=0.12 secs] 
2020-09-29T12:29:59.639+0200: 170.966: [GC pause (G1 Humongous Allocation) (young) (initial-mark), 0.0396761 secs]
   [Parallel Time: 38.7 ms, GC Workers: 8]
      [GC Worker Start (ms): Min: 170966.1, Avg: 170966.5, Max: 170967.0, Diff: 0.9]
      [Ext Root Scanning (ms): Min: 0.0, Avg: 0.9, Max: 1.8, Diff: 1.8, Sum: 7.3]
      [Update RS (ms): Min: 8.9, Avg: 9.7, Max: 10.4, Diff: 1.6, Sum: 78.0]
         [Processed Buffers: Min: 11, Avg: 12.3, Max: 14, Diff: 3, Sum: 98]
      [Scan RS (ms): Min: 1.8, Avg: 2.1, Max: 2.4, Diff: 0.6, Sum: 17.0]
      [Code Root Scanning (ms): Min: 0.0, Avg: 0.0, Max: 0.0, Diff: 0.0, Sum: 0.0]
      [Object Copy (ms): Min: 25.3, Avg: 25.3, Max: 25.4, Diff: 0.1, Sum: 202.7]
      [Termination (ms): Min: 0.0, Avg: 0.0, Max: 0.0, Diff: 0.0, Sum: 0.0]
         [Termination Attempts: Min: 1, Avg: 19.1, Max: 31, Diff: 30, Sum: 153]
      [GC Worker Other (ms): Min: 0.0, Avg: 0.0, Max: 0.1, Diff: 0.0, Sum: 0.3]
      [GC Worker Total (ms): Min: 37.6, Avg: 38.2, Max: 38.5, Diff: 0.9, Sum: 305.3]
      [GC Worker End (ms): Min: 171004.6, Avg: 171004.6, Max: 171004.7, Diff: 0.0]
   [Code Root Fixup: 0.0 ms]
   [Code Root Purge: 0.0 ms]
   [Clear CT: 0.1 ms]
   [Other: 0.9 ms]
      [Choose CSet: 0.0 ms]
      [Ref Proc: 0.3 ms]
      [Ref Enq: 0.0 ms]
      [Redirty Cards: 0.2 ms]
      [Humongous Register: 0.0 ms]
      [Humongous Reclaim: 0.0 ms]
      [Free CSet: 0.1 ms]
   [Eden: 33.0M(242.0M)->0.0B(278.0M) Survivors: 33.0M->34.0M Heap: 979.3M(2048.0M)->983.3M(2048.0M)]
 [Times: user=0.38 sys=0.00, real=0.04 secs] 
2020-09-29T12:29:59.679+0200: 171.006: [GC concurrent-root-region-scan-start]
2020-09-29T12:29:59.688+0200: 171.016: [GC concurrent-root-region-scan-end, 0.0097820 secs]
2020-09-29T12:29:59.688+0200: 171.016: [GC concurrent-mark-start]
2020-09-29T12:29:59.691+0200: 171.018: [GC concurrent-mark-end, 0.0027218 secs]
2020-09-29T12:29:59.691+0200: 171.019: [GC remark 2020-09-29T12:29:59.691+0200: 171.019: [Finalize Marking, 0.0002008 secs] 2020-09-29T12:29:59.692+0200: 171.019: [GC ref-proc, 0.0002727 secs] 2020-09-29T12:29:59.692+0200: 171.019: [Unloading, 0.0004724 secs], 0.0014858 secs]
 [Times: user=0.00 sys=0.02, real=0.00 secs] 
2020-09-29T12:29:59.693+0200: 171.020: [GC cleanup 1010M->70M(2048M), 0.0012899 secs]
 [Times: user=0.00 sys=0.00, real=0.00 secs] 
2020-09-29T12:29:59.695+0200: 171.022: [GC concurrent-cleanup-start]
2020-09-29T12:29:59.696+0200: 171.023: [GC concurrent-cleanup-end, 0.0012971 secs]
2020-09-29T12:29:59.829+0200: 171.157: [GC pause (G1 Evacuation Pause) (young), 0.1373294 secs]
   [Parallel Time: 136.2 ms, GC Workers: 8]
      [GC Worker Start (ms): Min: 171156.8, Avg: 171156.9, Max: 171156.9, Diff: 0.2]
      [Ext Root Scanning (ms): Min: 0.0, Avg: 0.1, Max: 0.2, Diff: 0.2, Sum: 0.5]
      [Update RS (ms): Min: 11.6, Avg: 11.9, Max: 13.4, Diff: 1.8, Sum: 95.6]
         [Processed Buffers: Min: 12, Avg: 13.0, Max: 15, Diff: 3, Sum: 104]
      [Scan RS (ms): Min: 14.6, Avg: 16.0, Max: 16.4, Diff: 1.8, Sum: 128.2]
      [Code Root Scanning (ms): Min: 0.0, Avg: 0.0, Max: 0.0, Diff: 0.0, Sum: 0.0]
      [Object Copy (ms): Min: 107.7, Avg: 107.7, Max: 107.8, Diff: 0.2, Sum: 862.0]
      [Termination (ms): Min: 0.0, Avg: 0.1, Max: 0.1, Diff: 0.1, Sum: 0.6]
         [Termination Attempts: Min: 1, Avg: 505.8, Max: 689, Diff: 688, Sum: 4046]
      [GC Worker Other (ms): Min: 0.0, Avg: 0.1, Max: 0.1, Diff: 0.1, Sum: 0.4]
      [GC Worker Total (ms): Min: 135.8, Avg: 135.9, Max: 136.0, Diff: 0.2, Sum: 1087.3]
      [GC Worker End (ms): Min: 171292.8, Avg: 171292.8, Max: 171292.9, Diff: 0.1]
   [Code Root Fixup: 0.0 ms]
   [Code Root Purge: 0.0 ms]
   [Clear CT: 0.3 ms]
   [Other: 0.9 ms]
      [Choose CSet: 0.0 ms]
      [Ref Proc: 0.2 ms]
      [Ref Enq: 0.0 ms]
      [Redirty Cards: 0.2 ms]
      [Humongous Register: 0.0 ms]
      [Humongous Reclaim: 0.0 ms]
      [Free CSet: 0.2 ms]
   [Eden: 278.0M(278.0M)->0.0B(284.0M) Survivors: 34.0M->39.0M Heap: 369.7M(2048.0M)->337.7M(2048.0M)]
 [Times: user=1.11 sys=0.00, real=0.14 secs] 
2020-09-29T12:30:00.128+0200: 171.455: [GC pause (G1 Evacuation Pause) (young), 0.1764587 secs]
   [Parallel Time: 175.4 ms, GC Workers: 8]
      [GC Worker Start (ms): Min: 171454.8, Avg: 171454.9, Max: 171455.0, Diff: 0.2]
      [Ext Root Scanning (ms): Min: 0.0, Avg: 0.1, Max: 0.1, Diff: 0.1, Sum: 0.4]
      [Update RS (ms): Min: 13.6, Avg: 13.8, Max: 14.1, Diff: 0.5, Sum: 110.6]
         [Processed Buffers: Min: 15, Avg: 16.5, Max: 20, Diff: 5, Sum: 132]
      [Scan RS (ms): Min: 17.5, Avg: 17.9, Max: 18.2, Diff: 0.6, Sum: 143.4]
      [Code Root Scanning (ms): Min: 0.0, Avg: 0.0, Max: 0.0, Diff: 0.0, Sum: 0.0]
      [Object Copy (ms): Min: 142.9, Avg: 143.0, Max: 143.2, Diff: 0.4, Sum: 1143.7]
      [Termination (ms): Min: 0.0, Avg: 0.4, Max: 0.5, Diff: 0.5, Sum: 3.2]
         [Termination Attempts: Min: 1, Avg: 3014.1, Max: 3689, Diff: 3688, Sum: 24113]
      [GC Worker Other (ms): Min: 0.0, Avg: 0.1, Max: 0.1, Diff: 0.1, Sum: 0.5]
      [GC Worker Total (ms): Min: 175.1, Avg: 175.2, Max: 175.3, Diff: 0.2, Sum: 1401.9]
      [GC Worker End (ms): Min: 171630.1, Avg: 171630.2, Max: 171630.2, Diff: 0.1]
   [Code Root Fixup: 0.0 ms]
   [Code Root Purge: 0.0 ms]
   [Clear CT: 0.2 ms]
   [Other: 0.8 ms]
      [Choose CSet: 0.0 ms]
      [Ref Proc: 0.1 ms]
      [Ref Enq: 0.0 ms]
      [Redirty Cards: 0.2 ms]
      [Humongous Register: 0.0 ms]
      [Humongous Reclaim: 0.0 ms]
      [Free CSet: 0.2 ms]
   [Eden: 284.0M(284.0M)->0.0B(270.0M) Survivors: 39.0M->41.0M Heap: 669.4M(2048.0M)->671.9M(2048.0M)]
 [Times: user=1.44 sys=0.03, real=0.18 secs] 
2020-09-29T12:30:00.457+0200: 171.784: [GC pause (G1 Evacuation Pause) (young), 0.1568032 secs]
   [Parallel Time: 155.6 ms, GC Workers: 8]
      [GC Worker Start (ms): Min: 171784.3, Avg: 171784.4, Max: 171784.5, Diff: 0.2]
      [Ext Root Scanning (ms): Min: 0.0, Avg: 0.0, Max: 0.2, Diff: 0.2, Sum: 0.4]
      [Update RS (ms): Min: 11.2, Avg: 11.5, Max: 11.8, Diff: 0.6, Sum: 92.2]
         [Processed Buffers: Min: 12, Avg: 13.9, Max: 16, Diff: 4, Sum: 111]
      [Scan RS (ms): Min: 14.7, Avg: 15.0, Max: 15.3, Diff: 0.6, Sum: 119.6]
      [Code Root Scanning (ms): Min: 0.0, Avg: 0.0, Max: 0.0, Diff: 0.0, Sum: 0.0]
      [Object Copy (ms): Min: 128.4, Avg: 128.5, Max: 128.7, Diff: 0.3, Sum: 1028.3]
      [Termination (ms): Min: 0.0, Avg: 0.2, Max: 0.3, Diff: 0.3, Sum: 1.5]
         [Termination Attempts: Min: 1, Avg: 1380.9, Max: 1887, Diff: 1886, Sum: 11047]
      [GC Worker Other (ms): Min: 0.0, Avg: 0.0, Max: 0.1, Diff: 0.1, Sum: 0.3]
      [GC Worker Total (ms): Min: 155.2, Avg: 155.3, Max: 155.4, Diff: 0.2, Sum: 1242.4]
      [GC Worker End (ms): Min: 171939.7, Avg: 171939.7, Max: 171939.7, Diff: 0.1]
   [Code Root Fixup: 0.0 ms]
   [Code Root Purge: 0.0 ms]
   [Clear CT: 0.2 ms]
   [Other: 1.0 ms]
      [Choose CSet: 0.0 ms]
      [Ref Proc: 0.2 ms]
      [Ref Enq: 0.0 ms]
      [Redirty Cards: 0.2 ms]
      [Humongous Register: 0.0 ms]
      [Humongous Reclaim: 0.0 ms]
      [Free CSet: 0.3 ms]
   [Eden: 270.0M(270.0M)->0.0B(278.0M) Survivors: 41.0M->39.0M Heap: 985.7M(2048.0M)->987.2M(2048.0M)]
 [Times: user=1.13 sys=0.00, real=0.16 secs] 
2020-09-29T12:30:00.626+0200: 171.953: [GC pause (G1 Humongous Allocation) (young) (initial-mark), 0.0513205 secs]
   [Parallel Time: 50.4 ms, GC Workers: 8]
      [GC Worker Start (ms): Min: 171953.6, Avg: 171953.8, Max: 171953.9, Diff: 0.3]
      [Ext Root Scanning (ms): Min: 0.0, Avg: 0.5, Max: 1.0, Diff: 1.0, Sum: 4.1]
      [Update RS (ms): Min: 23.7, Avg: 24.3, Max: 24.9, Diff: 1.3, Sum: 194.4]
         [Processed Buffers: Min: 29, Avg: 30.8, Max: 32, Diff: 3, Sum: 246]
      [Scan RS (ms): Min: 2.1, Avg: 3.0, Max: 7.1, Diff: 5.0, Sum: 23.7]
      [Code Root Scanning (ms): Min: 0.0, Avg: 0.0, Max: 0.0, Diff: 0.0, Sum: 0.0]
      [Object Copy (ms): Min: 18.2, Avg: 22.4, Max: 23.0, Diff: 4.8, Sum: 178.8]
      [Termination (ms): Min: 0.0, Avg: 0.1, Max: 0.1, Diff: 0.1, Sum: 0.5]
         [Termination Attempts: Min: 1, Avg: 141.3, Max: 202, Diff: 201, Sum: 1130]
      [GC Worker Other (ms): Min: 0.0, Avg: 0.0, Max: 0.0, Diff: 0.0, Sum: 0.1]
      [GC Worker Total (ms): Min: 50.0, Avg: 50.2, Max: 50.3, Diff: 0.3, Sum: 401.6]
      [GC Worker End (ms): Min: 172004.0, Avg: 172004.0, Max: 172004.0, Diff: 0.0]
   [Code Root Fixup: 0.0 ms]
   [Code Root Purge: 0.0 ms]
   [Clear CT: 0.2 ms]
   [Other: 0.8 ms]
      [Choose CSet: 0.0 ms]
      [Ref Proc: 0.2 ms]
      [Ref Enq: 0.0 ms]
      [Redirty Cards: 0.2 ms]
      [Humongous Register: 0.1 ms]
      [Humongous Reclaim: 0.0 ms]
      [Free CSet: 0.1 ms]
   [Eden: 4096.0K(278.0M)->0.0B(303.0M) Survivors: 39.0M->5120.0K Heap: 990.7M(2048.0M)->994.2M(2048.0M)]
 [Times: user=0.47 sys=0.00, real=0.05 secs] 
2020-09-29T12:30:00.678+0200: 172.005: [GC concurrent-root-region-scan-start]
2020-09-29T12:30:00.679+0200: 172.006: [GC concurrent-root-region-scan-end, 0.0008967 secs]
2020-09-29T12:30:00.679+0200: 172.006: [GC concurrent-mark-start]
2020-09-29T12:30:00.682+0200: 172.009: [GC concurrent-mark-end, 0.0032719 secs]
2020-09-29T12:30:00.682+0200: 172.009: [GC remark 2020-09-29T12:30:00.682+0200: 172.009: [Finalize Marking, 0.0004462 secs] 2020-09-29T12:30:00.683+0200: 172.010: [GC ref-proc, 0.0003372 secs] 2020-09-29T12:30:00.683+0200: 172.010: [Unloading, 0.0025157 secs], 0.0049727 secs]
 [Times: user=0.00 sys=0.00, real=0.01 secs] 
2020-09-29T12:30:00.688+0200: 172.015: [GC cleanup 1005M->25M(2048M), 0.0019793 secs]
 [Times: user=0.00 sys=0.00, real=0.00 secs] 
2020-09-29T12:30:00.690+0200: 172.017: [GC concurrent-cleanup-start]
2020-09-29T12:30:00.691+0200: 172.018: [GC concurrent-cleanup-end, 0.0010357 secs]
2020-09-29T12:30:00.846+0200: 172.173: [GC pause (G1 Evacuation Pause) (young), 0.1419327 secs]
   [Parallel Time: 140.8 ms, GC Workers: 8]
      [GC Worker Start (ms): Min: 172173.3, Avg: 172173.4, Max: 172173.5, Diff: 0.2]
      [Ext Root Scanning (ms): Min: 0.0, Avg: 0.1, Max: 0.2, Diff: 0.2, Sum: 0.5]
      [Update RS (ms): Min: 12.4, Avg: 12.5, Max: 12.7, Diff: 0.3, Sum: 100.2]
         [Processed Buffers: Min: 12, Avg: 14.4, Max: 19, Diff: 7, Sum: 115]
      [Scan RS (ms): Min: 15.6, Avg: 15.7, Max: 15.9, Diff: 0.3, Sum: 125.9]
      [Code Root Scanning (ms): Min: 0.0, Avg: 0.0, Max: 0.0, Diff: 0.0, Sum: 0.0]
      [Object Copy (ms): Min: 112.1, Avg: 112.2, Max: 112.2, Diff: 0.0, Sum: 897.4]
      [Termination (ms): Min: 0.0, Avg: 0.0, Max: 0.0, Diff: 0.0, Sum: 0.2]
         [Termination Attempts: Min: 1, Avg: 123.8, Max: 172, Diff: 171, Sum: 990]
      [GC Worker Other (ms): Min: 0.0, Avg: 0.0, Max: 0.1, Diff: 0.1, Sum: 0.3]
      [GC Worker Total (ms): Min: 140.5, Avg: 140.6, Max: 140.6, Diff: 0.2, Sum: 1124.4]
      [GC Worker End (ms): Min: 172313.9, Avg: 172313.9, Max: 172314.0, Diff: 0.1]
   [Code Root Fixup: 0.0 ms]
   [Code Root Purge: 0.0 ms]
   [Clear CT: 0.2 ms]
   [Other: 1.0 ms]
      [Choose CSet: 0.0 ms]
      [Ref Proc: 0.2 ms]
      [Ref Enq: 0.0 ms]
      [Redirty Cards: 0.3 ms]
      [Humongous Register: 0.0 ms]
      [Humongous Reclaim: 0.0 ms]
      [Free CSet: 0.2 ms]
   [Eden: 303.0M(303.0M)->0.0B(290.0M) Survivors: 5120.0K->39.0M Heap: 369.5M(2048.0M)->366.5M(2048.0M)]
 [Times: user=1.13 sys=0.00, real=0.14 secs] 
2020-09-29T12:30:01.146+0200: 172.473: [GC pause (G1 Evacuation Pause) (young), 0.1710382 secs]
   [Parallel Time: 169.9 ms, GC Workers: 8]
      [GC Worker Start (ms): Min: 172473.2, Avg: 172473.4, Max: 172473.4, Diff: 0.2]
      [Ext Root Scanning (ms): Min: 0.0, Avg: 0.1, Max: 0.2, Diff: 0.2, Sum: 0.5]
      [Update RS (ms): Min: 17.8, Avg: 18.0, Max: 18.6, Diff: 0.8, Sum: 144.3]
         [Processed Buffers: Min: 16, Avg: 18.6, Max: 20, Diff: 4, Sum: 149]
      [Scan RS (ms): Min: 15.9, Avg: 16.5, Max: 16.8, Diff: 0.9, Sum: 131.8]
      [Code Root Scanning (ms): Min: 0.0, Avg: 0.0, Max: 0.0, Diff: 0.0, Sum: 0.0]
      [Object Copy (ms): Min: 134.7, Avg: 134.9, Max: 135.1, Diff: 0.4, Sum: 1079.3]
      [Termination (ms): Min: 0.0, Avg: 0.1, Max: 0.1, Diff: 0.1, Sum: 0.6]
         [Termination Attempts: Min: 1, Avg: 551.6, Max: 760, Diff: 759, Sum: 4413]
      [GC Worker Other (ms): Min: 0.0, Avg: 0.0, Max: 0.1, Diff: 0.1, Sum: 0.4]
      [GC Worker Total (ms): Min: 169.5, Avg: 169.6, Max: 169.7, Diff: 0.2, Sum: 1356.8]
      [GC Worker End (ms): Min: 172642.9, Avg: 172643.0, Max: 172643.0, Diff: 0.1]
   [Code Root Fixup: 0.0 ms]
   [Code Root Purge: 0.0 ms]
   [Clear CT: 0.3 ms]
   [Other: 0.9 ms]
      [Choose CSet: 0.0 ms]
      [Ref Proc: 0.2 ms]
      [Ref Enq: 0.0 ms]
      [Redirty Cards: 0.3 ms]
      [Humongous Register: 0.0 ms]
      [Humongous Reclaim: 0.0 ms]
      [Free CSet: 0.2 ms]
   [Eden: 290.0M(290.0M)->0.0B(285.0M) Survivors: 39.0M->42.0M Heap: 704.2M(2048.0M)->705.7M(2048.0M)]
 [Times: user=1.25 sys=0.00, real=0.17 secs] 
2020-09-29T12:30:01.469+0200: 172.796: [GC pause (G1 Evacuation Pause) (young), 0.1638176 secs]
   [Parallel Time: 162.6 ms, GC Workers: 8]
      [GC Worker Start (ms): Min: 172795.8, Avg: 172796.0, Max: 172796.0, Diff: 0.2]
      [Ext Root Scanning (ms): Min: 0.0, Avg: 0.1, Max: 0.2, Diff: 0.2, Sum: 0.5]
      [Update RS (ms): Min: 14.0, Avg: 14.2, Max: 14.8, Diff: 0.8, Sum: 113.4]
         [Processed Buffers: Min: 14, Avg: 16.1, Max: 19, Diff: 5, Sum: 129]
      [Scan RS (ms): Min: 16.1, Avg: 16.8, Max: 16.9, Diff: 0.8, Sum: 134.0]
      [Code Root Scanning (ms): Min: 0.0, Avg: 0.0, Max: 0.0, Diff: 0.0, Sum: 0.0]
      [Object Copy (ms): Min: 131.2, Avg: 131.3, Max: 131.3, Diff: 0.1, Sum: 1050.4]
      [Termination (ms): Min: 0.0, Avg: 0.0, Max: 0.0, Diff: 0.0, Sum: 0.1]
         [Termination Attempts: Min: 1, Avg: 54.0, Max: 66, Diff: 65, Sum: 432]
      [GC Worker Other (ms): Min: 0.0, Avg: 0.1, Max: 0.1, Diff: 0.1, Sum: 0.4]
      [GC Worker Total (ms): Min: 162.3, Avg: 162.3, Max: 162.5, Diff: 0.2, Sum: 1298.7]
      [GC Worker End (ms): Min: 172958.3, Avg: 172958.3, Max: 172958.3, Diff: 0.1]
   [Code Root Fixup: 0.0 ms]
   [Code Root Purge: 0.0 ms]
   [Clear CT: 0.2 ms]
   [Other: 1.0 ms]
      [Choose CSet: 0.0 ms]
      [Ref Proc: 0.3 ms]
      [Ref Enq: 0.0 ms]
      [Redirty Cards: 0.3 ms]
      [Humongous Register: 0.0 ms]
      [Humongous Reclaim: 0.0 ms]
      [Free CSet: 0.2 ms]
   [Eden: 285.0M(285.0M)->0.0B(291.0M) Survivors: 42.0M->41.0M Heap: 1038.4M(2048.0M)->1039.9M(2048.0M)]
 [Times: user=1.38 sys=0.00, real=0.16 secs] 
2020-09-29T12:30:01.646+0200: 172.973: [GC pause (G1 Humongous Allocation) (young) (initial-mark), 0.0649833 secs]
   [Parallel Time: 64.1 ms, GC Workers: 8]
      [GC Worker Start (ms): Min: 172973.0, Avg: 172973.4, Max: 172973.7, Diff: 0.7]
      [Ext Root Scanning (ms): Min: 0.0, Avg: 3.9, Max: 18.5, Diff: 18.5, Sum: 31.4]
      [Update RS (ms): Min: 14.2, Avg: 28.8, Max: 32.5, Diff: 18.3, Sum: 230.2]
         [Processed Buffers: Min: 18, Avg: 35.0, Max: 41, Diff: 23, Sum: 280]
      [Scan RS (ms): Min: 2.2, Avg: 2.5, Max: 2.7, Diff: 0.5, Sum: 19.9]
      [Code Root Scanning (ms): Min: 0.0, Avg: 0.0, Max: 0.0, Diff: 0.0, Sum: 0.0]
      [Object Copy (ms): Min: 28.2, Avg: 28.3, Max: 28.5, Diff: 0.3, Sum: 226.2]
      [Termination (ms): Min: 0.0, Avg: 0.2, Max: 0.3, Diff: 0.3, Sum: 1.8]
         [Termination Attempts: Min: 1, Avg: 1631.4, Max: 2229, Diff: 2228, Sum: 13051]
      [GC Worker Other (ms): Min: 0.0, Avg: 0.0, Max: 0.0, Diff: 0.0, Sum: 0.1]
      [GC Worker Total (ms): Min: 63.3, Avg: 63.7, Max: 64.1, Diff: 0.7, Sum: 509.6]
      [GC Worker End (ms): Min: 173037.1, Avg: 173037.1, Max: 173037.1, Diff: 0.0]
   [Code Root Fixup: 0.0 ms]
   [Code Root Purge: 0.0 ms]
   [Clear CT: 0.1 ms]
   [Other: 0.7 ms]
      [Choose CSet: 0.0 ms]
      [Ref Proc: 0.2 ms]
      [Ref Enq: 0.0 ms]
      [Redirty Cards: 0.1 ms]
      [Humongous Register: 0.1 ms]
      [Humongous Reclaim: 0.0 ms]
      [Free CSet: 0.1 ms]
   [Eden: 4096.0K(291.0M)->0.0B(282.0M) Survivors: 41.0M->6144.0K Heap: 1043.4M(2048.0M)->1047.4M(2048.0M)]
 [Times: user=0.44 sys=0.00, real=0.07 secs] 
2020-09-29T12:30:01.711+0200: 173.038: [GC concurrent-root-region-scan-start]
2020-09-29T12:30:01.712+0200: 173.039: [GC concurrent-root-region-scan-end, 0.0016287 secs]
2020-09-29T12:30:01.712+0200: 173.039: [GC concurrent-mark-start]
2020-09-29T12:30:01.715+0200: 173.042: [GC concurrent-mark-end, 0.0029369 secs]
2020-09-29T12:30:01.716+0200: 173.043: [GC remark 2020-09-29T12:30:01.716+0200: 173.043: [Finalize Marking, 0.0008185 secs] 2020-09-29T12:30:01.717+0200: 173.043: [GC ref-proc, 0.0003267 secs] 2020-09-29T12:30:01.717+0200: 173.044: [Unloading, 0.0004774 secs], 0.0035003 secs]
 [Times: user=0.00 sys=0.00, real=0.00 secs] 
2020-09-29T12:30:01.720+0200: 173.047: [GC cleanup 1059M->27M(2048M), 0.0028751 secs]
 [Times: user=0.03 sys=0.00, real=0.00 secs] 
2020-09-29T12:30:01.723+0200: 173.050: [GC concurrent-cleanup-start]
2020-09-29T12:30:01.724+0200: 173.051: [GC concurrent-cleanup-end, 0.0011958 secs]
2020-09-29T12:30:01.867+0200: 173.194: [GC pause (G1 Evacuation Pause) (young), 0.1328622 secs]
   [Parallel Time: 131.9 ms, GC Workers: 8]
      [GC Worker Start (ms): Min: 173194.1, Avg: 173194.2, Max: 173194.3, Diff: 0.2]
      [Ext Root Scanning (ms): Min: 0.0, Avg: 0.1, Max: 0.2, Diff: 0.2, Sum: 0.5]
      [Update RS (ms): Min: 13.3, Avg: 13.7, Max: 13.9, Diff: 0.5, Sum: 109.4]
         [Processed Buffers: Min: 14, Avg: 15.9, Max: 18, Diff: 4, Sum: 127]
      [Scan RS (ms): Min: 12.0, Avg: 12.2, Max: 12.6, Diff: 0.6, Sum: 97.5]
      [Code Root Scanning (ms): Min: 0.0, Avg: 0.0, Max: 0.0, Diff: 0.0, Sum: 0.0]
      [Object Copy (ms): Min: 105.6, Avg: 105.7, Max: 105.7, Diff: 0.1, Sum: 845.5]
      [Termination (ms): Min: 0.0, Avg: 0.0, Max: 0.0, Diff: 0.0, Sum: 0.0]
         [Termination Attempts: Min: 1, Avg: 2.6, Max: 4, Diff: 3, Sum: 21]
      [GC Worker Other (ms): Min: 0.0, Avg: 0.0, Max: 0.1, Diff: 0.1, Sum: 0.3]
      [GC Worker Total (ms): Min: 131.6, Avg: 131.7, Max: 131.8, Diff: 0.2, Sum: 1053.3]
      [GC Worker End (ms): Min: 173325.9, Avg: 173325.9, Max: 173325.9, Diff: 0.1]
   [Code Root Fixup: 0.0 ms]
   [Code Root Purge: 0.0 ms]
   [Clear CT: 0.2 ms]
   [Other: 0.8 ms]
      [Choose CSet: 0.0 ms]
      [Ref Proc: 0.1 ms]
      [Ref Enq: 0.0 ms]
      [Redirty Cards: 0.2 ms]
      [Humongous Register: 0.0 ms]
      [Humongous Reclaim: 0.0 ms]
      [Free CSet: 0.2 ms]
   [Eden: 282.0M(282.0M)->0.0B(282.0M) Survivors: 6144.0K->36.0M Heap: 345.2M(2048.0M)->342.2M(2048.0M)]
 [Times: user=1.00 sys=0.00, real=0.13 secs] 
2020-09-29T12:30:02.147+0200: 173.474: [GC pause (G1 Evacuation Pause) (young), 0.1536892 secs]
   [Parallel Time: 152.5 ms, GC Workers: 8]
      [GC Worker Start (ms): Min: 173473.9, Avg: 173474.0, Max: 173474.1, Diff: 0.2]
      [Ext Root Scanning (ms): Min: 0.0, Avg: 0.1, Max: 0.2, Diff: 0.2, Sum: 0.5]
      [Update RS (ms): Min: 15.0, Avg: 15.1, Max: 15.3, Diff: 0.3, Sum: 121.0]
         [Processed Buffers: Min: 17, Avg: 19.0, Max: 21, Diff: 4, Sum: 152]
      [Scan RS (ms): Min: 13.6, Avg: 13.8, Max: 14.0, Diff: 0.4, Sum: 110.7]
      [Code Root Scanning (ms): Min: 0.0, Avg: 0.0, Max: 0.0, Diff: 0.0, Sum: 0.0]
      [Object Copy (ms): Min: 123.1, Avg: 123.3, Max: 123.4, Diff: 0.2, Sum: 986.0]
      [Termination (ms): Min: 0.0, Avg: 0.0, Max: 0.1, Diff: 0.1, Sum: 0.3]
         [Termination Attempts: Min: 1, Avg: 310.3, Max: 414, Diff: 413, Sum: 2482]
      [GC Worker Other (ms): Min: 0.0, Avg: 0.0, Max: 0.1, Diff: 0.1, Sum: 0.3]
      [GC Worker Total (ms): Min: 152.3, Avg: 152.4, Max: 152.4, Diff: 0.2, Sum: 1218.8]
      [GC Worker End (ms): Min: 173626.4, Avg: 173626.4, Max: 173626.4, Diff: 0.1]
   [Code Root Fixup: 0.0 ms]
   [Code Root Purge: 0.0 ms]
   [Clear CT: 0.2 ms]
   [Other: 0.9 ms]
      [Choose CSet: 0.0 ms]
      [Ref Proc: 0.2 ms]
      [Ref Enq: 0.0 ms]
      [Redirty Cards: 0.3 ms]
      [Humongous Register: 0.0 ms]
      [Humongous Reclaim: 0.0 ms]
      [Free CSet: 0.2 ms]
   [Eden: 282.0M(282.0M)->0.0B(290.0M) Survivors: 36.0M->40.0M Heap: 671.9M(2048.0M)->673.9M(2048.0M)]
 [Times: user=1.11 sys=0.03, real=0.15 secs] 
Heap
 garbage-first heap   total 2097152K, used 835524K [0x0000000080000000, 0x0000000080104000, 0x0000000100000000)
  region size 1024K, 164 young (167936K), 40 survivors (40960K)
 Metaspace       used 2594K, capacity 4486K, committed 4864K, reserved 1056768K
  class space    used 285K, capacity 386K, committed 512K, reserved 1048576K
