Java HotSpot(TM) 64-Bit Server VM (25.261-b12) for windows-amd64 JRE (1.8.0_261-b12), built on Jun 18 2020 06:56:32 by "" with unknown MS VC++:1916
Memory: 4k page, physical 16659684k(9324776k free), swap 23213284k(9208040k free)
CommandLine flags: -XX:InitialHeapSize=2147483648 -XX:MaxHeapSize=2147483648 -XX:+PrintGC -XX:+PrintGCDateStamps -XX:+PrintGCDetails -XX:+PrintGCTimeStamps -XX:+UseCompressedClassPointers -XX:+UseCompressedOops -XX:+UseG1GC -XX:-UseLargePagesIndividualAllocation 
2020-09-29T11:56:13.971+0200: 0.272: [GC pause (G1 Evacuation Pause) (young), 0.0693238 secs]
   [Parallel Time: 67.1 ms, GC Workers: 8]
      [GC Worker Start (ms): Min: 271.8, Avg: 271.9, Max: 272.0, Diff: 0.2]
      [Ext Root Scanning (ms): Min: 0.0, Avg: 0.1, Max: 0.2, Diff: 0.2, Sum: 0.9]
      [Update RS (ms): Min: 1.0, Avg: 1.3, Max: 2.0, Diff: 1.0, Sum: 10.6]
         [Processed Buffers: Min: 1, Avg: 1.8, Max: 2, Diff: 1, Sum: 14]
      [Scan RS (ms): Min: 9.0, Avg: 9.6, Max: 9.9, Diff: 0.9, Sum: 76.8]
      [Code Root Scanning (ms): Min: 0.0, Avg: 0.0, Max: 0.0, Diff: 0.0, Sum: 0.0]
      [Object Copy (ms): Min: 55.4, Avg: 55.5, Max: 55.6, Diff: 0.3, Sum: 444.3]
      [Termination (ms): Min: 0.0, Avg: 0.0, Max: 0.0, Diff: 0.0, Sum: 0.2]
         [Termination Attempts: Min: 1, Avg: 158.0, Max: 203, Diff: 202, Sum: 1264]
      [GC Worker Other (ms): Min: 0.0, Avg: 0.0, Max: 0.1, Diff: 0.0, Sum: 0.4]
      [GC Worker Total (ms): Min: 66.6, Avg: 66.7, Max: 66.8, Diff: 0.2, Sum: 533.2]
      [GC Worker End (ms): Min: 338.6, Avg: 338.6, Max: 338.6, Diff: 0.0]
   [Code Root Fixup: 0.0 ms]
   [Code Root Purge: 0.0 ms]
   [Clear CT: 0.7 ms]
   [Other: 1.5 ms]
      [Choose CSet: 0.0 ms]
      [Ref Proc: 0.5 ms]
      [Ref Enq: 0.0 ms]
      [Redirty Cards: 0.7 ms]
      [Humongous Register: 0.0 ms]
      [Humongous Reclaim: 0.0 ms]
      [Free CSet: 0.1 ms]
   [Eden: 102.0M(102.0M)->0.0B(89.0M) Survivors: 0.0B->13.0M Heap: 119.2M(2048.0M)->118.9M(2048.0M)]
 [Times: user=0.58 sys=0.05, real=0.07 secs] 
2020-09-29T11:56:14.102+0200: 0.402: [GC pause (G1 Evacuation Pause) (young), 0.0614289 secs]
   [Parallel Time: 59.8 ms, GC Workers: 8]
      [GC Worker Start (ms): Min: 402.4, Avg: 402.6, Max: 402.7, Diff: 0.2]
      [Ext Root Scanning (ms): Min: 0.0, Avg: 0.1, Max: 0.2, Diff: 0.2, Sum: 0.7]
      [Update RS (ms): Min: 0.1, Avg: 0.6, Max: 0.9, Diff: 0.8, Sum: 4.6]
         [Processed Buffers: Min: 1, Avg: 1.5, Max: 2, Diff: 1, Sum: 12]
      [Scan RS (ms): Min: 8.2, Avg: 8.6, Max: 9.0, Diff: 0.9, Sum: 68.9]
      [Code Root Scanning (ms): Min: 0.0, Avg: 0.0, Max: 0.0, Diff: 0.0, Sum: 0.0]
      [Object Copy (ms): Min: 50.0, Avg: 50.2, Max: 50.3, Diff: 0.3, Sum: 401.4]
      [Termination (ms): Min: 0.0, Avg: 0.0, Max: 0.0, Diff: 0.0, Sum: 0.0]
         [Termination Attempts: Min: 1, Avg: 35.0, Max: 48, Diff: 47, Sum: 280]
      [GC Worker Other (ms): Min: 0.0, Avg: 0.0, Max: 0.0, Diff: 0.0, Sum: 0.2]
      [GC Worker Total (ms): Min: 59.4, Avg: 59.5, Max: 59.6, Diff: 0.2, Sum: 475.8]
      [GC Worker End (ms): Min: 462.0, Avg: 462.1, Max: 462.1, Diff: 0.0]
   [Code Root Fixup: 0.0 ms]
   [Code Root Purge: 0.0 ms]
   [Clear CT: 0.7 ms]
   [Other: 1.0 ms]
      [Choose CSet: 0.0 ms]
      [Ref Proc: 0.3 ms]
      [Ref Enq: 0.0 ms]
      [Redirty Cards: 0.4 ms]
      [Humongous Register: 0.0 ms]
      [Humongous Reclaim: 0.0 ms]
      [Free CSet: 0.1 ms]
   [Eden: 89.0M(89.0M)->0.0B(89.0M) Survivors: 13.0M->13.0M Heap: 223.2M(2048.0M)->225.9M(2048.0M)]
 [Times: user=0.47 sys=0.03, real=0.06 secs] 
2020-09-29T11:56:14.227+0200: 0.528: [GC pause (G1 Evacuation Pause) (young), 0.0635026 secs]
   [Parallel Time: 62.5 ms, GC Workers: 8]
      [GC Worker Start (ms): Min: 527.9, Avg: 528.1, Max: 528.1, Diff: 0.2]
      [Ext Root Scanning (ms): Min: 0.0, Avg: 0.1, Max: 0.2, Diff: 0.2, Sum: 0.4]
      [Update RS (ms): Min: 0.1, Avg: 0.3, Max: 0.6, Diff: 0.5, Sum: 2.3]
         [Processed Buffers: Min: 1, Avg: 1.6, Max: 2, Diff: 1, Sum: 13]
      [Scan RS (ms): Min: 8.3, Avg: 8.6, Max: 8.8, Diff: 0.6, Sum: 69.0]
      [Code Root Scanning (ms): Min: 0.0, Avg: 0.0, Max: 0.0, Diff: 0.0, Sum: 0.0]
      [Object Copy (ms): Min: 53.1, Avg: 53.2, Max: 53.3, Diff: 0.1, Sum: 425.8]
      [Termination (ms): Min: 0.0, Avg: 0.0, Max: 0.0, Diff: 0.0, Sum: 0.1]
         [Termination Attempts: Min: 1, Avg: 63.1, Max: 79, Diff: 78, Sum: 505]
      [GC Worker Other (ms): Min: 0.0, Avg: 0.0, Max: 0.0, Diff: 0.0, Sum: 0.1]
      [GC Worker Total (ms): Min: 62.1, Avg: 62.2, Max: 62.3, Diff: 0.2, Sum: 497.7]
      [GC Worker End (ms): Min: 590.3, Avg: 590.3, Max: 590.3, Diff: 0.0]
   [Code Root Fixup: 0.0 ms]
   [Code Root Purge: 0.0 ms]
   [Clear CT: 0.2 ms]
   [Other: 0.8 ms]
      [Choose CSet: 0.0 ms]
      [Ref Proc: 0.2 ms]
      [Ref Enq: 0.0 ms]
      [Redirty Cards: 0.3 ms]
      [Humongous Register: 0.0 ms]
      [Humongous Reclaim: 0.0 ms]
      [Free CSet: 0.1 ms]
   [Eden: 89.0M(89.0M)->0.0B(89.0M) Survivors: 13.0M->13.0M Heap: 330.2M(2048.0M)->332.2M(2048.0M)]
 [Times: user=0.44 sys=0.05, real=0.06 secs] 
2020-09-29T11:56:14.359+0200: 0.660: [GC pause (G1 Evacuation Pause) (young), 0.0700559 secs]
   [Parallel Time: 69.2 ms, GC Workers: 8]
      [GC Worker Start (ms): Min: 659.9, Avg: 660.0, Max: 660.0, Diff: 0.1]
      [Ext Root Scanning (ms): Min: 0.0, Avg: 0.1, Max: 0.1, Diff: 0.1, Sum: 0.6]
      [Update RS (ms): Min: 1.0, Avg: 1.7, Max: 5.6, Diff: 4.6, Sum: 13.8]
         [Processed Buffers: Min: 0, Avg: 2.8, Max: 5, Diff: 5, Sum: 22]
      [Scan RS (ms): Min: 5.9, Avg: 9.8, Max: 10.6, Diff: 4.7, Sum: 78.5]
      [Code Root Scanning (ms): Min: 0.0, Avg: 0.0, Max: 0.0, Diff: 0.0, Sum: 0.0]
      [Object Copy (ms): Min: 57.2, Avg: 57.3, Max: 57.4, Diff: 0.2, Sum: 458.2]
      [Termination (ms): Min: 0.0, Avg: 0.1, Max: 0.3, Diff: 0.3, Sum: 1.1]
         [Termination Attempts: Min: 1, Avg: 801.3, Max: 1117, Diff: 1116, Sum: 6410]
      [GC Worker Other (ms): Min: 0.0, Avg: 0.0, Max: 0.0, Diff: 0.0, Sum: 0.2]
      [GC Worker Total (ms): Min: 69.0, Avg: 69.0, Max: 69.1, Diff: 0.2, Sum: 552.3]
      [GC Worker End (ms): Min: 729.0, Avg: 729.0, Max: 729.0, Diff: 0.0]
   [Code Root Fixup: 0.0 ms]
   [Code Root Purge: 0.0 ms]
   [Clear CT: 0.2 ms]
   [Other: 0.7 ms]
      [Choose CSet: 0.0 ms]
      [Ref Proc: 0.2 ms]
      [Ref Enq: 0.0 ms]
      [Redirty Cards: 0.2 ms]
      [Humongous Register: 0.1 ms]
      [Humongous Reclaim: 0.0 ms]
      [Free CSet: 0.1 ms]
   [Eden: 89.0M(89.0M)->0.0B(89.0M) Survivors: 13.0M->13.0M Heap: 436.4M(2048.0M)->438.4M(2048.0M)]
 [Times: user=0.56 sys=0.03, real=0.07 secs] 
2020-09-29T11:56:14.502+0200: 0.802: [GC pause (G1 Evacuation Pause) (young), 0.0962487 secs]
   [Parallel Time: 95.3 ms, GC Workers: 8]
      [GC Worker Start (ms): Min: 802.6, Avg: 803.2, Max: 807.3, Diff: 4.7]
      [Ext Root Scanning (ms): Min: 0.0, Avg: 0.1, Max: 0.4, Diff: 0.4, Sum: 1.2]
      [Update RS (ms): Min: 0.0, Avg: 2.2, Max: 2.7, Diff: 2.7, Sum: 18.0]
         [Processed Buffers: Min: 0, Avg: 1.8, Max: 3, Diff: 3, Sum: 14]
      [Scan RS (ms): Min: 13.8, Avg: 16.4, Max: 22.8, Diff: 9.0, Sum: 131.4]
      [Code Root Scanning (ms): Min: 0.0, Avg: 0.0, Max: 0.0, Diff: 0.0, Sum: 0.0]
      [Object Copy (ms): Min: 69.2, Avg: 75.4, Max: 76.6, Diff: 7.4, Sum: 602.9]
      [Termination (ms): Min: 0.0, Avg: 0.3, Max: 0.4, Diff: 0.4, Sum: 2.3]
         [Termination Attempts: Min: 1, Avg: 1873.8, Max: 2356, Diff: 2355, Sum: 14990]
      [GC Worker Other (ms): Min: 0.0, Avg: 0.0, Max: 0.1, Diff: 0.0, Sum: 0.2]
      [GC Worker Total (ms): Min: 90.4, Avg: 94.5, Max: 95.1, Diff: 4.7, Sum: 756.0]
      [GC Worker End (ms): Min: 897.7, Avg: 897.7, Max: 897.8, Diff: 0.0]
   [Code Root Fixup: 0.0 ms]
   [Code Root Purge: 0.0 ms]
   [Clear CT: 0.2 ms]
   [Other: 0.8 ms]
      [Choose CSet: 0.0 ms]
      [Ref Proc: 0.2 ms]
      [Ref Enq: 0.0 ms]
      [Redirty Cards: 0.2 ms]
      [Humongous Register: 0.1 ms]
      [Humongous Reclaim: 0.0 ms]
      [Free CSet: 0.1 ms]
   [Eden: 89.0M(89.0M)->0.0B(89.0M) Survivors: 13.0M->13.0M Heap: 540.8M(2048.0M)->542.8M(2048.0M)]
 [Times: user=0.67 sys=0.03, real=0.10 secs] 
2020-09-29T11:56:14.652+0200: 0.953: [GC pause (G1 Evacuation Pause) (young), 0.0593972 secs]
   [Parallel Time: 58.7 ms, GC Workers: 8]
      [GC Worker Start (ms): Min: 953.1, Avg: 953.2, Max: 953.2, Diff: 0.2]
      [Ext Root Scanning (ms): Min: 0.0, Avg: 0.1, Max: 0.1, Diff: 0.1, Sum: 0.5]
      [Update RS (ms): Min: 0.9, Avg: 1.0, Max: 1.7, Diff: 0.8, Sum: 8.3]
         [Processed Buffers: Min: 1, Avg: 1.9, Max: 2, Diff: 1, Sum: 15]
      [Scan RS (ms): Min: 7.9, Avg: 8.6, Max: 8.8, Diff: 0.9, Sum: 68.7]
      [Code Root Scanning (ms): Min: 0.0, Avg: 0.0, Max: 0.0, Diff: 0.0, Sum: 0.0]
      [Object Copy (ms): Min: 48.8, Avg: 48.8, Max: 48.8, Diff: 0.1, Sum: 390.3]
      [Termination (ms): Min: 0.0, Avg: 0.0, Max: 0.0, Diff: 0.0, Sum: 0.1]
         [Termination Attempts: Min: 1, Avg: 38.9, Max: 53, Diff: 52, Sum: 311]
      [GC Worker Other (ms): Min: 0.0, Avg: 0.0, Max: 0.0, Diff: 0.0, Sum: 0.1]
      [GC Worker Total (ms): Min: 58.4, Avg: 58.5, Max: 58.6, Diff: 0.2, Sum: 468.1]
      [GC Worker End (ms): Min: 1011.7, Avg: 1011.7, Max: 1011.7, Diff: 0.0]
   [Code Root Fixup: 0.0 ms]
   [Code Root Purge: 0.0 ms]
   [Clear CT: 0.2 ms]
   [Other: 0.5 ms]
      [Choose CSet: 0.0 ms]
      [Ref Proc: 0.1 ms]
      [Ref Enq: 0.0 ms]
      [Redirty Cards: 0.1 ms]
      [Humongous Register: 0.0 ms]
      [Humongous Reclaim: 0.0 ms]
      [Free CSet: 0.1 ms]
   [Eden: 89.0M(89.0M)->0.0B(89.0M) Survivors: 13.0M->13.0M Heap: 647.1M(2048.0M)->649.1M(2048.0M)]
 [Times: user=0.36 sys=0.13, real=0.06 secs] 
2020-09-29T11:56:14.761+0200: 1.062: [GC pause (G1 Evacuation Pause) (young), 0.0589906 secs]
   [Parallel Time: 58.2 ms, GC Workers: 8]
      [GC Worker Start (ms): Min: 1062.3, Avg: 1062.4, Max: 1062.4, Diff: 0.2]
      [Ext Root Scanning (ms): Min: 0.0, Avg: 0.1, Max: 0.2, Diff: 0.2, Sum: 0.6]
      [Update RS (ms): Min: 0.7, Avg: 0.8, Max: 0.8, Diff: 0.1, Sum: 6.2]
         [Processed Buffers: Min: 1, Avg: 2.0, Max: 7, Diff: 6, Sum: 16]
      [Scan RS (ms): Min: 8.1, Avg: 8.2, Max: 8.3, Diff: 0.2, Sum: 65.3]
      [Code Root Scanning (ms): Min: 0.0, Avg: 0.0, Max: 0.0, Diff: 0.0, Sum: 0.0]
      [Object Copy (ms): Min: 48.8, Avg: 48.9, Max: 49.0, Diff: 0.1, Sum: 391.3]
      [Termination (ms): Min: 0.0, Avg: 0.0, Max: 0.0, Diff: 0.0, Sum: 0.0]
         [Termination Attempts: Min: 1, Avg: 5.4, Max: 9, Diff: 8, Sum: 43]
      [GC Worker Other (ms): Min: 0.0, Avg: 0.0, Max: 0.0, Diff: 0.0, Sum: 0.2]
      [GC Worker Total (ms): Min: 57.9, Avg: 58.0, Max: 58.0, Diff: 0.1, Sum: 463.7]
      [GC Worker End (ms): Min: 1120.3, Avg: 1120.3, Max: 1120.4, Diff: 0.0]
   [Code Root Fixup: 0.0 ms]
   [Code Root Purge: 0.0 ms]
   [Clear CT: 0.2 ms]
   [Other: 0.6 ms]
      [Choose CSet: 0.0 ms]
      [Ref Proc: 0.2 ms]
      [Ref Enq: 0.0 ms]
      [Redirty Cards: 0.2 ms]
      [Humongous Register: 0.0 ms]
      [Humongous Reclaim: 0.0 ms]
      [Free CSet: 0.1 ms]
   [Eden: 89.0M(89.0M)->0.0B(89.0M) Survivors: 13.0M->13.0M Heap: 753.3M(2048.0M)->755.3M(2048.0M)]
 [Times: user=0.44 sys=0.06, real=0.06 secs] 
2020-09-29T11:56:14.884+0200: 1.185: [GC pause (G1 Evacuation Pause) (young), 0.0755927 secs]
   [Parallel Time: 74.7 ms, GC Workers: 8]
      [GC Worker Start (ms): Min: 1184.6, Avg: 1184.7, Max: 1184.8, Diff: 0.1]
      [Ext Root Scanning (ms): Min: 0.0, Avg: 0.1, Max: 0.1, Diff: 0.1, Sum: 0.6]
      [Update RS (ms): Min: 1.1, Avg: 1.2, Max: 1.4, Diff: 0.4, Sum: 9.3]
         [Processed Buffers: Min: 2, Avg: 2.8, Max: 4, Diff: 2, Sum: 22]
      [Scan RS (ms): Min: 8.3, Avg: 8.6, Max: 8.6, Diff: 0.4, Sum: 68.5]
      [Code Root Scanning (ms): Min: 0.0, Avg: 0.0, Max: 0.0, Diff: 0.0, Sum: 0.0]
      [Object Copy (ms): Min: 64.3, Avg: 64.4, Max: 64.7, Diff: 0.5, Sum: 515.5]
      [Termination (ms): Min: 0.0, Avg: 0.2, Max: 0.3, Diff: 0.3, Sum: 2.0]
         [Termination Attempts: Min: 1, Avg: 1664.8, Max: 2008, Diff: 2007, Sum: 13318]
      [GC Worker Other (ms): Min: 0.0, Avg: 0.0, Max: 0.0, Diff: 0.0, Sum: 0.2]
      [GC Worker Total (ms): Min: 74.4, Avg: 74.5, Max: 74.6, Diff: 0.1, Sum: 596.1]
      [GC Worker End (ms): Min: 1259.2, Avg: 1259.2, Max: 1259.2, Diff: 0.0]
   [Code Root Fixup: 0.0 ms]
   [Code Root Purge: 0.0 ms]
   [Clear CT: 0.2 ms]
   [Other: 0.7 ms]
      [Choose CSet: 0.0 ms]
      [Ref Proc: 0.2 ms]
      [Ref Enq: 0.0 ms]
      [Redirty Cards: 0.2 ms]
      [Humongous Register: 0.0 ms]
      [Humongous Reclaim: 0.0 ms]
      [Free CSet: 0.1 ms]
   [Eden: 89.0M(89.0M)->0.0B(89.0M) Survivors: 13.0M->13.0M Heap: 859.6M(2048.0M)->861.6M(2048.0M)]
 [Times: user=0.59 sys=0.03, real=0.08 secs] 
2020-09-29T11:56:15.022+0200: 1.323: [GC pause (G1 Evacuation Pause) (young), 0.0589438 secs]
   [Parallel Time: 58.2 ms, GC Workers: 8]
      [GC Worker Start (ms): Min: 1323.0, Avg: 1323.1, Max: 1323.1, Diff: 0.2]
      [Ext Root Scanning (ms): Min: 0.0, Avg: 0.1, Max: 0.1, Diff: 0.1, Sum: 0.4]
      [Update RS (ms): Min: 2.0, Avg: 2.1, Max: 2.5, Diff: 0.5, Sum: 16.5]
         [Processed Buffers: Min: 4, Avg: 4.0, Max: 4, Diff: 0, Sum: 32]
      [Scan RS (ms): Min: 7.5, Avg: 7.9, Max: 8.1, Diff: 0.6, Sum: 63.0]
      [Code Root Scanning (ms): Min: 0.0, Avg: 0.0, Max: 0.0, Diff: 0.0, Sum: 0.0]
      [Object Copy (ms): Min: 47.9, Avg: 47.9, Max: 48.0, Diff: 0.1, Sum: 383.6]
      [Termination (ms): Min: 0.0, Avg: 0.0, Max: 0.0, Diff: 0.0, Sum: 0.2]
         [Termination Attempts: Min: 1, Avg: 207.3, Max: 292, Diff: 291, Sum: 1658]
      [GC Worker Other (ms): Min: 0.0, Avg: 0.0, Max: 0.0, Diff: 0.0, Sum: 0.2]
      [GC Worker Total (ms): Min: 57.9, Avg: 58.0, Max: 58.1, Diff: 0.2, Sum: 463.9]
      [GC Worker End (ms): Min: 1381.0, Avg: 1381.0, Max: 1381.1, Diff: 0.0]
   [Code Root Fixup: 0.0 ms]
   [Code Root Purge: 0.0 ms]
   [Clear CT: 0.1 ms]
   [Other: 0.6 ms]
      [Choose CSet: 0.0 ms]
      [Ref Proc: 0.2 ms]
      [Ref Enq: 0.0 ms]
      [Redirty Cards: 0.1 ms]
      [Humongous Register: 0.0 ms]
      [Humongous Reclaim: 0.0 ms]
      [Free CSet: 0.1 ms]
   [Eden: 89.0M(89.0M)->0.0B(89.0M) Survivors: 13.0M->13.0M Heap: 965.8M(2048.0M)->967.3M(2048.0M)]
 [Times: user=0.38 sys=0.00, real=0.06 secs] 
2020-09-29T11:56:15.088+0200: 1.389: [GC pause (G1 Humongous Allocation) (young) (initial-mark), 0.0191214 secs]
   [Parallel Time: 18.4 ms, GC Workers: 8]
      [GC Worker Start (ms): Min: 1389.1, Avg: 1389.1, Max: 1389.2, Diff: 0.1]
      [Ext Root Scanning (ms): Min: 0.0, Avg: 0.1, Max: 0.1, Diff: 0.1, Sum: 0.6]
      [Update RS (ms): Min: 5.2, Avg: 5.5, Max: 5.7, Diff: 0.5, Sum: 43.8]
         [Processed Buffers: Min: 6, Avg: 8.0, Max: 11, Diff: 5, Sum: 64]
      [Scan RS (ms): Min: 0.5, Avg: 0.8, Max: 1.1, Diff: 0.6, Sum: 6.6]
      [Code Root Scanning (ms): Min: 0.0, Avg: 0.0, Max: 0.0, Diff: 0.0, Sum: 0.0]
      [Object Copy (ms): Min: 11.8, Avg: 12.0, Max: 12.0, Diff: 0.2, Sum: 95.7]
      [Termination (ms): Min: 0.0, Avg: 0.0, Max: 0.0, Diff: 0.0, Sum: 0.0]
         [Termination Attempts: Min: 1, Avg: 8.1, Max: 13, Diff: 12, Sum: 65]
      [GC Worker Other (ms): Min: 0.0, Avg: 0.0, Max: 0.0, Diff: 0.0, Sum: 0.1]
      [GC Worker Total (ms): Min: 18.3, Avg: 18.4, Max: 18.4, Diff: 0.1, Sum: 147.0]
      [GC Worker End (ms): Min: 1407.5, Avg: 1407.5, Max: 1407.5, Diff: 0.0]
   [Code Root Fixup: 0.0 ms]
   [Code Root Purge: 0.0 ms]
   [Clear CT: 0.2 ms]
   [Other: 0.5 ms]
      [Choose CSet: 0.0 ms]
      [Ref Proc: 0.1 ms]
      [Ref Enq: 0.0 ms]
      [Redirty Cards: 0.1 ms]
      [Humongous Register: 0.0 ms]
      [Humongous Reclaim: 0.0 ms]
      [Free CSet: 0.0 ms]
   [Eden: 12.0M(89.0M)->0.0B(97.0M) Survivors: 13.0M->13.0M Heap: 978.8M(2048.0M)->981.8M(2048.0M)]
 [Times: user=0.13 sys=0.00, real=0.02 secs] 
2020-09-29T11:56:15.107+0200: 1.408: [GC concurrent-root-region-scan-start]
2020-09-29T11:56:15.110+0200: 1.411: [GC concurrent-root-region-scan-end, 0.0030676 secs]
2020-09-29T11:56:15.110+0200: 1.411: [GC concurrent-mark-start]
2020-09-29T11:56:15.115+0200: 1.416: [GC concurrent-mark-end, 0.0043151 secs]
2020-09-29T11:56:15.115+0200: 1.416: [GC remark 2020-09-29T11:56:15.115+0200: 1.416: [Finalize Marking, 0.0001982 secs] 2020-09-29T11:56:15.116+0200: 1.416: [GC ref-proc, 0.0002814 secs] 2020-09-29T11:56:15.116+0200: 1.417: [Unloading, 0.0004184 secs], 0.0011874 secs]
 [Times: user=0.00 sys=0.00, real=0.00 secs] 
2020-09-29T11:56:15.117+0200: 1.418: [GC cleanup 997M->37M(2048M), 0.0011489 secs]
 [Times: user=0.00 sys=0.00, real=0.00 secs] 
2020-09-29T11:56:15.118+0200: 1.419: [GC concurrent-cleanup-start]
2020-09-29T11:56:15.119+0200: 1.420: [GC concurrent-cleanup-end, 0.0011024 secs]
2020-09-29T11:56:15.162+0200: 1.463: [GC pause (G1 Evacuation Pause) (young), 0.0568235 secs]
   [Parallel Time: 55.4 ms, GC Workers: 8]
      [GC Worker Start (ms): Min: 1463.2, Avg: 1463.3, Max: 1463.3, Diff: 0.1]
      [Ext Root Scanning (ms): Min: 0.0, Avg: 0.1, Max: 0.1, Diff: 0.1, Sum: 0.7]
      [Update RS (ms): Min: 1.0, Avg: 1.3, Max: 1.7, Diff: 0.7, Sum: 10.4]
         [Processed Buffers: Min: 2, Avg: 2.6, Max: 3, Diff: 1, Sum: 21]
      [Scan RS (ms): Min: 7.7, Avg: 8.1, Max: 8.4, Diff: 0.7, Sum: 65.0]
      [Code Root Scanning (ms): Min: 0.0, Avg: 0.0, Max: 0.0, Diff: 0.0, Sum: 0.0]
      [Object Copy (ms): Min: 45.5, Avg: 45.7, Max: 45.8, Diff: 0.3, Sum: 365.5]
      [Termination (ms): Min: 0.0, Avg: 0.1, Max: 0.1, Diff: 0.1, Sum: 0.6]
         [Termination Attempts: Min: 1, Avg: 533.4, Max: 641, Diff: 640, Sum: 4267]
      [GC Worker Other (ms): Min: 0.0, Avg: 0.0, Max: 0.0, Diff: 0.0, Sum: 0.2]
      [GC Worker Total (ms): Min: 55.3, Avg: 55.3, Max: 55.3, Diff: 0.1, Sum: 442.4]
      [GC Worker End (ms): Min: 1518.6, Avg: 1518.6, Max: 1518.6, Diff: 0.0]
   [Code Root Fixup: 0.0 ms]
   [Code Root Purge: 0.0 ms]
   [Clear CT: 0.8 ms]
   [Other: 0.7 ms]
      [Choose CSet: 0.0 ms]
      [Ref Proc: 0.2 ms]
      [Ref Enq: 0.0 ms]
      [Redirty Cards: 0.1 ms]
      [Humongous Register: 0.0 ms]
      [Humongous Reclaim: 0.0 ms]
      [Free CSet: 0.1 ms]
   [Eden: 97.0M(97.0M)->0.0B(118.0M) Survivors: 13.0M->14.0M Heap: 136.2M(2048.0M)->125.2M(2048.0M)]
 [Times: user=0.34 sys=0.02, real=0.06 secs] 
2020-09-29T11:56:15.290+0200: 1.591: [GC pause (G1 Evacuation Pause) (young), 0.0751318 secs]
   [Parallel Time: 74.0 ms, GC Workers: 8]
      [GC Worker Start (ms): Min: 1591.3, Avg: 1591.4, Max: 1591.5, Diff: 0.1]
      [Ext Root Scanning (ms): Min: 0.0, Avg: 0.1, Max: 0.1, Diff: 0.1, Sum: 0.6]
      [Update RS (ms): Min: 1.8, Avg: 1.9, Max: 2.2, Diff: 0.4, Sum: 15.2]
         [Processed Buffers: Min: 2, Avg: 2.6, Max: 3, Diff: 1, Sum: 21]
      [Scan RS (ms): Min: 12.1, Avg: 12.3, Max: 12.5, Diff: 0.5, Sum: 98.7]
      [Code Root Scanning (ms): Min: 0.0, Avg: 0.0, Max: 0.0, Diff: 0.0, Sum: 0.0]
      [Object Copy (ms): Min: 59.4, Avg: 59.5, Max: 59.6, Diff: 0.2, Sum: 475.7]
      [Termination (ms): Min: 0.0, Avg: 0.1, Max: 0.1, Diff: 0.1, Sum: 0.7]
         [Termination Attempts: Min: 1, Avg: 616.4, Max: 881, Diff: 880, Sum: 4931]
      [GC Worker Other (ms): Min: 0.0, Avg: 0.0, Max: 0.1, Diff: 0.0, Sum: 0.2]
      [GC Worker Total (ms): Min: 73.8, Avg: 73.9, Max: 74.0, Diff: 0.1, Sum: 591.2]
      [GC Worker End (ms): Min: 1665.3, Avg: 1665.3, Max: 1665.3, Diff: 0.0]
   [Code Root Fixup: 0.0 ms]
   [Code Root Purge: 0.0 ms]
   [Clear CT: 0.2 ms]
   [Other: 0.9 ms]
      [Choose CSet: 0.0 ms]
      [Ref Proc: 0.2 ms]
      [Ref Enq: 0.0 ms]
      [Redirty Cards: 0.3 ms]
      [Humongous Register: 0.0 ms]
      [Humongous Reclaim: 0.0 ms]
      [Free CSet: 0.1 ms]
   [Eden: 118.0M(118.0M)->0.0B(137.0M) Survivors: 14.0M->17.0M Heap: 262.2M(2048.0M)->263.7M(2048.0M)]
 [Times: user=0.58 sys=0.05, real=0.08 secs] 
2020-09-29T11:56:15.433+0200: 1.734: [GC pause (G1 Evacuation Pause) (young), 0.0859659 secs]
   [Parallel Time: 85.2 ms, GC Workers: 8]
      [GC Worker Start (ms): Min: 1734.0, Avg: 1734.1, Max: 1734.2, Diff: 0.1]
      [Ext Root Scanning (ms): Min: 0.0, Avg: 0.1, Max: 0.1, Diff: 0.1, Sum: 0.6]
      [Update RS (ms): Min: 1.6, Avg: 1.7, Max: 2.2, Diff: 0.6, Sum: 13.8]
         [Processed Buffers: Min: 2, Avg: 2.8, Max: 3, Diff: 1, Sum: 22]
      [Scan RS (ms): Min: 12.2, Avg: 12.7, Max: 12.9, Diff: 0.7, Sum: 101.8]
      [Code Root Scanning (ms): Min: 0.0, Avg: 0.0, Max: 0.0, Diff: 0.0, Sum: 0.0]
      [Object Copy (ms): Min: 70.4, Avg: 70.4, Max: 70.5, Diff: 0.2, Sum: 563.5]
      [Termination (ms): Min: 0.0, Avg: 0.0, Max: 0.0, Diff: 0.0, Sum: 0.3]
         [Termination Attempts: Min: 1, Avg: 273.1, Max: 338, Diff: 337, Sum: 2185]
      [GC Worker Other (ms): Min: 0.0, Avg: 0.0, Max: 0.1, Diff: 0.1, Sum: 0.3]
      [GC Worker Total (ms): Min: 85.0, Avg: 85.0, Max: 85.1, Diff: 0.2, Sum: 680.3]
      [GC Worker End (ms): Min: 1819.1, Avg: 1819.1, Max: 1819.2, Diff: 0.1]
   [Code Root Fixup: 0.0 ms]
   [Code Root Purge: 0.0 ms]
   [Clear CT: 0.2 ms]
   [Other: 0.6 ms]
      [Choose CSet: 0.0 ms]
      [Ref Proc: 0.1 ms]
      [Ref Enq: 0.0 ms]
      [Redirty Cards: 0.2 ms]
      [Humongous Register: 0.0 ms]
      [Humongous Reclaim: 0.0 ms]
      [Free CSet: 0.1 ms]
   [Eden: 137.0M(137.0M)->0.0B(148.0M) Survivors: 17.0M->20.0M Heap: 423.6M(2048.0M)->425.6M(2048.0M)]
 [Times: user=0.58 sys=0.05, real=0.09 secs] 
2020-09-29T11:56:15.607+0200: 1.908: [GC pause (G1 Evacuation Pause) (young), 0.0880029 secs]
   [Parallel Time: 86.8 ms, GC Workers: 8]
      [GC Worker Start (ms): Min: 1908.3, Avg: 1908.3, Max: 1908.4, Diff: 0.1]
      [Ext Root Scanning (ms): Min: 0.0, Avg: 0.1, Max: 0.1, Diff: 0.1, Sum: 0.5]
      [Update RS (ms): Min: 1.8, Avg: 2.0, Max: 2.6, Diff: 0.8, Sum: 15.8]
         [Processed Buffers: Min: 3, Avg: 3.0, Max: 3, Diff: 0, Sum: 24]
      [Scan RS (ms): Min: 13.6, Avg: 14.2, Max: 14.5, Diff: 0.9, Sum: 113.9]
      [Code Root Scanning (ms): Min: 0.0, Avg: 0.0, Max: 0.0, Diff: 0.0, Sum: 0.0]
      [Object Copy (ms): Min: 70.0, Avg: 70.2, Max: 70.2, Diff: 0.3, Sum: 561.4]
      [Termination (ms): Min: 0.0, Avg: 0.1, Max: 0.1, Diff: 0.1, Sum: 0.6]
         [Termination Attempts: Min: 1, Avg: 568.9, Max: 790, Diff: 789, Sum: 4551]
      [GC Worker Other (ms): Min: 0.0, Avg: 0.0, Max: 0.0, Diff: 0.0, Sum: 0.2]
      [GC Worker Total (ms): Min: 86.5, Avg: 86.6, Max: 86.6, Diff: 0.1, Sum: 692.5]
      [GC Worker End (ms): Min: 1994.9, Avg: 1994.9, Max: 1994.9, Diff: 0.0]
   [Code Root Fixup: 0.0 ms]
   [Code Root Purge: 0.0 ms]
   [Clear CT: 0.4 ms]
   [Other: 0.8 ms]
      [Choose CSet: 0.0 ms]
      [Ref Proc: 0.2 ms]
      [Ref Enq: 0.0 ms]
      [Redirty Cards: 0.3 ms]
      [Humongous Register: 0.0 ms]
      [Humongous Reclaim: 0.0 ms]
      [Free CSet: 0.2 ms]
   [Eden: 148.0M(148.0M)->0.0B(172.0M) Survivors: 20.0M->21.0M Heap: 598.4M(2048.0M)->600.4M(2048.0M)]
 [Times: user=0.73 sys=0.00, real=0.09 secs] 
2020-09-29T11:56:15.778+0200: 2.079: [GC pause (G1 Evacuation Pause) (young), 0.1029426 secs]
   [Parallel Time: 101.4 ms, GC Workers: 8]
      [GC Worker Start (ms): Min: 2079.5, Avg: 2079.5, Max: 2079.6, Diff: 0.1]
      [Ext Root Scanning (ms): Min: 0.0, Avg: 0.1, Max: 0.1, Diff: 0.1, Sum: 0.5]
      [Update RS (ms): Min: 1.7, Avg: 2.1, Max: 2.4, Diff: 0.7, Sum: 16.9]
         [Processed Buffers: Min: 3, Avg: 3.3, Max: 4, Diff: 1, Sum: 26]
      [Scan RS (ms): Min: 15.9, Avg: 16.3, Max: 16.6, Diff: 0.7, Sum: 130.2]
      [Code Root Scanning (ms): Min: 0.0, Avg: 0.0, Max: 0.0, Diff: 0.0, Sum: 0.0]
      [Object Copy (ms): Min: 82.5, Avg: 82.6, Max: 82.7, Diff: 0.2, Sum: 660.8]
      [Termination (ms): Min: 0.0, Avg: 0.1, Max: 0.1, Diff: 0.1, Sum: 0.8]
         [Termination Attempts: Min: 1, Avg: 779.8, Max: 969, Diff: 968, Sum: 6238]
      [GC Worker Other (ms): Min: 0.0, Avg: 0.0, Max: 0.1, Diff: 0.1, Sum: 0.3]
      [GC Worker Total (ms): Min: 101.1, Avg: 101.2, Max: 101.3, Diff: 0.1, Sum: 809.6]
      [GC Worker End (ms): Min: 2180.7, Avg: 2180.7, Max: 2180.8, Diff: 0.1]
   [Code Root Fixup: 0.0 ms]
   [Code Root Purge: 0.0 ms]
   [Clear CT: 0.2 ms]
   [Other: 1.3 ms]
      [Choose CSet: 0.0 ms]
      [Ref Proc: 0.2 ms]
      [Ref Enq: 0.0 ms]
      [Redirty Cards: 0.7 ms]
      [Humongous Register: 0.0 ms]
      [Humongous Reclaim: 0.0 ms]
      [Free CSet: 0.2 ms]
   [Eden: 172.0M(172.0M)->0.0B(181.0M) Survivors: 21.0M->25.0M Heap: 801.0M(2048.0M)->803.0M(2048.0M)]
 [Times: user=0.84 sys=0.03, real=0.10 secs] 
2020-09-29T11:56:15.979+0200: 2.280: [GC pause (G1 Evacuation Pause) (young), 0.1181827 secs]
   [Parallel Time: 117.2 ms, GC Workers: 8]
      [GC Worker Start (ms): Min: 2280.4, Avg: 2280.5, Max: 2280.6, Diff: 0.2]
      [Ext Root Scanning (ms): Min: 0.0, Avg: 0.1, Max: 0.2, Diff: 0.2, Sum: 0.5]
      [Update RS (ms): Min: 1.8, Avg: 2.1, Max: 2.4, Diff: 0.6, Sum: 16.8]
         [Processed Buffers: Min: 3, Avg: 3.6, Max: 5, Diff: 2, Sum: 29]
      [Scan RS (ms): Min: 17.5, Avg: 17.8, Max: 18.1, Diff: 0.6, Sum: 142.2]
      [Code Root Scanning (ms): Min: 0.0, Avg: 0.0, Max: 0.0, Diff: 0.0, Sum: 0.0]
      [Object Copy (ms): Min: 96.7, Avg: 96.8, Max: 97.1, Diff: 0.3, Sum: 774.7]
      [Termination (ms): Min: 0.0, Avg: 0.2, Max: 0.3, Diff: 0.3, Sum: 1.7]
         [Termination Attempts: Min: 1, Avg: 1635.0, Max: 2034, Diff: 2033, Sum: 13080]
      [GC Worker Other (ms): Min: 0.0, Avg: 0.0, Max: 0.1, Diff: 0.1, Sum: 0.4]
      [GC Worker Total (ms): Min: 116.9, Avg: 117.0, Max: 117.1, Diff: 0.2, Sum: 936.3]
      [GC Worker End (ms): Min: 2397.5, Avg: 2397.6, Max: 2397.6, Diff: 0.0]
   [Code Root Fixup: 0.0 ms]
   [Code Root Purge: 0.0 ms]
   [Clear CT: 0.2 ms]
   [Other: 0.8 ms]
      [Choose CSet: 0.0 ms]
      [Ref Proc: 0.2 ms]
      [Ref Enq: 0.0 ms]
      [Redirty Cards: 0.2 ms]
      [Humongous Register: 0.0 ms]
      [Humongous Reclaim: 0.0 ms]
      [Free CSet: 0.2 ms]
   [Eden: 181.0M(181.0M)->0.0B(191.0M) Survivors: 25.0M->26.0M Heap: 1014.6M(2048.0M)->1016.6M(2048.0M)]
 [Times: user=0.83 sys=0.03, real=0.12 secs] 
2020-09-29T11:56:16.101+0200: 2.402: [GC pause (G1 Humongous Allocation) (young) (initial-mark), 0.0431871 secs]
   [Parallel Time: 42.1 ms, GC Workers: 8]
      [GC Worker Start (ms): Min: 2401.9, Avg: 2402.0, Max: 2402.0, Diff: 0.1]
      [Ext Root Scanning (ms): Min: 0.0, Avg: 0.1, Max: 0.1, Diff: 0.1, Sum: 0.7]
      [Update RS (ms): Min: 25.6, Avg: 25.8, Max: 26.1, Diff: 0.5, Sum: 206.5]
         [Processed Buffers: Min: 31, Avg: 32.5, Max: 34, Diff: 3, Sum: 260]
      [Scan RS (ms): Min: 1.0, Avg: 1.2, Max: 1.5, Diff: 0.5, Sum: 10.0]
      [Code Root Scanning (ms): Min: 0.0, Avg: 0.0, Max: 0.0, Diff: 0.0, Sum: 0.0]
      [Object Copy (ms): Min: 14.8, Avg: 14.9, Max: 14.9, Diff: 0.1, Sum: 119.1]
      [Termination (ms): Min: 0.0, Avg: 0.0, Max: 0.0, Diff: 0.0, Sum: 0.0]
         [Termination Attempts: Min: 1, Avg: 10.0, Max: 18, Diff: 17, Sum: 80]
      [GC Worker Other (ms): Min: 0.0, Avg: 0.0, Max: 0.0, Diff: 0.0, Sum: 0.1]
      [GC Worker Total (ms): Min: 42.0, Avg: 42.0, Max: 42.1, Diff: 0.1, Sum: 336.3]
      [GC Worker End (ms): Min: 2444.0, Avg: 2444.0, Max: 2444.0, Diff: 0.0]
   [Code Root Fixup: 0.0 ms]
   [Code Root Purge: 0.0 ms]
   [Clear CT: 0.3 ms]
   [Other: 0.7 ms]
      [Choose CSet: 0.0 ms]
      [Ref Proc: 0.2 ms]
      [Ref Enq: 0.0 ms]
      [Redirty Cards: 0.2 ms]
      [Humongous Register: 0.1 ms]
      [Humongous Reclaim: 0.0 ms]
      [Free CSet: 0.0 ms]
   [Eden: 6144.0K(191.0M)->0.0B(230.0M) Survivors: 26.0M->7168.0K Heap: 1022.1M(2048.0M)->1026.1M(2048.0M)]
 [Times: user=0.20 sys=0.05, real=0.04 secs] 
2020-09-29T11:56:16.144+0200: 2.445: [GC concurrent-root-region-scan-start]
2020-09-29T11:56:16.146+0200: 2.447: [GC concurrent-root-region-scan-end, 0.0023182 secs]
2020-09-29T11:56:16.146+0200: 2.447: [GC concurrent-mark-start]
2020-09-29T11:56:16.149+0200: 2.450: [GC concurrent-mark-end, 0.0029291 secs]
2020-09-29T11:56:16.150+0200: 2.450: [GC remark 2020-09-29T11:56:16.150+0200: 2.451: [Finalize Marking, 0.0001977 secs] 2020-09-29T11:56:16.150+0200: 2.451: [GC ref-proc, 0.0002729 secs] 2020-09-29T11:56:16.150+0200: 2.451: [Unloading, 0.0004450 secs], 0.0012691 secs]
 [Times: user=0.00 sys=0.00, real=0.00 secs] 
2020-09-29T11:56:16.151+0200: 2.452: [GC cleanup 1034M->24M(2048M), 0.0015567 secs]
 [Times: user=0.00 sys=0.00, real=0.00 secs] 
2020-09-29T11:56:16.153+0200: 2.454: [GC concurrent-cleanup-start]
2020-09-29T11:56:16.154+0200: 2.455: [GC concurrent-cleanup-end, 0.0014185 secs]
2020-09-29T11:56:16.268+0200: 2.569: [GC pause (G1 Evacuation Pause) (young), 0.1203777 secs]
   [Parallel Time: 118.7 ms, GC Workers: 8]
      [GC Worker Start (ms): Min: 2569.3, Avg: 2569.4, Max: 2569.5, Diff: 0.2]
      [Ext Root Scanning (ms): Min: 0.0, Avg: 0.1, Max: 0.2, Diff: 0.2, Sum: 0.5]
      [Update RS (ms): Min: 2.5, Avg: 2.7, Max: 2.8, Diff: 0.2, Sum: 21.5]
         [Processed Buffers: Min: 3, Avg: 4.8, Max: 8, Diff: 5, Sum: 38]
      [Scan RS (ms): Min: 20.3, Avg: 20.4, Max: 20.5, Diff: 0.2, Sum: 163.2]
      [Code Root Scanning (ms): Min: 0.0, Avg: 0.0, Max: 0.0, Diff: 0.0, Sum: 0.0]
      [Object Copy (ms): Min: 95.2, Avg: 95.3, Max: 95.3, Diff: 0.1, Sum: 762.1]
      [Termination (ms): Min: 0.0, Avg: 0.0, Max: 0.0, Diff: 0.0, Sum: 0.3]
         [Termination Attempts: Min: 1, Avg: 251.9, Max: 311, Diff: 310, Sum: 2015]
      [GC Worker Other (ms): Min: 0.0, Avg: 0.0, Max: 0.1, Diff: 0.1, Sum: 0.2]
      [GC Worker Total (ms): Min: 118.4, Avg: 118.5, Max: 118.6, Diff: 0.2, Sum: 947.8]
      [GC Worker End (ms): Min: 2687.9, Avg: 2687.9, Max: 2687.9, Diff: 0.1]
   [Code Root Fixup: 0.0 ms]
   [Code Root Purge: 0.0 ms]
   [Clear CT: 0.4 ms]
   [Other: 1.3 ms]
      [Choose CSet: 0.0 ms]
      [Ref Proc: 0.4 ms]
      [Ref Enq: 0.0 ms]
      [Redirty Cards: 0.4 ms]
      [Humongous Register: 0.0 ms]
      [Humongous Reclaim: 0.0 ms]
      [Free CSet: 0.2 ms]
   [Eden: 230.0M(230.0M)->0.0B(225.0M) Survivors: 7168.0K->30.0M Heap: 286.1M(2048.0M)->281.1M(2048.0M)]
 [Times: user=0.89 sys=0.09, real=0.12 secs] 
2020-09-29T11:56:16.498+0200: 2.799: [GC pause (G1 Evacuation Pause) (young), 0.1389559 secs]
   [Parallel Time: 138.0 ms, GC Workers: 8]
      [GC Worker Start (ms): Min: 2798.9, Avg: 2799.0, Max: 2799.1, Diff: 0.2]
      [Ext Root Scanning (ms): Min: 0.0, Avg: 0.1, Max: 0.2, Diff: 0.2, Sum: 0.5]
      [Update RS (ms): Min: 2.8, Avg: 2.9, Max: 2.9, Diff: 0.1, Sum: 22.8]
         [Processed Buffers: Min: 3, Avg: 3.6, Max: 4, Diff: 1, Sum: 29]
      [Scan RS (ms): Min: 25.8, Avg: 25.8, Max: 25.9, Diff: 0.2, Sum: 206.7]
      [Code Root Scanning (ms): Min: 0.0, Avg: 0.0, Max: 0.0, Diff: 0.0, Sum: 0.0]
      [Object Copy (ms): Min: 108.9, Avg: 109.0, Max: 109.0, Diff: 0.1, Sum: 871.8]
      [Termination (ms): Min: 0.0, Avg: 0.0, Max: 0.1, Diff: 0.1, Sum: 0.4]
         [Termination Attempts: Min: 1, Avg: 308.0, Max: 379, Diff: 378, Sum: 2464]
      [GC Worker Other (ms): Min: 0.0, Avg: 0.0, Max: 0.1, Diff: 0.0, Sum: 0.3]
      [GC Worker Total (ms): Min: 137.8, Avg: 137.8, Max: 137.9, Diff: 0.2, Sum: 1102.7]
      [GC Worker End (ms): Min: 2936.8, Avg: 2936.8, Max: 2936.9, Diff: 0.0]
   [Code Root Fixup: 0.0 ms]
   [Code Root Purge: 0.0 ms]
   [Clear CT: 0.2 ms]
   [Other: 0.8 ms]
      [Choose CSet: 0.0 ms]
      [Ref Proc: 0.2 ms]
      [Ref Enq: 0.0 ms]
      [Redirty Cards: 0.2 ms]
      [Humongous Register: 0.0 ms]
      [Humongous Reclaim: 0.0 ms]
      [Free CSet: 0.1 ms]
   [Eden: 225.0M(225.0M)->0.0B(221.0M) Survivors: 30.0M->32.0M Heap: 542.3M(2048.0M)->543.8M(2048.0M)]
 [Times: user=1.03 sys=0.05, real=0.14 secs] 
2020-09-29T11:56:16.747+0200: 3.048: [GC pause (G1 Evacuation Pause) (young), 0.1270445 secs]
   [Parallel Time: 126.1 ms, GC Workers: 8]
      [GC Worker Start (ms): Min: 3047.9, Avg: 3048.0, Max: 3048.1, Diff: 0.2]
      [Ext Root Scanning (ms): Min: 0.0, Avg: 0.0, Max: 0.2, Diff: 0.2, Sum: 0.4]
      [Update RS (ms): Min: 3.2, Avg: 3.3, Max: 3.3, Diff: 0.2, Sum: 26.0]
         [Processed Buffers: Min: 4, Avg: 5.8, Max: 9, Diff: 5, Sum: 46]
      [Scan RS (ms): Min: 21.6, Avg: 21.6, Max: 21.7, Diff: 0.1, Sum: 173.1]
      [Code Root Scanning (ms): Min: 0.0, Avg: 0.0, Max: 0.0, Diff: 0.0, Sum: 0.0]
      [Object Copy (ms): Min: 100.7, Avg: 100.8, Max: 100.9, Diff: 0.2, Sum: 806.3]
      [Termination (ms): Min: 0.0, Avg: 0.1, Max: 0.2, Diff: 0.2, Sum: 1.0]
         [Termination Attempts: Min: 1, Avg: 888.4, Max: 1354, Diff: 1353, Sum: 7107]
      [GC Worker Other (ms): Min: 0.0, Avg: 0.0, Max: 0.1, Diff: 0.0, Sum: 0.2]
      [GC Worker Total (ms): Min: 125.8, Avg: 125.9, Max: 126.0, Diff: 0.2, Sum: 1007.1]
      [GC Worker End (ms): Min: 3173.9, Avg: 3173.9, Max: 3173.9, Diff: 0.0]
   [Code Root Fixup: 0.0 ms]
   [Code Root Purge: 0.0 ms]
   [Clear CT: 0.2 ms]
   [Other: 0.7 ms]
      [Choose CSet: 0.0 ms]
      [Ref Proc: 0.2 ms]
      [Ref Enq: 0.0 ms]
      [Redirty Cards: 0.2 ms]
      [Humongous Register: 0.0 ms]
      [Humongous Reclaim: 0.0 ms]
      [Free CSet: 0.2 ms]
   [Eden: 221.0M(221.0M)->0.0B(234.0M) Survivors: 32.0M->32.0M Heap: 802.9M(2048.0M)->804.4M(2048.0M)]
 [Times: user=0.94 sys=0.03, real=0.13 secs] 
2020-09-29T11:56:17.007+0200: 3.308: [GC pause (G1 Evacuation Pause) (young), 0.1381460 secs]
   [Parallel Time: 137.3 ms, GC Workers: 8]
      [GC Worker Start (ms): Min: 3307.7, Avg: 3307.8, Max: 3307.9, Diff: 0.2]
      [Ext Root Scanning (ms): Min: 0.0, Avg: 0.1, Max: 0.2, Diff: 0.2, Sum: 0.5]
      [Update RS (ms): Min: 2.7, Avg: 2.9, Max: 3.4, Diff: 0.7, Sum: 22.8]
         [Processed Buffers: Min: 4, Avg: 4.4, Max: 5, Diff: 1, Sum: 35]
      [Scan RS (ms): Min: 23.7, Avg: 24.2, Max: 24.6, Diff: 0.9, Sum: 193.9]
      [Code Root Scanning (ms): Min: 0.0, Avg: 0.0, Max: 0.0, Diff: 0.0, Sum: 0.0]
      [Object Copy (ms): Min: 109.7, Avg: 109.8, Max: 109.9, Diff: 0.2, Sum: 878.7]
      [Termination (ms): Min: 0.0, Avg: 0.0, Max: 0.0, Diff: 0.0, Sum: 0.3]
         [Termination Attempts: Min: 1, Avg: 214.0, Max: 266, Diff: 265, Sum: 1712]
      [GC Worker Other (ms): Min: 0.0, Avg: 0.0, Max: 0.1, Diff: 0.1, Sum: 0.3]
      [GC Worker Total (ms): Min: 137.0, Avg: 137.1, Max: 137.2, Diff: 0.2, Sum: 1096.4]
      [GC Worker End (ms): Min: 3444.9, Avg: 3444.9, Max: 3444.9, Diff: 0.1]
   [Code Root Fixup: 0.0 ms]
   [Code Root Purge: 0.0 ms]
   [Clear CT: 0.2 ms]
   [Other: 0.7 ms]
      [Choose CSet: 0.0 ms]
      [Ref Proc: 0.2 ms]
      [Ref Enq: 0.0 ms]
      [Redirty Cards: 0.2 ms]
      [Humongous Register: 0.0 ms]
      [Humongous Reclaim: 0.0 ms]
      [Free CSet: 0.2 ms]
   [Eden: 234.0M(234.0M)->0.0B(247.0M) Survivors: 32.0M->34.0M Heap: 1076.6M(2048.0M)->1078.1M(2048.0M)]
 [Times: user=0.88 sys=0.08, real=0.14 secs] 
2020-09-29T11:56:17.166+0200: 3.467: [GC pause (G1 Humongous Allocation) (young) (initial-mark), 0.0333503 secs]
   [Parallel Time: 32.7 ms, GC Workers: 8]
      [GC Worker Start (ms): Min: 3466.9, Avg: 3467.0, Max: 3467.0, Diff: 0.1]
      [Ext Root Scanning (ms): Min: 0.0, Avg: 0.1, Max: 0.1, Diff: 0.1, Sum: 0.6]
      [Update RS (ms): Min: 5.9, Avg: 6.2, Max: 6.3, Diff: 0.4, Sum: 49.4]
         [Processed Buffers: Min: 8, Avg: 8.6, Max: 10, Diff: 2, Sum: 69]
      [Scan RS (ms): Min: 2.1, Avg: 2.3, Max: 2.7, Diff: 0.5, Sum: 18.7]
      [Code Root Scanning (ms): Min: 0.0, Avg: 0.0, Max: 0.0, Diff: 0.0, Sum: 0.0]
      [Object Copy (ms): Min: 23.7, Avg: 23.8, Max: 23.9, Diff: 0.2, Sum: 190.4]
      [Termination (ms): Min: 0.0, Avg: 0.1, Max: 0.1, Diff: 0.1, Sum: 0.8]
         [Termination Attempts: Min: 1, Avg: 735.8, Max: 932, Diff: 931, Sum: 5886]
      [GC Worker Other (ms): Min: 0.0, Avg: 0.0, Max: 0.0, Diff: 0.0, Sum: 0.1]
      [GC Worker Total (ms): Min: 32.5, Avg: 32.5, Max: 32.5, Diff: 0.1, Sum: 260.0]
      [GC Worker End (ms): Min: 3499.5, Avg: 3499.5, Max: 3499.5, Diff: 0.0]
   [Code Root Fixup: 0.0 ms]
   [Code Root Purge: 0.0 ms]
   [Clear CT: 0.1 ms]
   [Other: 0.6 ms]
      [Choose CSet: 0.0 ms]
      [Ref Proc: 0.2 ms]
      [Ref Enq: 0.0 ms]
      [Redirty Cards: 0.1 ms]
      [Humongous Register: 0.0 ms]
      [Humongous Reclaim: 0.0 ms]
      [Free CSet: 0.0 ms]
   [Eden: 6144.0K(247.0M)->0.0B(279.0M) Survivors: 34.0M->9216.0K Heap: 1084.1M(2048.0M)->1087.1M(2048.0M)]
 [Times: user=0.23 sys=0.02, real=0.03 secs] 
2020-09-29T11:56:17.199+0200: 3.500: [GC concurrent-root-region-scan-start]
2020-09-29T11:56:17.201+0200: 3.502: [GC concurrent-root-region-scan-end, 0.0015746 secs]
2020-09-29T11:56:17.201+0200: 3.502: [GC concurrent-mark-start]
2020-09-29T11:56:17.205+0200: 3.505: [GC concurrent-mark-end, 0.0035832 secs]
2020-09-29T11:56:17.205+0200: 3.506: [GC remark 2020-09-29T11:56:17.205+0200: 3.506: [Finalize Marking, 0.0008869 secs] 2020-09-29T11:56:17.206+0200: 3.507: [GC ref-proc, 0.0014572 secs] 2020-09-29T11:56:17.207+0200: 3.508: [Unloading, 0.0006941 secs], 0.0033715 secs]
 [Times: user=0.00 sys=0.00, real=0.00 secs] 
2020-09-29T11:56:17.208+0200: 3.509: [GC cleanup 1097M->28M(2048M), 0.0018212 secs]
 [Times: user=0.00 sys=0.00, real=0.00 secs] 
2020-09-29T11:56:17.210+0200: 3.511: [GC concurrent-cleanup-start]
2020-09-29T11:56:17.212+0200: 3.512: [GC concurrent-cleanup-end, 0.0012739 secs]
2020-09-29T11:56:17.345+0200: 3.646: [GC pause (G1 Evacuation Pause) (young), 0.1497035 secs]
   [Parallel Time: 148.7 ms, GC Workers: 8]
      [GC Worker Start (ms): Min: 3646.5, Avg: 3646.6, Max: 3646.7, Diff: 0.2]
      [Ext Root Scanning (ms): Min: 0.0, Avg: 0.1, Max: 0.2, Diff: 0.2, Sum: 0.5]
      [Update RS (ms): Min: 4.4, Avg: 4.6, Max: 5.1, Diff: 0.7, Sum: 36.9]
         [Processed Buffers: Min: 6, Avg: 6.9, Max: 8, Diff: 2, Sum: 55]
      [Scan RS (ms): Min: 22.6, Avg: 23.1, Max: 23.5, Diff: 0.9, Sum: 185.2]
      [Code Root Scanning (ms): Min: 0.0, Avg: 0.0, Max: 0.0, Diff: 0.0, Sum: 0.0]
      [Object Copy (ms): Min: 120.1, Avg: 120.3, Max: 120.5, Diff: 0.4, Sum: 962.0]
      [Termination (ms): Min: 0.0, Avg: 0.2, Max: 0.3, Diff: 0.3, Sum: 1.9]
         [Termination Attempts: Min: 1, Avg: 1566.0, Max: 1939, Diff: 1938, Sum: 12528]
      [GC Worker Other (ms): Min: 0.1, Avg: 0.1, Max: 0.1, Diff: 0.0, Sum: 0.8]
      [GC Worker Total (ms): Min: 148.3, Avg: 148.4, Max: 148.6, Diff: 0.2, Sum: 1187.3]
      [GC Worker End (ms): Min: 3795.0, Avg: 3795.1, Max: 3795.1, Diff: 0.1]
   [Code Root Fixup: 0.0 ms]
   [Code Root Purge: 0.0 ms]
   [Clear CT: 0.2 ms]
   [Other: 0.8 ms]
      [Choose CSet: 0.0 ms]
      [Ref Proc: 0.2 ms]
      [Ref Enq: 0.0 ms]
      [Redirty Cards: 0.2 ms]
      [Humongous Register: 0.0 ms]
      [Humongous Reclaim: 0.0 ms]
      [Free CSet: 0.2 ms]
   [Eden: 279.0M(279.0M)->0.0B(259.0M) Survivors: 9216.0K->36.0M Heap: 344.2M(2048.0M)->337.7M(2048.0M)]
 [Times: user=1.14 sys=0.09, real=0.15 secs] 
2020-09-29T11:56:17.647+0200: 3.948: [GC pause (G1 Evacuation Pause) (young), 0.1608911 secs]
   [Parallel Time: 159.5 ms, GC Workers: 8]
      [GC Worker Start (ms): Min: 3948.4, Avg: 3948.6, Max: 3949.0, Diff: 0.6]
      [Ext Root Scanning (ms): Min: 0.0, Avg: 0.1, Max: 0.2, Diff: 0.2, Sum: 0.8]
      [Update RS (ms): Min: 4.9, Avg: 5.3, Max: 5.6, Diff: 0.7, Sum: 42.3]
         [Processed Buffers: Min: 5, Avg: 7.1, Max: 10, Diff: 5, Sum: 57]
      [Scan RS (ms): Min: 27.1, Avg: 27.4, Max: 27.6, Diff: 0.5, Sum: 219.2]
      [Code Root Scanning (ms): Min: 0.0, Avg: 0.0, Max: 0.0, Diff: 0.0, Sum: 0.0]
      [Object Copy (ms): Min: 126.0, Avg: 126.1, Max: 126.4, Diff: 0.4, Sum: 1008.7]
      [Termination (ms): Min: 0.0, Avg: 0.2, Max: 0.3, Diff: 0.3, Sum: 1.7]
         [Termination Attempts: Min: 1, Avg: 1651.9, Max: 2091, Diff: 2090, Sum: 13215]
      [GC Worker Other (ms): Min: 0.0, Avg: 0.0, Max: 0.1, Diff: 0.0, Sum: 0.4]
      [GC Worker Total (ms): Min: 158.7, Avg: 159.2, Max: 159.3, Diff: 0.6, Sum: 1273.2]
      [GC Worker End (ms): Min: 4107.7, Avg: 4107.8, Max: 4107.8, Diff: 0.0]
   [Code Root Fixup: 0.0 ms]
   [Code Root Purge: 0.0 ms]
   [Clear CT: 0.4 ms]
   [Other: 1.0 ms]
      [Choose CSet: 0.0 ms]
      [Ref Proc: 0.3 ms]
      [Ref Enq: 0.0 ms]
      [Redirty Cards: 0.3 ms]
      [Humongous Register: 0.1 ms]
      [Humongous Reclaim: 0.0 ms]
      [Free CSet: 0.2 ms]
   [Eden: 259.0M(259.0M)->0.0B(258.0M) Survivors: 36.0M->37.0M Heap: 640.6M(2048.0M)->642.1M(2048.0M)]
 [Times: user=1.17 sys=0.06, real=0.16 secs] 
2020-09-29T11:56:17.948+0200: 4.249: [GC pause (G1 Evacuation Pause) (young), 0.1482844 secs]
   [Parallel Time: 147.1 ms, GC Workers: 8]
      [GC Worker Start (ms): Min: 4248.8, Avg: 4248.9, Max: 4249.0, Diff: 0.2]
      [Ext Root Scanning (ms): Min: 0.0, Avg: 0.1, Max: 0.2, Diff: 0.2, Sum: 0.5]
      [Update RS (ms): Min: 5.2, Avg: 5.4, Max: 5.8, Diff: 0.6, Sum: 42.8]
         [Processed Buffers: Min: 6, Avg: 7.3, Max: 8, Diff: 2, Sum: 58]
      [Scan RS (ms): Min: 23.7, Avg: 24.0, Max: 24.2, Diff: 0.5, Sum: 191.8]
      [Code Root Scanning (ms): Min: 0.0, Avg: 0.0, Max: 0.0, Diff: 0.0, Sum: 0.0]
      [Object Copy (ms): Min: 117.2, Avg: 117.4, Max: 117.5, Diff: 0.2, Sum: 939.3]
      [Termination (ms): Min: 0.0, Avg: 0.1, Max: 0.1, Diff: 0.1, Sum: 0.6]
         [Termination Attempts: Min: 1, Avg: 581.0, Max: 772, Diff: 771, Sum: 4648]
      [GC Worker Other (ms): Min: 0.0, Avg: 0.0, Max: 0.1, Diff: 0.1, Sum: 0.3]
      [GC Worker Total (ms): Min: 146.8, Avg: 146.9, Max: 147.0, Diff: 0.2, Sum: 1175.4]
      [GC Worker End (ms): Min: 4395.8, Avg: 4395.8, Max: 4395.9, Diff: 0.1]
   [Code Root Fixup: 0.0 ms]
   [Code Root Purge: 0.0 ms]
   [Clear CT: 0.3 ms]
   [Other: 0.9 ms]
      [Choose CSet: 0.0 ms]
      [Ref Proc: 0.2 ms]
      [Ref Enq: 0.0 ms]
      [Redirty Cards: 0.4 ms]
      [Humongous Register: 0.0 ms]
      [Humongous Reclaim: 0.0 ms]
      [Free CSet: 0.2 ms]
   [Eden: 258.0M(258.0M)->0.0B(270.0M) Survivors: 37.0M->37.0M Heap: 942.0M(2048.0M)->944.0M(2048.0M)]
 [Times: user=1.02 sys=0.11, real=0.15 secs] 
2020-09-29T11:56:18.119+0200: 4.420: [GC pause (G1 Humongous Allocation) (young) (initial-mark), 0.0491842 secs]
   [Parallel Time: 48.5 ms, GC Workers: 8]
      [GC Worker Start (ms): Min: 4420.2, Avg: 4420.3, Max: 4420.3, Diff: 0.1]
      [Ext Root Scanning (ms): Min: 0.0, Avg: 0.1, Max: 0.1, Diff: 0.1, Sum: 0.6]
      [Update RS (ms): Min: 11.6, Avg: 11.9, Max: 12.2, Diff: 0.7, Sum: 95.0]
         [Processed Buffers: Min: 14, Avg: 15.3, Max: 17, Diff: 3, Sum: 122]
      [Scan RS (ms): Min: 2.8, Avg: 3.2, Max: 3.4, Diff: 0.6, Sum: 25.6]
      [Code Root Scanning (ms): Min: 0.0, Avg: 0.0, Max: 0.0, Diff: 0.0, Sum: 0.0]
      [Object Copy (ms): Min: 33.0, Avg: 33.1, Max: 33.2, Diff: 0.2, Sum: 265.2]
      [Termination (ms): Min: 0.0, Avg: 0.0, Max: 0.0, Diff: 0.0, Sum: 0.1]
         [Termination Attempts: Min: 1, Avg: 82.9, Max: 109, Diff: 108, Sum: 663]
      [GC Worker Other (ms): Min: 0.0, Avg: 0.0, Max: 0.1, Diff: 0.0, Sum: 0.2]
      [GC Worker Total (ms): Min: 48.3, Avg: 48.3, Max: 48.4, Diff: 0.1, Sum: 386.7]
      [GC Worker End (ms): Min: 4468.6, Avg: 4468.6, Max: 4468.6, Diff: 0.0]
   [Code Root Fixup: 0.0 ms]
   [Code Root Purge: 0.0 ms]
   [Clear CT: 0.1 ms]
   [Other: 0.6 ms]
      [Choose CSet: 0.0 ms]
      [Ref Proc: 0.2 ms]
      [Ref Enq: 0.0 ms]
      [Redirty Cards: 0.1 ms]
      [Humongous Register: 0.0 ms]
      [Humongous Reclaim: 0.0 ms]
      [Free CSet: 0.1 ms]
   [Eden: 40.0M(270.0M)->0.0B(288.0M) Survivors: 37.0M->39.0M Heap: 989.2M(2048.0M)->991.2M(2048.0M)]
 [Times: user=0.38 sys=0.00, real=0.05 secs] 
2020-09-29T11:56:18.168+0200: 4.469: [GC concurrent-root-region-scan-start]
2020-09-29T11:56:18.179+0200: 4.480: [GC concurrent-root-region-scan-end, 0.0109846 secs]
2020-09-29T11:56:18.179+0200: 4.480: [GC concurrent-mark-start]
2020-09-29T11:56:18.182+0200: 4.483: [GC concurrent-mark-end, 0.0023497 secs]
2020-09-29T11:56:18.182+0200: 4.483: [GC remark 2020-09-29T11:56:18.182+0200: 4.483: [Finalize Marking, 0.0001287 secs] 2020-09-29T11:56:18.182+0200: 4.483: [GC ref-proc, 0.0002635 secs] 2020-09-29T11:56:18.182+0200: 4.483: [Unloading, 0.0004340 secs], 0.0011415 secs]
 [Times: user=0.00 sys=0.00, real=0.00 secs] 
2020-09-29T11:56:18.183+0200: 4.484: [GC cleanup 1023M->80M(2048M), 0.0011026 secs]
 [Times: user=0.00 sys=0.00, real=0.00 secs] 
2020-09-29T11:56:18.185+0200: 4.486: [GC concurrent-cleanup-start]
2020-09-29T11:56:18.185+0200: 4.486: [GC concurrent-cleanup-end, 0.0009138 secs]
2020-09-29T11:56:18.320+0200: 4.621: [GC pause (G1 Evacuation Pause) (young), 0.1611393 secs]
   [Parallel Time: 159.9 ms, GC Workers: 8]
      [GC Worker Start (ms): Min: 4620.9, Avg: 4621.0, Max: 4621.1, Diff: 0.2]
      [Ext Root Scanning (ms): Min: 0.0, Avg: 0.1, Max: 0.2, Diff: 0.2, Sum: 0.5]
      [Update RS (ms): Min: 6.7, Avg: 6.8, Max: 7.0, Diff: 0.3, Sum: 54.1]
         [Processed Buffers: Min: 7, Avg: 8.8, Max: 14, Diff: 7, Sum: 70]
      [Scan RS (ms): Min: 24.5, Avg: 24.8, Max: 25.0, Diff: 0.4, Sum: 198.2]
      [Code Root Scanning (ms): Min: 0.0, Avg: 0.0, Max: 0.0, Diff: 0.0, Sum: 0.0]
      [Object Copy (ms): Min: 127.8, Avg: 127.9, Max: 128.1, Diff: 0.4, Sum: 1023.2]
      [Termination (ms): Min: 0.0, Avg: 0.2, Max: 0.2, Diff: 0.2, Sum: 1.4]
         [Termination Attempts: Min: 1, Avg: 1066.9, Max: 1295, Diff: 1294, Sum: 8535]
      [GC Worker Other (ms): Min: 0.0, Avg: 0.1, Max: 0.1, Diff: 0.1, Sum: 0.4]
      [GC Worker Total (ms): Min: 159.7, Avg: 159.7, Max: 159.8, Diff: 0.2, Sum: 1277.9]
      [GC Worker End (ms): Min: 4780.7, Avg: 4780.8, Max: 4780.8, Diff: 0.1]
   [Code Root Fixup: 0.0 ms]
   [Code Root Purge: 0.0 ms]
   [Clear CT: 0.3 ms]
   [Other: 0.9 ms]
      [Choose CSet: 0.0 ms]
      [Ref Proc: 0.2 ms]
      [Ref Enq: 0.0 ms]
      [Redirty Cards: 0.3 ms]
      [Humongous Register: 0.0 ms]
      [Humongous Reclaim: 0.0 ms]
      [Free CSet: 0.2 ms]
   [Eden: 288.0M(288.0M)->0.0B(285.0M) Survivors: 39.0M->41.0M Heap: 385.6M(2048.0M)->349.1M(2048.0M)]
 [Times: user=1.14 sys=0.09, real=0.16 secs] 
2020-09-29T11:56:18.619+0200: 4.920: [GC pause (G1 Evacuation Pause) (young), 0.1669161 secs]
   [Parallel Time: 165.6 ms, GC Workers: 8]
      [GC Worker Start (ms): Min: 4920.0, Avg: 4920.1, Max: 4920.2, Diff: 0.2]
      [Ext Root Scanning (ms): Min: 0.0, Avg: 0.1, Max: 0.1, Diff: 0.1, Sum: 0.4]
      [Update RS (ms): Min: 6.7, Avg: 6.9, Max: 7.4, Diff: 0.7, Sum: 55.6]
         [Processed Buffers: Min: 8, Avg: 9.6, Max: 12, Diff: 4, Sum: 77]
      [Scan RS (ms): Min: 26.1, Avg: 26.5, Max: 26.8, Diff: 0.7, Sum: 212.0]
      [Code Root Scanning (ms): Min: 0.0, Avg: 0.0, Max: 0.0, Diff: 0.0, Sum: 0.0]
      [Object Copy (ms): Min: 131.6, Avg: 131.7, Max: 131.9, Diff: 0.2, Sum: 1053.9]
      [Termination (ms): Min: 0.0, Avg: 0.1, Max: 0.1, Diff: 0.1, Sum: 0.8]
         [Termination Attempts: Min: 1, Avg: 699.9, Max: 902, Diff: 901, Sum: 5599]
      [GC Worker Other (ms): Min: 0.0, Avg: 0.1, Max: 0.1, Diff: 0.1, Sum: 0.5]
      [GC Worker Total (ms): Min: 165.3, Avg: 165.4, Max: 165.5, Diff: 0.2, Sum: 1323.2]
      [GC Worker End (ms): Min: 5085.5, Avg: 5085.5, Max: 5085.6, Diff: 0.1]
   [Code Root Fixup: 0.0 ms]
   [Code Root Purge: 0.0 ms]
   [Clear CT: 0.2 ms]
   [Other: 1.1 ms]
      [Choose CSet: 0.0 ms]
      [Ref Proc: 0.3 ms]
      [Ref Enq: 0.0 ms]
      [Redirty Cards: 0.4 ms]
      [Humongous Register: 0.0 ms]
      [Humongous Reclaim: 0.0 ms]
      [Free CSet: 0.2 ms]
   [Eden: 285.0M(285.0M)->0.0B(276.0M) Survivors: 41.0M->41.0M Heap: 681.8M(2048.0M)->684.3M(2048.0M)]
 [Times: user=1.09 sys=0.16, real=0.17 secs] 
2020-09-29T11:56:18.918+0200: 5.219: [GC pause (G1 Evacuation Pause) (young), 0.1625015 secs]
   [Parallel Time: 161.6 ms, GC Workers: 8]
      [GC Worker Start (ms): Min: 5219.5, Avg: 5219.6, Max: 5219.6, Diff: 0.1]
      [Ext Root Scanning (ms): Min: 0.0, Avg: 0.1, Max: 0.1, Diff: 0.1, Sum: 0.5]
      [Update RS (ms): Min: 7.1, Avg: 7.2, Max: 7.5, Diff: 0.3, Sum: 57.7]
         [Processed Buffers: Min: 8, Avg: 9.6, Max: 14, Diff: 6, Sum: 77]
      [Scan RS (ms): Min: 25.6, Avg: 25.9, Max: 26.1, Diff: 0.5, Sum: 207.3]
      [Code Root Scanning (ms): Min: 0.0, Avg: 0.0, Max: 0.0, Diff: 0.0, Sum: 0.0]
      [Object Copy (ms): Min: 128.1, Avg: 128.2, Max: 128.3, Diff: 0.2, Sum: 1025.7]
      [Termination (ms): Min: 0.0, Avg: 0.0, Max: 0.0, Diff: 0.0, Sum: 0.2]
         [Termination Attempts: Min: 1, Avg: 140.0, Max: 189, Diff: 188, Sum: 1120]
      [GC Worker Other (ms): Min: 0.0, Avg: 0.0, Max: 0.1, Diff: 0.1, Sum: 0.3]
      [GC Worker Total (ms): Min: 161.4, Avg: 161.5, Max: 161.5, Diff: 0.1, Sum: 1291.7]
      [GC Worker End (ms): Min: 5381.0, Avg: 5381.0, Max: 5381.0, Diff: 0.1]
   [Code Root Fixup: 0.0 ms]
   [Code Root Purge: 0.0 ms]
   [Clear CT: 0.2 ms]
   [Other: 0.7 ms]
      [Choose CSet: 0.0 ms]
      [Ref Proc: 0.2 ms]
      [Ref Enq: 0.0 ms]
      [Redirty Cards: 0.2 ms]
      [Humongous Register: 0.0 ms]
      [Humongous Reclaim: 0.0 ms]
      [Free CSet: 0.2 ms]
   [Eden: 276.0M(276.0M)->0.0B(276.0M) Survivors: 41.0M->40.0M Heap: 1006.1M(2048.0M)->1008.1M(2048.0M)]
 [Times: user=1.19 sys=0.05, real=0.16 secs] 
2020-09-29T11:56:19.098+0200: 5.399: [GC pause (G1 Humongous Allocation) (young) (initial-mark), 0.0400652 secs]
   [Parallel Time: 39.4 ms, GC Workers: 8]
      [GC Worker Start (ms): Min: 5399.0, Avg: 5399.0, Max: 5399.0, Diff: 0.1]
      [Ext Root Scanning (ms): Min: 0.0, Avg: 0.1, Max: 0.1, Diff: 0.1, Sum: 0.6]
      [Update RS (ms): Min: 16.3, Avg: 16.4, Max: 16.7, Diff: 0.4, Sum: 131.5]
         [Processed Buffers: Min: 20, Avg: 22.6, Max: 24, Diff: 4, Sum: 181]
      [Scan RS (ms): Min: 2.6, Avg: 2.8, Max: 3.0, Diff: 0.4, Sum: 22.7]
      [Code Root Scanning (ms): Min: 0.0, Avg: 0.0, Max: 0.0, Diff: 0.0, Sum: 0.0]
      [Object Copy (ms): Min: 19.8, Avg: 19.9, Max: 19.9, Diff: 0.1, Sum: 158.9]
      [Termination (ms): Min: 0.0, Avg: 0.0, Max: 0.0, Diff: 0.0, Sum: 0.1]
         [Termination Attempts: Min: 1, Avg: 65.3, Max: 82, Diff: 81, Sum: 522]
      [GC Worker Other (ms): Min: 0.0, Avg: 0.0, Max: 0.0, Diff: 0.0, Sum: 0.2]
      [GC Worker Total (ms): Min: 39.2, Avg: 39.2, Max: 39.3, Diff: 0.1, Sum: 313.9]
      [GC Worker End (ms): Min: 5438.2, Avg: 5438.2, Max: 5438.3, Diff: 0.0]
   [Code Root Fixup: 0.0 ms]
   [Code Root Purge: 0.0 ms]
   [Clear CT: 0.1 ms]
   [Other: 0.6 ms]
      [Choose CSet: 0.0 ms]
      [Ref Proc: 0.2 ms]
      [Ref Enq: 0.0 ms]
      [Redirty Cards: 0.1 ms]
      [Humongous Register: 0.0 ms]
      [Humongous Reclaim: 0.0 ms]
      [Free CSet: 0.0 ms]
   [Eden: 10.0M(276.0M)->0.0B(332.0M) Survivors: 40.0M->12.0M Heap: 1017.6M(2048.0M)->1021.6M(2048.0M)]
 [Times: user=0.25 sys=0.00, real=0.04 secs] 
2020-09-29T11:56:19.138+0200: 5.439: [GC concurrent-root-region-scan-start]
2020-09-29T11:56:19.140+0200: 5.441: [GC concurrent-root-region-scan-end, 0.0017060 secs]
2020-09-29T11:56:19.140+0200: 5.441: [GC concurrent-mark-start]
2020-09-29T11:56:19.142+0200: 5.443: [GC concurrent-mark-end, 0.0020539 secs]
2020-09-29T11:56:19.142+0200: 5.443: [GC remark 2020-09-29T11:56:19.142+0200: 5.443: [Finalize Marking, 0.0001716 secs] 2020-09-29T11:56:19.142+0200: 5.443: [GC ref-proc, 0.0002552 secs] 2020-09-29T11:56:19.142+0200: 5.443: [Unloading, 0.0004095 secs], 0.0010801 secs]
 [Times: user=0.00 sys=0.00, real=0.00 secs] 
2020-09-29T11:56:19.143+0200: 5.444: [GC cleanup 1032M->31M(2048M), 0.0009686 secs]
 [Times: user=0.00 sys=0.00, real=0.00 secs] 
2020-09-29T11:56:19.144+0200: 5.445: [GC concurrent-cleanup-start]
2020-09-29T11:56:19.145+0200: 5.446: [GC concurrent-cleanup-end, 0.0010268 secs]
2020-09-29T11:56:19.309+0200: 5.610: [GC pause (G1 Evacuation Pause) (young), 0.1695143 secs]
   [Parallel Time: 168.3 ms, GC Workers: 8]
      [GC Worker Start (ms): Min: 5609.7, Avg: 5609.8, Max: 5609.9, Diff: 0.2]
      [Ext Root Scanning (ms): Min: 0.0, Avg: 0.1, Max: 0.2, Diff: 0.2, Sum: 0.5]
      [Update RS (ms): Min: 11.3, Avg: 11.4, Max: 12.2, Diff: 0.9, Sum: 91.4]
         [Processed Buffers: Min: 11, Avg: 13.1, Max: 14, Diff: 3, Sum: 105]
      [Scan RS (ms): Min: 25.2, Avg: 26.1, Max: 26.3, Diff: 1.1, Sum: 208.6]
      [Code Root Scanning (ms): Min: 0.0, Avg: 0.0, Max: 0.0, Diff: 0.0, Sum: 0.0]
      [Object Copy (ms): Min: 130.3, Avg: 130.4, Max: 130.5, Diff: 0.2, Sum: 1043.6]
      [Termination (ms): Min: 0.0, Avg: 0.0, Max: 0.0, Diff: 0.0, Sum: 0.1]
         [Termination Attempts: Min: 1, Avg: 41.5, Max: 67, Diff: 66, Sum: 332]
      [GC Worker Other (ms): Min: 0.0, Avg: 0.0, Max: 0.1, Diff: 0.1, Sum: 0.4]
      [GC Worker Total (ms): Min: 168.0, Avg: 168.1, Max: 168.2, Diff: 0.2, Sum: 1344.5]
      [GC Worker End (ms): Min: 5777.8, Avg: 5777.9, Max: 5777.9, Diff: 0.1]
   [Code Root Fixup: 0.0 ms]
   [Code Root Purge: 0.0 ms]
   [Clear CT: 0.2 ms]
   [Other: 1.0 ms]
      [Choose CSet: 0.0 ms]
      [Ref Proc: 0.3 ms]
      [Ref Enq: 0.0 ms]
      [Redirty Cards: 0.2 ms]
      [Humongous Register: 0.0 ms]
      [Humongous Reclaim: 0.0 ms]
      [Free CSet: 0.2 ms]
   [Eden: 332.0M(332.0M)->0.0B(299.0M) Survivors: 12.0M->43.0M Heap: 409.7M(2048.0M)->400.2M(2048.0M)]
 [Times: user=1.34 sys=0.03, real=0.17 secs] 
2020-09-29T11:56:19.637+0200: 5.938: [GC pause (G1 Evacuation Pause) (young), 0.1844666 secs]
   [Parallel Time: 183.5 ms, GC Workers: 8]
      [GC Worker Start (ms): Min: 5938.4, Avg: 5938.5, Max: 5938.6, Diff: 0.2]
      [Ext Root Scanning (ms): Min: 0.0, Avg: 0.1, Max: 0.2, Diff: 0.2, Sum: 0.6]
      [Update RS (ms): Min: 10.5, Avg: 10.7, Max: 11.2, Diff: 0.7, Sum: 85.6]
         [Processed Buffers: Min: 11, Avg: 13.1, Max: 16, Diff: 5, Sum: 105]
      [Scan RS (ms): Min: 26.6, Avg: 27.2, Max: 27.4, Diff: 0.9, Sum: 217.2]
      [Code Root Scanning (ms): Min: 0.0, Avg: 0.0, Max: 0.0, Diff: 0.0, Sum: 0.0]
      [Object Copy (ms): Min: 145.1, Avg: 145.2, Max: 145.3, Diff: 0.2, Sum: 1161.6]
      [Termination (ms): Min: 0.0, Avg: 0.1, Max: 0.2, Diff: 0.2, Sum: 1.1]
         [Termination Attempts: Min: 1, Avg: 897.4, Max: 1130, Diff: 1129, Sum: 7179]
      [GC Worker Other (ms): Min: 0.1, Avg: 0.1, Max: 0.1, Diff: 0.1, Sum: 0.7]
      [GC Worker Total (ms): Min: 183.3, Avg: 183.3, Max: 183.4, Diff: 0.2, Sum: 1466.7]
      [GC Worker End (ms): Min: 6121.8, Avg: 6121.9, Max: 6121.9, Diff: 0.1]
   [Code Root Fixup: 0.0 ms]
   [Code Root Purge: 0.0 ms]
   [Clear CT: 0.1 ms]
   [Other: 0.8 ms]
      [Choose CSet: 0.0 ms]
      [Ref Proc: 0.2 ms]
      [Ref Enq: 0.0 ms]
      [Redirty Cards: 0.2 ms]
      [Humongous Register: 0.0 ms]
      [Humongous Reclaim: 0.0 ms]
      [Free CSet: 0.2 ms]
   [Eden: 299.0M(299.0M)->0.0B(281.0M) Survivors: 43.0M->43.0M Heap: 748.8M(2048.0M)->751.3M(2048.0M)]
 [Times: user=1.45 sys=0.03, real=0.18 secs] 
2020-09-29T11:56:19.955+0200: 6.257: [GC pause (G1 Evacuation Pause) (young), 0.1650322 secs]
   [Parallel Time: 164.1 ms, GC Workers: 8]
      [GC Worker Start (ms): Min: 6256.8, Avg: 6256.9, Max: 6256.9, Diff: 0.2]
      [Ext Root Scanning (ms): Min: 0.0, Avg: 0.1, Max: 0.2, Diff: 0.2, Sum: 0.5]
      [Update RS (ms): Min: 11.2, Avg: 11.5, Max: 11.9, Diff: 0.6, Sum: 92.3]
         [Processed Buffers: Min: 13, Avg: 13.3, Max: 14, Diff: 1, Sum: 106]
      [Scan RS (ms): Min: 22.6, Avg: 22.9, Max: 23.3, Diff: 0.7, Sum: 183.5]
      [Code Root Scanning (ms): Min: 0.0, Avg: 0.0, Max: 0.0, Diff: 0.0, Sum: 0.0]
      [Object Copy (ms): Min: 129.2, Avg: 129.3, Max: 129.4, Diff: 0.2, Sum: 1034.5]
      [Termination (ms): Min: 0.0, Avg: 0.1, Max: 0.1, Diff: 0.1, Sum: 0.5]
         [Termination Attempts: Min: 1, Avg: 396.5, Max: 549, Diff: 548, Sum: 3172]
      [GC Worker Other (ms): Min: 0.0, Avg: 0.0, Max: 0.1, Diff: 0.0, Sum: 0.3]
      [GC Worker Total (ms): Min: 163.9, Avg: 164.0, Max: 164.0, Diff: 0.1, Sum: 1311.7]
      [GC Worker End (ms): Min: 6420.8, Avg: 6420.8, Max: 6420.8, Diff: 0.0]
   [Code Root Fixup: 0.0 ms]
   [Code Root Purge: 0.0 ms]
   [Clear CT: 0.1 ms]
   [Other: 0.8 ms]
      [Choose CSet: 0.0 ms]
      [Ref Proc: 0.2 ms]
      [Ref Enq: 0.0 ms]
      [Redirty Cards: 0.2 ms]
      [Humongous Register: 0.0 ms]
      [Humongous Reclaim: 0.0 ms]
      [Free CSet: 0.2 ms]
   [Eden: 281.0M(281.0M)->0.0B(284.0M) Survivors: 43.0M->41.0M Heap: 1078.1M(2048.0M)->1079.6M(2048.0M)]
 [Times: user=1.34 sys=0.03, real=0.17 secs] 
2020-09-29T11:56:20.134+0200: 6.435: [GC pause (G1 Humongous Allocation) (young) (initial-mark), 0.0438427 secs]
   [Parallel Time: 43.2 ms, GC Workers: 8]
      [GC Worker Start (ms): Min: 6434.9, Avg: 6435.0, Max: 6435.0, Diff: 0.1]
      [Ext Root Scanning (ms): Min: 0.0, Avg: 0.1, Max: 0.1, Diff: 0.1, Sum: 0.6]
      [Update RS (ms): Min: 22.6, Avg: 22.7, Max: 23.0, Diff: 0.5, Sum: 181.7]
         [Processed Buffers: Min: 28, Avg: 30.0, Max: 32, Diff: 4, Sum: 240]
      [Scan RS (ms): Min: 2.5, Avg: 2.8, Max: 3.0, Diff: 0.5, Sum: 22.5]
      [Code Root Scanning (ms): Min: 0.0, Avg: 0.0, Max: 0.0, Diff: 0.0, Sum: 0.0]
      [Object Copy (ms): Min: 17.4, Avg: 17.5, Max: 17.5, Diff: 0.1, Sum: 139.8]
      [Termination (ms): Min: 0.0, Avg: 0.0, Max: 0.0, Diff: 0.0, Sum: 0.0]
         [Termination Attempts: Min: 1, Avg: 1.3, Max: 3, Diff: 2, Sum: 10]
      [GC Worker Other (ms): Min: 0.0, Avg: 0.0, Max: 0.0, Diff: 0.0, Sum: 0.1]
      [GC Worker Total (ms): Min: 43.1, Avg: 43.1, Max: 43.1, Diff: 0.1, Sum: 344.8]
      [GC Worker End (ms): Min: 6478.0, Avg: 6478.1, Max: 6478.1, Diff: 0.0]
   [Code Root Fixup: 0.0 ms]
   [Code Root Purge: 0.0 ms]
   [Clear CT: 0.1 ms]
   [Other: 0.5 ms]
      [Choose CSet: 0.0 ms]
      [Ref Proc: 0.2 ms]
      [Ref Enq: 0.0 ms]
      [Redirty Cards: 0.1 ms]
      [Humongous Register: 0.0 ms]
      [Humongous Reclaim: 0.0 ms]
      [Free CSet: 0.0 ms]
   [Eden: 4096.0K(284.0M)->0.0B(342.0M) Survivors: 41.0M->7168.0K Heap: 1083.6M(2048.0M)->1088.1M(2048.0M)]
 [Times: user=0.38 sys=0.00, real=0.04 secs] 
2020-09-29T11:56:20.178+0200: 6.479: [GC concurrent-root-region-scan-start]
2020-09-29T11:56:20.178+0200: 6.480: [GC concurrent-root-region-scan-end, 0.0008072 secs]
2020-09-29T11:56:20.178+0200: 6.480: [GC concurrent-mark-start]
2020-09-29T11:56:20.181+0200: 6.482: [GC concurrent-mark-end, 0.0021607 secs]
2020-09-29T11:56:20.181+0200: 6.482: [GC remark 2020-09-29T11:56:20.181+0200: 6.482: [Finalize Marking, 0.0001657 secs] 2020-09-29T11:56:20.181+0200: 6.482: [GC ref-proc, 0.0002628 secs] 2020-09-29T11:56:20.181+0200: 6.482: [Unloading, 0.0004035 secs], 0.0010817 secs]
 [Times: user=0.00 sys=0.00, real=0.00 secs] 
2020-09-29T11:56:20.182+0200: 6.483: [GC cleanup 1094M->22M(2048M), 0.0009967 secs]
 [Times: user=0.00 sys=0.00, real=0.00 secs] 
2020-09-29T11:56:20.183+0200: 6.484: [GC concurrent-cleanup-start]
2020-09-29T11:56:20.184+0200: 6.486: [GC concurrent-cleanup-end, 0.0012158 secs]
2020-09-29T11:56:20.359+0200: 6.660: [GC pause (G1 Evacuation Pause) (young), 0.1788988 secs]
   [Parallel Time: 178.0 ms, GC Workers: 8]
      [GC Worker Start (ms): Min: 6660.4, Avg: 6660.5, Max: 6660.6, Diff: 0.2]
      [Ext Root Scanning (ms): Min: 0.0, Avg: 0.1, Max: 0.2, Diff: 0.2, Sum: 0.5]
      [Update RS (ms): Min: 11.3, Avg: 11.6, Max: 11.9, Diff: 0.6, Sum: 92.4]
         [Processed Buffers: Min: 11, Avg: 11.4, Max: 12, Diff: 1, Sum: 91]
      [Scan RS (ms): Min: 29.4, Avg: 29.8, Max: 30.1, Diff: 0.7, Sum: 238.1]
      [Code Root Scanning (ms): Min: 0.0, Avg: 0.0, Max: 0.0, Diff: 0.0, Sum: 0.0]
      [Object Copy (ms): Min: 136.2, Avg: 136.2, Max: 136.3, Diff: 0.2, Sum: 1090.0]
      [Termination (ms): Min: 0.0, Avg: 0.0, Max: 0.0, Diff: 0.0, Sum: 0.3]
         [Termination Attempts: Min: 1, Avg: 261.5, Max: 332, Diff: 331, Sum: 2092]
      [GC Worker Other (ms): Min: 0.0, Avg: 0.0, Max: 0.1, Diff: 0.0, Sum: 0.3]
      [GC Worker Total (ms): Min: 177.6, Avg: 177.7, Max: 177.8, Diff: 0.2, Sum: 1421.6]
      [GC Worker End (ms): Min: 6838.2, Avg: 6838.2, Max: 6838.3, Diff: 0.0]
   [Code Root Fixup: 0.0 ms]
   [Code Root Purge: 0.0 ms]
   [Clear CT: 0.2 ms]
   [Other: 0.8 ms]
      [Choose CSet: 0.0 ms]
      [Ref Proc: 0.2 ms]
      [Ref Enq: 0.0 ms]
      [Redirty Cards: 0.2 ms]
      [Humongous Register: 0.0 ms]
      [Humongous Reclaim: 0.0 ms]
      [Free CSet: 0.2 ms]
   [Eden: 342.0M(342.0M)->0.0B(292.0M) Survivors: 7168.0K->44.0M Heap: 414.7M(2048.0M)->410.7M(2048.0M)]
 [Times: user=1.42 sys=0.06, real=0.18 secs] 
2020-09-29T11:56:20.680+0200: 6.981: [GC pause (G1 Evacuation Pause) (young), 0.1704699 secs]
   [Parallel Time: 169.0 ms, GC Workers: 8]
      [GC Worker Start (ms): Min: 6981.1, Avg: 6981.2, Max: 6981.3, Diff: 0.2]
      [Ext Root Scanning (ms): Min: 0.0, Avg: 0.1, Max: 0.2, Diff: 0.2, Sum: 0.5]
      [Update RS (ms): Min: 13.4, Avg: 13.8, Max: 14.4, Diff: 1.1, Sum: 110.1]
         [Processed Buffers: Min: 13, Avg: 15.6, Max: 18, Diff: 5, Sum: 125]
      [Scan RS (ms): Min: 23.1, Avg: 23.8, Max: 24.2, Diff: 1.1, Sum: 190.3]
      [Code Root Scanning (ms): Min: 0.0, Avg: 0.0, Max: 0.0, Diff: 0.0, Sum: 0.0]
      [Object Copy (ms): Min: 131.0, Avg: 131.1, Max: 131.1, Diff: 0.1, Sum: 1048.9]
      [Termination (ms): Min: 0.0, Avg: 0.0, Max: 0.0, Diff: 0.0, Sum: 0.2]
         [Termination Attempts: Min: 1, Avg: 154.9, Max: 198, Diff: 197, Sum: 1239]
      [GC Worker Other (ms): Min: 0.0, Avg: 0.0, Max: 0.1, Diff: 0.0, Sum: 0.3]
      [GC Worker Total (ms): Min: 168.7, Avg: 168.8, Max: 168.9, Diff: 0.2, Sum: 1350.3]
      [GC Worker End (ms): Min: 7150.0, Avg: 7150.0, Max: 7150.0, Diff: 0.0]
   [Code Root Fixup: 0.0 ms]
   [Code Root Purge: 0.0 ms]
   [Clear CT: 0.3 ms]
   [Other: 1.2 ms]
      [Choose CSet: 0.0 ms]
      [Ref Proc: 0.4 ms]
      [Ref Enq: 0.0 ms]
      [Redirty Cards: 0.4 ms]
      [Humongous Register: 0.0 ms]
      [Humongous Reclaim: 0.0 ms]
      [Free CSet: 0.2 ms]
   [Eden: 292.0M(292.0M)->0.0B(289.0M) Survivors: 44.0M->42.0M Heap: 752.3M(2048.0M)->753.8M(2048.0M)]
 [Times: user=1.27 sys=0.06, real=0.17 secs] 
2020-09-29T11:56:20.989+0200: 7.290: [GC pause (G1 Evacuation Pause) (young), 0.1727482 secs]
   [Parallel Time: 171.9 ms, GC Workers: 8]
      [GC Worker Start (ms): Min: 7290.2, Avg: 7290.3, Max: 7290.4, Diff: 0.2]
      [Ext Root Scanning (ms): Min: 0.0, Avg: 0.1, Max: 0.2, Diff: 0.2, Sum: 0.5]
      [Update RS (ms): Min: 17.1, Avg: 17.4, Max: 17.9, Diff: 0.8, Sum: 139.5]
         [Processed Buffers: Min: 18, Avg: 19.0, Max: 20, Diff: 2, Sum: 152]
      [Scan RS (ms): Min: 20.4, Avg: 20.9, Max: 21.2, Diff: 0.8, Sum: 167.4]
      [Code Root Scanning (ms): Min: 0.0, Avg: 0.0, Max: 0.0, Diff: 0.0, Sum: 0.0]
      [Object Copy (ms): Min: 132.8, Avg: 133.1, Max: 133.2, Diff: 0.3, Sum: 1064.4]
      [Termination (ms): Min: 0.0, Avg: 0.0, Max: 0.0, Diff: 0.0, Sum: 0.1]
         [Termination Attempts: Min: 1, Avg: 48.6, Max: 70, Diff: 69, Sum: 389]
      [GC Worker Other (ms): Min: 0.0, Avg: 0.0, Max: 0.2, Diff: 0.2, Sum: 0.3]
      [GC Worker Total (ms): Min: 171.5, Avg: 171.5, Max: 171.6, Diff: 0.2, Sum: 1372.3]
      [GC Worker End (ms): Min: 7461.8, Avg: 7461.9, Max: 7462.0, Diff: 0.2]
   [Code Root Fixup: 0.0 ms]
   [Code Root Purge: 0.0 ms]
   [Clear CT: 0.1 ms]
   [Other: 0.7 ms]
      [Choose CSet: 0.0 ms]
      [Ref Proc: 0.1 ms]
      [Ref Enq: 0.0 ms]
      [Redirty Cards: 0.2 ms]
      [Humongous Register: 0.0 ms]
      [Humongous Reclaim: 0.0 ms]
      [Free CSet: 0.2 ms]
   [Eden: 289.0M(289.0M)->0.0B(287.0M) Survivors: 42.0M->42.0M Heap: 1090.5M(2048.0M)->1093.0M(2048.0M)]
 [Times: user=1.36 sys=0.02, real=0.17 secs] 
2020-09-29T11:56:21.173+0200: 7.474: [GC pause (G1 Humongous Allocation) (young) (initial-mark), 0.0529959 secs]
   [Parallel Time: 52.0 ms, GC Workers: 8]
      [GC Worker Start (ms): Min: 7474.4, Avg: 7474.4, Max: 7474.4, Diff: 0.1]
      [Ext Root Scanning (ms): Min: 0.0, Avg: 0.1, Max: 0.1, Diff: 0.1, Sum: 0.6]
      [Update RS (ms): Min: 26.0, Avg: 26.2, Max: 26.5, Diff: 0.5, Sum: 209.3]
         [Processed Buffers: Min: 33, Avg: 34.8, Max: 36, Diff: 3, Sum: 278]
      [Scan RS (ms): Min: 2.7, Avg: 3.0, Max: 3.2, Diff: 0.5, Sum: 24.3]
      [Code Root Scanning (ms): Min: 0.0, Avg: 0.0, Max: 0.0, Diff: 0.0, Sum: 0.0]
      [Object Copy (ms): Min: 22.4, Avg: 22.5, Max: 22.6, Diff: 0.2, Sum: 179.9]
      [Termination (ms): Min: 0.0, Avg: 0.1, Max: 0.2, Diff: 0.2, Sum: 1.0]
         [Termination Attempts: Min: 1, Avg: 814.9, Max: 1158, Diff: 1157, Sum: 6519]
      [GC Worker Other (ms): Min: 0.0, Avg: 0.0, Max: 0.0, Diff: 0.0, Sum: 0.1]
      [GC Worker Total (ms): Min: 51.9, Avg: 51.9, Max: 51.9, Diff: 0.1, Sum: 415.2]
      [GC Worker End (ms): Min: 7526.3, Avg: 7526.3, Max: 7526.3, Diff: 0.0]
   [Code Root Fixup: 0.0 ms]
   [Code Root Purge: 0.0 ms]
   [Clear CT: 0.1 ms]
   [Other: 0.8 ms]
      [Choose CSet: 0.0 ms]
      [Ref Proc: 0.2 ms]
      [Ref Enq: 0.0 ms]
      [Redirty Cards: 0.4 ms]
      [Humongous Register: 0.0 ms]
      [Humongous Reclaim: 0.0 ms]
      [Free CSet: 0.0 ms]
   [Eden: 5120.0K(287.0M)->0.0B(318.0M) Survivors: 42.0M->6144.0K Heap: 1097.5M(2048.0M)->1101.5M(2048.0M)]
 [Times: user=0.50 sys=0.00, real=0.05 secs] 
2020-09-29T11:56:21.226+0200: 7.527: [GC concurrent-root-region-scan-start]
2020-09-29T11:56:21.227+0200: 7.528: [GC concurrent-root-region-scan-end, 0.0009667 secs]
2020-09-29T11:56:21.227+0200: 7.528: [GC concurrent-mark-start]
2020-09-29T11:56:21.229+0200: 7.531: [GC concurrent-mark-end, 0.0021858 secs]
2020-09-29T11:56:21.230+0200: 7.531: [GC remark 2020-09-29T11:56:21.230+0200: 7.531: [Finalize Marking, 0.0001350 secs] 2020-09-29T11:56:21.230+0200: 7.531: [GC ref-proc, 0.0002627 secs] 2020-09-29T11:56:21.230+0200: 7.531: [Unloading, 0.0010395 secs], 0.0024731 secs]
 [Times: user=0.00 sys=0.00, real=0.00 secs] 
2020-09-29T11:56:21.233+0200: 7.534: [GC cleanup 1108M->21M(2048M), 0.0016752 secs]
 [Times: user=0.00 sys=0.00, real=0.00 secs] 
2020-09-29T11:56:21.234+0200: 7.535: [GC concurrent-cleanup-start]
2020-09-29T11:56:21.236+0200: 7.537: [GC concurrent-cleanup-end, 0.0012775 secs]
2020-09-29T11:56:21.397+0200: 7.698: [GC pause (G1 Evacuation Pause) (young), 0.1999316 secs]
   [Parallel Time: 198.8 ms, GC Workers: 8]
      [GC Worker Start (ms): Min: 7697.9, Avg: 7698.0, Max: 7698.0, Diff: 0.1]
      [Ext Root Scanning (ms): Min: 0.0, Avg: 0.1, Max: 0.1, Diff: 0.1, Sum: 0.6]
      [Update RS (ms): Min: 13.4, Avg: 13.7, Max: 14.0, Diff: 0.6, Sum: 109.4]
         [Processed Buffers: Min: 14, Avg: 14.9, Max: 17, Diff: 3, Sum: 119]
      [Scan RS (ms): Min: 22.8, Avg: 23.1, Max: 23.4, Diff: 0.6, Sum: 185.1]
      [Code Root Scanning (ms): Min: 0.0, Avg: 0.0, Max: 0.0, Diff: 0.0, Sum: 0.0]
      [Object Copy (ms): Min: 161.2, Avg: 161.3, Max: 161.6, Diff: 0.4, Sum: 1290.3]
      [Termination (ms): Min: 0.0, Avg: 0.3, Max: 0.4, Diff: 0.4, Sum: 2.3]
         [Termination Attempts: Min: 1, Avg: 1640.6, Max: 2076, Diff: 2075, Sum: 13125]
      [GC Worker Other (ms): Min: 0.0, Avg: 0.1, Max: 0.1, Diff: 0.1, Sum: 0.4]
      [GC Worker Total (ms): Min: 198.5, Avg: 198.5, Max: 198.6, Diff: 0.1, Sum: 1588.2]
      [GC Worker End (ms): Min: 7896.5, Avg: 7896.5, Max: 7896.5, Diff: 0.1]
   [Code Root Fixup: 0.0 ms]
   [Code Root Purge: 0.0 ms]
   [Clear CT: 0.2 ms]
   [Other: 0.9 ms]
      [Choose CSet: 0.0 ms]
      [Ref Proc: 0.2 ms]
      [Ref Enq: 0.0 ms]
      [Redirty Cards: 0.3 ms]
      [Humongous Register: 0.0 ms]
      [Humongous Reclaim: 0.0 ms]
      [Free CSet: 0.2 ms]
   [Eden: 318.0M(318.0M)->0.0B(259.0M) Survivors: 6144.0K->41.0M Heap: 386.4M(2048.0M)->381.9M(2048.0M)]
 [Times: user=1.41 sys=0.09, real=0.20 secs] 
2020-09-29T11:56:21.760+0200: 8.061: [GC pause (G1 Evacuation Pause) (young), 0.2121397 secs]
   [Parallel Time: 210.1 ms, GC Workers: 8]
      [GC Worker Start (ms): Min: 8060.9, Avg: 8061.0, Max: 8061.0, Diff: 0.1]
      [Ext Root Scanning (ms): Min: 0.0, Avg: 0.1, Max: 0.1, Diff: 0.1, Sum: 0.8]
      [Update RS (ms): Min: 23.4, Avg: 23.6, Max: 23.9, Diff: 0.5, Sum: 188.8]
         [Processed Buffers: Min: 18, Avg: 20.0, Max: 24, Diff: 6, Sum: 160]
      [Scan RS (ms): Min: 22.4, Avg: 22.8, Max: 23.1, Diff: 0.7, Sum: 182.0]
      [Code Root Scanning (ms): Min: 0.0, Avg: 0.0, Max: 0.0, Diff: 0.0, Sum: 0.0]
      [Object Copy (ms): Min: 163.1, Avg: 163.3, Max: 163.4, Diff: 0.3, Sum: 1306.3]
      [Termination (ms): Min: 0.0, Avg: 0.0, Max: 0.0, Diff: 0.0, Sum: 0.1]
         [Termination Attempts: Min: 1, Avg: 72.0, Max: 94, Diff: 93, Sum: 576]
      [GC Worker Other (ms): Min: 0.0, Avg: 0.1, Max: 0.1, Diff: 0.1, Sum: 0.5]
      [GC Worker Total (ms): Min: 209.8, Avg: 209.8, Max: 209.9, Diff: 0.1, Sum: 1678.6]
      [GC Worker End (ms): Min: 8270.7, Avg: 8270.8, Max: 8270.8, Diff: 0.1]
   [Code Root Fixup: 0.0 ms]
   [Code Root Purge: 0.0 ms]
   [Clear CT: 0.6 ms]
   [Other: 1.4 ms]
      [Choose CSet: 0.0 ms]
      [Ref Proc: 0.3 ms]
      [Ref Enq: 0.0 ms]
      [Redirty Cards: 0.4 ms]
      [Humongous Register: 0.0 ms]
      [Humongous Reclaim: 0.0 ms]
      [Free CSet: 0.2 ms]
   [Eden: 259.0M(259.0M)->0.0B(222.0M) Survivors: 41.0M->38.0M Heap: 684.8M(2048.0M)->686.3M(2048.0M)]
 [Times: user=1.58 sys=0.05, real=0.21 secs] 
2020-09-29T11:56:22.122+0200: 8.423: [GC pause (G1 Evacuation Pause) (young), 0.1791055 secs]
   [Parallel Time: 177.9 ms, GC Workers: 8]
      [GC Worker Start (ms): Min: 8422.8, Avg: 8422.9, Max: 8423.0, Diff: 0.2]
      [Ext Root Scanning (ms): Min: 0.0, Avg: 0.1, Max: 0.2, Diff: 0.2, Sum: 0.7]
      [Update RS (ms): Min: 14.4, Avg: 14.9, Max: 15.4, Diff: 1.0, Sum: 119.5]
         [Processed Buffers: Min: 12, Avg: 13.0, Max: 14, Diff: 2, Sum: 104]
      [Scan RS (ms): Min: 21.9, Avg: 22.4, Max: 22.9, Diff: 1.0, Sum: 179.0]
      [Code Root Scanning (ms): Min: 0.0, Avg: 0.0, Max: 0.0, Diff: 0.0, Sum: 0.0]
      [Object Copy (ms): Min: 140.1, Avg: 140.2, Max: 140.3, Diff: 0.3, Sum: 1121.9]
      [Termination (ms): Min: 0.0, Avg: 0.0, Max: 0.0, Diff: 0.0, Sum: 0.1]
         [Termination Attempts: Min: 1, Avg: 41.3, Max: 70, Diff: 69, Sum: 330]
      [GC Worker Other (ms): Min: 0.0, Avg: 0.0, Max: 0.1, Diff: 0.0, Sum: 0.3]
      [GC Worker Total (ms): Min: 177.6, Avg: 177.7, Max: 177.8, Diff: 0.2, Sum: 1421.5]
      [GC Worker End (ms): Min: 8600.5, Avg: 8600.5, Max: 8600.6, Diff: 0.0]
   [Code Root Fixup: 0.0 ms]
   [Code Root Purge: 0.0 ms]
   [Clear CT: 0.2 ms]
   [Other: 0.9 ms]
      [Choose CSet: 0.0 ms]
      [Ref Proc: 0.2 ms]
      [Ref Enq: 0.0 ms]
      [Redirty Cards: 0.3 ms]
      [Humongous Register: 0.1 ms]
      [Humongous Reclaim: 0.0 ms]
      [Free CSet: 0.3 ms]
   [Eden: 222.0M(222.0M)->0.0B(215.0M) Survivors: 38.0M->33.0M Heap: 944.5M(2048.0M)->946.5M(2048.0M)]
 [Times: user=1.34 sys=0.00, real=0.18 secs] 
2020-09-29T11:56:22.309+0200: 8.609: [GC pause (G1 Humongous Allocation) (young) (initial-mark), 0.0628045 secs]
   [Parallel Time: 60.9 ms, GC Workers: 8]
      [GC Worker Start (ms): Min: 8609.4, Avg: 8609.5, Max: 8609.6, Diff: 0.2]
      [Ext Root Scanning (ms): Min: 0.0, Avg: 1.9, Max: 13.6, Diff: 13.6, Sum: 15.4]
      [Update RS (ms): Min: 25.1, Avg: 37.0, Max: 39.4, Diff: 14.2, Sum: 295.9]
         [Processed Buffers: Min: 23, Avg: 34.4, Max: 43, Diff: 20, Sum: 275]
      [Scan RS (ms): Min: 2.1, Avg: 2.6, Max: 2.8, Diff: 0.7, Sum: 21.0]
      [Code Root Scanning (ms): Min: 0.0, Avg: 0.0, Max: 0.0, Diff: 0.0, Sum: 0.0]
      [Object Copy (ms): Min: 19.0, Avg: 19.2, Max: 19.2, Diff: 0.2, Sum: 153.2]
      [Termination (ms): Min: 0.0, Avg: 0.0, Max: 0.0, Diff: 0.0, Sum: 0.3]
         [Termination Attempts: Min: 1, Avg: 170.5, Max: 232, Diff: 231, Sum: 1364]
      [GC Worker Other (ms): Min: 0.0, Avg: 0.0, Max: 0.0, Diff: 0.0, Sum: 0.1]
      [GC Worker Total (ms): Min: 60.6, Avg: 60.7, Max: 60.8, Diff: 0.2, Sum: 485.9]
      [GC Worker End (ms): Min: 8670.2, Avg: 8670.2, Max: 8670.2, Diff: 0.0]
   [Code Root Fixup: 0.0 ms]
   [Code Root Purge: 0.0 ms]
   [Clear CT: 0.3 ms]
   [Other: 1.7 ms]
      [Choose CSet: 0.0 ms]
      [Ref Proc: 0.2 ms]
      [Ref Enq: 0.0 ms]
      [Redirty Cards: 0.2 ms]
      [Humongous Register: 0.1 ms]
      [Humongous Reclaim: 0.0 ms]
      [Free CSet: 0.1 ms]
   [Eden: 3072.0K(215.0M)->0.0B(250.0M) Survivors: 33.0M->5120.0K Heap: 949.0M(2048.0M)->953.0M(2048.0M)]
 [Times: user=0.47 sys=0.00, real=0.06 secs] 
2020-09-29T11:56:22.372+0200: 8.672: [GC concurrent-root-region-scan-start]
2020-09-29T11:56:22.372+0200: 8.673: [GC concurrent-root-region-scan-end, 0.0005981 secs]
2020-09-29T11:56:22.372+0200: 8.673: [GC concurrent-mark-start]
2020-09-29T11:56:22.375+0200: 8.675: [GC concurrent-mark-end, 0.0025015 secs]
2020-09-29T11:56:22.375+0200: 8.675: [GC remark 2020-09-29T11:56:22.375+0200: 8.675: [Finalize Marking, 0.0001495 secs] 2020-09-29T11:56:22.375+0200: 8.676: [GC ref-proc, 0.0003335 secs] 2020-09-29T11:56:22.375+0200: 8.676: [Unloading, 0.0005151 secs], 0.0012893 secs]
 [Times: user=0.00 sys=0.00, real=0.00 secs] 
2020-09-29T11:56:22.376+0200: 8.677: [GC cleanup 960M->21M(2048M), 0.0012572 secs]
 [Times: user=0.00 sys=0.00, real=0.00 secs] 
2020-09-29T11:56:22.378+0200: 8.678: [GC concurrent-cleanup-start]
2020-09-29T11:56:22.379+0200: 8.680: [GC concurrent-cleanup-end, 0.0011026 secs]
2020-09-29T11:56:22.541+0200: 8.842: [GC pause (G1 Evacuation Pause) (young), 0.1705348 secs]
   [Parallel Time: 169.2 ms, GC Workers: 8]
      [GC Worker Start (ms): Min: 8841.9, Avg: 8842.5, Max: 8843.2, Diff: 1.3]
      [Ext Root Scanning (ms): Min: 0.0, Avg: 0.1, Max: 0.2, Diff: 0.2, Sum: 0.6]
      [Update RS (ms): Min: 17.9, Avg: 18.7, Max: 19.7, Diff: 1.8, Sum: 149.3]
         [Processed Buffers: Min: 14, Avg: 15.4, Max: 17, Diff: 3, Sum: 123]
      [Scan RS (ms): Min: 18.8, Avg: 19.4, Max: 19.8, Diff: 1.0, Sum: 155.0]
      [Code Root Scanning (ms): Min: 0.0, Avg: 0.0, Max: 0.0, Diff: 0.0, Sum: 0.0]
      [Object Copy (ms): Min: 130.1, Avg: 130.3, Max: 130.4, Diff: 0.3, Sum: 1042.0]
      [Termination (ms): Min: 0.0, Avg: 0.0, Max: 0.0, Diff: 0.0, Sum: 0.2]
         [Termination Attempts: Min: 1, Avg: 134.5, Max: 181, Diff: 180, Sum: 1076]
      [GC Worker Other (ms): Min: 0.0, Avg: 0.0, Max: 0.1, Diff: 0.1, Sum: 0.4]
      [GC Worker Total (ms): Min: 167.8, Avg: 168.4, Max: 169.1, Diff: 1.3, Sum: 1347.6]
      [GC Worker End (ms): Min: 9011.0, Avg: 9011.0, Max: 9011.0, Diff: 0.1]
   [Code Root Fixup: 0.0 ms]
   [Code Root Purge: 0.0 ms]
   [Clear CT: 0.2 ms]
   [Other: 1.1 ms]
      [Choose CSet: 0.0 ms]
      [Ref Proc: 0.2 ms]
      [Ref Enq: 0.0 ms]
      [Redirty Cards: 0.3 ms]
      [Humongous Register: 0.1 ms]
      [Humongous Reclaim: 0.0 ms]
      [Free CSet: 0.3 ms]
   [Eden: 250.0M(250.0M)->0.0B(225.0M) Survivors: 5120.0K->32.0M Heap: 306.0M(2048.0M)->304.0M(2048.0M)]
 [Times: user=1.33 sys=0.05, real=0.17 secs] 
2020-09-29T11:56:22.896+0200: 9.197: [GC pause (G1 Evacuation Pause) (young), 0.1903631 secs]
   [Parallel Time: 189.3 ms, GC Workers: 8]
      [GC Worker Start (ms): Min: 9197.0, Avg: 9197.1, Max: 9197.2, Diff: 0.2]
      [Ext Root Scanning (ms): Min: 0.0, Avg: 0.1, Max: 0.2, Diff: 0.2, Sum: 0.8]
      [Update RS (ms): Min: 16.5, Avg: 16.9, Max: 17.6, Diff: 1.0, Sum: 135.4]
         [Processed Buffers: Min: 12, Avg: 14.6, Max: 16, Diff: 4, Sum: 117]
      [Scan RS (ms): Min: 21.1, Avg: 21.8, Max: 22.2, Diff: 1.1, Sum: 174.4]
      [Code Root Scanning (ms): Min: 0.0, Avg: 0.0, Max: 0.0, Diff: 0.0, Sum: 0.0]
      [Object Copy (ms): Min: 149.8, Avg: 150.0, Max: 150.2, Diff: 0.5, Sum: 1199.7]
      [Termination (ms): Min: 0.0, Avg: 0.2, Max: 0.2, Diff: 0.2, Sum: 1.3]
         [Termination Attempts: Min: 1, Avg: 931.6, Max: 1225, Diff: 1224, Sum: 7453]
      [GC Worker Other (ms): Min: 0.0, Avg: 0.0, Max: 0.1, Diff: 0.1, Sum: 0.3]
      [GC Worker Total (ms): Min: 188.9, Avg: 189.0, Max: 189.1, Diff: 0.2, Sum: 1511.9]
      [GC Worker End (ms): Min: 9386.1, Avg: 9386.1, Max: 9386.2, Diff: 0.0]
   [Code Root Fixup: 0.0 ms]
   [Code Root Purge: 0.0 ms]
   [Clear CT: 0.2 ms]
   [Other: 0.9 ms]
      [Choose CSet: 0.0 ms]
      [Ref Proc: 0.2 ms]
      [Ref Enq: 0.0 ms]
      [Redirty Cards: 0.3 ms]
      [Humongous Register: 0.0 ms]
      [Humongous Reclaim: 0.0 ms]
      [Free CSet: 0.2 ms]
   [Eden: 225.0M(225.0M)->0.0B(207.0M) Survivors: 32.0M->33.0M Heap: 567.1M(2048.0M)->569.1M(2048.0M)]
 [Times: user=1.42 sys=0.03, real=0.19 secs] 
2020-09-29T11:56:23.216+0200: 9.516: [GC pause (G1 Evacuation Pause) (young), 0.1898244 secs]
   [Parallel Time: 188.6 ms, GC Workers: 8]
      [GC Worker Start (ms): Min: 9515.9, Avg: 9515.9, Max: 9516.0, Diff: 0.1]
      [Ext Root Scanning (ms): Min: 0.0, Avg: 0.1, Max: 0.1, Diff: 0.1, Sum: 0.7]
      [Update RS (ms): Min: 19.7, Avg: 20.1, Max: 20.5, Diff: 0.8, Sum: 160.8]
         [Processed Buffers: Min: 15, Avg: 16.6, Max: 19, Diff: 4, Sum: 133]
      [Scan RS (ms): Min: 18.2, Avg: 18.7, Max: 19.3, Diff: 1.2, Sum: 149.5]
      [Code Root Scanning (ms): Min: 0.0, Avg: 0.0, Max: 0.0, Diff: 0.0, Sum: 0.0]
      [Object Copy (ms): Min: 148.8, Avg: 149.1, Max: 149.5, Diff: 0.7, Sum: 1193.1]
      [Termination (ms): Min: 0.0, Avg: 0.3, Max: 0.4, Diff: 0.4, Sum: 2.5]
         [Termination Attempts: Min: 1, Avg: 1767.0, Max: 2237, Diff: 2236, Sum: 14136]
      [GC Worker Other (ms): Min: 0.0, Avg: 0.0, Max: 0.1, Diff: 0.1, Sum: 0.3]
      [GC Worker Total (ms): Min: 188.3, Avg: 188.4, Max: 188.4, Diff: 0.1, Sum: 1506.9]
      [GC Worker End (ms): Min: 9704.3, Avg: 9704.3, Max: 9704.3, Diff: 0.1]
   [Code Root Fixup: 0.0 ms]
   [Code Root Purge: 0.0 ms]
   [Clear CT: 0.4 ms]
   [Other: 0.8 ms]
      [Choose CSet: 0.0 ms]
      [Ref Proc: 0.2 ms]
      [Ref Enq: 0.0 ms]
      [Redirty Cards: 0.2 ms]
      [Humongous Register: 0.0 ms]
      [Humongous Reclaim: 0.0 ms]
      [Free CSet: 0.1 ms]
   [Eden: 207.0M(207.0M)->0.0B(196.0M) Survivors: 33.0M->30.0M Heap: 810.4M(2048.0M)->812.9M(2048.0M)]
 [Times: user=1.33 sys=0.08, real=0.19 secs] 
2020-09-29T11:56:23.538+0200: 9.838: [GC pause (G1 Evacuation Pause) (young), 0.1570709 secs]
   [Parallel Time: 155.8 ms, GC Workers: 8]
      [GC Worker Start (ms): Min: 9838.3, Avg: 9838.4, Max: 9838.4, Diff: 0.2]
      [Ext Root Scanning (ms): Min: 0.0, Avg: 0.1, Max: 0.2, Diff: 0.2, Sum: 0.6]
      [Update RS (ms): Min: 16.9, Avg: 17.3, Max: 17.8, Diff: 0.8, Sum: 138.2]
         [Processed Buffers: Min: 13, Avg: 14.6, Max: 16, Diff: 3, Sum: 117]
      [Scan RS (ms): Min: 16.9, Avg: 17.4, Max: 17.8, Diff: 0.9, Sum: 139.2]
      [Code Root Scanning (ms): Min: 0.0, Avg: 0.0, Max: 0.0, Diff: 0.0, Sum: 0.0]
      [Object Copy (ms): Min: 120.5, Avg: 120.7, Max: 120.8, Diff: 0.3, Sum: 965.4]
      [Termination (ms): Min: 0.0, Avg: 0.0, Max: 0.1, Diff: 0.1, Sum: 0.3]
         [Termination Attempts: Min: 1, Avg: 198.5, Max: 253, Diff: 252, Sum: 1588]
      [GC Worker Other (ms): Min: 0.0, Avg: 0.0, Max: 0.1, Diff: 0.0, Sum: 0.3]
      [GC Worker Total (ms): Min: 155.4, Avg: 155.5, Max: 155.6, Diff: 0.2, Sum: 1244.1]
      [GC Worker End (ms): Min: 9993.8, Avg: 9993.9, Max: 9993.9, Diff: 0.0]
   [Code Root Fixup: 0.0 ms]
   [Code Root Purge: 0.0 ms]
   [Clear CT: 0.6 ms]
   [Other: 0.7 ms]
      [Choose CSet: 0.0 ms]
      [Ref Proc: 0.2 ms]
      [Ref Enq: 0.0 ms]
      [Redirty Cards: 0.2 ms]
      [Humongous Register: 0.1 ms]
      [Humongous Reclaim: 0.0 ms]
      [Free CSet: 0.1 ms]
   [Eden: 196.0M(196.0M)->0.0B(206.0M) Survivors: 30.0M->29.0M Heap: 1041.4M(2048.0M)->1043.4M(2048.0M)]
 [Times: user=1.16 sys=0.08, real=0.16 secs] 
2020-09-29T11:56:23.697+0200: 9.997: [GC pause (G1 Humongous Allocation) (young) (initial-mark), 0.0558249 secs]
   [Parallel Time: 54.9 ms, GC Workers: 8]
      [GC Worker Start (ms): Min: 9997.6, Avg: 9997.7, Max: 9997.8, Diff: 0.2]
      [Ext Root Scanning (ms): Min: 0.0, Avg: 0.1, Max: 0.2, Diff: 0.2, Sum: 0.7]
      [Update RS (ms): Min: 35.3, Avg: 35.7, Max: 36.1, Diff: 0.8, Sum: 285.2]
         [Processed Buffers: Min: 34, Avg: 36.4, Max: 38, Diff: 4, Sum: 291]
      [Scan RS (ms): Min: 0.0, Avg: 0.4, Max: 0.8, Diff: 0.8, Sum: 2.9]
      [Code Root Scanning (ms): Min: 0.0, Avg: 0.0, Max: 0.0, Diff: 0.0, Sum: 0.0]
      [Object Copy (ms): Min: 18.4, Avg: 18.5, Max: 18.6, Diff: 0.2, Sum: 148.3]
      [Termination (ms): Min: 0.0, Avg: 0.0, Max: 0.0, Diff: 0.0, Sum: 0.1]
         [Termination Attempts: Min: 1, Avg: 73.0, Max: 93, Diff: 92, Sum: 584]
      [GC Worker Other (ms): Min: 0.0, Avg: 0.0, Max: 0.0, Diff: 0.0, Sum: 0.2]
      [GC Worker Total (ms): Min: 54.6, Avg: 54.7, Max: 54.8, Diff: 0.2, Sum: 437.5]
      [GC Worker End (ms): Min: 10052.4, Avg: 10052.4, Max: 10052.4, Diff: 0.0]
   [Code Root Fixup: 0.0 ms]
   [Code Root Purge: 0.0 ms]
   [Clear CT: 0.2 ms]
   [Other: 0.8 ms]
      [Choose CSet: 0.0 ms]
      [Ref Proc: 0.2 ms]
      [Ref Enq: 0.0 ms]
      [Redirty Cards: 0.2 ms]
      [Humongous Register: 0.0 ms]
      [Humongous Reclaim: 0.0 ms]
      [Free CSet: 0.1 ms]
   [Eden: 4096.0K(206.0M)->0.0B(235.0M) Survivors: 29.0M->6144.0K Heap: 1046.9M(2048.0M)->1049.9M(2048.0M)]
 [Times: user=0.38 sys=0.00, real=0.06 secs] 
2020-09-29T11:56:23.753+0200: 10.053: [GC concurrent-root-region-scan-start]
2020-09-29T11:56:23.754+0200: 10.055: [GC concurrent-root-region-scan-end, 0.0011379 secs]
2020-09-29T11:56:23.754+0200: 10.055: [GC concurrent-mark-start]
2020-09-29T11:56:23.757+0200: 10.058: [GC concurrent-mark-end, 0.0029431 secs]
2020-09-29T11:56:23.757+0200: 10.058: [GC remark 2020-09-29T11:56:23.757+0200: 10.058: [Finalize Marking, 0.0002287 secs] 2020-09-29T11:56:23.758+0200: 10.058: [GC ref-proc, 0.0003351 secs] 2020-09-29T11:56:23.758+0200: 10.058: [Unloading, 0.0005033 secs], 0.0013914 secs]
 [Times: user=0.00 sys=0.00, real=0.00 secs] 
2020-09-29T11:56:23.759+0200: 10.060: [GC cleanup 1058M->23M(2048M), 0.0014047 secs]
 [Times: user=0.00 sys=0.00, real=0.00 secs] 
2020-09-29T11:56:23.761+0200: 10.061: [GC concurrent-cleanup-start]
2020-09-29T11:56:23.762+0200: 10.062: [GC concurrent-cleanup-end, 0.0013563 secs]
2020-09-29T11:56:23.904+0200: 10.204: [GC pause (G1 Evacuation Pause) (young), 0.1718429 secs]
   [Parallel Time: 170.5 ms, GC Workers: 8]
      [GC Worker Start (ms): Min: 10204.4, Avg: 10204.5, Max: 10204.6, Diff: 0.2]
      [Ext Root Scanning (ms): Min: 0.0, Avg: 0.1, Max: 0.2, Diff: 0.2, Sum: 0.8]
      [Update RS (ms): Min: 19.3, Avg: 19.5, Max: 20.1, Diff: 0.8, Sum: 155.9]
         [Processed Buffers: Min: 8, Avg: 15.1, Max: 18, Diff: 10, Sum: 121]
      [Scan RS (ms): Min: 19.7, Avg: 20.8, Max: 23.0, Diff: 3.2, Sum: 166.0]
      [Code Root Scanning (ms): Min: 0.0, Avg: 0.0, Max: 0.0, Diff: 0.0, Sum: 0.0]
      [Object Copy (ms): Min: 127.7, Avg: 129.9, Max: 130.3, Diff: 2.6, Sum: 1038.9]
      [Termination (ms): Min: 0.0, Avg: 0.1, Max: 0.1, Diff: 0.1, Sum: 0.4]
         [Termination Attempts: Min: 1, Avg: 277.6, Max: 350, Diff: 349, Sum: 2221]
      [GC Worker Other (ms): Min: 0.0, Avg: 0.0, Max: 0.1, Diff: 0.1, Sum: 0.3]
      [GC Worker Total (ms): Min: 170.2, Avg: 170.3, Max: 170.4, Diff: 0.2, Sum: 1362.4]
      [GC Worker End (ms): Min: 10374.8, Avg: 10374.8, Max: 10374.8, Diff: 0.1]
   [Code Root Fixup: 0.0 ms]
   [Code Root Purge: 0.0 ms]
   [Clear CT: 0.2 ms]
   [Other: 1.1 ms]
      [Choose CSet: 0.0 ms]
      [Ref Proc: 0.2 ms]
      [Ref Enq: 0.0 ms]
      [Redirty Cards: 0.3 ms]
      [Humongous Register: 0.0 ms]
      [Humongous Reclaim: 0.0 ms]
      [Free CSet: 0.2 ms]
   [Eden: 235.0M(235.0M)->0.0B(208.0M) Survivors: 6144.0K->31.0M Heap: 289.6M(2048.0M)->285.6M(2048.0M)]
 [Times: user=1.17 sys=0.14, real=0.17 secs] 
2020-09-29T11:56:24.206+0200: 10.507: [GC pause (G1 Evacuation Pause) (young), 0.1808914 secs]
   [Parallel Time: 179.9 ms, GC Workers: 8]
      [GC Worker Start (ms): Min: 10506.7, Avg: 10506.8, Max: 10506.8, Diff: 0.2]
      [Ext Root Scanning (ms): Min: 0.0, Avg: 0.1, Max: 0.2, Diff: 0.2, Sum: 0.6]
      [Update RS (ms): Min: 18.6, Avg: 19.1, Max: 19.7, Diff: 1.0, Sum: 152.9]
         [Processed Buffers: Min: 16, Avg: 16.4, Max: 18, Diff: 2, Sum: 131]
      [Scan RS (ms): Min: 17.1, Avg: 17.7, Max: 18.2, Diff: 1.1, Sum: 141.9]
      [Code Root Scanning (ms): Min: 0.0, Avg: 0.0, Max: 0.0, Diff: 0.0, Sum: 0.0]
      [Object Copy (ms): Min: 142.3, Avg: 142.4, Max: 142.7, Diff: 0.4, Sum: 1139.4]
      [Termination (ms): Min: 0.0, Avg: 0.2, Max: 0.3, Diff: 0.3, Sum: 1.9]
         [Termination Attempts: Min: 1, Avg: 1295.6, Max: 1579, Diff: 1578, Sum: 10365]
      [GC Worker Other (ms): Min: 0.0, Avg: 0.0, Max: 0.1, Diff: 0.1, Sum: 0.3]
      [GC Worker Total (ms): Min: 179.6, Avg: 179.6, Max: 179.7, Diff: 0.1, Sum: 1437.2]
      [GC Worker End (ms): Min: 10686.4, Avg: 10686.4, Max: 10686.4, Diff: 0.1]
   [Code Root Fixup: 0.0 ms]
   [Code Root Purge: 0.0 ms]
   [Clear CT: 0.2 ms]
   [Other: 0.8 ms]
      [Choose CSet: 0.0 ms]
      [Ref Proc: 0.1 ms]
      [Ref Enq: 0.0 ms]
      [Redirty Cards: 0.2 ms]
      [Humongous Register: 0.0 ms]
      [Humongous Reclaim: 0.0 ms]
      [Free CSet: 0.2 ms]
   [Eden: 208.0M(208.0M)->0.0B(203.0M) Survivors: 31.0M->30.0M Heap: 527.9M(2048.0M)->529.4M(2048.0M)]
 [Times: user=1.30 sys=0.13, real=0.18 secs] 
2020-09-29T11:56:24.516+0200: 10.817: [GC pause (G1 Evacuation Pause) (young), 0.1659371 secs]
   [Parallel Time: 164.8 ms, GC Workers: 8]
      [GC Worker Start (ms): Min: 10816.6, Avg: 10816.7, Max: 10816.8, Diff: 0.2]
      [Ext Root Scanning (ms): Min: 0.0, Avg: 0.1, Max: 0.2, Diff: 0.2, Sum: 0.5]
      [Update RS (ms): Min: 28.3, Avg: 28.6, Max: 29.1, Diff: 0.8, Sum: 228.7]
         [Processed Buffers: Min: 21, Avg: 23.8, Max: 26, Diff: 5, Sum: 190]
      [Scan RS (ms): Min: 12.0, Avg: 12.3, Max: 12.7, Diff: 0.7, Sum: 98.7]
      [Code Root Scanning (ms): Min: 0.0, Avg: 0.0, Max: 0.0, Diff: 0.0, Sum: 0.0]
      [Object Copy (ms): Min: 123.0, Avg: 123.3, Max: 123.4, Diff: 0.4, Sum: 986.4]
      [Termination (ms): Min: 0.0, Avg: 0.0, Max: 0.0, Diff: 0.0, Sum: 0.1]
         [Termination Attempts: Min: 1, Avg: 56.8, Max: 74, Diff: 73, Sum: 454]
      [GC Worker Other (ms): Min: 0.0, Avg: 0.0, Max: 0.1, Diff: 0.1, Sum: 0.4]
      [GC Worker Total (ms): Min: 164.3, Avg: 164.4, Max: 164.5, Diff: 0.2, Sum: 1314.8]
      [GC Worker End (ms): Min: 10981.1, Avg: 10981.1, Max: 10981.2, Diff: 0.1]
   [Code Root Fixup: 0.0 ms]
   [Code Root Purge: 0.0 ms]
   [Clear CT: 0.2 ms]
   [Other: 1.0 ms]
      [Choose CSet: 0.0 ms]
      [Ref Proc: 0.4 ms]
      [Ref Enq: 0.0 ms]
      [Redirty Cards: 0.2 ms]
      [Humongous Register: 0.1 ms]
      [Humongous Reclaim: 0.0 ms]
      [Free CSet: 0.1 ms]
   [Eden: 203.0M(203.0M)->0.0B(209.0M) Survivors: 30.0M->30.0M Heap: 766.7M(2048.0M)->768.7M(2048.0M)]
 [Times: user=1.27 sys=0.09, real=0.17 secs] 
2020-09-29T11:56:24.812+0200: 11.113: [GC pause (G1 Evacuation Pause) (young), 0.1681548 secs]
   [Parallel Time: 166.6 ms, GC Workers: 8]
      [GC Worker Start (ms): Min: 11112.8, Avg: 11112.9, Max: 11113.0, Diff: 0.2]
      [Ext Root Scanning (ms): Min: 0.0, Avg: 0.1, Max: 0.1, Diff: 0.1, Sum: 0.7]
      [Update RS (ms): Min: 17.1, Avg: 17.5, Max: 17.8, Diff: 0.7, Sum: 139.7]
         [Processed Buffers: Min: 14, Avg: 15.1, Max: 18, Diff: 4, Sum: 121]
      [Scan RS (ms): Min: 19.9, Avg: 20.2, Max: 20.6, Diff: 0.7, Sum: 161.7]
      [Code Root Scanning (ms): Min: 0.0, Avg: 0.0, Max: 0.0, Diff: 0.0, Sum: 0.0]
      [Object Copy (ms): Min: 128.4, Avg: 128.5, Max: 128.7, Diff: 0.3, Sum: 1028.4]
      [Termination (ms): Min: 0.0, Avg: 0.0, Max: 0.0, Diff: 0.0, Sum: 0.1]
         [Termination Attempts: Min: 1, Avg: 84.0, Max: 117, Diff: 116, Sum: 672]
      [GC Worker Other (ms): Min: 0.0, Avg: 0.0, Max: 0.1, Diff: 0.1, Sum: 0.3]
      [GC Worker Total (ms): Min: 166.3, Avg: 166.4, Max: 166.4, Diff: 0.1, Sum: 1330.9]
      [GC Worker End (ms): Min: 11279.2, Avg: 11279.2, Max: 11279.3, Diff: 0.1]
   [Code Root Fixup: 0.0 ms]
   [Code Root Purge: 0.0 ms]
   [Clear CT: 0.3 ms]
   [Other: 1.3 ms]
      [Choose CSet: 0.0 ms]
      [Ref Proc: 0.4 ms]
      [Ref Enq: 0.0 ms]
      [Redirty Cards: 0.5 ms]
      [Humongous Register: 0.0 ms]
      [Humongous Reclaim: 0.0 ms]
      [Free CSet: 0.2 ms]
   [Eden: 209.0M(209.0M)->0.0B(213.0M) Survivors: 30.0M->30.0M Heap: 1012.1M(2048.0M)->1014.6M(2048.0M)]
 [Times: user=1.22 sys=0.09, real=0.17 secs] 
2020-09-29T11:56:24.983+0200: 11.283: [GC pause (G1 Humongous Allocation) (young) (initial-mark), 0.0577399 secs]
   [Parallel Time: 56.8 ms, GC Workers: 8]
      [GC Worker Start (ms): Min: 11283.3, Avg: 11283.4, Max: 11283.5, Diff: 0.2]
      [Ext Root Scanning (ms): Min: 0.0, Avg: 0.2, Max: 0.3, Diff: 0.3, Sum: 1.4]
      [Update RS (ms): Min: 37.7, Avg: 38.0, Max: 38.5, Diff: 0.8, Sum: 304.1]
         [Processed Buffers: Min: 36, Avg: 39.0, Max: 41, Diff: 5, Sum: 312]
      [Scan RS (ms): Min: 0.0, Avg: 0.4, Max: 0.7, Diff: 0.7, Sum: 3.2]
      [Code Root Scanning (ms): Min: 0.0, Avg: 0.0, Max: 0.0, Diff: 0.0, Sum: 0.0]
      [Object Copy (ms): Min: 17.9, Avg: 18.0, Max: 18.1, Diff: 0.2, Sum: 144.1]
      [Termination (ms): Min: 0.0, Avg: 0.0, Max: 0.0, Diff: 0.0, Sum: 0.1]
         [Termination Attempts: Min: 1, Avg: 41.1, Max: 55, Diff: 54, Sum: 329]
      [GC Worker Other (ms): Min: 0.0, Avg: 0.0, Max: 0.0, Diff: 0.0, Sum: 0.2]
      [GC Worker Total (ms): Min: 56.5, Avg: 56.6, Max: 56.7, Diff: 0.2, Sum: 453.0]
      [GC Worker End (ms): Min: 11340.0, Avg: 11340.0, Max: 11340.0, Diff: 0.0]
   [Code Root Fixup: 0.0 ms]
   [Code Root Purge: 0.0 ms]
   [Clear CT: 0.2 ms]
   [Other: 0.7 ms]
      [Choose CSet: 0.0 ms]
      [Ref Proc: 0.2 ms]
      [Ref Enq: 0.0 ms]
      [Redirty Cards: 0.2 ms]
      [Humongous Register: 0.0 ms]
      [Humongous Reclaim: 0.0 ms]
      [Free CSet: 0.0 ms]
   [Eden: 4096.0K(213.0M)->0.0B(244.0M) Survivors: 30.0M->5120.0K Heap: 1018.1M(2048.0M)->1021.6M(2048.0M)]
 [Times: user=0.50 sys=0.00, real=0.06 secs] 
2020-09-29T11:56:25.041+0200: 11.341: [GC concurrent-root-region-scan-start]
2020-09-29T11:56:25.042+0200: 11.343: [GC concurrent-root-region-scan-end, 0.0015589 secs]
2020-09-29T11:56:25.042+0200: 11.343: [GC concurrent-mark-start]
2020-09-29T11:56:25.045+0200: 11.346: [GC concurrent-mark-end, 0.0030308 secs]
2020-09-29T11:56:25.046+0200: 11.346: [GC remark 2020-09-29T11:56:25.046+0200: 11.346: [Finalize Marking, 0.0002285 secs] 2020-09-29T11:56:25.046+0200: 11.346: [GC ref-proc, 0.0003349 secs] 2020-09-29T11:56:25.046+0200: 11.347: [Unloading, 0.0004389 secs], 0.0012969 secs]
 [Times: user=0.00 sys=0.00, real=0.00 secs] 
2020-09-29T11:56:25.047+0200: 11.348: [GC cleanup 1031M->23M(2048M), 0.0012573 secs]
 [Times: user=0.00 sys=0.00, real=0.00 secs] 
2020-09-29T11:56:25.049+0200: 11.349: [GC concurrent-cleanup-start]
2020-09-29T11:56:25.050+0200: 11.350: [GC concurrent-cleanup-end, 0.0012675 secs]
2020-09-29T11:56:25.194+0200: 11.495: [GC pause (G1 Evacuation Pause) (young), 0.1916642 secs]
   [Parallel Time: 190.5 ms, GC Workers: 8]
      [GC Worker Start (ms): Min: 11494.7, Avg: 11494.8, Max: 11494.8, Diff: 0.2]
      [Ext Root Scanning (ms): Min: 0.0, Avg: 0.1, Max: 0.2, Diff: 0.2, Sum: 0.7]
      [Update RS (ms): Min: 27.5, Avg: 27.9, Max: 28.7, Diff: 1.2, Sum: 223.4]
         [Processed Buffers: Min: 18, Avg: 20.4, Max: 24, Diff: 6, Sum: 163]
      [Scan RS (ms): Min: 17.6, Avg: 18.3, Max: 18.8, Diff: 1.3, Sum: 146.3]
      [Code Root Scanning (ms): Min: 0.0, Avg: 0.0, Max: 0.0, Diff: 0.0, Sum: 0.0]
      [Object Copy (ms): Min: 143.5, Avg: 143.7, Max: 143.8, Diff: 0.3, Sum: 1149.2]
      [Termination (ms): Min: 0.0, Avg: 0.2, Max: 0.3, Diff: 0.3, Sum: 1.7]
         [Termination Attempts: Min: 1, Avg: 1216.9, Max: 1507, Diff: 1506, Sum: 9735]
      [GC Worker Other (ms): Min: 0.0, Avg: 0.0, Max: 0.1, Diff: 0.1, Sum: 0.3]
      [GC Worker Total (ms): Min: 190.1, Avg: 190.2, Max: 190.3, Diff: 0.2, Sum: 1521.7]
      [GC Worker End (ms): Min: 11685.0, Avg: 11685.0, Max: 11685.0, Diff: 0.1]
   [Code Root Fixup: 0.0 ms]
   [Code Root Purge: 0.0 ms]
   [Clear CT: 0.2 ms]
   [Other: 1.0 ms]
      [Choose CSet: 0.0 ms]
      [Ref Proc: 0.1 ms]
      [Ref Enq: 0.0 ms]
      [Redirty Cards: 0.4 ms]
      [Humongous Register: 0.0 ms]
      [Humongous Reclaim: 0.0 ms]
      [Free CSet: 0.2 ms]
   [Eden: 244.0M(244.0M)->0.0B(206.0M) Survivors: 5120.0K->32.0M Heap: 300.0M(2048.0M)->297.0M(2048.0M)]
 [Times: user=1.30 sys=0.13, real=0.19 secs] 
2020-09-29T11:56:25.519+0200: 11.820: [GC pause (G1 Evacuation Pause) (young), 0.1694343 secs]
   [Parallel Time: 168.1 ms, GC Workers: 8]
      [GC Worker Start (ms): Min: 11819.7, Avg: 11819.9, Max: 11820.0, Diff: 0.2]
      [Ext Root Scanning (ms): Min: 0.0, Avg: 0.1, Max: 0.2, Diff: 0.2, Sum: 0.5]
      [Update RS (ms): Min: 14.9, Avg: 15.2, Max: 15.4, Diff: 0.5, Sum: 121.6]
         [Processed Buffers: Min: 13, Avg: 14.3, Max: 17, Diff: 4, Sum: 114]
      [Scan RS (ms): Min: 19.6, Avg: 19.8, Max: 20.1, Diff: 0.5, Sum: 158.5]
      [Code Root Scanning (ms): Min: 0.0, Avg: 0.0, Max: 0.0, Diff: 0.0, Sum: 0.0]
      [Object Copy (ms): Min: 132.7, Avg: 132.7, Max: 132.8, Diff: 0.1, Sum: 1061.8]
      [Termination (ms): Min: 0.0, Avg: 0.1, Max: 0.1, Diff: 0.1, Sum: 0.6]
         [Termination Attempts: Min: 1, Avg: 345.6, Max: 450, Diff: 449, Sum: 2765]
      [GC Worker Other (ms): Min: 0.0, Avg: 0.0, Max: 0.1, Diff: 0.1, Sum: 0.3]
      [GC Worker Total (ms): Min: 167.8, Avg: 167.9, Max: 168.1, Diff: 0.2, Sum: 1343.2]
      [GC Worker End (ms): Min: 11987.8, Avg: 11987.8, Max: 11987.8, Diff: 0.1]
   [Code Root Fixup: 0.0 ms]
   [Code Root Purge: 0.0 ms]
   [Clear CT: 0.3 ms]
   [Other: 1.0 ms]
      [Choose CSet: 0.0 ms]
      [Ref Proc: 0.2 ms]
      [Ref Enq: 0.0 ms]
      [Redirty Cards: 0.4 ms]
      [Humongous Register: 0.0 ms]
      [Humongous Reclaim: 0.0 ms]
      [Free CSet: 0.1 ms]
   [Eden: 206.0M(206.0M)->0.0B(207.0M) Survivors: 32.0M->30.0M Heap: 537.3M(2048.0M)->539.8M(2048.0M)]
 [Times: user=1.34 sys=0.02, real=0.17 secs] 
2020-09-29T11:56:25.816+0200: 12.117: [GC pause (G1 Evacuation Pause) (young), 0.1631464 secs]
   [Parallel Time: 159.6 ms, GC Workers: 8]
      [GC Worker Start (ms): Min: 12117.0, Avg: 12117.0, Max: 12117.1, Diff: 0.2]
      [Ext Root Scanning (ms): Min: 0.0, Avg: 0.1, Max: 0.2, Diff: 0.2, Sum: 0.7]
      [Update RS (ms): Min: 18.8, Avg: 19.1, Max: 20.2, Diff: 1.4, Sum: 152.7]
         [Processed Buffers: Min: 14, Avg: 16.5, Max: 21, Diff: 7, Sum: 132]
      [Scan RS (ms): Min: 16.9, Avg: 18.0, Max: 18.4, Diff: 1.5, Sum: 144.1]
      [Code Root Scanning (ms): Min: 0.0, Avg: 0.0, Max: 0.0, Diff: 0.0, Sum: 0.0]
      [Object Copy (ms): Min: 121.8, Avg: 122.0, Max: 122.1, Diff: 0.2, Sum: 975.8]
      [Termination (ms): Min: 0.0, Avg: 0.1, Max: 0.2, Diff: 0.2, Sum: 1.0]
         [Termination Attempts: Min: 1, Avg: 636.8, Max: 871, Diff: 870, Sum: 5094]
      [GC Worker Other (ms): Min: 0.0, Avg: 0.0, Max: 0.1, Diff: 0.1, Sum: 0.3]
      [GC Worker Total (ms): Min: 159.2, Avg: 159.3, Max: 159.4, Diff: 0.2, Sum: 1274.6]
      [GC Worker End (ms): Min: 12276.3, Avg: 12276.4, Max: 12276.4, Diff: 0.1]
   [Code Root Fixup: 0.0 ms]
   [Code Root Purge: 0.0 ms]
   [Clear CT: 0.3 ms]
   [Other: 3.3 ms]
      [Choose CSet: 0.0 ms]
      [Ref Proc: 0.3 ms]
      [Ref Enq: 0.0 ms]
      [Redirty Cards: 1.8 ms]
      [Humongous Register: 0.0 ms]
      [Humongous Reclaim: 0.0 ms]
      [Free CSet: 1.0 ms]
   [Eden: 207.0M(207.0M)->0.0B(213.0M) Survivors: 30.0M->30.0M Heap: 781.1M(2048.0M)->783.1M(2048.0M)]
 [Times: user=1.22 sys=0.06, real=0.16 secs] 
2020-09-29T11:56:26.111+0200: 12.411: [GC pause (G1 Evacuation Pause) (young), 0.1795577 secs]
   [Parallel Time: 178.3 ms, GC Workers: 8]
      [GC Worker Start (ms): Min: 12411.6, Avg: 12411.7, Max: 12411.7, Diff: 0.1]
      [Ext Root Scanning (ms): Min: 0.0, Avg: 0.1, Max: 0.2, Diff: 0.1, Sum: 0.7]
      [Update RS (ms): Min: 20.3, Avg: 20.3, Max: 20.4, Diff: 0.1, Sum: 162.7]
         [Processed Buffers: Min: 16, Avg: 18.1, Max: 23, Diff: 7, Sum: 145]
      [Scan RS (ms): Min: 18.5, Avg: 18.6, Max: 18.7, Diff: 0.3, Sum: 148.6]
      [Code Root Scanning (ms): Min: 0.0, Avg: 0.0, Max: 0.0, Diff: 0.0, Sum: 0.0]
      [Object Copy (ms): Min: 138.3, Avg: 138.7, Max: 139.0, Diff: 0.7, Sum: 1109.2]
      [Termination (ms): Min: 0.0, Avg: 0.3, Max: 0.5, Diff: 0.5, Sum: 2.7]
         [Termination Attempts: Min: 1, Avg: 1809.8, Max: 2538, Diff: 2537, Sum: 14478]
      [GC Worker Other (ms): Min: 0.0, Avg: 0.0, Max: 0.1, Diff: 0.0, Sum: 0.3]
      [GC Worker Total (ms): Min: 178.0, Avg: 178.0, Max: 178.1, Diff: 0.1, Sum: 1424.2]
      [GC Worker End (ms): Min: 12589.7, Avg: 12589.7, Max: 12589.7, Diff: 0.0]
   [Code Root Fixup: 0.0 ms]
   [Code Root Purge: 0.0 ms]
   [Clear CT: 0.3 ms]
   [Other: 1.0 ms]
      [Choose CSet: 0.0 ms]
      [Ref Proc: 0.3 ms]
      [Ref Enq: 0.0 ms]
      [Redirty Cards: 0.3 ms]
      [Humongous Register: 0.1 ms]
      [Humongous Reclaim: 0.0 ms]
      [Free CSet: 0.2 ms]
   [Eden: 213.0M(213.0M)->0.0B(211.0M) Survivors: 30.0M->31.0M Heap: 1032.4M(2048.0M)->1034.4M(2048.0M)]
 [Times: user=1.34 sys=0.06, real=0.18 secs] 
2020-09-29T11:56:26.299+0200: 12.600: [GC pause (G1 Humongous Allocation) (young) (initial-mark), 0.0623411 secs]
   [Parallel Time: 61.5 ms, GC Workers: 8]
      [GC Worker Start (ms): Min: 12600.0, Avg: 12600.0, Max: 12600.2, Diff: 0.2]
      [Ext Root Scanning (ms): Min: 0.0, Avg: 2.1, Max: 15.0, Diff: 14.9, Sum: 16.5]
      [Update RS (ms): Min: 19.6, Avg: 32.5, Max: 34.9, Diff: 15.3, Sum: 260.2]
         [Processed Buffers: Min: 12, Avg: 32.0, Max: 36, Diff: 24, Sum: 256]
      [Scan RS (ms): Min: 2.5, Avg: 3.3, Max: 4.5, Diff: 2.0, Sum: 26.0]
      [Code Root Scanning (ms): Min: 0.0, Avg: 0.0, Max: 0.0, Diff: 0.0, Sum: 0.0]
      [Object Copy (ms): Min: 22.3, Avg: 23.4, Max: 23.7, Diff: 1.4, Sum: 187.3]
      [Termination (ms): Min: 0.0, Avg: 0.0, Max: 0.0, Diff: 0.0, Sum: 0.0]
         [Termination Attempts: Min: 1, Avg: 1.0, Max: 1, Diff: 0, Sum: 8]
      [GC Worker Other (ms): Min: 0.0, Avg: 0.0, Max: 0.0, Diff: 0.0, Sum: 0.2]
      [GC Worker Total (ms): Min: 61.2, Avg: 61.3, Max: 61.4, Diff: 0.2, Sum: 490.2]
      [GC Worker End (ms): Min: 12661.3, Avg: 12661.3, Max: 12661.3, Diff: 0.0]
   [Code Root Fixup: 0.0 ms]
   [Code Root Purge: 0.0 ms]
   [Clear CT: 0.2 ms]
   [Other: 0.7 ms]
      [Choose CSet: 0.0 ms]
      [Ref Proc: 0.2 ms]
      [Ref Enq: 0.0 ms]
      [Redirty Cards: 0.2 ms]
      [Humongous Register: 0.0 ms]
      [Humongous Reclaim: 0.0 ms]
      [Free CSet: 0.1 ms]
   [Eden: 12.0M(211.0M)->0.0B(237.0M) Survivors: 31.0M->14.0M Heap: 1045.9M(2048.0M)->1049.9M(2048.0M)]
 [Times: user=0.42 sys=0.02, real=0.06 secs] 
2020-09-29T11:56:26.362+0200: 12.662: [GC concurrent-root-region-scan-start]
2020-09-29T11:56:26.365+0200: 12.665: [GC concurrent-root-region-scan-end, 0.0026944 secs]
2020-09-29T11:56:26.365+0200: 12.665: [GC concurrent-mark-start]
2020-09-29T11:56:26.367+0200: 12.668: [GC concurrent-mark-end, 0.0027048 secs]
2020-09-29T11:56:26.368+0200: 12.668: [GC remark 2020-09-29T11:56:26.368+0200: 12.668: [Finalize Marking, 0.0002147 secs] 2020-09-29T11:56:26.368+0200: 12.668: [GC ref-proc, 0.0003343 secs] 2020-09-29T11:56:26.368+0200: 12.669: [Unloading, 0.0004964 secs], 0.0014176 secs]
 [Times: user=0.00 sys=0.00, real=0.00 secs] 
2020-09-29T11:56:26.369+0200: 12.670: [GC cleanup 1061M->34M(2048M), 0.0011698 secs]
 [Times: user=0.00 sys=0.00, real=0.00 secs] 
2020-09-29T11:56:26.371+0200: 12.671: [GC concurrent-cleanup-start]
2020-09-29T11:56:26.372+0200: 12.672: [GC concurrent-cleanup-end, 0.0013591 secs]
2020-09-29T11:56:26.510+0200: 12.810: [GC pause (G1 Evacuation Pause) (young), 0.1854519 secs]
   [Parallel Time: 184.3 ms, GC Workers: 8]
      [GC Worker Start (ms): Min: 12810.5, Avg: 12810.6, Max: 12810.7, Diff: 0.2]
      [Ext Root Scanning (ms): Min: 0.0, Avg: 0.1, Max: 0.2, Diff: 0.2, Sum: 0.5]
      [Update RS (ms): Min: 15.9, Avg: 16.4, Max: 16.9, Diff: 1.1, Sum: 131.3]
         [Processed Buffers: Min: 13, Avg: 14.1, Max: 16, Diff: 3, Sum: 113]
      [Scan RS (ms): Min: 20.2, Avg: 20.8, Max: 21.4, Diff: 1.1, Sum: 166.2]
      [Code Root Scanning (ms): Min: 0.0, Avg: 0.0, Max: 0.0, Diff: 0.0, Sum: 0.0]
      [Object Copy (ms): Min: 146.4, Avg: 146.5, Max: 146.7, Diff: 0.3, Sum: 1172.2]
      [Termination (ms): Min: 0.0, Avg: 0.2, Max: 0.2, Diff: 0.2, Sum: 1.5]
         [Termination Attempts: Min: 1, Avg: 961.9, Max: 1217, Diff: 1216, Sum: 7695]
      [GC Worker Other (ms): Min: 0.0, Avg: 0.0, Max: 0.0, Diff: 0.0, Sum: 0.2]
      [GC Worker Total (ms): Min: 183.9, Avg: 184.0, Max: 184.1, Diff: 0.2, Sum: 1471.9]
      [GC Worker End (ms): Min: 12994.6, Avg: 12994.6, Max: 12994.6, Diff: 0.0]
   [Code Root Fixup: 0.0 ms]
   [Code Root Purge: 0.0 ms]
   [Clear CT: 0.3 ms]
   [Other: 0.9 ms]
      [Choose CSet: 0.0 ms]
      [Ref Proc: 0.2 ms]
      [Ref Enq: 0.0 ms]
      [Redirty Cards: 0.2 ms]
      [Humongous Register: 0.0 ms]
      [Humongous Reclaim: 0.0 ms]
      [Free CSet: 0.2 ms]
   [Eden: 237.0M(237.0M)->0.0B(207.0M) Survivors: 14.0M->32.0M Heap: 299.6M(2048.0M)->288.6M(2048.0M)]
 [Times: user=1.47 sys=0.02, real=0.18 secs] 
2020-09-29T11:56:26.840+0200: 13.140: [GC pause (G1 Evacuation Pause) (young), 0.1851624 secs]
   [Parallel Time: 184.0 ms, GC Workers: 8]
      [GC Worker Start (ms): Min: 13140.4, Avg: 13140.5, Max: 13140.6, Diff: 0.2]
      [Ext Root Scanning (ms): Min: 0.0, Avg: 0.1, Max: 0.2, Diff: 0.2, Sum: 0.5]
      [Update RS (ms): Min: 18.0, Avg: 18.3, Max: 18.7, Diff: 0.7, Sum: 146.6]
         [Processed Buffers: Min: 13, Avg: 14.5, Max: 18, Diff: 5, Sum: 116]
      [Scan RS (ms): Min: 20.1, Avg: 20.5, Max: 20.9, Diff: 0.7, Sum: 164.0]
      [Code Root Scanning (ms): Min: 0.0, Avg: 0.0, Max: 0.0, Diff: 0.0, Sum: 0.0]
      [Object Copy (ms): Min: 144.6, Avg: 144.7, Max: 144.8, Diff: 0.2, Sum: 1157.3]
      [Termination (ms): Min: 0.0, Avg: 0.2, Max: 0.2, Diff: 0.2, Sum: 1.3]
         [Termination Attempts: Min: 1, Avg: 739.3, Max: 886, Diff: 885, Sum: 5914]
      [GC Worker Other (ms): Min: 0.0, Avg: 0.0, Max: 0.1, Diff: 0.0, Sum: 0.2]
      [GC Worker Total (ms): Min: 183.7, Avg: 183.8, Max: 183.9, Diff: 0.2, Sum: 1470.0]
      [GC Worker End (ms): Min: 13324.3, Avg: 13324.3, Max: 13324.3, Diff: 0.0]
   [Code Root Fixup: 0.0 ms]
   [Code Root Purge: 0.0 ms]
   [Clear CT: 0.2 ms]
   [Other: 1.0 ms]
      [Choose CSet: 0.0 ms]
      [Ref Proc: 0.2 ms]
      [Ref Enq: 0.0 ms]
      [Redirty Cards: 0.3 ms]
      [Humongous Register: 0.0 ms]
      [Humongous Reclaim: 0.0 ms]
      [Free CSet: 0.3 ms]
   [Eden: 207.0M(207.0M)->0.0B(198.0M) Survivors: 32.0M->30.0M Heap: 529.9M(2048.0M)->531.4M(2048.0M)]
 [Times: user=1.45 sys=0.01, real=0.19 secs] 
2020-09-29T11:56:27.157+0200: 13.458: [GC pause (G1 Evacuation Pause) (young), 0.1973737 secs]
   [Parallel Time: 196.1 ms, GC Workers: 8]
      [GC Worker Start (ms): Min: 13457.9, Avg: 13458.0, Max: 13458.1, Diff: 0.2]
      [Ext Root Scanning (ms): Min: 0.0, Avg: 0.1, Max: 0.2, Diff: 0.2, Sum: 0.7]
      [Update RS (ms): Min: 20.8, Avg: 21.0, Max: 21.7, Diff: 0.9, Sum: 168.3]
         [Processed Buffers: Min: 15, Avg: 17.3, Max: 21, Diff: 6, Sum: 138]
      [Scan RS (ms): Min: 17.0, Avg: 17.7, Max: 17.9, Diff: 0.9, Sum: 141.4]
      [Code Root Scanning (ms): Min: 0.0, Avg: 0.0, Max: 0.0, Diff: 0.0, Sum: 0.0]
      [Object Copy (ms): Min: 156.4, Avg: 156.6, Max: 156.8, Diff: 0.4, Sum: 1253.0]
      [Termination (ms): Min: 0.0, Avg: 0.4, Max: 0.5, Diff: 0.5, Sum: 3.1]
         [Termination Attempts: Min: 1, Avg: 1787.6, Max: 2193, Diff: 2192, Sum: 14301]
      [GC Worker Other (ms): Min: 0.0, Avg: 0.0, Max: 0.1, Diff: 0.1, Sum: 0.3]
      [GC Worker Total (ms): Min: 195.8, Avg: 195.9, Max: 196.0, Diff: 0.2, Sum: 1566.8]
      [GC Worker End (ms): Min: 13653.8, Avg: 13653.9, Max: 13653.9, Diff: 0.1]
   [Code Root Fixup: 0.0 ms]
   [Code Root Purge: 0.0 ms]
   [Clear CT: 0.2 ms]
   [Other: 1.0 ms]
      [Choose CSet: 0.0 ms]
      [Ref Proc: 0.2 ms]
      [Ref Enq: 0.0 ms]
      [Redirty Cards: 0.4 ms]
      [Humongous Register: 0.1 ms]
      [Humongous Reclaim: 0.0 ms]
      [Free CSet: 0.2 ms]
   [Eden: 198.0M(198.0M)->0.0B(185.0M) Survivors: 30.0M->29.0M Heap: 763.7M(2048.0M)->766.2M(2048.0M)]
 [Times: user=1.45 sys=0.05, real=0.20 secs] 
2020-09-29T11:56:27.489+0200: 13.790: [GC pause (G1 Evacuation Pause) (young), 0.1714432 secs]
   [Parallel Time: 170.2 ms, GC Workers: 8]
      [GC Worker Start (ms): Min: 13790.1, Avg: 13790.2, Max: 13790.3, Diff: 0.2]
      [Ext Root Scanning (ms): Min: 0.0, Avg: 0.1, Max: 0.2, Diff: 0.2, Sum: 0.7]
      [Update RS (ms): Min: 17.2, Avg: 17.5, Max: 18.6, Diff: 1.4, Sum: 139.8]
         [Processed Buffers: Min: 13, Avg: 14.6, Max: 15, Diff: 2, Sum: 117]
      [Scan RS (ms): Min: 17.8, Avg: 20.8, Max: 33.4, Diff: 15.5, Sum: 166.1]
      [Code Root Scanning (ms): Min: 0.0, Avg: 0.0, Max: 0.0, Diff: 0.0, Sum: 0.0]
      [Object Copy (ms): Min: 118.4, Avg: 130.9, Max: 132.9, Diff: 14.5, Sum: 1047.4]
      [Termination (ms): Min: 0.0, Avg: 0.2, Max: 0.2, Diff: 0.2, Sum: 1.3]
         [Termination Attempts: Min: 1, Avg: 714.0, Max: 857, Diff: 856, Sum: 5712]
      [GC Worker Other (ms): Min: 0.0, Avg: 0.0, Max: 0.1, Diff: 0.0, Sum: 0.2]
      [GC Worker Total (ms): Min: 169.3, Avg: 169.4, Max: 169.5, Diff: 0.2, Sum: 1355.6]
      [GC Worker End (ms): Min: 13959.6, Avg: 13959.6, Max: 13959.6, Diff: 0.0]
   [Code Root Fixup: 0.0 ms]
   [Code Root Purge: 0.0 ms]
   [Clear CT: 0.2 ms]
   [Other: 1.0 ms]
      [Choose CSet: 0.0 ms]
      [Ref Proc: 0.3 ms]
      [Ref Enq: 0.0 ms]
      [Redirty Cards: 0.3 ms]
      [Humongous Register: 0.1 ms]
      [Humongous Reclaim: 0.0 ms]
      [Free CSet: 0.2 ms]
   [Eden: 185.0M(185.0M)->0.0B(186.0M) Survivors: 29.0M->27.0M Heap: 981.7M(2048.0M)->983.7M(2048.0M)]
 [Times: user=1.19 sys=0.03, real=0.17 secs] 
2020-09-29T11:56:27.668+0200: 13.969: [GC pause (G1 Humongous Allocation) (young) (initial-mark), 0.0562804 secs]
   [Parallel Time: 55.1 ms, GC Workers: 8]
      [GC Worker Start (ms): Min: 13968.8, Avg: 13968.9, Max: 13968.9, Diff: 0.1]
      [Ext Root Scanning (ms): Min: 0.1, Avg: 0.1, Max: 0.2, Diff: 0.1, Sum: 0.9]
      [Update RS (ms): Min: 31.3, Avg: 31.8, Max: 32.1, Diff: 0.8, Sum: 254.4]
         [Processed Buffers: Min: 30, Avg: 30.8, Max: 32, Diff: 2, Sum: 246]
      [Scan RS (ms): Min: 2.3, Avg: 2.6, Max: 3.1, Diff: 0.8, Sum: 20.6]
      [Code Root Scanning (ms): Min: 0.0, Avg: 0.0, Max: 0.0, Diff: 0.0, Sum: 0.0]
      [Object Copy (ms): Min: 20.4, Avg: 20.4, Max: 20.5, Diff: 0.1, Sum: 163.6]
      [Termination (ms): Min: 0.0, Avg: 0.0, Max: 0.0, Diff: 0.0, Sum: 0.2]
         [Termination Attempts: Min: 1, Avg: 89.6, Max: 116, Diff: 115, Sum: 717]
      [GC Worker Other (ms): Min: 0.0, Avg: 0.0, Max: 0.0, Diff: 0.0, Sum: 0.2]
      [GC Worker Total (ms): Min: 54.9, Avg: 55.0, Max: 55.0, Diff: 0.1, Sum: 439.9]
      [GC Worker End (ms): Min: 14023.9, Avg: 14023.9, Max: 14023.9, Diff: 0.0]
   [Code Root Fixup: 0.0 ms]
   [Code Root Purge: 0.0 ms]
   [Clear CT: 0.2 ms]
   [Other: 1.0 ms]
      [Choose CSet: 0.0 ms]
      [Ref Proc: 0.3 ms]
      [Ref Enq: 0.0 ms]
      [Redirty Cards: 0.2 ms]
      [Humongous Register: 0.1 ms]
      [Humongous Reclaim: 0.0 ms]
      [Free CSet: 0.1 ms]
   [Eden: 9216.0K(186.0M)->0.0B(215.0M) Survivors: 27.0M->11.0M Heap: 992.2M(2048.0M)->995.7M(2048.0M)]
 [Times: user=0.47 sys=0.00, real=0.06 secs] 
2020-09-29T11:56:27.725+0200: 14.025: [GC concurrent-root-region-scan-start]
2020-09-29T11:56:27.729+0200: 14.029: [GC concurrent-root-region-scan-end, 0.0040295 secs]
2020-09-29T11:56:27.729+0200: 14.029: [GC concurrent-mark-start]
2020-09-29T11:56:27.733+0200: 14.033: [GC concurrent-mark-end, 0.0043037 secs]
2020-09-29T11:56:27.733+0200: 14.034: [GC remark 2020-09-29T11:56:27.733+0200: 14.034: [Finalize Marking, 0.0003746 secs] 2020-09-29T11:56:27.734+0200: 14.034: [GC ref-proc, 0.0005110 secs] 2020-09-29T11:56:27.734+0200: 14.035: [Unloading, 0.0006570 secs], 0.0019826 secs]
 [Times: user=0.00 sys=0.00, real=0.00 secs] 
2020-09-29T11:56:27.736+0200: 14.036: [GC cleanup 1008M->32M(2048M), 0.0019847 secs]
 [Times: user=0.00 sys=0.00, real=0.00 secs] 
2020-09-29T11:56:27.738+0200: 14.038: [GC concurrent-cleanup-start]
2020-09-29T11:56:27.740+0200: 14.041: [GC concurrent-cleanup-end, 0.0025564 secs]
2020-09-29T11:56:27.877+0200: 14.177: [GC pause (G1 Evacuation Pause) (young), 0.1595881 secs]
   [Parallel Time: 158.5 ms, GC Workers: 8]
      [GC Worker Start (ms): Min: 14177.3, Avg: 14177.4, Max: 14177.5, Diff: 0.2]
      [Ext Root Scanning (ms): Min: 0.0, Avg: 0.1, Max: 0.2, Diff: 0.2, Sum: 0.7]
      [Update RS (ms): Min: 24.2, Avg: 24.7, Max: 25.0, Diff: 0.8, Sum: 197.4]
         [Processed Buffers: Min: 17, Avg: 18.4, Max: 20, Diff: 3, Sum: 147]
      [Scan RS (ms): Min: 13.7, Avg: 14.0, Max: 14.4, Diff: 0.8, Sum: 112.2]
      [Code Root Scanning (ms): Min: 0.0, Avg: 0.0, Max: 0.0, Diff: 0.0, Sum: 0.0]
      [Object Copy (ms): Min: 119.3, Avg: 119.4, Max: 119.4, Diff: 0.1, Sum: 954.9]
      [Termination (ms): Min: 0.0, Avg: 0.0, Max: 0.0, Diff: 0.0, Sum: 0.0]
         [Termination Attempts: Min: 1, Avg: 7.4, Max: 15, Diff: 14, Sum: 59]
      [GC Worker Other (ms): Min: 0.0, Avg: 0.0, Max: 0.1, Diff: 0.1, Sum: 0.3]
      [GC Worker Total (ms): Min: 158.1, Avg: 158.2, Max: 158.3, Diff: 0.2, Sum: 1265.6]
      [GC Worker End (ms): Min: 14335.6, Avg: 14335.6, Max: 14335.7, Diff: 0.1]
   [Code Root Fixup: 0.0 ms]
   [Code Root Purge: 0.0 ms]
   [Clear CT: 0.2 ms]
   [Other: 0.9 ms]
      [Choose CSet: 0.0 ms]
      [Ref Proc: 0.2 ms]
      [Ref Enq: 0.0 ms]
      [Redirty Cards: 0.3 ms]
      [Humongous Register: 0.0 ms]
      [Humongous Reclaim: 0.0 ms]
      [Free CSet: 0.1 ms]
   [Eden: 215.0M(215.0M)->0.0B(206.0M) Survivors: 11.0M->29.0M Heap: 270.7M(2048.0M)->262.2M(2048.0M)]
 [Times: user=1.14 sys=0.11, real=0.16 secs] 
2020-09-29T11:56:28.174+0200: 14.475: [GC pause (G1 Evacuation Pause) (young), 0.1887876 secs]
   [Parallel Time: 187.1 ms, GC Workers: 8]
      [GC Worker Start (ms): Min: 14474.9, Avg: 14475.1, Max: 14475.1, Diff: 0.2]
      [Ext Root Scanning (ms): Min: 0.0, Avg: 0.1, Max: 0.2, Diff: 0.2, Sum: 0.6]
      [Update RS (ms): Min: 14.8, Avg: 15.3, Max: 15.6, Diff: 0.8, Sum: 122.4]
         [Processed Buffers: Min: 12, Avg: 12.4, Max: 14, Diff: 2, Sum: 99]
      [Scan RS (ms): Min: 21.1, Avg: 21.5, Max: 22.0, Diff: 0.9, Sum: 171.9]
      [Code Root Scanning (ms): Min: 0.0, Avg: 0.0, Max: 0.0, Diff: 0.0, Sum: 0.0]
      [Object Copy (ms): Min: 149.3, Avg: 149.4, Max: 149.6, Diff: 0.3, Sum: 1195.5]
      [Termination (ms): Min: 0.0, Avg: 0.1, Max: 0.2, Diff: 0.2, Sum: 1.2]
         [Termination Attempts: Min: 1, Avg: 746.8, Max: 1123, Diff: 1122, Sum: 5974]
      [GC Worker Other (ms): Min: 0.0, Avg: 0.0, Max: 0.1, Diff: 0.0, Sum: 0.2]
      [GC Worker Total (ms): Min: 186.4, Avg: 186.5, Max: 186.6, Diff: 0.2, Sum: 1491.9]
      [GC Worker End (ms): Min: 14661.5, Avg: 14661.6, Max: 14661.6, Diff: 0.0]
   [Code Root Fixup: 0.0 ms]
   [Code Root Purge: 0.0 ms]
   [Clear CT: 0.5 ms]
   [Other: 1.2 ms]
      [Choose CSet: 0.0 ms]
      [Ref Proc: 0.4 ms]
      [Ref Enq: 0.0 ms]
      [Redirty Cards: 0.4 ms]
      [Humongous Register: 0.0 ms]
      [Humongous Reclaim: 0.0 ms]
      [Free CSet: 0.2 ms]
   [Eden: 206.0M(206.0M)->0.0B(192.0M) Survivors: 29.0M->30.0M Heap: 502.6M(2048.0M)->504.6M(2048.0M)]
 [Times: user=1.33 sys=0.03, real=0.19 secs] 
2020-09-29T11:56:28.499+0200: 14.799: [GC pause (G1 Evacuation Pause) (young), 0.1821952 secs]
   [Parallel Time: 181.0 ms, GC Workers: 8]
      [GC Worker Start (ms): Min: 14799.5, Avg: 14799.7, Max: 14799.8, Diff: 0.2]
      [Ext Root Scanning (ms): Min: 0.0, Avg: 0.1, Max: 0.2, Diff: 0.2, Sum: 0.6]
      [Update RS (ms): Min: 15.8, Avg: 16.1, Max: 16.7, Diff: 0.9, Sum: 128.8]
         [Processed Buffers: Min: 13, Avg: 13.5, Max: 15, Diff: 2, Sum: 108]
      [Scan RS (ms): Min: 19.2, Avg: 19.8, Max: 20.2, Diff: 1.0, Sum: 158.4]
      [Code Root Scanning (ms): Min: 0.0, Avg: 0.0, Max: 0.0, Diff: 0.0, Sum: 0.0]
      [Object Copy (ms): Min: 143.7, Avg: 144.0, Max: 144.6, Diff: 0.9, Sum: 1152.2]
      [Termination (ms): Min: 0.0, Avg: 0.6, Max: 0.9, Diff: 0.9, Sum: 5.1]
         [Termination Attempts: Min: 1, Avg: 2811.8, Max: 3784, Diff: 3783, Sum: 22494]
      [GC Worker Other (ms): Min: 0.0, Avg: 0.0, Max: 0.1, Diff: 0.0, Sum: 0.3]
      [GC Worker Total (ms): Min: 180.6, Avg: 180.7, Max: 180.8, Diff: 0.3, Sum: 1445.4]
      [GC Worker End (ms): Min: 14980.4, Avg: 14980.4, Max: 14980.4, Diff: 0.0]
   [Code Root Fixup: 0.0 ms]
   [Code Root Purge: 0.0 ms]
   [Clear CT: 0.2 ms]
   [Other: 1.0 ms]
      [Choose CSet: 0.0 ms]
      [Ref Proc: 0.3 ms]
      [Ref Enq: 0.0 ms]
      [Redirty Cards: 0.3 ms]
      [Humongous Register: 0.0 ms]
      [Humongous Reclaim: 0.0 ms]
      [Free CSet: 0.1 ms]
   [Eden: 192.0M(192.0M)->0.0B(187.0M) Survivors: 30.0M->28.0M Heap: 729.0M(2048.0M)->730.5M(2048.0M)]
 [Times: user=1.30 sys=0.13, real=0.18 secs] 
2020-09-29T11:56:28.806+0200: 15.106: [GC pause (G1 Evacuation Pause) (young), 0.1723623 secs]
   [Parallel Time: 171.2 ms, GC Workers: 8]
      [GC Worker Start (ms): Min: 15106.3, Avg: 15106.4, Max: 15106.5, Diff: 0.2]
      [Ext Root Scanning (ms): Min: 0.0, Avg: 0.1, Max: 0.2, Diff: 0.2, Sum: 0.7]
      [Update RS (ms): Min: 19.4, Avg: 19.8, Max: 20.1, Diff: 0.8, Sum: 158.3]
         [Processed Buffers: Min: 12, Avg: 15.0, Max: 16, Diff: 4, Sum: 120]
      [Scan RS (ms): Min: 16.3, Avg: 16.6, Max: 17.1, Diff: 0.8, Sum: 133.0]
      [Code Root Scanning (ms): Min: 0.0, Avg: 0.0, Max: 0.0, Diff: 0.0, Sum: 0.0]
      [Object Copy (ms): Min: 133.8, Avg: 134.0, Max: 134.4, Diff: 0.6, Sum: 1072.1]
      [Termination (ms): Min: 0.0, Avg: 0.4, Max: 0.6, Diff: 0.6, Sum: 2.9]
         [Termination Attempts: Min: 1, Avg: 1708.4, Max: 2458, Diff: 2457, Sum: 13667]
      [GC Worker Other (ms): Min: 0.0, Avg: 0.0, Max: 0.1, Diff: 0.0, Sum: 0.3]
      [GC Worker Total (ms): Min: 170.8, Avg: 170.9, Max: 171.0, Diff: 0.2, Sum: 1367.4]
      [GC Worker End (ms): Min: 15277.3, Avg: 15277.3, Max: 15277.3, Diff: 0.0]
   [Code Root Fixup: 0.0 ms]
   [Code Root Purge: 0.0 ms]
   [Clear CT: 0.2 ms]
   [Other: 0.9 ms]
      [Choose CSet: 0.0 ms]
      [Ref Proc: 0.2 ms]
      [Ref Enq: 0.0 ms]
      [Redirty Cards: 0.2 ms]
      [Humongous Register: 0.1 ms]
      [Humongous Reclaim: 0.0 ms]
      [Free CSet: 0.2 ms]
   [Eden: 187.0M(187.0M)->0.0B(190.0M) Survivors: 28.0M->27.0M Heap: 948.0M(2048.0M)->950.5M(2048.0M)]
 [Times: user=1.27 sys=0.08, real=0.17 secs] 
2020-09-29T11:56:28.979+0200: 15.280: [GC pause (G1 Humongous Allocation) (young) (initial-mark), 0.0589573 secs]
   [Parallel Time: 57.9 ms, GC Workers: 8]
      [GC Worker Start (ms): Min: 15279.9, Avg: 15279.9, Max: 15280.0, Diff: 0.1]
      [Ext Root Scanning (ms): Min: 0.1, Avg: 0.1, Max: 0.2, Diff: 0.1, Sum: 0.9]
      [Update RS (ms): Min: 37.9, Avg: 38.0, Max: 38.2, Diff: 0.4, Sum: 304.3]
         [Processed Buffers: Min: 33, Avg: 36.1, Max: 38, Diff: 5, Sum: 289]
      [Scan RS (ms): Min: 0.0, Avg: 0.0, Max: 0.0, Diff: 0.0, Sum: 0.0]
      [Code Root Scanning (ms): Min: 0.0, Avg: 0.0, Max: 0.0, Diff: 0.0, Sum: 0.0]
      [Object Copy (ms): Min: 19.3, Avg: 19.5, Max: 19.6, Diff: 0.3, Sum: 155.7]
      [Termination (ms): Min: 0.0, Avg: 0.0, Max: 0.1, Diff: 0.1, Sum: 0.4]
         [Termination Attempts: Min: 1, Avg: 206.0, Max: 295, Diff: 294, Sum: 1648]
      [GC Worker Other (ms): Min: 0.0, Avg: 0.0, Max: 0.0, Diff: 0.0, Sum: 0.2]
      [GC Worker Total (ms): Min: 57.6, Avg: 57.7, Max: 57.7, Diff: 0.1, Sum: 461.5]
      [GC Worker End (ms): Min: 15337.6, Avg: 15337.6, Max: 15337.6, Diff: 0.0]
   [Code Root Fixup: 0.0 ms]
   [Code Root Purge: 0.0 ms]
   [Clear CT: 0.2 ms]
   [Other: 0.8 ms]
      [Choose CSet: 0.0 ms]
      [Ref Proc: 0.2 ms]
      [Ref Enq: 0.0 ms]
      [Redirty Cards: 0.2 ms]
      [Humongous Register: 0.1 ms]
      [Humongous Reclaim: 0.0 ms]
      [Free CSet: 0.1 ms]
   [Eden: 2048.0K(190.0M)->0.0B(209.0M) Survivors: 27.0M->2048.0K Heap: 952.0M(2048.0M)->954.0M(2048.0M)]
 [Times: user=0.50 sys=0.00, real=0.06 secs] 
2020-09-29T11:56:29.038+0200: 15.339: [GC concurrent-root-region-scan-start]
2020-09-29T11:56:29.039+0200: 15.340: [GC concurrent-root-region-scan-end, 0.0008950 secs]
2020-09-29T11:56:29.039+0200: 15.340: [GC concurrent-mark-start]
2020-09-29T11:56:29.044+0200: 15.344: [GC concurrent-mark-end, 0.0042014 secs]
2020-09-29T11:56:29.046+0200: 15.347: [GC remark 2020-09-29T11:56:29.046+0200: 15.347: [Finalize Marking, 0.0002125 secs] 2020-09-29T11:56:29.046+0200: 15.347: [GC ref-proc, 0.0004473 secs] 2020-09-29T11:56:29.047+0200: 15.347: [Unloading, 0.0006524 secs], 0.0016789 secs]
 [Times: user=0.00 sys=0.00, real=0.00 secs] 
2020-09-29T11:56:29.049+0200: 15.350: [GC cleanup 965M->22M(2048M), 0.0015136 secs]
 [Times: user=0.00 sys=0.00, real=0.00 secs] 
2020-09-29T11:56:29.051+0200: 15.351: [GC concurrent-cleanup-start]
2020-09-29T11:56:29.053+0200: 15.353: [GC concurrent-cleanup-end, 0.0015786 secs]
2020-09-29T11:56:29.187+0200: 15.488: [GC pause (G1 Evacuation Pause) (young), 0.1896349 secs]
   [Parallel Time: 188.4 ms, GC Workers: 8]
      [GC Worker Start (ms): Min: 15488.1, Avg: 15488.2, Max: 15488.3, Diff: 0.2]
      [Ext Root Scanning (ms): Min: 0.0, Avg: 0.1, Max: 0.2, Diff: 0.2, Sum: 0.6]
      [Update RS (ms): Min: 18.0, Avg: 18.2, Max: 19.3, Diff: 1.2, Sum: 145.9]
         [Processed Buffers: Min: 13, Avg: 15.0, Max: 18, Diff: 5, Sum: 120]
      [Scan RS (ms): Min: 16.3, Avg: 17.3, Max: 17.6, Diff: 1.2, Sum: 138.7]
      [Code Root Scanning (ms): Min: 0.0, Avg: 0.0, Max: 0.0, Diff: 0.0, Sum: 0.0]
      [Object Copy (ms): Min: 152.0, Avg: 152.2, Max: 152.4, Diff: 0.4, Sum: 1217.6]
      [Termination (ms): Min: 0.0, Avg: 0.1, Max: 0.2, Diff: 0.2, Sum: 1.1]
         [Termination Attempts: Min: 1, Avg: 507.5, Max: 784, Diff: 783, Sum: 4060]
      [GC Worker Other (ms): Min: 0.0, Avg: 0.0, Max: 0.0, Diff: 0.0, Sum: 0.1]
      [GC Worker Total (ms): Min: 187.9, Avg: 188.0, Max: 188.1, Diff: 0.2, Sum: 1504.0]
      [GC Worker End (ms): Min: 15676.2, Avg: 15676.2, Max: 15676.2, Diff: 0.0]
   [Code Root Fixup: 0.0 ms]
   [Code Root Purge: 0.0 ms]
   [Clear CT: 0.2 ms]
   [Other: 1.0 ms]
      [Choose CSet: 0.0 ms]
      [Ref Proc: 0.3 ms]
      [Ref Enq: 0.0 ms]
      [Redirty Cards: 0.3 ms]
      [Humongous Register: 0.0 ms]
      [Humongous Reclaim: 0.0 ms]
      [Free CSet: 0.1 ms]
   [Eden: 209.0M(209.0M)->0.0B(177.0M) Survivors: 2048.0K->27.0M Heap: 256.2M(2048.0M)->256.2M(2048.0M)]
 [Times: user=1.28 sys=0.05, real=0.19 secs] 
2020-09-29T11:56:29.498+0200: 15.799: [GC pause (G1 Evacuation Pause) (young), 0.1531195 secs]
   [Parallel Time: 150.9 ms, GC Workers: 8]
      [GC Worker Start (ms): Min: 15799.5, Avg: 15799.6, Max: 15799.7, Diff: 0.2]
      [Ext Root Scanning (ms): Min: 0.0, Avg: 0.1, Max: 0.2, Diff: 0.2, Sum: 0.7]
      [Update RS (ms): Min: 23.0, Avg: 23.3, Max: 23.6, Diff: 0.5, Sum: 186.3]
         [Processed Buffers: Min: 16, Avg: 18.0, Max: 21, Diff: 5, Sum: 144]
      [Scan RS (ms): Min: 13.1, Avg: 13.5, Max: 13.8, Diff: 0.6, Sum: 107.7]
      [Code Root Scanning (ms): Min: 0.0, Avg: 0.0, Max: 0.0, Diff: 0.0, Sum: 0.0]
      [Object Copy (ms): Min: 113.6, Avg: 113.7, Max: 113.8, Diff: 0.2, Sum: 909.8]
      [Termination (ms): Min: 0.0, Avg: 0.0, Max: 0.0, Diff: 0.0, Sum: 0.3]
         [Termination Attempts: Min: 1, Avg: 131.8, Max: 163, Diff: 162, Sum: 1054]
      [GC Worker Other (ms): Min: 0.0, Avg: 0.0, Max: 0.1, Diff: 0.1, Sum: 0.3]
      [GC Worker Total (ms): Min: 150.6, Avg: 150.6, Max: 150.7, Diff: 0.1, Sum: 1205.0]
      [GC Worker End (ms): Min: 15950.2, Avg: 15950.2, Max: 15950.3, Diff: 0.1]
   [Code Root Fixup: 0.0 ms]
   [Code Root Purge: 0.0 ms]
   [Clear CT: 0.3 ms]
   [Other: 1.9 ms]
      [Choose CSet: 0.0 ms]
      [Ref Proc: 0.3 ms]
      [Ref Enq: 0.0 ms]
      [Redirty Cards: 1.3 ms]
      [Humongous Register: 0.0 ms]
      [Humongous Reclaim: 0.0 ms]
      [Free CSet: 0.2 ms]
   [Eden: 177.0M(177.0M)->0.0B(186.0M) Survivors: 27.0M->26.0M Heap: 461.9M(2048.0M)->463.9M(2048.0M)]
 [Times: user=1.22 sys=0.03, real=0.15 secs] 
2020-09-29T11:56:29.776+0200: 16.077: [GC pause (G1 Evacuation Pause) (young), 0.1532896 secs]
   [Parallel Time: 152.1 ms, GC Workers: 8]
      [GC Worker Start (ms): Min: 16077.5, Avg: 16077.5, Max: 16077.6, Diff: 0.2]
      [Ext Root Scanning (ms): Min: 0.0, Avg: 0.1, Max: 0.2, Diff: 0.2, Sum: 0.7]
      [Update RS (ms): Min: 18.4, Avg: 19.1, Max: 19.6, Diff: 1.2, Sum: 152.7]
         [Processed Buffers: Min: 14, Avg: 14.8, Max: 16, Diff: 2, Sum: 118]
      [Scan RS (ms): Min: 15.6, Avg: 16.2, Max: 16.8, Diff: 1.2, Sum: 129.3]
      [Code Root Scanning (ms): Min: 0.0, Avg: 0.0, Max: 0.0, Diff: 0.0, Sum: 0.0]
      [Object Copy (ms): Min: 116.3, Avg: 116.5, Max: 116.5, Diff: 0.2, Sum: 931.7]
      [Termination (ms): Min: 0.0, Avg: 0.0, Max: 0.1, Diff: 0.0, Sum: 0.3]
         [Termination Attempts: Min: 1, Avg: 189.4, Max: 243, Diff: 242, Sum: 1515]
      [GC Worker Other (ms): Min: 0.0, Avg: 0.0, Max: 0.1, Diff: 0.1, Sum: 0.3]
      [GC Worker Total (ms): Min: 151.8, Avg: 151.9, Max: 152.0, Diff: 0.2, Sum: 1215.0]
      [GC Worker End (ms): Min: 16229.4, Avg: 16229.4, Max: 16229.5, Diff: 0.1]
   [Code Root Fixup: 0.0 ms]
   [Code Root Purge: 0.0 ms]
   [Clear CT: 0.3 ms]
   [Other: 1.0 ms]
      [Choose CSet: 0.0 ms]
      [Ref Proc: 0.3 ms]
      [Ref Enq: 0.0 ms]
      [Redirty Cards: 0.3 ms]
      [Humongous Register: 0.0 ms]
      [Humongous Reclaim: 0.0 ms]
      [Free CSet: 0.1 ms]
   [Eden: 186.0M(186.0M)->0.0B(195.0M) Survivors: 26.0M->27.0M Heap: 680.4M(2048.0M)->682.4M(2048.0M)]
 [Times: user=1.19 sys=0.06, real=0.15 secs] 
2020-09-29T11:56:30.060+0200: 16.361: [GC pause (G1 Evacuation Pause) (young), 0.1688532 secs]
   [Parallel Time: 167.5 ms, GC Workers: 8]
      [GC Worker Start (ms): Min: 16361.1, Avg: 16361.2, Max: 16361.3, Diff: 0.2]
      [Ext Root Scanning (ms): Min: 0.0, Avg: 0.1, Max: 0.2, Diff: 0.2, Sum: 0.6]
      [Update RS (ms): Min: 20.7, Avg: 20.8, Max: 21.1, Diff: 0.4, Sum: 166.5]
         [Processed Buffers: Min: 16, Avg: 17.5, Max: 20, Diff: 4, Sum: 140]
      [Scan RS (ms): Min: 16.8, Avg: 17.2, Max: 17.3, Diff: 0.5, Sum: 137.3]
      [Code Root Scanning (ms): Min: 0.0, Avg: 0.0, Max: 0.0, Diff: 0.0, Sum: 0.0]
      [Object Copy (ms): Min: 129.0, Avg: 129.0, Max: 129.1, Diff: 0.2, Sum: 1032.2]
      [Termination (ms): Min: 0.0, Avg: 0.0, Max: 0.0, Diff: 0.0, Sum: 0.3]
         [Termination Attempts: Min: 1, Avg: 173.3, Max: 261, Diff: 260, Sum: 1386]
      [GC Worker Other (ms): Min: 0.0, Avg: 0.0, Max: 0.1, Diff: 0.1, Sum: 0.3]
      [GC Worker Total (ms): Min: 167.0, Avg: 167.1, Max: 167.3, Diff: 0.3, Sum: 1337.1]
      [GC Worker End (ms): Min: 16528.4, Avg: 16528.4, Max: 16528.4, Diff: 0.1]
   [Code Root Fixup: 0.0 ms]
   [Code Root Purge: 0.0 ms]
   [Clear CT: 0.3 ms]
   [Other: 1.1 ms]
      [Choose CSet: 0.0 ms]
      [Ref Proc: 0.2 ms]
      [Ref Enq: 0.0 ms]
      [Redirty Cards: 0.3 ms]
      [Humongous Register: 0.0 ms]
      [Humongous Reclaim: 0.0 ms]
      [Free CSet: 0.3 ms]
   [Eden: 195.0M(195.0M)->0.0B(200.0M) Survivors: 27.0M->28.0M Heap: 911.7M(2048.0M)->913.7M(2048.0M)]
 [Times: user=1.28 sys=0.08, real=0.17 secs] 
2020-09-29T11:56:30.360+0200: 16.661: [GC pause (G1 Humongous Allocation) (young) (initial-mark), 0.1617095 secs]
   [Parallel Time: 160.5 ms, GC Workers: 8]
      [GC Worker Start (ms): Min: 16661.2, Avg: 16661.3, Max: 16661.4, Diff: 0.2]
      [Ext Root Scanning (ms): Min: 0.0, Avg: 0.1, Max: 0.2, Diff: 0.2, Sum: 0.8]
      [Update RS (ms): Min: 16.6, Avg: 17.1, Max: 17.6, Diff: 1.0, Sum: 136.9]
         [Processed Buffers: Min: 12, Avg: 13.3, Max: 14, Diff: 2, Sum: 106]
      [Scan RS (ms): Min: 15.3, Avg: 15.8, Max: 16.5, Diff: 1.2, Sum: 126.6]
      [Code Root Scanning (ms): Min: 0.0, Avg: 0.0, Max: 0.0, Diff: 0.0, Sum: 0.0]
      [Object Copy (ms): Min: 126.8, Avg: 126.9, Max: 127.1, Diff: 0.3, Sum: 1015.6]
      [Termination (ms): Min: 0.0, Avg: 0.3, Max: 0.3, Diff: 0.3, Sum: 2.1]
         [Termination Attempts: Min: 1, Avg: 991.4, Max: 1240, Diff: 1239, Sum: 7931]
      [GC Worker Other (ms): Min: 0.0, Avg: 0.0, Max: 0.0, Diff: 0.0, Sum: 0.1]
      [GC Worker Total (ms): Min: 160.2, Avg: 160.3, Max: 160.4, Diff: 0.2, Sum: 1282.1]
      [GC Worker End (ms): Min: 16821.6, Avg: 16821.6, Max: 16821.6, Diff: 0.0]
   [Code Root Fixup: 0.0 ms]
   [Code Root Purge: 0.0 ms]
   [Clear CT: 0.2 ms]
   [Other: 0.9 ms]
      [Choose CSet: 0.0 ms]
      [Ref Proc: 0.2 ms]
      [Ref Enq: 0.0 ms]
      [Redirty Cards: 0.3 ms]
      [Humongous Register: 0.0 ms]
      [Humongous Reclaim: 0.0 ms]
      [Free CSet: 0.1 ms]
   [Eden: 172.0M(200.0M)->0.0B(200.0M) Survivors: 28.0M->29.0M Heap: 1111.9M(2048.0M)->1113.4M(2048.0M)]
 [Times: user=1.24 sys=0.06, real=0.16 secs] 
2020-09-29T11:56:30.522+0200: 16.823: [GC concurrent-root-region-scan-start]
2020-09-29T11:56:30.534+0200: 16.835: [GC concurrent-root-region-scan-end, 0.0123699 secs]
2020-09-29T11:56:30.534+0200: 16.835: [GC concurrent-mark-start]
2020-09-29T11:56:30.538+0200: 16.839: [GC concurrent-mark-end, 0.0035582 secs]
2020-09-29T11:56:30.538+0200: 16.839: [GC remark 2020-09-29T11:56:30.538+0200: 16.839: [Finalize Marking, 0.0002104 secs] 2020-09-29T11:56:30.538+0200: 16.839: [GC ref-proc, 0.0003719 secs] 2020-09-29T11:56:30.539+0200: 16.840: [Unloading, 0.0005486 secs], 0.0014866 secs]
 [Times: user=0.00 sys=0.00, real=0.00 secs] 
2020-09-29T11:56:30.540+0200: 16.841: [GC cleanup 1126M->50M(2048M), 0.0013656 secs]
 [Times: user=0.00 sys=0.00, real=0.00 secs] 
2020-09-29T11:56:30.542+0200: 16.843: [GC concurrent-cleanup-start]
2020-09-29T11:56:30.543+0200: 16.844: [GC concurrent-cleanup-end, 0.0019569 secs]
2020-09-29T11:56:30.669+0200: 16.970: [GC pause (G1 Evacuation Pause) (young), 0.1636731 secs]
   [Parallel Time: 162.1 ms, GC Workers: 8]
      [GC Worker Start (ms): Min: 16969.7, Avg: 16969.9, Max: 16970.0, Diff: 0.2]
      [Ext Root Scanning (ms): Min: 0.0, Avg: 0.1, Max: 0.2, Diff: 0.2, Sum: 0.6]
      [Update RS (ms): Min: 25.5, Avg: 25.6, Max: 25.9, Diff: 0.4, Sum: 205.1]
         [Processed Buffers: Min: 18, Avg: 20.0, Max: 22, Diff: 4, Sum: 160]
      [Scan RS (ms): Min: 11.4, Avg: 11.7, Max: 11.8, Diff: 0.4, Sum: 93.3]
      [Code Root Scanning (ms): Min: 0.0, Avg: 0.0, Max: 0.0, Diff: 0.0, Sum: 0.0]
      [Object Copy (ms): Min: 124.2, Avg: 124.4, Max: 124.5, Diff: 0.3, Sum: 994.8]
      [Termination (ms): Min: 0.0, Avg: 0.1, Max: 0.1, Diff: 0.1, Sum: 0.5]
         [Termination Attempts: Min: 1, Avg: 346.1, Max: 453, Diff: 452, Sum: 2769]
      [GC Worker Other (ms): Min: 0.0, Avg: 0.0, Max: 0.1, Diff: 0.1, Sum: 0.3]
      [GC Worker Total (ms): Min: 161.7, Avg: 161.8, Max: 162.0, Diff: 0.2, Sum: 1294.7]
      [GC Worker End (ms): Min: 17131.7, Avg: 17131.7, Max: 17131.8, Diff: 0.1]
   [Code Root Fixup: 0.0 ms]
   [Code Root Purge: 0.0 ms]
   [Clear CT: 0.3 ms]
   [Other: 1.3 ms]
      [Choose CSet: 0.0 ms]
      [Ref Proc: 0.2 ms]
      [Ref Enq: 0.0 ms]
      [Redirty Cards: 0.6 ms]
      [Humongous Register: 0.0 ms]
      [Humongous Reclaim: 0.0 ms]
      [Free CSet: 0.1 ms]
   [Eden: 200.0M(200.0M)->0.0B(207.0M) Survivors: 29.0M->29.0M Heap: 272.3M(2048.0M)->245.8M(2048.0M)]
 [Times: user=1.28 sys=0.02, real=0.16 secs] 
2020-09-29T11:56:30.977+0200: 17.278: [GC pause (G1 Evacuation Pause) (young), 0.1855547 secs]
   [Parallel Time: 184.3 ms, GC Workers: 8]
      [GC Worker Start (ms): Min: 17278.2, Avg: 17278.3, Max: 17278.3, Diff: 0.1]
      [Ext Root Scanning (ms): Min: 0.0, Avg: 0.1, Max: 0.2, Diff: 0.1, Sum: 0.8]
      [Update RS (ms): Min: 15.7, Avg: 16.3, Max: 16.9, Diff: 1.1, Sum: 130.6]
         [Processed Buffers: Min: 13, Avg: 13.6, Max: 15, Diff: 2, Sum: 109]
      [Scan RS (ms): Min: 20.4, Avg: 21.0, Max: 21.5, Diff: 1.1, Sum: 168.0]
      [Code Root Scanning (ms): Min: 0.0, Avg: 0.0, Max: 0.0, Diff: 0.0, Sum: 0.0]
      [Object Copy (ms): Min: 146.5, Avg: 146.6, Max: 146.7, Diff: 0.2, Sum: 1173.1]
      [Termination (ms): Min: 0.0, Avg: 0.1, Max: 0.1, Diff: 0.1, Sum: 0.4]
         [Termination Attempts: Min: 1, Avg: 230.4, Max: 281, Diff: 280, Sum: 1843]
      [GC Worker Other (ms): Min: 0.0, Avg: 0.0, Max: 0.1, Diff: 0.1, Sum: 0.4]
      [GC Worker Total (ms): Min: 184.1, Avg: 184.2, Max: 184.2, Diff: 0.1, Sum: 1473.3]
      [GC Worker End (ms): Min: 17462.4, Avg: 17462.4, Max: 17462.5, Diff: 0.1]
   [Code Root Fixup: 0.0 ms]
   [Code Root Purge: 0.0 ms]
   [Clear CT: 0.2 ms]
   [Other: 1.1 ms]
      [Choose CSet: 0.0 ms]
      [Ref Proc: 0.2 ms]
      [Ref Enq: 0.0 ms]
      [Redirty Cards: 0.3 ms]
      [Humongous Register: 0.0 ms]
      [Humongous Reclaim: 0.0 ms]
      [Free CSet: 0.2 ms]
   [Eden: 207.0M(207.0M)->0.0B(205.0M) Survivors: 29.0M->30.0M Heap: 487.2M(2048.0M)->489.2M(2048.0M)]
 [Times: user=1.42 sys=0.06, real=0.19 secs] 
2020-09-29T11:56:31.304+0200: 17.605: [GC pause (G1 Evacuation Pause) (young), 0.1783942 secs]
   [Parallel Time: 177.1 ms, GC Workers: 8]
      [GC Worker Start (ms): Min: 17605.0, Avg: 17605.1, Max: 17605.1, Diff: 0.2]
      [Ext Root Scanning (ms): Min: 0.0, Avg: 0.1, Max: 0.2, Diff: 0.2, Sum: 0.7]
      [Update RS (ms): Min: 20.3, Avg: 20.5, Max: 21.0, Diff: 0.7, Sum: 163.7]
         [Processed Buffers: Min: 14, Avg: 16.3, Max: 19, Diff: 5, Sum: 130]
      [Scan RS (ms): Min: 18.5, Avg: 19.1, Max: 19.3, Diff: 0.8, Sum: 152.7]
      [Code Root Scanning (ms): Min: 0.0, Avg: 0.0, Max: 0.0, Diff: 0.0, Sum: 0.0]
      [Object Copy (ms): Min: 137.0, Avg: 137.1, Max: 137.3, Diff: 0.3, Sum: 1096.8]
      [Termination (ms): Min: 0.0, Avg: 0.1, Max: 0.1, Diff: 0.1, Sum: 0.6]
         [Termination Attempts: Min: 1, Avg: 351.5, Max: 434, Diff: 433, Sum: 2812]
      [GC Worker Other (ms): Min: 0.0, Avg: 0.0, Max: 0.0, Diff: 0.0, Sum: 0.2]
      [GC Worker Total (ms): Min: 176.8, Avg: 176.8, Max: 176.9, Diff: 0.2, Sum: 1414.7]
      [GC Worker End (ms): Min: 17781.9, Avg: 17781.9, Max: 17781.9, Diff: 0.0]
   [Code Root Fixup: 0.0 ms]
   [Code Root Purge: 0.0 ms]
   [Clear CT: 0.4 ms]
   [Other: 0.9 ms]
      [Choose CSet: 0.0 ms]
      [Ref Proc: 0.2 ms]
      [Ref Enq: 0.0 ms]
      [Redirty Cards: 0.3 ms]
      [Humongous Register: 0.0 ms]
      [Humongous Reclaim: 0.0 ms]
      [Free CSet: 0.2 ms]
   [Eden: 205.0M(205.0M)->0.0B(206.0M) Survivors: 30.0M->30.0M Heap: 728.5M(2048.0M)->731.0M(2048.0M)]
 [Times: user=1.36 sys=0.00, real=0.18 secs] 
2020-09-29T11:56:31.607+0200: 17.908: [GC pause (G1 Evacuation Pause) (young), 0.1213072 secs]
   [Parallel Time: 120.1 ms, GC Workers: 8]
      [GC Worker Start (ms): Min: 17907.8, Avg: 17907.9, Max: 17908.0, Diff: 0.2]
      [Ext Root Scanning (ms): Min: 0.0, Avg: 0.1, Max: 0.2, Diff: 0.2, Sum: 0.4]
      [Update RS (ms): Min: 12.6, Avg: 12.8, Max: 13.0, Diff: 0.3, Sum: 102.1]
         [Processed Buffers: Min: 13, Avg: 14.5, Max: 17, Diff: 4, Sum: 116]
      [Scan RS (ms): Min: 14.9, Avg: 15.1, Max: 15.3, Diff: 0.4, Sum: 120.7]
      [Code Root Scanning (ms): Min: 0.0, Avg: 0.0, Max: 0.0, Diff: 0.0, Sum: 0.0]
      [Object Copy (ms): Min: 91.8, Avg: 91.9, Max: 92.0, Diff: 0.2, Sum: 735.1]
      [Termination (ms): Min: 0.0, Avg: 0.0, Max: 0.0, Diff: 0.0, Sum: 0.1]
         [Termination Attempts: Min: 1, Avg: 86.9, Max: 111, Diff: 110, Sum: 695]
      [GC Worker Other (ms): Min: 0.0, Avg: 0.0, Max: 0.0, Diff: 0.0, Sum: 0.2]
      [GC Worker Total (ms): Min: 119.8, Avg: 119.8, Max: 120.0, Diff: 0.2, Sum: 958.6]
      [GC Worker End (ms): Min: 18027.7, Avg: 18027.7, Max: 18027.8, Diff: 0.0]
   [Code Root Fixup: 0.0 ms]
   [Code Root Purge: 0.0 ms]
   [Clear CT: 0.3 ms]
   [Other: 0.9 ms]
      [Choose CSet: 0.0 ms]
      [Ref Proc: 0.3 ms]
      [Ref Enq: 0.0 ms]
      [Redirty Cards: 0.3 ms]
      [Humongous Register: 0.0 ms]
      [Humongous Reclaim: 0.0 ms]
      [Free CSet: 0.2 ms]
   [Eden: 206.0M(206.0M)->0.0B(222.0M) Survivors: 30.0M->30.0M Heap: 971.3M(2048.0M)->972.8M(2048.0M)]
 [Times: user=0.95 sys=0.05, real=0.12 secs] 
2020-09-29T11:56:31.732+0200: 18.033: [GC pause (G1 Humongous Allocation) (young) (initial-mark), 0.0440905 secs]
   [Parallel Time: 42.9 ms, GC Workers: 8]
      [GC Worker Start (ms): Min: 18032.7, Avg: 18032.7, Max: 18032.8, Diff: 0.1]
      [Ext Root Scanning (ms): Min: 0.0, Avg: 0.1, Max: 0.1, Diff: 0.1, Sum: 0.6]
      [Update RS (ms): Min: 25.8, Avg: 26.0, Max: 26.4, Diff: 0.6, Sum: 208.2]
         [Processed Buffers: Min: 32, Avg: 35.6, Max: 37, Diff: 5, Sum: 285]
      [Scan RS (ms): Min: 1.0, Avg: 1.5, Max: 1.7, Diff: 0.6, Sum: 11.8]
      [Code Root Scanning (ms): Min: 0.0, Avg: 0.0, Max: 0.0, Diff: 0.0, Sum: 0.0]
      [Object Copy (ms): Min: 15.1, Avg: 15.2, Max: 15.2, Diff: 0.1, Sum: 121.3]
      [Termination (ms): Min: 0.0, Avg: 0.0, Max: 0.0, Diff: 0.0, Sum: 0.3]
         [Termination Attempts: Min: 1, Avg: 207.5, Max: 296, Diff: 295, Sum: 1660]
      [GC Worker Other (ms): Min: 0.0, Avg: 0.0, Max: 0.0, Diff: 0.0, Sum: 0.1]
      [GC Worker Total (ms): Min: 42.8, Avg: 42.8, Max: 42.8, Diff: 0.1, Sum: 342.3]
      [GC Worker End (ms): Min: 18075.5, Avg: 18075.5, Max: 18075.5, Diff: 0.0]
   [Code Root Fixup: 0.0 ms]
   [Code Root Purge: 0.0 ms]
   [Clear CT: 0.3 ms]
   [Other: 0.9 ms]
      [Choose CSet: 0.0 ms]
      [Ref Proc: 0.3 ms]
      [Ref Enq: 0.0 ms]
      [Redirty Cards: 0.3 ms]
      [Humongous Register: 0.0 ms]
      [Humongous Reclaim: 0.0 ms]
      [Free CSet: 0.0 ms]
   [Eden: 7168.0K(222.0M)->0.0B(263.0M) Survivors: 30.0M->8192.0K Heap: 979.3M(2048.0M)->983.3M(2048.0M)]
 [Times: user=0.38 sys=0.00, real=0.04 secs] 
2020-09-29T11:56:31.777+0200: 18.077: [GC concurrent-root-region-scan-start]
2020-09-29T11:56:31.778+0200: 18.078: [GC concurrent-root-region-scan-end, 0.0010944 secs]
2020-09-29T11:56:31.778+0200: 18.078: [GC concurrent-mark-start]
2020-09-29T11:56:31.780+0200: 18.080: [GC concurrent-mark-end, 0.0021390 secs]
2020-09-29T11:56:31.780+0200: 18.080: [GC remark 2020-09-29T11:56:31.780+0200: 18.080: [Finalize Marking, 0.0002575 secs] 2020-09-29T11:56:31.780+0200: 18.080: [GC ref-proc, 0.0002918 secs] 2020-09-29T11:56:31.780+0200: 18.081: [Unloading, 0.0004346 secs], 0.0012488 secs]
 [Times: user=0.00 sys=0.00, real=0.00 secs] 
2020-09-29T11:56:31.781+0200: 18.082: [GC cleanup 992M->25M(2048M), 0.0010301 secs]
 [Times: user=0.00 sys=0.00, real=0.00 secs] 
2020-09-29T11:56:31.783+0200: 18.083: [GC concurrent-cleanup-start]
2020-09-29T11:56:31.784+0200: 18.084: [GC concurrent-cleanup-end, 0.0010114 secs]
2020-09-29T11:56:31.913+0200: 18.213: [GC pause (G1 Evacuation Pause) (young), 0.1409867 secs]
   [Parallel Time: 140.1 ms, GC Workers: 8]
      [GC Worker Start (ms): Min: 18213.1, Avg: 18213.2, Max: 18213.3, Diff: 0.2]
      [Ext Root Scanning (ms): Min: 0.0, Avg: 0.1, Max: 0.2, Diff: 0.2, Sum: 0.4]
      [Update RS (ms): Min: 14.2, Avg: 14.6, Max: 15.1, Diff: 0.9, Sum: 116.5]
         [Processed Buffers: Min: 14, Avg: 14.6, Max: 17, Diff: 3, Sum: 117]
      [Scan RS (ms): Min: 17.5, Avg: 18.2, Max: 18.6, Diff: 1.1, Sum: 145.3]
      [Code Root Scanning (ms): Min: 0.0, Avg: 0.0, Max: 0.0, Diff: 0.0, Sum: 0.0]
      [Object Copy (ms): Min: 106.9, Avg: 107.0, Max: 107.1, Diff: 0.2, Sum: 856.2]
      [Termination (ms): Min: 0.0, Avg: 0.0, Max: 0.0, Diff: 0.0, Sum: 0.1]
         [Termination Attempts: Min: 1, Avg: 115.6, Max: 146, Diff: 145, Sum: 925]
      [GC Worker Other (ms): Min: 0.0, Avg: 0.0, Max: 0.1, Diff: 0.1, Sum: 0.3]
      [GC Worker Total (ms): Min: 139.8, Avg: 139.9, Max: 140.0, Diff: 0.2, Sum: 1118.8]
      [GC Worker End (ms): Min: 18353.0, Avg: 18353.1, Max: 18353.1, Diff: 0.1]
   [Code Root Fixup: 0.0 ms]
   [Code Root Purge: 0.0 ms]
   [Clear CT: 0.1 ms]
   [Other: 0.7 ms]
      [Choose CSet: 0.0 ms]
      [Ref Proc: 0.1 ms]
      [Ref Enq: 0.0 ms]
      [Redirty Cards: 0.2 ms]
      [Humongous Register: 0.0 ms]
      [Humongous Reclaim: 0.0 ms]
      [Free CSet: 0.2 ms]
   [Eden: 263.0M(263.0M)->0.0B(262.0M) Survivors: 8192.0K->34.0M Heap: 323.9M(2048.0M)->317.9M(2048.0M)]
 [Times: user=1.03 sys=0.08, real=0.14 secs] 
2020-09-29T11:56:32.187+0200: 18.487: [GC pause (G1 Evacuation Pause) (young), 0.1764340 secs]
   [Parallel Time: 174.8 ms, GC Workers: 8]
      [GC Worker Start (ms): Min: 18487.1, Avg: 18487.2, Max: 18487.2, Diff: 0.2]
      [Ext Root Scanning (ms): Min: 0.0, Avg: 0.1, Max: 0.2, Diff: 0.2, Sum: 0.5]
      [Update RS (ms): Min: 12.8, Avg: 13.1, Max: 13.4, Diff: 0.7, Sum: 104.7]
         [Processed Buffers: Min: 14, Avg: 14.4, Max: 16, Diff: 2, Sum: 115]
      [Scan RS (ms): Min: 21.3, Avg: 21.9, Max: 25.5, Diff: 4.2, Sum: 175.5]
      [Code Root Scanning (ms): Min: 0.0, Avg: 0.0, Max: 0.0, Diff: 0.0, Sum: 0.0]
      [Object Copy (ms): Min: 135.3, Avg: 139.2, Max: 140.0, Diff: 4.7, Sum: 1113.3]
      [Termination (ms): Min: 0.0, Avg: 0.2, Max: 0.3, Diff: 0.3, Sum: 1.8]
         [Termination Attempts: Min: 1, Avg: 1485.6, Max: 1815, Diff: 1814, Sum: 11885]
      [GC Worker Other (ms): Min: 0.0, Avg: 0.1, Max: 0.2, Diff: 0.2, Sum: 0.6]
      [GC Worker Total (ms): Min: 174.4, Avg: 174.5, Max: 174.7, Diff: 0.3, Sum: 1396.4]
      [GC Worker End (ms): Min: 18661.7, Avg: 18661.7, Max: 18661.8, Diff: 0.2]
   [Code Root Fixup: 0.0 ms]
   [Code Root Purge: 0.0 ms]
   [Clear CT: 0.4 ms]
   [Other: 1.2 ms]
      [Choose CSet: 0.0 ms]
      [Ref Proc: 0.3 ms]
      [Ref Enq: 0.0 ms]
      [Redirty Cards: 0.5 ms]
      [Humongous Register: 0.0 ms]
      [Humongous Reclaim: 0.0 ms]
      [Free CSet: 0.2 ms]
   [Eden: 262.0M(262.0M)->0.0B(246.0M) Survivors: 34.0M->37.0M Heap: 623.7M(2048.0M)->625.2M(2048.0M)]
 [Times: user=1.24 sys=0.03, real=0.18 secs] 
2020-09-29T11:56:32.483+0200: 18.783: [GC pause (G1 Evacuation Pause) (young), 0.1515839 secs]
   [Parallel Time: 150.5 ms, GC Workers: 8]
      [GC Worker Start (ms): Min: 18783.0, Avg: 18783.1, Max: 18783.2, Diff: 0.2]
      [Ext Root Scanning (ms): Min: 0.0, Avg: 0.1, Max: 0.2, Diff: 0.2, Sum: 0.4]
      [Update RS (ms): Min: 16.7, Avg: 16.8, Max: 17.1, Diff: 0.4, Sum: 134.8]
         [Processed Buffers: Min: 17, Avg: 18.5, Max: 21, Diff: 4, Sum: 148]
      [Scan RS (ms): Min: 16.3, Avg: 16.6, Max: 17.0, Diff: 0.6, Sum: 132.9]
      [Code Root Scanning (ms): Min: 0.0, Avg: 0.0, Max: 0.0, Diff: 0.0, Sum: 0.0]
      [Object Copy (ms): Min: 116.5, Avg: 116.7, Max: 116.8, Diff: 0.3, Sum: 933.3]
      [Termination (ms): Min: 0.0, Avg: 0.1, Max: 0.1, Diff: 0.1, Sum: 0.5]
         [Termination Attempts: Min: 1, Avg: 430.8, Max: 546, Diff: 545, Sum: 3446]
      [GC Worker Other (ms): Min: 0.0, Avg: 0.0, Max: 0.1, Diff: 0.0, Sum: 0.2]
      [GC Worker Total (ms): Min: 150.2, Avg: 150.3, Max: 150.4, Diff: 0.2, Sum: 1202.1]
      [GC Worker End (ms): Min: 18933.4, Avg: 18933.4, Max: 18933.4, Diff: 0.0]
   [Code Root Fixup: 0.0 ms]
   [Code Root Purge: 0.0 ms]
   [Clear CT: 0.2 ms]
   [Other: 0.9 ms]
      [Choose CSet: 0.0 ms]
      [Ref Proc: 0.3 ms]
      [Ref Enq: 0.0 ms]
      [Redirty Cards: 0.2 ms]
      [Humongous Register: 0.0 ms]
      [Humongous Reclaim: 0.0 ms]
      [Free CSet: 0.2 ms]
   [Eden: 246.0M(246.0M)->0.0B(257.0M) Survivors: 37.0M->36.0M Heap: 913.2M(2048.0M)->915.2M(2048.0M)]
 [Times: user=1.22 sys=0.03, real=0.15 secs] 
2020-09-29T11:56:32.732+0200: 19.032: [GC pause (G1 Humongous Allocation) (young) (initial-mark), 0.1260924 secs]
   [Parallel Time: 125.2 ms, GC Workers: 8]
      [GC Worker Start (ms): Min: 19032.2, Avg: 19032.3, Max: 19032.4, Diff: 0.2]
      [Ext Root Scanning (ms): Min: 0.0, Avg: 0.1, Max: 0.2, Diff: 0.2, Sum: 1.1]
      [Update RS (ms): Min: 18.2, Avg: 18.5, Max: 19.0, Diff: 0.7, Sum: 147.9]
         [Processed Buffers: Min: 18, Avg: 19.3, Max: 20, Diff: 2, Sum: 154]
      [Scan RS (ms): Min: 11.0, Avg: 11.6, Max: 11.8, Diff: 0.8, Sum: 92.6]
      [Code Root Scanning (ms): Min: 0.0, Avg: 0.0, Max: 0.0, Diff: 0.0, Sum: 0.0]
      [Object Copy (ms): Min: 94.5, Avg: 94.7, Max: 94.9, Diff: 0.4, Sum: 757.8]
      [Termination (ms): Min: 0.0, Avg: 0.0, Max: 0.0, Diff: 0.0, Sum: 0.3]
         [Termination Attempts: Min: 1, Avg: 262.6, Max: 363, Diff: 362, Sum: 2101]
      [GC Worker Other (ms): Min: 0.0, Avg: 0.0, Max: 0.0, Diff: 0.0, Sum: 0.2]
      [GC Worker Total (ms): Min: 124.9, Avg: 125.0, Max: 125.1, Diff: 0.2, Sum: 999.9]
      [GC Worker End (ms): Min: 19157.3, Avg: 19157.3, Max: 19157.3, Diff: 0.0]
   [Code Root Fixup: 0.0 ms]
   [Code Root Purge: 0.0 ms]
   [Clear CT: 0.2 ms]
   [Other: 0.7 ms]
      [Choose CSet: 0.0 ms]
      [Ref Proc: 0.2 ms]
      [Ref Enq: 0.0 ms]
      [Redirty Cards: 0.2 ms]
      [Humongous Register: 0.0 ms]
      [Humongous Reclaim: 0.0 ms]
      [Free CSet: 0.1 ms]
   [Eden: 202.0M(257.0M)->0.0B(277.0M) Survivors: 36.0M->37.0M Heap: 1149.6M(2048.0M)->1151.1M(2048.0M)]
 [Times: user=0.95 sys=0.05, real=0.13 secs] 
2020-09-29T11:56:32.858+0200: 19.158: [GC concurrent-root-region-scan-start]
2020-09-29T11:56:32.870+0200: 19.170: [GC concurrent-root-region-scan-end, 0.0119745 secs]
2020-09-29T11:56:32.870+0200: 19.170: [GC concurrent-mark-start]
2020-09-29T11:56:32.873+0200: 19.173: [GC concurrent-mark-end, 0.0028621 secs]
2020-09-29T11:56:32.873+0200: 19.173: [GC remark 2020-09-29T11:56:32.873+0200: 19.173: [Finalize Marking, 0.0001764 secs] 2020-09-29T11:56:32.873+0200: 19.173: [GC ref-proc, 0.0002835 secs] 2020-09-29T11:56:32.873+0200: 19.174: [Unloading, 0.0004285 secs], 0.0011599 secs]
 [Times: user=0.00 sys=0.00, real=0.00 secs] 
2020-09-29T11:56:32.875+0200: 19.175: [GC cleanup 1172M->67M(2048M), 0.0012022 secs]
 [Times: user=0.00 sys=0.00, real=0.00 secs] 
2020-09-29T11:56:32.876+0200: 19.176: [GC concurrent-cleanup-start]
2020-09-29T11:56:32.877+0200: 19.177: [GC concurrent-cleanup-end, 0.0013699 secs]
2020-09-29T11:56:33.002+0200: 19.303: [GC pause (G1 Evacuation Pause) (young), 0.1523278 secs]
   [Parallel Time: 151.5 ms, GC Workers: 8]
      [GC Worker Start (ms): Min: 19302.9, Avg: 19302.9, Max: 19303.0, Diff: 0.1]
      [Ext Root Scanning (ms): Min: 0.0, Avg: 0.1, Max: 0.1, Diff: 0.1, Sum: 0.6]
      [Update RS (ms): Min: 21.1, Avg: 21.2, Max: 21.4, Diff: 0.3, Sum: 169.8]
         [Processed Buffers: Min: 22, Avg: 23.4, Max: 26, Diff: 4, Sum: 187]
      [Scan RS (ms): Min: 13.3, Avg: 13.6, Max: 13.8, Diff: 0.4, Sum: 109.0]
      [Code Root Scanning (ms): Min: 0.0, Avg: 0.0, Max: 0.0, Diff: 0.0, Sum: 0.0]
      [Object Copy (ms): Min: 116.1, Avg: 116.2, Max: 116.3, Diff: 0.2, Sum: 929.8]
      [Termination (ms): Min: 0.0, Avg: 0.1, Max: 0.1, Diff: 0.1, Sum: 1.0]
         [Termination Attempts: Min: 1, Avg: 846.4, Max: 1017, Diff: 1016, Sum: 6771]
      [GC Worker Other (ms): Min: 0.0, Avg: 0.0, Max: 0.1, Diff: 0.0, Sum: 0.3]
      [GC Worker Total (ms): Min: 151.3, Avg: 151.3, Max: 151.3, Diff: 0.1, Sum: 1210.5]
      [GC Worker End (ms): Min: 19454.2, Avg: 19454.3, Max: 19454.3, Diff: 0.0]
   [Code Root Fixup: 0.0 ms]
   [Code Root Purge: 0.0 ms]
   [Clear CT: 0.2 ms]
   [Other: 0.7 ms]
      [Choose CSet: 0.0 ms]
      [Ref Proc: 0.1 ms]
      [Ref Enq: 0.0 ms]
      [Redirty Cards: 0.2 ms]
      [Humongous Register: 0.1 ms]
      [Humongous Reclaim: 0.0 ms]
      [Free CSet: 0.1 ms]
   [Eden: 277.0M(277.0M)->0.0B(293.0M) Survivors: 37.0M->40.0M Heap: 370.7M(2048.0M)->335.7M(2048.0M)]
 [Times: user=1.20 sys=0.03, real=0.15 secs] 
2020-09-29T11:56:33.306+0200: 19.607: [GC pause (G1 Evacuation Pause) (young), 0.1717519 secs]
   [Parallel Time: 170.7 ms, GC Workers: 8]
      [GC Worker Start (ms): Min: 19606.9, Avg: 19607.0, Max: 19607.0, Diff: 0.1]
      [Ext Root Scanning (ms): Min: 0.0, Avg: 0.1, Max: 0.1, Diff: 0.1, Sum: 0.6]
      [Update RS (ms): Min: 15.0, Avg: 15.3, Max: 15.8, Diff: 0.8, Sum: 122.7]
         [Processed Buffers: Min: 15, Avg: 16.5, Max: 19, Diff: 4, Sum: 132]
      [Scan RS (ms): Min: 22.2, Avg: 22.6, Max: 22.9, Diff: 0.7, Sum: 180.6]
      [Code Root Scanning (ms): Min: 0.0, Avg: 0.0, Max: 0.0, Diff: 0.0, Sum: 0.0]
      [Object Copy (ms): Min: 132.3, Avg: 132.4, Max: 132.5, Diff: 0.2, Sum: 1058.9]
      [Termination (ms): Min: 0.0, Avg: 0.1, Max: 0.1, Diff: 0.1, Sum: 0.5]
         [Termination Attempts: Min: 1, Avg: 435.4, Max: 695, Diff: 694, Sum: 3483]
      [GC Worker Other (ms): Min: 0.0, Avg: 0.0, Max: 0.1, Diff: 0.0, Sum: 0.3]
      [GC Worker Total (ms): Min: 170.4, Avg: 170.5, Max: 170.5, Diff: 0.1, Sum: 1363.6]
      [GC Worker End (ms): Min: 19777.4, Avg: 19777.4, Max: 19777.5, Diff: 0.0]
   [Code Root Fixup: 0.0 ms]
   [Code Root Purge: 0.0 ms]
   [Clear CT: 0.2 ms]
   [Other: 0.8 ms]
      [Choose CSet: 0.0 ms]
      [Ref Proc: 0.2 ms]
      [Ref Enq: 0.0 ms]
      [Redirty Cards: 0.2 ms]
      [Humongous Register: 0.0 ms]
      [Humongous Reclaim: 0.0 ms]
      [Free CSet: 0.2 ms]
   [Eden: 293.0M(293.0M)->0.0B(295.0M) Survivors: 40.0M->42.0M Heap: 676.4M(2048.0M)->678.9M(2048.0M)]
 [Times: user=1.28 sys=0.09, real=0.17 secs] 
2020-09-29T11:56:33.629+0200: 19.929: [GC pause (G1 Evacuation Pause) (young), 0.1853945 secs]
   [Parallel Time: 184.6 ms, GC Workers: 8]
      [GC Worker Start (ms): Min: 19929.5, Avg: 19929.6, Max: 19929.7, Diff: 0.2]
      [Ext Root Scanning (ms): Min: 0.0, Avg: 0.1, Max: 0.2, Diff: 0.2, Sum: 0.6]
      [Update RS (ms): Min: 20.5, Avg: 20.7, Max: 21.0, Diff: 0.6, Sum: 165.5]
         [Processed Buffers: Min: 17, Avg: 19.1, Max: 22, Diff: 5, Sum: 153]
      [Scan RS (ms): Min: 24.5, Avg: 24.9, Max: 25.3, Diff: 0.8, Sum: 199.5]
      [Code Root Scanning (ms): Min: 0.0, Avg: 0.0, Max: 0.0, Diff: 0.0, Sum: 0.0]
      [Object Copy (ms): Min: 138.3, Avg: 138.5, Max: 138.6, Diff: 0.4, Sum: 1108.3]
      [Termination (ms): Min: 0.0, Avg: 0.0, Max: 0.1, Diff: 0.1, Sum: 0.3]
         [Termination Attempts: Min: 1, Avg: 269.0, Max: 381, Diff: 380, Sum: 2152]
      [GC Worker Other (ms): Min: 0.0, Avg: 0.0, Max: 0.1, Diff: 0.1, Sum: 0.3]
      [GC Worker Total (ms): Min: 184.3, Avg: 184.3, Max: 184.4, Diff: 0.1, Sum: 1474.5]
      [GC Worker End (ms): Min: 20113.9, Avg: 20114.0, Max: 20114.0, Diff: 0.1]
   [Code Root Fixup: 0.0 ms]
   [Code Root Purge: 0.0 ms]
   [Clear CT: 0.2 ms]
   [Other: 0.7 ms]
      [Choose CSet: 0.0 ms]
      [Ref Proc: 0.1 ms]
      [Ref Enq: 0.0 ms]
      [Redirty Cards: 0.2 ms]
      [Humongous Register: 0.0 ms]
      [Humongous Reclaim: 0.0 ms]
      [Free CSet: 0.2 ms]
   [Eden: 295.0M(295.0M)->0.0B(287.0M) Survivors: 42.0M->43.0M Heap: 1023.5M(2048.0M)->1026.0M(2048.0M)]
 [Times: user=1.36 sys=0.09, real=0.19 secs] 
2020-09-29T11:56:33.824+0200: 20.124: [GC pause (G1 Humongous Allocation) (young) (initial-mark), 0.0540594 secs]
   [Parallel Time: 53.3 ms, GC Workers: 8]
      [GC Worker Start (ms): Min: 20124.6, Avg: 20124.6, Max: 20124.6, Diff: 0.1]
      [Ext Root Scanning (ms): Min: 0.0, Avg: 0.1, Max: 0.1, Diff: 0.1, Sum: 0.6]
      [Update RS (ms): Min: 29.4, Avg: 29.6, Max: 29.8, Diff: 0.4, Sum: 237.2]
         [Processed Buffers: Min: 36, Avg: 39.5, Max: 41, Diff: 5, Sum: 316]
      [Scan RS (ms): Min: 2.7, Avg: 2.9, Max: 3.2, Diff: 0.4, Sum: 23.4]
      [Code Root Scanning (ms): Min: 0.0, Avg: 0.0, Max: 0.0, Diff: 0.0, Sum: 0.0]
      [Object Copy (ms): Min: 20.4, Avg: 20.5, Max: 20.6, Diff: 0.1, Sum: 164.0]
      [Termination (ms): Min: 0.0, Avg: 0.0, Max: 0.0, Diff: 0.0, Sum: 0.2]
         [Termination Attempts: Min: 1, Avg: 180.6, Max: 221, Diff: 220, Sum: 1445]
      [GC Worker Other (ms): Min: 0.0, Avg: 0.0, Max: 0.0, Diff: 0.0, Sum: 0.1]
      [GC Worker Total (ms): Min: 53.1, Avg: 53.2, Max: 53.2, Diff: 0.1, Sum: 425.5]
      [GC Worker End (ms): Min: 20177.8, Avg: 20177.8, Max: 20177.8, Diff: 0.0]
   [Code Root Fixup: 0.0 ms]
   [Code Root Purge: 0.0 ms]
   [Clear CT: 0.2 ms]
   [Other: 0.6 ms]
      [Choose CSet: 0.0 ms]
      [Ref Proc: 0.2 ms]
      [Ref Enq: 0.0 ms]
      [Redirty Cards: 0.2 ms]
      [Humongous Register: 0.0 ms]
      [Humongous Reclaim: 0.0 ms]
      [Free CSet: 0.1 ms]
   [Eden: 5120.0K(287.0M)->0.0B(328.0M) Survivors: 43.0M->7168.0K Heap: 1031.0M(2048.0M)->1034.5M(2048.0M)]
 [Times: user=0.38 sys=0.00, real=0.05 secs] 
2020-09-29T11:56:33.878+0200: 20.179: [GC concurrent-root-region-scan-start]
2020-09-29T11:56:33.880+0200: 20.180: [GC concurrent-root-region-scan-end, 0.0014376 secs]
2020-09-29T11:56:33.880+0200: 20.180: [GC concurrent-mark-start]
2020-09-29T11:56:33.882+0200: 20.182: [GC concurrent-mark-end, 0.0022475 secs]
2020-09-29T11:56:33.882+0200: 20.182: [GC remark 2020-09-29T11:56:33.882+0200: 20.183: [Finalize Marking, 0.0001857 secs] 2020-09-29T11:56:33.882+0200: 20.183: [GC ref-proc, 0.0002872 secs] 2020-09-29T11:56:33.883+0200: 20.183: [Unloading, 0.0003432 secs], 0.0011207 secs]
 [Times: user=0.00 sys=0.00, real=0.00 secs] 
2020-09-29T11:56:33.884+0200: 20.184: [GC cleanup 1044M->25M(2048M), 0.0014600 secs]
 [Times: user=0.00 sys=0.00, real=0.00 secs] 
2020-09-29T11:56:33.885+0200: 20.185: [GC concurrent-cleanup-start]
2020-09-29T11:56:33.887+0200: 20.187: [GC concurrent-cleanup-end, 0.0018184 secs]
2020-09-29T11:56:34.042+0200: 20.342: [GC pause (G1 Evacuation Pause) (young), 0.1814318 secs]
   [Parallel Time: 180.2 ms, GC Workers: 8]
      [GC Worker Start (ms): Min: 20342.1, Avg: 20342.1, Max: 20342.2, Diff: 0.1]
      [Ext Root Scanning (ms): Min: 0.0, Avg: 0.1, Max: 0.1, Diff: 0.1, Sum: 0.5]
      [Update RS (ms): Min: 17.4, Avg: 17.7, Max: 17.9, Diff: 0.5, Sum: 141.2]
         [Processed Buffers: Min: 17, Avg: 18.9, Max: 21, Diff: 4, Sum: 151]
      [Scan RS (ms): Min: 22.0, Avg: 22.3, Max: 22.6, Diff: 0.6, Sum: 178.0]
      [Code Root Scanning (ms): Min: 0.0, Avg: 0.0, Max: 0.0, Diff: 0.0, Sum: 0.0]
      [Object Copy (ms): Min: 140.0, Avg: 140.0, Max: 140.1, Diff: 0.1, Sum: 1120.1]
      [Termination (ms): Min: 0.0, Avg: 0.0, Max: 0.0, Diff: 0.0, Sum: 0.1]
         [Termination Attempts: Min: 1, Avg: 67.5, Max: 86, Diff: 85, Sum: 540]
      [GC Worker Other (ms): Min: 0.0, Avg: 0.0, Max: 0.1, Diff: 0.0, Sum: 0.2]
      [GC Worker Total (ms): Min: 180.0, Avg: 180.0, Max: 180.1, Diff: 0.2, Sum: 1440.2]
      [GC Worker End (ms): Min: 20522.2, Avg: 20522.2, Max: 20522.2, Diff: 0.0]
   [Code Root Fixup: 0.0 ms]
   [Code Root Purge: 0.0 ms]
   [Clear CT: 0.2 ms]
   [Other: 1.0 ms]
      [Choose CSet: 0.0 ms]
      [Ref Proc: 0.1 ms]
      [Ref Enq: 0.0 ms]
      [Redirty Cards: 0.2 ms]
      [Humongous Register: 0.0 ms]
      [Humongous Reclaim: 0.0 ms]
      [Free CSet: 0.3 ms]
   [Eden: 328.0M(328.0M)->0.0B(286.0M) Survivors: 7168.0K->42.0M Heap: 398.8M(2048.0M)->394.3M(2048.0M)]
 [Times: user=1.30 sys=0.03, real=0.18 secs] 
2020-09-29T11:56:34.378+0200: 20.679: [GC pause (G1 Evacuation Pause) (young), 0.1726466 secs]
   [Parallel Time: 171.7 ms, GC Workers: 8]
      [GC Worker Start (ms): Min: 20678.6, Avg: 20678.7, Max: 20678.8, Diff: 0.2]
      [Ext Root Scanning (ms): Min: 0.0, Avg: 0.1, Max: 0.2, Diff: 0.2, Sum: 0.5]
      [Update RS (ms): Min: 15.6, Avg: 15.8, Max: 16.2, Diff: 0.6, Sum: 126.5]
         [Processed Buffers: Min: 16, Avg: 17.3, Max: 19, Diff: 3, Sum: 138]
      [Scan RS (ms): Min: 21.2, Avg: 21.5, Max: 21.7, Diff: 0.5, Sum: 171.6]
      [Code Root Scanning (ms): Min: 0.0, Avg: 0.0, Max: 0.0, Diff: 0.0, Sum: 0.0]
      [Object Copy (ms): Min: 133.8, Avg: 134.0, Max: 134.2, Diff: 0.4, Sum: 1071.8]
      [Termination (ms): Min: 0.0, Avg: 0.1, Max: 0.1, Diff: 0.1, Sum: 0.8]
         [Termination Attempts: Min: 1, Avg: 599.9, Max: 869, Diff: 868, Sum: 4799]
      [GC Worker Other (ms): Min: 0.0, Avg: 0.0, Max: 0.1, Diff: 0.1, Sum: 0.4]
      [GC Worker Total (ms): Min: 171.4, Avg: 171.5, Max: 171.5, Diff: 0.2, Sum: 1371.6]
      [GC Worker End (ms): Min: 20850.1, Avg: 20850.2, Max: 20850.2, Diff: 0.1]
   [Code Root Fixup: 0.0 ms]
   [Code Root Purge: 0.0 ms]
   [Clear CT: 0.2 ms]
   [Other: 0.8 ms]
      [Choose CSet: 0.0 ms]
      [Ref Proc: 0.2 ms]
      [Ref Enq: 0.0 ms]
      [Redirty Cards: 0.2 ms]
      [Humongous Register: 0.0 ms]
      [Humongous Reclaim: 0.0 ms]
      [Free CSet: 0.2 ms]
   [Eden: 286.0M(286.0M)->0.0B(281.0M) Survivors: 42.0M->41.0M Heap: 728.0M(2048.0M)->729.5M(2048.0M)]
 [Times: user=1.25 sys=0.11, real=0.17 secs] 
2020-09-29T11:56:34.693+0200: 20.994: [GC pause (G1 Evacuation Pause) (young), 0.1678643 secs]
   [Parallel Time: 166.7 ms, GC Workers: 8]
      [GC Worker Start (ms): Min: 20993.8, Avg: 20993.9, Max: 20994.0, Diff: 0.2]
      [Ext Root Scanning (ms): Min: 0.0, Avg: 0.1, Max: 0.2, Diff: 0.2, Sum: 0.5]
      [Update RS (ms): Min: 18.8, Avg: 19.0, Max: 19.6, Diff: 0.7, Sum: 152.2]
         [Processed Buffers: Min: 19, Avg: 21.1, Max: 25, Diff: 6, Sum: 169]
      [Scan RS (ms): Min: 18.8, Avg: 19.3, Max: 19.6, Diff: 0.8, Sum: 154.5]
      [Code Root Scanning (ms): Min: 0.0, Avg: 0.0, Max: 0.0, Diff: 0.0, Sum: 0.0]
      [Object Copy (ms): Min: 127.9, Avg: 128.0, Max: 128.1, Diff: 0.2, Sum: 1023.9]
      [Termination (ms): Min: 0.0, Avg: 0.0, Max: 0.0, Diff: 0.0, Sum: 0.0]
         [Termination Attempts: Min: 1, Avg: 20.5, Max: 27, Diff: 26, Sum: 164]
      [GC Worker Other (ms): Min: 0.0, Avg: 0.0, Max: 0.1, Diff: 0.0, Sum: 0.2]
      [GC Worker Total (ms): Min: 166.3, Avg: 166.4, Max: 166.5, Diff: 0.2, Sum: 1331.3]
      [GC Worker End (ms): Min: 21160.3, Avg: 21160.3, Max: 21160.4, Diff: 0.0]
   [Code Root Fixup: 0.0 ms]
   [Code Root Purge: 0.0 ms]
   [Clear CT: 0.3 ms]
   [Other: 0.9 ms]
      [Choose CSet: 0.0 ms]
      [Ref Proc: 0.3 ms]
      [Ref Enq: 0.0 ms]
      [Redirty Cards: 0.3 ms]
      [Humongous Register: 0.0 ms]
      [Humongous Reclaim: 0.0 ms]
      [Free CSet: 0.2 ms]
   [Eden: 281.0M(281.0M)->0.0B(283.0M) Survivors: 41.0M->41.0M Heap: 1058.2M(2048.0M)->1059.7M(2048.0M)]
 [Times: user=1.22 sys=0.03, real=0.17 secs] 
2020-09-29T11:56:34.867+0200: 21.168: [GC pause (G1 Humongous Allocation) (young) (initial-mark), 0.0610401 secs]
   [Parallel Time: 60.1 ms, GC Workers: 8]
      [GC Worker Start (ms): Min: 21167.7, Avg: 21167.8, Max: 21167.8, Diff: 0.1]
      [Ext Root Scanning (ms): Min: 0.0, Avg: 0.1, Max: 0.1, Diff: 0.1, Sum: 0.5]
      [Update RS (ms): Min: 34.8, Avg: 34.9, Max: 35.2, Diff: 0.4, Sum: 279.0]
         [Processed Buffers: Min: 42, Avg: 46.3, Max: 49, Diff: 7, Sum: 370]
      [Scan RS (ms): Min: 2.5, Avg: 2.8, Max: 2.9, Diff: 0.5, Sum: 22.6]
      [Code Root Scanning (ms): Min: 0.0, Avg: 0.0, Max: 0.0, Diff: 0.0, Sum: 0.0]
      [Object Copy (ms): Min: 22.0, Avg: 22.1, Max: 22.1, Diff: 0.1, Sum: 176.8]
      [Termination (ms): Min: 0.0, Avg: 0.0, Max: 0.0, Diff: 0.0, Sum: 0.2]
         [Termination Attempts: Min: 1, Avg: 176.1, Max: 230, Diff: 229, Sum: 1409]
      [GC Worker Other (ms): Min: 0.0, Avg: 0.0, Max: 0.0, Diff: 0.0, Sum: 0.1]
      [GC Worker Total (ms): Min: 59.8, Avg: 59.9, Max: 60.0, Diff: 0.1, Sum: 479.2]
      [GC Worker End (ms): Min: 21227.7, Avg: 21227.7, Max: 21227.7, Diff: 0.0]
   [Code Root Fixup: 0.0 ms]
   [Code Root Purge: 0.0 ms]
   [Clear CT: 0.2 ms]
   [Other: 0.8 ms]
      [Choose CSet: 0.0 ms]
      [Ref Proc: 0.3 ms]
      [Ref Enq: 0.0 ms]
      [Redirty Cards: 0.2 ms]
      [Humongous Register: 0.0 ms]
      [Humongous Reclaim: 0.0 ms]
      [Free CSet: 0.1 ms]
   [Eden: 10.0M(283.0M)->0.0B(314.0M) Survivors: 41.0M->11.0M Heap: 1069.2M(2048.0M)->1073.2M(2048.0M)]
 [Times: user=0.50 sys=0.00, real=0.06 secs] 
2020-09-29T11:56:34.928+0200: 21.229: [GC concurrent-root-region-scan-start]
2020-09-29T11:56:34.930+0200: 21.231: [GC concurrent-root-region-scan-end, 0.0022059 secs]
2020-09-29T11:56:34.930+0200: 21.231: [GC concurrent-mark-start]
2020-09-29T11:56:34.932+0200: 21.233: [GC concurrent-mark-end, 0.0022816 secs]
2020-09-29T11:56:34.933+0200: 21.233: [GC remark 2020-09-29T11:56:34.933+0200: 21.233: [Finalize Marking, 0.0002239 secs] 2020-09-29T11:56:34.933+0200: 21.234: [GC ref-proc, 0.0002894 secs] 2020-09-29T11:56:34.933+0200: 21.234: [Unloading, 0.0004878 secs], 0.0012823 secs]
 [Times: user=0.00 sys=0.00, real=0.00 secs] 
2020-09-29T11:56:34.934+0200: 21.235: [GC cleanup 1084M->30M(2048M), 0.0011329 secs]
 [Times: user=0.00 sys=0.00, real=0.00 secs] 
2020-09-29T11:56:34.935+0200: 21.236: [GC concurrent-cleanup-start]
2020-09-29T11:56:34.937+0200: 21.237: [GC concurrent-cleanup-end, 0.0012623 secs]
2020-09-29T11:56:35.084+0200: 21.385: [GC pause (G1 Evacuation Pause) (young), 0.1657890 secs]
   [Parallel Time: 164.7 ms, GC Workers: 8]
      [GC Worker Start (ms): Min: 21385.2, Avg: 21385.3, Max: 21385.4, Diff: 0.2]
      [Ext Root Scanning (ms): Min: 0.0, Avg: 0.1, Max: 0.2, Diff: 0.2, Sum: 0.5]
      [Update RS (ms): Min: 22.8, Avg: 22.9, Max: 23.0, Diff: 0.2, Sum: 183.1]
         [Processed Buffers: Min: 23, Avg: 24.3, Max: 26, Diff: 3, Sum: 194]
      [Scan RS (ms): Min: 16.3, Avg: 16.5, Max: 16.7, Diff: 0.4, Sum: 131.9]
      [Code Root Scanning (ms): Min: 0.0, Avg: 0.0, Max: 0.0, Diff: 0.0, Sum: 0.0]
      [Object Copy (ms): Min: 124.9, Avg: 125.0, Max: 125.1, Diff: 0.2, Sum: 999.9]
      [Termination (ms): Min: 0.0, Avg: 0.0, Max: 0.0, Diff: 0.0, Sum: 0.0]
         [Termination Attempts: Min: 1, Avg: 32.5, Max: 44, Diff: 43, Sum: 260]
      [GC Worker Other (ms): Min: 0.0, Avg: 0.0, Max: 0.1, Diff: 0.1, Sum: 0.3]
      [GC Worker Total (ms): Min: 164.4, Avg: 164.5, Max: 164.5, Diff: 0.1, Sum: 1315.7]
      [GC Worker End (ms): Min: 21549.7, Avg: 21549.8, Max: 21549.8, Diff: 0.1]
   [Code Root Fixup: 0.0 ms]
   [Code Root Purge: 0.0 ms]
   [Clear CT: 0.2 ms]
   [Other: 0.9 ms]
      [Choose CSet: 0.0 ms]
      [Ref Proc: 0.2 ms]
      [Ref Enq: 0.0 ms]
      [Redirty Cards: 0.2 ms]
      [Humongous Register: 0.0 ms]
      [Humongous Reclaim: 0.0 ms]
      [Free CSet: 0.2 ms]
   [Eden: 314.0M(314.0M)->0.0B(295.0M) Survivors: 11.0M->41.0M Heap: 387.4M(2048.0M)->377.9M(2048.0M)]
 [Times: user=1.16 sys=0.08, real=0.17 secs] 
2020-09-29T11:56:35.405+0200: 21.706: [GC pause (G1 Evacuation Pause) (young), 0.1815520 secs]
   [Parallel Time: 180.5 ms, GC Workers: 8]
      [GC Worker Start (ms): Min: 21705.8, Avg: 21705.9, Max: 21706.0, Diff: 0.2]
      [Ext Root Scanning (ms): Min: 0.0, Avg: 0.1, Max: 0.1, Diff: 0.1, Sum: 0.5]
      [Update RS (ms): Min: 15.3, Avg: 15.4, Max: 15.7, Diff: 0.3, Sum: 123.4]
         [Processed Buffers: Min: 16, Avg: 18.0, Max: 21, Diff: 5, Sum: 144]
      [Scan RS (ms): Min: 22.6, Avg: 22.8, Max: 22.9, Diff: 0.3, Sum: 182.5]
      [Code Root Scanning (ms): Min: 0.0, Avg: 0.0, Max: 0.0, Diff: 0.0, Sum: 0.0]
      [Object Copy (ms): Min: 141.9, Avg: 142.0, Max: 142.0, Diff: 0.1, Sum: 1136.0]
      [Termination (ms): Min: 0.0, Avg: 0.1, Max: 0.1, Diff: 0.1, Sum: 0.5]
         [Termination Attempts: Min: 1, Avg: 467.4, Max: 613, Diff: 612, Sum: 3739]
      [GC Worker Other (ms): Min: 0.0, Avg: 0.0, Max: 0.1, Diff: 0.1, Sum: 0.3]
      [GC Worker Total (ms): Min: 180.3, Avg: 180.4, Max: 180.5, Diff: 0.2, Sum: 1443.1]
      [GC Worker End (ms): Min: 21886.3, Avg: 21886.3, Max: 21886.3, Diff: 0.1]
   [Code Root Fixup: 0.0 ms]
   [Code Root Purge: 0.0 ms]
   [Clear CT: 0.2 ms]
   [Other: 0.8 ms]
      [Choose CSet: 0.0 ms]
      [Ref Proc: 0.2 ms]
      [Ref Enq: 0.0 ms]
      [Redirty Cards: 0.2 ms]
      [Humongous Register: 0.0 ms]
      [Humongous Reclaim: 0.0 ms]
      [Free CSet: 0.2 ms]
   [Eden: 295.0M(295.0M)->0.0B(281.0M) Survivors: 41.0M->42.0M Heap: 722.5M(2048.0M)->724.0M(2048.0M)]
 [Times: user=1.44 sys=0.05, real=0.18 secs] 
2020-09-29T11:56:35.725+0200: 22.026: [GC pause (G1 Evacuation Pause) (young), 0.1652014 secs]
   [Parallel Time: 164.4 ms, GC Workers: 8]
      [GC Worker Start (ms): Min: 22025.7, Avg: 22025.8, Max: 22025.9, Diff: 0.2]
      [Ext Root Scanning (ms): Min: 0.0, Avg: 0.1, Max: 0.2, Diff: 0.2, Sum: 0.4]
      [Update RS (ms): Min: 16.9, Avg: 17.1, Max: 17.4, Diff: 0.6, Sum: 136.4]
         [Processed Buffers: Min: 16, Avg: 18.1, Max: 21, Diff: 5, Sum: 145]
      [Scan RS (ms): Min: 20.5, Avg: 20.9, Max: 21.1, Diff: 0.7, Sum: 166.9]
      [Code Root Scanning (ms): Min: 0.0, Avg: 0.0, Max: 0.0, Diff: 0.0, Sum: 0.0]
      [Object Copy (ms): Min: 125.9, Avg: 126.0, Max: 126.1, Diff: 0.1, Sum: 1008.2]
      [Termination (ms): Min: 0.0, Avg: 0.0, Max: 0.0, Diff: 0.0, Sum: 0.1]
         [Termination Attempts: Min: 1, Avg: 78.1, Max: 106, Diff: 105, Sum: 625]
      [GC Worker Other (ms): Min: 0.0, Avg: 0.1, Max: 0.2, Diff: 0.1, Sum: 0.5]
      [GC Worker Total (ms): Min: 164.0, Avg: 164.1, Max: 164.2, Diff: 0.2, Sum: 1312.4]
      [GC Worker End (ms): Min: 22189.8, Avg: 22189.9, Max: 22190.0, Diff: 0.1]
   [Code Root Fixup: 0.0 ms]
   [Code Root Purge: 0.0 ms]
   [Clear CT: 0.1 ms]
   [Other: 0.7 ms]
      [Choose CSet: 0.0 ms]
      [Ref Proc: 0.2 ms]
      [Ref Enq: 0.0 ms]
      [Redirty Cards: 0.2 ms]
      [Humongous Register: 0.0 ms]
      [Humongous Reclaim: 0.0 ms]
      [Free CSet: 0.2 ms]
   [Eden: 281.0M(281.0M)->0.0B(284.0M) Survivors: 42.0M->41.0M Heap: 1050.8M(2048.0M)->1053.3M(2048.0M)]
 [Times: user=1.17 sys=0.08, real=0.17 secs] 
2020-09-29T11:56:35.896+0200: 22.197: [GC pause (G1 Humongous Allocation) (young) (initial-mark), 0.0559166 secs]
   [Parallel Time: 55.2 ms, GC Workers: 8]
      [GC Worker Start (ms): Min: 22196.9, Avg: 22197.0, Max: 22197.0, Diff: 0.1]
      [Ext Root Scanning (ms): Min: 0.0, Avg: 0.1, Max: 0.1, Diff: 0.1, Sum: 0.6]
      [Update RS (ms): Min: 33.5, Avg: 33.6, Max: 33.8, Diff: 0.3, Sum: 269.2]
         [Processed Buffers: Min: 41, Avg: 44.0, Max: 46, Diff: 5, Sum: 352]
      [Scan RS (ms): Min: 2.5, Avg: 2.8, Max: 2.9, Diff: 0.3, Sum: 22.1]
      [Code Root Scanning (ms): Min: 0.0, Avg: 0.0, Max: 0.0, Diff: 0.0, Sum: 0.0]
      [Object Copy (ms): Min: 18.3, Avg: 18.5, Max: 18.6, Diff: 0.3, Sum: 147.7]
      [Termination (ms): Min: 0.0, Avg: 0.0, Max: 0.1, Diff: 0.1, Sum: 0.3]
         [Termination Attempts: Min: 1, Avg: 297.6, Max: 380, Diff: 379, Sum: 2381]
      [GC Worker Other (ms): Min: 0.0, Avg: 0.0, Max: 0.0, Diff: 0.0, Sum: 0.1]
      [GC Worker Total (ms): Min: 55.0, Avg: 55.0, Max: 55.1, Diff: 0.1, Sum: 440.1]
      [GC Worker End (ms): Min: 22252.0, Avg: 22252.0, Max: 22252.0, Diff: 0.0]
   [Code Root Fixup: 0.0 ms]
   [Code Root Purge: 0.0 ms]
   [Clear CT: 0.2 ms]
   [Other: 0.6 ms]
      [Choose CSet: 0.0 ms]
      [Ref Proc: 0.1 ms]
      [Ref Enq: 0.0 ms]
      [Redirty Cards: 0.2 ms]
      [Humongous Register: 0.0 ms]
      [Humongous Reclaim: 0.0 ms]
      [Free CSet: 0.1 ms]
   [Eden: 3072.0K(284.0M)->0.0B(329.0M) Survivors: 41.0M->5120.0K Heap: 1056.3M(2048.0M)->1060.3M(2048.0M)]
 [Times: user=0.36 sys=0.01, real=0.06 secs] 
2020-09-29T11:56:35.952+0200: 22.253: [GC concurrent-root-region-scan-start]
2020-09-29T11:56:35.953+0200: 22.254: [GC concurrent-root-region-scan-end, 0.0008476 secs]
2020-09-29T11:56:35.953+0200: 22.254: [GC concurrent-mark-start]
2020-09-29T11:56:35.956+0200: 22.257: [GC concurrent-mark-end, 0.0030536 secs]
2020-09-29T11:56:35.956+0200: 22.257: [GC remark 2020-09-29T11:56:35.956+0200: 22.257: [Finalize Marking, 0.0001948 secs] 2020-09-29T11:56:35.956+0200: 22.257: [GC ref-proc, 0.0002973 secs] 2020-09-29T11:56:35.957+0200: 22.257: [Unloading, 0.0004352 secs], 0.0012712 secs]
 [Times: user=0.03 sys=0.02, real=0.00 secs] 
2020-09-29T11:56:35.958+0200: 22.259: [GC cleanup 1070M->23M(2048M), 0.0013024 secs]
 [Times: user=0.00 sys=0.00, real=0.00 secs] 
2020-09-29T11:56:35.959+0200: 22.260: [GC concurrent-cleanup-start]
2020-09-29T11:56:35.961+0200: 22.261: [GC concurrent-cleanup-end, 0.0014211 secs]
2020-09-29T11:56:36.123+0200: 22.424: [GC pause (G1 Evacuation Pause) (young), 0.1849152 secs]
   [Parallel Time: 183.9 ms, GC Workers: 8]
      [GC Worker Start (ms): Min: 22424.3, Avg: 22424.4, Max: 22424.4, Diff: 0.2]
      [Ext Root Scanning (ms): Min: 0.0, Avg: 0.1, Max: 0.2, Diff: 0.2, Sum: 0.6]
      [Update RS (ms): Min: 18.5, Avg: 18.8, Max: 19.4, Diff: 0.9, Sum: 150.1]
         [Processed Buffers: Min: 18, Avg: 20.0, Max: 22, Diff: 4, Sum: 160]
      [Scan RS (ms): Min: 19.3, Avg: 20.0, Max: 20.2, Diff: 0.9, Sum: 159.7]
      [Code Root Scanning (ms): Min: 0.0, Avg: 0.0, Max: 0.0, Diff: 0.0, Sum: 0.0]
      [Object Copy (ms): Min: 144.4, Avg: 144.6, Max: 144.8, Diff: 0.3, Sum: 1156.5]
      [Termination (ms): Min: 0.0, Avg: 0.2, Max: 0.3, Diff: 0.3, Sum: 1.7]
         [Termination Attempts: Min: 1, Avg: 1582.5, Max: 2000, Diff: 1999, Sum: 12660]
      [GC Worker Other (ms): Min: 0.0, Avg: 0.1, Max: 0.1, Diff: 0.1, Sum: 0.4]
      [GC Worker Total (ms): Min: 183.6, Avg: 183.6, Max: 183.7, Diff: 0.2, Sum: 1469.1]
      [GC Worker End (ms): Min: 22608.0, Avg: 22608.0, Max: 22608.1, Diff: 0.1]
   [Code Root Fixup: 0.0 ms]
   [Code Root Purge: 0.0 ms]
   [Clear CT: 0.3 ms]
   [Other: 0.8 ms]
      [Choose CSet: 0.0 ms]
      [Ref Proc: 0.2 ms]
      [Ref Enq: 0.0 ms]
      [Redirty Cards: 0.2 ms]
      [Humongous Register: 0.0 ms]
      [Humongous Reclaim: 0.0 ms]
      [Free CSet: 0.2 ms]
   [Eden: 329.0M(329.0M)->0.0B(284.0M) Survivors: 5120.0K->42.0M Heap: 398.3M(2048.0M)->395.3M(2048.0M)]
 [Times: user=1.28 sys=0.08, real=0.19 secs] 
2020-09-29T11:56:36.448+0200: 22.748: [GC pause (G1 Evacuation Pause) (young), 0.1769298 secs]
   [Parallel Time: 176.0 ms, GC Workers: 8]
      [GC Worker Start (ms): Min: 22748.3, Avg: 22748.4, Max: 22748.5, Diff: 0.2]
      [Ext Root Scanning (ms): Min: 0.0, Avg: 0.1, Max: 0.2, Diff: 0.2, Sum: 0.5]
      [Update RS (ms): Min: 18.6, Avg: 18.8, Max: 19.3, Diff: 0.7, Sum: 150.8]
         [Processed Buffers: Min: 15, Avg: 20.0, Max: 23, Diff: 8, Sum: 160]
      [Scan RS (ms): Min: 20.5, Avg: 21.0, Max: 21.4, Diff: 0.9, Sum: 168.1]
      [Code Root Scanning (ms): Min: 0.0, Avg: 0.0, Max: 0.0, Diff: 0.0, Sum: 0.0]
      [Object Copy (ms): Min: 135.6, Avg: 135.7, Max: 135.9, Diff: 0.3, Sum: 1085.6]
      [Termination (ms): Min: 0.0, Avg: 0.1, Max: 0.2, Diff: 0.2, Sum: 1.0]
         [Termination Attempts: Min: 1, Avg: 915.3, Max: 1405, Diff: 1404, Sum: 7322]
      [GC Worker Other (ms): Min: 0.0, Avg: 0.0, Max: 0.1, Diff: 0.0, Sum: 0.2]
      [GC Worker Total (ms): Min: 175.7, Avg: 175.8, Max: 175.9, Diff: 0.2, Sum: 1406.2]
      [GC Worker End (ms): Min: 22924.2, Avg: 22924.2, Max: 22924.2, Diff: 0.0]
   [Code Root Fixup: 0.0 ms]
   [Code Root Purge: 0.0 ms]
   [Clear CT: 0.2 ms]
   [Other: 0.8 ms]
      [Choose CSet: 0.0 ms]
      [Ref Proc: 0.2 ms]
      [Ref Enq: 0.0 ms]
      [Redirty Cards: 0.2 ms]
      [Humongous Register: 0.0 ms]
      [Humongous Reclaim: 0.0 ms]
      [Free CSet: 0.2 ms]
   [Eden: 284.0M(284.0M)->0.0B(278.0M) Survivors: 42.0M->41.0M Heap: 727.0M(2048.0M)->729.0M(2048.0M)]
 [Times: user=1.16 sys=0.11, real=0.18 secs] 
2020-09-29T11:56:36.760+0200: 23.060: [GC pause (G1 Evacuation Pause) (young), 0.1708579 secs]
   [Parallel Time: 170.0 ms, GC Workers: 8]
      [GC Worker Start (ms): Min: 23060.2, Avg: 23060.3, Max: 23060.4, Diff: 0.2]
      [Ext Root Scanning (ms): Min: 0.0, Avg: 0.1, Max: 0.2, Diff: 0.2, Sum: 0.5]
      [Update RS (ms): Min: 20.4, Avg: 20.8, Max: 21.2, Diff: 0.8, Sum: 166.4]
         [Processed Buffers: Min: 21, Avg: 22.0, Max: 23, Diff: 2, Sum: 176]
      [Scan RS (ms): Min: 17.5, Avg: 17.9, Max: 18.3, Diff: 0.8, Sum: 143.2]
      [Code Root Scanning (ms): Min: 0.0, Avg: 0.0, Max: 0.0, Diff: 0.0, Sum: 0.0]
      [Object Copy (ms): Min: 130.8, Avg: 130.9, Max: 131.0, Diff: 0.2, Sum: 1047.2]
      [Termination (ms): Min: 0.0, Avg: 0.1, Max: 0.2, Diff: 0.2, Sum: 1.1]
         [Termination Attempts: Min: 1, Avg: 917.8, Max: 1363, Diff: 1362, Sum: 7342]
      [GC Worker Other (ms): Min: 0.0, Avg: 0.1, Max: 0.1, Diff: 0.1, Sum: 0.4]
      [GC Worker Total (ms): Min: 169.8, Avg: 169.9, Max: 169.9, Diff: 0.2, Sum: 1358.8]
      [GC Worker End (ms): Min: 23230.2, Avg: 23230.2, Max: 23230.2, Diff: 0.1]
   [Code Root Fixup: 0.0 ms]
   [Code Root Purge: 0.0 ms]
   [Clear CT: 0.1 ms]
   [Other: 0.7 ms]
      [Choose CSet: 0.0 ms]
      [Ref Proc: 0.2 ms]
      [Ref Enq: 0.0 ms]
      [Redirty Cards: 0.2 ms]
      [Humongous Register: 0.0 ms]
      [Humongous Reclaim: 0.0 ms]
      [Free CSet: 0.2 ms]
   [Eden: 278.0M(278.0M)->0.0B(281.0M) Survivors: 41.0M->40.0M Heap: 1052.8M(2048.0M)->1054.8M(2048.0M)]
 [Times: user=1.28 sys=0.06, real=0.17 secs] 
2020-09-29T11:56:36.937+0200: 23.237: [GC pause (G1 Humongous Allocation) (young) (initial-mark), 0.0541115 secs]
   [Parallel Time: 53.4 ms, GC Workers: 8]
      [GC Worker Start (ms): Min: 23237.2, Avg: 23237.2, Max: 23237.3, Diff: 0.1]
      [Ext Root Scanning (ms): Min: 0.0, Avg: 0.1, Max: 0.1, Diff: 0.1, Sum: 0.6]
      [Update RS (ms): Min: 32.7, Avg: 32.9, Max: 33.1, Diff: 0.5, Sum: 263.1]
         [Processed Buffers: Min: 41, Avg: 43.5, Max: 46, Diff: 5, Sum: 348]
      [Scan RS (ms): Min: 2.3, Avg: 2.5, Max: 2.8, Diff: 0.6, Sum: 20.3]
      [Code Root Scanning (ms): Min: 0.0, Avg: 0.0, Max: 0.0, Diff: 0.0, Sum: 0.0]
      [Object Copy (ms): Min: 17.7, Avg: 17.8, Max: 17.9, Diff: 0.2, Sum: 142.4]
      [Termination (ms): Min: 0.0, Avg: 0.0, Max: 0.0, Diff: 0.0, Sum: 0.3]
         [Termination Attempts: Min: 1, Avg: 280.1, Max: 353, Diff: 352, Sum: 2241]
      [GC Worker Other (ms): Min: 0.0, Avg: 0.0, Max: 0.0, Diff: 0.0, Sum: 0.1]
      [GC Worker Total (ms): Min: 53.3, Avg: 53.3, Max: 53.4, Diff: 0.1, Sum: 426.8]
      [GC Worker End (ms): Min: 23290.6, Avg: 23290.6, Max: 23290.6, Diff: 0.0]
   [Code Root Fixup: 0.0 ms]
   [Code Root Purge: 0.0 ms]
   [Clear CT: 0.1 ms]
   [Other: 0.5 ms]
      [Choose CSet: 0.0 ms]
      [Ref Proc: 0.2 ms]
      [Ref Enq: 0.0 ms]
      [Redirty Cards: 0.1 ms]
      [Humongous Register: 0.0 ms]
      [Humongous Reclaim: 0.0 ms]
      [Free CSet: 0.0 ms]
   [Eden: 2048.0K(281.0M)->0.0B(327.0M) Survivors: 40.0M->5120.0K Heap: 1056.8M(2048.0M)->1060.8M(2048.0M)]
 [Times: user=0.48 sys=0.00, real=0.05 secs] 
2020-09-29T11:56:36.991+0200: 23.291: [GC concurrent-root-region-scan-start]
2020-09-29T11:56:36.991+0200: 23.292: [GC concurrent-root-region-scan-end, 0.0004832 secs]
2020-09-29T11:56:36.991+0200: 23.292: [GC concurrent-mark-start]
2020-09-29T11:56:36.994+0200: 23.294: [GC concurrent-mark-end, 0.0024117 secs]
2020-09-29T11:56:36.994+0200: 23.294: [GC remark 2020-09-29T11:56:36.994+0200: 23.294: [Finalize Marking, 0.0002074 secs] 2020-09-29T11:56:36.994+0200: 23.295: [GC ref-proc, 0.0002897 secs] 2020-09-29T11:56:36.995+0200: 23.295: [Unloading, 0.0004419 secs], 0.0012055 secs]
 [Times: user=0.00 sys=0.00, real=0.00 secs] 
2020-09-29T11:56:36.996+0200: 23.296: [GC cleanup 1069M->22M(2048M), 0.0011273 secs]
 [Times: user=0.00 sys=0.00, real=0.00 secs] 
2020-09-29T11:56:36.997+0200: 23.297: [GC concurrent-cleanup-start]
2020-09-29T11:56:36.998+0200: 23.298: [GC concurrent-cleanup-end, 0.0011613 secs]
2020-09-29T11:56:37.154+0200: 23.454: [GC pause (G1 Evacuation Pause) (young), 0.1831118 secs]
   [Parallel Time: 181.8 ms, GC Workers: 8]
      [GC Worker Start (ms): Min: 23454.2, Avg: 23454.3, Max: 23454.4, Diff: 0.2]
      [Ext Root Scanning (ms): Min: 0.0, Avg: 0.1, Max: 0.1, Diff: 0.1, Sum: 0.4]
      [Update RS (ms): Min: 15.3, Avg: 15.6, Max: 15.9, Diff: 0.6, Sum: 124.9]
         [Processed Buffers: Min: 16, Avg: 16.9, Max: 21, Diff: 5, Sum: 135]
      [Scan RS (ms): Min: 23.4, Avg: 23.7, Max: 24.1, Diff: 0.7, Sum: 189.5]
      [Code Root Scanning (ms): Min: 0.0, Avg: 0.0, Max: 0.0, Diff: 0.0, Sum: 0.0]
      [Object Copy (ms): Min: 142.0, Avg: 142.1, Max: 142.2, Diff: 0.2, Sum: 1137.0]
      [Termination (ms): Min: 0.0, Avg: 0.1, Max: 0.1, Diff: 0.1, Sum: 0.6]
         [Termination Attempts: Min: 1, Avg: 520.9, Max: 655, Diff: 654, Sum: 4167]
      [GC Worker Other (ms): Min: 0.0, Avg: 0.0, Max: 0.1, Diff: 0.1, Sum: 0.3]
      [GC Worker Total (ms): Min: 181.5, Avg: 181.6, Max: 181.7, Diff: 0.1, Sum: 1452.8]
      [GC Worker End (ms): Min: 23635.9, Avg: 23635.9, Max: 23635.9, Diff: 0.1]
   [Code Root Fixup: 0.0 ms]
   [Code Root Purge: 0.0 ms]
   [Clear CT: 0.1 ms]
   [Other: 1.2 ms]
      [Choose CSet: 0.0 ms]
      [Ref Proc: 0.2 ms]
      [Ref Enq: 0.0 ms]
      [Redirty Cards: 0.6 ms]
      [Humongous Register: 0.0 ms]
      [Humongous Reclaim: 0.0 ms]
      [Free CSet: 0.2 ms]
   [Eden: 327.0M(327.0M)->0.0B(280.0M) Survivors: 5120.0K->42.0M Heap: 395.8M(2048.0M)->393.3M(2048.0M)]
 [Times: user=1.34 sys=0.11, real=0.18 secs] 
2020-09-29T11:56:37.481+0200: 23.782: [GC pause (G1 Evacuation Pause) (young), 0.1655090 secs]
   [Parallel Time: 164.6 ms, GC Workers: 8]
      [GC Worker Start (ms): Min: 23782.1, Avg: 23782.2, Max: 23782.3, Diff: 0.1]
      [Ext Root Scanning (ms): Min: 0.0, Avg: 0.1, Max: 0.1, Diff: 0.1, Sum: 0.6]
      [Update RS (ms): Min: 16.8, Avg: 17.0, Max: 17.3, Diff: 0.5, Sum: 135.6]
         [Processed Buffers: Min: 18, Avg: 19.1, Max: 22, Diff: 4, Sum: 153]
      [Scan RS (ms): Min: 20.1, Avg: 20.5, Max: 20.7, Diff: 0.6, Sum: 164.2]
      [Code Root Scanning (ms): Min: 0.0, Avg: 0.0, Max: 0.0, Diff: 0.0, Sum: 0.0]
      [Object Copy (ms): Min: 126.5, Avg: 126.5, Max: 126.6, Diff: 0.1, Sum: 1012.3]
      [Termination (ms): Min: 0.0, Avg: 0.0, Max: 0.0, Diff: 0.0, Sum: 0.1]
         [Termination Attempts: Min: 1, Avg: 127.8, Max: 164, Diff: 163, Sum: 1022]
      [GC Worker Other (ms): Min: 0.0, Avg: 0.2, Max: 0.3, Diff: 0.3, Sum: 1.8]
      [GC Worker Total (ms): Min: 164.2, Avg: 164.3, Max: 164.5, Diff: 0.3, Sum: 1314.7]
      [GC Worker End (ms): Min: 23946.3, Avg: 23946.5, Max: 23946.6, Diff: 0.3]
   [Code Root Fixup: 0.0 ms]
   [Code Root Purge: 0.0 ms]
   [Clear CT: 0.2 ms]
   [Other: 0.8 ms]
      [Choose CSet: 0.0 ms]
      [Ref Proc: 0.2 ms]
      [Ref Enq: 0.0 ms]
      [Redirty Cards: 0.2 ms]
      [Humongous Register: 0.0 ms]
      [Humongous Reclaim: 0.0 ms]
      [Free CSet: 0.2 ms]
   [Eden: 280.0M(280.0M)->0.0B(282.0M) Survivors: 42.0M->41.0M Heap: 721.0M(2048.0M)->723.0M(2048.0M)]
 [Times: user=1.19 sys=0.08, real=0.17 secs] 
2020-09-29T11:56:37.823+0200: 24.123: [GC pause (G1 Evacuation Pause) (young), 0.2244242 secs]
   [Parallel Time: 222.4 ms, GC Workers: 8]
      [GC Worker Start (ms): Min: 24123.5, Avg: 24123.6, Max: 24123.6, Diff: 0.2]
      [Ext Root Scanning (ms): Min: 0.0, Avg: 0.1, Max: 0.2, Diff: 0.2, Sum: 0.6]
      [Update RS (ms): Min: 25.1, Avg: 25.3, Max: 25.8, Diff: 0.7, Sum: 202.7]
         [Processed Buffers: Min: 20, Avg: 21.0, Max: 23, Diff: 3, Sum: 168]
      [Scan RS (ms): Min: 24.0, Avg: 24.5, Max: 24.9, Diff: 0.9, Sum: 196.0]
      [Code Root Scanning (ms): Min: 0.0, Avg: 0.0, Max: 0.0, Diff: 0.0, Sum: 0.0]
      [Object Copy (ms): Min: 171.8, Avg: 172.0, Max: 172.2, Diff: 0.4, Sum: 1376.3]
      [Termination (ms): Min: 0.0, Avg: 0.1, Max: 0.1, Diff: 0.1, Sum: 0.6]
         [Termination Attempts: Min: 1, Avg: 434.3, Max: 567, Diff: 566, Sum: 3474]
      [GC Worker Other (ms): Min: 0.0, Avg: 0.0, Max: 0.1, Diff: 0.1, Sum: 0.4]
      [GC Worker Total (ms): Min: 222.0, Avg: 222.1, Max: 222.2, Diff: 0.1, Sum: 1776.6]
      [GC Worker End (ms): Min: 24345.6, Avg: 24345.6, Max: 24345.7, Diff: 0.1]
   [Code Root Fixup: 0.0 ms]
   [Code Root Purge: 0.0 ms]
   [Clear CT: 1.0 ms]
   [Other: 1.0 ms]
      [Choose CSet: 0.0 ms]
      [Ref Proc: 0.2 ms]
      [Ref Enq: 0.0 ms]
      [Redirty Cards: 0.4 ms]
      [Humongous Register: 0.0 ms]
      [Humongous Reclaim: 0.0 ms]
      [Free CSet: 0.2 ms]
   [Eden: 282.0M(282.0M)->0.0B(229.0M) Survivors: 41.0M->41.0M Heap: 1050.8M(2048.0M)->1053.3M(2048.0M)]
 [Times: user=1.72 sys=0.03, real=0.22 secs] 
2020-09-29T11:56:38.057+0200: 24.358: [GC pause (G1 Humongous Allocation) (young) (initial-mark), 0.0699588 secs]
   [Parallel Time: 68.7 ms, GC Workers: 8]
      [GC Worker Start (ms): Min: 24358.2, Avg: 24358.3, Max: 24358.4, Diff: 0.2]
      [Ext Root Scanning (ms): Min: 0.0, Avg: 0.5, Max: 1.4, Diff: 1.4, Sum: 3.7]
      [Update RS (ms): Min: 39.1, Avg: 40.1, Max: 41.0, Diff: 2.0, Sum: 320.6]
         [Processed Buffers: Min: 36, Avg: 41.3, Max: 44, Diff: 8, Sum: 330]
      [Scan RS (ms): Min: 3.0, Avg: 3.6, Max: 3.9, Diff: 0.8, Sum: 28.9]
      [Code Root Scanning (ms): Min: 0.0, Avg: 0.0, Max: 0.0, Diff: 0.0, Sum: 0.0]
      [Object Copy (ms): Min: 24.2, Avg: 24.3, Max: 24.3, Diff: 0.1, Sum: 194.3]
      [Termination (ms): Min: 0.0, Avg: 0.0, Max: 0.0, Diff: 0.0, Sum: 0.1]
         [Termination Attempts: Min: 1, Avg: 101.5, Max: 138, Diff: 137, Sum: 812]
      [GC Worker Other (ms): Min: 0.0, Avg: 0.0, Max: 0.0, Diff: 0.0, Sum: 0.2]
      [GC Worker Total (ms): Min: 68.3, Avg: 68.5, Max: 68.5, Diff: 0.2, Sum: 547.7]
      [GC Worker End (ms): Min: 24426.7, Avg: 24426.7, Max: 24426.8, Diff: 0.0]
   [Code Root Fixup: 0.0 ms]
   [Code Root Purge: 0.0 ms]
   [Clear CT: 0.3 ms]
   [Other: 1.0 ms]
      [Choose CSet: 0.0 ms]
      [Ref Proc: 0.2 ms]
      [Ref Enq: 0.0 ms]
      [Redirty Cards: 0.4 ms]
      [Humongous Register: 0.0 ms]
      [Humongous Reclaim: 0.0 ms]
      [Free CSet: 0.1 ms]
   [Eden: 4096.0K(229.0M)->0.0B(259.0M) Survivors: 41.0M->6144.0K Heap: 1057.3M(2048.0M)->1061.3M(2048.0M)]
 [Times: user=0.50 sys=0.00, real=0.07 secs] 
2020-09-29T11:56:38.128+0200: 24.428: [GC concurrent-root-region-scan-start]
2020-09-29T11:56:38.129+0200: 24.429: [GC concurrent-root-region-scan-end, 0.0010615 secs]
2020-09-29T11:56:38.129+0200: 24.429: [GC concurrent-mark-start]
2020-09-29T11:56:38.131+0200: 24.432: [GC concurrent-mark-end, 0.0026584 secs]
2020-09-29T11:56:38.131+0200: 24.432: [GC remark 2020-09-29T11:56:38.132+0200: 24.432: [Finalize Marking, 0.0002217 secs] 2020-09-29T11:56:38.132+0200: 24.432: [GC ref-proc, 0.0003370 secs] 2020-09-29T11:56:38.132+0200: 24.433: [Unloading, 0.0005195 secs], 0.0014445 secs]
 [Times: user=0.00 sys=0.00, real=0.00 secs] 
2020-09-29T11:56:38.133+0200: 24.434: [GC cleanup 1070M->23M(2048M), 0.0013108 secs]
 [Times: user=0.00 sys=0.00, real=0.00 secs] 
2020-09-29T11:56:38.135+0200: 24.435: [GC concurrent-cleanup-start]
2020-09-29T11:56:38.136+0200: 24.437: [GC concurrent-cleanup-end, 0.0014289 secs]
2020-09-29T11:56:38.290+0200: 24.591: [GC pause (G1 Evacuation Pause) (young), 0.1848693 secs]
   [Parallel Time: 183.5 ms, GC Workers: 8]
      [GC Worker Start (ms): Min: 24590.8, Avg: 24590.9, Max: 24591.0, Diff: 0.2]
      [Ext Root Scanning (ms): Min: 0.0, Avg: 0.1, Max: 0.2, Diff: 0.2, Sum: 0.6]
      [Update RS (ms): Min: 24.7, Avg: 24.9, Max: 25.4, Diff: 0.8, Sum: 199.1]
         [Processed Buffers: Min: 20, Avg: 20.6, Max: 22, Diff: 2, Sum: 165]
      [Scan RS (ms): Min: 16.7, Avg: 17.2, Max: 17.5, Diff: 0.9, Sum: 137.8]
      [Code Root Scanning (ms): Min: 0.0, Avg: 0.0, Max: 0.0, Diff: 0.0, Sum: 0.0]
      [Object Copy (ms): Min: 140.6, Avg: 140.8, Max: 141.0, Diff: 0.3, Sum: 1126.5]
      [Termination (ms): Min: 0.0, Avg: 0.2, Max: 0.2, Diff: 0.2, Sum: 1.2]
         [Termination Attempts: Min: 1, Avg: 289.1, Max: 355, Diff: 354, Sum: 2313]
      [GC Worker Other (ms): Min: 0.0, Avg: 0.0, Max: 0.0, Diff: 0.0, Sum: 0.1]
      [GC Worker Total (ms): Min: 183.1, Avg: 183.2, Max: 183.3, Diff: 0.2, Sum: 1465.4]
      [GC Worker End (ms): Min: 24774.1, Avg: 24774.1, Max: 24774.1, Diff: 0.0]
   [Code Root Fixup: 0.0 ms]
   [Code Root Purge: 0.0 ms]
   [Clear CT: 0.2 ms]
   [Other: 1.2 ms]
      [Choose CSet: 0.0 ms]
      [Ref Proc: 0.3 ms]
      [Ref Enq: 0.0 ms]
      [Redirty Cards: 0.3 ms]
      [Humongous Register: 0.0 ms]
      [Humongous Reclaim: 0.0 ms]
      [Free CSet: 0.3 ms]
   [Eden: 259.0M(259.0M)->0.0B(221.0M) Survivors: 6144.0K->34.0M Heap: 317.4M(2048.0M)->313.9M(2048.0M)]
 [Times: user=1.39 sys=0.08, real=0.18 secs] 
2020-09-29T11:56:38.622+0200: 24.922: [GC pause (G1 Evacuation Pause) (young), 0.1729137 secs]
   [Parallel Time: 171.8 ms, GC Workers: 8]
      [GC Worker Start (ms): Min: 24922.5, Avg: 24922.6, Max: 24922.7, Diff: 0.1]
      [Ext Root Scanning (ms): Min: 0.0, Avg: 0.1, Max: 0.2, Diff: 0.1, Sum: 0.7]
      [Update RS (ms): Min: 17.7, Avg: 18.2, Max: 18.6, Diff: 0.9, Sum: 145.6]
         [Processed Buffers: Min: 14, Avg: 15.3, Max: 16, Diff: 2, Sum: 122]
      [Scan RS (ms): Min: 19.5, Avg: 19.9, Max: 20.4, Diff: 1.0, Sum: 159.1]
      [Code Root Scanning (ms): Min: 0.0, Avg: 0.0, Max: 0.0, Diff: 0.0, Sum: 0.0]
      [Object Copy (ms): Min: 133.2, Avg: 133.3, Max: 133.3, Diff: 0.2, Sum: 1066.2]
      [Termination (ms): Min: 0.0, Avg: 0.1, Max: 0.1, Diff: 0.1, Sum: 0.8]
         [Termination Attempts: Min: 1, Avg: 484.3, Max: 578, Diff: 577, Sum: 3874]
      [GC Worker Other (ms): Min: 0.0, Avg: 0.0, Max: 0.1, Diff: 0.1, Sum: 0.4]
      [GC Worker Total (ms): Min: 171.5, Avg: 171.6, Max: 171.6, Diff: 0.1, Sum: 1372.8]
      [GC Worker End (ms): Min: 25094.2, Avg: 25094.2, Max: 25094.2, Diff: 0.1]
   [Code Root Fixup: 0.0 ms]
   [Code Root Purge: 0.0 ms]
   [Clear CT: 0.2 ms]
   [Other: 0.9 ms]
      [Choose CSet: 0.0 ms]
      [Ref Proc: 0.2 ms]
      [Ref Enq: 0.0 ms]
      [Redirty Cards: 0.3 ms]
      [Humongous Register: 0.0 ms]
      [Humongous Reclaim: 0.0 ms]
      [Free CSet: 0.2 ms]
   [Eden: 221.0M(221.0M)->0.0B(217.0M) Survivors: 34.0M->32.0M Heap: 571.1M(2048.0M)->572.6M(2048.0M)]
 [Times: user=1.31 sys=0.06, real=0.17 secs] 
2020-09-29T11:56:38.928+0200: 25.229: [GC pause (G1 Evacuation Pause) (young), 0.1721043 secs]
   [Parallel Time: 171.1 ms, GC Workers: 8]
      [GC Worker Start (ms): Min: 25228.7, Avg: 25228.8, Max: 25228.9, Diff: 0.2]
      [Ext Root Scanning (ms): Min: 0.0, Avg: 0.1, Max: 0.2, Diff: 0.2, Sum: 0.7]
      [Update RS (ms): Min: 17.8, Avg: 18.1, Max: 18.5, Diff: 0.6, Sum: 144.9]
         [Processed Buffers: Min: 14, Avg: 15.1, Max: 16, Diff: 2, Sum: 121]
      [Scan RS (ms): Min: 18.9, Avg: 19.2, Max: 19.6, Diff: 0.7, Sum: 154.0]
      [Code Root Scanning (ms): Min: 0.0, Avg: 0.0, Max: 0.0, Diff: 0.0, Sum: 0.0]
      [Object Copy (ms): Min: 133.2, Avg: 133.3, Max: 133.4, Diff: 0.2, Sum: 1066.4]
      [Termination (ms): Min: 0.0, Avg: 0.0, Max: 0.0, Diff: 0.0, Sum: 0.1]
         [Termination Attempts: Min: 1, Avg: 32.1, Max: 45, Diff: 44, Sum: 257]
      [GC Worker Other (ms): Min: 0.0, Avg: 0.0, Max: 0.1, Diff: 0.0, Sum: 0.2]
      [GC Worker Total (ms): Min: 170.7, Avg: 170.8, Max: 170.9, Diff: 0.2, Sum: 1366.4]
      [GC Worker End (ms): Min: 25399.6, Avg: 25399.6, Max: 25399.6, Diff: 0.0]
   [Code Root Fixup: 0.0 ms]
   [Code Root Purge: 0.0 ms]
   [Clear CT: 0.2 ms]
   [Other: 0.8 ms]
      [Choose CSet: 0.0 ms]
      [Ref Proc: 0.2 ms]
      [Ref Enq: 0.0 ms]
      [Redirty Cards: 0.3 ms]
      [Humongous Register: 0.0 ms]
      [Humongous Reclaim: 0.0 ms]
      [Free CSet: 0.2 ms]
   [Eden: 217.0M(217.0M)->0.0B(214.0M) Survivors: 32.0M->32.0M Heap: 825.8M(2048.0M)->827.3M(2048.0M)]
 [Times: user=1.30 sys=0.06, real=0.17 secs] 
2020-09-29T11:56:39.234+0200: 25.534: [GC pause (G1 Evacuation Pause) (young), 0.1857295 secs]
   [Parallel Time: 184.3 ms, GC Workers: 8]
      [GC Worker Start (ms): Min: 25534.5, Avg: 25534.6, Max: 25534.7, Diff: 0.2]
      [Ext Root Scanning (ms): Min: 0.0, Avg: 0.1, Max: 0.2, Diff: 0.2, Sum: 0.6]
      [Update RS (ms): Min: 24.9, Avg: 25.9, Max: 31.4, Diff: 6.6, Sum: 207.0]
         [Processed Buffers: Min: 18, Avg: 20.6, Max: 23, Diff: 5, Sum: 165]
      [Scan RS (ms): Min: 10.6, Avg: 16.2, Max: 17.2, Diff: 6.6, Sum: 129.5]
      [Code Root Scanning (ms): Min: 0.0, Avg: 0.0, Max: 0.0, Diff: 0.0, Sum: 0.0]
      [Object Copy (ms): Min: 141.8, Avg: 141.9, Max: 141.9, Diff: 0.1, Sum: 1135.2]
      [Termination (ms): Min: 0.0, Avg: 0.0, Max: 0.1, Diff: 0.1, Sum: 0.4]
         [Termination Attempts: Min: 1, Avg: 221.9, Max: 269, Diff: 268, Sum: 1775]
      [GC Worker Other (ms): Min: 0.0, Avg: 0.0, Max: 0.1, Diff: 0.1, Sum: 0.3]
      [GC Worker Total (ms): Min: 184.1, Avg: 184.1, Max: 184.2, Diff: 0.1, Sum: 1473.0]
      [GC Worker End (ms): Min: 25718.7, Avg: 25718.7, Max: 25718.8, Diff: 0.1]
   [Code Root Fixup: 0.0 ms]
   [Code Root Purge: 0.0 ms]
   [Clear CT: 0.3 ms]
   [Other: 1.1 ms]
      [Choose CSet: 0.0 ms]
      [Ref Proc: 0.4 ms]
      [Ref Enq: 0.0 ms]
      [Redirty Cards: 0.3 ms]
      [Humongous Register: 0.0 ms]
      [Humongous Reclaim: 0.0 ms]
      [Free CSet: 0.1 ms]
   [Eden: 214.0M(214.0M)->0.0B(207.0M) Survivors: 32.0M->31.0M Heap: 1077.6M(2048.0M)->1079.1M(2048.0M)]
 [Times: user=1.41 sys=0.05, real=0.19 secs] 
2020-09-29T11:56:39.424+0200: 25.725: [GC pause (G1 Humongous Allocation) (young) (initial-mark), 0.0616767 secs]
   [Parallel Time: 60.7 ms, GC Workers: 8]
      [GC Worker Start (ms): Min: 25724.8, Avg: 25724.8, Max: 25724.9, Diff: 0.1]
      [Ext Root Scanning (ms): Min: 0.0, Avg: 0.1, Max: 0.1, Diff: 0.1, Sum: 0.8]
      [Update RS (ms): Min: 36.1, Avg: 36.6, Max: 39.4, Diff: 3.4, Sum: 292.5]
         [Processed Buffers: Min: 34, Avg: 37.0, Max: 39, Diff: 5, Sum: 296]
      [Scan RS (ms): Min: 0.0, Avg: 1.6, Max: 2.0, Diff: 2.0, Sum: 12.4]
      [Code Root Scanning (ms): Min: 0.0, Avg: 0.0, Max: 0.0, Diff: 0.0, Sum: 0.0]
      [Object Copy (ms): Min: 21.0, Avg: 22.4, Max: 22.6, Diff: 1.5, Sum: 178.8]
      [Termination (ms): Min: 0.0, Avg: 0.0, Max: 0.0, Diff: 0.0, Sum: 0.2]
         [Termination Attempts: Min: 1, Avg: 126.4, Max: 193, Diff: 192, Sum: 1011]
      [GC Worker Other (ms): Min: 0.0, Avg: 0.0, Max: 0.0, Diff: 0.0, Sum: 0.1]
      [GC Worker Total (ms): Min: 60.6, Avg: 60.6, Max: 60.6, Diff: 0.1, Sum: 484.8]
      [GC Worker End (ms): Min: 25785.4, Avg: 25785.5, Max: 25785.5, Diff: 0.0]
   [Code Root Fixup: 0.0 ms]
   [Code Root Purge: 0.0 ms]
   [Clear CT: 0.2 ms]
   [Other: 0.8 ms]
      [Choose CSet: 0.0 ms]
      [Ref Proc: 0.3 ms]
      [Ref Enq: 0.0 ms]
      [Redirty Cards: 0.2 ms]
      [Humongous Register: 0.0 ms]
      [Humongous Reclaim: 0.0 ms]
      [Free CSet: 0.0 ms]
   [Eden: 5120.0K(207.0M)->0.0B(231.0M) Survivors: 31.0M->6144.0K Heap: 1084.1M(2048.0M)->1086.6M(2048.0M)]
 [Times: user=0.50 sys=0.00, real=0.06 secs] 
2020-09-29T11:56:39.486+0200: 25.786: [GC concurrent-root-region-scan-start]
2020-09-29T11:56:39.488+0200: 25.788: [GC concurrent-root-region-scan-end, 0.0016461 secs]
2020-09-29T11:56:39.488+0200: 25.788: [GC concurrent-mark-start]
2020-09-29T11:56:39.491+0200: 25.791: [GC concurrent-mark-end, 0.0028015 secs]
2020-09-29T11:56:39.491+0200: 25.791: [GC remark 2020-09-29T11:56:39.491+0200: 25.791: [Finalize Marking, 0.0002221 secs] 2020-09-29T11:56:39.491+0200: 25.792: [GC ref-proc, 0.0003457 secs] 2020-09-29T11:56:39.492+0200: 25.792: [Unloading, 0.0005121 secs], 0.0013921 secs]
 [Times: user=0.00 sys=0.00, real=0.00 secs] 
2020-09-29T11:56:39.493+0200: 25.793: [GC cleanup 1096M->24M(2048M), 0.0012041 secs]
 [Times: user=0.00 sys=0.00, real=0.00 secs] 
2020-09-29T11:56:39.494+0200: 25.794: [GC concurrent-cleanup-start]
2020-09-29T11:56:39.495+0200: 25.796: [GC concurrent-cleanup-end, 0.0014167 secs]
2020-09-29T11:56:39.630+0200: 25.931: [GC pause (G1 Evacuation Pause) (young), 0.1614208 secs]
   [Parallel Time: 159.8 ms, GC Workers: 8]
      [GC Worker Start (ms): Min: 25930.7, Avg: 25930.8, Max: 25930.9, Diff: 0.2]
      [Ext Root Scanning (ms): Min: 0.0, Avg: 0.1, Max: 0.2, Diff: 0.2, Sum: 0.6]
      [Update RS (ms): Min: 22.5, Avg: 22.7, Max: 23.7, Diff: 1.2, Sum: 181.7]
         [Processed Buffers: Min: 18, Avg: 19.9, Max: 23, Diff: 5, Sum: 159]
      [Scan RS (ms): Min: 14.1, Avg: 15.1, Max: 15.5, Diff: 1.4, Sum: 120.9]
      [Code Root Scanning (ms): Min: 0.0, Avg: 0.0, Max: 0.0, Diff: 0.0, Sum: 0.0]
      [Object Copy (ms): Min: 121.4, Avg: 121.5, Max: 121.7, Diff: 0.4, Sum: 972.3]
      [Termination (ms): Min: 0.0, Avg: 0.0, Max: 0.0, Diff: 0.0, Sum: 0.2]
         [Termination Attempts: Min: 1, Avg: 114.8, Max: 160, Diff: 159, Sum: 918]
      [GC Worker Other (ms): Min: 0.0, Avg: 0.0, Max: 0.1, Diff: 0.1, Sum: 0.3]
      [GC Worker Total (ms): Min: 159.4, Avg: 159.5, Max: 159.7, Diff: 0.2, Sum: 1276.1]
      [GC Worker End (ms): Min: 26090.3, Avg: 26090.3, Max: 26090.4, Diff: 0.1]
   [Code Root Fixup: 0.0 ms]
   [Code Root Purge: 0.0 ms]
   [Clear CT: 0.6 ms]
   [Other: 1.0 ms]
      [Choose CSet: 0.0 ms]
      [Ref Proc: 0.3 ms]
      [Ref Enq: 0.0 ms]
      [Redirty Cards: 0.4 ms]
      [Humongous Register: 0.0 ms]
      [Humongous Reclaim: 0.0 ms]
      [Free CSet: 0.1 ms]
   [Eden: 231.0M(231.0M)->0.0B(217.0M) Survivors: 6144.0K->30.0M Heap: 286.1M(2048.0M)->282.1M(2048.0M)]
 [Times: user=1.22 sys=0.03, real=0.16 secs] 
2020-09-29T11:56:39.933+0200: 26.234: [GC pause (G1 Evacuation Pause) (young), 0.1698643 secs]
   [Parallel Time: 168.9 ms, GC Workers: 8]
      [GC Worker Start (ms): Min: 26233.9, Avg: 26234.0, Max: 26234.1, Diff: 0.2]
      [Ext Root Scanning (ms): Min: 0.0, Avg: 0.1, Max: 0.2, Diff: 0.2, Sum: 0.6]
      [Update RS (ms): Min: 18.0, Avg: 18.5, Max: 19.0, Diff: 0.9, Sum: 147.6]
         [Processed Buffers: Min: 15, Avg: 16.8, Max: 19, Diff: 4, Sum: 134]
      [Scan RS (ms): Min: 18.6, Avg: 19.1, Max: 19.6, Diff: 1.0, Sum: 153.0]
      [Code Root Scanning (ms): Min: 0.0, Avg: 0.0, Max: 0.0, Diff: 0.0, Sum: 0.0]
      [Object Copy (ms): Min: 130.7, Avg: 130.8, Max: 131.0, Diff: 0.3, Sum: 1046.5]
      [Termination (ms): Min: 0.0, Avg: 0.1, Max: 0.1, Diff: 0.1, Sum: 0.8]
         [Termination Attempts: Min: 1, Avg: 471.8, Max: 565, Diff: 564, Sum: 3774]
      [GC Worker Other (ms): Min: 0.0, Avg: 0.0, Max: 0.1, Diff: 0.1, Sum: 0.3]
      [GC Worker Total (ms): Min: 168.5, Avg: 168.6, Max: 168.7, Diff: 0.2, Sum: 1348.8]
      [GC Worker End (ms): Min: 26402.6, Avg: 26402.6, Max: 26402.7, Diff: 0.1]
   [Code Root Fixup: 0.0 ms]
   [Code Root Purge: 0.0 ms]
   [Clear CT: 0.2 ms]
   [Other: 0.8 ms]
      [Choose CSet: 0.0 ms]
      [Ref Proc: 0.2 ms]
      [Ref Enq: 0.0 ms]
      [Redirty Cards: 0.3 ms]
      [Humongous Register: 0.0 ms]
      [Humongous Reclaim: 0.0 ms]
      [Free CSet: 0.1 ms]
   [Eden: 217.0M(217.0M)->0.0B(216.0M) Survivors: 30.0M->31.0M Heap: 535.3M(2048.0M)->537.8M(2048.0M)]
 [Times: user=1.28 sys=0.08, real=0.17 secs] 
2020-09-29T11:56:40.245+0200: 26.546: [GC pause (G1 Evacuation Pause) (young), 0.1982253 secs]
   [Parallel Time: 197.1 ms, GC Workers: 8]
      [GC Worker Start (ms): Min: 26546.2, Avg: 26546.4, Max: 26547.3, Diff: 1.1]
      [Ext Root Scanning (ms): Min: 0.0, Avg: 0.1, Max: 0.2, Diff: 0.2, Sum: 0.7]
      [Update RS (ms): Min: 19.6, Avg: 20.4, Max: 20.5, Diff: 1.0, Sum: 162.8]
         [Processed Buffers: Min: 6, Avg: 16.6, Max: 20, Diff: 14, Sum: 133]
      [Scan RS (ms): Min: 19.6, Avg: 19.6, Max: 19.7, Diff: 0.2, Sum: 157.0]
      [Code Root Scanning (ms): Min: 0.0, Avg: 0.0, Max: 0.0, Diff: 0.0, Sum: 0.0]
      [Object Copy (ms): Min: 155.9, Avg: 156.1, Max: 156.6, Diff: 0.7, Sum: 1249.1]
      [Termination (ms): Min: 0.0, Avg: 0.4, Max: 0.5, Diff: 0.5, Sum: 3.5]
         [Termination Attempts: Min: 1, Avg: 2128.0, Max: 2605, Diff: 2604, Sum: 17024]
      [GC Worker Other (ms): Min: 0.0, Avg: 0.0, Max: 0.1, Diff: 0.0, Sum: 0.2]
      [GC Worker Total (ms): Min: 195.8, Avg: 196.7, Max: 196.9, Diff: 1.1, Sum: 1573.4]
      [GC Worker End (ms): Min: 26743.1, Avg: 26743.1, Max: 26743.1, Diff: 0.0]
   [Code Root Fixup: 0.0 ms]
   [Code Root Purge: 0.0 ms]
   [Clear CT: 0.2 ms]
   [Other: 0.9 ms]
      [Choose CSet: 0.0 ms]
      [Ref Proc: 0.2 ms]
      [Ref Enq: 0.0 ms]
      [Redirty Cards: 0.3 ms]
      [Humongous Register: 0.0 ms]
      [Humongous Reclaim: 0.0 ms]
      [Free CSet: 0.2 ms]
   [Eden: 216.0M(216.0M)->0.0B(198.0M) Survivors: 31.0M->31.0M Heap: 790.0M(2048.0M)->793.0M(2048.0M)]
 [Times: user=1.47 sys=0.13, real=0.20 secs] 
2020-09-29T11:56:40.567+0200: 26.868: [GC pause (G1 Evacuation Pause) (young), 0.1566284 secs]
   [Parallel Time: 155.6 ms, GC Workers: 8]
      [GC Worker Start (ms): Min: 26867.9, Avg: 26868.0, Max: 26868.1, Diff: 0.2]
      [Ext Root Scanning (ms): Min: 0.0, Avg: 0.1, Max: 0.2, Diff: 0.2, Sum: 0.5]
      [Update RS (ms): Min: 13.0, Avg: 13.3, Max: 14.2, Diff: 1.2, Sum: 106.4]
         [Processed Buffers: Min: 11, Avg: 12.8, Max: 15, Diff: 4, Sum: 102]
      [Scan RS (ms): Min: 18.5, Avg: 19.4, Max: 19.7, Diff: 1.1, Sum: 155.0]
      [Code Root Scanning (ms): Min: 0.0, Avg: 0.0, Max: 0.0, Diff: 0.0, Sum: 0.0]
      [Object Copy (ms): Min: 122.5, Avg: 122.6, Max: 122.6, Diff: 0.1, Sum: 980.5]
      [Termination (ms): Min: 0.0, Avg: 0.0, Max: 0.0, Diff: 0.0, Sum: 0.1]
         [Termination Attempts: Min: 1, Avg: 94.5, Max: 166, Diff: 165, Sum: 756]
      [GC Worker Other (ms): Min: 0.0, Avg: 0.0, Max: 0.1, Diff: 0.0, Sum: 0.2]
      [GC Worker Total (ms): Min: 155.3, Avg: 155.4, Max: 155.5, Diff: 0.2, Sum: 1242.9]
      [GC Worker End (ms): Min: 27023.4, Avg: 27023.4, Max: 27023.4, Diff: 0.0]
   [Code Root Fixup: 0.0 ms]
   [Code Root Purge: 0.0 ms]
   [Clear CT: 0.2 ms]
   [Other: 0.8 ms]
      [Choose CSet: 0.0 ms]
      [Ref Proc: 0.2 ms]
      [Ref Enq: 0.0 ms]
      [Redirty Cards: 0.2 ms]
      [Humongous Register: 0.1 ms]
      [Humongous Reclaim: 0.0 ms]
      [Free CSet: 0.1 ms]
   [Eden: 198.0M(198.0M)->0.0B(208.0M) Survivors: 31.0M->29.0M Heap: 1023.5M(2048.0M)->1025.5M(2048.0M)]
 [Times: user=1.20 sys=0.05, real=0.16 secs] 
2020-09-29T11:56:40.731+0200: 27.031: [GC pause (G1 Humongous Allocation) (young) (initial-mark), 0.0535231 secs]
   [Parallel Time: 52.7 ms, GC Workers: 8]
      [GC Worker Start (ms): Min: 27031.5, Avg: 27031.5, Max: 27031.6, Diff: 0.1]
      [Ext Root Scanning (ms): Min: 0.0, Avg: 0.1, Max: 0.1, Diff: 0.1, Sum: 0.8]
      [Update RS (ms): Min: 29.7, Avg: 30.0, Max: 30.1, Diff: 0.4, Sum: 239.7]
         [Processed Buffers: Min: 28, Avg: 31.1, Max: 33, Diff: 5, Sum: 249]
      [Scan RS (ms): Min: 2.3, Avg: 2.4, Max: 2.9, Diff: 0.5, Sum: 19.6]
      [Code Root Scanning (ms): Min: 0.0, Avg: 0.0, Max: 0.0, Diff: 0.0, Sum: 0.0]
      [Object Copy (ms): Min: 19.9, Avg: 20.1, Max: 20.1, Diff: 0.2, Sum: 160.6]
      [Termination (ms): Min: 0.0, Avg: 0.0, Max: 0.0, Diff: 0.0, Sum: 0.1]
         [Termination Attempts: Min: 1, Avg: 40.8, Max: 56, Diff: 55, Sum: 326]
      [GC Worker Other (ms): Min: 0.0, Avg: 0.0, Max: 0.0, Diff: 0.0, Sum: 0.1]
      [GC Worker Total (ms): Min: 52.5, Avg: 52.6, Max: 52.6, Diff: 0.1, Sum: 420.8]
      [GC Worker End (ms): Min: 27084.1, Avg: 27084.1, Max: 27084.1, Diff: 0.0]
   [Code Root Fixup: 0.0 ms]
   [Code Root Purge: 0.0 ms]
   [Clear CT: 0.2 ms]
   [Other: 0.6 ms]
      [Choose CSet: 0.0 ms]
      [Ref Proc: 0.2 ms]
      [Ref Enq: 0.0 ms]
      [Redirty Cards: 0.2 ms]
      [Humongous Register: 0.0 ms]
      [Humongous Reclaim: 0.0 ms]
      [Free CSet: 0.1 ms]
   [Eden: 8192.0K(208.0M)->0.0B(241.0M) Survivors: 29.0M->9216.0K Heap: 1033.5M(2048.0M)->1036.5M(2048.0M)]
 [Times: user=0.38 sys=0.00, real=0.05 secs] 
2020-09-29T11:56:40.784+0200: 27.085: [GC concurrent-root-region-scan-start]
2020-09-29T11:56:40.786+0200: 27.087: [GC concurrent-root-region-scan-end, 0.0021664 secs]
2020-09-29T11:56:40.786+0200: 27.087: [GC concurrent-mark-start]
2020-09-29T11:56:40.790+0200: 27.091: [GC concurrent-mark-end, 0.0039346 secs]
2020-09-29T11:56:40.791+0200: 27.091: [GC remark 2020-09-29T11:56:40.791+0200: 27.091: [Finalize Marking, 0.0002273 secs] 2020-09-29T11:56:40.791+0200: 27.092: [GC ref-proc, 0.0003360 secs] 2020-09-29T11:56:40.791+0200: 27.092: [Unloading, 0.0005015 secs], 0.0013835 secs]
 [Times: user=0.00 sys=0.00, real=0.00 secs] 
2020-09-29T11:56:40.792+0200: 27.093: [GC cleanup 1049M->30M(2048M), 0.0011536 secs]
 [Times: user=0.00 sys=0.00, real=0.00 secs] 
2020-09-29T11:56:40.794+0200: 27.094: [GC concurrent-cleanup-start]
2020-09-29T11:56:40.795+0200: 27.096: [GC concurrent-cleanup-end, 0.0015454 secs]
2020-09-29T11:56:40.935+0200: 27.236: [GC pause (G1 Evacuation Pause) (young), 0.1670065 secs]
   [Parallel Time: 165.7 ms, GC Workers: 8]
      [GC Worker Start (ms): Min: 27236.2, Avg: 27236.3, Max: 27236.4, Diff: 0.2]
      [Ext Root Scanning (ms): Min: 0.0, Avg: 0.1, Max: 0.2, Diff: 0.2, Sum: 0.7]
      [Update RS (ms): Min: 18.4, Avg: 18.5, Max: 18.9, Diff: 0.5, Sum: 148.2]
         [Processed Buffers: Min: 15, Avg: 16.9, Max: 18, Diff: 3, Sum: 135]
      [Scan RS (ms): Min: 18.0, Avg: 18.3, Max: 18.5, Diff: 0.5, Sum: 146.6]
      [Code Root Scanning (ms): Min: 0.0, Avg: 0.0, Max: 0.0, Diff: 0.0, Sum: 0.0]
      [Object Copy (ms): Min: 128.3, Avg: 128.3, Max: 128.3, Diff: 0.1, Sum: 1026.4]
      [Termination (ms): Min: 0.0, Avg: 0.0, Max: 0.0, Diff: 0.0, Sum: 0.0]
         [Termination Attempts: Min: 1, Avg: 22.9, Max: 30, Diff: 29, Sum: 183]
      [GC Worker Other (ms): Min: 0.0, Avg: 0.0, Max: 0.1, Diff: 0.0, Sum: 0.3]
      [GC Worker Total (ms): Min: 165.2, Avg: 165.3, Max: 165.4, Diff: 0.1, Sum: 1322.3]
      [GC Worker End (ms): Min: 27401.6, Avg: 27401.6, Max: 27401.6, Diff: 0.1]
   [Code Root Fixup: 0.0 ms]
   [Code Root Purge: 0.0 ms]
   [Clear CT: 0.3 ms]
   [Other: 1.1 ms]
      [Choose CSet: 0.0 ms]
      [Ref Proc: 0.3 ms]
      [Ref Enq: 0.0 ms]
      [Redirty Cards: 0.3 ms]
      [Humongous Register: 0.0 ms]
      [Humongous Reclaim: 0.0 ms]
      [Free CSet: 0.2 ms]
   [Eden: 241.0M(241.0M)->0.0B(223.0M) Survivors: 9216.0K->32.0M Heap: 301.0M(2048.0M)->293.5M(2048.0M)]
 [Times: user=1.36 sys=0.00, real=0.17 secs] 
2020-09-29T11:56:41.246+0200: 27.547: [GC pause (G1 Evacuation Pause) (young), 0.1901908 secs]
   [Parallel Time: 188.9 ms, GC Workers: 8]
      [GC Worker Start (ms): Min: 27547.3, Avg: 27549.5, Max: 27564.4, Diff: 17.1]
      [Ext Root Scanning (ms): Min: 0.0, Avg: 0.1, Max: 0.2, Diff: 0.2, Sum: 0.7]
      [Update RS (ms): Min: 4.4, Avg: 19.1, Max: 21.7, Diff: 17.3, Sum: 153.0]
         [Processed Buffers: Min: 4, Avg: 16.0, Max: 19, Diff: 15, Sum: 128]
      [Scan RS (ms): Min: 20.2, Avg: 20.6, Max: 21.0, Diff: 0.8, Sum: 165.0]
      [Code Root Scanning (ms): Min: 0.0, Avg: 0.0, Max: 0.0, Diff: 0.0, Sum: 0.0]
      [Object Copy (ms): Min: 146.3, Avg: 146.5, Max: 146.7, Diff: 0.4, Sum: 1172.4]
      [Termination (ms): Min: 0.0, Avg: 0.1, Max: 0.2, Diff: 0.2, Sum: 1.0]
         [Termination Attempts: Min: 1, Avg: 648.4, Max: 790, Diff: 789, Sum: 5187]
      [GC Worker Other (ms): Min: 0.0, Avg: 0.0, Max: 0.1, Diff: 0.0, Sum: 0.2]
      [GC Worker Total (ms): Min: 171.7, Avg: 186.6, Max: 188.7, Diff: 17.0, Sum: 1492.4]
      [GC Worker End (ms): Min: 27736.0, Avg: 27736.0, Max: 27736.1, Diff: 0.0]
   [Code Root Fixup: 0.0 ms]
   [Code Root Purge: 0.0 ms]
   [Clear CT: 0.4 ms]
   [Other: 0.9 ms]
      [Choose CSet: 0.0 ms]
      [Ref Proc: 0.2 ms]
      [Ref Enq: 0.0 ms]
      [Redirty Cards: 0.3 ms]
      [Humongous Register: 0.0 ms]
      [Humongous Reclaim: 0.0 ms]
      [Free CSet: 0.2 ms]
   [Eden: 223.0M(223.0M)->0.0B(210.0M) Survivors: 32.0M->32.0M Heap: 552.7M(2048.0M)->555.2M(2048.0M)]
 [Times: user=1.34 sys=0.13, real=0.19 secs] 
2020-09-29T11:56:41.568+0200: 27.869: [GC pause (G1 Evacuation Pause) (young), 0.1722719 secs]
   [Parallel Time: 171.3 ms, GC Workers: 8]
      [GC Worker Start (ms): Min: 27869.3, Avg: 27869.4, Max: 27869.5, Diff: 0.2]
      [Ext Root Scanning (ms): Min: 0.0, Avg: 0.1, Max: 0.2, Diff: 0.2, Sum: 0.6]
      [Update RS (ms): Min: 16.3, Avg: 16.5, Max: 16.7, Diff: 0.4, Sum: 131.8]
         [Processed Buffers: Min: 13, Avg: 14.0, Max: 15, Diff: 2, Sum: 112]
      [Scan RS (ms): Min: 19.5, Avg: 19.8, Max: 19.9, Diff: 0.4, Sum: 158.1]
      [Code Root Scanning (ms): Min: 0.0, Avg: 0.0, Max: 0.0, Diff: 0.0, Sum: 0.0]
      [Object Copy (ms): Min: 134.4, Avg: 134.5, Max: 134.6, Diff: 0.2, Sum: 1076.2]
      [Termination (ms): Min: 0.1, Avg: 0.2, Max: 0.2, Diff: 0.1, Sum: 1.3]
         [Termination Attempts: Min: 1, Avg: 476.3, Max: 619, Diff: 618, Sum: 3810]
      [GC Worker Other (ms): Min: 0.0, Avg: 0.0, Max: 0.0, Diff: 0.0, Sum: 0.1]
      [GC Worker Total (ms): Min: 170.9, Avg: 171.0, Max: 171.1, Diff: 0.2, Sum: 1368.0]
      [GC Worker End (ms): Min: 28040.4, Avg: 28040.4, Max: 28040.4, Diff: 0.0]
   [Code Root Fixup: 0.0 ms]
   [Code Root Purge: 0.0 ms]
   [Clear CT: 0.2 ms]
   [Other: 0.8 ms]
      [Choose CSet: 0.0 ms]
      [Ref Proc: 0.2 ms]
      [Ref Enq: 0.0 ms]
      [Redirty Cards: 0.2 ms]
      [Humongous Register: 0.0 ms]
      [Humongous Reclaim: 0.0 ms]
      [Free CSet: 0.1 ms]
   [Eden: 210.0M(210.0M)->0.0B(210.0M) Survivors: 32.0M->31.0M Heap: 799.5M(2048.0M)->801.5M(2048.0M)]
 [Times: user=1.31 sys=0.06, real=0.17 secs] 
2020-09-29T11:56:41.872+0200: 28.173: [GC pause (G1 Evacuation Pause) (young), 0.1750583 secs]
   [Parallel Time: 171.9 ms, GC Workers: 8]
      [GC Worker Start (ms): Min: 28173.4, Avg: 28173.5, Max: 28173.6, Diff: 0.2]
      [Ext Root Scanning (ms): Min: 0.0, Avg: 0.1, Max: 0.2, Diff: 0.2, Sum: 0.6]
      [Update RS (ms): Min: 18.4, Avg: 18.6, Max: 19.1, Diff: 0.6, Sum: 148.6]
         [Processed Buffers: Min: 15, Avg: 16.6, Max: 20, Diff: 5, Sum: 133]
      [Scan RS (ms): Min: 18.7, Avg: 19.2, Max: 19.4, Diff: 0.7, Sum: 153.8]
      [Code Root Scanning (ms): Min: 0.0, Avg: 0.0, Max: 0.0, Diff: 0.0, Sum: 0.0]
      [Object Copy (ms): Min: 133.6, Avg: 133.7, Max: 133.7, Diff: 0.1, Sum: 1069.6]
      [Termination (ms): Min: 0.0, Avg: 0.1, Max: 0.1, Diff: 0.1, Sum: 0.9]
         [Termination Attempts: Min: 1, Avg: 177.1, Max: 241, Diff: 240, Sum: 1417]
      [GC Worker Other (ms): Min: 0.0, Avg: 0.0, Max: 0.0, Diff: 0.0, Sum: 0.1]
      [GC Worker Total (ms): Min: 171.6, Avg: 171.7, Max: 171.8, Diff: 0.2, Sum: 1373.6]
      [GC Worker End (ms): Min: 28345.2, Avg: 28345.2, Max: 28345.3, Diff: 0.0]
   [Code Root Fixup: 0.0 ms]
   [Code Root Purge: 0.0 ms]
   [Clear CT: 0.4 ms]
   [Other: 2.7 ms]
      [Choose CSet: 0.0 ms]
      [Ref Proc: 0.2 ms]
      [Ref Enq: 0.0 ms]
      [Redirty Cards: 2.1 ms]
      [Humongous Register: 0.1 ms]
      [Humongous Reclaim: 0.0 ms]
      [Free CSet: 0.1 ms]
   [Eden: 210.0M(210.0M)->0.0B(209.0M) Survivors: 31.0M->31.0M Heap: 1047.8M(2048.0M)->1049.3M(2048.0M)]
 [Times: user=1.20 sys=0.08, real=0.18 secs] 
2020-09-29T11:56:42.053+0200: 28.354: [GC pause (G1 Humongous Allocation) (young) (initial-mark), 0.0602704 secs]
   [Parallel Time: 59.4 ms, GC Workers: 8]
      [GC Worker Start (ms): Min: 28354.2, Avg: 28354.3, Max: 28354.4, Diff: 0.2]
      [Ext Root Scanning (ms): Min: 0.3, Avg: 0.4, Max: 0.4, Diff: 0.2, Sum: 2.9]
      [Update RS (ms): Min: 34.8, Avg: 35.1, Max: 35.3, Diff: 0.5, Sum: 280.6]
         [Processed Buffers: Min: 35, Avg: 36.1, Max: 38, Diff: 3, Sum: 289]
      [Scan RS (ms): Min: 1.5, Avg: 1.8, Max: 2.1, Diff: 0.5, Sum: 14.3]
      [Code Root Scanning (ms): Min: 0.0, Avg: 0.0, Max: 0.0, Diff: 0.0, Sum: 0.0]
      [Object Copy (ms): Min: 21.9, Avg: 22.0, Max: 22.1, Diff: 0.2, Sum: 175.9]
      [Termination (ms): Min: 0.0, Avg: 0.0, Max: 0.1, Diff: 0.1, Sum: 0.3]
         [Termination Attempts: Min: 1, Avg: 207.1, Max: 270, Diff: 269, Sum: 1657]
      [GC Worker Other (ms): Min: 0.0, Avg: 0.0, Max: 0.0, Diff: 0.0, Sum: 0.1]
      [GC Worker Total (ms): Min: 59.2, Avg: 59.3, Max: 59.3, Diff: 0.2, Sum: 474.2]
      [GC Worker End (ms): Min: 28413.5, Avg: 28413.5, Max: 28413.6, Diff: 0.0]
   [Code Root Fixup: 0.0 ms]
   [Code Root Purge: 0.0 ms]
   [Clear CT: 0.2 ms]
   [Other: 0.7 ms]
      [Choose CSet: 0.0 ms]
      [Ref Proc: 0.2 ms]
      [Ref Enq: 0.0 ms]
      [Redirty Cards: 0.2 ms]
      [Humongous Register: 0.0 ms]
      [Humongous Reclaim: 0.0 ms]
      [Free CSet: 0.0 ms]
   [Eden: 9216.0K(209.0M)->0.0B(236.0M) Survivors: 31.0M->12.0M Heap: 1058.3M(2048.0M)->1062.3M(2048.0M)]
 [Times: user=0.39 sys=0.00, real=0.06 secs] 
2020-09-29T11:56:42.114+0200: 28.414: [GC concurrent-root-region-scan-start]
2020-09-29T11:56:42.116+0200: 28.417: [GC concurrent-root-region-scan-end, 0.0020494 secs]
2020-09-29T11:56:42.116+0200: 28.417: [GC concurrent-mark-start]
2020-09-29T11:56:42.118+0200: 28.419: [GC concurrent-mark-end, 0.0026555 secs]
2020-09-29T11:56:42.119+0200: 28.420: [GC remark 2020-09-29T11:56:42.119+0200: 28.420: [Finalize Marking, 0.0002217 secs] 2020-09-29T11:56:42.119+0200: 28.420: [GC ref-proc, 0.0003351 secs] 2020-09-29T11:56:42.119+0200: 28.420: [Unloading, 0.0004769 secs], 0.0013424 secs]
 [Times: user=0.00 sys=0.00, real=0.00 secs] 
2020-09-29T11:56:42.120+0200: 28.421: [GC cleanup 1073M->31M(2048M), 0.0012784 secs]
 [Times: user=0.00 sys=0.00, real=0.00 secs] 
2020-09-29T11:56:42.122+0200: 28.423: [GC concurrent-cleanup-start]
2020-09-29T11:56:42.123+0200: 28.424: [GC concurrent-cleanup-end, 0.0013293 secs]
2020-09-29T11:56:42.262+0200: 28.563: [GC pause (G1 Evacuation Pause) (young), 0.1778220 secs]
   [Parallel Time: 176.5 ms, GC Workers: 8]
      [GC Worker Start (ms): Min: 28562.9, Avg: 28563.1, Max: 28563.1, Diff: 0.2]
      [Ext Root Scanning (ms): Min: 0.0, Avg: 0.1, Max: 0.2, Diff: 0.2, Sum: 0.5]
      [Update RS (ms): Min: 21.9, Avg: 22.2, Max: 22.6, Diff: 0.7, Sum: 177.6]
         [Processed Buffers: Min: 16, Avg: 18.1, Max: 20, Diff: 4, Sum: 145]
      [Scan RS (ms): Min: 15.9, Avg: 16.2, Max: 16.6, Diff: 0.7, Sum: 130.0]
      [Code Root Scanning (ms): Min: 0.0, Avg: 0.0, Max: 0.0, Diff: 0.0, Sum: 0.0]
      [Object Copy (ms): Min: 137.3, Avg: 137.4, Max: 137.7, Diff: 0.3, Sum: 1099.3]
      [Termination (ms): Min: 0.0, Avg: 0.3, Max: 0.4, Diff: 0.4, Sum: 2.7]
         [Termination Attempts: Min: 1, Avg: 1923.4, Max: 2336, Diff: 2335, Sum: 15387]
      [GC Worker Other (ms): Min: 0.0, Avg: 0.0, Max: 0.1, Diff: 0.0, Sum: 0.3]
      [GC Worker Total (ms): Min: 176.2, Avg: 176.3, Max: 176.4, Diff: 0.2, Sum: 1410.5]
      [GC Worker End (ms): Min: 28739.4, Avg: 28739.4, Max: 28739.4, Diff: 0.0]
   [Code Root Fixup: 0.0 ms]
   [Code Root Purge: 0.0 ms]
   [Clear CT: 0.3 ms]
   [Other: 1.0 ms]
      [Choose CSet: 0.0 ms]
      [Ref Proc: 0.3 ms]
      [Ref Enq: 0.0 ms]
      [Redirty Cards: 0.3 ms]
      [Humongous Register: 0.0 ms]
      [Humongous Reclaim: 0.0 ms]
      [Free CSet: 0.1 ms]
   [Eden: 236.0M(236.0M)->0.0B(214.0M) Survivors: 12.0M->31.0M Heap: 296.6M(2048.0M)->287.1M(2048.0M)]
 [Times: user=1.33 sys=0.03, real=0.18 secs] 
2020-09-29T11:56:42.574+0200: 28.874: [GC pause (G1 Evacuation Pause) (young), 0.1706508 secs]
   [Parallel Time: 169.3 ms, GC Workers: 8]
      [GC Worker Start (ms): Min: 28874.6, Avg: 28874.7, Max: 28874.8, Diff: 0.2]
      [Ext Root Scanning (ms): Min: 0.0, Avg: 0.1, Max: 0.2, Diff: 0.2, Sum: 0.6]
      [Update RS (ms): Min: 17.0, Avg: 17.1, Max: 17.4, Diff: 0.4, Sum: 137.1]
         [Processed Buffers: Min: 14, Avg: 15.6, Max: 19, Diff: 5, Sum: 125]
      [Scan RS (ms): Min: 19.2, Avg: 19.5, Max: 19.6, Diff: 0.4, Sum: 155.7]
      [Code Root Scanning (ms): Min: 0.0, Avg: 0.0, Max: 0.0, Diff: 0.0, Sum: 0.0]
      [Object Copy (ms): Min: 131.8, Avg: 132.0, Max: 132.3, Diff: 0.4, Sum: 1056.1]
      [Termination (ms): Min: 0.0, Avg: 0.3, Max: 0.4, Diff: 0.4, Sum: 2.2]
         [Termination Attempts: Min: 1, Avg: 1479.1, Max: 2098, Diff: 2097, Sum: 11833]
      [GC Worker Other (ms): Min: 0.0, Avg: 0.0, Max: 0.0, Diff: 0.0, Sum: 0.2]
      [GC Worker Total (ms): Min: 168.9, Avg: 169.0, Max: 169.1, Diff: 0.2, Sum: 1352.0]
      [GC Worker End (ms): Min: 29043.7, Avg: 29043.7, Max: 29043.8, Diff: 0.0]
   [Code Root Fixup: 0.0 ms]
   [Code Root Purge: 0.0 ms]
   [Clear CT: 0.3 ms]
   [Other: 1.1 ms]
      [Choose CSet: 0.0 ms]
      [Ref Proc: 0.3 ms]
      [Ref Enq: 0.0 ms]
      [Redirty Cards: 0.3 ms]
      [Humongous Register: 0.0 ms]
      [Humongous Reclaim: 0.0 ms]
      [Free CSet: 0.2 ms]
   [Eden: 214.0M(214.0M)->0.0B(214.0M) Survivors: 31.0M->31.0M Heap: 537.3M(2048.0M)->539.8M(2048.0M)]
 [Times: user=1.36 sys=0.02, real=0.17 secs] 
2020-09-29T11:56:42.894+0200: 29.195: [GC pause (G1 Evacuation Pause) (young), 0.1819782 secs]
   [Parallel Time: 178.7 ms, GC Workers: 8]
      [GC Worker Start (ms): Min: 29195.3, Avg: 29195.4, Max: 29195.5, Diff: 0.2]
      [Ext Root Scanning (ms): Min: 0.0, Avg: 0.1, Max: 0.2, Diff: 0.2, Sum: 0.7]
      [Update RS (ms): Min: 22.3, Avg: 22.5, Max: 22.9, Diff: 0.6, Sum: 180.2]
         [Processed Buffers: Min: 16, Avg: 18.6, Max: 20, Diff: 4, Sum: 149]
      [Scan RS (ms): Min: 18.8, Avg: 19.3, Max: 19.5, Diff: 0.7, Sum: 154.2]
      [Code Root Scanning (ms): Min: 0.0, Avg: 0.0, Max: 0.0, Diff: 0.0, Sum: 0.0]
      [Object Copy (ms): Min: 136.3, Avg: 136.3, Max: 136.4, Diff: 0.1, Sum: 1090.7]
      [Termination (ms): Min: 0.0, Avg: 0.0, Max: 0.0, Diff: 0.0, Sum: 0.3]
         [Termination Attempts: Min: 1, Avg: 187.4, Max: 229, Diff: 228, Sum: 1499]
      [GC Worker Other (ms): Min: 0.0, Avg: 0.0, Max: 0.1, Diff: 0.0, Sum: 0.2]
      [GC Worker Total (ms): Min: 178.2, Avg: 178.3, Max: 178.4, Diff: 0.2, Sum: 1426.4]
      [GC Worker End (ms): Min: 29373.7, Avg: 29373.7, Max: 29373.7, Diff: 0.0]
   [Code Root Fixup: 0.0 ms]
   [Code Root Purge: 0.0 ms]
   [Clear CT: 0.5 ms]
   [Other: 2.8 ms]
      [Choose CSet: 0.0 ms]
      [Ref Proc: 0.6 ms]
      [Ref Enq: 0.0 ms]
      [Redirty Cards: 1.5 ms]
      [Humongous Register: 0.1 ms]
      [Humongous Reclaim: 0.0 ms]
      [Free CSet: 0.4 ms]
   [Eden: 214.0M(214.0M)->0.0B(207.0M) Survivors: 31.0M->31.0M Heap: 790.0M(2048.0M)->791.5M(2048.0M)]
 [Times: user=1.42 sys=0.02, real=0.18 secs] 
2020-09-29T11:56:43.221+0200: 29.522: [GC pause (G1 Evacuation Pause) (young), 0.1736380 secs]
   [Parallel Time: 172.3 ms, GC Workers: 8]
      [GC Worker Start (ms): Min: 29522.5, Avg: 29522.6, Max: 29522.7, Diff: 0.2]
      [Ext Root Scanning (ms): Min: 0.0, Avg: 0.1, Max: 0.2, Diff: 0.2, Sum: 0.6]
      [Update RS (ms): Min: 16.6, Avg: 16.9, Max: 17.3, Diff: 0.6, Sum: 135.5]
         [Processed Buffers: Min: 12, Avg: 14.5, Max: 18, Diff: 6, Sum: 116]
      [Scan RS (ms): Min: 21.5, Avg: 21.8, Max: 22.0, Diff: 0.5, Sum: 174.5]
      [Code Root Scanning (ms): Min: 0.0, Avg: 0.0, Max: 0.0, Diff: 0.0, Sum: 0.0]
      [Object Copy (ms): Min: 133.0, Avg: 133.2, Max: 133.3, Diff: 0.3, Sum: 1065.6]
      [Termination (ms): Min: 0.0, Avg: 0.0, Max: 0.0, Diff: 0.0, Sum: 0.1]
         [Termination Attempts: Min: 1, Avg: 73.6, Max: 96, Diff: 95, Sum: 589]
      [GC Worker Other (ms): Min: 0.0, Avg: 0.0, Max: 0.1, Diff: 0.0, Sum: 0.3]
      [GC Worker Total (ms): Min: 172.0, Avg: 172.1, Max: 172.2, Diff: 0.2, Sum: 1376.5]
      [GC Worker End (ms): Min: 29694.7, Avg: 29694.7, Max: 29694.7, Diff: 0.0]
   [Code Root Fixup: 0.0 ms]
   [Code Root Purge: 0.0 ms]
   [Clear CT: 0.2 ms]
   [Other: 1.1 ms]
      [Choose CSet: 0.0 ms]
      [Ref Proc: 0.3 ms]
      [Ref Enq: 0.0 ms]
      [Redirty Cards: 0.3 ms]
      [Humongous Register: 0.1 ms]
      [Humongous Reclaim: 0.0 ms]
      [Free CSet: 0.2 ms]
   [Eden: 207.0M(207.0M)->0.0B(206.0M) Survivors: 31.0M->30.0M Heap: 1032.9M(2048.0M)->1034.9M(2048.0M)]
 [Times: user=1.44 sys=0.01, real=0.17 secs] 
2020-09-29T11:56:43.411+0200: 29.712: [GC pause (G1 Humongous Allocation) (young) (initial-mark), 0.0738945 secs]
   [Parallel Time: 72.8 ms, GC Workers: 8]
      [GC Worker Start (ms): Min: 29712.2, Avg: 29712.3, Max: 29712.4, Diff: 0.2]
      [Ext Root Scanning (ms): Min: 0.0, Avg: 1.9, Max: 14.0, Diff: 14.0, Sum: 15.3]
      [Update RS (ms): Min: 15.7, Avg: 27.8, Max: 30.0, Diff: 14.3, Sum: 222.4]
         [Processed Buffers: Min: 16, Avg: 25.5, Max: 28, Diff: 12, Sum: 204]
      [Scan RS (ms): Min: 2.1, Avg: 2.7, Max: 3.0, Diff: 0.9, Sum: 21.4]
      [Code Root Scanning (ms): Min: 0.0, Avg: 0.0, Max: 0.0, Diff: 0.0, Sum: 0.0]
      [Object Copy (ms): Min: 40.0, Avg: 40.1, Max: 40.2, Diff: 0.1, Sum: 320.6]
      [Termination (ms): Min: 0.0, Avg: 0.1, Max: 0.1, Diff: 0.1, Sum: 0.8]
         [Termination Attempts: Min: 1, Avg: 325.8, Max: 453, Diff: 452, Sum: 2606]
      [GC Worker Other (ms): Min: 0.0, Avg: 0.0, Max: 0.0, Diff: 0.0, Sum: 0.1]
      [GC Worker Total (ms): Min: 72.5, Avg: 72.6, Max: 72.7, Diff: 0.2, Sum: 580.7]
      [GC Worker End (ms): Min: 29784.9, Avg: 29784.9, Max: 29784.9, Diff: 0.0]
   [Code Root Fixup: 0.0 ms]
   [Code Root Purge: 0.0 ms]
   [Clear CT: 0.2 ms]
   [Other: 0.9 ms]
      [Choose CSet: 0.0 ms]
      [Ref Proc: 0.2 ms]
      [Ref Enq: 0.0 ms]
      [Redirty Cards: 0.3 ms]
      [Humongous Register: 0.0 ms]
      [Humongous Reclaim: 0.0 ms]
      [Free CSet: 0.1 ms]
   [Eden: 11.0M(206.0M)->0.0B(177.0M) Survivors: 30.0M->12.0M Heap: 1045.4M(2048.0M)->1048.9M(2048.0M)]
 [Times: user=0.44 sys=0.02, real=0.07 secs] 
2020-09-29T11:56:43.485+0200: 29.786: [GC concurrent-root-region-scan-start]
2020-09-29T11:56:43.489+0200: 29.790: [GC concurrent-root-region-scan-end, 0.0041712 secs]
2020-09-29T11:56:43.489+0200: 29.790: [GC concurrent-mark-start]
2020-09-29T11:56:43.493+0200: 29.793: [GC concurrent-mark-end, 0.0032295 secs]
2020-09-29T11:56:43.493+0200: 29.794: [GC remark 2020-09-29T11:56:43.493+0200: 29.794: [Finalize Marking, 0.0003313 secs] 2020-09-29T11:56:43.493+0200: 29.794: [GC ref-proc, 0.0003810 secs] 2020-09-29T11:56:43.494+0200: 29.795: [Unloading, 0.0006806 secs], 0.0018800 secs]
 [Times: user=0.00 sys=0.00, real=0.00 secs] 
2020-09-29T11:56:43.495+0200: 29.796: [GC cleanup 1064M->36M(2048M), 0.0016031 secs]
 [Times: user=0.00 sys=0.00, real=0.00 secs] 
2020-09-29T11:56:43.497+0200: 29.798: [GC concurrent-cleanup-start]
2020-09-29T11:56:43.498+0200: 29.799: [GC concurrent-cleanup-end, 0.0014201 secs]
2020-09-29T11:56:43.607+0200: 29.908: [GC pause (G1 Evacuation Pause) (young), 0.1302311 secs]
   [Parallel Time: 128.5 ms, GC Workers: 8]
      [GC Worker Start (ms): Min: 29908.1, Avg: 29908.2, Max: 29908.3, Diff: 0.2]
      [Ext Root Scanning (ms): Min: 0.0, Avg: 0.1, Max: 0.2, Diff: 0.2, Sum: 0.6]
      [Update RS (ms): Min: 16.6, Avg: 16.8, Max: 17.4, Diff: 0.8, Sum: 134.5]
         [Processed Buffers: Min: 13, Avg: 14.0, Max: 16, Diff: 3, Sum: 112]
      [Scan RS (ms): Min: 12.5, Avg: 13.2, Max: 13.5, Diff: 1.0, Sum: 105.4]
      [Code Root Scanning (ms): Min: 0.0, Avg: 0.0, Max: 0.0, Diff: 0.0, Sum: 0.0]
      [Object Copy (ms): Min: 97.9, Avg: 98.1, Max: 98.2, Diff: 0.3, Sum: 784.7]
      [Termination (ms): Min: 0.0, Avg: 0.0, Max: 0.1, Diff: 0.1, Sum: 0.3]
         [Termination Attempts: Min: 1, Avg: 193.4, Max: 279, Diff: 278, Sum: 1547]
      [GC Worker Other (ms): Min: 0.0, Avg: 0.0, Max: 0.1, Diff: 0.1, Sum: 0.3]
      [GC Worker Total (ms): Min: 128.1, Avg: 128.2, Max: 128.4, Diff: 0.3, Sum: 1025.8]
      [GC Worker End (ms): Min: 30036.4, Avg: 30036.4, Max: 30036.5, Diff: 0.1]
   [Code Root Fixup: 0.0 ms]
   [Code Root Purge: 0.0 ms]
   [Clear CT: 0.5 ms]
   [Other: 1.2 ms]
      [Choose CSet: 0.0 ms]
      [Ref Proc: 0.3 ms]
      [Ref Enq: 0.0 ms]
      [Redirty Cards: 0.5 ms]
      [Humongous Register: 0.0 ms]
      [Humongous Reclaim: 0.0 ms]
      [Free CSet: 0.1 ms]
   [Eden: 177.0M(177.0M)->0.0B(184.0M) Survivors: 12.0M->24.0M Heap: 228.5M(2048.0M)->218.5M(2048.0M)]
 [Times: user=0.95 sys=0.01, real=0.13 secs] 
2020-09-29T11:56:43.859+0200: 30.160: [GC pause (G1 Evacuation Pause) (young), 0.1526141 secs]
   [Parallel Time: 151.3 ms, GC Workers: 8]
      [GC Worker Start (ms): Min: 30160.5, Avg: 30160.6, Max: 30160.7, Diff: 0.2]
      [Ext Root Scanning (ms): Min: 0.0, Avg: 0.1, Max: 0.2, Diff: 0.2, Sum: 0.6]
      [Update RS (ms): Min: 17.2, Avg: 17.4, Max: 17.9, Diff: 0.7, Sum: 138.9]
         [Processed Buffers: Min: 15, Avg: 15.5, Max: 17, Diff: 2, Sum: 124]
      [Scan RS (ms): Min: 11.9, Avg: 12.4, Max: 12.8, Diff: 0.9, Sum: 99.5]
      [Code Root Scanning (ms): Min: 0.0, Avg: 0.0, Max: 0.0, Diff: 0.0, Sum: 0.0]
      [Object Copy (ms): Min: 120.8, Avg: 121.0, Max: 121.1, Diff: 0.3, Sum: 968.3]
      [Termination (ms): Min: 0.0, Avg: 0.1, Max: 0.1, Diff: 0.1, Sum: 0.7]
         [Termination Attempts: Min: 1, Avg: 427.9, Max: 546, Diff: 545, Sum: 3423]
      [GC Worker Other (ms): Min: 0.0, Avg: 0.0, Max: 0.1, Diff: 0.1, Sum: 0.3]
      [GC Worker Total (ms): Min: 150.9, Avg: 151.0, Max: 151.2, Diff: 0.3, Sum: 1208.4]
      [GC Worker End (ms): Min: 30311.7, Avg: 30311.7, Max: 30311.7, Diff: 0.1]
   [Code Root Fixup: 0.0 ms]
   [Code Root Purge: 0.0 ms]
   [Clear CT: 0.3 ms]
   [Other: 1.0 ms]
      [Choose CSet: 0.0 ms]
      [Ref Proc: 0.3 ms]
      [Ref Enq: 0.0 ms]
      [Redirty Cards: 0.3 ms]
      [Humongous Register: 0.0 ms]
      [Humongous Reclaim: 0.0 ms]
      [Free CSet: 0.1 ms]
   [Eden: 184.0M(184.0M)->0.0B(192.0M) Survivors: 24.0M->26.0M Heap: 433.0M(2048.0M)->435.5M(2048.0M)]
 [Times: user=1.16 sys=0.03, real=0.15 secs] 
2020-09-29T11:56:44.141+0200: 30.441: [GC pause (G1 Evacuation Pause) (young), 0.1671033 secs]
   [Parallel Time: 165.8 ms, GC Workers: 8]
      [GC Worker Start (ms): Min: 30441.4, Avg: 30441.5, Max: 30441.6, Diff: 0.2]
      [Ext Root Scanning (ms): Min: 0.0, Avg: 0.1, Max: 0.2, Diff: 0.2, Sum: 0.6]
      [Update RS (ms): Min: 21.2, Avg: 21.4, Max: 21.9, Diff: 0.7, Sum: 171.3]
         [Processed Buffers: Min: 16, Avg: 17.5, Max: 21, Diff: 5, Sum: 140]
      [Scan RS (ms): Min: 15.5, Avg: 16.0, Max: 16.4, Diff: 0.9, Sum: 127.8]
      [Code Root Scanning (ms): Min: 0.0, Avg: 0.0, Max: 0.0, Diff: 0.0, Sum: 0.0]
      [Object Copy (ms): Min: 127.7, Avg: 127.9, Max: 128.0, Diff: 0.3, Sum: 1023.0]
      [Termination (ms): Min: 0.0, Avg: 0.1, Max: 0.2, Diff: 0.2, Sum: 1.0]
         [Termination Attempts: Min: 1, Avg: 545.3, Max: 683, Diff: 682, Sum: 4362]
      [GC Worker Other (ms): Min: 0.0, Avg: 0.0, Max: 0.1, Diff: 0.0, Sum: 0.3]
      [GC Worker Total (ms): Min: 165.4, Avg: 165.5, Max: 165.6, Diff: 0.2, Sum: 1324.0]
      [GC Worker End (ms): Min: 30607.0, Avg: 30607.0, Max: 30607.1, Diff: 0.0]
   [Code Root Fixup: 0.0 ms]
   [Code Root Purge: 0.0 ms]
   [Clear CT: 0.2 ms]
   [Other: 1.1 ms]
      [Choose CSet: 0.0 ms]
      [Ref Proc: 0.2 ms]
      [Ref Enq: 0.0 ms]
      [Redirty Cards: 0.4 ms]
      [Humongous Register: 0.0 ms]
      [Humongous Reclaim: 0.0 ms]
      [Free CSet: 0.2 ms]
   [Eden: 192.0M(192.0M)->0.0B(193.0M) Survivors: 26.0M->28.0M Heap: 660.0M(2048.0M)->661.5M(2048.0M)]
 [Times: user=1.36 sys=0.00, real=0.17 secs] 
2020-09-29T11:56:44.444+0200: 30.744: [GC pause (G1 Evacuation Pause) (young), 0.1610830 secs]
   [Parallel Time: 159.8 ms, GC Workers: 8]
      [GC Worker Start (ms): Min: 30744.1, Avg: 30744.2, Max: 30744.3, Diff: 0.2]
      [Ext Root Scanning (ms): Min: 0.0, Avg: 0.1, Max: 0.2, Diff: 0.2, Sum: 0.7]
      [Update RS (ms): Min: 19.6, Avg: 19.8, Max: 20.4, Diff: 0.8, Sum: 158.5]
         [Processed Buffers: Min: 12, Avg: 17.8, Max: 21, Diff: 9, Sum: 142]
      [Scan RS (ms): Min: 11.1, Avg: 11.7, Max: 11.9, Diff: 0.9, Sum: 93.8]
      [Code Root Scanning (ms): Min: 0.0, Avg: 0.0, Max: 0.0, Diff: 0.0, Sum: 0.0]
      [Object Copy (ms): Min: 127.8, Avg: 127.9, Max: 128.0, Diff: 0.2, Sum: 1023.2]
      [Termination (ms): Min: 0.0, Avg: 0.1, Max: 0.1, Diff: 0.1, Sum: 0.6]
         [Termination Attempts: Min: 1, Avg: 357.6, Max: 462, Diff: 461, Sum: 2861]
      [GC Worker Other (ms): Min: 0.0, Avg: 0.0, Max: 0.1, Diff: 0.1, Sum: 0.3]
      [GC Worker Total (ms): Min: 159.5, Avg: 159.6, Max: 159.8, Diff: 0.2, Sum: 1277.1]
      [GC Worker End (ms): Min: 30903.8, Avg: 30903.9, Max: 30903.9, Diff: 0.1]
   [Code Root Fixup: 0.0 ms]
   [Code Root Purge: 0.0 ms]
   [Clear CT: 0.2 ms]
   [Other: 1.0 ms]
      [Choose CSet: 0.0 ms]
      [Ref Proc: 0.2 ms]
      [Ref Enq: 0.0 ms]
      [Redirty Cards: 0.3 ms]
      [Humongous Register: 0.0 ms]
      [Humongous Reclaim: 0.0 ms]
      [Free CSet: 0.2 ms]
   [Eden: 193.0M(193.0M)->0.0B(203.0M) Survivors: 28.0M->28.0M Heap: 886.9M(2048.0M)->889.4M(2048.0M)]
 [Times: user=1.20 sys=0.03, real=0.16 secs] 
2020-09-29T11:56:44.740+0200: 31.041: [GC pause (G1 Evacuation Pause) (young), 0.1751352 secs]
   [Parallel Time: 173.9 ms, GC Workers: 8]
      [GC Worker Start (ms): Min: 31040.9, Avg: 31041.0, Max: 31041.1, Diff: 0.2]
      [Ext Root Scanning (ms): Min: 0.0, Avg: 0.1, Max: 0.2, Diff: 0.2, Sum: 0.7]
      [Update RS (ms): Min: 19.6, Avg: 20.2, Max: 21.0, Diff: 1.3, Sum: 161.7]
         [Processed Buffers: Min: 15, Avg: 15.5, Max: 18, Diff: 3, Sum: 124]
      [Scan RS (ms): Min: 18.2, Avg: 18.6, Max: 19.1, Diff: 0.9, Sum: 149.1]
      [Code Root Scanning (ms): Min: 0.0, Avg: 0.0, Max: 0.0, Diff: 0.0, Sum: 0.0]
      [Object Copy (ms): Min: 133.8, Avg: 134.6, Max: 134.9, Diff: 1.0, Sum: 1076.7]
      [Termination (ms): Min: 0.0, Avg: 0.1, Max: 0.2, Diff: 0.2, Sum: 1.1]
         [Termination Attempts: Min: 1, Avg: 693.8, Max: 840, Diff: 839, Sum: 5550]
      [GC Worker Other (ms): Min: 0.0, Avg: 0.1, Max: 0.1, Diff: 0.1, Sum: 0.4]
      [GC Worker Total (ms): Min: 173.6, Avg: 173.7, Max: 173.8, Diff: 0.2, Sum: 1389.6]
      [GC Worker End (ms): Min: 31214.7, Avg: 31214.7, Max: 31214.8, Diff: 0.1]
   [Code Root Fixup: 0.0 ms]
   [Code Root Purge: 0.0 ms]
   [Clear CT: 0.3 ms]
   [Other: 0.9 ms]
      [Choose CSet: 0.0 ms]
      [Ref Proc: 0.2 ms]
      [Ref Enq: 0.0 ms]
      [Redirty Cards: 0.3 ms]
      [Humongous Register: 0.1 ms]
      [Humongous Reclaim: 0.0 ms]
      [Free CSet: 0.1 ms]
   [Eden: 203.0M(203.0M)->0.0B(203.0M) Survivors: 28.0M->29.0M Heap: 1124.8M(2048.0M)->1126.8M(2048.0M)]
 [Times: user=1.25 sys=0.05, real=0.18 secs] 
2020-09-29T11:56:44.922+0200: 31.222: [GC pause (G1 Humongous Allocation) (young) (initial-mark), 0.0550042 secs]
   [Parallel Time: 53.8 ms, GC Workers: 8]
      [GC Worker Start (ms): Min: 31222.3, Avg: 31222.4, Max: 31222.5, Diff: 0.2]
      [Ext Root Scanning (ms): Min: 0.0, Avg: 0.1, Max: 0.2, Diff: 0.2, Sum: 0.7]
      [Update RS (ms): Min: 32.7, Avg: 32.9, Max: 33.4, Diff: 0.7, Sum: 263.5]
         [Processed Buffers: Min: 30, Avg: 31.6, Max: 34, Diff: 4, Sum: 253]
      [Scan RS (ms): Min: 1.9, Avg: 2.3, Max: 2.6, Diff: 0.7, Sum: 18.5]
      [Code Root Scanning (ms): Min: 0.0, Avg: 0.0, Max: 0.0, Diff: 0.0, Sum: 0.0]
      [Object Copy (ms): Min: 18.1, Avg: 18.1, Max: 18.2, Diff: 0.1, Sum: 145.0]
      [Termination (ms): Min: 0.0, Avg: 0.0, Max: 0.0, Diff: 0.0, Sum: 0.2]
         [Termination Attempts: Min: 1, Avg: 98.4, Max: 135, Diff: 134, Sum: 787]
      [GC Worker Other (ms): Min: 0.0, Avg: 0.0, Max: 0.0, Diff: 0.0, Sum: 0.1]
      [GC Worker Total (ms): Min: 53.4, Avg: 53.5, Max: 53.6, Diff: 0.2, Sum: 428.0]
      [GC Worker End (ms): Min: 31275.9, Avg: 31275.9, Max: 31275.9, Diff: 0.0]
   [Code Root Fixup: 0.0 ms]
   [Code Root Purge: 0.0 ms]
   [Clear CT: 0.3 ms]
   [Other: 0.9 ms]
      [Choose CSet: 0.0 ms]
      [Ref Proc: 0.3 ms]
      [Ref Enq: 0.0 ms]
      [Redirty Cards: 0.3 ms]
      [Humongous Register: 0.0 ms]
      [Humongous Reclaim: 0.0 ms]
      [Free CSet: 0.0 ms]
   [Eden: 1024.0K(203.0M)->0.0B(237.0M) Survivors: 29.0M->3072.0K Heap: 1127.8M(2048.0M)->1131.8M(2048.0M)]
 [Times: user=0.50 sys=0.00, real=0.06 secs] 
2020-09-29T11:56:44.977+0200: 31.277: [GC concurrent-root-region-scan-start]
2020-09-29T11:56:44.977+0200: 31.278: [GC concurrent-root-region-scan-end, 0.0004710 secs]
2020-09-29T11:56:44.977+0200: 31.278: [GC concurrent-mark-start]
2020-09-29T11:56:44.980+0200: 31.281: [GC concurrent-mark-end, 0.0029174 secs]
2020-09-29T11:56:44.981+0200: 31.281: [GC remark 2020-09-29T11:56:44.981+0200: 31.281: [Finalize Marking, 0.0003448 secs] 2020-09-29T11:56:44.981+0200: 31.281: [GC ref-proc, 0.0003618 secs] 2020-09-29T11:56:44.981+0200: 31.282: [Unloading, 0.0005600 secs], 0.0016070 secs]
 [Times: user=0.00 sys=0.00, real=0.00 secs] 
2020-09-29T11:56:44.983+0200: 31.283: [GC cleanup 1137M->17M(2048M), 0.0014712 secs]
 [Times: user=0.00 sys=0.00, real=0.00 secs] 
2020-09-29T11:56:44.984+0200: 31.285: [GC concurrent-cleanup-start]
2020-09-29T11:56:44.986+0200: 31.286: [GC concurrent-cleanup-end, 0.0017267 secs]
2020-09-29T11:56:45.138+0200: 31.439: [GC pause (G1 Evacuation Pause) (young), 0.1658397 secs]
   [Parallel Time: 164.5 ms, GC Workers: 8]
      [GC Worker Start (ms): Min: 31438.9, Avg: 31439.0, Max: 31439.1, Diff: 0.2]
      [Ext Root Scanning (ms): Min: 0.0, Avg: 0.1, Max: 0.2, Diff: 0.1, Sum: 0.7]
      [Update RS (ms): Min: 19.4, Avg: 19.8, Max: 20.6, Diff: 1.2, Sum: 158.5]
         [Processed Buffers: Min: 14, Avg: 15.5, Max: 17, Diff: 3, Sum: 124]
      [Scan RS (ms): Min: 18.5, Avg: 19.3, Max: 19.8, Diff: 1.3, Sum: 154.5]
      [Code Root Scanning (ms): Min: 0.0, Avg: 0.0, Max: 0.0, Diff: 0.0, Sum: 0.0]
      [Object Copy (ms): Min: 124.9, Avg: 124.9, Max: 125.0, Diff: 0.1, Sum: 999.6]
      [Termination (ms): Min: 0.0, Avg: 0.0, Max: 0.0, Diff: 0.0, Sum: 0.0]
         [Termination Attempts: Min: 1, Avg: 11.8, Max: 16, Diff: 15, Sum: 94]
      [GC Worker Other (ms): Min: 0.0, Avg: 0.0, Max: 0.1, Diff: 0.1, Sum: 0.4]
      [GC Worker Total (ms): Min: 164.1, Avg: 164.2, Max: 164.3, Diff: 0.2, Sum: 1313.8]
      [GC Worker End (ms): Min: 31603.2, Avg: 31603.3, Max: 31603.3, Diff: 0.1]
   [Code Root Fixup: 0.0 ms]
   [Code Root Purge: 0.0 ms]
   [Clear CT: 0.3 ms]
   [Other: 1.1 ms]
      [Choose CSet: 0.0 ms]
      [Ref Proc: 0.3 ms]
      [Ref Enq: 0.0 ms]
      [Redirty Cards: 0.3 ms]
      [Humongous Register: 0.0 ms]
      [Humongous Reclaim: 0.0 ms]
      [Free CSet: 0.2 ms]
   [Eden: 237.0M(237.0M)->0.0B(213.0M) Survivors: 3072.0K->30.0M Heap: 289.1M(2048.0M)->288.1M(2048.0M)]
 [Times: user=1.30 sys=0.08, real=0.17 secs] 
2020-09-29T11:56:45.456+0200: 31.757: [GC pause (G1 Evacuation Pause) (young), 0.1792962 secs]
   [Parallel Time: 178.0 ms, GC Workers: 8]
      [GC Worker Start (ms): Min: 31756.7, Avg: 31756.9, Max: 31756.9, Diff: 0.2]
      [Ext Root Scanning (ms): Min: 0.0, Avg: 0.1, Max: 0.2, Diff: 0.2, Sum: 0.7]
      [Update RS (ms): Min: 18.8, Avg: 18.9, Max: 19.3, Diff: 0.6, Sum: 151.2]
         [Processed Buffers: Min: 12, Avg: 16.6, Max: 19, Diff: 7, Sum: 133]
      [Scan RS (ms): Min: 13.8, Avg: 13.9, Max: 14.1, Diff: 0.4, Sum: 111.2]
      [Code Root Scanning (ms): Min: 0.0, Avg: 0.0, Max: 0.0, Diff: 0.0, Sum: 0.0]
      [Object Copy (ms): Min: 144.4, Avg: 144.7, Max: 144.9, Diff: 0.4, Sum: 1157.9]
      [Termination (ms): Min: 0.0, Avg: 0.0, Max: 0.0, Diff: 0.0, Sum: 0.3]
         [Termination Attempts: Min: 1, Avg: 159.6, Max: 216, Diff: 215, Sum: 1277]
      [GC Worker Other (ms): Min: 0.0, Avg: 0.0, Max: 0.1, Diff: 0.0, Sum: 0.4]
      [GC Worker Total (ms): Min: 177.6, Avg: 177.7, Max: 177.8, Diff: 0.2, Sum: 1421.7]
      [GC Worker End (ms): Min: 31934.5, Avg: 31934.6, Max: 31934.6, Diff: 0.0]
   [Code Root Fixup: 0.0 ms]
   [Code Root Purge: 0.0 ms]
   [Clear CT: 0.3 ms]
   [Other: 1.0 ms]
      [Choose CSet: 0.0 ms]
      [Ref Proc: 0.3 ms]
      [Ref Enq: 0.0 ms]
      [Redirty Cards: 0.2 ms]
      [Humongous Register: 0.1 ms]
      [Humongous Reclaim: 0.0 ms]
      [Free CSet: 0.2 ms]
   [Eden: 213.0M(213.0M)->0.0B(208.0M) Survivors: 30.0M->31.0M Heap: 537.3M(2048.0M)->538.8M(2048.0M)]
 [Times: user=1.44 sys=0.00, real=0.18 secs] 
2020-09-29T11:56:45.778+0200: 32.080: [GC pause (G1 Evacuation Pause) (young), 0.1851606 secs]
   [Parallel Time: 183.6 ms, GC Workers: 8]
      [GC Worker Start (ms): Min: 32079.7, Avg: 32079.9, Max: 32080.0, Diff: 0.2]
      [Ext Root Scanning (ms): Min: 0.0, Avg: 0.1, Max: 0.2, Diff: 0.2, Sum: 0.6]
      [Update RS (ms): Min: 18.8, Avg: 19.1, Max: 19.6, Diff: 0.8, Sum: 152.6]
         [Processed Buffers: Min: 15, Avg: 15.8, Max: 18, Diff: 3, Sum: 126]
      [Scan RS (ms): Min: 19.6, Avg: 20.0, Max: 20.4, Diff: 0.8, Sum: 159.9]
      [Code Root Scanning (ms): Min: 0.0, Avg: 0.0, Max: 0.0, Diff: 0.0, Sum: 0.0]
      [Object Copy (ms): Min: 144.0, Avg: 144.2, Max: 144.3, Diff: 0.3, Sum: 1153.5]
      [Termination (ms): Min: 0.0, Avg: 0.0, Max: 0.0, Diff: 0.0, Sum: 0.1]
         [Termination Attempts: Min: 1, Avg: 79.5, Max: 111, Diff: 110, Sum: 636]
      [GC Worker Other (ms): Min: 0.0, Avg: 0.0, Max: 0.1, Diff: 0.1, Sum: 0.3]
      [GC Worker Total (ms): Min: 183.3, Avg: 183.4, Max: 183.5, Diff: 0.2, Sum: 1467.1]
      [GC Worker End (ms): Min: 32263.2, Avg: 32263.3, Max: 32263.3, Diff: 0.1]
   [Code Root Fixup: 0.0 ms]
   [Code Root Purge: 0.0 ms]
   [Clear CT: 0.4 ms]
   [Other: 1.1 ms]
      [Choose CSet: 0.0 ms]
      [Ref Proc: 0.4 ms]
      [Ref Enq: 0.0 ms]
      [Redirty Cards: 0.4 ms]
      [Humongous Register: 0.0 ms]
      [Humongous Reclaim: 0.0 ms]
      [Free CSet: 0.2 ms]
   [Eden: 208.0M(208.0M)->0.0B(201.0M) Survivors: 31.0M->30.0M Heap: 781.1M(2048.0M)->783.1M(2048.0M)]
 [Times: user=1.33 sys=0.06, real=0.19 secs] 
2020-09-29T11:56:46.099+0200: 32.400: [GC pause (G1 Evacuation Pause) (young), 0.1674383 secs]
   [Parallel Time: 166.2 ms, GC Workers: 8]
      [GC Worker Start (ms): Min: 32400.3, Avg: 32400.4, Max: 32400.5, Diff: 0.2]
      [Ext Root Scanning (ms): Min: 0.0, Avg: 0.1, Max: 0.2, Diff: 0.2, Sum: 0.7]
      [Update RS (ms): Min: 22.7, Avg: 23.0, Max: 23.7, Diff: 1.0, Sum: 183.8]
         [Processed Buffers: Min: 16, Avg: 19.0, Max: 22, Diff: 6, Sum: 152]
      [Scan RS (ms): Min: 16.4, Avg: 17.0, Max: 17.3, Diff: 0.9, Sum: 136.1]
      [Code Root Scanning (ms): Min: 0.0, Avg: 0.0, Max: 0.0, Diff: 0.0, Sum: 0.0]
      [Object Copy (ms): Min: 125.7, Avg: 125.8, Max: 125.9, Diff: 0.2, Sum: 1006.6]
      [Termination (ms): Min: 0.0, Avg: 0.1, Max: 0.1, Diff: 0.1, Sum: 0.9]
         [Termination Attempts: Min: 1, Avg: 530.6, Max: 657, Diff: 656, Sum: 4245]
      [GC Worker Other (ms): Min: 0.0, Avg: 0.0, Max: 0.1, Diff: 0.0, Sum: 0.2]
      [GC Worker Total (ms): Min: 165.9, Avg: 166.0, Max: 166.1, Diff: 0.2, Sum: 1328.3]
      [GC Worker End (ms): Min: 32566.4, Avg: 32566.4, Max: 32566.5, Diff: 0.0]
   [Code Root Fixup: 0.0 ms]
   [Code Root Purge: 0.0 ms]
   [Clear CT: 0.2 ms]
   [Other: 1.0 ms]
      [Choose CSet: 0.0 ms]
      [Ref Proc: 0.2 ms]
      [Ref Enq: 0.0 ms]
      [Redirty Cards: 0.3 ms]
      [Humongous Register: 0.0 ms]
      [Humongous Reclaim: 0.0 ms]
      [Free CSet: 0.2 ms]
   [Eden: 201.0M(201.0M)->0.0B(205.0M) Survivors: 30.0M->29.0M Heap: 1018.5M(2048.0M)->1020.0M(2048.0M)]
 [Times: user=1.20 sys=0.03, real=0.17 secs] 
2020-09-29T11:56:46.279+0200: 32.581: [GC pause (G1 Humongous Allocation) (young) (initial-mark), 0.0687759 secs]
   [Parallel Time: 67.8 ms, GC Workers: 8]
      [GC Worker Start (ms): Min: 32580.7, Avg: 32580.8, Max: 32580.9, Diff: 0.2]
      [Ext Root Scanning (ms): Min: 0.0, Avg: 0.2, Max: 0.7, Diff: 0.7, Sum: 1.7]
      [Update RS (ms): Min: 31.4, Avg: 31.8, Max: 32.0, Diff: 0.6, Sum: 254.1]
         [Processed Buffers: Min: 13, Avg: 27.6, Max: 31, Diff: 18, Sum: 221]
      [Scan RS (ms): Min: 2.4, Avg: 2.5, Max: 2.7, Diff: 0.3, Sum: 20.2]
      [Code Root Scanning (ms): Min: 0.0, Avg: 0.0, Max: 0.0, Diff: 0.0, Sum: 0.0]
      [Object Copy (ms): Min: 33.0, Avg: 33.1, Max: 33.1, Diff: 0.1, Sum: 264.5]
      [Termination (ms): Min: 0.0, Avg: 0.0, Max: 0.0, Diff: 0.0, Sum: 0.0]
         [Termination Attempts: Min: 1, Avg: 26.3, Max: 36, Diff: 35, Sum: 210]
      [GC Worker Other (ms): Min: 0.0, Avg: 0.0, Max: 0.0, Diff: 0.0, Sum: 0.2]
      [GC Worker Total (ms): Min: 67.5, Avg: 67.6, Max: 67.7, Diff: 0.2, Sum: 540.7]
      [GC Worker End (ms): Min: 32648.4, Avg: 32648.4, Max: 32648.4, Diff: 0.0]
   [Code Root Fixup: 0.0 ms]
   [Code Root Purge: 0.0 ms]
   [Clear CT: 0.2 ms]
   [Other: 0.8 ms]
      [Choose CSet: 0.0 ms]
      [Ref Proc: 0.3 ms]
      [Ref Enq: 0.0 ms]
      [Redirty Cards: 0.2 ms]
      [Humongous Register: 0.0 ms]
      [Humongous Reclaim: 0.0 ms]
      [Free CSet: 0.1 ms]
   [Eden: 11.0M(205.0M)->0.0B(199.0M) Survivors: 29.0M->12.0M Heap: 1031.0M(2048.0M)->1034.0M(2048.0M)]
 [Times: user=0.53 sys=0.03, real=0.07 secs] 
2020-09-29T11:56:46.348+0200: 32.650: [GC concurrent-root-region-scan-start]
2020-09-29T11:56:46.351+0200: 32.652: [GC concurrent-root-region-scan-end, 0.0028945 secs]
2020-09-29T11:56:46.351+0200: 32.652: [GC concurrent-mark-start]
2020-09-29T11:56:46.354+0200: 32.655: [GC concurrent-mark-end, 0.0027924 secs]
2020-09-29T11:56:46.354+0200: 32.655: [GC remark 2020-09-29T11:56:46.354+0200: 32.655: [Finalize Marking, 0.0001559 secs] 2020-09-29T11:56:46.354+0200: 32.656: [GC ref-proc, 0.0003702 secs] 2020-09-29T11:56:46.355+0200: 32.656: [Unloading, 0.0005349 secs], 0.0013778 secs]
 [Times: user=0.00 sys=0.00, real=0.00 secs] 
2020-09-29T11:56:46.356+0200: 32.657: [GC cleanup 1044M->31M(2048M), 0.0013117 secs]
 [Times: user=0.00 sys=0.00, real=0.00 secs] 
2020-09-29T11:56:46.357+0200: 32.659: [GC concurrent-cleanup-start]
2020-09-29T11:56:46.359+0200: 32.660: [GC concurrent-cleanup-end, 0.0014009 secs]
2020-09-29T11:56:46.483+0200: 32.784: [GC pause (G1 Evacuation Pause) (young), 0.1487756 secs]
   [Parallel Time: 147.4 ms, GC Workers: 8]
      [GC Worker Start (ms): Min: 32784.6, Avg: 32784.7, Max: 32784.8, Diff: 0.2]
      [Ext Root Scanning (ms): Min: 0.0, Avg: 0.1, Max: 0.2, Diff: 0.2, Sum: 0.7]
      [Update RS (ms): Min: 16.9, Avg: 17.2, Max: 17.6, Diff: 0.7, Sum: 137.4]
         [Processed Buffers: Min: 12, Avg: 14.1, Max: 17, Diff: 5, Sum: 113]
      [Scan RS (ms): Min: 15.9, Avg: 16.2, Max: 16.5, Diff: 0.6, Sum: 129.6]
      [Code Root Scanning (ms): Min: 0.0, Avg: 0.0, Max: 0.0, Diff: 0.0, Sum: 0.0]
      [Object Copy (ms): Min: 113.5, Avg: 113.6, Max: 113.7, Diff: 0.1, Sum: 909.0]
      [Termination (ms): Min: 0.0, Avg: 0.0, Max: 0.0, Diff: 0.0, Sum: 0.2]
         [Termination Attempts: Min: 1, Avg: 108.3, Max: 139, Diff: 138, Sum: 866]
      [GC Worker Other (ms): Min: 0.0, Avg: 0.0, Max: 0.1, Diff: 0.1, Sum: 0.3]
      [GC Worker Total (ms): Min: 147.0, Avg: 147.1, Max: 147.2, Diff: 0.2, Sum: 1177.1]
      [GC Worker End (ms): Min: 32931.8, Avg: 32931.8, Max: 32931.9, Diff: 0.1]
   [Code Root Fixup: 0.0 ms]
   [Code Root Purge: 0.0 ms]
   [Clear CT: 0.3 ms]
   [Other: 1.1 ms]
      [Choose CSet: 0.0 ms]
      [Ref Proc: 0.3 ms]
      [Ref Enq: 0.0 ms]
      [Redirty Cards: 0.4 ms]
      [Humongous Register: 0.0 ms]
      [Humongous Reclaim: 0.0 ms]
      [Free CSet: 0.1 ms]
   [Eden: 199.0M(199.0M)->0.0B(195.0M) Survivors: 12.0M->27.0M Heap: 254.3M(2048.0M)->244.3M(2048.0M)]
 [Times: user=1.24 sys=0.02, real=0.15 secs] 
2020-09-29T11:56:46.763+0200: 33.063: [GC pause (G1 Evacuation Pause) (young), 0.1600906 secs]
   [Parallel Time: 158.6 ms, GC Workers: 8]
      [GC Worker Start (ms): Min: 33063.2, Avg: 33063.3, Max: 33063.4, Diff: 0.2]
      [Ext Root Scanning (ms): Min: 0.0, Avg: 0.1, Max: 0.2, Diff: 0.2, Sum: 0.6]
      [Update RS (ms): Min: 18.3, Avg: 18.7, Max: 19.2, Diff: 1.0, Sum: 149.5]
         [Processed Buffers: Min: 14, Avg: 15.4, Max: 18, Diff: 4, Sum: 123]
      [Scan RS (ms): Min: 17.5, Avg: 18.0, Max: 18.4, Diff: 1.0, Sum: 144.3]
      [Code Root Scanning (ms): Min: 0.0, Avg: 0.0, Max: 0.0, Diff: 0.0, Sum: 0.0]
      [Object Copy (ms): Min: 121.3, Avg: 121.4, Max: 121.5, Diff: 0.2, Sum: 971.5]
      [Termination (ms): Min: 0.0, Avg: 0.1, Max: 0.1, Diff: 0.1, Sum: 0.4]
         [Termination Attempts: Min: 1, Avg: 235.8, Max: 284, Diff: 283, Sum: 1886]
      [GC Worker Other (ms): Min: 0.0, Avg: 0.0, Max: 0.1, Diff: 0.1, Sum: 0.3]
      [GC Worker Total (ms): Min: 158.2, Avg: 158.3, Max: 158.5, Diff: 0.3, Sum: 1266.6]
      [GC Worker End (ms): Min: 33221.6, Avg: 33221.7, Max: 33221.7, Diff: 0.1]
   [Code Root Fixup: 0.0 ms]
   [Code Root Purge: 0.0 ms]
   [Clear CT: 0.2 ms]
   [Other: 1.3 ms]
      [Choose CSet: 0.0 ms]
      [Ref Proc: 0.4 ms]
      [Ref Enq: 0.0 ms]
      [Redirty Cards: 0.3 ms]
      [Humongous Register: 0.0 ms]
      [Humongous Reclaim: 0.0 ms]
      [Free CSet: 0.2 ms]
   [Eden: 195.0M(195.0M)->0.0B(198.0M) Survivors: 27.0M->28.0M Heap: 471.8M(2048.0M)->473.8M(2048.0M)]
 [Times: user=1.19 sys=0.05, real=0.16 secs] 
2020-09-29T11:56:47.057+0200: 33.357: [GC pause (G1 Evacuation Pause) (young), 0.1523897 secs]
   [Parallel Time: 151.2 ms, GC Workers: 8]
      [GC Worker Start (ms): Min: 33357.2, Avg: 33357.3, Max: 33357.4, Diff: 0.2]
      [Ext Root Scanning (ms): Min: 0.0, Avg: 0.1, Max: 0.2, Diff: 0.2, Sum: 0.7]
      [Update RS (ms): Min: 18.4, Avg: 18.7, Max: 19.1, Diff: 0.7, Sum: 149.5]
         [Processed Buffers: Min: 14, Avg: 16.1, Max: 18, Diff: 4, Sum: 129]
      [Scan RS (ms): Min: 11.9, Avg: 12.4, Max: 12.7, Diff: 0.8, Sum: 98.9]
      [Code Root Scanning (ms): Min: 0.0, Avg: 0.0, Max: 0.0, Diff: 0.0, Sum: 0.0]
      [Object Copy (ms): Min: 119.7, Avg: 119.8, Max: 119.8, Diff: 0.1, Sum: 958.3]
      [Termination (ms): Min: 0.0, Avg: 0.0, Max: 0.0, Diff: 0.0, Sum: 0.2]
         [Termination Attempts: Min: 1, Avg: 126.1, Max: 170, Diff: 169, Sum: 1009]
      [GC Worker Other (ms): Min: 0.0, Avg: 0.0, Max: 0.1, Diff: 0.1, Sum: 0.3]
      [GC Worker Total (ms): Min: 150.9, Avg: 151.0, Max: 151.1, Diff: 0.2, Sum: 1207.9]
      [GC Worker End (ms): Min: 33508.3, Avg: 33508.3, Max: 33508.3, Diff: 0.1]
   [Code Root Fixup: 0.0 ms]
   [Code Root Purge: 0.0 ms]
   [Clear CT: 0.3 ms]
   [Other: 0.9 ms]
      [Choose CSet: 0.0 ms]
      [Ref Proc: 0.3 ms]
      [Ref Enq: 0.0 ms]
      [Redirty Cards: 0.3 ms]
      [Humongous Register: 0.0 ms]
      [Humongous Reclaim: 0.0 ms]
      [Free CSet: 0.1 ms]
   [Eden: 198.0M(198.0M)->0.0B(210.0M) Survivors: 28.0M->29.0M Heap: 704.2M(2048.0M)->705.7M(2048.0M)]
 [Times: user=1.25 sys=0.00, real=0.15 secs] 
2020-09-29T11:56:47.350+0200: 33.650: [GC pause (G1 Evacuation Pause) (young), 0.1825050 secs]
   [Parallel Time: 181.2 ms, GC Workers: 8]
      [GC Worker Start (ms): Min: 33650.5, Avg: 33650.6, Max: 33650.7, Diff: 0.2]
      [Ext Root Scanning (ms): Min: 0.0, Avg: 0.1, Max: 0.2, Diff: 0.2, Sum: 0.6]
      [Update RS (ms): Min: 22.5, Avg: 22.6, Max: 23.0, Diff: 0.5, Sum: 181.1]
         [Processed Buffers: Min: 18, Avg: 20.5, Max: 24, Diff: 6, Sum: 164]
      [Scan RS (ms): Min: 12.6, Avg: 12.8, Max: 13.0, Diff: 0.4, Sum: 102.6]
      [Code Root Scanning (ms): Min: 0.0, Avg: 0.0, Max: 0.0, Diff: 0.0, Sum: 0.0]
      [Object Copy (ms): Min: 145.0, Avg: 145.2, Max: 145.3, Diff: 0.2, Sum: 1161.5]
      [Termination (ms): Min: 0.0, Avg: 0.1, Max: 0.1, Diff: 0.1, Sum: 0.5]
         [Termination Attempts: Min: 1, Avg: 264.6, Max: 341, Diff: 340, Sum: 2117]
      [GC Worker Other (ms): Min: 0.0, Avg: 0.0, Max: 0.1, Diff: 0.0, Sum: 0.3]
      [GC Worker Total (ms): Min: 180.7, Avg: 180.8, Max: 181.0, Diff: 0.2, Sum: 1446.6]
      [GC Worker End (ms): Min: 33831.4, Avg: 33831.4, Max: 33831.5, Diff: 0.0]
   [Code Root Fixup: 0.0 ms]
   [Code Root Purge: 0.0 ms]
   [Clear CT: 0.3 ms]
   [Other: 1.0 ms]
      [Choose CSet: 0.0 ms]
      [Ref Proc: 0.3 ms]
      [Ref Enq: 0.0 ms]
      [Redirty Cards: 0.4 ms]
      [Humongous Register: 0.0 ms]
      [Humongous Reclaim: 0.0 ms]
      [Free CSet: 0.1 ms]
   [Eden: 210.0M(210.0M)->0.0B(208.0M) Survivors: 29.0M->30.0M Heap: 951.9M(2048.0M)->953.4M(2048.0M)]
 [Times: user=1.38 sys=0.00, real=0.18 secs] 
2020-09-29T11:56:47.543+0200: 33.843: [GC pause (G1 Humongous Allocation) (young) (initial-mark), 0.0601681 secs]
   [Parallel Time: 59.2 ms, GC Workers: 8]
      [GC Worker Start (ms): Min: 33843.3, Avg: 33843.4, Max: 33843.4, Diff: 0.1]
      [Ext Root Scanning (ms): Min: 0.1, Avg: 0.1, Max: 0.2, Diff: 0.1, Sum: 0.9]
      [Update RS (ms): Min: 31.6, Avg: 31.9, Max: 32.3, Diff: 0.7, Sum: 255.0]
         [Processed Buffers: Min: 28, Avg: 30.3, Max: 33, Diff: 5, Sum: 242]
      [Scan RS (ms): Min: 2.4, Avg: 2.8, Max: 3.1, Diff: 0.7, Sum: 22.5]
      [Code Root Scanning (ms): Min: 0.0, Avg: 0.0, Max: 0.0, Diff: 0.0, Sum: 0.0]
      [Object Copy (ms): Min: 24.1, Avg: 24.2, Max: 24.3, Diff: 0.1, Sum: 193.7]
      [Termination (ms): Min: 0.0, Avg: 0.0, Max: 0.0, Diff: 0.0, Sum: 0.1]
         [Termination Attempts: Min: 1, Avg: 46.6, Max: 60, Diff: 59, Sum: 373]
      [GC Worker Other (ms): Min: 0.0, Avg: 0.0, Max: 0.0, Diff: 0.0, Sum: 0.2]
      [GC Worker Total (ms): Min: 59.0, Avg: 59.0, Max: 59.1, Diff: 0.1, Sum: 472.3]
      [GC Worker End (ms): Min: 33902.4, Avg: 33902.4, Max: 33902.4, Diff: 0.0]
   [Code Root Fixup: 0.0 ms]
   [Code Root Purge: 0.0 ms]
   [Clear CT: 0.2 ms]
   [Other: 0.8 ms]
      [Choose CSet: 0.0 ms]
      [Ref Proc: 0.2 ms]
      [Ref Enq: 0.0 ms]
      [Redirty Cards: 0.2 ms]
      [Humongous Register: 0.0 ms]
      [Humongous Reclaim: 0.0 ms]
      [Free CSet: 0.1 ms]
   [Eden: 11.0M(208.0M)->0.0B(233.0M) Survivors: 30.0M->13.0M Heap: 964.4M(2048.0M)->967.9M(2048.0M)]
 [Times: user=0.50 sys=0.00, real=0.06 secs] 
2020-09-29T11:56:47.603+0200: 33.904: [GC concurrent-root-region-scan-start]
2020-09-29T11:56:47.606+0200: 33.906: [GC concurrent-root-region-scan-end, 0.0026759 secs]
2020-09-29T11:56:47.606+0200: 33.906: [GC concurrent-mark-start]
2020-09-29T11:56:47.609+0200: 33.909: [GC concurrent-mark-end, 0.0027704 secs]
2020-09-29T11:56:47.609+0200: 33.909: [GC remark 2020-09-29T11:56:47.609+0200: 33.909: [Finalize Marking, 0.0001543 secs] 2020-09-29T11:56:47.609+0200: 33.910: [GC ref-proc, 0.0003629 secs] 2020-09-29T11:56:47.609+0200: 33.910: [Unloading, 0.0005658 secs], 0.0014252 secs]
 [Times: user=0.00 sys=0.00, real=0.00 secs] 
2020-09-29T11:56:47.611+0200: 33.911: [GC cleanup 978M->32M(2048M), 0.0013684 secs]
 [Times: user=0.00 sys=0.00, real=0.00 secs] 
2020-09-29T11:56:47.612+0200: 33.913: [GC concurrent-cleanup-start]
2020-09-29T11:56:47.613+0200: 33.914: [GC concurrent-cleanup-end, 0.0012003 secs]
2020-09-29T11:56:47.761+0200: 34.061: [GC pause (G1 Evacuation Pause) (young), 0.1681641 secs]
   [Parallel Time: 166.8 ms, GC Workers: 8]
      [GC Worker Start (ms): Min: 34061.4, Avg: 34061.5, Max: 34061.6, Diff: 0.2]
      [Ext Root Scanning (ms): Min: 0.0, Avg: 0.1, Max: 0.2, Diff: 0.2, Sum: 0.6]
      [Update RS (ms): Min: 20.8, Avg: 20.8, Max: 21.0, Diff: 0.2, Sum: 166.6]
         [Processed Buffers: Min: 16, Avg: 16.9, Max: 20, Diff: 4, Sum: 135]
      [Scan RS (ms): Min: 18.3, Avg: 18.4, Max: 18.5, Diff: 0.2, Sum: 147.3]
      [Code Root Scanning (ms): Min: 0.0, Avg: 0.0, Max: 0.0, Diff: 0.0, Sum: 0.0]
      [Object Copy (ms): Min: 127.0, Avg: 127.1, Max: 127.3, Diff: 0.2, Sum: 1017.1]
      [Termination (ms): Min: 0.0, Avg: 0.0, Max: 0.0, Diff: 0.0, Sum: 0.3]
         [Termination Attempts: Min: 1, Avg: 149.1, Max: 201, Diff: 200, Sum: 1193]
      [GC Worker Other (ms): Min: 0.0, Avg: 0.0, Max: 0.1, Diff: 0.1, Sum: 0.4]
      [GC Worker Total (ms): Min: 166.4, Avg: 166.5, Max: 166.7, Diff: 0.2, Sum: 1332.2]
      [GC Worker End (ms): Min: 34228.0, Avg: 34228.0, Max: 34228.1, Diff: 0.1]
   [Code Root Fixup: 0.0 ms]
   [Code Root Purge: 0.0 ms]
   [Clear CT: 0.3 ms]
   [Other: 1.1 ms]
      [Choose CSet: 0.0 ms]
      [Ref Proc: 0.3 ms]
      [Ref Enq: 0.0 ms]
      [Redirty Cards: 0.3 ms]
      [Humongous Register: 0.0 ms]
      [Humongous Reclaim: 0.0 ms]
      [Free CSet: 0.2 ms]
   [Eden: 233.0M(233.0M)->0.0B(217.0M) Survivors: 13.0M->31.0M Heap: 294.6M(2048.0M)->284.1M(2048.0M)]
 [Times: user=1.38 sys=0.00, real=0.17 secs] 
2020-09-29T11:56:48.037+0200: 34.337: [GC pause (G1 Evacuation Pause) (young), 0.1182740 secs]
   [Parallel Time: 117.3 ms, GC Workers: 8]
      [GC Worker Start (ms): Min: 34337.5, Avg: 34337.6, Max: 34337.7, Diff: 0.2]
      [Ext Root Scanning (ms): Min: 0.0, Avg: 0.1, Max: 0.2, Diff: 0.2, Sum: 0.5]
      [Update RS (ms): Min: 12.2, Avg: 12.3, Max: 12.5, Diff: 0.3, Sum: 98.8]
         [Processed Buffers: Min: 14, Avg: 15.4, Max: 18, Diff: 4, Sum: 123]
      [Scan RS (ms): Min: 11.2, Avg: 11.4, Max: 11.6, Diff: 0.5, Sum: 91.1]
      [Code Root Scanning (ms): Min: 0.0, Avg: 0.0, Max: 0.0, Diff: 0.0, Sum: 0.0]
      [Object Copy (ms): Min: 93.1, Avg: 93.2, Max: 93.3, Diff: 0.2, Sum: 745.9]
      [Termination (ms): Min: 0.0, Avg: 0.0, Max: 0.0, Diff: 0.0, Sum: 0.1]
         [Termination Attempts: Min: 1, Avg: 96.9, Max: 141, Diff: 140, Sum: 775]
      [GC Worker Other (ms): Min: 0.0, Avg: 0.0, Max: 0.1, Diff: 0.0, Sum: 0.3]
      [GC Worker Total (ms): Min: 117.0, Avg: 117.1, Max: 117.2, Diff: 0.2, Sum: 936.5]
      [GC Worker End (ms): Min: 34454.7, Avg: 34454.7, Max: 34454.7, Diff: 0.0]
   [Code Root Fixup: 0.0 ms]
   [Code Root Purge: 0.0 ms]
   [Clear CT: 0.2 ms]
   [Other: 0.8 ms]
      [Choose CSet: 0.0 ms]
      [Ref Proc: 0.2 ms]
      [Ref Enq: 0.0 ms]
      [Redirty Cards: 0.2 ms]
      [Humongous Register: 0.0 ms]
      [Humongous Reclaim: 0.0 ms]
      [Free CSet: 0.2 ms]
   [Eden: 217.0M(217.0M)->0.0B(234.0M) Survivors: 31.0M->31.0M Heap: 537.3M(2048.0M)->539.8M(2048.0M)]
 [Times: user=0.83 sys=0.02, real=0.12 secs] 
2020-09-29T11:56:48.271+0200: 34.571: [GC pause (G1 Evacuation Pause) (young), 0.1352048 secs]
   [Parallel Time: 134.4 ms, GC Workers: 8]
      [GC Worker Start (ms): Min: 34571.3, Avg: 34571.4, Max: 34571.5, Diff: 0.1]
      [Ext Root Scanning (ms): Min: 0.0, Avg: 0.1, Max: 0.1, Diff: 0.1, Sum: 0.6]
      [Update RS (ms): Min: 12.0, Avg: 12.3, Max: 12.6, Diff: 0.6, Sum: 98.7]
         [Processed Buffers: Min: 10, Avg: 13.5, Max: 16, Diff: 6, Sum: 108]
      [Scan RS (ms): Min: 11.8, Avg: 12.1, Max: 12.4, Diff: 0.6, Sum: 96.8]
      [Code Root Scanning (ms): Min: 0.0, Avg: 0.0, Max: 0.0, Diff: 0.0, Sum: 0.0]
      [Object Copy (ms): Min: 109.3, Avg: 109.4, Max: 109.5, Diff: 0.3, Sum: 875.1]
      [Termination (ms): Min: 0.0, Avg: 0.1, Max: 0.2, Diff: 0.2, Sum: 0.9]
         [Termination Attempts: Min: 1, Avg: 799.8, Max: 1194, Diff: 1193, Sum: 6398]
      [GC Worker Other (ms): Min: 0.0, Avg: 0.1, Max: 0.1, Diff: 0.1, Sum: 0.4]
      [GC Worker Total (ms): Min: 134.0, Avg: 134.1, Max: 134.1, Diff: 0.1, Sum: 1072.6]
      [GC Worker End (ms): Min: 34705.4, Avg: 34705.5, Max: 34705.6, Diff: 0.1]
   [Code Root Fixup: 0.0 ms]
   [Code Root Purge: 0.0 ms]
   [Clear CT: 0.1 ms]
   [Other: 0.7 ms]
      [Choose CSet: 0.0 ms]
      [Ref Proc: 0.1 ms]
      [Ref Enq: 0.0 ms]
      [Redirty Cards: 0.2 ms]
      [Humongous Register: 0.0 ms]
      [Humongous Reclaim: 0.0 ms]
      [Free CSet: 0.1 ms]
   [Eden: 234.0M(234.0M)->0.0B(254.0M) Survivors: 31.0M->34.0M Heap: 811.9M(2048.0M)->813.9M(2048.0M)]
 [Times: user=0.99 sys=0.02, real=0.13 secs] 
2020-09-29T11:56:48.544+0200: 34.844: [GC pause (G1 Evacuation Pause) (young), 0.1469174 secs]
   [Parallel Time: 145.9 ms, GC Workers: 8]
      [GC Worker Start (ms): Min: 34844.2, Avg: 34844.3, Max: 34844.4, Diff: 0.2]
      [Ext Root Scanning (ms): Min: 0.0, Avg: 0.1, Max: 0.2, Diff: 0.2, Sum: 0.5]
      [Update RS (ms): Min: 17.9, Avg: 18.1, Max: 18.3, Diff: 0.4, Sum: 144.5]
         [Processed Buffers: Min: 17, Avg: 17.8, Max: 19, Diff: 2, Sum: 142]
      [Scan RS (ms): Min: 18.4, Avg: 18.7, Max: 18.9, Diff: 0.5, Sum: 149.7]
      [Code Root Scanning (ms): Min: 0.0, Avg: 0.0, Max: 0.0, Diff: 0.0, Sum: 0.0]
      [Object Copy (ms): Min: 108.7, Avg: 108.8, Max: 108.8, Diff: 0.1, Sum: 870.0]
      [Termination (ms): Min: 0.0, Avg: 0.0, Max: 0.0, Diff: 0.0, Sum: 0.2]
         [Termination Attempts: Min: 1, Avg: 143.9, Max: 218, Diff: 217, Sum: 1151]
      [GC Worker Other (ms): Min: 0.0, Avg: 0.0, Max: 0.1, Diff: 0.1, Sum: 0.4]
      [GC Worker Total (ms): Min: 145.6, Avg: 145.7, Max: 145.8, Diff: 0.2, Sum: 1165.4]
      [GC Worker End (ms): Min: 34990.0, Avg: 34990.0, Max: 34990.0, Diff: 0.1]
   [Code Root Fixup: 0.0 ms]
   [Code Root Purge: 0.0 ms]
   [Clear CT: 0.2 ms]
   [Other: 0.8 ms]
      [Choose CSet: 0.0 ms]
      [Ref Proc: 0.1 ms]
      [Ref Enq: 0.0 ms]
      [Redirty Cards: 0.4 ms]
      [Humongous Register: 0.0 ms]
      [Humongous Reclaim: 0.0 ms]
      [Free CSet: 0.2 ms]
   [Eden: 254.0M(254.0M)->0.0B(262.0M) Survivors: 34.0M->36.0M Heap: 1109.9M(2048.0M)->1111.9M(2048.0M)]
 [Times: user=1.11 sys=0.02, real=0.15 secs] 
2020-09-29T11:56:48.696+0200: 34.997: [GC pause (G1 Humongous Allocation) (young) (initial-mark), 0.0577197 secs]
   [Parallel Time: 56.9 ms, GC Workers: 8]
      [GC Worker Start (ms): Min: 34996.7, Avg: 34996.7, Max: 34996.8, Diff: 0.1]
      [Ext Root Scanning (ms): Min: 0.0, Avg: 0.1, Max: 0.1, Diff: 0.1, Sum: 0.5]
      [Update RS (ms): Min: 29.7, Avg: 29.9, Max: 30.2, Diff: 0.5, Sum: 238.9]
         [Processed Buffers: Min: 36, Avg: 39.0, Max: 40, Diff: 4, Sum: 312]
      [Scan RS (ms): Min: 1.9, Avg: 2.2, Max: 2.4, Diff: 0.6, Sum: 17.7]
      [Code Root Scanning (ms): Min: 0.0, Avg: 0.0, Max: 0.0, Diff: 0.0, Sum: 0.0]
      [Object Copy (ms): Min: 24.3, Avg: 24.4, Max: 24.5, Diff: 0.2, Sum: 194.8]
      [Termination (ms): Min: 0.0, Avg: 0.2, Max: 0.3, Diff: 0.3, Sum: 1.6]
         [Termination Attempts: Min: 1, Avg: 1330.8, Max: 1750, Diff: 1749, Sum: 10646]
      [GC Worker Other (ms): Min: 0.0, Avg: 0.0, Max: 0.0, Diff: 0.0, Sum: 0.3]
      [GC Worker Total (ms): Min: 56.7, Avg: 56.7, Max: 56.8, Diff: 0.1, Sum: 453.7]
      [GC Worker End (ms): Min: 35053.4, Avg: 35053.4, Max: 35053.4, Diff: 0.0]
   [Code Root Fixup: 0.0 ms]
   [Code Root Purge: 0.0 ms]
   [Clear CT: 0.2 ms]
   [Other: 0.6 ms]
      [Choose CSet: 0.0 ms]
      [Ref Proc: 0.2 ms]
      [Ref Enq: 0.0 ms]
      [Redirty Cards: 0.2 ms]
      [Humongous Register: 0.0 ms]
      [Humongous Reclaim: 0.0 ms]
      [Free CSet: 0.0 ms]
   [Eden: 1024.0K(262.0M)->0.0B(274.0M) Survivors: 36.0M->1024.0K Heap: 1112.4M(2048.0M)->1113.9M(2048.0M)]
 [Times: user=0.36 sys=0.02, real=0.06 secs] 
2020-09-29T11:56:48.754+0200: 35.054: [GC concurrent-root-region-scan-start]
2020-09-29T11:56:48.754+0200: 35.055: [GC concurrent-root-region-scan-end, 0.0002682 secs]
2020-09-29T11:56:48.754+0200: 35.055: [GC concurrent-mark-start]
2020-09-29T11:56:48.756+0200: 35.057: [GC concurrent-mark-end, 0.0023713 secs]
2020-09-29T11:56:48.757+0200: 35.057: [GC remark 2020-09-29T11:56:48.757+0200: 35.057: [Finalize Marking, 0.0002783 secs] 2020-09-29T11:56:48.757+0200: 35.058: [GC ref-proc, 0.0002949 secs] 2020-09-29T11:56:48.757+0200: 35.058: [Unloading, 0.0005887 secs], 0.0014821 secs]
 [Times: user=0.00 sys=0.00, real=0.00 secs] 
2020-09-29T11:56:48.758+0200: 35.059: [GC cleanup 1120M->16M(2048M), 0.0011367 secs]
 [Times: user=0.00 sys=0.00, real=0.00 secs] 
2020-09-29T11:56:48.759+0200: 35.060: [GC concurrent-cleanup-start]
2020-09-29T11:56:48.761+0200: 35.061: [GC concurrent-cleanup-end, 0.0013487 secs]
2020-09-29T11:56:48.896+0200: 35.197: [GC pause (G1 Evacuation Pause) (young), 0.1497977 secs]
   [Parallel Time: 148.2 ms, GC Workers: 8]
      [GC Worker Start (ms): Min: 35196.8, Avg: 35196.9, Max: 35196.9, Diff: 0.2]
      [Ext Root Scanning (ms): Min: 0.0, Avg: 0.1, Max: 0.2, Diff: 0.2, Sum: 0.5]
      [Update RS (ms): Min: 14.3, Avg: 14.6, Max: 15.2, Diff: 0.9, Sum: 117.2]
         [Processed Buffers: Min: 15, Avg: 15.5, Max: 17, Diff: 2, Sum: 124]
      [Scan RS (ms): Min: 16.7, Avg: 17.3, Max: 17.6, Diff: 0.9, Sum: 138.5]
      [Code Root Scanning (ms): Min: 0.0, Avg: 0.0, Max: 0.0, Diff: 0.0, Sum: 0.0]
      [Object Copy (ms): Min: 115.8, Avg: 115.9, Max: 115.9, Diff: 0.1, Sum: 926.9]
      [Termination (ms): Min: 0.0, Avg: 0.0, Max: 0.0, Diff: 0.0, Sum: 0.1]
         [Termination Attempts: Min: 1, Avg: 114.8, Max: 179, Diff: 178, Sum: 918]
      [GC Worker Other (ms): Min: 0.0, Avg: 0.1, Max: 0.1, Diff: 0.1, Sum: 0.5]
      [GC Worker Total (ms): Min: 147.9, Avg: 148.0, Max: 148.1, Diff: 0.2, Sum: 1183.7]
      [GC Worker End (ms): Min: 35344.8, Avg: 35344.8, Max: 35344.9, Diff: 0.1]
   [Code Root Fixup: 0.0 ms]
   [Code Root Purge: 0.0 ms]
   [Clear CT: 0.5 ms]
   [Other: 1.2 ms]
      [Choose CSet: 0.0 ms]
      [Ref Proc: 0.3 ms]
      [Ref Enq: 0.0 ms]
      [Redirty Cards: 0.5 ms]
      [Humongous Register: 0.0 ms]
      [Humongous Reclaim: 0.0 ms]
      [Free CSet: 0.2 ms]
   [Eden: 274.0M(274.0M)->0.0B(248.0M) Survivors: 1024.0K->35.0M Heap: 329.8M(2048.0M)->330.8M(2048.0M)]
 [Times: user=1.11 sys=0.02, real=0.15 secs] 
2020-09-29T11:56:49.164+0200: 35.465: [GC pause (G1 Evacuation Pause) (young), 0.1505356 secs]
   [Parallel Time: 149.6 ms, GC Workers: 8]
      [GC Worker Start (ms): Min: 35465.0, Avg: 35465.1, Max: 35465.1, Diff: 0.2]
      [Ext Root Scanning (ms): Min: 0.0, Avg: 0.1, Max: 0.2, Diff: 0.2, Sum: 0.6]
      [Update RS (ms): Min: 15.3, Avg: 15.5, Max: 15.8, Diff: 0.5, Sum: 123.8]
         [Processed Buffers: Min: 16, Avg: 17.3, Max: 19, Diff: 3, Sum: 138]
      [Scan RS (ms): Min: 17.3, Avg: 17.7, Max: 18.0, Diff: 0.7, Sum: 141.7]
      [Code Root Scanning (ms): Min: 0.0, Avg: 0.0, Max: 0.0, Diff: 0.0, Sum: 0.0]
      [Object Copy (ms): Min: 115.6, Avg: 115.8, Max: 116.1, Diff: 0.5, Sum: 926.6]
      [Termination (ms): Min: 0.0, Avg: 0.2, Max: 0.4, Diff: 0.4, Sum: 2.0]
         [Termination Attempts: Min: 1, Avg: 1662.5, Max: 2030, Diff: 2029, Sum: 13300]
      [GC Worker Other (ms): Min: 0.0, Avg: 0.0, Max: 0.1, Diff: 0.1, Sum: 0.4]
      [GC Worker Total (ms): Min: 149.3, Avg: 149.4, Max: 149.5, Diff: 0.2, Sum: 1195.0]
      [GC Worker End (ms): Min: 35614.4, Avg: 35614.5, Max: 35614.5, Diff: 0.1]
   [Code Root Fixup: 0.0 ms]
   [Code Root Purge: 0.0 ms]
   [Clear CT: 0.1 ms]
   [Other: 0.8 ms]
      [Choose CSet: 0.0 ms]
      [Ref Proc: 0.2 ms]
      [Ref Enq: 0.0 ms]
      [Redirty Cards: 0.2 ms]
      [Humongous Register: 0.0 ms]
      [Humongous Reclaim: 0.0 ms]
      [Free CSet: 0.2 ms]
   [Eden: 248.0M(248.0M)->0.0B(252.0M) Survivors: 35.0M->36.0M Heap: 620.7M(2048.0M)->622.7M(2048.0M)]
 [Times: user=1.05 sys=0.08, real=0.15 secs] 
2020-09-29T11:56:49.444+0200: 35.744: [GC pause (G1 Evacuation Pause) (young), 0.1470359 secs]
   [Parallel Time: 145.9 ms, GC Workers: 8]
      [GC Worker Start (ms): Min: 35744.5, Avg: 35744.5, Max: 35744.6, Diff: 0.1]
      [Ext Root Scanning (ms): Min: 0.0, Avg: 0.1, Max: 0.1, Diff: 0.1, Sum: 0.6]
      [Update RS (ms): Min: 18.0, Avg: 18.6, Max: 18.9, Diff: 0.9, Sum: 148.4]
         [Processed Buffers: Min: 15, Avg: 19.1, Max: 22, Diff: 7, Sum: 153]
      [Scan RS (ms): Min: 16.7, Avg: 17.1, Max: 17.7, Diff: 1.0, Sum: 137.0]
      [Code Root Scanning (ms): Min: 0.0, Avg: 0.0, Max: 0.0, Diff: 0.0, Sum: 0.0]
      [Object Copy (ms): Min: 109.8, Avg: 109.9, Max: 110.0, Diff: 0.2, Sum: 879.4]
      [Termination (ms): Min: 0.0, Avg: 0.1, Max: 0.1, Diff: 0.1, Sum: 0.5]
         [Termination Attempts: Min: 1, Avg: 496.0, Max: 624, Diff: 623, Sum: 3968]
      [GC Worker Other (ms): Min: 0.0, Avg: 0.0, Max: 0.1, Diff: 0.0, Sum: 0.2]
      [GC Worker Total (ms): Min: 145.7, Avg: 145.8, Max: 145.8, Diff: 0.1, Sum: 1166.2]
      [GC Worker End (ms): Min: 35890.3, Avg: 35890.3, Max: 35890.3, Diff: 0.0]
   [Code Root Fixup: 0.0 ms]
   [Code Root Purge: 0.0 ms]
   [Clear CT: 0.2 ms]
   [Other: 1.0 ms]
      [Choose CSet: 0.0 ms]
      [Ref Proc: 0.2 ms]
      [Ref Enq: 0.0 ms]
      [Redirty Cards: 0.2 ms]
      [Humongous Register: 0.0 ms]
      [Humongous Reclaim: 0.0 ms]
      [Free CSet: 0.3 ms]
   [Eden: 252.0M(252.0M)->0.0B(267.0M) Survivors: 36.0M->36.0M Heap: 916.7M(2048.0M)->918.7M(2048.0M)]
 [Times: user=1.11 sys=0.02, real=0.15 secs] 
2020-09-29T11:56:49.690+0200: 35.990: [GC pause (G1 Humongous Allocation) (young) (initial-mark), 0.1227800 secs]
   [Parallel Time: 121.8 ms, GC Workers: 8]
      [GC Worker Start (ms): Min: 35990.5, Avg: 35990.6, Max: 35990.6, Diff: 0.2]
      [Ext Root Scanning (ms): Min: 0.0, Avg: 0.1, Max: 0.2, Diff: 0.2, Sum: 0.7]
      [Update RS (ms): Min: 18.5, Avg: 18.7, Max: 19.1, Diff: 0.6, Sum: 149.7]
         [Processed Buffers: Min: 21, Avg: 21.6, Max: 23, Diff: 2, Sum: 173]
      [Scan RS (ms): Min: 5.5, Avg: 5.9, Max: 6.1, Diff: 0.7, Sum: 47.3]
      [Code Root Scanning (ms): Min: 0.0, Avg: 0.0, Max: 0.0, Diff: 0.0, Sum: 0.0]
      [Object Copy (ms): Min: 96.6, Avg: 96.7, Max: 96.9, Diff: 0.3, Sum: 773.6]
      [Termination (ms): Min: 0.0, Avg: 0.1, Max: 0.2, Diff: 0.2, Sum: 1.2]
         [Termination Attempts: Min: 1, Avg: 1097.6, Max: 1396, Diff: 1395, Sum: 8781]
      [GC Worker Other (ms): Min: 0.0, Avg: 0.0, Max: 0.1, Diff: 0.1, Sum: 0.4]
      [GC Worker Total (ms): Min: 121.5, Avg: 121.6, Max: 121.7, Diff: 0.2, Sum: 972.9]
      [GC Worker End (ms): Min: 36112.2, Avg: 36112.2, Max: 36112.3, Diff: 0.1]
   [Code Root Fixup: 0.0 ms]
   [Code Root Purge: 0.0 ms]
   [Clear CT: 0.2 ms]
   [Other: 0.8 ms]
      [Choose CSet: 0.0 ms]
      [Ref Proc: 0.2 ms]
      [Ref Enq: 0.0 ms]
      [Redirty Cards: 0.2 ms]
      [Humongous Register: 0.0 ms]
      [Humongous Reclaim: 0.0 ms]
      [Free CSet: 0.1 ms]
   [Eden: 188.0M(267.0M)->0.0B(284.0M) Survivors: 36.0M->38.0M Heap: 1136.7M(2048.0M)->1138.7M(2048.0M)]
 [Times: user=0.98 sys=0.02, real=0.12 secs] 
2020-09-29T11:56:49.813+0200: 36.113: [GC concurrent-root-region-scan-start]
2020-09-29T11:56:49.826+0200: 36.126: [GC concurrent-root-region-scan-end, 0.0131059 secs]
2020-09-29T11:56:49.826+0200: 36.126: [GC concurrent-mark-start]
2020-09-29T11:56:49.828+0200: 36.129: [GC concurrent-mark-end, 0.0026010 secs]
2020-09-29T11:56:49.829+0200: 36.129: [GC remark 2020-09-29T11:56:49.829+0200: 36.129: [Finalize Marking, 0.0002483 secs] 2020-09-29T11:56:49.829+0200: 36.129: [GC ref-proc, 0.0002809 secs] 2020-09-29T11:56:49.829+0200: 36.130: [Unloading, 0.0005266 secs], 0.0014501 secs]
 [Times: user=0.00 sys=0.00, real=0.00 secs] 
2020-09-29T11:56:49.830+0200: 36.131: [GC cleanup 1172M->80M(2048M), 0.0013791 secs]
 [Times: user=0.00 sys=0.00, real=0.00 secs] 
2020-09-29T11:56:49.832+0200: 36.132: [GC concurrent-cleanup-start]
2020-09-29T11:56:49.833+0200: 36.134: [GC concurrent-cleanup-end, 0.0013026 secs]
2020-09-29T11:56:49.955+0200: 36.256: [GC pause (G1 Evacuation Pause) (young), 0.1448930 secs]
   [Parallel Time: 143.9 ms, GC Workers: 8]
      [GC Worker Start (ms): Min: 36256.1, Avg: 36256.2, Max: 36256.3, Diff: 0.2]
      [Ext Root Scanning (ms): Min: 0.0, Avg: 0.1, Max: 0.1, Diff: 0.1, Sum: 0.5]
      [Update RS (ms): Min: 19.5, Avg: 19.7, Max: 19.9, Diff: 0.5, Sum: 157.7]
         [Processed Buffers: Min: 20, Avg: 21.1, Max: 23, Diff: 3, Sum: 169]
      [Scan RS (ms): Min: 14.8, Avg: 15.1, Max: 15.3, Diff: 0.5, Sum: 120.5]
      [Code Root Scanning (ms): Min: 0.0, Avg: 0.0, Max: 0.0, Diff: 0.0, Sum: 0.0]
      [Object Copy (ms): Min: 108.7, Avg: 108.8, Max: 108.8, Diff: 0.1, Sum: 870.1]
      [Termination (ms): Min: 0.0, Avg: 0.0, Max: 0.0, Diff: 0.0, Sum: 0.3]
         [Termination Attempts: Min: 1, Avg: 252.8, Max: 317, Diff: 316, Sum: 2022]
      [GC Worker Other (ms): Min: 0.0, Avg: 0.0, Max: 0.1, Diff: 0.1, Sum: 0.3]
      [GC Worker Total (ms): Min: 143.6, Avg: 143.7, Max: 143.7, Diff: 0.1, Sum: 1149.4]
      [GC Worker End (ms): Min: 36399.9, Avg: 36399.9, Max: 36399.9, Diff: 0.0]
   [Code Root Fixup: 0.0 ms]
   [Code Root Purge: 0.0 ms]
   [Clear CT: 0.2 ms]
   [Other: 0.9 ms]
      [Choose CSet: 0.0 ms]
      [Ref Proc: 0.1 ms]
      [Ref Enq: 0.0 ms]
      [Redirty Cards: 0.3 ms]
      [Humongous Register: 0.0 ms]
      [Humongous Reclaim: 0.0 ms]
      [Free CSet: 0.2 ms]
   [Eden: 284.0M(284.0M)->0.0B(306.0M) Survivors: 38.0M->41.0M Heap: 378.7M(2048.0M)->343.2M(2048.0M)]
 [Times: user=1.23 sys=0.02, real=0.14 secs] 
2020-09-29T11:56:50.261+0200: 36.562: [GC pause (G1 Evacuation Pause) (young), 0.1826757 secs]
   [Parallel Time: 179.5 ms, GC Workers: 8]
      [GC Worker Start (ms): Min: 36561.8, Avg: 36563.6, Max: 36576.0, Diff: 14.2]
      [Ext Root Scanning (ms): Min: 0.0, Avg: 0.1, Max: 0.2, Diff: 0.2, Sum: 0.5]
      [Update RS (ms): Min: 11.1, Avg: 23.5, Max: 25.6, Diff: 14.6, Sum: 188.2]
         [Processed Buffers: Min: 12, Avg: 26.0, Max: 31, Diff: 19, Sum: 208]
      [Scan RS (ms): Min: 15.9, Avg: 16.3, Max: 16.5, Diff: 0.6, Sum: 130.2]
      [Code Root Scanning (ms): Min: 0.0, Avg: 0.0, Max: 0.0, Diff: 0.0, Sum: 0.0]
      [Object Copy (ms): Min: 137.6, Avg: 137.6, Max: 137.7, Diff: 0.1, Sum: 1101.2]
      [Termination (ms): Min: 0.0, Avg: 0.0, Max: 0.0, Diff: 0.0, Sum: 0.1]
         [Termination Attempts: Min: 1, Avg: 59.1, Max: 84, Diff: 83, Sum: 473]
      [GC Worker Other (ms): Min: 0.0, Avg: 0.0, Max: 0.1, Diff: 0.0, Sum: 0.3]
      [GC Worker Total (ms): Min: 165.2, Avg: 177.6, Max: 179.4, Diff: 14.2, Sum: 1420.5]
      [GC Worker End (ms): Min: 36741.2, Avg: 36741.2, Max: 36741.2, Diff: 0.0]
   [Code Root Fixup: 0.0 ms]
   [Code Root Purge: 0.0 ms]
   [Clear CT: 0.2 ms]
   [Other: 2.9 ms]
      [Choose CSet: 0.0 ms]
      [Ref Proc: 0.4 ms]
      [Ref Enq: 0.0 ms]
      [Redirty Cards: 2.1 ms]
      [Humongous Register: 0.0 ms]
      [Humongous Reclaim: 0.0 ms]
      [Free CSet: 0.2 ms]
   [Eden: 306.0M(287.0M)->0.0B(307.0M) Survivors: 41.0M->41.0M Heap: 700.7M(2048.0M)->702.2M(2048.0M)]
 [Times: user=1.34 sys=0.01, real=0.18 secs] 
2020-09-29T11:56:50.599+0200: 36.900: [GC pause (G1 Evacuation Pause) (young), 0.1730936 secs]
   [Parallel Time: 171.8 ms, GC Workers: 8]
      [GC Worker Start (ms): Min: 36900.1, Avg: 36900.2, Max: 36900.3, Diff: 0.2]
      [Ext Root Scanning (ms): Min: 0.0, Avg: 0.1, Max: 0.2, Diff: 0.2, Sum: 0.4]
      [Update RS (ms): Min: 19.0, Avg: 19.1, Max: 19.4, Diff: 0.4, Sum: 153.2]
         [Processed Buffers: Min: 22, Avg: 22.8, Max: 24, Diff: 2, Sum: 182]
      [Scan RS (ms): Min: 16.5, Avg: 16.8, Max: 17.0, Diff: 0.5, Sum: 134.3]
      [Code Root Scanning (ms): Min: 0.0, Avg: 0.0, Max: 0.0, Diff: 0.0, Sum: 0.0]
      [Object Copy (ms): Min: 135.3, Avg: 135.5, Max: 135.6, Diff: 0.2, Sum: 1083.9]
      [Termination (ms): Min: 0.0, Avg: 0.1, Max: 0.1, Diff: 0.1, Sum: 0.7]
         [Termination Attempts: Min: 1, Avg: 615.3, Max: 746, Diff: 745, Sum: 4922]
      [GC Worker Other (ms): Min: 0.0, Avg: 0.1, Max: 0.1, Diff: 0.0, Sum: 0.5]
      [GC Worker Total (ms): Min: 171.5, Avg: 171.6, Max: 171.7, Diff: 0.2, Sum: 1373.0]
      [GC Worker End (ms): Min: 37071.8, Avg: 37071.8, Max: 37071.8, Diff: 0.0]
   [Code Root Fixup: 0.0 ms]
   [Code Root Purge: 0.0 ms]
   [Clear CT: 0.2 ms]
   [Other: 1.1 ms]
      [Choose CSet: 0.0 ms]
      [Ref Proc: 0.2 ms]
      [Ref Enq: 0.0 ms]
      [Redirty Cards: 0.4 ms]
      [Humongous Register: 0.0 ms]
      [Humongous Reclaim: 0.0 ms]
      [Free CSet: 0.3 ms]
   [Eden: 307.0M(307.0M)->0.0B(312.0M) Survivors: 41.0M->44.0M Heap: 1060.7M(2048.0M)->1063.2M(2048.0M)]
 [Times: user=1.38 sys=0.00, real=0.17 secs] 
2020-09-29T11:56:50.778+0200: 37.079: [GC pause (G1 Humongous Allocation) (young) (initial-mark), 0.0649757 secs]
   [Parallel Time: 64.2 ms, GC Workers: 8]
      [GC Worker Start (ms): Min: 37079.1, Avg: 37079.2, Max: 37079.3, Diff: 0.2]
      [Ext Root Scanning (ms): Min: 0.0, Avg: 1.1, Max: 7.3, Diff: 7.3, Sum: 8.5]
      [Update RS (ms): Min: 33.4, Avg: 39.8, Max: 41.1, Diff: 7.7, Sum: 318.3]
         [Processed Buffers: Min: 43, Avg: 51.3, Max: 54, Diff: 11, Sum: 410]
      [Scan RS (ms): Min: 1.7, Avg: 2.2, Max: 2.4, Diff: 0.7, Sum: 17.3]
      [Code Root Scanning (ms): Min: 0.0, Avg: 0.0, Max: 0.0, Diff: 0.0, Sum: 0.0]
      [Object Copy (ms): Min: 20.9, Avg: 21.0, Max: 21.0, Diff: 0.1, Sum: 167.7]
      [Termination (ms): Min: 0.0, Avg: 0.0, Max: 0.1, Diff: 0.1, Sum: 0.3]
         [Termination Attempts: Min: 1, Avg: 286.6, Max: 416, Diff: 415, Sum: 2293]
      [GC Worker Other (ms): Min: 0.0, Avg: 0.0, Max: 0.0, Diff: 0.0, Sum: 0.1]
      [GC Worker Total (ms): Min: 63.9, Avg: 64.0, Max: 64.1, Diff: 0.2, Sum: 512.2]
      [GC Worker End (ms): Min: 37143.2, Avg: 37143.2, Max: 37143.2, Diff: 0.0]
   [Code Root Fixup: 0.0 ms]
   [Code Root Purge: 0.0 ms]
   [Clear CT: 0.1 ms]
   [Other: 0.6 ms]
      [Choose CSet: 0.0 ms]
      [Ref Proc: 0.2 ms]
      [Ref Enq: 0.0 ms]
      [Redirty Cards: 0.2 ms]
      [Humongous Register: 0.0 ms]
      [Humongous Reclaim: 0.0 ms]
      [Free CSet: 0.1 ms]
   [Eden: 8192.0K(312.0M)->0.0B(341.0M) Survivors: 44.0M->10.0M Heap: 1070.7M(2048.0M)->1074.7M(2048.0M)]
 [Times: user=0.48 sys=0.00, real=0.06 secs] 
2020-09-29T11:56:50.843+0200: 37.144: [GC concurrent-root-region-scan-start]
2020-09-29T11:56:50.845+0200: 37.146: [GC concurrent-root-region-scan-end, 0.0018632 secs]
2020-09-29T11:56:50.845+0200: 37.146: [GC concurrent-mark-start]
2020-09-29T11:56:50.847+0200: 37.148: [GC concurrent-mark-end, 0.0021868 secs]
2020-09-29T11:56:50.848+0200: 37.148: [GC remark 2020-09-29T11:56:50.848+0200: 37.148: [Finalize Marking, 0.0001367 secs] 2020-09-29T11:56:50.848+0200: 37.148: [GC ref-proc, 0.0002838 secs] 2020-09-29T11:56:50.848+0200: 37.149: [Unloading, 0.0004114 secs], 0.0011500 secs]
 [Times: user=0.00 sys=0.00, real=0.00 secs] 
2020-09-29T11:56:50.849+0200: 37.150: [GC cleanup 1085M->29M(2048M), 0.0011478 secs]
 [Times: user=0.00 sys=0.00, real=0.00 secs] 
2020-09-29T11:56:50.850+0200: 37.151: [GC concurrent-cleanup-start]
2020-09-29T11:56:50.852+0200: 37.152: [GC concurrent-cleanup-end, 0.0012171 secs]
2020-09-29T11:56:51.009+0200: 37.310: [GC pause (G1 Evacuation Pause) (young), 0.1748296 secs]
   [Parallel Time: 173.9 ms, GC Workers: 8]
      [GC Worker Start (ms): Min: 37309.8, Avg: 37309.9, Max: 37310.0, Diff: 0.2]
      [Ext Root Scanning (ms): Min: 0.0, Avg: 0.1, Max: 0.1, Diff: 0.1, Sum: 0.5]
      [Update RS (ms): Min: 20.9, Avg: 21.2, Max: 21.7, Diff: 0.9, Sum: 169.7]
         [Processed Buffers: Min: 23, Avg: 24.8, Max: 27, Diff: 4, Sum: 198]
      [Scan RS (ms): Min: 14.7, Avg: 15.3, Max: 15.6, Diff: 0.9, Sum: 122.6]
      [Code Root Scanning (ms): Min: 0.0, Avg: 0.0, Max: 0.0, Diff: 0.0, Sum: 0.0]
      [Object Copy (ms): Min: 136.8, Avg: 137.0, Max: 137.0, Diff: 0.2, Sum: 1095.7]
      [Termination (ms): Min: 0.0, Avg: 0.0, Max: 0.0, Diff: 0.0, Sum: 0.1]
         [Termination Attempts: Min: 1, Avg: 52.5, Max: 68, Diff: 67, Sum: 420]
      [GC Worker Other (ms): Min: 0.1, Avg: 0.1, Max: 0.1, Diff: 0.0, Sum: 0.6]
      [GC Worker Total (ms): Min: 173.6, Avg: 173.6, Max: 173.7, Diff: 0.2, Sum: 1389.1]
      [GC Worker End (ms): Min: 37483.5, Avg: 37483.5, Max: 37483.6, Diff: 0.0]
   [Code Root Fixup: 0.0 ms]
   [Code Root Purge: 0.0 ms]
   [Clear CT: 0.1 ms]
   [Other: 0.8 ms]
      [Choose CSet: 0.0 ms]
      [Ref Proc: 0.2 ms]
      [Ref Enq: 0.0 ms]
      [Redirty Cards: 0.2 ms]
      [Humongous Register: 0.0 ms]
      [Humongous Reclaim: 0.0 ms]
      [Free CSet: 0.2 ms]
   [Eden: 341.0M(341.0M)->0.0B(309.0M) Survivors: 10.0M->44.0M Heap: 416.7M(2048.0M)->408.7M(2048.0M)]
 [Times: user=1.30 sys=0.02, real=0.17 secs] 
2020-09-29T11:56:51.338+0200: 37.638: [GC pause (G1 Evacuation Pause) (young), 0.1900561 secs]
   [Parallel Time: 188.9 ms, GC Workers: 8]
      [GC Worker Start (ms): Min: 37638.6, Avg: 37638.7, Max: 37638.8, Diff: 0.2]
      [Ext Root Scanning (ms): Min: 0.0, Avg: 0.1, Max: 0.2, Diff: 0.2, Sum: 0.5]
      [Update RS (ms): Min: 19.2, Avg: 19.5, Max: 19.9, Diff: 0.7, Sum: 156.2]
         [Processed Buffers: Min: 18, Avg: 19.8, Max: 21, Diff: 3, Sum: 158]
      [Scan RS (ms): Min: 23.3, Avg: 23.8, Max: 24.1, Diff: 0.8, Sum: 190.3]
      [Code Root Scanning (ms): Min: 0.0, Avg: 0.0, Max: 0.0, Diff: 0.0, Sum: 0.0]
      [Object Copy (ms): Min: 144.8, Avg: 145.0, Max: 145.3, Diff: 0.5, Sum: 1160.1]
      [Termination (ms): Min: 0.0, Avg: 0.2, Max: 0.4, Diff: 0.3, Sum: 1.7]
         [Termination Attempts: Min: 1, Avg: 1443.3, Max: 2118, Diff: 2117, Sum: 11546]
      [GC Worker Other (ms): Min: 0.0, Avg: 0.0, Max: 0.1, Diff: 0.1, Sum: 0.3]
      [GC Worker Total (ms): Min: 188.6, Avg: 188.6, Max: 188.8, Diff: 0.2, Sum: 1509.1]
      [GC Worker End (ms): Min: 37827.3, Avg: 37827.3, Max: 37827.4, Diff: 0.1]
   [Code Root Fixup: 0.0 ms]
   [Code Root Purge: 0.0 ms]
   [Clear CT: 0.2 ms]
   [Other: 1.0 ms]
      [Choose CSet: 0.0 ms]
      [Ref Proc: 0.1 ms]
      [Ref Enq: 0.0 ms]
      [Redirty Cards: 0.4 ms]
      [Humongous Register: 0.0 ms]
      [Humongous Reclaim: 0.0 ms]
      [Free CSet: 0.2 ms]
   [Eden: 309.0M(309.0M)->0.0B(288.0M) Survivors: 44.0M->45.0M Heap: 769.2M(2048.0M)->770.7M(2048.0M)]
 [Times: user=1.47 sys=0.01, real=0.19 secs] 
2020-09-29T11:56:51.676+0200: 37.977: [GC pause (G1 Evacuation Pause) (young), 0.1617226 secs]
   [Parallel Time: 160.6 ms, GC Workers: 8]
      [GC Worker Start (ms): Min: 37977.2, Avg: 37977.3, Max: 37977.4, Diff: 0.2]
      [Ext Root Scanning (ms): Min: 0.0, Avg: 0.1, Max: 0.1, Diff: 0.1, Sum: 0.5]
      [Update RS (ms): Min: 17.6, Avg: 17.9, Max: 18.3, Diff: 0.7, Sum: 143.3]
         [Processed Buffers: Min: 20, Avg: 21.4, Max: 22, Diff: 2, Sum: 171]
      [Scan RS (ms): Min: 14.8, Avg: 15.2, Max: 15.6, Diff: 0.8, Sum: 122.0]
      [Code Root Scanning (ms): Min: 0.0, Avg: 0.0, Max: 0.0, Diff: 0.0, Sum: 0.0]
      [Object Copy (ms): Min: 127.0, Avg: 127.1, Max: 127.2, Diff: 0.2, Sum: 1017.1]
      [Termination (ms): Min: 0.0, Avg: 0.0, Max: 0.0, Diff: 0.0, Sum: 0.2]
         [Termination Attempts: Min: 1, Avg: 164.3, Max: 204, Diff: 203, Sum: 1314]
      [GC Worker Other (ms): Min: 0.0, Avg: 0.0, Max: 0.1, Diff: 0.1, Sum: 0.4]
      [GC Worker Total (ms): Min: 160.4, Avg: 160.4, Max: 160.6, Diff: 0.2, Sum: 1283.5]
      [GC Worker End (ms): Min: 38137.7, Avg: 38137.7, Max: 38137.8, Diff: 0.1]
   [Code Root Fixup: 0.0 ms]
   [Code Root Purge: 0.0 ms]
   [Clear CT: 0.2 ms]
   [Other: 0.9 ms]
      [Choose CSet: 0.0 ms]
      [Ref Proc: 0.2 ms]
      [Ref Enq: 0.0 ms]
      [Redirty Cards: 0.3 ms]
      [Humongous Register: 0.1 ms]
      [Humongous Reclaim: 0.0 ms]
      [Free CSet: 0.2 ms]
   [Eden: 288.0M(288.0M)->0.0B(299.0M) Survivors: 45.0M->42.0M Heap: 1106.4M(2048.0M)->1108.9M(2048.0M)]
 [Times: user=1.25 sys=0.02, real=0.16 secs] 
2020-09-29T11:56:51.839+0200: 38.139: [GC pause (G1 Humongous Allocation) (young) (initial-mark), 0.0705781 secs]
   [Parallel Time: 69.8 ms, GC Workers: 8]
      [GC Worker Start (ms): Min: 38139.5, Avg: 38139.6, Max: 38139.6, Diff: 0.1]
      [Ext Root Scanning (ms): Min: 0.0, Avg: 0.1, Max: 0.2, Diff: 0.1, Sum: 0.7]
      [Update RS (ms): Min: 43.3, Avg: 43.4, Max: 43.8, Diff: 0.5, Sum: 347.5]
         [Processed Buffers: Min: 53, Avg: 56.3, Max: 58, Diff: 5, Sum: 450]
      [Scan RS (ms): Min: 0.0, Avg: 0.0, Max: 0.0, Diff: 0.0, Sum: 0.0]
      [Code Root Scanning (ms): Min: 0.0, Avg: 0.0, Max: 0.0, Diff: 0.0, Sum: 0.0]
      [Object Copy (ms): Min: 25.7, Avg: 26.1, Max: 26.2, Diff: 0.5, Sum: 208.8]
      [Termination (ms): Min: 0.0, Avg: 0.0, Max: 0.0, Diff: 0.0, Sum: 0.1]
         [Termination Attempts: Min: 1, Avg: 86.0, Max: 123, Diff: 122, Sum: 688]
      [GC Worker Other (ms): Min: 0.0, Avg: 0.0, Max: 0.0, Diff: 0.0, Sum: 0.1]
      [GC Worker Total (ms): Min: 69.6, Avg: 69.7, Max: 69.7, Diff: 0.1, Sum: 557.3]
      [GC Worker End (ms): Min: 38209.2, Avg: 38209.2, Max: 38209.2, Diff: 0.0]
   [Code Root Fixup: 0.0 ms]
   [Code Root Purge: 0.0 ms]
   [Clear CT: 0.2 ms]
   [Other: 0.5 ms]
      [Choose CSet: 0.0 ms]
      [Ref Proc: 0.1 ms]
      [Ref Enq: 0.0 ms]
      [Redirty Cards: 0.2 ms]
      [Humongous Register: 0.0 ms]
      [Humongous Reclaim: 0.0 ms]
      [Free CSet: 0.0 ms]
   [Eden: 1024.0K(299.0M)->0.0B(289.0M) Survivors: 42.0M->2048.0K Heap: 1109.4M(2048.0M)->1111.4M(2048.0M)]
 [Times: user=0.45 sys=0.02, real=0.07 secs] 
2020-09-29T11:56:51.909+0200: 38.210: [GC concurrent-root-region-scan-start]
2020-09-29T11:56:51.910+0200: 38.210: [GC concurrent-root-region-scan-end, 0.0002934 secs]
2020-09-29T11:56:51.910+0200: 38.210: [GC concurrent-mark-start]
2020-09-29T11:56:51.912+0200: 38.213: [GC concurrent-mark-end, 0.0025386 secs]
2020-09-29T11:56:51.912+0200: 38.213: [GC remark 2020-09-29T11:56:51.912+0200: 38.213: [Finalize Marking, 0.0002194 secs] 2020-09-29T11:56:51.913+0200: 38.213: [GC ref-proc, 0.0002881 secs] 2020-09-29T11:56:51.913+0200: 38.214: [Unloading, 0.0003883 secs], 0.0012233 secs]
 [Times: user=0.00 sys=0.00, real=0.00 secs] 
2020-09-29T11:56:51.913+0200: 38.215: [GC cleanup 1119M->18M(2048M), 0.0011681 secs]
 [Times: user=0.00 sys=0.00, real=0.00 secs] 
2020-09-29T11:56:51.915+0200: 38.216: [GC concurrent-cleanup-start]
2020-09-29T11:56:51.917+0200: 38.217: [GC concurrent-cleanup-end, 0.0013350 secs]
2020-09-29T11:56:52.053+0200: 38.353: [GC pause (G1 Evacuation Pause) (young), 0.1447270 secs]
   [Parallel Time: 143.5 ms, GC Workers: 8]
      [GC Worker Start (ms): Min: 38353.6, Avg: 38353.7, Max: 38353.8, Diff: 0.2]
      [Ext Root Scanning (ms): Min: 0.0, Avg: 0.1, Max: 0.2, Diff: 0.2, Sum: 0.5]
      [Update RS (ms): Min: 18.6, Avg: 18.9, Max: 19.5, Diff: 0.9, Sum: 150.9]
         [Processed Buffers: Min: 19, Avg: 20.8, Max: 23, Diff: 4, Sum: 166]
      [Scan RS (ms): Min: 15.6, Avg: 16.2, Max: 16.6, Diff: 1.0, Sum: 129.9]
      [Code Root Scanning (ms): Min: 0.0, Avg: 0.0, Max: 0.0, Diff: 0.0, Sum: 0.0]
      [Object Copy (ms): Min: 107.9, Avg: 108.0, Max: 108.0, Diff: 0.1, Sum: 864.1]
      [Termination (ms): Min: 0.0, Avg: 0.0, Max: 0.0, Diff: 0.0, Sum: 0.2]
         [Termination Attempts: Min: 1, Avg: 155.4, Max: 215, Diff: 214, Sum: 1243]
      [GC Worker Other (ms): Min: 0.0, Avg: 0.0, Max: 0.1, Diff: 0.0, Sum: 0.3]
      [GC Worker Total (ms): Min: 143.1, Avg: 143.2, Max: 143.4, Diff: 0.2, Sum: 1145.9]
      [GC Worker End (ms): Min: 38496.9, Avg: 38497.0, Max: 38497.0, Diff: 0.0]
   [Code Root Fixup: 0.0 ms]
   [Code Root Purge: 0.0 ms]
   [Clear CT: 0.2 ms]
   [Other: 1.0 ms]
      [Choose CSet: 0.0 ms]
      [Ref Proc: 0.1 ms]
      [Ref Enq: 0.0 ms]
      [Redirty Cards: 0.4 ms]
      [Humongous Register: 0.0 ms]
      [Humongous Reclaim: 0.0 ms]
      [Free CSet: 0.2 ms]
   [Eden: 289.0M(289.0M)->0.0B(267.0M) Survivors: 2048.0K->37.0M Heap: 349.1M(2048.0M)->349.6M(2048.0M)]
 [Times: user=1.09 sys=0.00, real=0.14 secs] 
2020-09-29T11:56:52.329+0200: 38.630: [GC pause (G1 Evacuation Pause) (young), 0.1530552 secs]
   [Parallel Time: 152.0 ms, GC Workers: 8]
      [GC Worker Start (ms): Min: 38629.8, Avg: 38629.9, Max: 38630.0, Diff: 0.2]
      [Ext Root Scanning (ms): Min: 0.0, Avg: 0.1, Max: 0.2, Diff: 0.2, Sum: 0.4]
      [Update RS (ms): Min: 20.0, Avg: 20.1, Max: 20.4, Diff: 0.4, Sum: 161.1]
         [Processed Buffers: Min: 22, Avg: 23.9, Max: 26, Diff: 4, Sum: 191]
      [Scan RS (ms): Min: 11.5, Avg: 11.8, Max: 12.1, Diff: 0.6, Sum: 94.3]
      [Code Root Scanning (ms): Min: 0.0, Avg: 0.0, Max: 0.0, Diff: 0.0, Sum: 0.0]
      [Object Copy (ms): Min: 119.6, Avg: 119.7, Max: 119.8, Diff: 0.2, Sum: 958.0]
      [Termination (ms): Min: 0.0, Avg: 0.0, Max: 0.0, Diff: 0.0, Sum: 0.1]
         [Termination Attempts: Min: 1, Avg: 47.3, Max: 61, Diff: 60, Sum: 378]
      [GC Worker Other (ms): Min: 0.0, Avg: 0.0, Max: 0.1, Diff: 0.0, Sum: 0.2]
      [GC Worker Total (ms): Min: 151.7, Avg: 151.8, Max: 151.9, Diff: 0.2, Sum: 1214.1]
      [GC Worker End (ms): Min: 38781.6, Avg: 38781.6, Max: 38781.7, Diff: 0.0]
   [Code Root Fixup: 0.0 ms]
   [Code Root Purge: 0.0 ms]
   [Clear CT: 0.2 ms]
   [Other: 0.9 ms]
      [Choose CSet: 0.0 ms]
      [Ref Proc: 0.1 ms]
      [Ref Enq: 0.0 ms]
      [Redirty Cards: 0.3 ms]
      [Humongous Register: 0.0 ms]
      [Humongous Reclaim: 0.0 ms]
      [Free CSet: 0.2 ms]
   [Eden: 267.0M(267.0M)->0.0B(277.0M) Survivors: 37.0M->38.0M Heap: 660.5M(2048.0M)->662.5M(2048.0M)]
 [Times: user=1.23 sys=0.00, real=0.15 secs] 
2020-09-29T11:56:52.625+0200: 38.925: [GC pause (G1 Evacuation Pause) (young), 0.1627228 secs]
   [Parallel Time: 161.5 ms, GC Workers: 8]
      [GC Worker Start (ms): Min: 38925.4, Avg: 38925.5, Max: 38925.6, Diff: 0.2]
      [Ext Root Scanning (ms): Min: 0.0, Avg: 0.1, Max: 0.2, Diff: 0.2, Sum: 0.4]
      [Update RS (ms): Min: 19.1, Avg: 19.2, Max: 19.3, Diff: 0.2, Sum: 153.8]
         [Processed Buffers: Min: 21, Avg: 21.9, Max: 22, Diff: 1, Sum: 175]
      [Scan RS (ms): Min: 14.8, Avg: 14.9, Max: 14.9, Diff: 0.1, Sum: 119.2]
      [Code Root Scanning (ms): Min: 0.0, Avg: 0.0, Max: 0.0, Diff: 0.0, Sum: 0.1]
      [Object Copy (ms): Min: 126.8, Avg: 126.9, Max: 127.0, Diff: 0.3, Sum: 1015.5]
      [Termination (ms): Min: 0.0, Avg: 0.1, Max: 0.1, Diff: 0.1, Sum: 0.6]
         [Termination Attempts: Min: 1, Avg: 630.3, Max: 833, Diff: 832, Sum: 5042]
      [GC Worker Other (ms): Min: 0.0, Avg: 0.0, Max: 0.1, Diff: 0.0, Sum: 0.3]
      [GC Worker Total (ms): Min: 161.1, Avg: 161.2, Max: 161.4, Diff: 0.2, Sum: 1289.9]
      [GC Worker End (ms): Min: 39086.7, Avg: 39086.7, Max: 39086.7, Diff: 0.0]
   [Code Root Fixup: 0.0 ms]
   [Code Root Purge: 0.0 ms]
   [Clear CT: 0.3 ms]
   [Other: 1.0 ms]
      [Choose CSet: 0.0 ms]
      [Ref Proc: 0.3 ms]
      [Ref Enq: 0.0 ms]
      [Redirty Cards: 0.3 ms]
      [Humongous Register: 0.0 ms]
      [Humongous Reclaim: 0.0 ms]
      [Free CSet: 0.2 ms]
   [Eden: 277.0M(277.0M)->0.0B(284.0M) Survivors: 38.0M->40.0M Heap: 985.2M(2048.0M)->986.7M(2048.0M)]
 [Times: user=1.31 sys=0.02, real=0.16 secs] 
2020-09-29T11:56:52.789+0200: 39.089: [GC pause (G1 Humongous Allocation) (young) (initial-mark), 0.0585587 secs]
   [Parallel Time: 57.9 ms, GC Workers: 8]
      [GC Worker Start (ms): Min: 39089.5, Avg: 39089.6, Max: 39089.7, Diff: 0.1]
      [Ext Root Scanning (ms): Min: 0.0, Avg: 0.1, Max: 0.1, Diff: 0.1, Sum: 0.6]
      [Update RS (ms): Min: 39.1, Avg: 39.2, Max: 39.5, Diff: 0.3, Sum: 314.0]
         [Processed Buffers: Min: 48, Avg: 51.8, Max: 53, Diff: 5, Sum: 414]
      [Scan RS (ms): Min: 0.0, Avg: 0.1, Max: 0.3, Diff: 0.3, Sum: 0.7]
      [Code Root Scanning (ms): Min: 0.0, Avg: 0.0, Max: 0.0, Diff: 0.0, Sum: 0.0]
      [Object Copy (ms): Min: 18.2, Avg: 18.3, Max: 18.4, Diff: 0.2, Sum: 146.5]
      [Termination (ms): Min: 0.0, Avg: 0.0, Max: 0.0, Diff: 0.0, Sum: 0.0]
         [Termination Attempts: Min: 1, Avg: 22.8, Max: 32, Diff: 31, Sum: 182]
      [GC Worker Other (ms): Min: 0.0, Avg: 0.0, Max: 0.0, Diff: 0.0, Sum: 0.1]
      [GC Worker Total (ms): Min: 57.7, Avg: 57.8, Max: 57.8, Diff: 0.1, Sum: 462.0]
      [GC Worker End (ms): Min: 39147.3, Avg: 39147.4, Max: 39147.4, Diff: 0.0]
   [Code Root Fixup: 0.0 ms]
   [Code Root Purge: 0.0 ms]
   [Clear CT: 0.2 ms]
   [Other: 0.5 ms]
      [Choose CSet: 0.0 ms]
      [Ref Proc: 0.2 ms]
      [Ref Enq: 0.0 ms]
      [Redirty Cards: 0.1 ms]
      [Humongous Register: 0.0 ms]
      [Humongous Reclaim: 0.0 ms]
      [Free CSet: 0.0 ms]
   [Eden: 3072.0K(284.0M)->0.0B(323.0M) Survivors: 40.0M->4096.0K Heap: 989.2M(2048.0M)->993.2M(2048.0M)]
 [Times: user=0.38 sys=0.00, real=0.06 secs] 
2020-09-29T11:56:52.847+0200: 39.148: [GC concurrent-root-region-scan-start]
2020-09-29T11:56:52.848+0200: 39.149: [GC concurrent-root-region-scan-end, 0.0006286 secs]
2020-09-29T11:56:52.848+0200: 39.149: [GC concurrent-mark-start]
2020-09-29T11:56:52.850+0200: 39.151: [GC concurrent-mark-end, 0.0020322 secs]
2020-09-29T11:56:52.850+0200: 39.151: [GC remark 2020-09-29T11:56:52.850+0200: 39.151: [Finalize Marking, 0.0001195 secs] 2020-09-29T11:56:52.851+0200: 39.151: [GC ref-proc, 0.0002560 secs] 2020-09-29T11:56:52.851+0200: 39.151: [Unloading, 0.0003929 secs], 0.0010225 secs]
 [Times: user=0.00 sys=0.00, real=0.00 secs] 
2020-09-29T11:56:52.852+0200: 39.152: [GC cleanup 1002M->21M(2048M), 0.0010181 secs]
 [Times: user=0.00 sys=0.00, real=0.00 secs] 
2020-09-29T11:56:52.853+0200: 39.153: [GC concurrent-cleanup-start]
2020-09-29T11:56:52.854+0200: 39.155: [GC concurrent-cleanup-end, 0.0010575 secs]
2020-09-29T11:56:53.008+0200: 39.309: [GC pause (G1 Evacuation Pause) (young), 0.1672854 secs]
   [Parallel Time: 164.9 ms, GC Workers: 8]
      [GC Worker Start (ms): Min: 39309.1, Avg: 39309.2, Max: 39309.2, Diff: 0.2]
      [Ext Root Scanning (ms): Min: 0.0, Avg: 0.1, Max: 0.2, Diff: 0.2, Sum: 0.5]
      [Update RS (ms): Min: 21.9, Avg: 22.0, Max: 22.0, Diff: 0.1, Sum: 175.9]
         [Processed Buffers: Min: 22, Avg: 23.6, Max: 27, Diff: 5, Sum: 189]
      [Scan RS (ms): Min: 18.2, Avg: 18.3, Max: 18.5, Diff: 0.3, Sum: 146.3]
      [Code Root Scanning (ms): Min: 0.0, Avg: 0.0, Max: 0.0, Diff: 0.0, Sum: 0.0]
      [Object Copy (ms): Min: 124.1, Avg: 124.3, Max: 124.3, Diff: 0.2, Sum: 994.1]
      [Termination (ms): Min: 0.0, Avg: 0.0, Max: 0.0, Diff: 0.0, Sum: 0.2]
         [Termination Attempts: Min: 1, Avg: 178.4, Max: 227, Diff: 226, Sum: 1427]
      [GC Worker Other (ms): Min: 0.0, Avg: 0.0, Max: 0.1, Diff: 0.1, Sum: 0.3]
      [GC Worker Total (ms): Min: 164.6, Avg: 164.7, Max: 164.8, Diff: 0.1, Sum: 1317.4]
      [GC Worker End (ms): Min: 39473.8, Avg: 39473.8, Max: 39473.9, Diff: 0.1]
   [Code Root Fixup: 0.0 ms]
   [Code Root Purge: 0.0 ms]
   [Clear CT: 0.2 ms]
   [Other: 2.2 ms]
      [Choose CSet: 0.0 ms]
      [Ref Proc: 0.2 ms]
      [Ref Enq: 0.0 ms]
      [Redirty Cards: 1.6 ms]
      [Humongous Register: 0.0 ms]
      [Humongous Reclaim: 0.0 ms]
      [Free CSet: 0.2 ms]
   [Eden: 323.0M(323.0M)->0.0B(292.0M) Survivors: 4096.0K->41.0M Heap: 391.3M(2048.0M)->389.8M(2048.0M)]
 [Times: user=1.24 sys=0.02, real=0.17 secs] 
2020-09-29T11:56:53.323+0200: 39.624: [GC pause (G1 Evacuation Pause) (young), 0.1651562 secs]
   [Parallel Time: 163.5 ms, GC Workers: 8]
      [GC Worker Start (ms): Min: 39624.0, Avg: 39624.1, Max: 39624.2, Diff: 0.2]
      [Ext Root Scanning (ms): Min: 0.0, Avg: 0.1, Max: 0.2, Diff: 0.2, Sum: 0.5]
      [Update RS (ms): Min: 17.7, Avg: 17.9, Max: 18.1, Diff: 0.3, Sum: 143.1]
         [Processed Buffers: Min: 18, Avg: 20.0, Max: 21, Diff: 3, Sum: 160]
      [Scan RS (ms): Min: 16.6, Avg: 16.8, Max: 16.9, Diff: 0.3, Sum: 134.5]
      [Code Root Scanning (ms): Min: 0.0, Avg: 0.0, Max: 0.0, Diff: 0.0, Sum: 0.0]
      [Object Copy (ms): Min: 128.3, Avg: 128.4, Max: 128.5, Diff: 0.2, Sum: 1027.0]
      [Termination (ms): Min: 0.0, Avg: 0.1, Max: 0.1, Diff: 0.1, Sum: 0.7]
         [Termination Attempts: Min: 1, Avg: 649.9, Max: 807, Diff: 806, Sum: 5199]
      [GC Worker Other (ms): Min: 0.0, Avg: 0.0, Max: 0.1, Diff: 0.1, Sum: 0.4]
      [GC Worker Total (ms): Min: 163.2, Avg: 163.3, Max: 163.4, Diff: 0.2, Sum: 1306.2]
      [GC Worker End (ms): Min: 39787.4, Avg: 39787.4, Max: 39787.4, Diff: 0.1]
   [Code Root Fixup: 0.0 ms]
   [Code Root Purge: 0.0 ms]
   [Clear CT: 0.2 ms]
   [Other: 1.5 ms]
      [Choose CSet: 0.0 ms]
      [Ref Proc: 0.1 ms]
      [Ref Enq: 0.0 ms]
      [Redirty Cards: 1.0 ms]
      [Humongous Register: 0.0 ms]
      [Humongous Reclaim: 0.0 ms]
      [Free CSet: 0.2 ms]
   [Eden: 292.0M(292.0M)->0.0B(292.0M) Survivors: 41.0M->42.0M Heap: 729.5M(2048.0M)->731.5M(2048.0M)]
 [Times: user=1.23 sys=0.02, real=0.16 secs] 
2020-09-29T11:56:53.639+0200: 39.940: [GC pause (G1 Evacuation Pause) (young), 0.1630433 secs]
   [Parallel Time: 161.8 ms, GC Workers: 8]
      [GC Worker Start (ms): Min: 39939.9, Avg: 39940.0, Max: 39940.1, Diff: 0.2]
      [Ext Root Scanning (ms): Min: 0.0, Avg: 0.1, Max: 0.2, Diff: 0.2, Sum: 0.6]
      [Update RS (ms): Min: 15.0, Avg: 15.1, Max: 15.1, Diff: 0.1, Sum: 120.6]
         [Processed Buffers: Min: 18, Avg: 19.4, Max: 22, Diff: 4, Sum: 155]
      [Scan RS (ms): Min: 16.3, Avg: 16.4, Max: 16.5, Diff: 0.2, Sum: 131.4]
      [Code Root Scanning (ms): Min: 0.0, Avg: 0.0, Max: 0.0, Diff: 0.0, Sum: 0.0]
      [Object Copy (ms): Min: 129.8, Avg: 130.0, Max: 130.0, Diff: 0.2, Sum: 1039.7]
      [Termination (ms): Min: 0.0, Avg: 0.1, Max: 0.1, Diff: 0.1, Sum: 0.4]
         [Termination Attempts: Min: 1, Avg: 341.8, Max: 431, Diff: 430, Sum: 2734]
      [GC Worker Other (ms): Min: 0.0, Avg: 0.0, Max: 0.1, Diff: 0.1, Sum: 0.3]
      [GC Worker Total (ms): Min: 161.5, Avg: 161.6, Max: 161.7, Diff: 0.1, Sum: 1293.0]
      [GC Worker End (ms): Min: 40101.6, Avg: 40101.6, Max: 40101.6, Diff: 0.1]
   [Code Root Fixup: 0.0 ms]
   [Code Root Purge: 0.0 ms]
   [Clear CT: 0.3 ms]
   [Other: 0.9 ms]
      [Choose CSet: 0.0 ms]
      [Ref Proc: 0.2 ms]
      [Ref Enq: 0.0 ms]
      [Redirty Cards: 0.3 ms]
      [Humongous Register: 0.0 ms]
      [Humongous Reclaim: 0.0 ms]
      [Free CSet: 0.2 ms]
   [Eden: 292.0M(292.0M)->0.0B(297.0M) Survivors: 42.0M->42.0M Heap: 1073.1M(2048.0M)->1075.1M(2048.0M)]
 [Times: user=1.36 sys=0.01, real=0.16 secs] 
2020-09-29T11:56:53.808+0200: 40.109: [GC pause (G1 Humongous Allocation) (young) (initial-mark), 0.0599973 secs]
   [Parallel Time: 59.3 ms, GC Workers: 8]
      [GC Worker Start (ms): Min: 40108.7, Avg: 40108.7, Max: 40108.8, Diff: 0.1]
      [Ext Root Scanning (ms): Min: 0.0, Avg: 0.2, Max: 0.5, Diff: 0.5, Sum: 1.5]
      [Update RS (ms): Min: 36.2, Avg: 36.7, Max: 37.2, Diff: 0.9, Sum: 293.2]
         [Processed Buffers: Min: 45, Avg: 48.1, Max: 51, Diff: 6, Sum: 385]
      [Scan RS (ms): Min: 1.9, Avg: 2.4, Max: 2.6, Diff: 0.7, Sum: 19.2]
      [Code Root Scanning (ms): Min: 0.0, Avg: 0.0, Max: 0.0, Diff: 0.0, Sum: 0.0]
      [Object Copy (ms): Min: 19.8, Avg: 19.8, Max: 19.8, Diff: 0.1, Sum: 158.4]
      [Termination (ms): Min: 0.0, Avg: 0.0, Max: 0.0, Diff: 0.0, Sum: 0.2]
         [Termination Attempts: Min: 1, Avg: 122.6, Max: 165, Diff: 164, Sum: 981]
      [GC Worker Other (ms): Min: 0.0, Avg: 0.0, Max: 0.0, Diff: 0.0, Sum: 0.2]
      [GC Worker Total (ms): Min: 59.0, Avg: 59.1, Max: 59.2, Diff: 0.1, Sum: 472.7]
      [GC Worker End (ms): Min: 40167.8, Avg: 40167.8, Max: 40167.8, Diff: 0.0]
   [Code Root Fixup: 0.0 ms]
   [Code Root Purge: 0.0 ms]
   [Clear CT: 0.2 ms]
   [Other: 0.5 ms]
      [Choose CSet: 0.0 ms]
      [Ref Proc: 0.2 ms]
      [Ref Enq: 0.0 ms]
      [Redirty Cards: 0.1 ms]
      [Humongous Register: 0.0 ms]
      [Humongous Reclaim: 0.0 ms]
      [Free CSet: 0.1 ms]
   [Eden: 9216.0K(297.0M)->0.0B(340.0M) Survivors: 42.0M->11.0M Heap: 1084.1M(2048.0M)->1088.1M(2048.0M)]
 [Times: user=0.50 sys=0.00, real=0.06 secs] 
2020-09-29T11:56:53.868+0200: 40.169: [GC concurrent-root-region-scan-start]
2020-09-29T11:56:53.870+0200: 40.170: [GC concurrent-root-region-scan-end, 0.0016114 secs]
2020-09-29T11:56:53.870+0200: 40.170: [GC concurrent-mark-start]
2020-09-29T11:56:53.872+0200: 40.172: [GC concurrent-mark-end, 0.0021579 secs]
2020-09-29T11:56:53.872+0200: 40.173: [GC remark 2020-09-29T11:56:53.872+0200: 40.173: [Finalize Marking, 0.0001783 secs] 2020-09-29T11:56:53.872+0200: 40.173: [GC ref-proc, 0.0002644 secs] 2020-09-29T11:56:53.872+0200: 40.173: [Unloading, 0.0004115 secs], 0.0011205 secs]
 [Times: user=0.00 sys=0.00, real=0.00 secs] 
2020-09-29T11:56:53.873+0200: 40.174: [GC cleanup 1098M->30M(2048M), 0.0011177 secs]
 [Times: user=0.00 sys=0.00, real=0.00 secs] 
2020-09-29T11:56:53.875+0200: 40.175: [GC concurrent-cleanup-start]
2020-09-29T11:56:53.876+0200: 40.176: [GC concurrent-cleanup-end, 0.0012122 secs]
2020-09-29T11:56:54.035+0200: 40.336: [GC pause (G1 Evacuation Pause) (young), 0.1666122 secs]
   [Parallel Time: 163.6 ms, GC Workers: 8]
      [GC Worker Start (ms): Min: 40336.2, Avg: 40336.3, Max: 40336.4, Diff: 0.1]
      [Ext Root Scanning (ms): Min: 0.0, Avg: 0.1, Max: 0.2, Diff: 0.1, Sum: 0.6]
      [Update RS (ms): Min: 17.2, Avg: 17.4, Max: 17.6, Diff: 0.5, Sum: 138.8]
         [Processed Buffers: Min: 20, Avg: 21.1, Max: 23, Diff: 3, Sum: 169]
      [Scan RS (ms): Min: 16.2, Avg: 16.5, Max: 16.7, Diff: 0.5, Sum: 132.0]
      [Code Root Scanning (ms): Min: 0.0, Avg: 0.0, Max: 0.0, Diff: 0.0, Sum: 0.0]
      [Object Copy (ms): Min: 129.3, Avg: 129.3, Max: 129.4, Diff: 0.1, Sum: 1034.5]
      [Termination (ms): Min: 0.0, Avg: 0.1, Max: 0.1, Diff: 0.1, Sum: 0.9]
         [Termination Attempts: Min: 1, Avg: 823.4, Max: 1038, Diff: 1037, Sum: 6587]
      [GC Worker Other (ms): Min: 0.0, Avg: 0.1, Max: 0.1, Diff: 0.0, Sum: 0.5]
      [GC Worker Total (ms): Min: 163.3, Avg: 163.4, Max: 163.5, Diff: 0.1, Sum: 1307.3]
      [GC Worker End (ms): Min: 40499.7, Avg: 40499.7, Max: 40499.8, Diff: 0.0]
   [Code Root Fixup: 0.0 ms]
   [Code Root Purge: 0.0 ms]
   [Clear CT: 0.2 ms]
   [Other: 2.8 ms]
      [Choose CSet: 0.0 ms]
      [Ref Proc: 0.2 ms]
      [Ref Enq: 0.0 ms]
      [Redirty Cards: 0.4 ms]
      [Humongous Register: 0.0 ms]
      [Humongous Reclaim: 0.0 ms]
      [Free CSet: 0.9 ms]
   [Eden: 340.0M(340.0M)->0.0B(316.0M) Survivors: 11.0M->44.0M Heap: 416.7M(2048.0M)->408.7M(2048.0M)]
 [Times: user=1.25 sys=0.00, real=0.17 secs] 
2020-09-29T11:56:54.370+0200: 40.671: [GC pause (G1 Evacuation Pause) (young), 0.1781405 secs]
   [Parallel Time: 176.0 ms, GC Workers: 8]
      [GC Worker Start (ms): Min: 40671.0, Avg: 40671.1, Max: 40671.2, Diff: 0.1]
      [Ext Root Scanning (ms): Min: 0.0, Avg: 0.1, Max: 0.1, Diff: 0.1, Sum: 0.5]
      [Update RS (ms): Min: 18.9, Avg: 19.0, Max: 19.8, Diff: 0.9, Sum: 152.2]
         [Processed Buffers: Min: 21, Avg: 23.3, Max: 27, Diff: 6, Sum: 186]
      [Scan RS (ms): Min: 16.2, Avg: 17.0, Max: 17.3, Diff: 1.0, Sum: 136.1]
      [Code Root Scanning (ms): Min: 0.0, Avg: 0.0, Max: 0.0, Diff: 0.0, Sum: 0.0]
      [Object Copy (ms): Min: 139.4, Avg: 139.6, Max: 139.7, Diff: 0.3, Sum: 1116.6]
      [Termination (ms): Min: 0.0, Avg: 0.1, Max: 0.1, Diff: 0.1, Sum: 0.7]
         [Termination Attempts: Min: 1, Avg: 670.6, Max: 837, Diff: 836, Sum: 5365]
      [GC Worker Other (ms): Min: 0.0, Avg: 0.0, Max: 0.1, Diff: 0.1, Sum: 0.3]
      [GC Worker Total (ms): Min: 175.8, Avg: 175.8, Max: 175.9, Diff: 0.1, Sum: 1406.4]
      [GC Worker End (ms): Min: 40846.9, Avg: 40846.9, Max: 40847.0, Diff: 0.1]
   [Code Root Fixup: 0.0 ms]
   [Code Root Purge: 0.0 ms]
   [Clear CT: 0.2 ms]
   [Other: 2.0 ms]
      [Choose CSet: 0.0 ms]
      [Ref Proc: 0.1 ms]
      [Ref Enq: 0.0 ms]
      [Redirty Cards: 0.4 ms]
      [Humongous Register: 0.0 ms]
      [Humongous Reclaim: 0.0 ms]
      [Free CSet: 1.2 ms]
   [Eden: 316.0M(316.0M)->0.0B(310.0M) Survivors: 44.0M->45.0M Heap: 778.1M(2048.0M)->780.1M(2048.0M)]
 [Times: user=1.34 sys=0.03, real=0.18 secs] 
2020-09-29T11:56:54.702+0200: 41.003: [GC pause (G1 Evacuation Pause) (young), 0.1731825 secs]
   [Parallel Time: 171.8 ms, GC Workers: 8]
      [GC Worker Start (ms): Min: 41003.1, Avg: 41003.2, Max: 41003.3, Diff: 0.1]
      [Ext Root Scanning (ms): Min: 0.0, Avg: 0.1, Max: 0.2, Diff: 0.1, Sum: 0.6]
      [Update RS (ms): Min: 19.6, Avg: 19.8, Max: 20.4, Diff: 0.7, Sum: 158.7]
         [Processed Buffers: Min: 22, Avg: 24.0, Max: 26, Diff: 4, Sum: 192]
      [Scan RS (ms): Min: 15.7, Avg: 16.3, Max: 16.6, Diff: 0.9, Sum: 130.6]
      [Code Root Scanning (ms): Min: 0.0, Avg: 0.0, Max: 0.0, Diff: 0.0, Sum: 0.0]
      [Object Copy (ms): Min: 135.1, Avg: 135.2, Max: 135.4, Diff: 0.2, Sum: 1081.8]
      [Termination (ms): Min: 0.0, Avg: 0.1, Max: 0.1, Diff: 0.1, Sum: 0.5]
         [Termination Attempts: Min: 1, Avg: 510.3, Max: 618, Diff: 617, Sum: 4082]
      [GC Worker Other (ms): Min: 0.0, Avg: 0.0, Max: 0.1, Diff: 0.1, Sum: 0.4]
      [GC Worker Total (ms): Min: 171.5, Avg: 171.6, Max: 171.7, Diff: 0.2, Sum: 1372.7]
      [GC Worker End (ms): Min: 41174.8, Avg: 41174.8, Max: 41174.8, Diff: 0.1]
   [Code Root Fixup: 0.0 ms]
   [Code Root Purge: 0.0 ms]
   [Clear CT: 0.5 ms]
   [Other: 0.9 ms]
      [Choose CSet: 0.0 ms]
      [Ref Proc: 0.2 ms]
      [Ref Enq: 0.0 ms]
      [Redirty Cards: 0.2 ms]
      [Humongous Register: 0.0 ms]
      [Humongous Reclaim: 0.0 ms]
      [Free CSet: 0.3 ms]
   [Eden: 310.0M(310.0M)->0.0B(311.0M) Survivors: 45.0M->45.0M Heap: 1141.6M(2048.0M)->1143.1M(2048.0M)]
 [Times: user=1.28 sys=0.09, real=0.17 secs] 
2020-09-29T11:56:54.880+0200: 41.180: [GC pause (G1 Humongous Allocation) (young) (initial-mark), 0.0657216 secs]
   [Parallel Time: 65.0 ms, GC Workers: 8]
      [GC Worker Start (ms): Min: 41180.4, Avg: 41180.5, Max: 41180.6, Diff: 0.1]
      [Ext Root Scanning (ms): Min: 0.0, Avg: 0.1, Max: 0.2, Diff: 0.1, Sum: 0.7]
      [Update RS (ms): Min: 41.3, Avg: 41.4, Max: 41.6, Diff: 0.3, Sum: 331.1]
         [Processed Buffers: Min: 52, Avg: 55.0, Max: 57, Diff: 5, Sum: 440]
      [Scan RS (ms): Min: 0.9, Avg: 1.1, Max: 1.3, Diff: 0.3, Sum: 9.1]
      [Code Root Scanning (ms): Min: 0.0, Avg: 0.0, Max: 0.0, Diff: 0.0, Sum: 0.0]
      [Object Copy (ms): Min: 22.0, Avg: 22.1, Max: 22.2, Diff: 0.1, Sum: 176.9]
      [Termination (ms): Min: 0.0, Avg: 0.0, Max: 0.0, Diff: 0.0, Sum: 0.1]
         [Termination Attempts: Min: 1, Avg: 136.0, Max: 186, Diff: 185, Sum: 1088]
      [GC Worker Other (ms): Min: 0.0, Avg: 0.0, Max: 0.0, Diff: 0.0, Sum: 0.1]
      [GC Worker Total (ms): Min: 64.7, Avg: 64.8, Max: 64.8, Diff: 0.1, Sum: 518.1]
      [GC Worker End (ms): Min: 41245.3, Avg: 41245.3, Max: 41245.3, Diff: 0.0]
   [Code Root Fixup: 0.0 ms]
   [Code Root Purge: 0.0 ms]
   [Clear CT: 0.1 ms]
   [Other: 0.6 ms]
      [Choose CSet: 0.0 ms]
      [Ref Proc: 0.2 ms]
      [Ref Enq: 0.0 ms]
      [Redirty Cards: 0.1 ms]
      [Humongous Register: 0.0 ms]
      [Humongous Reclaim: 0.0 ms]
      [Free CSet: 0.0 ms]
   [Eden: 7168.0K(311.0M)->0.0B(340.0M) Survivors: 45.0M->9216.0K Heap: 1150.1M(2048.0M)->1155.1M(2048.0M)]
 [Times: user=0.50 sys=0.00, real=0.06 secs] 
2020-09-29T11:56:54.945+0200: 41.246: [GC concurrent-root-region-scan-start]
2020-09-29T11:56:54.947+0200: 41.248: [GC concurrent-root-region-scan-end, 0.0014036 secs]
2020-09-29T11:56:54.947+0200: 41.248: [GC concurrent-mark-start]
2020-09-29T11:56:54.949+0200: 41.250: [GC concurrent-mark-end, 0.0023812 secs]
2020-09-29T11:56:54.949+0200: 41.250: [GC remark 2020-09-29T11:56:54.949+0200: 41.250: [Finalize Marking, 0.0001945 secs] 2020-09-29T11:56:54.950+0200: 41.250: [GC ref-proc, 0.0002806 secs] 2020-09-29T11:56:54.950+0200: 41.251: [Unloading, 0.0004376 secs], 0.0012237 secs]
 [Times: user=0.00 sys=0.00, real=0.00 secs] 
2020-09-29T11:56:54.951+0200: 41.252: [GC cleanup 1164M->26M(2048M), 0.0011009 secs]
 [Times: user=0.00 sys=0.00, real=0.00 secs] 
2020-09-29T11:56:54.952+0200: 41.253: [GC concurrent-cleanup-start]
2020-09-29T11:56:54.954+0200: 41.254: [GC concurrent-cleanup-end, 0.0014203 secs]
2020-09-29T11:56:55.132+0200: 41.433: [GC pause (G1 Evacuation Pause) (young), 0.1663458 secs]
   [Parallel Time: 165.1 ms, GC Workers: 8]
      [GC Worker Start (ms): Min: 41432.9, Avg: 41433.0, Max: 41433.1, Diff: 0.2]
      [Ext Root Scanning (ms): Min: 0.0, Avg: 0.1, Max: 0.7, Diff: 0.7, Sum: 1.2]
      [Update RS (ms): Min: 16.4, Avg: 17.1, Max: 17.5, Diff: 1.1, Sum: 136.8]
         [Processed Buffers: Min: 20, Avg: 21.0, Max: 22, Diff: 2, Sum: 168]
      [Scan RS (ms): Min: 15.3, Avg: 15.6, Max: 15.8, Diff: 0.5, Sum: 124.7]
      [Code Root Scanning (ms): Min: 0.0, Avg: 0.0, Max: 0.0, Diff: 0.0, Sum: 0.0]
      [Object Copy (ms): Min: 131.8, Avg: 132.0, Max: 132.1, Diff: 0.2, Sum: 1055.7]
      [Termination (ms): Min: 0.0, Avg: 0.1, Max: 0.1, Diff: 0.1, Sum: 0.6]
         [Termination Attempts: Min: 1, Avg: 465.1, Max: 567, Diff: 566, Sum: 3721]
      [GC Worker Other (ms): Min: 0.0, Avg: 0.0, Max: 0.1, Diff: 0.0, Sum: 0.3]
      [GC Worker Total (ms): Min: 164.8, Avg: 164.9, Max: 165.0, Diff: 0.2, Sum: 1319.4]
      [GC Worker End (ms): Min: 41597.9, Avg: 41597.9, Max: 41597.9, Diff: 0.0]
   [Code Root Fixup: 0.0 ms]
   [Code Root Purge: 0.0 ms]
   [Clear CT: 0.2 ms]
   [Other: 1.1 ms]
      [Choose CSet: 0.0 ms]
      [Ref Proc: 0.3 ms]
      [Ref Enq: 0.0 ms]
      [Redirty Cards: 0.2 ms]
      [Humongous Register: 0.0 ms]
      [Humongous Reclaim: 0.0 ms]
      [Free CSet: 0.3 ms]
   [Eden: 340.0M(340.0M)->0.0B(318.0M) Survivors: 9216.0K->44.0M Heap: 415.2M(2048.0M)->407.7M(2048.0M)]
 [Times: user=1.25 sys=0.00, real=0.17 secs] 
2020-09-29T11:56:55.455+0200: 41.756: [GC pause (G1 Evacuation Pause) (young), 0.1932375 secs]
   [Parallel Time: 192.4 ms, GC Workers: 8]
      [GC Worker Start (ms): Min: 41756.2, Avg: 41756.3, Max: 41756.4, Diff: 0.2]
      [Ext Root Scanning (ms): Min: 0.0, Avg: 0.1, Max: 0.2, Diff: 0.2, Sum: 0.5]
      [Update RS (ms): Min: 21.9, Avg: 22.0, Max: 22.4, Diff: 0.5, Sum: 176.1]
         [Processed Buffers: Min: 20, Avg: 26.6, Max: 28, Diff: 8, Sum: 213]
      [Scan RS (ms): Min: 15.7, Avg: 16.1, Max: 16.3, Diff: 0.6, Sum: 129.0]
      [Code Root Scanning (ms): Min: 0.0, Avg: 0.0, Max: 0.0, Diff: 0.0, Sum: 0.0]
      [Object Copy (ms): Min: 153.5, Avg: 153.6, Max: 153.7, Diff: 0.3, Sum: 1228.6]
      [Termination (ms): Min: 0.0, Avg: 0.1, Max: 0.1, Diff: 0.1, Sum: 0.6]
         [Termination Attempts: Min: 1, Avg: 527.5, Max: 639, Diff: 638, Sum: 4220]
      [GC Worker Other (ms): Min: 0.0, Avg: 0.2, Max: 0.3, Diff: 0.3, Sum: 1.3]
      [GC Worker Total (ms): Min: 191.8, Avg: 192.0, Max: 192.2, Diff: 0.4, Sum: 1536.1]
      [GC Worker End (ms): Min: 41948.2, Avg: 41948.4, Max: 41948.5, Diff: 0.3]
   [Code Root Fixup: 0.0 ms]
   [Code Root Purge: 0.0 ms]
   [Clear CT: 0.2 ms]
   [Other: 0.7 ms]
      [Choose CSet: 0.0 ms]
      [Ref Proc: 0.1 ms]
      [Ref Enq: 0.0 ms]
      [Redirty Cards: 0.2 ms]
      [Humongous Register: 0.0 ms]
      [Humongous Reclaim: 0.0 ms]
      [Free CSet: 0.2 ms]
   [Eden: 318.0M(318.0M)->0.0B(299.0M) Survivors: 44.0M->46.0M Heap: 779.1M(2048.0M)->781.6M(2048.0M)]
 [Times: user=1.47 sys=0.03, real=0.19 secs] 
2020-09-29T11:56:55.794+0200: 42.095: [GC pause (G1 Evacuation Pause) (young), 0.1866905 secs]
   [Parallel Time: 185.6 ms, GC Workers: 8]
      [GC Worker Start (ms): Min: 42094.8, Avg: 42094.9, Max: 42095.0, Diff: 0.2]
      [Ext Root Scanning (ms): Min: 0.0, Avg: 0.1, Max: 0.2, Diff: 0.2, Sum: 0.5]
      [Update RS (ms): Min: 26.0, Avg: 26.3, Max: 26.6, Diff: 0.7, Sum: 210.0]
         [Processed Buffers: Min: 17, Avg: 24.1, Max: 28, Diff: 11, Sum: 193]
      [Scan RS (ms): Min: 20.8, Avg: 21.2, Max: 21.5, Diff: 0.7, Sum: 169.7]
      [Code Root Scanning (ms): Min: 0.0, Avg: 0.0, Max: 0.0, Diff: 0.0, Sum: 0.0]
      [Object Copy (ms): Min: 137.2, Avg: 137.3, Max: 137.4, Diff: 0.2, Sum: 1098.1]
      [Termination (ms): Min: 0.0, Avg: 0.1, Max: 0.1, Diff: 0.1, Sum: 0.8]
         [Termination Attempts: Min: 1, Avg: 776.4, Max: 964, Diff: 963, Sum: 6211]
      [GC Worker Other (ms): Min: 0.0, Avg: 0.2, Max: 0.5, Diff: 0.5, Sum: 1.2]
      [GC Worker Total (ms): Min: 184.9, Avg: 185.0, Max: 185.4, Diff: 0.5, Sum: 1480.4]
      [GC Worker End (ms): Min: 42279.8, Avg: 42279.9, Max: 42280.3, Diff: 0.5]
   [Code Root Fixup: 0.0 ms]
   [Code Root Purge: 0.0 ms]
   [Clear CT: 0.2 ms]
   [Other: 0.9 ms]
      [Choose CSet: 0.0 ms]
      [Ref Proc: 0.2 ms]
      [Ref Enq: 0.0 ms]
      [Redirty Cards: 0.3 ms]
      [Humongous Register: 0.1 ms]
      [Humongous Reclaim: 0.0 ms]
      [Free CSet: 0.2 ms]
   [Eden: 299.0M(299.0M)->0.0B(279.0M) Survivors: 46.0M->44.0M Heap: 1130.2M(2048.0M)->1132.2M(2048.0M)]
 [Times: user=1.39 sys=0.09, real=0.19 secs] 
2020-09-29T11:56:55.990+0200: 42.290: [GC pause (G1 Humongous Allocation) (young) (initial-mark), 0.0558870 secs]
   [Parallel Time: 55.1 ms, GC Workers: 8]
      [GC Worker Start (ms): Min: 42290.5, Avg: 42290.6, Max: 42290.7, Diff: 0.1]
      [Ext Root Scanning (ms): Min: 0.0, Avg: 0.2, Max: 0.7, Diff: 0.7, Sum: 1.9]
      [Update RS (ms): Min: 31.5, Avg: 32.3, Max: 32.8, Diff: 1.3, Sum: 258.0]
         [Processed Buffers: Min: 40, Avg: 42.6, Max: 46, Diff: 6, Sum: 341]
      [Scan RS (ms): Min: 2.5, Avg: 2.8, Max: 3.1, Diff: 0.6, Sum: 22.8]
      [Code Root Scanning (ms): Min: 0.0, Avg: 0.0, Max: 0.0, Diff: 0.0, Sum: 0.0]
      [Object Copy (ms): Min: 19.5, Avg: 19.5, Max: 19.6, Diff: 0.1, Sum: 156.4]
      [Termination (ms): Min: 0.0, Avg: 0.0, Max: 0.1, Diff: 0.1, Sum: 0.3]
         [Termination Attempts: Min: 1, Avg: 231.0, Max: 323, Diff: 322, Sum: 1848]
      [GC Worker Other (ms): Min: 0.0, Avg: 0.0, Max: 0.0, Diff: 0.0, Sum: 0.2]
      [GC Worker Total (ms): Min: 54.9, Avg: 54.9, Max: 55.0, Diff: 0.1, Sum: 439.6]
      [GC Worker End (ms): Min: 42345.5, Avg: 42345.5, Max: 42345.5, Diff: 0.0]
   [Code Root Fixup: 0.0 ms]
   [Code Root Purge: 0.0 ms]
   [Clear CT: 0.2 ms]
   [Other: 0.6 ms]
      [Choose CSet: 0.0 ms]
      [Ref Proc: 0.2 ms]
      [Ref Enq: 0.0 ms]
      [Redirty Cards: 0.1 ms]
      [Humongous Register: 0.0 ms]
      [Humongous Reclaim: 0.0 ms]
      [Free CSet: 0.1 ms]
   [Eden: 5120.0K(279.0M)->0.0B(335.0M) Survivors: 44.0M->7168.0K Heap: 1136.7M(2048.0M)->1141.7M(2048.0M)]
 [Times: user=0.38 sys=0.00, real=0.06 secs] 
2020-09-29T11:56:56.046+0200: 42.346: [GC concurrent-root-region-scan-start]
2020-09-29T11:56:56.046+0200: 42.347: [GC concurrent-root-region-scan-end, 0.0008360 secs]
2020-09-29T11:56:56.046+0200: 42.347: [GC concurrent-mark-start]
2020-09-29T11:56:56.049+0200: 42.349: [GC concurrent-mark-end, 0.0022373 secs]
2020-09-29T11:56:56.049+0200: 42.350: [GC remark 2020-09-29T11:56:56.049+0200: 42.350: [Finalize Marking, 0.0001838 secs] 2020-09-29T11:56:56.049+0200: 42.350: [GC ref-proc, 0.0002739 secs] 2020-09-29T11:56:56.049+0200: 42.350: [Unloading, 0.0004266 secs], 0.0011636 secs]
 [Times: user=0.00 sys=0.00, real=0.00 secs] 
2020-09-29T11:56:56.050+0200: 42.351: [GC cleanup 1150M->24M(2048M), 0.0010817 secs]
 [Times: user=0.08 sys=0.02, real=0.00 secs] 
2020-09-29T11:56:56.052+0200: 42.352: [GC concurrent-cleanup-start]
2020-09-29T11:56:56.053+0200: 42.354: [GC concurrent-cleanup-end, 0.0015388 secs]
2020-09-29T11:56:56.210+0200: 42.511: [GC pause (G1 Evacuation Pause) (young), 0.1675660 secs]
   [Parallel Time: 166.3 ms, GC Workers: 8]
      [GC Worker Start (ms): Min: 42511.0, Avg: 42511.1, Max: 42511.1, Diff: 0.1]
      [Ext Root Scanning (ms): Min: 0.0, Avg: 0.1, Max: 0.1, Diff: 0.1, Sum: 0.6]
      [Update RS (ms): Min: 16.8, Avg: 16.8, Max: 16.9, Diff: 0.1, Sum: 134.6]
         [Processed Buffers: Min: 17, Avg: 20.5, Max: 23, Diff: 6, Sum: 164]
      [Scan RS (ms): Min: 16.1, Avg: 16.2, Max: 16.3, Diff: 0.2, Sum: 129.3]
      [Code Root Scanning (ms): Min: 0.0, Avg: 0.0, Max: 0.0, Diff: 0.0, Sum: 0.0]
      [Object Copy (ms): Min: 132.6, Avg: 132.8, Max: 133.0, Diff: 0.3, Sum: 1062.4]
      [Termination (ms): Min: 0.0, Avg: 0.1, Max: 0.2, Diff: 0.2, Sum: 1.2]
         [Termination Attempts: Min: 1, Avg: 997.9, Max: 1210, Diff: 1209, Sum: 7983]
      [GC Worker Other (ms): Min: 0.0, Avg: 0.1, Max: 0.1, Diff: 0.1, Sum: 0.4]
      [GC Worker Total (ms): Min: 166.0, Avg: 166.1, Max: 166.1, Diff: 0.2, Sum: 1328.5]
      [GC Worker End (ms): Min: 42677.1, Avg: 42677.1, Max: 42677.2, Diff: 0.1]
   [Code Root Fixup: 0.0 ms]
   [Code Root Purge: 0.0 ms]
   [Clear CT: 0.2 ms]
   [Other: 1.1 ms]
      [Choose CSet: 0.0 ms]
      [Ref Proc: 0.1 ms]
      [Ref Enq: 0.0 ms]
      [Redirty Cards: 0.3 ms]
      [Humongous Register: 0.0 ms]
      [Humongous Reclaim: 0.0 ms]
      [Free CSet: 0.5 ms]
   [Eden: 335.0M(335.0M)->0.0B(309.0M) Survivors: 7168.0K->43.0M Heap: 408.2M(2048.0M)->403.2M(2048.0M)]
 [Times: user=1.25 sys=0.00, real=0.17 secs] 
2020-09-29T11:56:56.538+0200: 42.838: [GC pause (G1 Evacuation Pause) (young), 0.1739094 secs]
   [Parallel Time: 172.7 ms, GC Workers: 8]
      [GC Worker Start (ms): Min: 42838.6, Avg: 42838.7, Max: 42838.7, Diff: 0.1]
      [Ext Root Scanning (ms): Min: 0.0, Avg: 0.1, Max: 0.1, Diff: 0.1, Sum: 0.6]
      [Update RS (ms): Min: 18.0, Avg: 18.2, Max: 18.6, Diff: 0.6, Sum: 145.2]
         [Processed Buffers: Min: 19, Avg: 22.3, Max: 24, Diff: 5, Sum: 178]
      [Scan RS (ms): Min: 16.4, Avg: 16.9, Max: 17.2, Diff: 0.8, Sum: 135.3]
      [Code Root Scanning (ms): Min: 0.0, Avg: 0.0, Max: 0.0, Diff: 0.0, Sum: 0.0]
      [Object Copy (ms): Min: 137.2, Avg: 137.3, Max: 137.4, Diff: 0.2, Sum: 1098.2]
      [Termination (ms): Min: 0.0, Avg: 0.0, Max: 0.0, Diff: 0.0, Sum: 0.0]
         [Termination Attempts: Min: 1, Avg: 26.6, Max: 39, Diff: 38, Sum: 213]
      [GC Worker Other (ms): Min: 0.0, Avg: 0.0, Max: 0.1, Diff: 0.1, Sum: 0.4]
      [GC Worker Total (ms): Min: 172.4, Avg: 172.5, Max: 172.5, Diff: 0.1, Sum: 1379.8]
      [GC Worker End (ms): Min: 43011.1, Avg: 43011.2, Max: 43011.2, Diff: 0.1]
   [Code Root Fixup: 0.0 ms]
   [Code Root Purge: 0.0 ms]
   [Clear CT: 0.3 ms]
   [Other: 1.0 ms]
      [Choose CSet: 0.0 ms]
      [Ref Proc: 0.3 ms]
      [Ref Enq: 0.0 ms]
      [Redirty Cards: 0.3 ms]
      [Humongous Register: 0.0 ms]
      [Humongous Reclaim: 0.0 ms]
      [Free CSet: 0.2 ms]
   [Eden: 309.0M(309.0M)->0.0B(307.0M) Survivors: 43.0M->44.0M Heap: 763.7M(2048.0M)->765.7M(2048.0M)]
 [Times: user=1.38 sys=0.00, real=0.17 secs] 
2020-09-29T11:56:56.867+0200: 43.167: [GC pause (G1 Evacuation Pause) (young), 0.1737374 secs]
   [Parallel Time: 172.7 ms, GC Workers: 8]
      [GC Worker Start (ms): Min: 43167.4, Avg: 43167.5, Max: 43167.6, Diff: 0.2]
      [Ext Root Scanning (ms): Min: 0.0, Avg: 0.1, Max: 0.2, Diff: 0.2, Sum: 0.4]
      [Update RS (ms): Min: 19.1, Avg: 19.2, Max: 19.8, Diff: 0.6, Sum: 154.0]
         [Processed Buffers: Min: 22, Avg: 24.4, Max: 28, Diff: 6, Sum: 195]
      [Scan RS (ms): Min: 14.9, Avg: 15.5, Max: 15.9, Diff: 1.0, Sum: 124.1]
      [Code Root Scanning (ms): Min: 0.0, Avg: 0.0, Max: 0.0, Diff: 0.0, Sum: 0.0]
      [Object Copy (ms): Min: 137.4, Avg: 137.6, Max: 137.7, Diff: 0.3, Sum: 1101.1]
      [Termination (ms): Min: 0.0, Avg: 0.0, Max: 0.0, Diff: 0.0, Sum: 0.2]
         [Termination Attempts: Min: 1, Avg: 139.6, Max: 177, Diff: 176, Sum: 1117]
      [GC Worker Other (ms): Min: 0.0, Avg: 0.1, Max: 0.1, Diff: 0.0, Sum: 0.4]
      [GC Worker Total (ms): Min: 172.4, Avg: 172.5, Max: 172.6, Diff: 0.2, Sum: 1380.2]
      [GC Worker End (ms): Min: 43340.0, Avg: 43340.0, Max: 43340.1, Diff: 0.0]
   [Code Root Fixup: 0.0 ms]
   [Code Root Purge: 0.0 ms]
   [Clear CT: 0.2 ms]
   [Other: 0.8 ms]
      [Choose CSet: 0.0 ms]
      [Ref Proc: 0.2 ms]
      [Ref Enq: 0.0 ms]
      [Redirty Cards: 0.3 ms]
      [Humongous Register: 0.0 ms]
      [Humongous Reclaim: 0.0 ms]
      [Free CSet: 0.2 ms]
   [Eden: 307.0M(307.0M)->0.0B(309.0M) Survivors: 44.0M->44.0M Heap: 1124.2M(2048.0M)->1126.2M(2048.0M)]
 [Times: user=1.38 sys=0.00, real=0.17 secs] 
2020-09-29T11:56:57.049+0200: 43.350: [GC pause (G1 Humongous Allocation) (young) (initial-mark), 0.0602463 secs]
   [Parallel Time: 59.5 ms, GC Workers: 8]
      [GC Worker Start (ms): Min: 43349.8, Avg: 43349.8, Max: 43349.9, Diff: 0.1]
      [Ext Root Scanning (ms): Min: 0.0, Avg: 0.1, Max: 0.1, Diff: 0.1, Sum: 0.6]
      [Update RS (ms): Min: 35.2, Avg: 35.4, Max: 35.8, Diff: 0.7, Sum: 283.1]
         [Processed Buffers: Min: 44, Avg: 46.6, Max: 48, Diff: 4, Sum: 373]
      [Scan RS (ms): Min: 2.4, Avg: 2.8, Max: 3.0, Diff: 0.6, Sum: 22.0]
      [Code Root Scanning (ms): Min: 0.0, Avg: 0.0, Max: 0.0, Diff: 0.0, Sum: 0.0]
      [Object Copy (ms): Min: 21.0, Avg: 21.1, Max: 21.1, Diff: 0.1, Sum: 168.8]
      [Termination (ms): Min: 0.0, Avg: 0.0, Max: 0.0, Diff: 0.0, Sum: 0.0]
         [Termination Attempts: Min: 1, Avg: 8.0, Max: 12, Diff: 11, Sum: 64]
      [GC Worker Other (ms): Min: 0.0, Avg: 0.0, Max: 0.0, Diff: 0.0, Sum: 0.1]
      [GC Worker Total (ms): Min: 59.3, Avg: 59.3, Max: 59.4, Diff: 0.1, Sum: 474.7]
      [GC Worker End (ms): Min: 43409.2, Avg: 43409.2, Max: 43409.2, Diff: 0.0]
   [Code Root Fixup: 0.0 ms]
   [Code Root Purge: 0.0 ms]
   [Clear CT: 0.2 ms]
   [Other: 0.5 ms]
      [Choose CSet: 0.0 ms]
      [Ref Proc: 0.1 ms]
      [Ref Enq: 0.0 ms]
      [Redirty Cards: 0.1 ms]
      [Humongous Register: 0.0 ms]
      [Humongous Reclaim: 0.0 ms]
      [Free CSet: 0.1 ms]
   [Eden: 11.0M(309.0M)->0.0B(346.0M) Survivors: 44.0M->13.0M Heap: 1136.7M(2048.0M)->1141.2M(2048.0M)]
 [Times: user=0.50 sys=0.00, real=0.06 secs] 
2020-09-29T11:56:57.109+0200: 43.410: [GC concurrent-root-region-scan-start]
2020-09-29T11:56:57.112+0200: 43.412: [GC concurrent-root-region-scan-end, 0.0024496 secs]
2020-09-29T11:56:57.112+0200: 43.412: [GC concurrent-mark-start]
2020-09-29T11:56:57.114+0200: 43.415: [GC concurrent-mark-end, 0.0023077 secs]
2020-09-29T11:56:57.114+0200: 43.415: [GC remark 2020-09-29T11:56:57.114+0200: 43.415: [Finalize Marking, 0.0001882 secs] 2020-09-29T11:56:57.114+0200: 43.415: [GC ref-proc, 0.0002804 secs] 2020-09-29T11:56:57.115+0200: 43.415: [Unloading, 0.0003972 secs], 0.0012082 secs]
 [Times: user=0.00 sys=0.00, real=0.00 secs] 
2020-09-29T11:56:57.116+0200: 43.416: [GC cleanup 1153M->33M(2048M), 0.0010856 secs]
 [Times: user=0.00 sys=0.00, real=0.00 secs] 
2020-09-29T11:56:57.117+0200: 43.418: [GC concurrent-cleanup-start]
2020-09-29T11:56:57.118+0200: 43.419: [GC concurrent-cleanup-end, 0.0016334 secs]
2020-09-29T11:56:57.281+0200: 43.582: [GC pause (G1 Evacuation Pause) (young), 0.1772174 secs]
   [Parallel Time: 175.9 ms, GC Workers: 8]
      [GC Worker Start (ms): Min: 43581.8, Avg: 43581.9, Max: 43582.0, Diff: 0.2]
      [Ext Root Scanning (ms): Min: 0.0, Avg: 0.1, Max: 0.1, Diff: 0.1, Sum: 0.6]
      [Update RS (ms): Min: 21.1, Avg: 21.1, Max: 21.2, Diff: 0.1, Sum: 168.8]
         [Processed Buffers: Min: 23, Avg: 24.8, Max: 26, Diff: 3, Sum: 198]
      [Scan RS (ms): Min: 15.2, Avg: 15.3, Max: 15.5, Diff: 0.3, Sum: 122.3]
      [Code Root Scanning (ms): Min: 0.0, Avg: 0.0, Max: 0.0, Diff: 0.0, Sum: 0.0]
      [Object Copy (ms): Min: 138.8, Avg: 139.0, Max: 139.2, Diff: 0.4, Sum: 1111.8]
      [Termination (ms): Min: 0.0, Avg: 0.2, Max: 0.3, Diff: 0.3, Sum: 1.6]
         [Termination Attempts: Min: 1, Avg: 1319.4, Max: 1609, Diff: 1608, Sum: 10555]
      [GC Worker Other (ms): Min: 0.1, Avg: 0.1, Max: 0.1, Diff: 0.0, Sum: 0.5]
      [GC Worker Total (ms): Min: 175.6, Avg: 175.7, Max: 175.8, Diff: 0.2, Sum: 1405.7]
      [GC Worker End (ms): Min: 43757.6, Avg: 43757.6, Max: 43757.6, Diff: 0.0]
   [Code Root Fixup: 0.0 ms]
   [Code Root Purge: 0.0 ms]
   [Clear CT: 0.1 ms]
   [Other: 1.1 ms]
      [Choose CSet: 0.0 ms]
      [Ref Proc: 0.2 ms]
      [Ref Enq: 0.0 ms]
      [Redirty Cards: 0.4 ms]
      [Humongous Register: 0.0 ms]
      [Humongous Reclaim: 0.0 ms]
      [Free CSet: 0.2 ms]
   [Eden: 346.0M(346.0M)->0.0B(319.0M) Survivors: 13.0M->45.0M Heap: 426.6M(2048.0M)->416.1M(2048.0M)]
 [Times: user=1.36 sys=0.03, real=0.18 secs] 
2020-09-29T11:56:57.618+0200: 43.918: [GC pause (G1 Evacuation Pause) (young), 0.1833248 secs]
   [Parallel Time: 182.2 ms, GC Workers: 8]
      [GC Worker Start (ms): Min: 43918.6, Avg: 43918.7, Max: 43918.7, Diff: 0.1]
      [Ext Root Scanning (ms): Min: 0.0, Avg: 0.1, Max: 0.1, Diff: 0.1, Sum: 0.5]
      [Update RS (ms): Min: 16.7, Avg: 16.7, Max: 16.9, Diff: 0.2, Sum: 133.9]
         [Processed Buffers: Min: 19, Avg: 21.0, Max: 24, Diff: 5, Sum: 168]
      [Scan RS (ms): Min: 18.5, Avg: 18.8, Max: 18.9, Diff: 0.3, Sum: 150.2]
      [Code Root Scanning (ms): Min: 0.0, Avg: 0.0, Max: 0.0, Diff: 0.0, Sum: 0.0]
      [Object Copy (ms): Min: 146.2, Avg: 146.3, Max: 146.4, Diff: 0.3, Sum: 1170.4]
      [Termination (ms): Min: 0.0, Avg: 0.1, Max: 0.1, Diff: 0.1, Sum: 0.6]
         [Termination Attempts: Min: 1, Avg: 554.8, Max: 669, Diff: 668, Sum: 4438]
      [GC Worker Other (ms): Min: 0.0, Avg: 0.1, Max: 0.1, Diff: 0.1, Sum: 0.4]
      [GC Worker Total (ms): Min: 181.9, Avg: 182.0, Max: 182.1, Diff: 0.1, Sum: 1456.0]
      [GC Worker End (ms): Min: 44100.6, Avg: 44100.7, Max: 44100.7, Diff: 0.1]
   [Code Root Fixup: 0.0 ms]
   [Code Root Purge: 0.0 ms]
   [Clear CT: 0.2 ms]
   [Other: 1.0 ms]
      [Choose CSet: 0.0 ms]
      [Ref Proc: 0.2 ms]
      [Ref Enq: 0.0 ms]
      [Redirty Cards: 0.3 ms]
      [Humongous Register: 0.0 ms]
      [Humongous Reclaim: 0.0 ms]
      [Free CSet: 0.3 ms]
   [Eden: 319.0M(319.0M)->0.0B(307.0M) Survivors: 45.0M->46.0M Heap: 788.5M(2048.0M)->790.0M(2048.0M)]
 [Times: user=1.44 sys=0.02, real=0.18 secs] 
2020-09-29T11:56:57.957+0200: 44.258: [GC pause (G1 Evacuation Pause) (young), 0.1733221 secs]
   [Parallel Time: 172.0 ms, GC Workers: 8]
      [GC Worker Start (ms): Min: 44258.3, Avg: 44258.4, Max: 44258.5, Diff: 0.2]
      [Ext Root Scanning (ms): Min: 0.0, Avg: 0.1, Max: 0.2, Diff: 0.2, Sum: 0.4]
      [Update RS (ms): Min: 16.5, Avg: 16.8, Max: 17.2, Diff: 0.7, Sum: 134.5]
         [Processed Buffers: Min: 18, Avg: 20.0, Max: 21, Diff: 3, Sum: 160]
      [Scan RS (ms): Min: 16.6, Avg: 17.0, Max: 17.2, Diff: 0.6, Sum: 135.7]
      [Code Root Scanning (ms): Min: 0.0, Avg: 0.0, Max: 0.0, Diff: 0.0, Sum: 0.0]
      [Object Copy (ms): Min: 137.6, Avg: 137.8, Max: 137.9, Diff: 0.3, Sum: 1102.1]
      [Termination (ms): Min: 0.0, Avg: 0.2, Max: 0.2, Diff: 0.2, Sum: 1.4]
         [Termination Attempts: Min: 1, Avg: 1346.0, Max: 1612, Diff: 1611, Sum: 10768]
      [GC Worker Other (ms): Min: 0.0, Avg: 0.0, Max: 0.1, Diff: 0.1, Sum: 0.3]
      [GC Worker Total (ms): Min: 171.7, Avg: 171.8, Max: 171.9, Diff: 0.1, Sum: 1374.6]
      [GC Worker End (ms): Min: 44430.2, Avg: 44430.2, Max: 44430.2, Diff: 0.1]
   [Code Root Fixup: 0.0 ms]
   [Code Root Purge: 0.0 ms]
   [Clear CT: 0.3 ms]
   [Other: 1.0 ms]
      [Choose CSet: 0.0 ms]
      [Ref Proc: 0.2 ms]
      [Ref Enq: 0.0 ms]
      [Redirty Cards: 0.4 ms]
      [Humongous Register: 0.0 ms]
      [Humongous Reclaim: 0.0 ms]
      [Free CSet: 0.2 ms]
   [Eden: 307.0M(307.0M)->0.0B(309.0M) Survivors: 46.0M->45.0M Heap: 1146.6M(2048.0M)->1148.6M(2048.0M)]
 [Times: user=1.38 sys=0.02, real=0.17 secs] 
2020-09-29T11:56:58.135+0200: 44.436: [GC pause (G1 Humongous Allocation) (young) (initial-mark), 0.0713894 secs]
   [Parallel Time: 69.7 ms, GC Workers: 8]
      [GC Worker Start (ms): Min: 44435.8, Avg: 44435.8, Max: 44435.8, Diff: 0.1]
      [Ext Root Scanning (ms): Min: 0.0, Avg: 0.1, Max: 0.1, Diff: 0.1, Sum: 0.7]
      [Update RS (ms): Min: 39.3, Avg: 39.4, Max: 39.7, Diff: 0.4, Sum: 315.2]
         [Processed Buffers: Min: 48, Avg: 52.8, Max: 55, Diff: 7, Sum: 422]
      [Scan RS (ms): Min: 1.2, Avg: 1.6, Max: 1.7, Diff: 0.4, Sum: 12.6]
      [Code Root Scanning (ms): Min: 0.0, Avg: 0.0, Max: 0.0, Diff: 0.0, Sum: 0.0]
      [Object Copy (ms): Min: 28.2, Avg: 28.3, Max: 28.4, Diff: 0.2, Sum: 226.1]
      [Termination (ms): Min: 0.0, Avg: 0.1, Max: 0.2, Diff: 0.2, Sum: 1.2]
         [Termination Attempts: Min: 1, Avg: 1120.0, Max: 1527, Diff: 1526, Sum: 8960]
      [GC Worker Other (ms): Min: 0.0, Avg: 0.0, Max: 0.0, Diff: 0.0, Sum: 0.2]
      [GC Worker Total (ms): Min: 69.4, Avg: 69.5, Max: 69.5, Diff: 0.1, Sum: 555.9]
      [GC Worker End (ms): Min: 44505.3, Avg: 44505.3, Max: 44505.3, Diff: 0.0]
   [Code Root Fixup: 0.0 ms]
   [Code Root Purge: 0.0 ms]
   [Clear CT: 1.1 ms]
   [Other: 0.6 ms]
      [Choose CSet: 0.0 ms]
      [Ref Proc: 0.2 ms]
      [Ref Enq: 0.0 ms]
      [Redirty Cards: 0.1 ms]
      [Humongous Register: 0.0 ms]
      [Humongous Reclaim: 0.0 ms]
      [Free CSet: 0.1 ms]
   [Eden: 1024.0K(309.0M)->0.0B(289.0M) Survivors: 45.0M->2048.0K Heap: 1149.6M(2048.0M)->1152.6M(2048.0M)]
 [Times: user=0.48 sys=0.02, real=0.07 secs] 
2020-09-29T11:56:58.207+0200: 44.507: [GC concurrent-root-region-scan-start]
2020-09-29T11:56:58.207+0200: 44.508: [GC concurrent-root-region-scan-end, 0.0004111 secs]
2020-09-29T11:56:58.207+0200: 44.508: [GC concurrent-mark-start]
2020-09-29T11:56:58.210+0200: 44.510: [GC concurrent-mark-end, 0.0026818 secs]
2020-09-29T11:56:58.210+0200: 44.510: [GC remark 2020-09-29T11:56:58.210+0200: 44.510: [Finalize Marking, 0.0004737 secs] 2020-09-29T11:56:58.211+0200: 44.511: [GC ref-proc, 0.0003031 secs] 2020-09-29T11:56:58.211+0200: 44.511: [Unloading, 0.0013236 secs], 0.0024422 secs]
 [Times: user=0.00 sys=0.00, real=0.00 secs] 
2020-09-29T11:56:58.213+0200: 44.513: [GC cleanup 1156M->14M(2048M), 0.0011638 secs]
 [Times: user=0.00 sys=0.00, real=0.00 secs] 
2020-09-29T11:56:58.214+0200: 44.514: [GC concurrent-cleanup-start]
2020-09-29T11:56:58.215+0200: 44.516: [GC concurrent-cleanup-end, 0.0014457 secs]
2020-09-29T11:56:58.366+0200: 44.666: [GC pause (G1 Evacuation Pause) (young), 0.1457820 secs]
   [Parallel Time: 144.3 ms, GC Workers: 8]
      [GC Worker Start (ms): Min: 44666.5, Avg: 44666.6, Max: 44666.7, Diff: 0.2]
      [Ext Root Scanning (ms): Min: 0.0, Avg: 0.1, Max: 0.2, Diff: 0.2, Sum: 0.5]
      [Update RS (ms): Min: 18.3, Avg: 18.4, Max: 18.4, Diff: 0.1, Sum: 147.0]
         [Processed Buffers: Min: 19, Avg: 20.1, Max: 23, Diff: 4, Sum: 161]
      [Scan RS (ms): Min: 16.9, Avg: 17.0, Max: 17.0, Diff: 0.1, Sum: 135.6]
      [Code Root Scanning (ms): Min: 0.0, Avg: 0.0, Max: 0.0, Diff: 0.0, Sum: 0.0]
      [Object Copy (ms): Min: 108.6, Avg: 108.6, Max: 108.8, Diff: 0.2, Sum: 869.2]
      [Termination (ms): Min: 0.0, Avg: 0.0, Max: 0.1, Diff: 0.1, Sum: 0.4]
         [Termination Attempts: Min: 1, Avg: 330.0, Max: 421, Diff: 420, Sum: 2640]
      [GC Worker Other (ms): Min: 0.0, Avg: 0.0, Max: 0.1, Diff: 0.0, Sum: 0.3]
      [GC Worker Total (ms): Min: 144.0, Avg: 144.1, Max: 144.2, Diff: 0.2, Sum: 1152.9]
      [GC Worker End (ms): Min: 44810.7, Avg: 44810.7, Max: 44810.7, Diff: 0.0]
   [Code Root Fixup: 0.0 ms]
   [Code Root Purge: 0.0 ms]
   [Clear CT: 0.3 ms]
   [Other: 1.2 ms]
      [Choose CSet: 0.0 ms]
      [Ref Proc: 0.2 ms]
      [Ref Enq: 0.0 ms]
      [Redirty Cards: 0.5 ms]
      [Humongous Register: 0.0 ms]
      [Humongous Reclaim: 0.0 ms]
      [Free CSet: 0.2 ms]
   [Eden: 289.0M(289.0M)->0.0B(268.0M) Survivors: 2048.0K->37.0M Heap: 349.6M(2048.0M)->349.6M(2048.0M)]
 [Times: user=1.11 sys=0.02, real=0.15 secs] 
2020-09-29T11:56:58.642+0200: 44.942: [GC pause (G1 Evacuation Pause) (young), 0.1534234 secs]
   [Parallel Time: 152.3 ms, GC Workers: 8]
      [GC Worker Start (ms): Min: 44942.4, Avg: 44942.5, Max: 44942.6, Diff: 0.2]
      [Ext Root Scanning (ms): Min: 0.0, Avg: 0.0, Max: 0.2, Diff: 0.2, Sum: 0.4]
      [Update RS (ms): Min: 23.0, Avg: 23.0, Max: 23.1, Diff: 0.1, Sum: 184.3]
         [Processed Buffers: Min: 23, Avg: 26.5, Max: 29, Diff: 6, Sum: 212]
      [Scan RS (ms): Min: 11.2, Avg: 11.3, Max: 11.4, Diff: 0.3, Sum: 90.3]
      [Code Root Scanning (ms): Min: 0.0, Avg: 0.0, Max: 0.0, Diff: 0.0, Sum: 0.0]
      [Object Copy (ms): Min: 117.4, Avg: 117.6, Max: 117.7, Diff: 0.2, Sum: 940.5]
      [Termination (ms): Min: 0.0, Avg: 0.0, Max: 0.0, Diff: 0.0, Sum: 0.1]
         [Termination Attempts: Min: 1, Avg: 117.0, Max: 172, Diff: 171, Sum: 936]
      [GC Worker Other (ms): Min: 0.0, Avg: 0.0, Max: 0.1, Diff: 0.1, Sum: 0.4]
      [GC Worker Total (ms): Min: 151.9, Avg: 152.0, Max: 152.1, Diff: 0.2, Sum: 1216.0]
      [GC Worker End (ms): Min: 45094.5, Avg: 45094.5, Max: 45094.5, Diff: 0.1]
   [Code Root Fixup: 0.0 ms]
   [Code Root Purge: 0.0 ms]
   [Clear CT: 0.2 ms]
   [Other: 1.0 ms]
      [Choose CSet: 0.0 ms]
      [Ref Proc: 0.2 ms]
      [Ref Enq: 0.0 ms]
      [Redirty Cards: 0.4 ms]
      [Humongous Register: 0.0 ms]
      [Humongous Reclaim: 0.0 ms]
      [Free CSet: 0.2 ms]
   [Eden: 268.0M(268.0M)->0.0B(280.0M) Survivors: 37.0M->39.0M Heap: 661.5M(2048.0M)->663.5M(2048.0M)]
 [Times: user=1.23 sys=0.01, real=0.15 secs] 
2020-09-29T11:56:58.930+0200: 45.231: [GC pause (G1 Evacuation Pause) (young), 0.1572844 secs]
   [Parallel Time: 156.1 ms, GC Workers: 8]
      [GC Worker Start (ms): Min: 45230.9, Avg: 45231.0, Max: 45231.0, Diff: 0.2]
      [Ext Root Scanning (ms): Min: 0.0, Avg: 0.1, Max: 0.2, Diff: 0.2, Sum: 0.5]
      [Update RS (ms): Min: 16.3, Avg: 16.4, Max: 16.7, Diff: 0.5, Sum: 131.0]
         [Processed Buffers: Min: 19, Avg: 20.8, Max: 24, Diff: 5, Sum: 166]
      [Scan RS (ms): Min: 14.9, Avg: 15.3, Max: 15.4, Diff: 0.5, Sum: 122.2]
      [Code Root Scanning (ms): Min: 0.0, Avg: 0.0, Max: 0.0, Diff: 0.0, Sum: 0.0]
      [Object Copy (ms): Min: 124.0, Avg: 124.1, Max: 124.2, Diff: 0.2, Sum: 992.7]
      [Termination (ms): Min: 0.0, Avg: 0.0, Max: 0.0, Diff: 0.0, Sum: 0.2]
         [Termination Attempts: Min: 1, Avg: 185.6, Max: 267, Diff: 266, Sum: 1485]
      [GC Worker Other (ms): Min: 0.0, Avg: 0.0, Max: 0.1, Diff: 0.0, Sum: 0.3]
      [GC Worker Total (ms): Min: 155.8, Avg: 155.9, Max: 156.0, Diff: 0.2, Sum: 1246.9]
      [GC Worker End (ms): Min: 45386.8, Avg: 45386.8, Max: 45386.8, Diff: 0.0]
   [Code Root Fixup: 0.0 ms]
   [Code Root Purge: 0.0 ms]
   [Clear CT: 0.4 ms]
   [Other: 0.9 ms]
      [Choose CSet: 0.0 ms]
      [Ref Proc: 0.1 ms]
      [Ref Enq: 0.0 ms]
      [Redirty Cards: 0.4 ms]
      [Humongous Register: 0.0 ms]
      [Humongous Reclaim: 0.0 ms]
      [Free CSet: 0.2 ms]
   [Eden: 280.0M(280.0M)->0.0B(291.0M) Survivors: 39.0M->40.0M Heap: 991.1M(2048.0M)->992.6M(2048.0M)]
 [Times: user=1.25 sys=0.00, real=0.16 secs] 
2020-09-29T11:56:59.093+0200: 45.393: [GC pause (G1 Humongous Allocation) (young) (initial-mark), 0.0597638 secs]
   [Parallel Time: 59.0 ms, GC Workers: 8]
      [GC Worker Start (ms): Min: 45393.4, Avg: 45393.4, Max: 45393.5, Diff: 0.1]
      [Ext Root Scanning (ms): Min: 0.0, Avg: 0.1, Max: 0.1, Diff: 0.1, Sum: 0.6]
      [Update RS (ms): Min: 35.6, Avg: 35.8, Max: 36.1, Diff: 0.4, Sum: 286.4]
         [Processed Buffers: Min: 46, Avg: 47.6, Max: 50, Diff: 4, Sum: 381]
      [Scan RS (ms): Min: 1.9, Avg: 2.1, Max: 2.3, Diff: 0.4, Sum: 16.8]
      [Code Root Scanning (ms): Min: 0.0, Avg: 0.0, Max: 0.0, Diff: 0.0, Sum: 0.0]
      [Object Copy (ms): Min: 20.7, Avg: 20.8, Max: 20.9, Diff: 0.2, Sum: 166.1]
      [Termination (ms): Min: 0.0, Avg: 0.0, Max: 0.1, Diff: 0.1, Sum: 0.4]
         [Termination Attempts: Min: 1, Avg: 358.8, Max: 443, Diff: 442, Sum: 2870]
      [GC Worker Other (ms): Min: 0.0, Avg: 0.0, Max: 0.0, Diff: 0.0, Sum: 0.1]
      [GC Worker Total (ms): Min: 58.8, Avg: 58.8, Max: 58.9, Diff: 0.1, Sum: 470.4]
      [GC Worker End (ms): Min: 45452.2, Avg: 45452.2, Max: 45452.3, Diff: 0.0]
   [Code Root Fixup: 0.0 ms]
   [Code Root Purge: 0.0 ms]
   [Clear CT: 0.1 ms]
   [Other: 0.6 ms]
      [Choose CSet: 0.0 ms]
      [Ref Proc: 0.2 ms]
      [Ref Enq: 0.0 ms]
      [Redirty Cards: 0.2 ms]
      [Humongous Register: 0.0 ms]
      [Humongous Reclaim: 0.0 ms]
      [Free CSet: 0.0 ms]
   [Eden: 10.0M(291.0M)->0.0B(328.0M) Survivors: 40.0M->13.0M Heap: 1002.6M(2048.0M)->1007.6M(2048.0M)]
 [Times: user=0.50 sys=0.00, real=0.07 secs] 
2020-09-29T11:56:59.161+0200: 45.461: [GC concurrent-root-region-scan-start]
2020-09-29T11:56:59.162+0200: 45.463: [GC concurrent-root-region-scan-end, 0.0017265 secs]
2020-09-29T11:56:59.162+0200: 45.463: [GC concurrent-mark-start]
2020-09-29T11:56:59.164+0200: 45.465: [GC concurrent-mark-end, 0.0020258 secs]
2020-09-29T11:56:59.165+0200: 45.465: [GC remark 2020-09-29T11:56:59.165+0200: 45.465: [Finalize Marking, 0.0001779 secs] 2020-09-29T11:56:59.165+0200: 45.465: [GC ref-proc, 0.0002556 secs] 2020-09-29T11:56:59.165+0200: 45.465: [Unloading, 0.0003960 secs], 0.0010720 secs]
 [Times: user=0.00 sys=0.00, real=0.00 secs] 
2020-09-29T11:56:59.166+0200: 45.466: [GC cleanup 1018M->32M(2048M), 0.0009742 secs]
 [Times: user=0.00 sys=0.00, real=0.00 secs] 
2020-09-29T11:56:59.167+0200: 45.467: [GC concurrent-cleanup-start]
2020-09-29T11:56:59.168+0200: 45.468: [GC concurrent-cleanup-end, 0.0009953 secs]
2020-09-29T11:56:59.329+0200: 45.629: [GC pause (G1 Evacuation Pause) (young), 0.1655305 secs]
   [Parallel Time: 164.6 ms, GC Workers: 8]
      [GC Worker Start (ms): Min: 45629.0, Avg: 45629.1, Max: 45629.2, Diff: 0.2]
      [Ext Root Scanning (ms): Min: 0.0, Avg: 0.1, Max: 0.1, Diff: 0.1, Sum: 0.5]
      [Update RS (ms): Min: 22.0, Avg: 22.1, Max: 22.4, Diff: 0.4, Sum: 177.0]
         [Processed Buffers: Min: 24, Avg: 25.5, Max: 27, Diff: 3, Sum: 204]
      [Scan RS (ms): Min: 13.2, Avg: 13.4, Max: 13.6, Diff: 0.4, Sum: 106.9]
      [Code Root Scanning (ms): Min: 0.0, Avg: 0.0, Max: 0.0, Diff: 0.0, Sum: 0.0]
      [Object Copy (ms): Min: 128.5, Avg: 128.6, Max: 128.7, Diff: 0.2, Sum: 1028.7]
      [Termination (ms): Min: 0.0, Avg: 0.1, Max: 0.2, Diff: 0.2, Sum: 1.0]
         [Termination Attempts: Min: 1, Avg: 888.6, Max: 1097, Diff: 1096, Sum: 7109]
      [GC Worker Other (ms): Min: 0.1, Avg: 0.1, Max: 0.1, Diff: 0.0, Sum: 0.6]
      [GC Worker Total (ms): Min: 164.3, Avg: 164.3, Max: 164.5, Diff: 0.2, Sum: 1314.7]
      [GC Worker End (ms): Min: 45793.4, Avg: 45793.5, Max: 45793.5, Diff: 0.0]
   [Code Root Fixup: 0.0 ms]
   [Code Root Purge: 0.0 ms]
   [Clear CT: 0.1 ms]
   [Other: 0.8 ms]
      [Choose CSet: 0.0 ms]
      [Ref Proc: 0.2 ms]
      [Ref Enq: 0.0 ms]
      [Redirty Cards: 0.2 ms]
      [Humongous Register: 0.0 ms]
      [Humongous Reclaim: 0.0 ms]
      [Free CSet: 0.2 ms]
   [Eden: 328.0M(328.0M)->0.0B(310.0M) Survivors: 13.0M->43.0M Heap: 405.3M(2048.0M)->394.3M(2048.0M)]
 [Times: user=1.33 sys=0.05, real=0.16 secs] 
2020-09-29T11:56:59.643+0200: 45.943: [GC pause (G1 Evacuation Pause) (young), 0.1692198 secs]
   [Parallel Time: 168.1 ms, GC Workers: 8]
      [GC Worker Start (ms): Min: 45943.4, Avg: 45943.5, Max: 45943.6, Diff: 0.2]
      [Ext Root Scanning (ms): Min: 0.0, Avg: 0.1, Max: 0.2, Diff: 0.2, Sum: 0.5]
      [Update RS (ms): Min: 15.8, Avg: 16.0, Max: 16.1, Diff: 0.3, Sum: 127.6]
         [Processed Buffers: Min: 18, Avg: 19.6, Max: 21, Diff: 3, Sum: 157]
      [Scan RS (ms): Min: 17.0, Avg: 17.2, Max: 17.4, Diff: 0.3, Sum: 137.6]
      [Code Root Scanning (ms): Min: 0.0, Avg: 0.0, Max: 0.0, Diff: 0.0, Sum: 0.0]
      [Object Copy (ms): Min: 134.5, Avg: 134.7, Max: 134.7, Diff: 0.2, Sum: 1077.2]
      [Termination (ms): Min: 0.0, Avg: 0.0, Max: 0.0, Diff: 0.0, Sum: 0.1]
         [Termination Attempts: Min: 1, Avg: 116.6, Max: 154, Diff: 153, Sum: 933]
      [GC Worker Other (ms): Min: 0.0, Avg: 0.0, Max: 0.1, Diff: 0.1, Sum: 0.3]
      [GC Worker Total (ms): Min: 167.8, Avg: 167.9, Max: 168.0, Diff: 0.2, Sum: 1343.4]
      [GC Worker End (ms): Min: 46111.4, Avg: 46111.4, Max: 46111.4, Diff: 0.1]
   [Code Root Fixup: 0.0 ms]
   [Code Root Purge: 0.0 ms]
   [Clear CT: 0.2 ms]
   [Other: 1.0 ms]
      [Choose CSet: 0.0 ms]
      [Ref Proc: 0.2 ms]
      [Ref Enq: 0.0 ms]
      [Redirty Cards: 0.2 ms]
      [Humongous Register: 0.0 ms]
      [Humongous Reclaim: 0.0 ms]
      [Free CSet: 0.3 ms]
   [Eden: 310.0M(310.0M)->0.0B(307.0M) Survivors: 43.0M->45.0M Heap: 755.8M(2048.0M)->757.3M(2048.0M)]
 [Times: user=1.36 sys=0.02, real=0.17 secs] 
2020-09-29T11:56:59.979+0200: 46.280: [GC pause (G1 Evacuation Pause) (young), 0.1685347 secs]
   [Parallel Time: 167.4 ms, GC Workers: 8]
      [GC Worker Start (ms): Min: 46279.7, Avg: 46279.8, Max: 46279.8, Diff: 0.2]
      [Ext Root Scanning (ms): Min: 0.0, Avg: 0.1, Max: 0.2, Diff: 0.2, Sum: 0.5]
      [Update RS (ms): Min: 15.7, Avg: 15.9, Max: 16.2, Diff: 0.5, Sum: 127.1]
         [Processed Buffers: Min: 18, Avg: 19.5, Max: 21, Diff: 3, Sum: 156]
      [Scan RS (ms): Min: 16.9, Avg: 17.3, Max: 17.5, Diff: 0.5, Sum: 138.3]
      [Code Root Scanning (ms): Min: 0.0, Avg: 0.0, Max: 0.0, Diff: 0.0, Sum: 0.0]
      [Object Copy (ms): Min: 133.7, Avg: 133.8, Max: 133.9, Diff: 0.2, Sum: 1070.3]
      [Termination (ms): Min: 0.0, Avg: 0.1, Max: 0.1, Diff: 0.1, Sum: 0.5]
         [Termination Attempts: Min: 1, Avg: 471.8, Max: 585, Diff: 584, Sum: 3774]
      [GC Worker Other (ms): Min: 0.0, Avg: 0.1, Max: 0.1, Diff: 0.1, Sum: 0.5]
      [GC Worker Total (ms): Min: 167.1, Avg: 167.2, Max: 167.2, Diff: 0.1, Sum: 1337.2]
      [GC Worker End (ms): Min: 46446.9, Avg: 46446.9, Max: 46447.0, Diff: 0.1]
   [Code Root Fixup: 0.0 ms]
   [Code Root Purge: 0.0 ms]
   [Clear CT: 0.2 ms]
   [Other: 1.0 ms]
      [Choose CSet: 0.0 ms]
      [Ref Proc: 0.1 ms]
      [Ref Enq: 0.0 ms]
      [Redirty Cards: 0.2 ms]
      [Humongous Register: 0.0 ms]
      [Humongous Reclaim: 0.0 ms]
      [Free CSet: 0.4 ms]
   [Eden: 307.0M(307.0M)->0.0B(311.0M) Survivors: 45.0M->44.0M Heap: 1115.8M(2048.0M)->1118.3M(2048.0M)]
 [Times: user=1.36 sys=0.02, real=0.17 secs] 
2020-09-29T11:57:00.157+0200: 46.458: [GC pause (G1 Humongous Allocation) (young) (initial-mark), 0.0598377 secs]
   [Parallel Time: 58.4 ms, GC Workers: 8]
      [GC Worker Start (ms): Min: 46457.9, Avg: 46457.9, Max: 46458.0, Diff: 0.1]
      [Ext Root Scanning (ms): Min: 0.0, Avg: 0.1, Max: 0.1, Diff: 0.1, Sum: 0.7]
      [Update RS (ms): Min: 34.4, Avg: 34.7, Max: 35.0, Diff: 0.6, Sum: 277.8]
         [Processed Buffers: Min: 41, Avg: 45.3, Max: 47, Diff: 6, Sum: 362]
      [Scan RS (ms): Min: 2.4, Avg: 2.7, Max: 3.0, Diff: 0.6, Sum: 21.9]
      [Code Root Scanning (ms): Min: 0.0, Avg: 0.0, Max: 0.0, Diff: 0.0, Sum: 0.0]
      [Object Copy (ms): Min: 20.6, Avg: 20.6, Max: 20.6, Diff: 0.1, Sum: 164.6]
      [Termination (ms): Min: 0.0, Avg: 0.0, Max: 0.0, Diff: 0.0, Sum: 0.2]
         [Termination Attempts: Min: 1, Avg: 168.8, Max: 210, Diff: 209, Sum: 1350]
      [GC Worker Other (ms): Min: 0.0, Avg: 0.0, Max: 0.0, Diff: 0.0, Sum: 0.1]
      [GC Worker Total (ms): Min: 58.1, Avg: 58.2, Max: 58.2, Diff: 0.1, Sum: 465.4]
      [GC Worker End (ms): Min: 46516.1, Avg: 46516.1, Max: 46516.1, Diff: 0.0]
   [Code Root Fixup: 0.0 ms]
   [Code Root Purge: 0.0 ms]
   [Clear CT: 0.3 ms]
   [Other: 1.1 ms]
      [Choose CSet: 0.0 ms]
      [Ref Proc: 0.3 ms]
      [Ref Enq: 0.0 ms]
      [Redirty Cards: 0.3 ms]
      [Humongous Register: 0.1 ms]
      [Humongous Reclaim: 0.0 ms]
      [Free CSet: 0.1 ms]
   [Eden: 5120.0K(311.0M)->0.0B(349.0M) Survivors: 44.0M->7168.0K Heap: 1123.3M(2048.0M)->1127.3M(2048.0M)]
 [Times: user=0.50 sys=0.00, real=0.06 secs] 
2020-09-29T11:57:00.217+0200: 46.518: [GC concurrent-root-region-scan-start]
2020-09-29T11:57:00.220+0200: 46.521: [GC concurrent-root-region-scan-end, 0.0030875 secs]
2020-09-29T11:57:00.220+0200: 46.521: [GC concurrent-mark-start]
2020-09-29T11:57:00.224+0200: 46.525: [GC concurrent-mark-end, 0.0039484 secs]
2020-09-29T11:57:00.225+0200: 46.525: [GC remark 2020-09-29T11:57:00.225+0200: 46.525: [Finalize Marking, 0.0002152 secs] 2020-09-29T11:57:00.225+0200: 46.525: [GC ref-proc, 0.0003031 secs] 2020-09-29T11:57:00.225+0200: 46.525: [Unloading, 0.0004947 secs], 0.0014087 secs]
 [Times: user=0.00 sys=0.00, real=0.00 secs] 
2020-09-29T11:57:00.226+0200: 46.527: [GC cleanup 1144M->32M(2048M), 0.0013303 secs]
 [Times: user=0.00 sys=0.00, real=0.00 secs] 
2020-09-29T11:57:00.228+0200: 46.528: [GC concurrent-cleanup-start]
2020-09-29T11:57:00.229+0200: 46.529: [GC concurrent-cleanup-end, 0.0014286 secs]
2020-09-29T11:57:00.402+0200: 46.702: [GC pause (G1 Evacuation Pause) (young), 0.1739795 secs]
   [Parallel Time: 172.5 ms, GC Workers: 8]
      [GC Worker Start (ms): Min: 46702.2, Avg: 46702.3, Max: 46702.4, Diff: 0.2]
      [Ext Root Scanning (ms): Min: 0.0, Avg: 0.1, Max: 0.2, Diff: 0.2, Sum: 0.5]
      [Update RS (ms): Min: 18.7, Avg: 18.8, Max: 19.1, Diff: 0.5, Sum: 150.5]
         [Processed Buffers: Min: 20, Avg: 22.1, Max: 24, Diff: 4, Sum: 177]
      [Scan RS (ms): Min: 16.8, Avg: 17.3, Max: 17.5, Diff: 0.7, Sum: 138.0]
      [Code Root Scanning (ms): Min: 0.0, Avg: 0.0, Max: 0.0, Diff: 0.0, Sum: 0.0]
      [Object Copy (ms): Min: 135.9, Avg: 136.1, Max: 136.2, Diff: 0.4, Sum: 1088.4]
      [Termination (ms): Min: 0.0, Avg: 0.1, Max: 0.1, Diff: 0.1, Sum: 0.6]
         [Termination Attempts: Min: 1, Avg: 565.6, Max: 686, Diff: 685, Sum: 4525]
      [GC Worker Other (ms): Min: 0.0, Avg: 0.0, Max: 0.1, Diff: 0.1, Sum: 0.4]
      [GC Worker Total (ms): Min: 172.2, Avg: 172.3, Max: 172.4, Diff: 0.2, Sum: 1378.4]
      [GC Worker End (ms): Min: 46874.6, Avg: 46874.6, Max: 46874.6, Diff: 0.1]
   [Code Root Fixup: 0.0 ms]
   [Code Root Purge: 0.0 ms]
   [Clear CT: 0.4 ms]
   [Other: 1.0 ms]
      [Choose CSet: 0.0 ms]
      [Ref Proc: 0.2 ms]
      [Ref Enq: 0.0 ms]
      [Redirty Cards: 0.3 ms]
      [Humongous Register: 0.0 ms]
      [Humongous Reclaim: 0.0 ms]
      [Free CSet: 0.2 ms]
   [Eden: 349.0M(349.0M)->0.0B(316.0M) Survivors: 7168.0K->45.0M Heap: 424.1M(2048.0M)->419.1M(2048.0M)]
 [Times: user=1.38 sys=0.00, real=0.17 secs] 
2020-09-29T11:57:00.733+0200: 47.034: [GC pause (G1 Evacuation Pause) (young), 0.1736950 secs]
   [Parallel Time: 172.5 ms, GC Workers: 8]
      [GC Worker Start (ms): Min: 47033.8, Avg: 47033.8, Max: 47033.9, Diff: 0.1]
      [Ext Root Scanning (ms): Min: 0.0, Avg: 0.1, Max: 0.1, Diff: 0.1, Sum: 0.6]
      [Update RS (ms): Min: 16.8, Avg: 16.8, Max: 17.1, Diff: 0.3, Sum: 134.7]
         [Processed Buffers: Min: 18, Avg: 21.1, Max: 24, Diff: 6, Sum: 169]
      [Scan RS (ms): Min: 17.8, Avg: 18.1, Max: 18.3, Diff: 0.5, Sum: 144.8]
      [Code Root Scanning (ms): Min: 0.0, Avg: 0.0, Max: 0.0, Diff: 0.0, Sum: 0.0]
      [Object Copy (ms): Min: 137.1, Avg: 137.3, Max: 137.3, Diff: 0.2, Sum: 1098.0]
      [Termination (ms): Min: 0.0, Avg: 0.0, Max: 0.0, Diff: 0.0, Sum: 0.1]
         [Termination Attempts: Min: 1, Avg: 118.3, Max: 166, Diff: 165, Sum: 946]
      [GC Worker Other (ms): Min: 0.0, Avg: 0.0, Max: 0.1, Diff: 0.0, Sum: 0.4]
      [GC Worker Total (ms): Min: 172.3, Avg: 172.3, Max: 172.4, Diff: 0.1, Sum: 1378.7]
      [GC Worker End (ms): Min: 47206.2, Avg: 47206.2, Max: 47206.2, Diff: 0.0]
   [Code Root Fixup: 0.0 ms]
   [Code Root Purge: 0.0 ms]
   [Clear CT: 0.2 ms]
   [Other: 1.0 ms]
      [Choose CSet: 0.0 ms]
      [Ref Proc: 0.1 ms]
      [Ref Enq: 0.0 ms]
      [Redirty Cards: 0.3 ms]
      [Humongous Register: 0.0 ms]
      [Humongous Reclaim: 0.0 ms]
      [Free CSet: 0.3 ms]
   [Eden: 316.0M(316.0M)->0.0B(313.0M) Survivors: 45.0M->46.0M Heap: 788.5M(2048.0M)->791.0M(2048.0M)]
 [Times: user=1.38 sys=0.00, real=0.17 secs] 
2020-09-29T11:57:01.065+0200: 47.365: [GC pause (G1 Evacuation Pause) (young), 0.1768558 secs]
   [Parallel Time: 175.7 ms, GC Workers: 8]
      [GC Worker Start (ms): Min: 47365.1, Avg: 47365.1, Max: 47365.2, Diff: 0.2]
      [Ext Root Scanning (ms): Min: 0.0, Avg: 0.1, Max: 0.1, Diff: 0.1, Sum: 0.5]
      [Update RS (ms): Min: 19.3, Avg: 19.4, Max: 19.7, Diff: 0.4, Sum: 155.5]
         [Processed Buffers: Min: 21, Avg: 23.8, Max: 26, Diff: 5, Sum: 190]
      [Scan RS (ms): Min: 16.3, Avg: 16.6, Max: 16.7, Diff: 0.4, Sum: 132.6]
      [Code Root Scanning (ms): Min: 0.0, Avg: 0.0, Max: 0.0, Diff: 0.0, Sum: 0.0]
      [Object Copy (ms): Min: 139.1, Avg: 139.3, Max: 139.4, Diff: 0.3, Sum: 1114.3]
      [Termination (ms): Min: 0.0, Avg: 0.1, Max: 0.1, Diff: 0.1, Sum: 0.7]
         [Termination Attempts: Min: 1, Avg: 651.0, Max: 838, Diff: 837, Sum: 5208]
      [GC Worker Other (ms): Min: 0.0, Avg: 0.0, Max: 0.1, Diff: 0.1, Sum: 0.3]
      [GC Worker Total (ms): Min: 175.4, Avg: 175.5, Max: 175.6, Diff: 0.2, Sum: 1403.9]
      [GC Worker End (ms): Min: 47540.6, Avg: 47540.6, Max: 47540.7, Diff: 0.1]
   [Code Root Fixup: 0.0 ms]
   [Code Root Purge: 0.0 ms]
   [Clear CT: 0.2 ms]
   [Other: 0.9 ms]
      [Choose CSet: 0.0 ms]
      [Ref Proc: 0.2 ms]
      [Ref Enq: 0.0 ms]
      [Redirty Cards: 0.4 ms]
      [Humongous Register: 0.0 ms]
      [Humongous Reclaim: 0.0 ms]
      [Free CSet: 0.2 ms]
   [Eden: 313.0M(313.0M)->0.0B(313.0M) Survivors: 46.0M->45.0M Heap: 1155.5M(2048.0M)->1157.5M(2048.0M)]
 [Times: user=1.50 sys=0.00, real=0.18 secs] 
2020-09-29T11:57:01.245+0200: 47.546: [GC pause (G1 Humongous Allocation) (young) (initial-mark), 0.0703988 secs]
   [Parallel Time: 69.1 ms, GC Workers: 8]
      [GC Worker Start (ms): Min: 47546.0, Avg: 47546.0, Max: 47546.1, Diff: 0.1]
      [Ext Root Scanning (ms): Min: 0.0, Avg: 0.1, Max: 0.2, Diff: 0.2, Sum: 1.1]
      [Update RS (ms): Min: 41.8, Avg: 42.0, Max: 42.2, Diff: 0.4, Sum: 336.2]
         [Processed Buffers: Min: 53, Avg: 55.6, Max: 58, Diff: 5, Sum: 445]
      [Scan RS (ms): Min: 0.9, Avg: 1.2, Max: 1.5, Diff: 0.6, Sum: 9.6]
      [Code Root Scanning (ms): Min: 0.0, Avg: 0.0, Max: 0.0, Diff: 0.0, Sum: 0.0]
      [Object Copy (ms): Min: 25.4, Avg: 25.4, Max: 25.4, Diff: 0.1, Sum: 203.4]
      [Termination (ms): Min: 0.0, Avg: 0.1, Max: 0.1, Diff: 0.1, Sum: 0.7]
         [Termination Attempts: Min: 1, Avg: 676.5, Max: 827, Diff: 826, Sum: 5412]
      [GC Worker Other (ms): Min: 0.0, Avg: 0.0, Max: 0.0, Diff: 0.0, Sum: 0.1]
      [GC Worker Total (ms): Min: 68.8, Avg: 68.9, Max: 68.9, Diff: 0.1, Sum: 551.2]
      [GC Worker End (ms): Min: 47614.9, Avg: 47614.9, Max: 47614.9, Diff: 0.0]
   [Code Root Fixup: 0.0 ms]
   [Code Root Purge: 0.0 ms]
   [Clear CT: 0.2 ms]
   [Other: 1.1 ms]
      [Choose CSet: 0.0 ms]
      [Ref Proc: 0.5 ms]
      [Ref Enq: 0.0 ms]
      [Redirty Cards: 0.2 ms]
      [Humongous Register: 0.0 ms]
      [Humongous Reclaim: 0.0 ms]
      [Free CSet: 0.1 ms]
   [Eden: 7168.0K(313.0M)->0.0B(318.0M) Survivors: 45.0M->9216.0K Heap: 1164.0M(2048.0M)->1168.5M(2048.0M)]
 [Times: user=0.50 sys=0.00, real=0.07 secs] 
2020-09-29T11:57:01.316+0200: 47.616: [GC concurrent-root-region-scan-start]
2020-09-29T11:57:01.320+0200: 47.621: [GC concurrent-root-region-scan-end, 0.0041464 secs]
2020-09-29T11:57:01.320+0200: 47.621: [GC concurrent-mark-start]
2020-09-29T11:57:01.323+0200: 47.623: [GC concurrent-mark-end, 0.0028014 secs]
2020-09-29T11:57:01.323+0200: 47.624: [GC remark 2020-09-29T11:57:01.323+0200: 47.624: [Finalize Marking, 0.0001458 secs] 2020-09-29T11:57:01.324+0200: 47.624: [GC ref-proc, 0.0003678 secs] 2020-09-29T11:57:01.324+0200: 47.624: [Unloading, 0.0004346 secs], 0.0012758 secs]
 [Times: user=0.00 sys=0.00, real=0.00 secs] 
2020-09-29T11:57:01.325+0200: 47.625: [GC cleanup 1178M->27M(2048M), 0.0013470 secs]
 [Times: user=0.00 sys=0.00, real=0.00 secs] 
2020-09-29T11:57:01.326+0200: 47.627: [GC concurrent-cleanup-start]
2020-09-29T11:57:01.328+0200: 47.628: [GC concurrent-cleanup-end, 0.0016774 secs]
2020-09-29T11:57:01.482+0200: 47.783: [GC pause (G1 Evacuation Pause) (young), 0.1559700 secs]
   [Parallel Time: 154.7 ms, GC Workers: 8]
      [GC Worker Start (ms): Min: 47782.9, Avg: 47783.0, Max: 47783.1, Diff: 0.2]
      [Ext Root Scanning (ms): Min: 0.0, Avg: 0.1, Max: 0.2, Diff: 0.2, Sum: 0.4]
      [Update RS (ms): Min: 17.8, Avg: 18.0, Max: 18.5, Diff: 0.7, Sum: 144.3]
         [Processed Buffers: Min: 19, Avg: 21.9, Max: 23, Diff: 4, Sum: 175]
      [Scan RS (ms): Min: 13.0, Avg: 13.3, Max: 13.7, Diff: 0.7, Sum: 106.7]
      [Code Root Scanning (ms): Min: 0.0, Avg: 0.0, Max: 0.0, Diff: 0.0, Sum: 0.0]
      [Object Copy (ms): Min: 122.6, Avg: 122.8, Max: 123.0, Diff: 0.3, Sum: 982.3]
      [Termination (ms): Min: 0.0, Avg: 0.1, Max: 0.1, Diff: 0.1, Sum: 1.0]
         [Termination Attempts: Min: 1, Avg: 776.3, Max: 939, Diff: 938, Sum: 6210]
      [GC Worker Other (ms): Min: 0.0, Avg: 0.0, Max: 0.1, Diff: 0.1, Sum: 0.3]
      [GC Worker Total (ms): Min: 154.3, Avg: 154.4, Max: 154.5, Diff: 0.2, Sum: 1235.0]
      [GC Worker End (ms): Min: 47937.4, Avg: 47937.4, Max: 47937.4, Diff: 0.1]
   [Code Root Fixup: 0.0 ms]
   [Code Root Purge: 0.0 ms]
   [Clear CT: 0.2 ms]
   [Other: 1.2 ms]
      [Choose CSet: 0.0 ms]
      [Ref Proc: 0.2 ms]
      [Ref Enq: 0.0 ms]
      [Redirty Cards: 0.3 ms]
      [Humongous Register: 0.0 ms]
      [Humongous Reclaim: 0.0 ms]
      [Free CSet: 0.4 ms]
   [Eden: 318.0M(318.0M)->0.0B(305.0M) Survivors: 9216.0K->41.0M Heap: 388.9M(2048.0M)->381.9M(2048.0M)]
 [Times: user=1.25 sys=0.00, real=0.16 secs] 
2020-09-29T11:57:01.784+0200: 48.084: [GC pause (G1 Evacuation Pause) (young), 0.1664639 secs]
   [Parallel Time: 164.7 ms, GC Workers: 8]
      [GC Worker Start (ms): Min: 48084.0, Avg: 48084.1, Max: 48084.2, Diff: 0.2]
      [Ext Root Scanning (ms): Min: 0.0, Avg: 0.1, Max: 0.2, Diff: 0.2, Sum: 0.5]
      [Update RS (ms): Min: 22.0, Avg: 22.1, Max: 22.7, Diff: 0.7, Sum: 177.0]
         [Processed Buffers: Min: 23, Avg: 26.8, Max: 30, Diff: 7, Sum: 214]
      [Scan RS (ms): Min: 13.4, Avg: 13.9, Max: 14.2, Diff: 0.7, Sum: 111.2]
      [Code Root Scanning (ms): Min: 0.0, Avg: 0.0, Max: 0.0, Diff: 0.0, Sum: 0.0]
      [Object Copy (ms): Min: 128.3, Avg: 128.4, Max: 128.5, Diff: 0.2, Sum: 1027.2]
      [Termination (ms): Min: 0.0, Avg: 0.0, Max: 0.0, Diff: 0.0, Sum: 0.2]
         [Termination Attempts: Min: 1, Avg: 148.8, Max: 222, Diff: 221, Sum: 1190]
      [GC Worker Other (ms): Min: 0.0, Avg: 0.0, Max: 0.1, Diff: 0.0, Sum: 0.3]
      [GC Worker Total (ms): Min: 164.5, Avg: 164.6, Max: 164.7, Diff: 0.2, Sum: 1316.5]
      [GC Worker End (ms): Min: 48248.6, Avg: 48248.7, Max: 48248.7, Diff: 0.0]
   [Code Root Fixup: 0.0 ms]
   [Code Root Purge: 0.0 ms]
   [Clear CT: 0.2 ms]
   [Other: 1.5 ms]
      [Choose CSet: 0.0 ms]
      [Ref Proc: 0.2 ms]
      [Ref Enq: 0.0 ms]
      [Redirty Cards: 0.8 ms]
      [Humongous Register: 0.0 ms]
      [Humongous Reclaim: 0.0 ms]
      [Free CSet: 0.2 ms]
   [Eden: 305.0M(305.0M)->0.0B(308.0M) Survivors: 41.0M->44.0M Heap: 738.4M(2048.0M)->740.4M(2048.0M)]
 [Times: user=1.31 sys=0.06, real=0.17 secs] 
2020-09-29T11:57:02.106+0200: 48.407: [GC pause (G1 Evacuation Pause) (young), 0.1730181 secs]
   [Parallel Time: 171.9 ms, GC Workers: 8]
      [GC Worker Start (ms): Min: 48406.7, Avg: 48406.8, Max: 48406.9, Diff: 0.2]
      [Ext Root Scanning (ms): Min: 0.0, Avg: 0.1, Max: 0.1, Diff: 0.1, Sum: 0.4]
      [Update RS (ms): Min: 18.5, Avg: 18.6, Max: 18.9, Diff: 0.4, Sum: 148.8]
         [Processed Buffers: Min: 21, Avg: 23.0, Max: 25, Diff: 4, Sum: 184]
      [Scan RS (ms): Min: 16.4, Avg: 16.6, Max: 16.8, Diff: 0.4, Sum: 132.7]
      [Code Root Scanning (ms): Min: 0.0, Avg: 0.0, Max: 0.0, Diff: 0.0, Sum: 0.0]
      [Object Copy (ms): Min: 136.2, Avg: 136.3, Max: 136.4, Diff: 0.3, Sum: 1090.1]
      [Termination (ms): Min: 0.0, Avg: 0.1, Max: 0.1, Diff: 0.1, Sum: 0.4]
         [Termination Attempts: Min: 1, Avg: 379.4, Max: 469, Diff: 468, Sum: 3035]
      [GC Worker Other (ms): Min: 0.0, Avg: 0.1, Max: 0.1, Diff: 0.1, Sum: 0.5]
      [GC Worker Total (ms): Min: 171.6, Avg: 171.6, Max: 171.8, Diff: 0.2, Sum: 1373.1]
      [GC Worker End (ms): Min: 48578.4, Avg: 48578.4, Max: 48578.5, Diff: 0.1]
   [Code Root Fixup: 0.0 ms]
   [Code Root Purge: 0.0 ms]
   [Clear CT: 0.2 ms]
   [Other: 1.0 ms]
      [Choose CSet: 0.0 ms]
      [Ref Proc: 0.2 ms]
      [Ref Enq: 0.0 ms]
      [Redirty Cards: 0.3 ms]
      [Humongous Register: 0.0 ms]
      [Humongous Reclaim: 0.0 ms]
      [Free CSet: 0.2 ms]
   [Eden: 308.0M(308.0M)->0.0B(309.0M) Survivors: 44.0M->44.0M Heap: 1099.9M(2048.0M)->1102.4M(2048.0M)]
 [Times: user=1.33 sys=0.01, real=0.17 secs] 
2020-09-29T11:57:02.285+0200: 48.585: [GC pause (G1 Humongous Allocation) (young) (initial-mark), 0.0641463 secs]
   [Parallel Time: 63.1 ms, GC Workers: 8]
      [GC Worker Start (ms): Min: 48585.3, Avg: 48585.4, Max: 48585.5, Diff: 0.1]
      [Ext Root Scanning (ms): Min: 0.0, Avg: 0.2, Max: 0.3, Diff: 0.3, Sum: 1.6]
      [Update RS (ms): Min: 40.9, Avg: 41.3, Max: 41.7, Diff: 0.8, Sum: 330.7]
         [Processed Buffers: Min: 50, Avg: 53.9, Max: 56, Diff: 6, Sum: 431]
      [Scan RS (ms): Min: 1.1, Avg: 1.5, Max: 1.9, Diff: 0.8, Sum: 12.2]
      [Code Root Scanning (ms): Min: 0.0, Avg: 0.0, Max: 0.0, Diff: 0.0, Sum: 0.0]
      [Object Copy (ms): Min: 19.9, Avg: 19.9, Max: 20.0, Diff: 0.1, Sum: 159.5]
      [Termination (ms): Min: 0.0, Avg: 0.0, Max: 0.0, Diff: 0.0, Sum: 0.0]
         [Termination Attempts: Min: 1, Avg: 14.6, Max: 21, Diff: 20, Sum: 117]
      [GC Worker Other (ms): Min: 0.0, Avg: 0.0, Max: 0.0, Diff: 0.0, Sum: 0.1]
      [GC Worker Total (ms): Min: 62.9, Avg: 63.0, Max: 63.1, Diff: 0.1, Sum: 504.1]
      [GC Worker End (ms): Min: 48648.4, Avg: 48648.4, Max: 48648.4, Diff: 0.0]
   [Code Root Fixup: 0.0 ms]
   [Code Root Purge: 0.0 ms]
   [Clear CT: 0.3 ms]
   [Other: 0.7 ms]
      [Choose CSet: 0.0 ms]
      [Ref Proc: 0.1 ms]
      [Ref Enq: 0.0 ms]
      [Redirty Cards: 0.1 ms]
      [Humongous Register: 0.1 ms]
      [Humongous Reclaim: 0.0 ms]
      [Free CSet: 0.1 ms]
   [Eden: 8192.0K(309.0M)->0.0B(347.0M) Survivors: 44.0M->10.0M Heap: 1109.9M(2048.0M)->1113.9M(2048.0M)]
 [Times: user=0.50 sys=0.02, real=0.06 secs] 
2020-09-29T11:57:02.349+0200: 48.649: [GC concurrent-root-region-scan-start]
2020-09-29T11:57:02.352+0200: 48.652: [GC concurrent-root-region-scan-end, 0.0027994 secs]
2020-09-29T11:57:02.352+0200: 48.652: [GC concurrent-mark-start]
2020-09-29T11:57:02.355+0200: 48.656: [GC concurrent-mark-end, 0.0033718 secs]
2020-09-29T11:57:02.355+0200: 48.656: [GC remark 2020-09-29T11:57:02.355+0200: 48.656: [Finalize Marking, 0.0001880 secs] 2020-09-29T11:57:02.356+0200: 48.656: [GC ref-proc, 0.0003073 secs] 2020-09-29T11:57:02.356+0200: 48.656: [Unloading, 0.0004695 secs], 0.0013633 secs]
 [Times: user=0.00 sys=0.00, real=0.00 secs] 
2020-09-29T11:57:02.357+0200: 48.658: [GC cleanup 1123M->28M(2048M), 0.0014063 secs]
 [Times: user=0.00 sys=0.00, real=0.00 secs] 
2020-09-29T11:57:02.359+0200: 48.659: [GC concurrent-cleanup-start]
2020-09-29T11:57:02.361+0200: 48.661: [GC concurrent-cleanup-end, 0.0021185 secs]
2020-09-29T11:57:02.550+0200: 48.851: [GC pause (G1 Evacuation Pause) (young), 0.1686328 secs]
   [Parallel Time: 167.3 ms, GC Workers: 8]
      [GC Worker Start (ms): Min: 48851.0, Avg: 48851.1, Max: 48851.1, Diff: 0.2]
      [Ext Root Scanning (ms): Min: 0.0, Avg: 0.1, Max: 0.2, Diff: 0.2, Sum: 0.5]
      [Update RS (ms): Min: 17.0, Avg: 17.1, Max: 17.3, Diff: 0.3, Sum: 136.7]
         [Processed Buffers: Min: 19, Avg: 21.4, Max: 22, Diff: 3, Sum: 171]
      [Scan RS (ms): Min: 15.4, Avg: 15.7, Max: 15.8, Diff: 0.4, Sum: 125.5]
      [Code Root Scanning (ms): Min: 0.0, Avg: 0.0, Max: 0.0, Diff: 0.0, Sum: 0.0]
      [Object Copy (ms): Min: 134.0, Avg: 134.2, Max: 134.2, Diff: 0.2, Sum: 1073.3]
      [Termination (ms): Min: 0.0, Avg: 0.0, Max: 0.0, Diff: 0.0, Sum: 0.1]
         [Termination Attempts: Min: 1, Avg: 81.4, Max: 109, Diff: 108, Sum: 651]
      [GC Worker Other (ms): Min: 0.0, Avg: 0.1, Max: 0.1, Diff: 0.1, Sum: 0.5]
      [GC Worker Total (ms): Min: 167.0, Avg: 167.1, Max: 167.2, Diff: 0.2, Sum: 1336.6]
      [GC Worker End (ms): Min: 49018.1, Avg: 49018.1, Max: 49018.2, Diff: 0.1]
   [Code Root Fixup: 0.0 ms]
   [Code Root Purge: 0.0 ms]
   [Clear CT: 0.3 ms]
   [Other: 1.0 ms]
      [Choose CSet: 0.0 ms]
      [Ref Proc: 0.2 ms]
      [Ref Enq: 0.0 ms]
      [Redirty Cards: 0.3 ms]
      [Humongous Register: 0.0 ms]
      [Humongous Reclaim: 0.0 ms]
      [Free CSet: 0.2 ms]
   [Eden: 347.0M(347.0M)->0.0B(321.0M) Survivors: 10.0M->45.0M Heap: 424.6M(2048.0M)->418.1M(2048.0M)]
 [Times: user=1.33 sys=0.05, real=0.17 secs] 
2020-09-29T11:57:02.873+0200: 49.174: [GC pause (G1 Evacuation Pause) (young), 0.1796403 secs]
   [Parallel Time: 178.4 ms, GC Workers: 8]
      [GC Worker Start (ms): Min: 49174.3, Avg: 49174.4, Max: 49174.4, Diff: 0.2]
      [Ext Root Scanning (ms): Min: 0.0, Avg: 0.1, Max: 0.2, Diff: 0.2, Sum: 0.5]
      [Update RS (ms): Min: 21.0, Avg: 21.2, Max: 21.7, Diff: 0.8, Sum: 170.0]
         [Processed Buffers: Min: 24, Avg: 25.6, Max: 28, Diff: 4, Sum: 205]
      [Scan RS (ms): Min: 15.9, Avg: 16.4, Max: 16.7, Diff: 0.8, Sum: 131.2]
      [Code Root Scanning (ms): Min: 0.0, Avg: 0.0, Max: 0.0, Diff: 0.0, Sum: 0.0]
      [Object Copy (ms): Min: 140.3, Avg: 140.4, Max: 140.5, Diff: 0.2, Sum: 1123.3]
      [Termination (ms): Min: 0.0, Avg: 0.0, Max: 0.0, Diff: 0.0, Sum: 0.2]
         [Termination Attempts: Min: 1, Avg: 93.5, Max: 132, Diff: 131, Sum: 748]
      [GC Worker Other (ms): Min: 0.0, Avg: 0.0, Max: 0.1, Diff: 0.0, Sum: 0.3]
      [GC Worker Total (ms): Min: 178.1, Avg: 178.2, Max: 178.3, Diff: 0.2, Sum: 1425.5]
      [GC Worker End (ms): Min: 49352.5, Avg: 49352.6, Max: 49352.6, Diff: 0.0]
   [Code Root Fixup: 0.0 ms]
   [Code Root Purge: 0.0 ms]
   [Clear CT: 0.4 ms]
   [Other: 0.8 ms]
      [Choose CSet: 0.0 ms]
      [Ref Proc: 0.2 ms]
      [Ref Enq: 0.0 ms]
      [Redirty Cards: 0.2 ms]
      [Humongous Register: 0.0 ms]
      [Humongous Reclaim: 0.0 ms]
      [Free CSet: 0.2 ms]
   [Eden: 321.0M(321.0M)->0.0B(315.0M) Survivors: 45.0M->46.0M Heap: 792.5M(2048.0M)->794.0M(2048.0M)]
 [Times: user=1.44 sys=0.05, real=0.18 secs] 
2020-09-29T11:57:03.203+0200: 49.505: [GC pause (G1 Evacuation Pause) (young), 0.1792186 secs]
   [Parallel Time: 178.0 ms, GC Workers: 8]
      [GC Worker Start (ms): Min: 49504.6, Avg: 49504.7, Max: 49504.7, Diff: 0.1]
      [Ext Root Scanning (ms): Min: 0.0, Avg: 0.1, Max: 0.1, Diff: 0.1, Sum: 0.6]
      [Update RS (ms): Min: 17.6, Avg: 17.8, Max: 18.2, Diff: 0.7, Sum: 142.6]
         [Processed Buffers: Min: 20, Avg: 21.3, Max: 22, Diff: 2, Sum: 170]
      [Scan RS (ms): Min: 17.3, Avg: 17.7, Max: 18.1, Diff: 0.8, Sum: 142.0]
      [Code Root Scanning (ms): Min: 0.0, Avg: 0.0, Max: 0.0, Diff: 0.0, Sum: 0.0]
      [Object Copy (ms): Min: 142.0, Avg: 142.2, Max: 142.2, Diff: 0.2, Sum: 1137.2]
      [Termination (ms): Min: 0.0, Avg: 0.0, Max: 0.0, Diff: 0.0, Sum: 0.0]
         [Termination Attempts: Min: 1, Avg: 17.6, Max: 22, Diff: 21, Sum: 141]
      [GC Worker Other (ms): Min: 0.0, Avg: 0.1, Max: 0.1, Diff: 0.1, Sum: 0.5]
      [GC Worker Total (ms): Min: 177.8, Avg: 177.9, Max: 178.0, Diff: 0.2, Sum: 1422.9]
      [GC Worker End (ms): Min: 49682.5, Avg: 49682.5, Max: 49682.6, Diff: 0.1]
   [Code Root Fixup: 0.0 ms]
   [Code Root Purge: 0.0 ms]
   [Clear CT: 0.2 ms]
   [Other: 1.0 ms]
      [Choose CSet: 0.0 ms]
      [Ref Proc: 0.2 ms]
      [Ref Enq: 0.0 ms]
      [Redirty Cards: 0.4 ms]
      [Humongous Register: 0.1 ms]
      [Humongous Reclaim: 0.0 ms]
      [Free CSet: 0.2 ms]
   [Eden: 315.0M(315.0M)->0.0B(310.0M) Survivors: 46.0M->46.0M Heap: 1160.5M(2048.0M)->1162.5M(2048.0M)]
 [Times: user=1.42 sys=0.05, real=0.18 secs] 
2020-09-29T11:57:03.388+0200: 49.688: [GC pause (G1 Humongous Allocation) (young) (initial-mark), 0.0673196 secs]
   [Parallel Time: 66.6 ms, GC Workers: 8]
      [GC Worker Start (ms): Min: 49688.4, Avg: 49688.4, Max: 49688.5, Diff: 0.2]
      [Ext Root Scanning (ms): Min: 0.0, Avg: 0.2, Max: 0.7, Diff: 0.7, Sum: 1.6]
      [Update RS (ms): Min: 42.6, Avg: 43.2, Max: 43.5, Diff: 0.8, Sum: 345.3]
         [Processed Buffers: Min: 38, Avg: 53.5, Max: 58, Diff: 20, Sum: 428]
      [Scan RS (ms): Min: 1.5, Avg: 1.7, Max: 2.1, Diff: 0.7, Sum: 13.7]
      [Code Root Scanning (ms): Min: 0.0, Avg: 0.0, Max: 0.0, Diff: 0.0, Sum: 0.0]
      [Object Copy (ms): Min: 21.2, Avg: 21.3, Max: 21.4, Diff: 0.2, Sum: 170.3]
      [Termination (ms): Min: 0.0, Avg: 0.0, Max: 0.0, Diff: 0.0, Sum: 0.2]
         [Termination Attempts: Min: 1, Avg: 169.0, Max: 223, Diff: 222, Sum: 1352]
      [GC Worker Other (ms): Min: 0.0, Avg: 0.0, Max: 0.0, Diff: 0.0, Sum: 0.2]
      [GC Worker Total (ms): Min: 66.3, Avg: 66.4, Max: 66.5, Diff: 0.1, Sum: 531.3]
      [GC Worker End (ms): Min: 49754.8, Avg: 49754.9, Max: 49754.9, Diff: 0.0]
   [Code Root Fixup: 0.0 ms]
   [Code Root Purge: 0.0 ms]
   [Clear CT: 0.2 ms]
   [Other: 0.6 ms]
      [Choose CSet: 0.0 ms]
      [Ref Proc: 0.2 ms]
      [Ref Enq: 0.0 ms]
      [Redirty Cards: 0.1 ms]
      [Humongous Register: 0.0 ms]
      [Humongous Reclaim: 0.0 ms]
      [Free CSet: 0.0 ms]
   [Eden: 2048.0K(310.0M)->0.0B(333.0M) Survivors: 46.0M->3072.0K Heap: 1164.0M(2048.0M)->1167.5M(2048.0M)]
 [Times: user=0.49 sys=0.00, real=0.07 secs] 
2020-09-29T11:57:03.455+0200: 49.756: [GC concurrent-root-region-scan-start]
2020-09-29T11:57:03.455+0200: 49.756: [GC concurrent-root-region-scan-end, 0.0003372 secs]
2020-09-29T11:57:03.455+0200: 49.756: [GC concurrent-mark-start]
2020-09-29T11:57:03.457+0200: 49.759: [GC concurrent-mark-end, 0.0025465 secs]
2020-09-29T11:57:03.458+0200: 49.759: [GC remark 2020-09-29T11:57:03.458+0200: 49.759: [Finalize Marking, 0.0002147 secs] 2020-09-29T11:57:03.458+0200: 49.759: [GC ref-proc, 0.0002733 secs] 2020-09-29T11:57:03.458+0200: 49.759: [Unloading, 0.0004719 secs], 0.0012731 secs]
 [Times: user=0.00 sys=0.00, real=0.00 secs] 
2020-09-29T11:57:03.459+0200: 49.760: [GC cleanup 1174M->18M(2048M), 0.0014082 secs]
 [Times: user=0.00 sys=0.00, real=0.00 secs] 
2020-09-29T11:57:03.461+0200: 49.762: [GC concurrent-cleanup-start]
2020-09-29T11:57:03.462+0200: 49.763: [GC concurrent-cleanup-end, 0.0015492 secs]
2020-09-29T11:57:03.621+0200: 49.922: [GC pause (G1 Evacuation Pause) (young), 0.1609599 secs]
   [Parallel Time: 159.8 ms, GC Workers: 8]
      [GC Worker Start (ms): Min: 49922.2, Avg: 49922.3, Max: 49922.4, Diff: 0.2]
      [Ext Root Scanning (ms): Min: 0.0, Avg: 0.1, Max: 0.2, Diff: 0.2, Sum: 0.6]
      [Update RS (ms): Min: 21.2, Avg: 21.3, Max: 21.6, Diff: 0.4, Sum: 170.4]
         [Processed Buffers: Min: 25, Avg: 26.8, Max: 28, Diff: 3, Sum: 214]
      [Scan RS (ms): Min: 11.9, Avg: 12.2, Max: 12.4, Diff: 0.5, Sum: 97.6]
      [Code Root Scanning (ms): Min: 0.0, Avg: 0.0, Max: 0.0, Diff: 0.0, Sum: 0.0]
      [Object Copy (ms): Min: 125.8, Avg: 125.9, Max: 126.0, Diff: 0.2, Sum: 1006.9]
      [Termination (ms): Min: 0.0, Avg: 0.0, Max: 0.0, Diff: 0.0, Sum: 0.2]
         [Termination Attempts: Min: 1, Avg: 223.6, Max: 281, Diff: 280, Sum: 1789]
      [GC Worker Other (ms): Min: 0.0, Avg: 0.0, Max: 0.1, Diff: 0.1, Sum: 0.3]
      [GC Worker Total (ms): Min: 159.5, Avg: 159.5, Max: 159.6, Diff: 0.1, Sum: 1276.1]
      [GC Worker End (ms): Min: 50081.8, Avg: 50081.8, Max: 50081.8, Diff: 0.1]
   [Code Root Fixup: 0.0 ms]
   [Code Root Purge: 0.0 ms]
   [Clear CT: 0.2 ms]
   [Other: 1.0 ms]
      [Choose CSet: 0.0 ms]
      [Ref Proc: 0.2 ms]
      [Ref Enq: 0.0 ms]
      [Redirty Cards: 0.3 ms]
      [Humongous Register: 0.0 ms]
      [Humongous Reclaim: 0.0 ms]
      [Free CSet: 0.2 ms]
   [Eden: 333.0M(333.0M)->0.0B(319.0M) Survivors: 3072.0K->42.0M Heap: 402.2M(2048.0M)->401.2M(2048.0M)]
 [Times: user=1.25 sys=0.00, real=0.16 secs] 
2020-09-29T11:57:04.003+0200: 50.304: [GC pause (G1 Evacuation Pause) (young), 0.3789599 secs]
   [Parallel Time: 376.9 ms, GC Workers: 8]
      [GC Worker Start (ms): Min: 50303.8, Avg: 50303.9, Max: 50304.1, Diff: 0.2]
      [Ext Root Scanning (ms): Min: 0.0, Avg: 0.1, Max: 0.3, Diff: 0.2, Sum: 1.1]
      [Update RS (ms): Min: 29.3, Avg: 30.0, Max: 31.0, Diff: 1.7, Sum: 240.2]
         [Processed Buffers: Min: 16, Avg: 17.3, Max: 18, Diff: 2, Sum: 138]
      [Scan RS (ms): Min: 38.0, Avg: 38.7, Max: 39.3, Diff: 1.4, Sum: 309.7]
      [Code Root Scanning (ms): Min: 0.0, Avg: 0.0, Max: 0.0, Diff: 0.0, Sum: 0.1]
      [Object Copy (ms): Min: 307.1, Avg: 307.3, Max: 307.6, Diff: 0.5, Sum: 2458.7]
      [Termination (ms): Min: 0.0, Avg: 0.1, Max: 0.1, Diff: 0.1, Sum: 0.8]
         [Termination Attempts: Min: 1, Avg: 275.5, Max: 336, Diff: 335, Sum: 2204]
      [GC Worker Other (ms): Min: 0.0, Avg: 0.1, Max: 0.2, Diff: 0.2, Sum: 0.8]
      [GC Worker Total (ms): Min: 376.3, Avg: 376.4, Max: 376.5, Diff: 0.3, Sum: 3011.3]
      [GC Worker End (ms): Min: 50680.3, Avg: 50680.4, Max: 50680.5, Diff: 0.2]
   [Code Root Fixup: 0.0 ms]
   [Code Root Purge: 0.0 ms]
   [Clear CT: 0.4 ms]
   [Other: 1.7 ms]
      [Choose CSet: 0.0 ms]
      [Ref Proc: 0.3 ms]
      [Ref Enq: 0.0 ms]
      [Redirty Cards: 0.4 ms]
      [Humongous Register: 0.1 ms]
      [Humongous Reclaim: 0.0 ms]
      [Free CSet: 0.5 ms]
   [Eden: 319.0M(319.0M)->0.0B(132.0M) Survivors: 42.0M->46.0M Heap: 771.7M(2048.0M)->773.7M(2048.0M)]
 [Times: user=2.95 sys=0.05, real=0.38 secs] 
2020-09-29T11:57:04.544+0200: 50.844: [GC pause (G1 Evacuation Pause) (young), 0.2121772 secs]
   [Parallel Time: 210.3 ms, GC Workers: 8]
      [GC Worker Start (ms): Min: 50844.6, Avg: 50844.8, Max: 50844.9, Diff: 0.3]
      [Ext Root Scanning (ms): Min: 0.0, Avg: 0.1, Max: 0.2, Diff: 0.2, Sum: 1.0]
      [Update RS (ms): Min: 30.0, Avg: 30.5, Max: 31.5, Diff: 1.5, Sum: 244.3]
         [Processed Buffers: Min: 0, Avg: 16.4, Max: 20, Diff: 20, Sum: 131]
      [Scan RS (ms): Min: 12.4, Avg: 13.4, Max: 14.0, Diff: 1.6, Sum: 106.8]
      [Code Root Scanning (ms): Min: 0.0, Avg: 0.0, Max: 0.0, Diff: 0.0, Sum: 0.0]
      [Object Copy (ms): Min: 165.7, Avg: 165.7, Max: 165.8, Diff: 0.1, Sum: 1325.8]
      [Termination (ms): Min: 0.0, Avg: 0.1, Max: 0.2, Diff: 0.2, Sum: 1.1]
         [Termination Attempts: Min: 1, Avg: 423.8, Max: 562, Diff: 561, Sum: 3390]
      [GC Worker Other (ms): Min: 0.0, Avg: 0.0, Max: 0.1, Diff: 0.1, Sum: 0.4]
      [GC Worker Total (ms): Min: 209.8, Avg: 209.9, Max: 210.1, Diff: 0.3, Sum: 1679.4]
      [GC Worker End (ms): Min: 51054.7, Avg: 51054.7, Max: 51054.7, Diff: 0.1]
   [Code Root Fixup: 0.0 ms]
   [Code Root Purge: 0.0 ms]
   [Clear CT: 0.5 ms]
   [Other: 1.3 ms]
      [Choose CSet: 0.0 ms]
      [Ref Proc: 0.4 ms]
      [Ref Enq: 0.0 ms]
      [Redirty Cards: 0.5 ms]
      [Humongous Register: 0.1 ms]
      [Humongous Reclaim: 0.0 ms]
      [Free CSet: 0.2 ms]
   [Eden: 132.0M(132.0M)->0.0B(114.0M) Survivors: 46.0M->23.0M Heap: 928.6M(2048.0M)->930.6M(2048.0M)]
 [Times: user=1.64 sys=0.01, real=0.22 secs] 
2020-09-29T11:57:04.804+0200: 51.105: [GC pause (G1 Humongous Allocation) (young) (initial-mark), 0.0847223 secs]
   [Parallel Time: 82.9 ms, GC Workers: 8]
      [GC Worker Start (ms): Min: 51104.8, Avg: 51105.0, Max: 51105.1, Diff: 0.2]
      [Ext Root Scanning (ms): Min: 0.0, Avg: 0.1, Max: 0.3, Diff: 0.2, Sum: 1.2]
      [Update RS (ms): Min: 25.5, Avg: 26.2, Max: 26.7, Diff: 1.2, Sum: 209.4]
         [Processed Buffers: Min: 15, Avg: 16.4, Max: 18, Diff: 3, Sum: 131]
      [Scan RS (ms): Min: 2.8, Avg: 3.2, Max: 3.9, Diff: 1.1, Sum: 25.6]
      [Code Root Scanning (ms): Min: 0.0, Avg: 0.0, Max: 0.0, Diff: 0.0, Sum: 0.0]
      [Object Copy (ms): Min: 52.9, Avg: 53.0, Max: 53.0, Diff: 0.1, Sum: 423.9]
      [Termination (ms): Min: 0.0, Avg: 0.0, Max: 0.0, Diff: 0.0, Sum: 0.1]
         [Termination Attempts: Min: 1, Avg: 53.1, Max: 85, Diff: 84, Sum: 425]
      [GC Worker Other (ms): Min: 0.0, Avg: 0.0, Max: 0.1, Diff: 0.0, Sum: 0.3]
      [GC Worker Total (ms): Min: 82.5, Avg: 82.6, Max: 82.7, Diff: 0.2, Sum: 660.6]
      [GC Worker End (ms): Min: 51187.5, Avg: 51187.5, Max: 51187.6, Diff: 0.0]
   [Code Root Fixup: 0.0 ms]
   [Code Root Purge: 0.0 ms]
   [Clear CT: 0.6 ms]
   [Other: 1.2 ms]
      [Choose CSet: 0.0 ms]
      [Ref Proc: 0.2 ms]
      [Ref Enq: 0.0 ms]
      [Redirty Cards: 0.6 ms]
      [Humongous Register: 0.0 ms]
      [Humongous Reclaim: 0.0 ms]
      [Free CSet: 0.1 ms]
   [Eden: 41.0M(114.0M)->0.0B(126.0M) Survivors: 23.0M->18.0M Heap: 976.8M(2048.0M)->979.3M(2048.0M)]
 [Times: user=0.63 sys=0.00, real=0.09 secs] 
2020-09-29T11:57:04.889+0200: 51.190: [GC concurrent-root-region-scan-start]
2020-09-29T11:57:04.896+0200: 51.196: [GC concurrent-root-region-scan-end, 0.0067768 secs]
2020-09-29T11:57:04.896+0200: 51.196: [GC concurrent-mark-start]
2020-09-29T11:57:04.900+0200: 51.201: [GC concurrent-mark-end, 0.0041158 secs]
2020-09-29T11:57:04.900+0200: 51.201: [GC remark 2020-09-29T11:57:04.900+0200: 51.201: [Finalize Marking, 0.0007496 secs] 2020-09-29T11:57:04.901+0200: 51.202: [GC ref-proc, 0.0005463 secs] 2020-09-29T11:57:04.901+0200: 51.202: [Unloading, 0.0009698 secs], 0.0030346 secs]
 [Times: user=0.00 sys=0.00, real=0.00 secs] 
2020-09-29T11:57:04.904+0200: 51.204: [GC cleanup 992M->40M(2048M), 0.0025245 secs]
 [Times: user=0.00 sys=0.00, real=0.00 secs] 
2020-09-29T11:57:04.906+0200: 51.207: [GC concurrent-cleanup-start]
2020-09-29T11:57:04.909+0200: 51.210: [GC concurrent-cleanup-end, 0.0025594 secs]
2020-09-29T11:57:05.023+0200: 51.324: [GC pause (G1 Evacuation Pause) (young), 0.1386717 secs]
   [Parallel Time: 136.2 ms, GC Workers: 8]
      [GC Worker Start (ms): Min: 51324.1, Avg: 51324.2, Max: 51324.3, Diff: 0.2]
      [Ext Root Scanning (ms): Min: 0.0, Avg: 0.1, Max: 0.3, Diff: 0.2, Sum: 1.1]
      [Update RS (ms): Min: 25.0, Avg: 25.2, Max: 25.8, Diff: 0.8, Sum: 202.0]
         [Processed Buffers: Min: 14, Avg: 16.3, Max: 18, Diff: 4, Sum: 130]
      [Scan RS (ms): Min: 5.0, Avg: 5.5, Max: 5.9, Diff: 0.9, Sum: 44.3]
      [Code Root Scanning (ms): Min: 0.0, Avg: 0.0, Max: 0.0, Diff: 0.0, Sum: 0.0]
      [Object Copy (ms): Min: 104.7, Avg: 104.8, Max: 104.8, Diff: 0.1, Sum: 838.2]
      [Termination (ms): Min: 0.0, Avg: 0.0, Max: 0.0, Diff: 0.0, Sum: 0.2]
         [Termination Attempts: Min: 1, Avg: 67.5, Max: 92, Diff: 91, Sum: 540]
      [GC Worker Other (ms): Min: 0.0, Avg: 0.0, Max: 0.1, Diff: 0.1, Sum: 0.3]
      [GC Worker Total (ms): Min: 135.6, Avg: 135.8, Max: 135.9, Diff: 0.3, Sum: 1086.1]
      [GC Worker End (ms): Min: 51459.9, Avg: 51460.0, Max: 51460.0, Diff: 0.1]
   [Code Root Fixup: 0.0 ms]
   [Code Root Purge: 0.0 ms]
   [Clear CT: 0.6 ms]
   [Other: 1.9 ms]
      [Choose CSet: 0.0 ms]
      [Ref Proc: 0.7 ms]
      [Ref Enq: 0.0 ms]
      [Redirty Cards: 0.7 ms]
      [Humongous Register: 0.1 ms]
      [Humongous Reclaim: 0.0 ms]
      [Free CSet: 0.1 ms]
   [Eden: 126.0M(126.0M)->0.0B(136.0M) Survivors: 18.0M->18.0M Heap: 175.9M(2048.0M)->160.4M(2048.0M)]
 [Times: user=1.00 sys=0.00, real=0.14 secs] 
2020-09-29T11:57:05.304+0200: 51.604: [GC pause (G1 Evacuation Pause) (young), 0.1640080 secs]
   [Parallel Time: 162.2 ms, GC Workers: 8]
      [GC Worker Start (ms): Min: 51604.4, Avg: 51604.6, Max: 51604.8, Diff: 0.4]
      [Ext Root Scanning (ms): Min: 0.0, Avg: 0.1, Max: 0.3, Diff: 0.3, Sum: 1.0]
      [Update RS (ms): Min: 19.2, Avg: 19.6, Max: 20.2, Diff: 1.0, Sum: 156.4]
         [Processed Buffers: Min: 10, Avg: 11.4, Max: 13, Diff: 3, Sum: 91]
      [Scan RS (ms): Min: 11.6, Avg: 12.1, Max: 12.6, Diff: 0.9, Sum: 97.0]
      [Code Root Scanning (ms): Min: 0.0, Avg: 0.0, Max: 0.0, Diff: 0.0, Sum: 0.0]
      [Object Copy (ms): Min: 129.8, Avg: 129.9, Max: 130.1, Diff: 0.3, Sum: 1039.6]
      [Termination (ms): Min: 0.0, Avg: 0.1, Max: 0.1, Diff: 0.1, Sum: 0.7]
         [Termination Attempts: Min: 1, Avg: 71.4, Max: 106, Diff: 105, Sum: 571]
      [GC Worker Other (ms): Min: 0.0, Avg: 0.0, Max: 0.0, Diff: 0.0, Sum: 0.2]
      [GC Worker Total (ms): Min: 161.6, Avg: 161.9, Max: 162.0, Diff: 0.4, Sum: 1294.9]
      [GC Worker End (ms): Min: 51766.4, Avg: 51766.4, Max: 51766.4, Diff: 0.0]
   [Code Root Fixup: 0.0 ms]
   [Code Root Purge: 0.0 ms]
   [Clear CT: 0.5 ms]
   [Other: 1.3 ms]
      [Choose CSet: 0.0 ms]
      [Ref Proc: 0.3 ms]
      [Ref Enq: 0.0 ms]
      [Redirty Cards: 0.4 ms]
      [Humongous Register: 0.1 ms]
      [Humongous Reclaim: 0.0 ms]
      [Free CSet: 0.3 ms]
   [Eden: 136.0M(136.0M)->0.0B(134.0M) Survivors: 18.0M->20.0M Heap: 317.4M(2048.0M)->318.9M(2048.0M)]
 [Times: user=1.23 sys=0.00, real=0.16 secs] 
2020-09-29T11:57:05.602+0200: 51.903: [GC pause (G1 Evacuation Pause) (young), 0.1834376 secs]
   [Parallel Time: 181.4 ms, GC Workers: 8]
      [GC Worker Start (ms): Min: 51902.9, Avg: 51903.1, Max: 51903.3, Diff: 0.3]
      [Ext Root Scanning (ms): Min: 0.0, Avg: 0.1, Max: 0.3, Diff: 0.3, Sum: 0.9]
      [Update RS (ms): Min: 22.7, Avg: 23.2, Max: 24.1, Diff: 1.4, Sum: 185.8]
         [Processed Buffers: Min: 13, Avg: 14.0, Max: 15, Diff: 2, Sum: 112]
      [Scan RS (ms): Min: 9.4, Avg: 10.2, Max: 11.0, Diff: 1.6, Sum: 81.6]
      [Code Root Scanning (ms): Min: 0.0, Avg: 0.0, Max: 0.0, Diff: 0.0, Sum: 0.0]
      [Object Copy (ms): Min: 147.1, Avg: 147.3, Max: 147.5, Diff: 0.4, Sum: 1178.6]
      [Termination (ms): Min: 0.0, Avg: 0.1, Max: 0.1, Diff: 0.1, Sum: 0.8]
         [Termination Attempts: Min: 1, Avg: 341.4, Max: 441, Diff: 440, Sum: 2731]
      [GC Worker Other (ms): Min: 0.0, Avg: 0.0, Max: 0.1, Diff: 0.0, Sum: 0.3]
      [GC Worker Total (ms): Min: 180.9, Avg: 181.0, Max: 181.2, Diff: 0.3, Sum: 1448.1]
      [GC Worker End (ms): Min: 52084.1, Avg: 52084.1, Max: 52084.2, Diff: 0.0]
   [Code Root Fixup: 0.0 ms]
   [Code Root Purge: 0.0 ms]
   [Clear CT: 0.6 ms]
   [Other: 1.4 ms]
      [Choose CSet: 0.0 ms]
      [Ref Proc: 0.4 ms]
      [Ref Enq: 0.0 ms]
      [Redirty Cards: 0.4 ms]
      [Humongous Register: 0.1 ms]
      [Humongous Reclaim: 0.0 ms]
      [Free CSet: 0.2 ms]
   [Eden: 134.0M(134.0M)->0.0B(130.0M) Survivors: 20.0M->20.0M Heap: 475.8M(2048.0M)->477.3M(2048.0M)]
 [Times: user=1.34 sys=0.00, real=0.18 secs] 
2020-09-29T11:57:05.917+0200: 52.218: [GC pause (G1 Evacuation Pause) (young), 0.1580464 secs]
   [Parallel Time: 156.4 ms, GC Workers: 8]
      [GC Worker Start (ms): Min: 52218.4, Avg: 52218.6, Max: 52218.8, Diff: 0.3]
      [Ext Root Scanning (ms): Min: 0.0, Avg: 0.1, Max: 0.3, Diff: 0.3, Sum: 0.9]
      [Update RS (ms): Min: 23.3, Avg: 23.9, Max: 24.7, Diff: 1.4, Sum: 191.1]
         [Processed Buffers: Min: 13, Avg: 13.5, Max: 14, Diff: 1, Sum: 108]
      [Scan RS (ms): Min: 9.5, Avg: 10.1, Max: 10.6, Diff: 1.1, Sum: 81.2]
      [Code Root Scanning (ms): Min: 0.0, Avg: 0.0, Max: 0.0, Diff: 0.0, Sum: 0.0]
      [Object Copy (ms): Min: 121.6, Avg: 121.8, Max: 121.8, Diff: 0.2, Sum: 974.0]
      [Termination (ms): Min: 0.0, Avg: 0.0, Max: 0.0, Diff: 0.0, Sum: 0.2]
         [Termination Attempts: Min: 1, Avg: 73.5, Max: 96, Diff: 95, Sum: 588]
      [GC Worker Other (ms): Min: 0.0, Avg: 0.0, Max: 0.1, Diff: 0.1, Sum: 0.4]
      [GC Worker Total (ms): Min: 155.8, Avg: 156.0, Max: 156.2, Diff: 0.3, Sum: 1247.8]
      [GC Worker End (ms): Min: 52374.6, Avg: 52374.6, Max: 52374.6, Diff: 0.1]
   [Code Root Fixup: 0.0 ms]
   [Code Root Purge: 0.0 ms]
   [Clear CT: 0.3 ms]
   [Other: 1.3 ms]
      [Choose CSet: 0.0 ms]
      [Ref Proc: 0.4 ms]
      [Ref Enq: 0.0 ms]
      [Redirty Cards: 0.5 ms]
      [Humongous Register: 0.1 ms]
      [Humongous Reclaim: 0.0 ms]
      [Free CSet: 0.1 ms]
   [Eden: 130.0M(130.0M)->0.0B(137.0M) Survivors: 20.0M->19.0M Heap: 628.2M(2048.0M)->629.7M(2048.0M)]
 [Times: user=1.25 sys=0.00, real=0.16 secs] 
2020-09-29T11:57:06.220+0200: 52.521: [GC pause (G1 Evacuation Pause) (young), 0.1903530 secs]
   [Parallel Time: 188.6 ms, GC Workers: 8]
      [GC Worker Start (ms): Min: 52521.4, Avg: 52521.5, Max: 52521.6, Diff: 0.3]
      [Ext Root Scanning (ms): Min: 0.0, Avg: 0.1, Max: 0.2, Diff: 0.2, Sum: 1.2]
      [Update RS (ms): Min: 16.6, Avg: 18.5, Max: 26.6, Diff: 10.0, Sum: 148.1]
         [Processed Buffers: Min: 9, Avg: 9.8, Max: 11, Diff: 2, Sum: 78]
      [Scan RS (ms): Min: 5.7, Avg: 13.8, Max: 15.7, Diff: 10.0, Sum: 110.6]
      [Code Root Scanning (ms): Min: 0.0, Avg: 0.0, Max: 0.0, Diff: 0.0, Sum: 0.0]
      [Object Copy (ms): Min: 155.6, Avg: 155.7, Max: 155.9, Diff: 0.3, Sum: 1245.7]
      [Termination (ms): Min: 0.0, Avg: 0.1, Max: 0.2, Diff: 0.2, Sum: 1.1]
         [Termination Attempts: Min: 1, Avg: 378.0, Max: 503, Diff: 502, Sum: 3024]
      [GC Worker Other (ms): Min: 0.0, Avg: 0.0, Max: 0.1, Diff: 0.0, Sum: 0.3]
      [GC Worker Total (ms): Min: 188.2, Avg: 188.4, Max: 188.5, Diff: 0.3, Sum: 1506.9]
      [GC Worker End (ms): Min: 52709.8, Avg: 52709.8, Max: 52709.9, Diff: 0.0]
   [Code Root Fixup: 0.0 ms]
   [Code Root Purge: 0.0 ms]
   [Clear CT: 0.4 ms]
   [Other: 1.4 ms]
      [Choose CSet: 0.0 ms]
      [Ref Proc: 0.4 ms]
      [Ref Enq: 0.0 ms]
      [Redirty Cards: 0.3 ms]
      [Humongous Register: 0.1 ms]
      [Humongous Reclaim: 0.0 ms]
      [Free CSet: 0.3 ms]
   [Eden: 137.0M(137.0M)->0.0B(129.0M) Survivors: 19.0M->20.0M Heap: 789.6M(2048.0M)->791.1M(2048.0M)]
 [Times: user=1.45 sys=0.02, real=0.19 secs] 
2020-09-29T11:57:06.549+0200: 52.851: [GC pause (G1 Evacuation Pause) (young), 0.1860224 secs]
   [Parallel Time: 184.3 ms, GC Workers: 8]
      [GC Worker Start (ms): Min: 52850.8, Avg: 52850.9, Max: 52851.1, Diff: 0.3]
      [Ext Root Scanning (ms): Min: 0.0, Avg: 0.1, Max: 0.3, Diff: 0.3, Sum: 1.0]
      [Update RS (ms): Min: 29.1, Avg: 29.7, Max: 30.6, Diff: 1.5, Sum: 237.5]
         [Processed Buffers: Min: 2, Avg: 15.8, Max: 21, Diff: 19, Sum: 126]
      [Scan RS (ms): Min: 8.3, Avg: 9.3, Max: 9.9, Diff: 1.6, Sum: 74.3]
      [Code Root Scanning (ms): Min: 0.0, Avg: 0.0, Max: 0.0, Diff: 0.0, Sum: 0.0]
      [Object Copy (ms): Min: 144.5, Avg: 144.7, Max: 144.7, Diff: 0.2, Sum: 1157.4]
      [Termination (ms): Min: 0.1, Avg: 0.1, Max: 0.2, Diff: 0.1, Sum: 1.0]
         [Termination Attempts: Min: 1, Avg: 183.9, Max: 289, Diff: 288, Sum: 1471]
      [GC Worker Other (ms): Min: 0.0, Avg: 0.0, Max: 0.0, Diff: 0.0, Sum: 0.2]
      [GC Worker Total (ms): Min: 183.8, Avg: 183.9, Max: 184.1, Diff: 0.3, Sum: 1471.4]
      [GC Worker End (ms): Min: 53034.8, Avg: 53034.8, Max: 53034.9, Diff: 0.0]
   [Code Root Fixup: 0.0 ms]
   [Code Root Purge: 0.0 ms]
   [Clear CT: 0.3 ms]
   [Other: 1.4 ms]
      [Choose CSet: 0.0 ms]
      [Ref Proc: 0.3 ms]
      [Ref Enq: 0.0 ms]
      [Redirty Cards: 0.4 ms]
      [Humongous Register: 0.1 ms]
      [Humongous Reclaim: 0.0 ms]
      [Free CSet: 0.2 ms]
   [Eden: 129.0M(129.0M)->0.0B(128.0M) Survivors: 20.0M->19.0M Heap: 943.0M(2048.0M)->945.5M(2048.0M)]
 [Times: user=1.47 sys=0.00, real=0.19 secs] 
2020-09-29T11:57:06.750+0200: 53.051: [GC pause (G1 Humongous Allocation) (young) (initial-mark), 0.0569744 secs]
   [Parallel Time: 55.1 ms, GC Workers: 8]
      [GC Worker Start (ms): Min: 53051.2, Avg: 53051.3, Max: 53051.4, Diff: 0.2]
      [Ext Root Scanning (ms): Min: 0.1, Avg: 0.2, Max: 0.3, Diff: 0.2, Sum: 1.2]
      [Update RS (ms): Min: 26.7, Avg: 27.0, Max: 27.6, Diff: 0.9, Sum: 215.8]
         [Processed Buffers: Min: 16, Avg: 17.3, Max: 18, Diff: 2, Sum: 138]
      [Scan RS (ms): Min: 1.9, Avg: 2.4, Max: 2.8, Diff: 0.8, Sum: 19.6]
      [Code Root Scanning (ms): Min: 0.0, Avg: 0.0, Max: 0.0, Diff: 0.0, Sum: 0.0]
      [Object Copy (ms): Min: 25.2, Avg: 25.3, Max: 25.3, Diff: 0.2, Sum: 202.0]
      [Termination (ms): Min: 0.0, Avg: 0.0, Max: 0.0, Diff: 0.0, Sum: 0.2]
         [Termination Attempts: Min: 1, Avg: 69.9, Max: 92, Diff: 91, Sum: 559]
      [GC Worker Other (ms): Min: 0.0, Avg: 0.0, Max: 0.0, Diff: 0.0, Sum: 0.2]
      [GC Worker Total (ms): Min: 54.8, Avg: 54.9, Max: 55.0, Diff: 0.2, Sum: 439.0]
      [GC Worker End (ms): Min: 53106.2, Avg: 53106.2, Max: 53106.2, Diff: 0.0]
   [Code Root Fixup: 0.0 ms]
   [Code Root Purge: 0.0 ms]
   [Clear CT: 0.8 ms]
   [Other: 1.1 ms]
      [Choose CSet: 0.0 ms]
      [Ref Proc: 0.3 ms]
      [Ref Enq: 0.0 ms]
      [Redirty Cards: 0.4 ms]
      [Humongous Register: 0.0 ms]
      [Humongous Reclaim: 0.0 ms]
      [Free CSet: 0.1 ms]
   [Eden: 10.0M(128.0M)->0.0B(148.0M) Survivors: 19.0M->11.0M Heap: 955.0M(2048.0M)->958.5M(2048.0M)]
 [Times: user=0.50 sys=0.00, real=0.06 secs] 
2020-09-29T11:57:06.807+0200: 53.108: [GC concurrent-root-region-scan-start]
2020-09-29T11:57:06.810+0200: 53.112: [GC concurrent-root-region-scan-end, 0.0034819 secs]
2020-09-29T11:57:06.810+0200: 53.112: [GC concurrent-mark-start]
2020-09-29T11:57:06.814+0200: 53.116: [GC concurrent-mark-end, 0.0039919 secs]
2020-09-29T11:57:06.815+0200: 53.116: [GC remark 2020-09-29T11:57:06.815+0200: 53.116: [Finalize Marking, 0.0003898 secs] 2020-09-29T11:57:06.815+0200: 53.116: [GC ref-proc, 0.0005633 secs] 2020-09-29T11:57:06.816+0200: 53.117: [Unloading, 0.0009305 secs], 0.0026442 secs]
 [Times: user=0.00 sys=0.00, real=0.00 secs] 
2020-09-29T11:57:06.818+0200: 53.119: [GC cleanup 968M->29M(2048M), 0.0021179 secs]
 [Times: user=0.00 sys=0.00, real=0.00 secs] 
2020-09-29T11:57:06.820+0200: 53.121: [GC concurrent-cleanup-start]
2020-09-29T11:57:06.822+0200: 53.123: [GC concurrent-cleanup-end, 0.0017396 secs]
2020-09-29T11:57:06.960+0200: 53.262: [GC pause (G1 Evacuation Pause) (young), 0.1552334 secs]
   [Parallel Time: 152.9 ms, GC Workers: 8]
      [GC Worker Start (ms): Min: 53261.8, Avg: 53262.0, Max: 53262.1, Diff: 0.3]
      [Ext Root Scanning (ms): Min: 0.0, Avg: 0.1, Max: 0.3, Diff: 0.3, Sum: 0.9]
      [Update RS (ms): Min: 20.9, Avg: 21.5, Max: 22.2, Diff: 1.2, Sum: 171.6]
         [Processed Buffers: Min: 12, Avg: 12.4, Max: 13, Diff: 1, Sum: 99]
      [Scan RS (ms): Min: 10.0, Avg: 10.7, Max: 11.3, Diff: 1.3, Sum: 85.3]
      [Code Root Scanning (ms): Min: 0.0, Avg: 0.0, Max: 0.0, Diff: 0.0, Sum: 0.0]
      [Object Copy (ms): Min: 120.1, Avg: 120.2, Max: 120.3, Diff: 0.2, Sum: 961.5]
      [Termination (ms): Min: 0.0, Avg: 0.0, Max: 0.0, Diff: 0.0, Sum: 0.3]
         [Termination Attempts: Min: 1, Avg: 95.1, Max: 119, Diff: 118, Sum: 761]
      [GC Worker Other (ms): Min: 0.0, Avg: 0.1, Max: 0.1, Diff: 0.1, Sum: 0.5]
      [GC Worker Total (ms): Min: 152.4, Avg: 152.5, Max: 152.7, Diff: 0.3, Sum: 1220.1]
      [GC Worker End (ms): Min: 53414.5, Avg: 53414.5, Max: 53414.5, Diff: 0.1]
   [Code Root Fixup: 0.0 ms]
   [Code Root Purge: 0.0 ms]
   [Clear CT: 0.7 ms]
   [Other: 1.6 ms]
      [Choose CSet: 0.0 ms]
      [Ref Proc: 0.2 ms]
      [Ref Enq: 0.0 ms]
      [Redirty Cards: 0.8 ms]
      [Humongous Register: 0.1 ms]
      [Humongous Reclaim: 0.0 ms]
      [Free CSet: 0.2 ms]
   [Eden: 148.0M(148.0M)->0.0B(147.0M) Survivors: 11.0M->20.0M Heap: 192.8M(2048.0M)->183.8M(2048.0M)]
 [Times: user=1.17 sys=0.00, real=0.16 secs] 
2020-09-29T11:57:07.264+0200: 53.565: [GC pause (G1 Evacuation Pause) (young), 0.2205993 secs]
   [Parallel Time: 218.8 ms, GC Workers: 8]
      [GC Worker Start (ms): Min: 53565.5, Avg: 53566.0, Max: 53568.4, Diff: 2.9]
      [Ext Root Scanning (ms): Min: 0.0, Avg: 0.1, Max: 0.3, Diff: 0.3, Sum: 1.0]
      [Update RS (ms): Min: 15.6, Avg: 19.2, Max: 29.9, Diff: 14.3, Sum: 153.2]
         [Processed Buffers: Min: 0, Avg: 9.5, Max: 12, Diff: 12, Sum: 76]
      [Scan RS (ms): Min: 6.0, Avg: 16.7, Max: 20.5, Diff: 14.5, Sum: 133.7]
      [Code Root Scanning (ms): Min: 0.0, Avg: 0.0, Max: 0.0, Diff: 0.0, Sum: 0.0]
      [Object Copy (ms): Min: 179.7, Avg: 181.8, Max: 182.4, Diff: 2.7, Sum: 1454.1]
      [Termination (ms): Min: 0.0, Avg: 0.2, Max: 0.3, Diff: 0.3, Sum: 1.9]
         [Termination Attempts: Min: 1, Avg: 748.8, Max: 1026, Diff: 1025, Sum: 5990]
      [GC Worker Other (ms): Min: 0.0, Avg: 0.1, Max: 0.1, Diff: 0.1, Sum: 0.5]
      [GC Worker Total (ms): Min: 215.6, Avg: 218.1, Max: 218.5, Diff: 2.9, Sum: 1744.5]
      [GC Worker End (ms): Min: 53784.0, Avg: 53784.1, Max: 53784.1, Diff: 0.1]
   [Code Root Fixup: 0.0 ms]
   [Code Root Purge: 0.0 ms]
   [Clear CT: 0.4 ms]
   [Other: 1.4 ms]
      [Choose CSet: 0.0 ms]
      [Ref Proc: 0.4 ms]
      [Ref Enq: 0.0 ms]
      [Redirty Cards: 0.5 ms]
      [Humongous Register: 0.1 ms]
      [Humongous Reclaim: 0.0 ms]
      [Free CSet: 0.2 ms]
   [Eden: 147.0M(147.0M)->0.0B(126.0M) Survivors: 20.0M->21.0M Heap: 355.6M(2048.0M)->357.1M(2048.0M)]
 [Times: user=1.67 sys=0.00, real=0.22 secs] 
2020-09-29T11:57:07.623+0200: 53.923: [GC pause (G1 Evacuation Pause) (young), 0.1535385 secs]
   [Parallel Time: 151.8 ms, GC Workers: 8]
      [GC Worker Start (ms): Min: 53923.4, Avg: 53923.5, Max: 53923.6, Diff: 0.3]
      [Ext Root Scanning (ms): Min: 0.0, Avg: 0.1, Max: 0.3, Diff: 0.3, Sum: 1.0]
      [Update RS (ms): Min: 15.4, Avg: 15.8, Max: 16.5, Diff: 1.1, Sum: 126.7]
         [Processed Buffers: Min: 9, Avg: 9.6, Max: 11, Diff: 2, Sum: 77]
      [Scan RS (ms): Min: 12.6, Avg: 13.2, Max: 13.7, Diff: 1.1, Sum: 105.8]
      [Code Root Scanning (ms): Min: 0.0, Avg: 0.0, Max: 0.0, Diff: 0.0, Sum: 0.0]
      [Object Copy (ms): Min: 122.0, Avg: 122.1, Max: 122.2, Diff: 0.2, Sum: 977.0]
      [Termination (ms): Min: 0.0, Avg: 0.0, Max: 0.0, Diff: 0.0, Sum: 0.1]
         [Termination Attempts: Min: 1, Avg: 41.4, Max: 59, Diff: 58, Sum: 331]
      [GC Worker Other (ms): Min: 0.0, Avg: 0.0, Max: 0.1, Diff: 0.1, Sum: 0.4]
      [GC Worker Total (ms): Min: 151.2, Avg: 151.4, Max: 151.6, Diff: 0.3, Sum: 1211.1]
      [GC Worker End (ms): Min: 54074.9, Avg: 54074.9, Max: 54075.0, Diff: 0.1]
   [Code Root Fixup: 0.0 ms]
   [Code Root Purge: 0.0 ms]
   [Clear CT: 0.4 ms]
   [Other: 1.3 ms]
      [Choose CSet: 0.0 ms]
      [Ref Proc: 0.2 ms]
      [Ref Enq: 0.0 ms]
      [Redirty Cards: 0.5 ms]
      [Humongous Register: 0.1 ms]
      [Humongous Reclaim: 0.0 ms]
      [Free CSet: 0.2 ms]
   [Eden: 126.0M(126.0M)->0.0B(135.0M) Survivors: 21.0M->19.0M Heap: 504.1M(2048.0M)->506.1M(2048.0M)]
 [Times: user=1.25 sys=0.00, real=0.15 secs] 
2020-09-29T11:57:07.917+0200: 54.218: [GC pause (G1 Evacuation Pause) (young), 0.1701481 secs]
   [Parallel Time: 168.2 ms, GC Workers: 8]
      [GC Worker Start (ms): Min: 54218.0, Avg: 54218.2, Max: 54218.3, Diff: 0.3]
      [Ext Root Scanning (ms): Min: 0.0, Avg: 0.1, Max: 0.3, Diff: 0.3, Sum: 0.9]
      [Update RS (ms): Min: 15.3, Avg: 15.4, Max: 16.0, Diff: 0.7, Sum: 123.6]
         [Processed Buffers: Min: 9, Avg: 10.0, Max: 15, Diff: 6, Sum: 80]
      [Scan RS (ms): Min: 12.8, Avg: 13.2, Max: 13.4, Diff: 0.6, Sum: 105.8]
      [Code Root Scanning (ms): Min: 0.0, Avg: 0.0, Max: 0.0, Diff: 0.0, Sum: 0.0]
      [Object Copy (ms): Min: 138.6, Avg: 138.8, Max: 139.0, Diff: 0.4, Sum: 1110.3]
      [Termination (ms): Min: 0.0, Avg: 0.2, Max: 0.4, Diff: 0.4, Sum: 1.7]
         [Termination Attempts: Min: 1, Avg: 702.3, Max: 1025, Diff: 1024, Sum: 5618]
      [GC Worker Other (ms): Min: 0.0, Avg: 0.1, Max: 0.1, Diff: 0.1, Sum: 0.4]
      [GC Worker Total (ms): Min: 167.7, Avg: 167.9, Max: 168.0, Diff: 0.3, Sum: 1342.8]
      [GC Worker End (ms): Min: 54386.0, Avg: 54386.0, Max: 54386.1, Diff: 0.1]
   [Code Root Fixup: 0.0 ms]
   [Code Root Purge: 0.0 ms]
   [Clear CT: 0.4 ms]
   [Other: 1.5 ms]
      [Choose CSet: 0.0 ms]
      [Ref Proc: 0.4 ms]
      [Ref Enq: 0.0 ms]
      [Redirty Cards: 0.6 ms]
      [Humongous Register: 0.1 ms]
      [Humongous Reclaim: 0.0 ms]
      [Free CSet: 0.2 ms]
   [Eden: 135.0M(135.0M)->0.0B(138.0M) Survivors: 19.0M->20.0M Heap: 664.0M(2048.0M)->666.0M(2048.0M)]
 [Times: user=1.38 sys=0.00, real=0.17 secs] 
2020-09-29T11:57:08.226+0200: 54.526: [GC pause (G1 Evacuation Pause) (young), 0.1627870 secs]
   [Parallel Time: 161.0 ms, GC Workers: 8]
      [GC Worker Start (ms): Min: 54526.3, Avg: 54526.4, Max: 54526.5, Diff: 0.2]
      [Ext Root Scanning (ms): Min: 0.1, Avg: 0.1, Max: 0.2, Diff: 0.2, Sum: 1.2]
      [Update RS (ms): Min: 17.7, Avg: 18.0, Max: 18.6, Diff: 1.0, Sum: 144.2]
         [Processed Buffers: Min: 10, Avg: 10.8, Max: 12, Diff: 2, Sum: 86]
      [Scan RS (ms): Min: 12.7, Avg: 13.3, Max: 13.7, Diff: 1.1, Sum: 106.8]
      [Code Root Scanning (ms): Min: 0.0, Avg: 0.0, Max: 0.0, Diff: 0.0, Sum: 0.0]
      [Object Copy (ms): Min: 128.9, Avg: 129.0, Max: 129.1, Diff: 0.2, Sum: 1032.1]
      [Termination (ms): Min: 0.0, Avg: 0.0, Max: 0.0, Diff: 0.0, Sum: 0.1]
         [Termination Attempts: Min: 1, Avg: 27.6, Max: 40, Diff: 39, Sum: 221]
      [GC Worker Other (ms): Min: 0.0, Avg: 0.0, Max: 0.1, Diff: 0.1, Sum: 0.4]
      [GC Worker Total (ms): Min: 160.5, Avg: 160.6, Max: 160.7, Diff: 0.1, Sum: 1284.7]
      [GC Worker End (ms): Min: 54687.0, Avg: 54687.0, Max: 54687.1, Diff: 0.1]
   [Code Root Fixup: 0.0 ms]
   [Code Root Purge: 0.0 ms]
   [Clear CT: 0.3 ms]
   [Other: 1.5 ms]
      [Choose CSet: 0.0 ms]
      [Ref Proc: 0.4 ms]
      [Ref Enq: 0.0 ms]
      [Redirty Cards: 0.5 ms]
      [Humongous Register: 0.1 ms]
      [Humongous Reclaim: 0.0 ms]
      [Free CSet: 0.2 ms]
   [Eden: 138.0M(138.0M)->0.0B(145.0M) Survivors: 20.0M->20.0M Heap: 826.8M(2048.0M)->828.8M(2048.0M)]
 [Times: user=1.17 sys=0.00, real=0.16 secs] 
2020-09-29T11:57:08.544+0200: 54.844: [GC pause (G1 Evacuation Pause) (young), 0.1706086 secs]
   [Parallel Time: 168.4 ms, GC Workers: 8]
      [GC Worker Start (ms): Min: 54845.0, Avg: 54845.2, Max: 54845.3, Diff: 0.3]
      [Ext Root Scanning (ms): Min: 0.0, Avg: 0.1, Max: 0.2, Diff: 0.2, Sum: 0.9]
      [Update RS (ms): Min: 20.4, Avg: 20.6, Max: 20.9, Diff: 0.4, Sum: 164.9]
         [Processed Buffers: Min: 11, Avg: 12.6, Max: 15, Diff: 4, Sum: 101]
      [Scan RS (ms): Min: 14.2, Avg: 14.6, Max: 15.2, Diff: 1.0, Sum: 116.8]
      [Code Root Scanning (ms): Min: 0.0, Avg: 0.0, Max: 0.0, Diff: 0.0, Sum: 0.0]
      [Object Copy (ms): Min: 131.5, Avg: 132.1, Max: 132.2, Diff: 0.7, Sum: 1056.5]
      [Termination (ms): Min: 0.0, Avg: 0.1, Max: 0.1, Diff: 0.1, Sum: 0.5]
         [Termination Attempts: Min: 1, Avg: 185.0, Max: 225, Diff: 224, Sum: 1480]
      [GC Worker Other (ms): Min: 0.0, Avg: 0.1, Max: 0.1, Diff: 0.1, Sum: 0.5]
      [GC Worker Total (ms): Min: 167.3, Avg: 167.5, Max: 167.6, Diff: 0.3, Sum: 1340.1]
      [GC Worker End (ms): Min: 55012.6, Avg: 55012.7, Max: 55012.7, Diff: 0.1]
   [Code Root Fixup: 0.0 ms]
   [Code Root Purge: 0.0 ms]
   [Clear CT: 0.4 ms]
   [Other: 1.8 ms]
      [Choose CSet: 0.0 ms]
      [Ref Proc: 0.7 ms]
      [Ref Enq: 0.0 ms]
      [Redirty Cards: 0.6 ms]
      [Humongous Register: 0.1 ms]
      [Humongous Reclaim: 0.0 ms]
      [Free CSet: 0.2 ms]
   [Eden: 145.0M(145.0M)->0.0B(147.0M) Survivors: 20.0M->21.0M Heap: 998.6M(2048.0M)->1000.6M(2048.0M)]
 [Times: user=1.38 sys=0.00, real=0.17 secs] 
2020-09-29T11:57:08.723+0200: 55.024: [GC pause (G1 Humongous Allocation) (young) (initial-mark), 0.0719035 secs]
   [Parallel Time: 70.3 ms, GC Workers: 8]
      [GC Worker Start (ms): Min: 55024.0, Avg: 55024.1, Max: 55024.2, Diff: 0.1]
      [Ext Root Scanning (ms): Min: 0.1, Avg: 0.2, Max: 0.2, Diff: 0.1, Sum: 1.3]
      [Update RS (ms): Min: 38.4, Avg: 39.1, Max: 39.8, Diff: 1.4, Sum: 313.0]
         [Processed Buffers: Min: 22, Avg: 24.5, Max: 26, Diff: 4, Sum: 196]
      [Scan RS (ms): Min: 1.7, Avg: 2.4, Max: 3.3, Diff: 1.6, Sum: 19.5]
      [Code Root Scanning (ms): Min: 0.0, Avg: 0.0, Max: 0.0, Diff: 0.0, Sum: 0.0]
      [Object Copy (ms): Min: 28.1, Avg: 28.2, Max: 28.3, Diff: 0.2, Sum: 225.4]
      [Termination (ms): Min: 0.0, Avg: 0.1, Max: 0.1, Diff: 0.1, Sum: 0.4]
         [Termination Attempts: Min: 1, Avg: 171.0, Max: 216, Diff: 215, Sum: 1368]
      [GC Worker Other (ms): Min: 0.0, Avg: 0.0, Max: 0.1, Diff: 0.1, Sum: 0.3]
      [GC Worker Total (ms): Min: 69.9, Avg: 70.0, Max: 70.1, Diff: 0.1, Sum: 560.0]
      [GC Worker End (ms): Min: 55094.1, Avg: 55094.1, Max: 55094.1, Diff: 0.0]
   [Code Root Fixup: 0.0 ms]
   [Code Root Purge: 0.0 ms]
   [Clear CT: 0.4 ms]
   [Other: 1.2 ms]
      [Choose CSet: 0.0 ms]
      [Ref Proc: 0.4 ms]
      [Ref Enq: 0.0 ms]
      [Redirty Cards: 0.3 ms]
      [Humongous Register: 0.1 ms]
      [Humongous Reclaim: 0.0 ms]
      [Free CSet: 0.1 ms]
   [Eden: 8192.0K(147.0M)->0.0B(154.0M) Survivors: 21.0M->9216.0K Heap: 1008.6M(2048.0M)->1012.1M(2048.0M)]
 [Times: user=0.45 sys=0.00, real=0.07 secs] 
2020-09-29T11:57:08.796+0200: 55.096: [GC concurrent-root-region-scan-start]
2020-09-29T11:57:08.800+0200: 55.100: [GC concurrent-root-region-scan-end, 0.0040641 secs]
2020-09-29T11:57:08.800+0200: 55.100: [GC concurrent-mark-start]
2020-09-29T11:57:08.804+0200: 55.105: [GC concurrent-mark-end, 0.0046949 secs]
2020-09-29T11:57:08.805+0200: 55.105: [GC remark 2020-09-29T11:57:08.805+0200: 55.105: [Finalize Marking, 0.0003888 secs] 2020-09-29T11:57:08.805+0200: 55.106: [GC ref-proc, 0.0005619 secs] 2020-09-29T11:57:08.806+0200: 55.106: [Unloading, 0.0008563 secs], 0.0023861 secs]
 [Times: user=0.00 sys=0.00, real=0.00 secs] 
2020-09-29T11:57:08.808+0200: 55.108: [GC cleanup 1023M->28M(2048M), 0.0022862 secs]
 [Times: user=0.00 sys=0.00, real=0.00 secs] 
2020-09-29T11:57:08.810+0200: 55.111: [GC concurrent-cleanup-start]
2020-09-29T11:57:08.812+0200: 55.113: [GC concurrent-cleanup-end, 0.0020646 secs]
2020-09-29T11:57:09.003+0200: 55.303: [GC pause (G1 Evacuation Pause) (young), 0.3268847 secs]
   [Parallel Time: 324.0 ms, GC Workers: 8]
      [GC Worker Start (ms): Min: 55303.5, Avg: 55303.8, Max: 55304.0, Diff: 0.5]
      [Ext Root Scanning (ms): Min: 0.0, Avg: 0.2, Max: 0.5, Diff: 0.5, Sum: 1.7]
      [Update RS (ms): Min: 37.8, Avg: 38.8, Max: 42.1, Diff: 4.3, Sum: 310.7]
         [Processed Buffers: Min: 10, Avg: 11.8, Max: 13, Diff: 3, Sum: 94]
      [Scan RS (ms): Min: 23.1, Avg: 26.3, Max: 27.3, Diff: 4.2, Sum: 210.4]
      [Code Root Scanning (ms): Min: 0.0, Avg: 0.0, Max: 0.0, Diff: 0.0, Sum: 0.0]
      [Object Copy (ms): Min: 257.6, Avg: 257.9, Max: 258.0, Diff: 0.4, Sum: 2063.2]
      [Termination (ms): Min: 0.1, Avg: 0.2, Max: 0.3, Diff: 0.2, Sum: 1.5]
         [Termination Attempts: Min: 1, Avg: 104.4, Max: 151, Diff: 150, Sum: 835]
      [GC Worker Other (ms): Min: 0.0, Avg: 0.0, Max: 0.0, Diff: 0.0, Sum: 0.3]
      [GC Worker Total (ms): Min: 323.3, Avg: 323.5, Max: 323.7, Diff: 0.4, Sum: 2587.7]
      [GC Worker End (ms): Min: 55627.2, Avg: 55627.2, Max: 55627.3, Diff: 0.1]
   [Code Root Fixup: 0.0 ms]
   [Code Root Purge: 0.0 ms]
   [Clear CT: 0.7 ms]
   [Other: 2.2 ms]
      [Choose CSet: 0.0 ms]
      [Ref Proc: 0.5 ms]
      [Ref Enq: 0.0 ms]
      [Redirty Cards: 0.7 ms]
      [Humongous Register: 0.1 ms]
      [Humongous Reclaim: 0.0 ms]
      [Free CSet: 0.3 ms]
   [Eden: 154.0M(154.0M)->0.0B(81.0M) Survivors: 9216.0K->21.0M Heap: 198.7M(2048.0M)->191.7M(2048.0M)]
 [Times: user=2.63 sys=0.00, real=0.33 secs] 
2020-09-29T11:57:09.512+0200: 55.813: [GC pause (G1 Evacuation Pause) (young), 0.2223134 secs]
   [Parallel Time: 219.1 ms, GC Workers: 8]
      [GC Worker Start (ms): Min: 55812.9, Avg: 55813.1, Max: 55813.3, Diff: 0.4]
      [Ext Root Scanning (ms): Min: 0.1, Avg: 0.2, Max: 0.5, Diff: 0.4, Sum: 1.9]
      [Update RS (ms): Min: 27.2, Avg: 27.8, Max: 29.6, Diff: 2.4, Sum: 222.5]
         [Processed Buffers: Min: 7, Avg: 8.9, Max: 12, Diff: 5, Sum: 71]
      [Scan RS (ms): Min: 14.2, Avg: 15.9, Max: 16.5, Diff: 2.3, Sum: 127.2]
      [Code Root Scanning (ms): Min: 0.0, Avg: 0.0, Max: 0.0, Diff: 0.0, Sum: 0.0]
      [Object Copy (ms): Min: 173.9, Avg: 174.1, Max: 174.5, Diff: 0.5, Sum: 1392.9]
      [Termination (ms): Min: 0.0, Avg: 0.2, Max: 0.2, Diff: 0.2, Sum: 1.4]
         [Termination Attempts: Min: 1, Avg: 303.8, Max: 362, Diff: 361, Sum: 2430]
      [GC Worker Other (ms): Min: 0.0, Avg: 0.1, Max: 0.1, Diff: 0.1, Sum: 0.5]
      [GC Worker Total (ms): Min: 218.1, Avg: 218.3, Max: 218.6, Diff: 0.5, Sum: 1746.5]
      [GC Worker End (ms): Min: 56031.4, Avg: 56031.4, Max: 56031.5, Diff: 0.1]
   [Code Root Fixup: 0.0 ms]
   [Code Root Purge: 0.0 ms]
   [Clear CT: 0.9 ms]
   [Other: 2.3 ms]
      [Choose CSet: 0.0 ms]
      [Ref Proc: 0.7 ms]
      [Ref Enq: 0.0 ms]
      [Redirty Cards: 0.9 ms]
      [Humongous Register: 0.1 ms]
      [Humongous Reclaim: 0.0 ms]
      [Free CSet: 0.2 ms]
   [Eden: 81.0M(81.0M)->0.0B(89.0M) Survivors: 21.0M->13.0M Heap: 286.1M(2048.0M)->288.6M(2048.0M)]
 [Times: user=1.75 sys=0.00, real=0.22 secs] 
2020-09-29T11:57:09.923+0200: 56.223: [GC pause (G1 Evacuation Pause) (young), 0.2247165 secs]
   [Parallel Time: 221.2 ms, GC Workers: 8]
      [GC Worker Start (ms): Min: 56223.7, Avg: 56224.0, Max: 56224.2, Diff: 0.5]
      [Ext Root Scanning (ms): Min: 0.0, Avg: 0.2, Max: 0.5, Diff: 0.5, Sum: 1.8]
      [Update RS (ms): Min: 28.6, Avg: 29.5, Max: 30.5, Diff: 1.9, Sum: 236.0]
         [Processed Buffers: Min: 8, Avg: 9.6, Max: 12, Diff: 4, Sum: 77]
      [Scan RS (ms): Min: 14.3, Avg: 15.5, Max: 16.5, Diff: 2.2, Sum: 123.8]
      [Code Root Scanning (ms): Min: 0.0, Avg: 0.0, Max: 0.0, Diff: 0.0, Sum: 0.0]
      [Object Copy (ms): Min: 174.9, Avg: 175.1, Max: 175.3, Diff: 0.4, Sum: 1400.9]
      [Termination (ms): Min: 0.0, Avg: 0.1, Max: 0.2, Diff: 0.2, Sum: 0.7]
         [Termination Attempts: Min: 1, Avg: 154.3, Max: 207, Diff: 206, Sum: 1234]
      [GC Worker Other (ms): Min: 0.0, Avg: 0.1, Max: 0.1, Diff: 0.1, Sum: 0.5]
      [GC Worker Total (ms): Min: 220.3, Avg: 220.5, Max: 220.7, Diff: 0.4, Sum: 1763.7]
      [GC Worker End (ms): Min: 56444.4, Avg: 56444.4, Max: 56444.5, Diff: 0.1]
   [Code Root Fixup: 0.0 ms]
   [Code Root Purge: 0.0 ms]
   [Clear CT: 0.8 ms]
   [Other: 2.7 ms]
      [Choose CSet: 0.0 ms]
      [Ref Proc: 0.7 ms]
      [Ref Enq: 0.0 ms]
      [Redirty Cards: 1.2 ms]
      [Humongous Register: 0.1 ms]
      [Humongous Reclaim: 0.0 ms]
      [Free CSet: 0.2 ms]
   [Eden: 89.0M(89.0M)->0.0B(89.0M) Survivors: 13.0M->13.0M Heap: 392.8M(2048.0M)->394.8M(2048.0M)]
 [Times: user=1.83 sys=0.01, real=0.22 secs] 
2020-09-29T11:57:10.338+0200: 56.639: [GC pause (G1 Evacuation Pause) (young), 0.2257487 secs]
   [Parallel Time: 222.5 ms, GC Workers: 8]
      [GC Worker Start (ms): Min: 56639.4, Avg: 56639.7, Max: 56639.9, Diff: 0.5]
      [Ext Root Scanning (ms): Min: 0.0, Avg: 0.2, Max: 0.5, Diff: 0.5, Sum: 1.7]
      [Update RS (ms): Min: 29.0, Avg: 29.3, Max: 29.9, Diff: 0.8, Sum: 234.7]
         [Processed Buffers: Min: 8, Avg: 10.0, Max: 12, Diff: 4, Sum: 80]
      [Scan RS (ms): Min: 15.6, Avg: 16.1, Max: 16.5, Diff: 1.0, Sum: 128.5]
      [Code Root Scanning (ms): Min: 0.0, Avg: 0.0, Max: 0.0, Diff: 0.0, Sum: 0.0]
      [Object Copy (ms): Min: 175.7, Avg: 176.0, Max: 176.1, Diff: 0.5, Sum: 1407.7]
      [Termination (ms): Min: 0.0, Avg: 0.1, Max: 0.1, Diff: 0.1, Sum: 0.8]
         [Termination Attempts: Min: 1, Avg: 182.9, Max: 244, Diff: 243, Sum: 1463]
      [GC Worker Other (ms): Min: 0.0, Avg: 0.1, Max: 0.1, Diff: 0.1, Sum: 0.5]
      [GC Worker Total (ms): Min: 221.5, Avg: 221.8, Max: 222.0, Diff: 0.5, Sum: 1774.0]
      [GC Worker End (ms): Min: 56861.4, Avg: 56861.4, Max: 56861.5, Diff: 0.1]
   [Code Root Fixup: 0.0 ms]
   [Code Root Purge: 0.0 ms]
   [Clear CT: 0.7 ms]
   [Other: 2.5 ms]
      [Choose CSet: 0.0 ms]
      [Ref Proc: 0.9 ms]
      [Ref Enq: 0.0 ms]
      [Redirty Cards: 0.9 ms]
      [Humongous Register: 0.1 ms]
      [Humongous Reclaim: 0.0 ms]
      [Free CSet: 0.3 ms]
   [Eden: 89.0M(89.0M)->0.0B(89.0M) Survivors: 13.0M->13.0M Heap: 499.1M(2048.0M)->501.1M(2048.0M)]
 [Times: user=1.73 sys=0.00, real=0.23 secs] 
2020-09-29T11:57:10.746+0200: 57.047: [GC pause (G1 Evacuation Pause) (young), 0.2106855 secs]
   [Parallel Time: 207.5 ms, GC Workers: 8]
      [GC Worker Start (ms): Min: 57047.0, Avg: 57047.6, Max: 57049.6, Diff: 2.6]
      [Ext Root Scanning (ms): Min: 0.0, Avg: 0.3, Max: 0.7, Diff: 0.7, Sum: 2.1]
      [Update RS (ms): Min: 23.5, Avg: 25.3, Max: 26.8, Diff: 3.3, Sum: 202.1]
         [Processed Buffers: Min: 7, Avg: 7.5, Max: 9, Diff: 2, Sum: 60]
      [Scan RS (ms): Min: 15.0, Avg: 16.1, Max: 17.1, Diff: 2.1, Sum: 128.6]
      [Code Root Scanning (ms): Min: 0.0, Avg: 0.0, Max: 0.0, Diff: 0.0, Sum: 0.0]
      [Object Copy (ms): Min: 164.5, Avg: 164.7, Max: 164.8, Diff: 0.4, Sum: 1317.9]
      [Termination (ms): Min: 0.0, Avg: 0.0, Max: 0.1, Diff: 0.1, Sum: 0.4]
         [Termination Attempts: Min: 1, Avg: 82.6, Max: 117, Diff: 116, Sum: 661]
      [GC Worker Other (ms): Min: 0.0, Avg: 0.1, Max: 0.2, Diff: 0.1, Sum: 0.8]
      [GC Worker Total (ms): Min: 204.5, Avg: 206.5, Max: 207.1, Diff: 2.7, Sum: 1651.9]
      [GC Worker End (ms): Min: 57254.1, Avg: 57254.1, Max: 57254.2, Diff: 0.1]
   [Code Root Fixup: 0.0 ms]
   [Code Root Purge: 0.0 ms]
   [Clear CT: 1.1 ms]
   [Other: 2.1 ms]
      [Choose CSet: 0.0 ms]
      [Ref Proc: 0.4 ms]
      [Ref Enq: 0.0 ms]
      [Redirty Cards: 1.0 ms]
      [Humongous Register: 0.1 ms]
      [Humongous Reclaim: 0.0 ms]
      [Free CSet: 0.2 ms]
   [Eden: 89.0M(89.0M)->0.0B(89.0M) Survivors: 13.0M->13.0M Heap: 603.4M(2048.0M)->604.9M(2048.0M)]
 [Times: user=1.63 sys=0.00, real=0.21 secs] 
2020-09-29T11:57:11.150+0200: 57.451: [GC pause (G1 Evacuation Pause) (young), 0.2234805 secs]
   [Parallel Time: 218.9 ms, GC Workers: 8]
      [GC Worker Start (ms): Min: 57450.8, Avg: 57451.1, Max: 57451.4, Diff: 0.5]
      [Ext Root Scanning (ms): Min: 0.0, Avg: 0.2, Max: 0.5, Diff: 0.5, Sum: 1.8]
      [Update RS (ms): Min: 17.9, Avg: 18.9, Max: 20.0, Diff: 2.2, Sum: 151.3]
         [Processed Buffers: Min: 3, Avg: 6.0, Max: 7, Diff: 4, Sum: 48]
      [Scan RS (ms): Min: 19.4, Avg: 20.8, Max: 21.8, Diff: 2.4, Sum: 166.1]
      [Code Root Scanning (ms): Min: 0.0, Avg: 0.0, Max: 0.0, Diff: 0.0, Sum: 0.0]
      [Object Copy (ms): Min: 177.7, Avg: 178.1, Max: 178.5, Diff: 0.8, Sum: 1424.9]
      [Termination (ms): Min: 0.0, Avg: 0.2, Max: 0.2, Diff: 0.2, Sum: 1.2]
         [Termination Attempts: Min: 1, Avg: 242.9, Max: 286, Diff: 285, Sum: 1943]
      [GC Worker Other (ms): Min: 0.0, Avg: 0.1, Max: 0.1, Diff: 0.1, Sum: 0.4]
      [GC Worker Total (ms): Min: 218.0, Avg: 218.2, Max: 218.5, Diff: 0.5, Sum: 1745.8]
      [GC Worker End (ms): Min: 57669.3, Avg: 57669.3, Max: 57669.3, Diff: 0.1]
   [Code Root Fixup: 0.0 ms]
   [Code Root Purge: 0.0 ms]
   [Clear CT: 0.8 ms]
   [Other: 3.7 ms]
      [Choose CSet: 0.0 ms]
      [Ref Proc: 1.1 ms]
      [Ref Enq: 0.0 ms]
      [Redirty Cards: 2.0 ms]
      [Humongous Register: 0.1 ms]
      [Humongous Reclaim: 0.0 ms]
      [Free CSet: 0.2 ms]
   [Eden: 89.0M(89.0M)->0.0B(89.0M) Survivors: 13.0M->13.0M Heap: 709.2M(2048.0M)->710.7M(2048.0M)]
 [Times: user=1.73 sys=0.00, real=0.22 secs] 
2020-09-29T11:57:11.563+0200: 57.864: [GC pause (G1 Evacuation Pause) (young), 0.2118101 secs]
   [Parallel Time: 208.9 ms, GC Workers: 8]
      [GC Worker Start (ms): Min: 57863.9, Avg: 57864.2, Max: 57864.4, Diff: 0.5]
      [Ext Root Scanning (ms): Min: 0.0, Avg: 0.2, Max: 0.5, Diff: 0.5, Sum: 1.8]
      [Update RS (ms): Min: 20.6, Avg: 21.5, Max: 23.6, Diff: 3.0, Sum: 171.8]
         [Processed Buffers: Min: 5, Avg: 7.4, Max: 9, Diff: 4, Sum: 59]
      [Scan RS (ms): Min: 15.7, Avg: 17.8, Max: 18.7, Diff: 3.0, Sum: 142.5]
      [Code Root Scanning (ms): Min: 0.0, Avg: 0.0, Max: 0.0, Diff: 0.0, Sum: 0.0]
      [Object Copy (ms): Min: 168.5, Avg: 168.7, Max: 168.9, Diff: 0.4, Sum: 1349.8]
      [Termination (ms): Min: 0.0, Avg: 0.0, Max: 0.0, Diff: 0.0, Sum: 0.3]
         [Termination Attempts: Min: 1, Avg: 47.3, Max: 74, Diff: 73, Sum: 378]
      [GC Worker Other (ms): Min: 0.0, Avg: 0.1, Max: 0.2, Diff: 0.1, Sum: 0.7]
      [GC Worker Total (ms): Min: 208.1, Avg: 208.4, Max: 208.6, Diff: 0.4, Sum: 1666.8]
      [GC Worker End (ms): Min: 58072.5, Avg: 58072.5, Max: 58072.6, Diff: 0.1]
   [Code Root Fixup: 0.0 ms]
   [Code Root Purge: 0.0 ms]
   [Clear CT: 0.7 ms]
   [Other: 2.2 ms]
      [Choose CSet: 0.0 ms]
      [Ref Proc: 0.5 ms]
      [Ref Enq: 0.0 ms]
      [Redirty Cards: 0.6 ms]
      [Humongous Register: 0.1 ms]
      [Humongous Reclaim: 0.0 ms]
      [Free CSet: 0.6 ms]
   [Eden: 89.0M(89.0M)->0.0B(89.0M) Survivors: 13.0M->13.0M Heap: 814.9M(2048.0M)->816.4M(2048.0M)]
 [Times: user=1.73 sys=0.00, real=0.22 secs] 
2020-09-29T11:57:11.985+0200: 58.286: [GC pause (G1 Evacuation Pause) (young), 0.2192852 secs]
   [Parallel Time: 215.7 ms, GC Workers: 8]
      [GC Worker Start (ms): Min: 58285.8, Avg: 58286.1, Max: 58286.4, Diff: 0.5]
      [Ext Root Scanning (ms): Min: 0.0, Avg: 0.2, Max: 0.5, Diff: 0.5, Sum: 2.0]
      [Update RS (ms): Min: 17.5, Avg: 17.7, Max: 18.0, Diff: 0.5, Sum: 141.6]
         [Processed Buffers: Min: 5, Avg: 6.8, Max: 8, Diff: 3, Sum: 54]
      [Scan RS (ms): Min: 21.3, Avg: 21.8, Max: 22.7, Diff: 1.4, Sum: 174.7]
      [Code Root Scanning (ms): Min: 0.0, Avg: 0.0, Max: 0.0, Diff: 0.0, Sum: 0.0]
      [Object Copy (ms): Min: 174.3, Avg: 175.0, Max: 175.3, Diff: 1.0, Sum: 1400.0]
      [Termination (ms): Min: 0.0, Avg: 0.1, Max: 0.1, Diff: 0.1, Sum: 0.4]
         [Termination Attempts: Min: 1, Avg: 91.9, Max: 122, Diff: 121, Sum: 735]
      [GC Worker Other (ms): Min: 0.0, Avg: 0.1, Max: 0.1, Diff: 0.1, Sum: 0.5]
      [GC Worker Total (ms): Min: 214.7, Avg: 214.9, Max: 215.1, Diff: 0.4, Sum: 1719.4]
      [GC Worker End (ms): Min: 58501.0, Avg: 58501.0, Max: 58501.1, Diff: 0.1]
   [Code Root Fixup: 0.0 ms]
   [Code Root Purge: 0.0 ms]
   [Clear CT: 1.4 ms]
   [Other: 2.2 ms]
      [Choose CSet: 0.0 ms]
      [Ref Proc: 0.4 ms]
      [Ref Enq: 0.0 ms]
      [Redirty Cards: 1.0 ms]
      [Humongous Register: 0.1 ms]
      [Humongous Reclaim: 0.0 ms]
      [Free CSet: 0.3 ms]
   [Eden: 89.0M(89.0M)->0.0B(89.0M) Survivors: 13.0M->13.0M Heap: 920.7M(2048.0M)->922.7M(2048.0M)]
 [Times: user=1.69 sys=0.00, real=0.22 secs] 
2020-09-29T11:57:12.282+0200: 58.582: [GC pause (G1 Humongous Allocation) (young) (initial-mark), 0.1366190 secs]
   [Parallel Time: 133.2 ms, GC Workers: 8]
      [GC Worker Start (ms): Min: 58582.7, Avg: 58583.0, Max: 58583.4, Diff: 0.7]
      [Ext Root Scanning (ms): Min: 0.0, Avg: 4.5, Max: 32.1, Diff: 32.0, Sum: 36.2]
      [Update RS (ms): Min: 0.0, Avg: 19.2, Max: 23.5, Diff: 23.5, Sum: 153.5]
         [Processed Buffers: Min: 0, Avg: 5.1, Max: 7, Diff: 7, Sum: 41]
      [Scan RS (ms): Min: 0.0, Avg: 4.3, Max: 6.5, Diff: 6.5, Sum: 34.4]
      [Code Root Scanning (ms): Min: 0.0, Avg: 0.0, Max: 0.0, Diff: 0.0, Sum: 0.0]
      [Object Copy (ms): Min: 99.0, Avg: 103.4, Max: 104.9, Diff: 5.9, Sum: 827.4]
      [Termination (ms): Min: 0.1, Avg: 0.9, Max: 1.0, Diff: 0.9, Sum: 6.9]
         [Termination Attempts: Min: 1, Avg: 99.6, Max: 125, Diff: 124, Sum: 797]
      [GC Worker Other (ms): Min: 0.0, Avg: 0.0, Max: 0.1, Diff: 0.1, Sum: 0.4]
      [GC Worker Total (ms): Min: 132.0, Avg: 132.4, Max: 132.7, Diff: 0.7, Sum: 1058.8]
      [GC Worker End (ms): Min: 58715.3, Avg: 58715.4, Max: 58715.4, Diff: 0.0]
   [Code Root Fixup: 0.0 ms]
   [Code Root Purge: 0.0 ms]
   [Clear CT: 0.7 ms]
   [Other: 2.7 ms]
      [Choose CSet: 0.0 ms]
      [Ref Proc: 0.8 ms]
      [Ref Enq: 0.0 ms]
      [Redirty Cards: 1.2 ms]
      [Humongous Register: 0.1 ms]
      [Humongous Reclaim: 0.0 ms]
      [Free CSet: 0.1 ms]
   [Eden: 33.0M(89.0M)->0.0B(89.0M) Survivors: 13.0M->13.0M Heap: 959.0M(2048.0M)->961.0M(2048.0M)]
 [Times: user=0.94 sys=0.02, real=0.14 secs] 
2020-09-29T11:57:12.419+0200: 58.719: [GC concurrent-root-region-scan-start]
2020-09-29T11:57:12.432+0200: 58.733: [GC concurrent-root-region-scan-end, 0.0134807 secs]
2020-09-29T11:57:12.432+0200: 58.733: [GC concurrent-mark-start]
2020-09-29T11:57:12.441+0200: 58.742: [GC concurrent-mark-end, 0.0087596 secs]
2020-09-29T11:57:12.441+0200: 58.742: [GC remark 2020-09-29T11:57:12.442+0200: 58.742: [Finalize Marking, 0.0013145 secs] 2020-09-29T11:57:12.443+0200: 58.744: [GC ref-proc, 0.0011488 secs] 2020-09-29T11:57:12.444+0200: 58.745: [Unloading, 0.0022441 secs], 0.0057787 secs]
 [Times: user=0.02 sys=0.00, real=0.01 secs] 
2020-09-29T11:57:12.449+0200: 58.750: [GC cleanup 973M->34M(2048M), 0.0058509 secs]
 [Times: user=0.00 sys=0.00, real=0.01 secs] 
2020-09-29T11:57:12.455+0200: 58.756: [GC concurrent-cleanup-start]
2020-09-29T11:57:12.459+0200: 58.760: [GC concurrent-cleanup-end, 0.0039839 secs]
2020-09-29T11:57:12.616+0200: 58.916: [GC pause (G1 Evacuation Pause) (young), 0.1827966 secs]
   [Parallel Time: 179.3 ms, GC Workers: 8]
      [GC Worker Start (ms): Min: 58916.3, Avg: 58916.6, Max: 58916.8, Diff: 0.4]
      [Ext Root Scanning (ms): Min: 0.0, Avg: 0.2, Max: 0.4, Diff: 0.4, Sum: 1.7]
      [Update RS (ms): Min: 17.9, Avg: 19.1, Max: 20.2, Diff: 2.4, Sum: 153.2]
         [Processed Buffers: Min: 5, Avg: 6.3, Max: 8, Diff: 3, Sum: 50]
      [Scan RS (ms): Min: 14.7, Avg: 15.7, Max: 17.0, Diff: 2.3, Sum: 125.6]
      [Code Root Scanning (ms): Min: 0.0, Avg: 0.0, Max: 0.0, Diff: 0.0, Sum: 0.0]
      [Object Copy (ms): Min: 143.2, Avg: 143.5, Max: 143.7, Diff: 0.5, Sum: 1147.7]
      [Termination (ms): Min: 0.0, Avg: 0.1, Max: 0.1, Diff: 0.1, Sum: 0.7]
         [Termination Attempts: Min: 1, Avg: 120.9, Max: 155, Diff: 154, Sum: 967]
      [GC Worker Other (ms): Min: 0.0, Avg: 0.0, Max: 0.1, Diff: 0.1, Sum: 0.3]
      [GC Worker Total (ms): Min: 178.4, Avg: 178.7, Max: 178.9, Diff: 0.4, Sum: 1429.3]
      [GC Worker End (ms): Min: 59095.2, Avg: 59095.2, Max: 59095.2, Diff: 0.1]
   [Code Root Fixup: 0.0 ms]
   [Code Root Purge: 0.0 ms]
   [Clear CT: 1.0 ms]
   [Other: 2.4 ms]
      [Choose CSet: 0.0 ms]
      [Ref Proc: 0.8 ms]
      [Ref Enq: 0.0 ms]
      [Redirty Cards: 0.9 ms]
      [Humongous Register: 0.1 ms]
      [Humongous Reclaim: 0.0 ms]
      [Free CSet: 0.2 ms]
   [Eden: 89.0M(89.0M)->0.0B(89.0M) Survivors: 13.0M->13.0M Heap: 126.3M(2048.0M)->115.3M(2048.0M)]
 [Times: user=1.38 sys=0.00, real=0.18 secs] 
2020-09-29T11:57:12.981+0200: 59.281: [GC pause (G1 Evacuation Pause) (young), 0.2191772 secs]
   [Parallel Time: 215.5 ms, GC Workers: 8]
      [GC Worker Start (ms): Min: 59281.3, Avg: 59281.6, Max: 59281.8, Diff: 0.5]
      [Ext Root Scanning (ms): Min: 0.0, Avg: 0.2, Max: 0.5, Diff: 0.5, Sum: 1.6]
      [Update RS (ms): Min: 21.5, Avg: 22.2, Max: 23.9, Diff: 2.4, Sum: 177.4]
         [Processed Buffers: Min: 6, Avg: 7.3, Max: 9, Diff: 3, Sum: 58]
      [Scan RS (ms): Min: 17.1, Avg: 18.8, Max: 19.6, Diff: 2.5, Sum: 150.7]
      [Code Root Scanning (ms): Min: 0.0, Avg: 0.0, Max: 0.0, Diff: 0.0, Sum: 0.0]
      [Object Copy (ms): Min: 173.3, Avg: 173.4, Max: 173.5, Diff: 0.2, Sum: 1387.4]
      [Termination (ms): Min: 0.0, Avg: 0.1, Max: 0.1, Diff: 0.1, Sum: 0.5]
         [Termination Attempts: Min: 1, Avg: 101.3, Max: 128, Diff: 127, Sum: 810]
      [GC Worker Other (ms): Min: 0.0, Avg: 0.1, Max: 0.1, Diff: 0.1, Sum: 0.5]
      [GC Worker Total (ms): Min: 214.5, Avg: 214.8, Max: 215.0, Diff: 0.5, Sum: 1718.2]
      [GC Worker End (ms): Min: 59496.3, Avg: 59496.3, Max: 59496.4, Diff: 0.1]
   [Code Root Fixup: 0.0 ms]
   [Code Root Purge: 0.0 ms]
   [Clear CT: 1.1 ms]
   [Other: 2.6 ms]
      [Choose CSet: 0.0 ms]
      [Ref Proc: 0.6 ms]
      [Ref Enq: 0.0 ms]
      [Redirty Cards: 1.2 ms]
      [Humongous Register: 0.1 ms]
      [Humongous Reclaim: 0.0 ms]
      [Free CSet: 0.2 ms]
   [Eden: 89.0M(89.0M)->0.0B(89.0M) Survivors: 13.0M->13.0M Heap: 219.5M(2048.0M)->222.0M(2048.0M)]
 [Times: user=1.73 sys=0.00, real=0.22 secs] 
2020-09-29T11:57:13.384+0200: 59.685: [GC pause (G1 Evacuation Pause) (young), 0.2247149 secs]
   [Parallel Time: 221.5 ms, GC Workers: 8]
      [GC Worker Start (ms): Min: 59684.8, Avg: 59685.1, Max: 59685.3, Diff: 0.5]
      [Ext Root Scanning (ms): Min: 0.0, Avg: 0.2, Max: 0.5, Diff: 0.5, Sum: 1.8]
      [Update RS (ms): Min: 21.5, Avg: 22.0, Max: 22.8, Diff: 1.3, Sum: 176.1]
         [Processed Buffers: Min: 6, Avg: 7.8, Max: 9, Diff: 3, Sum: 62]
      [Scan RS (ms): Min: 18.0, Avg: 18.8, Max: 19.4, Diff: 1.4, Sum: 150.5]
      [Code Root Scanning (ms): Min: 0.0, Avg: 0.0, Max: 0.0, Diff: 0.0, Sum: 0.0]
      [Object Copy (ms): Min: 179.3, Avg: 179.5, Max: 179.9, Diff: 0.6, Sum: 1436.3]
      [Termination (ms): Min: 0.0, Avg: 0.2, Max: 0.2, Diff: 0.2, Sum: 1.3]
         [Termination Attempts: Min: 1, Avg: 285.5, Max: 412, Diff: 411, Sum: 2284]
      [GC Worker Other (ms): Min: 0.0, Avg: 0.1, Max: 0.2, Diff: 0.1, Sum: 0.6]
      [GC Worker Total (ms): Min: 220.6, Avg: 220.8, Max: 221.1, Diff: 0.4, Sum: 1766.6]
      [GC Worker End (ms): Min: 59905.9, Avg: 59905.9, Max: 59906.0, Diff: 0.1]
   [Code Root Fixup: 0.0 ms]
   [Code Root Purge: 0.0 ms]
   [Clear CT: 0.9 ms]
   [Other: 2.3 ms]
      [Choose CSet: 0.0 ms]
      [Ref Proc: 0.7 ms]
      [Ref Enq: 0.0 ms]
      [Redirty Cards: 0.8 ms]
      [Humongous Register: 0.1 ms]
      [Humongous Reclaim: 0.0 ms]
      [Free CSet: 0.3 ms]
   [Eden: 89.0M(89.0M)->0.0B(89.0M) Survivors: 13.0M->13.0M Heap: 326.3M(2048.0M)->328.8M(2048.0M)]
 [Times: user=1.74 sys=0.00, real=0.22 secs] 
2020-09-29T11:57:13.802+0200: 60.102: [GC pause (G1 Evacuation Pause) (young), 0.1571859 secs]
   [Parallel Time: 155.8 ms, GC Workers: 8]
      [GC Worker Start (ms): Min: 60102.7, Avg: 60102.9, Max: 60103.1, Diff: 0.4]
      [Ext Root Scanning (ms): Min: 0.0, Avg: 0.2, Max: 0.5, Diff: 0.4, Sum: 1.7]
      [Update RS (ms): Min: 16.5, Avg: 16.7, Max: 16.8, Diff: 0.2, Sum: 133.3]
         [Processed Buffers: Min: 5, Avg: 6.6, Max: 10, Diff: 5, Sum: 53]
      [Scan RS (ms): Min: 20.3, Avg: 20.6, Max: 20.8, Diff: 0.5, Sum: 164.5]
      [Code Root Scanning (ms): Min: 0.0, Avg: 0.0, Max: 0.0, Diff: 0.0, Sum: 0.0]
      [Object Copy (ms): Min: 117.6, Avg: 117.8, Max: 118.0, Diff: 0.4, Sum: 942.1]
      [Termination (ms): Min: 0.0, Avg: 0.1, Max: 0.1, Diff: 0.1, Sum: 0.6]
         [Termination Attempts: Min: 1, Avg: 298.4, Max: 370, Diff: 369, Sum: 2387]
      [GC Worker Other (ms): Min: 0.0, Avg: 0.0, Max: 0.1, Diff: 0.0, Sum: 0.3]
      [GC Worker Total (ms): Min: 155.1, Avg: 155.3, Max: 155.5, Diff: 0.4, Sum: 1242.5]
      [GC Worker End (ms): Min: 60258.2, Avg: 60258.2, Max: 60258.2, Diff: 0.0]
   [Code Root Fixup: 0.0 ms]
   [Code Root Purge: 0.0 ms]
   [Clear CT: 0.3 ms]
   [Other: 1.1 ms]
      [Choose CSet: 0.0 ms]
      [Ref Proc: 0.3 ms]
      [Ref Enq: 0.0 ms]
      [Redirty Cards: 0.2 ms]
      [Humongous Register: 0.1 ms]
      [Humongous Reclaim: 0.0 ms]
      [Free CSet: 0.2 ms]
   [Eden: 89.0M(89.0M)->0.0B(89.0M) Survivors: 13.0M->13.0M Heap: 433.0M(2048.0M)->435.0M(2048.0M)]
 [Times: user=1.25 sys=0.00, real=0.16 secs] 
2020-09-29T11:57:14.025+0200: 60.326: [GC pause (G1 Evacuation Pause) (young), 0.0779230 secs]
   [Parallel Time: 75.3 ms, GC Workers: 8]
      [GC Worker Start (ms): Min: 60325.7, Avg: 60325.8, Max: 60325.9, Diff: 0.2]
      [Ext Root Scanning (ms): Min: 0.0, Avg: 0.1, Max: 0.2, Diff: 0.2, Sum: 0.7]
      [Update RS (ms): Min: 7.8, Avg: 8.3, Max: 8.8, Diff: 1.0, Sum: 66.7]
         [Processed Buffers: Min: 6, Avg: 7.0, Max: 8, Diff: 2, Sum: 56]
      [Scan RS (ms): Min: 5.9, Avg: 6.4, Max: 6.9, Diff: 1.1, Sum: 51.0]
      [Code Root Scanning (ms): Min: 0.0, Avg: 0.0, Max: 0.0, Diff: 0.0, Sum: 0.0]
      [Object Copy (ms): Min: 60.0, Avg: 60.0, Max: 60.1, Diff: 0.1, Sum: 480.4]
      [Termination (ms): Min: 0.0, Avg: 0.0, Max: 0.0, Diff: 0.0, Sum: 0.1]
         [Termination Attempts: Min: 1, Avg: 41.9, Max: 62, Diff: 61, Sum: 335]
      [GC Worker Other (ms): Min: 0.0, Avg: 0.0, Max: 0.1, Diff: 0.0, Sum: 0.2]
      [GC Worker Total (ms): Min: 74.8, Avg: 74.9, Max: 75.0, Diff: 0.3, Sum: 599.1]
      [GC Worker End (ms): Min: 60400.7, Avg: 60400.7, Max: 60400.7, Diff: 0.0]
   [Code Root Fixup: 0.0 ms]
   [Code Root Purge: 0.0 ms]
   [Clear CT: 0.9 ms]
   [Other: 1.8 ms]
      [Choose CSet: 0.0 ms]
      [Ref Proc: 0.7 ms]
      [Ref Enq: 0.0 ms]
      [Redirty Cards: 0.8 ms]
      [Humongous Register: 0.0 ms]
      [Humongous Reclaim: 0.0 ms]
      [Free CSet: 0.1 ms]
   [Eden: 89.0M(89.0M)->0.0B(89.0M) Survivors: 13.0M->13.0M Heap: 537.4M(2048.0M)->539.9M(2048.0M)]
 [Times: user=0.63 sys=0.00, real=0.08 secs] 
2020-09-29T11:57:14.168+0200: 60.469: [GC pause (G1 Evacuation Pause) (young), 0.0751929 secs]
   [Parallel Time: 73.3 ms, GC Workers: 8]
      [GC Worker Start (ms): Min: 60468.8, Avg: 60468.9, Max: 60469.0, Diff: 0.2]
      [Ext Root Scanning (ms): Min: 0.0, Avg: 0.1, Max: 0.2, Diff: 0.2, Sum: 0.6]
      [Update RS (ms): Min: 8.0, Avg: 8.4, Max: 8.8, Diff: 0.7, Sum: 67.4]
         [Processed Buffers: Min: 7, Avg: 7.4, Max: 8, Diff: 1, Sum: 59]
      [Scan RS (ms): Min: 5.9, Avg: 6.3, Max: 6.8, Diff: 0.8, Sum: 50.4]
      [Code Root Scanning (ms): Min: 0.0, Avg: 0.0, Max: 0.0, Diff: 0.0, Sum: 0.0]
      [Object Copy (ms): Min: 58.1, Avg: 58.2, Max: 58.2, Diff: 0.1, Sum: 465.5]
      [Termination (ms): Min: 0.0, Avg: 0.0, Max: 0.0, Diff: 0.0, Sum: 0.0]
         [Termination Attempts: Min: 1, Avg: 15.8, Max: 23, Diff: 22, Sum: 126]
      [GC Worker Other (ms): Min: 0.0, Avg: 0.0, Max: 0.1, Diff: 0.0, Sum: 0.2]
      [GC Worker Total (ms): Min: 73.0, Avg: 73.0, Max: 73.1, Diff: 0.2, Sum: 584.1]
      [GC Worker End (ms): Min: 60541.9, Avg: 60541.9, Max: 60541.9, Diff: 0.0]
   [Code Root Fixup: 0.0 ms]
   [Code Root Purge: 0.0 ms]
   [Clear CT: 0.7 ms]
   [Other: 1.2 ms]
      [Choose CSet: 0.0 ms]
      [Ref Proc: 0.3 ms]
      [Ref Enq: 0.0 ms]
      [Redirty Cards: 0.6 ms]
      [Humongous Register: 0.0 ms]
      [Humongous Reclaim: 0.0 ms]
      [Free CSet: 0.1 ms]
   [Eden: 89.0M(89.0M)->0.0B(103.0M) Survivors: 13.0M->13.0M Heap: 644.1M(2048.0M)->646.6M(2048.0M)]
 [Times: user=0.63 sys=0.00, real=0.08 secs] 
2020-09-29T11:57:14.319+0200: 60.620: [GC pause (G1 Evacuation Pause) (young), 0.0882121 secs]
   [Parallel Time: 86.8 ms, GC Workers: 8]
      [GC Worker Start (ms): Min: 60619.9, Avg: 60620.0, Max: 60620.1, Diff: 0.2]
      [Ext Root Scanning (ms): Min: 0.0, Avg: 0.1, Max: 0.2, Diff: 0.2, Sum: 0.7]
      [Update RS (ms): Min: 7.5, Avg: 7.6, Max: 7.8, Diff: 0.3, Sum: 60.4]
         [Processed Buffers: Min: 6, Avg: 6.9, Max: 9, Diff: 3, Sum: 55]
      [Scan RS (ms): Min: 7.8, Avg: 8.0, Max: 8.2, Diff: 0.4, Sum: 64.1]
      [Code Root Scanning (ms): Min: 0.0, Avg: 0.0, Max: 0.0, Diff: 0.0, Sum: 0.0]
      [Object Copy (ms): Min: 70.6, Avg: 70.7, Max: 70.8, Diff: 0.2, Sum: 565.8]
      [Termination (ms): Min: 0.0, Avg: 0.1, Max: 0.1, Diff: 0.1, Sum: 0.5]
         [Termination Attempts: Min: 1, Avg: 274.5, Max: 346, Diff: 345, Sum: 2196]
      [GC Worker Other (ms): Min: 0.0, Avg: 0.0, Max: 0.0, Diff: 0.0, Sum: 0.2]
      [GC Worker Total (ms): Min: 86.4, Avg: 86.5, Max: 86.6, Diff: 0.2, Sum: 691.8]
      [GC Worker End (ms): Min: 60706.5, Avg: 60706.5, Max: 60706.5, Diff: 0.0]
   [Code Root Fixup: 0.0 ms]
   [Code Root Purge: 0.0 ms]
   [Clear CT: 0.3 ms]
   [Other: 1.1 ms]
      [Choose CSet: 0.0 ms]
      [Ref Proc: 0.5 ms]
      [Ref Enq: 0.0 ms]
      [Redirty Cards: 0.3 ms]
      [Humongous Register: 0.1 ms]
      [Humongous Reclaim: 0.0 ms]
      [Free CSet: 0.1 ms]
   [Eden: 103.0M(103.0M)->0.0B(122.0M) Survivors: 13.0M->15.0M Heap: 766.8M(2048.0M)->768.8M(2048.0M)]
 [Times: user=0.61 sys=0.00, real=0.09 secs] 
2020-09-29T11:57:14.497+0200: 60.798: [GC pause (G1 Evacuation Pause) (young), 0.1114165 secs]
   [Parallel Time: 109.4 ms, GC Workers: 8]
      [GC Worker Start (ms): Min: 60797.9, Avg: 60798.0, Max: 60798.1, Diff: 0.2]
      [Ext Root Scanning (ms): Min: 0.0, Avg: 0.1, Max: 0.2, Diff: 0.2, Sum: 0.7]
      [Update RS (ms): Min: 9.5, Avg: 9.9, Max: 10.8, Diff: 1.3, Sum: 79.2]
         [Processed Buffers: Min: 8, Avg: 9.1, Max: 11, Diff: 3, Sum: 73]
      [Scan RS (ms): Min: 8.9, Avg: 9.7, Max: 10.2, Diff: 1.3, Sum: 77.9]
      [Code Root Scanning (ms): Min: 0.0, Avg: 0.0, Max: 0.0, Diff: 0.0, Sum: 0.0]
      [Object Copy (ms): Min: 88.6, Avg: 88.7, Max: 89.3, Diff: 0.7, Sum: 709.6]
      [Termination (ms): Min: 0.0, Avg: 0.6, Max: 0.7, Diff: 0.7, Sum: 4.8]
         [Termination Attempts: Min: 1, Avg: 256.5, Max: 363, Diff: 362, Sum: 2052]
      [GC Worker Other (ms): Min: 0.0, Avg: 0.0, Max: 0.0, Diff: 0.0, Sum: 0.1]
      [GC Worker Total (ms): Min: 109.0, Avg: 109.1, Max: 109.2, Diff: 0.2, Sum: 872.4]
      [GC Worker End (ms): Min: 60907.0, Avg: 60907.0, Max: 60907.0, Diff: 0.0]
   [Code Root Fixup: 0.0 ms]
   [Code Root Purge: 0.0 ms]
   [Clear CT: 0.6 ms]
   [Other: 1.4 ms]
      [Choose CSet: 0.0 ms]
      [Ref Proc: 0.3 ms]
      [Ref Enq: 0.0 ms]
      [Redirty Cards: 0.8 ms]
      [Humongous Register: 0.1 ms]
      [Humongous Reclaim: 0.0 ms]
      [Free CSet: 0.1 ms]
   [Eden: 122.0M(122.0M)->0.0B(134.0M) Survivors: 15.0M->18.0M Heap: 911.8M(2048.0M)->913.8M(2048.0M)]
 [Times: user=0.88 sys=0.00, real=0.11 secs] 
2020-09-29T11:57:14.694+0200: 60.995: [GC pause (G1 Humongous Allocation) (young) (initial-mark), 0.1036317 secs]
   [Parallel Time: 102.2 ms, GC Workers: 8]
      [GC Worker Start (ms): Min: 60994.8, Avg: 60995.0, Max: 60995.0, Diff: 0.2]
      [Ext Root Scanning (ms): Min: 0.0, Avg: 0.1, Max: 0.2, Diff: 0.2, Sum: 0.8]
      [Update RS (ms): Min: 8.8, Avg: 9.4, Max: 9.8, Diff: 1.0, Sum: 75.4]
         [Processed Buffers: Min: 7, Avg: 7.6, Max: 8, Diff: 1, Sum: 61]
      [Scan RS (ms): Min: 8.1, Avg: 8.5, Max: 9.1, Diff: 1.0, Sum: 68.2]
      [Code Root Scanning (ms): Min: 0.0, Avg: 0.0, Max: 0.0, Diff: 0.0, Sum: 0.0]
      [Object Copy (ms): Min: 83.6, Avg: 83.6, Max: 83.8, Diff: 0.2, Sum: 668.9]
      [Termination (ms): Min: 0.0, Avg: 0.2, Max: 0.2, Diff: 0.2, Sum: 1.3]
         [Termination Attempts: Min: 1, Avg: 753.8, Max: 938, Diff: 937, Sum: 6030]
      [GC Worker Other (ms): Min: 0.0, Avg: 0.0, Max: 0.1, Diff: 0.0, Sum: 0.3]
      [GC Worker Total (ms): Min: 101.8, Avg: 101.9, Max: 102.0, Diff: 0.2, Sum: 814.8]
      [GC Worker End (ms): Min: 61096.8, Avg: 61096.8, Max: 61096.8, Diff: 0.0]
   [Code Root Fixup: 0.0 ms]
   [Code Root Purge: 0.0 ms]
   [Clear CT: 0.3 ms]
   [Other: 1.1 ms]
      [Choose CSet: 0.0 ms]
      [Ref Proc: 0.3 ms]
      [Ref Enq: 0.0 ms]
      [Redirty Cards: 0.4 ms]
      [Humongous Register: 0.0 ms]
      [Humongous Reclaim: 0.0 ms]
      [Free CSet: 0.1 ms]
   [Eden: 111.0M(134.0M)->0.0B(150.0M) Survivors: 18.0M->19.0M Heap: 1042.0M(2048.0M)->1044.0M(2048.0M)]
 [Times: user=0.75 sys=0.00, real=0.10 secs] 
2020-09-29T11:57:14.798+0200: 61.098: [GC concurrent-root-region-scan-start]
2020-09-29T11:57:14.807+0200: 61.108: [GC concurrent-root-region-scan-end, 0.0096778 secs]
2020-09-29T11:57:14.807+0200: 61.108: [GC concurrent-mark-start]
2020-09-29T11:57:14.811+0200: 61.112: [GC concurrent-mark-end, 0.0038194 secs]
2020-09-29T11:57:14.812+0200: 61.112: [GC remark 2020-09-29T11:57:14.812+0200: 61.112: [Finalize Marking, 0.0005459 secs] 2020-09-29T11:57:14.812+0200: 61.113: [GC ref-proc, 0.0003971 secs] 2020-09-29T11:57:14.812+0200: 61.113: [Unloading, 0.0009275 secs], 0.0023258 secs]
 [Times: user=0.00 sys=0.00, real=0.00 secs] 
2020-09-29T11:57:14.814+0200: 61.115: [GC cleanup 1053M->37M(2048M), 0.0022274 secs]
 [Times: user=0.00 sys=0.02, real=0.00 secs] 
2020-09-29T11:57:14.817+0200: 61.117: [GC concurrent-cleanup-start]
2020-09-29T11:57:14.818+0200: 61.119: [GC concurrent-cleanup-end, 0.0014817 secs]
2020-09-29T11:57:14.918+0200: 61.219: [GC pause (G1 Evacuation Pause) (young), 0.1093747 secs]
   [Parallel Time: 108.0 ms, GC Workers: 8]
      [GC Worker Start (ms): Min: 61218.7, Avg: 61218.9, Max: 61218.9, Diff: 0.2]
      [Ext Root Scanning (ms): Min: 0.0, Avg: 0.1, Max: 0.2, Diff: 0.2, Sum: 0.7]
      [Update RS (ms): Min: 10.1, Avg: 10.5, Max: 11.0, Diff: 0.9, Sum: 83.8]
         [Processed Buffers: Min: 8, Avg: 8.6, Max: 9, Diff: 1, Sum: 69]
      [Scan RS (ms): Min: 9.3, Avg: 9.8, Max: 10.2, Diff: 0.9, Sum: 78.4]
      [Code Root Scanning (ms): Min: 0.0, Avg: 0.0, Max: 0.0, Diff: 0.0, Sum: 0.0]
      [Object Copy (ms): Min: 87.2, Avg: 87.2, Max: 87.3, Diff: 0.2, Sum: 698.0]
      [Termination (ms): Min: 0.0, Avg: 0.1, Max: 0.1, Diff: 0.1, Sum: 0.5]
         [Termination Attempts: Min: 1, Avg: 300.6, Max: 381, Diff: 380, Sum: 2405]
      [GC Worker Other (ms): Min: 0.0, Avg: 0.0, Max: 0.1, Diff: 0.0, Sum: 0.2]
      [GC Worker Total (ms): Min: 107.6, Avg: 107.7, Max: 107.8, Diff: 0.2, Sum: 861.6]
      [GC Worker End (ms): Min: 61326.6, Avg: 61326.6, Max: 61326.6, Diff: 0.0]
   [Code Root Fixup: 0.0 ms]
   [Code Root Purge: 0.0 ms]
   [Clear CT: 0.3 ms]
   [Other: 1.0 ms]
      [Choose CSet: 0.0 ms]
      [Ref Proc: 0.3 ms]
      [Ref Enq: 0.0 ms]
      [Redirty Cards: 0.3 ms]
      [Humongous Register: 0.0 ms]
      [Humongous Reclaim: 0.0 ms]
      [Free CSet: 0.1 ms]
   [Eden: 148.0M(146.0M)->0.0B(170.0M) Survivors: 19.0M->21.0M Heap: 200.8M(2048.0M)->183.8M(2048.0M)]
 [Times: user=0.88 sys=0.00, real=0.11 secs] 
2020-09-29T11:57:15.155+0200: 61.456: [GC pause (G1 Evacuation Pause) (young), 0.1425355 secs]
   [Parallel Time: 141.1 ms, GC Workers: 8]
      [GC Worker Start (ms): Min: 61456.3, Avg: 61456.4, Max: 61456.5, Diff: 0.2]
      [Ext Root Scanning (ms): Min: 0.0, Avg: 0.1, Max: 0.2, Diff: 0.2, Sum: 0.7]
      [Update RS (ms): Min: 11.6, Avg: 11.9, Max: 12.3, Diff: 0.7, Sum: 95.3]
         [Processed Buffers: Min: 9, Avg: 9.9, Max: 11, Diff: 2, Sum: 79]
      [Scan RS (ms): Min: 13.7, Avg: 14.1, Max: 14.4, Diff: 0.7, Sum: 112.7]
      [Code Root Scanning (ms): Min: 0.0, Avg: 0.0, Max: 0.0, Diff: 0.0, Sum: 0.0]
      [Object Copy (ms): Min: 114.7, Avg: 114.7, Max: 114.7, Diff: 0.1, Sum: 917.6]
      [Termination (ms): Min: 0.0, Avg: 0.1, Max: 0.1, Diff: 0.1, Sum: 0.4]
         [Termination Attempts: Min: 1, Avg: 220.9, Max: 324, Diff: 323, Sum: 1767]
      [GC Worker Other (ms): Min: 0.0, Avg: 0.0, Max: 0.1, Diff: 0.1, Sum: 0.3]
      [GC Worker Total (ms): Min: 140.8, Avg: 140.9, Max: 141.0, Diff: 0.3, Sum: 1127.0]
      [GC Worker End (ms): Min: 61597.3, Avg: 61597.3, Max: 61597.3, Diff: 0.1]
   [Code Root Fixup: 0.0 ms]
   [Code Root Purge: 0.0 ms]
   [Clear CT: 0.3 ms]
   [Other: 1.1 ms]
      [Choose CSet: 0.0 ms]
      [Ref Proc: 0.2 ms]
      [Ref Enq: 0.0 ms]
      [Redirty Cards: 0.3 ms]
      [Humongous Register: 0.1 ms]
      [Humongous Reclaim: 0.0 ms]
      [Free CSet: 0.2 ms]
   [Eden: 170.0M(170.0M)->0.0B(172.0M) Survivors: 21.0M->24.0M Heap: 382.4M(2048.0M)->383.9M(2048.0M)]
 [Times: user=1.13 sys=0.00, real=0.14 secs] 
2020-09-29T11:57:15.430+0200: 61.730: [GC pause (G1 Evacuation Pause) (young), 0.1507135 secs]
   [Parallel Time: 149.2 ms, GC Workers: 8]
      [GC Worker Start (ms): Min: 61730.5, Avg: 61730.6, Max: 61730.7, Diff: 0.2]
      [Ext Root Scanning (ms): Min: 0.0, Avg: 0.1, Max: 0.2, Diff: 0.2, Sum: 0.7]
      [Update RS (ms): Min: 15.9, Avg: 16.2, Max: 16.7, Diff: 0.8, Sum: 129.8]
         [Processed Buffers: Min: 12, Avg: 13.1, Max: 15, Diff: 3, Sum: 105]
      [Scan RS (ms): Min: 11.4, Avg: 12.3, Max: 15.2, Diff: 3.9, Sum: 98.6]
      [Code Root Scanning (ms): Min: 0.0, Avg: 0.0, Max: 0.0, Diff: 0.0, Sum: 0.0]
      [Object Copy (ms): Min: 117.2, Avg: 120.2, Max: 120.7, Diff: 3.5, Sum: 961.5]
      [Termination (ms): Min: 0.0, Avg: 0.1, Max: 0.1, Diff: 0.1, Sum: 0.4]
         [Termination Attempts: Min: 1, Avg: 240.4, Max: 309, Diff: 308, Sum: 1923]
      [GC Worker Other (ms): Min: 0.0, Avg: 0.1, Max: 0.1, Diff: 0.1, Sum: 0.4]
      [GC Worker Total (ms): Min: 148.8, Avg: 148.9, Max: 149.1, Diff: 0.2, Sum: 1191.4]
      [GC Worker End (ms): Min: 61879.5, Avg: 61879.5, Max: 61879.5, Diff: 0.1]
   [Code Root Fixup: 0.0 ms]
   [Code Root Purge: 0.0 ms]
   [Clear CT: 0.3 ms]
   [Other: 1.1 ms]
      [Choose CSet: 0.0 ms]
      [Ref Proc: 0.2 ms]
      [Ref Enq: 0.0 ms]
      [Redirty Cards: 0.4 ms]
      [Humongous Register: 0.1 ms]
      [Humongous Reclaim: 0.0 ms]
      [Free CSet: 0.2 ms]
   [Eden: 172.0M(172.0M)->0.0B(177.0M) Survivors: 24.0M->25.0M Heap: 584.5M(2048.0M)->586.5M(2048.0M)]
 [Times: user=1.13 sys=0.00, real=0.15 secs] 
2020-09-29T11:57:15.716+0200: 62.017: [GC pause (G1 Evacuation Pause) (young), 0.1462809 secs]
   [Parallel Time: 145.0 ms, GC Workers: 8]
      [GC Worker Start (ms): Min: 62016.8, Avg: 62016.9, Max: 62017.0, Diff: 0.2]
      [Ext Root Scanning (ms): Min: 0.0, Avg: 0.1, Max: 0.2, Diff: 0.2, Sum: 0.7]
      [Update RS (ms): Min: 13.2, Avg: 13.6, Max: 14.2, Diff: 1.0, Sum: 108.4]
         [Processed Buffers: Min: 10, Avg: 12.0, Max: 15, Diff: 5, Sum: 96]
      [Scan RS (ms): Min: 13.5, Avg: 14.0, Max: 14.4, Diff: 0.9, Sum: 112.3]
      [Code Root Scanning (ms): Min: 0.0, Avg: 0.0, Max: 0.0, Diff: 0.0, Sum: 0.0]
      [Object Copy (ms): Min: 116.8, Avg: 116.9, Max: 117.0, Diff: 0.2, Sum: 935.4]
      [Termination (ms): Min: 0.0, Avg: 0.0, Max: 0.0, Diff: 0.0, Sum: 0.1]
         [Termination Attempts: Min: 1, Avg: 50.8, Max: 80, Diff: 79, Sum: 406]
      [GC Worker Other (ms): Min: 0.0, Avg: 0.0, Max: 0.0, Diff: 0.0, Sum: 0.2]
      [GC Worker Total (ms): Min: 144.5, Avg: 144.6, Max: 144.8, Diff: 0.2, Sum: 1157.1]
      [GC Worker End (ms): Min: 62161.5, Avg: 62161.6, Max: 62161.6, Diff: 0.0]
   [Code Root Fixup: 0.0 ms]
   [Code Root Purge: 0.0 ms]
   [Clear CT: 0.3 ms]
   [Other: 1.0 ms]
      [Choose CSet: 0.0 ms]
      [Ref Proc: 0.3 ms]
      [Ref Enq: 0.0 ms]
      [Redirty Cards: 0.4 ms]
      [Humongous Register: 0.0 ms]
      [Humongous Reclaim: 0.0 ms]
      [Free CSet: 0.1 ms]
   [Eden: 177.0M(177.0M)->0.0B(186.0M) Survivors: 25.0M->26.0M Heap: 794.0M(2048.0M)->796.0M(2048.0M)]
 [Times: user=1.13 sys=0.00, real=0.15 secs] 
2020-09-29T11:57:16.003+0200: 62.304: [GC pause (G1 Evacuation Pause) (young), 0.1633132 secs]
   [Parallel Time: 162.0 ms, GC Workers: 8]
      [GC Worker Start (ms): Min: 62303.7, Avg: 62303.8, Max: 62303.9, Diff: 0.2]
      [Ext Root Scanning (ms): Min: 0.0, Avg: 0.1, Max: 0.2, Diff: 0.2, Sum: 0.7]
      [Update RS (ms): Min: 18.0, Avg: 18.2, Max: 18.6, Diff: 0.6, Sum: 146.0]
         [Processed Buffers: Min: 13, Avg: 14.9, Max: 18, Diff: 5, Sum: 119]
      [Scan RS (ms): Min: 13.4, Avg: 13.6, Max: 13.9, Diff: 0.5, Sum: 109.1]
      [Code Root Scanning (ms): Min: 0.0, Avg: 0.0, Max: 0.0, Diff: 0.0, Sum: 0.0]
      [Object Copy (ms): Min: 129.4, Avg: 129.5, Max: 129.7, Diff: 0.3, Sum: 1035.8]
      [Termination (ms): Min: 0.0, Avg: 0.2, Max: 0.3, Diff: 0.3, Sum: 1.5]
         [Termination Attempts: Min: 1, Avg: 775.8, Max: 1143, Diff: 1142, Sum: 6206]
      [GC Worker Other (ms): Min: 0.0, Avg: 0.0, Max: 0.1, Diff: 0.1, Sum: 0.3]
      [GC Worker Total (ms): Min: 161.6, Avg: 161.7, Max: 161.8, Diff: 0.2, Sum: 1293.4]
      [GC Worker End (ms): Min: 62465.4, Avg: 62465.5, Max: 62465.5, Diff: 0.1]
   [Code Root Fixup: 0.0 ms]
   [Code Root Purge: 0.0 ms]
   [Clear CT: 0.2 ms]
   [Other: 1.1 ms]
      [Choose CSet: 0.0 ms]
      [Ref Proc: 0.2 ms]
      [Ref Enq: 0.0 ms]
      [Redirty Cards: 0.5 ms]
      [Humongous Register: 0.1 ms]
      [Humongous Reclaim: 0.0 ms]
      [Free CSet: 0.2 ms]
   [Eden: 186.0M(186.0M)->0.0B(190.0M) Survivors: 26.0M->27.0M Heap: 1012.6M(2048.0M)->1014.6M(2048.0M)]
 [Times: user=1.38 sys=0.00, real=0.16 secs] 
2020-09-29T11:57:16.184+0200: 62.485: [GC pause (G1 Humongous Allocation) (young) (initial-mark), 0.0678811 secs]
   [Parallel Time: 66.5 ms, GC Workers: 8]
      [GC Worker Start (ms): Min: 62485.3, Avg: 62485.4, Max: 62485.6, Diff: 0.2]
      [Ext Root Scanning (ms): Min: 0.0, Avg: 2.8, Max: 13.5, Diff: 13.5, Sum: 22.7]
      [Update RS (ms): Min: 12.7, Avg: 23.2, Max: 26.5, Diff: 13.8, Sum: 185.9]
         [Processed Buffers: Min: 12, Avg: 20.5, Max: 25, Diff: 13, Sum: 164]
      [Scan RS (ms): Min: 1.9, Avg: 2.6, Max: 2.9, Diff: 1.0, Sum: 20.7]
      [Code Root Scanning (ms): Min: 0.0, Avg: 0.0, Max: 0.0, Diff: 0.0, Sum: 0.0]
      [Object Copy (ms): Min: 36.9, Avg: 37.2, Max: 37.5, Diff: 0.6, Sum: 297.4]
      [Termination (ms): Min: 0.0, Avg: 0.3, Max: 0.5, Diff: 0.5, Sum: 2.6]
         [Termination Attempts: Min: 1, Avg: 1520.1, Max: 2233, Diff: 2232, Sum: 12161]
      [GC Worker Other (ms): Min: 0.0, Avg: 0.0, Max: 0.0, Diff: 0.0, Sum: 0.2]
      [GC Worker Total (ms): Min: 66.1, Avg: 66.2, Max: 66.3, Diff: 0.2, Sum: 529.5]
      [GC Worker End (ms): Min: 62551.6, Avg: 62551.6, Max: 62551.6, Diff: 0.0]
   [Code Root Fixup: 0.0 ms]
   [Code Root Purge: 0.0 ms]
   [Clear CT: 0.3 ms]
   [Other: 1.1 ms]
      [Choose CSet: 0.0 ms]
      [Ref Proc: 0.4 ms]
      [Ref Enq: 0.0 ms]
      [Redirty Cards: 0.3 ms]
      [Humongous Register: 0.1 ms]
      [Humongous Reclaim: 0.0 ms]
      [Free CSet: 0.1 ms]
   [Eden: 6144.0K(190.0M)->0.0B(172.0M) Survivors: 27.0M->7168.0K Heap: 1020.1M(2048.0M)->1023.6M(2048.0M)]
 [Times: user=0.45 sys=0.02, real=0.07 secs] 
2020-09-29T11:57:16.252+0200: 62.553: [GC concurrent-root-region-scan-start]
2020-09-29T11:57:16.255+0200: 62.556: [GC concurrent-root-region-scan-end, 0.0023770 secs]
2020-09-29T11:57:16.255+0200: 62.556: [GC concurrent-mark-start]
2020-09-29T11:57:16.259+0200: 62.560: [GC concurrent-mark-end, 0.0040978 secs]
2020-09-29T11:57:16.259+0200: 62.560: [GC remark 2020-09-29T11:57:16.259+0200: 62.560: [Finalize Marking, 0.0003121 secs] 2020-09-29T11:57:16.260+0200: 62.560: [GC ref-proc, 0.0005075 secs] 2020-09-29T11:57:16.260+0200: 62.561: [Unloading, 0.0006832 secs], 0.0019513 secs]
 [Times: user=0.00 sys=0.00, real=0.00 secs] 
2020-09-29T11:57:16.262+0200: 62.562: [GC cleanup 1034M->26M(2048M), 0.0017889 secs]
 [Times: user=0.00 sys=0.00, real=0.00 secs] 
2020-09-29T11:57:16.264+0200: 62.564: [GC concurrent-cleanup-start]
2020-09-29T11:57:16.265+0200: 62.566: [GC concurrent-cleanup-end, 0.0018621 secs]
2020-09-29T11:57:16.385+0200: 62.685: [GC pause (G1 Evacuation Pause) (young), 0.1344037 secs]
   [Parallel Time: 133.0 ms, GC Workers: 8]
      [GC Worker Start (ms): Min: 62685.4, Avg: 62685.5, Max: 62685.6, Diff: 0.3]
      [Ext Root Scanning (ms): Min: 0.0, Avg: 0.1, Max: 0.2, Diff: 0.2, Sum: 0.6]
      [Update RS (ms): Min: 15.4, Avg: 15.6, Max: 15.8, Diff: 0.5, Sum: 124.9]
         [Processed Buffers: Min: 11, Avg: 12.9, Max: 16, Diff: 5, Sum: 103]
      [Scan RS (ms): Min: 15.0, Avg: 15.4, Max: 15.8, Diff: 0.8, Sum: 123.2]
      [Code Root Scanning (ms): Min: 0.0, Avg: 0.0, Max: 0.0, Diff: 0.0, Sum: 0.0]
      [Object Copy (ms): Min: 101.2, Avg: 101.4, Max: 101.6, Diff: 0.3, Sum: 811.5]
      [Termination (ms): Min: 0.0, Avg: 0.0, Max: 0.0, Diff: 0.0, Sum: 0.3]
         [Termination Attempts: Min: 1, Avg: 133.4, Max: 176, Diff: 175, Sum: 1067]
      [GC Worker Other (ms): Min: 0.0, Avg: 0.0, Max: 0.1, Diff: 0.1, Sum: 0.3]
      [GC Worker Total (ms): Min: 132.5, Avg: 132.6, Max: 132.7, Diff: 0.3, Sum: 1060.7]
      [GC Worker End (ms): Min: 62818.1, Avg: 62818.1, Max: 62818.1, Diff: 0.1]
   [Code Root Fixup: 0.0 ms]
   [Code Root Purge: 0.0 ms]
   [Clear CT: 0.3 ms]
   [Other: 1.1 ms]
      [Choose CSet: 0.0 ms]
      [Ref Proc: 0.3 ms]
      [Ref Enq: 0.0 ms]
      [Redirty Cards: 0.4 ms]
      [Humongous Register: 0.0 ms]
      [Humongous Reclaim: 0.0 ms]
      [Free CSet: 0.1 ms]
   [Eden: 172.0M(172.0M)->0.0B(170.0M) Survivors: 7168.0K->23.0M Heap: 218.5M(2048.0M)->214.0M(2048.0M)]
 [Times: user=0.95 sys=0.05, real=0.13 secs] 
2020-09-29T11:57:16.644+0200: 62.945: [GC pause (G1 Evacuation Pause) (young), 0.1487681 secs]
   [Parallel Time: 147.3 ms, GC Workers: 8]
      [GC Worker Start (ms): Min: 62944.8, Avg: 62944.9, Max: 62945.0, Diff: 0.2]
      [Ext Root Scanning (ms): Min: 0.0, Avg: 0.1, Max: 0.2, Diff: 0.2, Sum: 0.7]
      [Update RS (ms): Min: 15.4, Avg: 15.7, Max: 16.1, Diff: 0.7, Sum: 125.7]
         [Processed Buffers: Min: 11, Avg: 12.5, Max: 16, Diff: 5, Sum: 100]
      [Scan RS (ms): Min: 13.5, Avg: 13.8, Max: 14.1, Diff: 0.6, Sum: 110.4]
      [Code Root Scanning (ms): Min: 0.0, Avg: 0.0, Max: 0.0, Diff: 0.0, Sum: 0.0]
      [Object Copy (ms): Min: 117.2, Avg: 117.3, Max: 117.4, Diff: 0.2, Sum: 938.5]
      [Termination (ms): Min: 0.0, Avg: 0.1, Max: 0.1, Diff: 0.1, Sum: 0.7]
         [Termination Attempts: Min: 1, Avg: 420.0, Max: 538, Diff: 537, Sum: 3360]
      [GC Worker Other (ms): Min: 0.0, Avg: 0.0, Max: 0.1, Diff: 0.1, Sum: 0.3]
      [GC Worker Total (ms): Min: 146.9, Avg: 147.0, Max: 147.1, Diff: 0.2, Sum: 1176.3]
      [GC Worker End (ms): Min: 63091.9, Avg: 63092.0, Max: 63092.0, Diff: 0.1]
   [Code Root Fixup: 0.0 ms]
   [Code Root Purge: 0.0 ms]
   [Clear CT: 0.3 ms]
   [Other: 1.1 ms]
      [Choose CSet: 0.0 ms]
      [Ref Proc: 0.3 ms]
      [Ref Enq: 0.0 ms]
      [Redirty Cards: 0.4 ms]
      [Humongous Register: 0.0 ms]
      [Humongous Reclaim: 0.0 ms]
      [Free CSet: 0.2 ms]
   [Eden: 170.0M(170.0M)->0.0B(178.0M) Survivors: 23.0M->25.0M Heap: 410.7M(2048.0M)->412.7M(2048.0M)]
 [Times: user=1.25 sys=0.00, real=0.15 secs] 
2020-09-29T11:57:16.924+0200: 63.225: [GC pause (G1 Evacuation Pause) (young), 0.1524106 secs]
   [Parallel Time: 150.9 ms, GC Workers: 8]
      [GC Worker Start (ms): Min: 63225.0, Avg: 63225.1, Max: 63225.2, Diff: 0.2]
      [Ext Root Scanning (ms): Min: 0.0, Avg: 0.1, Max: 0.2, Diff: 0.2, Sum: 0.8]
      [Update RS (ms): Min: 16.8, Avg: 17.1, Max: 17.6, Diff: 0.8, Sum: 136.6]
         [Processed Buffers: Min: 13, Avg: 14.3, Max: 16, Diff: 3, Sum: 114]
      [Scan RS (ms): Min: 12.5, Avg: 13.1, Max: 13.4, Diff: 1.0, Sum: 104.7]
      [Code Root Scanning (ms): Min: 0.0, Avg: 0.0, Max: 0.0, Diff: 0.0, Sum: 0.0]
      [Object Copy (ms): Min: 120.0, Avg: 120.2, Max: 120.3, Diff: 0.3, Sum: 961.8]
      [Termination (ms): Min: 0.0, Avg: 0.0, Max: 0.1, Diff: 0.1, Sum: 0.3]
         [Termination Attempts: Min: 1, Avg: 192.9, Max: 258, Diff: 257, Sum: 1543]
      [GC Worker Other (ms): Min: 0.0, Avg: 0.0, Max: 0.1, Diff: 0.0, Sum: 0.2]
      [GC Worker Total (ms): Min: 150.5, Avg: 150.6, Max: 150.7, Diff: 0.2, Sum: 1204.5]
      [GC Worker End (ms): Min: 63375.6, Avg: 63375.6, Max: 63375.7, Diff: 0.0]
   [Code Root Fixup: 0.0 ms]
   [Code Root Purge: 0.0 ms]
   [Clear CT: 0.4 ms]
   [Other: 1.1 ms]
      [Choose CSet: 0.0 ms]
      [Ref Proc: 0.3 ms]
      [Ref Enq: 0.0 ms]
      [Redirty Cards: 0.4 ms]
      [Humongous Register: 0.1 ms]
      [Humongous Reclaim: 0.0 ms]
      [Free CSet: 0.1 ms]
   [Eden: 178.0M(178.0M)->0.0B(187.0M) Survivors: 25.0M->26.0M Heap: 621.2M(2048.0M)->623.2M(2048.0M)]
 [Times: user=1.25 sys=0.00, real=0.15 secs] 
2020-09-29T11:57:17.213+0200: 63.513: [GC pause (G1 Evacuation Pause) (young), 0.1713678 secs]
   [Parallel Time: 169.4 ms, GC Workers: 8]
      [GC Worker Start (ms): Min: 63513.5, Avg: 63513.7, Max: 63513.7, Diff: 0.2]
      [Ext Root Scanning (ms): Min: 0.0, Avg: 0.1, Max: 0.2, Diff: 0.2, Sum: 0.7]
      [Update RS (ms): Min: 19.1, Avg: 19.5, Max: 20.0, Diff: 0.9, Sum: 155.7]
         [Processed Buffers: Min: 15, Avg: 15.8, Max: 16, Diff: 1, Sum: 126]
      [Scan RS (ms): Min: 11.7, Avg: 12.2, Max: 12.6, Diff: 0.9, Sum: 97.5]
      [Code Root Scanning (ms): Min: 0.0, Avg: 0.0, Max: 0.0, Diff: 0.0, Sum: 0.0]
      [Object Copy (ms): Min: 137.2, Avg: 137.3, Max: 137.3, Diff: 0.1, Sum: 1098.4]
      [Termination (ms): Min: 0.0, Avg: 0.0, Max: 0.1, Diff: 0.1, Sum: 0.4]
         [Termination Attempts: Min: 1, Avg: 191.5, Max: 249, Diff: 248, Sum: 1532]
      [GC Worker Other (ms): Min: 0.0, Avg: 0.0, Max: 0.1, Diff: 0.1, Sum: 0.4]
      [GC Worker Total (ms): Min: 169.0, Avg: 169.1, Max: 169.3, Diff: 0.3, Sum: 1353.1]
      [GC Worker End (ms): Min: 63682.8, Avg: 63682.8, Max: 63682.8, Diff: 0.1]
   [Code Root Fixup: 0.0 ms]
   [Code Root Purge: 0.0 ms]
   [Clear CT: 0.3 ms]
   [Other: 1.7 ms]
      [Choose CSet: 0.0 ms]
      [Ref Proc: 0.3 ms]
      [Ref Enq: 0.0 ms]
      [Redirty Cards: 0.8 ms]
      [Humongous Register: 0.1 ms]
      [Humongous Reclaim: 0.0 ms]
      [Free CSet: 0.2 ms]
   [Eden: 187.0M(187.0M)->0.0B(191.0M) Survivors: 26.0M->27.0M Heap: 840.8M(2048.0M)->842.8M(2048.0M)]
 [Times: user=1.27 sys=0.00, real=0.17 secs] 
2020-09-29T11:57:17.532+0200: 63.833: [GC pause (G1 Evacuation Pause) (young), 0.1608442 secs]
   [Parallel Time: 158.5 ms, GC Workers: 8]
      [GC Worker Start (ms): Min: 63832.7, Avg: 63832.9, Max: 63832.9, Diff: 0.2]
      [Ext Root Scanning (ms): Min: 0.0, Avg: 0.1, Max: 0.2, Diff: 0.2, Sum: 0.7]
      [Update RS (ms): Min: 22.8, Avg: 23.0, Max: 23.3, Diff: 0.5, Sum: 184.2]
         [Processed Buffers: Min: 16, Avg: 18.6, Max: 22, Diff: 6, Sum: 149]
      [Scan RS (ms): Min: 11.3, Avg: 11.6, Max: 11.8, Diff: 0.5, Sum: 92.5]
      [Code Root Scanning (ms): Min: 0.0, Avg: 0.0, Max: 0.0, Diff: 0.0, Sum: 0.0]
      [Object Copy (ms): Min: 123.4, Avg: 123.5, Max: 123.6, Diff: 0.1, Sum: 988.0]
      [Termination (ms): Min: 0.0, Avg: 0.0, Max: 0.0, Diff: 0.0, Sum: 0.1]
         [Termination Attempts: Min: 1, Avg: 24.3, Max: 37, Diff: 36, Sum: 194]
      [GC Worker Other (ms): Min: 0.0, Avg: 0.0, Max: 0.1, Diff: 0.1, Sum: 0.4]
      [GC Worker Total (ms): Min: 158.2, Avg: 158.2, Max: 158.4, Diff: 0.2, Sum: 1266.0]
      [GC Worker End (ms): Min: 63991.1, Avg: 63991.1, Max: 63991.1, Diff: 0.1]
   [Code Root Fixup: 0.0 ms]
   [Code Root Purge: 0.0 ms]
   [Clear CT: 0.2 ms]
   [Other: 2.1 ms]
      [Choose CSet: 0.0 ms]
      [Ref Proc: 0.3 ms]
      [Ref Enq: 0.0 ms]
      [Redirty Cards: 0.5 ms]
      [Humongous Register: 0.1 ms]
      [Humongous Reclaim: 0.0 ms]
      [Free CSet: 1.1 ms]
   [Eden: 191.0M(191.0M)->0.0B(199.0M) Survivors: 27.0M->28.0M Heap: 1066.2M(2048.0M)->1068.7M(2048.0M)]
 [Times: user=1.19 sys=0.06, real=0.16 secs] 
2020-09-29T11:57:17.702+0200: 64.003: [GC pause (G1 Humongous Allocation) (young) (initial-mark), 0.0615932 secs]
   [Parallel Time: 60.2 ms, GC Workers: 8]
      [GC Worker Start (ms): Min: 64002.8, Avg: 64002.9, Max: 64003.0, Diff: 0.2]
      [Ext Root Scanning (ms): Min: 0.0, Avg: 0.4, Max: 1.3, Diff: 1.3, Sum: 3.5]
      [Update RS (ms): Min: 34.9, Avg: 35.5, Max: 36.1, Diff: 1.3, Sum: 284.1]
         [Processed Buffers: Min: 21, Avg: 29.4, Max: 31, Diff: 10, Sum: 235]
      [Scan RS (ms): Min: 2.2, Avg: 2.6, Max: 3.0, Diff: 0.8, Sum: 21.1]
      [Code Root Scanning (ms): Min: 0.0, Avg: 0.0, Max: 0.0, Diff: 0.0, Sum: 0.0]
      [Object Copy (ms): Min: 21.3, Avg: 21.4, Max: 21.4, Diff: 0.1, Sum: 170.8]
      [Termination (ms): Min: 0.0, Avg: 0.0, Max: 0.0, Diff: 0.0, Sum: 0.0]
         [Termination Attempts: Min: 1, Avg: 19.6, Max: 31, Diff: 30, Sum: 157]
      [GC Worker Other (ms): Min: 0.0, Avg: 0.0, Max: 0.0, Diff: 0.0, Sum: 0.2]
      [GC Worker Total (ms): Min: 59.9, Avg: 60.0, Max: 60.0, Diff: 0.2, Sum: 479.8]
      [GC Worker End (ms): Min: 64062.8, Avg: 64062.8, Max: 64062.9, Diff: 0.0]
   [Code Root Fixup: 0.0 ms]
   [Code Root Purge: 0.0 ms]
   [Clear CT: 0.3 ms]
   [Other: 1.0 ms]
      [Choose CSet: 0.0 ms]
      [Ref Proc: 0.2 ms]
      [Ref Enq: 0.0 ms]
      [Redirty Cards: 0.3 ms]
      [Humongous Register: 0.1 ms]
      [Humongous Reclaim: 0.0 ms]
      [Free CSet: 0.1 ms]
   [Eden: 7168.0K(199.0M)->0.0B(224.0M) Survivors: 28.0M->8192.0K Heap: 1075.2M(2048.0M)->1078.7M(2048.0M)]
 [Times: user=0.49 sys=0.00, real=0.06 secs] 
2020-09-29T11:57:17.764+0200: 64.064: [GC concurrent-root-region-scan-start]
2020-09-29T11:57:17.766+0200: 64.067: [GC concurrent-root-region-scan-end, 0.0024616 secs]
2020-09-29T11:57:17.766+0200: 64.067: [GC concurrent-mark-start]
2020-09-29T11:57:17.771+0200: 64.072: [GC concurrent-mark-end, 0.0048199 secs]
2020-09-29T11:57:17.771+0200: 64.072: [GC remark 2020-09-29T11:57:17.772+0200: 64.072: [Finalize Marking, 0.0004207 secs] 2020-09-29T11:57:17.772+0200: 64.073: [GC ref-proc, 0.0004133 secs] 2020-09-29T11:57:17.772+0200: 64.073: [Unloading, 0.0006493 secs], 0.0019493 secs]
 [Times: user=0.00 sys=0.00, real=0.00 secs] 
2020-09-29T11:57:17.774+0200: 64.075: [GC cleanup 1091M->29M(2048M), 0.0016091 secs]
 [Times: user=0.00 sys=0.00, real=0.00 secs] 
2020-09-29T11:57:17.776+0200: 64.076: [GC concurrent-cleanup-start]
2020-09-29T11:57:17.778+0200: 64.079: [GC concurrent-cleanup-end, 0.0027820 secs]
2020-09-29T11:57:17.933+0200: 64.234: [GC pause (G1 Evacuation Pause) (young), 0.1677439 secs]
   [Parallel Time: 165.9 ms, GC Workers: 8]
      [GC Worker Start (ms): Min: 64233.8, Avg: 64233.9, Max: 64234.0, Diff: 0.2]
      [Ext Root Scanning (ms): Min: 0.0, Avg: 0.1, Max: 0.2, Diff: 0.2, Sum: 0.6]
      [Update RS (ms): Min: 22.0, Avg: 22.2, Max: 22.5, Diff: 0.5, Sum: 178.0]
         [Processed Buffers: Min: 17, Avg: 18.3, Max: 22, Diff: 5, Sum: 146]
      [Scan RS (ms): Min: 11.9, Avg: 12.2, Max: 12.4, Diff: 0.5, Sum: 97.4]
      [Code Root Scanning (ms): Min: 0.0, Avg: 0.0, Max: 0.0, Diff: 0.0, Sum: 0.0]
      [Object Copy (ms): Min: 131.0, Avg: 131.1, Max: 131.1, Diff: 0.1, Sum: 1048.5]
      [Termination (ms): Min: 0.0, Avg: 0.0, Max: 0.0, Diff: 0.0, Sum: 0.2]
         [Termination Attempts: Min: 1, Avg: 131.8, Max: 192, Diff: 191, Sum: 1054]
      [GC Worker Other (ms): Min: 0.0, Avg: 0.0, Max: 0.1, Diff: 0.1, Sum: 0.3]
      [GC Worker Total (ms): Min: 165.5, Avg: 165.6, Max: 165.8, Diff: 0.3, Sum: 1325.0]
      [GC Worker End (ms): Min: 64399.5, Avg: 64399.5, Max: 64399.6, Diff: 0.1]
   [Code Root Fixup: 0.0 ms]
   [Code Root Purge: 0.0 ms]
   [Clear CT: 0.6 ms]
   [Other: 1.2 ms]
      [Choose CSet: 0.0 ms]
      [Ref Proc: 0.3 ms]
      [Ref Enq: 0.0 ms]
      [Redirty Cards: 0.5 ms]
      [Humongous Register: 0.1 ms]
      [Humongous Reclaim: 0.0 ms]
      [Free CSet: 0.2 ms]
   [Eden: 224.0M(224.0M)->0.0B(209.0M) Survivors: 8192.0K->29.0M Heap: 278.6M(2048.0M)->273.6M(2048.0M)]
 [Times: user=1.36 sys=0.02, real=0.17 secs] 
2020-09-29T11:57:18.253+0200: 64.554: [GC pause (G1 Evacuation Pause) (young), 0.1762717 secs]
   [Parallel Time: 174.8 ms, GC Workers: 8]
      [GC Worker Start (ms): Min: 64554.3, Avg: 64554.4, Max: 64554.5, Diff: 0.2]
      [Ext Root Scanning (ms): Min: 0.0, Avg: 0.1, Max: 0.2, Diff: 0.2, Sum: 0.7]
      [Update RS (ms): Min: 19.4, Avg: 19.6, Max: 20.0, Diff: 0.6, Sum: 156.9]
         [Processed Buffers: Min: 13, Avg: 15.1, Max: 16, Diff: 3, Sum: 121]
      [Scan RS (ms): Min: 15.6, Avg: 15.9, Max: 16.1, Diff: 0.6, Sum: 127.0]
      [Code Root Scanning (ms): Min: 0.0, Avg: 0.0, Max: 0.0, Diff: 0.0, Sum: 0.0]
      [Object Copy (ms): Min: 138.6, Avg: 138.8, Max: 138.8, Diff: 0.2, Sum: 1110.0]
      [Termination (ms): Min: 0.0, Avg: 0.0, Max: 0.0, Diff: 0.0, Sum: 0.1]
         [Termination Attempts: Min: 1, Avg: 29.0, Max: 42, Diff: 41, Sum: 232]
      [GC Worker Other (ms): Min: 0.0, Avg: 0.1, Max: 0.1, Diff: 0.1, Sum: 0.5]
      [GC Worker Total (ms): Min: 174.3, Avg: 174.4, Max: 174.5, Diff: 0.2, Sum: 1395.3]
      [GC Worker End (ms): Min: 64728.8, Avg: 64728.8, Max: 64728.9, Diff: 0.1]
   [Code Root Fixup: 0.0 ms]
   [Code Root Purge: 0.0 ms]
   [Clear CT: 0.2 ms]
   [Other: 1.3 ms]
      [Choose CSet: 0.0 ms]
      [Ref Proc: 0.2 ms]
      [Ref Enq: 0.0 ms]
      [Redirty Cards: 0.3 ms]
      [Humongous Register: 0.1 ms]
      [Humongous Reclaim: 0.0 ms]
      [Free CSet: 0.3 ms]
   [Eden: 209.0M(209.0M)->0.0B(205.0M) Survivors: 29.0M->30.0M Heap: 517.0M(2048.0M)->519.0M(2048.0M)]
 [Times: user=1.41 sys=0.00, real=0.18 secs] 
2020-09-29T11:57:18.592+0200: 64.893: [GC pause (G1 Evacuation Pause) (young), 0.1874786 secs]
   [Parallel Time: 185.9 ms, GC Workers: 8]
      [GC Worker Start (ms): Min: 64892.8, Avg: 64892.9, Max: 64893.0, Diff: 0.2]
      [Ext Root Scanning (ms): Min: 0.0, Avg: 0.1, Max: 0.2, Diff: 0.2, Sum: 0.7]
      [Update RS (ms): Min: 17.6, Avg: 17.8, Max: 18.6, Diff: 1.0, Sum: 142.2]
         [Processed Buffers: Min: 13, Avg: 14.3, Max: 16, Diff: 3, Sum: 114]
      [Scan RS (ms): Min: 15.1, Avg: 15.9, Max: 16.2, Diff: 1.1, Sum: 127.2]
      [Code Root Scanning (ms): Min: 0.0, Avg: 0.0, Max: 0.0, Diff: 0.0, Sum: 0.0]
      [Object Copy (ms): Min: 151.3, Avg: 151.6, Max: 151.7, Diff: 0.4, Sum: 1212.5]
      [Termination (ms): Min: 0.0, Avg: 0.2, Max: 0.4, Diff: 0.4, Sum: 1.9]
         [Termination Attempts: Min: 1, Avg: 1010.8, Max: 1251, Diff: 1250, Sum: 8086]
      [GC Worker Other (ms): Min: 0.0, Avg: 0.0, Max: 0.1, Diff: 0.1, Sum: 0.4]
      [GC Worker Total (ms): Min: 185.5, Avg: 185.6, Max: 185.8, Diff: 0.2, Sum: 1484.9]
      [GC Worker End (ms): Min: 65078.5, Avg: 65078.5, Max: 65078.5, Diff: 0.1]
   [Code Root Fixup: 0.0 ms]
   [Code Root Purge: 0.0 ms]
   [Clear CT: 0.3 ms]
   [Other: 1.3 ms]
      [Choose CSet: 0.0 ms]
      [Ref Proc: 0.2 ms]
      [Ref Enq: 0.0 ms]
      [Redirty Cards: 0.6 ms]
      [Humongous Register: 0.0 ms]
      [Humongous Reclaim: 0.0 ms]
      [Free CSet: 0.2 ms]
   [Eden: 205.0M(205.0M)->0.0B(198.0M) Survivors: 30.0M->30.0M Heap: 758.3M(2048.0M)->761.3M(2048.0M)]
 [Times: user=1.50 sys=0.00, real=0.19 secs] 
2020-09-29T11:57:18.936+0200: 65.238: [GC pause (G1 Evacuation Pause) (young), 0.1326060 secs]
   [Parallel Time: 130.8 ms, GC Workers: 8]
      [GC Worker Start (ms): Min: 65237.7, Avg: 65237.8, Max: 65237.9, Diff: 0.2]
      [Ext Root Scanning (ms): Min: 0.0, Avg: 0.1, Max: 0.2, Diff: 0.2, Sum: 0.7]
      [Update RS (ms): Min: 21.1, Avg: 21.3, Max: 21.8, Diff: 0.7, Sum: 170.5]
         [Processed Buffers: Min: 16, Avg: 17.9, Max: 20, Diff: 4, Sum: 143]
      [Scan RS (ms): Min: 13.2, Avg: 13.7, Max: 13.8, Diff: 0.7, Sum: 109.4]
      [Code Root Scanning (ms): Min: 0.0, Avg: 0.0, Max: 0.0, Diff: 0.0, Sum: 0.0]
      [Object Copy (ms): Min: 95.3, Avg: 95.4, Max: 95.5, Diff: 0.2, Sum: 763.0]
      [Termination (ms): Min: 0.0, Avg: 0.1, Max: 0.1, Diff: 0.1, Sum: 0.7]
         [Termination Attempts: Min: 1, Avg: 602.9, Max: 718, Diff: 717, Sum: 4823]
      [GC Worker Other (ms): Min: 0.0, Avg: 0.0, Max: 0.1, Diff: 0.0, Sum: 0.3]
      [GC Worker Total (ms): Min: 130.5, Avg: 130.6, Max: 130.7, Diff: 0.2, Sum: 1044.6]
      [GC Worker End (ms): Min: 65368.4, Avg: 65368.4, Max: 65368.4, Diff: 0.0]
   [Code Root Fixup: 0.0 ms]
   [Code Root Purge: 0.0 ms]
   [Clear CT: 0.7 ms]
   [Other: 1.1 ms]
      [Choose CSet: 0.0 ms]
      [Ref Proc: 0.1 ms]
      [Ref Enq: 0.0 ms]
      [Redirty Cards: 0.5 ms]
      [Humongous Register: 0.1 ms]
      [Humongous Reclaim: 0.0 ms]
      [Free CSet: 0.2 ms]
   [Eden: 198.0M(198.0M)->0.0B(216.0M) Survivors: 30.0M->29.0M Heap: 993.6M(2048.0M)->996.1M(2048.0M)]
 [Times: user=1.13 sys=0.00, real=0.13 secs] 
2020-09-29T11:57:19.082+0200: 65.383: [GC pause (G1 Humongous Allocation) (young) (initial-mark), 0.0359985 secs]
   [Parallel Time: 34.5 ms, GC Workers: 8]
      [GC Worker Start (ms): Min: 65382.8, Avg: 65382.9, Max: 65383.0, Diff: 0.2]
      [Ext Root Scanning (ms): Min: 0.0, Avg: 0.1, Max: 0.3, Diff: 0.3, Sum: 1.0]
      [Update RS (ms): Min: 16.5, Avg: 16.7, Max: 16.9, Diff: 0.4, Sum: 133.3]
         [Processed Buffers: Min: 19, Avg: 21.3, Max: 24, Diff: 5, Sum: 170]
      [Scan RS (ms): Min: 1.4, Avg: 1.7, Max: 1.9, Diff: 0.5, Sum: 13.6]
      [Code Root Scanning (ms): Min: 0.0, Avg: 0.0, Max: 0.0, Diff: 0.0, Sum: 0.0]
      [Object Copy (ms): Min: 15.7, Avg: 15.8, Max: 15.8, Diff: 0.1, Sum: 126.2]
      [Termination (ms): Min: 0.0, Avg: 0.0, Max: 0.0, Diff: 0.0, Sum: 0.1]
         [Termination Attempts: Min: 1, Avg: 91.6, Max: 122, Diff: 121, Sum: 733]
      [GC Worker Other (ms): Min: 0.0, Avg: 0.0, Max: 0.0, Diff: 0.0, Sum: 0.1]
      [GC Worker Total (ms): Min: 34.2, Avg: 34.3, Max: 34.4, Diff: 0.2, Sum: 274.4]
      [GC Worker End (ms): Min: 65417.2, Avg: 65417.2, Max: 65417.2, Diff: 0.0]
   [Code Root Fixup: 0.0 ms]
   [Code Root Purge: 0.0 ms]
   [Clear CT: 0.4 ms]
   [Other: 1.1 ms]
      [Choose CSet: 0.0 ms]
      [Ref Proc: 0.4 ms]
      [Ref Enq: 0.0 ms]
      [Redirty Cards: 0.4 ms]
      [Humongous Register: 0.0 ms]
      [Humongous Reclaim: 0.0 ms]
      [Free CSet: 0.0 ms]
   [Eden: 11.0M(216.0M)->0.0B(264.0M) Survivors: 29.0M->14.0M Heap: 1007.1M(2048.0M)->1011.1M(2048.0M)]
 [Times: user=0.25 sys=0.00, real=0.04 secs] 
2020-09-29T11:57:19.118+0200: 65.419: [GC concurrent-root-region-scan-start]
2020-09-29T11:57:19.120+0200: 65.421: [GC concurrent-root-region-scan-end, 0.0019846 secs]
2020-09-29T11:57:19.120+0200: 65.421: [GC concurrent-mark-start]
2020-09-29T11:57:19.122+0200: 65.423: [GC concurrent-mark-end, 0.0020477 secs]
2020-09-29T11:57:19.122+0200: 65.423: [GC remark 2020-09-29T11:57:19.122+0200: 65.423: [Finalize Marking, 0.0002102 secs] 2020-09-29T11:57:19.122+0200: 65.423: [GC ref-proc, 0.0002617 secs] 2020-09-29T11:57:19.122+0200: 65.423: [Unloading, 0.0004632 secs], 0.0012156 secs]
 [Times: user=0.00 sys=0.00, real=0.00 secs] 
2020-09-29T11:57:19.123+0200: 65.424: [GC cleanup 1022M->33M(2048M), 0.0014240 secs]
 [Times: user=0.00 sys=0.00, real=0.00 secs] 
2020-09-29T11:57:19.125+0200: 65.426: [GC concurrent-cleanup-start]
2020-09-29T11:57:19.126+0200: 65.427: [GC concurrent-cleanup-end, 0.0010875 secs]
2020-09-29T11:57:19.254+0200: 65.555: [GC pause (G1 Evacuation Pause) (young), 0.1346527 secs]
   [Parallel Time: 133.5 ms, GC Workers: 8]
      [GC Worker Start (ms): Min: 65554.8, Avg: 65554.9, Max: 65555.1, Diff: 0.3]
      [Ext Root Scanning (ms): Min: 0.0, Avg: 0.1, Max: 0.2, Diff: 0.2, Sum: 0.4]
      [Update RS (ms): Min: 13.0, Avg: 13.1, Max: 13.3, Diff: 0.3, Sum: 104.7]
         [Processed Buffers: Min: 15, Avg: 16.3, Max: 19, Diff: 4, Sum: 130]
      [Scan RS (ms): Min: 13.1, Avg: 13.3, Max: 13.4, Diff: 0.4, Sum: 106.4]
      [Code Root Scanning (ms): Min: 0.0, Avg: 0.0, Max: 0.0, Diff: 0.0, Sum: 0.0]
      [Object Copy (ms): Min: 106.5, Avg: 106.5, Max: 106.7, Diff: 0.3, Sum: 852.3]
      [Termination (ms): Min: 0.0, Avg: 0.1, Max: 0.2, Diff: 0.2, Sum: 1.2]
         [Termination Attempts: Min: 1, Avg: 1138.1, Max: 1645, Diff: 1644, Sum: 9105]
      [GC Worker Other (ms): Min: 0.0, Avg: 0.1, Max: 0.1, Diff: 0.1, Sum: 0.5]
      [GC Worker Total (ms): Min: 133.0, Avg: 133.2, Max: 133.4, Diff: 0.4, Sum: 1065.5]
      [GC Worker End (ms): Min: 65688.1, Avg: 65688.1, Max: 65688.2, Diff: 0.1]
   [Code Root Fixup: 0.0 ms]
   [Code Root Purge: 0.0 ms]
   [Clear CT: 0.2 ms]
   [Other: 0.9 ms]
      [Choose CSet: 0.0 ms]
      [Ref Proc: 0.1 ms]
      [Ref Enq: 0.0 ms]
      [Redirty Cards: 0.3 ms]
      [Humongous Register: 0.0 ms]
      [Humongous Reclaim: 0.0 ms]
      [Free CSet: 0.2 ms]
   [Eden: 264.0M(264.0M)->0.0B(264.0M) Survivors: 14.0M->35.0M Heap: 332.3M(2048.0M)->320.8M(2048.0M)]
 [Times: user=0.98 sys=0.00, real=0.13 secs] 
2020-09-29T11:57:19.526+0200: 65.827: [GC pause (G1 Evacuation Pause) (young), 0.1477059 secs]
   [Parallel Time: 146.4 ms, GC Workers: 8]
      [GC Worker Start (ms): Min: 65827.4, Avg: 65827.5, Max: 65827.5, Diff: 0.2]
      [Ext Root Scanning (ms): Min: 0.0, Avg: 0.1, Max: 0.2, Diff: 0.1, Sum: 0.5]
      [Update RS (ms): Min: 14.3, Avg: 14.4, Max: 14.5, Diff: 0.2, Sum: 114.8]
         [Processed Buffers: Min: 16, Avg: 18.3, Max: 20, Diff: 4, Sum: 146]
      [Scan RS (ms): Min: 14.0, Avg: 14.2, Max: 14.4, Diff: 0.4, Sum: 113.7]
      [Code Root Scanning (ms): Min: 0.0, Avg: 0.0, Max: 0.0, Diff: 0.0, Sum: 0.0]
      [Object Copy (ms): Min: 117.4, Avg: 117.5, Max: 117.6, Diff: 0.2, Sum: 940.0]
      [Termination (ms): Min: 0.0, Avg: 0.1, Max: 0.1, Diff: 0.1, Sum: 0.5]
         [Termination Attempts: Min: 1, Avg: 517.0, Max: 644, Diff: 643, Sum: 4136]
      [GC Worker Other (ms): Min: 0.0, Avg: 0.0, Max: 0.1, Diff: 0.1, Sum: 0.3]
      [GC Worker Total (ms): Min: 146.2, Avg: 146.2, Max: 146.3, Diff: 0.2, Sum: 1169.8]
      [GC Worker End (ms): Min: 65973.7, Avg: 65973.7, Max: 65973.7, Diff: 0.1]
   [Code Root Fixup: 0.0 ms]
   [Code Root Purge: 0.0 ms]
   [Clear CT: 0.2 ms]
   [Other: 1.0 ms]
      [Choose CSet: 0.0 ms]
      [Ref Proc: 0.2 ms]
      [Ref Enq: 0.0 ms]
      [Redirty Cards: 0.4 ms]
      [Humongous Register: 0.0 ms]
      [Humongous Reclaim: 0.0 ms]
      [Free CSet: 0.2 ms]
   [Eden: 264.0M(264.0M)->0.0B(274.0M) Survivors: 35.0M->38.0M Heap: 628.6M(2048.0M)->631.1M(2048.0M)]
 [Times: user=1.13 sys=0.00, real=0.15 secs] 
2020-09-29T11:57:19.808+0200: 66.109: [GC pause (G1 Evacuation Pause) (young), 0.1546202 secs]
   [Parallel Time: 153.6 ms, GC Workers: 8]
      [GC Worker Start (ms): Min: 66108.8, Avg: 66108.9, Max: 66108.9, Diff: 0.1]
      [Ext Root Scanning (ms): Min: 0.0, Avg: 0.1, Max: 0.2, Diff: 0.1, Sum: 0.6]
      [Update RS (ms): Min: 17.9, Avg: 17.9, Max: 18.0, Diff: 0.1, Sum: 143.1]
         [Processed Buffers: Min: 19, Avg: 21.5, Max: 24, Diff: 5, Sum: 172]
      [Scan RS (ms): Min: 13.7, Avg: 13.9, Max: 14.0, Diff: 0.3, Sum: 111.0]
      [Code Root Scanning (ms): Min: 0.0, Avg: 0.0, Max: 0.0, Diff: 0.0, Sum: 0.0]
      [Object Copy (ms): Min: 121.4, Avg: 121.5, Max: 121.6, Diff: 0.2, Sum: 971.8]
      [Termination (ms): Min: 0.0, Avg: 0.0, Max: 0.0, Diff: 0.0, Sum: 0.3]
         [Termination Attempts: Min: 1, Avg: 239.5, Max: 304, Diff: 303, Sum: 1916]
      [GC Worker Other (ms): Min: 0.0, Avg: 0.0, Max: 0.1, Diff: 0.1, Sum: 0.4]
      [GC Worker Total (ms): Min: 153.3, Avg: 153.4, Max: 153.5, Diff: 0.1, Sum: 1227.2]
      [GC Worker End (ms): Min: 66262.2, Avg: 66262.3, Max: 66262.3, Diff: 0.1]
   [Code Root Fixup: 0.0 ms]
   [Code Root Purge: 0.0 ms]
   [Clear CT: 0.2 ms]
   [Other: 0.8 ms]
      [Choose CSet: 0.0 ms]
      [Ref Proc: 0.2 ms]
      [Ref Enq: 0.0 ms]
      [Redirty Cards: 0.3 ms]
      [Humongous Register: 0.0 ms]
      [Humongous Reclaim: 0.0 ms]
      [Free CSet: 0.2 ms]
   [Eden: 274.0M(274.0M)->0.0B(285.0M) Survivors: 38.0M->39.0M Heap: 950.9M(2048.0M)->952.9M(2048.0M)]
 [Times: user=1.25 sys=0.00, real=0.15 secs] 
2020-09-29T11:57:19.973+0200: 66.274: [GC pause (G1 Humongous Allocation) (young) (initial-mark), 0.0530718 secs]
   [Parallel Time: 52.4 ms, GC Workers: 8]
      [GC Worker Start (ms): Min: 66274.0, Avg: 66274.1, Max: 66274.1, Diff: 0.1]
      [Ext Root Scanning (ms): Min: 0.0, Avg: 0.1, Max: 0.1, Diff: 0.1, Sum: 0.6]
      [Update RS (ms): Min: 28.8, Avg: 29.1, Max: 29.4, Diff: 0.6, Sum: 232.9]
         [Processed Buffers: Min: 35, Avg: 37.0, Max: 38, Diff: 3, Sum: 296]
      [Scan RS (ms): Min: 2.2, Avg: 2.4, Max: 2.7, Diff: 0.5, Sum: 19.0]
      [Code Root Scanning (ms): Min: 0.0, Avg: 0.0, Max: 0.0, Diff: 0.0, Sum: 0.0]
      [Object Copy (ms): Min: 20.6, Avg: 20.6, Max: 20.6, Diff: 0.1, Sum: 164.7]
      [Termination (ms): Min: 0.0, Avg: 0.0, Max: 0.0, Diff: 0.0, Sum: 0.1]
         [Termination Attempts: Min: 1, Avg: 108.1, Max: 137, Diff: 136, Sum: 865]
      [GC Worker Other (ms): Min: 0.0, Avg: 0.0, Max: 0.0, Diff: 0.0, Sum: 0.1]
      [GC Worker Total (ms): Min: 52.1, Avg: 52.2, Max: 52.3, Diff: 0.1, Sum: 417.5]
      [GC Worker End (ms): Min: 66326.3, Avg: 66326.3, Max: 66326.3, Diff: 0.0]
   [Code Root Fixup: 0.0 ms]
   [Code Root Purge: 0.0 ms]
   [Clear CT: 0.2 ms]
   [Other: 0.5 ms]
      [Choose CSet: 0.0 ms]
      [Ref Proc: 0.1 ms]
      [Ref Enq: 0.0 ms]
      [Redirty Cards: 0.1 ms]
      [Humongous Register: 0.0 ms]
      [Humongous Reclaim: 0.0 ms]
      [Free CSet: 0.1 ms]
   [Eden: 11.0M(285.0M)->0.0B(322.0M) Survivors: 39.0M->13.0M Heap: 963.9M(2048.0M)->966.9M(2048.0M)]
 [Times: user=0.38 sys=0.00, real=0.05 secs] 
2020-09-29T11:57:20.026+0200: 66.327: [GC concurrent-root-region-scan-start]
2020-09-29T11:57:20.029+0200: 66.330: [GC concurrent-root-region-scan-end, 0.0025969 secs]
2020-09-29T11:57:20.029+0200: 66.330: [GC concurrent-mark-start]
2020-09-29T11:57:20.031+0200: 66.332: [GC concurrent-mark-end, 0.0025497 secs]
2020-09-29T11:57:20.031+0200: 66.333: [GC remark 2020-09-29T11:57:20.031+0200: 66.333: [Finalize Marking, 0.0002015 secs] 2020-09-29T11:57:20.032+0200: 66.333: [GC ref-proc, 0.0002910 secs] 2020-09-29T11:57:20.032+0200: 66.333: [Unloading, 0.0004519 secs], 0.0012186 secs]
 [Times: user=0.00 sys=0.00, real=0.00 secs] 
2020-09-29T11:57:20.033+0200: 66.334: [GC cleanup 978M->33M(2048M), 0.0011934 secs]
 [Times: user=0.00 sys=0.00, real=0.00 secs] 
2020-09-29T11:57:20.034+0200: 66.335: [GC concurrent-cleanup-start]
2020-09-29T11:57:20.036+0200: 66.337: [GC concurrent-cleanup-end, 0.0012704 secs]
2020-09-29T11:57:20.201+0200: 66.502: [GC pause (G1 Evacuation Pause) (young), 0.1565031 secs]
   [Parallel Time: 155.4 ms, GC Workers: 8]
      [GC Worker Start (ms): Min: 66501.9, Avg: 66502.0, Max: 66502.1, Diff: 0.2]
      [Ext Root Scanning (ms): Min: 0.0, Avg: 0.1, Max: 0.2, Diff: 0.1, Sum: 0.5]
      [Update RS (ms): Min: 15.2, Avg: 15.5, Max: 16.0, Diff: 0.7, Sum: 123.7]
         [Processed Buffers: Min: 17, Avg: 18.9, Max: 21, Diff: 4, Sum: 151]
      [Scan RS (ms): Min: 14.9, Avg: 15.4, Max: 15.6, Diff: 0.8, Sum: 123.2]
      [Code Root Scanning (ms): Min: 0.0, Avg: 0.0, Max: 0.0, Diff: 0.0, Sum: 0.0]
      [Object Copy (ms): Min: 124.0, Avg: 124.1, Max: 124.2, Diff: 0.2, Sum: 993.1]
      [Termination (ms): Min: 0.0, Avg: 0.1, Max: 0.1, Diff: 0.1, Sum: 0.7]
         [Termination Attempts: Min: 1, Avg: 598.6, Max: 799, Diff: 798, Sum: 4789]
      [GC Worker Other (ms): Min: 0.0, Avg: 0.0, Max: 0.1, Diff: 0.0, Sum: 0.2]
      [GC Worker Total (ms): Min: 155.1, Avg: 155.2, Max: 155.2, Diff: 0.1, Sum: 1241.3]
      [GC Worker End (ms): Min: 66657.1, Avg: 66657.1, Max: 66657.2, Diff: 0.0]
   [Code Root Fixup: 0.0 ms]
   [Code Root Purge: 0.0 ms]
   [Clear CT: 0.2 ms]
   [Other: 0.8 ms]
      [Choose CSet: 0.0 ms]
      [Ref Proc: 0.1 ms]
      [Ref Enq: 0.0 ms]
      [Redirty Cards: 0.3 ms]
      [Humongous Register: 0.0 ms]
      [Humongous Reclaim: 0.0 ms]
      [Free CSet: 0.2 ms]
   [Eden: 322.0M(322.0M)->0.0B(306.0M) Survivors: 13.0M->42.0M Heap: 398.8M(2048.0M)->388.3M(2048.0M)]
 [Times: user=1.25 sys=0.00, real=0.16 secs] 
2020-09-29T11:57:20.523+0200: 66.824: [GC pause (G1 Evacuation Pause) (young), 0.1699424 secs]
   [Parallel Time: 168.8 ms, GC Workers: 8]
      [GC Worker Start (ms): Min: 66824.6, Avg: 66824.7, Max: 66824.7, Diff: 0.2]
      [Ext Root Scanning (ms): Min: 0.0, Avg: 0.1, Max: 0.2, Diff: 0.1, Sum: 0.7]
      [Update RS (ms): Min: 18.3, Avg: 18.7, Max: 19.0, Diff: 0.7, Sum: 149.2]
         [Processed Buffers: Min: 19, Avg: 21.0, Max: 22, Diff: 3, Sum: 168]
      [Scan RS (ms): Min: 16.5, Avg: 16.8, Max: 17.2, Diff: 0.7, Sum: 134.8]
      [Code Root Scanning (ms): Min: 0.0, Avg: 0.0, Max: 0.0, Diff: 0.0, Sum: 0.0]
      [Object Copy (ms): Min: 132.7, Avg: 132.9, Max: 132.9, Diff: 0.2, Sum: 1062.8]
      [Termination (ms): Min: 0.0, Avg: 0.0, Max: 0.0, Diff: 0.0, Sum: 0.0]
         [Termination Attempts: Min: 1, Avg: 18.5, Max: 27, Diff: 26, Sum: 148]
      [GC Worker Other (ms): Min: 0.0, Avg: 0.0, Max: 0.1, Diff: 0.1, Sum: 0.3]
      [GC Worker Total (ms): Min: 168.4, Avg: 168.5, Max: 168.6, Diff: 0.2, Sum: 1347.9]
      [GC Worker End (ms): Min: 66993.1, Avg: 66993.2, Max: 66993.2, Diff: 0.1]
   [Code Root Fixup: 0.0 ms]
   [Code Root Purge: 0.0 ms]
   [Clear CT: 0.2 ms]
   [Other: 0.9 ms]
      [Choose CSet: 0.0 ms]
      [Ref Proc: 0.2 ms]
      [Ref Enq: 0.0 ms]
      [Redirty Cards: 0.3 ms]
      [Humongous Register: 0.0 ms]
      [Humongous Reclaim: 0.0 ms]
      [Free CSet: 0.2 ms]
   [Eden: 306.0M(306.0M)->0.0B(303.0M) Survivors: 42.0M->44.0M Heap: 743.9M(2048.0M)->745.9M(2048.0M)]
 [Times: user=1.38 sys=0.00, real=0.17 secs] 
2020-09-29T11:57:20.840+0200: 67.141: [GC pause (G1 Evacuation Pause) (young), 0.1663835 secs]
   [Parallel Time: 165.4 ms, GC Workers: 8]
      [GC Worker Start (ms): Min: 67141.1, Avg: 67141.1, Max: 67141.2, Diff: 0.1]
      [Ext Root Scanning (ms): Min: 0.0, Avg: 0.1, Max: 0.1, Diff: 0.1, Sum: 0.6]
      [Update RS (ms): Min: 16.8, Avg: 16.8, Max: 17.0, Diff: 0.2, Sum: 134.7]
         [Processed Buffers: Min: 19, Avg: 21.3, Max: 24, Diff: 5, Sum: 170]
      [Scan RS (ms): Min: 15.6, Avg: 15.7, Max: 15.9, Diff: 0.3, Sum: 125.9]
      [Code Root Scanning (ms): Min: 0.0, Avg: 0.0, Max: 0.0, Diff: 0.0, Sum: 0.0]
      [Object Copy (ms): Min: 132.3, Avg: 132.4, Max: 132.5, Diff: 0.2, Sum: 1059.2]
      [Termination (ms): Min: 0.0, Avg: 0.1, Max: 0.1, Diff: 0.1, Sum: 0.6]
         [Termination Attempts: Min: 1, Avg: 542.3, Max: 708, Diff: 707, Sum: 4338]
      [GC Worker Other (ms): Min: 0.0, Avg: 0.0, Max: 0.0, Diff: 0.0, Sum: 0.2]
      [GC Worker Total (ms): Min: 165.1, Avg: 165.2, Max: 165.2, Diff: 0.1, Sum: 1321.2]
      [GC Worker End (ms): Min: 67306.3, Avg: 67306.3, Max: 67306.3, Diff: 0.0]
   [Code Root Fixup: 0.0 ms]
   [Code Root Purge: 0.0 ms]
   [Clear CT: 0.2 ms]
   [Other: 0.8 ms]
      [Choose CSet: 0.0 ms]
      [Ref Proc: 0.2 ms]
      [Ref Enq: 0.0 ms]
      [Redirty Cards: 0.3 ms]
      [Humongous Register: 0.0 ms]
      [Humongous Reclaim: 0.0 ms]
      [Free CSet: 0.2 ms]
   [Eden: 303.0M(303.0M)->0.0B(308.0M) Survivors: 44.0M->44.0M Heap: 1100.4M(2048.0M)->1102.4M(2048.0M)]
 [Times: user=1.38 sys=0.00, real=0.17 secs] 
2020-09-29T11:57:21.015+0200: 67.316: [GC pause (G1 Humongous Allocation) (young) (initial-mark), 0.0604667 secs]
   [Parallel Time: 59.7 ms, GC Workers: 8]
      [GC Worker Start (ms): Min: 67315.8, Avg: 67315.8, Max: 67315.9, Diff: 0.1]
      [Ext Root Scanning (ms): Min: 0.0, Avg: 0.1, Max: 0.2, Diff: 0.1, Sum: 0.7]
      [Update RS (ms): Min: 35.3, Avg: 35.7, Max: 36.2, Diff: 0.8, Sum: 285.3]
         [Processed Buffers: Min: 42, Avg: 46.0, Max: 48, Diff: 6, Sum: 368]
      [Scan RS (ms): Min: 2.3, Avg: 2.9, Max: 3.5, Diff: 1.2, Sum: 22.8]
      [Code Root Scanning (ms): Min: 0.0, Avg: 0.0, Max: 0.0, Diff: 0.0, Sum: 0.0]
      [Object Copy (ms): Min: 20.5, Avg: 20.9, Max: 20.9, Diff: 0.4, Sum: 166.8]
      [Termination (ms): Min: 0.0, Avg: 0.0, Max: 0.0, Diff: 0.0, Sum: 0.2]
         [Termination Attempts: Min: 1, Avg: 179.8, Max: 225, Diff: 224, Sum: 1438]
      [GC Worker Other (ms): Min: 0.0, Avg: 0.0, Max: 0.0, Diff: 0.0, Sum: 0.2]
      [GC Worker Total (ms): Min: 59.5, Avg: 59.5, Max: 59.6, Diff: 0.1, Sum: 476.0]
      [GC Worker End (ms): Min: 67375.3, Avg: 67375.3, Max: 67375.4, Diff: 0.0]
   [Code Root Fixup: 0.0 ms]
   [Code Root Purge: 0.0 ms]
   [Clear CT: 0.2 ms]
   [Other: 0.6 ms]
      [Choose CSet: 0.0 ms]
      [Ref Proc: 0.2 ms]
      [Ref Enq: 0.0 ms]
      [Redirty Cards: 0.1 ms]
      [Humongous Register: 0.0 ms]
      [Humongous Reclaim: 0.0 ms]
      [Free CSet: 0.1 ms]
   [Eden: 8192.0K(308.0M)->0.0B(344.0M) Survivors: 44.0M->9216.0K Heap: 1109.9M(2048.0M)->1113.9M(2048.0M)]
 [Times: user=0.50 sys=0.00, real=0.06 secs] 
2020-09-29T11:57:21.075+0200: 67.376: [GC concurrent-root-region-scan-start]
2020-09-29T11:57:21.077+0200: 67.378: [GC concurrent-root-region-scan-end, 0.0014136 secs]
2020-09-29T11:57:21.077+0200: 67.378: [GC concurrent-mark-start]
2020-09-29T11:57:21.079+0200: 67.380: [GC concurrent-mark-end, 0.0021602 secs]
2020-09-29T11:57:21.079+0200: 67.380: [GC remark 2020-09-29T11:57:21.079+0200: 67.380: [Finalize Marking, 0.0001801 secs] 2020-09-29T11:57:21.079+0200: 67.380: [GC ref-proc, 0.0002562 secs] 2020-09-29T11:57:21.079+0200: 67.381: [Unloading, 0.0004062 secs], 0.0011591 secs]
 [Times: user=0.00 sys=0.00, real=0.00 secs] 
2020-09-29T11:57:21.081+0200: 67.382: [GC cleanup 1124M->28M(2048M), 0.0010582 secs]
 [Times: user=0.13 sys=0.00, real=0.00 secs] 
2020-09-29T11:57:21.082+0200: 67.383: [GC concurrent-cleanup-start]
2020-09-29T11:57:21.083+0200: 67.384: [GC concurrent-cleanup-end, 0.0012702 secs]
2020-09-29T11:57:21.239+0200: 67.540: [GC pause (G1 Evacuation Pause) (young), 0.1886773 secs]
   [Parallel Time: 187.5 ms, GC Workers: 8]
      [GC Worker Start (ms): Min: 67540.4, Avg: 67540.6, Max: 67540.6, Diff: 0.2]
      [Ext Root Scanning (ms): Min: 0.0, Avg: 0.1, Max: 0.2, Diff: 0.2, Sum: 0.5]
      [Update RS (ms): Min: 15.2, Avg: 15.4, Max: 15.9, Diff: 0.7, Sum: 123.0]
         [Processed Buffers: Min: 18, Avg: 20.3, Max: 23, Diff: 5, Sum: 162]
      [Scan RS (ms): Min: 16.0, Avg: 16.7, Max: 16.9, Diff: 0.9, Sum: 133.5]
      [Code Root Scanning (ms): Min: 0.0, Avg: 0.0, Max: 0.0, Diff: 0.0, Sum: 0.0]
      [Object Copy (ms): Min: 154.3, Avg: 154.5, Max: 154.7, Diff: 0.3, Sum: 1236.1]
      [Termination (ms): Min: 0.0, Avg: 0.2, Max: 0.3, Diff: 0.3, Sum: 2.0]
         [Termination Attempts: Min: 1, Avg: 1780.4, Max: 2293, Diff: 2292, Sum: 14243]
      [GC Worker Other (ms): Min: 0.3, Avg: 0.3, Max: 0.4, Diff: 0.1, Sum: 2.7]
      [GC Worker Total (ms): Min: 187.1, Avg: 187.2, Max: 187.3, Diff: 0.2, Sum: 1497.8]
      [GC Worker End (ms): Min: 67727.7, Avg: 67727.8, Max: 67727.8, Diff: 0.1]
   [Code Root Fixup: 0.0 ms]
   [Code Root Purge: 0.0 ms]
   [Clear CT: 0.3 ms]
   [Other: 0.9 ms]
      [Choose CSet: 0.0 ms]
      [Ref Proc: 0.2 ms]
      [Ref Enq: 0.0 ms]
      [Redirty Cards: 0.2 ms]
      [Humongous Register: 0.0 ms]
      [Humongous Reclaim: 0.0 ms]
      [Free CSet: 0.3 ms]
   [Eden: 344.0M(344.0M)->0.0B(299.0M) Survivors: 9216.0K->45.0M Heap: 421.1M(2048.0M)->414.6M(2048.0M)]
 [Times: user=1.45 sys=0.05, real=0.19 secs] 
2020-09-29T11:57:21.613+0200: 67.914: [GC pause (G1 Evacuation Pause) (young), 0.1675500 secs]
   [Parallel Time: 166.2 ms, GC Workers: 8]
      [GC Worker Start (ms): Min: 67913.9, Avg: 67914.0, Max: 67914.0, Diff: 0.1]
      [Ext Root Scanning (ms): Min: 0.0, Avg: 0.1, Max: 0.1, Diff: 0.1, Sum: 0.6]
      [Update RS (ms): Min: 17.3, Avg: 17.5, Max: 17.7, Diff: 0.4, Sum: 139.8]
         [Processed Buffers: Min: 21, Avg: 22.3, Max: 25, Diff: 4, Sum: 178]
      [Scan RS (ms): Min: 14.9, Avg: 15.1, Max: 15.2, Diff: 0.3, Sum: 120.9]
      [Code Root Scanning (ms): Min: 0.0, Avg: 0.0, Max: 0.0, Diff: 0.0, Sum: 0.0]
      [Object Copy (ms): Min: 133.2, Avg: 133.4, Max: 133.4, Diff: 0.2, Sum: 1066.9]
      [Termination (ms): Min: 0.0, Avg: 0.0, Max: 0.0, Diff: 0.0, Sum: 0.1]
         [Termination Attempts: Min: 1, Avg: 44.3, Max: 61, Diff: 60, Sum: 354]
      [GC Worker Other (ms): Min: 0.0, Avg: 0.0, Max: 0.1, Diff: 0.0, Sum: 0.2]
      [GC Worker Total (ms): Min: 166.0, Avg: 166.1, Max: 166.2, Diff: 0.2, Sum: 1328.5]
      [GC Worker End (ms): Min: 68080.0, Avg: 68080.0, Max: 68080.0, Diff: 0.0]
   [Code Root Fixup: 0.0 ms]
   [Code Root Purge: 0.0 ms]
   [Clear CT: 0.2 ms]
   [Other: 1.1 ms]
      [Choose CSet: 0.0 ms]
      [Ref Proc: 0.1 ms]
      [Ref Enq: 0.0 ms]
      [Redirty Cards: 0.4 ms]
      [Humongous Register: 0.0 ms]
      [Humongous Reclaim: 0.0 ms]
      [Free CSet: 0.3 ms]
   [Eden: 299.0M(299.0M)->0.0B(305.0M) Survivors: 45.0M->43.0M Heap: 763.2M(2048.0M)->765.2M(2048.0M)]
 [Times: user=1.20 sys=0.05, real=0.17 secs] 
2020-09-29T11:57:21.932+0200: 68.234: [GC pause (G1 Evacuation Pause) (young), 0.1745165 secs]
   [Parallel Time: 173.2 ms, GC Workers: 8]
      [GC Worker Start (ms): Min: 68233.7, Avg: 68233.7, Max: 68233.8, Diff: 0.1]
      [Ext Root Scanning (ms): Min: 0.0, Avg: 0.1, Max: 0.1, Diff: 0.1, Sum: 0.6]
      [Update RS (ms): Min: 21.3, Avg: 21.4, Max: 21.6, Diff: 0.4, Sum: 171.5]
         [Processed Buffers: Min: 24, Avg: 25.5, Max: 27, Diff: 3, Sum: 204]
      [Scan RS (ms): Min: 14.0, Avg: 14.1, Max: 14.3, Diff: 0.3, Sum: 113.1]
      [Code Root Scanning (ms): Min: 0.0, Avg: 0.0, Max: 0.0, Diff: 0.0, Sum: 0.0]
      [Object Copy (ms): Min: 137.2, Avg: 137.3, Max: 137.4, Diff: 0.2, Sum: 1098.4]
      [Termination (ms): Min: 0.0, Avg: 0.0, Max: 0.0, Diff: 0.0, Sum: 0.3]
         [Termination Attempts: Min: 1, Avg: 235.5, Max: 305, Diff: 304, Sum: 1884]
      [GC Worker Other (ms): Min: 0.0, Avg: 0.0, Max: 0.1, Diff: 0.1, Sum: 0.3]
      [GC Worker Total (ms): Min: 173.0, Avg: 173.0, Max: 173.1, Diff: 0.1, Sum: 1384.2]
      [GC Worker End (ms): Min: 68406.7, Avg: 68406.8, Max: 68406.8, Diff: 0.1]
   [Code Root Fixup: 0.0 ms]
   [Code Root Purge: 0.0 ms]
   [Clear CT: 0.2 ms]
   [Other: 1.1 ms]
      [Choose CSet: 0.0 ms]
      [Ref Proc: 0.3 ms]
      [Ref Enq: 0.0 ms]
      [Redirty Cards: 0.4 ms]
      [Humongous Register: 0.1 ms]
      [Humongous Reclaim: 0.0 ms]
      [Free CSet: 0.2 ms]
   [Eden: 305.0M(305.0M)->0.0B(306.0M) Survivors: 43.0M->44.0M Heap: 1119.8M(2048.0M)->1121.8M(2048.0M)]
 [Times: user=1.38 sys=0.00, real=0.18 secs] 
2020-09-29T11:57:22.113+0200: 68.414: [GC pause (G1 Humongous Allocation) (young) (initial-mark), 0.0602570 secs]
   [Parallel Time: 59.6 ms, GC Workers: 8]
      [GC Worker Start (ms): Min: 68414.1, Avg: 68414.2, Max: 68414.2, Diff: 0.1]
      [Ext Root Scanning (ms): Min: 0.0, Avg: 0.1, Max: 0.2, Diff: 0.1, Sum: 0.6]
      [Update RS (ms): Min: 38.3, Avg: 38.5, Max: 38.8, Diff: 0.5, Sum: 308.3]
         [Processed Buffers: Min: 45, Avg: 49.1, Max: 52, Diff: 7, Sum: 393]
      [Scan RS (ms): Min: 2.0, Avg: 2.2, Max: 2.5, Diff: 0.4, Sum: 18.0]
      [Code Root Scanning (ms): Min: 0.0, Avg: 0.0, Max: 0.0, Diff: 0.0, Sum: 0.0]
      [Object Copy (ms): Min: 18.5, Avg: 18.5, Max: 18.5, Diff: 0.1, Sum: 148.1]
      [Termination (ms): Min: 0.0, Avg: 0.0, Max: 0.0, Diff: 0.0, Sum: 0.2]
         [Termination Attempts: Min: 1, Avg: 179.9, Max: 228, Diff: 227, Sum: 1439]
      [GC Worker Other (ms): Min: 0.0, Avg: 0.0, Max: 0.0, Diff: 0.0, Sum: 0.1]
      [GC Worker Total (ms): Min: 59.3, Avg: 59.4, Max: 59.5, Diff: 0.2, Sum: 475.2]
      [GC Worker End (ms): Min: 68473.6, Avg: 68473.6, Max: 68473.6, Diff: 0.0]
   [Code Root Fixup: 0.0 ms]
   [Code Root Purge: 0.0 ms]
   [Clear CT: 0.1 ms]
   [Other: 0.5 ms]
      [Choose CSet: 0.0 ms]
      [Ref Proc: 0.2 ms]
      [Ref Enq: 0.0 ms]
      [Redirty Cards: 0.1 ms]
      [Humongous Register: 0.0 ms]
      [Humongous Reclaim: 0.0 ms]
      [Free CSet: 0.0 ms]
   [Eden: 2048.0K(306.0M)->0.0B(348.0M) Survivors: 44.0M->4096.0K Heap: 1123.8M(2048.0M)->1126.3M(2048.0M)]
 [Times: user=0.38 sys=0.00, real=0.06 secs] 
2020-09-29T11:57:22.173+0200: 68.474: [GC concurrent-root-region-scan-start]
2020-09-29T11:57:22.174+0200: 68.475: [GC concurrent-root-region-scan-end, 0.0005659 secs]
2020-09-29T11:57:22.174+0200: 68.475: [GC concurrent-mark-start]
2020-09-29T11:57:22.176+0200: 68.477: [GC concurrent-mark-end, 0.0022015 secs]
2020-09-29T11:57:22.176+0200: 68.477: [GC remark 2020-09-29T11:57:22.176+0200: 68.477: [Finalize Marking, 0.0001798 secs] 2020-09-29T11:57:22.176+0200: 68.478: [GC ref-proc, 0.0002688 secs] 2020-09-29T11:57:22.177+0200: 68.478: [Unloading, 0.0004130 secs], 0.0011230 secs]
 [Times: user=0.00 sys=0.00, real=0.00 secs] 
2020-09-29T11:57:22.178+0200: 68.479: [GC cleanup 1135M->21M(2048M), 0.0010936 secs]
 [Times: user=0.00 sys=0.00, real=0.00 secs] 
2020-09-29T11:57:22.179+0200: 68.480: [GC concurrent-cleanup-start]
2020-09-29T11:57:22.180+0200: 68.481: [GC concurrent-cleanup-end, 0.0013082 secs]
2020-09-29T11:57:22.344+0200: 68.645: [GC pause (G1 Evacuation Pause) (young), 0.1807131 secs]
   [Parallel Time: 179.6 ms, GC Workers: 8]
      [GC Worker Start (ms): Min: 68645.4, Avg: 68645.5, Max: 68645.6, Diff: 0.1]
      [Ext Root Scanning (ms): Min: 0.0, Avg: 0.1, Max: 0.2, Diff: 0.1, Sum: 0.6]
      [Update RS (ms): Min: 17.1, Avg: 17.3, Max: 17.6, Diff: 0.5, Sum: 138.2]
         [Processed Buffers: Min: 20, Avg: 21.5, Max: 24, Diff: 4, Sum: 172]
      [Scan RS (ms): Min: 15.1, Avg: 15.4, Max: 15.6, Diff: 0.4, Sum: 123.1]
      [Code Root Scanning (ms): Min: 0.0, Avg: 0.0, Max: 0.0, Diff: 0.0, Sum: 0.0]
      [Object Copy (ms): Min: 146.1, Avg: 146.2, Max: 146.6, Diff: 0.5, Sum: 1170.0]
      [Termination (ms): Min: 0.0, Avg: 0.4, Max: 0.5, Diff: 0.5, Sum: 2.9]
         [Termination Attempts: Min: 1, Avg: 2679.1, Max: 3380, Diff: 3379, Sum: 21433]
      [GC Worker Other (ms): Min: 0.0, Avg: 0.0, Max: 0.1, Diff: 0.1, Sum: 0.4]
      [GC Worker Total (ms): Min: 179.3, Avg: 179.4, Max: 179.5, Diff: 0.1, Sum: 1435.2]
      [GC Worker End (ms): Min: 68824.9, Avg: 68824.9, Max: 68824.9, Diff: 0.1]
   [Code Root Fixup: 0.0 ms]
   [Code Root Purge: 0.0 ms]
   [Clear CT: 0.2 ms]
   [Other: 0.9 ms]
      [Choose CSet: 0.0 ms]
      [Ref Proc: 0.2 ms]
      [Ref Enq: 0.0 ms]
      [Redirty Cards: 0.2 ms]
      [Humongous Register: 0.0 ms]
      [Humongous Reclaim: 0.0 ms]
      [Free CSet: 0.2 ms]
   [Eden: 348.0M(348.0M)->0.0B(310.0M) Survivors: 4096.0K->44.0M Heap: 419.6M(2048.0M)->418.6M(2048.0M)]
 [Times: user=1.50 sys=0.00, real=0.18 secs] 
2020-09-29T11:57:22.684+0200: 68.985: [GC pause (G1 Evacuation Pause) (young), 0.1706277 secs]
   [Parallel Time: 169.5 ms, GC Workers: 8]
      [GC Worker Start (ms): Min: 68985.0, Avg: 68985.1, Max: 68985.2, Diff: 0.2]
      [Ext Root Scanning (ms): Min: 0.0, Avg: 0.1, Max: 0.2, Diff: 0.2, Sum: 0.5]
      [Update RS (ms): Min: 16.8, Avg: 17.0, Max: 17.3, Diff: 0.5, Sum: 135.7]
         [Processed Buffers: Min: 19, Avg: 21.1, Max: 23, Diff: 4, Sum: 169]
      [Scan RS (ms): Min: 15.9, Avg: 16.3, Max: 16.4, Diff: 0.6, Sum: 130.0]
      [Code Root Scanning (ms): Min: 0.0, Avg: 0.0, Max: 0.0, Diff: 0.0, Sum: 0.0]
      [Object Copy (ms): Min: 135.7, Avg: 135.8, Max: 135.9, Diff: 0.2, Sum: 1086.6]
      [Termination (ms): Min: 0.0, Avg: 0.1, Max: 0.1, Diff: 0.1, Sum: 0.5]
         [Termination Attempts: Min: 1, Avg: 431.1, Max: 647, Diff: 646, Sum: 3449]
      [GC Worker Other (ms): Min: 0.0, Avg: 0.0, Max: 0.1, Diff: 0.1, Sum: 0.3]
      [GC Worker Total (ms): Min: 169.2, Avg: 169.2, Max: 169.4, Diff: 0.2, Sum: 1353.7]
      [GC Worker End (ms): Min: 69154.3, Avg: 69154.3, Max: 69154.4, Diff: 0.1]
   [Code Root Fixup: 0.0 ms]
   [Code Root Purge: 0.0 ms]
   [Clear CT: 0.2 ms]
   [Other: 1.0 ms]
      [Choose CSet: 0.0 ms]
      [Ref Proc: 0.2 ms]
      [Ref Enq: 0.0 ms]
      [Redirty Cards: 0.2 ms]
      [Humongous Register: 0.0 ms]
      [Humongous Reclaim: 0.0 ms]
      [Free CSet: 0.3 ms]
   [Eden: 310.0M(310.0M)->0.0B(311.0M) Survivors: 44.0M->45.0M Heap: 780.1M(2048.0M)->782.1M(2048.0M)]
 [Times: user=1.38 sys=0.00, real=0.17 secs] 
2020-09-29T11:57:23.009+0200: 69.309: [GC pause (G1 Evacuation Pause) (young), 0.1746719 secs]
   [Parallel Time: 173.5 ms, GC Workers: 8]
      [GC Worker Start (ms): Min: 69309.1, Avg: 69309.2, Max: 69309.2, Diff: 0.2]
      [Ext Root Scanning (ms): Min: 0.0, Avg: 0.1, Max: 0.1, Diff: 0.1, Sum: 0.4]
      [Update RS (ms): Min: 20.9, Avg: 21.2, Max: 21.7, Diff: 0.8, Sum: 169.5]
         [Processed Buffers: Min: 23, Avg: 24.5, Max: 27, Diff: 4, Sum: 196]
      [Scan RS (ms): Min: 15.2, Avg: 15.8, Max: 16.2, Diff: 0.9, Sum: 126.4]
      [Code Root Scanning (ms): Min: 0.0, Avg: 0.0, Max: 0.0, Diff: 0.0, Sum: 0.0]
      [Object Copy (ms): Min: 136.0, Avg: 136.1, Max: 136.2, Diff: 0.2, Sum: 1088.9]
      [Termination (ms): Min: 0.0, Avg: 0.1, Max: 0.1, Diff: 0.1, Sum: 0.6]
         [Termination Attempts: Min: 1, Avg: 624.6, Max: 857, Diff: 856, Sum: 4997]
      [GC Worker Other (ms): Min: 0.0, Avg: 0.1, Max: 0.1, Diff: 0.1, Sum: 0.4]
      [GC Worker Total (ms): Min: 173.2, Avg: 173.3, Max: 173.4, Diff: 0.2, Sum: 1386.4]
      [GC Worker End (ms): Min: 69482.4, Avg: 69482.5, Max: 69482.5, Diff: 0.1]
   [Code Root Fixup: 0.0 ms]
   [Code Root Purge: 0.0 ms]
   [Clear CT: 0.3 ms]
   [Other: 1.0 ms]
      [Choose CSet: 0.0 ms]
      [Ref Proc: 0.2 ms]
      [Ref Enq: 0.0 ms]
      [Redirty Cards: 0.3 ms]
      [Humongous Register: 0.0 ms]
      [Humongous Reclaim: 0.0 ms]
      [Free CSet: 0.3 ms]
   [Eden: 311.0M(311.0M)->0.0B(311.0M) Survivors: 45.0M->45.0M Heap: 1144.6M(2048.0M)->1147.1M(2048.0M)]
 [Times: user=1.38 sys=0.00, real=0.17 secs] 
2020-09-29T11:57:23.192+0200: 69.493: [GC pause (G1 Humongous Allocation) (young) (initial-mark), 0.0606450 secs]
   [Parallel Time: 60.0 ms, GC Workers: 8]
      [GC Worker Start (ms): Min: 69492.8, Avg: 69492.8, Max: 69492.9, Diff: 0.1]
      [Ext Root Scanning (ms): Min: 0.0, Avg: 0.1, Max: 0.3, Diff: 0.3, Sum: 1.1]
      [Update RS (ms): Min: 35.6, Avg: 35.8, Max: 36.1, Diff: 0.5, Sum: 286.7]
         [Processed Buffers: Min: 42, Avg: 45.8, Max: 47, Diff: 5, Sum: 366]
      [Scan RS (ms): Min: 2.5, Avg: 2.8, Max: 3.0, Diff: 0.5, Sum: 22.3]
      [Code Root Scanning (ms): Min: 0.0, Avg: 0.0, Max: 0.0, Diff: 0.0, Sum: 0.0]
      [Object Copy (ms): Min: 20.9, Avg: 21.0, Max: 21.0, Diff: 0.1, Sum: 167.7]
      [Termination (ms): Min: 0.0, Avg: 0.1, Max: 0.1, Diff: 0.1, Sum: 0.5]
         [Termination Attempts: Min: 1, Avg: 430.0, Max: 548, Diff: 547, Sum: 3440]
      [GC Worker Other (ms): Min: 0.0, Avg: 0.0, Max: 0.0, Diff: 0.0, Sum: 0.1]
      [GC Worker Total (ms): Min: 59.7, Avg: 59.8, Max: 59.8, Diff: 0.1, Sum: 478.4]
      [GC Worker End (ms): Min: 69552.6, Avg: 69552.6, Max: 69552.6, Diff: 0.0]
   [Code Root Fixup: 0.0 ms]
   [Code Root Purge: 0.0 ms]
   [Clear CT: 0.1 ms]
   [Other: 0.6 ms]
      [Choose CSet: 0.0 ms]
      [Ref Proc: 0.2 ms]
      [Ref Enq: 0.0 ms]
      [Redirty Cards: 0.1 ms]
      [Humongous Register: 0.0 ms]
      [Humongous Reclaim: 0.0 ms]
      [Free CSet: 0.1 ms]
   [Eden: 4096.0K(311.0M)->0.0B(340.0M) Survivors: 45.0M->6144.0K Heap: 1151.1M(2048.0M)->1154.6M(2048.0M)]
 [Times: user=0.38 sys=0.00, real=0.06 secs] 
2020-09-29T11:57:23.253+0200: 69.553: [GC concurrent-root-region-scan-start]
2020-09-29T11:57:23.253+0200: 69.554: [GC concurrent-root-region-scan-end, 0.0007523 secs]
2020-09-29T11:57:23.253+0200: 69.554: [GC concurrent-mark-start]
2020-09-29T11:57:23.256+0200: 69.556: [GC concurrent-mark-end, 0.0022887 secs]
2020-09-29T11:57:23.256+0200: 69.557: [GC remark 2020-09-29T11:57:23.256+0200: 69.557: [Finalize Marking, 0.0001802 secs] 2020-09-29T11:57:23.256+0200: 69.557: [GC ref-proc, 0.0002648 secs] 2020-09-29T11:57:23.256+0200: 69.557: [Unloading, 0.0004560 secs], 0.0012472 secs]
 [Times: user=0.00 sys=0.00, real=0.00 secs] 
2020-09-29T11:57:23.258+0200: 69.558: [GC cleanup 1163M->23M(2048M), 0.0012531 secs]
 [Times: user=0.00 sys=0.00, real=0.00 secs] 
2020-09-29T11:57:23.259+0200: 69.560: [GC concurrent-cleanup-start]
2020-09-29T11:57:23.260+0200: 69.561: [GC concurrent-cleanup-end, 0.0014692 secs]
2020-09-29T11:57:23.429+0200: 69.730: [GC pause (G1 Evacuation Pause) (young), 0.1659748 secs]
   [Parallel Time: 164.7 ms, GC Workers: 8]
      [GC Worker Start (ms): Min: 69729.7, Avg: 69729.8, Max: 69729.8, Diff: 0.2]
      [Ext Root Scanning (ms): Min: 0.0, Avg: 0.1, Max: 0.2, Diff: 0.2, Sum: 0.5]
      [Update RS (ms): Min: 17.1, Avg: 17.3, Max: 17.9, Diff: 0.7, Sum: 138.7]
         [Processed Buffers: Min: 19, Avg: 20.5, Max: 23, Diff: 4, Sum: 164]
      [Scan RS (ms): Min: 14.4, Avg: 15.0, Max: 15.2, Diff: 0.8, Sum: 120.3]
      [Code Root Scanning (ms): Min: 0.0, Avg: 0.0, Max: 0.0, Diff: 0.0, Sum: 0.0]
      [Object Copy (ms): Min: 131.8, Avg: 131.9, Max: 132.0, Diff: 0.2, Sum: 1055.5]
      [Termination (ms): Min: 0.0, Avg: 0.1, Max: 0.1, Diff: 0.1, Sum: 0.7]
         [Termination Attempts: Min: 1, Avg: 607.0, Max: 789, Diff: 788, Sum: 4856]
      [GC Worker Other (ms): Min: 0.0, Avg: 0.0, Max: 0.1, Diff: 0.1, Sum: 0.4]
      [GC Worker Total (ms): Min: 164.4, Avg: 164.5, Max: 164.6, Diff: 0.2, Sum: 1316.1]
      [GC Worker End (ms): Min: 69894.2, Avg: 69894.3, Max: 69894.3, Diff: 0.1]
   [Code Root Fixup: 0.0 ms]
   [Code Root Purge: 0.0 ms]
   [Clear CT: 0.2 ms]
   [Other: 1.1 ms]
      [Choose CSet: 0.0 ms]
      [Ref Proc: 0.2 ms]
      [Ref Enq: 0.0 ms]
      [Redirty Cards: 0.4 ms]
      [Humongous Register: 0.0 ms]
      [Humongous Reclaim: 0.0 ms]
      [Free CSet: 0.2 ms]
   [Eden: 340.0M(340.0M)->0.0B(322.0M) Survivors: 6144.0K->44.0M Heap: 412.2M(2048.0M)->407.7M(2048.0M)]
 [Times: user=1.25 sys=0.00, real=0.17 secs] 
2020-09-29T11:57:23.759+0200: 70.060: [GC pause (G1 Evacuation Pause) (young), 0.1922332 secs]
   [Parallel Time: 190.6 ms, GC Workers: 8]
      [GC Worker Start (ms): Min: 70059.9, Avg: 70060.0, Max: 70060.0, Diff: 0.2]
      [Ext Root Scanning (ms): Min: 0.0, Avg: 0.1, Max: 0.2, Diff: 0.2, Sum: 0.5]
      [Update RS (ms): Min: 21.1, Avg: 21.6, Max: 22.4, Diff: 1.3, Sum: 172.9]
         [Processed Buffers: Min: 21, Avg: 22.6, Max: 23, Diff: 2, Sum: 181]
      [Scan RS (ms): Min: 19.0, Avg: 19.7, Max: 20.1, Diff: 1.1, Sum: 157.3]
      [Code Root Scanning (ms): Min: 0.0, Avg: 0.0, Max: 0.0, Diff: 0.0, Sum: 0.0]
      [Object Copy (ms): Min: 148.8, Avg: 148.9, Max: 149.1, Diff: 0.3, Sum: 1191.4]
      [Termination (ms): Min: 0.0, Avg: 0.1, Max: 0.1, Diff: 0.1, Sum: 0.9]
         [Termination Attempts: Min: 1, Avg: 883.4, Max: 1086, Diff: 1085, Sum: 7067]
      [GC Worker Other (ms): Min: 0.0, Avg: 0.0, Max: 0.1, Diff: 0.1, Sum: 0.3]
      [GC Worker Total (ms): Min: 190.3, Avg: 190.4, Max: 190.5, Diff: 0.2, Sum: 1523.4]
      [GC Worker End (ms): Min: 70250.4, Avg: 70250.4, Max: 70250.4, Diff: 0.1]
   [Code Root Fixup: 0.0 ms]
   [Code Root Purge: 0.0 ms]
   [Clear CT: 0.3 ms]
   [Other: 1.3 ms]
      [Choose CSet: 0.0 ms]
      [Ref Proc: 0.1 ms]
      [Ref Enq: 0.0 ms]
      [Redirty Cards: 0.7 ms]
      [Humongous Register: 0.0 ms]
      [Humongous Reclaim: 0.0 ms]
      [Free CSet: 0.2 ms]
   [Eden: 322.0M(322.0M)->0.0B(300.0M) Survivors: 44.0M->46.0M Heap: 783.1M(2048.0M)->784.6M(2048.0M)]
 [Times: user=1.44 sys=0.05, real=0.19 secs] 
2020-09-29T11:57:24.103+0200: 70.403: [GC pause (G1 Evacuation Pause) (young), 0.1725822 secs]
   [Parallel Time: 171.4 ms, GC Workers: 8]
      [GC Worker Start (ms): Min: 70403.0, Avg: 70403.1, Max: 70403.2, Diff: 0.1]
      [Ext Root Scanning (ms): Min: 0.0, Avg: 0.1, Max: 0.1, Diff: 0.1, Sum: 0.6]
      [Update RS (ms): Min: 15.3, Avg: 15.5, Max: 15.6, Diff: 0.3, Sum: 123.7]
         [Processed Buffers: Min: 18, Avg: 19.9, Max: 22, Diff: 4, Sum: 159]
      [Scan RS (ms): Min: 16.7, Avg: 16.9, Max: 17.2, Diff: 0.5, Sum: 135.5]
      [Code Root Scanning (ms): Min: 0.0, Avg: 0.0, Max: 0.0, Diff: 0.0, Sum: 0.0]
      [Object Copy (ms): Min: 138.3, Avg: 138.5, Max: 138.6, Diff: 0.2, Sum: 1107.7]
      [Termination (ms): Min: 0.0, Avg: 0.1, Max: 0.1, Diff: 0.1, Sum: 0.8]
         [Termination Attempts: Min: 1, Avg: 625.5, Max: 776, Diff: 775, Sum: 5004]
      [GC Worker Other (ms): Min: 0.0, Avg: 0.1, Max: 0.1, Diff: 0.1, Sum: 0.7]
      [GC Worker Total (ms): Min: 171.0, Avg: 171.1, Max: 171.2, Diff: 0.2, Sum: 1369.0]
      [GC Worker End (ms): Min: 70574.2, Avg: 70574.2, Max: 70574.3, Diff: 0.1]
   [Code Root Fixup: 0.0 ms]
   [Code Root Purge: 0.0 ms]
   [Clear CT: 0.2 ms]
   [Other: 1.1 ms]
      [Choose CSet: 0.0 ms]
      [Ref Proc: 0.2 ms]
      [Ref Enq: 0.0 ms]
      [Redirty Cards: 0.4 ms]
      [Humongous Register: 0.0 ms]
      [Humongous Reclaim: 0.0 ms]
      [Free CSet: 0.3 ms]
   [Eden: 300.0M(300.0M)->0.0B(303.0M) Survivors: 46.0M->44.0M Heap: 1136.1M(2048.0M)->1138.1M(2048.0M)]
 [Times: user=1.36 sys=0.00, real=0.17 secs] 
2020-09-29T11:57:24.288+0200: 70.588: [GC pause (G1 Humongous Allocation) (young) (initial-mark), 0.0579096 secs]
   [Parallel Time: 57.0 ms, GC Workers: 8]
      [GC Worker Start (ms): Min: 70588.6, Avg: 70588.6, Max: 70588.7, Diff: 0.2]
      [Ext Root Scanning (ms): Min: 0.0, Avg: 0.1, Max: 0.3, Diff: 0.2, Sum: 1.1]
      [Update RS (ms): Min: 32.2, Avg: 32.4, Max: 32.6, Diff: 0.4, Sum: 258.9]
         [Processed Buffers: Min: 38, Avg: 40.3, Max: 41, Diff: 3, Sum: 322]
      [Scan RS (ms): Min: 2.5, Avg: 2.8, Max: 3.3, Diff: 0.8, Sum: 22.4]
      [Code Root Scanning (ms): Min: 0.0, Avg: 0.0, Max: 0.0, Diff: 0.0, Sum: 0.0]
      [Object Copy (ms): Min: 20.9, Avg: 21.4, Max: 21.5, Diff: 0.6, Sum: 171.5]
      [Termination (ms): Min: 0.0, Avg: 0.0, Max: 0.0, Diff: 0.0, Sum: 0.1]
         [Termination Attempts: Min: 1, Avg: 123.0, Max: 146, Diff: 145, Sum: 984]
      [GC Worker Other (ms): Min: 0.0, Avg: 0.0, Max: 0.0, Diff: 0.0, Sum: 0.1]
      [GC Worker Total (ms): Min: 56.7, Avg: 56.8, Max: 56.8, Diff: 0.2, Sum: 454.2]
      [GC Worker End (ms): Min: 70645.4, Avg: 70645.4, Max: 70645.4, Diff: 0.0]
   [Code Root Fixup: 0.0 ms]
   [Code Root Purge: 0.0 ms]
   [Clear CT: 0.3 ms]
   [Other: 0.7 ms]
      [Choose CSet: 0.0 ms]
      [Ref Proc: 0.2 ms]
      [Ref Enq: 0.0 ms]
      [Redirty Cards: 0.2 ms]
      [Humongous Register: 0.0 ms]
      [Humongous Reclaim: 0.0 ms]
      [Free CSet: 0.1 ms]
   [Eden: 11.0M(303.0M)->0.0B(340.0M) Survivors: 44.0M->14.0M Heap: 1149.1M(2048.0M)->1153.6M(2048.0M)]
 [Times: user=0.38 sys=0.00, real=0.06 secs] 
2020-09-29T11:57:24.346+0200: 70.647: [GC concurrent-root-region-scan-start]
2020-09-29T11:57:24.349+0200: 70.649: [GC concurrent-root-region-scan-end, 0.0028214 secs]
2020-09-29T11:57:24.349+0200: 70.649: [GC concurrent-mark-start]
2020-09-29T11:57:24.353+0200: 70.653: [GC concurrent-mark-end, 0.0036297 secs]
2020-09-29T11:57:24.353+0200: 70.653: [GC remark 2020-09-29T11:57:24.353+0200: 70.653: [Finalize Marking, 0.0002382 secs] 2020-09-29T11:57:24.353+0200: 70.653: [GC ref-proc, 0.0002991 secs] 2020-09-29T11:57:24.353+0200: 70.654: [Unloading, 0.0004044 secs], 0.0012776 secs]
 [Times: user=0.00 sys=0.00, real=0.00 secs] 
2020-09-29T11:57:24.354+0200: 70.655: [GC cleanup 1160M->29M(2048M), 0.0012561 secs]
 [Times: user=0.00 sys=0.00, real=0.00 secs] 
2020-09-29T11:57:24.356+0200: 70.656: [GC concurrent-cleanup-start]
2020-09-29T11:57:24.357+0200: 70.658: [GC concurrent-cleanup-end, 0.0014643 secs]
2020-09-29T11:57:24.514+0200: 70.814: [GC pause (G1 Evacuation Pause) (young), 0.1689816 secs]
   [Parallel Time: 167.7 ms, GC Workers: 8]
      [GC Worker Start (ms): Min: 70814.1, Avg: 70814.2, Max: 70814.2, Diff: 0.1]
      [Ext Root Scanning (ms): Min: 0.0, Avg: 0.1, Max: 0.2, Diff: 0.1, Sum: 0.6]
      [Update RS (ms): Min: 15.8, Avg: 16.0, Max: 16.3, Diff: 0.5, Sum: 127.7]
         [Processed Buffers: Min: 18, Avg: 19.4, Max: 20, Diff: 2, Sum: 155]
      [Scan RS (ms): Min: 15.7, Avg: 16.0, Max: 16.3, Diff: 0.6, Sum: 128.2]
      [Code Root Scanning (ms): Min: 0.0, Avg: 0.0, Max: 0.0, Diff: 0.0, Sum: 0.0]
      [Object Copy (ms): Min: 135.1, Avg: 135.2, Max: 135.3, Diff: 0.2, Sum: 1081.4]
      [Termination (ms): Min: 0.0, Avg: 0.2, Max: 0.3, Diff: 0.3, Sum: 1.7]
         [Termination Attempts: Min: 1, Avg: 1427.0, Max: 2034, Diff: 2033, Sum: 11416]
      [GC Worker Other (ms): Min: 0.0, Avg: 0.0, Max: 0.1, Diff: 0.1, Sum: 0.3]
      [GC Worker Total (ms): Min: 167.4, Avg: 167.5, Max: 167.6, Diff: 0.1, Sum: 1339.9]
      [GC Worker End (ms): Min: 70981.6, Avg: 70981.7, Max: 70981.7, Diff: 0.1]
   [Code Root Fixup: 0.0 ms]
   [Code Root Purge: 0.0 ms]
   [Clear CT: 0.2 ms]
   [Other: 1.0 ms]
      [Choose CSet: 0.0 ms]
      [Ref Proc: 0.2 ms]
      [Ref Enq: 0.0 ms]
      [Redirty Cards: 0.3 ms]
      [Humongous Register: 0.0 ms]
      [Humongous Reclaim: 0.0 ms]
      [Free CSet: 0.2 ms]
   [Eden: 340.0M(340.0M)->0.0B(322.0M) Survivors: 14.0M->45.0M Heap: 419.7M(2048.0M)->408.2M(2048.0M)]
 [Times: user=1.38 sys=0.00, real=0.17 secs] 
2020-09-29T11:57:24.849+0200: 71.149: [GC pause (G1 Evacuation Pause) (young), 0.1714471 secs]
   [Parallel Time: 170.1 ms, GC Workers: 8]
      [GC Worker Start (ms): Min: 71149.2, Avg: 71149.2, Max: 71149.3, Diff: 0.2]
      [Ext Root Scanning (ms): Min: 0.0, Avg: 0.1, Max: 0.2, Diff: 0.1, Sum: 0.5]
      [Update RS (ms): Min: 15.0, Avg: 15.4, Max: 15.6, Diff: 0.5, Sum: 123.0]
         [Processed Buffers: Min: 17, Avg: 18.4, Max: 20, Diff: 3, Sum: 147]
      [Scan RS (ms): Min: 18.1, Avg: 18.3, Max: 18.7, Diff: 0.6, Sum: 146.8]
      [Code Root Scanning (ms): Min: 0.0, Avg: 0.0, Max: 0.0, Diff: 0.0, Sum: 0.0]
      [Object Copy (ms): Min: 136.1, Avg: 136.1, Max: 136.2, Diff: 0.1, Sum: 1089.0]
      [Termination (ms): Min: 0.0, Avg: 0.0, Max: 0.0, Diff: 0.0, Sum: 0.1]
         [Termination Attempts: Min: 1, Avg: 88.6, Max: 127, Diff: 126, Sum: 709]
      [GC Worker Other (ms): Min: 0.0, Avg: 0.0, Max: 0.1, Diff: 0.0, Sum: 0.3]
      [GC Worker Total (ms): Min: 169.9, Avg: 170.0, Max: 170.1, Diff: 0.2, Sum: 1359.6]
      [GC Worker End (ms): Min: 71319.2, Avg: 71319.2, Max: 71319.2, Diff: 0.0]
   [Code Root Fixup: 0.0 ms]
   [Code Root Purge: 0.0 ms]
   [Clear CT: 0.3 ms]
   [Other: 1.0 ms]
      [Choose CSet: 0.0 ms]
      [Ref Proc: 0.2 ms]
      [Ref Enq: 0.0 ms]
      [Redirty Cards: 0.4 ms]
      [Humongous Register: 0.0 ms]
      [Humongous Reclaim: 0.0 ms]
      [Free CSet: 0.2 ms]
   [Eden: 322.0M(322.0M)->0.0B(319.0M) Survivors: 45.0M->46.0M Heap: 783.6M(2048.0M)->785.6M(2048.0M)]
 [Times: user=1.20 sys=0.05, real=0.17 secs] 
2020-09-29T11:57:25.173+0200: 71.473: [GC pause (G1 Evacuation Pause) (young), 0.1835898 secs]
   [Parallel Time: 182.3 ms, GC Workers: 8]
      [GC Worker Start (ms): Min: 71473.2, Avg: 71473.3, Max: 71473.4, Diff: 0.2]
      [Ext Root Scanning (ms): Min: 0.0, Avg: 0.1, Max: 0.2, Diff: 0.2, Sum: 0.4]
      [Update RS (ms): Min: 19.9, Avg: 20.1, Max: 20.6, Diff: 0.7, Sum: 161.1]
         [Processed Buffers: Min: 22, Avg: 23.8, Max: 25, Diff: 3, Sum: 190]
      [Scan RS (ms): Min: 16.2, Avg: 16.6, Max: 16.9, Diff: 0.7, Sum: 132.7]
      [Code Root Scanning (ms): Min: 0.0, Avg: 0.0, Max: 0.0, Diff: 0.0, Sum: 0.0]
      [Object Copy (ms): Min: 145.1, Avg: 145.2, Max: 145.3, Diff: 0.2, Sum: 1161.6]
      [Termination (ms): Min: 0.0, Avg: 0.1, Max: 0.1, Diff: 0.1, Sum: 0.6]
         [Termination Attempts: Min: 1, Avg: 555.5, Max: 674, Diff: 673, Sum: 4444]
      [GC Worker Other (ms): Min: 0.0, Avg: 0.0, Max: 0.1, Diff: 0.1, Sum: 0.3]
      [GC Worker Total (ms): Min: 182.0, Avg: 182.1, Max: 182.3, Diff: 0.2, Sum: 1456.9]
      [GC Worker End (ms): Min: 71655.4, Avg: 71655.4, Max: 71655.4, Diff: 0.1]
   [Code Root Fixup: 0.0 ms]
   [Code Root Purge: 0.0 ms]
   [Clear CT: 0.2 ms]
   [Other: 1.0 ms]
      [Choose CSet: 0.0 ms]
      [Ref Proc: 0.2 ms]
      [Ref Enq: 0.0 ms]
      [Redirty Cards: 0.3 ms]
      [Humongous Register: 0.0 ms]
      [Humongous Reclaim: 0.0 ms]
      [Free CSet: 0.3 ms]
   [Eden: 319.0M(319.0M)->0.0B(313.0M) Survivors: 46.0M->46.0M Heap: 1158.0M(2048.0M)->1160.5M(2048.0M)]
 [Times: user=1.45 sys=0.03, real=0.18 secs] 
2020-09-29T11:57:25.371+0200: 71.672: [GC pause (G1 Humongous Allocation) (young) (initial-mark), 0.0617041 secs]
   [Parallel Time: 60.8 ms, GC Workers: 8]
      [GC Worker Start (ms): Min: 71671.9, Avg: 71672.2, Max: 71672.7, Diff: 0.8]
      [Ext Root Scanning (ms): Min: 0.0, Avg: 1.7, Max: 9.2, Diff: 9.2, Sum: 13.4]
      [Update RS (ms): Min: 25.4, Avg: 33.3, Max: 34.6, Diff: 9.1, Sum: 266.5]
         [Processed Buffers: Min: 32, Avg: 39.0, Max: 45, Diff: 13, Sum: 312]
      [Scan RS (ms): Min: 3.0, Avg: 3.1, Max: 3.3, Diff: 0.3, Sum: 24.9]
      [Code Root Scanning (ms): Min: 0.0, Avg: 0.0, Max: 0.0, Diff: 0.0, Sum: 0.0]
      [Object Copy (ms): Min: 22.2, Avg: 22.2, Max: 22.3, Diff: 0.1, Sum: 177.9]
      [Termination (ms): Min: 0.0, Avg: 0.0, Max: 0.0, Diff: 0.0, Sum: 0.2]
         [Termination Attempts: Min: 1, Avg: 116.4, Max: 146, Diff: 145, Sum: 931]
      [GC Worker Other (ms): Min: 0.0, Avg: 0.0, Max: 0.0, Diff: 0.0, Sum: 0.1]
      [GC Worker Total (ms): Min: 59.9, Avg: 60.4, Max: 60.7, Diff: 0.8, Sum: 483.0]
      [GC Worker End (ms): Min: 71732.6, Avg: 71732.6, Max: 71732.6, Diff: 0.0]
   [Code Root Fixup: 0.0 ms]
   [Code Root Purge: 0.0 ms]
   [Clear CT: 0.2 ms]
   [Other: 0.7 ms]
      [Choose CSet: 0.0 ms]
      [Ref Proc: 0.1 ms]
      [Ref Enq: 0.0 ms]
      [Redirty Cards: 0.2 ms]
      [Humongous Register: 0.0 ms]
      [Humongous Reclaim: 0.0 ms]
      [Free CSet: 0.1 ms]
   [Eden: 4096.0K(313.0M)->0.0B(333.0M) Survivors: 46.0M->5120.0K Heap: 1164.0M(2048.0M)->1168.0M(2048.0M)]
 [Times: user=0.45 sys=0.00, real=0.06 secs] 
2020-09-29T11:57:25.433+0200: 71.734: [GC concurrent-root-region-scan-start]
2020-09-29T11:57:25.434+0200: 71.735: [GC concurrent-root-region-scan-end, 0.0010991 secs]
2020-09-29T11:57:25.434+0200: 71.735: [GC concurrent-mark-start]
2020-09-29T11:57:25.437+0200: 71.737: [GC concurrent-mark-end, 0.0025143 secs]
2020-09-29T11:57:25.437+0200: 71.737: [GC remark 2020-09-29T11:57:25.437+0200: 71.737: [Finalize Marking, 0.0003534 secs] 2020-09-29T11:57:25.437+0200: 71.738: [GC ref-proc, 0.0002985 secs] 2020-09-29T11:57:25.438+0200: 71.738: [Unloading, 0.0004421 secs], 0.0013816 secs]
 [Times: user=0.00 sys=0.00, real=0.00 secs] 
2020-09-29T11:57:25.439+0200: 71.739: [GC cleanup 1175M->21M(2048M), 0.0010823 secs]
 [Times: user=0.00 sys=0.00, real=0.00 secs] 
2020-09-29T11:57:25.440+0200: 71.740: [GC concurrent-cleanup-start]
2020-09-29T11:57:25.441+0200: 71.742: [GC concurrent-cleanup-end, 0.0014568 secs]
2020-09-29T11:57:25.612+0200: 71.913: [GC pause (G1 Evacuation Pause) (young), 0.1703483 secs]
   [Parallel Time: 169.0 ms, GC Workers: 8]
      [GC Worker Start (ms): Min: 71912.8, Avg: 71912.9, Max: 71912.9, Diff: 0.1]
      [Ext Root Scanning (ms): Min: 0.0, Avg: 0.1, Max: 0.2, Diff: 0.1, Sum: 0.6]
      [Update RS (ms): Min: 17.3, Avg: 17.4, Max: 17.6, Diff: 0.3, Sum: 139.3]
         [Processed Buffers: Min: 17, Avg: 19.8, Max: 22, Diff: 5, Sum: 158]
      [Scan RS (ms): Min: 17.8, Avg: 17.9, Max: 18.0, Diff: 0.3, Sum: 143.2]
      [Code Root Scanning (ms): Min: 0.0, Avg: 0.0, Max: 0.0, Diff: 0.0, Sum: 0.0]
      [Object Copy (ms): Min: 133.2, Avg: 133.3, Max: 133.4, Diff: 0.2, Sum: 1066.4]
      [Termination (ms): Min: 0.0, Avg: 0.0, Max: 0.1, Diff: 0.1, Sum: 0.3]
         [Termination Attempts: Min: 1, Avg: 273.6, Max: 364, Diff: 363, Sum: 2189]
      [GC Worker Other (ms): Min: 0.0, Avg: 0.0, Max: 0.1, Diff: 0.1, Sum: 0.3]
      [GC Worker Total (ms): Min: 168.7, Avg: 168.8, Max: 168.9, Diff: 0.2, Sum: 1350.3]
      [GC Worker End (ms): Min: 72081.6, Avg: 72081.6, Max: 72081.7, Diff: 0.1]
   [Code Root Fixup: 0.0 ms]
   [Code Root Purge: 0.0 ms]
   [Clear CT: 0.4 ms]
   [Other: 0.9 ms]
      [Choose CSet: 0.0 ms]
      [Ref Proc: 0.2 ms]
      [Ref Enq: 0.0 ms]
      [Redirty Cards: 0.2 ms]
      [Humongous Register: 0.0 ms]
      [Humongous Reclaim: 0.0 ms]
      [Free CSet: 0.2 ms]
   [Eden: 333.0M(333.0M)->0.0B(312.0M) Survivors: 5120.0K->43.0M Heap: 404.2M(2048.0M)->401.2M(2048.0M)]
 [Times: user=1.38 sys=0.00, real=0.17 secs] 
2020-09-29T11:57:25.939+0200: 72.240: [GC pause (G1 Evacuation Pause) (young), 0.1740131 secs]
   [Parallel Time: 171.6 ms, GC Workers: 8]
      [GC Worker Start (ms): Min: 72239.6, Avg: 72239.8, Max: 72239.9, Diff: 0.2]
      [Ext Root Scanning (ms): Min: 0.0, Avg: 0.1, Max: 0.2, Diff: 0.2, Sum: 0.4]
      [Update RS (ms): Min: 19.9, Avg: 20.0, Max: 20.3, Diff: 0.4, Sum: 160.0]
         [Processed Buffers: Min: 20, Avg: 23.0, Max: 26, Diff: 6, Sum: 184]
      [Scan RS (ms): Min: 16.4, Avg: 16.6, Max: 16.9, Diff: 0.5, Sum: 133.1]
      [Code Root Scanning (ms): Min: 0.0, Avg: 0.0, Max: 0.0, Diff: 0.0, Sum: 0.0]
      [Object Copy (ms): Min: 134.5, Avg: 134.6, Max: 134.7, Diff: 0.2, Sum: 1077.0]
      [Termination (ms): Min: 0.0, Avg: 0.0, Max: 0.0, Diff: 0.0, Sum: 0.1]
         [Termination Attempts: Min: 1, Avg: 121.1, Max: 160, Diff: 159, Sum: 969]
      [GC Worker Other (ms): Min: 0.0, Avg: 0.1, Max: 0.1, Diff: 0.0, Sum: 0.5]
      [GC Worker Total (ms): Min: 171.3, Avg: 171.4, Max: 171.5, Diff: 0.2, Sum: 1371.2]
      [GC Worker End (ms): Min: 72411.2, Avg: 72411.2, Max: 72411.2, Diff: 0.0]
   [Code Root Fixup: 0.0 ms]
   [Code Root Purge: 0.0 ms]
   [Clear CT: 0.4 ms]
   [Other: 2.0 ms]
      [Choose CSet: 0.0 ms]
      [Ref Proc: 0.2 ms]
      [Ref Enq: 0.0 ms]
      [Redirty Cards: 1.4 ms]
      [Humongous Register: 0.0 ms]
      [Humongous Reclaim: 0.0 ms]
      [Free CSet: 0.2 ms]
   [Eden: 312.0M(312.0M)->0.0B(310.0M) Survivors: 43.0M->45.0M Heap: 764.7M(2048.0M)->767.2M(2048.0M)]
 [Times: user=1.33 sys=0.05, real=0.17 secs] 
2020-09-29T11:57:26.274+0200: 72.574: [GC pause (G1 Evacuation Pause) (young), 0.1723244 secs]
   [Parallel Time: 171.3 ms, GC Workers: 8]
      [GC Worker Start (ms): Min: 72574.5, Avg: 72574.6, Max: 72574.7, Diff: 0.2]
      [Ext Root Scanning (ms): Min: 0.0, Avg: 0.1, Max: 0.2, Diff: 0.2, Sum: 0.5]
      [Update RS (ms): Min: 20.1, Avg: 20.2, Max: 20.3, Diff: 0.3, Sum: 161.7]
         [Processed Buffers: Min: 20, Avg: 23.6, Max: 27, Diff: 7, Sum: 189]
      [Scan RS (ms): Min: 16.1, Avg: 16.3, Max: 16.4, Diff: 0.2, Sum: 130.2]
      [Code Root Scanning (ms): Min: 0.0, Avg: 0.0, Max: 0.0, Diff: 0.0, Sum: 0.0]
      [Object Copy (ms): Min: 134.3, Avg: 134.5, Max: 134.5, Diff: 0.2, Sum: 1075.7]
      [Termination (ms): Min: 0.0, Avg: 0.0, Max: 0.0, Diff: 0.0, Sum: 0.2]
         [Termination Attempts: Min: 1, Avg: 144.4, Max: 225, Diff: 224, Sum: 1155]
      [GC Worker Other (ms): Min: 0.0, Avg: 0.1, Max: 0.1, Diff: 0.1, Sum: 0.5]
      [GC Worker Total (ms): Min: 171.0, Avg: 171.1, Max: 171.2, Diff: 0.2, Sum: 1368.7]
      [GC Worker End (ms): Min: 72745.6, Avg: 72745.7, Max: 72745.7, Diff: 0.1]
   [Code Root Fixup: 0.0 ms]
   [Code Root Purge: 0.0 ms]
   [Clear CT: 0.2 ms]
   [Other: 0.8 ms]
      [Choose CSet: 0.0 ms]
      [Ref Proc: 0.2 ms]
      [Ref Enq: 0.0 ms]
      [Redirty Cards: 0.3 ms]
      [Humongous Register: 0.0 ms]
      [Humongous Reclaim: 0.0 ms]
      [Free CSet: 0.2 ms]
   [Eden: 310.0M(310.0M)->0.0B(313.0M) Survivors: 45.0M->45.0M Heap: 1128.7M(2048.0M)->1130.7M(2048.0M)]
 [Times: user=1.36 sys=0.00, real=0.17 secs] 
2020-09-29T11:57:26.462+0200: 72.763: [GC pause (G1 Humongous Allocation) (young) (initial-mark), 0.0492627 secs]
   [Parallel Time: 48.5 ms, GC Workers: 8]
      [GC Worker Start (ms): Min: 72763.4, Avg: 72763.4, Max: 72763.5, Diff: 0.2]
      [Ext Root Scanning (ms): Min: 0.6, Avg: 0.7, Max: 0.7, Diff: 0.1, Sum: 5.4]
      [Update RS (ms): Min: 25.3, Avg: 25.6, Max: 25.7, Diff: 0.4, Sum: 204.5]
         [Processed Buffers: Min: 29, Avg: 33.0, Max: 35, Diff: 6, Sum: 264]
      [Scan RS (ms): Min: 2.5, Avg: 2.7, Max: 2.9, Diff: 0.4, Sum: 21.5]
      [Code Root Scanning (ms): Min: 0.0, Avg: 0.0, Max: 0.0, Diff: 0.0, Sum: 0.0]
      [Object Copy (ms): Min: 19.1, Avg: 19.2, Max: 19.3, Diff: 0.1, Sum: 153.9]
      [Termination (ms): Min: 0.0, Avg: 0.0, Max: 0.0, Diff: 0.0, Sum: 0.0]
         [Termination Attempts: Min: 1, Avg: 22.3, Max: 33, Diff: 32, Sum: 178]
      [GC Worker Other (ms): Min: 0.0, Avg: 0.0, Max: 0.0, Diff: 0.0, Sum: 0.1]
      [GC Worker Total (ms): Min: 48.1, Avg: 48.2, Max: 48.2, Diff: 0.2, Sum: 385.4]
      [GC Worker End (ms): Min: 72811.6, Avg: 72811.6, Max: 72811.6, Diff: 0.0]
   [Code Root Fixup: 0.0 ms]
   [Code Root Purge: 0.0 ms]
   [Clear CT: 0.1 ms]
   [Other: 0.7 ms]
      [Choose CSet: 0.0 ms]
      [Ref Proc: 0.1 ms]
      [Ref Enq: 0.0 ms]
      [Redirty Cards: 0.1 ms]
      [Humongous Register: 0.1 ms]
      [Humongous Reclaim: 0.0 ms]
      [Free CSet: 0.1 ms]
   [Eden: 7168.0K(313.0M)->0.0B(346.0M) Survivors: 45.0M->9216.0K Heap: 1137.2M(2048.0M)->1141.2M(2048.0M)]
 [Times: user=0.38 sys=0.00, real=0.05 secs] 
2020-09-29T11:57:26.512+0200: 72.813: [GC concurrent-root-region-scan-start]
2020-09-29T11:57:26.513+0200: 72.814: [GC concurrent-root-region-scan-end, 0.0018319 secs]
2020-09-29T11:57:26.513+0200: 72.814: [GC concurrent-mark-start]
2020-09-29T11:57:26.516+0200: 72.817: [GC concurrent-mark-end, 0.0028105 secs]
2020-09-29T11:57:26.516+0200: 72.817: [GC remark 2020-09-29T11:57:26.516+0200: 72.817: [Finalize Marking, 0.0001941 secs] 2020-09-29T11:57:26.517+0200: 72.817: [GC ref-proc, 0.0002566 secs] 2020-09-29T11:57:26.517+0200: 72.818: [Unloading, 0.0003758 secs], 0.0011404 secs]
 [Times: user=0.00 sys=0.00, real=0.00 secs] 
2020-09-29T11:57:26.518+0200: 72.819: [GC cleanup 1153M->29M(2048M), 0.0010564 secs]
 [Times: user=0.00 sys=0.00, real=0.00 secs] 
2020-09-29T11:57:26.519+0200: 72.820: [GC concurrent-cleanup-start]
2020-09-29T11:57:26.520+0200: 72.821: [GC concurrent-cleanup-end, 0.0015268 secs]
2020-09-29T11:57:26.697+0200: 72.998: [GC pause (G1 Evacuation Pause) (young), 0.1805200 secs]
   [Parallel Time: 179.6 ms, GC Workers: 8]
      [GC Worker Start (ms): Min: 72997.9, Avg: 72998.0, Max: 72998.1, Diff: 0.1]
      [Ext Root Scanning (ms): Min: 0.0, Avg: 0.1, Max: 0.2, Diff: 0.1, Sum: 0.6]
      [Update RS (ms): Min: 12.9, Avg: 13.0, Max: 13.3, Diff: 0.4, Sum: 104.3]
         [Processed Buffers: Min: 13, Avg: 14.8, Max: 17, Diff: 4, Sum: 118]
      [Scan RS (ms): Min: 20.4, Avg: 20.8, Max: 20.9, Diff: 0.5, Sum: 166.3]
      [Code Root Scanning (ms): Min: 0.0, Avg: 0.0, Max: 0.0, Diff: 0.0, Sum: 0.0]
      [Object Copy (ms): Min: 145.2, Avg: 145.4, Max: 145.5, Diff: 0.2, Sum: 1163.0]
      [Termination (ms): Min: 0.0, Avg: 0.1, Max: 0.1, Diff: 0.1, Sum: 0.8]
         [Termination Attempts: Min: 1, Avg: 661.3, Max: 820, Diff: 819, Sum: 5290]
      [GC Worker Other (ms): Min: 0.0, Avg: 0.0, Max: 0.1, Diff: 0.0, Sum: 0.2]
      [GC Worker Total (ms): Min: 179.4, Avg: 179.4, Max: 179.5, Diff: 0.1, Sum: 1435.3]
      [GC Worker End (ms): Min: 73177.4, Avg: 73177.4, Max: 73177.5, Diff: 0.0]
   [Code Root Fixup: 0.0 ms]
   [Code Root Purge: 0.0 ms]
   [Clear CT: 0.2 ms]
   [Other: 0.7 ms]
      [Choose CSet: 0.0 ms]
      [Ref Proc: 0.1 ms]
      [Ref Enq: 0.0 ms]
      [Redirty Cards: 0.2 ms]
      [Humongous Register: 0.0 ms]
      [Humongous Reclaim: 0.0 ms]
      [Free CSet: 0.2 ms]
   [Eden: 346.0M(346.0M)->0.0B(317.0M) Survivors: 9216.0K->45.0M Heap: 422.6M(2048.0M)->416.1M(2048.0M)]
 [Times: user=1.34 sys=0.00, real=0.18 secs] 
2020-09-29T11:57:27.050+0200: 73.351: [GC pause (G1 Evacuation Pause) (young), 0.1954264 secs]
   [Parallel Time: 193.9 ms, GC Workers: 8]
      [GC Worker Start (ms): Min: 73350.9, Avg: 73351.0, Max: 73351.1, Diff: 0.2]
      [Ext Root Scanning (ms): Min: 0.0, Avg: 0.1, Max: 0.2, Diff: 0.2, Sum: 0.6]
      [Update RS (ms): Min: 17.5, Avg: 17.9, Max: 18.4, Diff: 0.9, Sum: 143.3]
         [Processed Buffers: Min: 14, Avg: 14.9, Max: 16, Diff: 2, Sum: 119]
      [Scan RS (ms): Min: 33.0, Avg: 33.6, Max: 34.0, Diff: 1.0, Sum: 268.6]
      [Code Root Scanning (ms): Min: 0.0, Avg: 0.0, Max: 0.0, Diff: 0.0, Sum: 0.0]
      [Object Copy (ms): Min: 141.8, Avg: 142.0, Max: 142.1, Diff: 0.2, Sum: 1136.1]
      [Termination (ms): Min: 0.0, Avg: 0.0, Max: 0.1, Diff: 0.1, Sum: 0.3]
         [Termination Attempts: Min: 1, Avg: 251.5, Max: 375, Diff: 374, Sum: 2012]
      [GC Worker Other (ms): Min: 0.0, Avg: 0.0, Max: 0.1, Diff: 0.1, Sum: 0.4]
      [GC Worker Total (ms): Min: 193.5, Avg: 193.7, Max: 193.8, Diff: 0.3, Sum: 1549.2]
      [GC Worker End (ms): Min: 73544.7, Avg: 73544.7, Max: 73544.7, Diff: 0.1]
   [Code Root Fixup: 0.0 ms]
   [Code Root Purge: 0.0 ms]
   [Clear CT: 0.4 ms]
   [Other: 1.1 ms]
      [Choose CSet: 0.0 ms]
      [Ref Proc: 0.3 ms]
      [Ref Enq: 0.0 ms]
      [Redirty Cards: 0.4 ms]
      [Humongous Register: 0.0 ms]
      [Humongous Reclaim: 0.0 ms]
      [Free CSet: 0.2 ms]
   [Eden: 317.0M(317.0M)->0.0B(272.0M) Survivors: 45.0M->46.0M Heap: 784.6M(2048.0M)->787.1M(2048.0M)]
 [Times: user=1.53 sys=0.08, real=0.20 secs] 
2020-09-29T11:57:27.384+0200: 73.684: [GC pause (G1 Evacuation Pause) (young), 0.1495357 secs]
   [Parallel Time: 148.5 ms, GC Workers: 8]
      [GC Worker Start (ms): Min: 73684.5, Avg: 73684.6, Max: 73684.6, Diff: 0.1]
      [Ext Root Scanning (ms): Min: 0.0, Avg: 0.1, Max: 0.1, Diff: 0.1, Sum: 0.7]
      [Update RS (ms): Min: 13.2, Avg: 13.5, Max: 14.3, Diff: 1.1, Sum: 107.9]
         [Processed Buffers: Min: 14, Avg: 16.1, Max: 18, Diff: 4, Sum: 129]
      [Scan RS (ms): Min: 14.0, Avg: 14.9, Max: 15.2, Diff: 1.2, Sum: 118.9]
      [Code Root Scanning (ms): Min: 0.0, Avg: 0.0, Max: 0.0, Diff: 0.0, Sum: 0.0]
      [Object Copy (ms): Min: 119.8, Avg: 119.8, Max: 119.9, Diff: 0.1, Sum: 958.5]
      [Termination (ms): Min: 0.0, Avg: 0.0, Max: 0.0, Diff: 0.0, Sum: 0.1]
         [Termination Attempts: Min: 1, Avg: 67.1, Max: 90, Diff: 89, Sum: 537]
      [GC Worker Other (ms): Min: 0.0, Avg: 0.1, Max: 0.1, Diff: 0.1, Sum: 0.4]
      [GC Worker Total (ms): Min: 148.2, Avg: 148.3, Max: 148.4, Diff: 0.1, Sum: 1186.4]
      [GC Worker End (ms): Min: 73832.9, Avg: 73832.9, Max: 73832.9, Diff: 0.1]
   [Code Root Fixup: 0.0 ms]
   [Code Root Purge: 0.0 ms]
   [Clear CT: 0.2 ms]
   [Other: 0.9 ms]
      [Choose CSet: 0.0 ms]
      [Ref Proc: 0.2 ms]
      [Ref Enq: 0.0 ms]
      [Redirty Cards: 0.2 ms]
      [Humongous Register: 0.0 ms]
      [Humongous Reclaim: 0.0 ms]
      [Free CSet: 0.2 ms]
   [Eden: 272.0M(272.0M)->0.0B(296.0M) Survivors: 46.0M->40.0M Heap: 1104.9M(2048.0M)->1106.4M(2048.0M)]
 [Times: user=1.13 sys=0.00, real=0.15 secs] 
2020-09-29T11:57:27.542+0200: 73.842: [GC pause (G1 Humongous Allocation) (young) (initial-mark), 0.0643310 secs]
   [Parallel Time: 63.6 ms, GC Workers: 8]
      [GC Worker Start (ms): Min: 73842.3, Avg: 73842.4, Max: 73842.5, Diff: 0.1]
      [Ext Root Scanning (ms): Min: 0.0, Avg: 1.5, Max: 11.6, Diff: 11.6, Sum: 12.4]
      [Update RS (ms): Min: 21.5, Avg: 31.6, Max: 33.3, Diff: 11.8, Sum: 252.5]
         [Processed Buffers: Min: 28, Avg: 40.4, Max: 47, Diff: 19, Sum: 323]
      [Scan RS (ms): Min: 2.2, Avg: 2.6, Max: 2.7, Diff: 0.5, Sum: 20.7]
      [Code Root Scanning (ms): Min: 0.0, Avg: 0.0, Max: 0.0, Diff: 0.0, Sum: 0.0]
      [Object Copy (ms): Min: 27.6, Avg: 27.6, Max: 27.8, Diff: 0.2, Sum: 220.9]
      [Termination (ms): Min: 0.0, Avg: 0.2, Max: 0.2, Diff: 0.2, Sum: 1.5]
         [Termination Attempts: Min: 1, Avg: 1202.6, Max: 1456, Diff: 1455, Sum: 9621]
      [GC Worker Other (ms): Min: 0.0, Avg: 0.0, Max: 0.0, Diff: 0.0, Sum: 0.2]
      [GC Worker Total (ms): Min: 63.4, Avg: 63.5, Max: 63.6, Diff: 0.1, Sum: 508.1]
      [GC Worker End (ms): Min: 73905.9, Avg: 73905.9, Max: 73905.9, Diff: 0.0]
   [Code Root Fixup: 0.0 ms]
   [Code Root Purge: 0.0 ms]
   [Clear CT: 0.2 ms]
   [Other: 0.6 ms]
      [Choose CSet: 0.0 ms]
      [Ref Proc: 0.2 ms]
      [Ref Enq: 0.0 ms]
      [Redirty Cards: 0.1 ms]
      [Humongous Register: 0.0 ms]
      [Humongous Reclaim: 0.0 ms]
      [Free CSet: 0.0 ms]
   [Eden: 4096.0K(296.0M)->0.0B(269.0M) Survivors: 40.0M->5120.0K Heap: 1109.9M(2048.0M)->1112.4M(2048.0M)]
 [Times: user=0.49 sys=0.00, real=0.06 secs] 
2020-09-29T11:57:27.606+0200: 73.907: [GC concurrent-root-region-scan-start]
2020-09-29T11:57:27.607+0200: 73.907: [GC concurrent-root-region-scan-end, 0.0008071 secs]
2020-09-29T11:57:27.607+0200: 73.907: [GC concurrent-mark-start]
2020-09-29T11:57:27.609+0200: 73.910: [GC concurrent-mark-end, 0.0021940 secs]
2020-09-29T11:57:27.609+0200: 73.910: [GC remark 2020-09-29T11:57:27.610+0200: 73.910: [Finalize Marking, 0.0001833 secs] 2020-09-29T11:57:27.610+0200: 73.910: [GC ref-proc, 0.0002737 secs] 2020-09-29T11:57:27.610+0200: 73.910: [Unloading, 0.0003957 secs], 0.0011334 secs]
 [Times: user=0.00 sys=0.00, real=0.00 secs] 
2020-09-29T11:57:27.611+0200: 73.911: [GC cleanup 1121M->22M(2048M), 0.0011379 secs]
 [Times: user=0.00 sys=0.00, real=0.00 secs] 
2020-09-29T11:57:27.612+0200: 73.913: [GC concurrent-cleanup-start]
2020-09-29T11:57:27.613+0200: 73.914: [GC concurrent-cleanup-end, 0.0013185 secs]
2020-09-29T11:57:27.741+0200: 74.041: [GC pause (G1 Evacuation Pause) (young), 0.1328906 secs]
   [Parallel Time: 131.8 ms, GC Workers: 8]
      [GC Worker Start (ms): Min: 74041.3, Avg: 74041.4, Max: 74041.5, Diff: 0.2]
      [Ext Root Scanning (ms): Min: 0.0, Avg: 0.1, Max: 0.1, Diff: 0.1, Sum: 0.5]
      [Update RS (ms): Min: 16.5, Avg: 16.7, Max: 17.1, Diff: 0.7, Sum: 133.9]
         [Processed Buffers: Min: 17, Avg: 18.4, Max: 20, Diff: 3, Sum: 147]
      [Scan RS (ms): Min: 15.2, Avg: 15.5, Max: 15.7, Diff: 0.4, Sum: 123.9]
      [Code Root Scanning (ms): Min: 0.0, Avg: 0.0, Max: 0.0, Diff: 0.0, Sum: 0.0]
      [Object Copy (ms): Min: 99.0, Avg: 99.2, Max: 99.2, Diff: 0.2, Sum: 793.4]
      [Termination (ms): Min: 0.0, Avg: 0.0, Max: 0.0, Diff: 0.0, Sum: 0.0]
         [Termination Attempts: Min: 1, Avg: 11.5, Max: 17, Diff: 16, Sum: 92]
      [GC Worker Other (ms): Min: 0.0, Avg: 0.0, Max: 0.1, Diff: 0.1, Sum: 0.3]
      [GC Worker Total (ms): Min: 131.4, Avg: 131.5, Max: 131.6, Diff: 0.2, Sum: 1052.0]
      [GC Worker End (ms): Min: 74172.9, Avg: 74172.9, Max: 74172.9, Diff: 0.1]
   [Code Root Fixup: 0.0 ms]
   [Code Root Purge: 0.0 ms]
   [Clear CT: 0.2 ms]
   [Other: 0.9 ms]
      [Choose CSet: 0.0 ms]
      [Ref Proc: 0.2 ms]
      [Ref Enq: 0.0 ms]
      [Redirty Cards: 0.2 ms]
      [Humongous Register: 0.0 ms]
      [Humongous Reclaim: 0.0 ms]
      [Free CSet: 0.2 ms]
   [Eden: 269.0M(269.0M)->0.0B(266.0M) Survivors: 5120.0K->35.0M Heap: 328.8M(2048.0M)->325.8M(2048.0M)]
 [Times: user=1.00 sys=0.00, real=0.13 secs] 
2020-09-29T11:57:28.008+0200: 74.309: [GC pause (G1 Evacuation Pause) (young), 0.1444044 secs]
   [Parallel Time: 143.3 ms, GC Workers: 8]
      [GC Worker Start (ms): Min: 74308.7, Avg: 74308.8, Max: 74308.9, Diff: 0.2]
      [Ext Root Scanning (ms): Min: 0.0, Avg: 0.1, Max: 0.2, Diff: 0.2, Sum: 0.5]
      [Update RS (ms): Min: 14.1, Avg: 14.3, Max: 14.8, Diff: 0.6, Sum: 114.6]
         [Processed Buffers: Min: 17, Avg: 17.6, Max: 20, Diff: 3, Sum: 141]
      [Scan RS (ms): Min: 13.3, Avg: 13.8, Max: 14.0, Diff: 0.7, Sum: 110.1]
      [Code Root Scanning (ms): Min: 0.0, Avg: 0.0, Max: 0.0, Diff: 0.0, Sum: 0.0]
      [Object Copy (ms): Min: 114.7, Avg: 114.8, Max: 115.0, Diff: 0.2, Sum: 918.8]
      [Termination (ms): Min: 0.0, Avg: 0.0, Max: 0.0, Diff: 0.0, Sum: 0.3]
         [Termination Attempts: Min: 1, Avg: 247.1, Max: 346, Diff: 345, Sum: 1977]
      [GC Worker Other (ms): Min: 0.0, Avg: 0.1, Max: 0.1, Diff: 0.1, Sum: 0.5]
      [GC Worker Total (ms): Min: 143.0, Avg: 143.1, Max: 143.2, Diff: 0.1, Sum: 1144.7]
      [GC Worker End (ms): Min: 74451.8, Avg: 74451.9, Max: 74451.9, Diff: 0.1]
   [Code Root Fixup: 0.0 ms]
   [Code Root Purge: 0.0 ms]
   [Clear CT: 0.2 ms]
   [Other: 0.9 ms]
      [Choose CSet: 0.0 ms]
      [Ref Proc: 0.2 ms]
      [Ref Enq: 0.0 ms]
      [Redirty Cards: 0.3 ms]
      [Humongous Register: 0.0 ms]
      [Humongous Reclaim: 0.0 ms]
      [Free CSet: 0.2 ms]
   [Eden: 266.0M(266.0M)->0.0B(283.0M) Survivors: 35.0M->38.0M Heap: 635.6M(2048.0M)->638.6M(2048.0M)]
 [Times: user=1.11 sys=0.02, real=0.15 secs] 
2020-09-29T11:57:28.298+0200: 74.599: [GC pause (G1 Evacuation Pause) (young), 0.1572774 secs]
   [Parallel Time: 155.8 ms, GC Workers: 8]
      [GC Worker Start (ms): Min: 74599.1, Avg: 74599.2, Max: 74599.3, Diff: 0.2]
      [Ext Root Scanning (ms): Min: 0.0, Avg: 0.1, Max: 0.2, Diff: 0.2, Sum: 0.5]
      [Update RS (ms): Min: 17.2, Avg: 17.3, Max: 17.4, Diff: 0.2, Sum: 138.1]
         [Processed Buffers: Min: 19, Avg: 20.5, Max: 22, Diff: 3, Sum: 164]
      [Scan RS (ms): Min: 13.3, Avg: 13.4, Max: 13.4, Diff: 0.1, Sum: 106.9]
      [Code Root Scanning (ms): Min: 0.0, Avg: 0.0, Max: 0.0, Diff: 0.0, Sum: 0.0]
      [Object Copy (ms): Min: 124.7, Avg: 124.9, Max: 125.0, Diff: 0.3, Sum: 998.8]
      [Termination (ms): Min: 0.0, Avg: 0.0, Max: 0.1, Diff: 0.1, Sum: 0.4]
         [Termination Attempts: Min: 1, Avg: 338.4, Max: 477, Diff: 476, Sum: 2707]
      [GC Worker Other (ms): Min: 0.0, Avg: 0.0, Max: 0.0, Diff: 0.0, Sum: 0.2]
      [GC Worker Total (ms): Min: 155.5, Avg: 155.6, Max: 155.7, Diff: 0.2, Sum: 1244.9]
      [GC Worker End (ms): Min: 74754.8, Avg: 74754.8, Max: 74754.8, Diff: 0.0]
   [Code Root Fixup: 0.0 ms]
   [Code Root Purge: 0.0 ms]
   [Clear CT: 0.5 ms]
   [Other: 0.9 ms]
      [Choose CSet: 0.0 ms]
      [Ref Proc: 0.2 ms]
      [Ref Enq: 0.0 ms]
      [Redirty Cards: 0.3 ms]
      [Humongous Register: 0.0 ms]
      [Humongous Reclaim: 0.0 ms]
      [Free CSet: 0.2 ms]
   [Eden: 283.0M(283.0M)->0.0B(296.0M) Survivors: 38.0M->41.0M Heap: 969.3M(2048.0M)->971.3M(2048.0M)]
 [Times: user=1.22 sys=0.00, real=0.16 secs] 
2020-09-29T11:57:28.466+0200: 74.767: [GC pause (G1 Humongous Allocation) (young) (initial-mark), 0.0584317 secs]
   [Parallel Time: 57.7 ms, GC Workers: 8]
      [GC Worker Start (ms): Min: 74766.8, Avg: 74766.8, Max: 74766.8, Diff: 0.1]
      [Ext Root Scanning (ms): Min: 0.0, Avg: 0.1, Max: 0.1, Diff: 0.1, Sum: 0.7]
      [Update RS (ms): Min: 37.4, Avg: 37.6, Max: 37.9, Diff: 0.5, Sum: 300.8]
         [Processed Buffers: Min: 46, Avg: 50.0, Max: 52, Diff: 6, Sum: 400]
      [Scan RS (ms): Min: 0.7, Avg: 0.9, Max: 1.1, Diff: 0.5, Sum: 7.5]
      [Code Root Scanning (ms): Min: 0.0, Avg: 0.0, Max: 0.0, Diff: 0.0, Sum: 0.0]
      [Object Copy (ms): Min: 18.8, Avg: 18.9, Max: 19.0, Diff: 0.1, Sum: 151.2]
      [Termination (ms): Min: 0.0, Avg: 0.0, Max: 0.0, Diff: 0.0, Sum: 0.0]
         [Termination Attempts: Min: 1, Avg: 30.6, Max: 43, Diff: 42, Sum: 245]
      [GC Worker Other (ms): Min: 0.0, Avg: 0.0, Max: 0.0, Diff: 0.0, Sum: 0.2]
      [GC Worker Total (ms): Min: 57.5, Avg: 57.6, Max: 57.6, Diff: 0.1, Sum: 460.4]
      [GC Worker End (ms): Min: 74824.3, Avg: 74824.3, Max: 74824.4, Diff: 0.0]
   [Code Root Fixup: 0.0 ms]
   [Code Root Purge: 0.0 ms]
   [Clear CT: 0.1 ms]
   [Other: 0.6 ms]
      [Choose CSet: 0.0 ms]
      [Ref Proc: 0.2 ms]
      [Ref Enq: 0.0 ms]
      [Redirty Cards: 0.1 ms]
      [Humongous Register: 0.0 ms]
      [Humongous Reclaim: 0.0 ms]
      [Free CSet: 0.1 ms]
   [Eden: 7168.0K(296.0M)->0.0B(333.0M) Survivors: 41.0M->8192.0K Heap: 977.8M(2048.0M)->981.3M(2048.0M)]
 [Times: user=0.50 sys=0.00, real=0.06 secs] 
2020-09-29T11:57:28.525+0200: 74.825: [GC concurrent-root-region-scan-start]
2020-09-29T11:57:28.526+0200: 74.827: [GC concurrent-root-region-scan-end, 0.0015692 secs]
2020-09-29T11:57:28.526+0200: 74.827: [GC concurrent-mark-start]
2020-09-29T11:57:28.529+0200: 74.829: [GC concurrent-mark-end, 0.0022775 secs]
2020-09-29T11:57:28.529+0200: 74.829: [GC remark 2020-09-29T11:57:28.529+0200: 74.829: [Finalize Marking, 0.0001797 secs] 2020-09-29T11:57:28.529+0200: 74.829: [GC ref-proc, 0.0002900 secs] 2020-09-29T11:57:28.529+0200: 74.830: [Unloading, 0.0004182 secs], 0.0011609 secs]
 [Times: user=0.00 sys=0.00, real=0.00 secs] 
2020-09-29T11:57:28.530+0200: 74.831: [GC cleanup 992M->27M(2048M), 0.0011442 secs]
 [Times: user=0.00 sys=0.00, real=0.00 secs] 
2020-09-29T11:57:28.531+0200: 74.832: [GC concurrent-cleanup-start]
2020-09-29T11:57:28.532+0200: 74.833: [GC concurrent-cleanup-end, 0.0010232 secs]
2020-09-29T11:57:28.690+0200: 74.990: [GC pause (G1 Evacuation Pause) (young), 0.1638849 secs]
   [Parallel Time: 162.5 ms, GC Workers: 8]
      [GC Worker Start (ms): Min: 74990.3, Avg: 74990.4, Max: 74990.4, Diff: 0.2]
      [Ext Root Scanning (ms): Min: 0.0, Avg: 0.1, Max: 0.1, Diff: 0.1, Sum: 0.4]
      [Update RS (ms): Min: 21.4, Avg: 21.5, Max: 21.9, Diff: 0.5, Sum: 172.4]
         [Processed Buffers: Min: 25, Avg: 27.1, Max: 29, Diff: 4, Sum: 217]
      [Scan RS (ms): Min: 12.0, Avg: 12.3, Max: 12.5, Diff: 0.4, Sum: 98.5]
      [Code Root Scanning (ms): Min: 0.0, Avg: 0.0, Max: 0.0, Diff: 0.0, Sum: 0.0]
      [Object Copy (ms): Min: 128.2, Avg: 128.3, Max: 128.5, Diff: 0.2, Sum: 1026.5]
      [Termination (ms): Min: 0.0, Avg: 0.1, Max: 0.2, Diff: 0.2, Sum: 0.8]
         [Termination Attempts: Min: 1, Avg: 722.9, Max: 1071, Diff: 1070, Sum: 5783]
      [GC Worker Other (ms): Min: 0.0, Avg: 0.0, Max: 0.1, Diff: 0.0, Sum: 0.3]
      [GC Worker Total (ms): Min: 162.3, Avg: 162.4, Max: 162.5, Diff: 0.2, Sum: 1298.9]
      [GC Worker End (ms): Min: 75152.7, Avg: 75152.7, Max: 75152.8, Diff: 0.1]
   [Code Root Fixup: 0.0 ms]
   [Code Root Purge: 0.0 ms]
   [Clear CT: 0.2 ms]
   [Other: 1.1 ms]
      [Choose CSet: 0.0 ms]
      [Ref Proc: 0.2 ms]
      [Ref Enq: 0.0 ms]
      [Redirty Cards: 0.5 ms]
      [Humongous Register: 0.0 ms]
      [Humongous Reclaim: 0.0 ms]
      [Free CSet: 0.2 ms]
   [Eden: 333.0M(333.0M)->0.0B(314.0M) Survivors: 8192.0K->43.0M Heap: 407.2M(2048.0M)->401.7M(2048.0M)]
 [Times: user=1.34 sys=0.03, real=0.16 secs] 
2020-09-29T11:57:29.020+0200: 75.320: [GC pause (G1 Evacuation Pause) (young), 0.1736783 secs]
   [Parallel Time: 172.6 ms, GC Workers: 8]
      [GC Worker Start (ms): Min: 75320.4, Avg: 75320.5, Max: 75320.6, Diff: 0.1]
      [Ext Root Scanning (ms): Min: 0.0, Avg: 0.1, Max: 0.1, Diff: 0.1, Sum: 0.6]
      [Update RS (ms): Min: 17.8, Avg: 17.9, Max: 18.1, Diff: 0.3, Sum: 143.5]
         [Processed Buffers: Min: 19, Avg: 21.6, Max: 25, Diff: 6, Sum: 173]
      [Scan RS (ms): Min: 15.9, Avg: 16.1, Max: 16.3, Diff: 0.4, Sum: 129.1]
      [Code Root Scanning (ms): Min: 0.0, Avg: 0.0, Max: 0.0, Diff: 0.0, Sum: 0.0]
      [Object Copy (ms): Min: 138.1, Avg: 138.1, Max: 138.2, Diff: 0.1, Sum: 1104.9]
      [Termination (ms): Min: 0.0, Avg: 0.1, Max: 0.1, Diff: 0.1, Sum: 0.5]
         [Termination Attempts: Min: 1, Avg: 509.9, Max: 645, Diff: 644, Sum: 4079]
      [GC Worker Other (ms): Min: 0.0, Avg: 0.0, Max: 0.1, Diff: 0.0, Sum: 0.2]
      [GC Worker Total (ms): Min: 172.3, Avg: 172.4, Max: 172.5, Diff: 0.1, Sum: 1378.8]
      [GC Worker End (ms): Min: 75492.8, Avg: 75492.9, Max: 75492.9, Diff: 0.0]
   [Code Root Fixup: 0.0 ms]
   [Code Root Purge: 0.0 ms]
   [Clear CT: 0.2 ms]
   [Other: 0.9 ms]
      [Choose CSet: 0.0 ms]
      [Ref Proc: 0.2 ms]
      [Ref Enq: 0.0 ms]
      [Redirty Cards: 0.3 ms]
      [Humongous Register: 0.0 ms]
      [Humongous Reclaim: 0.0 ms]
      [Free CSet: 0.2 ms]
   [Eden: 314.0M(314.0M)->0.0B(309.0M) Survivors: 43.0M->45.0M Heap: 767.2M(2048.0M)->769.7M(2048.0M)]
 [Times: user=1.34 sys=0.03, real=0.17 secs] 
2020-09-29T11:57:29.362+0200: 75.662: [GC pause (G1 Evacuation Pause) (young), 0.1713234 secs]
   [Parallel Time: 170.2 ms, GC Workers: 8]
      [GC Worker Start (ms): Min: 75662.4, Avg: 75662.4, Max: 75662.5, Diff: 0.1]
      [Ext Root Scanning (ms): Min: 0.0, Avg: 0.1, Max: 0.1, Diff: 0.1, Sum: 0.6]
      [Update RS (ms): Min: 15.8, Avg: 15.9, Max: 16.2, Diff: 0.4, Sum: 127.5]
         [Processed Buffers: Min: 18, Avg: 19.5, Max: 22, Diff: 4, Sum: 156]
      [Scan RS (ms): Min: 16.3, Avg: 16.5, Max: 16.7, Diff: 0.4, Sum: 132.2]
      [Code Root Scanning (ms): Min: 0.0, Avg: 0.0, Max: 0.0, Diff: 0.0, Sum: 0.0]
      [Object Copy (ms): Min: 137.4, Avg: 137.4, Max: 137.5, Diff: 0.1, Sum: 1099.6]
      [Termination (ms): Min: 0.0, Avg: 0.1, Max: 0.1, Diff: 0.1, Sum: 0.7]
         [Termination Attempts: Min: 1, Avg: 631.6, Max: 764, Diff: 763, Sum: 5053]
      [GC Worker Other (ms): Min: 0.0, Avg: 0.0, Max: 0.1, Diff: 0.0, Sum: 0.3]
      [GC Worker Total (ms): Min: 170.1, Avg: 170.1, Max: 170.1, Diff: 0.1, Sum: 1360.9]
      [GC Worker End (ms): Min: 75832.5, Avg: 75832.5, Max: 75832.6, Diff: 0.0]
   [Code Root Fixup: 0.0 ms]
   [Code Root Purge: 0.0 ms]
   [Clear CT: 0.2 ms]
   [Other: 0.9 ms]
      [Choose CSet: 0.0 ms]
      [Ref Proc: 0.2 ms]
      [Ref Enq: 0.0 ms]
      [Redirty Cards: 0.2 ms]
      [Humongous Register: 0.1 ms]
      [Humongous Reclaim: 0.0 ms]
      [Free CSet: 0.3 ms]
   [Eden: 309.0M(309.0M)->0.0B(309.0M) Survivors: 45.0M->45.0M Heap: 1130.2M(2048.0M)->1132.2M(2048.0M)]
 [Times: user=1.38 sys=0.00, real=0.17 secs] 
2020-09-29T11:57:29.544+0200: 75.845: [GC pause (G1 Humongous Allocation) (young) (initial-mark), 0.0591864 secs]
   [Parallel Time: 58.4 ms, GC Workers: 8]
      [GC Worker Start (ms): Min: 75844.7, Avg: 75844.7, Max: 75844.8, Diff: 0.1]
      [Ext Root Scanning (ms): Min: 0.0, Avg: 1.3, Max: 4.7, Diff: 4.7, Sum: 10.1]
      [Update RS (ms): Min: 30.5, Avg: 34.0, Max: 35.2, Diff: 4.6, Sum: 271.6]
         [Processed Buffers: Min: 40, Avg: 43.4, Max: 46, Diff: 6, Sum: 347]
      [Scan RS (ms): Min: 2.4, Avg: 2.9, Max: 3.1, Diff: 0.7, Sum: 23.1]
      [Code Root Scanning (ms): Min: 0.0, Avg: 0.0, Max: 0.0, Diff: 0.0, Sum: 0.0]
      [Object Copy (ms): Min: 20.2, Avg: 20.2, Max: 20.2, Diff: 0.1, Sum: 161.7]
      [Termination (ms): Min: 0.0, Avg: 0.0, Max: 0.0, Diff: 0.0, Sum: 0.0]
         [Termination Attempts: Min: 1, Avg: 12.3, Max: 18, Diff: 17, Sum: 98]
      [GC Worker Other (ms): Min: 0.0, Avg: 0.0, Max: 0.0, Diff: 0.0, Sum: 0.1]
      [GC Worker Total (ms): Min: 58.2, Avg: 58.3, Max: 58.4, Diff: 0.1, Sum: 466.6]
      [GC Worker End (ms): Min: 75903.0, Avg: 75903.1, Max: 75903.1, Diff: 0.0]
   [Code Root Fixup: 0.0 ms]
   [Code Root Purge: 0.0 ms]
   [Clear CT: 0.2 ms]
   [Other: 0.6 ms]
      [Choose CSet: 0.0 ms]
      [Ref Proc: 0.2 ms]
      [Ref Enq: 0.0 ms]
      [Redirty Cards: 0.1 ms]
      [Humongous Register: 0.0 ms]
      [Humongous Reclaim: 0.0 ms]
      [Free CSet: 0.1 ms]
   [Eden: 6144.0K(309.0M)->0.0B(347.0M) Survivors: 45.0M->7168.0K Heap: 1137.7M(2048.0M)->1141.2M(2048.0M)]
 [Times: user=0.50 sys=0.00, real=0.06 secs] 
2020-09-29T11:57:29.603+0200: 75.904: [GC concurrent-root-region-scan-start]
2020-09-29T11:57:29.605+0200: 75.905: [GC concurrent-root-region-scan-end, 0.0012818 secs]
2020-09-29T11:57:29.605+0200: 75.905: [GC concurrent-mark-start]
2020-09-29T11:57:29.607+0200: 75.907: [GC concurrent-mark-end, 0.0022898 secs]
2020-09-29T11:57:29.607+0200: 75.908: [GC remark 2020-09-29T11:57:29.607+0200: 75.908: [Finalize Marking, 0.0002029 secs] 2020-09-29T11:57:29.607+0200: 75.908: [GC ref-proc, 0.0002818 secs] 2020-09-29T11:57:29.608+0200: 75.908: [Unloading, 0.0003663 secs], 0.0011516 secs]
 [Times: user=0.00 sys=0.00, real=0.00 secs] 
2020-09-29T11:57:29.609+0200: 75.909: [GC cleanup 1151M->25M(2048M), 0.0010781 secs]
 [Times: user=0.00 sys=0.00, real=0.00 secs] 
2020-09-29T11:57:29.610+0200: 75.910: [GC concurrent-cleanup-start]
2020-09-29T11:57:29.611+0200: 75.912: [GC concurrent-cleanup-end, 0.0013852 secs]
2020-09-29T11:57:29.781+0200: 76.082: [GC pause (G1 Evacuation Pause) (young), 0.1672986 secs]
   [Parallel Time: 165.4 ms, GC Workers: 8]
      [GC Worker Start (ms): Min: 76081.8, Avg: 76081.9, Max: 76081.9, Diff: 0.2]
      [Ext Root Scanning (ms): Min: 0.0, Avg: 0.1, Max: 0.2, Diff: 0.2, Sum: 0.5]
      [Update RS (ms): Min: 17.0, Avg: 17.1, Max: 17.5, Diff: 0.5, Sum: 136.5]
         [Processed Buffers: Min: 20, Avg: 21.6, Max: 23, Diff: 3, Sum: 173]
      [Scan RS (ms): Min: 15.1, Avg: 15.5, Max: 15.6, Diff: 0.5, Sum: 123.6]
      [Code Root Scanning (ms): Min: 0.0, Avg: 0.0, Max: 0.0, Diff: 0.0, Sum: 0.0]
      [Object Copy (ms): Min: 132.3, Avg: 132.4, Max: 132.5, Diff: 0.3, Sum: 1059.1]
      [Termination (ms): Min: 0.0, Avg: 0.1, Max: 0.2, Diff: 0.2, Sum: 1.0]
         [Termination Attempts: Min: 1, Avg: 851.8, Max: 1278, Diff: 1277, Sum: 6814]
      [GC Worker Other (ms): Min: 0.0, Avg: 0.0, Max: 0.1, Diff: 0.1, Sum: 0.4]
      [GC Worker Total (ms): Min: 165.1, Avg: 165.1, Max: 165.2, Diff: 0.2, Sum: 1321.1]
      [GC Worker End (ms): Min: 76247.0, Avg: 76247.0, Max: 76247.1, Diff: 0.1]
   [Code Root Fixup: 0.0 ms]
   [Code Root Purge: 0.0 ms]
   [Clear CT: 0.5 ms]
   [Other: 1.4 ms]
      [Choose CSet: 0.0 ms]
      [Ref Proc: 0.5 ms]
      [Ref Enq: 0.0 ms]
      [Redirty Cards: 0.4 ms]
      [Humongous Register: 0.0 ms]
      [Humongous Reclaim: 0.0 ms]
      [Free CSet: 0.3 ms]
   [Eden: 347.0M(347.0M)->0.0B(326.0M) Survivors: 7168.0K->45.0M Heap: 422.1M(2048.0M)->416.6M(2048.0M)]
 [Times: user=1.38 sys=0.00, real=0.17 secs] 
2020-09-29T11:57:30.133+0200: 76.433: [GC pause (G1 Evacuation Pause) (young), 0.1734182 secs]
   [Parallel Time: 172.0 ms, GC Workers: 8]
      [GC Worker Start (ms): Min: 76433.4, Avg: 76433.5, Max: 76433.6, Diff: 0.2]
      [Ext Root Scanning (ms): Min: 0.0, Avg: 0.1, Max: 0.2, Diff: 0.2, Sum: 0.4]
      [Update RS (ms): Min: 16.0, Avg: 16.3, Max: 16.5, Diff: 0.5, Sum: 130.5]
         [Processed Buffers: Min: 19, Avg: 19.8, Max: 23, Diff: 4, Sum: 158]
      [Scan RS (ms): Min: 17.4, Avg: 17.6, Max: 17.9, Diff: 0.5, Sum: 141.1]
      [Code Root Scanning (ms): Min: 0.0, Avg: 0.0, Max: 0.0, Diff: 0.0, Sum: 0.0]
      [Object Copy (ms): Min: 137.2, Avg: 137.4, Max: 137.4, Diff: 0.2, Sum: 1098.8]
      [Termination (ms): Min: 0.0, Avg: 0.1, Max: 0.1, Diff: 0.1, Sum: 0.5]
         [Termination Attempts: Min: 1, Avg: 401.4, Max: 612, Diff: 611, Sum: 3211]
      [GC Worker Other (ms): Min: 0.0, Avg: 0.2, Max: 0.4, Diff: 0.3, Sum: 1.9]
      [GC Worker Total (ms): Min: 171.4, Avg: 171.7, Max: 171.9, Diff: 0.5, Sum: 1373.2]
      [GC Worker End (ms): Min: 76604.9, Avg: 76605.2, Max: 76605.3, Diff: 0.3]
   [Code Root Fixup: 0.0 ms]
   [Code Root Purge: 0.0 ms]
   [Clear CT: 0.4 ms]
   [Other: 1.1 ms]
      [Choose CSet: 0.0 ms]
      [Ref Proc: 0.1 ms]
      [Ref Enq: 0.0 ms]
      [Redirty Cards: 0.4 ms]
      [Humongous Register: 0.0 ms]
      [Humongous Reclaim: 0.0 ms]
      [Free CSet: 0.3 ms]
   [Eden: 326.0M(326.0M)->0.0B(322.0M) Survivors: 45.0M->47.0M Heap: 796.0M(2048.0M)->798.0M(2048.0M)]
 [Times: user=1.33 sys=0.02, real=0.17 secs] 
2020-09-29T11:57:30.470+0200: 76.771: [GC pause (G1 Evacuation Pause) (young), 0.1795036 secs]
   [Parallel Time: 178.2 ms, GC Workers: 8]
      [GC Worker Start (ms): Min: 76770.8, Avg: 76770.9, Max: 76770.9, Diff: 0.2]
      [Ext Root Scanning (ms): Min: 0.0, Avg: 0.1, Max: 0.2, Diff: 0.2, Sum: 0.6]
      [Update RS (ms): Min: 22.9, Avg: 23.3, Max: 23.5, Diff: 0.7, Sum: 186.3]
         [Processed Buffers: Min: 28, Avg: 28.1, Max: 29, Diff: 1, Sum: 225]
      [Scan RS (ms): Min: 13.7, Avg: 13.9, Max: 14.3, Diff: 0.6, Sum: 111.1]
      [Code Root Scanning (ms): Min: 0.0, Avg: 0.0, Max: 0.0, Diff: 0.0, Sum: 0.0]
      [Object Copy (ms): Min: 140.6, Avg: 140.7, Max: 140.8, Diff: 0.2, Sum: 1125.3]
      [Termination (ms): Min: 0.0, Avg: 0.0, Max: 0.0, Diff: 0.0, Sum: 0.0]
         [Termination Attempts: Min: 1, Avg: 13.3, Max: 22, Diff: 21, Sum: 106]
      [GC Worker Other (ms): Min: 0.0, Avg: 0.1, Max: 0.1, Diff: 0.1, Sum: 0.5]
      [GC Worker Total (ms): Min: 177.9, Avg: 178.0, Max: 178.1, Diff: 0.2, Sum: 1423.8]
      [GC Worker End (ms): Min: 76948.8, Avg: 76948.8, Max: 76948.9, Diff: 0.1]
   [Code Root Fixup: 0.0 ms]
   [Code Root Purge: 0.0 ms]
   [Clear CT: 0.2 ms]
   [Other: 1.1 ms]
      [Choose CSet: 0.0 ms]
      [Ref Proc: 0.2 ms]
      [Ref Enq: 0.0 ms]
      [Redirty Cards: 0.6 ms]
      [Humongous Register: 0.0 ms]
      [Humongous Reclaim: 0.0 ms]
      [Free CSet: 0.2 ms]
   [Eden: 322.0M(322.0M)->0.0B(321.0M) Survivors: 47.0M->47.0M Heap: 1173.4M(2048.0M)->1175.4M(2048.0M)]
 [Times: user=1.47 sys=0.03, real=0.18 secs] 
2020-09-29T11:57:30.658+0200: 76.959: [GC pause (G1 Humongous Allocation) (young) (initial-mark), 0.0588176 secs]
   [Parallel Time: 58.2 ms, GC Workers: 8]
      [GC Worker Start (ms): Min: 76959.1, Avg: 76959.2, Max: 76959.2, Diff: 0.1]
      [Ext Root Scanning (ms): Min: 0.0, Avg: 0.1, Max: 0.1, Diff: 0.1, Sum: 0.6]
      [Update RS (ms): Min: 34.3, Avg: 34.6, Max: 35.1, Diff: 0.8, Sum: 277.0]
         [Processed Buffers: Min: 42, Avg: 46.3, Max: 48, Diff: 6, Sum: 370]
      [Scan RS (ms): Min: 2.4, Avg: 2.8, Max: 3.1, Diff: 0.8, Sum: 22.5]
      [Code Root Scanning (ms): Min: 0.0, Avg: 0.0, Max: 0.0, Diff: 0.0, Sum: 0.0]
      [Object Copy (ms): Min: 20.4, Avg: 20.4, Max: 20.5, Diff: 0.1, Sum: 163.6]
      [Termination (ms): Min: 0.0, Avg: 0.0, Max: 0.0, Diff: 0.0, Sum: 0.2]
         [Termination Attempts: Min: 1, Avg: 194.5, Max: 265, Diff: 264, Sum: 1556]
      [GC Worker Other (ms): Min: 0.0, Avg: 0.0, Max: 0.0, Diff: 0.0, Sum: 0.1]
      [GC Worker Total (ms): Min: 58.0, Avg: 58.0, Max: 58.1, Diff: 0.1, Sum: 464.0]
      [GC Worker End (ms): Min: 77017.2, Avg: 77017.2, Max: 77017.2, Diff: 0.0]
   [Code Root Fixup: 0.0 ms]
   [Code Root Purge: 0.0 ms]
   [Clear CT: 0.1 ms]
   [Other: 0.5 ms]
      [Choose CSet: 0.0 ms]
      [Ref Proc: 0.2 ms]
      [Ref Enq: 0.0 ms]
      [Redirty Cards: 0.1 ms]
      [Humongous Register: 0.0 ms]
      [Humongous Reclaim: 0.0 ms]
      [Free CSet: 0.1 ms]
   [Eden: 1024.0K(321.0M)->0.0B(332.0M) Survivors: 47.0M->3072.0K Heap: 1176.4M(2048.0M)->1179.4M(2048.0M)]
 [Times: user=0.50 sys=0.00, real=0.06 secs] 
2020-09-29T11:57:30.717+0200: 77.018: [GC concurrent-root-region-scan-start]
2020-09-29T11:57:30.717+0200: 77.018: [GC concurrent-root-region-scan-end, 0.0002534 secs]
2020-09-29T11:57:30.717+0200: 77.018: [GC concurrent-mark-start]
2020-09-29T11:57:30.720+0200: 77.020: [GC concurrent-mark-end, 0.0022130 secs]
2020-09-29T11:57:30.720+0200: 77.021: [GC remark 2020-09-29T11:57:30.720+0200: 77.021: [Finalize Marking, 0.0001881 secs] 2020-09-29T11:57:30.720+0200: 77.021: [GC ref-proc, 0.0002549 secs] 2020-09-29T11:57:30.720+0200: 77.021: [Unloading, 0.0004025 secs], 0.0011246 secs]
 [Times: user=0.00 sys=0.00, real=0.00 secs] 
2020-09-29T11:57:30.721+0200: 77.022: [GC cleanup 1185M->17M(2048M), 0.0011121 secs]
 [Times: user=0.00 sys=0.00, real=0.00 secs] 
2020-09-29T11:57:30.722+0200: 77.023: [GC concurrent-cleanup-start]
2020-09-29T11:57:30.724+0200: 77.025: [GC concurrent-cleanup-end, 0.0014541 secs]
2020-09-29T11:57:30.886+0200: 77.186: [GC pause (G1 Evacuation Pause) (young), 0.1579049 secs]
   [Parallel Time: 156.7 ms, GC Workers: 8]
      [GC Worker Start (ms): Min: 77186.6, Avg: 77186.7, Max: 77186.8, Diff: 0.2]
      [Ext Root Scanning (ms): Min: 0.0, Avg: 0.1, Max: 0.2, Diff: 0.2, Sum: 0.4]
      [Update RS (ms): Min: 19.2, Avg: 19.3, Max: 19.8, Diff: 0.6, Sum: 154.6]
         [Processed Buffers: Min: 21, Avg: 23.5, Max: 26, Diff: 5, Sum: 188]
      [Scan RS (ms): Min: 13.7, Avg: 14.1, Max: 14.2, Diff: 0.5, Sum: 112.8]
      [Code Root Scanning (ms): Min: 0.0, Avg: 0.0, Max: 0.0, Diff: 0.0, Sum: 0.0]
      [Object Copy (ms): Min: 122.8, Avg: 122.9, Max: 123.1, Diff: 0.2, Sum: 983.5]
      [Termination (ms): Min: 0.0, Avg: 0.0, Max: 0.0, Diff: 0.0, Sum: 0.1]
         [Termination Attempts: Min: 1, Avg: 40.4, Max: 56, Diff: 55, Sum: 323]
      [GC Worker Other (ms): Min: 0.0, Avg: 0.0, Max: 0.1, Diff: 0.1, Sum: 0.3]
      [GC Worker Total (ms): Min: 156.4, Avg: 156.5, Max: 156.6, Diff: 0.2, Sum: 1251.8]
      [GC Worker End (ms): Min: 77343.2, Avg: 77343.2, Max: 77343.2, Diff: 0.1]
   [Code Root Fixup: 0.0 ms]
   [Code Root Purge: 0.0 ms]
   [Clear CT: 0.2 ms]
   [Other: 1.0 ms]
      [Choose CSet: 0.0 ms]
      [Ref Proc: 0.2 ms]
      [Ref Enq: 0.0 ms]
      [Redirty Cards: 0.3 ms]
      [Humongous Register: 0.0 ms]
      [Humongous Reclaim: 0.0 ms]
      [Free CSet: 0.2 ms]
   [Eden: 332.0M(332.0M)->0.0B(338.0M) Survivors: 3072.0K->42.0M Heap: 400.7M(2048.0M)->400.2M(2048.0M)]
 [Times: user=1.25 sys=0.00, real=0.16 secs] 
2020-09-29T11:57:31.216+0200: 77.517: [GC pause (G1 Evacuation Pause) (young), 0.1827409 secs]
   [Parallel Time: 181.5 ms, GC Workers: 8]
      [GC Worker Start (ms): Min: 77516.9, Avg: 77517.0, Max: 77517.1, Diff: 0.1]
      [Ext Root Scanning (ms): Min: 0.0, Avg: 0.1, Max: 0.1, Diff: 0.1, Sum: 0.6]
      [Update RS (ms): Min: 15.8, Avg: 16.0, Max: 16.5, Diff: 0.6, Sum: 128.1]
         [Processed Buffers: Min: 18, Avg: 19.6, Max: 23, Diff: 5, Sum: 157]
      [Scan RS (ms): Min: 18.6, Avg: 19.1, Max: 19.3, Diff: 0.7, Sum: 152.5]
      [Code Root Scanning (ms): Min: 0.0, Avg: 0.0, Max: 0.0, Diff: 0.0, Sum: 0.0]
      [Object Copy (ms): Min: 146.0, Avg: 146.1, Max: 146.1, Diff: 0.1, Sum: 1168.5]
      [Termination (ms): Min: 0.0, Avg: 0.1, Max: 0.1, Diff: 0.1, Sum: 0.6]
         [Termination Attempts: Min: 1, Avg: 103.0, Max: 136, Diff: 135, Sum: 824]
      [GC Worker Other (ms): Min: 0.0, Avg: 0.0, Max: 0.0, Diff: 0.0, Sum: 0.1]
      [GC Worker Total (ms): Min: 181.2, Avg: 181.3, Max: 181.4, Diff: 0.1, Sum: 1450.4]
      [GC Worker End (ms): Min: 77698.3, Avg: 77698.3, Max: 77698.3, Diff: 0.0]
   [Code Root Fixup: 0.0 ms]
   [Code Root Purge: 0.0 ms]
   [Clear CT: 0.2 ms]
   [Other: 1.0 ms]
      [Choose CSet: 0.0 ms]
      [Ref Proc: 0.2 ms]
      [Ref Enq: 0.0 ms]
      [Redirty Cards: 0.3 ms]
      [Humongous Register: 0.0 ms]
      [Humongous Reclaim: 0.0 ms]
      [Free CSet: 0.3 ms]
   [Eden: 338.0M(338.0M)->0.0B(319.0M) Survivors: 42.0M->48.0M Heap: 793.5M(2048.0M)->796.0M(2048.0M)]
 [Times: user=1.49 sys=0.00, real=0.19 secs] 
2020-09-29T11:57:31.572+0200: 77.872: [GC pause (G1 Evacuation Pause) (young), 0.1829597 secs]
   [Parallel Time: 181.8 ms, GC Workers: 8]
      [GC Worker Start (ms): Min: 77872.4, Avg: 77872.5, Max: 77872.6, Diff: 0.2]
      [Ext Root Scanning (ms): Min: 0.0, Avg: 0.1, Max: 0.1, Diff: 0.1, Sum: 0.5]
      [Update RS (ms): Min: 18.9, Avg: 18.9, Max: 19.1, Diff: 0.3, Sum: 151.6]
         [Processed Buffers: Min: 21, Avg: 23.5, Max: 26, Diff: 5, Sum: 188]
      [Scan RS (ms): Min: 16.3, Avg: 16.5, Max: 16.7, Diff: 0.4, Sum: 131.9]
      [Code Root Scanning (ms): Min: 0.0, Avg: 0.0, Max: 0.0, Diff: 0.0, Sum: 0.0]
      [Object Copy (ms): Min: 145.8, Avg: 146.0, Max: 146.1, Diff: 0.4, Sum: 1167.8]
      [Termination (ms): Min: 0.0, Avg: 0.2, Max: 0.2, Diff: 0.2, Sum: 1.2]
         [Termination Attempts: Min: 1, Avg: 1009.4, Max: 1393, Diff: 1392, Sum: 8075]
      [GC Worker Other (ms): Min: 0.0, Avg: 0.0, Max: 0.1, Diff: 0.0, Sum: 0.3]
      [GC Worker Total (ms): Min: 181.6, Avg: 181.6, Max: 181.7, Diff: 0.1, Sum: 1453.2]
      [GC Worker End (ms): Min: 78054.1, Avg: 78054.2, Max: 78054.2, Diff: 0.0]
   [Code Root Fixup: 0.0 ms]
   [Code Root Purge: 0.0 ms]
   [Clear CT: 0.3 ms]
   [Other: 0.8 ms]
      [Choose CSet: 0.0 ms]
      [Ref Proc: 0.2 ms]
      [Ref Enq: 0.0 ms]
      [Redirty Cards: 0.3 ms]
      [Humongous Register: 0.0 ms]
      [Humongous Reclaim: 0.0 ms]
      [Free CSet: 0.2 ms]
   [Eden: 319.0M(319.0M)->0.0B(316.0M) Survivors: 48.0M->46.0M Heap: 1168.4M(2048.0M)->1170.4M(2048.0M)]
 [Times: user=1.34 sys=0.02, real=0.18 secs] 
2020-09-29T11:57:31.762+0200: 78.062: [GC pause (G1 Humongous Allocation) (young) (initial-mark), 0.0666510 secs]
   [Parallel Time: 65.9 ms, GC Workers: 8]
      [GC Worker Start (ms): Min: 78062.6, Avg: 78062.6, Max: 78062.7, Diff: 0.2]
      [Ext Root Scanning (ms): Min: 0.0, Avg: 1.1, Max: 7.8, Diff: 7.8, Sum: 8.7]
      [Update RS (ms): Min: 32.5, Avg: 39.2, Max: 40.6, Diff: 8.1, Sum: 313.3]
         [Processed Buffers: Min: 40, Avg: 50.9, Max: 54, Diff: 14, Sum: 407]
      [Scan RS (ms): Min: 2.4, Avg: 3.0, Max: 4.4, Diff: 2.1, Sum: 24.2]
      [Code Root Scanning (ms): Min: 0.0, Avg: 0.0, Max: 0.0, Diff: 0.0, Sum: 0.0]
      [Object Copy (ms): Min: 21.1, Avg: 22.4, Max: 22.6, Diff: 1.5, Sum: 179.3]
      [Termination (ms): Min: 0.0, Avg: 0.0, Max: 0.0, Diff: 0.0, Sum: 0.3]
         [Termination Attempts: Min: 1, Avg: 251.6, Max: 327, Diff: 326, Sum: 2013]
      [GC Worker Other (ms): Min: 0.0, Avg: 0.0, Max: 0.0, Diff: 0.0, Sum: 0.1]
      [GC Worker Total (ms): Min: 65.6, Avg: 65.7, Max: 65.8, Diff: 0.2, Sum: 525.9]
      [GC Worker End (ms): Min: 78128.4, Avg: 78128.4, Max: 78128.4, Diff: 0.0]
   [Code Root Fixup: 0.0 ms]
   [Code Root Purge: 0.0 ms]
   [Clear CT: 0.1 ms]
   [Other: 0.6 ms]
      [Choose CSet: 0.0 ms]
      [Ref Proc: 0.2 ms]
      [Ref Enq: 0.0 ms]
      [Redirty Cards: 0.2 ms]
      [Humongous Register: 0.0 ms]
      [Humongous Reclaim: 0.0 ms]
      [Free CSet: 0.1 ms]
   [Eden: 7168.0K(316.0M)->0.0B(326.0M) Survivors: 46.0M->9216.0K Heap: 1177.4M(2048.0M)->1181.4M(2048.0M)]
 [Times: user=0.48 sys=0.00, real=0.07 secs] 
2020-09-29T11:57:31.828+0200: 78.129: [GC concurrent-root-region-scan-start]
2020-09-29T11:57:31.830+0200: 78.131: [GC concurrent-root-region-scan-end, 0.0019785 secs]
2020-09-29T11:57:31.830+0200: 78.131: [GC concurrent-mark-start]
2020-09-29T11:57:31.833+0200: 78.134: [GC concurrent-mark-end, 0.0028551 secs]
2020-09-29T11:57:31.833+0200: 78.134: [GC remark 2020-09-29T11:57:31.834+0200: 78.134: [Finalize Marking, 0.0001288 secs] 2020-09-29T11:57:31.834+0200: 78.134: [GC ref-proc, 0.0003061 secs] 2020-09-29T11:57:31.834+0200: 78.135: [Unloading, 0.0003981 secs], 0.0011428 secs]
 [Times: user=0.00 sys=0.00, real=0.00 secs] 
2020-09-29T11:57:31.835+0200: 78.136: [GC cleanup 1194M->30M(2048M), 0.0009752 secs]
 [Times: user=0.00 sys=0.00, real=0.00 secs] 
2020-09-29T11:57:31.836+0200: 78.137: [GC concurrent-cleanup-start]
2020-09-29T11:57:31.838+0200: 78.139: [GC concurrent-cleanup-end, 0.0017885 secs]
2020-09-29T11:57:31.991+0200: 78.292: [GC pause (G1 Evacuation Pause) (young), 0.1594183 secs]
   [Parallel Time: 157.9 ms, GC Workers: 8]
      [GC Worker Start (ms): Min: 78292.3, Avg: 78292.4, Max: 78292.5, Diff: 0.2]
      [Ext Root Scanning (ms): Min: 0.0, Avg: 0.1, Max: 0.2, Diff: 0.2, Sum: 0.5]
      [Update RS (ms): Min: 20.8, Avg: 20.8, Max: 21.0, Diff: 0.2, Sum: 166.6]
         [Processed Buffers: Min: 23, Avg: 25.3, Max: 28, Diff: 5, Sum: 202]
      [Scan RS (ms): Min: 12.1, Avg: 12.4, Max: 12.5, Diff: 0.4, Sum: 98.9]
      [Code Root Scanning (ms): Min: 0.0, Avg: 0.0, Max: 0.0, Diff: 0.0, Sum: 0.0]
      [Object Copy (ms): Min: 124.2, Avg: 124.4, Max: 124.4, Diff: 0.2, Sum: 995.0]
      [Termination (ms): Min: 0.0, Avg: 0.0, Max: 0.1, Diff: 0.1, Sum: 0.3]
         [Termination Attempts: Min: 1, Avg: 312.5, Max: 455, Diff: 454, Sum: 2500]
      [GC Worker Other (ms): Min: 0.0, Avg: 0.0, Max: 0.1, Diff: 0.1, Sum: 0.3]
      [GC Worker Total (ms): Min: 157.7, Avg: 157.7, Max: 157.8, Diff: 0.1, Sum: 1261.8]
      [GC Worker End (ms): Min: 78450.1, Avg: 78450.1, Max: 78450.1, Diff: 0.1]
   [Code Root Fixup: 0.0 ms]
   [Code Root Purge: 0.0 ms]
   [Clear CT: 0.4 ms]
   [Other: 1.1 ms]
      [Choose CSet: 0.0 ms]
      [Ref Proc: 0.3 ms]
      [Ref Enq: 0.0 ms]
      [Redirty Cards: 0.3 ms]
      [Humongous Register: 0.0 ms]
      [Humongous Reclaim: 0.0 ms]
      [Free CSet: 0.3 ms]
   [Eden: 326.0M(326.0M)->0.0B(328.0M) Survivors: 9216.0K->42.0M Heap: 399.3M(2048.0M)->391.8M(2048.0M)]
 [Times: user=1.25 sys=0.00, real=0.16 secs] 
2020-09-29T11:57:32.320+0200: 78.621: [GC pause (G1 Evacuation Pause) (young), 0.1821354 secs]
   [Parallel Time: 181.0 ms, GC Workers: 8]
      [GC Worker Start (ms): Min: 78621.0, Avg: 78621.2, Max: 78622.1, Diff: 1.2]
      [Ext Root Scanning (ms): Min: 0.0, Avg: 0.1, Max: 0.1, Diff: 0.1, Sum: 0.6]
      [Update RS (ms): Min: 14.4, Avg: 15.3, Max: 15.8, Diff: 1.4, Sum: 122.6]
         [Processed Buffers: Min: 17, Avg: 19.4, Max: 23, Diff: 6, Sum: 155]
      [Scan RS (ms): Min: 18.4, Avg: 18.7, Max: 20.2, Diff: 1.9, Sum: 149.3]
      [Code Root Scanning (ms): Min: 0.0, Avg: 0.0, Max: 0.0, Diff: 0.0, Sum: 0.0]
      [Object Copy (ms): Min: 144.6, Avg: 146.4, Max: 146.8, Diff: 2.3, Sum: 1171.5]
      [Termination (ms): Min: 0.0, Avg: 0.1, Max: 0.1, Diff: 0.1, Sum: 0.5]
         [Termination Attempts: Min: 1, Avg: 459.9, Max: 623, Diff: 622, Sum: 3679]
      [GC Worker Other (ms): Min: 0.0, Avg: 0.1, Max: 0.1, Diff: 0.1, Sum: 0.4]
      [GC Worker Total (ms): Min: 179.6, Avg: 180.6, Max: 180.8, Diff: 1.2, Sum: 1445.0]
      [GC Worker End (ms): Min: 78801.7, Avg: 78801.8, Max: 78801.8, Diff: 0.1]
   [Code Root Fixup: 0.0 ms]
   [Code Root Purge: 0.0 ms]
   [Clear CT: 0.2 ms]
   [Other: 1.0 ms]
      [Choose CSet: 0.0 ms]
      [Ref Proc: 0.2 ms]
      [Ref Enq: 0.0 ms]
      [Redirty Cards: 0.3 ms]
      [Humongous Register: 0.0 ms]
      [Humongous Reclaim: 0.0 ms]
      [Free CSet: 0.3 ms]
   [Eden: 328.0M(328.0M)->0.0B(314.0M) Survivors: 42.0M->47.0M Heap: 775.1M(2048.0M)->777.6M(2048.0M)]
 [Times: user=1.38 sys=0.00, real=0.18 secs] 
2020-09-29T11:57:32.664+0200: 78.964: [GC pause (G1 Evacuation Pause) (young), 0.1850710 secs]
   [Parallel Time: 183.6 ms, GC Workers: 8]
      [GC Worker Start (ms): Min: 78964.4, Avg: 78964.5, Max: 78964.6, Diff: 0.2]
      [Ext Root Scanning (ms): Min: 0.0, Avg: 0.1, Max: 0.2, Diff: 0.1, Sum: 0.5]
      [Update RS (ms): Min: 19.5, Avg: 19.8, Max: 20.0, Diff: 0.5, Sum: 158.1]
         [Processed Buffers: Min: 21, Avg: 23.9, Max: 26, Diff: 5, Sum: 191]
      [Scan RS (ms): Min: 16.0, Avg: 16.3, Max: 16.6, Diff: 0.6, Sum: 130.1]
      [Code Root Scanning (ms): Min: 0.0, Avg: 0.0, Max: 0.0, Diff: 0.0, Sum: 0.0]
      [Object Copy (ms): Min: 146.9, Avg: 147.1, Max: 147.2, Diff: 0.3, Sum: 1176.8]
      [Termination (ms): Min: 0.0, Avg: 0.2, Max: 0.4, Diff: 0.4, Sum: 1.7]
         [Termination Attempts: Min: 1, Avg: 1585.4, Max: 2348, Diff: 2347, Sum: 12683]
      [GC Worker Other (ms): Min: 0.0, Avg: 0.0, Max: 0.1, Diff: 0.1, Sum: 0.3]
      [GC Worker Total (ms): Min: 183.4, Avg: 183.4, Max: 183.5, Diff: 0.2, Sum: 1467.5]
      [GC Worker End (ms): Min: 79147.9, Avg: 79148.0, Max: 79148.0, Diff: 0.1]
   [Code Root Fixup: 0.0 ms]
   [Code Root Purge: 0.0 ms]
   [Clear CT: 0.5 ms]
   [Other: 0.9 ms]
      [Choose CSet: 0.0 ms]
      [Ref Proc: 0.2 ms]
      [Ref Enq: 0.0 ms]
      [Redirty Cards: 0.3 ms]
      [Humongous Register: 0.0 ms]
      [Humongous Reclaim: 0.0 ms]
      [Free CSet: 0.2 ms]
   [Eden: 314.0M(314.0M)->0.0B(307.0M) Survivors: 47.0M->46.0M Heap: 1143.1M(2048.0M)->1145.1M(2048.0M)]
 [Times: user=1.38 sys=0.02, real=0.18 secs] 
2020-09-29T11:57:32.854+0200: 79.155: [GC pause (G1 Humongous Allocation) (young) (initial-mark), 0.0630402 secs]
   [Parallel Time: 62.1 ms, GC Workers: 8]
      [GC Worker Start (ms): Min: 79154.8, Avg: 79154.9, Max: 79155.0, Diff: 0.1]
      [Ext Root Scanning (ms): Min: 0.0, Avg: 0.2, Max: 0.7, Diff: 0.7, Sum: 1.6]
      [Update RS (ms): Min: 39.8, Avg: 40.0, Max: 40.6, Diff: 0.8, Sum: 320.1]
         [Processed Buffers: Min: 50, Avg: 53.1, Max: 56, Diff: 6, Sum: 425]
      [Scan RS (ms): Min: 1.5, Avg: 2.0, Max: 2.3, Diff: 0.8, Sum: 16.2]
      [Code Root Scanning (ms): Min: 0.0, Avg: 0.0, Max: 0.0, Diff: 0.0, Sum: 0.0]
      [Object Copy (ms): Min: 19.6, Avg: 19.7, Max: 19.8, Diff: 0.2, Sum: 157.7]
      [Termination (ms): Min: 0.0, Avg: 0.0, Max: 0.0, Diff: 0.0, Sum: 0.1]
         [Termination Attempts: Min: 1, Avg: 96.4, Max: 120, Diff: 119, Sum: 771]
      [GC Worker Other (ms): Min: 0.0, Avg: 0.0, Max: 0.0, Diff: 0.0, Sum: 0.1]
      [GC Worker Total (ms): Min: 61.9, Avg: 62.0, Max: 62.1, Diff: 0.2, Sum: 495.9]
      [GC Worker End (ms): Min: 79216.9, Avg: 79216.9, Max: 79216.9, Diff: 0.0]
   [Code Root Fixup: 0.0 ms]
   [Code Root Purge: 0.0 ms]
   [Clear CT: 0.2 ms]
   [Other: 0.7 ms]
      [Choose CSet: 0.0 ms]
      [Ref Proc: 0.2 ms]
      [Ref Enq: 0.0 ms]
      [Redirty Cards: 0.2 ms]
      [Humongous Register: 0.0 ms]
      [Humongous Reclaim: 0.0 ms]
      [Free CSet: 0.1 ms]
   [Eden: 5120.0K(307.0M)->0.0B(340.0M) Survivors: 46.0M->7168.0K Heap: 1150.1M(2048.0M)->1154.1M(2048.0M)]
 [Times: user=0.50 sys=0.00, real=0.06 secs] 
2020-09-29T11:57:32.917+0200: 79.218: [GC concurrent-root-region-scan-start]
2020-09-29T11:57:32.919+0200: 79.219: [GC concurrent-root-region-scan-end, 0.0014101 secs]
2020-09-29T11:57:32.919+0200: 79.219: [GC concurrent-mark-start]
2020-09-29T11:57:32.921+0200: 79.222: [GC concurrent-mark-end, 0.0023842 secs]
2020-09-29T11:57:32.921+0200: 79.222: [GC remark 2020-09-29T11:57:32.921+0200: 79.222: [Finalize Marking, 0.0001671 secs] 2020-09-29T11:57:32.921+0200: 79.222: [GC ref-proc, 0.0002881 secs] 2020-09-29T11:57:32.922+0200: 79.222: [Unloading, 0.0003905 secs], 0.0011403 secs]
 [Times: user=0.00 sys=0.00, real=0.00 secs] 
2020-09-29T11:57:32.923+0200: 79.223: [GC cleanup 1164M->25M(2048M), 0.0014275 secs]
 [Times: user=0.00 sys=0.00, real=0.00 secs] 
2020-09-29T11:57:32.924+0200: 79.225: [GC concurrent-cleanup-start]
2020-09-29T11:57:32.925+0200: 79.226: [GC concurrent-cleanup-end, 0.0014142 secs]
2020-09-29T11:57:33.084+0200: 79.385: [GC pause (G1 Evacuation Pause) (young), 0.1617638 secs]
   [Parallel Time: 160.6 ms, GC Workers: 8]
      [GC Worker Start (ms): Min: 79384.7, Avg: 79384.8, Max: 79384.8, Diff: 0.2]
      [Ext Root Scanning (ms): Min: 0.0, Avg: 0.1, Max: 0.1, Diff: 0.1, Sum: 0.5]
      [Update RS (ms): Min: 21.8, Avg: 22.0, Max: 22.4, Diff: 0.5, Sum: 176.1]
         [Processed Buffers: Min: 26, Avg: 26.5, Max: 28, Diff: 2, Sum: 212]
      [Scan RS (ms): Min: 12.1, Avg: 12.5, Max: 12.7, Diff: 0.5, Sum: 99.9]
      [Code Root Scanning (ms): Min: 0.0, Avg: 0.0, Max: 0.0, Diff: 0.0, Sum: 0.0]
      [Object Copy (ms): Min: 125.7, Avg: 125.8, Max: 125.8, Diff: 0.2, Sum: 1006.1]
      [Termination (ms): Min: 0.0, Avg: 0.0, Max: 0.0, Diff: 0.0, Sum: 0.3]
         [Termination Attempts: Min: 1, Avg: 240.9, Max: 328, Diff: 327, Sum: 1927]
      [GC Worker Other (ms): Min: 0.0, Avg: 0.1, Max: 0.1, Diff: 0.1, Sum: 0.4]
      [GC Worker Total (ms): Min: 160.3, Avg: 160.4, Max: 160.5, Diff: 0.2, Sum: 1283.2]
      [GC Worker End (ms): Min: 79545.1, Avg: 79545.2, Max: 79545.2, Diff: 0.1]
   [Code Root Fixup: 0.0 ms]
   [Code Root Purge: 0.0 ms]
   [Clear CT: 0.2 ms]
   [Other: 0.9 ms]
      [Choose CSet: 0.0 ms]
      [Ref Proc: 0.2 ms]
      [Ref Enq: 0.0 ms]
      [Redirty Cards: 0.3 ms]
      [Humongous Register: 0.0 ms]
      [Humongous Reclaim: 0.0 ms]
      [Free CSet: 0.2 ms]
   [Eden: 340.0M(340.0M)->0.0B(328.0M) Survivors: 7168.0K->44.0M Heap: 412.7M(2048.0M)->407.7M(2048.0M)]
 [Times: user=1.25 sys=0.00, real=0.16 secs] 
2020-09-29T11:57:33.416+0200: 79.717: [GC pause (G1 Evacuation Pause) (young), 0.1826543 secs]
   [Parallel Time: 181.4 ms, GC Workers: 8]
      [GC Worker Start (ms): Min: 79717.1, Avg: 79717.3, Max: 79717.3, Diff: 0.2]
      [Ext Root Scanning (ms): Min: 0.0, Avg: 0.0, Max: 0.2, Diff: 0.2, Sum: 0.4]
      [Update RS (ms): Min: 16.6, Avg: 16.7, Max: 17.2, Diff: 0.6, Sum: 133.6]
         [Processed Buffers: Min: 18, Avg: 20.8, Max: 23, Diff: 5, Sum: 166]
      [Scan RS (ms): Min: 18.2, Avg: 18.8, Max: 19.0, Diff: 0.7, Sum: 150.1]
      [Code Root Scanning (ms): Min: 0.0, Avg: 0.0, Max: 0.0, Diff: 0.0, Sum: 0.0]
      [Object Copy (ms): Min: 145.5, Avg: 145.6, Max: 145.6, Diff: 0.2, Sum: 1164.6]
      [Termination (ms): Min: 0.0, Avg: 0.1, Max: 0.1, Diff: 0.1, Sum: 0.6]
         [Termination Attempts: Min: 1, Avg: 535.9, Max: 721, Diff: 720, Sum: 4287]
      [GC Worker Other (ms): Min: 0.0, Avg: 0.0, Max: 0.1, Diff: 0.0, Sum: 0.3]
      [GC Worker Total (ms): Min: 181.1, Avg: 181.2, Max: 181.3, Diff: 0.2, Sum: 1449.6]
      [GC Worker End (ms): Min: 79898.4, Avg: 79898.5, Max: 79898.5, Diff: 0.0]
   [Code Root Fixup: 0.0 ms]
   [Code Root Purge: 0.0 ms]
   [Clear CT: 0.2 ms]
   [Other: 1.0 ms]
      [Choose CSet: 0.0 ms]
      [Ref Proc: 0.2 ms]
      [Ref Enq: 0.0 ms]
      [Redirty Cards: 0.3 ms]
      [Humongous Register: 0.0 ms]
      [Humongous Reclaim: 0.0 ms]
      [Free CSet: 0.4 ms]
   [Eden: 328.0M(328.0M)->0.0B(315.0M) Survivors: 44.0M->47.0M Heap: 791.0M(2048.0M)->793.0M(2048.0M)]
 [Times: user=1.50 sys=0.00, real=0.18 secs] 
2020-09-29T11:57:33.757+0200: 80.058: [GC pause (G1 Evacuation Pause) (young), 0.1835355 secs]
   [Parallel Time: 182.3 ms, GC Workers: 8]
      [GC Worker Start (ms): Min: 80057.9, Avg: 80057.9, Max: 80058.0, Diff: 0.1]
      [Ext Root Scanning (ms): Min: 0.0, Avg: 0.1, Max: 0.2, Diff: 0.1, Sum: 0.6]
      [Update RS (ms): Min: 19.1, Avg: 19.4, Max: 19.8, Diff: 0.7, Sum: 155.1]
         [Processed Buffers: Min: 19, Avg: 20.4, Max: 21, Diff: 2, Sum: 163]
      [Scan RS (ms): Min: 18.1, Avg: 18.5, Max: 18.8, Diff: 0.8, Sum: 147.7]
      [Code Root Scanning (ms): Min: 0.0, Avg: 0.0, Max: 0.0, Diff: 0.0, Sum: 0.0]
      [Object Copy (ms): Min: 143.9, Avg: 144.0, Max: 144.0, Diff: 0.1, Sum: 1151.8]
      [Termination (ms): Min: 0.0, Avg: 0.1, Max: 0.1, Diff: 0.1, Sum: 0.8]
         [Termination Attempts: Min: 1, Avg: 680.1, Max: 808, Diff: 807, Sum: 5441]
      [GC Worker Other (ms): Min: 0.0, Avg: 0.0, Max: 0.1, Diff: 0.1, Sum: 0.3]
      [GC Worker Total (ms): Min: 182.0, Avg: 182.1, Max: 182.1, Diff: 0.1, Sum: 1456.4]
      [GC Worker End (ms): Min: 80240.0, Avg: 80240.0, Max: 80240.0, Diff: 0.1]
   [Code Root Fixup: 0.0 ms]
   [Code Root Purge: 0.0 ms]
   [Clear CT: 0.2 ms]
   [Other: 1.1 ms]
      [Choose CSet: 0.0 ms]
      [Ref Proc: 0.1 ms]
      [Ref Enq: 0.0 ms]
      [Redirty Cards: 0.5 ms]
      [Humongous Register: 0.0 ms]
      [Humongous Reclaim: 0.0 ms]
      [Free CSet: 0.3 ms]
   [Eden: 315.0M(315.0M)->0.0B(304.0M) Survivors: 47.0M->46.0M Heap: 1159.5M(2048.0M)->1161.5M(2048.0M)]
 [Times: user=1.38 sys=0.00, real=0.18 secs] 
2020-09-29T11:57:33.941+0200: 80.242: [GC pause (G1 Humongous Allocation) (young) (initial-mark), 0.0714253 secs]
   [Parallel Time: 70.6 ms, GC Workers: 8]
      [GC Worker Start (ms): Min: 80242.4, Avg: 80242.4, Max: 80242.5, Diff: 0.1]
      [Ext Root Scanning (ms): Min: 0.0, Avg: 0.7, Max: 4.4, Diff: 4.4, Sum: 5.5]
      [Update RS (ms): Min: 43.1, Avg: 47.2, Max: 48.1, Diff: 4.9, Sum: 377.5]
         [Processed Buffers: Min: 58, Avg: 61.3, Max: 64, Diff: 6, Sum: 490]
      [Scan RS (ms): Min: 0.0, Avg: 0.0, Max: 0.0, Diff: 0.0, Sum: 0.0]
      [Code Root Scanning (ms): Min: 0.0, Avg: 0.0, Max: 0.0, Diff: 0.0, Sum: 0.0]
      [Object Copy (ms): Min: 22.1, Avg: 22.4, Max: 22.7, Diff: 0.6, Sum: 179.2]
      [Termination (ms): Min: 0.0, Avg: 0.1, Max: 0.1, Diff: 0.1, Sum: 0.7]
         [Termination Attempts: Min: 1, Avg: 589.4, Max: 701, Diff: 700, Sum: 4715]
      [GC Worker Other (ms): Min: 0.0, Avg: 0.0, Max: 0.0, Diff: 0.0, Sum: 0.1]
      [GC Worker Total (ms): Min: 70.3, Avg: 70.4, Max: 70.5, Diff: 0.2, Sum: 563.2]
      [GC Worker End (ms): Min: 80312.8, Avg: 80312.8, Max: 80312.8, Diff: 0.0]
   [Code Root Fixup: 0.0 ms]
   [Code Root Purge: 0.0 ms]
   [Clear CT: 0.1 ms]
   [Other: 0.7 ms]
      [Choose CSet: 0.0 ms]
      [Ref Proc: 0.2 ms]
      [Ref Enq: 0.0 ms]
      [Redirty Cards: 0.1 ms]
      [Humongous Register: 0.0 ms]
      [Humongous Reclaim: 0.0 ms]
      [Free CSet: 0.0 ms]
   [Eden: 2048.0K(304.0M)->0.0B(316.0M) Survivors: 46.0M->3072.0K Heap: 1163.0M(2048.0M)->1166.5M(2048.0M)]
 [Times: user=0.52 sys=0.00, real=0.07 secs] 
2020-09-29T11:57:34.013+0200: 80.314: [GC concurrent-root-region-scan-start]
2020-09-29T11:57:34.014+0200: 80.314: [GC concurrent-root-region-scan-end, 0.0006437 secs]
2020-09-29T11:57:34.014+0200: 80.314: [GC concurrent-mark-start]
2020-09-29T11:57:34.017+0200: 80.318: [GC concurrent-mark-end, 0.0036032 secs]
2020-09-29T11:57:34.017+0200: 80.318: [GC remark 2020-09-29T11:57:34.017+0200: 80.318: [Finalize Marking, 0.0002418 secs] 2020-09-29T11:57:34.018+0200: 80.318: [GC ref-proc, 0.0002902 secs] 2020-09-29T11:57:34.018+0200: 80.319: [Unloading, 0.0004481 secs], 0.0012659 secs]
 [Times: user=0.00 sys=0.00, real=0.00 secs] 
2020-09-29T11:57:34.019+0200: 80.320: [GC cleanup 1177M->22M(2048M), 0.0011364 secs]
 [Times: user=0.09 sys=0.00, real=0.00 secs] 
2020-09-29T11:57:34.020+0200: 80.321: [GC concurrent-cleanup-start]
2020-09-29T11:57:34.022+0200: 80.322: [GC concurrent-cleanup-end, 0.0015107 secs]
2020-09-29T11:57:34.174+0200: 80.475: [GC pause (G1 Evacuation Pause) (young), 0.1606477 secs]
   [Parallel Time: 159.5 ms, GC Workers: 8]
      [GC Worker Start (ms): Min: 80475.4, Avg: 80475.5, Max: 80475.6, Diff: 0.2]
      [Ext Root Scanning (ms): Min: 0.0, Avg: 0.0, Max: 0.2, Diff: 0.2, Sum: 0.4]
      [Update RS (ms): Min: 19.5, Avg: 19.6, Max: 19.8, Diff: 0.4, Sum: 156.8]
         [Processed Buffers: Min: 23, Avg: 24.0, Max: 27, Diff: 4, Sum: 192]
      [Scan RS (ms): Min: 11.1, Avg: 11.3, Max: 11.4, Diff: 0.3, Sum: 90.2]
      [Code Root Scanning (ms): Min: 0.0, Avg: 0.0, Max: 0.0, Diff: 0.0, Sum: 0.0]
      [Object Copy (ms): Min: 128.1, Avg: 128.2, Max: 128.3, Diff: 0.2, Sum: 1025.4]
      [Termination (ms): Min: 0.0, Avg: 0.2, Max: 0.2, Diff: 0.2, Sum: 1.3]
         [Termination Attempts: Min: 1, Avg: 1099.1, Max: 1369, Diff: 1368, Sum: 8793]
      [GC Worker Other (ms): Min: 0.0, Avg: 0.0, Max: 0.1, Diff: 0.1, Sum: 0.4]
      [GC Worker Total (ms): Min: 159.2, Avg: 159.3, Max: 159.4, Diff: 0.2, Sum: 1274.5]
      [GC Worker End (ms): Min: 80634.8, Avg: 80634.8, Max: 80634.8, Diff: 0.1]
   [Code Root Fixup: 0.0 ms]
   [Code Root Purge: 0.0 ms]
   [Clear CT: 0.2 ms]
   [Other: 1.0 ms]
      [Choose CSet: 0.0 ms]
      [Ref Proc: 0.2 ms]
      [Ref Enq: 0.0 ms]
      [Redirty Cards: 0.2 ms]
      [Humongous Register: 0.0 ms]
      [Humongous Reclaim: 0.0 ms]
      [Free CSet: 0.3 ms]
   [Eden: 316.0M(316.0M)->0.0B(299.0M) Survivors: 3072.0K->40.0M Heap: 381.4M(2048.0M)->379.9M(2048.0M)]
 [Times: user=1.36 sys=0.00, real=0.17 secs] 
2020-09-29T11:57:34.492+0200: 80.793: [GC pause (G1 Evacuation Pause) (young), 0.1630318 secs]
   [Parallel Time: 161.9 ms, GC Workers: 8]
      [GC Worker Start (ms): Min: 80793.5, Avg: 80793.6, Max: 80793.7, Diff: 0.2]
      [Ext Root Scanning (ms): Min: 0.0, Avg: 0.1, Max: 0.2, Diff: 0.2, Sum: 0.6]
      [Update RS (ms): Min: 19.0, Avg: 19.2, Max: 19.5, Diff: 0.5, Sum: 153.9]
         [Processed Buffers: Min: 21, Avg: 23.0, Max: 25, Diff: 4, Sum: 184]
      [Scan RS (ms): Min: 13.8, Avg: 14.1, Max: 14.3, Diff: 0.5, Sum: 112.8]
      [Code Root Scanning (ms): Min: 0.0, Avg: 0.0, Max: 0.0, Diff: 0.0, Sum: 0.0]
      [Object Copy (ms): Min: 128.0, Avg: 128.2, Max: 128.2, Diff: 0.2, Sum: 1025.3]
      [Termination (ms): Min: 0.0, Avg: 0.0, Max: 0.0, Diff: 0.0, Sum: 0.1]
         [Termination Attempts: Min: 1, Avg: 103.8, Max: 139, Diff: 138, Sum: 830]
      [GC Worker Other (ms): Min: 0.0, Avg: 0.0, Max: 0.1, Diff: 0.1, Sum: 0.4]
      [GC Worker Total (ms): Min: 161.6, Avg: 161.6, Max: 161.7, Diff: 0.2, Sum: 1293.0]
      [GC Worker End (ms): Min: 80955.2, Avg: 80955.3, Max: 80955.3, Diff: 0.1]
   [Code Root Fixup: 0.0 ms]
   [Code Root Purge: 0.0 ms]
   [Clear CT: 0.2 ms]
   [Other: 0.9 ms]
      [Choose CSet: 0.0 ms]
      [Ref Proc: 0.2 ms]
      [Ref Enq: 0.0 ms]
      [Redirty Cards: 0.3 ms]
      [Humongous Register: 0.1 ms]
      [Humongous Reclaim: 0.0 ms]
      [Free CSet: 0.2 ms]
   [Eden: 299.0M(299.0M)->0.0B(304.0M) Survivors: 40.0M->43.0M Heap: 728.5M(2048.0M)->730.0M(2048.0M)]
 [Times: user=1.25 sys=0.00, real=0.16 secs] 
2020-09-29T11:57:34.804+0200: 81.105: [GC pause (G1 Evacuation Pause) (young), 0.1707423 secs]
   [Parallel Time: 169.6 ms, GC Workers: 8]
      [GC Worker Start (ms): Min: 81105.5, Avg: 81105.6, Max: 81105.7, Diff: 0.2]
      [Ext Root Scanning (ms): Min: 0.0, Avg: 0.1, Max: 0.2, Diff: 0.2, Sum: 0.5]
      [Update RS (ms): Min: 22.1, Avg: 22.2, Max: 22.5, Diff: 0.4, Sum: 177.8]
         [Processed Buffers: Min: 24, Avg: 26.5, Max: 29, Diff: 5, Sum: 212]
      [Scan RS (ms): Min: 13.3, Avg: 13.7, Max: 14.0, Diff: 0.7, Sum: 109.4]
      [Code Root Scanning (ms): Min: 0.0, Avg: 0.0, Max: 0.0, Diff: 0.0, Sum: 0.0]
      [Object Copy (ms): Min: 132.9, Avg: 133.2, Max: 133.4, Diff: 0.5, Sum: 1065.7]
      [Termination (ms): Min: 0.0, Avg: 0.1, Max: 0.2, Diff: 0.2, Sum: 1.1]
         [Termination Attempts: Min: 1, Avg: 895.0, Max: 1210, Diff: 1209, Sum: 7160]
      [GC Worker Other (ms): Min: 0.0, Avg: 0.0, Max: 0.0, Diff: 0.0, Sum: 0.2]
      [GC Worker Total (ms): Min: 169.2, Avg: 169.3, Max: 169.5, Diff: 0.2, Sum: 1354.7]
      [GC Worker End (ms): Min: 81274.9, Avg: 81274.9, Max: 81275.0, Diff: 0.0]
   [Code Root Fixup: 0.0 ms]
   [Code Root Purge: 0.0 ms]
   [Clear CT: 0.2 ms]
   [Other: 0.9 ms]
      [Choose CSet: 0.0 ms]
      [Ref Proc: 0.1 ms]
      [Ref Enq: 0.0 ms]
      [Redirty Cards: 0.4 ms]
      [Humongous Register: 0.0 ms]
      [Humongous Reclaim: 0.0 ms]
      [Free CSet: 0.2 ms]
   [Eden: 304.0M(304.0M)->0.0B(308.0M) Survivors: 43.0M->44.0M Heap: 1085.5M(2048.0M)->1087.5M(2048.0M)]
 [Times: user=1.38 sys=0.00, real=0.17 secs] 
2020-09-29T11:57:34.981+0200: 81.282: [GC pause (G1 Humongous Allocation) (young) (initial-mark), 0.0590262 secs]
   [Parallel Time: 58.3 ms, GC Workers: 8]
      [GC Worker Start (ms): Min: 81282.4, Avg: 81282.5, Max: 81282.5, Diff: 0.1]
      [Ext Root Scanning (ms): Min: 0.0, Avg: 0.1, Max: 0.2, Diff: 0.1, Sum: 0.5]
      [Update RS (ms): Min: 37.0, Avg: 37.2, Max: 37.5, Diff: 0.5, Sum: 297.3]
         [Processed Buffers: Min: 45, Avg: 49.9, Max: 53, Diff: 8, Sum: 399]
      [Scan RS (ms): Min: 1.9, Avg: 2.3, Max: 2.4, Diff: 0.5, Sum: 18.5]
      [Code Root Scanning (ms): Min: 0.0, Avg: 0.0, Max: 0.0, Diff: 0.0, Sum: 0.0]
      [Object Copy (ms): Min: 18.5, Avg: 18.6, Max: 18.6, Diff: 0.1, Sum: 148.7]
      [Termination (ms): Min: 0.0, Avg: 0.0, Max: 0.0, Diff: 0.0, Sum: 0.0]
         [Termination Attempts: Min: 1, Avg: 17.5, Max: 26, Diff: 25, Sum: 140]
      [GC Worker Other (ms): Min: 0.0, Avg: 0.0, Max: 0.0, Diff: 0.0, Sum: 0.1]
      [GC Worker Total (ms): Min: 58.1, Avg: 58.1, Max: 58.2, Diff: 0.1, Sum: 465.2]
      [GC Worker End (ms): Min: 81340.6, Avg: 81340.6, Max: 81340.6, Diff: 0.0]
   [Code Root Fixup: 0.0 ms]
   [Code Root Purge: 0.0 ms]
   [Clear CT: 0.2 ms]
   [Other: 0.5 ms]
      [Choose CSet: 0.0 ms]
      [Ref Proc: 0.1 ms]
      [Ref Enq: 0.0 ms]
      [Redirty Cards: 0.1 ms]
      [Humongous Register: 0.0 ms]
      [Humongous Reclaim: 0.0 ms]
      [Free CSet: 0.1 ms]
   [Eden: 9216.0K(308.0M)->0.0B(353.0M) Survivors: 44.0M->11.0M Heap: 1096.0M(2048.0M)->1099.5M(2048.0M)]
 [Times: user=0.50 sys=0.00, real=0.06 secs] 
2020-09-29T11:57:35.041+0200: 81.341: [GC concurrent-root-region-scan-start]
2020-09-29T11:57:35.042+0200: 81.343: [GC concurrent-root-region-scan-end, 0.0014405 secs]
2020-09-29T11:57:35.042+0200: 81.343: [GC concurrent-mark-start]
2020-09-29T11:57:35.044+0200: 81.345: [GC concurrent-mark-end, 0.0021195 secs]
2020-09-29T11:57:35.044+0200: 81.345: [GC remark 2020-09-29T11:57:35.044+0200: 81.345: [Finalize Marking, 0.0001690 secs] 2020-09-29T11:57:35.044+0200: 81.345: [GC ref-proc, 0.0002601 secs] 2020-09-29T11:57:35.045+0200: 81.346: [Unloading, 0.0003968 secs], 0.0010801 secs]
 [Times: user=0.00 sys=0.00, real=0.00 secs] 
2020-09-29T11:57:35.046+0200: 81.346: [GC cleanup 1109M->29M(2048M), 0.0009757 secs]
 [Times: user=0.00 sys=0.00, real=0.00 secs] 
2020-09-29T11:57:35.047+0200: 81.347: [GC concurrent-cleanup-start]
2020-09-29T11:57:35.048+0200: 81.349: [GC concurrent-cleanup-end, 0.0012261 secs]
2020-09-29T11:57:35.215+0200: 81.516: [GC pause (G1 Evacuation Pause) (young), 0.1732193 secs]
   [Parallel Time: 172.0 ms, GC Workers: 8]
      [GC Worker Start (ms): Min: 81516.4, Avg: 81516.5, Max: 81516.6, Diff: 0.1]
      [Ext Root Scanning (ms): Min: 0.0, Avg: 0.1, Max: 0.1, Diff: 0.1, Sum: 0.5]
      [Update RS (ms): Min: 17.5, Avg: 17.6, Max: 18.0, Diff: 0.5, Sum: 141.0]
         [Processed Buffers: Min: 20, Avg: 21.0, Max: 23, Diff: 3, Sum: 168]
      [Scan RS (ms): Min: 15.8, Avg: 16.1, Max: 16.4, Diff: 0.6, Sum: 129.0]
      [Code Root Scanning (ms): Min: 0.0, Avg: 0.0, Max: 0.0, Diff: 0.0, Sum: 0.0]
      [Object Copy (ms): Min: 137.8, Avg: 137.8, Max: 137.8, Diff: 0.1, Sum: 1102.3]
      [Termination (ms): Min: 0.0, Avg: 0.1, Max: 0.2, Diff: 0.2, Sum: 1.1]
         [Termination Attempts: Min: 1, Avg: 896.4, Max: 1076, Diff: 1075, Sum: 7171]
      [GC Worker Other (ms): Min: 0.0, Avg: 0.0, Max: 0.1, Diff: 0.1, Sum: 0.3]
      [GC Worker Total (ms): Min: 171.7, Avg: 171.8, Max: 171.8, Diff: 0.1, Sum: 1374.3]
      [GC Worker End (ms): Min: 81688.3, Avg: 81688.3, Max: 81688.3, Diff: 0.1]
   [Code Root Fixup: 0.0 ms]
   [Code Root Purge: 0.0 ms]
   [Clear CT: 0.2 ms]
   [Other: 1.1 ms]
      [Choose CSet: 0.0 ms]
      [Ref Proc: 0.2 ms]
      [Ref Enq: 0.0 ms]
      [Redirty Cards: 0.3 ms]
      [Humongous Register: 0.0 ms]
      [Humongous Reclaim: 0.0 ms]
      [Free CSet: 0.3 ms]
   [Eden: 353.0M(353.0M)->0.0B(322.0M) Survivors: 11.0M->46.0M Heap: 431.6M(2048.0M)->422.6M(2048.0M)]
 [Times: user=1.34 sys=0.00, real=0.17 secs] 
2020-09-29T11:57:35.560+0200: 81.861: [GC pause (G1 Evacuation Pause) (young), 0.1738354 secs]
   [Parallel Time: 172.5 ms, GC Workers: 8]
      [GC Worker Start (ms): Min: 81860.8, Avg: 81860.9, Max: 81860.9, Diff: 0.2]
      [Ext Root Scanning (ms): Min: 0.0, Avg: 0.1, Max: 0.1, Diff: 0.1, Sum: 0.5]
      [Update RS (ms): Min: 17.5, Avg: 17.9, Max: 18.2, Diff: 0.7, Sum: 142.8]
         [Processed Buffers: Min: 20, Avg: 21.1, Max: 22, Diff: 2, Sum: 169]
      [Scan RS (ms): Min: 16.2, Avg: 16.6, Max: 16.9, Diff: 0.7, Sum: 132.5]
      [Code Root Scanning (ms): Min: 0.0, Avg: 0.0, Max: 0.0, Diff: 0.0, Sum: 0.0]
      [Object Copy (ms): Min: 137.7, Avg: 137.7, Max: 137.8, Diff: 0.1, Sum: 1101.8]
      [Termination (ms): Min: 0.0, Avg: 0.1, Max: 0.1, Diff: 0.1, Sum: 0.6]
         [Termination Attempts: Min: 1, Avg: 571.1, Max: 710, Diff: 709, Sum: 4569]
      [GC Worker Other (ms): Min: 0.0, Avg: 0.0, Max: 0.1, Diff: 0.1, Sum: 0.3]
      [GC Worker Total (ms): Min: 172.2, Avg: 172.3, Max: 172.4, Diff: 0.2, Sum: 1378.5]
      [GC Worker End (ms): Min: 82033.2, Avg: 82033.2, Max: 82033.2, Diff: 0.1]
   [Code Root Fixup: 0.0 ms]
   [Code Root Purge: 0.0 ms]
   [Clear CT: 0.3 ms]
   [Other: 1.0 ms]
      [Choose CSet: 0.0 ms]
      [Ref Proc: 0.2 ms]
      [Ref Enq: 0.0 ms]
      [Redirty Cards: 0.4 ms]
      [Humongous Register: 0.0 ms]
      [Humongous Reclaim: 0.0 ms]
      [Free CSet: 0.2 ms]
   [Eden: 322.0M(322.0M)->0.0B(320.0M) Survivors: 46.0M->46.0M Heap: 798.0M(2048.0M)->799.5M(2048.0M)]
 [Times: user=1.38 sys=0.00, real=0.17 secs] 
2020-09-29T11:57:35.889+0200: 82.190: [GC pause (G1 Evacuation Pause) (young), 0.1779851 secs]
   [Parallel Time: 176.8 ms, GC Workers: 8]
      [GC Worker Start (ms): Min: 82189.7, Avg: 82189.8, Max: 82189.8, Diff: 0.2]
      [Ext Root Scanning (ms): Min: 0.0, Avg: 0.1, Max: 0.2, Diff: 0.1, Sum: 0.5]
      [Update RS (ms): Min: 19.8, Avg: 20.1, Max: 20.5, Diff: 0.7, Sum: 160.7]
         [Processed Buffers: Min: 23, Avg: 24.0, Max: 25, Diff: 2, Sum: 192]
      [Scan RS (ms): Min: 15.3, Avg: 15.7, Max: 16.1, Diff: 0.8, Sum: 125.6]
      [Code Root Scanning (ms): Min: 0.0, Avg: 0.0, Max: 0.0, Diff: 0.0, Sum: 0.0]
      [Object Copy (ms): Min: 140.6, Avg: 140.7, Max: 140.8, Diff: 0.2, Sum: 1125.7]
      [Termination (ms): Min: 0.0, Avg: 0.0, Max: 0.0, Diff: 0.0, Sum: 0.3]
         [Termination Attempts: Min: 1, Avg: 220.5, Max: 275, Diff: 274, Sum: 1764]
      [GC Worker Other (ms): Min: 0.0, Avg: 0.0, Max: 0.1, Diff: 0.0, Sum: 0.3]
      [GC Worker Total (ms): Min: 176.6, Avg: 176.6, Max: 176.7, Diff: 0.1, Sum: 1413.1]
      [GC Worker End (ms): Min: 82366.4, Avg: 82366.4, Max: 82366.4, Diff: 0.1]
   [Code Root Fixup: 0.0 ms]
   [Code Root Purge: 0.0 ms]
   [Clear CT: 0.3 ms]
   [Other: 0.8 ms]
      [Choose CSet: 0.0 ms]
      [Ref Proc: 0.2 ms]
      [Ref Enq: 0.0 ms]
      [Redirty Cards: 0.3 ms]
      [Humongous Register: 0.0 ms]
      [Humongous Reclaim: 0.0 ms]
      [Free CSet: 0.2 ms]
   [Eden: 320.0M(320.0M)->0.0B(318.0M) Survivors: 46.0M->46.0M Heap: 1172.9M(2048.0M)->1174.9M(2048.0M)]
 [Times: user=1.39 sys=0.00, real=0.18 secs] 
2020-09-29T11:57:36.074+0200: 82.375: [GC pause (G1 Humongous Allocation) (young) (initial-mark), 0.0589503 secs]
   [Parallel Time: 57.9 ms, GC Workers: 8]
      [GC Worker Start (ms): Min: 82375.5, Avg: 82375.6, Max: 82375.6, Diff: 0.2]
      [Ext Root Scanning (ms): Min: 0.0, Avg: 0.1, Max: 0.2, Diff: 0.2, Sum: 0.6]
      [Update RS (ms): Min: 35.5, Avg: 35.8, Max: 36.3, Diff: 0.8, Sum: 286.1]
         [Processed Buffers: Min: 43, Avg: 47.9, Max: 53, Diff: 10, Sum: 383]
      [Scan RS (ms): Min: 2.3, Avg: 2.8, Max: 3.0, Diff: 0.7, Sum: 22.7]
      [Code Root Scanning (ms): Min: 0.0, Avg: 0.0, Max: 0.0, Diff: 0.0, Sum: 0.0]
      [Object Copy (ms): Min: 19.0, Avg: 19.0, Max: 19.0, Diff: 0.0, Sum: 152.2]
      [Termination (ms): Min: 0.0, Avg: 0.0, Max: 0.0, Diff: 0.0, Sum: 0.2]
         [Termination Attempts: Min: 1, Avg: 178.1, Max: 257, Diff: 256, Sum: 1425]
      [GC Worker Other (ms): Min: 0.0, Avg: 0.0, Max: 0.0, Diff: 0.0, Sum: 0.1]
      [GC Worker Total (ms): Min: 57.7, Avg: 57.7, Max: 57.8, Diff: 0.2, Sum: 461.8]
      [GC Worker End (ms): Min: 82433.3, Avg: 82433.3, Max: 82433.3, Diff: 0.0]
   [Code Root Fixup: 0.0 ms]
   [Code Root Purge: 0.0 ms]
   [Clear CT: 0.1 ms]
   [Other: 0.9 ms]
      [Choose CSet: 0.0 ms]
      [Ref Proc: 0.3 ms]
      [Ref Enq: 0.0 ms]
      [Redirty Cards: 0.4 ms]
      [Humongous Register: 0.0 ms]
      [Humongous Reclaim: 0.0 ms]
      [Free CSet: 0.1 ms]
   [Eden: 1024.0K(318.0M)->0.0B(332.0M) Survivors: 46.0M->2048.0K Heap: 1175.9M(2048.0M)->1177.9M(2048.0M)]
 [Times: user=0.50 sys=0.00, real=0.06 secs] 
2020-09-29T11:57:36.134+0200: 82.434: [GC concurrent-root-region-scan-start]
2020-09-29T11:57:36.136+0200: 82.437: [GC concurrent-root-region-scan-end, 0.0024191 secs]
2020-09-29T11:57:36.136+0200: 82.437: [GC concurrent-mark-start]
2020-09-29T11:57:36.141+0200: 82.442: [GC concurrent-mark-end, 0.0045781 secs]
2020-09-29T11:57:36.141+0200: 82.442: [GC remark 2020-09-29T11:57:36.141+0200: 82.442: [Finalize Marking, 0.0003427 secs] 2020-09-29T11:57:36.141+0200: 82.442: [GC ref-proc, 0.0004763 secs] 2020-09-29T11:57:36.142+0200: 82.443: [Unloading, 0.0006409 secs], 0.0018616 secs]
 [Times: user=0.00 sys=0.00, real=0.00 secs] 
2020-09-29T11:57:36.143+0200: 82.444: [GC cleanup 1189M->22M(2048M), 0.0015503 secs]
 [Times: user=0.13 sys=0.00, real=0.00 secs] 
2020-09-29T11:57:36.145+0200: 82.446: [GC concurrent-cleanup-start]
2020-09-29T11:57:36.148+0200: 82.448: [GC concurrent-cleanup-end, 0.0024827 secs]
2020-09-29T11:57:36.405+0200: 82.706: [GC pause (G1 Evacuation Pause) (young), 0.3223605 secs]
   [Parallel Time: 320.7 ms, GC Workers: 8]
      [GC Worker Start (ms): Min: 82706.3, Avg: 82706.5, Max: 82706.6, Diff: 0.3]
      [Ext Root Scanning (ms): Min: 0.0, Avg: 0.1, Max: 0.2, Diff: 0.2, Sum: 0.7]
      [Update RS (ms): Min: 33.1, Avg: 33.3, Max: 34.0, Diff: 0.9, Sum: 266.1]
         [Processed Buffers: Min: 20, Avg: 24.3, Max: 28, Diff: 8, Sum: 194]
      [Scan RS (ms): Min: 25.6, Avg: 26.9, Max: 30.6, Diff: 5.0, Sum: 214.8]
      [Code Root Scanning (ms): Min: 0.0, Avg: 0.0, Max: 0.0, Diff: 0.0, Sum: 0.0]
      [Object Copy (ms): Min: 256.3, Avg: 260.1, Max: 260.8, Diff: 4.5, Sum: 2080.6]
      [Termination (ms): Min: 0.0, Avg: 0.1, Max: 0.1, Diff: 0.1, Sum: 0.5]
         [Termination Attempts: Min: 1, Avg: 242.3, Max: 296, Diff: 295, Sum: 1938]
      [GC Worker Other (ms): Min: 0.0, Avg: 0.1, Max: 0.1, Diff: 0.1, Sum: 0.5]
      [GC Worker Total (ms): Min: 320.3, Avg: 320.4, Max: 320.6, Diff: 0.4, Sum: 2563.3]
      [GC Worker End (ms): Min: 83026.8, Avg: 83026.9, Max: 83026.9, Diff: 0.1]
   [Code Root Fixup: 0.0 ms]
   [Code Root Purge: 0.0 ms]
   [Clear CT: 0.3 ms]
   [Other: 1.4 ms]
      [Choose CSet: 0.0 ms]
      [Ref Proc: 0.2 ms]
      [Ref Enq: 0.0 ms]
      [Redirty Cards: 0.4 ms]
      [Humongous Register: 0.1 ms]
      [Humongous Reclaim: 0.0 ms]
      [Free CSet: 0.4 ms]
   [Eden: 332.0M(332.0M)->0.0B(183.0M) Survivors: 2048.0K->42.0M Heap: 399.7M(2048.0M)->399.2M(2048.0M)]
 [Times: user=2.59 sys=0.00, real=0.32 secs] 
2020-09-29T11:57:36.890+0200: 83.191: [GC pause (G1 Evacuation Pause) (young), 0.1928068 secs]
   [Parallel Time: 191.3 ms, GC Workers: 8]
      [GC Worker Start (ms): Min: 83191.2, Avg: 83191.3, Max: 83191.4, Diff: 0.2]
      [Ext Root Scanning (ms): Min: 0.0, Avg: 0.1, Max: 0.2, Diff: 0.2, Sum: 0.8]
      [Update RS (ms): Min: 29.2, Avg: 30.0, Max: 30.4, Diff: 1.2, Sum: 240.0]
         [Processed Buffers: Min: 19, Avg: 21.1, Max: 23, Diff: 4, Sum: 169]
      [Scan RS (ms): Min: 10.9, Avg: 11.3, Max: 12.1, Diff: 1.2, Sum: 90.3]
      [Code Root Scanning (ms): Min: 0.0, Avg: 0.0, Max: 0.0, Diff: 0.0, Sum: 0.0]
      [Object Copy (ms): Min: 149.5, Avg: 149.5, Max: 149.6, Diff: 0.1, Sum: 1196.3]
      [Termination (ms): Min: 0.0, Avg: 0.0, Max: 0.0, Diff: 0.0, Sum: 0.0]
         [Termination Attempts: Min: 1, Avg: 13.0, Max: 17, Diff: 16, Sum: 104]
      [GC Worker Other (ms): Min: 0.0, Avg: 0.0, Max: 0.1, Diff: 0.0, Sum: 0.3]
      [GC Worker Total (ms): Min: 190.9, Avg: 191.0, Max: 191.1, Diff: 0.2, Sum: 1527.8]
      [GC Worker End (ms): Min: 83382.2, Avg: 83382.2, Max: 83382.3, Diff: 0.0]
   [Code Root Fixup: 0.0 ms]
   [Code Root Purge: 0.0 ms]
   [Clear CT: 0.4 ms]
   [Other: 1.1 ms]
      [Choose CSet: 0.0 ms]
      [Ref Proc: 0.3 ms]
      [Ref Enq: 0.0 ms]
      [Redirty Cards: 0.4 ms]
      [Humongous Register: 0.1 ms]
      [Humongous Reclaim: 0.0 ms]
      [Free CSet: 0.2 ms]
   [Eden: 183.0M(183.0M)->0.0B(174.0M) Survivors: 42.0M->29.0M Heap: 610.8M(2048.0M)->613.3M(2048.0M)]
 [Times: user=1.50 sys=0.02, real=0.20 secs] 
2020-09-29T11:57:37.230+0200: 83.531: [GC pause (G1 Evacuation Pause) (young), 0.1767297 secs]
   [Parallel Time: 175.3 ms, GC Workers: 8]
      [GC Worker Start (ms): Min: 83531.3, Avg: 83531.4, Max: 83531.5, Diff: 0.3]
      [Ext Root Scanning (ms): Min: 0.0, Avg: 0.1, Max: 0.2, Diff: 0.2, Sum: 0.7]
      [Update RS (ms): Min: 23.3, Avg: 23.4, Max: 23.5, Diff: 0.2, Sum: 186.8]
         [Processed Buffers: Min: 17, Avg: 18.3, Max: 21, Diff: 4, Sum: 146]
      [Scan RS (ms): Min: 11.7, Avg: 11.8, Max: 11.9, Diff: 0.3, Sum: 94.8]
      [Code Root Scanning (ms): Min: 0.0, Avg: 0.0, Max: 0.0, Diff: 0.0, Sum: 0.0]
      [Object Copy (ms): Min: 139.3, Avg: 139.4, Max: 139.6, Diff: 0.2, Sum: 1115.3]
      [Termination (ms): Min: 0.0, Avg: 0.2, Max: 0.3, Diff: 0.3, Sum: 1.6]
         [Termination Attempts: Min: 1, Avg: 792.9, Max: 973, Diff: 972, Sum: 6343]
      [GC Worker Other (ms): Min: 0.0, Avg: 0.0, Max: 0.1, Diff: 0.1, Sum: 0.3]
      [GC Worker Total (ms): Min: 174.8, Avg: 174.9, Max: 175.1, Diff: 0.3, Sum: 1399.6]
      [GC Worker End (ms): Min: 83706.3, Avg: 83706.4, Max: 83706.4, Diff: 0.1]
   [Code Root Fixup: 0.0 ms]
   [Code Root Purge: 0.0 ms]
   [Clear CT: 0.3 ms]
   [Other: 1.1 ms]
      [Choose CSet: 0.0 ms]
      [Ref Proc: 0.2 ms]
      [Ref Enq: 0.0 ms]
      [Redirty Cards: 0.4 ms]
      [Humongous Register: 0.1 ms]
      [Humongous Reclaim: 0.0 ms]
      [Free CSet: 0.2 ms]
   [Eden: 174.0M(174.0M)->0.0B(171.0M) Survivors: 29.0M->26.0M Heap: 817.8M(2048.0M)->819.8M(2048.0M)]
 [Times: user=1.38 sys=0.00, real=0.18 secs] 
2020-09-29T11:57:37.555+0200: 83.856: [GC pause (G1 Evacuation Pause) (young), 0.1579540 secs]
   [Parallel Time: 155.9 ms, GC Workers: 8]
      [GC Worker Start (ms): Min: 83855.9, Avg: 83856.0, Max: 83856.1, Diff: 0.2]
      [Ext Root Scanning (ms): Min: 0.0, Avg: 0.1, Max: 0.2, Diff: 0.2, Sum: 0.7]
      [Update RS (ms): Min: 17.5, Avg: 17.8, Max: 18.8, Diff: 1.3, Sum: 142.6]
         [Processed Buffers: Min: 12, Avg: 14.4, Max: 18, Diff: 6, Sum: 115]
      [Scan RS (ms): Min: 12.2, Avg: 13.2, Max: 13.5, Diff: 1.3, Sum: 105.7]
      [Code Root Scanning (ms): Min: 0.0, Avg: 0.0, Max: 0.0, Diff: 0.0, Sum: 0.0]
      [Object Copy (ms): Min: 124.4, Avg: 124.5, Max: 124.6, Diff: 0.2, Sum: 996.0]
      [Termination (ms): Min: 0.0, Avg: 0.0, Max: 0.0, Diff: 0.0, Sum: 0.2]
         [Termination Attempts: Min: 1, Avg: 94.8, Max: 138, Diff: 137, Sum: 758]
      [GC Worker Other (ms): Min: 0.0, Avg: 0.0, Max: 0.1, Diff: 0.1, Sum: 0.3]
      [GC Worker Total (ms): Min: 155.6, Avg: 155.7, Max: 155.8, Diff: 0.2, Sum: 1245.6]
      [GC Worker End (ms): Min: 84011.7, Avg: 84011.7, Max: 84011.7, Diff: 0.1]
   [Code Root Fixup: 0.0 ms]
   [Code Root Purge: 0.0 ms]
   [Clear CT: 0.6 ms]
   [Other: 1.5 ms]
      [Choose CSet: 0.0 ms]
      [Ref Proc: 0.3 ms]
      [Ref Enq: 0.0 ms]
      [Redirty Cards: 0.7 ms]
      [Humongous Register: 0.1 ms]
      [Humongous Reclaim: 0.0 ms]
      [Free CSet: 0.2 ms]
   [Eden: 171.0M(171.0M)->0.0B(177.0M) Survivors: 26.0M->25.0M Heap: 1019.5M(2048.0M)->1021.5M(2048.0M)]
 [Times: user=1.25 sys=0.00, real=0.16 secs] 
2020-09-29T11:57:37.721+0200: 84.022: [GC pause (G1 Humongous Allocation) (young) (initial-mark), 0.0627392 secs]
   [Parallel Time: 61.5 ms, GC Workers: 8]
      [GC Worker Start (ms): Min: 84022.2, Avg: 84022.3, Max: 84022.4, Diff: 0.2]
      [Ext Root Scanning (ms): Min: 0.0, Avg: 0.1, Max: 0.2, Diff: 0.2, Sum: 0.8]
      [Update RS (ms): Min: 34.5, Avg: 34.6, Max: 35.0, Diff: 0.5, Sum: 277.1]
         [Processed Buffers: Min: 25, Avg: 27.6, Max: 30, Diff: 5, Sum: 221]
      [Scan RS (ms): Min: 2.1, Avg: 2.5, Max: 2.7, Diff: 0.6, Sum: 19.8]
      [Code Root Scanning (ms): Min: 0.0, Avg: 0.0, Max: 0.0, Diff: 0.0, Sum: 0.0]
      [Object Copy (ms): Min: 24.0, Avg: 24.1, Max: 24.1, Diff: 0.1, Sum: 192.5]
      [Termination (ms): Min: 0.0, Avg: 0.0, Max: 0.0, Diff: 0.0, Sum: 0.2]
         [Termination Attempts: Min: 1, Avg: 93.3, Max: 119, Diff: 118, Sum: 746]
      [GC Worker Other (ms): Min: 0.0, Avg: 0.0, Max: 0.0, Diff: 0.0, Sum: 0.2]
      [GC Worker Total (ms): Min: 61.2, Avg: 61.3, Max: 61.5, Diff: 0.2, Sum: 490.6]
      [GC Worker End (ms): Min: 84083.6, Avg: 84083.6, Max: 84083.7, Diff: 0.0]
   [Code Root Fixup: 0.0 ms]
   [Code Root Purge: 0.0 ms]
   [Clear CT: 0.3 ms]
   [Other: 0.9 ms]
      [Choose CSet: 0.0 ms]
      [Ref Proc: 0.3 ms]
      [Ref Enq: 0.0 ms]
      [Redirty Cards: 0.3 ms]
      [Humongous Register: 0.0 ms]
      [Humongous Reclaim: 0.0 ms]
      [Free CSet: 0.1 ms]
   [Eden: 10.0M(177.0M)->0.0B(198.0M) Survivors: 25.0M->12.0M Heap: 1031.5M(2048.0M)->1035.5M(2048.0M)]
 [Times: user=0.50 sys=0.00, real=0.06 secs] 
2020-09-29T11:57:37.784+0200: 84.085: [GC concurrent-root-region-scan-start]
2020-09-29T11:57:37.787+0200: 84.088: [GC concurrent-root-region-scan-end, 0.0029791 secs]
2020-09-29T11:57:37.787+0200: 84.088: [GC concurrent-mark-start]
2020-09-29T11:57:37.790+0200: 84.091: [GC concurrent-mark-end, 0.0032876 secs]
2020-09-29T11:57:37.791+0200: 84.092: [GC remark 2020-09-29T11:57:37.791+0200: 84.092: [Finalize Marking, 0.0003009 secs] 2020-09-29T11:57:37.791+0200: 84.092: [GC ref-proc, 0.0004353 secs] 2020-09-29T11:57:37.791+0200: 84.092: [Unloading, 0.0008137 secs], 0.0019871 secs]
 [Times: user=0.00 sys=0.00, real=0.00 secs] 
2020-09-29T11:57:37.793+0200: 84.094: [GC cleanup 1046M->31M(2048M), 0.0019192 secs]
 [Times: user=0.00 sys=0.00, real=0.00 secs] 
2020-09-29T11:57:37.795+0200: 84.096: [GC concurrent-cleanup-start]
2020-09-29T11:57:37.799+0200: 84.101: [GC concurrent-cleanup-end, 0.0043498 secs]
2020-09-29T11:57:37.949+0200: 84.250: [GC pause (G1 Evacuation Pause) (young), 0.1651405 secs]
   [Parallel Time: 163.5 ms, GC Workers: 8]
      [GC Worker Start (ms): Min: 84250.0, Avg: 84250.1, Max: 84250.2, Diff: 0.2]
      [Ext Root Scanning (ms): Min: 0.0, Avg: 0.1, Max: 0.2, Diff: 0.2, Sum: 0.7]
      [Update RS (ms): Min: 17.0, Avg: 17.3, Max: 18.3, Diff: 1.3, Sum: 138.6]
         [Processed Buffers: Min: 12, Avg: 13.8, Max: 16, Diff: 4, Sum: 110]
      [Scan RS (ms): Min: 12.4, Avg: 13.4, Max: 13.8, Diff: 1.3, Sum: 107.5]
      [Code Root Scanning (ms): Min: 0.0, Avg: 0.0, Max: 0.0, Diff: 0.0, Sum: 0.0]
      [Object Copy (ms): Min: 132.1, Avg: 132.2, Max: 132.3, Diff: 0.2, Sum: 1057.8]
      [Termination (ms): Min: 0.0, Avg: 0.1, Max: 0.1, Diff: 0.1, Sum: 0.4]
         [Termination Attempts: Min: 1, Avg: 213.1, Max: 295, Diff: 294, Sum: 1705]
      [GC Worker Other (ms): Min: 0.0, Avg: 0.0, Max: 0.1, Diff: 0.1, Sum: 0.3]
      [GC Worker Total (ms): Min: 163.1, Avg: 163.2, Max: 163.3, Diff: 0.2, Sum: 1305.5]
      [GC Worker End (ms): Min: 84413.3, Avg: 84413.3, Max: 84413.3, Diff: 0.1]
   [Code Root Fixup: 0.0 ms]
   [Code Root Purge: 0.0 ms]
   [Clear CT: 0.6 ms]
   [Other: 1.0 ms]
      [Choose CSet: 0.0 ms]
      [Ref Proc: 0.3 ms]
      [Ref Enq: 0.0 ms]
      [Redirty Cards: 0.2 ms]
      [Humongous Register: 0.1 ms]
      [Humongous Reclaim: 0.0 ms]
      [Free CSet: 0.2 ms]
   [Eden: 198.0M(198.0M)->0.0B(187.0M) Survivors: 12.0M->27.0M Heap: 253.3M(2048.0M)->242.8M(2048.0M)]
 [Times: user=1.31 sys=0.00, real=0.17 secs] 
2020-09-29T11:57:38.265+0200: 84.565: [GC pause (G1 Evacuation Pause) (young), 0.2038212 secs]
   [Parallel Time: 201.8 ms, GC Workers: 8]
      [GC Worker Start (ms): Min: 84565.4, Avg: 84565.6, Max: 84566.2, Diff: 0.7]
      [Ext Root Scanning (ms): Min: 0.0, Avg: 0.1, Max: 0.2, Diff: 0.2, Sum: 0.9]
      [Update RS (ms): Min: 23.7, Avg: 24.2, Max: 24.9, Diff: 1.2, Sum: 193.8]
         [Processed Buffers: Min: 2, Avg: 15.6, Max: 19, Diff: 17, Sum: 125]
      [Scan RS (ms): Min: 14.1, Avg: 14.6, Max: 14.9, Diff: 0.8, Sum: 117.0]
      [Code Root Scanning (ms): Min: 0.0, Avg: 0.0, Max: 0.0, Diff: 0.0, Sum: 0.0]
      [Object Copy (ms): Min: 162.4, Avg: 162.5, Max: 162.5, Diff: 0.1, Sum: 1299.7]
      [Termination (ms): Min: 0.0, Avg: 0.1, Max: 0.1, Diff: 0.1, Sum: 0.6]
         [Termination Attempts: Min: 1, Avg: 263.0, Max: 335, Diff: 334, Sum: 2104]
      [GC Worker Other (ms): Min: 0.0, Avg: 0.1, Max: 0.1, Diff: 0.1, Sum: 0.4]
      [GC Worker Total (ms): Min: 200.9, Avg: 201.5, Max: 201.7, Diff: 0.8, Sum: 1612.3]
      [GC Worker End (ms): Min: 84767.1, Avg: 84767.1, Max: 84767.2, Diff: 0.1]
   [Code Root Fixup: 0.0 ms]
   [Code Root Purge: 0.0 ms]
   [Clear CT: 0.3 ms]
   [Other: 1.7 ms]
      [Choose CSet: 0.0 ms]
      [Ref Proc: 0.4 ms]
      [Ref Enq: 0.0 ms]
      [Redirty Cards: 0.8 ms]
      [Humongous Register: 0.0 ms]
      [Humongous Reclaim: 0.0 ms]
      [Free CSet: 0.2 ms]
   [Eden: 187.0M(187.0M)->0.0B(170.0M) Survivors: 27.0M->27.0M Heap: 460.4M(2048.0M)->462.9M(2048.0M)]
 [Times: user=1.56 sys=0.00, real=0.21 secs] 
2020-09-29T11:57:38.612+0200: 84.913: [GC pause (G1 Evacuation Pause) (young), 0.1628987 secs]
   [Parallel Time: 161.3 ms, GC Workers: 8]
      [GC Worker Start (ms): Min: 84912.8, Avg: 84912.9, Max: 84913.0, Diff: 0.2]
      [Ext Root Scanning (ms): Min: 0.0, Avg: 0.1, Max: 0.2, Diff: 0.2, Sum: 0.7]
      [Update RS (ms): Min: 17.2, Avg: 17.5, Max: 17.8, Diff: 0.7, Sum: 139.7]
         [Processed Buffers: Min: 12, Avg: 13.4, Max: 16, Diff: 4, Sum: 107]
      [Scan RS (ms): Min: 13.1, Avg: 13.5, Max: 13.7, Diff: 0.6, Sum: 107.9]
      [Code Root Scanning (ms): Min: 0.0, Avg: 0.0, Max: 0.0, Diff: 0.0, Sum: 0.0]
      [Object Copy (ms): Min: 129.9, Avg: 129.9, Max: 130.0, Diff: 0.1, Sum: 1039.5]
      [Termination (ms): Min: 0.0, Avg: 0.0, Max: 0.1, Diff: 0.1, Sum: 0.4]
         [Termination Attempts: Min: 1, Avg: 196.0, Max: 283, Diff: 282, Sum: 1568]
      [GC Worker Other (ms): Min: 0.0, Avg: 0.0, Max: 0.1, Diff: 0.1, Sum: 0.3]
      [GC Worker Total (ms): Min: 161.0, Avg: 161.1, Max: 161.2, Diff: 0.2, Sum: 1288.6]
      [GC Worker End (ms): Min: 85074.0, Avg: 85074.0, Max: 85074.0, Diff: 0.1]
   [Code Root Fixup: 0.0 ms]
   [Code Root Purge: 0.0 ms]
   [Clear CT: 0.3 ms]
   [Other: 1.2 ms]
      [Choose CSet: 0.0 ms]
      [Ref Proc: 0.3 ms]
      [Ref Enq: 0.0 ms]
      [Redirty Cards: 0.5 ms]
      [Humongous Register: 0.1 ms]
      [Humongous Reclaim: 0.0 ms]
      [Free CSet: 0.2 ms]
   [Eden: 170.0M(170.0M)->0.0B(178.0M) Survivors: 27.0M->25.0M Heap: 661.5M(2048.0M)->664.0M(2048.0M)]
 [Times: user=1.38 sys=0.00, real=0.16 secs] 
2020-09-29T11:57:38.921+0200: 85.222: [GC pause (G1 Evacuation Pause) (young), 0.1708053 secs]
   [Parallel Time: 169.4 ms, GC Workers: 8]
      [GC Worker Start (ms): Min: 85221.8, Avg: 85221.9, Max: 85222.0, Diff: 0.2]
      [Ext Root Scanning (ms): Min: 0.0, Avg: 0.1, Max: 0.2, Diff: 0.2, Sum: 0.8]
      [Update RS (ms): Min: 18.4, Avg: 18.6, Max: 18.9, Diff: 0.5, Sum: 148.7]
         [Processed Buffers: Min: 13, Avg: 14.9, Max: 17, Diff: 4, Sum: 119]
      [Scan RS (ms): Min: 13.5, Avg: 13.7, Max: 13.8, Diff: 0.3, Sum: 109.4]
      [Code Root Scanning (ms): Min: 0.0, Avg: 0.0, Max: 0.0, Diff: 0.0, Sum: 0.0]
      [Object Copy (ms): Min: 136.5, Avg: 136.6, Max: 136.7, Diff: 0.2, Sum: 1092.7]
      [Termination (ms): Min: 0.0, Avg: 0.0, Max: 0.0, Diff: 0.0, Sum: 0.2]
         [Termination Attempts: Min: 1, Avg: 115.5, Max: 151, Diff: 150, Sum: 924]
      [GC Worker Other (ms): Min: 0.0, Avg: 0.0, Max: 0.1, Diff: 0.1, Sum: 0.3]
      [GC Worker Total (ms): Min: 168.9, Avg: 169.0, Max: 169.1, Diff: 0.2, Sum: 1352.2]
      [GC Worker End (ms): Min: 85390.9, Avg: 85390.9, Max: 85391.0, Diff: 0.1]
   [Code Root Fixup: 0.0 ms]
   [Code Root Purge: 0.0 ms]
   [Clear CT: 0.3 ms]
   [Other: 1.2 ms]
      [Choose CSet: 0.0 ms]
      [Ref Proc: 0.4 ms]
      [Ref Enq: 0.0 ms]
      [Redirty Cards: 0.3 ms]
      [Humongous Register: 0.1 ms]
      [Humongous Reclaim: 0.0 ms]
      [Free CSet: 0.2 ms]
   [Eden: 178.0M(178.0M)->0.0B(181.0M) Survivors: 25.0M->26.0M Heap: 872.5M(2048.0M)->874.5M(2048.0M)]
 [Times: user=1.38 sys=0.00, real=0.17 secs] 
2020-09-29T11:57:39.239+0200: 85.539: [GC pause (G1 Evacuation Pause) (young), 0.1652595 secs]
   [Parallel Time: 163.9 ms, GC Workers: 8]
      [GC Worker Start (ms): Min: 85539.2, Avg: 85539.3, Max: 85539.4, Diff: 0.3]
      [Ext Root Scanning (ms): Min: 0.0, Avg: 0.1, Max: 0.2, Diff: 0.2, Sum: 0.7]
      [Update RS (ms): Min: 20.3, Avg: 20.5, Max: 21.2, Diff: 0.9, Sum: 164.2]
         [Processed Buffers: Min: 14, Avg: 15.1, Max: 16, Diff: 2, Sum: 121]
      [Scan RS (ms): Min: 12.3, Avg: 13.0, Max: 13.3, Diff: 0.9, Sum: 104.3]
      [Code Root Scanning (ms): Min: 0.0, Avg: 0.0, Max: 0.0, Diff: 0.0, Sum: 0.0]
      [Object Copy (ms): Min: 129.6, Avg: 129.8, Max: 129.9, Diff: 0.3, Sum: 1038.4]
      [Termination (ms): Min: 0.0, Avg: 0.1, Max: 0.1, Diff: 0.1, Sum: 0.5]
         [Termination Attempts: Min: 1, Avg: 219.6, Max: 303, Diff: 302, Sum: 1757]
      [GC Worker Other (ms): Min: 0.0, Avg: 0.0, Max: 0.1, Diff: 0.0, Sum: 0.2]
      [GC Worker Total (ms): Min: 163.4, Avg: 163.5, Max: 163.7, Diff: 0.2, Sum: 1308.4]
      [GC Worker End (ms): Min: 85702.8, Avg: 85702.9, Max: 85702.9, Diff: 0.0]
   [Code Root Fixup: 0.0 ms]
   [Code Root Purge: 0.0 ms]
   [Clear CT: 0.2 ms]
   [Other: 1.1 ms]
      [Choose CSet: 0.0 ms]
      [Ref Proc: 0.2 ms]
      [Ref Enq: 0.0 ms]
      [Redirty Cards: 0.4 ms]
      [Humongous Register: 0.1 ms]
      [Humongous Reclaim: 0.0 ms]
      [Free CSet: 0.2 ms]
   [Eden: 181.0M(181.0M)->0.0B(188.0M) Survivors: 26.0M->26.0M Heap: 1084.1M(2048.0M)->1086.1M(2048.0M)]
 [Times: user=1.25 sys=0.00, real=0.16 secs] 
2020-09-29T11:57:39.413+0200: 85.713: [GC pause (G1 Humongous Allocation) (young) (initial-mark), 0.0696678 secs]
   [Parallel Time: 68.1 ms, GC Workers: 8]
      [GC Worker Start (ms): Min: 85713.7, Avg: 85713.8, Max: 85713.9, Diff: 0.2]
      [Ext Root Scanning (ms): Min: 0.0, Avg: 0.5, Max: 2.2, Diff: 2.2, Sum: 3.6]
      [Update RS (ms): Min: 36.8, Avg: 38.6, Max: 39.3, Diff: 2.5, Sum: 308.7]
         [Processed Buffers: Min: 10, Avg: 27.4, Max: 32, Diff: 22, Sum: 219]
      [Scan RS (ms): Min: 2.0, Avg: 2.5, Max: 2.9, Diff: 0.9, Sum: 20.1]
      [Code Root Scanning (ms): Min: 0.0, Avg: 0.0, Max: 0.0, Diff: 0.0, Sum: 0.0]
      [Object Copy (ms): Min: 26.0, Avg: 26.2, Max: 26.4, Diff: 0.4, Sum: 209.5]
      [Termination (ms): Min: 0.0, Avg: 0.2, Max: 0.2, Diff: 0.2, Sum: 1.4]
         [Termination Attempts: Min: 1, Avg: 700.0, Max: 864, Diff: 863, Sum: 5600]
      [GC Worker Other (ms): Min: 0.0, Avg: 0.0, Max: 0.0, Diff: 0.0, Sum: 0.2]
      [GC Worker Total (ms): Min: 67.8, Avg: 67.9, Max: 68.0, Diff: 0.2, Sum: 543.4]
      [GC Worker End (ms): Min: 85781.7, Avg: 85781.7, Max: 85781.7, Diff: 0.0]
   [Code Root Fixup: 0.0 ms]
   [Code Root Purge: 0.0 ms]
   [Clear CT: 0.6 ms]
   [Other: 1.0 ms]
      [Choose CSet: 0.0 ms]
      [Ref Proc: 0.4 ms]
      [Ref Enq: 0.0 ms]
      [Redirty Cards: 0.3 ms]
      [Humongous Register: 0.0 ms]
      [Humongous Reclaim: 0.0 ms]
      [Free CSet: 0.1 ms]
   [Eden: 2048.0K(188.0M)->0.0B(187.0M) Survivors: 26.0M->4096.0K Heap: 1088.1M(2048.0M)->1091.1M(2048.0M)]
 [Times: user=0.47 sys=0.00, real=0.07 secs] 
2020-09-29T11:57:39.483+0200: 85.783: [GC concurrent-root-region-scan-start]
2020-09-29T11:57:39.484+0200: 85.784: [GC concurrent-root-region-scan-end, 0.0010055 secs]
2020-09-29T11:57:39.484+0200: 85.784: [GC concurrent-mark-start]
2020-09-29T11:57:39.489+0200: 85.789: [GC concurrent-mark-end, 0.0049169 secs]
2020-09-29T11:57:39.489+0200: 85.790: [GC remark 2020-09-29T11:57:39.489+0200: 85.790: [Finalize Marking, 0.0002793 secs] 2020-09-29T11:57:39.490+0200: 85.790: [GC ref-proc, 0.0004384 secs] 2020-09-29T11:57:39.490+0200: 85.790: [Unloading, 0.0006564 secs], 0.0018067 secs]
 [Times: user=0.00 sys=0.00, real=0.00 secs] 
2020-09-29T11:57:39.492+0200: 85.792: [GC cleanup 1100M->22M(2048M), 0.0014588 secs]
 [Times: user=0.00 sys=0.00, real=0.00 secs] 
2020-09-29T11:57:39.493+0200: 85.794: [GC concurrent-cleanup-start]
2020-09-29T11:57:39.495+0200: 85.795: [GC concurrent-cleanup-end, 0.0018802 secs]
2020-09-29T11:57:39.636+0200: 85.936: [GC pause (G1 Evacuation Pause) (young), 0.1616620 secs]
   [Parallel Time: 159.9 ms, GC Workers: 8]
      [GC Worker Start (ms): Min: 85936.2, Avg: 85936.3, Max: 85936.4, Diff: 0.2]
      [Ext Root Scanning (ms): Min: 0.0, Avg: 0.1, Max: 0.2, Diff: 0.2, Sum: 0.8]
      [Update RS (ms): Min: 16.7, Avg: 16.7, Max: 16.9, Diff: 0.2, Sum: 134.0]
         [Processed Buffers: Min: 12, Avg: 13.4, Max: 15, Diff: 3, Sum: 107]
      [Scan RS (ms): Min: 12.1, Avg: 12.2, Max: 12.4, Diff: 0.3, Sum: 97.9]
      [Code Root Scanning (ms): Min: 0.0, Avg: 0.0, Max: 0.0, Diff: 0.0, Sum: 0.0]
      [Object Copy (ms): Min: 130.3, Avg: 130.4, Max: 130.4, Diff: 0.2, Sum: 1042.9]
      [Termination (ms): Min: 0.0, Avg: 0.1, Max: 0.1, Diff: 0.1, Sum: 0.6]
         [Termination Attempts: Min: 1, Avg: 307.5, Max: 448, Diff: 447, Sum: 2460]
      [GC Worker Other (ms): Min: 0.0, Avg: 0.0, Max: 0.1, Diff: 0.1, Sum: 0.3]
      [GC Worker Total (ms): Min: 159.5, Avg: 159.6, Max: 159.7, Diff: 0.2, Sum: 1276.5]
      [GC Worker End (ms): Min: 86095.9, Avg: 86095.9, Max: 86095.9, Diff: 0.1]
   [Code Root Fixup: 0.0 ms]
   [Code Root Purge: 0.0 ms]
   [Clear CT: 0.5 ms]
   [Other: 1.2 ms]
      [Choose CSet: 0.0 ms]
      [Ref Proc: 0.4 ms]
      [Ref Enq: 0.0 ms]
      [Redirty Cards: 0.3 ms]
      [Humongous Register: 0.0 ms]
      [Humongous Reclaim: 0.0 ms]
      [Free CSet: 0.2 ms]
   [Eden: 187.0M(187.0M)->0.0B(176.0M) Survivors: 4096.0K->24.0M Heap: 232.4M(2048.0M)->230.4M(2048.0M)]
 [Times: user=1.25 sys=0.00, real=0.16 secs] 
2020-09-29T11:57:39.947+0200: 86.247: [GC pause (G1 Evacuation Pause) (young), 0.1715135 secs]
   [Parallel Time: 170.0 ms, GC Workers: 8]
      [GC Worker Start (ms): Min: 86247.2, Avg: 86247.4, Max: 86247.5, Diff: 0.2]
      [Ext Root Scanning (ms): Min: 0.0, Avg: 0.1, Max: 0.2, Diff: 0.2, Sum: 0.7]
      [Update RS (ms): Min: 18.3, Avg: 18.6, Max: 19.1, Diff: 0.8, Sum: 148.8]
         [Processed Buffers: Min: 13, Avg: 14.1, Max: 16, Diff: 3, Sum: 113]
      [Scan RS (ms): Min: 12.7, Avg: 13.1, Max: 13.3, Diff: 0.5, Sum: 104.5]
      [Code Root Scanning (ms): Min: 0.0, Avg: 0.0, Max: 0.0, Diff: 0.0, Sum: 0.0]
      [Object Copy (ms): Min: 137.7, Avg: 137.9, Max: 138.0, Diff: 0.3, Sum: 1103.2]
      [Termination (ms): Min: 0.0, Avg: 0.0, Max: 0.0, Diff: 0.0, Sum: 0.2]
         [Termination Attempts: Min: 1, Avg: 109.4, Max: 159, Diff: 158, Sum: 875]
      [GC Worker Other (ms): Min: 0.0, Avg: 0.0, Max: 0.1, Diff: 0.1, Sum: 0.4]
      [GC Worker Total (ms): Min: 169.6, Avg: 169.7, Max: 169.8, Diff: 0.2, Sum: 1357.8]
      [GC Worker End (ms): Min: 86417.1, Avg: 86417.1, Max: 86417.1, Diff: 0.1]
   [Code Root Fixup: 0.0 ms]
   [Code Root Purge: 0.0 ms]
   [Clear CT: 0.5 ms]
   [Other: 1.1 ms]
      [Choose CSet: 0.0 ms]
      [Ref Proc: 0.2 ms]
      [Ref Enq: 0.0 ms]
      [Redirty Cards: 0.4 ms]
      [Humongous Register: 0.0 ms]
      [Humongous Reclaim: 0.0 ms]
      [Free CSet: 0.2 ms]
   [Eden: 176.0M(176.0M)->0.0B(178.0M) Survivors: 24.0M->25.0M Heap: 435.0M(2048.0M)->437.0M(2048.0M)]
 [Times: user=1.38 sys=0.00, real=0.17 secs] 
2020-09-29T11:57:40.262+0200: 86.563: [GC pause (G1 Evacuation Pause) (young), 0.1705523 secs]
   [Parallel Time: 169.1 ms, GC Workers: 8]
      [GC Worker Start (ms): Min: 86563.0, Avg: 86563.1, Max: 86563.2, Diff: 0.2]
      [Ext Root Scanning (ms): Min: 0.0, Avg: 0.1, Max: 0.2, Diff: 0.2, Sum: 0.8]
      [Update RS (ms): Min: 22.0, Avg: 22.1, Max: 22.4, Diff: 0.4, Sum: 176.8]
         [Processed Buffers: Min: 15, Avg: 16.6, Max: 20, Diff: 5, Sum: 133]
      [Scan RS (ms): Min: 12.4, Avg: 12.7, Max: 12.8, Diff: 0.5, Sum: 101.6]
      [Code Root Scanning (ms): Min: 0.0, Avg: 0.0, Max: 0.0, Diff: 0.0, Sum: 0.0]
      [Object Copy (ms): Min: 133.7, Avg: 133.8, Max: 133.9, Diff: 0.2, Sum: 1070.4]
      [Termination (ms): Min: 0.0, Avg: 0.1, Max: 0.1, Diff: 0.1, Sum: 0.9]
         [Termination Attempts: Min: 1, Avg: 256.4, Max: 341, Diff: 340, Sum: 2051]
      [GC Worker Other (ms): Min: 0.0, Avg: 0.0, Max: 0.0, Diff: 0.0, Sum: 0.1]
      [GC Worker Total (ms): Min: 168.7, Avg: 168.8, Max: 168.9, Diff: 0.2, Sum: 1350.7]
      [GC Worker End (ms): Min: 86731.9, Avg: 86731.9, Max: 86731.9, Diff: 0.0]
   [Code Root Fixup: 0.0 ms]
   [Code Root Purge: 0.0 ms]
   [Clear CT: 0.2 ms]
   [Other: 1.2 ms]
      [Choose CSet: 0.0 ms]
      [Ref Proc: 0.3 ms]
      [Ref Enq: 0.0 ms]
      [Redirty Cards: 0.3 ms]
      [Humongous Register: 0.1 ms]
      [Humongous Reclaim: 0.0 ms]
      [Free CSet: 0.2 ms]
   [Eden: 178.0M(178.0M)->0.0B(180.0M) Survivors: 25.0M->26.0M Heap: 645.6M(2048.0M)->647.1M(2048.0M)]
 [Times: user=1.38 sys=0.00, real=0.17 secs] 
2020-09-29T11:57:40.583+0200: 86.884: [GC pause (G1 Evacuation Pause) (young), 0.1759209 secs]
   [Parallel Time: 174.6 ms, GC Workers: 8]
      [GC Worker Start (ms): Min: 86883.8, Avg: 86883.9, Max: 86883.9, Diff: 0.2]
      [Ext Root Scanning (ms): Min: 0.0, Avg: 0.1, Max: 0.2, Diff: 0.2, Sum: 0.9]
      [Update RS (ms): Min: 24.8, Avg: 25.5, Max: 26.1, Diff: 1.4, Sum: 204.0]
         [Processed Buffers: Min: 17, Avg: 18.1, Max: 20, Diff: 3, Sum: 145]
      [Scan RS (ms): Min: 10.6, Avg: 11.2, Max: 12.0, Diff: 1.4, Sum: 89.6]
      [Code Root Scanning (ms): Min: 0.0, Avg: 0.0, Max: 0.0, Diff: 0.0, Sum: 0.0]
      [Object Copy (ms): Min: 137.3, Avg: 137.3, Max: 137.4, Diff: 0.1, Sum: 1098.7]
      [Termination (ms): Min: 0.0, Avg: 0.1, Max: 0.1, Diff: 0.1, Sum: 0.6]
         [Termination Attempts: Min: 1, Avg: 311.1, Max: 389, Diff: 388, Sum: 2489]
      [GC Worker Other (ms): Min: 0.0, Avg: 0.0, Max: 0.1, Diff: 0.1, Sum: 0.3]
      [GC Worker Total (ms): Min: 174.2, Avg: 174.3, Max: 174.4, Diff: 0.2, Sum: 1394.1]
      [GC Worker End (ms): Min: 87058.1, Avg: 87058.1, Max: 87058.1, Diff: 0.1]
   [Code Root Fixup: 0.0 ms]
   [Code Root Purge: 0.0 ms]
   [Clear CT: 0.3 ms]
   [Other: 1.0 ms]
      [Choose CSet: 0.0 ms]
      [Ref Proc: 0.3 ms]
      [Ref Enq: 0.0 ms]
      [Redirty Cards: 0.3 ms]
      [Humongous Register: 0.1 ms]
      [Humongous Reclaim: 0.0 ms]
      [Free CSet: 0.1 ms]
   [Eden: 180.0M(180.0M)->0.0B(183.0M) Survivors: 26.0M->26.0M Heap: 855.7M(2048.0M)->858.2M(2048.0M)]
 [Times: user=1.38 sys=0.00, real=0.18 secs] 
2020-09-29T11:57:40.913+0200: 87.213: [GC pause (G1 Evacuation Pause) (young), 0.1650648 secs]
   [Parallel Time: 163.0 ms, GC Workers: 8]
      [GC Worker Start (ms): Min: 87213.5, Avg: 87213.6, Max: 87213.7, Diff: 0.3]
      [Ext Root Scanning (ms): Min: 0.0, Avg: 0.1, Max: 0.2, Diff: 0.2, Sum: 0.7]
      [Update RS (ms): Min: 15.4, Avg: 15.8, Max: 16.4, Diff: 0.9, Sum: 126.6]
         [Processed Buffers: Min: 11, Avg: 11.6, Max: 12, Diff: 1, Sum: 93]
      [Scan RS (ms): Min: 14.6, Avg: 15.1, Max: 15.6, Diff: 1.0, Sum: 121.0]
      [Code Root Scanning (ms): Min: 0.0, Avg: 0.0, Max: 0.0, Diff: 0.0, Sum: 0.0]
      [Object Copy (ms): Min: 131.5, Avg: 131.6, Max: 131.7, Diff: 0.1, Sum: 1052.8]
      [Termination (ms): Min: 0.0, Avg: 0.0, Max: 0.0, Diff: 0.0, Sum: 0.0]
         [Termination Attempts: Min: 1, Avg: 9.4, Max: 13, Diff: 12, Sum: 75]
      [GC Worker Other (ms): Min: 0.0, Avg: 0.0, Max: 0.1, Diff: 0.1, Sum: 0.3]
      [GC Worker Total (ms): Min: 162.6, Avg: 162.7, Max: 162.8, Diff: 0.3, Sum: 1301.5]
      [GC Worker End (ms): Min: 87376.3, Avg: 87376.3, Max: 87376.3, Diff: 0.1]
   [Code Root Fixup: 0.0 ms]
   [Code Root Purge: 0.0 ms]
   [Clear CT: 0.7 ms]
   [Other: 1.3 ms]
      [Choose CSet: 0.0 ms]
      [Ref Proc: 0.4 ms]
      [Ref Enq: 0.0 ms]
      [Redirty Cards: 0.5 ms]
      [Humongous Register: 0.1 ms]
      [Humongous Reclaim: 0.0 ms]
      [Free CSet: 0.2 ms]
   [Eden: 183.0M(183.0M)->0.0B(187.0M) Survivors: 26.0M->27.0M Heap: 1071.7M(2048.0M)->1073.7M(2048.0M)]
 [Times: user=1.25 sys=0.00, real=0.16 secs] 
2020-09-29T11:57:41.083+0200: 87.383: [GC pause (G1 Humongous Allocation) (young) (initial-mark), 0.0596559 secs]
   [Parallel Time: 58.6 ms, GC Workers: 8]
      [GC Worker Start (ms): Min: 87383.5, Avg: 87383.6, Max: 87383.7, Diff: 0.2]
      [Ext Root Scanning (ms): Min: 0.0, Avg: 0.1, Max: 0.2, Diff: 0.2, Sum: 0.8]
      [Update RS (ms): Min: 38.2, Avg: 38.5, Max: 38.9, Diff: 0.6, Sum: 307.7]
         [Processed Buffers: Min: 30, Avg: 30.6, Max: 32, Diff: 2, Sum: 245]
      [Scan RS (ms): Min: 1.4, Avg: 1.9, Max: 2.5, Diff: 1.0, Sum: 14.8]
      [Code Root Scanning (ms): Min: 0.0, Avg: 0.0, Max: 0.0, Diff: 0.0, Sum: 0.0]
      [Object Copy (ms): Min: 17.5, Avg: 18.0, Max: 18.1, Diff: 0.6, Sum: 144.1]
      [Termination (ms): Min: 0.0, Avg: 0.0, Max: 0.0, Diff: 0.0, Sum: 0.2]
         [Termination Attempts: Min: 1, Avg: 93.1, Max: 122, Diff: 121, Sum: 745]
      [GC Worker Other (ms): Min: 0.0, Avg: 0.0, Max: 0.0, Diff: 0.0, Sum: 0.1]
      [GC Worker Total (ms): Min: 58.4, Avg: 58.5, Max: 58.6, Diff: 0.2, Sum: 467.8]
      [GC Worker End (ms): Min: 87442.1, Avg: 87442.1, Max: 87442.1, Diff: 0.0]
   [Code Root Fixup: 0.0 ms]
   [Code Root Purge: 0.0 ms]
   [Clear CT: 0.3 ms]
   [Other: 0.7 ms]
      [Choose CSet: 0.0 ms]
      [Ref Proc: 0.2 ms]
      [Ref Enq: 0.0 ms]
      [Redirty Cards: 0.2 ms]
      [Humongous Register: 0.0 ms]
      [Humongous Reclaim: 0.0 ms]
      [Free CSet: 0.1 ms]
   [Eden: 1024.0K(187.0M)->0.0B(235.0M) Survivors: 27.0M->1024.0K Heap: 1074.2M(2048.0M)->1076.2M(2048.0M)]
 [Times: user=0.38 sys=0.00, real=0.06 secs] 
2020-09-29T11:57:41.143+0200: 87.443: [GC concurrent-root-region-scan-start]
2020-09-29T11:57:41.143+0200: 87.443: [GC concurrent-root-region-scan-end, 0.0002133 secs]
2020-09-29T11:57:41.143+0200: 87.443: [GC concurrent-mark-start]
2020-09-29T11:57:41.146+0200: 87.447: [GC concurrent-mark-end, 0.0033502 secs]
2020-09-29T11:57:41.147+0200: 87.447: [GC remark 2020-09-29T11:57:41.147+0200: 87.447: [Finalize Marking, 0.0002271 secs] 2020-09-29T11:57:41.147+0200: 87.447: [GC ref-proc, 0.0004342 secs] 2020-09-29T11:57:41.147+0200: 87.448: [Unloading, 0.0006422 secs], 0.0017134 secs]
 [Times: user=0.00 sys=0.00, real=0.00 secs] 
2020-09-29T11:57:41.149+0200: 87.449: [GC cleanup 1083M->16M(2048M), 0.0038316 secs]
 [Times: user=0.00 sys=0.00, real=0.00 secs] 
2020-09-29T11:57:41.153+0200: 87.453: [GC concurrent-cleanup-start]
2020-09-29T11:57:41.155+0200: 87.456: [GC concurrent-cleanup-end, 0.0025935 secs]
2020-09-29T11:57:41.409+0200: 87.709: [GC pause (G1 Evacuation Pause) (young), 0.2704029 secs]
   [Parallel Time: 267.8 ms, GC Workers: 8]
      [GC Worker Start (ms): Min: 87709.4, Avg: 87709.6, Max: 87709.7, Diff: 0.3]
      [Ext Root Scanning (ms): Min: 0.0, Avg: 0.1, Max: 0.3, Diff: 0.3, Sum: 1.1]
      [Update RS (ms): Min: 24.4, Avg: 25.0, Max: 26.0, Diff: 1.6, Sum: 200.2]
         [Processed Buffers: Min: 12, Avg: 12.9, Max: 14, Diff: 2, Sum: 103]
      [Scan RS (ms): Min: 24.5, Avg: 26.7, Max: 34.7, Diff: 10.3, Sum: 213.3]
      [Code Root Scanning (ms): Min: 0.0, Avg: 0.0, Max: 0.0, Diff: 0.0, Sum: 0.0]
      [Object Copy (ms): Min: 207.5, Avg: 215.4, Max: 216.6, Diff: 9.1, Sum: 1723.1]
      [Termination (ms): Min: 0.0, Avg: 0.0, Max: 0.0, Diff: 0.0, Sum: 0.2]
         [Termination Attempts: Min: 1, Avg: 86.3, Max: 114, Diff: 113, Sum: 690]
      [GC Worker Other (ms): Min: 0.0, Avg: 0.1, Max: 0.1, Diff: 0.1, Sum: 0.4]
      [GC Worker Total (ms): Min: 267.2, Avg: 267.3, Max: 267.5, Diff: 0.3, Sum: 2138.3]
      [GC Worker End (ms): Min: 87976.9, Avg: 87976.9, Max: 87976.9, Diff: 0.1]
   [Code Root Fixup: 0.0 ms]
   [Code Root Purge: 0.0 ms]
   [Clear CT: 0.6 ms]
   [Other: 2.1 ms]
      [Choose CSet: 0.0 ms]
      [Ref Proc: 0.3 ms]
      [Ref Enq: 0.0 ms]
      [Redirty Cards: 1.2 ms]
      [Humongous Register: 0.1 ms]
      [Humongous Reclaim: 0.0 ms]
      [Free CSet: 0.2 ms]
   [Eden: 228.0M(228.0M)->0.0B(147.0M) Survivors: 1024.0K->29.0M Heap: 276.1M(2048.0M)->276.6M(2048.0M)]
 [Times: user=2.09 sys=0.00, real=0.27 secs] 
2020-09-29T11:57:41.867+0200: 88.168: [GC pause (G1 Evacuation Pause) (young), 0.2066033 secs]
   [Parallel Time: 203.7 ms, GC Workers: 8]
      [GC Worker Start (ms): Min: 88168.3, Avg: 88168.5, Max: 88168.6, Diff: 0.3]
      [Ext Root Scanning (ms): Min: 0.0, Avg: 0.1, Max: 0.3, Diff: 0.3, Sum: 1.1]
      [Update RS (ms): Min: 19.0, Avg: 19.6, Max: 20.2, Diff: 1.1, Sum: 157.1]
         [Processed Buffers: Min: 10, Avg: 10.4, Max: 13, Diff: 3, Sum: 83]
      [Scan RS (ms): Min: 17.8, Avg: 18.3, Max: 18.8, Diff: 1.0, Sum: 146.1]
      [Code Root Scanning (ms): Min: 0.0, Avg: 0.0, Max: 0.0, Diff: 0.0, Sum: 0.0]
      [Object Copy (ms): Min: 165.0, Avg: 165.1, Max: 165.2, Diff: 0.2, Sum: 1320.9]
      [Termination (ms): Min: 0.0, Avg: 0.0, Max: 0.0, Diff: 0.0, Sum: 0.1]
         [Termination Attempts: Min: 1, Avg: 20.3, Max: 35, Diff: 34, Sum: 162]
      [GC Worker Other (ms): Min: 0.0, Avg: 0.1, Max: 0.1, Diff: 0.1, Sum: 0.5]
      [GC Worker Total (ms): Min: 203.1, Avg: 203.2, Max: 203.5, Diff: 0.4, Sum: 1625.8]
      [GC Worker End (ms): Min: 88371.7, Avg: 88371.7, Max: 88371.7, Diff: 0.1]
   [Code Root Fixup: 0.0 ms]
   [Code Root Purge: 0.0 ms]
   [Clear CT: 1.2 ms]
   [Other: 1.7 ms]
      [Choose CSet: 0.0 ms]
      [Ref Proc: 0.3 ms]
      [Ref Enq: 0.0 ms]
      [Redirty Cards: 0.8 ms]
      [Humongous Register: 0.1 ms]
      [Humongous Reclaim: 0.0 ms]
      [Free CSet: 0.2 ms]
   [Eden: 147.0M(147.0M)->0.0B(134.0M) Survivors: 29.0M->22.0M Heap: 448.4M(2048.0M)->450.4M(2048.0M)]
 [Times: user=1.63 sys=0.00, real=0.21 secs] 
2020-09-29T11:57:42.240+0200: 88.541: [GC pause (G1 Evacuation Pause) (young), 0.1897793 secs]
   [Parallel Time: 187.7 ms, GC Workers: 8]
      [GC Worker Start (ms): Min: 88541.2, Avg: 88541.4, Max: 88541.5, Diff: 0.3]
      [Ext Root Scanning (ms): Min: 0.0, Avg: 0.1, Max: 0.3, Diff: 0.3, Sum: 1.1]
      [Update RS (ms): Min: 21.8, Avg: 22.2, Max: 23.5, Diff: 1.7, Sum: 177.7]
         [Processed Buffers: Min: 11, Avg: 12.1, Max: 15, Diff: 4, Sum: 97]
      [Scan RS (ms): Min: 12.6, Avg: 13.9, Max: 14.4, Diff: 1.8, Sum: 111.5]
      [Code Root Scanning (ms): Min: 0.0, Avg: 0.0, Max: 0.0, Diff: 0.0, Sum: 0.0]
      [Object Copy (ms): Min: 150.7, Avg: 150.9, Max: 150.9, Diff: 0.3, Sum: 1206.9]
      [Termination (ms): Min: 0.0, Avg: 0.2, Max: 0.2, Diff: 0.2, Sum: 1.2]
         [Termination Attempts: Min: 1, Avg: 423.1, Max: 598, Diff: 597, Sum: 3385]
      [GC Worker Other (ms): Min: 0.0, Avg: 0.1, Max: 0.1, Diff: 0.1, Sum: 0.5]
      [GC Worker Total (ms): Min: 187.2, Avg: 187.4, Max: 187.6, Diff: 0.4, Sum: 1498.9]
      [GC Worker End (ms): Min: 88728.7, Avg: 88728.7, Max: 88728.8, Diff: 0.1]
   [Code Root Fixup: 0.0 ms]
   [Code Root Purge: 0.0 ms]
   [Clear CT: 0.3 ms]
   [Other: 1.7 ms]
      [Choose CSet: 0.0 ms]
      [Ref Proc: 0.5 ms]
      [Ref Enq: 0.0 ms]
      [Redirty Cards: 0.5 ms]
      [Humongous Register: 0.1 ms]
      [Humongous Reclaim: 0.0 ms]
      [Free CSet: 0.3 ms]
   [Eden: 134.0M(134.0M)->0.0B(128.0M) Survivors: 22.0M->20.0M Heap: 607.3M(2048.0M)->609.3M(2048.0M)]
 [Times: user=1.47 sys=0.00, real=0.19 secs] 
2020-09-29T11:57:42.588+0200: 88.889: [GC pause (G1 Evacuation Pause) (young), 0.1785839 secs]
   [Parallel Time: 175.8 ms, GC Workers: 8]
      [GC Worker Start (ms): Min: 88889.3, Avg: 88889.4, Max: 88889.5, Diff: 0.3]
      [Ext Root Scanning (ms): Min: 0.0, Avg: 0.2, Max: 0.3, Diff: 0.2, Sum: 1.3]
      [Update RS (ms): Min: 21.2, Avg: 21.5, Max: 21.9, Diff: 0.7, Sum: 172.1]
         [Processed Buffers: Min: 11, Avg: 11.5, Max: 12, Diff: 1, Sum: 92]
      [Scan RS (ms): Min: 13.0, Avg: 13.5, Max: 13.7, Diff: 0.7, Sum: 107.7]
      [Code Root Scanning (ms): Min: 0.0, Avg: 0.0, Max: 0.0, Diff: 0.0, Sum: 0.0]
      [Object Copy (ms): Min: 140.0, Avg: 140.1, Max: 140.2, Diff: 0.2, Sum: 1120.7]
      [Termination (ms): Min: 0.0, Avg: 0.1, Max: 0.1, Diff: 0.1, Sum: 0.5]
         [Termination Attempts: Min: 1, Avg: 149.8, Max: 186, Diff: 185, Sum: 1198]
      [GC Worker Other (ms): Min: 0.0, Avg: 0.0, Max: 0.1, Diff: 0.1, Sum: 0.4]
      [GC Worker Total (ms): Min: 175.2, Avg: 175.3, Max: 175.4, Diff: 0.2, Sum: 1402.6]
      [GC Worker End (ms): Min: 89064.7, Avg: 89064.7, Max: 89064.8, Diff: 0.1]
   [Code Root Fixup: 0.0 ms]
   [Code Root Purge: 0.0 ms]
   [Clear CT: 0.9 ms]
   [Other: 1.9 ms]
      [Choose CSet: 0.0 ms]
      [Ref Proc: 0.7 ms]
      [Ref Enq: 0.0 ms]
      [Redirty Cards: 0.7 ms]
      [Humongous Register: 0.1 ms]
      [Humongous Reclaim: 0.0 ms]
      [Free CSet: 0.2 ms]
   [Eden: 128.0M(128.0M)->0.0B(127.0M) Survivors: 20.0M->19.0M Heap: 758.3M(2048.0M)->760.3M(2048.0M)]
 [Times: user=1.38 sys=0.00, real=0.18 secs] 
2020-09-29T11:57:42.915+0200: 89.216: [GC pause (G1 Evacuation Pause) (young), 0.1919642 secs]
   [Parallel Time: 190.0 ms, GC Workers: 8]
      [GC Worker Start (ms): Min: 89215.7, Avg: 89215.9, Max: 89216.1, Diff: 0.3]
      [Ext Root Scanning (ms): Min: 0.0, Avg: 0.1, Max: 0.3, Diff: 0.3, Sum: 1.0]
      [Update RS (ms): Min: 16.0, Avg: 17.0, Max: 20.3, Diff: 4.3, Sum: 135.9]
         [Processed Buffers: Min: 8, Avg: 9.1, Max: 11, Diff: 3, Sum: 73]
      [Scan RS (ms): Min: 11.5, Avg: 14.9, Max: 16.1, Diff: 4.6, Sum: 119.4]
      [Code Root Scanning (ms): Min: 0.0, Avg: 0.0, Max: 0.0, Diff: 0.0, Sum: 0.0]
      [Object Copy (ms): Min: 157.2, Avg: 157.4, Max: 157.5, Diff: 0.3, Sum: 1259.2]
      [Termination (ms): Min: 0.0, Avg: 0.0, Max: 0.0, Diff: 0.0, Sum: 0.1]
         [Termination Attempts: Min: 1, Avg: 32.1, Max: 48, Diff: 47, Sum: 257]
      [GC Worker Other (ms): Min: 0.0, Avg: 0.0, Max: 0.0, Diff: 0.0, Sum: 0.3]
      [GC Worker Total (ms): Min: 189.3, Avg: 189.5, Max: 189.7, Diff: 0.3, Sum: 1515.9]
      [GC Worker End (ms): Min: 89405.4, Avg: 89405.4, Max: 89405.4, Diff: 0.0]
   [Code Root Fixup: 0.0 ms]
   [Code Root Purge: 0.0 ms]
   [Clear CT: 0.5 ms]
   [Other: 1.5 ms]
      [Choose CSet: 0.0 ms]
      [Ref Proc: 0.5 ms]
      [Ref Enq: 0.0 ms]
      [Redirty Cards: 0.4 ms]
      [Humongous Register: 0.1 ms]
      [Humongous Reclaim: 0.0 ms]
      [Free CSet: 0.3 ms]
   [Eden: 127.0M(127.0M)->0.0B(120.0M) Survivors: 19.0M->19.0M Heap: 908.3M(2048.0M)->910.3M(2048.0M)]
 [Times: user=1.50 sys=0.00, real=0.19 secs] 
2020-09-29T11:57:43.252+0200: 89.552: [GC pause (G1 Evacuation Pause) (young), 0.1759669 secs]
   [Parallel Time: 173.7 ms, GC Workers: 8]
      [GC Worker Start (ms): Min: 89552.5, Avg: 89552.7, Max: 89552.8, Diff: 0.3]
      [Ext Root Scanning (ms): Min: 0.0, Avg: 0.2, Max: 0.3, Diff: 0.3, Sum: 1.2]
      [Update RS (ms): Min: 25.7, Avg: 25.9, Max: 26.3, Diff: 0.5, Sum: 206.9]
         [Processed Buffers: Min: 12, Avg: 14.3, Max: 16, Diff: 4, Sum: 114]
      [Scan RS (ms): Min: 9.9, Avg: 10.1, Max: 10.3, Diff: 0.4, Sum: 80.9]
      [Code Root Scanning (ms): Min: 0.0, Avg: 0.0, Max: 0.0, Diff: 0.0, Sum: 0.0]
      [Object Copy (ms): Min: 136.7, Avg: 136.8, Max: 136.9, Diff: 0.2, Sum: 1094.3]
      [Termination (ms): Min: 0.0, Avg: 0.0, Max: 0.0, Diff: 0.0, Sum: 0.1]
         [Termination Attempts: Min: 1, Avg: 45.6, Max: 64, Diff: 63, Sum: 365]
      [GC Worker Other (ms): Min: 0.0, Avg: 0.1, Max: 0.1, Diff: 0.1, Sum: 0.4]
      [GC Worker Total (ms): Min: 172.8, Avg: 173.0, Max: 173.2, Diff: 0.3, Sum: 1384.0]
      [GC Worker End (ms): Min: 89725.7, Avg: 89725.7, Max: 89725.7, Diff: 0.0]
   [Code Root Fixup: 0.0 ms]
   [Code Root Purge: 0.0 ms]
   [Clear CT: 0.6 ms]
   [Other: 1.6 ms]
      [Choose CSet: 0.0 ms]
      [Ref Proc: 0.5 ms]
      [Ref Enq: 0.0 ms]
      [Redirty Cards: 0.7 ms]
      [Humongous Register: 0.1 ms]
      [Humongous Reclaim: 0.0 ms]
      [Free CSet: 0.2 ms]
   [Eden: 120.0M(120.0M)->0.0B(123.0M) Survivors: 19.0M->18.0M Heap: 1051.3M(2048.0M)->1053.3M(2048.0M)]
 [Times: user=1.38 sys=0.00, real=0.18 secs] 
2020-09-29T11:57:43.446+0200: 89.747: [GC pause (G1 Humongous Allocation) (young) (initial-mark), 0.0677086 secs]
   [Parallel Time: 65.7 ms, GC Workers: 8]
      [GC Worker Start (ms): Min: 89746.7, Avg: 89746.9, Max: 89747.1, Diff: 0.4]
      [Ext Root Scanning (ms): Min: 0.0, Avg: 4.7, Max: 28.9, Diff: 28.9, Sum: 37.9]
      [Update RS (ms): Min: 4.1, Avg: 28.5, Max: 33.6, Diff: 29.6, Sum: 227.9]
         [Processed Buffers: Min: 3, Avg: 14.6, Max: 19, Diff: 16, Sum: 117]
      [Scan RS (ms): Min: 2.2, Avg: 2.9, Max: 3.4, Diff: 1.3, Sum: 23.3]
      [Code Root Scanning (ms): Min: 0.0, Avg: 0.0, Max: 0.0, Diff: 0.0, Sum: 0.0]
      [Object Copy (ms): Min: 29.0, Avg: 29.1, Max: 29.2, Diff: 0.2, Sum: 232.8]
      [Termination (ms): Min: 0.0, Avg: 0.0, Max: 0.0, Diff: 0.0, Sum: 0.2]
         [Termination Attempts: Min: 1, Avg: 75.5, Max: 105, Diff: 104, Sum: 604]
      [GC Worker Other (ms): Min: 0.0, Avg: 0.0, Max: 0.1, Diff: 0.0, Sum: 0.3]
      [GC Worker Total (ms): Min: 65.1, Avg: 65.3, Max: 65.5, Diff: 0.4, Sum: 522.4]
      [GC Worker End (ms): Min: 89812.2, Avg: 89812.2, Max: 89812.3, Diff: 0.0]
   [Code Root Fixup: 0.0 ms]
   [Code Root Purge: 0.0 ms]
   [Clear CT: 0.5 ms]
   [Other: 1.6 ms]
      [Choose CSet: 0.0 ms]
      [Ref Proc: 0.6 ms]
      [Ref Enq: 0.0 ms]
      [Redirty Cards: 0.6 ms]
      [Humongous Register: 0.0 ms]
      [Humongous Reclaim: 0.0 ms]
      [Free CSet: 0.1 ms]
   [Eden: 9216.0K(123.0M)->0.0B(132.0M) Survivors: 18.0M->12.0M Heap: 1062.3M(2048.0M)->1066.3M(2048.0M)]
 [Times: user=0.47 sys=0.00, real=0.07 secs] 
2020-09-29T11:57:43.514+0200: 89.815: [GC concurrent-root-region-scan-start]
2020-09-29T11:57:43.520+0200: 89.820: [GC concurrent-root-region-scan-end, 0.0053535 secs]
2020-09-29T11:57:43.520+0200: 89.820: [GC concurrent-mark-start]
2020-09-29T11:57:43.524+0200: 89.825: [GC concurrent-mark-end, 0.0047245 secs]
2020-09-29T11:57:43.525+0200: 89.825: [GC remark 2020-09-29T11:57:43.525+0200: 89.825: [Finalize Marking, 0.0004105 secs] 2020-09-29T11:57:43.525+0200: 89.826: [GC ref-proc, 0.0006372 secs] 2020-09-29T11:57:43.526+0200: 89.826: [Unloading, 0.0008256 secs], 0.0024411 secs]
 [Times: user=0.00 sys=0.00, real=0.00 secs] 
2020-09-29T11:57:43.528+0200: 89.828: [GC cleanup 1078M->32M(2048M), 0.0022890 secs]
 [Times: user=0.00 sys=0.00, real=0.00 secs] 
2020-09-29T11:57:43.530+0200: 89.831: [GC concurrent-cleanup-start]
2020-09-29T11:57:43.533+0200: 89.833: [GC concurrent-cleanup-end, 0.0026313 secs]
2020-09-29T11:57:43.675+0200: 89.975: [GC pause (G1 Evacuation Pause) (young), 0.1622566 secs]
   [Parallel Time: 159.9 ms, GC Workers: 8]
      [GC Worker Start (ms): Min: 89975.6, Avg: 89975.7, Max: 89975.8, Diff: 0.3]
      [Ext Root Scanning (ms): Min: 0.0, Avg: 0.1, Max: 0.3, Diff: 0.3, Sum: 1.2]
      [Update RS (ms): Min: 13.9, Avg: 14.2, Max: 15.7, Diff: 1.8, Sum: 113.6]
         [Processed Buffers: Min: 7, Avg: 8.3, Max: 9, Diff: 2, Sum: 66]
      [Scan RS (ms): Min: 12.1, Avg: 13.6, Max: 14.0, Diff: 1.9, Sum: 108.5]
      [Code Root Scanning (ms): Min: 0.0, Avg: 0.0, Max: 0.0, Diff: 0.0, Sum: 0.0]
      [Object Copy (ms): Min: 131.3, Avg: 131.4, Max: 131.4, Diff: 0.2, Sum: 1050.9]
      [Termination (ms): Min: 0.0, Avg: 0.1, Max: 0.1, Diff: 0.1, Sum: 0.7]
         [Termination Attempts: Min: 1, Avg: 220.1, Max: 274, Diff: 273, Sum: 1761]
      [GC Worker Other (ms): Min: 0.0, Avg: 0.1, Max: 0.1, Diff: 0.1, Sum: 0.4]
      [GC Worker Total (ms): Min: 159.3, Avg: 159.4, Max: 159.6, Diff: 0.3, Sum: 1275.3]
      [GC Worker End (ms): Min: 90135.1, Avg: 90135.1, Max: 90135.2, Diff: 0.1]
   [Code Root Fixup: 0.0 ms]
   [Code Root Purge: 0.0 ms]
   [Clear CT: 1.0 ms]
   [Other: 1.4 ms]
      [Choose CSet: 0.0 ms]
      [Ref Proc: 0.3 ms]
      [Ref Enq: 0.0 ms]
      [Redirty Cards: 0.5 ms]
      [Humongous Register: 0.1 ms]
      [Humongous Reclaim: 0.0 ms]
      [Free CSet: 0.3 ms]
   [Eden: 132.0M(132.0M)->0.0B(129.0M) Survivors: 12.0M->18.0M Heap: 175.4M(2048.0M)->166.4M(2048.0M)]
 [Times: user=1.38 sys=0.00, real=0.16 secs] 
2020-09-29T11:57:43.997+0200: 90.297: [GC pause (G1 Evacuation Pause) (young), 0.1828356 secs]
   [Parallel Time: 180.9 ms, GC Workers: 8]
      [GC Worker Start (ms): Min: 90297.3, Avg: 90297.5, Max: 90297.6, Diff: 0.3]
      [Ext Root Scanning (ms): Min: 0.0, Avg: 0.1, Max: 0.3, Diff: 0.3, Sum: 1.1]
      [Update RS (ms): Min: 18.4, Avg: 18.8, Max: 19.5, Diff: 1.1, Sum: 150.7]
         [Processed Buffers: Min: 9, Avg: 9.9, Max: 10, Diff: 1, Sum: 79]
      [Scan RS (ms): Min: 13.6, Avg: 14.3, Max: 14.8, Diff: 1.2, Sum: 114.0]
      [Code Root Scanning (ms): Min: 0.0, Avg: 0.0, Max: 0.0, Diff: 0.0, Sum: 0.0]
      [Object Copy (ms): Min: 147.2, Avg: 147.3, Max: 147.4, Diff: 0.2, Sum: 1178.1]
      [Termination (ms): Min: 0.0, Avg: 0.0, Max: 0.0, Diff: 0.0, Sum: 0.1]
         [Termination Attempts: Min: 1, Avg: 18.3, Max: 28, Diff: 27, Sum: 146]
      [GC Worker Other (ms): Min: 0.0, Avg: 0.0, Max: 0.1, Diff: 0.1, Sum: 0.3]
      [GC Worker Total (ms): Min: 180.4, Avg: 180.5, Max: 180.7, Diff: 0.3, Sum: 1444.3]
      [GC Worker End (ms): Min: 90478.0, Avg: 90478.0, Max: 90478.0, Diff: 0.1]
   [Code Root Fixup: 0.0 ms]
   [Code Root Purge: 0.0 ms]
   [Clear CT: 0.4 ms]
   [Other: 1.5 ms]
      [Choose CSet: 0.0 ms]
      [Ref Proc: 0.4 ms]
      [Ref Enq: 0.0 ms]
      [Redirty Cards: 0.5 ms]
      [Humongous Register: 0.1 ms]
      [Humongous Reclaim: 0.0 ms]
      [Free CSet: 0.3 ms]
   [Eden: 129.0M(129.0M)->0.0B(126.0M) Survivors: 18.0M->19.0M Heap: 316.4M(2048.0M)->318.9M(2048.0M)]
 [Times: user=1.50 sys=0.00, real=0.18 secs] 
2020-09-29T11:57:44.333+0200: 90.633: [GC pause (G1 Evacuation Pause) (young), 0.1820887 secs]
   [Parallel Time: 178.3 ms, GC Workers: 8]
      [GC Worker Start (ms): Min: 90633.4, Avg: 90633.6, Max: 90633.7, Diff: 0.3]
      [Ext Root Scanning (ms): Min: 0.0, Avg: 0.1, Max: 0.3, Diff: 0.3, Sum: 1.1]
      [Update RS (ms): Min: 19.6, Avg: 20.2, Max: 21.1, Diff: 1.5, Sum: 161.3]
         [Processed Buffers: Min: 9, Avg: 10.1, Max: 11, Diff: 2, Sum: 81]
      [Scan RS (ms): Min: 12.9, Avg: 13.8, Max: 14.3, Diff: 1.4, Sum: 110.5]
      [Code Root Scanning (ms): Min: 0.0, Avg: 0.0, Max: 0.0, Diff: 0.0, Sum: 0.0]
      [Object Copy (ms): Min: 143.4, Avg: 143.5, Max: 143.6, Diff: 0.2, Sum: 1148.2]
      [Termination (ms): Min: 0.0, Avg: 0.1, Max: 0.2, Diff: 0.2, Sum: 1.1]
         [Termination Attempts: Min: 1, Avg: 355.4, Max: 460, Diff: 459, Sum: 2843]
      [GC Worker Other (ms): Min: 0.0, Avg: 0.0, Max: 0.1, Diff: 0.1, Sum: 0.4]
      [GC Worker Total (ms): Min: 177.7, Avg: 177.8, Max: 178.0, Diff: 0.3, Sum: 1422.6]
      [GC Worker End (ms): Min: 90811.4, Avg: 90811.4, Max: 90811.5, Diff: 0.1]
   [Code Root Fixup: 0.0 ms]
   [Code Root Purge: 0.0 ms]
   [Clear CT: 1.3 ms]
   [Other: 2.5 ms]
      [Choose CSet: 0.0 ms]
      [Ref Proc: 0.5 ms]
      [Ref Enq: 0.0 ms]
      [Redirty Cards: 1.0 ms]
      [Humongous Register: 0.1 ms]
      [Humongous Reclaim: 0.0 ms]
      [Free CSet: 0.6 ms]
   [Eden: 126.0M(126.0M)->0.0B(125.0M) Survivors: 19.0M->19.0M Heap: 465.9M(2048.0M)->468.4M(2048.0M)]
 [Times: user=1.38 sys=0.00, real=0.18 secs] 
2020-09-29T11:57:44.671+0200: 90.971: [GC pause (G1 Evacuation Pause) (young), 0.1644848 secs]
   [Parallel Time: 162.5 ms, GC Workers: 8]
      [GC Worker Start (ms): Min: 90971.6, Avg: 90971.8, Max: 90971.9, Diff: 0.3]
      [Ext Root Scanning (ms): Min: 0.0, Avg: 0.2, Max: 0.3, Diff: 0.3, Sum: 1.2]
      [Update RS (ms): Min: 17.9, Avg: 18.1, Max: 18.8, Diff: 0.9, Sum: 144.7]
         [Processed Buffers: Min: 9, Avg: 9.8, Max: 11, Diff: 2, Sum: 78]
      [Scan RS (ms): Min: 12.9, Avg: 13.6, Max: 13.9, Diff: 1.0, Sum: 109.2]
      [Code Root Scanning (ms): Min: 0.0, Avg: 0.0, Max: 0.0, Diff: 0.0, Sum: 0.0]
      [Object Copy (ms): Min: 130.0, Avg: 130.1, Max: 130.2, Diff: 0.2, Sum: 1041.1]
      [Termination (ms): Min: 0.0, Avg: 0.0, Max: 0.0, Diff: 0.0, Sum: 0.2]
         [Termination Attempts: Min: 1, Avg: 65.8, Max: 96, Diff: 95, Sum: 526]
      [GC Worker Other (ms): Min: 0.0, Avg: 0.0, Max: 0.1, Diff: 0.0, Sum: 0.4]
      [GC Worker Total (ms): Min: 162.0, Avg: 162.1, Max: 162.3, Diff: 0.3, Sum: 1296.8]
      [GC Worker End (ms): Min: 91133.8, Avg: 91133.9, Max: 91133.9, Diff: 0.0]
   [Code Root Fixup: 0.0 ms]
   [Code Root Purge: 0.0 ms]
   [Clear CT: 0.5 ms]
   [Other: 1.5 ms]
      [Choose CSet: 0.0 ms]
      [Ref Proc: 0.4 ms]
      [Ref Enq: 0.0 ms]
      [Redirty Cards: 0.4 ms]
      [Humongous Register: 0.1 ms]
      [Humongous Reclaim: 0.0 ms]
      [Free CSet: 0.2 ms]
   [Eden: 125.0M(125.0M)->0.0B(131.0M) Survivors: 19.0M->18.0M Heap: 614.3M(2048.0M)->616.3M(2048.0M)]
 [Times: user=1.38 sys=0.00, real=0.16 secs] 
2020-09-29T11:57:44.994+0200: 91.294: [GC pause (G1 Evacuation Pause) (young), 0.1837600 secs]
   [Parallel Time: 181.6 ms, GC Workers: 8]
      [GC Worker Start (ms): Min: 91294.4, Avg: 91294.6, Max: 91294.7, Diff: 0.3]
      [Ext Root Scanning (ms): Min: 0.0, Avg: 0.1, Max: 0.3, Diff: 0.3, Sum: 1.0]
      [Update RS (ms): Min: 18.0, Avg: 18.2, Max: 19.1, Diff: 1.0, Sum: 145.7]
         [Processed Buffers: Min: 9, Avg: 10.6, Max: 12, Diff: 3, Sum: 85]
      [Scan RS (ms): Min: 14.9, Avg: 15.8, Max: 16.0, Diff: 1.1, Sum: 126.4]
      [Code Root Scanning (ms): Min: 0.0, Avg: 0.0, Max: 0.0, Diff: 0.0, Sum: 0.0]
      [Object Copy (ms): Min: 146.3, Avg: 146.5, Max: 146.8, Diff: 0.6, Sum: 1171.6]
      [Termination (ms): Min: 0.2, Avg: 0.5, Max: 0.6, Diff: 0.5, Sum: 4.2]
         [Termination Attempts: Min: 1, Avg: 373.9, Max: 490, Diff: 489, Sum: 2991]
      [GC Worker Other (ms): Min: 0.0, Avg: 0.0, Max: 0.0, Diff: 0.0, Sum: 0.2]
      [GC Worker Total (ms): Min: 181.0, Avg: 181.1, Max: 181.3, Diff: 0.3, Sum: 1449.1]
      [GC Worker End (ms): Min: 91475.7, Avg: 91475.7, Max: 91475.8, Diff: 0.0]
   [Code Root Fixup: 0.0 ms]
   [Code Root Purge: 0.0 ms]
   [Clear CT: 0.7 ms]
   [Other: 1.5 ms]
      [Choose CSet: 0.0 ms]
      [Ref Proc: 0.2 ms]
      [Ref Enq: 0.0 ms]
      [Redirty Cards: 0.7 ms]
      [Humongous Register: 0.1 ms]
      [Humongous Reclaim: 0.0 ms]
      [Free CSet: 0.2 ms]
   [Eden: 131.0M(131.0M)->0.0B(129.0M) Survivors: 18.0M->19.0M Heap: 770.2M(2048.0M)->772.2M(2048.0M)]
 [Times: user=1.38 sys=0.00, real=0.18 secs] 
2020-09-29T11:57:45.327+0200: 91.628: [GC pause (G1 Evacuation Pause) (young), 0.1834705 secs]
   [Parallel Time: 181.5 ms, GC Workers: 8]
      [GC Worker Start (ms): Min: 91627.9, Avg: 91628.1, Max: 91628.3, Diff: 0.3]
      [Ext Root Scanning (ms): Min: 0.0, Avg: 0.1, Max: 0.3, Diff: 0.3, Sum: 1.0]
      [Update RS (ms): Min: 21.0, Avg: 21.5, Max: 22.1, Diff: 1.1, Sum: 171.8]
         [Processed Buffers: Min: 10, Avg: 11.4, Max: 14, Diff: 4, Sum: 91]
      [Scan RS (ms): Min: 13.4, Avg: 14.1, Max: 14.6, Diff: 1.2, Sum: 112.5]
      [Code Root Scanning (ms): Min: 0.0, Avg: 0.0, Max: 0.0, Diff: 0.0, Sum: 0.0]
      [Object Copy (ms): Min: 145.0, Avg: 145.1, Max: 145.3, Diff: 0.4, Sum: 1160.6]
      [Termination (ms): Min: 0.0, Avg: 0.2, Max: 0.3, Diff: 0.3, Sum: 1.9]
         [Termination Attempts: Min: 1, Avg: 594.1, Max: 721, Diff: 720, Sum: 4753]
      [GC Worker Other (ms): Min: 0.0, Avg: 0.0, Max: 0.1, Diff: 0.1, Sum: 0.3]
      [GC Worker Total (ms): Min: 180.9, Avg: 181.0, Max: 181.2, Diff: 0.4, Sum: 1448.2]
      [GC Worker End (ms): Min: 91809.1, Avg: 91809.2, Max: 91809.2, Diff: 0.1]
   [Code Root Fixup: 0.0 ms]
   [Code Root Purge: 0.0 ms]
   [Clear CT: 0.5 ms]
   [Other: 1.5 ms]
      [Choose CSet: 0.0 ms]
      [Ref Proc: 0.4 ms]
      [Ref Enq: 0.0 ms]
      [Redirty Cards: 0.5 ms]
      [Humongous Register: 0.1 ms]
      [Humongous Reclaim: 0.0 ms]
      [Free CSet: 0.2 ms]
   [Eden: 129.0M(129.0M)->0.0B(129.0M) Survivors: 19.0M->19.0M Heap: 922.2M(2048.0M)->924.2M(2048.0M)]
 [Times: user=1.48 sys=0.00, real=0.18 secs] 
2020-09-29T11:57:45.577+0200: 91.878: [GC pause (G1 Humongous Allocation) (young) (initial-mark), 0.0914863 secs]
   [Parallel Time: 88.9 ms, GC Workers: 8]
      [GC Worker Start (ms): Min: 91878.7, Avg: 91878.8, Max: 91878.9, Diff: 0.2]
      [Ext Root Scanning (ms): Min: 0.1, Avg: 0.2, Max: 0.3, Diff: 0.2, Sum: 1.4]
      [Update RS (ms): Min: 15.5, Avg: 16.4, Max: 17.3, Diff: 1.7, Sum: 131.1]
         [Processed Buffers: Min: 8, Avg: 8.4, Max: 9, Diff: 1, Sum: 67]
      [Scan RS (ms): Min: 2.7, Avg: 3.6, Max: 4.5, Diff: 1.8, Sum: 29.0]
      [Code Root Scanning (ms): Min: 0.0, Avg: 0.0, Max: 0.0, Diff: 0.0, Sum: 0.0]
      [Object Copy (ms): Min: 68.1, Avg: 68.2, Max: 68.3, Diff: 0.1, Sum: 545.8]
      [Termination (ms): Min: 0.0, Avg: 0.1, Max: 0.1, Diff: 0.1, Sum: 0.4]
         [Termination Attempts: Min: 1, Avg: 128.4, Max: 164, Diff: 163, Sum: 1027]
      [GC Worker Other (ms): Min: 0.0, Avg: 0.0, Max: 0.1, Diff: 0.1, Sum: 0.3]
      [GC Worker Total (ms): Min: 88.4, Avg: 88.5, Max: 88.6, Diff: 0.2, Sum: 708.1]
      [GC Worker End (ms): Min: 91967.3, Avg: 91967.3, Max: 91967.4, Diff: 0.1]
   [Code Root Fixup: 0.0 ms]
   [Code Root Purge: 0.0 ms]
   [Clear CT: 0.8 ms]
   [Other: 1.7 ms]
      [Choose CSet: 0.0 ms]
      [Ref Proc: 0.4 ms]
      [Ref Enq: 0.0 ms]
      [Redirty Cards: 0.8 ms]
      [Humongous Register: 0.0 ms]
      [Humongous Reclaim: 0.0 ms]
      [Free CSet: 0.1 ms]
   [Eden: 53.0M(129.0M)->0.0B(135.0M) Survivors: 19.0M->19.0M Heap: 984.3M(2048.0M)->985.3M(2048.0M)]
 [Times: user=0.75 sys=0.00, real=0.09 secs] 
2020-09-29T11:57:45.669+0200: 91.970: [GC concurrent-root-region-scan-start]
2020-09-29T11:57:45.680+0200: 91.981: [GC concurrent-root-region-scan-end, 0.0105232 secs]
2020-09-29T11:57:45.680+0200: 91.981: [GC concurrent-mark-start]
2020-09-29T11:57:45.685+0200: 91.986: [GC concurrent-mark-end, 0.0050473 secs]
2020-09-29T11:57:45.685+0200: 91.986: [GC remark 2020-09-29T11:57:45.685+0200: 91.986: [Finalize Marking, 0.0008614 secs] 2020-09-29T11:57:45.686+0200: 91.987: [GC ref-proc, 0.0006364 secs] 2020-09-29T11:57:45.687+0200: 91.988: [Unloading, 0.0012555 secs], 0.0033550 secs]
 [Times: user=0.00 sys=0.00, real=0.00 secs] 
2020-09-29T11:57:45.689+0200: 91.990: [GC cleanup 1003M->45M(2048M), 0.0034586 secs]
 [Times: user=0.13 sys=0.00, real=0.00 secs] 
2020-09-29T11:57:45.693+0200: 91.994: [GC concurrent-cleanup-start]
2020-09-29T11:57:45.695+0200: 91.996: [GC concurrent-cleanup-end, 0.0022615 secs]
2020-09-29T11:57:45.831+0200: 92.132: [GC pause (G1 Evacuation Pause) (young), 0.1653227 secs]
   [Parallel Time: 162.0 ms, GC Workers: 8]
      [GC Worker Start (ms): Min: 92132.1, Avg: 92132.3, Max: 92132.4, Diff: 0.3]
      [Ext Root Scanning (ms): Min: 0.0, Avg: 0.1, Max: 0.3, Diff: 0.3, Sum: 1.1]
      [Update RS (ms): Min: 20.6, Avg: 21.1, Max: 21.9, Diff: 1.3, Sum: 168.6]
         [Processed Buffers: Min: 9, Avg: 10.6, Max: 13, Diff: 4, Sum: 85]
      [Scan RS (ms): Min: 11.6, Avg: 12.5, Max: 13.1, Diff: 1.4, Sum: 100.2]
      [Code Root Scanning (ms): Min: 0.0, Avg: 0.0, Max: 0.0, Diff: 0.0, Sum: 0.0]
      [Object Copy (ms): Min: 127.6, Avg: 127.7, Max: 127.8, Diff: 0.2, Sum: 1021.6]
      [Termination (ms): Min: 0.0, Avg: 0.0, Max: 0.1, Diff: 0.1, Sum: 0.3]
         [Termination Attempts: Min: 1, Avg: 94.6, Max: 127, Diff: 126, Sum: 757]
      [GC Worker Other (ms): Min: 0.0, Avg: 0.1, Max: 0.1, Diff: 0.1, Sum: 0.4]
      [GC Worker Total (ms): Min: 161.4, Avg: 161.5, Max: 161.8, Diff: 0.4, Sum: 1292.2]
      [GC Worker End (ms): Min: 92293.8, Avg: 92293.8, Max: 92293.9, Diff: 0.1]
   [Code Root Fixup: 0.0 ms]
   [Code Root Purge: 0.0 ms]
   [Clear CT: 1.0 ms]
   [Other: 2.3 ms]
      [Choose CSet: 0.0 ms]
      [Ref Proc: 0.9 ms]
      [Ref Enq: 0.0 ms]
      [Redirty Cards: 0.9 ms]
      [Humongous Register: 0.1 ms]
      [Humongous Reclaim: 0.0 ms]
      [Free CSet: 0.2 ms]
   [Eden: 135.0M(135.0M)->0.0B(139.0M) Survivors: 19.0M->20.0M Heap: 185.9M(2048.0M)->168.4M(2048.0M)]
 [Times: user=1.36 sys=0.01, real=0.16 secs] 
2020-09-29T11:57:46.160+0200: 92.461: [GC pause (G1 Evacuation Pause) (young), 0.0877336 secs]
   [Parallel Time: 84.9 ms, GC Workers: 8]
      [GC Worker Start (ms): Min: 92461.2, Avg: 92461.3, Max: 92461.5, Diff: 0.3]
      [Ext Root Scanning (ms): Min: 0.0, Avg: 0.1, Max: 0.3, Diff: 0.2, Sum: 0.9]
      [Update RS (ms): Min: 12.0, Avg: 12.8, Max: 13.1, Diff: 1.0, Sum: 102.3]
         [Processed Buffers: Min: 10, Avg: 10.1, Max: 11, Diff: 1, Sum: 81]
      [Scan RS (ms): Min: 7.9, Avg: 8.2, Max: 8.9, Diff: 1.0, Sum: 65.6]
      [Code Root Scanning (ms): Min: 0.0, Avg: 0.0, Max: 0.0, Diff: 0.0, Sum: 0.0]
      [Object Copy (ms): Min: 63.3, Avg: 63.4, Max: 63.5, Diff: 0.1, Sum: 507.3]
      [Termination (ms): Min: 0.0, Avg: 0.1, Max: 0.1, Diff: 0.1, Sum: 0.4]
         [Termination Attempts: Min: 1, Avg: 340.5, Max: 420, Diff: 419, Sum: 2724]
      [GC Worker Other (ms): Min: 0.0, Avg: 0.0, Max: 0.1, Diff: 0.1, Sum: 0.3]
      [GC Worker Total (ms): Min: 84.5, Avg: 84.6, Max: 84.7, Diff: 0.2, Sum: 676.8]
      [GC Worker End (ms): Min: 92545.9, Avg: 92545.9, Max: 92546.0, Diff: 0.1]
   [Code Root Fixup: 0.0 ms]
   [Code Root Purge: 0.0 ms]
   [Clear CT: 1.0 ms]
   [Other: 1.8 ms]
      [Choose CSet: 0.0 ms]
      [Ref Proc: 0.3 ms]
      [Ref Enq: 0.0 ms]
      [Redirty Cards: 1.2 ms]
      [Humongous Register: 0.1 ms]
      [Humongous Reclaim: 0.0 ms]
      [Free CSet: 0.1 ms]
   [Eden: 139.0M(139.0M)->0.0B(154.0M) Survivors: 20.0M->20.0M Heap: 330.3M(2048.0M)->331.8M(2048.0M)]
 [Times: user=0.74 sys=0.00, real=0.09 secs] 
2020-09-29T11:57:46.331+0200: 92.632: [GC pause (G1 Evacuation Pause) (young), 0.0849933 secs]
   [Parallel Time: 83.5 ms, GC Workers: 8]
      [GC Worker Start (ms): Min: 92632.2, Avg: 92632.3, Max: 92632.4, Diff: 0.2]
      [Ext Root Scanning (ms): Min: 0.0, Avg: 0.1, Max: 0.2, Diff: 0.2, Sum: 0.5]
      [Update RS (ms): Min: 7.9, Avg: 8.2, Max: 8.7, Diff: 0.8, Sum: 65.5]
         [Processed Buffers: Min: 9, Avg: 10.0, Max: 13, Diff: 4, Sum: 80]
      [Scan RS (ms): Min: 8.2, Avg: 8.8, Max: 9.1, Diff: 0.8, Sum: 70.3]
      [Code Root Scanning (ms): Min: 0.0, Avg: 0.0, Max: 0.0, Diff: 0.0, Sum: 0.0]
      [Object Copy (ms): Min: 66.1, Avg: 66.2, Max: 66.2, Diff: 0.1, Sum: 529.4]
      [Termination (ms): Min: 0.0, Avg: 0.0, Max: 0.0, Diff: 0.0, Sum: 0.1]
         [Termination Attempts: Min: 1, Avg: 125.6, Max: 173, Diff: 172, Sum: 1005]
      [GC Worker Other (ms): Min: 0.0, Avg: 0.0, Max: 0.1, Diff: 0.0, Sum: 0.2]
      [GC Worker Total (ms): Min: 83.2, Avg: 83.3, Max: 83.4, Diff: 0.2, Sum: 666.0]
      [GC Worker End (ms): Min: 92715.5, Avg: 92715.5, Max: 92715.6, Diff: 0.0]
   [Code Root Fixup: 0.0 ms]
   [Code Root Purge: 0.0 ms]
   [Clear CT: 0.6 ms]
   [Other: 0.9 ms]
      [Choose CSet: 0.0 ms]
      [Ref Proc: 0.1 ms]
      [Ref Enq: 0.0 ms]
      [Redirty Cards: 0.4 ms]
      [Humongous Register: 0.0 ms]
      [Humongous Reclaim: 0.0 ms]
      [Free CSet: 0.2 ms]
   [Eden: 154.0M(154.0M)->0.0B(175.0M) Survivors: 20.0M->22.0M Heap: 512.5M(2048.0M)->514.5M(2048.0M)]
 [Times: user=0.75 sys=0.00, real=0.08 secs] 
2020-09-29T11:57:46.501+0200: 92.802: [GC pause (G1 Evacuation Pause) (young), 0.0917655 secs]
   [Parallel Time: 90.7 ms, GC Workers: 8]
      [GC Worker Start (ms): Min: 92802.4, Avg: 92802.4, Max: 92802.5, Diff: 0.1]
      [Ext Root Scanning (ms): Min: 0.0, Avg: 0.1, Max: 0.1, Diff: 0.1, Sum: 0.6]
      [Update RS (ms): Min: 10.6, Avg: 10.7, Max: 10.8, Diff: 0.3, Sum: 85.4]
         [Processed Buffers: Min: 13, Avg: 13.5, Max: 16, Diff: 3, Sum: 108]
      [Scan RS (ms): Min: 7.5, Avg: 7.6, Max: 7.8, Diff: 0.2, Sum: 61.1]
      [Code Root Scanning (ms): Min: 0.0, Avg: 0.0, Max: 0.0, Diff: 0.0, Sum: 0.0]
      [Object Copy (ms): Min: 72.2, Avg: 72.2, Max: 72.2, Diff: 0.1, Sum: 577.6]
      [Termination (ms): Min: 0.0, Avg: 0.0, Max: 0.0, Diff: 0.0, Sum: 0.1]
         [Termination Attempts: Min: 1, Avg: 47.6, Max: 62, Diff: 61, Sum: 381]
      [GC Worker Other (ms): Min: 0.0, Avg: 0.0, Max: 0.0, Diff: 0.0, Sum: 0.2]
      [GC Worker Total (ms): Min: 90.6, Avg: 90.6, Max: 90.7, Diff: 0.1, Sum: 725.0]
      [GC Worker End (ms): Min: 92893.0, Avg: 92893.0, Max: 92893.1, Diff: 0.0]
   [Code Root Fixup: 0.0 ms]
   [Code Root Purge: 0.0 ms]
   [Clear CT: 0.2 ms]
   [Other: 0.8 ms]
      [Choose CSet: 0.0 ms]
      [Ref Proc: 0.2 ms]
      [Ref Enq: 0.0 ms]
      [Redirty Cards: 0.2 ms]
      [Humongous Register: 0.0 ms]
      [Humongous Reclaim: 0.0 ms]
      [Free CSet: 0.2 ms]
   [Eden: 175.0M(175.0M)->0.0B(201.0M) Survivors: 22.0M->25.0M Heap: 718.1M(2048.0M)->720.6M(2048.0M)]
 [Times: user=0.75 sys=0.00, real=0.09 secs] 
2020-09-29T11:57:46.695+0200: 92.996: [GC pause (G1 Evacuation Pause) (young), 0.1075801 secs]
   [Parallel Time: 106.4 ms, GC Workers: 8]
      [GC Worker Start (ms): Min: 92996.0, Avg: 92996.1, Max: 92996.1, Diff: 0.1]
      [Ext Root Scanning (ms): Min: 0.0, Avg: 0.1, Max: 0.1, Diff: 0.1, Sum: 0.6]
      [Update RS (ms): Min: 11.6, Avg: 11.7, Max: 12.0, Diff: 0.4, Sum: 93.6]
         [Processed Buffers: Min: 14, Avg: 15.5, Max: 18, Diff: 4, Sum: 124]
      [Scan RS (ms): Min: 8.8, Avg: 9.1, Max: 9.2, Diff: 0.4, Sum: 72.9]
      [Code Root Scanning (ms): Min: 0.0, Avg: 0.0, Max: 0.0, Diff: 0.0, Sum: 0.0]
      [Object Copy (ms): Min: 85.2, Avg: 85.3, Max: 85.3, Diff: 0.1, Sum: 682.3]
      [Termination (ms): Min: 0.0, Avg: 0.0, Max: 0.0, Diff: 0.0, Sum: 0.2]
         [Termination Attempts: Min: 1, Avg: 148.8, Max: 198, Diff: 197, Sum: 1190]
      [GC Worker Other (ms): Min: 0.0, Avg: 0.0, Max: 0.0, Diff: 0.0, Sum: 0.2]
      [GC Worker Total (ms): Min: 106.2, Avg: 106.2, Max: 106.3, Diff: 0.1, Sum: 849.7]
      [GC Worker End (ms): Min: 93102.3, Avg: 93102.3, Max: 93102.3, Diff: 0.0]
   [Code Root Fixup: 0.0 ms]
   [Code Root Purge: 0.0 ms]
   [Clear CT: 0.2 ms]
   [Other: 1.0 ms]
      [Choose CSet: 0.0 ms]
      [Ref Proc: 0.2 ms]
      [Ref Enq: 0.0 ms]
      [Redirty Cards: 0.5 ms]
      [Humongous Register: 0.0 ms]
      [Humongous Reclaim: 0.0 ms]
      [Free CSet: 0.1 ms]
   [Eden: 201.0M(201.0M)->0.0B(221.0M) Survivors: 25.0M->29.0M Heap: 955.9M(2048.0M)->958.4M(2048.0M)]
 [Times: user=0.88 sys=0.00, real=0.11 secs] 
2020-09-29T11:57:46.809+0200: 93.109: [GC pause (G1 Humongous Allocation) (young) (initial-mark), 0.0398740 secs]
   [Parallel Time: 39.1 ms, GC Workers: 8]
      [GC Worker Start (ms): Min: 93109.6, Avg: 93109.6, Max: 93109.7, Diff: 0.1]
      [Ext Root Scanning (ms): Min: 0.0, Avg: 0.1, Max: 0.1, Diff: 0.1, Sum: 0.6]
      [Update RS (ms): Min: 22.1, Avg: 22.3, Max: 22.5, Diff: 0.3, Sum: 178.2]
         [Processed Buffers: Min: 29, Avg: 29.9, Max: 31, Diff: 2, Sum: 239]
      [Scan RS (ms): Min: 1.5, Avg: 1.7, Max: 1.8, Diff: 0.3, Sum: 13.5]
      [Code Root Scanning (ms): Min: 0.0, Avg: 0.0, Max: 0.0, Diff: 0.0, Sum: 0.0]
      [Object Copy (ms): Min: 14.8, Avg: 14.8, Max: 14.9, Diff: 0.1, Sum: 118.5]
      [Termination (ms): Min: 0.0, Avg: 0.0, Max: 0.0, Diff: 0.0, Sum: 0.0]
         [Termination Attempts: Min: 1, Avg: 10.5, Max: 15, Diff: 14, Sum: 84]
      [GC Worker Other (ms): Min: 0.0, Avg: 0.0, Max: 0.0, Diff: 0.0, Sum: 0.1]
      [GC Worker Total (ms): Min: 38.8, Avg: 38.9, Max: 38.9, Diff: 0.1, Sum: 311.0]
      [GC Worker End (ms): Min: 93148.5, Avg: 93148.5, Max: 93148.5, Diff: 0.0]
   [Code Root Fixup: 0.0 ms]
   [Code Root Purge: 0.0 ms]
   [Clear CT: 0.2 ms]
   [Other: 0.7 ms]
      [Choose CSet: 0.0 ms]
      [Ref Proc: 0.2 ms]
      [Ref Enq: 0.0 ms]
      [Redirty Cards: 0.2 ms]
      [Humongous Register: 0.0 ms]
      [Humongous Reclaim: 0.0 ms]
      [Free CSet: 0.0 ms]
   [Eden: 9216.0K(221.0M)->0.0B(264.0M) Survivors: 29.0M->10.0M Heap: 967.4M(2048.0M)->969.9M(2048.0M)]
 [Times: user=0.25 sys=0.03, real=0.04 secs] 
2020-09-29T11:57:46.849+0200: 93.149: [GC concurrent-root-region-scan-start]
2020-09-29T11:57:46.851+0200: 93.151: [GC concurrent-root-region-scan-end, 0.0016489 secs]
2020-09-29T11:57:46.851+0200: 93.151: [GC concurrent-mark-start]
2020-09-29T11:57:46.853+0200: 93.154: [GC concurrent-mark-end, 0.0024765 secs]
2020-09-29T11:57:46.853+0200: 93.154: [GC remark 2020-09-29T11:57:46.853+0200: 93.154: [Finalize Marking, 0.0001926 secs] 2020-09-29T11:57:46.853+0200: 93.154: [GC ref-proc, 0.0002867 secs] 2020-09-29T11:57:46.854+0200: 93.154: [Unloading, 0.0003640 secs], 0.0011450 secs]
 [Times: user=0.00 sys=0.00, real=0.00 secs] 
2020-09-29T11:57:46.855+0200: 93.155: [GC cleanup 980M->29M(2048M), 0.0010977 secs]
 [Times: user=0.00 sys=0.00, real=0.00 secs] 
2020-09-29T11:57:46.856+0200: 93.156: [GC concurrent-cleanup-start]
2020-09-29T11:57:46.857+0200: 93.157: [GC concurrent-cleanup-end, 0.0010289 secs]
2020-09-29T11:57:46.984+0200: 93.284: [GC pause (G1 Evacuation Pause) (young), 0.1209934 secs]
   [Parallel Time: 119.7 ms, GC Workers: 8]
      [GC Worker Start (ms): Min: 93284.6, Avg: 93284.7, Max: 93284.7, Diff: 0.1]
      [Ext Root Scanning (ms): Min: 0.0, Avg: 0.1, Max: 0.2, Diff: 0.1, Sum: 0.6]
      [Update RS (ms): Min: 10.2, Avg: 10.3, Max: 10.8, Diff: 0.6, Sum: 82.4]
         [Processed Buffers: Min: 12, Avg: 14.0, Max: 16, Diff: 4, Sum: 112]
      [Scan RS (ms): Min: 11.7, Avg: 12.2, Max: 12.4, Diff: 0.7, Sum: 97.9]
      [Code Root Scanning (ms): Min: 0.0, Avg: 0.0, Max: 0.0, Diff: 0.0, Sum: 0.0]
      [Object Copy (ms): Min: 96.8, Avg: 96.9, Max: 96.9, Diff: 0.1, Sum: 774.9]
      [Termination (ms): Min: 0.0, Avg: 0.0, Max: 0.0, Diff: 0.0, Sum: 0.1]
         [Termination Attempts: Min: 1, Avg: 40.4, Max: 51, Diff: 50, Sum: 323]
      [GC Worker Other (ms): Min: 0.0, Avg: 0.0, Max: 0.1, Diff: 0.0, Sum: 0.2]
      [GC Worker Total (ms): Min: 119.4, Avg: 119.5, Max: 119.6, Diff: 0.1, Sum: 956.1]
      [GC Worker End (ms): Min: 93404.2, Avg: 93404.2, Max: 93404.2, Diff: 0.0]
   [Code Root Fixup: 0.0 ms]
   [Code Root Purge: 0.0 ms]
   [Clear CT: 0.3 ms]
   [Other: 0.9 ms]
      [Choose CSet: 0.0 ms]
      [Ref Proc: 0.2 ms]
      [Ref Enq: 0.0 ms]
      [Redirty Cards: 0.3 ms]
      [Humongous Register: 0.0 ms]
      [Humongous Reclaim: 0.0 ms]
      [Free CSet: 0.2 ms]
   [Eden: 264.0M(264.0M)->0.0B(263.0M) Survivors: 10.0M->35.0M Heap: 328.8M(2048.0M)->320.8M(2048.0M)]
 [Times: user=1.00 sys=0.00, real=0.12 secs] 
2020-09-29T11:57:47.242+0200: 93.543: [GC pause (G1 Evacuation Pause) (young), 0.1404878 secs]
   [Parallel Time: 139.4 ms, GC Workers: 8]
      [GC Worker Start (ms): Min: 93543.0, Avg: 93543.0, Max: 93543.1, Diff: 0.1]
      [Ext Root Scanning (ms): Min: 0.0, Avg: 0.1, Max: 0.1, Diff: 0.1, Sum: 0.5]
      [Update RS (ms): Min: 9.9, Avg: 10.0, Max: 10.4, Diff: 0.4, Sum: 80.3]
         [Processed Buffers: Min: 11, Avg: 13.5, Max: 17, Diff: 6, Sum: 108]
      [Scan RS (ms): Min: 14.4, Avg: 14.8, Max: 14.9, Diff: 0.5, Sum: 118.0]
      [Code Root Scanning (ms): Min: 0.0, Avg: 0.0, Max: 0.0, Diff: 0.0, Sum: 0.0]
      [Object Copy (ms): Min: 114.1, Avg: 114.2, Max: 114.2, Diff: 0.1, Sum: 913.5]
      [Termination (ms): Min: 0.0, Avg: 0.1, Max: 0.2, Diff: 0.2, Sum: 0.8]
         [Termination Attempts: Min: 1, Avg: 628.8, Max: 758, Diff: 757, Sum: 5030]
      [GC Worker Other (ms): Min: 0.0, Avg: 0.0, Max: 0.1, Diff: 0.1, Sum: 0.3]
      [GC Worker Total (ms): Min: 139.1, Avg: 139.2, Max: 139.2, Diff: 0.1, Sum: 1113.5]
      [GC Worker End (ms): Min: 93682.2, Avg: 93682.2, Max: 93682.3, Diff: 0.1]
   [Code Root Fixup: 0.0 ms]
   [Code Root Purge: 0.0 ms]
   [Clear CT: 0.2 ms]
   [Other: 1.0 ms]
      [Choose CSet: 0.0 ms]
      [Ref Proc: 0.2 ms]
      [Ref Enq: 0.0 ms]
      [Redirty Cards: 0.2 ms]
      [Humongous Register: 0.0 ms]
      [Humongous Reclaim: 0.0 ms]
      [Free CSet: 0.3 ms]
   [Eden: 263.0M(263.0M)->0.0B(274.0M) Survivors: 35.0M->38.0M Heap: 627.6M(2048.0M)->629.1M(2048.0M)]
 [Times: user=1.13 sys=0.00, real=0.14 secs] 
2020-09-29T11:57:47.529+0200: 93.829: [GC pause (G1 Evacuation Pause) (young), 0.1510080 secs]
   [Parallel Time: 149.9 ms, GC Workers: 8]
      [GC Worker Start (ms): Min: 93829.2, Avg: 93829.2, Max: 93829.3, Diff: 0.1]
      [Ext Root Scanning (ms): Min: 0.0, Avg: 0.1, Max: 0.1, Diff: 0.1, Sum: 0.6]
      [Update RS (ms): Min: 11.2, Avg: 11.5, Max: 11.7, Diff: 0.5, Sum: 92.0]
         [Processed Buffers: Min: 13, Avg: 13.8, Max: 14, Diff: 1, Sum: 110]
      [Scan RS (ms): Min: 15.3, Avg: 15.5, Max: 15.8, Diff: 0.6, Sum: 123.7]
      [Code Root Scanning (ms): Min: 0.0, Avg: 0.0, Max: 0.0, Diff: 0.0, Sum: 0.0]
      [Object Copy (ms): Min: 122.5, Avg: 122.5, Max: 122.7, Diff: 0.2, Sum: 980.4]
      [Termination (ms): Min: 0.0, Avg: 0.1, Max: 0.1, Diff: 0.1, Sum: 0.7]
         [Termination Attempts: Min: 1, Avg: 642.5, Max: 794, Diff: 793, Sum: 5140]
      [GC Worker Other (ms): Min: 0.0, Avg: 0.0, Max: 0.1, Diff: 0.1, Sum: 0.4]
      [GC Worker Total (ms): Min: 149.7, Avg: 149.7, Max: 149.8, Diff: 0.1, Sum: 1197.8]
      [GC Worker End (ms): Min: 93978.9, Avg: 93979.0, Max: 93979.0, Diff: 0.1]
   [Code Root Fixup: 0.0 ms]
   [Code Root Purge: 0.0 ms]
   [Clear CT: 0.2 ms]
   [Other: 0.9 ms]
      [Choose CSet: 0.0 ms]
      [Ref Proc: 0.2 ms]
      [Ref Enq: 0.0 ms]
      [Redirty Cards: 0.3 ms]
      [Humongous Register: 0.0 ms]
      [Humongous Reclaim: 0.0 ms]
      [Free CSet: 0.2 ms]
   [Eden: 274.0M(274.0M)->0.0B(283.0M) Survivors: 38.0M->39.0M Heap: 947.0M(2048.0M)->948.5M(2048.0M)]
 [Times: user=1.25 sys=0.00, real=0.15 secs] 
2020-09-29T11:57:47.694+0200: 93.994: [GC pause (G1 Humongous Allocation) (young) (initial-mark), 0.0541309 secs]
   [Parallel Time: 53.4 ms, GC Workers: 8]
      [GC Worker Start (ms): Min: 93994.3, Avg: 93994.4, Max: 93994.4, Diff: 0.1]
      [Ext Root Scanning (ms): Min: 0.0, Avg: 0.1, Max: 0.1, Diff: 0.1, Sum: 0.6]
      [Update RS (ms): Min: 26.2, Avg: 26.4, Max: 26.8, Diff: 0.6, Sum: 210.9]
         [Processed Buffers: Min: 31, Avg: 34.3, Max: 36, Diff: 5, Sum: 274]
      [Scan RS (ms): Min: 2.1, Avg: 2.5, Max: 2.7, Diff: 0.6, Sum: 20.3]
      [Code Root Scanning (ms): Min: 0.0, Avg: 0.0, Max: 0.0, Diff: 0.0, Sum: 0.0]
      [Object Copy (ms): Min: 24.2, Avg: 24.2, Max: 24.3, Diff: 0.1, Sum: 193.8]
      [Termination (ms): Min: 0.0, Avg: 0.0, Max: 0.0, Diff: 0.0, Sum: 0.0]
         [Termination Attempts: Min: 1, Avg: 36.5, Max: 52, Diff: 51, Sum: 292]
      [GC Worker Other (ms): Min: 0.0, Avg: 0.0, Max: 0.0, Diff: 0.0, Sum: 0.1]
      [GC Worker Total (ms): Min: 53.2, Avg: 53.2, Max: 53.3, Diff: 0.1, Sum: 425.9]
      [GC Worker End (ms): Min: 94047.6, Avg: 94047.6, Max: 94047.6, Diff: 0.0]
   [Code Root Fixup: 0.0 ms]
   [Code Root Purge: 0.0 ms]
   [Clear CT: 0.1 ms]
   [Other: 0.6 ms]
      [Choose CSet: 0.0 ms]
      [Ref Proc: 0.2 ms]
      [Ref Enq: 0.0 ms]
      [Redirty Cards: 0.1 ms]
      [Humongous Register: 0.0 ms]
      [Humongous Reclaim: 0.0 ms]
      [Free CSet: 0.1 ms]
   [Eden: 24.0M(283.0M)->0.0B(312.0M) Survivors: 39.0M->25.0M Heap: 975.8M(2048.0M)->979.3M(2048.0M)]
 [Times: user=0.38 sys=0.00, real=0.05 secs] 
2020-09-29T11:57:47.748+0200: 94.048: [GC concurrent-root-region-scan-start]
2020-09-29T11:57:47.752+0200: 94.052: [GC concurrent-root-region-scan-end, 0.0040765 secs]
2020-09-29T11:57:47.752+0200: 94.052: [GC concurrent-mark-start]
2020-09-29T11:57:47.754+0200: 94.055: [GC concurrent-mark-end, 0.0020355 secs]
2020-09-29T11:57:47.754+0200: 94.055: [GC remark 2020-09-29T11:57:47.754+0200: 94.055: [Finalize Marking, 0.0001804 secs] 2020-09-29T11:57:47.754+0200: 94.055: [GC ref-proc, 0.0002694 secs] 2020-09-29T11:57:47.755+0200: 94.055: [Unloading, 0.0004227 secs], 0.0011473 secs]
 [Times: user=0.00 sys=0.02, real=0.00 secs] 
2020-09-29T11:57:47.756+0200: 94.056: [GC cleanup 996M->50M(2048M), 0.0010573 secs]
 [Times: user=0.00 sys=0.00, real=0.00 secs] 
2020-09-29T11:57:47.757+0200: 94.057: [GC concurrent-cleanup-start]
2020-09-29T11:57:47.758+0200: 94.058: [GC concurrent-cleanup-end, 0.0009528 secs]
2020-09-29T11:57:47.903+0200: 94.203: [GC pause (G1 Evacuation Pause) (young), 0.1461603 secs]
   [Parallel Time: 144.5 ms, GC Workers: 8]
      [GC Worker Start (ms): Min: 94203.6, Avg: 94203.7, Max: 94203.7, Diff: 0.2]
      [Ext Root Scanning (ms): Min: 0.0, Avg: 0.1, Max: 0.2, Diff: 0.2, Sum: 0.5]
      [Update RS (ms): Min: 10.7, Avg: 10.9, Max: 11.3, Diff: 0.5, Sum: 87.2]
         [Processed Buffers: Min: 13, Avg: 14.4, Max: 17, Diff: 4, Sum: 115]
      [Scan RS (ms): Min: 14.5, Avg: 14.9, Max: 15.1, Diff: 0.6, Sum: 118.9]
      [Code Root Scanning (ms): Min: 0.0, Avg: 0.0, Max: 0.0, Diff: 0.0, Sum: 0.0]
      [Object Copy (ms): Min: 118.2, Avg: 118.3, Max: 118.4, Diff: 0.2, Sum: 946.6]
      [Termination (ms): Min: 0.0, Avg: 0.1, Max: 0.2, Diff: 0.2, Sum: 0.6]
         [Termination Attempts: Min: 1, Avg: 365.5, Max: 457, Diff: 456, Sum: 2924]
      [GC Worker Other (ms): Min: 0.0, Avg: 0.0, Max: 0.1, Diff: 0.0, Sum: 0.3]
      [GC Worker Total (ms): Min: 144.2, Avg: 144.3, Max: 144.4, Diff: 0.2, Sum: 1154.1]
      [GC Worker End (ms): Min: 94347.9, Avg: 94347.9, Max: 94348.0, Diff: 0.0]
   [Code Root Fixup: 0.0 ms]
   [Code Root Purge: 0.0 ms]
   [Clear CT: 0.3 ms]
   [Other: 1.3 ms]
      [Choose CSet: 0.0 ms]
      [Ref Proc: 0.5 ms]
      [Ref Enq: 0.0 ms]
      [Redirty Cards: 0.4 ms]
      [Humongous Register: 0.0 ms]
      [Humongous Reclaim: 0.0 ms]
      [Free CSet: 0.2 ms]
   [Eden: 312.0M(312.0M)->0.0B(310.0M) Survivors: 25.0M->43.0M Heap: 399.4M(2048.0M)->376.9M(2048.0M)]
 [Times: user=1.13 sys=0.00, real=0.15 secs] 
2020-09-29T11:57:48.218+0200: 94.518: [GC pause (G1 Evacuation Pause) (young), 0.1663297 secs]
   [Parallel Time: 165.0 ms, GC Workers: 8]
      [GC Worker Start (ms): Min: 94518.0, Avg: 94518.1, Max: 94518.2, Diff: 0.2]
      [Ext Root Scanning (ms): Min: 0.0, Avg: 0.1, Max: 0.2, Diff: 0.2, Sum: 0.4]
      [Update RS (ms): Min: 13.4, Avg: 13.5, Max: 13.5, Diff: 0.1, Sum: 107.7]
         [Processed Buffers: Min: 14, Avg: 16.6, Max: 20, Diff: 6, Sum: 133]
      [Scan RS (ms): Min: 18.0, Avg: 18.2, Max: 18.4, Diff: 0.3, Sum: 145.5]
      [Code Root Scanning (ms): Min: 0.0, Avg: 0.0, Max: 0.0, Diff: 0.0, Sum: 0.0]
      [Object Copy (ms): Min: 132.9, Avg: 133.1, Max: 133.1, Diff: 0.3, Sum: 1064.5]
      [Termination (ms): Min: 0.0, Avg: 0.0, Max: 0.0, Diff: 0.0, Sum: 0.1]
         [Termination Attempts: Min: 1, Avg: 75.1, Max: 101, Diff: 100, Sum: 601]
      [GC Worker Other (ms): Min: 0.0, Avg: 0.0, Max: 0.1, Diff: 0.1, Sum: 0.3]
      [GC Worker Total (ms): Min: 164.7, Avg: 164.8, Max: 165.0, Diff: 0.2, Sum: 1318.5]
      [GC Worker End (ms): Min: 94682.9, Avg: 94682.9, Max: 94683.0, Diff: 0.1]
   [Code Root Fixup: 0.0 ms]
   [Code Root Purge: 0.0 ms]
   [Clear CT: 0.2 ms]
   [Other: 1.1 ms]
      [Choose CSet: 0.0 ms]
      [Ref Proc: 0.2 ms]
      [Ref Enq: 0.0 ms]
      [Redirty Cards: 0.5 ms]
      [Humongous Register: 0.0 ms]
      [Humongous Reclaim: 0.0 ms]
      [Free CSet: 0.2 ms]
   [Eden: 310.0M(310.0M)->0.0B(309.0M) Survivors: 43.0M->45.0M Heap: 738.4M(2048.0M)->739.9M(2048.0M)]
 [Times: user=1.38 sys=0.00, real=0.16 secs] 
2020-09-29T11:57:48.549+0200: 94.850: [GC pause (G1 Evacuation Pause) (young), 0.1698312 secs]
   [Parallel Time: 168.8 ms, GC Workers: 8]
      [GC Worker Start (ms): Min: 94850.4, Avg: 94850.5, Max: 94850.6, Diff: 0.1]
      [Ext Root Scanning (ms): Min: 0.0, Avg: 0.1, Max: 0.1, Diff: 0.1, Sum: 0.6]
      [Update RS (ms): Min: 14.4, Avg: 14.6, Max: 15.0, Diff: 0.6, Sum: 116.4]
         [Processed Buffers: Min: 17, Avg: 18.6, Max: 20, Diff: 3, Sum: 149]
      [Scan RS (ms): Min: 16.0, Avg: 16.4, Max: 16.7, Diff: 0.8, Sum: 131.5]
      [Code Root Scanning (ms): Min: 0.0, Avg: 0.0, Max: 0.0, Diff: 0.0, Sum: 0.0]
      [Object Copy (ms): Min: 137.4, Avg: 137.5, Max: 137.5, Diff: 0.1, Sum: 1100.0]
      [Termination (ms): Min: 0.0, Avg: 0.1, Max: 0.1, Diff: 0.1, Sum: 0.5]
         [Termination Attempts: Min: 1, Avg: 442.1, Max: 579, Diff: 578, Sum: 3537]
      [GC Worker Other (ms): Min: 0.0, Avg: 0.0, Max: 0.1, Diff: 0.0, Sum: 0.3]
      [GC Worker Total (ms): Min: 168.6, Avg: 168.7, Max: 168.7, Diff: 0.1, Sum: 1349.2]
      [GC Worker End (ms): Min: 95019.1, Avg: 95019.2, Max: 95019.2, Diff: 0.0]
   [Code Root Fixup: 0.0 ms]
   [Code Root Purge: 0.0 ms]
   [Clear CT: 0.2 ms]
   [Other: 0.8 ms]
      [Choose CSet: 0.0 ms]
      [Ref Proc: 0.1 ms]
      [Ref Enq: 0.0 ms]
      [Redirty Cards: 0.1 ms]
      [Humongous Register: 0.1 ms]
      [Humongous Reclaim: 0.0 ms]
      [Free CSet: 0.3 ms]
   [Eden: 309.0M(309.0M)->0.0B(309.0M) Survivors: 45.0M->45.0M Heap: 1100.4M(2048.0M)->1101.9M(2048.0M)]
 [Times: user=1.38 sys=0.00, real=0.17 secs] 
2020-09-29T11:57:48.737+0200: 95.037: [GC pause (G1 Humongous Allocation) (young) (initial-mark), 0.0503504 secs]
   [Parallel Time: 49.6 ms, GC Workers: 8]
      [GC Worker Start (ms): Min: 95037.5, Avg: 95037.6, Max: 95037.6, Diff: 0.1]
      [Ext Root Scanning (ms): Min: 0.0, Avg: 0.1, Max: 0.1, Diff: 0.1, Sum: 0.6]
      [Update RS (ms): Min: 24.6, Avg: 24.9, Max: 25.3, Diff: 0.8, Sum: 199.3]
         [Processed Buffers: Min: 30, Avg: 32.3, Max: 34, Diff: 4, Sum: 258]
      [Scan RS (ms): Min: 2.3, Avg: 2.8, Max: 3.2, Diff: 0.9, Sum: 22.3]
      [Code Root Scanning (ms): Min: 0.0, Avg: 0.0, Max: 0.0, Diff: 0.0, Sum: 0.0]
      [Object Copy (ms): Min: 21.5, Avg: 21.6, Max: 21.6, Diff: 0.1, Sum: 172.7]
      [Termination (ms): Min: 0.0, Avg: 0.1, Max: 0.1, Diff: 0.1, Sum: 0.4]
         [Termination Attempts: Min: 1, Avg: 376.6, Max: 552, Diff: 551, Sum: 3013]
      [GC Worker Other (ms): Min: 0.0, Avg: 0.0, Max: 0.0, Diff: 0.0, Sum: 0.1]
      [GC Worker Total (ms): Min: 49.4, Avg: 49.4, Max: 49.5, Diff: 0.1, Sum: 395.5]
      [GC Worker End (ms): Min: 95087.0, Avg: 95087.0, Max: 95087.0, Diff: 0.0]
   [Code Root Fixup: 0.0 ms]
   [Code Root Purge: 0.0 ms]
   [Clear CT: 0.2 ms]
   [Other: 0.6 ms]
      [Choose CSet: 0.0 ms]
      [Ref Proc: 0.2 ms]
      [Ref Enq: 0.0 ms]
      [Redirty Cards: 0.1 ms]
      [Humongous Register: 0.0 ms]
      [Humongous Reclaim: 0.0 ms]
      [Free CSet: 0.1 ms]
   [Eden: 8192.0K(309.0M)->0.0B(355.0M) Survivors: 45.0M->10.0M Heap: 1109.4M(2048.0M)->1113.4M(2048.0M)]
 [Times: user=0.50 sys=0.00, real=0.05 secs] 
2020-09-29T11:57:48.787+0200: 95.088: [GC concurrent-root-region-scan-start]
2020-09-29T11:57:48.789+0200: 95.090: [GC concurrent-root-region-scan-end, 0.0020457 secs]
2020-09-29T11:57:48.789+0200: 95.090: [GC concurrent-mark-start]
2020-09-29T11:57:48.791+0200: 95.092: [GC concurrent-mark-end, 0.0022261 secs]
2020-09-29T11:57:48.792+0200: 95.092: [GC remark 2020-09-29T11:57:48.792+0200: 95.092: [Finalize Marking, 0.0001390 secs] 2020-09-29T11:57:48.792+0200: 95.093: [GC ref-proc, 0.0002633 secs] 2020-09-29T11:57:48.792+0200: 95.093: [Unloading, 0.0004171 secs], 0.0010944 secs]
 [Times: user=0.00 sys=0.00, real=0.00 secs] 
2020-09-29T11:57:48.793+0200: 95.094: [GC cleanup 1125M->30M(2048M), 0.0010556 secs]
 [Times: user=0.00 sys=0.00, real=0.00 secs] 
2020-09-29T11:57:48.794+0200: 95.095: [GC concurrent-cleanup-start]
2020-09-29T11:57:48.795+0200: 95.096: [GC concurrent-cleanup-end, 0.0013629 secs]
2020-09-29T11:57:48.976+0200: 95.277: [GC pause (G1 Evacuation Pause) (young), 0.1691869 secs]
   [Parallel Time: 168.0 ms, GC Workers: 8]
      [GC Worker Start (ms): Min: 95276.8, Avg: 95276.9, Max: 95277.0, Diff: 0.2]
      [Ext Root Scanning (ms): Min: 0.0, Avg: 0.1, Max: 0.2, Diff: 0.2, Sum: 0.4]
      [Update RS (ms): Min: 15.9, Avg: 16.1, Max: 16.3, Diff: 0.5, Sum: 128.6]
         [Processed Buffers: Min: 17, Avg: 18.1, Max: 20, Diff: 3, Sum: 145]
      [Scan RS (ms): Min: 19.2, Avg: 19.5, Max: 19.8, Diff: 0.6, Sum: 156.0]
      [Code Root Scanning (ms): Min: 0.0, Avg: 0.0, Max: 0.0, Diff: 0.0, Sum: 0.0]
      [Object Copy (ms): Min: 132.0, Avg: 132.1, Max: 132.2, Diff: 0.2, Sum: 1056.8]
      [Termination (ms): Min: 0.0, Avg: 0.0, Max: 0.1, Diff: 0.1, Sum: 0.4]
         [Termination Attempts: Min: 1, Avg: 339.9, Max: 444, Diff: 443, Sum: 2719]
      [GC Worker Other (ms): Min: 0.0, Avg: 0.0, Max: 0.1, Diff: 0.1, Sum: 0.3]
      [GC Worker Total (ms): Min: 167.7, Avg: 167.8, Max: 167.9, Diff: 0.2, Sum: 1342.5]
      [GC Worker End (ms): Min: 95444.7, Avg: 95444.7, Max: 95444.7, Diff: 0.1]
   [Code Root Fixup: 0.0 ms]
   [Code Root Purge: 0.0 ms]
   [Clear CT: 0.2 ms]
   [Other: 1.0 ms]
      [Choose CSet: 0.0 ms]
      [Ref Proc: 0.2 ms]
      [Ref Enq: 0.0 ms]
      [Redirty Cards: 0.3 ms]
      [Humongous Register: 0.0 ms]
      [Humongous Reclaim: 0.0 ms]
      [Free CSet: 0.2 ms]
   [Eden: 355.0M(355.0M)->0.0B(323.0M) Survivors: 10.0M->46.0M Heap: 434.5M(2048.0M)->427.0M(2048.0M)]
 [Times: user=1.27 sys=0.00, real=0.17 secs] 
2020-09-29T11:57:49.315+0200: 95.616: [GC pause (G1 Evacuation Pause) (young), 0.1808280 secs]
   [Parallel Time: 179.6 ms, GC Workers: 8]
      [GC Worker Start (ms): Min: 95616.3, Avg: 95616.3, Max: 95616.4, Diff: 0.2]
      [Ext Root Scanning (ms): Min: 0.0, Avg: 0.1, Max: 0.2, Diff: 0.2, Sum: 0.5]
      [Update RS (ms): Min: 16.6, Avg: 16.7, Max: 16.9, Diff: 0.3, Sum: 133.8]
         [Processed Buffers: Min: 18, Avg: 19.5, Max: 22, Diff: 4, Sum: 156]
      [Scan RS (ms): Min: 18.7, Avg: 18.9, Max: 19.0, Diff: 0.3, Sum: 151.4]
      [Code Root Scanning (ms): Min: 0.0, Avg: 0.0, Max: 0.0, Diff: 0.0, Sum: 0.0]
      [Object Copy (ms): Min: 143.3, Avg: 143.5, Max: 143.6, Diff: 0.2, Sum: 1147.7]
      [Termination (ms): Min: 0.0, Avg: 0.1, Max: 0.1, Diff: 0.1, Sum: 0.8]
         [Termination Attempts: Min: 1, Avg: 616.4, Max: 734, Diff: 733, Sum: 4931]
      [GC Worker Other (ms): Min: 0.0, Avg: 0.0, Max: 0.1, Diff: 0.0, Sum: 0.3]
      [GC Worker Total (ms): Min: 179.2, Avg: 179.3, Max: 179.4, Diff: 0.2, Sum: 1434.5]
      [GC Worker End (ms): Min: 95795.6, Avg: 95795.7, Max: 95795.7, Diff: 0.0]
   [Code Root Fixup: 0.0 ms]
   [Code Root Purge: 0.0 ms]
   [Clear CT: 0.3 ms]
   [Other: 1.0 ms]
      [Choose CSet: 0.0 ms]
      [Ref Proc: 0.2 ms]
      [Ref Enq: 0.0 ms]
      [Redirty Cards: 0.4 ms]
      [Humongous Register: 0.0 ms]
      [Humongous Reclaim: 0.0 ms]
      [Free CSet: 0.2 ms]
   [Eden: 323.0M(323.0M)->0.0B(313.0M) Survivors: 46.0M->47.0M Heap: 803.4M(2048.0M)->805.9M(2048.0M)]
 [Times: user=1.50 sys=0.00, real=0.19 secs] 
2020-09-29T11:57:49.669+0200: 95.970: [GC pause (G1 Evacuation Pause) (young), 0.1669005 secs]
   [Parallel Time: 165.8 ms, GC Workers: 8]
      [GC Worker Start (ms): Min: 95970.4, Avg: 95970.5, Max: 95970.5, Diff: 0.1]
      [Ext Root Scanning (ms): Min: 0.0, Avg: 0.1, Max: 0.1, Diff: 0.1, Sum: 0.6]
      [Update RS (ms): Min: 15.2, Avg: 15.4, Max: 15.8, Diff: 0.5, Sum: 123.4]
         [Processed Buffers: Min: 18, Avg: 19.0, Max: 21, Diff: 3, Sum: 152]
      [Scan RS (ms): Min: 16.7, Avg: 17.0, Max: 17.3, Diff: 0.6, Sum: 136.1]
      [Code Root Scanning (ms): Min: 0.0, Avg: 0.0, Max: 0.0, Diff: 0.0, Sum: 0.0]
      [Object Copy (ms): Min: 133.0, Avg: 133.0, Max: 133.1, Diff: 0.1, Sum: 1064.3]
      [Termination (ms): Min: 0.0, Avg: 0.1, Max: 0.1, Diff: 0.1, Sum: 0.5]
         [Termination Attempts: Min: 1, Avg: 492.6, Max: 617, Diff: 616, Sum: 3941]
      [GC Worker Other (ms): Min: 0.0, Avg: 0.0, Max: 0.1, Diff: 0.1, Sum: 0.3]
      [GC Worker Total (ms): Min: 165.6, Avg: 165.7, Max: 165.8, Diff: 0.2, Sum: 1325.4]
      [GC Worker End (ms): Min: 96136.1, Avg: 96136.1, Max: 96136.2, Diff: 0.1]
   [Code Root Fixup: 0.0 ms]
   [Code Root Purge: 0.0 ms]
   [Clear CT: 0.2 ms]
   [Other: 0.9 ms]
      [Choose CSet: 0.0 ms]
      [Ref Proc: 0.2 ms]
      [Ref Enq: 0.0 ms]
      [Redirty Cards: 0.2 ms]
      [Humongous Register: 0.1 ms]
      [Humongous Reclaim: 0.0 ms]
      [Free CSet: 0.3 ms]
   [Eden: 313.0M(313.0M)->0.0B(320.0M) Survivors: 47.0M->45.0M Heap: 1170.4M(2048.0M)->1171.9M(2048.0M)]
 [Times: user=1.38 sys=0.00, real=0.17 secs] 
2020-09-29T11:57:49.845+0200: 96.146: [GC pause (G1 Humongous Allocation) (young) (initial-mark), 0.0610466 secs]
   [Parallel Time: 60.3 ms, GC Workers: 8]
      [GC Worker Start (ms): Min: 96146.1, Avg: 96146.1, Max: 96146.2, Diff: 0.1]
      [Ext Root Scanning (ms): Min: 0.0, Avg: 0.2, Max: 0.2, Diff: 0.2, Sum: 1.2]
      [Update RS (ms): Min: 37.5, Avg: 37.7, Max: 37.9, Diff: 0.3, Sum: 301.8]
         [Processed Buffers: Min: 44, Avg: 47.3, Max: 48, Diff: 4, Sum: 378]
      [Scan RS (ms): Min: 2.6, Avg: 2.7, Max: 2.8, Diff: 0.3, Sum: 21.5]
      [Code Root Scanning (ms): Min: 0.0, Avg: 0.0, Max: 0.0, Diff: 0.0, Sum: 0.0]
      [Object Copy (ms): Min: 19.4, Avg: 19.5, Max: 19.5, Diff: 0.1, Sum: 155.8]
      [Termination (ms): Min: 0.0, Avg: 0.0, Max: 0.0, Diff: 0.0, Sum: 0.1]
         [Termination Attempts: Min: 1, Avg: 73.5, Max: 100, Diff: 99, Sum: 588]
      [GC Worker Other (ms): Min: 0.0, Avg: 0.0, Max: 0.0, Diff: 0.0, Sum: 0.1]
      [GC Worker Total (ms): Min: 60.0, Avg: 60.1, Max: 60.1, Diff: 0.1, Sum: 480.6]
      [GC Worker End (ms): Min: 96206.2, Avg: 96206.2, Max: 96206.2, Diff: 0.0]
   [Code Root Fixup: 0.0 ms]
   [Code Root Purge: 0.0 ms]
   [Clear CT: 0.2 ms]
   [Other: 0.6 ms]
      [Choose CSet: 0.0 ms]
      [Ref Proc: 0.2 ms]
      [Ref Enq: 0.0 ms]
      [Redirty Cards: 0.1 ms]
      [Humongous Register: 0.0 ms]
      [Humongous Reclaim: 0.0 ms]
      [Free CSet: 0.1 ms]
   [Eden: 5120.0K(320.0M)->0.0B(327.0M) Survivors: 45.0M->7168.0K Heap: 1176.9M(2048.0M)->1180.9M(2048.0M)]
 [Times: user=0.50 sys=0.00, real=0.06 secs] 
2020-09-29T11:57:49.906+0200: 96.207: [GC concurrent-root-region-scan-start]
2020-09-29T11:57:49.907+0200: 96.208: [GC concurrent-root-region-scan-end, 0.0010462 secs]
2020-09-29T11:57:49.907+0200: 96.208: [GC concurrent-mark-start]
2020-09-29T11:57:49.910+0200: 96.211: [GC concurrent-mark-end, 0.0026065 secs]
2020-09-29T11:57:49.910+0200: 96.211: [GC remark 2020-09-29T11:57:49.910+0200: 96.211: [Finalize Marking, 0.0016286 secs] 2020-09-29T11:57:49.912+0200: 96.213: [GC ref-proc, 0.0002818 secs] 2020-09-29T11:57:49.912+0200: 96.213: [Unloading, 0.0011173 secs], 0.0039997 secs]
 [Times: user=0.00 sys=0.00, real=0.00 secs] 
2020-09-29T11:57:49.914+0200: 96.215: [GC cleanup 1189M->24M(2048M), 0.0011230 secs]
 [Times: user=0.00 sys=0.00, real=0.00 secs] 
2020-09-29T11:57:49.916+0200: 96.217: [GC concurrent-cleanup-start]
2020-09-29T11:57:49.917+0200: 96.218: [GC concurrent-cleanup-end, 0.0014868 secs]
2020-09-29T11:57:50.070+0200: 96.371: [GC pause (G1 Evacuation Pause) (young), 0.1596735 secs]
   [Parallel Time: 158.5 ms, GC Workers: 8]
      [GC Worker Start (ms): Min: 96370.7, Avg: 96370.8, Max: 96370.8, Diff: 0.2]
      [Ext Root Scanning (ms): Min: 0.0, Avg: 0.1, Max: 0.2, Diff: 0.2, Sum: 0.5]
      [Update RS (ms): Min: 19.8, Avg: 19.9, Max: 20.2, Diff: 0.4, Sum: 159.3]
         [Processed Buffers: Min: 22, Avg: 24.1, Max: 26, Diff: 4, Sum: 193]
      [Scan RS (ms): Min: 12.4, Avg: 12.7, Max: 13.0, Diff: 0.6, Sum: 101.5]
      [Code Root Scanning (ms): Min: 0.0, Avg: 0.0, Max: 0.0, Diff: 0.0, Sum: 0.0]
      [Object Copy (ms): Min: 125.3, Avg: 125.5, Max: 125.6, Diff: 0.3, Sum: 1004.0]
      [Termination (ms): Min: 0.0, Avg: 0.1, Max: 0.1, Diff: 0.1, Sum: 0.5]
         [Termination Attempts: Min: 1, Avg: 374.8, Max: 477, Diff: 476, Sum: 2998]
      [GC Worker Other (ms): Min: 0.0, Avg: 0.0, Max: 0.1, Diff: 0.0, Sum: 0.2]
      [GC Worker Total (ms): Min: 158.2, Avg: 158.2, Max: 158.4, Diff: 0.2, Sum: 1265.9]
      [GC Worker End (ms): Min: 96529.0, Avg: 96529.0, Max: 96529.0, Diff: 0.0]
   [Code Root Fixup: 0.0 ms]
   [Code Root Purge: 0.0 ms]
   [Clear CT: 0.2 ms]
   [Other: 0.9 ms]
      [Choose CSet: 0.0 ms]
      [Ref Proc: 0.2 ms]
      [Ref Enq: 0.0 ms]
      [Redirty Cards: 0.3 ms]
      [Humongous Register: 0.0 ms]
      [Humongous Reclaim: 0.0 ms]
      [Free CSet: 0.2 ms]
   [Eden: 327.0M(327.0M)->0.0B(335.0M) Survivors: 7168.0K->42.0M Heap: 398.3M(2048.0M)->393.8M(2048.0M)]
 [Times: user=1.25 sys=0.00, real=0.16 secs] 
2020-09-29T11:57:50.402+0200: 96.703: [GC pause (G1 Evacuation Pause) (young), 0.1898864 secs]
   [Parallel Time: 188.2 ms, GC Workers: 8]
      [GC Worker Start (ms): Min: 96702.9, Avg: 96703.0, Max: 96703.0, Diff: 0.2]
      [Ext Root Scanning (ms): Min: 0.0, Avg: 0.1, Max: 0.2, Diff: 0.2, Sum: 0.5]
      [Update RS (ms): Min: 16.6, Avg: 16.8, Max: 17.1, Diff: 0.5, Sum: 134.6]
         [Processed Buffers: Min: 18, Avg: 19.0, Max: 20, Diff: 2, Sum: 152]
      [Scan RS (ms): Min: 20.4, Avg: 20.6, Max: 20.9, Diff: 0.5, Sum: 165.2]
      [Code Root Scanning (ms): Min: 0.0, Avg: 0.0, Max: 0.0, Diff: 0.0, Sum: 0.0]
      [Object Copy (ms): Min: 150.0, Avg: 150.1, Max: 150.4, Diff: 0.4, Sum: 1200.8]
      [Termination (ms): Min: 0.0, Avg: 0.3, Max: 0.5, Diff: 0.5, Sum: 2.6]
         [Termination Attempts: Min: 1, Avg: 2117.9, Max: 2930, Diff: 2929, Sum: 16943]
      [GC Worker Other (ms): Min: 0.0, Avg: 0.0, Max: 0.1, Diff: 0.1, Sum: 0.3]
      [GC Worker Total (ms): Min: 187.9, Avg: 188.0, Max: 188.1, Diff: 0.2, Sum: 1504.1]
      [GC Worker End (ms): Min: 96890.9, Avg: 96891.0, Max: 96891.0, Diff: 0.1]
   [Code Root Fixup: 0.0 ms]
   [Code Root Purge: 0.0 ms]
   [Clear CT: 0.2 ms]
   [Other: 1.5 ms]
      [Choose CSet: 0.0 ms]
      [Ref Proc: 0.2 ms]
      [Ref Enq: 0.0 ms]
      [Redirty Cards: 0.8 ms]
      [Humongous Register: 0.0 ms]
      [Humongous Reclaim: 0.0 ms]
      [Free CSet: 0.2 ms]
   [Eden: 335.0M(335.0M)->0.0B(311.0M) Survivors: 42.0M->48.0M Heap: 784.1M(2048.0M)->786.1M(2048.0M)]
 [Times: user=1.45 sys=0.03, real=0.19 secs] 
2020-09-29T11:57:50.747+0200: 97.048: [GC pause (G1 Evacuation Pause) (young), 0.1766843 secs]
   [Parallel Time: 174.2 ms, GC Workers: 8]
      [GC Worker Start (ms): Min: 97048.3, Avg: 97048.4, Max: 97048.5, Diff: 0.2]
      [Ext Root Scanning (ms): Min: 0.0, Avg: 0.1, Max: 0.2, Diff: 0.2, Sum: 0.6]
      [Update RS (ms): Min: 18.8, Avg: 19.0, Max: 19.5, Diff: 0.7, Sum: 152.1]
         [Processed Buffers: Min: 21, Avg: 24.0, Max: 26, Diff: 5, Sum: 192]
      [Scan RS (ms): Min: 15.6, Avg: 16.1, Max: 16.4, Diff: 0.7, Sum: 128.9]
      [Code Root Scanning (ms): Min: 0.0, Avg: 0.0, Max: 0.0, Diff: 0.0, Sum: 0.0]
      [Object Copy (ms): Min: 138.6, Avg: 138.7, Max: 138.8, Diff: 0.2, Sum: 1109.7]
      [Termination (ms): Min: 0.0, Avg: 0.0, Max: 0.0, Diff: 0.0, Sum: 0.2]
         [Termination Attempts: Min: 1, Avg: 201.5, Max: 260, Diff: 259, Sum: 1612]
      [GC Worker Other (ms): Min: 0.0, Avg: 0.0, Max: 0.1, Diff: 0.0, Sum: 0.3]
      [GC Worker Total (ms): Min: 173.9, Avg: 174.0, Max: 174.0, Diff: 0.1, Sum: 1391.8]
      [GC Worker End (ms): Min: 97222.4, Avg: 97222.4, Max: 97222.4, Diff: 0.0]
   [Code Root Fixup: 0.0 ms]
   [Code Root Purge: 0.0 ms]
   [Clear CT: 0.2 ms]
   [Other: 2.3 ms]
      [Choose CSet: 0.0 ms]
      [Ref Proc: 0.2 ms]
      [Ref Enq: 0.0 ms]
      [Redirty Cards: 0.8 ms]
      [Humongous Register: 0.0 ms]
      [Humongous Reclaim: 0.0 ms]
      [Free CSet: 1.1 ms]
   [Eden: 311.0M(311.0M)->0.0B(312.0M) Survivors: 48.0M->45.0M Heap: 1150.5M(2048.0M)->1152.0M(2048.0M)]
 [Times: user=1.36 sys=0.00, real=0.18 secs] 
2020-09-29T11:57:50.936+0200: 97.237: [GC pause (G1 Humongous Allocation) (young) (initial-mark), 0.0649058 secs]
   [Parallel Time: 64.2 ms, GC Workers: 8]
      [GC Worker Start (ms): Min: 97237.1, Avg: 97237.2, Max: 97237.2, Diff: 0.1]
      [Ext Root Scanning (ms): Min: 0.0, Avg: 0.1, Max: 0.1, Diff: 0.1, Sum: 0.6]
      [Update RS (ms): Min: 39.6, Avg: 39.7, Max: 39.8, Diff: 0.2, Sum: 317.4]
         [Processed Buffers: Min: 51, Avg: 53.1, Max: 56, Diff: 5, Sum: 425]
      [Scan RS (ms): Min: 2.1, Avg: 2.2, Max: 2.4, Diff: 0.3, Sum: 17.8]
      [Code Root Scanning (ms): Min: 0.0, Avg: 0.0, Max: 0.0, Diff: 0.0, Sum: 0.0]
      [Object Copy (ms): Min: 21.9, Avg: 22.0, Max: 22.0, Diff: 0.0, Sum: 175.8]
      [Termination (ms): Min: 0.0, Avg: 0.0, Max: 0.1, Diff: 0.1, Sum: 0.4]
         [Termination Attempts: Min: 1, Avg: 319.4, Max: 475, Diff: 474, Sum: 2555]
      [GC Worker Other (ms): Min: 0.0, Avg: 0.0, Max: 0.0, Diff: 0.0, Sum: 0.1]
      [GC Worker Total (ms): Min: 64.0, Avg: 64.0, Max: 64.1, Diff: 0.1, Sum: 512.0]
      [GC Worker End (ms): Min: 97301.2, Avg: 97301.2, Max: 97301.2, Diff: 0.0]
   [Code Root Fixup: 0.0 ms]
   [Code Root Purge: 0.0 ms]
   [Clear CT: 0.1 ms]
   [Other: 0.5 ms]
      [Choose CSet: 0.0 ms]
      [Ref Proc: 0.2 ms]
      [Ref Enq: 0.0 ms]
      [Redirty Cards: 0.1 ms]
      [Humongous Register: 0.0 ms]
      [Humongous Reclaim: 0.0 ms]
      [Free CSet: 0.1 ms]
   [Eden: 12.0M(312.0M)->0.0B(333.0M) Survivors: 45.0M->15.0M Heap: 1163.5M(2048.0M)->1169.0M(2048.0M)]
 [Times: user=0.50 sys=0.00, real=0.06 secs] 
2020-09-29T11:57:51.001+0200: 97.302: [GC concurrent-root-region-scan-start]
2020-09-29T11:57:51.004+0200: 97.304: [GC concurrent-root-region-scan-end, 0.0020555 secs]
2020-09-29T11:57:51.004+0200: 97.304: [GC concurrent-mark-start]
2020-09-29T11:57:51.006+0200: 97.306: [GC concurrent-mark-end, 0.0021968 secs]
2020-09-29T11:57:51.006+0200: 97.306: [GC remark 2020-09-29T11:57:51.006+0200: 97.306: [Finalize Marking, 0.0001162 secs] 2020-09-29T11:57:51.006+0200: 97.307: [GC ref-proc, 0.0002557 secs] 2020-09-29T11:57:51.006+0200: 97.307: [Unloading, 0.0003941 secs], 0.0010633 secs]
 [Times: user=0.00 sys=0.00, real=0.00 secs] 
2020-09-29T11:57:51.007+0200: 97.308: [GC cleanup 1180M->35M(2048M), 0.0010555 secs]
 [Times: user=0.00 sys=0.00, real=0.00 secs] 
2020-09-29T11:57:51.008+0200: 97.309: [GC concurrent-cleanup-start]
2020-09-29T11:57:51.010+0200: 97.310: [GC concurrent-cleanup-end, 0.0014939 secs]
2020-09-29T11:57:51.160+0200: 97.461: [GC pause (G1 Evacuation Pause) (young), 0.1634618 secs]
   [Parallel Time: 161.6 ms, GC Workers: 8]
      [GC Worker Start (ms): Min: 97461.0, Avg: 97461.1, Max: 97461.2, Diff: 0.2]
      [Ext Root Scanning (ms): Min: 0.0, Avg: 0.1, Max: 0.1, Diff: 0.1, Sum: 0.4]
      [Update RS (ms): Min: 18.8, Avg: 18.8, Max: 19.0, Diff: 0.3, Sum: 150.8]
         [Processed Buffers: Min: 22, Avg: 23.8, Max: 27, Diff: 5, Sum: 190]
      [Scan RS (ms): Min: 12.6, Avg: 12.8, Max: 12.9, Diff: 0.3, Sum: 102.1]
      [Code Root Scanning (ms): Min: 0.0, Avg: 0.0, Max: 0.0, Diff: 0.0, Sum: 0.0]
      [Object Copy (ms): Min: 129.4, Avg: 129.4, Max: 129.5, Diff: 0.2, Sum: 1035.5]
      [Termination (ms): Min: 0.0, Avg: 0.1, Max: 0.2, Diff: 0.2, Sum: 1.2]
         [Termination Attempts: Min: 1, Avg: 1137.6, Max: 1430, Diff: 1429, Sum: 9101]
      [GC Worker Other (ms): Min: 0.0, Avg: 0.0, Max: 0.1, Diff: 0.1, Sum: 0.3]
      [GC Worker Total (ms): Min: 161.2, Avg: 161.3, Max: 161.4, Diff: 0.2, Sum: 1290.3]
      [GC Worker End (ms): Min: 97622.4, Avg: 97622.4, Max: 97622.4, Diff: 0.1]
   [Code Root Fixup: 0.0 ms]
   [Code Root Purge: 0.0 ms]
   [Clear CT: 0.4 ms]
   [Other: 1.5 ms]
      [Choose CSet: 0.0 ms]
      [Ref Proc: 0.2 ms]
      [Ref Enq: 0.0 ms]
      [Redirty Cards: 0.8 ms]
      [Humongous Register: 0.0 ms]
      [Humongous Reclaim: 0.0 ms]
      [Free CSet: 0.2 ms]
   [Eden: 333.0M(333.0M)->0.0B(327.0M) Survivors: 15.0M->44.0M Heap: 414.2M(2048.0M)->400.7M(2048.0M)]
 [Times: user=1.36 sys=0.00, real=0.16 secs] 
2020-09-29T11:57:51.489+0200: 97.790: [GC pause (G1 Evacuation Pause) (young), 0.1866526 secs]
   [Parallel Time: 185.6 ms, GC Workers: 8]
      [GC Worker Start (ms): Min: 97790.6, Avg: 97790.7, Max: 97790.7, Diff: 0.1]
      [Ext Root Scanning (ms): Min: 0.0, Avg: 0.1, Max: 0.1, Diff: 0.1, Sum: 0.5]
      [Update RS (ms): Min: 21.0, Avg: 21.1, Max: 21.3, Diff: 0.3, Sum: 168.7]
         [Processed Buffers: Min: 22, Avg: 25.0, Max: 28, Diff: 6, Sum: 200]
      [Scan RS (ms): Min: 16.4, Avg: 16.6, Max: 16.9, Diff: 0.5, Sum: 132.6]
      [Code Root Scanning (ms): Min: 0.0, Avg: 0.0, Max: 0.0, Diff: 0.0, Sum: 0.0]
      [Object Copy (ms): Min: 147.4, Avg: 147.6, Max: 147.7, Diff: 0.3, Sum: 1181.0]
      [Termination (ms): Min: 0.0, Avg: 0.1, Max: 0.1, Diff: 0.1, Sum: 0.7]
         [Termination Attempts: Min: 1, Avg: 358.3, Max: 575, Diff: 574, Sum: 2866]
      [GC Worker Other (ms): Min: 0.0, Avg: 0.0, Max: 0.0, Diff: 0.0, Sum: 0.1]
      [GC Worker Total (ms): Min: 185.4, Avg: 185.5, Max: 185.5, Diff: 0.1, Sum: 1483.6]
      [GC Worker End (ms): Min: 97976.1, Avg: 97976.1, Max: 97976.1, Diff: 0.0]
   [Code Root Fixup: 0.0 ms]
   [Code Root Purge: 0.0 ms]
   [Clear CT: 0.2 ms]
   [Other: 0.8 ms]
      [Choose CSet: 0.0 ms]
      [Ref Proc: 0.2 ms]
      [Ref Enq: 0.0 ms]
      [Redirty Cards: 0.2 ms]
      [Humongous Register: 0.0 ms]
      [Humongous Reclaim: 0.0 ms]
      [Free CSet: 0.2 ms]
   [Eden: 327.0M(327.0M)->0.0B(313.0M) Survivors: 44.0M->47.0M Heap: 781.1M(2048.0M)->783.1M(2048.0M)]
 [Times: user=1.34 sys=0.01, real=0.19 secs] 
2020-09-29T11:57:51.834+0200: 98.135: [GC pause (G1 Evacuation Pause) (young), 0.1749581 secs]
   [Parallel Time: 173.8 ms, GC Workers: 8]
      [GC Worker Start (ms): Min: 98135.3, Avg: 98135.4, Max: 98135.4, Diff: 0.1]
      [Ext Root Scanning (ms): Min: 0.0, Avg: 0.1, Max: 0.1, Diff: 0.1, Sum: 0.6]
      [Update RS (ms): Min: 19.3, Avg: 19.4, Max: 19.6, Diff: 0.3, Sum: 155.2]
         [Processed Buffers: Min: 21, Avg: 23.9, Max: 27, Diff: 6, Sum: 191]
      [Scan RS (ms): Min: 16.9, Avg: 17.0, Max: 17.3, Diff: 0.3, Sum: 136.4]
      [Code Root Scanning (ms): Min: 0.0, Avg: 0.0, Max: 0.0, Diff: 0.0, Sum: 0.0]
      [Object Copy (ms): Min: 136.9, Avg: 137.0, Max: 137.1, Diff: 0.2, Sum: 1096.1]
      [Termination (ms): Min: 0.0, Avg: 0.0, Max: 0.0, Diff: 0.0, Sum: 0.1]
         [Termination Attempts: Min: 1, Avg: 112.0, Max: 164, Diff: 163, Sum: 896]
      [GC Worker Other (ms): Min: 0.0, Avg: 0.1, Max: 0.1, Diff: 0.1, Sum: 0.7]
      [GC Worker Total (ms): Min: 173.5, Avg: 173.6, Max: 173.7, Diff: 0.2, Sum: 1389.2]
      [GC Worker End (ms): Min: 98309.0, Avg: 98309.0, Max: 98309.1, Diff: 0.1]
   [Code Root Fixup: 0.0 ms]
   [Code Root Purge: 0.0 ms]
   [Clear CT: 0.2 ms]
   [Other: 0.9 ms]
      [Choose CSet: 0.0 ms]
      [Ref Proc: 0.2 ms]
      [Ref Enq: 0.0 ms]
      [Redirty Cards: 0.3 ms]
      [Humongous Register: 0.0 ms]
      [Humongous Reclaim: 0.0 ms]
      [Free CSet: 0.3 ms]
   [Eden: 313.0M(313.0M)->0.0B(314.0M) Survivors: 47.0M->45.0M Heap: 1149.5M(2048.0M)->1151.5M(2048.0M)]
 [Times: user=1.36 sys=0.02, real=0.17 secs] 
2020-09-29T11:57:52.023+0200: 98.324: [GC pause (G1 Humongous Allocation) (young) (initial-mark), 0.0617074 secs]
   [Parallel Time: 59.8 ms, GC Workers: 8]
      [GC Worker Start (ms): Min: 98323.7, Avg: 98323.9, Max: 98324.2, Diff: 0.5]
      [Ext Root Scanning (ms): Min: 0.0, Avg: 0.4, Max: 0.6, Diff: 0.6, Sum: 3.6]
      [Update RS (ms): Min: 33.1, Avg: 33.7, Max: 34.2, Diff: 1.1, Sum: 269.6]
         [Processed Buffers: Min: 42, Avg: 44.0, Max: 45, Diff: 3, Sum: 352]
      [Scan RS (ms): Min: 2.5, Avg: 2.9, Max: 3.0, Diff: 0.6, Sum: 23.1]
      [Code Root Scanning (ms): Min: 0.0, Avg: 0.0, Max: 0.0, Diff: 0.0, Sum: 0.0]
      [Object Copy (ms): Min: 22.3, Avg: 22.4, Max: 22.4, Diff: 0.1, Sum: 179.2]
      [Termination (ms): Min: 0.0, Avg: 0.0, Max: 0.0, Diff: 0.0, Sum: 0.2]
         [Termination Attempts: Min: 1, Avg: 159.4, Max: 222, Diff: 221, Sum: 1275]
      [GC Worker Other (ms): Min: 0.0, Avg: 0.0, Max: 0.0, Diff: 0.0, Sum: 0.1]
      [GC Worker Total (ms): Min: 59.2, Avg: 59.5, Max: 59.6, Diff: 0.5, Sum: 475.7]
      [GC Worker End (ms): Min: 98383.3, Avg: 98383.3, Max: 98383.4, Diff: 0.0]
   [Code Root Fixup: 0.0 ms]
   [Code Root Purge: 0.0 ms]
   [Clear CT: 0.1 ms]
   [Other: 1.8 ms]
      [Choose CSet: 0.0 ms]
      [Ref Proc: 0.2 ms]
      [Ref Enq: 0.0 ms]
      [Redirty Cards: 1.3 ms]
      [Humongous Register: 0.0 ms]
      [Humongous Reclaim: 0.0 ms]
      [Free CSet: 0.1 ms]
   [Eden: 12.0M(314.0M)->0.0B(334.0M) Survivors: 45.0M->13.0M Heap: 1163.0M(2048.0M)->1166.5M(2048.0M)]
 [Times: user=0.50 sys=0.00, real=0.06 secs] 
2020-09-29T11:57:52.084+0200: 98.385: [GC concurrent-root-region-scan-start]
2020-09-29T11:57:52.087+0200: 98.388: [GC concurrent-root-region-scan-end, 0.0021142 secs]
2020-09-29T11:57:52.087+0200: 98.388: [GC concurrent-mark-start]
2020-09-29T11:57:52.089+0200: 98.390: [GC concurrent-mark-end, 0.0023292 secs]
2020-09-29T11:57:52.089+0200: 98.390: [GC remark 2020-09-29T11:57:52.089+0200: 98.390: [Finalize Marking, 0.0001557 secs] 2020-09-29T11:57:52.089+0200: 98.390: [GC ref-proc, 0.0002725 secs] 2020-09-29T11:57:52.089+0200: 98.390: [Unloading, 0.0004113 secs], 0.0011937 secs]
 [Times: user=0.00 sys=0.00, real=0.00 secs] 
2020-09-29T11:57:52.091+0200: 98.392: [GC cleanup 1178M->33M(2048M), 0.0010954 secs]
 [Times: user=0.00 sys=0.00, real=0.00 secs] 
2020-09-29T11:57:52.092+0200: 98.393: [GC concurrent-cleanup-start]
2020-09-29T11:57:52.093+0200: 98.394: [GC concurrent-cleanup-end, 0.0015687 secs]
2020-09-29T11:57:52.250+0200: 98.551: [GC pause (G1 Evacuation Pause) (young), 0.1645611 secs]
   [Parallel Time: 163.4 ms, GC Workers: 8]
      [GC Worker Start (ms): Min: 98550.6, Avg: 98550.7, Max: 98550.8, Diff: 0.1]
      [Ext Root Scanning (ms): Min: 0.0, Avg: 0.1, Max: 0.1, Diff: 0.1, Sum: 0.5]
      [Update RS (ms): Min: 22.5, Avg: 22.6, Max: 22.9, Diff: 0.4, Sum: 180.5]
         [Processed Buffers: Min: 27, Avg: 28.4, Max: 30, Diff: 3, Sum: 227]
      [Scan RS (ms): Min: 11.2, Avg: 11.4, Max: 11.6, Diff: 0.4, Sum: 91.4]
      [Code Root Scanning (ms): Min: 0.0, Avg: 0.0, Max: 0.0, Diff: 0.0, Sum: 0.0]
      [Object Copy (ms): Min: 129.0, Avg: 129.0, Max: 129.2, Diff: 0.2, Sum: 1032.4]
      [Termination (ms): Min: 0.0, Avg: 0.0, Max: 0.0, Diff: 0.0, Sum: 0.2]
         [Termination Attempts: Min: 1, Avg: 128.6, Max: 166, Diff: 165, Sum: 1029]
      [GC Worker Other (ms): Min: 0.0, Avg: 0.0, Max: 0.1, Diff: 0.1, Sum: 0.3]
      [GC Worker Total (ms): Min: 163.1, Avg: 163.2, Max: 163.2, Diff: 0.1, Sum: 1305.3]
      [GC Worker End (ms): Min: 98713.9, Avg: 98713.9, Max: 98713.9, Diff: 0.1]
   [Code Root Fixup: 0.0 ms]
   [Code Root Purge: 0.0 ms]
   [Clear CT: 0.2 ms]
   [Other: 1.0 ms]
      [Choose CSet: 0.0 ms]
      [Ref Proc: 0.2 ms]
      [Ref Enq: 0.0 ms]
      [Redirty Cards: 0.3 ms]
      [Humongous Register: 0.0 ms]
      [Humongous Reclaim: 0.0 ms]
      [Free CSet: 0.2 ms]
   [Eden: 334.0M(334.0M)->0.0B(334.0M) Survivors: 13.0M->44.0M Heap: 413.2M(2048.0M)->402.2M(2048.0M)]
 [Times: user=1.38 sys=0.00, real=0.16 secs] 
2020-09-29T11:57:52.590+0200: 98.891: [GC pause (G1 Evacuation Pause) (young), 0.1854869 secs]
   [Parallel Time: 184.4 ms, GC Workers: 8]
      [GC Worker Start (ms): Min: 98890.9, Avg: 98891.0, Max: 98891.1, Diff: 0.2]
      [Ext Root Scanning (ms): Min: 0.0, Avg: 0.1, Max: 0.1, Diff: 0.1, Sum: 0.4]
      [Update RS (ms): Min: 18.8, Avg: 18.9, Max: 19.1, Diff: 0.3, Sum: 151.2]
         [Processed Buffers: Min: 21, Avg: 23.1, Max: 25, Diff: 4, Sum: 185]
      [Scan RS (ms): Min: 17.2, Avg: 17.5, Max: 17.7, Diff: 0.5, Sum: 139.9]
      [Code Root Scanning (ms): Min: 0.0, Avg: 0.0, Max: 0.0, Diff: 0.0, Sum: 0.0]
      [Object Copy (ms): Min: 147.5, Avg: 147.8, Max: 147.8, Diff: 0.3, Sum: 1182.0]
      [Termination (ms): Min: 0.0, Avg: 0.0, Max: 0.0, Diff: 0.0, Sum: 0.1]
         [Termination Attempts: Min: 1, Avg: 65.4, Max: 95, Diff: 94, Sum: 523]
      [GC Worker Other (ms): Min: 0.0, Avg: 0.0, Max: 0.1, Diff: 0.1, Sum: 0.4]
      [GC Worker Total (ms): Min: 184.2, Avg: 184.3, Max: 184.3, Diff: 0.2, Sum: 1474.1]
      [GC Worker End (ms): Min: 99075.2, Avg: 99075.3, Max: 99075.3, Diff: 0.1]
   [Code Root Fixup: 0.0 ms]
   [Code Root Purge: 0.0 ms]
   [Clear CT: 0.2 ms]
   [Other: 0.9 ms]
      [Choose CSet: 0.0 ms]
      [Ref Proc: 0.2 ms]
      [Ref Enq: 0.0 ms]
      [Redirty Cards: 0.2 ms]
      [Humongous Register: 0.0 ms]
      [Humongous Reclaim: 0.0 ms]
      [Free CSet: 0.2 ms]
   [Eden: 334.0M(334.0M)->0.0B(320.0M) Survivors: 44.0M->48.0M Heap: 791.5M(2048.0M)->793.0M(2048.0M)]
 [Times: user=1.48 sys=0.01, real=0.19 secs] 
2020-09-29T11:57:52.954+0200: 99.254: [GC pause (G1 Evacuation Pause) (young), 0.1799095 secs]
   [Parallel Time: 178.8 ms, GC Workers: 8]
      [GC Worker Start (ms): Min: 99254.6, Avg: 99254.7, Max: 99254.8, Diff: 0.2]
      [Ext Root Scanning (ms): Min: 0.0, Avg: 0.1, Max: 0.2, Diff: 0.2, Sum: 0.5]
      [Update RS (ms): Min: 19.3, Avg: 19.4, Max: 19.6, Diff: 0.2, Sum: 155.3]
         [Processed Buffers: Min: 19, Avg: 21.9, Max: 25, Diff: 6, Sum: 175]
      [Scan RS (ms): Min: 18.8, Avg: 18.9, Max: 19.0, Diff: 0.1, Sum: 151.2]
      [Code Root Scanning (ms): Min: 0.0, Avg: 0.0, Max: 0.0, Diff: 0.0, Sum: 0.0]
      [Object Copy (ms): Min: 139.8, Avg: 140.0, Max: 140.2, Diff: 0.4, Sum: 1119.9]
      [Termination (ms): Min: 0.0, Avg: 0.2, Max: 0.2, Diff: 0.2, Sum: 1.5]
         [Termination Attempts: Min: 1, Avg: 94.9, Max: 126, Diff: 125, Sum: 759]
      [GC Worker Other (ms): Min: 0.0, Avg: 0.0, Max: 0.0, Diff: 0.0, Sum: 0.1]
      [GC Worker Total (ms): Min: 178.5, Avg: 178.6, Max: 178.7, Diff: 0.2, Sum: 1428.6]
      [GC Worker End (ms): Min: 99433.3, Avg: 99433.3, Max: 99433.3, Diff: 0.0]
   [Code Root Fixup: 0.0 ms]
   [Code Root Purge: 0.0 ms]
   [Clear CT: 0.2 ms]
   [Other: 0.9 ms]
      [Choose CSet: 0.0 ms]
      [Ref Proc: 0.2 ms]
      [Ref Enq: 0.0 ms]
      [Redirty Cards: 0.2 ms]
      [Humongous Register: 0.1 ms]
      [Humongous Reclaim: 0.0 ms]
      [Free CSet: 0.3 ms]
   [Eden: 320.0M(320.0M)->0.0B(314.0M) Survivors: 48.0M->46.0M Heap: 1166.4M(2048.0M)->1168.4M(2048.0M)]
 [Times: user=1.50 sys=0.00, real=0.18 secs] 
2020-09-29T11:57:53.143+0200: 99.444: [GC pause (G1 Humongous Allocation) (young) (initial-mark), 0.0611694 secs]
   [Parallel Time: 60.2 ms, GC Workers: 8]
      [GC Worker Start (ms): Min: 99443.9, Avg: 99444.0, Max: 99444.1, Diff: 0.2]
      [Ext Root Scanning (ms): Min: 0.0, Avg: 0.2, Max: 0.3, Diff: 0.3, Sum: 1.4]
      [Update RS (ms): Min: 36.6, Avg: 36.9, Max: 37.2, Diff: 0.6, Sum: 295.0]
         [Processed Buffers: Min: 46, Avg: 48.3, Max: 50, Diff: 4, Sum: 386]
      [Scan RS (ms): Min: 2.6, Avg: 2.9, Max: 3.0, Diff: 0.4, Sum: 23.0]
      [Code Root Scanning (ms): Min: 0.0, Avg: 0.0, Max: 0.0, Diff: 0.0, Sum: 0.0]
      [Object Copy (ms): Min: 20.0, Avg: 20.1, Max: 20.1, Diff: 0.1, Sum: 160.7]
      [Termination (ms): Min: 0.0, Avg: 0.0, Max: 0.0, Diff: 0.0, Sum: 0.0]
         [Termination Attempts: Min: 1, Avg: 4.1, Max: 7, Diff: 6, Sum: 33]
      [GC Worker Other (ms): Min: 0.0, Avg: 0.0, Max: 0.0, Diff: 0.0, Sum: 0.1]
      [GC Worker Total (ms): Min: 59.9, Avg: 60.0, Max: 60.1, Diff: 0.2, Sum: 480.2]
      [GC Worker End (ms): Min: 99504.0, Avg: 99504.0, Max: 99504.0, Diff: 0.0]
   [Code Root Fixup: 0.0 ms]
   [Code Root Purge: 0.0 ms]
   [Clear CT: 0.2 ms]
   [Other: 0.8 ms]
      [Choose CSet: 0.0 ms]
      [Ref Proc: 0.1 ms]
      [Ref Enq: 0.0 ms]
      [Redirty Cards: 0.2 ms]
      [Humongous Register: 0.1 ms]
      [Humongous Reclaim: 0.0 ms]
      [Free CSet: 0.1 ms]
   [Eden: 8192.0K(314.0M)->0.0B(327.0M) Survivors: 46.0M->10.0M Heap: 1176.4M(2048.0M)->1180.9M(2048.0M)]
 [Times: user=0.48 sys=0.00, real=0.06 secs] 
2020-09-29T11:57:53.205+0200: 99.505: [GC concurrent-root-region-scan-start]
2020-09-29T11:57:53.206+0200: 99.507: [GC concurrent-root-region-scan-end, 0.0014946 secs]
2020-09-29T11:57:53.206+0200: 99.507: [GC concurrent-mark-start]
2020-09-29T11:57:53.208+0200: 99.509: [GC concurrent-mark-end, 0.0022620 secs]
2020-09-29T11:57:53.209+0200: 99.509: [GC remark 2020-09-29T11:57:53.209+0200: 99.509: [Finalize Marking, 0.0002737 secs] 2020-09-29T11:57:53.209+0200: 99.509: [GC ref-proc, 0.0003303 secs] 2020-09-29T11:57:53.209+0200: 99.510: [Unloading, 0.0004180 secs], 0.0013292 secs]
 [Times: user=0.00 sys=0.00, real=0.00 secs] 
2020-09-29T11:57:53.210+0200: 99.511: [GC cleanup 1191M->29M(2048M), 0.0011515 secs]
 [Times: user=0.00 sys=0.00, real=0.00 secs] 
2020-09-29T11:57:53.211+0200: 99.512: [GC concurrent-cleanup-start]
2020-09-29T11:57:53.213+0200: 99.513: [GC concurrent-cleanup-end, 0.0014079 secs]
2020-09-29T11:57:53.371+0200: 99.672: [GC pause (G1 Evacuation Pause) (young), 0.1588806 secs]
   [Parallel Time: 157.8 ms, GC Workers: 8]
      [GC Worker Start (ms): Min: 99671.8, Avg: 99671.9, Max: 99672.0, Diff: 0.2]
      [Ext Root Scanning (ms): Min: 0.0, Avg: 0.1, Max: 0.2, Diff: 0.2, Sum: 0.5]
      [Update RS (ms): Min: 21.3, Avg: 21.5, Max: 21.8, Diff: 0.5, Sum: 172.2]
         [Processed Buffers: Min: 25, Avg: 26.4, Max: 28, Diff: 3, Sum: 211]
      [Scan RS (ms): Min: 10.9, Avg: 11.2, Max: 11.4, Diff: 0.5, Sum: 89.7]
      [Code Root Scanning (ms): Min: 0.0, Avg: 0.0, Max: 0.0, Diff: 0.0, Sum: 0.0]
      [Object Copy (ms): Min: 124.6, Avg: 124.7, Max: 124.8, Diff: 0.2, Sum: 997.7]
      [Termination (ms): Min: 0.0, Avg: 0.0, Max: 0.0, Diff: 0.0, Sum: 0.1]
         [Termination Attempts: Min: 1, Avg: 93.4, Max: 131, Diff: 130, Sum: 747]
      [GC Worker Other (ms): Min: 0.0, Avg: 0.0, Max: 0.1, Diff: 0.1, Sum: 0.3]
      [GC Worker Total (ms): Min: 157.5, Avg: 157.6, Max: 157.6, Diff: 0.1, Sum: 1260.6]
      [GC Worker End (ms): Min: 99829.5, Avg: 99829.5, Max: 99829.5, Diff: 0.1]
   [Code Root Fixup: 0.0 ms]
   [Code Root Purge: 0.0 ms]
   [Clear CT: 0.2 ms]
   [Other: 0.9 ms]
      [Choose CSet: 0.0 ms]
      [Ref Proc: 0.1 ms]
      [Ref Enq: 0.0 ms]
      [Redirty Cards: 0.3 ms]
      [Humongous Register: 0.0 ms]
      [Humongous Reclaim: 0.0 ms]
      [Free CSet: 0.3 ms]
   [Eden: 327.0M(327.0M)->0.0B(338.0M) Survivors: 10.0M->43.0M Heap: 401.3M(2048.0M)->393.3M(2048.0M)]
 [Times: user=1.25 sys=0.00, real=0.16 secs] 
2020-09-29T11:57:53.691+0200: 99.991: [GC pause (G1 Evacuation Pause) (young), 0.1793721 secs]
   [Parallel Time: 177.7 ms, GC Workers: 8]
      [GC Worker Start (ms): Min: 99991.4, Avg: 99991.5, Max: 99991.6, Diff: 0.2]
      [Ext Root Scanning (ms): Min: 0.0, Avg: 0.1, Max: 0.2, Diff: 0.2, Sum: 0.6]
      [Update RS (ms): Min: 14.6, Avg: 14.7, Max: 14.8, Diff: 0.3, Sum: 117.4]
         [Processed Buffers: Min: 17, Avg: 18.8, Max: 21, Diff: 4, Sum: 150]
      [Scan RS (ms): Min: 20.4, Avg: 20.5, Max: 20.6, Diff: 0.2, Sum: 164.1]
      [Code Root Scanning (ms): Min: 0.0, Avg: 0.0, Max: 0.0, Diff: 0.0, Sum: 0.0]
      [Object Copy (ms): Min: 142.1, Avg: 142.2, Max: 142.3, Diff: 0.2, Sum: 1137.9]
      [Termination (ms): Min: 0.0, Avg: 0.0, Max: 0.0, Diff: 0.0, Sum: 0.2]
         [Termination Attempts: Min: 1, Avg: 132.5, Max: 192, Diff: 191, Sum: 1060]
      [GC Worker Other (ms): Min: 0.0, Avg: 0.0, Max: 0.1, Diff: 0.1, Sum: 0.3]
      [GC Worker Total (ms): Min: 177.5, Avg: 177.5, Max: 177.6, Diff: 0.2, Sum: 1420.4]
      [GC Worker End (ms): Min: 100169.0, Avg: 100169.1, Max: 100169.1, Diff: 0.1]
   [Code Root Fixup: 0.0 ms]
   [Code Root Purge: 0.0 ms]
   [Clear CT: 0.6 ms]
   [Other: 1.1 ms]
      [Choose CSet: 0.0 ms]
      [Ref Proc: 0.2 ms]
      [Ref Enq: 0.0 ms]
      [Redirty Cards: 0.4 ms]
      [Humongous Register: 0.0 ms]
      [Humongous Reclaim: 0.0 ms]
      [Free CSet: 0.2 ms]
   [Eden: 338.0M(338.0M)->0.0B(323.0M) Survivors: 43.0M->48.0M Heap: 788.5M(2048.0M)->791.0M(2048.0M)]
 [Times: user=1.47 sys=0.03, real=0.18 secs] 
2020-09-29T11:57:54.025+0200: 100.326: [GC pause (G1 Evacuation Pause) (young), 0.1775407 secs]
   [Parallel Time: 176.5 ms, GC Workers: 8]
      [GC Worker Start (ms): Min: 100326.2, Avg: 100326.3, Max: 100326.3, Diff: 0.2]
      [Ext Root Scanning (ms): Min: 0.0, Avg: 0.1, Max: 0.2, Diff: 0.2, Sum: 0.6]
      [Update RS (ms): Min: 16.3, Avg: 16.4, Max: 16.5, Diff: 0.1, Sum: 131.0]
         [Processed Buffers: Min: 19, Avg: 20.5, Max: 22, Diff: 3, Sum: 164]
      [Scan RS (ms): Min: 17.7, Avg: 17.9, Max: 18.1, Diff: 0.3, Sum: 143.4]
      [Code Root Scanning (ms): Min: 0.0, Avg: 0.0, Max: 0.0, Diff: 0.0, Sum: 0.0]
      [Object Copy (ms): Min: 141.8, Avg: 141.9, Max: 141.9, Diff: 0.2, Sum: 1134.9]
      [Termination (ms): Min: 0.0, Avg: 0.0, Max: 0.1, Diff: 0.1, Sum: 0.4]
         [Termination Attempts: Min: 1, Avg: 375.1, Max: 474, Diff: 473, Sum: 3001]
      [GC Worker Other (ms): Min: 0.0, Avg: 0.0, Max: 0.1, Diff: 0.0, Sum: 0.3]
      [GC Worker Total (ms): Min: 176.3, Avg: 176.3, Max: 176.4, Diff: 0.2, Sum: 1410.6]
      [GC Worker End (ms): Min: 100502.6, Avg: 100502.6, Max: 100502.6, Diff: 0.0]
   [Code Root Fixup: 0.0 ms]
   [Code Root Purge: 0.0 ms]
   [Clear CT: 0.2 ms]
   [Other: 0.9 ms]
      [Choose CSet: 0.0 ms]
      [Ref Proc: 0.2 ms]
      [Ref Enq: 0.0 ms]
      [Redirty Cards: 0.2 ms]
      [Humongous Register: 0.0 ms]
      [Humongous Reclaim: 0.0 ms]
      [Free CSet: 0.2 ms]
   [Eden: 323.0M(323.0M)->0.0B(321.0M) Survivors: 48.0M->47.0M Heap: 1167.4M(2048.0M)->1169.4M(2048.0M)]
 [Times: user=1.38 sys=0.00, real=0.18 secs] 
2020-09-29T11:57:54.207+0200: 100.508: [GC pause (G1 Humongous Allocation) (young) (initial-mark), 0.0689790 secs]
   [Parallel Time: 68.2 ms, GC Workers: 8]
      [GC Worker Start (ms): Min: 100508.6, Avg: 100508.6, Max: 100508.7, Diff: 0.1]
      [Ext Root Scanning (ms): Min: 0.0, Avg: 0.1, Max: 0.1, Diff: 0.1, Sum: 0.6]
      [Update RS (ms): Min: 43.1, Avg: 43.3, Max: 43.8, Diff: 0.7, Sum: 346.5]
         [Processed Buffers: Min: 53, Avg: 57.3, Max: 59, Diff: 6, Sum: 458]
      [Scan RS (ms): Min: 1.1, Avg: 1.6, Max: 1.8, Diff: 0.7, Sum: 12.4]
      [Code Root Scanning (ms): Min: 0.0, Avg: 0.0, Max: 0.0, Diff: 0.0, Sum: 0.0]
      [Object Copy (ms): Min: 23.0, Avg: 23.0, Max: 23.1, Diff: 0.1, Sum: 184.3]
      [Termination (ms): Min: 0.0, Avg: 0.0, Max: 0.0, Diff: 0.0, Sum: 0.0]
         [Termination Attempts: Min: 1, Avg: 7.1, Max: 10, Diff: 9, Sum: 57]
      [GC Worker Other (ms): Min: 0.0, Avg: 0.0, Max: 0.0, Diff: 0.0, Sum: 0.2]
      [GC Worker Total (ms): Min: 68.0, Avg: 68.0, Max: 68.1, Diff: 0.1, Sum: 544.1]
      [GC Worker End (ms): Min: 100576.6, Avg: 100576.6, Max: 100576.6, Diff: 0.0]
   [Code Root Fixup: 0.0 ms]
   [Code Root Purge: 0.0 ms]
   [Clear CT: 0.2 ms]
   [Other: 0.6 ms]
      [Choose CSet: 0.0 ms]
      [Ref Proc: 0.2 ms]
      [Ref Enq: 0.0 ms]
      [Redirty Cards: 0.2 ms]
      [Humongous Register: 0.0 ms]
      [Humongous Reclaim: 0.0 ms]
      [Free CSet: 0.1 ms]
   [Eden: 8192.0K(321.0M)->0.0B(326.0M) Survivors: 47.0M->10.0M Heap: 1177.4M(2048.0M)->1181.9M(2048.0M)]
 [Times: user=0.50 sys=0.00, real=0.07 secs] 
2020-09-29T11:57:54.276+0200: 100.578: [GC concurrent-root-region-scan-start]
2020-09-29T11:57:54.278+0200: 100.579: [GC concurrent-root-region-scan-end, 0.0019104 secs]
2020-09-29T11:57:54.278+0200: 100.579: [GC concurrent-mark-start]
2020-09-29T11:57:54.282+0200: 100.583: [GC concurrent-mark-end, 0.0036783 secs]
2020-09-29T11:57:54.282+0200: 100.583: [GC remark 2020-09-29T11:57:54.282+0200: 100.583: [Finalize Marking, 0.0002271 secs] 2020-09-29T11:57:54.283+0200: 100.584: [GC ref-proc, 0.0003991 secs] 2020-09-29T11:57:54.283+0200: 100.584: [Unloading, 0.0004417 secs], 0.0015349 secs]
 [Times: user=0.00 sys=0.00, real=0.00 secs] 
2020-09-29T11:57:54.284+0200: 100.585: [GC cleanup 1194M->31M(2048M), 0.0013145 secs]
 [Times: user=0.02 sys=0.02, real=0.00 secs] 
2020-09-29T11:57:54.286+0200: 100.587: [GC concurrent-cleanup-start]
2020-09-29T11:57:54.288+0200: 100.589: [GC concurrent-cleanup-end, 0.0027254 secs]
2020-09-29T11:57:54.456+0200: 100.757: [GC pause (G1 Evacuation Pause) (young), 0.1599805 secs]
   [Parallel Time: 158.9 ms, GC Workers: 8]
      [GC Worker Start (ms): Min: 100757.5, Avg: 100757.6, Max: 100757.6, Diff: 0.2]
      [Ext Root Scanning (ms): Min: 0.0, Avg: 0.1, Max: 0.1, Diff: 0.1, Sum: 0.4]
      [Update RS (ms): Min: 21.6, Avg: 22.0, Max: 23.9, Diff: 2.3, Sum: 176.4]
         [Processed Buffers: Min: 23, Avg: 25.9, Max: 29, Diff: 6, Sum: 207]
      [Scan RS (ms): Min: 9.6, Avg: 11.6, Max: 13.2, Diff: 3.6, Sum: 93.2]
      [Code Root Scanning (ms): Min: 0.0, Avg: 0.0, Max: 0.0, Diff: 0.0, Sum: 0.0]
      [Object Copy (ms): Min: 123.5, Avg: 124.8, Max: 125.0, Diff: 1.5, Sum: 998.3]
      [Termination (ms): Min: 0.0, Avg: 0.0, Max: 0.1, Diff: 0.1, Sum: 0.4]
         [Termination Attempts: Min: 1, Avg: 309.6, Max: 383, Diff: 382, Sum: 2477]
      [GC Worker Other (ms): Min: 0.0, Avg: 0.0, Max: 0.1, Diff: 0.0, Sum: 0.3]
      [GC Worker Total (ms): Min: 158.5, Avg: 158.6, Max: 158.7, Diff: 0.2, Sum: 1269.0]
      [GC Worker End (ms): Min: 100916.2, Avg: 100916.2, Max: 100916.2, Diff: 0.0]
   [Code Root Fixup: 0.0 ms]
   [Code Root Purge: 0.0 ms]
   [Clear CT: 0.2 ms]
   [Other: 0.9 ms]
      [Choose CSet: 0.0 ms]
      [Ref Proc: 0.2 ms]
      [Ref Enq: 0.0 ms]
      [Redirty Cards: 0.3 ms]
      [Humongous Register: 0.0 ms]
      [Humongous Reclaim: 0.0 ms]
      [Free CSet: 0.2 ms]
   [Eden: 326.0M(326.0M)->0.0B(329.0M) Survivors: 10.0M->42.0M Heap: 400.3M(2048.0M)->392.3M(2048.0M)]
 [Times: user=1.30 sys=0.00, real=0.16 secs] 
2020-09-29T11:57:54.775+0200: 101.076: [GC pause (G1 Evacuation Pause) (young), 0.1763166 secs]
   [Parallel Time: 175.0 ms, GC Workers: 8]
      [GC Worker Start (ms): Min: 101076.6, Avg: 101076.7, Max: 101076.7, Diff: 0.2]
      [Ext Root Scanning (ms): Min: 0.0, Avg: 0.1, Max: 0.2, Diff: 0.2, Sum: 0.5]
      [Update RS (ms): Min: 16.1, Avg: 16.2, Max: 16.4, Diff: 0.3, Sum: 129.8]
         [Processed Buffers: Min: 18, Avg: 20.3, Max: 22, Diff: 4, Sum: 162]
      [Scan RS (ms): Min: 18.1, Avg: 18.3, Max: 18.5, Diff: 0.4, Sum: 146.7]
      [Code Root Scanning (ms): Min: 0.0, Avg: 0.0, Max: 0.0, Diff: 0.0, Sum: 0.0]
      [Object Copy (ms): Min: 140.1, Avg: 140.1, Max: 140.3, Diff: 0.2, Sum: 1121.0]
      [Termination (ms): Min: 0.0, Avg: 0.0, Max: 0.0, Diff: 0.0, Sum: 0.2]
         [Termination Attempts: Min: 1, Avg: 168.4, Max: 260, Diff: 259, Sum: 1347]
      [GC Worker Other (ms): Min: 0.0, Avg: 0.0, Max: 0.1, Diff: 0.1, Sum: 0.3]
      [GC Worker Total (ms): Min: 174.7, Avg: 174.8, Max: 174.9, Diff: 0.2, Sum: 1398.6]
      [GC Worker End (ms): Min: 101251.5, Avg: 101251.5, Max: 101251.5, Diff: 0.1]
   [Code Root Fixup: 0.0 ms]
   [Code Root Purge: 0.0 ms]
   [Clear CT: 0.3 ms]
   [Other: 1.0 ms]
      [Choose CSet: 0.0 ms]
      [Ref Proc: 0.2 ms]
      [Ref Enq: 0.0 ms]
      [Redirty Cards: 0.3 ms]
      [Humongous Register: 0.0 ms]
      [Humongous Reclaim: 0.0 ms]
      [Free CSet: 0.3 ms]
   [Eden: 329.0M(329.0M)->0.0B(320.0M) Survivors: 42.0M->47.0M Heap: 776.6M(2048.0M)->779.1M(2048.0M)]
 [Times: user=1.38 sys=0.00, real=0.18 secs] 
2020-09-29T11:57:55.110+0200: 101.411: [GC pause (G1 Evacuation Pause) (young), 0.1751043 secs]
   [Parallel Time: 173.6 ms, GC Workers: 8]
      [GC Worker Start (ms): Min: 101411.0, Avg: 101411.1, Max: 101411.2, Diff: 0.1]
      [Ext Root Scanning (ms): Min: 0.0, Avg: 0.1, Max: 0.1, Diff: 0.1, Sum: 0.5]
      [Update RS (ms): Min: 15.8, Avg: 15.8, Max: 15.9, Diff: 0.1, Sum: 126.5]
         [Processed Buffers: Min: 19, Avg: 20.3, Max: 22, Diff: 3, Sum: 162]
      [Scan RS (ms): Min: 17.6, Avg: 17.7, Max: 17.8, Diff: 0.2, Sum: 141.4]
      [Code Root Scanning (ms): Min: 0.0, Avg: 0.0, Max: 0.0, Diff: 0.0, Sum: 0.0]
      [Object Copy (ms): Min: 139.6, Avg: 139.8, Max: 139.8, Diff: 0.2, Sum: 1118.1]
      [Termination (ms): Min: 0.0, Avg: 0.0, Max: 0.0, Diff: 0.0, Sum: 0.3]
         [Termination Attempts: Min: 1, Avg: 228.1, Max: 290, Diff: 289, Sum: 1825]
      [GC Worker Other (ms): Min: 0.0, Avg: 0.0, Max: 0.1, Diff: 0.1, Sum: 0.3]
      [GC Worker Total (ms): Min: 173.3, Avg: 173.4, Max: 173.5, Diff: 0.2, Sum: 1387.1]
      [GC Worker End (ms): Min: 101584.5, Avg: 101584.5, Max: 101584.5, Diff: 0.1]
   [Code Root Fixup: 0.0 ms]
   [Code Root Purge: 0.0 ms]
   [Clear CT: 0.2 ms]
   [Other: 1.3 ms]
      [Choose CSet: 0.0 ms]
      [Ref Proc: 0.2 ms]
      [Ref Enq: 0.0 ms]
      [Redirty Cards: 0.3 ms]
      [Humongous Register: 0.0 ms]
      [Humongous Reclaim: 0.0 ms]
      [Free CSet: 0.6 ms]
   [Eden: 320.0M(320.0M)->0.0B(320.0M) Survivors: 47.0M->46.0M Heap: 1152.5M(2048.0M)->1155.0M(2048.0M)]
 [Times: user=1.39 sys=0.00, real=0.18 secs] 
2020-09-29T11:57:55.298+0200: 101.599: [GC pause (G1 Humongous Allocation) (young) (initial-mark), 0.0606300 secs]
   [Parallel Time: 59.7 ms, GC Workers: 8]
      [GC Worker Start (ms): Min: 101598.8, Avg: 101598.9, Max: 101599.0, Diff: 0.1]
      [Ext Root Scanning (ms): Min: 0.0, Avg: 0.1, Max: 0.3, Diff: 0.3, Sum: 1.1]
      [Update RS (ms): Min: 34.1, Avg: 34.3, Max: 34.5, Diff: 0.3, Sum: 274.2]
         [Processed Buffers: Min: 42, Avg: 43.8, Max: 45, Diff: 3, Sum: 350]
      [Scan RS (ms): Min: 2.8, Avg: 2.9, Max: 3.1, Diff: 0.3, Sum: 23.5]
      [Code Root Scanning (ms): Min: 0.0, Avg: 0.0, Max: 0.0, Diff: 0.0, Sum: 0.0]
      [Object Copy (ms): Min: 22.1, Avg: 22.2, Max: 22.2, Diff: 0.1, Sum: 177.3]
      [Termination (ms): Min: 0.0, Avg: 0.1, Max: 0.1, Diff: 0.1, Sum: 0.6]
         [Termination Attempts: Min: 1, Avg: 256.3, Max: 360, Diff: 359, Sum: 2050]
      [GC Worker Other (ms): Min: 0.0, Avg: 0.0, Max: 0.0, Diff: 0.0, Sum: 0.1]
      [GC Worker Total (ms): Min: 59.5, Avg: 59.6, Max: 59.7, Diff: 0.2, Sum: 476.9]
      [GC Worker End (ms): Min: 101658.5, Avg: 101658.5, Max: 101658.5, Diff: 0.0]
   [Code Root Fixup: 0.0 ms]
   [Code Root Purge: 0.0 ms]
   [Clear CT: 0.2 ms]
   [Other: 0.7 ms]
      [Choose CSet: 0.0 ms]
      [Ref Proc: 0.2 ms]
      [Ref Enq: 0.0 ms]
      [Redirty Cards: 0.1 ms]
      [Humongous Register: 0.0 ms]
      [Humongous Reclaim: 0.0 ms]
      [Free CSet: 0.1 ms]
   [Eden: 10.0M(320.0M)->0.0B(333.0M) Survivors: 46.0M->11.0M Heap: 1164.5M(2048.0M)->1168.0M(2048.0M)]
 [Times: user=0.50 sys=0.00, real=0.06 secs] 
2020-09-29T11:57:55.358+0200: 101.659: [GC concurrent-root-region-scan-start]
2020-09-29T11:57:55.361+0200: 101.662: [GC concurrent-root-region-scan-end, 0.0026379 secs]
2020-09-29T11:57:55.361+0200: 101.662: [GC concurrent-mark-start]
2020-09-29T11:57:55.365+0200: 101.666: [GC concurrent-mark-end, 0.0038100 secs]
2020-09-29T11:57:55.365+0200: 101.666: [GC remark 2020-09-29T11:57:55.365+0200: 101.666: [Finalize Marking, 0.0001365 secs] 2020-09-29T11:57:55.365+0200: 101.666: [GC ref-proc, 0.0002805 secs] 2020-09-29T11:57:55.365+0200: 101.667: [Unloading, 0.0004038 secs], 0.0011543 secs]
 [Times: user=0.00 sys=0.00, real=0.00 secs] 
2020-09-29T11:57:55.366+0200: 101.667: [GC cleanup 1183M->34M(2048M), 0.0013211 secs]
 [Times: user=0.00 sys=0.00, real=0.00 secs] 
2020-09-29T11:57:55.368+0200: 101.669: [GC concurrent-cleanup-start]
2020-09-29T11:57:55.369+0200: 101.670: [GC concurrent-cleanup-end, 0.0014700 secs]
2020-09-29T11:57:55.518+0200: 101.819: [GC pause (G1 Evacuation Pause) (young), 0.1733899 secs]
   [Parallel Time: 171.5 ms, GC Workers: 8]
      [GC Worker Start (ms): Min: 101818.7, Avg: 101818.8, Max: 101818.9, Diff: 0.2]
      [Ext Root Scanning (ms): Min: 0.0, Avg: 0.1, Max: 0.1, Diff: 0.1, Sum: 0.4]
      [Update RS (ms): Min: 19.3, Avg: 19.4, Max: 19.9, Diff: 0.6, Sum: 155.5]
         [Processed Buffers: Min: 21, Avg: 24.3, Max: 28, Diff: 7, Sum: 194]
      [Scan RS (ms): Min: 13.6, Avg: 14.1, Max: 14.4, Diff: 0.7, Sum: 112.9]
      [Code Root Scanning (ms): Min: 0.0, Avg: 0.0, Max: 0.0, Diff: 0.0, Sum: 0.0]
      [Object Copy (ms): Min: 137.6, Avg: 137.7, Max: 137.8, Diff: 0.2, Sum: 1101.7]
      [Termination (ms): Min: 0.0, Avg: 0.0, Max: 0.0, Diff: 0.0, Sum: 0.1]
         [Termination Attempts: Min: 1, Avg: 65.4, Max: 86, Diff: 85, Sum: 523]
      [GC Worker Other (ms): Min: 0.0, Avg: 0.0, Max: 0.1, Diff: 0.1, Sum: 0.3]
      [GC Worker Total (ms): Min: 171.3, Avg: 171.4, Max: 171.5, Diff: 0.2, Sum: 1370.9]
      [GC Worker End (ms): Min: 101990.2, Avg: 101990.2, Max: 101990.2, Diff: 0.1]
   [Code Root Fixup: 0.0 ms]
   [Code Root Purge: 0.0 ms]
   [Clear CT: 0.2 ms]
   [Other: 1.6 ms]
      [Choose CSet: 0.0 ms]
      [Ref Proc: 0.3 ms]
      [Ref Enq: 0.0 ms]
      [Redirty Cards: 0.8 ms]
      [Humongous Register: 0.0 ms]
      [Humongous Reclaim: 0.0 ms]
      [Free CSet: 0.3 ms]
   [Eden: 333.0M(333.0M)->0.0B(324.0M) Survivors: 11.0M->43.0M Heap: 409.7M(2048.0M)->401.2M(2048.0M)]
 [Times: user=1.36 sys=0.00, real=0.17 secs] 
2020-09-29T11:57:55.867+0200: 102.168: [GC pause (G1 Evacuation Pause) (young), 0.1743514 secs]
   [Parallel Time: 173.2 ms, GC Workers: 8]
      [GC Worker Start (ms): Min: 102168.0, Avg: 102168.1, Max: 102168.1, Diff: 0.2]
      [Ext Root Scanning (ms): Min: 0.0, Avg: 0.1, Max: 0.2, Diff: 0.2, Sum: 0.5]
      [Update RS (ms): Min: 17.4, Avg: 17.5, Max: 17.8, Diff: 0.4, Sum: 140.1]
         [Processed Buffers: Min: 19, Avg: 21.5, Max: 23, Diff: 4, Sum: 172]
      [Scan RS (ms): Min: 17.3, Avg: 17.5, Max: 17.7, Diff: 0.4, Sum: 139.8]
      [Code Root Scanning (ms): Min: 0.0, Avg: 0.0, Max: 0.0, Diff: 0.0, Sum: 0.0]
      [Object Copy (ms): Min: 137.7, Avg: 137.9, Max: 137.9, Diff: 0.2, Sum: 1102.9]
      [Termination (ms): Min: 0.0, Avg: 0.0, Max: 0.1, Diff: 0.1, Sum: 0.3]
         [Termination Attempts: Min: 1, Avg: 290.9, Max: 461, Diff: 460, Sum: 2327]
      [GC Worker Other (ms): Min: 0.0, Avg: 0.0, Max: 0.1, Diff: 0.1, Sum: 0.4]
      [GC Worker Total (ms): Min: 172.9, Avg: 173.0, Max: 173.1, Diff: 0.1, Sum: 1384.0]
      [GC Worker End (ms): Min: 102341.0, Avg: 102341.1, Max: 102341.1, Diff: 0.1]
   [Code Root Fixup: 0.0 ms]
   [Code Root Purge: 0.0 ms]
   [Clear CT: 0.2 ms]
   [Other: 1.0 ms]
      [Choose CSet: 0.0 ms]
      [Ref Proc: 0.2 ms]
      [Ref Enq: 0.0 ms]
      [Redirty Cards: 0.3 ms]
      [Humongous Register: 0.0 ms]
      [Humongous Reclaim: 0.0 ms]
      [Free CSet: 0.3 ms]
   [Eden: 324.0M(324.0M)->0.0B(319.0M) Survivors: 43.0M->46.0M Heap: 778.6M(2048.0M)->781.1M(2048.0M)]
 [Times: user=1.38 sys=0.00, real=0.17 secs] 
2020-09-29T11:57:56.205+0200: 102.506: [GC pause (G1 Evacuation Pause) (young), 0.1819616 secs]
   [Parallel Time: 180.8 ms, GC Workers: 8]
      [GC Worker Start (ms): Min: 102506.2, Avg: 102506.3, Max: 102506.4, Diff: 0.2]
      [Ext Root Scanning (ms): Min: 0.0, Avg: 0.1, Max: 0.2, Diff: 0.2, Sum: 0.6]
      [Update RS (ms): Min: 19.8, Avg: 19.8, Max: 19.9, Diff: 0.1, Sum: 158.8]
         [Processed Buffers: Min: 22, Avg: 24.3, Max: 26, Diff: 4, Sum: 194]
      [Scan RS (ms): Min: 16.4, Avg: 16.5, Max: 16.7, Diff: 0.3, Sum: 131.8]
      [Code Root Scanning (ms): Min: 0.0, Avg: 0.0, Max: 0.0, Diff: 0.0, Sum: 0.0]
      [Object Copy (ms): Min: 143.9, Avg: 144.0, Max: 144.2, Diff: 0.3, Sum: 1152.4]
      [Termination (ms): Min: 0.0, Avg: 0.1, Max: 0.1, Diff: 0.1, Sum: 0.5]
         [Termination Attempts: Min: 1, Avg: 426.3, Max: 654, Diff: 653, Sum: 3410]
      [GC Worker Other (ms): Min: 0.0, Avg: 0.0, Max: 0.1, Diff: 0.1, Sum: 0.3]
      [GC Worker Total (ms): Min: 180.4, Avg: 180.5, Max: 180.6, Diff: 0.2, Sum: 1444.4]
      [GC Worker End (ms): Min: 102686.8, Avg: 102686.8, Max: 102686.9, Diff: 0.1]
   [Code Root Fixup: 0.0 ms]
   [Code Root Purge: 0.0 ms]
   [Clear CT: 0.2 ms]
   [Other: 0.9 ms]
      [Choose CSet: 0.0 ms]
      [Ref Proc: 0.2 ms]
      [Ref Enq: 0.0 ms]
      [Redirty Cards: 0.3 ms]
      [Humongous Register: 0.0 ms]
      [Humongous Reclaim: 0.0 ms]
      [Free CSet: 0.2 ms]
   [Eden: 319.0M(319.0M)->0.0B(314.0M) Survivors: 46.0M->46.0M Heap: 1153.5M(2048.0M)->1154.5M(2048.0M)]
 [Times: user=1.47 sys=0.03, real=0.18 secs] 
2020-09-29T11:57:56.393+0200: 102.694: [GC pause (G1 Humongous Allocation) (young) (initial-mark), 0.0671625 secs]
   [Parallel Time: 66.3 ms, GC Workers: 8]
      [GC Worker Start (ms): Min: 102694.3, Avg: 102694.4, Max: 102694.4, Diff: 0.1]
      [Ext Root Scanning (ms): Min: 0.0, Avg: 0.1, Max: 0.2, Diff: 0.2, Sum: 1.1]
      [Update RS (ms): Min: 42.5, Avg: 42.6, Max: 42.8, Diff: 0.3, Sum: 340.8]
         [Processed Buffers: Min: 49, Avg: 54.3, Max: 56, Diff: 7, Sum: 434]
      [Scan RS (ms): Min: 2.0, Avg: 2.1, Max: 2.2, Diff: 0.3, Sum: 16.9]
      [Code Root Scanning (ms): Min: 0.0, Avg: 0.0, Max: 0.0, Diff: 0.0, Sum: 0.0]
      [Object Copy (ms): Min: 21.2, Avg: 21.3, Max: 21.3, Diff: 0.1, Sum: 170.2]
      [Termination (ms): Min: 0.0, Avg: 0.1, Max: 0.1, Diff: 0.1, Sum: 0.5]
         [Termination Attempts: Min: 1, Avg: 50.0, Max: 83, Diff: 82, Sum: 400]
      [GC Worker Other (ms): Min: 0.0, Avg: 0.0, Max: 0.0, Diff: 0.0, Sum: 0.1]
      [GC Worker Total (ms): Min: 66.1, Avg: 66.2, Max: 66.3, Diff: 0.1, Sum: 529.5]
      [GC Worker End (ms): Min: 102760.5, Avg: 102760.5, Max: 102760.6, Diff: 0.0]
   [Code Root Fixup: 0.0 ms]
   [Code Root Purge: 0.0 ms]
   [Clear CT: 0.2 ms]
   [Other: 0.7 ms]
      [Choose CSet: 0.0 ms]
      [Ref Proc: 0.2 ms]
      [Ref Enq: 0.0 ms]
      [Redirty Cards: 0.2 ms]
      [Humongous Register: 0.0 ms]
      [Humongous Reclaim: 0.0 ms]
      [Free CSet: 0.1 ms]
   [Eden: 9216.0K(314.0M)->0.0B(333.0M) Survivors: 46.0M->11.0M Heap: 1163.0M(2048.0M)->1167.5M(2048.0M)]
 [Times: user=0.63 sys=0.00, real=0.07 secs] 
2020-09-29T11:57:56.460+0200: 102.761: [GC concurrent-root-region-scan-start]
2020-09-29T11:57:56.463+0200: 102.764: [GC concurrent-root-region-scan-end, 0.0028238 secs]
2020-09-29T11:57:56.463+0200: 102.764: [GC concurrent-mark-start]
2020-09-29T11:57:56.466+0200: 102.767: [GC concurrent-mark-end, 0.0031571 secs]
2020-09-29T11:57:56.467+0200: 102.768: [GC remark 2020-09-29T11:57:56.467+0200: 102.768: [Finalize Marking, 0.0001216 secs] 2020-09-29T11:57:56.467+0200: 102.768: [GC ref-proc, 0.0002929 secs] 2020-09-29T11:57:56.467+0200: 102.768: [Unloading, 0.0005015 secs], 0.0012870 secs]
 [Times: user=0.00 sys=0.00, real=0.00 secs] 
2020-09-29T11:57:56.468+0200: 102.769: [GC cleanup 1180M->32M(2048M), 0.0010909 secs]
 [Times: user=0.00 sys=0.00, real=0.00 secs] 
2020-09-29T11:57:56.469+0200: 102.770: [GC concurrent-cleanup-start]
2020-09-29T11:57:56.471+0200: 102.772: [GC concurrent-cleanup-end, 0.0019474 secs]
2020-09-29T11:57:56.624+0200: 102.925: [GC pause (G1 Evacuation Pause) (young), 0.1585188 secs]
   [Parallel Time: 157.3 ms, GC Workers: 8]
      [GC Worker Start (ms): Min: 102925.4, Avg: 102925.5, Max: 102925.5, Diff: 0.2]
      [Ext Root Scanning (ms): Min: 0.0, Avg: 0.1, Max: 0.2, Diff: 0.2, Sum: 0.5]
      [Update RS (ms): Min: 18.2, Avg: 18.3, Max: 18.4, Diff: 0.2, Sum: 146.2]
         [Processed Buffers: Min: 22, Avg: 23.4, Max: 27, Diff: 5, Sum: 187]
      [Scan RS (ms): Min: 13.2, Avg: 13.3, Max: 13.4, Diff: 0.2, Sum: 106.5]
      [Code Root Scanning (ms): Min: 0.0, Avg: 0.0, Max: 0.0, Diff: 0.0, Sum: 0.0]
      [Object Copy (ms): Min: 125.2, Avg: 125.3, Max: 125.4, Diff: 0.2, Sum: 1002.7]
      [Termination (ms): Min: 0.0, Avg: 0.0, Max: 0.0, Diff: 0.0, Sum: 0.2]
         [Termination Attempts: Min: 1, Avg: 190.3, Max: 251, Diff: 250, Sum: 1522]
      [GC Worker Other (ms): Min: 0.0, Avg: 0.0, Max: 0.1, Diff: 0.1, Sum: 0.3]
      [GC Worker Total (ms): Min: 157.0, Avg: 157.0, Max: 157.1, Diff: 0.1, Sum: 1256.4]
      [GC Worker End (ms): Min: 103082.5, Avg: 103082.5, Max: 103082.6, Diff: 0.1]
   [Code Root Fixup: 0.0 ms]
   [Code Root Purge: 0.0 ms]
   [Clear CT: 0.3 ms]
   [Other: 0.9 ms]
      [Choose CSet: 0.0 ms]
      [Ref Proc: 0.1 ms]
      [Ref Enq: 0.0 ms]
      [Redirty Cards: 0.3 ms]
      [Humongous Register: 0.0 ms]
      [Humongous Reclaim: 0.0 ms]
      [Free CSet: 0.2 ms]
   [Eden: 333.0M(333.0M)->0.0B(332.0M) Survivors: 11.0M->43.0M Heap: 410.2M(2048.0M)->401.7M(2048.0M)]
 [Times: user=1.25 sys=0.00, real=0.16 secs] 
2020-09-29T11:57:56.945+0200: 103.246: [GC pause (G1 Evacuation Pause) (young), 0.1789908 secs]
   [Parallel Time: 177.8 ms, GC Workers: 8]
      [GC Worker Start (ms): Min: 103246.0, Avg: 103246.1, Max: 103246.1, Diff: 0.1]
      [Ext Root Scanning (ms): Min: 0.0, Avg: 0.1, Max: 0.1, Diff: 0.1, Sum: 0.5]
      [Update RS (ms): Min: 21.9, Avg: 22.1, Max: 22.3, Diff: 0.4, Sum: 176.4]
         [Processed Buffers: Min: 26, Avg: 27.1, Max: 28, Diff: 2, Sum: 217]
      [Scan RS (ms): Min: 16.1, Avg: 16.3, Max: 16.5, Diff: 0.4, Sum: 130.8]
      [Code Root Scanning (ms): Min: 0.0, Avg: 0.0, Max: 0.0, Diff: 0.0, Sum: 0.0]
      [Object Copy (ms): Min: 139.0, Avg: 139.1, Max: 139.2, Diff: 0.2, Sum: 1113.1]
      [Termination (ms): Min: 0.0, Avg: 0.0, Max: 0.0, Diff: 0.0, Sum: 0.1]
         [Termination Attempts: Min: 1, Avg: 46.1, Max: 61, Diff: 60, Sum: 369]
      [GC Worker Other (ms): Min: 0.0, Avg: 0.0, Max: 0.0, Diff: 0.0, Sum: 0.2]
      [GC Worker Total (ms): Min: 177.6, Avg: 177.6, Max: 177.7, Diff: 0.1, Sum: 1421.2]
      [GC Worker End (ms): Min: 103423.7, Avg: 103423.7, Max: 103423.7, Diff: 0.0]
   [Code Root Fixup: 0.0 ms]
   [Code Root Purge: 0.0 ms]
   [Clear CT: 0.2 ms]
   [Other: 1.0 ms]
      [Choose CSet: 0.0 ms]
      [Ref Proc: 0.1 ms]
      [Ref Enq: 0.0 ms]
      [Redirty Cards: 0.3 ms]
      [Humongous Register: 0.0 ms]
      [Humongous Reclaim: 0.0 ms]
      [Free CSet: 0.3 ms]
   [Eden: 332.0M(332.0M)->0.0B(325.0M) Survivors: 43.0M->47.0M Heap: 789.0M(2048.0M)->791.5M(2048.0M)]
 [Times: user=1.38 sys=0.00, real=0.18 secs] 
2020-09-29T11:57:57.279+0200: 103.580: [GC pause (G1 Evacuation Pause) (young), 0.1868818 secs]
   [Parallel Time: 185.8 ms, GC Workers: 8]
      [GC Worker Start (ms): Min: 103580.5, Avg: 103580.6, Max: 103580.7, Diff: 0.2]
      [Ext Root Scanning (ms): Min: 0.0, Avg: 0.1, Max: 0.2, Diff: 0.2, Sum: 0.6]
      [Update RS (ms): Min: 25.1, Avg: 25.2, Max: 25.5, Diff: 0.4, Sum: 201.5]
         [Processed Buffers: Min: 23, Avg: 28.3, Max: 30, Diff: 7, Sum: 226]
      [Scan RS (ms): Min: 14.7, Avg: 15.1, Max: 15.4, Diff: 0.7, Sum: 120.9]
      [Code Root Scanning (ms): Min: 0.0, Avg: 0.0, Max: 0.0, Diff: 0.0, Sum: 0.0]
      [Object Copy (ms): Min: 144.9, Avg: 145.1, Max: 145.1, Diff: 0.2, Sum: 1160.4]
      [Termination (ms): Min: 0.0, Avg: 0.1, Max: 0.1, Diff: 0.1, Sum: 0.6]
         [Termination Attempts: Min: 1, Avg: 485.6, Max: 736, Diff: 735, Sum: 3885]
      [GC Worker Other (ms): Min: 0.0, Avg: 0.1, Max: 0.1, Diff: 0.1, Sum: 0.4]
      [GC Worker Total (ms): Min: 185.4, Avg: 185.6, Max: 185.7, Diff: 0.2, Sum: 1484.4]
      [GC Worker End (ms): Min: 103766.1, Avg: 103766.2, Max: 103766.2, Diff: 0.1]
   [Code Root Fixup: 0.0 ms]
   [Code Root Purge: 0.0 ms]
   [Clear CT: 0.2 ms]
   [Other: 0.9 ms]
      [Choose CSet: 0.0 ms]
      [Ref Proc: 0.2 ms]
      [Ref Enq: 0.0 ms]
      [Redirty Cards: 0.3 ms]
      [Humongous Register: 0.1 ms]
      [Humongous Reclaim: 0.0 ms]
      [Free CSet: 0.3 ms]
   [Eden: 325.0M(325.0M)->0.0B(316.0M) Survivors: 47.0M->47.0M Heap: 1169.9M(2048.0M)->1172.4M(2048.0M)]
 [Times: user=1.47 sys=0.03, real=0.19 secs] 
2020-09-29T11:57:57.479+0200: 103.780: [GC pause (G1 Humongous Allocation) (young) (initial-mark), 0.0585269 secs]
   [Parallel Time: 57.2 ms, GC Workers: 8]
      [GC Worker Start (ms): Min: 103780.2, Avg: 103780.3, Max: 103780.4, Diff: 0.2]
      [Ext Root Scanning (ms): Min: 0.0, Avg: 0.7, Max: 4.7, Diff: 4.7, Sum: 5.6]
      [Update RS (ms): Min: 29.5, Avg: 33.2, Max: 33.9, Diff: 4.4, Sum: 265.7]
         [Processed Buffers: Min: 37, Avg: 42.4, Max: 44, Diff: 7, Sum: 339]
      [Scan RS (ms): Min: 2.4, Avg: 2.8, Max: 3.0, Diff: 0.5, Sum: 22.4]
      [Code Root Scanning (ms): Min: 0.0, Avg: 0.0, Max: 0.0, Diff: 0.0, Sum: 0.0]
      [Object Copy (ms): Min: 20.2, Avg: 20.3, Max: 20.3, Diff: 0.1, Sum: 162.1]
      [Termination (ms): Min: 0.0, Avg: 0.0, Max: 0.0, Diff: 0.0, Sum: 0.2]
         [Termination Attempts: Min: 1, Avg: 188.3, Max: 239, Diff: 238, Sum: 1506]
      [GC Worker Other (ms): Min: 0.0, Avg: 0.0, Max: 0.0, Diff: 0.0, Sum: 0.1]
      [GC Worker Total (ms): Min: 56.9, Avg: 57.0, Max: 57.1, Diff: 0.1, Sum: 456.1]
      [GC Worker End (ms): Min: 103837.3, Avg: 103837.3, Max: 103837.3, Diff: 0.0]
   [Code Root Fixup: 0.0 ms]
   [Code Root Purge: 0.0 ms]
   [Clear CT: 0.8 ms]
   [Other: 0.5 ms]
      [Choose CSet: 0.0 ms]
      [Ref Proc: 0.1 ms]
      [Ref Enq: 0.0 ms]
      [Redirty Cards: 0.1 ms]
      [Humongous Register: 0.0 ms]
      [Humongous Reclaim: 0.0 ms]
      [Free CSet: 0.1 ms]
   [Eden: 6144.0K(316.0M)->0.0B(326.0M) Survivors: 47.0M->8192.0K Heap: 1178.4M(2048.0M)->1182.4M(2048.0M)]
 [Times: user=0.50 sys=0.00, real=0.06 secs] 
2020-09-29T11:57:57.538+0200: 103.839: [GC concurrent-root-region-scan-start]
2020-09-29T11:57:57.539+0200: 103.840: [GC concurrent-root-region-scan-end, 0.0013730 secs]
2020-09-29T11:57:57.539+0200: 103.840: [GC concurrent-mark-start]
2020-09-29T11:57:57.544+0200: 103.845: [GC concurrent-mark-end, 0.0048638 secs]
2020-09-29T11:57:57.544+0200: 103.845: [GC remark 2020-09-29T11:57:57.544+0200: 103.845: [Finalize Marking, 0.0001368 secs] 2020-09-29T11:57:57.544+0200: 103.845: [GC ref-proc, 0.0002638 secs] 2020-09-29T11:57:57.544+0200: 103.846: [Unloading, 0.0004235 secs], 0.0011311 secs]
 [Times: user=0.00 sys=0.00, real=0.00 secs] 
2020-09-29T11:57:57.545+0200: 103.847: [GC cleanup 1199M->33M(2048M), 0.0010986 secs]
 [Times: user=0.00 sys=0.00, real=0.00 secs] 
2020-09-29T11:57:57.547+0200: 103.848: [GC concurrent-cleanup-start]
2020-09-29T11:57:57.548+0200: 103.849: [GC concurrent-cleanup-end, 0.0014506 secs]
2020-09-29T11:57:57.699+0200: 104.000: [GC pause (G1 Evacuation Pause) (young), 0.1557524 secs]
   [Parallel Time: 154.2 ms, GC Workers: 8]
      [GC Worker Start (ms): Min: 104000.3, Avg: 104000.3, Max: 104000.4, Diff: 0.2]
      [Ext Root Scanning (ms): Min: 0.0, Avg: 0.1, Max: 0.2, Diff: 0.2, Sum: 0.5]
      [Update RS (ms): Min: 16.1, Avg: 16.3, Max: 16.6, Diff: 0.5, Sum: 130.2]
         [Processed Buffers: Min: 18, Avg: 20.1, Max: 22, Diff: 4, Sum: 161]
      [Scan RS (ms): Min: 13.2, Avg: 13.5, Max: 13.6, Diff: 0.5, Sum: 107.8]
      [Code Root Scanning (ms): Min: 0.0, Avg: 0.0, Max: 0.0, Diff: 0.0, Sum: 0.0]
      [Object Copy (ms): Min: 124.0, Avg: 124.1, Max: 124.2, Diff: 0.1, Sum: 992.5]
      [Termination (ms): Min: 0.0, Avg: 0.1, Max: 0.1, Diff: 0.1, Sum: 0.6]
         [Termination Attempts: Min: 1, Avg: 506.4, Max: 652, Diff: 651, Sum: 4051]
      [GC Worker Other (ms): Min: 0.0, Avg: 0.0, Max: 0.1, Diff: 0.1, Sum: 0.3]
      [GC Worker Total (ms): Min: 153.9, Avg: 154.0, Max: 154.1, Diff: 0.1, Sum: 1232.0]
      [GC Worker End (ms): Min: 104154.3, Avg: 104154.3, Max: 104154.4, Diff: 0.1]
   [Code Root Fixup: 0.0 ms]
   [Code Root Purge: 0.0 ms]
   [Clear CT: 0.2 ms]
   [Other: 1.3 ms]
      [Choose CSet: 0.0 ms]
      [Ref Proc: 0.2 ms]
      [Ref Enq: 0.0 ms]
      [Redirty Cards: 0.6 ms]
      [Humongous Register: 0.0 ms]
      [Humongous Reclaim: 0.0 ms]
      [Free CSet: 0.3 ms]
   [Eden: 326.0M(326.0M)->0.0B(343.0M) Survivors: 8192.0K->42.0M Heap: 397.8M(2048.0M)->391.8M(2048.0M)]
 [Times: user=1.25 sys=0.00, real=0.16 secs] 
2020-09-29T11:57:58.023+0200: 104.323: [GC pause (G1 Evacuation Pause) (young), 0.1906895 secs]
   [Parallel Time: 189.6 ms, GC Workers: 8]
      [GC Worker Start (ms): Min: 104323.2, Avg: 104323.3, Max: 104323.4, Diff: 0.2]
      [Ext Root Scanning (ms): Min: 0.0, Avg: 0.1, Max: 0.2, Diff: 0.2, Sum: 0.4]
      [Update RS (ms): Min: 18.0, Avg: 18.1, Max: 18.3, Diff: 0.3, Sum: 144.8]
         [Processed Buffers: Min: 21, Avg: 21.9, Max: 23, Diff: 2, Sum: 175]
      [Scan RS (ms): Min: 19.1, Avg: 19.4, Max: 19.8, Diff: 0.8, Sum: 155.2]
      [Code Root Scanning (ms): Min: 0.0, Avg: 0.0, Max: 0.0, Diff: 0.0, Sum: 0.0]
      [Object Copy (ms): Min: 151.4, Avg: 151.7, Max: 151.8, Diff: 0.4, Sum: 1213.5]
      [Termination (ms): Min: 0.0, Avg: 0.1, Max: 0.1, Diff: 0.1, Sum: 0.6]
         [Termination Attempts: Min: 1, Avg: 537.8, Max: 684, Diff: 683, Sum: 4302]
      [GC Worker Other (ms): Min: 0.0, Avg: 0.1, Max: 0.1, Diff: 0.1, Sum: 0.4]
      [GC Worker Total (ms): Min: 189.3, Avg: 189.4, Max: 189.6, Diff: 0.3, Sum: 1515.0]
      [GC Worker End (ms): Min: 104512.6, Avg: 104512.7, Max: 104512.7, Diff: 0.1]
   [Code Root Fixup: 0.0 ms]
   [Code Root Purge: 0.0 ms]
   [Clear CT: 0.2 ms]
   [Other: 0.9 ms]
      [Choose CSet: 0.0 ms]
      [Ref Proc: 0.1 ms]
      [Ref Enq: 0.0 ms]
      [Redirty Cards: 0.3 ms]
      [Humongous Register: 0.0 ms]
      [Humongous Reclaim: 0.0 ms]
      [Free CSet: 0.2 ms]
   [Eden: 343.0M(343.0M)->0.0B(319.0M) Survivors: 42.0M->49.0M Heap: 792.0M(2048.0M)->794.0M(2048.0M)]
 [Times: user=1.47 sys=0.02, real=0.19 secs] 
2020-09-29T11:57:58.489+0200: 104.789: [GC pause (G1 Evacuation Pause) (young), 0.3422041 secs]
   [Parallel Time: 339.5 ms, GC Workers: 8]
      [GC Worker Start (ms): Min: 104789.4, Avg: 104789.6, Max: 104789.7, Diff: 0.3]
      [Ext Root Scanning (ms): Min: 0.0, Avg: 0.1, Max: 0.3, Diff: 0.2, Sum: 0.9]
      [Update RS (ms): Min: 45.5, Avg: 45.9, Max: 46.5, Diff: 1.0, Sum: 366.9]
         [Processed Buffers: Min: 28, Avg: 30.3, Max: 33, Diff: 5, Sum: 242]
      [Scan RS (ms): Min: 24.6, Avg: 25.4, Max: 25.7, Diff: 1.1, Sum: 202.8]
      [Code Root Scanning (ms): Min: 0.0, Avg: 0.0, Max: 0.0, Diff: 0.0, Sum: 0.0]
      [Object Copy (ms): Min: 267.4, Avg: 267.6, Max: 267.7, Diff: 0.3, Sum: 2141.0]
      [Termination (ms): Min: 0.0, Avg: 0.1, Max: 0.1, Diff: 0.1, Sum: 0.8]
         [Termination Attempts: Min: 1, Avg: 359.6, Max: 463, Diff: 462, Sum: 2877]
      [GC Worker Other (ms): Min: 0.0, Avg: 0.1, Max: 0.1, Diff: 0.1, Sum: 0.5]
      [GC Worker Total (ms): Min: 339.0, Avg: 339.1, Max: 339.3, Diff: 0.4, Sum: 2712.9]
      [GC Worker End (ms): Min: 105128.7, Avg: 105128.7, Max: 105128.8, Diff: 0.1]
   [Code Root Fixup: 0.0 ms]
   [Code Root Purge: 0.0 ms]
   [Clear CT: 0.3 ms]
   [Other: 2.4 ms]
      [Choose CSet: 0.0 ms]
      [Ref Proc: 0.2 ms]
      [Ref Enq: 0.0 ms]
      [Redirty Cards: 1.2 ms]
      [Humongous Register: 0.1 ms]
      [Humongous Reclaim: 0.0 ms]
      [Free CSet: 0.6 ms]
   [Eden: 319.0M(319.0M)->0.0B(169.0M) Survivors: 49.0M->46.0M Heap: 1166.4M(2048.0M)->1167.9M(2048.0M)]
 [Times: user=2.61 sys=0.00, real=0.34 secs] 
2020-09-29T11:57:58.854+0200: 105.155: [GC pause (G1 Humongous Allocation) (young) (initial-mark), 0.1080331 secs]
   [Parallel Time: 105.9 ms, GC Workers: 8]
      [GC Worker Start (ms): Min: 105154.9, Avg: 105155.0, Max: 105155.3, Diff: 0.4]
      [Ext Root Scanning (ms): Min: 0.0, Avg: 0.4, Max: 0.6, Diff: 0.6, Sum: 2.9]
      [Update RS (ms): Min: 57.4, Avg: 57.8, Max: 58.6, Diff: 1.2, Sum: 462.7]
         [Processed Buffers: Min: 38, Avg: 40.4, Max: 42, Diff: 4, Sum: 323]
      [Scan RS (ms): Min: 4.4, Avg: 5.2, Max: 5.7, Diff: 1.3, Sum: 41.9]
      [Code Root Scanning (ms): Min: 0.0, Avg: 0.0, Max: 0.0, Diff: 0.0, Sum: 0.0]
      [Object Copy (ms): Min: 42.0, Avg: 42.1, Max: 42.1, Diff: 0.1, Sum: 336.5]
      [Termination (ms): Min: 0.0, Avg: 0.0, Max: 0.1, Diff: 0.1, Sum: 0.3]
         [Termination Attempts: Min: 1, Avg: 137.8, Max: 169, Diff: 168, Sum: 1102]
      [GC Worker Other (ms): Min: 0.0, Avg: 0.0, Max: 0.1, Diff: 0.0, Sum: 0.2]
      [GC Worker Total (ms): Min: 105.3, Avg: 105.6, Max: 105.7, Diff: 0.4, Sum: 844.6]
      [GC Worker End (ms): Min: 105260.6, Avg: 105260.6, Max: 105260.6, Diff: 0.0]
   [Code Root Fixup: 0.0 ms]
   [Code Root Purge: 0.0 ms]
   [Clear CT: 0.3 ms]
   [Other: 1.8 ms]
      [Choose CSet: 0.0 ms]
      [Ref Proc: 0.3 ms]
      [Ref Enq: 0.0 ms]
      [Redirty Cards: 1.1 ms]
      [Humongous Register: 0.0 ms]
      [Humongous Reclaim: 0.0 ms]
      [Free CSet: 0.1 ms]
   [Eden: 8192.0K(169.0M)->0.0B(167.0M) Survivors: 46.0M->10.0M Heap: 1175.9M(2048.0M)->1178.9M(2048.0M)]
 [Times: user=0.80 sys=0.00, real=0.11 secs] 
2020-09-29T11:57:58.962+0200: 105.263: [GC concurrent-root-region-scan-start]
2020-09-29T11:57:58.966+0200: 105.267: [GC concurrent-root-region-scan-end, 0.0035996 secs]
2020-09-29T11:57:58.966+0200: 105.267: [GC concurrent-mark-start]
2020-09-29T11:57:58.972+0200: 105.272: [GC concurrent-mark-end, 0.0055636 secs]
2020-09-29T11:57:58.972+0200: 105.273: [GC remark 2020-09-29T11:57:58.972+0200: 105.273: [Finalize Marking, 0.0001944 secs] 2020-09-29T11:57:58.972+0200: 105.273: [GC ref-proc, 0.0005535 secs] 2020-09-29T11:57:58.973+0200: 105.273: [Unloading, 0.0007262 secs], 0.0019170 secs]
 [Times: user=0.00 sys=0.00, real=0.00 secs] 
2020-09-29T11:57:58.975+0200: 105.275: [GC cleanup 1191M->31M(2048M), 0.0017400 secs]
 [Times: user=0.00 sys=0.00, real=0.00 secs] 
2020-09-29T11:57:58.976+0200: 105.277: [GC concurrent-cleanup-start]
2020-09-29T11:57:58.980+0200: 105.280: [GC concurrent-cleanup-end, 0.0031612 secs]
2020-09-29T11:57:59.118+0200: 105.418: [GC pause (G1 Evacuation Pause) (young), 0.1556429 secs]
   [Parallel Time: 153.7 ms, GC Workers: 8]
      [GC Worker Start (ms): Min: 105418.3, Avg: 105418.5, Max: 105418.6, Diff: 0.3]
      [Ext Root Scanning (ms): Min: 0.0, Avg: 0.1, Max: 0.3, Diff: 0.3, Sum: 0.8]
      [Update RS (ms): Min: 28.5, Avg: 28.8, Max: 29.2, Diff: 0.7, Sum: 230.7]
         [Processed Buffers: Min: 18, Avg: 19.3, Max: 22, Diff: 4, Sum: 154]
      [Scan RS (ms): Min: 7.0, Avg: 7.3, Max: 7.7, Diff: 0.7, Sum: 58.4]
      [Code Root Scanning (ms): Min: 0.0, Avg: 0.0, Max: 0.0, Diff: 0.0, Sum: 0.0]
      [Object Copy (ms): Min: 116.9, Avg: 117.0, Max: 117.1, Diff: 0.1, Sum: 936.0]
      [Termination (ms): Min: 0.0, Avg: 0.0, Max: 0.0, Diff: 0.0, Sum: 0.2]
         [Termination Attempts: Min: 1, Avg: 94.6, Max: 140, Diff: 139, Sum: 757]
      [GC Worker Other (ms): Min: 0.0, Avg: 0.0, Max: 0.1, Diff: 0.1, Sum: 0.4]
      [GC Worker Total (ms): Min: 153.2, Avg: 153.3, Max: 153.5, Diff: 0.3, Sum: 1226.6]
      [GC Worker End (ms): Min: 105571.8, Avg: 105571.8, Max: 105571.8, Diff: 0.1]
   [Code Root Fixup: 0.0 ms]
   [Code Root Purge: 0.0 ms]
   [Clear CT: 0.6 ms]
   [Other: 1.4 ms]
      [Choose CSet: 0.0 ms]
      [Ref Proc: 0.4 ms]
      [Ref Enq: 0.0 ms]
      [Redirty Cards: 0.5 ms]
      [Humongous Register: 0.0 ms]
      [Humongous Reclaim: 0.0 ms]
      [Free CSet: 0.2 ms]
   [Eden: 167.0M(167.0M)->0.0B(156.0M) Survivors: 10.0M->23.0M Heap: 214.1M(2048.0M)->207.1M(2048.0M)]
 [Times: user=1.22 sys=0.02, real=0.15 secs] 
2020-09-29T11:57:59.414+0200: 105.714: [GC pause (G1 Evacuation Pause) (young), 0.1794787 secs]
   [Parallel Time: 176.9 ms, GC Workers: 8]
      [GC Worker Start (ms): Min: 105714.5, Avg: 105714.7, Max: 105714.8, Diff: 0.2]
      [Ext Root Scanning (ms): Min: 0.0, Avg: 0.1, Max: 0.2, Diff: 0.2, Sum: 0.9]
      [Update RS (ms): Min: 23.1, Avg: 23.4, Max: 24.5, Diff: 1.5, Sum: 186.9]
         [Processed Buffers: Min: 15, Avg: 16.1, Max: 17, Diff: 2, Sum: 129]
      [Scan RS (ms): Min: 9.9, Avg: 11.1, Max: 11.4, Diff: 1.5, Sum: 88.7]
      [Code Root Scanning (ms): Min: 0.0, Avg: 0.0, Max: 0.0, Diff: 0.0, Sum: 0.0]
      [Object Copy (ms): Min: 141.3, Avg: 141.5, Max: 141.9, Diff: 0.6, Sum: 1131.9]
      [Termination (ms): Min: 0.0, Avg: 0.4, Max: 0.6, Diff: 0.6, Sum: 3.6]
         [Termination Attempts: Min: 1, Avg: 1484.4, Max: 1968, Diff: 1967, Sum: 11875]
      [GC Worker Other (ms): Min: 0.0, Avg: 0.0, Max: 0.0, Diff: 0.0, Sum: 0.2]
      [GC Worker Total (ms): Min: 176.4, Avg: 176.5, Max: 176.6, Diff: 0.2, Sum: 1412.1]
      [GC Worker End (ms): Min: 105891.2, Avg: 105891.2, Max: 105891.2, Diff: 0.0]
   [Code Root Fixup: 0.0 ms]
   [Code Root Purge: 0.0 ms]
   [Clear CT: 0.6 ms]
   [Other: 2.0 ms]
      [Choose CSet: 0.0 ms]
      [Ref Proc: 0.4 ms]
      [Ref Enq: 0.0 ms]
      [Redirty Cards: 1.1 ms]
      [Humongous Register: 0.1 ms]
      [Humongous Reclaim: 0.0 ms]
      [Free CSet: 0.2 ms]
   [Eden: 156.0M(156.0M)->0.0B(148.0M) Survivors: 23.0M->23.0M Heap: 389.8M(2048.0M)->391.8M(2048.0M)]
 [Times: user=1.38 sys=0.00, real=0.18 secs] 
2020-09-29T11:57:59.728+0200: 106.028: [GC pause (G1 Evacuation Pause) (young), 0.1631816 secs]
   [Parallel Time: 161.8 ms, GC Workers: 8]
      [GC Worker Start (ms): Min: 106028.6, Avg: 106028.8, Max: 106028.9, Diff: 0.2]
      [Ext Root Scanning (ms): Min: 0.0, Avg: 0.1, Max: 0.2, Diff: 0.2, Sum: 0.8]
      [Update RS (ms): Min: 26.8, Avg: 26.9, Max: 27.1, Diff: 0.3, Sum: 215.2]
         [Processed Buffers: Min: 17, Avg: 18.6, Max: 20, Diff: 3, Sum: 149]
      [Scan RS (ms): Min: 8.5, Avg: 8.7, Max: 8.9, Diff: 0.4, Sum: 69.8]
      [Code Root Scanning (ms): Min: 0.0, Avg: 0.0, Max: 0.0, Diff: 0.0, Sum: 0.0]
      [Object Copy (ms): Min: 125.5, Avg: 125.6, Max: 125.7, Diff: 0.2, Sum: 1004.8]
      [Termination (ms): Min: 0.0, Avg: 0.0, Max: 0.0, Diff: 0.0, Sum: 0.2]
         [Termination Attempts: Min: 1, Avg: 86.3, Max: 109, Diff: 108, Sum: 690]
      [GC Worker Other (ms): Min: 0.0, Avg: 0.0, Max: 0.1, Diff: 0.1, Sum: 0.4]
      [GC Worker Total (ms): Min: 161.3, Avg: 161.4, Max: 161.5, Diff: 0.2, Sum: 1291.2]
      [GC Worker End (ms): Min: 106190.1, Avg: 106190.2, Max: 106190.2, Diff: 0.1]
   [Code Root Fixup: 0.0 ms]
   [Code Root Purge: 0.0 ms]
   [Clear CT: 0.4 ms]
   [Other: 1.0 ms]
      [Choose CSet: 0.0 ms]
      [Ref Proc: 0.2 ms]
      [Ref Enq: 0.0 ms]
      [Redirty Cards: 0.3 ms]
      [Humongous Register: 0.1 ms]
      [Humongous Reclaim: 0.0 ms]
      [Free CSet: 0.1 ms]
   [Eden: 148.0M(148.0M)->0.0B(153.0M) Survivors: 23.0M->22.0M Heap: 564.6M(2048.0M)->566.6M(2048.0M)]
 [Times: user=1.25 sys=0.00, real=0.16 secs] 
2020-09-29T11:58:00.029+0200: 106.330: [GC pause (G1 Evacuation Pause) (young), 0.1675917 secs]
   [Parallel Time: 166.2 ms, GC Workers: 8]
      [GC Worker Start (ms): Min: 106329.9, Avg: 106330.0, Max: 106330.1, Diff: 0.2]
      [Ext Root Scanning (ms): Min: 0.1, Avg: 0.1, Max: 0.2, Diff: 0.2, Sum: 1.0]
      [Update RS (ms): Min: 19.0, Avg: 19.2, Max: 19.6, Diff: 0.7, Sum: 154.0]
         [Processed Buffers: Min: 11, Avg: 13.3, Max: 16, Diff: 5, Sum: 106]
      [Scan RS (ms): Min: 12.5, Avg: 13.0, Max: 13.4, Diff: 0.9, Sum: 103.7]
      [Code Root Scanning (ms): Min: 0.0, Avg: 0.0, Max: 0.0, Diff: 0.0, Sum: 0.0]
      [Object Copy (ms): Min: 133.2, Avg: 133.3, Max: 133.5, Diff: 0.3, Sum: 1066.6]
      [Termination (ms): Min: 0.0, Avg: 0.2, Max: 0.2, Diff: 0.2, Sum: 1.2]
         [Termination Attempts: Min: 1, Avg: 563.8, Max: 707, Diff: 706, Sum: 4510]
      [GC Worker Other (ms): Min: 0.0, Avg: 0.0, Max: 0.1, Diff: 0.1, Sum: 0.4]
      [GC Worker Total (ms): Min: 165.8, Avg: 165.9, Max: 165.9, Diff: 0.1, Sum: 1326.9]
      [GC Worker End (ms): Min: 106495.9, Avg: 106495.9, Max: 106495.9, Diff: 0.1]
   [Code Root Fixup: 0.0 ms]
   [Code Root Purge: 0.0 ms]
   [Clear CT: 0.3 ms]
   [Other: 1.2 ms]
      [Choose CSet: 0.0 ms]
      [Ref Proc: 0.3 ms]
      [Ref Enq: 0.0 ms]
      [Redirty Cards: 0.3 ms]
      [Humongous Register: 0.1 ms]
      [Humongous Reclaim: 0.0 ms]
      [Free CSet: 0.2 ms]
   [Eden: 153.0M(153.0M)->0.0B(154.0M) Survivors: 22.0M->22.0M Heap: 744.4M(2048.0M)->746.4M(2048.0M)]
 [Times: user=1.38 sys=0.00, real=0.17 secs] 
2020-09-29T11:58:00.337+0200: 106.637: [GC pause (G1 Evacuation Pause) (young), 0.1697049 secs]
   [Parallel Time: 168.3 ms, GC Workers: 8]
      [GC Worker Start (ms): Min: 106637.6, Avg: 106637.8, Max: 106637.9, Diff: 0.2]
      [Ext Root Scanning (ms): Min: 0.0, Avg: 0.1, Max: 0.2, Diff: 0.2, Sum: 0.8]
      [Update RS (ms): Min: 23.3, Avg: 23.7, Max: 24.2, Diff: 0.9, Sum: 189.8]
         [Processed Buffers: Min: 13, Avg: 15.1, Max: 17, Diff: 4, Sum: 121]
      [Scan RS (ms): Min: 11.1, Avg: 11.6, Max: 12.1, Diff: 1.0, Sum: 92.6]
      [Code Root Scanning (ms): Min: 0.0, Avg: 0.0, Max: 0.0, Diff: 0.0, Sum: 0.0]
      [Object Copy (ms): Min: 132.3, Avg: 132.4, Max: 132.5, Diff: 0.2, Sum: 1059.0]
      [Termination (ms): Min: 0.0, Avg: 0.1, Max: 0.1, Diff: 0.1, Sum: 0.6]
         [Termination Attempts: Min: 1, Avg: 290.1, Max: 390, Diff: 389, Sum: 2321]
      [GC Worker Other (ms): Min: 0.0, Avg: 0.0, Max: 0.1, Diff: 0.1, Sum: 0.4]
      [GC Worker Total (ms): Min: 167.8, Avg: 167.9, Max: 168.1, Diff: 0.3, Sum: 1343.3]
      [GC Worker End (ms): Min: 106805.6, Avg: 106805.7, Max: 106805.7, Diff: 0.1]
   [Code Root Fixup: 0.0 ms]
   [Code Root Purge: 0.0 ms]
   [Clear CT: 0.3 ms]
   [Other: 1.1 ms]
      [Choose CSet: 0.0 ms]
      [Ref Proc: 0.3 ms]
      [Ref Enq: 0.0 ms]
      [Redirty Cards: 0.3 ms]
      [Humongous Register: 0.1 ms]
      [Humongous Reclaim: 0.0 ms]
      [Free CSet: 0.1 ms]
   [Eden: 154.0M(154.0M)->0.0B(158.0M) Survivors: 22.0M->22.0M Heap: 925.2M(2048.0M)->928.2M(2048.0M)]
 [Times: user=1.38 sys=0.00, real=0.17 secs] 
2020-09-29T11:58:00.548+0200: 106.849: [GC pause (G1 Humongous Allocation) (young) (initial-mark), 0.0766357 secs]
   [Parallel Time: 72.6 ms, GC Workers: 8]
      [GC Worker Start (ms): Min: 106849.0, Avg: 106849.1, Max: 106849.2, Diff: 0.2]
      [Ext Root Scanning (ms): Min: 0.0, Avg: 0.1, Max: 0.3, Diff: 0.2, Sum: 1.0]
      [Update RS (ms): Min: 18.2, Avg: 18.6, Max: 19.2, Diff: 1.0, Sum: 149.1]
         [Processed Buffers: Min: 12, Avg: 13.1, Max: 14, Diff: 2, Sum: 105]
      [Scan RS (ms): Min: 2.1, Avg: 2.7, Max: 3.1, Diff: 1.1, Sum: 21.2]
      [Code Root Scanning (ms): Min: 0.0, Avg: 0.0, Max: 0.0, Diff: 0.0, Sum: 0.0]
      [Object Copy (ms): Min: 50.8, Avg: 50.9, Max: 51.0, Diff: 0.2, Sum: 407.0]
      [Termination (ms): Min: 0.0, Avg: 0.0, Max: 0.1, Diff: 0.1, Sum: 0.3]
         [Termination Attempts: Min: 1, Avg: 145.4, Max: 192, Diff: 191, Sum: 1163]
      [GC Worker Other (ms): Min: 0.0, Avg: 0.0, Max: 0.1, Diff: 0.0, Sum: 0.3]
      [GC Worker Total (ms): Min: 72.3, Avg: 72.4, Max: 72.5, Diff: 0.2, Sum: 578.9]
      [GC Worker End (ms): Min: 106921.4, Avg: 106921.4, Max: 106921.5, Diff: 0.0]
   [Code Root Fixup: 0.0 ms]
   [Code Root Purge: 0.0 ms]
   [Clear CT: 0.7 ms]
   [Other: 3.3 ms]
      [Choose CSet: 0.0 ms]
      [Ref Proc: 0.3 ms]
      [Ref Enq: 0.0 ms]
      [Redirty Cards: 2.6 ms]
      [Humongous Register: 0.0 ms]
      [Humongous Reclaim: 0.0 ms]
      [Free CSet: 0.1 ms]
   [Eden: 47.0M(158.0M)->0.0B(168.0M) Survivors: 22.0M->23.0M Heap: 982.3M(2048.0M)->983.3M(2048.0M)]
 [Times: user=0.63 sys=0.00, real=0.08 secs] 
2020-09-29T11:58:00.625+0200: 106.926: [GC concurrent-root-region-scan-start]
2020-09-29T11:58:00.641+0200: 106.941: [GC concurrent-root-region-scan-end, 0.0156164 secs]
2020-09-29T11:58:00.641+0200: 106.941: [GC concurrent-mark-start]
2020-09-29T11:58:00.644+0200: 106.945: [GC concurrent-mark-end, 0.0035001 secs]
2020-09-29T11:58:00.645+0200: 106.945: [GC remark 2020-09-29T11:58:00.645+0200: 106.945: [Finalize Marking, 0.0003378 secs] 2020-09-29T11:58:00.645+0200: 106.945: [GC ref-proc, 0.0004844 secs] 2020-09-29T11:58:00.645+0200: 106.946: [Unloading, 0.0007219 secs], 0.0019948 secs]
 [Times: user=0.00 sys=0.00, real=0.00 secs] 
2020-09-29T11:58:00.647+0200: 106.948: [GC cleanup 1009M->57M(2048M), 0.0019040 secs]
 [Times: user=0.00 sys=0.00, real=0.00 secs] 
2020-09-29T11:58:00.649+0200: 106.950: [GC concurrent-cleanup-start]
2020-09-29T11:58:00.651+0200: 106.951: [GC concurrent-cleanup-end, 0.0018853 secs]
2020-09-29T11:58:00.779+0200: 107.080: [GC pause (G1 Evacuation Pause) (young), 0.1597313 secs]
   [Parallel Time: 157.7 ms, GC Workers: 8]
      [GC Worker Start (ms): Min: 107080.1, Avg: 107080.2, Max: 107080.3, Diff: 0.3]
      [Ext Root Scanning (ms): Min: 0.0, Avg: 0.1, Max: 0.3, Diff: 0.3, Sum: 0.8]
      [Update RS (ms): Min: 21.4, Avg: 21.7, Max: 22.5, Diff: 1.1, Sum: 173.7]
         [Processed Buffers: Min: 14, Avg: 14.8, Max: 18, Diff: 4, Sum: 118]
      [Scan RS (ms): Min: 9.1, Avg: 9.9, Max: 10.2, Diff: 1.1, Sum: 79.4]
      [Code Root Scanning (ms): Min: 0.0, Avg: 0.0, Max: 0.0, Diff: 0.0, Sum: 0.0]
      [Object Copy (ms): Min: 125.4, Avg: 125.5, Max: 125.6, Diff: 0.1, Sum: 1003.9]
      [Termination (ms): Min: 0.0, Avg: 0.0, Max: 0.0, Diff: 0.0, Sum: 0.2]
         [Termination Attempts: Min: 1, Avg: 69.6, Max: 98, Diff: 97, Sum: 557]
      [GC Worker Other (ms): Min: 0.0, Avg: 0.0, Max: 0.1, Diff: 0.0, Sum: 0.3]
      [GC Worker Total (ms): Min: 157.2, Avg: 157.3, Max: 157.4, Diff: 0.3, Sum: 1258.3]
      [GC Worker End (ms): Min: 107237.5, Avg: 107237.5, Max: 107237.5, Diff: 0.0]
   [Code Root Fixup: 0.0 ms]
   [Code Root Purge: 0.0 ms]
   [Clear CT: 0.7 ms]
   [Other: 1.4 ms]
      [Choose CSet: 0.0 ms]
      [Ref Proc: 0.4 ms]
      [Ref Enq: 0.0 ms]
      [Redirty Cards: 0.5 ms]
      [Humongous Register: 0.0 ms]
      [Humongous Reclaim: 0.0 ms]
      [Free CSet: 0.1 ms]
   [Eden: 168.0M(168.0M)->0.0B(172.0M) Survivors: 23.0M->24.0M Heap: 228.6M(2048.0M)->207.1M(2048.0M)]
 [Times: user=1.25 sys=0.00, real=0.16 secs] 
2020-09-29T11:58:01.094+0200: 107.395: [GC pause (G1 Evacuation Pause) (young), 0.1872600 secs]
   [Parallel Time: 185.5 ms, GC Workers: 8]
      [GC Worker Start (ms): Min: 107394.9, Avg: 107395.1, Max: 107395.2, Diff: 0.2]
      [Ext Root Scanning (ms): Min: 0.0, Avg: 0.1, Max: 0.3, Diff: 0.2, Sum: 0.9]
      [Update RS (ms): Min: 19.2, Avg: 19.6, Max: 20.1, Diff: 0.9, Sum: 156.9]
         [Processed Buffers: Min: 12, Avg: 13.3, Max: 17, Diff: 5, Sum: 106]
      [Scan RS (ms): Min: 14.7, Avg: 15.2, Max: 15.5, Diff: 0.8, Sum: 121.6]
      [Code Root Scanning (ms): Min: 0.0, Avg: 0.0, Max: 0.0, Diff: 0.0, Sum: 0.0]
      [Object Copy (ms): Min: 150.0, Avg: 150.1, Max: 150.3, Diff: 0.3, Sum: 1200.6]
      [Termination (ms): Min: 0.0, Avg: 0.1, Max: 0.2, Diff: 0.2, Sum: 1.0]
         [Termination Attempts: Min: 1, Avg: 481.0, Max: 594, Diff: 593, Sum: 3848]
      [GC Worker Other (ms): Min: 0.0, Avg: 0.1, Max: 0.1, Diff: 0.1, Sum: 0.4]
      [GC Worker Total (ms): Min: 185.1, Avg: 185.2, Max: 185.4, Diff: 0.3, Sum: 1481.5]
      [GC Worker End (ms): Min: 107580.2, Avg: 107580.3, Max: 107580.3, Diff: 0.1]
   [Code Root Fixup: 0.0 ms]
   [Code Root Purge: 0.0 ms]
   [Clear CT: 0.3 ms]
   [Other: 1.5 ms]
      [Choose CSet: 0.0 ms]
      [Ref Proc: 0.4 ms]
      [Ref Enq: 0.0 ms]
      [Redirty Cards: 0.5 ms]
      [Humongous Register: 0.1 ms]
      [Humongous Reclaim: 0.0 ms]
      [Free CSet: 0.2 ms]
   [Eden: 172.0M(172.0M)->0.0B(166.0M) Survivors: 24.0M->25.0M Heap: 407.7M(2048.0M)->409.7M(2048.0M)]
 [Times: user=1.50 sys=0.00, real=0.19 secs] 
2020-09-29T11:58:01.437+0200: 107.737: [GC pause (G1 Evacuation Pause) (young), 0.1889151 secs]
   [Parallel Time: 187.2 ms, GC Workers: 8]
      [GC Worker Start (ms): Min: 107737.3, Avg: 107737.5, Max: 107737.6, Diff: 0.3]
      [Ext Root Scanning (ms): Min: 0.0, Avg: 0.1, Max: 0.3, Diff: 0.3, Sum: 0.8]
      [Update RS (ms): Min: 23.0, Avg: 24.0, Max: 29.7, Diff: 6.7, Sum: 191.9]
         [Processed Buffers: Min: 14, Avg: 16.4, Max: 19, Diff: 5, Sum: 131]
      [Scan RS (ms): Min: 7.0, Avg: 12.6, Max: 13.7, Diff: 6.8, Sum: 101.0]
      [Code Root Scanning (ms): Min: 0.0, Avg: 0.0, Max: 0.0, Diff: 0.0, Sum: 0.0]
      [Object Copy (ms): Min: 150.0, Avg: 150.1, Max: 150.1, Diff: 0.1, Sum: 1200.5]
      [Termination (ms): Min: 0.0, Avg: 0.0, Max: 0.0, Diff: 0.0, Sum: 0.0]
         [Termination Attempts: Min: 1, Avg: 8.6, Max: 12, Diff: 11, Sum: 69]
      [GC Worker Other (ms): Min: 0.0, Avg: 0.0, Max: 0.1, Diff: 0.0, Sum: 0.3]
      [GC Worker Total (ms): Min: 186.7, Avg: 186.8, Max: 187.0, Diff: 0.3, Sum: 1494.5]
      [GC Worker End (ms): Min: 107924.3, Avg: 107924.3, Max: 107924.3, Diff: 0.0]
   [Code Root Fixup: 0.0 ms]
   [Code Root Purge: 0.0 ms]
   [Clear CT: 0.4 ms]
   [Other: 1.4 ms]
      [Choose CSet: 0.0 ms]
      [Ref Proc: 0.4 ms]
      [Ref Enq: 0.0 ms]
      [Redirty Cards: 0.5 ms]
      [Humongous Register: 0.1 ms]
      [Humongous Reclaim: 0.0 ms]
      [Free CSet: 0.2 ms]
   [Eden: 166.0M(166.0M)->0.0B(163.0M) Survivors: 25.0M->24.0M Heap: 604.3M(2048.0M)->606.8M(2048.0M)]
 [Times: user=1.50 sys=0.00, real=0.19 secs] 
2020-09-29T11:58:01.773+0200: 108.074: [GC pause (G1 Evacuation Pause) (young), 0.1703289 secs]
   [Parallel Time: 168.7 ms, GC Workers: 8]
      [GC Worker Start (ms): Min: 108073.9, Avg: 108074.1, Max: 108074.2, Diff: 0.2]
      [Ext Root Scanning (ms): Min: 0.0, Avg: 0.1, Max: 0.2, Diff: 0.2, Sum: 0.8]
      [Update RS (ms): Min: 16.7, Avg: 17.2, Max: 18.0, Diff: 1.2, Sum: 137.5]
         [Processed Buffers: Min: 10, Avg: 11.9, Max: 13, Diff: 3, Sum: 95]
      [Scan RS (ms): Min: 14.7, Avg: 15.5, Max: 15.9, Diff: 1.2, Sum: 123.8]
      [Code Root Scanning (ms): Min: 0.0, Avg: 0.0, Max: 0.0, Diff: 0.0, Sum: 0.0]
      [Object Copy (ms): Min: 135.4, Avg: 135.6, Max: 135.7, Diff: 0.2, Sum: 1084.4]
      [Termination (ms): Min: 0.0, Avg: 0.0, Max: 0.0, Diff: 0.0, Sum: 0.1]
         [Termination Attempts: Min: 1, Avg: 18.6, Max: 29, Diff: 28, Sum: 149]
      [GC Worker Other (ms): Min: 0.0, Avg: 0.0, Max: 0.1, Diff: 0.1, Sum: 0.4]
      [GC Worker Total (ms): Min: 168.2, Avg: 168.4, Max: 168.5, Diff: 0.3, Sum: 1347.0]
      [GC Worker End (ms): Min: 108242.4, Avg: 108242.4, Max: 108242.5, Diff: 0.1]
   [Code Root Fixup: 0.0 ms]
   [Code Root Purge: 0.0 ms]
   [Clear CT: 0.4 ms]
   [Other: 1.2 ms]
      [Choose CSet: 0.0 ms]
      [Ref Proc: 0.3 ms]
      [Ref Enq: 0.0 ms]
      [Redirty Cards: 0.4 ms]
      [Humongous Register: 0.1 ms]
      [Humongous Reclaim: 0.0 ms]
      [Free CSet: 0.2 ms]
   [Eden: 163.0M(163.0M)->0.0B(166.0M) Survivors: 24.0M->24.0M Heap: 796.5M(2048.0M)->798.5M(2048.0M)]
 [Times: user=1.38 sys=0.00, real=0.17 secs] 
2020-09-29T11:58:02.095+0200: 108.396: [GC pause (G1 Evacuation Pause) (young), 0.1708471 secs]
   [Parallel Time: 169.2 ms, GC Workers: 8]
      [GC Worker Start (ms): Min: 108396.1, Avg: 108396.2, Max: 108396.4, Diff: 0.3]
      [Ext Root Scanning (ms): Min: 0.0, Avg: 0.1, Max: 0.3, Diff: 0.3, Sum: 0.8]
      [Update RS (ms): Min: 18.1, Avg: 18.5, Max: 19.2, Diff: 1.1, Sum: 148.1]
         [Processed Buffers: Min: 11, Avg: 12.0, Max: 14, Diff: 3, Sum: 96]
      [Scan RS (ms): Min: 14.6, Avg: 15.2, Max: 15.7, Diff: 1.2, Sum: 121.9]
      [Code Root Scanning (ms): Min: 0.0, Avg: 0.0, Max: 0.0, Diff: 0.0, Sum: 0.0]
      [Object Copy (ms): Min: 134.9, Avg: 134.9, Max: 135.0, Diff: 0.1, Sum: 1079.4]
      [Termination (ms): Min: 0.0, Avg: 0.0, Max: 0.0, Diff: 0.0, Sum: 0.0]
         [Termination Attempts: Min: 1, Avg: 6.0, Max: 11, Diff: 10, Sum: 48]
      [GC Worker Other (ms): Min: 0.0, Avg: 0.0, Max: 0.1, Diff: 0.1, Sum: 0.3]
      [GC Worker Total (ms): Min: 168.7, Avg: 168.8, Max: 169.0, Diff: 0.3, Sum: 1350.6]
      [GC Worker End (ms): Min: 108565.0, Avg: 108565.1, Max: 108565.1, Diff: 0.1]
   [Code Root Fixup: 0.0 ms]
   [Code Root Purge: 0.0 ms]
   [Clear CT: 0.4 ms]
   [Other: 1.2 ms]
      [Choose CSet: 0.0 ms]
      [Ref Proc: 0.4 ms]
      [Ref Enq: 0.0 ms]
      [Redirty Cards: 0.4 ms]
      [Humongous Register: 0.1 ms]
      [Humongous Reclaim: 0.0 ms]
      [Free CSet: 0.2 ms]
   [Eden: 166.0M(166.0M)->0.0B(169.0M) Survivors: 24.0M->24.0M Heap: 991.2M(2048.0M)->992.7M(2048.0M)]
 [Times: user=1.38 sys=0.00, real=0.17 secs] 
2020-09-29T11:58:02.267+0200: 108.568: [GC pause (G1 Humongous Allocation) (young) (initial-mark), 0.0703833 secs]
   [Parallel Time: 68.8 ms, GC Workers: 8]
      [GC Worker Start (ms): Min: 108567.8, Avg: 108567.9, Max: 108568.1, Diff: 0.3]
      [Ext Root Scanning (ms): Min: 0.0, Avg: 0.3, Max: 0.4, Diff: 0.4, Sum: 2.1]
      [Update RS (ms): Min: 45.2, Avg: 45.5, Max: 45.9, Diff: 0.7, Sum: 364.1]
         [Processed Buffers: Min: 30, Avg: 32.6, Max: 35, Diff: 5, Sum: 261]
      [Scan RS (ms): Min: 0.0, Avg: 0.0, Max: 0.3, Diff: 0.3, Sum: 0.3]
      [Code Root Scanning (ms): Min: 0.0, Avg: 0.0, Max: 0.0, Diff: 0.0, Sum: 0.0]
      [Object Copy (ms): Min: 22.4, Avg: 22.6, Max: 22.7, Diff: 0.3, Sum: 180.9]
      [Termination (ms): Min: 0.0, Avg: 0.0, Max: 0.0, Diff: 0.0, Sum: 0.2]
         [Termination Attempts: Min: 1, Avg: 80.5, Max: 118, Diff: 117, Sum: 644]
      [GC Worker Other (ms): Min: 0.0, Avg: 0.0, Max: 0.0, Diff: 0.0, Sum: 0.2]
      [GC Worker Total (ms): Min: 68.3, Avg: 68.5, Max: 68.6, Diff: 0.3, Sum: 547.9]
      [GC Worker End (ms): Min: 108636.4, Avg: 108636.4, Max: 108636.4, Diff: 0.0]
   [Code Root Fixup: 0.0 ms]
   [Code Root Purge: 0.0 ms]
   [Clear CT: 0.3 ms]
   [Other: 1.2 ms]
      [Choose CSet: 0.0 ms]
      [Ref Proc: 0.2 ms]
      [Ref Enq: 0.0 ms]
      [Redirty Cards: 0.5 ms]
      [Humongous Register: 0.1 ms]
      [Humongous Reclaim: 0.0 ms]
      [Free CSet: 0.1 ms]
   [Eden: 1024.0K(169.0M)->0.0B(184.0M) Survivors: 24.0M->2048.0K Heap: 993.2M(2048.0M)->996.2M(2048.0M)]
 [Times: user=0.63 sys=0.00, real=0.07 secs] 
2020-09-29T11:58:02.337+0200: 108.638: [GC concurrent-root-region-scan-start]
2020-09-29T11:58:02.338+0200: 108.639: [GC concurrent-root-region-scan-end, 0.0005626 secs]
2020-09-29T11:58:02.338+0200: 108.639: [GC concurrent-mark-start]
2020-09-29T11:58:02.342+0200: 108.643: [GC concurrent-mark-end, 0.0042624 secs]
2020-09-29T11:58:02.343+0200: 108.644: [GC remark 2020-09-29T11:58:02.343+0200: 108.644: [Finalize Marking, 0.0004283 secs] 2020-09-29T11:58:02.343+0200: 108.644: [GC ref-proc, 0.0005040 secs] 2020-09-29T11:58:02.344+0200: 108.645: [Unloading, 0.0007854 secs], 0.0022243 secs]
 [Times: user=0.00 sys=0.00, real=0.00 secs] 
2020-09-29T11:58:02.346+0200: 108.646: [GC cleanup 1004M->18M(2048M), 0.0025180 secs]
 [Times: user=0.08 sys=0.00, real=0.00 secs] 
2020-09-29T11:58:02.348+0200: 108.649: [GC concurrent-cleanup-start]
2020-09-29T11:58:02.351+0200: 108.651: [GC concurrent-cleanup-end, 0.0022576 secs]
2020-09-29T11:58:02.508+0200: 108.809: [GC pause (G1 Evacuation Pause) (young), 0.1739957 secs]
   [Parallel Time: 170.9 ms, GC Workers: 8]
      [GC Worker Start (ms): Min: 108809.3, Avg: 108809.4, Max: 108809.5, Diff: 0.2]
      [Ext Root Scanning (ms): Min: 0.0, Avg: 0.1, Max: 0.2, Diff: 0.2, Sum: 1.0]
      [Update RS (ms): Min: 18.6, Avg: 18.7, Max: 18.8, Diff: 0.3, Sum: 149.4]
         [Processed Buffers: Min: 12, Avg: 13.5, Max: 15, Diff: 3, Sum: 108]
      [Scan RS (ms): Min: 14.6, Avg: 14.9, Max: 15.9, Diff: 1.3, Sum: 118.9]
      [Code Root Scanning (ms): Min: 0.0, Avg: 0.0, Max: 0.0, Diff: 0.0, Sum: 0.0]
      [Object Copy (ms): Min: 135.8, Avg: 136.8, Max: 137.1, Diff: 1.3, Sum: 1094.6]
      [Termination (ms): Min: 0.0, Avg: 0.0, Max: 0.0, Diff: 0.0, Sum: 0.3]
         [Termination Attempts: Min: 1, Avg: 135.6, Max: 169, Diff: 168, Sum: 1085]
      [GC Worker Other (ms): Min: 0.0, Avg: 0.1, Max: 0.1, Diff: 0.1, Sum: 0.4]
      [GC Worker Total (ms): Min: 170.5, Avg: 170.6, Max: 170.7, Diff: 0.2, Sum: 1364.8]
      [GC Worker End (ms): Min: 108979.9, Avg: 108980.0, Max: 108980.0, Diff: 0.1]
   [Code Root Fixup: 0.0 ms]
   [Code Root Purge: 0.0 ms]
   [Clear CT: 0.4 ms]
   [Other: 2.6 ms]
      [Choose CSet: 0.0 ms]
      [Ref Proc: 0.5 ms]
      [Ref Enq: 0.0 ms]
      [Redirty Cards: 1.7 ms]
      [Humongous Register: 0.0 ms]
      [Humongous Reclaim: 0.0 ms]
      [Free CSet: 0.2 ms]
   [Eden: 184.0M(184.0M)->0.0B(161.0M) Survivors: 2048.0K->24.0M Heap: 226.9M(2048.0M)->226.9M(2048.0M)]
 [Times: user=1.38 sys=0.00, real=0.18 secs] 
2020-09-29T11:58:02.828+0200: 109.128: [GC pause (G1 Evacuation Pause) (young), 0.1695988 secs]
   [Parallel Time: 167.8 ms, GC Workers: 8]
      [GC Worker Start (ms): Min: 109128.5, Avg: 109128.7, Max: 109128.8, Diff: 0.2]
      [Ext Root Scanning (ms): Min: 0.0, Avg: 0.1, Max: 0.2, Diff: 0.2, Sum: 0.9]
      [Update RS (ms): Min: 26.4, Avg: 26.5, Max: 26.7, Diff: 0.3, Sum: 212.0]
         [Processed Buffers: Min: 17, Avg: 18.5, Max: 20, Diff: 3, Sum: 148]
      [Scan RS (ms): Min: 10.3, Avg: 10.4, Max: 10.5, Diff: 0.2, Sum: 83.1]
      [Code Root Scanning (ms): Min: 0.0, Avg: 0.0, Max: 0.0, Diff: 0.0, Sum: 0.0]
      [Object Copy (ms): Min: 130.3, Avg: 130.3, Max: 130.4, Diff: 0.2, Sum: 1042.6]
      [Termination (ms): Min: 0.0, Avg: 0.0, Max: 0.1, Diff: 0.1, Sum: 0.3]
         [Termination Attempts: Min: 1, Avg: 129.6, Max: 169, Diff: 168, Sum: 1037]
      [GC Worker Other (ms): Min: 0.0, Avg: 0.0, Max: 0.1, Diff: 0.0, Sum: 0.3]
      [GC Worker Total (ms): Min: 167.3, Avg: 167.4, Max: 167.5, Diff: 0.2, Sum: 1339.1]
      [GC Worker End (ms): Min: 109296.1, Avg: 109296.1, Max: 109296.1, Diff: 0.0]
   [Code Root Fixup: 0.0 ms]
   [Code Root Purge: 0.0 ms]
   [Clear CT: 0.4 ms]
   [Other: 1.4 ms]
      [Choose CSet: 0.0 ms]
      [Ref Proc: 0.2 ms]
      [Ref Enq: 0.0 ms]
      [Redirty Cards: 0.6 ms]
      [Humongous Register: 0.1 ms]
      [Humongous Reclaim: 0.0 ms]
      [Free CSet: 0.2 ms]
   [Eden: 161.0M(161.0M)->0.0B(163.0M) Survivors: 24.0M->24.0M Heap: 414.6M(2048.0M)->416.1M(2048.0M)]
 [Times: user=1.36 sys=0.02, real=0.17 secs] 
2020-09-29T11:58:03.148+0200: 109.448: [GC pause (G1 Evacuation Pause) (young), 0.1786986 secs]
   [Parallel Time: 174.6 ms, GC Workers: 8]
      [GC Worker Start (ms): Min: 109448.3, Avg: 109448.5, Max: 109448.6, Diff: 0.2]
      [Ext Root Scanning (ms): Min: 0.0, Avg: 0.1, Max: 0.2, Diff: 0.2, Sum: 0.9]
      [Update RS (ms): Min: 18.7, Avg: 19.0, Max: 19.4, Diff: 0.7, Sum: 152.1]
         [Processed Buffers: Min: 12, Avg: 13.4, Max: 15, Diff: 3, Sum: 107]
      [Scan RS (ms): Min: 13.7, Avg: 14.1, Max: 14.5, Diff: 0.8, Sum: 113.1]
      [Code Root Scanning (ms): Min: 0.0, Avg: 0.0, Max: 0.0, Diff: 0.0, Sum: 0.0]
      [Object Copy (ms): Min: 140.7, Avg: 140.8, Max: 140.8, Diff: 0.1, Sum: 1126.1]
      [Termination (ms): Min: 0.0, Avg: 0.1, Max: 0.1, Diff: 0.1, Sum: 0.4]
         [Termination Attempts: Min: 1, Avg: 199.1, Max: 266, Diff: 265, Sum: 1593]
      [GC Worker Other (ms): Min: 0.0, Avg: 0.1, Max: 0.1, Diff: 0.1, Sum: 0.5]
      [GC Worker Total (ms): Min: 174.0, Avg: 174.1, Max: 174.4, Diff: 0.3, Sum: 1393.1]
      [GC Worker End (ms): Min: 109622.6, Avg: 109622.6, Max: 109622.7, Diff: 0.1]
   [Code Root Fixup: 0.0 ms]
   [Code Root Purge: 0.0 ms]
   [Clear CT: 0.9 ms]
   [Other: 3.2 ms]
      [Choose CSet: 0.0 ms]
      [Ref Proc: 0.4 ms]
      [Ref Enq: 0.0 ms]
      [Redirty Cards: 0.6 ms]
      [Humongous Register: 0.1 ms]
      [Humongous Reclaim: 0.0 ms]
      [Free CSet: 0.2 ms]
   [Eden: 163.0M(163.0M)->0.0B(162.0M) Survivors: 24.0M->24.0M Heap: 605.8M(2048.0M)->608.3M(2048.0M)]
 [Times: user=1.38 sys=0.00, real=0.18 secs] 
2020-09-29T11:58:03.586+0200: 109.886: [GC pause (G1 Evacuation Pause) (young), 0.3126663 secs]
   [Parallel Time: 309.4 ms, GC Workers: 8]
      [GC Worker Start (ms): Min: 109887.4, Avg: 109887.6, Max: 109887.8, Diff: 0.3]
      [Ext Root Scanning (ms): Min: 0.0, Avg: 0.1, Max: 0.5, Diff: 0.5, Sum: 0.7]
      [Update RS (ms): Min: 36.8, Avg: 41.0, Max: 42.3, Diff: 5.5, Sum: 328.0]
         [Processed Buffers: Min: 15, Avg: 16.5, Max: 20, Diff: 5, Sum: 132]
      [Scan RS (ms): Min: 17.5, Avg: 18.4, Max: 18.9, Diff: 1.4, Sum: 147.2]
      [Code Root Scanning (ms): Min: 0.0, Avg: 0.0, Max: 0.0, Diff: 0.0, Sum: 0.0]
      [Object Copy (ms): Min: 247.8, Avg: 248.0, Max: 248.5, Diff: 0.7, Sum: 1984.3]
      [Termination (ms): Min: 0.0, Avg: 0.4, Max: 0.5, Diff: 0.5, Sum: 3.5]
         [Termination Attempts: Min: 1, Avg: 851.8, Max: 1071, Diff: 1070, Sum: 6814]
      [GC Worker Other (ms): Min: 0.1, Avg: 0.9, Max: 5.0, Diff: 5.0, Sum: 7.5]
      [GC Worker Total (ms): Min: 308.7, Avg: 308.9, Max: 309.1, Diff: 0.4, Sum: 2471.3]
      [GC Worker End (ms): Min: 110196.5, Avg: 110196.5, Max: 110196.6, Diff: 0.1]
   [Code Root Fixup: 0.0 ms]
   [Code Root Purge: 0.0 ms]
   [Clear CT: 0.5 ms]
   [Other: 2.8 ms]
      [Choose CSet: 0.0 ms]
      [Ref Proc: 0.4 ms]
      [Ref Enq: 0.0 ms]
      [Redirty Cards: 0.7 ms]
      [Humongous Register: 1.1 ms]
      [Humongous Reclaim: 0.0 ms]
      [Free CSet: 0.3 ms]
   [Eden: 162.0M(162.0M)->0.0B(98.0M) Survivors: 24.0M->24.0M Heap: 797.0M(2048.0M)->799.5M(2048.0M)]
 [Times: user=2.50 sys=0.00, real=0.31 secs] 
2020-09-29T11:58:04.048+0200: 110.349: [GC pause (G1 Evacuation Pause) (young), 0.2248802 secs]
   [Parallel Time: 222.5 ms, GC Workers: 8]
      [GC Worker Start (ms): Min: 110348.7, Avg: 110348.9, Max: 110349.2, Diff: 0.4]
      [Ext Root Scanning (ms): Min: 0.0, Avg: 0.2, Max: 0.4, Diff: 0.4, Sum: 1.6]
      [Update RS (ms): Min: 30.3, Avg: 30.7, Max: 32.4, Diff: 2.0, Sum: 245.6]
         [Processed Buffers: Min: 13, Avg: 13.9, Max: 18, Diff: 5, Sum: 111]
      [Scan RS (ms): Min: 10.3, Avg: 13.1, Max: 31.5, Diff: 21.2, Sum: 104.7]
      [Code Root Scanning (ms): Min: 0.0, Avg: 0.0, Max: 0.0, Diff: 0.0, Sum: 0.0]
      [Object Copy (ms): Min: 157.8, Avg: 177.1, Max: 180.0, Diff: 22.1, Sum: 1416.9]
      [Termination (ms): Min: 0.0, Avg: 0.8, Max: 0.9, Diff: 0.9, Sum: 6.1]
         [Termination Attempts: Min: 1, Avg: 1628.3, Max: 1996, Diff: 1995, Sum: 13026]
      [GC Worker Other (ms): Min: 0.0, Avg: 0.1, Max: 0.1, Diff: 0.1, Sum: 0.6]
      [GC Worker Total (ms): Min: 221.7, Avg: 221.9, Max: 222.1, Diff: 0.3, Sum: 1775.4]
      [GC Worker End (ms): Min: 110570.8, Avg: 110570.8, Max: 110570.9, Diff: 0.1]
   [Code Root Fixup: 0.0 ms]
   [Code Root Purge: 0.0 ms]
   [Clear CT: 0.6 ms]
   [Other: 1.8 ms]
      [Choose CSet: 0.0 ms]
      [Ref Proc: 0.6 ms]
      [Ref Enq: 0.0 ms]
      [Redirty Cards: 0.4 ms]
      [Humongous Register: 0.1 ms]
      [Humongous Reclaim: 0.0 ms]
      [Free CSet: 0.3 ms]
   [Eden: 98.0M(98.0M)->0.0B(86.0M) Survivors: 24.0M->16.0M Heap: 914.7M(2048.0M)->916.7M(2048.0M)]
 [Times: user=1.84 sys=0.00, real=0.22 secs] 
2020-09-29T11:58:04.409+0200: 110.710: [GC pause (G1 Evacuation Pause) (young), 0.1802234 secs]
   [Parallel Time: 178.1 ms, GC Workers: 8]
      [GC Worker Start (ms): Min: 110709.9, Avg: 110710.1, Max: 110710.3, Diff: 0.4]
      [Ext Root Scanning (ms): Min: 0.0, Avg: 0.2, Max: 0.4, Diff: 0.4, Sum: 1.5]
      [Update RS (ms): Min: 28.6, Avg: 29.2, Max: 29.9, Diff: 1.3, Sum: 233.5]
         [Processed Buffers: Min: 11, Avg: 12.1, Max: 14, Diff: 3, Sum: 97]
      [Scan RS (ms): Min: 6.4, Avg: 7.2, Max: 7.8, Diff: 1.4, Sum: 57.3]
      [Code Root Scanning (ms): Min: 0.0, Avg: 0.0, Max: 0.0, Diff: 0.0, Sum: 0.0]
      [Object Copy (ms): Min: 140.7, Avg: 140.8, Max: 140.9, Diff: 0.2, Sum: 1126.3]
      [Termination (ms): Min: 0.0, Avg: 0.1, Max: 0.1, Diff: 0.1, Sum: 0.7]
         [Termination Attempts: Min: 1, Avg: 181.8, Max: 226, Diff: 225, Sum: 1454]
      [GC Worker Other (ms): Min: 0.0, Avg: 0.1, Max: 0.1, Diff: 0.1, Sum: 0.4]
      [GC Worker Total (ms): Min: 177.3, Avg: 177.5, Max: 177.7, Diff: 0.4, Sum: 1419.7]
      [GC Worker End (ms): Min: 110887.6, Avg: 110887.6, Max: 110887.7, Diff: 0.1]
   [Code Root Fixup: 0.0 ms]
   [Code Root Purge: 0.0 ms]
   [Clear CT: 0.5 ms]
   [Other: 1.6 ms]
      [Choose CSet: 0.0 ms]
      [Ref Proc: 0.4 ms]
      [Ref Enq: 0.0 ms]
      [Redirty Cards: 0.6 ms]
      [Humongous Register: 0.1 ms]
      [Humongous Reclaim: 0.0 ms]
      [Free CSet: 0.2 ms]
   [Eden: 86.0M(86.0M)->0.0B(89.0M) Survivors: 16.0M->13.0M Heap: 1016.1M(2048.0M)->1018.1M(2048.0M)]
 [Times: user=1.47 sys=0.02, real=0.18 secs] 
2020-09-29T11:58:04.597+0200: 110.897: [GC pause (G1 Humongous Allocation) (young) (initial-mark), 0.0719196 secs]
   [Parallel Time: 69.6 ms, GC Workers: 8]
      [GC Worker Start (ms): Min: 110897.7, Avg: 110898.3, Max: 110898.8, Diff: 1.1]
      [Ext Root Scanning (ms): Min: 0.0, Avg: 0.7, Max: 1.1, Diff: 1.1, Sum: 5.2]
      [Update RS (ms): Min: 37.5, Avg: 38.3, Max: 39.6, Diff: 2.0, Sum: 306.1]
         [Processed Buffers: Min: 15, Avg: 16.6, Max: 18, Diff: 3, Sum: 133]
      [Scan RS (ms): Min: 0.0, Avg: 0.2, Max: 0.4, Diff: 0.4, Sum: 1.6]
      [Code Root Scanning (ms): Min: 0.0, Avg: 0.0, Max: 0.0, Diff: 0.0, Sum: 0.0]
      [Object Copy (ms): Min: 28.1, Avg: 29.3, Max: 29.6, Diff: 1.5, Sum: 234.4]
      [Termination (ms): Min: 0.0, Avg: 0.1, Max: 0.2, Diff: 0.2, Sum: 1.0]
         [Termination Attempts: Min: 1, Avg: 229.8, Max: 292, Diff: 291, Sum: 1838]
      [GC Worker Other (ms): Min: 0.0, Avg: 0.0, Max: 0.1, Diff: 0.1, Sum: 0.4]
      [GC Worker Total (ms): Min: 68.1, Avg: 68.6, Max: 69.2, Diff: 1.1, Sum: 548.7]
      [GC Worker End (ms): Min: 110966.9, Avg: 110966.9, Max: 110967.0, Diff: 0.1]
   [Code Root Fixup: 0.0 ms]
   [Code Root Purge: 0.0 ms]
   [Clear CT: 0.7 ms]
   [Other: 1.5 ms]
      [Choose CSet: 0.0 ms]
      [Ref Proc: 0.5 ms]
      [Ref Enq: 0.0 ms]
      [Redirty Cards: 0.4 ms]
      [Humongous Register: 0.1 ms]
      [Humongous Reclaim: 0.0 ms]
      [Free CSet: 0.1 ms]
   [Eden: 5120.0K(89.0M)->0.0B(95.0M) Survivors: 13.0M->7168.0K Heap: 1022.6M(2048.0M)->1026.6M(2048.0M)]
 [Times: user=0.55 sys=0.00, real=0.07 secs] 
2020-09-29T11:58:04.669+0200: 110.970: [GC concurrent-root-region-scan-start]
2020-09-29T11:58:04.672+0200: 110.972: [GC concurrent-root-region-scan-end, 0.0028317 secs]
2020-09-29T11:58:04.672+0200: 110.972: [GC concurrent-mark-start]
2020-09-29T11:58:04.678+0200: 110.978: [GC concurrent-mark-end, 0.0060027 secs]
2020-09-29T11:58:04.679+0200: 110.979: [GC remark 2020-09-29T11:58:04.679+0200: 110.979: [Finalize Marking, 0.0004079 secs] 2020-09-29T11:58:04.679+0200: 110.980: [GC ref-proc, 0.0008262 secs] 2020-09-29T11:58:04.680+0200: 110.981: [Unloading, 0.0012019 secs], 0.0033132 secs]
 [Times: user=0.00 sys=0.00, real=0.00 secs] 
2020-09-29T11:58:04.683+0200: 110.984: [GC cleanup 1035M->24M(2048M), 0.0031134 secs]
 [Times: user=0.00 sys=0.00, real=0.00 secs] 
2020-09-29T11:58:04.686+0200: 110.987: [GC concurrent-cleanup-start]
2020-09-29T11:58:04.689+0200: 110.990: [GC concurrent-cleanup-end, 0.0030200 secs]
2020-09-29T11:58:04.816+0200: 111.116: [GC pause (G1 Evacuation Pause) (young), 0.1502255 secs]
   [Parallel Time: 147.0 ms, GC Workers: 8]
      [GC Worker Start (ms): Min: 111116.7, Avg: 111116.9, Max: 111117.1, Diff: 0.4]
      [Ext Root Scanning (ms): Min: 0.0, Avg: 0.2, Max: 0.4, Diff: 0.4, Sum: 1.4]
      [Update RS (ms): Min: 23.7, Avg: 24.3, Max: 25.1, Diff: 1.4, Sum: 194.0]
         [Processed Buffers: Min: 9, Avg: 10.8, Max: 12, Diff: 3, Sum: 86]
      [Scan RS (ms): Min: 7.2, Avg: 8.0, Max: 8.5, Diff: 1.4, Sum: 64.0]
      [Code Root Scanning (ms): Min: 0.0, Avg: 0.0, Max: 0.0, Diff: 0.0, Sum: 0.0]
      [Object Copy (ms): Min: 113.8, Avg: 113.9, Max: 113.9, Diff: 0.2, Sum: 910.9]
      [Termination (ms): Min: 0.0, Avg: 0.0, Max: 0.0, Diff: 0.0, Sum: 0.2]
         [Termination Attempts: Min: 1, Avg: 50.0, Max: 71, Diff: 70, Sum: 400]
      [GC Worker Other (ms): Min: 0.0, Avg: 0.1, Max: 0.1, Diff: 0.1, Sum: 0.4]
      [GC Worker Total (ms): Min: 146.2, Avg: 146.4, Max: 146.7, Diff: 0.5, Sum: 1171.1]
      [GC Worker End (ms): Min: 111263.3, Avg: 111263.3, Max: 111263.4, Diff: 0.1]
   [Code Root Fixup: 0.0 ms]
   [Code Root Purge: 0.0 ms]
   [Clear CT: 1.2 ms]
   [Other: 2.1 ms]
      [Choose CSet: 0.0 ms]
      [Ref Proc: 0.3 ms]
      [Ref Enq: 0.0 ms]
      [Redirty Cards: 1.1 ms]
      [Humongous Register: 0.1 ms]
      [Humongous Reclaim: 0.0 ms]
      [Free CSet: 0.2 ms]
   [Eden: 95.0M(95.0M)->0.0B(93.0M) Survivors: 7168.0K->13.0M Heap: 127.7M(2048.0M)->123.2M(2048.0M)]
 [Times: user=1.25 sys=0.00, real=0.15 secs] 
2020-09-29T11:58:05.103+0200: 111.403: [GC pause (G1 Evacuation Pause) (young), 0.1672605 secs]
   [Parallel Time: 164.0 ms, GC Workers: 8]
      [GC Worker Start (ms): Min: 111403.6, Avg: 111403.8, Max: 111403.9, Diff: 0.3]
      [Ext Root Scanning (ms): Min: 0.0, Avg: 0.2, Max: 0.4, Diff: 0.3, Sum: 1.6]
      [Update RS (ms): Min: 20.6, Avg: 21.0, Max: 22.2, Diff: 1.6, Sum: 168.0]
         [Processed Buffers: Min: 9, Avg: 9.6, Max: 11, Diff: 2, Sum: 77]
      [Scan RS (ms): Min: 9.6, Avg: 11.1, Max: 11.5, Diff: 1.8, Sum: 88.5]
      [Code Root Scanning (ms): Min: 0.0, Avg: 0.0, Max: 0.0, Diff: 0.0, Sum: 0.0]
      [Object Copy (ms): Min: 130.9, Avg: 131.1, Max: 131.3, Diff: 0.4, Sum: 1048.9]
      [Termination (ms): Min: 0.0, Avg: 0.0, Max: 0.1, Diff: 0.1, Sum: 0.3]
         [Termination Attempts: Min: 1, Avg: 69.5, Max: 96, Diff: 95, Sum: 556]
      [GC Worker Other (ms): Min: 0.0, Avg: 0.1, Max: 0.1, Diff: 0.1, Sum: 0.5]
      [GC Worker Total (ms): Min: 163.3, Avg: 163.5, Max: 163.7, Diff: 0.4, Sum: 1307.8]
      [GC Worker End (ms): Min: 111567.2, Avg: 111567.2, Max: 111567.3, Diff: 0.1]
   [Code Root Fixup: 0.0 ms]
   [Code Root Purge: 0.0 ms]
   [Clear CT: 1.0 ms]
   [Other: 2.3 ms]
      [Choose CSet: 0.0 ms]
      [Ref Proc: 0.5 ms]
      [Ref Enq: 0.0 ms]
      [Redirty Cards: 1.1 ms]
      [Humongous Register: 0.1 ms]
      [Humongous Reclaim: 0.0 ms]
      [Free CSet: 0.2 ms]
   [Eden: 93.0M(93.0M)->0.0B(94.0M) Survivors: 13.0M->14.0M Heap: 231.4M(2048.0M)->233.4M(2048.0M)]
 [Times: user=1.27 sys=0.00, real=0.17 secs] 
2020-09-29T11:58:05.414+0200: 111.714: [GC pause (G1 Evacuation Pause) (young), 0.1758768 secs]
   [Parallel Time: 172.7 ms, GC Workers: 8]
      [GC Worker Start (ms): Min: 111714.7, Avg: 111714.9, Max: 111715.1, Diff: 0.4]
      [Ext Root Scanning (ms): Min: 0.0, Avg: 0.2, Max: 0.4, Diff: 0.4, Sum: 1.4]
      [Update RS (ms): Min: 17.6, Avg: 17.9, Max: 18.6, Diff: 1.0, Sum: 143.4]
         [Processed Buffers: Min: 7, Avg: 7.9, Max: 9, Diff: 2, Sum: 63]
      [Scan RS (ms): Min: 12.5, Avg: 13.1, Max: 13.5, Diff: 1.1, Sum: 104.9]
      [Code Root Scanning (ms): Min: 0.0, Avg: 0.0, Max: 0.0, Diff: 0.0, Sum: 0.0]
      [Object Copy (ms): Min: 140.2, Avg: 140.3, Max: 140.8, Diff: 0.6, Sum: 1122.7]
      [Termination (ms): Min: 0.0, Avg: 0.4, Max: 0.5, Diff: 0.5, Sum: 3.2]
         [Termination Attempts: Min: 1, Avg: 781.5, Max: 935, Diff: 934, Sum: 6252]
      [GC Worker Other (ms): Min: 0.0, Avg: 0.1, Max: 0.2, Diff: 0.1, Sum: 0.6]
      [GC Worker Total (ms): Min: 171.8, Avg: 172.0, Max: 172.4, Diff: 0.6, Sum: 1376.2]
      [GC Worker End (ms): Min: 111886.9, Avg: 111886.9, Max: 111887.0, Diff: 0.1]
   [Code Root Fixup: 0.0 ms]
   [Code Root Purge: 0.0 ms]
   [Clear CT: 0.9 ms]
   [Other: 2.3 ms]
      [Choose CSet: 0.0 ms]
      [Ref Proc: 0.7 ms]
      [Ref Enq: 0.0 ms]
      [Redirty Cards: 1.0 ms]
      [Humongous Register: 0.1 ms]
      [Humongous Reclaim: 0.0 ms]
      [Free CSet: 0.2 ms]
   [Eden: 94.0M(94.0M)->0.0B(94.0M) Survivors: 14.0M->14.0M Heap: 342.7M(2048.0M)->344.7M(2048.0M)]
 [Times: user=1.36 sys=0.00, real=0.18 secs] 
2020-09-29T11:58:05.734+0200: 112.035: [GC pause (G1 Evacuation Pause) (young), 0.1687224 secs]
   [Parallel Time: 166.1 ms, GC Workers: 8]
      [GC Worker Start (ms): Min: 112034.9, Avg: 112035.1, Max: 112035.3, Diff: 0.4]
      [Ext Root Scanning (ms): Min: 0.0, Avg: 0.2, Max: 0.3, Diff: 0.3, Sum: 1.5]
      [Update RS (ms): Min: 19.8, Avg: 20.5, Max: 21.7, Diff: 1.9, Sum: 163.6]
         [Processed Buffers: Min: 8, Avg: 8.5, Max: 10, Diff: 2, Sum: 68]
      [Scan RS (ms): Min: 11.5, Avg: 12.6, Max: 13.3, Diff: 1.7, Sum: 101.1]
      [Code Root Scanning (ms): Min: 0.0, Avg: 0.0, Max: 0.0, Diff: 0.0, Sum: 0.0]
      [Object Copy (ms): Min: 132.0, Avg: 132.2, Max: 132.3, Diff: 0.3, Sum: 1057.3]
      [Termination (ms): Min: 0.0, Avg: 0.0, Max: 0.1, Diff: 0.1, Sum: 0.4]
         [Termination Attempts: Min: 1, Avg: 98.5, Max: 133, Diff: 132, Sum: 788]
      [GC Worker Other (ms): Min: 0.0, Avg: 0.1, Max: 0.1, Diff: 0.1, Sum: 0.4]
      [GC Worker Total (ms): Min: 165.3, Avg: 165.5, Max: 165.7, Diff: 0.4, Sum: 1324.3]
      [GC Worker End (ms): Min: 112200.6, Avg: 112200.7, Max: 112200.7, Diff: 0.1]
   [Code Root Fixup: 0.0 ms]
   [Code Root Purge: 0.0 ms]
   [Clear CT: 0.6 ms]
   [Other: 2.0 ms]
      [Choose CSet: 0.0 ms]
      [Ref Proc: 0.6 ms]
      [Ref Enq: 0.0 ms]
      [Redirty Cards: 0.8 ms]
      [Humongous Register: 0.1 ms]
      [Humongous Reclaim: 0.0 ms]
      [Free CSet: 0.2 ms]
   [Eden: 94.0M(94.0M)->0.0B(97.0M) Survivors: 14.0M->14.0M Heap: 453.9M(2048.0M)->456.4M(2048.0M)]
 [Times: user=1.38 sys=0.00, real=0.17 secs] 
2020-09-29T11:58:06.055+0200: 112.356: [GC pause (G1 Evacuation Pause) (young), 0.1705019 secs]
   [Parallel Time: 168.2 ms, GC Workers: 8]
      [GC Worker Start (ms): Min: 112355.7, Avg: 112355.9, Max: 112356.1, Diff: 0.4]
      [Ext Root Scanning (ms): Min: 0.0, Avg: 0.2, Max: 0.4, Diff: 0.4, Sum: 1.4]
      [Update RS (ms): Min: 16.5, Avg: 17.1, Max: 17.9, Diff: 1.3, Sum: 136.8]
         [Processed Buffers: Min: 7, Avg: 8.1, Max: 10, Diff: 3, Sum: 65]
      [Scan RS (ms): Min: 13.7, Avg: 14.4, Max: 15.1, Diff: 1.4, Sum: 115.5]
      [Code Root Scanning (ms): Min: 0.0, Avg: 0.0, Max: 0.0, Diff: 0.0, Sum: 0.0]
      [Object Copy (ms): Min: 135.6, Avg: 135.8, Max: 135.9, Diff: 0.3, Sum: 1086.1]
      [Termination (ms): Min: 0.0, Avg: 0.1, Max: 0.2, Diff: 0.2, Sum: 1.1]
         [Termination Attempts: Min: 1, Avg: 277.9, Max: 346, Diff: 345, Sum: 2223]
      [GC Worker Other (ms): Min: 0.0, Avg: 0.0, Max: 0.1, Diff: 0.0, Sum: 0.3]
      [GC Worker Total (ms): Min: 167.5, Avg: 167.6, Max: 167.9, Diff: 0.4, Sum: 1341.2]
      [GC Worker End (ms): Min: 112523.6, Avg: 112523.6, Max: 112523.6, Diff: 0.0]
   [Code Root Fixup: 0.0 ms]
   [Code Root Purge: 0.0 ms]
   [Clear CT: 0.6 ms]
   [Other: 1.7 ms]
      [Choose CSet: 0.0 ms]
      [Ref Proc: 0.3 ms]
      [Ref Enq: 0.0 ms]
      [Redirty Cards: 0.7 ms]
      [Humongous Register: 0.1 ms]
      [Humongous Reclaim: 0.0 ms]
      [Free CSet: 0.3 ms]
   [Eden: 97.0M(97.0M)->0.0B(99.0M) Survivors: 14.0M->14.0M Heap: 570.6M(2048.0M)->573.1M(2048.0M)]
 [Times: user=1.38 sys=0.00, real=0.17 secs] 
2020-09-29T11:58:06.377+0200: 112.678: [GC pause (G1 Evacuation Pause) (young), 0.1850548 secs]
   [Parallel Time: 181.3 ms, GC Workers: 8]
      [GC Worker Start (ms): Min: 112678.3, Avg: 112678.5, Max: 112678.7, Diff: 0.4]
      [Ext Root Scanning (ms): Min: 0.0, Avg: 0.2, Max: 0.4, Diff: 0.4, Sum: 1.5]
      [Update RS (ms): Min: 18.1, Avg: 19.4, Max: 20.6, Diff: 2.5, Sum: 155.0]
         [Processed Buffers: Min: 7, Avg: 7.6, Max: 9, Diff: 2, Sum: 61]
      [Scan RS (ms): Min: 12.1, Avg: 13.3, Max: 14.7, Diff: 2.6, Sum: 106.7]
      [Code Root Scanning (ms): Min: 0.0, Avg: 0.0, Max: 0.0, Diff: 0.0, Sum: 0.0]
      [Object Copy (ms): Min: 147.6, Avg: 147.7, Max: 147.8, Diff: 0.2, Sum: 1181.4]
      [Termination (ms): Min: 0.0, Avg: 0.1, Max: 0.1, Diff: 0.1, Sum: 0.7]
         [Termination Attempts: Min: 1, Avg: 186.6, Max: 273, Diff: 272, Sum: 1493]
      [GC Worker Other (ms): Min: 0.0, Avg: 0.1, Max: 0.1, Diff: 0.1, Sum: 0.5]
      [GC Worker Total (ms): Min: 180.6, Avg: 180.7, Max: 181.0, Diff: 0.4, Sum: 1445.8]
      [GC Worker End (ms): Min: 112859.2, Avg: 112859.3, Max: 112859.3, Diff: 0.1]
   [Code Root Fixup: 0.0 ms]
   [Code Root Purge: 0.0 ms]
   [Clear CT: 1.1 ms]
   [Other: 2.6 ms]
      [Choose CSet: 0.0 ms]
      [Ref Proc: 0.9 ms]
      [Ref Enq: 0.0 ms]
      [Redirty Cards: 1.2 ms]
      [Humongous Register: 0.1 ms]
      [Humongous Reclaim: 0.0 ms]
      [Free CSet: 0.2 ms]
   [Eden: 99.0M(99.0M)->0.0B(96.0M) Survivors: 14.0M->15.0M Heap: 687.4M(2048.0M)->689.4M(2048.0M)]
 [Times: user=1.50 sys=0.00, real=0.18 secs] 
2020-09-29T11:58:06.703+0200: 113.004: [GC pause (G1 Evacuation Pause) (young), 0.2024763 secs]
   [Parallel Time: 200.3 ms, GC Workers: 8]
      [GC Worker Start (ms): Min: 113004.7, Avg: 113004.9, Max: 113005.1, Diff: 0.4]
      [Ext Root Scanning (ms): Min: 0.0, Avg: 0.2, Max: 0.4, Diff: 0.4, Sum: 1.4]
      [Update RS (ms): Min: 21.7, Avg: 23.0, Max: 29.2, Diff: 7.5, Sum: 183.8]
         [Processed Buffers: Min: 6, Avg: 9.6, Max: 13, Diff: 7, Sum: 77]
      [Scan RS (ms): Min: 6.8, Avg: 13.0, Max: 14.2, Diff: 7.4, Sum: 103.6]
      [Code Root Scanning (ms): Min: 0.0, Avg: 0.0, Max: 0.0, Diff: 0.0, Sum: 0.0]
      [Object Copy (ms): Min: 163.2, Avg: 163.3, Max: 163.4, Diff: 0.2, Sum: 1306.5]
      [Termination (ms): Min: 0.0, Avg: 0.2, Max: 0.3, Diff: 0.3, Sum: 1.7]
         [Termination Attempts: Min: 1, Avg: 445.5, Max: 560, Diff: 559, Sum: 3564]
      [GC Worker Other (ms): Min: 0.0, Avg: 0.1, Max: 0.1, Diff: 0.1, Sum: 0.5]
      [GC Worker Total (ms): Min: 199.5, Avg: 199.7, Max: 199.9, Diff: 0.4, Sum: 1597.5]
      [GC Worker End (ms): Min: 113204.6, Avg: 113204.6, Max: 113204.6, Diff: 0.1]
   [Code Root Fixup: 0.0 ms]
   [Code Root Purge: 0.0 ms]
   [Clear CT: 0.5 ms]
   [Other: 1.7 ms]
      [Choose CSet: 0.0 ms]
      [Ref Proc: 0.4 ms]
      [Ref Enq: 0.0 ms]
      [Redirty Cards: 0.5 ms]
      [Humongous Register: 0.1 ms]
      [Humongous Reclaim: 0.0 ms]
      [Free CSet: 0.3 ms]
   [Eden: 96.0M(96.0M)->0.0B(91.0M) Survivors: 15.0M->14.0M Heap: 802.5M(2048.0M)->804.0M(2048.0M)]
 [Times: user=1.61 sys=0.00, real=0.20 secs] 
2020-09-29T11:58:07.043+0200: 113.344: [GC pause (G1 Evacuation Pause) (young), 0.1665693 secs]
   [Parallel Time: 163.3 ms, GC Workers: 8]
      [GC Worker Start (ms): Min: 113344.5, Avg: 113344.7, Max: 113344.9, Diff: 0.4]
      [Ext Root Scanning (ms): Min: 0.0, Avg: 0.2, Max: 0.4, Diff: 0.4, Sum: 1.4]
      [Update RS (ms): Min: 19.5, Avg: 19.8, Max: 20.2, Diff: 0.6, Sum: 158.4]
         [Processed Buffers: Min: 8, Avg: 9.3, Max: 12, Diff: 4, Sum: 74]
      [Scan RS (ms): Min: 11.3, Avg: 11.7, Max: 12.0, Diff: 0.7, Sum: 93.7]
      [Code Root Scanning (ms): Min: 0.0, Avg: 0.0, Max: 0.0, Diff: 0.0, Sum: 0.0]
      [Object Copy (ms): Min: 130.6, Avg: 130.7, Max: 130.9, Diff: 0.3, Sum: 1046.0]
      [Termination (ms): Min: 0.0, Avg: 0.2, Max: 0.3, Diff: 0.3, Sum: 1.8]
         [Termination Attempts: Min: 1, Avg: 424.5, Max: 523, Diff: 522, Sum: 3396]
      [GC Worker Other (ms): Min: 0.0, Avg: 0.1, Max: 0.1, Diff: 0.1, Sum: 0.4]
      [GC Worker Total (ms): Min: 162.5, Avg: 162.7, Max: 162.9, Diff: 0.4, Sum: 1301.7]
      [GC Worker End (ms): Min: 113507.4, Avg: 113507.5, Max: 113507.5, Diff: 0.1]
   [Code Root Fixup: 0.0 ms]
   [Code Root Purge: 0.0 ms]
   [Clear CT: 1.3 ms]
   [Other: 1.9 ms]
      [Choose CSet: 0.0 ms]
      [Ref Proc: 0.4 ms]
      [Ref Enq: 0.0 ms]
      [Redirty Cards: 0.9 ms]
      [Humongous Register: 0.1 ms]
      [Humongous Reclaim: 0.0 ms]
      [Free CSet: 0.2 ms]
   [Eden: 91.0M(91.0M)->0.0B(95.0M) Survivors: 14.0M->14.0M Heap: 910.3M(2048.0M)->912.3M(2048.0M)]
 [Times: user=1.27 sys=0.03, real=0.17 secs] 
2020-09-29T11:58:07.350+0200: 113.651: [GC pause (G1 Evacuation Pause) (young), 0.1936797 secs]
   [Parallel Time: 191.5 ms, GC Workers: 8]
      [GC Worker Start (ms): Min: 113651.4, Avg: 113651.6, Max: 113651.7, Diff: 0.4]
      [Ext Root Scanning (ms): Min: 0.0, Avg: 0.2, Max: 0.4, Diff: 0.4, Sum: 1.6]
      [Update RS (ms): Min: 21.1, Avg: 21.6, Max: 22.3, Diff: 1.3, Sum: 172.7]
         [Processed Buffers: Min: 8, Avg: 9.1, Max: 11, Diff: 3, Sum: 73]
      [Scan RS (ms): Min: 11.5, Avg: 16.1, Max: 42.0, Diff: 30.4, Sum: 128.4]
      [Code Root Scanning (ms): Min: 0.0, Avg: 0.0, Max: 0.0, Diff: 0.0, Sum: 0.0]
      [Object Copy (ms): Min: 126.8, Avg: 152.8, Max: 156.8, Diff: 30.0, Sum: 1222.3]
      [Termination (ms): Min: 0.0, Avg: 0.2, Max: 0.3, Diff: 0.3, Sum: 1.6]
         [Termination Attempts: Min: 1, Avg: 440.0, Max: 624, Diff: 623, Sum: 3520]
      [GC Worker Other (ms): Min: 0.0, Avg: 0.1, Max: 0.1, Diff: 0.1, Sum: 0.6]
      [GC Worker Total (ms): Min: 190.7, Avg: 190.9, Max: 191.1, Diff: 0.4, Sum: 1527.2]
      [GC Worker End (ms): Min: 113842.4, Avg: 113842.5, Max: 113842.5, Diff: 0.1]
   [Code Root Fixup: 0.0 ms]
   [Code Root Purge: 0.0 ms]
   [Clear CT: 0.6 ms]
   [Other: 1.5 ms]
      [Choose CSet: 0.0 ms]
      [Ref Proc: 0.5 ms]
      [Ref Enq: 0.0 ms]
      [Redirty Cards: 0.5 ms]
      [Humongous Register: 0.1 ms]
      [Humongous Reclaim: 0.0 ms]
      [Free CSet: 0.2 ms]
   [Eden: 95.0M(95.0M)->0.0B(91.0M) Survivors: 14.0M->14.0M Heap: 1022.6M(2048.0M)->1024.6M(2048.0M)]
 [Times: user=1.44 sys=0.00, real=0.19 secs] 
2020-09-29T11:58:07.557+0200: 113.858: [GC pause (G1 Humongous Allocation) (young) (initial-mark), 0.0679753 secs]
   [Parallel Time: 62.3 ms, GC Workers: 8]
      [GC Worker Start (ms): Min: 113858.1, Avg: 113858.3, Max: 113858.6, Diff: 0.5]
      [Ext Root Scanning (ms): Min: 0.0, Avg: 0.4, Max: 0.6, Diff: 0.6, Sum: 3.0]
      [Update RS (ms): Min: 29.0, Avg: 29.8, Max: 30.9, Diff: 1.9, Sum: 238.3]
         [Processed Buffers: Min: 12, Avg: 13.1, Max: 14, Diff: 2, Sum: 105]
      [Scan RS (ms): Min: 1.3, Avg: 2.4, Max: 3.3, Diff: 2.0, Sum: 19.5]
      [Code Root Scanning (ms): Min: 0.0, Avg: 0.0, Max: 0.0, Diff: 0.0, Sum: 0.0]
      [Object Copy (ms): Min: 28.7, Avg: 28.8, Max: 28.9, Diff: 0.2, Sum: 230.1]
      [Termination (ms): Min: 0.0, Avg: 0.0, Max: 0.0, Diff: 0.0, Sum: 0.1]
         [Termination Attempts: Min: 1, Avg: 22.4, Max: 29, Diff: 28, Sum: 179]
      [GC Worker Other (ms): Min: 0.0, Avg: 0.0, Max: 0.1, Diff: 0.0, Sum: 0.3]
      [GC Worker Total (ms): Min: 61.2, Avg: 61.4, Max: 61.6, Diff: 0.5, Sum: 491.3]
      [GC Worker End (ms): Min: 113919.7, Avg: 113919.7, Max: 113919.8, Diff: 0.0]
   [Code Root Fixup: 0.0 ms]
   [Code Root Purge: 0.0 ms]
   [Clear CT: 1.9 ms]
   [Other: 3.8 ms]
      [Choose CSet: 0.0 ms]
      [Ref Proc: 2.3 ms]
      [Ref Enq: 0.0 ms]
      [Redirty Cards: 1.0 ms]
      [Humongous Register: 0.1 ms]
      [Humongous Reclaim: 0.0 ms]
      [Free CSet: 0.1 ms]
   [Eden: 5120.0K(91.0M)->0.0B(99.0M) Survivors: 14.0M->6144.0K Heap: 1029.1M(2048.0M)->1031.6M(2048.0M)]
 [Times: user=0.50 sys=0.00, real=0.07 secs] 
2020-09-29T11:58:07.625+0200: 113.926: [GC concurrent-root-region-scan-start]
2020-09-29T11:58:07.628+0200: 113.929: [GC concurrent-root-region-scan-end, 0.0030372 secs]
2020-09-29T11:58:07.628+0200: 113.929: [GC concurrent-mark-start]
2020-09-29T11:58:07.634+0200: 113.935: [GC concurrent-mark-end, 0.0059047 secs]
2020-09-29T11:58:07.634+0200: 113.935: [GC remark 2020-09-29T11:58:07.634+0200: 113.935: [Finalize Marking, 0.0005247 secs] 2020-09-29T11:58:07.635+0200: 113.936: [GC ref-proc, 0.0008135 secs] 2020-09-29T11:58:07.636+0200: 113.937: [Unloading, 0.0011189 secs], 0.0033190 secs]
 [Times: user=0.00 sys=0.00, real=0.00 secs] 
2020-09-29T11:58:07.639+0200: 113.940: [GC cleanup 1040M->23M(2048M), 0.0029913 secs]
 [Times: user=0.00 sys=0.00, real=0.00 secs] 
2020-09-29T11:58:07.642+0200: 113.943: [GC concurrent-cleanup-start]
2020-09-29T11:58:07.645+0200: 113.946: [GC concurrent-cleanup-end, 0.0030527 secs]
2020-09-29T11:58:07.777+0200: 114.078: [GC pause (G1 Evacuation Pause) (young), 0.1559590 secs]
   [Parallel Time: 153.2 ms, GC Workers: 8]
      [GC Worker Start (ms): Min: 114078.5, Avg: 114078.7, Max: 114078.9, Diff: 0.4]
      [Ext Root Scanning (ms): Min: 0.0, Avg: 0.2, Max: 0.4, Diff: 0.4, Sum: 1.5]
      [Update RS (ms): Min: 14.6, Avg: 15.0, Max: 15.9, Diff: 1.3, Sum: 120.2]
         [Processed Buffers: Min: 6, Avg: 6.9, Max: 11, Diff: 5, Sum: 55]
      [Scan RS (ms): Min: 12.5, Avg: 13.3, Max: 13.8, Diff: 1.3, Sum: 106.7]
      [Code Root Scanning (ms): Min: 0.0, Avg: 0.0, Max: 0.0, Diff: 0.0, Sum: 0.0]
      [Object Copy (ms): Min: 123.6, Avg: 123.8, Max: 124.0, Diff: 0.3, Sum: 990.2]
      [Termination (ms): Min: 0.0, Avg: 0.2, Max: 0.2, Diff: 0.2, Sum: 1.3]
         [Termination Attempts: Min: 1, Avg: 311.0, Max: 382, Diff: 381, Sum: 2488]
      [GC Worker Other (ms): Min: 0.0, Avg: 0.1, Max: 0.1, Diff: 0.1, Sum: 0.4]
      [GC Worker Total (ms): Min: 152.4, Avg: 152.5, Max: 152.8, Diff: 0.4, Sum: 1220.3]
      [GC Worker End (ms): Min: 114231.2, Avg: 114231.3, Max: 114231.3, Diff: 0.1]
   [Code Root Fixup: 0.0 ms]
   [Code Root Purge: 0.0 ms]
   [Clear CT: 0.8 ms]
   [Other: 2.0 ms]
      [Choose CSet: 0.0 ms]
      [Ref Proc: 0.5 ms]
      [Ref Enq: 0.0 ms]
      [Redirty Cards: 0.8 ms]
      [Humongous Register: 0.1 ms]
      [Humongous Reclaim: 0.0 ms]
      [Free CSet: 0.2 ms]
   [Eden: 99.0M(99.0M)->0.0B(95.0M) Survivors: 6144.0K->14.0M Heap: 130.7M(2048.0M)->127.2M(2048.0M)]
 [Times: user=1.25 sys=0.00, real=0.16 secs] 
2020-09-29T11:58:08.074+0200: 114.375: [GC pause (G1 Evacuation Pause) (young), 0.1716230 secs]
   [Parallel Time: 168.1 ms, GC Workers: 8]
      [GC Worker Start (ms): Min: 114375.0, Avg: 114375.2, Max: 114375.4, Diff: 0.3]
      [Ext Root Scanning (ms): Min: 0.0, Avg: 0.2, Max: 0.4, Diff: 0.3, Sum: 1.5]
      [Update RS (ms): Min: 20.2, Avg: 21.0, Max: 22.0, Diff: 1.8, Sum: 168.4]
         [Processed Buffers: Min: 8, Avg: 8.5, Max: 10, Diff: 2, Sum: 68]
      [Scan RS (ms): Min: 11.1, Avg: 12.2, Max: 13.2, Diff: 2.1, Sum: 97.4]
      [Code Root Scanning (ms): Min: 0.0, Avg: 0.0, Max: 0.0, Diff: 0.0, Sum: 0.0]
      [Object Copy (ms): Min: 133.7, Avg: 133.9, Max: 134.0, Diff: 0.3, Sum: 1071.2]
      [Termination (ms): Min: 0.0, Avg: 0.1, Max: 0.2, Diff: 0.2, Sum: 1.1]
         [Termination Attempts: Min: 1, Avg: 284.0, Max: 360, Diff: 359, Sum: 2272]
      [GC Worker Other (ms): Min: 0.0, Avg: 0.1, Max: 0.1, Diff: 0.1, Sum: 0.5]
      [GC Worker Total (ms): Min: 167.4, Avg: 167.5, Max: 167.7, Diff: 0.4, Sum: 1340.1]
      [GC Worker End (ms): Min: 114542.7, Avg: 114542.7, Max: 114542.8, Diff: 0.1]
   [Code Root Fixup: 0.0 ms]
   [Code Root Purge: 0.0 ms]
   [Clear CT: 1.0 ms]
   [Other: 2.5 ms]
      [Choose CSet: 0.0 ms]
      [Ref Proc: 0.7 ms]
      [Ref Enq: 0.0 ms]
      [Redirty Cards: 1.3 ms]
      [Humongous Register: 0.1 ms]
      [Humongous Reclaim: 0.0 ms]
      [Free CSet: 0.2 ms]
   [Eden: 95.0M(95.0M)->0.0B(97.0M) Survivors: 14.0M->14.0M Heap: 237.4M(2048.0M)->239.4M(2048.0M)]
 [Times: user=1.38 sys=0.00, real=0.17 secs] 
2020-09-29T11:58:08.384+0200: 114.685: [GC pause (G1 Evacuation Pause) (young), 0.0915762 secs]
   [Parallel Time: 89.5 ms, GC Workers: 8]
      [GC Worker Start (ms): Min: 114685.0, Avg: 114685.2, Max: 114685.3, Diff: 0.3]
      [Ext Root Scanning (ms): Min: 0.0, Avg: 0.1, Max: 0.3, Diff: 0.3, Sum: 0.8]
      [Update RS (ms): Min: 11.6, Avg: 11.9, Max: 12.3, Diff: 0.6, Sum: 95.0]
         [Processed Buffers: Min: 7, Avg: 8.3, Max: 10, Diff: 3, Sum: 66]
      [Scan RS (ms): Min: 8.6, Avg: 8.9, Max: 9.3, Diff: 0.7, Sum: 71.5]
      [Code Root Scanning (ms): Min: 0.0, Avg: 0.0, Max: 0.0, Diff: 0.0, Sum: 0.0]
      [Object Copy (ms): Min: 68.0, Avg: 68.1, Max: 68.2, Diff: 0.2, Sum: 544.7]
      [Termination (ms): Min: 0.0, Avg: 0.1, Max: 0.1, Diff: 0.1, Sum: 0.8]
         [Termination Attempts: Min: 1, Avg: 686.3, Max: 882, Diff: 881, Sum: 5490]
      [GC Worker Other (ms): Min: 0.0, Avg: 0.0, Max: 0.1, Diff: 0.0, Sum: 0.2]
      [GC Worker Total (ms): Min: 89.0, Avg: 89.1, Max: 89.3, Diff: 0.3, Sum: 713.0]
      [GC Worker End (ms): Min: 114774.3, Avg: 114774.3, Max: 114774.3, Diff: 0.0]
   [Code Root Fixup: 0.0 ms]
   [Code Root Purge: 0.0 ms]
   [Clear CT: 0.7 ms]
   [Other: 1.4 ms]
      [Choose CSet: 0.0 ms]
      [Ref Proc: 0.3 ms]
      [Ref Enq: 0.0 ms]
      [Redirty Cards: 0.7 ms]
      [Humongous Register: 0.1 ms]
      [Humongous Reclaim: 0.0 ms]
      [Free CSet: 0.1 ms]
   [Eden: 97.0M(97.0M)->0.0B(109.0M) Survivors: 14.0M->14.0M Heap: 353.6M(2048.0M)->355.6M(2048.0M)]
 [Times: user=0.69 sys=0.00, real=0.09 secs] 
2020-09-29T11:58:08.530+0200: 114.830: [GC pause (G1 Evacuation Pause) (young), 0.0612579 secs]
   [Parallel Time: 60.1 ms, GC Workers: 8]
      [GC Worker Start (ms): Min: 114830.3, Avg: 114830.4, Max: 114830.4, Diff: 0.1]
      [Ext Root Scanning (ms): Min: 0.0, Avg: 0.1, Max: 0.2, Diff: 0.1, Sum: 0.6]
      [Update RS (ms): Min: 5.0, Avg: 5.3, Max: 5.7, Diff: 0.8, Sum: 42.1]
         [Processed Buffers: Min: 6, Avg: 6.8, Max: 8, Diff: 2, Sum: 54]
      [Scan RS (ms): Min: 5.2, Avg: 5.6, Max: 5.9, Diff: 0.8, Sum: 45.2]
      [Code Root Scanning (ms): Min: 0.0, Avg: 0.0, Max: 0.0, Diff: 0.0, Sum: 0.0]
      [Object Copy (ms): Min: 48.8, Avg: 48.9, Max: 48.9, Diff: 0.1, Sum: 391.1]
      [Termination (ms): Min: 0.0, Avg: 0.0, Max: 0.0, Diff: 0.0, Sum: 0.0]
         [Termination Attempts: Min: 1, Avg: 10.3, Max: 18, Diff: 17, Sum: 82]
      [GC Worker Other (ms): Min: 0.0, Avg: 0.0, Max: 0.0, Diff: 0.0, Sum: 0.2]
      [GC Worker Total (ms): Min: 59.8, Avg: 59.9, Max: 60.0, Diff: 0.1, Sum: 479.2]
      [GC Worker End (ms): Min: 114890.2, Avg: 114890.2, Max: 114890.3, Diff: 0.0]
   [Code Root Fixup: 0.0 ms]
   [Code Root Purge: 0.0 ms]
   [Clear CT: 0.2 ms]
   [Other: 0.9 ms]
      [Choose CSet: 0.0 ms]
      [Ref Proc: 0.2 ms]
      [Ref Enq: 0.0 ms]
      [Redirty Cards: 0.4 ms]
      [Humongous Register: 0.0 ms]
      [Humongous Reclaim: 0.0 ms]
      [Free CSet: 0.1 ms]
   [Eden: 109.0M(109.0M)->0.0B(131.0M) Survivors: 14.0M->16.0M Heap: 481.8M(2048.0M)->484.3M(2048.0M)]
 [Times: user=0.50 sys=0.00, real=0.06 secs] 
2020-09-29T11:58:08.660+0200: 114.960: [GC pause (G1 Evacuation Pause) (young), 0.0728790 secs]
   [Parallel Time: 72.0 ms, GC Workers: 8]
      [GC Worker Start (ms): Min: 114960.4, Avg: 114960.5, Max: 114960.5, Diff: 0.1]
      [Ext Root Scanning (ms): Min: 0.0, Avg: 0.1, Max: 0.1, Diff: 0.1, Sum: 0.6]
      [Update RS (ms): Min: 6.4, Avg: 6.7, Max: 6.9, Diff: 0.5, Sum: 53.2]
         [Processed Buffers: Min: 8, Avg: 8.8, Max: 10, Diff: 2, Sum: 70]
      [Scan RS (ms): Min: 6.5, Avg: 6.8, Max: 7.1, Diff: 0.5, Sum: 54.5]
      [Code Root Scanning (ms): Min: 0.0, Avg: 0.0, Max: 0.0, Diff: 0.0, Sum: 0.0]
      [Object Copy (ms): Min: 58.2, Avg: 58.2, Max: 58.3, Diff: 0.1, Sum: 465.9]
      [Termination (ms): Min: 0.0, Avg: 0.0, Max: 0.0, Diff: 0.0, Sum: 0.2]
         [Termination Attempts: Min: 1, Avg: 144.8, Max: 200, Diff: 199, Sum: 1158]
      [GC Worker Other (ms): Min: 0.0, Avg: 0.0, Max: 0.0, Diff: 0.0, Sum: 0.2]
      [GC Worker Total (ms): Min: 71.8, Avg: 71.8, Max: 71.9, Diff: 0.1, Sum: 574.6]
      [GC Worker End (ms): Min: 115032.3, Avg: 115032.3, Max: 115032.3, Diff: 0.0]
   [Code Root Fixup: 0.0 ms]
   [Code Root Purge: 0.0 ms]
   [Clear CT: 0.2 ms]
   [Other: 0.7 ms]
      [Choose CSet: 0.0 ms]
      [Ref Proc: 0.2 ms]
      [Ref Enq: 0.0 ms]
      [Redirty Cards: 0.2 ms]
      [Humongous Register: 0.0 ms]
      [Humongous Reclaim: 0.0 ms]
      [Free CSet: 0.1 ms]
   [Eden: 131.0M(131.0M)->0.0B(155.0M) Survivors: 16.0M->19.0M Heap: 638.1M(2048.0M)->641.1M(2048.0M)]
 [Times: user=0.63 sys=0.00, real=0.07 secs] 
2020-09-29T11:58:08.806+0200: 115.106: [GC pause (G1 Evacuation Pause) (young), 0.0833526 secs]
   [Parallel Time: 82.4 ms, GC Workers: 8]
      [GC Worker Start (ms): Min: 115106.2, Avg: 115106.2, Max: 115106.3, Diff: 0.1]
      [Ext Root Scanning (ms): Min: 0.0, Avg: 0.1, Max: 0.1, Diff: 0.1, Sum: 0.6]
      [Update RS (ms): Min: 5.9, Avg: 6.1, Max: 6.5, Diff: 0.6, Sum: 49.2]
         [Processed Buffers: Min: 7, Avg: 7.8, Max: 8, Diff: 1, Sum: 62]
      [Scan RS (ms): Min: 8.1, Avg: 8.5, Max: 8.7, Diff: 0.6, Sum: 67.9]
      [Code Root Scanning (ms): Min: 0.0, Avg: 0.0, Max: 0.0, Diff: 0.0, Sum: 0.0]
      [Object Copy (ms): Min: 67.4, Avg: 67.4, Max: 67.5, Diff: 0.1, Sum: 539.4]
      [Termination (ms): Min: 0.0, Avg: 0.0, Max: 0.0, Diff: 0.0, Sum: 0.3]
         [Termination Attempts: Min: 1, Avg: 286.8, Max: 355, Diff: 354, Sum: 2294]
      [GC Worker Other (ms): Min: 0.0, Avg: 0.0, Max: 0.1, Diff: 0.0, Sum: 0.3]
      [GC Worker Total (ms): Min: 82.2, Avg: 82.2, Max: 82.3, Diff: 0.1, Sum: 657.7]
      [GC Worker End (ms): Min: 115188.4, Avg: 115188.4, Max: 115188.5, Diff: 0.0]
   [Code Root Fixup: 0.0 ms]
   [Code Root Purge: 0.0 ms]
   [Clear CT: 0.2 ms]
   [Other: 0.8 ms]
      [Choose CSet: 0.0 ms]
      [Ref Proc: 0.2 ms]
      [Ref Enq: 0.0 ms]
      [Redirty Cards: 0.3 ms]
      [Humongous Register: 0.0 ms]
      [Humongous Reclaim: 0.0 ms]
      [Free CSet: 0.1 ms]
   [Eden: 155.0M(155.0M)->0.0B(179.0M) Survivors: 19.0M->22.0M Heap: 820.9M(2048.0M)->822.9M(2048.0M)]
 [Times: user=0.63 sys=0.00, real=0.08 secs] 
2020-09-29T11:58:08.978+0200: 115.278: [GC pause (G1 Evacuation Pause) (young), 0.1001975 secs]
   [Parallel Time: 99.0 ms, GC Workers: 8]
      [GC Worker Start (ms): Min: 115278.4, Avg: 115278.5, Max: 115278.6, Diff: 0.2]
      [Ext Root Scanning (ms): Min: 0.0, Avg: 0.1, Max: 0.2, Diff: 0.2, Sum: 0.5]
      [Update RS (ms): Min: 8.0, Avg: 8.2, Max: 8.4, Diff: 0.3, Sum: 65.2]
         [Processed Buffers: Min: 9, Avg: 10.1, Max: 12, Diff: 3, Sum: 81]
      [Scan RS (ms): Min: 10.0, Avg: 10.2, Max: 10.2, Diff: 0.2, Sum: 81.3]
      [Code Root Scanning (ms): Min: 0.0, Avg: 0.0, Max: 0.0, Diff: 0.0, Sum: 0.0]
      [Object Copy (ms): Min: 80.2, Avg: 80.3, Max: 80.3, Diff: 0.1, Sum: 642.3]
      [Termination (ms): Min: 0.0, Avg: 0.0, Max: 0.0, Diff: 0.0, Sum: 0.1]
         [Termination Attempts: Min: 1, Avg: 125.5, Max: 160, Diff: 159, Sum: 1004]
      [GC Worker Other (ms): Min: 0.0, Avg: 0.0, Max: 0.0, Diff: 0.0, Sum: 0.2]
      [GC Worker Total (ms): Min: 98.6, Avg: 98.7, Max: 98.8, Diff: 0.2, Sum: 789.6]
      [GC Worker End (ms): Min: 115377.2, Avg: 115377.2, Max: 115377.3, Diff: 0.0]
   [Code Root Fixup: 0.0 ms]
   [Code Root Purge: 0.0 ms]
   [Clear CT: 0.4 ms]
   [Other: 0.8 ms]
      [Choose CSet: 0.0 ms]
      [Ref Proc: 0.1 ms]
      [Ref Enq: 0.0 ms]
      [Redirty Cards: 0.4 ms]
      [Humongous Register: 0.0 ms]
      [Humongous Reclaim: 0.0 ms]
      [Free CSet: 0.1 ms]
   [Eden: 179.0M(179.0M)->0.0B(201.0M) Survivors: 22.0M->26.0M Heap: 1032.5M(2048.0M)->1034.5M(2048.0M)]
 [Times: user=0.75 sys=0.00, real=0.11 secs] 
2020-09-29T11:58:09.092+0200: 115.393: [GC pause (G1 Humongous Allocation) (young) (initial-mark), 0.0333751 secs]
   [Parallel Time: 32.4 ms, GC Workers: 8]
      [GC Worker Start (ms): Min: 115393.3, Avg: 115393.4, Max: 115393.4, Diff: 0.2]
      [Ext Root Scanning (ms): Min: 0.0, Avg: 1.7, Max: 12.3, Diff: 12.3, Sum: 13.5]
      [Update RS (ms): Min: 6.2, Avg: 16.6, Max: 18.5, Diff: 12.2, Sum: 132.5]
         [Processed Buffers: Min: 8, Avg: 20.0, Max: 24, Diff: 16, Sum: 160]
      [Scan RS (ms): Min: 1.5, Avg: 1.6, Max: 1.8, Diff: 0.3, Sum: 13.0]
      [Code Root Scanning (ms): Min: 0.0, Avg: 0.0, Max: 0.0, Diff: 0.0, Sum: 0.0]
      [Object Copy (ms): Min: 12.1, Avg: 12.3, Max: 13.5, Diff: 1.4, Sum: 98.4]
      [Termination (ms): Min: 0.0, Avg: 0.0, Max: 0.0, Diff: 0.0, Sum: 0.1]
         [Termination Attempts: Min: 1, Avg: 66.9, Max: 88, Diff: 87, Sum: 535]
      [GC Worker Other (ms): Min: 0.0, Avg: 0.0, Max: 0.0, Diff: 0.0, Sum: 0.1]
      [GC Worker Total (ms): Min: 32.1, Avg: 32.2, Max: 32.3, Diff: 0.2, Sum: 257.6]
      [GC Worker End (ms): Min: 115425.5, Avg: 115425.6, Max: 115425.6, Diff: 0.0]
   [Code Root Fixup: 0.0 ms]
   [Code Root Purge: 0.0 ms]
   [Clear CT: 0.2 ms]
   [Other: 0.8 ms]
      [Choose CSet: 0.0 ms]
      [Ref Proc: 0.2 ms]
      [Ref Enq: 0.0 ms]
      [Redirty Cards: 0.2 ms]
      [Humongous Register: 0.1 ms]
      [Humongous Reclaim: 0.0 ms]
      [Free CSet: 0.1 ms]
   [Eden: 5120.0K(201.0M)->0.0B(251.0M) Survivors: 26.0M->7168.0K Heap: 1039.5M(2048.0M)->1044.0M(2048.0M)]
 [Times: user=0.23 sys=0.00, real=0.03 secs] 
2020-09-29T11:58:09.126+0200: 115.427: [GC concurrent-root-region-scan-start]
2020-09-29T11:58:09.127+0200: 115.428: [GC concurrent-root-region-scan-end, 0.0009855 secs]
2020-09-29T11:58:09.127+0200: 115.428: [GC concurrent-mark-start]
2020-09-29T11:58:09.129+0200: 115.430: [GC concurrent-mark-end, 0.0022510 secs]
2020-09-29T11:58:09.129+0200: 115.430: [GC remark 2020-09-29T11:58:09.129+0200: 115.430: [Finalize Marking, 0.0001906 secs] 2020-09-29T11:58:09.129+0200: 115.430: [GC ref-proc, 0.0002879 secs] 2020-09-29T11:58:09.130+0200: 115.431: [Unloading, 0.0004360 secs], 0.0012054 secs]
 [Times: user=0.00 sys=0.00, real=0.00 secs] 
2020-09-29T11:58:09.131+0200: 115.432: [GC cleanup 1052M->24M(2048M), 0.0010819 secs]
 [Times: user=0.00 sys=0.00, real=0.00 secs] 
2020-09-29T11:58:09.132+0200: 115.433: [GC concurrent-cleanup-start]
2020-09-29T11:58:09.133+0200: 115.434: [GC concurrent-cleanup-end, 0.0011323 secs]
2020-09-29T11:58:09.250+0200: 115.551: [GC pause (G1 Evacuation Pause) (young), 0.1161715 secs]
   [Parallel Time: 115.1 ms, GC Workers: 8]
      [GC Worker Start (ms): Min: 115550.9, Avg: 115551.0, Max: 115551.1, Diff: 0.2]
      [Ext Root Scanning (ms): Min: 0.0, Avg: 0.1, Max: 0.1, Diff: 0.1, Sum: 0.5]
      [Update RS (ms): Min: 9.2, Avg: 9.4, Max: 9.8, Diff: 0.6, Sum: 75.5]
         [Processed Buffers: Min: 11, Avg: 11.5, Max: 13, Diff: 2, Sum: 92]
      [Scan RS (ms): Min: 11.5, Avg: 11.9, Max: 12.2, Diff: 0.7, Sum: 95.4]
      [Code Root Scanning (ms): Min: 0.0, Avg: 0.0, Max: 0.0, Diff: 0.0, Sum: 0.0]
      [Object Copy (ms): Min: 93.4, Avg: 93.4, Max: 93.4, Diff: 0.1, Sum: 747.4]
      [Termination (ms): Min: 0.0, Avg: 0.0, Max: 0.0, Diff: 0.0, Sum: 0.2]
         [Termination Attempts: Min: 1, Avg: 140.4, Max: 198, Diff: 197, Sum: 1123]
      [GC Worker Other (ms): Min: 0.0, Avg: 0.0, Max: 0.1, Diff: 0.0, Sum: 0.3]
      [GC Worker Total (ms): Min: 114.8, Avg: 114.9, Max: 115.0, Diff: 0.2, Sum: 919.1]
      [GC Worker End (ms): Min: 115665.9, Avg: 115665.9, Max: 115665.9, Diff: 0.0]
   [Code Root Fixup: 0.0 ms]
   [Code Root Purge: 0.0 ms]
   [Clear CT: 0.1 ms]
   [Other: 0.9 ms]
      [Choose CSet: 0.0 ms]
      [Ref Proc: 0.2 ms]
      [Ref Enq: 0.0 ms]
      [Redirty Cards: 0.2 ms]
      [Humongous Register: 0.0 ms]
      [Humongous Reclaim: 0.0 ms]
      [Free CSet: 0.3 ms]
   [Eden: 251.0M(251.0M)->0.0B(255.0M) Survivors: 7168.0K->33.0M Heap: 309.0M(2048.0M)->303.5M(2048.0M)]
 [Times: user=1.00 sys=0.00, real=0.12 secs] 
2020-09-29T11:58:09.506+0200: 115.807: [GC pause (G1 Evacuation Pause) (young), 0.1329379 secs]
   [Parallel Time: 131.8 ms, GC Workers: 8]
      [GC Worker Start (ms): Min: 115807.3, Avg: 115807.4, Max: 115807.5, Diff: 0.2]
      [Ext Root Scanning (ms): Min: 0.0, Avg: 0.1, Max: 0.1, Diff: 0.1, Sum: 0.5]
      [Update RS (ms): Min: 9.4, Avg: 9.6, Max: 9.9, Diff: 0.5, Sum: 76.4]
         [Processed Buffers: Min: 11, Avg: 12.8, Max: 15, Diff: 4, Sum: 102]
      [Scan RS (ms): Min: 14.0, Avg: 14.3, Max: 14.5, Diff: 0.5, Sum: 114.5]
      [Code Root Scanning (ms): Min: 0.0, Avg: 0.0, Max: 0.0, Diff: 0.0, Sum: 0.0]
      [Object Copy (ms): Min: 107.6, Avg: 107.6, Max: 107.7, Diff: 0.1, Sum: 860.9]
      [Termination (ms): Min: 0.0, Avg: 0.0, Max: 0.0, Diff: 0.0, Sum: 0.1]
         [Termination Attempts: Min: 1, Avg: 91.8, Max: 123, Diff: 122, Sum: 734]
      [GC Worker Other (ms): Min: 0.0, Avg: 0.0, Max: 0.1, Diff: 0.0, Sum: 0.2]
      [GC Worker Total (ms): Min: 131.5, Avg: 131.6, Max: 131.7, Diff: 0.2, Sum: 1052.7]
      [GC Worker End (ms): Min: 115939.0, Avg: 115939.0, Max: 115939.0, Diff: 0.0]
   [Code Root Fixup: 0.0 ms]
   [Code Root Purge: 0.0 ms]
   [Clear CT: 0.2 ms]
   [Other: 0.9 ms]
      [Choose CSet: 0.0 ms]
      [Ref Proc: 0.2 ms]
      [Ref Enq: 0.0 ms]
      [Redirty Cards: 0.3 ms]
      [Humongous Register: 0.0 ms]
      [Humongous Reclaim: 0.0 ms]
      [Free CSet: 0.2 ms]
   [Eden: 255.0M(255.0M)->0.0B(262.0M) Survivors: 33.0M->36.0M Heap: 602.3M(2048.0M)->604.3M(2048.0M)]
 [Times: user=1.00 sys=0.00, real=0.13 secs] 
2020-09-29T11:58:09.778+0200: 116.079: [GC pause (G1 Evacuation Pause) (young), 0.1414464 secs]
   [Parallel Time: 140.4 ms, GC Workers: 8]
      [GC Worker Start (ms): Min: 116079.0, Avg: 116079.0, Max: 116079.1, Diff: 0.2]
      [Ext Root Scanning (ms): Min: 0.0, Avg: 0.1, Max: 0.1, Diff: 0.1, Sum: 0.6]
      [Update RS (ms): Min: 10.5, Avg: 10.6, Max: 10.8, Diff: 0.3, Sum: 84.4]
         [Processed Buffers: Min: 12, Avg: 13.5, Max: 16, Diff: 4, Sum: 108]
      [Scan RS (ms): Min: 15.6, Avg: 15.7, Max: 15.8, Diff: 0.2, Sum: 126.0]
      [Code Root Scanning (ms): Min: 0.0, Avg: 0.0, Max: 0.0, Diff: 0.0, Sum: 0.0]
      [Object Copy (ms): Min: 113.7, Avg: 113.7, Max: 113.8, Diff: 0.1, Sum: 909.8]
      [Termination (ms): Min: 0.0, Avg: 0.1, Max: 0.1, Diff: 0.1, Sum: 0.5]
         [Termination Attempts: Min: 1, Avg: 53.8, Max: 84, Diff: 83, Sum: 430]
      [GC Worker Other (ms): Min: 0.0, Avg: 0.0, Max: 0.0, Diff: 0.0, Sum: 0.1]
      [GC Worker Total (ms): Min: 140.1, Avg: 140.2, Max: 140.3, Diff: 0.2, Sum: 1121.3]
      [GC Worker End (ms): Min: 116219.2, Avg: 116219.2, Max: 116219.2, Diff: 0.0]
   [Code Root Fixup: 0.0 ms]
   [Code Root Purge: 0.0 ms]
   [Clear CT: 0.2 ms]
   [Other: 0.9 ms]
      [Choose CSet: 0.0 ms]
      [Ref Proc: 0.2 ms]
      [Ref Enq: 0.0 ms]
      [Redirty Cards: 0.2 ms]
      [Humongous Register: 0.0 ms]
      [Humongous Reclaim: 0.0 ms]
      [Free CSet: 0.3 ms]
   [Eden: 262.0M(262.0M)->0.0B(270.0M) Survivors: 36.0M->38.0M Heap: 910.2M(2048.0M)->912.2M(2048.0M)]
 [Times: user=1.13 sys=0.00, real=0.14 secs] 
2020-09-29T11:58:10.044+0200: 116.345: [GC pause (G1 Humongous Allocation) (young) (initial-mark), 0.1335208 secs]
   [Parallel Time: 132.4 ms, GC Workers: 8]
      [GC Worker Start (ms): Min: 116344.9, Avg: 116345.0, Max: 116345.1, Diff: 0.2]
      [Ext Root Scanning (ms): Min: 0.0, Avg: 0.1, Max: 0.2, Diff: 0.2, Sum: 0.8]
      [Update RS (ms): Min: 12.9, Avg: 13.2, Max: 13.8, Diff: 0.9, Sum: 105.9]
         [Processed Buffers: Min: 15, Avg: 16.0, Max: 17, Diff: 2, Sum: 128]
      [Scan RS (ms): Min: 11.5, Avg: 12.0, Max: 12.3, Diff: 0.8, Sum: 96.4]
      [Code Root Scanning (ms): Min: 0.0, Avg: 0.0, Max: 0.0, Diff: 0.0, Sum: 0.0]
      [Object Copy (ms): Min: 106.7, Avg: 106.7, Max: 106.8, Diff: 0.1, Sum: 853.5]
      [Termination (ms): Min: 0.0, Avg: 0.1, Max: 0.1, Diff: 0.1, Sum: 0.5]
         [Termination Attempts: Min: 1, Avg: 368.9, Max: 452, Diff: 451, Sum: 2951]
      [GC Worker Other (ms): Min: 0.0, Avg: 0.0, Max: 0.1, Diff: 0.0, Sum: 0.3]
      [GC Worker Total (ms): Min: 132.1, Avg: 132.2, Max: 132.2, Diff: 0.1, Sum: 1057.3]
      [GC Worker End (ms): Min: 116477.2, Avg: 116477.2, Max: 116477.2, Diff: 0.0]
   [Code Root Fixup: 0.0 ms]
   [Code Root Purge: 0.0 ms]
   [Clear CT: 0.2 ms]
   [Other: 1.0 ms]
      [Choose CSet: 0.0 ms]
      [Ref Proc: 0.2 ms]
      [Ref Enq: 0.0 ms]
      [Redirty Cards: 0.3 ms]
      [Humongous Register: 0.0 ms]
      [Humongous Reclaim: 0.0 ms]
      [Free CSet: 0.2 ms]
   [Eden: 240.0M(270.0M)->0.0B(287.0M) Survivors: 38.0M->39.0M Heap: 1189.8M(2048.0M)->1191.3M(2048.0M)]
 [Times: user=1.11 sys=0.02, real=0.13 secs] 
2020-09-29T11:58:10.178+0200: 116.478: [GC concurrent-root-region-scan-start]
2020-09-29T11:58:10.191+0200: 116.492: [GC concurrent-root-region-scan-end, 0.0135055 secs]
2020-09-29T11:58:10.191+0200: 116.492: [GC concurrent-mark-start]
2020-09-29T11:58:10.198+0200: 116.499: [GC concurrent-mark-end, 0.0066577 secs]
2020-09-29T11:58:10.198+0200: 116.499: [GC remark 2020-09-29T11:58:10.198+0200: 116.499: [Finalize Marking, 0.0001340 secs] 2020-09-29T11:58:10.199+0200: 116.499: [GC ref-proc, 0.0002725 secs] 2020-09-29T11:58:10.199+0200: 116.499: [Unloading, 0.0005637 secs], 0.0014146 secs]
 [Times: user=0.00 sys=0.00, real=0.00 secs] 
2020-09-29T11:58:10.200+0200: 116.501: [GC cleanup 1199M->55M(2048M), 0.0014330 secs]
 [Times: user=0.00 sys=0.00, real=0.00 secs] 
2020-09-29T11:58:10.202+0200: 116.502: [GC concurrent-cleanup-start]
2020-09-29T11:58:10.203+0200: 116.504: [GC concurrent-cleanup-end, 0.0014117 secs]
2020-09-29T11:58:10.348+0200: 116.649: [GC pause (G1 Evacuation Pause) (young), 0.1447608 secs]
   [Parallel Time: 143.7 ms, GC Workers: 8]
      [GC Worker Start (ms): Min: 116649.1, Avg: 116649.2, Max: 116649.2, Diff: 0.1]
      [Ext Root Scanning (ms): Min: 0.0, Avg: 0.1, Max: 0.1, Diff: 0.1, Sum: 0.7]
      [Update RS (ms): Min: 15.2, Avg: 15.4, Max: 15.9, Diff: 0.7, Sum: 122.9]
         [Processed Buffers: Min: 15, Avg: 17.3, Max: 19, Diff: 4, Sum: 138]
      [Scan RS (ms): Min: 12.2, Avg: 12.8, Max: 12.9, Diff: 0.7, Sum: 102.3]
      [Code Root Scanning (ms): Min: 0.0, Avg: 0.0, Max: 0.0, Diff: 0.0, Sum: 0.0]
      [Object Copy (ms): Min: 115.1, Avg: 115.2, Max: 115.3, Diff: 0.1, Sum: 921.5]
      [Termination (ms): Min: 0.0, Avg: 0.1, Max: 0.1, Diff: 0.1, Sum: 0.9]
         [Termination Attempts: Min: 1, Avg: 840.8, Max: 1043, Diff: 1042, Sum: 6726]
      [GC Worker Other (ms): Min: 0.0, Avg: 0.0, Max: 0.1, Diff: 0.0, Sum: 0.2]
      [GC Worker Total (ms): Min: 143.5, Avg: 143.5, Max: 143.6, Diff: 0.1, Sum: 1148.4]
      [GC Worker End (ms): Min: 116792.7, Avg: 116792.7, Max: 116792.8, Diff: 0.0]
   [Code Root Fixup: 0.0 ms]
   [Code Root Purge: 0.0 ms]
   [Clear CT: 0.2 ms]
   [Other: 0.8 ms]
      [Choose CSet: 0.0 ms]
      [Ref Proc: 0.2 ms]
      [Ref Enq: 0.0 ms]
      [Redirty Cards: 0.2 ms]
      [Humongous Register: 0.0 ms]
      [Humongous Reclaim: 0.0 ms]
      [Free CSet: 0.2 ms]
   [Eden: 287.0M(287.0M)->0.0B(301.0M) Survivors: 39.0M->41.0M Heap: 384.6M(2048.0M)->347.6M(2048.0M)]
 [Times: user=1.13 sys=0.00, real=0.15 secs] 
2020-09-29T11:58:10.656+0200: 116.957: [GC pause (G1 Evacuation Pause) (young), 0.1572596 secs]
   [Parallel Time: 156.1 ms, GC Workers: 8]
      [GC Worker Start (ms): Min: 116956.9, Avg: 116956.9, Max: 116957.0, Diff: 0.1]
      [Ext Root Scanning (ms): Min: 0.0, Avg: 0.1, Max: 0.1, Diff: 0.1, Sum: 0.6]
      [Update RS (ms): Min: 12.4, Avg: 12.6, Max: 13.1, Diff: 0.7, Sum: 100.6]
         [Processed Buffers: Min: 15, Avg: 16.1, Max: 17, Diff: 2, Sum: 129]
      [Scan RS (ms): Min: 16.0, Avg: 16.6, Max: 16.8, Diff: 0.8, Sum: 133.0]
      [Code Root Scanning (ms): Min: 0.0, Avg: 0.0, Max: 0.0, Diff: 0.0, Sum: 0.0]
      [Object Copy (ms): Min: 126.5, Avg: 126.6, Max: 126.7, Diff: 0.2, Sum: 1012.9]
      [Termination (ms): Min: 0.0, Avg: 0.0, Max: 0.1, Diff: 0.1, Sum: 0.3]
         [Termination Attempts: Min: 1, Avg: 295.3, Max: 372, Diff: 371, Sum: 2362]
      [GC Worker Other (ms): Min: 0.0, Avg: 0.0, Max: 0.1, Diff: 0.0, Sum: 0.2]
      [GC Worker Total (ms): Min: 155.9, Avg: 156.0, Max: 156.0, Diff: 0.1, Sum: 1247.7]
      [GC Worker End (ms): Min: 117112.9, Avg: 117112.9, Max: 117112.9, Diff: 0.0]
   [Code Root Fixup: 0.0 ms]
   [Code Root Purge: 0.0 ms]
   [Clear CT: 0.2 ms]
   [Other: 1.0 ms]
      [Choose CSet: 0.0 ms]
      [Ref Proc: 0.2 ms]
      [Ref Enq: 0.0 ms]
      [Redirty Cards: 0.3 ms]
      [Humongous Register: 0.0 ms]
      [Humongous Reclaim: 0.0 ms]
      [Free CSet: 0.3 ms]
   [Eden: 301.0M(301.0M)->0.0B(307.0M) Survivors: 41.0M->43.0M Heap: 698.2M(2048.0M)->700.2M(2048.0M)]
 [Times: user=1.25 sys=0.00, real=0.16 secs] 
2020-09-29T11:58:10.964+0200: 117.265: [GC pause (G1 Evacuation Pause) (young), 0.1715054 secs]
   [Parallel Time: 169.4 ms, GC Workers: 8]
      [GC Worker Start (ms): Min: 117264.8, Avg: 117264.9, Max: 117264.9, Diff: 0.2]
      [Ext Root Scanning (ms): Min: 0.0, Avg: 0.1, Max: 0.1, Diff: 0.1, Sum: 0.4]
      [Update RS (ms): Min: 14.1, Avg: 14.2, Max: 14.7, Diff: 0.6, Sum: 114.0]
         [Processed Buffers: Min: 17, Avg: 18.1, Max: 19, Diff: 2, Sum: 145]
      [Scan RS (ms): Min: 16.9, Avg: 17.3, Max: 17.5, Diff: 0.6, Sum: 138.4]
      [Code Root Scanning (ms): Min: 0.0, Avg: 0.0, Max: 0.0, Diff: 0.0, Sum: 0.0]
      [Object Copy (ms): Min: 137.5, Avg: 137.6, Max: 137.6, Diff: 0.1, Sum: 1100.4]
      [Termination (ms): Min: 0.0, Avg: 0.0, Max: 0.1, Diff: 0.1, Sum: 0.4]
         [Termination Attempts: Min: 1, Avg: 342.8, Max: 500, Diff: 499, Sum: 2742]
      [GC Worker Other (ms): Min: 0.0, Avg: 0.0, Max: 0.1, Diff: 0.0, Sum: 0.3]
      [GC Worker Total (ms): Min: 169.2, Avg: 169.2, Max: 169.3, Diff: 0.2, Sum: 1353.9]
      [GC Worker End (ms): Min: 117434.1, Avg: 117434.1, Max: 117434.1, Diff: 0.0]
   [Code Root Fixup: 0.0 ms]
   [Code Root Purge: 0.0 ms]
   [Clear CT: 0.2 ms]
   [Other: 1.9 ms]
      [Choose CSet: 0.0 ms]
      [Ref Proc: 0.2 ms]
      [Ref Enq: 0.0 ms]
      [Redirty Cards: 1.4 ms]
      [Humongous Register: 0.0 ms]
      [Humongous Reclaim: 0.0 ms]
      [Free CSet: 0.2 ms]
   [Eden: 307.0M(307.0M)->0.0B(306.0M) Survivors: 43.0M->44.0M Heap: 1058.7M(2048.0M)->1060.2M(2048.0M)]
 [Times: user=1.38 sys=0.00, real=0.17 secs] 
2020-09-29T11:58:11.148+0200: 117.449: [GC pause (G1 Humongous Allocation) (young) (initial-mark), 0.0555828 secs]
   [Parallel Time: 54.9 ms, GC Workers: 8]
      [GC Worker Start (ms): Min: 117448.8, Avg: 117448.9, Max: 117449.1, Diff: 0.3]
      [Ext Root Scanning (ms): Min: 0.0, Avg: 0.4, Max: 0.7, Diff: 0.7, Sum: 3.0]
      [Update RS (ms): Min: 30.1, Avg: 30.5, Max: 30.6, Diff: 0.5, Sum: 243.8]
         [Processed Buffers: Min: 36, Avg: 39.3, Max: 43, Diff: 7, Sum: 314]
      [Scan RS (ms): Min: 2.6, Avg: 2.9, Max: 3.0, Diff: 0.4, Sum: 23.0]
      [Code Root Scanning (ms): Min: 0.0, Avg: 0.0, Max: 0.0, Diff: 0.0, Sum: 0.0]
      [Object Copy (ms): Min: 20.9, Avg: 21.0, Max: 21.0, Diff: 0.1, Sum: 167.8]
      [Termination (ms): Min: 0.0, Avg: 0.0, Max: 0.1, Diff: 0.0, Sum: 0.3]
         [Termination Attempts: Min: 1, Avg: 83.5, Max: 122, Diff: 121, Sum: 668]
      [GC Worker Other (ms): Min: 0.0, Avg: 0.0, Max: 0.0, Diff: 0.0, Sum: 0.1]
      [GC Worker Total (ms): Min: 54.5, Avg: 54.8, Max: 54.9, Diff: 0.3, Sum: 438.0]
      [GC Worker End (ms): Min: 117503.6, Avg: 117503.6, Max: 117503.6, Diff: 0.0]
   [Code Root Fixup: 0.0 ms]
   [Code Root Purge: 0.0 ms]
   [Clear CT: 0.1 ms]
   [Other: 0.5 ms]
      [Choose CSet: 0.0 ms]
      [Ref Proc: 0.1 ms]
      [Ref Enq: 0.0 ms]
      [Redirty Cards: 0.1 ms]
      [Humongous Register: 0.0 ms]
      [Humongous Reclaim: 0.0 ms]
      [Free CSet: 0.1 ms]
   [Eden: 10.0M(306.0M)->0.0B(341.0M) Survivors: 44.0M->11.0M Heap: 1069.7M(2048.0M)->1072.7M(2048.0M)]
 [Times: user=0.38 sys=0.00, real=0.06 secs] 
2020-09-29T11:58:11.203+0200: 117.504: [GC concurrent-root-region-scan-start]
2020-09-29T11:58:11.205+0200: 117.506: [GC concurrent-root-region-scan-end, 0.0016666 secs]
2020-09-29T11:58:11.205+0200: 117.506: [GC concurrent-mark-start]
2020-09-29T11:58:11.207+0200: 117.508: [GC concurrent-mark-end, 0.0021724 secs]
2020-09-29T11:58:11.207+0200: 117.508: [GC remark 2020-09-29T11:58:11.207+0200: 117.508: [Finalize Marking, 0.0001708 secs] 2020-09-29T11:58:11.208+0200: 117.509: [GC ref-proc, 0.0002552 secs] 2020-09-29T11:58:11.208+0200: 117.509: [Unloading, 0.0003970 secs], 0.0011343 secs]
 [Times: user=0.00 sys=0.00, real=0.00 secs] 
2020-09-29T11:58:11.209+0200: 117.510: [GC cleanup 1083M->30M(2048M), 0.0010171 secs]
 [Times: user=0.00 sys=0.00, real=0.00 secs] 
2020-09-29T11:58:11.210+0200: 117.511: [GC concurrent-cleanup-start]
2020-09-29T11:58:11.211+0200: 117.512: [GC concurrent-cleanup-end, 0.0011465 secs]
2020-09-29T11:58:11.380+0200: 117.681: [GC pause (G1 Evacuation Pause) (young), 0.1622364 secs]
   [Parallel Time: 161.1 ms, GC Workers: 8]
      [GC Worker Start (ms): Min: 117680.9, Avg: 117681.0, Max: 117681.1, Diff: 0.2]
      [Ext Root Scanning (ms): Min: 0.0, Avg: 0.1, Max: 0.2, Diff: 0.2, Sum: 0.5]
      [Update RS (ms): Min: 15.5, Avg: 15.7, Max: 16.0, Diff: 0.5, Sum: 125.9]
         [Processed Buffers: Min: 17, Avg: 17.8, Max: 19, Diff: 2, Sum: 142]
      [Scan RS (ms): Min: 16.7, Avg: 17.0, Max: 17.1, Diff: 0.4, Sum: 135.7]
      [Code Root Scanning (ms): Min: 0.0, Avg: 0.0, Max: 0.0, Diff: 0.0, Sum: 0.0]
      [Object Copy (ms): Min: 127.6, Avg: 128.0, Max: 128.1, Diff: 0.5, Sum: 1024.0]
      [Termination (ms): Min: 0.0, Avg: 0.0, Max: 0.0, Diff: 0.0, Sum: 0.0]
         [Termination Attempts: Min: 1, Avg: 9.5, Max: 17, Diff: 16, Sum: 76]
      [GC Worker Other (ms): Min: 0.0, Avg: 0.1, Max: 0.1, Diff: 0.1, Sum: 0.4]
      [GC Worker Total (ms): Min: 160.7, Avg: 160.8, Max: 161.0, Diff: 0.2, Sum: 1286.5]
      [GC Worker End (ms): Min: 117841.8, Avg: 117841.9, Max: 117841.9, Diff: 0.1]
   [Code Root Fixup: 0.0 ms]
   [Code Root Purge: 0.0 ms]
   [Clear CT: 0.3 ms]
   [Other: 0.9 ms]
      [Choose CSet: 0.0 ms]
      [Ref Proc: 0.2 ms]
      [Ref Enq: 0.0 ms]
      [Redirty Cards: 0.2 ms]
      [Humongous Register: 0.0 ms]
      [Humongous Reclaim: 0.0 ms]
      [Free CSet: 0.2 ms]
   [Eden: 341.0M(341.0M)->0.0B(319.0M) Survivors: 11.0M->44.0M Heap: 418.2M(2048.0M)->409.7M(2048.0M)]
 [Times: user=1.25 sys=0.00, real=0.16 secs] 
2020-09-29T11:58:11.705+0200: 118.006: [GC pause (G1 Evacuation Pause) (young), 0.1785350 secs]
   [Parallel Time: 177.3 ms, GC Workers: 8]
      [GC Worker Start (ms): Min: 118006.1, Avg: 118006.1, Max: 118006.2, Diff: 0.1]
      [Ext Root Scanning (ms): Min: 0.0, Avg: 0.1, Max: 0.1, Diff: 0.1, Sum: 0.5]
      [Update RS (ms): Min: 15.9, Avg: 16.1, Max: 16.4, Diff: 0.6, Sum: 128.4]
         [Processed Buffers: Min: 18, Avg: 19.4, Max: 21, Diff: 3, Sum: 155]
      [Scan RS (ms): Min: 17.6, Avg: 18.0, Max: 18.2, Diff: 0.6, Sum: 143.9]
      [Code Root Scanning (ms): Min: 0.0, Avg: 0.0, Max: 0.0, Diff: 0.0, Sum: 0.0]
      [Object Copy (ms): Min: 142.9, Avg: 142.9, Max: 142.9, Diff: 0.0, Sum: 1143.2]
      [Termination (ms): Min: 0.0, Avg: 0.0, Max: 0.0, Diff: 0.0, Sum: 0.1]
         [Termination Attempts: Min: 1, Avg: 41.4, Max: 59, Diff: 58, Sum: 331]
      [GC Worker Other (ms): Min: 0.0, Avg: 0.0, Max: 0.1, Diff: 0.0, Sum: 0.3]
      [GC Worker Total (ms): Min: 177.0, Avg: 177.1, Max: 177.1, Diff: 0.1, Sum: 1416.5]
      [GC Worker End (ms): Min: 118183.2, Avg: 118183.2, Max: 118183.2, Diff: 0.0]
   [Code Root Fixup: 0.0 ms]
   [Code Root Purge: 0.0 ms]
   [Clear CT: 0.4 ms]
   [Other: 0.8 ms]
      [Choose CSet: 0.0 ms]
      [Ref Proc: 0.2 ms]
      [Ref Enq: 0.0 ms]
      [Redirty Cards: 0.3 ms]
      [Humongous Register: 0.0 ms]
      [Humongous Reclaim: 0.0 ms]
      [Free CSet: 0.2 ms]
   [Eden: 319.0M(319.0M)->0.0B(310.0M) Survivors: 44.0M->46.0M Heap: 782.1M(2048.0M)->784.6M(2048.0M)]
 [Times: user=1.49 sys=0.02, real=0.19 secs] 
2020-09-29T11:58:12.042+0200: 118.343: [GC pause (G1 Evacuation Pause) (young), 0.1742875 secs]
   [Parallel Time: 170.0 ms, GC Workers: 8]
      [GC Worker Start (ms): Min: 118342.8, Avg: 118342.9, Max: 118342.9, Diff: 0.2]
      [Ext Root Scanning (ms): Min: 0.0, Avg: 0.1, Max: 0.1, Diff: 0.1, Sum: 0.5]
      [Update RS (ms): Min: 16.8, Avg: 17.0, Max: 17.4, Diff: 0.6, Sum: 136.0]
         [Processed Buffers: Min: 19, Avg: 20.3, Max: 21, Diff: 2, Sum: 162]
      [Scan RS (ms): Min: 16.0, Avg: 16.4, Max: 16.7, Diff: 0.7, Sum: 131.3]
      [Code Root Scanning (ms): Min: 0.0, Avg: 0.0, Max: 0.0, Diff: 0.0, Sum: 0.0]
      [Object Copy (ms): Min: 136.1, Avg: 136.2, Max: 136.2, Diff: 0.2, Sum: 1089.4]
      [Termination (ms): Min: 0.0, Avg: 0.0, Max: 0.0, Diff: 0.0, Sum: 0.1]
         [Termination Attempts: Min: 1, Avg: 58.6, Max: 78, Diff: 77, Sum: 469]
      [GC Worker Other (ms): Min: 0.0, Avg: 0.0, Max: 0.1, Diff: 0.0, Sum: 0.2]
      [GC Worker Total (ms): Min: 169.6, Avg: 169.7, Max: 169.8, Diff: 0.2, Sum: 1357.6]
      [GC Worker End (ms): Min: 118512.6, Avg: 118512.6, Max: 118512.6, Diff: 0.0]
   [Code Root Fixup: 0.0 ms]
   [Code Root Purge: 0.0 ms]
   [Clear CT: 1.5 ms]
   [Other: 2.9 ms]
      [Choose CSet: 0.0 ms]
      [Ref Proc: 1.1 ms]
      [Ref Enq: 0.0 ms]
      [Redirty Cards: 1.4 ms]
      [Humongous Register: 0.0 ms]
      [Humongous Reclaim: 0.0 ms]
      [Free CSet: 0.2 ms]
   [Eden: 310.0M(310.0M)->0.0B(309.0M) Survivors: 46.0M->45.0M Heap: 1146.1M(2048.0M)->1149.1M(2048.0M)]
 [Times: user=1.36 sys=0.00, real=0.17 secs] 
2020-09-29T11:58:12.221+0200: 118.522: [GC pause (G1 Humongous Allocation) (young) (initial-mark), 0.0729461 secs]
   [Parallel Time: 72.2 ms, GC Workers: 8]
      [GC Worker Start (ms): Min: 118521.8, Avg: 118521.9, Max: 118521.9, Diff: 0.2]
      [Ext Root Scanning (ms): Min: 0.0, Avg: 0.1, Max: 0.2, Diff: 0.2, Sum: 0.8]
      [Update RS (ms): Min: 39.2, Avg: 39.5, Max: 40.0, Diff: 0.8, Sum: 316.0]
         [Processed Buffers: Min: 50, Avg: 52.8, Max: 54, Diff: 4, Sum: 422]
      [Scan RS (ms): Min: 1.4, Avg: 3.3, Max: 13.9, Diff: 12.5, Sum: 26.5]
      [Code Root Scanning (ms): Min: 0.0, Avg: 0.0, Max: 0.0, Diff: 0.0, Sum: 0.0]
      [Object Copy (ms): Min: 18.7, Avg: 28.9, Max: 30.5, Diff: 11.8, Sum: 231.3]
      [Termination (ms): Min: 0.0, Avg: 0.1, Max: 0.2, Diff: 0.2, Sum: 1.1]
         [Termination Attempts: Min: 1, Avg: 940.1, Max: 1425, Diff: 1424, Sum: 7521]
      [GC Worker Other (ms): Min: 0.0, Avg: 0.0, Max: 0.0, Diff: 0.0, Sum: 0.2]
      [GC Worker Total (ms): Min: 71.9, Avg: 72.0, Max: 72.1, Diff: 0.2, Sum: 576.0]
      [GC Worker End (ms): Min: 118593.8, Avg: 118593.9, Max: 118593.9, Diff: 0.0]
   [Code Root Fixup: 0.0 ms]
   [Code Root Purge: 0.0 ms]
   [Clear CT: 0.2 ms]
   [Other: 0.6 ms]
      [Choose CSet: 0.0 ms]
      [Ref Proc: 0.2 ms]
      [Ref Enq: 0.0 ms]
      [Redirty Cards: 0.2 ms]
      [Humongous Register: 0.0 ms]
      [Humongous Reclaim: 0.0 ms]
      [Free CSet: 0.1 ms]
   [Eden: 3072.0K(309.0M)->0.0B(270.0M) Survivors: 45.0M->6144.0K Heap: 1152.1M(2048.0M)->1157.1M(2048.0M)]
 [Times: user=0.59 sys=0.00, real=0.07 secs] 
2020-09-29T11:58:12.294+0200: 118.595: [GC concurrent-root-region-scan-start]
2020-09-29T11:58:12.295+0200: 118.595: [GC concurrent-root-region-scan-end, 0.0007165 secs]
2020-09-29T11:58:12.295+0200: 118.595: [GC concurrent-mark-start]
2020-09-29T11:58:12.297+0200: 118.598: [GC concurrent-mark-end, 0.0024688 secs]
2020-09-29T11:58:12.298+0200: 118.598: [GC remark 2020-09-29T11:58:12.298+0200: 118.598: [Finalize Marking, 0.0001914 secs] 2020-09-29T11:58:12.298+0200: 118.598: [GC ref-proc, 0.0002804 secs] 2020-09-29T11:58:12.298+0200: 118.599: [Unloading, 0.0003606 secs], 0.0011095 secs]
 [Times: user=0.00 sys=0.00, real=0.00 secs] 
2020-09-29T11:58:12.299+0200: 118.600: [GC cleanup 1166M->23M(2048M), 0.0011214 secs]
 [Times: user=0.00 sys=0.00, real=0.00 secs] 
2020-09-29T11:58:12.300+0200: 118.601: [GC concurrent-cleanup-start]
2020-09-29T11:58:12.302+0200: 118.602: [GC concurrent-cleanup-end, 0.0014618 secs]
2020-09-29T11:58:12.431+0200: 118.732: [GC pause (G1 Evacuation Pause) (young), 0.1522258 secs]
   [Parallel Time: 151.1 ms, GC Workers: 8]
      [GC Worker Start (ms): Min: 118731.7, Avg: 118731.8, Max: 118731.8, Diff: 0.1]
      [Ext Root Scanning (ms): Min: 0.0, Avg: 0.1, Max: 0.1, Diff: 0.1, Sum: 0.5]
      [Update RS (ms): Min: 17.6, Avg: 17.7, Max: 18.1, Diff: 0.6, Sum: 141.9]
         [Processed Buffers: Min: 20, Avg: 20.8, Max: 22, Diff: 2, Sum: 166]
      [Scan RS (ms): Min: 10.0, Avg: 10.8, Max: 13.4, Diff: 3.4, Sum: 86.2]
      [Code Root Scanning (ms): Min: 0.0, Avg: 0.0, Max: 0.0, Diff: 0.0, Sum: 0.0]
      [Object Copy (ms): Min: 119.5, Avg: 122.0, Max: 122.4, Diff: 2.8, Sum: 975.7]
      [Termination (ms): Min: 0.0, Avg: 0.4, Max: 0.5, Diff: 0.5, Sum: 3.2]
         [Termination Attempts: Min: 1, Avg: 2843.6, Max: 3754, Diff: 3753, Sum: 22749]
      [GC Worker Other (ms): Min: 0.0, Avg: 0.0, Max: 0.1, Diff: 0.1, Sum: 0.3]
      [GC Worker Total (ms): Min: 150.9, Avg: 151.0, Max: 151.0, Diff: 0.1, Sum: 1207.9]
      [GC Worker End (ms): Min: 118882.7, Avg: 118882.8, Max: 118882.8, Diff: 0.1]
   [Code Root Fixup: 0.0 ms]
   [Code Root Purge: 0.0 ms]
   [Clear CT: 0.2 ms]
   [Other: 0.9 ms]
      [Choose CSet: 0.0 ms]
      [Ref Proc: 0.2 ms]
      [Ref Enq: 0.0 ms]
      [Redirty Cards: 0.3 ms]
      [Humongous Register: 0.0 ms]
      [Humongous Reclaim: 0.0 ms]
      [Free CSet: 0.2 ms]
   [Eden: 270.0M(270.0M)->0.0B(262.0M) Survivors: 6144.0K->35.0M Heap: 330.8M(2048.0M)->327.3M(2048.0M)]
 [Times: user=1.11 sys=0.02, real=0.15 secs] 
2020-09-29T11:58:12.709+0200: 119.010: [GC pause (G1 Evacuation Pause) (young), 0.1443870 secs]
   [Parallel Time: 143.3 ms, GC Workers: 8]
      [GC Worker Start (ms): Min: 119009.7, Avg: 119009.8, Max: 119009.9, Diff: 0.1]
      [Ext Root Scanning (ms): Min: 0.0, Avg: 0.1, Max: 0.1, Diff: 0.1, Sum: 0.5]
      [Update RS (ms): Min: 21.2, Avg: 21.4, Max: 21.7, Diff: 0.5, Sum: 171.3]
         [Processed Buffers: Min: 24, Avg: 26.1, Max: 28, Diff: 4, Sum: 209]
      [Scan RS (ms): Min: 9.4, Avg: 9.7, Max: 9.9, Diff: 0.5, Sum: 77.6]
      [Code Root Scanning (ms): Min: 0.0, Avg: 0.0, Max: 0.0, Diff: 0.0, Sum: 0.0]
      [Object Copy (ms): Min: 111.8, Avg: 111.9, Max: 111.9, Diff: 0.1, Sum: 894.9]
      [Termination (ms): Min: 0.0, Avg: 0.1, Max: 0.1, Diff: 0.1, Sum: 0.5]
         [Termination Attempts: Min: 1, Avg: 387.1, Max: 466, Diff: 465, Sum: 3097]
      [GC Worker Other (ms): Min: 0.0, Avg: 0.0, Max: 0.1, Diff: 0.1, Sum: 0.3]
      [GC Worker Total (ms): Min: 143.1, Avg: 143.1, Max: 143.2, Diff: 0.1, Sum: 1145.2]
      [GC Worker End (ms): Min: 119152.9, Avg: 119152.9, Max: 119153.0, Diff: 0.1]
   [Code Root Fixup: 0.0 ms]
   [Code Root Purge: 0.0 ms]
   [Clear CT: 0.2 ms]
   [Other: 0.8 ms]
      [Choose CSet: 0.0 ms]
      [Ref Proc: 0.2 ms]
      [Ref Enq: 0.0 ms]
      [Redirty Cards: 0.2 ms]
      [Humongous Register: 0.0 ms]
      [Humongous Reclaim: 0.0 ms]
      [Free CSet: 0.2 ms]
   [Eden: 262.0M(262.0M)->0.0B(280.0M) Survivors: 35.0M->38.0M Heap: 633.1M(2048.0M)->635.1M(2048.0M)]
 [Times: user=1.11 sys=0.02, real=0.14 secs] 
2020-09-29T11:58:12.988+0200: 119.288: [GC pause (G1 Evacuation Pause) (young), 0.1553259 secs]
   [Parallel Time: 154.3 ms, GC Workers: 8]
      [GC Worker Start (ms): Min: 119288.5, Avg: 119288.6, Max: 119288.6, Diff: 0.1]
      [Ext Root Scanning (ms): Min: 0.0, Avg: 0.1, Max: 0.2, Diff: 0.1, Sum: 0.5]
      [Update RS (ms): Min: 16.8, Avg: 17.0, Max: 17.3, Diff: 0.5, Sum: 136.1]
         [Processed Buffers: Min: 18, Avg: 19.9, Max: 22, Diff: 4, Sum: 159]
      [Scan RS (ms): Min: 13.0, Avg: 13.3, Max: 13.4, Diff: 0.5, Sum: 106.2]
      [Code Root Scanning (ms): Min: 0.0, Avg: 0.0, Max: 0.0, Diff: 0.0, Sum: 0.0]
      [Object Copy (ms): Min: 123.7, Avg: 123.7, Max: 123.8, Diff: 0.1, Sum: 989.9]
      [Termination (ms): Min: 0.0, Avg: 0.0, Max: 0.0, Diff: 0.0, Sum: 0.1]
         [Termination Attempts: Min: 1, Avg: 96.4, Max: 123, Diff: 122, Sum: 771]
      [GC Worker Other (ms): Min: 0.0, Avg: 0.0, Max: 0.1, Diff: 0.1, Sum: 0.3]
      [GC Worker Total (ms): Min: 154.1, Avg: 154.1, Max: 154.3, Diff: 0.2, Sum: 1233.2]
      [GC Worker End (ms): Min: 119442.7, Avg: 119442.7, Max: 119442.8, Diff: 0.1]
   [Code Root Fixup: 0.0 ms]
   [Code Root Purge: 0.0 ms]
   [Clear CT: 0.2 ms]
   [Other: 0.8 ms]
      [Choose CSet: 0.0 ms]
      [Ref Proc: 0.2 ms]
      [Ref Enq: 0.0 ms]
      [Redirty Cards: 0.2 ms]
      [Humongous Register: 0.0 ms]
      [Humongous Reclaim: 0.0 ms]
      [Free CSet: 0.2 ms]
   [Eden: 280.0M(280.0M)->0.0B(292.0M) Survivors: 38.0M->40.0M Heap: 960.9M(2048.0M)->962.9M(2048.0M)]
 [Times: user=1.23 sys=0.00, real=0.15 secs] 
2020-09-29T11:58:13.147+0200: 119.447: [GC pause (G1 Humongous Allocation) (young) (initial-mark), 0.0617552 secs]
   [Parallel Time: 61.0 ms, GC Workers: 8]
      [GC Worker Start (ms): Min: 119447.5, Avg: 119448.2, Max: 119448.4, Diff: 1.0]
      [Ext Root Scanning (ms): Min: 0.0, Avg: 1.1, Max: 1.8, Diff: 1.8, Sum: 8.9]
      [Update RS (ms): Min: 36.8, Avg: 37.3, Max: 38.2, Diff: 1.4, Sum: 298.4]
         [Processed Buffers: Min: 46, Avg: 50.1, Max: 54, Diff: 8, Sum: 401]
      [Scan RS (ms): Min: 0.3, Avg: 0.7, Max: 0.9, Diff: 0.6, Sum: 5.4]
      [Code Root Scanning (ms): Min: 0.0, Avg: 0.0, Max: 0.0, Diff: 0.0, Sum: 0.0]
      [Object Copy (ms): Min: 20.9, Avg: 21.0, Max: 21.1, Diff: 0.1, Sum: 167.8]
      [Termination (ms): Min: 0.0, Avg: 0.1, Max: 0.2, Diff: 0.2, Sum: 1.1]
         [Termination Attempts: Min: 1, Avg: 899.0, Max: 1070, Diff: 1069, Sum: 7192]
      [GC Worker Other (ms): Min: 0.0, Avg: 0.0, Max: 0.0, Diff: 0.0, Sum: 0.1]
      [GC Worker Total (ms): Min: 60.0, Avg: 60.2, Max: 60.9, Diff: 1.0, Sum: 481.7]
      [GC Worker End (ms): Min: 119508.4, Avg: 119508.4, Max: 119508.4, Diff: 0.0]
   [Code Root Fixup: 0.0 ms]
   [Code Root Purge: 0.0 ms]
   [Clear CT: 0.1 ms]
   [Other: 0.6 ms]
      [Choose CSet: 0.0 ms]
      [Ref Proc: 0.2 ms]
      [Ref Enq: 0.0 ms]
      [Redirty Cards: 0.2 ms]
      [Humongous Register: 0.0 ms]
      [Humongous Reclaim: 0.0 ms]
      [Free CSet: 0.0 ms]
   [Eden: 1024.0K(292.0M)->0.0B(328.0M) Survivors: 40.0M->2048.0K Heap: 963.9M(2048.0M)->967.4M(2048.0M)]
 [Times: user=0.50 sys=0.00, real=0.06 secs] 
2020-09-29T11:58:13.209+0200: 119.509: [GC concurrent-root-region-scan-start]
2020-09-29T11:58:13.209+0200: 119.509: [GC concurrent-root-region-scan-end, 0.0002277 secs]
2020-09-29T11:58:13.209+0200: 119.509: [GC concurrent-mark-start]
2020-09-29T11:58:13.211+0200: 119.512: [GC concurrent-mark-end, 0.0020638 secs]
2020-09-29T11:58:13.211+0200: 119.512: [GC remark 2020-09-29T11:58:13.211+0200: 119.512: [Finalize Marking, 0.0001115 secs] 2020-09-29T11:58:13.211+0200: 119.512: [GC ref-proc, 0.0002749 secs] 2020-09-29T11:58:13.212+0200: 119.512: [Unloading, 0.0004069 secs], 0.0010558 secs]
 [Times: user=0.00 sys=0.00, real=0.00 secs] 
2020-09-29T11:58:13.212+0200: 119.513: [GC cleanup 975M->18M(2048M), 0.0009391 secs]
 [Times: user=0.00 sys=0.00, real=0.00 secs] 
2020-09-29T11:58:13.213+0200: 119.514: [GC concurrent-cleanup-start]
2020-09-29T11:58:13.214+0200: 119.515: [GC concurrent-cleanup-end, 0.0009737 secs]
2020-09-29T11:58:13.389+0200: 119.690: [GC pause (G1 Evacuation Pause) (young), 0.1654377 secs]
   [Parallel Time: 163.5 ms, GC Workers: 8]
      [GC Worker Start (ms): Min: 119689.8, Avg: 119689.9, Max: 119690.0, Diff: 0.2]
      [Ext Root Scanning (ms): Min: 0.0, Avg: 0.1, Max: 0.2, Diff: 0.2, Sum: 0.5]
      [Update RS (ms): Min: 19.4, Avg: 19.6, Max: 19.9, Diff: 0.5, Sum: 156.8]
         [Processed Buffers: Min: 18, Avg: 19.4, Max: 20, Diff: 2, Sum: 155]
      [Scan RS (ms): Min: 17.2, Avg: 17.6, Max: 18.0, Diff: 0.7, Sum: 140.4]
      [Code Root Scanning (ms): Min: 0.0, Avg: 0.0, Max: 0.0, Diff: 0.0, Sum: 0.0]
      [Object Copy (ms): Min: 125.9, Avg: 126.1, Max: 126.2, Diff: 0.3, Sum: 1008.7]
      [Termination (ms): Min: 0.0, Avg: 0.0, Max: 0.0, Diff: 0.0, Sum: 0.1]
         [Termination Attempts: Min: 1, Avg: 133.4, Max: 179, Diff: 178, Sum: 1067]
      [GC Worker Other (ms): Min: 0.0, Avg: 0.0, Max: 0.1, Diff: 0.1, Sum: 0.3]
      [GC Worker Total (ms): Min: 163.3, Avg: 163.4, Max: 163.5, Diff: 0.2, Sum: 1307.0]
      [GC Worker End (ms): Min: 119853.3, Avg: 119853.3, Max: 119853.3, Diff: 0.1]
   [Code Root Fixup: 0.0 ms]
   [Code Root Purge: 0.0 ms]
   [Clear CT: 0.4 ms]
   [Other: 1.5 ms]
      [Choose CSet: 0.0 ms]
      [Ref Proc: 0.6 ms]
      [Ref Enq: 0.0 ms]
      [Redirty Cards: 0.5 ms]
      [Humongous Register: 0.0 ms]
      [Humongous Reclaim: 0.0 ms]
      [Free CSet: 0.2 ms]
   [Eden: 328.0M(328.0M)->0.0B(287.0M) Survivors: 2048.0K->42.0M Heap: 394.3M(2048.0M)->394.3M(2048.0M)]
 [Times: user=1.36 sys=0.01, real=0.17 secs] 
2020-09-29T11:58:13.694+0200: 119.995: [GC pause (G1 Evacuation Pause) (young), 0.1581367 secs]
   [Parallel Time: 157.1 ms, GC Workers: 8]
      [GC Worker Start (ms): Min: 119995.2, Avg: 119995.3, Max: 119995.3, Diff: 0.1]
      [Ext Root Scanning (ms): Min: 0.0, Avg: 0.1, Max: 0.1, Diff: 0.1, Sum: 0.6]
      [Update RS (ms): Min: 20.5, Avg: 20.7, Max: 21.0, Diff: 0.5, Sum: 165.9]
         [Processed Buffers: Min: 22, Avg: 23.9, Max: 26, Diff: 4, Sum: 191]
      [Scan RS (ms): Min: 12.7, Avg: 12.9, Max: 13.3, Diff: 0.6, Sum: 103.3]
      [Code Root Scanning (ms): Min: 0.0, Avg: 0.0, Max: 0.0, Diff: 0.0, Sum: 0.0]
      [Object Copy (ms): Min: 123.1, Avg: 123.2, Max: 123.3, Diff: 0.3, Sum: 985.4]
      [Termination (ms): Min: 0.0, Avg: 0.0, Max: 0.1, Diff: 0.1, Sum: 0.3]
         [Termination Attempts: Min: 1, Avg: 257.6, Max: 386, Diff: 385, Sum: 2061]
      [GC Worker Other (ms): Min: 0.0, Avg: 0.0, Max: 0.1, Diff: 0.0, Sum: 0.3]
      [GC Worker Total (ms): Min: 156.9, Avg: 157.0, Max: 157.0, Diff: 0.1, Sum: 1255.8]
      [GC Worker End (ms): Min: 120152.2, Avg: 120152.3, Max: 120152.3, Diff: 0.0]
   [Code Root Fixup: 0.0 ms]
   [Code Root Purge: 0.0 ms]
   [Clear CT: 0.2 ms]
   [Other: 0.9 ms]
      [Choose CSet: 0.0 ms]
      [Ref Proc: 0.2 ms]
      [Ref Enq: 0.0 ms]
      [Redirty Cards: 0.2 ms]
      [Humongous Register: 0.0 ms]
      [Humongous Reclaim: 0.0 ms]
      [Free CSet: 0.2 ms]
   [Eden: 287.0M(287.0M)->0.0B(294.0M) Survivors: 42.0M->42.0M Heap: 729.0M(2048.0M)->730.5M(2048.0M)]
 [Times: user=1.25 sys=0.00, real=0.16 secs] 
2020-09-29T11:58:13.999+0200: 120.300: [GC pause (G1 Evacuation Pause) (young), 0.1651242 secs]
   [Parallel Time: 163.9 ms, GC Workers: 8]
      [GC Worker Start (ms): Min: 120299.8, Avg: 120299.9, Max: 120299.9, Diff: 0.1]
      [Ext Root Scanning (ms): Min: 0.0, Avg: 0.1, Max: 0.1, Diff: 0.1, Sum: 0.5]
      [Update RS (ms): Min: 15.9, Avg: 16.1, Max: 16.5, Diff: 0.6, Sum: 128.9]
         [Processed Buffers: Min: 18, Avg: 19.9, Max: 22, Diff: 4, Sum: 159]
      [Scan RS (ms): Min: 14.9, Avg: 15.3, Max: 15.6, Diff: 0.8, Sum: 122.5]
      [Code Root Scanning (ms): Min: 0.0, Avg: 0.0, Max: 0.0, Diff: 0.0, Sum: 0.0]
      [Object Copy (ms): Min: 132.0, Avg: 132.1, Max: 132.2, Diff: 0.2, Sum: 1057.0]
      [Termination (ms): Min: 0.0, Avg: 0.0, Max: 0.1, Diff: 0.1, Sum: 0.4]
         [Termination Attempts: Min: 1, Avg: 286.4, Max: 437, Diff: 436, Sum: 2291]
      [GC Worker Other (ms): Min: 0.0, Avg: 0.0, Max: 0.1, Diff: 0.1, Sum: 0.3]
      [GC Worker Total (ms): Min: 163.6, Avg: 163.7, Max: 163.8, Diff: 0.2, Sum: 1309.6]
      [GC Worker End (ms): Min: 120463.6, Avg: 120463.6, Max: 120463.6, Diff: 0.1]
   [Code Root Fixup: 0.0 ms]
   [Code Root Purge: 0.0 ms]
   [Clear CT: 0.2 ms]
   [Other: 1.0 ms]
      [Choose CSet: 0.0 ms]
      [Ref Proc: 0.2 ms]
      [Ref Enq: 0.0 ms]
      [Redirty Cards: 0.3 ms]
      [Humongous Register: 0.0 ms]
      [Humongous Reclaim: 0.0 ms]
      [Free CSet: 0.2 ms]
   [Eden: 294.0M(294.0M)->0.0B(302.0M) Survivors: 42.0M->42.0M Heap: 1074.1M(2048.0M)->1076.6M(2048.0M)]
 [Times: user=1.38 sys=0.00, real=0.16 secs] 
2020-09-29T11:58:14.171+0200: 120.471: [GC pause (G1 Humongous Allocation) (young) (initial-mark), 0.0574356 secs]
   [Parallel Time: 56.7 ms, GC Workers: 8]
      [GC Worker Start (ms): Min: 120471.5, Avg: 120471.6, Max: 120471.6, Diff: 0.1]
      [Ext Root Scanning (ms): Min: 0.0, Avg: 0.2, Max: 0.8, Diff: 0.8, Sum: 1.4]
      [Update RS (ms): Min: 35.0, Avg: 35.6, Max: 36.0, Diff: 1.1, Sum: 284.9]
         [Processed Buffers: Min: 44, Avg: 46.8, Max: 48, Diff: 4, Sum: 374]
      [Scan RS (ms): Min: 2.2, Avg: 2.5, Max: 2.7, Diff: 0.5, Sum: 19.8]
      [Code Root Scanning (ms): Min: 0.0, Avg: 0.0, Max: 0.0, Diff: 0.0, Sum: 0.0]
      [Object Copy (ms): Min: 18.2, Avg: 18.2, Max: 18.3, Diff: 0.1, Sum: 145.7]
      [Termination (ms): Min: 0.0, Avg: 0.0, Max: 0.0, Diff: 0.0, Sum: 0.1]
         [Termination Attempts: Min: 1, Avg: 87.1, Max: 127, Diff: 126, Sum: 697]
      [GC Worker Other (ms): Min: 0.0, Avg: 0.0, Max: 0.0, Diff: 0.0, Sum: 0.1]
      [GC Worker Total (ms): Min: 56.4, Avg: 56.5, Max: 56.6, Diff: 0.2, Sum: 452.1]
      [GC Worker End (ms): Min: 120528.1, Avg: 120528.1, Max: 120528.1, Diff: 0.0]
   [Code Root Fixup: 0.0 ms]
   [Code Root Purge: 0.0 ms]
   [Clear CT: 0.1 ms]
   [Other: 0.6 ms]
      [Choose CSet: 0.0 ms]
      [Ref Proc: 0.2 ms]
      [Ref Enq: 0.0 ms]
      [Redirty Cards: 0.2 ms]
      [Humongous Register: 0.0 ms]
      [Humongous Reclaim: 0.0 ms]
      [Free CSet: 0.0 ms]
   [Eden: 7168.0K(302.0M)->0.0B(349.0M) Survivors: 42.0M->8192.0K Heap: 1083.6M(2048.0M)->1087.6M(2048.0M)]
 [Times: user=0.50 sys=0.00, real=0.06 secs] 
2020-09-29T11:58:14.228+0200: 120.529: [GC concurrent-root-region-scan-start]
2020-09-29T11:58:14.230+0200: 120.531: [GC concurrent-root-region-scan-end, 0.0016631 secs]
2020-09-29T11:58:14.230+0200: 120.531: [GC concurrent-mark-start]
2020-09-29T11:58:14.233+0200: 120.534: [GC concurrent-mark-end, 0.0028996 secs]
2020-09-29T11:58:14.233+0200: 120.534: [GC remark 2020-09-29T11:58:14.233+0200: 120.534: [Finalize Marking, 0.0002809 secs] 2020-09-29T11:58:14.233+0200: 120.534: [GC ref-proc, 0.0002694 secs] 2020-09-29T11:58:14.234+0200: 120.534: [Unloading, 0.0005167 secs], 0.0013490 secs]
 [Times: user=0.00 sys=0.00, real=0.00 secs] 
2020-09-29T11:58:14.235+0200: 120.535: [GC cleanup 1099M->28M(2048M), 0.0012567 secs]
 [Times: user=0.00 sys=0.00, real=0.00 secs] 
2020-09-29T11:58:14.236+0200: 120.537: [GC concurrent-cleanup-start]
2020-09-29T11:58:14.237+0200: 120.538: [GC concurrent-cleanup-end, 0.0013440 secs]
2020-09-29T11:58:14.411+0200: 120.711: [GC pause (G1 Evacuation Pause) (young), 0.1699178 secs]
   [Parallel Time: 168.9 ms, GC Workers: 8]
      [GC Worker Start (ms): Min: 120711.4, Avg: 120711.5, Max: 120711.6, Diff: 0.2]
      [Ext Root Scanning (ms): Min: 0.0, Avg: 0.1, Max: 0.2, Diff: 0.2, Sum: 0.5]
      [Update RS (ms): Min: 18.5, Avg: 18.7, Max: 19.5, Diff: 0.9, Sum: 149.3]
         [Processed Buffers: Min: 21, Avg: 21.9, Max: 24, Diff: 3, Sum: 175]
      [Scan RS (ms): Min: 14.6, Avg: 15.4, Max: 15.7, Diff: 1.1, Sum: 123.4]
      [Code Root Scanning (ms): Min: 0.0, Avg: 0.0, Max: 0.0, Diff: 0.0, Sum: 0.0]
      [Object Copy (ms): Min: 134.3, Avg: 134.4, Max: 134.6, Diff: 0.3, Sum: 1075.4]
      [Termination (ms): Min: 0.0, Avg: 0.1, Max: 0.1, Diff: 0.1, Sum: 0.8]
         [Termination Attempts: Min: 1, Avg: 766.5, Max: 982, Diff: 981, Sum: 6132]
      [GC Worker Other (ms): Min: 0.0, Avg: 0.0, Max: 0.1, Diff: 0.0, Sum: 0.3]
      [GC Worker Total (ms): Min: 168.6, Avg: 168.7, Max: 168.8, Diff: 0.2, Sum: 1349.6]
      [GC Worker End (ms): Min: 120880.2, Avg: 120880.2, Max: 120880.2, Diff: 0.0]
   [Code Root Fixup: 0.0 ms]
   [Code Root Purge: 0.0 ms]
   [Clear CT: 0.2 ms]
   [Other: 0.8 ms]
      [Choose CSet: 0.0 ms]
      [Ref Proc: 0.1 ms]
      [Ref Enq: 0.0 ms]
      [Redirty Cards: 0.3 ms]
      [Humongous Register: 0.0 ms]
      [Humongous Reclaim: 0.0 ms]
      [Free CSet: 0.2 ms]
   [Eden: 349.0M(349.0M)->0.0B(321.0M) Survivors: 8192.0K->45.0M Heap: 425.1M(2048.0M)->419.1M(2048.0M)]
 [Times: user=1.23 sys=0.00, real=0.17 secs] 
2020-09-29T11:58:14.735+0200: 121.036: [GC pause (G1 Evacuation Pause) (young), 0.1741744 secs]
   [Parallel Time: 173.0 ms, GC Workers: 8]
      [GC Worker Start (ms): Min: 121035.9, Avg: 121036.0, Max: 121036.1, Diff: 0.2]
      [Ext Root Scanning (ms): Min: 0.0, Avg: 0.0, Max: 0.2, Diff: 0.2, Sum: 0.4]
      [Update RS (ms): Min: 18.6, Avg: 18.8, Max: 19.3, Diff: 0.7, Sum: 150.5]
         [Processed Buffers: Min: 20, Avg: 22.8, Max: 26, Diff: 6, Sum: 182]
      [Scan RS (ms): Min: 16.1, Avg: 16.7, Max: 17.1, Diff: 1.0, Sum: 133.5]
      [Code Root Scanning (ms): Min: 0.0, Avg: 0.0, Max: 0.0, Diff: 0.0, Sum: 0.0]
      [Object Copy (ms): Min: 136.7, Avg: 137.2, Max: 137.3, Diff: 0.6, Sum: 1097.5]
      [Termination (ms): Min: 0.0, Avg: 0.0, Max: 0.0, Diff: 0.0, Sum: 0.2]
         [Termination Attempts: Min: 1, Avg: 131.0, Max: 162, Diff: 161, Sum: 1048]
      [GC Worker Other (ms): Min: 0.0, Avg: 0.0, Max: 0.1, Diff: 0.1, Sum: 0.3]
      [GC Worker Total (ms): Min: 172.7, Avg: 172.8, Max: 172.9, Diff: 0.2, Sum: 1382.4]
      [GC Worker End (ms): Min: 121208.8, Avg: 121208.8, Max: 121208.8, Diff: 0.1]
   [Code Root Fixup: 0.0 ms]
   [Code Root Purge: 0.0 ms]
   [Clear CT: 0.2 ms]
   [Other: 0.9 ms]
      [Choose CSet: 0.0 ms]
      [Ref Proc: 0.2 ms]
      [Ref Enq: 0.0 ms]
      [Redirty Cards: 0.2 ms]
      [Humongous Register: 0.0 ms]
      [Humongous Reclaim: 0.0 ms]
      [Free CSet: 0.2 ms]
   [Eden: 321.0M(321.0M)->0.0B(318.0M) Survivors: 45.0M->46.0M Heap: 793.5M(2048.0M)->796.0M(2048.0M)]
 [Times: user=1.36 sys=0.00, real=0.17 secs] 
2020-09-29T11:58:15.071+0200: 121.371: [GC pause (G1 Evacuation Pause) (young), 0.1735172 secs]
   [Parallel Time: 172.1 ms, GC Workers: 8]
      [GC Worker Start (ms): Min: 121371.4, Avg: 121371.5, Max: 121371.6, Diff: 0.2]
      [Ext Root Scanning (ms): Min: 0.0, Avg: 0.0, Max: 0.2, Diff: 0.2, Sum: 0.4]
      [Update RS (ms): Min: 20.3, Avg: 20.5, Max: 21.0, Diff: 0.6, Sum: 164.3]
         [Processed Buffers: Min: 24, Avg: 25.5, Max: 28, Diff: 4, Sum: 204]
      [Scan RS (ms): Min: 14.8, Avg: 15.2, Max: 15.4, Diff: 0.6, Sum: 121.9]
      [Code Root Scanning (ms): Min: 0.0, Avg: 0.0, Max: 0.0, Diff: 0.0, Sum: 0.0]
      [Object Copy (ms): Min: 135.9, Avg: 136.0, Max: 136.0, Diff: 0.1, Sum: 1087.6]
      [Termination (ms): Min: 0.0, Avg: 0.0, Max: 0.1, Diff: 0.1, Sum: 0.3]
         [Termination Attempts: Min: 1, Avg: 244.1, Max: 368, Diff: 367, Sum: 1953]
      [GC Worker Other (ms): Min: 0.0, Avg: 0.0, Max: 0.1, Diff: 0.1, Sum: 0.3]
      [GC Worker Total (ms): Min: 171.8, Avg: 171.9, Max: 172.0, Diff: 0.2, Sum: 1374.8]
      [GC Worker End (ms): Min: 121543.3, Avg: 121543.3, Max: 121543.4, Diff: 0.1]
   [Code Root Fixup: 0.0 ms]
   [Code Root Purge: 0.0 ms]
   [Clear CT: 0.2 ms]
   [Other: 1.2 ms]
      [Choose CSet: 0.0 ms]
      [Ref Proc: 0.2 ms]
      [Ref Enq: 0.0 ms]
      [Redirty Cards: 0.7 ms]
      [Humongous Register: 0.0 ms]
      [Humongous Reclaim: 0.0 ms]
      [Free CSet: 0.2 ms]
   [Eden: 318.0M(318.0M)->0.0B(320.0M) Survivors: 46.0M->46.0M Heap: 1167.4M(2048.0M)->1168.9M(2048.0M)]
 [Times: user=1.36 sys=0.00, real=0.17 secs] 
2020-09-29T11:58:15.259+0200: 121.560: [GC pause (G1 Humongous Allocation) (young) (initial-mark), 0.0554543 secs]
   [Parallel Time: 54.6 ms, GC Workers: 8]
      [GC Worker Start (ms): Min: 121559.8, Avg: 121560.2, Max: 121560.3, Diff: 0.5]
      [Ext Root Scanning (ms): Min: 0.0, Avg: 0.9, Max: 1.4, Diff: 1.4, Sum: 7.2]
      [Update RS (ms): Min: 29.3, Avg: 29.6, Max: 29.8, Diff: 0.5, Sum: 236.8]
         [Processed Buffers: Min: 35, Avg: 38.5, Max: 40, Diff: 5, Sum: 308]
      [Scan RS (ms): Min: 2.6, Avg: 2.8, Max: 3.1, Diff: 0.5, Sum: 22.7]
      [Code Root Scanning (ms): Min: 0.0, Avg: 0.0, Max: 0.0, Diff: 0.0, Sum: 0.0]
      [Object Copy (ms): Min: 20.6, Avg: 20.6, Max: 20.7, Diff: 0.1, Sum: 165.0]
      [Termination (ms): Min: 0.0, Avg: 0.0, Max: 0.0, Diff: 0.0, Sum: 0.1]
         [Termination Attempts: Min: 1, Avg: 50.8, Max: 70, Diff: 69, Sum: 406]
      [GC Worker Other (ms): Min: 0.0, Avg: 0.1, Max: 0.8, Diff: 0.8, Sum: 0.9]
      [GC Worker Total (ms): Min: 54.0, Avg: 54.1, Max: 54.5, Diff: 0.5, Sum: 432.7]
      [GC Worker End (ms): Min: 121614.3, Avg: 121614.3, Max: 121614.3, Diff: 0.0]
   [Code Root Fixup: 0.0 ms]
   [Code Root Purge: 0.0 ms]
   [Clear CT: 0.2 ms]
   [Other: 0.7 ms]
      [Choose CSet: 0.0 ms]
      [Ref Proc: 0.2 ms]
      [Ref Enq: 0.0 ms]
      [Redirty Cards: 0.2 ms]
      [Humongous Register: 0.0 ms]
      [Humongous Reclaim: 0.0 ms]
      [Free CSet: 0.1 ms]
   [Eden: 8192.0K(320.0M)->0.0B(326.0M) Survivors: 46.0M->10.0M Heap: 1176.9M(2048.0M)->1180.9M(2048.0M)]
 [Times: user=0.38 sys=0.00, real=0.06 secs] 
2020-09-29T11:58:15.315+0200: 121.615: [GC concurrent-root-region-scan-start]
2020-09-29T11:58:15.316+0200: 121.617: [GC concurrent-root-region-scan-end, 0.0018835 secs]
2020-09-29T11:58:15.316+0200: 121.617: [GC concurrent-mark-start]
2020-09-29T11:58:15.319+0200: 121.620: [GC concurrent-mark-end, 0.0027913 secs]
2020-09-29T11:58:15.319+0200: 121.620: [GC remark 2020-09-29T11:58:15.320+0200: 121.620: [Finalize Marking, 0.0001830 secs] 2020-09-29T11:58:15.320+0200: 121.620: [GC ref-proc, 0.0002976 secs] 2020-09-29T11:58:15.320+0200: 121.621: [Unloading, 0.0004679 secs], 0.0012857 secs]
 [Times: user=0.00 sys=0.00, real=0.00 secs] 
2020-09-29T11:58:15.321+0200: 121.622: [GC cleanup 1191M->29M(2048M), 0.0012124 secs]
 [Times: user=0.00 sys=0.00, real=0.00 secs] 
2020-09-29T11:58:15.322+0200: 121.623: [GC concurrent-cleanup-start]
2020-09-29T11:58:15.324+0200: 121.625: [GC concurrent-cleanup-end, 0.0015620 secs]
2020-09-29T11:58:15.487+0200: 121.788: [GC pause (G1 Evacuation Pause) (young), 0.1593931 secs]
   [Parallel Time: 158.5 ms, GC Workers: 8]
      [GC Worker Start (ms): Min: 121788.0, Avg: 121788.1, Max: 121788.2, Diff: 0.2]
      [Ext Root Scanning (ms): Min: 0.0, Avg: 0.1, Max: 0.2, Diff: 0.2, Sum: 0.4]
      [Update RS (ms): Min: 19.7, Avg: 19.9, Max: 20.1, Diff: 0.3, Sum: 158.9]
         [Processed Buffers: Min: 20, Avg: 22.5, Max: 25, Diff: 5, Sum: 180]
      [Scan RS (ms): Min: 13.9, Avg: 14.1, Max: 14.2, Diff: 0.3, Sum: 112.7]
      [Code Root Scanning (ms): Min: 0.0, Avg: 0.0, Max: 0.0, Diff: 0.0, Sum: 0.0]
      [Object Copy (ms): Min: 124.1, Avg: 124.1, Max: 124.2, Diff: 0.1, Sum: 992.8]
      [Termination (ms): Min: 0.0, Avg: 0.1, Max: 0.1, Diff: 0.1, Sum: 0.4]
         [Termination Attempts: Min: 1, Avg: 429.3, Max: 550, Diff: 549, Sum: 3434]
      [GC Worker Other (ms): Min: 0.0, Avg: 0.0, Max: 0.0, Diff: 0.0, Sum: 0.2]
      [GC Worker Total (ms): Min: 158.1, Avg: 158.2, Max: 158.3, Diff: 0.2, Sum: 1265.4]
      [GC Worker End (ms): Min: 121946.3, Avg: 121946.3, Max: 121946.3, Diff: 0.0]
   [Code Root Fixup: 0.0 ms]
   [Code Root Purge: 0.0 ms]
   [Clear CT: 0.2 ms]
   [Other: 0.7 ms]
      [Choose CSet: 0.0 ms]
      [Ref Proc: 0.1 ms]
      [Ref Enq: 0.0 ms]
      [Redirty Cards: 0.1 ms]
      [Humongous Register: 0.0 ms]
      [Humongous Reclaim: 0.0 ms]
      [Free CSet: 0.2 ms]
   [Eden: 326.0M(326.0M)->0.0B(343.0M) Survivors: 10.0M->42.0M Heap: 399.8M(2048.0M)->392.8M(2048.0M)]
 [Times: user=1.36 sys=0.01, real=0.16 secs] 
2020-09-29T11:58:15.808+0200: 122.109: [GC pause (G1 Evacuation Pause) (young), 0.1849173 secs]
   [Parallel Time: 183.5 ms, GC Workers: 8]
      [GC Worker Start (ms): Min: 122109.2, Avg: 122109.3, Max: 122109.4, Diff: 0.2]
      [Ext Root Scanning (ms): Min: 0.0, Avg: 0.1, Max: 0.2, Diff: 0.2, Sum: 0.5]
      [Update RS (ms): Min: 16.7, Avg: 16.9, Max: 17.3, Diff: 0.6, Sum: 134.9]
         [Processed Buffers: Min: 19, Avg: 20.8, Max: 23, Diff: 4, Sum: 166]
      [Scan RS (ms): Min: 19.3, Avg: 19.8, Max: 20.0, Diff: 0.7, Sum: 158.2]
      [Code Root Scanning (ms): Min: 0.0, Avg: 0.0, Max: 0.0, Diff: 0.0, Sum: 0.0]
      [Object Copy (ms): Min: 146.5, Avg: 146.6, Max: 146.6, Diff: 0.1, Sum: 1172.5]
      [Termination (ms): Min: 0.0, Avg: 0.0, Max: 0.0, Diff: 0.0, Sum: 0.1]
         [Termination Attempts: Min: 1, Avg: 90.5, Max: 122, Diff: 121, Sum: 724]
      [GC Worker Other (ms): Min: 0.0, Avg: 0.0, Max: 0.1, Diff: 0.1, Sum: 0.3]
      [GC Worker Total (ms): Min: 183.3, Avg: 183.3, Max: 183.4, Diff: 0.1, Sum: 1466.5]
      [GC Worker End (ms): Min: 122292.6, Avg: 122292.6, Max: 122292.6, Diff: 0.1]
   [Code Root Fixup: 0.0 ms]
   [Code Root Purge: 0.0 ms]
   [Clear CT: 0.2 ms]
   [Other: 1.2 ms]
      [Choose CSet: 0.0 ms]
      [Ref Proc: 0.1 ms]
      [Ref Enq: 0.0 ms]
      [Redirty Cards: 0.6 ms]
      [Humongous Register: 0.0 ms]
      [Humongous Reclaim: 0.0 ms]
      [Free CSet: 0.3 ms]
   [Eden: 343.0M(343.0M)->0.0B(324.0M) Survivors: 42.0M->49.0M Heap: 793.0M(2048.0M)->795.0M(2048.0M)]
 [Times: user=1.49 sys=0.02, real=0.19 secs] 
2020-09-29T11:58:16.161+0200: 122.462: [GC pause (G1 Evacuation Pause) (young), 0.2070743 secs]
   [Parallel Time: 205.9 ms, GC Workers: 8]
      [GC Worker Start (ms): Min: 122461.6, Avg: 122461.7, Max: 122461.8, Diff: 0.2]
      [Ext Root Scanning (ms): Min: 0.0, Avg: 0.1, Max: 0.2, Diff: 0.2, Sum: 0.5]
      [Update RS (ms): Min: 19.4, Avg: 19.6, Max: 19.9, Diff: 0.5, Sum: 157.1]
         [Processed Buffers: Min: 22, Avg: 23.1, Max: 25, Diff: 3, Sum: 185]
      [Scan RS (ms): Min: 16.8, Avg: 20.4, Max: 43.6, Diff: 26.8, Sum: 163.5]
      [Code Root Scanning (ms): Min: 0.0, Avg: 0.0, Max: 0.0, Diff: 0.0, Sum: 0.0]
      [Object Copy (ms): Min: 141.8, Avg: 165.2, Max: 168.8, Diff: 27.0, Sum: 1322.0]
      [Termination (ms): Min: 0.0, Avg: 0.2, Max: 0.4, Diff: 0.4, Sum: 1.9]
         [Termination Attempts: Min: 1, Avg: 1631.8, Max: 2408, Diff: 2407, Sum: 13054]
      [GC Worker Other (ms): Min: 0.0, Avg: 0.0, Max: 0.1, Diff: 0.1, Sum: 0.3]
      [GC Worker Total (ms): Min: 205.6, Avg: 205.7, Max: 205.8, Diff: 0.2, Sum: 1645.3]
      [GC Worker End (ms): Min: 122667.4, Avg: 122667.4, Max: 122667.4, Diff: 0.1]
   [Code Root Fixup: 0.0 ms]
   [Code Root Purge: 0.0 ms]
   [Clear CT: 0.2 ms]
   [Other: 0.9 ms]
      [Choose CSet: 0.0 ms]
      [Ref Proc: 0.1 ms]
      [Ref Enq: 0.0 ms]
      [Redirty Cards: 0.4 ms]
      [Humongous Register: 0.0 ms]
      [Humongous Reclaim: 0.0 ms]
      [Free CSet: 0.2 ms]
   [Eden: 324.0M(324.0M)->0.0B(291.0M) Survivors: 49.0M->47.0M Heap: 1172.4M(2048.0M)->1174.4M(2048.0M)]
 [Times: user=1.53 sys=0.00, real=0.21 secs] 
2020-09-29T11:58:16.378+0200: 122.678: [GC pause (G1 Humongous Allocation) (young) (initial-mark), 0.0670898 secs]
   [Parallel Time: 66.3 ms, GC Workers: 8]
      [GC Worker Start (ms): Min: 122678.6, Avg: 122678.7, Max: 122678.8, Diff: 0.1]
      [Ext Root Scanning (ms): Min: 0.0, Avg: 2.9, Max: 11.3, Diff: 11.3, Sum: 23.2]
      [Update RS (ms): Min: 31.8, Avg: 40.2, Max: 43.2, Diff: 11.4, Sum: 321.4]
         [Processed Buffers: Min: 36, Avg: 48.1, Max: 54, Diff: 18, Sum: 385]
      [Scan RS (ms): Min: 2.5, Avg: 2.8, Max: 3.1, Diff: 0.5, Sum: 22.6]
      [Code Root Scanning (ms): Min: 0.0, Avg: 0.0, Max: 0.0, Diff: 0.0, Sum: 0.0]
      [Object Copy (ms): Min: 20.1, Avg: 20.2, Max: 20.2, Diff: 0.1, Sum: 161.4]
      [Termination (ms): Min: 0.0, Avg: 0.0, Max: 0.0, Diff: 0.0, Sum: 0.0]
         [Termination Attempts: Min: 1, Avg: 17.8, Max: 29, Diff: 28, Sum: 142]
      [GC Worker Other (ms): Min: 0.0, Avg: 0.0, Max: 0.0, Diff: 0.0, Sum: 0.1]
      [GC Worker Total (ms): Min: 66.0, Avg: 66.1, Max: 66.2, Diff: 0.1, Sum: 528.8]
      [GC Worker End (ms): Min: 122744.8, Avg: 122744.8, Max: 122744.8, Diff: 0.0]
   [Code Root Fixup: 0.0 ms]
   [Code Root Purge: 0.0 ms]
   [Clear CT: 0.2 ms]
   [Other: 0.7 ms]
      [Choose CSet: 0.0 ms]
      [Ref Proc: 0.2 ms]
      [Ref Enq: 0.0 ms]
      [Redirty Cards: 0.2 ms]
      [Humongous Register: 0.0 ms]
      [Humongous Reclaim: 0.0 ms]
      [Free CSet: 0.1 ms]
   [Eden: 3072.0K(291.0M)->0.0B(326.0M) Survivors: 47.0M->5120.0K Heap: 1177.4M(2048.0M)->1181.9M(2048.0M)]
 [Times: user=0.59 sys=0.00, real=0.07 secs] 
2020-09-29T11:58:16.445+0200: 122.746: [GC concurrent-root-region-scan-start]
2020-09-29T11:58:16.446+0200: 122.746: [GC concurrent-root-region-scan-end, 0.0006987 secs]
2020-09-29T11:58:16.446+0200: 122.746: [GC concurrent-mark-start]
2020-09-29T11:58:16.448+0200: 122.749: [GC concurrent-mark-end, 0.0023677 secs]
2020-09-29T11:58:16.448+0200: 122.749: [GC remark 2020-09-29T11:58:16.448+0200: 122.749: [Finalize Marking, 0.0001918 secs] 2020-09-29T11:58:16.448+0200: 122.749: [GC ref-proc, 0.0002881 secs] 2020-09-29T11:58:16.449+0200: 122.749: [Unloading, 0.0003767 secs], 0.0011973 secs]
 [Times: user=0.00 sys=0.00, real=0.00 secs] 
2020-09-29T11:58:16.450+0200: 122.750: [GC cleanup 1190M->22M(2048M), 0.0010743 secs]
 [Times: user=0.00 sys=0.00, real=0.00 secs] 
2020-09-29T11:58:16.451+0200: 122.752: [GC concurrent-cleanup-start]
2020-09-29T11:58:16.452+0200: 122.753: [GC concurrent-cleanup-end, 0.0015012 secs]
2020-09-29T11:58:16.626+0200: 122.927: [GC pause (G1 Evacuation Pause) (young), 0.1719200 secs]
   [Parallel Time: 169.1 ms, GC Workers: 8]
      [GC Worker Start (ms): Min: 122927.0, Avg: 122927.2, Max: 122927.2, Diff: 0.2]
      [Ext Root Scanning (ms): Min: 0.0, Avg: 0.1, Max: 0.2, Diff: 0.2, Sum: 0.6]
      [Update RS (ms): Min: 27.0, Avg: 27.2, Max: 27.5, Diff: 0.4, Sum: 217.4]
         [Processed Buffers: Min: 24, Avg: 25.8, Max: 28, Diff: 4, Sum: 206]
      [Scan RS (ms): Min: 14.8, Avg: 15.0, Max: 15.2, Diff: 0.5, Sum: 120.2]
      [Code Root Scanning (ms): Min: 0.0, Avg: 0.0, Max: 0.0, Diff: 0.0, Sum: 0.0]
      [Object Copy (ms): Min: 126.5, Avg: 126.5, Max: 126.6, Diff: 0.1, Sum: 1012.2]
      [Termination (ms): Min: 0.0, Avg: 0.0, Max: 0.0, Diff: 0.0, Sum: 0.0]
         [Termination Attempts: Min: 1, Avg: 19.5, Max: 28, Diff: 27, Sum: 156]
      [GC Worker Other (ms): Min: 0.0, Avg: 0.0, Max: 0.1, Diff: 0.0, Sum: 0.3]
      [GC Worker Total (ms): Min: 168.8, Avg: 168.8, Max: 169.0, Diff: 0.2, Sum: 1350.7]
      [GC Worker End (ms): Min: 123096.0, Avg: 123096.0, Max: 123096.0, Diff: 0.0]
   [Code Root Fixup: 0.0 ms]
   [Code Root Purge: 0.0 ms]
   [Clear CT: 0.4 ms]
   [Other: 2.5 ms]
      [Choose CSet: 0.0 ms]
      [Ref Proc: 0.3 ms]
      [Ref Enq: 0.0 ms]
      [Redirty Cards: 1.8 ms]
      [Humongous Register: 0.0 ms]
      [Humongous Reclaim: 0.0 ms]
      [Free CSet: 0.2 ms]
   [Eden: 326.0M(326.0M)->0.0B(301.0M) Survivors: 5120.0K->42.0M Heap: 395.3M(2048.0M)->392.3M(2048.0M)]
 [Times: user=1.38 sys=0.00, real=0.17 secs] 
2020-09-29T11:58:16.946+0200: 123.247: [GC pause (G1 Evacuation Pause) (young), 0.1670277 secs]
   [Parallel Time: 166.0 ms, GC Workers: 8]
      [GC Worker Start (ms): Min: 123246.9, Avg: 123247.0, Max: 123247.1, Diff: 0.2]
      [Ext Root Scanning (ms): Min: 0.0, Avg: 0.1, Max: 0.2, Diff: 0.2, Sum: 0.6]
      [Update RS (ms): Min: 15.5, Avg: 15.6, Max: 15.8, Diff: 0.3, Sum: 125.1]
         [Processed Buffers: Min: 18, Avg: 19.0, Max: 20, Diff: 2, Sum: 152]
      [Scan RS (ms): Min: 15.9, Avg: 16.1, Max: 16.3, Diff: 0.4, Sum: 128.9]
      [Code Root Scanning (ms): Min: 0.0, Avg: 0.0, Max: 0.0, Diff: 0.0, Sum: 0.0]
      [Object Copy (ms): Min: 133.8, Avg: 133.9, Max: 134.0, Diff: 0.2, Sum: 1071.5]
      [Termination (ms): Min: 0.0, Avg: 0.0, Max: 0.0, Diff: 0.0, Sum: 0.3]
         [Termination Attempts: Min: 1, Avg: 253.0, Max: 339, Diff: 338, Sum: 2024]
      [GC Worker Other (ms): Min: 0.0, Avg: 0.0, Max: 0.1, Diff: 0.0, Sum: 0.3]
      [GC Worker Total (ms): Min: 165.8, Avg: 165.8, Max: 165.9, Diff: 0.1, Sum: 1326.6]
      [GC Worker End (ms): Min: 123412.8, Avg: 123412.8, Max: 123412.9, Diff: 0.1]
   [Code Root Fixup: 0.0 ms]
   [Code Root Purge: 0.0 ms]
   [Clear CT: 0.3 ms]
   [Other: 0.7 ms]
      [Choose CSet: 0.0 ms]
      [Ref Proc: 0.1 ms]
      [Ref Enq: 0.0 ms]
      [Redirty Cards: 0.2 ms]
      [Humongous Register: 0.0 ms]
      [Humongous Reclaim: 0.0 ms]
      [Free CSet: 0.2 ms]
   [Eden: 301.0M(301.0M)->0.0B(303.0M) Survivors: 42.0M->43.0M Heap: 742.9M(2048.0M)->744.4M(2048.0M)]
 [Times: user=1.25 sys=0.00, real=0.17 secs] 
2020-09-29T11:58:17.267+0200: 123.567: [GC pause (G1 Evacuation Pause) (young), 0.1667272 secs]
   [Parallel Time: 165.6 ms, GC Workers: 8]
      [GC Worker Start (ms): Min: 123567.5, Avg: 123567.6, Max: 123567.7, Diff: 0.2]
      [Ext Root Scanning (ms): Min: 0.0, Avg: 0.1, Max: 0.2, Diff: 0.2, Sum: 0.5]
      [Update RS (ms): Min: 20.9, Avg: 21.0, Max: 21.3, Diff: 0.4, Sum: 168.1]
         [Processed Buffers: Min: 23, Avg: 25.9, Max: 28, Diff: 5, Sum: 207]
      [Scan RS (ms): Min: 12.8, Avg: 13.0, Max: 13.1, Diff: 0.4, Sum: 104.0]
      [Code Root Scanning (ms): Min: 0.0, Avg: 0.0, Max: 0.0, Diff: 0.0, Sum: 0.0]
      [Object Copy (ms): Min: 131.1, Avg: 131.1, Max: 131.2, Diff: 0.1, Sum: 1049.0]
      [Termination (ms): Min: 0.0, Avg: 0.0, Max: 0.1, Diff: 0.0, Sum: 0.3]
         [Termination Attempts: Min: 1, Avg: 240.4, Max: 318, Diff: 317, Sum: 1923]
      [GC Worker Other (ms): Min: 0.0, Avg: 0.0, Max: 0.1, Diff: 0.1, Sum: 0.3]
      [GC Worker Total (ms): Min: 165.2, Avg: 165.3, Max: 165.4, Diff: 0.2, Sum: 1322.2]
      [GC Worker End (ms): Min: 123732.9, Avg: 123732.9, Max: 123732.9, Diff: 0.1]
   [Code Root Fixup: 0.0 ms]
   [Code Root Purge: 0.0 ms]
   [Clear CT: 0.2 ms]
   [Other: 0.9 ms]
      [Choose CSet: 0.0 ms]
      [Ref Proc: 0.1 ms]
      [Ref Enq: 0.0 ms]
      [Redirty Cards: 0.4 ms]
      [Humongous Register: 0.0 ms]
      [Humongous Reclaim: 0.0 ms]
      [Free CSet: 0.2 ms]
   [Eden: 303.0M(303.0M)->0.0B(311.0M) Survivors: 43.0M->44.0M Heap: 1098.9M(2048.0M)->1100.9M(2048.0M)]
 [Times: user=1.34 sys=0.03, real=0.17 secs] 
2020-09-29T11:58:17.445+0200: 123.746: [GC pause (G1 Humongous Allocation) (young) (initial-mark), 0.0733870 secs]
   [Parallel Time: 72.5 ms, GC Workers: 8]
      [GC Worker Start (ms): Min: 123745.9, Avg: 123745.9, Max: 123746.0, Diff: 0.2]
      [Ext Root Scanning (ms): Min: 0.0, Avg: 2.4, Max: 18.5, Diff: 18.4, Sum: 19.5]
      [Update RS (ms): Min: 28.4, Avg: 44.6, Max: 47.2, Diff: 18.7, Sum: 357.0]
         [Processed Buffers: Min: 35, Avg: 53.8, Max: 59, Diff: 24, Sum: 430]
      [Scan RS (ms): Min: 0.8, Avg: 1.1, Max: 1.3, Diff: 0.5, Sum: 8.5]
      [Code Root Scanning (ms): Min: 0.0, Avg: 0.0, Max: 0.0, Diff: 0.0, Sum: 0.0]
      [Object Copy (ms): Min: 24.1, Avg: 24.2, Max: 24.2, Diff: 0.1, Sum: 193.2]
      [Termination (ms): Min: 0.0, Avg: 0.0, Max: 0.1, Diff: 0.1, Sum: 0.3]
         [Termination Attempts: Min: 1, Avg: 277.4, Max: 343, Diff: 342, Sum: 2219]
      [GC Worker Other (ms): Min: 0.0, Avg: 0.0, Max: 0.1, Diff: 0.0, Sum: 0.2]
      [GC Worker Total (ms): Min: 72.3, Avg: 72.4, Max: 72.4, Diff: 0.1, Sum: 578.9]
      [GC Worker End (ms): Min: 123818.3, Avg: 123818.3, Max: 123818.3, Diff: 0.0]
   [Code Root Fixup: 0.0 ms]
   [Code Root Purge: 0.0 ms]
   [Clear CT: 0.2 ms]
   [Other: 0.7 ms]
      [Choose CSet: 0.0 ms]
      [Ref Proc: 0.1 ms]
      [Ref Enq: 0.0 ms]
      [Redirty Cards: 0.2 ms]
      [Humongous Register: 0.1 ms]
      [Humongous Reclaim: 0.0 ms]
      [Free CSet: 0.1 ms]
   [Eden: 9216.0K(311.0M)->0.0B(321.0M) Survivors: 44.0M->11.0M Heap: 1109.4M(2048.0M)->1113.4M(2048.0M)]
 [Times: user=0.47 sys=0.00, real=0.07 secs] 
2020-09-29T11:58:17.518+0200: 123.819: [GC concurrent-root-region-scan-start]
2020-09-29T11:58:17.521+0200: 123.822: [GC concurrent-root-region-scan-end, 0.0024375 secs]
2020-09-29T11:58:17.521+0200: 123.822: [GC concurrent-mark-start]
2020-09-29T11:58:17.524+0200: 123.825: [GC concurrent-mark-end, 0.0030192 secs]
2020-09-29T11:58:17.524+0200: 123.825: [GC remark 2020-09-29T11:58:17.524+0200: 123.825: [Finalize Marking, 0.0002096 secs] 2020-09-29T11:58:17.524+0200: 123.825: [GC ref-proc, 0.0002984 secs] 2020-09-29T11:58:17.525+0200: 123.825: [Unloading, 0.0004610 secs], 0.0012677 secs]
 [Times: user=0.00 sys=0.00, real=0.00 secs] 
2020-09-29T11:58:17.526+0200: 123.826: [GC cleanup 1126M->32M(2048M), 0.0013510 secs]
 [Times: user=0.00 sys=0.00, real=0.00 secs] 
2020-09-29T11:58:17.527+0200: 123.828: [GC concurrent-cleanup-start]
2020-09-29T11:58:17.530+0200: 123.830: [GC concurrent-cleanup-end, 0.0026203 secs]
2020-09-29T11:58:17.698+0200: 123.999: [GC pause (G1 Evacuation Pause) (young), 0.1536614 secs]
   [Parallel Time: 152.5 ms, GC Workers: 8]
      [GC Worker Start (ms): Min: 123998.6, Avg: 123998.6, Max: 123998.7, Diff: 0.1]
      [Ext Root Scanning (ms): Min: 0.0, Avg: 0.1, Max: 0.1, Diff: 0.1, Sum: 0.6]
      [Update RS (ms): Min: 16.1, Avg: 16.2, Max: 16.7, Diff: 0.6, Sum: 130.0]
         [Processed Buffers: Min: 19, Avg: 20.5, Max: 22, Diff: 3, Sum: 164]
      [Scan RS (ms): Min: 13.4, Avg: 13.9, Max: 14.0, Diff: 0.6, Sum: 110.9]
      [Code Root Scanning (ms): Min: 0.0, Avg: 0.0, Max: 0.0, Diff: 0.0, Sum: 0.0]
      [Object Copy (ms): Min: 122.1, Avg: 122.1, Max: 122.2, Diff: 0.1, Sum: 977.1]
      [Termination (ms): Min: 0.0, Avg: 0.0, Max: 0.0, Diff: 0.0, Sum: 0.0]
         [Termination Attempts: Min: 1, Avg: 28.1, Max: 36, Diff: 35, Sum: 225]
      [GC Worker Other (ms): Min: 0.0, Avg: 0.0, Max: 0.1, Diff: 0.1, Sum: 0.3]
      [GC Worker Total (ms): Min: 152.3, Avg: 152.4, Max: 152.4, Diff: 0.1, Sum: 1219.0]
      [GC Worker End (ms): Min: 124151.0, Avg: 124151.0, Max: 124151.0, Diff: 0.1]
   [Code Root Fixup: 0.0 ms]
   [Code Root Purge: 0.0 ms]
   [Clear CT: 0.2 ms]
   [Other: 0.9 ms]
      [Choose CSet: 0.0 ms]
      [Ref Proc: 0.2 ms]
      [Ref Enq: 0.0 ms]
      [Redirty Cards: 0.3 ms]
      [Humongous Register: 0.0 ms]
      [Humongous Reclaim: 0.0 ms]
      [Free CSet: 0.2 ms]
   [Eden: 321.0M(321.0M)->0.0B(311.0M) Survivors: 11.0M->42.0M Heap: 396.3M(2048.0M)->387.3M(2048.0M)]
 [Times: user=1.23 sys=0.02, real=0.15 secs] 
2020-09-29T11:58:18.004+0200: 124.305: [GC pause (G1 Evacuation Pause) (young), 0.1705248 secs]
   [Parallel Time: 169.4 ms, GC Workers: 8]
      [GC Worker Start (ms): Min: 124305.3, Avg: 124305.4, Max: 124305.5, Diff: 0.1]
      [Ext Root Scanning (ms): Min: 0.0, Avg: 0.1, Max: 0.1, Diff: 0.1, Sum: 0.5]
      [Update RS (ms): Min: 15.7, Avg: 15.8, Max: 16.3, Diff: 0.7, Sum: 126.1]
         [Processed Buffers: Min: 16, Avg: 19.3, Max: 22, Diff: 6, Sum: 154]
      [Scan RS (ms): Min: 16.6, Avg: 17.3, Max: 17.5, Diff: 0.9, Sum: 138.0]
      [Code Root Scanning (ms): Min: 0.0, Avg: 0.0, Max: 0.0, Diff: 0.0, Sum: 0.0]
      [Object Copy (ms): Min: 135.8, Avg: 136.0, Max: 136.1, Diff: 0.3, Sum: 1088.0]
      [Termination (ms): Min: 0.0, Avg: 0.1, Max: 0.2, Diff: 0.2, Sum: 1.0]
         [Termination Attempts: Min: 1, Avg: 905.9, Max: 1370, Diff: 1369, Sum: 7247]
      [GC Worker Other (ms): Min: 0.0, Avg: 0.0, Max: 0.1, Diff: 0.0, Sum: 0.4]
      [GC Worker Total (ms): Min: 169.2, Avg: 169.2, Max: 169.3, Diff: 0.2, Sum: 1354.0]
      [GC Worker End (ms): Min: 124474.6, Avg: 124474.7, Max: 124474.7, Diff: 0.0]
   [Code Root Fixup: 0.0 ms]
   [Code Root Purge: 0.0 ms]
   [Clear CT: 0.2 ms]
   [Other: 0.9 ms]
      [Choose CSet: 0.0 ms]
      [Ref Proc: 0.2 ms]
      [Ref Enq: 0.0 ms]
      [Redirty Cards: 0.3 ms]
      [Humongous Register: 0.0 ms]
      [Humongous Reclaim: 0.0 ms]
      [Free CSet: 0.3 ms]
   [Eden: 311.0M(311.0M)->0.0B(308.0M) Survivors: 42.0M->45.0M Heap: 749.8M(2048.0M)->751.8M(2048.0M)]
 [Times: user=1.25 sys=0.02, real=0.17 secs] 
2020-09-29T11:58:18.330+0200: 124.630: [GC pause (G1 Evacuation Pause) (young), 0.1781157 secs]
   [Parallel Time: 176.3 ms, GC Workers: 8]
      [GC Worker Start (ms): Min: 124630.4, Avg: 124630.6, Max: 124630.6, Diff: 0.2]
      [Ext Root Scanning (ms): Min: 0.0, Avg: 0.1, Max: 0.2, Diff: 0.2, Sum: 0.5]
      [Update RS (ms): Min: 20.6, Avg: 20.8, Max: 21.6, Diff: 1.0, Sum: 166.6]
         [Processed Buffers: Min: 22, Avg: 24.0, Max: 27, Diff: 5, Sum: 192]
      [Scan RS (ms): Min: 14.9, Avg: 15.7, Max: 16.0, Diff: 1.1, Sum: 125.6]
      [Code Root Scanning (ms): Min: 0.0, Avg: 0.0, Max: 0.0, Diff: 0.0, Sum: 0.0]
      [Object Copy (ms): Min: 139.1, Avg: 139.3, Max: 139.5, Diff: 0.4, Sum: 1114.4]
      [Termination (ms): Min: 0.0, Avg: 0.1, Max: 0.2, Diff: 0.2, Sum: 1.0]
         [Termination Attempts: Min: 1, Avg: 817.8, Max: 1170, Diff: 1169, Sum: 6542]
      [GC Worker Other (ms): Min: 0.0, Avg: 0.0, Max: 0.1, Diff: 0.0, Sum: 0.3]
      [GC Worker Total (ms): Min: 176.0, Avg: 176.1, Max: 176.2, Diff: 0.2, Sum: 1408.4]
      [GC Worker End (ms): Min: 124806.6, Avg: 124806.6, Max: 124806.6, Diff: 0.0]
   [Code Root Fixup: 0.0 ms]
   [Code Root Purge: 0.0 ms]
   [Clear CT: 0.4 ms]
   [Other: 1.4 ms]
      [Choose CSet: 0.0 ms]
      [Ref Proc: 0.2 ms]
      [Ref Enq: 0.0 ms]
      [Redirty Cards: 0.8 ms]
      [Humongous Register: 0.0 ms]
      [Humongous Reclaim: 0.0 ms]
      [Free CSet: 0.2 ms]
   [Eden: 308.0M(308.0M)->0.0B(306.0M) Survivors: 45.0M->45.0M Heap: 1111.3M(2048.0M)->1113.3M(2048.0M)]
 [Times: user=1.45 sys=0.03, real=0.18 secs] 
2020-09-29T11:58:18.518+0200: 124.819: [GC pause (G1 Humongous Allocation) (young) (initial-mark), 0.0622069 secs]
   [Parallel Time: 61.3 ms, GC Workers: 8]
      [GC Worker Start (ms): Min: 124819.0, Avg: 124819.1, Max: 124819.2, Diff: 0.2]
      [Ext Root Scanning (ms): Min: 0.0, Avg: 0.1, Max: 0.3, Diff: 0.2, Sum: 1.1]
      [Update RS (ms): Min: 34.4, Avg: 34.5, Max: 34.7, Diff: 0.3, Sum: 276.2]
         [Processed Buffers: Min: 40, Avg: 43.6, Max: 46, Diff: 6, Sum: 349]
      [Scan RS (ms): Min: 2.7, Avg: 2.9, Max: 3.1, Diff: 0.3, Sum: 23.5]
      [Code Root Scanning (ms): Min: 0.0, Avg: 0.0, Max: 0.0, Diff: 0.0, Sum: 0.0]
      [Object Copy (ms): Min: 23.4, Avg: 23.4, Max: 23.5, Diff: 0.1, Sum: 187.5]
      [Termination (ms): Min: 0.0, Avg: 0.0, Max: 0.0, Diff: 0.0, Sum: 0.3]
         [Termination Attempts: Min: 1, Avg: 262.8, Max: 325, Diff: 324, Sum: 2102]
      [GC Worker Other (ms): Min: 0.0, Avg: 0.0, Max: 0.0, Diff: 0.0, Sum: 0.1]
      [GC Worker Total (ms): Min: 61.0, Avg: 61.1, Max: 61.2, Diff: 0.2, Sum: 488.7]
      [GC Worker End (ms): Min: 124880.2, Avg: 124880.2, Max: 124880.2, Diff: 0.0]
   [Code Root Fixup: 0.0 ms]
   [Code Root Purge: 0.0 ms]
   [Clear CT: 0.2 ms]
   [Other: 0.7 ms]
      [Choose CSet: 0.0 ms]
      [Ref Proc: 0.2 ms]
      [Ref Enq: 0.0 ms]
      [Redirty Cards: 0.1 ms]
      [Humongous Register: 0.1 ms]
      [Humongous Reclaim: 0.0 ms]
      [Free CSet: 0.1 ms]
   [Eden: 10.0M(306.0M)->0.0B(340.0M) Survivors: 45.0M->12.0M Heap: 1123.3M(2048.0M)->1127.3M(2048.0M)]
 [Times: user=0.50 sys=0.00, real=0.06 secs] 
2020-09-29T11:58:18.581+0200: 124.881: [GC concurrent-root-region-scan-start]
2020-09-29T11:58:18.583+0200: 124.883: [GC concurrent-root-region-scan-end, 0.0020054 secs]
2020-09-29T11:58:18.583+0200: 124.883: [GC concurrent-mark-start]
2020-09-29T11:58:18.585+0200: 124.885: [GC concurrent-mark-end, 0.0022216 secs]
2020-09-29T11:58:18.585+0200: 124.886: [GC remark 2020-09-29T11:58:18.585+0200: 124.886: [Finalize Marking, 0.0001964 secs] 2020-09-29T11:58:18.585+0200: 124.886: [GC ref-proc, 0.0002806 secs] 2020-09-29T11:58:18.586+0200: 124.886: [Unloading, 0.0004107 secs], 0.0012302 secs]
 [Times: user=0.00 sys=0.00, real=0.00 secs] 
2020-09-29T11:58:18.587+0200: 124.887: [GC cleanup 1138M->31M(2048M), 0.0010796 secs]
 [Times: user=0.00 sys=0.00, real=0.00 secs] 
2020-09-29T11:58:18.588+0200: 124.888: [GC concurrent-cleanup-start]
2020-09-29T11:58:18.589+0200: 124.890: [GC concurrent-cleanup-end, 0.0013653 secs]
2020-09-29T11:58:18.747+0200: 125.047: [GC pause (G1 Evacuation Pause) (young), 0.1609911 secs]
   [Parallel Time: 160.0 ms, GC Workers: 8]
      [GC Worker Start (ms): Min: 125047.3, Avg: 125047.4, Max: 125047.4, Diff: 0.2]
      [Ext Root Scanning (ms): Min: 0.0, Avg: 0.1, Max: 0.2, Diff: 0.2, Sum: 0.4]
      [Update RS (ms): Min: 12.9, Avg: 13.1, Max: 13.4, Diff: 0.5, Sum: 104.9]
         [Processed Buffers: Min: 15, Avg: 16.0, Max: 17, Diff: 2, Sum: 128]
      [Scan RS (ms): Min: 16.2, Avg: 16.5, Max: 16.7, Diff: 0.5, Sum: 131.7]
      [Code Root Scanning (ms): Min: 0.0, Avg: 0.0, Max: 0.0, Diff: 0.0, Sum: 0.0]
      [Object Copy (ms): Min: 129.9, Avg: 130.0, Max: 130.1, Diff: 0.2, Sum: 1040.3]
      [Termination (ms): Min: 0.0, Avg: 0.1, Max: 0.1, Diff: 0.1, Sum: 0.4]
         [Termination Attempts: Min: 1, Avg: 388.3, Max: 470, Diff: 469, Sum: 3106]
      [GC Worker Other (ms): Min: 0.0, Avg: 0.1, Max: 0.1, Diff: 0.1, Sum: 0.4]
      [GC Worker Total (ms): Min: 159.7, Avg: 159.8, Max: 159.9, Diff: 0.2, Sum: 1278.2]
      [GC Worker End (ms): Min: 125207.1, Avg: 125207.1, Max: 125207.2, Diff: 0.1]
   [Code Root Fixup: 0.0 ms]
   [Code Root Purge: 0.0 ms]
   [Clear CT: 0.2 ms]
   [Other: 0.8 ms]
      [Choose CSet: 0.0 ms]
      [Ref Proc: 0.1 ms]
      [Ref Enq: 0.0 ms]
      [Redirty Cards: 0.2 ms]
      [Humongous Register: 0.0 ms]
      [Humongous Reclaim: 0.0 ms]
      [Free CSet: 0.2 ms]
   [Eden: 340.0M(340.0M)->0.0B(322.0M) Survivors: 12.0M->44.0M Heap: 418.2M(2048.0M)->408.2M(2048.0M)]
 [Times: user=1.25 sys=0.00, real=0.16 secs] 
2020-09-29T11:58:19.069+0200: 125.369: [GC pause (G1 Evacuation Pause) (young), 0.1728462 secs]
   [Parallel Time: 171.8 ms, GC Workers: 8]
      [GC Worker Start (ms): Min: 125369.3, Avg: 125369.4, Max: 125369.5, Diff: 0.2]
      [Ext Root Scanning (ms): Min: 0.0, Avg: 0.1, Max: 0.2, Diff: 0.2, Sum: 0.5]
      [Update RS (ms): Min: 16.8, Avg: 17.1, Max: 17.5, Diff: 0.7, Sum: 137.1]
         [Processed Buffers: Min: 19, Avg: 20.4, Max: 21, Diff: 2, Sum: 163]
      [Scan RS (ms): Min: 16.5, Avg: 16.8, Max: 17.2, Diff: 0.7, Sum: 134.8]
      [Code Root Scanning (ms): Min: 0.0, Avg: 0.0, Max: 0.0, Diff: 0.0, Sum: 0.0]
      [Object Copy (ms): Min: 137.3, Avg: 137.5, Max: 137.5, Diff: 0.2, Sum: 1099.7]
      [Termination (ms): Min: 0.0, Avg: 0.0, Max: 0.1, Diff: 0.1, Sum: 0.4]
         [Termination Attempts: Min: 1, Avg: 302.5, Max: 414, Diff: 413, Sum: 2420]
      [GC Worker Other (ms): Min: 0.0, Avg: 0.0, Max: 0.1, Diff: 0.0, Sum: 0.3]
      [GC Worker Total (ms): Min: 171.5, Avg: 171.6, Max: 171.7, Diff: 0.2, Sum: 1372.8]
      [GC Worker End (ms): Min: 125541.0, Avg: 125541.0, Max: 125541.0, Diff: 0.0]
   [Code Root Fixup: 0.0 ms]
   [Code Root Purge: 0.0 ms]
   [Clear CT: 0.2 ms]
   [Other: 0.9 ms]
      [Choose CSet: 0.0 ms]
      [Ref Proc: 0.2 ms]
      [Ref Enq: 0.0 ms]
      [Redirty Cards: 0.2 ms]
      [Humongous Register: 0.0 ms]
      [Humongous Reclaim: 0.0 ms]
      [Free CSet: 0.2 ms]
   [Eden: 322.0M(322.0M)->0.0B(320.0M) Survivors: 44.0M->46.0M Heap: 783.6M(2048.0M)->785.6M(2048.0M)]
 [Times: user=1.38 sys=0.00, real=0.17 secs] 
2020-09-29T11:58:19.412+0200: 125.712: [GC pause (G1 Evacuation Pause) (young), 0.1736477 secs]
   [Parallel Time: 172.3 ms, GC Workers: 8]
      [GC Worker Start (ms): Min: 125712.6, Avg: 125712.6, Max: 125712.7, Diff: 0.2]
      [Ext Root Scanning (ms): Min: 0.0, Avg: 0.1, Max: 0.1, Diff: 0.1, Sum: 0.5]
      [Update RS (ms): Min: 15.9, Avg: 16.1, Max: 16.3, Diff: 0.4, Sum: 128.7]
         [Processed Buffers: Min: 19, Avg: 19.5, Max: 21, Diff: 2, Sum: 156]
      [Scan RS (ms): Min: 17.2, Avg: 17.4, Max: 17.6, Diff: 0.3, Sum: 139.3]
      [Code Root Scanning (ms): Min: 0.0, Avg: 0.0, Max: 0.0, Diff: 0.0, Sum: 0.0]
      [Object Copy (ms): Min: 138.3, Avg: 138.4, Max: 138.4, Diff: 0.2, Sum: 1107.1]
      [Termination (ms): Min: 0.0, Avg: 0.0, Max: 0.1, Diff: 0.1, Sum: 0.3]
         [Termination Attempts: Min: 1, Avg: 247.3, Max: 329, Diff: 328, Sum: 1978]
      [GC Worker Other (ms): Min: 0.0, Avg: 0.0, Max: 0.1, Diff: 0.1, Sum: 0.3]
      [GC Worker Total (ms): Min: 172.0, Avg: 172.0, Max: 172.1, Diff: 0.2, Sum: 1376.2]
      [GC Worker End (ms): Min: 125884.6, Avg: 125884.7, Max: 125884.7, Diff: 0.1]
   [Code Root Fixup: 0.0 ms]
   [Code Root Purge: 0.0 ms]
   [Clear CT: 0.3 ms]
   [Other: 1.1 ms]
      [Choose CSet: 0.0 ms]
      [Ref Proc: 0.2 ms]
      [Ref Enq: 0.0 ms]
      [Redirty Cards: 0.4 ms]
      [Humongous Register: 0.0 ms]
      [Humongous Reclaim: 0.0 ms]
      [Free CSet: 0.2 ms]
   [Eden: 320.0M(320.0M)->0.0B(320.0M) Survivors: 46.0M->46.0M Heap: 1159.0M(2048.0M)->1161.0M(2048.0M)]
 [Times: user=1.36 sys=0.00, real=0.17 secs] 
2020-09-29T11:58:19.593+0200: 125.893: [GC pause (G1 Humongous Allocation) (young) (initial-mark), 0.0623095 secs]
   [Parallel Time: 61.6 ms, GC Workers: 8]
      [GC Worker Start (ms): Min: 125893.3, Avg: 125893.3, Max: 125893.4, Diff: 0.1]
      [Ext Root Scanning (ms): Min: 0.0, Avg: 0.1, Max: 0.1, Diff: 0.1, Sum: 0.7]
      [Update RS (ms): Min: 38.3, Avg: 38.5, Max: 38.8, Diff: 0.5, Sum: 307.7]
         [Processed Buffers: Min: 46, Avg: 49.5, Max: 51, Diff: 5, Sum: 396]
      [Scan RS (ms): Min: 2.5, Avg: 2.8, Max: 3.0, Diff: 0.5, Sum: 22.6]
      [Code Root Scanning (ms): Min: 0.0, Avg: 0.0, Max: 0.0, Diff: 0.0, Sum: 0.0]
      [Object Copy (ms): Min: 20.0, Avg: 20.1, Max: 20.1, Diff: 0.1, Sum: 160.8]
      [Termination (ms): Min: 0.0, Avg: 0.0, Max: 0.0, Diff: 0.0, Sum: 0.1]
         [Termination Attempts: Min: 1, Avg: 88.8, Max: 128, Diff: 127, Sum: 710]
      [GC Worker Other (ms): Min: 0.0, Avg: 0.0, Max: 0.0, Diff: 0.0, Sum: 0.1]
      [GC Worker Total (ms): Min: 61.5, Avg: 61.5, Max: 61.5, Diff: 0.1, Sum: 492.0]
      [GC Worker End (ms): Min: 125954.8, Avg: 125954.8, Max: 125954.8, Diff: 0.0]
   [Code Root Fixup: 0.0 ms]
   [Code Root Purge: 0.0 ms]
   [Clear CT: 0.1 ms]
   [Other: 0.6 ms]
      [Choose CSet: 0.0 ms]
      [Ref Proc: 0.2 ms]
      [Ref Enq: 0.0 ms]
      [Redirty Cards: 0.1 ms]
      [Humongous Register: 0.0 ms]
      [Humongous Reclaim: 0.0 ms]
      [Free CSet: 0.1 ms]
   [Eden: 3072.0K(320.0M)->0.0B(333.0M) Survivors: 46.0M->5120.0K Heap: 1163.5M(2048.0M)->1167.5M(2048.0M)]
 [Times: user=0.50 sys=0.00, real=0.06 secs] 
2020-09-29T11:58:19.655+0200: 125.956: [GC concurrent-root-region-scan-start]
2020-09-29T11:58:19.656+0200: 125.956: [GC concurrent-root-region-scan-end, 0.0005699 secs]
2020-09-29T11:58:19.656+0200: 125.956: [GC concurrent-mark-start]
2020-09-29T11:58:19.658+0200: 125.959: [GC concurrent-mark-end, 0.0026472 secs]
2020-09-29T11:58:19.659+0200: 125.959: [GC remark 2020-09-29T11:58:19.659+0200: 125.959: [Finalize Marking, 0.0001991 secs] 2020-09-29T11:58:19.659+0200: 125.959: [GC ref-proc, 0.0002824 secs] 2020-09-29T11:58:19.659+0200: 125.960: [Unloading, 0.0004586 secs], 0.0012554 secs]
 [Times: user=0.00 sys=0.00, real=0.00 secs] 
2020-09-29T11:58:19.660+0200: 125.961: [GC cleanup 1176M->22M(2048M), 0.0011417 secs]
 [Times: user=0.11 sys=0.00, real=0.00 secs] 
2020-09-29T11:58:19.661+0200: 125.962: [GC concurrent-cleanup-start]
2020-09-29T11:58:19.663+0200: 125.963: [GC concurrent-cleanup-end, 0.0014366 secs]
2020-09-29T11:58:19.824+0200: 126.124: [GC pause (G1 Evacuation Pause) (young), 0.1618973 secs]
   [Parallel Time: 160.6 ms, GC Workers: 8]
      [GC Worker Start (ms): Min: 126124.1, Avg: 126124.2, Max: 126124.3, Diff: 0.2]
      [Ext Root Scanning (ms): Min: 0.0, Avg: 0.1, Max: 0.2, Diff: 0.2, Sum: 0.4]
      [Update RS (ms): Min: 21.8, Avg: 22.0, Max: 22.3, Diff: 0.6, Sum: 175.9]
         [Processed Buffers: Min: 25, Avg: 27.5, Max: 30, Diff: 5, Sum: 220]
      [Scan RS (ms): Min: 11.2, Avg: 11.6, Max: 11.8, Diff: 0.5, Sum: 92.5]
      [Code Root Scanning (ms): Min: 0.0, Avg: 0.0, Max: 0.0, Diff: 0.0, Sum: 0.0]
      [Object Copy (ms): Min: 126.5, Avg: 126.6, Max: 126.6, Diff: 0.1, Sum: 1012.6]
      [Termination (ms): Min: 0.0, Avg: 0.0, Max: 0.0, Diff: 0.0, Sum: 0.1]
         [Termination Attempts: Min: 1, Avg: 134.8, Max: 171, Diff: 170, Sum: 1078]
      [GC Worker Other (ms): Min: 0.0, Avg: 0.0, Max: 0.1, Diff: 0.1, Sum: 0.3]
      [GC Worker Total (ms): Min: 160.2, Avg: 160.2, Max: 160.4, Diff: 0.2, Sum: 1281.9]
      [GC Worker End (ms): Min: 126284.4, Avg: 126284.4, Max: 126284.5, Diff: 0.1]
   [Code Root Fixup: 0.0 ms]
   [Code Root Purge: 0.0 ms]
   [Clear CT: 0.2 ms]
   [Other: 1.1 ms]
      [Choose CSet: 0.0 ms]
      [Ref Proc: 0.2 ms]
      [Ref Enq: 0.0 ms]
      [Redirty Cards: 0.4 ms]
      [Humongous Register: 0.0 ms]
      [Humongous Reclaim: 0.0 ms]
      [Free CSet: 0.2 ms]
   [Eden: 333.0M(333.0M)->0.0B(334.0M) Survivors: 5120.0K->43.0M Heap: 403.7M(2048.0M)->401.2M(2048.0M)]
 [Times: user=1.24 sys=0.01, real=0.16 secs] 
2020-09-29T11:58:20.143+0200: 126.444: [GC pause (G1 Evacuation Pause) (young), 0.1780907 secs]
   [Parallel Time: 176.7 ms, GC Workers: 8]
      [GC Worker Start (ms): Min: 126443.9, Avg: 126444.0, Max: 126444.1, Diff: 0.2]
      [Ext Root Scanning (ms): Min: 0.0, Avg: 0.1, Max: 0.1, Diff: 0.1, Sum: 0.5]
      [Update RS (ms): Min: 17.9, Avg: 17.9, Max: 18.0, Diff: 0.2, Sum: 143.6]
         [Processed Buffers: Min: 20, Avg: 22.1, Max: 25, Diff: 5, Sum: 177]
      [Scan RS (ms): Min: 17.7, Avg: 17.8, Max: 17.9, Diff: 0.2, Sum: 142.3]
      [Code Root Scanning (ms): Min: 0.0, Avg: 0.0, Max: 0.0, Diff: 0.0, Sum: 0.0]
      [Object Copy (ms): Min: 140.6, Avg: 140.6, Max: 140.6, Diff: 0.1, Sum: 1124.8]
      [Termination (ms): Min: 0.0, Avg: 0.0, Max: 0.0, Diff: 0.0, Sum: 0.1]
         [Termination Attempts: Min: 1, Avg: 59.4, Max: 78, Diff: 77, Sum: 475]
      [GC Worker Other (ms): Min: 0.0, Avg: 0.0, Max: 0.1, Diff: 0.1, Sum: 0.4]
      [GC Worker Total (ms): Min: 176.4, Avg: 176.5, Max: 176.5, Diff: 0.2, Sum: 1411.6]
      [GC Worker End (ms): Min: 126620.4, Avg: 126620.5, Max: 126620.5, Diff: 0.1]
   [Code Root Fixup: 0.0 ms]
   [Code Root Purge: 0.0 ms]
   [Clear CT: 0.2 ms]
   [Other: 1.2 ms]
      [Choose CSet: 0.0 ms]
      [Ref Proc: 0.2 ms]
      [Ref Enq: 0.0 ms]
      [Redirty Cards: 0.5 ms]
      [Humongous Register: 0.0 ms]
      [Humongous Reclaim: 0.0 ms]
      [Free CSet: 0.3 ms]
   [Eden: 334.0M(334.0M)->0.0B(325.0M) Survivors: 43.0M->48.0M Heap: 790.5M(2048.0M)->792.5M(2048.0M)]
 [Times: user=1.50 sys=0.00, real=0.19 secs] 
2020-09-29T11:58:20.496+0200: 126.796: [GC pause (G1 Evacuation Pause) (young), 0.1831460 secs]
   [Parallel Time: 182.1 ms, GC Workers: 8]
      [GC Worker Start (ms): Min: 126796.3, Avg: 126796.4, Max: 126796.5, Diff: 0.1]
      [Ext Root Scanning (ms): Min: 0.0, Avg: 0.1, Max: 0.2, Diff: 0.1, Sum: 0.6]
      [Update RS (ms): Min: 18.0, Avg: 18.1, Max: 18.3, Diff: 0.3, Sum: 145.2]
         [Processed Buffers: Min: 20, Avg: 21.8, Max: 23, Diff: 3, Sum: 174]
      [Scan RS (ms): Min: 17.7, Avg: 17.9, Max: 18.1, Diff: 0.4, Sum: 143.0]
      [Code Root Scanning (ms): Min: 0.0, Avg: 0.0, Max: 0.0, Diff: 0.0, Sum: 0.0]
      [Object Copy (ms): Min: 145.6, Avg: 145.7, Max: 145.8, Diff: 0.3, Sum: 1165.9]
      [Termination (ms): Min: 0.0, Avg: 0.0, Max: 0.0, Diff: 0.0, Sum: 0.1]
         [Termination Attempts: Min: 1, Avg: 76.5, Max: 116, Diff: 115, Sum: 612]
      [GC Worker Other (ms): Min: 0.0, Avg: 0.0, Max: 0.1, Diff: 0.1, Sum: 0.3]
      [GC Worker Total (ms): Min: 181.8, Avg: 181.9, Max: 182.0, Diff: 0.2, Sum: 1455.1]
      [GC Worker End (ms): Min: 126978.3, Avg: 126978.3, Max: 126978.3, Diff: 0.1]
   [Code Root Fixup: 0.0 ms]
   [Code Root Purge: 0.0 ms]
   [Clear CT: 0.2 ms]
   [Other: 0.9 ms]
      [Choose CSet: 0.0 ms]
      [Ref Proc: 0.1 ms]
      [Ref Enq: 0.0 ms]
      [Redirty Cards: 0.2 ms]
      [Humongous Register: 0.1 ms]
      [Humongous Reclaim: 0.0 ms]
      [Free CSet: 0.3 ms]
   [Eden: 325.0M(325.0M)->0.0B(318.0M) Survivors: 48.0M->47.0M Heap: 1170.9M(2048.0M)->1172.9M(2048.0M)]
 [Times: user=1.47 sys=0.02, real=0.18 secs] 
2020-09-29T11:58:20.688+0200: 126.988: [GC pause (G1 Humongous Allocation) (young) (initial-mark), 0.0608384 secs]
   [Parallel Time: 58.8 ms, GC Workers: 8]
      [GC Worker Start (ms): Min: 126988.4, Avg: 126988.4, Max: 126988.5, Diff: 0.1]
      [Ext Root Scanning (ms): Min: 0.0, Avg: 0.1, Max: 0.1, Diff: 0.1, Sum: 0.6]
      [Update RS (ms): Min: 36.3, Avg: 36.6, Max: 37.0, Diff: 0.7, Sum: 293.1]
         [Processed Buffers: Min: 43, Avg: 48.0, Max: 51, Diff: 8, Sum: 384]
      [Scan RS (ms): Min: 2.5, Avg: 2.8, Max: 3.1, Diff: 0.6, Sum: 22.3]
      [Code Root Scanning (ms): Min: 0.0, Avg: 0.0, Max: 0.0, Diff: 0.0, Sum: 0.0]
      [Object Copy (ms): Min: 18.9, Avg: 18.9, Max: 19.0, Diff: 0.1, Sum: 151.5]
      [Termination (ms): Min: 0.0, Avg: 0.0, Max: 0.0, Diff: 0.0, Sum: 0.1]
         [Termination Attempts: Min: 1, Avg: 74.3, Max: 93, Diff: 92, Sum: 594]
      [GC Worker Other (ms): Min: 0.0, Avg: 0.0, Max: 0.1, Diff: 0.0, Sum: 0.2]
      [GC Worker Total (ms): Min: 58.4, Avg: 58.5, Max: 58.6, Diff: 0.1, Sum: 467.8]
      [GC Worker End (ms): Min: 127046.9, Avg: 127046.9, Max: 127047.0, Diff: 0.0]
   [Code Root Fixup: 0.0 ms]
   [Code Root Purge: 0.0 ms]
   [Clear CT: 0.4 ms]
   [Other: 1.7 ms]
      [Choose CSet: 0.0 ms]
      [Ref Proc: 0.2 ms]
      [Ref Enq: 0.0 ms]
      [Redirty Cards: 1.2 ms]
      [Humongous Register: 0.0 ms]
      [Humongous Reclaim: 0.0 ms]
      [Free CSet: 0.1 ms]
   [Eden: 4096.0K(318.0M)->0.0B(327.0M) Survivors: 47.0M->6144.0K Heap: 1176.9M(2048.0M)->1180.4M(2048.0M)]
 [Times: user=0.50 sys=0.00, real=0.06 secs] 
2020-09-29T11:58:20.749+0200: 127.049: [GC concurrent-root-region-scan-start]
2020-09-29T11:58:20.751+0200: 127.052: [GC concurrent-root-region-scan-end, 0.0021615 secs]
2020-09-29T11:58:20.751+0200: 127.052: [GC concurrent-mark-start]
2020-09-29T11:58:20.754+0200: 127.054: [GC concurrent-mark-end, 0.0027148 secs]
2020-09-29T11:58:20.754+0200: 127.054: [GC remark 2020-09-29T11:58:20.754+0200: 127.054: [Finalize Marking, 0.0002015 secs] 2020-09-29T11:58:20.754+0200: 127.055: [GC ref-proc, 0.0003037 secs] 2020-09-29T11:58:20.755+0200: 127.055: [Unloading, 0.0004223 secs], 0.0012607 secs]
 [Times: user=0.02 sys=0.00, real=0.00 secs] 
2020-09-29T11:58:20.756+0200: 127.056: [GC cleanup 1192M->26M(2048M), 0.0011722 secs]
 [Times: user=0.00 sys=0.00, real=0.00 secs] 
2020-09-29T11:58:20.757+0200: 127.057: [GC concurrent-cleanup-start]
2020-09-29T11:58:20.759+0200: 127.059: [GC concurrent-cleanup-end, 0.0017637 secs]
2020-09-29T11:58:20.912+0200: 127.213: [GC pause (G1 Evacuation Pause) (young), 0.1559603 secs]
   [Parallel Time: 154.9 ms, GC Workers: 8]
      [GC Worker Start (ms): Min: 127212.8, Avg: 127212.8, Max: 127212.9, Diff: 0.1]
      [Ext Root Scanning (ms): Min: 0.0, Avg: 0.1, Max: 0.2, Diff: 0.2, Sum: 0.8]
      [Update RS (ms): Min: 18.1, Avg: 18.3, Max: 18.6, Diff: 0.5, Sum: 146.3]
         [Processed Buffers: Min: 21, Avg: 22.4, Max: 23, Diff: 2, Sum: 179]
      [Scan RS (ms): Min: 12.4, Avg: 12.7, Max: 12.9, Diff: 0.4, Sum: 101.8]
      [Code Root Scanning (ms): Min: 0.0, Avg: 0.0, Max: 0.0, Diff: 0.0, Sum: 0.0]
      [Object Copy (ms): Min: 123.5, Avg: 123.6, Max: 123.6, Diff: 0.1, Sum: 988.4]
      [Termination (ms): Min: 0.0, Avg: 0.0, Max: 0.0, Diff: 0.0, Sum: 0.0]
         [Termination Attempts: Min: 1, Avg: 31.5, Max: 45, Diff: 44, Sum: 252]
      [GC Worker Other (ms): Min: 0.0, Avg: 0.0, Max: 0.1, Diff: 0.1, Sum: 0.3]
      [GC Worker Total (ms): Min: 154.6, Avg: 154.7, Max: 154.8, Diff: 0.1, Sum: 1237.6]
      [GC Worker End (ms): Min: 127367.5, Avg: 127367.5, Max: 127367.6, Diff: 0.1]
   [Code Root Fixup: 0.0 ms]
   [Code Root Purge: 0.0 ms]
   [Clear CT: 0.2 ms]
   [Other: 0.9 ms]
      [Choose CSet: 0.0 ms]
      [Ref Proc: 0.2 ms]
      [Ref Enq: 0.0 ms]
      [Redirty Cards: 0.3 ms]
      [Humongous Register: 0.1 ms]
      [Humongous Reclaim: 0.0 ms]
      [Free CSet: 0.2 ms]
   [Eden: 327.0M(327.0M)->0.0B(341.0M) Survivors: 6144.0K->42.0M Heap: 397.3M(2048.0M)->393.8M(2048.0M)]
 [Times: user=1.25 sys=0.00, real=0.16 secs] 
2020-09-29T11:58:21.234+0200: 127.535: [GC pause (G1 Evacuation Pause) (young), 0.1870284 secs]
   [Parallel Time: 185.8 ms, GC Workers: 8]
      [GC Worker Start (ms): Min: 127534.6, Avg: 127534.7, Max: 127534.8, Diff: 0.1]
      [Ext Root Scanning (ms): Min: 0.0, Avg: 0.1, Max: 0.1, Diff: 0.1, Sum: 0.5]
      [Update RS (ms): Min: 17.6, Avg: 17.8, Max: 18.4, Diff: 0.8, Sum: 142.5]
         [Processed Buffers: Min: 21, Avg: 21.9, Max: 24, Diff: 3, Sum: 175]
      [Scan RS (ms): Min: 18.2, Avg: 18.8, Max: 19.2, Diff: 1.0, Sum: 150.5]
      [Code Root Scanning (ms): Min: 0.0, Avg: 0.0, Max: 0.0, Diff: 0.0, Sum: 0.0]
      [Object Copy (ms): Min: 148.7, Avg: 148.9, Max: 149.0, Diff: 0.3, Sum: 1190.8]
      [Termination (ms): Min: 0.0, Avg: 0.1, Max: 0.2, Diff: 0.2, Sum: 1.0]
         [Termination Attempts: Min: 1, Avg: 759.8, Max: 963, Diff: 962, Sum: 6078]
      [GC Worker Other (ms): Min: 0.0, Avg: 0.0, Max: 0.1, Diff: 0.0, Sum: 0.2]
      [GC Worker Total (ms): Min: 185.6, Avg: 185.7, Max: 185.8, Diff: 0.1, Sum: 1485.6]
      [GC Worker End (ms): Min: 127720.4, Avg: 127720.4, Max: 127720.4, Diff: 0.0]
   [Code Root Fixup: 0.0 ms]
   [Code Root Purge: 0.0 ms]
   [Clear CT: 0.2 ms]
   [Other: 1.0 ms]
      [Choose CSet: 0.0 ms]
      [Ref Proc: 0.2 ms]
      [Ref Enq: 0.0 ms]
      [Redirty Cards: 0.3 ms]
      [Humongous Register: 0.0 ms]
      [Humongous Reclaim: 0.0 ms]
      [Free CSet: 0.3 ms]
   [Eden: 341.0M(341.0M)->0.0B(322.0M) Survivors: 42.0M->48.0M Heap: 792.0M(2048.0M)->794.5M(2048.0M)]
 [Times: user=1.44 sys=0.03, real=0.19 secs] 
2020-09-29T11:58:21.592+0200: 127.892: [GC pause (G1 Evacuation Pause) (young), 0.2059320 secs]
   [Parallel Time: 204.5 ms, GC Workers: 8]
      [GC Worker Start (ms): Min: 127892.2, Avg: 127892.3, Max: 127892.4, Diff: 0.2]
      [Ext Root Scanning (ms): Min: 0.0, Avg: 0.1, Max: 0.2, Diff: 0.2, Sum: 0.5]
      [Update RS (ms): Min: 31.2, Avg: 31.4, Max: 32.0, Diff: 0.8, Sum: 250.9]
         [Processed Buffers: Min: 28, Avg: 30.6, Max: 34, Diff: 6, Sum: 245]
      [Scan RS (ms): Min: 16.4, Avg: 17.0, Max: 17.2, Diff: 0.8, Sum: 136.3]
      [Code Root Scanning (ms): Min: 0.0, Avg: 0.0, Max: 0.0, Diff: 0.0, Sum: 0.0]
      [Object Copy (ms): Min: 155.6, Avg: 155.6, Max: 155.7, Diff: 0.1, Sum: 1245.2]
      [Termination (ms): Min: 0.0, Avg: 0.0, Max: 0.1, Diff: 0.1, Sum: 0.4]
         [Termination Attempts: Min: 1, Avg: 323.6, Max: 412, Diff: 411, Sum: 2589]
      [GC Worker Other (ms): Min: 0.0, Avg: 0.1, Max: 0.1, Diff: 0.1, Sum: 0.5]
      [GC Worker Total (ms): Min: 204.2, Avg: 204.2, Max: 204.3, Diff: 0.1, Sum: 1633.8]
      [GC Worker End (ms): Min: 128096.5, Avg: 128096.6, Max: 128096.6, Diff: 0.1]
   [Code Root Fixup: 0.0 ms]
   [Code Root Purge: 0.0 ms]
   [Clear CT: 0.4 ms]
   [Other: 1.1 ms]
      [Choose CSet: 0.0 ms]
      [Ref Proc: 0.2 ms]
      [Ref Enq: 0.0 ms]
      [Redirty Cards: 0.4 ms]
      [Humongous Register: 0.0 ms]
      [Humongous Reclaim: 0.0 ms]
      [Free CSet: 0.3 ms]
   [Eden: 322.0M(322.0M)->0.0B(290.0M) Survivors: 48.0M->47.0M Heap: 1169.9M(2048.0M)->1171.4M(2048.0M)]
 [Times: user=1.61 sys=0.00, real=0.21 secs] 
2020-09-29T11:58:21.817+0200: 128.117: [GC pause (G1 Humongous Allocation) (young) (initial-mark), 0.0576425 secs]
   [Parallel Time: 56.9 ms, GC Workers: 8]
      [GC Worker Start (ms): Min: 128117.4, Avg: 128117.5, Max: 128117.6, Diff: 0.2]
      [Ext Root Scanning (ms): Min: 0.0, Avg: 0.3, Max: 1.7, Diff: 1.7, Sum: 2.7]
      [Update RS (ms): Min: 31.0, Avg: 32.2, Max: 32.8, Diff: 1.8, Sum: 257.6]
         [Processed Buffers: Min: 38, Avg: 40.6, Max: 43, Diff: 5, Sum: 325]
      [Scan RS (ms): Min: 2.5, Avg: 3.0, Max: 3.2, Diff: 0.6, Sum: 23.9]
      [Code Root Scanning (ms): Min: 0.0, Avg: 0.0, Max: 0.0, Diff: 0.0, Sum: 0.0]
      [Object Copy (ms): Min: 21.1, Avg: 21.2, Max: 21.2, Diff: 0.1, Sum: 169.4]
      [Termination (ms): Min: 0.0, Avg: 0.0, Max: 0.0, Diff: 0.0, Sum: 0.2]
         [Termination Attempts: Min: 1, Avg: 136.3, Max: 171, Diff: 170, Sum: 1090]
      [GC Worker Other (ms): Min: 0.0, Avg: 0.0, Max: 0.0, Diff: 0.0, Sum: 0.1]
      [GC Worker Total (ms): Min: 56.6, Avg: 56.7, Max: 56.8, Diff: 0.2, Sum: 453.9]
      [GC Worker End (ms): Min: 128174.2, Avg: 128174.2, Max: 128174.2, Diff: 0.0]
   [Code Root Fixup: 0.0 ms]
   [Code Root Purge: 0.0 ms]
   [Clear CT: 0.1 ms]
   [Other: 0.6 ms]
      [Choose CSet: 0.0 ms]
      [Ref Proc: 0.2 ms]
      [Ref Enq: 0.0 ms]
      [Redirty Cards: 0.1 ms]
      [Humongous Register: 0.1 ms]
      [Humongous Reclaim: 0.0 ms]
      [Free CSet: 0.1 ms]
   [Eden: 6144.0K(290.0M)->0.0B(326.0M) Survivors: 47.0M->8192.0K Heap: 1177.4M(2048.0M)->1181.9M(2048.0M)]
 [Times: user=0.38 sys=0.00, real=0.06 secs] 
2020-09-29T11:58:21.874+0200: 128.175: [GC concurrent-root-region-scan-start]
2020-09-29T11:58:21.876+0200: 128.176: [GC concurrent-root-region-scan-end, 0.0011080 secs]
2020-09-29T11:58:21.876+0200: 128.176: [GC concurrent-mark-start]
2020-09-29T11:58:21.878+0200: 128.179: [GC concurrent-mark-end, 0.0024291 secs]
2020-09-29T11:58:21.878+0200: 128.179: [GC remark 2020-09-29T11:58:21.878+0200: 128.179: [Finalize Marking, 0.0001684 secs] 2020-09-29T11:58:21.878+0200: 128.179: [GC ref-proc, 0.0002623 secs] 2020-09-29T11:58:21.879+0200: 128.179: [Unloading, 0.0003814 secs], 0.0010641 secs]
 [Times: user=0.00 sys=0.00, real=0.00 secs] 
2020-09-29T11:58:21.880+0200: 128.180: [GC cleanup 1191M->26M(2048M), 0.0010491 secs]
 [Times: user=0.00 sys=0.00, real=0.00 secs] 
2020-09-29T11:58:21.881+0200: 128.181: [GC concurrent-cleanup-start]
2020-09-29T11:58:21.882+0200: 128.183: [GC concurrent-cleanup-end, 0.0014087 secs]
2020-09-29T11:58:22.038+0200: 128.339: [GC pause (G1 Evacuation Pause) (young), 0.1784418 secs]
   [Parallel Time: 177.3 ms, GC Workers: 8]
      [GC Worker Start (ms): Min: 128339.0, Avg: 128341.9, Max: 128362.3, Diff: 23.3]
      [Ext Root Scanning (ms): Min: 0.0, Avg: 0.1, Max: 0.1, Diff: 0.1, Sum: 0.6]
      [Update RS (ms): Min: 2.7, Avg: 23.1, Max: 26.5, Diff: 23.8, Sum: 184.7]
         [Processed Buffers: Min: 4, Avg: 24.6, Max: 30, Diff: 26, Sum: 197]
      [Scan RS (ms): Min: 13.1, Avg: 13.7, Max: 13.9, Diff: 0.7, Sum: 109.4]
      [Code Root Scanning (ms): Min: 0.0, Avg: 0.0, Max: 0.0, Diff: 0.0, Sum: 0.0]
      [Object Copy (ms): Min: 137.3, Avg: 137.3, Max: 137.4, Diff: 0.1, Sum: 1098.7]
      [Termination (ms): Min: 0.0, Avg: 0.1, Max: 0.1, Diff: 0.1, Sum: 0.6]
         [Termination Attempts: Min: 1, Avg: 525.6, Max: 653, Diff: 652, Sum: 4205]
      [GC Worker Other (ms): Min: 0.0, Avg: 0.0, Max: 0.1, Diff: 0.0, Sum: 0.2]
      [GC Worker Total (ms): Min: 153.9, Avg: 174.3, Max: 177.3, Diff: 23.3, Sum: 1394.2]
      [GC Worker End (ms): Min: 128516.2, Avg: 128516.2, Max: 128516.2, Diff: 0.0]
   [Code Root Fixup: 0.0 ms]
   [Code Root Purge: 0.0 ms]
   [Clear CT: 0.2 ms]
   [Other: 0.9 ms]
      [Choose CSet: 0.0 ms]
      [Ref Proc: 0.1 ms]
      [Ref Enq: 0.0 ms]
      [Redirty Cards: 0.2 ms]
      [Humongous Register: 0.0 ms]
      [Humongous Reclaim: 0.0 ms]
      [Free CSet: 0.3 ms]
   [Eden: 326.0M(326.0M)->0.0B(306.0M) Survivors: 8192.0K->42.0M Heap: 398.3M(2048.0M)->391.8M(2048.0M)]
 [Times: user=1.36 sys=0.00, real=0.18 secs] 
2020-09-29T11:58:22.418+0200: 128.719: [GC pause (G1 Evacuation Pause) (young), 0.2786506 secs]
   [Parallel Time: 277.0 ms, GC Workers: 8]
      [GC Worker Start (ms): Min: 128718.7, Avg: 128718.9, Max: 128719.0, Diff: 0.2]
      [Ext Root Scanning (ms): Min: 0.0, Avg: 0.1, Max: 0.2, Diff: 0.2, Sum: 0.7]
      [Update RS (ms): Min: 20.8, Avg: 20.9, Max: 21.2, Diff: 0.4, Sum: 167.5]
         [Processed Buffers: Min: 16, Avg: 17.3, Max: 19, Diff: 3, Sum: 138]
      [Scan RS (ms): Min: 28.2, Avg: 28.6, Max: 29.2, Diff: 1.1, Sum: 228.5]
      [Code Root Scanning (ms): Min: 0.0, Avg: 0.0, Max: 0.0, Diff: 0.0, Sum: 0.0]
      [Object Copy (ms): Min: 226.2, Avg: 226.6, Max: 226.7, Diff: 0.6, Sum: 1812.7]
      [Termination (ms): Min: 0.0, Avg: 0.4, Max: 0.6, Diff: 0.6, Sum: 3.6]
         [Termination Attempts: Min: 1, Avg: 2106.8, Max: 2733, Diff: 2732, Sum: 16854]
      [GC Worker Other (ms): Min: 0.0, Avg: 0.0, Max: 0.1, Diff: 0.1, Sum: 0.4]
      [GC Worker Total (ms): Min: 276.6, Avg: 276.7, Max: 276.8, Diff: 0.3, Sum: 2213.4]
      [GC Worker End (ms): Min: 128995.5, Avg: 128995.5, Max: 128995.6, Diff: 0.1]
   [Code Root Fixup: 0.0 ms]
   [Code Root Purge: 0.0 ms]
   [Clear CT: 0.3 ms]
   [Other: 1.4 ms]
      [Choose CSet: 0.0 ms]
      [Ref Proc: 0.2 ms]
      [Ref Enq: 0.0 ms]
      [Redirty Cards: 0.5 ms]
      [Humongous Register: 0.0 ms]
      [Humongous Reclaim: 0.0 ms]
      [Free CSet: 0.4 ms]
   [Eden: 306.0M(306.0M)->0.0B(201.0M) Survivors: 42.0M->44.0M Heap: 749.3M(2048.0M)->751.8M(2048.0M)]
 [Times: user=2.23 sys=0.02, real=0.28 secs] 
2020-09-29T11:58:22.866+0200: 129.166: [GC pause (G1 Evacuation Pause) (young), 0.1878943 secs]
   [Parallel Time: 186.1 ms, GC Workers: 8]
      [GC Worker Start (ms): Min: 129166.4, Avg: 129166.6, Max: 129166.7, Diff: 0.2]
      [Ext Root Scanning (ms): Min: 0.0, Avg: 0.1, Max: 0.2, Diff: 0.2, Sum: 0.6]
      [Update RS (ms): Min: 22.5, Avg: 22.9, Max: 23.3, Diff: 0.8, Sum: 183.5]
         [Processed Buffers: Min: 16, Avg: 18.1, Max: 20, Diff: 4, Sum: 145]
      [Scan RS (ms): Min: 13.4, Avg: 13.7, Max: 14.1, Diff: 0.8, Sum: 110.0]
      [Code Root Scanning (ms): Min: 0.0, Avg: 0.0, Max: 0.0, Diff: 0.0, Sum: 0.0]
      [Object Copy (ms): Min: 148.9, Avg: 149.0, Max: 149.1, Diff: 0.2, Sum: 1192.3]
      [Termination (ms): Min: 0.0, Avg: 0.0, Max: 0.0, Diff: 0.0, Sum: 0.3]
         [Termination Attempts: Min: 1, Avg: 143.8, Max: 198, Diff: 197, Sum: 1150]
      [GC Worker Other (ms): Min: 0.0, Avg: 0.0, Max: 0.1, Diff: 0.1, Sum: 0.4]
      [GC Worker Total (ms): Min: 185.8, Avg: 185.9, Max: 186.0, Diff: 0.2, Sum: 1487.0]
      [GC Worker End (ms): Min: 129352.4, Avg: 129352.4, Max: 129352.5, Diff: 0.1]
   [Code Root Fixup: 0.0 ms]
   [Code Root Purge: 0.0 ms]
   [Clear CT: 0.8 ms]
   [Other: 1.0 ms]
      [Choose CSet: 0.0 ms]
      [Ref Proc: 0.2 ms]
      [Ref Enq: 0.0 ms]
      [Redirty Cards: 0.4 ms]
      [Humongous Register: 0.1 ms]
      [Humongous Reclaim: 0.0 ms]
      [Free CSet: 0.2 ms]
   [Eden: 201.0M(201.0M)->0.0B(198.0M) Survivors: 44.0M->31.0M Heap: 985.2M(2048.0M)->987.2M(2048.0M)]
 [Times: user=1.50 sys=0.00, real=0.19 secs] 
2020-09-29T11:58:23.063+0200: 129.363: [GC pause (G1 Humongous Allocation) (young) (initial-mark), 0.0607401 secs]
   [Parallel Time: 59.7 ms, GC Workers: 8]
      [GC Worker Start (ms): Min: 129363.5, Avg: 129363.5, Max: 129363.6, Diff: 0.1]
      [Ext Root Scanning (ms): Min: 0.0, Avg: 0.1, Max: 0.2, Diff: 0.1, Sum: 0.8]
      [Update RS (ms): Min: 35.1, Avg: 35.3, Max: 35.5, Diff: 0.3, Sum: 282.6]
         [Processed Buffers: Min: 28, Avg: 31.3, Max: 33, Diff: 5, Sum: 250]
      [Scan RS (ms): Min: 2.7, Avg: 2.9, Max: 3.2, Diff: 0.5, Sum: 23.2]
      [Code Root Scanning (ms): Min: 0.0, Avg: 0.0, Max: 0.0, Diff: 0.0, Sum: 0.0]
      [Object Copy (ms): Min: 21.0, Avg: 21.1, Max: 21.1, Diff: 0.2, Sum: 168.5]
      [Termination (ms): Min: 0.0, Avg: 0.0, Max: 0.0, Diff: 0.0, Sum: 0.1]
         [Termination Attempts: Min: 1, Avg: 55.9, Max: 76, Diff: 75, Sum: 447]
      [GC Worker Other (ms): Min: 0.0, Avg: 0.0, Max: 0.1, Diff: 0.0, Sum: 0.2]
      [GC Worker Total (ms): Min: 59.3, Avg: 59.4, Max: 59.5, Diff: 0.2, Sum: 475.5]
      [GC Worker End (ms): Min: 129423.0, Avg: 129423.0, Max: 129423.0, Diff: 0.0]
   [Code Root Fixup: 0.0 ms]
   [Code Root Purge: 0.0 ms]
   [Clear CT: 0.2 ms]
   [Other: 0.8 ms]
      [Choose CSet: 0.0 ms]
      [Ref Proc: 0.3 ms]
      [Ref Enq: 0.0 ms]
      [Redirty Cards: 0.2 ms]
      [Humongous Register: 0.0 ms]
      [Humongous Reclaim: 0.0 ms]
      [Free CSet: 0.1 ms]
   [Eden: 3072.0K(198.0M)->0.0B(228.0M) Survivors: 31.0M->5120.0K Heap: 989.7M(2048.0M)->994.2M(2048.0M)]
 [Times: user=0.50 sys=0.00, real=0.06 secs] 
2020-09-29T11:58:23.124+0200: 129.424: [GC concurrent-root-region-scan-start]
2020-09-29T11:58:23.125+0200: 129.425: [GC concurrent-root-region-scan-end, 0.0009915 secs]
2020-09-29T11:58:23.125+0200: 129.425: [GC concurrent-mark-start]
2020-09-29T11:58:23.129+0200: 129.430: [GC concurrent-mark-end, 0.0047346 secs]
2020-09-29T11:58:23.130+0200: 129.430: [GC remark 2020-09-29T11:58:23.130+0200: 129.430: [Finalize Marking, 0.0003413 secs] 2020-09-29T11:58:23.130+0200: 129.431: [GC ref-proc, 0.0003990 secs] 2020-09-29T11:58:23.130+0200: 129.431: [Unloading, 0.0005978 secs], 0.0016745 secs]
 [Times: user=0.00 sys=0.00, real=0.00 secs] 
2020-09-29T11:58:23.132+0200: 129.432: [GC cleanup 1004M->23M(2048M), 0.0015342 secs]
 [Times: user=0.00 sys=0.00, real=0.00 secs] 
2020-09-29T11:58:23.133+0200: 129.434: [GC concurrent-cleanup-start]
2020-09-29T11:58:23.135+0200: 129.435: [GC concurrent-cleanup-end, 0.0014098 secs]
2020-09-29T11:58:23.293+0200: 129.594: [GC pause (G1 Evacuation Pause) (young), 0.1740264 secs]
   [Parallel Time: 172.5 ms, GC Workers: 8]
      [GC Worker Start (ms): Min: 129594.0, Avg: 129594.1, Max: 129594.2, Diff: 0.2]
      [Ext Root Scanning (ms): Min: 0.0, Avg: 0.1, Max: 0.2, Diff: 0.2, Sum: 0.8]
      [Update RS (ms): Min: 16.6, Avg: 16.8, Max: 17.1, Diff: 0.5, Sum: 134.7]
         [Processed Buffers: Min: 8, Avg: 12.4, Max: 15, Diff: 7, Sum: 99]
      [Scan RS (ms): Min: 15.3, Avg: 15.6, Max: 15.9, Diff: 0.5, Sum: 125.1]
      [Code Root Scanning (ms): Min: 0.0, Avg: 0.0, Max: 0.0, Diff: 0.0, Sum: 0.0]
      [Object Copy (ms): Min: 139.4, Avg: 139.4, Max: 139.5, Diff: 0.2, Sum: 1115.4]
      [Termination (ms): Min: 0.0, Avg: 0.0, Max: 0.1, Diff: 0.1, Sum: 0.3]
         [Termination Attempts: Min: 1, Avg: 148.0, Max: 197, Diff: 196, Sum: 1184]
      [GC Worker Other (ms): Min: 0.0, Avg: 0.1, Max: 0.1, Diff: 0.1, Sum: 0.5]
      [GC Worker Total (ms): Min: 172.0, Avg: 172.1, Max: 172.2, Diff: 0.2, Sum: 1376.7]
      [GC Worker End (ms): Min: 129766.1, Avg: 129766.2, Max: 129766.2, Diff: 0.1]
   [Code Root Fixup: 0.0 ms]
   [Code Root Purge: 0.0 ms]
   [Clear CT: 0.3 ms]
   [Other: 1.2 ms]
      [Choose CSet: 0.0 ms]
      [Ref Proc: 0.3 ms]
      [Ref Enq: 0.0 ms]
      [Redirty Cards: 0.4 ms]
      [Humongous Register: 0.0 ms]
      [Humongous Reclaim: 0.0 ms]
      [Free CSet: 0.2 ms]
   [Eden: 228.0M(228.0M)->0.0B(200.0M) Survivors: 5120.0K->30.0M Heap: 279.6M(2048.0M)->276.6M(2048.0M)]
 [Times: user=1.38 sys=0.00, real=0.17 secs] 
2020-09-29T11:58:23.614+0200: 129.915: [GC pause (G1 Evacuation Pause) (young), 0.1693777 secs]
   [Parallel Time: 167.9 ms, GC Workers: 8]
      [GC Worker Start (ms): Min: 129915.0, Avg: 129915.1, Max: 129915.2, Diff: 0.2]
      [Ext Root Scanning (ms): Min: 0.0, Avg: 0.1, Max: 0.2, Diff: 0.2, Sum: 0.7]
      [Update RS (ms): Min: 15.9, Avg: 16.2, Max: 16.9, Diff: 1.0, Sum: 129.4]
         [Processed Buffers: Min: 13, Avg: 13.6, Max: 17, Diff: 4, Sum: 109]
      [Scan RS (ms): Min: 15.1, Avg: 15.8, Max: 16.1, Diff: 1.0, Sum: 126.3]
      [Code Root Scanning (ms): Min: 0.0, Avg: 0.0, Max: 0.0, Diff: 0.0, Sum: 0.0]
      [Object Copy (ms): Min: 135.3, Avg: 135.4, Max: 135.5, Diff: 0.2, Sum: 1083.2]
      [Termination (ms): Min: 0.0, Avg: 0.1, Max: 0.1, Diff: 0.1, Sum: 0.7]
         [Termination Attempts: Min: 1, Avg: 425.5, Max: 543, Diff: 542, Sum: 3404]
      [GC Worker Other (ms): Min: 0.0, Avg: 0.0, Max: 0.1, Diff: 0.1, Sum: 0.4]
      [GC Worker Total (ms): Min: 167.5, Avg: 167.6, Max: 167.7, Diff: 0.3, Sum: 1340.8]
      [GC Worker End (ms): Min: 130082.7, Avg: 130082.7, Max: 130082.8, Diff: 0.1]
   [Code Root Fixup: 0.0 ms]
   [Code Root Purge: 0.0 ms]
   [Clear CT: 0.3 ms]
   [Other: 1.3 ms]
      [Choose CSet: 0.0 ms]
      [Ref Proc: 0.3 ms]
      [Ref Enq: 0.0 ms]
      [Redirty Cards: 0.4 ms]
      [Humongous Register: 0.1 ms]
      [Humongous Reclaim: 0.0 ms]
      [Free CSet: 0.3 ms]
   [Eden: 200.0M(200.0M)->0.0B(201.0M) Survivors: 30.0M->29.0M Heap: 511.0M(2048.0M)->514.0M(2048.0M)]
 [Times: user=1.25 sys=0.00, real=0.17 secs] 
2020-09-29T11:58:23.936+0200: 130.237: [GC pause (G1 Evacuation Pause) (young), 0.1766356 secs]
   [Parallel Time: 175.4 ms, GC Workers: 8]
      [GC Worker Start (ms): Min: 130237.1, Avg: 130237.2, Max: 130237.2, Diff: 0.2]
      [Ext Root Scanning (ms): Min: 0.0, Avg: 0.1, Max: 0.2, Diff: 0.2, Sum: 0.8]
      [Update RS (ms): Min: 16.8, Avg: 17.2, Max: 17.7, Diff: 0.9, Sum: 137.4]
         [Processed Buffers: Min: 13, Avg: 13.6, Max: 14, Diff: 1, Sum: 109]
      [Scan RS (ms): Min: 14.8, Avg: 15.3, Max: 15.7, Diff: 0.9, Sum: 122.4]
      [Code Root Scanning (ms): Min: 0.0, Avg: 0.0, Max: 0.0, Diff: 0.0, Sum: 0.0]
      [Object Copy (ms): Min: 142.2, Avg: 142.3, Max: 142.5, Diff: 0.3, Sum: 1138.7]
      [Termination (ms): Min: 0.0, Avg: 0.1, Max: 0.1, Diff: 0.1, Sum: 0.8]
         [Termination Attempts: Min: 1, Avg: 474.4, Max: 600, Diff: 599, Sum: 3795]
      [GC Worker Other (ms): Min: 0.0, Avg: 0.0, Max: 0.1, Diff: 0.1, Sum: 0.3]
      [GC Worker Total (ms): Min: 175.0, Avg: 175.1, Max: 175.1, Diff: 0.1, Sum: 1400.5]
      [GC Worker End (ms): Min: 130412.2, Avg: 130412.2, Max: 130412.3, Diff: 0.1]
   [Code Root Fixup: 0.0 ms]
   [Code Root Purge: 0.0 ms]
   [Clear CT: 0.3 ms]
   [Other: 1.0 ms]
      [Choose CSet: 0.0 ms]
      [Ref Proc: 0.2 ms]
      [Ref Enq: 0.0 ms]
      [Redirty Cards: 0.3 ms]
      [Humongous Register: 0.1 ms]
      [Humongous Reclaim: 0.0 ms]
      [Free CSet: 0.2 ms]
   [Eden: 201.0M(201.0M)->0.0B(199.0M) Survivors: 29.0M->29.0M Heap: 747.4M(2048.0M)->749.4M(2048.0M)]
 [Times: user=1.38 sys=0.00, real=0.18 secs] 
2020-09-29T11:58:24.258+0200: 130.559: [GC pause (G1 Evacuation Pause) (young), 0.1863622 secs]
   [Parallel Time: 185.0 ms, GC Workers: 8]
      [GC Worker Start (ms): Min: 130558.9, Avg: 130559.0, Max: 130559.1, Diff: 0.2]
      [Ext Root Scanning (ms): Min: 0.0, Avg: 0.1, Max: 0.2, Diff: 0.2, Sum: 0.7]
      [Update RS (ms): Min: 24.7, Avg: 24.8, Max: 25.1, Diff: 0.4, Sum: 198.3]
         [Processed Buffers: Min: 18, Avg: 20.3, Max: 22, Diff: 4, Sum: 162]
      [Scan RS (ms): Min: 11.3, Avg: 11.7, Max: 11.8, Diff: 0.5, Sum: 93.2]
      [Code Root Scanning (ms): Min: 0.0, Avg: 0.0, Max: 0.0, Diff: 0.0, Sum: 0.0]
      [Object Copy (ms): Min: 147.8, Avg: 147.9, Max: 148.1, Diff: 0.3, Sum: 1183.1]
      [Termination (ms): Min: 0.0, Avg: 0.3, Max: 0.3, Diff: 0.3, Sum: 2.1]
         [Termination Attempts: Min: 1, Avg: 1231.3, Max: 1511, Diff: 1510, Sum: 9850]
      [GC Worker Other (ms): Min: 0.0, Avg: 0.0, Max: 0.1, Diff: 0.1, Sum: 0.3]
      [GC Worker Total (ms): Min: 184.6, Avg: 184.7, Max: 184.8, Diff: 0.2, Sum: 1477.7]
      [GC Worker End (ms): Min: 130743.7, Avg: 130743.7, Max: 130743.7, Diff: 0.1]
   [Code Root Fixup: 0.0 ms]
   [Code Root Purge: 0.0 ms]
   [Clear CT: 0.3 ms]
   [Other: 1.0 ms]
      [Choose CSet: 0.0 ms]
      [Ref Proc: 0.2 ms]
      [Ref Enq: 0.0 ms]
      [Redirty Cards: 0.3 ms]
      [Humongous Register: 0.1 ms]
      [Humongous Reclaim: 0.0 ms]
      [Free CSet: 0.3 ms]
   [Eden: 199.0M(199.0M)->0.0B(194.0M) Survivors: 29.0M->29.0M Heap: 982.7M(2048.0M)->984.7M(2048.0M)]
 [Times: user=1.47 sys=0.00, real=0.19 secs] 
2020-09-29T11:58:24.458+0200: 130.759: [GC pause (G1 Humongous Allocation) (young) (initial-mark), 0.0702647 secs]
   [Parallel Time: 69.1 ms, GC Workers: 8]
      [GC Worker Start (ms): Min: 130758.8, Avg: 130758.9, Max: 130759.1, Diff: 0.3]
      [Ext Root Scanning (ms): Min: 0.0, Avg: 1.5, Max: 6.3, Diff: 6.3, Sum: 12.2]
      [Update RS (ms): Min: 35.5, Avg: 40.6, Max: 42.7, Diff: 7.2, Sum: 324.8]
         [Processed Buffers: Min: 31, Avg: 34.9, Max: 38, Diff: 7, Sum: 279]
      [Scan RS (ms): Min: 0.7, Avg: 1.4, Max: 1.7, Diff: 1.0, Sum: 11.2]
      [Code Root Scanning (ms): Min: 0.0, Avg: 0.0, Max: 0.0, Diff: 0.0, Sum: 0.0]
      [Object Copy (ms): Min: 25.3, Avg: 25.4, Max: 25.4, Diff: 0.1, Sum: 203.0]
      [Termination (ms): Min: 0.0, Avg: 0.0, Max: 0.0, Diff: 0.0, Sum: 0.2]
         [Termination Attempts: Min: 1, Avg: 84.5, Max: 115, Diff: 114, Sum: 676]
      [GC Worker Other (ms): Min: 0.0, Avg: 0.0, Max: 0.0, Diff: 0.0, Sum: 0.2]
      [GC Worker Total (ms): Min: 68.8, Avg: 68.9, Max: 69.0, Diff: 0.3, Sum: 551.5]
      [GC Worker End (ms): Min: 130827.9, Avg: 130827.9, Max: 130827.9, Diff: 0.0]
   [Code Root Fixup: 0.0 ms]
   [Code Root Purge: 0.0 ms]
   [Clear CT: 0.3 ms]
   [Other: 0.8 ms]
      [Choose CSet: 0.0 ms]
      [Ref Proc: 0.2 ms]
      [Ref Enq: 0.0 ms]
      [Redirty Cards: 0.3 ms]
      [Humongous Register: 0.1 ms]
      [Humongous Reclaim: 0.0 ms]
      [Free CSet: 0.1 ms]
   [Eden: 8192.0K(194.0M)->0.0B(210.0M) Survivors: 29.0M->10.0M Heap: 992.2M(2048.0M)->996.7M(2048.0M)]
 [Times: user=0.50 sys=0.00, real=0.07 secs] 
2020-09-29T11:58:24.529+0200: 130.829: [GC concurrent-root-region-scan-start]
2020-09-29T11:58:24.531+0200: 130.831: [GC concurrent-root-region-scan-end, 0.0022184 secs]
2020-09-29T11:58:24.531+0200: 130.831: [GC concurrent-mark-start]
2020-09-29T11:58:24.534+0200: 130.834: [GC concurrent-mark-end, 0.0029668 secs]
2020-09-29T11:58:24.534+0200: 130.834: [GC remark 2020-09-29T11:58:24.534+0200: 130.834: [Finalize Marking, 0.0002768 secs] 2020-09-29T11:58:24.534+0200: 130.835: [GC ref-proc, 0.0004027 secs] 2020-09-29T11:58:24.535+0200: 130.835: [Unloading, 0.0005836 secs], 0.0015967 secs]
 [Times: user=0.00 sys=0.00, real=0.00 secs] 
2020-09-29T11:58:24.536+0200: 130.836: [GC cleanup 1006M->28M(2048M), 0.0013727 secs]
 [Times: user=0.00 sys=0.00, real=0.00 secs] 
2020-09-29T11:58:24.537+0200: 130.838: [GC concurrent-cleanup-start]
2020-09-29T11:58:24.539+0200: 130.839: [GC concurrent-cleanup-end, 0.0013983 secs]
2020-09-29T11:58:24.684+0200: 130.984: [GC pause (G1 Evacuation Pause) (young), 0.1590955 secs]
   [Parallel Time: 155.9 ms, GC Workers: 8]
      [GC Worker Start (ms): Min: 130984.4, Avg: 130984.5, Max: 130984.6, Diff: 0.2]
      [Ext Root Scanning (ms): Min: 0.0, Avg: 0.1, Max: 0.2, Diff: 0.2, Sum: 0.7]
      [Update RS (ms): Min: 16.8, Avg: 17.2, Max: 17.6, Diff: 0.7, Sum: 137.5]
         [Processed Buffers: Min: 14, Avg: 14.9, Max: 16, Diff: 2, Sum: 119]
      [Scan RS (ms): Min: 12.0, Avg: 12.5, Max: 12.8, Diff: 0.8, Sum: 99.7]
      [Code Root Scanning (ms): Min: 0.0, Avg: 0.0, Max: 0.0, Diff: 0.0, Sum: 0.0]
      [Object Copy (ms): Min: 125.6, Avg: 125.7, Max: 125.8, Diff: 0.2, Sum: 1005.5]
      [Termination (ms): Min: 0.0, Avg: 0.1, Max: 0.1, Diff: 0.1, Sum: 0.4]
         [Termination Attempts: Min: 1, Avg: 212.6, Max: 289, Diff: 288, Sum: 1701]
      [GC Worker Other (ms): Min: 0.0, Avg: 0.0, Max: 0.1, Diff: 0.1, Sum: 0.3]
      [GC Worker Total (ms): Min: 155.5, Avg: 155.5, Max: 155.6, Diff: 0.2, Sum: 1244.1]
      [GC Worker End (ms): Min: 131140.0, Avg: 131140.0, Max: 131140.1, Diff: 0.1]
   [Code Root Fixup: 0.0 ms]
   [Code Root Purge: 0.0 ms]
   [Clear CT: 0.6 ms]
   [Other: 2.6 ms]
      [Choose CSet: 0.0 ms]
      [Ref Proc: 0.4 ms]
      [Ref Enq: 0.0 ms]
      [Redirty Cards: 1.5 ms]
      [Humongous Register: 0.0 ms]
      [Humongous Reclaim: 0.0 ms]
      [Free CSet: 0.2 ms]
   [Eden: 210.0M(210.0M)->0.0B(203.0M) Survivors: 10.0M->28.0M Heap: 264.7M(2048.0M)->257.2M(2048.0M)]
 [Times: user=1.25 sys=0.00, real=0.16 secs] 
2020-09-29T11:58:24.994+0200: 131.294: [GC pause (G1 Evacuation Pause) (young), 0.1759234 secs]
   [Parallel Time: 174.5 ms, GC Workers: 8]
      [GC Worker Start (ms): Min: 131294.6, Avg: 131294.8, Max: 131294.8, Diff: 0.2]
      [Ext Root Scanning (ms): Min: 0.0, Avg: 0.1, Max: 0.2, Diff: 0.2, Sum: 0.7]
      [Update RS (ms): Min: 16.8, Avg: 16.9, Max: 17.3, Diff: 0.5, Sum: 135.4]
         [Processed Buffers: Min: 12, Avg: 14.6, Max: 17, Diff: 5, Sum: 117]
      [Scan RS (ms): Min: 15.6, Avg: 16.0, Max: 16.2, Diff: 0.6, Sum: 127.7]
      [Code Root Scanning (ms): Min: 0.0, Avg: 0.0, Max: 0.0, Diff: 0.0, Sum: 0.0]
      [Object Copy (ms): Min: 141.1, Avg: 141.2, Max: 141.3, Diff: 0.1, Sum: 1129.6]
      [Termination (ms): Min: 0.0, Avg: 0.0, Max: 0.0, Diff: 0.0, Sum: 0.2]
         [Termination Attempts: Min: 1, Avg: 83.5, Max: 113, Diff: 112, Sum: 668]
      [GC Worker Other (ms): Min: 0.0, Avg: 0.0, Max: 0.1, Diff: 0.1, Sum: 0.4]
      [GC Worker Total (ms): Min: 174.2, Avg: 174.2, Max: 174.3, Diff: 0.2, Sum: 1393.9]
      [GC Worker End (ms): Min: 131469.0, Avg: 131469.0, Max: 131469.0, Diff: 0.1]
   [Code Root Fixup: 0.0 ms]
   [Code Root Purge: 0.0 ms]
   [Clear CT: 0.3 ms]
   [Other: 1.1 ms]
      [Choose CSet: 0.0 ms]
      [Ref Proc: 0.2 ms]
      [Ref Enq: 0.0 ms]
      [Redirty Cards: 0.5 ms]
      [Humongous Register: 0.0 ms]
      [Humongous Reclaim: 0.0 ms]
      [Free CSet: 0.2 ms]
   [Eden: 203.0M(203.0M)->0.0B(201.0M) Survivors: 28.0M->29.0M Heap: 494.6M(2048.0M)->496.1M(2048.0M)]
 [Times: user=1.38 sys=0.00, real=0.18 secs] 
2020-09-29T11:58:25.319+0200: 131.619: [GC pause (G1 Evacuation Pause) (young), 0.1747182 secs]
   [Parallel Time: 173.4 ms, GC Workers: 8]
      [GC Worker Start (ms): Min: 131619.4, Avg: 131619.5, Max: 131619.6, Diff: 0.2]
      [Ext Root Scanning (ms): Min: 0.0, Avg: 0.1, Max: 0.2, Diff: 0.2, Sum: 0.6]
      [Update RS (ms): Min: 19.7, Avg: 19.9, Max: 20.1, Diff: 0.4, Sum: 159.5]
         [Processed Buffers: Min: 15, Avg: 16.3, Max: 19, Diff: 4, Sum: 130]
      [Scan RS (ms): Min: 13.7, Avg: 13.9, Max: 14.1, Diff: 0.5, Sum: 111.3]
      [Code Root Scanning (ms): Min: 0.0, Avg: 0.0, Max: 0.0, Diff: 0.0, Sum: 0.0]
      [Object Copy (ms): Min: 138.9, Avg: 139.0, Max: 139.0, Diff: 0.2, Sum: 1111.7]
      [Termination (ms): Min: 0.0, Avg: 0.1, Max: 0.1, Diff: 0.1, Sum: 0.4]
         [Termination Attempts: Min: 1, Avg: 227.3, Max: 280, Diff: 279, Sum: 1818]
      [GC Worker Other (ms): Min: 0.0, Avg: 0.0, Max: 0.1, Diff: 0.1, Sum: 0.3]
      [GC Worker Total (ms): Min: 172.9, Avg: 173.0, Max: 173.1, Diff: 0.2, Sum: 1383.8]
      [GC Worker End (ms): Min: 131792.5, Avg: 131792.5, Max: 131792.5, Diff: 0.1]
   [Code Root Fixup: 0.0 ms]
   [Code Root Purge: 0.0 ms]
   [Clear CT: 0.4 ms]
   [Other: 1.0 ms]
      [Choose CSet: 0.0 ms]
      [Ref Proc: 0.3 ms]
      [Ref Enq: 0.0 ms]
      [Redirty Cards: 0.3 ms]
      [Humongous Register: 0.1 ms]
      [Humongous Reclaim: 0.0 ms]
      [Free CSet: 0.2 ms]
   [Eden: 201.0M(201.0M)->0.0B(202.0M) Survivors: 29.0M->29.0M Heap: 729.5M(2048.0M)->731.0M(2048.0M)]
 [Times: user=1.38 sys=0.00, real=0.17 secs] 
2020-09-29T11:58:25.643+0200: 131.944: [GC pause (G1 Evacuation Pause) (young), 0.1763139 secs]
   [Parallel Time: 172.3 ms, GC Workers: 8]
      [GC Worker Start (ms): Min: 131944.1, Avg: 131944.2, Max: 131944.3, Diff: 0.2]
      [Ext Root Scanning (ms): Min: 0.0, Avg: 0.1, Max: 0.2, Diff: 0.2, Sum: 0.6]
      [Update RS (ms): Min: 20.7, Avg: 21.1, Max: 21.9, Diff: 1.1, Sum: 168.8]
         [Processed Buffers: Min: 16, Avg: 17.9, Max: 20, Diff: 4, Sum: 143]
      [Scan RS (ms): Min: 12.4, Avg: 13.1, Max: 13.5, Diff: 1.1, Sum: 105.0]
      [Code Root Scanning (ms): Min: 0.0, Avg: 0.0, Max: 0.0, Diff: 0.0, Sum: 0.0]
      [Object Copy (ms): Min: 137.5, Avg: 137.5, Max: 137.6, Diff: 0.1, Sum: 1100.1]
      [Termination (ms): Min: 0.0, Avg: 0.1, Max: 0.1, Diff: 0.1, Sum: 0.5]
         [Termination Attempts: Min: 1, Avg: 298.6, Max: 372, Diff: 371, Sum: 2389]
      [GC Worker Other (ms): Min: 0.0, Avg: 0.1, Max: 0.1, Diff: 0.1, Sum: 0.4]
      [GC Worker Total (ms): Min: 171.8, Avg: 171.9, Max: 172.1, Diff: 0.3, Sum: 1375.5]
      [GC Worker End (ms): Min: 132116.1, Avg: 132116.1, Max: 132116.2, Diff: 0.1]
   [Code Root Fixup: 0.0 ms]
   [Code Root Purge: 0.0 ms]
   [Clear CT: 2.1 ms]
   [Other: 1.9 ms]
      [Choose CSet: 0.0 ms]
      [Ref Proc: 0.9 ms]
      [Ref Enq: 0.0 ms]
      [Redirty Cards: 0.6 ms]
      [Humongous Register: 0.1 ms]
      [Humongous Reclaim: 0.0 ms]
      [Free CSet: 0.2 ms]
   [Eden: 202.0M(202.0M)->0.0B(204.0M) Survivors: 29.0M->29.0M Heap: 967.3M(2048.0M)->969.3M(2048.0M)]
 [Times: user=1.38 sys=0.00, real=0.18 secs] 
2020-09-29T11:58:25.831+0200: 132.132: [GC pause (G1 Humongous Allocation) (young) (initial-mark), 0.0806291 secs]
   [Parallel Time: 79.6 ms, GC Workers: 8]
      [GC Worker Start (ms): Min: 132131.7, Avg: 132131.8, Max: 132131.8, Diff: 0.1]
      [Ext Root Scanning (ms): Min: 0.1, Avg: 0.1, Max: 0.2, Diff: 0.1, Sum: 0.9]
      [Update RS (ms): Min: 38.2, Avg: 38.6, Max: 39.1, Diff: 0.9, Sum: 308.4]
         [Processed Buffers: Min: 32, Avg: 33.6, Max: 35, Diff: 3, Sum: 269]
      [Scan RS (ms): Min: 1.8, Avg: 2.4, Max: 2.8, Diff: 1.0, Sum: 19.2]
      [Code Root Scanning (ms): Min: 0.0, Avg: 0.0, Max: 0.0, Diff: 0.0, Sum: 0.0]
      [Object Copy (ms): Min: 38.3, Avg: 38.4, Max: 38.5, Diff: 0.2, Sum: 307.2]
      [Termination (ms): Min: 0.0, Avg: 0.0, Max: 0.0, Diff: 0.0, Sum: 0.2]
         [Termination Attempts: Min: 1, Avg: 134.9, Max: 181, Diff: 180, Sum: 1079]
      [GC Worker Other (ms): Min: 0.0, Avg: 0.0, Max: 0.0, Diff: 0.0, Sum: 0.1]
      [GC Worker Total (ms): Min: 79.5, Avg: 79.5, Max: 79.6, Diff: 0.1, Sum: 636.2]
      [GC Worker End (ms): Min: 132211.3, Avg: 132211.3, Max: 132211.3, Diff: 0.0]
   [Code Root Fixup: 0.0 ms]
   [Code Root Purge: 0.0 ms]
   [Clear CT: 0.2 ms]
   [Other: 0.8 ms]
      [Choose CSet: 0.0 ms]
      [Ref Proc: 0.2 ms]
      [Ref Enq: 0.0 ms]
      [Redirty Cards: 0.2 ms]
      [Humongous Register: 0.0 ms]
      [Humongous Reclaim: 0.0 ms]
      [Free CSet: 0.1 ms]
   [Eden: 9216.0K(204.0M)->0.0B(174.0M) Survivors: 29.0M->10.0M Heap: 977.8M(2048.0M)->981.3M(2048.0M)]
 [Times: user=0.70 sys=0.01, real=0.08 secs] 
2020-09-29T11:58:25.912+0200: 132.212: [GC concurrent-root-region-scan-start]
2020-09-29T11:58:25.914+0200: 132.215: [GC concurrent-root-region-scan-end, 0.0021683 secs]
2020-09-29T11:58:25.914+0200: 132.215: [GC concurrent-mark-start]
2020-09-29T11:58:25.917+0200: 132.218: [GC concurrent-mark-end, 0.0031419 secs]
2020-09-29T11:58:25.918+0200: 132.218: [GC remark 2020-09-29T11:58:25.918+0200: 132.218: [Finalize Marking, 0.0002685 secs] 2020-09-29T11:58:25.918+0200: 132.218: [GC ref-proc, 0.0004015 secs] 2020-09-29T11:58:25.918+0200: 132.219: [Unloading, 0.0005793 secs], 0.0015976 secs]
 [Times: user=0.00 sys=0.00, real=0.00 secs] 
2020-09-29T11:58:25.920+0200: 132.220: [GC cleanup 991M->28M(2048M), 0.0014941 secs]
 [Times: user=0.00 sys=0.00, real=0.00 secs] 
2020-09-29T11:58:25.921+0200: 132.222: [GC concurrent-cleanup-start]
2020-09-29T11:58:25.923+0200: 132.223: [GC concurrent-cleanup-end, 0.0016123 secs]
2020-09-29T11:58:26.043+0200: 132.344: [GC pause (G1 Evacuation Pause) (young), 0.1412979 secs]
   [Parallel Time: 140.0 ms, GC Workers: 8]
      [GC Worker Start (ms): Min: 132344.2, Avg: 132344.3, Max: 132344.4, Diff: 0.2]
      [Ext Root Scanning (ms): Min: 0.0, Avg: 0.1, Max: 0.2, Diff: 0.2, Sum: 0.7]
      [Update RS (ms): Min: 18.2, Avg: 18.4, Max: 18.9, Diff: 0.7, Sum: 147.6]
         [Processed Buffers: Min: 12, Avg: 14.4, Max: 16, Diff: 4, Sum: 115]
      [Scan RS (ms): Min: 13.8, Avg: 14.4, Max: 14.8, Diff: 1.0, Sum: 114.8]
      [Code Root Scanning (ms): Min: 0.0, Avg: 0.0, Max: 0.0, Diff: 0.0, Sum: 0.0]
      [Object Copy (ms): Min: 106.3, Avg: 106.7, Max: 107.0, Diff: 0.6, Sum: 853.8]
      [Termination (ms): Min: 0.0, Avg: 0.1, Max: 0.1, Diff: 0.1, Sum: 0.7]
         [Termination Attempts: Min: 1, Avg: 385.8, Max: 504, Diff: 503, Sum: 3086]
      [GC Worker Other (ms): Min: 0.0, Avg: 0.0, Max: 0.1, Diff: 0.1, Sum: 0.4]
      [GC Worker Total (ms): Min: 139.6, Avg: 139.8, Max: 139.9, Diff: 0.3, Sum: 1118.1]
      [GC Worker End (ms): Min: 132484.0, Avg: 132484.1, Max: 132484.1, Diff: 0.1]
   [Code Root Fixup: 0.0 ms]
   [Code Root Purge: 0.0 ms]
   [Clear CT: 0.2 ms]
   [Other: 1.1 ms]
      [Choose CSet: 0.0 ms]
      [Ref Proc: 0.3 ms]
      [Ref Enq: 0.0 ms]
      [Redirty Cards: 0.3 ms]
      [Humongous Register: 0.0 ms]
      [Humongous Reclaim: 0.0 ms]
      [Free CSet: 0.2 ms]
   [Eden: 174.0M(174.0M)->0.0B(171.0M) Survivors: 10.0M->23.0M Heap: 223.5M(2048.0M)->216.0M(2048.0M)]
 [Times: user=1.06 sys=0.03, real=0.14 secs] 
2020-09-29T11:58:26.311+0200: 132.612: [GC pause (G1 Evacuation Pause) (young), 0.1505543 secs]
   [Parallel Time: 149.2 ms, GC Workers: 8]
      [GC Worker Start (ms): Min: 132611.7, Avg: 132611.9, Max: 132612.0, Diff: 0.2]
      [Ext Root Scanning (ms): Min: 0.0, Avg: 0.1, Max: 0.2, Diff: 0.2, Sum: 0.7]
      [Update RS (ms): Min: 23.1, Avg: 23.2, Max: 23.3, Diff: 0.1, Sum: 185.3]
         [Processed Buffers: Min: 17, Avg: 19.3, Max: 21, Diff: 4, Sum: 154]
      [Scan RS (ms): Min: 9.9, Avg: 10.1, Max: 10.2, Diff: 0.3, Sum: 80.4]
      [Code Root Scanning (ms): Min: 0.0, Avg: 0.0, Max: 0.0, Diff: 0.0, Sum: 0.0]
      [Object Copy (ms): Min: 115.5, Avg: 115.6, Max: 115.7, Diff: 0.1, Sum: 925.0]
      [Termination (ms): Min: 0.0, Avg: 0.1, Max: 0.1, Diff: 0.1, Sum: 0.6]
         [Termination Attempts: Min: 1, Avg: 122.5, Max: 205, Diff: 204, Sum: 980]
      [GC Worker Other (ms): Min: 0.0, Avg: 0.0, Max: 0.0, Diff: 0.0, Sum: 0.1]
      [GC Worker Total (ms): Min: 148.9, Avg: 149.0, Max: 149.1, Diff: 0.2, Sum: 1192.2]
      [GC Worker End (ms): Min: 132760.9, Avg: 132760.9, Max: 132760.9, Diff: 0.0]
   [Code Root Fixup: 0.0 ms]
   [Code Root Purge: 0.0 ms]
   [Clear CT: 0.2 ms]
   [Other: 1.1 ms]
      [Choose CSet: 0.0 ms]
      [Ref Proc: 0.2 ms]
      [Ref Enq: 0.0 ms]
      [Redirty Cards: 0.3 ms]
      [Humongous Register: 0.1 ms]
      [Humongous Reclaim: 0.0 ms]
      [Free CSet: 0.2 ms]
   [Eden: 171.0M(171.0M)->0.0B(180.0M) Survivors: 23.0M->25.0M Heap: 415.6M(2048.0M)->417.6M(2048.0M)]
 [Times: user=1.25 sys=0.00, real=0.15 secs] 
2020-09-29T11:58:26.592+0200: 132.893: [GC pause (G1 Evacuation Pause) (young), 0.1558695 secs]
   [Parallel Time: 154.0 ms, GC Workers: 8]
      [GC Worker Start (ms): Min: 132893.5, Avg: 132893.6, Max: 132893.7, Diff: 0.2]
      [Ext Root Scanning (ms): Min: 0.0, Avg: 0.1, Max: 0.2, Diff: 0.2, Sum: 0.6]
      [Update RS (ms): Min: 16.1, Avg: 16.4, Max: 16.7, Diff: 0.6, Sum: 131.0]
         [Processed Buffers: Min: 13, Avg: 13.3, Max: 15, Diff: 2, Sum: 106]
      [Scan RS (ms): Min: 12.5, Avg: 12.9, Max: 13.1, Diff: 0.7, Sum: 102.9]
      [Code Root Scanning (ms): Min: 0.0, Avg: 0.0, Max: 0.0, Diff: 0.0, Sum: 0.0]
      [Object Copy (ms): Min: 124.3, Avg: 124.4, Max: 124.5, Diff: 0.2, Sum: 995.1]
      [Termination (ms): Min: 0.0, Avg: 0.0, Max: 0.0, Diff: 0.0, Sum: 0.0]
         [Termination Attempts: Min: 1, Avg: 10.0, Max: 17, Diff: 16, Sum: 80]
      [GC Worker Other (ms): Min: 0.0, Avg: 0.0, Max: 0.1, Diff: 0.1, Sum: 0.4]
      [GC Worker Total (ms): Min: 153.6, Avg: 153.8, Max: 153.9, Diff: 0.2, Sum: 1230.1]
      [GC Worker End (ms): Min: 133047.3, Avg: 133047.4, Max: 133047.4, Diff: 0.1]
   [Code Root Fixup: 0.0 ms]
   [Code Root Purge: 0.0 ms]
   [Clear CT: 0.4 ms]
   [Other: 1.5 ms]
      [Choose CSet: 0.0 ms]
      [Ref Proc: 0.3 ms]
      [Ref Enq: 0.0 ms]
      [Redirty Cards: 0.8 ms]
      [Humongous Register: 0.0 ms]
      [Humongous Reclaim: 0.0 ms]
      [Free CSet: 0.1 ms]
   [Eden: 180.0M(180.0M)->0.0B(188.0M) Survivors: 25.0M->26.0M Heap: 626.2M(2048.0M)->628.2M(2048.0M)]
 [Times: user=1.25 sys=0.00, real=0.16 secs] 
2020-09-29T11:58:26.886+0200: 133.187: [GC pause (G1 Evacuation Pause) (young), 0.1593651 secs]
   [Parallel Time: 157.7 ms, GC Workers: 8]
      [GC Worker Start (ms): Min: 133186.7, Avg: 133186.9, Max: 133186.9, Diff: 0.2]
      [Ext Root Scanning (ms): Min: 0.0, Avg: 0.1, Max: 0.2, Diff: 0.2, Sum: 0.7]
      [Update RS (ms): Min: 18.3, Avg: 18.4, Max: 18.8, Diff: 0.5, Sum: 147.1]
         [Processed Buffers: Min: 14, Avg: 15.5, Max: 19, Diff: 5, Sum: 124]
      [Scan RS (ms): Min: 13.3, Avg: 13.6, Max: 13.9, Diff: 0.6, Sum: 109.2]
      [Code Root Scanning (ms): Min: 0.0, Avg: 0.0, Max: 0.0, Diff: 0.0, Sum: 0.0]
      [Object Copy (ms): Min: 124.4, Avg: 124.6, Max: 124.7, Diff: 0.2, Sum: 996.7]
      [Termination (ms): Min: 0.0, Avg: 0.0, Max: 0.0, Diff: 0.0, Sum: 0.2]
         [Termination Attempts: Min: 1, Avg: 125.4, Max: 163, Diff: 162, Sum: 1003]
      [GC Worker Other (ms): Min: 0.0, Avg: 0.0, Max: 0.1, Diff: 0.0, Sum: 0.2]
      [GC Worker Total (ms): Min: 156.7, Avg: 156.8, Max: 156.9, Diff: 0.2, Sum: 1254.1]
      [GC Worker End (ms): Min: 133343.6, Avg: 133343.6, Max: 133343.6, Diff: 0.0]
   [Code Root Fixup: 0.0 ms]
   [Code Root Purge: 0.0 ms]
   [Clear CT: 0.4 ms]
   [Other: 1.3 ms]
      [Choose CSet: 0.0 ms]
      [Ref Proc: 0.5 ms]
      [Ref Enq: 0.0 ms]
      [Redirty Cards: 0.4 ms]
      [Humongous Register: 0.1 ms]
      [Humongous Reclaim: 0.0 ms]
      [Free CSet: 0.2 ms]
   [Eden: 188.0M(188.0M)->0.0B(197.0M) Survivors: 26.0M->27.0M Heap: 848.7M(2048.0M)->851.2M(2048.0M)]
 [Times: user=1.25 sys=0.00, real=0.16 secs] 
2020-09-29T11:58:27.190+0200: 133.491: [GC pause (G1 Evacuation Pause) (young), 0.1662239 secs]
   [Parallel Time: 165.0 ms, GC Workers: 8]
      [GC Worker Start (ms): Min: 133490.9, Avg: 133491.0, Max: 133491.1, Diff: 0.2]
      [Ext Root Scanning (ms): Min: 0.0, Avg: 0.1, Max: 0.2, Diff: 0.2, Sum: 0.7]
      [Update RS (ms): Min: 20.8, Avg: 21.1, Max: 21.4, Diff: 0.6, Sum: 168.5]
         [Processed Buffers: Min: 15, Avg: 17.1, Max: 20, Diff: 5, Sum: 137]
      [Scan RS (ms): Min: 13.0, Avg: 13.4, Max: 13.7, Diff: 0.7, Sum: 106.9]
      [Code Root Scanning (ms): Min: 0.0, Avg: 0.0, Max: 0.0, Diff: 0.0, Sum: 0.0]
      [Object Copy (ms): Min: 130.0, Avg: 130.1, Max: 130.1, Diff: 0.1, Sum: 1040.4]
      [Termination (ms): Min: 0.0, Avg: 0.0, Max: 0.0, Diff: 0.0, Sum: 0.0]
         [Termination Attempts: Min: 1, Avg: 7.3, Max: 11, Diff: 10, Sum: 58]
      [GC Worker Other (ms): Min: 0.0, Avg: 0.0, Max: 0.1, Diff: 0.1, Sum: 0.3]
      [GC Worker Total (ms): Min: 164.5, Avg: 164.6, Max: 164.8, Diff: 0.3, Sum: 1316.8]
      [GC Worker End (ms): Min: 133655.6, Avg: 133655.6, Max: 133655.7, Diff: 0.1]
   [Code Root Fixup: 0.0 ms]
   [Code Root Purge: 0.0 ms]
   [Clear CT: 0.2 ms]
   [Other: 1.0 ms]
      [Choose CSet: 0.0 ms]
      [Ref Proc: 0.3 ms]
      [Ref Enq: 0.0 ms]
      [Redirty Cards: 0.3 ms]
      [Humongous Register: 0.1 ms]
      [Humongous Reclaim: 0.0 ms]
      [Free CSet: 0.2 ms]
   [Eden: 197.0M(197.0M)->0.0B(204.0M) Survivors: 27.0M->28.0M Heap: 1080.6M(2048.0M)->1082.1M(2048.0M)]
 [Times: user=1.38 sys=0.00, real=0.17 secs] 
2020-09-29T11:58:27.364+0200: 133.664: [GC pause (G1 Humongous Allocation) (young) (initial-mark), 0.0853522 secs]
   [Parallel Time: 83.0 ms, GC Workers: 8]
      [GC Worker Start (ms): Min: 133664.5, Avg: 133664.6, Max: 133664.7, Diff: 0.2]
      [Ext Root Scanning (ms): Min: 0.0, Avg: 0.3, Max: 0.9, Diff: 0.9, Sum: 2.8]
      [Update RS (ms): Min: 36.6, Avg: 37.1, Max: 37.7, Diff: 1.1, Sum: 296.9]
         [Processed Buffers: Min: 30, Avg: 32.3, Max: 34, Diff: 4, Sum: 258]
      [Scan RS (ms): Min: 2.2, Avg: 2.6, Max: 3.1, Diff: 0.8, Sum: 20.7]
      [Code Root Scanning (ms): Min: 0.0, Avg: 0.0, Max: 0.0, Diff: 0.0, Sum: 0.0]
      [Object Copy (ms): Min: 42.0, Avg: 42.2, Max: 42.6, Diff: 0.6, Sum: 337.6]
      [Termination (ms): Min: 0.0, Avg: 0.4, Max: 0.5, Diff: 0.5, Sum: 3.2]
         [Termination Attempts: Min: 1, Avg: 1857.3, Max: 2469, Diff: 2468, Sum: 14858]
      [GC Worker Other (ms): Min: 0.0, Avg: 0.0, Max: 0.0, Diff: 0.0, Sum: 0.2]
      [GC Worker Total (ms): Min: 82.6, Avg: 82.7, Max: 82.7, Diff: 0.2, Sum: 661.4]
      [GC Worker End (ms): Min: 133747.3, Avg: 133747.3, Max: 133747.3, Diff: 0.0]
   [Code Root Fixup: 0.0 ms]
   [Code Root Purge: 0.0 ms]
   [Clear CT: 0.7 ms]
   [Other: 1.7 ms]
      [Choose CSet: 0.0 ms]
      [Ref Proc: 0.7 ms]
      [Ref Enq: 0.0 ms]
      [Redirty Cards: 0.7 ms]
      [Humongous Register: 0.0 ms]
      [Humongous Reclaim: 0.0 ms]
      [Free CSet: 0.1 ms]
   [Eden: 6144.0K(204.0M)->0.0B(158.0M) Survivors: 28.0M->8192.0K Heap: 1088.1M(2048.0M)->1091.1M(2048.0M)]
 [Times: user=0.53 sys=0.00, real=0.08 secs] 
2020-09-29T11:58:27.449+0200: 133.750: [GC concurrent-root-region-scan-start]
2020-09-29T11:58:27.452+0200: 133.753: [GC concurrent-root-region-scan-end, 0.0028917 secs]
2020-09-29T11:58:27.452+0200: 133.753: [GC concurrent-mark-start]
2020-09-29T11:58:27.458+0200: 133.759: [GC concurrent-mark-end, 0.0057532 secs]
2020-09-29T11:58:27.459+0200: 133.759: [GC remark 2020-09-29T11:58:27.459+0200: 133.759: [Finalize Marking, 0.0004269 secs] 2020-09-29T11:58:27.459+0200: 133.760: [GC ref-proc, 0.0005315 secs] 2020-09-29T11:58:27.460+0200: 133.760: [Unloading, 0.0006675 secs], 0.0021317 secs]
 [Times: user=0.00 sys=0.00, real=0.00 secs] 
2020-09-29T11:58:27.461+0200: 133.762: [GC cleanup 1102M->28M(2048M), 0.0021723 secs]
 [Times: user=0.00 sys=0.00, real=0.00 secs] 
2020-09-29T11:58:27.464+0200: 133.764: [GC concurrent-cleanup-start]
2020-09-29T11:58:27.466+0200: 133.767: [GC concurrent-cleanup-end, 0.0024269 secs]
2020-09-29T11:58:27.606+0200: 133.906: [GC pause (G1 Evacuation Pause) (young), 0.1704565 secs]
   [Parallel Time: 168.5 ms, GC Workers: 8]
      [GC Worker Start (ms): Min: 133906.5, Avg: 133906.6, Max: 133906.8, Diff: 0.3]
      [Ext Root Scanning (ms): Min: 0.0, Avg: 0.1, Max: 0.2, Diff: 0.2, Sum: 1.0]
      [Update RS (ms): Min: 22.0, Avg: 22.6, Max: 23.1, Diff: 1.1, Sum: 180.8]
         [Processed Buffers: Min: 3, Avg: 12.6, Max: 16, Diff: 13, Sum: 101]
      [Scan RS (ms): Min: 10.8, Avg: 11.3, Max: 11.9, Diff: 1.1, Sum: 90.3]
      [Code Root Scanning (ms): Min: 0.0, Avg: 0.0, Max: 0.0, Diff: 0.0, Sum: 0.0]
      [Object Copy (ms): Min: 133.7, Avg: 133.9, Max: 134.1, Diff: 0.3, Sum: 1070.9]
      [Termination (ms): Min: 0.0, Avg: 0.2, Max: 0.2, Diff: 0.2, Sum: 1.6]
         [Termination Attempts: Min: 1, Avg: 692.4, Max: 870, Diff: 869, Sum: 5539]
      [GC Worker Other (ms): Min: 0.0, Avg: 0.0, Max: 0.1, Diff: 0.1, Sum: 0.4]
      [GC Worker Total (ms): Min: 168.0, Avg: 168.1, Max: 168.2, Diff: 0.2, Sum: 1345.0]
      [GC Worker End (ms): Min: 134074.7, Avg: 134074.8, Max: 134074.8, Diff: 0.1]
   [Code Root Fixup: 0.0 ms]
   [Code Root Purge: 0.0 ms]
   [Clear CT: 0.5 ms]
   [Other: 1.5 ms]
      [Choose CSet: 0.0 ms]
      [Ref Proc: 0.2 ms]
      [Ref Enq: 0.0 ms]
      [Redirty Cards: 0.6 ms]
      [Humongous Register: 0.1 ms]
      [Humongous Reclaim: 0.0 ms]
      [Free CSet: 0.2 ms]
   [Eden: 158.0M(158.0M)->0.0B(142.0M) Survivors: 8192.0K->21.0M Heap: 201.2M(2048.0M)->196.2M(2048.0M)]
 [Times: user=1.36 sys=0.00, real=0.17 secs] 
2020-09-29T11:58:27.915+0200: 134.216: [GC pause (G1 Evacuation Pause) (young), 0.1624814 secs]
   [Parallel Time: 160.7 ms, GC Workers: 8]
      [GC Worker Start (ms): Min: 134215.9, Avg: 134216.0, Max: 134216.1, Diff: 0.2]
      [Ext Root Scanning (ms): Min: 0.0, Avg: 0.1, Max: 0.3, Diff: 0.2, Sum: 0.9]
      [Update RS (ms): Min: 20.7, Avg: 20.9, Max: 21.4, Diff: 0.7, Sum: 167.5]
         [Processed Buffers: Min: 12, Avg: 13.6, Max: 15, Diff: 3, Sum: 109]
      [Scan RS (ms): Min: 11.8, Avg: 12.2, Max: 12.4, Diff: 0.6, Sum: 97.9]
      [Code Root Scanning (ms): Min: 0.0, Avg: 0.0, Max: 0.0, Diff: 0.0, Sum: 0.0]
      [Object Copy (ms): Min: 126.9, Avg: 127.0, Max: 127.1, Diff: 0.2, Sum: 1015.9]
      [Termination (ms): Min: 0.0, Avg: 0.1, Max: 0.1, Diff: 0.1, Sum: 0.9]
         [Termination Attempts: Min: 1, Avg: 383.9, Max: 478, Diff: 477, Sum: 3071]
      [GC Worker Other (ms): Min: 0.0, Avg: 0.0, Max: 0.1, Diff: 0.1, Sum: 0.3]
      [GC Worker Total (ms): Min: 160.3, Avg: 160.4, Max: 160.6, Diff: 0.2, Sum: 1283.4]
      [GC Worker End (ms): Min: 134376.4, Avg: 134376.5, Max: 134376.5, Diff: 0.1]
   [Code Root Fixup: 0.0 ms]
   [Code Root Purge: 0.0 ms]
   [Clear CT: 0.4 ms]
   [Other: 1.4 ms]
      [Choose CSet: 0.0 ms]
      [Ref Proc: 0.4 ms]
      [Ref Enq: 0.0 ms]
      [Redirty Cards: 0.4 ms]
      [Humongous Register: 0.1 ms]
      [Humongous Reclaim: 0.0 ms]
      [Free CSet: 0.2 ms]
   [Eden: 142.0M(142.0M)->0.0B(145.0M) Survivors: 21.0M->21.0M Heap: 363.0M(2048.0M)->366.0M(2048.0M)]
 [Times: user=1.20 sys=0.02, real=0.16 secs] 
2020-09-29T11:58:28.219+0200: 134.520: [GC pause (G1 Evacuation Pause) (young), 0.1662900 secs]
   [Parallel Time: 164.7 ms, GC Workers: 8]
      [GC Worker Start (ms): Min: 134520.2, Avg: 134520.5, Max: 134520.7, Diff: 0.5]
      [Ext Root Scanning (ms): Min: 0.0, Avg: 0.1, Max: 0.3, Diff: 0.3, Sum: 0.7]
      [Update RS (ms): Min: 16.9, Avg: 17.9, Max: 19.0, Diff: 2.1, Sum: 143.2]
         [Processed Buffers: Min: 10, Avg: 11.3, Max: 13, Diff: 3, Sum: 90]
      [Scan RS (ms): Min: 12.2, Avg: 12.7, Max: 13.4, Diff: 1.2, Sum: 101.9]
      [Code Root Scanning (ms): Min: 0.0, Avg: 0.0, Max: 0.0, Diff: 0.0, Sum: 0.0]
      [Object Copy (ms): Min: 132.8, Avg: 132.9, Max: 133.0, Diff: 0.2, Sum: 1063.0]
      [Termination (ms): Min: 0.0, Avg: 0.0, Max: 0.0, Diff: 0.0, Sum: 0.3]
         [Termination Attempts: Min: 1, Avg: 114.8, Max: 151, Diff: 150, Sum: 918]
      [GC Worker Other (ms): Min: 0.0, Avg: 0.5, Max: 0.8, Diff: 0.8, Sum: 4.0]
      [GC Worker Total (ms): Min: 163.9, Avg: 164.1, Max: 164.4, Diff: 0.5, Sum: 1313.0]
      [GC Worker End (ms): Min: 134684.6, Avg: 134684.6, Max: 134684.7, Diff: 0.1]
   [Code Root Fixup: 0.0 ms]
   [Code Root Purge: 0.0 ms]
   [Clear CT: 0.3 ms]
   [Other: 1.3 ms]
      [Choose CSet: 0.0 ms]
      [Ref Proc: 0.4 ms]
      [Ref Enq: 0.0 ms]
      [Redirty Cards: 0.4 ms]
      [Humongous Register: 0.1 ms]
      [Humongous Reclaim: 0.0 ms]
      [Free CSet: 0.2 ms]
   [Eden: 145.0M(145.0M)->0.0B(149.0M) Survivors: 21.0M->21.0M Heap: 533.9M(2048.0M)->535.4M(2048.0M)]
 [Times: user=1.38 sys=0.00, real=0.17 secs] 
2020-09-29T11:58:28.533+0200: 134.834: [GC pause (G1 Evacuation Pause) (young), 0.1685992 secs]
   [Parallel Time: 166.7 ms, GC Workers: 8]
      [GC Worker Start (ms): Min: 134833.7, Avg: 134833.9, Max: 134834.0, Diff: 0.3]
      [Ext Root Scanning (ms): Min: 0.0, Avg: 0.1, Max: 0.3, Diff: 0.3, Sum: 0.9]
      [Update RS (ms): Min: 19.3, Avg: 19.5, Max: 20.5, Diff: 1.3, Sum: 156.4]
         [Processed Buffers: Min: 11, Avg: 12.1, Max: 13, Diff: 2, Sum: 97]
      [Scan RS (ms): Min: 11.8, Avg: 12.9, Max: 13.1, Diff: 1.3, Sum: 102.9]
      [Code Root Scanning (ms): Min: 0.0, Avg: 0.0, Max: 0.0, Diff: 0.0, Sum: 0.0]
      [Object Copy (ms): Min: 133.4, Avg: 133.5, Max: 133.7, Diff: 0.3, Sum: 1068.4]
      [Termination (ms): Min: 0.0, Avg: 0.2, Max: 0.2, Diff: 0.2, Sum: 1.6]
         [Termination Attempts: Min: 1, Avg: 718.3, Max: 872, Diff: 871, Sum: 5746]
      [GC Worker Other (ms): Min: 0.0, Avg: 0.1, Max: 0.1, Diff: 0.1, Sum: 0.4]
      [GC Worker Total (ms): Min: 166.2, Avg: 166.3, Max: 166.4, Diff: 0.3, Sum: 1330.5]
      [GC Worker End (ms): Min: 135000.1, Avg: 135000.2, Max: 135000.2, Diff: 0.1]
   [Code Root Fixup: 0.0 ms]
   [Code Root Purge: 0.0 ms]
   [Clear CT: 0.5 ms]
   [Other: 1.4 ms]
      [Choose CSet: 0.0 ms]
      [Ref Proc: 0.4 ms]
      [Ref Enq: 0.0 ms]
      [Redirty Cards: 0.6 ms]
      [Humongous Register: 0.1 ms]
      [Humongous Reclaim: 0.0 ms]
      [Free CSet: 0.2 ms]
   [Eden: 149.0M(149.0M)->0.0B(152.0M) Survivors: 21.0M->22.0M Heap: 709.2M(2048.0M)->711.2M(2048.0M)]
 [Times: user=1.38 sys=0.00, real=0.17 secs] 
2020-09-29T11:58:28.853+0200: 135.154: [GC pause (G1 Evacuation Pause) (young), 0.1701192 secs]
   [Parallel Time: 168.5 ms, GC Workers: 8]
      [GC Worker Start (ms): Min: 135154.6, Avg: 135154.7, Max: 135154.8, Diff: 0.2]
      [Ext Root Scanning (ms): Min: 0.0, Avg: 0.1, Max: 0.3, Diff: 0.2, Sum: 1.0]
      [Update RS (ms): Min: 19.6, Avg: 19.9, Max: 21.2, Diff: 1.6, Sum: 159.3]
         [Processed Buffers: Min: 12, Avg: 13.5, Max: 16, Diff: 4, Sum: 108]
      [Scan RS (ms): Min: 12.2, Avg: 13.5, Max: 13.9, Diff: 1.7, Sum: 108.2]
      [Code Root Scanning (ms): Min: 0.0, Avg: 0.0, Max: 0.0, Diff: 0.0, Sum: 0.0]
      [Object Copy (ms): Min: 134.4, Avg: 134.6, Max: 134.7, Diff: 0.2, Sum: 1076.6]
      [Termination (ms): Min: 0.0, Avg: 0.0, Max: 0.0, Diff: 0.0, Sum: 0.0]
         [Termination Attempts: Min: 1, Avg: 1.9, Max: 3, Diff: 2, Sum: 15]
      [GC Worker Other (ms): Min: 0.0, Avg: 0.1, Max: 0.1, Diff: 0.1, Sum: 0.5]
      [GC Worker Total (ms): Min: 168.1, Avg: 168.2, Max: 168.4, Diff: 0.3, Sum: 1345.7]
      [GC Worker End (ms): Min: 135322.9, Avg: 135322.9, Max: 135323.0, Diff: 0.1]
   [Code Root Fixup: 0.0 ms]
   [Code Root Purge: 0.0 ms]
   [Clear CT: 0.3 ms]
   [Other: 1.3 ms]
      [Choose CSet: 0.0 ms]
      [Ref Proc: 0.4 ms]
      [Ref Enq: 0.0 ms]
      [Redirty Cards: 0.4 ms]
      [Humongous Register: 0.1 ms]
      [Humongous Reclaim: 0.0 ms]
      [Free CSet: 0.2 ms]
   [Eden: 152.0M(152.0M)->0.0B(156.0M) Survivors: 22.0M->22.0M Heap: 889.9M(2048.0M)->891.9M(2048.0M)]
 [Times: user=1.38 sys=0.00, real=0.17 secs] 
2020-09-29T11:58:29.184+0200: 135.485: [GC pause (G1 Evacuation Pause) (young), 0.1820411 secs]
   [Parallel Time: 179.5 ms, GC Workers: 8]
      [GC Worker Start (ms): Min: 135485.1, Avg: 135485.2, Max: 135485.3, Diff: 0.2]
      [Ext Root Scanning (ms): Min: 0.0, Avg: 0.1, Max: 0.2, Diff: 0.2, Sum: 0.9]
      [Update RS (ms): Min: 26.0, Avg: 26.8, Max: 27.4, Diff: 1.4, Sum: 214.3]
         [Processed Buffers: Min: 11, Avg: 15.4, Max: 18, Diff: 7, Sum: 123]
      [Scan RS (ms): Min: 11.2, Avg: 12.0, Max: 12.7, Diff: 1.5, Sum: 95.7]
      [Code Root Scanning (ms): Min: 0.0, Avg: 0.0, Max: 0.0, Diff: 0.0, Sum: 0.0]
      [Object Copy (ms): Min: 140.1, Avg: 140.1, Max: 140.2, Diff: 0.1, Sum: 1121.1]
      [Termination (ms): Min: 0.0, Avg: 0.0, Max: 0.1, Diff: 0.1, Sum: 0.3]
         [Termination Attempts: Min: 1, Avg: 97.4, Max: 125, Diff: 124, Sum: 779]
      [GC Worker Other (ms): Min: 0.0, Avg: 0.0, Max: 0.1, Diff: 0.1, Sum: 0.4]
      [GC Worker Total (ms): Min: 179.0, Avg: 179.1, Max: 179.2, Diff: 0.2, Sum: 1432.6]
      [GC Worker End (ms): Min: 135664.2, Avg: 135664.3, Max: 135664.3, Diff: 0.1]
   [Code Root Fixup: 0.0 ms]
   [Code Root Purge: 0.0 ms]
   [Clear CT: 0.4 ms]
   [Other: 2.2 ms]
      [Choose CSet: 0.0 ms]
      [Ref Proc: 0.3 ms]
      [Ref Enq: 0.0 ms]
      [Redirty Cards: 1.4 ms]
      [Humongous Register: 0.1 ms]
      [Humongous Reclaim: 0.0 ms]
      [Free CSet: 0.2 ms]
   [Eden: 156.0M(156.0M)->0.0B(154.0M) Survivors: 22.0M->23.0M Heap: 1072.7M(2048.0M)->1074.2M(2048.0M)]
 [Times: user=1.39 sys=0.02, real=0.18 secs] 
2020-09-29T11:58:29.369+0200: 135.670: [GC pause (G1 Humongous Allocation) (young) (initial-mark), 0.0714386 secs]
   [Parallel Time: 69.9 ms, GC Workers: 8]
      [GC Worker Start (ms): Min: 135670.3, Avg: 135670.4, Max: 135670.6, Diff: 0.3]
      [Ext Root Scanning (ms): Min: 0.0, Avg: 0.4, Max: 1.0, Diff: 1.0, Sum: 3.6]
      [Update RS (ms): Min: 44.0, Avg: 44.5, Max: 44.8, Diff: 0.8, Sum: 355.7]
         [Processed Buffers: Min: 28, Avg: 29.6, Max: 31, Diff: 3, Sum: 237]
      [Scan RS (ms): Min: 0.0, Avg: 0.1, Max: 0.5, Diff: 0.5, Sum: 0.8]
      [Code Root Scanning (ms): Min: 0.0, Avg: 0.0, Max: 0.0, Diff: 0.0, Sum: 0.0]
      [Object Copy (ms): Min: 23.9, Avg: 24.4, Max: 24.8, Diff: 0.9, Sum: 195.5]
      [Termination (ms): Min: 0.0, Avg: 0.1, Max: 0.1, Diff: 0.1, Sum: 0.7]
         [Termination Attempts: Min: 1, Avg: 294.3, Max: 440, Diff: 439, Sum: 2354]
      [GC Worker Other (ms): Min: 0.0, Avg: 0.0, Max: 0.1, Diff: 0.1, Sum: 0.3]
      [GC Worker Total (ms): Min: 69.4, Avg: 69.6, Max: 69.7, Diff: 0.3, Sum: 556.6]
      [GC Worker End (ms): Min: 135740.0, Avg: 135740.0, Max: 135740.0, Diff: 0.0]
   [Code Root Fixup: 0.0 ms]
   [Code Root Purge: 0.0 ms]
   [Clear CT: 0.3 ms]
   [Other: 1.2 ms]
      [Choose CSet: 0.0 ms]
      [Ref Proc: 0.4 ms]
      [Ref Enq: 0.0 ms]
      [Redirty Cards: 0.4 ms]
      [Humongous Register: 0.1 ms]
      [Humongous Reclaim: 0.0 ms]
      [Free CSet: 0.1 ms]
   [Eden: 3072.0K(154.0M)->0.0B(163.0M) Survivors: 23.0M->3072.0K Heap: 1076.7M(2048.0M)->1079.2M(2048.0M)]
 [Times: user=0.50 sys=0.00, real=0.07 secs] 
2020-09-29T11:58:29.441+0200: 135.742: [GC concurrent-root-region-scan-start]
2020-09-29T11:58:29.444+0200: 135.745: [GC concurrent-root-region-scan-end, 0.0031994 secs]
2020-09-29T11:58:29.444+0200: 135.745: [GC concurrent-mark-start]
2020-09-29T11:58:29.449+0200: 135.750: [GC concurrent-mark-end, 0.0052593 secs]
2020-09-29T11:58:29.450+0200: 135.751: [GC remark 2020-09-29T11:58:29.450+0200: 135.751: [Finalize Marking, 0.0003579 secs] 2020-09-29T11:58:29.450+0200: 135.751: [GC ref-proc, 0.0005545 secs] 2020-09-29T11:58:29.451+0200: 135.752: [Unloading, 0.0007189 secs], 0.0022681 secs]
 [Times: user=0.00 sys=0.00, real=0.00 secs] 
2020-09-29T11:58:29.453+0200: 135.754: [GC cleanup 1090M->22M(2048M), 0.0020524 secs]
 [Times: user=0.00 sys=0.00, real=0.00 secs] 
2020-09-29T11:58:29.455+0200: 135.756: [GC concurrent-cleanup-start]
2020-09-29T11:58:29.458+0200: 135.759: [GC concurrent-cleanup-end, 0.0030406 secs]
2020-09-29T11:58:29.601+0200: 135.901: [GC pause (G1 Evacuation Pause) (young), 0.1659807 secs]
   [Parallel Time: 162.0 ms, GC Workers: 8]
      [GC Worker Start (ms): Min: 135901.6, Avg: 135901.7, Max: 135901.8, Diff: 0.2]
      [Ext Root Scanning (ms): Min: 0.0, Avg: 0.1, Max: 0.3, Diff: 0.2, Sum: 1.0]
      [Update RS (ms): Min: 19.9, Avg: 20.0, Max: 20.2, Diff: 0.3, Sum: 160.1]
         [Processed Buffers: Min: 12, Avg: 13.4, Max: 15, Diff: 3, Sum: 107]
      [Scan RS (ms): Min: 12.4, Avg: 12.7, Max: 12.8, Diff: 0.3, Sum: 101.3]
      [Code Root Scanning (ms): Min: 0.0, Avg: 0.0, Max: 0.0, Diff: 0.0, Sum: 0.0]
      [Object Copy (ms): Min: 128.5, Avg: 128.6, Max: 128.8, Diff: 0.3, Sum: 1029.0]
      [Termination (ms): Min: 0.0, Avg: 0.1, Max: 0.2, Diff: 0.2, Sum: 1.1]
         [Termination Attempts: Min: 1, Avg: 441.9, Max: 606, Diff: 605, Sum: 3535]
      [GC Worker Other (ms): Min: 0.0, Avg: 0.0, Max: 0.1, Diff: 0.0, Sum: 0.2]
      [GC Worker Total (ms): Min: 161.5, Avg: 161.6, Max: 161.7, Diff: 0.2, Sum: 1292.7]
      [GC Worker End (ms): Min: 136063.3, Avg: 136063.3, Max: 136063.3, Diff: 0.0]
   [Code Root Fixup: 0.0 ms]
   [Code Root Purge: 0.0 ms]
   [Clear CT: 1.1 ms]
   [Other: 2.9 ms]
      [Choose CSet: 0.0 ms]
      [Ref Proc: 0.3 ms]
      [Ref Enq: 0.0 ms]
      [Redirty Cards: 1.8 ms]
      [Humongous Register: 0.1 ms]
      [Humongous Reclaim: 0.0 ms]
      [Free CSet: 0.2 ms]
   [Eden: 163.0M(163.0M)->0.0B(151.0M) Survivors: 3072.0K->21.0M Heap: 203.6M(2048.0M)->203.1M(2048.0M)]
 [Times: user=1.25 sys=0.00, real=0.17 secs] 
2020-09-29T11:58:29.918+0200: 136.219: [GC pause (G1 Evacuation Pause) (young), 0.2005168 secs]
   [Parallel Time: 198.7 ms, GC Workers: 8]
      [GC Worker Start (ms): Min: 136218.9, Avg: 136219.0, Max: 136219.2, Diff: 0.3]
      [Ext Root Scanning (ms): Min: 0.0, Avg: 0.1, Max: 0.2, Diff: 0.2, Sum: 0.9]
      [Update RS (ms): Min: 17.7, Avg: 19.3, Max: 29.4, Diff: 11.7, Sum: 154.8]
         [Processed Buffers: Min: 0, Avg: 10.5, Max: 13, Diff: 13, Sum: 84]
      [Scan RS (ms): Min: 4.8, Avg: 15.0, Max: 16.7, Diff: 11.9, Sum: 119.7]
      [Code Root Scanning (ms): Min: 0.0, Avg: 0.0, Max: 0.0, Diff: 0.0, Sum: 0.0]
      [Object Copy (ms): Min: 163.6, Avg: 163.8, Max: 164.0, Diff: 0.4, Sum: 1310.6]
      [Termination (ms): Min: 0.0, Avg: 0.1, Max: 0.2, Diff: 0.2, Sum: 1.1]
         [Termination Attempts: Min: 1, Avg: 494.0, Max: 607, Diff: 606, Sum: 3952]
      [GC Worker Other (ms): Min: 0.0, Avg: 0.1, Max: 0.1, Diff: 0.1, Sum: 0.4]
      [GC Worker Total (ms): Min: 198.3, Avg: 198.4, Max: 198.6, Diff: 0.3, Sum: 1587.5]
      [GC Worker End (ms): Min: 136417.4, Avg: 136417.5, Max: 136417.5, Diff: 0.1]
   [Code Root Fixup: 0.0 ms]
   [Code Root Purge: 0.0 ms]
   [Clear CT: 0.3 ms]
   [Other: 1.5 ms]
      [Choose CSet: 0.0 ms]
      [Ref Proc: 0.4 ms]
      [Ref Enq: 0.0 ms]
      [Redirty Cards: 0.4 ms]
      [Humongous Register: 0.1 ms]
      [Humongous Reclaim: 0.0 ms]
      [Free CSet: 0.3 ms]
   [Eden: 151.0M(151.0M)->0.0B(137.0M) Survivors: 21.0M->22.0M Heap: 378.9M(2048.0M)->380.9M(2048.0M)]
 [Times: user=1.59 sys=0.00, real=0.20 secs] 
2020-09-29T11:58:30.258+0200: 136.558: [GC pause (G1 Evacuation Pause) (young), 0.1492450 secs]
   [Parallel Time: 147.5 ms, GC Workers: 8]
      [GC Worker Start (ms): Min: 136558.5, Avg: 136558.7, Max: 136558.8, Diff: 0.3]
      [Ext Root Scanning (ms): Min: 0.0, Avg: 0.1, Max: 0.3, Diff: 0.3, Sum: 0.9]
      [Update RS (ms): Min: 16.4, Avg: 16.7, Max: 17.8, Diff: 1.4, Sum: 133.7]
         [Processed Buffers: Min: 10, Avg: 11.1, Max: 12, Diff: 2, Sum: 89]
      [Scan RS (ms): Min: 11.7, Avg: 12.8, Max: 13.0, Diff: 1.3, Sum: 102.2]
      [Code Root Scanning (ms): Min: 0.0, Avg: 0.0, Max: 0.0, Diff: 0.0, Sum: 0.0]
      [Object Copy (ms): Min: 117.0, Avg: 117.1, Max: 117.4, Diff: 0.4, Sum: 936.8]
      [Termination (ms): Min: 0.0, Avg: 0.2, Max: 0.3, Diff: 0.3, Sum: 1.9]
         [Termination Attempts: Min: 1, Avg: 44.6, Max: 69, Diff: 68, Sum: 357]
      [GC Worker Other (ms): Min: 0.0, Avg: 0.0, Max: 0.0, Diff: 0.0, Sum: 0.2]
      [GC Worker Total (ms): Min: 146.8, Avg: 147.0, Max: 147.1, Diff: 0.3, Sum: 1175.7]
      [GC Worker End (ms): Min: 136705.6, Avg: 136705.6, Max: 136705.7, Diff: 0.0]
   [Code Root Fixup: 0.0 ms]
   [Code Root Purge: 0.0 ms]
   [Clear CT: 0.3 ms]
   [Other: 1.5 ms]
      [Choose CSet: 0.0 ms]
      [Ref Proc: 0.4 ms]
      [Ref Enq: 0.0 ms]
      [Redirty Cards: 0.5 ms]
      [Humongous Register: 0.1 ms]
      [Humongous Reclaim: 0.0 ms]
      [Free CSet: 0.3 ms]
   [Eden: 137.0M(137.0M)->0.0B(148.0M) Survivors: 22.0M->20.0M Heap: 540.8M(2048.0M)->543.3M(2048.0M)]
 [Times: user=1.13 sys=0.00, real=0.15 secs] 
2020-09-29T11:58:30.555+0200: 136.856: [GC pause (G1 Evacuation Pause) (young), 0.1725946 secs]
   [Parallel Time: 171.0 ms, GC Workers: 8]
      [GC Worker Start (ms): Min: 136855.8, Avg: 136856.0, Max: 136856.1, Diff: 0.2]
      [Ext Root Scanning (ms): Min: 0.0, Avg: 0.1, Max: 0.3, Diff: 0.2, Sum: 0.8]
      [Update RS (ms): Min: 18.6, Avg: 18.9, Max: 19.8, Diff: 1.2, Sum: 151.3]
         [Processed Buffers: Min: 11, Avg: 12.6, Max: 15, Diff: 4, Sum: 101]
      [Scan RS (ms): Min: 12.6, Avg: 13.4, Max: 13.8, Diff: 1.2, Sum: 107.6]
      [Code Root Scanning (ms): Min: 0.0, Avg: 0.0, Max: 0.0, Diff: 0.0, Sum: 0.0]
      [Object Copy (ms): Min: 137.8, Avg: 138.0, Max: 138.2, Diff: 0.4, Sum: 1103.7]
      [Termination (ms): Min: 0.0, Avg: 0.2, Max: 0.3, Diff: 0.3, Sum: 1.7]
         [Termination Attempts: Min: 1, Avg: 763.0, Max: 1072, Diff: 1071, Sum: 6104]
      [GC Worker Other (ms): Min: 0.0, Avg: 0.0, Max: 0.1, Diff: 0.1, Sum: 0.4]
      [GC Worker Total (ms): Min: 170.6, Avg: 170.7, Max: 170.8, Diff: 0.3, Sum: 1365.5]
      [GC Worker End (ms): Min: 137026.6, Avg: 137026.7, Max: 137026.7, Diff: 0.1]
   [Code Root Fixup: 0.0 ms]
   [Code Root Purge: 0.0 ms]
   [Clear CT: 0.5 ms]
   [Other: 1.1 ms]
      [Choose CSet: 0.0 ms]
      [Ref Proc: 0.2 ms]
      [Ref Enq: 0.0 ms]
      [Redirty Cards: 0.4 ms]
      [Humongous Register: 0.1 ms]
      [Humongous Reclaim: 0.0 ms]
      [Free CSet: 0.2 ms]
   [Eden: 148.0M(148.0M)->0.0B(151.0M) Survivors: 20.0M->21.0M Heap: 716.1M(2048.0M)->718.1M(2048.0M)]
 [Times: user=1.36 sys=0.00, real=0.17 secs] 
2020-09-29T11:58:30.879+0200: 137.180: [GC pause (G1 Evacuation Pause) (young), 0.1701164 secs]
   [Parallel Time: 168.4 ms, GC Workers: 8]
      [GC Worker Start (ms): Min: 137180.0, Avg: 137180.2, Max: 137180.3, Diff: 0.3]
      [Ext Root Scanning (ms): Min: 0.0, Avg: 0.1, Max: 0.3, Diff: 0.3, Sum: 0.9]
      [Update RS (ms): Min: 20.9, Avg: 21.2, Max: 21.7, Diff: 0.8, Sum: 169.3]
         [Processed Buffers: Min: 12, Avg: 13.6, Max: 15, Diff: 3, Sum: 109]
      [Scan RS (ms): Min: 12.5, Avg: 13.0, Max: 13.3, Diff: 0.8, Sum: 104.3]
      [Code Root Scanning (ms): Min: 0.0, Avg: 0.0, Max: 0.0, Diff: 0.0, Sum: 0.0]
      [Object Copy (ms): Min: 133.5, Avg: 133.6, Max: 133.6, Diff: 0.1, Sum: 1068.6]
      [Termination (ms): Min: 0.0, Avg: 0.1, Max: 0.1, Diff: 0.1, Sum: 0.5]
         [Termination Attempts: Min: 1, Avg: 185.5, Max: 233, Diff: 232, Sum: 1484]
      [GC Worker Other (ms): Min: 0.0, Avg: 0.0, Max: 0.1, Diff: 0.1, Sum: 0.3]
      [GC Worker Total (ms): Min: 167.9, Avg: 168.0, Max: 168.2, Diff: 0.3, Sum: 1343.9]
      [GC Worker End (ms): Min: 137348.2, Avg: 137348.2, Max: 137348.2, Diff: 0.1]
   [Code Root Fixup: 0.0 ms]
   [Code Root Purge: 0.0 ms]
   [Clear CT: 0.3 ms]
   [Other: 1.4 ms]
      [Choose CSet: 0.0 ms]
      [Ref Proc: 0.4 ms]
      [Ref Enq: 0.0 ms]
      [Redirty Cards: 0.4 ms]
      [Humongous Register: 0.1 ms]
      [Humongous Reclaim: 0.0 ms]
      [Free CSet: 0.3 ms]
   [Eden: 151.0M(151.0M)->0.0B(154.0M) Survivors: 21.0M->22.0M Heap: 893.9M(2048.0M)->895.4M(2048.0M)]
 [Times: user=1.34 sys=0.00, real=0.17 secs] 
2020-09-29T11:58:31.199+0200: 137.500: [GC pause (G1 Evacuation Pause) (young), 0.2565456 secs]
   [Parallel Time: 254.7 ms, GC Workers: 8]
      [GC Worker Start (ms): Min: 137500.3, Avg: 137504.4, Max: 137532.3, Diff: 32.0]
      [Ext Root Scanning (ms): Min: 0.0, Avg: 0.1, Max: 0.2, Diff: 0.2, Sum: 1.0]
      [Update RS (ms): Min: 0.0, Avg: 19.4, Max: 22.8, Diff: 22.8, Sum: 155.1]
         [Processed Buffers: Min: 0, Avg: 12.0, Max: 14, Diff: 14, Sum: 96]
      [Scan RS (ms): Min: 5.2, Avg: 16.9, Max: 41.6, Diff: 36.4, Sum: 135.3]
      [Code Root Scanning (ms): Min: 0.0, Avg: 0.0, Max: 0.0, Diff: 0.0, Sum: 0.0]
      [Object Copy (ms): Min: 190.2, Avg: 213.3, Max: 217.2, Diff: 27.0, Sum: 1706.6]
      [Termination (ms): Min: 0.0, Avg: 0.5, Max: 0.8, Diff: 0.8, Sum: 4.3]
         [Termination Attempts: Min: 1, Avg: 1706.5, Max: 2419, Diff: 2418, Sum: 13652]
      [GC Worker Other (ms): Min: 0.0, Avg: 0.0, Max: 0.1, Diff: 0.0, Sum: 0.2]
      [GC Worker Total (ms): Min: 222.4, Avg: 250.3, Max: 254.4, Diff: 32.0, Sum: 2002.5]
      [GC Worker End (ms): Min: 137754.7, Avg: 137754.7, Max: 137754.7, Diff: 0.0]
   [Code Root Fixup: 0.0 ms]
   [Code Root Purge: 0.0 ms]
   [Clear CT: 0.5 ms]
   [Other: 1.4 ms]
      [Choose CSet: 0.0 ms]
      [Ref Proc: 0.4 ms]
      [Ref Enq: 0.0 ms]
      [Redirty Cards: 0.4 ms]
      [Humongous Register: 0.1 ms]
      [Humongous Reclaim: 0.0 ms]
      [Free CSet: 0.2 ms]
   [Eden: 154.0M(154.0M)->0.0B(119.0M) Survivors: 22.0M->22.0M Heap: 1074.2M(2048.0M)->1076.2M(2048.0M)]
 [Times: user=1.75 sys=0.00, real=0.26 secs] 
2020-09-29T11:58:31.457+0200: 137.758: [GC pause (G1 Humongous Allocation) (young) (initial-mark), 0.0865895 secs]
   [Parallel Time: 85.0 ms, GC Workers: 8]
      [GC Worker Start (ms): Min: 137758.4, Avg: 137758.5, Max: 137758.6, Diff: 0.3]
      [Ext Root Scanning (ms): Min: 0.0, Avg: 0.6, Max: 1.9, Diff: 1.9, Sum: 5.1]
      [Update RS (ms): Min: 49.9, Avg: 53.1, Max: 62.4, Diff: 12.5, Sum: 425.1]
         [Processed Buffers: Min: 16, Avg: 29.8, Max: 35, Diff: 19, Sum: 238]
      [Scan RS (ms): Min: 0.0, Avg: 0.0, Max: 0.2, Diff: 0.2, Sum: 0.2]
      [Code Root Scanning (ms): Min: 0.0, Avg: 0.0, Max: 0.0, Diff: 0.0, Sum: 0.0]
      [Object Copy (ms): Min: 20.0, Avg: 30.4, Max: 32.5, Diff: 12.5, Sum: 243.6]
      [Termination (ms): Min: 0.0, Avg: 0.1, Max: 0.1, Diff: 0.1, Sum: 0.7]
         [Termination Attempts: Min: 1, Avg: 77.4, Max: 108, Diff: 107, Sum: 619]
      [GC Worker Other (ms): Min: 0.0, Avg: 0.0, Max: 0.0, Diff: 0.0, Sum: 0.1]
      [GC Worker Total (ms): Min: 84.2, Avg: 84.4, Max: 84.5, Diff: 0.3, Sum: 674.9]
      [GC Worker End (ms): Min: 137842.8, Avg: 137842.8, Max: 137842.9, Diff: 0.0]
   [Code Root Fixup: 0.0 ms]
   [Code Root Purge: 0.0 ms]
   [Clear CT: 0.5 ms]
   [Other: 1.1 ms]
      [Choose CSet: 0.0 ms]
      [Ref Proc: 0.3 ms]
      [Ref Enq: 0.0 ms]
      [Redirty Cards: 0.3 ms]
      [Humongous Register: 0.1 ms]
      [Humongous Reclaim: 0.0 ms]
      [Free CSet: 0.1 ms]
   [Eden: 1024.0K(119.0M)->0.0B(133.0M) Survivors: 22.0M->2048.0K Heap: 1076.7M(2048.0M)->1079.7M(2048.0M)]
 [Times: user=0.56 sys=0.00, real=0.09 secs] 
2020-09-29T11:58:31.545+0200: 137.845: [GC concurrent-root-region-scan-start]
2020-09-29T11:58:31.546+0200: 137.846: [GC concurrent-root-region-scan-end, 0.0009365 secs]
2020-09-29T11:58:31.546+0200: 137.846: [GC concurrent-mark-start]
2020-09-29T11:58:31.552+0200: 137.853: [GC concurrent-mark-end, 0.0064005 secs]
2020-09-29T11:58:31.552+0200: 137.853: [GC remark 2020-09-29T11:58:31.552+0200: 137.853: [Finalize Marking, 0.0004272 secs] 2020-09-29T11:58:31.553+0200: 137.854: [GC ref-proc, 0.0006994 secs] 2020-09-29T11:58:31.553+0200: 137.854: [Unloading, 0.0008343 secs], 0.0025400 secs]
 [Times: user=0.00 sys=0.00, real=0.00 secs] 
2020-09-29T11:58:31.555+0200: 137.856: [GC cleanup 1088M->19M(2048M), 0.0022695 secs]
 [Times: user=0.00 sys=0.00, real=0.00 secs] 
2020-09-29T11:58:31.558+0200: 137.859: [GC concurrent-cleanup-start]
2020-09-29T11:58:31.561+0200: 137.862: [GC concurrent-cleanup-end, 0.0029894 secs]
2020-09-29T11:58:31.677+0200: 137.978: [GC pause (G1 Evacuation Pause) (young), 0.1764245 secs]
   [Parallel Time: 175.0 ms, GC Workers: 8]
      [GC Worker Start (ms): Min: 137977.7, Avg: 137977.8, Max: 137977.9, Diff: 0.2]
      [Ext Root Scanning (ms): Min: 0.0, Avg: 0.1, Max: 0.3, Diff: 0.2, Sum: 0.9]
      [Update RS (ms): Min: 20.8, Avg: 22.2, Max: 30.4, Diff: 9.7, Sum: 177.9]
         [Processed Buffers: Min: 0, Avg: 12.3, Max: 17, Diff: 17, Sum: 98]
      [Scan RS (ms): Min: 0.0, Avg: 8.3, Max: 9.8, Diff: 9.8, Sum: 66.1]
      [Code Root Scanning (ms): Min: 0.0, Avg: 0.0, Max: 0.0, Diff: 0.0, Sum: 0.0]
      [Object Copy (ms): Min: 143.7, Avg: 143.9, Max: 144.0, Diff: 0.3, Sum: 1151.5]
      [Termination (ms): Min: 0.0, Avg: 0.0, Max: 0.0, Diff: 0.0, Sum: 0.2]
         [Termination Attempts: Min: 1, Avg: 16.1, Max: 26, Diff: 25, Sum: 129]
      [GC Worker Other (ms): Min: 0.0, Avg: 0.0, Max: 0.1, Diff: 0.0, Sum: 0.3]
      [GC Worker Total (ms): Min: 174.5, Avg: 174.6, Max: 174.7, Diff: 0.2, Sum: 1396.8]
      [GC Worker End (ms): Min: 138152.4, Avg: 138152.4, Max: 138152.5, Diff: 0.1]
   [Code Root Fixup: 0.0 ms]
   [Code Root Purge: 0.0 ms]
   [Clear CT: 0.3 ms]
   [Other: 1.1 ms]
      [Choose CSet: 0.0 ms]
      [Ref Proc: 0.2 ms]
      [Ref Enq: 0.0 ms]
      [Redirty Cards: 0.3 ms]
      [Humongous Register: 0.1 ms]
      [Humongous Reclaim: 0.0 ms]
      [Free CSet: 0.2 ms]
   [Eden: 133.0M(133.0M)->0.0B(115.0M) Survivors: 2048.0K->17.0M Heap: 166.4M(2048.0M)->166.9M(2048.0M)]
 [Times: user=1.27 sys=0.00, real=0.18 secs] 
2020-09-29T11:58:31.963+0200: 138.263: [GC pause (G1 Evacuation Pause) (young), 0.1312321 secs]
   [Parallel Time: 129.6 ms, GC Workers: 8]
      [GC Worker Start (ms): Min: 138263.6, Avg: 138263.7, Max: 138263.9, Diff: 0.3]
      [Ext Root Scanning (ms): Min: 0.0, Avg: 0.1, Max: 0.3, Diff: 0.3, Sum: 0.9]
      [Update RS (ms): Min: 15.4, Avg: 16.0, Max: 16.8, Diff: 1.4, Sum: 127.6]
         [Processed Buffers: Min: 9, Avg: 10.4, Max: 12, Diff: 3, Sum: 83]
      [Scan RS (ms): Min: 9.0, Avg: 9.8, Max: 10.3, Diff: 1.3, Sum: 78.0]
      [Code Root Scanning (ms): Min: 0.0, Avg: 0.0, Max: 0.0, Diff: 0.0, Sum: 0.0]
      [Object Copy (ms): Min: 103.2, Avg: 103.3, Max: 103.4, Diff: 0.2, Sum: 826.5]
      [Termination (ms): Min: 0.0, Avg: 0.0, Max: 0.0, Diff: 0.0, Sum: 0.2]
         [Termination Attempts: Min: 1, Avg: 71.1, Max: 95, Diff: 94, Sum: 569]
      [GC Worker Other (ms): Min: 0.0, Avg: 0.0, Max: 0.1, Diff: 0.1, Sum: 0.4]
      [GC Worker Total (ms): Min: 129.1, Avg: 129.2, Max: 129.3, Diff: 0.3, Sum: 1033.6]
      [GC Worker End (ms): Min: 138392.9, Avg: 138392.9, Max: 138393.0, Diff: 0.1]
   [Code Root Fixup: 0.0 ms]
   [Code Root Purge: 0.0 ms]
   [Clear CT: 0.4 ms]
   [Other: 1.3 ms]
      [Choose CSet: 0.0 ms]
      [Ref Proc: 0.3 ms]
      [Ref Enq: 0.0 ms]
      [Redirty Cards: 0.4 ms]
      [Humongous Register: 0.1 ms]
      [Humongous Reclaim: 0.0 ms]
      [Free CSet: 0.2 ms]
   [Eden: 115.0M(115.0M)->0.0B(123.0M) Survivors: 17.0M->17.0M Heap: 301.0M(2048.0M)->302.5M(2048.0M)]
 [Times: user=1.00 sys=0.00, real=0.13 secs] 
2020-09-29T11:58:32.211+0200: 138.512: [GC pause (G1 Evacuation Pause) (young), 0.1410632 secs]
   [Parallel Time: 138.3 ms, GC Workers: 8]
      [GC Worker Start (ms): Min: 138511.6, Avg: 138511.8, Max: 138511.9, Diff: 0.3]
      [Ext Root Scanning (ms): Min: 0.0, Avg: 0.1, Max: 0.2, Diff: 0.2, Sum: 0.8]
      [Update RS (ms): Min: 16.8, Avg: 17.3, Max: 17.7, Diff: 1.0, Sum: 138.3]
         [Processed Buffers: Min: 11, Avg: 11.9, Max: 13, Diff: 2, Sum: 95]
      [Scan RS (ms): Min: 9.5, Avg: 9.9, Max: 10.5, Diff: 1.0, Sum: 79.4]
      [Code Root Scanning (ms): Min: 0.0, Avg: 0.0, Max: 0.0, Diff: 0.0, Sum: 0.0]
      [Object Copy (ms): Min: 110.5, Avg: 110.5, Max: 110.6, Diff: 0.1, Sum: 884.2]
      [Termination (ms): Min: 0.0, Avg: 0.1, Max: 0.1, Diff: 0.1, Sum: 0.7]
         [Termination Attempts: Min: 1, Avg: 284.5, Max: 352, Diff: 351, Sum: 2276]
      [GC Worker Other (ms): Min: 0.0, Avg: 0.0, Max: 0.1, Diff: 0.1, Sum: 0.3]
      [GC Worker Total (ms): Min: 137.8, Avg: 138.0, Max: 138.1, Diff: 0.2, Sum: 1103.7]
      [GC Worker End (ms): Min: 138649.7, Avg: 138649.7, Max: 138649.8, Diff: 0.1]
   [Code Root Fixup: 0.0 ms]
   [Code Root Purge: 0.0 ms]
   [Clear CT: 0.5 ms]
   [Other: 2.2 ms]
      [Choose CSet: 0.0 ms]
      [Ref Proc: 0.4 ms]
      [Ref Enq: 0.0 ms]
      [Redirty Cards: 1.4 ms]
      [Humongous Register: 0.1 ms]
      [Humongous Reclaim: 0.0 ms]
      [Free CSet: 0.2 ms]
   [Eden: 123.0M(123.0M)->0.0B(134.0M) Survivors: 17.0M->18.0M Heap: 446.4M(2048.0M)->447.9M(2048.0M)]
 [Times: user=1.11 sys=0.00, real=0.14 secs] 
2020-09-29T11:58:32.474+0200: 138.775: [GC pause (G1 Evacuation Pause) (young), 0.0757266 secs]
   [Parallel Time: 74.5 ms, GC Workers: 8]
      [GC Worker Start (ms): Min: 138774.8, Avg: 138775.0, Max: 138775.0, Diff: 0.2]
      [Ext Root Scanning (ms): Min: 0.0, Avg: 0.1, Max: 0.2, Diff: 0.2, Sum: 0.4]
      [Update RS (ms): Min: 10.4, Avg: 10.5, Max: 10.7, Diff: 0.3, Sum: 84.2]
         [Processed Buffers: Min: 11, Avg: 13.4, Max: 17, Diff: 6, Sum: 107]
      [Scan RS (ms): Min: 5.3, Avg: 5.5, Max: 5.6, Diff: 0.3, Sum: 44.0]
      [Code Root Scanning (ms): Min: 0.0, Avg: 0.0, Max: 0.0, Diff: 0.0, Sum: 0.0]
      [Object Copy (ms): Min: 58.1, Avg: 58.1, Max: 58.1, Diff: 0.1, Sum: 464.7]
      [Termination (ms): Min: 0.0, Avg: 0.0, Max: 0.0, Diff: 0.0, Sum: 0.2]
         [Termination Attempts: Min: 1, Avg: 181.4, Max: 225, Diff: 224, Sum: 1451]
      [GC Worker Other (ms): Min: 0.0, Avg: 0.0, Max: 0.0, Diff: 0.0, Sum: 0.2]
      [GC Worker Total (ms): Min: 74.2, Avg: 74.2, Max: 74.3, Diff: 0.2, Sum: 593.7]
      [GC Worker End (ms): Min: 138849.2, Avg: 138849.2, Max: 138849.2, Diff: 0.0]
   [Code Root Fixup: 0.0 ms]
   [Code Root Purge: 0.0 ms]
   [Clear CT: 0.4 ms]
   [Other: 0.8 ms]
      [Choose CSet: 0.0 ms]
      [Ref Proc: 0.2 ms]
      [Ref Enq: 0.0 ms]
      [Redirty Cards: 0.3 ms]
      [Humongous Register: 0.0 ms]
      [Humongous Reclaim: 0.0 ms]
      [Free CSet: 0.1 ms]
   [Eden: 134.0M(134.0M)->0.0B(161.0M) Survivors: 18.0M->19.0M Heap: 604.8M(2048.0M)->606.3M(2048.0M)]
 [Times: user=0.50 sys=0.00, real=0.08 secs] 
2020-09-29T11:58:32.631+0200: 138.931: [GC pause (G1 Evacuation Pause) (young), 0.0876140 secs]
   [Parallel Time: 86.3 ms, GC Workers: 8]
      [GC Worker Start (ms): Min: 138931.5, Avg: 138931.6, Max: 138931.7, Diff: 0.2]
      [Ext Root Scanning (ms): Min: 0.0, Avg: 0.1, Max: 0.2, Diff: 0.2, Sum: 0.5]
      [Update RS (ms): Min: 10.3, Avg: 10.4, Max: 10.7, Diff: 0.4, Sum: 82.9]
         [Processed Buffers: Min: 12, Avg: 13.8, Max: 17, Diff: 5, Sum: 110]
      [Scan RS (ms): Min: 6.7, Avg: 7.0, Max: 7.1, Diff: 0.5, Sum: 56.1]
      [Code Root Scanning (ms): Min: 0.0, Avg: 0.0, Max: 0.0, Diff: 0.0, Sum: 0.0]
      [Object Copy (ms): Min: 68.6, Avg: 68.6, Max: 68.7, Diff: 0.1, Sum: 548.9]
      [Termination (ms): Min: 0.0, Avg: 0.1, Max: 0.1, Diff: 0.1, Sum: 0.4]
         [Termination Attempts: Min: 1, Avg: 344.5, Max: 424, Diff: 423, Sum: 2756]
      [GC Worker Other (ms): Min: 0.0, Avg: 0.0, Max: 0.1, Diff: 0.0, Sum: 0.2]
      [GC Worker Total (ms): Min: 86.1, Avg: 86.1, Max: 86.2, Diff: 0.2, Sum: 689.1]
      [GC Worker End (ms): Min: 139017.8, Avg: 139017.8, Max: 139017.8, Diff: 0.0]
   [Code Root Fixup: 0.0 ms]
   [Code Root Purge: 0.0 ms]
   [Clear CT: 0.2 ms]
   [Other: 1.0 ms]
      [Choose CSet: 0.0 ms]
      [Ref Proc: 0.2 ms]
      [Ref Enq: 0.0 ms]
      [Redirty Cards: 0.4 ms]
      [Humongous Register: 0.0 ms]
      [Humongous Reclaim: 0.0 ms]
      [Free CSet: 0.2 ms]
   [Eden: 161.0M(161.0M)->0.0B(185.0M) Survivors: 19.0M->23.0M Heap: 794.0M(2048.0M)->796.5M(2048.0M)]
 [Times: user=0.63 sys=0.00, real=0.09 secs] 
2020-09-29T11:58:32.806+0200: 139.107: [GC pause (G1 Evacuation Pause) (young), 0.0958392 secs]
   [Parallel Time: 94.6 ms, GC Workers: 8]
      [GC Worker Start (ms): Min: 139107.4, Avg: 139107.4, Max: 139107.4, Diff: 0.1]
      [Ext Root Scanning (ms): Min: 0.0, Avg: 0.1, Max: 0.1, Diff: 0.1, Sum: 0.6]
      [Update RS (ms): Min: 10.3, Avg: 10.4, Max: 10.7, Diff: 0.5, Sum: 83.5]
         [Processed Buffers: Min: 13, Avg: 13.9, Max: 15, Diff: 2, Sum: 111]
      [Scan RS (ms): Min: 8.2, Avg: 8.5, Max: 8.7, Diff: 0.5, Sum: 68.1]
      [Code Root Scanning (ms): Min: 0.0, Avg: 0.0, Max: 0.0, Diff: 0.0, Sum: 0.0]
      [Object Copy (ms): Min: 75.4, Avg: 75.5, Max: 75.5, Diff: 0.1, Sum: 603.8]
      [Termination (ms): Min: 0.0, Avg: 0.0, Max: 0.0, Diff: 0.0, Sum: 0.1]
         [Termination Attempts: Min: 1, Avg: 103.3, Max: 129, Diff: 128, Sum: 826]
      [GC Worker Other (ms): Min: 0.0, Avg: 0.0, Max: 0.0, Diff: 0.0, Sum: 0.2]
      [GC Worker Total (ms): Min: 94.5, Avg: 94.5, Max: 94.6, Diff: 0.1, Sum: 756.3]
      [GC Worker End (ms): Min: 139201.9, Avg: 139201.9, Max: 139202.0, Diff: 0.0]
   [Code Root Fixup: 0.0 ms]
   [Code Root Purge: 0.0 ms]
   [Clear CT: 0.5 ms]
   [Other: 0.7 ms]
      [Choose CSet: 0.0 ms]
      [Ref Proc: 0.2 ms]
      [Ref Enq: 0.0 ms]
      [Redirty Cards: 0.2 ms]
      [Humongous Register: 0.1 ms]
      [Humongous Reclaim: 0.0 ms]
      [Free CSet: 0.1 ms]
   [Eden: 185.0M(185.0M)->0.0B(215.0M) Survivors: 23.0M->26.0M Heap: 1012.1M(2048.0M)->1014.6M(2048.0M)]
 [Times: user=0.73 sys=0.00, real=0.10 secs] 
2020-09-29T11:58:32.915+0200: 139.216: [GC pause (G1 Humongous Allocation) (young) (initial-mark), 0.0389547 secs]
   [Parallel Time: 38.3 ms, GC Workers: 8]
      [GC Worker Start (ms): Min: 139215.8, Avg: 139215.9, Max: 139216.0, Diff: 0.3]
      [Ext Root Scanning (ms): Min: 0.0, Avg: 0.2, Max: 0.3, Diff: 0.3, Sum: 1.8]
      [Update RS (ms): Min: 22.9, Avg: 23.1, Max: 23.6, Diff: 0.7, Sum: 184.8]
         [Processed Buffers: Min: 25, Avg: 28.4, Max: 31, Diff: 6, Sum: 227]
      [Scan RS (ms): Min: 1.1, Avg: 1.6, Max: 1.8, Diff: 0.7, Sum: 12.6]
      [Code Root Scanning (ms): Min: 0.0, Avg: 0.0, Max: 0.0, Diff: 0.0, Sum: 0.0]
      [Object Copy (ms): Min: 13.1, Avg: 13.1, Max: 13.2, Diff: 0.1, Sum: 105.0]
      [Termination (ms): Min: 0.0, Avg: 0.0, Max: 0.0, Diff: 0.0, Sum: 0.1]
         [Termination Attempts: Min: 1, Avg: 76.8, Max: 103, Diff: 102, Sum: 614]
      [GC Worker Other (ms): Min: 0.0, Avg: 0.0, Max: 0.0, Diff: 0.0, Sum: 0.1]
      [GC Worker Total (ms): Min: 37.9, Avg: 38.1, Max: 38.1, Diff: 0.3, Sum: 304.4]
      [GC Worker End (ms): Min: 139253.9, Avg: 139253.9, Max: 139253.9, Diff: 0.0]
   [Code Root Fixup: 0.0 ms]
   [Code Root Purge: 0.0 ms]
   [Clear CT: 0.1 ms]
   [Other: 0.6 ms]
      [Choose CSet: 0.0 ms]
      [Ref Proc: 0.2 ms]
      [Ref Enq: 0.0 ms]
      [Redirty Cards: 0.1 ms]
      [Humongous Register: 0.0 ms]
      [Humongous Reclaim: 0.0 ms]
      [Free CSet: 0.0 ms]
   [Eden: 8192.0K(215.0M)->0.0B(259.0M) Survivors: 26.0M->10.0M Heap: 1022.1M(2048.0M)->1026.6M(2048.0M)]
 [Times: user=0.25 sys=0.00, real=0.04 secs] 
2020-09-29T11:58:32.954+0200: 139.255: [GC concurrent-root-region-scan-start]
2020-09-29T11:58:32.955+0200: 139.256: [GC concurrent-root-region-scan-end, 0.0014278 secs]
2020-09-29T11:58:32.955+0200: 139.256: [GC concurrent-mark-start]
2020-09-29T11:58:32.957+0200: 139.258: [GC concurrent-mark-end, 0.0021265 secs]
2020-09-29T11:58:32.958+0200: 139.258: [GC remark 2020-09-29T11:58:32.958+0200: 139.258: [Finalize Marking, 0.0002071 secs] 2020-09-29T11:58:32.958+0200: 139.259: [GC ref-proc, 0.0002806 secs] 2020-09-29T11:58:32.958+0200: 139.259: [Unloading, 0.0004280 secs], 0.0011940 secs]
 [Times: user=0.00 sys=0.00, real=0.00 secs] 
2020-09-29T11:58:32.959+0200: 139.260: [GC cleanup 1036M->28M(2048M), 0.0010512 secs]
 [Times: user=0.00 sys=0.00, real=0.00 secs] 
2020-09-29T11:58:32.960+0200: 139.261: [GC concurrent-cleanup-start]
2020-09-29T11:58:32.961+0200: 139.262: [GC concurrent-cleanup-end, 0.0010976 secs]
2020-09-29T11:58:33.081+0200: 139.381: [GC pause (G1 Evacuation Pause) (young), 0.1198911 secs]
   [Parallel Time: 118.9 ms, GC Workers: 8]
      [GC Worker Start (ms): Min: 139381.5, Avg: 139381.6, Max: 139381.6, Diff: 0.2]
      [Ext Root Scanning (ms): Min: 0.0, Avg: 0.1, Max: 0.2, Diff: 0.1, Sum: 0.5]
      [Update RS (ms): Min: 11.1, Avg: 11.4, Max: 11.8, Diff: 0.7, Sum: 91.0]
         [Processed Buffers: Min: 13, Avg: 14.5, Max: 16, Diff: 3, Sum: 116]
      [Scan RS (ms): Min: 11.8, Avg: 12.2, Max: 12.4, Diff: 0.6, Sum: 97.3]
      [Code Root Scanning (ms): Min: 0.0, Avg: 0.0, Max: 0.0, Diff: 0.0, Sum: 0.0]
      [Object Copy (ms): Min: 95.0, Avg: 95.1, Max: 95.2, Diff: 0.2, Sum: 760.6]
      [Termination (ms): Min: 0.0, Avg: 0.0, Max: 0.0, Diff: 0.0, Sum: 0.1]
         [Termination Attempts: Min: 1, Avg: 89.8, Max: 115, Diff: 114, Sum: 718]
      [GC Worker Other (ms): Min: 0.0, Avg: 0.0, Max: 0.1, Diff: 0.0, Sum: 0.3]
      [GC Worker Total (ms): Min: 118.6, Avg: 118.7, Max: 118.8, Diff: 0.2, Sum: 949.7]
      [GC Worker End (ms): Min: 139500.2, Avg: 139500.3, Max: 139500.3, Diff: 0.0]
   [Code Root Fixup: 0.0 ms]
   [Code Root Purge: 0.0 ms]
   [Clear CT: 0.2 ms]
   [Other: 0.8 ms]
      [Choose CSet: 0.0 ms]
      [Ref Proc: 0.1 ms]
      [Ref Enq: 0.0 ms]
      [Redirty Cards: 0.2 ms]
      [Humongous Register: 0.0 ms]
      [Humongous Reclaim: 0.0 ms]
      [Free CSet: 0.2 ms]
   [Eden: 259.0M(259.0M)->0.0B(258.0M) Survivors: 10.0M->34.0M Heap: 321.4M(2048.0M)->314.4M(2048.0M)]
 [Times: user=1.00 sys=0.00, real=0.12 secs] 
2020-09-29T11:58:33.333+0200: 139.634: [GC pause (G1 Evacuation Pause) (young), 0.1471849 secs]
   [Parallel Time: 146.2 ms, GC Workers: 8]
      [GC Worker Start (ms): Min: 139634.3, Avg: 139634.4, Max: 139634.4, Diff: 0.2]
      [Ext Root Scanning (ms): Min: 0.0, Avg: 0.1, Max: 0.2, Diff: 0.2, Sum: 0.5]
      [Update RS (ms): Min: 14.5, Avg: 14.6, Max: 14.8, Diff: 0.3, Sum: 116.6]
         [Processed Buffers: Min: 15, Avg: 17.3, Max: 20, Diff: 5, Sum: 138]
      [Scan RS (ms): Min: 15.0, Avg: 15.1, Max: 15.3, Diff: 0.3, Sum: 120.6]
      [Code Root Scanning (ms): Min: 0.0, Avg: 0.0, Max: 0.0, Diff: 0.0, Sum: 0.0]
      [Object Copy (ms): Min: 116.1, Avg: 116.2, Max: 116.3, Diff: 0.2, Sum: 929.9]
      [Termination (ms): Min: 0.0, Avg: 0.1, Max: 0.1, Diff: 0.1, Sum: 0.5]
         [Termination Attempts: Min: 1, Avg: 361.1, Max: 463, Diff: 462, Sum: 2889]
      [GC Worker Other (ms): Min: 0.0, Avg: 0.0, Max: 0.1, Diff: 0.1, Sum: 0.3]
      [GC Worker Total (ms): Min: 146.0, Avg: 146.0, Max: 146.1, Diff: 0.2, Sum: 1168.3]
      [GC Worker End (ms): Min: 139780.4, Avg: 139780.4, Max: 139780.4, Diff: 0.0]
   [Code Root Fixup: 0.0 ms]
   [Code Root Purge: 0.0 ms]
   [Clear CT: 0.2 ms]
   [Other: 0.8 ms]
      [Choose CSet: 0.0 ms]
      [Ref Proc: 0.2 ms]
      [Ref Enq: 0.0 ms]
      [Redirty Cards: 0.2 ms]
      [Humongous Register: 0.0 ms]
      [Humongous Reclaim: 0.0 ms]
      [Free CSet: 0.2 ms]
   [Eden: 258.0M(258.0M)->0.0B(262.0M) Survivors: 34.0M->37.0M Heap: 616.2M(2048.0M)->618.2M(2048.0M)]
 [Times: user=1.13 sys=0.00, real=0.15 secs] 
2020-09-29T11:58:33.616+0200: 139.917: [GC pause (G1 Evacuation Pause) (young), 0.1441992 secs]
   [Parallel Time: 143.2 ms, GC Workers: 8]
      [GC Worker Start (ms): Min: 139916.8, Avg: 139916.9, Max: 139916.9, Diff: 0.2]
      [Ext Root Scanning (ms): Min: 0.0, Avg: 0.1, Max: 0.2, Diff: 0.2, Sum: 0.5]
      [Update RS (ms): Min: 18.5, Avg: 18.6, Max: 18.7, Diff: 0.2, Sum: 148.5]
         [Processed Buffers: Min: 20, Avg: 22.4, Max: 25, Diff: 5, Sum: 179]
      [Scan RS (ms): Min: 12.0, Avg: 12.1, Max: 12.2, Diff: 0.2, Sum: 97.0]
      [Code Root Scanning (ms): Min: 0.0, Avg: 0.0, Max: 0.0, Diff: 0.0, Sum: 0.0]
      [Object Copy (ms): Min: 112.1, Avg: 112.2, Max: 112.3, Diff: 0.2, Sum: 897.5]
      [Termination (ms): Min: 0.0, Avg: 0.0, Max: 0.0, Diff: 0.0, Sum: 0.0]
         [Termination Attempts: Min: 1, Avg: 4.5, Max: 8, Diff: 7, Sum: 36]
      [GC Worker Other (ms): Min: 0.0, Avg: 0.0, Max: 0.1, Diff: 0.1, Sum: 0.3]
      [GC Worker Total (ms): Min: 142.9, Avg: 143.0, Max: 143.1, Diff: 0.2, Sum: 1143.8]
      [GC Worker End (ms): Min: 140059.8, Avg: 140059.9, Max: 140059.9, Diff: 0.1]
   [Code Root Fixup: 0.0 ms]
   [Code Root Purge: 0.0 ms]
   [Clear CT: 0.2 ms]
   [Other: 0.8 ms]
      [Choose CSet: 0.0 ms]
      [Ref Proc: 0.1 ms]
      [Ref Enq: 0.0 ms]
      [Redirty Cards: 0.2 ms]
      [Humongous Register: 0.0 ms]
      [Humongous Reclaim: 0.0 ms]
      [Free CSet: 0.2 ms]
   [Eden: 262.0M(262.0M)->0.0B(278.0M) Survivors: 37.0M->38.0M Heap: 924.1M(2048.0M)->927.1M(2048.0M)]
 [Times: user=1.11 sys=0.02, real=0.14 secs] 
2020-09-29T11:58:33.834+0200: 140.135: [GC pause (G1 Humongous Allocation) (young) (initial-mark), 0.0926292 secs]
   [Parallel Time: 91.5 ms, GC Workers: 8]
      [GC Worker Start (ms): Min: 140135.5, Avg: 140135.6, Max: 140135.6, Diff: 0.1]
      [Ext Root Scanning (ms): Min: 0.0, Avg: 0.1, Max: 0.1, Diff: 0.1, Sum: 0.6]
      [Update RS (ms): Min: 15.0, Avg: 15.5, Max: 15.8, Diff: 0.8, Sum: 124.0]
         [Processed Buffers: Min: 16, Avg: 18.0, Max: 19, Diff: 3, Sum: 144]
      [Scan RS (ms): Min: 4.9, Avg: 5.3, Max: 5.8, Diff: 0.8, Sum: 42.3]
      [Code Root Scanning (ms): Min: 0.0, Avg: 0.0, Max: 0.0, Diff: 0.0, Sum: 0.0]
      [Object Copy (ms): Min: 70.4, Avg: 70.5, Max: 70.5, Diff: 0.0, Sum: 563.8]
      [Termination (ms): Min: 0.0, Avg: 0.0, Max: 0.0, Diff: 0.0, Sum: 0.0]
         [Termination Attempts: Min: 1, Avg: 23.8, Max: 41, Diff: 40, Sum: 190]
      [GC Worker Other (ms): Min: 0.0, Avg: 0.0, Max: 0.1, Diff: 0.0, Sum: 0.2]
      [GC Worker Total (ms): Min: 91.3, Avg: 91.4, Max: 91.4, Diff: 0.1, Sum: 731.0]
      [GC Worker End (ms): Min: 140227.0, Avg: 140227.0, Max: 140227.0, Diff: 0.0]
   [Code Root Fixup: 0.0 ms]
   [Code Root Purge: 0.0 ms]
   [Clear CT: 0.2 ms]
   [Other: 0.9 ms]
      [Choose CSet: 0.0 ms]
      [Ref Proc: 0.2 ms]
      [Ref Enq: 0.0 ms]
      [Redirty Cards: 0.3 ms]
      [Humongous Register: 0.0 ms]
      [Humongous Reclaim: 0.0 ms]
      [Free CSet: 0.1 ms]
   [Eden: 149.0M(278.0M)->0.0B(303.0M) Survivors: 38.0M->40.0M Heap: 1098.5M(2048.0M)->1099.5M(2048.0M)]
 [Times: user=0.75 sys=0.00, real=0.09 secs] 
2020-09-29T11:58:33.927+0200: 140.228: [GC concurrent-root-region-scan-start]
2020-09-29T11:58:33.940+0200: 140.241: [GC concurrent-root-region-scan-end, 0.0127399 secs]
2020-09-29T11:58:33.940+0200: 140.241: [GC concurrent-mark-start]
2020-09-29T11:58:33.942+0200: 140.243: [GC concurrent-mark-end, 0.0024951 secs]
2020-09-29T11:58:33.943+0200: 140.243: [GC remark 2020-09-29T11:58:33.943+0200: 140.244: [Finalize Marking, 0.0001836 secs] 2020-09-29T11:58:33.943+0200: 140.244: [GC ref-proc, 0.0002716 secs] 2020-09-29T11:58:33.943+0200: 140.244: [Unloading, 0.0004905 secs], 0.0013311 secs]
 [Times: user=0.00 sys=0.00, real=0.00 secs] 
2020-09-29T11:58:33.944+0200: 140.245: [GC cleanup 1134M->83M(2048M), 0.0012869 secs]
 [Times: user=0.00 sys=0.00, real=0.00 secs] 
2020-09-29T11:58:33.946+0200: 140.246: [GC concurrent-cleanup-start]
2020-09-29T11:58:33.947+0200: 140.248: [GC concurrent-cleanup-end, 0.0011557 secs]
2020-09-29T11:58:34.084+0200: 140.384: [GC pause (G1 Evacuation Pause) (young), 0.1514906 secs]
   [Parallel Time: 150.3 ms, GC Workers: 8]
      [GC Worker Start (ms): Min: 140383.9, Avg: 140384.0, Max: 140384.1, Diff: 0.2]
      [Ext Root Scanning (ms): Min: 0.0, Avg: 0.1, Max: 0.2, Diff: 0.2, Sum: 0.5]
      [Update RS (ms): Min: 18.8, Avg: 19.0, Max: 19.2, Diff: 0.4, Sum: 151.7]
         [Processed Buffers: Min: 21, Avg: 23.4, Max: 26, Diff: 5, Sum: 187]
      [Scan RS (ms): Min: 11.2, Avg: 11.4, Max: 11.7, Diff: 0.4, Sum: 91.5]
      [Code Root Scanning (ms): Min: 0.0, Avg: 0.0, Max: 0.0, Diff: 0.0, Sum: 0.0]
      [Object Copy (ms): Min: 119.4, Avg: 119.5, Max: 119.6, Diff: 0.2, Sum: 956.3]
      [Termination (ms): Min: 0.0, Avg: 0.1, Max: 0.1, Diff: 0.1, Sum: 0.4]
         [Termination Attempts: Min: 1, Avg: 367.6, Max: 460, Diff: 459, Sum: 2941]
      [GC Worker Other (ms): Min: 0.0, Avg: 0.0, Max: 0.1, Diff: 0.0, Sum: 0.2]
      [GC Worker Total (ms): Min: 150.0, Avg: 150.1, Max: 150.2, Diff: 0.2, Sum: 1200.7]
      [GC Worker End (ms): Min: 140534.1, Avg: 140534.1, Max: 140534.1, Diff: 0.0]
   [Code Root Fixup: 0.0 ms]
   [Code Root Purge: 0.0 ms]
   [Clear CT: 0.2 ms]
   [Other: 0.9 ms]
      [Choose CSet: 0.0 ms]
      [Ref Proc: 0.2 ms]
      [Ref Enq: 0.0 ms]
      [Redirty Cards: 0.3 ms]
      [Humongous Register: 0.0 ms]
      [Humongous Reclaim: 0.0 ms]
      [Free CSet: 0.2 ms]
   [Eden: 303.0M(303.0M)->0.0B(312.0M) Survivors: 40.0M->43.0M Heap: 403.5M(2048.0M)->366.0M(2048.0M)]
 [Times: user=1.13 sys=0.00, real=0.15 secs] 
2020-09-29T11:58:34.403+0200: 140.704: [GC pause (G1 Evacuation Pause) (young), 0.1818158 secs]
   [Parallel Time: 180.7 ms, GC Workers: 8]
      [GC Worker Start (ms): Min: 140704.2, Avg: 140704.3, Max: 140704.3, Diff: 0.1]
      [Ext Root Scanning (ms): Min: 0.0, Avg: 0.1, Max: 0.1, Diff: 0.1, Sum: 0.5]
      [Update RS (ms): Min: 23.9, Avg: 24.2, Max: 24.6, Diff: 0.6, Sum: 193.3]
         [Processed Buffers: Min: 24, Avg: 26.9, Max: 29, Diff: 5, Sum: 215]
      [Scan RS (ms): Min: 14.4, Avg: 14.9, Max: 15.3, Diff: 0.8, Sum: 119.6]
      [Code Root Scanning (ms): Min: 0.0, Avg: 0.0, Max: 0.0, Diff: 0.0, Sum: 0.0]
      [Object Copy (ms): Min: 140.9, Avg: 141.1, Max: 141.3, Diff: 0.3, Sum: 1129.0]
      [Termination (ms): Min: 0.0, Avg: 0.2, Max: 0.4, Diff: 0.4, Sum: 1.8]
         [Termination Attempts: Min: 1, Avg: 1504.6, Max: 2106, Diff: 2105, Sum: 12037]
      [GC Worker Other (ms): Min: 0.0, Avg: 0.0, Max: 0.1, Diff: 0.1, Sum: 0.3]
      [GC Worker Total (ms): Min: 180.5, Avg: 180.6, Max: 180.7, Diff: 0.2, Sum: 1444.6]
      [GC Worker End (ms): Min: 140884.8, Avg: 140884.8, Max: 140884.9, Diff: 0.1]
   [Code Root Fixup: 0.0 ms]
   [Code Root Purge: 0.0 ms]
   [Clear CT: 0.2 ms]
   [Other: 0.9 ms]
      [Choose CSet: 0.0 ms]
      [Ref Proc: 0.2 ms]
      [Ref Enq: 0.0 ms]
      [Redirty Cards: 0.3 ms]
      [Humongous Register: 0.0 ms]
      [Humongous Reclaim: 0.0 ms]
      [Free CSet: 0.2 ms]
   [Eden: 312.0M(312.0M)->0.0B(300.0M) Survivors: 43.0M->45.0M Heap: 729.5M(2048.0M)->731.0M(2048.0M)]
 [Times: user=1.48 sys=0.01, real=0.18 secs] 
2020-09-29T11:58:34.739+0200: 141.039: [GC pause (G1 Evacuation Pause) (young), 0.1589935 secs]
   [Parallel Time: 157.8 ms, GC Workers: 8]
      [GC Worker Start (ms): Min: 141039.4, Avg: 141039.5, Max: 141039.6, Diff: 0.1]
      [Ext Root Scanning (ms): Min: 0.0, Avg: 0.1, Max: 0.1, Diff: 0.1, Sum: 0.5]
      [Update RS (ms): Min: 14.2, Avg: 14.4, Max: 15.0, Diff: 0.8, Sum: 115.4]
         [Processed Buffers: Min: 16, Avg: 17.4, Max: 18, Diff: 2, Sum: 139]
      [Scan RS (ms): Min: 15.1, Avg: 15.6, Max: 15.9, Diff: 0.8, Sum: 125.1]
      [Code Root Scanning (ms): Min: 0.0, Avg: 0.0, Max: 0.0, Diff: 0.0, Sum: 0.0]
      [Object Copy (ms): Min: 127.2, Avg: 127.3, Max: 127.4, Diff: 0.2, Sum: 1018.3]
      [Termination (ms): Min: 0.0, Avg: 0.1, Max: 0.1, Diff: 0.1, Sum: 0.7]
         [Termination Attempts: Min: 1, Avg: 590.1, Max: 830, Diff: 829, Sum: 4721]
      [GC Worker Other (ms): Min: 0.0, Avg: 0.0, Max: 0.1, Diff: 0.0, Sum: 0.2]
      [GC Worker Total (ms): Min: 157.5, Avg: 157.6, Max: 157.6, Diff: 0.1, Sum: 1260.4]
      [GC Worker End (ms): Min: 141197.1, Avg: 141197.1, Max: 141197.1, Diff: 0.0]
   [Code Root Fixup: 0.0 ms]
   [Code Root Purge: 0.0 ms]
   [Clear CT: 0.2 ms]
   [Other: 1.0 ms]
      [Choose CSet: 0.0 ms]
      [Ref Proc: 0.2 ms]
      [Ref Enq: 0.0 ms]
      [Redirty Cards: 0.3 ms]
      [Humongous Register: 0.0 ms]
      [Humongous Reclaim: 0.0 ms]
      [Free CSet: 0.3 ms]
   [Eden: 300.0M(300.0M)->0.0B(307.0M) Survivors: 45.0M->44.0M Heap: 1080.6M(2048.0M)->1082.1M(2048.0M)]
 [Times: user=1.25 sys=0.00, real=0.16 secs] 
2020-09-29T11:58:34.904+0200: 141.205: [GC pause (G1 Humongous Allocation) (young) (initial-mark), 0.0589938 secs]
   [Parallel Time: 58.3 ms, GC Workers: 8]
      [GC Worker Start (ms): Min: 141205.1, Avg: 141205.1, Max: 141205.2, Diff: 0.1]
      [Ext Root Scanning (ms): Min: 0.0, Avg: 0.1, Max: 0.1, Diff: 0.1, Sum: 0.6]
      [Update RS (ms): Min: 37.9, Avg: 38.2, Max: 38.5, Diff: 0.6, Sum: 305.9]
         [Processed Buffers: Min: 39, Avg: 47.5, Max: 50, Diff: 11, Sum: 380]
      [Scan RS (ms): Min: 2.2, Avg: 2.6, Max: 2.9, Diff: 0.7, Sum: 20.6]
      [Code Root Scanning (ms): Min: 0.0, Avg: 0.0, Max: 0.0, Diff: 0.0, Sum: 0.0]
      [Object Copy (ms): Min: 17.1, Avg: 17.2, Max: 17.3, Diff: 0.2, Sum: 137.9]
      [Termination (ms): Min: 0.0, Avg: 0.0, Max: 0.0, Diff: 0.0, Sum: 0.2]
         [Termination Attempts: Min: 1, Avg: 149.0, Max: 186, Diff: 185, Sum: 1192]
      [GC Worker Other (ms): Min: 0.0, Avg: 0.0, Max: 0.0, Diff: 0.0, Sum: 0.1]
      [GC Worker Total (ms): Min: 58.1, Avg: 58.2, Max: 58.2, Diff: 0.1, Sum: 465.3]
      [GC Worker End (ms): Min: 141263.3, Avg: 141263.3, Max: 141263.3, Diff: 0.0]
   [Code Root Fixup: 0.0 ms]
   [Code Root Purge: 0.0 ms]
   [Clear CT: 0.2 ms]
   [Other: 0.5 ms]
      [Choose CSet: 0.0 ms]
      [Ref Proc: 0.1 ms]
      [Ref Enq: 0.0 ms]
      [Redirty Cards: 0.1 ms]
      [Humongous Register: 0.0 ms]
      [Humongous Reclaim: 0.0 ms]
      [Free CSet: 0.0 ms]
   [Eden: 1024.0K(307.0M)->0.0B(366.0M) Survivors: 44.0M->2048.0K Heap: 1083.1M(2048.0M)->1086.1M(2048.0M)]
 [Times: user=0.48 sys=0.00, real=0.06 secs] 
2020-09-29T11:58:34.963+0200: 141.264: [GC concurrent-root-region-scan-start]
2020-09-29T11:58:34.964+0200: 141.264: [GC concurrent-root-region-scan-end, 0.0002305 secs]
2020-09-29T11:58:34.964+0200: 141.264: [GC concurrent-mark-start]
2020-09-29T11:58:34.966+0200: 141.267: [GC concurrent-mark-end, 0.0022719 secs]
2020-09-29T11:58:34.966+0200: 141.267: [GC remark 2020-09-29T11:58:34.966+0200: 141.267: [Finalize Marking, 0.0001779 secs] 2020-09-29T11:58:34.966+0200: 141.267: [GC ref-proc, 0.0002633 secs] 2020-09-29T11:58:34.966+0200: 141.267: [Unloading, 0.0004201 secs], 0.0011859 secs]
 [Times: user=0.00 sys=0.00, real=0.00 secs] 
2020-09-29T11:58:34.968+0200: 141.268: [GC cleanup 1093M->18M(2048M), 0.0010019 secs]
 [Times: user=0.00 sys=0.00, real=0.00 secs] 
2020-09-29T11:58:34.969+0200: 141.269: [GC concurrent-cleanup-start]
2020-09-29T11:58:34.970+0200: 141.271: [GC concurrent-cleanup-end, 0.0012178 secs]
2020-09-29T11:58:35.141+0200: 141.441: [GC pause (G1 Evacuation Pause) (young), 0.1793383 secs]
   [Parallel Time: 178.2 ms, GC Workers: 8]
      [GC Worker Start (ms): Min: 141441.5, Avg: 141441.6, Max: 141441.7, Diff: 0.2]
      [Ext Root Scanning (ms): Min: 0.0, Avg: 0.1, Max: 0.2, Diff: 0.2, Sum: 0.5]
      [Update RS (ms): Min: 15.9, Avg: 16.2, Max: 16.7, Diff: 0.8, Sum: 129.3]
         [Processed Buffers: Min: 19, Avg: 19.5, Max: 20, Diff: 1, Sum: 156]
      [Scan RS (ms): Min: 15.9, Avg: 16.4, Max: 16.8, Diff: 0.9, Sum: 131.6]
      [Code Root Scanning (ms): Min: 0.0, Avg: 0.0, Max: 0.0, Diff: 0.0, Sum: 0.0]
      [Object Copy (ms): Min: 145.0, Avg: 145.1, Max: 145.3, Diff: 0.3, Sum: 1161.1]
      [Termination (ms): Min: 0.0, Avg: 0.1, Max: 0.1, Diff: 0.1, Sum: 0.7]
         [Termination Attempts: Min: 1, Avg: 638.9, Max: 960, Diff: 959, Sum: 5111]
      [GC Worker Other (ms): Min: 0.0, Avg: 0.0, Max: 0.1, Diff: 0.1, Sum: 0.3]
      [GC Worker Total (ms): Min: 177.9, Avg: 177.9, Max: 178.0, Diff: 0.1, Sum: 1423.6]
      [GC Worker End (ms): Min: 141619.6, Avg: 141619.6, Max: 141619.6, Diff: 0.1]
   [Code Root Fixup: 0.0 ms]
   [Code Root Purge: 0.0 ms]
   [Clear CT: 0.2 ms]
   [Other: 1.0 ms]
      [Choose CSet: 0.0 ms]
      [Ref Proc: 0.1 ms]
      [Ref Enq: 0.0 ms]
      [Redirty Cards: 0.3 ms]
      [Humongous Register: 0.0 ms]
      [Humongous Reclaim: 0.0 ms]
      [Free CSet: 0.3 ms]
   [Eden: 366.0M(366.0M)->0.0B(317.0M) Survivors: 2048.0K->46.0M Heap: 438.0M(2048.0M)->438.0M(2048.0M)]
 [Times: user=1.48 sys=0.00, real=0.18 secs] 
2020-09-29T11:58:35.492+0200: 141.793: [GC pause (G1 Evacuation Pause) (young), 0.1757131 secs]
   [Parallel Time: 174.2 ms, GC Workers: 8]
      [GC Worker Start (ms): Min: 141792.8, Avg: 141792.9, Max: 141792.9, Diff: 0.2]
      [Ext Root Scanning (ms): Min: 0.0, Avg: 0.1, Max: 0.2, Diff: 0.2, Sum: 0.5]
      [Update RS (ms): Min: 17.4, Avg: 17.5, Max: 17.7, Diff: 0.3, Sum: 140.0]
         [Processed Buffers: Min: 19, Avg: 20.5, Max: 23, Diff: 4, Sum: 164]
      [Scan RS (ms): Min: 16.9, Avg: 17.1, Max: 17.3, Diff: 0.4, Sum: 136.9]
      [Code Root Scanning (ms): Min: 0.0, Avg: 0.0, Max: 0.0, Diff: 0.0, Sum: 0.0]
      [Object Copy (ms): Min: 139.0, Avg: 139.2, Max: 139.3, Diff: 0.3, Sum: 1113.5]
      [Termination (ms): Min: 0.0, Avg: 0.1, Max: 0.2, Diff: 0.2, Sum: 0.8]
         [Termination Attempts: Min: 1, Avg: 685.1, Max: 1031, Diff: 1030, Sum: 5481]
      [GC Worker Other (ms): Min: 0.0, Avg: 0.0, Max: 0.1, Diff: 0.1, Sum: 0.3]
      [GC Worker Total (ms): Min: 174.0, Avg: 174.0, Max: 174.1, Diff: 0.1, Sum: 1392.0]
      [GC Worker End (ms): Min: 141966.9, Avg: 141966.9, Max: 141966.9, Diff: 0.1]
   [Code Root Fixup: 0.0 ms]
   [Code Root Purge: 0.0 ms]
   [Clear CT: 0.2 ms]
   [Other: 1.3 ms]
      [Choose CSet: 0.0 ms]
      [Ref Proc: 0.2 ms]
      [Ref Enq: 0.0 ms]
      [Redirty Cards: 0.6 ms]
      [Humongous Register: 0.0 ms]
      [Humongous Reclaim: 0.0 ms]
      [Free CSet: 0.3 ms]
   [Eden: 317.0M(317.0M)->0.0B(309.0M) Survivors: 46.0M->46.0M Heap: 808.4M(2048.0M)->810.4M(2048.0M)]
 [Times: user=1.34 sys=0.02, real=0.18 secs] 
2020-09-29T11:58:35.824+0200: 142.125: [GC pause (G1 Evacuation Pause) (young), 0.1706150 secs]
   [Parallel Time: 169.6 ms, GC Workers: 8]
      [GC Worker Start (ms): Min: 142124.9, Avg: 142124.9, Max: 142125.0, Diff: 0.1]
      [Ext Root Scanning (ms): Min: 0.0, Avg: 0.1, Max: 0.1, Diff: 0.1, Sum: 0.6]
      [Update RS (ms): Min: 19.0, Avg: 19.2, Max: 19.8, Diff: 0.7, Sum: 153.9]
         [Processed Buffers: Min: 22, Avg: 23.1, Max: 25, Diff: 3, Sum: 185]
      [Scan RS (ms): Min: 14.2, Avg: 14.8, Max: 15.0, Diff: 0.8, Sum: 118.2]
      [Code Root Scanning (ms): Min: 0.0, Avg: 0.0, Max: 0.0, Diff: 0.0, Sum: 0.0]
      [Object Copy (ms): Min: 135.2, Avg: 135.3, Max: 135.4, Diff: 0.2, Sum: 1082.4]
      [Termination (ms): Min: 0.0, Avg: 0.0, Max: 0.0, Diff: 0.0, Sum: 0.2]
         [Termination Attempts: Min: 1, Avg: 202.0, Max: 294, Diff: 293, Sum: 1616]
      [GC Worker Other (ms): Min: 0.0, Avg: 0.0, Max: 0.1, Diff: 0.0, Sum: 0.3]
      [GC Worker Total (ms): Min: 169.4, Avg: 169.4, Max: 169.5, Diff: 0.1, Sum: 1355.6]
      [GC Worker End (ms): Min: 142294.4, Avg: 142294.4, Max: 142294.4, Diff: 0.0]
   [Code Root Fixup: 0.0 ms]
   [Code Root Purge: 0.0 ms]
   [Clear CT: 0.2 ms]
   [Other: 0.9 ms]
      [Choose CSet: 0.0 ms]
      [Ref Proc: 0.2 ms]
      [Ref Enq: 0.0 ms]
      [Redirty Cards: 0.2 ms]
      [Humongous Register: 0.0 ms]
      [Humongous Reclaim: 0.0 ms]
      [Free CSet: 0.2 ms]
   [Eden: 309.0M(309.0M)->0.0B(314.0M) Survivors: 46.0M->45.0M Heap: 1170.9M(2048.0M)->1172.9M(2048.0M)]
 [Times: user=1.38 sys=0.00, real=0.17 secs] 
2020-09-29T11:58:35.997+0200: 142.298: [GC pause (G1 Humongous Allocation) (young) (initial-mark), 0.0671900 secs]
   [Parallel Time: 66.4 ms, GC Workers: 8]
      [GC Worker Start (ms): Min: 142297.7, Avg: 142297.7, Max: 142297.8, Diff: 0.1]
      [Ext Root Scanning (ms): Min: 0.0, Avg: 0.1, Max: 0.1, Diff: 0.1, Sum: 0.7]
      [Update RS (ms): Min: 43.8, Avg: 44.0, Max: 44.5, Diff: 0.7, Sum: 352.2]
         [Processed Buffers: Min: 55, Avg: 58.0, Max: 61, Diff: 6, Sum: 464]
      [Scan RS (ms): Min: 0.0, Avg: 0.0, Max: 0.1, Diff: 0.1, Sum: 0.4]
      [Code Root Scanning (ms): Min: 0.0, Avg: 0.0, Max: 0.0, Diff: 0.0, Sum: 0.0]
      [Object Copy (ms): Min: 21.7, Avg: 22.1, Max: 22.2, Diff: 0.6, Sum: 176.5]
      [Termination (ms): Min: 0.0, Avg: 0.0, Max: 0.1, Diff: 0.1, Sum: 0.4]
         [Termination Attempts: Min: 1, Avg: 320.9, Max: 438, Diff: 437, Sum: 2567]
      [GC Worker Other (ms): Min: 0.0, Avg: 0.0, Max: 0.0, Diff: 0.0, Sum: 0.1]
      [GC Worker Total (ms): Min: 66.2, Avg: 66.3, Max: 66.3, Diff: 0.1, Sum: 530.3]
      [GC Worker End (ms): Min: 142364.0, Avg: 142364.0, Max: 142364.0, Diff: 0.0]
   [Code Root Fixup: 0.0 ms]
   [Code Root Purge: 0.0 ms]
   [Clear CT: 0.1 ms]
   [Other: 0.6 ms]
      [Choose CSet: 0.0 ms]
      [Ref Proc: 0.2 ms]
      [Ref Enq: 0.0 ms]
      [Redirty Cards: 0.1 ms]
      [Humongous Register: 0.0 ms]
      [Humongous Reclaim: 0.0 ms]
      [Free CSet: 0.0 ms]
   [Eden: 4096.0K(314.0M)->0.0B(327.0M) Survivors: 45.0M->6144.0K Heap: 1176.9M(2048.0M)->1179.9M(2048.0M)]
 [Times: user=0.50 sys=0.00, real=0.07 secs] 
2020-09-29T11:58:36.064+0200: 142.365: [GC concurrent-root-region-scan-start]
2020-09-29T11:58:36.065+0200: 142.366: [GC concurrent-root-region-scan-end, 0.0007162 secs]
2020-09-29T11:58:36.065+0200: 142.366: [GC concurrent-mark-start]
2020-09-29T11:58:36.067+0200: 142.368: [GC concurrent-mark-end, 0.0022549 secs]
2020-09-29T11:58:36.067+0200: 142.368: [GC remark 2020-09-29T11:58:36.067+0200: 142.368: [Finalize Marking, 0.0001680 secs] 2020-09-29T11:58:36.068+0200: 142.368: [GC ref-proc, 0.0002648 secs] 2020-09-29T11:58:36.068+0200: 142.369: [Unloading, 0.0004216 secs], 0.0011227 secs]
 [Times: user=0.00 sys=0.00, real=0.00 secs] 
2020-09-29T11:58:36.069+0200: 142.370: [GC cleanup 1188M->23M(2048M), 0.0011302 secs]
 [Times: user=0.00 sys=0.00, real=0.00 secs] 
2020-09-29T11:58:36.070+0200: 142.371: [GC concurrent-cleanup-start]
2020-09-29T11:58:36.071+0200: 142.372: [GC concurrent-cleanup-end, 0.0014385 secs]
2020-09-29T11:58:36.223+0200: 142.524: [GC pause (G1 Evacuation Pause) (young), 0.1569946 secs]
   [Parallel Time: 155.6 ms, GC Workers: 8]
      [GC Worker Start (ms): Min: 142523.6, Avg: 142523.7, Max: 142523.8, Diff: 0.2]
      [Ext Root Scanning (ms): Min: 0.0, Avg: 0.1, Max: 0.2, Diff: 0.2, Sum: 0.5]
      [Update RS (ms): Min: 17.3, Avg: 17.6, Max: 18.0, Diff: 0.6, Sum: 140.4]
         [Processed Buffers: Min: 21, Avg: 21.8, Max: 24, Diff: 3, Sum: 174]
      [Scan RS (ms): Min: 12.6, Avg: 13.0, Max: 13.2, Diff: 0.7, Sum: 103.8]
      [Code Root Scanning (ms): Min: 0.0, Avg: 0.0, Max: 0.0, Diff: 0.0, Sum: 0.0]
      [Object Copy (ms): Min: 124.6, Avg: 124.7, Max: 124.8, Diff: 0.1, Sum: 997.5]
      [Termination (ms): Min: 0.0, Avg: 0.1, Max: 0.1, Diff: 0.1, Sum: 0.6]
         [Termination Attempts: Min: 1, Avg: 478.6, Max: 584, Diff: 583, Sum: 3829]
      [GC Worker Other (ms): Min: 0.0, Avg: 0.0, Max: 0.1, Diff: 0.1, Sum: 0.3]
      [GC Worker Total (ms): Min: 155.3, Avg: 155.4, Max: 155.5, Diff: 0.2, Sum: 1243.1]
      [GC Worker End (ms): Min: 142679.1, Avg: 142679.1, Max: 142679.1, Diff: 0.1]
   [Code Root Fixup: 0.0 ms]
   [Code Root Purge: 0.0 ms]
   [Clear CT: 0.2 ms]
   [Other: 1.2 ms]
      [Choose CSet: 0.0 ms]
      [Ref Proc: 0.2 ms]
      [Ref Enq: 0.0 ms]
      [Redirty Cards: 0.5 ms]
      [Humongous Register: 0.0 ms]
      [Humongous Reclaim: 0.0 ms]
      [Free CSet: 0.3 ms]
   [Eden: 327.0M(327.0M)->0.0B(312.0M) Survivors: 6144.0K->42.0M Heap: 396.8M(2048.0M)->393.3M(2048.0M)]
 [Times: user=1.13 sys=0.02, real=0.16 secs] 
2020-09-29T11:58:36.540+0200: 142.841: [GC pause (G1 Evacuation Pause) (young), 0.1792831 secs]
   [Parallel Time: 178.1 ms, GC Workers: 8]
      [GC Worker Start (ms): Min: 142840.9, Avg: 142841.0, Max: 142841.1, Diff: 0.2]
      [Ext Root Scanning (ms): Min: 0.0, Avg: 0.1, Max: 0.2, Diff: 0.2, Sum: 0.5]
      [Update RS (ms): Min: 21.4, Avg: 21.5, Max: 21.9, Diff: 0.5, Sum: 172.4]
         [Processed Buffers: Min: 23, Avg: 25.3, Max: 27, Diff: 4, Sum: 202]
      [Scan RS (ms): Min: 14.2, Avg: 14.5, Max: 14.7, Diff: 0.5, Sum: 116.4]
      [Code Root Scanning (ms): Min: 0.0, Avg: 0.0, Max: 0.0, Diff: 0.0, Sum: 0.0]
      [Object Copy (ms): Min: 141.5, Avg: 141.5, Max: 141.6, Diff: 0.1, Sum: 1132.4]
      [Termination (ms): Min: 0.0, Avg: 0.1, Max: 0.2, Diff: 0.2, Sum: 1.0]
         [Termination Attempts: Min: 1, Avg: 972.6, Max: 1227, Diff: 1226, Sum: 7781]
      [GC Worker Other (ms): Min: 0.0, Avg: 0.0, Max: 0.1, Diff: 0.1, Sum: 0.3]
      [GC Worker Total (ms): Min: 177.8, Avg: 177.9, Max: 177.9, Diff: 0.2, Sum: 1423.0]
      [GC Worker End (ms): Min: 143018.9, Avg: 143018.9, Max: 143018.9, Diff: 0.1]
   [Code Root Fixup: 0.0 ms]
   [Code Root Purge: 0.0 ms]
   [Clear CT: 0.2 ms]
   [Other: 1.0 ms]
      [Choose CSet: 0.0 ms]
      [Ref Proc: 0.3 ms]
      [Ref Enq: 0.0 ms]
      [Redirty Cards: 0.3 ms]
      [Humongous Register: 0.0 ms]
      [Humongous Reclaim: 0.0 ms]
      [Free CSet: 0.2 ms]
   [Eden: 312.0M(312.0M)->0.0B(306.0M) Survivors: 42.0M->45.0M Heap: 756.8M(2048.0M)->759.3M(2048.0M)]
 [Times: user=1.36 sys=0.00, real=0.18 secs] 
2020-09-29T11:58:36.867+0200: 143.167: [GC pause (G1 Evacuation Pause) (young), 0.1685885 secs]
   [Parallel Time: 167.3 ms, GC Workers: 8]
      [GC Worker Start (ms): Min: 143167.5, Avg: 143167.6, Max: 143167.7, Diff: 0.2]
      [Ext Root Scanning (ms): Min: 0.0, Avg: 0.0, Max: 0.2, Diff: 0.2, Sum: 0.4]
      [Update RS (ms): Min: 19.4, Avg: 19.7, Max: 20.1, Diff: 0.8, Sum: 157.4]
         [Processed Buffers: Min: 21, Avg: 23.6, Max: 26, Diff: 5, Sum: 189]
      [Scan RS (ms): Min: 14.2, Avg: 14.6, Max: 14.9, Diff: 0.7, Sum: 116.7]
      [Code Root Scanning (ms): Min: 0.0, Avg: 0.0, Max: 0.0, Diff: 0.0, Sum: 0.0]
      [Object Copy (ms): Min: 132.6, Avg: 132.7, Max: 132.8, Diff: 0.3, Sum: 1061.5]
      [Termination (ms): Min: 0.0, Avg: 0.0, Max: 0.0, Diff: 0.0, Sum: 0.1]
         [Termination Attempts: Min: 1, Avg: 58.9, Max: 75, Diff: 74, Sum: 471]
      [GC Worker Other (ms): Min: 0.0, Avg: 0.1, Max: 0.1, Diff: 0.1, Sum: 0.4]
      [GC Worker Total (ms): Min: 166.9, Avg: 167.1, Max: 167.2, Diff: 0.2, Sum: 1336.5]
      [GC Worker End (ms): Min: 143334.6, Avg: 143334.7, Max: 143334.7, Diff: 0.1]
   [Code Root Fixup: 0.0 ms]
   [Code Root Purge: 0.0 ms]
   [Clear CT: 0.5 ms]
   [Other: 0.8 ms]
      [Choose CSet: 0.0 ms]
      [Ref Proc: 0.2 ms]
      [Ref Enq: 0.0 ms]
      [Redirty Cards: 0.2 ms]
      [Humongous Register: 0.0 ms]
      [Humongous Reclaim: 0.0 ms]
      [Free CSet: 0.2 ms]
   [Eden: 306.0M(306.0M)->0.0B(312.0M) Survivors: 45.0M->44.0M Heap: 1116.8M(2048.0M)->1118.8M(2048.0M)]
 [Times: user=1.25 sys=0.00, real=0.18 secs] 
2020-09-29T11:58:37.049+0200: 143.349: [GC pause (G1 Humongous Allocation) (young) (initial-mark), 0.0817726 secs]
   [Parallel Time: 81.0 ms, GC Workers: 8]
      [GC Worker Start (ms): Min: 143349.6, Avg: 143349.7, Max: 143349.8, Diff: 0.2]
      [Ext Root Scanning (ms): Min: 0.1, Avg: 0.2, Max: 0.3, Diff: 0.2, Sum: 1.6]
      [Update RS (ms): Min: 58.2, Avg: 58.6, Max: 58.8, Diff: 0.7, Sum: 468.5]
         [Processed Buffers: Min: 54, Avg: 55.9, Max: 57, Diff: 3, Sum: 447]
      [Scan RS (ms): Min: 0.1, Avg: 0.4, Max: 0.8, Diff: 0.7, Sum: 3.0]
      [Code Root Scanning (ms): Min: 0.0, Avg: 0.0, Max: 0.0, Diff: 0.0, Sum: 0.0]
      [Object Copy (ms): Min: 21.5, Avg: 21.6, Max: 21.6, Diff: 0.1, Sum: 172.6]
      [Termination (ms): Min: 0.0, Avg: 0.0, Max: 0.0, Diff: 0.0, Sum: 0.2]
         [Termination Attempts: Min: 1, Avg: 206.3, Max: 268, Diff: 267, Sum: 1650]
      [GC Worker Other (ms): Min: 0.0, Avg: 0.0, Max: 0.0, Diff: 0.0, Sum: 0.2]
      [GC Worker Total (ms): Min: 80.7, Avg: 80.8, Max: 80.9, Diff: 0.2, Sum: 646.2]
      [GC Worker End (ms): Min: 143430.4, Avg: 143430.4, Max: 143430.4, Diff: 0.0]
   [Code Root Fixup: 0.0 ms]
   [Code Root Purge: 0.0 ms]
   [Clear CT: 0.1 ms]
   [Other: 0.6 ms]
      [Choose CSet: 0.0 ms]
      [Ref Proc: 0.2 ms]
      [Ref Enq: 0.0 ms]
      [Redirty Cards: 0.1 ms]
      [Humongous Register: 0.0 ms]
      [Humongous Reclaim: 0.0 ms]
      [Free CSet: 0.1 ms]
   [Eden: 5120.0K(312.0M)->0.0B(324.0M) Survivors: 44.0M->7168.0K Heap: 1123.8M(2048.0M)->1126.8M(2048.0M)]
 [Times: user=0.75 sys=0.00, real=0.08 secs] 
2020-09-29T11:58:37.131+0200: 143.431: [GC concurrent-root-region-scan-start]
2020-09-29T11:58:37.132+0200: 143.432: [GC concurrent-root-region-scan-end, 0.0010219 secs]
2020-09-29T11:58:37.132+0200: 143.432: [GC concurrent-mark-start]
2020-09-29T11:58:37.134+0200: 143.435: [GC concurrent-mark-end, 0.0022454 secs]
2020-09-29T11:58:37.134+0200: 143.435: [GC remark 2020-09-29T11:58:37.134+0200: 143.435: [Finalize Marking, 0.0001867 secs] 2020-09-29T11:58:37.135+0200: 143.435: [GC ref-proc, 0.0002710 secs] 2020-09-29T11:58:37.135+0200: 143.435: [Unloading, 0.0004229 secs], 0.0011436 secs]
 [Times: user=0.00 sys=0.00, real=0.00 secs] 
2020-09-29T11:58:37.136+0200: 143.436: [GC cleanup 1136M->25M(2048M), 0.0010391 secs]
 [Times: user=0.00 sys=0.00, real=0.00 secs] 
2020-09-29T11:58:37.137+0200: 143.437: [GC concurrent-cleanup-start]
2020-09-29T11:58:37.138+0200: 143.439: [GC concurrent-cleanup-end, 0.0012973 secs]
2020-09-29T11:58:37.286+0200: 143.586: [GC pause (G1 Evacuation Pause) (young), 0.1639424 secs]
   [Parallel Time: 161.7 ms, GC Workers: 8]
      [GC Worker Start (ms): Min: 143586.0, Avg: 143586.1, Max: 143586.2, Diff: 0.2]
      [Ext Root Scanning (ms): Min: 0.0, Avg: 0.1, Max: 0.1, Diff: 0.1, Sum: 0.6]
      [Update RS (ms): Min: 19.4, Avg: 19.5, Max: 19.7, Diff: 0.3, Sum: 156.1]
         [Processed Buffers: Min: 19, Avg: 21.3, Max: 26, Diff: 7, Sum: 170]
      [Scan RS (ms): Min: 15.3, Avg: 15.7, Max: 16.2, Diff: 0.8, Sum: 125.3]
      [Code Root Scanning (ms): Min: 0.0, Avg: 0.0, Max: 0.0, Diff: 0.0, Sum: 0.0]
      [Object Copy (ms): Min: 125.5, Avg: 126.0, Max: 126.1, Diff: 0.6, Sum: 1008.0]
      [Termination (ms): Min: 0.0, Avg: 0.2, Max: 0.2, Diff: 0.2, Sum: 1.4]
         [Termination Attempts: Min: 1, Avg: 1062.4, Max: 1340, Diff: 1339, Sum: 8499]
      [GC Worker Other (ms): Min: 0.0, Avg: 0.1, Max: 0.1, Diff: 0.1, Sum: 0.5]
      [GC Worker Total (ms): Min: 161.4, Avg: 161.5, Max: 161.6, Diff: 0.2, Sum: 1292.0]
      [GC Worker End (ms): Min: 143747.5, Avg: 143747.6, Max: 143747.7, Diff: 0.1]
   [Code Root Fixup: 0.0 ms]
   [Code Root Purge: 0.0 ms]
   [Clear CT: 0.9 ms]
   [Other: 1.3 ms]
      [Choose CSet: 0.0 ms]
      [Ref Proc: 0.2 ms]
      [Ref Enq: 0.0 ms]
      [Redirty Cards: 0.6 ms]
      [Humongous Register: 0.0 ms]
      [Humongous Reclaim: 0.0 ms]
      [Free CSet: 0.2 ms]
   [Eden: 324.0M(324.0M)->0.0B(300.0M) Survivors: 7168.0K->42.0M Heap: 394.8M(2048.0M)->389.8M(2048.0M)]
 [Times: user=1.20 sys=0.00, real=0.16 secs] 
2020-09-29T11:58:37.596+0200: 143.897: [GC pause (G1 Evacuation Pause) (young), 0.1671216 secs]
   [Parallel Time: 165.9 ms, GC Workers: 8]
      [GC Worker Start (ms): Min: 143896.8, Avg: 143896.9, Max: 143896.9, Diff: 0.2]
      [Ext Root Scanning (ms): Min: 0.0, Avg: 0.1, Max: 0.1, Diff: 0.1, Sum: 0.5]
      [Update RS (ms): Min: 21.6, Avg: 21.7, Max: 21.8, Diff: 0.2, Sum: 173.4]
         [Processed Buffers: Min: 24, Avg: 25.9, Max: 29, Diff: 5, Sum: 207]
      [Scan RS (ms): Min: 13.1, Avg: 13.2, Max: 13.4, Diff: 0.4, Sum: 105.7]
      [Code Root Scanning (ms): Min: 0.0, Avg: 0.0, Max: 0.0, Diff: 0.0, Sum: 0.0]
      [Object Copy (ms): Min: 130.5, Avg: 130.6, Max: 130.7, Diff: 0.2, Sum: 1044.9]
      [Termination (ms): Min: 0.0, Avg: 0.0, Max: 0.0, Diff: 0.0, Sum: 0.3]
         [Termination Attempts: Min: 1, Avg: 244.9, Max: 300, Diff: 299, Sum: 1959]
      [GC Worker Other (ms): Min: 0.0, Avg: 0.0, Max: 0.1, Diff: 0.1, Sum: 0.3]
      [GC Worker Total (ms): Min: 165.6, Avg: 165.6, Max: 165.7, Diff: 0.1, Sum: 1325.1]
      [GC Worker End (ms): Min: 144062.5, Avg: 144062.5, Max: 144062.5, Diff: 0.1]
   [Code Root Fixup: 0.0 ms]
   [Code Root Purge: 0.0 ms]
   [Clear CT: 0.2 ms]
   [Other: 1.1 ms]
      [Choose CSet: 0.0 ms]
      [Ref Proc: 0.2 ms]
      [Ref Enq: 0.0 ms]
      [Redirty Cards: 0.5 ms]
      [Humongous Register: 0.0 ms]
      [Humongous Reclaim: 0.0 ms]
      [Free CSet: 0.2 ms]
   [Eden: 300.0M(300.0M)->0.0B(307.0M) Survivors: 42.0M->43.0M Heap: 739.4M(2048.0M)->741.9M(2048.0M)]
 [Times: user=1.38 sys=0.00, real=0.17 secs] 
2020-09-29T11:58:37.913+0200: 144.214: [GC pause (G1 Evacuation Pause) (young), 0.1690164 secs]
   [Parallel Time: 167.7 ms, GC Workers: 8]
      [GC Worker Start (ms): Min: 144213.9, Avg: 144214.0, Max: 144214.0, Diff: 0.1]
      [Ext Root Scanning (ms): Min: 0.0, Avg: 0.1, Max: 0.1, Diff: 0.1, Sum: 0.6]
      [Update RS (ms): Min: 21.5, Avg: 21.6, Max: 21.8, Diff: 0.3, Sum: 172.8]
         [Processed Buffers: Min: 25, Avg: 26.8, Max: 30, Diff: 5, Sum: 214]
      [Scan RS (ms): Min: 13.3, Avg: 13.5, Max: 13.6, Diff: 0.3, Sum: 107.8]
      [Code Root Scanning (ms): Min: 0.0, Avg: 0.0, Max: 0.0, Diff: 0.0, Sum: 0.0]
      [Object Copy (ms): Min: 132.2, Avg: 132.3, Max: 132.3, Diff: 0.1, Sum: 1058.2]
      [Termination (ms): Min: 0.0, Avg: 0.0, Max: 0.0, Diff: 0.0, Sum: 0.1]
         [Termination Attempts: Min: 1, Avg: 84.9, Max: 118, Diff: 117, Sum: 679]
      [GC Worker Other (ms): Min: 0.0, Avg: 0.0, Max: 0.1, Diff: 0.0, Sum: 0.3]
      [GC Worker Total (ms): Min: 167.4, Avg: 167.5, Max: 167.5, Diff: 0.1, Sum: 1339.8]
      [GC Worker End (ms): Min: 144381.4, Avg: 144381.5, Max: 144381.5, Diff: 0.0]
   [Code Root Fixup: 0.0 ms]
   [Code Root Purge: 0.0 ms]
   [Clear CT: 0.4 ms]
   [Other: 1.0 ms]
      [Choose CSet: 0.0 ms]
      [Ref Proc: 0.1 ms]
      [Ref Enq: 0.0 ms]
      [Redirty Cards: 0.3 ms]
      [Humongous Register: 0.0 ms]
      [Humongous Reclaim: 0.0 ms]
      [Free CSet: 0.3 ms]
   [Eden: 307.0M(307.0M)->0.0B(313.0M) Survivors: 43.0M->44.0M Heap: 1100.4M(2048.0M)->1102.4M(2048.0M)]
 [Times: user=1.27 sys=0.00, real=0.17 secs] 
2020-09-29T11:58:38.097+0200: 144.397: [GC pause (G1 Humongous Allocation) (young) (initial-mark), 0.0541898 secs]
   [Parallel Time: 53.5 ms, GC Workers: 8]
      [GC Worker Start (ms): Min: 144397.6, Avg: 144397.7, Max: 144397.8, Diff: 0.2]
      [Ext Root Scanning (ms): Min: 0.0, Avg: 1.4, Max: 10.2, Diff: 10.2, Sum: 11.1]
      [Update RS (ms): Min: 20.2, Avg: 29.1, Max: 30.8, Diff: 10.5, Sum: 232.6]
         [Processed Buffers: Min: 26, Avg: 36.3, Max: 39, Diff: 13, Sum: 290]
      [Scan RS (ms): Min: 2.3, Avg: 2.8, Max: 3.1, Diff: 0.8, Sum: 22.1]
      [Code Root Scanning (ms): Min: 0.0, Avg: 0.0, Max: 0.0, Diff: 0.0, Sum: 0.0]
      [Object Copy (ms): Min: 20.0, Avg: 20.0, Max: 20.0, Diff: 0.1, Sum: 160.2]
      [Termination (ms): Min: 0.0, Avg: 0.0, Max: 0.0, Diff: 0.0, Sum: 0.1]
         [Termination Attempts: Min: 1, Avg: 41.0, Max: 55, Diff: 54, Sum: 328]
      [GC Worker Other (ms): Min: 0.0, Avg: 0.0, Max: 0.0, Diff: 0.0, Sum: 0.1]
      [GC Worker Total (ms): Min: 53.2, Avg: 53.3, Max: 53.4, Diff: 0.2, Sum: 426.2]
      [GC Worker End (ms): Min: 144450.9, Avg: 144451.0, Max: 144451.0, Diff: 0.0]
   [Code Root Fixup: 0.0 ms]
   [Code Root Purge: 0.0 ms]
   [Clear CT: 0.1 ms]
   [Other: 0.6 ms]
      [Choose CSet: 0.0 ms]
      [Ref Proc: 0.2 ms]
      [Ref Enq: 0.0 ms]
      [Redirty Cards: 0.1 ms]
      [Humongous Register: 0.0 ms]
      [Humongous Reclaim: 0.0 ms]
      [Free CSet: 0.1 ms]
   [Eden: 8192.0K(313.0M)->0.0B(360.0M) Survivors: 44.0M->9216.0K Heap: 1109.9M(2048.0M)->1113.9M(2048.0M)]
 [Times: user=0.48 sys=0.00, real=0.05 secs] 
2020-09-29T11:58:38.151+0200: 144.452: [GC concurrent-root-region-scan-start]
2020-09-29T11:58:38.153+0200: 144.453: [GC concurrent-root-region-scan-end, 0.0014265 secs]
2020-09-29T11:58:38.153+0200: 144.453: [GC concurrent-mark-start]
2020-09-29T11:58:38.155+0200: 144.455: [GC concurrent-mark-end, 0.0021353 secs]
2020-09-29T11:58:38.155+0200: 144.455: [GC remark 2020-09-29T11:58:38.155+0200: 144.455: [Finalize Marking, 0.0001672 secs] 2020-09-29T11:58:38.155+0200: 144.456: [GC ref-proc, 0.0002622 secs] 2020-09-29T11:58:38.156+0200: 144.456: [Unloading, 0.0004030 secs], 0.0011147 secs]
 [Times: user=0.00 sys=0.00, real=0.00 secs] 
2020-09-29T11:58:38.156+0200: 144.457: [GC cleanup 1123M->27M(2048M), 0.0009945 secs]
 [Times: user=0.00 sys=0.00, real=0.00 secs] 
2020-09-29T11:58:38.158+0200: 144.458: [GC concurrent-cleanup-start]
2020-09-29T11:58:38.159+0200: 144.459: [GC concurrent-cleanup-end, 0.0012306 secs]
2020-09-29T11:58:38.326+0200: 144.626: [GC pause (G1 Evacuation Pause) (young), 0.1792782 secs]
   [Parallel Time: 178.3 ms, GC Workers: 8]
      [GC Worker Start (ms): Min: 144626.4, Avg: 144626.5, Max: 144626.5, Diff: 0.2]
      [Ext Root Scanning (ms): Min: 0.0, Avg: 0.1, Max: 0.1, Diff: 0.1, Sum: 0.5]
      [Update RS (ms): Min: 14.7, Avg: 14.8, Max: 15.2, Diff: 0.5, Sum: 118.8]
         [Processed Buffers: Min: 16, Avg: 17.3, Max: 19, Diff: 3, Sum: 138]
      [Scan RS (ms): Min: 19.2, Avg: 19.4, Max: 19.7, Diff: 0.5, Sum: 155.2]
      [Code Root Scanning (ms): Min: 0.0, Avg: 0.0, Max: 0.0, Diff: 0.0, Sum: 0.0]
      [Object Copy (ms): Min: 143.4, Avg: 143.6, Max: 143.7, Diff: 0.3, Sum: 1148.7]
      [Termination (ms): Min: 0.0, Avg: 0.2, Max: 0.2, Diff: 0.2, Sum: 1.2]
         [Termination Attempts: Min: 1, Avg: 1070.8, Max: 1462, Diff: 1461, Sum: 8566]
      [GC Worker Other (ms): Min: 0.0, Avg: 0.1, Max: 0.1, Diff: 0.0, Sum: 0.5]
      [GC Worker Total (ms): Min: 178.0, Avg: 178.1, Max: 178.2, Diff: 0.2, Sum: 1424.8]
      [GC Worker End (ms): Min: 144804.5, Avg: 144804.6, Max: 144804.6, Diff: 0.0]
   [Code Root Fixup: 0.0 ms]
   [Code Root Purge: 0.0 ms]
   [Clear CT: 0.1 ms]
   [Other: 0.9 ms]
      [Choose CSet: 0.0 ms]
      [Ref Proc: 0.2 ms]
      [Ref Enq: 0.0 ms]
      [Redirty Cards: 0.2 ms]
      [Humongous Register: 0.0 ms]
      [Humongous Reclaim: 0.0 ms]
      [Free CSet: 0.2 ms]
   [Eden: 360.0M(360.0M)->0.0B(321.0M) Survivors: 9216.0K->47.0M Heap: 439.0M(2048.0M)->431.5M(2048.0M)]
 [Times: user=1.44 sys=0.02, real=0.18 secs] 
2020-09-29T11:58:38.660+0200: 144.961: [GC pause (G1 Evacuation Pause) (young), 0.1757846 secs]
   [Parallel Time: 174.6 ms, GC Workers: 8]
      [GC Worker Start (ms): Min: 144960.7, Avg: 144960.7, Max: 144960.8, Diff: 0.2]
      [Ext Root Scanning (ms): Min: 0.0, Avg: 0.1, Max: 0.1, Diff: 0.1, Sum: 0.5]
      [Update RS (ms): Min: 15.3, Avg: 15.4, Max: 15.8, Diff: 0.5, Sum: 123.4]
         [Processed Buffers: Min: 16, Avg: 18.8, Max: 21, Diff: 5, Sum: 150]
      [Scan RS (ms): Min: 17.8, Avg: 18.2, Max: 18.5, Diff: 0.6, Sum: 145.4]
      [Code Root Scanning (ms): Min: 0.0, Avg: 0.0, Max: 0.0, Diff: 0.0, Sum: 0.0]
      [Object Copy (ms): Min: 140.5, Avg: 140.7, Max: 140.8, Diff: 0.2, Sum: 1125.6]
      [Termination (ms): Min: 0.0, Avg: 0.0, Max: 0.0, Diff: 0.0, Sum: 0.1]
         [Termination Attempts: Min: 1, Avg: 87.1, Max: 119, Diff: 118, Sum: 697]
      [GC Worker Other (ms): Min: 0.0, Avg: 0.0, Max: 0.1, Diff: 0.1, Sum: 0.3]
      [GC Worker Total (ms): Min: 174.3, Avg: 174.4, Max: 174.5, Diff: 0.2, Sum: 1395.3]
      [GC Worker End (ms): Min: 145135.1, Avg: 145135.2, Max: 145135.2, Diff: 0.1]
   [Code Root Fixup: 0.0 ms]
   [Code Root Purge: 0.0 ms]
   [Clear CT: 0.2 ms]
   [Other: 0.9 ms]
      [Choose CSet: 0.0 ms]
      [Ref Proc: 0.2 ms]
      [Ref Enq: 0.0 ms]
      [Redirty Cards: 0.3 ms]
      [Humongous Register: 0.0 ms]
      [Humongous Reclaim: 0.0 ms]
      [Free CSet: 0.3 ms]
   [Eden: 321.0M(321.0M)->0.0B(318.0M) Survivors: 47.0M->46.0M Heap: 805.9M(2048.0M)->807.9M(2048.0M)]
 [Times: user=1.50 sys=0.00, real=0.18 secs] 
2020-09-29T11:58:38.999+0200: 145.299: [GC pause (G1 Evacuation Pause) (young), 0.1745474 secs]
   [Parallel Time: 173.4 ms, GC Workers: 8]
      [GC Worker Start (ms): Min: 145299.5, Avg: 145299.6, Max: 145299.7, Diff: 0.2]
      [Ext Root Scanning (ms): Min: 0.0, Avg: 0.1, Max: 0.1, Diff: 0.1, Sum: 0.4]
      [Update RS (ms): Min: 15.9, Avg: 16.0, Max: 16.1, Diff: 0.2, Sum: 127.8]
         [Processed Buffers: Min: 18, Avg: 19.9, Max: 22, Diff: 4, Sum: 159]
      [Scan RS (ms): Min: 17.9, Avg: 18.0, Max: 18.1, Diff: 0.2, Sum: 144.0]
      [Code Root Scanning (ms): Min: 0.0, Avg: 0.0, Max: 0.0, Diff: 0.0, Sum: 0.0]
      [Object Copy (ms): Min: 139.0, Avg: 139.1, Max: 139.2, Diff: 0.1, Sum: 1112.7]
      [Termination (ms): Min: 0.0, Avg: 0.0, Max: 0.0, Diff: 0.0, Sum: 0.2]
         [Termination Attempts: Min: 1, Avg: 187.3, Max: 239, Diff: 238, Sum: 1498]
      [GC Worker Other (ms): Min: 0.0, Avg: 0.0, Max: 0.1, Diff: 0.1, Sum: 0.3]
      [GC Worker Total (ms): Min: 173.1, Avg: 173.2, Max: 173.3, Diff: 0.2, Sum: 1385.6]
      [GC Worker End (ms): Min: 145472.8, Avg: 145472.8, Max: 145472.8, Diff: 0.1]
   [Code Root Fixup: 0.0 ms]
   [Code Root Purge: 0.0 ms]
   [Clear CT: 0.2 ms]
   [Other: 1.0 ms]
      [Choose CSet: 0.0 ms]
      [Ref Proc: 0.2 ms]
      [Ref Enq: 0.0 ms]
      [Redirty Cards: 0.3 ms]
      [Humongous Register: 0.0 ms]
      [Humongous Reclaim: 0.0 ms]
      [Free CSet: 0.2 ms]
   [Eden: 318.0M(318.0M)->0.0B(318.0M) Survivors: 46.0M->46.0M Heap: 1179.3M(2048.0M)->1181.8M(2048.0M)]
 [Times: user=1.38 sys=0.00, real=0.17 secs] 
2020-09-29T11:58:39.183+0200: 145.484: [GC pause (G1 Humongous Allocation) (young) (initial-mark), 0.0634012 secs]
   [Parallel Time: 62.6 ms, GC Workers: 8]
      [GC Worker Start (ms): Min: 145484.0, Avg: 145484.1, Max: 145484.1, Diff: 0.2]
      [Ext Root Scanning (ms): Min: 0.0, Avg: 0.2, Max: 0.3, Diff: 0.3, Sum: 1.5]
      [Update RS (ms): Min: 37.6, Avg: 37.8, Max: 38.2, Diff: 0.6, Sum: 302.2]
         [Processed Buffers: Min: 44, Avg: 46.9, Max: 49, Diff: 5, Sum: 375]
      [Scan RS (ms): Min: 2.3, Avg: 2.8, Max: 3.0, Diff: 0.7, Sum: 22.5]
      [Code Root Scanning (ms): Min: 0.0, Avg: 0.0, Max: 0.0, Diff: 0.0, Sum: 0.0]
      [Object Copy (ms): Min: 21.5, Avg: 21.6, Max: 21.6, Diff: 0.1, Sum: 172.6]
      [Termination (ms): Min: 0.0, Avg: 0.0, Max: 0.0, Diff: 0.0, Sum: 0.2]
         [Termination Attempts: Min: 1, Avg: 169.3, Max: 242, Diff: 241, Sum: 1354]
      [GC Worker Other (ms): Min: 0.0, Avg: 0.0, Max: 0.0, Diff: 0.0, Sum: 0.1]
      [GC Worker Total (ms): Min: 62.3, Avg: 62.4, Max: 62.5, Diff: 0.2, Sum: 499.1]
      [GC Worker End (ms): Min: 145546.4, Avg: 145546.5, Max: 145546.5, Diff: 0.0]
   [Code Root Fixup: 0.0 ms]
   [Code Root Purge: 0.0 ms]
   [Clear CT: 0.2 ms]
   [Other: 0.6 ms]
      [Choose CSet: 0.0 ms]
      [Ref Proc: 0.2 ms]
      [Ref Enq: 0.0 ms]
      [Redirty Cards: 0.1 ms]
      [Humongous Register: 0.0 ms]
      [Humongous Reclaim: 0.0 ms]
      [Free CSet: 0.1 ms]
   [Eden: 9216.0K(318.0M)->0.0B(320.0M) Survivors: 46.0M->10.0M Heap: 1190.3M(2048.0M)->1193.3M(2048.0M)]
 [Times: user=0.50 sys=0.00, real=0.06 secs] 
2020-09-29T11:58:39.247+0200: 145.547: [GC concurrent-root-region-scan-start]
2020-09-29T11:58:39.249+0200: 145.549: [GC concurrent-root-region-scan-end, 0.0015987 secs]
2020-09-29T11:58:39.249+0200: 145.549: [GC concurrent-mark-start]
2020-09-29T11:58:39.251+0200: 145.551: [GC concurrent-mark-end, 0.0023285 secs]
2020-09-29T11:58:39.251+0200: 145.551: [GC remark 2020-09-29T11:58:39.251+0200: 145.551: [Finalize Marking, 0.0001223 secs] 2020-09-29T11:58:39.251+0200: 145.552: [GC ref-proc, 0.0003007 secs] 2020-09-29T11:58:39.252+0200: 145.552: [Unloading, 0.0004308 secs], 0.0011292 secs]
 [Times: user=0.00 sys=0.00, real=0.00 secs] 
2020-09-29T11:58:39.253+0200: 145.553: [GC cleanup 1202M->27M(2048M), 0.0010266 secs]
 [Times: user=0.00 sys=0.00, real=0.00 secs] 
2020-09-29T11:58:39.254+0200: 145.554: [GC concurrent-cleanup-start]
2020-09-29T11:58:39.255+0200: 145.555: [GC concurrent-cleanup-end, 0.0014620 secs]
2020-09-29T11:58:39.408+0200: 145.708: [GC pause (G1 Evacuation Pause) (young), 0.1534968 secs]
   [Parallel Time: 152.2 ms, GC Workers: 8]
      [GC Worker Start (ms): Min: 145708.2, Avg: 145708.4, Max: 145708.4, Diff: 0.2]
      [Ext Root Scanning (ms): Min: 0.0, Avg: 0.1, Max: 0.2, Diff: 0.2, Sum: 0.4]
      [Update RS (ms): Min: 15.3, Avg: 15.7, Max: 16.0, Diff: 0.7, Sum: 125.4]
         [Processed Buffers: Min: 18, Avg: 19.1, Max: 21, Diff: 3, Sum: 153]
      [Scan RS (ms): Min: 13.0, Avg: 13.4, Max: 13.8, Diff: 0.8, Sum: 107.0]
      [Code Root Scanning (ms): Min: 0.0, Avg: 0.0, Max: 0.0, Diff: 0.0, Sum: 0.0]
      [Object Copy (ms): Min: 122.7, Avg: 122.7, Max: 122.8, Diff: 0.1, Sum: 981.8]
      [Termination (ms): Min: 0.0, Avg: 0.1, Max: 0.1, Diff: 0.1, Sum: 0.8]
         [Termination Attempts: Min: 1, Avg: 617.8, Max: 750, Diff: 749, Sum: 4942]
      [GC Worker Other (ms): Min: 0.0, Avg: 0.0, Max: 0.1, Diff: 0.0, Sum: 0.2]
      [GC Worker Total (ms): Min: 151.9, Avg: 152.0, Max: 152.1, Diff: 0.2, Sum: 1215.6]
      [GC Worker End (ms): Min: 145860.3, Avg: 145860.3, Max: 145860.3, Diff: 0.0]
   [Code Root Fixup: 0.0 ms]
   [Code Root Purge: 0.0 ms]
   [Clear CT: 0.3 ms]
   [Other: 1.0 ms]
      [Choose CSet: 0.0 ms]
      [Ref Proc: 0.3 ms]
      [Ref Enq: 0.0 ms]
      [Redirty Cards: 0.3 ms]
      [Humongous Register: 0.0 ms]
      [Humongous Reclaim: 0.0 ms]
      [Free CSet: 0.2 ms]
   [Eden: 320.0M(320.0M)->0.0B(336.0M) Survivors: 10.0M->42.0M Heap: 392.4M(2048.0M)->383.9M(2048.0M)]
 [Times: user=1.25 sys=0.00, real=0.15 secs] 
2020-09-29T11:58:39.722+0200: 146.022: [GC pause (G1 Evacuation Pause) (young), 0.1912443 secs]
   [Parallel Time: 188.8 ms, GC Workers: 8]
      [GC Worker Start (ms): Min: 146022.4, Avg: 146022.5, Max: 146022.6, Diff: 0.2]
      [Ext Root Scanning (ms): Min: 0.0, Avg: 0.1, Max: 0.2, Diff: 0.2, Sum: 0.4]
      [Update RS (ms): Min: 19.9, Avg: 20.1, Max: 21.0, Diff: 1.1, Sum: 161.1]
         [Processed Buffers: Min: 21, Avg: 23.1, Max: 27, Diff: 6, Sum: 185]
      [Scan RS (ms): Min: 17.7, Avg: 18.7, Max: 19.1, Diff: 1.3, Sum: 149.4]
      [Code Root Scanning (ms): Min: 0.0, Avg: 0.0, Max: 0.0, Diff: 0.0, Sum: 0.0]
      [Object Copy (ms): Min: 149.4, Avg: 149.6, Max: 149.7, Diff: 0.3, Sum: 1196.7]
      [Termination (ms): Min: 0.0, Avg: 0.1, Max: 0.2, Diff: 0.2, Sum: 0.9]
         [Termination Attempts: Min: 1, Avg: 820.6, Max: 1238, Diff: 1237, Sum: 6565]
      [GC Worker Other (ms): Min: 0.0, Avg: 0.0, Max: 0.1, Diff: 0.1, Sum: 0.4]
      [GC Worker Total (ms): Min: 188.5, Avg: 188.6, Max: 188.7, Diff: 0.2, Sum: 1508.9]
      [GC Worker End (ms): Min: 146211.1, Avg: 146211.1, Max: 146211.1, Diff: 0.1]
   [Code Root Fixup: 0.0 ms]
   [Code Root Purge: 0.0 ms]
   [Clear CT: 0.2 ms]
   [Other: 2.2 ms]
      [Choose CSet: 0.0 ms]
      [Ref Proc: 0.1 ms]
      [Ref Enq: 0.0 ms]
      [Redirty Cards: 0.6 ms]
      [Humongous Register: 0.0 ms]
      [Humongous Reclaim: 0.0 ms]
      [Free CSet: 0.2 ms]
   [Eden: 336.0M(336.0M)->0.0B(314.0M) Survivors: 42.0M->48.0M Heap: 777.1M(2048.0M)->779.1M(2048.0M)]
 [Times: user=1.56 sys=0.02, real=0.19 secs] 
2020-09-29T11:58:40.070+0200: 146.371: [GC pause (G1 Evacuation Pause) (young), 0.1742965 secs]
   [Parallel Time: 173.1 ms, GC Workers: 8]
      [GC Worker Start (ms): Min: 146371.3, Avg: 146371.4, Max: 146371.5, Diff: 0.1]
      [Ext Root Scanning (ms): Min: 0.0, Avg: 0.1, Max: 0.1, Diff: 0.1, Sum: 0.6]
      [Update RS (ms): Min: 17.4, Avg: 17.7, Max: 18.1, Diff: 0.7, Sum: 141.5]
         [Processed Buffers: Min: 19, Avg: 20.9, Max: 23, Diff: 4, Sum: 167]
      [Scan RS (ms): Min: 16.4, Avg: 16.8, Max: 17.0, Diff: 0.5, Sum: 134.1]
      [Code Root Scanning (ms): Min: 0.0, Avg: 0.0, Max: 0.0, Diff: 0.0, Sum: 0.0]
      [Object Copy (ms): Min: 138.0, Avg: 138.2, Max: 138.3, Diff: 0.2, Sum: 1105.4]
      [Termination (ms): Min: 0.0, Avg: 0.0, Max: 0.0, Diff: 0.0, Sum: 0.0]
         [Termination Attempts: Min: 1, Avg: 24.1, Max: 35, Diff: 34, Sum: 193]
      [GC Worker Other (ms): Min: 0.0, Avg: 0.1, Max: 0.3, Diff: 0.3, Sum: 0.7]
      [GC Worker Total (ms): Min: 172.7, Avg: 172.8, Max: 172.9, Diff: 0.2, Sum: 1382.4]
      [GC Worker End (ms): Min: 146544.1, Avg: 146544.2, Max: 146544.4, Diff: 0.3]
   [Code Root Fixup: 0.0 ms]
   [Code Root Purge: 0.0 ms]
   [Clear CT: 0.2 ms]
   [Other: 0.9 ms]
      [Choose CSet: 0.0 ms]
      [Ref Proc: 0.2 ms]
      [Ref Enq: 0.0 ms]
      [Redirty Cards: 0.3 ms]
      [Humongous Register: 0.1 ms]
      [Humongous Reclaim: 0.0 ms]
      [Free CSet: 0.3 ms]
   [Eden: 314.0M(314.0M)->0.0B(317.0M) Survivors: 48.0M->46.0M Heap: 1144.6M(2048.0M)->1147.1M(2048.0M)]
 [Times: user=1.38 sys=0.00, real=0.17 secs] 
2020-09-29T11:58:40.253+0200: 146.554: [GC pause (G1 Humongous Allocation) (young) (initial-mark), 0.0614203 secs]
   [Parallel Time: 60.6 ms, GC Workers: 8]
      [GC Worker Start (ms): Min: 146553.9, Avg: 146554.0, Max: 146554.1, Diff: 0.2]
      [Ext Root Scanning (ms): Min: 0.0, Avg: 0.1, Max: 0.2, Diff: 0.2, Sum: 1.1]
      [Update RS (ms): Min: 37.4, Avg: 37.6, Max: 37.9, Diff: 0.5, Sum: 300.9]
         [Processed Buffers: Min: 44, Avg: 47.6, Max: 49, Diff: 5, Sum: 381]
      [Scan RS (ms): Min: 2.5, Avg: 2.8, Max: 3.0, Diff: 0.5, Sum: 22.1]
      [Code Root Scanning (ms): Min: 0.0, Avg: 0.0, Max: 0.0, Diff: 0.0, Sum: 0.0]
      [Object Copy (ms): Min: 19.8, Avg: 19.9, Max: 19.9, Diff: 0.1, Sum: 159.0]
      [Termination (ms): Min: 0.0, Avg: 0.0, Max: 0.0, Diff: 0.0, Sum: 0.0]
         [Termination Attempts: Min: 1, Avg: 3.3, Max: 7, Diff: 6, Sum: 26]
      [GC Worker Other (ms): Min: 0.0, Avg: 0.0, Max: 0.0, Diff: 0.0, Sum: 0.1]
      [GC Worker Total (ms): Min: 60.3, Avg: 60.4, Max: 60.5, Diff: 0.2, Sum: 483.2]
      [GC Worker End (ms): Min: 146614.4, Avg: 146614.4, Max: 146614.4, Diff: 0.0]
   [Code Root Fixup: 0.0 ms]
   [Code Root Purge: 0.0 ms]
   [Clear CT: 0.1 ms]
   [Other: 0.6 ms]
      [Choose CSet: 0.0 ms]
      [Ref Proc: 0.2 ms]
      [Ref Enq: 0.0 ms]
      [Redirty Cards: 0.2 ms]
      [Humongous Register: 0.0 ms]
      [Humongous Reclaim: 0.0 ms]
      [Free CSet: 0.1 ms]
   [Eden: 3072.0K(317.0M)->0.0B(340.0M) Survivors: 46.0M->5120.0K Heap: 1150.1M(2048.0M)->1153.1M(2048.0M)]
 [Times: user=0.50 sys=0.00, real=0.06 secs] 
2020-09-29T11:58:40.315+0200: 146.615: [GC concurrent-root-region-scan-start]
2020-09-29T11:58:40.315+0200: 146.616: [GC concurrent-root-region-scan-end, 0.0008587 secs]
2020-09-29T11:58:40.315+0200: 146.616: [GC concurrent-mark-start]
2020-09-29T11:58:40.318+0200: 146.619: [GC concurrent-mark-end, 0.0028827 secs]
2020-09-29T11:58:40.318+0200: 146.619: [GC remark 2020-09-29T11:58:40.319+0200: 146.619: [Finalize Marking, 0.0002009 secs] 2020-09-29T11:58:40.319+0200: 146.620: [GC ref-proc, 0.0003004 secs] 2020-09-29T11:58:40.319+0200: 146.620: [Unloading, 0.0004778 secs], 0.0012944 secs]
 [Times: user=0.00 sys=0.00, real=0.00 secs] 
2020-09-29T11:58:40.320+0200: 146.621: [GC cleanup 1162M->22M(2048M), 0.0011548 secs]
 [Times: user=0.00 sys=0.00, real=0.00 secs] 
2020-09-29T11:58:40.321+0200: 146.622: [GC concurrent-cleanup-start]
2020-09-29T11:58:40.323+0200: 146.624: [GC concurrent-cleanup-end, 0.0017016 secs]
2020-09-29T11:58:40.505+0200: 146.806: [GC pause (G1 Evacuation Pause) (young), 0.1634300 secs]
   [Parallel Time: 162.3 ms, GC Workers: 8]
      [GC Worker Start (ms): Min: 146805.9, Avg: 146805.9, Max: 146806.0, Diff: 0.1]
      [Ext Root Scanning (ms): Min: 0.0, Avg: 0.1, Max: 0.1, Diff: 0.1, Sum: 0.6]
      [Update RS (ms): Min: 17.6, Avg: 17.7, Max: 17.9, Diff: 0.3, Sum: 142.0]
         [Processed Buffers: Min: 21, Avg: 21.9, Max: 23, Diff: 2, Sum: 175]
      [Scan RS (ms): Min: 13.3, Avg: 13.4, Max: 13.6, Diff: 0.3, Sum: 107.3]
      [Code Root Scanning (ms): Min: 0.0, Avg: 0.0, Max: 0.0, Diff: 0.0, Sum: 0.0]
      [Object Copy (ms): Min: 130.8, Avg: 130.8, Max: 130.8, Diff: 0.1, Sum: 1046.4]
      [Termination (ms): Min: 0.0, Avg: 0.0, Max: 0.0, Diff: 0.0, Sum: 0.0]
         [Termination Attempts: Min: 1, Avg: 1.9, Max: 4, Diff: 3, Sum: 15]
      [GC Worker Other (ms): Min: 0.0, Avg: 0.0, Max: 0.1, Diff: 0.1, Sum: 0.3]
      [GC Worker Total (ms): Min: 162.0, Avg: 162.1, Max: 162.1, Diff: 0.1, Sum: 1296.6]
      [GC Worker End (ms): Min: 146968.0, Avg: 146968.0, Max: 146968.0, Diff: 0.1]
   [Code Root Fixup: 0.0 ms]
   [Code Root Purge: 0.0 ms]
   [Clear CT: 0.2 ms]
   [Other: 1.0 ms]
      [Choose CSet: 0.0 ms]
      [Ref Proc: 0.2 ms]
      [Ref Enq: 0.0 ms]
      [Redirty Cards: 0.4 ms]
      [Humongous Register: 0.0 ms]
      [Humongous Reclaim: 0.0 ms]
      [Free CSet: 0.2 ms]
   [Eden: 340.0M(340.0M)->0.0B(332.0M) Survivors: 5120.0K->44.0M Heap: 410.7M(2048.0M)->408.2M(2048.0M)]
 [Times: user=1.25 sys=0.00, real=0.16 secs] 
2020-09-29T11:58:40.831+0200: 147.131: [GC pause (G1 Evacuation Pause) (young), 0.1842775 secs]
   [Parallel Time: 183.1 ms, GC Workers: 8]
      [GC Worker Start (ms): Min: 147131.6, Avg: 147131.7, Max: 147131.7, Diff: 0.1]
      [Ext Root Scanning (ms): Min: 0.0, Avg: 0.1, Max: 0.1, Diff: 0.1, Sum: 0.6]
      [Update RS (ms): Min: 17.9, Avg: 18.2, Max: 18.7, Diff: 0.8, Sum: 145.2]
         [Processed Buffers: Min: 19, Avg: 21.4, Max: 25, Diff: 6, Sum: 171]
      [Scan RS (ms): Min: 17.2, Avg: 17.8, Max: 18.2, Diff: 1.0, Sum: 142.2]
      [Code Root Scanning (ms): Min: 0.0, Avg: 0.0, Max: 0.0, Diff: 0.0, Sum: 0.0]
      [Object Copy (ms): Min: 146.6, Avg: 146.7, Max: 146.8, Diff: 0.3, Sum: 1173.5]
      [Termination (ms): Min: 0.0, Avg: 0.1, Max: 0.2, Diff: 0.2, Sum: 1.0]
         [Termination Attempts: Min: 1, Avg: 926.4, Max: 1392, Diff: 1391, Sum: 7411]
      [GC Worker Other (ms): Min: 0.0, Avg: 0.0, Max: 0.1, Diff: 0.1, Sum: 0.3]
      [GC Worker Total (ms): Min: 182.8, Avg: 182.9, Max: 182.9, Diff: 0.2, Sum: 1462.8]
      [GC Worker End (ms): Min: 147314.5, Avg: 147314.5, Max: 147314.6, Diff: 0.1]
   [Code Root Fixup: 0.0 ms]
   [Code Root Purge: 0.0 ms]
   [Clear CT: 0.2 ms]
   [Other: 1.0 ms]
      [Choose CSet: 0.0 ms]
      [Ref Proc: 0.2 ms]
      [Ref Enq: 0.0 ms]
      [Redirty Cards: 0.3 ms]
      [Humongous Register: 0.0 ms]
      [Humongous Reclaim: 0.0 ms]
      [Free CSet: 0.2 ms]
   [Eden: 332.0M(332.0M)->0.0B(320.0M) Survivors: 44.0M->47.0M Heap: 795.5M(2048.0M)->797.5M(2048.0M)]
 [Times: user=1.44 sys=0.06, real=0.18 secs] 
2020-09-29T11:58:41.171+0200: 147.472: [GC pause (G1 Evacuation Pause) (young), 0.1738509 secs]
   [Parallel Time: 172.7 ms, GC Workers: 8]
      [GC Worker Start (ms): Min: 147472.4, Avg: 147472.4, Max: 147472.5, Diff: 0.1]
      [Ext Root Scanning (ms): Min: 0.0, Avg: 0.1, Max: 0.1, Diff: 0.1, Sum: 0.6]
      [Update RS (ms): Min: 22.5, Avg: 22.7, Max: 22.9, Diff: 0.4, Sum: 181.9]
         [Processed Buffers: Min: 26, Avg: 27.5, Max: 30, Diff: 4, Sum: 220]
      [Scan RS (ms): Min: 13.8, Avg: 14.1, Max: 14.3, Diff: 0.4, Sum: 112.8]
      [Code Root Scanning (ms): Min: 0.0, Avg: 0.0, Max: 0.0, Diff: 0.0, Sum: 0.0]
      [Object Copy (ms): Min: 135.4, Avg: 135.5, Max: 135.6, Diff: 0.2, Sum: 1084.3]
      [Termination (ms): Min: 0.0, Avg: 0.0, Max: 0.0, Diff: 0.0, Sum: 0.2]
         [Termination Attempts: Min: 1, Avg: 177.0, Max: 245, Diff: 244, Sum: 1416]
      [GC Worker Other (ms): Min: 0.0, Avg: 0.0, Max: 0.1, Diff: 0.1, Sum: 0.4]
      [GC Worker Total (ms): Min: 172.5, Avg: 172.5, Max: 172.6, Diff: 0.1, Sum: 1380.3]
      [GC Worker End (ms): Min: 147644.9, Avg: 147645.0, Max: 147645.0, Diff: 0.1]
   [Code Root Fixup: 0.0 ms]
   [Code Root Purge: 0.0 ms]
   [Clear CT: 0.2 ms]
   [Other: 1.0 ms]
      [Choose CSet: 0.0 ms]
      [Ref Proc: 0.2 ms]
      [Ref Enq: 0.0 ms]
      [Redirty Cards: 0.3 ms]
      [Humongous Register: 0.1 ms]
      [Humongous Reclaim: 0.0 ms]
      [Free CSet: 0.2 ms]
   [Eden: 320.0M(320.0M)->0.0B(324.0M) Survivors: 47.0M->46.0M Heap: 1170.9M(2048.0M)->1172.9M(2048.0M)]
 [Times: user=1.34 sys=0.02, real=0.17 secs] 
2020-09-29T11:58:41.358+0200: 147.659: [GC pause (G1 Humongous Allocation) (young) (initial-mark), 0.0730797 secs]
   [Parallel Time: 71.4 ms, GC Workers: 8]
      [GC Worker Start (ms): Min: 147659.5, Avg: 147659.5, Max: 147659.6, Diff: 0.1]
      [Ext Root Scanning (ms): Min: 0.0, Avg: 0.2, Max: 0.5, Diff: 0.5, Sum: 1.7]
      [Update RS (ms): Min: 33.7, Avg: 34.1, Max: 34.6, Diff: 0.9, Sum: 272.6]
         [Processed Buffers: Min: 39, Avg: 42.1, Max: 45, Diff: 6, Sum: 337]
      [Scan RS (ms): Min: 2.4, Avg: 3.0, Max: 4.4, Diff: 2.0, Sum: 24.3]
      [Code Root Scanning (ms): Min: 0.0, Avg: 0.0, Max: 0.0, Diff: 0.0, Sum: 0.0]
      [Object Copy (ms): Min: 31.2, Avg: 32.9, Max: 33.4, Diff: 2.2, Sum: 263.3]
      [Termination (ms): Min: 0.0, Avg: 0.3, Max: 0.5, Diff: 0.5, Sum: 2.6]
         [Termination Attempts: Min: 1, Avg: 2176.0, Max: 3203, Diff: 3202, Sum: 17408]
      [GC Worker Other (ms): Min: 0.0, Avg: 0.0, Max: 0.0, Diff: 0.0, Sum: 0.1]
      [GC Worker Total (ms): Min: 70.5, Avg: 70.6, Max: 70.6, Diff: 0.1, Sum: 564.7]
      [GC Worker End (ms): Min: 147730.1, Avg: 147730.1, Max: 147730.1, Diff: 0.0]
   [Code Root Fixup: 0.0 ms]
   [Code Root Purge: 0.0 ms]
   [Clear CT: 0.1 ms]
   [Other: 1.6 ms]
      [Choose CSet: 0.0 ms]
      [Ref Proc: 0.9 ms]
      [Ref Enq: 0.0 ms]
      [Redirty Cards: 0.4 ms]
      [Humongous Register: 0.1 ms]
      [Humongous Reclaim: 0.0 ms]
      [Free CSet: 0.1 ms]
   [Eden: 4096.0K(324.0M)->0.0B(280.0M) Survivors: 46.0M->6144.0K Heap: 1176.9M(2048.0M)->1180.4M(2048.0M)]
 [Times: user=0.59 sys=0.00, real=0.07 secs] 
2020-09-29T11:58:41.431+0200: 147.732: [GC concurrent-root-region-scan-start]
2020-09-29T11:58:41.432+0200: 147.733: [GC concurrent-root-region-scan-end, 0.0011414 secs]
2020-09-29T11:58:41.432+0200: 147.733: [GC concurrent-mark-start]
2020-09-29T11:58:41.435+0200: 147.735: [GC concurrent-mark-end, 0.0023353 secs]
2020-09-29T11:58:41.435+0200: 147.736: [GC remark 2020-09-29T11:58:41.435+0200: 147.736: [Finalize Marking, 0.0001159 secs] 2020-09-29T11:58:41.435+0200: 147.736: [GC ref-proc, 0.0002722 secs] 2020-09-29T11:58:41.435+0200: 147.736: [Unloading, 0.0004296 secs], 0.0010891 secs]
 [Times: user=0.00 sys=0.00, real=0.00 secs] 
2020-09-29T11:58:41.436+0200: 147.737: [GC cleanup 1190M->24M(2048M), 0.0010408 secs]
 [Times: user=0.00 sys=0.00, real=0.00 secs] 
2020-09-29T11:58:41.437+0200: 147.738: [GC concurrent-cleanup-start]
2020-09-29T11:58:41.439+0200: 147.740: [GC concurrent-cleanup-end, 0.0015209 secs]
2020-09-29T11:58:41.570+0200: 147.871: [GC pause (G1 Evacuation Pause) (young), 0.1342461 secs]
   [Parallel Time: 133.2 ms, GC Workers: 8]
      [GC Worker Start (ms): Min: 147871.3, Avg: 147871.4, Max: 147871.5, Diff: 0.2]
      [Ext Root Scanning (ms): Min: 0.0, Avg: 0.0, Max: 0.1, Diff: 0.1, Sum: 0.4]
      [Update RS (ms): Min: 15.3, Avg: 15.4, Max: 15.7, Diff: 0.4, Sum: 123.5]
         [Processed Buffers: Min: 18, Avg: 19.1, Max: 22, Diff: 4, Sum: 153]
      [Scan RS (ms): Min: 11.3, Avg: 11.6, Max: 11.7, Diff: 0.4, Sum: 92.5]
      [Code Root Scanning (ms): Min: 0.0, Avg: 0.0, Max: 0.0, Diff: 0.0, Sum: 0.0]
      [Object Copy (ms): Min: 105.8, Avg: 105.9, Max: 105.9, Diff: 0.1, Sum: 846.8]
      [Termination (ms): Min: 0.0, Avg: 0.0, Max: 0.0, Diff: 0.0, Sum: 0.0]
         [Termination Attempts: Min: 1, Avg: 13.1, Max: 21, Diff: 20, Sum: 105]
      [GC Worker Other (ms): Min: 0.0, Avg: 0.0, Max: 0.1, Diff: 0.0, Sum: 0.2]
      [GC Worker Total (ms): Min: 132.9, Avg: 132.9, Max: 133.0, Diff: 0.1, Sum: 1063.5]
      [GC Worker End (ms): Min: 148004.3, Avg: 148004.3, Max: 148004.4, Diff: 0.0]
   [Code Root Fixup: 0.0 ms]
   [Code Root Purge: 0.0 ms]
   [Clear CT: 0.2 ms]
   [Other: 0.9 ms]
      [Choose CSet: 0.0 ms]
      [Ref Proc: 0.2 ms]
      [Ref Enq: 0.0 ms]
      [Redirty Cards: 0.3 ms]
      [Humongous Register: 0.0 ms]
      [Humongous Reclaim: 0.0 ms]
      [Free CSet: 0.2 ms]
   [Eden: 280.0M(280.0M)->0.0B(281.0M) Survivors: 6144.0K->36.0M Heap: 342.2M(2048.0M)->338.7M(2048.0M)]
 [Times: user=0.98 sys=0.02, real=0.13 secs] 
2020-09-29T11:58:41.840+0200: 148.141: [GC pause (G1 Evacuation Pause) (young), 0.1501404 secs]
   [Parallel Time: 149.2 ms, GC Workers: 8]
      [GC Worker Start (ms): Min: 148140.9, Avg: 148140.9, Max: 148141.0, Diff: 0.1]
      [Ext Root Scanning (ms): Min: 0.0, Avg: 0.1, Max: 0.1, Diff: 0.1, Sum: 0.6]
      [Update RS (ms): Min: 17.1, Avg: 17.3, Max: 17.8, Diff: 0.7, Sum: 138.2]
         [Processed Buffers: Min: 20, Avg: 21.9, Max: 26, Diff: 6, Sum: 175]
      [Scan RS (ms): Min: 12.7, Avg: 13.3, Max: 13.5, Diff: 0.8, Sum: 106.0]
      [Code Root Scanning (ms): Min: 0.0, Avg: 0.0, Max: 0.0, Diff: 0.0, Sum: 0.0]
      [Object Copy (ms): Min: 118.3, Avg: 118.4, Max: 118.4, Diff: 0.1, Sum: 947.3]
      [Termination (ms): Min: 0.0, Avg: 0.0, Max: 0.0, Diff: 0.0, Sum: 0.1]
         [Termination Attempts: Min: 1, Avg: 136.1, Max: 189, Diff: 188, Sum: 1089]
      [GC Worker Other (ms): Min: 0.0, Avg: 0.0, Max: 0.1, Diff: 0.1, Sum: 0.3]
      [GC Worker Total (ms): Min: 149.0, Avg: 149.1, Max: 149.1, Diff: 0.1, Sum: 1192.7]
      [GC Worker End (ms): Min: 148290.0, Avg: 148290.0, Max: 148290.0, Diff: 0.1]
   [Code Root Fixup: 0.0 ms]
   [Code Root Purge: 0.0 ms]
   [Clear CT: 0.2 ms]
   [Other: 0.8 ms]
      [Choose CSet: 0.0 ms]
      [Ref Proc: 0.2 ms]
      [Ref Enq: 0.0 ms]
      [Redirty Cards: 0.2 ms]
      [Humongous Register: 0.0 ms]
      [Humongous Reclaim: 0.0 ms]
      [Free CSet: 0.2 ms]
   [Eden: 281.0M(281.0M)->0.0B(292.0M) Survivors: 36.0M->40.0M Heap: 667.4M(2048.0M)->669.4M(2048.0M)]
 [Times: user=1.25 sys=0.00, real=0.15 secs] 
2020-09-29T11:58:42.132+0200: 148.433: [GC pause (G1 Evacuation Pause) (young), 0.1665335 secs]
   [Parallel Time: 165.5 ms, GC Workers: 8]
      [GC Worker Start (ms): Min: 148433.0, Avg: 148433.1, Max: 148433.2, Diff: 0.2]
      [Ext Root Scanning (ms): Min: 0.0, Avg: 0.1, Max: 0.1, Diff: 0.1, Sum: 0.5]
      [Update RS (ms): Min: 20.1, Avg: 20.3, Max: 20.6, Diff: 0.4, Sum: 162.1]
         [Processed Buffers: Min: 22, Avg: 24.3, Max: 27, Diff: 5, Sum: 194]
      [Scan RS (ms): Min: 12.8, Avg: 13.2, Max: 13.3, Diff: 0.5, Sum: 105.5]
      [Code Root Scanning (ms): Min: 0.0, Avg: 0.0, Max: 0.0, Diff: 0.0, Sum: 0.0]
      [Object Copy (ms): Min: 131.5, Avg: 131.6, Max: 131.7, Diff: 0.2, Sum: 1052.5]
      [Termination (ms): Min: 0.0, Avg: 0.1, Max: 0.2, Diff: 0.2, Sum: 1.0]
         [Termination Attempts: Min: 1, Avg: 853.4, Max: 1230, Diff: 1229, Sum: 6827]
      [GC Worker Other (ms): Min: 0.0, Avg: 0.1, Max: 0.1, Diff: 0.1, Sum: 0.4]
      [GC Worker Total (ms): Min: 165.2, Avg: 165.3, Max: 165.4, Diff: 0.2, Sum: 1322.0]
      [GC Worker End (ms): Min: 148598.3, Avg: 148598.4, Max: 148598.4, Diff: 0.1]
   [Code Root Fixup: 0.0 ms]
   [Code Root Purge: 0.0 ms]
   [Clear CT: 0.2 ms]
   [Other: 0.8 ms]
      [Choose CSet: 0.0 ms]
      [Ref Proc: 0.2 ms]
      [Ref Enq: 0.0 ms]
      [Redirty Cards: 0.2 ms]
      [Humongous Register: 0.0 ms]
      [Humongous Reclaim: 0.0 ms]
      [Free CSet: 0.2 ms]
   [Eden: 292.0M(292.0M)->0.0B(298.0M) Survivors: 40.0M->42.0M Heap: 1009.1M(2048.0M)->1011.1M(2048.0M)]
 [Times: user=1.25 sys=0.00, real=0.17 secs] 
2020-09-29T11:58:42.308+0200: 148.609: [GC pause (G1 Humongous Allocation) (young) (initial-mark), 0.0567532 secs]
   [Parallel Time: 55.9 ms, GC Workers: 8]
      [GC Worker Start (ms): Min: 148608.7, Avg: 148608.7, Max: 148608.8, Diff: 0.1]
      [Ext Root Scanning (ms): Min: 0.0, Avg: 0.1, Max: 0.1, Diff: 0.1, Sum: 0.7]
      [Update RS (ms): Min: 32.8, Avg: 33.0, Max: 33.3, Diff: 0.5, Sum: 264.1]
         [Processed Buffers: Min: 38, Avg: 41.9, Max: 44, Diff: 6, Sum: 335]
      [Scan RS (ms): Min: 2.4, Avg: 2.6, Max: 2.8, Diff: 0.5, Sum: 20.8]
      [Code Root Scanning (ms): Min: 0.0, Avg: 0.0, Max: 0.0, Diff: 0.0, Sum: 0.0]
      [Object Copy (ms): Min: 19.9, Avg: 20.0, Max: 20.0, Diff: 0.1, Sum: 159.9]
      [Termination (ms): Min: 0.0, Avg: 0.0, Max: 0.1, Diff: 0.1, Sum: 0.3]
         [Termination Attempts: Min: 1, Avg: 258.4, Max: 393, Diff: 392, Sum: 2067]
      [GC Worker Other (ms): Min: 0.0, Avg: 0.0, Max: 0.0, Diff: 0.0, Sum: 0.1]
      [GC Worker Total (ms): Min: 55.7, Avg: 55.7, Max: 55.8, Diff: 0.1, Sum: 445.9]
      [GC Worker End (ms): Min: 148664.5, Avg: 148664.5, Max: 148664.5, Diff: 0.0]
   [Code Root Fixup: 0.0 ms]
   [Code Root Purge: 0.0 ms]
   [Clear CT: 0.2 ms]
   [Other: 0.6 ms]
      [Choose CSet: 0.0 ms]
      [Ref Proc: 0.1 ms]
      [Ref Enq: 0.0 ms]
      [Redirty Cards: 0.2 ms]
      [Humongous Register: 0.0 ms]
      [Humongous Reclaim: 0.0 ms]
      [Free CSet: 0.1 ms]
   [Eden: 6144.0K(298.0M)->0.0B(339.0M) Survivors: 42.0M->7168.0K Heap: 1016.6M(2048.0M)->1020.1M(2048.0M)]
 [Times: user=0.50 sys=0.00, real=0.06 secs] 
2020-09-29T11:58:42.365+0200: 148.665: [GC concurrent-root-region-scan-start]
2020-09-29T11:58:42.366+0200: 148.667: [GC concurrent-root-region-scan-end, 0.0011874 secs]
2020-09-29T11:58:42.366+0200: 148.667: [GC concurrent-mark-start]
2020-09-29T11:58:42.368+0200: 148.669: [GC concurrent-mark-end, 0.0024971 secs]
2020-09-29T11:58:42.369+0200: 148.669: [GC remark 2020-09-29T11:58:42.369+0200: 148.669: [Finalize Marking, 0.0016065 secs] 2020-09-29T11:58:42.370+0200: 148.671: [GC ref-proc, 0.0002818 secs] 2020-09-29T11:58:42.370+0200: 148.671: [Unloading, 0.0013479 secs], 0.0052625 secs]
 [Times: user=0.00 sys=0.00, real=0.01 secs] 
2020-09-29T11:58:42.374+0200: 148.675: [GC cleanup 1024M->20M(2048M), 0.0011659 secs]
 [Times: user=0.00 sys=0.00, real=0.00 secs] 
2020-09-29T11:58:42.375+0200: 148.676: [GC concurrent-cleanup-start]
2020-09-29T11:58:42.376+0200: 148.677: [GC concurrent-cleanup-end, 0.0011316 secs]
2020-09-29T11:58:42.544+0200: 148.845: [GC pause (G1 Evacuation Pause) (young), 0.1605174 secs]
   [Parallel Time: 158.9 ms, GC Workers: 8]
      [GC Worker Start (ms): Min: 148845.2, Avg: 148845.3, Max: 148845.4, Diff: 0.2]
      [Ext Root Scanning (ms): Min: 0.0, Avg: 0.1, Max: 0.1, Diff: 0.1, Sum: 0.5]
      [Update RS (ms): Min: 16.8, Avg: 16.9, Max: 17.1, Diff: 0.4, Sum: 134.9]
         [Processed Buffers: Min: 19, Avg: 20.4, Max: 23, Diff: 4, Sum: 163]
      [Scan RS (ms): Min: 14.5, Avg: 14.8, Max: 14.8, Diff: 0.4, Sum: 118.1]
      [Code Root Scanning (ms): Min: 0.0, Avg: 0.0, Max: 0.0, Diff: 0.0, Sum: 0.0]
      [Object Copy (ms): Min: 126.8, Avg: 126.9, Max: 127.0, Diff: 0.2, Sum: 1015.2]
      [Termination (ms): Min: 0.0, Avg: 0.0, Max: 0.0, Diff: 0.0, Sum: 0.3]
         [Termination Attempts: Min: 1, Avg: 235.5, Max: 279, Diff: 278, Sum: 1884]
      [GC Worker Other (ms): Min: 0.0, Avg: 0.0, Max: 0.1, Diff: 0.1, Sum: 0.3]
      [GC Worker Total (ms): Min: 158.6, Avg: 158.7, Max: 158.7, Diff: 0.1, Sum: 1269.3]
      [GC Worker End (ms): Min: 149003.9, Avg: 149004.0, Max: 149004.0, Diff: 0.1]
   [Code Root Fixup: 0.0 ms]
   [Code Root Purge: 0.0 ms]
   [Clear CT: 0.8 ms]
   [Other: 0.9 ms]
      [Choose CSet: 0.0 ms]
      [Ref Proc: 0.1 ms]
      [Ref Enq: 0.0 ms]
      [Redirty Cards: 0.3 ms]
      [Humongous Register: 0.0 ms]
      [Humongous Reclaim: 0.0 ms]
      [Free CSet: 0.2 ms]
   [Eden: 339.0M(339.0M)->0.0B(318.0M) Survivors: 7168.0K->44.0M Heap: 412.2M(2048.0M)->407.2M(2048.0M)]
 [Times: user=1.25 sys=0.00, real=0.17 secs] 
2020-09-29T11:58:42.866+0200: 149.167: [GC pause (G1 Evacuation Pause) (young), 0.1698921 secs]
   [Parallel Time: 168.8 ms, GC Workers: 8]
      [GC Worker Start (ms): Min: 149166.8, Avg: 149166.9, Max: 149166.9, Diff: 0.2]
      [Ext Root Scanning (ms): Min: 0.0, Avg: 0.1, Max: 0.2, Diff: 0.1, Sum: 0.5]
      [Update RS (ms): Min: 15.3, Avg: 15.5, Max: 15.8, Diff: 0.5, Sum: 123.8]
         [Processed Buffers: Min: 19, Avg: 19.8, Max: 21, Diff: 2, Sum: 158]
      [Scan RS (ms): Min: 16.0, Avg: 16.5, Max: 16.7, Diff: 0.7, Sum: 131.7]
      [Code Root Scanning (ms): Min: 0.0, Avg: 0.0, Max: 0.0, Diff: 0.0, Sum: 0.0]
      [Object Copy (ms): Min: 136.4, Avg: 136.6, Max: 136.7, Diff: 0.3, Sum: 1093.0]
      [Termination (ms): Min: 0.0, Avg: 0.0, Max: 0.0, Diff: 0.0, Sum: 0.2]
         [Termination Attempts: Min: 1, Avg: 149.1, Max: 187, Diff: 186, Sum: 1193]
      [GC Worker Other (ms): Min: 0.0, Avg: 0.0, Max: 0.1, Diff: 0.1, Sum: 0.3]
      [GC Worker Total (ms): Min: 168.6, Avg: 168.7, Max: 168.8, Diff: 0.1, Sum: 1349.4]
      [GC Worker End (ms): Min: 149335.5, Avg: 149335.5, Max: 149335.6, Diff: 0.1]
   [Code Root Fixup: 0.0 ms]
   [Code Root Purge: 0.0 ms]
   [Clear CT: 0.2 ms]
   [Other: 0.9 ms]
      [Choose CSet: 0.0 ms]
      [Ref Proc: 0.1 ms]
      [Ref Enq: 0.0 ms]
      [Redirty Cards: 0.2 ms]
      [Humongous Register: 0.0 ms]
      [Humongous Reclaim: 0.0 ms]
      [Free CSet: 0.3 ms]
   [Eden: 318.0M(318.0M)->0.0B(316.0M) Survivors: 44.0M->46.0M Heap: 778.6M(2048.0M)->781.1M(2048.0M)]
 [Times: user=1.28 sys=0.00, real=0.17 secs] 
2020-09-29T11:58:43.211+0200: 149.511: [GC pause (G1 Evacuation Pause) (young), 0.1751857 secs]
   [Parallel Time: 174.0 ms, GC Workers: 8]
      [GC Worker Start (ms): Min: 149511.1, Avg: 149511.2, Max: 149511.3, Diff: 0.2]
      [Ext Root Scanning (ms): Min: 0.0, Avg: 0.1, Max: 0.2, Diff: 0.2, Sum: 0.5]
      [Update RS (ms): Min: 18.9, Avg: 19.1, Max: 19.3, Diff: 0.3, Sum: 152.6]
         [Processed Buffers: Min: 23, Avg: 24.6, Max: 27, Diff: 4, Sum: 197]
      [Scan RS (ms): Min: 14.6, Avg: 14.8, Max: 14.9, Diff: 0.3, Sum: 118.2]
      [Code Root Scanning (ms): Min: 0.0, Avg: 0.0, Max: 0.0, Diff: 0.0, Sum: 0.0]
      [Object Copy (ms): Min: 139.8, Avg: 139.8, Max: 139.9, Diff: 0.1, Sum: 1118.3]
      [Termination (ms): Min: 0.0, Avg: 0.0, Max: 0.1, Diff: 0.1, Sum: 0.3]
         [Termination Attempts: Min: 1, Avg: 287.9, Max: 373, Diff: 372, Sum: 2303]
      [GC Worker Other (ms): Min: 0.0, Avg: 0.0, Max: 0.1, Diff: 0.1, Sum: 0.3]
      [GC Worker Total (ms): Min: 173.7, Avg: 173.8, Max: 173.9, Diff: 0.2, Sum: 1390.2]
      [GC Worker End (ms): Min: 149685.0, Avg: 149685.0, Max: 149685.0, Diff: 0.1]
   [Code Root Fixup: 0.0 ms]
   [Code Root Purge: 0.0 ms]
   [Clear CT: 0.2 ms]
   [Other: 1.0 ms]
      [Choose CSet: 0.0 ms]
      [Ref Proc: 0.2 ms]
      [Ref Enq: 0.0 ms]
      [Redirty Cards: 0.2 ms]
      [Humongous Register: 0.0 ms]
      [Humongous Reclaim: 0.0 ms]
      [Free CSet: 0.4 ms]
   [Eden: 316.0M(316.0M)->0.0B(317.0M) Survivors: 46.0M->46.0M Heap: 1150.5M(2048.0M)->1152.5M(2048.0M)]
 [Times: user=1.36 sys=0.00, real=0.17 secs] 
2020-09-29T11:58:43.406+0200: 149.707: [GC pause (G1 Humongous Allocation) (young) (initial-mark), 0.0614520 secs]
   [Parallel Time: 60.7 ms, GC Workers: 8]
      [GC Worker Start (ms): Min: 149706.8, Avg: 149706.9, Max: 149707.0, Diff: 0.2]
      [Ext Root Scanning (ms): Min: 0.0, Avg: 0.9, Max: 5.9, Diff: 5.9, Sum: 6.9]
      [Update RS (ms): Min: 24.1, Avg: 29.2, Max: 30.3, Diff: 6.3, Sum: 233.5]
         [Processed Buffers: Min: 29, Avg: 35.8, Max: 38, Diff: 9, Sum: 286]
      [Scan RS (ms): Min: 2.5, Avg: 2.9, Max: 3.1, Diff: 0.6, Sum: 23.5]
      [Code Root Scanning (ms): Min: 0.0, Avg: 0.0, Max: 0.0, Diff: 0.0, Sum: 0.0]
      [Object Copy (ms): Min: 27.3, Avg: 27.4, Max: 27.5, Diff: 0.3, Sum: 219.1]
      [Termination (ms): Min: 0.0, Avg: 0.1, Max: 0.1, Diff: 0.1, Sum: 0.8]
         [Termination Attempts: Min: 1, Avg: 720.4, Max: 900, Diff: 899, Sum: 5763]
      [GC Worker Other (ms): Min: 0.0, Avg: 0.0, Max: 0.0, Diff: 0.0, Sum: 0.1]
      [GC Worker Total (ms): Min: 60.4, Avg: 60.5, Max: 60.6, Diff: 0.2, Sum: 483.9]
      [GC Worker End (ms): Min: 149767.4, Avg: 149767.4, Max: 149767.4, Diff: 0.0]
   [Code Root Fixup: 0.0 ms]
   [Code Root Purge: 0.0 ms]
   [Clear CT: 0.1 ms]
   [Other: 0.6 ms]
      [Choose CSet: 0.0 ms]
      [Ref Proc: 0.2 ms]
      [Ref Enq: 0.0 ms]
      [Redirty Cards: 0.1 ms]
      [Humongous Register: 0.0 ms]
      [Humongous Reclaim: 0.0 ms]
      [Free CSet: 0.1 ms]
   [Eden: 12.0M(317.0M)->0.0B(333.0M) Survivors: 46.0M->14.0M Heap: 1164.0M(2048.0M)->1168.5M(2048.0M)]
 [Times: user=0.49 sys=0.00, real=0.06 secs] 
2020-09-29T11:58:43.468+0200: 149.768: [GC concurrent-root-region-scan-start]
2020-09-29T11:58:43.470+0200: 149.770: [GC concurrent-root-region-scan-end, 0.0021420 secs]
2020-09-29T11:58:43.470+0200: 149.770: [GC concurrent-mark-start]
2020-09-29T11:58:43.472+0200: 149.773: [GC concurrent-mark-end, 0.0023039 secs]
2020-09-29T11:58:43.472+0200: 149.773: [GC remark 2020-09-29T11:58:43.472+0200: 149.773: [Finalize Marking, 0.0001882 secs] 2020-09-29T11:58:43.473+0200: 149.773: [GC ref-proc, 0.0002549 secs] 2020-09-29T11:58:43.473+0200: 149.773: [Unloading, 0.0003499 secs], 0.0010605 secs]
 [Times: user=0.00 sys=0.00, real=0.00 secs] 
2020-09-29T11:58:43.474+0200: 149.774: [GC cleanup 1179M->33M(2048M), 0.0010544 secs]
 [Times: user=0.00 sys=0.00, real=0.00 secs] 
2020-09-29T11:58:43.475+0200: 149.775: [GC concurrent-cleanup-start]
2020-09-29T11:58:43.476+0200: 149.777: [GC concurrent-cleanup-end, 0.0013789 secs]
2020-09-29T11:58:43.634+0200: 149.935: [GC pause (G1 Evacuation Pause) (young), 0.1578747 secs]
   [Parallel Time: 156.7 ms, GC Workers: 8]
      [GC Worker Start (ms): Min: 149934.8, Avg: 149934.9, Max: 149935.0, Diff: 0.2]
      [Ext Root Scanning (ms): Min: 0.0, Avg: 0.1, Max: 0.2, Diff: 0.2, Sum: 0.4]
      [Update RS (ms): Min: 16.8, Avg: 16.9, Max: 17.1, Diff: 0.3, Sum: 135.1]
         [Processed Buffers: Min: 20, Avg: 21.5, Max: 24, Diff: 4, Sum: 172]
      [Scan RS (ms): Min: 13.6, Avg: 13.8, Max: 14.0, Diff: 0.4, Sum: 110.7]
      [Code Root Scanning (ms): Min: 0.0, Avg: 0.0, Max: 0.0, Diff: 0.0, Sum: 0.0]
      [Object Copy (ms): Min: 125.6, Avg: 125.7, Max: 125.7, Diff: 0.2, Sum: 1005.5]
      [Termination (ms): Min: 0.0, Avg: 0.0, Max: 0.0, Diff: 0.0, Sum: 0.0]
         [Termination Attempts: Min: 1, Avg: 30.4, Max: 44, Diff: 43, Sum: 243]
      [GC Worker Other (ms): Min: 0.0, Avg: 0.0, Max: 0.1, Diff: 0.1, Sum: 0.3]
      [GC Worker Total (ms): Min: 156.4, Avg: 156.5, Max: 156.6, Diff: 0.2, Sum: 1252.0]
      [GC Worker End (ms): Min: 150091.4, Avg: 150091.4, Max: 150091.5, Diff: 0.1]
   [Code Root Fixup: 0.0 ms]
   [Code Root Purge: 0.0 ms]
   [Clear CT: 0.2 ms]
   [Other: 1.0 ms]
      [Choose CSet: 0.0 ms]
      [Ref Proc: 0.2 ms]
      [Ref Enq: 0.0 ms]
      [Redirty Cards: 0.4 ms]
      [Humongous Register: 0.0 ms]
      [Humongous Reclaim: 0.0 ms]
      [Free CSet: 0.2 ms]
   [Eden: 333.0M(333.0M)->0.0B(325.0M) Survivors: 14.0M->44.0M Heap: 413.2M(2048.0M)->401.7M(2048.0M)]
 [Times: user=1.25 sys=0.00, real=0.16 secs] 
2020-09-29T11:58:43.948+0200: 150.248: [GC pause (G1 Evacuation Pause) (young), 0.1801873 secs]
   [Parallel Time: 179.0 ms, GC Workers: 8]
      [GC Worker Start (ms): Min: 150248.6, Avg: 150248.7, Max: 150248.8, Diff: 0.2]
      [Ext Root Scanning (ms): Min: 0.0, Avg: 0.1, Max: 0.2, Diff: 0.2, Sum: 0.5]
      [Update RS (ms): Min: 21.0, Avg: 21.2, Max: 21.7, Diff: 0.6, Sum: 169.8]
         [Processed Buffers: Min: 23, Avg: 25.0, Max: 27, Diff: 4, Sum: 200]
      [Scan RS (ms): Min: 15.8, Avg: 16.2, Max: 16.5, Diff: 0.7, Sum: 129.9]
      [Code Root Scanning (ms): Min: 0.0, Avg: 0.0, Max: 0.0, Diff: 0.0, Sum: 0.0]
      [Object Copy (ms): Min: 141.0, Avg: 141.1, Max: 141.2, Diff: 0.1, Sum: 1129.0]
      [Termination (ms): Min: 0.0, Avg: 0.0, Max: 0.0, Diff: 0.0, Sum: 0.2]
         [Termination Attempts: Min: 1, Avg: 182.3, Max: 228, Diff: 227, Sum: 1458]
      [GC Worker Other (ms): Min: 0.0, Avg: 0.0, Max: 0.1, Diff: 0.1, Sum: 0.4]
      [GC Worker Total (ms): Min: 178.6, Avg: 178.7, Max: 178.9, Diff: 0.2, Sum: 1429.8]
      [GC Worker End (ms): Min: 150427.4, Avg: 150427.4, Max: 150427.5, Diff: 0.1]
   [Code Root Fixup: 0.0 ms]
   [Code Root Purge: 0.0 ms]
   [Clear CT: 0.2 ms]
   [Other: 1.0 ms]
      [Choose CSet: 0.0 ms]
      [Ref Proc: 0.2 ms]
      [Ref Enq: 0.0 ms]
      [Redirty Cards: 0.3 ms]
      [Humongous Register: 0.0 ms]
      [Humongous Reclaim: 0.0 ms]
      [Free CSet: 0.3 ms]
   [Eden: 325.0M(325.0M)->0.0B(317.0M) Survivors: 44.0M->47.0M Heap: 780.1M(2048.0M)->782.6M(2048.0M)]
 [Times: user=1.36 sys=0.02, real=0.19 secs] 
2020-09-29T11:58:44.301+0200: 150.602: [GC pause (G1 Evacuation Pause) (young), 0.1820621 secs]
   [Parallel Time: 179.9 ms, GC Workers: 8]
      [GC Worker Start (ms): Min: 150602.1, Avg: 150602.2, Max: 150602.3, Diff: 0.2]
      [Ext Root Scanning (ms): Min: 0.0, Avg: 0.1, Max: 0.2, Diff: 0.2, Sum: 0.5]
      [Update RS (ms): Min: 18.1, Avg: 18.3, Max: 18.5, Diff: 0.4, Sum: 146.1]
         [Processed Buffers: Min: 20, Avg: 22.1, Max: 25, Diff: 5, Sum: 177]
      [Scan RS (ms): Min: 16.7, Avg: 17.0, Max: 17.2, Diff: 0.4, Sum: 136.3]
      [Code Root Scanning (ms): Min: 0.0, Avg: 0.0, Max: 0.0, Diff: 0.0, Sum: 0.0]
      [Object Copy (ms): Min: 144.0, Avg: 144.1, Max: 144.2, Diff: 0.2, Sum: 1152.7]
      [Termination (ms): Min: 0.0, Avg: 0.1, Max: 0.2, Diff: 0.2, Sum: 1.0]
         [Termination Attempts: Min: 1, Avg: 830.3, Max: 1229, Diff: 1228, Sum: 6642]
      [GC Worker Other (ms): Min: 0.0, Avg: 0.0, Max: 0.1, Diff: 0.1, Sum: 0.3]
      [GC Worker Total (ms): Min: 179.5, Avg: 179.6, Max: 179.7, Diff: 0.2, Sum: 1437.0]
      [GC Worker End (ms): Min: 150781.8, Avg: 150781.9, Max: 150781.9, Diff: 0.1]
   [Code Root Fixup: 0.0 ms]
   [Code Root Purge: 0.0 ms]
   [Clear CT: 0.6 ms]
   [Other: 1.6 ms]
      [Choose CSet: 0.0 ms]
      [Ref Proc: 0.2 ms]
      [Ref Enq: 0.0 ms]
      [Redirty Cards: 1.0 ms]
      [Humongous Register: 0.0 ms]
      [Humongous Reclaim: 0.0 ms]
      [Free CSet: 0.2 ms]
   [Eden: 317.0M(317.0M)->0.0B(312.0M) Survivors: 47.0M->46.0M Heap: 1153.0M(2048.0M)->1154.5M(2048.0M)]
 [Times: user=1.34 sys=0.02, real=0.18 secs] 
2020-09-29T11:58:44.492+0200: 150.793: [GC pause (G1 Humongous Allocation) (young) (initial-mark), 0.0647180 secs]
   [Parallel Time: 64.0 ms, GC Workers: 8]
      [GC Worker Start (ms): Min: 150793.4, Avg: 150793.9, Max: 150794.1, Diff: 0.7]
      [Ext Root Scanning (ms): Min: 0.0, Avg: 0.7, Max: 0.9, Diff: 0.9, Sum: 5.8]
      [Update RS (ms): Min: 36.2, Avg: 36.7, Max: 37.5, Diff: 1.3, Sum: 293.9]
         [Processed Buffers: Min: 45, Avg: 48.0, Max: 50, Diff: 5, Sum: 384]
      [Scan RS (ms): Min: 2.6, Avg: 2.9, Max: 3.2, Diff: 0.6, Sum: 23.4]
      [Code Root Scanning (ms): Min: 0.0, Avg: 0.0, Max: 0.0, Diff: 0.0, Sum: 0.0]
      [Object Copy (ms): Min: 23.0, Avg: 23.0, Max: 23.1, Diff: 0.1, Sum: 184.1]
      [Termination (ms): Min: 0.0, Avg: 0.0, Max: 0.1, Diff: 0.1, Sum: 0.3]
         [Termination Attempts: Min: 1, Avg: 291.4, Max: 428, Diff: 427, Sum: 2331]
      [GC Worker Other (ms): Min: 0.0, Avg: 0.0, Max: 0.0, Diff: 0.0, Sum: 0.1]
      [GC Worker Total (ms): Min: 63.2, Avg: 63.5, Max: 63.9, Diff: 0.7, Sum: 507.7]
      [GC Worker End (ms): Min: 150857.3, Avg: 150857.3, Max: 150857.3, Diff: 0.0]
   [Code Root Fixup: 0.0 ms]
   [Code Root Purge: 0.0 ms]
   [Clear CT: 0.2 ms]
   [Other: 0.6 ms]
      [Choose CSet: 0.0 ms]
      [Ref Proc: 0.2 ms]
      [Ref Enq: 0.0 ms]
      [Redirty Cards: 0.1 ms]
      [Humongous Register: 0.0 ms]
      [Humongous Reclaim: 0.0 ms]
      [Free CSet: 0.1 ms]
   [Eden: 10.0M(312.0M)->0.0B(333.0M) Survivors: 46.0M->11.0M Heap: 1164.0M(2048.0M)->1168.0M(2048.0M)]
 [Times: user=0.50 sys=0.00, real=0.06 secs] 
2020-09-29T11:58:44.557+0200: 150.858: [GC concurrent-root-region-scan-start]
2020-09-29T11:58:44.559+0200: 150.860: [GC concurrent-root-region-scan-end, 0.0018960 secs]
2020-09-29T11:58:44.559+0200: 150.860: [GC concurrent-mark-start]
2020-09-29T11:58:44.561+0200: 150.862: [GC concurrent-mark-end, 0.0022381 secs]
2020-09-29T11:58:44.561+0200: 150.862: [GC remark 2020-09-29T11:58:44.561+0200: 150.862: [Finalize Marking, 0.0001143 secs] 2020-09-29T11:58:44.561+0200: 150.863: [GC ref-proc, 0.0002918 secs] 2020-09-29T11:58:44.562+0200: 150.863: [Unloading, 0.0004113 secs], 0.0010850 secs]
 [Times: user=0.00 sys=0.00, real=0.00 secs] 
2020-09-29T11:58:44.563+0200: 150.864: [GC cleanup 1178M->30M(2048M), 0.0010446 secs]
 [Times: user=0.00 sys=0.00, real=0.00 secs] 
2020-09-29T11:58:44.564+0200: 150.865: [GC concurrent-cleanup-start]
2020-09-29T11:58:44.565+0200: 150.866: [GC concurrent-cleanup-end, 0.0014456 secs]
2020-09-29T11:58:44.723+0200: 151.024: [GC pause (G1 Evacuation Pause) (young), 0.1653072 secs]
   [Parallel Time: 162.8 ms, GC Workers: 8]
      [GC Worker Start (ms): Min: 151024.2, Avg: 151024.3, Max: 151024.4, Diff: 0.2]
      [Ext Root Scanning (ms): Min: 0.0, Avg: 0.1, Max: 0.1, Diff: 0.1, Sum: 0.4]
      [Update RS (ms): Min: 22.9, Avg: 23.1, Max: 23.4, Diff: 0.5, Sum: 184.6]
         [Processed Buffers: Min: 25, Avg: 28.4, Max: 31, Diff: 6, Sum: 227]
      [Scan RS (ms): Min: 11.0, Avg: 11.3, Max: 11.5, Diff: 0.5, Sum: 90.7]
      [Code Root Scanning (ms): Min: 0.0, Avg: 0.0, Max: 0.0, Diff: 0.0, Sum: 0.0]
      [Object Copy (ms): Min: 127.8, Avg: 127.9, Max: 128.0, Diff: 0.1, Sum: 1023.1]
      [Termination (ms): Min: 0.0, Avg: 0.1, Max: 0.1, Diff: 0.1, Sum: 0.8]
         [Termination Attempts: Min: 1, Avg: 721.9, Max: 954, Diff: 953, Sum: 5775]
      [GC Worker Other (ms): Min: 0.0, Avg: 0.0, Max: 0.1, Diff: 0.1, Sum: 0.3]
      [GC Worker Total (ms): Min: 162.4, Avg: 162.5, Max: 162.6, Diff: 0.2, Sum: 1300.1]
      [GC Worker End (ms): Min: 151186.8, Avg: 151186.8, Max: 151186.9, Diff: 0.1]
   [Code Root Fixup: 0.0 ms]
   [Code Root Purge: 0.0 ms]
   [Clear CT: 0.2 ms]
   [Other: 2.2 ms]
      [Choose CSet: 0.0 ms]
      [Ref Proc: 0.2 ms]
      [Ref Enq: 0.0 ms]
      [Redirty Cards: 1.7 ms]
      [Humongous Register: 0.0 ms]
      [Humongous Reclaim: 0.0 ms]
      [Free CSet: 0.2 ms]
   [Eden: 333.0M(333.0M)->0.0B(326.0M) Survivors: 11.0M->43.0M Heap: 410.2M(2048.0M)->401.2M(2048.0M)]
 [Times: user=1.25 sys=0.00, real=0.16 secs] 
2020-09-29T11:58:45.052+0200: 151.353: [GC pause (G1 Evacuation Pause) (young), 0.1816117 secs]
   [Parallel Time: 180.5 ms, GC Workers: 8]
      [GC Worker Start (ms): Min: 151352.9, Avg: 151353.0, Max: 151353.0, Diff: 0.1]
      [Ext Root Scanning (ms): Min: 0.0, Avg: 0.1, Max: 0.1, Diff: 0.1, Sum: 0.5]
      [Update RS (ms): Min: 18.7, Avg: 18.8, Max: 19.0, Diff: 0.3, Sum: 150.6]
         [Processed Buffers: Min: 21, Avg: 22.9, Max: 24, Diff: 3, Sum: 183]
      [Scan RS (ms): Min: 16.9, Avg: 17.0, Max: 17.2, Diff: 0.3, Sum: 136.3]
      [Code Root Scanning (ms): Min: 0.0, Avg: 0.0, Max: 0.0, Diff: 0.0, Sum: 0.0]
      [Object Copy (ms): Min: 144.0, Avg: 144.2, Max: 144.3, Diff: 0.3, Sum: 1153.4]
      [Termination (ms): Min: 0.0, Avg: 0.1, Max: 0.2, Diff: 0.2, Sum: 1.1]
         [Termination Attempts: Min: 1, Avg: 877.6, Max: 1341, Diff: 1340, Sum: 7021]
      [GC Worker Other (ms): Min: 0.0, Avg: 0.0, Max: 0.1, Diff: 0.1, Sum: 0.3]
      [GC Worker Total (ms): Min: 180.2, Avg: 180.3, Max: 180.4, Diff: 0.1, Sum: 1442.3]
      [GC Worker End (ms): Min: 151533.2, Avg: 151533.3, Max: 151533.3, Diff: 0.1]
   [Code Root Fixup: 0.0 ms]
   [Code Root Purge: 0.0 ms]
   [Clear CT: 0.2 ms]
   [Other: 1.0 ms]
      [Choose CSet: 0.0 ms]
      [Ref Proc: 0.2 ms]
      [Ref Enq: 0.0 ms]
      [Redirty Cards: 0.3 ms]
      [Humongous Register: 0.0 ms]
      [Humongous Reclaim: 0.0 ms]
      [Free CSet: 0.3 ms]
   [Eden: 326.0M(326.0M)->0.0B(316.0M) Survivors: 43.0M->47.0M Heap: 780.6M(2048.0M)->783.1M(2048.0M)]
 [Times: user=1.36 sys=0.00, real=0.18 secs] 
2020-09-29T11:58:45.402+0200: 151.703: [GC pause (G1 Evacuation Pause) (young), 0.1752375 secs]
   [Parallel Time: 173.9 ms, GC Workers: 8]
      [GC Worker Start (ms): Min: 151703.4, Avg: 151703.5, Max: 151703.5, Diff: 0.1]
      [Ext Root Scanning (ms): Min: 0.0, Avg: 0.1, Max: 0.1, Diff: 0.1, Sum: 0.5]
      [Update RS (ms): Min: 16.5, Avg: 16.6, Max: 17.0, Diff: 0.5, Sum: 133.2]
         [Processed Buffers: Min: 20, Avg: 21.1, Max: 22, Diff: 2, Sum: 169]
      [Scan RS (ms): Min: 16.5, Avg: 16.8, Max: 16.9, Diff: 0.4, Sum: 134.4]
      [Code Root Scanning (ms): Min: 0.0, Avg: 0.0, Max: 0.0, Diff: 0.0, Sum: 0.0]
      [Object Copy (ms): Min: 140.1, Avg: 140.1, Max: 140.1, Diff: 0.1, Sum: 1120.9]
      [Termination (ms): Min: 0.0, Avg: 0.1, Max: 0.1, Diff: 0.1, Sum: 0.5]
         [Termination Attempts: Min: 1, Avg: 529.4, Max: 676, Diff: 675, Sum: 4235]
      [GC Worker Other (ms): Min: 0.0, Avg: 0.0, Max: 0.1, Diff: 0.1, Sum: 0.4]
      [GC Worker Total (ms): Min: 173.7, Avg: 173.7, Max: 173.8, Diff: 0.2, Sum: 1390.0]
      [GC Worker End (ms): Min: 151877.2, Avg: 151877.2, Max: 151877.3, Diff: 0.1]
   [Code Root Fixup: 0.0 ms]
   [Code Root Purge: 0.0 ms]
   [Clear CT: 0.2 ms]
   [Other: 1.1 ms]
      [Choose CSet: 0.0 ms]
      [Ref Proc: 0.2 ms]
      [Ref Enq: 0.0 ms]
      [Redirty Cards: 0.5 ms]
      [Humongous Register: 0.0 ms]
      [Humongous Reclaim: 0.0 ms]
      [Free CSet: 0.2 ms]
   [Eden: 316.0M(316.0M)->0.0B(316.0M) Survivors: 47.0M->46.0M Heap: 1152.5M(2048.0M)->1154.0M(2048.0M)]
 [Times: user=1.36 sys=0.01, real=0.18 secs] 
2020-09-29T11:58:45.587+0200: 151.888: [GC pause (G1 Humongous Allocation) (young) (initial-mark), 0.0648219 secs]
   [Parallel Time: 64.0 ms, GC Workers: 8]
      [GC Worker Start (ms): Min: 151888.2, Avg: 151888.2, Max: 151888.3, Diff: 0.1]
      [Ext Root Scanning (ms): Min: 0.0, Avg: 0.1, Max: 0.2, Diff: 0.2, Sum: 1.1]
      [Update RS (ms): Min: 35.8, Avg: 35.9, Max: 36.0, Diff: 0.2, Sum: 287.2]
         [Processed Buffers: Min: 43, Avg: 47.3, Max: 49, Diff: 6, Sum: 378]
      [Scan RS (ms): Min: 2.7, Avg: 2.8, Max: 2.9, Diff: 0.2, Sum: 22.7]
      [Code Root Scanning (ms): Min: 0.0, Avg: 0.0, Max: 0.0, Diff: 0.0, Sum: 0.0]
      [Object Copy (ms): Min: 24.6, Avg: 24.7, Max: 24.8, Diff: 0.2, Sum: 197.9]
      [Termination (ms): Min: 0.0, Avg: 0.1, Max: 0.1, Diff: 0.1, Sum: 0.7]
         [Termination Attempts: Min: 1, Avg: 591.8, Max: 877, Diff: 876, Sum: 4734]
      [GC Worker Other (ms): Min: 0.0, Avg: 0.0, Max: 0.0, Diff: 0.0, Sum: 0.2]
      [GC Worker Total (ms): Min: 63.7, Avg: 63.7, Max: 63.8, Diff: 0.1, Sum: 509.8]
      [GC Worker End (ms): Min: 151951.9, Avg: 151951.9, Max: 151952.0, Diff: 0.0]
   [Code Root Fixup: 0.0 ms]
   [Code Root Purge: 0.0 ms]
   [Clear CT: 0.1 ms]
   [Other: 0.7 ms]
      [Choose CSet: 0.0 ms]
      [Ref Proc: 0.1 ms]
      [Ref Enq: 0.0 ms]
      [Redirty Cards: 0.1 ms]
      [Humongous Register: 0.1 ms]
      [Humongous Reclaim: 0.0 ms]
      [Free CSet: 0.1 ms]
   [Eden: 10.0M(316.0M)->0.0B(333.0M) Survivors: 46.0M->12.0M Heap: 1163.5M(2048.0M)->1168.0M(2048.0M)]
 [Times: user=0.50 sys=0.00, real=0.07 secs] 
2020-09-29T11:58:45.652+0200: 151.953: [GC concurrent-root-region-scan-start]
2020-09-29T11:58:45.655+0200: 151.955: [GC concurrent-root-region-scan-end, 0.0026276 secs]
2020-09-29T11:58:45.655+0200: 151.955: [GC concurrent-mark-start]
2020-09-29T11:58:45.658+0200: 151.958: [GC concurrent-mark-end, 0.0027748 secs]
2020-09-29T11:58:45.658+0200: 151.958: [GC remark 2020-09-29T11:58:45.658+0200: 151.959: [Finalize Marking, 0.0002391 secs] 2020-09-29T11:58:45.658+0200: 151.959: [GC ref-proc, 0.0002819 secs] 2020-09-29T11:58:45.658+0200: 151.959: [Unloading, 0.0004180 secs], 0.0012371 secs]
 [Times: user=0.00 sys=0.00, real=0.00 secs] 
2020-09-29T11:58:45.659+0200: 151.960: [GC cleanup 1180M->33M(2048M), 0.0011808 secs]
 [Times: user=0.11 sys=0.00, real=0.00 secs] 
2020-09-29T11:58:45.661+0200: 151.961: [GC concurrent-cleanup-start]
2020-09-29T11:58:45.663+0200: 151.963: [GC concurrent-cleanup-end, 0.0019699 secs]
2020-09-29T11:58:45.837+0200: 152.138: [GC pause (G1 Evacuation Pause) (young), 0.1634386 secs]
   [Parallel Time: 160.9 ms, GC Workers: 8]
      [GC Worker Start (ms): Min: 152137.6, Avg: 152137.7, Max: 152137.7, Diff: 0.2]
      [Ext Root Scanning (ms): Min: 0.0, Avg: 0.1, Max: 0.1, Diff: 0.1, Sum: 0.4]
      [Update RS (ms): Min: 19.5, Avg: 19.7, Max: 20.2, Diff: 0.7, Sum: 157.6]
         [Processed Buffers: Min: 23, Avg: 25.0, Max: 27, Diff: 4, Sum: 200]
      [Scan RS (ms): Min: 12.2, Avg: 12.6, Max: 12.8, Diff: 0.6, Sum: 101.0]
      [Code Root Scanning (ms): Min: 0.0, Avg: 0.0, Max: 0.0, Diff: 0.0, Sum: 0.0]
      [Object Copy (ms): Min: 128.2, Avg: 128.3, Max: 128.3, Diff: 0.1, Sum: 1026.1]
      [Termination (ms): Min: 0.0, Avg: 0.0, Max: 0.0, Diff: 0.0, Sum: 0.3]
         [Termination Attempts: Min: 1, Avg: 236.8, Max: 309, Diff: 308, Sum: 1894]
      [GC Worker Other (ms): Min: 0.0, Avg: 0.0, Max: 0.1, Diff: 0.0, Sum: 0.3]
      [GC Worker Total (ms): Min: 160.7, Avg: 160.7, Max: 160.8, Diff: 0.2, Sum: 1285.7]
      [GC Worker End (ms): Min: 152298.4, Avg: 152298.4, Max: 152298.4, Diff: 0.0]
   [Code Root Fixup: 0.0 ms]
   [Code Root Purge: 0.0 ms]
   [Clear CT: 0.6 ms]
   [Other: 1.9 ms]
      [Choose CSet: 0.0 ms]
      [Ref Proc: 0.2 ms]
      [Ref Enq: 0.0 ms]
      [Redirty Cards: 0.3 ms]
      [Humongous Register: 0.0 ms]
      [Humongous Reclaim: 0.0 ms]
      [Free CSet: 0.2 ms]
   [Eden: 333.0M(333.0M)->0.0B(324.0M) Survivors: 12.0M->44.0M Heap: 410.7M(2048.0M)->401.2M(2048.0M)]
 [Times: user=1.22 sys=0.00, real=0.16 secs] 
2020-09-29T11:58:46.157+0200: 152.458: [GC pause (G1 Evacuation Pause) (young), 0.1777304 secs]
   [Parallel Time: 176.5 ms, GC Workers: 8]
      [GC Worker Start (ms): Min: 152457.7, Avg: 152457.8, Max: 152457.9, Diff: 0.2]
      [Ext Root Scanning (ms): Min: 0.0, Avg: 0.1, Max: 0.2, Diff: 0.2, Sum: 0.5]
      [Update RS (ms): Min: 18.5, Avg: 18.6, Max: 19.4, Diff: 0.9, Sum: 149.1]
         [Processed Buffers: Min: 21, Avg: 22.8, Max: 25, Diff: 4, Sum: 182]
      [Scan RS (ms): Min: 16.7, Avg: 17.4, Max: 17.6, Diff: 0.9, Sum: 139.2]
      [Code Root Scanning (ms): Min: 0.0, Avg: 0.0, Max: 0.0, Diff: 0.0, Sum: 0.0]
      [Object Copy (ms): Min: 140.0, Avg: 140.0, Max: 140.1, Diff: 0.1, Sum: 1120.4]
      [Termination (ms): Min: 0.0, Avg: 0.1, Max: 0.1, Diff: 0.1, Sum: 0.5]
         [Termination Attempts: Min: 1, Avg: 393.9, Max: 542, Diff: 541, Sum: 3151]
      [GC Worker Other (ms): Min: 0.0, Avg: 0.1, Max: 0.1, Diff: 0.1, Sum: 0.4]
      [GC Worker Total (ms): Min: 176.2, Avg: 176.3, Max: 176.4, Diff: 0.2, Sum: 1410.1]
      [GC Worker End (ms): Min: 152634.0, Avg: 152634.1, Max: 152634.1, Diff: 0.1]
   [Code Root Fixup: 0.0 ms]
   [Code Root Purge: 0.0 ms]
   [Clear CT: 0.2 ms]
   [Other: 1.0 ms]
      [Choose CSet: 0.0 ms]
      [Ref Proc: 0.2 ms]
      [Ref Enq: 0.0 ms]
      [Redirty Cards: 0.3 ms]
      [Humongous Register: 0.0 ms]
      [Humongous Reclaim: 0.0 ms]
      [Free CSet: 0.3 ms]
   [Eden: 324.0M(324.0M)->0.0B(318.0M) Survivors: 44.0M->46.0M Heap: 778.6M(2048.0M)->781.1M(2048.0M)]
 [Times: user=1.49 sys=0.02, real=0.18 secs] 
2020-09-29T11:58:46.514+0200: 152.814: [GC pause (G1 Evacuation Pause) (young), 0.4046060 secs]
   [Parallel Time: 402.6 ms, GC Workers: 8]
      [GC Worker Start (ms): Min: 152814.6, Avg: 152814.8, Max: 152814.9, Diff: 0.3]
      [Ext Root Scanning (ms): Min: 0.0, Avg: 0.1, Max: 0.3, Diff: 0.3, Sum: 0.9]
      [Update RS (ms): Min: 56.8, Avg: 57.3, Max: 58.9, Diff: 2.1, Sum: 458.5]
         [Processed Buffers: Min: 28, Avg: 32.9, Max: 36, Diff: 8, Sum: 263]
      [Scan RS (ms): Min: 25.1, Avg: 26.7, Max: 27.4, Diff: 2.3, Sum: 213.5]
      [Code Root Scanning (ms): Min: 0.0, Avg: 0.0, Max: 0.0, Diff: 0.0, Sum: 0.0]
      [Object Copy (ms): Min: 317.2, Avg: 317.4, Max: 318.0, Diff: 0.8, Sum: 2539.6]
      [Termination (ms): Min: 0.0, Avg: 0.5, Max: 0.6, Diff: 0.6, Sum: 3.9]
         [Termination Attempts: Min: 1, Avg: 1660.0, Max: 2021, Diff: 2020, Sum: 13280]
      [GC Worker Other (ms): Min: 0.0, Avg: 0.1, Max: 0.2, Diff: 0.1, Sum: 0.7]
      [GC Worker Total (ms): Min: 402.1, Avg: 402.1, Max: 402.3, Diff: 0.3, Sum: 3217.2]
      [GC Worker End (ms): Min: 153216.9, Avg: 153216.9, Max: 153217.0, Diff: 0.1]
   [Code Root Fixup: 0.0 ms]
   [Code Root Purge: 0.0 ms]
   [Clear CT: 0.3 ms]
   [Other: 1.6 ms]
      [Choose CSet: 0.0 ms]
      [Ref Proc: 0.3 ms]
      [Ref Enq: 0.0 ms]
      [Redirty Cards: 0.5 ms]
      [Humongous Register: 0.1 ms]
      [Humongous Reclaim: 0.0 ms]
      [Free CSet: 0.5 ms]
   [Eden: 318.0M(318.0M)->0.0B(132.0M) Survivors: 46.0M->46.0M Heap: 1152.5M(2048.0M)->1154.0M(2048.0M)]
 [Times: user=3.23 sys=0.01, real=0.40 secs] 
2020-09-29T11:58:46.935+0200: 153.235: [GC pause (G1 Humongous Allocation) (young) (initial-mark), 0.1365520 secs]
   [Parallel Time: 134.3 ms, GC Workers: 8]
      [GC Worker Start (ms): Min: 153235.7, Avg: 153235.8, Max: 153235.9, Diff: 0.3]
      [Ext Root Scanning (ms): Min: 0.0, Avg: 0.6, Max: 3.1, Diff: 3.1, Sum: 4.8]
      [Update RS (ms): Min: 78.9, Avg: 81.2, Max: 82.1, Diff: 3.2, Sum: 649.8]
         [Processed Buffers: Min: 46, Avg: 50.0, Max: 52, Diff: 6, Sum: 400]
      [Scan RS (ms): Min: 5.2, Avg: 6.1, Max: 8.0, Diff: 2.8, Sum: 48.7]
      [Code Root Scanning (ms): Min: 0.0, Avg: 0.0, Max: 0.0, Diff: 0.0, Sum: 0.0]
      [Object Copy (ms): Min: 44.3, Avg: 46.0, Max: 46.3, Diff: 2.0, Sum: 367.6]
      [Termination (ms): Min: 0.0, Avg: 0.1, Max: 0.1, Diff: 0.1, Sum: 0.4]
         [Termination Attempts: Min: 1, Avg: 160.3, Max: 236, Diff: 235, Sum: 1282]
      [GC Worker Other (ms): Min: 0.0, Avg: 0.0, Max: 0.1, Diff: 0.1, Sum: 0.3]
      [GC Worker Total (ms): Min: 133.8, Avg: 134.0, Max: 134.1, Diff: 0.3, Sum: 1071.7]
      [GC Worker End (ms): Min: 153369.7, Avg: 153369.7, Max: 153369.8, Diff: 0.1]
   [Code Root Fixup: 0.0 ms]
   [Code Root Purge: 0.0 ms]
   [Clear CT: 1.1 ms]
   [Other: 1.1 ms]
      [Choose CSet: 0.0 ms]
      [Ref Proc: 0.4 ms]
      [Ref Enq: 0.0 ms]
      [Redirty Cards: 0.3 ms]
      [Humongous Register: 0.0 ms]
      [Humongous Reclaim: 0.0 ms]
      [Free CSet: 0.1 ms]
   [Eden: 10.0M(132.0M)->0.0B(128.0M) Survivors: 46.0M->11.0M Heap: 1163.5M(2048.0M)->1167.5M(2048.0M)]
 [Times: user=1.13 sys=0.00, real=0.14 secs] 
2020-09-29T11:58:47.072+0200: 153.372: [GC concurrent-root-region-scan-start]
2020-09-29T11:58:47.075+0200: 153.376: [GC concurrent-root-region-scan-end, 0.0035977 secs]
2020-09-29T11:58:47.075+0200: 153.376: [GC concurrent-mark-start]
2020-09-29T11:58:47.079+0200: 153.380: [GC concurrent-mark-end, 0.0043322 secs]
2020-09-29T11:58:47.079+0200: 153.381: [GC remark 2020-09-29T11:58:47.080+0200: 153.381: [Finalize Marking, 0.0003343 secs] 2020-09-29T11:58:47.080+0200: 153.381: [GC ref-proc, 0.0005482 secs] 2020-09-29T11:58:47.080+0200: 153.382: [Unloading, 0.0008235 secs], 0.0021840 secs]
 [Times: user=0.13 sys=0.00, real=0.00 secs] 
2020-09-29T11:58:47.082+0200: 153.383: [GC cleanup 1178M->30M(2048M), 0.0019634 secs]
 [Times: user=0.00 sys=0.00, real=0.00 secs] 
2020-09-29T11:58:47.084+0200: 153.386: [GC concurrent-cleanup-start]
2020-09-29T11:58:47.087+0200: 153.388: [GC concurrent-cleanup-end, 0.0026512 secs]
2020-09-29T11:58:47.204+0200: 153.505: [GC pause (G1 Evacuation Pause) (young), 0.1498531 secs]
   [Parallel Time: 147.8 ms, GC Workers: 8]
      [GC Worker Start (ms): Min: 153505.2, Avg: 153505.3, Max: 153505.4, Diff: 0.3]
      [Ext Root Scanning (ms): Min: 0.0, Avg: 0.1, Max: 0.3, Diff: 0.2, Sum: 0.9]
      [Update RS (ms): Min: 37.7, Avg: 37.8, Max: 37.9, Diff: 0.2, Sum: 302.4]
         [Processed Buffers: Min: 22, Avg: 23.5, Max: 25, Diff: 3, Sum: 188]
      [Scan RS (ms): Min: 0.0, Avg: 0.0, Max: 0.1, Diff: 0.1, Sum: 0.1]
      [Code Root Scanning (ms): Min: 0.0, Avg: 0.0, Max: 0.0, Diff: 0.0, Sum: 0.0]
      [Object Copy (ms): Min: 109.2, Avg: 109.3, Max: 109.4, Diff: 0.2, Sum: 874.2]
      [Termination (ms): Min: 0.0, Avg: 0.1, Max: 0.1, Diff: 0.1, Sum: 0.7]
         [Termination Attempts: Min: 1, Avg: 246.1, Max: 311, Diff: 310, Sum: 1969]
      [GC Worker Other (ms): Min: 0.0, Avg: 0.0, Max: 0.1, Diff: 0.1, Sum: 0.4]
      [GC Worker Total (ms): Min: 147.2, Avg: 147.3, Max: 147.5, Diff: 0.2, Sum: 1178.8]
      [GC Worker End (ms): Min: 153652.6, Avg: 153652.7, Max: 153652.7, Diff: 0.1]
   [Code Root Fixup: 0.0 ms]
   [Code Root Purge: 0.0 ms]
   [Clear CT: 0.6 ms]
   [Other: 1.5 ms]
      [Choose CSet: 0.0 ms]
      [Ref Proc: 0.5 ms]
      [Ref Enq: 0.0 ms]
      [Redirty Cards: 0.5 ms]
      [Humongous Register: 0.1 ms]
      [Humongous Reclaim: 0.0 ms]
      [Free CSet: 0.1 ms]
   [Eden: 128.0M(128.0M)->0.0B(126.0M) Survivors: 11.0M->18.0M Heap: 170.9M(2048.0M)->161.9M(2048.0M)]
 [Times: user=1.25 sys=0.00, real=0.15 secs] 
2020-09-29T11:58:47.482+0200: 153.783: [GC pause (G1 Evacuation Pause) (young), 0.1606786 secs]
   [Parallel Time: 158.9 ms, GC Workers: 8]
      [GC Worker Start (ms): Min: 153782.9, Avg: 153783.1, Max: 153783.2, Diff: 0.3]
      [Ext Root Scanning (ms): Min: 0.0, Avg: 0.1, Max: 0.3, Diff: 0.3, Sum: 0.9]
      [Update RS (ms): Min: 28.9, Avg: 29.2, Max: 30.0, Diff: 1.0, Sum: 233.5]
         [Processed Buffers: Min: 17, Avg: 18.3, Max: 20, Diff: 3, Sum: 146]
      [Scan RS (ms): Min: 5.7, Avg: 6.3, Max: 6.5, Diff: 0.9, Sum: 50.4]
      [Code Root Scanning (ms): Min: 0.0, Avg: 0.0, Max: 0.0, Diff: 0.0, Sum: 0.0]
      [Object Copy (ms): Min: 122.6, Avg: 122.7, Max: 122.8, Diff: 0.3, Sum: 981.7]
      [Termination (ms): Min: 0.0, Avg: 0.1, Max: 0.1, Diff: 0.1, Sum: 0.7]
         [Termination Attempts: Min: 1, Avg: 29.4, Max: 48, Diff: 47, Sum: 235]
      [GC Worker Other (ms): Min: 0.0, Avg: 0.0, Max: 0.0, Diff: 0.0, Sum: 0.2]
      [GC Worker Total (ms): Min: 158.3, Avg: 158.4, Max: 158.6, Diff: 0.3, Sum: 1267.4]
      [GC Worker End (ms): Min: 153941.5, Avg: 153941.5, Max: 153941.6, Diff: 0.1]
   [Code Root Fixup: 0.0 ms]
   [Code Root Purge: 0.0 ms]
   [Clear CT: 0.5 ms]
   [Other: 1.3 ms]
      [Choose CSet: 0.0 ms]
      [Ref Proc: 0.3 ms]
      [Ref Enq: 0.0 ms]
      [Redirty Cards: 0.5 ms]
      [Humongous Register: 0.1 ms]
      [Humongous Reclaim: 0.0 ms]
      [Free CSet: 0.2 ms]
   [Eden: 126.0M(126.0M)->0.0B(126.0M) Survivors: 18.0M->18.0M Heap: 308.9M(2048.0M)->311.4M(2048.0M)]
 [Times: user=1.25 sys=0.00, real=0.16 secs] 
2020-09-29T11:58:47.770+0200: 154.071: [GC pause (G1 Evacuation Pause) (young), 0.1593644 secs]
   [Parallel Time: 155.7 ms, GC Workers: 8]
      [GC Worker Start (ms): Min: 154071.0, Avg: 154071.2, Max: 154071.3, Diff: 0.3]
      [Ext Root Scanning (ms): Min: 0.0, Avg: 0.1, Max: 0.3, Diff: 0.3, Sum: 0.9]
      [Update RS (ms): Min: 30.2, Avg: 30.4, Max: 30.9, Diff: 0.7, Sum: 243.1]
         [Processed Buffers: Min: 17, Avg: 18.3, Max: 20, Diff: 3, Sum: 146]
      [Scan RS (ms): Min: 6.0, Avg: 6.4, Max: 6.7, Diff: 0.7, Sum: 51.4]
      [Code Root Scanning (ms): Min: 0.0, Avg: 0.0, Max: 0.0, Diff: 0.0, Sum: 0.0]
      [Object Copy (ms): Min: 118.1, Avg: 118.2, Max: 118.4, Diff: 0.3, Sum: 945.8]
      [Termination (ms): Min: 0.0, Avg: 0.1, Max: 0.1, Diff: 0.1, Sum: 0.7]
         [Termination Attempts: Min: 1, Avg: 312.1, Max: 377, Diff: 376, Sum: 2497]
      [GC Worker Other (ms): Min: 0.0, Avg: 0.0, Max: 0.1, Diff: 0.0, Sum: 0.2]
      [GC Worker Total (ms): Min: 155.1, Avg: 155.3, Max: 155.5, Diff: 0.3, Sum: 1242.3]
      [GC Worker End (ms): Min: 154226.4, Avg: 154226.4, Max: 154226.5, Diff: 0.0]
   [Code Root Fixup: 0.0 ms]
   [Code Root Purge: 0.0 ms]
   [Clear CT: 0.5 ms]
   [Other: 3.1 ms]
      [Choose CSet: 0.0 ms]
      [Ref Proc: 0.4 ms]
      [Ref Enq: 0.0 ms]
      [Redirty Cards: 2.3 ms]
      [Humongous Register: 0.1 ms]
      [Humongous Reclaim: 0.0 ms]
      [Free CSet: 0.1 ms]
   [Eden: 126.0M(126.0M)->0.0B(130.0M) Survivors: 18.0M->18.0M Heap: 458.4M(2048.0M)->460.9M(2048.0M)]
 [Times: user=1.14 sys=0.00, real=0.16 secs] 
2020-09-29T11:58:48.059+0200: 154.360: [GC pause (G1 Evacuation Pause) (young), 0.1651974 secs]
   [Parallel Time: 163.6 ms, GC Workers: 8]
      [GC Worker Start (ms): Min: 154360.5, Avg: 154360.6, Max: 154360.7, Diff: 0.3]
      [Ext Root Scanning (ms): Min: 0.0, Avg: 0.1, Max: 0.3, Diff: 0.3, Sum: 1.1]
      [Update RS (ms): Min: 24.7, Avg: 24.9, Max: 25.3, Diff: 0.6, Sum: 199.3]
         [Processed Buffers: Min: 14, Avg: 14.9, Max: 17, Diff: 3, Sum: 119]
      [Scan RS (ms): Min: 8.8, Avg: 9.1, Max: 9.4, Diff: 0.6, Sum: 73.1]
      [Code Root Scanning (ms): Min: 0.0, Avg: 0.0, Max: 0.0, Diff: 0.0, Sum: 0.0]
      [Object Copy (ms): Min: 128.9, Avg: 128.9, Max: 128.9, Diff: 0.1, Sum: 1031.0]
      [Termination (ms): Min: 0.0, Avg: 0.1, Max: 0.1, Diff: 0.1, Sum: 0.6]
         [Termination Attempts: Min: 1, Avg: 225.1, Max: 288, Diff: 287, Sum: 1801]
      [GC Worker Other (ms): Min: 0.0, Avg: 0.0, Max: 0.1, Diff: 0.1, Sum: 0.4]
      [GC Worker Total (ms): Min: 163.0, Avg: 163.2, Max: 163.3, Diff: 0.3, Sum: 1305.5]
      [GC Worker End (ms): Min: 154523.8, Avg: 154523.8, Max: 154523.8, Diff: 0.1]
   [Code Root Fixup: 0.0 ms]
   [Code Root Purge: 0.0 ms]
   [Clear CT: 0.5 ms]
   [Other: 1.1 ms]
      [Choose CSet: 0.0 ms]
      [Ref Proc: 0.2 ms]
      [Ref Enq: 0.0 ms]
      [Redirty Cards: 0.4 ms]
      [Humongous Register: 0.1 ms]
      [Humongous Reclaim: 0.0 ms]
      [Free CSet: 0.1 ms]
   [Eden: 130.0M(130.0M)->0.0B(132.0M) Survivors: 18.0M->19.0M Heap: 611.8M(2048.0M)->614.3M(2048.0M)]
 [Times: user=1.38 sys=0.00, real=0.16 secs] 
2020-09-29T11:58:48.357+0200: 154.658: [GC pause (G1 Evacuation Pause) (young), 0.1717912 secs]
   [Parallel Time: 169.9 ms, GC Workers: 8]
      [GC Worker Start (ms): Min: 154658.2, Avg: 154658.4, Max: 154658.5, Diff: 0.3]
      [Ext Root Scanning (ms): Min: 0.0, Avg: 0.1, Max: 0.3, Diff: 0.3, Sum: 0.9]
      [Update RS (ms): Min: 23.2, Avg: 23.4, Max: 24.0, Diff: 0.8, Sum: 187.4]
         [Processed Buffers: Min: 13, Avg: 15.1, Max: 17, Diff: 4, Sum: 121]
      [Scan RS (ms): Min: 9.2, Avg: 9.8, Max: 10.1, Diff: 0.9, Sum: 78.2]
      [Code Root Scanning (ms): Min: 0.0, Avg: 0.0, Max: 0.0, Diff: 0.0, Sum: 0.0]
      [Object Copy (ms): Min: 136.1, Avg: 136.2, Max: 136.3, Diff: 0.2, Sum: 1089.5]
      [Termination (ms): Min: 0.0, Avg: 0.0, Max: 0.0, Diff: 0.0, Sum: 0.1]
         [Termination Attempts: Min: 1, Avg: 31.5, Max: 45, Diff: 44, Sum: 252]
      [GC Worker Other (ms): Min: 0.0, Avg: 0.0, Max: 0.1, Diff: 0.0, Sum: 0.3]
      [GC Worker Total (ms): Min: 169.4, Avg: 169.5, Max: 169.7, Diff: 0.3, Sum: 1356.3]
      [GC Worker End (ms): Min: 154827.9, Avg: 154827.9, Max: 154828.0, Diff: 0.1]
   [Code Root Fixup: 0.0 ms]
   [Code Root Purge: 0.0 ms]
   [Clear CT: 0.3 ms]
   [Other: 1.5 ms]
      [Choose CSet: 0.0 ms]
      [Ref Proc: 0.4 ms]
      [Ref Enq: 0.0 ms]
      [Redirty Cards: 0.6 ms]
      [Humongous Register: 0.1 ms]
      [Humongous Reclaim: 0.0 ms]
      [Free CSet: 0.2 ms]
   [Eden: 132.0M(132.0M)->0.0B(135.0M) Survivors: 19.0M->19.0M Heap: 769.2M(2048.0M)->771.7M(2048.0M)]
 [Times: user=1.38 sys=0.00, real=0.17 secs] 
2020-09-29T11:58:48.667+0200: 154.967: [GC pause (G1 Evacuation Pause) (young), 0.1569363 secs]
   [Parallel Time: 154.9 ms, GC Workers: 8]
      [GC Worker Start (ms): Min: 154967.5, Avg: 154967.7, Max: 154967.8, Diff: 0.3]
      [Ext Root Scanning (ms): Min: 0.0, Avg: 0.1, Max: 0.3, Diff: 0.3, Sum: 1.1]
      [Update RS (ms): Min: 19.7, Avg: 20.4, Max: 21.1, Diff: 1.4, Sum: 163.0]
         [Processed Buffers: Min: 11, Avg: 11.9, Max: 13, Diff: 2, Sum: 95]
      [Scan RS (ms): Min: 11.3, Avg: 12.0, Max: 12.7, Diff: 1.4, Sum: 95.9]
      [Code Root Scanning (ms): Min: 0.0, Avg: 0.0, Max: 0.0, Diff: 0.0, Sum: 0.0]
      [Object Copy (ms): Min: 121.9, Avg: 122.0, Max: 122.1, Diff: 0.2, Sum: 976.0]
      [Termination (ms): Min: 0.0, Avg: 0.0, Max: 0.0, Diff: 0.0, Sum: 0.1]
         [Termination Attempts: Min: 1, Avg: 16.4, Max: 26, Diff: 25, Sum: 131]
      [GC Worker Other (ms): Min: 0.0, Avg: 0.1, Max: 0.1, Diff: 0.1, Sum: 0.6]
      [GC Worker Total (ms): Min: 154.5, Avg: 154.6, Max: 154.7, Diff: 0.2, Sum: 1236.7]
      [GC Worker End (ms): Min: 155122.2, Avg: 155122.3, Max: 155122.3, Diff: 0.1]
   [Code Root Fixup: 0.0 ms]
   [Code Root Purge: 0.0 ms]
   [Clear CT: 0.6 ms]
   [Other: 1.5 ms]
      [Choose CSet: 0.0 ms]
      [Ref Proc: 0.4 ms]
      [Ref Enq: 0.0 ms]
      [Redirty Cards: 0.7 ms]
      [Humongous Register: 0.1 ms]
      [Humongous Reclaim: 0.0 ms]
      [Free CSet: 0.2 ms]
   [Eden: 135.0M(135.0M)->0.0B(141.0M) Survivors: 19.0M->20.0M Heap: 927.7M(2048.0M)->929.7M(2048.0M)]
 [Times: user=1.25 sys=0.00, real=0.16 secs] 
2020-09-29T11:58:48.852+0200: 155.152: [GC pause (G1 Humongous Allocation) (young) (initial-mark), 0.0625158 secs]
   [Parallel Time: 58.9 ms, GC Workers: 8]
      [GC Worker Start (ms): Min: 155152.5, Avg: 155152.7, Max: 155152.8, Diff: 0.3]
      [Ext Root Scanning (ms): Min: 0.0, Avg: 0.2, Max: 0.5, Diff: 0.4, Sum: 2.0]
      [Update RS (ms): Min: 16.8, Avg: 17.1, Max: 17.5, Diff: 0.7, Sum: 136.7]
         [Processed Buffers: Min: 10, Avg: 11.5, Max: 13, Diff: 3, Sum: 92]
      [Scan RS (ms): Min: 2.2, Avg: 2.7, Max: 3.0, Diff: 0.8, Sum: 21.6]
      [Code Root Scanning (ms): Min: 0.0, Avg: 0.0, Max: 0.0, Diff: 0.0, Sum: 0.0]
      [Object Copy (ms): Min: 38.1, Avg: 38.2, Max: 38.3, Diff: 0.2, Sum: 305.6]
      [Termination (ms): Min: 0.0, Avg: 0.1, Max: 0.1, Diff: 0.1, Sum: 0.5]
         [Termination Attempts: Min: 1, Avg: 169.3, Max: 207, Diff: 206, Sum: 1354]
      [GC Worker Other (ms): Min: 0.0, Avg: 0.0, Max: 0.0, Diff: 0.0, Sum: 0.2]
      [GC Worker Total (ms): Min: 58.2, Avg: 58.3, Max: 58.5, Diff: 0.3, Sum: 466.6]
      [GC Worker End (ms): Min: 155211.0, Avg: 155211.0, Max: 155211.0, Diff: 0.0]
   [Code Root Fixup: 0.0 ms]
   [Code Root Purge: 0.0 ms]
   [Clear CT: 2.2 ms]
   [Other: 1.3 ms]
      [Choose CSet: 0.0 ms]
      [Ref Proc: 0.3 ms]
      [Ref Enq: 0.0 ms]
      [Redirty Cards: 0.6 ms]
      [Humongous Register: 0.0 ms]
      [Humongous Reclaim: 0.0 ms]
      [Free CSet: 0.1 ms]
   [Eden: 25.0M(141.0M)->0.0B(149.0M) Survivors: 20.0M->21.0M Heap: 958.0M(2048.0M)->959.5M(2048.0M)]
 [Times: user=0.50 sys=0.00, real=0.06 secs] 
2020-09-29T11:58:48.915+0200: 155.215: [GC concurrent-root-region-scan-start]
2020-09-29T11:58:48.923+0200: 155.224: [GC concurrent-root-region-scan-end, 0.0085231 secs]
2020-09-29T11:58:48.923+0200: 155.224: [GC concurrent-mark-start]
2020-09-29T11:58:48.927+0200: 155.228: [GC concurrent-mark-end, 0.0039426 secs]
2020-09-29T11:58:48.928+0200: 155.228: [GC remark 2020-09-29T11:58:48.928+0200: 155.228: [Finalize Marking, 0.0003611 secs] 2020-09-29T11:58:48.928+0200: 155.228: [GC ref-proc, 0.0005486 secs] 2020-09-29T11:58:48.929+0200: 155.229: [Unloading, 0.0007578 secs], 0.0021648 secs]
 [Times: user=0.00 sys=0.00, real=0.00 secs] 
2020-09-29T11:58:48.930+0200: 155.231: [GC cleanup 976M->46M(2048M), 0.0017843 secs]
 [Times: user=0.00 sys=0.00, real=0.00 secs] 
2020-09-29T11:58:48.932+0200: 155.232: [GC concurrent-cleanup-start]
2020-09-29T11:58:48.934+0200: 155.234: [GC concurrent-cleanup-end, 0.0017240 secs]
2020-09-29T11:58:49.068+0200: 155.369: [GC pause (G1 Evacuation Pause) (young), 0.1541247 secs]
   [Parallel Time: 151.6 ms, GC Workers: 8]
      [GC Worker Start (ms): Min: 155369.0, Avg: 155369.1, Max: 155369.2, Diff: 0.3]
      [Ext Root Scanning (ms): Min: 0.0, Avg: 0.1, Max: 0.3, Diff: 0.3, Sum: 0.9]
      [Update RS (ms): Min: 20.3, Avg: 20.4, Max: 21.4, Diff: 1.1, Sum: 163.6]
         [Processed Buffers: Min: 12, Avg: 13.1, Max: 15, Diff: 3, Sum: 105]
      [Scan RS (ms): Min: 10.4, Avg: 11.4, Max: 11.7, Diff: 1.2, Sum: 90.9]
      [Code Root Scanning (ms): Min: 0.0, Avg: 0.0, Max: 0.1, Diff: 0.1, Sum: 0.1]
      [Object Copy (ms): Min: 118.6, Avg: 118.8, Max: 119.2, Diff: 0.6, Sum: 950.7]
      [Termination (ms): Min: 0.0, Avg: 0.4, Max: 0.5, Diff: 0.5, Sum: 3.3]
         [Termination Attempts: Min: 1, Avg: 60.9, Max: 85, Diff: 84, Sum: 487]
      [GC Worker Other (ms): Min: 0.0, Avg: 0.0, Max: 0.0, Diff: 0.0, Sum: 0.2]
      [GC Worker Total (ms): Min: 151.1, Avg: 151.2, Max: 151.3, Diff: 0.2, Sum: 1209.7]
      [GC Worker End (ms): Min: 155520.3, Avg: 155520.3, Max: 155520.3, Diff: 0.0]
   [Code Root Fixup: 0.0 ms]
   [Code Root Purge: 0.0 ms]
   [Clear CT: 0.6 ms]
   [Other: 1.9 ms]
      [Choose CSet: 0.0 ms]
      [Ref Proc: 0.7 ms]
      [Ref Enq: 0.0 ms]
      [Redirty Cards: 0.7 ms]
      [Humongous Register: 0.1 ms]
      [Humongous Reclaim: 0.0 ms]
      [Free CSet: 0.2 ms]
   [Eden: 149.0M(149.0M)->0.0B(155.0M) Survivors: 21.0M->22.0M Heap: 205.7M(2048.0M)->186.7M(2048.0M)]
 [Times: user=1.13 sys=0.00, real=0.15 secs] 
2020-09-29T11:58:49.385+0200: 155.686: [GC pause (G1 Evacuation Pause) (young), 0.1872239 secs]
   [Parallel Time: 184.9 ms, GC Workers: 8]
      [GC Worker Start (ms): Min: 155685.7, Avg: 155685.8, Max: 155685.9, Diff: 0.2]
      [Ext Root Scanning (ms): Min: 0.0, Avg: 0.1, Max: 0.3, Diff: 0.2, Sum: 1.1]
      [Update RS (ms): Min: 21.5, Avg: 21.7, Max: 22.0, Diff: 0.5, Sum: 173.3]
         [Processed Buffers: Min: 11, Avg: 13.0, Max: 16, Diff: 5, Sum: 104]
      [Scan RS (ms): Min: 14.4, Avg: 14.7, Max: 14.9, Diff: 0.5, Sum: 117.7]
      [Code Root Scanning (ms): Min: 0.0, Avg: 0.0, Max: 0.0, Diff: 0.0, Sum: 0.0]
      [Object Copy (ms): Min: 147.9, Avg: 148.0, Max: 148.0, Diff: 0.1, Sum: 1183.7]
      [Termination (ms): Min: 0.0, Avg: 0.0, Max: 0.0, Diff: 0.0, Sum: 0.2]
         [Termination Attempts: Min: 1, Avg: 63.8, Max: 84, Diff: 83, Sum: 510]
      [GC Worker Other (ms): Min: 0.0, Avg: 0.0, Max: 0.1, Diff: 0.1, Sum: 0.3]
      [GC Worker Total (ms): Min: 184.4, Avg: 184.5, Max: 184.7, Diff: 0.2, Sum: 1476.3]
      [GC Worker End (ms): Min: 155870.4, Avg: 155870.4, Max: 155870.4, Diff: 0.1]
   [Code Root Fixup: 0.0 ms]
   [Code Root Purge: 0.0 ms]
   [Clear CT: 1.0 ms]
   [Other: 1.3 ms]
      [Choose CSet: 0.0 ms]
      [Ref Proc: 0.3 ms]
      [Ref Enq: 0.0 ms]
      [Redirty Cards: 0.3 ms]
      [Humongous Register: 0.1 ms]
      [Humongous Reclaim: 0.0 ms]
      [Free CSet: 0.3 ms]
   [Eden: 155.0M(155.0M)->0.0B(150.0M) Survivors: 22.0M->23.0M Heap: 366.5M(2048.0M)->368.5M(2048.0M)]
 [Times: user=1.50 sys=0.00, real=0.19 secs] 
2020-09-29T11:58:49.735+0200: 156.036: [GC pause (G1 Evacuation Pause) (young), 0.1793996 secs]
   [Parallel Time: 177.0 ms, GC Workers: 8]
      [GC Worker Start (ms): Min: 156035.9, Avg: 156036.1, Max: 156036.2, Diff: 0.3]
      [Ext Root Scanning (ms): Min: 0.0, Avg: 0.1, Max: 0.3, Diff: 0.3, Sum: 0.9]
      [Update RS (ms): Min: 15.8, Avg: 16.3, Max: 17.1, Diff: 1.2, Sum: 130.1]
         [Processed Buffers: Min: 9, Avg: 10.1, Max: 12, Diff: 3, Sum: 81]
      [Scan RS (ms): Min: 14.8, Avg: 15.7, Max: 16.2, Diff: 1.4, Sum: 125.9]
      [Code Root Scanning (ms): Min: 0.0, Avg: 0.0, Max: 0.0, Diff: 0.0, Sum: 0.0]
      [Object Copy (ms): Min: 144.2, Avg: 144.3, Max: 144.4, Diff: 0.2, Sum: 1154.4]
      [Termination (ms): Min: 0.0, Avg: 0.0, Max: 0.0, Diff: 0.0, Sum: 0.2]
         [Termination Attempts: Min: 1, Avg: 77.4, Max: 103, Diff: 102, Sum: 619]
      [GC Worker Other (ms): Min: 0.0, Avg: 0.0, Max: 0.1, Diff: 0.1, Sum: 0.3]
      [GC Worker Total (ms): Min: 176.4, Avg: 176.5, Max: 176.7, Diff: 0.3, Sum: 1411.9]
      [GC Worker End (ms): Min: 156212.6, Avg: 156212.6, Max: 156212.6, Diff: 0.1]
   [Code Root Fixup: 0.0 ms]
   [Code Root Purge: 0.0 ms]
   [Clear CT: 0.7 ms]
   [Other: 1.7 ms]
      [Choose CSet: 0.0 ms]
      [Ref Proc: 0.4 ms]
      [Ref Enq: 0.0 ms]
      [Redirty Cards: 0.8 ms]
      [Humongous Register: 0.1 ms]
      [Humongous Reclaim: 0.0 ms]
      [Free CSet: 0.2 ms]
   [Eden: 150.0M(150.0M)->0.0B(149.0M) Survivors: 23.0M->22.0M Heap: 543.3M(2048.0M)->545.3M(2048.0M)]
 [Times: user=1.48 sys=0.02, real=0.19 secs] 
2020-09-29T11:58:50.073+0200: 156.373: [GC pause (G1 Evacuation Pause) (young), 0.1928545 secs]
   [Parallel Time: 191.0 ms, GC Workers: 8]
      [GC Worker Start (ms): Min: 156373.5, Avg: 156373.7, Max: 156373.8, Diff: 0.3]
      [Ext Root Scanning (ms): Min: 0.0, Avg: 0.1, Max: 0.3, Diff: 0.3, Sum: 1.2]
      [Update RS (ms): Min: 17.7, Avg: 18.0, Max: 19.3, Diff: 1.7, Sum: 143.8]
         [Processed Buffers: Min: 9, Avg: 9.9, Max: 11, Diff: 2, Sum: 79]
      [Scan RS (ms): Min: 16.5, Avg: 17.8, Max: 18.1, Diff: 1.6, Sum: 142.6]
      [Code Root Scanning (ms): Min: 0.0, Avg: 0.0, Max: 0.0, Diff: 0.0, Sum: 0.0]
      [Object Copy (ms): Min: 154.5, Avg: 154.6, Max: 154.7, Diff: 0.2, Sum: 1236.9]
      [Termination (ms): Min: 0.0, Avg: 0.0, Max: 0.0, Diff: 0.0, Sum: 0.0]
         [Termination Attempts: Min: 1, Avg: 12.4, Max: 19, Diff: 18, Sum: 99]
      [GC Worker Other (ms): Min: 0.0, Avg: 0.1, Max: 0.1, Diff: 0.1, Sum: 0.4]
      [GC Worker Total (ms): Min: 190.5, Avg: 190.6, Max: 190.8, Diff: 0.3, Sum: 1525.0]
      [GC Worker End (ms): Min: 156564.3, Avg: 156564.3, Max: 156564.3, Diff: 0.1]
   [Code Root Fixup: 0.0 ms]
   [Code Root Purge: 0.0 ms]
   [Clear CT: 0.5 ms]
   [Other: 1.3 ms]
      [Choose CSet: 0.0 ms]
      [Ref Proc: 0.3 ms]
      [Ref Enq: 0.0 ms]
      [Redirty Cards: 0.4 ms]
      [Humongous Register: 0.1 ms]
      [Humongous Reclaim: 0.0 ms]
      [Free CSet: 0.2 ms]
   [Eden: 149.0M(149.0M)->0.0B(141.0M) Survivors: 22.0M->22.0M Heap: 719.1M(2048.0M)->720.6M(2048.0M)]
 [Times: user=1.50 sys=0.00, real=0.19 secs] 
2020-09-29T11:58:50.416+0200: 156.717: [GC pause (G1 Evacuation Pause) (young), 0.1881024 secs]
   [Parallel Time: 180.8 ms, GC Workers: 8]
      [GC Worker Start (ms): Min: 156717.0, Avg: 156717.2, Max: 156717.3, Diff: 0.3]
      [Ext Root Scanning (ms): Min: 0.0, Avg: 0.1, Max: 0.3, Diff: 0.3, Sum: 0.9]
      [Update RS (ms): Min: 17.9, Avg: 18.0, Max: 18.2, Diff: 0.3, Sum: 144.3]
         [Processed Buffers: Min: 9, Avg: 12.0, Max: 15, Diff: 6, Sum: 96]
      [Scan RS (ms): Min: 14.5, Avg: 14.7, Max: 14.9, Diff: 0.4, Sum: 117.6]
      [Code Root Scanning (ms): Min: 0.0, Avg: 0.0, Max: 0.0, Diff: 0.0, Sum: 0.0]
      [Object Copy (ms): Min: 147.2, Avg: 147.4, Max: 147.5, Diff: 0.3, Sum: 1178.9]
      [Termination (ms): Min: 0.0, Avg: 0.2, Max: 0.3, Diff: 0.3, Sum: 1.2]
         [Termination Attempts: Min: 1, Avg: 507.3, Max: 752, Diff: 751, Sum: 4058]
      [GC Worker Other (ms): Min: 0.0, Avg: 0.0, Max: 0.1, Diff: 0.1, Sum: 0.3]
      [GC Worker Total (ms): Min: 180.3, Avg: 180.4, Max: 180.6, Diff: 0.3, Sum: 1443.3]
      [GC Worker End (ms): Min: 156897.6, Avg: 156897.6, Max: 156897.6, Diff: 0.1]
   [Code Root Fixup: 0.0 ms]
   [Code Root Purge: 0.0 ms]
   [Clear CT: 0.8 ms]
   [Other: 6.5 ms]
      [Choose CSet: 0.0 ms]
      [Ref Proc: 0.4 ms]
      [Ref Enq: 0.0 ms]
      [Redirty Cards: 5.6 ms]
      [Humongous Register: 0.1 ms]
      [Humongous Reclaim: 0.0 ms]
      [Free CSet: 0.2 ms]
   [Eden: 141.0M(141.0M)->0.0B(138.0M) Survivors: 22.0M->21.0M Heap: 886.4M(2048.0M)->887.9M(2048.0M)]
 [Times: user=1.38 sys=0.00, real=0.19 secs] 
2020-09-29T11:58:50.746+0200: 157.047: [GC pause (G1 Evacuation Pause) (young), 0.1691924 secs]
   [Parallel Time: 167.5 ms, GC Workers: 8]
      [GC Worker Start (ms): Min: 157047.5, Avg: 157047.6, Max: 157047.7, Diff: 0.2]
      [Ext Root Scanning (ms): Min: 0.0, Avg: 0.1, Max: 0.3, Diff: 0.2, Sum: 1.1]
      [Update RS (ms): Min: 19.7, Avg: 19.9, Max: 20.4, Diff: 0.7, Sum: 159.4]
         [Processed Buffers: Min: 11, Avg: 13.3, Max: 16, Diff: 5, Sum: 106]
      [Scan RS (ms): Min: 12.0, Avg: 12.6, Max: 12.8, Diff: 0.8, Sum: 101.0]
      [Code Root Scanning (ms): Min: 0.0, Avg: 0.0, Max: 0.0, Diff: 0.0, Sum: 0.0]
      [Object Copy (ms): Min: 134.0, Avg: 134.1, Max: 134.4, Diff: 0.4, Sum: 1072.9]
      [Termination (ms): Min: 0.0, Avg: 0.2, Max: 0.3, Diff: 0.3, Sum: 1.7]
         [Termination Attempts: Min: 1, Avg: 639.3, Max: 787, Diff: 786, Sum: 5114]
      [GC Worker Other (ms): Min: 0.0, Avg: 0.0, Max: 0.1, Diff: 0.1, Sum: 0.4]
      [GC Worker Total (ms): Min: 167.0, Avg: 167.1, Max: 167.2, Diff: 0.3, Sum: 1336.5]
      [GC Worker End (ms): Min: 157214.6, Avg: 157214.7, Max: 157214.7, Diff: 0.1]
   [Code Root Fixup: 0.0 ms]
   [Code Root Purge: 0.0 ms]
   [Clear CT: 0.3 ms]
   [Other: 1.4 ms]
      [Choose CSet: 0.0 ms]
      [Ref Proc: 0.3 ms]
      [Ref Enq: 0.0 ms]
      [Redirty Cards: 0.5 ms]
      [Humongous Register: 0.1 ms]
      [Humongous Reclaim: 0.0 ms]
      [Free CSet: 0.2 ms]
   [Eden: 138.0M(138.0M)->0.0B(143.0M) Survivors: 21.0M->20.0M Heap: 1048.8M(2048.0M)->1050.3M(2048.0M)]
 [Times: user=1.38 sys=0.00, real=0.17 secs] 
2020-09-29T11:58:50.928+0200: 157.229: [GC pause (G1 Humongous Allocation) (young) (initial-mark), 0.0645820 secs]
   [Parallel Time: 63.2 ms, GC Workers: 8]
      [GC Worker Start (ms): Min: 157229.3, Avg: 157229.4, Max: 157229.4, Diff: 0.2]
      [Ext Root Scanning (ms): Min: 0.1, Avg: 0.2, Max: 0.2, Diff: 0.2, Sum: 1.2]
      [Update RS (ms): Min: 33.3, Avg: 33.6, Max: 34.2, Diff: 0.9, Sum: 268.5]
         [Processed Buffers: Min: 20, Avg: 21.4, Max: 24, Diff: 4, Sum: 171]
      [Scan RS (ms): Min: 1.8, Avg: 2.5, Max: 2.7, Diff: 0.9, Sum: 19.7]
      [Code Root Scanning (ms): Min: 0.0, Avg: 0.0, Max: 0.0, Diff: 0.0, Sum: 0.0]
      [Object Copy (ms): Min: 26.6, Avg: 26.7, Max: 26.8, Diff: 0.2, Sum: 213.5]
      [Termination (ms): Min: 0.0, Avg: 0.0, Max: 0.0, Diff: 0.0, Sum: 0.0]
         [Termination Attempts: Min: 1, Avg: 4.5, Max: 7, Diff: 6, Sum: 36]
      [GC Worker Other (ms): Min: 0.0, Avg: 0.0, Max: 0.1, Diff: 0.0, Sum: 0.2]
      [GC Worker Total (ms): Min: 62.8, Avg: 62.9, Max: 63.0, Diff: 0.2, Sum: 503.2]
      [GC Worker End (ms): Min: 157292.2, Avg: 157292.3, Max: 157292.3, Diff: 0.0]
   [Code Root Fixup: 0.0 ms]
   [Code Root Purge: 0.0 ms]
   [Clear CT: 0.4 ms]
   [Other: 1.0 ms]
      [Choose CSet: 0.0 ms]
      [Ref Proc: 0.2 ms]
      [Ref Enq: 0.0 ms]
      [Redirty Cards: 0.3 ms]
      [Humongous Register: 0.0 ms]
      [Humongous Reclaim: 0.0 ms]
      [Free CSet: 0.1 ms]
   [Eden: 11.0M(143.0M)->0.0B(155.0M) Survivors: 20.0M->13.0M Heap: 1061.3M(2048.0M)->1065.3M(2048.0M)]
 [Times: user=0.48 sys=0.02, real=0.07 secs] 
2020-09-29T11:58:50.994+0200: 157.294: [GC concurrent-root-region-scan-start]
2020-09-29T11:58:50.998+0200: 157.298: [GC concurrent-root-region-scan-end, 0.0041252 secs]
2020-09-29T11:58:50.998+0200: 157.298: [GC concurrent-mark-start]
2020-09-29T11:58:51.001+0200: 157.302: [GC concurrent-mark-end, 0.0041617 secs]
2020-09-29T11:58:51.002+0200: 157.303: [GC remark 2020-09-29T11:58:51.002+0200: 157.303: [Finalize Marking, 0.0004107 secs] 2020-09-29T11:58:51.003+0200: 157.304: [GC ref-proc, 0.0005887 secs] 2020-09-29T11:58:51.003+0200: 157.304: [Unloading, 0.0007744 secs], 0.0022626 secs]
 [Times: user=0.13 sys=0.00, real=0.00 secs] 
2020-09-29T11:58:51.005+0200: 157.306: [GC cleanup 1076M->32M(2048M), 0.0021375 secs]
 [Times: user=0.00 sys=0.00, real=0.00 secs] 
2020-09-29T11:58:51.007+0200: 157.308: [GC concurrent-cleanup-start]
2020-09-29T11:58:51.009+0200: 157.310: [GC concurrent-cleanup-end, 0.0021962 secs]
2020-09-29T11:58:51.153+0200: 157.454: [GC pause (G1 Evacuation Pause) (young), 0.1691855 secs]
   [Parallel Time: 167.4 ms, GC Workers: 8]
      [GC Worker Start (ms): Min: 157453.8, Avg: 157453.9, Max: 157454.1, Diff: 0.3]
      [Ext Root Scanning (ms): Min: 0.0, Avg: 0.1, Max: 0.3, Diff: 0.2, Sum: 0.9]
      [Update RS (ms): Min: 22.7, Avg: 23.2, Max: 24.0, Diff: 1.3, Sum: 185.5]
         [Processed Buffers: Min: 13, Avg: 14.1, Max: 15, Diff: 2, Sum: 113]
      [Scan RS (ms): Min: 9.6, Avg: 10.3, Max: 10.7, Diff: 1.1, Sum: 82.5]
      [Code Root Scanning (ms): Min: 0.0, Avg: 0.0, Max: 0.0, Diff: 0.0, Sum: 0.0]
      [Object Copy (ms): Min: 133.1, Avg: 133.3, Max: 133.4, Diff: 0.3, Sum: 1066.2]
      [Termination (ms): Min: 0.0, Avg: 0.1, Max: 0.1, Diff: 0.1, Sum: 0.5]
         [Termination Attempts: Min: 1, Avg: 193.9, Max: 263, Diff: 262, Sum: 1551]
      [GC Worker Other (ms): Min: 0.0, Avg: 0.0, Max: 0.1, Diff: 0.1, Sum: 0.4]
      [GC Worker Total (ms): Min: 166.9, Avg: 167.0, Max: 167.2, Diff: 0.3, Sum: 1336.1]
      [GC Worker End (ms): Min: 157620.9, Avg: 157621.0, Max: 157621.0, Diff: 0.1]
   [Code Root Fixup: 0.0 ms]
   [Code Root Purge: 0.0 ms]
   [Clear CT: 0.3 ms]
   [Other: 1.5 ms]
      [Choose CSet: 0.0 ms]
      [Ref Proc: 0.4 ms]
      [Ref Enq: 0.0 ms]
      [Redirty Cards: 0.4 ms]
      [Humongous Register: 0.1 ms]
      [Humongous Reclaim: 0.0 ms]
      [Free CSet: 0.2 ms]
   [Eden: 155.0M(155.0M)->0.0B(151.0M) Survivors: 13.0M->21.0M Heap: 203.7M(2048.0M)->193.2M(2048.0M)]
 [Times: user=1.36 sys=0.00, real=0.17 secs] 
2020-09-29T11:58:51.478+0200: 157.779: [GC pause (G1 Evacuation Pause) (young), 0.1797920 secs]
   [Parallel Time: 177.9 ms, GC Workers: 8]
      [GC Worker Start (ms): Min: 157778.8, Avg: 157778.9, Max: 157779.1, Diff: 0.3]
      [Ext Root Scanning (ms): Min: 0.0, Avg: 0.1, Max: 0.3, Diff: 0.3, Sum: 0.9]
      [Update RS (ms): Min: 17.7, Avg: 18.1, Max: 19.1, Diff: 1.4, Sum: 144.8]
         [Processed Buffers: Min: 10, Avg: 10.8, Max: 12, Diff: 2, Sum: 86]
      [Scan RS (ms): Min: 14.6, Avg: 15.5, Max: 15.9, Diff: 1.3, Sum: 124.1]
      [Code Root Scanning (ms): Min: 0.0, Avg: 0.0, Max: 0.0, Diff: 0.0, Sum: 0.0]
      [Object Copy (ms): Min: 143.4, Avg: 143.6, Max: 143.7, Diff: 0.2, Sum: 1148.4]
      [Termination (ms): Min: 0.0, Avg: 0.1, Max: 0.1, Diff: 0.1, Sum: 0.5]
         [Termination Attempts: Min: 1, Avg: 168.6, Max: 217, Diff: 216, Sum: 1349]
      [GC Worker Other (ms): Min: 0.0, Avg: 0.0, Max: 0.1, Diff: 0.1, Sum: 0.3]
      [GC Worker Total (ms): Min: 177.2, Avg: 177.4, Max: 177.6, Diff: 0.4, Sum: 1419.1]
      [GC Worker End (ms): Min: 157956.3, Avg: 157956.3, Max: 157956.4, Diff: 0.1]
   [Code Root Fixup: 0.0 ms]
   [Code Root Purge: 0.0 ms]
   [Clear CT: 0.6 ms]
   [Other: 1.3 ms]
      [Choose CSet: 0.0 ms]
      [Ref Proc: 0.2 ms]
      [Ref Enq: 0.0 ms]
      [Redirty Cards: 0.5 ms]
      [Humongous Register: 0.1 ms]
      [Humongous Reclaim: 0.0 ms]
      [Free CSet: 0.2 ms]
   [Eden: 151.0M(151.0M)->0.0B(148.0M) Survivors: 21.0M->22.0M Heap: 369.0M(2048.0M)->371.0M(2048.0M)]
 [Times: user=1.36 sys=0.02, real=0.18 secs] 
2020-09-29T11:58:51.982+0200: 158.283: [GC pause (G1 Evacuation Pause) (young), 0.3530889 secs]
   [Parallel Time: 350.3 ms, GC Workers: 8]
      [GC Worker Start (ms): Min: 158283.5, Avg: 158283.7, Max: 158284.0, Diff: 0.5]
      [Ext Root Scanning (ms): Min: 0.0, Avg: 0.2, Max: 0.5, Diff: 0.5, Sum: 1.7]
      [Update RS (ms): Min: 41.1, Avg: 42.0, Max: 43.9, Diff: 2.8, Sum: 336.1]
         [Processed Buffers: Min: 11, Avg: 12.4, Max: 14, Diff: 3, Sum: 99]
      [Scan RS (ms): Min: 27.8, Avg: 29.9, Max: 31.1, Diff: 3.3, Sum: 239.3]
      [Code Root Scanning (ms): Min: 0.0, Avg: 0.0, Max: 0.0, Diff: 0.0, Sum: 0.0]
      [Object Copy (ms): Min: 276.7, Avg: 277.2, Max: 277.4, Diff: 0.7, Sum: 2217.4]
      [Termination (ms): Min: 0.0, Avg: 0.0, Max: 0.0, Diff: 0.0, Sum: 0.1]
         [Termination Attempts: Min: 1, Avg: 12.5, Max: 16, Diff: 15, Sum: 100]
      [GC Worker Other (ms): Min: 0.0, Avg: 0.1, Max: 0.2, Diff: 0.1, Sum: 0.7]
      [GC Worker Total (ms): Min: 349.2, Avg: 349.4, Max: 349.7, Diff: 0.5, Sum: 2795.4]
      [GC Worker End (ms): Min: 158633.1, Avg: 158633.2, Max: 158633.3, Diff: 0.1]
   [Code Root Fixup: 0.0 ms]
   [Code Root Purge: 0.0 ms]
   [Clear CT: 0.5 ms]
   [Other: 2.3 ms]
      [Choose CSet: 0.0 ms]
      [Ref Proc: 0.6 ms]
      [Ref Enq: 0.0 ms]
      [Redirty Cards: 0.6 ms]
      [Humongous Register: 0.1 ms]
      [Humongous Reclaim: 0.0 ms]
      [Free CSet: 0.4 ms]
   [Eden: 148.0M(148.0M)->0.0B(80.0M) Survivors: 22.0M->22.0M Heap: 543.8M(2048.0M)->545.8M(2048.0M)]
 [Times: user=2.75 sys=0.00, real=0.35 secs] 
2020-09-29T11:58:52.508+0200: 158.808: [GC pause (G1 Evacuation Pause) (young), 0.2219687 secs]
   [Parallel Time: 218.4 ms, GC Workers: 8]
      [GC Worker Start (ms): Min: 158808.7, Avg: 158809.0, Max: 158809.2, Diff: 0.5]
      [Ext Root Scanning (ms): Min: 0.0, Avg: 0.2, Max: 0.5, Diff: 0.5, Sum: 1.7]
      [Update RS (ms): Min: 32.6, Avg: 33.4, Max: 34.1, Diff: 1.5, Sum: 267.6]
         [Processed Buffers: Min: 9, Avg: 10.4, Max: 13, Diff: 4, Sum: 83]
      [Scan RS (ms): Min: 11.3, Avg: 12.2, Max: 13.0, Diff: 1.7, Sum: 97.4]
      [Code Root Scanning (ms): Min: 0.0, Avg: 0.0, Max: 0.0, Diff: 0.0, Sum: 0.0]
      [Object Copy (ms): Min: 171.6, Avg: 171.8, Max: 171.9, Diff: 0.3, Sum: 1374.2]
      [Termination (ms): Min: 0.0, Avg: 0.1, Max: 0.1, Diff: 0.1, Sum: 0.7]
         [Termination Attempts: Min: 1, Avg: 131.6, Max: 170, Diff: 169, Sum: 1053]
      [GC Worker Other (ms): Min: 0.0, Avg: 0.1, Max: 0.1, Diff: 0.1, Sum: 0.5]
      [GC Worker Total (ms): Min: 217.6, Avg: 217.8, Max: 218.0, Diff: 0.4, Sum: 1742.0]
      [GC Worker End (ms): Min: 159026.7, Avg: 159026.8, Max: 159026.8, Diff: 0.1]
   [Code Root Fixup: 0.0 ms]
   [Code Root Purge: 0.0 ms]
   [Clear CT: 0.9 ms]
   [Other: 2.6 ms]
      [Choose CSet: 0.0 ms]
      [Ref Proc: 0.8 ms]
      [Ref Enq: 0.0 ms]
      [Redirty Cards: 1.2 ms]
      [Humongous Register: 0.1 ms]
      [Humongous Reclaim: 0.0 ms]
      [Free CSet: 0.2 ms]
   [Eden: 80.0M(80.0M)->0.0B(89.0M) Survivors: 22.0M->13.0M Heap: 639.1M(2048.0M)->641.6M(2048.0M)]
 [Times: user=1.67 sys=0.00, real=0.23 secs] 
2020-09-29T11:58:52.917+0200: 159.217: [GC pause (G1 Evacuation Pause) (young), 0.2170593 secs]
   [Parallel Time: 213.9 ms, GC Workers: 8]
      [GC Worker Start (ms): Min: 159217.4, Avg: 159217.5, Max: 159217.7, Diff: 0.3]
      [Ext Root Scanning (ms): Min: 0.1, Avg: 0.3, Max: 0.4, Diff: 0.3, Sum: 2.0]
      [Update RS (ms): Min: 33.7, Avg: 34.1, Max: 34.6, Diff: 0.9, Sum: 272.9]
         [Processed Buffers: Min: 9, Avg: 10.8, Max: 15, Diff: 6, Sum: 86]
      [Scan RS (ms): Min: 12.3, Avg: 12.9, Max: 13.3, Diff: 1.0, Sum: 103.1]
      [Code Root Scanning (ms): Min: 0.0, Avg: 0.0, Max: 0.0, Diff: 0.0, Sum: 0.0]
      [Object Copy (ms): Min: 165.8, Avg: 166.0, Max: 166.1, Diff: 0.3, Sum: 1327.8]
      [Termination (ms): Min: 0.0, Avg: 0.0, Max: 0.0, Diff: 0.0, Sum: 0.0]
         [Termination Attempts: Min: 1, Avg: 2.5, Max: 4, Diff: 3, Sum: 20]
      [GC Worker Other (ms): Min: 0.0, Avg: 0.1, Max: 0.2, Diff: 0.1, Sum: 0.6]
      [GC Worker Total (ms): Min: 213.1, Avg: 213.3, Max: 213.5, Diff: 0.3, Sum: 1706.5]
      [GC Worker End (ms): Min: 159430.8, Avg: 159430.8, Max: 159430.9, Diff: 0.1]
   [Code Root Fixup: 0.0 ms]
   [Code Root Purge: 0.0 ms]
   [Clear CT: 0.7 ms]
   [Other: 2.4 ms]
      [Choose CSet: 0.0 ms]
      [Ref Proc: 0.7 ms]
      [Ref Enq: 0.0 ms]
      [Redirty Cards: 0.8 ms]
      [Humongous Register: 0.1 ms]
      [Humongous Reclaim: 0.0 ms]
      [Free CSet: 0.3 ms]
   [Eden: 89.0M(89.0M)->0.0B(89.0M) Survivors: 13.0M->13.0M Heap: 745.9M(2048.0M)->748.4M(2048.0M)]
 [Times: user=1.75 sys=0.00, real=0.22 secs] 
2020-09-29T11:58:53.323+0200: 159.623: [GC pause (G1 Evacuation Pause) (young), 0.2556253 secs]
   [Parallel Time: 246.5 ms, GC Workers: 8]
      [GC Worker Start (ms): Min: 159623.5, Avg: 159626.5, Max: 159646.2, Diff: 22.7]
      [Ext Root Scanning (ms): Min: 0.0, Avg: 0.2, Max: 0.5, Diff: 0.5, Sum: 1.7]
      [Update RS (ms): Min: 8.5, Avg: 27.9, Max: 30.9, Diff: 22.4, Sum: 223.3]
         [Processed Buffers: Min: 6, Avg: 9.1, Max: 11, Diff: 5, Sum: 73]
      [Scan RS (ms): Min: 16.6, Avg: 16.9, Max: 17.2, Diff: 0.5, Sum: 135.3]
      [Code Root Scanning (ms): Min: 0.0, Avg: 0.0, Max: 0.0, Diff: 0.0, Sum: 0.0]
      [Object Copy (ms): Min: 197.5, Avg: 197.6, Max: 197.9, Diff: 0.4, Sum: 1581.0]
      [Termination (ms): Min: 0.0, Avg: 0.2, Max: 0.3, Diff: 0.3, Sum: 1.8]
         [Termination Attempts: Min: 1, Avg: 403.1, Max: 490, Diff: 489, Sum: 3225]
      [GC Worker Other (ms): Min: 0.0, Avg: 0.1, Max: 0.1, Diff: 0.1, Sum: 0.6]
      [GC Worker Total (ms): Min: 223.3, Avg: 243.0, Max: 246.0, Diff: 22.7, Sum: 1943.8]
      [GC Worker End (ms): Min: 159869.5, Avg: 159869.5, Max: 159869.6, Diff: 0.1]
   [Code Root Fixup: 0.0 ms]
   [Code Root Purge: 0.0 ms]
   [Clear CT: 2.9 ms]
   [Other: 6.2 ms]
      [Choose CSet: 0.0 ms]
      [Ref Proc: 0.7 ms]
      [Ref Enq: 1.0 ms]
      [Redirty Cards: 3.9 ms]
      [Humongous Register: 0.1 ms]
      [Humongous Reclaim: 0.0 ms]
      [Free CSet: 0.2 ms]
   [Eden: 89.0M(89.0M)->0.0B(89.0M) Survivors: 13.0M->13.0M Heap: 852.7M(2048.0M)->854.2M(2048.0M)]
 [Times: user=1.86 sys=0.02, real=0.26 secs] 
2020-09-29T11:58:53.764+0200: 160.064: [GC pause (G1 Evacuation Pause) (young), 0.2095074 secs]
   [Parallel Time: 205.4 ms, GC Workers: 8]
      [GC Worker Start (ms): Min: 160064.7, Avg: 160065.0, Max: 160065.2, Diff: 0.5]
      [Ext Root Scanning (ms): Min: 0.0, Avg: 0.2, Max: 0.5, Diff: 0.5, Sum: 1.8]
      [Update RS (ms): Min: 21.2, Avg: 22.9, Max: 23.7, Diff: 2.5, Sum: 183.0]
         [Processed Buffers: Min: 6, Avg: 6.9, Max: 7, Diff: 1, Sum: 55]
      [Scan RS (ms): Min: 15.9, Avg: 16.8, Max: 18.8, Diff: 2.9, Sum: 134.2]
      [Code Root Scanning (ms): Min: 0.0, Avg: 0.0, Max: 0.0, Diff: 0.0, Sum: 0.0]
      [Object Copy (ms): Min: 164.3, Avg: 164.7, Max: 164.8, Diff: 0.5, Sum: 1317.3]
      [Termination (ms): Min: 0.0, Avg: 0.0, Max: 0.0, Diff: 0.0, Sum: 0.3]
         [Termination Attempts: Min: 1, Avg: 47.9, Max: 64, Diff: 63, Sum: 383]
      [GC Worker Other (ms): Min: 0.0, Avg: 0.1, Max: 0.1, Diff: 0.1, Sum: 0.4]
      [GC Worker Total (ms): Min: 204.4, Avg: 204.6, Max: 205.0, Diff: 0.6, Sum: 1637.0]
      [GC Worker End (ms): Min: 160269.6, Avg: 160269.6, Max: 160269.6, Diff: 0.1]
   [Code Root Fixup: 0.0 ms]
   [Code Root Purge: 0.0 ms]
   [Clear CT: 1.1 ms]
   [Other: 3.0 ms]
      [Choose CSet: 0.0 ms]
      [Ref Proc: 0.9 ms]
      [Ref Enq: 0.0 ms]
      [Redirty Cards: 1.3 ms]
      [Humongous Register: 0.1 ms]
      [Humongous Reclaim: 0.0 ms]
      [Free CSet: 0.3 ms]
   [Eden: 89.0M(89.0M)->0.0B(89.0M) Survivors: 13.0M->13.0M Heap: 956.5M(2048.0M)->958.5M(2048.0M)]
 [Times: user=1.63 sys=0.02, real=0.21 secs] 
2020-09-29T11:58:53.984+0200: 160.285: [GC pause (G1 Humongous Allocation) (young) (initial-mark), 0.0732658 secs]
   [Parallel Time: 70.0 ms, GC Workers: 8]
      [GC Worker Start (ms): Min: 160285.5, Avg: 160285.7, Max: 160285.8, Diff: 0.3]
      [Ext Root Scanning (ms): Min: 0.2, Avg: 0.4, Max: 0.7, Diff: 0.5, Sum: 2.9]
      [Update RS (ms): Min: 41.7, Avg: 42.2, Max: 43.6, Diff: 1.9, Sum: 337.9]
         [Processed Buffers: Min: 12, Avg: 14.1, Max: 16, Diff: 4, Sum: 113]
      [Scan RS (ms): Min: 1.8, Avg: 3.1, Max: 3.7, Diff: 1.9, Sum: 24.8]
      [Code Root Scanning (ms): Min: 0.0, Avg: 0.0, Max: 0.0, Diff: 0.0, Sum: 0.0]
      [Object Copy (ms): Min: 23.6, Avg: 23.7, Max: 23.7, Diff: 0.1, Sum: 189.3]
      [Termination (ms): Min: 0.0, Avg: 0.0, Max: 0.0, Diff: 0.0, Sum: 0.1]
         [Termination Attempts: Min: 1, Avg: 17.4, Max: 30, Diff: 29, Sum: 139]
      [GC Worker Other (ms): Min: 0.0, Avg: 0.0, Max: 0.1, Diff: 0.1, Sum: 0.4]
      [GC Worker Total (ms): Min: 69.3, Avg: 69.4, Max: 69.6, Diff: 0.3, Sum: 555.5]
      [GC Worker End (ms): Min: 160355.1, Avg: 160355.1, Max: 160355.1, Diff: 0.1]
   [Code Root Fixup: 0.0 ms]
   [Code Root Purge: 0.0 ms]
   [Clear CT: 0.7 ms]
   [Other: 2.5 ms]
      [Choose CSet: 0.0 ms]
      [Ref Proc: 0.9 ms]
      [Ref Enq: 0.0 ms]
      [Redirty Cards: 0.7 ms]
      [Humongous Register: 0.1 ms]
      [Humongous Reclaim: 0.0 ms]
      [Free CSet: 0.2 ms]
   [Eden: 1024.0K(89.0M)->0.0B(99.0M) Survivors: 13.0M->3072.0K Heap: 959.0M(2048.0M)->964.0M(2048.0M)]
 [Times: user=0.63 sys=0.00, real=0.07 secs] 
2020-09-29T11:58:54.058+0200: 160.359: [GC concurrent-root-region-scan-start]
2020-09-29T11:58:54.059+0200: 160.360: [GC concurrent-root-region-scan-end, 0.0006134 secs]
2020-09-29T11:58:54.059+0200: 160.360: [GC concurrent-mark-start]
2020-09-29T11:58:54.069+0200: 160.370: [GC concurrent-mark-end, 0.0103056 secs]
2020-09-29T11:58:54.070+0200: 160.371: [GC remark 2020-09-29T11:58:54.071+0200: 160.371: [Finalize Marking, 0.0007187 secs] 2020-09-29T11:58:54.071+0200: 160.372: [GC ref-proc, 0.0016050 secs] 2020-09-29T11:58:54.073+0200: 160.374: [Unloading, 0.0015344 secs], 0.0048063 secs]
 [Times: user=0.00 sys=0.00, real=0.01 secs] 
2020-09-29T11:58:54.077+0200: 160.377: [GC cleanup 970M->18M(2048M), 0.0038486 secs]
 [Times: user=0.00 sys=0.00, real=0.00 secs] 
2020-09-29T11:58:54.081+0200: 160.382: [GC concurrent-cleanup-start]
2020-09-29T11:58:54.085+0200: 160.386: [GC concurrent-cleanup-end, 0.0047058 secs]
2020-09-29T11:58:54.275+0200: 160.576: [GC pause (G1 Evacuation Pause) (young), 0.2562688 secs]
   [Parallel Time: 252.8 ms, GC Workers: 8]
      [GC Worker Start (ms): Min: 160575.9, Avg: 160580.5, Max: 160607.8, Diff: 31.9]
      [Ext Root Scanning (ms): Min: 0.0, Avg: 0.2, Max: 0.5, Diff: 0.5, Sum: 1.9]
      [Update RS (ms): Min: 0.0, Avg: 19.2, Max: 23.8, Diff: 23.8, Sum: 153.4]
         [Processed Buffers: Min: 0, Avg: 6.1, Max: 8, Diff: 8, Sum: 49]
      [Scan RS (ms): Min: 14.5, Avg: 22.5, Max: 24.5, Diff: 10.0, Sum: 179.7]
      [Code Root Scanning (ms): Min: 0.0, Avg: 0.0, Max: 0.0, Diff: 0.0, Sum: 0.0]
      [Object Copy (ms): Min: 205.4, Avg: 205.5, Max: 205.8, Diff: 0.4, Sum: 1644.2]
      [Termination (ms): Min: 0.0, Avg: 0.3, Max: 0.5, Diff: 0.5, Sum: 2.5]
         [Termination Attempts: Min: 1, Avg: 512.5, Max: 774, Diff: 773, Sum: 4100]
      [GC Worker Other (ms): Min: 0.0, Avg: 0.1, Max: 0.1, Diff: 0.1, Sum: 0.5]
      [GC Worker Total (ms): Min: 220.5, Avg: 247.8, Max: 252.3, Diff: 31.8, Sum: 1982.2]
      [GC Worker End (ms): Min: 160828.2, Avg: 160828.2, Max: 160828.3, Diff: 0.1]
   [Code Root Fixup: 0.0 ms]
   [Code Root Purge: 0.0 ms]
   [Clear CT: 0.7 ms]
   [Other: 2.8 ms]
      [Choose CSet: 0.0 ms]
      [Ref Proc: 1.0 ms]
      [Ref Enq: 0.0 ms]
      [Redirty Cards: 0.8 ms]
      [Humongous Register: 0.2 ms]
      [Humongous Reclaim: 0.0 ms]
      [Free CSet: 0.3 ms]
   [Eden: 99.0M(99.0M)->0.0B(89.0M) Survivors: 3072.0K->13.0M Heap: 128.2M(2048.0M)->129.7M(2048.0M)]
 [Times: user=1.83 sys=0.01, real=0.26 secs] 
2020-09-29T11:58:54.730+0200: 161.030: [GC pause (G1 Evacuation Pause) (young), 0.2097475 secs]
   [Parallel Time: 203.4 ms, GC Workers: 8]
      [GC Worker Start (ms): Min: 161030.7, Avg: 161031.0, Max: 161031.2, Diff: 0.5]
      [Ext Root Scanning (ms): Min: 0.0, Avg: 0.2, Max: 0.5, Diff: 0.5, Sum: 1.7]
      [Update RS (ms): Min: 18.6, Avg: 19.5, Max: 21.1, Diff: 2.5, Sum: 156.0]
         [Processed Buffers: Min: 6, Avg: 6.8, Max: 8, Diff: 2, Sum: 54]
      [Scan RS (ms): Min: 17.7, Avg: 19.3, Max: 20.2, Diff: 2.5, Sum: 154.1]
      [Code Root Scanning (ms): Min: 0.0, Avg: 0.0, Max: 0.0, Diff: 0.0, Sum: 0.0]
      [Object Copy (ms): Min: 163.4, Avg: 163.5, Max: 163.6, Diff: 0.2, Sum: 1308.0]
      [Termination (ms): Min: 0.0, Avg: 0.0, Max: 0.0, Diff: 0.0, Sum: 0.1]
         [Termination Attempts: Min: 1, Avg: 19.4, Max: 25, Diff: 24, Sum: 155]
      [GC Worker Other (ms): Min: 0.0, Avg: 0.1, Max: 0.2, Diff: 0.1, Sum: 0.6]
      [GC Worker Total (ms): Min: 202.3, Avg: 202.6, Max: 202.8, Diff: 0.5, Sum: 1620.6]
      [GC Worker End (ms): Min: 161233.5, Avg: 161233.6, Max: 161233.7, Diff: 0.1]
   [Code Root Fixup: 0.0 ms]
   [Code Root Purge: 0.0 ms]
   [Clear CT: 3.7 ms]
   [Other: 2.6 ms]
      [Choose CSet: 0.0 ms]
      [Ref Proc: 0.9 ms]
      [Ref Enq: 0.0 ms]
      [Redirty Cards: 1.0 ms]
      [Humongous Register: 0.1 ms]
      [Humongous Reclaim: 0.0 ms]
      [Free CSet: 0.2 ms]
   [Eden: 89.0M(89.0M)->0.0B(89.0M) Survivors: 13.0M->13.0M Heap: 233.9M(2048.0M)->233.9M(2048.0M)]
 [Times: user=1.63 sys=0.00, real=0.21 secs] 
2020-09-29T11:58:55.126+0200: 161.427: [GC pause (G1 Evacuation Pause) (young), 0.2166436 secs]
   [Parallel Time: 213.1 ms, GC Workers: 8]
      [GC Worker Start (ms): Min: 161427.5, Avg: 161427.7, Max: 161427.9, Diff: 0.4]
      [Ext Root Scanning (ms): Min: 0.0, Avg: 0.2, Max: 0.5, Diff: 0.4, Sum: 1.8]
      [Update RS (ms): Min: 22.3, Avg: 22.6, Max: 23.6, Diff: 1.3, Sum: 180.9]
         [Processed Buffers: Min: 7, Avg: 8.0, Max: 10, Diff: 3, Sum: 64]
      [Scan RS (ms): Min: 17.8, Avg: 18.8, Max: 19.2, Diff: 1.4, Sum: 150.4]
      [Code Root Scanning (ms): Min: 0.0, Avg: 0.0, Max: 0.0, Diff: 0.0, Sum: 0.0]
      [Object Copy (ms): Min: 170.3, Avg: 170.6, Max: 170.7, Diff: 0.4, Sum: 1364.7]
      [Termination (ms): Min: 0.0, Avg: 0.1, Max: 0.1, Diff: 0.1, Sum: 0.5]
         [Termination Attempts: Min: 1, Avg: 102.3, Max: 130, Diff: 129, Sum: 818]
      [GC Worker Other (ms): Min: 0.0, Avg: 0.1, Max: 0.1, Diff: 0.1, Sum: 0.4]
      [GC Worker Total (ms): Min: 212.1, Avg: 212.3, Max: 212.5, Diff: 0.4, Sum: 1698.7]
      [GC Worker End (ms): Min: 161640.0, Avg: 161640.0, Max: 161640.1, Diff: 0.1]
   [Code Root Fixup: 0.0 ms]
   [Code Root Purge: 0.0 ms]
   [Clear CT: 1.2 ms]
   [Other: 2.3 ms]
      [Choose CSet: 0.0 ms]
      [Ref Proc: 0.7 ms]
      [Ref Enq: 0.0 ms]
      [Redirty Cards: 0.7 ms]
      [Humongous Register: 0.1 ms]
      [Humongous Reclaim: 0.0 ms]
      [Free CSet: 0.3 ms]
   [Eden: 89.0M(89.0M)->0.0B(89.0M) Survivors: 13.0M->13.0M Heap: 338.2M(2048.0M)->340.7M(2048.0M)]
 [Times: user=1.75 sys=0.00, real=0.22 secs] 
2020-09-29T11:58:55.542+0200: 161.843: [GC pause (G1 Evacuation Pause) (young), 0.2156966 secs]
   [Parallel Time: 212.5 ms, GC Workers: 8]
      [GC Worker Start (ms): Min: 161843.0, Avg: 161843.3, Max: 161843.5, Diff: 0.5]
      [Ext Root Scanning (ms): Min: 0.0, Avg: 0.2, Max: 0.5, Diff: 0.5, Sum: 1.8]
      [Update RS (ms): Min: 17.0, Avg: 18.6, Max: 20.4, Diff: 3.5, Sum: 148.9]
         [Processed Buffers: Min: 5, Avg: 5.6, Max: 6, Diff: 1, Sum: 45]
      [Scan RS (ms): Min: 17.1, Avg: 19.0, Max: 20.8, Diff: 3.7, Sum: 151.9]
      [Code Root Scanning (ms): Min: 0.0, Avg: 0.0, Max: 0.0, Diff: 0.0, Sum: 0.0]
      [Object Copy (ms): Min: 173.4, Avg: 173.5, Max: 173.7, Diff: 0.3, Sum: 1388.3]
      [Termination (ms): Min: 0.0, Avg: 0.0, Max: 0.0, Diff: 0.0, Sum: 0.3]
         [Termination Attempts: Min: 1, Avg: 56.4, Max: 80, Diff: 79, Sum: 451]
      [GC Worker Other (ms): Min: 0.0, Avg: 0.1, Max: 0.2, Diff: 0.1, Sum: 0.6]
      [GC Worker Total (ms): Min: 211.2, Avg: 211.5, Max: 211.8, Diff: 0.6, Sum: 1691.8]
      [GC Worker End (ms): Min: 162054.7, Avg: 162054.8, Max: 162054.9, Diff: 0.1]
   [Code Root Fixup: 0.0 ms]
   [Code Root Purge: 0.0 ms]
   [Clear CT: 0.7 ms]
   [Other: 2.5 ms]
      [Choose CSet: 0.0 ms]
      [Ref Proc: 0.7 ms]
      [Ref Enq: 0.0 ms]
      [Redirty Cards: 1.0 ms]
      [Humongous Register: 0.1 ms]
      [Humongous Reclaim: 0.0 ms]
      [Free CSet: 0.3 ms]
   [Eden: 89.0M(89.0M)->0.0B(89.0M) Survivors: 13.0M->13.0M Heap: 443.0M(2048.0M)->445.0M(2048.0M)]
 [Times: user=1.61 sys=0.00, real=0.22 secs] 
2020-09-29T11:58:55.942+0200: 162.242: [GC pause (G1 Evacuation Pause) (young), 0.2348483 secs]
   [Parallel Time: 231.8 ms, GC Workers: 8]
      [GC Worker Start (ms): Min: 162242.6, Avg: 162242.8, Max: 162242.9, Diff: 0.3]
      [Ext Root Scanning (ms): Min: 0.1, Avg: 0.3, Max: 0.4, Diff: 0.3, Sum: 2.0]
      [Update RS (ms): Min: 21.3, Avg: 22.5, Max: 23.7, Diff: 2.4, Sum: 179.9]
         [Processed Buffers: Min: 6, Avg: 7.1, Max: 9, Diff: 3, Sum: 57]
      [Scan RS (ms): Min: 16.3, Avg: 17.6, Max: 18.7, Diff: 2.4, Sum: 140.5]
      [Code Root Scanning (ms): Min: 0.0, Avg: 0.0, Max: 0.0, Diff: 0.0, Sum: 0.0]
      [Object Copy (ms): Min: 190.7, Avg: 190.9, Max: 191.1, Diff: 0.4, Sum: 1527.5]
      [Termination (ms): Min: 0.0, Avg: 0.0, Max: 0.1, Diff: 0.1, Sum: 0.3]
         [Termination Attempts: Min: 1, Avg: 66.9, Max: 93, Diff: 92, Sum: 535]
      [GC Worker Other (ms): Min: 0.0, Avg: 0.1, Max: 0.2, Diff: 0.1, Sum: 0.8]
      [GC Worker Total (ms): Min: 231.2, Avg: 231.4, Max: 231.6, Diff: 0.4, Sum: 1851.0]
      [GC Worker End (ms): Min: 162474.1, Avg: 162474.1, Max: 162474.2, Diff: 0.1]
   [Code Root Fixup: 0.0 ms]
   [Code Root Purge: 0.0 ms]
   [Clear CT: 0.7 ms]
   [Other: 2.3 ms]
      [Choose CSet: 0.0 ms]
      [Ref Proc: 0.8 ms]
      [Ref Enq: 0.0 ms]
      [Redirty Cards: 0.7 ms]
      [Humongous Register: 0.1 ms]
      [Humongous Reclaim: 0.0 ms]
      [Free CSet: 0.3 ms]
   [Eden: 89.0M(89.0M)->0.0B(89.0M) Survivors: 13.0M->13.0M Heap: 549.3M(2048.0M)->551.8M(2048.0M)]
 [Times: user=1.64 sys=0.00, real=0.24 secs] 
2020-09-29T11:58:56.364+0200: 162.665: [GC pause (G1 Evacuation Pause) (young), 0.2341092 secs]
   [Parallel Time: 229.5 ms, GC Workers: 8]
      [GC Worker Start (ms): Min: 162665.5, Avg: 162666.2, Max: 162667.9, Diff: 2.4]
      [Ext Root Scanning (ms): Min: 0.0, Avg: 0.3, Max: 0.6, Diff: 0.6, Sum: 2.2]
      [Update RS (ms): Min: 18.1, Avg: 20.5, Max: 21.7, Diff: 3.6, Sum: 164.0]
         [Processed Buffers: Min: 6, Avg: 6.6, Max: 9, Diff: 3, Sum: 53]
      [Scan RS (ms): Min: 16.9, Avg: 19.3, Max: 20.2, Diff: 3.3, Sum: 154.2]
      [Code Root Scanning (ms): Min: 0.0, Avg: 0.0, Max: 0.0, Diff: 0.0, Sum: 0.0]
      [Object Copy (ms): Min: 188.1, Avg: 188.2, Max: 188.4, Diff: 0.3, Sum: 1505.7]
      [Termination (ms): Min: 0.0, Avg: 0.1, Max: 0.1, Diff: 0.1, Sum: 0.6]
         [Termination Attempts: Min: 1, Avg: 36.1, Max: 53, Diff: 52, Sum: 289]
      [GC Worker Other (ms): Min: 0.0, Avg: 0.0, Max: 0.1, Diff: 0.1, Sum: 0.3]
      [GC Worker Total (ms): Min: 226.7, Avg: 228.4, Max: 229.1, Diff: 2.4, Sum: 1827.0]
      [GC Worker End (ms): Min: 162894.5, Avg: 162894.6, Max: 162894.6, Diff: 0.1]
   [Code Root Fixup: 0.0 ms]
   [Code Root Purge: 0.0 ms]
   [Clear CT: 0.6 ms]
   [Other: 4.1 ms]
      [Choose CSet: 0.0 ms]
      [Ref Proc: 0.7 ms]
      [Ref Enq: 0.0 ms]
      [Redirty Cards: 2.4 ms]
      [Humongous Register: 0.2 ms]
      [Humongous Reclaim: 0.0 ms]
      [Free CSet: 0.3 ms]
   [Eden: 89.0M(89.0M)->0.0B(89.0M) Survivors: 13.0M->13.0M Heap: 656.1M(2048.0M)->658.1M(2048.0M)]
 [Times: user=1.67 sys=0.00, real=0.23 secs] 
2020-09-29T11:58:56.711+0200: 163.012: [GC pause (G1 Evacuation Pause) (young), 0.0483414 secs]
   [Parallel Time: 46.6 ms, GC Workers: 8]
      [GC Worker Start (ms): Min: 163012.4, Avg: 163012.5, Max: 163012.5, Diff: 0.2]
      [Ext Root Scanning (ms): Min: 0.0, Avg: 0.1, Max: 0.1, Diff: 0.1, Sum: 0.5]
      [Update RS (ms): Min: 4.5, Avg: 4.8, Max: 5.0, Diff: 0.5, Sum: 38.0]
         [Processed Buffers: Min: 6, Avg: 7.1, Max: 8, Diff: 2, Sum: 57]
      [Scan RS (ms): Min: 4.1, Avg: 4.4, Max: 4.6, Diff: 0.5, Sum: 35.2]
      [Code Root Scanning (ms): Min: 0.0, Avg: 0.0, Max: 0.0, Diff: 0.0, Sum: 0.0]
      [Object Copy (ms): Min: 37.2, Avg: 37.2, Max: 37.2, Diff: 0.1, Sum: 297.6]
      [Termination (ms): Min: 0.0, Avg: 0.0, Max: 0.0, Diff: 0.0, Sum: 0.0]
         [Termination Attempts: Min: 1, Avg: 24.9, Max: 36, Diff: 35, Sum: 199]
      [GC Worker Other (ms): Min: 0.0, Avg: 0.0, Max: 0.0, Diff: 0.0, Sum: 0.1]
      [GC Worker Total (ms): Min: 46.4, Avg: 46.4, Max: 46.5, Diff: 0.2, Sum: 371.5]
      [GC Worker End (ms): Min: 163058.9, Avg: 163058.9, Max: 163058.9, Diff: 0.0]
   [Code Root Fixup: 0.0 ms]
   [Code Root Purge: 0.0 ms]
   [Clear CT: 0.6 ms]
   [Other: 1.1 ms]
      [Choose CSet: 0.0 ms]
      [Ref Proc: 0.4 ms]
      [Ref Enq: 0.0 ms]
      [Redirty Cards: 0.5 ms]
      [Humongous Register: 0.0 ms]
      [Humongous Reclaim: 0.0 ms]
      [Free CSet: 0.1 ms]
   [Eden: 89.0M(89.0M)->0.0B(89.0M) Survivors: 13.0M->13.0M Heap: 762.3M(2048.0M)->764.3M(2048.0M)]
 [Times: user=0.38 sys=0.00, real=0.05 secs] 
2020-09-29T11:58:56.805+0200: 163.105: [GC pause (G1 Evacuation Pause) (young), 0.0527611 secs]
   [Parallel Time: 51.5 ms, GC Workers: 8]
      [GC Worker Start (ms): Min: 163105.5, Avg: 163105.6, Max: 163105.7, Diff: 0.1]
      [Ext Root Scanning (ms): Min: 0.0, Avg: 0.1, Max: 0.2, Diff: 0.1, Sum: 0.5]
      [Update RS (ms): Min: 6.0, Avg: 6.1, Max: 6.4, Diff: 0.4, Sum: 49.0]
         [Processed Buffers: Min: 7, Avg: 9.0, Max: 13, Diff: 6, Sum: 72]
      [Scan RS (ms): Min: 3.9, Avg: 4.2, Max: 4.3, Diff: 0.4, Sum: 33.7]
      [Code Root Scanning (ms): Min: 0.0, Avg: 0.0, Max: 0.0, Diff: 0.0, Sum: 0.0]
      [Object Copy (ms): Min: 40.8, Avg: 40.9, Max: 40.9, Diff: 0.1, Sum: 327.1]
      [Termination (ms): Min: 0.0, Avg: 0.0, Max: 0.0, Diff: 0.0, Sum: 0.1]
         [Termination Attempts: Min: 1, Avg: 88.0, Max: 121, Diff: 120, Sum: 704]
      [GC Worker Other (ms): Min: 0.0, Avg: 0.0, Max: 0.0, Diff: 0.0, Sum: 0.1]
      [GC Worker Total (ms): Min: 51.3, Avg: 51.3, Max: 51.4, Diff: 0.1, Sum: 410.5]
      [GC Worker End (ms): Min: 163156.9, Avg: 163156.9, Max: 163157.0, Diff: 0.0]
   [Code Root Fixup: 0.0 ms]
   [Code Root Purge: 0.0 ms]
   [Clear CT: 0.2 ms]
   [Other: 1.1 ms]
      [Choose CSet: 0.0 ms]
      [Ref Proc: 0.2 ms]
      [Ref Enq: 0.0 ms]
      [Redirty Cards: 0.6 ms]
      [Humongous Register: 0.0 ms]
      [Humongous Reclaim: 0.0 ms]
      [Free CSet: 0.1 ms]
   [Eden: 89.0M(89.0M)->0.0B(97.0M) Survivors: 13.0M->13.0M Heap: 868.6M(2048.0M)->870.6M(2048.0M)]
 [Times: user=0.38 sys=0.00, real=0.05 secs] 
2020-09-29T11:58:56.909+0200: 163.210: [GC pause (G1 Evacuation Pause) (young), 0.0601300 secs]
   [Parallel Time: 58.8 ms, GC Workers: 8]
      [GC Worker Start (ms): Min: 163209.8, Avg: 163209.9, Max: 163210.0, Diff: 0.2]
      [Ext Root Scanning (ms): Min: 0.0, Avg: 0.1, Max: 0.1, Diff: 0.1, Sum: 0.5]
      [Update RS (ms): Min: 4.7, Avg: 4.9, Max: 5.3, Diff: 0.6, Sum: 39.5]
         [Processed Buffers: Min: 6, Avg: 6.6, Max: 8, Diff: 2, Sum: 53]
      [Scan RS (ms): Min: 5.3, Avg: 5.6, Max: 5.8, Diff: 0.6, Sum: 44.6]
      [Code Root Scanning (ms): Min: 0.0, Avg: 0.0, Max: 0.0, Diff: 0.0, Sum: 0.0]
      [Object Copy (ms): Min: 47.9, Avg: 47.9, Max: 48.0, Diff: 0.1, Sum: 383.5]
      [Termination (ms): Min: 0.0, Avg: 0.1, Max: 0.1, Diff: 0.1, Sum: 0.4]
         [Termination Attempts: Min: 1, Avg: 342.0, Max: 428, Diff: 427, Sum: 2736]
      [GC Worker Other (ms): Min: 0.0, Avg: 0.0, Max: 0.0, Diff: 0.0, Sum: 0.2]
      [GC Worker Total (ms): Min: 58.5, Avg: 58.6, Max: 58.7, Diff: 0.2, Sum: 468.8]
      [GC Worker End (ms): Min: 163268.5, Avg: 163268.5, Max: 163268.5, Diff: 0.0]
   [Code Root Fixup: 0.0 ms]
   [Code Root Purge: 0.0 ms]
   [Clear CT: 0.5 ms]
   [Other: 0.8 ms]
      [Choose CSet: 0.0 ms]
      [Ref Proc: 0.2 ms]
      [Ref Enq: 0.0 ms]
      [Redirty Cards: 0.3 ms]
      [Humongous Register: 0.0 ms]
      [Humongous Reclaim: 0.0 ms]
      [Free CSet: 0.1 ms]
   [Eden: 97.0M(97.0M)->0.0B(124.0M) Survivors: 13.0M->14.0M Heap: 982.8M(2048.0M)->984.8M(2048.0M)]
 [Times: user=0.50 sys=0.00, real=0.06 secs] 
2020-09-29T11:58:56.973+0200: 163.274: [GC pause (G1 Humongous Allocation) (young) (initial-mark), 0.0222570 secs]
   [Parallel Time: 21.2 ms, GC Workers: 8]
      [GC Worker Start (ms): Min: 163273.7, Avg: 163273.8, Max: 163273.8, Diff: 0.1]
      [Ext Root Scanning (ms): Min: 0.0, Avg: 0.2, Max: 0.7, Diff: 0.7, Sum: 1.2]
      [Update RS (ms): Min: 10.7, Avg: 10.9, Max: 11.3, Diff: 0.6, Sum: 86.9]
         [Processed Buffers: Min: 12, Avg: 14.0, Max: 15, Diff: 3, Sum: 112]
      [Scan RS (ms): Min: 0.5, Avg: 0.8, Max: 1.1, Diff: 0.6, Sum: 6.5]
      [Code Root Scanning (ms): Min: 0.0, Avg: 0.0, Max: 0.0, Diff: 0.0, Sum: 0.0]
      [Object Copy (ms): Min: 9.1, Avg: 9.1, Max: 9.1, Diff: 0.1, Sum: 72.9]
      [Termination (ms): Min: 0.0, Avg: 0.0, Max: 0.0, Diff: 0.0, Sum: 0.1]
         [Termination Attempts: Min: 1, Avg: 80.1, Max: 106, Diff: 105, Sum: 641]
      [GC Worker Other (ms): Min: 0.0, Avg: 0.0, Max: 0.0, Diff: 0.0, Sum: 0.1]
      [GC Worker Total (ms): Min: 20.9, Avg: 21.0, Max: 21.0, Diff: 0.1, Sum: 167.7]
      [GC Worker End (ms): Min: 163294.7, Avg: 163294.7, Max: 163294.7, Diff: 0.0]
   [Code Root Fixup: 0.0 ms]
   [Code Root Purge: 0.0 ms]
   [Clear CT: 0.3 ms]
   [Other: 0.8 ms]
      [Choose CSet: 0.0 ms]
      [Ref Proc: 0.3 ms]
      [Ref Enq: 0.0 ms]
      [Redirty Cards: 0.2 ms]
      [Humongous Register: 0.0 ms]
      [Humongous Reclaim: 0.0 ms]
      [Free CSet: 0.0 ms]
   [Eden: 6144.0K(124.0M)->0.0B(160.0M) Survivors: 14.0M->8192.0K Heap: 990.3M(2048.0M)->994.3M(2048.0M)]
 [Times: user=0.13 sys=0.00, real=0.02 secs] 
2020-09-29T11:58:56.995+0200: 163.296: [GC concurrent-root-region-scan-start]
2020-09-29T11:58:56.996+0200: 163.297: [GC concurrent-root-region-scan-end, 0.0011177 secs]
2020-09-29T11:58:56.996+0200: 163.297: [GC concurrent-mark-start]
2020-09-29T11:58:56.998+0200: 163.299: [GC concurrent-mark-end, 0.0022993 secs]
2020-09-29T11:58:56.999+0200: 163.300: [GC remark 2020-09-29T11:58:56.999+0200: 163.300: [Finalize Marking, 0.0001684 secs] 2020-09-29T11:58:56.999+0200: 163.300: [GC ref-proc, 0.0002813 secs] 2020-09-29T11:58:56.999+0200: 163.300: [Unloading, 0.0004258 secs], 0.0011405 secs]
 [Times: user=0.00 sys=0.00, real=0.00 secs] 
2020-09-29T11:58:57.000+0200: 163.301: [GC cleanup 1001M->23M(2048M), 0.0010640 secs]
 [Times: user=0.00 sys=0.00, real=0.00 secs] 
2020-09-29T11:58:57.001+0200: 163.302: [GC concurrent-cleanup-start]
2020-09-29T11:58:57.002+0200: 163.303: [GC concurrent-cleanup-end, 0.0010261 secs]
2020-09-29T11:58:57.078+0200: 163.379: [GC pause (G1 Evacuation Pause) (young), 0.0750655 secs]
   [Parallel Time: 74.2 ms, GC Workers: 8]
      [GC Worker Start (ms): Min: 163379.3, Avg: 163379.4, Max: 163379.5, Diff: 0.1]
      [Ext Root Scanning (ms): Min: 0.0, Avg: 0.1, Max: 0.1, Diff: 0.1, Sum: 0.5]
      [Update RS (ms): Min: 5.1, Avg: 5.5, Max: 5.8, Diff: 0.7, Sum: 44.3]
         [Processed Buffers: Min: 6, Avg: 6.9, Max: 7, Diff: 1, Sum: 55]
      [Scan RS (ms): Min: 7.5, Avg: 7.9, Max: 8.5, Diff: 0.9, Sum: 63.1]
      [Code Root Scanning (ms): Min: 0.0, Avg: 0.0, Max: 0.0, Diff: 0.0, Sum: 0.0]
      [Object Copy (ms): Min: 60.2, Avg: 60.4, Max: 60.4, Diff: 0.3, Sum: 483.1]
      [Termination (ms): Min: 0.0, Avg: 0.0, Max: 0.0, Diff: 0.0, Sum: 0.2]
         [Termination Attempts: Min: 1, Avg: 134.1, Max: 164, Diff: 163, Sum: 1073]
      [GC Worker Other (ms): Min: 0.0, Avg: 0.0, Max: 0.1, Diff: 0.0, Sum: 0.3]
      [GC Worker Total (ms): Min: 73.9, Avg: 73.9, Max: 74.0, Diff: 0.1, Sum: 591.4]
      [GC Worker End (ms): Min: 163453.3, Avg: 163453.3, Max: 163453.4, Diff: 0.0]
   [Code Root Fixup: 0.0 ms]
   [Code Root Purge: 0.0 ms]
   [Clear CT: 0.2 ms]
   [Other: 0.7 ms]
      [Choose CSet: 0.0 ms]
      [Ref Proc: 0.3 ms]
      [Ref Enq: 0.0 ms]
      [Redirty Cards: 0.2 ms]
      [Humongous Register: 0.0 ms]
      [Humongous Reclaim: 0.0 ms]
      [Free CSet: 0.1 ms]
   [Eden: 160.0M(160.0M)->0.0B(174.0M) Survivors: 8192.0K->21.0M Heap: 203.2M(2048.0M)->197.2M(2048.0M)]
 [Times: user=0.63 sys=0.00, real=0.08 secs] 
2020-09-29T11:58:57.240+0200: 163.540: [GC pause (G1 Evacuation Pause) (young), 0.0909641 secs]
   [Parallel Time: 89.7 ms, GC Workers: 8]
      [GC Worker Start (ms): Min: 163540.5, Avg: 163540.6, Max: 163540.7, Diff: 0.1]
      [Ext Root Scanning (ms): Min: 0.0, Avg: 0.1, Max: 0.1, Diff: 0.1, Sum: 0.5]
      [Update RS (ms): Min: 6.1, Avg: 6.2, Max: 6.9, Diff: 0.8, Sum: 50.0]
         [Processed Buffers: Min: 7, Avg: 9.0, Max: 10, Diff: 3, Sum: 72]
      [Scan RS (ms): Min: 9.3, Avg: 10.0, Max: 10.1, Diff: 0.8, Sum: 79.6]
      [Code Root Scanning (ms): Min: 0.0, Avg: 0.0, Max: 0.0, Diff: 0.0, Sum: 0.0]
      [Object Copy (ms): Min: 73.2, Avg: 73.2, Max: 73.3, Diff: 0.1, Sum: 585.9]
      [Termination (ms): Min: 0.0, Avg: 0.0, Max: 0.0, Diff: 0.0, Sum: 0.1]
         [Termination Attempts: Min: 1, Avg: 73.4, Max: 114, Diff: 113, Sum: 587]
      [GC Worker Other (ms): Min: 0.0, Avg: 0.0, Max: 0.1, Diff: 0.1, Sum: 0.3]
      [GC Worker Total (ms): Min: 89.5, Avg: 89.5, Max: 89.6, Diff: 0.1, Sum: 716.3]
      [GC Worker End (ms): Min: 163630.1, Avg: 163630.1, Max: 163630.2, Diff: 0.1]
   [Code Root Fixup: 0.0 ms]
   [Code Root Purge: 0.0 ms]
   [Clear CT: 0.4 ms]
   [Other: 0.9 ms]
      [Choose CSet: 0.0 ms]
      [Ref Proc: 0.3 ms]
      [Ref Enq: 0.0 ms]
      [Redirty Cards: 0.2 ms]
      [Humongous Register: 0.0 ms]
      [Humongous Reclaim: 0.0 ms]
      [Free CSet: 0.1 ms]
   [Eden: 174.0M(174.0M)->0.0B(197.0M) Survivors: 21.0M->25.0M Heap: 401.7M(2048.0M)->404.2M(2048.0M)]
 [Times: user=0.63 sys=0.00, real=0.09 secs] 
Heap
 garbage-first heap   total 2097152K, used 450596K [0x0000000080000000, 0x0000000080104000, 0x0000000100000000)
  region size 1024K, 58 young (59392K), 25 survivors (25600K)
 Metaspace       used 2594K, capacity 4486K, committed 4864K, reserved 1056768K
  class space    used 285K, capacity 386K, committed 512K, reserved 1048576K
