Java HotSpot(TM) 64-Bit Server VM (25.261-b12) for windows-amd64 JRE (1.8.0_261-b12), built on Jun 18 2020 06:56:32 by "" with unknown MS VC++:1916
Memory: 4k page, physical 16659684k(8110020k free), swap 23213284k(7341340k free)
CommandLine flags: -XX:InitialHeapSize=2147483648 -XX:MaxHeapSize=2147483648 -XX:+PrintGC -XX:+PrintGCDateStamps -XX:+PrintGCDetails -XX:+PrintGCTimeStamps -XX:+UseCompressedClassPointers -XX:+UseCompressedOops -XX:+UseG1GC -XX:-UseLargePagesIndividualAllocation 
2020-09-29T12:10:55.340+0200: 0.309: [GC pause (G1 Evacuation Pause) (young), 0.0755401 secs]
   [Parallel Time: 74.5 ms, GC Workers: 8]
      [GC Worker Start (ms): Min: 309.0, Avg: 309.1, Max: 309.5, Diff: 0.5]
      [Ext Root Scanning (ms): Min: 0.0, Avg: 0.2, Max: 0.6, Diff: 0.6, Sum: 1.7]
      [Update RS (ms): Min: 1.3, Avg: 1.9, Max: 2.3, Diff: 1.0, Sum: 15.2]
         [Processed Buffers: Min: 1, Avg: 1.9, Max: 2, Diff: 1, Sum: 15]
      [Scan RS (ms): Min: 10.5, Avg: 10.9, Max: 11.4, Diff: 1.0, Sum: 87.1]
      [Code Root Scanning (ms): Min: 0.0, Avg: 0.0, Max: 0.0, Diff: 0.0, Sum: 0.1]
      [Object Copy (ms): Min: 60.9, Avg: 61.1, Max: 61.2, Diff: 0.4, Sum: 489.0]
      [Termination (ms): Min: 0.0, Avg: 0.0, Max: 0.1, Diff: 0.1, Sum: 0.3]
         [Termination Attempts: Min: 1, Avg: 222.6, Max: 282, Diff: 281, Sum: 1781]
      [GC Worker Other (ms): Min: 0.0, Avg: 0.1, Max: 0.3, Diff: 0.2, Sum: 0.7]
      [GC Worker Total (ms): Min: 73.8, Avg: 74.3, Max: 74.4, Diff: 0.5, Sum: 594.0]
      [GC Worker End (ms): Min: 383.3, Avg: 383.4, Max: 383.4, Diff: 0.0]
   [Code Root Fixup: 0.0 ms]
   [Code Root Purge: 0.0 ms]
   [Clear CT: 0.2 ms]
   [Other: 0.8 ms]
      [Choose CSet: 0.0 ms]
      [Ref Proc: 0.2 ms]
      [Ref Enq: 0.0 ms]
      [Redirty Cards: 0.2 ms]
      [Humongous Register: 0.0 ms]
      [Humongous Reclaim: 0.0 ms]
      [Free CSet: 0.1 ms]
   [Eden: 102.0M(102.0M)->0.0B(89.0M) Survivors: 0.0B->13.0M Heap: 119.2M(2048.0M)->118.9M(2048.0M)]
 [Times: user=0.55 sys=0.08, real=0.08 secs] 
2020-09-29T12:10:55.495+0200: 0.464: [GC pause (G1 Evacuation Pause) (young), 0.0650997 secs]
   [Parallel Time: 64.1 ms, GC Workers: 8]
      [GC Worker Start (ms): Min: 463.8, Avg: 463.8, Max: 463.8, Diff: 0.1]
      [Ext Root Scanning (ms): Min: 0.1, Avg: 0.1, Max: 0.2, Diff: 0.2, Sum: 0.9]
      [Update RS (ms): Min: 0.2, Avg: 0.9, Max: 1.2, Diff: 1.0, Sum: 6.9]
         [Processed Buffers: Min: 1, Avg: 1.6, Max: 2, Diff: 1, Sum: 13]
      [Scan RS (ms): Min: 9.3, Avg: 9.6, Max: 10.4, Diff: 1.1, Sum: 76.9]
      [Code Root Scanning (ms): Min: 0.0, Avg: 0.0, Max: 0.0, Diff: 0.0, Sum: 0.0]
      [Object Copy (ms): Min: 53.1, Avg: 53.2, Max: 53.3, Diff: 0.2, Sum: 425.7]
      [Termination (ms): Min: 0.0, Avg: 0.1, Max: 0.1, Diff: 0.1, Sum: 0.8]
         [Termination Attempts: Min: 1, Avg: 180.3, Max: 237, Diff: 236, Sum: 1442]
      [GC Worker Other (ms): Min: 0.0, Avg: 0.0, Max: 0.0, Diff: 0.0, Sum: 0.1]
      [GC Worker Total (ms): Min: 63.9, Avg: 63.9, Max: 63.9, Diff: 0.1, Sum: 511.3]
      [GC Worker End (ms): Min: 527.7, Avg: 527.7, Max: 527.7, Diff: 0.0]
   [Code Root Fixup: 0.0 ms]
   [Code Root Purge: 0.0 ms]
   [Clear CT: 0.2 ms]
   [Other: 0.9 ms]
      [Choose CSet: 0.0 ms]
      [Ref Proc: 0.2 ms]
      [Ref Enq: 0.0 ms]
      [Redirty Cards: 0.2 ms]
      [Humongous Register: 0.0 ms]
      [Humongous Reclaim: 0.0 ms]
      [Free CSet: 0.1 ms]
   [Eden: 89.0M(89.0M)->0.0B(89.0M) Survivors: 13.0M->13.0M Heap: 223.2M(2048.0M)->225.9M(2048.0M)]
 [Times: user=0.44 sys=0.06, real=0.07 secs] 
2020-09-29T12:10:55.639+0200: 0.607: [GC pause (G1 Evacuation Pause) (young), 0.0658669 secs]
   [Parallel Time: 64.7 ms, GC Workers: 8]
      [GC Worker Start (ms): Min: 607.6, Avg: 607.8, Max: 609.1, Diff: 1.5]
      [Ext Root Scanning (ms): Min: 0.0, Avg: 0.1, Max: 0.2, Diff: 0.2, Sum: 0.7]
      [Update RS (ms): Min: 0.0, Avg: 0.5, Max: 1.0, Diff: 1.0, Sum: 4.1]
         [Processed Buffers: Min: 0, Avg: 1.8, Max: 3, Diff: 3, Sum: 14]
      [Scan RS (ms): Min: 9.3, Avg: 10.0, Max: 10.6, Diff: 1.3, Sum: 80.4]
      [Code Root Scanning (ms): Min: 0.0, Avg: 0.0, Max: 0.0, Diff: 0.0, Sum: 0.0]
      [Object Copy (ms): Min: 53.5, Avg: 53.6, Max: 53.7, Diff: 0.2, Sum: 429.2]
      [Termination (ms): Min: 0.0, Avg: 0.0, Max: 0.1, Diff: 0.1, Sum: 0.3]
         [Termination Attempts: Min: 1, Avg: 254.4, Max: 320, Diff: 319, Sum: 2035]
      [GC Worker Other (ms): Min: 0.0, Avg: 0.0, Max: 0.0, Diff: 0.0, Sum: 0.2]
      [GC Worker Total (ms): Min: 63.1, Avg: 64.4, Max: 64.6, Diff: 1.5, Sum: 514.8]
      [GC Worker End (ms): Min: 672.2, Avg: 672.2, Max: 672.2, Diff: 0.0]
   [Code Root Fixup: 0.0 ms]
   [Code Root Purge: 0.0 ms]
   [Clear CT: 0.5 ms]
   [Other: 0.6 ms]
      [Choose CSet: 0.0 ms]
      [Ref Proc: 0.1 ms]
      [Ref Enq: 0.0 ms]
      [Redirty Cards: 0.2 ms]
      [Humongous Register: 0.0 ms]
      [Humongous Reclaim: 0.0 ms]
      [Free CSet: 0.1 ms]
   [Eden: 89.0M(89.0M)->0.0B(89.0M) Survivors: 13.0M->13.0M Heap: 330.2M(2048.0M)->332.2M(2048.0M)]
 [Times: user=0.33 sys=0.16, real=0.07 secs] 
2020-09-29T12:10:55.796+0200: 0.765: [GC pause (G1 Evacuation Pause) (young), 0.0647049 secs]
   [Parallel Time: 63.8 ms, GC Workers: 8]
      [GC Worker Start (ms): Min: 764.7, Avg: 764.7, Max: 764.8, Diff: 0.1]
      [Ext Root Scanning (ms): Min: 0.0, Avg: 0.1, Max: 0.1, Diff: 0.1, Sum: 0.7]
      [Update RS (ms): Min: 0.3, Avg: 0.8, Max: 1.3, Diff: 0.9, Sum: 6.6]
         [Processed Buffers: Min: 1, Avg: 2.5, Max: 3, Diff: 2, Sum: 20]
      [Scan RS (ms): Min: 8.8, Avg: 9.3, Max: 9.7, Diff: 0.9, Sum: 74.1]
      [Code Root Scanning (ms): Min: 0.0, Avg: 0.0, Max: 0.0, Diff: 0.0, Sum: 0.0]
      [Object Copy (ms): Min: 53.3, Avg: 53.5, Max: 53.5, Diff: 0.2, Sum: 427.7]
      [Termination (ms): Min: 0.0, Avg: 0.0, Max: 0.0, Diff: 0.0, Sum: 0.0]
         [Termination Attempts: Min: 1, Avg: 37.9, Max: 56, Diff: 55, Sum: 303]
      [GC Worker Other (ms): Min: 0.0, Avg: 0.0, Max: 0.1, Diff: 0.0, Sum: 0.2]
      [GC Worker Total (ms): Min: 63.6, Avg: 63.7, Max: 63.7, Diff: 0.1, Sum: 509.2]
      [GC Worker End (ms): Min: 828.4, Avg: 828.4, Max: 828.4, Diff: 0.0]
   [Code Root Fixup: 0.0 ms]
   [Code Root Purge: 0.0 ms]
   [Clear CT: 0.2 ms]
   [Other: 0.8 ms]
      [Choose CSet: 0.0 ms]
      [Ref Proc: 0.2 ms]
      [Ref Enq: 0.0 ms]
      [Redirty Cards: 0.2 ms]
      [Humongous Register: 0.0 ms]
      [Humongous Reclaim: 0.0 ms]
      [Free CSet: 0.1 ms]
   [Eden: 89.0M(89.0M)->0.0B(89.0M) Survivors: 13.0M->13.0M Heap: 436.4M(2048.0M)->438.4M(2048.0M)]
 [Times: user=0.42 sys=0.08, real=0.07 secs] 
2020-09-29T12:10:55.935+0200: 0.904: [GC pause (G1 Evacuation Pause) (young), 0.0832130 secs]
   [Parallel Time: 82.4 ms, GC Workers: 8]
      [GC Worker Start (ms): Min: 903.8, Avg: 903.9, Max: 904.0, Diff: 0.2]
      [Ext Root Scanning (ms): Min: 0.0, Avg: 0.1, Max: 0.1, Diff: 0.1, Sum: 0.7]
      [Update RS (ms): Min: 1.1, Avg: 2.1, Max: 5.2, Diff: 4.1, Sum: 17.1]
         [Processed Buffers: Min: 0, Avg: 1.8, Max: 2, Diff: 2, Sum: 14]
      [Scan RS (ms): Min: 5.6, Avg: 8.7, Max: 9.7, Diff: 4.1, Sum: 69.3]
      [Code Root Scanning (ms): Min: 0.0, Avg: 0.0, Max: 0.0, Diff: 0.0, Sum: 0.0]
      [Object Copy (ms): Min: 70.7, Avg: 70.9, Max: 71.2, Diff: 0.5, Sum: 567.3]
      [Termination (ms): Min: 0.1, Avg: 0.4, Max: 0.6, Diff: 0.5, Sum: 3.2]
         [Termination Attempts: Min: 1, Avg: 2366.1, Max: 3293, Diff: 3292, Sum: 18929]
      [GC Worker Other (ms): Min: 0.0, Avg: 0.0, Max: 0.0, Diff: 0.0, Sum: 0.1]
      [GC Worker Total (ms): Min: 82.1, Avg: 82.2, Max: 82.3, Diff: 0.1, Sum: 657.6]
      [GC Worker End (ms): Min: 986.1, Avg: 986.1, Max: 986.1, Diff: 0.0]
   [Code Root Fixup: 0.0 ms]
   [Code Root Purge: 0.0 ms]
   [Clear CT: 0.2 ms]
   [Other: 0.7 ms]
      [Choose CSet: 0.0 ms]
      [Ref Proc: 0.1 ms]
      [Ref Enq: 0.0 ms]
      [Redirty Cards: 0.2 ms]
      [Humongous Register: 0.0 ms]
      [Humongous Reclaim: 0.0 ms]
      [Free CSet: 0.1 ms]
   [Eden: 89.0M(89.0M)->0.0B(89.0M) Survivors: 13.0M->13.0M Heap: 540.8M(2048.0M)->542.8M(2048.0M)]
 [Times: user=0.48 sys=0.08, real=0.08 secs] 
2020-09-29T12:10:56.092+0200: 1.060: [GC pause (G1 Evacuation Pause) (young), 0.0682504 secs]
   [Parallel Time: 67.2 ms, GC Workers: 8]
      [GC Worker Start (ms): Min: 1060.6, Avg: 1060.8, Max: 1061.2, Diff: 0.5]
      [Ext Root Scanning (ms): Min: 0.0, Avg: 0.1, Max: 0.2, Diff: 0.1, Sum: 0.7]
      [Update RS (ms): Min: 1.0, Avg: 1.3, Max: 2.1, Diff: 1.1, Sum: 10.6]
         [Processed Buffers: Min: 1, Avg: 1.9, Max: 3, Diff: 2, Sum: 15]
      [Scan RS (ms): Min: 8.4, Avg: 9.0, Max: 9.4, Diff: 1.0, Sum: 72.4]
      [Code Root Scanning (ms): Min: 0.0, Avg: 0.0, Max: 0.0, Diff: 0.0, Sum: 0.0]
      [Object Copy (ms): Min: 56.3, Avg: 56.4, Max: 56.5, Diff: 0.2, Sum: 451.4]
      [Termination (ms): Min: 0.0, Avg: 0.1, Max: 0.1, Diff: 0.1, Sum: 0.5]
         [Termination Attempts: Min: 1, Avg: 259.0, Max: 323, Diff: 322, Sum: 2072]
      [GC Worker Other (ms): Min: 0.0, Avg: 0.0, Max: 0.0, Diff: 0.0, Sum: 0.2]
      [GC Worker Total (ms): Min: 66.6, Avg: 67.0, Max: 67.1, Diff: 0.5, Sum: 535.8]
      [GC Worker End (ms): Min: 1127.7, Avg: 1127.8, Max: 1127.8, Diff: 0.0]
   [Code Root Fixup: 0.0 ms]
   [Code Root Purge: 0.0 ms]
   [Clear CT: 0.2 ms]
   [Other: 0.9 ms]
      [Choose CSet: 0.0 ms]
      [Ref Proc: 0.3 ms]
      [Ref Enq: 0.0 ms]
      [Redirty Cards: 0.2 ms]
      [Humongous Register: 0.1 ms]
      [Humongous Reclaim: 0.0 ms]
      [Free CSet: 0.1 ms]
   [Eden: 89.0M(89.0M)->0.0B(89.0M) Survivors: 13.0M->13.0M Heap: 647.1M(2048.0M)->649.6M(2048.0M)]
 [Times: user=0.36 sys=0.13, real=0.07 secs] 
2020-09-29T12:10:56.227+0200: 1.195: [GC pause (G1 Evacuation Pause) (young), 0.0583986 secs]
   [Parallel Time: 57.6 ms, GC Workers: 8]
      [GC Worker Start (ms): Min: 1195.5, Avg: 1195.6, Max: 1195.6, Diff: 0.1]
      [Ext Root Scanning (ms): Min: 0.0, Avg: 0.1, Max: 0.1, Diff: 0.1, Sum: 0.5]
      [Update RS (ms): Min: 0.7, Avg: 0.8, Max: 0.9, Diff: 0.1, Sum: 6.6]
         [Processed Buffers: Min: 1, Avg: 2.0, Max: 7, Diff: 6, Sum: 16]
      [Scan RS (ms): Min: 8.3, Avg: 8.4, Max: 8.5, Diff: 0.2, Sum: 67.3]
      [Code Root Scanning (ms): Min: 0.0, Avg: 0.0, Max: 0.0, Diff: 0.0, Sum: 0.0]
      [Object Copy (ms): Min: 48.0, Avg: 48.1, Max: 48.2, Diff: 0.2, Sum: 384.6]
      [Termination (ms): Min: 0.0, Avg: 0.0, Max: 0.0, Diff: 0.0, Sum: 0.1]
         [Termination Attempts: Min: 1, Avg: 120.1, Max: 147, Diff: 146, Sum: 961]
      [GC Worker Other (ms): Min: 0.0, Avg: 0.0, Max: 0.0, Diff: 0.0, Sum: 0.2]
      [GC Worker Total (ms): Min: 57.4, Avg: 57.4, Max: 57.5, Diff: 0.1, Sum: 459.4]
      [GC Worker End (ms): Min: 1253.0, Avg: 1253.0, Max: 1253.0, Diff: 0.0]
   [Code Root Fixup: 0.0 ms]
   [Code Root Purge: 0.0 ms]
   [Clear CT: 0.2 ms]
   [Other: 0.6 ms]
      [Choose CSet: 0.0 ms]
      [Ref Proc: 0.2 ms]
      [Ref Enq: 0.0 ms]
      [Redirty Cards: 0.2 ms]
      [Humongous Register: 0.0 ms]
      [Humongous Reclaim: 0.0 ms]
      [Free CSet: 0.1 ms]
   [Eden: 89.0M(89.0M)->0.0B(89.0M) Survivors: 13.0M->13.0M Heap: 753.8M(2048.0M)->755.8M(2048.0M)]
 [Times: user=0.33 sys=0.05, real=0.06 secs] 
2020-09-29T12:10:56.352+0200: 1.321: [GC pause (G1 Evacuation Pause) (young), 0.0673349 secs]
   [Parallel Time: 66.5 ms, GC Workers: 8]
      [GC Worker Start (ms): Min: 1321.1, Avg: 1321.2, Max: 1321.3, Diff: 0.1]
      [Ext Root Scanning (ms): Min: 0.0, Avg: 0.1, Max: 0.1, Diff: 0.1, Sum: 0.7]
      [Update RS (ms): Min: 1.4, Avg: 1.7, Max: 2.2, Diff: 0.8, Sum: 13.5]
         [Processed Buffers: Min: 2, Avg: 3.1, Max: 4, Diff: 2, Sum: 25]
      [Scan RS (ms): Min: 8.9, Avg: 9.7, Max: 11.8, Diff: 3.0, Sum: 77.7]
      [Code Root Scanning (ms): Min: 0.0, Avg: 0.0, Max: 0.0, Diff: 0.0, Sum: 0.0]
      [Object Copy (ms): Min: 53.0, Avg: 54.9, Max: 55.2, Diff: 2.2, Sum: 438.8]
      [Termination (ms): Min: 0.0, Avg: 0.0, Max: 0.0, Diff: 0.0, Sum: 0.1]
         [Termination Attempts: Min: 1, Avg: 41.4, Max: 55, Diff: 54, Sum: 331]
      [GC Worker Other (ms): Min: 0.0, Avg: 0.0, Max: 0.0, Diff: 0.0, Sum: 0.1]
      [GC Worker Total (ms): Min: 66.3, Avg: 66.4, Max: 66.4, Diff: 0.1, Sum: 530.9]
      [GC Worker End (ms): Min: 1387.6, Avg: 1387.6, Max: 1387.6, Diff: 0.0]
   [Code Root Fixup: 0.0 ms]
   [Code Root Purge: 0.0 ms]
   [Clear CT: 0.1 ms]
   [Other: 0.7 ms]
      [Choose CSet: 0.0 ms]
      [Ref Proc: 0.2 ms]
      [Ref Enq: 0.0 ms]
      [Redirty Cards: 0.1 ms]
      [Humongous Register: 0.1 ms]
      [Humongous Reclaim: 0.0 ms]
      [Free CSet: 0.1 ms]
   [Eden: 89.0M(89.0M)->0.0B(89.0M) Survivors: 13.0M->13.0M Heap: 860.1M(2048.0M)->862.1M(2048.0M)]
 [Times: user=0.41 sys=0.08, real=0.07 secs] 
2020-09-29T12:10:56.483+0200: 1.452: [GC pause (G1 Evacuation Pause) (young), 0.0727218 secs]
   [Parallel Time: 71.8 ms, GC Workers: 8]
      [GC Worker Start (ms): Min: 1452.3, Avg: 1452.4, Max: 1452.4, Diff: 0.1]
      [Ext Root Scanning (ms): Min: 0.0, Avg: 0.1, Max: 0.1, Diff: 0.1, Sum: 0.6]
      [Update RS (ms): Min: 2.0, Avg: 2.1, Max: 2.5, Diff: 0.5, Sum: 17.0]
         [Processed Buffers: Min: 4, Avg: 4.0, Max: 4, Diff: 0, Sum: 32]
      [Scan RS (ms): Min: 8.6, Avg: 9.8, Max: 15.8, Diff: 7.2, Sum: 78.0]
      [Code Root Scanning (ms): Min: 0.0, Avg: 0.0, Max: 0.0, Diff: 0.0, Sum: 0.0]
      [Object Copy (ms): Min: 53.5, Avg: 59.5, Max: 60.5, Diff: 7.0, Sum: 475.9]
      [Termination (ms): Min: 0.0, Avg: 0.1, Max: 0.3, Diff: 0.3, Sum: 1.1]
         [Termination Attempts: Min: 1, Avg: 683.3, Max: 840, Diff: 839, Sum: 5466]
      [GC Worker Other (ms): Min: 0.0, Avg: 0.0, Max: 0.0, Diff: 0.0, Sum: 0.1]
      [GC Worker Total (ms): Min: 71.5, Avg: 71.6, Max: 71.6, Diff: 0.2, Sum: 572.7]
      [GC Worker End (ms): Min: 1523.9, Avg: 1523.9, Max: 1524.0, Diff: 0.0]
   [Code Root Fixup: 0.0 ms]
   [Code Root Purge: 0.0 ms]
   [Clear CT: 0.2 ms]
   [Other: 0.8 ms]
      [Choose CSet: 0.0 ms]
      [Ref Proc: 0.2 ms]
      [Ref Enq: 0.0 ms]
      [Redirty Cards: 0.2 ms]
      [Humongous Register: 0.1 ms]
      [Humongous Reclaim: 0.0 ms]
      [Free CSet: 0.1 ms]
   [Eden: 89.0M(89.0M)->0.0B(89.0M) Survivors: 13.0M->13.0M Heap: 966.3M(2048.0M)->968.8M(2048.0M)]
 [Times: user=0.52 sys=0.09, real=0.07 secs] 
2020-09-29T12:10:56.572+0200: 1.541: [GC pause (G1 Humongous Allocation) (young) (initial-mark), 0.0152525 secs]
   [Parallel Time: 14.3 ms, GC Workers: 8]
      [GC Worker Start (ms): Min: 1541.0, Avg: 1541.0, Max: 1541.1, Diff: 0.2]
      [Ext Root Scanning (ms): Min: 0.0, Avg: 0.1, Max: 0.3, Diff: 0.3, Sum: 1.2]
      [Update RS (ms): Min: 1.7, Avg: 2.0, Max: 2.4, Diff: 0.7, Sum: 16.2]
         [Processed Buffers: Min: 2, Avg: 2.6, Max: 4, Diff: 2, Sum: 21]
      [Scan RS (ms): Min: 0.6, Avg: 0.9, Max: 1.2, Diff: 0.7, Sum: 7.0]
      [Code Root Scanning (ms): Min: 0.0, Avg: 0.0, Max: 0.0, Diff: 0.0, Sum: 0.0]
      [Object Copy (ms): Min: 11.1, Avg: 11.2, Max: 11.2, Diff: 0.1, Sum: 89.4]
      [Termination (ms): Min: 0.0, Avg: 0.0, Max: 0.0, Diff: 0.0, Sum: 0.0]
         [Termination Attempts: Min: 1, Avg: 14.9, Max: 20, Diff: 19, Sum: 119]
      [GC Worker Other (ms): Min: 0.0, Avg: 0.0, Max: 0.0, Diff: 0.0, Sum: 0.1]
      [GC Worker Total (ms): Min: 14.1, Avg: 14.2, Max: 14.3, Diff: 0.2, Sum: 114.0]
      [GC Worker End (ms): Min: 1555.3, Avg: 1555.3, Max: 1555.3, Diff: 0.0]
   [Code Root Fixup: 0.0 ms]
   [Code Root Purge: 0.0 ms]
   [Clear CT: 0.2 ms]
   [Other: 0.7 ms]
      [Choose CSet: 0.0 ms]
      [Ref Proc: 0.1 ms]
      [Ref Enq: 0.0 ms]
      [Redirty Cards: 0.2 ms]
      [Humongous Register: 0.1 ms]
      [Humongous Reclaim: 0.0 ms]
      [Free CSet: 0.0 ms]
   [Eden: 12.0M(89.0M)->0.0B(99.0M) Survivors: 13.0M->13.0M Heap: 980.3M(2048.0M)->983.8M(2048.0M)]
 [Times: user=0.11 sys=0.02, real=0.01 secs] 
2020-09-29T12:10:56.587+0200: 1.556: [GC concurrent-root-region-scan-start]
2020-09-29T12:10:56.592+0200: 1.561: [GC concurrent-root-region-scan-end, 0.0051816 secs]
2020-09-29T12:10:56.593+0200: 1.561: [GC concurrent-mark-start]
2020-09-29T12:10:56.597+0200: 1.566: [GC concurrent-mark-end, 0.0043230 secs]
2020-09-29T12:10:56.597+0200: 1.566: [GC remark 2020-09-29T12:10:56.597+0200: 1.566: [Finalize Marking, 0.0002268 secs] 2020-09-29T12:10:56.598+0200: 1.566: [GC ref-proc, 0.0003525 secs] 2020-09-29T12:10:56.598+0200: 1.567: [Unloading, 0.0005204 secs], 0.0015452 secs]
 [Times: user=0.06 sys=0.02, real=0.00 secs] 
2020-09-29T12:10:56.599+0200: 1.568: [GC cleanup 997M->36M(2048M), 0.0017442 secs]
 [Times: user=0.00 sys=0.00, real=0.00 secs] 
2020-09-29T12:10:56.601+0200: 1.570: [GC concurrent-cleanup-start]
2020-09-29T12:10:56.602+0200: 1.571: [GC concurrent-cleanup-end, 0.0014836 secs]
2020-09-29T12:10:56.662+0200: 1.631: [GC pause (G1 Evacuation Pause) (young), 0.0746729 secs]
   [Parallel Time: 73.9 ms, GC Workers: 8]
      [GC Worker Start (ms): Min: 1631.1, Avg: 1632.7, Max: 1643.4, Diff: 12.3]
      [Ext Root Scanning (ms): Min: 0.0, Avg: 0.1, Max: 0.1, Diff: 0.1, Sum: 0.6]
      [Update RS (ms): Min: 0.0, Avg: 1.6, Max: 2.1, Diff: 2.1, Sum: 12.4]
         [Processed Buffers: Min: 0, Avg: 2.6, Max: 7, Diff: 7, Sum: 21]
      [Scan RS (ms): Min: 0.0, Avg: 7.7, Max: 8.9, Diff: 8.9, Sum: 61.6]
      [Code Root Scanning (ms): Min: 0.0, Avg: 0.0, Max: 0.0, Diff: 0.0, Sum: 0.0]
      [Object Copy (ms): Min: 61.4, Avg: 62.8, Max: 63.1, Diff: 1.7, Sum: 502.5]
      [Termination (ms): Min: 0.0, Avg: 0.1, Max: 0.2, Diff: 0.2, Sum: 1.0]
         [Termination Attempts: Min: 1, Avg: 684.1, Max: 1069, Diff: 1068, Sum: 5473]
      [GC Worker Other (ms): Min: 0.0, Avg: 0.0, Max: 0.0, Diff: 0.0, Sum: 0.1]
      [GC Worker Total (ms): Min: 61.6, Avg: 72.3, Max: 73.9, Diff: 12.3, Sum: 578.2]
      [GC Worker End (ms): Min: 1704.9, Avg: 1704.9, Max: 1705.0, Diff: 0.0]
   [Code Root Fixup: 0.0 ms]
   [Code Root Purge: 0.0 ms]
   [Clear CT: 0.1 ms]
   [Other: 0.6 ms]
      [Choose CSet: 0.0 ms]
      [Ref Proc: 0.2 ms]
      [Ref Enq: 0.0 ms]
      [Redirty Cards: 0.1 ms]
      [Humongous Register: 0.0 ms]
      [Humongous Reclaim: 0.0 ms]
      [Free CSet: 0.1 ms]
   [Eden: 99.0M(99.0M)->0.0B(115.0M) Survivors: 13.0M->14.0M Heap: 139.2M(2048.0M)->127.7M(2048.0M)]
 [Times: user=0.45 sys=0.00, real=0.07 secs] 
2020-09-29T12:10:56.802+0200: 1.772: [GC pause (G1 Evacuation Pause) (young), 0.0756694 secs]
   [Parallel Time: 74.8 ms, GC Workers: 8]
      [GC Worker Start (ms): Min: 1771.8, Avg: 1771.9, Max: 1772.0, Diff: 0.1]
      [Ext Root Scanning (ms): Min: 0.0, Avg: 0.1, Max: 0.1, Diff: 0.1, Sum: 0.7]
      [Update RS (ms): Min: 1.9, Avg: 2.0, Max: 2.0, Diff: 0.1, Sum: 15.7]
         [Processed Buffers: Min: 2, Avg: 2.6, Max: 6, Diff: 4, Sum: 21]
      [Scan RS (ms): Min: 11.6, Avg: 11.7, Max: 11.7, Diff: 0.1, Sum: 93.5]
      [Code Root Scanning (ms): Min: 0.0, Avg: 0.0, Max: 0.0, Diff: 0.0, Sum: 0.0]
      [Object Copy (ms): Min: 60.8, Avg: 60.8, Max: 60.9, Diff: 0.1, Sum: 486.8]
      [Termination (ms): Min: 0.0, Avg: 0.0, Max: 0.0, Diff: 0.0, Sum: 0.0]
         [Termination Attempts: Min: 1, Avg: 5.5, Max: 10, Diff: 9, Sum: 44]
      [GC Worker Other (ms): Min: 0.0, Avg: 0.0, Max: 0.1, Diff: 0.0, Sum: 0.2]
      [GC Worker Total (ms): Min: 74.6, Avg: 74.6, Max: 74.7, Diff: 0.1, Sum: 596.9]
      [GC Worker End (ms): Min: 1846.5, Avg: 1846.5, Max: 1846.5, Diff: 0.0]
   [Code Root Fixup: 0.0 ms]
   [Code Root Purge: 0.0 ms]
   [Clear CT: 0.2 ms]
   [Other: 0.7 ms]
      [Choose CSet: 0.0 ms]
      [Ref Proc: 0.2 ms]
      [Ref Enq: 0.0 ms]
      [Redirty Cards: 0.2 ms]
      [Humongous Register: 0.0 ms]
      [Humongous Reclaim: 0.0 ms]
      [Free CSet: 0.1 ms]
   [Eden: 115.0M(115.0M)->0.0B(128.0M) Survivors: 14.0M->17.0M Heap: 261.7M(2048.0M)->264.2M(2048.0M)]
 [Times: user=0.50 sys=0.00, real=0.08 secs] 
2020-09-29T12:10:56.959+0200: 1.928: [GC pause (G1 Evacuation Pause) (young), 0.0771031 secs]
   [Parallel Time: 76.1 ms, GC Workers: 8]
      [GC Worker Start (ms): Min: 1928.4, Avg: 1928.5, Max: 1928.6, Diff: 0.1]
      [Ext Root Scanning (ms): Min: 0.0, Avg: 0.1, Max: 0.1, Diff: 0.1, Sum: 0.6]
      [Update RS (ms): Min: 2.1, Avg: 2.3, Max: 2.9, Diff: 0.8, Sum: 18.8]
         [Processed Buffers: Min: 2, Avg: 2.8, Max: 3, Diff: 1, Sum: 22]
      [Scan RS (ms): Min: 11.7, Avg: 12.3, Max: 12.7, Diff: 1.0, Sum: 98.2]
      [Code Root Scanning (ms): Min: 0.0, Avg: 0.0, Max: 0.0, Diff: 0.0, Sum: 0.0]
      [Object Copy (ms): Min: 61.2, Avg: 61.3, Max: 61.4, Diff: 0.2, Sum: 490.3]
      [Termination (ms): Min: 0.0, Avg: 0.0, Max: 0.0, Diff: 0.0, Sum: 0.0]
         [Termination Attempts: Min: 1, Avg: 6.4, Max: 11, Diff: 10, Sum: 51]
      [GC Worker Other (ms): Min: 0.0, Avg: 0.0, Max: 0.1, Diff: 0.0, Sum: 0.3]
      [GC Worker Total (ms): Min: 76.0, Avg: 76.0, Max: 76.1, Diff: 0.1, Sum: 608.2]
      [GC Worker End (ms): Min: 2004.5, Avg: 2004.5, Max: 2004.5, Diff: 0.0]
   [Code Root Fixup: 0.0 ms]
   [Code Root Purge: 0.0 ms]
   [Clear CT: 0.2 ms]
   [Other: 0.7 ms]
      [Choose CSet: 0.0 ms]
      [Ref Proc: 0.1 ms]
      [Ref Enq: 0.0 ms]
      [Redirty Cards: 0.2 ms]
      [Humongous Register: 0.0 ms]
      [Humongous Reclaim: 0.0 ms]
      [Free CSet: 0.1 ms]
   [Eden: 128.0M(128.0M)->0.0B(145.0M) Survivors: 17.0M->19.0M Heap: 413.2M(2048.0M)->414.7M(2048.0M)]
 [Times: user=0.42 sys=0.09, real=0.08 secs] 
2020-09-29T12:10:57.134+0200: 2.104: [GC pause (G1 Evacuation Pause) (young), 0.1195727 secs]
   [Parallel Time: 118.6 ms, GC Workers: 8]
      [GC Worker Start (ms): Min: 2104.0, Avg: 2104.1, Max: 2104.2, Diff: 0.2]
      [Ext Root Scanning (ms): Min: 0.0, Avg: 0.1, Max: 0.2, Diff: 0.1, Sum: 0.7]
      [Update RS (ms): Min: 2.1, Avg: 2.2, Max: 2.6, Diff: 0.5, Sum: 17.6]
         [Processed Buffers: Min: 2, Avg: 3.1, Max: 6, Diff: 4, Sum: 25]
      [Scan RS (ms): Min: 14.6, Avg: 14.9, Max: 15.1, Diff: 0.5, Sum: 119.2]
      [Code Root Scanning (ms): Min: 0.0, Avg: 0.0, Max: 0.0, Diff: 0.0, Sum: 0.0]
      [Object Copy (ms): Min: 100.6, Avg: 100.8, Max: 101.2, Diff: 0.6, Sum: 806.7]
      [Termination (ms): Min: 0.0, Avg: 0.4, Max: 0.7, Diff: 0.6, Sum: 3.2]
         [Termination Attempts: Min: 1, Avg: 2254.4, Max: 3207, Diff: 3206, Sum: 18035]
      [GC Worker Other (ms): Min: 0.0, Avg: 0.0, Max: 0.0, Diff: 0.0, Sum: 0.1]
      [GC Worker Total (ms): Min: 118.3, Avg: 118.4, Max: 118.5, Diff: 0.2, Sum: 947.4]
      [GC Worker End (ms): Min: 2222.5, Avg: 2222.5, Max: 2222.5, Diff: 0.0]
   [Code Root Fixup: 0.0 ms]
   [Code Root Purge: 0.0 ms]
   [Clear CT: 0.1 ms]
   [Other: 0.8 ms]
      [Choose CSet: 0.0 ms]
      [Ref Proc: 0.2 ms]
      [Ref Enq: 0.0 ms]
      [Redirty Cards: 0.2 ms]
      [Humongous Register: 0.0 ms]
      [Humongous Reclaim: 0.0 ms]
      [Free CSet: 0.2 ms]
   [Eden: 145.0M(145.0M)->0.0B(150.0M) Survivors: 19.0M->21.0M Heap: 584.5M(2048.0M)->587.0M(2048.0M)]
 [Times: user=0.72 sys=0.05, real=0.12 secs] 
2020-09-29T12:10:57.352+0200: 2.321: [GC pause (G1 Evacuation Pause) (young), 0.0898753 secs]
   [Parallel Time: 89.0 ms, GC Workers: 8]
      [GC Worker Start (ms): Min: 2321.6, Avg: 2321.6, Max: 2321.7, Diff: 0.1]
      [Ext Root Scanning (ms): Min: 0.0, Avg: 0.1, Max: 0.1, Diff: 0.1, Sum: 0.7]
      [Update RS (ms): Min: 2.3, Avg: 2.7, Max: 3.0, Diff: 0.6, Sum: 22.0]
         [Processed Buffers: Min: 2, Avg: 3.5, Max: 5, Diff: 3, Sum: 28]
      [Scan RS (ms): Min: 16.5, Avg: 16.8, Max: 17.3, Diff: 0.9, Sum: 134.2]
      [Code Root Scanning (ms): Min: 0.0, Avg: 0.0, Max: 0.0, Diff: 0.0, Sum: 0.0]
      [Object Copy (ms): Min: 69.1, Avg: 69.2, Max: 69.3, Diff: 0.2, Sum: 553.7]
      [Termination (ms): Min: 0.0, Avg: 0.0, Max: 0.0, Diff: 0.0, Sum: 0.0]
         [Termination Attempts: Min: 1, Avg: 24.4, Max: 36, Diff: 35, Sum: 195]
      [GC Worker Other (ms): Min: 0.0, Avg: 0.0, Max: 0.1, Diff: 0.0, Sum: 0.2]
      [GC Worker Total (ms): Min: 88.8, Avg: 88.9, Max: 88.9, Diff: 0.1, Sum: 710.9]
      [GC Worker End (ms): Min: 2410.5, Avg: 2410.5, Max: 2410.5, Diff: 0.0]
   [Code Root Fixup: 0.0 ms]
   [Code Root Purge: 0.0 ms]
   [Clear CT: 0.2 ms]
   [Other: 0.7 ms]
      [Choose CSet: 0.0 ms]
      [Ref Proc: 0.1 ms]
      [Ref Enq: 0.0 ms]
      [Redirty Cards: 0.2 ms]
      [Humongous Register: 0.0 ms]
      [Humongous Reclaim: 0.0 ms]
      [Free CSet: 0.2 ms]
   [Eden: 150.0M(150.0M)->0.0B(170.0M) Survivors: 21.0M->22.0M Heap: 761.8M(2048.0M)->763.3M(2048.0M)]
 [Times: user=0.63 sys=0.05, real=0.09 secs] 
2020-09-29T12:10:57.559+0200: 2.529: [GC pause (G1 Evacuation Pause) (young), 0.0926190 secs]
   [Parallel Time: 91.5 ms, GC Workers: 8]
      [GC Worker Start (ms): Min: 2529.0, Avg: 2529.1, Max: 2529.2, Diff: 0.2]
      [Ext Root Scanning (ms): Min: 0.0, Avg: 0.1, Max: 0.1, Diff: 0.1, Sum: 0.7]
      [Update RS (ms): Min: 2.9, Avg: 3.2, Max: 3.4, Diff: 0.5, Sum: 25.4]
         [Processed Buffers: Min: 3, Avg: 3.6, Max: 4, Diff: 1, Sum: 29]
      [Scan RS (ms): Min: 15.2, Avg: 15.4, Max: 15.6, Diff: 0.4, Sum: 123.1]
      [Code Root Scanning (ms): Min: 0.0, Avg: 0.0, Max: 0.0, Diff: 0.0, Sum: 0.0]
      [Object Copy (ms): Min: 72.6, Avg: 72.7, Max: 72.7, Diff: 0.1, Sum: 581.5]
      [Termination (ms): Min: 0.0, Avg: 0.0, Max: 0.0, Diff: 0.0, Sum: 0.1]
         [Termination Attempts: Min: 1, Avg: 63.3, Max: 80, Diff: 79, Sum: 506]
      [GC Worker Other (ms): Min: 0.0, Avg: 0.0, Max: 0.0, Diff: 0.0, Sum: 0.2]
      [GC Worker Total (ms): Min: 91.3, Avg: 91.4, Max: 91.5, Diff: 0.2, Sum: 731.0]
      [GC Worker End (ms): Min: 2620.4, Avg: 2620.4, Max: 2620.4, Diff: 0.0]
   [Code Root Fixup: 0.0 ms]
   [Code Root Purge: 0.0 ms]
   [Clear CT: 0.2 ms]
   [Other: 0.9 ms]
      [Choose CSet: 0.0 ms]
      [Ref Proc: 0.2 ms]
      [Ref Enq: 0.0 ms]
      [Redirty Cards: 0.2 ms]
      [Humongous Register: 0.1 ms]
      [Humongous Reclaim: 0.0 ms]
      [Free CSet: 0.2 ms]
   [Eden: 162.0M(158.0M)->0.0B(198.0M) Survivors: 22.0M->23.0M Heap: 952.0M(2048.0M)->953.0M(2048.0M)]
 [Times: user=0.69 sys=0.05, real=0.09 secs] 
2020-09-29T12:10:57.667+0200: 2.636: [GC pause (G1 Humongous Allocation) (young) (initial-mark), 0.0179941 secs]
   [Parallel Time: 17.1 ms, GC Workers: 8]
      [GC Worker Start (ms): Min: 2636.7, Avg: 2636.7, Max: 2636.8, Diff: 0.1]
      [Ext Root Scanning (ms): Min: 0.0, Avg: 0.2, Max: 0.4, Diff: 0.4, Sum: 1.3]
      [Update RS (ms): Min: 4.5, Avg: 4.7, Max: 5.0, Diff: 0.6, Sum: 38.0]
         [Processed Buffers: Min: 3, Avg: 5.9, Max: 7, Diff: 4, Sum: 47]
      [Scan RS (ms): Min: 1.0, Avg: 1.5, Max: 1.8, Diff: 0.8, Sum: 11.8]
      [Code Root Scanning (ms): Min: 0.0, Avg: 0.0, Max: 0.0, Diff: 0.0, Sum: 0.0]
      [Object Copy (ms): Min: 10.5, Avg: 10.6, Max: 10.6, Diff: 0.1, Sum: 84.5]
      [Termination (ms): Min: 0.0, Avg: 0.0, Max: 0.0, Diff: 0.0, Sum: 0.1]
         [Termination Attempts: Min: 1, Avg: 54.3, Max: 68, Diff: 67, Sum: 434]
      [GC Worker Other (ms): Min: 0.0, Avg: 0.0, Max: 0.0, Diff: 0.0, Sum: 0.1]
      [GC Worker Total (ms): Min: 16.9, Avg: 17.0, Max: 17.0, Diff: 0.2, Sum: 135.8]
      [GC Worker End (ms): Min: 2653.7, Avg: 2653.7, Max: 2653.7, Diff: 0.0]
   [Code Root Fixup: 0.0 ms]
   [Code Root Purge: 0.0 ms]
   [Clear CT: 0.2 ms]
   [Other: 0.7 ms]
      [Choose CSet: 0.0 ms]
      [Ref Proc: 0.1 ms]
      [Ref Enq: 0.0 ms]
      [Redirty Cards: 0.2 ms]
      [Humongous Register: 0.1 ms]
      [Humongous Reclaim: 0.0 ms]
      [Free CSet: 0.0 ms]
   [Eden: 3072.0K(198.0M)->0.0B(258.0M) Survivors: 23.0M->5120.0K Heap: 955.5M(2048.0M)->960.5M(2048.0M)]
 [Times: user=0.13 sys=0.00, real=0.02 secs] 
2020-09-29T12:10:57.685+0200: 2.655: [GC concurrent-root-region-scan-start]
2020-09-29T12:10:57.686+0200: 2.655: [GC concurrent-root-region-scan-end, 0.0007524 secs]
2020-09-29T12:10:57.686+0200: 2.655: [GC concurrent-mark-start]
2020-09-29T12:10:57.690+0200: 2.659: [GC concurrent-mark-end, 0.0035152 secs]
2020-09-29T12:10:57.690+0200: 2.659: [GC remark 2020-09-29T12:10:57.690+0200: 2.659: [Finalize Marking, 0.0002072 secs] 2020-09-29T12:10:57.690+0200: 2.660: [GC ref-proc, 0.0003754 secs] 2020-09-29T12:10:57.691+0200: 2.660: [Unloading, 0.0004296 secs], 0.0014695 secs]
 [Times: user=0.00 sys=0.00, real=0.00 secs] 
2020-09-29T12:10:57.692+0200: 2.661: [GC cleanup 969M->23M(2048M), 0.0014270 secs]
 [Times: user=0.00 sys=0.00, real=0.00 secs] 
2020-09-29T12:10:57.693+0200: 2.663: [GC concurrent-cleanup-start]
2020-09-29T12:10:57.695+0200: 2.664: [GC concurrent-cleanup-end, 0.0016074 secs]
2020-09-29T12:10:57.868+0200: 2.837: [GC pause (G1 Evacuation Pause) (young), 0.1381715 secs]
   [Parallel Time: 137.0 ms, GC Workers: 8]
      [GC Worker Start (ms): Min: 2837.2, Avg: 2837.3, Max: 2837.3, Diff: 0.2]
      [Ext Root Scanning (ms): Min: 0.0, Avg: 0.1, Max: 0.2, Diff: 0.2, Sum: 0.5]
      [Update RS (ms): Min: 3.1, Avg: 3.3, Max: 3.7, Diff: 0.6, Sum: 26.6]
         [Processed Buffers: Min: 2, Avg: 4.0, Max: 6, Diff: 4, Sum: 32]
      [Scan RS (ms): Min: 22.8, Avg: 23.1, Max: 23.3, Diff: 0.5, Sum: 184.9]
      [Code Root Scanning (ms): Min: 0.0, Avg: 0.0, Max: 0.0, Diff: 0.0, Sum: 0.0]
      [Object Copy (ms): Min: 110.2, Avg: 110.3, Max: 110.3, Diff: 0.1, Sum: 882.2]
      [Termination (ms): Min: 0.0, Avg: 0.0, Max: 0.0, Diff: 0.0, Sum: 0.2]
         [Termination Attempts: Min: 1, Avg: 151.4, Max: 186, Diff: 185, Sum: 1211]
      [GC Worker Other (ms): Min: 0.0, Avg: 0.0, Max: 0.1, Diff: 0.0, Sum: 0.4]
      [GC Worker Total (ms): Min: 136.7, Avg: 136.8, Max: 137.0, Diff: 0.2, Sum: 1094.8]
      [GC Worker End (ms): Min: 2974.1, Avg: 2974.1, Max: 2974.1, Diff: 0.0]
   [Code Root Fixup: 0.0 ms]
   [Code Root Purge: 0.0 ms]
   [Clear CT: 0.2 ms]
   [Other: 0.9 ms]
      [Choose CSet: 0.0 ms]
      [Ref Proc: 0.2 ms]
      [Ref Enq: 0.0 ms]
      [Redirty Cards: 0.2 ms]
      [Humongous Register: 0.0 ms]
      [Humongous Reclaim: 0.0 ms]
      [Free CSet: 0.2 ms]
   [Eden: 258.0M(258.0M)->0.0B(227.0M) Survivors: 5120.0K->33.0M Heap: 316.9M(2048.0M)->313.9M(2048.0M)]
 [Times: user=1.00 sys=0.09, real=0.14 secs] 
2020-09-29T12:10:58.159+0200: 3.129: [GC pause (G1 Evacuation Pause) (young), 0.1628125 secs]
   [Parallel Time: 161.7 ms, GC Workers: 8]
      [GC Worker Start (ms): Min: 3128.8, Avg: 3128.9, Max: 3129.3, Diff: 0.5]
      [Ext Root Scanning (ms): Min: 0.0, Avg: 0.1, Max: 0.2, Diff: 0.1, Sum: 0.7]
      [Update RS (ms): Min: 3.7, Avg: 4.0, Max: 4.2, Diff: 0.5, Sum: 32.4]
         [Processed Buffers: Min: 4, Avg: 5.3, Max: 9, Diff: 5, Sum: 42]
      [Scan RS (ms): Min: 24.2, Avg: 24.3, Max: 24.5, Diff: 0.3, Sum: 194.6]
      [Code Root Scanning (ms): Min: 0.0, Avg: 0.0, Max: 0.0, Diff: 0.0, Sum: 0.0]
      [Object Copy (ms): Min: 132.5, Avg: 132.7, Max: 133.0, Diff: 0.4, Sum: 1061.7]
      [Termination (ms): Min: 0.0, Avg: 0.2, Max: 0.3, Diff: 0.3, Sum: 1.9]
         [Termination Attempts: Min: 1, Avg: 1501.4, Max: 1803, Diff: 1802, Sum: 12011]
      [GC Worker Other (ms): Min: 0.0, Avg: 0.1, Max: 0.1, Diff: 0.1, Sum: 0.5]
      [GC Worker Total (ms): Min: 161.1, Avg: 161.5, Max: 161.6, Diff: 0.5, Sum: 1291.8]
      [GC Worker End (ms): Min: 3290.3, Avg: 3290.3, Max: 3290.4, Diff: 0.1]
   [Code Root Fixup: 0.0 ms]
   [Code Root Purge: 0.0 ms]
   [Clear CT: 0.1 ms]
   [Other: 1.0 ms]
      [Choose CSet: 0.0 ms]
      [Ref Proc: 0.2 ms]
      [Ref Enq: 0.0 ms]
      [Redirty Cards: 0.3 ms]
      [Humongous Register: 0.1 ms]
      [Humongous Reclaim: 0.0 ms]
      [Free CSet: 0.3 ms]
   [Eden: 227.0M(227.0M)->0.0B(216.0M) Survivors: 33.0M->33.0M Heap: 579.0M(2048.0M)->581.5M(2048.0M)]
 [Times: user=1.19 sys=0.08, real=0.16 secs] 
2020-09-29T12:10:58.464+0200: 3.433: [GC pause (G1 Evacuation Pause) (young), 0.1366940 secs]
   [Parallel Time: 135.7 ms, GC Workers: 8]
      [GC Worker Start (ms): Min: 3433.3, Avg: 3433.4, Max: 3433.5, Diff: 0.2]
      [Ext Root Scanning (ms): Min: 0.0, Avg: 0.1, Max: 0.1, Diff: 0.1, Sum: 0.5]
      [Update RS (ms): Min: 6.2, Avg: 6.6, Max: 7.3, Diff: 1.0, Sum: 53.1]
         [Processed Buffers: Min: 5, Avg: 7.8, Max: 11, Diff: 6, Sum: 62]
      [Scan RS (ms): Min: 20.4, Avg: 21.0, Max: 21.5, Diff: 1.1, Sum: 168.4]
      [Code Root Scanning (ms): Min: 0.0, Avg: 0.0, Max: 0.0, Diff: 0.0, Sum: 0.0]
      [Object Copy (ms): Min: 107.5, Avg: 107.6, Max: 107.7, Diff: 0.1, Sum: 860.8]
      [Termination (ms): Min: 0.0, Avg: 0.1, Max: 0.1, Diff: 0.1, Sum: 0.6]
         [Termination Attempts: Min: 1, Avg: 482.4, Max: 641, Diff: 640, Sum: 3859]
      [GC Worker Other (ms): Min: 0.0, Avg: 0.1, Max: 0.1, Diff: 0.0, Sum: 0.4]
      [GC Worker Total (ms): Min: 135.4, Avg: 135.5, Max: 135.6, Diff: 0.2, Sum: 1083.9]
      [GC Worker End (ms): Min: 3568.9, Avg: 3568.9, Max: 3568.9, Diff: 0.0]
   [Code Root Fixup: 0.0 ms]
   [Code Root Purge: 0.0 ms]
   [Clear CT: 0.1 ms]
   [Other: 0.9 ms]
      [Choose CSet: 0.0 ms]
      [Ref Proc: 0.2 ms]
      [Ref Enq: 0.0 ms]
      [Redirty Cards: 0.2 ms]
      [Humongous Register: 0.0 ms]
      [Humongous Reclaim: 0.0 ms]
      [Free CSet: 0.2 ms]
   [Eden: 216.0M(216.0M)->0.0B(225.0M) Survivors: 33.0M->32.0M Heap: 833.8M(2048.0M)->835.8M(2048.0M)]
 [Times: user=1.00 sys=0.08, real=0.14 secs] 
2020-09-29T12:10:58.765+0200: 3.734: [GC pause (G1 Evacuation Pause) (young), 0.1717146 secs]
   [Parallel Time: 170.5 ms, GC Workers: 8]
      [GC Worker Start (ms): Min: 3734.5, Avg: 3736.5, Max: 3750.0, Diff: 15.5]
      [Ext Root Scanning (ms): Min: 0.0, Avg: 0.1, Max: 0.1, Diff: 0.1, Sum: 0.7]
      [Update RS (ms): Min: 0.0, Avg: 5.5, Max: 7.1, Diff: 7.1, Sum: 44.2]
         [Processed Buffers: Min: 0, Avg: 5.9, Max: 8, Diff: 8, Sum: 47]
      [Scan RS (ms): Min: 13.3, Avg: 21.3, Max: 22.7, Diff: 9.4, Sum: 170.2]
      [Code Root Scanning (ms): Min: 0.0, Avg: 0.0, Max: 0.0, Diff: 0.0, Sum: 0.0]
      [Object Copy (ms): Min: 140.7, Avg: 140.8, Max: 141.0, Diff: 0.3, Sum: 1126.4]
      [Termination (ms): Min: 0.0, Avg: 0.2, Max: 0.3, Diff: 0.3, Sum: 1.8]
         [Termination Attempts: Min: 1, Avg: 1552.5, Max: 1956, Diff: 1955, Sum: 12420]
      [GC Worker Other (ms): Min: 0.0, Avg: 0.3, Max: 0.4, Diff: 0.4, Sum: 2.0]
      [GC Worker Total (ms): Min: 154.8, Avg: 168.2, Max: 170.3, Diff: 15.5, Sum: 1345.4]
      [GC Worker End (ms): Min: 3904.4, Avg: 3904.7, Max: 3904.9, Diff: 0.4]
   [Code Root Fixup: 0.0 ms]
   [Code Root Purge: 0.0 ms]
   [Clear CT: 0.2 ms]
   [Other: 1.0 ms]
      [Choose CSet: 0.0 ms]
      [Ref Proc: 0.2 ms]
      [Ref Enq: 0.0 ms]
      [Redirty Cards: 0.2 ms]
      [Humongous Register: 0.1 ms]
      [Humongous Reclaim: 0.0 ms]
      [Free CSet: 0.3 ms]
   [Eden: 225.0M(225.0M)->0.0B(217.0M) Survivors: 32.0M->33.0M Heap: 1097.0M(2048.0M)->1099.0M(2048.0M)]
 [Times: user=1.23 sys=0.09, real=0.17 secs] 
2020-09-29T12:10:58.956+0200: 3.926: [GC pause (G1 Humongous Allocation) (young) (initial-mark), 0.0307192 secs]
   [Parallel Time: 29.8 ms, GC Workers: 8]
      [GC Worker Start (ms): Min: 3926.0, Avg: 3926.0, Max: 3926.0, Diff: 0.1]
      [Ext Root Scanning (ms): Min: 0.1, Avg: 0.1, Max: 0.1, Diff: 0.1, Sum: 0.7]
      [Update RS (ms): Min: 9.7, Avg: 10.0, Max: 10.3, Diff: 0.6, Sum: 80.1]
         [Processed Buffers: Min: 12, Avg: 12.5, Max: 13, Diff: 1, Sum: 100]
      [Scan RS (ms): Min: 2.2, Avg: 2.4, Max: 2.7, Diff: 0.5, Sum: 19.1]
      [Code Root Scanning (ms): Min: 0.0, Avg: 0.0, Max: 0.0, Diff: 0.0, Sum: 0.0]
      [Object Copy (ms): Min: 17.1, Avg: 17.2, Max: 17.2, Diff: 0.1, Sum: 137.5]
      [Termination (ms): Min: 0.0, Avg: 0.0, Max: 0.0, Diff: 0.0, Sum: 0.0]
         [Termination Attempts: Min: 1, Avg: 17.5, Max: 24, Diff: 23, Sum: 140]
      [GC Worker Other (ms): Min: 0.0, Avg: 0.0, Max: 0.0, Diff: 0.0, Sum: 0.1]
      [GC Worker Total (ms): Min: 29.7, Avg: 29.7, Max: 29.7, Diff: 0.1, Sum: 237.5]
      [GC Worker End (ms): Min: 3955.7, Avg: 3955.7, Max: 3955.7, Diff: 0.0]
   [Code Root Fixup: 0.0 ms]
   [Code Root Purge: 0.0 ms]
   [Clear CT: 0.2 ms]
   [Other: 0.7 ms]
      [Choose CSet: 0.0 ms]
      [Ref Proc: 0.1 ms]
      [Ref Enq: 0.0 ms]
      [Redirty Cards: 0.1 ms]
      [Humongous Register: 0.1 ms]
      [Humongous Reclaim: 0.0 ms]
      [Free CSet: 0.1 ms]
   [Eden: 2048.0K(217.0M)->0.0B(274.0M) Survivors: 33.0M->4096.0K Heap: 1100.5M(2048.0M)->1104.5M(2048.0M)]
 [Times: user=0.22 sys=0.03, real=0.03 secs] 
2020-09-29T12:10:58.987+0200: 3.957: [GC concurrent-root-region-scan-start]
2020-09-29T12:10:58.990+0200: 3.959: [GC concurrent-root-region-scan-end, 0.0023450 secs]
2020-09-29T12:10:58.990+0200: 3.959: [GC concurrent-mark-start]
2020-09-29T12:10:58.995+0200: 3.964: [GC concurrent-mark-end, 0.0050987 secs]
2020-09-29T12:10:58.997+0200: 3.966: [GC remark 2020-09-29T12:10:58.997+0200: 3.966: [Finalize Marking, 0.0002443 secs] 2020-09-29T12:10:58.997+0200: 3.966: [GC ref-proc, 0.0004572 secs] 2020-09-29T12:10:58.998+0200: 3.967: [Unloading, 0.0005277 secs], 0.0016752 secs]
 [Times: user=0.00 sys=0.00, real=0.00 secs] 
2020-09-29T12:10:58.999+0200: 3.968: [GC cleanup 1120M->29M(2048M), 0.0018337 secs]
 [Times: user=0.00 sys=0.00, real=0.00 secs] 
2020-09-29T12:10:59.001+0200: 3.970: [GC concurrent-cleanup-start]
2020-09-29T12:10:59.003+0200: 3.972: [GC concurrent-cleanup-end, 0.0020122 secs]
2020-09-29T12:10:59.172+0200: 4.141: [GC pause (G1 Evacuation Pause) (young), 0.1493383 secs]
   [Parallel Time: 148.2 ms, GC Workers: 8]
      [GC Worker Start (ms): Min: 4141.1, Avg: 4141.1, Max: 4141.2, Diff: 0.1]
      [Ext Root Scanning (ms): Min: 0.0, Avg: 0.1, Max: 0.1, Diff: 0.1, Sum: 0.7]
      [Update RS (ms): Min: 6.6, Avg: 7.0, Max: 7.6, Diff: 1.0, Sum: 56.0]
         [Processed Buffers: Min: 6, Avg: 6.6, Max: 7, Diff: 1, Sum: 53]
      [Scan RS (ms): Min: 22.2, Avg: 22.8, Max: 23.2, Diff: 1.0, Sum: 182.6]
      [Code Root Scanning (ms): Min: 0.0, Avg: 0.0, Max: 0.0, Diff: 0.0, Sum: 0.0]
      [Object Copy (ms): Min: 118.0, Avg: 118.1, Max: 118.1, Diff: 0.1, Sum: 944.7]
      [Termination (ms): Min: 0.0, Avg: 0.0, Max: 0.0, Diff: 0.0, Sum: 0.1]
         [Termination Attempts: Min: 1, Avg: 40.9, Max: 64, Diff: 63, Sum: 327]
      [GC Worker Other (ms): Min: 0.0, Avg: 0.1, Max: 0.1, Diff: 0.1, Sum: 0.5]
      [GC Worker Total (ms): Min: 148.0, Avg: 148.1, Max: 148.1, Diff: 0.1, Sum: 1184.6]
      [GC Worker End (ms): Min: 4289.2, Avg: 4289.2, Max: 4289.3, Diff: 0.1]
   [Code Root Fixup: 0.0 ms]
   [Code Root Purge: 0.0 ms]
   [Clear CT: 0.2 ms]
   [Other: 0.9 ms]
      [Choose CSet: 0.0 ms]
      [Ref Proc: 0.2 ms]
      [Ref Enq: 0.0 ms]
      [Redirty Cards: 0.2 ms]
      [Humongous Register: 0.0 ms]
      [Humongous Reclaim: 0.0 ms]
      [Free CSet: 0.2 ms]
   [Eden: 274.0M(274.0M)->0.0B(250.0M) Survivors: 4096.0K->35.0M Heap: 333.8M(2048.0M)->331.3M(2048.0M)]
 [Times: user=1.14 sys=0.06, real=0.15 secs] 
2020-09-29T12:10:59.498+0200: 4.468: [GC pause (G1 Evacuation Pause) (young), 0.1890946 secs]
   [Parallel Time: 187.9 ms, GC Workers: 8]
      [GC Worker Start (ms): Min: 4467.8, Avg: 4467.9, Max: 4467.9, Diff: 0.2]
      [Ext Root Scanning (ms): Min: 0.0, Avg: 0.1, Max: 0.1, Diff: 0.1, Sum: 0.6]
      [Update RS (ms): Min: 8.0, Avg: 8.4, Max: 8.7, Diff: 0.7, Sum: 67.5]
         [Processed Buffers: Min: 7, Avg: 8.0, Max: 9, Diff: 2, Sum: 64]
      [Scan RS (ms): Min: 22.6, Avg: 23.1, Max: 24.0, Diff: 1.4, Sum: 184.7]
      [Code Root Scanning (ms): Min: 0.0, Avg: 0.0, Max: 0.0, Diff: 0.0, Sum: 0.0]
      [Object Copy (ms): Min: 155.5, Avg: 156.0, Max: 156.2, Diff: 0.8, Sum: 1247.9]
      [Termination (ms): Min: 0.0, Avg: 0.1, Max: 0.1, Diff: 0.1, Sum: 0.5]
         [Termination Attempts: Min: 1, Avg: 459.5, Max: 579, Diff: 578, Sum: 3676]
      [GC Worker Other (ms): Min: 0.0, Avg: 0.1, Max: 0.1, Diff: 0.1, Sum: 0.5]
      [GC Worker Total (ms): Min: 187.6, Avg: 187.7, Max: 187.8, Diff: 0.2, Sum: 1501.7]
      [GC Worker End (ms): Min: 4655.5, Avg: 4655.6, Max: 4655.6, Diff: 0.1]
   [Code Root Fixup: 0.0 ms]
   [Code Root Purge: 0.0 ms]
   [Clear CT: 0.2 ms]
   [Other: 1.0 ms]
      [Choose CSet: 0.0 ms]
      [Ref Proc: 0.1 ms]
      [Ref Enq: 0.0 ms]
      [Redirty Cards: 0.2 ms]
      [Humongous Register: 0.1 ms]
      [Humongous Reclaim: 0.0 ms]
      [Free CSet: 0.3 ms]
   [Eden: 250.0M(250.0M)->0.0B(230.0M) Survivors: 35.0M->36.0M Heap: 623.2M(2048.0M)->624.7M(2048.0M)]
 [Times: user=1.16 sys=0.06, real=0.19 secs] 
2020-09-29T12:10:59.886+0200: 4.855: [GC pause (G1 Evacuation Pause) (young), 0.2653959 secs]
   [Parallel Time: 264.0 ms, GC Workers: 8]
      [GC Worker Start (ms): Min: 4854.8, Avg: 4854.9, Max: 4854.9, Diff: 0.1]
      [Ext Root Scanning (ms): Min: 0.0, Avg: 0.1, Max: 0.2, Diff: 0.1, Sum: 0.9]
      [Update RS (ms): Min: 9.6, Avg: 10.0, Max: 10.9, Diff: 1.4, Sum: 79.8]
         [Processed Buffers: Min: 7, Avg: 7.6, Max: 9, Diff: 2, Sum: 61]
      [Scan RS (ms): Min: 31.7, Avg: 35.6, Max: 55.7, Diff: 24.0, Sum: 284.7]
      [Code Root Scanning (ms): Min: 0.0, Avg: 0.0, Max: 0.0, Diff: 0.0, Sum: 0.0]
      [Object Copy (ms): Min: 197.9, Avg: 217.8, Max: 221.0, Diff: 23.1, Sum: 1742.5]
      [Termination (ms): Min: 0.0, Avg: 0.3, Max: 0.4, Diff: 0.4, Sum: 2.3]
         [Termination Attempts: Min: 1, Avg: 1016.9, Max: 1273, Diff: 1272, Sum: 8135]
      [GC Worker Other (ms): Min: 0.0, Avg: 0.0, Max: 0.0, Diff: 0.0, Sum: 0.2]
      [GC Worker Total (ms): Min: 263.7, Avg: 263.8, Max: 263.9, Diff: 0.1, Sum: 2110.4]
      [GC Worker End (ms): Min: 5118.6, Avg: 5118.7, Max: 5118.7, Diff: 0.1]
   [Code Root Fixup: 0.0 ms]
   [Code Root Purge: 0.0 ms]
   [Clear CT: 0.3 ms]
   [Other: 1.1 ms]
      [Choose CSet: 0.0 ms]
      [Ref Proc: 0.2 ms]
      [Ref Enq: 0.0 ms]
      [Redirty Cards: 0.3 ms]
      [Humongous Register: 0.1 ms]
      [Humongous Reclaim: 0.0 ms]
      [Free CSet: 0.3 ms]
   [Eden: 230.0M(230.0M)->0.0B(162.0M) Survivors: 36.0M->34.0M Heap: 892.9M(2048.0M)->894.9M(2048.0M)]
 [Times: user=1.80 sys=0.08, real=0.27 secs] 
2020-09-29T12:11:00.312+0200: 5.281: [GC pause (G1 Evacuation Pause) (young), 0.1895067 secs]
   [Parallel Time: 188.3 ms, GC Workers: 8]
      [GC Worker Start (ms): Min: 5281.4, Avg: 5281.5, Max: 5281.6, Diff: 0.1]
      [Ext Root Scanning (ms): Min: 0.0, Avg: 0.1, Max: 0.2, Diff: 0.1, Sum: 0.8]
      [Update RS (ms): Min: 13.3, Avg: 14.1, Max: 18.6, Diff: 5.3, Sum: 113.0]
         [Processed Buffers: Min: 0, Avg: 10.5, Max: 14, Diff: 14, Sum: 84]
      [Scan RS (ms): Min: 18.1, Avg: 23.1, Max: 27.5, Diff: 9.4, Sum: 184.8]
      [Code Root Scanning (ms): Min: 0.0, Avg: 0.0, Max: 0.0, Diff: 0.0, Sum: 0.0]
      [Object Copy (ms): Min: 146.7, Avg: 150.6, Max: 151.3, Diff: 4.6, Sum: 1204.8]
      [Termination (ms): Min: 0.0, Avg: 0.0, Max: 0.0, Diff: 0.0, Sum: 0.3]
         [Termination Attempts: Min: 1, Avg: 154.1, Max: 205, Diff: 204, Sum: 1233]
      [GC Worker Other (ms): Min: 0.0, Avg: 0.0, Max: 0.1, Diff: 0.1, Sum: 0.3]
      [GC Worker Total (ms): Min: 187.9, Avg: 188.0, Max: 188.1, Diff: 0.1, Sum: 1504.2]
      [GC Worker End (ms): Min: 5469.5, Avg: 5469.5, Max: 5469.6, Diff: 0.1]
   [Code Root Fixup: 0.0 ms]
   [Code Root Purge: 0.0 ms]
   [Clear CT: 0.3 ms]
   [Other: 0.9 ms]
      [Choose CSet: 0.0 ms]
      [Ref Proc: 0.2 ms]
      [Ref Enq: 0.0 ms]
      [Redirty Cards: 0.3 ms]
      [Humongous Register: 0.1 ms]
      [Humongous Reclaim: 0.0 ms]
      [Free CSet: 0.2 ms]
   [Eden: 162.0M(162.0M)->0.0B(153.0M) Survivors: 34.0M->25.0M Heap: 1085.5M(2048.0M)->1088.0M(2048.0M)]
 [Times: user=1.27 sys=0.09, real=0.19 secs] 
2020-09-29T12:11:00.527+0200: 5.496: [GC pause (G1 Humongous Allocation) (young) (initial-mark), 0.0633616 secs]
   [Parallel Time: 61.9 ms, GC Workers: 8]
      [GC Worker Start (ms): Min: 5496.4, Avg: 5496.4, Max: 5496.6, Diff: 0.2]
      [Ext Root Scanning (ms): Min: 0.0, Avg: 2.5, Max: 19.2, Diff: 19.2, Sum: 20.4]
      [Update RS (ms): Min: 0.0, Avg: 14.4, Max: 16.8, Diff: 16.8, Sum: 114.9]
         [Processed Buffers: Min: 0, Avg: 12.5, Max: 15, Diff: 15, Sum: 100]
      [Scan RS (ms): Min: 0.4, Avg: 4.1, Max: 14.6, Diff: 14.3, Sum: 33.1]
      [Code Root Scanning (ms): Min: 0.0, Avg: 0.0, Max: 0.0, Diff: 0.0, Sum: 0.0]
      [Object Copy (ms): Min: 30.0, Avg: 40.4, Max: 42.1, Diff: 12.1, Sum: 323.4]
      [Termination (ms): Min: 0.0, Avg: 0.1, Max: 0.2, Diff: 0.2, Sum: 1.1]
         [Termination Attempts: Min: 1, Avg: 403.4, Max: 644, Diff: 643, Sum: 3227]
      [GC Worker Other (ms): Min: 0.0, Avg: 0.0, Max: 0.0, Diff: 0.0, Sum: 0.1]
      [GC Worker Total (ms): Min: 61.5, Avg: 61.6, Max: 61.7, Diff: 0.2, Sum: 493.0]
      [GC Worker End (ms): Min: 5558.0, Avg: 5558.0, Max: 5558.1, Diff: 0.0]
   [Code Root Fixup: 0.0 ms]
   [Code Root Purge: 0.0 ms]
   [Clear CT: 0.3 ms]
   [Other: 1.2 ms]
      [Choose CSet: 0.0 ms]
      [Ref Proc: 0.5 ms]
      [Ref Enq: 0.0 ms]
      [Redirty Cards: 0.2 ms]
      [Humongous Register: 0.1 ms]
      [Humongous Reclaim: 0.0 ms]
      [Free CSet: 0.1 ms]
   [Eden: 12.0M(153.0M)->0.0B(141.0M) Survivors: 25.0M->13.0M Heap: 1099.5M(2048.0M)->1102.5M(2048.0M)]
 [Times: user=0.42 sys=0.00, real=0.06 secs] 
2020-09-29T12:11:00.591+0200: 5.560: [GC concurrent-root-region-scan-start]
2020-09-29T12:11:00.597+0200: 5.566: [GC concurrent-root-region-scan-end, 0.0059362 secs]
2020-09-29T12:11:00.597+0200: 5.566: [GC concurrent-mark-start]
2020-09-29T12:11:00.602+0200: 5.571: [GC concurrent-mark-end, 0.0054151 secs]
2020-09-29T12:11:00.602+0200: 5.572: [GC remark 2020-09-29T12:11:00.602+0200: 5.572: [Finalize Marking, 0.0003341 secs] 2020-09-29T12:11:00.603+0200: 5.572: [GC ref-proc, 0.0005203 secs] 2020-09-29T12:11:00.603+0200: 5.573: [Unloading, 0.0004794 secs], 0.0017809 secs]
 [Times: user=0.00 sys=0.00, real=0.00 secs] 
2020-09-29T12:11:00.605+0200: 5.574: [GC cleanup 1120M->40M(2048M), 0.0017261 secs]
 [Times: user=0.00 sys=0.00, real=0.00 secs] 
2020-09-29T12:11:00.607+0200: 5.576: [GC concurrent-cleanup-start]
2020-09-29T12:11:00.609+0200: 5.578: [GC concurrent-cleanup-end, 0.0023317 secs]
2020-09-29T12:11:00.711+0200: 5.680: [GC pause (G1 Evacuation Pause) (young), 0.1606922 secs]
   [Parallel Time: 159.2 ms, GC Workers: 8]
      [GC Worker Start (ms): Min: 5680.5, Avg: 5683.5, Max: 5702.7, Diff: 22.2]
      [Ext Root Scanning (ms): Min: 0.0, Avg: 0.1, Max: 0.2, Diff: 0.2, Sum: 0.7]
      [Update RS (ms): Min: 0.0, Avg: 17.3, Max: 21.3, Diff: 21.3, Sum: 138.6]
         [Processed Buffers: Min: 0, Avg: 12.5, Max: 19, Diff: 19, Sum: 100]
      [Scan RS (ms): Min: 11.1, Avg: 13.7, Max: 19.1, Diff: 8.0, Sum: 109.3]
      [Code Root Scanning (ms): Min: 0.0, Avg: 0.0, Max: 0.0, Diff: 0.0, Sum: 0.0]
      [Object Copy (ms): Min: 120.1, Avg: 124.9, Max: 125.8, Diff: 5.7, Sum: 999.1]
      [Termination (ms): Min: 0.0, Avg: 0.0, Max: 0.0, Diff: 0.0, Sum: 0.1]
         [Termination Attempts: Min: 1, Avg: 24.5, Max: 41, Diff: 40, Sum: 196]
      [GC Worker Other (ms): Min: 0.0, Avg: 0.0, Max: 0.1, Diff: 0.1, Sum: 0.4]
      [GC Worker Total (ms): Min: 136.9, Avg: 156.0, Max: 159.1, Diff: 22.2, Sum: 1248.2]
      [GC Worker End (ms): Min: 5839.5, Avg: 5839.6, Max: 5839.6, Diff: 0.1]
   [Code Root Fixup: 0.0 ms]
   [Code Root Purge: 0.0 ms]
   [Clear CT: 0.3 ms]
   [Other: 1.2 ms]
      [Choose CSet: 0.0 ms]
      [Ref Proc: 0.4 ms]
      [Ref Enq: 0.0 ms]
      [Redirty Cards: 0.3 ms]
      [Humongous Register: 0.0 ms]
      [Humongous Reclaim: 0.0 ms]
      [Free CSet: 0.2 ms]
   [Eden: 141.0M(141.0M)->0.0B(133.0M) Survivors: 13.0M->20.0M Heap: 188.3M(2048.0M)->177.8M(2048.0M)]
 [Times: user=1.05 sys=0.00, real=0.16 secs] 
2020-09-29T12:11:00.976+0200: 5.945: [GC pause (G1 Evacuation Pause) (young), 0.1388103 secs]
   [Parallel Time: 137.4 ms, GC Workers: 8]
      [GC Worker Start (ms): Min: 5945.6, Avg: 5945.9, Max: 5946.2, Diff: 0.6]
      [Ext Root Scanning (ms): Min: 0.0, Avg: 0.1, Max: 0.2, Diff: 0.2, Sum: 0.7]
      [Update RS (ms): Min: 18.3, Avg: 18.9, Max: 19.9, Diff: 1.5, Sum: 151.5]
         [Processed Buffers: Min: 10, Avg: 12.5, Max: 14, Diff: 4, Sum: 100]
      [Scan RS (ms): Min: 10.9, Avg: 11.9, Max: 12.4, Diff: 1.5, Sum: 94.9]
      [Code Root Scanning (ms): Min: 0.0, Avg: 0.0, Max: 0.0, Diff: 0.0, Sum: 0.0]
      [Object Copy (ms): Min: 105.8, Avg: 106.0, Max: 106.1, Diff: 0.3, Sum: 847.9]
      [Termination (ms): Min: 0.1, Avg: 0.2, Max: 0.2, Diff: 0.2, Sum: 1.4]
         [Termination Attempts: Min: 1, Avg: 498.9, Max: 682, Diff: 681, Sum: 3991]
      [GC Worker Other (ms): Min: 0.0, Avg: 0.0, Max: 0.0, Diff: 0.0, Sum: 0.1]
      [GC Worker Total (ms): Min: 136.7, Avg: 137.1, Max: 137.3, Diff: 0.6, Sum: 1096.5]
      [GC Worker End (ms): Min: 6082.9, Avg: 6082.9, Max: 6082.9, Diff: 0.0]
   [Code Root Fixup: 0.0 ms]
   [Code Root Purge: 0.0 ms]
   [Clear CT: 0.2 ms]
   [Other: 1.2 ms]
      [Choose CSet: 0.0 ms]
      [Ref Proc: 0.3 ms]
      [Ref Enq: 0.0 ms]
      [Redirty Cards: 0.3 ms]
      [Humongous Register: 0.1 ms]
      [Humongous Reclaim: 0.0 ms]
      [Free CSet: 0.2 ms]
   [Eden: 133.0M(133.0M)->0.0B(144.0M) Survivors: 20.0M->20.0M Heap: 331.8M(2048.0M)->332.8M(2048.0M)]
 [Times: user=0.88 sys=0.09, real=0.14 secs] 
2020-09-29T12:11:01.249+0200: 6.219: [GC pause (G1 Evacuation Pause) (young), 0.1504876 secs]
   [Parallel Time: 148.8 ms, GC Workers: 8]
      [GC Worker Start (ms): Min: 6218.9, Avg: 6219.4, Max: 6220.6, Diff: 1.7]
      [Ext Root Scanning (ms): Min: 0.0, Avg: 0.1, Max: 0.2, Diff: 0.2, Sum: 0.7]
      [Update RS (ms): Min: 19.8, Avg: 20.9, Max: 22.2, Diff: 2.4, Sum: 167.5]
         [Processed Buffers: Min: 12, Avg: 14.5, Max: 18, Diff: 6, Sum: 116]
      [Scan RS (ms): Min: 12.0, Avg: 12.5, Max: 12.8, Diff: 0.8, Sum: 99.7]
      [Code Root Scanning (ms): Min: 0.0, Avg: 0.0, Max: 0.0, Diff: 0.0, Sum: 0.0]
      [Object Copy (ms): Min: 114.0, Avg: 114.6, Max: 114.8, Diff: 0.8, Sum: 916.7]
      [Termination (ms): Min: 0.0, Avg: 0.1, Max: 0.2, Diff: 0.2, Sum: 0.6]
         [Termination Attempts: Min: 1, Avg: 11.6, Max: 20, Diff: 19, Sum: 93]
      [GC Worker Other (ms): Min: 0.0, Avg: 0.0, Max: 0.0, Diff: 0.0, Sum: 0.1]
      [GC Worker Total (ms): Min: 146.9, Avg: 148.2, Max: 148.7, Diff: 1.8, Sum: 1185.3]
      [GC Worker End (ms): Min: 6367.6, Avg: 6367.6, Max: 6367.7, Diff: 0.1]
   [Code Root Fixup: 0.0 ms]
   [Code Root Purge: 0.0 ms]
   [Clear CT: 0.4 ms]
   [Other: 1.3 ms]
      [Choose CSet: 0.0 ms]
      [Ref Proc: 0.3 ms]
      [Ref Enq: 0.0 ms]
      [Redirty Cards: 0.4 ms]
      [Humongous Register: 0.1 ms]
      [Humongous Reclaim: 0.0 ms]
      [Free CSet: 0.2 ms]
   [Eden: 144.0M(144.0M)->0.0B(152.0M) Survivors: 20.0M->21.0M Heap: 501.6M(2048.0M)->503.6M(2048.0M)]
 [Times: user=1.08 sys=0.02, real=0.15 secs] 
2020-09-29T12:11:01.560+0200: 6.530: [GC pause (G1 Evacuation Pause) (young), 0.1394228 secs]
   [Parallel Time: 138.1 ms, GC Workers: 8]
      [GC Worker Start (ms): Min: 6529.7, Avg: 6529.8, Max: 6529.8, Diff: 0.1]
      [Ext Root Scanning (ms): Min: 0.1, Avg: 0.1, Max: 0.2, Diff: 0.1, Sum: 0.9]
      [Update RS (ms): Min: 18.7, Avg: 19.0, Max: 19.1, Diff: 0.4, Sum: 151.6]
         [Processed Buffers: Min: 13, Avg: 13.5, Max: 15, Diff: 2, Sum: 108]
      [Scan RS (ms): Min: 14.0, Avg: 14.3, Max: 14.4, Diff: 0.4, Sum: 114.2]
      [Code Root Scanning (ms): Min: 0.0, Avg: 0.0, Max: 0.0, Diff: 0.0, Sum: 0.0]
      [Object Copy (ms): Min: 104.3, Avg: 104.5, Max: 104.6, Diff: 0.4, Sum: 836.0]
      [Termination (ms): Min: 0.0, Avg: 0.0, Max: 0.0, Diff: 0.0, Sum: 0.0]
         [Termination Attempts: Min: 1, Avg: 11.9, Max: 18, Diff: 17, Sum: 95]
      [GC Worker Other (ms): Min: 0.0, Avg: 0.0, Max: 0.0, Diff: 0.0, Sum: 0.2]
      [GC Worker Total (ms): Min: 137.8, Avg: 137.9, Max: 137.9, Diff: 0.1, Sum: 1103.0]
      [GC Worker End (ms): Min: 6667.6, Avg: 6667.6, Max: 6667.7, Diff: 0.0]
   [Code Root Fixup: 0.0 ms]
   [Code Root Purge: 0.0 ms]
   [Clear CT: 0.3 ms]
   [Other: 1.0 ms]
      [Choose CSet: 0.0 ms]
      [Ref Proc: 0.2 ms]
      [Ref Enq: 0.0 ms]
      [Redirty Cards: 0.3 ms]
      [Humongous Register: 0.1 ms]
      [Humongous Reclaim: 0.0 ms]
      [Free CSet: 0.2 ms]
   [Eden: 152.0M(152.0M)->0.0B(166.0M) Survivors: 21.0M->22.0M Heap: 680.4M(2048.0M)->681.9M(2048.0M)]
 [Times: user=1.02 sys=0.05, real=0.14 secs] 
2020-09-29T12:11:01.836+0200: 6.805: [GC pause (G1 Evacuation Pause) (young), 0.1891895 secs]
   [Parallel Time: 186.4 ms, GC Workers: 8]
      [GC Worker Start (ms): Min: 6805.1, Avg: 6809.1, Max: 6836.7, Diff: 31.6]
      [Ext Root Scanning (ms): Min: 0.0, Avg: 0.1, Max: 0.2, Diff: 0.2, Sum: 0.7]
      [Update RS (ms): Min: 0.0, Avg: 20.6, Max: 24.4, Diff: 24.4, Sum: 164.6]
         [Processed Buffers: Min: 0, Avg: 14.3, Max: 20, Diff: 20, Sum: 114]
      [Scan RS (ms): Min: 9.8, Avg: 16.9, Max: 19.4, Diff: 9.6, Sum: 134.8]
      [Code Root Scanning (ms): Min: 0.0, Avg: 0.0, Max: 0.0, Diff: 0.0, Sum: 0.0]
      [Object Copy (ms): Min: 143.3, Avg: 144.6, Max: 144.9, Diff: 1.6, Sum: 1157.2]
      [Termination (ms): Min: 0.0, Avg: 0.1, Max: 0.1, Diff: 0.1, Sum: 0.5]
         [Termination Attempts: Min: 1, Avg: 295.5, Max: 375, Diff: 374, Sum: 2364]
      [GC Worker Other (ms): Min: 0.0, Avg: 0.0, Max: 0.1, Diff: 0.0, Sum: 0.3]
      [GC Worker Total (ms): Min: 154.7, Avg: 182.3, Max: 186.3, Diff: 31.6, Sum: 1458.1]
      [GC Worker End (ms): Min: 6991.4, Avg: 6991.4, Max: 6991.4, Diff: 0.0]
   [Code Root Fixup: 0.0 ms]
   [Code Root Purge: 0.0 ms]
   [Clear CT: 0.7 ms]
   [Other: 2.0 ms]
      [Choose CSet: 0.0 ms]
      [Ref Proc: 0.4 ms]
      [Ref Enq: 0.0 ms]
      [Redirty Cards: 1.1 ms]
      [Humongous Register: 0.1 ms]
      [Humongous Reclaim: 0.0 ms]
      [Free CSet: 0.2 ms]
   [Eden: 166.0M(166.0M)->0.0B(160.0M) Survivors: 22.0M->24.0M Heap: 876.5M(2048.0M)->878.0M(2048.0M)]
 [Times: user=1.34 sys=0.03, real=0.19 secs] 
2020-09-29T12:11:02.155+0200: 7.125: [GC pause (G1 Evacuation Pause) (young), 0.2103195 secs]
   [Parallel Time: 209.1 ms, GC Workers: 8]
      [GC Worker Start (ms): Min: 7124.8, Avg: 7126.4, Max: 7135.7, Diff: 10.9]
      [Ext Root Scanning (ms): Min: 0.0, Avg: 0.1, Max: 0.2, Diff: 0.2, Sum: 0.7]
      [Update RS (ms): Min: 8.1, Avg: 19.2, Max: 31.4, Diff: 23.3, Sum: 153.8]
         [Processed Buffers: Min: 7, Avg: 12.9, Max: 17, Diff: 10, Sum: 103]
      [Scan RS (ms): Min: 5.6, Avg: 20.5, Max: 33.6, Diff: 28.0, Sum: 163.6]
      [Code Root Scanning (ms): Min: 0.0, Avg: 0.0, Max: 0.0, Diff: 0.0, Sum: 0.0]
      [Object Copy (ms): Min: 155.4, Avg: 166.8, Max: 169.9, Diff: 14.5, Sum: 1334.1]
      [Termination (ms): Min: 0.0, Avg: 0.8, Max: 1.0, Diff: 1.0, Sum: 6.1]
         [Termination Attempts: Min: 1, Avg: 2995.1, Max: 3763, Diff: 3762, Sum: 23961]
      [GC Worker Other (ms): Min: 0.0, Avg: 0.0, Max: 0.1, Diff: 0.1, Sum: 0.3]
      [GC Worker Total (ms): Min: 198.1, Avg: 207.3, Max: 209.0, Diff: 10.9, Sum: 1658.7]
      [GC Worker End (ms): Min: 7333.8, Avg: 7333.8, Max: 7333.8, Diff: 0.0]
   [Code Root Fixup: 0.0 ms]
   [Code Root Purge: 0.0 ms]
   [Clear CT: 0.2 ms]
   [Other: 1.0 ms]
      [Choose CSet: 0.0 ms]
      [Ref Proc: 0.2 ms]
      [Ref Enq: 0.0 ms]
      [Redirty Cards: 0.2 ms]
      [Humongous Register: 0.1 ms]
      [Humongous Reclaim: 0.0 ms]
      [Free CSet: 0.2 ms]
   [Eden: 160.0M(160.0M)->0.0B(147.0M) Survivors: 24.0M->23.0M Heap: 1064.7M(2048.0M)->1066.7M(2048.0M)]
 [Times: user=1.55 sys=0.01, real=0.21 secs] 
2020-09-29T12:11:02.372+0200: 7.341: [GC pause (G1 Humongous Allocation) (young) (initial-mark), 0.0570246 secs]
   [Parallel Time: 55.8 ms, GC Workers: 8]
      [GC Worker Start (ms): Min: 7341.7, Avg: 7341.7, Max: 7341.9, Diff: 0.2]
      [Ext Root Scanning (ms): Min: 0.0, Avg: 0.9, Max: 5.4, Diff: 5.4, Sum: 6.9]
      [Update RS (ms): Min: 27.6, Avg: 32.3, Max: 33.6, Diff: 6.0, Sum: 258.6]
         [Processed Buffers: Min: 23, Avg: 27.9, Max: 30, Diff: 7, Sum: 223]
      [Scan RS (ms): Min: 1.4, Avg: 1.9, Max: 2.4, Diff: 1.0, Sum: 15.2]
      [Code Root Scanning (ms): Min: 0.0, Avg: 0.0, Max: 0.0, Diff: 0.0, Sum: 0.0]
      [Object Copy (ms): Min: 20.5, Avg: 20.6, Max: 20.6, Diff: 0.1, Sum: 164.5]
      [Termination (ms): Min: 0.0, Avg: 0.0, Max: 0.0, Diff: 0.0, Sum: 0.0]
         [Termination Attempts: Min: 1, Avg: 14.3, Max: 20, Diff: 19, Sum: 114]
      [GC Worker Other (ms): Min: 0.0, Avg: 0.0, Max: 0.0, Diff: 0.0, Sum: 0.2]
      [GC Worker Total (ms): Min: 55.5, Avg: 55.7, Max: 55.8, Diff: 0.2, Sum: 445.3]
      [GC Worker End (ms): Min: 7397.4, Avg: 7397.4, Max: 7397.4, Diff: 0.0]
   [Code Root Fixup: 0.0 ms]
   [Code Root Purge: 0.0 ms]
   [Clear CT: 0.3 ms]
   [Other: 0.9 ms]
      [Choose CSet: 0.0 ms]
      [Ref Proc: 0.2 ms]
      [Ref Enq: 0.0 ms]
      [Redirty Cards: 0.3 ms]
      [Humongous Register: 0.1 ms]
      [Humongous Reclaim: 0.0 ms]
      [Free CSet: 0.1 ms]
   [Eden: 9216.0K(147.0M)->0.0B(172.0M) Survivors: 23.0M->11.0M Heap: 1075.2M(2048.0M)->1079.2M(2048.0M)]
 [Times: user=0.50 sys=0.00, real=0.06 secs] 
2020-09-29T12:11:02.429+0200: 7.399: [GC concurrent-root-region-scan-start]
2020-09-29T12:11:02.434+0200: 7.403: [GC concurrent-root-region-scan-end, 0.0045662 secs]
2020-09-29T12:11:02.434+0200: 7.403: [GC concurrent-mark-start]
2020-09-29T12:11:02.438+0200: 7.407: [GC concurrent-mark-end, 0.0042069 secs]
2020-09-29T12:11:02.439+0200: 7.408: [GC remark 2020-09-29T12:11:02.439+0200: 7.408: [Finalize Marking, 0.0003080 secs] 2020-09-29T12:11:02.439+0200: 7.408: [GC ref-proc, 0.0005124 secs] 2020-09-29T12:11:02.440+0200: 7.409: [Unloading, 0.0006236 secs], 0.0018621 secs]
 [Times: user=0.00 sys=0.00, real=0.00 secs] 
2020-09-29T12:11:02.441+0200: 7.410: [GC cleanup 1092M->33M(2048M), 0.0017317 secs]
 [Times: user=0.08 sys=0.00, real=0.00 secs] 
2020-09-29T12:11:02.443+0200: 7.412: [GC concurrent-cleanup-start]
2020-09-29T12:11:02.446+0200: 7.415: [GC concurrent-cleanup-end, 0.0033409 secs]
2020-09-29T12:11:02.573+0200: 7.542: [GC pause (G1 Evacuation Pause) (young), 0.1807657 secs]
   [Parallel Time: 179.0 ms, GC Workers: 8]
      [GC Worker Start (ms): Min: 7542.6, Avg: 7546.7, Max: 7574.7, Diff: 32.1]
      [Ext Root Scanning (ms): Min: 0.0, Avg: 0.1, Max: 0.2, Diff: 0.2, Sum: 0.8]
      [Update RS (ms): Min: 0.0, Avg: 15.8, Max: 19.8, Diff: 19.8, Sum: 126.1]
         [Processed Buffers: Min: 0, Avg: 12.4, Max: 16, Diff: 16, Sum: 99]
      [Scan RS (ms): Min: 3.7, Avg: 16.0, Max: 19.4, Diff: 15.7, Sum: 128.0]
      [Code Root Scanning (ms): Min: 0.0, Avg: 0.0, Max: 0.0, Diff: 0.0, Sum: 0.0]
      [Object Copy (ms): Min: 141.5, Avg: 142.7, Max: 143.0, Diff: 1.5, Sum: 1141.6]
      [Termination (ms): Min: 0.0, Avg: 0.2, Max: 0.2, Diff: 0.2, Sum: 1.2]
         [Termination Attempts: Min: 1, Avg: 432.0, Max: 601, Diff: 600, Sum: 3456]
      [GC Worker Other (ms): Min: 0.0, Avg: 0.0, Max: 0.0, Diff: 0.0, Sum: 0.1]
      [GC Worker Total (ms): Min: 146.7, Avg: 174.7, Max: 178.8, Diff: 32.1, Sum: 1397.9]
      [GC Worker End (ms): Min: 7721.4, Avg: 7721.4, Max: 7721.4, Diff: 0.0]
   [Code Root Fixup: 0.0 ms]
   [Code Root Purge: 0.0 ms]
   [Clear CT: 0.5 ms]
   [Other: 1.3 ms]
      [Choose CSet: 0.0 ms]
      [Ref Proc: 0.3 ms]
      [Ref Enq: 0.0 ms]
      [Redirty Cards: 0.4 ms]
      [Humongous Register: 0.0 ms]
      [Humongous Reclaim: 0.0 ms]
      [Free CSet: 0.2 ms]
   [Eden: 172.0M(172.0M)->0.0B(154.0M) Survivors: 11.0M->23.0M Heap: 223.0M(2048.0M)->214.0M(2048.0M)]
 [Times: user=1.20 sys=0.02, real=0.18 secs] 
2020-09-29T12:11:02.875+0200: 7.844: [GC pause (G1 Evacuation Pause) (young), 0.1534732 secs]
   [Parallel Time: 151.1 ms, GC Workers: 8]
      [GC Worker Start (ms): Min: 7844.3, Avg: 7844.4, Max: 7844.5, Diff: 0.2]
      [Ext Root Scanning (ms): Min: 0.0, Avg: 0.1, Max: 0.2, Diff: 0.2, Sum: 0.6]
      [Update RS (ms): Min: 16.2, Avg: 16.5, Max: 17.4, Diff: 1.2, Sum: 132.1]
         [Processed Buffers: Min: 11, Avg: 12.4, Max: 14, Diff: 3, Sum: 99]
      [Scan RS (ms): Min: 15.8, Avg: 16.7, Max: 17.3, Diff: 1.5, Sum: 133.8]
      [Code Root Scanning (ms): Min: 0.0, Avg: 0.0, Max: 0.0, Diff: 0.0, Sum: 0.0]
      [Object Copy (ms): Min: 117.2, Avg: 117.5, Max: 117.6, Diff: 0.3, Sum: 939.9]
      [Termination (ms): Min: 0.0, Avg: 0.0, Max: 0.0, Diff: 0.0, Sum: 0.3]
         [Termination Attempts: Min: 1, Avg: 144.8, Max: 178, Diff: 177, Sum: 1158]
      [GC Worker Other (ms): Min: 0.0, Avg: 0.0, Max: 0.1, Diff: 0.1, Sum: 0.3]
      [GC Worker Total (ms): Min: 150.8, Avg: 150.9, Max: 151.0, Diff: 0.2, Sum: 1207.0]
      [GC Worker End (ms): Min: 7995.3, Avg: 7995.3, Max: 7995.3, Diff: 0.1]
   [Code Root Fixup: 0.0 ms]
   [Code Root Purge: 0.0 ms]
   [Clear CT: 0.5 ms]
   [Other: 1.8 ms]
      [Choose CSet: 0.0 ms]
      [Ref Proc: 0.3 ms]
      [Ref Enq: 0.0 ms]
      [Redirty Cards: 1.0 ms]
      [Humongous Register: 0.0 ms]
      [Humongous Reclaim: 0.0 ms]
      [Free CSet: 0.2 ms]
   [Eden: 154.0M(154.0M)->0.0B(160.0M) Survivors: 23.0M->23.0M Heap: 392.8M(2048.0M)->394.8M(2048.0M)]
 [Times: user=1.20 sys=0.01, real=0.15 secs] 
2020-09-29T12:11:03.165+0200: 8.134: [GC pause (G1 Evacuation Pause) (young), 0.1507967 secs]
   [Parallel Time: 149.4 ms, GC Workers: 8]
      [GC Worker Start (ms): Min: 8134.6, Avg: 8135.0, Max: 8137.0, Diff: 2.4]
      [Ext Root Scanning (ms): Min: 0.0, Avg: 0.1, Max: 0.2, Diff: 0.2, Sum: 0.9]
      [Update RS (ms): Min: 17.3, Avg: 19.6, Max: 20.6, Diff: 3.3, Sum: 156.9]
         [Processed Buffers: Min: 12, Avg: 14.6, Max: 17, Diff: 5, Sum: 117]
      [Scan RS (ms): Min: 14.7, Avg: 15.6, Max: 16.2, Diff: 1.5, Sum: 125.0]
      [Code Root Scanning (ms): Min: 0.0, Avg: 0.0, Max: 0.0, Diff: 0.0, Sum: 0.0]
      [Object Copy (ms): Min: 113.3, Avg: 113.5, Max: 113.8, Diff: 0.5, Sum: 908.2]
      [Termination (ms): Min: 0.0, Avg: 0.0, Max: 0.0, Diff: 0.0, Sum: 0.3]
         [Termination Attempts: Min: 1, Avg: 4.3, Max: 11, Diff: 10, Sum: 34]
      [GC Worker Other (ms): Min: 0.0, Avg: 0.0, Max: 0.0, Diff: 0.0, Sum: 0.2]
      [GC Worker Total (ms): Min: 146.8, Avg: 148.9, Max: 149.3, Diff: 2.4, Sum: 1191.4]
      [GC Worker End (ms): Min: 8283.9, Avg: 8283.9, Max: 8283.9, Diff: 0.0]
   [Code Root Fixup: 0.0 ms]
   [Code Root Purge: 0.0 ms]
   [Clear CT: 0.3 ms]
   [Other: 1.2 ms]
      [Choose CSet: 0.0 ms]
      [Ref Proc: 0.3 ms]
      [Ref Enq: 0.0 ms]
      [Redirty Cards: 0.3 ms]
      [Humongous Register: 0.1 ms]
      [Humongous Reclaim: 0.0 ms]
      [Free CSet: 0.2 ms]
   [Eden: 160.0M(160.0M)->0.0B(169.0M) Survivors: 23.0M->23.0M Heap: 581.5M(2048.0M)->583.5M(2048.0M)]
 [Times: user=1.06 sys=0.05, real=0.15 secs] 
2020-09-29T12:11:03.477+0200: 8.447: [GC pause (G1 Evacuation Pause) (young), 0.1632871 secs]
   [Parallel Time: 161.7 ms, GC Workers: 8]
      [GC Worker Start (ms): Min: 8446.8, Avg: 8447.9, Max: 8450.9, Diff: 4.1]
      [Ext Root Scanning (ms): Min: 0.0, Avg: 0.1, Max: 0.2, Diff: 0.2, Sum: 0.8]
      [Update RS (ms): Min: 19.7, Avg: 22.9, Max: 24.5, Diff: 4.8, Sum: 182.8]
         [Processed Buffers: Min: 14, Avg: 17.0, Max: 20, Diff: 6, Sum: 136]
      [Scan RS (ms): Min: 13.9, Avg: 14.6, Max: 14.9, Diff: 1.0, Sum: 116.4]
      [Code Root Scanning (ms): Min: 0.0, Avg: 0.0, Max: 0.0, Diff: 0.0, Sum: 0.0]
      [Object Copy (ms): Min: 122.6, Avg: 122.7, Max: 122.8, Diff: 0.2, Sum: 981.7]
      [Termination (ms): Min: 0.0, Avg: 0.1, Max: 0.1, Diff: 0.1, Sum: 0.5]
         [Termination Attempts: Min: 1, Avg: 307.3, Max: 387, Diff: 386, Sum: 2458]
      [GC Worker Other (ms): Min: 0.0, Avg: 0.0, Max: 0.1, Diff: 0.1, Sum: 0.4]
      [GC Worker Total (ms): Min: 157.3, Avg: 160.3, Max: 161.4, Diff: 4.1, Sum: 1282.7]
      [GC Worker End (ms): Min: 8608.2, Avg: 8608.2, Max: 8608.3, Diff: 0.1]
   [Code Root Fixup: 0.0 ms]
   [Code Root Purge: 0.0 ms]
   [Clear CT: 0.4 ms]
   [Other: 1.2 ms]
      [Choose CSet: 0.0 ms]
      [Ref Proc: 0.4 ms]
      [Ref Enq: 0.0 ms]
      [Redirty Cards: 0.3 ms]
      [Humongous Register: 0.1 ms]
      [Humongous Reclaim: 0.0 ms]
      [Free CSet: 0.2 ms]
   [Eden: 169.0M(169.0M)->0.0B(175.0M) Survivors: 23.0M->24.0M Heap: 781.1M(2048.0M)->783.1M(2048.0M)]
 [Times: user=1.19 sys=0.03, real=0.16 secs] 
2020-09-29T12:11:03.814+0200: 8.784: [GC pause (G1 Evacuation Pause) (young), 0.2101183 secs]
   [Parallel Time: 208.9 ms, GC Workers: 8]
      [GC Worker Start (ms): Min: 8784.1, Avg: 8784.2, Max: 8784.3, Diff: 0.2]
      [Ext Root Scanning (ms): Min: 0.0, Avg: 0.1, Max: 0.2, Diff: 0.2, Sum: 0.6]
      [Update RS (ms): Min: 19.8, Avg: 21.7, Max: 33.1, Diff: 13.3, Sum: 173.9]
         [Processed Buffers: Min: 14, Avg: 14.9, Max: 17, Diff: 3, Sum: 119]
      [Scan RS (ms): Min: 5.6, Avg: 17.9, Max: 26.0, Diff: 20.4, Sum: 143.3]
      [Code Root Scanning (ms): Min: 0.0, Avg: 0.0, Max: 0.0, Diff: 0.0, Sum: 0.0]
      [Object Copy (ms): Min: 162.2, Avg: 168.5, Max: 169.8, Diff: 7.5, Sum: 1348.2]
      [Termination (ms): Min: 0.1, Avg: 0.4, Max: 0.5, Diff: 0.5, Sum: 3.0]
         [Termination Attempts: Min: 1, Avg: 1616.3, Max: 2066, Diff: 2065, Sum: 12930]
      [GC Worker Other (ms): Min: 0.0, Avg: 0.0, Max: 0.0, Diff: 0.0, Sum: 0.1]
      [GC Worker Total (ms): Min: 208.5, Avg: 208.6, Max: 208.7, Diff: 0.2, Sum: 1669.1]
      [GC Worker End (ms): Min: 8992.8, Avg: 8992.8, Max: 8992.8, Diff: 0.0]
   [Code Root Fixup: 0.0 ms]
   [Code Root Purge: 0.0 ms]
   [Clear CT: 0.2 ms]
   [Other: 1.0 ms]
      [Choose CSet: 0.0 ms]
      [Ref Proc: 0.2 ms]
      [Ref Enq: 0.0 ms]
      [Redirty Cards: 0.3 ms]
      [Humongous Register: 0.1 ms]
      [Humongous Reclaim: 0.0 ms]
      [Free CSet: 0.2 ms]
   [Eden: 175.0M(175.0M)->0.0B(158.0M) Survivors: 24.0M->25.0M Heap: 986.7M(2048.0M)->988.7M(2048.0M)]
 [Times: user=1.51 sys=0.05, real=0.21 secs] 
2020-09-29T12:11:04.047+0200: 9.016: [GC pause (G1 Humongous Allocation) (young) (initial-mark), 0.0395606 secs]
   [Parallel Time: 38.2 ms, GC Workers: 8]
      [GC Worker Start (ms): Min: 9016.6, Avg: 9016.8, Max: 9016.9, Diff: 0.3]
      [Ext Root Scanning (ms): Min: 0.0, Avg: 0.5, Max: 0.7, Diff: 0.6, Sum: 3.6]
      [Update RS (ms): Min: 16.6, Avg: 16.9, Max: 17.3, Diff: 0.7, Sum: 135.4]
         [Processed Buffers: Min: 13, Avg: 15.0, Max: 17, Diff: 4, Sum: 120]
      [Scan RS (ms): Min: 2.1, Avg: 2.2, Max: 2.4, Diff: 0.2, Sum: 18.0]
      [Code Root Scanning (ms): Min: 0.0, Avg: 0.0, Max: 0.0, Diff: 0.0, Sum: 0.0]
      [Object Copy (ms): Min: 18.1, Avg: 18.2, Max: 18.3, Diff: 0.2, Sum: 145.4]
      [Termination (ms): Min: 0.0, Avg: 0.0, Max: 0.0, Diff: 0.0, Sum: 0.1]
         [Termination Attempts: Min: 1, Avg: 26.6, Max: 38, Diff: 37, Sum: 213]
      [GC Worker Other (ms): Min: 0.0, Avg: 0.0, Max: 0.0, Diff: 0.0, Sum: 0.2]
      [GC Worker Total (ms): Min: 37.7, Avg: 37.8, Max: 38.0, Diff: 0.3, Sum: 302.6]
      [GC Worker End (ms): Min: 9054.6, Avg: 9054.6, Max: 9054.6, Diff: 0.0]
   [Code Root Fixup: 0.0 ms]
   [Code Root Purge: 0.0 ms]
   [Clear CT: 0.3 ms]
   [Other: 1.1 ms]
      [Choose CSet: 0.0 ms]
      [Ref Proc: 0.3 ms]
      [Ref Enq: 0.0 ms]
      [Redirty Cards: 0.3 ms]
      [Humongous Register: 0.1 ms]
      [Humongous Reclaim: 0.0 ms]
      [Free CSet: 0.1 ms]
   [Eden: 6144.0K(158.0M)->0.0B(201.0M) Survivors: 25.0M->8192.0K Heap: 994.2M(2048.0M)->998.7M(2048.0M)]
 [Times: user=0.36 sys=0.02, real=0.04 secs] 
2020-09-29T12:11:04.086+0200: 9.056: [GC concurrent-root-region-scan-start]
2020-09-29T12:11:04.089+0200: 9.059: [GC concurrent-root-region-scan-end, 0.0030323 secs]
2020-09-29T12:11:04.089+0200: 9.059: [GC concurrent-mark-start]
2020-09-29T12:11:04.094+0200: 9.064: [GC concurrent-mark-end, 0.0050314 secs]
2020-09-29T12:11:04.095+0200: 9.065: [GC remark 2020-09-29T12:11:04.095+0200: 9.065: [Finalize Marking, 0.0002827 secs] 2020-09-29T12:11:04.095+0200: 9.065: [GC ref-proc, 0.0005348 secs] 2020-09-29T12:11:04.096+0200: 9.066: [Unloading, 0.0005897 secs], 0.0018035 secs]
 [Times: user=0.00 sys=0.00, real=0.00 secs] 
2020-09-29T12:11:04.097+0200: 9.067: [GC cleanup 1011M->30M(2048M), 0.0017447 secs]
 [Times: user=0.09 sys=0.00, real=0.00 secs] 
2020-09-29T12:11:04.099+0200: 9.069: [GC concurrent-cleanup-start]
2020-09-29T12:11:04.102+0200: 9.072: [GC concurrent-cleanup-end, 0.0032521 secs]
2020-09-29T12:11:04.253+0200: 9.222: [GC pause (G1 Evacuation Pause) (young), 0.1914439 secs]
   [Parallel Time: 190.1 ms, GC Workers: 8]
      [GC Worker Start (ms): Min: 9222.5, Avg: 9222.6, Max: 9222.7, Diff: 0.1]
      [Ext Root Scanning (ms): Min: 0.0, Avg: 0.1, Max: 0.2, Diff: 0.1, Sum: 0.8]
      [Update RS (ms): Min: 19.5, Avg: 21.3, Max: 31.6, Diff: 12.1, Sum: 170.6]
         [Processed Buffers: Min: 0, Avg: 13.0, Max: 17, Diff: 17, Sum: 104]
      [Scan RS (ms): Min: 8.5, Avg: 18.7, Max: 20.6, Diff: 12.1, Sum: 149.4]
      [Code Root Scanning (ms): Min: 0.0, Avg: 0.0, Max: 0.0, Diff: 0.0, Sum: 0.0]
      [Object Copy (ms): Min: 149.4, Avg: 149.6, Max: 149.7, Diff: 0.3, Sum: 1196.6]
      [Termination (ms): Min: 0.0, Avg: 0.2, Max: 0.3, Diff: 0.3, Sum: 1.6]
         [Termination Attempts: Min: 1, Avg: 880.8, Max: 1160, Diff: 1159, Sum: 7046]
      [GC Worker Other (ms): Min: 0.0, Avg: 0.0, Max: 0.1, Diff: 0.1, Sum: 0.3]
      [GC Worker Total (ms): Min: 189.8, Avg: 189.9, Max: 190.0, Diff: 0.1, Sum: 1519.3]
      [GC Worker End (ms): Min: 9412.5, Avg: 9412.5, Max: 9412.5, Diff: 0.1]
   [Code Root Fixup: 0.0 ms]
   [Code Root Purge: 0.0 ms]
   [Clear CT: 0.2 ms]
   [Other: 1.1 ms]
      [Choose CSet: 0.0 ms]
      [Ref Proc: 0.2 ms]
      [Ref Enq: 0.0 ms]
      [Redirty Cards: 0.3 ms]
      [Humongous Register: 0.0 ms]
      [Humongous Reclaim: 0.0 ms]
      [Free CSet: 0.3 ms]
   [Eden: 201.0M(201.0M)->0.0B(172.0M) Survivors: 8192.0K->27.0M Heap: 252.8M(2048.0M)->247.3M(2048.0M)]
 [Times: user=1.38 sys=0.05, real=0.19 secs] 
2020-09-29T12:11:04.588+0200: 9.558: [GC pause (G1 Evacuation Pause) (young), 0.1617233 secs]
   [Parallel Time: 160.3 ms, GC Workers: 8]
      [GC Worker Start (ms): Min: 9557.9, Avg: 9558.0, Max: 9558.0, Diff: 0.1]
      [Ext Root Scanning (ms): Min: 0.0, Avg: 0.1, Max: 0.2, Diff: 0.1, Sum: 0.9]
      [Update RS (ms): Min: 15.8, Avg: 16.1, Max: 16.8, Diff: 1.0, Sum: 128.4]
         [Processed Buffers: Min: 11, Avg: 11.9, Max: 14, Diff: 3, Sum: 95]
      [Scan RS (ms): Min: 19.3, Avg: 20.0, Max: 20.3, Diff: 1.0, Sum: 159.8]
      [Code Root Scanning (ms): Min: 0.0, Avg: 0.0, Max: 0.0, Diff: 0.0, Sum: 0.0]
      [Object Copy (ms): Min: 123.8, Avg: 123.9, Max: 124.0, Diff: 0.2, Sum: 991.3]
      [Termination (ms): Min: 0.0, Avg: 0.0, Max: 0.0, Diff: 0.0, Sum: 0.1]
         [Termination Attempts: Min: 1, Avg: 48.3, Max: 69, Diff: 68, Sum: 386]
      [GC Worker Other (ms): Min: 0.0, Avg: 0.1, Max: 0.1, Diff: 0.1, Sum: 0.4]
      [GC Worker Total (ms): Min: 160.0, Avg: 160.1, Max: 160.2, Diff: 0.2, Sum: 1280.9]
      [GC Worker End (ms): Min: 9718.1, Avg: 9718.1, Max: 9718.1, Diff: 0.1]
   [Code Root Fixup: 0.0 ms]
   [Code Root Purge: 0.0 ms]
   [Clear CT: 0.2 ms]
   [Other: 1.2 ms]
      [Choose CSet: 0.0 ms]
      [Ref Proc: 0.3 ms]
      [Ref Enq: 0.0 ms]
      [Redirty Cards: 0.3 ms]
      [Humongous Register: 0.1 ms]
      [Humongous Reclaim: 0.0 ms]
      [Free CSet: 0.2 ms]
   [Eden: 172.0M(172.0M)->0.0B(175.0M) Survivors: 27.0M->25.0M Heap: 447.9M(2048.0M)->449.4M(2048.0M)]
 [Times: user=1.19 sys=0.06, real=0.16 secs] 
2020-09-29T12:11:04.947+0200: 9.916: [GC pause (G1 Evacuation Pause) (young), 0.2643876 secs]
   [Parallel Time: 262.4 ms, GC Workers: 8]
      [GC Worker Start (ms): Min: 9916.1, Avg: 9916.2, Max: 9916.4, Diff: 0.3]
      [Ext Root Scanning (ms): Min: 0.0, Avg: 0.1, Max: 0.2, Diff: 0.2, Sum: 1.1]
      [Update RS (ms): Min: 27.1, Avg: 28.0, Max: 31.5, Diff: 4.4, Sum: 223.7]
         [Processed Buffers: Min: 0, Avg: 12.9, Max: 17, Diff: 17, Sum: 103]
      [Scan RS (ms): Min: 24.3, Avg: 29.2, Max: 37.0, Diff: 12.7, Sum: 233.3]
      [Code Root Scanning (ms): Min: 0.0, Avg: 0.0, Max: 0.0, Diff: 0.0, Sum: 0.0]
      [Object Copy (ms): Min: 196.6, Avg: 204.7, Max: 206.0, Diff: 9.4, Sum: 1637.4]
      [Termination (ms): Min: 0.0, Avg: 0.2, Max: 0.2, Diff: 0.2, Sum: 1.6]
         [Termination Attempts: Min: 1, Avg: 745.4, Max: 914, Diff: 913, Sum: 5963]
      [GC Worker Other (ms): Min: 0.0, Avg: 0.1, Max: 0.1, Diff: 0.1, Sum: 0.5]
      [GC Worker Total (ms): Min: 262.1, Avg: 262.2, Max: 262.3, Diff: 0.2, Sum: 2097.6]
      [GC Worker End (ms): Min: 10178.4, Avg: 10178.4, Max: 10178.5, Diff: 0.1]
   [Code Root Fixup: 0.0 ms]
   [Code Root Purge: 0.0 ms]
   [Clear CT: 0.3 ms]
   [Other: 1.6 ms]
      [Choose CSet: 0.0 ms]
      [Ref Proc: 0.3 ms]
      [Ref Enq: 0.0 ms]
      [Redirty Cards: 0.8 ms]
      [Humongous Register: 0.1 ms]
      [Humongous Reclaim: 0.0 ms]
      [Free CSet: 0.2 ms]
   [Eden: 175.0M(175.0M)->0.0B(123.0M) Survivors: 25.0M->25.0M Heap: 653.1M(2048.0M)->655.1M(2048.0M)]
 [Times: user=1.76 sys=0.03, real=0.26 secs] 
2020-09-29T12:11:05.377+0200: 10.346: [GC pause (G1 Evacuation Pause) (young), 0.1712224 secs]
   [Parallel Time: 169.6 ms, GC Workers: 8]
      [GC Worker Start (ms): Min: 10346.5, Avg: 10346.6, Max: 10346.7, Diff: 0.3]
      [Ext Root Scanning (ms): Min: 0.0, Avg: 0.1, Max: 0.2, Diff: 0.2, Sum: 1.0]
      [Update RS (ms): Min: 20.3, Avg: 20.8, Max: 21.7, Diff: 1.4, Sum: 166.2]
         [Processed Buffers: Min: 10, Avg: 11.6, Max: 14, Diff: 4, Sum: 93]
      [Scan RS (ms): Min: 15.0, Avg: 15.5, Max: 16.0, Diff: 0.9, Sum: 124.3]
      [Code Root Scanning (ms): Min: 0.0, Avg: 0.0, Max: 0.0, Diff: 0.0, Sum: 0.0]
      [Object Copy (ms): Min: 132.4, Avg: 132.7, Max: 132.9, Diff: 0.6, Sum: 1061.6]
      [Termination (ms): Min: 0.1, Avg: 0.2, Max: 0.3, Diff: 0.2, Sum: 1.6]
         [Termination Attempts: Min: 1, Avg: 387.0, Max: 488, Diff: 487, Sum: 3096]
      [GC Worker Other (ms): Min: 0.0, Avg: 0.0, Max: 0.0, Diff: 0.0, Sum: 0.1]
      [GC Worker Total (ms): Min: 169.2, Avg: 169.4, Max: 169.5, Diff: 0.3, Sum: 1354.9]
      [GC Worker End (ms): Min: 10515.9, Avg: 10515.9, Max: 10516.0, Diff: 0.1]
   [Code Root Fixup: 0.0 ms]
   [Code Root Purge: 0.0 ms]
   [Clear CT: 0.4 ms]
   [Other: 1.3 ms]
      [Choose CSet: 0.0 ms]
      [Ref Proc: 0.3 ms]
      [Ref Enq: 0.0 ms]
      [Redirty Cards: 0.3 ms]
      [Humongous Register: 0.1 ms]
      [Humongous Reclaim: 0.0 ms]
      [Free CSet: 0.2 ms]
   [Eden: 123.0M(123.0M)->0.0B(129.0M) Survivors: 25.0M->19.0M Heap: 799.0M(2048.0M)->801.0M(2048.0M)]
 [Times: user=1.22 sys=0.06, real=0.17 secs] 
2020-09-29T12:11:05.731+0200: 10.700: [GC pause (G1 Evacuation Pause) (young), 0.2408787 secs]
   [Parallel Time: 239.0 ms, GC Workers: 8]
      [GC Worker Start (ms): Min: 10700.3, Avg: 10713.1, Max: 10733.4, Diff: 33.1]
      [Ext Root Scanning (ms): Min: 0.0, Avg: 0.1, Max: 0.3, Diff: 0.3, Sum: 0.6]
      [Update RS (ms): Min: 0.0, Avg: 23.8, Max: 62.8, Diff: 62.8, Sum: 190.2]
         [Processed Buffers: Min: 0, Avg: 10.5, Max: 19, Diff: 19, Sum: 84]
      [Scan RS (ms): Min: 0.0, Avg: 16.3, Max: 19.3, Diff: 19.3, Sum: 130.6]
      [Code Root Scanning (ms): Min: 0.0, Avg: 0.0, Max: 0.0, Diff: 0.0, Sum: 0.0]
      [Object Copy (ms): Min: 173.8, Avg: 185.4, Max: 187.6, Diff: 13.8, Sum: 1483.1]
      [Termination (ms): Min: 0.0, Avg: 0.4, Max: 0.5, Diff: 0.5, Sum: 3.5]
         [Termination Attempts: Min: 1, Avg: 1572.5, Max: 1910, Diff: 1909, Sum: 12580]
      [GC Worker Other (ms): Min: 0.0, Avg: 0.1, Max: 0.1, Diff: 0.1, Sum: 0.5]
      [GC Worker Total (ms): Min: 205.7, Avg: 226.1, Max: 238.9, Diff: 33.1, Sum: 1808.4]
      [GC Worker End (ms): Min: 10939.1, Avg: 10939.1, Max: 10939.2, Diff: 0.1]
   [Code Root Fixup: 0.0 ms]
   [Code Root Purge: 0.0 ms]
   [Clear CT: 0.3 ms]
   [Other: 1.5 ms]
      [Choose CSet: 0.0 ms]
      [Ref Proc: 0.5 ms]
      [Ref Enq: 0.0 ms]
      [Redirty Cards: 0.4 ms]
      [Humongous Register: 0.1 ms]
      [Humongous Reclaim: 0.0 ms]
      [Free CSet: 0.2 ms]
   [Eden: 129.0M(129.0M)->0.0B(100.0M) Survivors: 19.0M->19.0M Heap: 951.0M(2048.0M)->953.0M(2048.0M)]
 [Times: user=1.59 sys=0.05, real=0.24 secs] 
2020-09-29T12:11:05.983+0200: 10.953: [GC pause (G1 Humongous Allocation) (young) (initial-mark), 0.0452275 secs]
   [Parallel Time: 43.6 ms, GC Workers: 8]
      [GC Worker Start (ms): Min: 10952.9, Avg: 10952.9, Max: 10953.0, Diff: 0.2]
      [Ext Root Scanning (ms): Min: 0.1, Avg: 0.1, Max: 0.2, Diff: 0.2, Sum: 1.2]
      [Update RS (ms): Min: 23.7, Avg: 24.1, Max: 24.5, Diff: 0.8, Sum: 192.6]
         [Processed Buffers: Min: 15, Avg: 16.4, Max: 19, Diff: 4, Sum: 131]
      [Scan RS (ms): Min: 1.7, Avg: 2.1, Max: 2.5, Diff: 0.8, Sum: 16.9]
      [Code Root Scanning (ms): Min: 0.0, Avg: 0.0, Max: 0.0, Diff: 0.0, Sum: 0.0]
      [Object Copy (ms): Min: 16.9, Avg: 17.0, Max: 17.0, Diff: 0.2, Sum: 135.9]
      [Termination (ms): Min: 0.0, Avg: 0.0, Max: 0.0, Diff: 0.0, Sum: 0.2]
         [Termination Attempts: Min: 1, Avg: 73.8, Max: 100, Diff: 99, Sum: 590]
      [GC Worker Other (ms): Min: 0.0, Avg: 0.0, Max: 0.1, Diff: 0.0, Sum: 0.2]
      [GC Worker Total (ms): Min: 43.3, Avg: 43.4, Max: 43.5, Diff: 0.2, Sum: 347.0]
      [GC Worker End (ms): Min: 10996.3, Avg: 10996.3, Max: 10996.3, Diff: 0.0]
   [Code Root Fixup: 0.0 ms]
   [Code Root Purge: 0.0 ms]
   [Clear CT: 0.4 ms]
   [Other: 1.3 ms]
      [Choose CSet: 0.0 ms]
      [Ref Proc: 0.4 ms]
      [Ref Enq: 0.0 ms]
      [Redirty Cards: 0.4 ms]
      [Humongous Register: 0.1 ms]
      [Humongous Reclaim: 0.0 ms]
      [Free CSet: 0.1 ms]
   [Eden: 2048.0K(100.0M)->0.0B(136.0M) Survivors: 19.0M->4096.0K Heap: 954.5M(2048.0M)->959.5M(2048.0M)]
 [Times: user=0.38 sys=0.00, real=0.05 secs] 
2020-09-29T12:11:06.029+0200: 10.998: [GC concurrent-root-region-scan-start]
2020-09-29T12:11:06.030+0200: 11.000: [GC concurrent-root-region-scan-end, 0.0016679 secs]
2020-09-29T12:11:06.030+0200: 11.000: [GC concurrent-mark-start]
2020-09-29T12:11:06.038+0200: 11.008: [GC concurrent-mark-end, 0.0077312 secs]
2020-09-29T12:11:06.038+0200: 11.008: [GC remark 2020-09-29T12:11:06.039+0200: 11.008: [Finalize Marking, 0.0005241 secs] 2020-09-29T12:11:06.039+0200: 11.008: [GC ref-proc, 0.0007111 secs] 2020-09-29T12:11:06.040+0200: 11.009: [Unloading, 0.0008882 secs], 0.0031274 secs]
 [Times: user=0.00 sys=0.00, real=0.00 secs] 
2020-09-29T12:11:06.042+0200: 11.012: [GC cleanup 967M->21M(2048M), 0.0024385 secs]
 [Times: user=0.00 sys=0.00, real=0.00 secs] 
2020-09-29T12:11:06.045+0200: 11.014: [GC concurrent-cleanup-start]
2020-09-29T12:11:06.047+0200: 11.017: [GC concurrent-cleanup-end, 0.0026137 secs]
2020-09-29T12:11:06.247+0200: 11.216: [GC pause (G1 Evacuation Pause) (young), 0.2094209 secs]
   [Parallel Time: 207.7 ms, GC Workers: 8]
      [GC Worker Start (ms): Min: 11216.5, Avg: 11222.1, Max: 11232.3, Diff: 15.8]
      [Ext Root Scanning (ms): Min: 0.0, Avg: 0.1, Max: 0.2, Diff: 0.2, Sum: 0.9]
      [Update RS (ms): Min: 8.3, Avg: 18.3, Max: 25.4, Diff: 17.1, Sum: 146.8]
         [Processed Buffers: Min: 3, Avg: 8.8, Max: 13, Diff: 10, Sum: 70]
      [Scan RS (ms): Min: 15.7, Avg: 18.2, Max: 23.2, Diff: 7.6, Sum: 145.4]
      [Code Root Scanning (ms): Min: 0.0, Avg: 0.0, Max: 0.0, Diff: 0.0, Sum: 0.0]
      [Object Copy (ms): Min: 159.0, Avg: 164.4, Max: 166.1, Diff: 7.1, Sum: 1315.0]
      [Termination (ms): Min: 0.1, Avg: 1.0, Max: 1.5, Diff: 1.4, Sum: 7.6]
         [Termination Attempts: Min: 1, Avg: 2882.5, Max: 3917, Diff: 3916, Sum: 23060]
      [GC Worker Other (ms): Min: 0.0, Avg: 0.0, Max: 0.0, Diff: 0.0, Sum: 0.1]
      [GC Worker Total (ms): Min: 191.8, Avg: 202.0, Max: 207.6, Diff: 15.8, Sum: 1616.0]
      [GC Worker End (ms): Min: 11424.0, Avg: 11424.1, Max: 11424.1, Diff: 0.1]
   [Code Root Fixup: 0.0 ms]
   [Code Root Purge: 0.0 ms]
   [Clear CT: 0.4 ms]
   [Other: 1.3 ms]
      [Choose CSet: 0.0 ms]
      [Ref Proc: 0.3 ms]
      [Ref Enq: 0.0 ms]
      [Redirty Cards: 0.4 ms]
      [Humongous Register: 0.1 ms]
      [Humongous Reclaim: 0.0 ms]
      [Free CSet: 0.2 ms]
   [Eden: 136.0M(136.0M)->0.0B(107.0M) Survivors: 4096.0K->18.0M Heap: 172.9M(2048.0M)->170.9M(2048.0M)]
 [Times: user=1.42 sys=0.02, real=0.21 secs] 
2020-09-29T12:11:06.584+0200: 11.553: [GC pause (G1 Evacuation Pause) (young), 0.1442764 secs]
   [Parallel Time: 142.5 ms, GC Workers: 8]
      [GC Worker Start (ms): Min: 11553.2, Avg: 11553.3, Max: 11553.5, Diff: 0.3]
      [Ext Root Scanning (ms): Min: 0.0, Avg: 0.1, Max: 0.2, Diff: 0.2, Sum: 1.0]
      [Update RS (ms): Min: 15.7, Avg: 16.0, Max: 16.9, Diff: 1.1, Sum: 128.1]
         [Processed Buffers: Min: 3, Avg: 9.6, Max: 12, Diff: 9, Sum: 77]
      [Scan RS (ms): Min: 12.9, Avg: 13.7, Max: 14.2, Diff: 1.3, Sum: 109.5]
      [Code Root Scanning (ms): Min: 0.0, Avg: 0.0, Max: 0.0, Diff: 0.0, Sum: 0.0]
      [Object Copy (ms): Min: 111.9, Avg: 112.2, Max: 112.3, Diff: 0.4, Sum: 897.7]
      [Termination (ms): Min: 0.0, Avg: 0.1, Max: 0.1, Diff: 0.1, Sum: 0.4]
         [Termination Attempts: Min: 1, Avg: 193.3, Max: 250, Diff: 249, Sum: 1546]
      [GC Worker Other (ms): Min: 0.0, Avg: 0.0, Max: 0.1, Diff: 0.1, Sum: 0.4]
      [GC Worker Total (ms): Min: 142.0, Avg: 142.2, Max: 142.3, Diff: 0.3, Sum: 1137.2]
      [GC Worker End (ms): Min: 11695.5, Avg: 11695.5, Max: 11695.5, Diff: 0.1]
   [Code Root Fixup: 0.0 ms]
   [Code Root Purge: 0.0 ms]
   [Clear CT: 0.5 ms]
   [Other: 1.3 ms]
      [Choose CSet: 0.0 ms]
      [Ref Proc: 0.4 ms]
      [Ref Enq: 0.0 ms]
      [Redirty Cards: 0.3 ms]
      [Humongous Register: 0.1 ms]
      [Humongous Reclaim: 0.0 ms]
      [Free CSet: 0.2 ms]
   [Eden: 107.0M(107.0M)->0.0B(117.0M) Survivors: 18.0M->16.0M Heap: 297.0M(2048.0M)->299.0M(2048.0M)]
 [Times: user=1.02 sys=0.05, real=0.14 secs] 
2020-09-29T12:11:06.877+0200: 11.847: [GC pause (G1 Evacuation Pause) (young), 0.1740000 secs]
   [Parallel Time: 172.2 ms, GC Workers: 8]
      [GC Worker Start (ms): Min: 11847.0, Avg: 11847.8, Max: 11849.1, Diff: 2.1]
      [Ext Root Scanning (ms): Min: 0.0, Avg: 0.1, Max: 0.2, Diff: 0.2, Sum: 0.9]
      [Update RS (ms): Min: 18.5, Avg: 21.3, Max: 31.6, Diff: 13.2, Sum: 170.6]
         [Processed Buffers: Min: 1, Avg: 10.6, Max: 14, Diff: 13, Sum: 85]
      [Scan RS (ms): Min: 4.4, Avg: 17.3, Max: 40.7, Diff: 36.3, Sum: 138.8]
      [Code Root Scanning (ms): Min: 0.0, Avg: 0.0, Max: 0.0, Diff: 0.0, Sum: 0.0]
      [Object Copy (ms): Min: 109.9, Avg: 132.3, Max: 135.5, Diff: 25.7, Sum: 1058.3]
      [Termination (ms): Min: 0.0, Avg: 0.1, Max: 0.1, Diff: 0.1, Sum: 0.6]
         [Termination Attempts: Min: 1, Avg: 258.9, Max: 328, Diff: 327, Sum: 2071]
      [GC Worker Other (ms): Min: 0.0, Avg: 0.0, Max: 0.1, Diff: 0.0, Sum: 0.3]
      [GC Worker Total (ms): Min: 169.9, Avg: 171.2, Max: 172.0, Diff: 2.1, Sum: 1369.5]
      [GC Worker End (ms): Min: 12019.0, Avg: 12019.0, Max: 12019.0, Diff: 0.0]
   [Code Root Fixup: 0.0 ms]
   [Code Root Purge: 0.0 ms]
   [Clear CT: 0.4 ms]
   [Other: 1.5 ms]
      [Choose CSet: 0.0 ms]
      [Ref Proc: 0.3 ms]
      [Ref Enq: 0.0 ms]
      [Redirty Cards: 0.5 ms]
      [Humongous Register: 0.1 ms]
      [Humongous Reclaim: 0.0 ms]
      [Free CSet: 0.2 ms]
   [Eden: 117.0M(117.0M)->0.0B(115.0M) Survivors: 16.0M->17.0M Heap: 435.0M(2048.0M)->436.5M(2048.0M)]
 [Times: user=1.20 sys=0.05, real=0.17 secs] 
2020-09-29T12:11:07.200+0200: 12.169: [GC pause (G1 Evacuation Pause) (young), 0.1480119 secs]
   [Parallel Time: 145.8 ms, GC Workers: 8]
      [GC Worker Start (ms): Min: 12169.1, Avg: 12169.2, Max: 12169.3, Diff: 0.1]
      [Ext Root Scanning (ms): Min: 0.1, Avg: 0.1, Max: 0.2, Diff: 0.1, Sum: 1.1]
      [Update RS (ms): Min: 14.6, Avg: 14.9, Max: 15.8, Diff: 1.1, Sum: 119.2]
         [Processed Buffers: Min: 8, Avg: 9.1, Max: 11, Diff: 3, Sum: 73]
      [Scan RS (ms): Min: 13.7, Avg: 14.7, Max: 15.2, Diff: 1.4, Sum: 117.4]
      [Code Root Scanning (ms): Min: 0.0, Avg: 0.0, Max: 0.0, Diff: 0.0, Sum: 0.0]
      [Object Copy (ms): Min: 115.3, Avg: 115.5, Max: 115.7, Diff: 0.4, Sum: 924.4]
      [Termination (ms): Min: 0.1, Avg: 0.2, Max: 0.3, Diff: 0.2, Sum: 1.3]
         [Termination Attempts: Min: 1, Avg: 274.6, Max: 342, Diff: 341, Sum: 2197]
      [GC Worker Other (ms): Min: 0.0, Avg: 0.0, Max: 0.0, Diff: 0.0, Sum: 0.1]
      [GC Worker Total (ms): Min: 145.4, Avg: 145.4, Max: 145.5, Diff: 0.2, Sum: 1163.6]
      [GC Worker End (ms): Min: 12314.6, Avg: 12314.6, Max: 12314.7, Diff: 0.1]
   [Code Root Fixup: 0.0 ms]
   [Code Root Purge: 0.0 ms]
   [Clear CT: 0.4 ms]
   [Other: 1.8 ms]
      [Choose CSet: 0.0 ms]
      [Ref Proc: 0.3 ms]
      [Ref Enq: 0.0 ms]
      [Redirty Cards: 0.9 ms]
      [Humongous Register: 0.1 ms]
      [Humongous Reclaim: 0.0 ms]
      [Free CSet: 0.2 ms]
   [Eden: 115.0M(115.0M)->0.0B(124.0M) Survivors: 17.0M->17.0M Heap: 570.6M(2048.0M)->572.6M(2048.0M)]
 [Times: user=1.00 sys=0.08, real=0.15 secs] 
2020-09-29T12:11:07.480+0200: 12.449: [GC pause (G1 Evacuation Pause) (young), 0.1659663 secs]
   [Parallel Time: 164.5 ms, GC Workers: 8]
      [GC Worker Start (ms): Min: 12449.3, Avg: 12449.8, Max: 12452.4, Diff: 3.1]
      [Ext Root Scanning (ms): Min: 0.0, Avg: 0.1, Max: 0.2, Diff: 0.2, Sum: 1.0]
      [Update RS (ms): Min: 13.1, Avg: 15.8, Max: 17.0, Diff: 3.8, Sum: 126.1]
         [Processed Buffers: Min: 9, Avg: 10.0, Max: 12, Diff: 3, Sum: 80]
      [Scan RS (ms): Min: 16.0, Avg: 16.7, Max: 17.1, Diff: 1.1, Sum: 133.9]
      [Code Root Scanning (ms): Min: 0.0, Avg: 0.0, Max: 0.0, Diff: 0.0, Sum: 0.0]
      [Object Copy (ms): Min: 130.7, Avg: 130.9, Max: 131.1, Diff: 0.5, Sum: 1047.1]
      [Termination (ms): Min: 0.0, Avg: 0.2, Max: 0.2, Diff: 0.2, Sum: 1.4]
         [Termination Attempts: Min: 1, Avg: 615.0, Max: 745, Diff: 744, Sum: 4920]
      [GC Worker Other (ms): Min: 0.0, Avg: 0.0, Max: 0.1, Diff: 0.1, Sum: 0.4]
      [GC Worker Total (ms): Min: 161.2, Avg: 163.7, Max: 164.2, Diff: 3.1, Sum: 1309.9]
      [GC Worker End (ms): Min: 12613.6, Avg: 12613.6, Max: 12613.6, Diff: 0.1]
   [Code Root Fixup: 0.0 ms]
   [Code Root Purge: 0.0 ms]
   [Clear CT: 0.3 ms]
   [Other: 1.2 ms]
      [Choose CSet: 0.0 ms]
      [Ref Proc: 0.4 ms]
      [Ref Enq: 0.0 ms]
      [Redirty Cards: 0.2 ms]
      [Humongous Register: 0.1 ms]
      [Humongous Reclaim: 0.0 ms]
      [Free CSet: 0.2 ms]
   [Eden: 124.0M(124.0M)->0.0B(127.0M) Survivors: 17.0M->18.0M Heap: 717.6M(2048.0M)->719.6M(2048.0M)]
 [Times: user=1.17 sys=0.03, real=0.17 secs] 
2020-09-29T12:11:07.780+0200: 12.749: [GC pause (G1 Evacuation Pause) (young), 0.1544882 secs]
   [Parallel Time: 152.8 ms, GC Workers: 8]
      [GC Worker Start (ms): Min: 12749.6, Avg: 12749.6, Max: 12749.7, Diff: 0.2]
      [Ext Root Scanning (ms): Min: 0.0, Avg: 0.1, Max: 0.2, Diff: 0.2, Sum: 1.1]
      [Update RS (ms): Min: 17.8, Avg: 18.1, Max: 19.5, Diff: 1.8, Sum: 145.2]
         [Processed Buffers: Min: 10, Avg: 11.0, Max: 13, Diff: 3, Sum: 88]
      [Scan RS (ms): Min: 14.9, Avg: 16.1, Max: 16.5, Diff: 1.6, Sum: 128.6]
      [Code Root Scanning (ms): Min: 0.0, Avg: 0.0, Max: 0.0, Diff: 0.0, Sum: 0.0]
      [Object Copy (ms): Min: 117.7, Avg: 118.0, Max: 118.3, Diff: 0.6, Sum: 944.1]
      [Termination (ms): Min: 0.0, Avg: 0.0, Max: 0.1, Diff: 0.1, Sum: 0.3]
         [Termination Attempts: Min: 1, Avg: 130.6, Max: 174, Diff: 173, Sum: 1045]
      [GC Worker Other (ms): Min: 0.0, Avg: 0.1, Max: 0.3, Diff: 0.3, Sum: 0.5]
      [GC Worker Total (ms): Min: 152.4, Avg: 152.5, Max: 152.6, Diff: 0.2, Sum: 1219.9]
      [GC Worker End (ms): Min: 12902.1, Avg: 12902.1, Max: 12902.1, Diff: 0.0]
   [Code Root Fixup: 0.0 ms]
   [Code Root Purge: 0.0 ms]
   [Clear CT: 0.3 ms]
   [Other: 1.4 ms]
      [Choose CSet: 0.0 ms]
      [Ref Proc: 0.4 ms]
      [Ref Enq: 0.0 ms]
      [Redirty Cards: 0.4 ms]
      [Humongous Register: 0.1 ms]
      [Humongous Reclaim: 0.0 ms]
      [Free CSet: 0.2 ms]
   [Eden: 127.0M(127.0M)->0.0B(134.0M) Survivors: 18.0M->19.0M Heap: 867.6M(2048.0M)->869.6M(2048.0M)]
 [Times: user=1.17 sys=0.03, real=0.15 secs] 
2020-09-29T12:11:08.076+0200: 13.045: [GC pause (G1 Evacuation Pause) (young), 0.1650368 secs]
   [Parallel Time: 163.2 ms, GC Workers: 8]
      [GC Worker Start (ms): Min: 13045.5, Avg: 13045.6, Max: 13045.7, Diff: 0.2]
      [Ext Root Scanning (ms): Min: 0.1, Avg: 0.1, Max: 0.2, Diff: 0.2, Sum: 1.1]
      [Update RS (ms): Min: 21.5, Avg: 21.8, Max: 22.2, Diff: 0.6, Sum: 174.7]
         [Processed Buffers: Min: 11, Avg: 13.0, Max: 17, Diff: 6, Sum: 104]
      [Scan RS (ms): Min: 15.7, Avg: 16.1, Max: 16.4, Diff: 0.7, Sum: 128.8]
      [Code Root Scanning (ms): Min: 0.0, Avg: 0.0, Max: 0.0, Diff: 0.0, Sum: 0.0]
      [Object Copy (ms): Min: 124.7, Avg: 124.8, Max: 124.9, Diff: 0.2, Sum: 998.1]
      [Termination (ms): Min: 0.0, Avg: 0.0, Max: 0.0, Diff: 0.0, Sum: 0.0]
         [Termination Attempts: Min: 1, Avg: 15.9, Max: 23, Diff: 22, Sum: 127]
      [GC Worker Other (ms): Min: 0.0, Avg: 0.0, Max: 0.0, Diff: 0.0, Sum: 0.2]
      [GC Worker Total (ms): Min: 162.8, Avg: 162.9, Max: 163.0, Diff: 0.2, Sum: 1303.0]
      [GC Worker End (ms): Min: 13208.4, Avg: 13208.4, Max: 13208.5, Diff: 0.0]
   [Code Root Fixup: 0.0 ms]
   [Code Root Purge: 0.0 ms]
   [Clear CT: 0.3 ms]
   [Other: 1.5 ms]
      [Choose CSet: 0.0 ms]
      [Ref Proc: 0.4 ms]
      [Ref Enq: 0.0 ms]
      [Redirty Cards: 0.4 ms]
      [Humongous Register: 0.1 ms]
      [Humongous Reclaim: 0.0 ms]
      [Free CSet: 0.2 ms]
   [Eden: 134.0M(134.0M)->0.0B(138.0M) Survivors: 19.0M->20.0M Heap: 1026.5M(2048.0M)->1029.0M(2048.0M)]
 [Times: user=1.30 sys=0.05, real=0.16 secs] 
2020-09-29T12:11:08.263+0200: 13.233: [GC pause (G1 Humongous Allocation) (young) (initial-mark), 0.0543884 secs]
   [Parallel Time: 52.6 ms, GC Workers: 8]
      [GC Worker Start (ms): Min: 13232.8, Avg: 13233.0, Max: 13233.2, Diff: 0.3]
      [Ext Root Scanning (ms): Min: 0.0, Avg: 0.6, Max: 2.3, Diff: 2.3, Sum: 4.4]
      [Update RS (ms): Min: 18.4, Avg: 20.6, Max: 21.3, Diff: 3.0, Sum: 164.5]
         [Processed Buffers: Min: 8, Avg: 13.1, Max: 17, Diff: 9, Sum: 105]
      [Scan RS (ms): Min: 1.9, Avg: 2.4, Max: 2.7, Diff: 0.9, Sum: 19.2]
      [Code Root Scanning (ms): Min: 0.0, Avg: 0.0, Max: 0.0, Diff: 0.0, Sum: 0.0]
      [Object Copy (ms): Min: 28.6, Avg: 28.8, Max: 28.8, Diff: 0.2, Sum: 230.0]
      [Termination (ms): Min: 0.0, Avg: 0.1, Max: 0.1, Diff: 0.1, Sum: 0.6]
         [Termination Attempts: Min: 1, Avg: 217.8, Max: 261, Diff: 260, Sum: 1742]
      [GC Worker Other (ms): Min: 0.0, Avg: 0.0, Max: 0.1, Diff: 0.0, Sum: 0.3]
      [GC Worker Total (ms): Min: 52.2, Avg: 52.4, Max: 52.5, Diff: 0.3, Sum: 419.0]
      [GC Worker End (ms): Min: 13285.4, Avg: 13285.4, Max: 13285.4, Diff: 0.0]
   [Code Root Fixup: 0.0 ms]
   [Code Root Purge: 0.0 ms]
   [Clear CT: 0.3 ms]
   [Other: 1.5 ms]
      [Choose CSet: 0.0 ms]
      [Ref Proc: 0.4 ms]
      [Ref Enq: 0.0 ms]
      [Redirty Cards: 0.5 ms]
      [Humongous Register: 0.1 ms]
      [Humongous Reclaim: 0.0 ms]
      [Free CSet: 0.1 ms]
   [Eden: 10.0M(138.0M)->0.0B(154.0M) Survivors: 20.0M->12.0M Heap: 1039.0M(2048.0M)->1042.5M(2048.0M)]
 [Times: user=0.36 sys=0.00, real=0.06 secs] 
2020-09-29T12:11:08.318+0200: 13.287: [GC concurrent-root-region-scan-start]
2020-09-29T12:11:08.324+0200: 13.294: [GC concurrent-root-region-scan-end, 0.0064543 secs]
2020-09-29T12:11:08.324+0200: 13.294: [GC concurrent-mark-start]
2020-09-29T12:11:08.330+0200: 13.299: [GC concurrent-mark-end, 0.0052202 secs]
2020-09-29T12:11:08.330+0200: 13.299: [GC remark 2020-09-29T12:11:08.330+0200: 13.299: [Finalize Marking, 0.0002664 secs] 2020-09-29T12:11:08.330+0200: 13.300: [GC ref-proc, 0.0006730 secs] 2020-09-29T12:11:08.331+0200: 13.300: [Unloading, 0.0008986 secs], 0.0023482 secs]
 [Times: user=0.00 sys=0.00, real=0.00 secs] 
2020-09-29T12:11:08.333+0200: 13.303: [GC cleanup 1058M->37M(2048M), 0.0024827 secs]
 [Times: user=0.00 sys=0.00, real=0.00 secs] 
2020-09-29T12:11:08.336+0200: 13.305: [GC concurrent-cleanup-start]
2020-09-29T12:11:08.338+0200: 13.308: [GC concurrent-cleanup-end, 0.0024751 secs]
2020-09-29T12:11:08.480+0200: 13.449: [GC pause (G1 Evacuation Pause) (young), 0.2186296 secs]
   [Parallel Time: 216.9 ms, GC Workers: 8]
      [GC Worker Start (ms): Min: 13449.6, Avg: 13451.0, Max: 13452.7, Diff: 3.1]
      [Ext Root Scanning (ms): Min: 0.0, Avg: 0.1, Max: 0.2, Diff: 0.2, Sum: 0.8]
      [Update RS (ms): Min: 13.3, Avg: 15.3, Max: 17.1, Diff: 3.8, Sum: 122.6]
         [Processed Buffers: Min: 8, Avg: 9.5, Max: 13, Diff: 5, Sum: 76]
      [Scan RS (ms): Min: 18.6, Avg: 19.1, Max: 19.7, Diff: 1.1, Sum: 152.6]
      [Code Root Scanning (ms): Min: 0.0, Avg: 0.0, Max: 0.0, Diff: 0.0, Sum: 0.0]
      [Object Copy (ms): Min: 179.4, Avg: 179.7, Max: 180.9, Diff: 1.5, Sum: 1437.8]
      [Termination (ms): Min: 0.0, Avg: 1.1, Max: 1.4, Diff: 1.4, Sum: 8.6]
         [Termination Attempts: Min: 1, Avg: 3947.6, Max: 4995, Diff: 4994, Sum: 31581]
      [GC Worker Other (ms): Min: 0.0, Avg: 0.0, Max: 0.1, Diff: 0.1, Sum: 0.3]
      [GC Worker Total (ms): Min: 213.6, Avg: 215.3, Max: 216.7, Diff: 3.1, Sum: 1722.8]
      [GC Worker End (ms): Min: 13666.3, Avg: 13666.3, Max: 13666.3, Diff: 0.0]
   [Code Root Fixup: 0.0 ms]
   [Code Root Purge: 0.0 ms]
   [Clear CT: 0.3 ms]
   [Other: 1.4 ms]
      [Choose CSet: 0.0 ms]
      [Ref Proc: 0.4 ms]
      [Ref Enq: 0.0 ms]
      [Redirty Cards: 0.4 ms]
      [Humongous Register: 0.1 ms]
      [Humongous Reclaim: 0.0 ms]
      [Free CSet: 0.2 ms]
   [Eden: 154.0M(154.0M)->0.0B(124.0M) Survivors: 12.0M->21.0M Heap: 202.7M(2048.0M)->192.2M(2048.0M)]
 [Times: user=1.66 sys=0.01, real=0.22 secs] 
2020-09-29T12:11:08.828+0200: 13.798: [GC pause (G1 Evacuation Pause) (young), 0.1909241 secs]
   [Parallel Time: 189.2 ms, GC Workers: 8]
      [GC Worker Start (ms): Min: 13797.8, Avg: 13800.5, Max: 13808.5, Diff: 10.7]
      [Ext Root Scanning (ms): Min: 0.0, Avg: 0.1, Max: 0.2, Diff: 0.2, Sum: 1.0]
      [Update RS (ms): Min: 9.4, Avg: 19.3, Max: 22.5, Diff: 13.1, Sum: 154.7]
         [Processed Buffers: Min: 7, Avg: 10.9, Max: 16, Diff: 9, Sum: 87]
      [Scan RS (ms): Min: 6.9, Avg: 17.2, Max: 19.3, Diff: 12.5, Sum: 137.9]
      [Code Root Scanning (ms): Min: 0.0, Avg: 0.0, Max: 0.0, Diff: 0.0, Sum: 0.0]
      [Object Copy (ms): Min: 149.1, Avg: 149.4, Max: 149.5, Diff: 0.4, Sum: 1194.8]
      [Termination (ms): Min: 0.0, Avg: 0.2, Max: 0.2, Diff: 0.2, Sum: 1.5]
         [Termination Attempts: Min: 1, Avg: 712.5, Max: 888, Diff: 887, Sum: 5700]
      [GC Worker Other (ms): Min: 0.0, Avg: 0.0, Max: 0.1, Diff: 0.1, Sum: 0.4]
      [GC Worker Total (ms): Min: 178.3, Avg: 186.3, Max: 189.0, Diff: 10.7, Sum: 1490.4]
      [GC Worker End (ms): Min: 13986.8, Avg: 13986.8, Max: 13986.9, Diff: 0.1]
   [Code Root Fixup: 0.0 ms]
   [Code Root Purge: 0.0 ms]
   [Clear CT: 0.4 ms]
   [Other: 1.3 ms]
      [Choose CSet: 0.0 ms]
      [Ref Proc: 0.3 ms]
      [Ref Enq: 0.0 ms]
      [Redirty Cards: 0.3 ms]
      [Humongous Register: 0.1 ms]
      [Humongous Reclaim: 0.0 ms]
      [Free CSet: 0.2 ms]
   [Eden: 124.0M(124.0M)->0.0B(120.0M) Survivors: 21.0M->19.0M Heap: 337.2M(2048.0M)->338.7M(2048.0M)]
 [Times: user=1.41 sys=0.03, real=0.19 secs] 
2020-09-29T12:11:09.163+0200: 14.133: [GC pause (G1 Evacuation Pause) (young), 0.1729129 secs]
   [Parallel Time: 171.0 ms, GC Workers: 8]
      [GC Worker Start (ms): Min: 14133.1, Avg: 14133.1, Max: 14133.3, Diff: 0.3]
      [Ext Root Scanning (ms): Min: 0.0, Avg: 0.1, Max: 0.2, Diff: 0.2, Sum: 1.1]
      [Update RS (ms): Min: 19.7, Avg: 21.3, Max: 29.5, Diff: 9.8, Sum: 170.5]
         [Processed Buffers: Min: 1, Avg: 10.3, Max: 15, Diff: 14, Sum: 82]
      [Scan RS (ms): Min: 7.8, Avg: 16.1, Max: 17.8, Diff: 10.0, Sum: 128.5]
      [Code Root Scanning (ms): Min: 0.0, Avg: 0.0, Max: 0.0, Diff: 0.0, Sum: 0.0]
      [Object Copy (ms): Min: 132.8, Avg: 133.0, Max: 133.1, Diff: 0.3, Sum: 1064.2]
      [Termination (ms): Min: 0.0, Avg: 0.1, Max: 0.1, Diff: 0.1, Sum: 0.6]
         [Termination Attempts: Min: 1, Avg: 235.9, Max: 321, Diff: 320, Sum: 1887]
      [GC Worker Other (ms): Min: 0.0, Avg: 0.0, Max: 0.1, Diff: 0.1, Sum: 0.3]
      [GC Worker Total (ms): Min: 170.5, Avg: 170.7, Max: 170.8, Diff: 0.3, Sum: 1365.2]
      [GC Worker End (ms): Min: 14303.8, Avg: 14303.8, Max: 14303.8, Diff: 0.1]
   [Code Root Fixup: 0.0 ms]
   [Code Root Purge: 0.0 ms]
   [Clear CT: 0.7 ms]
   [Other: 1.2 ms]
      [Choose CSet: 0.0 ms]
      [Ref Proc: 0.2 ms]
      [Ref Enq: 0.0 ms]
      [Redirty Cards: 0.4 ms]
      [Humongous Register: 0.1 ms]
      [Humongous Reclaim: 0.0 ms]
      [Free CSet: 0.2 ms]
   [Eden: 120.0M(120.0M)->0.0B(121.0M) Survivors: 19.0M->18.0M Heap: 477.8M(2048.0M)->479.3M(2048.0M)]
 [Times: user=1.30 sys=0.06, real=0.17 secs] 
2020-09-29T12:11:09.475+0200: 14.444: [GC pause (G1 Evacuation Pause) (young), 0.1556038 secs]
   [Parallel Time: 154.0 ms, GC Workers: 8]
      [GC Worker Start (ms): Min: 14444.1, Avg: 14445.5, Max: 14452.2, Diff: 8.0]
      [Ext Root Scanning (ms): Min: 0.0, Avg: 0.1, Max: 0.2, Diff: 0.2, Sum: 1.0]
      [Update RS (ms): Min: 8.8, Avg: 15.8, Max: 17.3, Diff: 8.4, Sum: 126.0]
         [Processed Buffers: Min: 8, Avg: 10.0, Max: 12, Diff: 4, Sum: 80]
      [Scan RS (ms): Min: 15.1, Avg: 16.1, Max: 16.5, Diff: 1.4, Sum: 129.1]
      [Code Root Scanning (ms): Min: 0.0, Avg: 0.0, Max: 0.0, Diff: 0.0, Sum: 0.0]
      [Object Copy (ms): Min: 119.7, Avg: 120.2, Max: 120.4, Diff: 0.7, Sum: 961.9]
      [Termination (ms): Min: 0.0, Avg: 0.1, Max: 0.1, Diff: 0.1, Sum: 0.6]
         [Termination Attempts: Min: 1, Avg: 268.9, Max: 356, Diff: 355, Sum: 2151]
      [GC Worker Other (ms): Min: 0.0, Avg: 0.0, Max: 0.1, Diff: 0.1, Sum: 0.3]
      [GC Worker Total (ms): Min: 145.7, Avg: 152.4, Max: 153.7, Diff: 8.0, Sum: 1218.9]
      [GC Worker End (ms): Min: 14597.8, Avg: 14597.8, Max: 14597.9, Diff: 0.1]
   [Code Root Fixup: 0.0 ms]
   [Code Root Purge: 0.0 ms]
   [Clear CT: 0.3 ms]
   [Other: 1.4 ms]
      [Choose CSet: 0.0 ms]
      [Ref Proc: 0.3 ms]
      [Ref Enq: 0.0 ms]
      [Redirty Cards: 0.4 ms]
      [Humongous Register: 0.1 ms]
      [Humongous Reclaim: 0.0 ms]
      [Free CSet: 0.2 ms]
   [Eden: 121.0M(121.0M)->0.0B(127.0M) Survivors: 18.0M->18.0M Heap: 621.2M(2048.0M)->623.2M(2048.0M)]
 [Times: user=1.05 sys=0.05, real=0.16 secs] 
2020-09-29T12:11:09.783+0200: 14.752: [GC pause (G1 Evacuation Pause) (young), 0.1332268 secs]
   [Parallel Time: 131.5 ms, GC Workers: 8]
      [GC Worker Start (ms): Min: 14752.3, Avg: 14752.4, Max: 14752.6, Diff: 0.3]
      [Ext Root Scanning (ms): Min: 0.0, Avg: 0.1, Max: 0.2, Diff: 0.2, Sum: 1.1]
      [Update RS (ms): Min: 19.0, Avg: 19.6, Max: 20.3, Diff: 1.3, Sum: 156.7]
         [Processed Buffers: Min: 9, Avg: 11.6, Max: 14, Diff: 5, Sum: 93]
      [Scan RS (ms): Min: 14.8, Avg: 16.1, Max: 18.7, Diff: 3.9, Sum: 129.1]
      [Code Root Scanning (ms): Min: 0.0, Avg: 0.0, Max: 0.0, Diff: 0.0, Sum: 0.0]
      [Object Copy (ms): Min: 93.0, Avg: 95.3, Max: 95.9, Diff: 2.9, Sum: 762.4]
      [Termination (ms): Min: 0.0, Avg: 0.0, Max: 0.0, Diff: 0.0, Sum: 0.1]
         [Termination Attempts: Min: 1, Avg: 95.3, Max: 119, Diff: 118, Sum: 762]
      [GC Worker Other (ms): Min: 0.0, Avg: 0.0, Max: 0.1, Diff: 0.1, Sum: 0.3]
      [GC Worker Total (ms): Min: 131.0, Avg: 131.2, Max: 131.3, Diff: 0.3, Sum: 1049.8]
      [GC Worker End (ms): Min: 14883.6, Avg: 14883.6, Max: 14883.7, Diff: 0.1]
   [Code Root Fixup: 0.0 ms]
   [Code Root Purge: 0.0 ms]
   [Clear CT: 0.2 ms]
   [Other: 1.6 ms]
      [Choose CSet: 0.0 ms]
      [Ref Proc: 0.3 ms]
      [Ref Enq: 0.0 ms]
      [Redirty Cards: 0.9 ms]
      [Humongous Register: 0.1 ms]
      [Humongous Reclaim: 0.0 ms]
      [Free CSet: 0.1 ms]
   [Eden: 127.0M(127.0M)->0.0B(137.0M) Survivors: 18.0M->19.0M Heap: 771.2M(2048.0M)->773.7M(2048.0M)]
 [Times: user=1.06 sys=0.03, real=0.13 secs] 
2020-09-29T12:11:10.003+0200: 14.973: [GC pause (G1 Evacuation Pause) (young), 0.0983620 secs]
   [Parallel Time: 97.5 ms, GC Workers: 8]
      [GC Worker Start (ms): Min: 14973.0, Avg: 14973.0, Max: 14973.1, Diff: 0.1]
      [Ext Root Scanning (ms): Min: 0.0, Avg: 0.1, Max: 0.2, Diff: 0.1, Sum: 0.7]
      [Update RS (ms): Min: 10.7, Avg: 10.8, Max: 11.1, Diff: 0.5, Sum: 86.4]
         [Processed Buffers: Min: 10, Avg: 11.6, Max: 13, Diff: 3, Sum: 93]
      [Scan RS (ms): Min: 8.5, Avg: 10.4, Max: 21.3, Diff: 12.8, Sum: 83.2]
      [Code Root Scanning (ms): Min: 0.0, Avg: 0.0, Max: 0.0, Diff: 0.0, Sum: 0.0]
      [Object Copy (ms): Min: 65.2, Avg: 75.9, Max: 77.5, Diff: 12.4, Sum: 607.3]
      [Termination (ms): Min: 0.0, Avg: 0.1, Max: 0.1, Diff: 0.1, Sum: 0.7]
         [Termination Attempts: Min: 1, Avg: 380.8, Max: 487, Diff: 486, Sum: 3046]
      [GC Worker Other (ms): Min: 0.0, Avg: 0.0, Max: 0.0, Diff: 0.0, Sum: 0.1]
      [GC Worker Total (ms): Min: 97.3, Avg: 97.3, Max: 97.4, Diff: 0.1, Sum: 778.4]
      [GC Worker End (ms): Min: 15070.3, Avg: 15070.3, Max: 15070.3, Diff: 0.0]
   [Code Root Fixup: 0.0 ms]
   [Code Root Purge: 0.0 ms]
   [Clear CT: 0.1 ms]
   [Other: 0.8 ms]
      [Choose CSet: 0.0 ms]
      [Ref Proc: 0.1 ms]
      [Ref Enq: 0.0 ms]
      [Redirty Cards: 0.2 ms]
      [Humongous Register: 0.1 ms]
      [Humongous Reclaim: 0.0 ms]
      [Free CSet: 0.1 ms]
   [Eden: 137.0M(137.0M)->0.0B(158.0M) Survivors: 19.0M->20.0M Heap: 933.6M(2048.0M)->935.1M(2048.0M)]
 [Times: user=0.83 sys=0.03, real=0.10 secs] 
2020-09-29T12:11:10.112+0200: 15.082: [GC pause (G1 Humongous Allocation) (young) (initial-mark), 0.0284317 secs]
   [Parallel Time: 27.2 ms, GC Workers: 8]
      [GC Worker Start (ms): Min: 15081.9, Avg: 15081.9, Max: 15082.0, Diff: 0.1]
      [Ext Root Scanning (ms): Min: 0.0, Avg: 0.1, Max: 0.1, Diff: 0.1, Sum: 0.7]
      [Update RS (ms): Min: 14.1, Avg: 14.3, Max: 14.9, Diff: 0.8, Sum: 114.8]
         [Processed Buffers: Min: 13, Avg: 16.8, Max: 19, Diff: 6, Sum: 134]
      [Scan RS (ms): Min: 0.6, Avg: 1.2, Max: 1.4, Diff: 0.8, Sum: 9.7]
      [Code Root Scanning (ms): Min: 0.0, Avg: 0.0, Max: 0.0, Diff: 0.0, Sum: 0.0]
      [Object Copy (ms): Min: 11.4, Avg: 11.4, Max: 11.5, Diff: 0.1, Sum: 91.4]
      [Termination (ms): Min: 0.0, Avg: 0.0, Max: 0.0, Diff: 0.0, Sum: 0.2]
         [Termination Attempts: Min: 1, Avg: 131.1, Max: 172, Diff: 171, Sum: 1049]
      [GC Worker Other (ms): Min: 0.0, Avg: 0.0, Max: 0.0, Diff: 0.0, Sum: 0.1]
      [GC Worker Total (ms): Min: 27.1, Avg: 27.1, Max: 27.2, Diff: 0.1, Sum: 216.9]
      [GC Worker End (ms): Min: 15109.0, Avg: 15109.0, Max: 15109.0, Diff: 0.0]
   [Code Root Fixup: 0.0 ms]
   [Code Root Purge: 0.0 ms]
   [Clear CT: 0.2 ms]
   [Other: 1.0 ms]
      [Choose CSet: 0.0 ms]
      [Ref Proc: 0.4 ms]
      [Ref Enq: 0.0 ms]
      [Redirty Cards: 0.2 ms]
      [Humongous Register: 0.1 ms]
      [Humongous Reclaim: 0.0 ms]
      [Free CSet: 0.1 ms]
   [Eden: 7168.0K(158.0M)->0.0B(201.0M) Survivors: 20.0M->9216.0K Heap: 942.1M(2048.0M)->946.1M(2048.0M)]
 [Times: user=0.25 sys=0.00, real=0.03 secs] 
2020-09-29T12:11:10.141+0200: 15.110: [GC concurrent-root-region-scan-start]
2020-09-29T12:11:10.144+0200: 15.113: [GC concurrent-root-region-scan-end, 0.0031049 secs]
2020-09-29T12:11:10.144+0200: 15.113: [GC concurrent-mark-start]
2020-09-29T12:11:10.149+0200: 15.118: [GC concurrent-mark-end, 0.0047262 secs]
2020-09-29T12:11:10.149+0200: 15.119: [GC remark 2020-09-29T12:11:10.149+0200: 15.119: [Finalize Marking, 0.0006453 secs] 2020-09-29T12:11:10.150+0200: 15.119: [GC ref-proc, 0.0004295 secs] 2020-09-29T12:11:10.150+0200: 15.120: [Unloading, 0.0009369 secs], 0.0025129 secs]
 [Times: user=0.00 sys=0.00, real=0.00 secs] 
2020-09-29T12:11:10.153+0200: 15.123: [GC cleanup 962M->35M(2048M), 0.0027695 secs]
 [Times: user=0.00 sys=0.00, real=0.00 secs] 
2020-09-29T12:11:10.156+0200: 15.125: [GC concurrent-cleanup-start]
2020-09-29T12:11:10.157+0200: 15.127: [GC concurrent-cleanup-end, 0.0014195 secs]
2020-09-29T12:11:10.275+0200: 15.244: [GC pause (G1 Evacuation Pause) (young), 0.1411393 secs]
   [Parallel Time: 140.2 ms, GC Workers: 8]
      [GC Worker Start (ms): Min: 15244.6, Avg: 15247.1, Max: 15264.5, Diff: 19.9]
      [Ext Root Scanning (ms): Min: 0.0, Avg: 0.1, Max: 0.1, Diff: 0.1, Sum: 0.7]
      [Update RS (ms): Min: 0.0, Avg: 13.2, Max: 15.2, Diff: 15.2, Sum: 105.8]
         [Processed Buffers: Min: 0, Avg: 15.3, Max: 20, Diff: 20, Sum: 122]
      [Scan RS (ms): Min: 11.5, Avg: 12.3, Max: 12.5, Diff: 1.0, Sum: 98.2]
      [Code Root Scanning (ms): Min: 0.0, Avg: 0.0, Max: 0.0, Diff: 0.0, Sum: 0.0]
      [Object Copy (ms): Min: 108.4, Avg: 111.8, Max: 112.3, Diff: 3.9, Sum: 894.2]
      [Termination (ms): Min: 0.0, Avg: 0.1, Max: 0.2, Diff: 0.2, Sum: 1.1]
         [Termination Attempts: Min: 1, Avg: 927.5, Max: 1088, Diff: 1087, Sum: 7420]
      [GC Worker Other (ms): Min: 0.0, Avg: 0.0, Max: 0.1, Diff: 0.0, Sum: 0.3]
      [GC Worker Total (ms): Min: 120.1, Avg: 137.5, Max: 140.1, Diff: 20.0, Sum: 1100.3]
      [GC Worker End (ms): Min: 15384.6, Avg: 15384.6, Max: 15384.7, Diff: 0.0]
   [Code Root Fixup: 0.0 ms]
   [Code Root Purge: 0.0 ms]
   [Clear CT: 0.2 ms]
   [Other: 0.8 ms]
      [Choose CSet: 0.0 ms]
      [Ref Proc: 0.1 ms]
      [Ref Enq: 0.0 ms]
      [Redirty Cards: 0.2 ms]
      [Humongous Register: 0.0 ms]
      [Humongous Reclaim: 0.0 ms]
      [Free CSet: 0.2 ms]
   [Eden: 195.0M(192.0M)->0.0B(200.0M) Survivors: 9216.0K->26.0M Heap: 247.8M(2048.0M)->241.3M(2048.0M)]
 [Times: user=1.02 sys=0.05, real=0.14 secs] 
2020-09-29T12:11:10.547+0200: 15.517: [GC pause (G1 Evacuation Pause) (young), 0.1315679 secs]
   [Parallel Time: 130.6 ms, GC Workers: 8]
      [GC Worker Start (ms): Min: 15516.8, Avg: 15517.0, Max: 15517.4, Diff: 0.6]
      [Ext Root Scanning (ms): Min: 0.0, Avg: 0.1, Max: 0.1, Diff: 0.1, Sum: 0.6]
      [Update RS (ms): Min: 13.9, Avg: 15.8, Max: 26.2, Diff: 12.3, Sum: 126.2]
         [Processed Buffers: Min: 11, Avg: 14.8, Max: 17, Diff: 6, Sum: 118]
      [Scan RS (ms): Min: 3.2, Avg: 13.9, Max: 17.8, Diff: 14.6, Sum: 111.2]
      [Code Root Scanning (ms): Min: 0.0, Avg: 0.0, Max: 0.0, Diff: 0.0, Sum: 0.0]
      [Object Copy (ms): Min: 98.2, Avg: 100.5, Max: 100.9, Diff: 2.7, Sum: 804.3]
      [Termination (ms): Min: 0.0, Avg: 0.1, Max: 0.1, Diff: 0.1, Sum: 0.4]
         [Termination Attempts: Min: 1, Avg: 67.5, Max: 99, Diff: 98, Sum: 540]
      [GC Worker Other (ms): Min: 0.0, Avg: 0.0, Max: 0.1, Diff: 0.0, Sum: 0.2]
      [GC Worker Total (ms): Min: 130.0, Avg: 130.4, Max: 130.5, Diff: 0.5, Sum: 1042.9]
      [GC Worker End (ms): Min: 15647.3, Avg: 15647.3, Max: 15647.4, Diff: 0.0]
   [Code Root Fixup: 0.0 ms]
   [Code Root Purge: 0.0 ms]
   [Clear CT: 0.1 ms]
   [Other: 0.8 ms]
      [Choose CSet: 0.0 ms]
      [Ref Proc: 0.1 ms]
      [Ref Enq: 0.0 ms]
      [Redirty Cards: 0.2 ms]
      [Humongous Register: 0.0 ms]
      [Humongous Reclaim: 0.0 ms]
      [Free CSet: 0.2 ms]
   [Eden: 200.0M(200.0M)->0.0B(207.0M) Survivors: 26.0M->29.0M Heap: 473.8M(2048.0M)->476.3M(2048.0M)]
 [Times: user=0.98 sys=0.05, real=0.13 secs] 
2020-09-29T12:11:10.803+0200: 15.773: [GC pause (G1 Evacuation Pause) (young), 0.1514574 secs]
   [Parallel Time: 150.5 ms, GC Workers: 8]
      [GC Worker Start (ms): Min: 15772.7, Avg: 15772.8, Max: 15772.9, Diff: 0.1]
      [Ext Root Scanning (ms): Min: 0.0, Avg: 0.1, Max: 0.1, Diff: 0.1, Sum: 0.5]
      [Update RS (ms): Min: 14.6, Avg: 14.7, Max: 15.2, Diff: 0.6, Sum: 117.8]
         [Processed Buffers: Min: 14, Avg: 15.8, Max: 18, Diff: 4, Sum: 126]
      [Scan RS (ms): Min: 13.4, Avg: 13.8, Max: 14.1, Diff: 0.7, Sum: 110.8]
      [Code Root Scanning (ms): Min: 0.0, Avg: 0.0, Max: 0.0, Diff: 0.0, Sum: 0.0]
      [Object Copy (ms): Min: 121.3, Avg: 121.5, Max: 121.7, Diff: 0.3, Sum: 971.9]
      [Termination (ms): Min: 0.0, Avg: 0.2, Max: 0.2, Diff: 0.2, Sum: 1.2]
         [Termination Attempts: Min: 1, Avg: 816.9, Max: 1241, Diff: 1240, Sum: 6535]
      [GC Worker Other (ms): Min: 0.0, Avg: 0.0, Max: 0.0, Diff: 0.0, Sum: 0.1]
      [GC Worker Total (ms): Min: 150.2, Avg: 150.3, Max: 150.3, Diff: 0.1, Sum: 1202.3]
      [GC Worker End (ms): Min: 15923.1, Avg: 15923.1, Max: 15923.1, Diff: 0.0]
   [Code Root Fixup: 0.0 ms]
   [Code Root Purge: 0.0 ms]
   [Clear CT: 0.2 ms]
   [Other: 0.8 ms]
      [Choose CSet: 0.0 ms]
      [Ref Proc: 0.2 ms]
      [Ref Enq: 0.0 ms]
      [Redirty Cards: 0.2 ms]
      [Humongous Register: 0.0 ms]
      [Humongous Reclaim: 0.0 ms]
      [Free CSet: 0.2 ms]
   [Eden: 207.0M(207.0M)->0.0B(211.0M) Survivors: 29.0M->30.0M Heap: 717.6M(2048.0M)->718.6M(2048.0M)]
 [Times: user=1.02 sys=0.02, real=0.15 secs] 
2020-09-29T12:11:11.094+0200: 16.063: [GC pause (G1 Evacuation Pause) (young), 0.1479584 secs]
   [Parallel Time: 146.9 ms, GC Workers: 8]
      [GC Worker Start (ms): Min: 16063.3, Avg: 16063.3, Max: 16063.4, Diff: 0.1]
      [Ext Root Scanning (ms): Min: 0.0, Avg: 0.1, Max: 0.1, Diff: 0.1, Sum: 0.7]
      [Update RS (ms): Min: 18.7, Avg: 18.9, Max: 19.6, Diff: 0.8, Sum: 151.3]
         [Processed Buffers: Min: 17, Avg: 18.6, Max: 23, Diff: 6, Sum: 149]
      [Scan RS (ms): Min: 16.5, Avg: 17.3, Max: 18.0, Diff: 1.5, Sum: 138.1]
      [Code Root Scanning (ms): Min: 0.0, Avg: 0.0, Max: 0.0, Diff: 0.0, Sum: 0.0]
      [Object Copy (ms): Min: 109.7, Avg: 110.4, Max: 110.7, Diff: 0.9, Sum: 882.8]
      [Termination (ms): Min: 0.0, Avg: 0.1, Max: 0.2, Diff: 0.2, Sum: 1.2]
         [Termination Attempts: Min: 1, Avg: 942.1, Max: 1141, Diff: 1140, Sum: 7537]
      [GC Worker Other (ms): Min: 0.0, Avg: 0.0, Max: 0.1, Diff: 0.1, Sum: 0.3]
      [GC Worker Total (ms): Min: 146.7, Avg: 146.8, Max: 146.9, Diff: 0.1, Sum: 1174.5]
      [GC Worker End (ms): Min: 16210.1, Avg: 16210.1, Max: 16210.2, Diff: 0.1]
   [Code Root Fixup: 0.0 ms]
   [Code Root Purge: 0.0 ms]
   [Clear CT: 0.2 ms]
   [Other: 0.8 ms]
      [Choose CSet: 0.0 ms]
      [Ref Proc: 0.1 ms]
      [Ref Enq: 0.0 ms]
      [Redirty Cards: 0.2 ms]
      [Humongous Register: 0.1 ms]
      [Humongous Reclaim: 0.0 ms]
      [Free CSet: 0.2 ms]
   [Eden: 211.0M(211.0M)->0.0B(221.0M) Survivors: 30.0M->31.0M Heap: 965.8M(2048.0M)->967.8M(2048.0M)]
 [Times: user=1.09 sys=0.03, real=0.15 secs] 
2020-09-29T12:11:11.249+0200: 16.218: [GC pause (G1 Humongous Allocation) (young) (initial-mark), 0.0536773 secs]
   [Parallel Time: 52.7 ms, GC Workers: 8]
      [GC Worker Start (ms): Min: 16218.5, Avg: 16218.5, Max: 16218.6, Diff: 0.2]
      [Ext Root Scanning (ms): Min: 0.1, Avg: 0.8, Max: 2.7, Diff: 2.6, Sum: 6.1]
      [Update RS (ms): Min: 28.2, Avg: 30.4, Max: 31.3, Diff: 3.1, Sum: 243.6]
         [Processed Buffers: Min: 28, Avg: 34.4, Max: 39, Diff: 11, Sum: 275]
      [Scan RS (ms): Min: 2.2, Avg: 2.6, Max: 2.7, Diff: 0.6, Sum: 20.5]
      [Code Root Scanning (ms): Min: 0.0, Avg: 0.0, Max: 0.0, Diff: 0.0, Sum: 0.0]
      [Object Copy (ms): Min: 18.7, Avg: 18.8, Max: 18.8, Diff: 0.1, Sum: 150.0]
      [Termination (ms): Min: 0.0, Avg: 0.0, Max: 0.0, Diff: 0.0, Sum: 0.2]
         [Termination Attempts: Min: 1, Avg: 112.6, Max: 160, Diff: 159, Sum: 901]
      [GC Worker Other (ms): Min: 0.0, Avg: 0.0, Max: 0.0, Diff: 0.0, Sum: 0.1]
      [GC Worker Total (ms): Min: 52.5, Avg: 52.6, Max: 52.6, Diff: 0.2, Sum: 420.6]
      [GC Worker End (ms): Min: 16271.1, Avg: 16271.1, Max: 16271.1, Diff: 0.0]
   [Code Root Fixup: 0.0 ms]
   [Code Root Purge: 0.0 ms]
   [Clear CT: 0.2 ms]
   [Other: 0.7 ms]
      [Choose CSet: 0.0 ms]
      [Ref Proc: 0.2 ms]
      [Ref Enq: 0.0 ms]
      [Redirty Cards: 0.2 ms]
      [Humongous Register: 0.1 ms]
      [Humongous Reclaim: 0.0 ms]
      [Free CSet: 0.1 ms]
   [Eden: 12.0M(221.0M)->0.0B(256.0M) Survivors: 31.0M->13.0M Heap: 979.3M(2048.0M)->982.8M(2048.0M)]
 [Times: user=0.45 sys=0.00, real=0.05 secs] 
2020-09-29T12:11:11.303+0200: 16.272: [GC concurrent-root-region-scan-start]
2020-09-29T12:11:11.307+0200: 16.276: [GC concurrent-root-region-scan-end, 0.0042300 secs]
2020-09-29T12:11:11.307+0200: 16.276: [GC concurrent-mark-start]
2020-09-29T12:11:11.311+0200: 16.281: [GC concurrent-mark-end, 0.0038053 secs]
2020-09-29T12:11:11.312+0200: 16.281: [GC remark 2020-09-29T12:11:11.312+0200: 16.281: [Finalize Marking, 0.0002608 secs] 2020-09-29T12:11:11.312+0200: 16.281: [GC ref-proc, 0.0004290 secs] 2020-09-29T12:11:11.312+0200: 16.282: [Unloading, 0.0006148 secs], 0.0017580 secs]
 [Times: user=0.00 sys=0.00, real=0.00 secs] 
2020-09-29T12:11:11.314+0200: 16.283: [GC cleanup 1001M->41M(2048M), 0.0020298 secs]
 [Times: user=0.00 sys=0.00, real=0.00 secs] 
2020-09-29T12:11:11.316+0200: 16.285: [GC concurrent-cleanup-start]
2020-09-29T12:11:11.318+0200: 16.287: [GC concurrent-cleanup-end, 0.0015955 secs]
2020-09-29T12:11:11.483+0200: 16.452: [GC pause (G1 Evacuation Pause) (young), 0.1510112 secs]
   [Parallel Time: 149.9 ms, GC Workers: 8]
      [GC Worker Start (ms): Min: 16452.2, Avg: 16452.2, Max: 16452.3, Diff: 0.1]
      [Ext Root Scanning (ms): Min: 0.0, Avg: 0.1, Max: 0.1, Diff: 0.1, Sum: 0.6]
      [Update RS (ms): Min: 19.2, Avg: 19.3, Max: 20.1, Diff: 1.0, Sum: 154.5]
         [Processed Buffers: Min: 17, Avg: 20.0, Max: 21, Diff: 4, Sum: 160]
      [Scan RS (ms): Min: 14.4, Avg: 15.4, Max: 16.8, Diff: 2.5, Sum: 123.1]
      [Code Root Scanning (ms): Min: 0.0, Avg: 0.0, Max: 0.0, Diff: 0.0, Sum: 0.0]
      [Object Copy (ms): Min: 113.5, Avg: 114.9, Max: 115.2, Diff: 1.7, Sum: 918.9]
      [Termination (ms): Min: 0.0, Avg: 0.1, Max: 0.1, Diff: 0.1, Sum: 0.5]
         [Termination Attempts: Min: 1, Avg: 452.3, Max: 563, Diff: 562, Sum: 3618]
      [GC Worker Other (ms): Min: 0.0, Avg: 0.1, Max: 0.1, Diff: 0.1, Sum: 0.6]
      [GC Worker Total (ms): Min: 149.7, Avg: 149.8, Max: 149.9, Diff: 0.2, Sum: 1198.3]
      [GC Worker End (ms): Min: 16602.0, Avg: 16602.0, Max: 16602.0, Diff: 0.1]
   [Code Root Fixup: 0.0 ms]
   [Code Root Purge: 0.0 ms]
   [Clear CT: 0.1 ms]
   [Other: 1.0 ms]
      [Choose CSet: 0.0 ms]
      [Ref Proc: 0.2 ms]
      [Ref Enq: 0.0 ms]
      [Redirty Cards: 0.2 ms]
      [Humongous Register: 0.0 ms]
      [Humongous Reclaim: 0.0 ms]
      [Free CSet: 0.3 ms]
   [Eden: 256.0M(256.0M)->0.0B(247.0M) Survivors: 13.0M->34.0M Heap: 322.4M(2048.0M)->311.4M(2048.0M)]
 [Times: user=1.14 sys=0.05, real=0.15 secs] 
2020-09-29T12:11:11.778+0200: 16.747: [GC pause (G1 Evacuation Pause) (young), 0.1542641 secs]
   [Parallel Time: 153.1 ms, GC Workers: 8]
      [GC Worker Start (ms): Min: 16747.5, Avg: 16747.5, Max: 16747.6, Diff: 0.1]
      [Ext Root Scanning (ms): Min: 0.0, Avg: 0.1, Max: 0.1, Diff: 0.1, Sum: 0.6]
      [Update RS (ms): Min: 20.0, Avg: 20.4, Max: 20.8, Diff: 0.8, Sum: 163.2]
         [Processed Buffers: Min: 20, Avg: 21.1, Max: 23, Diff: 3, Sum: 169]
      [Scan RS (ms): Min: 15.4, Avg: 15.9, Max: 17.1, Diff: 1.7, Sum: 127.0]
      [Code Root Scanning (ms): Min: 0.0, Avg: 0.0, Max: 0.0, Diff: 0.0, Sum: 0.0]
      [Object Copy (ms): Min: 115.2, Avg: 116.4, Max: 116.8, Diff: 1.5, Sum: 931.2]
      [Termination (ms): Min: 0.0, Avg: 0.1, Max: 0.1, Diff: 0.1, Sum: 0.7]
         [Termination Attempts: Min: 1, Avg: 625.8, Max: 775, Diff: 774, Sum: 5006]
      [GC Worker Other (ms): Min: 0.0, Avg: 0.0, Max: 0.1, Diff: 0.1, Sum: 0.3]
      [GC Worker Total (ms): Min: 152.8, Avg: 152.9, Max: 152.9, Diff: 0.1, Sum: 1223.1]
      [GC Worker End (ms): Min: 16900.4, Avg: 16900.4, Max: 16900.5, Diff: 0.1]
   [Code Root Fixup: 0.0 ms]
   [Code Root Purge: 0.0 ms]
   [Clear CT: 0.2 ms]
   [Other: 1.0 ms]
      [Choose CSet: 0.0 ms]
      [Ref Proc: 0.1 ms]
      [Ref Enq: 0.0 ms]
      [Redirty Cards: 0.3 ms]
      [Humongous Register: 0.1 ms]
      [Humongous Reclaim: 0.0 ms]
      [Free CSet: 0.2 ms]
   [Eden: 247.0M(247.0M)->0.0B(252.0M) Survivors: 34.0M->36.0M Heap: 598.4M(2048.0M)->599.9M(2048.0M)]
 [Times: user=1.13 sys=0.09, real=0.15 secs] 
2020-09-29T12:11:12.100+0200: 17.069: [GC pause (G1 Evacuation Pause) (young), 0.1856779 secs]
   [Parallel Time: 184.6 ms, GC Workers: 8]
      [GC Worker Start (ms): Min: 17069.2, Avg: 17069.3, Max: 17069.3, Diff: 0.1]
      [Ext Root Scanning (ms): Min: 0.0, Avg: 0.1, Max: 0.1, Diff: 0.1, Sum: 0.7]
      [Update RS (ms): Min: 22.8, Avg: 24.3, Max: 32.8, Diff: 10.0, Sum: 194.2]
         [Processed Buffers: Min: 9, Avg: 17.9, Max: 23, Diff: 14, Sum: 143]
      [Scan RS (ms): Min: 12.6, Avg: 21.0, Max: 22.7, Diff: 10.1, Sum: 168.4]
      [Code Root Scanning (ms): Min: 0.0, Avg: 0.0, Max: 0.0, Diff: 0.0, Sum: 0.0]
      [Object Copy (ms): Min: 138.8, Avg: 139.0, Max: 139.1, Diff: 0.3, Sum: 1111.7]
      [Termination (ms): Min: 0.0, Avg: 0.1, Max: 0.1, Diff: 0.1, Sum: 0.6]
         [Termination Attempts: Min: 1, Avg: 520.3, Max: 669, Diff: 668, Sum: 4162]
      [GC Worker Other (ms): Min: 0.0, Avg: 0.1, Max: 0.1, Diff: 0.1, Sum: 0.6]
      [GC Worker Total (ms): Min: 184.4, Avg: 184.5, Max: 184.6, Diff: 0.1, Sum: 1476.1]
      [GC Worker End (ms): Min: 17253.8, Avg: 17253.8, Max: 17253.8, Diff: 0.1]
   [Code Root Fixup: 0.0 ms]
   [Code Root Purge: 0.0 ms]
   [Clear CT: 0.2 ms]
   [Other: 0.9 ms]
      [Choose CSet: 0.0 ms]
      [Ref Proc: 0.2 ms]
      [Ref Enq: 0.0 ms]
      [Redirty Cards: 0.2 ms]
      [Humongous Register: 0.1 ms]
      [Humongous Reclaim: 0.0 ms]
      [Free CSet: 0.3 ms]
   [Eden: 252.0M(252.0M)->0.0B(240.0M) Survivors: 36.0M->36.0M Heap: 893.9M(2048.0M)->895.9M(2048.0M)]
 [Times: user=1.19 sys=0.06, real=0.19 secs] 
2020-09-29T12:11:12.432+0200: 17.402: [GC pause (G1 Evacuation Pause) (young), 0.1600165 secs]
   [Parallel Time: 158.8 ms, GC Workers: 8]
      [GC Worker Start (ms): Min: 17402.0, Avg: 17402.7, Max: 17407.0, Diff: 5.0]
      [Ext Root Scanning (ms): Min: 0.0, Avg: 0.1, Max: 0.1, Diff: 0.1, Sum: 0.5]
      [Update RS (ms): Min: 12.5, Avg: 17.0, Max: 20.7, Diff: 8.2, Sum: 136.4]
         [Processed Buffers: Min: 6, Avg: 15.8, Max: 18, Diff: 12, Sum: 126]
      [Scan RS (ms): Min: 13.6, Avg: 16.7, Max: 17.7, Diff: 4.0, Sum: 133.6]
      [Code Root Scanning (ms): Min: 0.0, Avg: 0.0, Max: 0.0, Diff: 0.0, Sum: 0.0]
      [Object Copy (ms): Min: 123.9, Avg: 124.0, Max: 124.1, Diff: 0.2, Sum: 991.9]
      [Termination (ms): Min: 0.0, Avg: 0.0, Max: 0.0, Diff: 0.0, Sum: 0.0]
         [Termination Attempts: Min: 1, Avg: 35.6, Max: 47, Diff: 46, Sum: 285]
      [GC Worker Other (ms): Min: 0.0, Avg: 0.0, Max: 0.1, Diff: 0.0, Sum: 0.2]
      [GC Worker Total (ms): Min: 153.5, Avg: 157.8, Max: 158.6, Diff: 5.0, Sum: 1262.7]
      [GC Worker End (ms): Min: 17560.5, Avg: 17560.5, Max: 17560.6, Diff: 0.0]
   [Code Root Fixup: 0.0 ms]
   [Code Root Purge: 0.0 ms]
   [Clear CT: 0.1 ms]
   [Other: 1.1 ms]
      [Choose CSet: 0.0 ms]
      [Ref Proc: 0.2 ms]
      [Ref Enq: 0.0 ms]
      [Redirty Cards: 0.3 ms]
      [Humongous Register: 0.1 ms]
      [Humongous Reclaim: 0.0 ms]
      [Free CSet: 0.3 ms]
   [Eden: 240.0M(240.0M)->0.0B(247.0M) Survivors: 36.0M->35.0M Heap: 1175.9M(2048.0M)->1177.9M(2048.0M)]
 [Times: user=1.19 sys=0.03, real=0.16 secs] 
2020-09-29T12:11:12.607+0200: 17.576: [GC pause (G1 Humongous Allocation) (young) (initial-mark), 0.0441181 secs]
   [Parallel Time: 43.2 ms, GC Workers: 8]
      [GC Worker Start (ms): Min: 17576.4, Avg: 17576.5, Max: 17576.6, Diff: 0.2]
      [Ext Root Scanning (ms): Min: 0.0, Avg: 0.2, Max: 0.3, Diff: 0.3, Sum: 1.3]
      [Update RS (ms): Min: 21.9, Avg: 22.2, Max: 22.5, Diff: 0.6, Sum: 177.7]
         [Processed Buffers: Min: 24, Avg: 25.6, Max: 27, Diff: 3, Sum: 205]
      [Scan RS (ms): Min: 1.9, Avg: 2.2, Max: 2.6, Diff: 0.7, Sum: 18.0]
      [Code Root Scanning (ms): Min: 0.0, Avg: 0.0, Max: 0.0, Diff: 0.0, Sum: 0.0]
      [Object Copy (ms): Min: 18.2, Avg: 18.3, Max: 18.4, Diff: 0.2, Sum: 146.7]
      [Termination (ms): Min: 0.0, Avg: 0.0, Max: 0.0, Diff: 0.0, Sum: 0.1]
         [Termination Attempts: Min: 1, Avg: 54.9, Max: 72, Diff: 71, Sum: 439]
      [GC Worker Other (ms): Min: 0.0, Avg: 0.0, Max: 0.0, Diff: 0.0, Sum: 0.1]
      [GC Worker Total (ms): Min: 42.9, Avg: 43.0, Max: 43.1, Diff: 0.2, Sum: 344.0]
      [GC Worker End (ms): Min: 17619.5, Avg: 17619.5, Max: 17619.5, Diff: 0.0]
   [Code Root Fixup: 0.0 ms]
   [Code Root Purge: 0.0 ms]
   [Clear CT: 0.2 ms]
   [Other: 0.7 ms]
      [Choose CSet: 0.0 ms]
      [Ref Proc: 0.1 ms]
      [Ref Enq: 0.0 ms]
      [Redirty Cards: 0.2 ms]
      [Humongous Register: 0.1 ms]
      [Humongous Reclaim: 0.0 ms]
      [Free CSet: 0.1 ms]
   [Eden: 1024.0K(247.0M)->0.0B(306.0M) Survivors: 35.0M->2048.0K Heap: 1178.9M(2048.0M)->1182.9M(2048.0M)]
 [Times: user=0.38 sys=0.00, real=0.04 secs] 
2020-09-29T12:11:12.651+0200: 17.620: [GC concurrent-root-region-scan-start]
2020-09-29T12:11:12.651+0200: 17.621: [GC concurrent-root-region-scan-end, 0.0004232 secs]
2020-09-29T12:11:12.651+0200: 17.621: [GC concurrent-mark-start]
2020-09-29T12:11:12.655+0200: 17.625: [GC concurrent-mark-end, 0.0038723 secs]
2020-09-29T12:11:12.656+0200: 17.625: [GC remark 2020-09-29T12:11:12.656+0200: 17.625: [Finalize Marking, 0.0002443 secs] 2020-09-29T12:11:12.656+0200: 17.625: [GC ref-proc, 0.0003757 secs] 2020-09-29T12:11:12.656+0200: 17.626: [Unloading, 0.0005459 secs], 0.0015299 secs]
 [Times: user=0.00 sys=0.00, real=0.00 secs] 
2020-09-29T12:11:12.658+0200: 17.627: [GC cleanup 1191M->20M(2048M), 0.0014153 secs]
 [Times: user=0.00 sys=0.00, real=0.00 secs] 
2020-09-29T12:11:12.659+0200: 17.629: [GC concurrent-cleanup-start]
2020-09-29T12:11:12.661+0200: 17.631: [GC concurrent-cleanup-end, 0.0021003 secs]
2020-09-29T12:11:12.857+0200: 17.827: [GC pause (G1 Evacuation Pause) (young), 0.1690803 secs]
   [Parallel Time: 167.9 ms, GC Workers: 8]
      [GC Worker Start (ms): Min: 17827.0, Avg: 17827.1, Max: 17827.1, Diff: 0.1]
      [Ext Root Scanning (ms): Min: 0.0, Avg: 0.1, Max: 0.1, Diff: 0.1, Sum: 0.7]
      [Update RS (ms): Min: 14.0, Avg: 14.2, Max: 14.7, Diff: 0.7, Sum: 113.8]
         [Processed Buffers: Min: 14, Avg: 14.8, Max: 16, Diff: 2, Sum: 118]
      [Scan RS (ms): Min: 22.9, Avg: 23.4, Max: 23.7, Diff: 0.8, Sum: 187.2]
      [Code Root Scanning (ms): Min: 0.0, Avg: 0.0, Max: 0.0, Diff: 0.0, Sum: 0.0]
      [Object Copy (ms): Min: 129.7, Avg: 129.8, Max: 129.9, Diff: 0.2, Sum: 1038.3]
      [Termination (ms): Min: 0.0, Avg: 0.1, Max: 0.1, Diff: 0.1, Sum: 0.7]
         [Termination Attempts: Min: 1, Avg: 671.6, Max: 867, Diff: 866, Sum: 5373]
      [GC Worker Other (ms): Min: 0.0, Avg: 0.1, Max: 0.2, Diff: 0.1, Sum: 0.7]
      [GC Worker Total (ms): Min: 167.6, Avg: 167.7, Max: 167.8, Diff: 0.2, Sum: 1341.3]
      [GC Worker End (ms): Min: 17994.7, Avg: 17994.8, Max: 17994.8, Diff: 0.1]
   [Code Root Fixup: 0.0 ms]
   [Code Root Purge: 0.0 ms]
   [Clear CT: 0.2 ms]
   [Other: 1.0 ms]
      [Choose CSet: 0.0 ms]
      [Ref Proc: 0.3 ms]
      [Ref Enq: 0.0 ms]
      [Redirty Cards: 0.2 ms]
      [Humongous Register: 0.1 ms]
      [Humongous Reclaim: 0.0 ms]
      [Free CSet: 0.2 ms]
   [Eden: 306.0M(306.0M)->0.0B(266.0M) Survivors: 2048.0K->39.0M Heap: 369.5M(2048.0M)->370.0M(2048.0M)]
 [Times: user=1.22 sys=0.09, real=0.17 secs] 
2020-09-29T12:11:13.220+0200: 18.190: [GC pause (G1 Evacuation Pause) (young), 0.2010767 secs]
   [Parallel Time: 198.9 ms, GC Workers: 8]
      [GC Worker Start (ms): Min: 18189.8, Avg: 18195.2, Max: 18202.1, Diff: 12.4]
      [Ext Root Scanning (ms): Min: 0.0, Avg: 0.1, Max: 0.1, Diff: 0.1, Sum: 0.5]
      [Update RS (ms): Min: 12.2, Avg: 19.4, Max: 25.3, Diff: 13.1, Sum: 155.3]
         [Processed Buffers: Min: 8, Avg: 16.5, Max: 23, Diff: 15, Sum: 132]
      [Scan RS (ms): Min: 22.4, Avg: 22.8, Max: 23.2, Diff: 0.9, Sum: 182.6]
      [Code Root Scanning (ms): Min: 0.0, Avg: 0.0, Max: 0.0, Diff: 0.0, Sum: 0.0]
      [Object Copy (ms): Min: 150.6, Avg: 150.7, Max: 150.9, Diff: 0.3, Sum: 1205.5]
      [Termination (ms): Min: 0.0, Avg: 0.3, Max: 0.3, Diff: 0.3, Sum: 2.0]
         [Termination Attempts: Min: 1, Avg: 1830.4, Max: 2299, Diff: 2298, Sum: 14643]
      [GC Worker Other (ms): Min: 0.0, Avg: 0.1, Max: 0.1, Diff: 0.1, Sum: 0.5]
      [GC Worker Total (ms): Min: 186.4, Avg: 193.3, Max: 198.7, Diff: 12.4, Sum: 1546.4]
      [GC Worker End (ms): Min: 18388.5, Avg: 18388.5, Max: 18388.5, Diff: 0.1]
   [Code Root Fixup: 0.0 ms]
   [Code Root Purge: 0.0 ms]
   [Clear CT: 0.2 ms]
   [Other: 2.0 ms]
      [Choose CSet: 0.0 ms]
      [Ref Proc: 1.2 ms]
      [Ref Enq: 0.0 ms]
      [Redirty Cards: 0.2 ms]
      [Humongous Register: 0.1 ms]
      [Humongous Reclaim: 0.0 ms]
      [Free CSet: 0.3 ms]
   [Eden: 266.0M(266.0M)->0.0B(237.0M) Survivors: 39.0M->39.0M Heap: 679.9M(2048.0M)->681.4M(2048.0M)]
 [Times: user=1.45 sys=0.05, real=0.20 secs] 
2020-09-29T12:11:13.573+0200: 18.543: [GC pause (G1 Evacuation Pause) (young), 0.1768418 secs]
   [Parallel Time: 175.8 ms, GC Workers: 8]
      [GC Worker Start (ms): Min: 18542.9, Avg: 18545.4, Max: 18558.5, Diff: 15.6]
      [Ext Root Scanning (ms): Min: 0.0, Avg: 0.1, Max: 0.2, Diff: 0.2, Sum: 0.5]
      [Update RS (ms): Min: 8.8, Avg: 23.1, Max: 32.9, Diff: 24.1, Sum: 184.5]
         [Processed Buffers: Min: 11, Avg: 19.1, Max: 22, Diff: 11, Sum: 153]
      [Scan RS (ms): Min: 7.5, Avg: 16.1, Max: 17.4, Diff: 9.9, Sum: 128.4]
      [Code Root Scanning (ms): Min: 0.0, Avg: 0.0, Max: 0.0, Diff: 0.0, Sum: 0.0]
      [Object Copy (ms): Min: 133.8, Avg: 133.9, Max: 134.0, Diff: 0.2, Sum: 1071.2]
      [Termination (ms): Min: 0.0, Avg: 0.0, Max: 0.0, Diff: 0.0, Sum: 0.1]
         [Termination Attempts: Min: 1, Avg: 77.6, Max: 107, Diff: 106, Sum: 621]
      [GC Worker Other (ms): Min: 0.0, Avg: 0.0, Max: 0.1, Diff: 0.0, Sum: 0.4]
      [GC Worker Total (ms): Min: 160.1, Avg: 173.1, Max: 175.7, Diff: 15.6, Sum: 1385.1]
      [GC Worker End (ms): Min: 18718.5, Avg: 18718.6, Max: 18718.6, Diff: 0.0]
   [Code Root Fixup: 0.0 ms]
   [Code Root Purge: 0.0 ms]
   [Clear CT: 0.2 ms]
   [Other: 0.9 ms]
      [Choose CSet: 0.0 ms]
      [Ref Proc: 0.1 ms]
      [Ref Enq: 0.0 ms]
      [Redirty Cards: 0.2 ms]
      [Humongous Register: 0.1 ms]
      [Humongous Reclaim: 0.0 ms]
      [Free CSet: 0.2 ms]
   [Eden: 237.0M(237.0M)->0.0B(239.0M) Survivors: 39.0M->35.0M Heap: 958.4M(2048.0M)->960.9M(2048.0M)]
 [Times: user=1.11 sys=0.08, real=0.18 secs] 
2020-09-29T12:11:13.774+0200: 18.744: [GC pause (G1 Humongous Allocation) (young) (initial-mark), 0.0440908 secs]
   [Parallel Time: 43.1 ms, GC Workers: 8]
      [GC Worker Start (ms): Min: 18743.7, Avg: 18743.8, Max: 18743.9, Diff: 0.2]
      [Ext Root Scanning (ms): Min: 0.0, Avg: 2.6, Max: 19.9, Diff: 19.9, Sum: 21.0]
      [Update RS (ms): Min: 0.0, Avg: 15.2, Max: 17.8, Diff: 17.8, Sum: 121.9]
         [Processed Buffers: Min: 0, Avg: 18.4, Max: 22, Diff: 22, Sum: 147]
      [Scan RS (ms): Min: 0.5, Avg: 2.7, Max: 3.2, Diff: 2.7, Sum: 21.3]
      [Code Root Scanning (ms): Min: 0.0, Avg: 0.0, Max: 0.0, Diff: 0.0, Sum: 0.0]
      [Object Copy (ms): Min: 22.1, Avg: 22.2, Max: 22.3, Diff: 0.2, Sum: 177.8]
      [Termination (ms): Min: 0.0, Avg: 0.1, Max: 0.1, Diff: 0.1, Sum: 0.6]
         [Termination Attempts: Min: 1, Avg: 477.1, Max: 577, Diff: 576, Sum: 3817]
      [GC Worker Other (ms): Min: 0.0, Avg: 0.0, Max: 0.0, Diff: 0.0, Sum: 0.1]
      [GC Worker Total (ms): Min: 42.7, Avg: 42.8, Max: 42.9, Diff: 0.2, Sum: 342.7]
      [GC Worker End (ms): Min: 18786.7, Avg: 18786.7, Max: 18786.7, Diff: 0.0]
   [Code Root Fixup: 0.0 ms]
   [Code Root Purge: 0.0 ms]
   [Clear CT: 0.1 ms]
   [Other: 0.9 ms]
      [Choose CSet: 0.0 ms]
      [Ref Proc: 0.2 ms]
      [Ref Enq: 0.0 ms]
      [Redirty Cards: 0.2 ms]
      [Humongous Register: 0.1 ms]
      [Humongous Reclaim: 0.0 ms]
      [Free CSet: 0.1 ms]
   [Eden: 4096.0K(239.0M)->0.0B(276.0M) Survivors: 35.0M->5120.0K Heap: 964.9M(2048.0M)->967.4M(2048.0M)]
 [Times: user=0.36 sys=0.00, real=0.04 secs] 
2020-09-29T12:11:13.818+0200: 18.788: [GC concurrent-root-region-scan-start]
2020-09-29T12:11:13.820+0200: 18.790: [GC concurrent-root-region-scan-end, 0.0021556 secs]
2020-09-29T12:11:13.820+0200: 18.790: [GC concurrent-mark-start]
2020-09-29T12:11:13.825+0200: 18.794: [GC concurrent-mark-end, 0.0040152 secs]
2020-09-29T12:11:13.825+0200: 18.795: [GC remark 2020-09-29T12:11:13.825+0200: 18.795: [Finalize Marking, 0.0002345 secs] 2020-09-29T12:11:13.825+0200: 18.795: [GC ref-proc, 0.0004296 secs] 2020-09-29T12:11:13.826+0200: 18.795: [Unloading, 0.0004580 secs], 0.0015352 secs]
 [Times: user=0.00 sys=0.00, real=0.00 secs] 
2020-09-29T12:11:13.827+0200: 18.797: [GC cleanup 983M->30M(2048M), 0.0014227 secs]
 [Times: user=0.00 sys=0.00, real=0.00 secs] 
2020-09-29T12:11:13.829+0200: 18.798: [GC concurrent-cleanup-start]
2020-09-29T12:11:13.831+0200: 18.800: [GC concurrent-cleanup-end, 0.0016988 secs]
2020-09-29T12:11:14.005+0200: 18.975: [GC pause (G1 Evacuation Pause) (young), 0.1566897 secs]
   [Parallel Time: 155.5 ms, GC Workers: 8]
      [GC Worker Start (ms): Min: 18974.7, Avg: 18974.7, Max: 18974.8, Diff: 0.1]
      [Ext Root Scanning (ms): Min: 0.0, Avg: 0.1, Max: 0.1, Diff: 0.1, Sum: 0.7]
      [Update RS (ms): Min: 19.4, Avg: 19.5, Max: 19.7, Diff: 0.3, Sum: 155.9]
         [Processed Buffers: Min: 17, Avg: 19.8, Max: 23, Diff: 6, Sum: 158]
      [Scan RS (ms): Min: 17.9, Avg: 18.0, Max: 18.2, Diff: 0.3, Sum: 144.2]
      [Code Root Scanning (ms): Min: 0.0, Avg: 0.0, Max: 0.0, Diff: 0.0, Sum: 0.0]
      [Object Copy (ms): Min: 117.6, Avg: 117.7, Max: 117.8, Diff: 0.1, Sum: 941.8]
      [Termination (ms): Min: 0.0, Avg: 0.0, Max: 0.0, Diff: 0.0, Sum: 0.2]
         [Termination Attempts: Min: 1, Avg: 141.3, Max: 174, Diff: 173, Sum: 1130]
      [GC Worker Other (ms): Min: 0.0, Avg: 0.0, Max: 0.1, Diff: 0.0, Sum: 0.3]
      [GC Worker Total (ms): Min: 155.4, Avg: 155.4, Max: 155.5, Diff: 0.1, Sum: 1243.1]
      [GC Worker End (ms): Min: 19130.1, Avg: 19130.1, Max: 19130.1, Diff: 0.0]
   [Code Root Fixup: 0.0 ms]
   [Code Root Purge: 0.0 ms]
   [Clear CT: 0.2 ms]
   [Other: 1.0 ms]
      [Choose CSet: 0.0 ms]
      [Ref Proc: 0.2 ms]
      [Ref Enq: 0.0 ms]
      [Redirty Cards: 0.2 ms]
      [Humongous Register: 0.0 ms]
      [Humongous Reclaim: 0.0 ms]
      [Free CSet: 0.2 ms]
   [Eden: 276.0M(276.0M)->0.0B(257.0M) Survivors: 5120.0K->36.0M Heap: 338.7M(2048.0M)->335.7M(2048.0M)]
 [Times: user=1.16 sys=0.02, real=0.16 secs] 
2020-09-29T12:11:14.326+0200: 19.295: [GC pause (G1 Evacuation Pause) (young), 0.1902832 secs]
   [Parallel Time: 189.1 ms, GC Workers: 8]
      [GC Worker Start (ms): Min: 19295.5, Avg: 19295.7, Max: 19295.9, Diff: 0.4]
      [Ext Root Scanning (ms): Min: 0.0, Avg: 0.1, Max: 0.1, Diff: 0.1, Sum: 0.5]
      [Update RS (ms): Min: 20.6, Avg: 20.9, Max: 21.4, Diff: 0.8, Sum: 167.1]
         [Processed Buffers: Min: 17, Avg: 19.8, Max: 23, Diff: 6, Sum: 158]
      [Scan RS (ms): Min: 17.1, Avg: 20.8, Max: 42.4, Diff: 25.3, Sum: 166.7]
      [Code Root Scanning (ms): Min: 0.0, Avg: 0.0, Max: 0.0, Diff: 0.0, Sum: 0.0]
      [Object Copy (ms): Min: 125.4, Avg: 146.5, Max: 149.6, Diff: 24.2, Sum: 1171.7]
      [Termination (ms): Min: 0.0, Avg: 0.6, Max: 0.9, Diff: 0.9, Sum: 4.6]
         [Termination Attempts: Min: 1, Avg: 3288.4, Max: 3998, Diff: 3997, Sum: 26307]
      [GC Worker Other (ms): Min: 0.0, Avg: 0.1, Max: 0.1, Diff: 0.1, Sum: 0.5]
      [GC Worker Total (ms): Min: 188.7, Avg: 188.9, Max: 189.1, Diff: 0.4, Sum: 1511.2]
      [GC Worker End (ms): Min: 19484.5, Avg: 19484.6, Max: 19484.6, Diff: 0.1]
   [Code Root Fixup: 0.0 ms]
   [Code Root Purge: 0.0 ms]
   [Clear CT: 0.2 ms]
   [Other: 1.0 ms]
      [Choose CSet: 0.0 ms]
      [Ref Proc: 0.1 ms]
      [Ref Enq: 0.0 ms]
      [Redirty Cards: 0.3 ms]
      [Humongous Register: 0.1 ms]
      [Humongous Reclaim: 0.0 ms]
      [Free CSet: 0.3 ms]
   [Eden: 257.0M(257.0M)->0.0B(242.0M) Survivors: 36.0M->37.0M Heap: 634.6M(2048.0M)->636.6M(2048.0M)]
 [Times: user=1.27 sys=0.08, real=0.19 secs] 
2020-09-29T12:11:14.695+0200: 19.665: [GC pause (G1 Evacuation Pause) (young), 0.1659844 secs]
   [Parallel Time: 164.9 ms, GC Workers: 8]
      [GC Worker Start (ms): Min: 19664.7, Avg: 19664.7, Max: 19664.8, Diff: 0.1]
      [Ext Root Scanning (ms): Min: 0.0, Avg: 0.1, Max: 0.2, Diff: 0.2, Sum: 0.7]
      [Update RS (ms): Min: 15.7, Avg: 16.0, Max: 16.3, Diff: 0.6, Sum: 128.1]
         [Processed Buffers: Min: 14, Avg: 16.5, Max: 20, Diff: 6, Sum: 132]
      [Scan RS (ms): Min: 19.1, Avg: 19.5, Max: 19.8, Diff: 0.6, Sum: 155.7]
      [Code Root Scanning (ms): Min: 0.0, Avg: 0.0, Max: 0.0, Diff: 0.0, Sum: 0.0]
      [Object Copy (ms): Min: 128.8, Avg: 129.1, Max: 129.3, Diff: 0.5, Sum: 1032.8]
      [Termination (ms): Min: 0.0, Avg: 0.0, Max: 0.0, Diff: 0.0, Sum: 0.1]
         [Termination Attempts: Min: 1, Avg: 49.6, Max: 67, Diff: 66, Sum: 397]
      [GC Worker Other (ms): Min: 0.0, Avg: 0.1, Max: 0.1, Diff: 0.1, Sum: 0.5]
      [GC Worker Total (ms): Min: 164.7, Avg: 164.7, Max: 164.8, Diff: 0.1, Sum: 1317.9]
      [GC Worker End (ms): Min: 19829.4, Avg: 19829.5, Max: 19829.5, Diff: 0.1]
   [Code Root Fixup: 0.0 ms]
   [Code Root Purge: 0.0 ms]
   [Clear CT: 0.2 ms]
   [Other: 0.9 ms]
      [Choose CSet: 0.0 ms]
      [Ref Proc: 0.2 ms]
      [Ref Enq: 0.0 ms]
      [Redirty Cards: 0.2 ms]
      [Humongous Register: 0.0 ms]
      [Humongous Reclaim: 0.0 ms]
      [Free CSet: 0.3 ms]
   [Eden: 242.0M(242.0M)->0.0B(247.0M) Survivors: 37.0M->35.0M Heap: 918.7M(2048.0M)->920.2M(2048.0M)]
 [Times: user=1.16 sys=0.02, real=0.17 secs] 
2020-09-29T12:11:14.966+0200: 19.935: [GC pause (G1 Humongous Allocation) (young) (initial-mark), 0.1221552 secs]
   [Parallel Time: 121.1 ms, GC Workers: 8]
      [GC Worker Start (ms): Min: 19935.6, Avg: 19935.6, Max: 19935.6, Diff: 0.1]
      [Ext Root Scanning (ms): Min: 0.0, Avg: 0.1, Max: 0.1, Diff: 0.1, Sum: 0.6]
      [Update RS (ms): Min: 18.7, Avg: 19.1, Max: 19.7, Diff: 0.9, Sum: 153.1]
         [Processed Buffers: Min: 17, Avg: 18.8, Max: 20, Diff: 3, Sum: 150]
      [Scan RS (ms): Min: 8.3, Avg: 8.9, Max: 9.4, Diff: 1.0, Sum: 71.3]
      [Code Root Scanning (ms): Min: 0.0, Avg: 0.0, Max: 0.0, Diff: 0.0, Sum: 0.0]
      [Object Copy (ms): Min: 92.5, Avg: 92.6, Max: 92.7, Diff: 0.2, Sum: 741.2]
      [Termination (ms): Min: 0.0, Avg: 0.1, Max: 0.2, Diff: 0.2, Sum: 1.1]
         [Termination Attempts: Min: 1, Avg: 920.9, Max: 1205, Diff: 1204, Sum: 7367]
      [GC Worker Other (ms): Min: 0.0, Avg: 0.0, Max: 0.0, Diff: 0.0, Sum: 0.2]
      [GC Worker Total (ms): Min: 120.9, Avg: 120.9, Max: 121.0, Diff: 0.1, Sum: 967.5]
      [GC Worker End (ms): Min: 20056.5, Avg: 20056.5, Max: 20056.6, Diff: 0.0]
   [Code Root Fixup: 0.0 ms]
   [Code Root Purge: 0.0 ms]
   [Clear CT: 0.2 ms]
   [Other: 0.9 ms]
      [Choose CSet: 0.0 ms]
      [Ref Proc: 0.2 ms]
      [Ref Enq: 0.0 ms]
      [Redirty Cards: 0.2 ms]
      [Humongous Register: 0.0 ms]
      [Humongous Reclaim: 0.0 ms]
      [Free CSet: 0.2 ms]
   [Eden: 164.0M(247.0M)->0.0B(259.0M) Survivors: 35.0M->36.0M Heap: 1110.4M(2048.0M)->1112.9M(2048.0M)]
 [Times: user=0.81 sys=0.05, real=0.12 secs] 
2020-09-29T12:11:15.088+0200: 20.058: [GC concurrent-root-region-scan-start]
2020-09-29T12:11:15.101+0200: 20.070: [GC concurrent-root-region-scan-end, 0.0122795 secs]
2020-09-29T12:11:15.101+0200: 20.070: [GC concurrent-mark-start]
2020-09-29T12:11:15.106+0200: 20.075: [GC concurrent-mark-end, 0.0048816 secs]
2020-09-29T12:11:15.106+0200: 20.075: [GC remark 2020-09-29T12:11:15.106+0200: 20.076: [Finalize Marking, 0.0001964 secs] 2020-09-29T12:11:15.106+0200: 20.076: [GC ref-proc, 0.0004849 secs] 2020-09-29T12:11:15.107+0200: 20.076: [Unloading, 0.0005061 secs], 0.0016825 secs]
 [Times: user=0.00 sys=0.00, real=0.00 secs] 
2020-09-29T12:11:15.108+0200: 20.078: [GC cleanup 1121M->54M(2048M), 0.0014132 secs]
 [Times: user=0.00 sys=0.00, real=0.00 secs] 
2020-09-29T12:11:15.110+0200: 20.079: [GC concurrent-cleanup-start]
2020-09-29T12:11:15.112+0200: 20.081: [GC concurrent-cleanup-end, 0.0021107 secs]
2020-09-29T12:11:15.276+0200: 20.245: [GC pause (G1 Evacuation Pause) (young), 0.1806492 secs]
   [Parallel Time: 179.7 ms, GC Workers: 8]
      [GC Worker Start (ms): Min: 20245.1, Avg: 20245.2, Max: 20245.3, Diff: 0.2]
      [Ext Root Scanning (ms): Min: 0.0, Avg: 0.1, Max: 0.1, Diff: 0.1, Sum: 0.7]
      [Update RS (ms): Min: 21.0, Avg: 21.2, Max: 21.6, Diff: 0.6, Sum: 169.5]
         [Processed Buffers: Min: 11, Avg: 20.0, Max: 22, Diff: 11, Sum: 160]
      [Scan RS (ms): Min: 14.7, Avg: 15.1, Max: 16.0, Diff: 1.3, Sum: 120.8]
      [Code Root Scanning (ms): Min: 0.0, Avg: 0.0, Max: 0.0, Diff: 0.0, Sum: 0.0]
      [Object Copy (ms): Min: 142.3, Avg: 143.0, Max: 143.2, Diff: 0.9, Sum: 1144.2]
      [Termination (ms): Min: 0.0, Avg: 0.1, Max: 0.1, Diff: 0.1, Sum: 0.4]
         [Termination Attempts: Min: 1, Avg: 386.3, Max: 547, Diff: 546, Sum: 3090]
      [GC Worker Other (ms): Min: 0.0, Avg: 0.0, Max: 0.1, Diff: 0.1, Sum: 0.4]
      [GC Worker Total (ms): Min: 179.4, Avg: 179.5, Max: 179.6, Diff: 0.1, Sum: 1436.0]
      [GC Worker End (ms): Min: 20424.7, Avg: 20424.7, Max: 20424.7, Diff: 0.1]
   [Code Root Fixup: 0.0 ms]
   [Code Root Purge: 0.0 ms]
   [Clear CT: 0.2 ms]
   [Other: 0.8 ms]
      [Choose CSet: 0.0 ms]
      [Ref Proc: 0.1 ms]
      [Ref Enq: 0.0 ms]
      [Redirty Cards: 0.2 ms]
      [Humongous Register: 0.0 ms]
      [Humongous Reclaim: 0.0 ms]
      [Free CSet: 0.2 ms]
   [Eden: 259.0M(259.0M)->0.0B(249.0M) Survivors: 36.0M->37.0M Heap: 348.9M(2048.0M)->315.4M(2048.0M)]
 [Times: user=1.19 sys=0.05, real=0.18 secs] 
2020-09-29T12:11:15.638+0200: 20.608: [GC pause (G1 Evacuation Pause) (young), 0.1722103 secs]
   [Parallel Time: 171.1 ms, GC Workers: 8]
      [GC Worker Start (ms): Min: 20607.7, Avg: 20607.7, Max: 20607.8, Diff: 0.2]
      [Ext Root Scanning (ms): Min: 0.0, Avg: 0.1, Max: 0.1, Diff: 0.1, Sum: 0.6]
      [Update RS (ms): Min: 24.8, Avg: 25.1, Max: 25.6, Diff: 0.8, Sum: 200.6]
         [Processed Buffers: Min: 9, Avg: 20.3, Max: 25, Diff: 16, Sum: 162]
      [Scan RS (ms): Min: 19.0, Avg: 19.5, Max: 19.8, Diff: 0.8, Sum: 155.7]
      [Code Root Scanning (ms): Min: 0.0, Avg: 0.0, Max: 0.0, Diff: 0.0, Sum: 0.0]
      [Object Copy (ms): Min: 126.1, Avg: 126.3, Max: 126.3, Diff: 0.2, Sum: 1010.1]
      [Termination (ms): Min: 0.0, Avg: 0.1, Max: 0.1, Diff: 0.1, Sum: 0.5]
         [Termination Attempts: Min: 1, Avg: 465.9, Max: 595, Diff: 594, Sum: 3727]
      [GC Worker Other (ms): Min: 0.0, Avg: 0.0, Max: 0.1, Diff: 0.0, Sum: 0.3]
      [GC Worker Total (ms): Min: 170.9, Avg: 171.0, Max: 171.0, Diff: 0.1, Sum: 1367.8]
      [GC Worker End (ms): Min: 20778.7, Avg: 20778.7, Max: 20778.7, Diff: 0.0]
   [Code Root Fixup: 0.0 ms]
   [Code Root Purge: 0.0 ms]
   [Clear CT: 0.2 ms]
   [Other: 0.9 ms]
      [Choose CSet: 0.0 ms]
      [Ref Proc: 0.1 ms]
      [Ref Enq: 0.0 ms]
      [Redirty Cards: 0.3 ms]
      [Humongous Register: 0.0 ms]
      [Humongous Reclaim: 0.0 ms]
      [Free CSet: 0.3 ms]
   [Eden: 249.0M(249.0M)->0.0B(249.0M) Survivors: 37.0M->36.0M Heap: 606.3M(2048.0M)->608.3M(2048.0M)]
 [Times: user=1.23 sys=0.08, real=0.17 secs] 
2020-09-29T12:11:15.988+0200: 20.957: [GC pause (G1 Evacuation Pause) (young), 0.1722018 secs]
   [Parallel Time: 171.0 ms, GC Workers: 8]
      [GC Worker Start (ms): Min: 20957.5, Avg: 20957.6, Max: 20957.7, Diff: 0.2]
      [Ext Root Scanning (ms): Min: 0.0, Avg: 0.1, Max: 0.1, Diff: 0.1, Sum: 0.7]
      [Update RS (ms): Min: 15.8, Avg: 15.9, Max: 16.2, Diff: 0.4, Sum: 127.3]
         [Processed Buffers: Min: 12, Avg: 15.8, Max: 19, Diff: 7, Sum: 126]
      [Scan RS (ms): Min: 20.6, Avg: 23.7, Max: 41.3, Diff: 20.7, Sum: 189.3]
      [Code Root Scanning (ms): Min: 0.0, Avg: 0.0, Max: 0.0, Diff: 0.0, Sum: 0.0]
      [Object Copy (ms): Min: 113.1, Avg: 131.0, Max: 133.9, Diff: 20.7, Sum: 1048.1]
      [Termination (ms): Min: 0.0, Avg: 0.1, Max: 0.1, Diff: 0.1, Sum: 0.7]
         [Termination Attempts: Min: 1, Avg: 570.5, Max: 740, Diff: 739, Sum: 4564]
      [GC Worker Other (ms): Min: 0.0, Avg: 0.0, Max: 0.1, Diff: 0.1, Sum: 0.3]
      [GC Worker Total (ms): Min: 170.8, Avg: 170.8, Max: 170.9, Diff: 0.1, Sum: 1366.5]
      [GC Worker End (ms): Min: 21128.4, Avg: 21128.4, Max: 21128.5, Diff: 0.1]
   [Code Root Fixup: 0.0 ms]
   [Code Root Purge: 0.0 ms]
   [Clear CT: 0.2 ms]
   [Other: 1.0 ms]
      [Choose CSet: 0.0 ms]
      [Ref Proc: 0.3 ms]
      [Ref Enq: 0.0 ms]
      [Redirty Cards: 0.2 ms]
      [Humongous Register: 0.1 ms]
      [Humongous Reclaim: 0.0 ms]
      [Free CSet: 0.3 ms]
   [Eden: 249.0M(249.0M)->0.0B(245.0M) Survivors: 36.0M->36.0M Heap: 899.3M(2048.0M)->901.3M(2048.0M)]
 [Times: user=1.13 sys=0.06, real=0.17 secs] 
2020-09-29T12:11:16.355+0200: 21.325: [GC pause (G1 Evacuation Pause) (young), 0.1761337 secs]
   [Parallel Time: 175.1 ms, GC Workers: 8]
      [GC Worker Start (ms): Min: 21324.7, Avg: 21324.7, Max: 21324.7, Diff: 0.1]
      [Ext Root Scanning (ms): Min: 0.1, Avg: 0.1, Max: 0.2, Diff: 0.1, Sum: 0.7]
      [Update RS (ms): Min: 15.8, Avg: 16.2, Max: 16.8, Diff: 1.0, Sum: 129.2]
         [Processed Buffers: Min: 15, Avg: 16.4, Max: 18, Diff: 3, Sum: 131]
      [Scan RS (ms): Min: 18.3, Avg: 21.9, Max: 41.0, Diff: 22.7, Sum: 174.8]
      [Code Root Scanning (ms): Min: 0.0, Avg: 0.0, Max: 0.0, Diff: 0.0, Sum: 0.0]
      [Object Copy (ms): Min: 117.5, Avg: 136.5, Max: 139.3, Diff: 21.8, Sum: 1092.1]
      [Termination (ms): Min: 0.0, Avg: 0.3, Max: 0.4, Diff: 0.4, Sum: 2.3]
         [Termination Attempts: Min: 1, Avg: 1944.8, Max: 2400, Diff: 2399, Sum: 15558]
      [GC Worker Other (ms): Min: 0.0, Avg: 0.1, Max: 0.1, Diff: 0.1, Sum: 0.4]
      [GC Worker Total (ms): Min: 174.9, Avg: 175.0, Max: 175.0, Diff: 0.1, Sum: 1399.7]
      [GC Worker End (ms): Min: 21499.6, Avg: 21499.7, Max: 21499.7, Diff: 0.1]
   [Code Root Fixup: 0.0 ms]
   [Code Root Purge: 0.0 ms]
   [Clear CT: 0.2 ms]
   [Other: 0.8 ms]
      [Choose CSet: 0.0 ms]
      [Ref Proc: 0.1 ms]
      [Ref Enq: 0.0 ms]
      [Redirty Cards: 0.2 ms]
      [Humongous Register: 0.1 ms]
      [Humongous Reclaim: 0.0 ms]
      [Free CSet: 0.3 ms]
   [Eden: 245.0M(245.0M)->0.0B(242.0M) Survivors: 36.0M->36.0M Heap: 1186.3M(2048.0M)->1188.3M(2048.0M)]
 [Times: user=1.27 sys=0.05, real=0.18 secs] 
2020-09-29T12:11:16.543+0200: 21.513: [GC pause (G1 Humongous Allocation) (young) (initial-mark), 0.0482967 secs]
   [Parallel Time: 47.5 ms, GC Workers: 8]
      [GC Worker Start (ms): Min: 21512.9, Avg: 21512.9, Max: 21512.9, Diff: 0.1]
      [Ext Root Scanning (ms): Min: 0.1, Avg: 0.1, Max: 0.1, Diff: 0.1, Sum: 0.8]
      [Update RS (ms): Min: 25.5, Avg: 25.7, Max: 26.2, Diff: 0.7, Sum: 205.4]
         [Processed Buffers: Min: 26, Avg: 31.4, Max: 34, Diff: 8, Sum: 251]
      [Scan RS (ms): Min: 1.9, Avg: 2.5, Max: 2.7, Diff: 0.8, Sum: 19.8]
      [Code Root Scanning (ms): Min: 0.0, Avg: 0.0, Max: 0.0, Diff: 0.0, Sum: 0.0]
      [Object Copy (ms): Min: 19.0, Avg: 19.1, Max: 19.2, Diff: 0.2, Sum: 152.8]
      [Termination (ms): Min: 0.0, Avg: 0.0, Max: 0.1, Diff: 0.1, Sum: 0.4]
         [Termination Attempts: Min: 1, Avg: 290.5, Max: 374, Diff: 373, Sum: 2324]
      [GC Worker Other (ms): Min: 0.0, Avg: 0.0, Max: 0.0, Diff: 0.0, Sum: 0.1]
      [GC Worker Total (ms): Min: 47.4, Avg: 47.4, Max: 47.4, Diff: 0.1, Sum: 379.2]
      [GC Worker End (ms): Min: 21560.3, Avg: 21560.3, Max: 21560.3, Diff: 0.0]
   [Code Root Fixup: 0.0 ms]
   [Code Root Purge: 0.0 ms]
   [Clear CT: 0.2 ms]
   [Other: 0.6 ms]
      [Choose CSet: 0.0 ms]
      [Ref Proc: 0.1 ms]
      [Ref Enq: 0.0 ms]
      [Redirty Cards: 0.1 ms]
      [Humongous Register: 0.1 ms]
      [Humongous Reclaim: 0.0 ms]
      [Free CSet: 0.1 ms]
   [Eden: 6144.0K(242.0M)->0.0B(286.0M) Survivors: 36.0M->7168.0K Heap: 1193.8M(2048.0M)->1197.8M(2048.0M)]
 [Times: user=0.38 sys=0.00, real=0.05 secs] 
2020-09-29T12:11:16.592+0200: 21.561: [GC concurrent-root-region-scan-start]
2020-09-29T12:11:16.594+0200: 21.563: [GC concurrent-root-region-scan-end, 0.0021033 secs]
2020-09-29T12:11:16.594+0200: 21.563: [GC concurrent-mark-start]
2020-09-29T12:11:16.598+0200: 21.568: [GC concurrent-mark-end, 0.0035995 secs]
2020-09-29T12:11:16.599+0200: 21.568: [GC remark 2020-09-29T12:11:16.599+0200: 21.568: [Finalize Marking, 0.0001946 secs] 2020-09-29T12:11:16.599+0200: 21.568: [GC ref-proc, 0.0003815 secs] 2020-09-29T12:11:16.599+0200: 21.569: [Unloading, 0.0004593 secs], 0.0014038 secs]
 [Times: user=0.00 sys=0.00, real=0.00 secs] 
2020-09-29T12:11:16.603+0200: 21.573: [GC cleanup 1213M->32M(2048M), 0.0017158 secs]
 [Times: user=0.00 sys=0.00, real=0.00 secs] 
2020-09-29T12:11:16.605+0200: 21.574: [GC concurrent-cleanup-start]
2020-09-29T12:11:16.607+0200: 21.577: [GC concurrent-cleanup-end, 0.0021787 secs]
2020-09-29T12:11:16.803+0200: 21.773: [GC pause (G1 Evacuation Pause) (young), 0.1553357 secs]
   [Parallel Time: 154.0 ms, GC Workers: 8]
      [GC Worker Start (ms): Min: 21773.1, Avg: 21773.2, Max: 21773.2, Diff: 0.1]
      [Ext Root Scanning (ms): Min: 0.0, Avg: 0.1, Max: 0.1, Diff: 0.1, Sum: 0.7]
      [Update RS (ms): Min: 19.5, Avg: 19.9, Max: 20.6, Diff: 1.1, Sum: 159.2]
         [Processed Buffers: Min: 17, Avg: 18.4, Max: 19, Diff: 2, Sum: 147]
      [Scan RS (ms): Min: 16.4, Avg: 17.1, Max: 17.4, Diff: 1.0, Sum: 136.7]
      [Code Root Scanning (ms): Min: 0.0, Avg: 0.0, Max: 0.0, Diff: 0.0, Sum: 0.0]
      [Object Copy (ms): Min: 116.6, Avg: 116.7, Max: 116.7, Diff: 0.1, Sum: 933.2]
      [Termination (ms): Min: 0.0, Avg: 0.0, Max: 0.0, Diff: 0.0, Sum: 0.0]
         [Termination Attempts: Min: 1, Avg: 24.9, Max: 38, Diff: 37, Sum: 199]
      [GC Worker Other (ms): Min: 0.0, Avg: 0.1, Max: 0.1, Diff: 0.1, Sum: 0.4]
      [GC Worker Total (ms): Min: 153.7, Avg: 153.8, Max: 153.8, Diff: 0.1, Sum: 1230.4]
      [GC Worker End (ms): Min: 21926.9, Avg: 21926.9, Max: 21927.0, Diff: 0.1]
   [Code Root Fixup: 0.0 ms]
   [Code Root Purge: 0.0 ms]
   [Clear CT: 0.1 ms]
   [Other: 1.2 ms]
      [Choose CSet: 0.0 ms]
      [Ref Proc: 0.2 ms]
      [Ref Enq: 0.0 ms]
      [Redirty Cards: 0.4 ms]
      [Humongous Register: 0.1 ms]
      [Humongous Reclaim: 0.0 ms]
      [Free CSet: 0.3 ms]
   [Eden: 286.0M(286.0M)->0.0B(270.0M) Survivors: 7168.0K->37.0M Heap: 350.7M(2048.0M)->346.2M(2048.0M)]
 [Times: user=1.03 sys=0.08, real=0.16 secs] 
2020-09-29T12:11:17.194+0200: 22.163: [GC pause (G1 Evacuation Pause) (young), 0.1808094 secs]
   [Parallel Time: 179.5 ms, GC Workers: 8]
      [GC Worker Start (ms): Min: 22163.4, Avg: 22163.5, Max: 22163.5, Diff: 0.1]
      [Ext Root Scanning (ms): Min: 0.0, Avg: 0.1, Max: 0.1, Diff: 0.1, Sum: 0.7]
      [Update RS (ms): Min: 21.3, Avg: 21.5, Max: 21.7, Diff: 0.5, Sum: 171.8]
         [Processed Buffers: Min: 19, Avg: 20.5, Max: 24, Diff: 5, Sum: 164]
      [Scan RS (ms): Min: 20.6, Avg: 20.9, Max: 21.3, Diff: 0.7, Sum: 167.5]
      [Code Root Scanning (ms): Min: 0.0, Avg: 0.0, Max: 0.0, Diff: 0.0, Sum: 0.0]
      [Object Copy (ms): Min: 136.6, Avg: 136.8, Max: 136.9, Diff: 0.3, Sum: 1094.6]
      [Termination (ms): Min: 0.0, Avg: 0.0, Max: 0.0, Diff: 0.0, Sum: 0.1]
         [Termination Attempts: Min: 1, Avg: 57.8, Max: 83, Diff: 82, Sum: 462]
      [GC Worker Other (ms): Min: 0.0, Avg: 0.0, Max: 0.1, Diff: 0.1, Sum: 0.3]
      [GC Worker Total (ms): Min: 179.3, Avg: 179.4, Max: 179.4, Diff: 0.1, Sum: 1435.1]
      [GC Worker End (ms): Min: 22342.8, Avg: 22342.9, Max: 22342.9, Diff: 0.1]
   [Code Root Fixup: 0.0 ms]
   [Code Root Purge: 0.0 ms]
   [Clear CT: 0.2 ms]
   [Other: 1.0 ms]
      [Choose CSet: 0.0 ms]
      [Ref Proc: 0.2 ms]
      [Ref Enq: 0.0 ms]
      [Redirty Cards: 0.3 ms]
      [Humongous Register: 0.1 ms]
      [Humongous Reclaim: 0.0 ms]
      [Free CSet: 0.3 ms]
   [Eden: 270.0M(270.0M)->0.0B(259.0M) Survivors: 37.0M->39.0M Heap: 662.0M(2048.0M)->663.5M(2048.0M)]
 [Times: user=1.28 sys=0.02, real=0.18 secs] 
2020-09-29T12:11:17.587+0200: 22.556: [GC pause (G1 Evacuation Pause) (young), 0.1687142 secs]
   [Parallel Time: 167.6 ms, GC Workers: 8]
      [GC Worker Start (ms): Min: 22556.2, Avg: 22556.2, Max: 22556.3, Diff: 0.1]
      [Ext Root Scanning (ms): Min: 0.0, Avg: 0.1, Max: 0.1, Diff: 0.1, Sum: 0.7]
      [Update RS (ms): Min: 18.6, Avg: 18.6, Max: 18.9, Diff: 0.3, Sum: 149.1]
         [Processed Buffers: Min: 16, Avg: 18.5, Max: 21, Diff: 5, Sum: 148]
      [Scan RS (ms): Min: 21.3, Avg: 21.5, Max: 21.7, Diff: 0.4, Sum: 171.7]
      [Code Root Scanning (ms): Min: 0.0, Avg: 0.0, Max: 0.0, Diff: 0.0, Sum: 0.0]
      [Object Copy (ms): Min: 127.0, Avg: 127.2, Max: 127.3, Diff: 0.2, Sum: 1017.4]
      [Termination (ms): Min: 0.0, Avg: 0.0, Max: 0.0, Diff: 0.0, Sum: 0.1]
         [Termination Attempts: Min: 1, Avg: 92.4, Max: 120, Diff: 119, Sum: 739]
      [GC Worker Other (ms): Min: 0.0, Avg: 0.1, Max: 0.1, Diff: 0.1, Sum: 0.4]
      [GC Worker Total (ms): Min: 167.4, Avg: 167.4, Max: 167.5, Diff: 0.1, Sum: 1339.5]
      [GC Worker End (ms): Min: 22723.6, Avg: 22723.7, Max: 22723.7, Diff: 0.1]
   [Code Root Fixup: 0.0 ms]
   [Code Root Purge: 0.0 ms]
   [Clear CT: 0.2 ms]
   [Other: 0.9 ms]
      [Choose CSet: 0.0 ms]
      [Ref Proc: 0.2 ms]
      [Ref Enq: 0.0 ms]
      [Redirty Cards: 0.2 ms]
      [Humongous Register: 0.1 ms]
      [Humongous Reclaim: 0.0 ms]
      [Free CSet: 0.3 ms]
   [Eden: 259.0M(259.0M)->0.0B(260.0M) Survivors: 39.0M->38.0M Heap: 966.3M(2048.0M)->968.3M(2048.0M)]
 [Times: user=1.33 sys=0.02, real=0.17 secs] 
2020-09-29T12:11:17.775+0200: 22.744: [GC pause (G1 Humongous Allocation) (young) (initial-mark), 0.0452651 secs]
   [Parallel Time: 44.0 ms, GC Workers: 8]
      [GC Worker Start (ms): Min: 22744.5, Avg: 22744.6, Max: 22744.6, Diff: 0.1]
      [Ext Root Scanning (ms): Min: 0.0, Avg: 0.1, Max: 0.1, Diff: 0.1, Sum: 0.7]
      [Update RS (ms): Min: 20.6, Avg: 21.0, Max: 21.3, Diff: 0.7, Sum: 168.3]
         [Processed Buffers: Min: 24, Avg: 25.9, Max: 28, Diff: 4, Sum: 207]
      [Scan RS (ms): Min: 2.4, Avg: 2.7, Max: 3.1, Diff: 0.7, Sum: 21.4]
      [Code Root Scanning (ms): Min: 0.0, Avg: 0.0, Max: 0.0, Diff: 0.0, Sum: 0.0]
      [Object Copy (ms): Min: 19.9, Avg: 20.0, Max: 20.1, Diff: 0.1, Sum: 160.4]
      [Termination (ms): Min: 0.0, Avg: 0.0, Max: 0.0, Diff: 0.0, Sum: 0.1]
         [Termination Attempts: Min: 1, Avg: 68.1, Max: 91, Diff: 90, Sum: 545]
      [GC Worker Other (ms): Min: 0.0, Avg: 0.0, Max: 0.0, Diff: 0.0, Sum: 0.2]
      [GC Worker Total (ms): Min: 43.8, Avg: 43.9, Max: 43.9, Diff: 0.1, Sum: 351.0]
      [GC Worker End (ms): Min: 22788.4, Avg: 22788.4, Max: 22788.5, Diff: 0.0]
   [Code Root Fixup: 0.0 ms]
   [Code Root Purge: 0.0 ms]
   [Clear CT: 0.2 ms]
   [Other: 1.1 ms]
      [Choose CSet: 0.0 ms]
      [Ref Proc: 0.2 ms]
      [Ref Enq: 0.0 ms]
      [Redirty Cards: 0.4 ms]
      [Humongous Register: 0.1 ms]
      [Humongous Reclaim: 0.0 ms]
      [Free CSet: 0.1 ms]
   [Eden: 10.0M(260.0M)->0.0B(313.0M) Survivors: 38.0M->11.0M Heap: 977.8M(2048.0M)->980.8M(2048.0M)]
 [Times: user=0.34 sys=0.00, real=0.04 secs] 
2020-09-29T12:11:17.820+0200: 22.790: [GC concurrent-root-region-scan-start]
2020-09-29T12:11:17.824+0200: 22.793: [GC concurrent-root-region-scan-end, 0.0036202 secs]
2020-09-29T12:11:17.824+0200: 22.793: [GC concurrent-mark-start]
2020-09-29T12:11:17.828+0200: 22.797: [GC concurrent-mark-end, 0.0035862 secs]
2020-09-29T12:11:17.828+0200: 22.798: [GC remark 2020-09-29T12:11:17.828+0200: 22.798: [Finalize Marking, 0.0001864 secs] 2020-09-29T12:11:17.828+0200: 22.798: [GC ref-proc, 0.0003719 secs] 2020-09-29T12:11:17.829+0200: 22.798: [Unloading, 0.0004462 secs], 0.0013491 secs]
 [Times: user=0.00 sys=0.00, real=0.00 secs] 
2020-09-29T12:11:17.830+0200: 22.800: [GC cleanup 998M->38M(2048M), 0.0013935 secs]
 [Times: user=0.00 sys=0.00, real=0.00 secs] 
2020-09-29T12:11:17.832+0200: 22.801: [GC concurrent-cleanup-start]
2020-09-29T12:11:17.833+0200: 22.803: [GC concurrent-cleanup-end, 0.0014754 secs]
2020-09-29T12:11:18.065+0200: 23.035: [GC pause (G1 Evacuation Pause) (young), 0.1628955 secs]
   [Parallel Time: 161.7 ms, GC Workers: 8]
      [GC Worker Start (ms): Min: 23034.7, Avg: 23034.7, Max: 23034.8, Diff: 0.2]
      [Ext Root Scanning (ms): Min: 0.0, Avg: 0.1, Max: 0.2, Diff: 0.1, Sum: 0.7]
      [Update RS (ms): Min: 17.9, Avg: 18.1, Max: 18.6, Diff: 0.7, Sum: 144.8]
         [Processed Buffers: Min: 17, Avg: 18.8, Max: 22, Diff: 5, Sum: 150]
      [Scan RS (ms): Min: 18.4, Avg: 19.1, Max: 19.7, Diff: 1.3, Sum: 152.5]
      [Code Root Scanning (ms): Min: 0.0, Avg: 0.0, Max: 0.0, Diff: 0.0, Sum: 0.0]
      [Object Copy (ms): Min: 123.2, Avg: 124.2, Max: 124.4, Diff: 1.1, Sum: 993.6]
      [Termination (ms): Min: 0.0, Avg: 0.0, Max: 0.0, Diff: 0.0, Sum: 0.2]
         [Termination Attempts: Min: 1, Avg: 194.9, Max: 240, Diff: 239, Sum: 1559]
      [GC Worker Other (ms): Min: 0.0, Avg: 0.1, Max: 0.1, Diff: 0.1, Sum: 0.5]
      [GC Worker Total (ms): Min: 161.5, Avg: 161.6, Max: 161.6, Diff: 0.1, Sum: 1292.4]
      [GC Worker End (ms): Min: 23196.2, Avg: 23196.3, Max: 23196.3, Diff: 0.1]
   [Code Root Fixup: 0.0 ms]
   [Code Root Purge: 0.0 ms]
   [Clear CT: 0.1 ms]
   [Other: 1.0 ms]
      [Choose CSet: 0.0 ms]
      [Ref Proc: 0.2 ms]
      [Ref Enq: 0.0 ms]
      [Redirty Cards: 0.2 ms]
      [Humongous Register: 0.1 ms]
      [Humongous Reclaim: 0.0 ms]
      [Free CSet: 0.3 ms]
   [Eden: 301.0M(301.0M)->0.0B(303.0M) Survivors: 11.0M->39.0M Heap: 373.5M(2048.0M)->364.5M(2048.0M)]
 [Times: user=1.28 sys=0.03, real=0.16 secs] 
2020-09-29T12:11:18.450+0200: 23.420: [GC pause (G1 Evacuation Pause) (young), 0.2322227 secs]
   [Parallel Time: 230.9 ms, GC Workers: 8]
      [GC Worker Start (ms): Min: 23419.9, Avg: 23422.9, Max: 23432.0, Diff: 12.1]
      [Ext Root Scanning (ms): Min: 0.0, Avg: 0.1, Max: 0.2, Diff: 0.2, Sum: 0.6]
      [Update RS (ms): Min: 14.5, Avg: 24.2, Max: 31.1, Diff: 16.6, Sum: 194.0]
         [Processed Buffers: Min: 14, Avg: 20.5, Max: 24, Diff: 10, Sum: 164]
      [Scan RS (ms): Min: 23.8, Avg: 29.1, Max: 39.1, Diff: 15.4, Sum: 232.8]
      [Code Root Scanning (ms): Min: 0.0, Avg: 0.0, Max: 0.0, Diff: 0.0, Sum: 0.0]
      [Object Copy (ms): Min: 164.4, Avg: 174.1, Max: 175.6, Diff: 11.2, Sum: 1392.9]
      [Termination (ms): Min: 0.0, Avg: 0.2, Max: 0.2, Diff: 0.2, Sum: 1.4]
         [Termination Attempts: Min: 1, Avg: 1291.6, Max: 1630, Diff: 1629, Sum: 10333]
      [GC Worker Other (ms): Min: 0.0, Avg: 0.1, Max: 0.1, Diff: 0.0, Sum: 0.5]
      [GC Worker Total (ms): Min: 218.7, Avg: 227.8, Max: 230.8, Diff: 12.1, Sum: 1822.2]
      [GC Worker End (ms): Min: 23650.7, Avg: 23650.7, Max: 23650.7, Diff: 0.0]
   [Code Root Fixup: 0.0 ms]
   [Code Root Purge: 0.0 ms]
   [Clear CT: 0.2 ms]
   [Other: 1.1 ms]
      [Choose CSet: 0.0 ms]
      [Ref Proc: 0.2 ms]
      [Ref Enq: 0.0 ms]
      [Redirty Cards: 0.3 ms]
      [Humongous Register: 0.1 ms]
      [Humongous Reclaim: 0.0 ms]
      [Free CSet: 0.3 ms]
   [Eden: 303.0M(303.0M)->0.0B(251.0M) Survivors: 39.0M->43.0M Heap: 717.1M(2048.0M)->718.6M(2048.0M)]
 [Times: user=1.70 sys=0.05, real=0.23 secs] 
2020-09-29T12:11:18.885+0200: 23.854: [GC pause (G1 Evacuation Pause) (young), 0.1881351 secs]
   [Parallel Time: 187.0 ms, GC Workers: 8]
      [GC Worker Start (ms): Min: 23854.5, Avg: 23856.0, Max: 23861.6, Diff: 7.1]
      [Ext Root Scanning (ms): Min: 0.0, Avg: 0.1, Max: 0.2, Diff: 0.2, Sum: 0.5]
      [Update RS (ms): Min: 14.2, Avg: 20.2, Max: 21.8, Diff: 7.6, Sum: 161.2]
         [Processed Buffers: Min: 10, Avg: 16.8, Max: 21, Diff: 11, Sum: 134]
      [Scan RS (ms): Min: 24.7, Avg: 25.0, Max: 25.4, Diff: 0.8, Sum: 200.3]
      [Code Root Scanning (ms): Min: 0.0, Avg: 0.0, Max: 0.0, Diff: 0.0, Sum: 0.0]
      [Object Copy (ms): Min: 139.5, Avg: 139.8, Max: 140.0, Diff: 0.5, Sum: 1118.0]
      [Termination (ms): Min: 0.0, Avg: 0.3, Max: 0.4, Diff: 0.4, Sum: 2.2]
         [Termination Attempts: Min: 1, Avg: 1563.4, Max: 1887, Diff: 1886, Sum: 12507]
      [GC Worker Other (ms): Min: 0.0, Avg: 0.0, Max: 0.1, Diff: 0.1, Sum: 0.3]
      [GC Worker Total (ms): Min: 179.7, Avg: 185.3, Max: 186.8, Diff: 7.1, Sum: 1482.5]
      [GC Worker End (ms): Min: 24041.3, Avg: 24041.3, Max: 24041.4, Diff: 0.1]
   [Code Root Fixup: 0.0 ms]
   [Code Root Purge: 0.0 ms]
   [Clear CT: 0.1 ms]
   [Other: 1.0 ms]
      [Choose CSet: 0.0 ms]
      [Ref Proc: 0.1 ms]
      [Ref Enq: 0.0 ms]
      [Redirty Cards: 0.3 ms]
      [Humongous Register: 0.1 ms]
      [Humongous Reclaim: 0.0 ms]
      [Free CSet: 0.3 ms]
   [Eden: 251.0M(251.0M)->0.0B(238.0M) Survivors: 43.0M->37.0M Heap: 1011.6M(2048.0M)->1013.6M(2048.0M)]
 [Times: user=1.30 sys=0.09, real=0.19 secs] 
2020-09-29T12:11:19.094+0200: 24.064: [GC pause (G1 Humongous Allocation) (young) (initial-mark), 0.0429077 secs]
   [Parallel Time: 41.9 ms, GC Workers: 8]
      [GC Worker Start (ms): Min: 24064.0, Avg: 24064.0, Max: 24064.0, Diff: 0.1]
      [Ext Root Scanning (ms): Min: 0.8, Avg: 0.8, Max: 0.9, Diff: 0.1, Sum: 6.7]
      [Update RS (ms): Min: 16.9, Avg: 17.2, Max: 17.5, Diff: 0.7, Sum: 137.6]
         [Processed Buffers: Min: 16, Avg: 20.1, Max: 22, Diff: 6, Sum: 161]
      [Scan RS (ms): Min: 2.5, Avg: 2.8, Max: 3.1, Diff: 0.6, Sum: 22.7]
      [Code Root Scanning (ms): Min: 0.0, Avg: 0.0, Max: 0.0, Diff: 0.0, Sum: 0.0]
      [Object Copy (ms): Min: 19.9, Avg: 20.1, Max: 20.1, Diff: 0.2, Sum: 160.5]
      [Termination (ms): Min: 0.0, Avg: 0.1, Max: 0.1, Diff: 0.1, Sum: 0.6]
         [Termination Attempts: Min: 1, Avg: 187.6, Max: 265, Diff: 264, Sum: 1501]
      [GC Worker Other (ms): Min: 0.7, Avg: 0.7, Max: 0.8, Diff: 0.1, Sum: 5.7]
      [GC Worker Total (ms): Min: 41.6, Avg: 41.7, Max: 41.8, Diff: 0.2, Sum: 333.8]
      [GC Worker End (ms): Min: 24105.7, Avg: 24105.7, Max: 24105.8, Diff: 0.1]
   [Code Root Fixup: 0.0 ms]
   [Code Root Purge: 0.0 ms]
   [Clear CT: 0.2 ms]
   [Other: 0.8 ms]
      [Choose CSet: 0.0 ms]
      [Ref Proc: 0.2 ms]
      [Ref Enq: 0.0 ms]
      [Redirty Cards: 0.2 ms]
      [Humongous Register: 0.1 ms]
      [Humongous Reclaim: 0.0 ms]
      [Free CSet: 0.1 ms]
   [Eden: 4096.0K(238.0M)->0.0B(296.0M) Survivors: 37.0M->6144.0K Heap: 1017.1M(2048.0M)->1021.6M(2048.0M)]
 [Times: user=0.36 sys=0.00, real=0.04 secs] 
2020-09-29T12:11:19.137+0200: 24.107: [GC concurrent-root-region-scan-start]
2020-09-29T12:11:19.139+0200: 24.108: [GC concurrent-root-region-scan-end, 0.0012359 secs]
2020-09-29T12:11:19.139+0200: 24.108: [GC concurrent-mark-start]
2020-09-29T12:11:19.143+0200: 24.112: [GC concurrent-mark-end, 0.0042041 secs]
2020-09-29T12:11:19.146+0200: 24.116: [GC remark 2020-09-29T12:11:19.146+0200: 24.116: [Finalize Marking, 0.0006089 secs] 2020-09-29T12:11:19.147+0200: 24.116: [GC ref-proc, 0.0004135 secs] 2020-09-29T12:11:19.147+0200: 24.117: [Unloading, 0.0009457 secs], 0.0026781 secs]
 [Times: user=0.00 sys=0.00, real=0.00 secs] 
2020-09-29T12:11:19.151+0200: 24.120: [GC cleanup 1042M->36M(2048M), 0.0028150 secs]
 [Times: user=0.00 sys=0.00, real=0.00 secs] 
2020-09-29T12:11:19.154+0200: 24.123: [GC concurrent-cleanup-start]
2020-09-29T12:11:19.155+0200: 24.125: [GC concurrent-cleanup-end, 0.0017464 secs]
2020-09-29T12:11:19.396+0200: 24.366: [GC pause (G1 Evacuation Pause) (young), 0.1694803 secs]
   [Parallel Time: 168.4 ms, GC Workers: 8]
      [GC Worker Start (ms): Min: 24365.8, Avg: 24366.3, Max: 24369.8, Diff: 4.0]
      [Ext Root Scanning (ms): Min: 0.0, Avg: 0.1, Max: 0.1, Diff: 0.1, Sum: 0.7]
      [Update RS (ms): Min: 15.0, Avg: 18.6, Max: 19.3, Diff: 4.2, Sum: 148.6]
         [Processed Buffers: Min: 15, Avg: 16.4, Max: 18, Diff: 3, Sum: 131]
      [Scan RS (ms): Min: 22.4, Avg: 22.6, Max: 22.8, Diff: 0.4, Sum: 180.5]
      [Code Root Scanning (ms): Min: 0.0, Avg: 0.0, Max: 0.0, Diff: 0.0, Sum: 0.0]
      [Object Copy (ms): Min: 126.2, Avg: 126.4, Max: 126.5, Diff: 0.2, Sum: 1011.3]
      [Termination (ms): Min: 0.0, Avg: 0.0, Max: 0.0, Diff: 0.0, Sum: 0.3]
         [Termination Attempts: Min: 1, Avg: 222.9, Max: 288, Diff: 287, Sum: 1783]
      [GC Worker Other (ms): Min: 0.0, Avg: 0.0, Max: 0.1, Diff: 0.1, Sum: 0.3]
      [GC Worker Total (ms): Min: 164.3, Avg: 167.7, Max: 168.3, Diff: 4.0, Sum: 1341.7]
      [GC Worker End (ms): Min: 24534.0, Avg: 24534.1, Max: 24534.1, Diff: 0.0]
   [Code Root Fixup: 0.0 ms]
   [Code Root Purge: 0.0 ms]
   [Clear CT: 0.2 ms]
   [Other: 0.9 ms]
      [Choose CSet: 0.0 ms]
      [Ref Proc: 0.2 ms]
      [Ref Enq: 0.0 ms]
      [Redirty Cards: 0.2 ms]
      [Humongous Register: 0.1 ms]
      [Humongous Reclaim: 0.0 ms]
      [Free CSet: 0.2 ms]
   [Eden: 290.0M(290.0M)->0.0B(279.0M) Survivors: 6144.0K->37.0M Heap: 355.6M(2048.0M)->351.6M(2048.0M)]
 [Times: user=1.03 sys=0.11, real=0.17 secs] 
2020-09-29T12:11:19.797+0200: 24.767: [GC pause (G1 Evacuation Pause) (young), 0.2099051 secs]
   [Parallel Time: 208.7 ms, GC Workers: 8]
      [GC Worker Start (ms): Min: 24766.7, Avg: 24766.8, Max: 24766.9, Diff: 0.2]
      [Ext Root Scanning (ms): Min: 0.0, Avg: 0.1, Max: 0.1, Diff: 0.1, Sum: 0.7]
      [Update RS (ms): Min: 25.8, Avg: 26.2, Max: 27.6, Diff: 1.8, Sum: 209.7]
         [Processed Buffers: Min: 2, Avg: 19.4, Max: 24, Diff: 22, Sum: 155]
      [Scan RS (ms): Min: 22.6, Avg: 23.9, Max: 24.3, Diff: 1.7, Sum: 190.9]
      [Code Root Scanning (ms): Min: 0.0, Avg: 0.0, Max: 0.0, Diff: 0.0, Sum: 0.0]
      [Object Copy (ms): Min: 157.9, Avg: 158.1, Max: 158.3, Diff: 0.4, Sum: 1264.6]
      [Termination (ms): Min: 0.0, Avg: 0.3, Max: 0.3, Diff: 0.3, Sum: 2.2]
         [Termination Attempts: Min: 1, Avg: 2121.9, Max: 2689, Diff: 2688, Sum: 16975]
      [GC Worker Other (ms): Min: 0.0, Avg: 0.0, Max: 0.1, Diff: 0.1, Sum: 0.4]
      [GC Worker Total (ms): Min: 208.5, Avg: 208.6, Max: 208.6, Diff: 0.2, Sum: 1668.4]
      [GC Worker End (ms): Min: 24975.3, Avg: 24975.3, Max: 24975.4, Diff: 0.1]
   [Code Root Fixup: 0.0 ms]
   [Code Root Purge: 0.0 ms]
   [Clear CT: 0.2 ms]
   [Other: 1.1 ms]
      [Choose CSet: 0.0 ms]
      [Ref Proc: 0.3 ms]
      [Ref Enq: 0.0 ms]
      [Redirty Cards: 0.2 ms]
      [Humongous Register: 0.1 ms]
      [Humongous Reclaim: 0.0 ms]
      [Free CSet: 0.3 ms]
   [Eden: 279.0M(279.0M)->0.0B(247.0M) Survivors: 37.0M->40.0M Heap: 676.4M(2048.0M)->678.9M(2048.0M)]
 [Times: user=1.56 sys=0.03, real=0.21 secs] 
2020-09-29T12:11:20.182+0200: 25.151: [GC pause (G1 Evacuation Pause) (young), 0.1944630 secs]
   [Parallel Time: 193.3 ms, GC Workers: 8]
      [GC Worker Start (ms): Min: 25151.5, Avg: 25151.5, Max: 25151.6, Diff: 0.1]
      [Ext Root Scanning (ms): Min: 0.0, Avg: 0.1, Max: 0.1, Diff: 0.1, Sum: 0.7]
      [Update RS (ms): Min: 16.2, Avg: 16.4, Max: 16.7, Diff: 0.5, Sum: 131.0]
         [Processed Buffers: Min: 16, Avg: 17.6, Max: 21, Diff: 5, Sum: 141]
      [Scan RS (ms): Min: 17.7, Avg: 18.1, Max: 18.3, Diff: 0.6, Sum: 145.0]
      [Code Root Scanning (ms): Min: 0.0, Avg: 0.0, Max: 0.0, Diff: 0.0, Sum: 0.0]
      [Object Copy (ms): Min: 157.8, Avg: 158.0, Max: 158.6, Diff: 0.8, Sum: 1264.1]
      [Termination (ms): Min: 0.0, Avg: 0.6, Max: 0.7, Diff: 0.7, Sum: 4.5]
         [Termination Attempts: Min: 1, Avg: 3955.3, Max: 4859, Diff: 4858, Sum: 31642]
      [GC Worker Other (ms): Min: 0.0, Avg: 0.0, Max: 0.1, Diff: 0.1, Sum: 0.3]
      [GC Worker Total (ms): Min: 193.1, Avg: 193.2, Max: 193.2, Diff: 0.1, Sum: 1545.5]
      [GC Worker End (ms): Min: 25344.7, Avg: 25344.7, Max: 25344.7, Diff: 0.1]
   [Code Root Fixup: 0.0 ms]
   [Code Root Purge: 0.0 ms]
   [Clear CT: 0.2 ms]
   [Other: 0.9 ms]
      [Choose CSet: 0.0 ms]
      [Ref Proc: 0.1 ms]
      [Ref Enq: 0.0 ms]
      [Redirty Cards: 0.2 ms]
      [Humongous Register: 0.1 ms]
      [Humongous Reclaim: 0.0 ms]
      [Free CSet: 0.3 ms]
   [Eden: 247.0M(247.0M)->0.0B(232.0M) Survivors: 40.0M->36.0M Heap: 967.8M(2048.0M)->969.8M(2048.0M)]
 [Times: user=1.38 sys=0.03, real=0.20 secs] 
2020-09-29T12:11:20.394+0200: 25.363: [GC pause (G1 Humongous Allocation) (young) (initial-mark), 0.0545849 secs]
   [Parallel Time: 53.7 ms, GC Workers: 8]
      [GC Worker Start (ms): Min: 25362.9, Avg: 25362.9, Max: 25363.0, Diff: 0.2]
      [Ext Root Scanning (ms): Min: 0.0, Avg: 0.4, Max: 0.9, Diff: 0.9, Sum: 3.3]
      [Update RS (ms): Min: 20.2, Avg: 21.0, Max: 21.5, Diff: 1.4, Sum: 167.7]
         [Processed Buffers: Min: 22, Avg: 25.5, Max: 28, Diff: 6, Sum: 204]
      [Scan RS (ms): Min: 2.5, Avg: 3.6, Max: 10.4, Diff: 7.9, Sum: 29.1]
      [Code Root Scanning (ms): Min: 0.0, Avg: 0.0, Max: 0.0, Diff: 0.0, Sum: 0.0]
      [Object Copy (ms): Min: 21.6, Avg: 28.2, Max: 29.3, Diff: 7.8, Sum: 225.2]
      [Termination (ms): Min: 0.1, Avg: 0.3, Max: 0.4, Diff: 0.3, Sum: 2.4]
         [Termination Attempts: Min: 1, Avg: 1408.6, Max: 2093, Diff: 2092, Sum: 11269]
      [GC Worker Other (ms): Min: 0.0, Avg: 0.0, Max: 0.0, Diff: 0.0, Sum: 0.1]
      [GC Worker Total (ms): Min: 53.4, Avg: 53.5, Max: 53.6, Diff: 0.2, Sum: 427.9]
      [GC Worker End (ms): Min: 25416.4, Avg: 25416.4, Max: 25416.4, Diff: 0.0]
   [Code Root Fixup: 0.0 ms]
   [Code Root Purge: 0.0 ms]
   [Clear CT: 0.1 ms]
   [Other: 0.8 ms]
      [Choose CSet: 0.0 ms]
      [Ref Proc: 0.2 ms]
      [Ref Enq: 0.0 ms]
      [Redirty Cards: 0.2 ms]
      [Humongous Register: 0.1 ms]
      [Humongous Reclaim: 0.0 ms]
      [Free CSet: 0.1 ms]
   [Eden: 9216.0K(232.0M)->0.0B(250.0M) Survivors: 36.0M->10.0M Heap: 978.3M(2048.0M)->981.8M(2048.0M)]
 [Times: user=0.45 sys=0.00, real=0.05 secs] 
2020-09-29T12:11:20.448+0200: 25.417: [GC concurrent-root-region-scan-start]
2020-09-29T12:11:20.451+0200: 25.420: [GC concurrent-root-region-scan-end, 0.0022976 secs]
2020-09-29T12:11:20.451+0200: 25.420: [GC concurrent-mark-start]
2020-09-29T12:11:20.454+0200: 25.423: [GC concurrent-mark-end, 0.0032998 secs]
2020-09-29T12:11:20.454+0200: 25.423: [GC remark 2020-09-29T12:11:20.454+0200: 25.423: [Finalize Marking, 0.0002387 secs] 2020-09-29T12:11:20.454+0200: 25.423: [GC ref-proc, 0.0005260 secs] 2020-09-29T12:11:20.455+0200: 25.424: [Unloading, 0.0005699 secs], 0.0016908 secs]
 [Times: user=0.00 sys=0.00, real=0.00 secs] 
2020-09-29T12:11:20.456+0200: 25.425: [GC cleanup 994M->32M(2048M), 0.0014528 secs]
 [Times: user=0.03 sys=0.02, real=0.00 secs] 
2020-09-29T12:11:20.458+0200: 25.427: [GC concurrent-cleanup-start]
2020-09-29T12:11:20.459+0200: 25.428: [GC concurrent-cleanup-end, 0.0016579 secs]
2020-09-29T12:11:20.593+0200: 25.562: [GC pause (G1 Evacuation Pause) (young), 0.1874119 secs]
   [Parallel Time: 186.4 ms, GC Workers: 8]
      [GC Worker Start (ms): Min: 25561.8, Avg: 25561.8, Max: 25561.9, Diff: 0.1]
      [Ext Root Scanning (ms): Min: 0.0, Avg: 0.1, Max: 0.1, Diff: 0.1, Sum: 0.6]
      [Update RS (ms): Min: 23.6, Avg: 23.8, Max: 24.1, Diff: 0.6, Sum: 190.5]
         [Processed Buffers: Min: 7, Avg: 17.4, Max: 25, Diff: 18, Sum: 139]
      [Scan RS (ms): Min: 13.8, Avg: 14.2, Max: 14.5, Diff: 0.7, Sum: 113.7]
      [Code Root Scanning (ms): Min: 0.0, Avg: 0.0, Max: 0.0, Diff: 0.0, Sum: 0.0]
      [Object Copy (ms): Min: 146.7, Avg: 147.2, Max: 148.2, Diff: 1.5, Sum: 1177.5]
      [Termination (ms): Min: 0.0, Avg: 0.9, Max: 1.3, Diff: 1.3, Sum: 7.4]
         [Termination Attempts: Min: 1, Avg: 5584.4, Max: 7623, Diff: 7622, Sum: 44675]
      [GC Worker Other (ms): Min: 0.0, Avg: 0.0, Max: 0.1, Diff: 0.1, Sum: 0.3]
      [GC Worker Total (ms): Min: 186.2, Avg: 186.2, Max: 186.3, Diff: 0.1, Sum: 1490.0]
      [GC Worker End (ms): Min: 25748.1, Avg: 25748.1, Max: 25748.1, Diff: 0.1]
   [Code Root Fixup: 0.0 ms]
   [Code Root Purge: 0.0 ms]
   [Clear CT: 0.2 ms]
   [Other: 0.9 ms]
      [Choose CSet: 0.0 ms]
      [Ref Proc: 0.2 ms]
      [Ref Enq: 0.0 ms]
      [Redirty Cards: 0.2 ms]
      [Humongous Register: 0.0 ms]
      [Humongous Reclaim: 0.0 ms]
      [Free CSet: 0.2 ms]
   [Eden: 250.0M(250.0M)->0.0B(221.0M) Survivors: 10.0M->33.0M Heap: 312.0M(2048.0M)->304.0M(2048.0M)]
 [Times: user=1.36 sys=0.02, real=0.19 secs] 
2020-09-29T12:11:20.923+0200: 25.892: [GC pause (G1 Evacuation Pause) (young), 0.1527305 secs]
   [Parallel Time: 151.7 ms, GC Workers: 8]
      [GC Worker Start (ms): Min: 25892.4, Avg: 25892.5, Max: 25892.6, Diff: 0.2]
      [Ext Root Scanning (ms): Min: 0.0, Avg: 0.1, Max: 0.1, Diff: 0.1, Sum: 0.6]
      [Update RS (ms): Min: 18.1, Avg: 18.6, Max: 21.1, Diff: 3.0, Sum: 148.9]
         [Processed Buffers: Min: 11, Avg: 15.9, Max: 23, Diff: 12, Sum: 127]
      [Scan RS (ms): Min: 15.8, Avg: 18.3, Max: 18.9, Diff: 3.1, Sum: 146.6]
      [Code Root Scanning (ms): Min: 0.0, Avg: 0.0, Max: 0.0, Diff: 0.0, Sum: 0.0]
      [Object Copy (ms): Min: 114.3, Avg: 114.5, Max: 114.5, Diff: 0.2, Sum: 915.7]
      [Termination (ms): Min: 0.0, Avg: 0.0, Max: 0.0, Diff: 0.0, Sum: 0.0]
         [Termination Attempts: Min: 1, Avg: 8.9, Max: 16, Diff: 15, Sum: 71]
      [GC Worker Other (ms): Min: 0.0, Avg: 0.0, Max: 0.1, Diff: 0.0, Sum: 0.3]
      [GC Worker Total (ms): Min: 151.4, Avg: 151.5, Max: 151.6, Diff: 0.3, Sum: 1212.1]
      [GC Worker End (ms): Min: 26044.0, Avg: 26044.0, Max: 26044.0, Diff: 0.0]
   [Code Root Fixup: 0.0 ms]
   [Code Root Purge: 0.0 ms]
   [Clear CT: 0.1 ms]
   [Other: 0.9 ms]
      [Choose CSet: 0.0 ms]
      [Ref Proc: 0.2 ms]
      [Ref Enq: 0.0 ms]
      [Redirty Cards: 0.2 ms]
      [Humongous Register: 0.0 ms]
      [Humongous Reclaim: 0.0 ms]
      [Free CSet: 0.3 ms]
   [Eden: 221.0M(221.0M)->0.0B(228.0M) Survivors: 33.0M->32.0M Heap: 563.1M(2048.0M)->564.1M(2048.0M)]
 [Times: user=1.13 sys=0.05, real=0.15 secs] 
2020-09-29T12:11:21.243+0200: 26.212: [GC pause (G1 Evacuation Pause) (young), 0.1476746 secs]
   [Parallel Time: 146.5 ms, GC Workers: 8]
      [GC Worker Start (ms): Min: 26212.3, Avg: 26213.0, Max: 26217.8, Diff: 5.5]
      [Ext Root Scanning (ms): Min: 0.0, Avg: 0.1, Max: 0.2, Diff: 0.2, Sum: 0.7]
      [Update RS (ms): Min: 11.3, Avg: 16.0, Max: 17.4, Diff: 6.0, Sum: 128.3]
         [Processed Buffers: Min: 10, Avg: 16.9, Max: 21, Diff: 11, Sum: 135]
      [Scan RS (ms): Min: 16.8, Avg: 17.5, Max: 18.2, Diff: 1.4, Sum: 140.3]
      [Code Root Scanning (ms): Min: 0.0, Avg: 0.0, Max: 0.0, Diff: 0.0, Sum: 0.0]
      [Object Copy (ms): Min: 111.2, Avg: 111.8, Max: 111.9, Diff: 0.7, Sum: 894.4]
      [Termination (ms): Min: 0.0, Avg: 0.0, Max: 0.0, Diff: 0.0, Sum: 0.1]
         [Termination Attempts: Min: 1, Avg: 72.6, Max: 102, Diff: 101, Sum: 581]
      [GC Worker Other (ms): Min: 0.0, Avg: 0.0, Max: 0.1, Diff: 0.0, Sum: 0.3]
      [GC Worker Total (ms): Min: 140.8, Avg: 145.5, Max: 146.3, Diff: 5.5, Sum: 1164.2]
      [GC Worker End (ms): Min: 26358.5, Avg: 26358.5, Max: 26358.5, Diff: 0.0]
   [Code Root Fixup: 0.0 ms]
   [Code Root Purge: 0.0 ms]
   [Clear CT: 0.2 ms]
   [Other: 1.0 ms]
      [Choose CSet: 0.0 ms]
      [Ref Proc: 0.3 ms]
      [Ref Enq: 0.0 ms]
      [Redirty Cards: 0.2 ms]
      [Humongous Register: 0.1 ms]
      [Humongous Reclaim: 0.0 ms]
      [Free CSet: 0.3 ms]
   [Eden: 228.0M(228.0M)->0.0B(241.0M) Survivors: 32.0M->33.0M Heap: 830.3M(2048.0M)->832.8M(2048.0M)]
 [Times: user=1.00 sys=0.06, real=0.15 secs] 
2020-09-29T12:11:21.544+0200: 26.514: [GC pause (G1 Evacuation Pause) (young), 0.1791108 secs]
   [Parallel Time: 178.1 ms, GC Workers: 8]
      [GC Worker Start (ms): Min: 26513.6, Avg: 26517.2, Max: 26541.8, Diff: 28.2]
      [Ext Root Scanning (ms): Min: 0.0, Avg: 0.1, Max: 0.1, Diff: 0.1, Sum: 0.5]
      [Update RS (ms): Min: 0.0, Avg: 15.0, Max: 17.7, Diff: 17.7, Sum: 120.2]
         [Processed Buffers: Min: 0, Avg: 17.0, Max: 22, Diff: 22, Sum: 136]
      [Scan RS (ms): Min: 9.5, Avg: 19.0, Max: 20.6, Diff: 11.1, Sum: 151.7]
      [Code Root Scanning (ms): Min: 0.0, Avg: 0.0, Max: 0.0, Diff: 0.0, Sum: 0.0]
      [Object Copy (ms): Min: 140.0, Avg: 140.1, Max: 140.3, Diff: 0.4, Sum: 1120.9]
      [Termination (ms): Min: 0.0, Avg: 0.2, Max: 0.2, Diff: 0.2, Sum: 1.6]
         [Termination Attempts: Min: 1, Avg: 1396.4, Max: 1727, Diff: 1726, Sum: 11171]
      [GC Worker Other (ms): Min: 0.0, Avg: 0.0, Max: 0.1, Diff: 0.0, Sum: 0.4]
      [GC Worker Total (ms): Min: 149.8, Avg: 174.4, Max: 178.0, Diff: 28.2, Sum: 1395.3]
      [GC Worker End (ms): Min: 26691.6, Avg: 26691.6, Max: 26691.7, Diff: 0.0]
   [Code Root Fixup: 0.0 ms]
   [Code Root Purge: 0.0 ms]
   [Clear CT: 0.2 ms]
   [Other: 0.8 ms]
      [Choose CSet: 0.0 ms]
      [Ref Proc: 0.2 ms]
      [Ref Enq: 0.0 ms]
      [Redirty Cards: 0.1 ms]
      [Humongous Register: 0.1 ms]
      [Humongous Reclaim: 0.0 ms]
      [Free CSet: 0.2 ms]
   [Eden: 241.0M(241.0M)->0.0B(237.0M) Survivors: 33.0M->35.0M Heap: 1113.8M(2048.0M)->1116.3M(2048.0M)]
 [Times: user=1.23 sys=0.09, real=0.18 secs] 
2020-09-29T12:11:21.733+0200: 26.702: [GC pause (G1 Humongous Allocation) (young) (initial-mark), 0.0532325 secs]
   [Parallel Time: 52.2 ms, GC Workers: 8]
      [GC Worker Start (ms): Min: 26702.6, Avg: 26702.7, Max: 26702.8, Diff: 0.2]
      [Ext Root Scanning (ms): Min: 0.0, Avg: 0.1, Max: 0.2, Diff: 0.2, Sum: 1.2]
      [Update RS (ms): Min: 28.4, Avg: 28.5, Max: 28.8, Diff: 0.4, Sum: 228.3]
         [Processed Buffers: Min: 31, Avg: 33.0, Max: 35, Diff: 4, Sum: 264]
      [Scan RS (ms): Min: 2.4, Avg: 2.7, Max: 2.8, Diff: 0.4, Sum: 21.2]
      [Code Root Scanning (ms): Min: 0.0, Avg: 0.0, Max: 0.0, Diff: 0.0, Sum: 0.0]
      [Object Copy (ms): Min: 20.5, Avg: 20.6, Max: 20.7, Diff: 0.1, Sum: 164.9]
      [Termination (ms): Min: 0.0, Avg: 0.0, Max: 0.0, Diff: 0.0, Sum: 0.3]
         [Termination Attempts: Min: 1, Avg: 230.1, Max: 292, Diff: 291, Sum: 1841]
      [GC Worker Other (ms): Min: 0.0, Avg: 0.0, Max: 0.1, Diff: 0.1, Sum: 0.2]
      [GC Worker Total (ms): Min: 51.9, Avg: 52.0, Max: 52.1, Diff: 0.2, Sum: 416.0]
      [GC Worker End (ms): Min: 26754.7, Avg: 26754.7, Max: 26754.7, Diff: 0.0]
   [Code Root Fixup: 0.0 ms]
   [Code Root Purge: 0.0 ms]
   [Clear CT: 0.2 ms]
   [Other: 0.9 ms]
      [Choose CSet: 0.0 ms]
      [Ref Proc: 0.2 ms]
      [Ref Enq: 0.0 ms]
      [Redirty Cards: 0.2 ms]
      [Humongous Register: 0.1 ms]
      [Humongous Reclaim: 0.0 ms]
      [Free CSet: 0.1 ms]
   [Eden: 10.0M(237.0M)->0.0B(274.0M) Survivors: 35.0M->12.0M Heap: 1126.3M(2048.0M)->1130.8M(2048.0M)]
 [Times: user=0.50 sys=0.00, real=0.05 secs] 
2020-09-29T12:11:21.787+0200: 26.756: [GC concurrent-root-region-scan-start]
2020-09-29T12:11:21.791+0200: 26.760: [GC concurrent-root-region-scan-end, 0.0038975 secs]
2020-09-29T12:11:21.791+0200: 26.760: [GC concurrent-mark-start]
2020-09-29T12:11:21.796+0200: 26.765: [GC concurrent-mark-end, 0.0040212 secs]
2020-09-29T12:11:21.796+0200: 26.765: [GC remark 2020-09-29T12:11:21.796+0200: 26.765: [Finalize Marking, 0.0001457 secs] 2020-09-29T12:11:21.796+0200: 26.765: [GC ref-proc, 0.0004107 secs] 2020-09-29T12:11:21.797+0200: 26.766: [Unloading, 0.0004842 secs], 0.0013800 secs]
 [Times: user=0.00 sys=0.00, real=0.00 secs] 
2020-09-29T12:11:21.798+0200: 26.767: [GC cleanup 1150M->41M(2048M), 0.0012365 secs]
 [Times: user=0.00 sys=0.00, real=0.00 secs] 
2020-09-29T12:11:21.799+0200: 26.769: [GC concurrent-cleanup-start]
2020-09-29T12:11:21.801+0200: 26.771: [GC concurrent-cleanup-end, 0.0019499 secs]
2020-09-29T12:11:21.942+0200: 26.911: [GC pause (G1 Evacuation Pause) (young), 0.1619375 secs]
   [Parallel Time: 160.8 ms, GC Workers: 8]
      [GC Worker Start (ms): Min: 26910.8, Avg: 26911.6, Max: 26916.5, Diff: 5.7]
      [Ext Root Scanning (ms): Min: 0.0, Avg: 0.1, Max: 0.2, Diff: 0.2, Sum: 0.6]
      [Update RS (ms): Min: 17.7, Avg: 19.4, Max: 19.9, Diff: 2.2, Sum: 155.2]
         [Processed Buffers: Min: 7, Avg: 16.8, Max: 20, Diff: 13, Sum: 134]
      [Scan RS (ms): Min: 13.2, Avg: 16.4, Max: 17.1, Diff: 3.9, Sum: 131.0]
      [Code Root Scanning (ms): Min: 0.0, Avg: 0.0, Max: 0.0, Diff: 0.0, Sum: 0.0]
      [Object Copy (ms): Min: 123.8, Avg: 124.0, Max: 124.0, Diff: 0.2, Sum: 991.7]
      [Termination (ms): Min: 0.0, Avg: 0.0, Max: 0.0, Diff: 0.0, Sum: 0.1]
         [Termination Attempts: Min: 1, Avg: 65.0, Max: 88, Diff: 87, Sum: 520]
      [GC Worker Other (ms): Min: 0.0, Avg: 0.1, Max: 0.1, Diff: 0.0, Sum: 0.5]
      [GC Worker Total (ms): Min: 155.0, Avg: 159.9, Max: 160.7, Diff: 5.7, Sum: 1279.2]
      [GC Worker End (ms): Min: 27071.5, Avg: 27071.5, Max: 27071.5, Diff: 0.0]
   [Code Root Fixup: 0.0 ms]
   [Code Root Purge: 0.0 ms]
   [Clear CT: 0.2 ms]
   [Other: 1.0 ms]
      [Choose CSet: 0.0 ms]
      [Ref Proc: 0.2 ms]
      [Ref Enq: 0.0 ms]
      [Redirty Cards: 0.2 ms]
      [Humongous Register: 0.0 ms]
      [Humongous Reclaim: 0.0 ms]
      [Free CSet: 0.2 ms]
   [Eden: 274.0M(274.0M)->0.0B(258.0M) Survivors: 12.0M->36.0M Heap: 341.8M(2048.0M)->331.3M(2048.0M)]
 [Times: user=1.08 sys=0.06, real=0.16 secs] 
2020-09-29T12:11:22.281+0200: 27.251: [GC pause (G1 Evacuation Pause) (young), 0.2098019 secs]
   [Parallel Time: 208.7 ms, GC Workers: 8]
      [GC Worker Start (ms): Min: 27250.7, Avg: 27255.6, Max: 27269.9, Diff: 19.1]
      [Ext Root Scanning (ms): Min: 0.0, Avg: 0.1, Max: 0.2, Diff: 0.2, Sum: 0.5]
      [Update RS (ms): Min: 9.4, Avg: 24.0, Max: 31.6, Diff: 22.2, Sum: 191.9]
         [Processed Buffers: Min: 9, Avg: 19.6, Max: 29, Diff: 20, Sum: 157]
      [Scan RS (ms): Min: 22.1, Avg: 23.5, Max: 25.2, Diff: 3.2, Sum: 187.9]
      [Code Root Scanning (ms): Min: 0.0, Avg: 0.0, Max: 0.0, Diff: 0.0, Sum: 0.0]
      [Object Copy (ms): Min: 154.6, Avg: 156.1, Max: 156.7, Diff: 2.0, Sum: 1248.6]
      [Termination (ms): Min: 0.1, Avg: 0.1, Max: 0.2, Diff: 0.1, Sum: 0.9]
         [Termination Attempts: Min: 1, Avg: 423.3, Max: 535, Diff: 534, Sum: 3386]
      [GC Worker Other (ms): Min: 0.0, Avg: 0.0, Max: 0.1, Diff: 0.1, Sum: 0.3]
      [GC Worker Total (ms): Min: 189.5, Avg: 203.8, Max: 208.6, Diff: 19.1, Sum: 1630.2]
      [GC Worker End (ms): Min: 27459.3, Avg: 27459.3, Max: 27459.4, Diff: 0.1]
   [Code Root Fixup: 0.0 ms]
   [Code Root Purge: 0.0 ms]
   [Clear CT: 0.2 ms]
   [Other: 0.9 ms]
      [Choose CSet: 0.0 ms]
      [Ref Proc: 0.1 ms]
      [Ref Enq: 0.0 ms]
      [Redirty Cards: 0.3 ms]
      [Humongous Register: 0.1 ms]
      [Humongous Reclaim: 0.0 ms]
      [Free CSet: 0.3 ms]
   [Eden: 258.0M(258.0M)->0.0B(225.0M) Survivors: 36.0M->37.0M Heap: 633.1M(2048.0M)->636.1M(2048.0M)]
 [Times: user=1.38 sys=0.11, real=0.21 secs] 
2020-09-29T12:11:22.677+0200: 27.646: [GC pause (G1 Evacuation Pause) (young), 0.1696025 secs]
   [Parallel Time: 168.5 ms, GC Workers: 8]
      [GC Worker Start (ms): Min: 27646.5, Avg: 27646.6, Max: 27646.7, Diff: 0.2]
      [Ext Root Scanning (ms): Min: 0.0, Avg: 0.1, Max: 0.1, Diff: 0.1, Sum: 0.7]
      [Update RS (ms): Min: 21.9, Avg: 22.1, Max: 22.8, Diff: 1.0, Sum: 176.6]
         [Processed Buffers: Min: 12, Avg: 18.1, Max: 24, Diff: 12, Sum: 145]
      [Scan RS (ms): Min: 16.6, Avg: 17.4, Max: 17.7, Diff: 1.0, Sum: 139.2]
      [Code Root Scanning (ms): Min: 0.0, Avg: 0.0, Max: 0.0, Diff: 0.0, Sum: 0.0]
      [Object Copy (ms): Min: 128.3, Avg: 128.4, Max: 128.5, Diff: 0.2, Sum: 1027.3]
      [Termination (ms): Min: 0.0, Avg: 0.1, Max: 0.1, Diff: 0.1, Sum: 0.6]
         [Termination Attempts: Min: 1, Avg: 500.3, Max: 601, Diff: 600, Sum: 4002]
      [GC Worker Other (ms): Min: 0.0, Avg: 0.0, Max: 0.1, Diff: 0.1, Sum: 0.3]
      [GC Worker Total (ms): Min: 168.0, Avg: 168.1, Max: 168.1, Diff: 0.2, Sum: 1344.7]
      [GC Worker End (ms): Min: 27814.7, Avg: 27814.7, Max: 27814.7, Diff: 0.0]
   [Code Root Fixup: 0.0 ms]
   [Code Root Purge: 0.0 ms]
   [Clear CT: 0.2 ms]
   [Other: 1.0 ms]
      [Choose CSet: 0.0 ms]
      [Ref Proc: 0.2 ms]
      [Ref Enq: 0.0 ms]
      [Redirty Cards: 0.2 ms]
      [Humongous Register: 0.1 ms]
      [Humongous Reclaim: 0.0 ms]
      [Free CSet: 0.2 ms]
   [Eden: 225.0M(225.0M)->0.0B(231.0M) Survivors: 37.0M->33.0M Heap: 899.3M(2048.0M)->901.3M(2048.0M)]
 [Times: user=1.13 sys=0.01, real=0.17 secs] 
2020-09-29T12:11:23.028+0200: 27.998: [GC pause (G1 Evacuation Pause) (young), 0.1779193 secs]
   [Parallel Time: 177.0 ms, GC Workers: 8]
      [GC Worker Start (ms): Min: 27997.7, Avg: 27997.8, Max: 27997.8, Diff: 0.1]
      [Ext Root Scanning (ms): Min: 0.0, Avg: 0.1, Max: 0.1, Diff: 0.1, Sum: 0.7]
      [Update RS (ms): Min: 17.4, Avg: 19.1, Max: 29.8, Diff: 12.4, Sum: 153.1]
         [Processed Buffers: Min: 13, Avg: 16.3, Max: 19, Diff: 6, Sum: 130]
      [Scan RS (ms): Min: 7.3, Avg: 19.1, Max: 28.1, Diff: 20.7, Sum: 152.9]
      [Code Root Scanning (ms): Min: 0.0, Avg: 0.0, Max: 0.0, Diff: 0.0, Sum: 0.0]
      [Object Copy (ms): Min: 131.2, Avg: 138.2, Max: 139.3, Diff: 8.1, Sum: 1105.3]
      [Termination (ms): Min: 0.0, Avg: 0.2, Max: 0.4, Diff: 0.4, Sum: 1.8]
         [Termination Attempts: Min: 1, Avg: 1384.4, Max: 1716, Diff: 1715, Sum: 11075]
      [GC Worker Other (ms): Min: 0.0, Avg: 0.0, Max: 0.1, Diff: 0.1, Sum: 0.4]
      [GC Worker Total (ms): Min: 176.7, Avg: 176.8, Max: 176.8, Diff: 0.1, Sum: 1414.2]
      [GC Worker End (ms): Min: 28174.5, Avg: 28174.5, Max: 28174.6, Diff: 0.1]
   [Code Root Fixup: 0.0 ms]
   [Code Root Purge: 0.0 ms]
   [Clear CT: 0.2 ms]
   [Other: 0.8 ms]
      [Choose CSet: 0.0 ms]
      [Ref Proc: 0.1 ms]
      [Ref Enq: 0.0 ms]
      [Redirty Cards: 0.2 ms]
      [Humongous Register: 0.1 ms]
      [Humongous Reclaim: 0.0 ms]
      [Free CSet: 0.2 ms]
   [Eden: 231.0M(231.0M)->0.0B(227.0M) Survivors: 33.0M->33.0M Heap: 1170.4M(2048.0M)->1172.4M(2048.0M)]
 [Times: user=1.06 sys=0.05, real=0.18 secs] 
2020-09-29T12:11:23.218+0200: 28.188: [GC pause (G1 Humongous Allocation) (young) (initial-mark), 0.0527062 secs]
   [Parallel Time: 51.0 ms, GC Workers: 8]
      [GC Worker Start (ms): Min: 28188.1, Avg: 28188.2, Max: 28188.3, Diff: 0.2]
      [Ext Root Scanning (ms): Min: 0.0, Avg: 4.5, Max: 28.8, Diff: 28.8, Sum: 35.9]
      [Update RS (ms): Min: 0.0, Avg: 23.0, Max: 27.4, Diff: 27.4, Sum: 183.8]
         [Processed Buffers: Min: 0, Avg: 27.0, Max: 35, Diff: 35, Sum: 216]
      [Scan RS (ms): Min: 0.9, Avg: 2.3, Max: 2.7, Diff: 1.8, Sum: 18.7]
      [Code Root Scanning (ms): Min: 0.0, Avg: 0.0, Max: 0.0, Diff: 0.0, Sum: 0.0]
      [Object Copy (ms): Min: 20.9, Avg: 20.9, Max: 21.0, Diff: 0.1, Sum: 167.6]
      [Termination (ms): Min: 0.0, Avg: 0.0, Max: 0.0, Diff: 0.0, Sum: 0.2]
         [Termination Attempts: Min: 1, Avg: 135.9, Max: 197, Diff: 196, Sum: 1087]
      [GC Worker Other (ms): Min: 0.0, Avg: 0.0, Max: 0.0, Diff: 0.0, Sum: 0.1]
      [GC Worker Total (ms): Min: 50.7, Avg: 50.8, Max: 50.9, Diff: 0.2, Sum: 406.4]
      [GC Worker End (ms): Min: 28239.0, Avg: 28239.0, Max: 28239.0, Diff: 0.0]
   [Code Root Fixup: 0.0 ms]
   [Code Root Purge: 0.0 ms]
   [Clear CT: 0.9 ms]
   [Other: 0.8 ms]
      [Choose CSet: 0.0 ms]
      [Ref Proc: 0.2 ms]
      [Ref Enq: 0.0 ms]
      [Redirty Cards: 0.2 ms]
      [Humongous Register: 0.1 ms]
      [Humongous Reclaim: 0.0 ms]
      [Free CSet: 0.1 ms]
   [Eden: 8192.0K(227.0M)->0.0B(264.0M) Survivors: 33.0M->10.0M Heap: 1180.4M(2048.0M)->1183.9M(2048.0M)]
 [Times: user=0.34 sys=0.00, real=0.05 secs] 
2020-09-29T12:11:23.271+0200: 28.241: [GC concurrent-root-region-scan-start]
2020-09-29T12:11:23.274+0200: 28.244: [GC concurrent-root-region-scan-end, 0.0028542 secs]
2020-09-29T12:11:23.274+0200: 28.244: [GC concurrent-mark-start]
2020-09-29T12:11:23.279+0200: 28.249: [GC concurrent-mark-end, 0.0041198 secs]
2020-09-29T12:11:23.279+0200: 28.249: [GC remark 2020-09-29T12:11:23.279+0200: 28.249: [Finalize Marking, 0.0002934 secs] 2020-09-29T12:11:23.280+0200: 28.249: [GC ref-proc, 0.0004250 secs] 2020-09-29T12:11:23.280+0200: 28.250: [Unloading, 0.0006248 secs], 0.0017926 secs]
 [Times: user=0.00 sys=0.00, real=0.00 secs] 
2020-09-29T12:11:23.282+0200: 28.252: [GC cleanup 1201M->37M(2048M), 0.0019055 secs]
 [Times: user=0.00 sys=0.00, real=0.00 secs] 
2020-09-29T12:11:23.284+0200: 28.254: [GC concurrent-cleanup-start]
2020-09-29T12:11:23.286+0200: 28.256: [GC concurrent-cleanup-end, 0.0023198 secs]
2020-09-29T12:11:23.446+0200: 28.415: [GC pause (G1 Evacuation Pause) (young), 0.1860717 secs]
   [Parallel Time: 185.0 ms, GC Workers: 8]
      [GC Worker Start (ms): Min: 28415.3, Avg: 28415.3, Max: 28415.4, Diff: 0.1]
      [Ext Root Scanning (ms): Min: 0.0, Avg: 0.1, Max: 0.1, Diff: 0.1, Sum: 0.7]
      [Update RS (ms): Min: 18.1, Avg: 18.4, Max: 19.2, Diff: 1.1, Sum: 147.6]
         [Processed Buffers: Min: 15, Avg: 16.9, Max: 18, Diff: 3, Sum: 135]
      [Scan RS (ms): Min: 19.1, Avg: 23.4, Max: 47.7, Diff: 28.6, Sum: 186.8]
      [Code Root Scanning (ms): Min: 0.0, Avg: 0.0, Max: 0.0, Diff: 0.0, Sum: 0.0]
      [Object Copy (ms): Min: 118.4, Avg: 142.6, Max: 146.3, Diff: 27.9, Sum: 1140.5]
      [Termination (ms): Min: 0.0, Avg: 0.3, Max: 0.4, Diff: 0.4, Sum: 2.5]
         [Termination Attempts: Min: 1, Avg: 2361.8, Max: 2917, Diff: 2916, Sum: 18894]
      [GC Worker Other (ms): Min: 0.0, Avg: 0.0, Max: 0.1, Diff: 0.0, Sum: 0.3]
      [GC Worker Total (ms): Min: 184.7, Avg: 184.8, Max: 184.9, Diff: 0.1, Sum: 1478.4]
      [GC Worker End (ms): Min: 28600.1, Avg: 28600.1, Max: 28600.1, Diff: 0.0]
   [Code Root Fixup: 0.0 ms]
   [Code Root Purge: 0.0 ms]
   [Clear CT: 0.2 ms]
   [Other: 0.9 ms]
      [Choose CSet: 0.0 ms]
      [Ref Proc: 0.2 ms]
      [Ref Enq: 0.0 ms]
      [Redirty Cards: 0.2 ms]
      [Humongous Register: 0.0 ms]
      [Humongous Reclaim: 0.0 ms]
      [Free CSet: 0.2 ms]
   [Eden: 264.0M(264.0M)->0.0B(227.0M) Survivors: 10.0M->35.0M Heap: 329.8M(2048.0M)->321.3M(2048.0M)]
 [Times: user=1.19 sys=0.06, real=0.19 secs] 
2020-09-29T12:11:23.779+0200: 28.748: [GC pause (G1 Evacuation Pause) (young), 0.1684693 secs]
   [Parallel Time: 167.2 ms, GC Workers: 8]
      [GC Worker Start (ms): Min: 28748.4, Avg: 28748.5, Max: 28748.6, Diff: 0.2]
      [Ext Root Scanning (ms): Min: 0.0, Avg: 0.1, Max: 0.2, Diff: 0.1, Sum: 0.7]
      [Update RS (ms): Min: 15.2, Avg: 15.7, Max: 16.2, Diff: 1.0, Sum: 125.9]
         [Processed Buffers: Min: 13, Avg: 14.8, Max: 17, Diff: 4, Sum: 118]
      [Scan RS (ms): Min: 16.5, Avg: 16.9, Max: 17.4, Diff: 0.9, Sum: 134.8]
      [Code Root Scanning (ms): Min: 0.0, Avg: 0.0, Max: 0.0, Diff: 0.0, Sum: 0.0]
      [Object Copy (ms): Min: 134.0, Avg: 134.1, Max: 134.4, Diff: 0.4, Sum: 1072.8]
      [Termination (ms): Min: 0.0, Avg: 0.2, Max: 0.3, Diff: 0.3, Sum: 1.9]
         [Termination Attempts: Min: 1, Avg: 1798.0, Max: 2196, Diff: 2195, Sum: 14384]
      [GC Worker Other (ms): Min: 0.0, Avg: 0.0, Max: 0.1, Diff: 0.0, Sum: 0.3]
      [GC Worker Total (ms): Min: 166.9, Avg: 167.0, Max: 167.1, Diff: 0.2, Sum: 1336.3]
      [GC Worker End (ms): Min: 28915.5, Avg: 28915.5, Max: 28915.5, Diff: 0.0]
   [Code Root Fixup: 0.0 ms]
   [Code Root Purge: 0.0 ms]
   [Clear CT: 0.2 ms]
   [Other: 1.0 ms]
      [Choose CSet: 0.0 ms]
      [Ref Proc: 0.3 ms]
      [Ref Enq: 0.0 ms]
      [Redirty Cards: 0.2 ms]
      [Humongous Register: 0.1 ms]
      [Humongous Reclaim: 0.0 ms]
      [Free CSet: 0.3 ms]
   [Eden: 227.0M(227.0M)->0.0B(231.0M) Survivors: 35.0M->33.0M Heap: 584.5M(2048.0M)->587.0M(2048.0M)]
 [Times: user=1.17 sys=0.05, real=0.17 secs] 
2020-09-29T12:11:24.176+0200: 29.146: [GC pause (G1 Evacuation Pause) (young), 0.2975863 secs]
   [Parallel Time: 295.3 ms, GC Workers: 8]
      [GC Worker Start (ms): Min: 29145.8, Avg: 29145.8, Max: 29146.0, Diff: 0.2]
      [Ext Root Scanning (ms): Min: 0.0, Avg: 0.1, Max: 0.2, Diff: 0.2, Sum: 1.1]
      [Update RS (ms): Min: 33.2, Avg: 33.5, Max: 34.7, Diff: 1.5, Sum: 268.0]
         [Processed Buffers: Min: 11, Avg: 17.3, Max: 22, Diff: 11, Sum: 138]
      [Scan RS (ms): Min: 30.9, Avg: 32.1, Max: 32.3, Diff: 1.5, Sum: 256.7]
      [Code Root Scanning (ms): Min: 0.0, Avg: 0.0, Max: 0.0, Diff: 0.0, Sum: 0.0]
      [Object Copy (ms): Min: 229.2, Avg: 229.2, Max: 229.3, Diff: 0.1, Sum: 1833.8]
      [Termination (ms): Min: 0.0, Avg: 0.0, Max: 0.0, Diff: 0.0, Sum: 0.1]
         [Termination Attempts: Min: 1, Avg: 37.1, Max: 55, Diff: 54, Sum: 297]
      [GC Worker Other (ms): Min: 0.0, Avg: 0.1, Max: 0.1, Diff: 0.1, Sum: 0.4]
      [GC Worker Total (ms): Min: 294.8, Avg: 295.0, Max: 295.1, Diff: 0.3, Sum: 2360.1]
      [GC Worker End (ms): Min: 29440.8, Avg: 29440.8, Max: 29440.9, Diff: 0.1]
   [Code Root Fixup: 0.0 ms]
   [Code Root Purge: 0.0 ms]
   [Clear CT: 0.3 ms]
   [Other: 2.0 ms]
      [Choose CSet: 0.0 ms]
      [Ref Proc: 0.4 ms]
      [Ref Enq: 0.0 ms]
      [Redirty Cards: 0.9 ms]
      [Humongous Register: 0.1 ms]
      [Humongous Reclaim: 0.0 ms]
      [Free CSet: 0.3 ms]
   [Eden: 231.0M(231.0M)->0.0B(138.0M) Survivors: 33.0M->33.0M Heap: 858.1M(2048.0M)->860.6M(2048.0M)]
 [Times: user=1.95 sys=0.11, real=0.30 secs] 
2020-09-29T12:11:24.671+0200: 29.641: [GC pause (G1 Evacuation Pause) (young), 0.2343859 secs]
   [Parallel Time: 232.9 ms, GC Workers: 8]
      [GC Worker Start (ms): Min: 29641.2, Avg: 29641.3, Max: 29641.4, Diff: 0.1]
      [Ext Root Scanning (ms): Min: 0.1, Avg: 0.1, Max: 0.2, Diff: 0.1, Sum: 1.1]
      [Update RS (ms): Min: 32.6, Avg: 33.8, Max: 36.9, Diff: 4.2, Sum: 270.0]
         [Processed Buffers: Min: 5, Avg: 17.4, Max: 22, Diff: 17, Sum: 139]
      [Scan RS (ms): Min: 11.9, Avg: 16.8, Max: 30.1, Diff: 18.3, Sum: 134.4]
      [Code Root Scanning (ms): Min: 0.0, Avg: 0.0, Max: 0.0, Diff: 0.0, Sum: 0.0]
      [Object Copy (ms): Min: 168.3, Avg: 181.7, Max: 183.8, Diff: 15.5, Sum: 1453.3]
      [Termination (ms): Min: 0.1, Avg: 0.3, Max: 0.4, Diff: 0.3, Sum: 2.1]
         [Termination Attempts: Min: 1, Avg: 714.1, Max: 1047, Diff: 1046, Sum: 5713]
      [GC Worker Other (ms): Min: 0.0, Avg: 0.0, Max: 0.0, Diff: 0.0, Sum: 0.1]
      [GC Worker Total (ms): Min: 232.6, Avg: 232.6, Max: 232.7, Diff: 0.2, Sum: 1860.9]
      [GC Worker End (ms): Min: 29873.9, Avg: 29873.9, Max: 29873.9, Diff: 0.0]
   [Code Root Fixup: 0.0 ms]
   [Code Root Purge: 0.0 ms]
   [Clear CT: 0.3 ms]
   [Other: 1.2 ms]
      [Choose CSet: 0.0 ms]
      [Ref Proc: 0.3 ms]
      [Ref Enq: 0.0 ms]
      [Redirty Cards: 0.3 ms]
      [Humongous Register: 0.1 ms]
      [Humongous Reclaim: 0.0 ms]
      [Free CSet: 0.2 ms]
   [Eden: 138.0M(138.0M)->0.0B(107.0M) Survivors: 33.0M->22.0M Heap: 1021.5M(2048.0M)->1023.5M(2048.0M)]
 [Times: user=1.50 sys=0.05, real=0.23 secs] 
2020-09-29T12:11:24.917+0200: 29.887: [GC pause (G1 Humongous Allocation) (young) (initial-mark), 0.0676579 secs]
   [Parallel Time: 65.9 ms, GC Workers: 8]
      [GC Worker Start (ms): Min: 29886.8, Avg: 29886.9, Max: 29887.0, Diff: 0.2]
      [Ext Root Scanning (ms): Min: 0.1, Avg: 0.2, Max: 0.3, Diff: 0.3, Sum: 1.8]
      [Update RS (ms): Min: 33.8, Avg: 34.2, Max: 34.9, Diff: 1.1, Sum: 273.5]
         [Processed Buffers: Min: 19, Avg: 22.9, Max: 25, Diff: 6, Sum: 183]
      [Scan RS (ms): Min: 1.5, Avg: 2.5, Max: 3.3, Diff: 1.8, Sum: 19.8]
      [Code Root Scanning (ms): Min: 0.0, Avg: 0.0, Max: 0.0, Diff: 0.0, Sum: 0.0]
      [Object Copy (ms): Min: 28.3, Avg: 28.8, Max: 29.0, Diff: 0.7, Sum: 230.3]
      [Termination (ms): Min: 0.0, Avg: 0.0, Max: 0.1, Diff: 0.1, Sum: 0.4]
         [Termination Attempts: Min: 1, Avg: 148.6, Max: 206, Diff: 205, Sum: 1189]
      [GC Worker Other (ms): Min: 0.0, Avg: 0.0, Max: 0.0, Diff: 0.0, Sum: 0.2]
      [GC Worker Total (ms): Min: 65.6, Avg: 65.7, Max: 65.8, Diff: 0.2, Sum: 525.9]
      [GC Worker End (ms): Min: 29952.6, Avg: 29952.6, Max: 29952.6, Diff: 0.0]
   [Code Root Fixup: 0.0 ms]
   [Code Root Purge: 0.0 ms]
   [Clear CT: 0.3 ms]
   [Other: 1.5 ms]
      [Choose CSet: 0.0 ms]
      [Ref Proc: 0.7 ms]
      [Ref Enq: 0.0 ms]
      [Redirty Cards: 0.3 ms]
      [Humongous Register: 0.1 ms]
      [Humongous Reclaim: 0.0 ms]
      [Free CSet: 0.1 ms]
   [Eden: 10.0M(107.0M)->0.0B(128.0M) Survivors: 22.0M->12.0M Heap: 1033.5M(2048.0M)->1036.0M(2048.0M)]
 [Times: user=0.48 sys=0.00, real=0.07 secs] 
2020-09-29T12:11:24.985+0200: 29.954: [GC concurrent-root-region-scan-start]
2020-09-29T12:11:24.990+0200: 29.960: [GC concurrent-root-region-scan-end, 0.0054408 secs]
2020-09-29T12:11:24.990+0200: 29.960: [GC concurrent-mark-start]
2020-09-29T12:11:24.996+0200: 29.966: [GC concurrent-mark-end, 0.0057533 secs]
2020-09-29T12:11:24.999+0200: 29.969: [GC remark 2020-09-29T12:11:24.999+0200: 29.969: [Finalize Marking, 0.0003758 secs] 2020-09-29T12:11:24.999+0200: 29.969: [GC ref-proc, 0.0006923 secs] 2020-09-29T12:11:25.000+0200: 29.970: [Unloading, 0.0008874 secs], 0.0024705 secs]
 [Times: user=0.00 sys=0.00, real=0.00 secs] 
2020-09-29T12:11:25.002+0200: 29.972: [GC cleanup 1054M->40M(2048M), 0.0024636 secs]
 [Times: user=0.08 sys=0.00, real=0.00 secs] 
2020-09-29T12:11:25.005+0200: 29.974: [GC concurrent-cleanup-start]
2020-09-29T12:11:25.007+0200: 29.977: [GC concurrent-cleanup-end, 0.0024723 secs]
2020-09-29T12:11:25.114+0200: 30.083: [GC pause (G1 Evacuation Pause) (young), 0.1792056 secs]
   [Parallel Time: 175.2 ms, GC Workers: 8]
      [GC Worker Start (ms): Min: 30083.6, Avg: 30083.7, Max: 30083.8, Diff: 0.2]
      [Ext Root Scanning (ms): Min: 0.0, Avg: 0.1, Max: 0.2, Diff: 0.2, Sum: 0.9]
      [Update RS (ms): Min: 22.4, Avg: 22.6, Max: 22.9, Diff: 0.5, Sum: 181.0]
         [Processed Buffers: Min: 10, Avg: 13.8, Max: 17, Diff: 7, Sum: 110]
      [Scan RS (ms): Min: 10.4, Avg: 10.7, Max: 11.1, Diff: 0.6, Sum: 85.9]
      [Code Root Scanning (ms): Min: 0.0, Avg: 0.0, Max: 0.0, Diff: 0.0, Sum: 0.0]
      [Object Copy (ms): Min: 140.9, Avg: 141.1, Max: 141.4, Diff: 0.5, Sum: 1128.8]
      [Termination (ms): Min: 0.0, Avg: 0.3, Max: 0.4, Diff: 0.4, Sum: 2.1]
         [Termination Attempts: Min: 1, Avg: 787.8, Max: 1136, Diff: 1135, Sum: 6302]
      [GC Worker Other (ms): Min: 0.0, Avg: 0.0, Max: 0.0, Diff: 0.0, Sum: 0.2]
      [GC Worker Total (ms): Min: 174.7, Avg: 174.8, Max: 174.9, Diff: 0.2, Sum: 1398.8]
      [GC Worker End (ms): Min: 30258.5, Avg: 30258.5, Max: 30258.5, Diff: 0.0]
   [Code Root Fixup: 0.0 ms]
   [Code Root Purge: 0.0 ms]
   [Clear CT: 1.7 ms]
   [Other: 2.4 ms]
      [Choose CSet: 0.0 ms]
      [Ref Proc: 0.3 ms]
      [Ref Enq: 0.0 ms]
      [Redirty Cards: 1.5 ms]
      [Humongous Register: 0.1 ms]
      [Humongous Reclaim: 0.0 ms]
      [Free CSet: 0.2 ms]
   [Eden: 128.0M(128.0M)->0.0B(114.0M) Survivors: 12.0M->18.0M Heap: 172.4M(2048.0M)->162.9M(2048.0M)]
 [Times: user=1.11 sys=0.03, real=0.18 secs] 
2020-09-29T12:11:25.411+0200: 30.381: [GC pause (G1 Evacuation Pause) (young), 0.1813755 secs]
   [Parallel Time: 179.8 ms, GC Workers: 8]
      [GC Worker Start (ms): Min: 30381.2, Avg: 30383.4, Max: 30398.0, Diff: 16.8]
      [Ext Root Scanning (ms): Min: 0.0, Avg: 0.1, Max: 0.2, Diff: 0.2, Sum: 0.9]
      [Update RS (ms): Min: 3.1, Avg: 18.5, Max: 27.0, Diff: 23.9, Sum: 147.9]
         [Processed Buffers: Min: 2, Avg: 11.8, Max: 16, Diff: 14, Sum: 94]
      [Scan RS (ms): Min: 6.9, Avg: 13.9, Max: 18.7, Diff: 11.8, Sum: 110.9]
      [Code Root Scanning (ms): Min: 0.0, Avg: 0.0, Max: 0.0, Diff: 0.0, Sum: 0.0]
      [Object Copy (ms): Min: 140.6, Avg: 144.6, Max: 145.3, Diff: 4.7, Sum: 1156.7]
      [Termination (ms): Min: 0.1, Avg: 0.3, Max: 0.6, Diff: 0.5, Sum: 2.2]
         [Termination Attempts: Min: 1, Avg: 623.4, Max: 814, Diff: 813, Sum: 4987]
      [GC Worker Other (ms): Min: 0.0, Avg: 0.0, Max: 0.0, Diff: 0.0, Sum: 0.1]
      [GC Worker Total (ms): Min: 162.8, Avg: 177.3, Max: 179.5, Diff: 16.8, Sum: 1418.7]
      [GC Worker End (ms): Min: 30560.7, Avg: 30560.8, Max: 30560.8, Diff: 0.0]
   [Code Root Fixup: 0.0 ms]
   [Code Root Purge: 0.0 ms]
   [Clear CT: 0.3 ms]
   [Other: 1.2 ms]
      [Choose CSet: 0.0 ms]
      [Ref Proc: 0.3 ms]
      [Ref Enq: 0.0 ms]
      [Redirty Cards: 0.3 ms]
      [Humongous Register: 0.1 ms]
      [Humongous Reclaim: 0.0 ms]
      [Free CSet: 0.2 ms]
   [Eden: 114.0M(114.0M)->0.0B(110.0M) Survivors: 18.0M->17.0M Heap: 296.0M(2048.0M)->298.0M(2048.0M)]
 [Times: user=1.13 sys=0.00, real=0.18 secs] 
2020-09-29T12:11:25.710+0200: 30.680: [GC pause (G1 Evacuation Pause) (young), 0.1623118 secs]
   [Parallel Time: 160.8 ms, GC Workers: 8]
      [GC Worker Start (ms): Min: 30679.9, Avg: 30680.0, Max: 30680.0, Diff: 0.1]
      [Ext Root Scanning (ms): Min: 0.1, Avg: 0.1, Max: 0.2, Diff: 0.1, Sum: 1.0]
      [Update RS (ms): Min: 20.9, Avg: 21.6, Max: 22.0, Diff: 1.1, Sum: 172.7]
         [Processed Buffers: Min: 11, Avg: 12.8, Max: 15, Diff: 4, Sum: 102]
      [Scan RS (ms): Min: 8.8, Avg: 9.4, Max: 10.1, Diff: 1.3, Sum: 75.5]
      [Code Root Scanning (ms): Min: 0.0, Avg: 0.0, Max: 0.0, Diff: 0.0, Sum: 0.0]
      [Object Copy (ms): Min: 128.8, Avg: 129.2, Max: 129.3, Diff: 0.5, Sum: 1033.3]
      [Termination (ms): Min: 0.0, Avg: 0.2, Max: 0.2, Diff: 0.2, Sum: 1.5]
         [Termination Attempts: Min: 1, Avg: 47.5, Max: 73, Diff: 72, Sum: 380]
      [GC Worker Other (ms): Min: 0.0, Avg: 0.0, Max: 0.0, Diff: 0.0, Sum: 0.2]
      [GC Worker Total (ms): Min: 160.4, Avg: 160.5, Max: 160.6, Diff: 0.1, Sum: 1284.0]
      [GC Worker End (ms): Min: 30840.4, Avg: 30840.5, Max: 30840.5, Diff: 0.0]
   [Code Root Fixup: 0.0 ms]
   [Code Root Purge: 0.0 ms]
   [Clear CT: 0.3 ms]
   [Other: 1.2 ms]
      [Choose CSet: 0.0 ms]
      [Ref Proc: 0.3 ms]
      [Ref Enq: 0.0 ms]
      [Redirty Cards: 0.3 ms]
      [Humongous Register: 0.1 ms]
      [Humongous Reclaim: 0.0 ms]
      [Free CSet: 0.2 ms]
   [Eden: 110.0M(110.0M)->0.0B(116.0M) Survivors: 17.0M->16.0M Heap: 425.1M(2048.0M)->427.6M(2048.0M)]
 [Times: user=1.02 sys=0.06, real=0.16 secs] 
2020-09-29T12:11:25.998+0200: 30.967: [GC pause (G1 Evacuation Pause) (young), 0.1858475 secs]
   [Parallel Time: 184.4 ms, GC Workers: 8]
      [GC Worker Start (ms): Min: 30967.5, Avg: 30967.6, Max: 30967.7, Diff: 0.2]
      [Ext Root Scanning (ms): Min: 0.0, Avg: 0.1, Max: 0.2, Diff: 0.2, Sum: 1.1]
      [Update RS (ms): Min: 20.5, Avg: 22.4, Max: 32.1, Diff: 11.5, Sum: 179.5]
         [Processed Buffers: Min: 0, Avg: 10.9, Max: 14, Diff: 14, Sum: 87]
      [Scan RS (ms): Min: 2.4, Avg: 12.3, Max: 15.7, Diff: 13.4, Sum: 98.8]
      [Code Root Scanning (ms): Min: 0.0, Avg: 0.0, Max: 0.0, Diff: 0.0, Sum: 0.0]
      [Object Copy (ms): Min: 146.8, Avg: 149.0, Max: 149.4, Diff: 2.6, Sum: 1192.1]
      [Termination (ms): Min: 0.0, Avg: 0.1, Max: 0.1, Diff: 0.1, Sum: 0.5]
         [Termination Attempts: Min: 1, Avg: 230.6, Max: 346, Diff: 345, Sum: 1845]
      [GC Worker Other (ms): Min: 0.0, Avg: 0.0, Max: 0.1, Diff: 0.1, Sum: 0.3]
      [GC Worker Total (ms): Min: 183.9, Avg: 184.0, Max: 184.1, Diff: 0.3, Sum: 1472.1]
      [GC Worker End (ms): Min: 31151.6, Avg: 31151.6, Max: 31151.6, Diff: 0.1]
   [Code Root Fixup: 0.0 ms]
   [Code Root Purge: 0.0 ms]
   [Clear CT: 0.3 ms]
   [Other: 1.2 ms]
      [Choose CSet: 0.0 ms]
      [Ref Proc: 0.3 ms]
      [Ref Enq: 0.0 ms]
      [Redirty Cards: 0.3 ms]
      [Humongous Register: 0.1 ms]
      [Humongous Reclaim: 0.0 ms]
      [Free CSet: 0.2 ms]
   [Eden: 116.0M(116.0M)->0.0B(111.0M) Survivors: 16.0M->17.0M Heap: 562.7M(2048.0M)->564.7M(2048.0M)]
 [Times: user=1.22 sys=0.03, real=0.19 secs] 
2020-09-29T12:11:26.308+0200: 31.278: [GC pause (G1 Evacuation Pause) (young), 0.1410217 secs]
   [Parallel Time: 139.3 ms, GC Workers: 8]
      [GC Worker Start (ms): Min: 31277.8, Avg: 31277.9, Max: 31278.1, Diff: 0.3]
      [Ext Root Scanning (ms): Min: 0.0, Avg: 0.1, Max: 0.2, Diff: 0.2, Sum: 0.9]
      [Update RS (ms): Min: 16.5, Avg: 17.1, Max: 18.1, Diff: 1.6, Sum: 136.7]
         [Processed Buffers: Min: 8, Avg: 10.5, Max: 14, Diff: 6, Sum: 84]
      [Scan RS (ms): Min: 11.6, Avg: 12.6, Max: 13.2, Diff: 1.6, Sum: 100.6]
      [Code Root Scanning (ms): Min: 0.0, Avg: 0.0, Max: 0.0, Diff: 0.0, Sum: 0.0]
      [Object Copy (ms): Min: 108.9, Avg: 109.1, Max: 109.1, Diff: 0.2, Sum: 872.5]
      [Termination (ms): Min: 0.0, Avg: 0.1, Max: 0.1, Diff: 0.1, Sum: 0.5]
         [Termination Attempts: Min: 1, Avg: 197.4, Max: 256, Diff: 255, Sum: 1579]
      [GC Worker Other (ms): Min: 0.0, Avg: 0.0, Max: 0.1, Diff: 0.0, Sum: 0.2]
      [GC Worker Total (ms): Min: 138.7, Avg: 138.9, Max: 139.0, Diff: 0.3, Sum: 1111.5]
      [GC Worker End (ms): Min: 31416.8, Avg: 31416.8, Max: 31416.9, Diff: 0.0]
   [Code Root Fixup: 0.0 ms]
   [Code Root Purge: 0.0 ms]
   [Clear CT: 0.4 ms]
   [Other: 1.4 ms]
      [Choose CSet: 0.0 ms]
      [Ref Proc: 0.4 ms]
      [Ref Enq: 0.0 ms]
      [Redirty Cards: 0.4 ms]
      [Humongous Register: 0.1 ms]
      [Humongous Reclaim: 0.0 ms]
      [Free CSet: 0.2 ms]
   [Eden: 111.0M(111.0M)->0.0B(123.0M) Survivors: 17.0M->16.0M Heap: 694.8M(2048.0M)->697.3M(2048.0M)]
 [Times: user=1.06 sys=0.06, real=0.14 secs] 
2020-09-29T12:11:26.570+0200: 31.539: [GC pause (G1 Evacuation Pause) (young), 0.2250387 secs]
   [Parallel Time: 223.5 ms, GC Workers: 8]
      [GC Worker Start (ms): Min: 31539.7, Avg: 31547.7, Max: 31571.8, Diff: 32.1]
      [Ext Root Scanning (ms): Min: 0.0, Avg: 0.1, Max: 0.2, Diff: 0.2, Sum: 1.0]
      [Update RS (ms): Min: 0.0, Avg: 16.4, Max: 22.3, Diff: 22.3, Sum: 131.3]
         [Processed Buffers: Min: 0, Avg: 10.9, Max: 18, Diff: 18, Sum: 87]
      [Scan RS (ms): Min: 6.6, Avg: 17.5, Max: 42.4, Diff: 35.8, Sum: 140.0]
      [Code Root Scanning (ms): Min: 0.0, Avg: 0.0, Max: 0.0, Diff: 0.0, Sum: 0.0]
      [Object Copy (ms): Min: 158.5, Avg: 180.8, Max: 184.4, Diff: 25.9, Sum: 1446.4]
      [Termination (ms): Min: 0.0, Avg: 0.4, Max: 0.5, Diff: 0.5, Sum: 2.9]
         [Termination Attempts: Min: 1, Avg: 1458.8, Max: 1813, Diff: 1812, Sum: 11670]
      [GC Worker Other (ms): Min: 0.0, Avg: 0.1, Max: 0.2, Diff: 0.2, Sum: 0.7]
      [GC Worker Total (ms): Min: 191.2, Avg: 215.3, Max: 223.4, Diff: 32.2, Sum: 1722.4]
      [GC Worker End (ms): Min: 31763.0, Avg: 31763.0, Max: 31763.1, Diff: 0.1]
   [Code Root Fixup: 0.0 ms]
   [Code Root Purge: 0.0 ms]
   [Clear CT: 0.2 ms]
   [Other: 1.3 ms]
      [Choose CSet: 0.0 ms]
      [Ref Proc: 0.4 ms]
      [Ref Enq: 0.0 ms]
      [Redirty Cards: 0.3 ms]
      [Humongous Register: 0.1 ms]
      [Humongous Reclaim: 0.0 ms]
      [Free CSet: 0.2 ms]
   [Eden: 123.0M(123.0M)->0.0B(105.0M) Survivors: 16.0M->18.0M Heap: 841.3M(2048.0M)->841.8M(2048.0M)]
 [Times: user=1.52 sys=0.03, real=0.23 secs] 
2020-09-29T12:11:26.899+0200: 31.869: [GC pause (G1 Evacuation Pause) (young), 0.1428898 secs]
   [Parallel Time: 141.3 ms, GC Workers: 8]
      [GC Worker Start (ms): Min: 31868.7, Avg: 31868.8, Max: 31868.9, Diff: 0.1]
      [Ext Root Scanning (ms): Min: 0.1, Avg: 0.1, Max: 0.2, Diff: 0.1, Sum: 1.1]
      [Update RS (ms): Min: 19.3, Avg: 19.8, Max: 20.3, Diff: 1.0, Sum: 158.4]
         [Processed Buffers: Min: 11, Avg: 12.1, Max: 15, Diff: 4, Sum: 97]
      [Scan RS (ms): Min: 9.4, Avg: 9.9, Max: 10.5, Diff: 1.0, Sum: 79.4]
      [Code Root Scanning (ms): Min: 0.0, Avg: 0.0, Max: 0.0, Diff: 0.0, Sum: 0.0]
      [Object Copy (ms): Min: 110.5, Avg: 110.8, Max: 111.1, Diff: 0.6, Sum: 886.4]
      [Termination (ms): Min: 0.0, Avg: 0.3, Max: 0.4, Diff: 0.4, Sum: 2.3]
         [Termination Attempts: Min: 1, Avg: 999.0, Max: 1285, Diff: 1284, Sum: 7992]
      [GC Worker Other (ms): Min: 0.0, Avg: 0.0, Max: 0.1, Diff: 0.0, Sum: 0.3]
      [GC Worker Total (ms): Min: 140.9, Avg: 141.0, Max: 141.0, Diff: 0.1, Sum: 1127.8]
      [GC Worker End (ms): Min: 32009.8, Avg: 32009.8, Max: 32009.8, Diff: 0.0]
   [Code Root Fixup: 0.0 ms]
   [Code Root Purge: 0.0 ms]
   [Clear CT: 0.3 ms]
   [Other: 1.3 ms]
      [Choose CSet: 0.0 ms]
      [Ref Proc: 0.4 ms]
      [Ref Enq: 0.0 ms]
      [Redirty Cards: 0.4 ms]
      [Humongous Register: 0.1 ms]
      [Humongous Reclaim: 0.0 ms]
      [Free CSet: 0.2 ms]
   [Eden: 105.0M(105.0M)->0.0B(118.0M) Survivors: 18.0M->16.0M Heap: 963.9M(2048.0M)->966.4M(2048.0M)]
 [Times: user=1.03 sys=0.05, real=0.14 secs] 
2020-09-29T12:11:27.047+0200: 32.017: [GC pause (G1 Humongous Allocation) (young) (initial-mark), 0.0502327 secs]
   [Parallel Time: 48.8 ms, GC Workers: 8]
      [GC Worker Start (ms): Min: 32017.3, Avg: 32017.3, Max: 32017.4, Diff: 0.1]
      [Ext Root Scanning (ms): Min: 0.1, Avg: 0.1, Max: 0.2, Diff: 0.1, Sum: 1.2]
      [Update RS (ms): Min: 27.2, Avg: 27.6, Max: 28.1, Diff: 0.9, Sum: 221.1]
         [Processed Buffers: Min: 18, Avg: 19.6, Max: 21, Diff: 3, Sum: 157]
      [Scan RS (ms): Min: 0.0, Avg: 0.6, Max: 0.9, Diff: 0.9, Sum: 4.4]
      [Code Root Scanning (ms): Min: 0.0, Avg: 0.0, Max: 0.0, Diff: 0.0, Sum: 0.0]
      [Object Copy (ms): Min: 19.9, Avg: 20.1, Max: 20.2, Diff: 0.3, Sum: 160.8]
      [Termination (ms): Min: 0.0, Avg: 0.0, Max: 0.0, Diff: 0.0, Sum: 0.1]
         [Termination Attempts: Min: 1, Avg: 34.6, Max: 47, Diff: 46, Sum: 277]
      [GC Worker Other (ms): Min: 0.0, Avg: 0.0, Max: 0.1, Diff: 0.0, Sum: 0.2]
      [GC Worker Total (ms): Min: 48.4, Avg: 48.5, Max: 48.6, Diff: 0.2, Sum: 387.8]
      [GC Worker End (ms): Min: 32065.8, Avg: 32065.8, Max: 32065.9, Diff: 0.1]
   [Code Root Fixup: 0.0 ms]
   [Code Root Purge: 0.0 ms]
   [Clear CT: 0.3 ms]
   [Other: 1.2 ms]
      [Choose CSet: 0.0 ms]
      [Ref Proc: 0.3 ms]
      [Ref Enq: 0.0 ms]
      [Redirty Cards: 0.3 ms]
      [Humongous Register: 0.1 ms]
      [Humongous Reclaim: 0.0 ms]
      [Free CSet: 0.1 ms]
   [Eden: 6144.0K(118.0M)->0.0B(138.0M) Survivors: 16.0M->8192.0K Heap: 972.4M(2048.0M)->975.9M(2048.0M)]
 [Times: user=0.39 sys=0.00, real=0.05 secs] 
2020-09-29T12:11:27.098+0200: 32.068: [GC concurrent-root-region-scan-start]
2020-09-29T12:11:27.102+0200: 32.071: [GC concurrent-root-region-scan-end, 0.0038363 secs]
2020-09-29T12:11:27.102+0200: 32.071: [GC concurrent-mark-start]
2020-09-29T12:11:27.107+0200: 32.077: [GC concurrent-mark-end, 0.0058795 secs]
2020-09-29T12:11:27.108+0200: 32.078: [GC remark 2020-09-29T12:11:27.108+0200: 32.078: [Finalize Marking, 0.0004469 secs] 2020-09-29T12:11:27.109+0200: 32.078: [GC ref-proc, 0.0006235 secs] 2020-09-29T12:11:27.109+0200: 32.079: [Unloading, 0.0006962 secs], 0.0024461 secs]
 [Times: user=0.00 sys=0.00, real=0.00 secs] 
2020-09-29T12:11:27.112+0200: 32.081: [GC cleanup 986M->28M(2048M), 0.0027165 secs]
 [Times: user=0.09 sys=0.00, real=0.00 secs] 
2020-09-29T12:11:27.114+0200: 32.084: [GC concurrent-cleanup-start]
2020-09-29T12:11:27.117+0200: 32.087: [GC concurrent-cleanup-end, 0.0025374 secs]
2020-09-29T12:11:27.278+0200: 32.248: [GC pause (G1 Evacuation Pause) (young), 0.1505748 secs]
   [Parallel Time: 148.5 ms, GC Workers: 8]
      [GC Worker Start (ms): Min: 32248.4, Avg: 32248.5, Max: 32248.6, Diff: 0.2]
      [Ext Root Scanning (ms): Min: 0.0, Avg: 0.1, Max: 0.2, Diff: 0.2, Sum: 1.1]
      [Update RS (ms): Min: 17.1, Avg: 17.4, Max: 18.0, Diff: 0.9, Sum: 139.1]
         [Processed Buffers: Min: 9, Avg: 11.4, Max: 16, Diff: 7, Sum: 91]
      [Scan RS (ms): Min: 13.5, Avg: 14.2, Max: 14.5, Diff: 1.0, Sum: 113.2]
      [Code Root Scanning (ms): Min: 0.0, Avg: 0.0, Max: 0.0, Diff: 0.0, Sum: 0.0]
      [Object Copy (ms): Min: 116.2, Avg: 116.4, Max: 116.5, Diff: 0.3, Sum: 930.9]
      [Termination (ms): Min: 0.0, Avg: 0.1, Max: 0.2, Diff: 0.2, Sum: 1.0]
         [Termination Attempts: Min: 1, Avg: 419.4, Max: 537, Diff: 536, Sum: 3355]
      [GC Worker Other (ms): Min: 0.0, Avg: 0.1, Max: 0.1, Diff: 0.1, Sum: 0.4]
      [GC Worker Total (ms): Min: 148.2, Avg: 148.2, Max: 148.3, Diff: 0.1, Sum: 1185.8]
      [GC Worker End (ms): Min: 32396.7, Avg: 32396.7, Max: 32396.7, Diff: 0.1]
   [Code Root Fixup: 0.0 ms]
   [Code Root Purge: 0.0 ms]
   [Clear CT: 0.3 ms]
   [Other: 1.8 ms]
      [Choose CSet: 0.0 ms]
      [Ref Proc: 0.3 ms]
      [Ref Enq: 0.0 ms]
      [Redirty Cards: 0.8 ms]
      [Humongous Register: 0.1 ms]
      [Humongous Reclaim: 0.0 ms]
      [Free CSet: 0.2 ms]
   [Eden: 138.0M(138.0M)->0.0B(134.0M) Survivors: 8192.0K->19.0M Heap: 180.3M(2048.0M)->174.8M(2048.0M)]
 [Times: user=1.19 sys=0.03, real=0.15 secs] 
2020-09-29T12:11:27.577+0200: 32.546: [GC pause (G1 Evacuation Pause) (young), 0.2008251 secs]
   [Parallel Time: 199.1 ms, GC Workers: 8]
      [GC Worker Start (ms): Min: 32546.6, Avg: 32546.7, Max: 32546.9, Diff: 0.3]
      [Ext Root Scanning (ms): Min: 0.0, Avg: 0.1, Max: 0.2, Diff: 0.2, Sum: 1.0]
      [Update RS (ms): Min: 24.5, Avg: 25.1, Max: 26.2, Diff: 1.7, Sum: 200.9]
         [Processed Buffers: Min: 0, Avg: 12.5, Max: 16, Diff: 16, Sum: 100]
      [Scan RS (ms): Min: 17.3, Avg: 20.7, Max: 32.4, Diff: 15.1, Sum: 165.5]
      [Code Root Scanning (ms): Min: 0.0, Avg: 0.0, Max: 0.0, Diff: 0.0, Sum: 0.0]
      [Object Copy (ms): Min: 141.2, Avg: 152.4, Max: 156.1, Diff: 14.8, Sum: 1219.6]
      [Termination (ms): Min: 0.0, Avg: 0.3, Max: 2.3, Diff: 2.3, Sum: 2.7]
         [Termination Attempts: Min: 1, Avg: 168.6, Max: 262, Diff: 261, Sum: 1349]
      [GC Worker Other (ms): Min: 0.0, Avg: 0.0, Max: 0.1, Diff: 0.0, Sum: 0.3]
      [GC Worker Total (ms): Min: 198.5, Avg: 198.7, Max: 198.9, Diff: 0.3, Sum: 1589.9]
      [GC Worker End (ms): Min: 32745.4, Avg: 32745.4, Max: 32745.5, Diff: 0.0]
   [Code Root Fixup: 0.0 ms]
   [Code Root Purge: 0.0 ms]
   [Clear CT: 0.5 ms]
   [Other: 1.3 ms]
      [Choose CSet: 0.0 ms]
      [Ref Proc: 0.3 ms]
      [Ref Enq: 0.0 ms]
      [Redirty Cards: 0.3 ms]
      [Humongous Register: 0.1 ms]
      [Humongous Reclaim: 0.0 ms]
      [Free CSet: 0.2 ms]
   [Eden: 134.0M(134.0M)->0.0B(122.0M) Survivors: 19.0M->20.0M Heap: 329.8M(2048.0M)->331.3M(2048.0M)]
 [Times: user=1.31 sys=0.06, real=0.20 secs] 
2020-09-29T12:11:27.946+0200: 32.916: [GC pause (G1 Evacuation Pause) (young), 0.1631664 secs]
   [Parallel Time: 161.3 ms, GC Workers: 8]
      [GC Worker Start (ms): Min: 32915.9, Avg: 32916.8, Max: 32919.4, Diff: 3.5]
      [Ext Root Scanning (ms): Min: 0.0, Avg: 0.1, Max: 0.3, Diff: 0.3, Sum: 0.8]
      [Update RS (ms): Min: 22.9, Avg: 26.1, Max: 28.9, Diff: 6.0, Sum: 208.6]
         [Processed Buffers: Min: 6, Avg: 13.9, Max: 19, Diff: 13, Sum: 111]
      [Scan RS (ms): Min: 9.1, Avg: 12.0, Max: 12.9, Diff: 3.8, Sum: 95.9]
      [Code Root Scanning (ms): Min: 0.0, Avg: 0.0, Max: 0.0, Diff: 0.0, Sum: 0.0]
      [Object Copy (ms): Min: 121.3, Avg: 121.8, Max: 122.0, Diff: 0.6, Sum: 974.3]
      [Termination (ms): Min: 0.0, Avg: 0.1, Max: 0.1, Diff: 0.1, Sum: 0.8]
         [Termination Attempts: Min: 1, Avg: 326.3, Max: 421, Diff: 420, Sum: 2610]
      [GC Worker Other (ms): Min: 0.0, Avg: 0.0, Max: 0.1, Diff: 0.1, Sum: 0.3]
      [GC Worker Total (ms): Min: 157.6, Avg: 160.1, Max: 161.0, Diff: 3.5, Sum: 1280.8]
      [GC Worker End (ms): Min: 33076.9, Avg: 33076.9, Max: 33076.9, Diff: 0.0]
   [Code Root Fixup: 0.0 ms]
   [Code Root Purge: 0.0 ms]
   [Clear CT: 0.6 ms]
   [Other: 1.3 ms]
      [Choose CSet: 0.0 ms]
      [Ref Proc: 0.2 ms]
      [Ref Enq: 0.0 ms]
      [Redirty Cards: 0.4 ms]
      [Humongous Register: 0.1 ms]
      [Humongous Reclaim: 0.0 ms]
      [Free CSet: 0.2 ms]
   [Eden: 122.0M(122.0M)->0.0B(128.0M) Survivors: 20.0M->18.0M Heap: 474.3M(2048.0M)->475.8M(2048.0M)]
 [Times: user=1.20 sys=0.02, real=0.16 secs] 
2020-09-29T12:11:28.304+0200: 33.274: [GC pause (G1 Evacuation Pause) (young), 0.1671477 secs]
   [Parallel Time: 164.9 ms, GC Workers: 8]
      [GC Worker Start (ms): Min: 33273.9, Avg: 33274.5, Max: 33275.6, Diff: 1.7]
      [Ext Root Scanning (ms): Min: 0.0, Avg: 0.1, Max: 0.2, Diff: 0.2, Sum: 0.9]
      [Update RS (ms): Min: 16.4, Avg: 17.1, Max: 18.2, Diff: 1.7, Sum: 136.7]
         [Processed Buffers: Min: 10, Avg: 10.8, Max: 12, Diff: 2, Sum: 86]
      [Scan RS (ms): Min: 14.8, Avg: 15.7, Max: 16.7, Diff: 1.9, Sum: 125.7]
      [Code Root Scanning (ms): Min: 0.0, Avg: 0.0, Max: 0.0, Diff: 0.0, Sum: 0.0]
      [Object Copy (ms): Min: 129.2, Avg: 130.7, Max: 131.4, Diff: 2.3, Sum: 1045.7]
      [Termination (ms): Min: 0.0, Avg: 0.4, Max: 0.6, Diff: 0.6, Sum: 3.4]
         [Termination Attempts: Min: 1, Avg: 1349.5, Max: 1592, Diff: 1591, Sum: 10796]
      [GC Worker Other (ms): Min: 0.0, Avg: 0.1, Max: 0.1, Diff: 0.1, Sum: 0.5]
      [GC Worker Total (ms): Min: 163.1, Avg: 164.1, Max: 164.8, Diff: 1.7, Sum: 1312.9]
      [GC Worker End (ms): Min: 33438.6, Avg: 33438.6, Max: 33438.7, Diff: 0.1]
   [Code Root Fixup: 0.0 ms]
   [Code Root Purge: 0.0 ms]
   [Clear CT: 0.6 ms]
   [Other: 1.6 ms]
      [Choose CSet: 0.0 ms]
      [Ref Proc: 0.6 ms]
      [Ref Enq: 0.0 ms]
      [Redirty Cards: 0.4 ms]
      [Humongous Register: 0.1 ms]
      [Humongous Reclaim: 0.0 ms]
      [Free CSet: 0.2 ms]
   [Eden: 128.0M(128.0M)->0.0B(130.0M) Survivors: 18.0M->19.0M Heap: 624.7M(2048.0M)->626.7M(2048.0M)]
 [Times: user=1.11 sys=0.06, real=0.17 secs] 
2020-09-29T12:11:28.612+0200: 33.581: [GC pause (G1 Evacuation Pause) (young), 0.1895639 secs]
   [Parallel Time: 188.2 ms, GC Workers: 8]
      [GC Worker Start (ms): Min: 33581.4, Avg: 33584.7, Max: 33590.4, Diff: 9.0]
      [Ext Root Scanning (ms): Min: 0.0, Avg: 0.1, Max: 0.2, Diff: 0.2, Sum: 0.9]
      [Update RS (ms): Min: 13.9, Avg: 20.6, Max: 32.4, Diff: 18.5, Sum: 165.1]
         [Processed Buffers: Min: 6, Avg: 10.6, Max: 14, Diff: 8, Sum: 85]
      [Scan RS (ms): Min: 6.8, Avg: 15.6, Max: 18.3, Diff: 11.5, Sum: 124.9]
      [Code Root Scanning (ms): Min: 0.0, Avg: 0.0, Max: 0.0, Diff: 0.0, Sum: 0.0]
      [Object Copy (ms): Min: 146.8, Avg: 148.2, Max: 148.6, Diff: 1.8, Sum: 1185.7]
      [Termination (ms): Min: 0.0, Avg: 0.1, Max: 0.2, Diff: 0.2, Sum: 1.0]
         [Termination Attempts: Min: 1, Avg: 192.9, Max: 291, Diff: 290, Sum: 1543]
      [GC Worker Other (ms): Min: 0.0, Avg: 0.0, Max: 0.0, Diff: 0.0, Sum: 0.2]
      [GC Worker Total (ms): Min: 179.1, Avg: 184.7, Max: 188.1, Diff: 9.0, Sum: 1477.7]
      [GC Worker End (ms): Min: 33769.4, Avg: 33769.5, Max: 33769.5, Diff: 0.0]
   [Code Root Fixup: 0.0 ms]
   [Code Root Purge: 0.0 ms]
   [Clear CT: 0.4 ms]
   [Other: 1.0 ms]
      [Choose CSet: 0.0 ms]
      [Ref Proc: 0.2 ms]
      [Ref Enq: 0.0 ms]
      [Redirty Cards: 0.3 ms]
      [Humongous Register: 0.1 ms]
      [Humongous Reclaim: 0.0 ms]
      [Free CSet: 0.2 ms]
   [Eden: 130.0M(130.0M)->0.0B(125.0M) Survivors: 19.0M->19.0M Heap: 777.7M(2048.0M)->779.7M(2048.0M)]
 [Times: user=1.23 sys=0.05, real=0.19 secs] 
2020-09-29T12:11:28.935+0200: 33.904: [GC pause (G1 Evacuation Pause) (young), 0.1462160 secs]
   [Parallel Time: 144.6 ms, GC Workers: 8]
      [GC Worker Start (ms): Min: 33904.3, Avg: 33904.4, Max: 33904.5, Diff: 0.2]
      [Ext Root Scanning (ms): Min: 0.1, Avg: 0.2, Max: 0.2, Diff: 0.2, Sum: 1.2]
      [Update RS (ms): Min: 17.8, Avg: 18.3, Max: 18.6, Diff: 0.8, Sum: 146.2]
         [Processed Buffers: Min: 8, Avg: 10.3, Max: 13, Diff: 5, Sum: 82]
      [Scan RS (ms): Min: 15.0, Avg: 15.2, Max: 15.5, Diff: 0.5, Sum: 121.9]
      [Code Root Scanning (ms): Min: 0.0, Avg: 0.0, Max: 0.0, Diff: 0.0, Sum: 0.0]
      [Object Copy (ms): Min: 110.0, Avg: 110.5, Max: 110.7, Diff: 0.7, Sum: 884.1]
      [Termination (ms): Min: 0.0, Avg: 0.0, Max: 0.0, Diff: 0.0, Sum: 0.2]
         [Termination Attempts: Min: 1, Avg: 76.5, Max: 100, Diff: 99, Sum: 612]
      [GC Worker Other (ms): Min: 0.0, Avg: 0.0, Max: 0.1, Diff: 0.1, Sum: 0.3]
      [GC Worker Total (ms): Min: 144.1, Avg: 144.2, Max: 144.3, Diff: 0.2, Sum: 1153.8]
      [GC Worker End (ms): Min: 34048.6, Avg: 34048.6, Max: 34048.7, Diff: 0.0]
   [Code Root Fixup: 0.0 ms]
   [Code Root Purge: 0.0 ms]
   [Clear CT: 0.4 ms]
   [Other: 1.2 ms]
      [Choose CSet: 0.0 ms]
      [Ref Proc: 0.3 ms]
      [Ref Enq: 0.0 ms]
      [Redirty Cards: 0.3 ms]
      [Humongous Register: 0.1 ms]
      [Humongous Reclaim: 0.0 ms]
      [Free CSet: 0.2 ms]
   [Eden: 125.0M(125.0M)->0.0B(134.0M) Survivors: 19.0M->18.0M Heap: 925.7M(2048.0M)->927.7M(2048.0M)]
 [Times: user=1.09 sys=0.00, real=0.15 secs] 
2020-09-29T12:11:29.137+0200: 34.107: [GC pause (G1 Humongous Allocation) (young) (initial-mark), 0.1157572 secs]
   [Parallel Time: 112.8 ms, GC Workers: 8]
      [GC Worker Start (ms): Min: 34107.6, Avg: 34107.7, Max: 34108.0, Diff: 0.4]
      [Ext Root Scanning (ms): Min: 0.0, Avg: 0.6, Max: 1.8, Diff: 1.8, Sum: 4.9]
      [Update RS (ms): Min: 26.3, Avg: 27.8, Max: 30.5, Diff: 4.2, Sum: 222.2]
         [Processed Buffers: Min: 1, Avg: 10.1, Max: 13, Diff: 12, Sum: 81]
      [Scan RS (ms): Min: 1.2, Avg: 3.7, Max: 5.3, Diff: 4.1, Sum: 30.0]
      [Code Root Scanning (ms): Min: 0.0, Avg: 0.0, Max: 0.0, Diff: 0.0, Sum: 0.0]
      [Object Copy (ms): Min: 79.8, Avg: 79.9, Max: 80.1, Diff: 0.2, Sum: 639.4]
      [Termination (ms): Min: 0.0, Avg: 0.1, Max: 0.2, Diff: 0.2, Sum: 1.1]
         [Termination Attempts: Min: 1, Avg: 260.6, Max: 330, Diff: 329, Sum: 2085]
      [GC Worker Other (ms): Min: 0.0, Avg: 0.0, Max: 0.1, Diff: 0.1, Sum: 0.4]
      [GC Worker Total (ms): Min: 112.0, Avg: 112.2, Max: 112.4, Diff: 0.4, Sum: 897.9]
      [GC Worker End (ms): Min: 34220.0, Avg: 34220.0, Max: 34220.0, Diff: 0.1]
   [Code Root Fixup: 0.0 ms]
   [Code Root Purge: 0.0 ms]
   [Clear CT: 1.3 ms]
   [Other: 1.7 ms]
      [Choose CSet: 0.0 ms]
      [Ref Proc: 0.4 ms]
      [Ref Enq: 0.0 ms]
      [Redirty Cards: 0.5 ms]
      [Humongous Register: 0.1 ms]
      [Humongous Reclaim: 0.0 ms]
      [Free CSet: 0.1 ms]
   [Eden: 25.0M(134.0M)->0.0B(85.0M) Survivors: 18.0M->19.0M Heap: 956.0M(2048.0M)->957.5M(2048.0M)]
 [Times: user=0.80 sys=0.02, real=0.12 secs] 
2020-09-29T12:11:29.254+0200: 34.223: [GC concurrent-root-region-scan-start]
2020-09-29T12:11:29.274+0200: 34.244: [GC concurrent-root-region-scan-end, 0.0203023 secs]
2020-09-29T12:11:29.274+0200: 34.244: [GC concurrent-mark-start]
2020-09-29T12:11:29.284+0200: 34.253: [GC concurrent-mark-end, 0.0086935 secs]
2020-09-29T12:11:29.301+0200: 34.271: [GC remark 2020-09-29T12:11:29.301+0200: 34.271: [Finalize Marking, 0.0007634 secs] 2020-09-29T12:11:29.302+0200: 34.271: [GC ref-proc, 0.0011119 secs] 2020-09-29T12:11:29.303+0200: 34.273: [Unloading, 0.0022294 secs], 0.0050212 secs]
 [Times: user=0.00 sys=0.00, real=0.00 secs] 
2020-09-29T12:11:29.307+0200: 34.277: [GC cleanup 982M->53M(2048M), 0.0032525 secs]
 [Times: user=0.00 sys=0.00, real=0.00 secs] 
2020-09-29T12:11:29.311+0200: 34.280: [GC concurrent-cleanup-start]
2020-09-29T12:11:29.314+0200: 34.284: [GC concurrent-cleanup-end, 0.0036752 secs]
2020-09-29T12:11:29.464+0200: 34.433: [GC pause (G1 Evacuation Pause) (young), 0.2906356 secs]
   [Parallel Time: 288.1 ms, GC Workers: 8]
      [GC Worker Start (ms): Min: 34433.5, Avg: 34450.8, Max: 34466.3, Diff: 32.8]
      [Ext Root Scanning (ms): Min: 0.0, Avg: 0.2, Max: 0.8, Diff: 0.8, Sum: 1.3]
      [Update RS (ms): Min: 11.4, Avg: 34.2, Max: 72.7, Diff: 61.3, Sum: 273.4]
         [Processed Buffers: Min: 5, Avg: 10.0, Max: 17, Diff: 12, Sum: 80]
      [Scan RS (ms): Min: 0.0, Avg: 11.2, Max: 15.6, Diff: 15.6, Sum: 89.6]
      [Code Root Scanning (ms): Min: 0.0, Avg: 0.0, Max: 0.0, Diff: 0.0, Sum: 0.0]
      [Object Copy (ms): Min: 211.8, Avg: 223.0, Max: 228.4, Diff: 16.7, Sum: 1784.1]
      [Termination (ms): Min: 0.0, Avg: 2.0, Max: 2.6, Diff: 2.6, Sum: 16.1]
         [Termination Attempts: Min: 1, Avg: 4187.3, Max: 5325, Diff: 5324, Sum: 33498]
      [GC Worker Other (ms): Min: 0.0, Avg: 0.0, Max: 0.1, Diff: 0.1, Sum: 0.4]
      [GC Worker Total (ms): Min: 255.1, Avg: 270.6, Max: 287.9, Diff: 32.8, Sum: 2165.0]
      [GC Worker End (ms): Min: 34721.4, Avg: 34721.4, Max: 34721.5, Diff: 0.1]
   [Code Root Fixup: 0.0 ms]
   [Code Root Purge: 0.0 ms]
   [Clear CT: 0.5 ms]
   [Other: 2.0 ms]
      [Choose CSet: 0.0 ms]
      [Ref Proc: 0.7 ms]
      [Ref Enq: 0.0 ms]
      [Redirty Cards: 0.5 ms]
      [Humongous Register: 0.1 ms]
      [Humongous Reclaim: 0.0 ms]
      [Free CSet: 0.2 ms]
   [Eden: 85.0M(85.0M)->0.0B(89.0M) Survivors: 19.0M->13.0M Heap: 129.3M(2048.0M)->112.8M(2048.0M)]
 [Times: user=1.89 sys=0.02, real=0.29 secs] 
2020-09-29T12:11:29.921+0200: 34.890: [GC pause (G1 Evacuation Pause) (young), 0.2213343 secs]
   [Parallel Time: 218.9 ms, GC Workers: 8]
      [GC Worker Start (ms): Min: 34890.5, Avg: 34896.6, Max: 34915.8, Diff: 25.3]
      [Ext Root Scanning (ms): Min: 0.0, Avg: 0.2, Max: 0.7, Diff: 0.7, Sum: 1.9]
      [Update RS (ms): Min: 4.2, Avg: 22.5, Max: 29.5, Diff: 25.4, Sum: 179.6]
         [Processed Buffers: Min: 3, Avg: 9.3, Max: 15, Diff: 12, Sum: 74]
      [Scan RS (ms): Min: 16.8, Avg: 18.3, Max: 22.1, Diff: 5.3, Sum: 146.1]
      [Code Root Scanning (ms): Min: 0.0, Avg: 0.0, Max: 0.0, Diff: 0.0, Sum: 0.0]
      [Object Copy (ms): Min: 166.1, Avg: 171.3, Max: 172.7, Diff: 6.7, Sum: 1370.5]
      [Termination (ms): Min: 0.0, Avg: 0.0, Max: 0.1, Diff: 0.1, Sum: 0.4]
         [Termination Attempts: Min: 1, Avg: 84.9, Max: 115, Diff: 114, Sum: 679]
      [GC Worker Other (ms): Min: 0.0, Avg: 0.1, Max: 0.4, Diff: 0.3, Sum: 0.7]
      [GC Worker Total (ms): Min: 193.2, Avg: 212.4, Max: 218.5, Diff: 25.3, Sum: 1699.3]
      [GC Worker End (ms): Min: 35109.0, Avg: 35109.0, Max: 35109.1, Diff: 0.1]
   [Code Root Fixup: 0.0 ms]
   [Code Root Purge: 0.0 ms]
   [Clear CT: 0.5 ms]
   [Other: 1.9 ms]
      [Choose CSet: 0.0 ms]
      [Ref Proc: 0.4 ms]
      [Ref Enq: 0.0 ms]
      [Redirty Cards: 0.6 ms]
      [Humongous Register: 0.1 ms]
      [Humongous Reclaim: 0.0 ms]
      [Free CSet: 0.3 ms]
   [Eden: 89.0M(89.0M)->0.0B(89.0M) Survivors: 13.0M->13.0M Heap: 217.0M(2048.0M)->219.0M(2048.0M)]
 [Times: user=1.53 sys=0.03, real=0.22 secs] 
2020-09-29T12:11:30.322+0200: 35.292: [GC pause (G1 Evacuation Pause) (young), 0.2190372 secs]
   [Parallel Time: 215.4 ms, GC Workers: 8]
      [GC Worker Start (ms): Min: 35292.2, Avg: 35293.2, Max: 35297.2, Diff: 5.0]
      [Ext Root Scanning (ms): Min: 0.0, Avg: 0.2, Max: 0.8, Diff: 0.8, Sum: 2.0]
      [Update RS (ms): Min: 17.2, Avg: 21.4, Max: 24.5, Diff: 7.3, Sum: 171.5]
         [Processed Buffers: Min: 6, Avg: 7.4, Max: 8, Diff: 2, Sum: 59]
      [Scan RS (ms): Min: 17.7, Avg: 18.9, Max: 20.4, Diff: 2.7, Sum: 151.1]
      [Code Root Scanning (ms): Min: 0.0, Avg: 0.0, Max: 0.0, Diff: 0.0, Sum: 0.0]
      [Object Copy (ms): Min: 170.6, Avg: 173.3, Max: 173.9, Diff: 3.2, Sum: 1386.3]
      [Termination (ms): Min: 0.0, Avg: 0.2, Max: 0.4, Diff: 0.4, Sum: 1.9]
         [Termination Attempts: Min: 1, Avg: 240.4, Max: 356, Diff: 355, Sum: 1923]
      [GC Worker Other (ms): Min: 0.0, Avg: 0.0, Max: 0.0, Diff: 0.0, Sum: 0.2]
      [GC Worker Total (ms): Min: 210.1, Avg: 214.1, Max: 215.2, Diff: 5.0, Sum: 1713.1]
      [GC Worker End (ms): Min: 35507.3, Avg: 35507.3, Max: 35507.4, Diff: 0.1]
   [Code Root Fixup: 0.0 ms]
   [Code Root Purge: 0.0 ms]
   [Clear CT: 1.8 ms]
   [Other: 1.8 ms]
      [Choose CSet: 0.0 ms]
      [Ref Proc: 0.4 ms]
      [Ref Enq: 0.0 ms]
      [Redirty Cards: 0.6 ms]
      [Humongous Register: 0.1 ms]
      [Humongous Reclaim: 0.0 ms]
      [Free CSet: 0.3 ms]
   [Eden: 89.0M(89.0M)->0.0B(89.0M) Survivors: 13.0M->13.0M Heap: 321.4M(2048.0M)->323.4M(2048.0M)]
 [Times: user=1.45 sys=0.00, real=0.22 secs] 
2020-09-29T12:11:30.734+0200: 35.704: [GC pause (G1 Evacuation Pause) (young), 0.1975383 secs]
   [Parallel Time: 195.0 ms, GC Workers: 8]
      [GC Worker Start (ms): Min: 35704.4, Avg: 35704.8, Max: 35706.1, Diff: 1.8]
      [Ext Root Scanning (ms): Min: 0.0, Avg: 0.2, Max: 0.4, Diff: 0.4, Sum: 1.6]
      [Update RS (ms): Min: 15.3, Avg: 17.6, Max: 20.6, Diff: 5.2, Sum: 140.9]
         [Processed Buffers: Min: 6, Avg: 7.0, Max: 9, Diff: 3, Sum: 56]
      [Scan RS (ms): Min: 11.8, Avg: 14.6, Max: 15.6, Diff: 3.8, Sum: 116.5]
      [Code Root Scanning (ms): Min: 0.0, Avg: 0.0, Max: 0.0, Diff: 0.0, Sum: 0.0]
      [Object Copy (ms): Min: 161.3, Avg: 161.8, Max: 161.9, Diff: 0.6, Sum: 1294.1]
      [Termination (ms): Min: 0.0, Avg: 0.0, Max: 0.0, Diff: 0.0, Sum: 0.3]
         [Termination Attempts: Min: 1, Avg: 68.6, Max: 95, Diff: 94, Sum: 549]
      [GC Worker Other (ms): Min: 0.0, Avg: 0.1, Max: 0.1, Diff: 0.1, Sum: 0.6]
      [GC Worker Total (ms): Min: 192.9, Avg: 194.2, Max: 194.6, Diff: 1.8, Sum: 1554.0]
      [GC Worker End (ms): Min: 35899.0, Avg: 35899.0, Max: 35899.1, Diff: 0.1]
   [Code Root Fixup: 0.0 ms]
   [Code Root Purge: 0.0 ms]
   [Clear CT: 0.5 ms]
   [Other: 2.0 ms]
      [Choose CSet: 0.0 ms]
      [Ref Proc: 0.5 ms]
      [Ref Enq: 0.0 ms]
      [Redirty Cards: 0.6 ms]
      [Humongous Register: 0.1 ms]
      [Humongous Reclaim: 0.0 ms]
      [Free CSet: 0.3 ms]
   [Eden: 89.0M(89.0M)->0.0B(89.0M) Survivors: 13.0M->13.0M Heap: 427.6M(2048.0M)->429.6M(2048.0M)]
 [Times: user=1.50 sys=0.00, real=0.20 secs] 
2020-09-29T12:11:31.085+0200: 36.055: [GC pause (G1 Evacuation Pause) (young), 0.1873094 secs]
   [Parallel Time: 184.8 ms, GC Workers: 8]
      [GC Worker Start (ms): Min: 36055.4, Avg: 36055.8, Max: 36056.3, Diff: 0.9]
      [Ext Root Scanning (ms): Min: 0.0, Avg: 0.2, Max: 0.4, Diff: 0.4, Sum: 1.4]
      [Update RS (ms): Min: 18.8, Avg: 19.8, Max: 21.5, Diff: 2.7, Sum: 158.3]
         [Processed Buffers: Min: 7, Avg: 8.0, Max: 10, Diff: 3, Sum: 64]
      [Scan RS (ms): Min: 16.5, Avg: 18.3, Max: 19.3, Diff: 2.7, Sum: 146.6]
      [Code Root Scanning (ms): Min: 0.0, Avg: 0.0, Max: 0.0, Diff: 0.0, Sum: 0.0]
      [Object Copy (ms): Min: 144.2, Avg: 145.2, Max: 145.5, Diff: 1.3, Sum: 1161.7]
      [Termination (ms): Min: 0.1, Avg: 0.3, Max: 0.7, Diff: 0.7, Sum: 2.8]
         [Termination Attempts: Min: 1, Avg: 88.1, Max: 110, Diff: 109, Sum: 705]
      [GC Worker Other (ms): Min: 0.0, Avg: 0.0, Max: 0.1, Diff: 0.1, Sum: 0.3]
      [GC Worker Total (ms): Min: 183.1, Avg: 183.9, Max: 184.4, Diff: 1.3, Sum: 1471.2]
      [GC Worker End (ms): Min: 36239.4, Avg: 36239.7, Max: 36240.0, Diff: 0.6]
   [Code Root Fixup: 0.0 ms]
   [Code Root Purge: 0.0 ms]
   [Clear CT: 0.5 ms]
   [Other: 2.0 ms]
      [Choose CSet: 0.0 ms]
      [Ref Proc: 0.6 ms]
      [Ref Enq: 0.0 ms]
      [Redirty Cards: 0.5 ms]
      [Humongous Register: 0.2 ms]
      [Humongous Reclaim: 0.0 ms]
      [Free CSet: 0.3 ms]
   [Eden: 89.0M(89.0M)->0.0B(89.0M) Survivors: 13.0M->13.0M Heap: 533.9M(2048.0M)->535.9M(2048.0M)]
 [Times: user=1.36 sys=0.01, real=0.19 secs] 
2020-09-29T12:11:31.484+0200: 36.454: [GC pause (G1 Evacuation Pause) (young), 0.1676849 secs]
   [Parallel Time: 165.3 ms, GC Workers: 8]
      [GC Worker Start (ms): Min: 36454.2, Avg: 36455.8, Max: 36458.3, Diff: 4.1]
      [Ext Root Scanning (ms): Min: 0.0, Avg: 0.2, Max: 0.4, Diff: 0.4, Sum: 1.3]
      [Update RS (ms): Min: 19.4, Avg: 22.1, Max: 24.9, Diff: 5.5, Sum: 177.1]
         [Processed Buffers: Min: 9, Avg: 9.9, Max: 12, Diff: 3, Sum: 79]
      [Scan RS (ms): Min: 9.5, Avg: 11.0, Max: 11.6, Diff: 2.1, Sum: 87.9]
      [Code Root Scanning (ms): Min: 0.0, Avg: 0.0, Max: 0.0, Diff: 0.0, Sum: 0.0]
      [Object Copy (ms): Min: 129.8, Avg: 129.9, Max: 130.1, Diff: 0.3, Sum: 1039.5]
      [Termination (ms): Min: 0.0, Avg: 0.1, Max: 0.1, Diff: 0.1, Sum: 0.5]
         [Termination Attempts: Min: 1, Avg: 88.6, Max: 123, Diff: 122, Sum: 709]
      [GC Worker Other (ms): Min: 0.0, Avg: 0.0, Max: 0.1, Diff: 0.1, Sum: 0.4]
      [GC Worker Total (ms): Min: 160.9, Avg: 163.3, Max: 165.0, Diff: 4.1, Sum: 1306.8]
      [GC Worker End (ms): Min: 36619.1, Avg: 36619.1, Max: 36619.2, Diff: 0.1]
   [Code Root Fixup: 0.0 ms]
   [Code Root Purge: 0.0 ms]
   [Clear CT: 0.5 ms]
   [Other: 1.9 ms]
      [Choose CSet: 0.0 ms]
      [Ref Proc: 0.5 ms]
      [Ref Enq: 0.0 ms]
      [Redirty Cards: 0.5 ms]
      [Humongous Register: 0.1 ms]
      [Humongous Reclaim: 0.0 ms]
      [Free CSet: 0.3 ms]
   [Eden: 89.0M(89.0M)->0.0B(89.0M) Survivors: 13.0M->13.0M Heap: 640.1M(2048.0M)->642.6M(2048.0M)]
 [Times: user=1.23 sys=0.03, real=0.17 secs] 
2020-09-29T12:11:31.819+0200: 36.789: [GC pause (G1 Evacuation Pause) (young), 0.2207382 secs]
   [Parallel Time: 218.4 ms, GC Workers: 8]
      [GC Worker Start (ms): Min: 36788.9, Avg: 36795.1, Max: 36813.7, Diff: 24.8]
      [Ext Root Scanning (ms): Min: 0.0, Avg: 0.2, Max: 0.3, Diff: 0.3, Sum: 1.5]
      [Update RS (ms): Min: 0.0, Avg: 18.2, Max: 24.6, Diff: 24.6, Sum: 145.3]
         [Processed Buffers: Min: 0, Avg: 8.4, Max: 15, Diff: 15, Sum: 67]
      [Scan RS (ms): Min: 18.7, Avg: 20.8, Max: 33.0, Diff: 14.3, Sum: 166.2]
      [Code Root Scanning (ms): Min: 0.0, Avg: 0.0, Max: 0.0, Diff: 0.0, Sum: 0.0]
      [Object Copy (ms): Min: 160.5, Avg: 172.5, Max: 174.4, Diff: 13.9, Sum: 1379.9]
      [Termination (ms): Min: 0.0, Avg: 0.2, Max: 0.3, Diff: 0.3, Sum: 1.4]
         [Termination Attempts: Min: 1, Avg: 157.9, Max: 246, Diff: 245, Sum: 1263]
      [GC Worker Other (ms): Min: 0.0, Avg: 0.0, Max: 0.0, Diff: 0.0, Sum: 0.2]
      [GC Worker Total (ms): Min: 193.3, Avg: 211.8, Max: 218.0, Diff: 24.7, Sum: 1694.5]
      [GC Worker End (ms): Min: 37006.9, Avg: 37007.0, Max: 37007.0, Diff: 0.0]
   [Code Root Fixup: 0.0 ms]
   [Code Root Purge: 0.0 ms]
   [Clear CT: 0.5 ms]
   [Other: 1.8 ms]
      [Choose CSet: 0.0 ms]
      [Ref Proc: 0.6 ms]
      [Ref Enq: 0.0 ms]
      [Redirty Cards: 0.5 ms]
      [Humongous Register: 0.1 ms]
      [Humongous Reclaim: 0.0 ms]
      [Free CSet: 0.3 ms]
   [Eden: 89.0M(89.0M)->0.0B(89.0M) Survivors: 13.0M->13.0M Heap: 746.9M(2048.0M)->749.4M(2048.0M)]
 [Times: user=1.49 sys=0.02, real=0.22 secs] 
2020-09-29T12:11:32.204+0200: 37.174: [GC pause (G1 Evacuation Pause) (young), 0.1720147 secs]
   [Parallel Time: 167.5 ms, GC Workers: 8]
      [GC Worker Start (ms): Min: 37173.9, Avg: 37174.1, Max: 37174.2, Diff: 0.3]
      [Ext Root Scanning (ms): Min: 0.1, Avg: 0.3, Max: 0.5, Diff: 0.4, Sum: 2.1]
      [Update RS (ms): Min: 18.5, Avg: 19.5, Max: 20.5, Diff: 2.1, Sum: 155.9]
         [Processed Buffers: Min: 7, Avg: 7.9, Max: 9, Diff: 2, Sum: 63]
      [Scan RS (ms): Min: 11.5, Avg: 12.7, Max: 13.4, Diff: 1.9, Sum: 101.6]
      [Code Root Scanning (ms): Min: 0.0, Avg: 0.0, Max: 0.0, Diff: 0.0, Sum: 0.0]
      [Object Copy (ms): Min: 134.2, Avg: 134.7, Max: 134.9, Diff: 0.8, Sum: 1077.4]
      [Termination (ms): Min: 0.0, Avg: 0.0, Max: 0.1, Diff: 0.1, Sum: 0.4]
         [Termination Attempts: Min: 1, Avg: 93.3, Max: 115, Diff: 114, Sum: 746]
      [GC Worker Other (ms): Min: 0.0, Avg: 0.0, Max: 0.1, Diff: 0.0, Sum: 0.3]
      [GC Worker Total (ms): Min: 167.1, Avg: 167.2, Max: 167.4, Diff: 0.3, Sum: 1337.7]
      [GC Worker End (ms): Min: 37341.3, Avg: 37341.3, Max: 37341.3, Diff: 0.0]
   [Code Root Fixup: 0.0 ms]
   [Code Root Purge: 0.0 ms]
   [Clear CT: 2.6 ms]
   [Other: 2.0 ms]
      [Choose CSet: 0.0 ms]
      [Ref Proc: 0.6 ms]
      [Ref Enq: 0.0 ms]
      [Redirty Cards: 0.6 ms]
      [Humongous Register: 0.2 ms]
      [Humongous Reclaim: 0.0 ms]
      [Free CSet: 0.2 ms]
   [Eden: 89.0M(89.0M)->0.0B(89.0M) Survivors: 13.0M->13.0M Heap: 851.8M(2048.0M)->853.8M(2048.0M)]
 [Times: user=1.38 sys=0.00, real=0.17 secs] 
2020-09-29T12:11:32.524+0200: 37.493: [GC pause (G1 Evacuation Pause) (young), 0.1974494 secs]
   [Parallel Time: 195.2 ms, GC Workers: 8]
      [GC Worker Start (ms): Min: 37493.2, Avg: 37493.3, Max: 37493.5, Diff: 0.4]
      [Ext Root Scanning (ms): Min: 0.0, Avg: 0.2, Max: 0.6, Diff: 0.6, Sum: 1.6]
      [Update RS (ms): Min: 27.0, Avg: 28.0, Max: 31.9, Diff: 5.0, Sum: 223.9]
         [Processed Buffers: Min: 0, Avg: 9.4, Max: 14, Diff: 14, Sum: 75]
      [Scan RS (ms): Min: 13.0, Avg: 19.3, Max: 37.3, Diff: 24.3, Sum: 154.7]
      [Code Root Scanning (ms): Min: 0.0, Avg: 0.0, Max: 0.0, Diff: 0.0, Sum: 0.0]
      [Object Copy (ms): Min: 130.0, Avg: 147.1, Max: 149.7, Diff: 19.6, Sum: 1177.1]
      [Termination (ms): Min: 0.0, Avg: 0.0, Max: 0.0, Diff: 0.0, Sum: 0.1]
         [Termination Attempts: Min: 1, Avg: 10.1, Max: 15, Diff: 14, Sum: 81]
      [GC Worker Other (ms): Min: 0.0, Avg: 0.0, Max: 0.1, Diff: 0.0, Sum: 0.3]
      [GC Worker Total (ms): Min: 194.5, Avg: 194.7, Max: 194.9, Diff: 0.4, Sum: 1557.7]
      [GC Worker End (ms): Min: 37688.0, Avg: 37688.0, Max: 37688.1, Diff: 0.0]
   [Code Root Fixup: 0.0 ms]
   [Code Root Purge: 0.0 ms]
   [Clear CT: 0.7 ms]
   [Other: 1.6 ms]
      [Choose CSet: 0.0 ms]
      [Ref Proc: 0.4 ms]
      [Ref Enq: 0.0 ms]
      [Redirty Cards: 0.5 ms]
      [Humongous Register: 0.1 ms]
      [Humongous Reclaim: 0.0 ms]
      [Free CSet: 0.2 ms]
   [Eden: 89.0M(89.0M)->0.0B(89.0M) Survivors: 13.0M->13.0M Heap: 958.0M(2048.0M)->960.0M(2048.0M)]
 [Times: user=1.34 sys=0.06, real=0.20 secs] 
2020-09-29T12:11:32.734+0200: 37.703: [GC pause (G1 Humongous Allocation) (young) (initial-mark), 0.0574743 secs]
   [Parallel Time: 55.1 ms, GC Workers: 8]
      [GC Worker Start (ms): Min: 37703.6, Avg: 37703.7, Max: 37703.8, Diff: 0.2]
      [Ext Root Scanning (ms): Min: 0.1, Avg: 0.3, Max: 0.4, Diff: 0.2, Sum: 2.0]
      [Update RS (ms): Min: 27.5, Avg: 28.3, Max: 29.0, Diff: 1.5, Sum: 226.5]
         [Processed Buffers: Min: 12, Avg: 12.9, Max: 15, Diff: 3, Sum: 103]
      [Scan RS (ms): Min: 1.7, Avg: 2.4, Max: 3.2, Diff: 1.5, Sum: 19.4]
      [Code Root Scanning (ms): Min: 0.0, Avg: 0.0, Max: 0.0, Diff: 0.0, Sum: 0.0]
      [Object Copy (ms): Min: 23.4, Avg: 23.6, Max: 23.8, Diff: 0.4, Sum: 189.0]
      [Termination (ms): Min: 0.0, Avg: 0.0, Max: 0.0, Diff: 0.0, Sum: 0.1]
         [Termination Attempts: Min: 1, Avg: 16.0, Max: 21, Diff: 20, Sum: 128]
      [GC Worker Other (ms): Min: 0.0, Avg: 0.0, Max: 0.1, Diff: 0.0, Sum: 0.3]
      [GC Worker Total (ms): Min: 54.5, Avg: 54.6, Max: 54.8, Diff: 0.2, Sum: 437.2]
      [GC Worker End (ms): Min: 37758.3, Avg: 37758.4, Max: 37758.4, Diff: 0.0]
   [Code Root Fixup: 0.0 ms]
   [Code Root Purge: 0.0 ms]
   [Clear CT: 0.6 ms]
   [Other: 1.7 ms]
      [Choose CSet: 0.0 ms]
      [Ref Proc: 0.4 ms]
      [Ref Enq: 0.0 ms]
      [Redirty Cards: 0.5 ms]
      [Humongous Register: 0.1 ms]
      [Humongous Reclaim: 0.0 ms]
      [Free CSet: 0.1 ms]
   [Eden: 5120.0K(89.0M)->0.0B(95.0M) Survivors: 13.0M->7168.0K Heap: 964.5M(2048.0M)->969.5M(2048.0M)]
 [Times: user=0.48 sys=0.00, real=0.06 secs] 
2020-09-29T12:11:32.792+0200: 37.761: [GC concurrent-root-region-scan-start]
2020-09-29T12:11:32.796+0200: 37.765: [GC concurrent-root-region-scan-end, 0.0040845 secs]
2020-09-29T12:11:32.796+0200: 37.765: [GC concurrent-mark-start]
2020-09-29T12:11:32.804+0200: 37.774: [GC concurrent-mark-end, 0.0081997 secs]
2020-09-29T12:11:32.805+0200: 37.774: [GC remark 2020-09-29T12:11:32.805+0200: 37.774: [Finalize Marking, 0.0004395 secs] 2020-09-29T12:11:32.805+0200: 37.774: [GC ref-proc, 0.0011465 secs] 2020-09-29T12:11:32.806+0200: 37.776: [Unloading, 0.0014264 secs], 0.0040286 secs]
 [Times: user=0.00 sys=0.00, real=0.00 secs] 
2020-09-29T12:11:32.810+0200: 37.779: [GC cleanup 979M->26M(2048M), 0.0044698 secs]
 [Times: user=0.00 sys=0.00, real=0.00 secs] 
2020-09-29T12:11:32.814+0200: 37.784: [GC concurrent-cleanup-start]
2020-09-29T12:11:32.818+0200: 37.788: [GC concurrent-cleanup-end, 0.0040342 secs]
2020-09-29T12:11:32.959+0200: 37.928: [GC pause (G1 Evacuation Pause) (young), 0.2145575 secs]
   [Parallel Time: 211.8 ms, GC Workers: 8]
      [GC Worker Start (ms): Min: 37928.6, Avg: 37928.7, Max: 37928.9, Diff: 0.3]
      [Ext Root Scanning (ms): Min: 0.1, Avg: 0.2, Max: 0.3, Diff: 0.3, Sum: 1.6]
      [Update RS (ms): Min: 17.0, Avg: 19.3, Max: 31.8, Diff: 14.8, Sum: 154.7]
         [Processed Buffers: Min: 0, Avg: 7.3, Max: 11, Diff: 11, Sum: 58]
      [Scan RS (ms): Min: 0.0, Avg: 11.9, Max: 14.2, Diff: 14.2, Sum: 94.9]
      [Code Root Scanning (ms): Min: 0.0, Avg: 0.0, Max: 0.0, Diff: 0.0, Sum: 0.0]
      [Object Copy (ms): Min: 179.0, Avg: 179.7, Max: 180.0, Diff: 0.9, Sum: 1437.4]
      [Termination (ms): Min: 0.0, Avg: 0.2, Max: 0.2, Diff: 0.2, Sum: 1.3]
         [Termination Attempts: Min: 1, Avg: 357.9, Max: 445, Diff: 444, Sum: 2863]
      [GC Worker Other (ms): Min: 0.0, Avg: 0.1, Max: 0.1, Diff: 0.1, Sum: 0.5]
      [GC Worker Total (ms): Min: 211.1, Avg: 211.3, Max: 211.5, Diff: 0.3, Sum: 1690.4]
      [GC Worker End (ms): Min: 38140.0, Avg: 38140.0, Max: 38140.1, Diff: 0.1]
   [Code Root Fixup: 0.0 ms]
   [Code Root Purge: 0.0 ms]
   [Clear CT: 0.8 ms]
   [Other: 2.0 ms]
      [Choose CSet: 0.0 ms]
      [Ref Proc: 0.5 ms]
      [Ref Enq: 0.0 ms]
      [Redirty Cards: 0.6 ms]
      [Humongous Register: 0.1 ms]
      [Humongous Reclaim: 0.0 ms]
      [Free CSet: 0.2 ms]
   [Eden: 95.0M(95.0M)->0.0B(89.0M) Survivors: 7168.0K->13.0M Heap: 129.2M(2048.0M)->124.7M(2048.0M)]
 [Times: user=1.42 sys=0.01, real=0.21 secs] 
2020-09-29T12:11:33.369+0200: 38.338: [GC pause (G1 Evacuation Pause) (young), 0.2261619 secs]
   [Parallel Time: 223.7 ms, GC Workers: 8]
      [GC Worker Start (ms): Min: 38338.3, Avg: 38343.8, Max: 38360.2, Diff: 21.9]
      [Ext Root Scanning (ms): Min: 0.0, Avg: 0.2, Max: 0.5, Diff: 0.5, Sum: 1.4]
      [Update RS (ms): Min: 4.4, Avg: 21.0, Max: 26.7, Diff: 22.3, Sum: 168.4]
         [Processed Buffers: Min: 3, Avg: 8.4, Max: 13, Diff: 10, Sum: 67]
      [Scan RS (ms): Min: 18.7, Avg: 19.2, Max: 20.0, Diff: 1.3, Sum: 153.9]
      [Code Root Scanning (ms): Min: 0.0, Avg: 0.0, Max: 0.0, Diff: 0.0, Sum: 0.0]
      [Object Copy (ms): Min: 176.8, Avg: 177.2, Max: 177.3, Diff: 0.4, Sum: 1417.4]
      [Termination (ms): Min: 0.1, Avg: 0.2, Max: 0.2, Diff: 0.1, Sum: 1.2]
         [Termination Attempts: Min: 1, Avg: 133.8, Max: 175, Diff: 174, Sum: 1070]
      [GC Worker Other (ms): Min: 0.0, Avg: 0.0, Max: 0.1, Diff: 0.1, Sum: 0.3]
      [GC Worker Total (ms): Min: 201.5, Avg: 217.8, Max: 223.3, Diff: 21.8, Sum: 1742.6]
      [GC Worker End (ms): Min: 38561.6, Avg: 38561.6, Max: 38561.7, Diff: 0.1]
   [Code Root Fixup: 0.0 ms]
   [Code Root Purge: 0.0 ms]
   [Clear CT: 0.6 ms]
   [Other: 1.9 ms]
      [Choose CSet: 0.0 ms]
      [Ref Proc: 0.5 ms]
      [Ref Enq: 0.0 ms]
      [Redirty Cards: 0.5 ms]
      [Humongous Register: 0.1 ms]
      [Humongous Reclaim: 0.0 ms]
      [Free CSet: 0.3 ms]
   [Eden: 89.0M(89.0M)->0.0B(89.0M) Survivors: 13.0M->13.0M Heap: 228.9M(2048.0M)->231.4M(2048.0M)]
 [Times: user=1.50 sys=0.02, real=0.23 secs] 
2020-09-29T12:11:33.789+0200: 38.758: [GC pause (G1 Evacuation Pause) (young), 0.1931631 secs]
   [Parallel Time: 190.5 ms, GC Workers: 8]
      [GC Worker Start (ms): Min: 38758.1, Avg: 38758.7, Max: 38759.7, Diff: 1.6]
      [Ext Root Scanning (ms): Min: 0.0, Avg: 0.2, Max: 0.4, Diff: 0.4, Sum: 1.3]
      [Update RS (ms): Min: 15.0, Avg: 16.1, Max: 18.9, Diff: 3.9, Sum: 128.4]
         [Processed Buffers: Min: 6, Avg: 6.1, Max: 7, Diff: 1, Sum: 49]
      [Scan RS (ms): Min: 12.1, Avg: 14.2, Max: 15.0, Diff: 2.9, Sum: 113.5]
      [Code Root Scanning (ms): Min: 0.0, Avg: 0.0, Max: 0.0, Diff: 0.0, Sum: 0.0]
      [Object Copy (ms): Min: 158.7, Avg: 159.1, Max: 159.3, Diff: 0.6, Sum: 1272.7]
      [Termination (ms): Min: 0.0, Avg: 0.1, Max: 0.1, Diff: 0.1, Sum: 0.5]
         [Termination Attempts: Min: 1, Avg: 113.0, Max: 153, Diff: 152, Sum: 904]
      [GC Worker Other (ms): Min: 0.0, Avg: 0.1, Max: 0.1, Diff: 0.1, Sum: 0.5]
      [GC Worker Total (ms): Min: 188.6, Avg: 189.6, Max: 190.2, Diff: 1.5, Sum: 1517.0]
      [GC Worker End (ms): Min: 38948.3, Avg: 38948.3, Max: 38948.4, Diff: 0.1]
   [Code Root Fixup: 0.0 ms]
   [Code Root Purge: 0.0 ms]
   [Clear CT: 0.8 ms]
   [Other: 1.8 ms]
      [Choose CSet: 0.0 ms]
      [Ref Proc: 0.4 ms]
      [Ref Enq: 0.0 ms]
      [Redirty Cards: 0.5 ms]
      [Humongous Register: 0.1 ms]
      [Humongous Reclaim: 0.0 ms]
      [Free CSet: 0.3 ms]
   [Eden: 89.0M(89.0M)->0.0B(89.0M) Survivors: 13.0M->13.0M Heap: 333.8M(2048.0M)->335.3M(2048.0M)]
 [Times: user=1.31 sys=0.03, real=0.19 secs] 
2020-09-29T12:11:34.139+0200: 39.109: [GC pause (G1 Evacuation Pause) (young), 0.0821599 secs]
   [Parallel Time: 81.3 ms, GC Workers: 8]
      [GC Worker Start (ms): Min: 39108.7, Avg: 39110.6, Max: 39123.2, Diff: 14.4]
      [Ext Root Scanning (ms): Min: 0.0, Avg: 0.1, Max: 0.2, Diff: 0.2, Sum: 0.9]
      [Update RS (ms): Min: 0.0, Avg: 9.8, Max: 11.4, Diff: 11.4, Sum: 78.2]
         [Processed Buffers: Min: 0, Avg: 7.4, Max: 10, Diff: 10, Sum: 59]
      [Scan RS (ms): Min: 5.2, Avg: 9.5, Max: 21.1, Diff: 15.9, Sum: 76.1]
      [Code Root Scanning (ms): Min: 0.0, Avg: 0.0, Max: 0.0, Diff: 0.0, Sum: 0.0]
      [Object Copy (ms): Min: 48.7, Avg: 59.8, Max: 61.4, Diff: 12.8, Sum: 478.1]
      [Termination (ms): Min: 0.0, Avg: 0.1, Max: 0.1, Diff: 0.1, Sum: 0.6]
         [Termination Attempts: Min: 1, Avg: 270.5, Max: 351, Diff: 350, Sum: 2164]
      [GC Worker Other (ms): Min: 0.0, Avg: 0.0, Max: 0.0, Diff: 0.0, Sum: 0.1]
      [GC Worker Total (ms): Min: 66.7, Avg: 79.2, Max: 81.1, Diff: 14.4, Sum: 633.9]
      [GC Worker End (ms): Min: 39189.8, Avg: 39189.8, Max: 39189.9, Diff: 0.0]
   [Code Root Fixup: 0.0 ms]
   [Code Root Purge: 0.0 ms]
   [Clear CT: 0.2 ms]
   [Other: 0.7 ms]
      [Choose CSet: 0.0 ms]
      [Ref Proc: 0.2 ms]
      [Ref Enq: 0.0 ms]
      [Redirty Cards: 0.2 ms]
      [Humongous Register: 0.1 ms]
      [Humongous Reclaim: 0.0 ms]
      [Free CSet: 0.1 ms]
   [Eden: 89.0M(89.0M)->0.0B(89.0M) Survivors: 13.0M->13.0M Heap: 439.5M(2048.0M)->441.5M(2048.0M)]
 [Times: user=0.53 sys=0.00, real=0.08 secs] 
2020-09-29T12:11:34.281+0200: 39.250: [GC pause (G1 Evacuation Pause) (young), 0.0911269 secs]
   [Parallel Time: 90.2 ms, GC Workers: 8]
      [GC Worker Start (ms): Min: 39250.0, Avg: 39250.1, Max: 39250.1, Diff: 0.1]
      [Ext Root Scanning (ms): Min: 0.0, Avg: 0.1, Max: 0.1, Diff: 0.1, Sum: 0.7]
      [Update RS (ms): Min: 7.9, Avg: 11.0, Max: 31.7, Diff: 23.7, Sum: 88.2]
         [Processed Buffers: Min: 0, Avg: 8.5, Max: 11, Diff: 11, Sum: 68]
      [Scan RS (ms): Min: 0.0, Avg: 3.7, Max: 4.5, Diff: 4.5, Sum: 29.7]
      [Code Root Scanning (ms): Min: 0.0, Avg: 0.0, Max: 0.0, Diff: 0.0, Sum: 0.0]
      [Object Copy (ms): Min: 57.7, Avg: 74.7, Max: 77.7, Diff: 20.1, Sum: 597.9]
      [Termination (ms): Min: 0.0, Avg: 0.5, Max: 0.7, Diff: 0.7, Sum: 3.8]
         [Termination Attempts: Min: 1, Avg: 2432.5, Max: 3524, Diff: 3523, Sum: 19460]
      [GC Worker Other (ms): Min: 0.0, Avg: 0.0, Max: 0.0, Diff: 0.0, Sum: 0.1]
      [GC Worker Total (ms): Min: 90.0, Avg: 90.0, Max: 90.1, Diff: 0.1, Sum: 720.3]
      [GC Worker End (ms): Min: 39340.1, Avg: 39340.1, Max: 39340.1, Diff: 0.0]
   [Code Root Fixup: 0.0 ms]
   [Code Root Purge: 0.0 ms]
   [Clear CT: 0.2 ms]
   [Other: 0.7 ms]
      [Choose CSet: 0.0 ms]
      [Ref Proc: 0.2 ms]
      [Ref Enq: 0.0 ms]
      [Redirty Cards: 0.2 ms]
      [Humongous Register: 0.1 ms]
      [Humongous Reclaim: 0.0 ms]
      [Free CSet: 0.1 ms]
   [Eden: 89.0M(89.0M)->0.0B(103.0M) Survivors: 13.0M->13.0M Heap: 545.8M(2048.0M)->547.8M(2048.0M)]
 [Times: user=0.64 sys=0.02, real=0.09 secs] 
2020-09-29T12:11:34.426+0200: 39.396: [GC pause (G1 Evacuation Pause) (young), 0.0883939 secs]
   [Parallel Time: 87.5 ms, GC Workers: 8]
      [GC Worker Start (ms): Min: 39395.8, Avg: 39395.9, Max: 39396.0, Diff: 0.2]
      [Ext Root Scanning (ms): Min: 0.0, Avg: 0.1, Max: 0.1, Diff: 0.1, Sum: 0.5]
      [Update RS (ms): Min: 8.3, Avg: 8.5, Max: 8.8, Diff: 0.4, Sum: 68.0]
         [Processed Buffers: Min: 8, Avg: 9.5, Max: 12, Diff: 4, Sum: 76]
      [Scan RS (ms): Min: 7.4, Avg: 9.5, Max: 23.3, Diff: 16.0, Sum: 76.0]
      [Code Root Scanning (ms): Min: 0.0, Avg: 0.0, Max: 0.0, Diff: 0.0, Sum: 0.0]
      [Object Copy (ms): Min: 55.2, Avg: 69.0, Max: 71.1, Diff: 15.9, Sum: 551.7]
      [Termination (ms): Min: 0.0, Avg: 0.3, Max: 0.5, Diff: 0.4, Sum: 2.1]
         [Termination Attempts: Min: 1, Avg: 1439.0, Max: 2190, Diff: 2189, Sum: 11512]
      [GC Worker Other (ms): Min: 0.0, Avg: 0.0, Max: 0.0, Diff: 0.0, Sum: 0.1]
      [GC Worker Total (ms): Min: 87.2, Avg: 87.3, Max: 87.4, Diff: 0.2, Sum: 698.3]
      [GC Worker End (ms): Min: 39483.1, Avg: 39483.2, Max: 39483.2, Diff: 0.1]
   [Code Root Fixup: 0.0 ms]
   [Code Root Purge: 0.0 ms]
   [Clear CT: 0.2 ms]
   [Other: 0.7 ms]
      [Choose CSet: 0.0 ms]
      [Ref Proc: 0.2 ms]
      [Ref Enq: 0.0 ms]
      [Redirty Cards: 0.2 ms]
      [Humongous Register: 0.0 ms]
      [Humongous Reclaim: 0.0 ms]
      [Free CSet: 0.1 ms]
   [Eden: 103.0M(103.0M)->0.0B(120.0M) Survivors: 13.0M->15.0M Heap: 668.0M(2048.0M)->670.0M(2048.0M)]
 [Times: user=0.52 sys=0.05, real=0.09 secs] 
2020-09-29T12:11:34.590+0200: 39.559: [GC pause (G1 Evacuation Pause) (young), 0.0738183 secs]
   [Parallel Time: 72.9 ms, GC Workers: 8]
      [GC Worker Start (ms): Min: 39559.5, Avg: 39559.6, Max: 39559.6, Diff: 0.1]
      [Ext Root Scanning (ms): Min: 0.0, Avg: 0.1, Max: 0.1, Diff: 0.1, Sum: 0.7]
      [Update RS (ms): Min: 8.3, Avg: 8.8, Max: 9.2, Diff: 0.9, Sum: 70.5]
         [Processed Buffers: Min: 8, Avg: 9.0, Max: 10, Diff: 2, Sum: 72]
      [Scan RS (ms): Min: 5.8, Avg: 6.3, Max: 6.8, Diff: 0.9, Sum: 50.1]
      [Code Root Scanning (ms): Min: 0.0, Avg: 0.0, Max: 0.0, Diff: 0.0, Sum: 0.0]
      [Object Copy (ms): Min: 57.4, Avg: 57.5, Max: 57.6, Diff: 0.2, Sum: 460.2]
      [Termination (ms): Min: 0.0, Avg: 0.0, Max: 0.0, Diff: 0.0, Sum: 0.1]
         [Termination Attempts: Min: 1, Avg: 71.3, Max: 99, Diff: 98, Sum: 570]
      [GC Worker Other (ms): Min: 0.0, Avg: 0.0, Max: 0.0, Diff: 0.0, Sum: 0.2]
      [GC Worker Total (ms): Min: 72.7, Avg: 72.7, Max: 72.8, Diff: 0.1, Sum: 581.8]
      [GC Worker End (ms): Min: 39632.3, Avg: 39632.3, Max: 39632.3, Diff: 0.0]
   [Code Root Fixup: 0.0 ms]
   [Code Root Purge: 0.0 ms]
   [Clear CT: 0.1 ms]
   [Other: 0.8 ms]
      [Choose CSet: 0.0 ms]
      [Ref Proc: 0.2 ms]
      [Ref Enq: 0.0 ms]
      [Redirty Cards: 0.2 ms]
      [Humongous Register: 0.1 ms]
      [Humongous Reclaim: 0.0 ms]
      [Free CSet: 0.1 ms]
   [Eden: 120.0M(120.0M)->0.0B(144.0M) Survivors: 15.0M->17.0M Heap: 809.0M(2048.0M)->811.5M(2048.0M)]
 [Times: user=0.53 sys=0.03, real=0.07 secs] 
2020-09-29T12:11:34.757+0200: 39.726: [GC pause (G1 Evacuation Pause) (young), 0.0968482 secs]
   [Parallel Time: 95.8 ms, GC Workers: 8]
      [GC Worker Start (ms): Min: 39726.3, Avg: 39726.4, Max: 39726.4, Diff: 0.1]
      [Ext Root Scanning (ms): Min: 0.0, Avg: 0.1, Max: 0.1, Diff: 0.1, Sum: 0.7]
      [Update RS (ms): Min: 10.2, Avg: 10.6, Max: 11.0, Diff: 0.7, Sum: 84.4]
         [Processed Buffers: Min: 10, Avg: 11.5, Max: 15, Diff: 5, Sum: 92]
      [Scan RS (ms): Min: 11.4, Avg: 13.2, Max: 22.3, Diff: 10.9, Sum: 105.2]
      [Code Root Scanning (ms): Min: 0.0, Avg: 0.0, Max: 0.0, Diff: 0.0, Sum: 0.0]
      [Object Copy (ms): Min: 63.0, Avg: 71.9, Max: 73.2, Diff: 10.3, Sum: 574.8]
      [Termination (ms): Min: 0.0, Avg: 0.0, Max: 0.0, Diff: 0.0, Sum: 0.1]
         [Termination Attempts: Min: 1, Avg: 126.3, Max: 162, Diff: 161, Sum: 1010]
      [GC Worker Other (ms): Min: 0.0, Avg: 0.0, Max: 0.1, Diff: 0.0, Sum: 0.2]
      [GC Worker Total (ms): Min: 95.6, Avg: 95.7, Max: 95.7, Diff: 0.1, Sum: 765.6]
      [GC Worker End (ms): Min: 39822.1, Avg: 39822.1, Max: 39822.1, Diff: 0.0]
   [Code Root Fixup: 0.0 ms]
   [Code Root Purge: 0.0 ms]
   [Clear CT: 0.1 ms]
   [Other: 0.9 ms]
      [Choose CSet: 0.0 ms]
      [Ref Proc: 0.3 ms]
      [Ref Enq: 0.0 ms]
      [Redirty Cards: 0.2 ms]
      [Humongous Register: 0.1 ms]
      [Humongous Reclaim: 0.0 ms]
      [Free CSet: 0.1 ms]
   [Eden: 144.0M(144.0M)->0.0B(161.0M) Survivors: 17.0M->21.0M Heap: 980.3M(2048.0M)->982.8M(2048.0M)]
 [Times: user=0.64 sys=0.03, real=0.10 secs] 
2020-09-29T12:11:34.859+0200: 39.829: [GC pause (G1 Humongous Allocation) (young) (initial-mark), 0.0298950 secs]
   [Parallel Time: 29.0 ms, GC Workers: 8]
      [GC Worker Start (ms): Min: 39828.9, Avg: 39829.0, Max: 39829.0, Diff: 0.1]
      [Ext Root Scanning (ms): Min: 0.0, Avg: 0.1, Max: 0.1, Diff: 0.1, Sum: 0.7]
      [Update RS (ms): Min: 16.1, Avg: 16.4, Max: 16.6, Diff: 0.5, Sum: 131.0]
         [Processed Buffers: Min: 18, Avg: 19.9, Max: 22, Diff: 4, Sum: 159]
      [Scan RS (ms): Min: 1.1, Avg: 1.3, Max: 1.5, Diff: 0.4, Sum: 10.4]
      [Code Root Scanning (ms): Min: 0.0, Avg: 0.0, Max: 0.0, Diff: 0.0, Sum: 0.0]
      [Object Copy (ms): Min: 10.9, Avg: 11.0, Max: 11.1, Diff: 0.2, Sum: 88.0]
      [Termination (ms): Min: 0.0, Avg: 0.0, Max: 0.0, Diff: 0.0, Sum: 0.0]
         [Termination Attempts: Min: 1, Avg: 28.3, Max: 40, Diff: 39, Sum: 226]
      [GC Worker Other (ms): Min: 0.0, Avg: 0.0, Max: 0.0, Diff: 0.0, Sum: 0.1]
      [GC Worker Total (ms): Min: 28.7, Avg: 28.8, Max: 28.8, Diff: 0.1, Sum: 230.2]
      [GC Worker End (ms): Min: 39857.8, Avg: 39857.8, Max: 39857.8, Diff: 0.0]
   [Code Root Fixup: 0.0 ms]
   [Code Root Purge: 0.0 ms]
   [Clear CT: 0.2 ms]
   [Other: 0.8 ms]
      [Choose CSet: 0.0 ms]
      [Ref Proc: 0.2 ms]
      [Ref Enq: 0.0 ms]
      [Redirty Cards: 0.2 ms]
      [Humongous Register: 0.1 ms]
      [Humongous Reclaim: 0.0 ms]
      [Free CSet: 0.1 ms]
   [Eden: 7168.0K(161.0M)->0.0B(205.0M) Survivors: 21.0M->8192.0K Heap: 989.3M(2048.0M)->993.3M(2048.0M)]
 [Times: user=0.25 sys=0.00, real=0.03 secs] 
2020-09-29T12:11:34.889+0200: 39.859: [GC concurrent-root-region-scan-start]
2020-09-29T12:11:34.891+0200: 39.861: [GC concurrent-root-region-scan-end, 0.0017778 secs]
2020-09-29T12:11:34.891+0200: 39.861: [GC concurrent-mark-start]
2020-09-29T12:11:34.895+0200: 39.864: [GC concurrent-mark-end, 0.0037187 secs]
2020-09-29T12:11:34.895+0200: 39.864: [GC remark 2020-09-29T12:11:34.895+0200: 39.864: [Finalize Marking, 0.0001601 secs] 2020-09-29T12:11:34.895+0200: 39.865: [GC ref-proc, 0.0004017 secs] 2020-09-29T12:11:34.896+0200: 39.865: [Unloading, 0.0004897 secs], 0.0013765 secs]
 [Times: user=0.00 sys=0.00, real=0.00 secs] 
2020-09-29T12:11:34.897+0200: 39.866: [GC cleanup 1006M->30M(2048M), 0.0011844 secs]
 [Times: user=0.00 sys=0.00, real=0.00 secs] 
2020-09-29T12:11:34.898+0200: 39.868: [GC concurrent-cleanup-start]
2020-09-29T12:11:34.900+0200: 39.870: [GC concurrent-cleanup-end, 0.0020023 secs]
2020-09-29T12:11:35.012+0200: 39.981: [GC pause (G1 Evacuation Pause) (young), 0.1510451 secs]
   [Parallel Time: 150.0 ms, GC Workers: 8]
      [GC Worker Start (ms): Min: 39981.1, Avg: 39985.8, Max: 39999.6, Diff: 18.5]
      [Ext Root Scanning (ms): Min: 0.0, Avg: 0.1, Max: 0.1, Diff: 0.1, Sum: 0.7]
      [Update RS (ms): Min: 2.3, Avg: 16.2, Max: 21.2, Diff: 18.8, Sum: 129.4]
         [Processed Buffers: Min: 5, Avg: 16.0, Max: 22, Diff: 17, Sum: 128]
      [Scan RS (ms): Min: 10.9, Avg: 11.7, Max: 16.5, Diff: 5.6, Sum: 93.8]
      [Code Root Scanning (ms): Min: 0.0, Avg: 0.0, Max: 0.0, Diff: 0.0, Sum: 0.0]
      [Object Copy (ms): Min: 112.0, Avg: 116.9, Max: 117.7, Diff: 5.7, Sum: 935.3]
      [Termination (ms): Min: 0.0, Avg: 0.3, Max: 0.4, Diff: 0.4, Sum: 2.3]
         [Termination Attempts: Min: 1, Avg: 2031.0, Max: 2433, Diff: 2432, Sum: 16248]
      [GC Worker Other (ms): Min: 0.0, Avg: 0.0, Max: 0.0, Diff: 0.0, Sum: 0.2]
      [GC Worker Total (ms): Min: 131.3, Avg: 145.2, Max: 149.9, Diff: 18.5, Sum: 1161.6]
      [GC Worker End (ms): Min: 40131.0, Avg: 40131.0, Max: 40131.0, Diff: 0.0]
   [Code Root Fixup: 0.0 ms]
   [Code Root Purge: 0.0 ms]
   [Clear CT: 0.2 ms]
   [Other: 0.9 ms]
      [Choose CSet: 0.0 ms]
      [Ref Proc: 0.1 ms]
      [Ref Enq: 0.0 ms]
      [Redirty Cards: 0.2 ms]
      [Humongous Register: 0.1 ms]
      [Humongous Reclaim: 0.0 ms]
      [Free CSet: 0.2 ms]
   [Eden: 196.0M(196.0M)->0.0B(196.0M) Survivors: 8192.0K->26.0M Heap: 248.3M(2048.0M)->242.3M(2048.0M)]
 [Times: user=1.03 sys=0.06, real=0.15 secs] 
2020-09-29T12:11:35.288+0200: 40.257: [GC pause (G1 Evacuation Pause) (young), 0.1534511 secs]
   [Parallel Time: 152.4 ms, GC Workers: 8]
      [GC Worker Start (ms): Min: 40257.4, Avg: 40257.5, Max: 40257.6, Diff: 0.2]
      [Ext Root Scanning (ms): Min: 0.0, Avg: 0.1, Max: 0.1, Diff: 0.1, Sum: 0.6]
      [Update RS (ms): Min: 13.5, Avg: 13.6, Max: 13.9, Diff: 0.4, Sum: 108.8]
         [Processed Buffers: Min: 14, Avg: 15.0, Max: 17, Diff: 3, Sum: 120]
      [Scan RS (ms): Min: 12.8, Avg: 13.1, Max: 13.2, Diff: 0.4, Sum: 104.6]
      [Code Root Scanning (ms): Min: 0.0, Avg: 0.0, Max: 0.0, Diff: 0.0, Sum: 0.0]
      [Object Copy (ms): Min: 124.8, Avg: 125.0, Max: 125.4, Diff: 0.6, Sum: 1000.0]
      [Termination (ms): Min: 0.0, Avg: 0.4, Max: 0.7, Diff: 0.6, Sum: 3.4]
         [Termination Attempts: Min: 1, Avg: 2488.0, Max: 3883, Diff: 3882, Sum: 19904]
      [GC Worker Other (ms): Min: 0.0, Avg: 0.0, Max: 0.0, Diff: 0.0, Sum: 0.1]
      [GC Worker Total (ms): Min: 152.1, Avg: 152.2, Max: 152.3, Diff: 0.2, Sum: 1217.6]
      [GC Worker End (ms): Min: 40409.7, Avg: 40409.7, Max: 40409.7, Diff: 0.0]
   [Code Root Fixup: 0.0 ms]
   [Code Root Purge: 0.0 ms]
   [Clear CT: 0.2 ms]
   [Other: 0.8 ms]
      [Choose CSet: 0.0 ms]
      [Ref Proc: 0.2 ms]
      [Ref Enq: 0.0 ms]
      [Redirty Cards: 0.2 ms]
      [Humongous Register: 0.0 ms]
      [Humongous Reclaim: 0.0 ms]
      [Free CSet: 0.1 ms]
   [Eden: 196.0M(196.0M)->0.0B(194.0M) Survivors: 26.0M->28.0M Heap: 470.8M(2048.0M)->472.3M(2048.0M)]
 [Times: user=1.01 sys=0.05, real=0.15 secs] 
2020-09-29T12:11:35.560+0200: 40.529: [GC pause (G1 Evacuation Pause) (young), 0.1239183 secs]
   [Parallel Time: 122.7 ms, GC Workers: 8]
      [GC Worker Start (ms): Min: 40529.2, Avg: 40529.3, Max: 40529.4, Diff: 0.1]
      [Ext Root Scanning (ms): Min: 0.0, Avg: 0.1, Max: 0.1, Diff: 0.1, Sum: 0.7]
      [Update RS (ms): Min: 15.2, Avg: 15.3, Max: 15.4, Diff: 0.1, Sum: 122.3]
         [Processed Buffers: Min: 14, Avg: 16.0, Max: 19, Diff: 5, Sum: 128]
      [Scan RS (ms): Min: 12.8, Avg: 13.0, Max: 13.1, Diff: 0.2, Sum: 103.9]
      [Code Root Scanning (ms): Min: 0.0, Avg: 0.0, Max: 0.0, Diff: 0.0, Sum: 0.0]
      [Object Copy (ms): Min: 94.0, Avg: 94.1, Max: 94.2, Diff: 0.2, Sum: 753.1]
      [Termination (ms): Min: 0.0, Avg: 0.0, Max: 0.0, Diff: 0.0, Sum: 0.0]
         [Termination Attempts: Min: 1, Avg: 2.9, Max: 5, Diff: 4, Sum: 23]
      [GC Worker Other (ms): Min: 0.0, Avg: 0.0, Max: 0.1, Diff: 0.1, Sum: 0.3]
      [GC Worker Total (ms): Min: 122.5, Avg: 122.5, Max: 122.6, Diff: 0.2, Sum: 980.2]
      [GC Worker End (ms): Min: 40651.8, Avg: 40651.8, Max: 40651.9, Diff: 0.1]
   [Code Root Fixup: 0.0 ms]
   [Code Root Purge: 0.0 ms]
   [Clear CT: 0.2 ms]
   [Other: 1.1 ms]
      [Choose CSet: 0.0 ms]
      [Ref Proc: 0.3 ms]
      [Ref Enq: 0.0 ms]
      [Redirty Cards: 0.3 ms]
      [Humongous Register: 0.1 ms]
      [Humongous Reclaim: 0.0 ms]
      [Free CSet: 0.2 ms]
   [Eden: 194.0M(194.0M)->0.0B(212.0M) Survivors: 28.0M->28.0M Heap: 698.7M(2048.0M)->700.7M(2048.0M)]
 [Times: user=0.92 sys=0.03, real=0.12 secs] 
2020-09-29T12:11:35.870+0200: 40.840: [GC pause (G1 Evacuation Pause) (young), 0.1335496 secs]
   [Parallel Time: 132.4 ms, GC Workers: 8]
      [GC Worker Start (ms): Min: 40839.9, Avg: 40842.2, Max: 40856.6, Diff: 16.6]
      [Ext Root Scanning (ms): Min: 0.0, Avg: 0.1, Max: 0.2, Diff: 0.2, Sum: 0.5]
      [Update RS (ms): Min: 4.1, Avg: 18.3, Max: 20.7, Diff: 16.6, Sum: 146.6]
         [Processed Buffers: Min: 4, Avg: 15.5, Max: 19, Diff: 15, Sum: 124]
      [Scan RS (ms): Min: 15.2, Avg: 15.4, Max: 15.8, Diff: 0.6, Sum: 123.6]
      [Code Root Scanning (ms): Min: 0.0, Avg: 0.0, Max: 0.0, Diff: 0.0, Sum: 0.0]
      [Object Copy (ms): Min: 96.0, Avg: 96.1, Max: 96.3, Diff: 0.2, Sum: 769.2]
      [Termination (ms): Min: 0.0, Avg: 0.0, Max: 0.0, Diff: 0.0, Sum: 0.0]
         [Termination Attempts: Min: 1, Avg: 13.5, Max: 21, Diff: 20, Sum: 108]
      [GC Worker Other (ms): Min: 0.0, Avg: 0.0, Max: 0.1, Diff: 0.1, Sum: 0.3]
      [GC Worker Total (ms): Min: 115.7, Avg: 130.0, Max: 132.4, Diff: 16.7, Sum: 1040.1]
      [GC Worker End (ms): Min: 40972.2, Avg: 40972.2, Max: 40972.3, Diff: 0.1]
   [Code Root Fixup: 0.0 ms]
   [Code Root Purge: 0.0 ms]
   [Clear CT: 0.2 ms]
   [Other: 1.0 ms]
      [Choose CSet: 0.0 ms]
      [Ref Proc: 0.2 ms]
      [Ref Enq: 0.0 ms]
      [Redirty Cards: 0.2 ms]
      [Humongous Register: 0.1 ms]
      [Humongous Reclaim: 0.0 ms]
      [Free CSet: 0.2 ms]
   [Eden: 212.0M(212.0M)->0.0B(227.0M) Survivors: 28.0M->30.0M Heap: 947.0M(2048.0M)->949.0M(2048.0M)]
 [Times: user=0.92 sys=0.03, real=0.13 secs] 
2020-09-29T12:11:36.008+0200: 40.977: [GC pause (G1 Humongous Allocation) (young) (initial-mark), 0.0530150 secs]
   [Parallel Time: 52.1 ms, GC Workers: 8]
      [GC Worker Start (ms): Min: 40977.5, Avg: 40977.6, Max: 40977.7, Diff: 0.2]
      [Ext Root Scanning (ms): Min: 0.0, Avg: 0.2, Max: 0.2, Diff: 0.2, Sum: 1.2]
      [Update RS (ms): Min: 27.6, Avg: 27.7, Max: 28.0, Diff: 0.4, Sum: 222.0]
         [Processed Buffers: Min: 33, Avg: 34.9, Max: 37, Diff: 4, Sum: 279]
      [Scan RS (ms): Min: 1.1, Avg: 1.4, Max: 1.6, Diff: 0.5, Sum: 11.0]
      [Code Root Scanning (ms): Min: 0.0, Avg: 0.0, Max: 0.0, Diff: 0.0, Sum: 0.0]
      [Object Copy (ms): Min: 22.4, Avg: 22.4, Max: 22.6, Diff: 0.2, Sum: 179.4]
      [Termination (ms): Min: 0.0, Avg: 0.2, Max: 0.3, Diff: 0.3, Sum: 1.4]
         [Termination Attempts: Min: 1, Avg: 1093.8, Max: 1313, Diff: 1312, Sum: 8750]
      [GC Worker Other (ms): Min: 0.0, Avg: 0.0, Max: 0.1, Diff: 0.0, Sum: 0.2]
      [GC Worker Total (ms): Min: 51.8, Avg: 51.9, Max: 52.0, Diff: 0.1, Sum: 415.3]
      [GC Worker End (ms): Min: 41029.5, Avg: 41029.5, Max: 41029.5, Diff: 0.0]
   [Code Root Fixup: 0.0 ms]
   [Code Root Purge: 0.0 ms]
   [Clear CT: 0.2 ms]
   [Other: 0.8 ms]
      [Choose CSet: 0.0 ms]
      [Ref Proc: 0.1 ms]
      [Ref Enq: 0.0 ms]
      [Redirty Cards: 0.2 ms]
      [Humongous Register: 0.1 ms]
      [Humongous Reclaim: 0.0 ms]
      [Free CSet: 0.1 ms]
   [Eden: 4096.0K(227.0M)->0.0B(240.0M) Survivors: 30.0M->5120.0K Heap: 952.5M(2048.0M)->955.5M(2048.0M)]
 [Times: user=0.38 sys=0.00, real=0.05 secs] 
2020-09-29T12:11:36.061+0200: 41.030: [GC concurrent-root-region-scan-start]
2020-09-29T12:11:36.062+0200: 41.032: [GC concurrent-root-region-scan-end, 0.0012997 secs]
2020-09-29T12:11:36.062+0200: 41.032: [GC concurrent-mark-start]
2020-09-29T12:11:36.066+0200: 41.036: [GC concurrent-mark-end, 0.0037051 secs]
2020-09-29T12:11:36.067+0200: 41.036: [GC remark 2020-09-29T12:11:36.067+0200: 41.036: [Finalize Marking, 0.0002151 secs] 2020-09-29T12:11:36.067+0200: 41.036: [GC ref-proc, 0.0003894 secs] 2020-09-29T12:11:36.067+0200: 41.037: [Unloading, 0.0004961 secs], 0.0015677 secs]
 [Times: user=0.00 sys=0.00, real=0.00 secs] 
2020-09-29T12:11:36.069+0200: 41.038: [GC cleanup 967M->26M(2048M), 0.0013645 secs]
 [Times: user=0.00 sys=0.00, real=0.00 secs] 
2020-09-29T12:11:36.070+0200: 41.039: [GC concurrent-cleanup-start]
2020-09-29T12:11:36.072+0200: 41.041: [GC concurrent-cleanup-end, 0.0016115 secs]
2020-09-29T12:11:36.234+0200: 41.203: [GC pause (G1 Evacuation Pause) (young), 0.1409164 secs]
   [Parallel Time: 139.5 ms, GC Workers: 8]
      [GC Worker Start (ms): Min: 41203.2, Avg: 41203.2, Max: 41203.3, Diff: 0.1]
      [Ext Root Scanning (ms): Min: 0.0, Avg: 0.1, Max: 0.1, Diff: 0.1, Sum: 0.8]
      [Update RS (ms): Min: 18.4, Avg: 18.5, Max: 18.9, Diff: 0.5, Sum: 148.1]
         [Processed Buffers: Min: 12, Avg: 16.3, Max: 18, Diff: 6, Sum: 130]
      [Scan RS (ms): Min: 13.7, Avg: 14.1, Max: 14.4, Diff: 0.7, Sum: 112.7]
      [Code Root Scanning (ms): Min: 0.0, Avg: 0.0, Max: 0.0, Diff: 0.0, Sum: 0.0]
      [Object Copy (ms): Min: 106.6, Avg: 106.7, Max: 106.7, Diff: 0.2, Sum: 853.4]
      [Termination (ms): Min: 0.0, Avg: 0.0, Max: 0.0, Diff: 0.0, Sum: 0.1]
         [Termination Attempts: Min: 1, Avg: 113.6, Max: 168, Diff: 167, Sum: 909]
      [GC Worker Other (ms): Min: 0.0, Avg: 0.0, Max: 0.0, Diff: 0.0, Sum: 0.2]
      [GC Worker Total (ms): Min: 139.4, Avg: 139.4, Max: 139.5, Diff: 0.1, Sum: 1115.4]
      [GC Worker End (ms): Min: 41342.6, Avg: 41342.6, Max: 41342.6, Diff: 0.0]
   [Code Root Fixup: 0.0 ms]
   [Code Root Purge: 0.0 ms]
   [Clear CT: 0.2 ms]
   [Other: 1.2 ms]
      [Choose CSet: 0.0 ms]
      [Ref Proc: 0.2 ms]
      [Ref Enq: 0.0 ms]
      [Redirty Cards: 0.4 ms]
      [Humongous Register: 0.1 ms]
      [Humongous Reclaim: 0.0 ms]
      [Free CSet: 0.2 ms]
   [Eden: 240.0M(240.0M)->0.0B(230.0M) Survivors: 5120.0K->31.0M Heap: 295.1M(2048.0M)->292.1M(2048.0M)]
 [Times: user=1.08 sys=0.02, real=0.14 secs] 
2020-09-29T12:11:36.554+0200: 41.524: [GC pause (G1 Evacuation Pause) (young), 0.1451218 secs]
   [Parallel Time: 143.8 ms, GC Workers: 8]
      [GC Worker Start (ms): Min: 41523.7, Avg: 41524.4, Max: 41526.5, Diff: 2.8]
      [Ext Root Scanning (ms): Min: 0.0, Avg: 0.1, Max: 0.4, Diff: 0.4, Sum: 0.9]
      [Update RS (ms): Min: 17.5, Avg: 19.5, Max: 20.5, Diff: 3.0, Sum: 156.0]
         [Processed Buffers: Min: 16, Avg: 19.3, Max: 23, Diff: 7, Sum: 154]
      [Scan RS (ms): Min: 15.0, Avg: 15.4, Max: 15.6, Diff: 0.6, Sum: 123.2]
      [Code Root Scanning (ms): Min: 0.0, Avg: 0.0, Max: 0.0, Diff: 0.0, Sum: 0.0]
      [Object Copy (ms): Min: 107.7, Avg: 107.8, Max: 107.9, Diff: 0.2, Sum: 862.6]
      [Termination (ms): Min: 0.0, Avg: 0.1, Max: 0.2, Diff: 0.2, Sum: 0.6]
         [Termination Attempts: Min: 1, Avg: 325.8, Max: 454, Diff: 453, Sum: 2606]
      [GC Worker Other (ms): Min: 0.0, Avg: 0.0, Max: 0.1, Diff: 0.0, Sum: 0.3]
      [GC Worker Total (ms): Min: 140.9, Avg: 142.9, Max: 143.7, Diff: 2.8, Sum: 1143.5]
      [GC Worker End (ms): Min: 41667.3, Avg: 41667.4, Max: 41667.4, Diff: 0.0]
   [Code Root Fixup: 0.0 ms]
   [Code Root Purge: 0.0 ms]
   [Clear CT: 0.1 ms]
   [Other: 1.1 ms]
      [Choose CSet: 0.0 ms]
      [Ref Proc: 0.2 ms]
      [Ref Enq: 0.0 ms]
      [Redirty Cards: 0.2 ms]
      [Humongous Register: 0.1 ms]
      [Humongous Reclaim: 0.0 ms]
      [Free CSet: 0.3 ms]
   [Eden: 230.0M(230.0M)->0.0B(239.0M) Survivors: 31.0M->33.0M Heap: 562.1M(2048.0M)->564.6M(2048.0M)]
 [Times: user=1.03 sys=0.05, real=0.15 secs] 
2020-09-29T12:11:36.887+0200: 41.857: [GC pause (G1 Evacuation Pause) (young), 0.1543526 secs]
   [Parallel Time: 153.1 ms, GC Workers: 8]
      [GC Worker Start (ms): Min: 41857.0, Avg: 41857.1, Max: 41857.4, Diff: 0.5]
      [Ext Root Scanning (ms): Min: 0.0, Avg: 0.1, Max: 0.1, Diff: 0.1, Sum: 0.6]
      [Update RS (ms): Min: 23.9, Avg: 24.2, Max: 24.5, Diff: 0.6, Sum: 193.7]
         [Processed Buffers: Min: 18, Avg: 20.0, Max: 22, Diff: 4, Sum: 160]
      [Scan RS (ms): Min: 17.5, Avg: 17.9, Max: 18.3, Diff: 0.7, Sum: 142.8]
      [Code Root Scanning (ms): Min: 0.0, Avg: 0.0, Max: 0.0, Diff: 0.0, Sum: 0.0]
      [Object Copy (ms): Min: 110.6, Avg: 110.7, Max: 110.8, Diff: 0.3, Sum: 885.9]
      [Termination (ms): Min: 0.0, Avg: 0.0, Max: 0.1, Diff: 0.1, Sum: 0.3]
         [Termination Attempts: Min: 1, Avg: 14.9, Max: 27, Diff: 26, Sum: 119]
      [GC Worker Other (ms): Min: 0.0, Avg: 0.0, Max: 0.0, Diff: 0.0, Sum: 0.1]
      [GC Worker Total (ms): Min: 152.6, Avg: 152.9, Max: 153.1, Diff: 0.5, Sum: 1223.5]
      [GC Worker End (ms): Min: 42010.0, Avg: 42010.0, Max: 42010.1, Diff: 0.0]
   [Code Root Fixup: 0.0 ms]
   [Code Root Purge: 0.0 ms]
   [Clear CT: 0.2 ms]
   [Other: 1.0 ms]
      [Choose CSet: 0.0 ms]
      [Ref Proc: 0.1 ms]
      [Ref Enq: 0.0 ms]
      [Redirty Cards: 0.3 ms]
      [Humongous Register: 0.1 ms]
      [Humongous Reclaim: 0.0 ms]
      [Free CSet: 0.3 ms]
   [Eden: 239.0M(239.0M)->0.0B(244.0M) Survivors: 33.0M->34.0M Heap: 841.8M(2048.0M)->844.3M(2048.0M)]
 [Times: user=1.17 sys=0.01, real=0.15 secs] 
2020-09-29T12:11:37.230+0200: 42.199: [GC pause (G1 Evacuation Pause) (young), 0.1870700 secs]
   [Parallel Time: 184.6 ms, GC Workers: 8]
      [GC Worker Start (ms): Min: 42198.9, Avg: 42199.0, Max: 42199.1, Diff: 0.2]
      [Ext Root Scanning (ms): Min: 0.0, Avg: 0.1, Max: 0.1, Diff: 0.1, Sum: 0.7]
      [Update RS (ms): Min: 21.4, Avg: 22.8, Max: 31.6, Diff: 10.3, Sum: 182.1]
         [Processed Buffers: Min: 0, Avg: 18.8, Max: 24, Diff: 24, Sum: 150]
      [Scan RS (ms): Min: 7.4, Avg: 18.1, Max: 32.1, Diff: 24.8, Sum: 144.6]
      [Code Root Scanning (ms): Min: 0.0, Avg: 0.0, Max: 0.0, Diff: 0.0, Sum: 0.0]
      [Object Copy (ms): Min: 130.7, Avg: 143.4, Max: 145.3, Diff: 14.6, Sum: 1147.2]
      [Termination (ms): Min: 0.0, Avg: 0.0, Max: 0.0, Diff: 0.0, Sum: 0.3]
         [Termination Attempts: Min: 1, Avg: 264.4, Max: 335, Diff: 334, Sum: 2115]
      [GC Worker Other (ms): Min: 0.0, Avg: 0.0, Max: 0.1, Diff: 0.1, Sum: 0.4]
      [GC Worker Total (ms): Min: 184.3, Avg: 184.4, Max: 184.5, Diff: 0.2, Sum: 1475.3]
      [GC Worker End (ms): Min: 42383.3, Avg: 42383.4, Max: 42383.4, Diff: 0.1]
   [Code Root Fixup: 0.0 ms]
   [Code Root Purge: 0.0 ms]
   [Clear CT: 0.2 ms]
   [Other: 2.3 ms]
      [Choose CSet: 0.0 ms]
      [Ref Proc: 0.3 ms]
      [Ref Enq: 0.0 ms]
      [Redirty Cards: 1.1 ms]
      [Humongous Register: 0.1 ms]
      [Humongous Reclaim: 0.0 ms]
      [Free CSet: 0.6 ms]
   [Eden: 244.0M(244.0M)->0.0B(231.0M) Survivors: 34.0M->35.0M Heap: 1130.2M(2048.0M)->1132.2M(2048.0M)]
 [Times: user=1.41 sys=0.00, real=0.19 secs] 
2020-09-29T12:11:37.439+0200: 42.408: [GC pause (G1 Humongous Allocation) (young) (initial-mark), 0.0471665 secs]
   [Parallel Time: 46.2 ms, GC Workers: 8]
      [GC Worker Start (ms): Min: 42407.9, Avg: 42408.0, Max: 42408.5, Diff: 0.6]
      [Ext Root Scanning (ms): Min: 0.0, Avg: 0.6, Max: 0.8, Diff: 0.8, Sum: 4.5]
      [Update RS (ms): Min: 18.5, Avg: 18.8, Max: 19.1, Diff: 0.6, Sum: 150.4]
         [Processed Buffers: Min: 19, Avg: 21.0, Max: 22, Diff: 3, Sum: 168]
      [Scan RS (ms): Min: 2.4, Avg: 2.6, Max: 3.0, Diff: 0.6, Sum: 21.2]
      [Code Root Scanning (ms): Min: 0.0, Avg: 0.0, Max: 0.0, Diff: 0.0, Sum: 0.0]
      [Object Copy (ms): Min: 23.7, Avg: 23.8, Max: 24.0, Diff: 0.2, Sum: 190.8]
      [Termination (ms): Min: 0.0, Avg: 0.1, Max: 0.1, Diff: 0.1, Sum: 0.8]
         [Termination Attempts: Min: 1, Avg: 729.1, Max: 895, Diff: 894, Sum: 5833]
      [GC Worker Other (ms): Min: 0.0, Avg: 0.0, Max: 0.0, Diff: 0.0, Sum: 0.2]
      [GC Worker Total (ms): Min: 45.5, Avg: 46.0, Max: 46.1, Diff: 0.6, Sum: 367.9]
      [GC Worker End (ms): Min: 42454.0, Avg: 42454.0, Max: 42454.0, Diff: 0.0]
   [Code Root Fixup: 0.0 ms]
   [Code Root Purge: 0.0 ms]
   [Clear CT: 0.1 ms]
   [Other: 0.8 ms]
      [Choose CSet: 0.0 ms]
      [Ref Proc: 0.2 ms]
      [Ref Enq: 0.0 ms]
      [Redirty Cards: 0.2 ms]
      [Humongous Register: 0.1 ms]
      [Humongous Reclaim: 0.0 ms]
      [Free CSet: 0.1 ms]
   [Eden: 9216.0K(231.0M)->0.0B(271.0M) Survivors: 35.0M->11.0M Heap: 1140.7M(2048.0M)->1145.2M(2048.0M)]
 [Times: user=0.38 sys=0.00, real=0.05 secs] 
2020-09-29T12:11:37.486+0200: 42.455: [GC concurrent-root-region-scan-start]
2020-09-29T12:11:37.489+0200: 42.459: [GC concurrent-root-region-scan-end, 0.0035188 secs]
2020-09-29T12:11:37.489+0200: 42.459: [GC concurrent-mark-start]
2020-09-29T12:11:37.495+0200: 42.464: [GC concurrent-mark-end, 0.0052914 secs]
2020-09-29T12:11:37.496+0200: 42.465: [GC remark 2020-09-29T12:11:37.496+0200: 42.465: [Finalize Marking, 0.0003366 secs] 2020-09-29T12:11:37.496+0200: 42.465: [GC ref-proc, 0.0004900 secs] 2020-09-29T12:11:37.497+0200: 42.466: [Unloading, 0.0006498 secs], 0.0022089 secs]
 [Times: user=0.00 sys=0.00, real=0.00 secs] 
2020-09-29T12:11:37.498+0200: 42.468: [GC cleanup 1165M->40M(2048M), 0.0019736 secs]
 [Times: user=0.00 sys=0.00, real=0.00 secs] 
2020-09-29T12:11:37.500+0200: 42.470: [GC concurrent-cleanup-start]
2020-09-29T12:11:37.503+0200: 42.472: [GC concurrent-cleanup-end, 0.0026585 secs]
2020-09-29T12:11:37.678+0200: 42.647: [GC pause (G1 Evacuation Pause) (young), 0.1802100 secs]
   [Parallel Time: 179.0 ms, GC Workers: 8]
      [GC Worker Start (ms): Min: 42647.5, Avg: 42647.6, Max: 42647.7, Diff: 0.2]
      [Ext Root Scanning (ms): Min: 0.0, Avg: 0.1, Max: 0.2, Diff: 0.2, Sum: 0.7]
      [Update RS (ms): Min: 18.9, Avg: 20.4, Max: 30.0, Diff: 11.1, Sum: 163.2]
         [Processed Buffers: Min: 9, Avg: 17.4, Max: 22, Diff: 13, Sum: 139]
      [Scan RS (ms): Min: 9.8, Avg: 19.4, Max: 20.9, Diff: 11.1, Sum: 155.2]
      [Code Root Scanning (ms): Min: 0.0, Avg: 0.0, Max: 0.0, Diff: 0.0, Sum: 0.0]
      [Object Copy (ms): Min: 138.7, Avg: 138.8, Max: 138.9, Diff: 0.2, Sum: 1110.8]
      [Termination (ms): Min: 0.0, Avg: 0.1, Max: 0.1, Diff: 0.1, Sum: 0.6]
         [Termination Attempts: Min: 1, Avg: 165.8, Max: 227, Diff: 226, Sum: 1326]
      [GC Worker Other (ms): Min: 0.0, Avg: 0.0, Max: 0.1, Diff: 0.1, Sum: 0.1]
      [GC Worker Total (ms): Min: 178.7, Avg: 178.8, Max: 179.0, Diff: 0.3, Sum: 1430.5]
      [GC Worker End (ms): Min: 42826.4, Avg: 42826.4, Max: 42826.4, Diff: 0.1]
   [Code Root Fixup: 0.0 ms]
   [Code Root Purge: 0.0 ms]
   [Clear CT: 0.2 ms]
   [Other: 1.0 ms]
      [Choose CSet: 0.0 ms]
      [Ref Proc: 0.2 ms]
      [Ref Enq: 0.0 ms]
      [Redirty Cards: 0.2 ms]
      [Humongous Register: 0.1 ms]
      [Humongous Reclaim: 0.0 ms]
      [Free CSet: 0.2 ms]
   [Eden: 271.0M(271.0M)->0.0B(241.0M) Survivors: 11.0M->36.0M Heap: 337.8M(2048.0M)->328.3M(2048.0M)]
 [Times: user=1.13 sys=0.05, real=0.18 secs] 
2020-09-29T12:11:38.053+0200: 43.022: [GC pause (G1 Evacuation Pause) (young), 0.2083556 secs]
   [Parallel Time: 207.1 ms, GC Workers: 8]
      [GC Worker Start (ms): Min: 43022.4, Avg: 43029.1, Max: 43054.7, Diff: 32.3]
      [Ext Root Scanning (ms): Min: 0.0, Avg: 0.1, Max: 0.2, Diff: 0.2, Sum: 0.5]
      [Update RS (ms): Min: 0.0, Avg: 18.6, Max: 24.5, Diff: 24.5, Sum: 149.1]
         [Processed Buffers: Min: 0, Avg: 15.4, Max: 24, Diff: 24, Sum: 123]
      [Scan RS (ms): Min: 17.5, Avg: 26.2, Max: 40.1, Diff: 22.6, Sum: 209.8]
      [Code Root Scanning (ms): Min: 0.0, Avg: 0.0, Max: 0.0, Diff: 0.0, Sum: 0.0]
      [Object Copy (ms): Min: 142.2, Avg: 155.2, Max: 157.2, Diff: 15.1, Sum: 1241.8]
      [Termination (ms): Min: 0.0, Avg: 0.1, Max: 0.2, Diff: 0.2, Sum: 0.9]
         [Termination Attempts: Min: 1, Avg: 796.5, Max: 1011, Diff: 1010, Sum: 6372]
      [GC Worker Other (ms): Min: 0.0, Avg: 0.0, Max: 0.1, Diff: 0.1, Sum: 0.3]
      [GC Worker Total (ms): Min: 174.7, Avg: 200.3, Max: 207.0, Diff: 32.3, Sum: 1602.4]
      [GC Worker End (ms): Min: 43229.4, Avg: 43229.4, Max: 43229.4, Diff: 0.1]
   [Code Root Fixup: 0.0 ms]
   [Code Root Purge: 0.0 ms]
   [Clear CT: 0.2 ms]
   [Other: 1.1 ms]
      [Choose CSet: 0.0 ms]
      [Ref Proc: 0.2 ms]
      [Ref Enq: 0.0 ms]
      [Redirty Cards: 0.3 ms]
      [Humongous Register: 0.1 ms]
      [Humongous Reclaim: 0.0 ms]
      [Free CSet: 0.3 ms]
   [Eden: 241.0M(241.0M)->0.0B(210.0M) Survivors: 36.0M->35.0M Heap: 609.3M(2048.0M)->610.8M(2048.0M)]
 [Times: user=1.30 sys=0.05, real=0.21 secs] 
2020-09-29T12:11:38.428+0200: 43.397: [GC pause (G1 Evacuation Pause) (young), 0.1395480 secs]
   [Parallel Time: 138.4 ms, GC Workers: 8]
      [GC Worker Start (ms): Min: 43397.6, Avg: 43397.7, Max: 43397.8, Diff: 0.2]
      [Ext Root Scanning (ms): Min: 0.0, Avg: 0.1, Max: 0.2, Diff: 0.1, Sum: 0.6]
      [Update RS (ms): Min: 20.8, Avg: 21.0, Max: 22.0, Diff: 1.2, Sum: 168.3]
         [Processed Buffers: Min: 15, Avg: 18.1, Max: 21, Diff: 6, Sum: 145]
      [Scan RS (ms): Min: 16.4, Avg: 17.4, Max: 18.3, Diff: 1.9, Sum: 139.6]
      [Code Root Scanning (ms): Min: 0.0, Avg: 0.0, Max: 0.0, Diff: 0.0, Sum: 0.0]
      [Object Copy (ms): Min: 98.8, Avg: 99.6, Max: 99.8, Diff: 1.0, Sum: 796.8]
      [Termination (ms): Min: 0.0, Avg: 0.1, Max: 0.1, Diff: 0.1, Sum: 0.6]
         [Termination Attempts: Min: 1, Avg: 516.9, Max: 643, Diff: 642, Sum: 4135]
      [GC Worker Other (ms): Min: 0.0, Avg: 0.0, Max: 0.0, Diff: 0.0, Sum: 0.2]
      [GC Worker Total (ms): Min: 138.2, Avg: 138.3, Max: 138.4, Diff: 0.2, Sum: 1106.1]
      [GC Worker End (ms): Min: 43535.9, Avg: 43536.0, Max: 43536.0, Diff: 0.0]
   [Code Root Fixup: 0.0 ms]
   [Code Root Purge: 0.0 ms]
   [Clear CT: 0.1 ms]
   [Other: 1.0 ms]
      [Choose CSet: 0.0 ms]
      [Ref Proc: 0.2 ms]
      [Ref Enq: 0.0 ms]
      [Redirty Cards: 0.3 ms]
      [Humongous Register: 0.1 ms]
      [Humongous Reclaim: 0.0 ms]
      [Free CSet: 0.2 ms]
   [Eden: 210.0M(210.0M)->0.0B(229.0M) Survivors: 35.0M->31.0M Heap: 857.1M(2048.0M)->858.6M(2048.0M)]
 [Times: user=0.94 sys=0.05, real=0.14 secs] 
2020-09-29T12:11:38.732+0200: 43.702: [GC pause (G1 Evacuation Pause) (young), 0.1403778 secs]
   [Parallel Time: 139.4 ms, GC Workers: 8]
      [GC Worker Start (ms): Min: 43701.9, Avg: 43701.9, Max: 43702.0, Diff: 0.2]
      [Ext Root Scanning (ms): Min: 0.0, Avg: 0.1, Max: 0.1, Diff: 0.1, Sum: 0.7]
      [Update RS (ms): Min: 16.0, Avg: 16.1, Max: 16.2, Diff: 0.2, Sum: 128.9]
         [Processed Buffers: Min: 15, Avg: 17.5, Max: 20, Diff: 5, Sum: 140]
      [Scan RS (ms): Min: 11.6, Avg: 11.7, Max: 11.9, Diff: 0.4, Sum: 93.6]
      [Code Root Scanning (ms): Min: 0.0, Avg: 0.0, Max: 0.0, Diff: 0.0, Sum: 0.0]
      [Object Copy (ms): Min: 111.0, Avg: 111.2, Max: 111.3, Diff: 0.3, Sum: 889.6]
      [Termination (ms): Min: 0.0, Avg: 0.1, Max: 0.1, Diff: 0.1, Sum: 0.5]
         [Termination Attempts: Min: 1, Avg: 410.5, Max: 490, Diff: 489, Sum: 3284]
      [GC Worker Other (ms): Min: 0.0, Avg: 0.0, Max: 0.1, Diff: 0.1, Sum: 0.3]
      [GC Worker Total (ms): Min: 139.1, Avg: 139.2, Max: 139.3, Diff: 0.2, Sum: 1113.6]
      [GC Worker End (ms): Min: 43841.1, Avg: 43841.1, Max: 43841.2, Diff: 0.1]
   [Code Root Fixup: 0.0 ms]
   [Code Root Purge: 0.0 ms]
   [Clear CT: 0.2 ms]
   [Other: 0.8 ms]
      [Choose CSet: 0.0 ms]
      [Ref Proc: 0.1 ms]
      [Ref Enq: 0.0 ms]
      [Redirty Cards: 0.2 ms]
      [Humongous Register: 0.1 ms]
      [Humongous Reclaim: 0.0 ms]
      [Free CSet: 0.2 ms]
   [Eden: 229.0M(229.0M)->0.0B(249.0M) Survivors: 31.0M->33.0M Heap: 1125.7M(2048.0M)->1126.7M(2048.0M)]
 [Times: user=1.13 sys=0.00, real=0.14 secs] 
2020-09-29T12:11:38.892+0200: 43.862: [GC pause (G1 Humongous Allocation) (young) (initial-mark), 0.0428959 secs]
   [Parallel Time: 42.1 ms, GC Workers: 8]
      [GC Worker Start (ms): Min: 43861.9, Avg: 43861.9, Max: 43862.0, Diff: 0.2]
      [Ext Root Scanning (ms): Min: 0.0, Avg: 2.9, Max: 21.8, Diff: 21.8, Sum: 23.3]
      [Update RS (ms): Min: 0.0, Avg: 17.7, Max: 20.5, Diff: 20.5, Sum: 141.9]
         [Processed Buffers: Min: 0, Avg: 20.9, Max: 27, Diff: 27, Sum: 167]
      [Scan RS (ms): Min: 1.2, Avg: 2.5, Max: 2.9, Diff: 1.7, Sum: 19.7]
      [Code Root Scanning (ms): Min: 0.0, Avg: 0.0, Max: 0.0, Diff: 0.0, Sum: 0.0]
      [Object Copy (ms): Min: 18.6, Avg: 18.7, Max: 18.8, Diff: 0.2, Sum: 149.9]
      [Termination (ms): Min: 0.0, Avg: 0.0, Max: 0.0, Diff: 0.0, Sum: 0.0]
         [Termination Attempts: Min: 1, Avg: 28.1, Max: 46, Diff: 45, Sum: 225]
      [GC Worker Other (ms): Min: 0.0, Avg: 0.0, Max: 0.0, Diff: 0.0, Sum: 0.1]
      [GC Worker Total (ms): Min: 41.8, Avg: 41.9, Max: 42.0, Diff: 0.2, Sum: 335.0]
      [GC Worker End (ms): Min: 43903.8, Avg: 43903.8, Max: 43903.8, Diff: 0.0]
   [Code Root Fixup: 0.0 ms]
   [Code Root Purge: 0.0 ms]
   [Clear CT: 0.2 ms]
   [Other: 0.7 ms]
      [Choose CSet: 0.0 ms]
      [Ref Proc: 0.2 ms]
      [Ref Enq: 0.0 ms]
      [Redirty Cards: 0.1 ms]
      [Humongous Register: 0.0 ms]
      [Humongous Reclaim: 0.0 ms]
      [Free CSet: 0.1 ms]
   [Eden: 11.0M(249.0M)->0.0B(300.0M) Survivors: 33.0M->12.0M Heap: 1137.2M(2048.0M)->1141.2M(2048.0M)]
 [Times: user=0.34 sys=0.00, real=0.04 secs] 
2020-09-29T12:11:38.935+0200: 43.905: [GC concurrent-root-region-scan-start]
2020-09-29T12:11:38.938+0200: 43.908: [GC concurrent-root-region-scan-end, 0.0031579 secs]
2020-09-29T12:11:38.938+0200: 43.908: [GC concurrent-mark-start]
2020-09-29T12:11:38.942+0200: 43.911: [GC concurrent-mark-end, 0.0034988 secs]
2020-09-29T12:11:38.942+0200: 43.912: [GC remark 2020-09-29T12:11:38.942+0200: 43.912: [Finalize Marking, 0.0001919 secs] 2020-09-29T12:11:38.942+0200: 43.912: [GC ref-proc, 0.0002949 secs] 2020-09-29T12:11:38.942+0200: 43.912: [Unloading, 0.0004621 secs], 0.0013295 secs]
 [Times: user=0.00 sys=0.00, real=0.00 secs] 
2020-09-29T12:11:38.944+0200: 43.913: [GC cleanup 1154M->34M(2048M), 0.0017856 secs]
 [Times: user=0.00 sys=0.00, real=0.00 secs] 
2020-09-29T12:11:38.945+0200: 43.915: [GC concurrent-cleanup-start]
2020-09-29T12:11:38.948+0200: 43.918: [GC concurrent-cleanup-end, 0.0028289 secs]
2020-09-29T12:11:39.155+0200: 44.125: [GC pause (G1 Evacuation Pause) (young), 0.2086409 secs]
   [Parallel Time: 206.2 ms, GC Workers: 8]
      [GC Worker Start (ms): Min: 44124.8, Avg: 44133.9, Max: 44150.3, Diff: 25.6]
      [Ext Root Scanning (ms): Min: 0.0, Avg: 0.1, Max: 0.1, Diff: 0.1, Sum: 0.6]
      [Update RS (ms): Min: 4.4, Avg: 21.3, Max: 32.4, Diff: 28.1, Sum: 170.6]
         [Processed Buffers: Min: 7, Avg: 18.3, Max: 29, Diff: 22, Sum: 146]
      [Scan RS (ms): Min: 20.1, Avg: 22.1, Max: 22.9, Diff: 2.9, Sum: 177.2]
      [Code Root Scanning (ms): Min: 0.0, Avg: 0.0, Max: 0.0, Diff: 0.0, Sum: 0.0]
      [Object Copy (ms): Min: 153.0, Avg: 153.2, Max: 153.3, Diff: 0.3, Sum: 1225.8]
      [Termination (ms): Min: 0.0, Avg: 0.1, Max: 0.2, Diff: 0.1, Sum: 0.9]
         [Termination Attempts: Min: 1, Avg: 414.6, Max: 618, Diff: 617, Sum: 3317]
      [GC Worker Other (ms): Min: 0.0, Avg: 0.0, Max: 0.1, Diff: 0.1, Sum: 0.3]
      [GC Worker Total (ms): Min: 180.5, Avg: 196.9, Max: 206.1, Diff: 25.6, Sum: 1575.4]
      [GC Worker End (ms): Min: 44330.8, Avg: 44330.8, Max: 44330.8, Diff: 0.0]
   [Code Root Fixup: 0.0 ms]
   [Code Root Purge: 0.0 ms]
   [Clear CT: 0.5 ms]
   [Other: 2.0 ms]
      [Choose CSet: 0.0 ms]
      [Ref Proc: 0.2 ms]
      [Ref Enq: 0.0 ms]
      [Redirty Cards: 1.1 ms]
      [Humongous Register: 0.0 ms]
      [Humongous Reclaim: 0.0 ms]
      [Free CSet: 0.3 ms]
   [Eden: 300.0M(300.0M)->0.0B(244.0M) Survivors: 12.0M->39.0M Heap: 373.5M(2048.0M)->363.0M(2048.0M)]
 [Times: user=1.47 sys=0.02, real=0.21 secs] 
2020-09-29T12:11:39.538+0200: 44.508: [GC pause (G1 Evacuation Pause) (young), 0.1801299 secs]
   [Parallel Time: 179.0 ms, GC Workers: 8]
      [GC Worker Start (ms): Min: 44508.3, Avg: 44508.3, Max: 44508.4, Diff: 0.2]
      [Ext Root Scanning (ms): Min: 0.0, Avg: 0.1, Max: 0.1, Diff: 0.1, Sum: 0.7]
      [Update RS (ms): Min: 17.6, Avg: 17.9, Max: 18.5, Diff: 0.8, Sum: 142.8]
         [Processed Buffers: Min: 16, Avg: 17.6, Max: 20, Diff: 4, Sum: 141]
      [Scan RS (ms): Min: 17.0, Avg: 21.2, Max: 46.2, Diff: 29.2, Sum: 169.6]
      [Code Root Scanning (ms): Min: 0.0, Avg: 0.0, Max: 0.0, Diff: 0.0, Sum: 0.0]
      [Object Copy (ms): Min: 114.7, Avg: 139.6, Max: 143.2, Diff: 28.5, Sum: 1116.9]
      [Termination (ms): Min: 0.0, Avg: 0.1, Max: 0.1, Diff: 0.1, Sum: 0.7]
         [Termination Attempts: Min: 1, Avg: 247.8, Max: 356, Diff: 355, Sum: 1982]
      [GC Worker Other (ms): Min: 0.0, Avg: 0.0, Max: 0.0, Diff: 0.0, Sum: 0.1]
      [GC Worker Total (ms): Min: 178.8, Avg: 178.8, Max: 178.9, Diff: 0.1, Sum: 1430.8]
      [GC Worker End (ms): Min: 44687.2, Avg: 44687.2, Max: 44687.2, Diff: 0.0]
   [Code Root Fixup: 0.0 ms]
   [Code Root Purge: 0.0 ms]
   [Clear CT: 0.2 ms]
   [Other: 0.9 ms]
      [Choose CSet: 0.0 ms]
      [Ref Proc: 0.2 ms]
      [Ref Enq: 0.0 ms]
      [Redirty Cards: 0.2 ms]
      [Humongous Register: 0.1 ms]
      [Humongous Reclaim: 0.0 ms]
      [Free CSet: 0.2 ms]
   [Eden: 244.0M(244.0M)->0.0B(237.0M) Survivors: 39.0M->36.0M Heap: 647.1M(2048.0M)->649.1M(2048.0M)]
 [Times: user=1.13 sys=0.09, real=0.18 secs] 
2020-09-29T12:11:39.879+0200: 44.849: [GC pause (G1 Evacuation Pause) (young), 0.1806517 secs]
   [Parallel Time: 179.6 ms, GC Workers: 8]
      [GC Worker Start (ms): Min: 44849.1, Avg: 44849.1, Max: 44849.3, Diff: 0.3]
      [Ext Root Scanning (ms): Min: 0.0, Avg: 0.1, Max: 0.2, Diff: 0.2, Sum: 0.8]
      [Update RS (ms): Min: 18.1, Avg: 18.3, Max: 19.2, Diff: 1.2, Sum: 146.2]
         [Processed Buffers: Min: 0, Avg: 18.8, Max: 23, Diff: 23, Sum: 150]
      [Scan RS (ms): Min: 11.0, Avg: 12.1, Max: 14.0, Diff: 3.0, Sum: 97.2]
      [Code Root Scanning (ms): Min: 0.0, Avg: 0.0, Max: 0.0, Diff: 0.0, Sum: 0.0]
      [Object Copy (ms): Min: 147.1, Avg: 148.8, Max: 149.0, Diff: 1.9, Sum: 1190.0]
      [Termination (ms): Min: 0.0, Avg: 0.0, Max: 0.0, Diff: 0.0, Sum: 0.2]
         [Termination Attempts: Min: 1, Avg: 169.0, Max: 207, Diff: 206, Sum: 1352]
      [GC Worker Other (ms): Min: 0.0, Avg: 0.0, Max: 0.1, Diff: 0.1, Sum: 0.4]
      [GC Worker Total (ms): Min: 179.2, Avg: 179.4, Max: 179.4, Diff: 0.2, Sum: 1434.8]
      [GC Worker End (ms): Min: 45028.5, Avg: 45028.5, Max: 45028.5, Diff: 0.1]
   [Code Root Fixup: 0.0 ms]
   [Code Root Purge: 0.0 ms]
   [Clear CT: 0.2 ms]
   [Other: 0.9 ms]
      [Choose CSet: 0.0 ms]
      [Ref Proc: 0.2 ms]
      [Ref Enq: 0.0 ms]
      [Redirty Cards: 0.2 ms]
      [Humongous Register: 0.1 ms]
      [Humongous Reclaim: 0.0 ms]
      [Free CSet: 0.2 ms]
   [Eden: 237.0M(237.0M)->0.0B(232.0M) Survivors: 36.0M->35.0M Heap: 926.1M(2048.0M)->927.1M(2048.0M)]
 [Times: user=1.20 sys=0.01, real=0.18 secs] 
2020-09-29T12:11:40.169+0200: 45.138: [GC pause (G1 Humongous Allocation) (young) (initial-mark), 0.0873555 secs]
   [Parallel Time: 86.4 ms, GC Workers: 8]
      [GC Worker Start (ms): Min: 45138.5, Avg: 45138.6, Max: 45138.8, Diff: 0.2]
      [Ext Root Scanning (ms): Min: 0.0, Avg: 0.3, Max: 0.8, Diff: 0.8, Sum: 2.7]
      [Update RS (ms): Min: 16.1, Avg: 16.7, Max: 17.3, Diff: 1.2, Sum: 133.7]
         [Processed Buffers: Min: 16, Avg: 17.0, Max: 18, Diff: 2, Sum: 136]
      [Scan RS (ms): Min: 4.0, Avg: 4.3, Max: 4.5, Diff: 0.5, Sum: 34.7]
      [Code Root Scanning (ms): Min: 0.0, Avg: 0.0, Max: 0.0, Diff: 0.0, Sum: 0.0]
      [Object Copy (ms): Min: 64.6, Avg: 64.7, Max: 64.7, Diff: 0.1, Sum: 517.4]
      [Termination (ms): Min: 0.0, Avg: 0.1, Max: 0.1, Diff: 0.1, Sum: 0.4]
         [Termination Attempts: Min: 1, Avg: 384.8, Max: 488, Diff: 487, Sum: 3078]
      [GC Worker Other (ms): Min: 0.0, Avg: 0.0, Max: 0.1, Diff: 0.1, Sum: 0.3]
      [GC Worker Total (ms): Min: 86.0, Avg: 86.1, Max: 86.2, Diff: 0.2, Sum: 689.2]
      [GC Worker End (ms): Min: 45224.8, Avg: 45224.8, Max: 45224.8, Diff: 0.1]
   [Code Root Fixup: 0.0 ms]
   [Code Root Purge: 0.0 ms]
   [Clear CT: 0.2 ms]
   [Other: 0.8 ms]
      [Choose CSet: 0.0 ms]
      [Ref Proc: 0.2 ms]
      [Ref Enq: 0.0 ms]
      [Redirty Cards: 0.2 ms]
      [Humongous Register: 0.1 ms]
      [Humongous Reclaim: 0.0 ms]
      [Free CSet: 0.1 ms]
   [Eden: 135.0M(232.0M)->0.0B(267.0M) Survivors: 35.0M->34.0M Heap: 1083.1M(2048.0M)->1085.1M(2048.0M)]
 [Times: user=0.75 sys=0.00, real=0.09 secs] 
2020-09-29T12:11:40.256+0200: 45.226: [GC concurrent-root-region-scan-start]
2020-09-29T12:11:40.268+0200: 45.238: [GC concurrent-root-region-scan-end, 0.0118610 secs]
2020-09-29T12:11:40.268+0200: 45.238: [GC concurrent-mark-start]
2020-09-29T12:11:40.272+0200: 45.242: [GC concurrent-mark-end, 0.0036450 secs]
2020-09-29T12:11:40.272+0200: 45.242: [GC remark 2020-09-29T12:11:40.272+0200: 45.242: [Finalize Marking, 0.0002218 secs] 2020-09-29T12:11:40.272+0200: 45.242: [GC ref-proc, 0.0003654 secs] 2020-09-29T12:11:40.273+0200: 45.242: [Unloading, 0.0004442 secs], 0.0014268 secs]
 [Times: user=0.00 sys=0.00, real=0.00 secs] 
2020-09-29T12:11:40.274+0200: 45.243: [GC cleanup 1120M->79M(2048M), 0.0016250 secs]
 [Times: user=0.00 sys=0.00, real=0.00 secs] 
2020-09-29T12:11:40.276+0200: 45.245: [GC concurrent-cleanup-start]
2020-09-29T12:11:40.277+0200: 45.247: [GC concurrent-cleanup-end, 0.0016027 secs]
2020-09-29T12:11:40.438+0200: 45.407: [GC pause (G1 Evacuation Pause) (young), 0.1638714 secs]
   [Parallel Time: 162.6 ms, GC Workers: 8]
      [GC Worker Start (ms): Min: 45407.4, Avg: 45410.9, Max: 45433.7, Diff: 26.3]
      [Ext Root Scanning (ms): Min: 0.0, Avg: 0.1, Max: 0.2, Diff: 0.2, Sum: 0.7]
      [Update RS (ms): Min: 0.0, Avg: 20.9, Max: 24.2, Diff: 24.2, Sum: 167.1]
         [Processed Buffers: Min: 0, Avg: 22.0, Max: 28, Diff: 28, Sum: 176]
      [Scan RS (ms): Min: 9.4, Avg: 11.7, Max: 16.6, Diff: 7.2, Sum: 93.8]
      [Code Root Scanning (ms): Min: 0.0, Avg: 0.0, Max: 0.0, Diff: 0.0, Sum: 0.0]
      [Object Copy (ms): Min: 121.7, Avg: 126.2, Max: 127.0, Diff: 5.3, Sum: 1009.5]
      [Termination (ms): Min: 0.0, Avg: 0.1, Max: 0.2, Diff: 0.2, Sum: 1.1]
         [Termination Attempts: Min: 1, Avg: 1009.0, Max: 1220, Diff: 1219, Sum: 8072]
      [GC Worker Other (ms): Min: 0.0, Avg: 0.0, Max: 0.1, Diff: 0.1, Sum: 0.3]
      [GC Worker Total (ms): Min: 136.3, Avg: 159.1, Max: 162.6, Diff: 26.3, Sum: 1272.6]
      [GC Worker End (ms): Min: 45569.9, Avg: 45570.0, Max: 45570.0, Diff: 0.1]
   [Code Root Fixup: 0.0 ms]
   [Code Root Purge: 0.0 ms]
   [Clear CT: 0.2 ms]
   [Other: 1.1 ms]
      [Choose CSet: 0.0 ms]
      [Ref Proc: 0.1 ms]
      [Ref Enq: 0.0 ms]
      [Redirty Cards: 0.3 ms]
      [Humongous Register: 0.1 ms]
      [Humongous Reclaim: 0.0 ms]
      [Free CSet: 0.3 ms]
   [Eden: 267.0M(267.0M)->0.0B(272.0M) Survivors: 34.0M->38.0M Heap: 356.8M(2048.0M)->324.8M(2048.0M)]
 [Times: user=1.31 sys=0.02, real=0.16 secs] 
2020-09-29T12:11:40.789+0200: 45.759: [GC pause (G1 Evacuation Pause) (young), 0.2802238 secs]
   [Parallel Time: 279.2 ms, GC Workers: 8]
      [GC Worker Start (ms): Min: 45758.7, Avg: 45764.9, Max: 45783.2, Diff: 24.5]
      [Ext Root Scanning (ms): Min: 0.0, Avg: 0.1, Max: 0.2, Diff: 0.1, Sum: 0.7]
      [Update RS (ms): Min: 0.0, Avg: 18.3, Max: 25.1, Diff: 25.1, Sum: 146.6]
         [Processed Buffers: Min: 0, Avg: 20.4, Max: 31, Diff: 31, Sum: 163]
      [Scan RS (ms): Min: 16.1, Avg: 18.7, Max: 31.7, Diff: 15.6, Sum: 149.6]
      [Code Root Scanning (ms): Min: 0.0, Avg: 0.0, Max: 0.0, Diff: 0.0, Sum: 0.0]
      [Object Copy (ms): Min: 222.9, Avg: 234.5, Max: 236.4, Diff: 13.5, Sum: 1875.9]
      [Termination (ms): Min: 0.0, Avg: 1.2, Max: 1.7, Diff: 1.7, Sum: 10.0]
         [Termination Attempts: Min: 1, Avg: 9739.0, Max: 13732, Diff: 13731, Sum: 77912]
      [GC Worker Other (ms): Min: 0.0, Avg: 0.1, Max: 0.1, Diff: 0.1, Sum: 0.6]
      [GC Worker Total (ms): Min: 254.6, Avg: 272.9, Max: 279.1, Diff: 24.5, Sum: 2183.4]
      [GC Worker End (ms): Min: 46037.8, Avg: 46037.8, Max: 46037.8, Diff: 0.1]
   [Code Root Fixup: 0.0 ms]
   [Code Root Purge: 0.0 ms]
   [Clear CT: 0.2 ms]
   [Other: 0.9 ms]
      [Choose CSet: 0.0 ms]
      [Ref Proc: 0.1 ms]
      [Ref Enq: 0.0 ms]
      [Redirty Cards: 0.2 ms]
      [Humongous Register: 0.1 ms]
      [Humongous Reclaim: 0.0 ms]
      [Free CSet: 0.3 ms]
   [Eden: 272.0M(272.0M)->0.0B(200.0M) Survivors: 38.0M->39.0M Heap: 642.6M(2048.0M)->645.1M(2048.0M)]
 [Times: user=1.94 sys=0.02, real=0.28 secs] 
2020-09-29T12:11:41.216+0200: 46.185: [GC pause (G1 Evacuation Pause) (young), 0.1452169 secs]
   [Parallel Time: 144.0 ms, GC Workers: 8]
      [GC Worker Start (ms): Min: 46185.3, Avg: 46188.7, Max: 46212.0, Diff: 26.7]
      [Ext Root Scanning (ms): Min: 0.0, Avg: 0.1, Max: 0.1, Diff: 0.1, Sum: 0.6]
      [Update RS (ms): Min: 0.0, Avg: 21.9, Max: 25.2, Diff: 25.2, Sum: 175.3]
         [Processed Buffers: Min: 0, Avg: 21.0, Max: 26, Diff: 26, Sum: 168]
      [Scan RS (ms): Min: 6.7, Avg: 8.1, Max: 8.5, Diff: 1.8, Sum: 64.5]
      [Code Root Scanning (ms): Min: 0.0, Avg: 0.0, Max: 0.0, Diff: 0.0, Sum: 0.0]
      [Object Copy (ms): Min: 110.4, Avg: 110.4, Max: 110.4, Diff: 0.1, Sum: 883.3]
      [Termination (ms): Min: 0.0, Avg: 0.0, Max: 0.0, Diff: 0.0, Sum: 0.1]
         [Termination Attempts: Min: 1, Avg: 61.8, Max: 81, Diff: 80, Sum: 494]
      [GC Worker Other (ms): Min: 0.0, Avg: 0.0, Max: 0.1, Diff: 0.1, Sum: 0.3]
      [GC Worker Total (ms): Min: 117.2, Avg: 140.5, Max: 143.9, Diff: 26.7, Sum: 1124.1]
      [GC Worker End (ms): Min: 46329.2, Avg: 46329.2, Max: 46329.2, Diff: 0.1]
   [Code Root Fixup: 0.0 ms]
   [Code Root Purge: 0.0 ms]
   [Clear CT: 0.2 ms]
   [Other: 1.0 ms]
      [Choose CSet: 0.0 ms]
      [Ref Proc: 0.2 ms]
      [Ref Enq: 0.0 ms]
      [Redirty Cards: 0.2 ms]
      [Humongous Register: 0.0 ms]
      [Humongous Reclaim: 0.0 ms]
      [Free CSet: 0.3 ms]
   [Eden: 200.0M(200.0M)->0.0B(225.0M) Survivors: 39.0M->30.0M Heap: 877.5M(2048.0M)->879.5M(2048.0M)]
 [Times: user=1.06 sys=0.00, real=0.14 secs] 
2020-09-29T12:11:41.512+0200: 46.481: [GC pause (G1 Evacuation Pause) (young), 0.1679712 secs]
   [Parallel Time: 166.9 ms, GC Workers: 8]
      [GC Worker Start (ms): Min: 46481.4, Avg: 46481.4, Max: 46481.5, Diff: 0.2]
      [Ext Root Scanning (ms): Min: 0.0, Avg: 0.1, Max: 0.1, Diff: 0.1, Sum: 0.7]
      [Update RS (ms): Min: 19.5, Avg: 19.7, Max: 20.3, Diff: 0.8, Sum: 157.5]
         [Processed Buffers: Min: 14, Avg: 18.8, Max: 22, Diff: 8, Sum: 150]
      [Scan RS (ms): Min: 10.6, Avg: 11.4, Max: 12.7, Diff: 2.1, Sum: 91.0]
      [Code Root Scanning (ms): Min: 0.0, Avg: 0.0, Max: 0.0, Diff: 0.0, Sum: 0.0]
      [Object Copy (ms): Min: 134.0, Avg: 135.4, Max: 135.7, Diff: 1.7, Sum: 1082.9]
      [Termination (ms): Min: 0.0, Avg: 0.3, Max: 0.3, Diff: 0.3, Sum: 2.0]
         [Termination Attempts: Min: 1, Avg: 1810.5, Max: 2284, Diff: 2283, Sum: 14484]
      [GC Worker Other (ms): Min: 0.0, Avg: 0.0, Max: 0.1, Diff: 0.0, Sum: 0.3]
      [GC Worker Total (ms): Min: 166.7, Avg: 166.8, Max: 166.9, Diff: 0.2, Sum: 1334.4]
      [GC Worker End (ms): Min: 46648.2, Avg: 46648.2, Max: 46648.3, Diff: 0.0]
   [Code Root Fixup: 0.0 ms]
   [Code Root Purge: 0.0 ms]
   [Clear CT: 0.2 ms]
   [Other: 0.9 ms]
      [Choose CSet: 0.0 ms]
      [Ref Proc: 0.2 ms]
      [Ref Enq: 0.0 ms]
      [Redirty Cards: 0.2 ms]
      [Humongous Register: 0.1 ms]
      [Humongous Reclaim: 0.0 ms]
      [Free CSet: 0.2 ms]
   [Eden: 225.0M(225.0M)->0.0B(230.0M) Survivors: 30.0M->32.0M Heap: 1142.6M(2048.0M)->1144.6M(2048.0M)]
 [Times: user=1.16 sys=0.06, real=0.17 secs] 
2020-09-29T12:11:41.695+0200: 46.665: [GC pause (G1 Humongous Allocation) (young) (initial-mark), 0.0435262 secs]
   [Parallel Time: 42.7 ms, GC Workers: 8]
      [GC Worker Start (ms): Min: 46664.9, Avg: 46664.9, Max: 46665.0, Diff: 0.1]
      [Ext Root Scanning (ms): Min: 0.0, Avg: 0.1, Max: 0.1, Diff: 0.1, Sum: 0.7]
      [Update RS (ms): Min: 22.3, Avg: 22.7, Max: 23.0, Diff: 0.7, Sum: 181.5]
         [Processed Buffers: Min: 25, Avg: 26.9, Max: 28, Diff: 3, Sum: 215]
      [Scan RS (ms): Min: 1.9, Avg: 2.2, Max: 2.6, Diff: 0.7, Sum: 17.7]
      [Code Root Scanning (ms): Min: 0.0, Avg: 0.0, Max: 0.0, Diff: 0.0, Sum: 0.0]
      [Object Copy (ms): Min: 17.3, Avg: 17.5, Max: 17.6, Diff: 0.3, Sum: 139.7]
      [Termination (ms): Min: 0.0, Avg: 0.0, Max: 0.0, Diff: 0.0, Sum: 0.2]
         [Termination Attempts: Min: 1, Avg: 204.5, Max: 269, Diff: 268, Sum: 1636]
      [GC Worker Other (ms): Min: 0.0, Avg: 0.0, Max: 0.0, Diff: 0.0, Sum: 0.2]
      [GC Worker Total (ms): Min: 42.5, Avg: 42.5, Max: 42.5, Diff: 0.1, Sum: 340.0]
      [GC Worker End (ms): Min: 46707.4, Avg: 46707.4, Max: 46707.5, Diff: 0.0]
   [Code Root Fixup: 0.0 ms]
   [Code Root Purge: 0.0 ms]
   [Clear CT: 0.1 ms]
   [Other: 0.7 ms]
      [Choose CSet: 0.0 ms]
      [Ref Proc: 0.2 ms]
      [Ref Enq: 0.0 ms]
      [Redirty Cards: 0.2 ms]
      [Humongous Register: 0.1 ms]
      [Humongous Reclaim: 0.0 ms]
      [Free CSet: 0.1 ms]
   [Eden: 9216.0K(230.0M)->0.0B(277.0M) Survivors: 32.0M->11.0M Heap: 1153.6M(2048.0M)->1157.6M(2048.0M)]
 [Times: user=0.25 sys=0.00, real=0.04 secs] 
2020-09-29T12:11:41.739+0200: 46.708: [GC concurrent-root-region-scan-start]
2020-09-29T12:11:41.742+0200: 46.711: [GC concurrent-root-region-scan-end, 0.0027263 secs]
2020-09-29T12:11:41.742+0200: 46.711: [GC concurrent-mark-start]
2020-09-29T12:11:41.746+0200: 46.715: [GC concurrent-mark-end, 0.0035427 secs]
2020-09-29T12:11:41.746+0200: 46.715: [GC remark 2020-09-29T12:11:41.746+0200: 46.715: [Finalize Marking, 0.0001960 secs] 2020-09-29T12:11:41.746+0200: 46.715: [GC ref-proc, 0.0003924 secs] 2020-09-29T12:11:41.747+0200: 46.716: [Unloading, 0.0006133 secs], 0.0017286 secs]
 [Times: user=0.00 sys=0.00, real=0.00 secs] 
2020-09-29T12:11:41.748+0200: 46.717: [GC cleanup 1173M->36M(2048M), 0.0016672 secs]
 [Times: user=0.00 sys=0.00, real=0.00 secs] 
2020-09-29T12:11:41.750+0200: 46.719: [GC concurrent-cleanup-start]
2020-09-29T12:11:41.752+0200: 46.721: [GC concurrent-cleanup-end, 0.0020482 secs]
2020-09-29T12:11:41.936+0200: 46.906: [GC pause (G1 Evacuation Pause) (young), 0.1638126 secs]
   [Parallel Time: 162.8 ms, GC Workers: 8]
      [GC Worker Start (ms): Min: 46905.7, Avg: 46905.8, Max: 46905.9, Diff: 0.2]
      [Ext Root Scanning (ms): Min: 0.0, Avg: 0.1, Max: 0.2, Diff: 0.1, Sum: 0.7]
      [Update RS (ms): Min: 20.9, Avg: 21.1, Max: 21.8, Diff: 0.9, Sum: 168.8]
         [Processed Buffers: Min: 15, Avg: 16.9, Max: 20, Diff: 5, Sum: 135]
      [Scan RS (ms): Min: 17.9, Avg: 18.5, Max: 18.8, Diff: 1.0, Sum: 148.1]
      [Code Root Scanning (ms): Min: 0.0, Avg: 0.0, Max: 0.0, Diff: 0.0, Sum: 0.0]
      [Object Copy (ms): Min: 122.7, Avg: 122.8, Max: 122.9, Diff: 0.2, Sum: 982.5]
      [Termination (ms): Min: 0.0, Avg: 0.0, Max: 0.0, Diff: 0.0, Sum: 0.0]
         [Termination Attempts: Min: 1, Avg: 4.3, Max: 7, Diff: 6, Sum: 34]
      [GC Worker Other (ms): Min: 0.0, Avg: 0.0, Max: 0.1, Diff: 0.1, Sum: 0.3]
      [GC Worker Total (ms): Min: 162.4, Avg: 162.6, Max: 162.7, Diff: 0.2, Sum: 1300.5]
      [GC Worker End (ms): Min: 47068.3, Avg: 47068.3, Max: 47068.4, Diff: 0.1]
   [Code Root Fixup: 0.0 ms]
   [Code Root Purge: 0.0 ms]
   [Clear CT: 0.2 ms]
   [Other: 0.9 ms]
      [Choose CSet: 0.0 ms]
      [Ref Proc: 0.2 ms]
      [Ref Enq: 0.0 ms]
      [Redirty Cards: 0.2 ms]
      [Humongous Register: 0.1 ms]
      [Humongous Reclaim: 0.0 ms]
      [Free CSet: 0.2 ms]
   [Eden: 277.0M(277.0M)->0.0B(254.0M) Survivors: 11.0M->36.0M Heap: 345.7M(2048.0M)->336.7M(2048.0M)]
 [Times: user=1.25 sys=0.06, real=0.16 secs] 
2020-09-29T12:11:42.278+0200: 47.247: [GC pause (G1 Evacuation Pause) (young), 0.1459503 secs]
   [Parallel Time: 144.2 ms, GC Workers: 8]
      [GC Worker Start (ms): Min: 47247.5, Avg: 47247.5, Max: 47247.6, Diff: 0.1]
      [Ext Root Scanning (ms): Min: 0.0, Avg: 0.1, Max: 0.1, Diff: 0.1, Sum: 0.7]
      [Update RS (ms): Min: 16.2, Avg: 16.5, Max: 17.2, Diff: 1.0, Sum: 132.2]
         [Processed Buffers: Min: 16, Avg: 17.9, Max: 20, Diff: 4, Sum: 143]
      [Scan RS (ms): Min: 12.9, Avg: 13.7, Max: 14.1, Diff: 1.2, Sum: 109.3]
      [Code Root Scanning (ms): Min: 0.0, Avg: 0.0, Max: 0.0, Diff: 0.0, Sum: 0.0]
      [Object Copy (ms): Min: 113.6, Avg: 113.8, Max: 113.8, Diff: 0.2, Sum: 910.1]
      [Termination (ms): Min: 0.0, Avg: 0.0, Max: 0.0, Diff: 0.0, Sum: 0.2]
         [Termination Attempts: Min: 1, Avg: 175.9, Max: 228, Diff: 227, Sum: 1407]
      [GC Worker Other (ms): Min: 0.0, Avg: 0.0, Max: 0.1, Diff: 0.1, Sum: 0.3]
      [GC Worker Total (ms): Min: 144.1, Avg: 144.1, Max: 144.2, Diff: 0.1, Sum: 1152.8]
      [GC Worker End (ms): Min: 47391.6, Avg: 47391.6, Max: 47391.7, Diff: 0.1]
   [Code Root Fixup: 0.0 ms]
   [Code Root Purge: 0.0 ms]
   [Clear CT: 0.2 ms]
   [Other: 1.6 ms]
      [Choose CSet: 0.0 ms]
      [Ref Proc: 0.2 ms]
      [Ref Enq: 0.0 ms]
      [Redirty Cards: 0.8 ms]
      [Humongous Register: 0.0 ms]
      [Humongous Reclaim: 0.0 ms]
      [Free CSet: 0.3 ms]
   [Eden: 254.0M(254.0M)->0.0B(267.0M) Survivors: 36.0M->37.0M Heap: 632.6M(2048.0M)->635.1M(2048.0M)]
 [Times: user=1.09 sys=0.00, real=0.15 secs] 
2020-09-29T12:11:42.615+0200: 47.584: [GC pause (G1 Evacuation Pause) (young), 0.1643236 secs]
   [Parallel Time: 163.1 ms, GC Workers: 8]
      [GC Worker Start (ms): Min: 47584.1, Avg: 47584.2, Max: 47584.3, Diff: 0.2]
      [Ext Root Scanning (ms): Min: 0.0, Avg: 0.1, Max: 0.2, Diff: 0.2, Sum: 0.7]
      [Update RS (ms): Min: 18.8, Avg: 18.9, Max: 19.1, Diff: 0.4, Sum: 150.9]
         [Processed Buffers: Min: 18, Avg: 19.8, Max: 22, Diff: 4, Sum: 158]
      [Scan RS (ms): Min: 13.8, Avg: 13.9, Max: 14.0, Diff: 0.2, Sum: 111.2]
      [Code Root Scanning (ms): Min: 0.0, Avg: 0.0, Max: 0.0, Diff: 0.0, Sum: 0.0]
      [Object Copy (ms): Min: 129.8, Avg: 130.0, Max: 130.1, Diff: 0.3, Sum: 1039.8]
      [Termination (ms): Min: 0.0, Avg: 0.0, Max: 0.0, Diff: 0.0, Sum: 0.2]
         [Termination Attempts: Min: 1, Avg: 125.1, Max: 168, Diff: 167, Sum: 1001]
      [GC Worker Other (ms): Min: 0.0, Avg: 0.1, Max: 0.1, Diff: 0.1, Sum: 0.5]
      [GC Worker Total (ms): Min: 162.8, Avg: 162.9, Max: 163.0, Diff: 0.3, Sum: 1303.2]
      [GC Worker End (ms): Min: 47747.1, Avg: 47747.1, Max: 47747.2, Diff: 0.1]
   [Code Root Fixup: 0.0 ms]
   [Code Root Purge: 0.0 ms]
   [Clear CT: 0.2 ms]
   [Other: 1.0 ms]
      [Choose CSet: 0.0 ms]
      [Ref Proc: 0.2 ms]
      [Ref Enq: 0.0 ms]
      [Redirty Cards: 0.3 ms]
      [Humongous Register: 0.1 ms]
      [Humongous Reclaim: 0.0 ms]
      [Free CSet: 0.3 ms]
   [Eden: 267.0M(267.0M)->0.0B(272.0M) Survivors: 37.0M->38.0M Heap: 946.0M(2048.0M)->948.5M(2048.0M)]
 [Times: user=1.19 sys=0.03, real=0.17 secs] 
2020-09-29T12:11:42.795+0200: 47.764: [GC pause (G1 Humongous Allocation) (young) (initial-mark), 0.0611311 secs]
   [Parallel Time: 60.1 ms, GC Workers: 8]
      [GC Worker Start (ms): Min: 47764.2, Avg: 47764.3, Max: 47764.3, Diff: 0.1]
      [Ext Root Scanning (ms): Min: 0.0, Avg: 0.1, Max: 0.1, Diff: 0.1, Sum: 0.7]
      [Update RS (ms): Min: 29.3, Avg: 29.6, Max: 29.9, Diff: 0.6, Sum: 237.0]
         [Processed Buffers: Min: 32, Avg: 36.6, Max: 39, Diff: 7, Sum: 293]
      [Scan RS (ms): Min: 3.2, Avg: 3.5, Max: 3.8, Diff: 0.6, Sum: 28.1]
      [Code Root Scanning (ms): Min: 0.0, Avg: 0.0, Max: 0.0, Diff: 0.0, Sum: 0.0]
      [Object Copy (ms): Min: 26.6, Avg: 26.7, Max: 26.7, Diff: 0.1, Sum: 213.4]
      [Termination (ms): Min: 0.0, Avg: 0.0, Max: 0.0, Diff: 0.0, Sum: 0.2]
         [Termination Attempts: Min: 1, Avg: 145.5, Max: 196, Diff: 195, Sum: 1164]
      [GC Worker Other (ms): Min: 0.0, Avg: 0.0, Max: 0.0, Diff: 0.0, Sum: 0.2]
      [GC Worker Total (ms): Min: 59.9, Avg: 59.9, Max: 60.0, Diff: 0.1, Sum: 479.5]
      [GC Worker End (ms): Min: 47824.2, Avg: 47824.2, Max: 47824.2, Diff: 0.0]
   [Code Root Fixup: 0.0 ms]
   [Code Root Purge: 0.0 ms]
   [Clear CT: 0.2 ms]
   [Other: 0.8 ms]
      [Choose CSet: 0.0 ms]
      [Ref Proc: 0.2 ms]
      [Ref Enq: 0.0 ms]
      [Redirty Cards: 0.1 ms]
      [Humongous Register: 0.1 ms]
      [Humongous Reclaim: 0.0 ms]
      [Free CSet: 0.1 ms]
   [Eden: 27.0M(272.0M)->0.0B(287.0M) Survivors: 38.0M->28.0M Heap: 978.8M(2048.0M)->981.8M(2048.0M)]
 [Times: user=0.49 sys=0.00, real=0.06 secs] 
2020-09-29T12:11:42.856+0200: 47.825: [GC concurrent-root-region-scan-start]
2020-09-29T12:11:42.864+0200: 47.833: [GC concurrent-root-region-scan-end, 0.0079122 secs]
2020-09-29T12:11:42.864+0200: 47.833: [GC concurrent-mark-start]
2020-09-29T12:11:42.868+0200: 47.837: [GC concurrent-mark-end, 0.0036336 secs]
2020-09-29T12:11:42.868+0200: 47.837: [GC remark 2020-09-29T12:11:42.868+0200: 47.837: [Finalize Marking, 0.0001864 secs] 2020-09-29T12:11:42.868+0200: 47.838: [GC ref-proc, 0.0004536 secs] 2020-09-29T12:11:42.869+0200: 47.838: [Unloading, 0.0005210 secs], 0.0015685 secs]
 [Times: user=0.00 sys=0.00, real=0.00 secs] 
2020-09-29T12:11:42.870+0200: 47.839: [GC cleanup 1006M->62M(2048M), 0.0016746 secs]
 [Times: user=0.00 sys=0.00, real=0.00 secs] 
2020-09-29T12:11:42.872+0200: 47.841: [GC concurrent-cleanup-start]
2020-09-29T12:11:42.874+0200: 47.843: [GC concurrent-cleanup-end, 0.0017065 secs]
2020-09-29T12:11:43.048+0200: 48.018: [GC pause (G1 Evacuation Pause) (young), 0.1651671 secs]
   [Parallel Time: 164.0 ms, GC Workers: 8]
      [GC Worker Start (ms): Min: 48017.9, Avg: 48019.9, Max: 48032.8, Diff: 14.9]
      [Ext Root Scanning (ms): Min: 0.0, Avg: 0.1, Max: 0.1, Diff: 0.1, Sum: 0.6]
      [Update RS (ms): Min: 7.1, Avg: 20.2, Max: 22.6, Diff: 15.5, Sum: 161.9]
         [Processed Buffers: Min: 8, Avg: 17.1, Max: 22, Diff: 14, Sum: 137]
      [Scan RS (ms): Min: 22.9, Avg: 23.4, Max: 23.7, Diff: 0.9, Sum: 187.2]
      [Code Root Scanning (ms): Min: 0.0, Avg: 0.0, Max: 0.0, Diff: 0.0, Sum: 0.0]
      [Object Copy (ms): Min: 118.0, Avg: 118.1, Max: 118.2, Diff: 0.2, Sum: 944.8]
      [Termination (ms): Min: 0.0, Avg: 0.0, Max: 0.1, Diff: 0.1, Sum: 0.4]
         [Termination Attempts: Min: 1, Avg: 383.8, Max: 503, Diff: 502, Sum: 3070]
      [GC Worker Other (ms): Min: 0.1, Avg: 0.1, Max: 0.2, Diff: 0.1, Sum: 0.7]
      [GC Worker Total (ms): Min: 149.0, Avg: 162.0, Max: 163.9, Diff: 14.9, Sum: 1295.6]
      [GC Worker End (ms): Min: 48181.8, Avg: 48181.8, Max: 48181.8, Diff: 0.1]
   [Code Root Fixup: 0.0 ms]
   [Code Root Purge: 0.0 ms]
   [Clear CT: 0.2 ms]
   [Other: 1.0 ms]
      [Choose CSet: 0.0 ms]
      [Ref Proc: 0.1 ms]
      [Ref Enq: 0.0 ms]
      [Redirty Cards: 0.2 ms]
      [Humongous Register: 0.1 ms]
      [Humongous Reclaim: 0.0 ms]
      [Free CSet: 0.3 ms]
   [Eden: 287.0M(287.0M)->0.0B(269.0M) Survivors: 28.0M->40.0M Heap: 374.6M(2048.0M)->348.6M(2048.0M)]
 [Times: user=1.28 sys=0.05, real=0.16 secs] 
2020-09-29T12:11:43.438+0200: 48.407: [GC pause (G1 Evacuation Pause) (young), 0.2390434 secs]
   [Parallel Time: 237.8 ms, GC Workers: 8]
      [GC Worker Start (ms): Min: 48407.1, Avg: 48407.5, Max: 48409.9, Diff: 2.7]
      [Ext Root Scanning (ms): Min: 0.0, Avg: 0.1, Max: 0.2, Diff: 0.1, Sum: 0.7]
      [Update RS (ms): Min: 17.6, Avg: 19.4, Max: 19.9, Diff: 2.4, Sum: 155.1]
         [Processed Buffers: Min: 13, Avg: 15.9, Max: 19, Diff: 6, Sum: 127]
      [Scan RS (ms): Min: 25.5, Avg: 26.3, Max: 28.5, Diff: 3.1, Sum: 210.0]
      [Code Root Scanning (ms): Min: 0.0, Avg: 0.0, Max: 0.0, Diff: 0.0, Sum: 0.0]
      [Object Copy (ms): Min: 188.7, Avg: 191.0, Max: 191.9, Diff: 3.1, Sum: 1528.1]
      [Termination (ms): Min: 0.0, Avg: 0.5, Max: 0.7, Diff: 0.7, Sum: 4.1]
         [Termination Attempts: Min: 1, Avg: 3025.0, Max: 3848, Diff: 3847, Sum: 24200]
      [GC Worker Other (ms): Min: 0.0, Avg: 0.1, Max: 0.1, Diff: 0.1, Sum: 0.4]
      [GC Worker Total (ms): Min: 235.0, Avg: 237.3, Max: 237.7, Diff: 2.8, Sum: 1898.5]
      [GC Worker End (ms): Min: 48644.8, Avg: 48644.8, Max: 48644.9, Diff: 0.1]
   [Code Root Fixup: 0.0 ms]
   [Code Root Purge: 0.0 ms]
   [Clear CT: 0.2 ms]
   [Other: 1.0 ms]
      [Choose CSet: 0.0 ms]
      [Ref Proc: 0.1 ms]
      [Ref Enq: 0.0 ms]
      [Redirty Cards: 0.2 ms]
      [Humongous Register: 0.1 ms]
      [Humongous Reclaim: 0.0 ms]
      [Free CSet: 0.3 ms]
   [Eden: 269.0M(269.0M)->0.0B(209.0M) Survivors: 40.0M->39.0M Heap: 661.5M(2048.0M)->663.5M(2048.0M)]
 [Times: user=1.70 sys=0.03, real=0.24 secs] 
2020-09-29T12:11:43.837+0200: 48.805: [GC pause (G1 Evacuation Pause) (young), 0.1380016 secs]
   [Parallel Time: 136.5 ms, GC Workers: 8]
      [GC Worker Start (ms): Min: 48805.6, Avg: 48806.5, Max: 48809.2, Diff: 3.6]
      [Ext Root Scanning (ms): Min: 0.0, Avg: 0.1, Max: 0.2, Diff: 0.2, Sum: 0.7]
      [Update RS (ms): Min: 15.5, Avg: 18.0, Max: 19.4, Diff: 3.9, Sum: 144.2]
         [Processed Buffers: Min: 14, Avg: 16.1, Max: 18, Diff: 4, Sum: 129]
      [Scan RS (ms): Min: 15.2, Avg: 15.9, Max: 16.4, Diff: 1.3, Sum: 126.9]
      [Code Root Scanning (ms): Min: 0.0, Avg: 0.0, Max: 0.0, Diff: 0.0, Sum: 0.0]
      [Object Copy (ms): Min: 101.0, Avg: 101.3, Max: 101.4, Diff: 0.4, Sum: 810.3]
      [Termination (ms): Min: 0.0, Avg: 0.1, Max: 0.1, Diff: 0.1, Sum: 0.4]
         [Termination Attempts: Min: 1, Avg: 300.0, Max: 401, Diff: 400, Sum: 2400]
      [GC Worker Other (ms): Min: 0.0, Avg: 0.0, Max: 0.1, Diff: 0.0, Sum: 0.3]
      [GC Worker Total (ms): Min: 132.7, Avg: 135.3, Max: 136.3, Diff: 3.6, Sum: 1082.8]
      [GC Worker End (ms): Min: 48941.8, Avg: 48941.8, Max: 48941.9, Diff: 0.0]
   [Code Root Fixup: 0.0 ms]
   [Code Root Purge: 0.0 ms]
   [Clear CT: 0.4 ms]
   [Other: 1.2 ms]
      [Choose CSet: 0.0 ms]
      [Ref Proc: 0.3 ms]
      [Ref Enq: 0.0 ms]
      [Redirty Cards: 0.3 ms]
      [Humongous Register: 0.1 ms]
      [Humongous Reclaim: 0.0 ms]
      [Free CSet: 0.2 ms]
   [Eden: 209.0M(209.0M)->0.0B(235.0M) Survivors: 39.0M->31.0M Heap: 906.8M(2048.0M)->908.8M(2048.0M)]
 [Times: user=0.97 sys=0.03, real=0.14 secs] 
2020-09-29T12:11:44.161+0200: 49.130: [GC pause (G1 Humongous Allocation) (young) (initial-mark), 0.1483156 secs]
   [Parallel Time: 146.9 ms, GC Workers: 8]
      [GC Worker Start (ms): Min: 49130.2, Avg: 49130.3, Max: 49130.4, Diff: 0.2]
      [Ext Root Scanning (ms): Min: 0.0, Avg: 0.2, Max: 0.2, Diff: 0.2, Sum: 1.3]
      [Update RS (ms): Min: 22.5, Avg: 22.9, Max: 24.2, Diff: 1.8, Sum: 183.1]
         [Processed Buffers: Min: 19, Avg: 21.3, Max: 23, Diff: 4, Sum: 170]
      [Scan RS (ms): Min: 6.7, Avg: 8.0, Max: 8.4, Diff: 1.7, Sum: 63.8]
      [Code Root Scanning (ms): Min: 0.0, Avg: 0.0, Max: 0.0, Diff: 0.0, Sum: 0.0]
      [Object Copy (ms): Min: 115.5, Avg: 115.6, Max: 115.7, Diff: 0.3, Sum: 924.9]
      [Termination (ms): Min: 0.0, Avg: 0.1, Max: 0.2, Diff: 0.1, Sum: 0.8]
         [Termination Attempts: Min: 1, Avg: 216.0, Max: 287, Diff: 286, Sum: 1728]
      [GC Worker Other (ms): Min: 0.0, Avg: 0.0, Max: 0.0, Diff: 0.0, Sum: 0.1]
      [GC Worker Total (ms): Min: 146.6, Avg: 146.8, Max: 146.9, Diff: 0.2, Sum: 1174.1]
      [GC Worker End (ms): Min: 49277.0, Avg: 49277.1, Max: 49277.1, Diff: 0.1]
   [Code Root Fixup: 0.0 ms]
   [Code Root Purge: 0.0 ms]
   [Clear CT: 0.2 ms]
   [Other: 1.2 ms]
      [Choose CSet: 0.0 ms]
      [Ref Proc: 0.2 ms]
      [Ref Enq: 0.0 ms]
      [Redirty Cards: 0.4 ms]
      [Humongous Register: 0.1 ms]
      [Humongous Reclaim: 0.0 ms]
      [Free CSet: 0.2 ms]
   [Eden: 208.0M(235.0M)->0.0B(245.0M) Survivors: 31.0M->34.0M Heap: 1151.1M(2048.0M)->1152.6M(2048.0M)]
 [Times: user=1.03 sys=0.00, real=0.15 secs] 
2020-09-29T12:11:44.310+0200: 49.279: [GC concurrent-root-region-scan-start]
2020-09-29T12:11:44.322+0200: 49.292: [GC concurrent-root-region-scan-end, 0.0134709 secs]
2020-09-29T12:11:44.322+0200: 49.292: [GC concurrent-mark-start]
2020-09-29T12:11:44.329+0200: 49.298: [GC concurrent-mark-end, 0.0042292 secs]
2020-09-29T12:11:44.333+0200: 49.302: [GC remark 2020-09-29T12:11:44.333+0200: 49.302: [Finalize Marking, 0.0001829 secs] 2020-09-29T12:11:44.333+0200: 49.302: [GC ref-proc, 0.0004228 secs] 2020-09-29T12:11:44.334+0200: 49.302: [Unloading, 0.0005025 secs], 0.0015059 secs]
 [Times: user=0.00 sys=0.00, real=0.00 secs] 
2020-09-29T12:11:44.335+0200: 49.304: [GC cleanup 1189M->80M(2048M), 0.0013631 secs]
 [Times: user=0.00 sys=0.00, real=0.00 secs] 
2020-09-29T12:11:44.336+0200: 49.305: [GC concurrent-cleanup-start]
2020-09-29T12:11:44.339+0200: 49.307: [GC concurrent-cleanup-end, 0.0022153 secs]
2020-09-29T12:11:44.483+0200: 49.453: [GC pause (G1 Evacuation Pause) (young), 0.1233915 secs]
   [Parallel Time: 122.2 ms, GC Workers: 8]
      [GC Worker Start (ms): Min: 49452.6, Avg: 49452.7, Max: 49452.7, Diff: 0.1]
      [Ext Root Scanning (ms): Min: 0.0, Avg: 0.1, Max: 0.1, Diff: 0.1, Sum: 0.7]
      [Update RS (ms): Min: 14.5, Avg: 14.7, Max: 15.3, Diff: 0.8, Sum: 117.7]
         [Processed Buffers: Min: 14, Avg: 16.0, Max: 18, Diff: 4, Sum: 128]
      [Scan RS (ms): Min: 9.3, Avg: 10.0, Max: 10.2, Diff: 0.8, Sum: 79.6]
      [Code Root Scanning (ms): Min: 0.0, Avg: 0.0, Max: 0.0, Diff: 0.0, Sum: 0.0]
      [Object Copy (ms): Min: 97.1, Avg: 97.2, Max: 97.2, Diff: 0.1, Sum: 777.2]
      [Termination (ms): Min: 0.0, Avg: 0.1, Max: 0.1, Diff: 0.1, Sum: 0.5]
         [Termination Attempts: Min: 1, Avg: 425.6, Max: 541, Diff: 540, Sum: 3405]
      [GC Worker Other (ms): Min: 0.0, Avg: 0.0, Max: 0.1, Diff: 0.0, Sum: 0.3]
      [GC Worker Total (ms): Min: 121.9, Avg: 122.0, Max: 122.0, Diff: 0.1, Sum: 976.1]
      [GC Worker End (ms): Min: 49574.7, Avg: 49574.7, Max: 49574.7, Diff: 0.0]
   [Code Root Fixup: 0.0 ms]
   [Code Root Purge: 0.0 ms]
   [Clear CT: 0.2 ms]
   [Other: 1.0 ms]
      [Choose CSet: 0.0 ms]
      [Ref Proc: 0.2 ms]
      [Ref Enq: 0.0 ms]
      [Redirty Cards: 0.2 ms]
      [Humongous Register: 0.1 ms]
      [Humongous Reclaim: 0.0 ms]
      [Free CSet: 0.3 ms]
   [Eden: 245.0M(245.0M)->0.0B(276.0M) Survivors: 34.0M->35.0M Heap: 331.0M(2048.0M)->299.0M(2048.0M)]
 [Times: user=0.98 sys=0.00, real=0.12 secs] 
2020-09-29T12:11:44.780+0200: 49.749: [GC pause (G1 Evacuation Pause) (young), 0.1620090 secs]
   [Parallel Time: 160.9 ms, GC Workers: 8]
      [GC Worker Start (ms): Min: 49748.9, Avg: 49748.9, Max: 49749.0, Diff: 0.2]
      [Ext Root Scanning (ms): Min: 0.0, Avg: 0.1, Max: 0.1, Diff: 0.1, Sum: 0.6]
      [Update RS (ms): Min: 19.3, Avg: 19.5, Max: 19.8, Diff: 0.5, Sum: 155.7]
         [Processed Buffers: Min: 19, Avg: 20.9, Max: 24, Diff: 5, Sum: 167]
      [Scan RS (ms): Min: 14.2, Avg: 14.6, Max: 14.8, Diff: 0.6, Sum: 116.5]
      [Code Root Scanning (ms): Min: 0.0, Avg: 0.0, Max: 0.0, Diff: 0.0, Sum: 0.0]
      [Object Copy (ms): Min: 126.3, Avg: 126.5, Max: 126.5, Diff: 0.3, Sum: 1011.8]
      [Termination (ms): Min: 0.0, Avg: 0.1, Max: 0.1, Diff: 0.1, Sum: 0.8]
         [Termination Attempts: Min: 1, Avg: 687.0, Max: 875, Diff: 874, Sum: 5496]
      [GC Worker Other (ms): Min: 0.0, Avg: 0.0, Max: 0.1, Diff: 0.1, Sum: 0.3]
      [GC Worker Total (ms): Min: 160.6, Avg: 160.7, Max: 160.8, Diff: 0.2, Sum: 1285.8]
      [GC Worker End (ms): Min: 49909.6, Avg: 49909.6, Max: 49909.7, Diff: 0.1]
   [Code Root Fixup: 0.0 ms]
   [Code Root Purge: 0.0 ms]
   [Clear CT: 0.2 ms]
   [Other: 1.0 ms]
      [Choose CSet: 0.0 ms]
      [Ref Proc: 0.1 ms]
      [Ref Enq: 0.0 ms]
      [Redirty Cards: 0.2 ms]
      [Humongous Register: 0.1 ms]
      [Humongous Reclaim: 0.0 ms]
      [Free CSet: 0.3 ms]
   [Eden: 276.0M(276.0M)->0.0B(281.0M) Survivors: 35.0M->39.0M Heap: 620.7M(2048.0M)->622.7M(2048.0M)]
 [Times: user=1.23 sys=0.00, real=0.16 secs] 
2020-09-29T12:11:45.139+0200: 50.108: [GC pause (G1 Evacuation Pause) (young), 0.2245833 secs]
   [Parallel Time: 222.0 ms, GC Workers: 8]
      [GC Worker Start (ms): Min: 50108.4, Avg: 50112.5, Max: 50141.1, Diff: 32.7]
      [Ext Root Scanning (ms): Min: 0.0, Avg: 0.1, Max: 0.1, Diff: 0.1, Sum: 0.7]
      [Update RS (ms): Min: 0.0, Avg: 27.7, Max: 32.0, Diff: 32.0, Sum: 221.8]
         [Processed Buffers: Min: 0, Avg: 21.1, Max: 31, Diff: 31, Sum: 169]
      [Scan RS (ms): Min: 21.5, Avg: 22.3, Max: 22.6, Diff: 1.1, Sum: 178.6]
      [Code Root Scanning (ms): Min: 0.0, Avg: 0.0, Max: 0.0, Diff: 0.0, Sum: 0.0]
      [Object Copy (ms): Min: 167.3, Avg: 167.4, Max: 167.6, Diff: 0.3, Sum: 1338.9]
      [Termination (ms): Min: 0.0, Avg: 0.2, Max: 0.3, Diff: 0.3, Sum: 1.6]
         [Termination Attempts: Min: 1, Avg: 1030.3, Max: 1585, Diff: 1584, Sum: 8242]
      [GC Worker Other (ms): Min: 0.0, Avg: 0.0, Max: 0.1, Diff: 0.1, Sum: 0.3]
      [GC Worker Total (ms): Min: 189.2, Avg: 217.7, Max: 221.9, Diff: 32.7, Sum: 1741.9]
      [GC Worker End (ms): Min: 50330.2, Avg: 50330.2, Max: 50330.3, Diff: 0.1]
   [Code Root Fixup: 0.0 ms]
   [Code Root Purge: 0.0 ms]
   [Clear CT: 0.9 ms]
   [Other: 1.8 ms]
      [Choose CSet: 0.0 ms]
      [Ref Proc: 0.2 ms]
      [Ref Enq: 0.0 ms]
      [Redirty Cards: 1.0 ms]
      [Humongous Register: 0.1 ms]
      [Humongous Reclaim: 0.0 ms]
      [Free CSet: 0.3 ms]
   [Eden: 281.0M(281.0M)->0.0B(237.0M) Survivors: 39.0M->40.0M Heap: 951.4M(2048.0M)->953.9M(2048.0M)]
 [Times: user=1.51 sys=0.09, real=0.23 secs] 
2020-09-29T12:11:45.381+0200: 50.349: [GC pause (G1 Humongous Allocation) (young) (initial-mark), 0.0514368 secs]
   [Parallel Time: 50.4 ms, GC Workers: 8]
      [GC Worker Start (ms): Min: 50349.6, Avg: 50349.6, Max: 50349.7, Diff: 0.1]
      [Ext Root Scanning (ms): Min: 0.1, Avg: 0.1, Max: 0.1, Diff: 0.1, Sum: 0.7]
      [Update RS (ms): Min: 25.7, Avg: 25.8, Max: 26.1, Diff: 0.4, Sum: 206.5]
         [Processed Buffers: Min: 29, Avg: 30.8, Max: 34, Diff: 5, Sum: 246]
      [Scan RS (ms): Min: 2.6, Avg: 2.9, Max: 3.1, Diff: 0.5, Sum: 23.4]
      [Code Root Scanning (ms): Min: 0.0, Avg: 0.0, Max: 0.0, Diff: 0.0, Sum: 0.0]
      [Object Copy (ms): Min: 21.3, Avg: 21.4, Max: 21.5, Diff: 0.2, Sum: 171.4]
      [Termination (ms): Min: 0.0, Avg: 0.0, Max: 0.0, Diff: 0.0, Sum: 0.2]
         [Termination Attempts: Min: 1, Avg: 146.5, Max: 215, Diff: 214, Sum: 1172]
      [GC Worker Other (ms): Min: 0.0, Avg: 0.0, Max: 0.0, Diff: 0.0, Sum: 0.1]
      [GC Worker Total (ms): Min: 50.3, Avg: 50.3, Max: 50.3, Diff: 0.1, Sum: 402.3]
      [GC Worker End (ms): Min: 50399.9, Avg: 50399.9, Max: 50399.9, Diff: 0.0]
   [Code Root Fixup: 0.0 ms]
   [Code Root Purge: 0.0 ms]
   [Clear CT: 0.2 ms]
   [Other: 0.8 ms]
      [Choose CSet: 0.0 ms]
      [Ref Proc: 0.2 ms]
      [Ref Enq: 0.0 ms]
      [Redirty Cards: 0.2 ms]
      [Humongous Register: 0.1 ms]
      [Humongous Reclaim: 0.0 ms]
      [Free CSet: 0.1 ms]
   [Eden: 11.0M(237.0M)->0.0B(286.0M) Survivors: 40.0M->13.0M Heap: 964.9M(2048.0M)->968.9M(2048.0M)]
 [Times: user=0.38 sys=0.00, real=0.05 secs] 
2020-09-29T12:11:45.432+0200: 50.401: [GC concurrent-root-region-scan-start]
2020-09-29T12:11:45.436+0200: 50.405: [GC concurrent-root-region-scan-end, 0.0037554 secs]
2020-09-29T12:11:45.436+0200: 50.405: [GC concurrent-mark-start]
2020-09-29T12:11:45.440+0200: 50.409: [GC concurrent-mark-end, 0.0044505 secs]
2020-09-29T12:11:45.441+0200: 50.409: [GC remark 2020-09-29T12:11:45.441+0200: 50.409: [Finalize Marking, 0.0002352 secs] 2020-09-29T12:11:45.441+0200: 50.410: [GC ref-proc, 0.0005067 secs] 2020-09-29T12:11:45.441+0200: 50.410: [Unloading, 0.0005553 secs], 0.0019732 secs]
 [Times: user=0.03 sys=0.00, real=0.00 secs] 
2020-09-29T12:11:45.445+0200: 50.414: [GC cleanup 989M->43M(2048M), 0.0015808 secs]
 [Times: user=0.00 sys=0.00, real=0.00 secs] 
2020-09-29T12:11:45.446+0200: 50.415: [GC concurrent-cleanup-start]
2020-09-29T12:11:45.448+0200: 50.417: [GC concurrent-cleanup-end, 0.0017673 secs]
2020-09-29T12:11:45.617+0200: 50.587: [GC pause (G1 Evacuation Pause) (young), 0.1932770 secs]
   [Parallel Time: 191.7 ms, GC Workers: 8]
      [GC Worker Start (ms): Min: 50587.1, Avg: 50587.2, Max: 50587.3, Diff: 0.2]
      [Ext Root Scanning (ms): Min: 0.0, Avg: 0.1, Max: 0.1, Diff: 0.1, Sum: 0.6]
      [Update RS (ms): Min: 18.4, Avg: 19.1, Max: 21.2, Diff: 2.8, Sum: 153.0]
         [Processed Buffers: Min: 0, Avg: 16.4, Max: 20, Diff: 20, Sum: 131]
      [Scan RS (ms): Min: 17.5, Avg: 19.5, Max: 20.3, Diff: 2.8, Sum: 156.3]
      [Code Root Scanning (ms): Min: 0.0, Avg: 0.0, Max: 0.0, Diff: 0.0, Sum: 0.0]
      [Object Copy (ms): Min: 151.8, Avg: 152.2, Max: 152.7, Diff: 0.8, Sum: 1217.2]
      [Termination (ms): Min: 0.1, Avg: 0.5, Max: 0.7, Diff: 0.7, Sum: 4.1]
         [Termination Attempts: Min: 1, Avg: 3064.0, Max: 4540, Diff: 4539, Sum: 24512]
      [GC Worker Other (ms): Min: 0.0, Avg: 0.0, Max: 0.0, Diff: 0.0, Sum: 0.1]
      [GC Worker Total (ms): Min: 191.3, Avg: 191.4, Max: 191.5, Diff: 0.2, Sum: 1531.5]
      [GC Worker End (ms): Min: 50778.6, Avg: 50778.6, Max: 50778.6, Diff: 0.0]
   [Code Root Fixup: 0.0 ms]
   [Code Root Purge: 0.0 ms]
   [Clear CT: 0.2 ms]
   [Other: 1.4 ms]
      [Choose CSet: 0.0 ms]
      [Ref Proc: 0.2 ms]
      [Ref Enq: 0.0 ms]
      [Redirty Cards: 0.2 ms]
      [Humongous Register: 0.1 ms]
      [Humongous Reclaim: 0.0 ms]
      [Free CSet: 0.5 ms]
   [Eden: 286.0M(286.0M)->0.0B(244.0M) Survivors: 13.0M->38.0M Heap: 356.2M(2048.0M)->344.7M(2048.0M)]
 [Times: user=1.39 sys=0.03, real=0.19 secs] 
2020-09-29T12:11:46.037+0200: 51.005: [GC pause (G1 Evacuation Pause) (young), 0.1378380 secs]
   [Parallel Time: 136.7 ms, GC Workers: 8]
      [GC Worker Start (ms): Min: 51005.5, Avg: 51005.6, Max: 51005.7, Diff: 0.2]
      [Ext Root Scanning (ms): Min: 0.0, Avg: 0.1, Max: 0.1, Diff: 0.1, Sum: 0.6]
      [Update RS (ms): Min: 14.4, Avg: 14.5, Max: 14.9, Diff: 0.5, Sum: 116.4]
         [Processed Buffers: Min: 14, Avg: 16.5, Max: 19, Diff: 5, Sum: 132]
      [Scan RS (ms): Min: 12.5, Avg: 12.8, Max: 13.0, Diff: 0.5, Sum: 102.2]
      [Code Root Scanning (ms): Min: 0.0, Avg: 0.0, Max: 0.0, Diff: 0.0, Sum: 0.0]
      [Object Copy (ms): Min: 109.0, Avg: 109.1, Max: 109.2, Diff: 0.2, Sum: 872.7]
      [Termination (ms): Min: 0.0, Avg: 0.0, Max: 0.0, Diff: 0.0, Sum: 0.1]
         [Termination Attempts: Min: 1, Avg: 114.4, Max: 151, Diff: 150, Sum: 915]
      [GC Worker Other (ms): Min: 0.0, Avg: 0.0, Max: 0.1, Diff: 0.1, Sum: 0.3]
      [GC Worker Total (ms): Min: 136.4, Avg: 136.5, Max: 136.6, Diff: 0.2, Sum: 1092.4]
      [GC Worker End (ms): Min: 51142.1, Avg: 51142.1, Max: 51142.2, Diff: 0.1]
   [Code Root Fixup: 0.0 ms]
   [Code Root Purge: 0.0 ms]
   [Clear CT: 0.2 ms]
   [Other: 1.0 ms]
      [Choose CSet: 0.0 ms]
      [Ref Proc: 0.2 ms]
      [Ref Enq: 0.0 ms]
      [Redirty Cards: 0.2 ms]
      [Humongous Register: 0.1 ms]
      [Humongous Reclaim: 0.0 ms]
      [Free CSet: 0.3 ms]
   [Eden: 244.0M(244.0M)->0.0B(265.0M) Survivors: 38.0M->36.0M Heap: 630.6M(2048.0M)->633.6M(2048.0M)]
 [Times: user=1.00 sys=0.00, real=0.14 secs] 
2020-09-29T12:11:46.356+0200: 51.325: [GC pause (G1 Evacuation Pause) (young), 0.1846036 secs]
   [Parallel Time: 183.4 ms, GC Workers: 8]
      [GC Worker Start (ms): Min: 51324.8, Avg: 51324.9, Max: 51325.0, Diff: 0.2]
      [Ext Root Scanning (ms): Min: 0.0, Avg: 0.1, Max: 0.1, Diff: 0.1, Sum: 0.7]
      [Update RS (ms): Min: 21.0, Avg: 21.4, Max: 23.3, Diff: 2.2, Sum: 171.3]
         [Processed Buffers: Min: 0, Avg: 18.6, Max: 23, Diff: 23, Sum: 149]
      [Scan RS (ms): Min: 13.3, Avg: 15.1, Max: 15.5, Diff: 2.3, Sum: 121.0]
      [Code Root Scanning (ms): Min: 0.0, Avg: 0.0, Max: 0.0, Diff: 0.0, Sum: 0.0]
      [Object Copy (ms): Min: 146.3, Avg: 146.4, Max: 146.6, Diff: 0.3, Sum: 1171.2]
      [Termination (ms): Min: 0.0, Avg: 0.2, Max: 0.2, Diff: 0.2, Sum: 1.2]
         [Termination Attempts: Min: 1, Avg: 1100.5, Max: 1451, Diff: 1450, Sum: 8804]
      [GC Worker Other (ms): Min: 0.0, Avg: 0.0, Max: 0.1, Diff: 0.1, Sum: 0.3]
      [GC Worker Total (ms): Min: 183.1, Avg: 183.2, Max: 183.3, Diff: 0.2, Sum: 1465.7]
      [GC Worker End (ms): Min: 51508.1, Avg: 51508.1, Max: 51508.1, Diff: 0.1]
   [Code Root Fixup: 0.0 ms]
   [Code Root Purge: 0.0 ms]
   [Clear CT: 0.2 ms]
   [Other: 1.0 ms]
      [Choose CSet: 0.0 ms]
      [Ref Proc: 0.2 ms]
      [Ref Enq: 0.0 ms]
      [Redirty Cards: 0.3 ms]
      [Humongous Register: 0.1 ms]
      [Humongous Reclaim: 0.0 ms]
      [Free CSet: 0.3 ms]
   [Eden: 265.0M(265.0M)->0.0B(255.0M) Survivors: 36.0M->38.0M Heap: 942.5M(2048.0M)->944.0M(2048.0M)]
 [Times: user=1.44 sys=0.01, real=0.18 secs] 
2020-09-29T12:11:46.579+0200: 51.548: [GC pause (G1 Humongous Allocation) (young) (initial-mark), 0.0618161 secs]
   [Parallel Time: 60.3 ms, GC Workers: 8]
      [GC Worker Start (ms): Min: 51548.7, Avg: 51548.8, Max: 51548.9, Diff: 0.2]
      [Ext Root Scanning (ms): Min: 0.0, Avg: 0.1, Max: 0.3, Diff: 0.3, Sum: 1.1]
      [Update RS (ms): Min: 18.1, Avg: 18.6, Max: 19.6, Diff: 1.6, Sum: 148.8]
         [Processed Buffers: Min: 19, Avg: 19.8, Max: 21, Diff: 2, Sum: 158]
      [Scan RS (ms): Min: 1.5, Avg: 2.5, Max: 3.0, Diff: 1.5, Sum: 20.3]
      [Code Root Scanning (ms): Min: 0.0, Avg: 0.0, Max: 0.0, Diff: 0.0, Sum: 0.0]
      [Object Copy (ms): Min: 38.6, Avg: 38.7, Max: 38.7, Diff: 0.1, Sum: 309.3]
      [Termination (ms): Min: 0.0, Avg: 0.0, Max: 0.1, Diff: 0.1, Sum: 0.3]
         [Termination Attempts: Min: 1, Avg: 250.5, Max: 345, Diff: 344, Sum: 2004]
      [GC Worker Other (ms): Min: 0.0, Avg: 0.0, Max: 0.1, Diff: 0.1, Sum: 0.3]
      [GC Worker Total (ms): Min: 59.9, Avg: 60.0, Max: 60.1, Diff: 0.2, Sum: 480.1]
      [GC Worker End (ms): Min: 51608.8, Avg: 51608.8, Max: 51608.8, Diff: 0.0]
   [Code Root Fixup: 0.0 ms]
   [Code Root Purge: 0.0 ms]
   [Clear CT: 0.6 ms]
   [Other: 0.9 ms]
      [Choose CSet: 0.0 ms]
      [Ref Proc: 0.2 ms]
      [Ref Enq: 0.0 ms]
      [Redirty Cards: 0.2 ms]
      [Humongous Register: 0.1 ms]
      [Humongous Reclaim: 0.0 ms]
      [Free CSet: 0.1 ms]
   [Eden: 52.0M(255.0M)->0.0B(280.0M) Survivors: 38.0M->37.0M Heap: 1003.6M(2048.0M)->1005.6M(2048.0M)]
 [Times: user=0.45 sys=0.00, real=0.06 secs] 
2020-09-29T12:11:46.641+0200: 51.610: [GC concurrent-root-region-scan-start]
2020-09-29T12:11:46.652+0200: 51.621: [GC concurrent-root-region-scan-end, 0.0106338 secs]
2020-09-29T12:11:46.652+0200: 51.621: [GC concurrent-mark-start]
2020-09-29T12:11:46.657+0200: 51.626: [GC concurrent-mark-end, 0.0045479 secs]
2020-09-29T12:11:46.657+0200: 51.626: [GC remark 2020-09-29T12:11:46.657+0200: 51.626: [Finalize Marking, 0.0003334 secs] 2020-09-29T12:11:46.657+0200: 51.626: [GC ref-proc, 0.0004760 secs] 2020-09-29T12:11:46.658+0200: 51.627: [Unloading, 0.0008231 secs], 0.0022846 secs]
 [Times: user=0.00 sys=0.00, real=0.00 secs] 
2020-09-29T12:11:46.660+0200: 51.629: [GC cleanup 1036M->77M(2048M), 0.0016555 secs]
 [Times: user=0.00 sys=0.02, real=0.00 secs] 
2020-09-29T12:11:46.662+0200: 51.630: [GC concurrent-cleanup-start]
2020-09-29T12:11:46.663+0200: 51.632: [GC concurrent-cleanup-end, 0.0015010 secs]
2020-09-29T12:11:46.818+0200: 51.786: [GC pause (G1 Evacuation Pause) (young), 0.2258675 secs]
   [Parallel Time: 224.6 ms, GC Workers: 8]
      [GC Worker Start (ms): Min: 51786.6, Avg: 51790.6, Max: 51818.4, Diff: 31.8]
      [Ext Root Scanning (ms): Min: 0.0, Avg: 0.1, Max: 0.2, Diff: 0.2, Sum: 0.6]
      [Update RS (ms): Min: 0.0, Avg: 15.9, Max: 18.6, Diff: 18.6, Sum: 127.3]
         [Processed Buffers: Min: 0, Avg: 17.3, Max: 23, Diff: 23, Sum: 138]
      [Scan RS (ms): Min: 0.8, Avg: 12.6, Max: 14.6, Diff: 13.9, Sum: 100.4]
      [Code Root Scanning (ms): Min: 0.0, Avg: 0.0, Max: 0.0, Diff: 0.0, Sum: 0.0]
      [Object Copy (ms): Min: 191.1, Avg: 191.5, Max: 191.8, Diff: 0.8, Sum: 1531.8]
      [Termination (ms): Min: 0.0, Avg: 0.4, Max: 0.6, Diff: 0.6, Sum: 2.8]
         [Termination Attempts: Min: 1, Avg: 1595.3, Max: 2369, Diff: 2368, Sum: 12762]
      [GC Worker Other (ms): Min: 0.0, Avg: 0.0, Max: 0.0, Diff: 0.0, Sum: 0.2]
      [GC Worker Total (ms): Min: 192.6, Avg: 220.4, Max: 224.5, Diff: 31.9, Sum: 1763.2]
      [GC Worker End (ms): Min: 52011.0, Avg: 52011.0, Max: 52011.2, Diff: 0.2]
   [Code Root Fixup: 0.0 ms]
   [Code Root Purge: 0.0 ms]
   [Clear CT: 0.2 ms]
   [Other: 1.1 ms]
      [Choose CSet: 0.0 ms]
      [Ref Proc: 0.2 ms]
      [Ref Enq: 0.0 ms]
      [Redirty Cards: 0.3 ms]
      [Humongous Register: 0.1 ms]
      [Humongous Reclaim: 0.0 ms]
      [Free CSet: 0.3 ms]
   [Eden: 280.0M(280.0M)->0.0B(228.0M) Survivors: 37.0M->40.0M Heap: 374.7M(2048.0M)->339.2M(2048.0M)]
 [Times: user=1.51 sys=0.00, real=0.23 secs] 
2020-09-29T12:11:47.226+0200: 52.195: [GC pause (G1 Evacuation Pause) (young), 0.2028483 secs]
   [Parallel Time: 201.6 ms, GC Workers: 8]
      [GC Worker Start (ms): Min: 52195.1, Avg: 52198.8, Max: 52215.7, Diff: 20.6]
      [Ext Root Scanning (ms): Min: 0.0, Avg: 0.1, Max: 0.2, Diff: 0.2, Sum: 0.5]
      [Update RS (ms): Min: 8.6, Avg: 25.6, Max: 29.6, Diff: 21.0, Sum: 204.6]
         [Processed Buffers: Min: 10, Avg: 22.5, Max: 29, Diff: 19, Sum: 180]
      [Scan RS (ms): Min: 10.2, Avg: 10.5, Max: 10.7, Diff: 0.6, Sum: 83.9]
      [Code Root Scanning (ms): Min: 0.0, Avg: 0.0, Max: 0.0, Diff: 0.0, Sum: 0.0]
      [Object Copy (ms): Min: 161.2, Avg: 161.4, Max: 161.7, Diff: 0.5, Sum: 1291.3]
      [Termination (ms): Min: 0.0, Avg: 0.2, Max: 0.3, Diff: 0.3, Sum: 1.9]
         [Termination Attempts: Min: 1, Avg: 1423.6, Max: 1954, Diff: 1953, Sum: 11389]
      [GC Worker Other (ms): Min: 0.0, Avg: 0.1, Max: 0.1, Diff: 0.1, Sum: 0.4]
      [GC Worker Total (ms): Min: 180.9, Avg: 197.8, Max: 201.5, Diff: 20.6, Sum: 1582.8]
      [GC Worker End (ms): Min: 52396.6, Avg: 52396.7, Max: 52396.7, Diff: 0.1]
   [Code Root Fixup: 0.0 ms]
   [Code Root Purge: 0.0 ms]
   [Clear CT: 0.2 ms]
   [Other: 1.0 ms]
      [Choose CSet: 0.0 ms]
      [Ref Proc: 0.2 ms]
      [Ref Enq: 0.0 ms]
      [Redirty Cards: 0.3 ms]
      [Humongous Register: 0.1 ms]
      [Humongous Reclaim: 0.0 ms]
      [Free CSet: 0.2 ms]
   [Eden: 228.0M(228.0M)->0.0B(219.0M) Survivors: 40.0M->34.0M Heap: 605.3M(2048.0M)->607.3M(2048.0M)]
 [Times: user=1.42 sys=0.02, real=0.20 secs] 
2020-09-29T12:11:47.596+0200: 52.564: [GC pause (G1 Evacuation Pause) (young), 0.1467034 secs]
   [Parallel Time: 145.6 ms, GC Workers: 8]
      [GC Worker Start (ms): Min: 52564.6, Avg: 52564.7, Max: 52565.1, Diff: 0.5]
      [Ext Root Scanning (ms): Min: 0.0, Avg: 0.1, Max: 0.2, Diff: 0.1, Sum: 0.7]
      [Update RS (ms): Min: 22.6, Avg: 23.0, Max: 23.4, Diff: 0.9, Sum: 184.1]
         [Processed Buffers: Min: 12, Avg: 19.5, Max: 23, Diff: 11, Sum: 156]
      [Scan RS (ms): Min: 14.8, Avg: 15.1, Max: 15.5, Diff: 0.6, Sum: 120.6]
      [Code Root Scanning (ms): Min: 0.0, Avg: 0.0, Max: 0.0, Diff: 0.0, Sum: 0.0]
      [Object Copy (ms): Min: 107.0, Avg: 107.1, Max: 107.2, Diff: 0.3, Sum: 856.9]
      [Termination (ms): Min: 0.0, Avg: 0.1, Max: 0.1, Diff: 0.1, Sum: 0.6]
         [Termination Attempts: Min: 1, Avg: 525.6, Max: 675, Diff: 674, Sum: 4205]
      [GC Worker Other (ms): Min: 0.0, Avg: 0.0, Max: 0.0, Diff: 0.0, Sum: 0.2]
      [GC Worker Total (ms): Min: 145.0, Avg: 145.4, Max: 145.5, Diff: 0.5, Sum: 1163.3]
      [GC Worker End (ms): Min: 52710.1, Avg: 52710.1, Max: 52710.1, Diff: 0.0]
   [Code Root Fixup: 0.0 ms]
   [Code Root Purge: 0.0 ms]
   [Clear CT: 0.1 ms]
   [Other: 0.9 ms]
      [Choose CSet: 0.0 ms]
      [Ref Proc: 0.2 ms]
      [Ref Enq: 0.0 ms]
      [Redirty Cards: 0.2 ms]
      [Humongous Register: 0.1 ms]
      [Humongous Reclaim: 0.0 ms]
      [Free CSet: 0.2 ms]
   [Eden: 219.0M(219.0M)->0.0B(229.0M) Survivors: 34.0M->32.0M Heap: 862.6M(2048.0M)->864.1M(2048.0M)]
 [Times: user=1.06 sys=0.02, real=0.15 secs] 
2020-09-29T12:11:47.887+0200: 52.856: [GC pause (G1 Evacuation Pause) (young), 0.1912682 secs]
   [Parallel Time: 190.3 ms, GC Workers: 8]
      [GC Worker Start (ms): Min: 52856.0, Avg: 52857.9, Max: 52861.3, Diff: 5.3]
      [Ext Root Scanning (ms): Min: 0.0, Avg: 0.1, Max: 0.2, Diff: 0.2, Sum: 0.5]
      [Update RS (ms): Min: 13.7, Avg: 17.3, Max: 19.2, Diff: 5.5, Sum: 138.2]
         [Processed Buffers: Min: 15, Avg: 18.1, Max: 21, Diff: 6, Sum: 145]
      [Scan RS (ms): Min: 11.2, Avg: 12.1, Max: 16.5, Diff: 5.3, Sum: 97.1]
      [Code Root Scanning (ms): Min: 0.0, Avg: 0.0, Max: 0.0, Diff: 0.0, Sum: 0.0]
      [Object Copy (ms): Min: 154.6, Avg: 158.2, Max: 159.0, Diff: 4.4, Sum: 1265.9]
      [Termination (ms): Min: 0.0, Avg: 0.6, Max: 0.9, Diff: 0.9, Sum: 4.6]
         [Termination Attempts: Min: 1, Avg: 3397.4, Max: 4646, Diff: 4645, Sum: 27179]
      [GC Worker Other (ms): Min: 0.0, Avg: 0.0, Max: 0.0, Diff: 0.0, Sum: 0.1]
      [GC Worker Total (ms): Min: 184.8, Avg: 188.3, Max: 190.1, Diff: 5.3, Sum: 1506.5]
      [GC Worker End (ms): Min: 53046.2, Avg: 53046.2, Max: 53046.2, Diff: 0.0]
   [Code Root Fixup: 0.0 ms]
   [Code Root Purge: 0.0 ms]
   [Clear CT: 0.2 ms]
   [Other: 0.8 ms]
      [Choose CSet: 0.0 ms]
      [Ref Proc: 0.1 ms]
      [Ref Enq: 0.0 ms]
      [Redirty Cards: 0.2 ms]
      [Humongous Register: 0.1 ms]
      [Humongous Reclaim: 0.0 ms]
      [Free CSet: 0.2 ms]
   [Eden: 229.0M(229.0M)->0.0B(220.0M) Survivors: 32.0M->33.0M Heap: 1131.2M(2048.0M)->1133.2M(2048.0M)]
 [Times: user=1.19 sys=0.02, real=0.19 secs] 
2020-09-29T12:11:48.084+0200: 53.054: [GC pause (G1 Humongous Allocation) (young) (initial-mark), 0.0614888 secs]
   [Parallel Time: 60.3 ms, GC Workers: 8]
      [GC Worker Start (ms): Min: 53054.5, Avg: 53054.5, Max: 53054.6, Diff: 0.1]
      [Ext Root Scanning (ms): Min: 0.0, Avg: 0.8, Max: 5.6, Diff: 5.6, Sum: 6.6]
      [Update RS (ms): Min: 24.0, Avg: 29.1, Max: 30.1, Diff: 6.0, Sum: 232.6]
         [Processed Buffers: Min: 29, Avg: 34.5, Max: 37, Diff: 8, Sum: 276]
      [Scan RS (ms): Min: 1.6, Avg: 2.2, Max: 4.2, Diff: 2.6, Sum: 17.9]
      [Code Root Scanning (ms): Min: 0.0, Avg: 0.0, Max: 0.0, Diff: 0.0, Sum: 0.0]
      [Object Copy (ms): Min: 26.1, Avg: 27.8, Max: 28.1, Diff: 2.1, Sum: 222.6]
      [Termination (ms): Min: 0.0, Avg: 0.1, Max: 0.2, Diff: 0.2, Sum: 1.0]
         [Termination Attempts: Min: 1, Avg: 251.4, Max: 317, Diff: 316, Sum: 2011]
      [GC Worker Other (ms): Min: 0.0, Avg: 0.0, Max: 0.0, Diff: 0.0, Sum: 0.1]
      [GC Worker Total (ms): Min: 59.9, Avg: 60.1, Max: 60.3, Diff: 0.3, Sum: 480.8]
      [GC Worker End (ms): Min: 53114.6, Avg: 53114.6, Max: 53114.8, Diff: 0.2]
   [Code Root Fixup: 0.0 ms]
   [Code Root Purge: 0.0 ms]
   [Clear CT: 0.2 ms]
   [Other: 1.0 ms]
      [Choose CSet: 0.0 ms]
      [Ref Proc: 0.2 ms]
      [Ref Enq: 0.0 ms]
      [Redirty Cards: 0.4 ms]
      [Humongous Register: 0.1 ms]
      [Humongous Reclaim: 0.0 ms]
      [Free CSet: 0.1 ms]
   [Eden: 6144.0K(220.0M)->0.0B(230.0M) Survivors: 33.0M->7168.0K Heap: 1138.7M(2048.0M)->1142.7M(2048.0M)]
 [Times: user=0.45 sys=0.02, real=0.06 secs] 
2020-09-29T12:11:48.147+0200: 53.116: [GC concurrent-root-region-scan-start]
2020-09-29T12:11:48.149+0200: 53.118: [GC concurrent-root-region-scan-end, 0.0019665 secs]
2020-09-29T12:11:48.149+0200: 53.118: [GC concurrent-mark-start]
2020-09-29T12:11:48.154+0200: 53.123: [GC concurrent-mark-end, 0.0051347 secs]
2020-09-29T12:11:48.162+0200: 53.131: [GC remark 2020-09-29T12:11:48.163+0200: 53.131: [Finalize Marking, 0.0003078 secs] 2020-09-29T12:11:48.163+0200: 53.132: [GC ref-proc, 0.0006003 secs] 2020-09-29T12:11:48.164+0200: 53.132: [Unloading, 0.0006327 secs], 0.0021956 secs]
 [Times: user=0.00 sys=0.00, real=0.00 secs] 
2020-09-29T12:11:48.165+0200: 53.134: [GC cleanup 1165M->39M(2048M), 0.0022822 secs]
 [Times: user=0.00 sys=0.00, real=0.00 secs] 
2020-09-29T12:11:48.168+0200: 53.137: [GC concurrent-cleanup-start]
2020-09-29T12:11:48.171+0200: 53.140: [GC concurrent-cleanup-end, 0.0033675 secs]
2020-09-29T12:11:48.356+0200: 53.326: [GC pause (G1 Evacuation Pause) (young), 0.2968586 secs]
   [Parallel Time: 295.1 ms, GC Workers: 8]
      [GC Worker Start (ms): Min: 53325.8, Avg: 53325.9, Max: 53326.0, Diff: 0.2]
      [Ext Root Scanning (ms): Min: 0.0, Avg: 0.1, Max: 0.2, Diff: 0.2, Sum: 1.0]
      [Update RS (ms): Min: 34.9, Avg: 35.5, Max: 36.9, Diff: 2.0, Sum: 284.0]
         [Processed Buffers: Min: 8, Avg: 18.5, Max: 23, Diff: 15, Sum: 148]
      [Scan RS (ms): Min: 25.6, Avg: 27.3, Max: 29.1, Diff: 3.5, Sum: 218.1]
      [Code Root Scanning (ms): Min: 0.0, Avg: 0.0, Max: 0.0, Diff: 0.0, Sum: 0.0]
      [Object Copy (ms): Min: 230.1, Avg: 231.6, Max: 232.0, Diff: 1.9, Sum: 1852.4]
      [Termination (ms): Min: 0.1, Avg: 0.3, Max: 0.4, Diff: 0.4, Sum: 2.7]
         [Termination Attempts: Min: 1, Avg: 1101.8, Max: 1352, Diff: 1351, Sum: 8814]
      [GC Worker Other (ms): Min: 0.0, Avg: 0.0, Max: 0.0, Diff: 0.0, Sum: 0.2]
      [GC Worker Total (ms): Min: 294.7, Avg: 294.8, Max: 294.9, Diff: 0.2, Sum: 2358.4]
      [GC Worker End (ms): Min: 53620.6, Avg: 53620.7, Max: 53620.7, Diff: 0.1]
   [Code Root Fixup: 0.0 ms]
   [Code Root Purge: 0.0 ms]
   [Clear CT: 0.3 ms]
   [Other: 1.4 ms]
      [Choose CSet: 0.0 ms]
      [Ref Proc: 0.4 ms]
      [Ref Enq: 0.0 ms]
      [Redirty Cards: 0.4 ms]
      [Humongous Register: 0.1 ms]
      [Humongous Reclaim: 0.0 ms]
      [Free CSet: 0.3 ms]
   [Eden: 230.0M(230.0M)->0.0B(127.0M) Survivors: 7168.0K->30.0M Heap: 287.1M(2048.0M)->282.1M(2048.0M)]
 [Times: user=1.94 sys=0.08, real=0.30 secs] 
2020-09-29T12:11:48.783+0200: 53.753: [GC pause (G1 Evacuation Pause) (young), 0.2014052 secs]
   [Parallel Time: 199.8 ms, GC Workers: 8]
      [GC Worker Start (ms): Min: 53752.7, Avg: 53752.8, Max: 53752.9, Diff: 0.2]
      [Ext Root Scanning (ms): Min: 0.0, Avg: 0.1, Max: 0.2, Diff: 0.2, Sum: 0.9]
      [Update RS (ms): Min: 26.1, Avg: 27.1, Max: 31.9, Diff: 5.8, Sum: 216.6]
         [Processed Buffers: Min: 0, Avg: 16.5, Max: 21, Diff: 21, Sum: 132]
      [Scan RS (ms): Min: 3.2, Avg: 8.3, Max: 9.5, Diff: 6.2, Sum: 66.5]
      [Code Root Scanning (ms): Min: 0.0, Avg: 0.0, Max: 0.0, Diff: 0.0, Sum: 0.0]
      [Object Copy (ms): Min: 163.0, Avg: 164.0, Max: 164.2, Diff: 1.2, Sum: 1311.7]
      [Termination (ms): Min: 0.0, Avg: 0.1, Max: 0.1, Diff: 0.1, Sum: 0.4]
         [Termination Attempts: Min: 1, Avg: 32.6, Max: 57, Diff: 56, Sum: 261]
      [GC Worker Other (ms): Min: 0.0, Avg: 0.0, Max: 0.0, Diff: 0.0, Sum: 0.2]
      [GC Worker Total (ms): Min: 199.4, Avg: 199.5, Max: 199.6, Diff: 0.2, Sum: 1596.4]
      [GC Worker End (ms): Min: 53952.3, Avg: 53952.4, Max: 53952.4, Diff: 0.0]
   [Code Root Fixup: 0.0 ms]
   [Code Root Purge: 0.0 ms]
   [Clear CT: 0.3 ms]
   [Other: 1.3 ms]
      [Choose CSet: 0.0 ms]
      [Ref Proc: 0.4 ms]
      [Ref Enq: 0.0 ms]
      [Redirty Cards: 0.4 ms]
      [Humongous Register: 0.0 ms]
      [Humongous Reclaim: 0.0 ms]
      [Free CSet: 0.2 ms]
   [Eden: 127.0M(127.0M)->0.0B(122.0M) Survivors: 30.0M->20.0M Heap: 430.0M(2048.0M)->431.5M(2048.0M)]
 [Times: user=1.36 sys=0.00, real=0.20 secs] 
2020-09-29T12:11:49.106+0200: 54.075: [GC pause (G1 Evacuation Pause) (young), 0.1576425 secs]
   [Parallel Time: 156.1 ms, GC Workers: 8]
      [GC Worker Start (ms): Min: 54075.4, Avg: 54078.3, Max: 54087.0, Diff: 11.6]
      [Ext Root Scanning (ms): Min: 0.0, Avg: 0.1, Max: 0.2, Diff: 0.2, Sum: 0.9]
      [Update RS (ms): Min: 14.0, Avg: 23.1, Max: 26.4, Diff: 12.4, Sum: 184.5]
         [Processed Buffers: Min: 10, Avg: 14.5, Max: 18, Diff: 8, Sum: 116]
      [Scan RS (ms): Min: 7.4, Avg: 8.6, Max: 11.7, Diff: 4.2, Sum: 68.5]
      [Code Root Scanning (ms): Min: 0.0, Avg: 0.0, Max: 0.0, Diff: 0.0, Sum: 0.0]
      [Object Copy (ms): Min: 118.5, Avg: 121.3, Max: 121.8, Diff: 3.3, Sum: 970.3]
      [Termination (ms): Min: 0.0, Avg: 0.0, Max: 0.0, Diff: 0.0, Sum: 0.1]
         [Termination Attempts: Min: 1, Avg: 24.6, Max: 37, Diff: 36, Sum: 197]
      [GC Worker Other (ms): Min: 0.0, Avg: 0.0, Max: 0.1, Diff: 0.0, Sum: 0.3]
      [GC Worker Total (ms): Min: 144.3, Avg: 153.1, Max: 155.9, Diff: 11.6, Sum: 1224.6]
      [GC Worker End (ms): Min: 54231.3, Avg: 54231.3, Max: 54231.4, Diff: 0.0]
   [Code Root Fixup: 0.0 ms]
   [Code Root Purge: 0.0 ms]
   [Clear CT: 0.3 ms]
   [Other: 1.2 ms]
      [Choose CSet: 0.0 ms]
      [Ref Proc: 0.2 ms]
      [Ref Enq: 0.0 ms]
      [Redirty Cards: 0.4 ms]
      [Humongous Register: 0.1 ms]
      [Humongous Reclaim: 0.0 ms]
      [Free CSet: 0.2 ms]
   [Eden: 122.0M(122.0M)->0.0B(128.0M) Survivors: 20.0M->18.0M Heap: 572.6M(2048.0M)->574.6M(2048.0M)]
 [Times: user=1.06 sys=0.00, real=0.16 secs] 
2020-09-29T12:11:49.394+0200: 54.363: [GC pause (G1 Evacuation Pause) (young), 0.1564166 secs]
   [Parallel Time: 154.8 ms, GC Workers: 8]
      [GC Worker Start (ms): Min: 54363.3, Avg: 54367.1, Max: 54373.8, Diff: 10.5]
      [Ext Root Scanning (ms): Min: 0.0, Avg: 0.2, Max: 1.3, Diff: 1.3, Sum: 2.0]
      [Update RS (ms): Min: 12.5, Avg: 19.2, Max: 23.7, Diff: 11.2, Sum: 153.4]
         [Processed Buffers: Min: 8, Avg: 13.5, Max: 20, Diff: 12, Sum: 108]
      [Scan RS (ms): Min: 7.9, Avg: 8.5, Max: 8.7, Diff: 0.8, Sum: 67.7]
      [Code Root Scanning (ms): Min: 0.0, Avg: 0.0, Max: 0.0, Diff: 0.0, Sum: 0.0]
      [Object Copy (ms): Min: 122.7, Avg: 122.8, Max: 122.9, Diff: 0.2, Sum: 982.2]
      [Termination (ms): Min: 0.1, Avg: 0.2, Max: 0.3, Diff: 0.2, Sum: 1.3]
         [Termination Attempts: Min: 1, Avg: 330.8, Max: 400, Diff: 399, Sum: 2646]
      [GC Worker Other (ms): Min: 0.0, Avg: 0.0, Max: 0.0, Diff: 0.0, Sum: 0.1]
      [GC Worker Total (ms): Min: 144.1, Avg: 150.8, Max: 154.6, Diff: 10.5, Sum: 1206.7]
      [GC Worker End (ms): Min: 54517.9, Avg: 54517.9, Max: 54518.0, Diff: 0.1]
   [Code Root Fixup: 0.0 ms]
   [Code Root Purge: 0.0 ms]
   [Clear CT: 0.3 ms]
   [Other: 1.3 ms]
      [Choose CSet: 0.0 ms]
      [Ref Proc: 0.4 ms]
      [Ref Enq: 0.0 ms]
      [Redirty Cards: 0.3 ms]
      [Humongous Register: 0.1 ms]
      [Humongous Reclaim: 0.0 ms]
      [Free CSet: 0.2 ms]
   [Eden: 128.0M(128.0M)->0.0B(135.0M) Survivors: 18.0M->19.0M Heap: 725.5M(2048.0M)->727.0M(2048.0M)]
 [Times: user=1.11 sys=0.00, real=0.16 secs] 
2020-09-29T12:11:49.670+0200: 54.639: [GC pause (G1 Evacuation Pause) (young), 0.1499429 secs]
   [Parallel Time: 148.2 ms, GC Workers: 8]
      [GC Worker Start (ms): Min: 54639.2, Avg: 54639.3, Max: 54639.6, Diff: 0.4]
      [Ext Root Scanning (ms): Min: 0.0, Avg: 0.1, Max: 0.2, Diff: 0.2, Sum: 0.9]
      [Update RS (ms): Min: 18.8, Avg: 19.2, Max: 19.6, Diff: 0.8, Sum: 153.3]
         [Processed Buffers: Min: 11, Avg: 12.9, Max: 14, Diff: 3, Sum: 103]
      [Scan RS (ms): Min: 8.5, Avg: 8.9, Max: 9.3, Diff: 0.8, Sum: 71.5]
      [Code Root Scanning (ms): Min: 0.0, Avg: 0.0, Max: 0.0, Diff: 0.0, Sum: 0.0]
      [Object Copy (ms): Min: 119.5, Avg: 119.7, Max: 119.7, Diff: 0.2, Sum: 957.2]
      [Termination (ms): Min: 0.0, Avg: 0.0, Max: 0.0, Diff: 0.0, Sum: 0.1]
         [Termination Attempts: Min: 1, Avg: 38.4, Max: 49, Diff: 48, Sum: 307]
      [GC Worker Other (ms): Min: 0.0, Avg: 0.0, Max: 0.1, Diff: 0.1, Sum: 0.3]
      [GC Worker Total (ms): Min: 147.6, Avg: 147.9, Max: 148.0, Diff: 0.4, Sum: 1183.4]
      [GC Worker End (ms): Min: 54787.2, Avg: 54787.2, Max: 54787.3, Diff: 0.1]
   [Code Root Fixup: 0.0 ms]
   [Code Root Purge: 0.0 ms]
   [Clear CT: 0.3 ms]
   [Other: 1.4 ms]
      [Choose CSet: 0.0 ms]
      [Ref Proc: 0.4 ms]
      [Ref Enq: 0.0 ms]
      [Redirty Cards: 0.4 ms]
      [Humongous Register: 0.1 ms]
      [Humongous Reclaim: 0.0 ms]
      [Free CSet: 0.2 ms]
   [Eden: 135.0M(135.0M)->0.0B(145.0M) Survivors: 19.0M->20.0M Heap: 883.0M(2048.0M)->884.5M(2048.0M)]
 [Times: user=1.16 sys=0.03, real=0.15 secs] 
2020-09-29T12:11:49.968+0200: 54.937: [GC pause (G1 Evacuation Pause) (young), 0.1760248 secs]
   [Parallel Time: 174.6 ms, GC Workers: 8]
      [GC Worker Start (ms): Min: 54937.3, Avg: 54937.4, Max: 54937.9, Diff: 0.6]
      [Ext Root Scanning (ms): Min: 0.0, Avg: 0.1, Max: 0.2, Diff: 0.2, Sum: 0.9]
      [Update RS (ms): Min: 21.4, Avg: 21.9, Max: 22.8, Diff: 1.4, Sum: 175.6]
         [Processed Buffers: Min: 13, Avg: 14.9, Max: 16, Diff: 3, Sum: 119]
      [Scan RS (ms): Min: 7.9, Avg: 8.9, Max: 9.9, Diff: 2.0, Sum: 71.0]
      [Code Root Scanning (ms): Min: 0.0, Avg: 0.0, Max: 0.0, Diff: 0.0, Sum: 0.0]
      [Object Copy (ms): Min: 142.3, Avg: 142.9, Max: 143.2, Diff: 0.9, Sum: 1143.2]
      [Termination (ms): Min: 0.0, Avg: 0.3, Max: 0.7, Diff: 0.7, Sum: 2.4]
         [Termination Attempts: Min: 1, Avg: 271.3, Max: 396, Diff: 395, Sum: 2170]
      [GC Worker Other (ms): Min: 0.0, Avg: 0.0, Max: 0.0, Diff: 0.0, Sum: 0.1]
      [GC Worker Total (ms): Min: 174.0, Avg: 174.2, Max: 174.5, Diff: 0.6, Sum: 1393.2]
      [GC Worker End (ms): Min: 55111.5, Avg: 55111.6, Max: 55111.9, Diff: 0.4]
   [Code Root Fixup: 0.0 ms]
   [Code Root Purge: 0.0 ms]
   [Clear CT: 0.3 ms]
   [Other: 1.1 ms]
      [Choose CSet: 0.0 ms]
      [Ref Proc: 0.3 ms]
      [Ref Enq: 0.0 ms]
      [Redirty Cards: 0.3 ms]
      [Humongous Register: 0.1 ms]
      [Humongous Reclaim: 0.0 ms]
      [Free CSet: 0.2 ms]
   [Eden: 145.0M(145.0M)->0.0B(148.0M) Survivors: 20.0M->21.0M Heap: 1054.3M(2048.0M)->1055.8M(2048.0M)]
 [Times: user=1.23 sys=0.00, real=0.18 secs] 
2020-09-29T12:11:50.165+0200: 55.134: [GC pause (G1 Humongous Allocation) (young) (initial-mark), 0.0560637 secs]
   [Parallel Time: 54.7 ms, GC Workers: 8]
      [GC Worker Start (ms): Min: 55134.7, Avg: 55135.0, Max: 55135.4, Diff: 0.7]
      [Ext Root Scanning (ms): Min: 0.0, Avg: 0.5, Max: 0.7, Diff: 0.7, Sum: 3.9]
      [Update RS (ms): Min: 21.6, Avg: 22.6, Max: 24.1, Diff: 2.6, Sum: 180.5]
         [Processed Buffers: Min: 9, Avg: 15.9, Max: 19, Diff: 10, Sum: 127]
      [Scan RS (ms): Min: 0.7, Avg: 2.3, Max: 2.9, Diff: 2.2, Sum: 18.1]
      [Code Root Scanning (ms): Min: 0.0, Avg: 0.0, Max: 0.0, Diff: 0.0, Sum: 0.0]
      [Object Copy (ms): Min: 28.7, Avg: 28.8, Max: 28.9, Diff: 0.2, Sum: 230.5]
      [Termination (ms): Min: 0.0, Avg: 0.1, Max: 0.2, Diff: 0.2, Sum: 0.6]
         [Termination Attempts: Min: 1, Avg: 16.5, Max: 27, Diff: 26, Sum: 132]
      [GC Worker Other (ms): Min: 0.0, Avg: 0.0, Max: 0.0, Diff: 0.0, Sum: 0.1]
      [GC Worker Total (ms): Min: 53.8, Avg: 54.2, Max: 54.5, Diff: 0.7, Sum: 433.6]
      [GC Worker End (ms): Min: 55189.2, Avg: 55189.2, Max: 55189.4, Diff: 0.2]
   [Code Root Fixup: 0.0 ms]
   [Code Root Purge: 0.0 ms]
   [Clear CT: 0.2 ms]
   [Other: 1.1 ms]
      [Choose CSet: 0.0 ms]
      [Ref Proc: 0.3 ms]
      [Ref Enq: 0.0 ms]
      [Redirty Cards: 0.3 ms]
      [Humongous Register: 0.1 ms]
      [Humongous Reclaim: 0.0 ms]
      [Free CSet: 0.1 ms]
   [Eden: 6144.0K(148.0M)->0.0B(160.0M) Survivors: 21.0M->8192.0K Heap: 1061.8M(2048.0M)->1065.3M(2048.0M)]
 [Times: user=0.28 sys=0.00, real=0.06 secs] 
2020-09-29T12:11:50.221+0200: 55.191: [GC concurrent-root-region-scan-start]
2020-09-29T12:11:50.225+0200: 55.194: [GC concurrent-root-region-scan-end, 0.0035157 secs]
2020-09-29T12:11:50.225+0200: 55.194: [GC concurrent-mark-start]
2020-09-29T12:11:50.231+0200: 55.200: [GC concurrent-mark-end, 0.0054871 secs]
2020-09-29T12:11:50.231+0200: 55.200: [GC remark 2020-09-29T12:11:50.231+0200: 55.201: [Finalize Marking, 0.0004872 secs] 2020-09-29T12:11:50.232+0200: 55.201: [GC ref-proc, 0.0005902 secs] 2020-09-29T12:11:50.232+0200: 55.202: [Unloading, 0.0008759 secs], 0.0026329 secs]
 [Times: user=0.00 sys=0.00, real=0.00 secs] 
2020-09-29T12:11:50.234+0200: 55.204: [GC cleanup 1078M->30M(2048M), 0.0022325 secs]
 [Times: user=0.00 sys=0.00, real=0.00 secs] 
2020-09-29T12:11:50.237+0200: 55.206: [GC concurrent-cleanup-start]
2020-09-29T12:11:50.240+0200: 55.209: [GC concurrent-cleanup-end, 0.0030523 secs]
2020-09-29T12:11:50.378+0200: 55.347: [GC pause (G1 Evacuation Pause) (young), 0.1589489 secs]
   [Parallel Time: 157.5 ms, GC Workers: 8]
      [GC Worker Start (ms): Min: 55347.3, Avg: 55347.3, Max: 55347.4, Diff: 0.1]
      [Ext Root Scanning (ms): Min: 0.1, Avg: 0.1, Max: 0.2, Diff: 0.1, Sum: 0.9]
      [Update RS (ms): Min: 18.8, Avg: 19.2, Max: 19.6, Diff: 0.8, Sum: 153.9]
         [Processed Buffers: Min: 1, Avg: 11.8, Max: 14, Diff: 13, Sum: 94]
      [Scan RS (ms): Min: 10.0, Avg: 10.4, Max: 10.7, Diff: 0.7, Sum: 82.9]
      [Code Root Scanning (ms): Min: 0.0, Avg: 0.0, Max: 0.0, Diff: 0.0, Sum: 0.0]
      [Object Copy (ms): Min: 127.5, Avg: 127.5, Max: 127.6, Diff: 0.1, Sum: 1020.1]
      [Termination (ms): Min: 0.0, Avg: 0.0, Max: 0.0, Diff: 0.0, Sum: 0.2]
         [Termination Attempts: Min: 1, Avg: 82.8, Max: 103, Diff: 102, Sum: 662]
      [GC Worker Other (ms): Min: 0.0, Avg: 0.1, Max: 0.1, Diff: 0.1, Sum: 0.4]
      [GC Worker Total (ms): Min: 157.2, Avg: 157.3, Max: 157.4, Diff: 0.2, Sum: 1258.4]
      [GC Worker End (ms): Min: 55504.6, Avg: 55504.6, Max: 55504.7, Diff: 0.1]
   [Code Root Fixup: 0.0 ms]
   [Code Root Purge: 0.0 ms]
   [Clear CT: 0.2 ms]
   [Other: 1.2 ms]
      [Choose CSet: 0.0 ms]
      [Ref Proc: 0.3 ms]
      [Ref Enq: 0.0 ms]
      [Redirty Cards: 0.3 ms]
      [Humongous Register: 0.1 ms]
      [Humongous Reclaim: 0.0 ms]
      [Free CSet: 0.2 ms]
   [Eden: 160.0M(160.0M)->0.0B(154.0M) Survivors: 8192.0K->21.0M Heap: 204.2M(2048.0M)->199.2M(2048.0M)]
 [Times: user=1.11 sys=0.02, real=0.16 secs] 
2020-09-29T12:11:50.681+0200: 55.650: [GC pause (G1 Evacuation Pause) (young), 0.2108709 secs]
   [Parallel Time: 209.5 ms, GC Workers: 8]
      [GC Worker Start (ms): Min: 55650.4, Avg: 55653.4, Max: 55674.3, Diff: 24.0]
      [Ext Root Scanning (ms): Min: 0.0, Avg: 0.1, Max: 0.2, Diff: 0.2, Sum: 0.8]
      [Update RS (ms): Min: 0.0, Avg: 18.5, Max: 21.4, Diff: 21.4, Sum: 147.6]
         [Processed Buffers: Min: 0, Avg: 13.3, Max: 17, Diff: 17, Sum: 106]
      [Scan RS (ms): Min: 10.3, Avg: 13.2, Max: 15.7, Diff: 5.3, Sum: 105.5]
      [Code Root Scanning (ms): Min: 0.0, Avg: 0.0, Max: 0.0, Diff: 0.0, Sum: 0.0]
      [Object Copy (ms): Min: 172.4, Avg: 174.2, Max: 174.8, Diff: 2.3, Sum: 1393.4]
      [Termination (ms): Min: 0.1, Avg: 0.3, Max: 0.7, Diff: 0.5, Sum: 2.5]
         [Termination Attempts: Min: 1, Avg: 769.8, Max: 976, Diff: 975, Sum: 6158]
      [GC Worker Other (ms): Min: 0.0, Avg: 0.0, Max: 0.0, Diff: 0.0, Sum: 0.1]
      [GC Worker Total (ms): Min: 185.3, Avg: 206.2, Max: 209.3, Diff: 24.0, Sum: 1649.9]
      [GC Worker End (ms): Min: 55859.7, Avg: 55859.7, Max: 55859.7, Diff: 0.1]
   [Code Root Fixup: 0.0 ms]
   [Code Root Purge: 0.0 ms]
   [Clear CT: 0.2 ms]
   [Other: 1.1 ms]
      [Choose CSet: 0.0 ms]
      [Ref Proc: 0.3 ms]
      [Ref Enq: 0.0 ms]
      [Redirty Cards: 0.2 ms]
      [Humongous Register: 0.1 ms]
      [Humongous Reclaim: 0.0 ms]
      [Free CSet: 0.2 ms]
   [Eden: 154.0M(154.0M)->0.0B(142.0M) Survivors: 21.0M->22.0M Heap: 379.9M(2048.0M)->382.9M(2048.0M)]
 [Times: user=1.25 sys=0.00, real=0.21 secs] 
2020-09-29T12:11:51.039+0200: 56.008: [GC pause (G1 Evacuation Pause) (young), 0.2090747 secs]
   [Parallel Time: 207.6 ms, GC Workers: 8]
      [GC Worker Start (ms): Min: 56008.3, Avg: 56012.7, Max: 56039.0, Diff: 30.7]
      [Ext Root Scanning (ms): Min: 0.0, Avg: 0.1, Max: 0.2, Diff: 0.2, Sum: 0.9]
      [Update RS (ms): Min: 0.0, Avg: 20.0, Max: 23.7, Diff: 23.7, Sum: 160.2]
         [Processed Buffers: Min: 0, Avg: 13.6, Max: 18, Diff: 18, Sum: 109]
      [Scan RS (ms): Min: 4.5, Avg: 10.7, Max: 12.5, Diff: 8.0, Sum: 85.7]
      [Code Root Scanning (ms): Min: 0.0, Avg: 0.0, Max: 0.0, Diff: 0.0, Sum: 0.0]
      [Object Copy (ms): Min: 171.7, Avg: 172.1, Max: 172.2, Diff: 0.5, Sum: 1377.1]
      [Termination (ms): Min: 0.0, Avg: 0.1, Max: 0.2, Diff: 0.1, Sum: 0.9]
         [Termination Attempts: Min: 1, Avg: 227.6, Max: 341, Diff: 340, Sum: 1821]
      [GC Worker Other (ms): Min: 0.0, Avg: 0.0, Max: 0.1, Diff: 0.0, Sum: 0.2]
      [GC Worker Total (ms): Min: 176.8, Avg: 203.1, Max: 207.5, Diff: 30.7, Sum: 1625.0]
      [GC Worker End (ms): Min: 56215.8, Avg: 56215.8, Max: 56215.8, Diff: 0.0]
   [Code Root Fixup: 0.0 ms]
   [Code Root Purge: 0.0 ms]
   [Clear CT: 0.3 ms]
   [Other: 1.2 ms]
      [Choose CSet: 0.0 ms]
      [Ref Proc: 0.2 ms]
      [Ref Enq: 0.0 ms]
      [Redirty Cards: 0.3 ms]
      [Humongous Register: 0.1 ms]
      [Humongous Reclaim: 0.0 ms]
      [Free CSet: 0.2 ms]
   [Eden: 142.0M(142.0M)->0.0B(132.0M) Survivors: 22.0M->21.0M Heap: 547.8M(2048.0M)->549.3M(2048.0M)]
 [Times: user=1.30 sys=0.02, real=0.21 secs] 
2020-09-29T12:11:51.392+0200: 56.361: [GC pause (G1 Evacuation Pause) (young), 0.1605639 secs]
   [Parallel Time: 158.7 ms, GC Workers: 8]
      [GC Worker Start (ms): Min: 56361.4, Avg: 56361.5, Max: 56361.6, Diff: 0.2]
      [Ext Root Scanning (ms): Min: 0.0, Avg: 0.1, Max: 0.2, Diff: 0.2, Sum: 0.9]
      [Update RS (ms): Min: 18.5, Avg: 18.7, Max: 19.0, Diff: 0.5, Sum: 149.6]
         [Processed Buffers: Min: 10, Avg: 13.1, Max: 16, Diff: 6, Sum: 105]
      [Scan RS (ms): Min: 9.4, Avg: 9.7, Max: 10.0, Diff: 0.6, Sum: 77.7]
      [Code Root Scanning (ms): Min: 0.0, Avg: 0.0, Max: 0.0, Diff: 0.0, Sum: 0.0]
      [Object Copy (ms): Min: 129.8, Avg: 129.9, Max: 130.0, Diff: 0.2, Sum: 1039.1]
      [Termination (ms): Min: 0.0, Avg: 0.1, Max: 0.1, Diff: 0.1, Sum: 0.5]
         [Termination Attempts: Min: 1, Avg: 64.6, Max: 116, Diff: 115, Sum: 517]
      [GC Worker Other (ms): Min: 0.0, Avg: 0.0, Max: 0.0, Diff: 0.0, Sum: 0.2]
      [GC Worker Total (ms): Min: 158.4, Avg: 158.5, Max: 158.6, Diff: 0.2, Sum: 1268.1]
      [GC Worker End (ms): Min: 56520.0, Avg: 56520.0, Max: 56520.0, Diff: 0.0]
   [Code Root Fixup: 0.0 ms]
   [Code Root Purge: 0.0 ms]
   [Clear CT: 0.5 ms]
   [Other: 1.4 ms]
      [Choose CSet: 0.0 ms]
      [Ref Proc: 0.3 ms]
      [Ref Enq: 0.0 ms]
      [Redirty Cards: 0.4 ms]
      [Humongous Register: 0.1 ms]
      [Humongous Reclaim: 0.0 ms]
      [Free CSet: 0.2 ms]
   [Eden: 132.0M(132.0M)->0.0B(140.0M) Survivors: 21.0M->20.0M Heap: 704.2M(2048.0M)->706.2M(2048.0M)]
 [Times: user=1.11 sys=0.00, real=0.16 secs] 
2020-09-29T12:11:51.732+0200: 56.702: [GC pause (G1 Evacuation Pause) (young), 0.1535654 secs]
   [Parallel Time: 152.2 ms, GC Workers: 8]
      [GC Worker Start (ms): Min: 56702.0, Avg: 56702.6, Max: 56703.6, Diff: 1.6]
      [Ext Root Scanning (ms): Min: 0.0, Avg: 0.1, Max: 0.3, Diff: 0.2, Sum: 0.9]
      [Update RS (ms): Min: 20.1, Avg: 21.0, Max: 22.4, Diff: 2.2, Sum: 168.0]
         [Processed Buffers: Min: 12, Avg: 14.4, Max: 17, Diff: 5, Sum: 115]
      [Scan RS (ms): Min: 8.1, Avg: 9.0, Max: 9.5, Diff: 1.4, Sum: 72.1]
      [Code Root Scanning (ms): Min: 0.0, Avg: 0.0, Max: 0.0, Diff: 0.0, Sum: 0.0]
      [Object Copy (ms): Min: 121.1, Avg: 121.2, Max: 121.3, Diff: 0.1, Sum: 969.7]
      [Termination (ms): Min: 0.0, Avg: 0.0, Max: 0.0, Diff: 0.0, Sum: 0.1]
         [Termination Attempts: Min: 1, Avg: 41.3, Max: 62, Diff: 61, Sum: 330]
      [GC Worker Other (ms): Min: 0.0, Avg: 0.0, Max: 0.1, Diff: 0.1, Sum: 0.4]
      [GC Worker Total (ms): Min: 150.4, Avg: 151.4, Max: 152.0, Diff: 1.6, Sum: 1211.2]
      [GC Worker End (ms): Min: 56854.0, Avg: 56854.0, Max: 56854.1, Diff: 0.1]
   [Code Root Fixup: 0.0 ms]
   [Code Root Purge: 0.0 ms]
   [Clear CT: 0.2 ms]
   [Other: 1.1 ms]
      [Choose CSet: 0.0 ms]
      [Ref Proc: 0.2 ms]
      [Ref Enq: 0.0 ms]
      [Redirty Cards: 0.3 ms]
      [Humongous Register: 0.1 ms]
      [Humongous Reclaim: 0.0 ms]
      [Free CSet: 0.2 ms]
   [Eden: 140.0M(140.0M)->0.0B(149.0M) Survivors: 20.0M->20.0M Heap: 869.1M(2048.0M)->871.1M(2048.0M)]
 [Times: user=1.13 sys=0.00, real=0.15 secs] 
2020-09-29T12:11:52.049+0200: 57.019: [GC pause (G1 Evacuation Pause) (young), 0.1677527 secs]
   [Parallel Time: 166.2 ms, GC Workers: 8]
      [GC Worker Start (ms): Min: 57018.9, Avg: 57019.3, Max: 57020.9, Diff: 2.0]
      [Ext Root Scanning (ms): Min: 0.0, Avg: 0.1, Max: 0.2, Diff: 0.2, Sum: 0.9]
      [Update RS (ms): Min: 18.5, Avg: 19.8, Max: 20.7, Diff: 2.1, Sum: 158.0]
         [Processed Buffers: Min: 11, Avg: 12.9, Max: 15, Diff: 4, Sum: 103]
      [Scan RS (ms): Min: 10.6, Avg: 11.3, Max: 12.1, Diff: 1.5, Sum: 90.1]
      [Code Root Scanning (ms): Min: 0.0, Avg: 0.0, Max: 0.0, Diff: 0.0, Sum: 0.0]
      [Object Copy (ms): Min: 133.2, Avg: 134.3, Max: 134.5, Diff: 1.3, Sum: 1074.2]
      [Termination (ms): Min: 0.0, Avg: 0.1, Max: 0.1, Diff: 0.1, Sum: 0.5]
         [Termination Attempts: Min: 1, Avg: 224.5, Max: 321, Diff: 320, Sum: 1796]
      [GC Worker Other (ms): Min: 0.0, Avg: 0.0, Max: 0.1, Diff: 0.1, Sum: 0.3]
      [GC Worker Total (ms): Min: 164.0, Avg: 165.5, Max: 166.0, Diff: 2.0, Sum: 1324.1]
      [GC Worker End (ms): Min: 57184.8, Avg: 57184.8, Max: 57184.9, Diff: 0.1]
   [Code Root Fixup: 0.0 ms]
   [Code Root Purge: 0.0 ms]
   [Clear CT: 0.4 ms]
   [Other: 1.1 ms]
      [Choose CSet: 0.0 ms]
      [Ref Proc: 0.2 ms]
      [Ref Enq: 0.0 ms]
      [Redirty Cards: 0.3 ms]
      [Humongous Register: 0.1 ms]
      [Humongous Reclaim: 0.0 ms]
      [Free CSet: 0.2 ms]
   [Eden: 149.0M(149.0M)->0.0B(152.0M) Survivors: 20.0M->22.0M Heap: 1044.9M(2048.0M)->1047.4M(2048.0M)]
 [Times: user=1.22 sys=0.01, real=0.17 secs] 
2020-09-29T12:11:52.238+0200: 57.208: [GC pause (G1 Humongous Allocation) (young) (initial-mark), 0.0636088 secs]
   [Parallel Time: 62.2 ms, GC Workers: 8]
      [GC Worker Start (ms): Min: 57208.3, Avg: 57209.2, Max: 57209.7, Diff: 1.4]
      [Ext Root Scanning (ms): Min: 0.1, Avg: 4.0, Max: 18.0, Diff: 17.9, Sum: 31.9]
      [Update RS (ms): Min: 14.6, Avg: 27.7, Max: 31.6, Diff: 17.0, Sum: 221.6]
         [Processed Buffers: Min: 6, Avg: 17.3, Max: 22, Diff: 16, Sum: 138]
      [Scan RS (ms): Min: 1.8, Avg: 2.6, Max: 4.4, Diff: 2.6, Sum: 20.5]
      [Code Root Scanning (ms): Min: 0.0, Avg: 0.0, Max: 0.0, Diff: 0.0, Sum: 0.0]
      [Object Copy (ms): Min: 25.1, Avg: 26.8, Max: 27.1, Diff: 1.9, Sum: 214.1]
      [Termination (ms): Min: 0.0, Avg: 0.1, Max: 0.2, Diff: 0.2, Sum: 0.7]
         [Termination Attempts: Min: 1, Avg: 9.5, Max: 22, Diff: 21, Sum: 76]
      [GC Worker Other (ms): Min: 0.0, Avg: 0.0, Max: 0.0, Diff: 0.0, Sum: 0.1]
      [GC Worker Total (ms): Min: 60.6, Avg: 61.1, Max: 62.1, Diff: 1.5, Sum: 488.9]
      [GC Worker End (ms): Min: 57270.3, Avg: 57270.3, Max: 57270.4, Diff: 0.0]
   [Code Root Fixup: 0.0 ms]
   [Code Root Purge: 0.0 ms]
   [Clear CT: 0.3 ms]
   [Other: 1.1 ms]
      [Choose CSet: 0.0 ms]
      [Ref Proc: 0.3 ms]
      [Ref Enq: 0.0 ms]
      [Redirty Cards: 0.3 ms]
      [Humongous Register: 0.1 ms]
      [Humongous Reclaim: 0.0 ms]
      [Free CSet: 0.1 ms]
   [Eden: 5120.0K(152.0M)->0.0B(165.0M) Survivors: 22.0M->7168.0K Heap: 1051.9M(2048.0M)->1055.9M(2048.0M)]
 [Times: user=0.38 sys=0.00, real=0.06 secs] 
2020-09-29T12:11:52.302+0200: 57.272: [GC concurrent-root-region-scan-start]
2020-09-29T12:11:52.304+0200: 57.274: [GC concurrent-root-region-scan-end, 0.0022944 secs]
2020-09-29T12:11:52.305+0200: 57.274: [GC concurrent-mark-start]
2020-09-29T12:11:52.309+0200: 57.279: [GC concurrent-mark-end, 0.0049058 secs]
2020-09-29T12:11:52.310+0200: 57.280: [GC remark 2020-09-29T12:11:52.310+0200: 57.280: [Finalize Marking, 0.0004292 secs] 2020-09-29T12:11:52.310+0200: 57.280: [GC ref-proc, 0.0006108 secs] 2020-09-29T12:11:52.311+0200: 57.281: [Unloading, 0.0007879 secs], 0.0023898 secs]
 [Times: user=0.00 sys=0.00, real=0.00 secs] 
2020-09-29T12:11:52.314+0200: 57.283: [GC cleanup 1066M->27M(2048M), 0.0018831 secs]
 [Times: user=0.00 sys=0.00, real=0.00 secs] 
2020-09-29T12:11:52.316+0200: 57.285: [GC concurrent-cleanup-start]
2020-09-29T12:11:52.318+0200: 57.288: [GC concurrent-cleanup-end, 0.0022846 secs]
2020-09-29T12:11:52.460+0200: 57.430: [GC pause (G1 Evacuation Pause) (young), 0.2334465 secs]
   [Parallel Time: 231.9 ms, GC Workers: 8]
      [GC Worker Start (ms): Min: 57430.2, Avg: 57438.5, Max: 57463.3, Diff: 33.1]
      [Ext Root Scanning (ms): Min: 0.0, Avg: 0.1, Max: 0.2, Diff: 0.2, Sum: 0.9]
      [Update RS (ms): Min: 0.0, Avg: 19.0, Max: 26.0, Diff: 26.0, Sum: 152.4]
         [Processed Buffers: Min: 0, Avg: 13.1, Max: 19, Diff: 19, Sum: 105]
      [Scan RS (ms): Min: 6.5, Avg: 15.3, Max: 39.5, Diff: 33.0, Sum: 122.4]
      [Code Root Scanning (ms): Min: 0.0, Avg: 0.0, Max: 0.0, Diff: 0.0, Sum: 0.0]
      [Object Copy (ms): Min: 166.4, Avg: 188.7, Max: 192.1, Diff: 25.7, Sum: 1509.8]
      [Termination (ms): Min: 0.1, Avg: 0.1, Max: 0.2, Diff: 0.1, Sum: 1.2]
         [Termination Attempts: Min: 1, Avg: 378.0, Max: 571, Diff: 570, Sum: 3024]
      [GC Worker Other (ms): Min: 0.0, Avg: 0.0, Max: 0.1, Diff: 0.0, Sum: 0.2]
      [GC Worker Total (ms): Min: 198.6, Avg: 223.4, Max: 231.7, Diff: 33.1, Sum: 1786.8]
      [GC Worker End (ms): Min: 57661.8, Avg: 57661.9, Max: 57661.9, Diff: 0.1]
   [Code Root Fixup: 0.0 ms]
   [Code Root Purge: 0.0 ms]
   [Clear CT: 0.4 ms]
   [Other: 1.2 ms]
      [Choose CSet: 0.0 ms]
      [Ref Proc: 0.2 ms]
      [Ref Enq: 0.0 ms]
      [Redirty Cards: 0.3 ms]
      [Humongous Register: 0.1 ms]
      [Humongous Reclaim: 0.0 ms]
      [Free CSet: 0.2 ms]
   [Eden: 165.0M(165.0M)->0.0B(126.0M) Survivors: 7168.0K->22.0M Heap: 210.1M(2048.0M)->205.1M(2048.0M)]
 [Times: user=1.44 sys=0.00, real=0.23 secs] 
2020-09-29T12:11:52.827+0200: 57.797: [GC pause (G1 Evacuation Pause) (young), 0.1630779 secs]
   [Parallel Time: 161.5 ms, GC Workers: 8]
      [GC Worker Start (ms): Min: 57797.2, Avg: 57797.3, Max: 57797.4, Diff: 0.2]
      [Ext Root Scanning (ms): Min: 0.0, Avg: 0.1, Max: 0.2, Diff: 0.2, Sum: 0.9]
      [Update RS (ms): Min: 21.1, Avg: 21.5, Max: 22.3, Diff: 1.2, Sum: 172.0]
         [Processed Buffers: Min: 8, Avg: 13.3, Max: 18, Diff: 10, Sum: 106]
      [Scan RS (ms): Min: 7.2, Avg: 8.1, Max: 8.5, Diff: 1.2, Sum: 64.5]
      [Code Root Scanning (ms): Min: 0.0, Avg: 0.0, Max: 0.0, Diff: 0.0, Sum: 0.0]
      [Object Copy (ms): Min: 131.0, Avg: 131.2, Max: 131.6, Diff: 0.6, Sum: 1049.3]
      [Termination (ms): Min: 0.0, Avg: 0.4, Max: 0.5, Diff: 0.5, Sum: 3.4]
         [Termination Attempts: Min: 1, Avg: 1349.1, Max: 1689, Diff: 1688, Sum: 10793]
      [GC Worker Other (ms): Min: 0.0, Avg: 0.0, Max: 0.0, Diff: 0.0, Sum: 0.1]
      [GC Worker Total (ms): Min: 161.2, Avg: 161.3, Max: 161.4, Diff: 0.2, Sum: 1290.2]
      [GC Worker End (ms): Min: 57958.5, Avg: 57958.6, Max: 57958.6, Diff: 0.0]
   [Code Root Fixup: 0.0 ms]
   [Code Root Purge: 0.0 ms]
   [Clear CT: 0.3 ms]
   [Other: 1.3 ms]
      [Choose CSet: 0.0 ms]
      [Ref Proc: 0.3 ms]
      [Ref Enq: 0.0 ms]
      [Redirty Cards: 0.4 ms]
      [Humongous Register: 0.1 ms]
      [Humongous Reclaim: 0.0 ms]
      [Free CSet: 0.2 ms]
   [Eden: 126.0M(126.0M)->0.0B(134.0M) Survivors: 22.0M->19.0M Heap: 352.1M(2048.0M)->353.6M(2048.0M)]
 [Times: user=1.19 sys=0.00, real=0.16 secs] 
2020-09-29T12:11:53.126+0200: 58.095: [GC pause (G1 Evacuation Pause) (young), 0.1844978 secs]
   [Parallel Time: 182.6 ms, GC Workers: 8]
      [GC Worker Start (ms): Min: 58095.5, Avg: 58096.6, Max: 58103.7, Diff: 8.2]
      [Ext Root Scanning (ms): Min: 0.0, Avg: 0.1, Max: 0.2, Diff: 0.2, Sum: 0.8]
      [Update RS (ms): Min: 14.1, Avg: 21.6, Max: 23.7, Diff: 9.6, Sum: 172.8]
         [Processed Buffers: Min: 7, Avg: 13.5, Max: 18, Diff: 11, Sum: 108]
      [Scan RS (ms): Min: 14.8, Avg: 15.8, Max: 17.8, Diff: 3.0, Sum: 126.7]
      [Code Root Scanning (ms): Min: 0.0, Avg: 0.0, Max: 0.0, Diff: 0.0, Sum: 0.0]
      [Object Copy (ms): Min: 140.4, Avg: 143.6, Max: 144.1, Diff: 3.7, Sum: 1148.6]
      [Termination (ms): Min: 0.0, Avg: 0.1, Max: 0.2, Diff: 0.2, Sum: 1.0]
         [Termination Attempts: Min: 1, Avg: 169.4, Max: 251, Diff: 250, Sum: 1355]
      [GC Worker Other (ms): Min: 0.0, Avg: 0.0, Max: 0.0, Diff: 0.0, Sum: 0.2]
      [GC Worker Total (ms): Min: 174.2, Avg: 181.3, Max: 182.4, Diff: 8.2, Sum: 1450.1]
      [GC Worker End (ms): Min: 58277.8, Avg: 58277.9, Max: 58277.9, Diff: 0.1]
   [Code Root Fixup: 0.0 ms]
   [Code Root Purge: 0.0 ms]
   [Clear CT: 0.4 ms]
   [Other: 1.5 ms]
      [Choose CSet: 0.0 ms]
      [Ref Proc: 0.5 ms]
      [Ref Enq: 0.0 ms]
      [Redirty Cards: 0.4 ms]
      [Humongous Register: 0.1 ms]
      [Humongous Reclaim: 0.0 ms]
      [Free CSet: 0.2 ms]
   [Eden: 134.0M(134.0M)->0.0B(130.0M) Survivors: 19.0M->20.0M Heap: 510.5M(2048.0M)->512.5M(2048.0M)]
 [Times: user=1.27 sys=0.02, real=0.18 secs] 
2020-09-29T12:11:53.541+0200: 58.511: [GC pause (G1 Evacuation Pause) (young), 0.2420989 secs]
   [Parallel Time: 240.0 ms, GC Workers: 8]
      [GC Worker Start (ms): Min: 58511.0, Avg: 58515.2, Max: 58543.3, Diff: 32.3]
      [Ext Root Scanning (ms): Min: 0.0, Avg: 0.2, Max: 0.3, Diff: 0.3, Sum: 1.2]
      [Update RS (ms): Min: 0.0, Avg: 22.0, Max: 26.4, Diff: 26.4, Sum: 176.1]
         [Processed Buffers: Min: 0, Avg: 10.1, Max: 15, Diff: 15, Sum: 81]
      [Scan RS (ms): Min: 13.7, Avg: 22.0, Max: 37.5, Diff: 23.8, Sum: 175.7]
      [Code Root Scanning (ms): Min: 0.0, Avg: 0.0, Max: 0.0, Diff: 0.0, Sum: 0.0]
      [Object Copy (ms): Min: 173.9, Avg: 189.9, Max: 192.4, Diff: 18.5, Sum: 1519.4]
      [Termination (ms): Min: 0.1, Avg: 0.4, Max: 1.5, Diff: 1.4, Sum: 3.3]
         [Termination Attempts: Min: 1, Avg: 571.8, Max: 719, Diff: 718, Sum: 4574]
      [GC Worker Other (ms): Min: 0.0, Avg: 0.0, Max: 0.2, Diff: 0.2, Sum: 0.4]
      [GC Worker Total (ms): Min: 206.3, Avg: 234.5, Max: 239.6, Diff: 33.3, Sum: 1876.1]
      [GC Worker End (ms): Min: 58749.5, Avg: 58749.7, Max: 58750.8, Diff: 1.2]
   [Code Root Fixup: 0.0 ms]
   [Code Root Purge: 0.0 ms]
   [Clear CT: 0.5 ms]
   [Other: 1.6 ms]
      [Choose CSet: 0.0 ms]
      [Ref Proc: 0.4 ms]
      [Ref Enq: 0.0 ms]
      [Redirty Cards: 0.5 ms]
      [Humongous Register: 0.1 ms]
      [Humongous Reclaim: 0.0 ms]
      [Free CSet: 0.3 ms]
   [Eden: 130.0M(130.0M)->0.0B(103.0M) Survivors: 20.0M->19.0M Heap: 663.5M(2048.0M)->665.0M(2048.0M)]
 [Times: user=1.56 sys=0.00, real=0.24 secs] 
2020-09-29T12:11:53.972+0200: 58.942: [GC pause (G1 Evacuation Pause) (young), 0.1893016 secs]
   [Parallel Time: 187.3 ms, GC Workers: 8]
      [GC Worker Start (ms): Min: 58942.1, Avg: 58942.2, Max: 58942.3, Diff: 0.2]
      [Ext Root Scanning (ms): Min: 0.1, Avg: 0.2, Max: 0.3, Diff: 0.2, Sum: 1.4]
      [Update RS (ms): Min: 18.8, Avg: 19.3, Max: 20.6, Diff: 1.8, Sum: 154.2]
         [Processed Buffers: Min: 7, Avg: 9.6, Max: 11, Diff: 4, Sum: 77]
      [Scan RS (ms): Min: 9.7, Avg: 11.1, Max: 11.6, Diff: 1.9, Sum: 88.7]
      [Code Root Scanning (ms): Min: 0.0, Avg: 0.0, Max: 0.0, Diff: 0.0, Sum: 0.0]
      [Object Copy (ms): Min: 155.6, Avg: 155.8, Max: 156.2, Diff: 0.5, Sum: 1246.6]
      [Termination (ms): Min: 0.2, Avg: 0.4, Max: 0.7, Diff: 0.5, Sum: 3.3]
         [Termination Attempts: Min: 1, Avg: 759.3, Max: 1001, Diff: 1000, Sum: 6074]
      [GC Worker Other (ms): Min: 0.0, Avg: 0.0, Max: 0.2, Diff: 0.2, Sum: 0.3]
      [GC Worker Total (ms): Min: 186.7, Avg: 186.8, Max: 187.0, Diff: 0.3, Sum: 1494.6]
      [GC Worker End (ms): Min: 59128.9, Avg: 59129.0, Max: 59129.2, Diff: 0.3]
   [Code Root Fixup: 0.0 ms]
   [Code Root Purge: 0.0 ms]
   [Clear CT: 0.4 ms]
   [Other: 1.7 ms]
      [Choose CSet: 0.0 ms]
      [Ref Proc: 0.4 ms]
      [Ref Enq: 0.0 ms]
      [Redirty Cards: 0.5 ms]
      [Humongous Register: 0.1 ms]
      [Humongous Reclaim: 0.0 ms]
      [Free CSet: 0.3 ms]
   [Eden: 103.0M(103.0M)->0.0B(102.0M) Survivors: 19.0M->16.0M Heap: 785.1M(2048.0M)->787.6M(2048.0M)]
 [Times: user=1.34 sys=0.03, real=0.19 secs] 
2020-09-29T12:11:54.333+0200: 59.303: [GC pause (G1 Evacuation Pause) (young), 0.1792951 secs]
   [Parallel Time: 176.7 ms, GC Workers: 8]
      [GC Worker Start (ms): Min: 59303.1, Avg: 59303.3, Max: 59303.9, Diff: 0.7]
      [Ext Root Scanning (ms): Min: 0.0, Avg: 0.2, Max: 0.3, Diff: 0.3, Sum: 1.2]
      [Update RS (ms): Min: 19.9, Avg: 20.5, Max: 21.5, Diff: 1.6, Sum: 164.2]
         [Processed Buffers: Min: 6, Avg: 9.5, Max: 12, Diff: 6, Sum: 76]
      [Scan RS (ms): Min: 9.7, Avg: 10.8, Max: 11.1, Diff: 1.3, Sum: 86.1]
      [Code Root Scanning (ms): Min: 0.0, Avg: 0.0, Max: 0.0, Diff: 0.0, Sum: 0.0]
      [Object Copy (ms): Min: 144.4, Avg: 144.5, Max: 144.6, Diff: 0.2, Sum: 1156.2]
      [Termination (ms): Min: 0.1, Avg: 0.2, Max: 0.3, Diff: 0.2, Sum: 1.9]
         [Termination Attempts: Min: 1, Avg: 379.6, Max: 515, Diff: 514, Sum: 3037]
      [GC Worker Other (ms): Min: 0.0, Avg: 0.0, Max: 0.2, Diff: 0.2, Sum: 0.3]
      [GC Worker Total (ms): Min: 175.7, Avg: 176.3, Max: 176.4, Diff: 0.8, Sum: 1410.0]
      [GC Worker End (ms): Min: 59479.5, Avg: 59479.6, Max: 59479.6, Diff: 0.1]
   [Code Root Fixup: 0.0 ms]
   [Code Root Purge: 0.0 ms]
   [Clear CT: 0.4 ms]
   [Other: 2.2 ms]
      [Choose CSet: 0.0 ms]
      [Ref Proc: 0.5 ms]
      [Ref Enq: 0.0 ms]
      [Redirty Cards: 1.1 ms]
      [Humongous Register: 0.1 ms]
      [Humongous Reclaim: 0.0 ms]
      [Free CSet: 0.2 ms]
   [Eden: 102.0M(102.0M)->0.0B(103.0M) Survivors: 16.0M->15.0M Heap: 906.8M(2048.0M)->909.3M(2048.0M)]
 [Times: user=1.30 sys=0.00, real=0.18 secs] 
2020-09-29T12:11:54.669+0200: 59.639: [GC pause (G1 Evacuation Pause) (young), 0.2401027 secs]
   [Parallel Time: 238.1 ms, GC Workers: 8]
      [GC Worker Start (ms): Min: 59639.1, Avg: 59648.0, Max: 59675.7, Diff: 36.6]
      [Ext Root Scanning (ms): Min: 0.0, Avg: 0.1, Max: 0.5, Diff: 0.5, Sum: 1.0]
      [Update RS (ms): Min: 0.0, Avg: 19.9, Max: 28.8, Diff: 28.8, Sum: 159.4]
         [Processed Buffers: Min: 0, Avg: 9.4, Max: 16, Diff: 16, Sum: 75]
      [Scan RS (ms): Min: 5.6, Avg: 20.1, Max: 46.0, Diff: 40.3, Sum: 161.1]
      [Code Root Scanning (ms): Min: 0.0, Avg: 0.0, Max: 0.0, Diff: 0.0, Sum: 0.0]
      [Object Copy (ms): Min: 162.2, Avg: 188.6, Max: 195.6, Diff: 33.3, Sum: 1508.5]
      [Termination (ms): Min: 0.1, Avg: 0.2, Max: 0.2, Diff: 0.2, Sum: 1.4]
         [Termination Attempts: Min: 1, Avg: 251.1, Max: 378, Diff: 377, Sum: 2009]
      [GC Worker Other (ms): Min: 0.0, Avg: 0.0, Max: 0.1, Diff: 0.1, Sum: 0.3]
      [GC Worker Total (ms): Min: 201.3, Avg: 229.0, Max: 237.9, Diff: 36.5, Sum: 1831.7]
      [GC Worker End (ms): Min: 59876.9, Avg: 59877.0, Max: 59877.0, Diff: 0.1]
   [Code Root Fixup: 0.0 ms]
   [Code Root Purge: 0.0 ms]
   [Clear CT: 0.4 ms]
   [Other: 1.6 ms]
      [Choose CSet: 0.0 ms]
      [Ref Proc: 0.4 ms]
      [Ref Enq: 0.0 ms]
      [Redirty Cards: 0.4 ms]
      [Humongous Register: 0.2 ms]
      [Humongous Reclaim: 0.0 ms]
      [Free CSet: 0.2 ms]
   [Eden: 103.0M(103.0M)->0.0B(87.0M) Survivors: 15.0M->15.0M Heap: 1029.5M(2048.0M)->1030.5M(2048.0M)]
 [Times: user=1.41 sys=0.00, real=0.24 secs] 
2020-09-29T12:11:54.924+0200: 59.893: [GC pause (G1 Humongous Allocation) (young) (initial-mark), 0.0645529 secs]
   [Parallel Time: 62.6 ms, GC Workers: 8]
      [GC Worker Start (ms): Min: 59893.6, Avg: 59893.7, Max: 59893.8, Diff: 0.2]
      [Ext Root Scanning (ms): Min: 0.1, Avg: 0.2, Max: 0.3, Diff: 0.2, Sum: 1.4]
      [Update RS (ms): Min: 26.6, Avg: 27.4, Max: 28.1, Diff: 1.5, Sum: 218.9]
         [Processed Buffers: Min: 12, Avg: 14.4, Max: 17, Diff: 5, Sum: 115]
      [Scan RS (ms): Min: 1.3, Avg: 2.1, Max: 2.8, Diff: 1.5, Sum: 16.6]
      [Code Root Scanning (ms): Min: 0.0, Avg: 0.0, Max: 0.0, Diff: 0.0, Sum: 0.0]
      [Object Copy (ms): Min: 32.4, Avg: 32.5, Max: 32.7, Diff: 0.3, Sum: 260.3]
      [Termination (ms): Min: 0.0, Avg: 0.1, Max: 0.1, Diff: 0.1, Sum: 0.5]
         [Termination Attempts: Min: 1, Avg: 155.6, Max: 208, Diff: 207, Sum: 1245]
      [GC Worker Other (ms): Min: 0.0, Avg: 0.0, Max: 0.1, Diff: 0.1, Sum: 0.4]
      [GC Worker Total (ms): Min: 62.2, Avg: 62.3, Max: 62.3, Diff: 0.2, Sum: 498.1]
      [GC Worker End (ms): Min: 59955.9, Avg: 59956.0, Max: 59956.0, Diff: 0.1]
   [Code Root Fixup: 0.0 ms]
   [Code Root Purge: 0.0 ms]
   [Clear CT: 0.5 ms]
   [Other: 1.4 ms]
      [Choose CSet: 0.0 ms]
      [Ref Proc: 0.4 ms]
      [Ref Enq: 0.0 ms]
      [Redirty Cards: 0.4 ms]
      [Humongous Register: 0.1 ms]
      [Humongous Reclaim: 0.0 ms]
      [Free CSet: 0.1 ms]
   [Eden: 7168.0K(87.0M)->0.0B(94.0M) Survivors: 15.0M->9216.0K Heap: 1037.5M(2048.0M)->1041.5M(2048.0M)]
 [Times: user=0.45 sys=0.00, real=0.06 secs] 
2020-09-29T12:11:54.988+0200: 59.958: [GC concurrent-root-region-scan-start]
2020-09-29T12:11:54.995+0200: 59.965: [GC concurrent-root-region-scan-end, 0.0064886 secs]
2020-09-29T12:11:54.995+0200: 59.965: [GC concurrent-mark-start]
2020-09-29T12:11:55.003+0200: 59.972: [GC concurrent-mark-end, 0.0071865 secs]
2020-09-29T12:11:55.003+0200: 59.973: [GC remark 2020-09-29T12:11:55.003+0200: 59.973: [Finalize Marking, 0.0005750 secs] 2020-09-29T12:11:55.004+0200: 59.974: [GC ref-proc, 0.0008775 secs] 2020-09-29T12:11:55.005+0200: 59.975: [Unloading, 0.0013894 secs], 0.0042072 secs]
 [Times: user=0.05 sys=0.00, real=0.00 secs] 
2020-09-29T12:11:55.009+0200: 59.979: [GC cleanup 1057M->34M(2048M), 0.0045283 secs]
 [Times: user=0.00 sys=0.00, real=0.00 secs] 
2020-09-29T12:11:55.014+0200: 59.983: [GC concurrent-cleanup-start]
2020-09-29T12:11:55.017+0200: 59.987: [GC concurrent-cleanup-end, 0.0035501 secs]
2020-09-29T12:11:55.121+0200: 60.090: [GC pause (G1 Evacuation Pause) (young), 0.1968721 secs]
   [Parallel Time: 194.9 ms, GC Workers: 8]
      [GC Worker Start (ms): Min: 60091.1, Avg: 60096.3, Max: 60126.3, Diff: 35.2]
      [Ext Root Scanning (ms): Min: 0.0, Avg: 0.2, Max: 0.3, Diff: 0.3, Sum: 1.3]
      [Update RS (ms): Min: 0.0, Avg: 18.7, Max: 24.2, Diff: 24.2, Sum: 149.5]
         [Processed Buffers: Min: 0, Avg: 9.6, Max: 15, Diff: 15, Sum: 77]
      [Scan RS (ms): Min: 0.0, Avg: 7.7, Max: 9.8, Diff: 9.8, Sum: 61.4]
      [Code Root Scanning (ms): Min: 0.0, Avg: 0.0, Max: 0.0, Diff: 0.0, Sum: 0.0]
      [Object Copy (ms): Min: 159.0, Avg: 162.5, Max: 163.3, Diff: 4.2, Sum: 1300.2]
      [Termination (ms): Min: 0.0, Avg: 0.1, Max: 0.1, Diff: 0.1, Sum: 0.7]
         [Termination Attempts: Min: 1, Avg: 21.0, Max: 39, Diff: 38, Sum: 168]
      [GC Worker Other (ms): Min: 0.0, Avg: 0.0, Max: 0.0, Diff: 0.0, Sum: 0.2]
      [GC Worker Total (ms): Min: 159.2, Avg: 189.2, Max: 194.4, Diff: 35.2, Sum: 1513.4]
      [GC Worker End (ms): Min: 60285.4, Avg: 60285.4, Max: 60285.5, Diff: 0.0]
   [Code Root Fixup: 0.0 ms]
   [Code Root Purge: 0.0 ms]
   [Clear CT: 0.4 ms]
   [Other: 1.6 ms]
      [Choose CSet: 0.0 ms]
      [Ref Proc: 0.5 ms]
      [Ref Enq: 0.0 ms]
      [Redirty Cards: 0.4 ms]
      [Humongous Register: 0.1 ms]
      [Humongous Reclaim: 0.0 ms]
      [Free CSet: 0.2 ms]
   [Eden: 94.0M(94.0M)->0.0B(89.0M) Survivors: 9216.0K->13.0M Heap: 129.7M(2048.0M)->123.2M(2048.0M)]
 [Times: user=1.14 sys=0.00, real=0.20 secs] 
2020-09-29T12:11:55.447+0200: 60.416: [GC pause (G1 Evacuation Pause) (young), 0.1540498 secs]
   [Parallel Time: 150.8 ms, GC Workers: 8]
      [GC Worker Start (ms): Min: 60416.5, Avg: 60416.6, Max: 60416.8, Diff: 0.3]
      [Ext Root Scanning (ms): Min: 0.0, Avg: 0.2, Max: 0.3, Diff: 0.3, Sum: 1.2]
      [Update RS (ms): Min: 18.2, Avg: 18.9, Max: 19.6, Diff: 1.4, Sum: 151.4]
         [Processed Buffers: Min: 7, Avg: 8.6, Max: 10, Diff: 3, Sum: 69]
      [Scan RS (ms): Min: 9.7, Avg: 11.3, Max: 17.0, Diff: 7.3, Sum: 90.2]
      [Code Root Scanning (ms): Min: 0.0, Avg: 0.0, Max: 0.0, Diff: 0.0, Sum: 0.0]
      [Object Copy (ms): Min: 114.6, Avg: 120.1, Max: 121.1, Diff: 6.5, Sum: 960.5]
      [Termination (ms): Min: 0.0, Avg: 0.1, Max: 0.1, Diff: 0.1, Sum: 0.4]
         [Termination Attempts: Min: 1, Avg: 150.5, Max: 194, Diff: 193, Sum: 1204]
      [GC Worker Other (ms): Min: 0.0, Avg: 0.1, Max: 0.6, Diff: 0.5, Sum: 0.9]
      [GC Worker Total (ms): Min: 150.4, Avg: 150.6, Max: 150.7, Diff: 0.3, Sum: 1204.7]
      [GC Worker End (ms): Min: 60567.2, Avg: 60567.2, Max: 60567.3, Diff: 0.1]
   [Code Root Fixup: 0.0 ms]
   [Code Root Purge: 0.0 ms]
   [Clear CT: 0.5 ms]
   [Other: 2.7 ms]
      [Choose CSet: 0.0 ms]
      [Ref Proc: 0.3 ms]
      [Ref Enq: 0.0 ms]
      [Redirty Cards: 1.7 ms]
      [Humongous Register: 0.1 ms]
      [Humongous Reclaim: 0.0 ms]
      [Free CSet: 0.2 ms]
   [Eden: 89.0M(89.0M)->0.0B(89.0M) Survivors: 13.0M->13.0M Heap: 225.5M(2048.0M)->228.0M(2048.0M)]
 [Times: user=0.97 sys=0.05, real=0.15 secs] 
2020-09-29T12:11:55.717+0200: 60.687: [GC pause (G1 Evacuation Pause) (young), 0.2026239 secs]
   [Parallel Time: 200.5 ms, GC Workers: 8]
      [GC Worker Start (ms): Min: 60686.8, Avg: 60695.0, Max: 60720.6, Diff: 33.8]
      [Ext Root Scanning (ms): Min: 0.0, Avg: 0.1, Max: 0.3, Diff: 0.3, Sum: 1.1]
      [Update RS (ms): Min: 0.0, Avg: 21.2, Max: 29.4, Diff: 29.4, Sum: 169.5]
         [Processed Buffers: Min: 0, Avg: 10.3, Max: 16, Diff: 16, Sum: 82]
      [Scan RS (ms): Min: 4.1, Avg: 14.0, Max: 35.3, Diff: 31.2, Sum: 112.1]
      [Code Root Scanning (ms): Min: 0.0, Avg: 0.0, Max: 0.0, Diff: 0.0, Sum: 0.0]
      [Object Copy (ms): Min: 135.1, Avg: 156.5, Max: 162.4, Diff: 27.3, Sum: 1252.0]
      [Termination (ms): Min: 0.0, Avg: 0.2, Max: 0.3, Diff: 0.3, Sum: 1.7]
         [Termination Attempts: Min: 1, Avg: 299.1, Max: 477, Diff: 476, Sum: 2393]
      [GC Worker Other (ms): Min: 0.0, Avg: 0.0, Max: 0.0, Diff: 0.0, Sum: 0.1]
      [GC Worker Total (ms): Min: 166.5, Avg: 192.1, Max: 200.3, Diff: 33.9, Sum: 1536.7]
      [GC Worker End (ms): Min: 60887.1, Avg: 60887.1, Max: 60887.1, Diff: 0.1]
   [Code Root Fixup: 0.0 ms]
   [Code Root Purge: 0.0 ms]
   [Clear CT: 0.3 ms]
   [Other: 1.8 ms]
      [Choose CSet: 0.0 ms]
      [Ref Proc: 0.6 ms]
      [Ref Enq: 0.0 ms]
      [Redirty Cards: 0.6 ms]
      [Humongous Register: 0.1 ms]
      [Humongous Reclaim: 0.0 ms]
      [Free CSet: 0.2 ms]
   [Eden: 89.0M(89.0M)->0.0B(89.0M) Survivors: 13.0M->13.0M Heap: 332.3M(2048.0M)->334.3M(2048.0M)]
 [Times: user=1.28 sys=0.00, real=0.20 secs] 
2020-09-29T12:11:56.039+0200: 61.008: [GC pause (G1 Evacuation Pause) (young), 0.1890306 secs]
   [Parallel Time: 187.2 ms, GC Workers: 8]
      [GC Worker Start (ms): Min: 61008.6, Avg: 61012.6, Max: 61040.5, Diff: 31.9]
      [Ext Root Scanning (ms): Min: 0.0, Avg: 0.6, Max: 3.1, Diff: 3.1, Sum: 4.5]
      [Update RS (ms): Min: 0.0, Avg: 19.5, Max: 24.1, Diff: 24.1, Sum: 155.9]
         [Processed Buffers: Min: 0, Avg: 9.8, Max: 14, Diff: 14, Sum: 78]
      [Scan RS (ms): Min: 0.5, Avg: 8.4, Max: 9.9, Diff: 9.3, Sum: 67.2]
      [Code Root Scanning (ms): Min: 0.0, Avg: 0.0, Max: 0.0, Diff: 0.0, Sum: 0.0]
      [Object Copy (ms): Min: 153.5, Avg: 154.2, Max: 154.4, Diff: 0.9, Sum: 1233.4]
      [Termination (ms): Min: 0.1, Avg: 0.3, Max: 0.5, Diff: 0.3, Sum: 2.5]
         [Termination Attempts: Min: 1, Avg: 651.9, Max: 915, Diff: 914, Sum: 5215]
      [GC Worker Other (ms): Min: 0.0, Avg: 0.0, Max: 0.0, Diff: 0.0, Sum: 0.1]
      [GC Worker Total (ms): Min: 155.1, Avg: 182.9, Max: 187.1, Diff: 31.9, Sum: 1463.6]
      [GC Worker End (ms): Min: 61195.5, Avg: 61195.6, Max: 61195.6, Diff: 0.1]
   [Code Root Fixup: 0.0 ms]
   [Code Root Purge: 0.0 ms]
   [Clear CT: 0.4 ms]
   [Other: 1.5 ms]
      [Choose CSet: 0.0 ms]
      [Ref Proc: 0.4 ms]
      [Ref Enq: 0.0 ms]
      [Redirty Cards: 0.4 ms]
      [Humongous Register: 0.1 ms]
      [Humongous Reclaim: 0.0 ms]
      [Free CSet: 0.2 ms]
   [Eden: 89.0M(89.0M)->0.0B(89.0M) Survivors: 13.0M->13.0M Heap: 438.5M(2048.0M)->440.5M(2048.0M)]
 [Times: user=1.25 sys=0.00, real=0.19 secs] 
2020-09-29T12:11:56.376+0200: 61.345: [GC pause (G1 Evacuation Pause) (young), 0.1875816 secs]
   [Parallel Time: 185.1 ms, GC Workers: 8]
      [GC Worker Start (ms): Min: 61344.8, Avg: 61344.9, Max: 61345.1, Diff: 0.3]
      [Ext Root Scanning (ms): Min: 0.0, Avg: 0.2, Max: 0.3, Diff: 0.3, Sum: 1.3]
      [Update RS (ms): Min: 21.2, Avg: 22.6, Max: 31.5, Diff: 10.3, Sum: 181.0]
         [Processed Buffers: Min: 0, Avg: 10.0, Max: 13, Diff: 13, Sum: 80]
      [Scan RS (ms): Min: 0.0, Avg: 8.7, Max: 10.2, Diff: 10.1, Sum: 69.8]
      [Code Root Scanning (ms): Min: 0.0, Avg: 0.0, Max: 0.0, Diff: 0.0, Sum: 0.0]
      [Object Copy (ms): Min: 152.8, Avg: 152.9, Max: 153.0, Diff: 0.2, Sum: 1223.2]
      [Termination (ms): Min: 0.1, Avg: 0.3, Max: 0.4, Diff: 0.3, Sum: 2.3]
         [Termination Attempts: Min: 1, Avg: 339.4, Max: 465, Diff: 464, Sum: 2715]
      [GC Worker Other (ms): Min: 0.0, Avg: 0.0, Max: 0.0, Diff: 0.0, Sum: 0.2]
      [GC Worker Total (ms): Min: 184.6, Avg: 184.7, Max: 184.9, Diff: 0.3, Sum: 1477.9]
      [GC Worker End (ms): Min: 61529.6, Avg: 61529.6, Max: 61529.7, Diff: 0.1]
   [Code Root Fixup: 0.0 ms]
   [Code Root Purge: 0.0 ms]
   [Clear CT: 0.4 ms]
   [Other: 2.1 ms]
      [Choose CSet: 0.0 ms]
      [Ref Proc: 0.4 ms]
      [Ref Enq: 0.0 ms]
      [Redirty Cards: 1.0 ms]
      [Humongous Register: 0.1 ms]
      [Humongous Reclaim: 0.0 ms]
      [Free CSet: 0.2 ms]
   [Eden: 89.0M(89.0M)->0.0B(89.0M) Survivors: 13.0M->13.0M Heap: 544.8M(2048.0M)->546.8M(2048.0M)]
 [Times: user=1.33 sys=0.00, real=0.19 secs] 
2020-09-29T12:11:56.696+0200: 61.665: [GC pause (G1 Evacuation Pause) (young), 0.1403999 secs]
   [Parallel Time: 138.4 ms, GC Workers: 8]
      [GC Worker Start (ms): Min: 61664.9, Avg: 61665.0, Max: 61665.3, Diff: 0.4]
      [Ext Root Scanning (ms): Min: 0.0, Avg: 0.2, Max: 0.3, Diff: 0.3, Sum: 1.3]
      [Update RS (ms): Min: 18.7, Avg: 19.0, Max: 19.7, Diff: 1.0, Sum: 152.0]
         [Processed Buffers: Min: 9, Avg: 10.5, Max: 11, Diff: 2, Sum: 84]
      [Scan RS (ms): Min: 7.8, Avg: 8.5, Max: 8.7, Diff: 0.9, Sum: 67.6]
      [Code Root Scanning (ms): Min: 0.0, Avg: 0.0, Max: 0.0, Diff: 0.0, Sum: 0.0]
      [Object Copy (ms): Min: 110.3, Avg: 110.3, Max: 110.4, Diff: 0.1, Sum: 882.4]
      [Termination (ms): Min: 0.0, Avg: 0.1, Max: 0.2, Diff: 0.2, Sum: 0.7]
         [Termination Attempts: Min: 1, Avg: 230.9, Max: 303, Diff: 302, Sum: 1847]
      [GC Worker Other (ms): Min: 0.0, Avg: 0.1, Max: 0.1, Diff: 0.1, Sum: 0.5]
      [GC Worker Total (ms): Min: 137.8, Avg: 138.1, Max: 138.2, Diff: 0.4, Sum: 1104.6]
      [GC Worker End (ms): Min: 61803.1, Avg: 61803.1, Max: 61803.1, Diff: 0.1]
   [Code Root Fixup: 0.0 ms]
   [Code Root Purge: 0.0 ms]
   [Clear CT: 0.6 ms]
   [Other: 1.4 ms]
      [Choose CSet: 0.0 ms]
      [Ref Proc: 0.4 ms]
      [Ref Enq: 0.0 ms]
      [Redirty Cards: 0.4 ms]
      [Humongous Register: 0.1 ms]
      [Humongous Reclaim: 0.0 ms]
      [Free CSet: 0.2 ms]
   [Eden: 89.0M(89.0M)->0.0B(93.0M) Survivors: 13.0M->13.0M Heap: 651.1M(2048.0M)->652.6M(2048.0M)]
 [Times: user=1.09 sys=0.00, real=0.14 secs] 
2020-09-29T12:11:56.954+0200: 61.923: [GC pause (G1 Evacuation Pause) (young), 0.1843359 secs]
   [Parallel Time: 182.5 ms, GC Workers: 8]
      [GC Worker Start (ms): Min: 61922.9, Avg: 61923.0, Max: 61923.3, Diff: 0.5]
      [Ext Root Scanning (ms): Min: 0.0, Avg: 0.2, Max: 0.3, Diff: 0.3, Sum: 1.3]
      [Update RS (ms): Min: 22.0, Avg: 23.6, Max: 31.4, Diff: 9.3, Sum: 188.5]
         [Processed Buffers: Min: 0, Avg: 10.8, Max: 15, Diff: 15, Sum: 86]
      [Scan RS (ms): Min: 1.2, Avg: 9.2, Max: 11.4, Diff: 10.1, Sum: 73.4]
      [Code Root Scanning (ms): Min: 0.0, Avg: 0.0, Max: 0.0, Diff: 0.0, Sum: 0.0]
      [Object Copy (ms): Min: 148.2, Avg: 149.0, Max: 149.3, Diff: 1.1, Sum: 1192.1]
      [Termination (ms): Min: 0.0, Avg: 0.1, Max: 0.1, Diff: 0.1, Sum: 0.7]
         [Termination Attempts: Min: 1, Avg: 32.0, Max: 54, Diff: 53, Sum: 256]
      [GC Worker Other (ms): Min: 0.0, Avg: 0.0, Max: 0.0, Diff: 0.0, Sum: 0.2]
      [GC Worker Total (ms): Min: 181.7, Avg: 182.0, Max: 182.2, Diff: 0.5, Sum: 1456.4]
      [GC Worker End (ms): Min: 62105.1, Avg: 62105.1, Max: 62105.1, Diff: 0.1]
   [Code Root Fixup: 0.0 ms]
   [Code Root Purge: 0.0 ms]
   [Clear CT: 0.4 ms]
   [Other: 1.4 ms]
      [Choose CSet: 0.0 ms]
      [Ref Proc: 0.4 ms]
      [Ref Enq: 0.0 ms]
      [Redirty Cards: 0.4 ms]
      [Humongous Register: 0.1 ms]
      [Humongous Reclaim: 0.0 ms]
      [Free CSet: 0.2 ms]
   [Eden: 93.0M(93.0M)->0.0B(92.0M) Survivors: 13.0M->14.0M Heap: 760.8M(2048.0M)->762.3M(2048.0M)]
 [Times: user=1.27 sys=0.00, real=0.18 secs] 
2020-09-29T12:11:57.271+0200: 62.241: [GC pause (G1 Evacuation Pause) (young), 0.1854087 secs]
   [Parallel Time: 183.4 ms, GC Workers: 8]
      [GC Worker Start (ms): Min: 62240.8, Avg: 62240.9, Max: 62241.1, Diff: 0.3]
      [Ext Root Scanning (ms): Min: 0.0, Avg: 0.2, Max: 0.3, Diff: 0.3, Sum: 1.2]
      [Update RS (ms): Min: 20.1, Avg: 22.2, Max: 31.6, Diff: 11.4, Sum: 177.9]
         [Processed Buffers: Min: 0, Avg: 9.0, Max: 15, Diff: 15, Sum: 72]
      [Scan RS (ms): Min: 0.0, Avg: 9.3, Max: 11.5, Diff: 11.5, Sum: 74.5]
      [Code Root Scanning (ms): Min: 0.0, Avg: 0.0, Max: 0.0, Diff: 0.0, Sum: 0.0]
      [Object Copy (ms): Min: 150.6, Avg: 150.8, Max: 151.3, Diff: 0.7, Sum: 1206.3]
      [Termination (ms): Min: 0.0, Avg: 0.4, Max: 0.6, Diff: 0.6, Sum: 3.4]
         [Termination Attempts: Min: 1, Avg: 1041.0, Max: 1286, Diff: 1285, Sum: 8328]
      [GC Worker Other (ms): Min: 0.0, Avg: 0.1, Max: 0.1, Diff: 0.1, Sum: 0.5]
      [GC Worker Total (ms): Min: 182.8, Avg: 183.0, Max: 183.1, Diff: 0.3, Sum: 1463.8]
      [GC Worker End (ms): Min: 62423.9, Avg: 62423.9, Max: 62423.9, Diff: 0.1]
   [Code Root Fixup: 0.0 ms]
   [Code Root Purge: 0.0 ms]
   [Clear CT: 0.7 ms]
   [Other: 1.4 ms]
      [Choose CSet: 0.0 ms]
      [Ref Proc: 0.4 ms]
      [Ref Enq: 0.0 ms]
      [Redirty Cards: 0.3 ms]
      [Humongous Register: 0.1 ms]
      [Humongous Reclaim: 0.0 ms]
      [Free CSet: 0.2 ms]
   [Eden: 92.0M(92.0M)->0.0B(92.0M) Survivors: 14.0M->14.0M Heap: 869.6M(2048.0M)->872.1M(2048.0M)]
 [Times: user=1.22 sys=0.00, real=0.19 secs] 
2020-09-29T12:11:57.597+0200: 62.566: [GC pause (G1 Evacuation Pause) (young), 0.1530399 secs]
   [Parallel Time: 151.1 ms, GC Workers: 8]
      [GC Worker Start (ms): Min: 62566.3, Avg: 62566.5, Max: 62566.5, Diff: 0.2]
      [Ext Root Scanning (ms): Min: 0.1, Avg: 0.2, Max: 0.3, Diff: 0.2, Sum: 1.3]
      [Update RS (ms): Min: 13.3, Avg: 13.6, Max: 14.6, Diff: 1.3, Sum: 108.9]
         [Processed Buffers: Min: 6, Avg: 7.9, Max: 10, Diff: 4, Sum: 63]
      [Scan RS (ms): Min: 9.7, Avg: 10.8, Max: 11.2, Diff: 1.5, Sum: 86.3]
      [Code Root Scanning (ms): Min: 0.0, Avg: 0.0, Max: 0.0, Diff: 0.0, Sum: 0.0]
      [Object Copy (ms): Min: 125.5, Avg: 125.7, Max: 126.1, Diff: 0.6, Sum: 1005.3]
      [Termination (ms): Min: 0.0, Avg: 0.4, Max: 0.7, Diff: 0.7, Sum: 3.5]
         [Termination Attempts: Min: 1, Avg: 1143.1, Max: 1474, Diff: 1473, Sum: 9145]
      [GC Worker Other (ms): Min: 0.0, Avg: 0.1, Max: 0.1, Diff: 0.1, Sum: 0.4]
      [GC Worker Total (ms): Min: 150.6, Avg: 150.7, Max: 150.9, Diff: 0.2, Sum: 1205.8]
      [GC Worker End (ms): Min: 62717.1, Avg: 62717.2, Max: 62717.2, Diff: 0.1]
   [Code Root Fixup: 0.0 ms]
   [Code Root Purge: 0.0 ms]
   [Clear CT: 0.3 ms]
   [Other: 1.6 ms]
      [Choose CSet: 0.0 ms]
      [Ref Proc: 0.6 ms]
      [Ref Enq: 0.0 ms]
      [Redirty Cards: 0.5 ms]
      [Humongous Register: 0.1 ms]
      [Humongous Reclaim: 0.0 ms]
      [Free CSet: 0.2 ms]
   [Eden: 92.0M(92.0M)->0.0B(98.0M) Survivors: 14.0M->14.0M Heap: 979.3M(2048.0M)->980.3M(2048.0M)]
 [Times: user=1.13 sys=0.02, real=0.15 secs] 
2020-09-29T12:11:57.773+0200: 62.742: [GC pause (G1 Humongous Allocation) (young) (initial-mark), 0.0529754 secs]
   [Parallel Time: 51.1 ms, GC Workers: 8]
      [GC Worker Start (ms): Min: 62742.4, Avg: 62742.5, Max: 62742.7, Diff: 0.3]
      [Ext Root Scanning (ms): Min: 0.2, Avg: 0.3, Max: 0.4, Diff: 0.2, Sum: 2.5]
      [Update RS (ms): Min: 18.5, Avg: 19.5, Max: 20.2, Diff: 1.7, Sum: 155.6]
         [Processed Buffers: Min: 8, Avg: 10.0, Max: 12, Diff: 4, Sum: 80]
      [Scan RS (ms): Min: 1.3, Avg: 1.9, Max: 2.8, Diff: 1.6, Sum: 15.3]
      [Code Root Scanning (ms): Min: 0.0, Avg: 0.0, Max: 0.0, Diff: 0.0, Sum: 0.0]
      [Object Copy (ms): Min: 28.8, Avg: 28.9, Max: 28.9, Diff: 0.2, Sum: 231.0]
      [Termination (ms): Min: 0.0, Avg: 0.0, Max: 0.1, Diff: 0.1, Sum: 0.3]
         [Termination Attempts: Min: 1, Avg: 103.0, Max: 143, Diff: 142, Sum: 824]
      [GC Worker Other (ms): Min: 0.0, Avg: 0.0, Max: 0.1, Diff: 0.0, Sum: 0.3]
      [GC Worker Total (ms): Min: 50.4, Avg: 50.6, Max: 50.7, Diff: 0.3, Sum: 405.0]
      [GC Worker End (ms): Min: 62793.1, Avg: 62793.1, Max: 62793.1, Diff: 0.0]
   [Code Root Fixup: 0.0 ms]
   [Code Root Purge: 0.0 ms]
   [Clear CT: 0.5 ms]
   [Other: 1.3 ms]
      [Choose CSet: 0.0 ms]
      [Ref Proc: 0.3 ms]
      [Ref Enq: 0.0 ms]
      [Redirty Cards: 0.4 ms]
      [Humongous Register: 0.1 ms]
      [Humongous Reclaim: 0.0 ms]
      [Free CSet: 0.1 ms]
   [Eden: 9216.0K(98.0M)->0.0B(110.0M) Survivors: 14.0M->11.0M Heap: 988.8M(2048.0M)->992.8M(2048.0M)]
 [Times: user=0.33 sys=0.00, real=0.05 secs] 
2020-09-29T12:11:57.826+0200: 62.795: [GC concurrent-root-region-scan-start]
2020-09-29T12:11:57.833+0200: 62.802: [GC concurrent-root-region-scan-end, 0.0068161 secs]
2020-09-29T12:11:57.833+0200: 62.802: [GC concurrent-mark-start]
2020-09-29T12:11:57.841+0200: 62.810: [GC concurrent-mark-end, 0.0080247 secs]
2020-09-29T12:11:57.842+0200: 62.812: [GC remark 2020-09-29T12:11:57.842+0200: 62.812: [Finalize Marking, 0.0006587 secs] 2020-09-29T12:11:57.843+0200: 62.812: [GC ref-proc, 0.0007863 secs] 2020-09-29T12:11:57.844+0200: 62.813: [Unloading, 0.0009196 secs], 0.0032443 secs]
 [Times: user=0.00 sys=0.00, real=0.00 secs] 
2020-09-29T12:11:57.846+0200: 62.815: [GC cleanup 1008M->35M(2048M), 0.0031796 secs]
 [Times: user=0.03 sys=0.00, real=0.00 secs] 
2020-09-29T12:11:57.850+0200: 62.819: [GC concurrent-cleanup-start]
2020-09-29T12:11:57.853+0200: 62.822: [GC concurrent-cleanup-end, 0.0030830 secs]
2020-09-29T12:11:57.977+0200: 62.947: [GC pause (G1 Evacuation Pause) (young), 0.1613500 secs]
   [Parallel Time: 159.4 ms, GC Workers: 8]
      [GC Worker Start (ms): Min: 62946.8, Avg: 62946.9, Max: 62947.0, Diff: 0.2]
      [Ext Root Scanning (ms): Min: 0.0, Avg: 0.2, Max: 0.8, Diff: 0.8, Sum: 2.0]
      [Update RS (ms): Min: 19.9, Avg: 20.5, Max: 20.9, Diff: 1.0, Sum: 163.8]
         [Processed Buffers: Min: 6, Avg: 9.4, Max: 13, Diff: 7, Sum: 75]
      [Scan RS (ms): Min: 9.1, Avg: 9.5, Max: 9.8, Diff: 0.7, Sum: 76.4]
      [Code Root Scanning (ms): Min: 0.0, Avg: 0.0, Max: 0.0, Diff: 0.0, Sum: 0.0]
      [Object Copy (ms): Min: 128.4, Avg: 128.6, Max: 128.7, Diff: 0.3, Sum: 1028.5]
      [Termination (ms): Min: 0.0, Avg: 0.1, Max: 0.1, Diff: 0.1, Sum: 0.8]
         [Termination Attempts: Min: 1, Avg: 241.1, Max: 331, Diff: 330, Sum: 1929]
      [GC Worker Other (ms): Min: 0.0, Avg: 0.1, Max: 0.2, Diff: 0.2, Sum: 0.6]
      [GC Worker Total (ms): Min: 158.9, Avg: 159.0, Max: 159.1, Diff: 0.2, Sum: 1272.1]
      [GC Worker End (ms): Min: 63105.9, Avg: 63105.9, Max: 63106.0, Diff: 0.0]
   [Code Root Fixup: 0.0 ms]
   [Code Root Purge: 0.0 ms]
   [Clear CT: 0.4 ms]
   [Other: 1.5 ms]
      [Choose CSet: 0.0 ms]
      [Ref Proc: 0.4 ms]
      [Ref Enq: 0.0 ms]
      [Redirty Cards: 0.4 ms]
      [Humongous Register: 0.1 ms]
      [Humongous Reclaim: 0.0 ms]
      [Free CSet: 0.2 ms]
   [Eden: 110.0M(110.0M)->0.0B(109.0M) Survivors: 11.0M->16.0M Heap: 149.6M(2048.0M)->142.1M(2048.0M)]
 [Times: user=1.14 sys=0.00, real=0.16 secs] 
2020-09-29T12:11:58.297+0200: 63.266: [GC pause (G1 Evacuation Pause) (young), 0.1279338 secs]
   [Parallel Time: 126.9 ms, GC Workers: 8]
      [GC Worker Start (ms): Min: 63266.5, Avg: 63266.7, Max: 63266.8, Diff: 0.3]
      [Ext Root Scanning (ms): Min: 0.0, Avg: 0.1, Max: 0.3, Diff: 0.3, Sum: 1.1]
      [Update RS (ms): Min: 17.6, Avg: 19.9, Max: 32.9, Diff: 15.2, Sum: 159.5]
         [Processed Buffers: Min: 0, Avg: 8.6, Max: 12, Diff: 12, Sum: 69]
      [Scan RS (ms): Min: 1.0, Avg: 15.5, Max: 28.6, Diff: 27.6, Sum: 123.9]
      [Code Root Scanning (ms): Min: 0.0, Avg: 0.0, Max: 0.0, Diff: 0.0, Sum: 0.0]
      [Object Copy (ms): Min: 80.1, Avg: 90.9, Max: 92.5, Diff: 12.4, Sum: 726.9]
      [Termination (ms): Min: 0.1, Avg: 0.2, Max: 0.2, Diff: 0.1, Sum: 1.3]
         [Termination Attempts: Min: 1, Avg: 713.0, Max: 962, Diff: 961, Sum: 5704]
      [GC Worker Other (ms): Min: 0.0, Avg: 0.0, Max: 0.0, Diff: 0.0, Sum: 0.1]
      [GC Worker Total (ms): Min: 126.5, Avg: 126.6, Max: 126.8, Diff: 0.3, Sum: 1012.9]
      [GC Worker End (ms): Min: 63393.2, Avg: 63393.3, Max: 63393.3, Diff: 0.0]
   [Code Root Fixup: 0.0 ms]
   [Code Root Purge: 0.0 ms]
   [Clear CT: 0.2 ms]
   [Other: 0.8 ms]
      [Choose CSet: 0.0 ms]
      [Ref Proc: 0.2 ms]
      [Ref Enq: 0.0 ms]
      [Redirty Cards: 0.2 ms]
      [Humongous Register: 0.1 ms]
      [Humongous Reclaim: 0.0 ms]
      [Free CSet: 0.1 ms]
   [Eden: 109.0M(109.0M)->0.0B(114.0M) Survivors: 16.0M->16.0M Heap: 270.1M(2048.0M)->272.1M(2048.0M)]
 [Times: user=0.83 sys=0.00, real=0.13 secs] 
2020-09-29T12:11:58.499+0200: 63.469: [GC pause (G1 Evacuation Pause) (young), 0.0752800 secs]
   [Parallel Time: 74.4 ms, GC Workers: 8]
      [GC Worker Start (ms): Min: 63469.0, Avg: 63469.0, Max: 63469.1, Diff: 0.2]
      [Ext Root Scanning (ms): Min: 0.0, Avg: 0.1, Max: 0.1, Diff: 0.1, Sum: 0.7]
      [Update RS (ms): Min: 9.1, Avg: 9.3, Max: 9.8, Diff: 0.7, Sum: 74.4]
         [Processed Buffers: Min: 5, Avg: 10.0, Max: 13, Diff: 8, Sum: 80]
      [Scan RS (ms): Min: 5.3, Avg: 5.8, Max: 6.0, Diff: 0.7, Sum: 46.0]
      [Code Root Scanning (ms): Min: 0.0, Avg: 0.0, Max: 0.0, Diff: 0.0, Sum: 0.0]
      [Object Copy (ms): Min: 58.9, Avg: 59.0, Max: 59.0, Diff: 0.1, Sum: 471.7]
      [Termination (ms): Min: 0.0, Avg: 0.1, Max: 0.1, Diff: 0.1, Sum: 0.7]
         [Termination Attempts: Min: 1, Avg: 572.9, Max: 765, Diff: 764, Sum: 4583]
      [GC Worker Other (ms): Min: 0.0, Avg: 0.0, Max: 0.1, Diff: 0.1, Sum: 0.3]
      [GC Worker Total (ms): Min: 74.1, Avg: 74.2, Max: 74.3, Diff: 0.2, Sum: 593.8]
      [GC Worker End (ms): Min: 63543.2, Avg: 63543.3, Max: 63543.3, Diff: 0.1]
   [Code Root Fixup: 0.0 ms]
   [Code Root Purge: 0.0 ms]
   [Clear CT: 0.1 ms]
   [Other: 0.7 ms]
      [Choose CSet: 0.0 ms]
      [Ref Proc: 0.2 ms]
      [Ref Enq: 0.0 ms]
      [Redirty Cards: 0.1 ms]
      [Humongous Register: 0.1 ms]
      [Humongous Reclaim: 0.0 ms]
      [Free CSet: 0.1 ms]
   [Eden: 114.0M(114.0M)->0.0B(134.0M) Survivors: 16.0M->17.0M Heap: 405.2M(2048.0M)->407.7M(2048.0M)]
 [Times: user=0.55 sys=0.00, real=0.07 secs] 
2020-09-29T12:11:58.666+0200: 63.636: [GC pause (G1 Evacuation Pause) (young), 0.0826891 secs]
   [Parallel Time: 81.7 ms, GC Workers: 8]
      [GC Worker Start (ms): Min: 63635.8, Avg: 63635.8, Max: 63635.9, Diff: 0.2]
      [Ext Root Scanning (ms): Min: 0.0, Avg: 0.1, Max: 0.1, Diff: 0.1, Sum: 0.7]
      [Update RS (ms): Min: 10.5, Avg: 10.8, Max: 11.1, Diff: 0.6, Sum: 86.1]
         [Processed Buffers: Min: 8, Avg: 9.9, Max: 13, Diff: 5, Sum: 79]
      [Scan RS (ms): Min: 6.0, Avg: 6.3, Max: 6.6, Diff: 0.6, Sum: 50.4]
      [Code Root Scanning (ms): Min: 0.0, Avg: 0.0, Max: 0.0, Diff: 0.0, Sum: 0.0]
      [Object Copy (ms): Min: 64.2, Avg: 64.3, Max: 64.3, Diff: 0.1, Sum: 514.1]
      [Termination (ms): Min: 0.0, Avg: 0.1, Max: 0.2, Diff: 0.2, Sum: 0.8]
         [Termination Attempts: Min: 1, Avg: 331.8, Max: 514, Diff: 513, Sum: 2654]
      [GC Worker Other (ms): Min: 0.0, Avg: 0.0, Max: 0.0, Diff: 0.0, Sum: 0.1]
      [GC Worker Total (ms): Min: 81.4, Avg: 81.5, Max: 81.6, Diff: 0.2, Sum: 652.2]
      [GC Worker End (ms): Min: 63717.3, Avg: 63717.4, Max: 63717.4, Diff: 0.1]
   [Code Root Fixup: 0.0 ms]
   [Code Root Purge: 0.0 ms]
   [Clear CT: 0.2 ms]
   [Other: 0.9 ms]
      [Choose CSet: 0.0 ms]
      [Ref Proc: 0.2 ms]
      [Ref Enq: 0.0 ms]
      [Redirty Cards: 0.2 ms]
      [Humongous Register: 0.1 ms]
      [Humongous Reclaim: 0.0 ms]
      [Free CSet: 0.2 ms]
   [Eden: 134.0M(134.0M)->0.0B(157.0M) Survivors: 17.0M->19.0M Heap: 562.7M(2048.0M)->564.2M(2048.0M)]
 [Times: user=0.61 sys=0.00, real=0.08 secs] 
2020-09-29T12:11:58.858+0200: 63.828: [GC pause (G1 Evacuation Pause) (young), 0.0945777 secs]
   [Parallel Time: 93.5 ms, GC Workers: 8]
      [GC Worker Start (ms): Min: 63827.8, Avg: 63827.9, Max: 63828.0, Diff: 0.1]
      [Ext Root Scanning (ms): Min: 0.0, Avg: 0.1, Max: 0.2, Diff: 0.2, Sum: 0.7]
      [Update RS (ms): Min: 10.3, Avg: 10.5, Max: 11.0, Diff: 0.6, Sum: 84.1]
         [Processed Buffers: Min: 10, Avg: 11.1, Max: 13, Diff: 3, Sum: 89]
      [Scan RS (ms): Min: 7.0, Avg: 7.5, Max: 8.0, Diff: 1.1, Sum: 59.8]
      [Code Root Scanning (ms): Min: 0.0, Avg: 0.0, Max: 0.0, Diff: 0.0, Sum: 0.0]
      [Object Copy (ms): Min: 74.9, Avg: 75.2, Max: 75.3, Diff: 0.4, Sum: 601.5]
      [Termination (ms): Min: 0.0, Avg: 0.1, Max: 0.1, Diff: 0.1, Sum: 0.6]
         [Termination Attempts: Min: 1, Avg: 510.5, Max: 642, Diff: 641, Sum: 4084]
      [GC Worker Other (ms): Min: 0.0, Avg: 0.0, Max: 0.0, Diff: 0.0, Sum: 0.2]
      [GC Worker Total (ms): Min: 93.3, Avg: 93.4, Max: 93.4, Diff: 0.1, Sum: 746.9]
      [GC Worker End (ms): Min: 63921.2, Avg: 63921.3, Max: 63921.3, Diff: 0.0]
   [Code Root Fixup: 0.0 ms]
   [Code Root Purge: 0.0 ms]
   [Clear CT: 0.2 ms]
   [Other: 0.9 ms]
      [Choose CSet: 0.0 ms]
      [Ref Proc: 0.1 ms]
      [Ref Enq: 0.0 ms]
      [Redirty Cards: 0.3 ms]
      [Humongous Register: 0.1 ms]
      [Humongous Reclaim: 0.0 ms]
      [Free CSet: 0.1 ms]
   [Eden: 157.0M(157.0M)->0.0B(179.0M) Survivors: 19.0M->22.0M Heap: 747.9M(2048.0M)->749.9M(2048.0M)]
 [Times: user=0.72 sys=0.00, real=0.10 secs] 
2020-09-29T12:11:59.066+0200: 64.035: [GC pause (G1 Evacuation Pause) (young), 0.1281854 secs]
   [Parallel Time: 127.1 ms, GC Workers: 8]
      [GC Worker Start (ms): Min: 64035.0, Avg: 64035.1, Max: 64035.2, Diff: 0.2]
      [Ext Root Scanning (ms): Min: 0.0, Avg: 0.1, Max: 0.1, Diff: 0.1, Sum: 0.7]
      [Update RS (ms): Min: 12.1, Avg: 12.2, Max: 12.4, Diff: 0.4, Sum: 97.6]
         [Processed Buffers: Min: 10, Avg: 12.3, Max: 14, Diff: 4, Sum: 98]
      [Scan RS (ms): Min: 11.0, Avg: 11.6, Max: 15.4, Diff: 4.4, Sum: 93.1]
      [Code Root Scanning (ms): Min: 0.0, Avg: 0.0, Max: 0.0, Diff: 0.0, Sum: 0.0]
      [Object Copy (ms): Min: 99.0, Avg: 103.0, Max: 103.6, Diff: 4.6, Sum: 824.0]
      [Termination (ms): Min: 0.0, Avg: 0.0, Max: 0.0, Diff: 0.0, Sum: 0.1]
         [Termination Attempts: Min: 1, Avg: 121.3, Max: 198, Diff: 197, Sum: 970]
      [GC Worker Other (ms): Min: 0.0, Avg: 0.0, Max: 0.1, Diff: 0.0, Sum: 0.2]
      [GC Worker Total (ms): Min: 126.9, Avg: 127.0, Max: 127.0, Diff: 0.2, Sum: 1015.7]
      [GC Worker End (ms): Min: 64162.0, Avg: 64162.0, Max: 64162.1, Diff: 0.0]
   [Code Root Fixup: 0.0 ms]
   [Code Root Purge: 0.0 ms]
   [Clear CT: 0.2 ms]
   [Other: 0.9 ms]
      [Choose CSet: 0.0 ms]
      [Ref Proc: 0.2 ms]
      [Ref Enq: 0.0 ms]
      [Redirty Cards: 0.2 ms]
      [Humongous Register: 0.0 ms]
      [Humongous Reclaim: 0.0 ms]
      [Free CSet: 0.2 ms]
   [Eden: 179.0M(179.0M)->0.0B(189.0M) Survivors: 22.0M->26.0M Heap: 959.4M(2048.0M)->961.4M(2048.0M)]
 [Times: user=1.00 sys=0.00, real=0.13 secs] 
2020-09-29T12:11:59.207+0200: 64.177: [GC pause (G1 Humongous Allocation) (young) (initial-mark), 0.0400564 secs]
   [Parallel Time: 39.1 ms, GC Workers: 8]
      [GC Worker Start (ms): Min: 64176.7, Avg: 64176.8, Max: 64176.9, Diff: 0.2]
      [Ext Root Scanning (ms): Min: 0.0, Avg: 0.2, Max: 0.2, Diff: 0.2, Sum: 1.4]
      [Update RS (ms): Min: 17.1, Avg: 17.8, Max: 18.8, Diff: 1.7, Sum: 142.1]
         [Processed Buffers: Min: 14, Avg: 18.4, Max: 21, Diff: 7, Sum: 147]
      [Scan RS (ms): Min: 1.6, Avg: 1.9, Max: 2.3, Diff: 0.7, Sum: 15.3]
      [Code Root Scanning (ms): Min: 0.0, Avg: 0.0, Max: 0.0, Diff: 0.0, Sum: 0.0]
      [Object Copy (ms): Min: 17.8, Avg: 19.1, Max: 19.3, Diff: 1.5, Sum: 152.6]
      [Termination (ms): Min: 0.0, Avg: 0.0, Max: 0.0, Diff: 0.0, Sum: 0.1]
         [Termination Attempts: Min: 1, Avg: 81.6, Max: 101, Diff: 100, Sum: 653]
      [GC Worker Other (ms): Min: 0.0, Avg: 0.0, Max: 0.0, Diff: 0.0, Sum: 0.1]
      [GC Worker Total (ms): Min: 38.9, Avg: 39.0, Max: 39.0, Diff: 0.2, Sum: 311.7]
      [GC Worker End (ms): Min: 64215.8, Avg: 64215.8, Max: 64215.8, Diff: 0.0]
   [Code Root Fixup: 0.0 ms]
   [Code Root Purge: 0.0 ms]
   [Clear CT: 0.2 ms]
   [Other: 0.8 ms]
      [Choose CSet: 0.0 ms]
      [Ref Proc: 0.2 ms]
      [Ref Enq: 0.0 ms]
      [Redirty Cards: 0.2 ms]
      [Humongous Register: 0.1 ms]
      [Humongous Reclaim: 0.0 ms]
      [Free CSet: 0.1 ms]
   [Eden: 10.0M(189.0M)->0.0B(224.0M) Survivors: 26.0M->12.0M Heap: 971.4M(2048.0M)->975.9M(2048.0M)]
 [Times: user=0.33 sys=0.00, real=0.04 secs] 
2020-09-29T12:11:59.247+0200: 64.217: [GC concurrent-root-region-scan-start]
2020-09-29T12:11:59.251+0200: 64.220: [GC concurrent-root-region-scan-end, 0.0036118 secs]
2020-09-29T12:11:59.251+0200: 64.220: [GC concurrent-mark-start]
2020-09-29T12:11:59.255+0200: 64.225: [GC concurrent-mark-end, 0.0041496 secs]
2020-09-29T12:11:59.255+0200: 64.225: [GC remark 2020-09-29T12:11:59.255+0200: 64.225: [Finalize Marking, 0.0002397 secs] 2020-09-29T12:11:59.256+0200: 64.225: [GC ref-proc, 0.0003386 secs] 2020-09-29T12:11:59.256+0200: 64.225: [Unloading, 0.0006877 secs], 0.0018159 secs]
 [Times: user=0.00 sys=0.00, real=0.00 secs] 
2020-09-29T12:11:59.258+0200: 64.227: [GC cleanup 986M->32M(2048M), 0.0022459 secs]
 [Times: user=0.00 sys=0.00, real=0.00 secs] 
2020-09-29T12:11:59.260+0200: 64.229: [GC concurrent-cleanup-start]
2020-09-29T12:11:59.262+0200: 64.231: [GC concurrent-cleanup-end, 0.0018457 secs]
2020-09-29T12:11:59.388+0200: 64.357: [GC pause (G1 Evacuation Pause) (young), 0.1319080 secs]
   [Parallel Time: 130.7 ms, GC Workers: 8]
      [GC Worker Start (ms): Min: 64357.2, Avg: 64357.3, Max: 64357.4, Diff: 0.2]
      [Ext Root Scanning (ms): Min: 0.0, Avg: 0.1, Max: 0.2, Diff: 0.2, Sum: 0.5]
      [Update RS (ms): Min: 15.2, Avg: 15.5, Max: 15.8, Diff: 0.6, Sum: 124.3]
         [Processed Buffers: Min: 12, Avg: 14.1, Max: 17, Diff: 5, Sum: 113]
      [Scan RS (ms): Min: 12.1, Avg: 12.4, Max: 12.7, Diff: 0.6, Sum: 99.2]
      [Code Root Scanning (ms): Min: 0.0, Avg: 0.0, Max: 0.0, Diff: 0.0, Sum: 0.0]
      [Object Copy (ms): Min: 102.2, Avg: 102.3, Max: 102.5, Diff: 0.3, Sum: 818.3]
      [Termination (ms): Min: 0.0, Avg: 0.1, Max: 0.2, Diff: 0.2, Sum: 1.1]
         [Termination Attempts: Min: 1, Avg: 1000.1, Max: 1184, Diff: 1183, Sum: 8001]
      [GC Worker Other (ms): Min: 0.0, Avg: 0.0, Max: 0.1, Diff: 0.1, Sum: 0.3]
      [GC Worker Total (ms): Min: 130.4, Avg: 130.5, Max: 130.6, Diff: 0.2, Sum: 1043.7]
      [GC Worker End (ms): Min: 64487.8, Avg: 64487.8, Max: 64487.8, Diff: 0.1]
   [Code Root Fixup: 0.0 ms]
   [Code Root Purge: 0.0 ms]
   [Clear CT: 0.1 ms]
   [Other: 1.0 ms]
      [Choose CSet: 0.0 ms]
      [Ref Proc: 0.2 ms]
      [Ref Enq: 0.0 ms]
      [Redirty Cards: 0.3 ms]
      [Humongous Register: 0.0 ms]
      [Humongous Reclaim: 0.0 ms]
      [Free CSet: 0.2 ms]
   [Eden: 224.0M(224.0M)->0.0B(224.0M) Survivors: 12.0M->30.0M Heap: 284.1M(2048.0M)->274.1M(2048.0M)]
 [Times: user=0.98 sys=0.00, real=0.13 secs] 
2020-09-29T12:11:59.647+0200: 64.617: [GC pause (G1 Evacuation Pause) (young), 0.1291410 secs]
   [Parallel Time: 128.1 ms, GC Workers: 8]
      [GC Worker Start (ms): Min: 64616.8, Avg: 64616.8, Max: 64616.9, Diff: 0.1]
      [Ext Root Scanning (ms): Min: 0.0, Avg: 0.1, Max: 0.1, Diff: 0.1, Sum: 0.6]
      [Update RS (ms): Min: 15.7, Avg: 15.8, Max: 16.0, Diff: 0.3, Sum: 126.7]
         [Processed Buffers: Min: 15, Avg: 18.0, Max: 21, Diff: 6, Sum: 144]
      [Scan RS (ms): Min: 10.6, Avg: 10.9, Max: 11.1, Diff: 0.5, Sum: 86.9]
      [Code Root Scanning (ms): Min: 0.0, Avg: 0.0, Max: 0.0, Diff: 0.0, Sum: 0.0]
      [Object Copy (ms): Min: 100.9, Avg: 101.1, Max: 101.2, Diff: 0.3, Sum: 808.5]
      [Termination (ms): Min: 0.0, Avg: 0.1, Max: 0.1, Diff: 0.1, Sum: 0.5]
         [Termination Attempts: Min: 1, Avg: 415.3, Max: 506, Diff: 505, Sum: 3322]
      [GC Worker Other (ms): Min: 0.0, Avg: 0.0, Max: 0.1, Diff: 0.0, Sum: 0.3]
      [GC Worker Total (ms): Min: 127.9, Avg: 127.9, Max: 128.0, Diff: 0.1, Sum: 1023.5]
      [GC Worker End (ms): Min: 64744.8, Avg: 64744.8, Max: 64744.8, Diff: 0.1]
   [Code Root Fixup: 0.0 ms]
   [Code Root Purge: 0.0 ms]
   [Clear CT: 0.2 ms]
   [Other: 0.8 ms]
      [Choose CSet: 0.0 ms]
      [Ref Proc: 0.1 ms]
      [Ref Enq: 0.0 ms]
      [Redirty Cards: 0.2 ms]
      [Humongous Register: 0.0 ms]
      [Humongous Reclaim: 0.0 ms]
      [Free CSet: 0.2 ms]
   [Eden: 224.0M(224.0M)->0.0B(238.0M) Survivors: 30.0M->32.0M Heap: 536.3M(2048.0M)->538.3M(2048.0M)]
 [Times: user=0.98 sys=0.00, real=0.13 secs] 
2020-09-29T12:11:59.905+0200: 64.875: [GC pause (G1 Evacuation Pause) (young), 0.1362379 secs]
   [Parallel Time: 135.1 ms, GC Workers: 8]
      [GC Worker Start (ms): Min: 64874.6, Avg: 64874.8, Max: 64874.8, Diff: 0.2]
      [Ext Root Scanning (ms): Min: 0.0, Avg: 0.1, Max: 0.2, Diff: 0.2, Sum: 0.5]
      [Update RS (ms): Min: 11.7, Avg: 12.2, Max: 12.4, Diff: 0.8, Sum: 97.2]
         [Processed Buffers: Min: 12, Avg: 13.8, Max: 15, Diff: 3, Sum: 110]
      [Scan RS (ms): Min: 13.3, Avg: 13.7, Max: 14.3, Diff: 1.0, Sum: 109.5]
      [Code Root Scanning (ms): Min: 0.0, Avg: 0.0, Max: 0.0, Diff: 0.0, Sum: 0.0]
      [Object Copy (ms): Min: 108.2, Avg: 108.8, Max: 108.9, Diff: 0.7, Sum: 870.1]
      [Termination (ms): Min: 0.0, Avg: 0.0, Max: 0.0, Diff: 0.0, Sum: 0.1]
         [Termination Attempts: Min: 1, Avg: 113.9, Max: 161, Diff: 160, Sum: 911]
      [GC Worker Other (ms): Min: 0.0, Avg: 0.1, Max: 0.1, Diff: 0.1, Sum: 0.5]
      [GC Worker Total (ms): Min: 134.7, Avg: 134.8, Max: 134.8, Diff: 0.2, Sum: 1078.0]
      [GC Worker End (ms): Min: 65009.5, Avg: 65009.5, Max: 65009.6, Diff: 0.1]
   [Code Root Fixup: 0.0 ms]
   [Code Root Purge: 0.0 ms]
   [Clear CT: 0.2 ms]
   [Other: 1.0 ms]
      [Choose CSet: 0.0 ms]
      [Ref Proc: 0.2 ms]
      [Ref Enq: 0.0 ms]
      [Redirty Cards: 0.2 ms]
      [Humongous Register: 0.0 ms]
      [Humongous Reclaim: 0.0 ms]
      [Free CSet: 0.3 ms]
   [Eden: 238.0M(238.0M)->0.0B(254.0M) Survivors: 32.0M->34.0M Heap: 814.4M(2048.0M)->816.4M(2048.0M)]
 [Times: user=1.05 sys=0.00, real=0.14 secs] 
2020-09-29T12:12:00.193+0200: 65.163: [GC pause (G1 Evacuation Pause) (young), 0.1372281 secs]
   [Parallel Time: 136.2 ms, GC Workers: 8]
      [GC Worker Start (ms): Min: 65162.8, Avg: 65162.9, Max: 65163.0, Diff: 0.2]
      [Ext Root Scanning (ms): Min: 0.0, Avg: 0.1, Max: 0.2, Diff: 0.1, Sum: 0.5]
      [Update RS (ms): Min: 14.3, Avg: 14.3, Max: 14.4, Diff: 0.1, Sum: 114.7]
         [Processed Buffers: Min: 15, Avg: 16.5, Max: 18, Diff: 3, Sum: 132]
      [Scan RS (ms): Min: 13.3, Avg: 13.4, Max: 13.5, Diff: 0.2, Sum: 107.0]
      [Code Root Scanning (ms): Min: 0.0, Avg: 0.0, Max: 0.0, Diff: 0.0, Sum: 0.0]
      [Object Copy (ms): Min: 108.2, Avg: 108.2, Max: 108.2, Diff: 0.1, Sum: 865.6]
      [Termination (ms): Min: 0.0, Avg: 0.0, Max: 0.1, Diff: 0.1, Sum: 0.3]
         [Termination Attempts: Min: 1, Avg: 317.4, Max: 423, Diff: 422, Sum: 2539]
      [GC Worker Other (ms): Min: 0.0, Avg: 0.0, Max: 0.1, Diff: 0.1, Sum: 0.3]
      [GC Worker Total (ms): Min: 136.0, Avg: 136.0, Max: 136.1, Diff: 0.1, Sum: 1088.4]
      [GC Worker End (ms): Min: 65298.9, Avg: 65298.9, Max: 65299.0, Diff: 0.1]
   [Code Root Fixup: 0.0 ms]
   [Code Root Purge: 0.0 ms]
   [Clear CT: 0.2 ms]
   [Other: 0.9 ms]
      [Choose CSet: 0.0 ms]
      [Ref Proc: 0.1 ms]
      [Ref Enq: 0.0 ms]
      [Redirty Cards: 0.2 ms]
      [Humongous Register: 0.0 ms]
      [Humongous Reclaim: 0.0 ms]
      [Free CSet: 0.3 ms]
   [Eden: 254.0M(254.0M)->0.0B(275.0M) Survivors: 34.0M->36.0M Heap: 1114.3M(2048.0M)->1116.8M(2048.0M)]
 [Times: user=1.00 sys=0.00, real=0.14 secs] 
2020-09-29T12:12:00.347+0200: 65.317: [GC pause (G1 Humongous Allocation) (young) (initial-mark), 0.0515886 secs]
   [Parallel Time: 50.8 ms, GC Workers: 8]
      [GC Worker Start (ms): Min: 65317.3, Avg: 65317.4, Max: 65317.5, Diff: 0.2]
      [Ext Root Scanning (ms): Min: 0.0, Avg: 2.2, Max: 13.4, Diff: 13.4, Sum: 17.9]
      [Update RS (ms): Min: 12.6, Avg: 23.8, Max: 26.3, Diff: 13.7, Sum: 190.4]
         [Processed Buffers: Min: 16, Avg: 28.4, Max: 32, Diff: 16, Sum: 227]
      [Scan RS (ms): Min: 1.9, Avg: 2.3, Max: 3.0, Diff: 1.2, Sum: 18.3]
      [Code Root Scanning (ms): Min: 0.0, Avg: 0.0, Max: 0.0, Diff: 0.0, Sum: 0.0]
      [Object Copy (ms): Min: 21.7, Avg: 22.2, Max: 22.4, Diff: 0.7, Sum: 178.0]
      [Termination (ms): Min: 0.0, Avg: 0.1, Max: 0.1, Diff: 0.1, Sum: 0.5]
         [Termination Attempts: Min: 1, Avg: 384.6, Max: 471, Diff: 470, Sum: 3077]
      [GC Worker Other (ms): Min: 0.0, Avg: 0.0, Max: 0.0, Diff: 0.0, Sum: 0.1]
      [GC Worker Total (ms): Min: 50.6, Avg: 50.7, Max: 50.8, Diff: 0.2, Sum: 405.3]
      [GC Worker End (ms): Min: 65368.0, Avg: 65368.1, Max: 65368.1, Diff: 0.0]
   [Code Root Fixup: 0.0 ms]
   [Code Root Purge: 0.0 ms]
   [Clear CT: 0.2 ms]
   [Other: 0.6 ms]
      [Choose CSet: 0.0 ms]
      [Ref Proc: 0.2 ms]
      [Ref Enq: 0.0 ms]
      [Redirty Cards: 0.2 ms]
      [Humongous Register: 0.0 ms]
      [Humongous Reclaim: 0.0 ms]
      [Free CSet: 0.1 ms]
   [Eden: 10.0M(275.0M)->0.0B(303.0M) Survivors: 36.0M->13.0M Heap: 1126.8M(2048.0M)->1131.3M(2048.0M)]
 [Times: user=0.39 sys=0.00, real=0.05 secs] 
2020-09-29T12:12:00.399+0200: 65.369: [GC concurrent-root-region-scan-start]
2020-09-29T12:12:00.401+0200: 65.371: [GC concurrent-root-region-scan-end, 0.0023510 secs]
2020-09-29T12:12:00.401+0200: 65.371: [GC concurrent-mark-start]
2020-09-29T12:12:00.405+0200: 65.375: [GC concurrent-mark-end, 0.0037235 secs]
2020-09-29T12:12:00.405+0200: 65.375: [GC remark 2020-09-29T12:12:00.405+0200: 65.375: [Finalize Marking, 0.0002111 secs] 2020-09-29T12:12:00.406+0200: 65.375: [GC ref-proc, 0.0002917 secs] 2020-09-29T12:12:00.406+0200: 65.376: [Unloading, 0.0004480 secs], 0.0012965 secs]
 [Times: user=0.00 sys=0.00, real=0.00 secs] 
2020-09-29T12:12:00.407+0200: 65.377: [GC cleanup 1146M->37M(2048M), 0.0014212 secs]
 [Times: user=0.00 sys=0.00, real=0.00 secs] 
2020-09-29T12:12:00.408+0200: 65.378: [GC concurrent-cleanup-start]
2020-09-29T12:12:00.410+0200: 65.380: [GC concurrent-cleanup-end, 0.0016845 secs]
2020-09-29T12:12:00.567+0200: 65.537: [GC pause (G1 Evacuation Pause) (young), 0.1590529 secs]
   [Parallel Time: 157.9 ms, GC Workers: 8]
      [GC Worker Start (ms): Min: 65536.8, Avg: 65536.9, Max: 65536.9, Diff: 0.1]
      [Ext Root Scanning (ms): Min: 0.0, Avg: 0.1, Max: 0.1, Diff: 0.1, Sum: 0.5]
      [Update RS (ms): Min: 13.7, Avg: 13.9, Max: 15.1, Diff: 1.4, Sum: 111.5]
         [Processed Buffers: Min: 14, Avg: 15.9, Max: 19, Diff: 5, Sum: 127]
      [Scan RS (ms): Min: 14.2, Avg: 15.4, Max: 16.0, Diff: 1.8, Sum: 123.5]
      [Code Root Scanning (ms): Min: 0.0, Avg: 0.0, Max: 0.0, Diff: 0.0, Sum: 0.0]
      [Object Copy (ms): Min: 127.8, Avg: 128.1, Max: 128.3, Diff: 0.5, Sum: 1025.2]
      [Termination (ms): Min: 0.0, Avg: 0.0, Max: 0.0, Diff: 0.0, Sum: 0.3]
         [Termination Attempts: Min: 1, Avg: 230.8, Max: 317, Diff: 316, Sum: 1846]
      [GC Worker Other (ms): Min: 0.0, Avg: 0.0, Max: 0.0, Diff: 0.0, Sum: 0.2]
      [GC Worker Total (ms): Min: 157.6, Avg: 157.7, Max: 157.7, Diff: 0.1, Sum: 1261.3]
      [GC Worker End (ms): Min: 65694.5, Avg: 65694.5, Max: 65694.5, Diff: 0.0]
   [Code Root Fixup: 0.0 ms]
   [Code Root Purge: 0.0 ms]
   [Clear CT: 0.2 ms]
   [Other: 1.0 ms]
      [Choose CSet: 0.0 ms]
      [Ref Proc: 0.2 ms]
      [Ref Enq: 0.0 ms]
      [Redirty Cards: 0.3 ms]
      [Humongous Register: 0.0 ms]
      [Humongous Reclaim: 0.0 ms]
      [Free CSet: 0.3 ms]
   [Eden: 303.0M(303.0M)->0.0B(284.0M) Survivors: 13.0M->40.0M Heap: 377.0M(2048.0M)->366.5M(2048.0M)]
 [Times: user=1.22 sys=0.00, real=0.16 secs] 
2020-09-29T12:12:00.894+0200: 65.864: [GC pause (G1 Evacuation Pause) (young), 0.1843822 secs]
   [Parallel Time: 183.2 ms, GC Workers: 8]
      [GC Worker Start (ms): Min: 65864.1, Avg: 65864.2, Max: 65864.3, Diff: 0.2]
      [Ext Root Scanning (ms): Min: 0.0, Avg: 0.1, Max: 0.2, Diff: 0.2, Sum: 0.5]
      [Update RS (ms): Min: 20.9, Avg: 21.2, Max: 21.7, Diff: 0.8, Sum: 169.8]
         [Processed Buffers: Min: 18, Avg: 20.1, Max: 23, Diff: 5, Sum: 161]
      [Scan RS (ms): Min: 22.3, Avg: 22.7, Max: 23.0, Diff: 0.7, Sum: 181.6]
      [Code Root Scanning (ms): Min: 0.0, Avg: 0.0, Max: 0.0, Diff: 0.0, Sum: 0.0]
      [Object Copy (ms): Min: 138.5, Avg: 138.6, Max: 138.8, Diff: 0.3, Sum: 1109.2]
      [Termination (ms): Min: 0.0, Avg: 0.2, Max: 0.3, Diff: 0.3, Sum: 1.6]
         [Termination Attempts: Min: 1, Avg: 1272.9, Max: 1736, Diff: 1735, Sum: 10183]
      [GC Worker Other (ms): Min: 0.1, Avg: 0.1, Max: 0.1, Diff: 0.0, Sum: 0.6]
      [GC Worker Total (ms): Min: 182.8, Avg: 182.9, Max: 183.0, Diff: 0.2, Sum: 1463.3]
      [GC Worker End (ms): Min: 66047.1, Avg: 66047.1, Max: 66047.2, Diff: 0.0]
   [Code Root Fixup: 0.0 ms]
   [Code Root Purge: 0.0 ms]
   [Clear CT: 0.3 ms]
   [Other: 0.9 ms]
      [Choose CSet: 0.0 ms]
      [Ref Proc: 0.1 ms]
      [Ref Enq: 0.0 ms]
      [Redirty Cards: 0.2 ms]
      [Humongous Register: 0.0 ms]
      [Humongous Reclaim: 0.0 ms]
      [Free CSet: 0.3 ms]
   [Eden: 284.0M(284.0M)->0.0B(269.0M) Survivors: 40.0M->41.0M Heap: 698.2M(2048.0M)->700.2M(2048.0M)]
 [Times: user=1.42 sys=0.00, real=0.18 secs] 
2020-09-29T12:12:01.263+0200: 66.233: [GC pause (G1 Evacuation Pause) (young), 0.1608768 secs]
   [Parallel Time: 159.8 ms, GC Workers: 8]
      [GC Worker Start (ms): Min: 66233.0, Avg: 66233.1, Max: 66233.1, Diff: 0.1]
      [Ext Root Scanning (ms): Min: 0.0, Avg: 0.1, Max: 0.1, Diff: 0.1, Sum: 0.6]
      [Update RS (ms): Min: 16.4, Avg: 16.6, Max: 16.8, Diff: 0.4, Sum: 132.8]
         [Processed Buffers: Min: 17, Avg: 17.9, Max: 20, Diff: 3, Sum: 143]
      [Scan RS (ms): Min: 14.7, Avg: 14.9, Max: 15.2, Diff: 0.5, Sum: 118.9]
      [Code Root Scanning (ms): Min: 0.0, Avg: 0.0, Max: 0.0, Diff: 0.0, Sum: 0.0]
      [Object Copy (ms): Min: 127.8, Avg: 128.0, Max: 128.0, Diff: 0.2, Sum: 1023.8]
      [Termination (ms): Min: 0.0, Avg: 0.0, Max: 0.0, Diff: 0.0, Sum: 0.2]
         [Termination Attempts: Min: 1, Avg: 150.1, Max: 198, Diff: 197, Sum: 1201]
      [GC Worker Other (ms): Min: 0.0, Avg: 0.0, Max: 0.0, Diff: 0.0, Sum: 0.2]
      [GC Worker Total (ms): Min: 159.5, Avg: 159.6, Max: 159.6, Diff: 0.1, Sum: 1276.7]
      [GC Worker End (ms): Min: 66392.6, Avg: 66392.7, Max: 66392.7, Diff: 0.0]
   [Code Root Fixup: 0.0 ms]
   [Code Root Purge: 0.0 ms]
   [Clear CT: 0.2 ms]
   [Other: 0.9 ms]
      [Choose CSet: 0.0 ms]
      [Ref Proc: 0.2 ms]
      [Ref Enq: 0.0 ms]
      [Redirty Cards: 0.2 ms]
      [Humongous Register: 0.0 ms]
      [Humongous Reclaim: 0.0 ms]
      [Free CSet: 0.3 ms]
   [Eden: 269.0M(269.0M)->0.0B(281.0M) Survivors: 41.0M->39.0M Heap: 1013.1M(2048.0M)->1015.1M(2048.0M)]
 [Times: user=1.14 sys=0.02, real=0.16 secs] 
2020-09-29T12:12:01.426+0200: 66.395: [GC pause (G1 Humongous Allocation) (young) (initial-mark), 0.0802560 secs]
   [Parallel Time: 79.4 ms, GC Workers: 8]
      [GC Worker Start (ms): Min: 66395.5, Avg: 66395.6, Max: 66395.7, Diff: 0.2]
      [Ext Root Scanning (ms): Min: 0.0, Avg: 2.0, Max: 9.7, Diff: 9.7, Sum: 15.7]
      [Update RS (ms): Min: 41.9, Avg: 50.1, Max: 52.5, Diff: 10.6, Sum: 401.2]
         [Processed Buffers: Min: 40, Avg: 51.4, Max: 60, Diff: 20, Sum: 411]
      [Scan RS (ms): Min: 0.0, Avg: 0.0, Max: 0.2, Diff: 0.2, Sum: 0.2]
      [Code Root Scanning (ms): Min: 0.0, Avg: 0.0, Max: 0.0, Diff: 0.0, Sum: 0.0]
      [Object Copy (ms): Min: 26.5, Avg: 26.9, Max: 27.3, Diff: 0.8, Sum: 215.6]
      [Termination (ms): Min: 0.0, Avg: 0.1, Max: 0.1, Diff: 0.1, Sum: 0.8]
         [Termination Attempts: Min: 1, Avg: 781.4, Max: 1004, Diff: 1003, Sum: 6251]
      [GC Worker Other (ms): Min: 0.0, Avg: 0.0, Max: 0.0, Diff: 0.0, Sum: 0.3]
      [GC Worker Total (ms): Min: 79.1, Avg: 79.2, Max: 79.3, Diff: 0.2, Sum: 633.7]
      [GC Worker End (ms): Min: 66474.8, Avg: 66474.8, Max: 66474.8, Diff: 0.0]
   [Code Root Fixup: 0.0 ms]
   [Code Root Purge: 0.0 ms]
   [Clear CT: 0.2 ms]
   [Other: 0.7 ms]
      [Choose CSet: 0.0 ms]
      [Ref Proc: 0.2 ms]
      [Ref Enq: 0.0 ms]
      [Redirty Cards: 0.2 ms]
      [Humongous Register: 0.0 ms]
      [Humongous Reclaim: 0.0 ms]
      [Free CSet: 0.1 ms]
   [Eden: 3072.0K(281.0M)->0.0B(259.0M) Survivors: 39.0M->4096.0K Heap: 1017.6M(2048.0M)->1021.1M(2048.0M)]
 [Times: user=0.58 sys=0.00, real=0.08 secs] 
2020-09-29T12:12:01.506+0200: 66.476: [GC concurrent-root-region-scan-start]
2020-09-29T12:12:01.507+0200: 66.477: [GC concurrent-root-region-scan-end, 0.0009617 secs]
2020-09-29T12:12:01.507+0200: 66.477: [GC concurrent-mark-start]
2020-09-29T12:12:01.510+0200: 66.480: [GC concurrent-mark-end, 0.0031781 secs]
2020-09-29T12:12:01.511+0200: 66.481: [GC remark 2020-09-29T12:12:01.511+0200: 66.481: [Finalize Marking, 0.0001740 secs] 2020-09-29T12:12:01.511+0200: 66.481: [GC ref-proc, 0.0003805 secs] 2020-09-29T12:12:01.512+0200: 66.481: [Unloading, 0.0006526 secs], 0.0017611 secs]
 [Times: user=0.00 sys=0.00, real=0.00 secs] 
2020-09-29T12:12:01.513+0200: 66.483: [GC cleanup 1029M->22M(2048M), 0.0015744 secs]
 [Times: user=0.00 sys=0.00, real=0.00 secs] 
2020-09-29T12:12:01.515+0200: 66.485: [GC concurrent-cleanup-start]
2020-09-29T12:12:01.516+0200: 66.486: [GC concurrent-cleanup-end, 0.0012537 secs]
2020-09-29T12:12:01.675+0200: 66.644: [GC pause (G1 Evacuation Pause) (young), 0.1799406 secs]
   [Parallel Time: 178.8 ms, GC Workers: 8]
      [GC Worker Start (ms): Min: 66644.4, Avg: 66644.4, Max: 66644.5, Diff: 0.1]
      [Ext Root Scanning (ms): Min: 0.0, Avg: 0.1, Max: 0.1, Diff: 0.1, Sum: 0.7]
      [Update RS (ms): Min: 18.1, Avg: 18.3, Max: 18.7, Diff: 0.7, Sum: 146.6]
         [Processed Buffers: Min: 16, Avg: 17.8, Max: 21, Diff: 5, Sum: 142]
      [Scan RS (ms): Min: 10.2, Avg: 11.1, Max: 14.0, Diff: 3.8, Sum: 88.9]
      [Code Root Scanning (ms): Min: 0.0, Avg: 0.0, Max: 0.0, Diff: 0.0, Sum: 0.0]
      [Object Copy (ms): Min: 146.1, Avg: 149.0, Max: 149.5, Diff: 3.5, Sum: 1192.3]
      [Termination (ms): Min: 0.0, Avg: 0.1, Max: 0.1, Diff: 0.1, Sum: 0.7]
         [Termination Attempts: Min: 1, Avg: 435.4, Max: 627, Diff: 626, Sum: 3483]
      [GC Worker Other (ms): Min: 0.0, Avg: 0.0, Max: 0.1, Diff: 0.1, Sum: 0.2]
      [GC Worker Total (ms): Min: 178.6, Avg: 178.7, Max: 178.7, Diff: 0.1, Sum: 1429.4]
      [GC Worker End (ms): Min: 66823.1, Avg: 66823.1, Max: 66823.2, Diff: 0.1]
   [Code Root Fixup: 0.0 ms]
   [Code Root Purge: 0.0 ms]
   [Clear CT: 0.2 ms]
   [Other: 0.9 ms]
      [Choose CSet: 0.0 ms]
      [Ref Proc: 0.1 ms]
      [Ref Enq: 0.0 ms]
      [Redirty Cards: 0.2 ms]
      [Humongous Register: 0.0 ms]
      [Humongous Reclaim: 0.0 ms]
      [Free CSet: 0.2 ms]
   [Eden: 259.0M(259.0M)->0.0B(229.0M) Survivors: 4096.0K->33.0M Heap: 316.4M(2048.0M)->314.9M(2048.0M)]
 [Times: user=1.24 sys=0.02, real=0.18 secs] 
2020-09-29T12:12:01.995+0200: 66.965: [GC pause (G1 Evacuation Pause) (young), 0.1455108 secs]
   [Parallel Time: 144.3 ms, GC Workers: 8]
      [GC Worker Start (ms): Min: 66964.7, Avg: 66965.0, Max: 66965.6, Diff: 0.9]
      [Ext Root Scanning (ms): Min: 0.0, Avg: 0.1, Max: 0.2, Diff: 0.2, Sum: 0.6]
      [Update RS (ms): Min: 15.6, Avg: 16.3, Max: 17.3, Diff: 1.7, Sum: 130.6]
         [Processed Buffers: Min: 13, Avg: 16.1, Max: 19, Diff: 6, Sum: 129]
      [Scan RS (ms): Min: 10.6, Avg: 11.4, Max: 11.8, Diff: 1.2, Sum: 90.8]
      [Code Root Scanning (ms): Min: 0.0, Avg: 0.0, Max: 0.0, Diff: 0.0, Sum: 0.0]
      [Object Copy (ms): Min: 115.9, Avg: 116.0, Max: 116.1, Diff: 0.2, Sum: 927.9]
      [Termination (ms): Min: 0.0, Avg: 0.1, Max: 0.1, Diff: 0.1, Sum: 0.7]
         [Termination Attempts: Min: 1, Avg: 345.6, Max: 476, Diff: 475, Sum: 2765]
      [GC Worker Other (ms): Min: 0.0, Avg: 0.0, Max: 0.0, Diff: 0.0, Sum: 0.1]
      [GC Worker Total (ms): Min: 143.3, Avg: 143.9, Max: 144.2, Diff: 0.9, Sum: 1150.9]
      [GC Worker End (ms): Min: 67108.9, Avg: 67108.9, Max: 67108.9, Diff: 0.0]
   [Code Root Fixup: 0.0 ms]
   [Code Root Purge: 0.0 ms]
   [Clear CT: 0.2 ms]
   [Other: 1.1 ms]
      [Choose CSet: 0.0 ms]
      [Ref Proc: 0.2 ms]
      [Ref Enq: 0.0 ms]
      [Redirty Cards: 0.2 ms]
      [Humongous Register: 0.0 ms]
      [Humongous Reclaim: 0.0 ms]
      [Free CSet: 0.3 ms]
   [Eden: 229.0M(229.0M)->0.0B(244.0M) Survivors: 33.0M->33.0M Heap: 582.0M(2048.0M)->583.0M(2048.0M)]
 [Times: user=1.02 sys=0.00, real=0.15 secs] 
2020-09-29T12:12:02.296+0200: 67.266: [GC pause (G1 Evacuation Pause) (young), 0.1425661 secs]
   [Parallel Time: 141.4 ms, GC Workers: 8]
      [GC Worker Start (ms): Min: 67266.0, Avg: 67266.0, Max: 67266.1, Diff: 0.2]
      [Ext Root Scanning (ms): Min: 0.0, Avg: 0.1, Max: 0.2, Diff: 0.2, Sum: 0.7]
      [Update RS (ms): Min: 17.9, Avg: 18.2, Max: 18.5, Diff: 0.5, Sum: 145.4]
         [Processed Buffers: Min: 14, Avg: 17.5, Max: 19, Diff: 5, Sum: 140]
      [Scan RS (ms): Min: 11.8, Avg: 12.2, Max: 13.8, Diff: 2.1, Sum: 97.6]
      [Code Root Scanning (ms): Min: 0.0, Avg: 0.0, Max: 0.0, Diff: 0.0, Sum: 0.0]
      [Object Copy (ms): Min: 108.9, Avg: 110.7, Max: 111.0, Diff: 2.1, Sum: 885.6]
      [Termination (ms): Min: 0.0, Avg: 0.0, Max: 0.0, Diff: 0.0, Sum: 0.1]
         [Termination Attempts: Min: 1, Avg: 93.5, Max: 119, Diff: 118, Sum: 748]
      [GC Worker Other (ms): Min: 0.0, Avg: 0.0, Max: 0.1, Diff: 0.1, Sum: 0.3]
      [GC Worker Total (ms): Min: 141.1, Avg: 141.2, Max: 141.3, Diff: 0.2, Sum: 1129.7]
      [GC Worker End (ms): Min: 67407.2, Avg: 67407.2, Max: 67407.3, Diff: 0.1]
   [Code Root Fixup: 0.0 ms]
   [Code Root Purge: 0.0 ms]
   [Clear CT: 0.2 ms]
   [Other: 1.0 ms]
      [Choose CSet: 0.0 ms]
      [Ref Proc: 0.2 ms]
      [Ref Enq: 0.0 ms]
      [Redirty Cards: 0.2 ms]
      [Humongous Register: 0.0 ms]
      [Humongous Reclaim: 0.0 ms]
      [Free CSet: 0.3 ms]
   [Eden: 244.0M(244.0M)->0.0B(261.0M) Survivors: 33.0M->35.0M Heap: 867.1M(2048.0M)->869.6M(2048.0M)]
 [Times: user=1.05 sys=0.00, real=0.14 secs] 
2020-09-29T12:12:02.611+0200: 67.581: [GC pause (G1 Evacuation Pause) (young), 0.1676516 secs]
   [Parallel Time: 166.6 ms, GC Workers: 8]
      [GC Worker Start (ms): Min: 67580.9, Avg: 67583.3, Max: 67596.2, Diff: 15.3]
      [Ext Root Scanning (ms): Min: 0.0, Avg: 0.1, Max: 0.2, Diff: 0.2, Sum: 0.7]
      [Update RS (ms): Min: 11.0, Avg: 23.7, Max: 26.4, Diff: 15.4, Sum: 189.7]
         [Processed Buffers: Min: 9, Avg: 21.4, Max: 24, Diff: 15, Sum: 171]
      [Scan RS (ms): Min: 13.9, Avg: 14.1, Max: 14.5, Diff: 0.7, Sum: 113.1]
      [Code Root Scanning (ms): Min: 0.0, Avg: 0.0, Max: 0.0, Diff: 0.0, Sum: 0.0]
      [Object Copy (ms): Min: 125.9, Avg: 126.0, Max: 126.2, Diff: 0.3, Sum: 1008.2]
      [Termination (ms): Min: 0.0, Avg: 0.1, Max: 0.1, Diff: 0.1, Sum: 0.7]
         [Termination Attempts: Min: 1, Avg: 634.3, Max: 784, Diff: 783, Sum: 5074]
      [GC Worker Other (ms): Min: 0.0, Avg: 0.0, Max: 0.1, Diff: 0.1, Sum: 0.4]
      [GC Worker Total (ms): Min: 151.2, Avg: 164.1, Max: 166.4, Diff: 15.2, Sum: 1312.8]
      [GC Worker End (ms): Min: 67747.4, Avg: 67747.4, Max: 67747.4, Diff: 0.1]
   [Code Root Fixup: 0.0 ms]
   [Code Root Purge: 0.0 ms]
   [Clear CT: 0.1 ms]
   [Other: 0.9 ms]
      [Choose CSet: 0.0 ms]
      [Ref Proc: 0.1 ms]
      [Ref Enq: 0.0 ms]
      [Redirty Cards: 0.3 ms]
      [Humongous Register: 0.1 ms]
      [Humongous Reclaim: 0.0 ms]
      [Free CSet: 0.3 ms]
   [Eden: 261.0M(261.0M)->0.0B(264.0M) Survivors: 35.0M->37.0M Heap: 1174.4M(2048.0M)->1176.9M(2048.0M)]
 [Times: user=1.31 sys=0.00, real=0.17 secs] 
2020-09-29T12:12:02.794+0200: 67.764: [GC pause (G1 Humongous Allocation) (young) (initial-mark), 0.0582147 secs]
   [Parallel Time: 57.2 ms, GC Workers: 8]
      [GC Worker Start (ms): Min: 67764.0, Avg: 67764.1, Max: 67764.2, Diff: 0.2]
      [Ext Root Scanning (ms): Min: 0.0, Avg: 0.3, Max: 0.9, Diff: 0.9, Sum: 2.2]
      [Update RS (ms): Min: 26.8, Avg: 27.3, Max: 27.6, Diff: 0.8, Sum: 218.8]
         [Processed Buffers: Min: 26, Avg: 30.3, Max: 35, Diff: 9, Sum: 242]
      [Scan RS (ms): Min: 2.2, Avg: 2.3, Max: 2.5, Diff: 0.3, Sum: 18.4]
      [Code Root Scanning (ms): Min: 0.0, Avg: 0.0, Max: 0.0, Diff: 0.0, Sum: 0.0]
      [Object Copy (ms): Min: 26.8, Avg: 26.9, Max: 27.1, Diff: 0.3, Sum: 215.3]
      [Termination (ms): Min: 0.0, Avg: 0.2, Max: 0.2, Diff: 0.2, Sum: 1.3]
         [Termination Attempts: Min: 1, Avg: 1219.1, Max: 1636, Diff: 1635, Sum: 9753]
      [GC Worker Other (ms): Min: 0.0, Avg: 0.0, Max: 0.1, Diff: 0.0, Sum: 0.3]
      [GC Worker Total (ms): Min: 56.9, Avg: 57.0, Max: 57.1, Diff: 0.2, Sum: 456.3]
      [GC Worker End (ms): Min: 67821.2, Avg: 67821.2, Max: 67821.2, Diff: 0.0]
   [Code Root Fixup: 0.0 ms]
   [Code Root Purge: 0.0 ms]
   [Clear CT: 0.1 ms]
   [Other: 0.8 ms]
      [Choose CSet: 0.0 ms]
      [Ref Proc: 0.2 ms]
      [Ref Enq: 0.0 ms]
      [Redirty Cards: 0.2 ms]
      [Humongous Register: 0.1 ms]
      [Humongous Reclaim: 0.0 ms]
      [Free CSet: 0.1 ms]
   [Eden: 3072.0K(264.0M)->0.0B(270.0M) Survivors: 37.0M->5120.0K Heap: 1179.9M(2048.0M)->1183.9M(2048.0M)]
 [Times: user=0.44 sys=0.00, real=0.06 secs] 
2020-09-29T12:12:02.853+0200: 67.822: [GC concurrent-root-region-scan-start]
2020-09-29T12:12:02.854+0200: 67.823: [GC concurrent-root-region-scan-end, 0.0012509 secs]
2020-09-29T12:12:02.854+0200: 67.823: [GC concurrent-mark-start]
2020-09-29T12:12:02.858+0200: 67.827: [GC concurrent-mark-end, 0.0037739 secs]
2020-09-29T12:12:02.858+0200: 67.828: [GC remark 2020-09-29T12:12:02.858+0200: 67.828: [Finalize Marking, 0.0001572 secs] 2020-09-29T12:12:02.858+0200: 67.828: [GC ref-proc, 0.0003227 secs] 2020-09-29T12:12:02.859+0200: 67.828: [Unloading, 0.0004453 secs], 0.0013878 secs]
 [Times: user=0.00 sys=0.00, real=0.00 secs] 
2020-09-29T12:12:02.860+0200: 67.829: [GC cleanup 1195M->26M(2048M), 0.0015417 secs]
 [Times: user=0.00 sys=0.00, real=0.00 secs] 
2020-09-29T12:12:02.861+0200: 67.831: [GC concurrent-cleanup-start]
2020-09-29T12:12:02.864+0200: 67.834: [GC concurrent-cleanup-end, 0.0026397 secs]
2020-09-29T12:12:02.993+0200: 67.962: [GC pause (G1 Evacuation Pause) (young), 0.1619841 secs]
   [Parallel Time: 160.8 ms, GC Workers: 8]
      [GC Worker Start (ms): Min: 67962.4, Avg: 67962.5, Max: 67962.6, Diff: 0.2]
      [Ext Root Scanning (ms): Min: 0.0, Avg: 0.0, Max: 0.2, Diff: 0.2, Sum: 0.4]
      [Update RS (ms): Min: 16.6, Avg: 16.9, Max: 17.6, Diff: 1.1, Sum: 135.0]
         [Processed Buffers: Min: 16, Avg: 17.3, Max: 20, Diff: 4, Sum: 138]
      [Scan RS (ms): Min: 16.2, Avg: 16.9, Max: 17.3, Diff: 1.1, Sum: 135.4]
      [Code Root Scanning (ms): Min: 0.0, Avg: 0.0, Max: 0.0, Diff: 0.0, Sum: 0.0]
      [Object Copy (ms): Min: 126.5, Avg: 126.6, Max: 126.6, Diff: 0.1, Sum: 1012.7]
      [Termination (ms): Min: 0.0, Avg: 0.0, Max: 0.0, Diff: 0.0, Sum: 0.2]
         [Termination Attempts: Min: 1, Avg: 150.5, Max: 183, Diff: 182, Sum: 1204]
      [GC Worker Other (ms): Min: 0.0, Avg: 0.0, Max: 0.1, Diff: 0.1, Sum: 0.3]
      [GC Worker Total (ms): Min: 160.4, Avg: 160.5, Max: 160.6, Diff: 0.2, Sum: 1284.0]
      [GC Worker End (ms): Min: 68123.0, Avg: 68123.0, Max: 68123.0, Diff: 0.1]
   [Code Root Fixup: 0.0 ms]
   [Code Root Purge: 0.0 ms]
   [Clear CT: 0.2 ms]
   [Other: 1.0 ms]
      [Choose CSet: 0.0 ms]
      [Ref Proc: 0.2 ms]
      [Ref Enq: 0.0 ms]
      [Redirty Cards: 0.2 ms]
      [Humongous Register: 0.0 ms]
      [Humongous Reclaim: 0.0 ms]
      [Free CSet: 0.3 ms]
   [Eden: 270.0M(270.0M)->0.0B(248.0M) Survivors: 5120.0K->35.0M Heap: 330.8M(2048.0M)->327.3M(2048.0M)]
 [Times: user=1.06 sys=0.06, real=0.16 secs] 
2020-09-29T12:12:03.296+0200: 68.265: [GC pause (G1 Evacuation Pause) (young), 0.1628776 secs]
   [Parallel Time: 161.6 ms, GC Workers: 8]
      [GC Worker Start (ms): Min: 68265.4, Avg: 68265.5, Max: 68265.5, Diff: 0.1]
      [Ext Root Scanning (ms): Min: 0.0, Avg: 0.1, Max: 0.2, Diff: 0.1, Sum: 0.6]
      [Update RS (ms): Min: 24.9, Avg: 25.1, Max: 25.4, Diff: 0.5, Sum: 201.1]
         [Processed Buffers: Min: 17, Avg: 19.4, Max: 25, Diff: 8, Sum: 155]
      [Scan RS (ms): Min: 18.6, Avg: 18.9, Max: 19.3, Diff: 0.7, Sum: 151.5]
      [Code Root Scanning (ms): Min: 0.0, Avg: 0.0, Max: 0.0, Diff: 0.0, Sum: 0.0]
      [Object Copy (ms): Min: 117.1, Avg: 117.2, Max: 117.3, Diff: 0.2, Sum: 937.7]
      [Termination (ms): Min: 0.0, Avg: 0.0, Max: 0.0, Diff: 0.0, Sum: 0.2]
         [Termination Attempts: Min: 1, Avg: 155.0, Max: 200, Diff: 199, Sum: 1240]
      [GC Worker Other (ms): Min: 0.0, Avg: 0.0, Max: 0.1, Diff: 0.0, Sum: 0.3]
      [GC Worker Total (ms): Min: 161.4, Avg: 161.4, Max: 161.5, Diff: 0.2, Sum: 1291.5]
      [GC Worker End (ms): Min: 68426.9, Avg: 68426.9, Max: 68426.9, Diff: 0.0]
   [Code Root Fixup: 0.0 ms]
   [Code Root Purge: 0.0 ms]
   [Clear CT: 0.2 ms]
   [Other: 1.1 ms]
      [Choose CSet: 0.0 ms]
      [Ref Proc: 0.2 ms]
      [Ref Enq: 0.0 ms]
      [Redirty Cards: 0.3 ms]
      [Humongous Register: 0.0 ms]
      [Humongous Reclaim: 0.0 ms]
      [Free CSet: 0.3 ms]
   [Eden: 248.0M(248.0M)->0.0B(245.0M) Survivors: 35.0M->36.0M Heap: 617.2M(2048.0M)->619.7M(2048.0M)]
 [Times: user=1.33 sys=0.01, real=0.16 secs] 
2020-09-29T12:12:03.610+0200: 68.579: [GC pause (G1 Evacuation Pause) (young), 0.1532359 secs]
   [Parallel Time: 152.1 ms, GC Workers: 8]
      [GC Worker Start (ms): Min: 68579.4, Avg: 68579.5, Max: 68579.6, Diff: 0.2]
      [Ext Root Scanning (ms): Min: 0.0, Avg: 0.1, Max: 0.2, Diff: 0.2, Sum: 0.7]
      [Update RS (ms): Min: 15.4, Avg: 15.7, Max: 15.9, Diff: 0.5, Sum: 125.6]
         [Processed Buffers: Min: 14, Avg: 16.0, Max: 18, Diff: 4, Sum: 128]
      [Scan RS (ms): Min: 13.1, Avg: 13.5, Max: 13.9, Diff: 0.7, Sum: 107.6]
      [Code Root Scanning (ms): Min: 0.0, Avg: 0.0, Max: 0.0, Diff: 0.0, Sum: 0.0]
      [Object Copy (ms): Min: 122.5, Avg: 122.6, Max: 122.7, Diff: 0.2, Sum: 980.7]
      [Termination (ms): Min: 0.0, Avg: 0.1, Max: 0.1, Diff: 0.1, Sum: 0.6]
         [Termination Attempts: Min: 1, Avg: 290.0, Max: 409, Diff: 408, Sum: 2320]
      [GC Worker Other (ms): Min: 0.0, Avg: 0.0, Max: 0.0, Diff: 0.0, Sum: 0.2]
      [GC Worker Total (ms): Min: 151.8, Avg: 151.9, Max: 152.0, Diff: 0.2, Sum: 1215.5]
      [GC Worker End (ms): Min: 68731.4, Avg: 68731.4, Max: 68731.4, Diff: 0.0]
   [Code Root Fixup: 0.0 ms]
   [Code Root Purge: 0.0 ms]
   [Clear CT: 0.2 ms]
   [Other: 1.0 ms]
      [Choose CSet: 0.0 ms]
      [Ref Proc: 0.2 ms]
      [Ref Enq: 0.0 ms]
      [Redirty Cards: 0.2 ms]
      [Humongous Register: 0.1 ms]
      [Humongous Reclaim: 0.0 ms]
      [Free CSet: 0.3 ms]
   [Eden: 245.0M(245.0M)->0.0B(259.0M) Survivors: 36.0M->36.0M Heap: 904.8M(2048.0M)->906.8M(2048.0M)]
 [Times: user=1.19 sys=0.02, real=0.15 secs] 
2020-09-29T12:12:03.935+0200: 68.904: [GC pause (G1 Humongous Allocation) (young) (initial-mark), 0.1941251 secs]
   [Parallel Time: 193.0 ms, GC Workers: 8]
      [GC Worker Start (ms): Min: 68903.8, Avg: 68903.9, Max: 68904.0, Diff: 0.2]
      [Ext Root Scanning (ms): Min: 0.0, Avg: 6.0, Max: 27.9, Diff: 27.9, Sum: 47.7]
      [Update RS (ms): Min: 0.0, Avg: 20.1, Max: 26.1, Diff: 26.1, Sum: 161.0]
         [Processed Buffers: Min: 0, Avg: 19.1, Max: 25, Diff: 25, Sum: 153]
      [Scan RS (ms): Min: 13.6, Avg: 15.4, Max: 16.2, Diff: 2.6, Sum: 123.5]
      [Code Root Scanning (ms): Min: 0.0, Avg: 0.0, Max: 0.0, Diff: 0.0, Sum: 0.0]
      [Object Copy (ms): Min: 150.9, Avg: 151.1, Max: 151.3, Diff: 0.4, Sum: 1208.8]
      [Termination (ms): Min: 0.0, Avg: 0.2, Max: 0.2, Diff: 0.2, Sum: 1.3]
         [Termination Attempts: Min: 1, Avg: 1133.5, Max: 1476, Diff: 1475, Sum: 9068]
      [GC Worker Other (ms): Min: 0.0, Avg: 0.0, Max: 0.1, Diff: 0.0, Sum: 0.3]
      [GC Worker Total (ms): Min: 192.7, Avg: 192.8, Max: 192.9, Diff: 0.2, Sum: 1542.6]
      [GC Worker End (ms): Min: 69096.7, Avg: 69096.7, Max: 69096.7, Diff: 0.0]
   [Code Root Fixup: 0.0 ms]
   [Code Root Purge: 0.0 ms]
   [Clear CT: 0.2 ms]
   [Other: 1.0 ms]
      [Choose CSet: 0.0 ms]
      [Ref Proc: 0.2 ms]
      [Ref Enq: 0.0 ms]
      [Redirty Cards: 0.2 ms]
      [Humongous Register: 0.0 ms]
      [Humongous Reclaim: 0.0 ms]
      [Free CSet: 0.3 ms]
   [Eden: 256.0M(259.0M)->0.0B(245.0M) Survivors: 36.0M->37.0M Heap: 1204.8M(2048.0M)->1206.3M(2048.0M)]
 [Times: user=1.31 sys=0.00, real=0.19 secs] 
2020-09-29T12:12:04.129+0200: 69.098: [GC concurrent-root-region-scan-start]
2020-09-29T12:12:04.146+0200: 69.115: [GC concurrent-root-region-scan-end, 0.0168376 secs]
2020-09-29T12:12:04.146+0200: 69.115: [GC concurrent-mark-start]
2020-09-29T12:12:04.151+0200: 69.119: [GC concurrent-mark-end, 0.0044946 secs]
2020-09-29T12:12:04.152+0200: 69.121: [GC remark 2020-09-29T12:12:04.152+0200: 69.121: [Finalize Marking, 0.0002568 secs] 2020-09-29T12:12:04.152+0200: 69.121: [GC ref-proc, 0.0004092 secs] 2020-09-29T12:12:04.152+0200: 69.121: [Unloading, 0.0005081 secs], 0.0015525 secs]
 [Times: user=0.00 sys=0.00, real=0.00 secs] 
2020-09-29T12:12:04.154+0200: 69.123: [GC cleanup 1209M->49M(2048M), 0.0017577 secs]
 [Times: user=0.00 sys=0.00, real=0.00 secs] 
2020-09-29T12:12:04.156+0200: 69.124: [GC concurrent-cleanup-start]
2020-09-29T12:12:04.158+0200: 69.127: [GC concurrent-cleanup-end, 0.0024200 secs]
2020-09-29T12:12:04.305+0200: 69.274: [GC pause (G1 Evacuation Pause) (young), 0.1652915 secs]
   [Parallel Time: 164.1 ms, GC Workers: 8]
      [GC Worker Start (ms): Min: 69273.7, Avg: 69273.8, Max: 69273.9, Diff: 0.1]
      [Ext Root Scanning (ms): Min: 0.0, Avg: 0.1, Max: 0.1, Diff: 0.1, Sum: 0.6]
      [Update RS (ms): Min: 18.9, Avg: 20.6, Max: 31.8, Diff: 12.9, Sum: 164.6]
         [Processed Buffers: Min: 0, Avg: 17.3, Max: 21, Diff: 21, Sum: 138]
      [Scan RS (ms): Min: 0.0, Avg: 11.2, Max: 12.9, Diff: 12.9, Sum: 89.9]
      [Code Root Scanning (ms): Min: 0.0, Avg: 0.0, Max: 0.0, Diff: 0.0, Sum: 0.0]
      [Object Copy (ms): Min: 131.6, Avg: 131.8, Max: 131.9, Diff: 0.3, Sum: 1054.5]
      [Termination (ms): Min: 0.0, Avg: 0.1, Max: 0.2, Diff: 0.2, Sum: 0.8]
         [Termination Attempts: Min: 1, Avg: 399.6, Max: 538, Diff: 537, Sum: 3197]
      [GC Worker Other (ms): Min: 0.0, Avg: 0.0, Max: 0.0, Diff: 0.0, Sum: 0.1]
      [GC Worker Total (ms): Min: 163.8, Avg: 163.8, Max: 163.9, Diff: 0.1, Sum: 1310.5]
      [GC Worker End (ms): Min: 69437.6, Avg: 69437.6, Max: 69437.6, Diff: 0.0]
   [Code Root Fixup: 0.0 ms]
   [Code Root Purge: 0.0 ms]
   [Clear CT: 0.2 ms]
   [Other: 1.1 ms]
      [Choose CSet: 0.0 ms]
      [Ref Proc: 0.2 ms]
      [Ref Enq: 0.0 ms]
      [Redirty Cards: 0.3 ms]
      [Humongous Register: 0.0 ms]
      [Humongous Reclaim: 0.0 ms]
      [Free CSet: 0.2 ms]
   [Eden: 245.0M(245.0M)->0.0B(248.0M) Survivors: 37.0M->36.0M Heap: 334.0M(2048.0M)->298.5M(2048.0M)]
 [Times: user=1.14 sys=0.00, real=0.16 secs] 
2020-09-29T12:12:04.616+0200: 69.585: [GC pause (G1 Evacuation Pause) (young), 0.1858638 secs]
   [Parallel Time: 184.7 ms, GC Workers: 8]
      [GC Worker Start (ms): Min: 69584.9, Avg: 69584.9, Max: 69585.0, Diff: 0.1]
      [Ext Root Scanning (ms): Min: 0.0, Avg: 0.1, Max: 0.1, Diff: 0.1, Sum: 0.6]
      [Update RS (ms): Min: 21.8, Avg: 22.7, Max: 28.0, Diff: 6.2, Sum: 181.5]
         [Processed Buffers: Min: 0, Avg: 20.3, Max: 28, Diff: 28, Sum: 162]
      [Scan RS (ms): Min: 10.3, Avg: 15.5, Max: 16.5, Diff: 6.2, Sum: 124.3]
      [Code Root Scanning (ms): Min: 0.0, Avg: 0.0, Max: 0.0, Diff: 0.0, Sum: 0.0]
      [Object Copy (ms): Min: 146.0, Avg: 146.1, Max: 146.2, Diff: 0.3, Sum: 1168.6]
      [Termination (ms): Min: 0.0, Avg: 0.0, Max: 0.1, Diff: 0.1, Sum: 0.3]
         [Termination Attempts: Min: 1, Avg: 265.9, Max: 343, Diff: 342, Sum: 2127]
      [GC Worker Other (ms): Min: 0.0, Avg: 0.1, Max: 0.1, Diff: 0.1, Sum: 0.4]
      [GC Worker Total (ms): Min: 184.4, Avg: 184.5, Max: 184.6, Diff: 0.1, Sum: 1475.8]
      [GC Worker End (ms): Min: 69769.3, Avg: 69769.4, Max: 69769.4, Diff: 0.1]
   [Code Root Fixup: 0.0 ms]
   [Code Root Purge: 0.0 ms]
   [Clear CT: 0.2 ms]
   [Other: 1.0 ms]
      [Choose CSet: 0.0 ms]
      [Ref Proc: 0.2 ms]
      [Ref Enq: 0.0 ms]
      [Redirty Cards: 0.2 ms]
      [Humongous Register: 0.0 ms]
      [Humongous Reclaim: 0.0 ms]
      [Free CSet: 0.2 ms]
   [Eden: 248.0M(248.0M)->0.0B(241.0M) Survivors: 36.0M->36.0M Heap: 588.4M(2048.0M)->589.9M(2048.0M)]
 [Times: user=1.33 sys=0.00, real=0.19 secs] 
2020-09-29T12:12:04.969+0200: 69.938: [GC pause (G1 Evacuation Pause) (young), 0.1427275 secs]
   [Parallel Time: 141.6 ms, GC Workers: 8]
      [GC Worker Start (ms): Min: 69938.5, Avg: 69938.5, Max: 69938.6, Diff: 0.2]
      [Ext Root Scanning (ms): Min: 0.0, Avg: 0.1, Max: 0.2, Diff: 0.2, Sum: 0.6]
      [Update RS (ms): Min: 13.8, Avg: 14.0, Max: 14.2, Diff: 0.4, Sum: 111.7]
         [Processed Buffers: Min: 13, Avg: 15.5, Max: 18, Diff: 5, Sum: 124]
      [Scan RS (ms): Min: 13.2, Avg: 13.5, Max: 13.8, Diff: 0.7, Sum: 108.0]
      [Code Root Scanning (ms): Min: 0.0, Avg: 0.0, Max: 0.0, Diff: 0.0, Sum: 0.0]
      [Object Copy (ms): Min: 113.4, Avg: 113.8, Max: 113.9, Diff: 0.5, Sum: 910.0]
      [Termination (ms): Min: 0.0, Avg: 0.0, Max: 0.0, Diff: 0.0, Sum: 0.0]
         [Termination Attempts: Min: 1, Avg: 6.6, Max: 13, Diff: 12, Sum: 53]
      [GC Worker Other (ms): Min: 0.0, Avg: 0.0, Max: 0.1, Diff: 0.1, Sum: 0.3]
      [GC Worker Total (ms): Min: 141.2, Avg: 141.3, Max: 141.4, Diff: 0.2, Sum: 1130.6]
      [GC Worker End (ms): Min: 70079.9, Avg: 70079.9, Max: 70079.9, Diff: 0.0]
   [Code Root Fixup: 0.0 ms]
   [Code Root Purge: 0.0 ms]
   [Clear CT: 0.2 ms]
   [Other: 1.0 ms]
      [Choose CSet: 0.0 ms]
      [Ref Proc: 0.1 ms]
      [Ref Enq: 0.0 ms]
      [Redirty Cards: 0.4 ms]
      [Humongous Register: 0.1 ms]
      [Humongous Reclaim: 0.0 ms]
      [Free CSet: 0.3 ms]
   [Eden: 241.0M(241.0M)->0.0B(258.0M) Survivors: 36.0M->35.0M Heap: 871.0M(2048.0M)->873.0M(2048.0M)]
 [Times: user=1.08 sys=0.00, real=0.14 secs] 
2020-09-29T12:12:05.288+0200: 70.257: [GC pause (G1 Evacuation Pause) (young), 0.1686153 secs]
   [Parallel Time: 167.6 ms, GC Workers: 8]
      [GC Worker Start (ms): Min: 70256.9, Avg: 70257.0, Max: 70257.1, Diff: 0.2]
      [Ext Root Scanning (ms): Min: 0.0, Avg: 0.1, Max: 0.1, Diff: 0.1, Sum: 0.7]
      [Update RS (ms): Min: 15.2, Avg: 15.4, Max: 15.6, Diff: 0.5, Sum: 123.3]
         [Processed Buffers: Min: 6, Avg: 15.0, Max: 18, Diff: 12, Sum: 120]
      [Scan RS (ms): Min: 15.7, Avg: 16.2, Max: 16.8, Diff: 1.1, Sum: 129.2]
      [Code Root Scanning (ms): Min: 0.0, Avg: 0.0, Max: 0.0, Diff: 0.0, Sum: 0.0]
      [Object Copy (ms): Min: 135.3, Avg: 135.7, Max: 135.9, Diff: 0.6, Sum: 1085.8]
      [Termination (ms): Min: 0.0, Avg: 0.0, Max: 0.1, Diff: 0.1, Sum: 0.3]
         [Termination Attempts: Min: 1, Avg: 257.5, Max: 329, Diff: 328, Sum: 2060]
      [GC Worker Other (ms): Min: 0.0, Avg: 0.0, Max: 0.1, Diff: 0.1, Sum: 0.3]
      [GC Worker Total (ms): Min: 167.3, Avg: 167.5, Max: 167.5, Diff: 0.2, Sum: 1339.6]
      [GC Worker End (ms): Min: 70424.4, Avg: 70424.4, Max: 70424.5, Diff: 0.1]
   [Code Root Fixup: 0.0 ms]
   [Code Root Purge: 0.0 ms]
   [Clear CT: 0.2 ms]
   [Other: 0.9 ms]
      [Choose CSet: 0.0 ms]
      [Ref Proc: 0.1 ms]
      [Ref Enq: 0.0 ms]
      [Redirty Cards: 0.2 ms]
      [Humongous Register: 0.1 ms]
      [Humongous Reclaim: 0.0 ms]
      [Free CSet: 0.3 ms]
   [Eden: 258.0M(258.0M)->0.0B(260.0M) Survivors: 35.0M->37.0M Heap: 1172.9M(2048.0M)->1174.9M(2048.0M)]
 [Times: user=1.01 sys=0.02, real=0.17 secs] 
2020-09-29T12:12:05.458+0200: 70.427: [GC pause (G1 Humongous Allocation) (young) (initial-mark), 0.0760154 secs]
   [Parallel Time: 75.2 ms, GC Workers: 8]
      [GC Worker Start (ms): Min: 70427.6, Avg: 70427.7, Max: 70427.8, Diff: 0.2]
      [Ext Root Scanning (ms): Min: 0.0, Avg: 3.9, Max: 29.8, Diff: 29.8, Sum: 30.8]
      [Update RS (ms): Min: 17.3, Avg: 44.6, Max: 61.8, Diff: 44.5, Sum: 357.1]
         [Processed Buffers: Min: 20, Avg: 47.9, Max: 59, Diff: 39, Sum: 383]
      [Scan RS (ms): Min: 0.0, Avg: 0.5, Max: 0.7, Diff: 0.7, Sum: 3.6]
      [Code Root Scanning (ms): Min: 0.0, Avg: 0.0, Max: 0.0, Diff: 0.0, Sum: 0.0]
      [Object Copy (ms): Min: 13.0, Avg: 26.0, Max: 27.9, Diff: 14.9, Sum: 207.8]
      [Termination (ms): Min: 0.0, Avg: 0.1, Max: 0.1, Diff: 0.1, Sum: 0.8]
         [Termination Attempts: Min: 1, Avg: 379.0, Max: 549, Diff: 548, Sum: 3032]
      [GC Worker Other (ms): Min: 0.0, Avg: 0.0, Max: 0.0, Diff: 0.0, Sum: 0.1]
      [GC Worker Total (ms): Min: 74.9, Avg: 75.0, Max: 75.1, Diff: 0.2, Sum: 600.2]
      [GC Worker End (ms): Min: 70502.7, Avg: 70502.7, Max: 70502.8, Diff: 0.0]
   [Code Root Fixup: 0.0 ms]
   [Code Root Purge: 0.0 ms]
   [Clear CT: 0.1 ms]
   [Other: 0.7 ms]
      [Choose CSet: 0.0 ms]
      [Ref Proc: 0.2 ms]
      [Ref Enq: 0.0 ms]
      [Redirty Cards: 0.1 ms]
      [Humongous Register: 0.1 ms]
      [Humongous Reclaim: 0.0 ms]
      [Free CSet: 0.1 ms]
   [Eden: 4096.0K(260.0M)->0.0B(251.0M) Survivors: 37.0M->5120.0K Heap: 1178.9M(2048.0M)->1182.4M(2048.0M)]
 [Times: user=0.44 sys=0.00, real=0.08 secs] 
2020-09-29T12:12:05.535+0200: 70.504: [GC concurrent-root-region-scan-start]
2020-09-29T12:12:05.536+0200: 70.505: [GC concurrent-root-region-scan-end, 0.0013870 secs]
2020-09-29T12:12:05.536+0200: 70.505: [GC concurrent-mark-start]
2020-09-29T12:12:05.540+0200: 70.509: [GC concurrent-mark-end, 0.0035589 secs]
2020-09-29T12:12:05.540+0200: 70.509: [GC remark 2020-09-29T12:12:05.540+0200: 70.509: [Finalize Marking, 0.0002284 secs] 2020-09-29T12:12:05.541+0200: 70.510: [GC ref-proc, 0.0003815 secs] 2020-09-29T12:12:05.541+0200: 70.510: [Unloading, 0.0014929 secs], 0.0041482 secs]
 [Times: user=0.00 sys=0.00, real=0.01 secs] 
2020-09-29T12:12:05.545+0200: 70.514: [GC cleanup 1195M->27M(2048M), 0.0017256 secs]
 [Times: user=0.00 sys=0.00, real=0.00 secs] 
2020-09-29T12:12:05.547+0200: 70.516: [GC concurrent-cleanup-start]
2020-09-29T12:12:05.550+0200: 70.519: [GC concurrent-cleanup-end, 0.0030026 secs]
2020-09-29T12:12:05.699+0200: 70.668: [GC pause (G1 Evacuation Pause) (young), 0.1543098 secs]
   [Parallel Time: 153.2 ms, GC Workers: 8]
      [GC Worker Start (ms): Min: 70667.7, Avg: 70670.5, Max: 70687.5, Diff: 19.9]
      [Ext Root Scanning (ms): Min: 0.0, Avg: 0.1, Max: 0.2, Diff: 0.1, Sum: 0.6]
      [Update RS (ms): Min: 1.0, Avg: 17.8, Max: 20.9, Diff: 20.0, Sum: 142.6]
         [Processed Buffers: Min: 1, Avg: 15.9, Max: 19, Diff: 18, Sum: 127]
      [Scan RS (ms): Min: 10.8, Avg: 11.3, Max: 11.7, Diff: 0.9, Sum: 90.2]
      [Code Root Scanning (ms): Min: 0.0, Avg: 0.0, Max: 0.0, Diff: 0.0, Sum: 0.0]
      [Object Copy (ms): Min: 120.8, Avg: 120.9, Max: 121.0, Diff: 0.3, Sum: 967.4]
      [Termination (ms): Min: 0.0, Avg: 0.1, Max: 0.2, Diff: 0.2, Sum: 1.0]
         [Termination Attempts: Min: 1, Avg: 734.0, Max: 934, Diff: 933, Sum: 5872]
      [GC Worker Other (ms): Min: 0.0, Avg: 0.0, Max: 0.0, Diff: 0.0, Sum: 0.1]
      [GC Worker Total (ms): Min: 133.2, Avg: 150.2, Max: 153.0, Diff: 19.8, Sum: 1201.9]
      [GC Worker End (ms): Min: 70820.7, Avg: 70820.7, Max: 70820.7, Diff: 0.0]
   [Code Root Fixup: 0.0 ms]
   [Code Root Purge: 0.0 ms]
   [Clear CT: 0.2 ms]
   [Other: 1.0 ms]
      [Choose CSet: 0.0 ms]
      [Ref Proc: 0.2 ms]
      [Ref Enq: 0.0 ms]
      [Redirty Cards: 0.2 ms]
      [Humongous Register: 0.0 ms]
      [Humongous Reclaim: 0.0 ms]
      [Free CSet: 0.2 ms]
   [Eden: 251.0M(251.0M)->0.0B(240.0M) Survivors: 5120.0K->32.0M Heap: 308.0M(2048.0M)->305.5M(2048.0M)]
 [Times: user=1.20 sys=0.00, real=0.15 secs] 
2020-09-29T12:12:06.019+0200: 70.988: [GC pause (G1 Evacuation Pause) (young), 0.1397359 secs]
   [Parallel Time: 138.6 ms, GC Workers: 8]
      [GC Worker Start (ms): Min: 70987.7, Avg: 70987.8, Max: 70987.8, Diff: 0.1]
      [Ext Root Scanning (ms): Min: 0.0, Avg: 0.1, Max: 0.1, Diff: 0.1, Sum: 0.7]
      [Update RS (ms): Min: 14.9, Avg: 15.1, Max: 15.4, Diff: 0.5, Sum: 120.7]
         [Processed Buffers: Min: 14, Avg: 15.1, Max: 16, Diff: 2, Sum: 121]
      [Scan RS (ms): Min: 11.6, Avg: 11.9, Max: 12.1, Diff: 0.5, Sum: 95.2]
      [Code Root Scanning (ms): Min: 0.0, Avg: 0.0, Max: 0.0, Diff: 0.0, Sum: 0.0]
      [Object Copy (ms): Min: 111.2, Avg: 111.2, Max: 111.3, Diff: 0.2, Sum: 889.7]
      [Termination (ms): Min: 0.0, Avg: 0.1, Max: 0.1, Diff: 0.1, Sum: 0.7]
         [Termination Attempts: Min: 1, Avg: 709.8, Max: 879, Diff: 878, Sum: 5678]
      [GC Worker Other (ms): Min: 0.0, Avg: 0.0, Max: 0.1, Diff: 0.0, Sum: 0.3]
      [GC Worker Total (ms): Min: 138.4, Avg: 138.4, Max: 138.5, Diff: 0.1, Sum: 1107.4]
      [GC Worker End (ms): Min: 71126.2, Avg: 71126.2, Max: 71126.2, Diff: 0.0]
   [Code Root Fixup: 0.0 ms]
   [Code Root Purge: 0.0 ms]
   [Clear CT: 0.1 ms]
   [Other: 1.0 ms]
      [Choose CSet: 0.0 ms]
      [Ref Proc: 0.1 ms]
      [Ref Enq: 0.0 ms]
      [Redirty Cards: 0.3 ms]
      [Humongous Register: 0.0 ms]
      [Humongous Reclaim: 0.0 ms]
      [Free CSet: 0.3 ms]
   [Eden: 240.0M(240.0M)->0.0B(256.0M) Survivors: 32.0M->34.0M Heap: 585.5M(2048.0M)->588.0M(2048.0M)]
 [Times: user=1.06 sys=0.02, real=0.14 secs] 
2020-09-29T12:12:06.338+0200: 71.307: [GC pause (G1 Evacuation Pause) (young), 0.1677964 secs]
   [Parallel Time: 166.7 ms, GC Workers: 8]
      [GC Worker Start (ms): Min: 71307.6, Avg: 71309.5, Max: 71322.2, Diff: 14.6]
      [Ext Root Scanning (ms): Min: 0.0, Avg: 0.1, Max: 0.2, Diff: 0.2, Sum: 0.6]
      [Update RS (ms): Min: 6.9, Avg: 19.5, Max: 21.6, Diff: 14.7, Sum: 156.4]
         [Processed Buffers: Min: 8, Avg: 18.5, Max: 22, Diff: 14, Sum: 148]
      [Scan RS (ms): Min: 15.4, Avg: 15.6, Max: 15.8, Diff: 0.4, Sum: 124.6]
      [Code Root Scanning (ms): Min: 0.0, Avg: 0.0, Max: 0.0, Diff: 0.0, Sum: 0.0]
      [Object Copy (ms): Min: 129.3, Avg: 129.4, Max: 129.6, Diff: 0.3, Sum: 1035.2]
      [Termination (ms): Min: 0.0, Avg: 0.1, Max: 0.1, Diff: 0.1, Sum: 0.8]
         [Termination Attempts: Min: 1, Avg: 651.0, Max: 902, Diff: 901, Sum: 5208]
      [GC Worker Other (ms): Min: 0.0, Avg: 0.0, Max: 0.1, Diff: 0.0, Sum: 0.3]
      [GC Worker Total (ms): Min: 152.1, Avg: 164.7, Max: 166.7, Diff: 14.6, Sum: 1318.0]
      [GC Worker End (ms): Min: 71474.2, Avg: 71474.2, Max: 71474.3, Diff: 0.0]
   [Code Root Fixup: 0.0 ms]
   [Code Root Purge: 0.0 ms]
   [Clear CT: 0.2 ms]
   [Other: 0.9 ms]
      [Choose CSet: 0.0 ms]
      [Ref Proc: 0.2 ms]
      [Ref Enq: 0.0 ms]
      [Redirty Cards: 0.2 ms]
      [Humongous Register: 0.0 ms]
      [Humongous Reclaim: 0.0 ms]
      [Free CSet: 0.2 ms]
   [Eden: 256.0M(256.0M)->0.0B(256.0M) Survivors: 34.0M->37.0M Heap: 887.9M(2048.0M)->890.4M(2048.0M)]
 [Times: user=1.30 sys=0.00, real=0.17 secs] 
2020-09-29T12:12:06.675+0200: 71.644: [GC pause (G1 Evacuation Pause) (young), 0.1460977 secs]
   [Parallel Time: 145.0 ms, GC Workers: 8]
      [GC Worker Start (ms): Min: 71643.8, Avg: 71643.9, Max: 71643.9, Diff: 0.1]
      [Ext Root Scanning (ms): Min: 0.0, Avg: 0.1, Max: 0.1, Diff: 0.1, Sum: 0.6]
      [Update RS (ms): Min: 15.8, Avg: 16.0, Max: 16.2, Diff: 0.4, Sum: 127.8]
         [Processed Buffers: Min: 17, Avg: 18.9, Max: 20, Diff: 3, Sum: 151]
      [Scan RS (ms): Min: 12.2, Avg: 12.4, Max: 12.5, Diff: 0.3, Sum: 99.0]
      [Code Root Scanning (ms): Min: 0.0, Avg: 0.0, Max: 0.0, Diff: 0.0, Sum: 0.0]
      [Object Copy (ms): Min: 116.2, Avg: 116.2, Max: 116.3, Diff: 0.1, Sum: 929.9]
      [Termination (ms): Min: 0.0, Avg: 0.1, Max: 0.2, Diff: 0.2, Sum: 1.2]
         [Termination Attempts: Min: 1, Avg: 689.3, Max: 970, Diff: 969, Sum: 5514]
      [GC Worker Other (ms): Min: 0.0, Avg: 0.0, Max: 0.0, Diff: 0.0, Sum: 0.1]
      [GC Worker Total (ms): Min: 144.8, Avg: 144.8, Max: 144.9, Diff: 0.1, Sum: 1158.6]
      [GC Worker End (ms): Min: 71788.7, Avg: 71788.7, Max: 71788.7, Diff: 0.1]
   [Code Root Fixup: 0.0 ms]
   [Code Root Purge: 0.0 ms]
   [Clear CT: 0.2 ms]
   [Other: 0.9 ms]
      [Choose CSet: 0.0 ms]
      [Ref Proc: 0.2 ms]
      [Ref Enq: 0.0 ms]
      [Redirty Cards: 0.2 ms]
      [Humongous Register: 0.1 ms]
      [Humongous Reclaim: 0.0 ms]
      [Free CSet: 0.3 ms]
   [Eden: 256.0M(256.0M)->0.0B(275.0M) Survivors: 37.0M->37.0M Heap: 1188.3M(2048.0M)->1190.8M(2048.0M)]
 [Times: user=1.24 sys=0.00, real=0.15 secs] 
2020-09-29T12:12:06.834+0200: 71.804: [GC pause (G1 Humongous Allocation) (young) (initial-mark), 0.0584242 secs]
   [Parallel Time: 57.5 ms, GC Workers: 8]
      [GC Worker Start (ms): Min: 71803.7, Avg: 71803.8, Max: 71803.8, Diff: 0.1]
      [Ext Root Scanning (ms): Min: 0.0, Avg: 0.1, Max: 0.1, Diff: 0.1, Sum: 0.7]
      [Update RS (ms): Min: 26.0, Avg: 26.1, Max: 26.4, Diff: 0.4, Sum: 209.0]
         [Processed Buffers: Min: 30, Avg: 31.5, Max: 33, Diff: 3, Sum: 252]
      [Scan RS (ms): Min: 2.1, Avg: 2.4, Max: 2.6, Diff: 0.4, Sum: 19.2]
      [Code Root Scanning (ms): Min: 0.0, Avg: 0.0, Max: 0.0, Diff: 0.0, Sum: 0.0]
      [Object Copy (ms): Min: 28.5, Avg: 28.6, Max: 28.7, Diff: 0.2, Sum: 228.7]
      [Termination (ms): Min: 0.0, Avg: 0.2, Max: 0.2, Diff: 0.2, Sum: 1.4]
         [Termination Attempts: Min: 1, Avg: 848.6, Max: 1058, Diff: 1057, Sum: 6789]
      [GC Worker Other (ms): Min: 0.0, Avg: 0.0, Max: 0.0, Diff: 0.0, Sum: 0.2]
      [GC Worker Total (ms): Min: 57.3, Avg: 57.4, Max: 57.4, Diff: 0.1, Sum: 459.1]
      [GC Worker End (ms): Min: 71861.2, Avg: 71861.2, Max: 71861.2, Diff: 0.0]
   [Code Root Fixup: 0.0 ms]
   [Code Root Purge: 0.0 ms]
   [Clear CT: 0.2 ms]
   [Other: 0.7 ms]
      [Choose CSet: 0.0 ms]
      [Ref Proc: 0.2 ms]
      [Ref Enq: 0.0 ms]
      [Redirty Cards: 0.1 ms]
      [Humongous Register: 0.1 ms]
      [Humongous Reclaim: 0.0 ms]
      [Free CSet: 0.1 ms]
   [Eden: 5120.0K(275.0M)->0.0B(267.0M) Survivors: 37.0M->7168.0K Heap: 1195.3M(2048.0M)->1199.3M(2048.0M)]
 [Times: user=0.34 sys=0.03, real=0.06 secs] 
2020-09-29T12:12:06.893+0200: 71.862: [GC concurrent-root-region-scan-start]
2020-09-29T12:12:06.894+0200: 71.863: [GC concurrent-root-region-scan-end, 0.0012196 secs]
2020-09-29T12:12:06.894+0200: 71.863: [GC concurrent-mark-start]
2020-09-29T12:12:06.897+0200: 71.866: [GC concurrent-mark-end, 0.0025377 secs]
2020-09-29T12:12:06.897+0200: 71.866: [GC remark 2020-09-29T12:12:06.897+0200: 71.866: [Finalize Marking, 0.0001368 secs] 2020-09-29T12:12:06.897+0200: 71.866: [GC ref-proc, 0.0002917 secs] 2020-09-29T12:12:06.897+0200: 71.866: [Unloading, 0.0004151 secs], 0.0012057 secs]
 [Times: user=0.00 sys=0.00, real=0.00 secs] 
2020-09-29T12:12:06.898+0200: 71.868: [GC cleanup 1209M->26M(2048M), 0.0013051 secs]
 [Times: user=0.00 sys=0.00, real=0.00 secs] 
2020-09-29T12:12:06.900+0200: 71.869: [GC concurrent-cleanup-start]
2020-09-29T12:12:06.901+0200: 71.871: [GC concurrent-cleanup-end, 0.0015932 secs]
2020-09-29T12:12:07.052+0200: 72.021: [GC pause (G1 Evacuation Pause) (young), 0.2222752 secs]
   [Parallel Time: 221.0 ms, GC Workers: 8]
      [GC Worker Start (ms): Min: 72020.9, Avg: 72021.0, Max: 72021.7, Diff: 0.8]
      [Ext Root Scanning (ms): Min: 0.0, Avg: 0.1, Max: 0.2, Diff: 0.2, Sum: 0.7]
      [Update RS (ms): Min: 27.7, Avg: 29.1, Max: 31.8, Diff: 4.1, Sum: 232.9]
         [Processed Buffers: Min: 8, Avg: 19.8, Max: 29, Diff: 21, Sum: 158]
      [Scan RS (ms): Min: 16.2, Avg: 18.7, Max: 19.5, Diff: 3.3, Sum: 149.3]
      [Code Root Scanning (ms): Min: 0.0, Avg: 0.0, Max: 0.0, Diff: 0.0, Sum: 0.0]
      [Object Copy (ms): Min: 171.8, Avg: 172.1, Max: 172.8, Diff: 1.0, Sum: 1376.5]
      [Termination (ms): Min: 0.1, Avg: 0.8, Max: 1.1, Diff: 1.0, Sum: 6.5]
         [Termination Attempts: Min: 1, Avg: 4451.0, Max: 5706, Diff: 5705, Sum: 35608]
      [GC Worker Other (ms): Min: 0.0, Avg: 0.0, Max: 0.0, Diff: 0.0, Sum: 0.1]
      [GC Worker Total (ms): Min: 220.0, Avg: 220.8, Max: 221.0, Diff: 0.9, Sum: 1766.0]
      [GC Worker End (ms): Min: 72241.7, Avg: 72241.8, Max: 72241.8, Diff: 0.1]
   [Code Root Fixup: 0.0 ms]
   [Code Root Purge: 0.0 ms]
   [Clear CT: 0.1 ms]
   [Other: 1.1 ms]
      [Choose CSet: 0.0 ms]
      [Ref Proc: 0.2 ms]
      [Ref Enq: 0.0 ms]
      [Redirty Cards: 0.2 ms]
      [Humongous Register: 0.2 ms]
      [Humongous Reclaim: 0.0 ms]
      [Free CSet: 0.3 ms]
   [Eden: 267.0M(267.0M)->0.0B(203.0M) Survivors: 7168.0K->35.0M Heap: 329.3M(2048.0M)->324.8M(2048.0M)]
 [Times: user=1.52 sys=0.05, real=0.22 secs] 
2020-09-29T12:12:07.416+0200: 72.385: [GC pause (G1 Evacuation Pause) (young), 0.1397355 secs]
   [Parallel Time: 138.6 ms, GC Workers: 8]
      [GC Worker Start (ms): Min: 72385.2, Avg: 72388.6, Max: 72398.6, Diff: 13.4]
      [Ext Root Scanning (ms): Min: 0.0, Avg: 0.1, Max: 0.2, Diff: 0.2, Sum: 0.7]
      [Update RS (ms): Min: 7.6, Avg: 17.6, Max: 21.0, Diff: 13.4, Sum: 140.7]
         [Processed Buffers: Min: 9, Avg: 17.6, Max: 23, Diff: 14, Sum: 141]
      [Scan RS (ms): Min: 9.2, Avg: 9.4, Max: 9.5, Diff: 0.3, Sum: 75.1]
      [Code Root Scanning (ms): Min: 0.0, Avg: 0.0, Max: 0.0, Diff: 0.0, Sum: 0.0]
      [Object Copy (ms): Min: 107.9, Avg: 107.9, Max: 108.0, Diff: 0.1, Sum: 863.5]
      [Termination (ms): Min: 0.0, Avg: 0.0, Max: 0.0, Diff: 0.0, Sum: 0.1]
         [Termination Attempts: Min: 1, Avg: 55.9, Max: 81, Diff: 80, Sum: 447]
      [GC Worker Other (ms): Min: 0.0, Avg: 0.0, Max: 0.1, Diff: 0.1, Sum: 0.3]
      [GC Worker Total (ms): Min: 125.0, Avg: 135.0, Max: 138.5, Diff: 13.5, Sum: 1080.3]
      [GC Worker End (ms): Min: 72523.6, Avg: 72523.6, Max: 72523.6, Diff: 0.1]
   [Code Root Fixup: 0.0 ms]
   [Code Root Purge: 0.0 ms]
   [Clear CT: 0.1 ms]
   [Other: 1.0 ms]
      [Choose CSet: 0.0 ms]
      [Ref Proc: 0.2 ms]
      [Ref Enq: 0.0 ms]
      [Redirty Cards: 0.3 ms]
      [Humongous Register: 0.1 ms]
      [Humongous Reclaim: 0.0 ms]
      [Free CSet: 0.2 ms]
   [Eden: 203.0M(203.0M)->0.0B(226.0M) Survivors: 35.0M->30.0M Heap: 562.1M(2048.0M)->564.6M(2048.0M)]
 [Times: user=1.08 sys=0.00, real=0.14 secs] 
2020-09-29T12:12:07.676+0200: 72.645: [GC pause (G1 Evacuation Pause) (young), 0.1271230 secs]
   [Parallel Time: 126.1 ms, GC Workers: 8]
      [GC Worker Start (ms): Min: 72645.2, Avg: 72645.3, Max: 72645.4, Diff: 0.2]
      [Ext Root Scanning (ms): Min: 0.0, Avg: 0.1, Max: 0.2, Diff: 0.2, Sum: 0.5]
      [Update RS (ms): Min: 14.7, Avg: 15.0, Max: 15.2, Diff: 0.4, Sum: 119.6]
         [Processed Buffers: Min: 16, Avg: 17.4, Max: 19, Diff: 3, Sum: 139]
      [Scan RS (ms): Min: 9.8, Avg: 10.1, Max: 10.3, Diff: 0.4, Sum: 80.9]
      [Code Root Scanning (ms): Min: 0.0, Avg: 0.0, Max: 0.0, Diff: 0.0, Sum: 0.0]
      [Object Copy (ms): Min: 100.7, Avg: 100.7, Max: 100.7, Diff: 0.1, Sum: 805.5]
      [Termination (ms): Min: 0.0, Avg: 0.1, Max: 0.1, Diff: 0.1, Sum: 0.5]
         [Termination Attempts: Min: 1, Avg: 149.0, Max: 200, Diff: 199, Sum: 1192]
      [GC Worker Other (ms): Min: 0.0, Avg: 0.0, Max: 0.0, Diff: 0.0, Sum: 0.1]
      [GC Worker Total (ms): Min: 125.8, Avg: 125.9, Max: 126.0, Diff: 0.2, Sum: 1007.1]
      [GC Worker End (ms): Min: 72771.2, Avg: 72771.2, Max: 72771.2, Diff: 0.0]
   [Code Root Fixup: 0.0 ms]
   [Code Root Purge: 0.0 ms]
   [Clear CT: 0.2 ms]
   [Other: 0.9 ms]
      [Choose CSet: 0.0 ms]
      [Ref Proc: 0.2 ms]
      [Ref Enq: 0.0 ms]
      [Redirty Cards: 0.2 ms]
      [Humongous Register: 0.0 ms]
      [Humongous Reclaim: 0.0 ms]
      [Free CSet: 0.2 ms]
   [Eden: 226.0M(226.0M)->0.0B(252.0M) Survivors: 30.0M->32.0M Heap: 826.8M(2048.0M)->829.3M(2048.0M)]
 [Times: user=0.98 sys=0.00, real=0.13 secs] 
2020-09-29T12:12:07.951+0200: 72.920: [GC pause (G1 Evacuation Pause) (young), 0.1460088 secs]
   [Parallel Time: 145.0 ms, GC Workers: 8]
      [GC Worker Start (ms): Min: 72920.1, Avg: 72920.2, Max: 72920.3, Diff: 0.2]
      [Ext Root Scanning (ms): Min: 0.0, Avg: 0.1, Max: 0.2, Diff: 0.2, Sum: 0.5]
      [Update RS (ms): Min: 18.1, Avg: 18.3, Max: 18.7, Diff: 0.6, Sum: 146.7]
         [Processed Buffers: Min: 17, Avg: 19.3, Max: 21, Diff: 4, Sum: 154]
      [Scan RS (ms): Min: 11.4, Avg: 11.8, Max: 12.0, Diff: 0.6, Sum: 94.5]
      [Code Root Scanning (ms): Min: 0.0, Avg: 0.0, Max: 0.0, Diff: 0.0, Sum: 0.0]
      [Object Copy (ms): Min: 114.3, Avg: 114.5, Max: 114.6, Diff: 0.2, Sum: 915.6]
      [Termination (ms): Min: 0.0, Avg: 0.1, Max: 0.1, Diff: 0.1, Sum: 0.6]
         [Termination Attempts: Min: 1, Avg: 556.6, Max: 709, Diff: 708, Sum: 4453]
      [GC Worker Other (ms): Min: 0.0, Avg: 0.0, Max: 0.1, Diff: 0.1, Sum: 0.4]
      [GC Worker Total (ms): Min: 144.7, Avg: 144.8, Max: 144.9, Diff: 0.2, Sum: 1158.2]
      [GC Worker End (ms): Min: 73064.9, Avg: 73065.0, Max: 73065.0, Diff: 0.1]
   [Code Root Fixup: 0.0 ms]
   [Code Root Purge: 0.0 ms]
   [Clear CT: 0.1 ms]
   [Other: 0.9 ms]
      [Choose CSet: 0.0 ms]
      [Ref Proc: 0.2 ms]
      [Ref Enq: 0.0 ms]
      [Redirty Cards: 0.2 ms]
      [Humongous Register: 0.0 ms]
      [Humongous Reclaim: 0.0 ms]
      [Free CSet: 0.3 ms]
   [Eden: 252.0M(252.0M)->0.0B(269.0M) Survivors: 32.0M->36.0M Heap: 1123.3M(2048.0M)->1125.3M(2048.0M)]
 [Times: user=1.13 sys=0.00, real=0.15 secs] 
2020-09-29T12:12:08.098+0200: 73.067: [GC pause (G1 Humongous Allocation) (young) (initial-mark), 0.0590612 secs]
   [Parallel Time: 58.2 ms, GC Workers: 8]
      [GC Worker Start (ms): Min: 73067.5, Avg: 73067.5, Max: 73067.6, Diff: 0.1]
      [Ext Root Scanning (ms): Min: 0.0, Avg: 0.1, Max: 0.1, Diff: 0.1, Sum: 0.6]
      [Update RS (ms): Min: 37.1, Avg: 37.5, Max: 37.9, Diff: 0.8, Sum: 299.7]
         [Processed Buffers: Min: 44, Avg: 47.8, Max: 51, Diff: 7, Sum: 382]
      [Scan RS (ms): Min: 0.0, Avg: 0.0, Max: 0.0, Diff: 0.0, Sum: 0.0]
      [Code Root Scanning (ms): Min: 0.0, Avg: 0.0, Max: 0.0, Diff: 0.0, Sum: 0.0]
      [Object Copy (ms): Min: 19.9, Avg: 20.4, Max: 20.7, Diff: 0.8, Sum: 162.8]
      [Termination (ms): Min: 0.0, Avg: 0.1, Max: 0.1, Diff: 0.1, Sum: 0.7]
         [Termination Attempts: Min: 1, Avg: 602.8, Max: 752, Diff: 751, Sum: 4822]
      [GC Worker Other (ms): Min: 0.0, Avg: 0.0, Max: 0.0, Diff: 0.0, Sum: 0.1]
      [GC Worker Total (ms): Min: 57.9, Avg: 58.0, Max: 58.1, Diff: 0.1, Sum: 463.9]
      [GC Worker End (ms): Min: 73125.5, Avg: 73125.5, Max: 73125.5, Diff: 0.0]
   [Code Root Fixup: 0.0 ms]
   [Code Root Purge: 0.0 ms]
   [Clear CT: 0.1 ms]
   [Other: 0.8 ms]
      [Choose CSet: 0.0 ms]
      [Ref Proc: 0.2 ms]
      [Ref Enq: 0.0 ms]
      [Redirty Cards: 0.1 ms]
      [Humongous Register: 0.1 ms]
      [Humongous Reclaim: 0.0 ms]
      [Free CSet: 0.1 ms]
   [Eden: 2048.0K(269.0M)->0.0B(285.0M) Survivors: 36.0M->3072.0K Heap: 1127.3M(2048.0M)->1130.3M(2048.0M)]
 [Times: user=0.38 sys=0.00, real=0.06 secs] 
2020-09-29T12:12:08.157+0200: 73.126: [GC concurrent-root-region-scan-start]
2020-09-29T12:12:08.158+0200: 73.127: [GC concurrent-root-region-scan-end, 0.0006024 secs]
2020-09-29T12:12:08.158+0200: 73.127: [GC concurrent-mark-start]
2020-09-29T12:12:08.161+0200: 73.131: [GC concurrent-mark-end, 0.0036349 secs]
2020-09-29T12:12:08.162+0200: 73.131: [GC remark 2020-09-29T12:12:08.162+0200: 73.131: [Finalize Marking, 0.0004139 secs] 2020-09-29T12:12:08.162+0200: 73.132: [GC ref-proc, 0.0004439 secs] 2020-09-29T12:12:08.163+0200: 73.132: [Unloading, 0.0005122 secs], 0.0017736 secs]
 [Times: user=0.00 sys=0.00, real=0.00 secs] 
2020-09-29T12:12:08.164+0200: 73.133: [GC cleanup 1140M->22M(2048M), 0.0014184 secs]
 [Times: user=0.00 sys=0.00, real=0.00 secs] 
2020-09-29T12:12:08.165+0200: 73.135: [GC concurrent-cleanup-start]
2020-09-29T12:12:08.167+0200: 73.137: [GC concurrent-cleanup-end, 0.0018448 secs]
2020-09-29T12:12:08.322+0200: 73.292: [GC pause (G1 Evacuation Pause) (young), 0.1666697 secs]
   [Parallel Time: 165.3 ms, GC Workers: 8]
      [GC Worker Start (ms): Min: 73291.9, Avg: 73291.9, Max: 73292.0, Diff: 0.1]
      [Ext Root Scanning (ms): Min: 0.0, Avg: 0.1, Max: 0.1, Diff: 0.1, Sum: 0.6]
      [Update RS (ms): Min: 17.3, Avg: 17.6, Max: 17.9, Diff: 0.6, Sum: 140.8]
         [Processed Buffers: Min: 17, Avg: 19.9, Max: 21, Diff: 4, Sum: 159]
      [Scan RS (ms): Min: 12.7, Avg: 13.2, Max: 14.6, Diff: 1.9, Sum: 106.0]
      [Code Root Scanning (ms): Min: 0.0, Avg: 0.0, Max: 0.0, Diff: 0.0, Sum: 0.0]
      [Object Copy (ms): Min: 133.0, Avg: 134.1, Max: 134.5, Diff: 1.5, Sum: 1073.1]
      [Termination (ms): Min: 0.0, Avg: 0.0, Max: 0.0, Diff: 0.0, Sum: 0.3]
         [Termination Attempts: Min: 1, Avg: 223.4, Max: 276, Diff: 275, Sum: 1787]
      [GC Worker Other (ms): Min: 0.0, Avg: 0.0, Max: 0.1, Diff: 0.1, Sum: 0.3]
      [GC Worker Total (ms): Min: 165.1, Avg: 165.1, Max: 165.2, Diff: 0.1, Sum: 1321.1]
      [GC Worker End (ms): Min: 73457.0, Avg: 73457.0, Max: 73457.1, Diff: 0.1]
   [Code Root Fixup: 0.0 ms]
   [Code Root Purge: 0.0 ms]
   [Clear CT: 0.2 ms]
   [Other: 1.3 ms]
      [Choose CSet: 0.0 ms]
      [Ref Proc: 0.2 ms]
      [Ref Enq: 0.0 ms]
      [Redirty Cards: 0.5 ms]
      [Humongous Register: 0.0 ms]
      [Humongous Reclaim: 0.0 ms]
      [Free CSet: 0.2 ms]
   [Eden: 285.0M(285.0M)->0.0B(262.0M) Survivors: 3072.0K->36.0M Heap: 345.7M(2048.0M)->344.7M(2048.0M)]
 [Times: user=1.14 sys=0.00, real=0.17 secs] 
2020-09-29T12:12:08.635+0200: 73.604: [GC pause (G1 Evacuation Pause) (young), 0.1486094 secs]
   [Parallel Time: 147.1 ms, GC Workers: 8]
      [GC Worker Start (ms): Min: 73604.0, Avg: 73604.1, Max: 73604.2, Diff: 0.2]
      [Ext Root Scanning (ms): Min: 0.0, Avg: 0.1, Max: 0.2, Diff: 0.2, Sum: 0.6]
      [Update RS (ms): Min: 20.5, Avg: 20.6, Max: 20.9, Diff: 0.4, Sum: 165.1]
         [Processed Buffers: Min: 21, Avg: 22.8, Max: 24, Diff: 3, Sum: 182]
      [Scan RS (ms): Min: 11.0, Avg: 11.3, Max: 11.6, Diff: 0.6, Sum: 90.6]
      [Code Root Scanning (ms): Min: 0.0, Avg: 0.0, Max: 0.0, Diff: 0.0, Sum: 0.0]
      [Object Copy (ms): Min: 114.6, Avg: 114.7, Max: 114.9, Diff: 0.3, Sum: 918.0]
      [Termination (ms): Min: 0.0, Avg: 0.1, Max: 0.1, Diff: 0.1, Sum: 0.5]
         [Termination Attempts: Min: 1, Avg: 491.5, Max: 594, Diff: 593, Sum: 3932]
      [GC Worker Other (ms): Min: 0.0, Avg: 0.0, Max: 0.1, Diff: 0.1, Sum: 0.4]
      [GC Worker Total (ms): Min: 146.8, Avg: 146.9, Max: 147.0, Diff: 0.2, Sum: 1175.2]
      [GC Worker End (ms): Min: 73751.0, Avg: 73751.0, Max: 73751.0, Diff: 0.1]
   [Code Root Fixup: 0.0 ms]
   [Code Root Purge: 0.0 ms]
   [Clear CT: 0.4 ms]
   [Other: 1.1 ms]
      [Choose CSet: 0.0 ms]
      [Ref Proc: 0.3 ms]
      [Ref Enq: 0.0 ms]
      [Redirty Cards: 0.3 ms]
      [Humongous Register: 0.1 ms]
      [Humongous Reclaim: 0.0 ms]
      [Free CSet: 0.2 ms]
   [Eden: 262.0M(262.0M)->0.0B(276.0M) Survivors: 36.0M->38.0M Heap: 650.6M(2048.0M)->653.1M(2048.0M)]
 [Times: user=1.13 sys=0.00, real=0.15 secs] 
2020-09-29T12:12:08.933+0200: 73.902: [GC pause (G1 Evacuation Pause) (young), 0.1553671 secs]
   [Parallel Time: 154.3 ms, GC Workers: 8]
      [GC Worker Start (ms): Min: 73901.9, Avg: 73902.0, Max: 73902.1, Diff: 0.1]
      [Ext Root Scanning (ms): Min: 0.0, Avg: 0.1, Max: 0.1, Diff: 0.1, Sum: 0.6]
      [Update RS (ms): Min: 15.8, Avg: 16.1, Max: 16.5, Diff: 0.7, Sum: 128.5]
         [Processed Buffers: Min: 17, Avg: 18.1, Max: 19, Diff: 2, Sum: 145]
      [Scan RS (ms): Min: 14.2, Avg: 14.5, Max: 14.8, Diff: 0.6, Sum: 116.1]
      [Code Root Scanning (ms): Min: 0.0, Avg: 0.0, Max: 0.0, Diff: 0.0, Sum: 0.0]
      [Object Copy (ms): Min: 123.3, Avg: 123.4, Max: 123.5, Diff: 0.1, Sum: 987.2]
      [Termination (ms): Min: 0.0, Avg: 0.0, Max: 0.0, Diff: 0.0, Sum: 0.2]
         [Termination Attempts: Min: 1, Avg: 198.0, Max: 278, Diff: 277, Sum: 1584]
      [GC Worker Other (ms): Min: 0.0, Avg: 0.0, Max: 0.1, Diff: 0.0, Sum: 0.3]
      [GC Worker Total (ms): Min: 154.0, Avg: 154.1, Max: 154.2, Diff: 0.1, Sum: 1232.9]
      [GC Worker End (ms): Min: 74056.1, Avg: 74056.1, Max: 74056.2, Diff: 0.0]
   [Code Root Fixup: 0.0 ms]
   [Code Root Purge: 0.0 ms]
   [Clear CT: 0.2 ms]
   [Other: 0.9 ms]
      [Choose CSet: 0.0 ms]
      [Ref Proc: 0.1 ms]
      [Ref Enq: 0.0 ms]
      [Redirty Cards: 0.2 ms]
      [Humongous Register: 0.0 ms]
      [Humongous Reclaim: 0.0 ms]
      [Free CSet: 0.3 ms]
   [Eden: 276.0M(276.0M)->0.0B(286.0M) Survivors: 38.0M->40.0M Heap: 974.8M(2048.0M)->976.8M(2048.0M)]
 [Times: user=1.20 sys=0.00, real=0.15 secs] 
2020-09-29T12:12:09.098+0200: 74.067: [GC pause (G1 Humongous Allocation) (young) (initial-mark), 0.0515784 secs]
   [Parallel Time: 50.6 ms, GC Workers: 8]
      [GC Worker Start (ms): Min: 74067.4, Avg: 74067.5, Max: 74067.5, Diff: 0.1]
      [Ext Root Scanning (ms): Min: 0.0, Avg: 0.1, Max: 0.1, Diff: 0.1, Sum: 0.7]
      [Update RS (ms): Min: 29.7, Avg: 30.0, Max: 30.3, Diff: 0.7, Sum: 240.1]
         [Processed Buffers: Min: 35, Avg: 37.8, Max: 39, Diff: 4, Sum: 302]
      [Scan RS (ms): Min: 2.2, Avg: 2.5, Max: 2.9, Diff: 0.7, Sum: 20.3]
      [Code Root Scanning (ms): Min: 0.0, Avg: 0.0, Max: 0.0, Diff: 0.0, Sum: 0.0]
      [Object Copy (ms): Min: 17.7, Avg: 17.8, Max: 17.8, Diff: 0.1, Sum: 142.1]
      [Termination (ms): Min: 0.0, Avg: 0.0, Max: 0.0, Diff: 0.0, Sum: 0.3]
         [Termination Attempts: Min: 1, Avg: 252.5, Max: 303, Diff: 302, Sum: 2020]
      [GC Worker Other (ms): Min: 0.0, Avg: 0.0, Max: 0.0, Diff: 0.0, Sum: 0.1]
      [GC Worker Total (ms): Min: 50.4, Avg: 50.4, Max: 50.5, Diff: 0.1, Sum: 403.5]
      [GC Worker End (ms): Min: 74117.9, Avg: 74117.9, Max: 74117.9, Diff: 0.0]
   [Code Root Fixup: 0.0 ms]
   [Code Root Purge: 0.0 ms]
   [Clear CT: 0.1 ms]
   [Other: 0.8 ms]
      [Choose CSet: 0.0 ms]
      [Ref Proc: 0.2 ms]
      [Ref Enq: 0.0 ms]
      [Redirty Cards: 0.2 ms]
      [Humongous Register: 0.1 ms]
      [Humongous Reclaim: 0.0 ms]
      [Free CSet: 0.1 ms]
   [Eden: 2048.0K(286.0M)->0.0B(336.0M) Survivors: 40.0M->3072.0K Heap: 978.3M(2048.0M)->982.3M(2048.0M)]
 [Times: user=0.38 sys=0.00, real=0.05 secs] 
2020-09-29T12:12:09.150+0200: 74.119: [GC concurrent-root-region-scan-start]
2020-09-29T12:12:09.151+0200: 74.120: [GC concurrent-root-region-scan-end, 0.0006072 secs]
2020-09-29T12:12:09.151+0200: 74.120: [GC concurrent-mark-start]
2020-09-29T12:12:09.155+0200: 74.124: [GC concurrent-mark-end, 0.0039879 secs]
2020-09-29T12:12:09.155+0200: 74.124: [GC remark 2020-09-29T12:12:09.155+0200: 74.124: [Finalize Marking, 0.0002044 secs] 2020-09-29T12:12:09.155+0200: 74.124: [GC ref-proc, 0.0004345 secs] 2020-09-29T12:12:09.156+0200: 74.125: [Unloading, 0.0005858 secs], 0.0016979 secs]
 [Times: user=0.00 sys=0.00, real=0.00 secs] 
2020-09-29T12:12:09.157+0200: 74.126: [GC cleanup 993M->23M(2048M), 0.0016897 secs]
 [Times: user=0.00 sys=0.00, real=0.00 secs] 
2020-09-29T12:12:09.159+0200: 74.128: [GC concurrent-cleanup-start]
2020-09-29T12:12:09.161+0200: 74.130: [GC concurrent-cleanup-end, 0.0017028 secs]
2020-09-29T12:12:09.355+0200: 74.324: [GC pause (G1 Evacuation Pause) (young), 0.1908233 secs]
   [Parallel Time: 189.6 ms, GC Workers: 8]
      [GC Worker Start (ms): Min: 74323.8, Avg: 74323.9, Max: 74324.1, Diff: 0.3]
      [Ext Root Scanning (ms): Min: 0.0, Avg: 0.1, Max: 0.1, Diff: 0.1, Sum: 0.5]
      [Update RS (ms): Min: 14.8, Avg: 14.9, Max: 15.1, Diff: 0.3, Sum: 119.5]
         [Processed Buffers: Min: 17, Avg: 17.9, Max: 20, Diff: 3, Sum: 143]
      [Scan RS (ms): Min: 17.8, Avg: 18.1, Max: 18.5, Diff: 0.7, Sum: 144.5]
      [Code Root Scanning (ms): Min: 0.0, Avg: 0.0, Max: 0.0, Diff: 0.0, Sum: 0.0]
      [Object Copy (ms): Min: 154.9, Avg: 155.6, Max: 156.2, Diff: 1.2, Sum: 1244.7]
      [Termination (ms): Min: 0.0, Avg: 0.6, Max: 0.8, Diff: 0.8, Sum: 4.8]
         [Termination Attempts: Min: 1, Avg: 3677.8, Max: 4859, Diff: 4858, Sum: 29422]
      [GC Worker Other (ms): Min: 0.0, Avg: 0.0, Max: 0.1, Diff: 0.1, Sum: 0.3]
      [GC Worker Total (ms): Min: 189.1, Avg: 189.3, Max: 189.4, Diff: 0.4, Sum: 1514.4]
      [GC Worker End (ms): Min: 74513.2, Avg: 74513.2, Max: 74513.3, Diff: 0.1]
   [Code Root Fixup: 0.0 ms]
   [Code Root Purge: 0.0 ms]
   [Clear CT: 0.2 ms]
   [Other: 1.1 ms]
      [Choose CSet: 0.0 ms]
      [Ref Proc: 0.1 ms]
      [Ref Enq: 0.0 ms]
      [Redirty Cards: 0.3 ms]
      [Humongous Register: 0.1 ms]
      [Humongous Reclaim: 0.0 ms]
      [Free CSet: 0.3 ms]
   [Eden: 336.0M(336.0M)->0.0B(287.0M) Survivors: 3072.0K->43.0M Heap: 406.2M(2048.0M)->405.2M(2048.0M)]
 [Times: user=1.36 sys=0.00, real=0.19 secs] 
2020-09-29T12:12:09.716+0200: 74.684: [GC pause (G1 Evacuation Pause) (young), 0.1780338 secs]
   [Parallel Time: 177.0 ms, GC Workers: 8]
      [GC Worker Start (ms): Min: 74684.6, Avg: 74684.6, Max: 74684.7, Diff: 0.2]
      [Ext Root Scanning (ms): Min: 0.0, Avg: 0.1, Max: 0.2, Diff: 0.2, Sum: 0.5]
      [Update RS (ms): Min: 21.2, Avg: 21.3, Max: 22.0, Diff: 0.8, Sum: 170.6]
         [Processed Buffers: Min: 20, Avg: 21.9, Max: 24, Diff: 4, Sum: 175]
      [Scan RS (ms): Min: 17.4, Avg: 18.1, Max: 18.3, Diff: 0.9, Sum: 144.7]
      [Code Root Scanning (ms): Min: 0.0, Avg: 0.0, Max: 0.0, Diff: 0.0, Sum: 0.0]
      [Object Copy (ms): Min: 137.2, Avg: 137.3, Max: 137.3, Diff: 0.1, Sum: 1098.3]
      [Termination (ms): Min: 0.0, Avg: 0.0, Max: 0.1, Diff: 0.1, Sum: 0.3]
         [Termination Attempts: Min: 1, Avg: 25.3, Max: 37, Diff: 36, Sum: 202]
      [GC Worker Other (ms): Min: 0.0, Avg: 0.0, Max: 0.0, Diff: 0.0, Sum: 0.2]
      [GC Worker Total (ms): Min: 176.7, Avg: 176.8, Max: 176.9, Diff: 0.2, Sum: 1414.6]
      [GC Worker End (ms): Min: 74861.5, Avg: 74861.5, Max: 74861.5, Diff: 0.0]
   [Code Root Fixup: 0.0 ms]
   [Code Root Purge: 0.0 ms]
   [Clear CT: 0.1 ms]
   [Other: 0.9 ms]
      [Choose CSet: 0.0 ms]
      [Ref Proc: 0.1 ms]
      [Ref Enq: 0.0 ms]
      [Redirty Cards: 0.2 ms]
      [Humongous Register: 0.0 ms]
      [Humongous Reclaim: 0.0 ms]
      [Free CSet: 0.3 ms]
   [Eden: 287.0M(287.0M)->0.0B(281.0M) Survivors: 43.0M->42.0M Heap: 739.9M(2048.0M)->741.9M(2048.0M)]
 [Times: user=1.25 sys=0.05, real=0.18 secs] 
2020-09-29T12:12:10.068+0200: 75.037: [GC pause (G1 Evacuation Pause) (young), 0.1978789 secs]
   [Parallel Time: 196.7 ms, GC Workers: 8]
      [GC Worker Start (ms): Min: 75037.4, Avg: 75037.5, Max: 75037.6, Diff: 0.2]
      [Ext Root Scanning (ms): Min: 0.0, Avg: 0.1, Max: 0.2, Diff: 0.2, Sum: 0.6]
      [Update RS (ms): Min: 20.8, Avg: 21.4, Max: 22.5, Diff: 1.7, Sum: 171.0]
         [Processed Buffers: Min: 5, Avg: 17.4, Max: 21, Diff: 16, Sum: 139]
      [Scan RS (ms): Min: 17.2, Avg: 18.3, Max: 18.8, Diff: 1.6, Sum: 146.4]
      [Code Root Scanning (ms): Min: 0.0, Avg: 0.0, Max: 0.0, Diff: 0.0, Sum: 0.0]
      [Object Copy (ms): Min: 155.2, Avg: 156.1, Max: 156.6, Diff: 1.4, Sum: 1248.9]
      [Termination (ms): Min: 0.0, Avg: 0.5, Max: 1.4, Diff: 1.4, Sum: 4.1]
         [Termination Attempts: Min: 1, Avg: 2383.5, Max: 3216, Diff: 3215, Sum: 19068]
      [GC Worker Other (ms): Min: 0.0, Avg: 0.1, Max: 0.1, Diff: 0.1, Sum: 0.4]
      [GC Worker Total (ms): Min: 196.4, Avg: 196.4, Max: 196.5, Diff: 0.1, Sum: 1571.4]
      [GC Worker End (ms): Min: 75233.9, Avg: 75233.9, Max: 75233.9, Diff: 0.1]
   [Code Root Fixup: 0.0 ms]
   [Code Root Purge: 0.0 ms]
   [Clear CT: 0.2 ms]
   [Other: 1.0 ms]
      [Choose CSet: 0.0 ms]
      [Ref Proc: 0.1 ms]
      [Ref Enq: 0.0 ms]
      [Redirty Cards: 0.3 ms]
      [Humongous Register: 0.0 ms]
      [Humongous Reclaim: 0.0 ms]
      [Free CSet: 0.4 ms]
   [Eden: 281.0M(281.0M)->0.0B(259.0M) Survivors: 42.0M->41.0M Heap: 1068.7M(2048.0M)->1071.2M(2048.0M)]
 [Times: user=1.39 sys=0.02, real=0.20 secs] 
2020-09-29T12:12:10.278+0200: 75.248: [GC pause (G1 Humongous Allocation) (young) (initial-mark), 0.0532544 secs]
   [Parallel Time: 52.3 ms, GC Workers: 8]
      [GC Worker Start (ms): Min: 75248.2, Avg: 75248.3, Max: 75248.4, Diff: 0.2]
      [Ext Root Scanning (ms): Min: 0.0, Avg: 0.1, Max: 0.2, Diff: 0.2, Sum: 1.2]
      [Update RS (ms): Min: 29.8, Avg: 29.9, Max: 30.1, Diff: 0.3, Sum: 238.9]
         [Processed Buffers: Min: 30, Avg: 34.4, Max: 38, Diff: 8, Sum: 275]
      [Scan RS (ms): Min: 2.6, Avg: 2.9, Max: 4.0, Diff: 1.4, Sum: 23.0]
      [Code Root Scanning (ms): Min: 0.0, Avg: 0.0, Max: 0.0, Diff: 0.0, Sum: 0.0]
      [Object Copy (ms): Min: 17.8, Avg: 19.2, Max: 19.4, Diff: 1.6, Sum: 153.6]
      [Termination (ms): Min: 0.0, Avg: 0.0, Max: 0.0, Diff: 0.0, Sum: 0.1]
         [Termination Attempts: Min: 1, Avg: 64.4, Max: 83, Diff: 82, Sum: 515]
      [GC Worker Other (ms): Min: 0.0, Avg: 0.0, Max: 0.0, Diff: 0.0, Sum: 0.1]
      [GC Worker Total (ms): Min: 52.0, Avg: 52.1, Max: 52.2, Diff: 0.2, Sum: 416.9]
      [GC Worker End (ms): Min: 75300.4, Avg: 75300.4, Max: 75300.4, Diff: 0.0]
   [Code Root Fixup: 0.0 ms]
   [Code Root Purge: 0.0 ms]
   [Clear CT: 0.1 ms]
   [Other: 0.8 ms]
      [Choose CSet: 0.0 ms]
      [Ref Proc: 0.2 ms]
      [Ref Enq: 0.0 ms]
      [Redirty Cards: 0.2 ms]
      [Humongous Register: 0.1 ms]
      [Humongous Reclaim: 0.0 ms]
      [Free CSet: 0.1 ms]
   [Eden: 1024.0K(259.0M)->0.0B(337.0M) Survivors: 41.0M->2048.0K Heap: 1071.7M(2048.0M)->1074.2M(2048.0M)]
 [Times: user=0.36 sys=0.00, real=0.05 secs] 
2020-09-29T12:12:10.332+0200: 75.301: [GC concurrent-root-region-scan-start]
2020-09-29T12:12:10.332+0200: 75.302: [GC concurrent-root-region-scan-end, 0.0002494 secs]
2020-09-29T12:12:10.332+0200: 75.302: [GC concurrent-mark-start]
2020-09-29T12:12:10.336+0200: 75.306: [GC concurrent-mark-end, 0.0039216 secs]
2020-09-29T12:12:10.336+0200: 75.306: [GC remark 2020-09-29T12:12:10.336+0200: 75.306: [Finalize Marking, 0.0003647 secs] 2020-09-29T12:12:10.337+0200: 75.306: [GC ref-proc, 0.0004010 secs] 2020-09-29T12:12:10.337+0200: 75.307: [Unloading, 0.0005540 secs], 0.0017453 secs]
 [Times: user=0.00 sys=0.00, real=0.00 secs] 
2020-09-29T12:12:10.339+0200: 75.308: [GC cleanup 1085M->22M(2048M), 0.0018482 secs]
 [Times: user=0.00 sys=0.00, real=0.00 secs] 
2020-09-29T12:12:10.341+0200: 75.310: [GC concurrent-cleanup-start]
2020-09-29T12:12:10.343+0200: 75.312: [GC concurrent-cleanup-end, 0.0021396 secs]
2020-09-29T12:12:10.559+0200: 75.528: [GC pause (G1 Evacuation Pause) (young), 0.2020643 secs]
   [Parallel Time: 200.6 ms, GC Workers: 8]
      [GC Worker Start (ms): Min: 75528.6, Avg: 75528.7, Max: 75528.7, Diff: 0.1]
      [Ext Root Scanning (ms): Min: 0.0, Avg: 0.1, Max: 0.1, Diff: 0.1, Sum: 0.7]
      [Update RS (ms): Min: 21.9, Avg: 22.7, Max: 27.1, Diff: 5.2, Sum: 181.3]
         [Processed Buffers: Min: 12, Avg: 19.3, Max: 26, Diff: 14, Sum: 154]
      [Scan RS (ms): Min: 19.1, Avg: 23.6, Max: 24.3, Diff: 5.3, Sum: 188.4]
      [Code Root Scanning (ms): Min: 0.0, Avg: 0.0, Max: 0.0, Diff: 0.0, Sum: 0.0]
      [Object Copy (ms): Min: 153.8, Avg: 153.8, Max: 153.8, Diff: 0.1, Sum: 1230.4]
      [Termination (ms): Min: 0.0, Avg: 0.2, Max: 0.3, Diff: 0.3, Sum: 1.7]
         [Termination Attempts: Min: 1, Avg: 1548.4, Max: 1919, Diff: 1918, Sum: 12387]
      [GC Worker Other (ms): Min: 0.0, Avg: 0.0, Max: 0.1, Diff: 0.1, Sum: 0.3]
      [GC Worker Total (ms): Min: 200.3, Avg: 200.4, Max: 200.4, Diff: 0.2, Sum: 1602.9]
      [GC Worker End (ms): Min: 75729.0, Avg: 75729.0, Max: 75729.1, Diff: 0.1]
   [Code Root Fixup: 0.0 ms]
   [Code Root Purge: 0.0 ms]
   [Clear CT: 0.3 ms]
   [Other: 1.2 ms]
      [Choose CSet: 0.0 ms]
      [Ref Proc: 0.3 ms]
      [Ref Enq: 0.0 ms]
      [Redirty Cards: 0.3 ms]
      [Humongous Register: 0.0 ms]
      [Humongous Reclaim: 0.0 ms]
      [Free CSet: 0.3 ms]
   [Eden: 337.0M(337.0M)->0.0B(264.0M) Survivors: 2048.0K->43.0M Heap: 405.7M(2048.0M)->406.7M(2048.0M)]
 [Times: user=1.61 sys=0.00, real=0.20 secs] 
2020-09-29T12:12:10.928+0200: 75.898: [GC pause (G1 Evacuation Pause) (young), 0.1499691 secs]
   [Parallel Time: 148.9 ms, GC Workers: 8]
      [GC Worker Start (ms): Min: 75897.9, Avg: 75898.0, Max: 75898.1, Diff: 0.2]
      [Ext Root Scanning (ms): Min: 0.0, Avg: 0.1, Max: 0.2, Diff: 0.2, Sum: 0.4]
      [Update RS (ms): Min: 10.7, Avg: 10.8, Max: 11.3, Diff: 0.6, Sum: 86.8]
         [Processed Buffers: Min: 11, Avg: 12.3, Max: 14, Diff: 3, Sum: 98]
      [Scan RS (ms): Min: 15.6, Avg: 16.0, Max: 16.2, Diff: 0.6, Sum: 128.3]
      [Code Root Scanning (ms): Min: 0.0, Avg: 0.0, Max: 0.0, Diff: 0.0, Sum: 0.0]
      [Object Copy (ms): Min: 121.5, Avg: 121.7, Max: 121.7, Diff: 0.2, Sum: 973.4]
      [Termination (ms): Min: 0.0, Avg: 0.0, Max: 0.0, Diff: 0.0, Sum: 0.2]
         [Termination Attempts: Min: 1, Avg: 166.9, Max: 211, Diff: 210, Sum: 1335]
      [GC Worker Other (ms): Min: 0.0, Avg: 0.0, Max: 0.1, Diff: 0.1, Sum: 0.3]
      [GC Worker Total (ms): Min: 148.6, Avg: 148.7, Max: 148.8, Diff: 0.2, Sum: 1189.5]
      [GC Worker End (ms): Min: 76046.7, Avg: 76046.7, Max: 76046.8, Diff: 0.1]
   [Code Root Fixup: 0.0 ms]
   [Code Root Purge: 0.0 ms]
   [Clear CT: 0.2 ms]
   [Other: 0.9 ms]
      [Choose CSet: 0.0 ms]
      [Ref Proc: 0.2 ms]
      [Ref Enq: 0.0 ms]
      [Redirty Cards: 0.2 ms]
      [Humongous Register: 0.0 ms]
      [Humongous Reclaim: 0.0 ms]
      [Free CSet: 0.2 ms]
   [Eden: 264.0M(264.0M)->0.0B(271.0M) Survivors: 43.0M->39.0M Heap: 714.6M(2048.0M)->716.6M(2048.0M)]
 [Times: user=1.08 sys=0.00, real=0.15 secs] 
2020-09-29T12:12:11.241+0200: 76.210: [GC pause (G1 Evacuation Pause) (young), 0.1778627 secs]
   [Parallel Time: 176.5 ms, GC Workers: 8]
      [GC Worker Start (ms): Min: 76210.2, Avg: 76210.3, Max: 76210.7, Diff: 0.5]
      [Ext Root Scanning (ms): Min: 0.0, Avg: 0.1, Max: 0.2, Diff: 0.2, Sum: 0.7]
      [Update RS (ms): Min: 16.8, Avg: 17.3, Max: 17.9, Diff: 1.0, Sum: 138.3]
         [Processed Buffers: Min: 16, Avg: 17.3, Max: 21, Diff: 5, Sum: 138]
      [Scan RS (ms): Min: 18.7, Avg: 21.0, Max: 32.6, Diff: 13.9, Sum: 167.8]
      [Code Root Scanning (ms): Min: 0.0, Avg: 0.0, Max: 0.0, Diff: 0.0, Sum: 0.0]
      [Object Copy (ms): Min: 126.3, Avg: 137.7, Max: 139.5, Diff: 13.2, Sum: 1101.9]
      [Termination (ms): Min: 0.0, Avg: 0.1, Max: 0.4, Diff: 0.4, Sum: 0.9]
         [Termination Attempts: Min: 1, Avg: 519.9, Max: 696, Diff: 695, Sum: 4159]
      [GC Worker Other (ms): Min: 0.0, Avg: 0.0, Max: 0.1, Diff: 0.0, Sum: 0.3]
      [GC Worker Total (ms): Min: 175.9, Avg: 176.2, Max: 176.4, Diff: 0.5, Sum: 1410.0]
      [GC Worker End (ms): Min: 76386.6, Avg: 76386.6, Max: 76386.6, Diff: 0.0]
   [Code Root Fixup: 0.0 ms]
   [Code Root Purge: 0.0 ms]
   [Clear CT: 0.2 ms]
   [Other: 1.2 ms]
      [Choose CSet: 0.0 ms]
      [Ref Proc: 0.2 ms]
      [Ref Enq: 0.0 ms]
      [Redirty Cards: 0.5 ms]
      [Humongous Register: 0.1 ms]
      [Humongous Reclaim: 0.0 ms]
      [Free CSet: 0.3 ms]
   [Eden: 271.0M(271.0M)->0.0B(264.0M) Survivors: 39.0M->39.0M Heap: 1033.4M(2048.0M)->1035.4M(2048.0M)]
 [Times: user=1.25 sys=0.02, real=0.18 secs] 
2020-09-29T12:12:11.424+0200: 76.394: [GC pause (G1 Humongous Allocation) (young) (initial-mark), 0.0702344 secs]
   [Parallel Time: 69.4 ms, GC Workers: 8]
      [GC Worker Start (ms): Min: 76394.0, Avg: 76394.1, Max: 76394.1, Diff: 0.1]
      [Ext Root Scanning (ms): Min: 0.1, Avg: 0.1, Max: 0.1, Diff: 0.1, Sum: 0.8]
      [Update RS (ms): Min: 40.4, Avg: 40.7, Max: 41.3, Diff: 1.0, Sum: 325.7]
         [Processed Buffers: Min: 46, Avg: 48.0, Max: 50, Diff: 4, Sum: 384]
      [Scan RS (ms): Min: 1.1, Avg: 1.7, Max: 2.1, Diff: 1.0, Sum: 13.8]
      [Code Root Scanning (ms): Min: 0.0, Avg: 0.0, Max: 0.0, Diff: 0.0, Sum: 0.0]
      [Object Copy (ms): Min: 26.5, Avg: 26.5, Max: 26.6, Diff: 0.1, Sum: 212.3]
      [Termination (ms): Min: 0.0, Avg: 0.1, Max: 0.2, Diff: 0.2, Sum: 1.0]
         [Termination Attempts: Min: 1, Avg: 860.8, Max: 1085, Diff: 1084, Sum: 6886]
      [GC Worker Other (ms): Min: 0.0, Avg: 0.0, Max: 0.1, Diff: 0.1, Sum: 0.4]
      [GC Worker Total (ms): Min: 69.2, Avg: 69.2, Max: 69.3, Diff: 0.1, Sum: 554.0]
      [GC Worker End (ms): Min: 76463.3, Avg: 76463.3, Max: 76463.4, Diff: 0.1]
   [Code Root Fixup: 0.0 ms]
   [Code Root Purge: 0.0 ms]
   [Clear CT: 0.1 ms]
   [Other: 0.7 ms]
      [Choose CSet: 0.0 ms]
      [Ref Proc: 0.1 ms]
      [Ref Enq: 0.0 ms]
      [Redirty Cards: 0.2 ms]
      [Humongous Register: 0.1 ms]
      [Humongous Reclaim: 0.0 ms]
      [Free CSet: 0.1 ms]
   [Eden: 10.0M(264.0M)->0.0B(269.0M) Survivors: 39.0M->12.0M Heap: 1044.9M(2048.0M)->1049.4M(2048.0M)]
 [Times: user=0.61 sys=0.00, real=0.07 secs] 
2020-09-29T12:12:11.495+0200: 76.464: [GC concurrent-root-region-scan-start]
2020-09-29T12:12:11.498+0200: 76.467: [GC concurrent-root-region-scan-end, 0.0031607 secs]
2020-09-29T12:12:11.498+0200: 76.467: [GC concurrent-mark-start]
2020-09-29T12:12:11.501+0200: 76.471: [GC concurrent-mark-end, 0.0035832 secs]
2020-09-29T12:12:11.502+0200: 76.471: [GC remark 2020-09-29T12:12:11.502+0200: 76.471: [Finalize Marking, 0.0001971 secs] 2020-09-29T12:12:11.502+0200: 76.472: [GC ref-proc, 0.0003044 secs] 2020-09-29T12:12:11.502+0200: 76.472: [Unloading, 0.0005174 secs], 0.0013301 secs]
 [Times: user=0.00 sys=0.00, real=0.00 secs] 
2020-09-29T12:12:11.503+0200: 76.473: [GC cleanup 1066M->38M(2048M), 0.0013952 secs]
 [Times: user=0.08 sys=0.00, real=0.00 secs] 
2020-09-29T12:12:11.505+0200: 76.474: [GC concurrent-cleanup-start]
2020-09-29T12:12:11.506+0200: 76.476: [GC concurrent-cleanup-end, 0.0011576 secs]
2020-09-29T12:12:11.649+0200: 76.618: [GC pause (G1 Evacuation Pause) (young), 0.1464150 secs]
   [Parallel Time: 145.3 ms, GC Workers: 8]
      [GC Worker Start (ms): Min: 76618.6, Avg: 76618.7, Max: 76618.7, Diff: 0.2]
      [Ext Root Scanning (ms): Min: 0.0, Avg: 0.1, Max: 0.2, Diff: 0.2, Sum: 0.6]
      [Update RS (ms): Min: 14.5, Avg: 14.7, Max: 15.1, Diff: 0.6, Sum: 117.4]
         [Processed Buffers: Min: 13, Avg: 14.6, Max: 18, Diff: 5, Sum: 117]
      [Scan RS (ms): Min: 13.1, Avg: 13.6, Max: 13.7, Diff: 0.6, Sum: 108.4]
      [Code Root Scanning (ms): Min: 0.0, Avg: 0.0, Max: 0.0, Diff: 0.0, Sum: 0.0]
      [Object Copy (ms): Min: 116.3, Avg: 116.3, Max: 116.4, Diff: 0.1, Sum: 930.8]
      [Termination (ms): Min: 0.0, Avg: 0.1, Max: 0.1, Diff: 0.1, Sum: 0.5]
         [Termination Attempts: Min: 1, Avg: 373.5, Max: 467, Diff: 466, Sum: 2988]
      [GC Worker Other (ms): Min: 0.0, Avg: 0.1, Max: 0.3, Diff: 0.3, Sum: 0.6]
      [GC Worker Total (ms): Min: 144.7, Avg: 144.8, Max: 145.0, Diff: 0.3, Sum: 1158.3]
      [GC Worker End (ms): Min: 76763.4, Avg: 76763.5, Max: 76763.7, Diff: 0.3]
   [Code Root Fixup: 0.0 ms]
   [Code Root Purge: 0.0 ms]
   [Clear CT: 0.3 ms]
   [Other: 0.8 ms]
      [Choose CSet: 0.0 ms]
      [Ref Proc: 0.1 ms]
      [Ref Enq: 0.0 ms]
      [Redirty Cards: 0.2 ms]
      [Humongous Register: 0.0 ms]
      [Humongous Reclaim: 0.0 ms]
      [Free CSet: 0.2 ms]
   [Eden: 269.0M(269.0M)->0.0B(266.0M) Survivors: 12.0M->36.0M Heap: 336.8M(2048.0M)->326.8M(2048.0M)]
 [Times: user=1.02 sys=0.01, real=0.15 secs] 
2020-09-29T12:12:11.943+0200: 76.912: [GC pause (G1 Evacuation Pause) (young), 0.1528535 secs]
   [Parallel Time: 151.6 ms, GC Workers: 8]
      [GC Worker Start (ms): Min: 76912.3, Avg: 76912.4, Max: 76912.5, Diff: 0.2]
      [Ext Root Scanning (ms): Min: 0.0, Avg: 0.1, Max: 0.2, Diff: 0.2, Sum: 0.5]
      [Update RS (ms): Min: 17.0, Avg: 17.2, Max: 17.5, Diff: 0.5, Sum: 137.6]
         [Processed Buffers: Min: 16, Avg: 17.5, Max: 19, Diff: 3, Sum: 140]
      [Scan RS (ms): Min: 15.6, Avg: 16.0, Max: 16.3, Diff: 0.8, Sum: 127.8]
      [Code Root Scanning (ms): Min: 0.0, Avg: 0.0, Max: 0.0, Diff: 0.0, Sum: 0.0]
      [Object Copy (ms): Min: 117.9, Avg: 118.1, Max: 118.2, Diff: 0.2, Sum: 944.8]
      [Termination (ms): Min: 0.0, Avg: 0.0, Max: 0.0, Diff: 0.0, Sum: 0.1]
         [Termination Attempts: Min: 1, Avg: 34.4, Max: 49, Diff: 48, Sum: 275]
      [GC Worker Other (ms): Min: 0.0, Avg: 0.0, Max: 0.0, Diff: 0.0, Sum: 0.2]
      [GC Worker Total (ms): Min: 151.3, Avg: 151.4, Max: 151.5, Diff: 0.2, Sum: 1210.9]
      [GC Worker End (ms): Min: 77063.8, Avg: 77063.8, Max: 77063.8, Diff: 0.0]
   [Code Root Fixup: 0.0 ms]
   [Code Root Purge: 0.0 ms]
   [Clear CT: 0.2 ms]
   [Other: 1.0 ms]
      [Choose CSet: 0.0 ms]
      [Ref Proc: 0.2 ms]
      [Ref Enq: 0.0 ms]
      [Redirty Cards: 0.2 ms]
      [Humongous Register: 0.0 ms]
      [Humongous Reclaim: 0.0 ms]
      [Free CSet: 0.3 ms]
   [Eden: 266.0M(266.0M)->0.0B(275.0M) Survivors: 36.0M->38.0M Heap: 636.6M(2048.0M)->638.6M(2048.0M)]
 [Times: user=1.08 sys=0.00, real=0.15 secs] 
2020-09-29T12:12:12.284+0200: 77.253: [GC pause (G1 Evacuation Pause) (young), 0.3356165 secs]
   [Parallel Time: 333.5 ms, GC Workers: 8]
      [GC Worker Start (ms): Min: 77253.5, Avg: 77253.8, Max: 77254.9, Diff: 1.3]
      [Ext Root Scanning (ms): Min: 0.0, Avg: 0.1, Max: 0.2, Diff: 0.2, Sum: 0.6]
      [Update RS (ms): Min: 17.7, Avg: 19.3, Max: 25.2, Diff: 7.4, Sum: 154.4]
         [Processed Buffers: Min: 12, Avg: 17.9, Max: 22, Diff: 10, Sum: 143]
      [Scan RS (ms): Min: 11.3, Avg: 17.1, Max: 18.3, Diff: 6.9, Sum: 136.5]
      [Code Root Scanning (ms): Min: 0.0, Avg: 0.0, Max: 0.0, Diff: 0.0, Sum: 0.0]
      [Object Copy (ms): Min: 295.3, Avg: 295.5, Max: 296.4, Diff: 1.2, Sum: 2364.3]
      [Termination (ms): Min: 0.1, Avg: 1.0, Max: 1.2, Diff: 1.1, Sum: 7.7]
         [Termination Attempts: Min: 1, Avg: 2740.5, Max: 3463, Diff: 3462, Sum: 21924]
      [GC Worker Other (ms): Min: 0.0, Avg: 0.0, Max: 0.1, Diff: 0.1, Sum: 0.3]
      [GC Worker Total (ms): Min: 332.0, Avg: 333.0, Max: 333.2, Diff: 1.3, Sum: 2663.9]
      [GC Worker End (ms): Min: 77586.7, Avg: 77586.8, Max: 77586.8, Diff: 0.1]
   [Code Root Fixup: 0.0 ms]
   [Code Root Purge: 0.0 ms]
   [Clear CT: 0.5 ms]
   [Other: 1.7 ms]
      [Choose CSet: 0.0 ms]
      [Ref Proc: 0.4 ms]
      [Ref Enq: 0.0 ms]
      [Redirty Cards: 0.5 ms]
      [Humongous Register: 0.1 ms]
      [Humongous Reclaim: 0.0 ms]
      [Free CSet: 0.4 ms]
   [Eden: 275.0M(275.0M)->0.0B(164.0M) Survivors: 38.0M->40.0M Heap: 959.4M(2048.0M)->961.4M(2048.0M)]
 [Times: user=2.58 sys=0.00, real=0.34 secs] 
2020-09-29T12:12:12.651+0200: 77.620: [GC pause (G1 Humongous Allocation) (young) (initial-mark), 0.0978361 secs]
   [Parallel Time: 96.0 ms, GC Workers: 8]
      [GC Worker Start (ms): Min: 77620.3, Avg: 77620.4, Max: 77620.5, Diff: 0.2]
      [Ext Root Scanning (ms): Min: 0.0, Avg: 0.2, Max: 0.3, Diff: 0.2, Sum: 1.2]
      [Update RS (ms): Min: 48.9, Avg: 49.6, Max: 49.9, Diff: 1.0, Sum: 396.5]
         [Processed Buffers: Min: 28, Avg: 30.4, Max: 34, Diff: 6, Sum: 243]
      [Scan RS (ms): Min: 4.7, Avg: 5.1, Max: 5.8, Diff: 1.1, Sum: 41.1]
      [Code Root Scanning (ms): Min: 0.0, Avg: 0.0, Max: 0.0, Diff: 0.0, Sum: 0.0]
      [Object Copy (ms): Min: 40.7, Avg: 40.8, Max: 40.9, Diff: 0.2, Sum: 326.7]
      [Termination (ms): Min: 0.0, Avg: 0.0, Max: 0.1, Diff: 0.1, Sum: 0.3]
         [Termination Attempts: Min: 1, Avg: 128.8, Max: 178, Diff: 177, Sum: 1030]
      [GC Worker Other (ms): Min: 0.0, Avg: 0.0, Max: 0.0, Diff: 0.0, Sum: 0.2]
      [GC Worker Total (ms): Min: 95.7, Avg: 95.8, Max: 95.9, Diff: 0.2, Sum: 766.0]
      [GC Worker End (ms): Min: 77716.1, Avg: 77716.1, Max: 77716.1, Diff: 0.0]
   [Code Root Fixup: 0.0 ms]
   [Code Root Purge: 0.0 ms]
   [Clear CT: 0.3 ms]
   [Other: 1.5 ms]
      [Choose CSet: 0.0 ms]
      [Ref Proc: 0.4 ms]
      [Ref Enq: 0.0 ms]
      [Redirty Cards: 0.4 ms]
      [Humongous Register: 0.1 ms]
      [Humongous Reclaim: 0.0 ms]
      [Free CSet: 0.1 ms]
   [Eden: 3072.0K(164.0M)->0.0B(159.0M) Survivors: 40.0M->5120.0K Heap: 964.4M(2048.0M)->968.4M(2048.0M)]
 [Times: user=0.73 sys=0.00, real=0.10 secs] 
2020-09-29T12:12:12.749+0200: 77.718: [GC concurrent-root-region-scan-start]
2020-09-29T12:12:12.751+0200: 77.721: [GC concurrent-root-region-scan-end, 0.0024798 secs]
2020-09-29T12:12:12.751+0200: 77.721: [GC concurrent-mark-start]
2020-09-29T12:12:12.758+0200: 77.727: [GC concurrent-mark-end, 0.0068415 secs]
2020-09-29T12:12:12.759+0200: 77.728: [GC remark 2020-09-29T12:12:12.759+0200: 77.728: [Finalize Marking, 0.0007122 secs] 2020-09-29T12:12:12.760+0200: 77.729: [GC ref-proc, 0.0007009 secs] 2020-09-29T12:12:12.760+0200: 77.730: [Unloading, 0.0011189 secs], 0.0031794 secs]
 [Times: user=0.00 sys=0.00, real=0.00 secs] 
2020-09-29T12:12:12.763+0200: 77.732: [GC cleanup 978M->24M(2048M), 0.0032443 secs]
 [Times: user=0.00 sys=0.00, real=0.00 secs] 
2020-09-29T12:12:12.766+0200: 77.735: [GC concurrent-cleanup-start]
2020-09-29T12:12:12.768+0200: 77.738: [GC concurrent-cleanup-end, 0.0023154 secs]
2020-09-29T12:12:12.923+0200: 77.893: [GC pause (G1 Evacuation Pause) (young), 0.1775890 secs]
   [Parallel Time: 175.7 ms, GC Workers: 8]
      [GC Worker Start (ms): Min: 77892.6, Avg: 77892.8, Max: 77892.9, Diff: 0.2]
      [Ext Root Scanning (ms): Min: 0.0, Avg: 0.1, Max: 0.3, Diff: 0.2, Sum: 1.1]
      [Update RS (ms): Min: 28.7, Avg: 29.1, Max: 29.6, Diff: 0.9, Sum: 232.8]
         [Processed Buffers: Min: 16, Avg: 16.3, Max: 17, Diff: 1, Sum: 130]
      [Scan RS (ms): Min: 8.4, Avg: 8.9, Max: 9.3, Diff: 0.9, Sum: 71.5]
      [Code Root Scanning (ms): Min: 0.0, Avg: 0.0, Max: 0.0, Diff: 0.0, Sum: 0.0]
      [Object Copy (ms): Min: 137.0, Avg: 137.1, Max: 137.1, Diff: 0.1, Sum: 1096.5]
      [Termination (ms): Min: 0.0, Avg: 0.0, Max: 0.0, Diff: 0.0, Sum: 0.1]
         [Termination Attempts: Min: 1, Avg: 38.5, Max: 50, Diff: 49, Sum: 308]
      [GC Worker Other (ms): Min: 0.0, Avg: 0.0, Max: 0.1, Diff: 0.1, Sum: 0.4]
      [GC Worker Total (ms): Min: 175.2, Avg: 175.3, Max: 175.5, Diff: 0.3, Sum: 1402.5]
      [GC Worker End (ms): Min: 78068.1, Avg: 78068.1, Max: 78068.1, Diff: 0.1]
   [Code Root Fixup: 0.0 ms]
   [Code Root Purge: 0.0 ms]
   [Clear CT: 0.6 ms]
   [Other: 1.3 ms]
      [Choose CSet: 0.0 ms]
      [Ref Proc: 0.2 ms]
      [Ref Enq: 0.0 ms]
      [Redirty Cards: 0.5 ms]
      [Humongous Register: 0.1 ms]
      [Humongous Reclaim: 0.0 ms]
      [Free CSet: 0.2 ms]
   [Eden: 159.0M(159.0M)->0.0B(137.0M) Survivors: 5120.0K->21.0M Heap: 200.7M(2048.0M)->197.7M(2048.0M)]
 [Times: user=1.41 sys=0.02, real=0.18 secs] 
2020-09-29T12:12:13.250+0200: 78.220: [GC pause (G1 Evacuation Pause) (young), 0.2086091 secs]
   [Parallel Time: 206.5 ms, GC Workers: 8]
      [GC Worker Start (ms): Min: 78219.9, Avg: 78223.9, Max: 78235.8, Diff: 15.9]
      [Ext Root Scanning (ms): Min: 0.0, Avg: 0.1, Max: 0.3, Diff: 0.3, Sum: 1.2]
      [Update RS (ms): Min: 14.4, Avg: 26.2, Max: 30.9, Diff: 16.5, Sum: 209.7]
         [Processed Buffers: Min: 8, Avg: 14.4, Max: 18, Diff: 10, Sum: 115]
      [Scan RS (ms): Min: 11.7, Avg: 13.3, Max: 17.9, Diff: 6.2, Sum: 106.3]
      [Code Root Scanning (ms): Min: 0.0, Avg: 0.0, Max: 0.0, Diff: 0.0, Sum: 0.0]
      [Object Copy (ms): Min: 157.4, Avg: 162.3, Max: 163.2, Diff: 5.8, Sum: 1298.1]
      [Termination (ms): Min: 0.0, Avg: 0.3, Max: 0.3, Diff: 0.3, Sum: 2.1]
         [Termination Attempts: Min: 1, Avg: 784.4, Max: 942, Diff: 941, Sum: 6275]
      [GC Worker Other (ms): Min: 0.0, Avg: 0.1, Max: 0.1, Diff: 0.1, Sum: 0.4]
      [GC Worker Total (ms): Min: 190.4, Avg: 202.2, Max: 206.3, Diff: 15.9, Sum: 1617.9]
      [GC Worker End (ms): Min: 78426.1, Avg: 78426.2, Max: 78426.2, Diff: 0.1]
   [Code Root Fixup: 0.0 ms]
   [Code Root Purge: 0.0 ms]
   [Clear CT: 0.3 ms]
   [Other: 1.8 ms]
      [Choose CSet: 0.0 ms]
      [Ref Proc: 0.7 ms]
      [Ref Enq: 0.0 ms]
      [Redirty Cards: 0.4 ms]
      [Humongous Register: 0.1 ms]
      [Humongous Reclaim: 0.0 ms]
      [Free CSet: 0.2 ms]
   [Eden: 137.0M(137.0M)->0.0B(117.0M) Survivors: 21.0M->20.0M Heap: 357.6M(2048.0M)->359.1M(2048.0M)]
 [Times: user=1.52 sys=0.02, real=0.21 secs] 
2020-09-29T12:12:13.591+0200: 78.560: [GC pause (G1 Evacuation Pause) (young), 0.1728597 secs]
   [Parallel Time: 170.4 ms, GC Workers: 8]
      [GC Worker Start (ms): Min: 78560.4, Avg: 78560.5, Max: 78560.7, Diff: 0.3]
      [Ext Root Scanning (ms): Min: 0.0, Avg: 0.1, Max: 0.3, Diff: 0.3, Sum: 1.2]
      [Update RS (ms): Min: 28.2, Avg: 28.6, Max: 30.4, Diff: 2.1, Sum: 228.7]
         [Processed Buffers: Min: 3, Avg: 14.9, Max: 20, Diff: 17, Sum: 119]
      [Scan RS (ms): Min: 8.0, Avg: 9.7, Max: 10.1, Diff: 2.2, Sum: 78.0]
      [Code Root Scanning (ms): Min: 0.0, Avg: 0.0, Max: 0.0, Diff: 0.0, Sum: 0.0]
      [Object Copy (ms): Min: 131.4, Avg: 131.5, Max: 131.5, Diff: 0.2, Sum: 1051.8]
      [Termination (ms): Min: 0.0, Avg: 0.0, Max: 0.1, Diff: 0.1, Sum: 0.3]
         [Termination Attempts: Min: 1, Avg: 110.1, Max: 152, Diff: 151, Sum: 881]
      [GC Worker Other (ms): Min: 0.0, Avg: 0.1, Max: 0.2, Diff: 0.1, Sum: 0.5]
      [GC Worker Total (ms): Min: 169.9, Avg: 170.1, Max: 170.2, Diff: 0.4, Sum: 1360.6]
      [GC Worker End (ms): Min: 78730.5, Avg: 78730.6, Max: 78730.6, Diff: 0.1]
   [Code Root Fixup: 0.0 ms]
   [Code Root Purge: 0.0 ms]
   [Clear CT: 0.8 ms]
   [Other: 1.6 ms]
      [Choose CSet: 0.0 ms]
      [Ref Proc: 0.4 ms]
      [Ref Enq: 0.0 ms]
      [Redirty Cards: 0.6 ms]
      [Humongous Register: 0.1 ms]
      [Humongous Reclaim: 0.0 ms]
      [Free CSet: 0.2 ms]
   [Eden: 117.0M(117.0M)->0.0B(118.0M) Survivors: 20.0M->18.0M Heap: 497.1M(2048.0M)->499.1M(2048.0M)]
 [Times: user=1.23 sys=0.02, real=0.17 secs] 
2020-09-29T12:12:13.892+0200: 78.861: [GC pause (G1 Evacuation Pause) (young), 0.1519800 secs]
   [Parallel Time: 150.3 ms, GC Workers: 8]
      [GC Worker Start (ms): Min: 78861.5, Avg: 78861.6, Max: 78861.8, Diff: 0.3]
      [Ext Root Scanning (ms): Min: 0.0, Avg: 0.1, Max: 0.3, Diff: 0.3, Sum: 0.8]
      [Update RS (ms): Min: 20.4, Avg: 20.7, Max: 21.4, Diff: 0.9, Sum: 165.7]
         [Processed Buffers: Min: 11, Avg: 12.3, Max: 14, Diff: 3, Sum: 98]
      [Scan RS (ms): Min: 8.7, Avg: 9.4, Max: 9.8, Diff: 1.1, Sum: 75.3]
      [Code Root Scanning (ms): Min: 0.0, Avg: 0.0, Max: 0.0, Diff: 0.0, Sum: 0.0]
      [Object Copy (ms): Min: 119.2, Avg: 119.4, Max: 119.5, Diff: 0.3, Sum: 955.0]
      [Termination (ms): Min: 0.0, Avg: 0.2, Max: 0.3, Diff: 0.3, Sum: 1.3]
         [Termination Attempts: Min: 1, Avg: 68.5, Max: 94, Diff: 93, Sum: 548]
      [GC Worker Other (ms): Min: 0.0, Avg: 0.0, Max: 0.0, Diff: 0.0, Sum: 0.1]
      [GC Worker Total (ms): Min: 149.6, Avg: 149.8, Max: 150.0, Diff: 0.4, Sum: 1198.3]
      [GC Worker End (ms): Min: 79011.3, Avg: 79011.4, Max: 79011.6, Diff: 0.3]
   [Code Root Fixup: 0.0 ms]
   [Code Root Purge: 0.0 ms]
   [Clear CT: 0.3 ms]
   [Other: 1.4 ms]
      [Choose CSet: 0.0 ms]
      [Ref Proc: 0.4 ms]
      [Ref Enq: 0.0 ms]
      [Redirty Cards: 0.4 ms]
      [Humongous Register: 0.1 ms]
      [Humongous Reclaim: 0.0 ms]
      [Free CSet: 0.2 ms]
   [Eden: 118.0M(118.0M)->0.0B(128.0M) Survivors: 18.0M->17.0M Heap: 636.1M(2048.0M)->638.1M(2048.0M)]
 [Times: user=1.19 sys=0.00, real=0.15 secs] 
2020-09-29T12:12:14.177+0200: 79.146: [GC pause (G1 Evacuation Pause) (young), 0.1786455 secs]
   [Parallel Time: 176.7 ms, GC Workers: 8]
      [GC Worker Start (ms): Min: 79146.2, Avg: 79146.6, Max: 79148.7, Diff: 2.5]
      [Ext Root Scanning (ms): Min: 0.0, Avg: 0.1, Max: 0.3, Diff: 0.3, Sum: 1.0]
      [Update RS (ms): Min: 20.5, Avg: 22.2, Max: 23.4, Diff: 2.9, Sum: 177.8]
         [Processed Buffers: Min: 11, Avg: 12.9, Max: 14, Diff: 3, Sum: 103]
      [Scan RS (ms): Min: 9.8, Avg: 10.8, Max: 12.7, Diff: 2.9, Sum: 86.2]
      [Code Root Scanning (ms): Min: 0.0, Avg: 0.0, Max: 0.0, Diff: 0.0, Sum: 0.0]
      [Object Copy (ms): Min: 140.6, Avg: 142.4, Max: 143.2, Diff: 2.5, Sum: 1139.3]
      [Termination (ms): Min: 0.1, Avg: 0.5, Max: 1.2, Diff: 1.1, Sum: 4.2]
         [Termination Attempts: Min: 1, Avg: 1055.5, Max: 1269, Diff: 1268, Sum: 8444]
      [GC Worker Other (ms): Min: 0.0, Avg: 0.0, Max: 0.0, Diff: 0.0, Sum: 0.2]
      [GC Worker Total (ms): Min: 174.1, Avg: 176.1, Max: 176.5, Diff: 2.5, Sum: 1408.7]
      [GC Worker End (ms): Min: 79322.7, Avg: 79322.7, Max: 79322.7, Diff: 0.0]
   [Code Root Fixup: 0.0 ms]
   [Code Root Purge: 0.0 ms]
   [Clear CT: 0.5 ms]
   [Other: 1.4 ms]
      [Choose CSet: 0.0 ms]
      [Ref Proc: 0.5 ms]
      [Ref Enq: 0.0 ms]
      [Redirty Cards: 0.4 ms]
      [Humongous Register: 0.1 ms]
      [Humongous Reclaim: 0.0 ms]
      [Free CSet: 0.2 ms]
   [Eden: 128.0M(128.0M)->0.0B(128.0M) Survivors: 17.0M->19.0M Heap: 787.1M(2048.0M)->789.6M(2048.0M)]
 [Times: user=1.28 sys=0.01, real=0.18 secs] 
2020-09-29T12:12:14.501+0200: 79.471: [GC pause (G1 Evacuation Pause) (young), 0.1736582 secs]
   [Parallel Time: 172.2 ms, GC Workers: 8]
      [GC Worker Start (ms): Min: 79471.3, Avg: 79471.4, Max: 79471.6, Diff: 0.3]
      [Ext Root Scanning (ms): Min: 0.0, Avg: 0.1, Max: 0.3, Diff: 0.3, Sum: 0.9]
      [Update RS (ms): Min: 16.6, Avg: 17.1, Max: 17.6, Diff: 1.0, Sum: 136.8]
         [Processed Buffers: Min: 9, Avg: 9.6, Max: 11, Diff: 2, Sum: 77]
      [Scan RS (ms): Min: 12.2, Avg: 12.6, Max: 13.2, Diff: 1.0, Sum: 100.8]
      [Code Root Scanning (ms): Min: 0.0, Avg: 0.0, Max: 0.0, Diff: 0.0, Sum: 0.0]
      [Object Copy (ms): Min: 141.6, Avg: 141.8, Max: 141.9, Diff: 0.3, Sum: 1134.1]
      [Termination (ms): Min: 0.1, Avg: 0.2, Max: 0.3, Diff: 0.2, Sum: 1.4]
         [Termination Attempts: Min: 1, Avg: 273.3, Max: 350, Diff: 349, Sum: 2186]
      [GC Worker Other (ms): Min: 0.0, Avg: 0.0, Max: 0.0, Diff: 0.0, Sum: 0.2]
      [GC Worker Total (ms): Min: 171.7, Avg: 171.8, Max: 171.9, Diff: 0.3, Sum: 1374.2]
      [GC Worker End (ms): Min: 79643.2, Avg: 79643.2, Max: 79643.2, Diff: 0.0]
   [Code Root Fixup: 0.0 ms]
   [Code Root Purge: 0.0 ms]
   [Clear CT: 0.3 ms]
   [Other: 1.2 ms]
      [Choose CSet: 0.0 ms]
      [Ref Proc: 0.3 ms]
      [Ref Enq: 0.0 ms]
      [Redirty Cards: 0.4 ms]
      [Humongous Register: 0.1 ms]
      [Humongous Reclaim: 0.0 ms]
      [Free CSet: 0.2 ms]
   [Eden: 128.0M(128.0M)->0.0B(131.0M) Survivors: 19.0M->19.0M Heap: 938.6M(2048.0M)->941.1M(2048.0M)]
 [Times: user=1.28 sys=0.00, real=0.17 secs] 
2020-09-29T12:12:14.686+0200: 79.655: [GC pause (G1 Humongous Allocation) (young) (initial-mark), 0.0663463 secs]
   [Parallel Time: 61.2 ms, GC Workers: 8]
      [GC Worker Start (ms): Min: 79655.5, Avg: 79655.7, Max: 79655.9, Diff: 0.4]
      [Ext Root Scanning (ms): Min: 0.0, Avg: 0.6, Max: 1.2, Diff: 1.2, Sum: 4.7]
      [Update RS (ms): Min: 29.1, Avg: 30.7, Max: 33.0, Diff: 3.9, Sum: 245.7]
         [Processed Buffers: Min: 17, Avg: 18.8, Max: 20, Diff: 3, Sum: 150]
      [Scan RS (ms): Min: 0.6, Avg: 2.6, Max: 3.5, Diff: 2.9, Sum: 21.1]
      [Code Root Scanning (ms): Min: 0.0, Avg: 0.0, Max: 0.0, Diff: 0.0, Sum: 0.0]
      [Object Copy (ms): Min: 26.6, Avg: 26.7, Max: 26.8, Diff: 0.2, Sum: 213.8]
      [Termination (ms): Min: 0.0, Avg: 0.0, Max: 0.0, Diff: 0.0, Sum: 0.0]
         [Termination Attempts: Min: 1, Avg: 4.6, Max: 9, Diff: 8, Sum: 37]
      [GC Worker Other (ms): Min: 0.0, Avg: 0.0, Max: 0.1, Diff: 0.0, Sum: 0.2]
      [GC Worker Total (ms): Min: 60.5, Avg: 60.7, Max: 60.9, Diff: 0.4, Sum: 485.5]
      [GC Worker End (ms): Min: 79716.4, Avg: 79716.4, Max: 79716.4, Diff: 0.0]
   [Code Root Fixup: 0.0 ms]
   [Code Root Purge: 0.0 ms]
   [Clear CT: 0.4 ms]
   [Other: 4.7 ms]
      [Choose CSet: 0.0 ms]
      [Ref Proc: 2.3 ms]
      [Ref Enq: 0.0 ms]
      [Redirty Cards: 1.9 ms]
      [Humongous Register: 0.1 ms]
      [Humongous Reclaim: 0.0 ms]
      [Free CSet: 0.1 ms]
   [Eden: 3072.0K(131.0M)->0.0B(140.0M) Survivors: 19.0M->6144.0K Heap: 944.1M(2048.0M)->948.1M(2048.0M)]
 [Times: user=0.48 sys=0.00, real=0.07 secs] 
2020-09-29T12:12:14.752+0200: 79.722: [GC concurrent-root-region-scan-start]
2020-09-29T12:12:14.756+0200: 79.726: [GC concurrent-root-region-scan-end, 0.0042212 secs]
2020-09-29T12:12:14.757+0200: 79.726: [GC concurrent-mark-start]
2020-09-29T12:12:14.763+0200: 79.732: [GC concurrent-mark-end, 0.0060771 secs]
2020-09-29T12:12:14.763+0200: 79.733: [GC remark 2020-09-29T12:12:14.764+0200: 79.733: [Finalize Marking, 0.0005214 secs] 2020-09-29T12:12:14.764+0200: 79.734: [GC ref-proc, 0.0007443 secs] 2020-09-29T12:12:14.765+0200: 79.735: [Unloading, 0.0008484 secs], 0.0028008 secs]
 [Times: user=0.00 sys=0.00, real=0.00 secs] 
2020-09-29T12:12:14.768+0200: 79.737: [GC cleanup 960M->27M(2048M), 0.0025183 secs]
 [Times: user=0.09 sys=0.00, real=0.00 secs] 
2020-09-29T12:12:14.770+0200: 79.740: [GC concurrent-cleanup-start]
2020-09-29T12:12:14.773+0200: 79.743: [GC concurrent-cleanup-end, 0.0026048 secs]
2020-09-29T12:12:14.909+0200: 79.879: [GC pause (G1 Evacuation Pause) (young), 0.1729052 secs]
   [Parallel Time: 171.1 ms, GC Workers: 8]
      [GC Worker Start (ms): Min: 79878.8, Avg: 79879.0, Max: 79879.1, Diff: 0.3]
      [Ext Root Scanning (ms): Min: 0.0, Avg: 0.1, Max: 0.3, Diff: 0.3, Sum: 0.8]
      [Update RS (ms): Min: 15.8, Avg: 16.2, Max: 17.1, Diff: 1.3, Sum: 129.7]
         [Processed Buffers: Min: 8, Avg: 10.0, Max: 13, Diff: 5, Sum: 80]
      [Scan RS (ms): Min: 11.3, Avg: 12.4, Max: 13.5, Diff: 2.2, Sum: 99.1]
      [Code Root Scanning (ms): Min: 0.0, Avg: 0.0, Max: 0.0, Diff: 0.0, Sum: 0.0]
      [Object Copy (ms): Min: 141.2, Avg: 141.7, Max: 141.9, Diff: 0.7, Sum: 1133.6]
      [Termination (ms): Min: 0.0, Avg: 0.2, Max: 0.4, Diff: 0.4, Sum: 1.8]
         [Termination Attempts: Min: 1, Avg: 686.8, Max: 838, Diff: 837, Sum: 5494]
      [GC Worker Other (ms): Min: 0.0, Avg: 0.0, Max: 0.1, Diff: 0.1, Sum: 0.4]
      [GC Worker Total (ms): Min: 170.5, Avg: 170.7, Max: 170.8, Diff: 0.3, Sum: 1365.4]
      [GC Worker End (ms): Min: 80049.6, Avg: 80049.6, Max: 80049.7, Diff: 0.1]
   [Code Root Fixup: 0.0 ms]
   [Code Root Purge: 0.0 ms]
   [Clear CT: 0.5 ms]
   [Other: 1.4 ms]
      [Choose CSet: 0.0 ms]
      [Ref Proc: 0.4 ms]
      [Ref Enq: 0.0 ms]
      [Redirty Cards: 0.4 ms]
      [Humongous Register: 0.1 ms]
      [Humongous Reclaim: 0.0 ms]
      [Free CSet: 0.2 ms]
   [Eden: 140.0M(140.0M)->0.0B(128.0M) Survivors: 6144.0K->19.0M Heap: 180.3M(2048.0M)->176.3M(2048.0M)]
 [Times: user=1.36 sys=0.00, real=0.17 secs] 
2020-09-29T12:12:15.227+0200: 80.197: [GC pause (G1 Evacuation Pause) (young), 0.2165255 secs]
   [Parallel Time: 214.7 ms, GC Workers: 8]
      [GC Worker Start (ms): Min: 80197.2, Avg: 80200.1, Max: 80220.0, Diff: 22.9]
      [Ext Root Scanning (ms): Min: 0.0, Avg: 0.1, Max: 0.3, Diff: 0.3, Sum: 1.1]
      [Update RS (ms): Min: 0.7, Avg: 21.9, Max: 31.9, Diff: 31.2, Sum: 175.4]
         [Processed Buffers: Min: 3, Avg: 11.4, Max: 15, Diff: 12, Sum: 91]
      [Scan RS (ms): Min: 7.2, Avg: 15.9, Max: 21.3, Diff: 14.1, Sum: 126.9]
      [Code Root Scanning (ms): Min: 0.0, Avg: 0.0, Max: 0.0, Diff: 0.0, Sum: 0.0]
      [Object Copy (ms): Min: 168.2, Avg: 173.6, Max: 175.1, Diff: 6.9, Sum: 1388.4]
      [Termination (ms): Min: 0.0, Avg: 0.0, Max: 0.0, Diff: 0.0, Sum: 0.2]
         [Termination Attempts: Min: 1, Avg: 77.0, Max: 108, Diff: 107, Sum: 616]
      [GC Worker Other (ms): Min: 0.0, Avg: 0.1, Max: 0.1, Diff: 0.1, Sum: 0.5]
      [GC Worker Total (ms): Min: 191.7, Avg: 211.6, Max: 214.5, Diff: 22.8, Sum: 1692.5]
      [GC Worker End (ms): Min: 80411.7, Avg: 80411.7, Max: 80411.8, Diff: 0.1]
   [Code Root Fixup: 0.0 ms]
   [Code Root Purge: 0.0 ms]
   [Clear CT: 0.3 ms]
   [Other: 1.5 ms]
      [Choose CSet: 0.0 ms]
      [Ref Proc: 0.4 ms]
      [Ref Enq: 0.0 ms]
      [Redirty Cards: 0.4 ms]
      [Humongous Register: 0.1 ms]
      [Humongous Reclaim: 0.0 ms]
      [Free CSet: 0.3 ms]
   [Eden: 128.0M(128.0M)->0.0B(113.0M) Survivors: 19.0M->19.0M Heap: 325.3M(2048.0M)->326.8M(2048.0M)]
 [Times: user=1.44 sys=0.00, real=0.22 secs] 
2020-09-29T12:12:15.589+0200: 80.558: [GC pause (G1 Evacuation Pause) (young), 0.1648711 secs]
   [Parallel Time: 162.7 ms, GC Workers: 8]
      [GC Worker Start (ms): Min: 80558.0, Avg: 80558.1, Max: 80558.3, Diff: 0.3]
      [Ext Root Scanning (ms): Min: 0.0, Avg: 0.1, Max: 0.2, Diff: 0.2, Sum: 1.0]
      [Update RS (ms): Min: 19.8, Avg: 19.9, Max: 20.2, Diff: 0.5, Sum: 159.6]
         [Processed Buffers: Min: 9, Avg: 11.8, Max: 14, Diff: 5, Sum: 94]
      [Scan RS (ms): Min: 9.5, Avg: 10.0, Max: 11.0, Diff: 1.5, Sum: 80.3]
      [Code Root Scanning (ms): Min: 0.0, Avg: 0.0, Max: 0.0, Diff: 0.0, Sum: 0.0]
      [Object Copy (ms): Min: 131.2, Avg: 132.0, Max: 132.3, Diff: 1.1, Sum: 1056.3]
      [Termination (ms): Min: 0.0, Avg: 0.1, Max: 0.2, Diff: 0.2, Sum: 0.7]
         [Termination Attempts: Min: 1, Avg: 6.3, Max: 16, Diff: 15, Sum: 50]
      [GC Worker Other (ms): Min: 0.0, Avg: 0.0, Max: 0.0, Diff: 0.0, Sum: 0.1]
      [GC Worker Total (ms): Min: 162.1, Avg: 162.3, Max: 162.4, Diff: 0.3, Sum: 1298.0]
      [GC Worker End (ms): Min: 80720.4, Avg: 80720.4, Max: 80720.5, Diff: 0.1]
   [Code Root Fixup: 0.0 ms]
   [Code Root Purge: 0.0 ms]
   [Clear CT: 0.6 ms]
   [Other: 1.6 ms]
      [Choose CSet: 0.0 ms]
      [Ref Proc: 0.5 ms]
      [Ref Enq: 0.0 ms]
      [Redirty Cards: 0.4 ms]
      [Humongous Register: 0.1 ms]
      [Humongous Reclaim: 0.0 ms]
      [Free CSet: 0.2 ms]
   [Eden: 113.0M(113.0M)->0.0B(119.0M) Survivors: 19.0M->17.0M Heap: 458.9M(2048.0M)->459.9M(2048.0M)]
 [Times: user=1.19 sys=0.00, real=0.16 secs] 
2020-09-29T12:12:15.890+0200: 80.860: [GC pause (G1 Evacuation Pause) (young), 0.1846796 secs]
   [Parallel Time: 182.9 ms, GC Workers: 8]
      [GC Worker Start (ms): Min: 80859.8, Avg: 80859.9, Max: 80860.1, Diff: 0.3]
      [Ext Root Scanning (ms): Min: 0.0, Avg: 0.1, Max: 0.2, Diff: 0.2, Sum: 1.0]
      [Update RS (ms): Min: 23.2, Avg: 24.6, Max: 30.0, Diff: 6.7, Sum: 196.6]
         [Processed Buffers: Min: 8, Avg: 12.1, Max: 15, Diff: 7, Sum: 97]
      [Scan RS (ms): Min: 6.0, Avg: 11.6, Max: 12.9, Diff: 6.8, Sum: 93.0]
      [Code Root Scanning (ms): Min: 0.0, Avg: 0.0, Max: 0.0, Diff: 0.0, Sum: 0.0]
      [Object Copy (ms): Min: 145.4, Avg: 145.8, Max: 146.1, Diff: 0.7, Sum: 1166.8]
      [Termination (ms): Min: 0.0, Avg: 0.2, Max: 0.2, Diff: 0.2, Sum: 1.2]
         [Termination Attempts: Min: 1, Avg: 529.6, Max: 660, Diff: 659, Sum: 4237]
      [GC Worker Other (ms): Min: 0.0, Avg: 0.0, Max: 0.1, Diff: 0.1, Sum: 0.3]
      [GC Worker Total (ms): Min: 182.2, Avg: 182.4, Max: 182.5, Diff: 0.3, Sum: 1458.8]
      [GC Worker End (ms): Min: 81042.3, Avg: 81042.3, Max: 81042.3, Diff: 0.1]
   [Code Root Fixup: 0.0 ms]
   [Code Root Purge: 0.0 ms]
   [Clear CT: 0.3 ms]
   [Other: 1.4 ms]
      [Choose CSet: 0.0 ms]
      [Ref Proc: 0.5 ms]
      [Ref Enq: 0.0 ms]
      [Redirty Cards: 0.4 ms]
      [Humongous Register: 0.1 ms]
      [Humongous Reclaim: 0.0 ms]
      [Free CSet: 0.2 ms]
   [Eden: 119.0M(119.0M)->0.0B(118.0M) Survivors: 17.0M->17.0M Heap: 597.9M(2048.0M)->599.9M(2048.0M)]
 [Times: user=1.41 sys=0.00, real=0.18 secs] 
2020-09-29T12:12:16.210+0200: 81.179: [GC pause (G1 Evacuation Pause) (young), 0.1731297 secs]
   [Parallel Time: 171.5 ms, GC Workers: 8]
      [GC Worker Start (ms): Min: 81179.6, Avg: 81179.7, Max: 81179.9, Diff: 0.3]
      [Ext Root Scanning (ms): Min: 0.0, Avg: 0.1, Max: 0.3, Diff: 0.3, Sum: 0.9]
      [Update RS (ms): Min: 15.7, Avg: 16.0, Max: 16.8, Diff: 1.1, Sum: 127.7]
         [Processed Buffers: Min: 5, Avg: 7.9, Max: 10, Diff: 5, Sum: 63]
      [Scan RS (ms): Min: 11.6, Avg: 12.3, Max: 12.7, Diff: 1.1, Sum: 98.6]
      [Code Root Scanning (ms): Min: 0.0, Avg: 0.0, Max: 0.0, Diff: 0.0, Sum: 0.0]
      [Object Copy (ms): Min: 142.5, Avg: 142.6, Max: 142.7, Diff: 0.3, Sum: 1140.9]
      [Termination (ms): Min: 0.0, Avg: 0.1, Max: 0.2, Diff: 0.2, Sum: 0.9]
         [Termination Attempts: Min: 1, Avg: 192.6, Max: 311, Diff: 310, Sum: 1541]
      [GC Worker Other (ms): Min: 0.0, Avg: 0.0, Max: 0.0, Diff: 0.0, Sum: 0.1]
      [GC Worker Total (ms): Min: 171.0, Avg: 171.1, Max: 171.3, Diff: 0.3, Sum: 1369.2]
      [GC Worker End (ms): Min: 81350.9, Avg: 81350.9, Max: 81350.9, Diff: 0.0]
   [Code Root Fixup: 0.0 ms]
   [Code Root Purge: 0.0 ms]
   [Clear CT: 0.3 ms]
   [Other: 1.3 ms]
      [Choose CSet: 0.0 ms]
      [Ref Proc: 0.4 ms]
      [Ref Enq: 0.0 ms]
      [Redirty Cards: 0.3 ms]
      [Humongous Register: 0.1 ms]
      [Humongous Reclaim: 0.0 ms]
      [Free CSet: 0.2 ms]
   [Eden: 118.0M(118.0M)->0.0B(119.0M) Survivors: 17.0M->17.0M Heap: 737.0M(2048.0M)->739.0M(2048.0M)]
 [Times: user=1.20 sys=0.00, real=0.17 secs] 
2020-09-29T12:12:16.538+0200: 81.507: [GC pause (G1 Evacuation Pause) (young), 0.1621133 secs]
   [Parallel Time: 160.4 ms, GC Workers: 8]
      [GC Worker Start (ms): Min: 81507.5, Avg: 81507.8, Max: 81508.0, Diff: 0.4]
      [Ext Root Scanning (ms): Min: 0.0, Avg: 0.1, Max: 0.3, Diff: 0.3, Sum: 0.6]
      [Update RS (ms): Min: 17.1, Avg: 17.4, Max: 18.4, Diff: 1.3, Sum: 139.5]
         [Processed Buffers: Min: 9, Avg: 10.3, Max: 13, Diff: 4, Sum: 82]
      [Scan RS (ms): Min: 10.4, Avg: 11.3, Max: 11.7, Diff: 1.4, Sum: 90.4]
      [Code Root Scanning (ms): Min: 0.0, Avg: 0.0, Max: 0.0, Diff: 0.0, Sum: 0.0]
      [Object Copy (ms): Min: 130.7, Avg: 130.9, Max: 131.0, Diff: 0.3, Sum: 1046.8]
      [Termination (ms): Min: 0.0, Avg: 0.2, Max: 0.3, Diff: 0.3, Sum: 1.5]
         [Termination Attempts: Min: 1, Avg: 373.5, Max: 461, Diff: 460, Sum: 2988]
      [GC Worker Other (ms): Min: 0.0, Avg: 0.0, Max: 0.0, Diff: 0.0, Sum: 0.1]
      [GC Worker Total (ms): Min: 159.7, Avg: 159.9, Max: 160.1, Diff: 0.4, Sum: 1279.1]
      [GC Worker End (ms): Min: 81667.7, Avg: 81667.7, Max: 81667.7, Diff: 0.0]
   [Code Root Fixup: 0.0 ms]
   [Code Root Purge: 0.0 ms]
   [Clear CT: 0.3 ms]
   [Other: 1.4 ms]
      [Choose CSet: 0.0 ms]
      [Ref Proc: 0.4 ms]
      [Ref Enq: 0.0 ms]
      [Redirty Cards: 0.5 ms]
      [Humongous Register: 0.1 ms]
      [Humongous Reclaim: 0.0 ms]
      [Free CSet: 0.2 ms]
   [Eden: 119.0M(119.0M)->0.0B(125.0M) Survivors: 17.0M->17.0M Heap: 879.0M(2048.0M)->881.0M(2048.0M)]
 [Times: user=1.11 sys=0.00, real=0.16 secs] 
2020-09-29T12:12:16.848+0200: 81.818: [GC pause (G1 Evacuation Pause) (young), 0.1941303 secs]
   [Parallel Time: 192.3 ms, GC Workers: 8]
      [GC Worker Start (ms): Min: 81817.9, Avg: 81818.1, Max: 81818.3, Diff: 0.4]
      [Ext Root Scanning (ms): Min: 0.0, Avg: 0.1, Max: 0.3, Diff: 0.3, Sum: 0.9]
      [Update RS (ms): Min: 19.4, Avg: 19.8, Max: 20.1, Diff: 0.6, Sum: 158.1]
         [Processed Buffers: Min: 10, Avg: 11.5, Max: 14, Diff: 4, Sum: 92]
      [Scan RS (ms): Min: 11.0, Avg: 11.4, Max: 11.6, Diff: 0.6, Sum: 91.1]
      [Code Root Scanning (ms): Min: 0.0, Avg: 0.0, Max: 0.0, Diff: 0.0, Sum: 0.0]
      [Object Copy (ms): Min: 160.3, Avg: 160.5, Max: 160.7, Diff: 0.4, Sum: 1284.2]
      [Termination (ms): Min: 0.0, Avg: 0.1, Max: 0.1, Diff: 0.1, Sum: 0.8]
         [Termination Attempts: Min: 1, Avg: 327.3, Max: 398, Diff: 397, Sum: 2618]
      [GC Worker Other (ms): Min: 0.0, Avg: 0.0, Max: 0.1, Diff: 0.1, Sum: 0.3]
      [GC Worker Total (ms): Min: 191.7, Avg: 191.9, Max: 192.2, Diff: 0.4, Sum: 1535.5]
      [GC Worker End (ms): Min: 82010.0, Avg: 82010.0, Max: 82010.1, Diff: 0.1]
   [Code Root Fixup: 0.0 ms]
   [Code Root Purge: 0.0 ms]
   [Clear CT: 0.3 ms]
   [Other: 1.5 ms]
      [Choose CSet: 0.0 ms]
      [Ref Proc: 0.6 ms]
      [Ref Enq: 0.0 ms]
      [Redirty Cards: 0.4 ms]
      [Humongous Register: 0.1 ms]
      [Humongous Reclaim: 0.0 ms]
      [Free CSet: 0.2 ms]
   [Eden: 125.0M(125.0M)->0.0B(120.0M) Survivors: 17.0M->18.0M Heap: 1027.0M(2048.0M)->1029.0M(2048.0M)]
 [Times: user=1.31 sys=0.00, real=0.19 secs] 
2020-09-29T12:12:17.059+0200: 82.028: [GC pause (G1 Humongous Allocation) (young) (initial-mark), 0.0678763 secs]
   [Parallel Time: 66.2 ms, GC Workers: 8]
      [GC Worker Start (ms): Min: 82028.7, Avg: 82028.8, Max: 82029.0, Diff: 0.3]
      [Ext Root Scanning (ms): Min: 0.0, Avg: 0.3, Max: 0.4, Diff: 0.4, Sum: 2.1]
      [Update RS (ms): Min: 29.4, Avg: 30.1, Max: 30.5, Diff: 1.1, Sum: 240.7]
         [Processed Buffers: Min: 13, Avg: 17.0, Max: 20, Diff: 7, Sum: 136]
      [Scan RS (ms): Min: 2.2, Avg: 2.9, Max: 4.3, Diff: 2.1, Sum: 23.5]
      [Code Root Scanning (ms): Min: 0.0, Avg: 0.0, Max: 0.0, Diff: 0.0, Sum: 0.0]
      [Object Copy (ms): Min: 30.7, Avg: 32.3, Max: 32.8, Diff: 2.1, Sum: 258.6]
      [Termination (ms): Min: 0.0, Avg: 0.2, Max: 0.3, Diff: 0.2, Sum: 1.5]
         [Termination Attempts: Min: 1, Avg: 130.9, Max: 197, Diff: 196, Sum: 1047]
      [GC Worker Other (ms): Min: 0.0, Avg: 0.0, Max: 0.0, Diff: 0.0, Sum: 0.1]
      [GC Worker Total (ms): Min: 65.6, Avg: 65.8, Max: 65.9, Diff: 0.3, Sum: 526.6]
      [GC Worker End (ms): Min: 82094.6, Avg: 82094.6, Max: 82094.7, Diff: 0.0]
   [Code Root Fixup: 0.0 ms]
   [Code Root Purge: 0.0 ms]
   [Clear CT: 0.4 ms]
   [Other: 1.3 ms]
      [Choose CSet: 0.0 ms]
      [Ref Proc: 0.3 ms]
      [Ref Enq: 0.0 ms]
      [Redirty Cards: 0.3 ms]
      [Humongous Register: 0.1 ms]
      [Humongous Reclaim: 0.0 ms]
      [Free CSet: 0.1 ms]
   [Eden: 8192.0K(120.0M)->0.0B(127.0M) Survivors: 18.0M->11.0M Heap: 1037.0M(2048.0M)->1041.5M(2048.0M)]
 [Times: user=0.41 sys=0.00, real=0.07 secs] 
2020-09-29T12:12:17.127+0200: 82.097: [GC concurrent-root-region-scan-start]
2020-09-29T12:12:17.133+0200: 82.103: [GC concurrent-root-region-scan-end, 0.0061163 secs]
2020-09-29T12:12:17.133+0200: 82.103: [GC concurrent-mark-start]
2020-09-29T12:12:17.141+0200: 82.111: [GC concurrent-mark-end, 0.0073765 secs]
2020-09-29T12:12:17.141+0200: 82.111: [GC remark 2020-09-29T12:12:17.141+0200: 82.111: [Finalize Marking, 0.0006930 secs] 2020-09-29T12:12:17.142+0200: 82.112: [GC ref-proc, 0.0007565 secs] 2020-09-29T12:12:17.143+0200: 82.113: [Unloading, 0.0013274 secs], 0.0037538 secs]
 [Times: user=0.06 sys=0.00, real=0.00 secs] 
2020-09-29T12:12:17.146+0200: 82.116: [GC cleanup 1051M->30M(2048M), 0.0030875 secs]
 [Times: user=0.00 sys=0.00, real=0.00 secs] 
2020-09-29T12:12:17.149+0200: 82.119: [GC concurrent-cleanup-start]
2020-09-29T12:12:17.152+0200: 82.122: [GC concurrent-cleanup-end, 0.0031405 secs]
2020-09-29T12:12:17.289+0200: 82.259: [GC pause (G1 Evacuation Pause) (young), 0.1515803 secs]
   [Parallel Time: 149.9 ms, GC Workers: 8]
      [GC Worker Start (ms): Min: 82258.8, Avg: 82259.0, Max: 82259.1, Diff: 0.3]
      [Ext Root Scanning (ms): Min: 0.0, Avg: 0.1, Max: 0.3, Diff: 0.3, Sum: 0.9]
      [Update RS (ms): Min: 19.5, Avg: 19.7, Max: 20.1, Diff: 0.6, Sum: 157.6]
         [Processed Buffers: Min: 7, Avg: 12.1, Max: 16, Diff: 9, Sum: 97]
      [Scan RS (ms): Min: 8.6, Avg: 9.0, Max: 9.3, Diff: 0.6, Sum: 71.6]
      [Code Root Scanning (ms): Min: 0.0, Avg: 0.0, Max: 0.0, Diff: 0.0, Sum: 0.0]
      [Object Copy (ms): Min: 120.5, Avg: 120.6, Max: 120.7, Diff: 0.2, Sum: 965.2]
      [Termination (ms): Min: 0.0, Avg: 0.0, Max: 0.0, Diff: 0.0, Sum: 0.3]
         [Termination Attempts: Min: 1, Avg: 107.9, Max: 139, Diff: 138, Sum: 863]
      [GC Worker Other (ms): Min: 0.0, Avg: 0.0, Max: 0.1, Diff: 0.0, Sum: 0.3]
      [GC Worker Total (ms): Min: 149.4, Avg: 149.5, Max: 149.6, Diff: 0.3, Sum: 1195.8]
      [GC Worker End (ms): Min: 82408.5, Avg: 82408.5, Max: 82408.5, Diff: 0.0]
   [Code Root Fixup: 0.0 ms]
   [Code Root Purge: 0.0 ms]
   [Clear CT: 0.4 ms]
   [Other: 1.3 ms]
      [Choose CSet: 0.0 ms]
      [Ref Proc: 0.2 ms]
      [Ref Enq: 0.0 ms]
      [Redirty Cards: 0.4 ms]
      [Humongous Register: 0.1 ms]
      [Humongous Reclaim: 0.0 ms]
      [Free CSet: 0.2 ms]
   [Eden: 127.0M(127.0M)->0.0B(128.0M) Survivors: 11.0M->18.0M Heap: 170.4M(2048.0M)->161.4M(2048.0M)]
 [Times: user=1.05 sys=0.02, real=0.15 secs] 
2020-09-29T12:12:17.806+0200: 82.775: [GC pause (G1 Evacuation Pause) (young), 0.4425330 secs]
   [Parallel Time: 437.7 ms, GC Workers: 8]
      [GC Worker Start (ms): Min: 82775.3, Avg: 82775.5, Max: 82775.8, Diff: 0.5]
      [Ext Root Scanning (ms): Min: 0.0, Avg: 0.3, Max: 0.4, Diff: 0.4, Sum: 2.1]
      [Update RS (ms): Min: 43.8, Avg: 46.5, Max: 61.6, Diff: 17.8, Sum: 371.7]
         [Processed Buffers: Min: 9, Avg: 12.3, Max: 15, Diff: 6, Sum: 98]
      [Scan RS (ms): Min: 11.5, Avg: 26.6, Max: 29.3, Diff: 17.9, Sum: 213.2]
      [Code Root Scanning (ms): Min: 0.0, Avg: 0.0, Max: 0.1, Diff: 0.1, Sum: 0.1]
      [Object Copy (ms): Min: 362.7, Avg: 363.2, Max: 363.7, Diff: 1.0, Sum: 2905.3]
      [Termination (ms): Min: 0.2, Avg: 0.4, Max: 0.6, Diff: 0.4, Sum: 3.3]
         [Termination Attempts: Min: 1, Avg: 481.8, Max: 662, Diff: 661, Sum: 3854]
      [GC Worker Other (ms): Min: 0.0, Avg: 0.0, Max: 0.0, Diff: 0.0, Sum: 0.3]
      [GC Worker Total (ms): Min: 436.7, Avg: 437.0, Max: 437.2, Diff: 0.5, Sum: 3496.0]
      [GC Worker End (ms): Min: 83212.5, Avg: 83212.5, Max: 83212.6, Diff: 0.1]
   [Code Root Fixup: 0.0 ms]
   [Code Root Purge: 0.0 ms]
   [Clear CT: 0.8 ms]
   [Other: 4.1 ms]
      [Choose CSet: 0.0 ms]
      [Ref Proc: 1.9 ms]
      [Ref Enq: 0.0 ms]
      [Redirty Cards: 1.0 ms]
      [Humongous Register: 0.1 ms]
      [Humongous Reclaim: 0.0 ms]
      [Free CSet: 0.4 ms]
   [Eden: 128.0M(128.0M)->0.0B(83.0M) Survivors: 18.0M->19.0M Heap: 310.4M(2048.0M)->311.9M(2048.0M)]
 [Times: user=2.95 sys=0.03, real=0.44 secs] 
2020-09-29T12:12:18.544+0200: 83.514: [GC pause (G1 Evacuation Pause) (young), 0.3732825 secs]
   [Parallel Time: 370.2 ms, GC Workers: 8]
      [GC Worker Start (ms): Min: 83514.0, Avg: 83519.9, Max: 83546.9, Diff: 32.8]
      [Ext Root Scanning (ms): Min: 0.0, Avg: 0.2, Max: 0.5, Diff: 0.5, Sum: 1.8]
      [Update RS (ms): Min: 21.4, Avg: 50.9, Max: 73.6, Diff: 52.2, Sum: 407.3]
         [Processed Buffers: Min: 6, Avg: 10.8, Max: 15, Diff: 9, Sum: 86]
      [Scan RS (ms): Min: 0.2, Avg: 18.0, Max: 25.1, Diff: 24.9, Sum: 144.2]
      [Code Root Scanning (ms): Min: 0.0, Avg: 0.0, Max: 0.0, Diff: 0.0, Sum: 0.0]
      [Object Copy (ms): Min: 289.7, Avg: 293.8, Max: 294.7, Diff: 5.0, Sum: 2350.3]
      [Termination (ms): Min: 0.2, Avg: 0.7, Max: 1.1, Diff: 0.9, Sum: 5.9]
         [Termination Attempts: Min: 1, Avg: 225.0, Max: 337, Diff: 336, Sum: 1800]
      [GC Worker Other (ms): Min: 0.0, Avg: 0.1, Max: 0.4, Diff: 0.4, Sum: 0.7]
      [GC Worker Total (ms): Min: 336.9, Avg: 363.8, Max: 369.8, Diff: 32.9, Sum: 2910.1]
      [GC Worker End (ms): Min: 83883.3, Avg: 83883.7, Max: 83883.9, Diff: 0.6]
   [Code Root Fixup: 0.0 ms]
   [Code Root Purge: 0.0 ms]
   [Clear CT: 0.7 ms]
   [Other: 2.3 ms]
      [Choose CSet: 0.0 ms]
      [Ref Proc: 0.5 ms]
      [Ref Enq: 0.0 ms]
      [Redirty Cards: 0.8 ms]
      [Humongous Register: 0.2 ms]
      [Humongous Reclaim: 0.0 ms]
      [Free CSet: 0.3 ms]
   [Eden: 83.0M(83.0M)->0.0B(89.0M) Survivors: 19.0M->13.0M Heap: 408.2M(2048.0M)->410.7M(2048.0M)]
 [Times: user=2.26 sys=0.05, real=0.37 secs] 
2020-09-29T12:12:19.148+0200: 84.117: [GC pause (G1 Evacuation Pause) (young), 0.4148008 secs]
   [Parallel Time: 411.7 ms, GC Workers: 8]
      [GC Worker Start (ms): Min: 84117.4, Avg: 84117.7, Max: 84118.3, Diff: 1.0]
      [Ext Root Scanning (ms): Min: 0.0, Avg: 0.3, Max: 0.4, Diff: 0.4, Sum: 2.0]
      [Update RS (ms): Min: 44.6, Avg: 48.5, Max: 61.6, Diff: 17.0, Sum: 387.7]
         [Processed Buffers: Min: 6, Avg: 11.0, Max: 16, Diff: 10, Sum: 88]
      [Scan RS (ms): Min: 15.7, Avg: 20.9, Max: 22.9, Diff: 7.2, Sum: 166.8]
      [Code Root Scanning (ms): Min: 0.0, Avg: 0.0, Max: 0.0, Diff: 0.0, Sum: 0.1]
      [Object Copy (ms): Min: 330.2, Avg: 341.1, Max: 342.8, Diff: 12.6, Sum: 2728.5]
      [Termination (ms): Min: 0.0, Avg: 0.3, Max: 0.6, Diff: 0.6, Sum: 2.2]
         [Termination Attempts: Min: 1, Avg: 247.5, Max: 433, Diff: 432, Sum: 1980]
      [GC Worker Other (ms): Min: 0.0, Avg: 0.0, Max: 0.1, Diff: 0.1, Sum: 0.3]
      [GC Worker Total (ms): Min: 410.3, Avg: 411.0, Max: 411.3, Diff: 1.0, Sum: 3287.7]
      [GC Worker End (ms): Min: 84528.6, Avg: 84528.6, Max: 84528.7, Diff: 0.1]
   [Code Root Fixup: 0.0 ms]
   [Code Root Purge: 0.0 ms]
   [Clear CT: 0.7 ms]
   [Other: 2.4 ms]
      [Choose CSet: 0.0 ms]
      [Ref Proc: 0.5 ms]
      [Ref Enq: 0.0 ms]
      [Redirty Cards: 0.7 ms]
      [Humongous Register: 0.3 ms]
      [Humongous Reclaim: 0.0 ms]
      [Free CSet: 0.3 ms]
   [Eden: 89.0M(89.0M)->0.0B(89.0M) Survivors: 13.0M->13.0M Heap: 515.0M(2048.0M)->517.5M(2048.0M)]
 [Times: user=1.98 sys=0.02, real=0.41 secs] 
2020-09-29T12:12:19.831+0200: 84.801: [GC pause (G1 Evacuation Pause) (young), 0.3392407 secs]
   [Parallel Time: 336.3 ms, GC Workers: 8]
      [GC Worker Start (ms): Min: 84801.0, Avg: 84809.6, Max: 84835.0, Diff: 33.9]
      [Ext Root Scanning (ms): Min: 0.0, Avg: 0.2, Max: 0.5, Diff: 0.5, Sum: 1.9]
      [Update RS (ms): Min: 11.6, Avg: 40.1, Max: 67.2, Diff: 55.7, Sum: 320.7]
         [Processed Buffers: Min: 4, Avg: 10.1, Max: 18, Diff: 14, Sum: 81]
      [Scan RS (ms): Min: 0.0, Avg: 15.1, Max: 18.0, Diff: 17.9, Sum: 120.9]
      [Code Root Scanning (ms): Min: 0.0, Avg: 0.0, Max: 0.0, Diff: 0.0, Sum: 0.0]
      [Object Copy (ms): Min: 267.8, Avg: 271.6, Max: 272.3, Diff: 4.5, Sum: 2173.1]
      [Termination (ms): Min: 0.0, Avg: 0.0, Max: 0.0, Diff: 0.0, Sum: 0.3]
         [Termination Attempts: Min: 1, Avg: 49.9, Max: 71, Diff: 70, Sum: 399]
      [GC Worker Other (ms): Min: 0.0, Avg: 0.1, Max: 0.1, Diff: 0.1, Sum: 0.6]
      [GC Worker Total (ms): Min: 301.9, Avg: 327.2, Max: 335.8, Diff: 33.9, Sum: 2617.5]
      [GC Worker End (ms): Min: 85136.8, Avg: 85136.8, Max: 85136.9, Diff: 0.1]
   [Code Root Fixup: 0.0 ms]
   [Code Root Purge: 0.0 ms]
   [Clear CT: 0.6 ms]
   [Other: 2.3 ms]
      [Choose CSet: 0.0 ms]
      [Ref Proc: 0.7 ms]
      [Ref Enq: 0.0 ms]
      [Redirty Cards: 0.8 ms]
      [Humongous Register: 0.1 ms]
      [Humongous Reclaim: 0.0 ms]
      [Free CSet: 0.3 ms]
   [Eden: 89.0M(89.0M)->0.0B(89.0M) Survivors: 13.0M->13.0M Heap: 621.7M(2048.0M)->623.7M(2048.0M)]
 [Times: user=1.88 sys=0.02, real=0.34 secs] 
2020-09-29T12:12:20.429+0200: 85.399: [GC pause (G1 Evacuation Pause) (young), 0.3655405 secs]
   [Parallel Time: 362.3 ms, GC Workers: 8]
      [GC Worker Start (ms): Min: 85399.2, Avg: 85403.7, Max: 85433.8, Diff: 34.5]
      [Ext Root Scanning (ms): Min: 0.0, Avg: 0.2, Max: 0.4, Diff: 0.4, Sum: 1.8]
      [Update RS (ms): Min: 0.0, Avg: 30.0, Max: 37.0, Diff: 37.0, Sum: 239.8]
         [Processed Buffers: Min: 0, Avg: 7.4, Max: 11, Diff: 11, Sum: 59]
      [Scan RS (ms): Min: 29.4, Avg: 32.5, Max: 35.1, Diff: 5.7, Sum: 260.1]
      [Code Root Scanning (ms): Min: 0.0, Avg: 0.0, Max: 0.0, Diff: 0.0, Sum: 0.0]
      [Object Copy (ms): Min: 293.0, Avg: 294.4, Max: 295.4, Diff: 2.4, Sum: 2355.0]
      [Termination (ms): Min: 0.0, Avg: 0.2, Max: 0.3, Diff: 0.3, Sum: 1.4]
         [Termination Attempts: Min: 1, Avg: 22.4, Max: 43, Diff: 42, Sum: 179]
      [GC Worker Other (ms): Min: 0.0, Avg: 0.0, Max: 0.0, Diff: 0.0, Sum: 0.2]
      [GC Worker Total (ms): Min: 327.2, Avg: 357.3, Max: 361.8, Diff: 34.6, Sum: 2858.4]
      [GC Worker End (ms): Min: 85761.0, Avg: 85761.0, Max: 85761.0, Diff: 0.1]
   [Code Root Fixup: 0.0 ms]
   [Code Root Purge: 0.0 ms]
   [Clear CT: 0.8 ms]
   [Other: 2.4 ms]
      [Choose CSet: 0.0 ms]
      [Ref Proc: 0.6 ms]
      [Ref Enq: 0.0 ms]
      [Redirty Cards: 0.7 ms]
      [Humongous Register: 0.2 ms]
      [Humongous Reclaim: 0.0 ms]
      [Free CSet: 0.4 ms]
   [Eden: 89.0M(89.0M)->0.0B(89.0M) Survivors: 13.0M->13.0M Heap: 726.1M(2048.0M)->727.6M(2048.0M)]
 [Times: user=2.02 sys=0.00, real=0.37 secs] 
2020-09-29T12:12:21.083+0200: 86.052: [GC pause (G1 Evacuation Pause) (young), 0.2764086 secs]
   [Parallel Time: 272.9 ms, GC Workers: 8]
      [GC Worker Start (ms): Min: 86052.2, Avg: 86052.4, Max: 86052.6, Diff: 0.4]
      [Ext Root Scanning (ms): Min: 0.1, Avg: 0.6, Max: 2.5, Diff: 2.4, Sum: 4.6]
      [Update RS (ms): Min: 26.0, Avg: 28.3, Max: 30.7, Diff: 4.7, Sum: 226.4]
         [Processed Buffers: Min: 5, Avg: 7.8, Max: 13, Diff: 8, Sum: 62]
      [Scan RS (ms): Min: 19.5, Avg: 21.9, Max: 24.6, Diff: 5.1, Sum: 175.5]
      [Code Root Scanning (ms): Min: 0.0, Avg: 0.0, Max: 0.0, Diff: 0.0, Sum: 0.0]
      [Object Copy (ms): Min: 219.2, Avg: 220.9, Max: 221.6, Diff: 2.4, Sum: 1767.3]
      [Termination (ms): Min: 0.1, Avg: 0.5, Max: 0.8, Diff: 0.7, Sum: 4.0]
         [Termination Attempts: Min: 1, Avg: 236.1, Max: 339, Diff: 338, Sum: 1889]
      [GC Worker Other (ms): Min: 0.0, Avg: 0.0, Max: 0.1, Diff: 0.0, Sum: 0.3]
      [GC Worker Total (ms): Min: 272.0, Avg: 272.3, Max: 272.5, Diff: 0.4, Sum: 2178.1]
      [GC Worker End (ms): Min: 86324.6, Avg: 86324.7, Max: 86324.7, Diff: 0.1]
   [Code Root Fixup: 0.0 ms]
   [Code Root Purge: 0.0 ms]
   [Clear CT: 0.9 ms]
   [Other: 2.6 ms]
      [Choose CSet: 0.0 ms]
      [Ref Proc: 1.1 ms]
      [Ref Enq: 0.0 ms]
      [Redirty Cards: 0.6 ms]
      [Humongous Register: 0.2 ms]
      [Humongous Reclaim: 0.0 ms]
      [Free CSet: 0.3 ms]
   [Eden: 89.0M(89.0M)->0.0B(89.0M) Survivors: 13.0M->13.0M Heap: 831.8M(2048.0M)->833.3M(2048.0M)]
 [Times: user=1.75 sys=0.00, real=0.28 secs] 
2020-09-29T12:12:21.643+0200: 86.612: [GC pause (G1 Evacuation Pause) (young), 0.2562531 secs]
   [Parallel Time: 252.2 ms, GC Workers: 8]
      [GC Worker Start (ms): Min: 86612.6, Avg: 86612.8, Max: 86612.9, Diff: 0.3]
      [Ext Root Scanning (ms): Min: 0.1, Avg: 0.3, Max: 0.4, Diff: 0.3, Sum: 2.3]
      [Update RS (ms): Min: 19.9, Avg: 20.7, Max: 22.9, Diff: 3.0, Sum: 165.8]
         [Processed Buffers: Min: 5, Avg: 6.4, Max: 9, Diff: 4, Sum: 51]
      [Scan RS (ms): Min: 20.2, Avg: 22.2, Max: 22.9, Diff: 2.7, Sum: 177.2]
      [Code Root Scanning (ms): Min: 0.0, Avg: 0.0, Max: 0.0, Diff: 0.0, Sum: 0.0]
      [Object Copy (ms): Min: 207.4, Avg: 207.6, Max: 207.9, Diff: 0.4, Sum: 1661.1]
      [Termination (ms): Min: 0.0, Avg: 0.4, Max: 0.7, Diff: 0.7, Sum: 3.0]
         [Termination Attempts: Min: 1, Avg: 81.3, Max: 114, Diff: 113, Sum: 650]
      [GC Worker Other (ms): Min: 0.0, Avg: 0.0, Max: 0.0, Diff: 0.0, Sum: 0.3]
      [GC Worker Total (ms): Min: 250.9, Avg: 251.2, Max: 251.7, Diff: 0.8, Sum: 2009.7]
      [GC Worker End (ms): Min: 86863.7, Avg: 86864.0, Max: 86864.3, Diff: 0.6]
   [Code Root Fixup: 0.0 ms]
   [Code Root Purge: 0.0 ms]
   [Clear CT: 0.6 ms]
   [Other: 3.5 ms]
      [Choose CSet: 0.0 ms]
      [Ref Proc: 0.9 ms]
      [Ref Enq: 0.0 ms]
      [Redirty Cards: 1.6 ms]
      [Humongous Register: 0.2 ms]
      [Humongous Reclaim: 0.0 ms]
      [Free CSet: 0.3 ms]
   [Eden: 89.0M(89.0M)->0.0B(89.0M) Survivors: 13.0M->13.0M Heap: 937.6M(2048.0M)->939.1M(2048.0M)]
 [Times: user=1.75 sys=0.05, real=0.26 secs] 
2020-09-29T12:12:21.942+0200: 86.911: [GC pause (G1 Humongous Allocation) (young) (initial-mark), 0.1036104 secs]
   [Parallel Time: 99.3 ms, GC Workers: 8]
      [GC Worker Start (ms): Min: 86911.8, Avg: 86912.4, Max: 86912.8, Diff: 0.9]
      [Ext Root Scanning (ms): Min: 0.0, Avg: 1.6, Max: 5.0, Diff: 5.0, Sum: 13.1]
      [Update RS (ms): Min: 21.3, Avg: 25.2, Max: 26.9, Diff: 5.6, Sum: 201.6]
         [Processed Buffers: Min: 5, Avg: 7.0, Max: 9, Diff: 4, Sum: 56]
      [Scan RS (ms): Min: 1.8, Avg: 3.3, Max: 5.4, Diff: 3.6, Sum: 26.4]
      [Code Root Scanning (ms): Min: 0.0, Avg: 0.0, Max: 0.0, Diff: 0.0, Sum: 0.0]
      [Object Copy (ms): Min: 67.0, Avg: 67.7, Max: 68.0, Diff: 1.1, Sum: 541.9]
      [Termination (ms): Min: 0.0, Avg: 0.1, Max: 0.3, Diff: 0.3, Sum: 1.2]
         [Termination Attempts: Min: 1, Avg: 31.3, Max: 57, Diff: 56, Sum: 250]
      [GC Worker Other (ms): Min: 0.0, Avg: 0.0, Max: 0.1, Diff: 0.1, Sum: 0.3]
      [GC Worker Total (ms): Min: 97.7, Avg: 98.1, Max: 98.6, Diff: 0.9, Sum: 784.5]
      [GC Worker End (ms): Min: 87010.4, Avg: 87010.5, Max: 87010.5, Diff: 0.1]
   [Code Root Fixup: 0.0 ms]
   [Code Root Purge: 0.0 ms]
   [Clear CT: 0.7 ms]
   [Other: 3.6 ms]
      [Choose CSet: 0.0 ms]
      [Ref Proc: 0.8 ms]
      [Ref Enq: 0.0 ms]
      [Redirty Cards: 1.7 ms]
      [Humongous Register: 0.1 ms]
      [Humongous Reclaim: 0.0 ms]
      [Free CSet: 0.2 ms]
   [Eden: 7168.0K(89.0M)->0.0B(93.0M) Survivors: 13.0M->9216.0K Heap: 946.1M(2048.0M)->949.1M(2048.0M)]
 [Times: user=0.48 sys=0.00, real=0.11 secs] 
2020-09-29T12:12:22.047+0200: 87.016: [GC concurrent-root-region-scan-start]
2020-09-29T12:12:22.058+0200: 87.027: [GC concurrent-root-region-scan-end, 0.0108661 secs]
2020-09-29T12:12:22.058+0200: 87.027: [GC concurrent-mark-start]
2020-09-29T12:12:22.071+0200: 87.041: [GC concurrent-mark-end, 0.0132130 secs]
2020-09-29T12:12:22.072+0200: 87.041: [GC remark 2020-09-29T12:12:22.072+0200: 87.041: [Finalize Marking, 0.0008983 secs] 2020-09-29T12:12:22.073+0200: 87.042: [GC ref-proc, 0.0014832 secs] 2020-09-29T12:12:22.074+0200: 87.044: [Unloading, 0.0020459 secs], 0.0055444 secs]
 [Times: user=0.00 sys=0.00, real=0.00 secs] 
2020-09-29T12:12:22.079+0200: 87.048: [GC cleanup 961M->30M(2048M), 0.0041452 secs]
 [Times: user=0.09 sys=0.00, real=0.00 secs] 
2020-09-29T12:12:22.083+0200: 87.052: [GC concurrent-cleanup-start]
2020-09-29T12:12:22.087+0200: 87.057: [GC concurrent-cleanup-end, 0.0043380 secs]
2020-09-29T12:12:22.331+0200: 87.300: [GC pause (G1 Evacuation Pause) (young), 0.2613186 secs]
   [Parallel Time: 257.8 ms, GC Workers: 8]
      [GC Worker Start (ms): Min: 87300.5, Avg: 87300.8, Max: 87302.0, Diff: 1.5]
      [Ext Root Scanning (ms): Min: 0.0, Avg: 0.2, Max: 0.4, Diff: 0.4, Sum: 2.0]
      [Update RS (ms): Min: 19.4, Avg: 20.6, Max: 21.9, Diff: 2.5, Sum: 164.8]
         [Processed Buffers: Min: 2, Avg: 6.1, Max: 10, Diff: 8, Sum: 49]
      [Scan RS (ms): Min: 23.2, Avg: 23.6, Max: 24.6, Diff: 1.4, Sum: 188.5]
      [Code Root Scanning (ms): Min: 0.0, Avg: 0.0, Max: 0.0, Diff: 0.0, Sum: 0.0]
      [Object Copy (ms): Min: 209.9, Avg: 212.1, Max: 212.7, Diff: 2.8, Sum: 1697.1]
      [Termination (ms): Min: 0.2, Avg: 0.4, Max: 0.6, Diff: 0.4, Sum: 3.3]
         [Termination Attempts: Min: 1, Avg: 363.8, Max: 573, Diff: 572, Sum: 2910]
      [GC Worker Other (ms): Min: 0.0, Avg: 0.0, Max: 0.1, Diff: 0.1, Sum: 0.3]
      [GC Worker Total (ms): Min: 255.9, Avg: 257.0, Max: 257.4, Diff: 1.5, Sum: 2056.0]
      [GC Worker End (ms): Min: 87557.8, Avg: 87557.8, Max: 87557.9, Diff: 0.1]
   [Code Root Fixup: 0.0 ms]
   [Code Root Purge: 0.0 ms]
   [Clear CT: 0.6 ms]
   [Other: 3.0 ms]
      [Choose CSet: 0.0 ms]
      [Ref Proc: 0.9 ms]
      [Ref Enq: 0.0 ms]
      [Redirty Cards: 1.0 ms]
      [Humongous Register: 0.1 ms]
      [Humongous Reclaim: 0.0 ms]
      [Free CSet: 0.3 ms]
   [Eden: 93.0M(93.0M)->0.0B(89.0M) Survivors: 9216.0K->13.0M Heap: 128.7M(2048.0M)->122.2M(2048.0M)]
 [Times: user=1.66 sys=0.03, real=0.26 secs] 
2020-09-29T12:12:22.697+0200: 87.666: [GC pause (G1 Evacuation Pause) (young), 0.0666899 secs]
   [Parallel Time: 65.6 ms, GC Workers: 8]
      [GC Worker Start (ms): Min: 87666.4, Avg: 87666.9, Max: 87669.4, Diff: 3.0]
      [Ext Root Scanning (ms): Min: 0.0, Avg: 0.1, Max: 0.2, Diff: 0.2, Sum: 0.7]
      [Update RS (ms): Min: 3.0, Avg: 4.4, Max: 5.0, Diff: 2.0, Sum: 35.5]
         [Processed Buffers: Min: 1, Avg: 3.9, Max: 6, Diff: 5, Sum: 31]
      [Scan RS (ms): Min: 6.0, Avg: 7.0, Max: 7.4, Diff: 1.4, Sum: 55.8]
      [Code Root Scanning (ms): Min: 0.0, Avg: 0.0, Max: 0.0, Diff: 0.0, Sum: 0.0]
      [Object Copy (ms): Min: 53.2, Avg: 53.3, Max: 53.4, Diff: 0.1, Sum: 426.4]
      [Termination (ms): Min: 0.1, Avg: 0.2, Max: 0.3, Diff: 0.2, Sum: 1.5]
         [Termination Attempts: Min: 1, Avg: 815.8, Max: 1036, Diff: 1035, Sum: 6526]
      [GC Worker Other (ms): Min: 0.0, Avg: 0.0, Max: 0.0, Diff: 0.0, Sum: 0.1]
      [GC Worker Total (ms): Min: 62.5, Avg: 65.0, Max: 65.5, Diff: 3.0, Sum: 520.0]
      [GC Worker End (ms): Min: 87731.9, Avg: 87731.9, Max: 87731.9, Diff: 0.0]
   [Code Root Fixup: 0.0 ms]
   [Code Root Purge: 0.0 ms]
   [Clear CT: 0.2 ms]
   [Other: 0.9 ms]
      [Choose CSet: 0.0 ms]
      [Ref Proc: 0.2 ms]
      [Ref Enq: 0.0 ms]
      [Redirty Cards: 0.3 ms]
      [Humongous Register: 0.1 ms]
      [Humongous Reclaim: 0.0 ms]
      [Free CSet: 0.1 ms]
   [Eden: 89.0M(89.0M)->0.0B(89.0M) Survivors: 13.0M->13.0M Heap: 224.5M(2048.0M)->226.0M(2048.0M)]
 [Times: user=0.48 sys=0.00, real=0.07 secs] 
2020-09-29T12:12:22.827+0200: 87.795: [GC pause (G1 Evacuation Pause) (young), 0.0517501 secs]
   [Parallel Time: 50.8 ms, GC Workers: 8]
      [GC Worker Start (ms): Min: 87795.6, Avg: 87795.6, Max: 87795.7, Diff: 0.1]
      [Ext Root Scanning (ms): Min: 0.0, Avg: 0.1, Max: 0.1, Diff: 0.1, Sum: 0.7]
      [Update RS (ms): Min: 2.9, Avg: 3.1, Max: 3.5, Diff: 0.6, Sum: 24.4]
         [Processed Buffers: Min: 3, Avg: 4.0, Max: 5, Diff: 2, Sum: 32]
      [Scan RS (ms): Min: 5.2, Avg: 5.6, Max: 5.8, Diff: 0.6, Sum: 44.8]
      [Code Root Scanning (ms): Min: 0.0, Avg: 0.0, Max: 0.0, Diff: 0.0, Sum: 0.0]
      [Object Copy (ms): Min: 41.2, Avg: 41.9, Max: 42.0, Diff: 0.8, Sum: 335.3]
      [Termination (ms): Min: 0.0, Avg: 0.0, Max: 0.0, Diff: 0.0, Sum: 0.0]
         [Termination Attempts: Min: 1, Avg: 1.0, Max: 1, Diff: 0, Sum: 8]
      [GC Worker Other (ms): Min: 0.0, Avg: 0.0, Max: 0.0, Diff: 0.0, Sum: 0.2]
      [GC Worker Total (ms): Min: 50.6, Avg: 50.7, Max: 50.7, Diff: 0.1, Sum: 405.4]
      [GC Worker End (ms): Min: 87846.3, Avg: 87846.3, Max: 87846.3, Diff: 0.0]
   [Code Root Fixup: 0.0 ms]
   [Code Root Purge: 0.0 ms]
   [Clear CT: 0.2 ms]
   [Other: 0.8 ms]
      [Choose CSet: 0.0 ms]
      [Ref Proc: 0.2 ms]
      [Ref Enq: 0.0 ms]
      [Redirty Cards: 0.2 ms]
      [Humongous Register: 0.0 ms]
      [Humongous Reclaim: 0.0 ms]
      [Free CSet: 0.1 ms]
   [Eden: 89.0M(89.0M)->0.0B(89.0M) Survivors: 13.0M->13.0M Heap: 330.3M(2048.0M)->332.3M(2048.0M)]
 [Times: user=0.38 sys=0.00, real=0.05 secs] 
2020-09-29T12:12:22.932+0200: 87.900: [GC pause (G1 Evacuation Pause) (young), 0.0653527 secs]
   [Parallel Time: 64.6 ms, GC Workers: 8]
      [GC Worker Start (ms): Min: 87900.5, Avg: 87900.6, Max: 87900.6, Diff: 0.1]
      [Ext Root Scanning (ms): Min: 0.0, Avg: 0.1, Max: 0.1, Diff: 0.1, Sum: 0.6]
      [Update RS (ms): Min: 3.5, Avg: 3.6, Max: 3.9, Diff: 0.4, Sum: 28.8]
         [Processed Buffers: Min: 4, Avg: 5.4, Max: 7, Diff: 3, Sum: 43]
      [Scan RS (ms): Min: 4.6, Avg: 4.9, Max: 5.1, Diff: 0.5, Sum: 39.3]
      [Code Root Scanning (ms): Min: 0.0, Avg: 0.0, Max: 0.0, Diff: 0.0, Sum: 0.0]
      [Object Copy (ms): Min: 55.4, Avg: 55.5, Max: 55.8, Diff: 0.4, Sum: 443.8]
      [Termination (ms): Min: 0.0, Avg: 0.3, Max: 0.4, Diff: 0.4, Sum: 2.7]
         [Termination Attempts: Min: 1, Avg: 2121.0, Max: 2561, Diff: 2560, Sum: 16968]
      [GC Worker Other (ms): Min: 0.0, Avg: 0.0, Max: 0.0, Diff: 0.0, Sum: 0.1]
      [GC Worker Total (ms): Min: 64.4, Avg: 64.4, Max: 64.5, Diff: 0.1, Sum: 515.3]
      [GC Worker End (ms): Min: 87965.0, Avg: 87965.0, Max: 87965.0, Diff: 0.0]
   [Code Root Fixup: 0.0 ms]
   [Code Root Purge: 0.0 ms]
   [Clear CT: 0.2 ms]
   [Other: 0.6 ms]
      [Choose CSet: 0.0 ms]
      [Ref Proc: 0.2 ms]
      [Ref Enq: 0.0 ms]
      [Redirty Cards: 0.1 ms]
      [Humongous Register: 0.0 ms]
      [Humongous Reclaim: 0.0 ms]
      [Free CSet: 0.1 ms]
   [Eden: 89.0M(89.0M)->0.0B(89.0M) Survivors: 13.0M->13.0M Heap: 436.5M(2048.0M)->438.5M(2048.0M)]
 [Times: user=0.48 sys=0.00, real=0.07 secs] 
2020-09-29T12:12:23.050+0200: 88.018: [GC pause (G1 Evacuation Pause) (young), 0.0538179 secs]
   [Parallel Time: 53.0 ms, GC Workers: 8]
      [GC Worker Start (ms): Min: 88018.5, Avg: 88018.6, Max: 88018.7, Diff: 0.2]
      [Ext Root Scanning (ms): Min: 0.0, Avg: 0.1, Max: 0.2, Diff: 0.2, Sum: 0.5]
      [Update RS (ms): Min: 6.0, Avg: 6.3, Max: 6.8, Diff: 0.7, Sum: 50.3]
         [Processed Buffers: Min: 6, Avg: 7.8, Max: 11, Diff: 5, Sum: 62]
      [Scan RS (ms): Min: 3.8, Avg: 4.3, Max: 4.7, Diff: 0.8, Sum: 34.7]
      [Code Root Scanning (ms): Min: 0.0, Avg: 0.0, Max: 0.0, Diff: 0.0, Sum: 0.0]
      [Object Copy (ms): Min: 41.9, Avg: 42.1, Max: 42.1, Diff: 0.2, Sum: 336.4]
      [Termination (ms): Min: 0.0, Avg: 0.0, Max: 0.0, Diff: 0.0, Sum: 0.1]
         [Termination Attempts: Min: 1, Avg: 83.6, Max: 113, Diff: 112, Sum: 669]
      [GC Worker Other (ms): Min: 0.0, Avg: 0.0, Max: 0.0, Diff: 0.0, Sum: 0.2]
      [GC Worker Total (ms): Min: 52.7, Avg: 52.8, Max: 52.9, Diff: 0.2, Sum: 422.3]
      [GC Worker End (ms): Min: 88071.4, Avg: 88071.4, Max: 88071.4, Diff: 0.0]
   [Code Root Fixup: 0.0 ms]
   [Code Root Purge: 0.0 ms]
   [Clear CT: 0.2 ms]
   [Other: 0.7 ms]
      [Choose CSet: 0.0 ms]
      [Ref Proc: 0.2 ms]
      [Ref Enq: 0.0 ms]
      [Redirty Cards: 0.2 ms]
      [Humongous Register: 0.0 ms]
      [Humongous Reclaim: 0.0 ms]
      [Free CSet: 0.1 ms]
   [Eden: 89.0M(89.0M)->0.0B(108.0M) Survivors: 13.0M->13.0M Heap: 542.8M(2048.0M)->544.8M(2048.0M)]
 [Times: user=0.45 sys=0.00, real=0.05 secs] 
2020-09-29T12:12:23.173+0200: 88.142: [GC pause (G1 Evacuation Pause) (young), 0.0660939 secs]
   [Parallel Time: 65.2 ms, GC Workers: 8]
      [GC Worker Start (ms): Min: 88141.7, Avg: 88141.8, Max: 88141.8, Diff: 0.1]
      [Ext Root Scanning (ms): Min: 0.0, Avg: 0.1, Max: 0.1, Diff: 0.1, Sum: 0.6]
      [Update RS (ms): Min: 5.8, Avg: 6.0, Max: 6.3, Diff: 0.5, Sum: 48.0]
         [Processed Buffers: Min: 6, Avg: 6.6, Max: 8, Diff: 2, Sum: 53]
      [Scan RS (ms): Min: 6.3, Avg: 6.6, Max: 6.8, Diff: 0.5, Sum: 52.7]
      [Code Root Scanning (ms): Min: 0.0, Avg: 0.0, Max: 0.0, Diff: 0.0, Sum: 0.0]
      [Object Copy (ms): Min: 52.3, Avg: 52.3, Max: 52.3, Diff: 0.1, Sum: 418.4]
      [Termination (ms): Min: 0.0, Avg: 0.0, Max: 0.1, Diff: 0.1, Sum: 0.4]
         [Termination Attempts: Min: 1, Avg: 305.0, Max: 373, Diff: 372, Sum: 2440]
      [GC Worker Other (ms): Min: 0.0, Avg: 0.0, Max: 0.0, Diff: 0.0, Sum: 0.2]
      [GC Worker Total (ms): Min: 65.0, Avg: 65.0, Max: 65.1, Diff: 0.1, Sum: 520.3]
      [GC Worker End (ms): Min: 88206.8, Avg: 88206.8, Max: 88206.8, Diff: 0.0]
   [Code Root Fixup: 0.0 ms]
   [Code Root Purge: 0.0 ms]
   [Clear CT: 0.1 ms]
   [Other: 0.8 ms]
      [Choose CSet: 0.0 ms]
      [Ref Proc: 0.2 ms]
      [Ref Enq: 0.0 ms]
      [Redirty Cards: 0.2 ms]
      [Humongous Register: 0.1 ms]
      [Humongous Reclaim: 0.0 ms]
      [Free CSet: 0.1 ms]
   [Eden: 108.0M(108.0M)->0.0B(130.0M) Survivors: 13.0M->16.0M Heap: 670.0M(2048.0M)->672.5M(2048.0M)]
 [Times: user=0.48 sys=0.02, real=0.07 secs] 
2020-09-29T12:12:23.323+0200: 88.292: [GC pause (G1 Evacuation Pause) (young), 0.0807935 secs]
   [Parallel Time: 79.9 ms, GC Workers: 8]
      [GC Worker Start (ms): Min: 88291.9, Avg: 88292.0, Max: 88292.2, Diff: 0.2]
      [Ext Root Scanning (ms): Min: 0.0, Avg: 0.1, Max: 0.2, Diff: 0.2, Sum: 0.7]
      [Update RS (ms): Min: 5.6, Avg: 5.7, Max: 5.9, Diff: 0.3, Sum: 45.7]
         [Processed Buffers: Min: 6, Avg: 7.4, Max: 10, Diff: 4, Sum: 59]
      [Scan RS (ms): Min: 7.0, Avg: 7.1, Max: 7.3, Diff: 0.3, Sum: 57.0]
      [Code Root Scanning (ms): Min: 0.0, Avg: 0.0, Max: 0.0, Diff: 0.0, Sum: 0.0]
      [Object Copy (ms): Min: 66.6, Avg: 66.7, Max: 66.7, Diff: 0.1, Sum: 533.5]
      [Termination (ms): Min: 0.0, Avg: 0.0, Max: 0.1, Diff: 0.1, Sum: 0.4]
         [Termination Attempts: Min: 1, Avg: 78.4, Max: 113, Diff: 112, Sum: 627]
      [GC Worker Other (ms): Min: 0.0, Avg: 0.0, Max: 0.0, Diff: 0.0, Sum: 0.1]
      [GC Worker Total (ms): Min: 79.5, Avg: 79.7, Max: 79.8, Diff: 0.2, Sum: 637.3]
      [GC Worker End (ms): Min: 88371.7, Avg: 88371.7, Max: 88371.7, Diff: 0.0]
   [Code Root Fixup: 0.0 ms]
   [Code Root Purge: 0.0 ms]
   [Clear CT: 0.2 ms]
   [Other: 0.7 ms]
      [Choose CSet: 0.0 ms]
      [Ref Proc: 0.2 ms]
      [Ref Enq: 0.0 ms]
      [Redirty Cards: 0.2 ms]
      [Humongous Register: 0.1 ms]
      [Humongous Reclaim: 0.0 ms]
      [Free CSet: 0.1 ms]
   [Eden: 130.0M(130.0M)->0.0B(150.0M) Survivors: 16.0M->19.0M Heap: 825.3M(2048.0M)->827.3M(2048.0M)]
 [Times: user=0.61 sys=0.00, real=0.08 secs] 
2020-09-29T12:12:23.492+0200: 88.461: [GC pause (G1 Evacuation Pause) (young), 0.0955545 secs]
   [Parallel Time: 94.6 ms, GC Workers: 8]
      [GC Worker Start (ms): Min: 88461.1, Avg: 88461.1, Max: 88461.2, Diff: 0.1]
      [Ext Root Scanning (ms): Min: 0.0, Avg: 0.1, Max: 0.1, Diff: 0.1, Sum: 0.6]
      [Update RS (ms): Min: 8.1, Avg: 8.4, Max: 9.0, Diff: 1.0, Sum: 67.4]
         [Processed Buffers: Min: 8, Avg: 9.4, Max: 12, Diff: 4, Sum: 75]
      [Scan RS (ms): Min: 13.3, Avg: 13.9, Max: 14.3, Diff: 1.0, Sum: 111.3]
      [Code Root Scanning (ms): Min: 0.0, Avg: 0.0, Max: 0.0, Diff: 0.0, Sum: 0.0]
      [Object Copy (ms): Min: 71.9, Avg: 72.0, Max: 72.0, Diff: 0.1, Sum: 575.6]
      [Termination (ms): Min: 0.0, Avg: 0.0, Max: 0.0, Diff: 0.0, Sum: 0.3]
         [Termination Attempts: Min: 1, Avg: 251.9, Max: 329, Diff: 328, Sum: 2015]
      [GC Worker Other (ms): Min: 0.0, Avg: 0.0, Max: 0.1, Diff: 0.0, Sum: 0.2]
      [GC Worker Total (ms): Min: 94.3, Avg: 94.4, Max: 94.5, Diff: 0.2, Sum: 755.4]
      [GC Worker End (ms): Min: 88555.5, Avg: 88555.5, Max: 88555.6, Diff: 0.0]
   [Code Root Fixup: 0.0 ms]
   [Code Root Purge: 0.0 ms]
   [Clear CT: 0.2 ms]
   [Other: 0.7 ms]
      [Choose CSet: 0.0 ms]
      [Ref Proc: 0.1 ms]
      [Ref Enq: 0.0 ms]
      [Redirty Cards: 0.2 ms]
      [Humongous Register: 0.0 ms]
      [Humongous Reclaim: 0.0 ms]
      [Free CSet: 0.2 ms]
   [Eden: 150.0M(150.0M)->0.0B(166.0M) Survivors: 19.0M->22.0M Heap: 1002.1M(2048.0M)->1004.1M(2048.0M)]
 [Times: user=0.75 sys=0.00, real=0.10 secs] 
2020-09-29T12:12:23.601+0200: 88.570: [GC pause (G1 Humongous Allocation) (young) (initial-mark), 0.0294006 secs]
   [Parallel Time: 28.5 ms, GC Workers: 8]
      [GC Worker Start (ms): Min: 88569.8, Avg: 88569.8, Max: 88569.9, Diff: 0.1]
      [Ext Root Scanning (ms): Min: 0.0, Avg: 0.1, Max: 0.2, Diff: 0.2, Sum: 1.0]
      [Update RS (ms): Min: 8.0, Avg: 8.4, Max: 8.7, Diff: 0.8, Sum: 67.2]
         [Processed Buffers: Min: 10, Avg: 10.8, Max: 13, Diff: 3, Sum: 86]
      [Scan RS (ms): Min: 1.0, Avg: 1.3, Max: 1.7, Diff: 0.7, Sum: 10.7]
      [Code Root Scanning (ms): Min: 0.0, Avg: 0.0, Max: 0.0, Diff: 0.0, Sum: 0.0]
      [Object Copy (ms): Min: 18.4, Avg: 18.5, Max: 18.5, Diff: 0.2, Sum: 147.6]
      [Termination (ms): Min: 0.0, Avg: 0.1, Max: 0.1, Diff: 0.1, Sum: 0.6]
         [Termination Attempts: Min: 1, Avg: 482.8, Max: 639, Diff: 638, Sum: 3862]
      [GC Worker Other (ms): Min: 0.0, Avg: 0.0, Max: 0.0, Diff: 0.0, Sum: 0.1]
      [GC Worker Total (ms): Min: 28.3, Avg: 28.4, Max: 28.4, Diff: 0.1, Sum: 227.2]
      [GC Worker End (ms): Min: 88598.2, Avg: 88598.2, Max: 88598.2, Diff: 0.0]
   [Code Root Fixup: 0.0 ms]
   [Code Root Purge: 0.0 ms]
   [Clear CT: 0.2 ms]
   [Other: 0.7 ms]
      [Choose CSet: 0.0 ms]
      [Ref Proc: 0.3 ms]
      [Ref Enq: 0.0 ms]
      [Redirty Cards: 0.2 ms]
      [Humongous Register: 0.0 ms]
      [Humongous Reclaim: 0.0 ms]
      [Free CSet: 0.0 ms]
   [Eden: 10.0M(166.0M)->0.0B(201.0M) Survivors: 22.0M->12.0M Heap: 1014.1M(2048.0M)->1018.1M(2048.0M)]
 [Times: user=0.22 sys=0.01, real=0.03 secs] 
2020-09-29T12:12:23.630+0200: 88.599: [GC concurrent-root-region-scan-start]
2020-09-29T12:12:23.632+0200: 88.601: [GC concurrent-root-region-scan-end, 0.0018161 secs]
2020-09-29T12:12:23.632+0200: 88.601: [GC concurrent-mark-start]
2020-09-29T12:12:23.634+0200: 88.603: [GC concurrent-mark-end, 0.0021963 secs]
2020-09-29T12:12:23.635+0200: 88.603: [GC remark 2020-09-29T12:12:23.635+0200: 88.603: [Finalize Marking, 0.0001860 secs] 2020-09-29T12:12:23.635+0200: 88.604: [GC ref-proc, 0.0002807 secs] 2020-09-29T12:12:23.635+0200: 88.604: [Unloading, 0.0004737 secs], 0.0013137 secs]
 [Times: user=0.00 sys=0.00, real=0.00 secs] 
2020-09-29T12:12:23.636+0200: 88.605: [GC cleanup 1028M->31M(2048M), 0.0011933 secs]
 [Times: user=0.00 sys=0.00, real=0.00 secs] 
2020-09-29T12:12:23.637+0200: 88.606: [GC concurrent-cleanup-start]
2020-09-29T12:12:23.639+0200: 88.607: [GC concurrent-cleanup-end, 0.0010446 secs]
2020-09-29T12:12:23.737+0200: 88.706: [GC pause (G1 Evacuation Pause) (young), 0.1207699 secs]
   [Parallel Time: 118.5 ms, GC Workers: 8]
      [GC Worker Start (ms): Min: 88706.2, Avg: 88706.3, Max: 88706.4, Diff: 0.1]
      [Ext Root Scanning (ms): Min: 0.0, Avg: 0.1, Max: 0.1, Diff: 0.1, Sum: 0.6]
      [Update RS (ms): Min: 8.7, Avg: 9.1, Max: 9.7, Diff: 1.0, Sum: 72.8]
         [Processed Buffers: Min: 3, Avg: 9.0, Max: 11, Diff: 8, Sum: 72]
      [Scan RS (ms): Min: 17.6, Avg: 18.2, Max: 18.7, Diff: 1.1, Sum: 145.9]
      [Code Root Scanning (ms): Min: 0.0, Avg: 0.0, Max: 0.0, Diff: 0.0, Sum: 0.0]
      [Object Copy (ms): Min: 90.6, Avg: 90.7, Max: 90.9, Diff: 0.3, Sum: 725.9]
      [Termination (ms): Min: 0.0, Avg: 0.1, Max: 0.2, Diff: 0.2, Sum: 0.7]
         [Termination Attempts: Min: 1, Avg: 512.0, Max: 618, Diff: 617, Sum: 4096]
      [GC Worker Other (ms): Min: 0.0, Avg: 0.0, Max: 0.1, Diff: 0.0, Sum: 0.3]
      [GC Worker Total (ms): Min: 118.2, Avg: 118.3, Max: 118.3, Diff: 0.1, Sum: 946.1]
      [GC Worker End (ms): Min: 88824.5, Avg: 88824.5, Max: 88824.6, Diff: 0.0]
   [Code Root Fixup: 0.0 ms]
   [Code Root Purge: 0.0 ms]
   [Clear CT: 1.0 ms]
   [Other: 1.2 ms]
      [Choose CSet: 0.0 ms]
      [Ref Proc: 0.3 ms]
      [Ref Enq: 0.0 ms]
      [Redirty Cards: 0.6 ms]
      [Humongous Register: 0.0 ms]
      [Humongous Reclaim: 0.0 ms]
      [Free CSet: 0.1 ms]
   [Eden: 201.0M(201.0M)->0.0B(200.0M) Survivors: 12.0M->27.0M Heap: 257.3M(2048.0M)->247.8M(2048.0M)]
 [Times: user=0.94 sys=0.00, real=0.12 secs] 
2020-09-29T12:12:23.961+0200: 88.930: [GC pause (G1 Evacuation Pause) (young), 0.1176223 secs]
   [Parallel Time: 116.5 ms, GC Workers: 8]
      [GC Worker Start (ms): Min: 88930.4, Avg: 88930.5, Max: 88930.6, Diff: 0.2]
      [Ext Root Scanning (ms): Min: 0.0, Avg: 0.1, Max: 0.2, Diff: 0.2, Sum: 0.5]
      [Update RS (ms): Min: 8.3, Avg: 8.4, Max: 8.9, Diff: 0.6, Sum: 67.3]
         [Processed Buffers: Min: 8, Avg: 10.3, Max: 13, Diff: 5, Sum: 82]
      [Scan RS (ms): Min: 11.9, Avg: 12.3, Max: 12.5, Diff: 0.6, Sum: 98.1]
      [Code Root Scanning (ms): Min: 0.0, Avg: 0.0, Max: 0.0, Diff: 0.0, Sum: 0.0]
      [Object Copy (ms): Min: 95.4, Avg: 95.6, Max: 95.7, Diff: 0.2, Sum: 764.6]
      [Termination (ms): Min: 0.0, Avg: 0.0, Max: 0.0, Diff: 0.0, Sum: 0.1]
         [Termination Attempts: Min: 1, Avg: 128.1, Max: 177, Diff: 176, Sum: 1025]
      [GC Worker Other (ms): Min: 0.0, Avg: 0.0, Max: 0.0, Diff: 0.0, Sum: 0.2]
      [GC Worker Total (ms): Min: 116.3, Avg: 116.4, Max: 116.4, Diff: 0.2, Sum: 930.8]
      [GC Worker End (ms): Min: 89046.9, Avg: 89046.9, Max: 89046.9, Diff: 0.0]
   [Code Root Fixup: 0.0 ms]
   [Code Root Purge: 0.0 ms]
   [Clear CT: 0.2 ms]
   [Other: 0.9 ms]
      [Choose CSet: 0.0 ms]
      [Ref Proc: 0.1 ms]
      [Ref Enq: 0.0 ms]
      [Redirty Cards: 0.3 ms]
      [Humongous Register: 0.0 ms]
      [Humongous Reclaim: 0.0 ms]
      [Free CSet: 0.2 ms]
   [Eden: 200.0M(200.0M)->0.0B(216.0M) Survivors: 27.0M->29.0M Heap: 482.2M(2048.0M)->484.2M(2048.0M)]
 [Times: user=0.86 sys=0.00, real=0.12 secs] 
2020-09-29T12:12:24.214+0200: 89.183: [GC pause (G1 Evacuation Pause) (young), 0.1271369 secs]
   [Parallel Time: 126.0 ms, GC Workers: 8]
      [GC Worker Start (ms): Min: 89183.2, Avg: 89183.2, Max: 89183.3, Diff: 0.1]
      [Ext Root Scanning (ms): Min: 0.0, Avg: 0.1, Max: 0.1, Diff: 0.1, Sum: 0.7]
      [Update RS (ms): Min: 14.2, Avg: 14.4, Max: 14.8, Diff: 0.6, Sum: 115.4]
         [Processed Buffers: Min: 9, Avg: 14.1, Max: 16, Diff: 7, Sum: 113]
      [Scan RS (ms): Min: 10.4, Avg: 10.7, Max: 10.9, Diff: 0.6, Sum: 85.8]
      [Code Root Scanning (ms): Min: 0.0, Avg: 0.0, Max: 0.0, Diff: 0.0, Sum: 0.0]
      [Object Copy (ms): Min: 100.5, Avg: 100.5, Max: 100.6, Diff: 0.1, Sum: 804.4]
      [Termination (ms): Min: 0.0, Avg: 0.0, Max: 0.1, Diff: 0.1, Sum: 0.3]
         [Termination Attempts: Min: 1, Avg: 243.5, Max: 336, Diff: 335, Sum: 1948]
      [GC Worker Other (ms): Min: 0.0, Avg: 0.0, Max: 0.1, Diff: 0.0, Sum: 0.2]
      [GC Worker Total (ms): Min: 125.8, Avg: 125.9, Max: 125.9, Diff: 0.1, Sum: 1006.8]
      [GC Worker End (ms): Min: 89309.1, Avg: 89309.1, Max: 89309.1, Diff: 0.0]
   [Code Root Fixup: 0.0 ms]
   [Code Root Purge: 0.0 ms]
   [Clear CT: 0.2 ms]
   [Other: 1.0 ms]
      [Choose CSet: 0.0 ms]
      [Ref Proc: 0.2 ms]
      [Ref Enq: 0.0 ms]
      [Redirty Cards: 0.2 ms]
      [Humongous Register: 0.1 ms]
      [Humongous Reclaim: 0.0 ms]
      [Free CSet: 0.2 ms]
   [Eden: 206.0M(206.0M)->0.0B(236.0M) Survivors: 29.0M->30.0M Heap: 724.5M(2048.0M)->727.0M(2048.0M)]
 [Times: user=0.95 sys=0.00, real=0.13 secs] 
2020-09-29T12:12:24.491+0200: 89.460: [GC pause (G1 Evacuation Pause) (young), 0.1378329 secs]
   [Parallel Time: 136.6 ms, GC Workers: 8]
      [GC Worker Start (ms): Min: 89460.5, Avg: 89460.6, Max: 89460.8, Diff: 0.3]
      [Ext Root Scanning (ms): Min: 0.0, Avg: 0.1, Max: 0.3, Diff: 0.3, Sum: 0.9]
      [Update RS (ms): Min: 10.9, Avg: 11.3, Max: 11.6, Diff: 0.6, Sum: 90.4]
         [Processed Buffers: Min: 11, Avg: 12.3, Max: 14, Diff: 3, Sum: 98]
      [Scan RS (ms): Min: 13.7, Avg: 13.9, Max: 14.2, Diff: 0.4, Sum: 111.4]
      [Code Root Scanning (ms): Min: 0.0, Avg: 0.0, Max: 0.0, Diff: 0.0, Sum: 0.0]
      [Object Copy (ms): Min: 110.8, Avg: 111.0, Max: 111.0, Diff: 0.2, Sum: 887.7]
      [Termination (ms): Min: 0.0, Avg: 0.0, Max: 0.0, Diff: 0.0, Sum: 0.2]
         [Termination Attempts: Min: 1, Avg: 124.3, Max: 163, Diff: 162, Sum: 994]
      [GC Worker Other (ms): Min: 0.0, Avg: 0.0, Max: 0.0, Diff: 0.0, Sum: 0.2]
      [GC Worker Total (ms): Min: 136.1, Avg: 136.3, Max: 136.4, Diff: 0.3, Sum: 1090.8]
      [GC Worker End (ms): Min: 89596.9, Avg: 89596.9, Max: 89596.9, Diff: 0.0]
   [Code Root Fixup: 0.0 ms]
   [Code Root Purge: 0.0 ms]
   [Clear CT: 0.2 ms]
   [Other: 1.0 ms]
      [Choose CSet: 0.0 ms]
      [Ref Proc: 0.2 ms]
      [Ref Enq: 0.0 ms]
      [Redirty Cards: 0.3 ms]
      [Humongous Register: 0.1 ms]
      [Humongous Reclaim: 0.0 ms]
      [Free CSet: 0.3 ms]
   [Eden: 236.0M(236.0M)->0.0B(243.0M) Survivors: 30.0M->34.0M Heap: 1001.1M(2048.0M)->1002.6M(2048.0M)]
 [Times: user=0.94 sys=0.02, real=0.14 secs] 
2020-09-29T12:12:24.647+0200: 89.616: [GC pause (G1 Humongous Allocation) (young) (initial-mark), 0.0344486 secs]
   [Parallel Time: 31.7 ms, GC Workers: 8]
      [GC Worker Start (ms): Min: 89616.5, Avg: 89616.6, Max: 89616.7, Diff: 0.2]
      [Ext Root Scanning (ms): Min: 0.0, Avg: 0.2, Max: 0.3, Diff: 0.3, Sum: 1.4]
      [Update RS (ms): Min: 14.4, Avg: 14.5, Max: 14.6, Diff: 0.2, Sum: 116.2]
         [Processed Buffers: Min: 14, Avg: 16.8, Max: 19, Diff: 5, Sum: 134]
      [Scan RS (ms): Min: 2.0, Avg: 2.1, Max: 2.2, Diff: 0.2, Sum: 16.5]
      [Code Root Scanning (ms): Min: 0.0, Avg: 0.0, Max: 0.0, Diff: 0.0, Sum: 0.0]
      [Object Copy (ms): Min: 14.6, Avg: 14.7, Max: 14.8, Diff: 0.1, Sum: 117.7]
      [Termination (ms): Min: 0.0, Avg: 0.0, Max: 0.0, Diff: 0.0, Sum: 0.0]
         [Termination Attempts: Min: 1, Avg: 16.3, Max: 22, Diff: 21, Sum: 130]
      [GC Worker Other (ms): Min: 0.0, Avg: 0.0, Max: 0.0, Diff: 0.0, Sum: 0.1]
      [GC Worker Total (ms): Min: 31.4, Avg: 31.5, Max: 31.5, Diff: 0.2, Sum: 251.9]
      [GC Worker End (ms): Min: 89648.1, Avg: 89648.1, Max: 89648.1, Diff: 0.0]
   [Code Root Fixup: 0.0 ms]
   [Code Root Purge: 0.0 ms]
   [Clear CT: 0.9 ms]
   [Other: 1.9 ms]
      [Choose CSet: 0.0 ms]
      [Ref Proc: 0.5 ms]
      [Ref Enq: 0.0 ms]
      [Redirty Cards: 0.9 ms]
      [Humongous Register: 0.1 ms]
      [Humongous Reclaim: 0.0 ms]
      [Free CSet: 0.1 ms]
   [Eden: 4096.0K(243.0M)->0.0B(305.0M) Survivors: 34.0M->6144.0K Heap: 1006.6M(2048.0M)->1010.6M(2048.0M)]
 [Times: user=0.23 sys=0.00, real=0.03 secs] 
2020-09-29T12:12:24.682+0200: 89.651: [GC concurrent-root-region-scan-start]
2020-09-29T12:12:24.684+0200: 89.653: [GC concurrent-root-region-scan-end, 0.0016334 secs]
2020-09-29T12:12:24.684+0200: 89.653: [GC concurrent-mark-start]
2020-09-29T12:12:24.687+0200: 89.656: [GC concurrent-mark-end, 0.0034895 secs]
2020-09-29T12:12:24.688+0200: 89.657: [GC remark 2020-09-29T12:12:24.688+0200: 89.657: [Finalize Marking, 0.0002267 secs] 2020-09-29T12:12:24.688+0200: 89.657: [GC ref-proc, 0.0003701 secs] 2020-09-29T12:12:24.688+0200: 89.657: [Unloading, 0.0008251 secs], 0.0020158 secs]
 [Times: user=0.00 sys=0.00, real=0.00 secs] 
2020-09-29T12:12:24.691+0200: 89.659: [GC cleanup 1018M->23M(2048M), 0.0012170 secs]
 [Times: user=0.00 sys=0.00, real=0.00 secs] 
2020-09-29T12:12:24.692+0200: 89.661: [GC concurrent-cleanup-start]
2020-09-29T12:12:24.693+0200: 89.662: [GC concurrent-cleanup-end, 0.0015300 secs]
2020-09-29T12:12:24.882+0200: 89.851: [GC pause (G1 Evacuation Pause) (young), 0.2066800 secs]
   [Parallel Time: 205.4 ms, GC Workers: 8]
      [GC Worker Start (ms): Min: 89851.5, Avg: 89851.6, Max: 89851.7, Diff: 0.2]
      [Ext Root Scanning (ms): Min: 0.0, Avg: 0.1, Max: 0.1, Diff: 0.1, Sum: 0.6]
      [Update RS (ms): Min: 13.8, Avg: 14.1, Max: 14.3, Diff: 0.5, Sum: 112.4]
         [Processed Buffers: Min: 7, Avg: 12.8, Max: 16, Diff: 9, Sum: 102]
      [Scan RS (ms): Min: 18.2, Avg: 19.3, Max: 22.6, Diff: 4.4, Sum: 154.8]
      [Code Root Scanning (ms): Min: 0.0, Avg: 0.0, Max: 0.0, Diff: 0.0, Sum: 0.0]
      [Object Copy (ms): Min: 168.2, Avg: 171.5, Max: 172.7, Diff: 4.5, Sum: 1371.8]
      [Termination (ms): Min: 0.0, Avg: 0.2, Max: 0.3, Diff: 0.3, Sum: 1.3]
         [Termination Attempts: Min: 1, Avg: 663.4, Max: 950, Diff: 949, Sum: 5307]
      [GC Worker Other (ms): Min: 0.0, Avg: 0.0, Max: 0.0, Diff: 0.0, Sum: 0.1]
      [GC Worker Total (ms): Min: 205.0, Avg: 205.1, Max: 205.2, Diff: 0.2, Sum: 1641.0]
      [GC Worker End (ms): Min: 90056.7, Avg: 90056.7, Max: 90056.7, Diff: 0.0]
   [Code Root Fixup: 0.0 ms]
   [Code Root Purge: 0.0 ms]
   [Clear CT: 0.2 ms]
   [Other: 1.1 ms]
      [Choose CSet: 0.0 ms]
      [Ref Proc: 0.2 ms]
      [Ref Enq: 0.0 ms]
      [Redirty Cards: 0.3 ms]
      [Humongous Register: 0.1 ms]
      [Humongous Reclaim: 0.0 ms]
      [Free CSet: 0.3 ms]
   [Eden: 305.0M(305.0M)->0.0B(246.0M) Survivors: 6144.0K->39.0M Heap: 372.5M(2048.0M)->369.0M(2048.0M)]
 [Times: user=1.25 sys=0.02, real=0.21 secs] 
2020-09-29T12:12:25.249+0200: 90.218: [GC pause (G1 Evacuation Pause) (young), 0.1685351 secs]
   [Parallel Time: 167.5 ms, GC Workers: 8]
      [GC Worker Start (ms): Min: 90218.1, Avg: 90218.2, Max: 90218.3, Diff: 0.2]
      [Ext Root Scanning (ms): Min: 0.0, Avg: 0.1, Max: 0.2, Diff: 0.2, Sum: 0.5]
      [Update RS (ms): Min: 11.3, Avg: 11.4, Max: 11.5, Diff: 0.2, Sum: 91.1]
         [Processed Buffers: Min: 12, Avg: 14.0, Max: 15, Diff: 3, Sum: 112]
      [Scan RS (ms): Min: 13.2, Avg: 13.2, Max: 13.3, Diff: 0.1, Sum: 105.8]
      [Code Root Scanning (ms): Min: 0.0, Avg: 0.0, Max: 0.0, Diff: 0.0, Sum: 0.0]
      [Object Copy (ms): Min: 142.3, Avg: 142.4, Max: 142.6, Diff: 0.3, Sum: 1139.5]
      [Termination (ms): Min: 0.0, Avg: 0.2, Max: 0.3, Diff: 0.3, Sum: 1.3]
         [Termination Attempts: Min: 1, Avg: 957.8, Max: 1245, Diff: 1244, Sum: 7662]
      [GC Worker Other (ms): Min: 0.0, Avg: 0.0, Max: 0.0, Diff: 0.0, Sum: 0.1]
      [GC Worker Total (ms): Min: 167.2, Avg: 167.3, Max: 167.4, Diff: 0.2, Sum: 1338.4]
      [GC Worker End (ms): Min: 90385.5, Avg: 90385.5, Max: 90385.5, Diff: 0.0]
   [Code Root Fixup: 0.0 ms]
   [Code Root Purge: 0.0 ms]
   [Clear CT: 0.2 ms]
   [Other: 0.9 ms]
      [Choose CSet: 0.0 ms]
      [Ref Proc: 0.2 ms]
      [Ref Enq: 0.0 ms]
      [Redirty Cards: 0.2 ms]
      [Humongous Register: 0.0 ms]
      [Humongous Reclaim: 0.0 ms]
      [Free CSet: 0.2 ms]
   [Eden: 246.0M(246.0M)->0.0B(247.0M) Survivors: 39.0M->36.0M Heap: 657.0M(2048.0M)->659.0M(2048.0M)]
 [Times: user=1.25 sys=0.00, real=0.17 secs] 
2020-09-29T12:12:25.566+0200: 90.536: [GC pause (G1 Evacuation Pause) (young), 0.1500846 secs]
   [Parallel Time: 148.6 ms, GC Workers: 8]
      [GC Worker Start (ms): Min: 90536.1, Avg: 90536.2, Max: 90536.3, Diff: 0.2]
      [Ext Root Scanning (ms): Min: 0.0, Avg: 0.1, Max: 0.2, Diff: 0.2, Sum: 0.6]
      [Update RS (ms): Min: 15.0, Avg: 15.2, Max: 15.8, Diff: 0.8, Sum: 121.9]
         [Processed Buffers: Min: 13, Avg: 15.8, Max: 17, Diff: 4, Sum: 126]
      [Scan RS (ms): Min: 14.7, Avg: 15.3, Max: 15.6, Diff: 0.9, Sum: 122.4]
      [Code Root Scanning (ms): Min: 0.0, Avg: 0.0, Max: 0.0, Diff: 0.0, Sum: 0.0]
      [Object Copy (ms): Min: 117.6, Avg: 117.7, Max: 117.8, Diff: 0.2, Sum: 941.6]
      [Termination (ms): Min: 0.0, Avg: 0.1, Max: 0.1, Diff: 0.1, Sum: 0.5]
         [Termination Attempts: Min: 1, Avg: 104.6, Max: 144, Diff: 143, Sum: 837]
      [GC Worker Other (ms): Min: 0.0, Avg: 0.0, Max: 0.1, Diff: 0.1, Sum: 0.4]
      [GC Worker Total (ms): Min: 148.4, Avg: 148.4, Max: 148.5, Diff: 0.1, Sum: 1187.4]
      [GC Worker End (ms): Min: 90684.5, Avg: 90684.6, Max: 90684.6, Diff: 0.1]
   [Code Root Fixup: 0.0 ms]
   [Code Root Purge: 0.0 ms]
   [Clear CT: 0.2 ms]
   [Other: 1.2 ms]
      [Choose CSet: 0.0 ms]
      [Ref Proc: 0.2 ms]
      [Ref Enq: 0.0 ms]
      [Redirty Cards: 0.6 ms]
      [Humongous Register: 0.0 ms]
      [Humongous Reclaim: 0.0 ms]
      [Free CSet: 0.2 ms]
   [Eden: 247.0M(247.0M)->0.0B(257.0M) Survivors: 36.0M->36.0M Heap: 946.0M(2048.0M)->948.0M(2048.0M)]
 [Times: user=1.14 sys=0.00, real=0.15 secs] 
2020-09-29T12:12:25.733+0200: 90.703: [GC pause (G1 Humongous Allocation) (young) (initial-mark), 0.0521549 secs]
   [Parallel Time: 50.9 ms, GC Workers: 8]
      [GC Worker Start (ms): Min: 90703.0, Avg: 90703.1, Max: 90703.5, Diff: 0.5]
      [Ext Root Scanning (ms): Min: 0.0, Avg: 0.4, Max: 0.6, Diff: 0.6, Sum: 3.6]
      [Update RS (ms): Min: 23.2, Avg: 23.4, Max: 23.8, Diff: 0.6, Sum: 187.3]
         [Processed Buffers: Min: 24, Avg: 26.6, Max: 29, Diff: 5, Sum: 213]
      [Scan RS (ms): Min: 2.0, Avg: 2.3, Max: 2.5, Diff: 0.5, Sum: 18.6]
      [Code Root Scanning (ms): Min: 0.0, Avg: 0.0, Max: 0.0, Diff: 0.0, Sum: 0.0]
      [Object Copy (ms): Min: 24.4, Avg: 24.4, Max: 24.5, Diff: 0.1, Sum: 195.1]
      [Termination (ms): Min: 0.0, Avg: 0.0, Max: 0.1, Diff: 0.1, Sum: 0.3]
         [Termination Attempts: Min: 1, Avg: 258.0, Max: 313, Diff: 312, Sum: 2064]
      [GC Worker Other (ms): Min: 0.0, Avg: 0.0, Max: 0.1, Diff: 0.1, Sum: 0.3]
      [GC Worker Total (ms): Min: 50.3, Avg: 50.7, Max: 50.8, Diff: 0.5, Sum: 405.3]
      [GC Worker End (ms): Min: 90753.8, Avg: 90753.8, Max: 90753.8, Diff: 0.1]
   [Code Root Fixup: 0.0 ms]
   [Code Root Purge: 0.0 ms]
   [Clear CT: 0.2 ms]
   [Other: 1.1 ms]
      [Choose CSet: 0.0 ms]
      [Ref Proc: 0.2 ms]
      [Ref Enq: 0.0 ms]
      [Redirty Cards: 0.4 ms]
      [Humongous Register: 0.1 ms]
      [Humongous Reclaim: 0.0 ms]
      [Free CSet: 0.1 ms]
   [Eden: 15.0M(257.0M)->0.0B(286.0M) Survivors: 36.0M->17.0M Heap: 964.9M(2048.0M)->967.9M(2048.0M)]
 [Times: user=0.38 sys=0.00, real=0.05 secs] 
2020-09-29T12:12:25.786+0200: 90.755: [GC concurrent-root-region-scan-start]
2020-09-29T12:12:25.791+0200: 90.760: [GC concurrent-root-region-scan-end, 0.0052435 secs]
2020-09-29T12:12:25.791+0200: 90.760: [GC concurrent-mark-start]
2020-09-29T12:12:25.795+0200: 90.765: [GC concurrent-mark-end, 0.0041778 secs]
2020-09-29T12:12:25.796+0200: 90.765: [GC remark 2020-09-29T12:12:25.796+0200: 90.765: [Finalize Marking, 0.0002617 secs] 2020-09-29T12:12:25.796+0200: 90.765: [GC ref-proc, 0.0003995 secs] 2020-09-29T12:12:25.796+0200: 90.766: [Unloading, 0.0006091 secs], 0.0017704 secs]
 [Times: user=0.00 sys=0.00, real=0.00 secs] 
2020-09-29T12:12:25.798+0200: 90.767: [GC cleanup 988M->47M(2048M), 0.0018828 secs]
 [Times: user=0.00 sys=0.00, real=0.00 secs] 
2020-09-29T12:12:25.800+0200: 90.769: [GC concurrent-cleanup-start]
2020-09-29T12:12:25.801+0200: 90.771: [GC concurrent-cleanup-end, 0.0015637 secs]
2020-09-29T12:12:25.953+0200: 90.923: [GC pause (G1 Evacuation Pause) (young), 0.1749107 secs]
   [Parallel Time: 173.8 ms, GC Workers: 8]
      [GC Worker Start (ms): Min: 90923.0, Avg: 90923.1, Max: 90923.2, Diff: 0.2]
      [Ext Root Scanning (ms): Min: 0.0, Avg: 0.1, Max: 0.2, Diff: 0.2, Sum: 0.5]
      [Update RS (ms): Min: 15.1, Avg: 15.4, Max: 15.8, Diff: 0.7, Sum: 123.5]
         [Processed Buffers: Min: 15, Avg: 16.5, Max: 17, Diff: 2, Sum: 132]
      [Scan RS (ms): Min: 13.8, Avg: 14.4, Max: 16.5, Diff: 2.7, Sum: 115.4]
      [Code Root Scanning (ms): Min: 0.0, Avg: 0.0, Max: 0.0, Diff: 0.0, Sum: 0.0]
      [Object Copy (ms): Min: 141.5, Avg: 143.5, Max: 143.9, Diff: 2.4, Sum: 1148.2]
      [Termination (ms): Min: 0.0, Avg: 0.1, Max: 0.1, Diff: 0.1, Sum: 0.5]
         [Termination Attempts: Min: 1, Avg: 224.4, Max: 341, Diff: 340, Sum: 1795]
      [GC Worker Other (ms): Min: 0.0, Avg: 0.0, Max: 0.0, Diff: 0.0, Sum: 0.1]
      [GC Worker Total (ms): Min: 173.5, Avg: 173.5, Max: 173.7, Diff: 0.2, Sum: 1388.3]
      [GC Worker End (ms): Min: 91096.7, Avg: 91096.7, Max: 91096.7, Diff: 0.0]
   [Code Root Fixup: 0.0 ms]
   [Code Root Purge: 0.0 ms]
   [Clear CT: 0.2 ms]
   [Other: 1.0 ms]
      [Choose CSet: 0.0 ms]
      [Ref Proc: 0.2 ms]
      [Ref Enq: 0.0 ms]
      [Redirty Cards: 0.2 ms]
      [Humongous Register: 0.0 ms]
      [Humongous Reclaim: 0.0 ms]
      [Free CSet: 0.3 ms]
   [Eden: 286.0M(286.0M)->0.0B(265.0M) Survivors: 17.0M->38.0M Heap: 360.7M(2048.0M)->345.2M(2048.0M)]
 [Times: user=1.13 sys=0.02, real=0.17 secs] 
2020-09-29T12:12:26.289+0200: 91.259: [GC pause (G1 Evacuation Pause) (young), 0.1491828 secs]
   [Parallel Time: 147.9 ms, GC Workers: 8]
      [GC Worker Start (ms): Min: 91258.9, Avg: 91259.0, Max: 91259.1, Diff: 0.2]
      [Ext Root Scanning (ms): Min: 0.0, Avg: 0.1, Max: 0.1, Diff: 0.1, Sum: 0.7]
      [Update RS (ms): Min: 17.3, Avg: 17.4, Max: 17.6, Diff: 0.3, Sum: 138.8]
         [Processed Buffers: Min: 18, Avg: 19.3, Max: 22, Diff: 4, Sum: 154]
      [Scan RS (ms): Min: 13.3, Avg: 13.5, Max: 13.7, Diff: 0.3, Sum: 108.2]
      [Code Root Scanning (ms): Min: 0.0, Avg: 0.0, Max: 0.0, Diff: 0.0, Sum: 0.0]
      [Object Copy (ms): Min: 116.5, Avg: 116.7, Max: 116.7, Diff: 0.2, Sum: 933.5]
      [Termination (ms): Min: 0.0, Avg: 0.0, Max: 0.0, Diff: 0.0, Sum: 0.1]
         [Termination Attempts: Min: 1, Avg: 65.4, Max: 88, Diff: 87, Sum: 523]
      [GC Worker Other (ms): Min: 0.0, Avg: 0.1, Max: 0.1, Diff: 0.0, Sum: 0.4]
      [GC Worker Total (ms): Min: 147.6, Avg: 147.7, Max: 147.8, Diff: 0.2, Sum: 1181.7]
      [GC Worker End (ms): Min: 91406.7, Avg: 91406.7, Max: 91406.7, Diff: 0.0]
   [Code Root Fixup: 0.0 ms]
   [Code Root Purge: 0.0 ms]
   [Clear CT: 0.2 ms]
   [Other: 1.1 ms]
      [Choose CSet: 0.0 ms]
      [Ref Proc: 0.2 ms]
      [Ref Enq: 0.0 ms]
      [Redirty Cards: 0.3 ms]
      [Humongous Register: 0.0 ms]
      [Humongous Reclaim: 0.0 ms]
      [Free CSet: 0.3 ms]
   [Eden: 265.0M(265.0M)->0.0B(277.0M) Survivors: 38.0M->38.0M Heap: 656.0M(2048.0M)->658.0M(2048.0M)]
 [Times: user=1.13 sys=0.00, real=0.15 secs] 
2020-09-29T12:12:26.601+0200: 91.570: [GC pause (G1 Evacuation Pause) (young), 0.2205800 secs]
   [Parallel Time: 219.5 ms, GC Workers: 8]
      [GC Worker Start (ms): Min: 91570.2, Avg: 91570.3, Max: 91570.4, Diff: 0.2]
      [Ext Root Scanning (ms): Min: 0.0, Avg: 0.1, Max: 0.1, Diff: 0.1, Sum: 0.6]
      [Update RS (ms): Min: 18.7, Avg: 18.8, Max: 19.0, Diff: 0.3, Sum: 150.3]
         [Processed Buffers: Min: 20, Avg: 21.4, Max: 23, Diff: 3, Sum: 171]
      [Scan RS (ms): Min: 13.7, Avg: 13.9, Max: 14.1, Diff: 0.4, Sum: 111.1]
      [Code Root Scanning (ms): Min: 0.0, Avg: 0.0, Max: 0.0, Diff: 0.0, Sum: 0.0]
      [Object Copy (ms): Min: 186.3, Avg: 186.4, Max: 186.6, Diff: 0.3, Sum: 1491.4]
      [Termination (ms): Min: 0.0, Avg: 0.1, Max: 0.2, Diff: 0.2, Sum: 1.1]
         [Termination Attempts: Min: 1, Avg: 678.6, Max: 945, Diff: 944, Sum: 5429]
      [GC Worker Other (ms): Min: 0.0, Avg: 0.0, Max: 0.0, Diff: 0.0, Sum: 0.1]
      [GC Worker Total (ms): Min: 219.2, Avg: 219.3, Max: 219.4, Diff: 0.2, Sum: 1754.8]
      [GC Worker End (ms): Min: 91789.6, Avg: 91789.6, Max: 91789.6, Diff: 0.0]
   [Code Root Fixup: 0.0 ms]
   [Code Root Purge: 0.0 ms]
   [Clear CT: 0.2 ms]
   [Other: 0.9 ms]
      [Choose CSet: 0.0 ms]
      [Ref Proc: 0.2 ms]
      [Ref Enq: 0.0 ms]
      [Redirty Cards: 0.2 ms]
      [Humongous Register: 0.0 ms]
      [Humongous Reclaim: 0.0 ms]
      [Free CSet: 0.3 ms]
   [Eden: 277.0M(277.0M)->0.0B(244.0M) Survivors: 38.0M->40.0M Heap: 980.7M(2048.0M)->981.7M(2048.0M)]
 [Times: user=1.47 sys=0.02, real=0.22 secs] 
2020-09-29T12:12:26.847+0200: 91.816: [GC pause (G1 Humongous Allocation) (young) (initial-mark), 0.0444391 secs]
   [Parallel Time: 43.4 ms, GC Workers: 8]
      [GC Worker Start (ms): Min: 91816.5, Avg: 91816.6, Max: 91816.7, Diff: 0.2]
      [Ext Root Scanning (ms): Min: 0.0, Avg: 0.4, Max: 0.5, Diff: 0.5, Sum: 3.4]
      [Update RS (ms): Min: 19.9, Avg: 20.3, Max: 20.8, Diff: 0.8, Sum: 162.5]
         [Processed Buffers: Min: 20, Avg: 24.4, Max: 26, Diff: 6, Sum: 195]
      [Scan RS (ms): Min: 2.0, Avg: 2.5, Max: 2.8, Diff: 0.8, Sum: 19.6]
      [Code Root Scanning (ms): Min: 0.0, Avg: 0.0, Max: 0.0, Diff: 0.0, Sum: 0.0]
      [Object Copy (ms): Min: 19.9, Avg: 20.0, Max: 20.0, Diff: 0.1, Sum: 160.0]
      [Termination (ms): Min: 0.0, Avg: 0.0, Max: 0.0, Diff: 0.0, Sum: 0.2]
         [Termination Attempts: Min: 1, Avg: 151.0, Max: 191, Diff: 190, Sum: 1208]
      [GC Worker Other (ms): Min: 0.0, Avg: 0.0, Max: 0.1, Diff: 0.1, Sum: 0.2]
      [GC Worker Total (ms): Min: 43.1, Avg: 43.3, Max: 43.3, Diff: 0.2, Sum: 346.0]
      [GC Worker End (ms): Min: 91859.8, Avg: 91859.8, Max: 91859.8, Diff: 0.0]
   [Code Root Fixup: 0.0 ms]
   [Code Root Purge: 0.0 ms]
   [Clear CT: 0.3 ms]
   [Other: 0.8 ms]
      [Choose CSet: 0.0 ms]
      [Ref Proc: 0.1 ms]
      [Ref Enq: 0.0 ms]
      [Redirty Cards: 0.2 ms]
      [Humongous Register: 0.1 ms]
      [Humongous Reclaim: 0.0 ms]
      [Free CSet: 0.1 ms]
   [Eden: 8192.0K(244.0M)->0.0B(301.0M) Survivors: 40.0M->10.0M Heap: 989.2M(2048.0M)->993.7M(2048.0M)]
 [Times: user=0.27 sys=0.00, real=0.05 secs] 
2020-09-29T12:12:26.893+0200: 91.862: [GC concurrent-root-region-scan-start]
2020-09-29T12:12:26.896+0200: 91.865: [GC concurrent-root-region-scan-end, 0.0029744 secs]
2020-09-29T12:12:26.896+0200: 91.865: [GC concurrent-mark-start]
2020-09-29T12:12:26.899+0200: 91.869: [GC concurrent-mark-end, 0.0035564 secs]
2020-09-29T12:12:26.899+0200: 91.869: [GC remark 2020-09-29T12:12:26.900+0200: 91.869: [Finalize Marking, 0.0003119 secs] 2020-09-29T12:12:26.900+0200: 91.869: [GC ref-proc, 0.0003677 secs] 2020-09-29T12:12:26.900+0200: 91.870: [Unloading, 0.0005018 secs], 0.0018536 secs]
 [Times: user=0.00 sys=0.00, real=0.00 secs] 
2020-09-29T12:12:26.902+0200: 91.871: [GC cleanup 1009M->35M(2048M), 0.0013278 secs]
 [Times: user=0.00 sys=0.00, real=0.00 secs] 
2020-09-29T12:12:26.903+0200: 91.873: [GC concurrent-cleanup-start]
2020-09-29T12:12:26.905+0200: 91.874: [GC concurrent-cleanup-end, 0.0014650 secs]
2020-09-29T12:12:27.079+0200: 92.049: [GC pause (G1 Evacuation Pause) (young), 0.2110309 secs]
   [Parallel Time: 209.8 ms, GC Workers: 8]
      [GC Worker Start (ms): Min: 92048.9, Avg: 92049.0, Max: 92049.1, Diff: 0.2]
      [Ext Root Scanning (ms): Min: 0.0, Avg: 0.1, Max: 0.2, Diff: 0.2, Sum: 0.6]
      [Update RS (ms): Min: 21.0, Avg: 21.9, Max: 27.5, Diff: 6.5, Sum: 175.3]
         [Processed Buffers: Min: 0, Avg: 19.3, Max: 24, Diff: 24, Sum: 154]
      [Scan RS (ms): Min: 10.5, Avg: 18.9, Max: 38.5, Diff: 28.0, Sum: 150.8]
      [Code Root Scanning (ms): Min: 0.0, Avg: 0.0, Max: 0.0, Diff: 0.0, Sum: 0.0]
      [Object Copy (ms): Min: 149.3, Avg: 168.1, Max: 171.0, Diff: 21.7, Sum: 1345.1]
      [Termination (ms): Min: 0.0, Avg: 0.5, Max: 0.8, Diff: 0.8, Sum: 4.3]
         [Termination Attempts: Min: 1, Avg: 3369.4, Max: 4552, Diff: 4551, Sum: 26955]
      [GC Worker Other (ms): Min: 0.0, Avg: 0.0, Max: 0.1, Diff: 0.0, Sum: 0.2]
      [GC Worker Total (ms): Min: 209.4, Avg: 209.6, Max: 209.6, Diff: 0.2, Sum: 1676.4]
      [GC Worker End (ms): Min: 92258.6, Avg: 92258.6, Max: 92258.6, Diff: 0.0]
   [Code Root Fixup: 0.0 ms]
   [Code Root Purge: 0.0 ms]
   [Clear CT: 0.2 ms]
   [Other: 1.1 ms]
      [Choose CSet: 0.0 ms]
      [Ref Proc: 0.2 ms]
      [Ref Enq: 0.0 ms]
      [Redirty Cards: 0.2 ms]
      [Humongous Register: 0.0 ms]
      [Humongous Reclaim: 0.0 ms]
      [Free CSet: 0.3 ms]
   [Eden: 301.0M(301.0M)->0.0B(248.0M) Survivors: 10.0M->39.0M Heap: 372.0M(2048.0M)->365.5M(2048.0M)]
 [Times: user=1.61 sys=0.00, real=0.21 secs] 
2020-09-29T12:12:27.447+0200: 92.417: [GC pause (G1 Evacuation Pause) (young), 0.1470504 secs]
   [Parallel Time: 145.9 ms, GC Workers: 8]
      [GC Worker Start (ms): Min: 92416.9, Avg: 92417.0, Max: 92417.1, Diff: 0.2]
      [Ext Root Scanning (ms): Min: 0.0, Avg: 0.1, Max: 0.2, Diff: 0.2, Sum: 0.6]
      [Update RS (ms): Min: 14.1, Avg: 14.3, Max: 14.7, Diff: 0.6, Sum: 114.8]
         [Processed Buffers: Min: 12, Avg: 15.0, Max: 16, Diff: 4, Sum: 120]
      [Scan RS (ms): Min: 12.3, Avg: 12.8, Max: 13.0, Diff: 0.7, Sum: 102.2]
      [Code Root Scanning (ms): Min: 0.0, Avg: 0.0, Max: 0.0, Diff: 0.0, Sum: 0.0]
      [Object Copy (ms): Min: 118.3, Avg: 118.4, Max: 118.4, Diff: 0.1, Sum: 947.0]
      [Termination (ms): Min: 0.0, Avg: 0.0, Max: 0.1, Diff: 0.1, Sum: 0.4]
         [Termination Attempts: Min: 1, Avg: 345.9, Max: 440, Diff: 439, Sum: 2767]
      [GC Worker Other (ms): Min: 0.0, Avg: 0.0, Max: 0.1, Diff: 0.1, Sum: 0.4]
      [GC Worker Total (ms): Min: 145.5, Avg: 145.7, Max: 145.8, Diff: 0.2, Sum: 1165.3]
      [GC Worker End (ms): Min: 92562.7, Avg: 92562.7, Max: 92562.7, Diff: 0.1]
   [Code Root Fixup: 0.0 ms]
   [Code Root Purge: 0.0 ms]
   [Clear CT: 0.2 ms]
   [Other: 1.0 ms]
      [Choose CSet: 0.0 ms]
      [Ref Proc: 0.2 ms]
      [Ref Enq: 0.0 ms]
      [Redirty Cards: 0.2 ms]
      [Humongous Register: 0.0 ms]
      [Humongous Reclaim: 0.0 ms]
      [Free CSet: 0.3 ms]
   [Eden: 248.0M(248.0M)->0.0B(264.0M) Survivors: 39.0M->36.0M Heap: 653.6M(2048.0M)->655.1M(2048.0M)]
 [Times: user=1.11 sys=0.00, real=0.15 secs] 
2020-09-29T12:12:27.765+0200: 92.735: [GC pause (G1 Evacuation Pause) (young), 0.1580713 secs]
   [Parallel Time: 156.2 ms, GC Workers: 8]
      [GC Worker Start (ms): Min: 92734.8, Avg: 92735.1, Max: 92736.0, Diff: 1.1]
      [Ext Root Scanning (ms): Min: 0.0, Avg: 0.1, Max: 0.2, Diff: 0.2, Sum: 0.6]
      [Update RS (ms): Min: 14.6, Avg: 15.4, Max: 15.6, Diff: 1.0, Sum: 123.3]
         [Processed Buffers: Min: 15, Avg: 18.5, Max: 21, Diff: 6, Sum: 148]
      [Scan RS (ms): Min: 13.4, Avg: 13.5, Max: 13.6, Diff: 0.2, Sum: 108.4]
      [Code Root Scanning (ms): Min: 0.0, Avg: 0.0, Max: 0.0, Diff: 0.0, Sum: 0.0]
      [Object Copy (ms): Min: 126.7, Avg: 126.8, Max: 126.9, Diff: 0.2, Sum: 1014.4]
      [Termination (ms): Min: 0.0, Avg: 0.0, Max: 0.0, Diff: 0.0, Sum: 0.3]
         [Termination Attempts: Min: 1, Avg: 247.3, Max: 309, Diff: 308, Sum: 1978]
      [GC Worker Other (ms): Min: 0.0, Avg: 0.0, Max: 0.1, Diff: 0.1, Sum: 0.4]
      [GC Worker Total (ms): Min: 155.0, Avg: 155.9, Max: 156.2, Diff: 1.1, Sum: 1247.4]
      [GC Worker End (ms): Min: 92891.0, Avg: 92891.0, Max: 92891.0, Diff: 0.1]
   [Code Root Fixup: 0.0 ms]
   [Code Root Purge: 0.0 ms]
   [Clear CT: 0.2 ms]
   [Other: 1.7 ms]
      [Choose CSet: 0.0 ms]
      [Ref Proc: 0.1 ms]
      [Ref Enq: 0.0 ms]
      [Redirty Cards: 0.9 ms]
      [Humongous Register: 0.1 ms]
      [Humongous Reclaim: 0.0 ms]
      [Free CSet: 0.3 ms]
   [Eden: 264.0M(264.0M)->0.0B(273.0M) Survivors: 36.0M->38.0M Heap: 964.8M(2048.0M)->966.8M(2048.0M)]
 [Times: user=1.11 sys=0.01, real=0.16 secs] 
2020-09-29T12:12:27.938+0200: 92.907: [GC pause (G1 Humongous Allocation) (young) (initial-mark), 0.0529542 secs]
   [Parallel Time: 51.8 ms, GC Workers: 8]
      [GC Worker Start (ms): Min: 92907.5, Avg: 92907.6, Max: 92907.7, Diff: 0.2]
      [Ext Root Scanning (ms): Min: 0.0, Avg: 0.2, Max: 0.3, Diff: 0.3, Sum: 1.3]
      [Update RS (ms): Min: 27.3, Avg: 27.8, Max: 28.7, Diff: 1.4, Sum: 222.2]
         [Processed Buffers: Min: 27, Avg: 31.5, Max: 35, Diff: 8, Sum: 252]
      [Scan RS (ms): Min: 1.6, Avg: 2.5, Max: 2.9, Diff: 1.3, Sum: 19.9]
      [Code Root Scanning (ms): Min: 0.0, Avg: 0.0, Max: 0.0, Diff: 0.0, Sum: 0.0]
      [Object Copy (ms): Min: 21.1, Avg: 21.1, Max: 21.2, Diff: 0.1, Sum: 169.2]
      [Termination (ms): Min: 0.0, Avg: 0.0, Max: 0.0, Diff: 0.0, Sum: 0.0]
         [Termination Attempts: Min: 1, Avg: 11.9, Max: 19, Diff: 18, Sum: 95]
      [GC Worker Other (ms): Min: 0.0, Avg: 0.0, Max: 0.0, Diff: 0.0, Sum: 0.2]
      [GC Worker Total (ms): Min: 51.5, Avg: 51.6, Max: 51.7, Diff: 0.2, Sum: 412.7]
      [GC Worker End (ms): Min: 92959.2, Avg: 92959.2, Max: 92959.2, Diff: 0.0]
   [Code Root Fixup: 0.0 ms]
   [Code Root Purge: 0.0 ms]
   [Clear CT: 0.2 ms]
   [Other: 1.0 ms]
      [Choose CSet: 0.0 ms]
      [Ref Proc: 0.1 ms]
      [Ref Enq: 0.0 ms]
      [Redirty Cards: 0.4 ms]
      [Humongous Register: 0.1 ms]
      [Humongous Reclaim: 0.0 ms]
      [Free CSet: 0.1 ms]
   [Eden: 12.0M(273.0M)->0.0B(311.0M) Survivors: 38.0M->13.0M Heap: 978.3M(2048.0M)->981.8M(2048.0M)]
 [Times: user=0.49 sys=0.00, real=0.05 secs] 
2020-09-29T12:12:27.991+0200: 92.961: [GC concurrent-root-region-scan-start]
2020-09-29T12:12:27.995+0200: 92.965: [GC concurrent-root-region-scan-end, 0.0041207 secs]
2020-09-29T12:12:27.995+0200: 92.965: [GC concurrent-mark-start]
2020-09-29T12:12:27.998+0200: 92.968: [GC concurrent-mark-end, 0.0029715 secs]
2020-09-29T12:12:27.999+0200: 92.968: [GC remark 2020-09-29T12:12:27.999+0200: 92.968: [Finalize Marking, 0.0001665 secs] 2020-09-29T12:12:27.999+0200: 92.968: [GC ref-proc, 0.0002916 secs] 2020-09-29T12:12:27.999+0200: 92.969: [Unloading, 0.0004407 secs], 0.0012520 secs]
 [Times: user=0.00 sys=0.00, real=0.00 secs] 
2020-09-29T12:12:28.000+0200: 92.970: [GC cleanup 998M->39M(2048M), 0.0012767 secs]
 [Times: user=0.00 sys=0.00, real=0.00 secs] 
2020-09-29T12:12:28.002+0200: 92.971: [GC concurrent-cleanup-start]
2020-09-29T12:12:28.003+0200: 92.972: [GC concurrent-cleanup-end, 0.0012923 secs]
2020-09-29T12:12:28.175+0200: 93.145: [GC pause (G1 Evacuation Pause) (young), 0.1579607 secs]
   [Parallel Time: 156.8 ms, GC Workers: 8]
      [GC Worker Start (ms): Min: 93144.9, Avg: 93144.9, Max: 93145.0, Diff: 0.2]
      [Ext Root Scanning (ms): Min: 0.0, Avg: 0.1, Max: 0.1, Diff: 0.1, Sum: 0.7]
      [Update RS (ms): Min: 14.5, Avg: 14.6, Max: 14.6, Diff: 0.1, Sum: 116.5]
         [Processed Buffers: Min: 16, Avg: 17.5, Max: 21, Diff: 5, Sum: 140]
      [Scan RS (ms): Min: 14.7, Avg: 14.8, Max: 15.3, Diff: 0.6, Sum: 118.8]
      [Code Root Scanning (ms): Min: 0.0, Avg: 0.0, Max: 0.0, Diff: 0.0, Sum: 0.0]
      [Object Copy (ms): Min: 126.6, Avg: 127.0, Max: 127.2, Diff: 0.6, Sum: 1016.3]
      [Termination (ms): Min: 0.0, Avg: 0.0, Max: 0.0, Diff: 0.0, Sum: 0.2]
         [Termination Attempts: Min: 1, Avg: 202.9, Max: 255, Diff: 254, Sum: 1623]
      [GC Worker Other (ms): Min: 0.0, Avg: 0.0, Max: 0.1, Diff: 0.1, Sum: 0.3]
      [GC Worker Total (ms): Min: 156.5, Avg: 156.6, Max: 156.7, Diff: 0.2, Sum: 1252.8]
      [GC Worker End (ms): Min: 93301.5, Avg: 93301.5, Max: 93301.6, Diff: 0.1]
   [Code Root Fixup: 0.0 ms]
   [Code Root Purge: 0.0 ms]
   [Clear CT: 0.1 ms]
   [Other: 1.0 ms]
      [Choose CSet: 0.0 ms]
      [Ref Proc: 0.1 ms]
      [Ref Enq: 0.0 ms]
      [Redirty Cards: 0.2 ms]
      [Humongous Register: 0.2 ms]
      [Humongous Reclaim: 0.0 ms]
      [Free CSet: 0.3 ms]
   [Eden: 311.0M(311.0M)->0.0B(298.0M) Survivors: 13.0M->41.0M Heap: 387.4M(2048.0M)->376.4M(2048.0M)]
 [Times: user=1.20 sys=0.03, real=0.16 secs] 
2020-09-29T12:12:28.528+0200: 93.498: [GC pause (G1 Evacuation Pause) (young), 0.2013513 secs]
   [Parallel Time: 200.2 ms, GC Workers: 8]
      [GC Worker Start (ms): Min: 93498.0, Avg: 93498.0, Max: 93498.1, Diff: 0.1]
      [Ext Root Scanning (ms): Min: 0.0, Avg: 0.1, Max: 0.1, Diff: 0.1, Sum: 0.7]
      [Update RS (ms): Min: 18.9, Avg: 19.0, Max: 19.1, Diff: 0.2, Sum: 151.7]
         [Processed Buffers: Min: 18, Avg: 21.0, Max: 23, Diff: 5, Sum: 168]
      [Scan RS (ms): Min: 17.3, Avg: 17.5, Max: 17.6, Diff: 0.3, Sum: 139.8]
      [Code Root Scanning (ms): Min: 0.0, Avg: 0.0, Max: 0.0, Diff: 0.0, Sum: 0.0]
      [Object Copy (ms): Min: 163.3, Avg: 163.4, Max: 163.5, Diff: 0.1, Sum: 1307.1]
      [Termination (ms): Min: 0.0, Avg: 0.0, Max: 0.1, Diff: 0.1, Sum: 0.4]
         [Termination Attempts: Min: 1, Avg: 257.6, Max: 330, Diff: 329, Sum: 2061]
      [GC Worker Other (ms): Min: 0.0, Avg: 0.1, Max: 0.1, Diff: 0.1, Sum: 0.4]
      [GC Worker Total (ms): Min: 199.9, Avg: 200.0, Max: 200.1, Diff: 0.2, Sum: 1600.1]
      [GC Worker End (ms): Min: 93698.0, Avg: 93698.0, Max: 93698.1, Diff: 0.1]
   [Code Root Fixup: 0.0 ms]
   [Code Root Purge: 0.0 ms]
   [Clear CT: 0.2 ms]
   [Other: 1.0 ms]
      [Choose CSet: 0.0 ms]
      [Ref Proc: 0.2 ms]
      [Ref Enq: 0.0 ms]
      [Redirty Cards: 0.2 ms]
      [Humongous Register: 0.0 ms]
      [Humongous Reclaim: 0.0 ms]
      [Free CSet: 0.3 ms]
   [Eden: 298.0M(298.0M)->0.0B(275.0M) Survivors: 41.0M->43.0M Heap: 724.0M(2048.0M)->726.0M(2048.0M)]
 [Times: user=1.42 sys=0.00, real=0.20 secs] 
2020-09-29T12:12:28.906+0200: 93.875: [GC pause (G1 Evacuation Pause) (young), 0.1728362 secs]
   [Parallel Time: 171.7 ms, GC Workers: 8]
      [GC Worker Start (ms): Min: 93875.6, Avg: 93875.9, Max: 93877.0, Diff: 1.4]
      [Ext Root Scanning (ms): Min: 0.0, Avg: 0.1, Max: 0.1, Diff: 0.1, Sum: 0.7]
      [Update RS (ms): Min: 19.1, Avg: 20.3, Max: 20.9, Diff: 1.8, Sum: 162.0]
         [Processed Buffers: Min: 18, Avg: 21.5, Max: 26, Diff: 8, Sum: 172]
      [Scan RS (ms): Min: 17.0, Avg: 17.4, Max: 17.6, Diff: 0.7, Sum: 139.5]
      [Code Root Scanning (ms): Min: 0.0, Avg: 0.0, Max: 0.0, Diff: 0.0, Sum: 0.0]
      [Object Copy (ms): Min: 133.3, Avg: 133.5, Max: 133.5, Diff: 0.2, Sum: 1067.7]
      [Termination (ms): Min: 0.0, Avg: 0.1, Max: 0.1, Diff: 0.1, Sum: 0.5]
         [Termination Attempts: Min: 1, Avg: 142.1, Max: 197, Diff: 196, Sum: 1137]
      [GC Worker Other (ms): Min: 0.0, Avg: 0.0, Max: 0.0, Diff: 0.0, Sum: 0.1]
      [GC Worker Total (ms): Min: 170.2, Avg: 171.3, Max: 171.5, Diff: 1.4, Sum: 1370.5]
      [GC Worker End (ms): Min: 94047.2, Avg: 94047.2, Max: 94047.2, Diff: 0.0]
   [Code Root Fixup: 0.0 ms]
   [Code Root Purge: 0.0 ms]
   [Clear CT: 0.2 ms]
   [Other: 1.0 ms]
      [Choose CSet: 0.0 ms]
      [Ref Proc: 0.2 ms]
      [Ref Enq: 0.0 ms]
      [Redirty Cards: 0.2 ms]
      [Humongous Register: 0.1 ms]
      [Humongous Reclaim: 0.0 ms]
      [Free CSet: 0.3 ms]
   [Eden: 275.0M(275.0M)->0.0B(276.0M) Survivors: 43.0M->40.0M Heap: 1046.8M(2048.0M)->1048.8M(2048.0M)]
 [Times: user=1.19 sys=0.02, real=0.17 secs] 
2020-09-29T12:12:29.100+0200: 94.069: [GC pause (G1 Humongous Allocation) (young) (initial-mark), 0.0496945 secs]
   [Parallel Time: 48.6 ms, GC Workers: 8]
      [GC Worker Start (ms): Min: 94069.4, Avg: 94069.5, Max: 94069.6, Diff: 0.2]
      [Ext Root Scanning (ms): Min: 0.0, Avg: 0.1, Max: 0.2, Diff: 0.2, Sum: 1.1]
      [Update RS (ms): Min: 22.5, Avg: 22.7, Max: 22.9, Diff: 0.4, Sum: 182.0]
         [Processed Buffers: Min: 25, Avg: 26.6, Max: 30, Diff: 5, Sum: 213]
      [Scan RS (ms): Min: 2.4, Avg: 2.5, Max: 2.8, Diff: 0.4, Sum: 20.3]
      [Code Root Scanning (ms): Min: 0.0, Avg: 0.0, Max: 0.0, Diff: 0.0, Sum: 0.0]
      [Object Copy (ms): Min: 22.8, Avg: 23.0, Max: 23.0, Diff: 0.2, Sum: 183.6]
      [Termination (ms): Min: 0.0, Avg: 0.0, Max: 0.0, Diff: 0.0, Sum: 0.1]
         [Termination Attempts: Min: 1, Avg: 47.3, Max: 63, Diff: 62, Sum: 378]
      [GC Worker Other (ms): Min: 0.0, Avg: 0.0, Max: 0.0, Diff: 0.0, Sum: 0.1]
      [GC Worker Total (ms): Min: 48.3, Avg: 48.4, Max: 48.5, Diff: 0.2, Sum: 387.2]
      [GC Worker End (ms): Min: 94117.9, Avg: 94117.9, Max: 94117.9, Diff: 0.0]
   [Code Root Fixup: 0.0 ms]
   [Code Root Purge: 0.0 ms]
   [Clear CT: 0.2 ms]
   [Other: 0.9 ms]
      [Choose CSet: 0.0 ms]
      [Ref Proc: 0.3 ms]
      [Ref Enq: 0.0 ms]
      [Redirty Cards: 0.2 ms]
      [Humongous Register: 0.1 ms]
      [Humongous Reclaim: 0.0 ms]
      [Free CSet: 0.1 ms]
   [Eden: 9216.0K(276.0M)->0.0B(318.0M) Survivors: 40.0M->11.0M Heap: 1057.8M(2048.0M)->1060.8M(2048.0M)]
 [Times: user=0.38 sys=0.00, real=0.05 secs] 
2020-09-29T12:12:29.149+0200: 94.119: [GC concurrent-root-region-scan-start]
2020-09-29T12:12:29.153+0200: 94.122: [GC concurrent-root-region-scan-end, 0.0032474 secs]
2020-09-29T12:12:29.153+0200: 94.122: [GC concurrent-mark-start]
2020-09-29T12:12:29.156+0200: 94.126: [GC concurrent-mark-end, 0.0035608 secs]
2020-09-29T12:12:29.157+0200: 94.126: [GC remark 2020-09-29T12:12:29.157+0200: 94.126: [Finalize Marking, 0.0001978 secs] 2020-09-29T12:12:29.157+0200: 94.126: [GC ref-proc, 0.0004514 secs] 2020-09-29T12:12:29.157+0200: 94.127: [Unloading, 0.0005920 secs], 0.0015955 secs]
 [Times: user=0.00 sys=0.00, real=0.00 secs] 
2020-09-29T12:12:29.159+0200: 94.128: [GC cleanup 1073M->33M(2048M), 0.0015212 secs]
 [Times: user=0.00 sys=0.00, real=0.00 secs] 
2020-09-29T12:12:29.160+0200: 94.130: [GC concurrent-cleanup-start]
2020-09-29T12:12:29.163+0200: 94.132: [GC concurrent-cleanup-end, 0.0026523 secs]
2020-09-29T12:12:29.375+0200: 94.344: [GC pause (G1 Evacuation Pause) (young), 0.1690726 secs]
   [Parallel Time: 167.9 ms, GC Workers: 8]
      [GC Worker Start (ms): Min: 94343.9, Avg: 94344.0, Max: 94344.0, Diff: 0.1]
      [Ext Root Scanning (ms): Min: 0.0, Avg: 0.1, Max: 0.1, Diff: 0.1, Sum: 0.7]
      [Update RS (ms): Min: 15.2, Avg: 15.4, Max: 15.9, Diff: 0.8, Sum: 123.4]
         [Processed Buffers: Min: 16, Avg: 16.8, Max: 18, Diff: 2, Sum: 134]
      [Scan RS (ms): Min: 14.2, Avg: 14.8, Max: 15.2, Diff: 1.0, Sum: 118.1]
      [Code Root Scanning (ms): Min: 0.0, Avg: 0.0, Max: 0.0, Diff: 0.0, Sum: 0.0]
      [Object Copy (ms): Min: 137.0, Avg: 137.3, Max: 137.5, Diff: 0.4, Sum: 1098.1]
      [Termination (ms): Min: 0.0, Avg: 0.1, Max: 0.2, Diff: 0.2, Sum: 0.9]
         [Termination Attempts: Min: 1, Avg: 623.4, Max: 802, Diff: 801, Sum: 4987]
      [GC Worker Other (ms): Min: 0.0, Avg: 0.0, Max: 0.1, Diff: 0.1, Sum: 0.4]
      [GC Worker Total (ms): Min: 167.6, Avg: 167.7, Max: 167.8, Diff: 0.2, Sum: 1341.5]
      [GC Worker End (ms): Min: 94511.6, Avg: 94511.7, Max: 94511.7, Diff: 0.1]
   [Code Root Fixup: 0.0 ms]
   [Code Root Purge: 0.0 ms]
   [Clear CT: 0.2 ms]
   [Other: 1.0 ms]
      [Choose CSet: 0.0 ms]
      [Ref Proc: 0.2 ms]
      [Ref Enq: 0.0 ms]
      [Redirty Cards: 0.2 ms]
      [Humongous Register: 0.0 ms]
      [Humongous Reclaim: 0.0 ms]
      [Free CSet: 0.3 ms]
   [Eden: 318.0M(318.0M)->0.0B(295.0M) Survivors: 11.0M->42.0M Heap: 391.9M(2048.0M)->383.4M(2048.0M)]
 [Times: user=1.34 sys=0.00, real=0.17 secs] 
2020-09-29T12:12:29.726+0200: 94.695: [GC pause (G1 Evacuation Pause) (young), 0.1873819 secs]
   [Parallel Time: 186.2 ms, GC Workers: 8]
      [GC Worker Start (ms): Min: 94695.4, Avg: 94695.4, Max: 94695.5, Diff: 0.2]
      [Ext Root Scanning (ms): Min: 0.0, Avg: 0.1, Max: 0.1, Diff: 0.1, Sum: 0.6]
      [Update RS (ms): Min: 17.9, Avg: 18.3, Max: 19.6, Diff: 1.7, Sum: 146.1]
         [Processed Buffers: Min: 0, Avg: 16.9, Max: 21, Diff: 21, Sum: 135]
      [Scan RS (ms): Min: 18.4, Avg: 19.8, Max: 20.3, Diff: 1.8, Sum: 158.2]
      [Code Root Scanning (ms): Min: 0.0, Avg: 0.0, Max: 0.0, Diff: 0.0, Sum: 0.0]
      [Object Copy (ms): Min: 147.7, Avg: 147.8, Max: 147.9, Diff: 0.2, Sum: 1182.5]
      [Termination (ms): Min: 0.0, Avg: 0.0, Max: 0.0, Diff: 0.0, Sum: 0.3]
         [Termination Attempts: Min: 1, Avg: 258.3, Max: 332, Diff: 331, Sum: 2066]
      [GC Worker Other (ms): Min: 0.0, Avg: 0.0, Max: 0.1, Diff: 0.1, Sum: 0.3]
      [GC Worker Total (ms): Min: 185.9, Avg: 186.0, Max: 186.1, Diff: 0.2, Sum: 1488.1]
      [GC Worker End (ms): Min: 94881.4, Avg: 94881.5, Max: 94881.5, Diff: 0.1]
   [Code Root Fixup: 0.0 ms]
   [Code Root Purge: 0.0 ms]
   [Clear CT: 0.2 ms]
   [Other: 1.0 ms]
      [Choose CSet: 0.0 ms]
      [Ref Proc: 0.2 ms]
      [Ref Enq: 0.0 ms]
      [Redirty Cards: 0.2 ms]
      [Humongous Register: 0.0 ms]
      [Humongous Reclaim: 0.0 ms]
      [Free CSet: 0.3 ms]
   [Eden: 295.0M(295.0M)->0.0B(280.0M) Survivors: 42.0M->43.0M Heap: 728.0M(2048.0M)->730.0M(2048.0M)]
 [Times: user=1.41 sys=0.00, real=0.19 secs] 
2020-09-29T12:12:30.080+0200: 95.050: [GC pause (G1 Evacuation Pause) (young), 0.2113106 secs]
   [Parallel Time: 210.0 ms, GC Workers: 8]
      [GC Worker Start (ms): Min: 95050.0, Avg: 95050.1, Max: 95050.1, Diff: 0.1]
      [Ext Root Scanning (ms): Min: 0.0, Avg: 0.1, Max: 0.1, Diff: 0.1, Sum: 0.7]
      [Update RS (ms): Min: 20.5, Avg: 20.6, Max: 20.9, Diff: 0.4, Sum: 165.2]
         [Processed Buffers: Min: 18, Avg: 20.9, Max: 23, Diff: 5, Sum: 167]
      [Scan RS (ms): Min: 18.0, Avg: 18.1, Max: 18.3, Diff: 0.3, Sum: 145.2]
      [Code Root Scanning (ms): Min: 0.0, Avg: 0.0, Max: 0.0, Diff: 0.0, Sum: 0.0]
      [Object Copy (ms): Min: 170.7, Avg: 170.8, Max: 170.9, Diff: 0.1, Sum: 1366.6]
      [Termination (ms): Min: 0.0, Avg: 0.1, Max: 0.1, Diff: 0.1, Sum: 0.7]
         [Termination Attempts: Min: 1, Avg: 573.6, Max: 763, Diff: 762, Sum: 4589]
      [GC Worker Other (ms): Min: 0.0, Avg: 0.0, Max: 0.1, Diff: 0.1, Sum: 0.4]
      [GC Worker Total (ms): Min: 209.8, Avg: 209.8, Max: 209.9, Diff: 0.2, Sum: 1678.8]
      [GC Worker End (ms): Min: 95259.9, Avg: 95259.9, Max: 95260.0, Diff: 0.1]
   [Code Root Fixup: 0.0 ms]
   [Code Root Purge: 0.0 ms]
   [Clear CT: 0.2 ms]
   [Other: 1.1 ms]
      [Choose CSet: 0.0 ms]
      [Ref Proc: 0.3 ms]
      [Ref Enq: 0.0 ms]
      [Redirty Cards: 0.3 ms]
      [Humongous Register: 0.0 ms]
      [Humongous Reclaim: 0.0 ms]
      [Free CSet: 0.3 ms]
   [Eden: 280.0M(280.0M)->0.0B(252.0M) Survivors: 43.0M->41.0M Heap: 1057.7M(2048.0M)->1060.2M(2048.0M)]
 [Times: user=1.51 sys=0.00, real=0.21 secs] 
2020-09-29T12:12:30.312+0200: 95.282: [GC pause (G1 Humongous Allocation) (young) (initial-mark), 0.0550379 secs]
   [Parallel Time: 54.1 ms, GC Workers: 8]
      [GC Worker Start (ms): Min: 95281.7, Avg: 95281.8, Max: 95281.9, Diff: 0.2]
      [Ext Root Scanning (ms): Min: 0.0, Avg: 0.2, Max: 0.4, Diff: 0.4, Sum: 2.0]
      [Update RS (ms): Min: 25.8, Avg: 26.1, Max: 26.7, Diff: 1.0, Sum: 209.1]
         [Processed Buffers: Min: 18, Avg: 28.1, Max: 31, Diff: 13, Sum: 225]
      [Scan RS (ms): Min: 2.1, Avg: 2.7, Max: 3.0, Diff: 0.9, Sum: 21.3]
      [Code Root Scanning (ms): Min: 0.0, Avg: 0.0, Max: 0.0, Diff: 0.0, Sum: 0.0]
      [Object Copy (ms): Min: 24.9, Avg: 24.9, Max: 24.9, Diff: 0.1, Sum: 199.2]
      [Termination (ms): Min: 0.0, Avg: 0.0, Max: 0.0, Diff: 0.0, Sum: 0.2]
         [Termination Attempts: Min: 1, Avg: 118.0, Max: 161, Diff: 160, Sum: 944]
      [GC Worker Other (ms): Min: 0.0, Avg: 0.0, Max: 0.0, Diff: 0.0, Sum: 0.1]
      [GC Worker Total (ms): Min: 53.9, Avg: 54.0, Max: 54.0, Diff: 0.2, Sum: 431.8]
      [GC Worker End (ms): Min: 95335.8, Avg: 95335.8, Max: 95335.8, Diff: 0.0]
   [Code Root Fixup: 0.0 ms]
   [Code Root Purge: 0.0 ms]
   [Clear CT: 0.1 ms]
   [Other: 0.8 ms]
      [Choose CSet: 0.0 ms]
      [Ref Proc: 0.1 ms]
      [Ref Enq: 0.0 ms]
      [Redirty Cards: 0.2 ms]
      [Humongous Register: 0.1 ms]
      [Humongous Reclaim: 0.0 ms]
      [Free CSet: 0.1 ms]
   [Eden: 12.0M(252.0M)->0.0B(294.0M) Survivors: 41.0M->14.0M Heap: 1071.7M(2048.0M)->1075.7M(2048.0M)]
 [Times: user=0.49 sys=0.00, real=0.06 secs] 
2020-09-29T12:12:30.367+0200: 95.337: [GC concurrent-root-region-scan-start]
2020-09-29T12:12:30.371+0200: 95.341: [GC concurrent-root-region-scan-end, 0.0039282 secs]
2020-09-29T12:12:30.371+0200: 95.341: [GC concurrent-mark-start]
2020-09-29T12:12:30.374+0200: 95.344: [GC concurrent-mark-end, 0.0028857 secs]
2020-09-29T12:12:30.374+0200: 95.344: [GC remark 2020-09-29T12:12:30.374+0200: 95.344: [Finalize Marking, 0.0001784 secs] 2020-09-29T12:12:30.374+0200: 95.344: [GC ref-proc, 0.0003768 secs] 2020-09-29T12:12:30.375+0200: 95.344: [Unloading, 0.0005001 secs], 0.0013856 secs]
 [Times: user=0.00 sys=0.00, real=0.00 secs] 
2020-09-29T12:12:30.376+0200: 95.346: [GC cleanup 1091M->39M(2048M), 0.0014979 secs]
 [Times: user=0.00 sys=0.00, real=0.00 secs] 
2020-09-29T12:12:30.378+0200: 95.347: [GC concurrent-cleanup-start]
2020-09-29T12:12:30.379+0200: 95.348: [GC concurrent-cleanup-end, 0.0012719 secs]
2020-09-29T12:12:30.547+0200: 95.516: [GC pause (G1 Evacuation Pause) (young), 0.1896725 secs]
   [Parallel Time: 188.5 ms, GC Workers: 8]
      [GC Worker Start (ms): Min: 95516.6, Avg: 95516.7, Max: 95516.7, Diff: 0.2]
      [Ext Root Scanning (ms): Min: 0.0, Avg: 0.1, Max: 0.2, Diff: 0.2, Sum: 0.6]
      [Update RS (ms): Min: 18.2, Avg: 18.4, Max: 18.8, Diff: 0.7, Sum: 147.0]
         [Processed Buffers: Min: 16, Avg: 17.1, Max: 19, Diff: 3, Sum: 137]
      [Scan RS (ms): Min: 16.0, Avg: 16.8, Max: 19.9, Diff: 3.9, Sum: 134.5]
      [Code Root Scanning (ms): Min: 0.0, Avg: 0.0, Max: 0.0, Diff: 0.0, Sum: 0.0]
      [Object Copy (ms): Min: 150.1, Avg: 152.9, Max: 153.4, Diff: 3.3, Sum: 1223.4]
      [Termination (ms): Min: 0.0, Avg: 0.0, Max: 0.0, Diff: 0.0, Sum: 0.3]
         [Termination Attempts: Min: 1, Avg: 228.0, Max: 278, Diff: 277, Sum: 1824]
      [GC Worker Other (ms): Min: 0.0, Avg: 0.0, Max: 0.1, Diff: 0.1, Sum: 0.4]
      [GC Worker Total (ms): Min: 188.2, Avg: 188.3, Max: 188.4, Diff: 0.2, Sum: 1506.2]
      [GC Worker End (ms): Min: 95704.9, Avg: 95704.9, Max: 95705.0, Diff: 0.1]
   [Code Root Fixup: 0.0 ms]
   [Code Root Purge: 0.0 ms]
   [Clear CT: 0.2 ms]
   [Other: 1.0 ms]
      [Choose CSet: 0.0 ms]
      [Ref Proc: 0.2 ms]
      [Ref Enq: 0.0 ms]
      [Redirty Cards: 0.3 ms]
      [Humongous Register: 0.0 ms]
      [Humongous Reclaim: 0.0 ms]
      [Free CSet: 0.3 ms]
   [Eden: 294.0M(294.0M)->0.0B(259.0M) Survivors: 14.0M->39.0M Heap: 367.1M(2048.0M)->355.6M(2048.0M)]
 [Times: user=1.36 sys=0.00, real=0.19 secs] 
2020-09-29T12:12:30.888+0200: 95.858: [GC pause (G1 Evacuation Pause) (young), 0.2249810 secs]
   [Parallel Time: 223.9 ms, GC Workers: 8]
      [GC Worker Start (ms): Min: 95857.9, Avg: 95857.9, Max: 95858.0, Diff: 0.2]
      [Ext Root Scanning (ms): Min: 0.0, Avg: 0.1, Max: 0.1, Diff: 0.1, Sum: 0.6]
      [Update RS (ms): Min: 19.7, Avg: 21.4, Max: 31.5, Diff: 11.8, Sum: 170.8]
         [Processed Buffers: Min: 0, Avg: 19.8, Max: 24, Diff: 24, Sum: 158]
      [Scan RS (ms): Min: 2.0, Avg: 15.9, Max: 43.5, Diff: 41.5, Sum: 127.3]
      [Code Root Scanning (ms): Min: 0.0, Avg: 0.0, Max: 0.0, Diff: 0.0, Sum: 0.0]
      [Object Copy (ms): Min: 160.3, Avg: 186.0, Max: 189.8, Diff: 29.5, Sum: 1487.6]
      [Termination (ms): Min: 0.0, Avg: 0.4, Max: 0.5, Diff: 0.5, Sum: 3.0]
         [Termination Attempts: Min: 1, Avg: 2842.1, Max: 3596, Diff: 3595, Sum: 22737]
      [GC Worker Other (ms): Min: 0.0, Avg: 0.0, Max: 0.1, Diff: 0.1, Sum: 0.3]
      [GC Worker Total (ms): Min: 223.6, Avg: 223.7, Max: 223.8, Diff: 0.2, Sum: 1789.6]
      [GC Worker End (ms): Min: 96081.6, Avg: 96081.7, Max: 96081.7, Diff: 0.1]
   [Code Root Fixup: 0.0 ms]
   [Code Root Purge: 0.0 ms]
   [Clear CT: 0.2 ms]
   [Other: 0.9 ms]
      [Choose CSet: 0.0 ms]
      [Ref Proc: 0.2 ms]
      [Ref Enq: 0.0 ms]
      [Redirty Cards: 0.2 ms]
      [Humongous Register: 0.0 ms]
      [Humongous Reclaim: 0.0 ms]
      [Free CSet: 0.2 ms]
   [Eden: 259.0M(259.0M)->0.0B(224.0M) Survivors: 39.0M->38.0M Heap: 658.5M(2048.0M)->660.5M(2048.0M)]
 [Times: user=1.59 sys=0.00, real=0.22 secs] 
2020-09-29T12:12:31.246+0200: 96.215: [GC pause (G1 Evacuation Pause) (young), 0.1331883 secs]
   [Parallel Time: 132.2 ms, GC Workers: 8]
      [GC Worker Start (ms): Min: 96215.2, Avg: 96215.5, Max: 96216.6, Diff: 1.4]
      [Ext Root Scanning (ms): Min: 0.0, Avg: 0.1, Max: 0.2, Diff: 0.2, Sum: 0.5]
      [Update RS (ms): Min: 14.9, Avg: 15.7, Max: 16.0, Diff: 1.1, Sum: 125.3]
         [Processed Buffers: Min: 16, Avg: 16.8, Max: 18, Diff: 2, Sum: 134]
      [Scan RS (ms): Min: 10.3, Avg: 10.7, Max: 11.0, Diff: 0.7, Sum: 85.3]
      [Code Root Scanning (ms): Min: 0.0, Avg: 0.0, Max: 0.0, Diff: 0.0, Sum: 0.0]
      [Object Copy (ms): Min: 105.3, Avg: 105.3, Max: 105.3, Diff: 0.1, Sum: 842.4]
      [Termination (ms): Min: 0.0, Avg: 0.0, Max: 0.0, Diff: 0.0, Sum: 0.3]
         [Termination Attempts: Min: 1, Avg: 250.3, Max: 337, Diff: 336, Sum: 2002]
      [GC Worker Other (ms): Min: 0.0, Avg: 0.0, Max: 0.1, Diff: 0.0, Sum: 0.3]
      [GC Worker Total (ms): Min: 130.7, Avg: 131.8, Max: 132.1, Diff: 1.4, Sum: 1054.0]
      [GC Worker End (ms): Min: 96347.3, Avg: 96347.3, Max: 96347.3, Diff: 0.1]
   [Code Root Fixup: 0.0 ms]
   [Code Root Purge: 0.0 ms]
   [Clear CT: 0.1 ms]
   [Other: 0.9 ms]
      [Choose CSet: 0.0 ms]
      [Ref Proc: 0.2 ms]
      [Ref Enq: 0.0 ms]
      [Redirty Cards: 0.2 ms]
      [Humongous Register: 0.0 ms]
      [Humongous Reclaim: 0.0 ms]
      [Free CSet: 0.3 ms]
   [Eden: 224.0M(224.0M)->0.0B(251.0M) Survivors: 38.0M->33.0M Heap: 920.7M(2048.0M)->922.2M(2048.0M)]
 [Times: user=0.97 sys=0.00, real=0.13 secs] 
2020-09-29T12:12:31.473+0200: 96.443: [GC pause (G1 Humongous Allocation) (young) (initial-mark), 0.1114260 secs]
   [Parallel Time: 110.2 ms, GC Workers: 8]
      [GC Worker Start (ms): Min: 96442.8, Avg: 96442.9, Max: 96443.0, Diff: 0.2]
      [Ext Root Scanning (ms): Min: 0.0, Avg: 4.4, Max: 10.9, Diff: 10.9, Sum: 35.0]
      [Update RS (ms): Min: 11.9, Avg: 18.7, Max: 24.4, Diff: 12.4, Sum: 149.7]
         [Processed Buffers: Min: 11, Avg: 17.3, Max: 22, Diff: 11, Sum: 138]
      [Scan RS (ms): Min: 3.1, Avg: 4.6, Max: 5.0, Diff: 1.8, Sum: 36.6]
      [Code Root Scanning (ms): Min: 0.0, Avg: 0.0, Max: 0.0, Diff: 0.0, Sum: 0.0]
      [Object Copy (ms): Min: 82.2, Avg: 82.3, Max: 82.4, Diff: 0.1, Sum: 658.4]
      [Termination (ms): Min: 0.0, Avg: 0.1, Max: 0.1, Diff: 0.1, Sum: 0.5]
         [Termination Attempts: Min: 1, Avg: 373.1, Max: 473, Diff: 472, Sum: 2985]
      [GC Worker Other (ms): Min: 0.0, Avg: 0.0, Max: 0.1, Diff: 0.1, Sum: 0.3]
      [GC Worker Total (ms): Min: 109.9, Avg: 110.0, Max: 110.1, Diff: 0.2, Sum: 880.4]
      [GC Worker End (ms): Min: 96552.9, Avg: 96552.9, Max: 96553.0, Diff: 0.1]
   [Code Root Fixup: 0.0 ms]
   [Code Root Purge: 0.0 ms]
   [Clear CT: 0.2 ms]
   [Other: 1.0 ms]
      [Choose CSet: 0.0 ms]
      [Ref Proc: 0.2 ms]
      [Ref Enq: 0.0 ms]
      [Redirty Cards: 0.2 ms]
      [Humongous Register: 0.1 ms]
      [Humongous Reclaim: 0.0 ms]
      [Free CSet: 0.2 ms]
   [Eden: 139.0M(251.0M)->0.0B(258.0M) Survivors: 33.0M->36.0M Heap: 1084.1M(2048.0M)->1085.1M(2048.0M)]
 [Times: user=0.86 sys=0.00, real=0.11 secs] 
2020-09-29T12:12:31.585+0200: 96.554: [GC concurrent-root-region-scan-start]
2020-09-29T12:12:31.597+0200: 96.567: [GC concurrent-root-region-scan-end, 0.0124857 secs]
2020-09-29T12:12:31.597+0200: 96.567: [GC concurrent-mark-start]
2020-09-29T12:12:31.601+0200: 96.570: [GC concurrent-mark-end, 0.0031370 secs]
2020-09-29T12:12:31.601+0200: 96.570: [GC remark 2020-09-29T12:12:31.601+0200: 96.570: [Finalize Marking, 0.0001536 secs] 2020-09-29T12:12:31.601+0200: 96.570: [GC ref-proc, 0.0002905 secs] 2020-09-29T12:12:31.601+0200: 96.570: [Unloading, 0.0004918 secs], 0.0013375 secs]
 [Times: user=0.00 sys=0.00, real=0.00 secs] 
2020-09-29T12:12:31.603+0200: 96.572: [GC cleanup 1105M->66M(2048M), 0.0017443 secs]
 [Times: user=0.00 sys=0.00, real=0.00 secs] 
2020-09-29T12:12:31.604+0200: 96.574: [GC concurrent-cleanup-start]
2020-09-29T12:12:31.606+0200: 96.575: [GC concurrent-cleanup-end, 0.0017159 secs]
2020-09-29T12:12:31.755+0200: 96.724: [GC pause (G1 Evacuation Pause) (young), 0.1625109 secs]
   [Parallel Time: 161.4 ms, GC Workers: 8]
      [GC Worker Start (ms): Min: 96724.6, Avg: 96724.6, Max: 96724.7, Diff: 0.1]
      [Ext Root Scanning (ms): Min: 0.0, Avg: 0.1, Max: 0.1, Diff: 0.1, Sum: 0.7]
      [Update RS (ms): Min: 26.5, Avg: 27.3, Max: 31.8, Diff: 5.3, Sum: 218.2]
         [Processed Buffers: Min: 0, Avg: 22.5, Max: 29, Diff: 29, Sum: 180]
      [Scan RS (ms): Min: 6.1, Avg: 10.7, Max: 11.4, Diff: 5.3, Sum: 85.4]
      [Code Root Scanning (ms): Min: 0.0, Avg: 0.0, Max: 0.0, Diff: 0.0, Sum: 0.0]
      [Object Copy (ms): Min: 123.1, Avg: 123.1, Max: 123.2, Diff: 0.1, Sum: 984.9]
      [Termination (ms): Min: 0.0, Avg: 0.0, Max: 0.1, Diff: 0.0, Sum: 0.4]
         [Termination Attempts: Min: 1, Avg: 213.8, Max: 281, Diff: 280, Sum: 1710]
      [GC Worker Other (ms): Min: 0.0, Avg: 0.0, Max: 0.0, Diff: 0.0, Sum: 0.1]
      [GC Worker Total (ms): Min: 161.2, Avg: 161.2, Max: 161.3, Diff: 0.1, Sum: 1289.7]
      [GC Worker End (ms): Min: 96885.9, Avg: 96885.9, Max: 96885.9, Diff: 0.0]
   [Code Root Fixup: 0.0 ms]
   [Code Root Purge: 0.0 ms]
   [Clear CT: 0.2 ms]
   [Other: 0.9 ms]
      [Choose CSet: 0.0 ms]
      [Ref Proc: 0.1 ms]
      [Ref Enq: 0.0 ms]
      [Redirty Cards: 0.2 ms]
      [Humongous Register: 0.0 ms]
      [Humongous Reclaim: 0.0 ms]
      [Free CSet: 0.3 ms]
   [Eden: 258.0M(258.0M)->0.0B(268.0M) Survivors: 36.0M->37.0M Heap: 347.9M(2048.0M)->313.9M(2048.0M)]
 [Times: user=1.16 sys=0.00, real=0.16 secs] 
2020-09-29T12:12:32.089+0200: 97.058: [GC pause (G1 Evacuation Pause) (young), 0.1497714 secs]
   [Parallel Time: 148.5 ms, GC Workers: 8]
      [GC Worker Start (ms): Min: 97057.9, Avg: 97057.9, Max: 97058.0, Diff: 0.1]
      [Ext Root Scanning (ms): Min: 0.0, Avg: 0.1, Max: 0.1, Diff: 0.1, Sum: 0.7]
      [Update RS (ms): Min: 16.2, Avg: 16.4, Max: 16.6, Diff: 0.4, Sum: 131.3]
         [Processed Buffers: Min: 17, Avg: 17.9, Max: 20, Diff: 3, Sum: 143]
      [Scan RS (ms): Min: 12.7, Avg: 12.9, Max: 13.1, Diff: 0.4, Sum: 103.0]
      [Code Root Scanning (ms): Min: 0.0, Avg: 0.0, Max: 0.0, Diff: 0.0, Sum: 0.0]
      [Object Copy (ms): Min: 118.8, Avg: 118.9, Max: 119.0, Diff: 0.1, Sum: 951.2]
      [Termination (ms): Min: 0.0, Avg: 0.0, Max: 0.0, Diff: 0.0, Sum: 0.2]
         [Termination Attempts: Min: 1, Avg: 124.3, Max: 179, Diff: 178, Sum: 994]
      [GC Worker Other (ms): Min: 0.0, Avg: 0.0, Max: 0.1, Diff: 0.1, Sum: 0.3]
      [GC Worker Total (ms): Min: 148.3, Avg: 148.3, Max: 148.4, Diff: 0.1, Sum: 1186.8]
      [GC Worker End (ms): Min: 97206.2, Avg: 97206.3, Max: 97206.3, Diff: 0.1]
   [Code Root Fixup: 0.0 ms]
   [Code Root Purge: 0.0 ms]
   [Clear CT: 0.2 ms]
   [Other: 1.1 ms]
      [Choose CSet: 0.0 ms]
      [Ref Proc: 0.2 ms]
      [Ref Enq: 0.0 ms]
      [Redirty Cards: 0.3 ms]
      [Humongous Register: 0.1 ms]
      [Humongous Reclaim: 0.0 ms]
      [Free CSet: 0.3 ms]
   [Eden: 268.0M(268.0M)->0.0B(283.0M) Survivors: 37.0M->39.0M Heap: 625.7M(2048.0M)->628.2M(2048.0M)]
 [Times: user=1.11 sys=0.00, real=0.15 secs] 
2020-09-29T12:12:32.419+0200: 97.388: [GC pause (G1 Evacuation Pause) (young), 0.1616430 secs]
   [Parallel Time: 160.5 ms, GC Workers: 8]
      [GC Worker Start (ms): Min: 97387.9, Avg: 97388.0, Max: 97388.1, Diff: 0.2]
      [Ext Root Scanning (ms): Min: 0.0, Avg: 0.1, Max: 0.2, Diff: 0.2, Sum: 0.7]
      [Update RS (ms): Min: 16.6, Avg: 16.7, Max: 16.9, Diff: 0.4, Sum: 133.5]
         [Processed Buffers: Min: 17, Avg: 18.5, Max: 20, Diff: 3, Sum: 148]
      [Scan RS (ms): Min: 14.4, Avg: 14.6, Max: 14.9, Diff: 0.5, Sum: 117.1]
      [Code Root Scanning (ms): Min: 0.0, Avg: 0.0, Max: 0.0, Diff: 0.0, Sum: 0.0]
      [Object Copy (ms): Min: 128.7, Avg: 128.8, Max: 128.8, Diff: 0.2, Sum: 1030.1]
      [Termination (ms): Min: 0.0, Avg: 0.1, Max: 0.1, Diff: 0.1, Sum: 0.5]
         [Termination Attempts: Min: 1, Avg: 408.9, Max: 554, Diff: 553, Sum: 3271]
      [GC Worker Other (ms): Min: 0.0, Avg: 0.0, Max: 0.1, Diff: 0.1, Sum: 0.4]
      [GC Worker Total (ms): Min: 160.2, Avg: 160.3, Max: 160.4, Diff: 0.2, Sum: 1282.2]
      [GC Worker End (ms): Min: 97548.2, Avg: 97548.2, Max: 97548.3, Diff: 0.1]
   [Code Root Fixup: 0.0 ms]
   [Code Root Purge: 0.0 ms]
   [Clear CT: 0.1 ms]
   [Other: 1.0 ms]
      [Choose CSet: 0.0 ms]
      [Ref Proc: 0.1 ms]
      [Ref Enq: 0.0 ms]
      [Redirty Cards: 0.3 ms]
      [Humongous Register: 0.0 ms]
      [Humongous Reclaim: 0.0 ms]
      [Free CSet: 0.3 ms]
   [Eden: 283.0M(283.0M)->0.0B(293.0M) Survivors: 39.0M->41.0M Heap: 958.9M(2048.0M)->961.4M(2048.0M)]
 [Times: user=1.09 sys=0.03, real=0.16 secs] 
2020-09-29T12:12:32.589+0200: 97.559: [GC pause (G1 Humongous Allocation) (young) (initial-mark), 0.0575420 secs]
   [Parallel Time: 56.4 ms, GC Workers: 8]
      [GC Worker Start (ms): Min: 97558.8, Avg: 97558.8, Max: 97558.9, Diff: 0.1]
      [Ext Root Scanning (ms): Min: 0.0, Avg: 0.1, Max: 0.1, Diff: 0.1, Sum: 0.7]
      [Update RS (ms): Min: 33.4, Avg: 33.6, Max: 34.0, Diff: 0.6, Sum: 268.5]
         [Processed Buffers: Min: 38, Avg: 40.9, Max: 44, Diff: 6, Sum: 327]
      [Scan RS (ms): Min: 2.2, Avg: 2.6, Max: 2.8, Diff: 0.6, Sum: 20.6]
      [Code Root Scanning (ms): Min: 0.0, Avg: 0.0, Max: 0.0, Diff: 0.0, Sum: 0.0]
      [Object Copy (ms): Min: 19.7, Avg: 19.9, Max: 20.0, Diff: 0.4, Sum: 159.5]
      [Termination (ms): Min: 0.0, Avg: 0.1, Max: 0.4, Diff: 0.4, Sum: 0.7]
         [Termination Attempts: Min: 1, Avg: 345.4, Max: 460, Diff: 459, Sum: 2763]
      [GC Worker Other (ms): Min: 0.0, Avg: 0.0, Max: 0.0, Diff: 0.0, Sum: 0.1]
      [GC Worker Total (ms): Min: 56.2, Avg: 56.3, Max: 56.3, Diff: 0.1, Sum: 450.3]
      [GC Worker End (ms): Min: 97615.1, Avg: 97615.1, Max: 97615.1, Diff: 0.0]
   [Code Root Fixup: 0.0 ms]
   [Code Root Purge: 0.0 ms]
   [Clear CT: 0.2 ms]
   [Other: 0.9 ms]
      [Choose CSet: 0.0 ms]
      [Ref Proc: 0.2 ms]
      [Ref Enq: 0.0 ms]
      [Redirty Cards: 0.2 ms]
      [Humongous Register: 0.1 ms]
      [Humongous Reclaim: 0.0 ms]
      [Free CSet: 0.1 ms]
   [Eden: 4096.0K(293.0M)->0.0B(327.0M) Survivors: 41.0M->7168.0K Heap: 965.4M(2048.0M)->970.4M(2048.0M)]
 [Times: user=0.50 sys=0.00, real=0.06 secs] 
2020-09-29T12:12:32.647+0200: 97.616: [GC concurrent-root-region-scan-start]
2020-09-29T12:12:32.649+0200: 97.618: [GC concurrent-root-region-scan-end, 0.0014258 secs]
2020-09-29T12:12:32.649+0200: 97.618: [GC concurrent-mark-start]
2020-09-29T12:12:32.652+0200: 97.621: [GC concurrent-mark-end, 0.0031804 secs]
2020-09-29T12:12:32.652+0200: 97.621: [GC remark 2020-09-29T12:12:32.652+0200: 97.621: [Finalize Marking, 0.0002451 secs] 2020-09-29T12:12:32.652+0200: 97.622: [GC ref-proc, 0.0003312 secs] 2020-09-29T12:12:32.653+0200: 97.622: [Unloading, 0.0005846 secs], 0.0015486 secs]
 [Times: user=0.00 sys=0.00, real=0.00 secs] 
2020-09-29T12:12:32.654+0200: 97.623: [GC cleanup 982M->28M(2048M), 0.0012828 secs]
 [Times: user=0.00 sys=0.00, real=0.00 secs] 
2020-09-29T12:12:32.655+0200: 97.625: [GC concurrent-cleanup-start]
2020-09-29T12:12:32.657+0200: 97.627: [GC concurrent-cleanup-end, 0.0019265 secs]
2020-09-29T12:12:32.850+0200: 97.820: [GC pause (G1 Evacuation Pause) (young), 0.1968602 secs]
   [Parallel Time: 195.6 ms, GC Workers: 8]
      [GC Worker Start (ms): Min: 97820.1, Avg: 97820.1, Max: 97820.2, Diff: 0.1]
      [Ext Root Scanning (ms): Min: 0.0, Avg: 0.1, Max: 0.1, Diff: 0.1, Sum: 0.6]
      [Update RS (ms): Min: 17.5, Avg: 17.8, Max: 18.1, Diff: 0.5, Sum: 142.2]
         [Processed Buffers: Min: 18, Avg: 20.0, Max: 22, Diff: 4, Sum: 160]
      [Scan RS (ms): Min: 14.1, Avg: 14.5, Max: 15.0, Diff: 0.9, Sum: 115.9]
      [Code Root Scanning (ms): Min: 0.0, Avg: 0.0, Max: 0.0, Diff: 0.0, Sum: 0.0]
      [Object Copy (ms): Min: 161.9, Avg: 162.3, Max: 162.7, Diff: 0.8, Sum: 1298.1]
      [Termination (ms): Min: 0.0, Avg: 0.7, Max: 1.1, Diff: 1.1, Sum: 5.8]
         [Termination Attempts: Min: 1, Avg: 4227.1, Max: 5855, Diff: 5854, Sum: 33817]
      [GC Worker Other (ms): Min: 0.0, Avg: 0.0, Max: 0.1, Diff: 0.1, Sum: 0.3]
      [GC Worker Total (ms): Min: 195.3, Avg: 195.4, Max: 195.5, Diff: 0.2, Sum: 1563.0]
      [GC Worker End (ms): Min: 98015.5, Avg: 98015.5, Max: 98015.5, Diff: 0.1]
   [Code Root Fixup: 0.0 ms]
   [Code Root Purge: 0.0 ms]
   [Clear CT: 0.2 ms]
   [Other: 1.1 ms]
      [Choose CSet: 0.0 ms]
      [Ref Proc: 0.2 ms]
      [Ref Enq: 0.0 ms]
      [Redirty Cards: 0.2 ms]
      [Humongous Register: 0.0 ms]
      [Humongous Reclaim: 0.0 ms]
      [Free CSet: 0.3 ms]
   [Eden: 327.0M(327.0M)->0.0B(280.0M) Survivors: 7168.0K->42.0M Heap: 398.8M(2048.0M)->394.3M(2048.0M)]
 [Times: user=1.39 sys=0.02, real=0.20 secs] 
2020-09-29T12:12:33.240+0200: 98.210: [GC pause (G1 Evacuation Pause) (young), 0.1672401 secs]
   [Parallel Time: 166.0 ms, GC Workers: 8]
      [GC Worker Start (ms): Min: 98209.8, Avg: 98209.9, Max: 98210.0, Diff: 0.1]
      [Ext Root Scanning (ms): Min: 0.0, Avg: 0.1, Max: 0.1, Diff: 0.1, Sum: 0.6]
      [Update RS (ms): Min: 21.0, Avg: 21.1, Max: 21.3, Diff: 0.4, Sum: 168.6]
         [Processed Buffers: Min: 21, Avg: 24.4, Max: 26, Diff: 5, Sum: 195]
      [Scan RS (ms): Min: 12.8, Avg: 13.1, Max: 13.4, Diff: 0.6, Sum: 104.9]
      [Code Root Scanning (ms): Min: 0.0, Avg: 0.0, Max: 0.0, Diff: 0.0, Sum: 0.0]
      [Object Copy (ms): Min: 131.2, Avg: 131.3, Max: 131.5, Diff: 0.3, Sum: 1050.8]
      [Termination (ms): Min: 0.0, Avg: 0.1, Max: 0.2, Diff: 0.2, Sum: 0.7]
         [Termination Attempts: Min: 1, Avg: 484.4, Max: 636, Diff: 635, Sum: 3875]
      [GC Worker Other (ms): Min: 0.0, Avg: 0.0, Max: 0.1, Diff: 0.1, Sum: 0.3]
      [GC Worker Total (ms): Min: 165.7, Avg: 165.7, Max: 165.8, Diff: 0.1, Sum: 1325.9]
      [GC Worker End (ms): Min: 98375.6, Avg: 98375.6, Max: 98375.7, Diff: 0.1]
   [Code Root Fixup: 0.0 ms]
   [Code Root Purge: 0.0 ms]
   [Clear CT: 0.2 ms]
   [Other: 1.1 ms]
      [Choose CSet: 0.0 ms]
      [Ref Proc: 0.2 ms]
      [Ref Enq: 0.0 ms]
      [Redirty Cards: 0.3 ms]
      [Humongous Register: 0.0 ms]
      [Humongous Reclaim: 0.0 ms]
      [Free CSet: 0.3 ms]
   [Eden: 280.0M(280.0M)->0.0B(285.0M) Survivors: 42.0M->41.0M Heap: 722.0M(2048.0M)->724.0M(2048.0M)]
 [Times: user=1.22 sys=0.00, real=0.17 secs] 
2020-09-29T12:12:33.613+0200: 98.582: [GC pause (G1 Evacuation Pause) (young), 0.2008803 secs]
   [Parallel Time: 199.6 ms, GC Workers: 8]
      [GC Worker Start (ms): Min: 98582.6, Avg: 98582.7, Max: 98582.8, Diff: 0.2]
      [Ext Root Scanning (ms): Min: 0.0, Avg: 0.1, Max: 0.2, Diff: 0.1, Sum: 0.7]
      [Update RS (ms): Min: 22.6, Avg: 23.9, Max: 31.1, Diff: 8.6, Sum: 191.5]
         [Processed Buffers: Min: 0, Avg: 19.6, Max: 25, Diff: 25, Sum: 157]
      [Scan RS (ms): Min: 9.4, Avg: 16.6, Max: 18.0, Diff: 8.7, Sum: 132.5]
      [Code Root Scanning (ms): Min: 0.0, Avg: 0.0, Max: 0.0, Diff: 0.0, Sum: 0.0]
      [Object Copy (ms): Min: 158.6, Avg: 158.7, Max: 158.9, Diff: 0.2, Sum: 1269.9]
      [Termination (ms): Min: 0.0, Avg: 0.1, Max: 0.2, Diff: 0.2, Sum: 0.8]
         [Termination Attempts: Min: 1, Avg: 766.5, Max: 960, Diff: 959, Sum: 6132]
      [GC Worker Other (ms): Min: 0.0, Avg: 0.0, Max: 0.1, Diff: 0.0, Sum: 0.3]
      [GC Worker Total (ms): Min: 199.4, Avg: 199.5, Max: 199.5, Diff: 0.2, Sum: 1595.8]
      [GC Worker End (ms): Min: 98782.1, Avg: 98782.1, Max: 98782.2, Diff: 0.0]
   [Code Root Fixup: 0.0 ms]
   [Code Root Purge: 0.0 ms]
   [Clear CT: 0.1 ms]
   [Other: 1.1 ms]
      [Choose CSet: 0.0 ms]
      [Ref Proc: 0.2 ms]
      [Ref Enq: 0.0 ms]
      [Redirty Cards: 0.3 ms]
      [Humongous Register: 0.1 ms]
      [Humongous Reclaim: 0.0 ms]
      [Free CSet: 0.3 ms]
   [Eden: 285.0M(285.0M)->0.0B(262.0M) Survivors: 41.0M->41.0M Heap: 1054.8M(2048.0M)->1056.3M(2048.0M)]
 [Times: user=1.56 sys=0.00, real=0.20 secs] 
2020-09-29T12:12:33.831+0200: 98.801: [GC pause (G1 Humongous Allocation) (young) (initial-mark), 0.0465983 secs]
   [Parallel Time: 43.4 ms, GC Workers: 8]
      [GC Worker Start (ms): Min: 98801.4, Avg: 98801.4, Max: 98801.5, Diff: 0.2]
      [Ext Root Scanning (ms): Min: 0.0, Avg: 0.2, Max: 0.2, Diff: 0.2, Sum: 1.3]
      [Update RS (ms): Min: 23.3, Avg: 23.6, Max: 24.2, Diff: 0.9, Sum: 189.0]
         [Processed Buffers: Min: 25, Avg: 27.9, Max: 29, Diff: 4, Sum: 223]
      [Scan RS (ms): Min: 2.1, Avg: 2.5, Max: 2.7, Diff: 0.7, Sum: 20.1]
      [Code Root Scanning (ms): Min: 0.0, Avg: 0.0, Max: 0.0, Diff: 0.0, Sum: 0.0]
      [Object Copy (ms): Min: 16.9, Avg: 16.9, Max: 17.0, Diff: 0.1, Sum: 135.4]
      [Termination (ms): Min: 0.0, Avg: 0.0, Max: 0.0, Diff: 0.0, Sum: 0.1]
         [Termination Attempts: Min: 1, Avg: 55.3, Max: 73, Diff: 72, Sum: 442]
      [GC Worker Other (ms): Min: 0.0, Avg: 0.0, Max: 0.0, Diff: 0.0, Sum: 0.1]
      [GC Worker Total (ms): Min: 43.2, Avg: 43.3, Max: 43.3, Diff: 0.2, Sum: 346.0]
      [GC Worker End (ms): Min: 98844.7, Avg: 98844.7, Max: 98844.7, Diff: 0.0]
   [Code Root Fixup: 0.0 ms]
   [Code Root Purge: 0.0 ms]
   [Clear CT: 2.4 ms]
   [Other: 0.8 ms]
      [Choose CSet: 0.0 ms]
      [Ref Proc: 0.2 ms]
      [Ref Enq: 0.0 ms]
      [Redirty Cards: 0.1 ms]
      [Humongous Register: 0.1 ms]
      [Humongous Reclaim: 0.0 ms]
      [Free CSet: 0.1 ms]
   [Eden: 1024.0K(262.0M)->0.0B(334.0M) Survivors: 41.0M->3072.0K Heap: 1057.3M(2048.0M)->1060.8M(2048.0M)]
 [Times: user=0.27 sys=0.00, real=0.05 secs] 
2020-09-29T12:12:33.878+0200: 98.848: [GC concurrent-root-region-scan-start]
2020-09-29T12:12:33.879+0200: 98.848: [GC concurrent-root-region-scan-end, 0.0004617 secs]
2020-09-29T12:12:33.879+0200: 98.848: [GC concurrent-mark-start]
2020-09-29T12:12:33.882+0200: 98.852: [GC concurrent-mark-end, 0.0035160 secs]
2020-09-29T12:12:33.883+0200: 98.853: [GC remark 2020-09-29T12:12:33.883+0200: 98.853: [Finalize Marking, 0.0007638 secs] 2020-09-29T12:12:33.884+0200: 98.853: [GC ref-proc, 0.0004152 secs] 2020-09-29T12:12:33.885+0200: 98.854: [Unloading, 0.0005657 secs], 0.0021665 secs]
 [Times: user=0.00 sys=0.00, real=0.00 secs] 
2020-09-29T12:12:33.886+0200: 98.855: [GC cleanup 1069M->21M(2048M), 0.0040892 secs]
 [Times: user=0.00 sys=0.00, real=0.00 secs] 
2020-09-29T12:12:33.890+0200: 98.859: [GC concurrent-cleanup-start]
2020-09-29T12:12:33.892+0200: 98.861: [GC concurrent-cleanup-end, 0.0019172 secs]
2020-09-29T12:12:34.096+0200: 99.065: [GC pause (G1 Evacuation Pause) (young), 0.1973847 secs]
   [Parallel Time: 196.1 ms, GC Workers: 8]
      [GC Worker Start (ms): Min: 99065.1, Avg: 99069.1, Max: 99096.8, Diff: 31.7]
      [Ext Root Scanning (ms): Min: 0.0, Avg: 0.1, Max: 0.1, Diff: 0.1, Sum: 0.7]
      [Update RS (ms): Min: 0.0, Avg: 14.4, Max: 16.5, Diff: 16.5, Sum: 115.2]
         [Processed Buffers: Min: 0, Avg: 16.3, Max: 20, Diff: 20, Sum: 130]
      [Scan RS (ms): Min: 3.7, Avg: 17.0, Max: 19.4, Diff: 15.7, Sum: 135.9]
      [Code Root Scanning (ms): Min: 0.0, Avg: 0.0, Max: 0.0, Diff: 0.0, Sum: 0.0]
      [Object Copy (ms): Min: 159.9, Avg: 160.4, Max: 160.5, Diff: 0.6, Sum: 1283.1]
      [Termination (ms): Min: 0.0, Avg: 0.0, Max: 0.1, Diff: 0.1, Sum: 0.4]
         [Termination Attempts: Min: 1, Avg: 387.9, Max: 479, Diff: 478, Sum: 3103]
      [GC Worker Other (ms): Min: 0.0, Avg: 0.0, Max: 0.1, Diff: 0.1, Sum: 0.4]
      [GC Worker Total (ms): Min: 164.2, Avg: 192.0, Max: 195.9, Diff: 31.7, Sum: 1535.7]
      [GC Worker End (ms): Min: 99261.0, Avg: 99261.1, Max: 99261.1, Diff: 0.1]
   [Code Root Fixup: 0.0 ms]
   [Code Root Purge: 0.0 ms]
   [Clear CT: 0.2 ms]
   [Other: 1.1 ms]
      [Choose CSet: 0.0 ms]
      [Ref Proc: 0.2 ms]
      [Ref Enq: 0.0 ms]
      [Redirty Cards: 0.2 ms]
      [Humongous Register: 0.1 ms]
      [Humongous Reclaim: 0.0 ms]
      [Free CSet: 0.3 ms]
   [Eden: 334.0M(334.0M)->0.0B(277.0M) Survivors: 3072.0K->43.0M Heap: 403.7M(2048.0M)->403.2M(2048.0M)]
 [Times: user=1.48 sys=0.03, real=0.20 secs] 
2020-09-29T12:12:34.485+0200: 99.454: [GC pause (G1 Evacuation Pause) (young), 0.2093668 secs]
   [Parallel Time: 208.2 ms, GC Workers: 8]
      [GC Worker Start (ms): Min: 99454.2, Avg: 99454.2, Max: 99454.3, Diff: 0.1]
      [Ext Root Scanning (ms): Min: 0.0, Avg: 0.1, Max: 0.1, Diff: 0.1, Sum: 0.6]
      [Update RS (ms): Min: 16.4, Avg: 17.9, Max: 27.8, Diff: 11.4, Sum: 142.8]
         [Processed Buffers: Min: 0, Avg: 17.8, Max: 22, Diff: 22, Sum: 142]
      [Scan RS (ms): Min: 7.4, Avg: 17.3, Max: 19.2, Diff: 11.8, Sum: 138.6]
      [Code Root Scanning (ms): Min: 0.0, Avg: 0.0, Max: 0.0, Diff: 0.0, Sum: 0.0]
      [Object Copy (ms): Min: 172.4, Avg: 172.5, Max: 172.6, Diff: 0.2, Sum: 1380.1]
      [Termination (ms): Min: 0.0, Avg: 0.2, Max: 0.3, Diff: 0.3, Sum: 1.9]
         [Termination Attempts: Min: 1, Avg: 1884.9, Max: 2324, Diff: 2323, Sum: 15079]
      [GC Worker Other (ms): Min: 0.0, Avg: 0.0, Max: 0.1, Diff: 0.1, Sum: 0.3]
      [GC Worker Total (ms): Min: 208.0, Avg: 208.0, Max: 208.1, Diff: 0.1, Sum: 1664.4]
      [GC Worker End (ms): Min: 99662.3, Avg: 99662.3, Max: 99662.3, Diff: 0.1]
   [Code Root Fixup: 0.0 ms]
   [Code Root Purge: 0.0 ms]
   [Clear CT: 0.2 ms]
   [Other: 1.0 ms]
      [Choose CSet: 0.0 ms]
      [Ref Proc: 0.2 ms]
      [Ref Enq: 0.0 ms]
      [Redirty Cards: 0.2 ms]
      [Humongous Register: 0.1 ms]
      [Humongous Reclaim: 0.0 ms]
      [Free CSet: 0.3 ms]
   [Eden: 277.0M(277.0M)->0.0B(250.0M) Survivors: 43.0M->40.0M Heap: 726.0M(2048.0M)->728.5M(2048.0M)]
 [Times: user=1.56 sys=0.02, real=0.21 secs] 
2020-09-29T12:12:34.870+0200: 99.840: [GC pause (G1 Evacuation Pause) (young), 0.1462735 secs]
   [Parallel Time: 145.2 ms, GC Workers: 8]
      [GC Worker Start (ms): Min: 99839.6, Avg: 99839.7, Max: 99839.7, Diff: 0.1]
      [Ext Root Scanning (ms): Min: 0.0, Avg: 0.1, Max: 0.1, Diff: 0.1, Sum: 0.7]
      [Update RS (ms): Min: 14.6, Avg: 14.7, Max: 14.8, Diff: 0.2, Sum: 117.6]
         [Processed Buffers: Min: 16, Avg: 18.1, Max: 22, Diff: 6, Sum: 145]
      [Scan RS (ms): Min: 12.1, Avg: 12.3, Max: 12.4, Diff: 0.3, Sum: 98.2]
      [Code Root Scanning (ms): Min: 0.0, Avg: 0.0, Max: 0.0, Diff: 0.0, Sum: 0.0]
      [Object Copy (ms): Min: 117.9, Avg: 118.0, Max: 118.0, Diff: 0.1, Sum: 943.6]
      [Termination (ms): Min: 0.0, Avg: 0.0, Max: 0.0, Diff: 0.0, Sum: 0.0]
         [Termination Attempts: Min: 1, Avg: 3.8, Max: 7, Diff: 6, Sum: 30]
      [GC Worker Other (ms): Min: 0.0, Avg: 0.0, Max: 0.1, Diff: 0.1, Sum: 0.3]
      [GC Worker Total (ms): Min: 145.0, Avg: 145.0, Max: 145.1, Diff: 0.1, Sum: 1160.3]
      [GC Worker End (ms): Min: 99984.7, Avg: 99984.7, Max: 99984.8, Diff: 0.1]
   [Code Root Fixup: 0.0 ms]
   [Code Root Purge: 0.0 ms]
   [Clear CT: 0.1 ms]
   [Other: 0.9 ms]
      [Choose CSet: 0.0 ms]
      [Ref Proc: 0.2 ms]
      [Ref Enq: 0.0 ms]
      [Redirty Cards: 0.2 ms]
      [Humongous Register: 0.0 ms]
      [Humongous Reclaim: 0.0 ms]
      [Free CSet: 0.3 ms]
   [Eden: 250.0M(250.0M)->0.0B(270.0M) Survivors: 40.0M->37.0M Heap: 1020.5M(2048.0M)->1022.5M(2048.0M)]
 [Times: user=1.09 sys=0.00, real=0.15 secs] 
2020-09-29T12:12:35.029+0200: 99.999: [GC pause (G1 Humongous Allocation) (young) (initial-mark), 0.0663893 secs]
   [Parallel Time: 65.5 ms, GC Workers: 8]
      [GC Worker Start (ms): Min: 99999.1, Avg: 99999.2, Max: 99999.2, Diff: 0.1]
      [Ext Root Scanning (ms): Min: 0.0, Avg: 1.9, Max: 14.2, Diff: 14.2, Sum: 15.0]
      [Update RS (ms): Min: 16.1, Avg: 28.9, Max: 35.5, Diff: 19.4, Sum: 230.8]
         [Processed Buffers: Min: 21, Avg: 30.5, Max: 36, Diff: 15, Sum: 244]
      [Scan RS (ms): Min: 0.0, Avg: 2.6, Max: 3.1, Diff: 3.1, Sum: 20.5]
      [Code Root Scanning (ms): Min: 0.0, Avg: 0.0, Max: 0.0, Diff: 0.0, Sum: 0.0]
      [Object Copy (ms): Min: 29.5, Avg: 31.9, Max: 32.3, Diff: 2.8, Sum: 255.2]
      [Termination (ms): Min: 0.0, Avg: 0.1, Max: 0.2, Diff: 0.2, Sum: 0.8]
         [Termination Attempts: Min: 1, Avg: 497.0, Max: 728, Diff: 727, Sum: 3976]
      [GC Worker Other (ms): Min: 0.0, Avg: 0.0, Max: 0.0, Diff: 0.0, Sum: 0.1]
      [GC Worker Total (ms): Min: 65.2, Avg: 65.3, Max: 65.4, Diff: 0.1, Sum: 522.5]
      [GC Worker End (ms): Min: 100064.5, Avg: 100064.5, Max: 100064.5, Diff: 0.0]
   [Code Root Fixup: 0.0 ms]
   [Code Root Purge: 0.0 ms]
   [Clear CT: 0.1 ms]
   [Other: 0.8 ms]
      [Choose CSet: 0.0 ms]
      [Ref Proc: 0.2 ms]
      [Ref Enq: 0.0 ms]
      [Redirty Cards: 0.2 ms]
      [Humongous Register: 0.1 ms]
      [Humongous Reclaim: 0.0 ms]
      [Free CSet: 0.1 ms]
   [Eden: 9216.0K(270.0M)->0.0B(254.0M) Survivors: 37.0M->11.0M Heap: 1031.5M(2048.0M)->1034.5M(2048.0M)]
 [Times: user=0.36 sys=0.01, real=0.07 secs] 
2020-09-29T12:12:35.096+0200: 100.065: [GC concurrent-root-region-scan-start]
2020-09-29T12:12:35.098+0200: 100.068: [GC concurrent-root-region-scan-end, 0.0028109 secs]
2020-09-29T12:12:35.098+0200: 100.068: [GC concurrent-mark-start]
2020-09-29T12:12:35.101+0200: 100.071: [GC concurrent-mark-end, 0.0026639 secs]
2020-09-29T12:12:35.101+0200: 100.071: [GC remark 2020-09-29T12:12:35.101+0200: 100.071: [Finalize Marking, 0.0002359 secs] 2020-09-29T12:12:35.102+0200: 100.071: [GC ref-proc, 0.0003915 secs] 2020-09-29T12:12:35.102+0200: 100.072: [Unloading, 0.0004558 secs], 0.0014452 secs]
 [Times: user=0.00 sys=0.00, real=0.00 secs] 
2020-09-29T12:12:35.103+0200: 100.073: [GC cleanup 1047M->33M(2048M), 0.0015019 secs]
 [Times: user=0.00 sys=0.00, real=0.00 secs] 
2020-09-29T12:12:35.105+0200: 100.075: [GC concurrent-cleanup-start]
2020-09-29T12:12:35.108+0200: 100.078: [GC concurrent-cleanup-end, 0.0030398 secs]
2020-09-29T12:12:35.263+0200: 100.233: [GC pause (G1 Evacuation Pause) (young), 0.1463000 secs]
   [Parallel Time: 145.1 ms, GC Workers: 8]
      [GC Worker Start (ms): Min: 100233.3, Avg: 100234.7, Max: 100238.8, Diff: 5.5]
      [Ext Root Scanning (ms): Min: 0.0, Avg: 0.1, Max: 0.2, Diff: 0.2, Sum: 0.7]
      [Update RS (ms): Min: 13.6, Avg: 17.6, Max: 19.6, Diff: 6.0, Sum: 140.9]
         [Processed Buffers: Min: 13, Avg: 19.3, Max: 24, Diff: 11, Sum: 154]
      [Scan RS (ms): Min: 9.0, Avg: 9.6, Max: 9.7, Diff: 0.8, Sum: 76.6]
      [Code Root Scanning (ms): Min: 0.0, Avg: 0.0, Max: 0.0, Diff: 0.0, Sum: 0.0]
      [Object Copy (ms): Min: 116.1, Avg: 116.2, Max: 116.3, Diff: 0.2, Sum: 929.2]
      [Termination (ms): Min: 0.0, Avg: 0.1, Max: 0.2, Diff: 0.2, Sum: 0.9]
         [Termination Attempts: Min: 1, Avg: 687.1, Max: 969, Diff: 968, Sum: 5497]
      [GC Worker Other (ms): Min: 0.0, Avg: 0.1, Max: 0.1, Diff: 0.1, Sum: 0.4]
      [GC Worker Total (ms): Min: 139.5, Avg: 143.6, Max: 145.0, Diff: 5.5, Sum: 1148.7]
      [GC Worker End (ms): Min: 100378.3, Avg: 100378.3, Max: 100378.4, Diff: 0.1]
   [Code Root Fixup: 0.0 ms]
   [Code Root Purge: 0.0 ms]
   [Clear CT: 0.2 ms]
   [Other: 1.0 ms]
      [Choose CSet: 0.0 ms]
      [Ref Proc: 0.2 ms]
      [Ref Enq: 0.0 ms]
      [Redirty Cards: 0.2 ms]
      [Humongous Register: 0.1 ms]
      [Humongous Reclaim: 0.0 ms]
      [Free CSet: 0.3 ms]
   [Eden: 254.0M(254.0M)->0.0B(253.0M) Survivors: 11.0M->34.0M Heap: 318.4M(2048.0M)->310.4M(2048.0M)]
 [Times: user=0.97 sys=0.00, real=0.15 secs] 
2020-09-29T12:12:35.574+0200: 100.544: [GC pause (G1 Evacuation Pause) (young), 0.2002074 secs]
   [Parallel Time: 199.1 ms, GC Workers: 8]
      [GC Worker Start (ms): Min: 100544.3, Avg: 100544.3, Max: 100544.5, Diff: 0.2]
      [Ext Root Scanning (ms): Min: 0.0, Avg: 0.1, Max: 0.2, Diff: 0.2, Sum: 0.6]
      [Update RS (ms): Min: 18.4, Avg: 18.6, Max: 18.9, Diff: 0.5, Sum: 148.8]
         [Processed Buffers: Min: 17, Avg: 19.9, Max: 22, Diff: 5, Sum: 159]
      [Scan RS (ms): Min: 11.5, Avg: 12.1, Max: 14.3, Diff: 2.8, Sum: 96.9]
      [Code Root Scanning (ms): Min: 0.0, Avg: 0.0, Max: 0.0, Diff: 0.0, Sum: 0.0]
      [Object Copy (ms): Min: 165.8, Avg: 167.7, Max: 168.4, Diff: 2.6, Sum: 1341.7]
      [Termination (ms): Min: 0.0, Avg: 0.4, Max: 0.5, Diff: 0.5, Sum: 3.0]
         [Termination Attempts: Min: 1, Avg: 2164.3, Max: 3093, Diff: 3092, Sum: 17314]
      [GC Worker Other (ms): Min: 0.0, Avg: 0.0, Max: 0.0, Diff: 0.0, Sum: 0.1]
      [GC Worker Total (ms): Min: 198.8, Avg: 198.9, Max: 199.0, Diff: 0.2, Sum: 1591.2]
      [GC Worker End (ms): Min: 100743.2, Avg: 100743.2, Max: 100743.3, Diff: 0.1]
   [Code Root Fixup: 0.0 ms]
   [Code Root Purge: 0.0 ms]
   [Clear CT: 0.1 ms]
   [Other: 1.0 ms]
      [Choose CSet: 0.0 ms]
      [Ref Proc: 0.2 ms]
      [Ref Enq: 0.0 ms]
      [Redirty Cards: 0.2 ms]
      [Humongous Register: 0.0 ms]
      [Humongous Reclaim: 0.0 ms]
      [Free CSet: 0.3 ms]
   [Eden: 253.0M(253.0M)->0.0B(237.0M) Survivors: 34.0M->36.0M Heap: 605.3M(2048.0M)->606.8M(2048.0M)]
 [Times: user=1.36 sys=0.00, real=0.20 secs] 
2020-09-29T12:12:35.926+0200: 100.895: [GC pause (G1 Evacuation Pause) (young), 0.1421340 secs]
   [Parallel Time: 140.9 ms, GC Workers: 8]
      [GC Worker Start (ms): Min: 100895.2, Avg: 100895.3, Max: 100895.3, Diff: 0.2]
      [Ext Root Scanning (ms): Min: 0.0, Avg: 0.1, Max: 0.2, Diff: 0.2, Sum: 0.6]
      [Update RS (ms): Min: 21.0, Avg: 21.2, Max: 21.7, Diff: 0.7, Sum: 169.5]
         [Processed Buffers: Min: 21, Avg: 23.1, Max: 25, Diff: 4, Sum: 185]
      [Scan RS (ms): Min: 8.8, Avg: 9.3, Max: 9.5, Diff: 0.7, Sum: 74.4]
      [Code Root Scanning (ms): Min: 0.0, Avg: 0.0, Max: 0.0, Diff: 0.0, Sum: 0.0]
      [Object Copy (ms): Min: 110.1, Avg: 110.1, Max: 110.2, Diff: 0.1, Sum: 881.1]
      [Termination (ms): Min: 0.0, Avg: 0.0, Max: 0.0, Diff: 0.0, Sum: 0.1]
         [Termination Attempts: Min: 1, Avg: 115.9, Max: 168, Diff: 167, Sum: 927]
      [GC Worker Other (ms): Min: 0.0, Avg: 0.0, Max: 0.1, Diff: 0.1, Sum: 0.4]
      [GC Worker Total (ms): Min: 140.6, Avg: 140.8, Max: 140.8, Diff: 0.2, Sum: 1126.0]
      [GC Worker End (ms): Min: 101036.0, Avg: 101036.0, Max: 101036.0, Diff: 0.1]
   [Code Root Fixup: 0.0 ms]
   [Code Root Purge: 0.0 ms]
   [Clear CT: 0.2 ms]
   [Other: 1.0 ms]
      [Choose CSet: 0.0 ms]
      [Ref Proc: 0.3 ms]
      [Ref Enq: 0.0 ms]
      [Redirty Cards: 0.2 ms]
      [Humongous Register: 0.1 ms]
      [Humongous Reclaim: 0.0 ms]
      [Free CSet: 0.2 ms]
   [Eden: 237.0M(237.0M)->0.0B(256.0M) Survivors: 36.0M->35.0M Heap: 883.9M(2048.0M)->885.9M(2048.0M)]
 [Times: user=0.98 sys=0.02, real=0.14 secs] 
2020-09-29T12:12:36.226+0200: 101.195: [GC pause (G1 Evacuation Pause) (young), 0.1623837 secs]
   [Parallel Time: 161.3 ms, GC Workers: 8]
      [GC Worker Start (ms): Min: 101194.7, Avg: 101194.8, Max: 101194.9, Diff: 0.2]
      [Ext Root Scanning (ms): Min: 0.0, Avg: 0.1, Max: 0.2, Diff: 0.2, Sum: 0.7]
      [Update RS (ms): Min: 17.5, Avg: 17.6, Max: 18.0, Diff: 0.5, Sum: 140.9]
         [Processed Buffers: Min: 17, Avg: 19.4, Max: 21, Diff: 4, Sum: 155]
      [Scan RS (ms): Min: 12.3, Avg: 12.6, Max: 13.2, Diff: 0.9, Sum: 100.8]
      [Code Root Scanning (ms): Min: 0.0, Avg: 0.0, Max: 0.0, Diff: 0.0, Sum: 0.0]
      [Object Copy (ms): Min: 130.2, Avg: 130.8, Max: 130.9, Diff: 0.7, Sum: 1046.1]
      [Termination (ms): Min: 0.0, Avg: 0.0, Max: 0.1, Diff: 0.1, Sum: 0.3]
         [Termination Attempts: Min: 1, Avg: 299.1, Max: 364, Diff: 363, Sum: 2393]
      [GC Worker Other (ms): Min: 0.0, Avg: 0.0, Max: 0.1, Diff: 0.0, Sum: 0.2]
      [GC Worker Total (ms): Min: 161.0, Avg: 161.1, Max: 161.2, Diff: 0.2, Sum: 1289.0]
      [GC Worker End (ms): Min: 101355.9, Avg: 101355.9, Max: 101355.9, Diff: 0.0]
   [Code Root Fixup: 0.0 ms]
   [Code Root Purge: 0.0 ms]
   [Clear CT: 0.2 ms]
   [Other: 0.9 ms]
      [Choose CSet: 0.0 ms]
      [Ref Proc: 0.1 ms]
      [Ref Enq: 0.0 ms]
      [Redirty Cards: 0.2 ms]
      [Humongous Register: 0.1 ms]
      [Humongous Reclaim: 0.0 ms]
      [Free CSet: 0.3 ms]
   [Eden: 256.0M(256.0M)->0.0B(265.0M) Survivors: 35.0M->37.0M Heap: 1183.8M(2048.0M)->1185.8M(2048.0M)]
 [Times: user=1.13 sys=0.00, real=0.16 secs] 
2020-09-29T12:12:36.395+0200: 101.364: [GC pause (G1 Humongous Allocation) (young) (initial-mark), 0.0869398 secs]
   [Parallel Time: 86.0 ms, GC Workers: 8]
      [GC Worker Start (ms): Min: 101363.9, Avg: 101363.9, Max: 101364.0, Diff: 0.2]
      [Ext Root Scanning (ms): Min: 0.0, Avg: 3.0, Max: 11.5, Diff: 11.5, Sum: 23.7]
      [Update RS (ms): Min: 27.4, Avg: 36.8, Max: 43.8, Diff: 16.4, Sum: 294.3]
         [Processed Buffers: Min: 23, Avg: 39.4, Max: 48, Diff: 25, Sum: 315]
      [Scan RS (ms): Min: 0.0, Avg: 2.5, Max: 4.1, Diff: 4.1, Sum: 20.4]
      [Code Root Scanning (ms): Min: 0.0, Avg: 0.0, Max: 0.0, Diff: 0.0, Sum: 0.0]
      [Object Copy (ms): Min: 41.6, Avg: 43.2, Max: 44.0, Diff: 2.3, Sum: 345.4]
      [Termination (ms): Min: 0.1, Avg: 0.4, Max: 0.6, Diff: 0.5, Sum: 2.9]
         [Termination Attempts: Min: 1, Avg: 2023.3, Max: 2715, Diff: 2714, Sum: 16186]
      [GC Worker Other (ms): Min: 0.0, Avg: 0.0, Max: 0.0, Diff: 0.0, Sum: 0.1]
      [GC Worker Total (ms): Min: 85.8, Avg: 85.8, Max: 85.9, Diff: 0.2, Sum: 686.8]
      [GC Worker End (ms): Min: 101449.8, Avg: 101449.8, Max: 101449.8, Diff: 0.0]
   [Code Root Fixup: 0.0 ms]
   [Code Root Purge: 0.0 ms]
   [Clear CT: 0.2 ms]
   [Other: 0.7 ms]
      [Choose CSet: 0.0 ms]
      [Ref Proc: 0.1 ms]
      [Ref Enq: 0.0 ms]
      [Redirty Cards: 0.2 ms]
      [Humongous Register: 0.1 ms]
      [Humongous Reclaim: 0.0 ms]
      [Free CSet: 0.1 ms]
   [Eden: 8192.0K(265.0M)->0.0B(204.0M) Survivors: 37.0M->9216.0K Heap: 1193.3M(2048.0M)->1195.8M(2048.0M)]
 [Times: user=0.58 sys=0.00, real=0.09 secs] 
2020-09-29T12:12:36.482+0200: 101.451: [GC concurrent-root-region-scan-start]
2020-09-29T12:12:36.485+0200: 101.454: [GC concurrent-root-region-scan-end, 0.0028966 secs]
2020-09-29T12:12:36.485+0200: 101.454: [GC concurrent-mark-start]
2020-09-29T12:12:36.489+0200: 101.458: [GC concurrent-mark-end, 0.0039863 secs]
2020-09-29T12:12:36.489+0200: 101.458: [GC remark 2020-09-29T12:12:36.489+0200: 101.458: [Finalize Marking, 0.0002388 secs] 2020-09-29T12:12:36.490+0200: 101.458: [GC ref-proc, 0.0004444 secs] 2020-09-29T12:12:36.490+0200: 101.459: [Unloading, 0.0005891 secs], 0.0019656 secs]
 [Times: user=0.00 sys=0.00, real=0.00 secs] 
2020-09-29T12:12:36.492+0200: 101.461: [GC cleanup 1208M->31M(2048M), 0.0020204 secs]
 [Times: user=0.00 sys=0.00, real=0.00 secs] 
2020-09-29T12:12:36.494+0200: 101.463: [GC concurrent-cleanup-start]
2020-09-29T12:12:36.497+0200: 101.466: [GC concurrent-cleanup-end, 0.0027006 secs]
2020-09-29T12:12:36.697+0200: 101.666: [GC pause (G1 Evacuation Pause) (young), 0.2426237 secs]
   [Parallel Time: 240.7 ms, GC Workers: 8]
      [GC Worker Start (ms): Min: 101666.2, Avg: 101666.8, Max: 101668.4, Diff: 2.1]
      [Ext Root Scanning (ms): Min: 0.0, Avg: 0.1, Max: 0.3, Diff: 0.3, Sum: 1.0]
      [Update RS (ms): Min: 33.0, Avg: 34.6, Max: 35.7, Diff: 2.7, Sum: 277.0]
         [Processed Buffers: Min: 18, Avg: 19.0, Max: 21, Diff: 3, Sum: 152]
      [Scan RS (ms): Min: 12.9, Avg: 13.5, Max: 13.9, Diff: 1.0, Sum: 108.0]
      [Code Root Scanning (ms): Min: 0.0, Avg: 0.0, Max: 0.0, Diff: 0.0, Sum: 0.0]
      [Object Copy (ms): Min: 191.3, Avg: 191.4, Max: 191.5, Diff: 0.2, Sum: 1531.3]
      [Termination (ms): Min: 0.0, Avg: 0.1, Max: 0.2, Diff: 0.2, Sum: 0.6]
         [Termination Attempts: Min: 1, Avg: 5.3, Max: 14, Diff: 13, Sum: 42]
      [GC Worker Other (ms): Min: 0.0, Avg: 0.1, Max: 0.5, Diff: 0.5, Sum: 1.0]
      [GC Worker Total (ms): Min: 238.3, Avg: 239.9, Max: 240.5, Diff: 2.1, Sum: 1918.9]
      [GC Worker End (ms): Min: 101906.6, Avg: 101906.7, Max: 101906.7, Diff: 0.1]
   [Code Root Fixup: 0.0 ms]
   [Code Root Purge: 0.0 ms]
   [Clear CT: 0.4 ms]
   [Other: 1.6 ms]
      [Choose CSet: 0.0 ms]
      [Ref Proc: 0.4 ms]
      [Ref Enq: 0.0 ms]
      [Redirty Cards: 0.4 ms]
      [Humongous Register: 0.1 ms]
      [Humongous Reclaim: 0.0 ms]
      [Free CSet: 0.3 ms]
   [Eden: 204.0M(204.0M)->0.0B(142.0M) Survivors: 9216.0K->27.0M Heap: 256.8M(2048.0M)->250.3M(2048.0M)]
 [Times: user=1.64 sys=0.03, real=0.24 secs] 
2020-09-29T12:12:37.176+0200: 102.145: [GC pause (G1 Evacuation Pause) (young), 0.2080668 secs]
   [Parallel Time: 206.3 ms, GC Workers: 8]
      [GC Worker Start (ms): Min: 102145.1, Avg: 102145.3, Max: 102146.2, Diff: 1.1]
      [Ext Root Scanning (ms): Min: 0.0, Avg: 0.2, Max: 0.2, Diff: 0.2, Sum: 1.2]
      [Update RS (ms): Min: 29.2, Avg: 30.0, Max: 30.5, Diff: 1.2, Sum: 239.6]
         [Processed Buffers: Min: 10, Avg: 15.8, Max: 18, Diff: 8, Sum: 126]
      [Scan RS (ms): Min: 13.2, Avg: 13.8, Max: 15.3, Diff: 2.1, Sum: 110.2]
      [Code Root Scanning (ms): Min: 0.0, Avg: 0.0, Max: 0.0, Diff: 0.0, Sum: 0.0]
      [Object Copy (ms): Min: 160.5, Avg: 161.9, Max: 162.2, Diff: 1.7, Sum: 1294.9]
      [Termination (ms): Min: 0.0, Avg: 0.1, Max: 0.1, Diff: 0.1, Sum: 0.4]
         [Termination Attempts: Min: 1, Avg: 168.0, Max: 240, Diff: 239, Sum: 1344]
      [GC Worker Other (ms): Min: 0.0, Avg: 0.1, Max: 0.1, Diff: 0.1, Sum: 0.6]
      [GC Worker Total (ms): Min: 205.1, Avg: 205.9, Max: 206.2, Diff: 1.1, Sum: 1647.0]
      [GC Worker End (ms): Min: 102351.2, Avg: 102351.2, Max: 102351.3, Diff: 0.1]
   [Code Root Fixup: 0.0 ms]
   [Code Root Purge: 0.0 ms]
   [Clear CT: 0.3 ms]
   [Other: 1.4 ms]
      [Choose CSet: 0.0 ms]
      [Ref Proc: 0.3 ms]
      [Ref Enq: 0.0 ms]
      [Redirty Cards: 0.3 ms]
      [Humongous Register: 0.1 ms]
      [Humongous Reclaim: 0.0 ms]
      [Free CSet: 0.3 ms]
   [Eden: 142.0M(142.0M)->0.0B(125.0M) Survivors: 27.0M->22.0M Heap: 417.1M(2048.0M)->419.1M(2048.0M)]
 [Times: user=1.55 sys=0.02, real=0.21 secs] 
2020-09-29T12:12:37.546+0200: 102.515: [GC pause (G1 Evacuation Pause) (young), 0.1691679 secs]
   [Parallel Time: 167.5 ms, GC Workers: 8]
      [GC Worker Start (ms): Min: 102515.2, Avg: 102515.3, Max: 102515.5, Diff: 0.3]
      [Ext Root Scanning (ms): Min: 0.0, Avg: 0.2, Max: 0.5, Diff: 0.5, Sum: 1.4]
      [Update RS (ms): Min: 24.7, Avg: 25.1, Max: 25.8, Diff: 1.1, Sum: 201.0]
         [Processed Buffers: Min: 13, Avg: 14.9, Max: 17, Diff: 4, Sum: 119]
      [Scan RS (ms): Min: 10.5, Avg: 11.1, Max: 11.4, Diff: 0.9, Sum: 88.4]
      [Code Root Scanning (ms): Min: 0.0, Avg: 0.0, Max: 0.0, Diff: 0.0, Sum: 0.0]
      [Object Copy (ms): Min: 130.6, Avg: 130.7, Max: 130.7, Diff: 0.1, Sum: 1045.5]
      [Termination (ms): Min: 0.0, Avg: 0.1, Max: 0.2, Diff: 0.2, Sum: 0.9]
         [Termination Attempts: Min: 1, Avg: 333.3, Max: 427, Diff: 426, Sum: 2666]
      [GC Worker Other (ms): Min: 0.0, Avg: 0.0, Max: 0.1, Diff: 0.1, Sum: 0.4]
      [GC Worker Total (ms): Min: 167.0, Avg: 167.2, Max: 167.3, Diff: 0.3, Sum: 1337.6]
      [GC Worker End (ms): Min: 102682.5, Avg: 102682.5, Max: 102682.5, Diff: 0.1]
   [Code Root Fixup: 0.0 ms]
   [Code Root Purge: 0.0 ms]
   [Clear CT: 0.3 ms]
   [Other: 1.3 ms]
      [Choose CSet: 0.0 ms]
      [Ref Proc: 0.4 ms]
      [Ref Enq: 0.0 ms]
      [Redirty Cards: 0.4 ms]
      [Humongous Register: 0.1 ms]
      [Humongous Reclaim: 0.0 ms]
      [Free CSet: 0.2 ms]
   [Eden: 125.0M(125.0M)->0.0B(126.0M) Survivors: 22.0M->19.0M Heap: 565.1M(2048.0M)->566.6M(2048.0M)]
 [Times: user=1.31 sys=0.00, real=0.17 secs] 
2020-09-29T12:12:37.895+0200: 102.865: [GC pause (G1 Evacuation Pause) (young), 0.2032764 secs]
   [Parallel Time: 201.2 ms, GC Workers: 8]
      [GC Worker Start (ms): Min: 102864.9, Avg: 102869.0, Max: 102897.1, Diff: 32.2]
      [Ext Root Scanning (ms): Min: 0.0, Avg: 0.1, Max: 0.2, Diff: 0.2, Sum: 1.1]
      [Update RS (ms): Min: 0.0, Avg: 24.1, Max: 28.8, Diff: 28.8, Sum: 192.6]
         [Processed Buffers: Min: 0, Avg: 14.3, Max: 19, Diff: 19, Sum: 114]
      [Scan RS (ms): Min: 7.1, Avg: 13.7, Max: 33.0, Diff: 25.9, Sum: 109.9]
      [Code Root Scanning (ms): Min: 0.0, Avg: 0.0, Max: 0.0, Diff: 0.0, Sum: 0.0]
      [Object Copy (ms): Min: 140.0, Avg: 158.7, Max: 161.4, Diff: 21.4, Sum: 1269.3]
      [Termination (ms): Min: 0.0, Avg: 0.1, Max: 0.1, Diff: 0.1, Sum: 0.6]
         [Termination Attempts: Min: 1, Avg: 239.0, Max: 304, Diff: 303, Sum: 1912]
      [GC Worker Other (ms): Min: 0.0, Avg: 0.0, Max: 0.0, Diff: 0.0, Sum: 0.3]
      [GC Worker Total (ms): Min: 168.7, Avg: 196.7, Max: 200.8, Diff: 32.1, Sum: 1573.7]
      [GC Worker End (ms): Min: 103065.7, Avg: 103065.7, Max: 103065.8, Diff: 0.0]
   [Code Root Fixup: 0.0 ms]
   [Code Root Purge: 0.0 ms]
   [Clear CT: 0.5 ms]
   [Other: 1.6 ms]
      [Choose CSet: 0.0 ms]
      [Ref Proc: 0.5 ms]
      [Ref Enq: 0.0 ms]
      [Redirty Cards: 0.6 ms]
      [Humongous Register: 0.1 ms]
      [Humongous Reclaim: 0.0 ms]
      [Free CSet: 0.2 ms]
   [Eden: 126.0M(126.0M)->0.0B(111.0M) Survivors: 19.0M->19.0M Heap: 713.6M(2048.0M)->715.6M(2048.0M)]
 [Times: user=1.41 sys=0.02, real=0.20 secs] 
2020-09-29T12:12:38.249+0200: 103.218: [GC pause (G1 Evacuation Pause) (young), 0.1850704 secs]
   [Parallel Time: 183.2 ms, GC Workers: 8]
      [GC Worker Start (ms): Min: 103218.6, Avg: 103220.1, Max: 103223.4, Diff: 4.8]
      [Ext Root Scanning (ms): Min: 0.0, Avg: 0.1, Max: 0.3, Diff: 0.3, Sum: 0.8]
      [Update RS (ms): Min: 14.6, Avg: 18.3, Max: 20.4, Diff: 5.8, Sum: 146.4]
         [Processed Buffers: Min: 8, Avg: 10.3, Max: 13, Diff: 5, Sum: 82]
      [Scan RS (ms): Min: 9.1, Avg: 9.9, Max: 10.4, Diff: 1.3, Sum: 79.1]
      [Code Root Scanning (ms): Min: 0.0, Avg: 0.0, Max: 0.0, Diff: 0.0, Sum: 0.0]
      [Object Copy (ms): Min: 152.8, Avg: 152.9, Max: 153.1, Diff: 0.3, Sum: 1223.1]
      [Termination (ms): Min: 0.0, Avg: 0.2, Max: 0.2, Diff: 0.2, Sum: 1.4]
         [Termination Attempts: Min: 1, Avg: 488.8, Max: 624, Diff: 623, Sum: 3910]
      [GC Worker Other (ms): Min: 0.0, Avg: 0.0, Max: 0.1, Diff: 0.1, Sum: 0.4]
      [GC Worker Total (ms): Min: 178.1, Avg: 181.4, Max: 183.0, Diff: 4.9, Sum: 1451.3]
      [GC Worker End (ms): Min: 103401.5, Avg: 103401.5, Max: 103401.6, Diff: 0.1]
   [Code Root Fixup: 0.0 ms]
   [Code Root Purge: 0.0 ms]
   [Clear CT: 0.4 ms]
   [Other: 1.5 ms]
      [Choose CSet: 0.0 ms]
      [Ref Proc: 0.4 ms]
      [Ref Enq: 0.0 ms]
      [Redirty Cards: 0.4 ms]
      [Humongous Register: 0.1 ms]
      [Humongous Reclaim: 0.0 ms]
      [Free CSet: 0.2 ms]
   [Eden: 111.0M(111.0M)->0.0B(108.0M) Survivors: 19.0M->17.0M Heap: 843.8M(2048.0M)->845.3M(2048.0M)]
 [Times: user=1.28 sys=0.03, real=0.18 secs] 
2020-09-29T12:12:38.610+0200: 103.580: [GC pause (G1 Evacuation Pause) (young), 0.1746143 secs]
   [Parallel Time: 172.9 ms, GC Workers: 8]
      [GC Worker Start (ms): Min: 103580.0, Avg: 103580.1, Max: 103580.2, Diff: 0.2]
      [Ext Root Scanning (ms): Min: 0.0, Avg: 0.1, Max: 0.3, Diff: 0.2, Sum: 1.2]
      [Update RS (ms): Min: 25.3, Avg: 25.6, Max: 26.1, Diff: 0.7, Sum: 204.9]
         [Processed Buffers: Min: 12, Avg: 14.1, Max: 17, Diff: 5, Sum: 113]
      [Scan RS (ms): Min: 9.7, Avg: 14.0, Max: 39.6, Diff: 29.9, Sum: 111.9]
      [Code Root Scanning (ms): Min: 0.0, Avg: 0.0, Max: 0.0, Diff: 0.0, Sum: 0.0]
      [Object Copy (ms): Min: 107.4, Avg: 132.8, Max: 136.6, Diff: 29.2, Sum: 1062.2]
      [Termination (ms): Min: 0.0, Avg: 0.2, Max: 0.2, Diff: 0.2, Sum: 1.4]
         [Termination Attempts: Min: 1, Avg: 320.8, Max: 423, Diff: 422, Sum: 2566]
      [GC Worker Other (ms): Min: 0.0, Avg: 0.0, Max: 0.0, Diff: 0.0, Sum: 0.2]
      [GC Worker Total (ms): Min: 172.6, Avg: 172.7, Max: 172.8, Diff: 0.2, Sum: 1381.8]
      [GC Worker End (ms): Min: 103752.8, Avg: 103752.8, Max: 103752.8, Diff: 0.0]
   [Code Root Fixup: 0.0 ms]
   [Code Root Purge: 0.0 ms]
   [Clear CT: 0.3 ms]
   [Other: 1.4 ms]
      [Choose CSet: 0.0 ms]
      [Ref Proc: 0.4 ms]
      [Ref Enq: 0.0 ms]
      [Redirty Cards: 0.3 ms]
      [Humongous Register: 0.1 ms]
      [Humongous Reclaim: 0.0 ms]
      [Free CSet: 0.2 ms]
   [Eden: 108.0M(108.0M)->0.0B(104.0M) Survivors: 17.0M->16.0M Heap: 972.3M(2048.0M)->974.3M(2048.0M)]
 [Times: user=1.13 sys=0.06, real=0.18 secs] 
2020-09-29T12:12:38.804+0200: 103.773: [GC pause (G1 Humongous Allocation) (young) (initial-mark), 0.0650719 secs]
   [Parallel Time: 63.4 ms, GC Workers: 8]
      [GC Worker Start (ms): Min: 103773.5, Avg: 103773.9, Max: 103774.2, Diff: 0.7]
      [Ext Root Scanning (ms): Min: 0.0, Avg: 7.1, Max: 27.3, Diff: 27.2, Sum: 56.8]
      [Update RS (ms): Min: 3.6, Avg: 23.5, Max: 30.8, Diff: 27.3, Sum: 187.9]
         [Processed Buffers: Min: 2, Avg: 14.6, Max: 20, Diff: 18, Sum: 117]
      [Scan RS (ms): Min: 1.8, Avg: 2.4, Max: 3.1, Diff: 1.4, Sum: 19.0]
      [Code Root Scanning (ms): Min: 0.0, Avg: 0.0, Max: 0.0, Diff: 0.0, Sum: 0.0]
      [Object Copy (ms): Min: 28.3, Avg: 29.6, Max: 29.9, Diff: 1.6, Sum: 236.8]
      [Termination (ms): Min: 0.1, Avg: 0.2, Max: 0.2, Diff: 0.2, Sum: 1.3]
         [Termination Attempts: Min: 1, Avg: 350.6, Max: 489, Diff: 488, Sum: 2805]
      [GC Worker Other (ms): Min: 0.0, Avg: 0.0, Max: 0.0, Diff: 0.0, Sum: 0.2]
      [GC Worker Total (ms): Min: 62.5, Avg: 62.8, Max: 63.2, Diff: 0.7, Sum: 502.0]
      [GC Worker End (ms): Min: 103836.7, Avg: 103836.7, Max: 103836.7, Diff: 0.0]
   [Code Root Fixup: 0.0 ms]
   [Code Root Purge: 0.0 ms]
   [Clear CT: 0.4 ms]
   [Other: 1.3 ms]
      [Choose CSet: 0.0 ms]
      [Ref Proc: 0.4 ms]
      [Ref Enq: 0.0 ms]
      [Redirty Cards: 0.3 ms]
      [Humongous Register: 0.1 ms]
      [Humongous Reclaim: 0.0 ms]
      [Free CSet: 0.1 ms]
   [Eden: 9216.0K(104.0M)->0.0B(116.0M) Survivors: 16.0M->10.0M Heap: 982.8M(2048.0M)->986.3M(2048.0M)]
 [Times: user=0.38 sys=0.00, real=0.07 secs] 
2020-09-29T12:12:38.869+0200: 103.839: [GC concurrent-root-region-scan-start]
2020-09-29T12:12:38.876+0200: 103.846: [GC concurrent-root-region-scan-end, 0.0068856 secs]
2020-09-29T12:12:38.876+0200: 103.846: [GC concurrent-mark-start]
2020-09-29T12:12:38.884+0200: 103.854: [GC concurrent-mark-end, 0.0081745 secs]
2020-09-29T12:12:38.885+0200: 103.854: [GC remark 2020-09-29T12:12:38.885+0200: 103.854: [Finalize Marking, 0.0003404 secs] 2020-09-29T12:12:38.885+0200: 103.855: [GC ref-proc, 0.0007731 secs] 2020-09-29T12:12:38.886+0200: 103.856: [Unloading, 0.0008034 secs], 0.0026707 secs]
 [Times: user=0.00 sys=0.00, real=0.00 secs] 
2020-09-29T12:12:38.888+0200: 103.857: [GC cleanup 999M->32M(2048M), 0.0029562 secs]
 [Times: user=0.00 sys=0.00, real=0.00 secs] 
2020-09-29T12:12:38.891+0200: 103.860: [GC concurrent-cleanup-start]
2020-09-29T12:12:38.894+0200: 103.864: [GC concurrent-cleanup-end, 0.0030359 secs]
2020-09-29T12:12:39.030+0200: 103.999: [GC pause (G1 Evacuation Pause) (young), 0.2245039 secs]
   [Parallel Time: 222.7 ms, GC Workers: 8]
      [GC Worker Start (ms): Min: 103999.5, Avg: 104003.9, Max: 104016.7, Diff: 17.2]
      [Ext Root Scanning (ms): Min: 0.0, Avg: 0.1, Max: 0.3, Diff: 0.3, Sum: 1.0]
      [Update RS (ms): Min: 9.3, Avg: 22.8, Max: 26.0, Diff: 16.7, Sum: 182.3]
         [Processed Buffers: Min: 1, Avg: 11.9, Max: 17, Diff: 16, Sum: 95]
      [Scan RS (ms): Min: 0.0, Avg: 8.2, Max: 9.8, Diff: 9.8, Sum: 65.3]
      [Code Root Scanning (ms): Min: 0.0, Avg: 0.0, Max: 0.0, Diff: 0.0, Sum: 0.0]
      [Object Copy (ms): Min: 186.5, Avg: 186.8, Max: 187.0, Diff: 0.5, Sum: 1494.7]
      [Termination (ms): Min: 0.0, Avg: 0.1, Max: 0.1, Diff: 0.1, Sum: 0.7]
         [Termination Attempts: Min: 1, Avg: 263.4, Max: 343, Diff: 342, Sum: 2107]
      [GC Worker Other (ms): Min: 0.0, Avg: 0.1, Max: 0.1, Diff: 0.1, Sum: 0.4]
      [GC Worker Total (ms): Min: 205.2, Avg: 218.1, Max: 222.5, Diff: 17.3, Sum: 1744.5]
      [GC Worker End (ms): Min: 104222.0, Avg: 104222.0, Max: 104222.1, Diff: 0.1]
   [Code Root Fixup: 0.0 ms]
   [Code Root Purge: 0.0 ms]
   [Clear CT: 0.3 ms]
   [Other: 1.5 ms]
      [Choose CSet: 0.0 ms]
      [Ref Proc: 0.4 ms]
      [Ref Enq: 0.0 ms]
      [Redirty Cards: 0.4 ms]
      [Humongous Register: 0.1 ms]
      [Humongous Reclaim: 0.0 ms]
      [Free CSet: 0.2 ms]
   [Eden: 116.0M(116.0M)->0.0B(92.0M) Survivors: 10.0M->16.0M Heap: 157.0M(2048.0M)->149.0M(2048.0M)]
 [Times: user=1.48 sys=0.00, real=0.22 secs] 
2020-09-29T12:12:39.381+0200: 104.351: [GC pause (G1 Evacuation Pause) (young), 0.1979355 secs]
   [Parallel Time: 195.4 ms, GC Workers: 8]
      [GC Worker Start (ms): Min: 104351.3, Avg: 104356.3, Max: 104389.2, Diff: 37.8]
      [Ext Root Scanning (ms): Min: 0.0, Avg: 0.1, Max: 0.3, Diff: 0.3, Sum: 1.1]
      [Update RS (ms): Min: 0.0, Avg: 21.5, Max: 25.2, Diff: 25.2, Sum: 172.1]
         [Processed Buffers: Min: 0, Avg: 11.0, Max: 16, Diff: 16, Sum: 88]
      [Scan RS (ms): Min: 0.0, Avg: 7.8, Max: 9.3, Diff: 9.3, Sum: 62.6]
      [Code Root Scanning (ms): Min: 0.0, Avg: 0.0, Max: 0.0, Diff: 0.0, Sum: 0.0]
      [Object Copy (ms): Min: 157.0, Avg: 160.3, Max: 161.3, Diff: 4.4, Sum: 1282.8]
      [Termination (ms): Min: 0.0, Avg: 0.4, Max: 0.5, Diff: 0.5, Sum: 3.2]
         [Termination Attempts: Min: 1, Avg: 1393.3, Max: 1800, Diff: 1799, Sum: 11146]
      [GC Worker Other (ms): Min: 0.0, Avg: 0.1, Max: 0.2, Diff: 0.1, Sum: 0.6]
      [GC Worker Total (ms): Min: 157.4, Avg: 190.3, Max: 195.2, Diff: 37.9, Sum: 1522.3]
      [GC Worker End (ms): Min: 104546.6, Avg: 104546.6, Max: 104546.7, Diff: 0.1]
   [Code Root Fixup: 0.0 ms]
   [Code Root Purge: 0.0 ms]
   [Clear CT: 0.4 ms]
   [Other: 2.1 ms]
      [Choose CSet: 0.0 ms]
      [Ref Proc: 0.4 ms]
      [Ref Enq: 0.0 ms]
      [Redirty Cards: 0.3 ms]
      [Humongous Register: 0.1 ms]
      [Humongous Reclaim: 0.0 ms]
      [Free CSet: 0.7 ms]
   [Eden: 92.0M(92.0M)->0.0B(89.0M) Survivors: 16.0M->14.0M Heap: 256.2M(2048.0M)->258.7M(2048.0M)]
 [Times: user=1.30 sys=0.00, real=0.20 secs] 
2020-09-29T12:12:39.696+0200: 104.665: [GC pause (G1 Evacuation Pause) (young), 0.1309797 secs]
   [Parallel Time: 129.1 ms, GC Workers: 8]
      [GC Worker Start (ms): Min: 104665.5, Avg: 104665.6, Max: 104665.9, Diff: 0.3]
      [Ext Root Scanning (ms): Min: 0.0, Avg: 0.1, Max: 0.2, Diff: 0.2, Sum: 1.2]
      [Update RS (ms): Min: 13.8, Avg: 14.3, Max: 15.0, Diff: 1.3, Sum: 114.7]
         [Processed Buffers: Min: 4, Avg: 7.6, Max: 9, Diff: 5, Sum: 61]
      [Scan RS (ms): Min: 7.9, Avg: 8.8, Max: 10.1, Diff: 2.2, Sum: 70.7]
      [Code Root Scanning (ms): Min: 0.0, Avg: 0.0, Max: 0.0, Diff: 0.0, Sum: 0.0]
      [Object Copy (ms): Min: 103.7, Avg: 105.3, Max: 105.6, Diff: 1.9, Sum: 842.8]
      [Termination (ms): Min: 0.0, Avg: 0.0, Max: 0.0, Diff: 0.0, Sum: 0.1]
         [Termination Attempts: Min: 1, Avg: 17.4, Max: 29, Diff: 28, Sum: 139]
      [GC Worker Other (ms): Min: 0.0, Avg: 0.0, Max: 0.1, Diff: 0.0, Sum: 0.3]
      [GC Worker Total (ms): Min: 128.5, Avg: 128.7, Max: 128.8, Diff: 0.4, Sum: 1029.7]
      [GC Worker End (ms): Min: 104794.3, Avg: 104794.3, Max: 104794.4, Diff: 0.0]
   [Code Root Fixup: 0.0 ms]
   [Code Root Purge: 0.0 ms]
   [Clear CT: 0.4 ms]
   [Other: 1.5 ms]
      [Choose CSet: 0.0 ms]
      [Ref Proc: 0.3 ms]
      [Ref Enq: 0.0 ms]
      [Redirty Cards: 0.3 ms]
      [Humongous Register: 0.1 ms]
      [Humongous Reclaim: 0.0 ms]
      [Free CSet: 0.2 ms]
   [Eden: 89.0M(89.0M)->0.0B(100.0M) Survivors: 14.0M->13.0M Heap: 361.1M(2048.0M)->362.6M(2048.0M)]
 [Times: user=0.81 sys=0.02, real=0.13 secs] 
2020-09-29T12:12:39.937+0200: 104.906: [GC pause (G1 Evacuation Pause) (young), 0.1629214 secs]
   [Parallel Time: 161.3 ms, GC Workers: 8]
      [GC Worker Start (ms): Min: 104906.5, Avg: 104906.7, Max: 104906.8, Diff: 0.3]
      [Ext Root Scanning (ms): Min: 0.0, Avg: 0.1, Max: 0.3, Diff: 0.3, Sum: 0.9]
      [Update RS (ms): Min: 16.4, Avg: 16.6, Max: 17.2, Diff: 0.8, Sum: 132.9]
         [Processed Buffers: Min: 9, Avg: 9.9, Max: 11, Diff: 2, Sum: 79]
      [Scan RS (ms): Min: 7.4, Avg: 8.1, Max: 8.6, Diff: 1.2, Sum: 64.4]
      [Code Root Scanning (ms): Min: 0.0, Avg: 0.0, Max: 0.0, Diff: 0.0, Sum: 0.0]
      [Object Copy (ms): Min: 135.7, Avg: 136.0, Max: 136.2, Diff: 0.5, Sum: 1088.1]
      [Termination (ms): Min: 0.1, Avg: 0.2, Max: 0.2, Diff: 0.2, Sum: 1.2]
         [Termination Attempts: Min: 1, Avg: 324.9, Max: 428, Diff: 427, Sum: 2599]
      [GC Worker Other (ms): Min: 0.0, Avg: 0.0, Max: 0.1, Diff: 0.1, Sum: 0.2]
      [GC Worker Total (ms): Min: 160.9, Avg: 161.0, Max: 161.1, Diff: 0.3, Sum: 1287.9]
      [GC Worker End (ms): Min: 105067.6, Avg: 105067.7, Max: 105067.7, Diff: 0.1]
   [Code Root Fixup: 0.0 ms]
   [Code Root Purge: 0.0 ms]
   [Clear CT: 0.3 ms]
   [Other: 1.3 ms]
      [Choose CSet: 0.0 ms]
      [Ref Proc: 0.4 ms]
      [Ref Enq: 0.0 ms]
      [Redirty Cards: 0.3 ms]
      [Humongous Register: 0.1 ms]
      [Humongous Reclaim: 0.0 ms]
      [Free CSet: 0.2 ms]
   [Eden: 100.0M(100.0M)->0.0B(103.0M) Survivors: 13.0M->15.0M Heap: 479.8M(2048.0M)->481.8M(2048.0M)]
 [Times: user=1.05 sys=0.00, real=0.16 secs] 
2020-09-29T12:12:40.224+0200: 105.193: [GC pause (G1 Evacuation Pause) (young), 0.1879942 secs]
   [Parallel Time: 186.3 ms, GC Workers: 8]
      [GC Worker Start (ms): Min: 105193.5, Avg: 105197.7, Max: 105226.2, Diff: 32.6]
      [Ext Root Scanning (ms): Min: 0.0, Avg: 0.1, Max: 0.2, Diff: 0.2, Sum: 0.9]
      [Update RS (ms): Min: 0.0, Avg: 16.0, Max: 18.7, Diff: 18.7, Sum: 128.3]
         [Processed Buffers: Min: 0, Avg: 9.3, Max: 13, Diff: 13, Sum: 74]
      [Scan RS (ms): Min: 0.0, Avg: 9.4, Max: 11.0, Diff: 10.9, Sum: 75.1]
      [Code Root Scanning (ms): Min: 0.0, Avg: 0.0, Max: 0.0, Diff: 0.0, Sum: 0.0]
      [Object Copy (ms): Min: 153.2, Avg: 156.1, Max: 156.7, Diff: 3.5, Sum: 1248.9]
      [Termination (ms): Min: 0.0, Avg: 0.2, Max: 0.4, Diff: 0.4, Sum: 1.5]
         [Termination Attempts: Min: 1, Avg: 577.8, Max: 733, Diff: 732, Sum: 4622]
      [GC Worker Other (ms): Min: 0.0, Avg: 0.1, Max: 0.1, Diff: 0.1, Sum: 0.4]
      [GC Worker Total (ms): Min: 153.4, Avg: 181.9, Max: 186.1, Diff: 32.7, Sum: 1455.3]
      [GC Worker End (ms): Min: 105379.6, Avg: 105379.6, Max: 105379.6, Diff: 0.1]
   [Code Root Fixup: 0.0 ms]
   [Code Root Purge: 0.0 ms]
   [Clear CT: 0.3 ms]
   [Other: 1.4 ms]
      [Choose CSet: 0.0 ms]
      [Ref Proc: 0.4 ms]
      [Ref Enq: 0.0 ms]
      [Redirty Cards: 0.3 ms]
      [Humongous Register: 0.1 ms]
      [Humongous Reclaim: 0.0 ms]
      [Free CSet: 0.2 ms]
   [Eden: 103.0M(103.0M)->0.0B(103.0M) Survivors: 15.0M->15.0M Heap: 601.9M(2048.0M)->603.9M(2048.0M)]
 [Times: user=1.08 sys=0.03, real=0.19 secs] 
2020-09-29T12:12:40.531+0200: 105.501: [GC pause (G1 Evacuation Pause) (young), 0.1470906 secs]
   [Parallel Time: 145.2 ms, GC Workers: 8]
      [GC Worker Start (ms): Min: 105501.4, Avg: 105501.6, Max: 105501.9, Diff: 0.5]
      [Ext Root Scanning (ms): Min: 0.0, Avg: 0.1, Max: 0.3, Diff: 0.3, Sum: 1.0]
      [Update RS (ms): Min: 18.3, Avg: 18.7, Max: 19.0, Diff: 0.6, Sum: 149.2]
         [Processed Buffers: Min: 8, Avg: 10.3, Max: 13, Diff: 5, Sum: 82]
      [Scan RS (ms): Min: 8.4, Avg: 8.9, Max: 9.3, Diff: 0.9, Sum: 71.3]
      [Code Root Scanning (ms): Min: 0.0, Avg: 0.0, Max: 0.0, Diff: 0.0, Sum: 0.0]
      [Object Copy (ms): Min: 116.8, Avg: 116.9, Max: 117.0, Diff: 0.1, Sum: 935.5]
      [Termination (ms): Min: 0.0, Avg: 0.1, Max: 0.1, Diff: 0.1, Sum: 0.7]
         [Termination Attempts: Min: 1, Avg: 304.6, Max: 384, Diff: 383, Sum: 2437]
      [GC Worker Other (ms): Min: 0.0, Avg: 0.0, Max: 0.1, Diff: 0.0, Sum: 0.3]
      [GC Worker Total (ms): Min: 144.5, Avg: 144.7, Max: 144.9, Diff: 0.5, Sum: 1157.9]
      [GC Worker End (ms): Min: 105646.3, Avg: 105646.3, Max: 105646.4, Diff: 0.0]
   [Code Root Fixup: 0.0 ms]
   [Code Root Purge: 0.0 ms]
   [Clear CT: 0.3 ms]
   [Other: 1.6 ms]
      [Choose CSet: 0.0 ms]
      [Ref Proc: 0.4 ms]
      [Ref Enq: 0.0 ms]
      [Redirty Cards: 0.5 ms]
      [Humongous Register: 0.2 ms]
      [Humongous Reclaim: 0.0 ms]
      [Free CSet: 0.2 ms]
   [Eden: 103.0M(103.0M)->0.0B(112.0M) Survivors: 15.0M->15.0M Heap: 724.1M(2048.0M)->726.6M(2048.0M)]
 [Times: user=1.08 sys=0.00, real=0.15 secs] 
2020-09-29T12:12:40.804+0200: 105.773: [GC pause (G1 Evacuation Pause) (young), 0.1905050 secs]
   [Parallel Time: 188.7 ms, GC Workers: 8]
      [GC Worker Start (ms): Min: 105773.4, Avg: 105773.6, Max: 105773.8, Diff: 0.4]
      [Ext Root Scanning (ms): Min: 0.0, Avg: 0.1, Max: 0.3, Diff: 0.3, Sum: 0.9]
      [Update RS (ms): Min: 24.5, Avg: 25.0, Max: 25.9, Diff: 1.4, Sum: 199.6]
         [Processed Buffers: Min: 10, Avg: 13.8, Max: 17, Diff: 7, Sum: 110]
      [Scan RS (ms): Min: 6.9, Avg: 8.4, Max: 11.4, Diff: 4.5, Sum: 66.9]
      [Code Root Scanning (ms): Min: 0.0, Avg: 0.0, Max: 0.0, Diff: 0.0, Sum: 0.0]
      [Object Copy (ms): Min: 151.4, Avg: 154.4, Max: 155.1, Diff: 3.7, Sum: 1235.0]
      [Termination (ms): Min: 0.0, Avg: 0.3, Max: 0.4, Diff: 0.4, Sum: 2.6]
         [Termination Attempts: Min: 1, Avg: 1112.3, Max: 1381, Diff: 1380, Sum: 8898]
      [GC Worker Other (ms): Min: 0.0, Avg: 0.1, Max: 0.4, Diff: 0.3, Sum: 0.7]
      [GC Worker Total (ms): Min: 187.9, Avg: 188.2, Max: 188.4, Diff: 0.4, Sum: 1505.7]
      [GC Worker End (ms): Min: 105961.7, Avg: 105961.8, Max: 105961.8, Diff: 0.1]
   [Code Root Fixup: 0.0 ms]
   [Code Root Purge: 0.0 ms]
   [Clear CT: 0.4 ms]
   [Other: 1.4 ms]
      [Choose CSet: 0.0 ms]
      [Ref Proc: 0.5 ms]
      [Ref Enq: 0.0 ms]
      [Redirty Cards: 0.4 ms]
      [Humongous Register: 0.1 ms]
      [Humongous Reclaim: 0.0 ms]
      [Free CSet: 0.2 ms]
   [Eden: 112.0M(112.0M)->0.0B(109.0M) Survivors: 15.0M->16.0M Heap: 857.7M(2048.0M)->859.7M(2048.0M)]
 [Times: user=1.36 sys=0.00, real=0.19 secs] 
2020-09-29T12:12:41.114+0200: 106.083: [GC pause (G1 Evacuation Pause) (young), 0.1440551 secs]
   [Parallel Time: 142.2 ms, GC Workers: 8]
      [GC Worker Start (ms): Min: 106083.5, Avg: 106083.7, Max: 106083.8, Diff: 0.3]
      [Ext Root Scanning (ms): Min: 0.0, Avg: 0.1, Max: 0.3, Diff: 0.3, Sum: 0.9]
      [Update RS (ms): Min: 16.1, Avg: 17.1, Max: 17.8, Diff: 1.7, Sum: 136.8]
         [Processed Buffers: Min: 8, Avg: 9.5, Max: 10, Diff: 2, Sum: 76]
      [Scan RS (ms): Min: 8.4, Avg: 9.1, Max: 10.2, Diff: 1.8, Sum: 72.9]
      [Code Root Scanning (ms): Min: 0.0, Avg: 0.0, Max: 0.0, Diff: 0.0, Sum: 0.0]
      [Object Copy (ms): Min: 115.2, Avg: 115.3, Max: 115.4, Diff: 0.2, Sum: 922.5]
      [Termination (ms): Min: 0.1, Avg: 0.2, Max: 0.2, Diff: 0.2, Sum: 1.3]
         [Termination Attempts: Min: 1, Avg: 252.9, Max: 331, Diff: 330, Sum: 2023]
      [GC Worker Other (ms): Min: 0.0, Avg: 0.0, Max: 0.1, Diff: 0.1, Sum: 0.3]
      [GC Worker Total (ms): Min: 141.7, Avg: 141.8, Max: 142.0, Diff: 0.3, Sum: 1134.8]
      [GC Worker End (ms): Min: 106225.4, Avg: 106225.5, Max: 106225.6, Diff: 0.1]
   [Code Root Fixup: 0.0 ms]
   [Code Root Purge: 0.0 ms]
   [Clear CT: 0.3 ms]
   [Other: 1.6 ms]
      [Choose CSet: 0.0 ms]
      [Ref Proc: 0.6 ms]
      [Ref Enq: 0.0 ms]
      [Redirty Cards: 0.4 ms]
      [Humongous Register: 0.1 ms]
      [Humongous Reclaim: 0.0 ms]
      [Free CSet: 0.2 ms]
   [Eden: 109.0M(109.0M)->0.0B(117.0M) Survivors: 16.0M->16.0M Heap: 985.8M(2048.0M)->988.3M(2048.0M)]
 [Times: user=1.06 sys=0.00, real=0.14 secs] 
2020-09-29T12:12:41.267+0200: 106.236: [GC pause (G1 Humongous Allocation) (young) (initial-mark), 0.0511233 secs]
   [Parallel Time: 49.4 ms, GC Workers: 8]
      [GC Worker Start (ms): Min: 106236.2, Avg: 106236.3, Max: 106236.5, Diff: 0.3]
      [Ext Root Scanning (ms): Min: 0.0, Avg: 0.3, Max: 0.6, Diff: 0.6, Sum: 2.4]
      [Update RS (ms): Min: 27.1, Avg: 27.5, Max: 28.3, Diff: 1.2, Sum: 220.1]
         [Processed Buffers: Min: 16, Avg: 17.8, Max: 19, Diff: 3, Sum: 142]
      [Scan RS (ms): Min: 1.1, Avg: 1.8, Max: 2.1, Diff: 1.0, Sum: 14.2]
      [Code Root Scanning (ms): Min: 0.0, Avg: 0.0, Max: 0.0, Diff: 0.0, Sum: 0.0]
      [Object Copy (ms): Min: 19.0, Avg: 19.1, Max: 19.2, Diff: 0.1, Sum: 152.6]
      [Termination (ms): Min: 0.0, Avg: 0.2, Max: 0.3, Diff: 0.3, Sum: 1.3]
         [Termination Attempts: Min: 1, Avg: 117.6, Max: 154, Diff: 153, Sum: 941]
      [GC Worker Other (ms): Min: 0.0, Avg: 0.0, Max: 0.1, Diff: 0.0, Sum: 0.2]
      [GC Worker Total (ms): Min: 48.6, Avg: 48.9, Max: 49.1, Diff: 0.5, Sum: 390.9]
      [GC Worker End (ms): Min: 106285.1, Avg: 106285.2, Max: 106285.3, Diff: 0.2]
   [Code Root Fixup: 0.0 ms]
   [Code Root Purge: 0.0 ms]
   [Clear CT: 0.3 ms]
   [Other: 1.4 ms]
      [Choose CSet: 0.0 ms]
      [Ref Proc: 0.5 ms]
      [Ref Enq: 0.0 ms]
      [Redirty Cards: 0.3 ms]
      [Humongous Register: 0.1 ms]
      [Humongous Reclaim: 0.0 ms]
      [Free CSet: 0.1 ms]
   [Eden: 1024.0K(117.0M)->0.0B(152.0M) Survivors: 16.0M->2048.0K Heap: 988.8M(2048.0M)->991.8M(2048.0M)]
 [Times: user=0.42 sys=0.02, real=0.05 secs] 
2020-09-29T12:12:41.318+0200: 106.288: [GC concurrent-root-region-scan-start]
2020-09-29T12:12:41.319+0200: 106.288: [GC concurrent-root-region-scan-end, 0.0003018 secs]
2020-09-29T12:12:41.319+0200: 106.288: [GC concurrent-mark-start]
2020-09-29T12:12:41.325+0200: 106.294: [GC concurrent-mark-end, 0.0058631 secs]
2020-09-29T12:12:41.325+0200: 106.294: [GC remark 2020-09-29T12:12:41.325+0200: 106.294: [Finalize Marking, 0.0004941 secs] 2020-09-29T12:12:41.325+0200: 106.295: [GC ref-proc, 0.0007347 secs] 2020-09-29T12:12:41.326+0200: 106.295: [Unloading, 0.0008811 secs], 0.0027011 secs]
 [Times: user=0.00 sys=0.00, real=0.00 secs] 
2020-09-29T12:12:41.328+0200: 106.298: [GC cleanup 999M->19M(2048M), 0.0029182 secs]
 [Times: user=0.00 sys=0.00, real=0.00 secs] 
2020-09-29T12:12:41.331+0200: 106.301: [GC concurrent-cleanup-start]
2020-09-29T12:12:41.333+0200: 106.303: [GC concurrent-cleanup-end, 0.0019548 secs]
2020-09-29T12:12:41.490+0200: 106.459: [GC pause (G1 Evacuation Pause) (young), 0.1750777 secs]
   [Parallel Time: 172.3 ms, GC Workers: 8]
      [GC Worker Start (ms): Min: 106459.2, Avg: 106460.3, Max: 106463.0, Diff: 3.8]
      [Ext Root Scanning (ms): Min: 0.0, Avg: 0.2, Max: 0.6, Diff: 0.6, Sum: 1.5]
      [Update RS (ms): Min: 16.2, Avg: 18.9, Max: 20.0, Diff: 3.8, Sum: 150.9]
         [Processed Buffers: Min: 9, Avg: 11.3, Max: 15, Diff: 6, Sum: 90]
      [Scan RS (ms): Min: 14.6, Avg: 14.9, Max: 15.0, Diff: 0.4, Sum: 119.0]
      [Code Root Scanning (ms): Min: 0.0, Avg: 0.0, Max: 0.0, Diff: 0.0, Sum: 0.0]
      [Object Copy (ms): Min: 136.8, Avg: 137.2, Max: 137.3, Diff: 0.5, Sum: 1097.4]
      [Termination (ms): Min: 0.0, Avg: 0.0, Max: 0.0, Diff: 0.0, Sum: 0.2]
         [Termination Attempts: Min: 1, Avg: 86.4, Max: 130, Diff: 129, Sum: 691]
      [GC Worker Other (ms): Min: 0.0, Avg: 0.0, Max: 0.1, Diff: 0.0, Sum: 0.3]
      [GC Worker Total (ms): Min: 168.5, Avg: 171.2, Max: 172.3, Diff: 3.8, Sum: 1369.4]
      [GC Worker End (ms): Min: 106631.5, Avg: 106631.5, Max: 106631.5, Diff: 0.0]
   [Code Root Fixup: 0.0 ms]
   [Code Root Purge: 0.0 ms]
   [Clear CT: 0.3 ms]
   [Other: 2.4 ms]
      [Choose CSet: 0.0 ms]
      [Ref Proc: 0.5 ms]
      [Ref Enq: 0.0 ms]
      [Redirty Cards: 0.9 ms]
      [Humongous Register: 0.1 ms]
      [Humongous Reclaim: 0.0 ms]
      [Free CSet: 0.4 ms]
   [Eden: 152.0M(152.0M)->0.0B(127.0M) Survivors: 2048.0K->20.0M Heap: 190.2M(2048.0M)->191.2M(2048.0M)]
 [Times: user=1.28 sys=0.01, real=0.18 secs] 
2020-09-29T12:12:41.981+0200: 106.950: [GC pause (G1 Evacuation Pause) (young), 0.3732856 secs]
   [Parallel Time: 369.9 ms, GC Workers: 8]
      [GC Worker Start (ms): Min: 106950.8, Avg: 106951.8, Max: 106958.1, Diff: 7.3]
      [Ext Root Scanning (ms): Min: 0.0, Avg: 0.3, Max: 0.4, Diff: 0.4, Sum: 2.0]
      [Update RS (ms): Min: 35.0, Avg: 41.2, Max: 42.3, Diff: 7.3, Sum: 329.3]
         [Processed Buffers: Min: 10, Avg: 12.5, Max: 14, Diff: 4, Sum: 100]
      [Scan RS (ms): Min: 23.5, Avg: 23.9, Max: 24.2, Diff: 0.7, Sum: 190.8]
      [Code Root Scanning (ms): Min: 0.0, Avg: 0.0, Max: 0.0, Diff: 0.0, Sum: 0.0]
      [Object Copy (ms): Min: 301.9, Avg: 302.2, Max: 302.8, Diff: 0.9, Sum: 2417.3]
      [Termination (ms): Min: 0.0, Avg: 0.5, Max: 0.7, Diff: 0.7, Sum: 3.7]
         [Termination Attempts: Min: 1, Avg: 818.6, Max: 1045, Diff: 1044, Sum: 6549]
      [GC Worker Other (ms): Min: 0.0, Avg: 0.1, Max: 0.2, Diff: 0.2, Sum: 0.7]
      [GC Worker Total (ms): Min: 361.7, Avg: 368.0, Max: 369.1, Diff: 7.4, Sum: 2943.9]
      [GC Worker End (ms): Min: 107319.8, Avg: 107319.8, Max: 107319.9, Diff: 0.2]
   [Code Root Fixup: 0.0 ms]
   [Code Root Purge: 0.0 ms]
   [Clear CT: 0.6 ms]
   [Other: 2.8 ms]
      [Choose CSet: 0.0 ms]
      [Ref Proc: 1.0 ms]
      [Ref Enq: 0.0 ms]
      [Redirty Cards: 0.7 ms]
      [Humongous Register: 0.1 ms]
      [Humongous Reclaim: 0.0 ms]
      [Free CSet: 0.4 ms]
   [Eden: 123.0M(123.0M)->0.0B(84.0M) Survivors: 20.0M->18.0M Heap: 335.2M(2048.0M)->336.7M(2048.0M)]
 [Times: user=2.70 sys=0.00, real=0.37 secs] 
2020-09-29T12:12:42.655+0200: 107.625: [GC pause (G1 Evacuation Pause) (young), 0.3232261 secs]
   [Parallel Time: 320.5 ms, GC Workers: 8]
      [GC Worker Start (ms): Min: 107625.3, Avg: 107629.5, Max: 107657.7, Diff: 32.4]
      [Ext Root Scanning (ms): Min: 0.1, Avg: 0.3, Max: 0.6, Diff: 0.5, Sum: 2.4]
      [Update RS (ms): Min: 15.9, Avg: 48.3, Max: 68.8, Diff: 52.9, Sum: 386.0]
         [Processed Buffers: Min: 6, Avg: 10.4, Max: 17, Diff: 11, Sum: 83]
      [Scan RS (ms): Min: 0.0, Avg: 14.4, Max: 18.1, Diff: 18.1, Sum: 115.3]
      [Code Root Scanning (ms): Min: 0.0, Avg: 0.0, Max: 0.0, Diff: 0.0, Sum: 0.0]
      [Object Copy (ms): Min: 250.7, Avg: 252.5, Max: 253.2, Diff: 2.5, Sum: 2020.0]
      [Termination (ms): Min: 0.1, Avg: 0.3, Max: 0.5, Diff: 0.4, Sum: 2.7]
         [Termination Attempts: Min: 1, Avg: 368.3, Max: 559, Diff: 558, Sum: 2946]
      [GC Worker Other (ms): Min: 0.0, Avg: 0.0, Max: 0.0, Diff: 0.0, Sum: 0.2]
      [GC Worker Total (ms): Min: 287.6, Avg: 315.8, Max: 320.0, Diff: 32.4, Sum: 2526.7]
      [GC Worker End (ms): Min: 107945.3, Avg: 107945.3, Max: 107945.4, Diff: 0.1]
   [Code Root Fixup: 0.0 ms]
   [Code Root Purge: 0.0 ms]
   [Clear CT: 0.6 ms]
   [Other: 2.1 ms]
      [Choose CSet: 0.0 ms]
      [Ref Proc: 0.7 ms]
      [Ref Enq: 0.0 ms]
      [Redirty Cards: 0.6 ms]
      [Humongous Register: 0.1 ms]
      [Humongous Reclaim: 0.0 ms]
      [Free CSet: 0.2 ms]
   [Eden: 84.0M(84.0M)->0.0B(89.0M) Survivors: 18.0M->13.0M Heap: 434.0M(2048.0M)->436.5M(2048.0M)]
 [Times: user=2.13 sys=0.00, real=0.33 secs] 
2020-09-29T12:12:43.244+0200: 108.212: [GC pause (G1 Evacuation Pause) (young), 0.3405411 secs]
   [Parallel Time: 337.7 ms, GC Workers: 8]
      [GC Worker Start (ms): Min: 108212.7, Avg: 108217.5, Max: 108246.4, Diff: 33.7]
      [Ext Root Scanning (ms): Min: 0.0, Avg: 0.2, Max: 0.5, Diff: 0.5, Sum: 1.7]
      [Update RS (ms): Min: 10.6, Avg: 41.1, Max: 68.3, Diff: 57.7, Sum: 328.4]
         [Processed Buffers: Min: 5, Avg: 10.9, Max: 16, Diff: 11, Sum: 87]
      [Scan RS (ms): Min: 0.0, Avg: 12.8, Max: 15.6, Diff: 15.6, Sum: 102.5]
      [Code Root Scanning (ms): Min: 0.0, Avg: 0.0, Max: 0.0, Diff: 0.0, Sum: 0.0]
      [Object Copy (ms): Min: 268.0, Avg: 278.0, Max: 279.9, Diff: 11.9, Sum: 2223.9]
      [Termination (ms): Min: 0.0, Avg: 0.6, Max: 1.0, Diff: 1.0, Sum: 4.8]
         [Termination Attempts: Min: 1, Avg: 588.0, Max: 780, Diff: 779, Sum: 4704]
      [GC Worker Other (ms): Min: 0.0, Avg: 0.0, Max: 0.0, Diff: 0.0, Sum: 0.2]
      [GC Worker Total (ms): Min: 303.8, Avg: 332.7, Max: 337.5, Diff: 33.7, Sum: 2661.6]
      [GC Worker End (ms): Min: 108550.2, Avg: 108550.2, Max: 108550.2, Diff: 0.1]
   [Code Root Fixup: 0.0 ms]
   [Code Root Purge: 0.0 ms]
   [Clear CT: 0.8 ms]
   [Other: 2.1 ms]
      [Choose CSet: 0.0 ms]
      [Ref Proc: 0.5 ms]
      [Ref Enq: 0.0 ms]
      [Redirty Cards: 0.7 ms]
      [Humongous Register: 0.1 ms]
      [Humongous Reclaim: 0.0 ms]
      [Free CSet: 0.3 ms]
   [Eden: 89.0M(89.0M)->0.0B(89.0M) Survivors: 13.0M->13.0M Heap: 540.8M(2048.0M)->542.8M(2048.0M)]
 [Times: user=2.17 sys=0.00, real=0.34 secs] 
2020-09-29T12:12:43.801+0200: 108.770: [GC pause (G1 Evacuation Pause) (young), 0.2694642 secs]
   [Parallel Time: 266.3 ms, GC Workers: 8]
      [GC Worker Start (ms): Min: 108770.0, Avg: 108773.8, Max: 108777.6, Diff: 7.6]
      [Ext Root Scanning (ms): Min: 0.0, Avg: 0.2, Max: 0.5, Diff: 0.5, Sum: 1.9]
      [Update RS (ms): Min: 27.8, Avg: 34.1, Max: 39.6, Diff: 11.8, Sum: 272.4]
         [Processed Buffers: Min: 2, Avg: 7.6, Max: 10, Diff: 8, Sum: 61]
      [Scan RS (ms): Min: 16.9, Avg: 19.0, Max: 21.6, Diff: 4.7, Sum: 151.9]
      [Code Root Scanning (ms): Min: 0.0, Avg: 0.0, Max: 0.0, Diff: 0.0, Sum: 0.0]
      [Object Copy (ms): Min: 208.0, Avg: 208.4, Max: 208.7, Diff: 0.7, Sum: 1667.3]
      [Termination (ms): Min: 0.0, Avg: 0.3, Max: 0.6, Diff: 0.6, Sum: 2.1]
         [Termination Attempts: Min: 1, Avg: 407.9, Max: 513, Diff: 512, Sum: 3263]
      [GC Worker Other (ms): Min: 0.0, Avg: 0.1, Max: 0.2, Diff: 0.2, Sum: 0.9]
      [GC Worker Total (ms): Min: 258.3, Avg: 262.1, Max: 265.8, Diff: 7.6, Sum: 2096.5]
      [GC Worker End (ms): Min: 109035.8, Avg: 109035.8, Max: 109035.9, Diff: 0.1]
   [Code Root Fixup: 0.0 ms]
   [Code Root Purge: 0.0 ms]
   [Clear CT: 0.9 ms]
   [Other: 2.3 ms]
      [Choose CSet: 0.0 ms]
      [Ref Proc: 0.6 ms]
      [Ref Enq: 0.0 ms]
      [Redirty Cards: 0.8 ms]
      [Humongous Register: 0.1 ms]
      [Humongous Reclaim: 0.0 ms]
      [Free CSet: 0.3 ms]
   [Eden: 89.0M(89.0M)->0.0B(89.0M) Survivors: 13.0M->13.0M Heap: 645.1M(2048.0M)->646.1M(2048.0M)]
 [Times: user=1.83 sys=0.03, real=0.27 secs] 
2020-09-29T12:12:44.298+0200: 109.268: [GC pause (G1 Evacuation Pause) (young), 0.2491601 secs]
   [Parallel Time: 246.2 ms, GC Workers: 8]
      [GC Worker Start (ms): Min: 109268.0, Avg: 109268.3, Max: 109268.8, Diff: 0.8]
      [Ext Root Scanning (ms): Min: 0.0, Avg: 0.3, Max: 0.5, Diff: 0.5, Sum: 2.0]
      [Update RS (ms): Min: 24.1, Avg: 24.8, Max: 26.2, Diff: 2.1, Sum: 198.4]
         [Processed Buffers: Min: 7, Avg: 7.5, Max: 9, Diff: 2, Sum: 60]
      [Scan RS (ms): Min: 17.3, Avg: 18.8, Max: 19.6, Diff: 2.3, Sum: 150.1]
      [Code Root Scanning (ms): Min: 0.0, Avg: 0.0, Max: 0.0, Diff: 0.0, Sum: 0.0]
      [Object Copy (ms): Min: 201.3, Avg: 201.5, Max: 201.7, Diff: 0.4, Sum: 1612.1]
      [Termination (ms): Min: 0.0, Avg: 0.0, Max: 0.0, Diff: 0.0, Sum: 0.2]
         [Termination Attempts: Min: 1, Avg: 49.8, Max: 68, Diff: 67, Sum: 398]
      [GC Worker Other (ms): Min: 0.0, Avg: 0.1, Max: 0.1, Diff: 0.1, Sum: 0.5]
      [GC Worker Total (ms): Min: 245.0, Avg: 245.4, Max: 245.8, Diff: 0.8, Sum: 1963.4]
      [GC Worker End (ms): Min: 109513.7, Avg: 109513.7, Max: 109513.8, Diff: 0.1]
   [Code Root Fixup: 0.0 ms]
   [Code Root Purge: 0.0 ms]
   [Clear CT: 0.6 ms]
   [Other: 2.4 ms]
      [Choose CSet: 0.0 ms]
      [Ref Proc: 0.8 ms]
      [Ref Enq: 0.0 ms]
      [Redirty Cards: 0.6 ms]
      [Humongous Register: 0.2 ms]
      [Humongous Reclaim: 0.0 ms]
      [Free CSet: 0.3 ms]
   [Eden: 89.0M(89.0M)->0.0B(89.0M) Survivors: 13.0M->13.0M Heap: 750.4M(2048.0M)->751.4M(2048.0M)]
 [Times: user=1.72 sys=0.00, real=0.25 secs] 
2020-09-29T12:12:44.794+0200: 109.764: [GC pause (G1 Evacuation Pause) (young), 0.3211966 secs]
   [Parallel Time: 317.5 ms, GC Workers: 8]
      [GC Worker Start (ms): Min: 109764.0, Avg: 109764.9, Max: 109767.4, Diff: 3.4]
      [Ext Root Scanning (ms): Min: 0.0, Avg: 0.3, Max: 0.5, Diff: 0.5, Sum: 2.0]
      [Update RS (ms): Min: 22.7, Avg: 25.7, Max: 28.9, Diff: 6.2, Sum: 205.6]
         [Processed Buffers: Min: 5, Avg: 7.5, Max: 9, Diff: 4, Sum: 60]
      [Scan RS (ms): Min: 19.1, Avg: 21.7, Max: 23.0, Diff: 3.9, Sum: 173.5]
      [Code Root Scanning (ms): Min: 0.0, Avg: 0.0, Max: 0.0, Diff: 0.0, Sum: 0.0]
      [Object Copy (ms): Min: 267.5, Avg: 268.1, Max: 268.7, Diff: 1.1, Sum: 2144.5]
      [Termination (ms): Min: 0.0, Avg: 0.5, Max: 0.9, Diff: 0.9, Sum: 3.7]
         [Termination Attempts: Min: 1, Avg: 695.0, Max: 845, Diff: 844, Sum: 5560]
      [GC Worker Other (ms): Min: 0.0, Avg: 0.1, Max: 0.1, Diff: 0.1, Sum: 0.5]
      [GC Worker Total (ms): Min: 313.7, Avg: 316.2, Max: 317.1, Diff: 3.3, Sum: 2529.8]
      [GC Worker End (ms): Min: 110081.1, Avg: 110081.1, Max: 110081.2, Diff: 0.1]
   [Code Root Fixup: 0.0 ms]
   [Code Root Purge: 0.0 ms]
   [Clear CT: 0.6 ms]
   [Other: 3.1 ms]
      [Choose CSet: 0.0 ms]
      [Ref Proc: 1.6 ms]
      [Ref Enq: 0.0 ms]
      [Redirty Cards: 0.6 ms]
      [Humongous Register: 0.2 ms]
      [Humongous Reclaim: 0.0 ms]
      [Free CSet: 0.3 ms]
   [Eden: 89.0M(89.0M)->0.0B(89.0M) Survivors: 13.0M->13.0M Heap: 855.7M(2048.0M)->857.2M(2048.0M)]
 [Times: user=1.98 sys=0.00, real=0.32 secs] 
2020-09-29T12:12:45.561+0200: 110.530: [GC pause (G1 Evacuation Pause) (young), 0.2933352 secs]
   [Parallel Time: 290.4 ms, GC Workers: 8]
      [GC Worker Start (ms): Min: 110530.6, Avg: 110531.6, Max: 110533.6, Diff: 3.0]
      [Ext Root Scanning (ms): Min: 0.0, Avg: 0.2, Max: 0.7, Diff: 0.7, Sum: 1.9]
      [Update RS (ms): Min: 21.3, Avg: 22.8, Max: 28.3, Diff: 7.1, Sum: 182.4]
         [Processed Buffers: Min: 4, Avg: 6.3, Max: 8, Diff: 4, Sum: 50]
      [Scan RS (ms): Min: 21.2, Avg: 28.0, Max: 29.8, Diff: 8.5, Sum: 223.7]
      [Code Root Scanning (ms): Min: 0.0, Avg: 0.0, Max: 0.0, Diff: 0.0, Sum: 0.0]
      [Object Copy (ms): Min: 236.4, Avg: 237.4, Max: 237.9, Diff: 1.6, Sum: 1899.3]
      [Termination (ms): Min: 0.1, Avg: 0.5, Max: 1.7, Diff: 1.6, Sum: 3.7]
         [Termination Attempts: Min: 1, Avg: 248.9, Max: 369, Diff: 368, Sum: 1991]
      [GC Worker Other (ms): Min: 0.0, Avg: 0.0, Max: 0.1, Diff: 0.1, Sum: 0.3]
      [GC Worker Total (ms): Min: 286.9, Avg: 288.9, Max: 290.0, Diff: 3.1, Sum: 2311.4]
      [GC Worker End (ms): Min: 110820.5, Avg: 110820.5, Max: 110820.6, Diff: 0.1]
   [Code Root Fixup: 0.0 ms]
   [Code Root Purge: 0.0 ms]
   [Clear CT: 0.6 ms]
   [Other: 2.3 ms]
      [Choose CSet: 0.0 ms]
      [Ref Proc: 0.7 ms]
      [Ref Enq: 0.0 ms]
      [Redirty Cards: 0.7 ms]
      [Humongous Register: 0.2 ms]
      [Humongous Reclaim: 0.0 ms]
      [Free CSet: 0.4 ms]
   [Eden: 89.0M(89.0M)->0.0B(89.0M) Survivors: 13.0M->13.0M Heap: 961.4M(2048.0M)->963.4M(2048.0M)]
 [Times: user=1.88 sys=0.03, real=0.29 secs] 
2020-09-29T12:12:45.898+0200: 110.868: [GC pause (G1 Humongous Allocation) (young) (initial-mark), 0.1199439 secs]
   [Parallel Time: 115.5 ms, GC Workers: 8]
      [GC Worker Start (ms): Min: 110868.5, Avg: 110868.7, Max: 110869.1, Diff: 0.6]
      [Ext Root Scanning (ms): Min: 0.0, Avg: 4.6, Max: 26.6, Diff: 26.5, Sum: 36.6]
      [Update RS (ms): Min: 0.0, Avg: 19.0, Max: 23.9, Diff: 23.9, Sum: 151.7]
         [Processed Buffers: Min: 0, Avg: 6.1, Max: 8, Diff: 8, Sum: 49]
      [Scan RS (ms): Min: 0.0, Avg: 3.3, Max: 4.6, Diff: 4.6, Sum: 26.4]
      [Code Root Scanning (ms): Min: 0.0, Avg: 0.0, Max: 0.0, Diff: 0.0, Sum: 0.0]
      [Object Copy (ms): Min: 87.6, Avg: 87.8, Max: 88.1, Diff: 0.4, Sum: 702.6]
      [Termination (ms): Min: 0.1, Avg: 0.2, Max: 0.4, Diff: 0.2, Sum: 2.0]
         [Termination Attempts: Min: 1, Avg: 195.3, Max: 308, Diff: 307, Sum: 1562]
      [GC Worker Other (ms): Min: 0.0, Avg: 0.0, Max: 0.0, Diff: 0.0, Sum: 0.2]
      [GC Worker Total (ms): Min: 114.6, Avg: 114.9, Max: 115.2, Diff: 0.6, Sum: 919.4]
      [GC Worker End (ms): Min: 110983.6, Avg: 110983.7, Max: 110983.7, Diff: 0.1]
   [Code Root Fixup: 0.0 ms]
   [Code Root Purge: 0.0 ms]
   [Clear CT: 1.8 ms]
   [Other: 2.7 ms]
      [Choose CSet: 0.0 ms]
      [Ref Proc: 0.8 ms]
      [Ref Enq: 0.0 ms]
      [Redirty Cards: 0.9 ms]
      [Humongous Register: 0.1 ms]
      [Humongous Reclaim: 0.0 ms]
      [Free CSet: 0.2 ms]
   [Eden: 9216.0K(89.0M)->0.0B(92.0M) Survivors: 13.0M->10.0M Heap: 972.4M(2048.0M)->975.4M(2048.0M)]
 [Times: user=0.61 sys=0.00, real=0.12 secs] 
2020-09-29T12:12:46.019+0200: 110.989: [GC concurrent-root-region-scan-start]
2020-09-29T12:12:46.033+0200: 111.003: [GC concurrent-root-region-scan-end, 0.0139473 secs]
2020-09-29T12:12:46.033+0200: 111.003: [GC concurrent-mark-start]
2020-09-29T12:12:46.051+0200: 111.021: [GC concurrent-mark-end, 0.0167955 secs]
2020-09-29T12:12:46.062+0200: 111.032: [GC remark 2020-09-29T12:12:46.062+0200: 111.032: [Finalize Marking, 0.0008204 secs] 2020-09-29T12:12:46.063+0200: 111.033: [GC ref-proc, 0.0014087 secs] 2020-09-29T12:12:46.064+0200: 111.034: [Unloading, 0.0018948 secs], 0.0052829 secs]
 [Times: user=0.05 sys=0.00, real=0.00 secs] 
2020-09-29T12:12:46.069+0200: 111.039: [GC cleanup 995M->39M(2048M), 0.0051562 secs]
 [Times: user=0.00 sys=0.00, real=0.01 secs] 
2020-09-29T12:12:46.075+0200: 111.045: [GC concurrent-cleanup-start]
2020-09-29T12:12:46.080+0200: 111.050: [GC concurrent-cleanup-end, 0.0051060 secs]
2020-09-29T12:12:46.304+0200: 111.273: [GC pause (G1 Evacuation Pause) (young), 0.3224950 secs]
   [Parallel Time: 318.9 ms, GC Workers: 8]
      [GC Worker Start (ms): Min: 111273.4, Avg: 111277.7, Max: 111306.7, Diff: 33.3]
      [Ext Root Scanning (ms): Min: 0.0, Avg: 0.2, Max: 0.4, Diff: 0.4, Sum: 2.0]
      [Update RS (ms): Min: 0.0, Avg: 18.7, Max: 23.2, Diff: 23.2, Sum: 149.3]
         [Processed Buffers: Min: 0, Avg: 6.4, Max: 9, Diff: 9, Sum: 51]
      [Scan RS (ms): Min: 16.7, Avg: 30.5, Max: 56.7, Diff: 40.0, Sum: 244.2]
      [Code Root Scanning (ms): Min: 0.0, Avg: 0.0, Max: 0.0, Diff: 0.0, Sum: 0.0]
      [Object Copy (ms): Min: 240.2, Avg: 264.2, Max: 268.5, Diff: 28.3, Sum: 2113.8]
      [Termination (ms): Min: 0.2, Avg: 0.6, Max: 1.1, Diff: 0.9, Sum: 5.2]
         [Termination Attempts: Min: 1, Avg: 755.3, Max: 1045, Diff: 1044, Sum: 6042]
      [GC Worker Other (ms): Min: 0.0, Avg: 0.0, Max: 0.1, Diff: 0.0, Sum: 0.3]
      [GC Worker Total (ms): Min: 285.3, Avg: 314.3, Max: 318.6, Diff: 33.3, Sum: 2514.7]
      [GC Worker End (ms): Min: 111592.0, Avg: 111592.1, Max: 111592.1, Diff: 0.1]
   [Code Root Fixup: 0.0 ms]
   [Code Root Purge: 0.0 ms]
   [Clear CT: 0.9 ms]
   [Other: 2.7 ms]
      [Choose CSet: 0.0 ms]
      [Ref Proc: 0.7 ms]
      [Ref Enq: 0.0 ms]
      [Redirty Cards: 0.9 ms]
      [Humongous Register: 0.1 ms]
      [Humongous Reclaim: 0.0 ms]
      [Free CSet: 0.3 ms]
   [Eden: 92.0M(92.0M)->0.0B(89.0M) Survivors: 10.0M->13.0M Heap: 129.2M(2048.0M)->121.7M(2048.0M)]
 [Times: user=1.74 sys=0.03, real=0.32 secs] 
2020-09-29T12:12:46.736+0200: 111.706: [GC pause (G1 Evacuation Pause) (young), 0.0910396 secs]
   [Parallel Time: 90.0 ms, GC Workers: 8]
      [GC Worker Start (ms): Min: 111705.7, Avg: 111705.8, Max: 111705.9, Diff: 0.2]
      [Ext Root Scanning (ms): Min: 0.0, Avg: 0.1, Max: 0.1, Diff: 0.1, Sum: 0.7]
      [Update RS (ms): Min: 6.9, Avg: 10.4, Max: 32.1, Diff: 25.2, Sum: 83.0]
         [Processed Buffers: Min: 0, Avg: 6.9, Max: 8, Diff: 8, Sum: 55]
      [Scan RS (ms): Min: 0.0, Avg: 4.3, Max: 5.3, Diff: 5.3, Sum: 34.6]
      [Code Root Scanning (ms): Min: 0.0, Avg: 0.0, Max: 0.0, Diff: 0.0, Sum: 0.0]
      [Object Copy (ms): Min: 57.0, Avg: 74.5, Max: 77.4, Diff: 20.5, Sum: 595.7]
      [Termination (ms): Min: 0.0, Avg: 0.5, Max: 0.8, Diff: 0.7, Sum: 4.1]
         [Termination Attempts: Min: 1, Avg: 2897.3, Max: 4370, Diff: 4369, Sum: 23178]
      [GC Worker Other (ms): Min: 0.0, Avg: 0.0, Max: 0.0, Diff: 0.0, Sum: 0.1]
      [GC Worker Total (ms): Min: 89.7, Avg: 89.8, Max: 89.8, Diff: 0.2, Sum: 718.1]
      [GC Worker End (ms): Min: 111795.5, Avg: 111795.5, Max: 111795.5, Diff: 0.0]
   [Code Root Fixup: 0.0 ms]
   [Code Root Purge: 0.0 ms]
   [Clear CT: 0.2 ms]
   [Other: 0.9 ms]
      [Choose CSet: 0.0 ms]
      [Ref Proc: 0.3 ms]
      [Ref Enq: 0.0 ms]
      [Redirty Cards: 0.2 ms]
      [Humongous Register: 0.0 ms]
      [Humongous Reclaim: 0.0 ms]
      [Free CSet: 0.1 ms]
   [Eden: 89.0M(89.0M)->0.0B(89.0M) Survivors: 13.0M->13.0M Heap: 224.0M(2048.0M)->226.5M(2048.0M)]
 [Times: user=0.61 sys=0.00, real=0.09 secs] 
2020-09-29T12:12:46.886+0200: 111.856: [GC pause (G1 Evacuation Pause) (young), 0.0557237 secs]
   [Parallel Time: 54.9 ms, GC Workers: 8]
      [GC Worker Start (ms): Min: 111855.7, Avg: 111856.0, Max: 111857.7, Diff: 2.1]
      [Ext Root Scanning (ms): Min: 0.0, Avg: 0.1, Max: 0.2, Diff: 0.2, Sum: 0.7]
      [Update RS (ms): Min: 5.5, Avg: 7.4, Max: 8.2, Diff: 2.7, Sum: 58.8]
         [Processed Buffers: Min: 3, Avg: 6.9, Max: 11, Diff: 8, Sum: 55]
      [Scan RS (ms): Min: 3.9, Avg: 4.5, Max: 4.6, Diff: 0.7, Sum: 35.9]
      [Code Root Scanning (ms): Min: 0.0, Avg: 0.0, Max: 0.0, Diff: 0.0, Sum: 0.0]
      [Object Copy (ms): Min: 42.5, Avg: 42.5, Max: 42.6, Diff: 0.1, Sum: 340.3]
      [Termination (ms): Min: 0.0, Avg: 0.0, Max: 0.0, Diff: 0.0, Sum: 0.1]
         [Termination Attempts: Min: 1, Avg: 94.0, Max: 118, Diff: 117, Sum: 752]
      [GC Worker Other (ms): Min: 0.0, Avg: 0.0, Max: 0.0, Diff: 0.0, Sum: 0.1]
      [GC Worker Total (ms): Min: 52.7, Avg: 54.5, Max: 54.8, Diff: 2.1, Sum: 436.0]
      [GC Worker End (ms): Min: 111910.5, Avg: 111910.5, Max: 111910.5, Diff: 0.0]
   [Code Root Fixup: 0.0 ms]
   [Code Root Purge: 0.0 ms]
   [Clear CT: 0.2 ms]
   [Other: 0.7 ms]
      [Choose CSet: 0.0 ms]
      [Ref Proc: 0.2 ms]
      [Ref Enq: 0.0 ms]
      [Redirty Cards: 0.1 ms]
      [Humongous Register: 0.0 ms]
      [Humongous Reclaim: 0.0 ms]
      [Free CSet: 0.1 ms]
   [Eden: 89.0M(89.0M)->0.0B(89.0M) Survivors: 13.0M->13.0M Heap: 330.8M(2048.0M)->332.8M(2048.0M)]
 [Times: user=0.38 sys=0.02, real=0.06 secs] 
2020-09-29T12:12:47.009+0200: 111.979: [GC pause (G1 Evacuation Pause) (young), 0.0574090 secs]
   [Parallel Time: 56.5 ms, GC Workers: 8]
      [GC Worker Start (ms): Min: 111978.8, Avg: 111979.0, Max: 111979.9, Diff: 1.1]
      [Ext Root Scanning (ms): Min: 0.0, Avg: 0.1, Max: 0.1, Diff: 0.1, Sum: 0.7]
      [Update RS (ms): Min: 6.1, Avg: 6.8, Max: 7.1, Diff: 1.1, Sum: 54.7]
         [Processed Buffers: Min: 6, Avg: 7.8, Max: 9, Diff: 3, Sum: 62]
      [Scan RS (ms): Min: 4.2, Avg: 4.3, Max: 4.4, Diff: 0.2, Sum: 34.4]
      [Code Root Scanning (ms): Min: 0.0, Avg: 0.0, Max: 0.0, Diff: 0.0, Sum: 0.0]
      [Object Copy (ms): Min: 44.9, Avg: 44.9, Max: 44.9, Diff: 0.1, Sum: 359.4]
      [Termination (ms): Min: 0.0, Avg: 0.0, Max: 0.0, Diff: 0.0, Sum: 0.2]
         [Termination Attempts: Min: 1, Avg: 152.1, Max: 184, Diff: 183, Sum: 1217]
      [GC Worker Other (ms): Min: 0.0, Avg: 0.0, Max: 0.0, Diff: 0.0, Sum: 0.2]
      [GC Worker Total (ms): Min: 55.3, Avg: 56.2, Max: 56.4, Diff: 1.1, Sum: 449.5]
      [GC Worker End (ms): Min: 112035.2, Avg: 112035.2, Max: 112035.2, Diff: 0.0]
   [Code Root Fixup: 0.0 ms]
   [Code Root Purge: 0.0 ms]
   [Clear CT: 0.1 ms]
   [Other: 0.8 ms]
      [Choose CSet: 0.0 ms]
      [Ref Proc: 0.2 ms]
      [Ref Enq: 0.0 ms]
      [Redirty Cards: 0.2 ms]
      [Humongous Register: 0.1 ms]
      [Humongous Reclaim: 0.0 ms]
      [Free CSet: 0.1 ms]
   [Eden: 89.0M(89.0M)->0.0B(89.0M) Survivors: 13.0M->13.0M Heap: 437.0M(2048.0M)->439.0M(2048.0M)]
 [Times: user=0.38 sys=0.00, real=0.06 secs] 
2020-09-29T12:12:47.126+0200: 112.096: [GC pause (G1 Evacuation Pause) (young), 0.0573768 secs]
   [Parallel Time: 56.3 ms, GC Workers: 8]
      [GC Worker Start (ms): Min: 112096.1, Avg: 112096.1, Max: 112096.2, Diff: 0.1]
      [Ext Root Scanning (ms): Min: 0.0, Avg: 0.1, Max: 0.1, Diff: 0.1, Sum: 0.7]
      [Update RS (ms): Min: 7.6, Avg: 7.7, Max: 7.8, Diff: 0.1, Sum: 61.6]
         [Processed Buffers: Min: 7, Avg: 9.0, Max: 11, Diff: 4, Sum: 72]
      [Scan RS (ms): Min: 3.6, Avg: 3.7, Max: 3.8, Diff: 0.2, Sum: 29.7]
      [Code Root Scanning (ms): Min: 0.0, Avg: 0.0, Max: 0.0, Diff: 0.0, Sum: 0.0]
      [Object Copy (ms): Min: 44.6, Avg: 44.7, Max: 44.7, Diff: 0.1, Sum: 357.4]
      [Termination (ms): Min: 0.0, Avg: 0.0, Max: 0.0, Diff: 0.0, Sum: 0.1]
         [Termination Attempts: Min: 1, Avg: 79.0, Max: 98, Diff: 97, Sum: 632]
      [GC Worker Other (ms): Min: 0.0, Avg: 0.0, Max: 0.0, Diff: 0.0, Sum: 0.2]
      [GC Worker Total (ms): Min: 56.2, Avg: 56.2, Max: 56.3, Diff: 0.1, Sum: 449.7]
      [GC Worker End (ms): Min: 112152.3, Avg: 112152.3, Max: 112152.4, Diff: 0.0]
   [Code Root Fixup: 0.0 ms]
   [Code Root Purge: 0.0 ms]
   [Clear CT: 0.2 ms]
   [Other: 0.9 ms]
      [Choose CSet: 0.0 ms]
      [Ref Proc: 0.2 ms]
      [Ref Enq: 0.0 ms]
      [Redirty Cards: 0.2 ms]
      [Humongous Register: 0.1 ms]
      [Humongous Reclaim: 0.0 ms]
      [Free CSet: 0.1 ms]
   [Eden: 89.0M(89.0M)->0.0B(98.0M) Survivors: 13.0M->13.0M Heap: 543.3M(2048.0M)->545.3M(2048.0M)]
 [Times: user=0.42 sys=0.00, real=0.06 secs] 
2020-09-29T12:12:47.254+0200: 112.223: [GC pause (G1 Evacuation Pause) (young), 0.0595362 secs]
   [Parallel Time: 58.6 ms, GC Workers: 8]
      [GC Worker Start (ms): Min: 112223.6, Avg: 112223.7, Max: 112223.7, Diff: 0.1]
      [Ext Root Scanning (ms): Min: 0.0, Avg: 0.1, Max: 0.1, Diff: 0.1, Sum: 0.7]
      [Update RS (ms): Min: 8.8, Avg: 8.9, Max: 9.6, Diff: 0.9, Sum: 71.5]
         [Processed Buffers: Min: 7, Avg: 8.8, Max: 11, Diff: 4, Sum: 70]
      [Scan RS (ms): Min: 3.7, Avg: 4.3, Max: 4.5, Diff: 0.8, Sum: 34.5]
      [Code Root Scanning (ms): Min: 0.0, Avg: 0.0, Max: 0.0, Diff: 0.0, Sum: 0.0]
      [Object Copy (ms): Min: 45.0, Avg: 45.0, Max: 45.1, Diff: 0.1, Sum: 360.2]
      [Termination (ms): Min: 0.0, Avg: 0.0, Max: 0.0, Diff: 0.0, Sum: 0.0]
         [Termination Attempts: Min: 1, Avg: 25.6, Max: 38, Diff: 37, Sum: 205]
      [GC Worker Other (ms): Min: 0.0, Avg: 0.0, Max: 0.0, Diff: 0.0, Sum: 0.2]
      [GC Worker Total (ms): Min: 58.4, Avg: 58.4, Max: 58.5, Diff: 0.1, Sum: 467.2]
      [GC Worker End (ms): Min: 112282.1, Avg: 112282.1, Max: 112282.1, Diff: 0.0]
   [Code Root Fixup: 0.0 ms]
   [Code Root Purge: 0.0 ms]
   [Clear CT: 0.2 ms]
   [Other: 0.8 ms]
      [Choose CSet: 0.0 ms]
      [Ref Proc: 0.2 ms]
      [Ref Enq: 0.0 ms]
      [Redirty Cards: 0.2 ms]
      [Humongous Register: 0.1 ms]
      [Humongous Reclaim: 0.0 ms]
      [Free CSet: 0.1 ms]
   [Eden: 98.0M(98.0M)->0.0B(124.0M) Survivors: 13.0M->14.0M Heap: 658.6M(2048.0M)->660.6M(2048.0M)]
 [Times: user=0.34 sys=0.00, real=0.06 secs] 
2020-09-29T12:12:47.396+0200: 112.365: [GC pause (G1 Evacuation Pause) (young), 0.1072813 secs]
   [Parallel Time: 106.3 ms, GC Workers: 8]
      [GC Worker Start (ms): Min: 112365.1, Avg: 112365.2, Max: 112365.3, Diff: 0.1]
      [Ext Root Scanning (ms): Min: 0.0, Avg: 0.1, Max: 0.1, Diff: 0.1, Sum: 0.6]
      [Update RS (ms): Min: 9.4, Avg: 12.4, Max: 32.3, Diff: 22.8, Sum: 98.8]
         [Processed Buffers: Min: 0, Avg: 9.9, Max: 12, Diff: 12, Sum: 79]
      [Scan RS (ms): Min: 0.0, Avg: 5.6, Max: 6.5, Diff: 6.5, Sum: 44.6]
      [Code Root Scanning (ms): Min: 0.0, Avg: 0.0, Max: 0.0, Diff: 0.0, Sum: 0.0]
      [Object Copy (ms): Min: 73.7, Avg: 88.0, Max: 90.2, Diff: 16.5, Sum: 704.2]
      [Termination (ms): Min: 0.0, Avg: 0.1, Max: 0.2, Diff: 0.2, Sum: 1.1]
         [Termination Attempts: Min: 1, Avg: 729.0, Max: 1081, Diff: 1080, Sum: 5832]
      [GC Worker Other (ms): Min: 0.0, Avg: 0.0, Max: 0.0, Diff: 0.0, Sum: 0.1]
      [GC Worker Total (ms): Min: 106.1, Avg: 106.2, Max: 106.2, Diff: 0.2, Sum: 849.4]
      [GC Worker End (ms): Min: 112471.3, Avg: 112471.3, Max: 112471.4, Diff: 0.0]
   [Code Root Fixup: 0.0 ms]
   [Code Root Purge: 0.0 ms]
   [Clear CT: 0.2 ms]
   [Other: 0.8 ms]
      [Choose CSet: 0.0 ms]
      [Ref Proc: 0.2 ms]
      [Ref Enq: 0.0 ms]
      [Redirty Cards: 0.2 ms]
      [Humongous Register: 0.0 ms]
      [Humongous Reclaim: 0.0 ms]
      [Free CSet: 0.1 ms]
   [Eden: 124.0M(124.0M)->0.0B(134.0M) Survivors: 14.0M->18.0M Heap: 805.5M(2048.0M)->807.5M(2048.0M)]
 [Times: user=0.64 sys=0.00, real=0.11 secs] 
2020-09-29T12:12:47.589+0200: 112.558: [GC pause (G1 Evacuation Pause) (young), 0.0852921 secs]
   [Parallel Time: 84.4 ms, GC Workers: 8]
      [GC Worker Start (ms): Min: 112558.2, Avg: 112558.3, Max: 112558.5, Diff: 0.2]
      [Ext Root Scanning (ms): Min: 0.0, Avg: 0.1, Max: 0.1, Diff: 0.1, Sum: 0.7]
      [Update RS (ms): Min: 9.7, Avg: 10.0, Max: 11.5, Diff: 1.8, Sum: 79.8]
         [Processed Buffers: Min: 10, Avg: 11.3, Max: 13, Diff: 3, Sum: 90]
      [Scan RS (ms): Min: 4.8, Avg: 6.4, Max: 6.6, Diff: 1.8, Sum: 51.0]
      [Code Root Scanning (ms): Min: 0.0, Avg: 0.0, Max: 0.0, Diff: 0.0, Sum: 0.0]
      [Object Copy (ms): Min: 67.7, Avg: 67.7, Max: 67.7, Diff: 0.1, Sum: 541.6]
      [Termination (ms): Min: 0.0, Avg: 0.0, Max: 0.0, Diff: 0.0, Sum: 0.0]
         [Termination Attempts: Min: 1, Avg: 20.6, Max: 32, Diff: 31, Sum: 165]
      [GC Worker Other (ms): Min: 0.0, Avg: 0.0, Max: 0.1, Diff: 0.0, Sum: 0.3]
      [GC Worker Total (ms): Min: 84.0, Avg: 84.2, Max: 84.2, Diff: 0.2, Sum: 673.4]
      [GC Worker End (ms): Min: 112642.4, Avg: 112642.5, Max: 112642.5, Diff: 0.0]
   [Code Root Fixup: 0.0 ms]
   [Code Root Purge: 0.0 ms]
   [Clear CT: 0.1 ms]
   [Other: 0.8 ms]
      [Choose CSet: 0.0 ms]
      [Ref Proc: 0.2 ms]
      [Ref Enq: 0.0 ms]
      [Redirty Cards: 0.2 ms]
      [Humongous Register: 0.1 ms]
      [Humongous Reclaim: 0.0 ms]
      [Free CSet: 0.1 ms]
   [Eden: 134.0M(134.0M)->0.0B(159.0M) Survivors: 18.0M->19.0M Heap: 964.4M(2048.0M)->966.4M(2048.0M)]
 [Times: user=0.59 sys=0.00, real=0.09 secs] 
2020-09-29T12:12:47.681+0200: 112.650: [GC pause (G1 Humongous Allocation) (young) (initial-mark), 0.0327639 secs]
   [Parallel Time: 31.9 ms, GC Workers: 8]
      [GC Worker Start (ms): Min: 112649.7, Avg: 112649.8, Max: 112649.8, Diff: 0.1]
      [Ext Root Scanning (ms): Min: 0.0, Avg: 0.1, Max: 0.1, Diff: 0.1, Sum: 0.7]
      [Update RS (ms): Min: 14.6, Avg: 14.9, Max: 15.2, Diff: 0.6, Sum: 119.4]
         [Processed Buffers: Min: 17, Avg: 18.4, Max: 19, Diff: 2, Sum: 147]
      [Scan RS (ms): Min: 0.9, Avg: 1.2, Max: 1.5, Diff: 0.6, Sum: 9.5]
      [Code Root Scanning (ms): Min: 0.0, Avg: 0.0, Max: 0.0, Diff: 0.0, Sum: 0.0]
      [Object Copy (ms): Min: 15.4, Avg: 15.4, Max: 15.5, Diff: 0.1, Sum: 123.4]
      [Termination (ms): Min: 0.0, Avg: 0.0, Max: 0.0, Diff: 0.0, Sum: 0.3]
         [Termination Attempts: Min: 1, Avg: 220.3, Max: 277, Diff: 276, Sum: 1762]
      [GC Worker Other (ms): Min: 0.0, Avg: 0.0, Max: 0.0, Diff: 0.0, Sum: 0.1]
      [GC Worker Total (ms): Min: 31.6, Avg: 31.7, Max: 31.7, Diff: 0.1, Sum: 253.5]
      [GC Worker End (ms): Min: 112681.5, Avg: 112681.5, Max: 112681.5, Diff: 0.0]
   [Code Root Fixup: 0.0 ms]
   [Code Root Purge: 0.0 ms]
   [Clear CT: 0.2 ms]
   [Other: 0.7 ms]
      [Choose CSet: 0.0 ms]
      [Ref Proc: 0.2 ms]
      [Ref Enq: 0.0 ms]
      [Redirty Cards: 0.2 ms]
      [Humongous Register: 0.0 ms]
      [Humongous Reclaim: 0.0 ms]
      [Free CSet: 0.1 ms]
   [Eden: 9216.0K(159.0M)->0.0B(188.0M) Survivors: 19.0M->11.0M Heap: 975.4M(2048.0M)->978.9M(2048.0M)]
 [Times: user=0.23 sys=0.00, real=0.03 secs] 
2020-09-29T12:12:47.713+0200: 112.683: [GC concurrent-root-region-scan-start]
2020-09-29T12:12:47.716+0200: 112.686: [GC concurrent-root-region-scan-end, 0.0030105 secs]
2020-09-29T12:12:47.716+0200: 112.686: [GC concurrent-mark-start]
2020-09-29T12:12:47.720+0200: 112.689: [GC concurrent-mark-end, 0.0030066 secs]
2020-09-29T12:12:47.720+0200: 112.689: [GC remark 2020-09-29T12:12:47.720+0200: 112.689: [Finalize Marking, 0.0001681 secs] 2020-09-29T12:12:47.720+0200: 112.689: [GC ref-proc, 0.0004006 secs] 2020-09-29T12:12:47.720+0200: 112.690: [Unloading, 0.0005057 secs], 0.0015398 secs]
 [Times: user=0.00 sys=0.00, real=0.00 secs] 
2020-09-29T12:12:47.722+0200: 112.691: [GC cleanup 991M->33M(2048M), 0.0012168 secs]
 [Times: user=0.00 sys=0.00, real=0.00 secs] 
2020-09-29T12:12:47.723+0200: 112.692: [GC concurrent-cleanup-start]
2020-09-29T12:12:47.725+0200: 112.695: [GC concurrent-cleanup-end, 0.0022949 secs]
2020-09-29T12:12:47.829+0200: 112.798: [GC pause (G1 Evacuation Pause) (young), 0.1454513 secs]
   [Parallel Time: 143.6 ms, GC Workers: 8]
      [GC Worker Start (ms): Min: 112798.2, Avg: 112802.0, Max: 112813.1, Diff: 14.9]
      [Ext Root Scanning (ms): Min: 0.0, Avg: 0.1, Max: 0.2, Diff: 0.2, Sum: 0.7]
      [Update RS (ms): Min: 0.0, Avg: 10.5, Max: 14.1, Diff: 14.1, Sum: 84.0]
         [Processed Buffers: Min: 0, Avg: 12.6, Max: 19, Diff: 19, Sum: 101]
      [Scan RS (ms): Min: 10.3, Avg: 11.7, Max: 17.3, Diff: 7.0, Sum: 94.0]
      [Code Root Scanning (ms): Min: 0.0, Avg: 0.0, Max: 0.0, Diff: 0.0, Sum: 0.0]
      [Object Copy (ms): Min: 111.8, Avg: 117.3, Max: 118.3, Diff: 6.5, Sum: 938.7]
      [Termination (ms): Min: 0.0, Avg: 0.1, Max: 0.1, Diff: 0.1, Sum: 0.6]
         [Termination Attempts: Min: 1, Avg: 300.3, Max: 481, Diff: 480, Sum: 2402]
      [GC Worker Other (ms): Min: 0.0, Avg: 0.0, Max: 0.0, Diff: 0.0, Sum: 0.1]
      [GC Worker Total (ms): Min: 128.6, Avg: 139.8, Max: 143.5, Diff: 14.9, Sum: 1118.1]
      [GC Worker End (ms): Min: 112941.7, Avg: 112941.7, Max: 112941.7, Diff: 0.0]
   [Code Root Fixup: 0.0 ms]
   [Code Root Purge: 0.0 ms]
   [Clear CT: 0.9 ms]
   [Other: 1.0 ms]
      [Choose CSet: 0.0 ms]
      [Ref Proc: 0.3 ms]
      [Ref Enq: 0.0 ms]
      [Redirty Cards: 0.2 ms]
      [Humongous Register: 0.0 ms]
      [Humongous Reclaim: 0.0 ms]
      [Free CSet: 0.2 ms]
   [Eden: 188.0M(188.0M)->0.0B(177.0M) Survivors: 11.0M->25.0M Heap: 240.9M(2048.0M)->232.4M(2048.0M)]
 [Times: user=0.91 sys=0.02, real=0.15 secs] 
2020-09-29T12:12:48.085+0200: 113.054: [GC pause (G1 Evacuation Pause) (young), 0.1507667 secs]
   [Parallel Time: 149.7 ms, GC Workers: 8]
      [GC Worker Start (ms): Min: 113054.2, Avg: 113054.3, Max: 113054.4, Diff: 0.2]
      [Ext Root Scanning (ms): Min: 0.0, Avg: 0.1, Max: 0.1, Diff: 0.1, Sum: 0.5]
      [Update RS (ms): Min: 12.0, Avg: 13.4, Max: 21.4, Diff: 9.4, Sum: 107.3]
         [Processed Buffers: Min: 0, Avg: 12.6, Max: 15, Diff: 15, Sum: 101]
      [Scan RS (ms): Min: 1.0, Avg: 10.3, Max: 20.4, Diff: 19.5, Sum: 82.3]
      [Code Root Scanning (ms): Min: 0.0, Avg: 0.0, Max: 0.0, Diff: 0.0, Sum: 0.0]
      [Object Copy (ms): Min: 116.8, Avg: 125.5, Max: 126.8, Diff: 10.0, Sum: 1003.8]
      [Termination (ms): Min: 0.0, Avg: 0.3, Max: 0.4, Diff: 0.4, Sum: 2.4]
         [Termination Attempts: Min: 1, Avg: 2074.3, Max: 2644, Diff: 2643, Sum: 16594]
      [GC Worker Other (ms): Min: 0.0, Avg: 0.0, Max: 0.1, Diff: 0.0, Sum: 0.2]
      [GC Worker Total (ms): Min: 149.5, Avg: 149.6, Max: 149.6, Diff: 0.2, Sum: 1196.5]
      [GC Worker End (ms): Min: 113203.9, Avg: 113203.9, Max: 113203.9, Diff: 0.0]
   [Code Root Fixup: 0.0 ms]
   [Code Root Purge: 0.0 ms]
   [Clear CT: 0.2 ms]
   [Other: 0.8 ms]
      [Choose CSet: 0.0 ms]
      [Ref Proc: 0.1 ms]
      [Ref Enq: 0.0 ms]
      [Redirty Cards: 0.2 ms]
      [Humongous Register: 0.0 ms]
      [Humongous Reclaim: 0.0 ms]
      [Free CSet: 0.2 ms]
   [Eden: 177.0M(177.0M)->0.0B(180.0M) Survivors: 25.0M->26.0M Heap: 438.0M(2048.0M)->439.5M(2048.0M)]
 [Times: user=0.91 sys=0.00, real=0.15 secs] 
2020-09-29T12:12:48.361+0200: 113.331: [GC pause (G1 Evacuation Pause) (young), 0.1087145 secs]
   [Parallel Time: 107.7 ms, GC Workers: 8]
      [GC Worker Start (ms): Min: 113331.2, Avg: 113331.2, Max: 113331.3, Diff: 0.1]
      [Ext Root Scanning (ms): Min: 0.0, Avg: 0.1, Max: 0.1, Diff: 0.1, Sum: 0.7]
      [Update RS (ms): Min: 13.7, Avg: 13.9, Max: 14.0, Diff: 0.3, Sum: 110.8]
         [Processed Buffers: Min: 13, Avg: 15.5, Max: 17, Diff: 4, Sum: 124]
      [Scan RS (ms): Min: 7.4, Avg: 7.6, Max: 7.7, Diff: 0.3, Sum: 60.6]
      [Code Root Scanning (ms): Min: 0.0, Avg: 0.0, Max: 0.0, Diff: 0.0, Sum: 0.0]
      [Object Copy (ms): Min: 85.8, Avg: 85.9, Max: 86.0, Diff: 0.2, Sum: 687.0]
      [Termination (ms): Min: 0.1, Avg: 0.2, Max: 0.2, Diff: 0.2, Sum: 1.3]
         [Termination Attempts: Min: 1, Avg: 619.1, Max: 793, Diff: 792, Sum: 4953]
      [GC Worker Other (ms): Min: 0.0, Avg: 0.0, Max: 0.0, Diff: 0.0, Sum: 0.1]
      [GC Worker Total (ms): Min: 107.5, Avg: 107.6, Max: 107.6, Diff: 0.1, Sum: 860.5]
      [GC Worker End (ms): Min: 113438.8, Avg: 113438.8, Max: 113438.8, Diff: 0.1]
   [Code Root Fixup: 0.0 ms]
   [Code Root Purge: 0.0 ms]
   [Clear CT: 0.1 ms]
   [Other: 0.8 ms]
      [Choose CSet: 0.0 ms]
      [Ref Proc: 0.2 ms]
      [Ref Enq: 0.0 ms]
      [Redirty Cards: 0.2 ms]
      [Humongous Register: 0.1 ms]
      [Humongous Reclaim: 0.0 ms]
      [Free CSet: 0.2 ms]
   [Eden: 180.0M(180.0M)->0.0B(205.0M) Survivors: 26.0M->26.0M Heap: 650.1M(2048.0M)->652.6M(2048.0M)]
 [Times: user=0.88 sys=0.00, real=0.11 secs] 
2020-09-29T12:12:48.593+0200: 113.563: [GC pause (G1 Evacuation Pause) (young), 0.1202060 secs]
   [Parallel Time: 119.3 ms, GC Workers: 8]
      [GC Worker Start (ms): Min: 113563.1, Avg: 113563.4, Max: 113563.9, Diff: 0.8]
      [Ext Root Scanning (ms): Min: 0.0, Avg: 0.1, Max: 0.1, Diff: 0.1, Sum: 0.5]
      [Update RS (ms): Min: 13.9, Avg: 14.3, Max: 14.6, Diff: 0.7, Sum: 114.5]
         [Processed Buffers: Min: 15, Avg: 16.6, Max: 20, Diff: 5, Sum: 133]
      [Scan RS (ms): Min: 10.7, Avg: 11.0, Max: 12.0, Diff: 1.3, Sum: 87.9]
      [Code Root Scanning (ms): Min: 0.0, Avg: 0.0, Max: 0.0, Diff: 0.0, Sum: 0.0]
      [Object Copy (ms): Min: 92.4, Avg: 93.4, Max: 93.7, Diff: 1.3, Sum: 747.4]
      [Termination (ms): Min: 0.0, Avg: 0.0, Max: 0.0, Diff: 0.0, Sum: 0.1]
         [Termination Attempts: Min: 1, Avg: 62.8, Max: 77, Diff: 76, Sum: 502]
      [GC Worker Other (ms): Min: 0.0, Avg: 0.0, Max: 0.1, Diff: 0.0, Sum: 0.2]
      [GC Worker Total (ms): Min: 118.4, Avg: 118.8, Max: 119.2, Diff: 0.8, Sum: 950.8]
      [GC Worker End (ms): Min: 113682.2, Avg: 113682.2, Max: 113682.3, Diff: 0.0]
   [Code Root Fixup: 0.0 ms]
   [Code Root Purge: 0.0 ms]
   [Clear CT: 0.1 ms]
   [Other: 0.8 ms]
      [Choose CSet: 0.0 ms]
      [Ref Proc: 0.1 ms]
      [Ref Enq: 0.0 ms]
      [Redirty Cards: 0.2 ms]
      [Humongous Register: 0.1 ms]
      [Humongous Reclaim: 0.0 ms]
      [Free CSet: 0.2 ms]
   [Eden: 200.0M(197.0M)->0.0B(229.0M) Survivors: 26.0M->28.0M Heap: 886.9M(2048.0M)->888.4M(2048.0M)]
 [Times: user=0.94 sys=0.00, real=0.12 secs] 
2020-09-29T12:12:48.864+0200: 113.834: [GC pause (G1 Evacuation Pause) (young), 0.1740781 secs]
   [Parallel Time: 173.1 ms, GC Workers: 8]
      [GC Worker Start (ms): Min: 113833.9, Avg: 113833.9, Max: 113834.0, Diff: 0.2]
      [Ext Root Scanning (ms): Min: 0.0, Avg: 0.1, Max: 0.1, Diff: 0.1, Sum: 0.6]
      [Update RS (ms): Min: 18.5, Avg: 18.8, Max: 19.9, Diff: 1.4, Sum: 150.5]
         [Processed Buffers: Min: 16, Avg: 19.1, Max: 23, Diff: 7, Sum: 153]
      [Scan RS (ms): Min: 12.5, Avg: 13.8, Max: 15.6, Diff: 3.1, Sum: 110.3]
      [Code Root Scanning (ms): Min: 0.0, Avg: 0.0, Max: 0.0, Diff: 0.0, Sum: 0.0]
      [Object Copy (ms): Min: 138.5, Avg: 140.0, Max: 140.4, Diff: 1.8, Sum: 1120.2]
      [Termination (ms): Min: 0.0, Avg: 0.2, Max: 0.3, Diff: 0.3, Sum: 1.7]
         [Termination Attempts: Min: 1, Avg: 1067.6, Max: 1628, Diff: 1627, Sum: 8541]
      [GC Worker Other (ms): Min: 0.0, Avg: 0.0, Max: 0.0, Diff: 0.0, Sum: 0.1]
      [GC Worker Total (ms): Min: 172.8, Avg: 172.9, Max: 173.0, Diff: 0.2, Sum: 1383.4]
      [GC Worker End (ms): Min: 114006.9, Avg: 114006.9, Max: 114006.9, Diff: 0.0]
   [Code Root Fixup: 0.0 ms]
   [Code Root Purge: 0.0 ms]
   [Clear CT: 0.2 ms]
   [Other: 0.8 ms]
      [Choose CSet: 0.0 ms]
      [Ref Proc: 0.1 ms]
      [Ref Enq: 0.0 ms]
      [Redirty Cards: 0.2 ms]
      [Humongous Register: 0.0 ms]
      [Humongous Reclaim: 0.0 ms]
      [Free CSet: 0.2 ms]
   [Eden: 229.0M(229.0M)->0.0B(218.0M) Survivors: 28.0M->33.0M Heap: 1155.5M(2048.0M)->1157.5M(2048.0M)]
 [Times: user=1.22 sys=0.00, real=0.17 secs] 
2020-09-29T12:12:49.048+0200: 114.018: [GC pause (G1 Humongous Allocation) (young) (initial-mark), 0.0489713 secs]
   [Parallel Time: 47.9 ms, GC Workers: 8]
      [GC Worker Start (ms): Min: 114017.8, Avg: 114017.8, Max: 114017.8, Diff: 0.1]
      [Ext Root Scanning (ms): Min: 0.0, Avg: 0.1, Max: 0.1, Diff: 0.1, Sum: 0.7]
      [Update RS (ms): Min: 24.7, Avg: 24.9, Max: 25.3, Diff: 0.6, Sum: 199.5]
         [Processed Buffers: Min: 29, Avg: 31.3, Max: 34, Diff: 5, Sum: 250]
      [Scan RS (ms): Min: 1.8, Avg: 2.2, Max: 2.4, Diff: 0.5, Sum: 17.2]
      [Code Root Scanning (ms): Min: 0.0, Avg: 0.0, Max: 0.0, Diff: 0.0, Sum: 0.0]
      [Object Copy (ms): Min: 20.5, Avg: 20.5, Max: 20.5, Diff: 0.1, Sum: 163.9]
      [Termination (ms): Min: 0.0, Avg: 0.0, Max: 0.0, Diff: 0.0, Sum: 0.2]
         [Termination Attempts: Min: 1, Avg: 191.4, Max: 247, Diff: 246, Sum: 1531]
      [GC Worker Other (ms): Min: 0.0, Avg: 0.0, Max: 0.0, Diff: 0.0, Sum: 0.1]
      [GC Worker Total (ms): Min: 47.7, Avg: 47.7, Max: 47.8, Diff: 0.1, Sum: 381.7]
      [GC Worker End (ms): Min: 114065.5, Avg: 114065.5, Max: 114065.5, Diff: 0.0]
   [Code Root Fixup: 0.0 ms]
   [Code Root Purge: 0.0 ms]
   [Clear CT: 0.1 ms]
   [Other: 0.9 ms]
      [Choose CSet: 0.0 ms]
      [Ref Proc: 0.4 ms]
      [Ref Enq: 0.0 ms]
      [Redirty Cards: 0.1 ms]
      [Humongous Register: 0.1 ms]
      [Humongous Reclaim: 0.0 ms]
      [Free CSet: 0.1 ms]
   [Eden: 11.0M(218.0M)->0.0B(256.0M) Survivors: 33.0M->13.0M Heap: 1168.0M(2048.0M)->1172.5M(2048.0M)]
 [Times: user=0.38 sys=0.00, real=0.05 secs] 
2020-09-29T12:12:49.097+0200: 114.067: [GC concurrent-root-region-scan-start]
2020-09-29T12:12:49.101+0200: 114.071: [GC concurrent-root-region-scan-end, 0.0040904 secs]
2020-09-29T12:12:49.101+0200: 114.071: [GC concurrent-mark-start]
2020-09-29T12:12:49.104+0200: 114.073: [GC concurrent-mark-end, 0.0025376 secs]
2020-09-29T12:12:49.104+0200: 114.074: [GC remark 2020-09-29T12:12:49.104+0200: 114.074: [Finalize Marking, 0.0002351 secs] 2020-09-29T12:12:49.104+0200: 114.074: [GC ref-proc, 0.0002984 secs] 2020-09-29T12:12:49.105+0200: 114.074: [Unloading, 0.0004778 secs], 0.0014071 secs]
 [Times: user=0.00 sys=0.00, real=0.00 secs] 
2020-09-29T12:12:49.106+0200: 114.076: [GC cleanup 1189M->39M(2048M), 0.0015544 secs]
 [Times: user=0.00 sys=0.00, real=0.00 secs] 
2020-09-29T12:12:49.108+0200: 114.077: [GC concurrent-cleanup-start]
2020-09-29T12:12:49.109+0200: 114.079: [GC concurrent-cleanup-end, 0.0018023 secs]
2020-09-29T12:12:49.252+0200: 114.222: [GC pause (G1 Evacuation Pause) (young), 0.1328032 secs]
   [Parallel Time: 131.6 ms, GC Workers: 8]
      [GC Worker Start (ms): Min: 114222.2, Avg: 114222.2, Max: 114222.3, Diff: 0.1]
      [Ext Root Scanning (ms): Min: 0.0, Avg: 0.1, Max: 0.1, Diff: 0.1, Sum: 0.7]
      [Update RS (ms): Min: 14.3, Avg: 14.5, Max: 15.0, Diff: 0.7, Sum: 115.8]
         [Processed Buffers: Min: 15, Avg: 16.3, Max: 18, Diff: 3, Sum: 130]
      [Scan RS (ms): Min: 10.2, Avg: 10.7, Max: 10.9, Diff: 0.7, Sum: 86.0]
      [Code Root Scanning (ms): Min: 0.0, Avg: 0.0, Max: 0.0, Diff: 0.0, Sum: 0.0]
      [Object Copy (ms): Min: 105.9, Avg: 106.0, Max: 106.1, Diff: 0.2, Sum: 847.7]
      [Termination (ms): Min: 0.0, Avg: 0.1, Max: 0.2, Diff: 0.1, Sum: 1.2]
         [Termination Attempts: Min: 1, Avg: 809.4, Max: 999, Diff: 998, Sum: 6475]
      [GC Worker Other (ms): Min: 0.0, Avg: 0.0, Max: 0.0, Diff: 0.0, Sum: 0.1]
      [GC Worker Total (ms): Min: 131.4, Avg: 131.4, Max: 131.5, Diff: 0.1, Sum: 1051.5]
      [GC Worker End (ms): Min: 114353.7, Avg: 114353.7, Max: 114353.7, Diff: 0.0]
   [Code Root Fixup: 0.0 ms]
   [Code Root Purge: 0.0 ms]
   [Clear CT: 0.2 ms]
   [Other: 1.0 ms]
      [Choose CSet: 0.0 ms]
      [Ref Proc: 0.2 ms]
      [Ref Enq: 0.0 ms]
      [Redirty Cards: 0.3 ms]
      [Humongous Register: 0.1 ms]
      [Humongous Reclaim: 0.0 ms]
      [Free CSet: 0.2 ms]
   [Eden: 256.0M(256.0M)->0.0B(256.0M) Survivors: 13.0M->34.0M Heap: 322.9M(2048.0M)->311.9M(2048.0M)]
 [Times: user=1.09 sys=0.00, real=0.13 secs] 
2020-09-29T12:12:49.540+0200: 114.509: [GC pause (G1 Evacuation Pause) (young), 0.2038619 secs]
   [Parallel Time: 202.3 ms, GC Workers: 8]
      [GC Worker Start (ms): Min: 114509.4, Avg: 114510.7, Max: 114519.5, Diff: 10.1]
      [Ext Root Scanning (ms): Min: 0.0, Avg: 0.1, Max: 0.1, Diff: 0.1, Sum: 0.6]
      [Update RS (ms): Min: 12.9, Avg: 21.3, Max: 24.1, Diff: 11.2, Sum: 170.5]
         [Processed Buffers: Min: 8, Avg: 17.0, Max: 24, Diff: 16, Sum: 136]
      [Scan RS (ms): Min: 15.9, Avg: 19.6, Max: 41.6, Diff: 25.7, Sum: 156.6]
      [Code Root Scanning (ms): Min: 0.0, Avg: 0.0, Max: 0.0, Diff: 0.0, Sum: 0.0]
      [Object Copy (ms): Min: 136.1, Avg: 159.6, Max: 163.1, Diff: 27.0, Sum: 1277.1]
      [Termination (ms): Min: 0.1, Avg: 0.2, Max: 0.3, Diff: 0.2, Sum: 1.3]
         [Termination Attempts: Min: 1, Avg: 666.4, Max: 998, Diff: 997, Sum: 5331]
      [GC Worker Other (ms): Min: 0.0, Avg: 0.0, Max: 0.0, Diff: 0.0, Sum: 0.1]
      [GC Worker Total (ms): Min: 192.1, Avg: 200.8, Max: 202.1, Diff: 10.0, Sum: 1606.3]
      [GC Worker End (ms): Min: 114711.5, Avg: 114711.5, Max: 114711.6, Diff: 0.1]
   [Code Root Fixup: 0.0 ms]
   [Code Root Purge: 0.0 ms]
   [Clear CT: 0.2 ms]
   [Other: 1.4 ms]
      [Choose CSet: 0.0 ms]
      [Ref Proc: 0.2 ms]
      [Ref Enq: 0.0 ms]
      [Redirty Cards: 0.6 ms]
      [Humongous Register: 0.0 ms]
      [Humongous Reclaim: 0.0 ms]
      [Free CSet: 0.3 ms]
   [Eden: 256.0M(256.0M)->0.0B(227.0M) Survivors: 34.0M->37.0M Heap: 609.8M(2048.0M)->612.3M(2048.0M)]
 [Times: user=1.39 sys=0.00, real=0.21 secs] 
2020-09-29T12:12:49.903+0200: 114.873: [GC pause (G1 Evacuation Pause) (young), 0.1451469 secs]
   [Parallel Time: 144.1 ms, GC Workers: 8]
      [GC Worker Start (ms): Min: 114873.0, Avg: 114875.0, Max: 114888.3, Diff: 15.4]
      [Ext Root Scanning (ms): Min: 0.0, Avg: 0.1, Max: 0.2, Diff: 0.2, Sum: 0.7]
      [Update RS (ms): Min: 1.9, Avg: 15.2, Max: 17.6, Diff: 15.7, Sum: 121.7]
         [Processed Buffers: Min: 3, Avg: 16.0, Max: 22, Diff: 19, Sum: 128]
      [Scan RS (ms): Min: 10.7, Avg: 11.1, Max: 11.2, Diff: 0.5, Sum: 88.6]
      [Code Root Scanning (ms): Min: 0.0, Avg: 0.0, Max: 0.0, Diff: 0.0, Sum: 0.0]
      [Object Copy (ms): Min: 115.5, Avg: 115.5, Max: 115.6, Diff: 0.1, Sum: 924.2]
      [Termination (ms): Min: 0.0, Avg: 0.1, Max: 0.1, Diff: 0.1, Sum: 0.4]
         [Termination Attempts: Min: 1, Avg: 392.4, Max: 509, Diff: 508, Sum: 3139]
      [GC Worker Other (ms): Min: 0.0, Avg: 0.0, Max: 0.1, Diff: 0.1, Sum: 0.4]
      [GC Worker Total (ms): Min: 128.6, Avg: 142.0, Max: 144.0, Diff: 15.4, Sum: 1136.0]
      [GC Worker End (ms): Min: 115017.0, Avg: 115017.0, Max: 115017.0, Diff: 0.1]
   [Code Root Fixup: 0.0 ms]
   [Code Root Purge: 0.0 ms]
   [Clear CT: 0.2 ms]
   [Other: 0.9 ms]
      [Choose CSet: 0.0 ms]
      [Ref Proc: 0.2 ms]
      [Ref Enq: 0.0 ms]
      [Redirty Cards: 0.2 ms]
      [Humongous Register: 0.0 ms]
      [Humongous Reclaim: 0.0 ms]
      [Free CSet: 0.2 ms]
   [Eden: 227.0M(227.0M)->0.0B(246.0M) Survivors: 37.0M->33.0M Heap: 877.5M(2048.0M)->880.0M(2048.0M)]
 [Times: user=1.08 sys=0.00, real=0.14 secs] 
2020-09-29T12:12:50.207+0200: 115.176: [GC pause (G1 Evacuation Pause) (young), 0.1586022 secs]
   [Parallel Time: 157.6 ms, GC Workers: 8]
      [GC Worker Start (ms): Min: 115176.5, Avg: 115176.6, Max: 115176.7, Diff: 0.2]
      [Ext Root Scanning (ms): Min: 0.0, Avg: 0.1, Max: 0.2, Diff: 0.2, Sum: 0.6]
      [Update RS (ms): Min: 20.4, Avg: 20.9, Max: 22.7, Diff: 2.3, Sum: 167.1]
         [Processed Buffers: Min: 0, Avg: 20.1, Max: 27, Diff: 27, Sum: 161]
      [Scan RS (ms): Min: 11.7, Avg: 13.6, Max: 14.0, Diff: 2.3, Sum: 108.6]
      [Code Root Scanning (ms): Min: 0.0, Avg: 0.0, Max: 0.0, Diff: 0.0, Sum: 0.0]
      [Object Copy (ms): Min: 122.5, Avg: 122.8, Max: 122.9, Diff: 0.4, Sum: 982.4]
      [Termination (ms): Min: 0.0, Avg: 0.0, Max: 0.0, Diff: 0.0, Sum: 0.1]
         [Termination Attempts: Min: 1, Avg: 101.3, Max: 148, Diff: 147, Sum: 810]
      [GC Worker Other (ms): Min: 0.0, Avg: 0.0, Max: 0.0, Diff: 0.0, Sum: 0.2]
      [GC Worker Total (ms): Min: 157.3, Avg: 157.4, Max: 157.5, Diff: 0.2, Sum: 1259.1]
      [GC Worker End (ms): Min: 115333.9, Avg: 115334.0, Max: 115334.0, Diff: 0.0]
   [Code Root Fixup: 0.0 ms]
   [Code Root Purge: 0.0 ms]
   [Clear CT: 0.2 ms]
   [Other: 0.8 ms]
      [Choose CSet: 0.0 ms]
      [Ref Proc: 0.1 ms]
      [Ref Enq: 0.0 ms]
      [Redirty Cards: 0.2 ms]
      [Humongous Register: 0.0 ms]
      [Humongous Reclaim: 0.0 ms]
      [Free CSet: 0.3 ms]
   [Eden: 246.0M(246.0M)->0.0B(255.0M) Survivors: 33.0M->35.0M Heap: 1167.9M(2048.0M)->1170.9M(2048.0M)]
 [Times: user=1.16 sys=0.00, real=0.16 secs] 
2020-09-29T12:12:50.383+0200: 115.353: [GC pause (G1 Humongous Allocation) (young) (initial-mark), 0.0434811 secs]
   [Parallel Time: 42.7 ms, GC Workers: 8]
      [GC Worker Start (ms): Min: 115353.3, Avg: 115353.4, Max: 115353.5, Diff: 0.2]
      [Ext Root Scanning (ms): Min: 0.0, Avg: 1.7, Max: 4.3, Diff: 4.3, Sum: 13.4]
      [Update RS (ms): Min: 16.1, Avg: 18.8, Max: 20.5, Diff: 4.4, Sum: 150.6]
         [Processed Buffers: Min: 18, Avg: 22.1, Max: 24, Diff: 6, Sum: 177]
      [Scan RS (ms): Min: 2.1, Avg: 2.3, Max: 2.4, Diff: 0.3, Sum: 18.2]
      [Code Root Scanning (ms): Min: 0.0, Avg: 0.0, Max: 0.0, Diff: 0.0, Sum: 0.0]
      [Object Copy (ms): Min: 19.7, Avg: 19.7, Max: 19.8, Diff: 0.1, Sum: 157.8]
      [Termination (ms): Min: 0.0, Avg: 0.0, Max: 0.0, Diff: 0.0, Sum: 0.1]
         [Termination Attempts: Min: 1, Avg: 69.1, Max: 86, Diff: 85, Sum: 553]
      [GC Worker Other (ms): Min: 0.0, Avg: 0.0, Max: 0.1, Diff: 0.0, Sum: 0.2]
      [GC Worker Total (ms): Min: 42.4, Avg: 42.5, Max: 42.6, Diff: 0.2, Sum: 340.2]
      [GC Worker End (ms): Min: 115395.9, Avg: 115395.9, Max: 115395.9, Diff: 0.0]
   [Code Root Fixup: 0.0 ms]
   [Code Root Purge: 0.0 ms]
   [Clear CT: 0.2 ms]
   [Other: 0.6 ms]
      [Choose CSet: 0.0 ms]
      [Ref Proc: 0.1 ms]
      [Ref Enq: 0.0 ms]
      [Redirty Cards: 0.1 ms]
      [Humongous Register: 0.0 ms]
      [Humongous Reclaim: 0.0 ms]
      [Free CSet: 0.1 ms]
   [Eden: 11.0M(255.0M)->0.0B(306.0M) Survivors: 35.0M->13.0M Heap: 1181.9M(2048.0M)->1186.9M(2048.0M)]
 [Times: user=0.36 sys=0.00, real=0.04 secs] 
2020-09-29T12:12:50.427+0200: 115.397: [GC concurrent-root-region-scan-start]
2020-09-29T12:12:50.429+0200: 115.399: [GC concurrent-root-region-scan-end, 0.0020264 secs]
2020-09-29T12:12:50.429+0200: 115.399: [GC concurrent-mark-start]
2020-09-29T12:12:50.432+0200: 115.402: [GC concurrent-mark-end, 0.0030635 secs]
2020-09-29T12:12:50.432+0200: 115.402: [GC remark 2020-09-29T12:12:50.432+0200: 115.402: [Finalize Marking, 0.0001597 secs] 2020-09-29T12:12:50.433+0200: 115.402: [GC ref-proc, 0.0003035 secs] 2020-09-29T12:12:50.433+0200: 115.403: [Unloading, 0.0004008 secs], 0.0012007 secs]
 [Times: user=0.00 sys=0.00, real=0.00 secs] 
2020-09-29T12:12:50.434+0200: 115.404: [GC cleanup 1198M->34M(2048M), 0.0013799 secs]
 [Times: user=0.00 sys=0.00, real=0.00 secs] 
2020-09-29T12:12:50.435+0200: 115.405: [GC concurrent-cleanup-start]
2020-09-29T12:12:50.438+0200: 115.407: [GC concurrent-cleanup-end, 0.0023773 secs]
2020-09-29T12:12:50.617+0200: 115.587: [GC pause (G1 Evacuation Pause) (young), 0.1570982 secs]
   [Parallel Time: 155.9 ms, GC Workers: 8]
      [GC Worker Start (ms): Min: 115587.0, Avg: 115587.1, Max: 115587.1, Diff: 0.2]
      [Ext Root Scanning (ms): Min: 0.0, Avg: 0.1, Max: 0.2, Diff: 0.2, Sum: 0.5]
      [Update RS (ms): Min: 16.3, Avg: 16.5, Max: 16.9, Diff: 0.7, Sum: 131.8]
         [Processed Buffers: Min: 16, Avg: 17.6, Max: 19, Diff: 3, Sum: 141]
      [Scan RS (ms): Min: 13.2, Avg: 13.6, Max: 14.0, Diff: 0.8, Sum: 109.2]
      [Code Root Scanning (ms): Min: 0.0, Avg: 0.0, Max: 0.0, Diff: 0.0, Sum: 0.0]
      [Object Copy (ms): Min: 125.2, Avg: 125.3, Max: 125.4, Diff: 0.2, Sum: 1002.8]
      [Termination (ms): Min: 0.0, Avg: 0.1, Max: 0.2, Diff: 0.2, Sum: 1.1]
         [Termination Attempts: Min: 1, Avg: 871.9, Max: 1057, Diff: 1056, Sum: 6975]
      [GC Worker Other (ms): Min: 0.0, Avg: 0.0, Max: 0.1, Diff: 0.1, Sum: 0.3]
      [GC Worker Total (ms): Min: 155.6, Avg: 155.7, Max: 155.8, Diff: 0.2, Sum: 1245.5]
      [GC Worker End (ms): Min: 115742.7, Avg: 115742.8, Max: 115742.8, Diff: 0.1]
   [Code Root Fixup: 0.0 ms]
   [Code Root Purge: 0.0 ms]
   [Clear CT: 0.2 ms]
   [Other: 1.0 ms]
      [Choose CSet: 0.0 ms]
      [Ref Proc: 0.2 ms]
      [Ref Enq: 0.0 ms]
      [Redirty Cards: 0.3 ms]
      [Humongous Register: 0.1 ms]
      [Humongous Reclaim: 0.0 ms]
      [Free CSet: 0.3 ms]
   [Eden: 306.0M(306.0M)->0.0B(291.0M) Survivors: 13.0M->40.0M Heap: 380.5M(2048.0M)->369.0M(2048.0M)]
 [Times: user=1.19 sys=0.00, real=0.16 secs] 
2020-09-29T12:12:50.958+0200: 115.927: [GC pause (G1 Evacuation Pause) (young), 0.2297449 secs]
   [Parallel Time: 228.2 ms, GC Workers: 8]
      [GC Worker Start (ms): Min: 115927.5, Avg: 115927.7, Max: 115928.6, Diff: 1.1]
      [Ext Root Scanning (ms): Min: 0.0, Avg: 0.1, Max: 0.2, Diff: 0.2, Sum: 0.7]
      [Update RS (ms): Min: 22.8, Avg: 24.0, Max: 27.3, Diff: 4.5, Sum: 192.0]
         [Processed Buffers: Min: 0, Avg: 19.5, Max: 27, Diff: 27, Sum: 156]
      [Scan RS (ms): Min: 18.1, Avg: 24.2, Max: 43.5, Diff: 25.4, Sum: 193.4]
      [Code Root Scanning (ms): Min: 0.0, Avg: 0.0, Max: 0.0, Diff: 0.0, Sum: 0.0]
      [Object Copy (ms): Min: 160.3, Avg: 179.6, Max: 182.5, Diff: 22.3, Sum: 1437.2]
      [Termination (ms): Min: 0.0, Avg: 0.0, Max: 0.0, Diff: 0.0, Sum: 0.2]
         [Termination Attempts: Min: 1, Avg: 130.4, Max: 177, Diff: 176, Sum: 1043]
      [GC Worker Other (ms): Min: 0.0, Avg: 0.0, Max: 0.1, Diff: 0.0, Sum: 0.3]
      [GC Worker Total (ms): Min: 227.0, Avg: 228.0, Max: 228.2, Diff: 1.2, Sum: 1823.7]
      [GC Worker End (ms): Min: 116155.7, Avg: 116155.7, Max: 116155.7, Diff: 0.0]
   [Code Root Fixup: 0.0 ms]
   [Code Root Purge: 0.0 ms]
   [Clear CT: 0.3 ms]
   [Other: 1.2 ms]
      [Choose CSet: 0.0 ms]
      [Ref Proc: 0.1 ms]
      [Ref Enq: 0.0 ms]
      [Redirty Cards: 0.3 ms]
      [Humongous Register: 0.0 ms]
      [Humongous Reclaim: 0.0 ms]
      [Free CSet: 0.3 ms]
   [Eden: 291.0M(291.0M)->0.0B(241.0M) Survivors: 40.0M->42.0M Heap: 709.6M(2048.0M)->712.1M(2048.0M)]
 [Times: user=1.48 sys=0.03, real=0.23 secs] 
2020-09-29T12:12:51.353+0200: 116.323: [GC pause (G1 Evacuation Pause) (young), 0.1500378 secs]
   [Parallel Time: 149.0 ms, GC Workers: 8]
      [GC Worker Start (ms): Min: 116323.1, Avg: 116323.2, Max: 116323.3, Diff: 0.2]
      [Ext Root Scanning (ms): Min: 0.0, Avg: 0.1, Max: 0.2, Diff: 0.2, Sum: 0.5]
      [Update RS (ms): Min: 16.6, Avg: 16.7, Max: 17.0, Diff: 0.3, Sum: 133.7]
         [Processed Buffers: Min: 17, Avg: 18.8, Max: 21, Diff: 4, Sum: 150]
      [Scan RS (ms): Min: 11.3, Avg: 11.5, Max: 11.6, Diff: 0.3, Sum: 92.2]
      [Code Root Scanning (ms): Min: 0.0, Avg: 0.0, Max: 0.0, Diff: 0.0, Sum: 0.0]
      [Object Copy (ms): Min: 120.2, Avg: 120.2, Max: 120.4, Diff: 0.3, Sum: 962.0]
      [Termination (ms): Min: 0.0, Avg: 0.2, Max: 0.2, Diff: 0.2, Sum: 1.4]
         [Termination Attempts: Min: 1, Avg: 1175.1, Max: 1463, Diff: 1462, Sum: 9401]
      [GC Worker Other (ms): Min: 0.0, Avg: 0.0, Max: 0.1, Diff: 0.1, Sum: 0.4]
      [GC Worker Total (ms): Min: 148.7, Avg: 148.8, Max: 148.9, Diff: 0.2, Sum: 1190.3]
      [GC Worker End (ms): Min: 116472.0, Avg: 116472.0, Max: 116472.1, Diff: 0.1]
   [Code Root Fixup: 0.0 ms]
   [Code Root Purge: 0.0 ms]
   [Clear CT: 0.2 ms]
   [Other: 0.8 ms]
      [Choose CSet: 0.0 ms]
      [Ref Proc: 0.3 ms]
      [Ref Enq: 0.0 ms]
      [Redirty Cards: 0.2 ms]
      [Humongous Register: 0.0 ms]
      [Humongous Reclaim: 0.0 ms]
      [Free CSet: 0.2 ms]
   [Eden: 241.0M(241.0M)->0.0B(263.0M) Survivors: 42.0M->36.0M Heap: 993.1M(2048.0M)->995.6M(2048.0M)]
 [Times: user=1.09 sys=0.00, real=0.15 secs] 
2020-09-29T12:12:51.512+0200: 116.482: [GC pause (G1 Humongous Allocation) (young) (initial-mark), 0.0541022 secs]
   [Parallel Time: 53.1 ms, GC Workers: 8]
      [GC Worker Start (ms): Min: 116482.4, Avg: 116482.4, Max: 116482.5, Diff: 0.2]
      [Ext Root Scanning (ms): Min: 0.0, Avg: 0.2, Max: 0.3, Diff: 0.3, Sum: 1.6]
      [Update RS (ms): Min: 28.3, Avg: 28.7, Max: 29.1, Diff: 0.7, Sum: 229.2]
         [Processed Buffers: Min: 30, Avg: 35.4, Max: 37, Diff: 7, Sum: 283]
      [Scan RS (ms): Min: 2.0, Avg: 2.4, Max: 2.6, Diff: 0.6, Sum: 19.2]
      [Code Root Scanning (ms): Min: 0.0, Avg: 0.0, Max: 0.0, Diff: 0.0, Sum: 0.0]
      [Object Copy (ms): Min: 21.6, Avg: 21.6, Max: 21.7, Diff: 0.1, Sum: 173.2]
      [Termination (ms): Min: 0.0, Avg: 0.0, Max: 0.0, Diff: 0.0, Sum: 0.0]
         [Termination Attempts: Min: 1, Avg: 7.4, Max: 13, Diff: 12, Sum: 59]
      [GC Worker Other (ms): Min: 0.0, Avg: 0.0, Max: 0.0, Diff: 0.0, Sum: 0.1]
      [GC Worker Total (ms): Min: 52.8, Avg: 52.9, Max: 53.0, Diff: 0.2, Sum: 423.4]
      [GC Worker End (ms): Min: 116535.3, Avg: 116535.4, Max: 116535.4, Diff: 0.0]
   [Code Root Fixup: 0.0 ms]
   [Code Root Purge: 0.0 ms]
   [Clear CT: 0.2 ms]
   [Other: 0.9 ms]
      [Choose CSet: 0.0 ms]
      [Ref Proc: 0.2 ms]
      [Ref Enq: 0.0 ms]
      [Redirty Cards: 0.2 ms]
      [Humongous Register: 0.1 ms]
      [Humongous Reclaim: 0.0 ms]
      [Free CSet: 0.1 ms]
   [Eden: 9216.0K(263.0M)->0.0B(293.0M) Survivors: 36.0M->11.0M Heap: 1004.6M(2048.0M)->1008.1M(2048.0M)]
 [Times: user=0.34 sys=0.00, real=0.05 secs] 
2020-09-29T12:12:51.567+0200: 116.536: [GC concurrent-root-region-scan-start]
2020-09-29T12:12:51.569+0200: 116.539: [GC concurrent-root-region-scan-end, 0.0025025 secs]
2020-09-29T12:12:51.569+0200: 116.539: [GC concurrent-mark-start]
2020-09-29T12:12:51.572+0200: 116.542: [GC concurrent-mark-end, 0.0032227 secs]
2020-09-29T12:12:51.573+0200: 116.542: [GC remark 2020-09-29T12:12:51.573+0200: 116.543: [Finalize Marking, 0.0002180 secs] 2020-09-29T12:12:51.573+0200: 116.543: [GC ref-proc, 0.0004034 secs] 2020-09-29T12:12:51.573+0200: 116.543: [Unloading, 0.0005395 secs], 0.0014914 secs]
 [Times: user=0.00 sys=0.00, real=0.00 secs] 
2020-09-29T12:12:51.575+0200: 116.544: [GC cleanup 1021M->33M(2048M), 0.0010942 secs]
 [Times: user=0.00 sys=0.00, real=0.00 secs] 
2020-09-29T12:12:51.576+0200: 116.546: [GC concurrent-cleanup-start]
2020-09-29T12:12:51.578+0200: 116.547: [GC concurrent-cleanup-end, 0.0017782 secs]
2020-09-29T12:12:51.749+0200: 116.718: [GC pause (G1 Evacuation Pause) (young), 0.1461634 secs]
   [Parallel Time: 143.7 ms, GC Workers: 8]
      [GC Worker Start (ms): Min: 116718.5, Avg: 116718.6, Max: 116718.6, Diff: 0.1]
      [Ext Root Scanning (ms): Min: 0.0, Avg: 0.1, Max: 0.1, Diff: 0.1, Sum: 0.7]
      [Update RS (ms): Min: 15.2, Avg: 15.3, Max: 15.5, Diff: 0.3, Sum: 122.6]
         [Processed Buffers: Min: 15, Avg: 16.5, Max: 19, Diff: 4, Sum: 132]
      [Scan RS (ms): Min: 12.5, Avg: 12.7, Max: 12.9, Diff: 0.4, Sum: 101.8]
      [Code Root Scanning (ms): Min: 0.0, Avg: 0.0, Max: 0.0, Diff: 0.0, Sum: 0.0]
      [Object Copy (ms): Min: 115.2, Avg: 115.4, Max: 115.4, Diff: 0.2, Sum: 922.8]
      [Termination (ms): Min: 0.0, Avg: 0.0, Max: 0.0, Diff: 0.0, Sum: 0.2]
         [Termination Attempts: Min: 1, Avg: 138.6, Max: 175, Diff: 174, Sum: 1109]
      [GC Worker Other (ms): Min: 0.0, Avg: 0.0, Max: 0.1, Diff: 0.1, Sum: 0.3]
      [GC Worker Total (ms): Min: 143.5, Avg: 143.6, Max: 143.6, Diff: 0.1, Sum: 1148.5]
      [GC Worker End (ms): Min: 116862.1, Avg: 116862.1, Max: 116862.2, Diff: 0.1]
   [Code Root Fixup: 0.0 ms]
   [Code Root Purge: 0.0 ms]
   [Clear CT: 0.2 ms]
   [Other: 2.3 ms]
      [Choose CSet: 0.0 ms]
      [Ref Proc: 0.2 ms]
      [Ref Enq: 0.0 ms]
      [Redirty Cards: 0.4 ms]
      [Humongous Register: 0.0 ms]
      [Humongous Reclaim: 0.0 ms]
      [Free CSet: 1.1 ms]
   [Eden: 293.0M(293.0M)->0.0B(287.0M) Survivors: 11.0M->38.0M Heap: 363.1M(2048.0M)->354.1M(2048.0M)]
 [Times: user=1.08 sys=0.00, real=0.15 secs] 
2020-09-29T12:12:52.080+0200: 117.050: [GC pause (G1 Evacuation Pause) (young), 0.1932160 secs]
   [Parallel Time: 192.0 ms, GC Workers: 8]
      [GC Worker Start (ms): Min: 117049.9, Avg: 117050.6, Max: 117055.1, Diff: 5.2]
      [Ext Root Scanning (ms): Min: 0.0, Avg: 0.1, Max: 0.2, Diff: 0.2, Sum: 0.7]
      [Update RS (ms): Min: 15.5, Avg: 20.1, Max: 20.9, Diff: 5.4, Sum: 161.0]
         [Processed Buffers: Min: 16, Avg: 19.1, Max: 21, Diff: 5, Sum: 153]
      [Scan RS (ms): Min: 18.3, Avg: 19.2, Max: 20.8, Diff: 2.5, Sum: 153.6]
      [Code Root Scanning (ms): Min: 0.0, Avg: 0.0, Max: 0.0, Diff: 0.0, Sum: 0.0]
      [Object Copy (ms): Min: 149.9, Avg: 151.6, Max: 152.3, Diff: 2.4, Sum: 1212.8]
      [Termination (ms): Min: 0.0, Avg: 0.1, Max: 0.3, Diff: 0.3, Sum: 0.8]
         [Termination Attempts: Min: 1, Avg: 491.4, Max: 677, Diff: 676, Sum: 3931]
      [GC Worker Other (ms): Min: 0.0, Avg: 0.0, Max: 0.1, Diff: 0.1, Sum: 0.3]
      [GC Worker Total (ms): Min: 186.6, Avg: 191.2, Max: 191.9, Diff: 5.3, Sum: 1529.2]
      [GC Worker End (ms): Min: 117241.8, Avg: 117241.8, Max: 117241.8, Diff: 0.1]
   [Code Root Fixup: 0.0 ms]
   [Code Root Purge: 0.0 ms]
   [Clear CT: 0.2 ms]
   [Other: 1.0 ms]
      [Choose CSet: 0.0 ms]
      [Ref Proc: 0.2 ms]
      [Ref Enq: 0.0 ms]
      [Redirty Cards: 0.2 ms]
      [Humongous Register: 0.1 ms]
      [Humongous Reclaim: 0.0 ms]
      [Free CSet: 0.3 ms]
   [Eden: 287.0M(287.0M)->0.0B(266.0M) Survivors: 38.0M->41.0M Heap: 688.8M(2048.0M)->691.3M(2048.0M)]
 [Times: user=1.36 sys=0.00, real=0.19 secs] 
2020-09-29T12:12:52.459+0200: 117.429: [GC pause (G1 Evacuation Pause) (young), 0.1849503 secs]
   [Parallel Time: 183.8 ms, GC Workers: 8]
      [GC Worker Start (ms): Min: 117428.6, Avg: 117428.7, Max: 117428.8, Diff: 0.1]
      [Ext Root Scanning (ms): Min: 0.0, Avg: 0.1, Max: 0.2, Diff: 0.1, Sum: 0.6]
      [Update RS (ms): Min: 16.3, Avg: 16.8, Max: 19.5, Diff: 3.2, Sum: 134.8]
         [Processed Buffers: Min: 12, Avg: 16.8, Max: 18, Diff: 6, Sum: 134]
      [Scan RS (ms): Min: 10.6, Avg: 13.2, Max: 13.8, Diff: 3.2, Sum: 105.5]
      [Code Root Scanning (ms): Min: 0.0, Avg: 0.0, Max: 0.0, Diff: 0.0, Sum: 0.0]
      [Object Copy (ms): Min: 152.1, Avg: 153.1, Max: 153.5, Diff: 1.4, Sum: 1225.2]
      [Termination (ms): Min: 0.0, Avg: 0.3, Max: 1.3, Diff: 1.3, Sum: 2.7]
         [Termination Attempts: Min: 1, Avg: 1287.8, Max: 1647, Diff: 1646, Sum: 10302]
      [GC Worker Other (ms): Min: 0.0, Avg: 0.0, Max: 0.1, Diff: 0.0, Sum: 0.2]
      [GC Worker Total (ms): Min: 183.5, Avg: 183.6, Max: 183.7, Diff: 0.2, Sum: 1469.1]
      [GC Worker End (ms): Min: 117612.3, Avg: 117612.3, Max: 117612.4, Diff: 0.0]
   [Code Root Fixup: 0.0 ms]
   [Code Root Purge: 0.0 ms]
   [Clear CT: 0.2 ms]
   [Other: 1.0 ms]
      [Choose CSet: 0.0 ms]
      [Ref Proc: 0.1 ms]
      [Ref Enq: 0.0 ms]
      [Redirty Cards: 0.2 ms]
      [Humongous Register: 0.1 ms]
      [Humongous Reclaim: 0.0 ms]
      [Free CSet: 0.3 ms]
   [Eden: 266.0M(266.0M)->0.0B(260.0M) Survivors: 41.0M->39.0M Heap: 1001.1M(2048.0M)->1002.6M(2048.0M)]
 [Times: user=1.17 sys=0.00, real=0.18 secs] 
2020-09-29T12:12:52.654+0200: 117.623: [GC pause (G1 Humongous Allocation) (young) (initial-mark), 0.0613619 secs]
   [Parallel Time: 60.4 ms, GC Workers: 8]
      [GC Worker Start (ms): Min: 117623.6, Avg: 117623.6, Max: 117623.6, Diff: 0.1]
      [Ext Root Scanning (ms): Min: 0.0, Avg: 0.1, Max: 0.1, Diff: 0.1, Sum: 0.7]
      [Update RS (ms): Min: 30.1, Avg: 30.3, Max: 30.6, Diff: 0.5, Sum: 242.5]
         [Processed Buffers: Min: 32, Avg: 36.0, Max: 40, Diff: 8, Sum: 288]
      [Scan RS (ms): Min: 2.2, Avg: 2.4, Max: 2.7, Diff: 0.5, Sum: 19.4]
      [Code Root Scanning (ms): Min: 0.0, Avg: 0.0, Max: 0.0, Diff: 0.0, Sum: 0.0]
      [Object Copy (ms): Min: 27.1, Avg: 27.1, Max: 27.3, Diff: 0.2, Sum: 217.0]
      [Termination (ms): Min: 0.0, Avg: 0.2, Max: 0.3, Diff: 0.3, Sum: 1.7]
         [Termination Attempts: Min: 1, Avg: 1314.1, Max: 1654, Diff: 1653, Sum: 10513]
      [GC Worker Other (ms): Min: 0.0, Avg: 0.0, Max: 0.0, Diff: 0.0, Sum: 0.1]
      [GC Worker Total (ms): Min: 60.1, Avg: 60.2, Max: 60.2, Diff: 0.1, Sum: 481.5]
      [GC Worker End (ms): Min: 117683.8, Avg: 117683.8, Max: 117683.8, Diff: 0.0]
   [Code Root Fixup: 0.0 ms]
   [Code Root Purge: 0.0 ms]
   [Clear CT: 0.1 ms]
   [Other: 0.9 ms]
      [Choose CSet: 0.0 ms]
      [Ref Proc: 0.3 ms]
      [Ref Enq: 0.0 ms]
      [Redirty Cards: 0.2 ms]
      [Humongous Register: 0.1 ms]
      [Humongous Reclaim: 0.0 ms]
      [Free CSet: 0.1 ms]
   [Eden: 1024.0K(260.0M)->0.0B(265.0M) Survivors: 39.0M->4096.0K Heap: 1003.6M(2048.0M)->1007.6M(2048.0M)]
 [Times: user=0.47 sys=0.00, real=0.06 secs] 
2020-09-29T12:12:52.715+0200: 117.685: [GC concurrent-root-region-scan-start]
2020-09-29T12:12:52.715+0200: 117.685: [GC concurrent-root-region-scan-end, 0.0004093 secs]
2020-09-29T12:12:52.715+0200: 117.685: [GC concurrent-mark-start]
2020-09-29T12:12:52.719+0200: 117.689: [GC concurrent-mark-end, 0.0032959 secs]
2020-09-29T12:12:52.719+0200: 117.689: [GC remark 2020-09-29T12:12:52.719+0200: 117.689: [Finalize Marking, 0.0002220 secs] 2020-09-29T12:12:52.719+0200: 117.689: [GC ref-proc, 0.0003382 secs] 2020-09-29T12:12:52.720+0200: 117.689: [Unloading, 0.0005869 secs], 0.0016080 secs]
 [Times: user=0.00 sys=0.00, real=0.00 secs] 
2020-09-29T12:12:52.721+0200: 117.691: [GC cleanup 1016M->22M(2048M), 0.0014453 secs]
 [Times: user=0.09 sys=0.00, real=0.00 secs] 
2020-09-29T12:12:52.723+0200: 117.692: [GC concurrent-cleanup-start]
2020-09-29T12:12:52.724+0200: 117.694: [GC concurrent-cleanup-end, 0.0015436 secs]
2020-09-29T12:12:52.882+0200: 117.851: [GC pause (G1 Evacuation Pause) (young), 0.1543729 secs]
   [Parallel Time: 151.6 ms, GC Workers: 8]
      [GC Worker Start (ms): Min: 117851.5, Avg: 117851.6, Max: 117851.7, Diff: 0.2]
      [Ext Root Scanning (ms): Min: 0.0, Avg: 0.1, Max: 0.2, Diff: 0.2, Sum: 0.6]
      [Update RS (ms): Min: 19.1, Avg: 19.3, Max: 20.0, Diff: 0.9, Sum: 154.6]
         [Processed Buffers: Min: 0, Avg: 17.0, Max: 21, Diff: 21, Sum: 136]
      [Scan RS (ms): Min: 15.8, Avg: 16.5, Max: 16.8, Diff: 1.0, Sum: 132.1]
      [Code Root Scanning (ms): Min: 0.0, Avg: 0.0, Max: 0.0, Diff: 0.0, Sum: 0.0]
      [Object Copy (ms): Min: 115.1, Avg: 115.3, Max: 115.4, Diff: 0.3, Sum: 922.2]
      [Termination (ms): Min: 0.0, Avg: 0.1, Max: 0.1, Diff: 0.1, Sum: 0.6]
         [Termination Attempts: Min: 1, Avg: 223.9, Max: 329, Diff: 328, Sum: 1791]
      [GC Worker Other (ms): Min: 0.0, Avg: 0.0, Max: 0.0, Diff: 0.0, Sum: 0.1]
      [GC Worker Total (ms): Min: 151.2, Avg: 151.3, Max: 151.4, Diff: 0.2, Sum: 1210.2]
      [GC Worker End (ms): Min: 118002.8, Avg: 118002.9, Max: 118002.9, Diff: 0.0]
   [Code Root Fixup: 0.0 ms]
   [Code Root Purge: 0.0 ms]
   [Clear CT: 0.2 ms]
   [Other: 2.6 ms]
      [Choose CSet: 0.0 ms]
      [Ref Proc: 0.3 ms]
      [Ref Enq: 0.0 ms]
      [Redirty Cards: 1.8 ms]
      [Humongous Register: 0.0 ms]
      [Humongous Reclaim: 0.0 ms]
      [Free CSet: 0.2 ms]
   [Eden: 265.0M(265.0M)->0.0B(245.0M) Survivors: 4096.0K->34.0M Heap: 324.3M(2048.0M)->323.3M(2048.0M)]
 [Times: user=1.03 sys=0.03, real=0.15 secs] 
2020-09-29T12:12:53.239+0200: 118.209: [GC pause (G1 Evacuation Pause) (young), 0.1930765 secs]
   [Parallel Time: 192.0 ms, GC Workers: 8]
      [GC Worker Start (ms): Min: 118209.0, Avg: 118209.1, Max: 118209.2, Diff: 0.2]
      [Ext Root Scanning (ms): Min: 0.0, Avg: 0.1, Max: 0.1, Diff: 0.1, Sum: 0.7]
      [Update RS (ms): Min: 19.6, Avg: 20.9, Max: 28.2, Diff: 8.6, Sum: 166.9]
         [Processed Buffers: Min: 0, Avg: 19.5, Max: 25, Diff: 25, Sum: 156]
      [Scan RS (ms): Min: 4.9, Avg: 12.2, Max: 13.6, Diff: 8.8, Sum: 97.9]
      [Code Root Scanning (ms): Min: 0.0, Avg: 0.0, Max: 0.0, Diff: 0.0, Sum: 0.0]
      [Object Copy (ms): Min: 158.1, Avg: 158.4, Max: 158.8, Diff: 0.7, Sum: 1267.6]
      [Termination (ms): Min: 0.0, Avg: 0.1, Max: 0.2, Diff: 0.2, Sum: 1.1]
         [Termination Attempts: Min: 1, Avg: 1095.9, Max: 1381, Diff: 1380, Sum: 8767]
      [GC Worker Other (ms): Min: 0.0, Avg: 0.0, Max: 0.1, Diff: 0.1, Sum: 0.3]
      [GC Worker Total (ms): Min: 191.8, Avg: 191.8, Max: 191.9, Diff: 0.1, Sum: 1534.6]
      [GC Worker End (ms): Min: 118400.9, Avg: 118400.9, Max: 118400.9, Diff: 0.1]
   [Code Root Fixup: 0.0 ms]
   [Code Root Purge: 0.0 ms]
   [Clear CT: 0.1 ms]
   [Other: 0.9 ms]
      [Choose CSet: 0.0 ms]
      [Ref Proc: 0.2 ms]
      [Ref Enq: 0.0 ms]
      [Redirty Cards: 0.2 ms]
      [Humongous Register: 0.1 ms]
      [Humongous Reclaim: 0.0 ms]
      [Free CSet: 0.2 ms]
   [Eden: 245.0M(245.0M)->0.0B(232.0M) Survivors: 34.0M->35.0M Heap: 608.3M(2048.0M)->610.3M(2048.0M)]
 [Times: user=1.36 sys=0.00, real=0.19 secs] 
2020-09-29T12:12:53.636+0200: 118.605: [GC pause (G1 Evacuation Pause) (young), 0.3135714 secs]
   [Parallel Time: 312.2 ms, GC Workers: 8]
      [GC Worker Start (ms): Min: 118605.1, Avg: 118617.2, Max: 118637.5, Diff: 32.4]
      [Ext Root Scanning (ms): Min: 0.0, Avg: 0.1, Max: 0.2, Diff: 0.1, Sum: 0.4]
      [Update RS (ms): Min: 0.0, Avg: 16.6, Max: 26.6, Diff: 26.6, Sum: 132.4]
         [Processed Buffers: Min: 0, Avg: 16.1, Max: 27, Diff: 27, Sum: 129]
      [Scan RS (ms): Min: 11.8, Avg: 20.6, Max: 38.9, Diff: 27.2, Sum: 164.9]
      [Code Root Scanning (ms): Min: 0.0, Avg: 0.0, Max: 0.0, Diff: 0.0, Sum: 0.0]
      [Object Copy (ms): Min: 240.2, Avg: 256.3, Max: 267.8, Diff: 27.7, Sum: 2050.1]
      [Termination (ms): Min: 0.1, Avg: 6.5, Max: 27.7, Diff: 27.7, Sum: 51.7]
         [Termination Attempts: Min: 1, Avg: 2713.1, Max: 4376, Diff: 4375, Sum: 21705]
      [GC Worker Other (ms): Min: 0.0, Avg: 0.0, Max: 0.0, Diff: 0.0, Sum: 0.1]
      [GC Worker Total (ms): Min: 279.7, Avg: 300.0, Max: 312.1, Diff: 32.4, Sum: 2399.8]
      [GC Worker End (ms): Min: 118917.1, Avg: 118917.1, Max: 118917.2, Diff: 0.1]
   [Code Root Fixup: 0.0 ms]
   [Code Root Purge: 0.0 ms]
   [Clear CT: 0.2 ms]
   [Other: 1.2 ms]
      [Choose CSet: 0.0 ms]
      [Ref Proc: 0.2 ms]
      [Ref Enq: 0.0 ms]
      [Redirty Cards: 0.4 ms]
      [Humongous Register: 0.1 ms]
      [Humongous Reclaim: 0.0 ms]
      [Free CSet: 0.3 ms]
   [Eden: 232.0M(232.0M)->0.0B(148.0M) Survivors: 35.0M->34.0M Heap: 880.5M(2048.0M)->882.5M(2048.0M)]
 [Times: user=1.73 sys=0.00, real=0.31 secs] 
2020-09-29T12:12:54.064+0200: 119.033: [GC pause (G1 Evacuation Pause) (young), 0.1423141 secs]
   [Parallel Time: 141.4 ms, GC Workers: 8]
      [GC Worker Start (ms): Min: 119033.3, Avg: 119033.4, Max: 119033.5, Diff: 0.2]
      [Ext Root Scanning (ms): Min: 0.0, Avg: 0.1, Max: 0.1, Diff: 0.1, Sum: 0.6]
      [Update RS (ms): Min: 22.6, Avg: 23.2, Max: 26.0, Diff: 3.4, Sum: 186.0]
         [Processed Buffers: Min: 0, Avg: 18.5, Max: 23, Diff: 23, Sum: 148]
      [Scan RS (ms): Min: 2.8, Avg: 6.3, Max: 10.8, Diff: 8.0, Sum: 50.2]
      [Code Root Scanning (ms): Min: 0.0, Avg: 0.0, Max: 0.0, Diff: 0.0, Sum: 0.0]
      [Object Copy (ms): Min: 107.3, Avg: 111.5, Max: 112.3, Diff: 5.0, Sum: 892.1]
      [Termination (ms): Min: 0.0, Avg: 0.1, Max: 0.1, Diff: 0.1, Sum: 0.6]
         [Termination Attempts: Min: 1, Avg: 305.4, Max: 507, Diff: 506, Sum: 2443]
      [GC Worker Other (ms): Min: 0.0, Avg: 0.0, Max: 0.0, Diff: 0.0, Sum: 0.1]
      [GC Worker Total (ms): Min: 141.1, Avg: 141.2, Max: 141.3, Diff: 0.2, Sum: 1129.6]
      [GC Worker End (ms): Min: 119174.5, Avg: 119174.6, Max: 119174.6, Diff: 0.0]
   [Code Root Fixup: 0.0 ms]
   [Code Root Purge: 0.0 ms]
   [Clear CT: 0.2 ms]
   [Other: 0.8 ms]
      [Choose CSet: 0.0 ms]
      [Ref Proc: 0.2 ms]
      [Ref Enq: 0.0 ms]
      [Redirty Cards: 0.2 ms]
      [Humongous Register: 0.1 ms]
      [Humongous Reclaim: 0.0 ms]
      [Free CSet: 0.2 ms]
   [Eden: 148.0M(148.0M)->0.0B(173.0M) Survivors: 34.0M->23.0M Heap: 1055.3M(2048.0M)->1057.3M(2048.0M)]
 [Times: user=0.94 sys=0.00, real=0.14 secs] 
2020-09-29T12:12:54.214+0200: 119.183: [GC pause (G1 Humongous Allocation) (young) (initial-mark), 0.0374157 secs]
   [Parallel Time: 36.3 ms, GC Workers: 8]
      [GC Worker Start (ms): Min: 119183.5, Avg: 119183.6, Max: 119183.6, Diff: 0.1]
      [Ext Root Scanning (ms): Min: 0.1, Avg: 0.1, Max: 0.2, Diff: 0.1, Sum: 0.8]
      [Update RS (ms): Min: 22.1, Avg: 22.4, Max: 22.7, Diff: 0.7, Sum: 179.3]
         [Processed Buffers: Min: 21, Avg: 23.5, Max: 26, Diff: 5, Sum: 188]
      [Scan RS (ms): Min: 0.9, Avg: 1.2, Max: 1.6, Diff: 0.7, Sum: 9.9]
      [Code Root Scanning (ms): Min: 0.0, Avg: 0.0, Max: 0.0, Diff: 0.0, Sum: 0.0]
      [Object Copy (ms): Min: 12.1, Avg: 12.2, Max: 12.2, Diff: 0.1, Sum: 97.4]
      [Termination (ms): Min: 0.0, Avg: 0.1, Max: 0.2, Diff: 0.2, Sum: 1.1]
         [Termination Attempts: Min: 1, Avg: 89.0, Max: 137, Diff: 136, Sum: 712]
      [GC Worker Other (ms): Min: 0.0, Avg: 0.0, Max: 0.1, Diff: 0.1, Sum: 0.2]
      [GC Worker Total (ms): Min: 36.0, Avg: 36.1, Max: 36.2, Diff: 0.2, Sum: 288.7]
      [GC Worker End (ms): Min: 119219.6, Avg: 119219.7, Max: 119219.7, Diff: 0.1]
   [Code Root Fixup: 0.0 ms]
   [Code Root Purge: 0.0 ms]
   [Clear CT: 0.3 ms]
   [Other: 0.9 ms]
      [Choose CSet: 0.0 ms]
      [Ref Proc: 0.2 ms]
      [Ref Enq: 0.0 ms]
      [Redirty Cards: 0.3 ms]
      [Humongous Register: 0.0 ms]
      [Humongous Reclaim: 0.0 ms]
      [Free CSet: 0.1 ms]
   [Eden: 3072.0K(173.0M)->0.0B(224.0M) Survivors: 23.0M->5120.0K Heap: 1060.3M(2048.0M)->1063.8M(2048.0M)]
 [Times: user=0.22 sys=0.00, real=0.04 secs] 
2020-09-29T12:12:54.251+0200: 119.221: [GC concurrent-root-region-scan-start]
2020-09-29T12:12:54.253+0200: 119.222: [GC concurrent-root-region-scan-end, 0.0014682 secs]
2020-09-29T12:12:54.253+0200: 119.222: [GC concurrent-mark-start]
2020-09-29T12:12:54.257+0200: 119.226: [GC concurrent-mark-end, 0.0039394 secs]
2020-09-29T12:12:54.257+0200: 119.227: [GC remark 2020-09-29T12:12:54.257+0200: 119.227: [Finalize Marking, 0.0002220 secs] 2020-09-29T12:12:54.258+0200: 119.227: [GC ref-proc, 0.0004378 secs] 2020-09-29T12:12:54.258+0200: 119.227: [Unloading, 0.0005520 secs], 0.0017086 secs]
 [Times: user=0.00 sys=0.00, real=0.00 secs] 
2020-09-29T12:12:54.259+0200: 119.229: [GC cleanup 1075M->26M(2048M), 0.0023662 secs]
 [Times: user=0.00 sys=0.00, real=0.00 secs] 
2020-09-29T12:12:54.262+0200: 119.231: [GC concurrent-cleanup-start]
2020-09-29T12:12:54.264+0200: 119.234: [GC concurrent-cleanup-end, 0.0022809 secs]
2020-09-29T12:12:54.409+0200: 119.378: [GC pause (G1 Evacuation Pause) (young), 0.1556468 secs]
   [Parallel Time: 154.5 ms, GC Workers: 8]
      [GC Worker Start (ms): Min: 119378.5, Avg: 119378.6, Max: 119379.0, Diff: 0.5]
      [Ext Root Scanning (ms): Min: 0.0, Avg: 0.1, Max: 0.1, Diff: 0.1, Sum: 0.7]
      [Update RS (ms): Min: 15.0, Avg: 17.4, Max: 32.0, Diff: 17.0, Sum: 139.2]
         [Processed Buffers: Min: 0, Avg: 15.1, Max: 19, Diff: 19, Sum: 121]
      [Scan RS (ms): Min: 0.0, Avg: 8.5, Max: 9.9, Diff: 9.8, Sum: 68.0]
      [Code Root Scanning (ms): Min: 0.0, Avg: 0.0, Max: 0.0, Diff: 0.0, Sum: 0.0]
      [Object Copy (ms): Min: 122.1, Avg: 128.1, Max: 129.1, Diff: 7.0, Sum: 1025.1]
      [Termination (ms): Min: 0.0, Avg: 0.1, Max: 0.2, Diff: 0.2, Sum: 1.0]
         [Termination Attempts: Min: 1, Avg: 914.1, Max: 1134, Diff: 1133, Sum: 7313]
      [GC Worker Other (ms): Min: 0.0, Avg: 0.0, Max: 0.1, Diff: 0.0, Sum: 0.2]
      [GC Worker Total (ms): Min: 153.9, Avg: 154.3, Max: 154.4, Diff: 0.5, Sum: 1234.2]
      [GC Worker End (ms): Min: 119532.9, Avg: 119532.9, Max: 119532.9, Diff: 0.0]
   [Code Root Fixup: 0.0 ms]
   [Code Root Purge: 0.0 ms]
   [Clear CT: 0.1 ms]
   [Other: 1.0 ms]
      [Choose CSet: 0.0 ms]
      [Ref Proc: 0.2 ms]
      [Ref Enq: 0.0 ms]
      [Redirty Cards: 0.2 ms]
      [Humongous Register: 0.0 ms]
      [Humongous Reclaim: 0.0 ms]
      [Free CSet: 0.2 ms]
   [Eden: 224.0M(224.0M)->0.0B(212.0M) Survivors: 5120.0K->29.0M Heap: 276.6M(2048.0M)->273.6M(2048.0M)]
 [Times: user=1.05 sys=0.02, real=0.16 secs] 
2020-09-29T12:12:54.701+0200: 119.670: [GC pause (G1 Evacuation Pause) (young), 0.1281422 secs]
   [Parallel Time: 127.0 ms, GC Workers: 8]
      [GC Worker Start (ms): Min: 119670.3, Avg: 119670.3, Max: 119670.4, Diff: 0.2]
      [Ext Root Scanning (ms): Min: 0.0, Avg: 0.1, Max: 0.1, Diff: 0.1, Sum: 0.7]
      [Update RS (ms): Min: 17.0, Avg: 17.1, Max: 17.2, Diff: 0.2, Sum: 136.6]
         [Processed Buffers: Min: 11, Avg: 17.1, Max: 20, Diff: 9, Sum: 137]
      [Scan RS (ms): Min: 9.3, Avg: 9.4, Max: 9.5, Diff: 0.2, Sum: 75.4]
      [Code Root Scanning (ms): Min: 0.0, Avg: 0.0, Max: 0.0, Diff: 0.0, Sum: 0.0]
      [Object Copy (ms): Min: 100.0, Avg: 100.1, Max: 100.3, Diff: 0.2, Sum: 801.0]
      [Termination (ms): Min: 0.0, Avg: 0.1, Max: 0.2, Diff: 0.2, Sum: 1.1]
         [Termination Attempts: Min: 1, Avg: 921.5, Max: 1250, Diff: 1249, Sum: 7372]
      [GC Worker Other (ms): Min: 0.0, Avg: 0.0, Max: 0.1, Diff: 0.0, Sum: 0.3]
      [GC Worker Total (ms): Min: 126.8, Avg: 126.9, Max: 126.9, Diff: 0.2, Sum: 1015.1]
      [GC Worker End (ms): Min: 119797.2, Avg: 119797.2, Max: 119797.3, Diff: 0.0]
   [Code Root Fixup: 0.0 ms]
   [Code Root Purge: 0.0 ms]
   [Clear CT: 0.2 ms]
   [Other: 1.0 ms]
      [Choose CSet: 0.0 ms]
      [Ref Proc: 0.2 ms]
      [Ref Enq: 0.0 ms]
      [Redirty Cards: 0.2 ms]
      [Humongous Register: 0.0 ms]
      [Humongous Reclaim: 0.0 ms]
      [Free CSet: 0.2 ms]
   [Eden: 212.0M(212.0M)->0.0B(233.0M) Survivors: 29.0M->31.0M Heap: 521.9M(2048.0M)->523.9M(2048.0M)]
 [Times: user=0.95 sys=0.02, real=0.13 secs] 
2020-09-29T12:12:54.980+0200: 119.949: [GC pause (G1 Evacuation Pause) (young), 0.1363579 secs]
   [Parallel Time: 135.2 ms, GC Workers: 8]
      [GC Worker Start (ms): Min: 119949.6, Avg: 119949.6, Max: 119949.7, Diff: 0.1]
      [Ext Root Scanning (ms): Min: 0.0, Avg: 0.1, Max: 0.1, Diff: 0.1, Sum: 0.8]
      [Update RS (ms): Min: 16.9, Avg: 17.0, Max: 17.2, Diff: 0.3, Sum: 135.9]
         [Processed Buffers: Min: 17, Avg: 18.9, Max: 21, Diff: 4, Sum: 151]
      [Scan RS (ms): Min: 10.7, Avg: 10.9, Max: 11.1, Diff: 0.4, Sum: 87.3]
      [Code Root Scanning (ms): Min: 0.0, Avg: 0.0, Max: 0.0, Diff: 0.0, Sum: 0.0]
      [Object Copy (ms): Min: 106.9, Avg: 107.0, Max: 107.0, Diff: 0.1, Sum: 856.1]
      [Termination (ms): Min: 0.0, Avg: 0.0, Max: 0.0, Diff: 0.0, Sum: 0.0]
         [Termination Attempts: Min: 1, Avg: 40.6, Max: 55, Diff: 54, Sum: 325]
      [GC Worker Other (ms): Min: 0.0, Avg: 0.0, Max: 0.1, Diff: 0.0, Sum: 0.2]
      [GC Worker Total (ms): Min: 135.0, Avg: 135.0, Max: 135.1, Diff: 0.1, Sum: 1080.3]
      [GC Worker End (ms): Min: 120084.7, Avg: 120084.7, Max: 120084.7, Diff: 0.0]
   [Code Root Fixup: 0.0 ms]
   [Code Root Purge: 0.0 ms]
   [Clear CT: 0.2 ms]
   [Other: 1.0 ms]
      [Choose CSet: 0.0 ms]
      [Ref Proc: 0.2 ms]
      [Ref Enq: 0.0 ms]
      [Redirty Cards: 0.2 ms]
      [Humongous Register: 0.1 ms]
      [Humongous Reclaim: 0.0 ms]
      [Free CSet: 0.2 ms]
   [Eden: 233.0M(233.0M)->0.0B(251.0M) Survivors: 31.0M->33.0M Heap: 795.0M(2048.0M)->797.5M(2048.0M)]
 [Times: user=1.06 sys=0.01, real=0.14 secs] 
2020-09-29T12:12:55.277+0200: 120.247: [GC pause (G1 Evacuation Pause) (young), 0.1479067 secs]
   [Parallel Time: 146.8 ms, GC Workers: 8]
      [GC Worker Start (ms): Min: 120247.0, Avg: 120247.1, Max: 120248.0, Diff: 1.0]
      [Ext Root Scanning (ms): Min: 0.0, Avg: 0.1, Max: 0.2, Diff: 0.2, Sum: 0.7]
      [Update RS (ms): Min: 18.1, Avg: 18.9, Max: 19.2, Diff: 1.1, Sum: 151.1]
         [Processed Buffers: Min: 16, Avg: 19.6, Max: 24, Diff: 8, Sum: 157]
      [Scan RS (ms): Min: 11.7, Avg: 11.9, Max: 12.0, Diff: 0.4, Sum: 95.0]
      [Code Root Scanning (ms): Min: 0.0, Avg: 0.0, Max: 0.0, Diff: 0.0, Sum: 0.0]
      [Object Copy (ms): Min: 115.5, Avg: 115.6, Max: 115.7, Diff: 0.2, Sum: 924.9]
      [Termination (ms): Min: 0.0, Avg: 0.0, Max: 0.0, Diff: 0.0, Sum: 0.1]
         [Termination Attempts: Min: 1, Avg: 59.6, Max: 89, Diff: 88, Sum: 477]
      [GC Worker Other (ms): Min: 0.0, Avg: 0.1, Max: 0.1, Diff: 0.1, Sum: 0.5]
      [GC Worker Total (ms): Min: 145.7, Avg: 146.5, Max: 146.7, Diff: 1.0, Sum: 1172.2]
      [GC Worker End (ms): Min: 120393.6, Avg: 120393.7, Max: 120393.7, Diff: 0.1]
   [Code Root Fixup: 0.0 ms]
   [Code Root Purge: 0.0 ms]
   [Clear CT: 0.1 ms]
   [Other: 1.0 ms]
      [Choose CSet: 0.0 ms]
      [Ref Proc: 0.2 ms]
      [Ref Enq: 0.0 ms]
      [Redirty Cards: 0.2 ms]
      [Humongous Register: 0.1 ms]
      [Humongous Reclaim: 0.0 ms]
      [Free CSet: 0.2 ms]
   [Eden: 251.0M(251.0M)->0.0B(265.0M) Survivors: 33.0M->36.0M Heap: 1090.5M(2048.0M)->1093.0M(2048.0M)]
 [Times: user=1.06 sys=0.00, real=0.15 secs] 
2020-09-29T12:12:55.435+0200: 120.405: [GC pause (G1 Humongous Allocation) (young) (initial-mark), 0.0673920 secs]
   [Parallel Time: 66.4 ms, GC Workers: 8]
      [GC Worker Start (ms): Min: 120405.0, Avg: 120405.0, Max: 120405.1, Diff: 0.1]
      [Ext Root Scanning (ms): Min: 0.0, Avg: 0.1, Max: 0.1, Diff: 0.1, Sum: 0.7]
      [Update RS (ms): Min: 31.3, Avg: 31.6, Max: 32.3, Diff: 1.0, Sum: 253.2]
         [Processed Buffers: Min: 13, Avg: 34.6, Max: 43, Diff: 30, Sum: 277]
      [Scan RS (ms): Min: 1.8, Avg: 4.9, Max: 21.6, Diff: 19.8, Sum: 38.9]
      [Code Root Scanning (ms): Min: 0.0, Avg: 0.0, Max: 0.0, Diff: 0.0, Sum: 0.0]
      [Object Copy (ms): Min: 12.9, Avg: 29.5, Max: 32.0, Diff: 19.1, Sum: 236.0]
      [Termination (ms): Min: 0.0, Avg: 0.2, Max: 0.3, Diff: 0.3, Sum: 1.5]
         [Termination Attempts: Min: 1, Avg: 1173.9, Max: 1715, Diff: 1714, Sum: 9391]
      [GC Worker Other (ms): Min: 0.0, Avg: 0.0, Max: 0.0, Diff: 0.0, Sum: 0.1]
      [GC Worker Total (ms): Min: 66.2, Avg: 66.3, Max: 66.3, Diff: 0.1, Sum: 530.3]
      [GC Worker End (ms): Min: 120471.3, Avg: 120471.3, Max: 120471.3, Diff: 0.0]
   [Code Root Fixup: 0.0 ms]
   [Code Root Purge: 0.0 ms]
   [Clear CT: 0.2 ms]
   [Other: 0.8 ms]
      [Choose CSet: 0.0 ms]
      [Ref Proc: 0.1 ms]
      [Ref Enq: 0.0 ms]
      [Redirty Cards: 0.2 ms]
      [Humongous Register: 0.1 ms]
      [Humongous Reclaim: 0.0 ms]
      [Free CSet: 0.2 ms]
   [Eden: 8192.0K(265.0M)->0.0B(249.0M) Survivors: 36.0M->9216.0K Heap: 1100.5M(2048.0M)->1105.0M(2048.0M)]
 [Times: user=0.44 sys=0.00, real=0.07 secs] 
2020-09-29T12:12:55.503+0200: 120.472: [GC concurrent-root-region-scan-start]
2020-09-29T12:12:55.505+0200: 120.475: [GC concurrent-root-region-scan-end, 0.0025356 secs]
2020-09-29T12:12:55.505+0200: 120.475: [GC concurrent-mark-start]
2020-09-29T12:12:55.509+0200: 120.479: [GC concurrent-mark-end, 0.0038257 secs]
2020-09-29T12:12:55.509+0200: 120.479: [GC remark 2020-09-29T12:12:55.510+0200: 120.479: [Finalize Marking, 0.0002392 secs] 2020-09-29T12:12:55.510+0200: 120.480: [GC ref-proc, 0.0004169 secs] 2020-09-29T12:12:55.510+0200: 120.480: [Unloading, 0.0005958 secs], 0.0017506 secs]
 [Times: user=0.00 sys=0.00, real=0.00 secs] 
2020-09-29T12:12:55.512+0200: 120.481: [GC cleanup 1121M->35M(2048M), 0.0014696 secs]
 [Times: user=0.00 sys=0.00, real=0.00 secs] 
2020-09-29T12:12:55.513+0200: 120.483: [GC concurrent-cleanup-start]
2020-09-29T12:12:55.515+0200: 120.485: [GC concurrent-cleanup-end, 0.0019304 secs]
2020-09-29T12:12:55.659+0200: 120.628: [GC pause (G1 Evacuation Pause) (young), 0.1453607 secs]
   [Parallel Time: 144.3 ms, GC Workers: 8]
      [GC Worker Start (ms): Min: 120628.5, Avg: 120628.6, Max: 120628.7, Diff: 0.2]
      [Ext Root Scanning (ms): Min: 0.0, Avg: 0.1, Max: 0.1, Diff: 0.1, Sum: 0.6]
      [Update RS (ms): Min: 16.6, Avg: 16.8, Max: 17.0, Diff: 0.4, Sum: 134.1]
         [Processed Buffers: Min: 16, Avg: 17.4, Max: 19, Diff: 3, Sum: 139]
      [Scan RS (ms): Min: 9.4, Avg: 9.6, Max: 9.8, Diff: 0.4, Sum: 77.0]
      [Code Root Scanning (ms): Min: 0.0, Avg: 0.0, Max: 0.0, Diff: 0.0, Sum: 0.0]
      [Object Copy (ms): Min: 117.2, Avg: 117.3, Max: 117.5, Diff: 0.3, Sum: 938.3]
      [Termination (ms): Min: 0.0, Avg: 0.3, Max: 0.4, Diff: 0.3, Sum: 2.3]
         [Termination Attempts: Min: 1, Avg: 1661.6, Max: 2339, Diff: 2338, Sum: 13293]
      [GC Worker Other (ms): Min: 0.0, Avg: 0.0, Max: 0.0, Diff: 0.0, Sum: 0.1]
      [GC Worker Total (ms): Min: 144.0, Avg: 144.0, Max: 144.1, Diff: 0.2, Sum: 1152.4]
      [GC Worker End (ms): Min: 120772.7, Avg: 120772.7, Max: 120772.7, Diff: 0.0]
   [Code Root Fixup: 0.0 ms]
   [Code Root Purge: 0.0 ms]
   [Clear CT: 0.2 ms]
   [Other: 0.9 ms]
      [Choose CSet: 0.0 ms]
      [Ref Proc: 0.2 ms]
      [Ref Enq: 0.0 ms]
      [Redirty Cards: 0.2 ms]
      [Humongous Register: 0.1 ms]
      [Humongous Reclaim: 0.0 ms]
      [Free CSet: 0.2 ms]
   [Eden: 249.0M(249.0M)->0.0B(244.0M) Survivors: 9216.0K->33.0M Heap: 310.0M(2048.0M)->303.5M(2048.0M)]
 [Times: user=1.14 sys=0.00, real=0.14 secs] 
2020-09-29T12:12:55.954+0200: 120.924: [GC pause (G1 Evacuation Pause) (young), 0.1462161 secs]
   [Parallel Time: 144.6 ms, GC Workers: 8]
      [GC Worker Start (ms): Min: 120924.1, Avg: 120924.2, Max: 120924.3, Diff: 0.1]
      [Ext Root Scanning (ms): Min: 0.0, Avg: 0.1, Max: 0.2, Diff: 0.1, Sum: 0.6]
      [Update RS (ms): Min: 17.2, Avg: 17.3, Max: 17.6, Diff: 0.4, Sum: 138.8]
         [Processed Buffers: Min: 15, Avg: 18.5, Max: 21, Diff: 6, Sum: 148]
      [Scan RS (ms): Min: 11.1, Avg: 11.4, Max: 11.6, Diff: 0.4, Sum: 91.3]
      [Code Root Scanning (ms): Min: 0.0, Avg: 0.0, Max: 0.0, Diff: 0.0, Sum: 0.0]
      [Object Copy (ms): Min: 115.4, Avg: 115.5, Max: 115.6, Diff: 0.1, Sum: 923.9]
      [Termination (ms): Min: 0.0, Avg: 0.1, Max: 0.1, Diff: 0.1, Sum: 0.6]
         [Termination Attempts: Min: 1, Avg: 483.8, Max: 603, Diff: 602, Sum: 3870]
      [GC Worker Other (ms): Min: 0.0, Avg: 0.0, Max: 0.1, Diff: 0.0, Sum: 0.3]
      [GC Worker Total (ms): Min: 144.4, Avg: 144.4, Max: 144.5, Diff: 0.2, Sum: 1155.4]
      [GC Worker End (ms): Min: 121068.6, Avg: 121068.6, Max: 121068.6, Diff: 0.0]
   [Code Root Fixup: 0.0 ms]
   [Code Root Purge: 0.0 ms]
   [Clear CT: 0.2 ms]
   [Other: 1.4 ms]
      [Choose CSet: 0.0 ms]
      [Ref Proc: 0.2 ms]
      [Ref Enq: 0.0 ms]
      [Redirty Cards: 0.7 ms]
      [Humongous Register: 0.0 ms]
      [Humongous Reclaim: 0.0 ms]
      [Free CSet: 0.2 ms]
   [Eden: 244.0M(244.0M)->0.0B(258.0M) Survivors: 33.0M->35.0M Heap: 589.4M(2048.0M)->592.4M(2048.0M)]
 [Times: user=1.17 sys=0.00, real=0.15 secs] 
2020-09-29T12:12:56.269+0200: 121.239: [GC pause (G1 Evacuation Pause) (young), 0.1642223 secs]
   [Parallel Time: 163.1 ms, GC Workers: 8]
      [GC Worker Start (ms): Min: 121239.3, Avg: 121240.0, Max: 121243.5, Diff: 4.2]
      [Ext Root Scanning (ms): Min: 0.0, Avg: 0.1, Max: 0.2, Diff: 0.2, Sum: 0.5]
      [Update RS (ms): Min: 23.6, Avg: 27.3, Max: 28.0, Diff: 4.5, Sum: 218.3]
         [Processed Buffers: Min: 23, Avg: 25.6, Max: 29, Diff: 6, Sum: 205]
      [Scan RS (ms): Min: 9.9, Avg: 10.3, Max: 10.6, Diff: 0.7, Sum: 82.1]
      [Code Root Scanning (ms): Min: 0.0, Avg: 0.0, Max: 0.0, Diff: 0.0, Sum: 0.0]
      [Object Copy (ms): Min: 124.4, Avg: 124.5, Max: 124.7, Diff: 0.3, Sum: 996.2]
      [Termination (ms): Min: 0.0, Avg: 0.1, Max: 0.2, Diff: 0.2, Sum: 1.1]
         [Termination Attempts: Min: 1, Avg: 946.3, Max: 1161, Diff: 1160, Sum: 7570]
      [GC Worker Other (ms): Min: 0.0, Avg: 0.0, Max: 0.1, Diff: 0.1, Sum: 0.4]
      [GC Worker Total (ms): Min: 158.8, Avg: 162.3, Max: 162.9, Diff: 4.2, Sum: 1298.5]
      [GC Worker End (ms): Min: 121402.2, Avg: 121402.3, Max: 121402.3, Diff: 0.1]
   [Code Root Fixup: 0.0 ms]
   [Code Root Purge: 0.0 ms]
   [Clear CT: 0.2 ms]
   [Other: 1.0 ms]
      [Choose CSet: 0.0 ms]
      [Ref Proc: 0.3 ms]
      [Ref Enq: 0.0 ms]
      [Redirty Cards: 0.2 ms]
      [Humongous Register: 0.1 ms]
      [Humongous Reclaim: 0.0 ms]
      [Free CSet: 0.2 ms]
   [Eden: 258.0M(258.0M)->0.0B(265.0M) Survivors: 35.0M->37.0M Heap: 892.4M(2048.0M)->894.9M(2048.0M)]
 [Times: user=1.22 sys=0.00, real=0.16 secs] 
2020-09-29T12:12:56.581+0200: 121.550: [GC pause (G1 Evacuation Pause) (young), 0.1590657 secs]
   [Parallel Time: 157.8 ms, GC Workers: 8]
      [GC Worker Start (ms): Min: 121550.6, Avg: 121550.6, Max: 121550.7, Diff: 0.2]
      [Ext Root Scanning (ms): Min: 0.0, Avg: 0.1, Max: 0.1, Diff: 0.1, Sum: 0.7]
      [Update RS (ms): Min: 18.7, Avg: 18.9, Max: 19.3, Diff: 0.6, Sum: 151.2]
         [Processed Buffers: Min: 19, Avg: 20.3, Max: 21, Diff: 2, Sum: 162]
      [Scan RS (ms): Min: 12.2, Avg: 12.7, Max: 13.0, Diff: 0.9, Sum: 101.6]
      [Code Root Scanning (ms): Min: 0.0, Avg: 0.0, Max: 0.0, Diff: 0.0, Sum: 0.0]
      [Object Copy (ms): Min: 125.2, Avg: 125.8, Max: 126.1, Diff: 0.9, Sum: 1006.6]
      [Termination (ms): Min: 0.0, Avg: 0.1, Max: 0.1, Diff: 0.1, Sum: 0.9]
         [Termination Attempts: Min: 1, Avg: 840.0, Max: 1057, Diff: 1056, Sum: 6720]
      [GC Worker Other (ms): Min: 0.0, Avg: 0.0, Max: 0.1, Diff: 0.1, Sum: 0.3]
      [GC Worker Total (ms): Min: 157.6, Avg: 157.7, Max: 157.7, Diff: 0.2, Sum: 1261.3]
      [GC Worker End (ms): Min: 121708.2, Avg: 121708.3, Max: 121708.3, Diff: 0.1]
   [Code Root Fixup: 0.0 ms]
   [Code Root Purge: 0.0 ms]
   [Clear CT: 0.3 ms]
   [Other: 1.0 ms]
      [Choose CSet: 0.0 ms]
      [Ref Proc: 0.2 ms]
      [Ref Enq: 0.0 ms]
      [Redirty Cards: 0.2 ms]
      [Humongous Register: 0.1 ms]
      [Humongous Reclaim: 0.0 ms]
      [Free CSet: 0.3 ms]
   [Eden: 265.0M(265.0M)->0.0B(277.0M) Survivors: 37.0M->38.0M Heap: 1203.8M(2048.0M)->1205.8M(2048.0M)]
 [Times: user=1.28 sys=0.02, real=0.16 secs] 
2020-09-29T12:12:56.745+0200: 121.715: [GC pause (G1 Humongous Allocation) (young) (initial-mark), 0.0580768 secs]
   [Parallel Time: 57.0 ms, GC Workers: 8]
      [GC Worker Start (ms): Min: 121715.1, Avg: 121715.2, Max: 121715.3, Diff: 0.2]
      [Ext Root Scanning (ms): Min: 0.0, Avg: 0.2, Max: 0.2, Diff: 0.2, Sum: 1.4]
      [Update RS (ms): Min: 34.7, Avg: 35.2, Max: 36.0, Diff: 1.2, Sum: 281.6]
         [Processed Buffers: Min: 39, Avg: 42.3, Max: 44, Diff: 5, Sum: 338]
      [Scan RS (ms): Min: 1.3, Avg: 2.0, Max: 2.4, Diff: 1.1, Sum: 15.8]
      [Code Root Scanning (ms): Min: 0.0, Avg: 0.0, Max: 0.0, Diff: 0.0, Sum: 0.0]
      [Object Copy (ms): Min: 19.4, Avg: 19.4, Max: 19.4, Diff: 0.0, Sum: 155.4]
      [Termination (ms): Min: 0.0, Avg: 0.0, Max: 0.0, Diff: 0.0, Sum: 0.2]
         [Termination Attempts: Min: 1, Avg: 205.3, Max: 249, Diff: 248, Sum: 1642]
      [GC Worker Other (ms): Min: 0.0, Avg: 0.0, Max: 0.0, Diff: 0.0, Sum: 0.2]
      [GC Worker Total (ms): Min: 56.7, Avg: 56.8, Max: 56.9, Diff: 0.2, Sum: 454.7]
      [GC Worker End (ms): Min: 121772.0, Avg: 121772.0, Max: 121772.1, Diff: 0.0]
   [Code Root Fixup: 0.0 ms]
   [Code Root Purge: 0.0 ms]
   [Clear CT: 0.1 ms]
   [Other: 0.9 ms]
      [Choose CSet: 0.0 ms]
      [Ref Proc: 0.3 ms]
      [Ref Enq: 0.0 ms]
      [Redirty Cards: 0.2 ms]
      [Humongous Register: 0.1 ms]
      [Humongous Reclaim: 0.0 ms]
      [Free CSet: 0.1 ms]
   [Eden: 3072.0K(277.0M)->0.0B(310.0M) Survivors: 38.0M->6144.0K Heap: 1208.8M(2048.0M)->1213.8M(2048.0M)]
 [Times: user=0.44 sys=0.00, real=0.06 secs] 
2020-09-29T12:12:56.803+0200: 121.773: [GC concurrent-root-region-scan-start]
2020-09-29T12:12:56.804+0200: 121.774: [GC concurrent-root-region-scan-end, 0.0009926 secs]
2020-09-29T12:12:56.804+0200: 121.774: [GC concurrent-mark-start]
2020-09-29T12:12:56.808+0200: 121.778: [GC concurrent-mark-end, 0.0039795 secs]
2020-09-29T12:12:56.809+0200: 121.778: [GC remark 2020-09-29T12:12:56.809+0200: 121.778: [Finalize Marking, 0.0001647 secs] 2020-09-29T12:12:56.809+0200: 121.779: [GC ref-proc, 0.0003477 secs] 2020-09-29T12:12:56.809+0200: 121.779: [Unloading, 0.0004986 secs], 0.0014803 secs]
 [Times: user=0.00 sys=0.00, real=0.00 secs] 
2020-09-29T12:12:56.810+0200: 121.780: [GC cleanup 1222M->24M(2048M), 0.0019519 secs]
 [Times: user=0.00 sys=0.00, real=0.00 secs] 
2020-09-29T12:12:56.812+0200: 121.782: [GC concurrent-cleanup-start]
2020-09-29T12:12:56.815+0200: 121.785: [GC concurrent-cleanup-end, 0.0026086 secs]
2020-09-29T12:12:57.003+0200: 121.973: [GC pause (G1 Evacuation Pause) (young), 0.1922499 secs]
   [Parallel Time: 191.1 ms, GC Workers: 8]
      [GC Worker Start (ms): Min: 121972.8, Avg: 121972.9, Max: 121972.9, Diff: 0.2]
      [Ext Root Scanning (ms): Min: 0.0, Avg: 0.1, Max: 0.2, Diff: 0.2, Sum: 0.5]
      [Update RS (ms): Min: 17.6, Avg: 17.8, Max: 18.8, Diff: 1.2, Sum: 142.6]
         [Processed Buffers: Min: 15, Avg: 17.5, Max: 21, Diff: 6, Sum: 140]
      [Scan RS (ms): Min: 18.1, Avg: 19.0, Max: 19.3, Diff: 1.2, Sum: 152.2]
      [Code Root Scanning (ms): Min: 0.0, Avg: 0.0, Max: 0.0, Diff: 0.0, Sum: 0.0]
      [Object Copy (ms): Min: 153.7, Avg: 153.7, Max: 153.9, Diff: 0.2, Sum: 1229.7]
      [Termination (ms): Min: 0.0, Avg: 0.2, Max: 0.2, Diff: 0.2, Sum: 1.4]
         [Termination Attempts: Min: 1, Avg: 1282.8, Max: 1669, Diff: 1668, Sum: 10262]
      [GC Worker Other (ms): Min: 0.0, Avg: 0.0, Max: 0.1, Diff: 0.0, Sum: 0.2]
      [GC Worker Total (ms): Min: 190.7, Avg: 190.8, Max: 190.9, Diff: 0.2, Sum: 1526.6]
      [GC Worker End (ms): Min: 122163.7, Avg: 122163.7, Max: 122163.7, Diff: 0.0]
   [Code Root Fixup: 0.0 ms]
   [Code Root Purge: 0.0 ms]
   [Clear CT: 0.2 ms]
   [Other: 1.0 ms]
      [Choose CSet: 0.0 ms]
      [Ref Proc: 0.2 ms]
      [Ref Enq: 0.0 ms]
      [Redirty Cards: 0.2 ms]
      [Humongous Register: 0.0 ms]
      [Humongous Reclaim: 0.0 ms]
      [Free CSet: 0.3 ms]
   [Eden: 310.0M(310.0M)->0.0B(263.0M) Survivors: 6144.0K->40.0M Heap: 378.9M(2048.0M)->375.4M(2048.0M)]
 [Times: user=1.44 sys=0.00, real=0.19 secs] 
2020-09-29T12:12:57.348+0200: 122.318: [GC pause (G1 Evacuation Pause) (young), 0.1444944 secs]
   [Parallel Time: 143.4 ms, GC Workers: 8]
      [GC Worker Start (ms): Min: 122318.1, Avg: 122318.2, Max: 122318.3, Diff: 0.2]
      [Ext Root Scanning (ms): Min: 0.0, Avg: 0.1, Max: 0.2, Diff: 0.2, Sum: 0.6]
      [Update RS (ms): Min: 16.7, Avg: 16.8, Max: 17.0, Diff: 0.3, Sum: 134.5]
         [Processed Buffers: Min: 19, Avg: 20.9, Max: 23, Diff: 4, Sum: 167]
      [Scan RS (ms): Min: 11.7, Avg: 11.9, Max: 12.0, Diff: 0.3, Sum: 95.3]
      [Code Root Scanning (ms): Min: 0.0, Avg: 0.0, Max: 0.0, Diff: 0.0, Sum: 0.0]
      [Object Copy (ms): Min: 114.2, Avg: 114.3, Max: 114.3, Diff: 0.1, Sum: 914.1]
      [Termination (ms): Min: 0.0, Avg: 0.1, Max: 0.1, Diff: 0.1, Sum: 0.5]
         [Termination Attempts: Min: 1, Avg: 396.0, Max: 489, Diff: 488, Sum: 3168]
      [GC Worker Other (ms): Min: 0.0, Avg: 0.0, Max: 0.1, Diff: 0.1, Sum: 0.3]
      [GC Worker Total (ms): Min: 143.1, Avg: 143.2, Max: 143.3, Diff: 0.2, Sum: 1145.3]
      [GC Worker End (ms): Min: 122461.4, Avg: 122461.4, Max: 122461.4, Diff: 0.1]
   [Code Root Fixup: 0.0 ms]
   [Code Root Purge: 0.0 ms]
   [Clear CT: 0.2 ms]
   [Other: 1.0 ms]
      [Choose CSet: 0.0 ms]
      [Ref Proc: 0.2 ms]
      [Ref Enq: 0.0 ms]
      [Redirty Cards: 0.3 ms]
      [Humongous Register: 0.0 ms]
      [Humongous Reclaim: 0.0 ms]
      [Free CSet: 0.3 ms]
   [Eden: 263.0M(263.0M)->0.0B(281.0M) Survivors: 40.0M->38.0M Heap: 682.3M(2048.0M)->684.3M(2048.0M)]
 [Times: user=1.13 sys=0.00, real=0.14 secs] 
2020-09-29T12:12:57.646+0200: 122.616: [GC pause (G1 Evacuation Pause) (young), 0.1710762 secs]
   [Parallel Time: 169.9 ms, GC Workers: 8]
      [GC Worker Start (ms): Min: 122616.4, Avg: 122616.5, Max: 122616.6, Diff: 0.2]
      [Ext Root Scanning (ms): Min: 0.0, Avg: 0.1, Max: 0.2, Diff: 0.2, Sum: 0.6]
      [Update RS (ms): Min: 25.1, Avg: 25.3, Max: 25.6, Diff: 0.6, Sum: 202.7]
         [Processed Buffers: Min: 16, Avg: 23.6, Max: 27, Diff: 11, Sum: 189]
      [Scan RS (ms): Min: 14.8, Avg: 15.1, Max: 15.4, Diff: 0.5, Sum: 121.2]
      [Code Root Scanning (ms): Min: 0.0, Avg: 0.0, Max: 0.0, Diff: 0.0, Sum: 0.0]
      [Object Copy (ms): Min: 128.9, Avg: 129.1, Max: 129.2, Diff: 0.3, Sum: 1032.5]
      [Termination (ms): Min: 0.0, Avg: 0.1, Max: 0.1, Diff: 0.1, Sum: 0.5]
         [Termination Attempts: Min: 1, Avg: 409.1, Max: 526, Diff: 525, Sum: 3273]
      [GC Worker Other (ms): Min: 0.0, Avg: 0.0, Max: 0.1, Diff: 0.0, Sum: 0.3]
      [GC Worker Total (ms): Min: 169.6, Avg: 169.7, Max: 169.8, Diff: 0.2, Sum: 1357.8]
      [GC Worker End (ms): Min: 122786.2, Avg: 122786.2, Max: 122786.2, Diff: 0.0]
   [Code Root Fixup: 0.0 ms]
   [Code Root Purge: 0.0 ms]
   [Clear CT: 0.2 ms]
   [Other: 1.0 ms]
      [Choose CSet: 0.0 ms]
      [Ref Proc: 0.2 ms]
      [Ref Enq: 0.0 ms]
      [Redirty Cards: 0.3 ms]
      [Humongous Register: 0.1 ms]
      [Humongous Reclaim: 0.0 ms]
      [Free CSet: 0.3 ms]
   [Eden: 281.0M(281.0M)->0.0B(282.0M) Survivors: 38.0M->40.0M Heap: 1011.1M(2048.0M)->1013.1M(2048.0M)]
 [Times: user=1.25 sys=0.00, real=0.17 secs] 
2020-09-29T12:12:57.828+0200: 122.798: [GC pause (G1 Humongous Allocation) (young) (initial-mark), 0.0517371 secs]
   [Parallel Time: 50.8 ms, GC Workers: 8]
      [GC Worker Start (ms): Min: 122797.8, Avg: 122797.8, Max: 122797.9, Diff: 0.2]
      [Ext Root Scanning (ms): Min: 0.0, Avg: 0.8, Max: 5.6, Diff: 5.6, Sum: 6.5]
      [Update RS (ms): Min: 24.8, Avg: 29.2, Max: 30.1, Diff: 5.3, Sum: 233.8]
         [Processed Buffers: Min: 32, Avg: 37.4, Max: 40, Diff: 8, Sum: 299]
      [Scan RS (ms): Min: 1.9, Avg: 2.3, Max: 2.6, Diff: 0.7, Sum: 18.8]
      [Code Root Scanning (ms): Min: 0.0, Avg: 0.0, Max: 0.0, Diff: 0.0, Sum: 0.0]
      [Object Copy (ms): Min: 18.2, Avg: 18.3, Max: 18.3, Diff: 0.1, Sum: 146.0]
      [Termination (ms): Min: 0.0, Avg: 0.0, Max: 0.0, Diff: 0.0, Sum: 0.2]
         [Termination Attempts: Min: 1, Avg: 150.4, Max: 193, Diff: 192, Sum: 1203]
      [GC Worker Other (ms): Min: 0.0, Avg: 0.0, Max: 0.0, Diff: 0.0, Sum: 0.1]
      [GC Worker Total (ms): Min: 50.6, Avg: 50.7, Max: 50.8, Diff: 0.2, Sum: 405.4]
      [GC Worker End (ms): Min: 122848.5, Avg: 122848.5, Max: 122848.5, Diff: 0.0]
   [Code Root Fixup: 0.0 ms]
   [Code Root Purge: 0.0 ms]
   [Clear CT: 0.1 ms]
   [Other: 0.8 ms]
      [Choose CSet: 0.0 ms]
      [Ref Proc: 0.2 ms]
      [Ref Enq: 0.0 ms]
      [Redirty Cards: 0.2 ms]
      [Humongous Register: 0.0 ms]
      [Humongous Reclaim: 0.0 ms]
      [Free CSet: 0.1 ms]
   [Eden: 5120.0K(282.0M)->0.0B(332.0M) Survivors: 40.0M->7168.0K Heap: 1017.6M(2048.0M)->1021.6M(2048.0M)]
 [Times: user=0.48 sys=0.00, real=0.05 secs] 
2020-09-29T12:12:57.880+0200: 122.850: [GC concurrent-root-region-scan-start]
2020-09-29T12:12:57.881+0200: 122.851: [GC concurrent-root-region-scan-end, 0.0015328 secs]
2020-09-29T12:12:57.881+0200: 122.851: [GC concurrent-mark-start]
2020-09-29T12:12:57.884+0200: 122.854: [GC concurrent-mark-end, 0.0029752 secs]
2020-09-29T12:12:57.885+0200: 122.854: [GC remark 2020-09-29T12:12:57.885+0200: 122.854: [Finalize Marking, 0.0002086 secs] 2020-09-29T12:12:57.885+0200: 122.855: [GC ref-proc, 0.0002830 secs] 2020-09-29T12:12:57.885+0200: 122.855: [Unloading, 0.0006768 secs], 0.0015043 secs]
 [Times: user=0.00 sys=0.00, real=0.00 secs] 
2020-09-29T12:12:57.887+0200: 122.856: [GC cleanup 1033M->28M(2048M), 0.0013534 secs]
 [Times: user=0.00 sys=0.00, real=0.00 secs] 
2020-09-29T12:12:57.888+0200: 122.858: [GC concurrent-cleanup-start]
2020-09-29T12:12:57.889+0200: 122.859: [GC concurrent-cleanup-end, 0.0011947 secs]
2020-09-29T12:12:58.057+0200: 123.026: [GC pause (G1 Evacuation Pause) (young), 0.1636630 secs]
   [Parallel Time: 162.5 ms, GC Workers: 8]
      [GC Worker Start (ms): Min: 123026.0, Avg: 123026.1, Max: 123026.1, Diff: 0.2]
      [Ext Root Scanning (ms): Min: 0.0, Avg: 0.1, Max: 0.2, Diff: 0.2, Sum: 0.5]
      [Update RS (ms): Min: 15.5, Avg: 15.7, Max: 16.3, Diff: 0.8, Sum: 125.9]
         [Processed Buffers: Min: 15, Avg: 17.4, Max: 20, Diff: 5, Sum: 139]
      [Scan RS (ms): Min: 19.0, Avg: 19.6, Max: 19.8, Diff: 0.8, Sum: 156.9]
      [Code Root Scanning (ms): Min: 0.0, Avg: 0.0, Max: 0.0, Diff: 0.0, Sum: 0.0]
      [Object Copy (ms): Min: 126.5, Avg: 126.7, Max: 126.8, Diff: 0.3, Sum: 1013.5]
      [Termination (ms): Min: 0.0, Avg: 0.0, Max: 0.0, Diff: 0.0, Sum: 0.1]
         [Termination Attempts: Min: 1, Avg: 66.8, Max: 86, Diff: 85, Sum: 534]
      [GC Worker Other (ms): Min: 0.0, Avg: 0.1, Max: 0.2, Diff: 0.1, Sum: 0.8]
      [GC Worker Total (ms): Min: 162.1, Avg: 162.2, Max: 162.3, Diff: 0.2, Sum: 1297.7]
      [GC Worker End (ms): Min: 123188.2, Avg: 123188.3, Max: 123188.3, Diff: 0.1]
   [Code Root Fixup: 0.0 ms]
   [Code Root Purge: 0.0 ms]
   [Clear CT: 0.2 ms]
   [Other: 1.0 ms]
      [Choose CSet: 0.0 ms]
      [Ref Proc: 0.2 ms]
      [Ref Enq: 0.0 ms]
      [Redirty Cards: 0.2 ms]
      [Humongous Register: 0.0 ms]
      [Humongous Reclaim: 0.0 ms]
      [Free CSet: 0.3 ms]
   [Eden: 332.0M(332.0M)->0.0B(303.0M) Survivors: 7168.0K->43.0M Heap: 405.7M(2048.0M)->401.2M(2048.0M)]
 [Times: user=1.22 sys=0.00, real=0.16 secs] 
2020-09-29T12:12:58.406+0200: 123.376: [GC pause (G1 Evacuation Pause) (young), 0.1678830 secs]
   [Parallel Time: 166.7 ms, GC Workers: 8]
      [GC Worker Start (ms): Min: 123375.7, Avg: 123375.8, Max: 123375.9, Diff: 0.2]
      [Ext Root Scanning (ms): Min: 0.0, Avg: 0.1, Max: 0.2, Diff: 0.2, Sum: 0.4]
      [Update RS (ms): Min: 16.0, Avg: 16.3, Max: 16.6, Diff: 0.6, Sum: 130.1]
         [Processed Buffers: Min: 16, Avg: 17.4, Max: 19, Diff: 3, Sum: 139]
      [Scan RS (ms): Min: 18.8, Avg: 19.1, Max: 19.4, Diff: 0.6, Sum: 152.6]
      [Code Root Scanning (ms): Min: 0.0, Avg: 0.0, Max: 0.0, Diff: 0.0, Sum: 0.0]
      [Object Copy (ms): Min: 130.8, Avg: 131.0, Max: 131.0, Diff: 0.2, Sum: 1047.8]
      [Termination (ms): Min: 0.0, Avg: 0.0, Max: 0.0, Diff: 0.0, Sum: 0.2]
         [Termination Attempts: Min: 1, Avg: 134.3, Max: 169, Diff: 168, Sum: 1074]
      [GC Worker Other (ms): Min: 0.0, Avg: 0.0, Max: 0.1, Diff: 0.1, Sum: 0.3]
      [GC Worker Total (ms): Min: 166.4, Avg: 166.4, Max: 166.6, Diff: 0.2, Sum: 1331.5]
      [GC Worker End (ms): Min: 123542.2, Avg: 123542.2, Max: 123542.2, Diff: 0.1]
   [Code Root Fixup: 0.0 ms]
   [Code Root Purge: 0.0 ms]
   [Clear CT: 0.2 ms]
   [Other: 1.0 ms]
      [Choose CSet: 0.0 ms]
      [Ref Proc: 0.2 ms]
      [Ref Enq: 0.0 ms]
      [Redirty Cards: 0.3 ms]
      [Humongous Register: 0.0 ms]
      [Humongous Reclaim: 0.0 ms]
      [Free CSet: 0.3 ms]
   [Eden: 303.0M(303.0M)->0.0B(300.0M) Survivors: 43.0M->44.0M Heap: 753.8M(2048.0M)->754.8M(2048.0M)]
 [Times: user=1.33 sys=0.03, real=0.17 secs] 
2020-09-29T12:12:58.746+0200: 123.715: [GC pause (G1 Evacuation Pause) (young), 0.2176749 secs]
   [Parallel Time: 216.0 ms, GC Workers: 8]
      [GC Worker Start (ms): Min: 123715.2, Avg: 123715.2, Max: 123715.3, Diff: 0.1]
      [Ext Root Scanning (ms): Min: 0.0, Avg: 0.1, Max: 0.1, Diff: 0.1, Sum: 0.6]
      [Update RS (ms): Min: 21.3, Avg: 21.9, Max: 24.7, Diff: 3.4, Sum: 175.1]
         [Processed Buffers: Min: 1, Avg: 19.9, Max: 25, Diff: 24, Sum: 159]
      [Scan RS (ms): Min: 16.9, Avg: 21.6, Max: 35.0, Diff: 18.1, Sum: 173.1]
      [Code Root Scanning (ms): Min: 0.0, Avg: 0.0, Max: 0.0, Diff: 0.0, Sum: 0.0]
      [Object Copy (ms): Min: 159.3, Avg: 172.1, Max: 174.0, Diff: 14.7, Sum: 1377.1]
      [Termination (ms): Min: 0.0, Avg: 0.0, Max: 0.1, Diff: 0.1, Sum: 0.4]
         [Termination Attempts: Min: 1, Avg: 342.4, Max: 431, Diff: 430, Sum: 2739]
      [GC Worker Other (ms): Min: 0.0, Avg: 0.0, Max: 0.1, Diff: 0.1, Sum: 0.3]
      [GC Worker Total (ms): Min: 215.8, Avg: 215.8, Max: 215.9, Diff: 0.1, Sum: 1726.6]
      [GC Worker End (ms): Min: 123931.0, Avg: 123931.1, Max: 123931.1, Diff: 0.1]
   [Code Root Fixup: 0.0 ms]
   [Code Root Purge: 0.0 ms]
   [Clear CT: 0.1 ms]
   [Other: 1.5 ms]
      [Choose CSet: 0.0 ms]
      [Ref Proc: 0.2 ms]
      [Ref Enq: 0.0 ms]
      [Redirty Cards: 0.8 ms]
      [Humongous Register: 0.0 ms]
      [Humongous Reclaim: 0.0 ms]
      [Free CSet: 0.3 ms]
   [Eden: 300.0M(300.0M)->0.0B(257.0M) Survivors: 44.0M->43.0M Heap: 1104.4M(2048.0M)->1106.4M(2048.0M)]
 [Times: user=1.53 sys=0.03, real=0.22 secs] 
2020-09-29T12:12:58.965+0200: 123.935: [GC pause (G1 Humongous Allocation) (young) (initial-mark), 0.0693583 secs]
   [Parallel Time: 68.5 ms, GC Workers: 8]
      [GC Worker Start (ms): Min: 123934.9, Avg: 123934.9, Max: 123935.0, Diff: 0.2]
      [Ext Root Scanning (ms): Min: 0.0, Avg: 0.4, Max: 1.9, Diff: 1.9, Sum: 3.4]
      [Update RS (ms): Min: 45.6, Avg: 46.2, Max: 46.3, Diff: 0.8, Sum: 369.4]
         [Processed Buffers: Min: 56, Avg: 56.5, Max: 58, Diff: 2, Sum: 452]
      [Scan RS (ms): Min: 0.0, Avg: 0.0, Max: 0.2, Diff: 0.2, Sum: 0.3]
      [Code Root Scanning (ms): Min: 0.0, Avg: 0.0, Max: 0.0, Diff: 0.0, Sum: 0.0]
      [Object Copy (ms): Min: 20.6, Avg: 21.5, Max: 21.8, Diff: 1.2, Sum: 172.3]
      [Termination (ms): Min: 0.0, Avg: 0.0, Max: 0.1, Diff: 0.1, Sum: 0.3]
         [Termination Attempts: Min: 1, Avg: 244.1, Max: 368, Diff: 367, Sum: 1953]
      [GC Worker Other (ms): Min: 0.0, Avg: 0.0, Max: 0.1, Diff: 0.1, Sum: 0.1]
      [GC Worker Total (ms): Min: 68.1, Avg: 68.2, Max: 68.3, Diff: 0.2, Sum: 545.9]
      [GC Worker End (ms): Min: 124003.2, Avg: 124003.2, Max: 124003.2, Diff: 0.1]
   [Code Root Fixup: 0.0 ms]
   [Code Root Purge: 0.0 ms]
   [Clear CT: 0.1 ms]
   [Other: 0.8 ms]
      [Choose CSet: 0.0 ms]
      [Ref Proc: 0.2 ms]
      [Ref Enq: 0.0 ms]
      [Redirty Cards: 0.1 ms]
      [Humongous Register: 0.0 ms]
      [Humongous Reclaim: 0.0 ms]
      [Free CSet: 0.1 ms]
   [Eden: 4096.0K(257.0M)->0.0B(276.0M) Survivors: 43.0M->5120.0K Heap: 1109.9M(2048.0M)->1112.9M(2048.0M)]
 [Times: user=0.50 sys=0.00, real=0.07 secs] 
2020-09-29T12:12:59.035+0200: 124.004: [GC concurrent-root-region-scan-start]
2020-09-29T12:12:59.036+0200: 124.006: [GC concurrent-root-region-scan-end, 0.0013363 secs]
2020-09-29T12:12:59.036+0200: 124.006: [GC concurrent-mark-start]
2020-09-29T12:12:59.041+0200: 124.010: [GC concurrent-mark-end, 0.0047453 secs]
2020-09-29T12:12:59.041+0200: 124.011: [GC remark 2020-09-29T12:12:59.041+0200: 124.011: [Finalize Marking, 0.0002364 secs] 2020-09-29T12:12:59.042+0200: 124.011: [GC ref-proc, 0.0004169 secs] 2020-09-29T12:12:59.042+0200: 124.012: [Unloading, 0.0006602 secs], 0.0017264 secs]
 [Times: user=0.00 sys=0.00, real=0.00 secs] 
2020-09-29T12:12:59.044+0200: 124.013: [GC cleanup 1126M->28M(2048M), 0.0022139 secs]
 [Times: user=0.00 sys=0.00, real=0.00 secs] 
2020-09-29T12:12:59.046+0200: 124.015: [GC concurrent-cleanup-start]
2020-09-29T12:12:59.048+0200: 124.018: [GC concurrent-cleanup-end, 0.0026353 secs]
2020-09-29T12:12:59.205+0200: 124.174: [GC pause (G1 Evacuation Pause) (young), 0.1699893 secs]
   [Parallel Time: 168.7 ms, GC Workers: 8]
      [GC Worker Start (ms): Min: 124174.6, Avg: 124174.7, Max: 124174.7, Diff: 0.2]
      [Ext Root Scanning (ms): Min: 0.0, Avg: 0.1, Max: 0.2, Diff: 0.2, Sum: 0.4]
      [Update RS (ms): Min: 20.3, Avg: 20.7, Max: 22.1, Diff: 1.8, Sum: 165.3]
         [Processed Buffers: Min: 3, Avg: 18.0, Max: 22, Diff: 19, Sum: 144]
      [Scan RS (ms): Min: 18.3, Avg: 21.2, Max: 31.0, Diff: 12.6, Sum: 169.8]
      [Code Root Scanning (ms): Min: 0.0, Avg: 0.0, Max: 0.0, Diff: 0.0, Sum: 0.0]
      [Object Copy (ms): Min: 116.8, Avg: 126.2, Max: 127.7, Diff: 10.9, Sum: 1009.9]
      [Termination (ms): Min: 0.0, Avg: 0.1, Max: 0.2, Diff: 0.2, Sum: 1.2]
         [Termination Attempts: Min: 1, Avg: 958.6, Max: 1200, Diff: 1199, Sum: 7669]
      [GC Worker Other (ms): Min: 0.0, Avg: 0.0, Max: 0.1, Diff: 0.1, Sum: 0.3]
      [GC Worker Total (ms): Min: 168.3, Avg: 168.4, Max: 168.5, Diff: 0.2, Sum: 1347.1]
      [GC Worker End (ms): Min: 124343.0, Avg: 124343.0, Max: 124343.1, Diff: 0.1]
   [Code Root Fixup: 0.0 ms]
   [Code Root Purge: 0.0 ms]
   [Clear CT: 0.2 ms]
   [Other: 1.1 ms]
      [Choose CSet: 0.0 ms]
      [Ref Proc: 0.2 ms]
      [Ref Enq: 0.0 ms]
      [Redirty Cards: 0.3 ms]
      [Humongous Register: 0.0 ms]
      [Humongous Reclaim: 0.0 ms]
      [Free CSet: 0.3 ms]
   [Eden: 276.0M(276.0M)->0.0B(241.0M) Survivors: 5120.0K->36.0M Heap: 338.7M(2048.0M)->335.7M(2048.0M)]
 [Times: user=1.23 sys=0.05, real=0.17 secs] 
2020-09-29T12:12:59.536+0200: 124.506: [GC pause (G1 Evacuation Pause) (young), 0.1633252 secs]
   [Parallel Time: 162.0 ms, GC Workers: 8]
      [GC Worker Start (ms): Min: 124505.8, Avg: 124505.8, Max: 124505.9, Diff: 0.2]
      [Ext Root Scanning (ms): Min: 0.0, Avg: 0.1, Max: 0.1, Diff: 0.1, Sum: 0.7]
      [Update RS (ms): Min: 16.0, Avg: 16.6, Max: 19.4, Diff: 3.5, Sum: 132.5]
         [Processed Buffers: Min: 8, Avg: 15.6, Max: 19, Diff: 11, Sum: 125]
      [Scan RS (ms): Min: 12.4, Avg: 15.3, Max: 16.0, Diff: 3.6, Sum: 122.8]
      [Code Root Scanning (ms): Min: 0.0, Avg: 0.0, Max: 0.0, Diff: 0.0, Sum: 0.0]
      [Object Copy (ms): Min: 129.5, Avg: 129.8, Max: 130.0, Diff: 0.5, Sum: 1038.4]
      [Termination (ms): Min: 0.0, Avg: 0.0, Max: 0.0, Diff: 0.0, Sum: 0.1]
         [Termination Attempts: Min: 1, Avg: 100.0, Max: 133, Diff: 132, Sum: 800]
      [GC Worker Other (ms): Min: 0.0, Avg: 0.0, Max: 0.1, Diff: 0.0, Sum: 0.3]
      [GC Worker Total (ms): Min: 161.8, Avg: 161.8, Max: 161.9, Diff: 0.2, Sum: 1294.8]
      [GC Worker End (ms): Min: 124667.7, Avg: 124667.7, Max: 124667.7, Diff: 0.0]
   [Code Root Fixup: 0.0 ms]
   [Code Root Purge: 0.0 ms]
   [Clear CT: 0.2 ms]
   [Other: 1.1 ms]
      [Choose CSet: 0.0 ms]
      [Ref Proc: 0.3 ms]
      [Ref Enq: 0.0 ms]
      [Redirty Cards: 0.2 ms]
      [Humongous Register: 0.1 ms]
      [Humongous Reclaim: 0.0 ms]
      [Free CSet: 0.3 ms]
   [Eden: 241.0M(241.0M)->0.0B(244.0M) Survivors: 36.0M->35.0M Heap: 616.7M(2048.0M)->618.2M(2048.0M)]
 [Times: user=1.22 sys=0.00, real=0.16 secs] 
2020-09-29T12:12:59.850+0200: 124.820: [GC pause (G1 Evacuation Pause) (young), 0.1470201 secs]
   [Parallel Time: 145.8 ms, GC Workers: 8]
      [GC Worker Start (ms): Min: 124819.7, Avg: 124819.8, Max: 124819.9, Diff: 0.2]
      [Ext Root Scanning (ms): Min: 0.0, Avg: 0.1, Max: 0.2, Diff: 0.1, Sum: 0.6]
      [Update RS (ms): Min: 16.5, Avg: 16.6, Max: 16.8, Diff: 0.3, Sum: 132.7]
         [Processed Buffers: Min: 7, Avg: 16.4, Max: 20, Diff: 13, Sum: 131]
      [Scan RS (ms): Min: 11.8, Avg: 11.9, Max: 12.0, Diff: 0.3, Sum: 95.6]
      [Code Root Scanning (ms): Min: 0.0, Avg: 0.0, Max: 0.0, Diff: 0.0, Sum: 0.0]
      [Object Copy (ms): Min: 116.7, Avg: 116.8, Max: 116.9, Diff: 0.2, Sum: 934.3]
      [Termination (ms): Min: 0.0, Avg: 0.1, Max: 0.1, Diff: 0.1, Sum: 1.0]
         [Termination Attempts: Min: 1, Avg: 765.9, Max: 922, Diff: 921, Sum: 6127]
      [GC Worker Other (ms): Min: 0.0, Avg: 0.0, Max: 0.1, Diff: 0.1, Sum: 0.4]
      [GC Worker Total (ms): Min: 145.5, Avg: 145.6, Max: 145.6, Diff: 0.2, Sum: 1164.5]
      [GC Worker End (ms): Min: 124965.3, Avg: 124965.4, Max: 124965.4, Diff: 0.1]
   [Code Root Fixup: 0.0 ms]
   [Code Root Purge: 0.0 ms]
   [Clear CT: 0.2 ms]
   [Other: 1.1 ms]
      [Choose CSet: 0.0 ms]
      [Ref Proc: 0.2 ms]
      [Ref Enq: 0.0 ms]
      [Redirty Cards: 0.3 ms]
      [Humongous Register: 0.0 ms]
      [Humongous Reclaim: 0.0 ms]
      [Free CSet: 0.3 ms]
   [Eden: 244.0M(244.0M)->0.0B(262.0M) Survivors: 35.0M->35.0M Heap: 902.3M(2048.0M)->903.8M(2048.0M)]
 [Times: user=1.08 sys=0.00, real=0.15 secs] 
2020-09-29T12:13:00.143+0200: 125.112: [GC pause (G1 Evacuation Pause) (young), 0.1556086 secs]
   [Parallel Time: 154.4 ms, GC Workers: 8]
      [GC Worker Start (ms): Min: 125112.3, Avg: 125112.3, Max: 125112.4, Diff: 0.2]
      [Ext Root Scanning (ms): Min: 0.0, Avg: 0.1, Max: 0.1, Diff: 0.1, Sum: 0.6]
      [Update RS (ms): Min: 20.9, Avg: 21.1, Max: 21.3, Diff: 0.4, Sum: 168.5]
         [Processed Buffers: Min: 6, Avg: 19.5, Max: 23, Diff: 17, Sum: 156]
      [Scan RS (ms): Min: 11.9, Avg: 12.2, Max: 12.4, Diff: 0.5, Sum: 97.5]
      [Code Root Scanning (ms): Min: 0.0, Avg: 0.0, Max: 0.0, Diff: 0.0, Sum: 0.0]
      [Object Copy (ms): Min: 120.7, Avg: 120.8, Max: 120.9, Diff: 0.2, Sum: 966.5]
      [Termination (ms): Min: 0.0, Avg: 0.0, Max: 0.0, Diff: 0.0, Sum: 0.1]
         [Termination Attempts: Min: 1, Avg: 106.4, Max: 145, Diff: 144, Sum: 851]
      [GC Worker Other (ms): Min: 0.0, Avg: 0.0, Max: 0.1, Diff: 0.1, Sum: 0.4]
      [GC Worker Total (ms): Min: 154.1, Avg: 154.2, Max: 154.3, Diff: 0.1, Sum: 1233.7]
      [GC Worker End (ms): Min: 125266.5, Avg: 125266.6, Max: 125266.6, Diff: 0.1]
   [Code Root Fixup: 0.0 ms]
   [Code Root Purge: 0.0 ms]
   [Clear CT: 0.1 ms]
   [Other: 1.0 ms]
      [Choose CSet: 0.0 ms]
      [Ref Proc: 0.2 ms]
      [Ref Enq: 0.0 ms]
      [Redirty Cards: 0.3 ms]
      [Humongous Register: 0.1 ms]
      [Humongous Reclaim: 0.0 ms]
      [Free CSet: 0.3 ms]
   [Eden: 262.0M(262.0M)->0.0B(275.0M) Survivors: 35.0M->38.0M Heap: 1209.7M(2048.0M)->1212.2M(2048.0M)]
 [Times: user=1.16 sys=0.05, real=0.16 secs] 
2020-09-29T12:13:00.317+0200: 125.287: [GC pause (G1 Humongous Allocation) (young) (initial-mark), 0.0637194 secs]
   [Parallel Time: 62.8 ms, GC Workers: 8]
      [GC Worker Start (ms): Min: 125287.1, Avg: 125287.1, Max: 125287.2, Diff: 0.2]
      [Ext Root Scanning (ms): Min: 0.0, Avg: 5.5, Max: 31.9, Diff: 31.9, Sum: 44.2]
      [Update RS (ms): Min: 0.0, Avg: 20.7, Max: 25.4, Diff: 25.4, Sum: 165.4]
         [Processed Buffers: Min: 0, Avg: 25.5, Max: 33, Diff: 33, Sum: 204]
      [Scan RS (ms): Min: 0.0, Avg: 2.3, Max: 2.9, Diff: 2.9, Sum: 18.8]
      [Code Root Scanning (ms): Min: 0.0, Avg: 0.0, Max: 0.0, Diff: 0.0, Sum: 0.0]
      [Object Copy (ms): Min: 30.4, Avg: 33.8, Max: 34.5, Diff: 4.1, Sum: 270.5]
      [Termination (ms): Min: 0.0, Avg: 0.2, Max: 0.3, Diff: 0.3, Sum: 1.9]
         [Termination Attempts: Min: 1, Avg: 1545.6, Max: 1895, Diff: 1894, Sum: 12365]
      [GC Worker Other (ms): Min: 0.0, Avg: 0.0, Max: 0.0, Diff: 0.0, Sum: 0.2]
      [GC Worker Total (ms): Min: 62.5, Avg: 62.6, Max: 62.7, Diff: 0.2, Sum: 500.8]
      [GC Worker End (ms): Min: 125349.7, Avg: 125349.7, Max: 125349.7, Diff: 0.0]
   [Code Root Fixup: 0.0 ms]
   [Code Root Purge: 0.0 ms]
   [Clear CT: 0.1 ms]
   [Other: 0.8 ms]
      [Choose CSet: 0.0 ms]
      [Ref Proc: 0.2 ms]
      [Ref Enq: 0.0 ms]
      [Redirty Cards: 0.2 ms]
      [Humongous Register: 0.0 ms]
      [Humongous Reclaim: 0.0 ms]
      [Free CSet: 0.1 ms]
   [Eden: 8192.0K(275.0M)->0.0B(247.0M) Survivors: 38.0M->9216.0K Heap: 1219.7M(2048.0M)->1223.2M(2048.0M)]
 [Times: user=0.45 sys=0.00, real=0.06 secs] 
2020-09-29T12:13:00.381+0200: 125.351: [GC concurrent-root-region-scan-start]
2020-09-29T12:13:00.384+0200: 125.353: [GC concurrent-root-region-scan-end, 0.0026692 secs]
2020-09-29T12:13:00.384+0200: 125.353: [GC concurrent-mark-start]
2020-09-29T12:13:00.388+0200: 125.358: [GC concurrent-mark-end, 0.0041717 secs]
2020-09-29T12:13:00.388+0200: 125.358: [GC remark 2020-09-29T12:13:00.388+0200: 125.358: [Finalize Marking, 0.0001891 secs] 2020-09-29T12:13:00.389+0200: 125.358: [GC ref-proc, 0.0003022 secs] 2020-09-29T12:13:00.389+0200: 125.358: [Unloading, 0.0004740 secs], 0.0013602 secs]
 [Times: user=0.00 sys=0.00, real=0.00 secs] 
2020-09-29T12:13:00.390+0200: 125.360: [GC cleanup 1233M->28M(2048M), 0.0016359 secs]
 [Times: user=0.00 sys=0.00, real=0.00 secs] 
2020-09-29T12:13:00.392+0200: 125.361: [GC concurrent-cleanup-start]
2020-09-29T12:13:00.395+0200: 125.364: [GC concurrent-cleanup-end, 0.0029309 secs]
2020-09-29T12:13:00.542+0200: 125.511: [GC pause (G1 Evacuation Pause) (young), 0.1522613 secs]
   [Parallel Time: 151.1 ms, GC Workers: 8]
      [GC Worker Start (ms): Min: 125511.3, Avg: 125515.3, Max: 125543.0, Diff: 31.8]
      [Ext Root Scanning (ms): Min: 0.0, Avg: 0.1, Max: 0.1, Diff: 0.1, Sum: 0.7]
      [Update RS (ms): Min: 0.0, Avg: 14.6, Max: 17.2, Diff: 17.2, Sum: 116.8]
         [Processed Buffers: Min: 0, Avg: 14.3, Max: 17, Diff: 17, Sum: 114]
      [Scan RS (ms): Min: 0.0, Avg: 12.0, Max: 14.0, Diff: 13.9, Sum: 95.9]
      [Code Root Scanning (ms): Min: 0.0, Avg: 0.0, Max: 0.0, Diff: 0.0, Sum: 0.0]
      [Object Copy (ms): Min: 119.2, Avg: 120.2, Max: 120.4, Diff: 1.3, Sum: 962.0]
      [Termination (ms): Min: 0.0, Avg: 0.0, Max: 0.0, Diff: 0.0, Sum: 0.1]
         [Termination Attempts: Min: 1, Avg: 53.5, Max: 73, Diff: 72, Sum: 428]
      [GC Worker Other (ms): Min: 0.0, Avg: 0.0, Max: 0.1, Diff: 0.1, Sum: 0.3]
      [GC Worker Total (ms): Min: 119.2, Avg: 147.0, Max: 151.0, Diff: 31.8, Sum: 1175.8]
      [GC Worker End (ms): Min: 125662.2, Avg: 125662.3, Max: 125662.3, Diff: 0.1]
   [Code Root Fixup: 0.0 ms]
   [Code Root Purge: 0.0 ms]
   [Clear CT: 0.2 ms]
   [Other: 1.0 ms]
      [Choose CSet: 0.0 ms]
      [Ref Proc: 0.2 ms]
      [Ref Enq: 0.0 ms]
      [Redirty Cards: 0.2 ms]
      [Humongous Register: 0.1 ms]
      [Humongous Reclaim: 0.0 ms]
      [Free CSet: 0.3 ms]
   [Eden: 247.0M(247.0M)->0.0B(239.0M) Survivors: 9216.0K->32.0M Heap: 308.0M(2048.0M)->301.0M(2048.0M)]
 [Times: user=1.20 sys=0.00, real=0.15 secs] 
2020-09-29T12:13:00.964+0200: 125.934: [GC pause (G1 Evacuation Pause) (young), 0.3037595 secs]
   [Parallel Time: 301.6 ms, GC Workers: 8]
      [GC Worker Start (ms): Min: 125934.0, Avg: 125934.1, Max: 125934.3, Diff: 0.3]
      [Ext Root Scanning (ms): Min: 0.0, Avg: 0.1, Max: 0.3, Diff: 0.3, Sum: 1.0]
      [Update RS (ms): Min: 25.6, Avg: 25.8, Max: 26.3, Diff: 0.7, Sum: 206.4]
         [Processed Buffers: Min: 13, Avg: 15.0, Max: 17, Diff: 4, Sum: 120]
      [Scan RS (ms): Min: 25.3, Avg: 25.8, Max: 26.0, Diff: 0.7, Sum: 206.3]
      [Code Root Scanning (ms): Min: 0.0, Avg: 0.0, Max: 0.0, Diff: 0.0, Sum: 0.0]
      [Object Copy (ms): Min: 248.8, Avg: 249.0, Max: 249.4, Diff: 0.6, Sum: 1992.1]
      [Termination (ms): Min: 0.0, Avg: 0.4, Max: 0.5, Diff: 0.5, Sum: 3.3]
         [Termination Attempts: Min: 1, Avg: 1460.3, Max: 1832, Diff: 1831, Sum: 11682]
      [GC Worker Other (ms): Min: 0.0, Avg: 0.1, Max: 0.1, Diff: 0.1, Sum: 0.5]
      [GC Worker Total (ms): Min: 301.0, Avg: 301.2, Max: 301.4, Diff: 0.4, Sum: 2409.6]
      [GC Worker End (ms): Min: 126235.3, Avg: 126235.3, Max: 126235.4, Diff: 0.1]
   [Code Root Fixup: 0.0 ms]
   [Code Root Purge: 0.0 ms]
   [Clear CT: 0.4 ms]
   [Other: 1.7 ms]
      [Choose CSet: 0.0 ms]
      [Ref Proc: 0.5 ms]
      [Ref Enq: 0.0 ms]
      [Redirty Cards: 0.5 ms]
      [Humongous Register: 0.1 ms]
      [Humongous Reclaim: 0.0 ms]
      [Free CSet: 0.3 ms]
   [Eden: 239.0M(239.0M)->0.0B(151.0M) Survivors: 32.0M->34.0M Heap: 580.0M(2048.0M)->582.0M(2048.0M)]
 [Times: user=2.36 sys=0.00, real=0.31 secs] 
2020-09-29T12:13:01.469+0200: 126.438: [GC pause (G1 Evacuation Pause) (young), 0.2094114 secs]
   [Parallel Time: 207.7 ms, GC Workers: 8]
      [GC Worker Start (ms): Min: 126438.0, Avg: 126438.2, Max: 126438.3, Diff: 0.3]
      [Ext Root Scanning (ms): Min: 0.0, Avg: 0.1, Max: 0.3, Diff: 0.3, Sum: 0.9]
      [Update RS (ms): Min: 23.5, Avg: 23.8, Max: 24.5, Diff: 1.0, Sum: 190.3]
         [Processed Buffers: Min: 8, Avg: 13.0, Max: 15, Diff: 7, Sum: 104]
      [Scan RS (ms): Min: 14.8, Avg: 15.4, Max: 15.6, Diff: 0.9, Sum: 123.4]
      [Code Root Scanning (ms): Min: 0.0, Avg: 0.0, Max: 0.0, Diff: 0.0, Sum: 0.0]
      [Object Copy (ms): Min: 167.8, Avg: 167.9, Max: 168.0, Diff: 0.2, Sum: 1343.3]
      [Termination (ms): Min: 0.0, Avg: 0.0, Max: 0.0, Diff: 0.0, Sum: 0.1]
         [Termination Attempts: Min: 1, Avg: 16.6, Max: 28, Diff: 27, Sum: 133]
      [GC Worker Other (ms): Min: 0.0, Avg: 0.1, Max: 0.1, Diff: 0.1, Sum: 0.4]
      [GC Worker Total (ms): Min: 207.2, Avg: 207.3, Max: 207.4, Diff: 0.3, Sum: 1658.4]
      [GC Worker End (ms): Min: 126645.4, Avg: 126645.5, Max: 126645.5, Diff: 0.1]
   [Code Root Fixup: 0.0 ms]
   [Code Root Purge: 0.0 ms]
   [Clear CT: 0.3 ms]
   [Other: 1.4 ms]
      [Choose CSet: 0.0 ms]
      [Ref Proc: 0.4 ms]
      [Ref Enq: 0.0 ms]
      [Redirty Cards: 0.4 ms]
      [Humongous Register: 0.1 ms]
      [Humongous Reclaim: 0.0 ms]
      [Free CSet: 0.3 ms]
   [Eden: 151.0M(151.0M)->0.0B(136.0M) Survivors: 34.0M->24.0M Heap: 757.8M(2048.0M)->760.3M(2048.0M)]
 [Times: user=1.66 sys=0.00, real=0.21 secs] 
2020-09-29T12:13:01.824+0200: 126.793: [GC pause (G1 Evacuation Pause) (young), 0.1896923 secs]
   [Parallel Time: 187.8 ms, GC Workers: 8]
      [GC Worker Start (ms): Min: 126793.1, Avg: 126793.3, Max: 126793.4, Diff: 0.3]
      [Ext Root Scanning (ms): Min: 0.0, Avg: 0.1, Max: 0.3, Diff: 0.3, Sum: 0.8]
      [Update RS (ms): Min: 25.3, Avg: 25.6, Max: 26.1, Diff: 0.9, Sum: 205.1]
         [Processed Buffers: Min: 14, Avg: 14.8, Max: 16, Diff: 2, Sum: 118]
      [Scan RS (ms): Min: 10.2, Avg: 10.8, Max: 11.1, Diff: 0.9, Sum: 86.1]
      [Code Root Scanning (ms): Min: 0.0, Avg: 0.0, Max: 0.0, Diff: 0.0, Sum: 0.0]
      [Object Copy (ms): Min: 150.3, Avg: 150.5, Max: 150.7, Diff: 0.4, Sum: 1204.0]
      [Termination (ms): Min: 0.0, Avg: 0.3, Max: 0.4, Diff: 0.4, Sum: 2.4]
         [Termination Attempts: Min: 1, Avg: 1051.9, Max: 1312, Diff: 1311, Sum: 8415]
      [GC Worker Other (ms): Min: 0.0, Avg: 0.0, Max: 0.1, Diff: 0.1, Sum: 0.3]
      [GC Worker Total (ms): Min: 187.2, Avg: 187.4, Max: 187.6, Diff: 0.3, Sum: 1498.9]
      [GC Worker End (ms): Min: 126980.6, Avg: 126980.7, Max: 126980.7, Diff: 0.1]
   [Code Root Fixup: 0.0 ms]
   [Code Root Purge: 0.0 ms]
   [Clear CT: 0.4 ms]
   [Other: 1.5 ms]
      [Choose CSet: 0.0 ms]
      [Ref Proc: 0.5 ms]
      [Ref Enq: 0.0 ms]
      [Redirty Cards: 0.4 ms]
      [Humongous Register: 0.1 ms]
      [Humongous Reclaim: 0.0 ms]
      [Free CSet: 0.3 ms]
   [Eden: 136.0M(136.0M)->0.0B(130.0M) Survivors: 24.0M->20.0M Heap: 919.2M(2048.0M)->921.2M(2048.0M)]
 [Times: user=1.48 sys=0.00, real=0.19 secs] 
2020-09-29T12:13:02.096+0200: 127.065: [GC pause (G1 Humongous Allocation) (young) (initial-mark), 0.1277639 secs]
   [Parallel Time: 125.7 ms, GC Workers: 8]
      [GC Worker Start (ms): Min: 127065.2, Avg: 127065.4, Max: 127065.5, Diff: 0.3]
      [Ext Root Scanning (ms): Min: 0.0, Avg: 0.2, Max: 0.3, Diff: 0.3, Sum: 1.3]
      [Update RS (ms): Min: 20.9, Avg: 21.7, Max: 22.3, Diff: 1.4, Sum: 173.7]
         [Processed Buffers: Min: 10, Avg: 11.9, Max: 13, Diff: 3, Sum: 95]
      [Scan RS (ms): Min: 3.8, Avg: 4.7, Max: 5.9, Diff: 2.0, Sum: 37.9]
      [Code Root Scanning (ms): Min: 0.0, Avg: 0.0, Max: 0.0, Diff: 0.0, Sum: 0.0]
      [Object Copy (ms): Min: 97.1, Avg: 98.4, Max: 99.0, Diff: 2.0, Sum: 787.5]
      [Termination (ms): Min: 0.0, Avg: 0.2, Max: 0.2, Diff: 0.2, Sum: 1.2]
         [Termination Attempts: Min: 1, Avg: 423.0, Max: 545, Diff: 544, Sum: 3384]
      [GC Worker Other (ms): Min: 0.0, Avg: 0.0, Max: 0.1, Diff: 0.0, Sum: 0.3]
      [GC Worker Total (ms): Min: 125.1, Avg: 125.3, Max: 125.4, Diff: 0.3, Sum: 1002.1]
      [GC Worker End (ms): Min: 127190.6, Avg: 127190.6, Max: 127190.7, Diff: 0.0]
   [Code Root Fixup: 0.0 ms]
   [Code Root Purge: 0.0 ms]
   [Clear CT: 0.4 ms]
   [Other: 1.7 ms]
      [Choose CSet: 0.0 ms]
      [Ref Proc: 0.5 ms]
      [Ref Enq: 0.0 ms]
      [Redirty Cards: 0.6 ms]
      [Humongous Register: 0.0 ms]
      [Humongous Reclaim: 0.0 ms]
      [Free CSet: 0.1 ms]
   [Eden: 74.0M(130.0M)->0.0B(119.0M) Survivors: 20.0M->19.0M Heap: 1006.6M(2048.0M)->1008.6M(2048.0M)]
 [Times: user=1.02 sys=0.00, real=0.13 secs] 
2020-09-29T12:13:02.224+0200: 127.193: [GC concurrent-root-region-scan-start]
2020-09-29T12:13:02.237+0200: 127.206: [GC concurrent-root-region-scan-end, 0.0133140 secs]
2020-09-29T12:13:02.237+0200: 127.206: [GC concurrent-mark-start]
2020-09-29T12:13:02.246+0200: 127.215: [GC concurrent-mark-end, 0.0072660 secs]
2020-09-29T12:13:02.247+0200: 127.216: [GC remark 2020-09-29T12:13:02.247+0200: 127.216: [Finalize Marking, 0.0005086 secs] 2020-09-29T12:13:02.248+0200: 127.217: [GC ref-proc, 0.0007071 secs] 2020-09-29T12:13:02.248+0200: 127.218: [Unloading, 0.0010627 secs], 0.0030166 secs]
 [Times: user=0.00 sys=0.00, real=0.00 secs] 
2020-09-29T12:13:02.251+0200: 127.220: [GC cleanup 1031M->51M(2048M), 0.0028250 secs]
 [Times: user=0.00 sys=0.00, real=0.00 secs] 
2020-09-29T12:13:02.254+0200: 127.223: [GC concurrent-cleanup-start]
2020-09-29T12:13:02.257+0200: 127.226: [GC concurrent-cleanup-end, 0.0026869 secs]
2020-09-29T12:13:02.363+0200: 127.333: [GC pause (G1 Evacuation Pause) (young), 0.1504830 secs]
   [Parallel Time: 148.7 ms, GC Workers: 8]
      [GC Worker Start (ms): Min: 127332.8, Avg: 127333.0, Max: 127333.1, Diff: 0.3]
      [Ext Root Scanning (ms): Min: 0.0, Avg: 0.1, Max: 0.3, Diff: 0.3, Sum: 0.9]
      [Update RS (ms): Min: 20.0, Avg: 20.3, Max: 21.7, Diff: 1.6, Sum: 162.5]
         [Processed Buffers: Min: 10, Avg: 11.8, Max: 14, Diff: 4, Sum: 94]
      [Scan RS (ms): Min: 6.2, Avg: 7.6, Max: 7.9, Diff: 1.8, Sum: 60.7]
      [Code Root Scanning (ms): Min: 0.0, Avg: 0.0, Max: 0.0, Diff: 0.0, Sum: 0.0]
      [Object Copy (ms): Min: 119.9, Avg: 120.0, Max: 120.1, Diff: 0.3, Sum: 959.7]
      [Termination (ms): Min: 0.1, Avg: 0.2, Max: 0.3, Diff: 0.2, Sum: 1.9]
         [Termination Attempts: Min: 1, Avg: 320.6, Max: 418, Diff: 417, Sum: 2565]
      [GC Worker Other (ms): Min: 0.0, Avg: 0.0, Max: 0.0, Diff: 0.0, Sum: 0.2]
      [GC Worker Total (ms): Min: 148.1, Avg: 148.2, Max: 148.4, Diff: 0.3, Sum: 1185.8]
      [GC Worker End (ms): Min: 127481.2, Avg: 127481.2, Max: 127481.2, Diff: 0.0]
   [Code Root Fixup: 0.0 ms]
   [Code Root Purge: 0.0 ms]
   [Clear CT: 0.3 ms]
   [Other: 1.5 ms]
      [Choose CSet: 0.0 ms]
      [Ref Proc: 0.4 ms]
      [Ref Enq: 0.0 ms]
      [Redirty Cards: 0.4 ms]
      [Humongous Register: 0.1 ms]
      [Humongous Reclaim: 0.0 ms]
      [Free CSet: 0.2 ms]
   [Eden: 119.0M(119.0M)->0.0B(127.0M) Survivors: 19.0M->18.0M Heap: 169.0M(2048.0M)->153.0M(2048.0M)]
 [Times: user=1.08 sys=0.00, real=0.15 secs] 
2020-09-29T12:13:02.665+0200: 127.634: [GC pause (G1 Evacuation Pause) (young), 0.1663439 secs]
   [Parallel Time: 164.5 ms, GC Workers: 8]
      [GC Worker Start (ms): Min: 127634.4, Avg: 127634.6, Max: 127634.7, Diff: 0.3]
      [Ext Root Scanning (ms): Min: 0.0, Avg: 0.1, Max: 0.3, Diff: 0.3, Sum: 0.9]
      [Update RS (ms): Min: 15.4, Avg: 15.8, Max: 16.1, Diff: 0.6, Sum: 126.4]
         [Processed Buffers: Min: 8, Avg: 9.8, Max: 14, Diff: 6, Sum: 78]
      [Scan RS (ms): Min: 12.9, Avg: 13.3, Max: 14.4, Diff: 1.5, Sum: 106.4]
      [Code Root Scanning (ms): Min: 0.0, Avg: 0.0, Max: 0.0, Diff: 0.0, Sum: 0.0]
      [Object Copy (ms): Min: 133.3, Avg: 134.7, Max: 135.1, Diff: 1.8, Sum: 1077.2]
      [Termination (ms): Min: 0.0, Avg: 0.1, Max: 0.2, Diff: 0.2, Sum: 1.0]
         [Termination Attempts: Min: 1, Avg: 446.1, Max: 588, Diff: 587, Sum: 3569]
      [GC Worker Other (ms): Min: 0.0, Avg: 0.0, Max: 0.1, Diff: 0.1, Sum: 0.4]
      [GC Worker Total (ms): Min: 163.9, Avg: 164.0, Max: 164.2, Diff: 0.3, Sum: 1312.3]
      [GC Worker End (ms): Min: 127798.6, Avg: 127798.6, Max: 127798.7, Diff: 0.1]
   [Code Root Fixup: 0.0 ms]
   [Code Root Purge: 0.0 ms]
   [Clear CT: 0.3 ms]
   [Other: 1.5 ms]
      [Choose CSet: 0.0 ms]
      [Ref Proc: 0.5 ms]
      [Ref Enq: 0.0 ms]
      [Redirty Cards: 0.4 ms]
      [Humongous Register: 0.1 ms]
      [Humongous Reclaim: 0.0 ms]
      [Free CSet: 0.2 ms]
   [Eden: 127.0M(127.0M)->0.0B(131.0M) Survivors: 18.0M->19.0M Heap: 301.0M(2048.0M)->304.0M(2048.0M)]
 [Times: user=1.19 sys=0.00, real=0.17 secs] 
2020-09-29T12:13:02.986+0200: 127.955: [GC pause (G1 Evacuation Pause) (young), 0.1900230 secs]
   [Parallel Time: 186.1 ms, GC Workers: 8]
      [GC Worker Start (ms): Min: 127955.3, Avg: 127955.9, Max: 127959.1, Diff: 3.8]
      [Ext Root Scanning (ms): Min: 0.0, Avg: 0.1, Max: 0.3, Diff: 0.3, Sum: 0.7]
      [Update RS (ms): Min: 16.9, Avg: 20.0, Max: 21.3, Diff: 4.3, Sum: 160.3]
         [Processed Buffers: Min: 8, Avg: 10.1, Max: 11, Diff: 3, Sum: 81]
      [Scan RS (ms): Min: 11.8, Avg: 12.5, Max: 13.2, Diff: 1.4, Sum: 100.0]
      [Code Root Scanning (ms): Min: 0.0, Avg: 0.0, Max: 0.0, Diff: 0.0, Sum: 0.0]
      [Object Copy (ms): Min: 152.2, Avg: 152.3, Max: 152.7, Diff: 0.5, Sum: 1218.3]
      [Termination (ms): Min: 0.0, Avg: 0.3, Max: 0.4, Diff: 0.4, Sum: 2.4]
         [Termination Attempts: Min: 1, Avg: 946.6, Max: 1186, Diff: 1185, Sum: 7573]
      [GC Worker Other (ms): Min: 0.0, Avg: 0.0, Max: 0.1, Diff: 0.0, Sum: 0.3]
      [GC Worker Total (ms): Min: 182.1, Avg: 185.2, Max: 185.9, Diff: 3.8, Sum: 1482.0]
      [GC Worker End (ms): Min: 128141.2, Avg: 128141.2, Max: 128141.2, Diff: 0.0]
   [Code Root Fixup: 0.0 ms]
   [Code Root Purge: 0.0 ms]
   [Clear CT: 0.4 ms]
   [Other: 3.5 ms]
      [Choose CSet: 0.0 ms]
      [Ref Proc: 0.4 ms]
      [Ref Enq: 0.0 ms]
      [Redirty Cards: 2.2 ms]
      [Humongous Register: 0.1 ms]
      [Humongous Reclaim: 0.0 ms]
      [Free CSet: 0.4 ms]
   [Eden: 131.0M(131.0M)->0.0B(128.0M) Survivors: 19.0M->19.0M Heap: 455.9M(2048.0M)->457.4M(2048.0M)]
 [Times: user=1.39 sys=0.00, real=0.19 secs] 
2020-09-29T12:13:03.344+0200: 128.313: [GC pause (G1 Evacuation Pause) (young), 0.1854160 secs]
   [Parallel Time: 183.8 ms, GC Workers: 8]
      [GC Worker Start (ms): Min: 128313.1, Avg: 128315.0, Max: 128324.0, Diff: 10.8]
      [Ext Root Scanning (ms): Min: 0.0, Avg: 0.1, Max: 0.3, Diff: 0.3, Sum: 0.9]
      [Update RS (ms): Min: 7.7, Avg: 16.7, Max: 19.6, Diff: 11.8, Sum: 133.9]
         [Processed Buffers: Min: 4, Avg: 10.5, Max: 13, Diff: 9, Sum: 84]
      [Scan RS (ms): Min: 11.6, Avg: 12.9, Max: 13.2, Diff: 1.5, Sum: 102.8]
      [Code Root Scanning (ms): Min: 0.0, Avg: 0.0, Max: 0.0, Diff: 0.0, Sum: 0.0]
      [Object Copy (ms): Min: 151.8, Avg: 151.9, Max: 152.0, Diff: 0.2, Sum: 1215.3]
      [Termination (ms): Min: 0.1, Avg: 0.1, Max: 0.2, Diff: 0.2, Sum: 1.2]
         [Termination Attempts: Min: 1, Avg: 184.5, Max: 240, Diff: 239, Sum: 1476]
      [GC Worker Other (ms): Min: 0.0, Avg: 0.0, Max: 0.0, Diff: 0.0, Sum: 0.2]
      [GC Worker Total (ms): Min: 172.8, Avg: 181.8, Max: 183.7, Diff: 10.9, Sum: 1454.3]
      [GC Worker End (ms): Min: 128496.7, Avg: 128496.8, Max: 128496.8, Diff: 0.1]
   [Code Root Fixup: 0.0 ms]
   [Code Root Purge: 0.0 ms]
   [Clear CT: 0.4 ms]
   [Other: 1.2 ms]
      [Choose CSet: 0.0 ms]
      [Ref Proc: 0.3 ms]
      [Ref Enq: 0.0 ms]
      [Redirty Cards: 0.3 ms]
      [Humongous Register: 0.1 ms]
      [Humongous Reclaim: 0.0 ms]
      [Free CSet: 0.2 ms]
   [Eden: 128.0M(128.0M)->0.0B(127.0M) Survivors: 19.0M->19.0M Heap: 608.3M(2048.0M)->610.8M(2048.0M)]
 [Times: user=1.30 sys=0.00, real=0.18 secs] 
2020-09-29T12:13:03.683+0200: 128.653: [GC pause (G1 Evacuation Pause) (young), 0.1694032 secs]
   [Parallel Time: 167.4 ms, GC Workers: 8]
      [GC Worker Start (ms): Min: 128652.9, Avg: 128653.3, Max: 128654.4, Diff: 1.5]
      [Ext Root Scanning (ms): Min: 0.0, Avg: 0.1, Max: 0.3, Diff: 0.3, Sum: 1.1]
      [Update RS (ms): Min: 20.3, Avg: 21.1, Max: 22.0, Diff: 1.7, Sum: 169.1]
         [Processed Buffers: Min: 10, Avg: 12.4, Max: 17, Diff: 7, Sum: 99]
      [Scan RS (ms): Min: 11.6, Avg: 11.8, Max: 12.3, Diff: 0.7, Sum: 94.8]
      [Code Root Scanning (ms): Min: 0.0, Avg: 0.0, Max: 0.0, Diff: 0.0, Sum: 0.0]
      [Object Copy (ms): Min: 133.1, Avg: 133.6, Max: 133.8, Diff: 0.7, Sum: 1068.8]
      [Termination (ms): Min: 0.0, Avg: 0.1, Max: 0.1, Diff: 0.1, Sum: 0.5]
         [Termination Attempts: Min: 1, Avg: 163.5, Max: 219, Diff: 218, Sum: 1308]
      [GC Worker Other (ms): Min: 0.0, Avg: 0.0, Max: 0.1, Diff: 0.0, Sum: 0.3]
      [GC Worker Total (ms): Min: 165.8, Avg: 166.8, Max: 167.3, Diff: 1.5, Sum: 1334.5]
      [GC Worker End (ms): Min: 128820.1, Avg: 128820.1, Max: 128820.2, Diff: 0.0]
   [Code Root Fixup: 0.0 ms]
   [Code Root Purge: 0.0 ms]
   [Clear CT: 0.6 ms]
   [Other: 1.3 ms]
      [Choose CSet: 0.0 ms]
      [Ref Proc: 0.3 ms]
      [Ref Enq: 0.0 ms]
      [Redirty Cards: 0.3 ms]
      [Humongous Register: 0.1 ms]
      [Humongous Reclaim: 0.0 ms]
      [Free CSet: 0.3 ms]
   [Eden: 127.0M(127.0M)->0.0B(132.0M) Survivors: 19.0M->19.0M Heap: 758.8M(2048.0M)->761.8M(2048.0M)]
 [Times: user=1.31 sys=0.00, real=0.17 secs] 
2020-09-29T12:13:04.010+0200: 128.980: [GC pause (G1 Evacuation Pause) (young), 0.1644819 secs]
   [Parallel Time: 162.8 ms, GC Workers: 8]
      [GC Worker Start (ms): Min: 128979.7, Avg: 128979.8, Max: 128979.9, Diff: 0.2]
      [Ext Root Scanning (ms): Min: 0.1, Avg: 0.2, Max: 0.2, Diff: 0.1, Sum: 1.3]
      [Update RS (ms): Min: 15.7, Avg: 16.1, Max: 16.5, Diff: 0.8, Sum: 128.6]
         [Processed Buffers: Min: 8, Avg: 9.3, Max: 12, Diff: 4, Sum: 74]
      [Scan RS (ms): Min: 12.8, Avg: 13.3, Max: 13.6, Diff: 0.8, Sum: 106.3]
      [Code Root Scanning (ms): Min: 0.0, Avg: 0.0, Max: 0.0, Diff: 0.0, Sum: 0.0]
      [Object Copy (ms): Min: 132.9, Avg: 133.0, Max: 133.0, Diff: 0.2, Sum: 1063.6]
      [Termination (ms): Min: 0.0, Avg: 0.0, Max: 0.0, Diff: 0.0, Sum: 0.2]
         [Termination Attempts: Min: 1, Avg: 64.3, Max: 80, Diff: 79, Sum: 514]
      [GC Worker Other (ms): Min: 0.0, Avg: 0.1, Max: 0.1, Diff: 0.1, Sum: 0.4]
      [GC Worker Total (ms): Min: 162.5, Avg: 162.6, Max: 162.7, Diff: 0.2, Sum: 1300.5]
      [GC Worker End (ms): Min: 129142.3, Avg: 129142.4, Max: 129142.4, Diff: 0.1]
   [Code Root Fixup: 0.0 ms]
   [Code Root Purge: 0.0 ms]
   [Clear CT: 0.3 ms]
   [Other: 1.4 ms]
      [Choose CSet: 0.0 ms]
      [Ref Proc: 0.4 ms]
      [Ref Enq: 0.0 ms]
      [Redirty Cards: 0.4 ms]
      [Humongous Register: 0.1 ms]
      [Humongous Reclaim: 0.0 ms]
      [Free CSet: 0.2 ms]
   [Eden: 132.0M(132.0M)->0.0B(137.0M) Survivors: 19.0M->19.0M Heap: 914.8M(2048.0M)->916.8M(2048.0M)]
 [Times: user=1.19 sys=0.00, real=0.16 secs] 
2020-09-29T12:13:04.290+0200: 129.260: [GC pause (G1 Humongous Allocation) (young) (initial-mark), 0.2087182 secs]
   [Parallel Time: 207.1 ms, GC Workers: 8]
      [GC Worker Start (ms): Min: 129259.7, Avg: 129259.8, Max: 129260.0, Diff: 0.3]
      [Ext Root Scanning (ms): Min: 0.0, Avg: 8.2, Max: 32.3, Diff: 32.3, Sum: 65.7]
      [Update RS (ms): Min: 0.0, Avg: 18.5, Max: 25.2, Diff: 25.2, Sum: 148.3]
         [Processed Buffers: Min: 0, Avg: 9.9, Max: 15, Diff: 15, Sum: 79]
      [Scan RS (ms): Min: 2.1, Avg: 7.8, Max: 10.5, Diff: 8.4, Sum: 62.7]
      [Code Root Scanning (ms): Min: 0.0, Avg: 0.0, Max: 0.0, Diff: 0.0, Sum: 0.0]
      [Object Copy (ms): Min: 171.0, Avg: 171.8, Max: 172.2, Diff: 1.3, Sum: 1374.6]
      [Termination (ms): Min: 0.0, Avg: 0.3, Max: 0.5, Diff: 0.5, Sum: 2.5]
         [Termination Attempts: Min: 1, Avg: 819.8, Max: 1101, Diff: 1100, Sum: 6558]
      [GC Worker Other (ms): Min: 0.0, Avg: 0.0, Max: 0.1, Diff: 0.1, Sum: 0.3]
      [GC Worker Total (ms): Min: 206.6, Avg: 206.8, Max: 206.8, Diff: 0.2, Sum: 1654.0]
      [GC Worker End (ms): Min: 129466.6, Avg: 129466.6, Max: 129466.6, Diff: 0.1]
   [Code Root Fixup: 0.0 ms]
   [Code Root Purge: 0.0 ms]
   [Clear CT: 0.3 ms]
   [Other: 1.3 ms]
      [Choose CSet: 0.0 ms]
      [Ref Proc: 0.4 ms]
      [Ref Enq: 0.0 ms]
      [Redirty Cards: 0.3 ms]
      [Humongous Register: 0.0 ms]
      [Humongous Reclaim: 0.0 ms]
      [Free CSet: 0.2 ms]
   [Eden: 95.0M(137.0M)->0.0B(104.0M) Survivors: 19.0M->20.0M Heap: 1026.6M(2048.0M)->1028.1M(2048.0M)]
 [Times: user=1.33 sys=0.02, real=0.21 secs] 
2020-09-29T12:13:04.499+0200: 129.469: [GC concurrent-root-region-scan-start]
2020-09-29T12:13:04.513+0200: 129.483: [GC concurrent-root-region-scan-end, 0.0143181 secs]
2020-09-29T12:13:04.514+0200: 129.483: [GC concurrent-mark-start]
2020-09-29T12:13:04.520+0200: 129.489: [GC concurrent-mark-end, 0.0059599 secs]
2020-09-29T12:13:04.521+0200: 129.491: [GC remark 2020-09-29T12:13:04.521+0200: 129.491: [Finalize Marking, 0.0004325 secs] 2020-09-29T12:13:04.522+0200: 129.491: [GC ref-proc, 0.0007341 secs] 2020-09-29T12:13:04.522+0200: 129.492: [Unloading, 0.0010227 secs], 0.0029604 secs]
 [Times: user=0.00 sys=0.00, real=0.00 secs] 
2020-09-29T12:13:04.526+0200: 129.495: [GC cleanup 1043M->45M(2048M), 0.0025222 secs]
 [Times: user=0.00 sys=0.00, real=0.00 secs] 
2020-09-29T12:13:04.529+0200: 129.498: [GC concurrent-cleanup-start]
2020-09-29T12:13:04.531+0200: 129.501: [GC concurrent-cleanup-end, 0.0025650 secs]
2020-09-29T12:13:04.647+0200: 129.616: [GC pause (G1 Evacuation Pause) (young), 0.1673404 secs]
   [Parallel Time: 165.6 ms, GC Workers: 8]
      [GC Worker Start (ms): Min: 129616.2, Avg: 129616.3, Max: 129616.4, Diff: 0.3]
      [Ext Root Scanning (ms): Min: 0.0, Avg: 0.1, Max: 0.2, Diff: 0.2, Sum: 1.1]
      [Update RS (ms): Min: 22.2, Avg: 23.5, Max: 31.5, Diff: 9.3, Sum: 188.0]
         [Processed Buffers: Min: 0, Avg: 12.5, Max: 16, Diff: 16, Sum: 100]
      [Scan RS (ms): Min: 0.0, Avg: 5.4, Max: 6.5, Diff: 6.5, Sum: 43.5]
      [Code Root Scanning (ms): Min: 0.0, Avg: 0.0, Max: 0.0, Diff: 0.0, Sum: 0.0]
      [Object Copy (ms): Min: 133.6, Avg: 136.2, Max: 136.6, Diff: 3.0, Sum: 1089.4]
      [Termination (ms): Min: 0.0, Avg: 0.1, Max: 0.2, Diff: 0.2, Sum: 1.2]
         [Termination Attempts: Min: 1, Avg: 53.9, Max: 86, Diff: 85, Sum: 431]
      [GC Worker Other (ms): Min: 0.0, Avg: 0.0, Max: 0.0, Diff: 0.0, Sum: 0.2]
      [GC Worker Total (ms): Min: 165.3, Avg: 165.4, Max: 165.5, Diff: 0.3, Sum: 1323.3]
      [GC Worker End (ms): Min: 129781.7, Avg: 129781.7, Max: 129781.7, Diff: 0.1]
   [Code Root Fixup: 0.0 ms]
   [Code Root Purge: 0.0 ms]
   [Clear CT: 0.4 ms]
   [Other: 1.3 ms]
      [Choose CSet: 0.0 ms]
      [Ref Proc: 0.3 ms]
      [Ref Enq: 0.0 ms]
      [Redirty Cards: 0.4 ms]
      [Humongous Register: 0.1 ms]
      [Humongous Reclaim: 0.0 ms]
      [Free CSet: 0.2 ms]
   [Eden: 104.0M(104.0M)->0.0B(107.0M) Survivors: 20.0M->16.0M Heap: 153.1M(2048.0M)->134.1M(2048.0M)]
 [Times: user=1.06 sys=0.00, real=0.17 secs] 
2020-09-29T12:13:04.929+0200: 129.898: [GC pause (G1 Evacuation Pause) (young), 0.1365550 secs]
   [Parallel Time: 134.7 ms, GC Workers: 8]
      [GC Worker Start (ms): Min: 129898.2, Avg: 129898.4, Max: 129898.5, Diff: 0.3]
      [Ext Root Scanning (ms): Min: 0.0, Avg: 0.1, Max: 0.3, Diff: 0.3, Sum: 0.9]
      [Update RS (ms): Min: 16.8, Avg: 17.1, Max: 17.7, Diff: 0.9, Sum: 136.9]
         [Processed Buffers: Min: 9, Avg: 10.3, Max: 12, Diff: 3, Sum: 82]
      [Scan RS (ms): Min: 9.2, Avg: 9.7, Max: 10.1, Diff: 0.9, Sum: 77.9]
      [Code Root Scanning (ms): Min: 0.0, Avg: 0.0, Max: 0.0, Diff: 0.0, Sum: 0.0]
      [Object Copy (ms): Min: 107.1, Avg: 107.2, Max: 107.3, Diff: 0.2, Sum: 857.8]
      [Termination (ms): Min: 0.0, Avg: 0.0, Max: 0.0, Diff: 0.0, Sum: 0.1]
         [Termination Attempts: Min: 1, Avg: 34.8, Max: 52, Diff: 51, Sum: 278]
      [GC Worker Other (ms): Min: 0.0, Avg: 0.0, Max: 0.1, Diff: 0.1, Sum: 0.4]
      [GC Worker Total (ms): Min: 134.1, Avg: 134.2, Max: 134.5, Diff: 0.4, Sum: 1074.0]
      [GC Worker End (ms): Min: 130032.6, Avg: 130032.7, Max: 130032.7, Diff: 0.1]
   [Code Root Fixup: 0.0 ms]
   [Code Root Purge: 0.0 ms]
   [Clear CT: 0.4 ms]
   [Other: 1.4 ms]
      [Choose CSet: 0.0 ms]
      [Ref Proc: 0.4 ms]
      [Ref Enq: 0.0 ms]
      [Redirty Cards: 0.4 ms]
      [Humongous Register: 0.1 ms]
      [Humongous Reclaim: 0.0 ms]
      [Free CSet: 0.2 ms]
   [Eden: 107.0M(107.0M)->0.0B(116.0M) Survivors: 16.0M->16.0M Heap: 258.2M(2048.0M)->260.2M(2048.0M)]
 [Times: user=0.92 sys=0.00, real=0.14 secs] 
2020-09-29T12:13:05.192+0200: 130.161: [GC pause (G1 Evacuation Pause) (young), 0.1492585 secs]
   [Parallel Time: 147.5 ms, GC Workers: 8]
      [GC Worker Start (ms): Min: 130161.6, Avg: 130161.7, Max: 130161.7, Diff: 0.2]
      [Ext Root Scanning (ms): Min: 0.1, Avg: 0.1, Max: 0.2, Diff: 0.2, Sum: 1.2]
      [Update RS (ms): Min: 20.0, Avg: 20.4, Max: 20.9, Diff: 0.9, Sum: 163.2]
         [Processed Buffers: Min: 8, Avg: 12.0, Max: 15, Diff: 7, Sum: 96]
      [Scan RS (ms): Min: 8.1, Avg: 8.7, Max: 9.1, Diff: 1.0, Sum: 69.6]
      [Code Root Scanning (ms): Min: 0.0, Avg: 0.0, Max: 0.0, Diff: 0.0, Sum: 0.0]
      [Object Copy (ms): Min: 117.8, Avg: 117.9, Max: 117.9, Diff: 0.1, Sum: 943.0]
      [Termination (ms): Min: 0.0, Avg: 0.0, Max: 0.1, Diff: 0.1, Sum: 0.3]
         [Termination Attempts: Min: 1, Avg: 119.6, Max: 162, Diff: 161, Sum: 957]
      [GC Worker Other (ms): Min: 0.0, Avg: 0.0, Max: 0.1, Diff: 0.1, Sum: 0.3]
      [GC Worker Total (ms): Min: 147.1, Avg: 147.2, Max: 147.3, Diff: 0.2, Sum: 1177.6]
      [GC Worker End (ms): Min: 130308.8, Avg: 130308.9, Max: 130308.9, Diff: 0.1]
   [Code Root Fixup: 0.0 ms]
   [Code Root Purge: 0.0 ms]
   [Clear CT: 0.4 ms]
   [Other: 1.4 ms]
      [Choose CSet: 0.0 ms]
      [Ref Proc: 0.4 ms]
      [Ref Enq: 0.0 ms]
      [Redirty Cards: 0.4 ms]
      [Humongous Register: 0.1 ms]
      [Humongous Reclaim: 0.0 ms]
      [Free CSet: 0.2 ms]
   [Eden: 116.0M(116.0M)->0.0B(123.0M) Survivors: 16.0M->17.0M Heap: 395.3M(2048.0M)->397.3M(2048.0M)]
 [Times: user=1.08 sys=0.00, real=0.15 secs] 
2020-09-29T12:13:05.486+0200: 130.455: [GC pause (G1 Evacuation Pause) (young), 0.1637427 secs]
   [Parallel Time: 161.8 ms, GC Workers: 8]
      [GC Worker Start (ms): Min: 130455.5, Avg: 130455.6, Max: 130455.7, Diff: 0.2]
      [Ext Root Scanning (ms): Min: 0.1, Avg: 0.1, Max: 0.2, Diff: 0.2, Sum: 1.2]
      [Update RS (ms): Min: 18.3, Avg: 18.7, Max: 19.2, Diff: 0.9, Sum: 149.5]
         [Processed Buffers: Min: 9, Avg: 11.3, Max: 13, Diff: 4, Sum: 90]
      [Scan RS (ms): Min: 10.8, Avg: 11.3, Max: 11.6, Diff: 0.8, Sum: 90.3]
      [Code Root Scanning (ms): Min: 0.0, Avg: 0.0, Max: 0.0, Diff: 0.0, Sum: 0.0]
      [Object Copy (ms): Min: 130.9, Avg: 131.1, Max: 131.3, Diff: 0.4, Sum: 1048.5]
      [Termination (ms): Min: 0.1, Avg: 0.3, Max: 0.4, Diff: 0.4, Sum: 2.7]
         [Termination Attempts: Min: 1, Avg: 804.3, Max: 986, Diff: 985, Sum: 6434]
      [GC Worker Other (ms): Min: 0.0, Avg: 0.0, Max: 0.0, Diff: 0.0, Sum: 0.2]
      [GC Worker Total (ms): Min: 161.5, Avg: 161.6, Max: 161.6, Diff: 0.1, Sum: 1292.5]
      [GC Worker End (ms): Min: 130617.1, Avg: 130617.2, Max: 130617.2, Diff: 0.0]
   [Code Root Fixup: 0.0 ms]
   [Code Root Purge: 0.0 ms]
   [Clear CT: 0.4 ms]
   [Other: 1.5 ms]
      [Choose CSet: 0.0 ms]
      [Ref Proc: 0.4 ms]
      [Ref Enq: 0.0 ms]
      [Redirty Cards: 0.4 ms]
      [Humongous Register: 0.1 ms]
      [Humongous Reclaim: 0.0 ms]
      [Free CSet: 0.2 ms]
   [Eden: 123.0M(123.0M)->0.0B(128.0M) Survivors: 17.0M->18.0M Heap: 541.3M(2048.0M)->542.8M(2048.0M)]
 [Times: user=1.31 sys=0.00, real=0.16 secs] 
2020-09-29T12:13:05.855+0200: 130.824: [GC pause (G1 Evacuation Pause) (young), 0.4083503 secs]
   [Parallel Time: 404.3 ms, GC Workers: 8]
      [GC Worker Start (ms): Min: 130824.5, Avg: 130824.7, Max: 130825.0, Diff: 0.5]
      [Ext Root Scanning (ms): Min: 0.0, Avg: 0.2, Max: 0.5, Diff: 0.5, Sum: 1.7]
      [Update RS (ms): Min: 41.0, Avg: 44.3, Max: 64.3, Diff: 23.3, Sum: 354.7]
         [Processed Buffers: Min: 4, Avg: 11.1, Max: 13, Diff: 9, Sum: 89]
      [Scan RS (ms): Min: 3.8, Avg: 27.1, Max: 54.2, Diff: 50.4, Sum: 217.1]
      [Code Root Scanning (ms): Min: 0.0, Avg: 0.0, Max: 0.0, Diff: 0.0, Sum: 0.0]
      [Object Copy (ms): Min: 308.1, Avg: 331.5, Max: 335.0, Diff: 26.9, Sum: 2652.3]
      [Termination (ms): Min: 0.0, Avg: 0.3, Max: 0.4, Diff: 0.4, Sum: 2.5]
         [Termination Attempts: Min: 1, Avg: 576.3, Max: 751, Diff: 750, Sum: 4610]
      [GC Worker Other (ms): Min: 0.0, Avg: 0.1, Max: 0.2, Diff: 0.2, Sum: 0.8]
      [GC Worker Total (ms): Min: 403.5, Avg: 403.7, Max: 404.0, Diff: 0.5, Sum: 3229.2]
      [GC Worker End (ms): Min: 131228.3, Avg: 131228.4, Max: 131228.5, Diff: 0.2]
   [Code Root Fixup: 0.0 ms]
   [Code Root Purge: 0.0 ms]
   [Clear CT: 0.8 ms]
   [Other: 3.3 ms]
      [Choose CSet: 0.0 ms]
      [Ref Proc: 0.7 ms]
      [Ref Enq: 0.0 ms]
      [Redirty Cards: 1.4 ms]
      [Humongous Register: 0.1 ms]
      [Humongous Reclaim: 0.0 ms]
      [Free CSet: 0.4 ms]
   [Eden: 128.0M(128.0M)->0.0B(83.0M) Survivors: 18.0M->19.0M Heap: 691.8M(2048.0M)->694.3M(2048.0M)]
 [Times: user=2.83 sys=0.00, real=0.41 secs] 
2020-09-29T12:13:06.527+0200: 131.496: [GC pause (G1 Evacuation Pause) (young), 0.2252462 secs]
   [Parallel Time: 222.5 ms, GC Workers: 8]
      [GC Worker Start (ms): Min: 131496.0, Avg: 131496.3, Max: 131496.5, Diff: 0.4]
      [Ext Root Scanning (ms): Min: 0.0, Avg: 0.2, Max: 0.5, Diff: 0.4, Sum: 1.7]
      [Update RS (ms): Min: 32.0, Avg: 32.9, Max: 34.8, Diff: 2.8, Sum: 263.1]
         [Processed Buffers: Min: 9, Avg: 9.6, Max: 11, Diff: 2, Sum: 77]
      [Scan RS (ms): Min: 11.2, Avg: 13.0, Max: 14.0, Diff: 2.8, Sum: 103.7]
      [Code Root Scanning (ms): Min: 0.0, Avg: 0.0, Max: 0.0, Diff: 0.0, Sum: 0.0]
      [Object Copy (ms): Min: 175.2, Avg: 175.4, Max: 175.7, Diff: 0.5, Sum: 1402.9]
      [Termination (ms): Min: 0.0, Avg: 0.2, Max: 0.2, Diff: 0.2, Sum: 1.6]
         [Termination Attempts: Min: 1, Avg: 348.0, Max: 426, Diff: 425, Sum: 2784]
      [GC Worker Other (ms): Min: 0.0, Avg: 0.1, Max: 0.1, Diff: 0.1, Sum: 0.4]
      [GC Worker Total (ms): Min: 221.5, Avg: 221.7, Max: 221.9, Diff: 0.4, Sum: 1773.5]
      [GC Worker End (ms): Min: 131717.9, Avg: 131717.9, Max: 131718.0, Diff: 0.1]
   [Code Root Fixup: 0.0 ms]
   [Code Root Purge: 0.0 ms]
   [Clear CT: 0.7 ms]
   [Other: 2.1 ms]
      [Choose CSet: 0.0 ms]
      [Ref Proc: 0.5 ms]
      [Ref Enq: 0.0 ms]
      [Redirty Cards: 0.7 ms]
      [Humongous Register: 0.1 ms]
      [Humongous Reclaim: 0.0 ms]
      [Free CSet: 0.4 ms]
   [Eden: 83.0M(83.0M)->0.0B(89.0M) Survivors: 19.0M->13.0M Heap: 790.6M(2048.0M)->792.6M(2048.0M)]
 [Times: user=1.74 sys=0.00, real=0.23 secs] 
2020-09-29T12:13:06.936+0200: 131.905: [GC pause (G1 Evacuation Pause) (young), 0.2541387 secs]
   [Parallel Time: 249.0 ms, GC Workers: 8]
      [GC Worker Start (ms): Min: 131905.2, Avg: 131905.5, Max: 131905.7, Diff: 0.4]
      [Ext Root Scanning (ms): Min: 0.0, Avg: 0.2, Max: 0.5, Diff: 0.4, Sum: 1.8]
      [Update RS (ms): Min: 25.3, Avg: 25.7, Max: 26.3, Diff: 1.0, Sum: 205.6]
         [Processed Buffers: Min: 7, Avg: 8.1, Max: 9, Diff: 2, Sum: 65]
      [Scan RS (ms): Min: 16.6, Avg: 17.2, Max: 17.5, Diff: 0.9, Sum: 137.3]
      [Code Root Scanning (ms): Min: 0.0, Avg: 0.0, Max: 0.0, Diff: 0.0, Sum: 0.0]
      [Object Copy (ms): Min: 204.8, Avg: 204.9, Max: 205.1, Diff: 0.4, Sum: 1639.5]
      [Termination (ms): Min: 0.0, Avg: 0.2, Max: 0.3, Diff: 0.3, Sum: 1.5]
         [Termination Attempts: Min: 1, Avg: 68.6, Max: 105, Diff: 104, Sum: 549]
      [GC Worker Other (ms): Min: 0.0, Avg: 0.0, Max: 0.1, Diff: 0.0, Sum: 0.3]
      [GC Worker Total (ms): Min: 248.0, Avg: 248.3, Max: 248.5, Diff: 0.4, Sum: 1986.1]
      [GC Worker End (ms): Min: 132153.7, Avg: 132153.7, Max: 132153.8, Diff: 0.1]
   [Code Root Fixup: 0.0 ms]
   [Code Root Purge: 0.0 ms]
   [Clear CT: 1.2 ms]
   [Other: 4.0 ms]
      [Choose CSet: 0.0 ms]
      [Ref Proc: 0.6 ms]
      [Ref Enq: 0.0 ms]
      [Redirty Cards: 2.8 ms]
      [Humongous Register: 0.1 ms]
      [Humongous Reclaim: 0.0 ms]
      [Free CSet: 0.2 ms]
   [Eden: 89.0M(89.0M)->0.0B(89.0M) Survivors: 13.0M->13.0M Heap: 896.9M(2048.0M)->898.9M(2048.0M)]
 [Times: user=1.80 sys=0.00, real=0.25 secs] 
2020-09-29T12:13:07.414+0200: 132.383: [GC pause (G1 Evacuation Pause) (young), 0.2309811 secs]
   [Parallel Time: 228.3 ms, GC Workers: 8]
      [GC Worker Start (ms): Min: 132383.2, Avg: 132383.4, Max: 132383.6, Diff: 0.4]
      [Ext Root Scanning (ms): Min: 0.0, Avg: 0.2, Max: 0.5, Diff: 0.4, Sum: 1.9]
      [Update RS (ms): Min: 27.1, Avg: 28.0, Max: 30.4, Diff: 3.3, Sum: 224.2]
         [Processed Buffers: Min: 7, Avg: 9.0, Max: 12, Diff: 5, Sum: 72]
      [Scan RS (ms): Min: 14.2, Avg: 16.4, Max: 17.4, Diff: 3.2, Sum: 131.5]
      [Code Root Scanning (ms): Min: 0.0, Avg: 0.0, Max: 0.0, Diff: 0.0, Sum: 0.0]
      [Object Copy (ms): Min: 182.4, Avg: 182.5, Max: 182.7, Diff: 0.2, Sum: 1460.4]
      [Termination (ms): Min: 0.0, Avg: 0.2, Max: 0.3, Diff: 0.3, Sum: 1.8]
         [Termination Attempts: Min: 1, Avg: 356.3, Max: 447, Diff: 446, Sum: 2850]
      [GC Worker Other (ms): Min: 0.0, Avg: 0.1, Max: 0.2, Diff: 0.1, Sum: 0.7]
      [GC Worker Total (ms): Min: 227.3, Avg: 227.6, Max: 227.9, Diff: 0.5, Sum: 1820.5]
      [GC Worker End (ms): Min: 132610.9, Avg: 132610.9, Max: 132611.0, Diff: 0.1]
   [Code Root Fixup: 0.0 ms]
   [Code Root Purge: 0.0 ms]
   [Clear CT: 0.5 ms]
   [Other: 2.2 ms]
      [Choose CSet: 0.0 ms]
      [Ref Proc: 0.6 ms]
      [Ref Enq: 0.0 ms]
      [Redirty Cards: 0.7 ms]
      [Humongous Register: 0.1 ms]
      [Humongous Reclaim: 0.0 ms]
      [Free CSet: 0.3 ms]
   [Eden: 89.0M(89.0M)->0.0B(89.0M) Survivors: 13.0M->13.0M Heap: 1003.1M(2048.0M)->1006.1M(2048.0M)]
 [Times: user=1.72 sys=0.00, real=0.23 secs] 
2020-09-29T12:13:07.690+0200: 132.660: [GC pause (G1 Humongous Allocation) (young) (initial-mark), 0.0791431 secs]
   [Parallel Time: 76.1 ms, GC Workers: 8]
      [GC Worker Start (ms): Min: 132660.0, Avg: 132660.2, Max: 132660.6, Diff: 0.6]
      [Ext Root Scanning (ms): Min: 0.0, Avg: 0.6, Max: 1.0, Diff: 0.9, Sum: 4.8]
      [Update RS (ms): Min: 23.9, Avg: 25.2, Max: 26.7, Diff: 2.8, Sum: 201.3]
         [Processed Buffers: Min: 6, Avg: 7.6, Max: 10, Diff: 4, Sum: 61]
      [Scan RS (ms): Min: 1.8, Avg: 3.2, Max: 4.8, Diff: 3.0, Sum: 25.3]
      [Code Root Scanning (ms): Min: 0.0, Avg: 0.0, Max: 0.0, Diff: 0.0, Sum: 0.0]
      [Object Copy (ms): Min: 46.5, Avg: 46.7, Max: 46.9, Diff: 0.3, Sum: 373.8]
      [Termination (ms): Min: 0.0, Avg: 0.0, Max: 0.0, Diff: 0.0, Sum: 0.2]
         [Termination Attempts: Min: 1, Avg: 41.3, Max: 52, Diff: 51, Sum: 330]
      [GC Worker Other (ms): Min: 0.0, Avg: 0.1, Max: 0.1, Diff: 0.1, Sum: 0.5]
      [GC Worker Total (ms): Min: 75.4, Avg: 75.8, Max: 76.0, Diff: 0.6, Sum: 606.1]
      [GC Worker End (ms): Min: 132736.0, Avg: 132736.0, Max: 132736.0, Diff: 0.1]
   [Code Root Fixup: 0.0 ms]
   [Code Root Purge: 0.0 ms]
   [Clear CT: 0.6 ms]
   [Other: 2.4 ms]
      [Choose CSet: 0.0 ms]
      [Ref Proc: 0.8 ms]
      [Ref Enq: 0.0 ms]
      [Redirty Cards: 0.7 ms]
      [Humongous Register: 0.1 ms]
      [Humongous Reclaim: 0.0 ms]
      [Free CSet: 0.2 ms]
   [Eden: 8192.0K(89.0M)->0.0B(92.0M) Survivors: 13.0M->10.0M Heap: 1014.1M(2048.0M)->1018.6M(2048.0M)]
 [Times: user=0.48 sys=0.00, real=0.08 secs] 
2020-09-29T12:13:07.770+0200: 132.739: [GC concurrent-root-region-scan-start]
2020-09-29T12:13:07.781+0200: 132.750: [GC concurrent-root-region-scan-end, 0.0111951 secs]
2020-09-29T12:13:07.781+0200: 132.751: [GC concurrent-mark-start]
2020-09-29T12:13:07.796+0200: 132.765: [GC concurrent-mark-end, 0.0139097 secs]
2020-09-29T12:13:07.799+0200: 132.768: [GC remark 2020-09-29T12:13:07.799+0200: 132.768: [Finalize Marking, 0.0006107 secs] 2020-09-29T12:13:07.799+0200: 132.768: [GC ref-proc, 0.0013676 secs] 2020-09-29T12:13:07.801+0200: 132.770: [Unloading, 0.0015310 secs], 0.0048962 secs]
 [Times: user=0.09 sys=0.00, real=0.00 secs] 
2020-09-29T12:13:07.806+0200: 132.775: [GC cleanup 1031M->32M(2048M), 0.0050951 secs]
 [Times: user=0.00 sys=0.00, real=0.01 secs] 
2020-09-29T12:13:07.811+0200: 132.780: [GC concurrent-cleanup-start]
2020-09-29T12:13:07.820+0200: 132.789: [GC concurrent-cleanup-end, 0.0087632 secs]
2020-09-29T12:13:08.066+0200: 133.035: [GC pause (G1 Evacuation Pause) (young), 0.2786406 secs]
   [Parallel Time: 275.1 ms, GC Workers: 8]
      [GC Worker Start (ms): Min: 133035.6, Avg: 133043.5, Max: 133067.6, Diff: 32.0]
      [Ext Root Scanning (ms): Min: 0.0, Avg: 0.2, Max: 0.5, Diff: 0.5, Sum: 1.4]
      [Update RS (ms): Min: 0.0, Avg: 19.4, Max: 27.6, Diff: 27.6, Sum: 155.2]
         [Processed Buffers: Min: 0, Avg: 7.0, Max: 10, Diff: 10, Sum: 56]
      [Scan RS (ms): Min: 15.7, Avg: 22.2, Max: 35.9, Diff: 20.2, Sum: 177.2]
      [Code Root Scanning (ms): Min: 0.0, Avg: 0.0, Max: 0.0, Diff: 0.0, Sum: 0.0]
      [Object Copy (ms): Min: 212.2, Avg: 224.7, Max: 227.0, Diff: 14.7, Sum: 1797.7]
      [Termination (ms): Min: 0.0, Avg: 0.6, Max: 0.9, Diff: 0.9, Sum: 4.7]
         [Termination Attempts: Min: 1, Avg: 710.5, Max: 963, Diff: 962, Sum: 5684]
      [GC Worker Other (ms): Min: 0.0, Avg: 0.0, Max: 0.1, Diff: 0.1, Sum: 0.3]
      [GC Worker Total (ms): Min: 243.0, Avg: 267.1, Max: 274.9, Diff: 31.9, Sum: 2136.5]
      [GC Worker End (ms): Min: 133310.6, Avg: 133310.6, Max: 133310.6, Diff: 0.1]
   [Code Root Fixup: 0.0 ms]
   [Code Root Purge: 0.0 ms]
   [Clear CT: 0.7 ms]
   [Other: 2.8 ms]
      [Choose CSet: 0.0 ms]
      [Ref Proc: 0.7 ms]
      [Ref Enq: 0.0 ms]
      [Redirty Cards: 1.0 ms]
      [Humongous Register: 0.1 ms]
      [Humongous Reclaim: 0.0 ms]
      [Free CSet: 0.3 ms]
   [Eden: 92.0M(92.0M)->0.0B(89.0M) Survivors: 10.0M->13.0M Heap: 129.2M(2048.0M)->121.7M(2048.0M)]
 [Times: user=1.70 sys=0.00, real=0.28 secs] 
2020-09-29T12:13:08.604+0200: 133.573: [GC pause (G1 Evacuation Pause) (young), 0.2571207 secs]
   [Parallel Time: 254.0 ms, GC Workers: 8]
      [GC Worker Start (ms): Min: 133573.7, Avg: 133573.9, Max: 133574.2, Diff: 0.5]
      [Ext Root Scanning (ms): Min: 0.0, Avg: 0.2, Max: 0.4, Diff: 0.4, Sum: 2.0]
      [Update RS (ms): Min: 26.6, Avg: 28.7, Max: 33.1, Diff: 6.5, Sum: 229.9]
         [Processed Buffers: Min: 6, Avg: 7.4, Max: 9, Diff: 3, Sum: 59]
      [Scan RS (ms): Min: 14.5, Avg: 18.8, Max: 21.0, Diff: 6.5, Sum: 150.8]
      [Code Root Scanning (ms): Min: 0.0, Avg: 0.0, Max: 0.0, Diff: 0.0, Sum: 0.0]
      [Object Copy (ms): Min: 205.1, Avg: 205.3, Max: 205.5, Diff: 0.5, Sum: 1642.1]
      [Termination (ms): Min: 0.0, Avg: 0.2, Max: 0.3, Diff: 0.3, Sum: 2.0]
         [Termination Attempts: Min: 1, Avg: 413.8, Max: 528, Diff: 527, Sum: 3310]
      [GC Worker Other (ms): Min: 0.0, Avg: 0.1, Max: 0.1, Diff: 0.1, Sum: 0.5]
      [GC Worker Total (ms): Min: 253.1, Avg: 253.4, Max: 253.6, Diff: 0.5, Sum: 2027.3]
      [GC Worker End (ms): Min: 133827.3, Avg: 133827.3, Max: 133827.4, Diff: 0.1]
   [Code Root Fixup: 0.0 ms]
   [Code Root Purge: 0.0 ms]
   [Clear CT: 0.9 ms]
   [Other: 2.1 ms]
      [Choose CSet: 0.0 ms]
      [Ref Proc: 0.6 ms]
      [Ref Enq: 0.0 ms]
      [Redirty Cards: 0.6 ms]
      [Humongous Register: 0.1 ms]
      [Humongous Reclaim: 0.0 ms]
      [Free CSet: 0.3 ms]
   [Eden: 89.0M(89.0M)->0.0B(89.0M) Survivors: 13.0M->13.0M Heap: 224.0M(2048.0M)->226.5M(2048.0M)]
 [Times: user=1.80 sys=0.01, real=0.26 secs] 
2020-09-29T12:13:09.092+0200: 134.061: [GC pause (G1 Evacuation Pause) (young), 0.2290967 secs]
   [Parallel Time: 226.1 ms, GC Workers: 8]
      [GC Worker Start (ms): Min: 134061.3, Avg: 134061.5, Max: 134062.0, Diff: 0.8]
      [Ext Root Scanning (ms): Min: 0.0, Avg: 0.3, Max: 0.4, Diff: 0.4, Sum: 2.0]
      [Update RS (ms): Min: 23.3, Avg: 24.1, Max: 25.4, Diff: 2.0, Sum: 193.1]
         [Processed Buffers: Min: 5, Avg: 6.8, Max: 8, Diff: 3, Sum: 54]
      [Scan RS (ms): Min: 17.9, Avg: 19.2, Max: 20.1, Diff: 2.1, Sum: 153.6]
      [Code Root Scanning (ms): Min: 0.0, Avg: 0.0, Max: 0.0, Diff: 0.0, Sum: 0.0]
      [Object Copy (ms): Min: 181.3, Avg: 181.7, Max: 181.8, Diff: 0.6, Sum: 1453.2]
      [Termination (ms): Min: 0.0, Avg: 0.1, Max: 0.2, Diff: 0.2, Sum: 1.1]
         [Termination Attempts: Min: 1, Avg: 221.9, Max: 281, Diff: 280, Sum: 1775]
      [GC Worker Other (ms): Min: 0.0, Avg: 0.1, Max: 0.1, Diff: 0.0, Sum: 0.4]
      [GC Worker Total (ms): Min: 224.9, Avg: 225.4, Max: 225.7, Diff: 0.8, Sum: 1803.5]
      [GC Worker End (ms): Min: 134286.9, Avg: 134287.0, Max: 134287.0, Diff: 0.0]
   [Code Root Fixup: 0.0 ms]
   [Code Root Purge: 0.0 ms]
   [Clear CT: 0.8 ms]
   [Other: 2.2 ms]
      [Choose CSet: 0.0 ms]
      [Ref Proc: 0.7 ms]
      [Ref Enq: 0.0 ms]
      [Redirty Cards: 0.6 ms]
      [Humongous Register: 0.1 ms]
      [Humongous Reclaim: 0.0 ms]
      [Free CSet: 0.3 ms]
   [Eden: 89.0M(89.0M)->0.0B(89.0M) Survivors: 13.0M->13.0M Heap: 330.8M(2048.0M)->332.8M(2048.0M)]
 [Times: user=1.72 sys=0.02, real=0.23 secs] 
2020-09-29T12:13:09.542+0200: 134.511: [GC pause (G1 Evacuation Pause) (young), 0.2291273 secs]
   [Parallel Time: 226.2 ms, GC Workers: 8]
      [GC Worker Start (ms): Min: 134511.4, Avg: 134511.7, Max: 134512.3, Diff: 0.9]
      [Ext Root Scanning (ms): Min: 0.0, Avg: 0.3, Max: 0.6, Diff: 0.6, Sum: 2.1]
      [Update RS (ms): Min: 18.8, Avg: 19.0, Max: 19.3, Diff: 0.5, Sum: 151.9]
         [Processed Buffers: Min: 6, Avg: 6.3, Max: 7, Diff: 1, Sum: 50]
      [Scan RS (ms): Min: 20.2, Avg: 20.4, Max: 20.8, Diff: 0.7, Sum: 163.0]
      [Code Root Scanning (ms): Min: 0.0, Avg: 0.0, Max: 0.0, Diff: 0.0, Sum: 0.0]
      [Object Copy (ms): Min: 185.2, Avg: 185.5, Max: 185.6, Diff: 0.4, Sum: 1483.8]
      [Termination (ms): Min: 0.0, Avg: 0.2, Max: 0.3, Diff: 0.3, Sum: 1.6]
         [Termination Attempts: Min: 1, Avg: 355.0, Max: 487, Diff: 486, Sum: 2840]
      [GC Worker Other (ms): Min: 0.0, Avg: 0.1, Max: 0.1, Diff: 0.1, Sum: 0.5]
      [GC Worker Total (ms): Min: 224.9, Avg: 225.4, Max: 225.6, Diff: 0.8, Sum: 1802.9]
      [GC Worker End (ms): Min: 134737.0, Avg: 134737.1, Max: 134737.1, Diff: 0.1]
   [Code Root Fixup: 0.0 ms]
   [Code Root Purge: 0.0 ms]
   [Clear CT: 0.7 ms]
   [Other: 2.3 ms]
      [Choose CSet: 0.0 ms]
      [Ref Proc: 0.8 ms]
      [Ref Enq: 0.0 ms]
      [Redirty Cards: 0.7 ms]
      [Humongous Register: 0.1 ms]
      [Humongous Reclaim: 0.0 ms]
      [Free CSet: 0.3 ms]
   [Eden: 89.0M(89.0M)->0.0B(89.0M) Survivors: 13.0M->13.0M Heap: 437.0M(2048.0M)->438.5M(2048.0M)]
 [Times: user=1.66 sys=0.03, real=0.23 secs] 
2020-09-29T12:13:09.986+0200: 134.956: [GC pause (G1 Evacuation Pause) (young), 0.2246317 secs]
   [Parallel Time: 220.9 ms, GC Workers: 8]
      [GC Worker Start (ms): Min: 134955.8, Avg: 134956.1, Max: 134956.3, Diff: 0.4]
      [Ext Root Scanning (ms): Min: 0.0, Avg: 0.2, Max: 0.4, Diff: 0.4, Sum: 1.7]
      [Update RS (ms): Min: 21.8, Avg: 22.7, Max: 25.1, Diff: 3.3, Sum: 181.5]
         [Processed Buffers: Min: 6, Avg: 7.9, Max: 9, Diff: 3, Sum: 63]
      [Scan RS (ms): Min: 17.0, Avg: 19.4, Max: 20.2, Diff: 3.2, Sum: 155.3]
      [Code Root Scanning (ms): Min: 0.0, Avg: 0.0, Max: 0.0, Diff: 0.0, Sum: 0.0]
      [Object Copy (ms): Min: 177.7, Avg: 177.8, Max: 178.0, Diff: 0.3, Sum: 1422.5]
      [Termination (ms): Min: 0.0, Avg: 0.0, Max: 0.0, Diff: 0.0, Sum: 0.1]
         [Termination Attempts: Min: 1, Avg: 7.0, Max: 16, Diff: 15, Sum: 56]
      [GC Worker Other (ms): Min: 0.0, Avg: 0.1, Max: 0.2, Diff: 0.2, Sum: 0.9]
      [GC Worker Total (ms): Min: 220.0, Avg: 220.2, Max: 220.4, Diff: 0.5, Sum: 1761.9]
      [GC Worker End (ms): Min: 135176.2, Avg: 135176.3, Max: 135176.4, Diff: 0.2]
   [Code Root Fixup: 0.0 ms]
   [Code Root Purge: 0.0 ms]
   [Clear CT: 0.6 ms]
   [Other: 3.1 ms]
      [Choose CSet: 0.0 ms]
      [Ref Proc: 1.7 ms]
      [Ref Enq: 0.0 ms]
      [Redirty Cards: 0.7 ms]
      [Humongous Register: 0.1 ms]
      [Humongous Reclaim: 0.0 ms]
      [Free CSet: 0.3 ms]
   [Eden: 89.0M(89.0M)->0.0B(89.0M) Survivors: 13.0M->13.0M Heap: 542.8M(2048.0M)->544.3M(2048.0M)]
 [Times: user=1.72 sys=0.03, real=0.22 secs] 
2020-09-29T12:13:10.449+0200: 135.419: [GC pause (G1 Evacuation Pause) (young), 0.2240212 secs]
   [Parallel Time: 220.7 ms, GC Workers: 8]
      [GC Worker Start (ms): Min: 135419.1, Avg: 135419.4, Max: 135419.7, Diff: 0.5]
      [Ext Root Scanning (ms): Min: 0.0, Avg: 0.2, Max: 0.5, Diff: 0.5, Sum: 1.9]
      [Update RS (ms): Min: 14.5, Avg: 15.8, Max: 17.2, Diff: 2.7, Sum: 126.4]
         [Processed Buffers: Min: 4, Avg: 4.9, Max: 5, Diff: 1, Sum: 39]
      [Scan RS (ms): Min: 20.9, Avg: 24.1, Max: 33.6, Diff: 12.7, Sum: 192.8]
      [Code Root Scanning (ms): Min: 0.0, Avg: 0.0, Max: 0.0, Diff: 0.0, Sum: 0.0]
      [Object Copy (ms): Min: 170.6, Avg: 179.6, Max: 181.5, Diff: 10.9, Sum: 1436.7]
      [Termination (ms): Min: 0.1, Avg: 0.3, Max: 0.4, Diff: 0.3, Sum: 2.1]
         [Termination Attempts: Min: 1, Avg: 210.4, Max: 278, Diff: 277, Sum: 1683]
      [GC Worker Other (ms): Min: 0.0, Avg: 0.0, Max: 0.1, Diff: 0.1, Sum: 0.4]
      [GC Worker Total (ms): Min: 219.7, Avg: 220.0, Max: 220.3, Diff: 0.5, Sum: 1760.3]
      [GC Worker End (ms): Min: 135639.4, Avg: 135639.4, Max: 135639.6, Diff: 0.2]
   [Code Root Fixup: 0.0 ms]
   [Code Root Purge: 0.0 ms]
   [Clear CT: 0.9 ms]
   [Other: 2.4 ms]
      [Choose CSet: 0.0 ms]
      [Ref Proc: 1.0 ms]
      [Ref Enq: 0.0 ms]
      [Redirty Cards: 0.6 ms]
      [Humongous Register: 0.1 ms]
      [Humongous Reclaim: 0.0 ms]
      [Free CSet: 0.3 ms]
   [Eden: 89.0M(89.0M)->0.0B(89.0M) Survivors: 13.0M->13.0M Heap: 646.6M(2048.0M)->649.1M(2048.0M)]
 [Times: user=1.70 sys=0.00, real=0.23 secs] 
2020-09-29T12:13:10.799+0200: 135.769: [GC pause (G1 Evacuation Pause) (young), 0.0494559 secs]
   [Parallel Time: 48.1 ms, GC Workers: 8]
      [GC Worker Start (ms): Min: 135768.8, Avg: 135768.9, Max: 135769.0, Diff: 0.2]
      [Ext Root Scanning (ms): Min: 0.0, Avg: 0.1, Max: 0.2, Diff: 0.2, Sum: 0.4]
      [Update RS (ms): Min: 4.9, Avg: 5.2, Max: 5.5, Diff: 0.5, Sum: 42.0]
         [Processed Buffers: Min: 6, Avg: 6.5, Max: 8, Diff: 2, Sum: 52]
      [Scan RS (ms): Min: 4.0, Avg: 4.2, Max: 4.6, Diff: 0.6, Sum: 34.0]
      [Code Root Scanning (ms): Min: 0.0, Avg: 0.0, Max: 0.0, Diff: 0.0, Sum: 0.0]
      [Object Copy (ms): Min: 38.2, Avg: 38.2, Max: 38.3, Diff: 0.1, Sum: 305.7]
      [Termination (ms): Min: 0.0, Avg: 0.0, Max: 0.0, Diff: 0.0, Sum: 0.1]
         [Termination Attempts: Min: 1, Avg: 86.8, Max: 116, Diff: 115, Sum: 694]
      [GC Worker Other (ms): Min: 0.0, Avg: 0.0, Max: 0.0, Diff: 0.0, Sum: 0.1]
      [GC Worker Total (ms): Min: 47.7, Avg: 47.8, Max: 47.9, Diff: 0.2, Sum: 382.3]
      [GC Worker End (ms): Min: 135816.7, Avg: 135816.7, Max: 135816.7, Diff: 0.0]
   [Code Root Fixup: 0.0 ms]
   [Code Root Purge: 0.0 ms]
   [Clear CT: 0.3 ms]
   [Other: 1.1 ms]
      [Choose CSet: 0.0 ms]
      [Ref Proc: 0.4 ms]
      [Ref Enq: 0.0 ms]
      [Redirty Cards: 0.5 ms]
      [Humongous Register: 0.0 ms]
      [Humongous Reclaim: 0.0 ms]
      [Free CSet: 0.1 ms]
   [Eden: 89.0M(89.0M)->0.0B(89.0M) Survivors: 13.0M->13.0M Heap: 753.4M(2048.0M)->754.9M(2048.0M)]
 [Times: user=0.38 sys=0.00, real=0.05 secs] 
2020-09-29T12:13:10.892+0200: 135.862: [GC pause (G1 Evacuation Pause) (young), 0.0489412 secs]
   [Parallel Time: 47.6 ms, GC Workers: 8]
      [GC Worker Start (ms): Min: 135862.4, Avg: 135862.5, Max: 135862.5, Diff: 0.2]
      [Ext Root Scanning (ms): Min: 0.0, Avg: 0.0, Max: 0.1, Diff: 0.1, Sum: 0.4]
      [Update RS (ms): Min: 4.4, Avg: 4.5, Max: 5.1, Diff: 0.7, Sum: 36.2]
         [Processed Buffers: Min: 6, Avg: 6.4, Max: 7, Diff: 1, Sum: 51]
      [Scan RS (ms): Min: 3.9, Avg: 4.4, Max: 4.6, Diff: 0.7, Sum: 35.4]
      [Code Root Scanning (ms): Min: 0.0, Avg: 0.0, Max: 0.0, Diff: 0.0, Sum: 0.0]
      [Object Copy (ms): Min: 38.3, Avg: 38.3, Max: 38.4, Diff: 0.1, Sum: 306.6]
      [Termination (ms): Min: 0.0, Avg: 0.0, Max: 0.0, Diff: 0.0, Sum: 0.0]
         [Termination Attempts: Min: 1, Avg: 28.9, Max: 38, Diff: 37, Sum: 231]
      [GC Worker Other (ms): Min: 0.0, Avg: 0.0, Max: 0.0, Diff: 0.0, Sum: 0.2]
      [GC Worker Total (ms): Min: 47.3, Avg: 47.4, Max: 47.5, Diff: 0.2, Sum: 378.9]
      [GC Worker End (ms): Min: 135909.8, Avg: 135909.8, Max: 135909.8, Diff: 0.0]
   [Code Root Fixup: 0.0 ms]
   [Code Root Purge: 0.0 ms]
   [Clear CT: 0.6 ms]
   [Other: 0.8 ms]
      [Choose CSet: 0.0 ms]
      [Ref Proc: 0.2 ms]
      [Ref Enq: 0.0 ms]
      [Redirty Cards: 0.2 ms]
      [Humongous Register: 0.0 ms]
      [Humongous Reclaim: 0.0 ms]
      [Free CSet: 0.2 ms]
   [Eden: 89.0M(89.0M)->0.0B(94.0M) Survivors: 13.0M->13.0M Heap: 859.2M(2048.0M)->861.2M(2048.0M)]
 [Times: user=0.38 sys=0.02, real=0.05 secs] 
2020-09-29T12:13:10.989+0200: 135.959: [GC pause (G1 Evacuation Pause) (young), 0.0553791 secs]
   [Parallel Time: 54.3 ms, GC Workers: 8]
      [GC Worker Start (ms): Min: 135959.4, Avg: 135959.5, Max: 135959.6, Diff: 0.2]
      [Ext Root Scanning (ms): Min: 0.0, Avg: 0.1, Max: 0.1, Diff: 0.1, Sum: 0.6]
      [Update RS (ms): Min: 4.8, Avg: 4.9, Max: 5.4, Diff: 0.6, Sum: 39.5]
         [Processed Buffers: Min: 5, Avg: 5.9, Max: 8, Diff: 3, Sum: 47]
      [Scan RS (ms): Min: 4.6, Avg: 5.1, Max: 5.2, Diff: 0.6, Sum: 40.6]
      [Code Root Scanning (ms): Min: 0.0, Avg: 0.0, Max: 0.0, Diff: 0.0, Sum: 0.0]
      [Object Copy (ms): Min: 43.9, Avg: 43.9, Max: 44.0, Diff: 0.1, Sum: 351.6]
      [Termination (ms): Min: 0.0, Avg: 0.0, Max: 0.1, Diff: 0.1, Sum: 0.4]
         [Termination Attempts: Min: 1, Avg: 244.5, Max: 299, Diff: 298, Sum: 1956]
      [GC Worker Other (ms): Min: 0.0, Avg: 0.0, Max: 0.1, Diff: 0.0, Sum: 0.2]
      [GC Worker Total (ms): Min: 54.0, Avg: 54.1, Max: 54.2, Diff: 0.2, Sum: 432.9]
      [GC Worker End (ms): Min: 136013.6, Avg: 136013.6, Max: 136013.6, Diff: 0.0]
   [Code Root Fixup: 0.0 ms]
   [Code Root Purge: 0.0 ms]
   [Clear CT: 0.2 ms]
   [Other: 0.9 ms]
      [Choose CSet: 0.0 ms]
      [Ref Proc: 0.2 ms]
      [Ref Enq: 0.0 ms]
      [Redirty Cards: 0.4 ms]
      [Humongous Register: 0.1 ms]
      [Humongous Reclaim: 0.0 ms]
      [Free CSet: 0.1 ms]
   [Eden: 94.0M(94.0M)->0.0B(122.0M) Survivors: 13.0M->14.0M Heap: 970.4M(2048.0M)->972.4M(2048.0M)]
 [Times: user=0.36 sys=0.00, real=0.06 secs] 
2020-09-29T12:13:11.048+0200: 136.017: [GC pause (G1 Humongous Allocation) (young) (initial-mark), 0.0221686 secs]
   [Parallel Time: 21.4 ms, GC Workers: 8]
      [GC Worker Start (ms): Min: 136017.5, Avg: 136017.6, Max: 136017.7, Diff: 0.1]
      [Ext Root Scanning (ms): Min: 0.0, Avg: 0.2, Max: 0.8, Diff: 0.7, Sum: 1.5]
      [Update RS (ms): Min: 10.8, Avg: 11.6, Max: 12.1, Diff: 1.3, Sum: 92.8]
         [Processed Buffers: Min: 13, Avg: 15.3, Max: 18, Diff: 5, Sum: 122]
      [Scan RS (ms): Min: 0.4, Avg: 0.8, Max: 1.0, Diff: 0.6, Sum: 6.4]
      [Code Root Scanning (ms): Min: 0.0, Avg: 0.0, Max: 0.0, Diff: 0.0, Sum: 0.0]
      [Object Copy (ms): Min: 8.7, Avg: 8.7, Max: 8.7, Diff: 0.1, Sum: 69.7]
      [Termination (ms): Min: 0.0, Avg: 0.0, Max: 0.0, Diff: 0.0, Sum: 0.0]
         [Termination Attempts: Min: 1, Avg: 29.0, Max: 43, Diff: 42, Sum: 232]
      [GC Worker Other (ms): Min: 0.0, Avg: 0.0, Max: 0.0, Diff: 0.0, Sum: 0.1]
      [GC Worker Total (ms): Min: 21.2, Avg: 21.3, Max: 21.4, Diff: 0.1, Sum: 170.6]
      [GC Worker End (ms): Min: 136038.9, Avg: 136038.9, Max: 136038.9, Diff: 0.0]
   [Code Root Fixup: 0.0 ms]
   [Code Root Purge: 0.0 ms]
   [Clear CT: 0.1 ms]
   [Other: 0.6 ms]
      [Choose CSet: 0.0 ms]
      [Ref Proc: 0.2 ms]
      [Ref Enq: 0.0 ms]
      [Redirty Cards: 0.2 ms]
      [Humongous Register: 0.0 ms]
      [Humongous Reclaim: 0.0 ms]
      [Free CSet: 0.0 ms]
   [Eden: 4096.0K(122.0M)->0.0B(156.0M) Survivors: 14.0M->6144.0K Heap: 976.4M(2048.0M)->979.4M(2048.0M)]
 [Times: user=0.25 sys=0.00, real=0.02 secs] 
2020-09-29T12:13:11.070+0200: 136.040: [GC concurrent-root-region-scan-start]
2020-09-29T12:13:11.071+0200: 136.041: [GC concurrent-root-region-scan-end, 0.0011916 secs]
2020-09-29T12:13:11.071+0200: 136.041: [GC concurrent-mark-start]
2020-09-29T12:13:11.074+0200: 136.044: [GC concurrent-mark-end, 0.0033300 secs]
2020-09-29T12:13:11.075+0200: 136.044: [GC remark 2020-09-29T12:13:11.075+0200: 136.044: [Finalize Marking, 0.0002262 secs] 2020-09-29T12:13:11.076+0200: 136.045: [GC ref-proc, 0.0002820 secs] 2020-09-29T12:13:11.076+0200: 136.045: [Unloading, 0.0005704 secs], 0.0013557 secs]
 [Times: user=0.00 sys=0.00, real=0.00 secs] 
2020-09-29T12:13:11.076+0200: 136.046: [GC cleanup 991M->27M(2048M), 0.0013177 secs]
 [Times: user=0.00 sys=0.00, real=0.00 secs] 
2020-09-29T12:13:11.078+0200: 136.047: [GC concurrent-cleanup-start]
2020-09-29T12:13:11.079+0200: 136.048: [GC concurrent-cleanup-end, 0.0009902 secs]
2020-09-29T12:13:11.153+0200: 136.123: [GC pause (G1 Evacuation Pause) (young), 0.0725177 secs]
   [Parallel Time: 71.6 ms, GC Workers: 8]
      [GC Worker Start (ms): Min: 136123.4, Avg: 136123.5, Max: 136123.5, Diff: 0.1]
      [Ext Root Scanning (ms): Min: 0.0, Avg: 0.1, Max: 0.1, Diff: 0.1, Sum: 0.6]
      [Update RS (ms): Min: 5.5, Avg: 5.8, Max: 6.0, Diff: 0.5, Sum: 46.6]
         [Processed Buffers: Min: 7, Avg: 7.8, Max: 10, Diff: 3, Sum: 62]
      [Scan RS (ms): Min: 7.1, Avg: 7.3, Max: 7.7, Diff: 0.6, Sum: 58.6]
      [Code Root Scanning (ms): Min: 0.0, Avg: 0.0, Max: 0.0, Diff: 0.0, Sum: 0.0]
      [Object Copy (ms): Min: 58.1, Avg: 58.1, Max: 58.1, Diff: 0.1, Sum: 465.0]
      [Termination (ms): Min: 0.0, Avg: 0.0, Max: 0.0, Diff: 0.0, Sum: 0.1]
         [Termination Attempts: Min: 1, Avg: 99.1, Max: 120, Diff: 119, Sum: 793]
      [GC Worker Other (ms): Min: 0.0, Avg: 0.0, Max: 0.0, Diff: 0.0, Sum: 0.2]
      [GC Worker Total (ms): Min: 71.3, Avg: 71.4, Max: 71.5, Diff: 0.1, Sum: 571.1]
      [GC Worker End (ms): Min: 136194.8, Avg: 136194.8, Max: 136194.9, Diff: 0.0]
   [Code Root Fixup: 0.0 ms]
   [Code Root Purge: 0.0 ms]
   [Clear CT: 0.1 ms]
   [Other: 0.8 ms]
      [Choose CSet: 0.0 ms]
      [Ref Proc: 0.1 ms]
      [Ref Enq: 0.0 ms]
      [Redirty Cards: 0.3 ms]
      [Humongous Register: 0.1 ms]
      [Humongous Reclaim: 0.0 ms]
      [Free CSet: 0.1 ms]
   [Eden: 156.0M(156.0M)->0.0B(169.0M) Survivors: 6144.0K->21.0M Heap: 198.2M(2048.0M)->194.7M(2048.0M)]
 [Times: user=0.63 sys=0.00, real=0.07 secs] 
2020-09-29T12:13:11.316+0200: 136.286: [GC pause (G1 Evacuation Pause) (young), 0.0853018 secs]
   [Parallel Time: 84.4 ms, GC Workers: 8]
      [GC Worker Start (ms): Min: 136285.6, Avg: 136285.7, Max: 136285.7, Diff: 0.1]
      [Ext Root Scanning (ms): Min: 0.0, Avg: 0.1, Max: 0.1, Diff: 0.1, Sum: 0.6]
      [Update RS (ms): Min: 6.4, Avg: 6.6, Max: 7.2, Diff: 0.8, Sum: 52.5]
         [Processed Buffers: Min: 7, Avg: 7.8, Max: 8, Diff: 1, Sum: 62]
      [Scan RS (ms): Min: 8.8, Avg: 9.4, Max: 9.6, Diff: 0.8, Sum: 75.1]
      [Code Root Scanning (ms): Min: 0.0, Avg: 0.0, Max: 0.0, Diff: 0.0, Sum: 0.0]
      [Object Copy (ms): Min: 68.1, Avg: 68.2, Max: 68.2, Diff: 0.1, Sum: 545.3]
      [Termination (ms): Min: 0.0, Avg: 0.0, Max: 0.0, Diff: 0.0, Sum: 0.0]
         [Termination Attempts: Min: 1, Avg: 9.1, Max: 15, Diff: 14, Sum: 73]
      [GC Worker Other (ms): Min: 0.0, Avg: 0.0, Max: 0.0, Diff: 0.0, Sum: 0.2]
      [GC Worker Total (ms): Min: 84.2, Avg: 84.2, Max: 84.3, Diff: 0.1, Sum: 673.7]
      [GC Worker End (ms): Min: 136369.9, Avg: 136369.9, Max: 136369.9, Diff: 0.0]
   [Code Root Fixup: 0.0 ms]
   [Code Root Purge: 0.0 ms]
   [Clear CT: 0.2 ms]
   [Other: 0.7 ms]
      [Choose CSet: 0.0 ms]
      [Ref Proc: 0.2 ms]
      [Ref Enq: 0.0 ms]
      [Redirty Cards: 0.2 ms]
      [Humongous Register: 0.0 ms]
      [Humongous Reclaim: 0.0 ms]
      [Free CSet: 0.1 ms]
   [Eden: 163.0M(163.0M)->0.0B(197.0M) Survivors: 21.0M->23.0M Heap: 384.4M(2048.0M)->386.4M(2048.0M)]
 [Times: user=0.75 sys=0.00, real=0.09 secs] 
2020-09-29T12:13:11.501+0200: 136.471: [GC pause (G1 Evacuation Pause) (young), 0.1000653 secs]
   [Parallel Time: 99.0 ms, GC Workers: 8]
      [GC Worker Start (ms): Min: 136471.1, Avg: 136471.2, Max: 136471.3, Diff: 0.2]
      [Ext Root Scanning (ms): Min: 0.0, Avg: 0.1, Max: 0.2, Diff: 0.2, Sum: 0.5]
      [Update RS (ms): Min: 6.7, Avg: 6.9, Max: 7.1, Diff: 0.4, Sum: 54.9]
         [Processed Buffers: Min: 8, Avg: 9.4, Max: 11, Diff: 3, Sum: 75]
      [Scan RS (ms): Min: 10.8, Avg: 11.0, Max: 11.2, Diff: 0.4, Sum: 88.2]
      [Code Root Scanning (ms): Min: 0.0, Avg: 0.0, Max: 0.0, Diff: 0.0, Sum: 0.0]
      [Object Copy (ms): Min: 80.8, Avg: 80.9, Max: 80.9, Diff: 0.1, Sum: 646.9]
      [Termination (ms): Min: 0.0, Avg: 0.0, Max: 0.0, Diff: 0.0, Sum: 0.2]
         [Termination Attempts: Min: 1, Avg: 187.5, Max: 251, Diff: 250, Sum: 1500]
      [GC Worker Other (ms): Min: 0.0, Avg: 0.0, Max: 0.1, Diff: 0.0, Sum: 0.2]
      [GC Worker Total (ms): Min: 98.8, Avg: 98.9, Max: 99.0, Diff: 0.2, Sum: 790.9]
      [GC Worker End (ms): Min: 136570.1, Avg: 136570.1, Max: 136570.1, Diff: 0.0]
   [Code Root Fixup: 0.0 ms]
   [Code Root Purge: 0.0 ms]
   [Clear CT: 0.2 ms]
   [Other: 0.9 ms]
      [Choose CSet: 0.0 ms]
      [Ref Proc: 0.2 ms]
      [Ref Enq: 0.0 ms]
      [Redirty Cards: 0.2 ms]
      [Humongous Register: 0.0 ms]
      [Humongous Reclaim: 0.0 ms]
      [Free CSet: 0.2 ms]
   [Eden: 197.0M(197.0M)->0.0B(212.0M) Survivors: 23.0M->28.0M Heap: 617.7M(2048.0M)->619.2M(2048.0M)]
 [Times: user=0.88 sys=0.00, real=0.10 secs] 
2020-09-29T12:13:11.718+0200: 136.687: [GC pause (G1 Evacuation Pause) (young), 0.1107784 secs]
   [Parallel Time: 109.7 ms, GC Workers: 8]
      [GC Worker Start (ms): Min: 136687.5, Avg: 136687.6, Max: 136687.6, Diff: 0.2]
      [Ext Root Scanning (ms): Min: 0.0, Avg: 0.1, Max: 0.1, Diff: 0.1, Sum: 0.5]
      [Update RS (ms): Min: 7.1, Avg: 7.3, Max: 7.6, Diff: 0.5, Sum: 58.3]
         [Processed Buffers: Min: 9, Avg: 9.4, Max: 11, Diff: 2, Sum: 75]
      [Scan RS (ms): Min: 11.6, Avg: 11.9, Max: 12.1, Diff: 0.5, Sum: 95.0]
      [Code Root Scanning (ms): Min: 0.0, Avg: 0.0, Max: 0.0, Diff: 0.0, Sum: 0.0]
      [Object Copy (ms): Min: 90.2, Avg: 90.2, Max: 90.3, Diff: 0.1, Sum: 721.7]
      [Termination (ms): Min: 0.0, Avg: 0.0, Max: 0.0, Diff: 0.0, Sum: 0.3]
         [Termination Attempts: Min: 1, Avg: 271.9, Max: 335, Diff: 334, Sum: 2175]
      [GC Worker Other (ms): Min: 0.0, Avg: 0.0, Max: 0.1, Diff: 0.0, Sum: 0.3]
      [GC Worker Total (ms): Min: 109.4, Avg: 109.5, Max: 109.6, Diff: 0.1, Sum: 876.1]
      [GC Worker End (ms): Min: 136797.1, Avg: 136797.1, Max: 136797.1, Diff: 0.0]
   [Code Root Fixup: 0.0 ms]
   [Code Root Purge: 0.0 ms]
   [Clear CT: 0.2 ms]
   [Other: 0.9 ms]
      [Choose CSet: 0.0 ms]
      [Ref Proc: 0.2 ms]
      [Ref Enq: 0.0 ms]
      [Redirty Cards: 0.2 ms]
      [Humongous Register: 0.0 ms]
      [Humongous Reclaim: 0.0 ms]
      [Free CSet: 0.2 ms]
   [Eden: 212.0M(212.0M)->0.0B(231.0M) Survivors: 28.0M->30.0M Heap: 865.6M(2048.0M)->868.1M(2048.0M)]
 [Times: user=0.88 sys=0.00, real=0.11 secs] 
2020-09-29T12:13:11.959+0200: 136.929: [GC pause (G1 Evacuation Pause) (young), 0.1251239 secs]
   [Parallel Time: 123.9 ms, GC Workers: 8]
      [GC Worker Start (ms): Min: 136929.0, Avg: 136929.1, Max: 136929.2, Diff: 0.2]
      [Ext Root Scanning (ms): Min: 0.0, Avg: 0.1, Max: 0.2, Diff: 0.2, Sum: 0.5]
      [Update RS (ms): Min: 11.1, Avg: 11.3, Max: 11.7, Diff: 0.6, Sum: 90.1]
         [Processed Buffers: Min: 12, Avg: 12.8, Max: 15, Diff: 3, Sum: 102]
      [Scan RS (ms): Min: 12.1, Avg: 12.6, Max: 12.8, Diff: 0.7, Sum: 100.5]
      [Code Root Scanning (ms): Min: 0.0, Avg: 0.0, Max: 0.0, Diff: 0.0, Sum: 0.0]
      [Object Copy (ms): Min: 99.6, Avg: 99.7, Max: 99.8, Diff: 0.2, Sum: 797.5]
      [Termination (ms): Min: 0.0, Avg: 0.0, Max: 0.1, Diff: 0.1, Sum: 0.3]
         [Termination Attempts: Min: 1, Avg: 240.3, Max: 349, Diff: 348, Sum: 1922]
      [GC Worker Other (ms): Min: 0.0, Avg: 0.0, Max: 0.1, Diff: 0.0, Sum: 0.2]
      [GC Worker Total (ms): Min: 123.6, Avg: 123.6, Max: 123.8, Diff: 0.2, Sum: 989.2]
      [GC Worker End (ms): Min: 137052.7, Avg: 137052.8, Max: 137052.8, Diff: 0.0]
   [Code Root Fixup: 0.0 ms]
   [Code Root Purge: 0.0 ms]
   [Clear CT: 0.2 ms]
   [Other: 1.0 ms]
      [Choose CSet: 0.0 ms]
      [Ref Proc: 0.3 ms]
      [Ref Enq: 0.0 ms]
      [Redirty Cards: 0.3 ms]
      [Humongous Register: 0.1 ms]
      [Humongous Reclaim: 0.0 ms]
      [Free CSet: 0.2 ms]
   [Eden: 231.0M(231.0M)->0.0B(252.0M) Survivors: 30.0M->33.0M Heap: 1137.2M(2048.0M)->1139.2M(2048.0M)]
 [Times: user=0.98 sys=0.00, real=0.13 secs] 
2020-09-29T12:13:12.097+0200: 137.067: [GC pause (G1 Humongous Allocation) (young) (initial-mark), 0.0365908 secs]
   [Parallel Time: 35.6 ms, GC Workers: 8]
      [GC Worker Start (ms): Min: 137067.4, Avg: 137067.5, Max: 137067.6, Diff: 0.1]
      [Ext Root Scanning (ms): Min: 0.0, Avg: 0.2, Max: 0.9, Diff: 0.9, Sum: 1.7]
      [Update RS (ms): Min: 18.1, Avg: 18.7, Max: 18.9, Diff: 0.8, Sum: 149.3]
         [Processed Buffers: Min: 21, Avg: 23.6, Max: 28, Diff: 7, Sum: 189]
      [Scan RS (ms): Min: 1.9, Avg: 2.1, Max: 2.3, Diff: 0.5, Sum: 16.5]
      [Code Root Scanning (ms): Min: 0.0, Avg: 0.0, Max: 0.0, Diff: 0.0, Sum: 0.0]
      [Object Copy (ms): Min: 14.2, Avg: 14.5, Max: 14.6, Diff: 0.4, Sum: 116.0]
      [Termination (ms): Min: 0.0, Avg: 0.0, Max: 0.1, Diff: 0.1, Sum: 0.3]
         [Termination Attempts: Min: 1, Avg: 15.8, Max: 27, Diff: 26, Sum: 126]
      [GC Worker Other (ms): Min: 0.0, Avg: 0.0, Max: 0.0, Diff: 0.0, Sum: 0.1]
      [GC Worker Total (ms): Min: 35.4, Avg: 35.5, Max: 35.6, Diff: 0.2, Sum: 284.0]
      [GC Worker End (ms): Min: 137103.0, Avg: 137103.0, Max: 137103.0, Diff: 0.0]
   [Code Root Fixup: 0.0 ms]
   [Code Root Purge: 0.0 ms]
   [Clear CT: 0.2 ms]
   [Other: 0.8 ms]
      [Choose CSet: 0.0 ms]
      [Ref Proc: 0.2 ms]
      [Ref Enq: 0.0 ms]
      [Redirty Cards: 0.2 ms]
      [Humongous Register: 0.1 ms]
      [Humongous Reclaim: 0.0 ms]
      [Free CSet: 0.1 ms]
   [Eden: 3072.0K(252.0M)->0.0B(305.0M) Survivors: 33.0M->5120.0K Heap: 1141.7M(2048.0M)->1146.2M(2048.0M)]
 [Times: user=0.25 sys=0.00, real=0.04 secs] 
2020-09-29T12:13:12.134+0200: 137.104: [GC concurrent-root-region-scan-start]
2020-09-29T12:13:12.135+0200: 137.105: [GC concurrent-root-region-scan-end, 0.0006092 secs]
2020-09-29T12:13:12.135+0200: 137.105: [GC concurrent-mark-start]
2020-09-29T12:13:12.139+0200: 137.109: [GC concurrent-mark-end, 0.0042985 secs]
2020-09-29T12:13:12.140+0200: 137.109: [GC remark 2020-09-29T12:13:12.140+0200: 137.109: [Finalize Marking, 0.0001350 secs] 2020-09-29T12:13:12.140+0200: 137.110: [GC ref-proc, 0.0002911 secs] 2020-09-29T12:13:12.140+0200: 137.110: [Unloading, 0.0004746 secs], 0.0012977 secs]
 [Times: user=0.00 sys=0.00, real=0.00 secs] 
2020-09-29T12:13:12.141+0200: 137.111: [GC cleanup 1155M->23M(2048M), 0.0034634 secs]
 [Times: user=0.08 sys=0.00, real=0.00 secs] 
2020-09-29T12:13:12.145+0200: 137.115: [GC concurrent-cleanup-start]
2020-09-29T12:13:12.147+0200: 137.117: [GC concurrent-cleanup-end, 0.0020559 secs]
2020-09-29T12:13:12.313+0200: 137.283: [GC pause (G1 Evacuation Pause) (young), 0.1515167 secs]
   [Parallel Time: 150.2 ms, GC Workers: 8]
      [GC Worker Start (ms): Min: 137282.9, Avg: 137283.3, Max: 137284.9, Diff: 2.0]
      [Ext Root Scanning (ms): Min: 0.0, Avg: 0.1, Max: 0.2, Diff: 0.2, Sum: 0.4]
      [Update RS (ms): Min: 11.5, Avg: 12.8, Max: 13.2, Diff: 1.7, Sum: 102.8]
         [Processed Buffers: Min: 10, Avg: 12.5, Max: 14, Diff: 4, Sum: 100]
      [Scan RS (ms): Min: 17.1, Avg: 17.4, Max: 17.8, Diff: 0.7, Sum: 139.4]
      [Code Root Scanning (ms): Min: 0.0, Avg: 0.0, Max: 0.0, Diff: 0.0, Sum: 0.0]
      [Object Copy (ms): Min: 118.9, Avg: 119.2, Max: 119.2, Diff: 0.3, Sum: 953.3]
      [Termination (ms): Min: 0.0, Avg: 0.1, Max: 0.1, Diff: 0.1, Sum: 0.4]
         [Termination Attempts: Min: 1, Avg: 5.0, Max: 9, Diff: 8, Sum: 40]
      [GC Worker Other (ms): Min: 0.0, Avg: 0.0, Max: 0.0, Diff: 0.0, Sum: 0.2]
      [GC Worker Total (ms): Min: 148.0, Avg: 149.6, Max: 150.0, Diff: 2.0, Sum: 1196.4]
      [GC Worker End (ms): Min: 137432.8, Avg: 137432.8, Max: 137432.9, Diff: 0.1]
   [Code Root Fixup: 0.0 ms]
   [Code Root Purge: 0.0 ms]
   [Clear CT: 0.2 ms]
   [Other: 1.1 ms]
      [Choose CSet: 0.0 ms]
      [Ref Proc: 0.2 ms]
      [Ref Enq: 0.0 ms]
      [Redirty Cards: 0.2 ms]
      [Humongous Register: 0.0 ms]
      [Humongous Reclaim: 0.0 ms]
      [Free CSet: 0.3 ms]
   [Eden: 305.0M(305.0M)->0.0B(283.0M) Survivors: 5120.0K->39.0M Heap: 371.0M(2048.0M)->368.5M(2048.0M)]
 [Times: user=1.23 sys=0.00, real=0.15 secs] 
2020-09-29T12:13:12.629+0200: 137.599: [GC pause (G1 Evacuation Pause) (young), 0.1576763 secs]
   [Parallel Time: 156.5 ms, GC Workers: 8]
      [GC Worker Start (ms): Min: 137598.9, Avg: 137599.0, Max: 137599.1, Diff: 0.2]
      [Ext Root Scanning (ms): Min: 0.0, Avg: 0.1, Max: 0.2, Diff: 0.2, Sum: 0.5]
      [Update RS (ms): Min: 12.7, Avg: 12.8, Max: 13.2, Diff: 0.5, Sum: 102.7]
         [Processed Buffers: Min: 13, Avg: 14.0, Max: 17, Diff: 4, Sum: 112]
      [Scan RS (ms): Min: 18.5, Avg: 19.0, Max: 19.2, Diff: 0.7, Sum: 151.8]
      [Code Root Scanning (ms): Min: 0.0, Avg: 0.0, Max: 0.0, Diff: 0.0, Sum: 0.0]
      [Object Copy (ms): Min: 124.1, Avg: 124.3, Max: 124.4, Diff: 0.3, Sum: 994.6]
      [Termination (ms): Min: 0.0, Avg: 0.0, Max: 0.0, Diff: 0.0, Sum: 0.0]
         [Termination Attempts: Min: 1, Avg: 16.1, Max: 21, Diff: 20, Sum: 129]
      [GC Worker Other (ms): Min: 0.0, Avg: 0.0, Max: 0.1, Diff: 0.1, Sum: 0.4]
      [GC Worker Total (ms): Min: 156.2, Avg: 156.2, Max: 156.4, Diff: 0.2, Sum: 1250.0]
      [GC Worker End (ms): Min: 137755.2, Avg: 137755.3, Max: 137755.3, Diff: 0.1]
   [Code Root Fixup: 0.0 ms]
   [Code Root Purge: 0.0 ms]
   [Clear CT: 0.2 ms]
   [Other: 1.0 ms]
      [Choose CSet: 0.0 ms]
      [Ref Proc: 0.2 ms]
      [Ref Enq: 0.0 ms]
      [Redirty Cards: 0.3 ms]
      [Humongous Register: 0.0 ms]
      [Humongous Reclaim: 0.0 ms]
      [Free CSet: 0.3 ms]
   [Eden: 283.0M(283.0M)->0.0B(284.0M) Survivors: 39.0M->41.0M Heap: 699.2M(2048.0M)->700.7M(2048.0M)]
 [Times: user=1.24 sys=0.01, real=0.16 secs] 
2020-09-29T12:13:12.938+0200: 137.908: [GC pause (G1 Evacuation Pause) (young), 0.1584293 secs]
   [Parallel Time: 157.3 ms, GC Workers: 8]
      [GC Worker Start (ms): Min: 137907.7, Avg: 137907.8, Max: 137907.8, Diff: 0.2]
      [Ext Root Scanning (ms): Min: 0.0, Avg: 0.1, Max: 0.2, Diff: 0.1, Sum: 0.5]
      [Update RS (ms): Min: 12.7, Avg: 12.8, Max: 13.4, Diff: 0.6, Sum: 102.6]
         [Processed Buffers: Min: 14, Avg: 15.8, Max: 18, Diff: 4, Sum: 126]
      [Scan RS (ms): Min: 15.6, Avg: 16.1, Max: 16.4, Diff: 0.8, Sum: 129.1]
      [Code Root Scanning (ms): Min: 0.0, Avg: 0.0, Max: 0.0, Diff: 0.0, Sum: 0.0]
      [Object Copy (ms): Min: 127.6, Avg: 127.8, Max: 128.1, Diff: 0.5, Sum: 1022.3]
      [Termination (ms): Min: 0.0, Avg: 0.2, Max: 0.3, Diff: 0.3, Sum: 1.8]
         [Termination Attempts: Min: 1, Avg: 1483.6, Max: 1809, Diff: 1808, Sum: 11869]
      [GC Worker Other (ms): Min: 0.0, Avg: 0.0, Max: 0.1, Diff: 0.0, Sum: 0.3]
      [GC Worker Total (ms): Min: 157.0, Avg: 157.1, Max: 157.2, Diff: 0.2, Sum: 1256.6]
      [GC Worker End (ms): Min: 138064.8, Avg: 138064.9, Max: 138064.9, Diff: 0.0]
   [Code Root Fixup: 0.0 ms]
   [Code Root Purge: 0.0 ms]
   [Clear CT: 0.2 ms]
   [Other: 1.0 ms]
      [Choose CSet: 0.0 ms]
      [Ref Proc: 0.2 ms]
      [Ref Enq: 0.0 ms]
      [Redirty Cards: 0.2 ms]
      [Humongous Register: 0.0 ms]
      [Humongous Reclaim: 0.0 ms]
      [Free CSet: 0.3 ms]
   [Eden: 284.0M(284.0M)->0.0B(291.0M) Survivors: 41.0M->41.0M Heap: 1032.4M(2048.0M)->1033.9M(2048.0M)]
 [Times: user=1.25 sys=0.00, real=0.16 secs] 
2020-09-29T12:13:13.115+0200: 138.085: [GC pause (G1 Humongous Allocation) (young) (initial-mark), 0.0431240 secs]
   [Parallel Time: 41.9 ms, GC Workers: 8]
      [GC Worker Start (ms): Min: 138085.2, Avg: 138085.3, Max: 138085.4, Diff: 0.2]
      [Ext Root Scanning (ms): Min: 0.0, Avg: 0.2, Max: 0.3, Diff: 0.3, Sum: 1.2]
      [Update RS (ms): Min: 19.8, Avg: 19.9, Max: 20.2, Diff: 0.4, Sum: 159.5]
         [Processed Buffers: Min: 24, Avg: 25.6, Max: 27, Diff: 3, Sum: 205]
      [Scan RS (ms): Min: 2.2, Avg: 2.5, Max: 2.6, Diff: 0.5, Sum: 19.9]
      [Code Root Scanning (ms): Min: 0.0, Avg: 0.0, Max: 0.0, Diff: 0.0, Sum: 0.0]
      [Object Copy (ms): Min: 19.0, Avg: 19.1, Max: 19.1, Diff: 0.1, Sum: 152.5]
      [Termination (ms): Min: 0.0, Avg: 0.0, Max: 0.0, Diff: 0.0, Sum: 0.1]
         [Termination Attempts: Min: 1, Avg: 100.5, Max: 134, Diff: 133, Sum: 804]
      [GC Worker Other (ms): Min: 0.0, Avg: 0.0, Max: 0.0, Diff: 0.0, Sum: 0.1]
      [GC Worker Total (ms): Min: 41.6, Avg: 41.7, Max: 41.8, Diff: 0.2, Sum: 333.5]
      [GC Worker End (ms): Min: 138127.0, Avg: 138127.0, Max: 138127.0, Diff: 0.0]
   [Code Root Fixup: 0.0 ms]
   [Code Root Purge: 0.0 ms]
   [Clear CT: 0.4 ms]
   [Other: 0.9 ms]
      [Choose CSet: 0.0 ms]
      [Ref Proc: 0.2 ms]
      [Ref Enq: 0.0 ms]
      [Redirty Cards: 0.3 ms]
      [Humongous Register: 0.0 ms]
      [Humongous Reclaim: 0.0 ms]
      [Free CSet: 0.1 ms]
   [Eden: 10.0M(291.0M)->0.0B(346.0M) Survivors: 41.0M->11.0M Heap: 1043.4M(2048.0M)->1047.9M(2048.0M)]
 [Times: user=0.25 sys=0.00, real=0.04 secs] 
2020-09-29T12:13:13.158+0200: 138.128: [GC concurrent-root-region-scan-start]
2020-09-29T12:13:13.161+0200: 138.131: [GC concurrent-root-region-scan-end, 0.0023801 secs]
2020-09-29T12:13:13.161+0200: 138.131: [GC concurrent-mark-start]
2020-09-29T12:13:13.165+0200: 138.134: [GC concurrent-mark-end, 0.0038313 secs]
2020-09-29T12:13:13.165+0200: 138.135: [GC remark 2020-09-29T12:13:13.165+0200: 138.135: [Finalize Marking, 0.0001469 secs] 2020-09-29T12:13:13.165+0200: 138.135: [GC ref-proc, 0.0002842 secs] 2020-09-29T12:13:13.165+0200: 138.135: [Unloading, 0.0004528 secs], 0.0012436 secs]
 [Times: user=0.00 sys=0.00, real=0.00 secs] 
2020-09-29T12:13:13.166+0200: 138.136: [GC cleanup 1064M->37M(2048M), 0.0014351 secs]
 [Times: user=0.00 sys=0.00, real=0.00 secs] 
2020-09-29T12:13:13.168+0200: 138.138: [GC concurrent-cleanup-start]
2020-09-29T12:13:13.169+0200: 138.139: [GC concurrent-cleanup-end, 0.0011553 secs]
2020-09-29T12:13:13.349+0200: 138.318: [GC pause (G1 Evacuation Pause) (young), 0.1713281 secs]
   [Parallel Time: 170.1 ms, GC Workers: 8]
      [GC Worker Start (ms): Min: 138318.3, Avg: 138318.4, Max: 138318.5, Diff: 0.2]
      [Ext Root Scanning (ms): Min: 0.0, Avg: 0.1, Max: 0.2, Diff: 0.2, Sum: 0.5]
      [Update RS (ms): Min: 16.5, Avg: 16.6, Max: 16.8, Diff: 0.3, Sum: 132.6]
         [Processed Buffers: Min: 13, Avg: 17.0, Max: 19, Diff: 6, Sum: 136]
      [Scan RS (ms): Min: 19.5, Avg: 19.7, Max: 19.8, Diff: 0.4, Sum: 157.2]
      [Code Root Scanning (ms): Min: 0.0, Avg: 0.0, Max: 0.0, Diff: 0.0, Sum: 0.0]
      [Object Copy (ms): Min: 133.3, Avg: 133.4, Max: 133.5, Diff: 0.2, Sum: 1067.5]
      [Termination (ms): Min: 0.0, Avg: 0.1, Max: 0.1, Diff: 0.1, Sum: 0.4]
         [Termination Attempts: Min: 1, Avg: 380.6, Max: 473, Diff: 472, Sum: 3045]
      [GC Worker Other (ms): Min: 0.0, Avg: 0.0, Max: 0.1, Diff: 0.1, Sum: 0.3]
      [GC Worker Total (ms): Min: 169.7, Avg: 169.8, Max: 170.0, Diff: 0.2, Sum: 1358.6]
      [GC Worker End (ms): Min: 138488.2, Avg: 138488.2, Max: 138488.3, Diff: 0.1]
   [Code Root Fixup: 0.0 ms]
   [Code Root Purge: 0.0 ms]
   [Clear CT: 0.2 ms]
   [Other: 1.0 ms]
      [Choose CSet: 0.0 ms]
      [Ref Proc: 0.1 ms]
      [Ref Enq: 0.0 ms]
      [Redirty Cards: 0.3 ms]
      [Humongous Register: 0.0 ms]
      [Humongous Reclaim: 0.0 ms]
      [Free CSet: 0.3 ms]
   [Eden: 346.0M(346.0M)->0.0B(310.0M) Survivors: 11.0M->45.0M Heap: 426.1M(2048.0M)->417.1M(2048.0M)]
 [Times: user=1.23 sys=0.00, real=0.17 secs] 
2020-09-29T12:13:13.697+0200: 138.667: [GC pause (G1 Evacuation Pause) (young), 0.1733260 secs]
   [Parallel Time: 171.6 ms, GC Workers: 8]
      [GC Worker Start (ms): Min: 138666.8, Avg: 138666.9, Max: 138666.9, Diff: 0.2]
      [Ext Root Scanning (ms): Min: 0.0, Avg: 0.1, Max: 0.2, Diff: 0.2, Sum: 0.5]
      [Update RS (ms): Min: 15.5, Avg: 15.6, Max: 16.3, Diff: 0.8, Sum: 125.0]
         [Processed Buffers: Min: 17, Avg: 18.8, Max: 20, Diff: 3, Sum: 150]
      [Scan RS (ms): Min: 16.4, Avg: 17.0, Max: 17.2, Diff: 0.8, Sum: 136.1]
      [Code Root Scanning (ms): Min: 0.0, Avg: 0.0, Max: 0.0, Diff: 0.0, Sum: 0.0]
      [Object Copy (ms): Min: 138.3, Avg: 138.4, Max: 138.7, Diff: 0.4, Sum: 1107.5]
      [Termination (ms): Min: 0.0, Avg: 0.2, Max: 0.2, Diff: 0.2, Sum: 1.4]
         [Termination Attempts: Min: 1, Avg: 1266.8, Max: 1588, Diff: 1587, Sum: 10134]
      [GC Worker Other (ms): Min: 0.0, Avg: 0.1, Max: 0.1, Diff: 0.1, Sum: 0.5]
      [GC Worker Total (ms): Min: 171.3, Avg: 171.4, Max: 171.5, Diff: 0.2, Sum: 1371.0]
      [GC Worker End (ms): Min: 138838.2, Avg: 138838.2, Max: 138838.3, Diff: 0.1]
   [Code Root Fixup: 0.0 ms]
   [Code Root Purge: 0.0 ms]
   [Clear CT: 0.3 ms]
   [Other: 1.5 ms]
      [Choose CSet: 0.0 ms]
      [Ref Proc: 0.2 ms]
      [Ref Enq: 0.0 ms]
      [Redirty Cards: 0.7 ms]
      [Humongous Register: 0.0 ms]
      [Humongous Reclaim: 0.0 ms]
      [Free CSet: 0.3 ms]
   [Eden: 310.0M(310.0M)->0.0B(305.0M) Survivors: 45.0M->45.0M Heap: 778.6M(2048.0M)->781.1M(2048.0M)]
 [Times: user=1.34 sys=0.00, real=0.17 secs] 
2020-09-29T12:13:14.047+0200: 139.016: [GC pause (G1 Evacuation Pause) (young), 0.1876427 secs]
   [Parallel Time: 186.4 ms, GC Workers: 8]
      [GC Worker Start (ms): Min: 139016.4, Avg: 139016.5, Max: 139016.6, Diff: 0.2]
      [Ext Root Scanning (ms): Min: 0.0, Avg: 0.1, Max: 0.2, Diff: 0.2, Sum: 0.5]
      [Update RS (ms): Min: 20.6, Avg: 21.1, Max: 21.5, Diff: 0.9, Sum: 169.1]
         [Processed Buffers: Min: 18, Avg: 19.9, Max: 21, Diff: 3, Sum: 159]
      [Scan RS (ms): Min: 19.2, Avg: 19.7, Max: 20.3, Diff: 1.1, Sum: 157.3]
      [Code Root Scanning (ms): Min: 0.0, Avg: 0.0, Max: 0.0, Diff: 0.0, Sum: 0.0]
      [Object Copy (ms): Min: 145.0, Avg: 145.2, Max: 145.3, Diff: 0.3, Sum: 1161.3]
      [Termination (ms): Min: 0.0, Avg: 0.1, Max: 0.1, Diff: 0.1, Sum: 0.7]
         [Termination Attempts: Min: 1, Avg: 572.3, Max: 711, Diff: 710, Sum: 4578]
      [GC Worker Other (ms): Min: 0.0, Avg: 0.0, Max: 0.1, Diff: 0.0, Sum: 0.3]
      [GC Worker Total (ms): Min: 186.1, Avg: 186.2, Max: 186.3, Diff: 0.2, Sum: 1489.2]
      [GC Worker End (ms): Min: 139202.7, Avg: 139202.7, Max: 139202.7, Diff: 0.0]
   [Code Root Fixup: 0.0 ms]
   [Code Root Purge: 0.0 ms]
   [Clear CT: 0.2 ms]
   [Other: 1.1 ms]
      [Choose CSet: 0.0 ms]
      [Ref Proc: 0.2 ms]
      [Ref Enq: 0.0 ms]
      [Redirty Cards: 0.3 ms]
      [Humongous Register: 0.0 ms]
      [Humongous Reclaim: 0.0 ms]
      [Free CSet: 0.3 ms]
   [Eden: 305.0M(305.0M)->0.0B(290.0M) Survivors: 45.0M->44.0M Heap: 1135.7M(2048.0M)->1137.7M(2048.0M)]
 [Times: user=1.39 sys=0.02, real=0.19 secs] 
2020-09-29T12:13:14.246+0200: 139.215: [GC pause (G1 Humongous Allocation) (young) (initial-mark), 0.0659427 secs]
   [Parallel Time: 64.9 ms, GC Workers: 8]
      [GC Worker Start (ms): Min: 139215.4, Avg: 139215.6, Max: 139215.7, Diff: 0.4]
      [Ext Root Scanning (ms): Min: 0.0, Avg: 1.6, Max: 12.1, Diff: 12.1, Sum: 13.1]
      [Update RS (ms): Min: 24.8, Avg: 35.6, Max: 37.5, Diff: 12.7, Sum: 284.8]
         [Processed Buffers: Min: 22, Avg: 40.4, Max: 47, Diff: 25, Sum: 323]
      [Scan RS (ms): Min: 3.0, Avg: 3.7, Max: 5.3, Diff: 2.3, Sum: 29.4]
      [Code Root Scanning (ms): Min: 0.0, Avg: 0.0, Max: 0.0, Diff: 0.0, Sum: 0.0]
      [Object Copy (ms): Min: 21.7, Avg: 23.5, Max: 23.8, Diff: 2.2, Sum: 188.0]
      [Termination (ms): Min: 0.0, Avg: 0.0, Max: 0.1, Diff: 0.1, Sum: 0.3]
         [Termination Attempts: Min: 1, Avg: 273.3, Max: 356, Diff: 355, Sum: 2186]
      [GC Worker Other (ms): Min: 0.0, Avg: 0.0, Max: 0.1, Diff: 0.0, Sum: 0.2]
      [GC Worker Total (ms): Min: 64.4, Avg: 64.5, Max: 64.8, Diff: 0.3, Sum: 515.9]
      [GC Worker End (ms): Min: 139280.1, Avg: 139280.1, Max: 139280.1, Diff: 0.0]
   [Code Root Fixup: 0.0 ms]
   [Code Root Purge: 0.0 ms]
   [Clear CT: 0.2 ms]
   [Other: 0.8 ms]
      [Choose CSet: 0.0 ms]
      [Ref Proc: 0.2 ms]
      [Ref Enq: 0.0 ms]
      [Redirty Cards: 0.2 ms]
      [Humongous Register: 0.1 ms]
      [Humongous Reclaim: 0.0 ms]
      [Free CSet: 0.1 ms]
   [Eden: 1024.0K(290.0M)->0.0B(319.0M) Survivors: 44.0M->2048.0K Heap: 1138.2M(2048.0M)->1141.2M(2048.0M)]
 [Times: user=0.44 sys=0.00, real=0.07 secs] 
2020-09-29T12:13:14.312+0200: 139.281: [GC concurrent-root-region-scan-start]
2020-09-29T12:13:14.312+0200: 139.282: [GC concurrent-root-region-scan-end, 0.0003421 secs]
2020-09-29T12:13:14.312+0200: 139.282: [GC concurrent-mark-start]
2020-09-29T12:13:14.315+0200: 139.285: [GC concurrent-mark-end, 0.0030027 secs]
2020-09-29T12:13:14.316+0200: 139.285: [GC remark 2020-09-29T12:13:14.316+0200: 139.285: [Finalize Marking, 0.0001920 secs] 2020-09-29T12:13:14.316+0200: 139.285: [GC ref-proc, 0.0003294 secs] 2020-09-29T12:13:14.316+0200: 139.285: [Unloading, 0.0004880 secs], 0.0013446 secs]
 [Times: user=0.03 sys=0.00, real=0.00 secs] 
2020-09-29T12:13:14.317+0200: 139.287: [GC cleanup 1149M->19M(2048M), 0.0012089 secs]
 [Times: user=0.00 sys=0.00, real=0.00 secs] 
2020-09-29T12:13:14.319+0200: 139.288: [GC concurrent-cleanup-start]
2020-09-29T12:13:14.320+0200: 139.289: [GC concurrent-cleanup-end, 0.0015704 secs]
2020-09-29T12:13:14.484+0200: 139.453: [GC pause (G1 Evacuation Pause) (young), 0.1639955 secs]
   [Parallel Time: 162.8 ms, GC Workers: 8]
      [GC Worker Start (ms): Min: 139453.4, Avg: 139453.5, Max: 139453.6, Diff: 0.2]
      [Ext Root Scanning (ms): Min: 0.0, Avg: 0.1, Max: 0.2, Diff: 0.2, Sum: 0.5]
      [Update RS (ms): Min: 16.4, Avg: 16.7, Max: 17.1, Diff: 0.7, Sum: 133.5]
         [Processed Buffers: Min: 14, Avg: 16.5, Max: 17, Diff: 3, Sum: 132]
      [Scan RS (ms): Min: 16.4, Avg: 16.8, Max: 17.0, Diff: 0.6, Sum: 134.1]
      [Code Root Scanning (ms): Min: 0.0, Avg: 0.0, Max: 0.0, Diff: 0.0, Sum: 0.0]
      [Object Copy (ms): Min: 128.9, Avg: 129.0, Max: 129.0, Diff: 0.1, Sum: 1031.9]
      [Termination (ms): Min: 0.0, Avg: 0.0, Max: 0.0, Diff: 0.0, Sum: 0.2]
         [Termination Attempts: Min: 1, Avg: 190.1, Max: 244, Diff: 243, Sum: 1521]
      [GC Worker Other (ms): Min: 0.1, Avg: 0.1, Max: 0.1, Diff: 0.1, Sum: 0.6]
      [GC Worker Total (ms): Min: 162.5, Avg: 162.6, Max: 162.7, Diff: 0.2, Sum: 1300.8]
      [GC Worker End (ms): Min: 139616.1, Avg: 139616.1, Max: 139616.1, Diff: 0.0]
   [Code Root Fixup: 0.0 ms]
   [Code Root Purge: 0.0 ms]
   [Clear CT: 0.2 ms]
   [Other: 1.0 ms]
      [Choose CSet: 0.0 ms]
      [Ref Proc: 0.2 ms]
      [Ref Enq: 0.0 ms]
      [Redirty Cards: 0.2 ms]
      [Humongous Register: 0.0 ms]
      [Humongous Reclaim: 0.0 ms]
      [Free CSet: 0.3 ms]
   [Eden: 319.0M(319.0M)->0.0B(281.0M) Survivors: 2048.0K->41.0M Heap: 383.9M(2048.0M)->383.9M(2048.0M)]
 [Times: user=1.31 sys=0.00, real=0.16 secs] 
2020-09-29T12:13:14.807+0200: 139.776: [GC pause (G1 Evacuation Pause) (young), 0.1525248 secs]
   [Parallel Time: 151.2 ms, GC Workers: 8]
      [GC Worker Start (ms): Min: 139776.4, Avg: 139776.5, Max: 139776.6, Diff: 0.2]
      [Ext Root Scanning (ms): Min: 0.0, Avg: 0.1, Max: 0.2, Diff: 0.2, Sum: 0.4]
      [Update RS (ms): Min: 15.6, Avg: 15.7, Max: 15.9, Diff: 0.3, Sum: 125.6]
         [Processed Buffers: Min: 16, Avg: 17.6, Max: 21, Diff: 5, Sum: 141]
      [Scan RS (ms): Min: 15.3, Avg: 15.5, Max: 15.8, Diff: 0.5, Sum: 124.2]
      [Code Root Scanning (ms): Min: 0.0, Avg: 0.0, Max: 0.0, Diff: 0.0, Sum: 0.0]
      [Object Copy (ms): Min: 119.5, Avg: 119.7, Max: 119.8, Diff: 0.3, Sum: 957.6]
      [Termination (ms): Min: 0.0, Avg: 0.0, Max: 0.0, Diff: 0.0, Sum: 0.1]
         [Termination Attempts: Min: 1, Avg: 85.1, Max: 112, Diff: 111, Sum: 681]
      [GC Worker Other (ms): Min: 0.0, Avg: 0.0, Max: 0.1, Diff: 0.1, Sum: 0.3]
      [GC Worker Total (ms): Min: 150.9, Avg: 151.0, Max: 151.1, Diff: 0.2, Sum: 1208.2]
      [GC Worker End (ms): Min: 139927.5, Avg: 139927.5, Max: 139927.6, Diff: 0.1]
   [Code Root Fixup: 0.0 ms]
   [Code Root Purge: 0.0 ms]
   [Clear CT: 0.2 ms]
   [Other: 1.1 ms]
      [Choose CSet: 0.0 ms]
      [Ref Proc: 0.2 ms]
      [Ref Enq: 0.0 ms]
      [Redirty Cards: 0.5 ms]
      [Humongous Register: 0.0 ms]
      [Humongous Reclaim: 0.0 ms]
      [Free CSet: 0.2 ms]
   [Eden: 281.0M(281.0M)->0.0B(288.0M) Survivors: 41.0M->41.0M Heap: 712.6M(2048.0M)->714.1M(2048.0M)]
 [Times: user=1.25 sys=0.00, real=0.16 secs] 
2020-09-29T12:13:15.130+0200: 140.100: [GC pause (G1 Evacuation Pause) (young), 0.1516662 secs]
   [Parallel Time: 150.4 ms, GC Workers: 8]
      [GC Worker Start (ms): Min: 140099.8, Avg: 140099.9, Max: 140100.0, Diff: 0.1]
      [Ext Root Scanning (ms): Min: 0.0, Avg: 0.1, Max: 0.1, Diff: 0.1, Sum: 0.5]
      [Update RS (ms): Min: 16.1, Avg: 16.3, Max: 16.5, Diff: 0.4, Sum: 130.1]
         [Processed Buffers: Min: 18, Avg: 19.6, Max: 22, Diff: 4, Sum: 157]
      [Scan RS (ms): Min: 13.8, Avg: 14.1, Max: 14.4, Diff: 0.6, Sum: 112.8]
      [Code Root Scanning (ms): Min: 0.0, Avg: 0.0, Max: 0.0, Diff: 0.0, Sum: 0.0]
      [Object Copy (ms): Min: 119.6, Avg: 119.8, Max: 119.8, Diff: 0.2, Sum: 958.1]
      [Termination (ms): Min: 0.0, Avg: 0.0, Max: 0.0, Diff: 0.0, Sum: 0.0]
         [Termination Attempts: Min: 1, Avg: 6.6, Max: 11, Diff: 10, Sum: 53]
      [GC Worker Other (ms): Min: 0.0, Avg: 0.0, Max: 0.1, Diff: 0.1, Sum: 0.3]
      [GC Worker Total (ms): Min: 150.1, Avg: 150.2, Max: 150.3, Diff: 0.2, Sum: 1201.8]
      [GC Worker End (ms): Min: 140250.1, Avg: 140250.1, Max: 140250.2, Diff: 0.1]
   [Code Root Fixup: 0.0 ms]
   [Code Root Purge: 0.0 ms]
   [Clear CT: 0.2 ms]
   [Other: 1.1 ms]
      [Choose CSet: 0.0 ms]
      [Ref Proc: 0.3 ms]
      [Ref Enq: 0.0 ms]
      [Redirty Cards: 0.3 ms]
      [Humongous Register: 0.0 ms]
      [Humongous Reclaim: 0.0 ms]
      [Free CSet: 0.3 ms]
   [Eden: 288.0M(288.0M)->0.0B(303.0M) Survivors: 41.0M->42.0M Heap: 1049.8M(2048.0M)->1051.8M(2048.0M)]
 [Times: user=1.11 sys=0.01, real=0.15 secs] 
2020-09-29T12:13:15.294+0200: 140.263: [GC pause (G1 Humongous Allocation) (young) (initial-mark), 0.0694901 secs]
   [Parallel Time: 68.0 ms, GC Workers: 8]
      [GC Worker Start (ms): Min: 140263.7, Avg: 140263.8, Max: 140263.9, Diff: 0.2]
      [Ext Root Scanning (ms): Min: 0.0, Avg: 1.4, Max: 9.0, Diff: 9.0, Sum: 11.6]
      [Update RS (ms): Min: 28.6, Avg: 37.6, Max: 47.9, Diff: 19.4, Sum: 301.0]
         [Processed Buffers: Min: 18, Avg: 38.3, Max: 46, Diff: 28, Sum: 306]
      [Scan RS (ms): Min: 0.0, Avg: 2.8, Max: 3.5, Diff: 3.5, Sum: 22.7]
      [Code Root Scanning (ms): Min: 0.0, Avg: 0.0, Max: 0.0, Diff: 0.0, Sum: 0.0]
      [Object Copy (ms): Min: 19.6, Avg: 25.9, Max: 26.8, Diff: 7.2, Sum: 206.9]
      [Termination (ms): Min: 0.0, Avg: 0.0, Max: 0.0, Diff: 0.0, Sum: 0.3]
         [Termination Attempts: Min: 1, Avg: 223.1, Max: 297, Diff: 296, Sum: 1785]
      [GC Worker Other (ms): Min: 0.0, Avg: 0.0, Max: 0.1, Diff: 0.1, Sum: 0.3]
      [GC Worker Total (ms): Min: 67.7, Avg: 67.8, Max: 67.9, Diff: 0.2, Sum: 542.6]
      [GC Worker End (ms): Min: 140331.6, Avg: 140331.6, Max: 140331.6, Diff: 0.0]
   [Code Root Fixup: 0.0 ms]
   [Code Root Purge: 0.0 ms]
   [Clear CT: 0.3 ms]
   [Other: 1.2 ms]
      [Choose CSet: 0.0 ms]
      [Ref Proc: 0.2 ms]
      [Ref Enq: 0.0 ms]
      [Redirty Cards: 0.6 ms]
      [Humongous Register: 0.1 ms]
      [Humongous Reclaim: 0.0 ms]
      [Free CSet: 0.1 ms]
   [Eden: 5120.0K(303.0M)->0.0B(302.0M) Survivors: 42.0M->7168.0K Heap: 1056.8M(2048.0M)->1060.8M(2048.0M)]
 [Times: user=0.47 sys=0.00, real=0.07 secs] 
2020-09-29T12:13:15.364+0200: 140.333: [GC concurrent-root-region-scan-start]
2020-09-29T12:13:15.365+0200: 140.334: [GC concurrent-root-region-scan-end, 0.0011333 secs]
2020-09-29T12:13:15.365+0200: 140.334: [GC concurrent-mark-start]
2020-09-29T12:13:15.368+0200: 140.338: [GC concurrent-mark-end, 0.0032730 secs]
2020-09-29T12:13:15.368+0200: 140.338: [GC remark 2020-09-29T12:13:15.368+0200: 140.338: [Finalize Marking, 0.0001729 secs] 2020-09-29T12:13:15.368+0200: 140.338: [GC ref-proc, 0.0002631 secs] 2020-09-29T12:13:15.369+0200: 140.338: [Unloading, 0.0003831 secs], 0.0010689 secs]
 [Times: user=0.00 sys=0.00, real=0.00 secs] 
2020-09-29T12:13:15.370+0200: 140.339: [GC cleanup 1069M->25M(2048M), 0.0010381 secs]
 [Times: user=0.00 sys=0.00, real=0.00 secs] 
2020-09-29T12:13:15.371+0200: 140.340: [GC concurrent-cleanup-start]
2020-09-29T12:13:15.372+0200: 140.341: [GC concurrent-cleanup-end, 0.0011142 secs]
2020-09-29T12:13:15.517+0200: 140.486: [GC pause (G1 Evacuation Pause) (young), 0.1423038 secs]
   [Parallel Time: 141.2 ms, GC Workers: 8]
      [GC Worker Start (ms): Min: 140486.3, Avg: 140486.4, Max: 140486.5, Diff: 0.2]
      [Ext Root Scanning (ms): Min: 0.0, Avg: 0.0, Max: 0.2, Diff: 0.2, Sum: 0.4]
      [Update RS (ms): Min: 20.3, Avg: 20.4, Max: 20.6, Diff: 0.2, Sum: 163.3]
         [Processed Buffers: Min: 24, Avg: 24.6, Max: 26, Diff: 2, Sum: 197]
      [Scan RS (ms): Min: 10.0, Avg: 10.1, Max: 10.2, Diff: 0.2, Sum: 81.1]
      [Code Root Scanning (ms): Min: 0.0, Avg: 0.0, Max: 0.0, Diff: 0.0, Sum: 0.0]
      [Object Copy (ms): Min: 110.3, Avg: 110.4, Max: 110.4, Diff: 0.1, Sum: 883.0]
      [Termination (ms): Min: 0.0, Avg: 0.0, Max: 0.0, Diff: 0.0, Sum: 0.2]
         [Termination Attempts: Min: 1, Avg: 184.4, Max: 242, Diff: 241, Sum: 1475]
      [GC Worker Other (ms): Min: 0.0, Avg: 0.0, Max: 0.1, Diff: 0.1, Sum: 0.3]
      [GC Worker Total (ms): Min: 141.0, Avg: 141.0, Max: 141.2, Diff: 0.2, Sum: 1128.3]
      [GC Worker End (ms): Min: 140627.5, Avg: 140627.5, Max: 140627.5, Diff: 0.1]
   [Code Root Fixup: 0.0 ms]
   [Code Root Purge: 0.0 ms]
   [Clear CT: 0.1 ms]
   [Other: 0.9 ms]
      [Choose CSet: 0.0 ms]
      [Ref Proc: 0.1 ms]
      [Ref Enq: 0.0 ms]
      [Redirty Cards: 0.2 ms]
      [Humongous Register: 0.0 ms]
      [Humongous Reclaim: 0.0 ms]
      [Free CSet: 0.3 ms]
   [Eden: 302.0M(302.0M)->0.0B(300.0M) Survivors: 7168.0K->39.0M Heap: 370.0M(2048.0M)->365.5M(2048.0M)]
 [Times: user=1.13 sys=0.00, real=0.14 secs] 
2020-09-29T12:13:15.816+0200: 140.786: [GC pause (G1 Evacuation Pause) (young), 0.1585588 secs]
   [Parallel Time: 157.3 ms, GC Workers: 8]
      [GC Worker Start (ms): Min: 140786.0, Avg: 140786.1, Max: 140786.2, Diff: 0.2]
      [Ext Root Scanning (ms): Min: 0.0, Avg: 0.1, Max: 0.2, Diff: 0.2, Sum: 0.5]
      [Update RS (ms): Min: 15.0, Avg: 15.3, Max: 15.8, Diff: 0.8, Sum: 122.1]
         [Processed Buffers: Min: 17, Avg: 18.3, Max: 20, Diff: 3, Sum: 146]
      [Scan RS (ms): Min: 15.1, Avg: 15.6, Max: 15.9, Diff: 0.8, Sum: 125.1]
      [Code Root Scanning (ms): Min: 0.0, Avg: 0.0, Max: 0.0, Diff: 0.0, Sum: 0.0]
      [Object Copy (ms): Min: 126.0, Avg: 126.1, Max: 126.1, Diff: 0.1, Sum: 1008.7]
      [Termination (ms): Min: 0.0, Avg: 0.0, Max: 0.0, Diff: 0.0, Sum: 0.1]
         [Termination Attempts: Min: 1, Avg: 80.5, Max: 107, Diff: 106, Sum: 644]
      [GC Worker Other (ms): Min: 0.0, Avg: 0.0, Max: 0.1, Diff: 0.1, Sum: 0.3]
      [GC Worker Total (ms): Min: 157.0, Avg: 157.1, Max: 157.2, Diff: 0.2, Sum: 1256.8]
      [GC Worker End (ms): Min: 140943.2, Avg: 140943.2, Max: 140943.3, Diff: 0.1]
   [Code Root Fixup: 0.0 ms]
   [Code Root Purge: 0.0 ms]
   [Clear CT: 0.2 ms]
   [Other: 1.0 ms]
      [Choose CSet: 0.0 ms]
      [Ref Proc: 0.3 ms]
      [Ref Enq: 0.0 ms]
      [Redirty Cards: 0.3 ms]
      [Humongous Register: 0.0 ms]
      [Humongous Reclaim: 0.0 ms]
      [Free CSet: 0.2 ms]
   [Eden: 300.0M(300.0M)->0.0B(304.0M) Survivors: 39.0M->43.0M Heap: 715.1M(2048.0M)->717.1M(2048.0M)]
 [Times: user=1.26 sys=0.00, real=0.16 secs] 
2020-09-29T12:13:16.141+0200: 141.110: [GC pause (G1 Evacuation Pause) (young), 0.1679020 secs]
   [Parallel Time: 166.6 ms, GC Workers: 8]
      [GC Worker Start (ms): Min: 141110.6, Avg: 141110.7, Max: 141110.7, Diff: 0.2]
      [Ext Root Scanning (ms): Min: 0.0, Avg: 0.1, Max: 0.1, Diff: 0.1, Sum: 0.4]
      [Update RS (ms): Min: 18.4, Avg: 18.5, Max: 18.5, Diff: 0.1, Sum: 147.7]
         [Processed Buffers: Min: 21, Avg: 22.5, Max: 24, Diff: 3, Sum: 180]
      [Scan RS (ms): Min: 15.1, Avg: 15.2, Max: 15.5, Diff: 0.3, Sum: 121.8]
      [Code Root Scanning (ms): Min: 0.0, Avg: 0.0, Max: 0.0, Diff: 0.0, Sum: 0.0]
      [Object Copy (ms): Min: 132.4, Avg: 132.5, Max: 132.6, Diff: 0.2, Sum: 1060.4]
      [Termination (ms): Min: 0.0, Avg: 0.0, Max: 0.0, Diff: 0.0, Sum: 0.1]
         [Termination Attempts: Min: 1, Avg: 43.6, Max: 61, Diff: 60, Sum: 349]
      [GC Worker Other (ms): Min: 0.0, Avg: 0.1, Max: 0.1, Diff: 0.1, Sum: 0.4]
      [GC Worker Total (ms): Min: 166.3, Avg: 166.3, Max: 166.5, Diff: 0.2, Sum: 1330.8]
      [GC Worker End (ms): Min: 141277.0, Avg: 141277.0, Max: 141277.0, Diff: 0.1]
   [Code Root Fixup: 0.0 ms]
   [Code Root Purge: 0.0 ms]
   [Clear CT: 0.2 ms]
   [Other: 1.1 ms]
      [Choose CSet: 0.0 ms]
      [Ref Proc: 0.2 ms]
      [Ref Enq: 0.0 ms]
      [Redirty Cards: 0.4 ms]
      [Humongous Register: 0.0 ms]
      [Humongous Reclaim: 0.0 ms]
      [Free CSet: 0.3 ms]
   [Eden: 304.0M(304.0M)->0.0B(308.0M) Survivors: 43.0M->44.0M Heap: 1072.6M(2048.0M)->1075.1M(2048.0M)]
 [Times: user=1.38 sys=0.00, real=0.17 secs] 
2020-09-29T12:13:16.324+0200: 141.293: [GC pause (G1 Humongous Allocation) (young) (initial-mark), 0.0552687 secs]
   [Parallel Time: 54.2 ms, GC Workers: 8]
      [GC Worker Start (ms): Min: 141293.1, Avg: 141293.1, Max: 141293.2, Diff: 0.1]
      [Ext Root Scanning (ms): Min: 0.0, Avg: 0.1, Max: 0.1, Diff: 0.1, Sum: 0.6]
      [Update RS (ms): Min: 29.3, Avg: 29.6, Max: 29.9, Diff: 0.7, Sum: 237.0]
         [Processed Buffers: Min: 35, Avg: 37.5, Max: 39, Diff: 4, Sum: 300]
      [Scan RS (ms): Min: 2.4, Avg: 2.8, Max: 3.1, Diff: 0.7, Sum: 22.1]
      [Code Root Scanning (ms): Min: 0.0, Avg: 0.0, Max: 0.0, Diff: 0.0, Sum: 0.0]
      [Object Copy (ms): Min: 21.4, Avg: 21.5, Max: 21.6, Diff: 0.1, Sum: 172.0]
      [Termination (ms): Min: 0.0, Avg: 0.0, Max: 0.0, Diff: 0.0, Sum: 0.1]
         [Termination Attempts: Min: 1, Avg: 111.4, Max: 146, Diff: 145, Sum: 891]
      [GC Worker Other (ms): Min: 0.0, Avg: 0.0, Max: 0.0, Diff: 0.0, Sum: 0.2]
      [GC Worker Total (ms): Min: 54.0, Avg: 54.0, Max: 54.1, Diff: 0.1, Sum: 432.1]
      [GC Worker End (ms): Min: 141347.1, Avg: 141347.1, Max: 141347.1, Diff: 0.0]
   [Code Root Fixup: 0.0 ms]
   [Code Root Purge: 0.0 ms]
   [Clear CT: 0.1 ms]
   [Other: 1.0 ms]
      [Choose CSet: 0.0 ms]
      [Ref Proc: 0.2 ms]
      [Ref Enq: 0.0 ms]
      [Redirty Cards: 0.3 ms]
      [Humongous Register: 0.1 ms]
      [Humongous Reclaim: 0.0 ms]
      [Free CSet: 0.1 ms]
   [Eden: 10.0M(308.0M)->0.0B(350.0M) Survivors: 44.0M->12.0M Heap: 1085.1M(2048.0M)->1088.6M(2048.0M)]
 [Times: user=0.38 sys=0.00, real=0.06 secs] 
2020-09-29T12:13:16.379+0200: 141.348: [GC concurrent-root-region-scan-start]
2020-09-29T12:13:16.383+0200: 141.352: [GC concurrent-root-region-scan-end, 0.0035028 secs]
2020-09-29T12:13:16.383+0200: 141.352: [GC concurrent-mark-start]
2020-09-29T12:13:16.386+0200: 141.356: [GC concurrent-mark-end, 0.0035498 secs]
2020-09-29T12:13:16.388+0200: 141.357: [GC remark 2020-09-29T12:13:16.388+0200: 141.357: [Finalize Marking, 0.0001644 secs] 2020-09-29T12:13:16.388+0200: 141.357: [GC ref-proc, 0.0003568 secs] 2020-09-29T12:13:16.389+0200: 141.358: [Unloading, 0.0007741 secs], 0.0100882 secs]
 [Times: user=0.00 sys=0.00, real=0.01 secs] 
2020-09-29T12:13:16.398+0200: 141.367: [GC cleanup 1105M->38M(2048M), 0.0015402 secs]
 [Times: user=0.00 sys=0.00, real=0.00 secs] 
2020-09-29T12:13:16.400+0200: 141.369: [GC concurrent-cleanup-start]
2020-09-29T12:13:16.402+0200: 141.371: [GC concurrent-cleanup-end, 0.0018256 secs]
2020-09-29T12:13:16.591+0200: 141.560: [GC pause (G1 Evacuation Pause) (young), 0.1692554 secs]
   [Parallel Time: 167.2 ms, GC Workers: 8]
      [GC Worker Start (ms): Min: 141559.7, Avg: 141559.8, Max: 141559.9, Diff: 0.2]
      [Ext Root Scanning (ms): Min: 0.0, Avg: 0.1, Max: 0.2, Diff: 0.2, Sum: 0.7]
      [Update RS (ms): Min: 17.3, Avg: 17.5, Max: 17.7, Diff: 0.5, Sum: 139.8]
         [Processed Buffers: Min: 18, Avg: 19.5, Max: 22, Diff: 4, Sum: 156]
      [Scan RS (ms): Min: 17.1, Avg: 17.4, Max: 17.7, Diff: 0.6, Sum: 139.1]
      [Code Root Scanning (ms): Min: 0.0, Avg: 0.0, Max: 0.0, Diff: 0.0, Sum: 0.0]
      [Object Copy (ms): Min: 131.9, Avg: 132.0, Max: 132.1, Diff: 0.2, Sum: 1056.2]
      [Termination (ms): Min: 0.0, Avg: 0.0, Max: 0.0, Diff: 0.0, Sum: 0.3]
         [Termination Attempts: Min: 1, Avg: 267.3, Max: 336, Diff: 335, Sum: 2138]
      [GC Worker Other (ms): Min: 0.0, Avg: 0.0, Max: 0.1, Diff: 0.1, Sum: 0.3]
      [GC Worker Total (ms): Min: 166.9, Avg: 167.0, Max: 167.1, Diff: 0.2, Sum: 1336.4]
      [GC Worker End (ms): Min: 141726.8, Avg: 141726.8, Max: 141726.9, Diff: 0.1]
   [Code Root Fixup: 0.0 ms]
   [Code Root Purge: 0.0 ms]
   [Clear CT: 0.2 ms]
   [Other: 1.9 ms]
      [Choose CSet: 0.0 ms]
      [Ref Proc: 0.3 ms]
      [Ref Enq: 0.0 ms]
      [Redirty Cards: 0.9 ms]
      [Humongous Register: 0.1 ms]
      [Humongous Reclaim: 0.0 ms]
      [Free CSet: 0.4 ms]
   [Eden: 350.0M(350.0M)->0.0B(323.0M) Survivors: 12.0M->46.0M Heap: 430.6M(2048.0M)->421.1M(2048.0M)]
 [Times: user=1.38 sys=0.00, real=0.17 secs] 
2020-09-29T12:13:16.939+0200: 141.908: [GC pause (G1 Evacuation Pause) (young), 0.1870060 secs]
   [Parallel Time: 185.2 ms, GC Workers: 8]
      [GC Worker Start (ms): Min: 141907.8, Avg: 141907.9, Max: 141908.0, Diff: 0.2]
      [Ext Root Scanning (ms): Min: 0.0, Avg: 0.1, Max: 0.2, Diff: 0.2, Sum: 0.5]
      [Update RS (ms): Min: 24.8, Avg: 25.1, Max: 25.3, Diff: 0.5, Sum: 200.8]
         [Processed Buffers: Min: 24, Avg: 25.8, Max: 28, Diff: 4, Sum: 206]
      [Scan RS (ms): Min: 17.2, Avg: 17.4, Max: 17.6, Diff: 0.4, Sum: 139.3]
      [Code Root Scanning (ms): Min: 0.0, Avg: 0.0, Max: 0.0, Diff: 0.0, Sum: 0.0]
      [Object Copy (ms): Min: 142.1, Avg: 142.2, Max: 142.3, Diff: 0.2, Sum: 1137.9]
      [Termination (ms): Min: 0.0, Avg: 0.0, Max: 0.0, Diff: 0.0, Sum: 0.1]
         [Termination Attempts: Min: 1, Avg: 50.9, Max: 71, Diff: 70, Sum: 407]
      [GC Worker Other (ms): Min: 0.0, Avg: 0.1, Max: 0.1, Diff: 0.1, Sum: 0.6]
      [GC Worker Total (ms): Min: 184.7, Avg: 184.9, Max: 185.1, Diff: 0.3, Sum: 1479.1]
      [GC Worker End (ms): Min: 142092.7, Avg: 142092.8, Max: 142092.9, Diff: 0.1]
   [Code Root Fixup: 0.0 ms]
   [Code Root Purge: 0.0 ms]
   [Clear CT: 0.2 ms]
   [Other: 1.6 ms]
      [Choose CSet: 0.0 ms]
      [Ref Proc: 0.2 ms]
      [Ref Enq: 0.0 ms]
      [Redirty Cards: 0.9 ms]
      [Humongous Register: 0.0 ms]
      [Humongous Reclaim: 0.0 ms]
      [Free CSet: 0.3 ms]
   [Eden: 323.0M(323.0M)->0.0B(309.0M) Survivors: 46.0M->47.0M Heap: 797.5M(2048.0M)->799.0M(2048.0M)]
 [Times: user=1.50 sys=0.00, real=0.19 secs] 
2020-09-29T12:13:17.308+0200: 142.278: [GC pause (G1 Evacuation Pause) (young), 0.1712352 secs]
   [Parallel Time: 170.0 ms, GC Workers: 8]
      [GC Worker Start (ms): Min: 142277.9, Avg: 142278.0, Max: 142278.1, Diff: 0.2]
      [Ext Root Scanning (ms): Min: 0.0, Avg: 0.1, Max: 0.2, Diff: 0.2, Sum: 0.4]
      [Update RS (ms): Min: 14.0, Avg: 14.2, Max: 14.5, Diff: 0.5, Sum: 113.9]
         [Processed Buffers: Min: 16, Avg: 16.6, Max: 18, Diff: 2, Sum: 133]
      [Scan RS (ms): Min: 17.1, Avg: 17.4, Max: 17.7, Diff: 0.7, Sum: 139.3]
      [Code Root Scanning (ms): Min: 0.0, Avg: 0.0, Max: 0.0, Diff: 0.0, Sum: 0.0]
      [Object Copy (ms): Min: 137.8, Avg: 137.9, Max: 138.0, Diff: 0.2, Sum: 1103.1]
      [Termination (ms): Min: 0.0, Avg: 0.1, Max: 0.2, Diff: 0.2, Sum: 0.9]
         [Termination Attempts: Min: 1, Avg: 713.6, Max: 964, Diff: 963, Sum: 5709]
      [GC Worker Other (ms): Min: 0.0, Avg: 0.0, Max: 0.1, Diff: 0.1, Sum: 0.3]
      [GC Worker Total (ms): Min: 169.7, Avg: 169.8, Max: 169.9, Diff: 0.3, Sum: 1358.0]
      [GC Worker End (ms): Min: 142447.7, Avg: 142447.8, Max: 142447.8, Diff: 0.1]
   [Code Root Fixup: 0.0 ms]
   [Code Root Purge: 0.0 ms]
   [Clear CT: 0.3 ms]
   [Other: 1.0 ms]
      [Choose CSet: 0.0 ms]
      [Ref Proc: 0.3 ms]
      [Ref Enq: 0.0 ms]
      [Redirty Cards: 0.2 ms]
      [Humongous Register: 0.0 ms]
      [Humongous Reclaim: 0.0 ms]
      [Free CSet: 0.3 ms]
   [Eden: 309.0M(309.0M)->0.0B(311.0M) Survivors: 47.0M->45.0M Heap: 1159.5M(2048.0M)->1161.5M(2048.0M)]
 [Times: user=1.30 sys=0.00, real=0.17 secs] 
2020-09-29T12:13:17.488+0200: 142.458: [GC pause (G1 Humongous Allocation) (young) (initial-mark), 0.0585430 secs]
   [Parallel Time: 57.8 ms, GC Workers: 8]
      [GC Worker Start (ms): Min: 142457.7, Avg: 142457.8, Max: 142457.9, Diff: 0.1]
      [Ext Root Scanning (ms): Min: 0.0, Avg: 0.1, Max: 0.2, Diff: 0.1, Sum: 0.7]
      [Update RS (ms): Min: 34.8, Avg: 35.1, Max: 35.4, Diff: 0.5, Sum: 280.5]
         [Processed Buffers: Min: 43, Avg: 44.9, Max: 46, Diff: 3, Sum: 359]
      [Scan RS (ms): Min: 2.5, Avg: 2.8, Max: 3.0, Diff: 0.5, Sum: 22.1]
      [Code Root Scanning (ms): Min: 0.0, Avg: 0.0, Max: 0.0, Diff: 0.0, Sum: 0.0]
      [Object Copy (ms): Min: 19.7, Avg: 19.7, Max: 19.7, Diff: 0.0, Sum: 157.6]
      [Termination (ms): Min: 0.0, Avg: 0.0, Max: 0.0, Diff: 0.0, Sum: 0.0]
         [Termination Attempts: Min: 1, Avg: 7.9, Max: 11, Diff: 10, Sum: 63]
      [GC Worker Other (ms): Min: 0.0, Avg: 0.0, Max: 0.1, Diff: 0.0, Sum: 0.2]
      [GC Worker Total (ms): Min: 57.6, Avg: 57.6, Max: 57.7, Diff: 0.1, Sum: 461.1]
      [GC Worker End (ms): Min: 142515.4, Avg: 142515.4, Max: 142515.5, Diff: 0.0]
   [Code Root Fixup: 0.0 ms]
   [Code Root Purge: 0.0 ms]
   [Clear CT: 0.1 ms]
   [Other: 0.6 ms]
      [Choose CSet: 0.0 ms]
      [Ref Proc: 0.2 ms]
      [Ref Enq: 0.0 ms]
      [Redirty Cards: 0.1 ms]
      [Humongous Register: 0.0 ms]
      [Humongous Reclaim: 0.0 ms]
      [Free CSet: 0.1 ms]
   [Eden: 3072.0K(311.0M)->0.0B(334.0M) Survivors: 45.0M->4096.0K Heap: 1164.0M(2048.0M)->1167.0M(2048.0M)]
 [Times: user=0.42 sys=0.02, real=0.06 secs] 
2020-09-29T12:13:17.547+0200: 142.516: [GC concurrent-root-region-scan-start]
2020-09-29T12:13:17.547+0200: 142.517: [GC concurrent-root-region-scan-end, 0.0004888 secs]
2020-09-29T12:13:17.547+0200: 142.517: [GC concurrent-mark-start]
2020-09-29T12:13:17.550+0200: 142.519: [GC concurrent-mark-end, 0.0025898 secs]
2020-09-29T12:13:17.550+0200: 142.520: [GC remark 2020-09-29T12:13:17.550+0200: 142.520: [Finalize Marking, 0.0001920 secs] 2020-09-29T12:13:17.551+0200: 142.520: [GC ref-proc, 0.0002819 secs] 2020-09-29T12:13:17.551+0200: 142.520: [Unloading, 0.0004619 secs], 0.0012544 secs]
 [Times: user=0.11 sys=0.00, real=0.00 secs] 
2020-09-29T12:13:17.552+0200: 142.521: [GC cleanup 1175M->22M(2048M), 0.0011282 secs]
 [Times: user=0.00 sys=0.00, real=0.00 secs] 
2020-09-29T12:13:17.553+0200: 142.522: [GC concurrent-cleanup-start]
2020-09-29T12:13:17.554+0200: 142.524: [GC concurrent-cleanup-end, 0.0013840 secs]
2020-09-29T12:13:17.724+0200: 142.693: [GC pause (G1 Evacuation Pause) (young), 0.1555247 secs]
   [Parallel Time: 154.4 ms, GC Workers: 8]
      [GC Worker Start (ms): Min: 142693.3, Avg: 142693.5, Max: 142693.5, Diff: 0.2]
      [Ext Root Scanning (ms): Min: 0.0, Avg: 0.1, Max: 0.2, Diff: 0.2, Sum: 0.4]
      [Update RS (ms): Min: 16.1, Avg: 16.2, Max: 16.6, Diff: 0.5, Sum: 129.5]
         [Processed Buffers: Min: 18, Avg: 19.4, Max: 21, Diff: 3, Sum: 155]
      [Scan RS (ms): Min: 14.5, Avg: 14.8, Max: 15.0, Diff: 0.5, Sum: 118.8]
      [Code Root Scanning (ms): Min: 0.0, Avg: 0.0, Max: 0.0, Diff: 0.0, Sum: 0.0]
      [Object Copy (ms): Min: 123.0, Avg: 123.0, Max: 123.1, Diff: 0.1, Sum: 984.3]
      [Termination (ms): Min: 0.0, Avg: 0.0, Max: 0.0, Diff: 0.0, Sum: 0.2]
         [Termination Attempts: Min: 1, Avg: 165.3, Max: 197, Diff: 196, Sum: 1322]
      [GC Worker Other (ms): Min: 0.0, Avg: 0.0, Max: 0.1, Diff: 0.1, Sum: 0.3]
      [GC Worker Total (ms): Min: 154.1, Avg: 154.2, Max: 154.4, Diff: 0.2, Sum: 1233.6]
      [GC Worker End (ms): Min: 142847.6, Avg: 142847.7, Max: 142847.7, Diff: 0.1]
   [Code Root Fixup: 0.0 ms]
   [Code Root Purge: 0.0 ms]
   [Clear CT: 0.2 ms]
   [Other: 0.9 ms]
      [Choose CSet: 0.0 ms]
      [Ref Proc: 0.1 ms]
      [Ref Enq: 0.0 ms]
      [Redirty Cards: 0.2 ms]
      [Humongous Register: 0.0 ms]
      [Humongous Reclaim: 0.0 ms]
      [Free CSet: 0.3 ms]
   [Eden: 334.0M(334.0M)->0.0B(329.0M) Survivors: 4096.0K->43.0M Heap: 405.2M(2048.0M)->403.2M(2048.0M)]
 [Times: user=1.08 sys=0.06, real=0.16 secs] 
2020-09-29T12:13:18.065+0200: 143.034: [GC pause (G1 Evacuation Pause) (young), 0.1878102 secs]
   [Parallel Time: 186.8 ms, GC Workers: 8]
      [GC Worker Start (ms): Min: 143034.0, Avg: 143034.2, Max: 143034.2, Diff: 0.2]
      [Ext Root Scanning (ms): Min: 0.0, Avg: 0.1, Max: 0.2, Diff: 0.2, Sum: 0.4]
      [Update RS (ms): Min: 15.9, Avg: 16.1, Max: 16.4, Diff: 0.5, Sum: 128.9]
         [Processed Buffers: Min: 17, Avg: 17.9, Max: 19, Diff: 2, Sum: 143]
      [Scan RS (ms): Min: 18.3, Avg: 18.6, Max: 18.8, Diff: 0.5, Sum: 148.6]
      [Code Root Scanning (ms): Min: 0.0, Avg: 0.0, Max: 0.0, Diff: 0.0, Sum: 0.0]
      [Object Copy (ms): Min: 151.6, Avg: 151.8, Max: 151.8, Diff: 0.2, Sum: 1214.1]
      [Termination (ms): Min: 0.0, Avg: 0.0, Max: 0.0, Diff: 0.0, Sum: 0.3]
         [Termination Attempts: Min: 1, Avg: 219.0, Max: 283, Diff: 282, Sum: 1752]
      [GC Worker Other (ms): Min: 0.0, Avg: 0.0, Max: 0.1, Diff: 0.0, Sum: 0.3]
      [GC Worker Total (ms): Min: 186.5, Avg: 186.6, Max: 186.7, Diff: 0.2, Sum: 1492.7]
      [GC Worker End (ms): Min: 143220.7, Avg: 143220.7, Max: 143220.8, Diff: 0.0]
   [Code Root Fixup: 0.0 ms]
   [Code Root Purge: 0.0 ms]
   [Clear CT: 0.2 ms]
   [Other: 0.8 ms]
      [Choose CSet: 0.0 ms]
      [Ref Proc: 0.2 ms]
      [Ref Enq: 0.0 ms]
      [Redirty Cards: 0.2 ms]
      [Humongous Register: 0.0 ms]
      [Humongous Reclaim: 0.0 ms]
      [Free CSet: 0.2 ms]
   [Eden: 329.0M(329.0M)->0.0B(310.0M) Survivors: 43.0M->47.0M Heap: 785.6M(2048.0M)->787.6M(2048.0M)]
 [Times: user=1.33 sys=0.06, real=0.19 secs] 
2020-09-29T12:13:18.422+0200: 143.391: [GC pause (G1 Evacuation Pause) (young), 0.1817431 secs]
   [Parallel Time: 180.5 ms, GC Workers: 8]
      [GC Worker Start (ms): Min: 143390.8, Avg: 143390.9, Max: 143390.9, Diff: 0.2]
      [Ext Root Scanning (ms): Min: 0.0, Avg: 0.1, Max: 0.1, Diff: 0.1, Sum: 0.5]
      [Update RS (ms): Min: 21.9, Avg: 22.0, Max: 22.4, Diff: 0.5, Sum: 176.4]
         [Processed Buffers: Min: 23, Avg: 24.4, Max: 27, Diff: 4, Sum: 195]
      [Scan RS (ms): Min: 20.2, Avg: 20.5, Max: 20.7, Diff: 0.5, Sum: 164.2]
      [Code Root Scanning (ms): Min: 0.0, Avg: 0.0, Max: 0.0, Diff: 0.0, Sum: 0.0]
      [Object Copy (ms): Min: 137.4, Avg: 137.5, Max: 137.6, Diff: 0.1, Sum: 1099.9]
      [Termination (ms): Min: 0.0, Avg: 0.2, Max: 0.2, Diff: 0.2, Sum: 1.4]
         [Termination Attempts: Min: 1, Avg: 1138.9, Max: 1467, Diff: 1466, Sum: 9111]
      [GC Worker Other (ms): Min: 0.0, Avg: 0.0, Max: 0.1, Diff: 0.0, Sum: 0.2]
      [GC Worker Total (ms): Min: 180.3, Avg: 180.3, Max: 180.4, Diff: 0.1, Sum: 1442.6]
      [GC Worker End (ms): Min: 143571.2, Avg: 143571.2, Max: 143571.2, Diff: 0.0]
   [Code Root Fixup: 0.0 ms]
   [Code Root Purge: 0.0 ms]
   [Clear CT: 0.2 ms]
   [Other: 1.0 ms]
      [Choose CSet: 0.0 ms]
      [Ref Proc: 0.2 ms]
      [Ref Enq: 0.0 ms]
      [Redirty Cards: 0.2 ms]
      [Humongous Register: 0.0 ms]
      [Humongous Reclaim: 0.0 ms]
      [Free CSet: 0.3 ms]
   [Eden: 310.0M(310.0M)->0.0B(300.0M) Survivors: 47.0M->45.0M Heap: 1151.0M(2048.0M)->1153.0M(2048.0M)]
 [Times: user=1.44 sys=0.06, real=0.18 secs] 
2020-09-29T12:13:18.622+0200: 143.591: [GC pause (G1 Humongous Allocation) (young) (initial-mark), 0.0535918 secs]
   [Parallel Time: 52.6 ms, GC Workers: 8]
      [GC Worker Start (ms): Min: 143591.4, Avg: 143591.5, Max: 143591.6, Diff: 0.2]
      [Ext Root Scanning (ms): Min: 0.0, Avg: 0.3, Max: 0.8, Diff: 0.8, Sum: 2.2]
      [Update RS (ms): Min: 24.7, Avg: 25.5, Max: 26.0, Diff: 1.2, Sum: 203.7]
         [Processed Buffers: Min: 27, Avg: 31.5, Max: 34, Diff: 7, Sum: 252]
      [Scan RS (ms): Min: 2.7, Avg: 3.1, Max: 3.5, Diff: 0.9, Sum: 24.5]
      [Code Root Scanning (ms): Min: 0.0, Avg: 0.0, Max: 0.0, Diff: 0.0, Sum: 0.0]
      [Object Copy (ms): Min: 22.9, Avg: 23.6, Max: 23.7, Diff: 0.8, Sum: 188.5]
      [Termination (ms): Min: 0.0, Avg: 0.0, Max: 0.0, Diff: 0.0, Sum: 0.1]
         [Termination Attempts: Min: 1, Avg: 69.3, Max: 91, Diff: 90, Sum: 554]
      [GC Worker Other (ms): Min: 0.0, Avg: 0.0, Max: 0.0, Diff: 0.0, Sum: 0.2]
      [GC Worker Total (ms): Min: 52.3, Avg: 52.4, Max: 52.5, Diff: 0.2, Sum: 419.2]
      [GC Worker End (ms): Min: 143643.9, Avg: 143643.9, Max: 143643.9, Diff: 0.0]
   [Code Root Fixup: 0.0 ms]
   [Code Root Purge: 0.0 ms]
   [Clear CT: 0.2 ms]
   [Other: 0.8 ms]
      [Choose CSet: 0.0 ms]
      [Ref Proc: 0.3 ms]
      [Ref Enq: 0.0 ms]
      [Redirty Cards: 0.2 ms]
      [Humongous Register: 0.1 ms]
      [Humongous Reclaim: 0.0 ms]
      [Free CSet: 0.1 ms]
   [Eden: 12.0M(300.0M)->0.0B(333.0M) Survivors: 45.0M->14.0M Heap: 1164.5M(2048.0M)->1168.5M(2048.0M)]
 [Times: user=0.36 sys=0.00, real=0.05 secs] 
2020-09-29T12:13:18.676+0200: 143.645: [GC concurrent-root-region-scan-start]
2020-09-29T12:13:18.680+0200: 143.649: [GC concurrent-root-region-scan-end, 0.0037766 secs]
2020-09-29T12:13:18.680+0200: 143.649: [GC concurrent-mark-start]
2020-09-29T12:13:18.684+0200: 143.652: [GC concurrent-mark-end, 0.0037111 secs]
2020-09-29T12:13:18.684+0200: 143.653: [GC remark 2020-09-29T12:13:18.684+0200: 143.653: [Finalize Marking, 0.0002304 secs] 2020-09-29T12:13:18.684+0200: 143.653: [GC ref-proc, 0.0004036 secs] 2020-09-29T12:13:18.685+0200: 143.654: [Unloading, 0.0005329 secs], 0.0016490 secs]
 [Times: user=0.00 sys=0.00, real=0.00 secs] 
2020-09-29T12:13:18.686+0200: 143.655: [GC cleanup 1186M->41M(2048M), 0.0018427 secs]
 [Times: user=0.00 sys=0.00, real=0.00 secs] 
2020-09-29T12:13:18.688+0200: 143.657: [GC concurrent-cleanup-start]
2020-09-29T12:13:18.690+0200: 143.659: [GC concurrent-cleanup-end, 0.0020245 secs]
2020-09-29T12:13:18.859+0200: 143.827: [GC pause (G1 Evacuation Pause) (young), 0.1568932 secs]
   [Parallel Time: 155.6 ms, GC Workers: 8]
      [GC Worker Start (ms): Min: 143827.5, Avg: 143827.6, Max: 143827.7, Diff: 0.2]
      [Ext Root Scanning (ms): Min: 0.0, Avg: 0.1, Max: 0.1, Diff: 0.1, Sum: 0.4]
      [Update RS (ms): Min: 14.0, Avg: 14.1, Max: 14.3, Diff: 0.3, Sum: 112.8]
         [Processed Buffers: Min: 16, Avg: 18.0, Max: 20, Diff: 4, Sum: 144]
      [Scan RS (ms): Min: 15.2, Avg: 15.5, Max: 15.6, Diff: 0.3, Sum: 123.8]
      [Code Root Scanning (ms): Min: 0.0, Avg: 0.0, Max: 0.0, Diff: 0.0, Sum: 0.0]
      [Object Copy (ms): Min: 125.7, Avg: 125.7, Max: 125.8, Diff: 0.1, Sum: 1005.9]
      [Termination (ms): Min: 0.0, Avg: 0.0, Max: 0.1, Diff: 0.1, Sum: 0.4]
         [Termination Attempts: Min: 1, Avg: 317.5, Max: 382, Diff: 381, Sum: 2540]
      [GC Worker Other (ms): Min: 0.0, Avg: 0.0, Max: 0.1, Diff: 0.1, Sum: 0.3]
      [GC Worker Total (ms): Min: 155.4, Avg: 155.4, Max: 155.5, Diff: 0.2, Sum: 1243.6]
      [GC Worker End (ms): Min: 143983.0, Avg: 143983.1, Max: 143983.1, Diff: 0.1]
   [Code Root Fixup: 0.0 ms]
   [Code Root Purge: 0.0 ms]
   [Clear CT: 0.2 ms]
   [Other: 1.0 ms]
      [Choose CSet: 0.0 ms]
      [Ref Proc: 0.2 ms]
      [Ref Enq: 0.0 ms]
      [Redirty Cards: 0.2 ms]
      [Humongous Register: 0.0 ms]
      [Humongous Reclaim: 0.0 ms]
      [Free CSet: 0.3 ms]
   [Eden: 333.0M(333.0M)->0.0B(330.0M) Survivors: 14.0M->44.0M Heap: 413.7M(2048.0M)->401.7M(2048.0M)]
 [Times: user=1.25 sys=0.00, real=0.16 secs] 
2020-09-29T12:13:19.196+0200: 144.166: [GC pause (G1 Evacuation Pause) (young), 0.1876309 secs]
   [Parallel Time: 186.4 ms, GC Workers: 8]
      [GC Worker Start (ms): Min: 144165.7, Avg: 144165.8, Max: 144165.8, Diff: 0.1]
      [Ext Root Scanning (ms): Min: 0.0, Avg: 0.1, Max: 0.1, Diff: 0.1, Sum: 0.6]
      [Update RS (ms): Min: 17.0, Avg: 17.2, Max: 17.7, Diff: 0.7, Sum: 137.9]
         [Processed Buffers: Min: 17, Avg: 19.4, Max: 21, Diff: 4, Sum: 155]
      [Scan RS (ms): Min: 17.6, Avg: 18.1, Max: 18.5, Diff: 0.9, Sum: 144.6]
      [Code Root Scanning (ms): Min: 0.0, Avg: 0.0, Max: 0.0, Diff: 0.0, Sum: 0.0]
      [Object Copy (ms): Min: 150.7, Avg: 150.8, Max: 150.9, Diff: 0.2, Sum: 1206.3]
      [Termination (ms): Min: 0.0, Avg: 0.0, Max: 0.0, Diff: 0.0, Sum: 0.3]
         [Termination Attempts: Min: 1, Avg: 290.8, Max: 370, Diff: 369, Sum: 2326]
      [GC Worker Other (ms): Min: 0.0, Avg: 0.0, Max: 0.1, Diff: 0.0, Sum: 0.3]
      [GC Worker Total (ms): Min: 186.2, Avg: 186.3, Max: 186.3, Diff: 0.1, Sum: 1490.1]
      [GC Worker End (ms): Min: 144352.0, Avg: 144352.0, Max: 144352.1, Diff: 0.1]
   [Code Root Fixup: 0.0 ms]
   [Code Root Purge: 0.0 ms]
   [Clear CT: 0.2 ms]
   [Other: 1.1 ms]
      [Choose CSet: 0.0 ms]
      [Ref Proc: 0.2 ms]
      [Ref Enq: 0.0 ms]
      [Redirty Cards: 0.2 ms]
      [Humongous Register: 0.0 ms]
      [Humongous Reclaim: 0.0 ms]
      [Free CSet: 0.4 ms]
   [Eden: 330.0M(330.0M)->0.0B(314.0M) Survivors: 44.0M->47.0M Heap: 785.1M(2048.0M)->787.6M(2048.0M)]
 [Times: user=1.44 sys=0.00, real=0.19 secs] 
2020-09-29T12:13:19.562+0200: 144.531: [GC pause (G1 Evacuation Pause) (young), 0.1704871 secs]
   [Parallel Time: 169.2 ms, GC Workers: 8]
      [GC Worker Start (ms): Min: 144531.4, Avg: 144531.5, Max: 144531.6, Diff: 0.2]
      [Ext Root Scanning (ms): Min: 0.0, Avg: 0.0, Max: 0.2, Diff: 0.2, Sum: 0.4]
      [Update RS (ms): Min: 16.9, Avg: 17.0, Max: 17.1, Diff: 0.1, Sum: 136.0]
         [Processed Buffers: Min: 19, Avg: 20.4, Max: 23, Diff: 4, Sum: 163]
      [Scan RS (ms): Min: 16.2, Avg: 16.2, Max: 16.4, Diff: 0.3, Sum: 129.8]
      [Code Root Scanning (ms): Min: 0.0, Avg: 0.0, Max: 0.0, Diff: 0.0, Sum: 0.0]
      [Object Copy (ms): Min: 135.6, Avg: 135.7, Max: 135.7, Diff: 0.2, Sum: 1085.4]
      [Termination (ms): Min: 0.0, Avg: 0.0, Max: 0.0, Diff: 0.0, Sum: 0.2]
         [Termination Attempts: Min: 1, Avg: 135.4, Max: 199, Diff: 198, Sum: 1083]
      [GC Worker Other (ms): Min: 0.0, Avg: 0.0, Max: 0.1, Diff: 0.0, Sum: 0.3]
      [GC Worker Total (ms): Min: 168.9, Avg: 169.0, Max: 169.1, Diff: 0.2, Sum: 1352.1]
      [GC Worker End (ms): Min: 144700.5, Avg: 144700.6, Max: 144700.6, Diff: 0.0]
   [Code Root Fixup: 0.0 ms]
   [Code Root Purge: 0.0 ms]
   [Clear CT: 0.2 ms]
   [Other: 1.1 ms]
      [Choose CSet: 0.0 ms]
      [Ref Proc: 0.2 ms]
      [Ref Enq: 0.0 ms]
      [Redirty Cards: 0.3 ms]
      [Humongous Register: 0.0 ms]
      [Humongous Reclaim: 0.0 ms]
      [Free CSet: 0.4 ms]
   [Eden: 314.0M(314.0M)->0.0B(319.0M) Survivors: 47.0M->46.0M Heap: 1155.0M(2048.0M)->1157.5M(2048.0M)]
 [Times: user=1.38 sys=0.00, real=0.17 secs] 
2020-09-29T12:13:19.742+0200: 144.711: [GC pause (G1 Humongous Allocation) (young) (initial-mark), 0.0616182 secs]
   [Parallel Time: 60.6 ms, GC Workers: 8]
      [GC Worker Start (ms): Min: 144711.1, Avg: 144711.1, Max: 144711.2, Diff: 0.1]
      [Ext Root Scanning (ms): Min: 0.0, Avg: 0.1, Max: 0.1, Diff: 0.1, Sum: 0.7]
      [Update RS (ms): Min: 36.3, Avg: 36.5, Max: 36.9, Diff: 0.6, Sum: 292.1]
         [Processed Buffers: Min: 44, Avg: 46.6, Max: 48, Diff: 4, Sum: 373]
      [Scan RS (ms): Min: 2.5, Avg: 2.8, Max: 3.1, Diff: 0.5, Sum: 22.7]
      [Code Root Scanning (ms): Min: 0.0, Avg: 0.0, Max: 0.0, Diff: 0.0, Sum: 0.0]
      [Object Copy (ms): Min: 20.9, Avg: 20.9, Max: 21.0, Diff: 0.1, Sum: 167.5]
      [Termination (ms): Min: 0.0, Avg: 0.0, Max: 0.0, Diff: 0.0, Sum: 0.1]
         [Termination Attempts: Min: 1, Avg: 66.6, Max: 89, Diff: 88, Sum: 533]
      [GC Worker Other (ms): Min: 0.0, Avg: 0.0, Max: 0.0, Diff: 0.0, Sum: 0.2]
      [GC Worker Total (ms): Min: 60.4, Avg: 60.4, Max: 60.5, Diff: 0.1, Sum: 483.3]
      [GC Worker End (ms): Min: 144771.5, Avg: 144771.6, Max: 144771.6, Diff: 0.0]
   [Code Root Fixup: 0.0 ms]
   [Code Root Purge: 0.0 ms]
   [Clear CT: 0.2 ms]
   [Other: 0.9 ms]
      [Choose CSet: 0.0 ms]
      [Ref Proc: 0.3 ms]
      [Ref Enq: 0.0 ms]
      [Redirty Cards: 0.1 ms]
      [Humongous Register: 0.0 ms]
      [Humongous Reclaim: 0.0 ms]
      [Free CSet: 0.1 ms]
   [Eden: 8192.0K(319.0M)->0.0B(332.0M) Survivors: 46.0M->10.0M Heap: 1165.0M(2048.0M)->1169.0M(2048.0M)]
 [Times: user=0.50 sys=0.00, real=0.06 secs] 
2020-09-29T12:13:19.804+0200: 144.773: [GC concurrent-root-region-scan-start]
2020-09-29T12:13:19.807+0200: 144.775: [GC concurrent-root-region-scan-end, 0.0028074 secs]
2020-09-29T12:13:19.807+0200: 144.776: [GC concurrent-mark-start]
2020-09-29T12:13:19.810+0200: 144.779: [GC concurrent-mark-end, 0.0031883 secs]
2020-09-29T12:13:19.810+0200: 144.779: [GC remark 2020-09-29T12:13:19.810+0200: 144.779: [Finalize Marking, 0.0002613 secs] 2020-09-29T12:13:19.810+0200: 144.779: [GC ref-proc, 0.0003327 secs] 2020-09-29T12:13:19.811+0200: 144.779: [Unloading, 0.0005240 secs], 0.0014445 secs]
 [Times: user=0.00 sys=0.00, real=0.00 secs] 
2020-09-29T12:13:19.812+0200: 144.781: [GC cleanup 1181M->32M(2048M), 0.0013042 secs]
 [Times: user=0.00 sys=0.00, real=0.00 secs] 
2020-09-29T12:13:19.813+0200: 144.782: [GC concurrent-cleanup-start]
2020-09-29T12:13:19.815+0200: 144.784: [GC concurrent-cleanup-end, 0.0022025 secs]
2020-09-29T12:13:19.981+0200: 144.949: [GC pause (G1 Evacuation Pause) (young), 0.1618620 secs]
   [Parallel Time: 160.7 ms, GC Workers: 8]
      [GC Worker Start (ms): Min: 144949.6, Avg: 144949.7, Max: 144949.8, Diff: 0.2]
      [Ext Root Scanning (ms): Min: 0.0, Avg: 0.1, Max: 0.2, Diff: 0.2, Sum: 0.5]
      [Update RS (ms): Min: 20.7, Avg: 20.8, Max: 21.3, Diff: 0.6, Sum: 166.4]
         [Processed Buffers: Min: 24, Avg: 25.5, Max: 28, Diff: 4, Sum: 204]
      [Scan RS (ms): Min: 11.9, Avg: 12.4, Max: 12.5, Diff: 0.6, Sum: 98.9]
      [Code Root Scanning (ms): Min: 0.0, Avg: 0.0, Max: 0.0, Diff: 0.0, Sum: 0.0]
      [Object Copy (ms): Min: 127.1, Avg: 127.2, Max: 127.2, Diff: 0.1, Sum: 1017.3]
      [Termination (ms): Min: 0.0, Avg: 0.0, Max: 0.1, Diff: 0.1, Sum: 0.4]
         [Termination Attempts: Min: 1, Avg: 70.0, Max: 103, Diff: 102, Sum: 560]
      [GC Worker Other (ms): Min: 0.0, Avg: 0.0, Max: 0.0, Diff: 0.0, Sum: 0.1]
      [GC Worker Total (ms): Min: 160.4, Avg: 160.4, Max: 160.5, Diff: 0.2, Sum: 1283.5]
      [GC Worker End (ms): Min: 145110.1, Avg: 145110.1, Max: 145110.2, Diff: 0.0]
   [Code Root Fixup: 0.0 ms]
   [Code Root Purge: 0.0 ms]
   [Clear CT: 0.2 ms]
   [Other: 1.0 ms]
      [Choose CSet: 0.0 ms]
      [Ref Proc: 0.2 ms]
      [Ref Enq: 0.0 ms]
      [Redirty Cards: 0.2 ms]
      [Humongous Register: 0.0 ms]
      [Humongous Reclaim: 0.0 ms]
      [Free CSet: 0.3 ms]
   [Eden: 332.0M(332.0M)->0.0B(335.0M) Survivors: 10.0M->43.0M Heap: 408.7M(2048.0M)->400.2M(2048.0M)]
 [Times: user=1.19 sys=0.01, real=0.16 secs] 
2020-09-29T12:13:20.331+0200: 145.300: [GC pause (G1 Evacuation Pause) (young), 0.1845873 secs]
   [Parallel Time: 183.4 ms, GC Workers: 8]
      [GC Worker Start (ms): Min: 145300.1, Avg: 145300.2, Max: 145300.2, Diff: 0.1]
      [Ext Root Scanning (ms): Min: 0.0, Avg: 0.1, Max: 0.1, Diff: 0.1, Sum: 0.5]
      [Update RS (ms): Min: 20.3, Avg: 20.5, Max: 20.8, Diff: 0.5, Sum: 163.7]
         [Processed Buffers: Min: 23, Avg: 24.9, Max: 27, Diff: 4, Sum: 199]
      [Scan RS (ms): Min: 16.4, Avg: 16.7, Max: 16.9, Diff: 0.4, Sum: 133.3]
      [Code Root Scanning (ms): Min: 0.0, Avg: 0.0, Max: 0.0, Diff: 0.0, Sum: 0.0]
      [Object Copy (ms): Min: 145.7, Avg: 145.8, Max: 146.0, Diff: 0.3, Sum: 1166.6]
      [Termination (ms): Min: 0.0, Avg: 0.1, Max: 0.1, Diff: 0.1, Sum: 0.7]
         [Termination Attempts: Min: 1, Avg: 637.6, Max: 794, Diff: 793, Sum: 5101]
      [GC Worker Other (ms): Min: 0.0, Avg: 0.0, Max: 0.1, Diff: 0.1, Sum: 0.3]
      [GC Worker Total (ms): Min: 183.1, Avg: 183.1, Max: 183.2, Diff: 0.1, Sum: 1465.1]
      [GC Worker End (ms): Min: 145483.3, Avg: 145483.3, Max: 145483.3, Diff: 0.1]
   [Code Root Fixup: 0.0 ms]
   [Code Root Purge: 0.0 ms]
   [Clear CT: 0.2 ms]
   [Other: 1.0 ms]
      [Choose CSet: 0.0 ms]
      [Ref Proc: 0.2 ms]
      [Ref Enq: 0.0 ms]
      [Redirty Cards: 0.2 ms]
      [Humongous Register: 0.0 ms]
      [Humongous Reclaim: 0.0 ms]
      [Free CSet: 0.4 ms]
   [Eden: 335.0M(335.0M)->0.0B(323.0M) Survivors: 43.0M->48.0M Heap: 790.5M(2048.0M)->792.0M(2048.0M)]
 [Times: user=1.50 sys=0.00, real=0.18 secs] 
2020-09-29T12:13:20.691+0200: 145.660: [GC pause (G1 Evacuation Pause) (young), 0.1739376 secs]
   [Parallel Time: 172.6 ms, GC Workers: 8]
      [GC Worker Start (ms): Min: 145659.6, Avg: 145659.7, Max: 145659.8, Diff: 0.1]
      [Ext Root Scanning (ms): Min: 0.0, Avg: 0.1, Max: 0.1, Diff: 0.1, Sum: 0.6]
      [Update RS (ms): Min: 16.1, Avg: 16.2, Max: 16.3, Diff: 0.2, Sum: 129.5]
         [Processed Buffers: Min: 17, Avg: 18.6, Max: 22, Diff: 5, Sum: 149]
      [Scan RS (ms): Min: 18.9, Avg: 19.0, Max: 19.2, Diff: 0.3, Sum: 152.3]
      [Code Root Scanning (ms): Min: 0.0, Avg: 0.0, Max: 0.0, Diff: 0.0, Sum: 0.0]
      [Object Copy (ms): Min: 136.9, Avg: 137.0, Max: 137.1, Diff: 0.2, Sum: 1096.0]
      [Termination (ms): Min: 0.0, Avg: 0.0, Max: 0.0, Diff: 0.0, Sum: 0.1]
         [Termination Attempts: Min: 1, Avg: 84.1, Max: 109, Diff: 108, Sum: 673]
      [GC Worker Other (ms): Min: 0.0, Avg: 0.0, Max: 0.1, Diff: 0.1, Sum: 0.4]
      [GC Worker Total (ms): Min: 172.3, Avg: 172.4, Max: 172.5, Diff: 0.1, Sum: 1378.9]
      [GC Worker End (ms): Min: 145832.0, Avg: 145832.1, Max: 145832.1, Diff: 0.1]
   [Code Root Fixup: 0.0 ms]
   [Code Root Purge: 0.0 ms]
   [Clear CT: 0.4 ms]
   [Other: 1.0 ms]
      [Choose CSet: 0.0 ms]
      [Ref Proc: 0.2 ms]
      [Ref Enq: 0.0 ms]
      [Redirty Cards: 0.3 ms]
      [Humongous Register: 0.1 ms]
      [Humongous Reclaim: 0.0 ms]
      [Free CSet: 0.3 ms]
   [Eden: 323.0M(323.0M)->0.0B(321.0M) Survivors: 48.0M->47.0M Heap: 1168.4M(2048.0M)->1170.9M(2048.0M)]
 [Times: user=1.33 sys=0.06, real=0.17 secs] 
2020-09-29T12:13:20.878+0200: 145.847: [GC pause (G1 Humongous Allocation) (young) (initial-mark), 0.0576269 secs]
   [Parallel Time: 56.8 ms, GC Workers: 8]
      [GC Worker Start (ms): Min: 145847.6, Avg: 145847.6, Max: 145847.7, Diff: 0.1]
      [Ext Root Scanning (ms): Min: 0.0, Avg: 0.1, Max: 0.1, Diff: 0.1, Sum: 0.5]
      [Update RS (ms): Min: 32.1, Avg: 32.3, Max: 32.6, Diff: 0.5, Sum: 258.8]
         [Processed Buffers: Min: 25, Avg: 37.9, Max: 41, Diff: 16, Sum: 303]
      [Scan RS (ms): Min: 2.7, Avg: 2.9, Max: 3.2, Diff: 0.5, Sum: 23.6]
      [Code Root Scanning (ms): Min: 0.0, Avg: 0.0, Max: 0.0, Diff: 0.0, Sum: 0.0]
      [Object Copy (ms): Min: 21.2, Avg: 21.3, Max: 21.3, Diff: 0.1, Sum: 170.1]
      [Termination (ms): Min: 0.0, Avg: 0.0, Max: 0.0, Diff: 0.0, Sum: 0.1]
         [Termination Attempts: Min: 1, Avg: 62.8, Max: 86, Diff: 85, Sum: 502]
      [GC Worker Other (ms): Min: 0.0, Avg: 0.0, Max: 0.0, Diff: 0.0, Sum: 0.1]
      [GC Worker Total (ms): Min: 56.6, Avg: 56.7, Max: 56.7, Diff: 0.1, Sum: 453.2]
      [GC Worker End (ms): Min: 145904.3, Avg: 145904.3, Max: 145904.3, Diff: 0.0]
   [Code Root Fixup: 0.0 ms]
   [Code Root Purge: 0.0 ms]
   [Clear CT: 0.2 ms]
   [Other: 0.7 ms]
      [Choose CSet: 0.0 ms]
      [Ref Proc: 0.2 ms]
      [Ref Enq: 0.0 ms]
      [Redirty Cards: 0.1 ms]
      [Humongous Register: 0.0 ms]
      [Humongous Reclaim: 0.0 ms]
      [Free CSet: 0.1 ms]
   [Eden: 6144.0K(321.0M)->0.0B(327.0M) Survivors: 47.0M->8192.0K Heap: 1176.9M(2048.0M)->1180.4M(2048.0M)]
 [Times: user=0.50 sys=0.00, real=0.06 secs] 
2020-09-29T12:13:20.936+0200: 145.905: [GC concurrent-root-region-scan-start]
2020-09-29T12:13:20.937+0200: 145.906: [GC concurrent-root-region-scan-end, 0.0010925 secs]
2020-09-29T12:13:20.937+0200: 145.906: [GC concurrent-mark-start]
2020-09-29T12:13:20.940+0200: 145.909: [GC concurrent-mark-end, 0.0022985 secs]
2020-09-29T12:13:20.940+0200: 145.909: [GC remark 2020-09-29T12:13:20.940+0200: 145.909: [Finalize Marking, 0.0002027 secs] 2020-09-29T12:13:20.940+0200: 145.909: [GC ref-proc, 0.0002806 secs] 2020-09-29T12:13:20.940+0200: 145.909: [Unloading, 0.0004227 secs], 0.0011965 secs]
 [Times: user=0.00 sys=0.00, real=0.00 secs] 
2020-09-29T12:13:20.941+0200: 145.910: [GC cleanup 1190M->27M(2048M), 0.0010626 secs]
 [Times: user=0.13 sys=0.00, real=0.00 secs] 
2020-09-29T12:13:20.942+0200: 145.911: [GC concurrent-cleanup-start]
2020-09-29T12:13:20.944+0200: 145.913: [GC concurrent-cleanup-end, 0.0014102 secs]
2020-09-29T12:13:21.094+0200: 146.063: [GC pause (G1 Evacuation Pause) (young), 0.1566654 secs]
   [Parallel Time: 155.2 ms, GC Workers: 8]
      [GC Worker Start (ms): Min: 146063.2, Avg: 146063.3, Max: 146063.4, Diff: 0.2]
      [Ext Root Scanning (ms): Min: 0.0, Avg: 0.1, Max: 0.2, Diff: 0.2, Sum: 0.5]
      [Update RS (ms): Min: 14.0, Avg: 14.2, Max: 14.5, Diff: 0.5, Sum: 113.4]
         [Processed Buffers: Min: 15, Avg: 16.6, Max: 21, Diff: 6, Sum: 133]
      [Scan RS (ms): Min: 14.6, Avg: 15.0, Max: 15.2, Diff: 0.6, Sum: 120.1]
      [Code Root Scanning (ms): Min: 0.0, Avg: 0.0, Max: 0.1, Diff: 0.1, Sum: 0.1]
      [Object Copy (ms): Min: 125.5, Avg: 125.5, Max: 125.7, Diff: 0.2, Sum: 1004.4]
      [Termination (ms): Min: 0.0, Avg: 0.1, Max: 0.1, Diff: 0.1, Sum: 0.9]
         [Termination Attempts: Min: 1, Avg: 686.1, Max: 899, Diff: 898, Sum: 5489]
      [GC Worker Other (ms): Min: 0.0, Avg: 0.0, Max: 0.1, Diff: 0.0, Sum: 0.3]
      [GC Worker Total (ms): Min: 154.9, Avg: 154.9, Max: 155.0, Diff: 0.2, Sum: 1239.5]
      [GC Worker End (ms): Min: 146218.2, Avg: 146218.3, Max: 146218.3, Diff: 0.0]
   [Code Root Fixup: 0.0 ms]
   [Code Root Purge: 0.0 ms]
   [Clear CT: 0.2 ms]
   [Other: 1.3 ms]
      [Choose CSet: 0.0 ms]
      [Ref Proc: 0.2 ms]
      [Ref Enq: 0.0 ms]
      [Redirty Cards: 0.5 ms]
      [Humongous Register: 0.0 ms]
      [Humongous Reclaim: 0.0 ms]
      [Free CSet: 0.3 ms]
   [Eden: 327.0M(327.0M)->0.0B(341.0M) Survivors: 8192.0K->42.0M Heap: 399.8M(2048.0M)->394.3M(2048.0M)]
 [Times: user=1.25 sys=0.00, real=0.16 secs] 
2020-09-29T12:13:21.441+0200: 146.410: [GC pause (G1 Evacuation Pause) (young), 0.1860755 secs]
   [Parallel Time: 184.8 ms, GC Workers: 8]
      [GC Worker Start (ms): Min: 146410.4, Avg: 146410.5, Max: 146410.6, Diff: 0.2]
      [Ext Root Scanning (ms): Min: 0.0, Avg: 0.1, Max: 0.1, Diff: 0.1, Sum: 0.5]
      [Update RS (ms): Min: 17.2, Avg: 17.2, Max: 17.4, Diff: 0.3, Sum: 137.9]
         [Processed Buffers: Min: 20, Avg: 20.9, Max: 23, Diff: 3, Sum: 167]
      [Scan RS (ms): Min: 18.9, Avg: 19.2, Max: 20.7, Diff: 1.8, Sum: 153.7]
      [Code Root Scanning (ms): Min: 0.0, Avg: 0.0, Max: 0.0, Diff: 0.0, Sum: 0.0]
      [Object Copy (ms): Min: 146.2, Avg: 147.9, Max: 148.3, Diff: 2.0, Sum: 1183.0]
      [Termination (ms): Min: 0.0, Avg: 0.1, Max: 0.2, Diff: 0.2, Sum: 1.1]
         [Termination Attempts: Min: 1, Avg: 888.6, Max: 1096, Diff: 1095, Sum: 7109]
      [GC Worker Other (ms): Min: 0.0, Avg: 0.0, Max: 0.1, Diff: 0.1, Sum: 0.4]
      [GC Worker Total (ms): Min: 184.5, Avg: 184.6, Max: 184.7, Diff: 0.2, Sum: 1476.6]
      [GC Worker End (ms): Min: 146595.0, Avg: 146595.1, Max: 146595.1, Diff: 0.1]
   [Code Root Fixup: 0.0 ms]
   [Code Root Purge: 0.0 ms]
   [Clear CT: 0.2 ms]
   [Other: 1.1 ms]
      [Choose CSet: 0.0 ms]
      [Ref Proc: 0.2 ms]
      [Ref Enq: 0.0 ms]
      [Redirty Cards: 0.2 ms]
      [Humongous Register: 0.0 ms]
      [Humongous Reclaim: 0.0 ms]
      [Free CSet: 0.4 ms]
   [Eden: 341.0M(341.0M)->0.0B(324.0M) Survivors: 42.0M->48.0M Heap: 792.5M(2048.0M)->794.5M(2048.0M)]
 [Times: user=1.45 sys=0.03, real=0.19 secs] 
2020-09-29T12:13:21.808+0200: 146.777: [GC pause (G1 Evacuation Pause) (young), 0.1873356 secs]
   [Parallel Time: 186.2 ms, GC Workers: 8]
      [GC Worker Start (ms): Min: 146777.5, Avg: 146777.6, Max: 146777.6, Diff: 0.2]
      [Ext Root Scanning (ms): Min: 0.0, Avg: 0.1, Max: 0.1, Diff: 0.1, Sum: 0.5]
      [Update RS (ms): Min: 22.9, Avg: 23.2, Max: 23.6, Diff: 0.6, Sum: 185.9]
         [Processed Buffers: Min: 23, Avg: 25.1, Max: 27, Diff: 4, Sum: 201]
      [Scan RS (ms): Min: 16.2, Avg: 16.5, Max: 16.8, Diff: 0.6, Sum: 132.2]
      [Code Root Scanning (ms): Min: 0.0, Avg: 0.0, Max: 0.0, Diff: 0.0, Sum: 0.0]
      [Object Copy (ms): Min: 145.8, Avg: 145.9, Max: 146.1, Diff: 0.3, Sum: 1167.4]
      [Termination (ms): Min: 0.0, Avg: 0.2, Max: 0.2, Diff: 0.2, Sum: 1.5]
         [Termination Attempts: Min: 1, Avg: 1360.0, Max: 1704, Diff: 1703, Sum: 10880]
      [GC Worker Other (ms): Min: 0.0, Avg: 0.0, Max: 0.1, Diff: 0.1, Sum: 0.3]
      [GC Worker Total (ms): Min: 185.9, Avg: 186.0, Max: 186.1, Diff: 0.2, Sum: 1487.9]
      [GC Worker End (ms): Min: 146963.5, Avg: 146963.5, Max: 146963.6, Diff: 0.1]
   [Code Root Fixup: 0.0 ms]
   [Code Root Purge: 0.0 ms]
   [Clear CT: 0.2 ms]
   [Other: 0.9 ms]
      [Choose CSet: 0.0 ms]
      [Ref Proc: 0.1 ms]
      [Ref Enq: 0.0 ms]
      [Redirty Cards: 0.2 ms]
      [Humongous Register: 0.0 ms]
      [Humongous Reclaim: 0.0 ms]
      [Free CSet: 0.4 ms]
   [Eden: 324.0M(324.0M)->0.0B(316.0M) Survivors: 48.0M->47.0M Heap: 1171.9M(2048.0M)->1173.9M(2048.0M)]
 [Times: user=1.45 sys=0.00, real=0.19 secs] 
2020-09-29T12:13:22.015+0200: 146.984: [GC pause (G1 Humongous Allocation) (young) (initial-mark), 0.0491470 secs]
   [Parallel Time: 48.4 ms, GC Workers: 8]
      [GC Worker Start (ms): Min: 146983.8, Avg: 146983.9, Max: 146984.0, Diff: 0.2]
      [Ext Root Scanning (ms): Min: 0.0, Avg: 0.5, Max: 3.2, Diff: 3.2, Sum: 4.3]
      [Update RS (ms): Min: 21.6, Avg: 24.0, Max: 24.8, Diff: 3.2, Sum: 191.7]
         [Processed Buffers: Min: 29, Avg: 30.6, Max: 33, Diff: 4, Sum: 245]
      [Scan RS (ms): Min: 2.3, Avg: 2.8, Max: 3.1, Diff: 0.8, Sum: 22.5]
      [Code Root Scanning (ms): Min: 0.0, Avg: 0.0, Max: 0.0, Diff: 0.0, Sum: 0.0]
      [Object Copy (ms): Min: 20.4, Avg: 20.5, Max: 20.9, Diff: 0.6, Sum: 163.8]
      [Termination (ms): Min: 0.0, Avg: 0.4, Max: 0.5, Diff: 0.5, Sum: 3.6]
         [Termination Attempts: Min: 1, Avg: 68.6, Max: 108, Diff: 107, Sum: 549]
      [GC Worker Other (ms): Min: 0.0, Avg: 0.0, Max: 0.0, Diff: 0.0, Sum: 0.1]
      [GC Worker Total (ms): Min: 48.2, Avg: 48.3, Max: 48.3, Diff: 0.2, Sum: 386.2]
      [GC Worker End (ms): Min: 147032.2, Avg: 147032.2, Max: 147032.2, Diff: 0.0]
   [Code Root Fixup: 0.0 ms]
   [Code Root Purge: 0.0 ms]
   [Clear CT: 0.1 ms]
   [Other: 0.6 ms]
      [Choose CSet: 0.0 ms]
      [Ref Proc: 0.2 ms]
      [Ref Enq: 0.0 ms]
      [Redirty Cards: 0.2 ms]
      [Humongous Register: 0.0 ms]
      [Humongous Reclaim: 0.0 ms]
      [Free CSet: 0.1 ms]
   [Eden: 4096.0K(316.0M)->0.0B(326.0M) Survivors: 47.0M->6144.0K Heap: 1177.9M(2048.0M)->1181.9M(2048.0M)]
 [Times: user=0.38 sys=0.00, real=0.05 secs] 
2020-09-29T12:13:22.064+0200: 147.033: [GC concurrent-root-region-scan-start]
2020-09-29T12:13:22.065+0200: 147.034: [GC concurrent-root-region-scan-end, 0.0011095 secs]
2020-09-29T12:13:22.065+0200: 147.034: [GC concurrent-mark-start]
2020-09-29T12:13:22.069+0200: 147.038: [GC concurrent-mark-end, 0.0042783 secs]
2020-09-29T12:13:22.070+0200: 147.039: [GC remark 2020-09-29T12:13:22.070+0200: 147.039: [Finalize Marking, 0.0011656 secs] 2020-09-29T12:13:22.071+0200: 147.040: [GC ref-proc, 0.0002657 secs] 2020-09-29T12:13:22.071+0200: 147.040: [Unloading, 0.0006396 secs], 0.0023625 secs]
 [Times: user=0.00 sys=0.00, real=0.00 secs] 
2020-09-29T12:13:22.072+0200: 147.041: [GC cleanup 1195M->29M(2048M), 0.0015326 secs]
 [Times: user=0.00 sys=0.00, real=0.00 secs] 
2020-09-29T12:13:22.074+0200: 147.043: [GC concurrent-cleanup-start]
2020-09-29T12:13:22.076+0200: 147.045: [GC concurrent-cleanup-end, 0.0018437 secs]
2020-09-29T12:13:22.233+0200: 147.202: [GC pause (G1 Evacuation Pause) (young), 0.1713354 secs]
   [Parallel Time: 170.2 ms, GC Workers: 8]
      [GC Worker Start (ms): Min: 147202.1, Avg: 147202.2, Max: 147202.3, Diff: 0.2]
      [Ext Root Scanning (ms): Min: 0.0, Avg: 0.0, Max: 0.1, Diff: 0.1, Sum: 0.4]
      [Update RS (ms): Min: 13.2, Avg: 13.4, Max: 13.8, Diff: 0.7, Sum: 106.9]
         [Processed Buffers: Min: 15, Avg: 15.8, Max: 17, Diff: 2, Sum: 126]
      [Scan RS (ms): Min: 16.9, Avg: 17.5, Max: 18.4, Diff: 1.5, Sum: 139.9]
      [Code Root Scanning (ms): Min: 0.0, Avg: 0.0, Max: 0.0, Diff: 0.0, Sum: 0.0]
      [Object Copy (ms): Min: 138.2, Avg: 139.0, Max: 139.2, Diff: 1.0, Sum: 1112.2]
      [Termination (ms): Min: 0.0, Avg: 0.1, Max: 0.1, Diff: 0.1, Sum: 0.5]
         [Termination Attempts: Min: 1, Avg: 96.3, Max: 144, Diff: 143, Sum: 770]
      [GC Worker Other (ms): Min: 0.0, Avg: 0.0, Max: 0.0, Diff: 0.0, Sum: 0.1]
      [GC Worker Total (ms): Min: 169.9, Avg: 170.0, Max: 170.1, Diff: 0.2, Sum: 1360.0]
      [GC Worker End (ms): Min: 147372.2, Avg: 147372.2, Max: 147372.2, Diff: 0.0]
   [Code Root Fixup: 0.0 ms]
   [Code Root Purge: 0.0 ms]
   [Clear CT: 0.2 ms]
   [Other: 1.0 ms]
      [Choose CSet: 0.0 ms]
      [Ref Proc: 0.2 ms]
      [Ref Enq: 0.0 ms]
      [Redirty Cards: 0.2 ms]
      [Humongous Register: 0.0 ms]
      [Humongous Reclaim: 0.0 ms]
      [Free CSet: 0.3 ms]
   [Eden: 326.0M(326.0M)->0.0B(324.0M) Survivors: 6144.0K->42.0M Heap: 397.3M(2048.0M)->393.3M(2048.0M)]
 [Times: user=1.34 sys=0.00, real=0.17 secs] 
2020-09-29T12:13:22.584+0200: 147.553: [GC pause (G1 Evacuation Pause) (young), 0.2060232 secs]
   [Parallel Time: 204.8 ms, GC Workers: 8]
      [GC Worker Start (ms): Min: 147553.0, Avg: 147553.0, Max: 147553.1, Diff: 0.1]
      [Ext Root Scanning (ms): Min: 0.0, Avg: 0.1, Max: 0.1, Diff: 0.1, Sum: 0.5]
      [Update RS (ms): Min: 14.2, Avg: 14.5, Max: 14.7, Diff: 0.5, Sum: 115.8]
         [Processed Buffers: Min: 16, Avg: 16.8, Max: 18, Diff: 2, Sum: 134]
      [Scan RS (ms): Min: 18.8, Avg: 19.2, Max: 19.7, Diff: 0.8, Sum: 153.8]
      [Code Root Scanning (ms): Min: 0.0, Avg: 0.0, Max: 0.0, Diff: 0.0, Sum: 0.0]
      [Object Copy (ms): Min: 169.7, Avg: 170.0, Max: 170.6, Diff: 0.9, Sum: 1360.4]
      [Termination (ms): Min: 0.0, Avg: 0.8, Max: 1.0, Diff: 1.0, Sum: 6.1]
         [Termination Attempts: Min: 1, Avg: 5507.4, Max: 7079, Diff: 7078, Sum: 44059]
      [GC Worker Other (ms): Min: 0.0, Avg: 0.1, Max: 0.1, Diff: 0.1, Sum: 0.4]
      [GC Worker Total (ms): Min: 204.6, Avg: 204.6, Max: 204.7, Diff: 0.1, Sum: 1637.0]
      [GC Worker End (ms): Min: 147757.6, Avg: 147757.7, Max: 147757.7, Diff: 0.1]
   [Code Root Fixup: 0.0 ms]
   [Code Root Purge: 0.0 ms]
   [Clear CT: 0.2 ms]
   [Other: 1.1 ms]
      [Choose CSet: 0.0 ms]
      [Ref Proc: 0.1 ms]
      [Ref Enq: 0.0 ms]
      [Redirty Cards: 0.3 ms]
      [Humongous Register: 0.0 ms]
      [Humongous Reclaim: 0.0 ms]
      [Free CSet: 0.3 ms]
   [Eden: 324.0M(324.0M)->0.0B(290.0M) Survivors: 42.0M->46.0M Heap: 770.7M(2048.0M)->772.7M(2048.0M)]
 [Times: user=1.59 sys=0.00, real=0.21 secs] 
2020-09-29T12:13:22.949+0200: 147.918: [GC pause (G1 Evacuation Pause) (young), 0.1601906 secs]
   [Parallel Time: 158.2 ms, GC Workers: 8]
      [GC Worker Start (ms): Min: 147918.5, Avg: 147918.6, Max: 147918.6, Diff: 0.2]
      [Ext Root Scanning (ms): Min: 0.0, Avg: 0.1, Max: 0.2, Diff: 0.2, Sum: 0.5]
      [Update RS (ms): Min: 16.7, Avg: 16.8, Max: 16.9, Diff: 0.2, Sum: 134.4]
         [Processed Buffers: Min: 19, Avg: 20.6, Max: 22, Diff: 3, Sum: 165]
      [Scan RS (ms): Min: 14.0, Avg: 14.1, Max: 14.2, Diff: 0.2, Sum: 112.8]
      [Code Root Scanning (ms): Min: 0.0, Avg: 0.0, Max: 0.0, Diff: 0.0, Sum: 0.0]
      [Object Copy (ms): Min: 126.9, Avg: 127.0, Max: 127.0, Diff: 0.1, Sum: 1015.6]
      [Termination (ms): Min: 0.0, Avg: 0.0, Max: 0.0, Diff: 0.0, Sum: 0.3]
         [Termination Attempts: Min: 1, Avg: 230.4, Max: 299, Diff: 298, Sum: 1843]
      [GC Worker Other (ms): Min: 0.0, Avg: 0.0, Max: 0.1, Diff: 0.0, Sum: 0.3]
      [GC Worker Total (ms): Min: 157.9, Avg: 158.0, Max: 158.1, Diff: 0.2, Sum: 1263.9]
      [GC Worker End (ms): Min: 148076.5, Avg: 148076.5, Max: 148076.6, Diff: 0.0]
   [Code Root Fixup: 0.0 ms]
   [Code Root Purge: 0.0 ms]
   [Clear CT: 1.0 ms]
   [Other: 1.0 ms]
      [Choose CSet: 0.0 ms]
      [Ref Proc: 0.2 ms]
      [Ref Enq: 0.0 ms]
      [Redirty Cards: 0.4 ms]
      [Humongous Register: 0.0 ms]
      [Humongous Reclaim: 0.0 ms]
      [Free CSet: 0.2 ms]
   [Eden: 290.0M(290.0M)->0.0B(304.0M) Survivors: 46.0M->42.0M Heap: 1112.3M(2048.0M)->1114.8M(2048.0M)]
 [Times: user=1.25 sys=0.00, real=0.16 secs] 
2020-09-29T12:13:23.120+0200: 148.089: [GC pause (G1 Humongous Allocation) (young) (initial-mark), 0.0659970 secs]
   [Parallel Time: 64.6 ms, GC Workers: 8]
      [GC Worker Start (ms): Min: 148089.2, Avg: 148089.2, Max: 148089.4, Diff: 0.2]
      [Ext Root Scanning (ms): Min: 0.0, Avg: 0.4, Max: 1.4, Diff: 1.4, Sum: 3.0]
      [Update RS (ms): Min: 32.2, Avg: 33.0, Max: 33.5, Diff: 1.3, Sum: 264.0]
         [Processed Buffers: Min: 32, Avg: 40.6, Max: 44, Diff: 12, Sum: 325]
      [Scan RS (ms): Min: 2.4, Avg: 3.2, Max: 7.2, Diff: 4.8, Sum: 25.7]
      [Code Root Scanning (ms): Min: 0.0, Avg: 0.0, Max: 0.0, Diff: 0.0, Sum: 0.0]
      [Object Copy (ms): Min: 23.8, Avg: 27.6, Max: 28.2, Diff: 4.5, Sum: 221.0]
      [Termination (ms): Min: 0.0, Avg: 0.1, Max: 0.1, Diff: 0.1, Sum: 0.7]
         [Termination Attempts: Min: 1, Avg: 678.9, Max: 853, Diff: 852, Sum: 5431]
      [GC Worker Other (ms): Min: 0.0, Avg: 0.0, Max: 0.0, Diff: 0.0, Sum: 0.2]
      [GC Worker Total (ms): Min: 64.2, Avg: 64.3, Max: 64.4, Diff: 0.2, Sum: 514.6]
      [GC Worker End (ms): Min: 148153.6, Avg: 148153.6, Max: 148153.6, Diff: 0.0]
   [Code Root Fixup: 0.0 ms]
   [Code Root Purge: 0.0 ms]
   [Clear CT: 0.8 ms]
   [Other: 0.6 ms]
      [Choose CSet: 0.0 ms]
      [Ref Proc: 0.2 ms]
      [Ref Enq: 0.0 ms]
      [Redirty Cards: 0.1 ms]
      [Humongous Register: 0.0 ms]
      [Humongous Reclaim: 0.0 ms]
      [Free CSet: 0.1 ms]
   [Eden: 10.0M(304.0M)->0.0B(303.0M) Survivors: 42.0M->13.0M Heap: 1124.8M(2048.0M)->1129.3M(2048.0M)]
 [Times: user=0.48 sys=0.00, real=0.07 secs] 
2020-09-29T12:13:23.186+0200: 148.155: [GC concurrent-root-region-scan-start]
2020-09-29T12:13:23.189+0200: 148.158: [GC concurrent-root-region-scan-end, 0.0027210 secs]
2020-09-29T12:13:23.189+0200: 148.158: [GC concurrent-mark-start]
2020-09-29T12:13:23.191+0200: 148.160: [GC concurrent-mark-end, 0.0024127 secs]
2020-09-29T12:13:23.191+0200: 148.161: [GC remark 2020-09-29T12:13:23.191+0200: 148.161: [Finalize Marking, 0.0001200 secs] 2020-09-29T12:13:23.191+0200: 148.161: [GC ref-proc, 0.0002983 secs] 2020-09-29T12:13:23.192+0200: 148.161: [Unloading, 0.0003925 secs], 0.0011419 secs]
 [Times: user=0.00 sys=0.01, real=0.00 secs] 
2020-09-29T12:13:23.193+0200: 148.162: [GC cleanup 1142M->35M(2048M), 0.0010660 secs]
 [Times: user=0.00 sys=0.00, real=0.00 secs] 
2020-09-29T12:13:23.194+0200: 148.163: [GC concurrent-cleanup-start]
2020-09-29T12:13:23.195+0200: 148.165: [GC concurrent-cleanup-end, 0.0016301 secs]
2020-09-29T12:13:23.363+0200: 148.333: [GC pause (G1 Evacuation Pause) (young), 0.1873211 secs]
   [Parallel Time: 186.2 ms, GC Workers: 8]
      [GC Worker Start (ms): Min: 148332.8, Avg: 148332.9, Max: 148333.0, Diff: 0.2]
      [Ext Root Scanning (ms): Min: 0.0, Avg: 0.1, Max: 0.2, Diff: 0.2, Sum: 0.5]
      [Update RS (ms): Min: 25.1, Avg: 25.3, Max: 25.9, Diff: 0.9, Sum: 202.2]
         [Processed Buffers: Min: 22, Avg: 24.5, Max: 30, Diff: 8, Sum: 196]
      [Scan RS (ms): Min: 12.5, Avg: 13.1, Max: 13.3, Diff: 0.8, Sum: 105.1]
      [Code Root Scanning (ms): Min: 0.0, Avg: 0.0, Max: 0.0, Diff: 0.0, Sum: 0.0]
      [Object Copy (ms): Min: 146.6, Avg: 146.8, Max: 147.4, Diff: 0.8, Sum: 1174.7]
      [Termination (ms): Min: 0.0, Avg: 0.6, Max: 0.7, Diff: 0.7, Sum: 4.6]
         [Termination Attempts: Min: 1, Avg: 4298.4, Max: 5504, Diff: 5503, Sum: 34387]
      [GC Worker Other (ms): Min: 0.0, Avg: 0.0, Max: 0.0, Diff: 0.0, Sum: 0.2]
      [GC Worker Total (ms): Min: 185.8, Avg: 185.9, Max: 186.0, Diff: 0.2, Sum: 1487.3]
      [GC Worker End (ms): Min: 148518.8, Avg: 148518.9, Max: 148518.9, Diff: 0.0]
   [Code Root Fixup: 0.0 ms]
   [Code Root Purge: 0.0 ms]
   [Clear CT: 0.2 ms]
   [Other: 1.0 ms]
      [Choose CSet: 0.0 ms]
      [Ref Proc: 0.2 ms]
      [Ref Enq: 0.0 ms]
      [Redirty Cards: 0.3 ms]
      [Humongous Register: 0.0 ms]
      [Humongous Reclaim: 0.0 ms]
      [Free CSet: 0.3 ms]
   [Eden: 303.0M(303.0M)->0.0B(269.0M) Survivors: 13.0M->40.0M Heap: 377.5M(2048.0M)->366.5M(2048.0M)]
 [Times: user=1.31 sys=0.00, real=0.19 secs] 
2020-09-29T12:13:23.706+0200: 148.675: [GC pause (G1 Evacuation Pause) (young), 0.1536454 secs]
   [Parallel Time: 152.4 ms, GC Workers: 8]
      [GC Worker Start (ms): Min: 148675.6, Avg: 148675.6, Max: 148675.7, Diff: 0.2]
      [Ext Root Scanning (ms): Min: 0.0, Avg: 0.1, Max: 0.1, Diff: 0.1, Sum: 0.7]
      [Update RS (ms): Min: 18.8, Avg: 18.9, Max: 19.3, Diff: 0.5, Sum: 151.3]
         [Processed Buffers: Min: 17, Avg: 18.8, Max: 21, Diff: 4, Sum: 150]
      [Scan RS (ms): Min: 14.2, Avg: 14.5, Max: 14.7, Diff: 0.5, Sum: 116.3]
      [Code Root Scanning (ms): Min: 0.0, Avg: 0.0, Max: 0.0, Diff: 0.0, Sum: 0.0]
      [Object Copy (ms): Min: 118.6, Avg: 118.6, Max: 118.7, Diff: 0.1, Sum: 949.2]
      [Termination (ms): Min: 0.0, Avg: 0.0, Max: 0.0, Diff: 0.0, Sum: 0.0]
         [Termination Attempts: Min: 1, Avg: 16.8, Max: 24, Diff: 23, Sum: 134]
      [GC Worker Other (ms): Min: 0.0, Avg: 0.0, Max: 0.1, Diff: 0.1, Sum: 0.3]
      [GC Worker Total (ms): Min: 152.1, Avg: 152.2, Max: 152.3, Diff: 0.2, Sum: 1217.8]
      [GC Worker End (ms): Min: 148827.8, Avg: 148827.9, Max: 148827.9, Diff: 0.1]
   [Code Root Fixup: 0.0 ms]
   [Code Root Purge: 0.0 ms]
   [Clear CT: 0.2 ms]
   [Other: 1.1 ms]
      [Choose CSet: 0.0 ms]
      [Ref Proc: 0.3 ms]
      [Ref Enq: 0.0 ms]
      [Redirty Cards: 0.2 ms]
      [Humongous Register: 0.1 ms]
      [Humongous Reclaim: 0.0 ms]
      [Free CSet: 0.3 ms]
   [Eden: 269.0M(269.0M)->0.0B(280.0M) Survivors: 40.0M->39.0M Heap: 679.4M(2048.0M)->680.9M(2048.0M)]
 [Times: user=1.17 sys=0.00, real=0.15 secs] 
2020-09-29T12:13:24.019+0200: 148.989: [GC pause (G1 Evacuation Pause) (young), 0.1510777 secs]
   [Parallel Time: 150.1 ms, GC Workers: 8]
      [GC Worker Start (ms): Min: 148989.1, Avg: 148989.2, Max: 148989.3, Diff: 0.2]
      [Ext Root Scanning (ms): Min: 0.0, Avg: 0.1, Max: 0.2, Diff: 0.2, Sum: 0.7]
      [Update RS (ms): Min: 15.5, Avg: 15.6, Max: 16.0, Diff: 0.5, Sum: 124.8]
         [Processed Buffers: Min: 18, Avg: 18.1, Max: 19, Diff: 1, Sum: 145]
      [Scan RS (ms): Min: 13.5, Avg: 13.8, Max: 13.9, Diff: 0.4, Sum: 110.4]
      [Code Root Scanning (ms): Min: 0.0, Avg: 0.0, Max: 0.0, Diff: 0.0, Sum: 0.0]
      [Object Copy (ms): Min: 120.2, Avg: 120.3, Max: 120.3, Diff: 0.1, Sum: 962.2]
      [Termination (ms): Min: 0.0, Avg: 0.0, Max: 0.1, Diff: 0.1, Sum: 0.4]
         [Termination Attempts: Min: 1, Avg: 301.3, Max: 377, Diff: 376, Sum: 2410]
      [GC Worker Other (ms): Min: 0.0, Avg: 0.0, Max: 0.1, Diff: 0.0, Sum: 0.2]
      [GC Worker Total (ms): Min: 149.7, Avg: 149.8, Max: 150.0, Diff: 0.2, Sum: 1198.8]
      [GC Worker End (ms): Min: 149139.0, Avg: 149139.0, Max: 149139.0, Diff: 0.0]
   [Code Root Fixup: 0.0 ms]
   [Code Root Purge: 0.0 ms]
   [Clear CT: 0.2 ms]
   [Other: 0.8 ms]
      [Choose CSet: 0.0 ms]
      [Ref Proc: 0.1 ms]
      [Ref Enq: 0.0 ms]
      [Redirty Cards: 0.2 ms]
      [Humongous Register: 0.1 ms]
      [Humongous Reclaim: 0.0 ms]
      [Free CSet: 0.3 ms]
   [Eden: 280.0M(280.0M)->0.0B(296.0M) Survivors: 39.0M->40.0M Heap: 1008.6M(2048.0M)->1010.6M(2048.0M)]
 [Times: user=1.25 sys=0.00, real=0.15 secs] 
2020-09-29T12:13:24.174+0200: 149.143: [GC pause (G1 Humongous Allocation) (young) (initial-mark), 0.0734726 secs]
   [Parallel Time: 71.8 ms, GC Workers: 8]
      [GC Worker Start (ms): Min: 149143.7, Avg: 149143.7, Max: 149143.8, Diff: 0.2]
      [Ext Root Scanning (ms): Min: 0.0, Avg: 0.2, Max: 0.7, Diff: 0.7, Sum: 1.6]
      [Update RS (ms): Min: 39.3, Avg: 39.7, Max: 40.0, Diff: 0.8, Sum: 317.7]
         [Processed Buffers: Min: 48, Avg: 50.8, Max: 54, Diff: 6, Sum: 406]
      [Scan RS (ms): Min: 0.5, Avg: 0.7, Max: 1.0, Diff: 0.5, Sum: 5.8]
      [Code Root Scanning (ms): Min: 0.0, Avg: 0.0, Max: 0.0, Diff: 0.0, Sum: 0.0]
      [Object Copy (ms): Min: 30.7, Avg: 30.8, Max: 31.0, Diff: 0.3, Sum: 246.2]
      [Termination (ms): Min: 0.0, Avg: 0.3, Max: 0.4, Diff: 0.4, Sum: 2.4]
         [Termination Attempts: Min: 1, Avg: 1914.6, Max: 2273, Diff: 2272, Sum: 15317]
      [GC Worker Other (ms): Min: 0.0, Avg: 0.0, Max: 0.0, Diff: 0.0, Sum: 0.2]
      [GC Worker Total (ms): Min: 71.6, Avg: 71.7, Max: 71.8, Diff: 0.1, Sum: 573.8]
      [GC Worker End (ms): Min: 149215.4, Avg: 149215.4, Max: 149215.5, Diff: 0.0]
   [Code Root Fixup: 0.0 ms]
   [Code Root Purge: 0.0 ms]
   [Clear CT: 0.2 ms]
   [Other: 1.5 ms]
      [Choose CSet: 0.0 ms]
      [Ref Proc: 0.3 ms]
      [Ref Enq: 0.0 ms]
      [Redirty Cards: 0.7 ms]
      [Humongous Register: 0.1 ms]
      [Humongous Reclaim: 0.0 ms]
      [Free CSet: 0.1 ms]
   [Eden: 7168.0K(296.0M)->0.0B(265.0M) Survivors: 40.0M->9216.0K Heap: 1017.1M(2048.0M)->1021.1M(2048.0M)]
 [Times: user=0.61 sys=0.01, real=0.07 secs] 
2020-09-29T12:13:24.247+0200: 149.217: [GC concurrent-root-region-scan-start]
2020-09-29T12:13:24.251+0200: 149.221: [GC concurrent-root-region-scan-end, 0.0034943 secs]
2020-09-29T12:13:24.251+0200: 149.221: [GC concurrent-mark-start]
2020-09-29T12:13:24.256+0200: 149.226: [GC concurrent-mark-end, 0.0052039 secs]
2020-09-29T12:13:24.256+0200: 149.226: [GC remark 2020-09-29T12:13:24.256+0200: 149.226: [Finalize Marking, 0.0004224 secs] 2020-09-29T12:13:24.257+0200: 149.227: [GC ref-proc, 0.0004513 secs] 2020-09-29T12:13:24.257+0200: 149.227: [Unloading, 0.0007218 secs], 0.0021123 secs]
 [Times: user=0.00 sys=0.00, real=0.00 secs] 
2020-09-29T12:13:24.259+0200: 149.229: [GC cleanup 1037M->35M(2048M), 0.0020789 secs]
 [Times: user=0.00 sys=0.00, real=0.00 secs] 
2020-09-29T12:13:24.261+0200: 149.231: [GC concurrent-cleanup-start]
2020-09-29T12:13:24.263+0200: 149.233: [GC concurrent-cleanup-end, 0.0015315 secs]
2020-09-29T12:13:24.398+0200: 149.368: [GC pause (G1 Evacuation Pause) (young), 0.1353267 secs]
   [Parallel Time: 134.3 ms, GC Workers: 8]
      [GC Worker Start (ms): Min: 149367.8, Avg: 149367.9, Max: 149368.0, Diff: 0.2]
      [Ext Root Scanning (ms): Min: 0.0, Avg: 0.1, Max: 0.2, Diff: 0.2, Sum: 0.5]
      [Update RS (ms): Min: 16.2, Avg: 16.3, Max: 16.5, Diff: 0.3, Sum: 130.4]
         [Processed Buffers: Min: 16, Avg: 17.9, Max: 21, Diff: 5, Sum: 143]
      [Scan RS (ms): Min: 15.3, Avg: 15.7, Max: 15.9, Diff: 0.6, Sum: 125.2]
      [Code Root Scanning (ms): Min: 0.0, Avg: 0.0, Max: 0.0, Diff: 0.0, Sum: 0.0]
      [Object Copy (ms): Min: 101.8, Avg: 101.9, Max: 102.1, Diff: 0.4, Sum: 815.5]
      [Termination (ms): Min: 0.0, Avg: 0.1, Max: 0.1, Diff: 0.1, Sum: 0.9]
         [Termination Attempts: Min: 1, Avg: 788.1, Max: 1016, Diff: 1015, Sum: 6305]
      [GC Worker Other (ms): Min: 0.0, Avg: 0.0, Max: 0.1, Diff: 0.1, Sum: 0.3]
      [GC Worker Total (ms): Min: 134.0, Avg: 134.1, Max: 134.2, Diff: 0.2, Sum: 1072.7]
      [GC Worker End (ms): Min: 149502.0, Avg: 149502.0, Max: 149502.0, Diff: 0.1]
   [Code Root Fixup: 0.0 ms]
   [Code Root Purge: 0.0 ms]
   [Clear CT: 0.1 ms]
   [Other: 0.9 ms]
      [Choose CSet: 0.0 ms]
      [Ref Proc: 0.2 ms]
      [Ref Enq: 0.0 ms]
      [Redirty Cards: 0.2 ms]
      [Humongous Register: 0.0 ms]
      [Humongous Reclaim: 0.0 ms]
      [Free CSet: 0.2 ms]
   [Eden: 265.0M(265.0M)->0.0B(261.0M) Survivors: 9216.0K->35.0M Heap: 329.3M(2048.0M)->322.8M(2048.0M)]
 [Times: user=0.92 sys=0.06, real=0.13 secs] 
2020-09-29T12:13:24.664+0200: 149.634: [GC pause (G1 Evacuation Pause) (young), 0.1660594 secs]
   [Parallel Time: 165.0 ms, GC Workers: 8]
      [GC Worker Start (ms): Min: 149634.3, Avg: 149634.4, Max: 149634.5, Diff: 0.1]
      [Ext Root Scanning (ms): Min: 0.0, Avg: 0.1, Max: 0.2, Diff: 0.1, Sum: 0.7]
      [Update RS (ms): Min: 18.6, Avg: 18.8, Max: 19.0, Diff: 0.4, Sum: 150.4]
         [Processed Buffers: Min: 19, Avg: 21.0, Max: 23, Diff: 4, Sum: 168]
      [Scan RS (ms): Min: 12.0, Avg: 12.4, Max: 13.0, Diff: 1.0, Sum: 99.0]
      [Code Root Scanning (ms): Min: 0.0, Avg: 0.0, Max: 0.0, Diff: 0.0, Sum: 0.0]
      [Object Copy (ms): Min: 132.4, Avg: 133.3, Max: 133.6, Diff: 1.1, Sum: 1066.0]
      [Termination (ms): Min: 0.0, Avg: 0.2, Max: 0.2, Diff: 0.2, Sum: 1.4]
         [Termination Attempts: Min: 1, Avg: 1116.6, Max: 1327, Diff: 1326, Sum: 8933]
      [GC Worker Other (ms): Min: 0.0, Avg: 0.0, Max: 0.1, Diff: 0.1, Sum: 0.3]
      [GC Worker Total (ms): Min: 164.7, Avg: 164.7, Max: 164.8, Diff: 0.2, Sum: 1317.8]
      [GC Worker End (ms): Min: 149799.1, Avg: 149799.1, Max: 149799.2, Diff: 0.1]
   [Code Root Fixup: 0.0 ms]
   [Code Root Purge: 0.0 ms]
   [Clear CT: 0.2 ms]
   [Other: 0.9 ms]
      [Choose CSet: 0.0 ms]
      [Ref Proc: 0.1 ms]
      [Ref Enq: 0.0 ms]
      [Redirty Cards: 0.2 ms]
      [Humongous Register: 0.0 ms]
      [Humongous Reclaim: 0.0 ms]
      [Free CSet: 0.3 ms]
   [Eden: 261.0M(261.0M)->0.0B(266.0M) Survivors: 35.0M->37.0M Heap: 625.7M(2048.0M)->628.2M(2048.0M)]
 [Times: user=1.16 sys=0.00, real=0.17 secs] 
2020-09-29T12:13:25.157+0200: 150.127: [GC pause (G1 Evacuation Pause) (young), 0.5689241 secs]
   [Parallel Time: 566.4 ms, GC Workers: 8]
      [GC Worker Start (ms): Min: 150126.8, Avg: 150127.2, Max: 150129.4, Diff: 2.6]
      [Ext Root Scanning (ms): Min: 0.0, Avg: 0.2, Max: 0.4, Diff: 0.4, Sum: 1.7]
      [Update RS (ms): Min: 59.2, Avg: 61.4, Max: 62.3, Diff: 3.1, Sum: 491.4]
         [Processed Buffers: Min: 19, Avg: 24.3, Max: 28, Diff: 9, Sum: 194]
      [Scan RS (ms): Min: 32.9, Avg: 34.3, Max: 39.6, Diff: 6.7, Sum: 274.5]
      [Code Root Scanning (ms): Min: 0.0, Avg: 0.0, Max: 0.0, Diff: 0.0, Sum: 0.1]
      [Object Copy (ms): Min: 464.0, Avg: 469.1, Max: 470.3, Diff: 6.3, Sum: 3753.1]
      [Termination (ms): Min: 0.0, Avg: 0.5, Max: 0.8, Diff: 0.8, Sum: 4.1]
         [Termination Attempts: Min: 1, Avg: 1000.4, Max: 1351, Diff: 1350, Sum: 8003]
      [GC Worker Other (ms): Min: 0.0, Avg: 0.1, Max: 0.1, Diff: 0.1, Sum: 0.6]
      [GC Worker Total (ms): Min: 563.5, Avg: 565.7, Max: 566.2, Diff: 2.7, Sum: 4525.5]
      [GC Worker End (ms): Min: 150692.8, Avg: 150692.9, Max: 150693.0, Diff: 0.1]
   [Code Root Fixup: 0.0 ms]
   [Code Root Purge: 0.0 ms]
   [Clear CT: 0.4 ms]
   [Other: 2.1 ms]
      [Choose CSet: 0.0 ms]
      [Ref Proc: 0.5 ms]
      [Ref Enq: 0.0 ms]
      [Redirty Cards: 0.5 ms]
      [Humongous Register: 0.1 ms]
      [Humongous Reclaim: 0.0 ms]
      [Free CSet: 0.5 ms]
   [Eden: 266.0M(266.0M)->0.0B(66.0M) Survivors: 37.0M->38.0M Heap: 940.0M(2048.0M)->941.5M(2048.0M)]
 [Times: user=4.01 sys=0.00, real=0.57 secs] 
2020-09-29T12:13:25.922+0200: 150.891: [GC pause (G1 Evacuation Pause) (young), 0.2129222 secs]
   [Parallel Time: 210.9 ms, GC Workers: 8]
      [GC Worker Start (ms): Min: 150891.7, Avg: 150891.8, Max: 150891.9, Diff: 0.2]
      [Ext Root Scanning (ms): Min: 0.1, Avg: 0.2, Max: 0.3, Diff: 0.2, Sum: 1.6]
      [Update RS (ms): Min: 47.9, Avg: 48.9, Max: 49.5, Diff: 1.6, Sum: 391.6]
         [Processed Buffers: Min: 18, Avg: 19.6, Max: 22, Diff: 4, Sum: 157]
      [Scan RS (ms): Min: 6.9, Avg: 7.6, Max: 8.7, Diff: 1.8, Sum: 60.6]
      [Code Root Scanning (ms): Min: 0.0, Avg: 0.0, Max: 0.0, Diff: 0.0, Sum: 0.0]
      [Object Copy (ms): Min: 153.4, Avg: 153.6, Max: 153.8, Diff: 0.4, Sum: 1229.0]
      [Termination (ms): Min: 0.1, Avg: 0.2, Max: 0.2, Diff: 0.2, Sum: 1.5]
         [Termination Attempts: Min: 1, Avg: 116.8, Max: 171, Diff: 170, Sum: 934]
      [GC Worker Other (ms): Min: 0.0, Avg: 0.1, Max: 0.1, Diff: 0.1, Sum: 0.4]
      [GC Worker Total (ms): Min: 210.4, Avg: 210.6, Max: 210.7, Diff: 0.2, Sum: 1684.7]
      [GC Worker End (ms): Min: 151102.3, Avg: 151102.4, Max: 151102.5, Diff: 0.2]
   [Code Root Fixup: 0.0 ms]
   [Code Root Purge: 0.0 ms]
   [Clear CT: 0.6 ms]
   [Other: 1.5 ms]
      [Choose CSet: 0.0 ms]
      [Ref Proc: 0.3 ms]
      [Ref Enq: 0.0 ms]
      [Redirty Cards: 0.5 ms]
      [Humongous Register: 0.1 ms]
      [Humongous Reclaim: 0.0 ms]
      [Free CSet: 0.2 ms]
   [Eden: 66.0M(66.0M)->0.0B(89.0M) Survivors: 38.0M->13.0M Heap: 1017.1M(2048.0M)->1019.6M(2048.0M)]
 [Times: user=1.50 sys=0.00, real=0.21 secs] 
2020-09-29T12:13:26.136+0200: 151.106: [GC pause (G1 Humongous Allocation) (young) (initial-mark), 0.0823849 secs]
   [Parallel Time: 79.4 ms, GC Workers: 8]
      [GC Worker Start (ms): Min: 151106.0, Avg: 151106.2, Max: 151106.5, Diff: 0.5]
      [Ext Root Scanning (ms): Min: 0.0, Avg: 1.7, Max: 4.2, Diff: 4.1, Sum: 13.9]
      [Update RS (ms): Min: 42.3, Avg: 45.5, Max: 50.2, Diff: 7.9, Sum: 364.1]
         [Processed Buffers: Min: 17, Avg: 18.3, Max: 22, Diff: 5, Sum: 146]
      [Scan RS (ms): Min: 0.0, Avg: 0.0, Max: 0.0, Diff: 0.0, Sum: 0.0]
      [Code Root Scanning (ms): Min: 0.0, Avg: 0.0, Max: 0.0, Diff: 0.0, Sum: 0.0]
      [Object Copy (ms): Min: 27.9, Avg: 31.3, Max: 32.3, Diff: 4.5, Sum: 250.7]
      [Termination (ms): Min: 0.1, Avg: 0.3, Max: 0.3, Diff: 0.2, Sum: 2.1]
         [Termination Attempts: Min: 1, Avg: 396.8, Max: 509, Diff: 508, Sum: 3174]
      [GC Worker Other (ms): Min: 0.0, Avg: 0.0, Max: 0.1, Diff: 0.0, Sum: 0.2]
      [GC Worker Total (ms): Min: 78.6, Avg: 78.9, Max: 79.1, Diff: 0.5, Sum: 631.1]
      [GC Worker End (ms): Min: 151185.1, Avg: 151185.1, Max: 151185.1, Diff: 0.1]
   [Code Root Fixup: 0.0 ms]
   [Code Root Purge: 0.0 ms]
   [Clear CT: 0.4 ms]
   [Other: 2.5 ms]
      [Choose CSet: 0.0 ms]
      [Ref Proc: 1.4 ms]
      [Ref Enq: 0.0 ms]
      [Redirty Cards: 0.3 ms]
      [Humongous Register: 0.1 ms]
      [Humongous Reclaim: 0.0 ms]
      [Free CSet: 0.1 ms]
   [Eden: 1024.0K(89.0M)->0.0B(100.0M) Survivors: 13.0M->2048.0K Heap: 1020.1M(2048.0M)->1022.6M(2048.0M)]
 [Times: user=0.52 sys=0.00, real=0.08 secs] 
2020-09-29T12:13:26.219+0200: 151.188: [GC concurrent-root-region-scan-start]
2020-09-29T12:13:26.220+0200: 151.189: [GC concurrent-root-region-scan-end, 0.0006845 secs]
2020-09-29T12:13:26.220+0200: 151.189: [GC concurrent-mark-start]
2020-09-29T12:13:26.229+0200: 151.198: [GC concurrent-mark-end, 0.0083949 secs]
2020-09-29T12:13:26.230+0200: 151.199: [GC remark 2020-09-29T12:13:26.230+0200: 151.199: [Finalize Marking, 0.0006532 secs] 2020-09-29T12:13:26.230+0200: 151.200: [GC ref-proc, 0.0009679 secs] 2020-09-29T12:13:26.231+0200: 151.201: [Unloading, 0.0019742 secs], 0.0044078 secs]
 [Times: user=0.00 sys=0.00, real=0.00 secs] 
2020-09-29T12:13:26.235+0200: 151.204: [GC cleanup 1030M->19M(2048M), 0.0045636 secs]
 [Times: user=0.03 sys=0.02, real=0.01 secs] 
2020-09-29T12:13:26.240+0200: 151.209: [GC concurrent-cleanup-start]
2020-09-29T12:13:26.244+0200: 151.213: [GC concurrent-cleanup-end, 0.0040075 secs]
2020-09-29T12:13:26.401+0200: 151.371: [GC pause (G1 Evacuation Pause) (young), 0.2618176 secs]
   [Parallel Time: 259.5 ms, GC Workers: 8]
      [GC Worker Start (ms): Min: 151371.2, Avg: 151377.7, Max: 151403.9, Diff: 32.7]
      [Ext Root Scanning (ms): Min: 0.0, Avg: 0.2, Max: 0.4, Diff: 0.4, Sum: 1.2]
      [Update RS (ms): Min: 29.4, Avg: 58.4, Max: 77.7, Diff: 48.2, Sum: 467.2]
         [Processed Buffers: Min: 10, Avg: 20.1, Max: 25, Diff: 15, Sum: 161]
      [Scan RS (ms): Min: 0.0, Avg: 0.0, Max: 0.1, Diff: 0.1, Sum: 0.2]
      [Code Root Scanning (ms): Min: 0.0, Avg: 0.0, Max: 0.0, Diff: 0.0, Sum: 0.0]
      [Object Copy (ms): Min: 181.1, Avg: 194.0, Max: 197.3, Diff: 16.2, Sum: 1552.0]
      [Termination (ms): Min: 0.1, Avg: 0.3, Max: 0.4, Diff: 0.3, Sum: 2.2]
         [Termination Attempts: Min: 1, Avg: 377.3, Max: 604, Diff: 603, Sum: 3018]
      [GC Worker Other (ms): Min: 0.0, Avg: 0.0, Max: 0.0, Diff: 0.0, Sum: 0.2]
      [GC Worker Total (ms): Min: 226.6, Avg: 252.9, Max: 259.3, Diff: 32.7, Sum: 2022.9]
      [GC Worker End (ms): Min: 151630.5, Avg: 151630.5, Max: 151630.5, Diff: 0.1]
   [Code Root Fixup: 0.0 ms]
   [Code Root Purge: 0.0 ms]
   [Clear CT: 0.4 ms]
   [Other: 1.9 ms]
      [Choose CSet: 0.0 ms]
      [Ref Proc: 0.6 ms]
      [Ref Enq: 0.0 ms]
      [Redirty Cards: 0.5 ms]
      [Humongous Register: 0.1 ms]
      [Humongous Reclaim: 0.0 ms]
      [Free CSet: 0.2 ms]
   [Eden: 100.0M(100.0M)->0.0B(89.0M) Survivors: 2048.0K->13.0M Heap: 128.7M(2048.0M)->129.2M(2048.0M)]
 [Times: user=1.55 sys=0.01, real=0.26 secs] 
2020-09-29T12:13:26.792+0200: 151.761: [GC pause (G1 Evacuation Pause) (young), 0.1785113 secs]
   [Parallel Time: 176.4 ms, GC Workers: 8]
      [GC Worker Start (ms): Min: 151761.4, Avg: 151761.5, Max: 151761.7, Diff: 0.3]
      [Ext Root Scanning (ms): Min: 0.0, Avg: 0.2, Max: 0.3, Diff: 0.3, Sum: 1.3]
      [Update RS (ms): Min: 33.2, Avg: 33.9, Max: 35.5, Diff: 2.3, Sum: 270.8]
         [Processed Buffers: Min: 11, Avg: 13.8, Max: 16, Diff: 5, Sum: 110]
      [Scan RS (ms): Min: 3.6, Avg: 5.5, Max: 6.8, Diff: 3.1, Sum: 44.2]
      [Code Root Scanning (ms): Min: 0.0, Avg: 0.0, Max: 0.0, Diff: 0.0, Sum: 0.0]
      [Object Copy (ms): Min: 134.8, Avg: 136.1, Max: 136.4, Diff: 1.6, Sum: 1089.1]
      [Termination (ms): Min: 0.0, Avg: 0.2, Max: 0.2, Diff: 0.2, Sum: 1.3]
         [Termination Attempts: Min: 1, Avg: 291.8, Max: 371, Diff: 370, Sum: 2334]
      [GC Worker Other (ms): Min: 0.0, Avg: 0.0, Max: 0.1, Diff: 0.1, Sum: 0.4]
      [GC Worker Total (ms): Min: 175.7, Avg: 175.9, Max: 176.1, Diff: 0.4, Sum: 1407.1]
      [GC Worker End (ms): Min: 151937.4, Avg: 151937.4, Max: 151937.5, Diff: 0.1]
   [Code Root Fixup: 0.0 ms]
   [Code Root Purge: 0.0 ms]
   [Clear CT: 0.5 ms]
   [Other: 1.6 ms]
      [Choose CSet: 0.0 ms]
      [Ref Proc: 0.4 ms]
      [Ref Enq: 0.0 ms]
      [Redirty Cards: 0.6 ms]
      [Humongous Register: 0.1 ms]
      [Humongous Reclaim: 0.0 ms]
      [Free CSet: 0.1 ms]
   [Eden: 89.0M(89.0M)->0.0B(89.0M) Survivors: 13.0M->13.0M Heap: 233.4M(2048.0M)->236.4M(2048.0M)]
 [Times: user=1.19 sys=0.00, real=0.18 secs] 
2020-09-29T12:13:27.090+0200: 152.060: [GC pause (G1 Evacuation Pause) (young), 0.1575922 secs]
   [Parallel Time: 155.2 ms, GC Workers: 8]
      [GC Worker Start (ms): Min: 152060.0, Avg: 152060.3, Max: 152061.1, Diff: 1.1]
      [Ext Root Scanning (ms): Min: 0.0, Avg: 0.1, Max: 0.3, Diff: 0.3, Sum: 1.2]
      [Update RS (ms): Min: 33.9, Avg: 35.0, Max: 36.4, Diff: 2.4, Sum: 280.1]
         [Processed Buffers: Min: 14, Avg: 15.6, Max: 17, Diff: 3, Sum: 125]
      [Scan RS (ms): Min: 2.1, Avg: 3.3, Max: 4.0, Diff: 1.8, Sum: 26.1]
      [Code Root Scanning (ms): Min: 0.0, Avg: 0.0, Max: 0.0, Diff: 0.0, Sum: 0.0]
      [Object Copy (ms): Min: 115.8, Avg: 115.9, Max: 116.0, Diff: 0.2, Sum: 927.4]
      [Termination (ms): Min: 0.0, Avg: 0.0, Max: 0.0, Diff: 0.0, Sum: 0.2]
         [Termination Attempts: Min: 1, Avg: 55.8, Max: 74, Diff: 73, Sum: 446]
      [GC Worker Other (ms): Min: 0.0, Avg: 0.0, Max: 0.1, Diff: 0.1, Sum: 0.3]
      [GC Worker Total (ms): Min: 153.7, Avg: 154.4, Max: 154.8, Diff: 1.1, Sum: 1235.4]
      [GC Worker End (ms): Min: 152214.8, Avg: 152214.8, Max: 152214.8, Diff: 0.1]
   [Code Root Fixup: 0.0 ms]
   [Code Root Purge: 0.0 ms]
   [Clear CT: 0.5 ms]
   [Other: 1.9 ms]
      [Choose CSet: 0.0 ms]
      [Ref Proc: 0.6 ms]
      [Ref Enq: 0.0 ms]
      [Redirty Cards: 0.5 ms]
      [Humongous Register: 0.1 ms]
      [Humongous Reclaim: 0.0 ms]
      [Free CSet: 0.2 ms]
   [Eden: 89.0M(89.0M)->0.0B(89.0M) Survivors: 13.0M->13.0M Heap: 340.7M(2048.0M)->342.7M(2048.0M)]
 [Times: user=1.25 sys=0.00, real=0.16 secs] 
2020-09-29T12:13:27.420+0200: 152.390: [GC pause (G1 Evacuation Pause) (young), 0.2574969 secs]
   [Parallel Time: 255.1 ms, GC Workers: 8]
      [GC Worker Start (ms): Min: 152389.8, Avg: 152394.3, Max: 152424.1, Diff: 34.4]
      [Ext Root Scanning (ms): Min: 0.0, Avg: 0.2, Max: 0.3, Diff: 0.3, Sum: 1.4]
      [Update RS (ms): Min: 0.0, Avg: 27.6, Max: 32.0, Diff: 32.0, Sum: 220.7]
         [Processed Buffers: Min: 0, Avg: 12.0, Max: 15, Diff: 15, Sum: 96]
      [Scan RS (ms): Min: 7.1, Avg: 12.3, Max: 34.6, Diff: 27.4, Sum: 98.7]
      [Code Root Scanning (ms): Min: 0.0, Avg: 0.0, Max: 0.0, Diff: 0.0, Sum: 0.0]
      [Object Copy (ms): Min: 188.1, Avg: 210.0, Max: 213.2, Diff: 25.1, Sum: 1679.8]
      [Termination (ms): Min: 0.0, Avg: 0.1, Max: 0.2, Diff: 0.2, Sum: 1.0]
         [Termination Attempts: Min: 1, Avg: 283.0, Max: 351, Diff: 350, Sum: 2264]
      [GC Worker Other (ms): Min: 0.0, Avg: 0.0, Max: 0.1, Diff: 0.1, Sum: 0.4]
      [GC Worker Total (ms): Min: 220.4, Avg: 250.3, Max: 254.8, Diff: 34.4, Sum: 2002.1]
      [GC Worker End (ms): Min: 152644.5, Avg: 152644.6, Max: 152644.6, Diff: 0.1]
   [Code Root Fixup: 0.0 ms]
   [Code Root Purge: 0.0 ms]
   [Clear CT: 0.5 ms]
   [Other: 1.9 ms]
      [Choose CSet: 0.0 ms]
      [Ref Proc: 0.5 ms]
      [Ref Enq: 0.0 ms]
      [Redirty Cards: 0.6 ms]
      [Humongous Register: 0.1 ms]
      [Humongous Reclaim: 0.0 ms]
      [Free CSet: 0.2 ms]
   [Eden: 89.0M(89.0M)->0.0B(89.0M) Survivors: 13.0M->13.0M Heap: 446.9M(2048.0M)->448.4M(2048.0M)]
 [Times: user=1.45 sys=0.05, real=0.26 secs] 
2020-09-29T12:13:27.819+0200: 152.789: [GC pause (G1 Evacuation Pause) (young), 0.2031966 secs]
   [Parallel Time: 201.0 ms, GC Workers: 8]
      [GC Worker Start (ms): Min: 152789.1, Avg: 152789.9, Max: 152793.0, Diff: 3.8]
      [Ext Root Scanning (ms): Min: 0.0, Avg: 0.2, Max: 0.4, Diff: 0.4, Sum: 1.4]
      [Update RS (ms): Min: 26.6, Avg: 30.0, Max: 31.2, Diff: 4.6, Sum: 240.2]
         [Processed Buffers: Min: 8, Avg: 11.3, Max: 14, Diff: 6, Sum: 90]
      [Scan RS (ms): Min: 9.2, Avg: 10.0, Max: 12.3, Diff: 3.1, Sum: 80.3]
      [Code Root Scanning (ms): Min: 0.0, Avg: 0.0, Max: 0.0, Diff: 0.0, Sum: 0.0]
      [Object Copy (ms): Min: 157.5, Avg: 159.5, Max: 160.0, Diff: 2.5, Sum: 1275.7]
      [Termination (ms): Min: 0.0, Avg: 0.3, Max: 0.4, Diff: 0.4, Sum: 2.5]
         [Termination Attempts: Min: 1, Avg: 241.0, Max: 335, Diff: 334, Sum: 1928]
      [GC Worker Other (ms): Min: 0.0, Avg: 0.0, Max: 0.1, Diff: 0.0, Sum: 0.2]
      [GC Worker Total (ms): Min: 197.1, Avg: 200.0, Max: 200.9, Diff: 3.8, Sum: 1600.3]
      [GC Worker End (ms): Min: 152989.9, Avg: 152990.0, Max: 152990.0, Diff: 0.1]
   [Code Root Fixup: 0.0 ms]
   [Code Root Purge: 0.0 ms]
   [Clear CT: 0.6 ms]
   [Other: 1.7 ms]
      [Choose CSet: 0.0 ms]
      [Ref Proc: 0.4 ms]
      [Ref Enq: 0.0 ms]
      [Redirty Cards: 0.5 ms]
      [Humongous Register: 0.1 ms]
      [Humongous Reclaim: 0.0 ms]
      [Free CSet: 0.3 ms]
   [Eden: 89.0M(89.0M)->0.0B(89.0M) Survivors: 13.0M->13.0M Heap: 550.8M(2048.0M)->552.8M(2048.0M)]
 [Times: user=1.24 sys=0.00, real=0.20 secs] 
2020-09-29T12:13:28.177+0200: 153.146: [GC pause (G1 Evacuation Pause) (young), 0.1626300 secs]
   [Parallel Time: 160.0 ms, GC Workers: 8]
      [GC Worker Start (ms): Min: 153146.5, Avg: 153146.8, Max: 153147.4, Diff: 0.9]
      [Ext Root Scanning (ms): Min: 0.0, Avg: 0.2, Max: 0.3, Diff: 0.3, Sum: 1.5]
      [Update RS (ms): Min: 21.0, Avg: 21.7, Max: 22.2, Diff: 1.1, Sum: 173.9]
         [Processed Buffers: Min: 9, Avg: 9.8, Max: 11, Diff: 2, Sum: 78]
      [Scan RS (ms): Min: 8.9, Avg: 9.3, Max: 9.6, Diff: 0.6, Sum: 74.1]
      [Code Root Scanning (ms): Min: 0.0, Avg: 0.0, Max: 0.0, Diff: 0.0, Sum: 0.0]
      [Object Copy (ms): Min: 128.0, Avg: 128.0, Max: 128.2, Diff: 0.2, Sum: 1024.4]
      [Termination (ms): Min: 0.1, Avg: 0.2, Max: 0.3, Diff: 0.2, Sum: 1.3]
         [Termination Attempts: Min: 1, Avg: 152.0, Max: 204, Diff: 203, Sum: 1216]
      [GC Worker Other (ms): Min: 0.0, Avg: 0.0, Max: 0.0, Diff: 0.0, Sum: 0.2]
      [GC Worker Total (ms): Min: 158.8, Avg: 159.4, Max: 159.7, Diff: 0.9, Sum: 1275.4]
      [GC Worker End (ms): Min: 153306.2, Avg: 153306.2, Max: 153306.3, Diff: 0.1]
   [Code Root Fixup: 0.0 ms]
   [Code Root Purge: 0.0 ms]
   [Clear CT: 0.7 ms]
   [Other: 1.9 ms]
      [Choose CSet: 0.0 ms]
      [Ref Proc: 0.6 ms]
      [Ref Enq: 0.0 ms]
      [Redirty Cards: 0.6 ms]
      [Humongous Register: 0.1 ms]
      [Humongous Reclaim: 0.0 ms]
      [Free CSet: 0.2 ms]
   [Eden: 89.0M(89.0M)->0.0B(89.0M) Survivors: 13.0M->13.0M Heap: 657.1M(2048.0M)->658.1M(2048.0M)]
 [Times: user=1.13 sys=0.00, real=0.16 secs] 
2020-09-29T12:13:28.503+0200: 153.472: [GC pause (G1 Evacuation Pause) (young), 0.2390958 secs]
   [Parallel Time: 236.2 ms, GC Workers: 8]
      [GC Worker Start (ms): Min: 153472.5, Avg: 153477.1, Max: 153505.9, Diff: 33.4]
      [Ext Root Scanning (ms): Min: 0.0, Avg: 0.3, Max: 1.0, Diff: 1.0, Sum: 2.2]
      [Update RS (ms): Min: 0.0, Avg: 24.0, Max: 28.0, Diff: 28.0, Sum: 191.7]
         [Processed Buffers: Min: 0, Avg: 9.5, Max: 15, Diff: 15, Sum: 76]
      [Scan RS (ms): Min: 7.2, Avg: 12.1, Max: 14.0, Diff: 6.8, Sum: 96.5]
      [Code Root Scanning (ms): Min: 0.0, Avg: 0.0, Max: 0.0, Diff: 0.0, Sum: 0.0]
      [Object Copy (ms): Min: 192.3, Avg: 194.7, Max: 195.4, Diff: 3.1, Sum: 1558.0]
      [Termination (ms): Min: 0.0, Avg: 0.2, Max: 0.2, Diff: 0.2, Sum: 1.3]
         [Termination Attempts: Min: 1, Avg: 184.6, Max: 257, Diff: 256, Sum: 1477]
      [GC Worker Other (ms): Min: 0.0, Avg: 0.0, Max: 0.0, Diff: 0.0, Sum: 0.2]
      [GC Worker Total (ms): Min: 202.5, Avg: 231.2, Max: 235.9, Diff: 33.4, Sum: 1849.9]
      [GC Worker End (ms): Min: 153708.3, Avg: 153708.4, Max: 153708.4, Diff: 0.1]
   [Code Root Fixup: 0.0 ms]
   [Code Root Purge: 0.0 ms]
   [Clear CT: 0.9 ms]
   [Other: 2.0 ms]
      [Choose CSet: 0.0 ms]
      [Ref Proc: 0.8 ms]
      [Ref Enq: 0.0 ms]
      [Redirty Cards: 0.5 ms]
      [Humongous Register: 0.1 ms]
      [Humongous Reclaim: 0.0 ms]
      [Free CSet: 0.3 ms]
   [Eden: 89.0M(89.0M)->0.0B(89.0M) Survivors: 13.0M->13.0M Heap: 762.3M(2048.0M)->764.3M(2048.0M)]
 [Times: user=1.33 sys=0.02, real=0.24 secs] 
2020-09-29T12:13:28.900+0200: 153.869: [GC pause (G1 Evacuation Pause) (young), 0.1922767 secs]
   [Parallel Time: 189.0 ms, GC Workers: 8]
      [GC Worker Start (ms): Min: 153869.5, Avg: 153874.1, Max: 153903.4, Diff: 33.8]
      [Ext Root Scanning (ms): Min: 0.0, Avg: 0.2, Max: 0.5, Diff: 0.5, Sum: 1.3]
      [Update RS (ms): Min: 0.0, Avg: 21.3, Max: 26.4, Diff: 26.4, Sum: 170.5]
         [Processed Buffers: Min: 0, Avg: 9.0, Max: 14, Diff: 14, Sum: 72]
      [Scan RS (ms): Min: 3.8, Avg: 11.6, Max: 13.7, Diff: 9.8, Sum: 92.7]
      [Code Root Scanning (ms): Min: 0.0, Avg: 0.0, Max: 0.0, Diff: 0.0, Sum: 0.0]
      [Object Copy (ms): Min: 150.6, Avg: 151.0, Max: 151.2, Diff: 0.6, Sum: 1207.8]
      [Termination (ms): Min: 0.0, Avg: 0.1, Max: 0.4, Diff: 0.4, Sum: 0.8]
         [Termination Attempts: Min: 1, Avg: 116.1, Max: 152, Diff: 151, Sum: 929]
      [GC Worker Other (ms): Min: 0.0, Avg: 0.0, Max: 0.1, Diff: 0.0, Sum: 0.3]
      [GC Worker Total (ms): Min: 154.9, Avg: 184.2, Max: 188.7, Diff: 33.8, Sum: 1473.4]
      [GC Worker End (ms): Min: 154058.2, Avg: 154058.3, Max: 154058.3, Diff: 0.0]
   [Code Root Fixup: 0.0 ms]
   [Code Root Purge: 0.0 ms]
   [Clear CT: 0.4 ms]
   [Other: 2.8 ms]
      [Choose CSet: 0.0 ms]
      [Ref Proc: 0.5 ms]
      [Ref Enq: 0.0 ms]
      [Redirty Cards: 1.6 ms]
      [Humongous Register: 0.1 ms]
      [Humongous Reclaim: 0.0 ms]
      [Free CSet: 0.2 ms]
   [Eden: 89.0M(89.0M)->0.0B(89.0M) Survivors: 13.0M->13.0M Heap: 868.6M(2048.0M)->870.6M(2048.0M)]
 [Times: user=1.31 sys=0.02, real=0.19 secs] 
2020-09-29T12:13:29.233+0200: 154.202: [GC pause (G1 Evacuation Pause) (young), 0.2544748 secs]
   [Parallel Time: 252.1 ms, GC Workers: 8]
      [GC Worker Start (ms): Min: 154202.6, Avg: 154207.3, Max: 154239.4, Diff: 36.8]
      [Ext Root Scanning (ms): Min: 0.0, Avg: 0.5, Max: 2.4, Diff: 2.3, Sum: 3.8]
      [Update RS (ms): Min: 0.0, Avg: 19.0, Max: 23.1, Diff: 23.1, Sum: 152.0]
         [Processed Buffers: Min: 0, Avg: 6.9, Max: 9, Diff: 9, Sum: 55]
      [Scan RS (ms): Min: 2.5, Avg: 16.2, Max: 19.8, Diff: 17.3, Sum: 129.7]
      [Code Root Scanning (ms): Min: 0.0, Avg: 0.0, Max: 0.0, Diff: 0.0, Sum: 0.0]
      [Object Copy (ms): Min: 209.7, Avg: 210.9, Max: 211.9, Diff: 2.2, Sum: 1686.9]
      [Termination (ms): Min: 0.1, Avg: 0.4, Max: 0.8, Diff: 0.7, Sum: 3.4]
         [Termination Attempts: Min: 1, Avg: 803.4, Max: 1093, Diff: 1092, Sum: 6427]
      [GC Worker Other (ms): Min: 0.0, Avg: 0.0, Max: 0.0, Diff: 0.0, Sum: 0.2]
      [GC Worker Total (ms): Min: 214.8, Avg: 247.0, Max: 251.7, Diff: 36.8, Sum: 1976.1]
      [GC Worker End (ms): Min: 154454.2, Avg: 154454.3, Max: 154454.3, Diff: 0.1]
   [Code Root Fixup: 0.0 ms]
   [Code Root Purge: 0.0 ms]
   [Clear CT: 0.5 ms]
   [Other: 1.9 ms]
      [Choose CSet: 0.0 ms]
      [Ref Proc: 0.6 ms]
      [Ref Enq: 0.0 ms]
      [Redirty Cards: 0.7 ms]
      [Humongous Register: 0.1 ms]
      [Humongous Reclaim: 0.0 ms]
      [Free CSet: 0.3 ms]
   [Eden: 89.0M(89.0M)->0.0B(89.0M) Survivors: 13.0M->13.0M Heap: 972.9M(2048.0M)->974.4M(2048.0M)]
 [Times: user=1.44 sys=0.00, real=0.25 secs] 
2020-09-29T12:13:29.504+0200: 154.474: [GC pause (G1 Humongous Allocation) (young) (initial-mark), 0.0509818 secs]
   [Parallel Time: 47.4 ms, GC Workers: 8]
      [GC Worker Start (ms): Min: 154474.6, Avg: 154474.8, Max: 154475.1, Diff: 0.5]
      [Ext Root Scanning (ms): Min: 0.0, Avg: 0.8, Max: 2.2, Diff: 2.1, Sum: 6.4]
      [Update RS (ms): Min: 22.6, Avg: 24.7, Max: 26.3, Diff: 3.7, Sum: 197.9]
         [Processed Buffers: Min: 9, Avg: 10.8, Max: 12, Diff: 3, Sum: 86]
      [Scan RS (ms): Min: 1.1, Avg: 2.2, Max: 3.0, Diff: 1.9, Sum: 17.5]
      [Code Root Scanning (ms): Min: 0.0, Avg: 0.0, Max: 0.0, Diff: 0.0, Sum: 0.0]
      [Object Copy (ms): Min: 19.0, Avg: 19.0, Max: 19.1, Diff: 0.2, Sum: 152.3]
      [Termination (ms): Min: 0.0, Avg: 0.1, Max: 0.2, Diff: 0.2, Sum: 1.1]
         [Termination Attempts: Min: 1, Avg: 10.6, Max: 19, Diff: 18, Sum: 85]
      [GC Worker Other (ms): Min: 0.0, Avg: 0.0, Max: 0.0, Diff: 0.0, Sum: 0.2]
      [GC Worker Total (ms): Min: 46.6, Avg: 46.9, Max: 47.1, Diff: 0.4, Sum: 375.3]
      [GC Worker End (ms): Min: 154521.6, Avg: 154521.7, Max: 154521.7, Diff: 0.1]
   [Code Root Fixup: 0.0 ms]
   [Code Root Purge: 0.0 ms]
   [Clear CT: 1.7 ms]
   [Other: 1.9 ms]
      [Choose CSet: 0.0 ms]
      [Ref Proc: 0.7 ms]
      [Ref Enq: 0.0 ms]
      [Redirty Cards: 0.4 ms]
      [Humongous Register: 0.1 ms]
      [Humongous Reclaim: 0.0 ms]
      [Free CSet: 0.1 ms]
   [Eden: 1024.0K(89.0M)->0.0B(99.0M) Survivors: 13.0M->3072.0K Heap: 975.4M(2048.0M)->979.9M(2048.0M)]
 [Times: user=0.34 sys=0.00, real=0.05 secs] 
2020-09-29T12:13:29.556+0200: 154.526: [GC concurrent-root-region-scan-start]
2020-09-29T12:13:29.557+0200: 154.527: [GC concurrent-root-region-scan-end, 0.0010661 secs]
2020-09-29T12:13:29.557+0200: 154.527: [GC concurrent-mark-start]
2020-09-29T12:13:29.568+0200: 154.538: [GC concurrent-mark-end, 0.0109740 secs]
2020-09-29T12:13:29.569+0200: 154.539: [GC remark 2020-09-29T12:13:29.569+0200: 154.539: [Finalize Marking, 0.0009443 secs] 2020-09-29T12:13:29.570+0200: 154.540: [GC ref-proc, 0.0010327 secs] 2020-09-29T12:13:29.571+0200: 154.541: [Unloading, 0.0012336 secs], 0.0045698 secs]
 [Times: user=0.00 sys=0.00, real=0.00 secs] 
2020-09-29T12:13:29.575+0200: 154.544: [GC cleanup 989M->22M(2048M), 0.0043486 secs]
 [Times: user=0.00 sys=0.00, real=0.00 secs] 
2020-09-29T12:13:29.579+0200: 154.549: [GC concurrent-cleanup-start]
2020-09-29T12:13:29.582+0200: 154.552: [GC concurrent-cleanup-end, 0.0033022 secs]
2020-09-29T12:13:29.768+0200: 154.738: [GC pause (G1 Evacuation Pause) (young), 0.2201553 secs]
   [Parallel Time: 217.5 ms, GC Workers: 8]
      [GC Worker Start (ms): Min: 154738.5, Avg: 154739.8, Max: 154747.7, Diff: 9.2]
      [Ext Root Scanning (ms): Min: 0.0, Avg: 0.2, Max: 0.3, Diff: 0.3, Sum: 1.5]
      [Update RS (ms): Min: 7.9, Avg: 16.2, Max: 18.3, Diff: 10.4, Sum: 129.3]
         [Processed Buffers: Min: 6, Avg: 6.8, Max: 8, Diff: 2, Sum: 54]
      [Scan RS (ms): Min: 11.1, Avg: 12.3, Max: 12.9, Diff: 1.7, Sum: 98.0]
      [Code Root Scanning (ms): Min: 0.0, Avg: 0.0, Max: 0.0, Diff: 0.0, Sum: 0.0]
      [Object Copy (ms): Min: 186.9, Avg: 187.1, Max: 187.2, Diff: 0.3, Sum: 1496.9]
      [Termination (ms): Min: 0.0, Avg: 0.1, Max: 0.2, Diff: 0.2, Sum: 0.9]
         [Termination Attempts: Min: 1, Avg: 285.5, Max: 393, Diff: 392, Sum: 2284]
      [GC Worker Other (ms): Min: 0.0, Avg: 0.0, Max: 0.1, Diff: 0.0, Sum: 0.3]
      [GC Worker Total (ms): Min: 207.9, Avg: 215.9, Max: 217.1, Diff: 9.2, Sum: 1727.1]
      [GC Worker End (ms): Min: 154955.7, Avg: 154955.7, Max: 154955.7, Diff: 0.0]
   [Code Root Fixup: 0.0 ms]
   [Code Root Purge: 0.0 ms]
   [Clear CT: 0.4 ms]
   [Other: 2.3 ms]
      [Choose CSet: 0.0 ms]
      [Ref Proc: 0.9 ms]
      [Ref Enq: 0.0 ms]
      [Redirty Cards: 0.5 ms]
      [Humongous Register: 0.1 ms]
      [Humongous Reclaim: 0.0 ms]
      [Free CSet: 0.2 ms]
   [Eden: 99.0M(99.0M)->0.0B(89.0M) Survivors: 3072.0K->13.0M Heap: 129.2M(2048.0M)->130.2M(2048.0M)]
 [Times: user=1.42 sys=0.00, real=0.22 secs] 
2020-09-29T12:13:30.227+0200: 155.197: [GC pause (G1 Evacuation Pause) (young), 0.3266151 secs]
   [Parallel Time: 323.4 ms, GC Workers: 8]
      [GC Worker Start (ms): Min: 155197.6, Avg: 155199.3, Max: 155204.1, Diff: 6.4]
      [Ext Root Scanning (ms): Min: 0.0, Avg: 0.2, Max: 1.1, Diff: 1.1, Sum: 1.5]
      [Update RS (ms): Min: 22.9, Avg: 28.3, Max: 32.2, Diff: 9.3, Sum: 226.2]
         [Processed Buffers: Min: 7, Avg: 7.9, Max: 10, Diff: 3, Sum: 63]
      [Scan RS (ms): Min: 27.3, Avg: 29.6, Max: 34.4, Diff: 7.1, Sum: 236.8]
      [Code Root Scanning (ms): Min: 0.0, Avg: 0.0, Max: 0.0, Diff: 0.0, Sum: 0.0]
      [Object Copy (ms): Min: 258.9, Avg: 262.8, Max: 264.4, Diff: 5.5, Sum: 2102.7]
      [Termination (ms): Min: 0.2, Avg: 0.5, Max: 0.9, Diff: 0.7, Sum: 3.7]
         [Termination Attempts: Min: 1, Avg: 345.1, Max: 484, Diff: 483, Sum: 2761]
      [GC Worker Other (ms): Min: 0.0, Avg: 0.0, Max: 0.1, Diff: 0.0, Sum: 0.3]
      [GC Worker Total (ms): Min: 316.7, Avg: 321.4, Max: 323.1, Diff: 6.3, Sum: 2571.4]
      [GC Worker End (ms): Min: 155520.7, Avg: 155520.7, Max: 155520.8, Diff: 0.2]
   [Code Root Fixup: 0.0 ms]
   [Code Root Purge: 0.0 ms]
   [Clear CT: 0.6 ms]
   [Other: 2.7 ms]
      [Choose CSet: 0.0 ms]
      [Ref Proc: 0.8 ms]
      [Ref Enq: 0.0 ms]
      [Redirty Cards: 0.6 ms]
      [Humongous Register: 0.2 ms]
      [Humongous Reclaim: 0.0 ms]
      [Free CSet: 0.4 ms]
   [Eden: 89.0M(89.0M)->0.0B(89.0M) Survivors: 13.0M->13.0M Heap: 234.4M(2048.0M)->234.9M(2048.0M)]
 [Times: user=1.92 sys=0.03, real=0.33 secs] 
2020-09-29T12:13:30.851+0200: 155.820: [GC pause (G1 Evacuation Pause) (young), 0.2594844 secs]
   [Parallel Time: 256.7 ms, GC Workers: 8]
      [GC Worker Start (ms): Min: 155820.7, Avg: 155820.9, Max: 155821.0, Diff: 0.3]
      [Ext Root Scanning (ms): Min: 0.2, Avg: 0.3, Max: 0.4, Diff: 0.3, Sum: 2.2]
      [Update RS (ms): Min: 21.2, Avg: 22.1, Max: 24.7, Diff: 3.5, Sum: 176.6]
         [Processed Buffers: Min: 6, Avg: 7.5, Max: 11, Diff: 5, Sum: 60]
      [Scan RS (ms): Min: 20.0, Avg: 22.5, Max: 23.3, Diff: 3.3, Sum: 179.6]
      [Code Root Scanning (ms): Min: 0.0, Avg: 0.0, Max: 0.0, Diff: 0.0, Sum: 0.0]
      [Object Copy (ms): Min: 210.5, Avg: 210.8, Max: 211.2, Diff: 0.7, Sum: 1686.2]
      [Termination (ms): Min: 0.2, Avg: 0.5, Max: 0.8, Diff: 0.5, Sum: 4.1]
         [Termination Attempts: Min: 1, Avg: 489.0, Max: 638, Diff: 637, Sum: 3912]
      [GC Worker Other (ms): Min: 0.0, Avg: 0.0, Max: 0.1, Diff: 0.1, Sum: 0.3]
      [GC Worker Total (ms): Min: 256.0, Avg: 256.1, Max: 256.3, Diff: 0.3, Sum: 2049.0]
      [GC Worker End (ms): Min: 156076.9, Avg: 156077.0, Max: 156077.1, Diff: 0.2]
   [Code Root Fixup: 0.0 ms]
   [Code Root Purge: 0.0 ms]
   [Clear CT: 0.6 ms]
   [Other: 2.2 ms]
      [Choose CSet: 0.0 ms]
      [Ref Proc: 0.7 ms]
      [Ref Enq: 0.0 ms]
      [Redirty Cards: 0.6 ms]
      [Humongous Register: 0.1 ms]
      [Humongous Reclaim: 0.0 ms]
      [Free CSet: 0.3 ms]
   [Eden: 89.0M(89.0M)->0.0B(89.0M) Survivors: 13.0M->13.0M Heap: 339.2M(2048.0M)->341.2M(2048.0M)]
 [Times: user=1.91 sys=0.02, real=0.26 secs] 
2020-09-29T12:13:31.330+0200: 156.299: [GC pause (G1 Evacuation Pause) (young), 0.2771152 secs]
   [Parallel Time: 274.2 ms, GC Workers: 8]
      [GC Worker Start (ms): Min: 156299.6, Avg: 156299.8, Max: 156300.6, Diff: 1.0]
      [Ext Root Scanning (ms): Min: 0.0, Avg: 0.3, Max: 0.4, Diff: 0.4, Sum: 2.0]
      [Update RS (ms): Min: 24.1, Avg: 26.2, Max: 27.5, Diff: 3.4, Sum: 209.3]
         [Processed Buffers: Min: 4, Avg: 5.9, Max: 7, Diff: 3, Sum: 47]
      [Scan RS (ms): Min: 23.7, Avg: 25.1, Max: 26.9, Diff: 3.3, Sum: 200.6]
      [Code Root Scanning (ms): Min: 0.0, Avg: 0.0, Max: 0.0, Diff: 0.0, Sum: 0.1]
      [Object Copy (ms): Min: 221.4, Avg: 221.9, Max: 222.2, Diff: 0.7, Sum: 1775.0]
      [Termination (ms): Min: 0.1, Avg: 0.2, Max: 0.3, Diff: 0.2, Sum: 1.9]
         [Termination Attempts: Min: 1, Avg: 142.6, Max: 219, Diff: 218, Sum: 1141]
      [GC Worker Other (ms): Min: 0.0, Avg: 0.0, Max: 0.0, Diff: 0.0, Sum: 0.3]
      [GC Worker Total (ms): Min: 272.8, Avg: 273.6, Max: 273.8, Diff: 1.0, Sum: 2189.1]
      [GC Worker End (ms): Min: 156573.4, Avg: 156573.4, Max: 156573.5, Diff: 0.1]
   [Code Root Fixup: 0.0 ms]
   [Code Root Purge: 0.0 ms]
   [Clear CT: 0.6 ms]
   [Other: 2.3 ms]
      [Choose CSet: 0.0 ms]
      [Ref Proc: 0.7 ms]
      [Ref Enq: 0.0 ms]
      [Redirty Cards: 0.6 ms]
      [Humongous Register: 0.1 ms]
      [Humongous Reclaim: 0.0 ms]
      [Free CSet: 0.3 ms]
   [Eden: 89.0M(89.0M)->0.0B(89.0M) Survivors: 13.0M->13.0M Heap: 443.5M(2048.0M)->446.0M(2048.0M)]
 [Times: user=1.95 sys=0.00, real=0.28 secs] 
2020-09-29T12:13:31.856+0200: 156.825: [GC pause (G1 Evacuation Pause) (young), 0.3106114 secs]
   [Parallel Time: 306.9 ms, GC Workers: 8]
      [GC Worker Start (ms): Min: 156825.5, Avg: 156825.7, Max: 156826.0, Diff: 0.6]
      [Ext Root Scanning (ms): Min: 0.0, Avg: 0.2, Max: 0.4, Diff: 0.4, Sum: 1.7]
      [Update RS (ms): Min: 18.3, Avg: 19.3, Max: 20.2, Diff: 1.9, Sum: 154.2]
         [Processed Buffers: Min: 4, Avg: 5.3, Max: 7, Diff: 3, Sum: 42]
      [Scan RS (ms): Min: 25.0, Avg: 25.9, Max: 27.0, Diff: 1.9, Sum: 206.8]
      [Code Root Scanning (ms): Min: 0.0, Avg: 0.0, Max: 0.0, Diff: 0.0, Sum: 0.0]
      [Object Copy (ms): Min: 260.1, Avg: 260.5, Max: 260.9, Diff: 0.8, Sum: 2083.8]
      [Termination (ms): Min: 0.1, Avg: 0.4, Max: 0.8, Diff: 0.7, Sum: 3.5]
         [Termination Attempts: Min: 1, Avg: 505.5, Max: 720, Diff: 719, Sum: 4044]
      [GC Worker Other (ms): Min: 0.0, Avg: 0.0, Max: 0.0, Diff: 0.0, Sum: 0.2]
      [GC Worker Total (ms): Min: 306.0, Avg: 306.3, Max: 306.5, Diff: 0.6, Sum: 2450.3]
      [GC Worker End (ms): Min: 157132.0, Avg: 157132.0, Max: 157132.1, Diff: 0.1]
   [Code Root Fixup: 0.0 ms]
   [Code Root Purge: 0.0 ms]
   [Clear CT: 0.7 ms]
   [Other: 3.0 ms]
      [Choose CSet: 0.0 ms]
      [Ref Proc: 1.2 ms]
      [Ref Enq: 0.0 ms]
      [Redirty Cards: 0.9 ms]
      [Humongous Register: 0.1 ms]
      [Humongous Reclaim: 0.0 ms]
      [Free CSet: 0.3 ms]
   [Eden: 89.0M(89.0M)->0.0B(89.0M) Survivors: 13.0M->13.0M Heap: 550.3M(2048.0M)->552.3M(2048.0M)]
 [Times: user=1.95 sys=0.05, real=0.31 secs] 
2020-09-29T12:13:32.409+0200: 157.378: [GC pause (G1 Evacuation Pause) (young), 0.2574838 secs]
   [Parallel Time: 254.4 ms, GC Workers: 8]
      [GC Worker Start (ms): Min: 157378.7, Avg: 157379.0, Max: 157379.2, Diff: 0.6]
      [Ext Root Scanning (ms): Min: 0.0, Avg: 0.1, Max: 0.4, Diff: 0.4, Sum: 1.2]
      [Update RS (ms): Min: 18.7, Avg: 19.5, Max: 20.5, Diff: 1.8, Sum: 155.6]
         [Processed Buffers: Min: 5, Avg: 6.3, Max: 8, Diff: 3, Sum: 50]
      [Scan RS (ms): Min: 20.4, Avg: 21.6, Max: 22.7, Diff: 2.3, Sum: 172.8]
      [Code Root Scanning (ms): Min: 0.0, Avg: 0.0, Max: 0.0, Diff: 0.0, Sum: 0.0]
      [Object Copy (ms): Min: 211.8, Avg: 212.2, Max: 212.3, Diff: 0.5, Sum: 1697.2]
      [Termination (ms): Min: 0.0, Avg: 0.2, Max: 0.2, Diff: 0.2, Sum: 1.5]
         [Termination Attempts: Min: 1, Avg: 325.5, Max: 436, Diff: 435, Sum: 2604]
      [GC Worker Other (ms): Min: 0.0, Avg: 0.1, Max: 0.1, Diff: 0.1, Sum: 0.6]
      [GC Worker Total (ms): Min: 253.4, Avg: 253.6, Max: 253.9, Diff: 0.5, Sum: 2029.0]
      [GC Worker End (ms): Min: 157632.6, Avg: 157632.6, Max: 157632.7, Diff: 0.1]
   [Code Root Fixup: 0.0 ms]
   [Code Root Purge: 0.0 ms]
   [Clear CT: 0.6 ms]
   [Other: 2.5 ms]
      [Choose CSet: 0.0 ms]
      [Ref Proc: 0.8 ms]
      [Ref Enq: 0.0 ms]
      [Redirty Cards: 0.7 ms]
      [Humongous Register: 0.2 ms]
      [Humongous Reclaim: 0.0 ms]
      [Free CSet: 0.3 ms]
   [Eden: 89.0M(89.0M)->0.0B(89.0M) Survivors: 13.0M->13.0M Heap: 656.6M(2048.0M)->658.6M(2048.0M)]
 [Times: user=1.86 sys=0.03, real=0.26 secs] 
2020-09-29T12:13:32.907+0200: 157.876: [GC pause (G1 Evacuation Pause) (young), 0.2672408 secs]
   [Parallel Time: 264.1 ms, GC Workers: 8]
      [GC Worker Start (ms): Min: 157876.8, Avg: 157877.6, Max: 157880.7, Diff: 3.9]
      [Ext Root Scanning (ms): Min: 0.0, Avg: 0.2, Max: 0.5, Diff: 0.4, Sum: 2.0]
      [Update RS (ms): Min: 22.0, Avg: 25.1, Max: 27.1, Diff: 5.2, Sum: 200.7]
         [Processed Buffers: Min: 6, Avg: 8.4, Max: 12, Diff: 6, Sum: 67]
      [Scan RS (ms): Min: 18.4, Avg: 20.2, Max: 20.8, Diff: 2.4, Sum: 161.5]
      [Code Root Scanning (ms): Min: 0.0, Avg: 0.0, Max: 0.0, Diff: 0.0, Sum: 0.0]
      [Object Copy (ms): Min: 216.8, Avg: 217.1, Max: 217.3, Diff: 0.4, Sum: 1736.5]
      [Termination (ms): Min: 0.2, Avg: 0.3, Max: 0.5, Diff: 0.3, Sum: 2.7]
         [Termination Attempts: Min: 1, Avg: 299.1, Max: 405, Diff: 404, Sum: 2393]
      [GC Worker Other (ms): Min: 0.0, Avg: 0.0, Max: 0.0, Diff: 0.0, Sum: 0.3]
      [GC Worker Total (ms): Min: 259.9, Avg: 263.0, Max: 263.8, Diff: 3.9, Sum: 2103.7]
      [GC Worker End (ms): Min: 158140.5, Avg: 158140.6, Max: 158140.7, Diff: 0.2]
   [Code Root Fixup: 0.0 ms]
   [Code Root Purge: 0.0 ms]
   [Clear CT: 0.5 ms]
   [Other: 2.6 ms]
      [Choose CSet: 0.0 ms]
      [Ref Proc: 0.9 ms]
      [Ref Enq: 0.0 ms]
      [Redirty Cards: 0.7 ms]
      [Humongous Register: 0.2 ms]
      [Humongous Reclaim: 0.0 ms]
      [Free CSet: 0.3 ms]
   [Eden: 89.0M(89.0M)->0.0B(89.0M) Survivors: 13.0M->13.0M Heap: 762.8M(2048.0M)->765.3M(2048.0M)]
 [Times: user=1.89 sys=0.00, real=0.27 secs] 
2020-09-29T12:13:33.492+0200: 158.461: [GC pause (G1 Evacuation Pause) (young), 0.2848317 secs]
   [Parallel Time: 281.7 ms, GC Workers: 8]
      [GC Worker Start (ms): Min: 158461.5, Avg: 158463.2, Max: 158468.5, Diff: 7.0]
      [Ext Root Scanning (ms): Min: 0.0, Avg: 0.2, Max: 0.4, Diff: 0.4, Sum: 2.0]
      [Update RS (ms): Min: 17.9, Avg: 23.3, Max: 26.3, Diff: 8.5, Sum: 186.8]
         [Processed Buffers: Min: 5, Avg: 7.9, Max: 10, Diff: 5, Sum: 63]
      [Scan RS (ms): Min: 27.8, Avg: 29.4, Max: 30.5, Diff: 2.7, Sum: 235.2]
      [Code Root Scanning (ms): Min: 0.0, Avg: 0.0, Max: 0.0, Diff: 0.0, Sum: 0.0]
      [Object Copy (ms): Min: 226.4, Avg: 226.7, Max: 226.8, Diff: 0.4, Sum: 1813.5]
      [Termination (ms): Min: 0.0, Avg: 0.0, Max: 0.1, Diff: 0.1, Sum: 0.4]
         [Termination Attempts: Min: 1, Avg: 72.0, Max: 91, Diff: 90, Sum: 576]
      [GC Worker Other (ms): Min: 0.0, Avg: 0.1, Max: 0.1, Diff: 0.1, Sum: 0.6]
      [GC Worker Total (ms): Min: 274.5, Avg: 279.8, Max: 281.4, Diff: 6.9, Sum: 2238.5]
      [GC Worker End (ms): Min: 158742.9, Avg: 158743.0, Max: 158743.1, Diff: 0.1]
   [Code Root Fixup: 0.0 ms]
   [Code Root Purge: 0.0 ms]
   [Clear CT: 0.9 ms]
   [Other: 2.2 ms]
      [Choose CSet: 0.0 ms]
      [Ref Proc: 0.6 ms]
      [Ref Enq: 0.0 ms]
      [Redirty Cards: 0.8 ms]
      [Humongous Register: 0.2 ms]
      [Humongous Reclaim: 0.0 ms]
      [Free CSet: 0.3 ms]
   [Eden: 89.0M(89.0M)->0.0B(89.0M) Survivors: 13.0M->13.0M Heap: 869.6M(2048.0M)->871.6M(2048.0M)]
 [Times: user=1.86 sys=0.00, real=0.28 secs] 
2020-09-29T12:13:34.124+0200: 159.093: [GC pause (G1 Evacuation Pause) (young), 0.2637307 secs]
   [Parallel Time: 260.0 ms, GC Workers: 8]
      [GC Worker Start (ms): Min: 159093.6, Avg: 159093.8, Max: 159094.0, Diff: 0.3]
      [Ext Root Scanning (ms): Min: 0.1, Avg: 0.3, Max: 0.5, Diff: 0.4, Sum: 2.5]
      [Update RS (ms): Min: 21.7, Avg: 23.7, Max: 25.7, Diff: 4.0, Sum: 189.6]
         [Processed Buffers: Min: 5, Avg: 6.1, Max: 7, Diff: 2, Sum: 49]
      [Scan RS (ms): Min: 21.6, Avg: 23.8, Max: 25.7, Diff: 4.1, Sum: 190.3]
      [Code Root Scanning (ms): Min: 0.0, Avg: 0.0, Max: 0.1, Diff: 0.1, Sum: 0.1]
      [Object Copy (ms): Min: 210.8, Avg: 211.3, Max: 211.7, Diff: 1.0, Sum: 1690.6]
      [Termination (ms): Min: 0.0, Avg: 0.2, Max: 0.3, Diff: 0.3, Sum: 1.5]
         [Termination Attempts: Min: 1, Avg: 81.3, Max: 133, Diff: 132, Sum: 650]
      [GC Worker Other (ms): Min: 0.0, Avg: 0.0, Max: 0.1, Diff: 0.0, Sum: 0.3]
      [GC Worker Total (ms): Min: 259.2, Avg: 259.4, Max: 259.6, Diff: 0.4, Sum: 2075.0]
      [GC Worker End (ms): Min: 159353.2, Avg: 159353.2, Max: 159353.2, Diff: 0.1]
   [Code Root Fixup: 0.0 ms]
   [Code Root Purge: 0.0 ms]
   [Clear CT: 0.7 ms]
   [Other: 3.0 ms]
      [Choose CSet: 0.0 ms]
      [Ref Proc: 1.3 ms]
      [Ref Enq: 0.0 ms]
      [Redirty Cards: 0.8 ms]
      [Humongous Register: 0.2 ms]
      [Humongous Reclaim: 0.0 ms]
      [Free CSet: 0.3 ms]
   [Eden: 89.0M(89.0M)->0.0B(89.0M) Survivors: 13.0M->13.0M Heap: 973.9M(2048.0M)->975.4M(2048.0M)]
 [Times: user=1.72 sys=0.03, real=0.26 secs] 
2020-09-29T12:13:34.426+0200: 159.396: [GC pause (G1 Humongous Allocation) (young) (initial-mark), 0.0715030 secs]
   [Parallel Time: 68.8 ms, GC Workers: 8]
      [GC Worker Start (ms): Min: 159396.3, Avg: 159396.5, Max: 159396.8, Diff: 0.5]
      [Ext Root Scanning (ms): Min: 0.0, Avg: 0.5, Max: 0.7, Diff: 0.7, Sum: 3.8]
      [Update RS (ms): Min: 16.5, Avg: 18.3, Max: 21.7, Diff: 5.2, Sum: 146.4]
         [Processed Buffers: Min: 5, Avg: 5.8, Max: 8, Diff: 3, Sum: 46]
      [Scan RS (ms): Min: 0.0, Avg: 3.5, Max: 5.2, Diff: 5.2, Sum: 27.9]
      [Code Root Scanning (ms): Min: 0.0, Avg: 0.0, Max: 0.0, Diff: 0.0, Sum: 0.0]
      [Object Copy (ms): Min: 45.1, Avg: 45.8, Max: 46.0, Diff: 0.8, Sum: 366.4]
      [Termination (ms): Min: 0.0, Avg: 0.0, Max: 0.1, Diff: 0.1, Sum: 0.4]
         [Termination Attempts: Min: 1, Avg: 82.5, Max: 113, Diff: 112, Sum: 660]
      [GC Worker Other (ms): Min: 0.0, Avg: 0.0, Max: 0.1, Diff: 0.1, Sum: 0.4]
      [GC Worker Total (ms): Min: 67.8, Avg: 68.2, Max: 68.3, Diff: 0.5, Sum: 545.3]
      [GC Worker End (ms): Min: 159464.6, Avg: 159464.6, Max: 159464.7, Diff: 0.1]
   [Code Root Fixup: 0.0 ms]
   [Code Root Purge: 0.0 ms]
   [Clear CT: 0.5 ms]
   [Other: 2.2 ms]
      [Choose CSet: 0.0 ms]
      [Ref Proc: 0.7 ms]
      [Ref Enq: 0.0 ms]
      [Redirty Cards: 0.6 ms]
      [Humongous Register: 0.1 ms]
      [Humongous Reclaim: 0.0 ms]
      [Free CSet: 0.2 ms]
   [Eden: 2048.0K(89.0M)->0.0B(99.0M) Survivors: 13.0M->3072.0K Heap: 977.4M(2048.0M)->979.4M(2048.0M)]
 [Times: user=0.42 sys=0.00, real=0.07 secs] 
2020-09-29T12:13:34.498+0200: 159.468: [GC concurrent-root-region-scan-start]
2020-09-29T12:13:34.501+0200: 159.471: [GC concurrent-root-region-scan-end, 0.0028882 secs]
2020-09-29T12:13:34.501+0200: 159.471: [GC concurrent-mark-start]
2020-09-29T12:13:34.545+0200: 159.514: [GC concurrent-mark-end, 0.0429409 secs]
2020-09-29T12:13:34.557+0200: 159.526: [GC remark 2020-09-29T12:13:34.557+0200: 159.526: [Finalize Marking, 0.0007068 secs] 2020-09-29T12:13:34.558+0200: 159.527: [GC ref-proc, 0.0015581 secs] 2020-09-29T12:13:34.560+0200: 159.528: [Unloading, 0.0017351 secs], 0.0059528 secs]
 [Times: user=0.00 sys=0.00, real=0.01 secs] 
2020-09-29T12:13:34.565+0200: 159.533: [GC cleanup 1003M->36M(2048M), 0.0091123 secs]
 [Times: user=0.08 sys=0.00, real=0.01 secs] 
2020-09-29T12:13:34.574+0200: 159.543: [GC concurrent-cleanup-start]
2020-09-29T12:13:34.579+0200: 159.548: [GC concurrent-cleanup-end, 0.0055301 secs]
2020-09-29T12:13:34.804+0200: 159.773: [GC pause (G1 Evacuation Pause) (young), 0.2407728 secs]
   [Parallel Time: 239.2 ms, GC Workers: 8]
      [GC Worker Start (ms): Min: 159773.3, Avg: 159773.8, Max: 159774.3, Diff: 1.0]
      [Ext Root Scanning (ms): Min: 0.0, Avg: 0.5, Max: 2.2, Diff: 2.2, Sum: 3.9]
      [Update RS (ms): Min: 13.5, Avg: 14.5, Max: 16.4, Diff: 2.9, Sum: 115.9]
         [Processed Buffers: Min: 3, Avg: 4.5, Max: 7, Diff: 4, Sum: 36]
      [Scan RS (ms): Min: 22.1, Avg: 23.7, Max: 25.1, Diff: 3.0, Sum: 189.7]
      [Code Root Scanning (ms): Min: 0.0, Avg: 0.0, Max: 0.0, Diff: 0.0, Sum: 0.0]
      [Object Copy (ms): Min: 199.2, Avg: 199.5, Max: 199.6, Diff: 0.4, Sum: 1596.0]
      [Termination (ms): Min: 0.0, Avg: 0.1, Max: 0.2, Diff: 0.2, Sum: 1.0]
         [Termination Attempts: Min: 1, Avg: 257.6, Max: 367, Diff: 366, Sum: 2061]
      [GC Worker Other (ms): Min: 0.0, Avg: 0.1, Max: 0.5, Diff: 0.5, Sum: 0.7]
      [GC Worker Total (ms): Min: 237.9, Avg: 238.4, Max: 238.9, Diff: 1.1, Sum: 1907.3]
      [GC Worker End (ms): Min: 160012.2, Avg: 160012.2, Max: 160012.2, Diff: 0.0]
   [Code Root Fixup: 0.0 ms]
   [Code Root Purge: 0.0 ms]
   [Clear CT: 0.4 ms]
   [Other: 1.2 ms]
      [Choose CSet: 0.0 ms]
      [Ref Proc: 0.2 ms]
      [Ref Enq: 0.0 ms]
      [Redirty Cards: 0.3 ms]
      [Humongous Register: 0.1 ms]
      [Humongous Reclaim: 0.0 ms]
      [Free CSet: 0.2 ms]
   [Eden: 99.0M(99.0M)->0.0B(89.0M) Survivors: 3072.0K->13.0M Heap: 128.7M(2048.0M)->128.2M(2048.0M)]
 [Times: user=1.59 sys=0.02, real=0.24 secs] 
2020-09-29T12:13:35.120+0200: 160.089: [GC pause (G1 Evacuation Pause) (young), 0.0844489 secs]
   [Parallel Time: 82.7 ms, GC Workers: 8]
      [GC Worker Start (ms): Min: 160089.2, Avg: 160089.3, Max: 160089.3, Diff: 0.1]
      [Ext Root Scanning (ms): Min: 0.1, Avg: 0.1, Max: 0.2, Diff: 0.1, Sum: 0.9]
      [Update RS (ms): Min: 6.3, Avg: 6.4, Max: 6.9, Diff: 0.6, Sum: 51.5]
         [Processed Buffers: Min: 5, Avg: 6.3, Max: 7, Diff: 2, Sum: 50]
      [Scan RS (ms): Min: 7.1, Avg: 7.2, Max: 7.4, Diff: 0.3, Sum: 57.8]
      [Code Root Scanning (ms): Min: 0.0, Avg: 0.0, Max: 0.0, Diff: 0.0, Sum: 0.0]
      [Object Copy (ms): Min: 68.0, Avg: 68.6, Max: 68.8, Diff: 0.8, Sum: 549.2]
      [Termination (ms): Min: 0.0, Avg: 0.1, Max: 0.1, Diff: 0.1, Sum: 0.4]
         [Termination Attempts: Min: 1, Avg: 261.1, Max: 353, Diff: 352, Sum: 2089]
      [GC Worker Other (ms): Min: 0.0, Avg: 0.0, Max: 0.0, Diff: 0.0, Sum: 0.2]
      [GC Worker Total (ms): Min: 82.4, Avg: 82.5, Max: 82.6, Diff: 0.1, Sum: 660.1]
      [GC Worker End (ms): Min: 160171.8, Avg: 160171.8, Max: 160171.8, Diff: 0.0]
   [Code Root Fixup: 0.0 ms]
   [Code Root Purge: 0.0 ms]
   [Clear CT: 0.2 ms]
   [Other: 1.5 ms]
      [Choose CSet: 0.0 ms]
      [Ref Proc: 0.3 ms]
      [Ref Enq: 0.0 ms]
      [Redirty Cards: 0.6 ms]
      [Humongous Register: 0.1 ms]
      [Humongous Reclaim: 0.0 ms]
      [Free CSet: 0.2 ms]
   [Eden: 89.0M(89.0M)->0.0B(89.0M) Survivors: 13.0M->13.0M Heap: 232.4M(2048.0M)->234.4M(2048.0M)]
 [Times: user=0.59 sys=0.01, real=0.09 secs] 
2020-09-29T12:13:35.291+0200: 160.260: [GC pause (G1 Evacuation Pause) (young), 0.0906908 secs]
   [Parallel Time: 89.3 ms, GC Workers: 8]
      [GC Worker Start (ms): Min: 160260.1, Avg: 160260.2, Max: 160260.9, Diff: 0.8]
      [Ext Root Scanning (ms): Min: 0.0, Avg: 0.1, Max: 0.2, Diff: 0.2, Sum: 0.9]
      [Update RS (ms): Min: 6.3, Avg: 6.4, Max: 6.6, Diff: 0.3, Sum: 50.9]
         [Processed Buffers: Min: 5, Avg: 6.6, Max: 9, Diff: 4, Sum: 53]
      [Scan RS (ms): Min: 6.6, Avg: 7.5, Max: 8.1, Diff: 1.5, Sum: 59.7]
      [Code Root Scanning (ms): Min: 0.0, Avg: 0.0, Max: 0.0, Diff: 0.0, Sum: 0.0]
      [Object Copy (ms): Min: 74.5, Avg: 75.0, Max: 75.3, Diff: 0.7, Sum: 600.3]
      [Termination (ms): Min: 0.0, Avg: 0.1, Max: 0.2, Diff: 0.2, Sum: 0.8]
         [Termination Attempts: Min: 1, Avg: 265.5, Max: 352, Diff: 351, Sum: 2124]
      [GC Worker Other (ms): Min: 0.0, Avg: 0.0, Max: 0.0, Diff: 0.0, Sum: 0.1]
      [GC Worker Total (ms): Min: 88.4, Avg: 89.1, Max: 89.2, Diff: 0.8, Sum: 712.9]
      [GC Worker End (ms): Min: 160349.3, Avg: 160349.3, Max: 160349.4, Diff: 0.1]
   [Code Root Fixup: 0.0 ms]
   [Code Root Purge: 0.0 ms]
   [Clear CT: 0.3 ms]
   [Other: 1.0 ms]
      [Choose CSet: 0.0 ms]
      [Ref Proc: 0.3 ms]
      [Ref Enq: 0.0 ms]
      [Redirty Cards: 0.3 ms]
      [Humongous Register: 0.1 ms]
      [Humongous Reclaim: 0.0 ms]
      [Free CSet: 0.1 ms]
   [Eden: 89.0M(89.0M)->0.0B(89.0M) Survivors: 13.0M->13.0M Heap: 338.7M(2048.0M)->340.7M(2048.0M)]
 [Times: user=0.67 sys=0.00, real=0.09 secs] 
2020-09-29T12:13:35.456+0200: 160.426: [GC pause (G1 Evacuation Pause) (young), 0.0773606 secs]
   [Parallel Time: 76.2 ms, GC Workers: 8]
      [GC Worker Start (ms): Min: 160425.9, Avg: 160425.9, Max: 160426.0, Diff: 0.1]
      [Ext Root Scanning (ms): Min: 0.1, Avg: 0.1, Max: 0.2, Diff: 0.1, Sum: 0.9]
      [Update RS (ms): Min: 6.2, Avg: 6.8, Max: 7.5, Diff: 1.2, Sum: 54.1]
         [Processed Buffers: Min: 5, Avg: 5.5, Max: 6, Diff: 1, Sum: 44]
      [Scan RS (ms): Min: 5.9, Avg: 6.6, Max: 7.3, Diff: 1.4, Sum: 52.7]
      [Code Root Scanning (ms): Min: 0.0, Avg: 0.0, Max: 0.0, Diff: 0.0, Sum: 0.0]
      [Object Copy (ms): Min: 62.4, Avg: 62.6, Max: 62.7, Diff: 0.3, Sum: 500.6]
      [Termination (ms): Min: 0.0, Avg: 0.0, Max: 0.0, Diff: 0.0, Sum: 0.0]
         [Termination Attempts: Min: 1, Avg: 8.3, Max: 12, Diff: 11, Sum: 66]
      [GC Worker Other (ms): Min: 0.0, Avg: 0.0, Max: 0.1, Diff: 0.0, Sum: 0.3]
      [GC Worker Total (ms): Min: 76.0, Avg: 76.1, Max: 76.1, Diff: 0.1, Sum: 608.5]
      [GC Worker End (ms): Min: 160502.0, Avg: 160502.0, Max: 160502.0, Diff: 0.0]
   [Code Root Fixup: 0.0 ms]
   [Code Root Purge: 0.0 ms]
   [Clear CT: 0.2 ms]
   [Other: 0.9 ms]
      [Choose CSet: 0.0 ms]
      [Ref Proc: 0.2 ms]
      [Ref Enq: 0.0 ms]
      [Redirty Cards: 0.2 ms]
      [Humongous Register: 0.1 ms]
      [Humongous Reclaim: 0.0 ms]
      [Free CSet: 0.2 ms]
   [Eden: 89.0M(89.0M)->0.0B(89.0M) Survivors: 13.0M->13.0M Heap: 443.0M(2048.0M)->445.0M(2048.0M)]
 [Times: user=0.61 sys=0.00, real=0.08 secs] 
2020-09-29T12:13:35.608+0200: 160.577: [GC pause (G1 Evacuation Pause) (young), 0.0853919 secs]
   [Parallel Time: 84.2 ms, GC Workers: 8]
      [GC Worker Start (ms): Min: 160577.4, Avg: 160577.6, Max: 160577.8, Diff: 0.4]
      [Ext Root Scanning (ms): Min: 0.0, Avg: 0.1, Max: 0.2, Diff: 0.2, Sum: 0.8]
      [Update RS (ms): Min: 7.5, Avg: 7.8, Max: 9.3, Diff: 1.8, Sum: 62.4]
         [Processed Buffers: Min: 6, Avg: 6.5, Max: 7, Diff: 1, Sum: 52]
      [Scan RS (ms): Min: 5.0, Avg: 6.4, Max: 6.8, Diff: 1.8, Sum: 51.6]
      [Code Root Scanning (ms): Min: 0.0, Avg: 0.0, Max: 0.0, Diff: 0.0, Sum: 0.0]
      [Object Copy (ms): Min: 69.4, Avg: 69.5, Max: 69.6, Diff: 0.2, Sum: 556.0]
      [Termination (ms): Min: 0.0, Avg: 0.1, Max: 0.1, Diff: 0.1, Sum: 0.8]
         [Termination Attempts: Min: 1, Avg: 431.0, Max: 607, Diff: 606, Sum: 3448]
      [GC Worker Other (ms): Min: 0.0, Avg: 0.0, Max: 0.1, Diff: 0.1, Sum: 0.3]
      [GC Worker Total (ms): Min: 83.8, Avg: 84.0, Max: 84.1, Diff: 0.3, Sum: 671.8]
      [GC Worker End (ms): Min: 160661.5, Avg: 160661.5, Max: 160661.6, Diff: 0.1]
   [Code Root Fixup: 0.0 ms]
   [Code Root Purge: 0.0 ms]
   [Clear CT: 0.2 ms]
   [Other: 1.0 ms]
      [Choose CSet: 0.0 ms]
      [Ref Proc: 0.3 ms]
      [Ref Enq: 0.0 ms]
      [Redirty Cards: 0.3 ms]
      [Humongous Register: 0.1 ms]
      [Humongous Reclaim: 0.0 ms]
      [Free CSet: 0.1 ms]
   [Eden: 89.0M(89.0M)->0.0B(106.0M) Survivors: 13.0M->13.0M Heap: 549.3M(2048.0M)->551.3M(2048.0M)]
 [Times: user=0.70 sys=0.00, real=0.09 secs] 
2020-09-29T12:13:35.778+0200: 160.748: [GC pause (G1 Evacuation Pause) (young), 0.1000893 secs]
   [Parallel Time: 98.7 ms, GC Workers: 8]
      [GC Worker Start (ms): Min: 160748.0, Avg: 160748.0, Max: 160748.4, Diff: 0.4]
      [Ext Root Scanning (ms): Min: 0.0, Avg: 0.1, Max: 0.2, Diff: 0.2, Sum: 0.8]
      [Update RS (ms): Min: 8.5, Avg: 8.9, Max: 9.4, Diff: 0.9, Sum: 70.9]
         [Processed Buffers: Min: 6, Avg: 8.5, Max: 12, Diff: 6, Sum: 68]
      [Scan RS (ms): Min: 7.1, Avg: 7.6, Max: 7.9, Diff: 0.8, Sum: 60.8]
      [Code Root Scanning (ms): Min: 0.0, Avg: 0.0, Max: 0.0, Diff: 0.0, Sum: 0.0]
      [Object Copy (ms): Min: 81.7, Avg: 81.8, Max: 81.9, Diff: 0.3, Sum: 654.4]
      [Termination (ms): Min: 0.0, Avg: 0.1, Max: 0.1, Diff: 0.1, Sum: 0.7]
         [Termination Attempts: Min: 1, Avg: 461.8, Max: 602, Diff: 601, Sum: 3694]
      [GC Worker Other (ms): Min: 0.0, Avg: 0.0, Max: 0.1, Diff: 0.0, Sum: 0.3]
      [GC Worker Total (ms): Min: 98.2, Avg: 98.5, Max: 98.6, Diff: 0.4, Sum: 788.0]
      [GC Worker End (ms): Min: 160846.5, Avg: 160846.6, Max: 160846.6, Diff: 0.0]
   [Code Root Fixup: 0.0 ms]
   [Code Root Purge: 0.0 ms]
   [Clear CT: 0.2 ms]
   [Other: 1.1 ms]
      [Choose CSet: 0.0 ms]
      [Ref Proc: 0.2 ms]
      [Ref Enq: 0.0 ms]
      [Redirty Cards: 0.3 ms]
      [Humongous Register: 0.1 ms]
      [Humongous Reclaim: 0.0 ms]
      [Free CSet: 0.2 ms]
   [Eden: 106.0M(106.0M)->0.0B(120.0M) Survivors: 13.0M->15.0M Heap: 676.4M(2048.0M)->678.4M(2048.0M)]
 [Times: user=0.72 sys=0.00, real=0.10 secs] 
2020-09-29T12:13:35.975+0200: 160.945: [GC pause (G1 Evacuation Pause) (young), 0.1080114 secs]
   [Parallel Time: 106.8 ms, GC Workers: 8]
      [GC Worker Start (ms): Min: 160944.8, Avg: 160945.2, Max: 160946.0, Diff: 1.1]
      [Ext Root Scanning (ms): Min: 0.0, Avg: 0.1, Max: 0.5, Diff: 0.5, Sum: 1.1]
      [Update RS (ms): Min: 9.7, Avg: 10.3, Max: 11.0, Diff: 1.3, Sum: 82.0]
         [Processed Buffers: Min: 7, Avg: 8.4, Max: 11, Diff: 4, Sum: 67]
      [Scan RS (ms): Min: 8.7, Avg: 9.1, Max: 9.4, Diff: 0.7, Sum: 73.0]
      [Code Root Scanning (ms): Min: 0.0, Avg: 0.0, Max: 0.0, Diff: 0.0, Sum: 0.0]
      [Object Copy (ms): Min: 86.6, Avg: 86.6, Max: 86.7, Diff: 0.1, Sum: 693.1]
      [Termination (ms): Min: 0.0, Avg: 0.1, Max: 0.1, Diff: 0.1, Sum: 0.6]
         [Termination Attempts: Min: 1, Avg: 45.5, Max: 73, Diff: 72, Sum: 364]
      [GC Worker Other (ms): Min: 0.0, Avg: 0.0, Max: 0.1, Diff: 0.1, Sum: 0.2]
      [GC Worker Total (ms): Min: 105.5, Avg: 106.3, Max: 106.7, Diff: 1.1, Sum: 850.0]
      [GC Worker End (ms): Min: 161051.5, Avg: 161051.5, Max: 161051.5, Diff: 0.1]
   [Code Root Fixup: 0.0 ms]
   [Code Root Purge: 0.0 ms]
   [Clear CT: 0.3 ms]
   [Other: 0.9 ms]
      [Choose CSet: 0.0 ms]
      [Ref Proc: 0.2 ms]
      [Ref Enq: 0.0 ms]
      [Redirty Cards: 0.2 ms]
      [Humongous Register: 0.1 ms]
      [Humongous Reclaim: 0.0 ms]
      [Free CSet: 0.2 ms]
   [Eden: 120.0M(120.0M)->0.0B(134.0M) Survivors: 15.0M->17.0M Heap: 817.4M(2048.0M)->819.9M(2048.0M)]
 [Times: user=0.74 sys=0.00, real=0.11 secs] 
2020-09-29T12:13:36.185+0200: 161.155: [GC pause (G1 Evacuation Pause) (young), 0.1622963 secs]
   [Parallel Time: 161.1 ms, GC Workers: 8]
      [GC Worker Start (ms): Min: 161154.9, Avg: 161154.9, Max: 161155.0, Diff: 0.2]
      [Ext Root Scanning (ms): Min: 0.0, Avg: 0.1, Max: 0.2, Diff: 0.2, Sum: 0.8]
      [Update RS (ms): Min: 12.0, Avg: 14.8, Max: 31.9, Diff: 19.9, Sum: 118.2]
         [Processed Buffers: Min: 0, Avg: 10.0, Max: 14, Diff: 14, Sum: 80]
      [Scan RS (ms): Min: 0.0, Avg: 9.5, Max: 11.4, Diff: 11.3, Sum: 76.0]
      [Code Root Scanning (ms): Min: 0.0, Avg: 0.0, Max: 0.0, Diff: 0.0, Sum: 0.0]
      [Object Copy (ms): Min: 128.8, Avg: 136.3, Max: 137.6, Diff: 8.8, Sum: 1090.2]
      [Termination (ms): Min: 0.0, Avg: 0.2, Max: 0.3, Diff: 0.3, Sum: 1.7]
         [Termination Attempts: Min: 1, Avg: 812.6, Max: 1290, Diff: 1289, Sum: 6501]
      [GC Worker Other (ms): Min: 0.0, Avg: 0.0, Max: 0.0, Diff: 0.0, Sum: 0.1]
      [GC Worker Total (ms): Min: 160.8, Avg: 160.9, Max: 160.9, Diff: 0.2, Sum: 1287.1]
      [GC Worker End (ms): Min: 161315.8, Avg: 161315.8, Max: 161315.8, Diff: 0.0]
   [Code Root Fixup: 0.0 ms]
   [Code Root Purge: 0.0 ms]
   [Clear CT: 0.2 ms]
   [Other: 1.0 ms]
      [Choose CSet: 0.0 ms]
      [Ref Proc: 0.2 ms]
      [Ref Enq: 0.0 ms]
      [Redirty Cards: 0.3 ms]
      [Humongous Register: 0.1 ms]
      [Humongous Reclaim: 0.0 ms]
      [Free CSet: 0.2 ms]
   [Eden: 134.0M(134.0M)->0.0B(133.0M) Survivors: 17.0M->19.0M Heap: 976.8M(2048.0M)->978.8M(2048.0M)]
 [Times: user=1.08 sys=0.00, real=0.16 secs] 
2020-09-29T12:13:36.366+0200: 161.335: [GC pause (G1 Humongous Allocation) (young) (initial-mark), 0.0386110 secs]
   [Parallel Time: 37.2 ms, GC Workers: 8]
      [GC Worker Start (ms): Min: 161335.3, Avg: 161335.4, Max: 161335.5, Diff: 0.3]
      [Ext Root Scanning (ms): Min: 0.0, Avg: 0.2, Max: 0.3, Diff: 0.3, Sum: 1.6]
      [Update RS (ms): Min: 14.5, Avg: 15.1, Max: 15.6, Diff: 1.2, Sum: 120.5]
         [Processed Buffers: Min: 4, Avg: 12.1, Max: 15, Diff: 11, Sum: 97]
      [Scan RS (ms): Min: 1.2, Avg: 1.8, Max: 2.3, Diff: 1.1, Sum: 14.0]
      [Code Root Scanning (ms): Min: 0.0, Avg: 0.0, Max: 0.0, Diff: 0.0, Sum: 0.0]
      [Object Copy (ms): Min: 19.7, Avg: 19.8, Max: 19.9, Diff: 0.2, Sum: 158.4]
      [Termination (ms): Min: 0.0, Avg: 0.1, Max: 0.1, Diff: 0.1, Sum: 0.5]
         [Termination Attempts: Min: 1, Avg: 277.1, Max: 369, Diff: 368, Sum: 2217]
      [GC Worker Other (ms): Min: 0.0, Avg: 0.0, Max: 0.1, Diff: 0.0, Sum: 0.2]
      [GC Worker Total (ms): Min: 36.8, Avg: 36.9, Max: 37.0, Diff: 0.2, Sum: 295.2]
      [GC Worker End (ms): Min: 161372.3, Avg: 161372.3, Max: 161372.3, Diff: 0.0]
   [Code Root Fixup: 0.0 ms]
   [Code Root Purge: 0.0 ms]
   [Clear CT: 0.2 ms]
   [Other: 1.2 ms]
      [Choose CSet: 0.0 ms]
      [Ref Proc: 0.4 ms]
      [Ref Enq: 0.0 ms]
      [Redirty Cards: 0.2 ms]
      [Humongous Register: 0.1 ms]
      [Humongous Reclaim: 0.0 ms]
      [Free CSet: 0.1 ms]
   [Eden: 10.0M(133.0M)->0.0B(161.0M) Survivors: 19.0M->11.0M Heap: 988.3M(2048.0M)->991.8M(2048.0M)]
 [Times: user=0.23 sys=0.00, real=0.04 secs] 
2020-09-29T12:13:36.405+0200: 161.374: [GC concurrent-root-region-scan-start]
2020-09-29T12:13:36.409+0200: 161.378: [GC concurrent-root-region-scan-end, 0.0040981 secs]
2020-09-29T12:13:36.409+0200: 161.378: [GC concurrent-mark-start]
2020-09-29T12:13:36.413+0200: 161.382: [GC concurrent-mark-end, 0.0043624 secs]
2020-09-29T12:13:36.414+0200: 161.383: [GC remark 2020-09-29T12:13:36.414+0200: 161.383: [Finalize Marking, 0.0003170 secs] 2020-09-29T12:13:36.414+0200: 161.383: [GC ref-proc, 0.0003995 secs] 2020-09-29T12:13:36.415+0200: 161.384: [Unloading, 0.0006424 secs], 0.0018118 secs]
 [Times: user=0.00 sys=0.00, real=0.00 secs] 
2020-09-29T12:13:36.416+0200: 161.385: [GC cleanup 1004M->33M(2048M), 0.0014362 secs]
 [Times: user=0.00 sys=0.00, real=0.00 secs] 
2020-09-29T12:13:36.418+0200: 161.387: [GC concurrent-cleanup-start]
2020-09-29T12:13:36.420+0200: 161.389: [GC concurrent-cleanup-end, 0.0023475 secs]
2020-09-29T12:13:36.526+0200: 161.495: [GC pause (G1 Evacuation Pause) (young), 0.1403356 secs]
   [Parallel Time: 138.5 ms, GC Workers: 8]
      [GC Worker Start (ms): Min: 161495.0, Avg: 161495.1, Max: 161495.2, Diff: 0.2]
      [Ext Root Scanning (ms): Min: 0.0, Avg: 0.1, Max: 0.2, Diff: 0.2, Sum: 0.6]
      [Update RS (ms): Min: 16.0, Avg: 16.3, Max: 16.8, Diff: 0.7, Sum: 130.4]
         [Processed Buffers: Min: 12, Avg: 14.1, Max: 17, Diff: 5, Sum: 113]
      [Scan RS (ms): Min: 8.3, Avg: 8.8, Max: 9.0, Diff: 0.8, Sum: 70.0]
      [Code Root Scanning (ms): Min: 0.0, Avg: 0.0, Max: 0.0, Diff: 0.0, Sum: 0.0]
      [Object Copy (ms): Min: 112.9, Avg: 112.9, Max: 113.0, Diff: 0.1, Sum: 903.4]
      [Termination (ms): Min: 0.0, Avg: 0.0, Max: 0.0, Diff: 0.0, Sum: 0.2]
         [Termination Attempts: Min: 1, Avg: 138.3, Max: 185, Diff: 184, Sum: 1106]
      [GC Worker Other (ms): Min: 0.0, Avg: 0.1, Max: 0.1, Diff: 0.1, Sum: 0.4]
      [GC Worker Total (ms): Min: 138.0, Avg: 138.1, Max: 138.3, Diff: 0.2, Sum: 1105.1]
      [GC Worker End (ms): Min: 161633.2, Avg: 161633.3, Max: 161633.3, Diff: 0.1]
   [Code Root Fixup: 0.0 ms]
   [Code Root Purge: 0.0 ms]
   [Clear CT: 0.3 ms]
   [Other: 1.6 ms]
      [Choose CSet: 0.0 ms]
      [Ref Proc: 0.4 ms]
      [Ref Enq: 0.0 ms]
      [Redirty Cards: 0.6 ms]
      [Humongous Register: 0.0 ms]
      [Humongous Reclaim: 0.0 ms]
      [Free CSet: 0.2 ms]
   [Eden: 161.0M(161.0M)->0.0B(160.0M) Survivors: 11.0M->22.0M Heap: 210.6M(2048.0M)->202.1M(2048.0M)]
 [Times: user=1.02 sys=0.03, real=0.15 secs] 
2020-09-29T12:13:36.801+0200: 161.770: [GC pause (G1 Evacuation Pause) (young), 0.1475726 secs]
   [Parallel Time: 146.3 ms, GC Workers: 8]
      [GC Worker Start (ms): Min: 161770.3, Avg: 161770.3, Max: 161770.5, Diff: 0.3]
      [Ext Root Scanning (ms): Min: 0.0, Avg: 0.1, Max: 0.2, Diff: 0.2, Sum: 0.8]
      [Update RS (ms): Min: 13.3, Avg: 13.6, Max: 14.5, Diff: 1.1, Sum: 108.4]
         [Processed Buffers: Min: 9, Avg: 11.4, Max: 14, Diff: 5, Sum: 91]
      [Scan RS (ms): Min: 11.7, Avg: 12.6, Max: 12.9, Diff: 1.1, Sum: 100.9]
      [Code Root Scanning (ms): Min: 0.0, Avg: 0.0, Max: 0.0, Diff: 0.0, Sum: 0.0]
      [Object Copy (ms): Min: 119.7, Avg: 119.7, Max: 119.8, Diff: 0.1, Sum: 957.8]
      [Termination (ms): Min: 0.0, Avg: 0.0, Max: 0.0, Diff: 0.0, Sum: 0.3]
         [Termination Attempts: Min: 1, Avg: 160.0, Max: 204, Diff: 203, Sum: 1280]
      [GC Worker Other (ms): Min: 0.0, Avg: 0.0, Max: 0.1, Diff: 0.0, Sum: 0.3]
      [GC Worker Total (ms): Min: 145.9, Avg: 146.1, Max: 146.2, Diff: 0.2, Sum: 1168.6]
      [GC Worker End (ms): Min: 161916.4, Avg: 161916.4, Max: 161916.4, Diff: 0.0]
   [Code Root Fixup: 0.0 ms]
   [Code Root Purge: 0.0 ms]
   [Clear CT: 0.3 ms]
   [Other: 1.0 ms]
      [Choose CSet: 0.0 ms]
      [Ref Proc: 0.3 ms]
      [Ref Enq: 0.0 ms]
      [Redirty Cards: 0.2 ms]
      [Humongous Register: 0.0 ms]
      [Humongous Reclaim: 0.0 ms]
      [Free CSet: 0.1 ms]
   [Eden: 160.0M(160.0M)->0.0B(166.0M) Survivors: 22.0M->23.0M Heap: 388.8M(2048.0M)->391.3M(2048.0M)]
 [Times: user=1.13 sys=0.00, real=0.15 secs] 
2020-09-29T12:13:37.074+0200: 162.043: [GC pause (G1 Evacuation Pause) (young), 0.1526156 secs]
   [Parallel Time: 150.8 ms, GC Workers: 8]
      [GC Worker Start (ms): Min: 162042.8, Avg: 162042.9, Max: 162043.0, Diff: 0.2]
      [Ext Root Scanning (ms): Min: 0.0, Avg: 0.1, Max: 0.2, Diff: 0.2, Sum: 0.6]
      [Update RS (ms): Min: 13.2, Avg: 13.5, Max: 14.1, Diff: 0.9, Sum: 107.6]
         [Processed Buffers: Min: 10, Avg: 11.0, Max: 13, Diff: 3, Sum: 88]
      [Scan RS (ms): Min: 12.1, Avg: 12.7, Max: 13.0, Diff: 0.9, Sum: 101.5]
      [Code Root Scanning (ms): Min: 0.0, Avg: 0.0, Max: 0.0, Diff: 0.0, Sum: 0.0]
      [Object Copy (ms): Min: 124.0, Avg: 124.1, Max: 124.2, Diff: 0.2, Sum: 993.0]
      [Termination (ms): Min: 0.0, Avg: 0.1, Max: 0.2, Diff: 0.2, Sum: 0.7]
         [Termination Attempts: Min: 1, Avg: 297.0, Max: 369, Diff: 368, Sum: 2376]
      [GC Worker Other (ms): Min: 0.0, Avg: 0.0, Max: 0.1, Diff: 0.0, Sum: 0.2]
      [GC Worker Total (ms): Min: 150.4, Avg: 150.5, Max: 150.6, Diff: 0.2, Sum: 1203.7]
      [GC Worker End (ms): Min: 162193.4, Avg: 162193.4, Max: 162193.4, Diff: 0.0]
   [Code Root Fixup: 0.0 ms]
   [Code Root Purge: 0.0 ms]
   [Clear CT: 0.5 ms]
   [Other: 1.3 ms]
      [Choose CSet: 0.0 ms]
      [Ref Proc: 0.4 ms]
      [Ref Enq: 0.0 ms]
      [Redirty Cards: 0.5 ms]
      [Humongous Register: 0.0 ms]
      [Humongous Reclaim: 0.0 ms]
      [Free CSet: 0.2 ms]
   [Eden: 166.0M(166.0M)->0.0B(173.0M) Survivors: 23.0M->24.0M Heap: 584.0M(2048.0M)->586.0M(2048.0M)]
 [Times: user=1.16 sys=0.02, real=0.15 secs] 
2020-09-29T12:13:37.369+0200: 162.338: [GC pause (G1 Evacuation Pause) (young), 0.1508959 secs]
   [Parallel Time: 149.7 ms, GC Workers: 8]
      [GC Worker Start (ms): Min: 162338.3, Avg: 162338.4, Max: 162338.5, Diff: 0.2]
      [Ext Root Scanning (ms): Min: 0.0, Avg: 0.1, Max: 0.2, Diff: 0.2, Sum: 0.7]
      [Update RS (ms): Min: 15.5, Avg: 15.9, Max: 16.3, Diff: 0.8, Sum: 127.1]
         [Processed Buffers: Min: 11, Avg: 12.9, Max: 14, Diff: 3, Sum: 103]
      [Scan RS (ms): Min: 11.4, Avg: 11.9, Max: 12.4, Diff: 1.0, Sum: 94.8]
      [Code Root Scanning (ms): Min: 0.0, Avg: 0.0, Max: 0.0, Diff: 0.0, Sum: 0.0]
      [Object Copy (ms): Min: 121.4, Avg: 121.5, Max: 121.6, Diff: 0.2, Sum: 972.2]
      [Termination (ms): Min: 0.0, Avg: 0.1, Max: 0.1, Diff: 0.1, Sum: 0.6]
         [Termination Attempts: Min: 1, Avg: 87.5, Max: 116, Diff: 115, Sum: 700]
      [GC Worker Other (ms): Min: 0.0, Avg: 0.0, Max: 0.0, Diff: 0.0, Sum: 0.1]
      [GC Worker Total (ms): Min: 149.4, Avg: 149.4, Max: 149.5, Diff: 0.2, Sum: 1195.5]
      [GC Worker End (ms): Min: 162487.8, Avg: 162487.8, Max: 162487.8, Diff: 0.0]
   [Code Root Fixup: 0.0 ms]
   [Code Root Purge: 0.0 ms]
   [Clear CT: 0.2 ms]
   [Other: 1.0 ms]
      [Choose CSet: 0.0 ms]
      [Ref Proc: 0.2 ms]
      [Ref Enq: 0.0 ms]
      [Redirty Cards: 0.2 ms]
      [Humongous Register: 0.1 ms]
      [Humongous Reclaim: 0.0 ms]
      [Free CSet: 0.2 ms]
   [Eden: 173.0M(173.0M)->0.0B(185.0M) Survivors: 24.0M->25.0M Heap: 787.6M(2048.0M)->789.6M(2048.0M)]
 [Times: user=1.06 sys=0.00, real=0.15 secs] 
2020-09-29T12:13:37.651+0200: 162.620: [GC pause (G1 Evacuation Pause) (young), 0.1548716 secs]
   [Parallel Time: 153.4 ms, GC Workers: 8]
      [GC Worker Start (ms): Min: 162619.7, Avg: 162619.8, Max: 162619.9, Diff: 0.2]
      [Ext Root Scanning (ms): Min: 0.0, Avg: 0.1, Max: 0.2, Diff: 0.2, Sum: 0.7]
      [Update RS (ms): Min: 15.2, Avg: 15.3, Max: 15.6, Diff: 0.4, Sum: 122.6]
         [Processed Buffers: Min: 12, Avg: 13.3, Max: 15, Diff: 3, Sum: 106]
      [Scan RS (ms): Min: 12.1, Avg: 12.4, Max: 12.5, Diff: 0.4, Sum: 99.3]
      [Code Root Scanning (ms): Min: 0.0, Avg: 0.0, Max: 0.0, Diff: 0.0, Sum: 0.0]
      [Object Copy (ms): Min: 125.1, Avg: 125.2, Max: 125.3, Diff: 0.3, Sum: 1001.4]
      [Termination (ms): Min: 0.1, Avg: 0.2, Max: 0.3, Diff: 0.2, Sum: 1.7]
         [Termination Attempts: Min: 1, Avg: 684.8, Max: 834, Diff: 833, Sum: 5478]
      [GC Worker Other (ms): Min: 0.0, Avg: 0.0, Max: 0.0, Diff: 0.0, Sum: 0.1]
      [GC Worker Total (ms): Min: 153.1, Avg: 153.2, Max: 153.3, Diff: 0.2, Sum: 1225.8]
      [GC Worker End (ms): Min: 162773.0, Avg: 162773.0, Max: 162773.0, Diff: 0.0]
   [Code Root Fixup: 0.0 ms]
   [Code Root Purge: 0.0 ms]
   [Clear CT: 0.2 ms]
   [Other: 1.2 ms]
      [Choose CSet: 0.0 ms]
      [Ref Proc: 0.3 ms]
      [Ref Enq: 0.0 ms]
      [Redirty Cards: 0.4 ms]
      [Humongous Register: 0.0 ms]
      [Humongous Reclaim: 0.0 ms]
      [Free CSet: 0.3 ms]
   [Eden: 181.0M(177.0M)->0.0B(196.0M) Survivors: 25.0M->26.0M Heap: 1001.1M(2048.0M)->1003.1M(2048.0M)]
 [Times: user=1.19 sys=0.00, real=0.15 secs] 
2020-09-29T12:13:37.818+0200: 162.787: [GC pause (G1 Humongous Allocation) (young) (initial-mark), 0.0551020 secs]
   [Parallel Time: 53.9 ms, GC Workers: 8]
      [GC Worker Start (ms): Min: 162787.1, Avg: 162787.2, Max: 162787.3, Diff: 0.3]
      [Ext Root Scanning (ms): Min: 0.0, Avg: 0.7, Max: 3.3, Diff: 3.2, Sum: 5.6]
      [Update RS (ms): Min: 24.7, Avg: 27.2, Max: 28.5, Diff: 3.8, Sum: 217.4]
         [Processed Buffers: Min: 22, Avg: 24.6, Max: 27, Diff: 5, Sum: 197]
      [Scan RS (ms): Min: 1.5, Avg: 2.2, Max: 2.5, Diff: 1.0, Sum: 17.7]
      [Code Root Scanning (ms): Min: 0.0, Avg: 0.0, Max: 0.0, Diff: 0.0, Sum: 0.0]
      [Object Copy (ms): Min: 23.4, Avg: 23.4, Max: 23.5, Diff: 0.1, Sum: 187.6]
      [Termination (ms): Min: 0.0, Avg: 0.0, Max: 0.0, Diff: 0.0, Sum: 0.2]
         [Termination Attempts: Min: 1, Avg: 77.0, Max: 100, Diff: 99, Sum: 616]
      [GC Worker Other (ms): Min: 0.0, Avg: 0.0, Max: 0.0, Diff: 0.0, Sum: 0.2]
      [GC Worker Total (ms): Min: 53.5, Avg: 53.6, Max: 53.7, Diff: 0.3, Sum: 428.6]
      [GC Worker End (ms): Min: 162840.8, Avg: 162840.8, Max: 162840.8, Diff: 0.0]
   [Code Root Fixup: 0.0 ms]
   [Code Root Purge: 0.0 ms]
   [Clear CT: 0.3 ms]
   [Other: 0.9 ms]
      [Choose CSet: 0.0 ms]
      [Ref Proc: 0.2 ms]
      [Ref Enq: 0.0 ms]
      [Redirty Cards: 0.2 ms]
      [Humongous Register: 0.1 ms]
      [Humongous Reclaim: 0.0 ms]
      [Free CSet: 0.1 ms]
   [Eden: 6144.0K(196.0M)->0.0B(212.0M) Survivors: 26.0M->8192.0K Heap: 1009.1M(2048.0M)->1012.1M(2048.0M)]
 [Times: user=0.38 sys=0.00, real=0.05 secs] 
2020-09-29T12:13:37.873+0200: 162.842: [GC concurrent-root-region-scan-start]
2020-09-29T12:13:37.876+0200: 162.845: [GC concurrent-root-region-scan-end, 0.0029797 secs]
2020-09-29T12:13:37.876+0200: 162.845: [GC concurrent-mark-start]
2020-09-29T12:13:37.881+0200: 162.850: [GC concurrent-mark-end, 0.0045814 secs]
2020-09-29T12:13:37.881+0200: 162.850: [GC remark 2020-09-29T12:13:37.881+0200: 162.850: [Finalize Marking, 0.0002989 secs] 2020-09-29T12:13:37.881+0200: 162.850: [GC ref-proc, 0.0004709 secs] 2020-09-29T12:13:37.882+0200: 162.851: [Unloading, 0.0006401 secs], 0.0019431 secs]
 [Times: user=0.00 sys=0.00, real=0.00 secs] 
2020-09-29T12:13:37.884+0200: 162.853: [GC cleanup 1025M->30M(2048M), 0.0016904 secs]
 [Times: user=0.00 sys=0.00, real=0.00 secs] 
2020-09-29T12:13:37.885+0200: 162.854: [GC concurrent-cleanup-start]
2020-09-29T12:13:37.887+0200: 162.856: [GC concurrent-cleanup-end, 0.0015716 secs]
2020-09-29T12:13:38.031+0200: 163.000: [GC pause (G1 Evacuation Pause) (young), 0.1687141 secs]
   [Parallel Time: 167.1 ms, GC Workers: 8]
      [GC Worker Start (ms): Min: 163000.1, Avg: 163000.2, Max: 163000.3, Diff: 0.2]
      [Ext Root Scanning (ms): Min: 0.0, Avg: 0.1, Max: 0.2, Diff: 0.2, Sum: 0.7]
      [Update RS (ms): Min: 17.7, Avg: 18.0, Max: 18.7, Diff: 1.0, Sum: 143.8]
         [Processed Buffers: Min: 14, Avg: 15.0, Max: 17, Diff: 3, Sum: 120]
      [Scan RS (ms): Min: 11.9, Avg: 12.6, Max: 13.0, Diff: 1.1, Sum: 100.7]
      [Code Root Scanning (ms): Min: 0.0, Avg: 0.0, Max: 0.0, Diff: 0.0, Sum: 0.0]
      [Object Copy (ms): Min: 135.9, Avg: 136.0, Max: 136.1, Diff: 0.2, Sum: 1087.8]
      [Termination (ms): Min: 0.0, Avg: 0.2, Max: 0.2, Diff: 0.2, Sum: 1.4]
         [Termination Attempts: Min: 1, Avg: 839.3, Max: 1018, Diff: 1017, Sum: 6714]
      [GC Worker Other (ms): Min: 0.0, Avg: 0.0, Max: 0.1, Diff: 0.1, Sum: 0.3]
      [GC Worker Total (ms): Min: 166.7, Avg: 166.9, Max: 167.0, Diff: 0.3, Sum: 1334.8]
      [GC Worker End (ms): Min: 163167.1, Avg: 163167.1, Max: 163167.1, Diff: 0.1]
   [Code Root Fixup: 0.0 ms]
   [Code Root Purge: 0.0 ms]
   [Clear CT: 0.2 ms]
   [Other: 1.4 ms]
      [Choose CSet: 0.0 ms]
      [Ref Proc: 0.3 ms]
      [Ref Enq: 0.0 ms]
      [Redirty Cards: 0.5 ms]
      [Humongous Register: 0.0 ms]
      [Humongous Reclaim: 0.0 ms]
      [Free CSet: 0.2 ms]
   [Eden: 212.0M(212.0M)->0.0B(197.0M) Survivors: 8192.0K->28.0M Heap: 265.7M(2048.0M)->259.7M(2048.0M)]
 [Times: user=1.30 sys=0.00, real=0.17 secs] 
2020-09-29T12:13:38.371+0200: 163.340: [GC pause (G1 Evacuation Pause) (young), 0.1694700 secs]
   [Parallel Time: 168.1 ms, GC Workers: 8]
      [GC Worker Start (ms): Min: 163340.3, Avg: 163340.3, Max: 163340.4, Diff: 0.1]
      [Ext Root Scanning (ms): Min: 0.0, Avg: 0.1, Max: 0.2, Diff: 0.1, Sum: 0.8]
      [Update RS (ms): Min: 18.7, Avg: 19.0, Max: 19.5, Diff: 0.7, Sum: 151.8]
         [Processed Buffers: Min: 14, Avg: 15.1, Max: 17, Diff: 3, Sum: 121]
      [Scan RS (ms): Min: 13.4, Avg: 13.9, Max: 14.1, Diff: 0.7, Sum: 111.2]
      [Code Root Scanning (ms): Min: 0.0, Avg: 0.0, Max: 0.0, Diff: 0.0, Sum: 0.0]
      [Object Copy (ms): Min: 134.8, Avg: 134.9, Max: 135.0, Diff: 0.1, Sum: 1079.1]
      [Termination (ms): Min: 0.0, Avg: 0.0, Max: 0.1, Diff: 0.1, Sum: 0.4]
         [Termination Attempts: Min: 1, Avg: 14.1, Max: 23, Diff: 22, Sum: 113]
      [GC Worker Other (ms): Min: 0.0, Avg: 0.0, Max: 0.0, Diff: 0.0, Sum: 0.1]
      [GC Worker Total (ms): Min: 167.9, Avg: 167.9, Max: 168.0, Diff: 0.1, Sum: 1343.4]
      [GC Worker End (ms): Min: 163508.3, Avg: 163508.3, Max: 163508.3, Diff: 0.0]
   [Code Root Fixup: 0.0 ms]
   [Code Root Purge: 0.0 ms]
   [Clear CT: 0.3 ms]
   [Other: 1.1 ms]
      [Choose CSet: 0.0 ms]
      [Ref Proc: 0.3 ms]
      [Ref Enq: 0.0 ms]
      [Redirty Cards: 0.3 ms]
      [Humongous Register: 0.0 ms]
      [Humongous Reclaim: 0.0 ms]
      [Free CSet: 0.3 ms]
   [Eden: 197.0M(197.0M)->0.0B(199.0M) Survivors: 28.0M->29.0M Heap: 489.2M(2048.0M)->491.2M(2048.0M)]
 [Times: user=1.31 sys=0.00, real=0.17 secs] 
2020-09-29T12:13:38.699+0200: 163.668: [GC pause (G1 Evacuation Pause) (young), 0.1843966 secs]
   [Parallel Time: 183.0 ms, GC Workers: 8]
      [GC Worker Start (ms): Min: 163668.6, Avg: 163669.0, Max: 163670.0, Diff: 1.3]
      [Ext Root Scanning (ms): Min: 0.0, Avg: 0.1, Max: 0.2, Diff: 0.2, Sum: 0.7]
      [Update RS (ms): Min: 24.1, Avg: 25.0, Max: 25.4, Diff: 1.4, Sum: 199.8]
         [Processed Buffers: Min: 18, Avg: 19.9, Max: 23, Diff: 5, Sum: 159]
      [Scan RS (ms): Min: 11.7, Avg: 11.9, Max: 12.1, Diff: 0.4, Sum: 95.6]
      [Code Root Scanning (ms): Min: 0.0, Avg: 0.0, Max: 0.0, Diff: 0.0, Sum: 0.0]
      [Object Copy (ms): Min: 145.2, Avg: 145.3, Max: 145.4, Diff: 0.2, Sum: 1162.5]
      [Termination (ms): Min: 0.0, Avg: 0.1, Max: 0.1, Diff: 0.1, Sum: 0.4]
         [Termination Attempts: Min: 1, Avg: 240.5, Max: 348, Diff: 347, Sum: 1924]
      [GC Worker Other (ms): Min: 0.0, Avg: 0.0, Max: 0.1, Diff: 0.1, Sum: 0.3]
      [GC Worker Total (ms): Min: 181.5, Avg: 182.4, Max: 182.9, Diff: 1.4, Sum: 1459.4]
      [GC Worker End (ms): Min: 163851.5, Avg: 163851.5, Max: 163851.5, Diff: 0.1]
   [Code Root Fixup: 0.0 ms]
   [Code Root Purge: 0.0 ms]
   [Clear CT: 0.3 ms]
   [Other: 1.1 ms]
      [Choose CSet: 0.0 ms]
      [Ref Proc: 0.2 ms]
      [Ref Enq: 0.0 ms]
      [Redirty Cards: 0.3 ms]
      [Humongous Register: 0.1 ms]
      [Humongous Reclaim: 0.0 ms]
      [Free CSet: 0.3 ms]
   [Eden: 199.0M(199.0M)->0.0B(197.0M) Survivors: 29.0M->29.0M Heap: 724.5M(2048.0M)->726.5M(2048.0M)]
 [Times: user=1.45 sys=0.00, real=0.19 secs] 
2020-09-29T12:13:39.044+0200: 164.013: [GC pause (G1 Evacuation Pause) (young), 0.2186316 secs]
   [Parallel Time: 217.2 ms, GC Workers: 8]
      [GC Worker Start (ms): Min: 164013.6, Avg: 164013.7, Max: 164013.8, Diff: 0.2]
      [Ext Root Scanning (ms): Min: 0.0, Avg: 0.1, Max: 0.2, Diff: 0.2, Sum: 0.8]
      [Update RS (ms): Min: 21.3, Avg: 22.5, Max: 30.4, Diff: 9.1, Sum: 180.3]
         [Processed Buffers: Min: 0, Avg: 15.8, Max: 19, Diff: 19, Sum: 126]
      [Scan RS (ms): Min: 7.5, Avg: 15.4, Max: 16.7, Diff: 9.2, Sum: 123.3]
      [Code Root Scanning (ms): Min: 0.0, Avg: 0.0, Max: 0.0, Diff: 0.0, Sum: 0.0]
      [Object Copy (ms): Min: 178.7, Avg: 178.8, Max: 178.9, Diff: 0.2, Sum: 1430.6]
      [Termination (ms): Min: 0.0, Avg: 0.1, Max: 0.1, Diff: 0.1, Sum: 0.5]
         [Termination Attempts: Min: 1, Avg: 88.4, Max: 154, Diff: 153, Sum: 707]
      [GC Worker Other (ms): Min: 0.0, Avg: 0.0, Max: 0.0, Diff: 0.0, Sum: 0.1]
      [GC Worker Total (ms): Min: 216.9, Avg: 217.0, Max: 217.0, Diff: 0.2, Sum: 1735.7]
      [GC Worker End (ms): Min: 164230.7, Avg: 164230.7, Max: 164230.7, Diff: 0.0]
   [Code Root Fixup: 0.0 ms]
   [Code Root Purge: 0.0 ms]
   [Clear CT: 0.3 ms]
   [Other: 1.1 ms]
      [Choose CSet: 0.0 ms]
      [Ref Proc: 0.3 ms]
      [Ref Enq: 0.0 ms]
      [Redirty Cards: 0.3 ms]
      [Humongous Register: 0.0 ms]
      [Humongous Reclaim: 0.0 ms]
      [Free CSet: 0.3 ms]
   [Eden: 197.0M(197.0M)->0.0B(177.0M) Survivors: 29.0M->29.0M Heap: 955.9M(2048.0M)->957.9M(2048.0M)]
 [Times: user=1.61 sys=0.00, real=0.22 secs] 
2020-09-29T12:13:39.289+0200: 164.259: [GC pause (G1 Humongous Allocation) (young) (initial-mark), 0.0539374 secs]
   [Parallel Time: 52.7 ms, GC Workers: 8]
      [GC Worker Start (ms): Min: 164258.9, Avg: 164259.0, Max: 164259.1, Diff: 0.2]
      [Ext Root Scanning (ms): Min: 0.0, Avg: 1.5, Max: 9.4, Diff: 9.4, Sum: 11.8]
      [Update RS (ms): Min: 11.4, Avg: 19.8, Max: 21.4, Diff: 10.1, Sum: 158.6]
         [Processed Buffers: Min: 11, Avg: 17.1, Max: 20, Diff: 9, Sum: 137]
      [Scan RS (ms): Min: 2.5, Avg: 2.9, Max: 3.3, Diff: 0.8, Sum: 22.9]
      [Code Root Scanning (ms): Min: 0.0, Avg: 0.0, Max: 0.0, Diff: 0.0, Sum: 0.0]
      [Object Copy (ms): Min: 27.8, Avg: 28.2, Max: 28.4, Diff: 0.5, Sum: 225.8]
      [Termination (ms): Min: 0.0, Avg: 0.0, Max: 0.1, Diff: 0.1, Sum: 0.3]
         [Termination Attempts: Min: 1, Avg: 162.9, Max: 200, Diff: 199, Sum: 1303]
      [GC Worker Other (ms): Min: 0.0, Avg: 0.0, Max: 0.1, Diff: 0.0, Sum: 0.2]
      [GC Worker Total (ms): Min: 52.3, Avg: 52.5, Max: 52.6, Diff: 0.2, Sum: 419.7]
      [GC Worker End (ms): Min: 164311.4, Avg: 164311.4, Max: 164311.5, Diff: 0.0]
   [Code Root Fixup: 0.0 ms]
   [Code Root Purge: 0.0 ms]
   [Clear CT: 0.2 ms]
   [Other: 1.0 ms]
      [Choose CSet: 0.0 ms]
      [Ref Proc: 0.3 ms]
      [Ref Enq: 0.0 ms]
      [Redirty Cards: 0.2 ms]
      [Humongous Register: 0.1 ms]
      [Humongous Reclaim: 0.0 ms]
      [Free CSet: 0.1 ms]
   [Eden: 8192.0K(177.0M)->0.0B(203.0M) Survivors: 29.0M->10.0M Heap: 965.9M(2048.0M)->969.4M(2048.0M)]
 [Times: user=0.38 sys=0.00, real=0.06 secs] 
2020-09-29T12:13:39.344+0200: 164.313: [GC concurrent-root-region-scan-start]
2020-09-29T12:13:39.347+0200: 164.316: [GC concurrent-root-region-scan-end, 0.0036066 secs]
2020-09-29T12:13:39.347+0200: 164.316: [GC concurrent-mark-start]
2020-09-29T12:13:39.353+0200: 164.322: [GC concurrent-mark-end, 0.0052851 secs]
2020-09-29T12:13:39.353+0200: 164.322: [GC remark 2020-09-29T12:13:39.353+0200: 164.322: [Finalize Marking, 0.0002735 secs] 2020-09-29T12:13:39.354+0200: 164.323: [GC ref-proc, 0.0005120 secs] 2020-09-29T12:13:39.354+0200: 164.323: [Unloading, 0.0006840 secs], 0.0019677 secs]
 [Times: user=0.00 sys=0.00, real=0.00 secs] 
2020-09-29T12:13:39.356+0200: 164.325: [GC cleanup 981M->31M(2048M), 0.0050275 secs]
 [Times: user=0.00 sys=0.00, real=0.01 secs] 
2020-09-29T12:13:39.361+0200: 164.330: [GC concurrent-cleanup-start]
2020-09-29T12:13:39.363+0200: 164.332: [GC concurrent-cleanup-end, 0.0019348 secs]
2020-09-29T12:13:39.517+0200: 164.487: [GC pause (G1 Evacuation Pause) (young), 0.1707419 secs]
   [Parallel Time: 169.3 ms, GC Workers: 8]
      [GC Worker Start (ms): Min: 164486.7, Avg: 164486.7, Max: 164486.9, Diff: 0.2]
      [Ext Root Scanning (ms): Min: 0.0, Avg: 0.1, Max: 0.2, Diff: 0.2, Sum: 0.8]
      [Update RS (ms): Min: 20.2, Avg: 20.7, Max: 21.1, Diff: 0.9, Sum: 165.3]
         [Processed Buffers: Min: 13, Avg: 15.4, Max: 18, Diff: 5, Sum: 123]
      [Scan RS (ms): Min: 10.8, Avg: 11.5, Max: 12.8, Diff: 2.0, Sum: 91.8]
      [Code Root Scanning (ms): Min: 0.0, Avg: 0.0, Max: 0.0, Diff: 0.0, Sum: 0.0]
      [Object Copy (ms): Min: 135.1, Avg: 136.6, Max: 137.0, Diff: 1.9, Sum: 1092.8]
      [Termination (ms): Min: 0.0, Avg: 0.2, Max: 0.2, Diff: 0.2, Sum: 1.3]
         [Termination Attempts: Min: 1, Avg: 745.8, Max: 924, Diff: 923, Sum: 5966]
      [GC Worker Other (ms): Min: 0.0, Avg: 0.2, Max: 0.2, Diff: 0.2, Sum: 1.3]
      [GC Worker Total (ms): Min: 169.0, Avg: 169.2, Max: 169.3, Diff: 0.3, Sum: 1353.4]
      [GC Worker End (ms): Min: 164655.8, Avg: 164655.9, Max: 164656.0, Diff: 0.2]
   [Code Root Fixup: 0.0 ms]
   [Code Root Purge: 0.0 ms]
   [Clear CT: 0.2 ms]
   [Other: 1.2 ms]
      [Choose CSet: 0.0 ms]
      [Ref Proc: 0.2 ms]
      [Ref Enq: 0.0 ms]
      [Redirty Cards: 0.3 ms]
      [Humongous Register: 0.0 ms]
      [Humongous Reclaim: 0.0 ms]
      [Free CSet: 0.3 ms]
   [Eden: 203.0M(203.0M)->0.0B(191.0M) Survivors: 10.0M->27.0M Heap: 256.8M(2048.0M)->248.8M(2048.0M)]
 [Times: user=1.19 sys=0.02, real=0.17 secs] 
2020-09-29T12:13:39.843+0200: 164.812: [GC pause (G1 Evacuation Pause) (young), 0.1805699 secs]
   [Parallel Time: 179.1 ms, GC Workers: 8]
      [GC Worker Start (ms): Min: 164812.4, Avg: 164812.6, Max: 164812.9, Diff: 0.4]
      [Ext Root Scanning (ms): Min: 0.0, Avg: 0.1, Max: 0.2, Diff: 0.2, Sum: 0.7]
      [Update RS (ms): Min: 16.8, Avg: 17.2, Max: 17.7, Diff: 0.9, Sum: 137.3]
         [Processed Buffers: Min: 13, Avg: 14.6, Max: 17, Diff: 4, Sum: 117]
      [Scan RS (ms): Min: 14.2, Avg: 14.7, Max: 15.0, Diff: 0.8, Sum: 117.8]
      [Code Root Scanning (ms): Min: 0.0, Avg: 0.0, Max: 0.0, Diff: 0.0, Sum: 0.0]
      [Object Copy (ms): Min: 146.7, Avg: 146.7, Max: 146.9, Diff: 0.2, Sum: 1173.8]
      [Termination (ms): Min: 0.0, Avg: 0.1, Max: 0.1, Diff: 0.1, Sum: 0.7]
         [Termination Attempts: Min: 1, Avg: 471.6, Max: 588, Diff: 587, Sum: 3773]
      [GC Worker Other (ms): Min: 0.0, Avg: 0.1, Max: 0.1, Diff: 0.1, Sum: 0.4]
      [GC Worker Total (ms): Min: 178.6, Avg: 178.9, Max: 179.0, Diff: 0.4, Sum: 1430.9]
      [GC Worker End (ms): Min: 164991.4, Avg: 164991.5, Max: 164991.5, Diff: 0.0]
   [Code Root Fixup: 0.0 ms]
   [Code Root Purge: 0.0 ms]
   [Clear CT: 0.2 ms]
   [Other: 1.2 ms]
      [Choose CSet: 0.0 ms]
      [Ref Proc: 0.3 ms]
      [Ref Enq: 0.0 ms]
      [Redirty Cards: 0.3 ms]
      [Humongous Register: 0.1 ms]
      [Humongous Reclaim: 0.0 ms]
      [Free CSet: 0.2 ms]
   [Eden: 191.0M(191.0M)->0.0B(188.0M) Survivors: 27.0M->28.0M Heap: 472.3M(2048.0M)->474.3M(2048.0M)]
 [Times: user=1.39 sys=0.00, real=0.18 secs] 
2020-09-29T12:13:40.159+0200: 165.128: [GC pause (G1 Evacuation Pause) (young), 0.1248257 secs]
   [Parallel Time: 123.5 ms, GC Workers: 8]
      [GC Worker Start (ms): Min: 165127.9, Avg: 165127.9, Max: 165128.1, Diff: 0.2]
      [Ext Root Scanning (ms): Min: 0.0, Avg: 0.1, Max: 0.2, Diff: 0.2, Sum: 0.7]
      [Update RS (ms): Min: 15.3, Avg: 15.6, Max: 15.8, Diff: 0.5, Sum: 124.5]
         [Processed Buffers: Min: 12, Avg: 15.5, Max: 17, Diff: 5, Sum: 124]
      [Scan RS (ms): Min: 7.8, Avg: 8.0, Max: 8.2, Diff: 0.5, Sum: 64.2]
      [Code Root Scanning (ms): Min: 0.0, Avg: 0.0, Max: 0.0, Diff: 0.0, Sum: 0.0]
      [Object Copy (ms): Min: 99.4, Avg: 99.5, Max: 99.6, Diff: 0.2, Sum: 796.0]
      [Termination (ms): Min: 0.0, Avg: 0.1, Max: 0.2, Diff: 0.2, Sum: 1.1]
         [Termination Attempts: Min: 1, Avg: 712.5, Max: 876, Diff: 875, Sum: 5700]
      [GC Worker Other (ms): Min: 0.0, Avg: 0.0, Max: 0.0, Diff: 0.0, Sum: 0.1]
      [GC Worker Total (ms): Min: 123.2, Avg: 123.3, Max: 123.4, Diff: 0.2, Sum: 986.6]
      [GC Worker End (ms): Min: 165251.3, Avg: 165251.3, Max: 165251.3, Diff: 0.0]
   [Code Root Fixup: 0.0 ms]
   [Code Root Purge: 0.0 ms]
   [Clear CT: 0.2 ms]
   [Other: 1.1 ms]
      [Choose CSet: 0.0 ms]
      [Ref Proc: 0.2 ms]
      [Ref Enq: 0.0 ms]
      [Redirty Cards: 0.4 ms]
      [Humongous Register: 0.0 ms]
      [Humongous Reclaim: 0.0 ms]
      [Free CSet: 0.2 ms]
   [Eden: 188.0M(188.0M)->0.0B(205.0M) Survivors: 28.0M->27.0M Heap: 692.8M(2048.0M)->694.8M(2048.0M)]
 [Times: user=0.86 sys=0.00, real=0.13 secs] 
2020-09-29T12:13:40.414+0200: 165.383: [GC pause (G1 Evacuation Pause) (young), 0.1913644 secs]
   [Parallel Time: 190.4 ms, GC Workers: 8]
      [GC Worker Start (ms): Min: 165383.5, Avg: 165387.0, Max: 165404.2, Diff: 20.7]
      [Ext Root Scanning (ms): Min: 0.0, Avg: 0.1, Max: 0.1, Diff: 0.1, Sum: 0.6]
      [Update RS (ms): Min: 0.0, Avg: 15.8, Max: 19.0, Diff: 19.0, Sum: 126.1]
         [Processed Buffers: Min: 0, Avg: 14.1, Max: 18, Diff: 18, Sum: 113]
      [Scan RS (ms): Min: 11.2, Avg: 12.6, Max: 12.9, Diff: 1.8, Sum: 101.1]
      [Code Root Scanning (ms): Min: 0.0, Avg: 0.0, Max: 0.0, Diff: 0.0, Sum: 0.0]
      [Object Copy (ms): Min: 158.2, Avg: 158.2, Max: 158.4, Diff: 0.2, Sum: 1265.8]
      [Termination (ms): Min: 0.0, Avg: 0.2, Max: 0.2, Diff: 0.2, Sum: 1.4]
         [Termination Attempts: Min: 1, Avg: 1189.3, Max: 1485, Diff: 1484, Sum: 9514]
      [GC Worker Other (ms): Min: 0.0, Avg: 0.0, Max: 0.0, Diff: 0.0, Sum: 0.2]
      [GC Worker Total (ms): Min: 169.6, Avg: 186.9, Max: 190.3, Diff: 20.7, Sum: 1495.3]
      [GC Worker End (ms): Min: 165573.9, Avg: 165573.9, Max: 165573.9, Diff: 0.0]
   [Code Root Fixup: 0.0 ms]
   [Code Root Purge: 0.0 ms]
   [Clear CT: 0.2 ms]
   [Other: 0.8 ms]
      [Choose CSet: 0.0 ms]
      [Ref Proc: 0.1 ms]
      [Ref Enq: 0.0 ms]
      [Redirty Cards: 0.2 ms]
      [Humongous Register: 0.0 ms]
      [Humongous Reclaim: 0.0 ms]
      [Free CSet: 0.2 ms]
   [Eden: 205.0M(205.0M)->0.0B(197.0M) Survivors: 27.0M->29.0M Heap: 934.1M(2048.0M)->936.6M(2048.0M)]
 [Times: user=1.38 sys=0.00, real=0.19 secs] 
2020-09-29T12:13:40.635+0200: 165.604: [GC pause (G1 Humongous Allocation) (young) (initial-mark), 0.0609931 secs]
   [Parallel Time: 60.1 ms, GC Workers: 8]
      [GC Worker Start (ms): Min: 165604.5, Avg: 165604.5, Max: 165604.6, Diff: 0.1]
      [Ext Root Scanning (ms): Min: 0.0, Avg: 0.1, Max: 0.1, Diff: 0.1, Sum: 0.7]
      [Update RS (ms): Min: 18.5, Avg: 18.9, Max: 19.3, Diff: 0.8, Sum: 151.3]
         [Processed Buffers: Min: 17, Avg: 19.6, Max: 22, Diff: 5, Sum: 157]
      [Scan RS (ms): Min: 2.3, Avg: 2.8, Max: 3.1, Diff: 0.8, Sum: 22.3]
      [Code Root Scanning (ms): Min: 0.0, Avg: 0.0, Max: 0.0, Diff: 0.0, Sum: 0.0]
      [Object Copy (ms): Min: 37.8, Avg: 38.0, Max: 38.2, Diff: 0.5, Sum: 304.3]
      [Termination (ms): Min: 0.0, Avg: 0.1, Max: 0.2, Diff: 0.2, Sum: 1.2]
         [Termination Attempts: Min: 1, Avg: 919.1, Max: 1155, Diff: 1154, Sum: 7353]
      [GC Worker Other (ms): Min: 0.0, Avg: 0.0, Max: 0.0, Diff: 0.0, Sum: 0.1]
      [GC Worker Total (ms): Min: 59.9, Avg: 60.0, Max: 60.0, Diff: 0.1, Sum: 479.9]
      [GC Worker End (ms): Min: 165664.5, Avg: 165664.5, Max: 165664.5, Diff: 0.0]
   [Code Root Fixup: 0.0 ms]
   [Code Root Purge: 0.0 ms]
   [Clear CT: 0.2 ms]
   [Other: 0.6 ms]
      [Choose CSet: 0.0 ms]
      [Ref Proc: 0.2 ms]
      [Ref Enq: 0.0 ms]
      [Redirty Cards: 0.2 ms]
      [Humongous Register: 0.0 ms]
      [Humongous Reclaim: 0.0 ms]
      [Free CSet: 0.1 ms]
   [Eden: 38.0M(197.0M)->0.0B(211.0M) Survivors: 29.0M->29.0M Heap: 979.8M(2048.0M)->981.8M(2048.0M)]
 [Times: user=0.48 sys=0.00, real=0.06 secs] 
2020-09-29T12:13:40.696+0200: 165.665: [GC concurrent-root-region-scan-start]
2020-09-29T12:13:40.703+0200: 165.672: [GC concurrent-root-region-scan-end, 0.0064875 secs]
2020-09-29T12:13:40.703+0200: 165.672: [GC concurrent-mark-start]
2020-09-29T12:13:40.705+0200: 165.674: [GC concurrent-mark-end, 0.0023265 secs]
2020-09-29T12:13:40.705+0200: 165.675: [GC remark 2020-09-29T12:13:40.705+0200: 165.675: [Finalize Marking, 0.0001820 secs] 2020-09-29T12:13:40.706+0200: 165.675: [GC ref-proc, 0.0002918 secs] 2020-09-29T12:13:40.706+0200: 165.675: [Unloading, 0.0004361 secs], 0.0012871 secs]
 [Times: user=0.00 sys=0.00, real=0.00 secs] 
2020-09-29T12:13:40.707+0200: 165.676: [GC cleanup 1002M->59M(2048M), 0.0011065 secs]
 [Times: user=0.05 sys=0.02, real=0.00 secs] 
2020-09-29T12:13:40.708+0200: 165.677: [GC concurrent-cleanup-start]
2020-09-29T12:13:40.709+0200: 165.678: [GC concurrent-cleanup-end, 0.0010726 secs]
2020-09-29T12:13:40.812+0200: 165.781: [GC pause (G1 Evacuation Pause) (young), 0.1468065 secs]
   [Parallel Time: 145.8 ms, GC Workers: 8]
      [GC Worker Start (ms): Min: 165781.5, Avg: 165781.5, Max: 165781.6, Diff: 0.2]
      [Ext Root Scanning (ms): Min: 0.0, Avg: 0.1, Max: 0.4, Diff: 0.4, Sum: 0.9]
      [Update RS (ms): Min: 20.8, Avg: 21.9, Max: 28.4, Diff: 7.7, Sum: 175.0]
         [Processed Buffers: Min: 5, Avg: 17.9, Max: 24, Diff: 19, Sum: 143]
      [Scan RS (ms): Min: 6.7, Avg: 13.3, Max: 14.4, Diff: 7.6, Sum: 106.1]
      [Code Root Scanning (ms): Min: 0.0, Avg: 0.0, Max: 0.0, Diff: 0.0, Sum: 0.0]
      [Object Copy (ms): Min: 110.1, Avg: 110.2, Max: 110.3, Diff: 0.2, Sum: 881.6]
      [Termination (ms): Min: 0.0, Avg: 0.1, Max: 0.2, Diff: 0.2, Sum: 1.2]
         [Termination Attempts: Min: 1, Avg: 942.6, Max: 1221, Diff: 1220, Sum: 7541]
      [GC Worker Other (ms): Min: 0.0, Avg: 0.0, Max: 0.1, Diff: 0.0, Sum: 0.2]
      [GC Worker Total (ms): Min: 145.5, Avg: 145.6, Max: 145.7, Diff: 0.2, Sum: 1165.0]
      [GC Worker End (ms): Min: 165927.1, Avg: 165927.2, Max: 165927.2, Diff: 0.0]
   [Code Root Fixup: 0.0 ms]
   [Code Root Purge: 0.0 ms]
   [Clear CT: 0.2 ms]
   [Other: 0.9 ms]
      [Choose CSet: 0.0 ms]
      [Ref Proc: 0.2 ms]
      [Ref Enq: 0.0 ms]
      [Redirty Cards: 0.2 ms]
      [Humongous Register: 0.0 ms]
      [Humongous Reclaim: 0.0 ms]
      [Free CSet: 0.2 ms]
   [Eden: 211.0M(211.0M)->0.0B(221.0M) Survivors: 29.0M->30.0M Heap: 286.2M(2048.0M)->259.7M(2048.0M)]
 [Times: user=1.00 sys=0.00, real=0.15 secs] 
2020-09-29T12:13:41.094+0200: 166.063: [GC pause (G1 Evacuation Pause) (young), 0.1424105 secs]
   [Parallel Time: 141.4 ms, GC Workers: 8]
      [GC Worker Start (ms): Min: 166063.3, Avg: 166063.5, Max: 166063.5, Diff: 0.2]
      [Ext Root Scanning (ms): Min: 0.0, Avg: 0.1, Max: 0.2, Diff: 0.2, Sum: 0.5]
      [Update RS (ms): Min: 16.6, Avg: 16.8, Max: 17.1, Diff: 0.4, Sum: 134.7]
         [Processed Buffers: Min: 14, Avg: 15.4, Max: 18, Diff: 4, Sum: 123]
      [Scan RS (ms): Min: 14.0, Avg: 14.3, Max: 14.6, Diff: 0.6, Sum: 114.2]
      [Code Root Scanning (ms): Min: 0.0, Avg: 0.0, Max: 0.0, Diff: 0.0, Sum: 0.0]
      [Object Copy (ms): Min: 109.7, Avg: 109.9, Max: 110.0, Diff: 0.3, Sum: 879.0]
      [Termination (ms): Min: 0.0, Avg: 0.0, Max: 0.0, Diff: 0.0, Sum: 0.1]
         [Termination Attempts: Min: 1, Avg: 83.3, Max: 120, Diff: 119, Sum: 666]
      [GC Worker Other (ms): Min: 0.0, Avg: 0.0, Max: 0.1, Diff: 0.1, Sum: 0.3]
      [GC Worker Total (ms): Min: 141.0, Avg: 141.1, Max: 141.2, Diff: 0.2, Sum: 1128.9]
      [GC Worker End (ms): Min: 166204.5, Avg: 166204.6, Max: 166204.6, Diff: 0.1]
   [Code Root Fixup: 0.0 ms]
   [Code Root Purge: 0.0 ms]
   [Clear CT: 0.2 ms]
   [Other: 0.9 ms]
      [Choose CSet: 0.0 ms]
      [Ref Proc: 0.2 ms]
      [Ref Enq: 0.0 ms]
      [Redirty Cards: 0.2 ms]
      [Humongous Register: 0.0 ms]
      [Humongous Reclaim: 0.0 ms]
      [Free CSet: 0.2 ms]
   [Eden: 221.0M(221.0M)->0.0B(231.0M) Survivors: 30.0M->32.0M Heap: 517.0M(2048.0M)->519.0M(2048.0M)]
 [Times: user=1.03 sys=0.03, real=0.14 secs] 
2020-09-29T12:13:41.371+0200: 166.340: [GC pause (G1 Evacuation Pause) (young), 0.1292860 secs]
   [Parallel Time: 128.2 ms, GC Workers: 8]
      [GC Worker Start (ms): Min: 166340.1, Avg: 166340.2, Max: 166340.2, Diff: 0.1]
      [Ext Root Scanning (ms): Min: 0.0, Avg: 0.1, Max: 0.1, Diff: 0.1, Sum: 0.6]
      [Update RS (ms): Min: 13.8, Avg: 14.0, Max: 14.3, Diff: 0.5, Sum: 111.7]
         [Processed Buffers: Min: 14, Avg: 16.0, Max: 18, Diff: 4, Sum: 128]
      [Scan RS (ms): Min: 11.0, Avg: 11.3, Max: 11.5, Diff: 0.5, Sum: 90.2]
      [Code Root Scanning (ms): Min: 0.0, Avg: 0.0, Max: 0.0, Diff: 0.0, Sum: 0.0]
      [Object Copy (ms): Min: 102.6, Avg: 102.6, Max: 102.7, Diff: 0.1, Sum: 821.1]
      [Termination (ms): Min: 0.0, Avg: 0.0, Max: 0.0, Diff: 0.0, Sum: 0.0]
         [Termination Attempts: Min: 1, Avg: 10.6, Max: 18, Diff: 17, Sum: 85]
      [GC Worker Other (ms): Min: 0.0, Avg: 0.0, Max: 0.1, Diff: 0.0, Sum: 0.3]
      [GC Worker Total (ms): Min: 128.0, Avg: 128.0, Max: 128.0, Diff: 0.1, Sum: 1023.9]
      [GC Worker End (ms): Min: 166468.1, Avg: 166468.2, Max: 166468.2, Diff: 0.0]
   [Code Root Fixup: 0.0 ms]
   [Code Root Purge: 0.0 ms]
   [Clear CT: 0.2 ms]
   [Other: 1.0 ms]
      [Choose CSet: 0.0 ms]
      [Ref Proc: 0.3 ms]
      [Ref Enq: 0.0 ms]
      [Redirty Cards: 0.2 ms]
      [Humongous Register: 0.0 ms]
      [Humongous Reclaim: 0.0 ms]
      [Free CSet: 0.2 ms]
   [Eden: 231.0M(231.0M)->0.0B(251.0M) Survivors: 32.0M->33.0M Heap: 788.1M(2048.0M)->790.6M(2048.0M)]
 [Times: user=0.95 sys=0.00, real=0.13 secs] 
2020-09-29T12:13:41.636+0200: 166.606: [GC pause (G1 Evacuation Pause) (young), 0.1434916 secs]
   [Parallel Time: 142.4 ms, GC Workers: 8]
      [GC Worker Start (ms): Min: 166605.7, Avg: 166605.8, Max: 166605.9, Diff: 0.2]
      [Ext Root Scanning (ms): Min: 0.0, Avg: 0.1, Max: 0.2, Diff: 0.2, Sum: 0.5]
      [Update RS (ms): Min: 18.4, Avg: 18.6, Max: 18.7, Diff: 0.4, Sum: 148.6]
         [Processed Buffers: Min: 18, Avg: 18.9, Max: 19, Diff: 1, Sum: 151]
      [Scan RS (ms): Min: 12.4, Avg: 12.5, Max: 12.7, Diff: 0.3, Sum: 100.1]
      [Code Root Scanning (ms): Min: 0.0, Avg: 0.0, Max: 0.0, Diff: 0.0, Sum: 0.0]
      [Object Copy (ms): Min: 110.7, Avg: 110.9, Max: 111.0, Diff: 0.3, Sum: 887.0]
      [Termination (ms): Min: 0.0, Avg: 0.1, Max: 0.1, Diff: 0.1, Sum: 0.7]
         [Termination Attempts: Min: 1, Avg: 565.3, Max: 681, Diff: 680, Sum: 4522]
      [GC Worker Other (ms): Min: 0.0, Avg: 0.0, Max: 0.1, Diff: 0.1, Sum: 0.4]
      [GC Worker Total (ms): Min: 142.1, Avg: 142.2, Max: 142.3, Diff: 0.2, Sum: 1137.3]
      [GC Worker End (ms): Min: 166747.9, Avg: 166748.0, Max: 166748.0, Diff: 0.1]
   [Code Root Fixup: 0.0 ms]
   [Code Root Purge: 0.0 ms]
   [Clear CT: 0.2 ms]
   [Other: 0.9 ms]
      [Choose CSet: 0.0 ms]
      [Ref Proc: 0.2 ms]
      [Ref Enq: 0.0 ms]
      [Redirty Cards: 0.2 ms]
      [Humongous Register: 0.0 ms]
      [Humongous Reclaim: 0.0 ms]
      [Free CSet: 0.3 ms]
   [Eden: 251.0M(251.0M)->0.0B(270.0M) Survivors: 33.0M->36.0M Heap: 1083.6M(2048.0M)->1085.1M(2048.0M)]
 [Times: user=1.11 sys=0.00, real=0.14 secs] 
2020-09-29T12:13:41.781+0200: 166.750: [GC pause (G1 Humongous Allocation) (young) (initial-mark), 0.0644238 secs]
   [Parallel Time: 63.5 ms, GC Workers: 8]
      [GC Worker Start (ms): Min: 166750.4, Avg: 166750.5, Max: 166750.5, Diff: 0.1]
      [Ext Root Scanning (ms): Min: 0.0, Avg: 0.1, Max: 0.1, Diff: 0.1, Sum: 0.7]
      [Update RS (ms): Min: 36.5, Avg: 36.8, Max: 37.1, Diff: 0.6, Sum: 294.1]
         [Processed Buffers: Min: 46, Avg: 47.5, Max: 50, Diff: 4, Sum: 380]
      [Scan RS (ms): Min: 0.0, Avg: 0.0, Max: 0.0, Diff: 0.0, Sum: 0.0]
      [Code Root Scanning (ms): Min: 0.0, Avg: 0.0, Max: 0.0, Diff: 0.0, Sum: 0.0]
      [Object Copy (ms): Min: 26.0, Avg: 26.4, Max: 26.6, Diff: 0.5, Sum: 211.1]
      [Termination (ms): Min: 0.0, Avg: 0.0, Max: 0.1, Diff: 0.1, Sum: 0.3]
         [Termination Attempts: Min: 1, Avg: 87.4, Max: 125, Diff: 124, Sum: 699]
      [GC Worker Other (ms): Min: 0.0, Avg: 0.0, Max: 0.0, Diff: 0.0, Sum: 0.1]
      [GC Worker Total (ms): Min: 63.3, Avg: 63.3, Max: 63.3, Diff: 0.1, Sum: 506.3]
      [GC Worker End (ms): Min: 166813.8, Avg: 166813.8, Max: 166813.8, Diff: 0.0]
   [Code Root Fixup: 0.0 ms]
   [Code Root Purge: 0.0 ms]
   [Clear CT: 0.3 ms]
   [Other: 0.6 ms]
      [Choose CSet: 0.0 ms]
      [Ref Proc: 0.1 ms]
      [Ref Enq: 0.0 ms]
      [Redirty Cards: 0.2 ms]
      [Humongous Register: 0.1 ms]
      [Humongous Reclaim: 0.0 ms]
      [Free CSet: 0.0 ms]
   [Eden: 2048.0K(270.0M)->0.0B(254.0M) Survivors: 36.0M->3072.0K Heap: 1087.1M(2048.0M)->1090.1M(2048.0M)]
 [Times: user=0.45 sys=0.02, real=0.07 secs] 
2020-09-29T12:13:41.846+0200: 166.815: [GC concurrent-root-region-scan-start]
2020-09-29T12:13:41.846+0200: 166.815: [GC concurrent-root-region-scan-end, 0.0004605 secs]
2020-09-29T12:13:41.846+0200: 166.815: [GC concurrent-mark-start]
2020-09-29T12:13:41.849+0200: 166.818: [GC concurrent-mark-end, 0.0026994 secs]
2020-09-29T12:13:41.849+0200: 166.818: [GC remark 2020-09-29T12:13:41.849+0200: 166.818: [Finalize Marking, 0.0002391 secs] 2020-09-29T12:13:41.849+0200: 166.818: [GC ref-proc, 0.0003717 secs] 2020-09-29T12:13:41.850+0200: 166.819: [Unloading, 0.0005349 secs], 0.0015190 secs]
 [Times: user=0.00 sys=0.00, real=0.00 secs] 
2020-09-29T12:13:41.851+0200: 166.820: [GC cleanup 1098M->21M(2048M), 0.0015565 secs]
 [Times: user=0.00 sys=0.00, real=0.00 secs] 
2020-09-29T12:13:41.853+0200: 166.822: [GC concurrent-cleanup-start]
2020-09-29T12:13:41.854+0200: 166.823: [GC concurrent-cleanup-end, 0.0014180 secs]
2020-09-29T12:13:41.989+0200: 166.958: [GC pause (G1 Evacuation Pause) (young), 0.1448890 secs]
   [Parallel Time: 143.8 ms, GC Workers: 8]
      [GC Worker Start (ms): Min: 166957.9, Avg: 166958.0, Max: 166958.1, Diff: 0.2]
      [Ext Root Scanning (ms): Min: 0.0, Avg: 0.1, Max: 0.2, Diff: 0.2, Sum: 0.5]
      [Update RS (ms): Min: 24.3, Avg: 24.5, Max: 24.9, Diff: 0.6, Sum: 195.9]
         [Processed Buffers: Min: 19, Avg: 21.8, Max: 25, Diff: 6, Sum: 174]
      [Scan RS (ms): Min: 14.7, Avg: 15.1, Max: 15.4, Diff: 0.6, Sum: 120.5]
      [Code Root Scanning (ms): Min: 0.0, Avg: 0.0, Max: 0.0, Diff: 0.0, Sum: 0.0]
      [Object Copy (ms): Min: 103.7, Avg: 103.8, Max: 104.0, Diff: 0.3, Sum: 830.8]
      [Termination (ms): Min: 0.0, Avg: 0.1, Max: 0.1, Diff: 0.1, Sum: 0.5]
         [Termination Attempts: Min: 1, Avg: 346.8, Max: 468, Diff: 467, Sum: 2774]
      [GC Worker Other (ms): Min: 0.0, Avg: 0.0, Max: 0.1, Diff: 0.1, Sum: 0.3]
      [GC Worker Total (ms): Min: 143.5, Avg: 143.6, Max: 143.7, Diff: 0.2, Sum: 1148.4]
      [GC Worker End (ms): Min: 167101.6, Avg: 167101.6, Max: 167101.6, Diff: 0.1]
   [Code Root Fixup: 0.0 ms]
   [Code Root Purge: 0.0 ms]
   [Clear CT: 0.3 ms]
   [Other: 0.9 ms]
      [Choose CSet: 0.0 ms]
      [Ref Proc: 0.2 ms]
      [Ref Enq: 0.0 ms]
      [Redirty Cards: 0.3 ms]
      [Humongous Register: 0.0 ms]
      [Humongous Reclaim: 0.0 ms]
      [Free CSet: 0.1 ms]
   [Eden: 254.0M(254.0M)->0.0B(241.0M) Survivors: 3072.0K->33.0M Heap: 310.9M(2048.0M)->309.4M(2048.0M)]
 [Times: user=1.03 sys=0.09, real=0.14 secs] 
2020-09-29T12:13:42.286+0200: 167.255: [GC pause (G1 Evacuation Pause) (young), 0.1612092 secs]
   [Parallel Time: 160.0 ms, GC Workers: 8]
      [GC Worker Start (ms): Min: 167254.9, Avg: 167255.6, Max: 167258.6, Diff: 3.7]
      [Ext Root Scanning (ms): Min: 0.0, Avg: 0.2, Max: 0.8, Diff: 0.8, Sum: 1.7]
      [Update RS (ms): Min: 23.1, Avg: 26.0, Max: 27.2, Diff: 4.2, Sum: 207.6]
         [Processed Buffers: Min: 10, Avg: 19.4, Max: 27, Diff: 17, Sum: 155]
      [Scan RS (ms): Min: 15.7, Avg: 16.1, Max: 16.3, Diff: 0.6, Sum: 128.9]
      [Code Root Scanning (ms): Min: 0.0, Avg: 0.0, Max: 0.0, Diff: 0.0, Sum: 0.0]
      [Object Copy (ms): Min: 116.8, Avg: 116.8, Max: 116.8, Diff: 0.1, Sum: 934.4]
      [Termination (ms): Min: 0.0, Avg: 0.0, Max: 0.1, Diff: 0.1, Sum: 0.4]
         [Termination Attempts: Min: 1, Avg: 375.4, Max: 485, Diff: 484, Sum: 3003]
      [GC Worker Other (ms): Min: 0.0, Avg: 0.0, Max: 0.1, Diff: 0.0, Sum: 0.3]
      [GC Worker Total (ms): Min: 156.2, Avg: 159.2, Max: 159.9, Diff: 3.8, Sum: 1273.4]
      [GC Worker End (ms): Min: 167414.8, Avg: 167414.8, Max: 167414.8, Diff: 0.0]
   [Code Root Fixup: 0.0 ms]
   [Code Root Purge: 0.0 ms]
   [Clear CT: 0.2 ms]
   [Other: 1.0 ms]
      [Choose CSet: 0.0 ms]
      [Ref Proc: 0.2 ms]
      [Ref Enq: 0.0 ms]
      [Redirty Cards: 0.2 ms]
      [Humongous Register: 0.1 ms]
      [Humongous Reclaim: 0.0 ms]
      [Free CSet: 0.3 ms]
   [Eden: 241.0M(241.0M)->0.0B(246.0M) Survivors: 33.0M->35.0M Heap: 590.4M(2048.0M)->591.9M(2048.0M)]
 [Times: user=1.19 sys=0.00, real=0.16 secs] 
2020-09-29T12:13:42.611+0200: 167.580: [GC pause (G1 Evacuation Pause) (young), 0.1641183 secs]
   [Parallel Time: 163.0 ms, GC Workers: 8]
      [GC Worker Start (ms): Min: 167579.8, Avg: 167579.9, Max: 167580.1, Diff: 0.3]
      [Ext Root Scanning (ms): Min: 0.0, Avg: 0.1, Max: 0.2, Diff: 0.2, Sum: 0.5]
      [Update RS (ms): Min: 14.3, Avg: 14.7, Max: 15.3, Diff: 1.0, Sum: 117.4]
         [Processed Buffers: Min: 14, Avg: 15.3, Max: 17, Diff: 3, Sum: 122]
      [Scan RS (ms): Min: 13.6, Avg: 15.0, Max: 18.2, Diff: 4.6, Sum: 120.2]
      [Code Root Scanning (ms): Min: 0.0, Avg: 0.0, Max: 0.0, Diff: 0.0, Sum: 0.0]
      [Object Copy (ms): Min: 130.0, Avg: 132.8, Max: 133.6, Diff: 3.6, Sum: 1062.5]
      [Termination (ms): Min: 0.0, Avg: 0.1, Max: 0.1, Diff: 0.1, Sum: 0.8]
         [Termination Attempts: Min: 1, Avg: 740.8, Max: 990, Diff: 989, Sum: 5926]
      [GC Worker Other (ms): Min: 0.0, Avg: 0.0, Max: 0.1, Diff: 0.1, Sum: 0.3]
      [GC Worker Total (ms): Min: 162.5, Avg: 162.7, Max: 162.9, Diff: 0.4, Sum: 1301.8]
      [GC Worker End (ms): Min: 167742.6, Avg: 167742.6, Max: 167742.7, Diff: 0.1]
   [Code Root Fixup: 0.0 ms]
   [Code Root Purge: 0.0 ms]
   [Clear CT: 0.2 ms]
   [Other: 1.0 ms]
      [Choose CSet: 0.0 ms]
      [Ref Proc: 0.2 ms]
      [Ref Enq: 0.0 ms]
      [Redirty Cards: 0.2 ms]
      [Humongous Register: 0.0 ms]
      [Humongous Reclaim: 0.0 ms]
      [Free CSet: 0.3 ms]
   [Eden: 246.0M(246.0M)->0.0B(253.0M) Survivors: 35.0M->36.0M Heap: 878.0M(2048.0M)->880.5M(2048.0M)]
 [Times: user=1.31 sys=0.00, real=0.16 secs] 
2020-09-29T12:13:42.938+0200: 167.907: [GC pause (G1 Evacuation Pause) (young), 0.1535177 secs]
   [Parallel Time: 152.4 ms, GC Workers: 8]
      [GC Worker Start (ms): Min: 167906.8, Avg: 167906.9, Max: 167907.0, Diff: 0.2]
      [Ext Root Scanning (ms): Min: 0.0, Avg: 0.1, Max: 0.2, Diff: 0.2, Sum: 0.5]
      [Update RS (ms): Min: 19.8, Avg: 20.2, Max: 20.6, Diff: 0.8, Sum: 161.2]
         [Processed Buffers: Min: 17, Avg: 18.3, Max: 19, Diff: 2, Sum: 146]
      [Scan RS (ms): Min: 14.8, Avg: 15.5, Max: 16.8, Diff: 2.0, Sum: 123.8]
      [Code Root Scanning (ms): Min: 0.0, Avg: 0.0, Max: 0.0, Diff: 0.0, Sum: 0.0]
      [Object Copy (ms): Min: 115.4, Avg: 116.4, Max: 116.6, Diff: 1.2, Sum: 931.4]
      [Termination (ms): Min: 0.0, Avg: 0.1, Max: 0.1, Diff: 0.1, Sum: 0.6]
         [Termination Attempts: Min: 1, Avg: 301.9, Max: 375, Diff: 374, Sum: 2415]
      [GC Worker Other (ms): Min: 0.0, Avg: 0.0, Max: 0.0, Diff: 0.0, Sum: 0.1]
      [GC Worker Total (ms): Min: 152.1, Avg: 152.2, Max: 152.3, Diff: 0.2, Sum: 1217.7]
      [GC Worker End (ms): Min: 168059.1, Avg: 168059.1, Max: 168059.2, Diff: 0.0]
   [Code Root Fixup: 0.0 ms]
   [Code Root Purge: 0.0 ms]
   [Clear CT: 0.2 ms]
   [Other: 0.9 ms]
      [Choose CSet: 0.0 ms]
      [Ref Proc: 0.2 ms]
      [Ref Enq: 0.0 ms]
      [Redirty Cards: 0.2 ms]
      [Humongous Register: 0.0 ms]
      [Humongous Reclaim: 0.0 ms]
      [Free CSet: 0.3 ms]
   [Eden: 253.0M(253.0M)->0.0B(268.0M) Survivors: 36.0M->37.0M Heap: 1175.4M(2048.0M)->1177.4M(2048.0M)]
 [Times: user=1.19 sys=0.03, real=0.15 secs] 
2020-09-29T12:13:43.105+0200: 168.074: [GC pause (G1 Humongous Allocation) (young) (initial-mark), 0.0447296 secs]
   [Parallel Time: 43.7 ms, GC Workers: 8]
      [GC Worker Start (ms): Min: 168074.1, Avg: 168074.1, Max: 168074.2, Diff: 0.2]
      [Ext Root Scanning (ms): Min: 0.0, Avg: 0.5, Max: 1.4, Diff: 1.4, Sum: 4.2]
      [Update RS (ms): Min: 22.1, Avg: 23.1, Max: 23.7, Diff: 1.5, Sum: 184.9]
         [Processed Buffers: Min: 25, Avg: 27.1, Max: 30, Diff: 5, Sum: 217]
      [Scan RS (ms): Min: 2.3, Avg: 2.6, Max: 2.9, Diff: 0.5, Sum: 20.9]
      [Code Root Scanning (ms): Min: 0.0, Avg: 0.0, Max: 0.0, Diff: 0.0, Sum: 0.0]
      [Object Copy (ms): Min: 17.0, Avg: 17.2, Max: 17.3, Diff: 0.3, Sum: 137.6]
      [Termination (ms): Min: 0.0, Avg: 0.0, Max: 0.0, Diff: 0.0, Sum: 0.1]
         [Termination Attempts: Min: 1, Avg: 38.1, Max: 50, Diff: 49, Sum: 305]
      [GC Worker Other (ms): Min: 0.0, Avg: 0.0, Max: 0.0, Diff: 0.0, Sum: 0.1]
      [GC Worker Total (ms): Min: 43.4, Avg: 43.5, Max: 43.5, Diff: 0.2, Sum: 347.7]
      [GC Worker End (ms): Min: 168117.6, Avg: 168117.6, Max: 168117.6, Diff: 0.0]
   [Code Root Fixup: 0.0 ms]
   [Code Root Purge: 0.0 ms]
   [Clear CT: 0.3 ms]
   [Other: 0.8 ms]
      [Choose CSet: 0.0 ms]
      [Ref Proc: 0.2 ms]
      [Ref Enq: 0.0 ms]
      [Redirty Cards: 0.2 ms]
      [Humongous Register: 0.1 ms]
      [Humongous Reclaim: 0.0 ms]
      [Free CSet: 0.1 ms]
   [Eden: 2048.0K(268.0M)->0.0B(321.0M) Survivors: 37.0M->4096.0K Heap: 1179.4M(2048.0M)->1183.4M(2048.0M)]
 [Times: user=0.38 sys=0.00, real=0.05 secs] 
2020-09-29T12:13:43.150+0200: 168.119: [GC concurrent-root-region-scan-start]
2020-09-29T12:13:43.150+0200: 168.119: [GC concurrent-root-region-scan-end, 0.0005127 secs]
2020-09-29T12:13:43.150+0200: 168.119: [GC concurrent-mark-start]
2020-09-29T12:13:43.153+0200: 168.122: [GC concurrent-mark-end, 0.0026031 secs]
2020-09-29T12:13:43.153+0200: 168.122: [GC remark 2020-09-29T12:13:43.153+0200: 168.122: [Finalize Marking, 0.0002395 secs] 2020-09-29T12:13:43.153+0200: 168.122: [GC ref-proc, 0.0002923 secs] 2020-09-29T12:13:43.154+0200: 168.123: [Unloading, 0.0005455 secs], 0.0016435 secs]
 [Times: user=0.00 sys=0.00, real=0.00 secs] 
2020-09-29T12:13:43.155+0200: 168.124: [GC cleanup 1192M->22M(2048M), 0.0014486 secs]
 [Times: user=0.00 sys=0.00, real=0.00 secs] 
2020-09-29T12:13:43.157+0200: 168.126: [GC concurrent-cleanup-start]
2020-09-29T12:13:43.158+0200: 168.127: [GC concurrent-cleanup-end, 0.0017137 secs]
2020-09-29T12:13:43.354+0200: 168.323: [GC pause (G1 Evacuation Pause) (young), 0.1914025 secs]
   [Parallel Time: 190.0 ms, GC Workers: 8]
      [GC Worker Start (ms): Min: 168323.4, Avg: 168324.1, Max: 168327.3, Diff: 3.9]
      [Ext Root Scanning (ms): Min: 0.0, Avg: 0.1, Max: 0.1, Diff: 0.1, Sum: 0.4]
      [Update RS (ms): Min: 11.0, Avg: 14.1, Max: 14.7, Diff: 3.7, Sum: 112.6]
         [Processed Buffers: Min: 14, Avg: 15.9, Max: 19, Diff: 5, Sum: 127]
      [Scan RS (ms): Min: 17.8, Avg: 18.2, Max: 19.6, Diff: 1.8, Sum: 145.6]
      [Code Root Scanning (ms): Min: 0.0, Avg: 0.0, Max: 0.0, Diff: 0.0, Sum: 0.0]
      [Object Copy (ms): Min: 154.7, Avg: 156.3, Max: 157.0, Diff: 2.2, Sum: 1250.2]
      [Termination (ms): Min: 0.0, Avg: 0.5, Max: 0.7, Diff: 0.7, Sum: 4.3]
         [Termination Attempts: Min: 1, Avg: 3711.3, Max: 4666, Diff: 4665, Sum: 29690]
      [GC Worker Other (ms): Min: 0.0, Avg: 0.0, Max: 0.1, Diff: 0.1, Sum: 0.3]
      [GC Worker Total (ms): Min: 186.0, Avg: 189.2, Max: 189.9, Diff: 3.9, Sum: 1513.4]
      [GC Worker End (ms): Min: 168513.2, Avg: 168513.2, Max: 168513.3, Diff: 0.1]
   [Code Root Fixup: 0.0 ms]
   [Code Root Purge: 0.0 ms]
   [Clear CT: 0.2 ms]
   [Other: 1.3 ms]
      [Choose CSet: 0.0 ms]
      [Ref Proc: 0.1 ms]
      [Ref Enq: 0.0 ms]
      [Redirty Cards: 0.2 ms]
      [Humongous Register: 0.1 ms]
      [Humongous Reclaim: 0.0 ms]
      [Free CSet: 0.6 ms]
   [Eden: 321.0M(321.0M)->0.0B(271.0M) Survivors: 4096.0K->41.0M Heap: 390.3M(2048.0M)->388.3M(2048.0M)]
 [Times: user=1.48 sys=0.00, real=0.20 secs] 
2020-09-29T12:13:43.700+0200: 168.670: [GC pause (G1 Evacuation Pause) (young), 0.1635234 secs]
   [Parallel Time: 162.4 ms, GC Workers: 8]
      [GC Worker Start (ms): Min: 168670.1, Avg: 168670.1, Max: 168670.2, Diff: 0.1]
      [Ext Root Scanning (ms): Min: 0.0, Avg: 0.1, Max: 0.1, Diff: 0.1, Sum: 0.7]
      [Update RS (ms): Min: 12.0, Avg: 12.2, Max: 12.4, Diff: 0.5, Sum: 97.2]
         [Processed Buffers: Min: 13, Avg: 14.3, Max: 16, Diff: 3, Sum: 114]
      [Scan RS (ms): Min: 14.4, Avg: 14.6, Max: 14.8, Diff: 0.4, Sum: 117.0]
      [Code Root Scanning (ms): Min: 0.0, Avg: 0.0, Max: 0.0, Diff: 0.0, Sum: 0.0]
      [Object Copy (ms): Min: 135.2, Avg: 135.3, Max: 135.4, Diff: 0.2, Sum: 1082.6]
      [Termination (ms): Min: 0.0, Avg: 0.0, Max: 0.0, Diff: 0.0, Sum: 0.0]
         [Termination Attempts: Min: 1, Avg: 8.5, Max: 15, Diff: 14, Sum: 68]
      [GC Worker Other (ms): Min: 0.0, Avg: 0.0, Max: 0.1, Diff: 0.0, Sum: 0.3]
      [GC Worker Total (ms): Min: 162.2, Avg: 162.2, Max: 162.3, Diff: 0.1, Sum: 1297.9]
      [GC Worker End (ms): Min: 168832.4, Avg: 168832.4, Max: 168832.4, Diff: 0.0]
   [Code Root Fixup: 0.0 ms]
   [Code Root Purge: 0.0 ms]
   [Clear CT: 0.2 ms]
   [Other: 0.9 ms]
      [Choose CSet: 0.0 ms]
      [Ref Proc: 0.1 ms]
      [Ref Enq: 0.0 ms]
      [Redirty Cards: 0.3 ms]
      [Humongous Register: 0.0 ms]
      [Humongous Reclaim: 0.0 ms]
      [Free CSet: 0.3 ms]
   [Eden: 271.0M(271.0M)->0.0B(276.0M) Survivors: 41.0M->39.0M Heap: 703.2M(2048.0M)->705.7M(2048.0M)]
 [Times: user=1.13 sys=0.01, real=0.16 secs] 
2020-09-29T12:13:44.042+0200: 169.011: [GC pause (G1 Evacuation Pause) (young), 0.1791349 secs]
   [Parallel Time: 177.6 ms, GC Workers: 8]
      [GC Worker Start (ms): Min: 169011.2, Avg: 169011.4, Max: 169011.7, Diff: 0.5]
      [Ext Root Scanning (ms): Min: 0.0, Avg: 0.1, Max: 0.1, Diff: 0.1, Sum: 0.6]
      [Update RS (ms): Min: 18.8, Avg: 19.0, Max: 19.6, Diff: 0.8, Sum: 152.0]
         [Processed Buffers: Min: 17, Avg: 18.3, Max: 20, Diff: 3, Sum: 146]
      [Scan RS (ms): Min: 16.8, Avg: 18.5, Max: 25.7, Diff: 8.8, Sum: 148.4]
      [Code Root Scanning (ms): Min: 0.0, Avg: 0.0, Max: 0.0, Diff: 0.0, Sum: 0.0]
      [Object Copy (ms): Min: 132.7, Avg: 139.5, Max: 140.9, Diff: 8.2, Sum: 1116.2]
      [Termination (ms): Min: 0.0, Avg: 0.2, Max: 0.5, Diff: 0.5, Sum: 1.3]
         [Termination Attempts: Min: 1, Avg: 842.0, Max: 1075, Diff: 1074, Sum: 6736]
      [GC Worker Other (ms): Min: 0.0, Avg: 0.0, Max: 0.1, Diff: 0.0, Sum: 0.3]
      [GC Worker Total (ms): Min: 177.0, Avg: 177.3, Max: 177.5, Diff: 0.5, Sum: 1418.7]
      [GC Worker End (ms): Min: 169188.7, Avg: 169188.7, Max: 169188.8, Diff: 0.0]
   [Code Root Fixup: 0.0 ms]
   [Code Root Purge: 0.0 ms]
   [Clear CT: 0.2 ms]
   [Other: 1.4 ms]
      [Choose CSet: 0.0 ms]
      [Ref Proc: 0.3 ms]
      [Ref Enq: 0.0 ms]
      [Redirty Cards: 0.4 ms]
      [Humongous Register: 0.1 ms]
      [Humongous Reclaim: 0.0 ms]
      [Free CSet: 0.3 ms]
   [Eden: 276.0M(276.0M)->0.0B(269.0M) Survivors: 39.0M->40.0M Heap: 1027.5M(2048.0M)->1029.5M(2048.0M)]
 [Times: user=1.33 sys=0.00, real=0.18 secs] 
2020-09-29T12:13:44.237+0200: 169.206: [GC pause (G1 Humongous Allocation) (young) (initial-mark), 0.0476406 secs]
   [Parallel Time: 46.4 ms, GC Workers: 8]
      [GC Worker Start (ms): Min: 169206.6, Avg: 169206.7, Max: 169206.8, Diff: 0.2]
      [Ext Root Scanning (ms): Min: 0.0, Avg: 0.3, Max: 0.7, Diff: 0.7, Sum: 2.2]
      [Update RS (ms): Min: 23.5, Avg: 23.8, Max: 24.1, Diff: 0.6, Sum: 190.1]
         [Processed Buffers: Min: 28, Avg: 29.0, Max: 30, Diff: 2, Sum: 232]
      [Scan RS (ms): Min: 2.3, Avg: 2.6, Max: 3.0, Diff: 0.7, Sum: 20.7]
      [Code Root Scanning (ms): Min: 0.0, Avg: 0.0, Max: 0.0, Diff: 0.0, Sum: 0.0]
      [Object Copy (ms): Min: 19.5, Avg: 19.5, Max: 19.5, Diff: 0.0, Sum: 155.9]
      [Termination (ms): Min: 0.0, Avg: 0.0, Max: 0.0, Diff: 0.0, Sum: 0.1]
         [Termination Attempts: Min: 1, Avg: 43.9, Max: 55, Diff: 54, Sum: 351]
      [GC Worker Other (ms): Min: 0.0, Avg: 0.0, Max: 0.0, Diff: 0.0, Sum: 0.2]
      [GC Worker Total (ms): Min: 46.0, Avg: 46.1, Max: 46.2, Diff: 0.2, Sum: 369.1]
      [GC Worker End (ms): Min: 169252.8, Avg: 169252.9, Max: 169252.9, Diff: 0.0]
   [Code Root Fixup: 0.0 ms]
   [Code Root Purge: 0.0 ms]
   [Clear CT: 0.2 ms]
   [Other: 1.0 ms]
      [Choose CSet: 0.0 ms]
      [Ref Proc: 0.3 ms]
      [Ref Enq: 0.0 ms]
      [Redirty Cards: 0.4 ms]
      [Humongous Register: 0.1 ms]
      [Humongous Reclaim: 0.0 ms]
      [Free CSet: 0.1 ms]
   [Eden: 2048.0K(269.0M)->0.0B(319.0M) Survivors: 40.0M->4096.0K Heap: 1031.5M(2048.0M)->1035.5M(2048.0M)]
 [Times: user=0.28 sys=0.02, real=0.05 secs] 
2020-09-29T12:13:44.285+0200: 169.254: [GC concurrent-root-region-scan-start]
2020-09-29T12:13:44.286+0200: 169.255: [GC concurrent-root-region-scan-end, 0.0007323 secs]
2020-09-29T12:13:44.286+0200: 169.255: [GC concurrent-mark-start]
2020-09-29T12:13:44.290+0200: 169.259: [GC concurrent-mark-end, 0.0037576 secs]
2020-09-29T12:13:44.290+0200: 169.259: [GC remark 2020-09-29T12:13:44.290+0200: 169.259: [Finalize Marking, 0.0010726 secs] 2020-09-29T12:13:44.291+0200: 169.260: [GC ref-proc, 0.0005275 secs] 2020-09-29T12:13:44.292+0200: 169.261: [Unloading, 0.0004772 secs], 0.0024984 secs]
 [Times: user=0.00 sys=0.00, real=0.00 secs] 
2020-09-29T12:13:44.293+0200: 169.262: [GC cleanup 1045M->23M(2048M), 0.0013358 secs]
 [Times: user=0.00 sys=0.00, real=0.00 secs] 
2020-09-29T12:13:44.294+0200: 169.263: [GC concurrent-cleanup-start]
2020-09-29T12:13:44.296+0200: 169.265: [GC concurrent-cleanup-end, 0.0019992 secs]
2020-09-29T12:13:44.492+0200: 169.462: [GC pause (G1 Evacuation Pause) (young), 0.1711416 secs]
   [Parallel Time: 169.9 ms, GC Workers: 8]
      [GC Worker Start (ms): Min: 169461.6, Avg: 169461.9, Max: 169462.3, Diff: 0.7]
      [Ext Root Scanning (ms): Min: 0.0, Avg: 0.1, Max: 0.2, Diff: 0.2, Sum: 0.8]
      [Update RS (ms): Min: 13.5, Avg: 14.0, Max: 14.2, Diff: 0.8, Sum: 111.8]
         [Processed Buffers: Min: 13, Avg: 14.5, Max: 17, Diff: 4, Sum: 116]
      [Scan RS (ms): Min: 15.2, Avg: 15.5, Max: 15.7, Diff: 0.6, Sum: 124.3]
      [Code Root Scanning (ms): Min: 0.0, Avg: 0.0, Max: 0.0, Diff: 0.0, Sum: 0.0]
      [Object Copy (ms): Min: 139.8, Avg: 139.9, Max: 140.0, Diff: 0.1, Sum: 1118.9]
      [Termination (ms): Min: 0.0, Avg: 0.1, Max: 0.1, Diff: 0.1, Sum: 0.6]
         [Termination Attempts: Min: 1, Avg: 523.3, Max: 791, Diff: 790, Sum: 4186]
      [GC Worker Other (ms): Min: 0.0, Avg: 0.0, Max: 0.1, Diff: 0.0, Sum: 0.3]
      [GC Worker Total (ms): Min: 169.2, Avg: 169.6, Max: 169.8, Diff: 0.6, Sum: 1356.7]
      [GC Worker End (ms): Min: 169631.4, Avg: 169631.4, Max: 169631.5, Diff: 0.0]
   [Code Root Fixup: 0.0 ms]
   [Code Root Purge: 0.0 ms]
   [Clear CT: 0.1 ms]
   [Other: 1.1 ms]
      [Choose CSet: 0.0 ms]
      [Ref Proc: 0.2 ms]
      [Ref Enq: 0.0 ms]
      [Redirty Cards: 0.3 ms]
      [Humongous Register: 0.0 ms]
      [Humongous Reclaim: 0.0 ms]
      [Free CSet: 0.3 ms]
   [Eden: 319.0M(319.0M)->0.0B(289.0M) Survivors: 4096.0K->41.0M Heap: 386.4M(2048.0M)->384.4M(2048.0M)]
 [Times: user=1.19 sys=0.00, real=0.17 secs] 
2020-09-29T12:13:44.831+0200: 169.800: [GC pause (G1 Evacuation Pause) (young), 0.1738550 secs]
   [Parallel Time: 172.6 ms, GC Workers: 8]
      [GC Worker Start (ms): Min: 169800.4, Avg: 169800.5, Max: 169800.6, Diff: 0.2]
      [Ext Root Scanning (ms): Min: 0.0, Avg: 0.1, Max: 0.2, Diff: 0.2, Sum: 0.5]
      [Update RS (ms): Min: 19.6, Avg: 19.7, Max: 20.0, Diff: 0.4, Sum: 157.7]
         [Processed Buffers: Min: 19, Avg: 21.3, Max: 23, Diff: 4, Sum: 170]
      [Scan RS (ms): Min: 16.3, Avg: 17.1, Max: 20.7, Diff: 4.4, Sum: 136.4]
      [Code Root Scanning (ms): Min: 0.0, Avg: 0.0, Max: 0.0, Diff: 0.0, Sum: 0.0]
      [Object Copy (ms): Min: 131.9, Avg: 135.5, Max: 136.1, Diff: 4.2, Sum: 1084.0]
      [Termination (ms): Min: 0.0, Avg: 0.0, Max: 0.1, Diff: 0.1, Sum: 0.4]
         [Termination Attempts: Min: 1, Avg: 308.9, Max: 394, Diff: 393, Sum: 2471]
      [GC Worker Other (ms): Min: 0.0, Avg: 0.0, Max: 0.1, Diff: 0.0, Sum: 0.3]
      [GC Worker Total (ms): Min: 172.4, Avg: 172.4, Max: 172.5, Diff: 0.1, Sum: 1379.2]
      [GC Worker End (ms): Min: 169972.9, Avg: 169972.9, Max: 169973.0, Diff: 0.1]
   [Code Root Fixup: 0.0 ms]
   [Code Root Purge: 0.0 ms]
   [Clear CT: 0.2 ms]
   [Other: 1.0 ms]
      [Choose CSet: 0.0 ms]
      [Ref Proc: 0.2 ms]
      [Ref Enq: 0.0 ms]
      [Redirty Cards: 0.3 ms]
      [Humongous Register: 0.0 ms]
      [Humongous Reclaim: 0.0 ms]
      [Free CSet: 0.3 ms]
   [Eden: 289.0M(289.0M)->0.0B(286.0M) Survivors: 41.0M->42.0M Heap: 723.0M(2048.0M)->725.0M(2048.0M)]
 [Times: user=1.34 sys=0.02, real=0.18 secs] 
2020-09-29T12:13:45.165+0200: 170.135: [GC pause (G1 Evacuation Pause) (young), 0.1869659 secs]
   [Parallel Time: 185.8 ms, GC Workers: 8]
      [GC Worker Start (ms): Min: 170135.0, Avg: 170135.1, Max: 170135.2, Diff: 0.1]
      [Ext Root Scanning (ms): Min: 0.0, Avg: 0.1, Max: 0.1, Diff: 0.1, Sum: 0.5]
      [Update RS (ms): Min: 18.0, Avg: 18.2, Max: 18.4, Diff: 0.4, Sum: 145.8]
         [Processed Buffers: Min: 13, Avg: 19.3, Max: 22, Diff: 9, Sum: 154]
      [Scan RS (ms): Min: 14.1, Avg: 14.4, Max: 14.9, Diff: 0.7, Sum: 115.5]
      [Code Root Scanning (ms): Min: 0.0, Avg: 0.0, Max: 0.0, Diff: 0.0, Sum: 0.0]
      [Object Copy (ms): Min: 152.4, Avg: 152.8, Max: 153.0, Diff: 0.6, Sum: 1222.7]
      [Termination (ms): Min: 0.0, Avg: 0.1, Max: 0.1, Diff: 0.1, Sum: 0.5]
         [Termination Attempts: Min: 1, Avg: 428.4, Max: 553, Diff: 552, Sum: 3427]
      [GC Worker Other (ms): Min: 0.0, Avg: 0.0, Max: 0.1, Diff: 0.1, Sum: 0.3]
      [GC Worker Total (ms): Min: 185.6, Avg: 185.7, Max: 185.8, Diff: 0.2, Sum: 1485.4]
      [GC Worker End (ms): Min: 170320.7, Avg: 170320.7, Max: 170320.8, Diff: 0.1]
   [Code Root Fixup: 0.0 ms]
   [Code Root Purge: 0.0 ms]
   [Clear CT: 0.2 ms]
   [Other: 1.0 ms]
      [Choose CSet: 0.0 ms]
      [Ref Proc: 0.1 ms]
      [Ref Enq: 0.0 ms]
      [Redirty Cards: 0.3 ms]
      [Humongous Register: 0.0 ms]
      [Humongous Reclaim: 0.0 ms]
      [Free CSet: 0.3 ms]
   [Eden: 286.0M(286.0M)->0.0B(279.0M) Survivors: 42.0M->41.0M Heap: 1058.7M(2048.0M)->1060.2M(2048.0M)]
 [Times: user=1.39 sys=0.00, real=0.19 secs] 
2020-09-29T12:13:45.368+0200: 170.337: [GC pause (G1 Humongous Allocation) (young) (initial-mark), 0.0606204 secs]
   [Parallel Time: 59.5 ms, GC Workers: 8]
      [GC Worker Start (ms): Min: 170337.4, Avg: 170337.5, Max: 170337.6, Diff: 0.2]
      [Ext Root Scanning (ms): Min: 0.0, Avg: 0.2, Max: 0.5, Diff: 0.5, Sum: 1.8]
      [Update RS (ms): Min: 31.3, Avg: 31.8, Max: 32.8, Diff: 1.5, Sum: 254.3]
         [Processed Buffers: Min: 33, Avg: 37.0, Max: 41, Diff: 8, Sum: 296]
      [Scan RS (ms): Min: 1.5, Avg: 2.5, Max: 2.9, Diff: 1.4, Sum: 20.0]
      [Code Root Scanning (ms): Min: 0.0, Avg: 0.0, Max: 0.0, Diff: 0.0, Sum: 0.0]
      [Object Copy (ms): Min: 24.8, Avg: 24.8, Max: 24.9, Diff: 0.1, Sum: 198.6]
      [Termination (ms): Min: 0.0, Avg: 0.1, Max: 0.1, Diff: 0.1, Sum: 0.6]
         [Termination Attempts: Min: 1, Avg: 487.0, Max: 634, Diff: 633, Sum: 3896]
      [GC Worker Other (ms): Min: 0.0, Avg: 0.0, Max: 0.0, Diff: 0.0, Sum: 0.1]
      [GC Worker Total (ms): Min: 59.3, Avg: 59.4, Max: 59.5, Diff: 0.2, Sum: 475.5]
      [GC Worker End (ms): Min: 170396.9, Avg: 170396.9, Max: 170396.9, Diff: 0.0]
   [Code Root Fixup: 0.0 ms]
   [Code Root Purge: 0.0 ms]
   [Clear CT: 0.2 ms]
   [Other: 0.9 ms]
      [Choose CSet: 0.0 ms]
      [Ref Proc: 0.3 ms]
      [Ref Enq: 0.0 ms]
      [Redirty Cards: 0.2 ms]
      [Humongous Register: 0.1 ms]
      [Humongous Reclaim: 0.0 ms]
      [Free CSet: 0.1 ms]
   [Eden: 11.0M(279.0M)->0.0B(308.0M) Survivors: 41.0M->13.0M Heap: 1070.7M(2048.0M)->1075.2M(2048.0M)]
 [Times: user=0.47 sys=0.00, real=0.06 secs] 
2020-09-29T12:13:45.428+0200: 170.398: [GC concurrent-root-region-scan-start]
2020-09-29T12:13:45.436+0200: 170.406: [GC concurrent-root-region-scan-end, 0.0075702 secs]
2020-09-29T12:13:45.436+0200: 170.406: [GC concurrent-mark-start]
2020-09-29T12:13:45.440+0200: 170.410: [GC concurrent-mark-end, 0.0042433 secs]
2020-09-29T12:13:45.441+0200: 170.410: [GC remark 2020-09-29T12:13:45.441+0200: 170.410: [Finalize Marking, 0.0004053 secs] 2020-09-29T12:13:45.441+0200: 170.411: [GC ref-proc, 0.0003016 secs] 2020-09-29T12:13:45.441+0200: 170.411: [Unloading, 0.0005821 secs], 0.0017931 secs]
 [Times: user=0.09 sys=0.00, real=0.00 secs] 
2020-09-29T12:13:45.443+0200: 170.412: [GC cleanup 1099M->47M(2048M), 0.0020286 secs]
 [Times: user=0.00 sys=0.00, real=0.00 secs] 
2020-09-29T12:13:45.445+0200: 170.415: [GC concurrent-cleanup-start]
2020-09-29T12:13:45.446+0200: 170.416: [GC concurrent-cleanup-end, 0.0012641 secs]
2020-09-29T12:13:45.607+0200: 170.577: [GC pause (G1 Evacuation Pause) (young), 0.1718562 secs]
   [Parallel Time: 170.7 ms, GC Workers: 8]
      [GC Worker Start (ms): Min: 170576.7, Avg: 170576.8, Max: 170576.9, Diff: 0.2]
      [Ext Root Scanning (ms): Min: 0.0, Avg: 0.1, Max: 0.1, Diff: 0.1, Sum: 0.6]
      [Update RS (ms): Min: 23.9, Avg: 24.1, Max: 24.6, Diff: 0.7, Sum: 193.2]
         [Processed Buffers: Min: 2, Avg: 19.5, Max: 25, Diff: 23, Sum: 156]
      [Scan RS (ms): Min: 13.9, Avg: 14.3, Max: 14.5, Diff: 0.6, Sum: 114.2]
      [Code Root Scanning (ms): Min: 0.0, Avg: 0.0, Max: 0.0, Diff: 0.0, Sum: 0.0]
      [Object Copy (ms): Min: 131.8, Avg: 131.9, Max: 132.0, Diff: 0.2, Sum: 1055.3]
      [Termination (ms): Min: 0.0, Avg: 0.1, Max: 0.1, Diff: 0.1, Sum: 0.8]
         [Termination Attempts: Min: 1, Avg: 796.9, Max: 987, Diff: 986, Sum: 6375]
      [GC Worker Other (ms): Min: 0.0, Avg: 0.0, Max: 0.1, Diff: 0.1, Sum: 0.3]
      [GC Worker Total (ms): Min: 170.5, Avg: 170.6, Max: 170.6, Diff: 0.2, Sum: 1364.4]
      [GC Worker End (ms): Min: 170747.3, Avg: 170747.3, Max: 170747.4, Diff: 0.1]
   [Code Root Fixup: 0.0 ms]
   [Code Root Purge: 0.0 ms]
   [Clear CT: 0.2 ms]
   [Other: 1.0 ms]
      [Choose CSet: 0.0 ms]
      [Ref Proc: 0.1 ms]
      [Ref Enq: 0.0 ms]
      [Redirty Cards: 0.2 ms]
      [Humongous Register: 0.0 ms]
      [Humongous Reclaim: 0.0 ms]
      [Free CSet: 0.3 ms]
   [Eden: 308.0M(308.0M)->0.0B(284.0M) Survivors: 13.0M->41.0M Heap: 382.0M(2048.0M)->372.0M(2048.0M)]
 [Times: user=1.30 sys=0.02, real=0.17 secs] 
2020-09-29T12:13:45.962+0200: 170.932: [GC pause (G1 Evacuation Pause) (young), 0.1729841 secs]
   [Parallel Time: 171.7 ms, GC Workers: 8]
      [GC Worker Start (ms): Min: 170932.1, Avg: 170932.2, Max: 170932.3, Diff: 0.2]
      [Ext Root Scanning (ms): Min: 0.0, Avg: 0.1, Max: 0.2, Diff: 0.2, Sum: 0.6]
      [Update RS (ms): Min: 19.4, Avg: 19.6, Max: 19.8, Diff: 0.4, Sum: 156.4]
         [Processed Buffers: Min: 15, Avg: 16.9, Max: 19, Diff: 4, Sum: 135]
      [Scan RS (ms): Min: 16.4, Avg: 16.9, Max: 18.1, Diff: 1.7, Sum: 134.9]
      [Code Root Scanning (ms): Min: 0.0, Avg: 0.0, Max: 0.0, Diff: 0.0, Sum: 0.0]
      [Object Copy (ms): Min: 133.9, Avg: 135.0, Max: 135.2, Diff: 1.3, Sum: 1079.8]
      [Termination (ms): Min: 0.0, Avg: 0.0, Max: 0.1, Diff: 0.1, Sum: 0.3]
         [Termination Attempts: Min: 1, Avg: 204.4, Max: 274, Diff: 273, Sum: 1635]
      [GC Worker Other (ms): Min: 0.0, Avg: 0.0, Max: 0.1, Diff: 0.1, Sum: 0.4]
      [GC Worker Total (ms): Min: 171.5, Avg: 171.6, Max: 171.7, Diff: 0.2, Sum: 1372.4]
      [GC Worker End (ms): Min: 171103.7, Avg: 171103.7, Max: 171103.8, Diff: 0.1]
   [Code Root Fixup: 0.0 ms]
   [Code Root Purge: 0.0 ms]
   [Clear CT: 0.2 ms]
   [Other: 1.0 ms]
      [Choose CSet: 0.0 ms]
      [Ref Proc: 0.2 ms]
      [Ref Enq: 0.0 ms]
      [Redirty Cards: 0.2 ms]
      [Humongous Register: 0.0 ms]
      [Humongous Reclaim: 0.0 ms]
      [Free CSet: 0.3 ms]
   [Eden: 284.0M(284.0M)->0.0B(282.0M) Survivors: 41.0M->41.0M Heap: 703.7M(2048.0M)->706.2M(2048.0M)]
 [Times: user=1.33 sys=0.00, real=0.17 secs] 
2020-09-29T12:13:46.297+0200: 171.267: [GC pause (G1 Evacuation Pause) (young), 0.1595774 secs]
   [Parallel Time: 158.2 ms, GC Workers: 8]
      [GC Worker Start (ms): Min: 171267.1, Avg: 171267.2, Max: 171267.3, Diff: 0.2]
      [Ext Root Scanning (ms): Min: 0.0, Avg: 0.1, Max: 0.2, Diff: 0.2, Sum: 0.5]
      [Update RS (ms): Min: 19.2, Avg: 19.4, Max: 19.7, Diff: 0.4, Sum: 155.3]
         [Processed Buffers: Min: 18, Avg: 19.6, Max: 21, Diff: 3, Sum: 157]
      [Scan RS (ms): Min: 16.6, Avg: 16.9, Max: 17.1, Diff: 0.4, Sum: 134.8]
      [Code Root Scanning (ms): Min: 0.0, Avg: 0.0, Max: 0.0, Diff: 0.0, Sum: 0.0]
      [Object Copy (ms): Min: 121.4, Avg: 121.5, Max: 121.6, Diff: 0.2, Sum: 971.9]
      [Termination (ms): Min: 0.0, Avg: 0.1, Max: 0.1, Diff: 0.1, Sum: 0.7]
         [Termination Attempts: Min: 1, Avg: 552.5, Max: 701, Diff: 700, Sum: 4420]
      [GC Worker Other (ms): Min: 0.0, Avg: 0.0, Max: 0.1, Diff: 0.1, Sum: 0.4]
      [GC Worker Total (ms): Min: 157.9, Avg: 158.0, Max: 158.1, Diff: 0.3, Sum: 1263.7]
      [GC Worker End (ms): Min: 171425.2, Avg: 171425.2, Max: 171425.2, Diff: 0.1]
   [Code Root Fixup: 0.0 ms]
   [Code Root Purge: 0.0 ms]
   [Clear CT: 0.2 ms]
   [Other: 1.1 ms]
      [Choose CSet: 0.0 ms]
      [Ref Proc: 0.2 ms]
      [Ref Enq: 0.0 ms]
      [Redirty Cards: 0.2 ms]
      [Humongous Register: 0.0 ms]
      [Humongous Reclaim: 0.0 ms]
      [Free CSet: 0.5 ms]
   [Eden: 282.0M(282.0M)->0.0B(288.0M) Survivors: 41.0M->41.0M Heap: 1035.9M(2048.0M)->1037.9M(2048.0M)]
 [Times: user=1.27 sys=0.00, real=0.17 secs] 
2020-09-29T12:13:46.473+0200: 171.443: [GC pause (G1 Humongous Allocation) (young) (initial-mark), 0.0760669 secs]
   [Parallel Time: 75.0 ms, GC Workers: 8]
      [GC Worker Start (ms): Min: 171443.1, Avg: 171443.2, Max: 171443.3, Diff: 0.1]
      [Ext Root Scanning (ms): Min: 0.0, Avg: 4.1, Max: 32.1, Diff: 32.1, Sum: 33.1]
      [Update RS (ms): Min: 11.9, Avg: 42.4, Max: 64.0, Diff: 52.1, Sum: 339.5]
         [Processed Buffers: Min: 15, Avg: 40.8, Max: 51, Diff: 36, Sum: 326]
      [Scan RS (ms): Min: 0.0, Avg: 3.0, Max: 3.6, Diff: 3.6, Sum: 23.6]
      [Code Root Scanning (ms): Min: 0.0, Avg: 0.0, Max: 0.0, Diff: 0.0, Sum: 0.0]
      [Object Copy (ms): Min: 10.7, Avg: 25.3, Max: 27.4, Diff: 16.7, Sum: 202.1]
      [Termination (ms): Min: 0.0, Avg: 0.0, Max: 0.0, Diff: 0.0, Sum: 0.1]
         [Termination Attempts: Min: 1, Avg: 112.4, Max: 145, Diff: 144, Sum: 899]
      [GC Worker Other (ms): Min: 0.0, Avg: 0.0, Max: 0.1, Diff: 0.1, Sum: 0.3]
      [GC Worker Total (ms): Min: 74.7, Avg: 74.8, Max: 74.9, Diff: 0.2, Sum: 598.7]
      [GC Worker End (ms): Min: 171518.0, Avg: 171518.0, Max: 171518.0, Diff: 0.0]
   [Code Root Fixup: 0.0 ms]
   [Code Root Purge: 0.0 ms]
   [Clear CT: 0.2 ms]
   [Other: 0.8 ms]
      [Choose CSet: 0.0 ms]
      [Ref Proc: 0.1 ms]
      [Ref Enq: 0.0 ms]
      [Redirty Cards: 0.2 ms]
      [Humongous Register: 0.1 ms]
      [Humongous Reclaim: 0.0 ms]
      [Free CSet: 0.1 ms]
   [Eden: 8192.0K(288.0M)->0.0B(292.0M) Survivors: 41.0M->10.0M Heap: 1045.4M(2048.0M)->1049.9M(2048.0M)]
 [Times: user=0.42 sys=0.00, real=0.08 secs] 
2020-09-29T12:13:46.549+0200: 171.519: [GC concurrent-root-region-scan-start]
2020-09-29T12:13:46.552+0200: 171.521: [GC concurrent-root-region-scan-end, 0.0023354 secs]
2020-09-29T12:13:46.552+0200: 171.521: [GC concurrent-mark-start]
2020-09-29T12:13:46.555+0200: 171.525: [GC concurrent-mark-end, 0.0033703 secs]
2020-09-29T12:13:46.555+0200: 171.525: [GC remark 2020-09-29T12:13:46.555+0200: 171.525: [Finalize Marking, 0.0002364 secs] 2020-09-29T12:13:46.556+0200: 171.525: [GC ref-proc, 0.0003012 secs] 2020-09-29T12:13:46.556+0200: 171.526: [Unloading, 0.0004694 secs], 0.0014370 secs]
 [Times: user=0.00 sys=0.00, real=0.00 secs] 
2020-09-29T12:13:46.557+0200: 171.527: [GC cleanup 1061M->31M(2048M), 0.0016302 secs]
 [Times: user=0.00 sys=0.00, real=0.00 secs] 
2020-09-29T12:13:46.559+0200: 171.529: [GC concurrent-cleanup-start]
2020-09-29T12:13:46.561+0200: 171.531: [GC concurrent-cleanup-end, 0.0022405 secs]
2020-09-29T12:13:46.728+0200: 171.697: [GC pause (G1 Evacuation Pause) (young), 0.1645374 secs]
   [Parallel Time: 163.3 ms, GC Workers: 8]
      [GC Worker Start (ms): Min: 171697.3, Avg: 171697.4, Max: 171697.5, Diff: 0.2]
      [Ext Root Scanning (ms): Min: 0.0, Avg: 0.1, Max: 0.2, Diff: 0.2, Sum: 0.5]
      [Update RS (ms): Min: 24.1, Avg: 24.3, Max: 24.7, Diff: 0.6, Sum: 194.7]
         [Processed Buffers: Min: 23, Avg: 23.6, Max: 25, Diff: 2, Sum: 189]
      [Scan RS (ms): Min: 12.5, Avg: 12.9, Max: 13.0, Diff: 0.6, Sum: 102.8]
      [Code Root Scanning (ms): Min: 0.0, Avg: 0.0, Max: 0.0, Diff: 0.0, Sum: 0.0]
      [Object Copy (ms): Min: 125.7, Avg: 125.8, Max: 125.8, Diff: 0.1, Sum: 1006.3]
      [Termination (ms): Min: 0.0, Avg: 0.1, Max: 0.1, Diff: 0.1, Sum: 0.4]
         [Termination Attempts: Min: 1, Avg: 73.3, Max: 116, Diff: 115, Sum: 586]
      [GC Worker Other (ms): Min: 0.0, Avg: 0.0, Max: 0.0, Diff: 0.0, Sum: 0.1]
      [GC Worker Total (ms): Min: 163.0, Avg: 163.1, Max: 163.2, Diff: 0.2, Sum: 1304.9]
      [GC Worker End (ms): Min: 171860.5, Avg: 171860.5, Max: 171860.5, Diff: 0.0]
   [Code Root Fixup: 0.0 ms]
   [Code Root Purge: 0.0 ms]
   [Clear CT: 0.2 ms]
   [Other: 1.0 ms]
      [Choose CSet: 0.0 ms]
      [Ref Proc: 0.2 ms]
      [Ref Enq: 0.0 ms]
      [Redirty Cards: 0.2 ms]
      [Humongous Register: 0.0 ms]
      [Humongous Reclaim: 0.0 ms]
      [Free CSet: 0.3 ms]
   [Eden: 292.0M(292.0M)->0.0B(277.0M) Survivors: 10.0M->38.0M Heap: 361.1M(2048.0M)->353.1M(2048.0M)]
 [Times: user=1.19 sys=0.00, real=0.16 secs] 
2020-09-29T12:13:47.068+0200: 172.038: [GC pause (G1 Evacuation Pause) (young), 0.1623096 secs]
   [Parallel Time: 161.1 ms, GC Workers: 8]
      [GC Worker Start (ms): Min: 172037.7, Avg: 172037.8, Max: 172038.0, Diff: 0.3]
      [Ext Root Scanning (ms): Min: 0.0, Avg: 0.1, Max: 0.1, Diff: 0.1, Sum: 0.7]
      [Update RS (ms): Min: 15.7, Avg: 16.0, Max: 16.2, Diff: 0.5, Sum: 127.9]
         [Processed Buffers: Min: 16, Avg: 17.3, Max: 19, Diff: 3, Sum: 138]
      [Scan RS (ms): Min: 14.8, Avg: 15.1, Max: 16.1, Diff: 1.3, Sum: 120.9]
      [Code Root Scanning (ms): Min: 0.0, Avg: 0.0, Max: 0.0, Diff: 0.0, Sum: 0.0]
      [Object Copy (ms): Min: 128.8, Avg: 129.7, Max: 129.8, Diff: 1.1, Sum: 1037.4]
      [Termination (ms): Min: 0.0, Avg: 0.0, Max: 0.0, Diff: 0.0, Sum: 0.1]
         [Termination Attempts: Min: 1, Avg: 134.0, Max: 178, Diff: 177, Sum: 1072]
      [GC Worker Other (ms): Min: 0.0, Avg: 0.0, Max: 0.1, Diff: 0.0, Sum: 0.3]
      [GC Worker Total (ms): Min: 160.7, Avg: 160.9, Max: 161.0, Diff: 0.3, Sum: 1287.4]
      [GC Worker End (ms): Min: 172198.7, Avg: 172198.7, Max: 172198.8, Diff: 0.0]
   [Code Root Fixup: 0.0 ms]
   [Code Root Purge: 0.0 ms]
   [Clear CT: 0.2 ms]
   [Other: 1.0 ms]
      [Choose CSet: 0.0 ms]
      [Ref Proc: 0.2 ms]
      [Ref Enq: 0.0 ms]
      [Redirty Cards: 0.2 ms]
      [Humongous Register: 0.0 ms]
      [Humongous Reclaim: 0.0 ms]
      [Free CSet: 0.3 ms]
   [Eden: 277.0M(277.0M)->0.0B(282.0M) Survivors: 38.0M->40.0M Heap: 675.9M(2048.0M)->676.9M(2048.0M)]
 [Times: user=1.22 sys=0.00, real=0.16 secs] 
2020-09-29T12:13:47.422+0200: 172.391: [GC pause (G1 Evacuation Pause) (young), 0.1851348 secs]
   [Parallel Time: 184.0 ms, GC Workers: 8]
      [GC Worker Start (ms): Min: 172390.9, Avg: 172390.9, Max: 172391.0, Diff: 0.1]
      [Ext Root Scanning (ms): Min: 0.0, Avg: 0.1, Max: 0.1, Diff: 0.1, Sum: 0.5]
      [Update RS (ms): Min: 20.1, Avg: 20.2, Max: 20.6, Diff: 0.5, Sum: 162.0]
         [Processed Buffers: Min: 22, Avg: 23.4, Max: 25, Diff: 3, Sum: 187]
      [Scan RS (ms): Min: 13.3, Avg: 13.7, Max: 13.9, Diff: 0.6, Sum: 109.6]
      [Code Root Scanning (ms): Min: 0.0, Avg: 0.0, Max: 0.0, Diff: 0.0, Sum: 0.0]
      [Object Copy (ms): Min: 149.5, Avg: 149.7, Max: 149.9, Diff: 0.3, Sum: 1197.7]
      [Termination (ms): Min: 0.0, Avg: 0.1, Max: 0.1, Diff: 0.1, Sum: 0.8]
         [Termination Attempts: Min: 1, Avg: 739.6, Max: 953, Diff: 952, Sum: 5917]
      [GC Worker Other (ms): Min: 0.0, Avg: 0.0, Max: 0.1, Diff: 0.0, Sum: 0.2]
      [GC Worker Total (ms): Min: 183.8, Avg: 183.9, Max: 183.9, Diff: 0.2, Sum: 1470.8]
      [GC Worker End (ms): Min: 172574.8, Avg: 172574.8, Max: 172574.8, Diff: 0.0]
   [Code Root Fixup: 0.0 ms]
   [Code Root Purge: 0.0 ms]
   [Clear CT: 0.2 ms]
   [Other: 0.9 ms]
      [Choose CSet: 0.0 ms]
      [Ref Proc: 0.1 ms]
      [Ref Enq: 0.0 ms]
      [Redirty Cards: 0.3 ms]
      [Humongous Register: 0.1 ms]
      [Humongous Reclaim: 0.0 ms]
      [Free CSet: 0.3 ms]
   [Eden: 282.0M(282.0M)->0.0B(274.0M) Survivors: 40.0M->41.0M Heap: 1006.6M(2048.0M)->1008.1M(2048.0M)]
 [Times: user=1.42 sys=0.00, real=0.19 secs] 
2020-09-29T12:13:47.627+0200: 172.596: [GC pause (G1 Humongous Allocation) (young) (initial-mark), 0.0467000 secs]
   [Parallel Time: 45.8 ms, GC Workers: 8]
      [GC Worker Start (ms): Min: 172596.1, Avg: 172596.1, Max: 172596.2, Diff: 0.2]
      [Ext Root Scanning (ms): Min: 0.0, Avg: 0.3, Max: 0.7, Diff: 0.7, Sum: 2.5]
      [Update RS (ms): Min: 20.1, Avg: 20.6, Max: 20.9, Diff: 0.9, Sum: 164.6]
         [Processed Buffers: Min: 23, Avg: 24.8, Max: 27, Diff: 4, Sum: 198]
      [Scan RS (ms): Min: 2.1, Avg: 2.5, Max: 2.8, Diff: 0.7, Sum: 20.1]
      [Code Root Scanning (ms): Min: 0.0, Avg: 0.0, Max: 0.0, Diff: 0.0, Sum: 0.0]
      [Object Copy (ms): Min: 22.1, Avg: 22.1, Max: 22.2, Diff: 0.1, Sum: 177.2]
      [Termination (ms): Min: 0.0, Avg: 0.0, Max: 0.1, Diff: 0.1, Sum: 0.4]
         [Termination Attempts: Min: 1, Avg: 317.1, Max: 400, Diff: 399, Sum: 2537]
      [GC Worker Other (ms): Min: 0.0, Avg: 0.0, Max: 0.0, Diff: 0.0, Sum: 0.1]
      [GC Worker Total (ms): Min: 45.5, Avg: 45.6, Max: 45.7, Diff: 0.2, Sum: 364.9]
      [GC Worker End (ms): Min: 172641.7, Avg: 172641.7, Max: 172641.7, Diff: 0.0]
   [Code Root Fixup: 0.0 ms]
   [Code Root Purge: 0.0 ms]
   [Clear CT: 0.2 ms]
   [Other: 0.8 ms]
      [Choose CSet: 0.0 ms]
      [Ref Proc: 0.2 ms]
      [Ref Enq: 0.0 ms]
      [Redirty Cards: 0.2 ms]
      [Humongous Register: 0.1 ms]
      [Humongous Reclaim: 0.0 ms]
      [Free CSet: 0.1 ms]
   [Eden: 8192.0K(274.0M)->0.0B(324.0M) Survivors: 41.0M->11.0M Heap: 1015.6M(2048.0M)->1020.1M(2048.0M)]
 [Times: user=0.34 sys=0.00, real=0.05 secs] 
2020-09-29T12:13:47.674+0200: 172.643: [GC concurrent-root-region-scan-start]
2020-09-29T12:13:47.675+0200: 172.644: [GC concurrent-root-region-scan-end, 0.0016666 secs]
2020-09-29T12:13:47.675+0200: 172.644: [GC concurrent-mark-start]
2020-09-29T12:13:47.678+0200: 172.647: [GC concurrent-mark-end, 0.0028713 secs]
2020-09-29T12:13:47.679+0200: 172.647: [GC remark 2020-09-29T12:13:47.679+0200: 172.647: [Finalize Marking, 0.0001887 secs] 2020-09-29T12:13:47.679+0200: 172.648: [GC ref-proc, 0.0002577 secs] 2020-09-29T12:13:47.679+0200: 172.648: [Unloading, 0.0003930 secs], 0.0011730 secs]
 [Times: user=0.00 sys=0.00, real=0.00 secs] 
2020-09-29T12:13:47.680+0200: 172.649: [GC cleanup 1031M->32M(2048M), 0.0011714 secs]
 [Times: user=0.00 sys=0.00, real=0.00 secs] 
2020-09-29T12:13:47.681+0200: 172.650: [GC concurrent-cleanup-start]
2020-09-29T12:13:47.682+0200: 172.651: [GC concurrent-cleanup-end, 0.0011983 secs]
2020-09-29T12:13:47.859+0200: 172.828: [GC pause (G1 Evacuation Pause) (young), 0.1663685 secs]
   [Parallel Time: 164.9 ms, GC Workers: 8]
      [GC Worker Start (ms): Min: 172827.7, Avg: 172827.8, Max: 172827.9, Diff: 0.2]
      [Ext Root Scanning (ms): Min: 0.0, Avg: 0.1, Max: 0.2, Diff: 0.2, Sum: 0.5]
      [Update RS (ms): Min: 13.5, Avg: 13.7, Max: 14.1, Diff: 0.6, Sum: 109.4]
         [Processed Buffers: Min: 13, Avg: 14.8, Max: 17, Diff: 4, Sum: 118]
      [Scan RS (ms): Min: 15.9, Avg: 16.3, Max: 16.5, Diff: 0.6, Sum: 130.3]
      [Code Root Scanning (ms): Min: 0.0, Avg: 0.0, Max: 0.0, Diff: 0.0, Sum: 0.0]
      [Object Copy (ms): Min: 134.6, Avg: 134.6, Max: 134.6, Diff: 0.1, Sum: 1076.9]
      [Termination (ms): Min: 0.0, Avg: 0.0, Max: 0.0, Diff: 0.0, Sum: 0.0]
         [Termination Attempts: Min: 1, Avg: 27.0, Max: 40, Diff: 39, Sum: 216]
      [GC Worker Other (ms): Min: 0.0, Avg: 0.0, Max: 0.1, Diff: 0.0, Sum: 0.3]
      [GC Worker Total (ms): Min: 164.6, Avg: 164.7, Max: 164.8, Diff: 0.2, Sum: 1317.6]
      [GC Worker End (ms): Min: 172992.5, Avg: 172992.5, Max: 172992.5, Diff: 0.1]
   [Code Root Fixup: 0.0 ms]
   [Code Root Purge: 0.0 ms]
   [Clear CT: 0.2 ms]
   [Other: 1.3 ms]
      [Choose CSet: 0.0 ms]
      [Ref Proc: 0.2 ms]
      [Ref Enq: 0.0 ms]
      [Redirty Cards: 0.5 ms]
      [Humongous Register: 0.0 ms]
      [Humongous Reclaim: 0.0 ms]
      [Free CSet: 0.3 ms]
   [Eden: 324.0M(324.0M)->0.0B(301.0M) Survivors: 11.0M->42.0M Heap: 399.8M(2048.0M)->391.3M(2048.0M)]
 [Times: user=1.34 sys=0.00, real=0.17 secs] 
2020-09-29T12:13:48.201+0200: 173.170: [GC pause (G1 Evacuation Pause) (young), 0.1940762 secs]
   [Parallel Time: 192.9 ms, GC Workers: 8]
      [GC Worker Start (ms): Min: 173169.8, Avg: 173170.0, Max: 173170.7, Diff: 0.9]
      [Ext Root Scanning (ms): Min: 0.0, Avg: 0.1, Max: 0.2, Diff: 0.2, Sum: 0.7]
      [Update RS (ms): Min: 16.8, Avg: 17.5, Max: 18.0, Diff: 1.2, Sum: 140.0]
         [Processed Buffers: Min: 16, Avg: 17.6, Max: 20, Diff: 4, Sum: 141]
      [Scan RS (ms): Min: 19.1, Avg: 19.5, Max: 19.8, Diff: 0.6, Sum: 156.4]
      [Code Root Scanning (ms): Min: 0.0, Avg: 0.0, Max: 0.0, Diff: 0.0, Sum: 0.0]
      [Object Copy (ms): Min: 154.7, Avg: 154.9, Max: 155.3, Diff: 0.6, Sum: 1239.0]
      [Termination (ms): Min: 0.0, Avg: 0.4, Max: 0.5, Diff: 0.5, Sum: 2.9]
         [Termination Attempts: Min: 1, Avg: 2262.0, Max: 3004, Diff: 3003, Sum: 18096]
      [GC Worker Other (ms): Min: 0.0, Avg: 0.0, Max: 0.1, Diff: 0.1, Sum: 0.4]
      [GC Worker Total (ms): Min: 191.7, Avg: 192.4, Max: 192.6, Diff: 0.9, Sum: 1539.3]
      [GC Worker End (ms): Min: 173362.4, Avg: 173362.4, Max: 173362.4, Diff: 0.1]
   [Code Root Fixup: 0.0 ms]
   [Code Root Purge: 0.0 ms]
   [Clear CT: 0.2 ms]
   [Other: 1.0 ms]
      [Choose CSet: 0.0 ms]
      [Ref Proc: 0.2 ms]
      [Ref Enq: 0.0 ms]
      [Redirty Cards: 0.2 ms]
      [Humongous Register: 0.0 ms]
      [Humongous Reclaim: 0.0 ms]
      [Free CSet: 0.3 ms]
   [Eden: 301.0M(301.0M)->0.0B(283.0M) Survivors: 42.0M->43.0M Heap: 741.9M(2048.0M)->743.4M(2048.0M)]
 [Times: user=1.45 sys=0.00, real=0.19 secs] 
2020-09-29T12:13:48.551+0200: 173.520: [GC pause (G1 Evacuation Pause) (young), 0.1878369 secs]
   [Parallel Time: 186.7 ms, GC Workers: 8]
      [GC Worker Start (ms): Min: 173519.9, Avg: 173520.0, Max: 173520.0, Diff: 0.2]
      [Ext Root Scanning (ms): Min: 0.0, Avg: 0.0, Max: 0.2, Diff: 0.2, Sum: 0.4]
      [Update RS (ms): Min: 17.6, Avg: 17.8, Max: 18.4, Diff: 0.8, Sum: 142.7]
         [Processed Buffers: Min: 19, Avg: 21.4, Max: 24, Diff: 5, Sum: 171]
      [Scan RS (ms): Min: 12.1, Avg: 12.8, Max: 13.0, Diff: 0.8, Sum: 102.0]
      [Code Root Scanning (ms): Min: 0.0, Avg: 0.0, Max: 0.0, Diff: 0.0, Sum: 0.0]
      [Object Copy (ms): Min: 155.8, Avg: 155.8, Max: 155.9, Diff: 0.1, Sum: 1246.6]
      [Termination (ms): Min: 0.0, Avg: 0.0, Max: 0.0, Diff: 0.0, Sum: 0.1]
         [Termination Attempts: Min: 1, Avg: 44.5, Max: 58, Diff: 57, Sum: 356]
      [GC Worker Other (ms): Min: 0.0, Avg: 0.1, Max: 0.1, Diff: 0.1, Sum: 0.4]
      [GC Worker Total (ms): Min: 186.4, Avg: 186.5, Max: 186.6, Diff: 0.2, Sum: 1492.2]
      [GC Worker End (ms): Min: 173706.5, Avg: 173706.5, Max: 173706.5, Diff: 0.1]
   [Code Root Fixup: 0.0 ms]
   [Code Root Purge: 0.0 ms]
   [Clear CT: 0.2 ms]
   [Other: 1.0 ms]
      [Choose CSet: 0.0 ms]
      [Ref Proc: 0.2 ms]
      [Ref Enq: 0.0 ms]
      [Redirty Cards: 0.2 ms]
      [Humongous Register: 0.1 ms]
      [Humongous Reclaim: 0.0 ms]
      [Free CSet: 0.3 ms]
   [Eden: 283.0M(283.0M)->0.0B(276.0M) Survivors: 43.0M->41.0M Heap: 1074.1M(2048.0M)->1075.1M(2048.0M)]
 [Times: user=1.39 sys=0.00, real=0.19 secs] 
2020-09-29T12:13:48.751+0200: 173.720: [GC pause (G1 Humongous Allocation) (young) (initial-mark), 0.0548625 secs]
   [Parallel Time: 53.9 ms, GC Workers: 8]
      [GC Worker Start (ms): Min: 173720.0, Avg: 173720.1, Max: 173720.2, Diff: 0.2]
      [Ext Root Scanning (ms): Min: 0.0, Avg: 0.4, Max: 1.0, Diff: 1.0, Sum: 3.1]
      [Update RS (ms): Min: 29.9, Avg: 30.5, Max: 30.9, Diff: 0.9, Sum: 244.2]
         [Processed Buffers: Min: 33, Avg: 36.1, Max: 39, Diff: 6, Sum: 289]
      [Scan RS (ms): Min: 2.6, Avg: 2.7, Max: 2.7, Diff: 0.1, Sum: 21.3]
      [Code Root Scanning (ms): Min: 0.0, Avg: 0.0, Max: 0.0, Diff: 0.0, Sum: 0.0]
      [Object Copy (ms): Min: 20.1, Avg: 20.1, Max: 20.1, Diff: 0.1, Sum: 160.7]
      [Termination (ms): Min: 0.0, Avg: 0.0, Max: 0.0, Diff: 0.0, Sum: 0.1]
         [Termination Attempts: Min: 1, Avg: 92.8, Max: 124, Diff: 123, Sum: 742]
      [GC Worker Other (ms): Min: 0.0, Avg: 0.0, Max: 0.0, Diff: 0.0, Sum: 0.1]
      [GC Worker Total (ms): Min: 53.6, Avg: 53.7, Max: 53.8, Diff: 0.2, Sum: 429.6]
      [GC Worker End (ms): Min: 173773.8, Avg: 173773.8, Max: 173773.8, Diff: 0.0]
   [Code Root Fixup: 0.0 ms]
   [Code Root Purge: 0.0 ms]
   [Clear CT: 0.1 ms]
   [Other: 0.8 ms]
      [Choose CSet: 0.0 ms]
      [Ref Proc: 0.2 ms]
      [Ref Enq: 0.0 ms]
      [Redirty Cards: 0.2 ms]
      [Humongous Register: 0.1 ms]
      [Humongous Reclaim: 0.0 ms]
      [Free CSet: 0.1 ms]
   [Eden: 8192.0K(276.0M)->0.0B(318.0M) Survivors: 41.0M->9216.0K Heap: 1083.1M(2048.0M)->1086.1M(2048.0M)]
 [Times: user=0.49 sys=0.00, real=0.06 secs] 
2020-09-29T12:13:48.806+0200: 173.775: [GC concurrent-root-region-scan-start]
2020-09-29T12:13:48.808+0200: 173.777: [GC concurrent-root-region-scan-end, 0.0021978 secs]
2020-09-29T12:13:48.808+0200: 173.777: [GC concurrent-mark-start]
2020-09-29T12:13:48.810+0200: 173.779: [GC concurrent-mark-end, 0.0023708 secs]
2020-09-29T12:13:48.811+0200: 173.780: [GC remark 2020-09-29T12:13:48.811+0200: 173.780: [Finalize Marking, 0.0006595 secs] 2020-09-29T12:13:48.811+0200: 173.780: [GC ref-proc, 0.0003797 secs] 2020-09-29T12:13:48.812+0200: 173.781: [Unloading, 0.0005177 secs], 0.0019506 secs]
 [Times: user=0.00 sys=0.00, real=0.00 secs] 
2020-09-29T12:13:48.813+0200: 173.782: [GC cleanup 1096M->29M(2048M), 0.0013236 secs]
 [Times: user=0.00 sys=0.00, real=0.00 secs] 
2020-09-29T12:13:48.814+0200: 173.783: [GC concurrent-cleanup-start]
2020-09-29T12:13:48.816+0200: 173.785: [GC concurrent-cleanup-end, 0.0013113 secs]
2020-09-29T12:13:48.986+0200: 173.955: [GC pause (G1 Evacuation Pause) (young), 0.1625554 secs]
   [Parallel Time: 161.5 ms, GC Workers: 8]
      [GC Worker Start (ms): Min: 173954.9, Avg: 173955.0, Max: 173955.1, Diff: 0.2]
      [Ext Root Scanning (ms): Min: 0.0, Avg: 0.1, Max: 0.2, Diff: 0.2, Sum: 0.5]
      [Update RS (ms): Min: 17.9, Avg: 18.4, Max: 19.7, Diff: 1.8, Sum: 147.4]
         [Processed Buffers: Min: 15, Avg: 17.5, Max: 20, Diff: 5, Sum: 140]
      [Scan RS (ms): Min: 15.3, Avg: 16.6, Max: 17.5, Diff: 2.1, Sum: 132.8]
      [Code Root Scanning (ms): Min: 0.0, Avg: 0.0, Max: 0.0, Diff: 0.0, Sum: 0.0]
      [Object Copy (ms): Min: 125.4, Avg: 126.0, Max: 126.2, Diff: 0.8, Sum: 1008.2]
      [Termination (ms): Min: 0.0, Avg: 0.1, Max: 0.1, Diff: 0.1, Sum: 0.7]
         [Termination Attempts: Min: 1, Avg: 556.3, Max: 717, Diff: 716, Sum: 4450]
      [GC Worker Other (ms): Min: 0.0, Avg: 0.0, Max: 0.1, Diff: 0.1, Sum: 0.3]
      [GC Worker Total (ms): Min: 161.2, Avg: 161.2, Max: 161.4, Diff: 0.2, Sum: 1289.9]
      [GC Worker End (ms): Min: 174116.2, Avg: 174116.2, Max: 174116.3, Diff: 0.1]
   [Code Root Fixup: 0.0 ms]
   [Code Root Purge: 0.0 ms]
   [Clear CT: 0.1 ms]
   [Other: 1.0 ms]
      [Choose CSet: 0.0 ms]
      [Ref Proc: 0.2 ms]
      [Ref Enq: 0.0 ms]
      [Redirty Cards: 0.3 ms]
      [Humongous Register: 0.0 ms]
      [Humongous Reclaim: 0.0 ms]
      [Free CSet: 0.2 ms]
   [Eden: 318.0M(318.0M)->0.0B(297.0M) Survivors: 9216.0K->41.0M Heap: 390.4M(2048.0M)->383.4M(2048.0M)]
 [Times: user=1.33 sys=0.00, real=0.16 secs] 
2020-09-29T12:13:49.411+0200: 174.380: [GC pause (G1 Evacuation Pause) (young), 0.3139491 secs]
   [Parallel Time: 311.9 ms, GC Workers: 8]
      [GC Worker Start (ms): Min: 174380.3, Avg: 174380.5, Max: 174381.1, Diff: 0.8]
      [Ext Root Scanning (ms): Min: 0.0, Avg: 0.1, Max: 0.2, Diff: 0.2, Sum: 0.8]
      [Update RS (ms): Min: 24.9, Avg: 25.3, Max: 25.7, Diff: 0.7, Sum: 202.4]
         [Processed Buffers: Min: 16, Avg: 16.6, Max: 18, Diff: 2, Sum: 133]
      [Scan RS (ms): Min: 28.1, Avg: 28.9, Max: 29.3, Diff: 1.2, Sum: 231.5]
      [Code Root Scanning (ms): Min: 0.0, Avg: 0.0, Max: 0.0, Diff: 0.0, Sum: 0.0]
      [Object Copy (ms): Min: 256.8, Avg: 257.0, Max: 257.0, Diff: 0.2, Sum: 2055.6]
      [Termination (ms): Min: 0.0, Avg: 0.1, Max: 0.1, Diff: 0.1, Sum: 0.4]
         [Termination Attempts: Min: 1, Avg: 199.8, Max: 252, Diff: 251, Sum: 1598]
      [GC Worker Other (ms): Min: 0.0, Avg: 0.0, Max: 0.1, Diff: 0.1, Sum: 0.3]
      [GC Worker Total (ms): Min: 310.8, Avg: 311.4, Max: 311.6, Diff: 0.8, Sum: 2491.1]
      [GC Worker End (ms): Min: 174691.8, Avg: 174691.9, Max: 174691.9, Diff: 0.1]
   [Code Root Fixup: 0.0 ms]
   [Code Root Purge: 0.0 ms]
   [Clear CT: 0.3 ms]
   [Other: 1.8 ms]
      [Choose CSet: 0.0 ms]
      [Ref Proc: 0.5 ms]
      [Ref Enq: 0.0 ms]
      [Redirty Cards: 0.5 ms]
      [Humongous Register: 0.1 ms]
      [Humongous Reclaim: 0.0 ms]
      [Free CSet: 0.4 ms]
   [Eden: 297.0M(297.0M)->0.0B(176.0M) Survivors: 41.0M->43.0M Heap: 730.0M(2048.0M)->732.0M(2048.0M)]
 [Times: user=2.36 sys=0.02, real=0.31 secs] 
2020-09-29T12:13:49.918+0200: 174.887: [GC pause (G1 Evacuation Pause) (young), 0.2202069 secs]
   [Parallel Time: 218.7 ms, GC Workers: 8]
      [GC Worker Start (ms): Min: 174887.1, Avg: 174887.2, Max: 174887.3, Diff: 0.2]
      [Ext Root Scanning (ms): Min: 0.0, Avg: 0.1, Max: 0.2, Diff: 0.2, Sum: 0.9]
      [Update RS (ms): Min: 28.5, Avg: 28.7, Max: 29.0, Diff: 0.5, Sum: 229.4]
         [Processed Buffers: Min: 15, Avg: 18.4, Max: 20, Diff: 5, Sum: 147]
      [Scan RS (ms): Min: 14.0, Avg: 14.4, Max: 14.5, Diff: 0.5, Sum: 114.9]
      [Code Root Scanning (ms): Min: 0.0, Avg: 0.0, Max: 0.0, Diff: 0.0, Sum: 0.0]
      [Object Copy (ms): Min: 174.9, Avg: 175.0, Max: 175.3, Diff: 0.4, Sum: 1400.0]
      [Termination (ms): Min: 0.0, Avg: 0.2, Max: 0.3, Diff: 0.3, Sum: 1.7]
         [Termination Attempts: Min: 1, Avg: 608.3, Max: 728, Diff: 727, Sum: 4866]
      [GC Worker Other (ms): Min: 0.0, Avg: 0.0, Max: 0.0, Diff: 0.0, Sum: 0.1]
      [GC Worker Total (ms): Min: 218.3, Avg: 218.4, Max: 218.5, Diff: 0.2, Sum: 1747.2]
      [GC Worker End (ms): Min: 175105.6, Avg: 175105.6, Max: 175105.6, Diff: 0.0]
   [Code Root Fixup: 0.0 ms]
   [Code Root Purge: 0.0 ms]
   [Clear CT: 0.2 ms]
   [Other: 1.3 ms]
      [Choose CSet: 0.0 ms]
      [Ref Proc: 0.2 ms]
      [Ref Enq: 0.0 ms]
      [Redirty Cards: 0.4 ms]
      [Humongous Register: 0.1 ms]
      [Humongous Reclaim: 0.0 ms]
      [Free CSet: 0.3 ms]
   [Eden: 176.0M(176.0M)->0.0B(156.0M) Survivors: 43.0M->28.0M Heap: 938.5M(2048.0M)->940.5M(2048.0M)]
 [Times: user=1.64 sys=0.00, real=0.22 secs] 
2020-09-29T12:13:50.170+0200: 175.139: [GC pause (G1 Humongous Allocation) (young) (initial-mark), 0.0773464 secs]
   [Parallel Time: 75.9 ms, GC Workers: 8]
      [GC Worker Start (ms): Min: 175139.0, Avg: 175139.1, Max: 175139.3, Diff: 0.3]
      [Ext Root Scanning (ms): Min: 0.0, Avg: 0.9, Max: 3.0, Diff: 3.0, Sum: 7.1]
      [Update RS (ms): Min: 27.0, Avg: 29.5, Max: 31.5, Diff: 4.4, Sum: 236.0]
         [Processed Buffers: Min: 17, Avg: 19.8, Max: 22, Diff: 5, Sum: 158]
      [Scan RS (ms): Min: 2.9, Avg: 3.9, Max: 4.3, Diff: 1.4, Sum: 31.2]
      [Code Root Scanning (ms): Min: 0.0, Avg: 0.0, Max: 0.0, Diff: 0.0, Sum: 0.0]
      [Object Copy (ms): Min: 40.9, Avg: 41.2, Max: 41.2, Diff: 0.4, Sum: 329.4]
      [Termination (ms): Min: 0.0, Avg: 0.1, Max: 0.2, Diff: 0.2, Sum: 0.8]
         [Termination Attempts: Min: 1, Avg: 137.9, Max: 215, Diff: 214, Sum: 1103]
      [GC Worker Other (ms): Min: 0.0, Avg: 0.0, Max: 0.0, Diff: 0.0, Sum: 0.1]
      [GC Worker Total (ms): Min: 75.5, Avg: 75.6, Max: 75.7, Diff: 0.3, Sum: 604.7]
      [GC Worker End (ms): Min: 175214.7, Avg: 175214.7, Max: 175214.7, Diff: 0.0]
   [Code Root Fixup: 0.0 ms]
   [Code Root Purge: 0.0 ms]
   [Clear CT: 0.4 ms]
   [Other: 1.1 ms]
      [Choose CSet: 0.0 ms]
      [Ref Proc: 0.2 ms]
      [Ref Enq: 0.0 ms]
      [Redirty Cards: 0.4 ms]
      [Humongous Register: 0.0 ms]
      [Humongous Reclaim: 0.0 ms]
      [Free CSet: 0.1 ms]
   [Eden: 22.0M(156.0M)->0.0B(151.0M) Survivors: 28.0M->23.0M Heap: 964.4M(2048.0M)->967.9M(2048.0M)]
 [Times: user=0.59 sys=0.00, real=0.08 secs] 
2020-09-29T12:13:50.247+0200: 175.216: [GC concurrent-root-region-scan-start]
2020-09-29T12:13:50.260+0200: 175.229: [GC concurrent-root-region-scan-end, 0.0129510 secs]
2020-09-29T12:13:50.260+0200: 175.229: [GC concurrent-mark-start]
2020-09-29T12:13:50.266+0200: 175.235: [GC concurrent-mark-end, 0.0057054 secs]
2020-09-29T12:13:50.266+0200: 175.235: [GC remark 2020-09-29T12:13:50.266+0200: 175.235: [Finalize Marking, 0.0003575 secs] 2020-09-29T12:13:50.267+0200: 175.236: [GC ref-proc, 0.0004959 secs] 2020-09-29T12:13:50.267+0200: 175.236: [Unloading, 0.0007418 secs], 0.0021888 secs]
 [Times: user=0.00 sys=0.00, real=0.00 secs] 
2020-09-29T12:13:50.269+0200: 175.238: [GC cleanup 987M->52M(2048M), 0.0029254 secs]
 [Times: user=0.00 sys=0.02, real=0.00 secs] 
2020-09-29T12:13:50.272+0200: 175.241: [GC concurrent-cleanup-start]
2020-09-29T12:13:50.274+0200: 175.243: [GC concurrent-cleanup-end, 0.0021890 secs]
2020-09-29T12:13:50.397+0200: 175.367: [GC pause (G1 Evacuation Pause) (young), 0.1576385 secs]
   [Parallel Time: 155.5 ms, GC Workers: 8]
      [GC Worker Start (ms): Min: 175366.7, Avg: 175366.9, Max: 175367.0, Diff: 0.3]
      [Ext Root Scanning (ms): Min: 0.0, Avg: 0.1, Max: 0.3, Diff: 0.3, Sum: 0.8]
      [Update RS (ms): Min: 22.2, Avg: 22.3, Max: 22.5, Diff: 0.3, Sum: 178.6]
         [Processed Buffers: Min: 14, Avg: 15.1, Max: 17, Diff: 3, Sum: 121]
      [Scan RS (ms): Min: 8.3, Avg: 8.4, Max: 8.6, Diff: 0.3, Sum: 67.5]
      [Code Root Scanning (ms): Min: 0.0, Avg: 0.0, Max: 0.0, Diff: 0.0, Sum: 0.0]
      [Object Copy (ms): Min: 123.9, Avg: 124.0, Max: 124.3, Diff: 0.3, Sum: 992.4]
      [Termination (ms): Min: 0.1, Avg: 0.3, Max: 0.4, Diff: 0.3, Sum: 2.5]
         [Termination Attempts: Min: 1, Avg: 720.9, Max: 1000, Diff: 999, Sum: 5767]
      [GC Worker Other (ms): Min: 0.0, Avg: 0.0, Max: 0.0, Diff: 0.0, Sum: 0.1]
      [GC Worker Total (ms): Min: 155.1, Avg: 155.2, Max: 155.4, Diff: 0.3, Sum: 1241.9]
      [GC Worker End (ms): Min: 175522.1, Avg: 175522.1, Max: 175522.1, Diff: 0.1]
   [Code Root Fixup: 0.0 ms]
   [Code Root Purge: 0.0 ms]
   [Clear CT: 0.3 ms]
   [Other: 1.8 ms]
      [Choose CSet: 0.0 ms]
      [Ref Proc: 0.4 ms]
      [Ref Enq: 0.0 ms]
      [Redirty Cards: 0.7 ms]
      [Humongous Register: 0.0 ms]
      [Humongous Reclaim: 0.0 ms]
      [Free CSet: 0.3 ms]
   [Eden: 151.0M(151.0M)->0.0B(154.0M) Survivors: 23.0M->22.0M Heap: 210.7M(2048.0M)->189.7M(2048.0M)]
 [Times: user=1.20 sys=0.00, real=0.17 secs] 
2020-09-29T12:13:50.715+0200: 175.685: [GC pause (G1 Evacuation Pause) (young), 0.1735837 secs]
   [Parallel Time: 171.9 ms, GC Workers: 8]
      [GC Worker Start (ms): Min: 175684.7, Avg: 175684.8, Max: 175684.9, Diff: 0.2]
      [Ext Root Scanning (ms): Min: 0.0, Avg: 0.1, Max: 0.4, Diff: 0.4, Sum: 1.2]
      [Update RS (ms): Min: 19.0, Avg: 19.3, Max: 19.6, Diff: 0.5, Sum: 154.2]
         [Processed Buffers: Min: 11, Avg: 12.1, Max: 14, Diff: 3, Sum: 97]
      [Scan RS (ms): Min: 12.9, Avg: 13.2, Max: 13.9, Diff: 1.0, Sum: 105.3]
      [Code Root Scanning (ms): Min: 0.0, Avg: 0.0, Max: 0.0, Diff: 0.0, Sum: 0.0]
      [Object Copy (ms): Min: 138.1, Avg: 138.6, Max: 139.0, Diff: 0.8, Sum: 1109.1]
      [Termination (ms): Min: 0.0, Avg: 0.1, Max: 0.2, Diff: 0.2, Sum: 0.9]
         [Termination Attempts: Min: 1, Avg: 432.6, Max: 530, Diff: 529, Sum: 3461]
      [GC Worker Other (ms): Min: 0.0, Avg: 0.0, Max: 0.1, Diff: 0.1, Sum: 0.3]
      [GC Worker Total (ms): Min: 171.3, Avg: 171.4, Max: 171.5, Diff: 0.2, Sum: 1371.0]
      [GC Worker End (ms): Min: 175856.2, Avg: 175856.2, Max: 175856.2, Diff: 0.1]
   [Code Root Fixup: 0.0 ms]
   [Code Root Purge: 0.0 ms]
   [Clear CT: 0.3 ms]
   [Other: 1.4 ms]
      [Choose CSet: 0.0 ms]
      [Ref Proc: 0.4 ms]
      [Ref Enq: 0.0 ms]
      [Redirty Cards: 0.4 ms]
      [Humongous Register: 0.0 ms]
      [Humongous Reclaim: 0.0 ms]
      [Free CSet: 0.2 ms]
   [Eden: 154.0M(154.0M)->0.0B(152.0M) Survivors: 22.0M->22.0M Heap: 368.5M(2048.0M)->370.0M(2048.0M)]
 [Times: user=1.31 sys=0.01, real=0.17 secs] 
2020-09-29T12:13:51.027+0200: 175.997: [GC pause (G1 Evacuation Pause) (young), 0.1574493 secs]
   [Parallel Time: 155.8 ms, GC Workers: 8]
      [GC Worker Start (ms): Min: 175996.8, Avg: 175997.0, Max: 175997.1, Diff: 0.3]
      [Ext Root Scanning (ms): Min: 0.0, Avg: 0.1, Max: 0.3, Diff: 0.3, Sum: 0.8]
      [Update RS (ms): Min: 18.1, Avg: 18.7, Max: 19.2, Diff: 1.2, Sum: 149.5]
         [Processed Buffers: Min: 11, Avg: 11.9, Max: 13, Diff: 2, Sum: 95]
      [Scan RS (ms): Min: 12.2, Avg: 12.7, Max: 13.3, Diff: 1.1, Sum: 101.6]
      [Code Root Scanning (ms): Min: 0.0, Avg: 0.0, Max: 0.0, Diff: 0.0, Sum: 0.0]
      [Object Copy (ms): Min: 123.8, Avg: 123.9, Max: 123.9, Diff: 0.2, Sum: 990.8]
      [Termination (ms): Min: 0.0, Avg: 0.1, Max: 0.1, Diff: 0.1, Sum: 0.4]
         [Termination Attempts: Min: 1, Avg: 175.8, Max: 233, Diff: 232, Sum: 1406]
      [GC Worker Other (ms): Min: 0.0, Avg: 0.0, Max: 0.1, Diff: 0.1, Sum: 0.4]
      [GC Worker Total (ms): Min: 155.3, Avg: 155.4, Max: 155.6, Diff: 0.3, Sum: 1243.6]
      [GC Worker End (ms): Min: 176152.4, Avg: 176152.4, Max: 176152.4, Diff: 0.1]
   [Code Root Fixup: 0.0 ms]
   [Code Root Purge: 0.0 ms]
   [Clear CT: 0.4 ms]
   [Other: 1.3 ms]
      [Choose CSet: 0.0 ms]
      [Ref Proc: 0.4 ms]
      [Ref Enq: 0.0 ms]
      [Redirty Cards: 0.4 ms]
      [Humongous Register: 0.1 ms]
      [Humongous Reclaim: 0.0 ms]
      [Free CSet: 0.2 ms]
   [Eden: 152.0M(152.0M)->0.0B(158.0M) Survivors: 22.0M->22.0M Heap: 546.8M(2048.0M)->549.3M(2048.0M)]
 [Times: user=1.25 sys=0.00, real=0.16 secs] 
2020-09-29T12:13:51.337+0200: 176.306: [GC pause (G1 Evacuation Pause) (young), 0.1843107 secs]
   [Parallel Time: 182.2 ms, GC Workers: 8]
      [GC Worker Start (ms): Min: 176306.1, Avg: 176306.2, Max: 176306.3, Diff: 0.3]
      [Ext Root Scanning (ms): Min: 0.0, Avg: 0.1, Max: 0.3, Diff: 0.3, Sum: 0.8]
      [Update RS (ms): Min: 23.5, Avg: 24.0, Max: 24.5, Diff: 1.0, Sum: 191.9]
         [Processed Buffers: Min: 12, Avg: 14.1, Max: 16, Diff: 4, Sum: 113]
      [Scan RS (ms): Min: 12.5, Avg: 12.9, Max: 13.3, Diff: 0.9, Sum: 102.8]
      [Code Root Scanning (ms): Min: 0.0, Avg: 0.0, Max: 0.0, Diff: 0.0, Sum: 0.0]
      [Object Copy (ms): Min: 144.6, Avg: 144.6, Max: 144.9, Diff: 0.3, Sum: 1157.1]
      [Termination (ms): Min: 0.0, Avg: 0.2, Max: 0.3, Diff: 0.3, Sum: 1.8]
         [Termination Attempts: Min: 1, Avg: 16.4, Max: 30, Diff: 29, Sum: 131]
      [GC Worker Other (ms): Min: 0.0, Avg: 0.0, Max: 0.1, Diff: 0.0, Sum: 0.2]
      [GC Worker Total (ms): Min: 181.7, Avg: 181.8, Max: 182.0, Diff: 0.2, Sum: 1454.6]
      [GC Worker End (ms): Min: 176488.0, Avg: 176488.1, Max: 176488.1, Diff: 0.0]
   [Code Root Fixup: 0.0 ms]
   [Code Root Purge: 0.0 ms]
   [Clear CT: 0.5 ms]
   [Other: 1.6 ms]
      [Choose CSet: 0.0 ms]
      [Ref Proc: 0.5 ms]
      [Ref Enq: 0.0 ms]
      [Redirty Cards: 0.4 ms]
      [Humongous Register: 0.1 ms]
      [Humongous Reclaim: 0.0 ms]
      [Free CSet: 0.2 ms]
   [Eden: 158.0M(158.0M)->0.0B(155.0M) Survivors: 22.0M->23.0M Heap: 734.0M(2048.0M)->736.0M(2048.0M)]
 [Times: user=1.33 sys=0.00, real=0.19 secs] 
2020-09-29T12:13:51.679+0200: 176.647: [GC pause (G1 Evacuation Pause) (young), 0.1686752 secs]
   [Parallel Time: 167.1 ms, GC Workers: 8]
      [GC Worker Start (ms): Min: 176647.6, Avg: 176647.8, Max: 176647.9, Diff: 0.3]
      [Ext Root Scanning (ms): Min: 0.0, Avg: 0.1, Max: 0.3, Diff: 0.3, Sum: 0.8]
      [Update RS (ms): Min: 20.7, Avg: 20.9, Max: 21.7, Diff: 1.0, Sum: 167.4]
         [Processed Buffers: Min: 12, Avg: 13.9, Max: 16, Diff: 4, Sum: 111]
      [Scan RS (ms): Min: 12.2, Avg: 13.0, Max: 13.3, Diff: 1.0, Sum: 103.8]
      [Code Root Scanning (ms): Min: 0.0, Avg: 0.0, Max: 0.0, Diff: 0.0, Sum: 0.0]
      [Object Copy (ms): Min: 132.5, Avg: 132.6, Max: 132.6, Diff: 0.1, Sum: 1060.6]
      [Termination (ms): Min: 0.0, Avg: 0.0, Max: 0.1, Diff: 0.1, Sum: 0.3]
         [Termination Attempts: Min: 1, Avg: 119.5, Max: 150, Diff: 149, Sum: 956]
      [GC Worker Other (ms): Min: 0.0, Avg: 0.0, Max: 0.1, Diff: 0.0, Sum: 0.3]
      [GC Worker Total (ms): Min: 166.5, Avg: 166.6, Max: 166.8, Diff: 0.3, Sum: 1333.1]
      [GC Worker End (ms): Min: 176814.4, Avg: 176814.4, Max: 176814.5, Diff: 0.0]
   [Code Root Fixup: 0.0 ms]
   [Code Root Purge: 0.0 ms]
   [Clear CT: 0.3 ms]
   [Other: 1.3 ms]
      [Choose CSet: 0.0 ms]
      [Ref Proc: 0.4 ms]
      [Ref Enq: 0.0 ms]
      [Redirty Cards: 0.4 ms]
      [Humongous Register: 0.1 ms]
      [Humongous Reclaim: 0.0 ms]
      [Free CSet: 0.2 ms]
   [Eden: 155.0M(155.0M)->0.0B(159.0M) Survivors: 23.0M->23.0M Heap: 917.7M(2048.0M)->919.2M(2048.0M)]
 [Times: user=1.19 sys=0.00, real=0.17 secs] 
2020-09-29T12:13:51.955+0200: 176.924: [GC pause (G1 Humongous Allocation) (young) (initial-mark), 0.1246857 secs]
   [Parallel Time: 123.0 ms, GC Workers: 8]
      [GC Worker Start (ms): Min: 176924.5, Avg: 176924.7, Max: 176924.8, Diff: 0.3]
      [Ext Root Scanning (ms): Min: 0.0, Avg: 0.2, Max: 0.3, Diff: 0.3, Sum: 1.7]
      [Update RS (ms): Min: 19.1, Avg: 19.4, Max: 19.6, Diff: 0.5, Sum: 155.3]
         [Processed Buffers: Min: 11, Avg: 11.9, Max: 12, Diff: 1, Sum: 95]
      [Scan RS (ms): Min: 7.5, Avg: 7.7, Max: 8.1, Diff: 0.6, Sum: 62.0]
      [Code Root Scanning (ms): Min: 0.0, Avg: 0.0, Max: 0.0, Diff: 0.0, Sum: 0.0]
      [Object Copy (ms): Min: 95.0, Avg: 95.1, Max: 95.2, Diff: 0.1, Sum: 760.7]
      [Termination (ms): Min: 0.0, Avg: 0.1, Max: 0.1, Diff: 0.1, Sum: 0.4]
         [Termination Attempts: Min: 1, Avg: 36.6, Max: 49, Diff: 48, Sum: 293]
      [GC Worker Other (ms): Min: 0.0, Avg: 0.0, Max: 0.0, Diff: 0.0, Sum: 0.2]
      [GC Worker Total (ms): Min: 122.4, Avg: 122.5, Max: 122.7, Diff: 0.3, Sum: 980.3]
      [GC Worker End (ms): Min: 177047.2, Avg: 177047.2, Max: 177047.2, Diff: 0.0]
   [Code Root Fixup: 0.0 ms]
   [Code Root Purge: 0.0 ms]
   [Clear CT: 0.3 ms]
   [Other: 1.4 ms]
      [Choose CSet: 0.0 ms]
      [Ref Proc: 0.5 ms]
      [Ref Enq: 0.0 ms]
      [Redirty Cards: 0.4 ms]
      [Humongous Register: 0.0 ms]
      [Humongous Reclaim: 0.0 ms]
      [Free CSet: 0.2 ms]
   [Eden: 112.0M(159.0M)->0.0B(169.0M) Survivors: 23.0M->23.0M Heap: 1047.9M(2048.0M)->1049.9M(2048.0M)]
 [Times: user=1.00 sys=0.00, real=0.13 secs] 
2020-09-29T12:13:52.080+0200: 177.049: [GC concurrent-root-region-scan-start]
2020-09-29T12:13:52.092+0200: 177.062: [GC concurrent-root-region-scan-end, 0.0122899 secs]
2020-09-29T12:13:52.092+0200: 177.062: [GC concurrent-mark-start]
2020-09-29T12:13:52.096+0200: 177.065: [GC concurrent-mark-end, 0.0038264 secs]
2020-09-29T12:13:52.096+0200: 177.066: [GC remark 2020-09-29T12:13:52.096+0200: 177.066: [Finalize Marking, 0.0006034 secs] 2020-09-29T12:13:52.097+0200: 177.066: [GC ref-proc, 0.0004884 secs] 2020-09-29T12:13:52.097+0200: 177.067: [Unloading, 0.0006932 secs], 0.0023192 secs]
 [Times: user=0.11 sys=0.00, real=0.00 secs] 
2020-09-29T12:13:52.099+0200: 177.069: [GC cleanup 1067M->50M(2048M), 0.0026841 secs]
 [Times: user=0.00 sys=0.00, real=0.00 secs] 
2020-09-29T12:13:52.102+0200: 177.071: [GC concurrent-cleanup-start]
2020-09-29T12:13:52.104+0200: 177.073: [GC concurrent-cleanup-end, 0.0018011 secs]
2020-09-29T12:13:52.243+0200: 177.213: [GC pause (G1 Evacuation Pause) (young), 0.1681722 secs]
   [Parallel Time: 166.5 ms, GC Workers: 8]
      [GC Worker Start (ms): Min: 177212.8, Avg: 177212.9, Max: 177213.0, Diff: 0.3]
      [Ext Root Scanning (ms): Min: 0.0, Avg: 0.1, Max: 0.2, Diff: 0.2, Sum: 0.8]
      [Update RS (ms): Min: 18.4, Avg: 19.0, Max: 19.9, Diff: 1.5, Sum: 152.2]
         [Processed Buffers: Min: 10, Avg: 11.8, Max: 13, Diff: 3, Sum: 94]
      [Scan RS (ms): Min: 12.4, Avg: 12.9, Max: 13.6, Diff: 1.2, Sum: 103.1]
      [Code Root Scanning (ms): Min: 0.0, Avg: 0.0, Max: 0.0, Diff: 0.0, Sum: 0.0]
      [Object Copy (ms): Min: 133.7, Avg: 134.0, Max: 134.2, Diff: 0.5, Sum: 1072.3]
      [Termination (ms): Min: 0.0, Avg: 0.1, Max: 0.1, Diff: 0.1, Sum: 0.5]
         [Termination Attempts: Min: 1, Avg: 209.5, Max: 258, Diff: 257, Sum: 1676]
      [GC Worker Other (ms): Min: 0.0, Avg: 0.0, Max: 0.1, Diff: 0.1, Sum: 0.4]
      [GC Worker Total (ms): Min: 166.0, Avg: 166.2, Max: 166.3, Diff: 0.3, Sum: 1329.4]
      [GC Worker End (ms): Min: 177379.0, Avg: 177379.1, Max: 177379.1, Diff: 0.1]
   [Code Root Fixup: 0.0 ms]
   [Code Root Purge: 0.0 ms]
   [Clear CT: 0.3 ms]
   [Other: 1.3 ms]
      [Choose CSet: 0.0 ms]
      [Ref Proc: 0.3 ms]
      [Ref Enq: 0.0 ms]
      [Redirty Cards: 0.4 ms]
      [Humongous Register: 0.1 ms]
      [Humongous Reclaim: 0.0 ms]
      [Free CSet: 0.2 ms]
   [Eden: 169.0M(169.0M)->0.0B(169.0M) Survivors: 23.0M->24.0M Heap: 230.6M(2048.0M)->210.1M(2048.0M)]
 [Times: user=1.19 sys=0.03, real=0.17 secs] 
2020-09-29T12:13:52.574+0200: 177.543: [GC pause (G1 Evacuation Pause) (young), 0.1773322 secs]
   [Parallel Time: 175.7 ms, GC Workers: 8]
      [GC Worker Start (ms): Min: 177543.6, Avg: 177543.7, Max: 177543.8, Diff: 0.3]
      [Ext Root Scanning (ms): Min: 0.0, Avg: 0.1, Max: 0.2, Diff: 0.2, Sum: 0.8]
      [Update RS (ms): Min: 18.4, Avg: 18.9, Max: 19.7, Diff: 1.3, Sum: 150.9]
         [Processed Buffers: Min: 11, Avg: 12.6, Max: 15, Diff: 4, Sum: 101]
      [Scan RS (ms): Min: 14.3, Avg: 15.1, Max: 15.4, Diff: 1.2, Sum: 120.7]
      [Code Root Scanning (ms): Min: 0.0, Avg: 0.0, Max: 0.0, Diff: 0.0, Sum: 0.0]
      [Object Copy (ms): Min: 141.2, Avg: 141.3, Max: 141.3, Diff: 0.2, Sum: 1130.1]
      [Termination (ms): Min: 0.0, Avg: 0.0, Max: 0.0, Diff: 0.0, Sum: 0.3]
         [Termination Attempts: Min: 1, Avg: 113.9, Max: 152, Diff: 151, Sum: 911]
      [GC Worker Other (ms): Min: 0.0, Avg: 0.0, Max: 0.1, Diff: 0.1, Sum: 0.3]
      [GC Worker Total (ms): Min: 175.2, Avg: 175.4, Max: 175.5, Diff: 0.3, Sum: 1403.1]
      [GC Worker End (ms): Min: 177719.1, Avg: 177719.1, Max: 177719.1, Diff: 0.1]
   [Code Root Fixup: 0.0 ms]
   [Code Root Purge: 0.0 ms]
   [Clear CT: 0.3 ms]
   [Other: 1.3 ms]
      [Choose CSet: 0.0 ms]
      [Ref Proc: 0.4 ms]
      [Ref Enq: 0.0 ms]
      [Redirty Cards: 0.3 ms]
      [Humongous Register: 0.1 ms]
      [Humongous Reclaim: 0.0 ms]
      [Free CSet: 0.3 ms]
   [Eden: 169.0M(169.0M)->0.0B(169.0M) Survivors: 24.0M->25.0M Heap: 407.7M(2048.0M)->409.7M(2048.0M)]
 [Times: user=1.38 sys=0.00, real=0.18 secs] 
2020-09-29T12:13:52.915+0200: 177.885: [GC pause (G1 Evacuation Pause) (young), 0.2101211 secs]
   [Parallel Time: 208.4 ms, GC Workers: 8]
      [GC Worker Start (ms): Min: 177885.2, Avg: 177885.3, Max: 177885.4, Diff: 0.2]
      [Ext Root Scanning (ms): Min: 0.0, Avg: 0.1, Max: 0.2, Diff: 0.2, Sum: 0.9]
      [Update RS (ms): Min: 30.5, Avg: 31.1, Max: 34.0, Diff: 3.5, Sum: 248.6]
         [Processed Buffers: Min: 18, Avg: 19.6, Max: 22, Diff: 4, Sum: 157]
      [Scan RS (ms): Min: 8.3, Avg: 11.3, Max: 11.9, Diff: 3.6, Sum: 90.1]
      [Code Root Scanning (ms): Min: 0.0, Avg: 0.0, Max: 0.0, Diff: 0.0, Sum: 0.0]
      [Object Copy (ms): Min: 165.3, Avg: 165.4, Max: 165.5, Diff: 0.2, Sum: 1323.4]
      [Termination (ms): Min: 0.0, Avg: 0.1, Max: 0.2, Diff: 0.2, Sum: 1.2]
         [Termination Attempts: Min: 1, Avg: 483.1, Max: 621, Diff: 620, Sum: 3865]
      [GC Worker Other (ms): Min: 0.0, Avg: 0.0, Max: 0.1, Diff: 0.1, Sum: 0.4]
      [GC Worker Total (ms): Min: 207.9, Avg: 208.1, Max: 208.2, Diff: 0.3, Sum: 1664.5]
      [GC Worker End (ms): Min: 178093.3, Avg: 178093.4, Max: 178093.4, Diff: 0.1]
   [Code Root Fixup: 0.0 ms]
   [Code Root Purge: 0.0 ms]
   [Clear CT: 0.3 ms]
   [Other: 1.3 ms]
      [Choose CSet: 0.0 ms]
      [Ref Proc: 0.3 ms]
      [Ref Enq: 0.0 ms]
      [Redirty Cards: 0.3 ms]
      [Humongous Register: 0.1 ms]
      [Humongous Reclaim: 0.0 ms]
      [Free CSet: 0.3 ms]
   [Eden: 169.0M(169.0M)->0.0B(157.0M) Survivors: 25.0M->25.0M Heap: 607.3M(2048.0M)->609.8M(2048.0M)]
 [Times: user=1.56 sys=0.00, real=0.21 secs] 
2020-09-29T12:13:53.292+0200: 178.262: [GC pause (G1 Evacuation Pause) (young), 0.1862734 secs]
   [Parallel Time: 184.3 ms, GC Workers: 8]
      [GC Worker Start (ms): Min: 178261.7, Avg: 178261.9, Max: 178262.0, Diff: 0.3]
      [Ext Root Scanning (ms): Min: 0.0, Avg: 0.1, Max: 0.3, Diff: 0.3, Sum: 0.8]
      [Update RS (ms): Min: 23.3, Avg: 23.4, Max: 23.8, Diff: 0.5, Sum: 187.0]
         [Processed Buffers: Min: 12, Avg: 15.0, Max: 18, Diff: 6, Sum: 120]
      [Scan RS (ms): Min: 13.4, Avg: 14.1, Max: 16.7, Diff: 3.2, Sum: 112.8]
      [Code Root Scanning (ms): Min: 0.0, Avg: 0.0, Max: 0.0, Diff: 0.0, Sum: 0.0]
      [Object Copy (ms): Min: 143.7, Avg: 146.3, Max: 146.8, Diff: 3.0, Sum: 1170.5]
      [Termination (ms): Min: 0.0, Avg: 0.1, Max: 0.1, Diff: 0.1, Sum: 0.6]
         [Termination Attempts: Min: 1, Avg: 18.1, Max: 27, Diff: 26, Sum: 145]
      [GC Worker Other (ms): Min: 0.0, Avg: 0.0, Max: 0.0, Diff: 0.0, Sum: 0.1]
      [GC Worker Total (ms): Min: 183.8, Avg: 184.0, Max: 184.1, Diff: 0.3, Sum: 1471.8]
      [GC Worker End (ms): Min: 178445.9, Avg: 178445.9, Max: 178445.9, Diff: 0.0]
   [Code Root Fixup: 0.0 ms]
   [Code Root Purge: 0.0 ms]
   [Clear CT: 0.3 ms]
   [Other: 1.7 ms]
      [Choose CSet: 0.0 ms]
      [Ref Proc: 0.4 ms]
      [Ref Enq: 0.0 ms]
      [Redirty Cards: 0.3 ms]
      [Humongous Register: 0.1 ms]
      [Humongous Reclaim: 0.0 ms]
      [Free CSet: 0.3 ms]
   [Eden: 157.0M(157.0M)->0.0B(157.0M) Survivors: 25.0M->23.0M Heap: 793.5M(2048.0M)->796.0M(2048.0M)]
 [Times: user=1.34 sys=0.02, real=0.19 secs] 
2020-09-29T12:13:53.630+0200: 178.600: [GC pause (G1 Evacuation Pause) (young), 0.1706714 secs]
   [Parallel Time: 169.2 ms, GC Workers: 8]
      [GC Worker Start (ms): Min: 178599.8, Avg: 178600.0, Max: 178600.0, Diff: 0.2]
      [Ext Root Scanning (ms): Min: 0.0, Avg: 0.1, Max: 0.2, Diff: 0.2, Sum: 0.9]
      [Update RS (ms): Min: 20.2, Avg: 20.4, Max: 20.9, Diff: 0.8, Sum: 163.5]
         [Processed Buffers: Min: 8, Avg: 12.4, Max: 15, Diff: 7, Sum: 99]
      [Scan RS (ms): Min: 13.1, Avg: 13.6, Max: 13.9, Diff: 0.8, Sum: 109.1]
      [Code Root Scanning (ms): Min: 0.0, Avg: 0.0, Max: 0.0, Diff: 0.0, Sum: 0.0]
      [Object Copy (ms): Min: 134.4, Avg: 134.5, Max: 134.6, Diff: 0.2, Sum: 1076.0]
      [Termination (ms): Min: 0.0, Avg: 0.1, Max: 0.1, Diff: 0.1, Sum: 0.8]
         [Termination Attempts: Min: 1, Avg: 366.0, Max: 455, Diff: 454, Sum: 2928]
      [GC Worker Other (ms): Min: 0.0, Avg: 0.0, Max: 0.1, Diff: 0.1, Sum: 0.4]
      [GC Worker Total (ms): Min: 168.8, Avg: 168.8, Max: 169.0, Diff: 0.2, Sum: 1350.7]
      [GC Worker End (ms): Min: 178768.8, Avg: 178768.8, Max: 178768.8, Diff: 0.1]
   [Code Root Fixup: 0.0 ms]
   [Code Root Purge: 0.0 ms]
   [Clear CT: 0.3 ms]
   [Other: 1.2 ms]
      [Choose CSet: 0.0 ms]
      [Ref Proc: 0.3 ms]
      [Ref Enq: 0.0 ms]
      [Redirty Cards: 0.4 ms]
      [Humongous Register: 0.1 ms]
      [Humongous Reclaim: 0.0 ms]
      [Free CSet: 0.2 ms]
   [Eden: 157.0M(157.0M)->0.0B(161.0M) Survivors: 23.0M->23.0M Heap: 977.8M(2048.0M)->980.3M(2048.0M)]
 [Times: user=1.22 sys=0.00, real=0.17 secs] 
2020-09-29T12:13:53.822+0200: 178.792: [GC pause (G1 Humongous Allocation) (young) (initial-mark), 0.0480853 secs]
   [Parallel Time: 46.6 ms, GC Workers: 8]
      [GC Worker Start (ms): Min: 178791.9, Avg: 178792.0, Max: 178792.2, Diff: 0.2]
      [Ext Root Scanning (ms): Min: 0.0, Avg: 0.3, Max: 0.6, Diff: 0.6, Sum: 2.2]
      [Update RS (ms): Min: 21.5, Avg: 22.1, Max: 22.4, Diff: 0.9, Sum: 176.8]
         [Processed Buffers: Min: 12, Avg: 15.0, Max: 17, Diff: 5, Sum: 120]
      [Scan RS (ms): Min: 2.1, Avg: 2.6, Max: 3.3, Diff: 1.2, Sum: 20.8]
      [Code Root Scanning (ms): Min: 0.0, Avg: 0.0, Max: 0.0, Diff: 0.0, Sum: 0.0]
      [Object Copy (ms): Min: 21.4, Avg: 21.5, Max: 21.5, Diff: 0.1, Sum: 171.7]
      [Termination (ms): Min: 0.0, Avg: 0.0, Max: 0.0, Diff: 0.0, Sum: 0.2]
         [Termination Attempts: Min: 1, Avg: 75.8, Max: 93, Diff: 92, Sum: 606]
      [GC Worker Other (ms): Min: 0.0, Avg: 0.0, Max: 0.0, Diff: 0.0, Sum: 0.2]
      [GC Worker Total (ms): Min: 46.3, Avg: 46.5, Max: 46.6, Diff: 0.2, Sum: 371.9]
      [GC Worker End (ms): Min: 178838.5, Avg: 178838.5, Max: 178838.5, Diff: 0.0]
   [Code Root Fixup: 0.0 ms]
   [Code Root Purge: 0.0 ms]
   [Clear CT: 0.3 ms]
   [Other: 1.2 ms]
      [Choose CSet: 0.0 ms]
      [Ref Proc: 0.3 ms]
      [Ref Enq: 0.0 ms]
      [Redirty Cards: 0.2 ms]
      [Humongous Register: 0.1 ms]
      [Humongous Reclaim: 0.0 ms]
      [Free CSet: 0.1 ms]
   [Eden: 4096.0K(161.0M)->0.0B(189.0M) Survivors: 23.0M->6144.0K Heap: 983.8M(2048.0M)->987.8M(2048.0M)]
 [Times: user=0.38 sys=0.00, real=0.05 secs] 
2020-09-29T12:13:53.871+0200: 178.840: [GC concurrent-root-region-scan-start]
2020-09-29T12:13:53.873+0200: 178.842: [GC concurrent-root-region-scan-end, 0.0021036 secs]
2020-09-29T12:13:53.873+0200: 178.842: [GC concurrent-mark-start]
2020-09-29T12:13:53.878+0200: 178.848: [GC concurrent-mark-end, 0.0053167 secs]
2020-09-29T12:13:53.879+0200: 178.848: [GC remark 2020-09-29T12:13:53.879+0200: 178.848: [Finalize Marking, 0.0004823 secs] 2020-09-29T12:13:53.879+0200: 178.849: [GC ref-proc, 0.0006845 secs] 2020-09-29T12:13:53.880+0200: 178.849: [Unloading, 0.0009324 secs], 0.0028523 secs]
 [Times: user=0.02 sys=0.00, real=0.00 secs] 
2020-09-29T12:13:53.882+0200: 178.852: [GC cleanup 998M->26M(2048M), 0.0030009 secs]
 [Times: user=0.00 sys=0.00, real=0.00 secs] 
2020-09-29T12:13:53.886+0200: 178.855: [GC concurrent-cleanup-start]
2020-09-29T12:13:53.888+0200: 178.857: [GC concurrent-cleanup-end, 0.0023272 secs]
2020-09-29T12:13:54.054+0200: 179.023: [GC pause (G1 Evacuation Pause) (young), 0.1816995 secs]
   [Parallel Time: 180.0 ms, GC Workers: 8]
      [GC Worker Start (ms): Min: 179022.9, Avg: 179023.6, Max: 179027.4, Diff: 4.5]
      [Ext Root Scanning (ms): Min: 0.0, Avg: 0.1, Max: 0.3, Diff: 0.3, Sum: 0.9]
      [Update RS (ms): Min: 10.6, Avg: 14.7, Max: 16.2, Diff: 5.6, Sum: 117.8]
         [Processed Buffers: Min: 8, Avg: 10.3, Max: 12, Diff: 4, Sum: 82]
      [Scan RS (ms): Min: 15.9, Avg: 16.8, Max: 17.3, Diff: 1.4, Sum: 134.3]
      [Code Root Scanning (ms): Min: 0.0, Avg: 0.0, Max: 0.0, Diff: 0.0, Sum: 0.0]
      [Object Copy (ms): Min: 147.3, Avg: 147.4, Max: 147.5, Diff: 0.2, Sum: 1179.1]
      [Termination (ms): Min: 0.0, Avg: 0.1, Max: 0.1, Diff: 0.1, Sum: 0.7]
         [Termination Attempts: Min: 1, Avg: 316.4, Max: 391, Diff: 390, Sum: 2531]
      [GC Worker Other (ms): Min: 0.0, Avg: 0.0, Max: 0.1, Diff: 0.1, Sum: 0.4]
      [GC Worker Total (ms): Min: 175.3, Avg: 179.1, Max: 179.8, Diff: 4.5, Sum: 1433.1]
      [GC Worker End (ms): Min: 179202.7, Avg: 179202.7, Max: 179202.8, Diff: 0.1]
   [Code Root Fixup: 0.0 ms]
   [Code Root Purge: 0.0 ms]
   [Clear CT: 0.3 ms]
   [Other: 1.4 ms]
      [Choose CSet: 0.0 ms]
      [Ref Proc: 0.3 ms]
      [Ref Enq: 0.0 ms]
      [Redirty Cards: 0.4 ms]
      [Humongous Register: 0.1 ms]
      [Humongous Reclaim: 0.0 ms]
      [Free CSet: 0.3 ms]
   [Eden: 189.0M(189.0M)->0.0B(168.0M) Survivors: 6144.0K->25.0M Heap: 236.9M(2048.0M)->233.9M(2048.0M)]
 [Times: user=1.36 sys=0.00, real=0.18 secs] 
2020-09-29T12:13:54.528+0200: 179.498: [GC pause (G1 Evacuation Pause) (young), 0.2833702 secs]
   [Parallel Time: 280.6 ms, GC Workers: 8]
      [GC Worker Start (ms): Min: 179497.9, Avg: 179498.0, Max: 179498.2, Diff: 0.3]
      [Ext Root Scanning (ms): Min: 0.0, Avg: 0.2, Max: 0.4, Diff: 0.3, Sum: 1.4]
      [Update RS (ms): Min: 23.4, Avg: 23.9, Max: 25.9, Diff: 2.5, Sum: 191.0]
         [Processed Buffers: Min: 9, Avg: 10.5, Max: 13, Diff: 4, Sum: 84]
      [Scan RS (ms): Min: 26.1, Avg: 28.1, Max: 28.5, Diff: 2.5, Sum: 224.4]
      [Code Root Scanning (ms): Min: 0.0, Avg: 0.0, Max: 0.0, Diff: 0.0, Sum: 0.0]
      [Object Copy (ms): Min: 227.8, Avg: 228.0, Max: 228.1, Diff: 0.3, Sum: 1823.7]
      [Termination (ms): Min: 0.0, Avg: 0.0, Max: 0.0, Diff: 0.0, Sum: 0.2]
         [Termination Attempts: Min: 1, Avg: 41.5, Max: 58, Diff: 57, Sum: 332]
      [GC Worker Other (ms): Min: 0.0, Avg: 0.1, Max: 0.1, Diff: 0.1, Sum: 0.6]
      [GC Worker Total (ms): Min: 280.0, Avg: 280.2, Max: 280.3, Diff: 0.3, Sum: 2241.4]
      [GC Worker End (ms): Min: 179778.2, Avg: 179778.2, Max: 179778.3, Diff: 0.1]
   [Code Root Fixup: 0.0 ms]
   [Code Root Purge: 0.0 ms]
   [Clear CT: 0.5 ms]
   [Other: 2.3 ms]
      [Choose CSet: 0.0 ms]
      [Ref Proc: 0.6 ms]
      [Ref Enq: 0.0 ms]
      [Redirty Cards: 0.7 ms]
      [Humongous Register: 0.1 ms]
      [Humongous Reclaim: 0.0 ms]
      [Free CSet: 0.5 ms]
   [Eden: 168.0M(168.0M)->0.0B(113.0M) Survivors: 25.0M->25.0M Heap: 430.5M(2048.0M)->432.0M(2048.0M)]
 [Times: user=2.20 sys=0.00, real=0.28 secs] 
2020-09-29T12:13:55.037+0200: 180.006: [GC pause (G1 Evacuation Pause) (young), 0.2462954 secs]
   [Parallel Time: 243.0 ms, GC Workers: 8]
      [GC Worker Start (ms): Min: 180006.3, Avg: 180006.5, Max: 180006.6, Diff: 0.4]
      [Ext Root Scanning (ms): Min: 0.0, Avg: 0.2, Max: 0.4, Diff: 0.4, Sum: 1.5]
      [Update RS (ms): Min: 22.9, Avg: 23.3, Max: 24.6, Diff: 1.7, Sum: 186.6]
         [Processed Buffers: Min: 8, Avg: 10.3, Max: 12, Diff: 4, Sum: 82]
      [Scan RS (ms): Min: 17.5, Avg: 18.7, Max: 19.1, Diff: 1.6, Sum: 149.4]
      [Code Root Scanning (ms): Min: 0.0, Avg: 0.0, Max: 0.0, Diff: 0.0, Sum: 0.0]
      [Object Copy (ms): Min: 200.0, Avg: 200.1, Max: 200.2, Diff: 0.3, Sum: 1600.7]
      [Termination (ms): Min: 0.0, Avg: 0.1, Max: 0.1, Diff: 0.1, Sum: 0.7]
         [Termination Attempts: Min: 1, Avg: 171.9, Max: 215, Diff: 214, Sum: 1375]
      [GC Worker Other (ms): Min: 0.0, Avg: 0.1, Max: 0.1, Diff: 0.1, Sum: 0.5]
      [GC Worker Total (ms): Min: 242.3, Avg: 242.4, Max: 242.7, Diff: 0.3, Sum: 1939.5]
      [GC Worker End (ms): Min: 180248.9, Avg: 180248.9, Max: 180249.0, Diff: 0.1]
   [Code Root Fixup: 0.0 ms]
   [Code Root Purge: 0.0 ms]
   [Clear CT: 0.6 ms]
   [Other: 2.7 ms]
      [Choose CSet: 0.0 ms]
      [Ref Proc: 0.6 ms]
      [Ref Enq: 0.0 ms]
      [Redirty Cards: 1.0 ms]
      [Humongous Register: 0.1 ms]
      [Humongous Reclaim: 0.0 ms]
      [Free CSet: 0.6 ms]
   [Eden: 113.0M(113.0M)->0.0B(90.0M) Survivors: 25.0M->18.0M Heap: 564.1M(2048.0M)->565.6M(2048.0M)]
 [Times: user=1.72 sys=0.00, real=0.25 secs] 
2020-09-29T12:13:55.477+0200: 180.446: [GC pause (G1 Evacuation Pause) (young), 0.2228895 secs]
   [Parallel Time: 220.2 ms, GC Workers: 8]
      [GC Worker Start (ms): Min: 180446.5, Avg: 180451.6, Max: 180475.2, Diff: 28.6]
      [Ext Root Scanning (ms): Min: 0.0, Avg: 0.3, Max: 1.0, Diff: 1.0, Sum: 2.6]
      [Update RS (ms): Min: 0.0, Avg: 20.5, Max: 25.5, Diff: 25.4, Sum: 163.8]
         [Processed Buffers: Min: 0, Avg: 7.9, Max: 10, Diff: 10, Sum: 63]
      [Scan RS (ms): Min: 11.1, Avg: 13.9, Max: 14.8, Diff: 3.6, Sum: 111.0]
      [Code Root Scanning (ms): Min: 0.0, Avg: 0.0, Max: 0.0, Diff: 0.0, Sum: 0.0]
      [Object Copy (ms): Min: 180.1, Avg: 180.2, Max: 180.3, Diff: 0.2, Sum: 1441.3]
      [Termination (ms): Min: 0.0, Avg: 0.2, Max: 0.2, Diff: 0.2, Sum: 1.3]
         [Termination Attempts: Min: 1, Avg: 82.4, Max: 109, Diff: 108, Sum: 659]
      [GC Worker Other (ms): Min: 0.0, Avg: 0.0, Max: 0.1, Diff: 0.0, Sum: 0.3]
      [GC Worker Total (ms): Min: 191.5, Avg: 215.0, Max: 220.1, Diff: 28.6, Sum: 1720.3]
      [GC Worker End (ms): Min: 180666.5, Avg: 180666.6, Max: 180666.7, Diff: 0.1]
   [Code Root Fixup: 0.0 ms]
   [Code Root Purge: 0.0 ms]
   [Clear CT: 0.5 ms]
   [Other: 2.2 ms]
      [Choose CSet: 0.0 ms]
      [Ref Proc: 0.7 ms]
      [Ref Enq: 0.0 ms]
      [Redirty Cards: 0.6 ms]
      [Humongous Register: 0.1 ms]
      [Humongous Reclaim: 0.0 ms]
      [Free CSet: 0.3 ms]
   [Eden: 90.0M(90.0M)->0.0B(88.0M) Survivors: 18.0M->14.0M Heap: 669.0M(2048.0M)->671.0M(2048.0M)]
 [Times: user=1.48 sys=0.02, real=0.22 secs] 
2020-09-29T12:13:55.857+0200: 180.826: [GC pause (G1 Evacuation Pause) (young), 0.1940486 secs]
   [Parallel Time: 191.4 ms, GC Workers: 8]
      [GC Worker Start (ms): Min: 180826.7, Avg: 180826.8, Max: 180827.0, Diff: 0.3]
      [Ext Root Scanning (ms): Min: 0.0, Avg: 0.2, Max: 0.3, Diff: 0.3, Sum: 1.8]
      [Update RS (ms): Min: 18.2, Avg: 18.7, Max: 20.2, Diff: 2.0, Sum: 149.6]
         [Processed Buffers: Min: 5, Avg: 7.4, Max: 9, Diff: 4, Sum: 59]
      [Scan RS (ms): Min: 12.4, Avg: 14.1, Max: 17.1, Diff: 4.7, Sum: 113.2]
      [Code Root Scanning (ms): Min: 0.0, Avg: 0.0, Max: 0.0, Diff: 0.0, Sum: 0.0]
      [Object Copy (ms): Min: 155.5, Avg: 157.8, Max: 158.3, Diff: 2.9, Sum: 1262.3]
      [Termination (ms): Min: 0.0, Avg: 0.1, Max: 0.1, Diff: 0.1, Sum: 0.7]
         [Termination Attempts: Min: 1, Avg: 185.0, Max: 224, Diff: 223, Sum: 1480]
      [GC Worker Other (ms): Min: 0.0, Avg: 0.1, Max: 0.2, Diff: 0.1, Sum: 0.7]
      [GC Worker Total (ms): Min: 190.8, Avg: 191.0, Max: 191.2, Diff: 0.4, Sum: 1528.2]
      [GC Worker End (ms): Min: 181017.8, Avg: 181017.9, Max: 181017.9, Diff: 0.1]
   [Code Root Fixup: 0.0 ms]
   [Code Root Purge: 0.0 ms]
   [Clear CT: 0.6 ms]
   [Other: 2.1 ms]
      [Choose CSet: 0.0 ms]
      [Ref Proc: 0.8 ms]
      [Ref Enq: 0.0 ms]
      [Redirty Cards: 0.5 ms]
      [Humongous Register: 0.2 ms]
      [Humongous Reclaim: 0.0 ms]
      [Free CSet: 0.2 ms]
   [Eden: 88.0M(88.0M)->0.0B(89.0M) Survivors: 14.0M->13.0M Heap: 774.2M(2048.0M)->776.2M(2048.0M)]
 [Times: user=1.17 sys=0.00, real=0.19 secs] 
2020-09-29T12:13:56.218+0200: 181.187: [GC pause (G1 Evacuation Pause) (young), 0.1971484 secs]
   [Parallel Time: 194.6 ms, GC Workers: 8]
      [GC Worker Start (ms): Min: 181187.7, Avg: 181187.8, Max: 181188.1, Diff: 0.4]
      [Ext Root Scanning (ms): Min: 0.0, Avg: 0.2, Max: 0.3, Diff: 0.3, Sum: 1.7]
      [Update RS (ms): Min: 26.6, Avg: 26.9, Max: 27.8, Diff: 1.2, Sum: 215.3]
         [Processed Buffers: Min: 7, Avg: 9.5, Max: 11, Diff: 4, Sum: 76]
      [Scan RS (ms): Min: 10.8, Avg: 11.8, Max: 12.1, Diff: 1.3, Sum: 94.7]
      [Code Root Scanning (ms): Min: 0.0, Avg: 0.0, Max: 0.0, Diff: 0.0, Sum: 0.0]
      [Object Copy (ms): Min: 154.5, Avg: 154.6, Max: 154.9, Diff: 0.4, Sum: 1237.2]
      [Termination (ms): Min: 0.0, Avg: 0.4, Max: 0.6, Diff: 0.6, Sum: 3.5]
         [Termination Attempts: Min: 1, Avg: 653.6, Max: 818, Diff: 817, Sum: 5229]
      [GC Worker Other (ms): Min: 0.0, Avg: 0.0, Max: 0.1, Diff: 0.1, Sum: 0.3]
      [GC Worker Total (ms): Min: 193.8, Avg: 194.1, Max: 194.2, Diff: 0.4, Sum: 1552.7]
      [GC Worker End (ms): Min: 181381.9, Avg: 181381.9, Max: 181381.9, Diff: 0.1]
   [Code Root Fixup: 0.0 ms]
   [Code Root Purge: 0.0 ms]
   [Clear CT: 0.6 ms]
   [Other: 2.0 ms]
      [Choose CSet: 0.0 ms]
      [Ref Proc: 0.6 ms]
      [Ref Enq: 0.0 ms]
      [Redirty Cards: 0.6 ms]
      [Humongous Register: 0.2 ms]
      [Humongous Reclaim: 0.0 ms]
      [Free CSet: 0.3 ms]
   [Eden: 89.0M(89.0M)->0.0B(89.0M) Survivors: 13.0M->13.0M Heap: 880.5M(2048.0M)->882.5M(2048.0M)]
 [Times: user=1.45 sys=0.00, real=0.20 secs] 
2020-09-29T12:13:56.620+0200: 181.589: [GC pause (G1 Evacuation Pause) (young), 0.1876243 secs]
   [Parallel Time: 185.2 ms, GC Workers: 8]
      [GC Worker Start (ms): Min: 181589.9, Avg: 181592.0, Max: 181605.5, Diff: 15.6]
      [Ext Root Scanning (ms): Min: 0.0, Avg: 0.2, Max: 0.4, Diff: 0.4, Sum: 1.6]
      [Update RS (ms): Min: 6.6, Avg: 20.1, Max: 22.4, Diff: 15.8, Sum: 160.5]
         [Processed Buffers: Min: 4, Avg: 8.6, Max: 13, Diff: 9, Sum: 69]
      [Scan RS (ms): Min: 12.2, Avg: 12.7, Max: 12.9, Diff: 0.8, Sum: 101.2]
      [Code Root Scanning (ms): Min: 0.0, Avg: 0.0, Max: 0.0, Diff: 0.0, Sum: 0.0]
      [Object Copy (ms): Min: 149.5, Avg: 149.7, Max: 149.8, Diff: 0.3, Sum: 1197.5]
      [Termination (ms): Min: 0.0, Avg: 0.0, Max: 0.1, Diff: 0.1, Sum: 0.3]
         [Termination Attempts: Min: 1, Avg: 75.4, Max: 98, Diff: 97, Sum: 603]
      [GC Worker Other (ms): Min: 0.0, Avg: 0.1, Max: 0.1, Diff: 0.1, Sum: 0.5]
      [GC Worker Total (ms): Min: 169.1, Avg: 182.7, Max: 184.8, Diff: 15.6, Sum: 1461.7]
      [GC Worker End (ms): Min: 181774.7, Avg: 181774.7, Max: 181774.8, Diff: 0.1]
   [Code Root Fixup: 0.0 ms]
   [Code Root Purge: 0.0 ms]
   [Clear CT: 0.5 ms]
   [Other: 1.9 ms]
      [Choose CSet: 0.0 ms]
      [Ref Proc: 0.4 ms]
      [Ref Enq: 0.0 ms]
      [Redirty Cards: 0.6 ms]
      [Humongous Register: 0.2 ms]
      [Humongous Reclaim: 0.0 ms]
      [Free CSet: 0.2 ms]
   [Eden: 89.0M(89.0M)->0.0B(89.0M) Survivors: 13.0M->13.0M Heap: 986.7M(2048.0M)->988.7M(2048.0M)]
 [Times: user=1.45 sys=0.00, real=0.19 secs] 
2020-09-29T12:13:56.832+0200: 181.801: [GC pause (G1 Humongous Allocation) (young) (initial-mark), 0.0676476 secs]
   [Parallel Time: 65.3 ms, GC Workers: 8]
      [GC Worker Start (ms): Min: 181801.5, Avg: 181802.0, Max: 181802.4, Diff: 0.8]
      [Ext Root Scanning (ms): Min: 0.0, Avg: 1.5, Max: 6.4, Diff: 6.4, Sum: 11.8]
      [Update RS (ms): Min: 17.0, Avg: 22.8, Max: 24.7, Diff: 7.8, Sum: 182.3]
         [Processed Buffers: Min: 7, Avg: 9.1, Max: 11, Diff: 4, Sum: 73]
      [Scan RS (ms): Min: 1.6, Avg: 2.3, Max: 3.0, Diff: 1.5, Sum: 18.3]
      [Code Root Scanning (ms): Min: 0.0, Avg: 0.0, Max: 0.0, Diff: 0.0, Sum: 0.0]
      [Object Copy (ms): Min: 37.8, Avg: 37.9, Max: 38.0, Diff: 0.2, Sum: 303.3]
      [Termination (ms): Min: 0.0, Avg: 0.0, Max: 0.1, Diff: 0.1, Sum: 0.4]
         [Termination Attempts: Min: 1, Avg: 96.3, Max: 143, Diff: 142, Sum: 770]
      [GC Worker Other (ms): Min: 0.0, Avg: 0.1, Max: 0.1, Diff: 0.1, Sum: 0.5]
      [GC Worker Total (ms): Min: 64.2, Avg: 64.6, Max: 65.1, Diff: 0.8, Sum: 516.6]
      [GC Worker End (ms): Min: 181866.6, Avg: 181866.6, Max: 181866.6, Diff: 0.1]
   [Code Root Fixup: 0.0 ms]
   [Code Root Purge: 0.0 ms]
   [Clear CT: 0.5 ms]
   [Other: 1.9 ms]
      [Choose CSet: 0.0 ms]
      [Ref Proc: 0.7 ms]
      [Ref Enq: 0.0 ms]
      [Redirty Cards: 0.4 ms]
      [Humongous Register: 0.1 ms]
      [Humongous Reclaim: 0.0 ms]
      [Free CSet: 0.1 ms]
   [Eden: 10.0M(89.0M)->0.0B(90.0M) Survivors: 13.0M->12.0M Heap: 998.2M(2048.0M)->1002.7M(2048.0M)]
 [Times: user=0.45 sys=0.02, real=0.07 secs] 
2020-09-29T12:13:56.900+0200: 181.869: [GC concurrent-root-region-scan-start]
2020-09-29T12:13:56.911+0200: 181.880: [GC concurrent-root-region-scan-end, 0.0106845 secs]
2020-09-29T12:13:56.911+0200: 181.880: [GC concurrent-mark-start]
2020-09-29T12:13:56.920+0200: 181.889: [GC concurrent-mark-end, 0.0088551 secs]
2020-09-29T12:13:56.922+0200: 181.891: [GC remark 2020-09-29T12:13:56.922+0200: 181.891: [Finalize Marking, 0.0010389 secs] 2020-09-29T12:13:56.923+0200: 181.892: [GC ref-proc, 0.0010621 secs] 2020-09-29T12:13:56.924+0200: 181.893: [Unloading, 0.0013680 secs], 0.0043338 secs]
 [Times: user=0.00 sys=0.00, real=0.00 secs] 
2020-09-29T12:13:56.927+0200: 181.896: [GC cleanup 1019M->38M(2048M), 0.0036431 secs]
 [Times: user=0.00 sys=0.00, real=0.00 secs] 
2020-09-29T12:13:56.931+0200: 181.900: [GC concurrent-cleanup-start]
2020-09-29T12:13:56.935+0200: 181.904: [GC concurrent-cleanup-end, 0.0038469 secs]
2020-09-29T12:13:57.064+0200: 182.033: [GC pause (G1 Evacuation Pause) (young), 0.2264807 secs]
   [Parallel Time: 222.6 ms, GC Workers: 8]
      [GC Worker Start (ms): Min: 182033.4, Avg: 182038.3, Max: 182068.0, Diff: 34.6]
      [Ext Root Scanning (ms): Min: 0.0, Avg: 0.3, Max: 1.7, Diff: 1.7, Sum: 2.8]
      [Update RS (ms): Min: 0.0, Avg: 15.8, Max: 18.4, Diff: 18.4, Sum: 126.1]
         [Processed Buffers: Min: 0, Avg: 6.0, Max: 9, Diff: 9, Sum: 48]
      [Scan RS (ms): Min: 0.0, Avg: 11.7, Max: 14.3, Diff: 14.3, Sum: 93.8]
      [Code Root Scanning (ms): Min: 0.0, Avg: 0.0, Max: 0.0, Diff: 0.0, Sum: 0.0]
      [Object Copy (ms): Min: 187.4, Avg: 189.3, Max: 189.7, Diff: 2.3, Sum: 1514.4]
      [Termination (ms): Min: 0.0, Avg: 0.1, Max: 0.1, Diff: 0.1, Sum: 0.8]
         [Termination Attempts: Min: 1, Avg: 219.5, Max: 321, Diff: 320, Sum: 1756]
      [GC Worker Other (ms): Min: 0.0, Avg: 0.1, Max: 0.2, Diff: 0.1, Sum: 0.6]
      [GC Worker Total (ms): Min: 187.6, Avg: 217.3, Max: 222.2, Diff: 34.6, Sum: 1738.6]
      [GC Worker End (ms): Min: 182255.5, Avg: 182255.6, Max: 182255.7, Diff: 0.1]
   [Code Root Fixup: 0.0 ms]
   [Code Root Purge: 0.0 ms]
   [Clear CT: 1.9 ms]
   [Other: 2.0 ms]
      [Choose CSet: 0.0 ms]
      [Ref Proc: 0.6 ms]
      [Ref Enq: 0.0 ms]
      [Redirty Cards: 0.6 ms]
      [Humongous Register: 0.1 ms]
      [Humongous Reclaim: 0.0 ms]
      [Free CSet: 0.3 ms]
   [Eden: 90.0M(90.0M)->0.0B(89.0M) Survivors: 12.0M->13.0M Heap: 126.8M(2048.0M)->117.8M(2048.0M)]
 [Times: user=1.64 sys=0.00, real=0.23 secs] 
2020-09-29T12:13:57.449+0200: 182.418: [GC pause (G1 Evacuation Pause) (young), 0.2278540 secs]
   [Parallel Time: 225.4 ms, GC Workers: 8]
      [GC Worker Start (ms): Min: 182418.6, Avg: 182418.9, Max: 182419.2, Diff: 0.6]
      [Ext Root Scanning (ms): Min: 0.0, Avg: 0.2, Max: 0.4, Diff: 0.4, Sum: 1.6]
      [Update RS (ms): Min: 15.7, Avg: 16.3, Max: 17.0, Diff: 1.3, Sum: 130.2]
         [Processed Buffers: Min: 5, Avg: 6.5, Max: 9, Diff: 4, Sum: 52]
      [Scan RS (ms): Min: 14.6, Avg: 15.8, Max: 18.3, Diff: 3.7, Sum: 126.4]
      [Code Root Scanning (ms): Min: 0.0, Avg: 0.0, Max: 0.0, Diff: 0.0, Sum: 0.0]
      [Object Copy (ms): Min: 188.8, Avg: 191.9, Max: 192.8, Diff: 3.9, Sum: 1535.4]
      [Termination (ms): Min: 0.1, Avg: 0.6, Max: 1.4, Diff: 1.2, Sum: 4.9]
         [Termination Attempts: Min: 1, Avg: 757.8, Max: 993, Diff: 992, Sum: 6062]
      [GC Worker Other (ms): Min: 0.0, Avg: 0.0, Max: 0.0, Diff: 0.0, Sum: 0.2]
      [GC Worker Total (ms): Min: 224.4, Avg: 224.8, Max: 225.1, Diff: 0.7, Sum: 1798.7]
      [GC Worker End (ms): Min: 182643.7, Avg: 182643.7, Max: 182643.7, Diff: 0.0]
   [Code Root Fixup: 0.0 ms]
   [Code Root Purge: 0.0 ms]
   [Clear CT: 0.8 ms]
   [Other: 1.6 ms]
      [Choose CSet: 0.0 ms]
      [Ref Proc: 0.3 ms]
      [Ref Enq: 0.0 ms]
      [Redirty Cards: 0.5 ms]
      [Humongous Register: 0.1 ms]
      [Humongous Reclaim: 0.0 ms]
      [Free CSet: 0.3 ms]
   [Eden: 89.0M(89.0M)->0.0B(89.0M) Survivors: 13.0M->13.0M Heap: 222.0M(2048.0M)->223.5M(2048.0M)]
 [Times: user=1.48 sys=0.00, real=0.23 secs] 
2020-09-29T12:13:57.840+0200: 182.809: [GC pause (G1 Evacuation Pause) (young), 0.2201913 secs]
   [Parallel Time: 217.6 ms, GC Workers: 8]
      [GC Worker Start (ms): Min: 182809.4, Avg: 182810.5, Max: 182816.8, Diff: 7.4]
      [Ext Root Scanning (ms): Min: 0.0, Avg: 0.2, Max: 0.3, Diff: 0.3, Sum: 1.5]
      [Update RS (ms): Min: 13.4, Avg: 19.8, Max: 22.5, Diff: 9.2, Sum: 158.5]
         [Processed Buffers: Min: 4, Avg: 7.8, Max: 10, Diff: 6, Sum: 62]
      [Scan RS (ms): Min: 11.2, Avg: 12.8, Max: 13.2, Diff: 2.0, Sum: 102.3]
      [Code Root Scanning (ms): Min: 0.0, Avg: 0.0, Max: 0.0, Diff: 0.0, Sum: 0.0]
      [Object Copy (ms): Min: 183.1, Avg: 183.3, Max: 183.4, Diff: 0.3, Sum: 1466.1]
      [Termination (ms): Min: 0.1, Avg: 0.2, Max: 0.3, Diff: 0.2, Sum: 1.8]
         [Termination Attempts: Min: 1, Avg: 287.4, Max: 387, Diff: 386, Sum: 2299]
      [GC Worker Other (ms): Min: 0.0, Avg: 0.0, Max: 0.0, Diff: 0.0, Sum: 0.2]
      [GC Worker Total (ms): Min: 210.1, Avg: 216.3, Max: 217.4, Diff: 7.3, Sum: 1730.4]
      [GC Worker End (ms): Min: 183026.8, Avg: 183026.8, Max: 183026.9, Diff: 0.0]
   [Code Root Fixup: 0.0 ms]
   [Code Root Purge: 0.0 ms]
   [Clear CT: 0.5 ms]
   [Other: 2.1 ms]
      [Choose CSet: 0.0 ms]
      [Ref Proc: 0.5 ms]
      [Ref Enq: 0.0 ms]
      [Redirty Cards: 0.7 ms]
      [Humongous Register: 0.1 ms]
      [Humongous Reclaim: 0.0 ms]
      [Free CSet: 0.3 ms]
   [Eden: 89.0M(89.0M)->0.0B(89.0M) Survivors: 13.0M->13.0M Heap: 327.8M(2048.0M)->329.8M(2048.0M)]
 [Times: user=1.44 sys=0.00, real=0.22 secs] 
2020-09-29T12:13:58.203+0200: 183.173: [GC pause (G1 Evacuation Pause) (young), 0.1711218 secs]
   [Parallel Time: 167.7 ms, GC Workers: 8]
      [GC Worker Start (ms): Min: 183172.9, Avg: 183173.1, Max: 183173.3, Diff: 0.4]
      [Ext Root Scanning (ms): Min: 0.0, Avg: 0.2, Max: 0.4, Diff: 0.4, Sum: 1.3]
      [Update RS (ms): Min: 18.5, Avg: 18.8, Max: 19.6, Diff: 1.1, Sum: 150.2]
         [Processed Buffers: Min: 7, Avg: 8.4, Max: 10, Diff: 3, Sum: 67]
      [Scan RS (ms): Min: 11.6, Avg: 12.4, Max: 12.7, Diff: 1.2, Sum: 98.9]
      [Code Root Scanning (ms): Min: 0.0, Avg: 0.0, Max: 0.0, Diff: 0.0, Sum: 0.0]
      [Object Copy (ms): Min: 135.5, Avg: 135.7, Max: 135.8, Diff: 0.3, Sum: 1085.6]
      [Termination (ms): Min: 0.0, Avg: 0.0, Max: 0.0, Diff: 0.0, Sum: 0.2]
         [Termination Attempts: Min: 1, Avg: 43.3, Max: 55, Diff: 54, Sum: 346]
      [GC Worker Other (ms): Min: 0.0, Avg: 0.0, Max: 0.1, Diff: 0.1, Sum: 0.3]
      [GC Worker Total (ms): Min: 166.9, Avg: 167.1, Max: 167.3, Diff: 0.4, Sum: 1336.6]
      [GC Worker End (ms): Min: 183340.2, Avg: 183340.2, Max: 183340.3, Diff: 0.1]
   [Code Root Fixup: 0.0 ms]
   [Code Root Purge: 0.0 ms]
   [Clear CT: 0.5 ms]
   [Other: 2.9 ms]
      [Choose CSet: 0.0 ms]
      [Ref Proc: 1.3 ms]
      [Ref Enq: 0.0 ms]
      [Redirty Cards: 0.7 ms]
      [Humongous Register: 0.1 ms]
      [Humongous Reclaim: 0.0 ms]
      [Free CSet: 0.3 ms]
   [Eden: 89.0M(89.0M)->0.0B(89.0M) Survivors: 13.0M->13.0M Heap: 434.0M(2048.0M)->436.5M(2048.0M)]
 [Times: user=1.27 sys=0.00, real=0.17 secs] 
2020-09-29T12:13:58.534+0200: 183.503: [GC pause (G1 Evacuation Pause) (young), 0.1720934 secs]
   [Parallel Time: 169.8 ms, GC Workers: 8]
      [GC Worker Start (ms): Min: 183503.6, Avg: 183503.9, Max: 183504.6, Diff: 1.0]
      [Ext Root Scanning (ms): Min: 0.0, Avg: 0.2, Max: 0.4, Diff: 0.4, Sum: 1.5]
      [Update RS (ms): Min: 25.9, Avg: 27.1, Max: 28.5, Diff: 2.7, Sum: 216.9]
         [Processed Buffers: Min: 7, Avg: 9.1, Max: 11, Diff: 4, Sum: 73]
      [Scan RS (ms): Min: 9.9, Avg: 11.6, Max: 13.4, Diff: 3.5, Sum: 92.6]
      [Code Root Scanning (ms): Min: 0.0, Avg: 0.0, Max: 0.0, Diff: 0.0, Sum: 0.0]
      [Object Copy (ms): Min: 128.8, Avg: 129.9, Max: 130.2, Diff: 1.4, Sum: 1039.5]
      [Termination (ms): Min: 0.0, Avg: 0.2, Max: 0.3, Diff: 0.3, Sum: 1.7]
         [Termination Attempts: Min: 1, Avg: 455.1, Max: 566, Diff: 565, Sum: 3641]
      [GC Worker Other (ms): Min: 0.0, Avg: 0.0, Max: 0.1, Diff: 0.1, Sum: 0.4]
      [GC Worker Total (ms): Min: 168.4, Avg: 169.1, Max: 169.4, Diff: 1.0, Sum: 1352.5]
      [GC Worker End (ms): Min: 183672.9, Avg: 183672.9, Max: 183673.0, Diff: 0.1]
   [Code Root Fixup: 0.0 ms]
   [Code Root Purge: 0.0 ms]
   [Clear CT: 0.5 ms]
   [Other: 1.8 ms]
      [Choose CSet: 0.0 ms]
      [Ref Proc: 0.6 ms]
      [Ref Enq: 0.0 ms]
      [Redirty Cards: 0.4 ms]
      [Humongous Register: 0.1 ms]
      [Humongous Reclaim: 0.0 ms]
      [Free CSet: 0.3 ms]
   [Eden: 89.0M(89.0M)->0.0B(89.0M) Survivors: 13.0M->13.0M Heap: 538.9M(2048.0M)->540.9M(2048.0M)]
 [Times: user=1.26 sys=0.02, real=0.17 secs] 
2020-09-29T12:13:58.868+0200: 183.837: [GC pause (G1 Evacuation Pause) (young), 0.1640858 secs]
   [Parallel Time: 161.5 ms, GC Workers: 8]
      [GC Worker Start (ms): Min: 183836.9, Avg: 183837.1, Max: 183837.3, Diff: 0.4]
      [Ext Root Scanning (ms): Min: 0.0, Avg: 0.2, Max: 0.4, Diff: 0.4, Sum: 1.4]
      [Update RS (ms): Min: 15.2, Avg: 15.7, Max: 17.4, Diff: 2.2, Sum: 126.0]
         [Processed Buffers: Min: 6, Avg: 6.6, Max: 9, Diff: 3, Sum: 53]
      [Scan RS (ms): Min: 11.5, Avg: 12.9, Max: 13.4, Diff: 2.0, Sum: 103.5]
      [Code Root Scanning (ms): Min: 0.0, Avg: 0.0, Max: 0.0, Diff: 0.0, Sum: 0.0]
      [Object Copy (ms): Min: 131.6, Avg: 131.8, Max: 131.8, Diff: 0.2, Sum: 1054.0]
      [Termination (ms): Min: 0.1, Avg: 0.2, Max: 0.3, Diff: 0.2, Sum: 1.7]
         [Termination Attempts: Min: 1, Avg: 169.3, Max: 214, Diff: 213, Sum: 1354]
      [GC Worker Other (ms): Min: 0.0, Avg: 0.0, Max: 0.0, Diff: 0.0, Sum: 0.2]
      [GC Worker Total (ms): Min: 160.7, Avg: 160.8, Max: 161.1, Diff: 0.4, Sum: 1286.8]
      [GC Worker End (ms): Min: 183997.9, Avg: 183998.0, Max: 183998.0, Diff: 0.1]
   [Code Root Fixup: 0.0 ms]
   [Code Root Purge: 0.0 ms]
   [Clear CT: 0.7 ms]
   [Other: 1.9 ms]
      [Choose CSet: 0.0 ms]
      [Ref Proc: 0.5 ms]
      [Ref Enq: 0.0 ms]
      [Redirty Cards: 0.6 ms]
      [Humongous Register: 0.1 ms]
      [Humongous Reclaim: 0.0 ms]
      [Free CSet: 0.3 ms]
   [Eden: 89.0M(89.0M)->0.0B(89.0M) Survivors: 13.0M->13.0M Heap: 645.1M(2048.0M)->647.6M(2048.0M)]
 [Times: user=1.25 sys=0.00, real=0.16 secs] 
2020-09-29T12:13:59.169+0200: 184.138: [GC pause (G1 Evacuation Pause) (young), 0.1832216 secs]
   [Parallel Time: 180.7 ms, GC Workers: 8]
      [GC Worker Start (ms): Min: 184138.3, Avg: 184138.6, Max: 184139.1, Diff: 0.7]
      [Ext Root Scanning (ms): Min: 0.0, Avg: 0.2, Max: 0.4, Diff: 0.4, Sum: 1.7]
      [Update RS (ms): Min: 19.3, Avg: 19.9, Max: 21.1, Diff: 1.8, Sum: 159.1]
         [Processed Buffers: Min: 6, Avg: 8.1, Max: 11, Diff: 5, Sum: 65]
      [Scan RS (ms): Min: 10.5, Avg: 11.8, Max: 12.5, Diff: 2.0, Sum: 94.4]
      [Code Root Scanning (ms): Min: 0.0, Avg: 0.0, Max: 0.0, Diff: 0.0, Sum: 0.0]
      [Object Copy (ms): Min: 147.9, Avg: 148.0, Max: 148.1, Diff: 0.3, Sum: 1184.0]
      [Termination (ms): Min: 0.0, Avg: 0.2, Max: 0.3, Diff: 0.3, Sum: 1.5]
         [Termination Attempts: Min: 1, Avg: 167.4, Max: 221, Diff: 220, Sum: 1339]
      [GC Worker Other (ms): Min: 0.0, Avg: 0.0, Max: 0.0, Diff: 0.0, Sum: 0.2]
      [GC Worker Total (ms): Min: 179.6, Avg: 180.1, Max: 180.4, Diff: 0.7, Sum: 1440.9]
      [GC Worker End (ms): Min: 184318.6, Avg: 184318.7, Max: 184318.7, Diff: 0.1]
   [Code Root Fixup: 0.0 ms]
   [Code Root Purge: 0.0 ms]
   [Clear CT: 0.5 ms]
   [Other: 2.0 ms]
      [Choose CSet: 0.0 ms]
      [Ref Proc: 0.7 ms]
      [Ref Enq: 0.0 ms]
      [Redirty Cards: 0.6 ms]
      [Humongous Register: 0.1 ms]
      [Humongous Reclaim: 0.0 ms]
      [Free CSet: 0.3 ms]
   [Eden: 89.0M(89.0M)->0.0B(89.0M) Survivors: 13.0M->13.0M Heap: 751.9M(2048.0M)->753.9M(2048.0M)]
 [Times: user=1.42 sys=0.00, real=0.18 secs] 
2020-09-29T12:13:59.438+0200: 184.407: [GC pause (G1 Evacuation Pause) (young), 0.0618142 secs]
   [Parallel Time: 60.7 ms, GC Workers: 8]
      [GC Worker Start (ms): Min: 184406.8, Avg: 184406.9, Max: 184407.0, Diff: 0.2]
      [Ext Root Scanning (ms): Min: 0.0, Avg: 0.1, Max: 0.2, Diff: 0.2, Sum: 0.6]
      [Update RS (ms): Min: 9.4, Avg: 9.5, Max: 9.7, Diff: 0.3, Sum: 76.3]
         [Processed Buffers: Min: 2, Avg: 9.4, Max: 12, Diff: 10, Sum: 75]
      [Scan RS (ms): Min: 3.8, Avg: 4.0, Max: 4.2, Diff: 0.4, Sum: 31.9]
      [Code Root Scanning (ms): Min: 0.0, Avg: 0.0, Max: 0.0, Diff: 0.0, Sum: 0.0]
      [Object Copy (ms): Min: 46.7, Avg: 46.7, Max: 46.8, Diff: 0.1, Sum: 373.8]
      [Termination (ms): Min: 0.0, Avg: 0.1, Max: 0.1, Diff: 0.1, Sum: 0.7]
         [Termination Attempts: Min: 1, Avg: 592.5, Max: 746, Diff: 745, Sum: 4740]
      [GC Worker Other (ms): Min: 0.0, Avg: 0.0, Max: 0.0, Diff: 0.0, Sum: 0.2]
      [GC Worker Total (ms): Min: 60.4, Avg: 60.4, Max: 60.5, Diff: 0.2, Sum: 483.5]
      [GC Worker End (ms): Min: 184467.3, Avg: 184467.4, Max: 184467.4, Diff: 0.0]
   [Code Root Fixup: 0.0 ms]
   [Code Root Purge: 0.0 ms]
   [Clear CT: 0.2 ms]
   [Other: 0.9 ms]
      [Choose CSet: 0.0 ms]
      [Ref Proc: 0.3 ms]
      [Ref Enq: 0.0 ms]
      [Redirty Cards: 0.4 ms]
      [Humongous Register: 0.0 ms]
      [Humongous Reclaim: 0.0 ms]
      [Free CSet: 0.1 ms]
   [Eden: 89.0M(89.0M)->0.0B(101.0M) Survivors: 13.0M->13.0M Heap: 858.2M(2048.0M)->859.7M(2048.0M)]
 [Times: user=0.48 sys=0.00, real=0.06 secs] 
2020-09-29T12:13:59.552+0200: 184.521: [GC pause (G1 Evacuation Pause) (young), 0.0562160 secs]
   [Parallel Time: 55.4 ms, GC Workers: 8]
      [GC Worker Start (ms): Min: 184521.2, Avg: 184521.3, Max: 184521.4, Diff: 0.1]
      [Ext Root Scanning (ms): Min: 0.0, Avg: 0.1, Max: 0.1, Diff: 0.1, Sum: 0.6]
      [Update RS (ms): Min: 9.0, Avg: 9.0, Max: 9.1, Diff: 0.1, Sum: 72.2]
         [Processed Buffers: Min: 11, Avg: 11.5, Max: 14, Diff: 3, Sum: 92]
      [Scan RS (ms): Min: 3.5, Avg: 3.6, Max: 3.6, Diff: 0.1, Sum: 28.7]
      [Code Root Scanning (ms): Min: 0.0, Avg: 0.0, Max: 0.0, Diff: 0.0, Sum: 0.0]
      [Object Copy (ms): Min: 42.5, Avg: 42.5, Max: 42.5, Diff: 0.1, Sum: 340.1]
      [Termination (ms): Min: 0.0, Avg: 0.0, Max: 0.0, Diff: 0.0, Sum: 0.0]
         [Termination Attempts: Min: 1, Avg: 1.4, Max: 2, Diff: 1, Sum: 11]
      [GC Worker Other (ms): Min: 0.0, Avg: 0.0, Max: 0.1, Diff: 0.1, Sum: 0.3]
      [GC Worker Total (ms): Min: 55.2, Avg: 55.2, Max: 55.3, Diff: 0.1, Sum: 441.8]
      [GC Worker End (ms): Min: 184576.5, Avg: 184576.5, Max: 184576.6, Diff: 0.1]
   [Code Root Fixup: 0.0 ms]
   [Code Root Purge: 0.0 ms]
   [Clear CT: 0.1 ms]
   [Other: 0.6 ms]
      [Choose CSet: 0.0 ms]
      [Ref Proc: 0.1 ms]
      [Ref Enq: 0.0 ms]
      [Redirty Cards: 0.2 ms]
      [Humongous Register: 0.0 ms]
      [Humongous Reclaim: 0.0 ms]
      [Free CSet: 0.1 ms]
   [Eden: 101.0M(101.0M)->0.0B(124.0M) Survivors: 13.0M->15.0M Heap: 977.8M(2048.0M)->979.8M(2048.0M)]
 [Times: user=0.38 sys=0.00, real=0.06 secs] 
2020-09-29T12:13:59.614+0200: 184.583: [GC pause (G1 Humongous Allocation) (young) (initial-mark), 0.0312642 secs]
   [Parallel Time: 30.6 ms, GC Workers: 8]
      [GC Worker Start (ms): Min: 184582.9, Avg: 184582.9, Max: 184583.0, Diff: 0.2]
      [Ext Root Scanning (ms): Min: 0.0, Avg: 1.7, Max: 7.6, Diff: 7.6, Sum: 13.6]
      [Update RS (ms): Min: 7.6, Avg: 15.3, Max: 30.2, Diff: 22.7, Sum: 122.0]
         [Processed Buffers: Min: 10, Avg: 15.6, Max: 20, Diff: 10, Sum: 125]
      [Scan RS (ms): Min: 0.0, Avg: 0.9, Max: 1.3, Diff: 1.3, Sum: 7.1]
      [Code Root Scanning (ms): Min: 0.0, Avg: 0.0, Max: 0.0, Diff: 0.0, Sum: 0.0]
      [Object Copy (ms): Min: 0.0, Avg: 12.0, Max: 13.7, Diff: 13.7, Sum: 95.8]
      [Termination (ms): Min: 0.0, Avg: 0.6, Max: 0.7, Diff: 0.7, Sum: 4.6]
         [Termination Attempts: Min: 1, Avg: 237.8, Max: 340, Diff: 339, Sum: 1902]
      [GC Worker Other (ms): Min: 0.0, Avg: 0.0, Max: 0.0, Diff: 0.0, Sum: 0.1]
      [GC Worker Total (ms): Min: 30.3, Avg: 30.4, Max: 30.5, Diff: 0.2, Sum: 243.1]
      [GC Worker End (ms): Min: 184613.3, Avg: 184613.3, Max: 184613.3, Diff: 0.0]
   [Code Root Fixup: 0.0 ms]
   [Code Root Purge: 0.0 ms]
   [Clear CT: 0.1 ms]
   [Other: 0.5 ms]
      [Choose CSet: 0.0 ms]
      [Ref Proc: 0.1 ms]
      [Ref Enq: 0.0 ms]
      [Redirty Cards: 0.1 ms]
      [Humongous Register: 0.0 ms]
      [Humongous Reclaim: 0.0 ms]
      [Free CSet: 0.0 ms]
   [Eden: 11.0M(124.0M)->0.0B(154.0M) Survivors: 15.0M->12.0M Heap: 990.3M(2048.0M)->993.8M(2048.0M)]
 [Times: user=0.11 sys=0.02, real=0.03 secs] 
2020-09-29T12:13:59.645+0200: 184.614: [GC concurrent-root-region-scan-start]
2020-09-29T12:13:59.647+0200: 184.616: [GC concurrent-root-region-scan-end, 0.0018682 secs]
2020-09-29T12:13:59.647+0200: 184.616: [GC concurrent-mark-start]
2020-09-29T12:13:59.649+0200: 184.618: [GC concurrent-mark-end, 0.0022006 secs]
2020-09-29T12:13:59.649+0200: 184.618: [GC remark 2020-09-29T12:13:59.649+0200: 184.618: [Finalize Marking, 0.0001896 secs] 2020-09-29T12:13:59.649+0200: 184.619: [GC ref-proc, 0.0003347 secs] 2020-09-29T12:13:59.650+0200: 184.619: [Unloading, 0.0003848 secs], 0.0012837 secs]
 [Times: user=0.00 sys=0.00, real=0.00 secs] 
2020-09-29T12:13:59.651+0200: 184.620: [GC cleanup 1004M->32M(2048M), 0.0010567 secs]
 [Times: user=0.00 sys=0.00, real=0.00 secs] 
2020-09-29T12:13:59.652+0200: 184.621: [GC concurrent-cleanup-start]
2020-09-29T12:13:59.653+0200: 184.622: [GC concurrent-cleanup-end, 0.0009978 secs]
2020-09-29T12:13:59.727+0200: 184.696: [GC pause (G1 Evacuation Pause) (young), 0.0889766 secs]
   [Parallel Time: 87.6 ms, GC Workers: 8]
      [GC Worker Start (ms): Min: 184696.6, Avg: 184696.6, Max: 184696.7, Diff: 0.2]
      [Ext Root Scanning (ms): Min: 0.0, Avg: 0.1, Max: 0.1, Diff: 0.1, Sum: 0.5]
      [Update RS (ms): Min: 9.1, Avg: 9.2, Max: 9.6, Diff: 0.5, Sum: 73.7]
         [Processed Buffers: Min: 11, Avg: 11.5, Max: 13, Diff: 2, Sum: 92]
      [Scan RS (ms): Min: 5.4, Avg: 5.8, Max: 5.9, Diff: 0.5, Sum: 46.1]
      [Code Root Scanning (ms): Min: 0.0, Avg: 0.0, Max: 0.0, Diff: 0.0, Sum: 0.0]
      [Object Copy (ms): Min: 72.3, Avg: 72.4, Max: 72.4, Diff: 0.1, Sum: 578.8]
      [Termination (ms): Min: 0.0, Avg: 0.0, Max: 0.0, Diff: 0.0, Sum: 0.2]
         [Termination Attempts: Min: 1, Avg: 179.4, Max: 259, Diff: 258, Sum: 1435]
      [GC Worker Other (ms): Min: 0.0, Avg: 0.0, Max: 0.1, Diff: 0.0, Sum: 0.2]
      [GC Worker Total (ms): Min: 87.3, Avg: 87.4, Max: 87.5, Diff: 0.2, Sum: 699.4]
      [GC Worker End (ms): Min: 184784.1, Avg: 184784.1, Max: 184784.1, Diff: 0.0]
   [Code Root Fixup: 0.0 ms]
   [Code Root Purge: 0.0 ms]
   [Clear CT: 0.4 ms]
   [Other: 1.0 ms]
      [Choose CSet: 0.0 ms]
      [Ref Proc: 0.3 ms]
      [Ref Enq: 0.0 ms]
      [Redirty Cards: 0.3 ms]
      [Humongous Register: 0.0 ms]
      [Humongous Reclaim: 0.0 ms]
      [Free CSet: 0.1 ms]
   [Eden: 154.0M(154.0M)->0.0B(170.0M) Survivors: 12.0M->21.0M Heap: 202.2M(2048.0M)->192.7M(2048.0M)]
 [Times: user=0.52 sys=0.01, real=0.09 secs] 
2020-09-29T12:13:59.903+0200: 184.872: [GC pause (G1 Evacuation Pause) (young), 0.1051629 secs]
   [Parallel Time: 104.4 ms, GC Workers: 8]
      [GC Worker Start (ms): Min: 184872.1, Avg: 184872.2, Max: 184872.3, Diff: 0.2]
      [Ext Root Scanning (ms): Min: 0.0, Avg: 0.1, Max: 0.2, Diff: 0.2, Sum: 0.6]
      [Update RS (ms): Min: 11.5, Avg: 11.7, Max: 12.7, Diff: 1.2, Sum: 93.9]
         [Processed Buffers: Min: 9, Avg: 12.1, Max: 15, Diff: 6, Sum: 97]
      [Scan RS (ms): Min: 12.5, Avg: 13.5, Max: 13.9, Diff: 1.3, Sum: 108.0]
      [Code Root Scanning (ms): Min: 0.0, Avg: 0.0, Max: 0.0, Diff: 0.0, Sum: 0.0]
      [Object Copy (ms): Min: 78.6, Avg: 78.8, Max: 78.8, Diff: 0.2, Sum: 630.2]
      [Termination (ms): Min: 0.0, Avg: 0.0, Max: 0.0, Diff: 0.0, Sum: 0.1]
         [Termination Attempts: Min: 1, Avg: 86.4, Max: 111, Diff: 110, Sum: 691]
      [GC Worker Other (ms): Min: 0.0, Avg: 0.0, Max: 0.0, Diff: 0.0, Sum: 0.2]
      [GC Worker Total (ms): Min: 104.1, Avg: 104.1, Max: 104.2, Diff: 0.1, Sum: 833.0]
      [GC Worker End (ms): Min: 184976.3, Avg: 184976.3, Max: 184976.3, Diff: 0.0]
   [Code Root Fixup: 0.0 ms]
   [Code Root Purge: 0.0 ms]
   [Clear CT: 0.2 ms]
   [Other: 0.6 ms]
      [Choose CSet: 0.0 ms]
      [Ref Proc: 0.2 ms]
      [Ref Enq: 0.0 ms]
      [Redirty Cards: 0.1 ms]
      [Humongous Register: 0.0 ms]
      [Humongous Reclaim: 0.0 ms]
      [Free CSet: 0.1 ms]
   [Eden: 170.0M(170.0M)->0.0B(185.0M) Survivors: 21.0M->24.0M Heap: 391.3M(2048.0M)->393.3M(2048.0M)]
 [Times: user=0.84 sys=0.02, real=0.10 secs] 
2020-09-29T12:14:00.103+0200: 185.072: [GC pause (G1 Evacuation Pause) (young), 0.1090418 secs]
   [Parallel Time: 108.1 ms, GC Workers: 8]
      [GC Worker Start (ms): Min: 185072.6, Avg: 185072.6, Max: 185072.7, Diff: 0.1]
      [Ext Root Scanning (ms): Min: 0.0, Avg: 0.1, Max: 0.1, Diff: 0.1, Sum: 0.6]
      [Update RS (ms): Min: 12.3, Avg: 12.4, Max: 12.7, Diff: 0.4, Sum: 99.5]
         [Processed Buffers: Min: 12, Avg: 13.4, Max: 15, Diff: 3, Sum: 107]
      [Scan RS (ms): Min: 10.5, Avg: 10.8, Max: 11.1, Diff: 0.5, Sum: 86.5]
      [Code Root Scanning (ms): Min: 0.0, Avg: 0.0, Max: 0.0, Diff: 0.0, Sum: 0.0]
      [Object Copy (ms): Min: 84.2, Avg: 84.4, Max: 84.6, Diff: 0.3, Sum: 675.5]
      [Termination (ms): Min: 0.0, Avg: 0.1, Max: 0.1, Diff: 0.1, Sum: 0.6]
         [Termination Attempts: Min: 1, Avg: 624.4, Max: 797, Diff: 796, Sum: 4995]
      [GC Worker Other (ms): Min: 0.0, Avg: 0.0, Max: 0.1, Diff: 0.0, Sum: 0.2]
      [GC Worker Total (ms): Min: 107.8, Avg: 107.9, Max: 107.9, Diff: 0.1, Sum: 863.1]
      [GC Worker End (ms): Min: 185180.5, Avg: 185180.5, Max: 185180.5, Diff: 0.0]
   [Code Root Fixup: 0.0 ms]
   [Code Root Purge: 0.0 ms]
   [Clear CT: 0.2 ms]
   [Other: 0.8 ms]
      [Choose CSet: 0.0 ms]
      [Ref Proc: 0.2 ms]
      [Ref Enq: 0.0 ms]
      [Redirty Cards: 0.2 ms]
      [Humongous Register: 0.0 ms]
      [Humongous Reclaim: 0.0 ms]
      [Free CSet: 0.1 ms]
   [Eden: 185.0M(185.0M)->0.0B(203.0M) Survivors: 24.0M->27.0M Heap: 608.8M(2048.0M)->610.3M(2048.0M)]
 [Times: user=0.86 sys=0.00, real=0.11 secs] 
2020-09-29T12:14:00.322+0200: 185.292: [GC pause (G1 Evacuation Pause) (young), 0.1132399 secs]
   [Parallel Time: 112.3 ms, GC Workers: 8]
      [GC Worker Start (ms): Min: 185291.8, Avg: 185291.8, Max: 185291.9, Diff: 0.1]
      [Ext Root Scanning (ms): Min: 0.0, Avg: 0.1, Max: 0.1, Diff: 0.1, Sum: 0.5]
      [Update RS (ms): Min: 13.3, Avg: 14.0, Max: 14.3, Diff: 1.0, Sum: 111.8]
         [Processed Buffers: Min: 15, Avg: 16.5, Max: 18, Diff: 3, Sum: 132]
      [Scan RS (ms): Min: 8.6, Avg: 8.9, Max: 9.1, Diff: 0.5, Sum: 71.0]
      [Code Root Scanning (ms): Min: 0.0, Avg: 0.0, Max: 0.0, Diff: 0.0, Sum: 0.0]
      [Object Copy (ms): Min: 88.9, Avg: 89.0, Max: 89.1, Diff: 0.2, Sum: 712.3]
      [Termination (ms): Min: 0.0, Avg: 0.0, Max: 0.0, Diff: 0.0, Sum: 0.2]
         [Termination Attempts: Min: 1, Avg: 213.6, Max: 301, Diff: 300, Sum: 1709]
      [GC Worker Other (ms): Min: 0.0, Avg: 0.1, Max: 0.7, Diff: 0.7, Sum: 1.2]
      [GC Worker Total (ms): Min: 112.0, Avg: 112.1, Max: 112.2, Diff: 0.1, Sum: 897.0]
      [GC Worker End (ms): Min: 185404.0, Avg: 185404.0, Max: 185404.0, Diff: 0.0]
   [Code Root Fixup: 0.0 ms]
   [Code Root Purge: 0.0 ms]
   [Clear CT: 0.1 ms]
   [Other: 0.8 ms]
      [Choose CSet: 0.0 ms]
      [Ref Proc: 0.2 ms]
      [Ref Enq: 0.0 ms]
      [Redirty Cards: 0.2 ms]
      [Humongous Register: 0.0 ms]
      [Humongous Reclaim: 0.0 ms]
      [Free CSet: 0.2 ms]
   [Eden: 195.0M(195.0M)->0.0B(231.0M) Survivors: 27.0M->28.0M Heap: 837.8M(2048.0M)->839.8M(2048.0M)]
 [Times: user=0.83 sys=0.00, real=0.11 secs] 
2020-09-29T12:14:00.571+0200: 185.540: [GC pause (G1 Evacuation Pause) (young), 0.1532858 secs]
   [Parallel Time: 152.2 ms, GC Workers: 8]
      [GC Worker Start (ms): Min: 185540.4, Avg: 185540.5, Max: 185540.6, Diff: 0.1]
      [Ext Root Scanning (ms): Min: 0.0, Avg: 0.1, Max: 0.1, Diff: 0.1, Sum: 0.5]
      [Update RS (ms): Min: 19.6, Avg: 20.7, Max: 26.4, Diff: 6.7, Sum: 165.9]
         [Processed Buffers: Min: 0, Avg: 16.8, Max: 21, Diff: 21, Sum: 134]
      [Scan RS (ms): Min: 8.6, Avg: 14.3, Max: 15.3, Diff: 6.7, Sum: 114.0]
      [Code Root Scanning (ms): Min: 0.0, Avg: 0.0, Max: 0.0, Diff: 0.0, Sum: 0.0]
      [Object Copy (ms): Min: 116.5, Avg: 116.8, Max: 116.9, Diff: 0.4, Sum: 934.5]
      [Termination (ms): Min: 0.0, Avg: 0.1, Max: 0.4, Diff: 0.4, Sum: 1.2]
         [Termination Attempts: Min: 1, Avg: 742.5, Max: 993, Diff: 992, Sum: 5940]
      [GC Worker Other (ms): Min: 0.0, Avg: 0.0, Max: 0.1, Diff: 0.0, Sum: 0.2]
      [GC Worker Total (ms): Min: 152.0, Avg: 152.0, Max: 152.1, Diff: 0.1, Sum: 1216.4]
      [GC Worker End (ms): Min: 185692.5, Avg: 185692.6, Max: 185692.6, Diff: 0.0]
   [Code Root Fixup: 0.0 ms]
   [Code Root Purge: 0.0 ms]
   [Clear CT: 0.2 ms]
   [Other: 0.9 ms]
      [Choose CSet: 0.0 ms]
      [Ref Proc: 0.2 ms]
      [Ref Enq: 0.0 ms]
      [Redirty Cards: 0.2 ms]
      [Humongous Register: 0.0 ms]
      [Humongous Reclaim: 0.0 ms]
      [Free CSet: 0.2 ms]
   [Eden: 231.0M(231.0M)->0.0B(230.0M) Survivors: 28.0M->33.0M Heap: 1108.9M(2048.0M)->1111.4M(2048.0M)]
 [Times: user=1.16 sys=0.00, real=0.15 secs] 
2020-09-29T12:14:00.737+0200: 185.707: [GC pause (G1 Humongous Allocation) (young) (initial-mark), 0.0500549 secs]
   [Parallel Time: 49.1 ms, GC Workers: 8]
      [GC Worker Start (ms): Min: 185706.9, Avg: 185706.9, Max: 185707.0, Diff: 0.1]
      [Ext Root Scanning (ms): Min: 0.0, Avg: 0.1, Max: 0.1, Diff: 0.1, Sum: 0.7]
      [Update RS (ms): Min: 20.6, Avg: 20.9, Max: 21.1, Diff: 0.5, Sum: 167.1]
         [Processed Buffers: Min: 23, Avg: 24.3, Max: 27, Diff: 4, Sum: 194]
      [Scan RS (ms): Min: 1.7, Avg: 1.9, Max: 2.2, Diff: 0.5, Sum: 15.2]
      [Code Root Scanning (ms): Min: 0.0, Avg: 0.0, Max: 0.0, Diff: 0.0, Sum: 0.0]
      [Object Copy (ms): Min: 25.7, Avg: 25.8, Max: 26.0, Diff: 0.3, Sum: 206.5]
      [Termination (ms): Min: 0.0, Avg: 0.2, Max: 0.3, Diff: 0.3, Sum: 1.7]
         [Termination Attempts: Min: 1, Avg: 1425.0, Max: 1746, Diff: 1745, Sum: 11400]
      [GC Worker Other (ms): Min: 0.0, Avg: 0.0, Max: 0.0, Diff: 0.0, Sum: 0.2]
      [GC Worker Total (ms): Min: 48.9, Avg: 48.9, Max: 49.0, Diff: 0.1, Sum: 391.3]
      [GC Worker End (ms): Min: 185755.8, Avg: 185755.8, Max: 185755.9, Diff: 0.0]
   [Code Root Fixup: 0.0 ms]
   [Code Root Purge: 0.0 ms]
   [Clear CT: 0.1 ms]
   [Other: 0.8 ms]
      [Choose CSet: 0.0 ms]
      [Ref Proc: 0.2 ms]
      [Ref Enq: 0.0 ms]
      [Redirty Cards: 0.2 ms]
      [Humongous Register: 0.1 ms]
      [Humongous Reclaim: 0.0 ms]
      [Free CSet: 0.1 ms]
   [Eden: 4096.0K(230.0M)->0.0B(247.0M) Survivors: 33.0M->5120.0K Heap: 1114.9M(2048.0M)->1118.9M(2048.0M)]
 [Times: user=0.45 sys=0.02, real=0.05 secs] 
2020-09-29T12:14:00.787+0200: 185.757: [GC concurrent-root-region-scan-start]
2020-09-29T12:14:00.788+0200: 185.758: [GC concurrent-root-region-scan-end, 0.0011215 secs]
2020-09-29T12:14:00.788+0200: 185.758: [GC concurrent-mark-start]
2020-09-29T12:14:00.792+0200: 185.761: [GC concurrent-mark-end, 0.0031937 secs]
2020-09-29T12:14:00.792+0200: 185.761: [GC remark 2020-09-29T12:14:00.792+0200: 185.761: [Finalize Marking, 0.0001572 secs] 2020-09-29T12:14:00.792+0200: 185.762: [GC ref-proc, 0.0003997 secs] 2020-09-29T12:14:00.792+0200: 185.762: [Unloading, 0.0006353 secs], 0.0016514 secs]
 [Times: user=0.00 sys=0.00, real=0.00 secs] 
2020-09-29T12:14:00.794+0200: 185.764: [GC cleanup 1129M->25M(2048M), 0.0017207 secs]
 [Times: user=0.00 sys=0.00, real=0.00 secs] 
2020-09-29T12:14:00.796+0200: 185.765: [GC concurrent-cleanup-start]
2020-09-29T12:14:00.798+0200: 185.767: [GC concurrent-cleanup-end, 0.0018462 secs]
2020-09-29T12:14:00.923+0200: 185.893: [GC pause (G1 Evacuation Pause) (young), 0.1297670 secs]
   [Parallel Time: 128.7 ms, GC Workers: 8]
      [GC Worker Start (ms): Min: 185893.1, Avg: 185893.1, Max: 185893.2, Diff: 0.2]
      [Ext Root Scanning (ms): Min: 0.0, Avg: 0.1, Max: 0.1, Diff: 0.1, Sum: 0.5]
      [Update RS (ms): Min: 12.2, Avg: 12.5, Max: 12.9, Diff: 0.6, Sum: 99.8]
         [Processed Buffers: Min: 8, Avg: 11.9, Max: 15, Diff: 7, Sum: 95]
      [Scan RS (ms): Min: 18.7, Avg: 19.0, Max: 19.3, Diff: 0.6, Sum: 152.0]
      [Code Root Scanning (ms): Min: 0.0, Avg: 0.0, Max: 0.0, Diff: 0.0, Sum: 0.0]
      [Object Copy (ms): Min: 96.7, Avg: 96.9, Max: 97.0, Diff: 0.3, Sum: 775.2]
      [Termination (ms): Min: 0.0, Avg: 0.0, Max: 0.0, Diff: 0.0, Sum: 0.1]
         [Termination Attempts: Min: 1, Avg: 68.4, Max: 84, Diff: 83, Sum: 547]
      [GC Worker Other (ms): Min: 0.0, Avg: 0.0, Max: 0.1, Diff: 0.0, Sum: 0.2]
      [GC Worker Total (ms): Min: 128.4, Avg: 128.5, Max: 128.5, Diff: 0.2, Sum: 1027.8]
      [GC Worker End (ms): Min: 186021.6, Avg: 186021.6, Max: 186021.6, Diff: 0.0]
   [Code Root Fixup: 0.0 ms]
   [Code Root Purge: 0.0 ms]
   [Clear CT: 0.2 ms]
   [Other: 0.9 ms]
      [Choose CSet: 0.0 ms]
      [Ref Proc: 0.1 ms]
      [Ref Enq: 0.0 ms]
      [Redirty Cards: 0.3 ms]
      [Humongous Register: 0.0 ms]
      [Humongous Reclaim: 0.0 ms]
      [Free CSet: 0.2 ms]
   [Eden: 247.0M(247.0M)->0.0B(238.0M) Survivors: 5120.0K->32.0M Heap: 304.0M(2048.0M)->301.0M(2048.0M)]
 [Times: user=1.08 sys=0.03, real=0.13 secs] 
2020-09-29T12:14:01.177+0200: 186.147: [GC pause (G1 Evacuation Pause) (young), 0.1373626 secs]
   [Parallel Time: 136.1 ms, GC Workers: 8]
      [GC Worker Start (ms): Min: 186147.2, Avg: 186147.3, Max: 186147.3, Diff: 0.1]
      [Ext Root Scanning (ms): Min: 0.0, Avg: 0.1, Max: 0.1, Diff: 0.1, Sum: 0.4]
      [Update RS (ms): Min: 14.8, Avg: 15.0, Max: 15.3, Diff: 0.5, Sum: 119.6]
         [Processed Buffers: Min: 17, Avg: 18.4, Max: 21, Diff: 4, Sum: 147]
      [Scan RS (ms): Min: 10.8, Avg: 11.2, Max: 11.4, Diff: 0.6, Sum: 89.3]
      [Code Root Scanning (ms): Min: 0.0, Avg: 0.0, Max: 0.0, Diff: 0.0, Sum: 0.0]
      [Object Copy (ms): Min: 109.5, Avg: 109.7, Max: 109.7, Diff: 0.2, Sum: 877.6]
      [Termination (ms): Min: 0.0, Avg: 0.0, Max: 0.0, Diff: 0.0, Sum: 0.1]
         [Termination Attempts: Min: 1, Avg: 79.0, Max: 120, Diff: 119, Sum: 632]
      [GC Worker Other (ms): Min: 0.0, Avg: 0.0, Max: 0.0, Diff: 0.0, Sum: 0.2]
      [GC Worker Total (ms): Min: 135.8, Avg: 135.9, Max: 136.0, Diff: 0.2, Sum: 1087.3]
      [GC Worker End (ms): Min: 186283.2, Avg: 186283.2, Max: 186283.2, Diff: 0.0]
   [Code Root Fixup: 0.0 ms]
   [Code Root Purge: 0.0 ms]
   [Clear CT: 0.2 ms]
   [Other: 1.1 ms]
      [Choose CSet: 0.0 ms]
      [Ref Proc: 0.3 ms]
      [Ref Enq: 0.0 ms]
      [Redirty Cards: 0.2 ms]
      [Humongous Register: 0.0 ms]
      [Humongous Reclaim: 0.0 ms]
      [Free CSet: 0.3 ms]
   [Eden: 238.0M(238.0M)->0.0B(252.0M) Survivors: 32.0M->34.0M Heap: 579.0M(2048.0M)->581.5M(2048.0M)]
 [Times: user=0.92 sys=0.00, real=0.14 secs] 
2020-09-29T12:14:01.467+0200: 186.436: [GC pause (G1 Evacuation Pause) (young), 0.1543728 secs]
   [Parallel Time: 153.3 ms, GC Workers: 8]
      [GC Worker Start (ms): Min: 186436.1, Avg: 186436.2, Max: 186436.3, Diff: 0.2]
      [Ext Root Scanning (ms): Min: 0.0, Avg: 0.1, Max: 0.2, Diff: 0.2, Sum: 0.5]
      [Update RS (ms): Min: 16.1, Avg: 16.5, Max: 17.3, Diff: 1.1, Sum: 131.8]
         [Processed Buffers: Min: 7, Avg: 14.8, Max: 20, Diff: 13, Sum: 118]
      [Scan RS (ms): Min: 16.6, Avg: 17.4, Max: 17.7, Diff: 1.2, Sum: 139.1]
      [Code Root Scanning (ms): Min: 0.0, Avg: 0.0, Max: 0.0, Diff: 0.0, Sum: 0.0]
      [Object Copy (ms): Min: 118.9, Avg: 119.0, Max: 119.2, Diff: 0.2, Sum: 951.9]
      [Termination (ms): Min: 0.0, Avg: 0.1, Max: 0.2, Diff: 0.2, Sum: 1.0]
         [Termination Attempts: Min: 1, Avg: 1025.8, Max: 1277, Diff: 1276, Sum: 8206]
      [GC Worker Other (ms): Min: 0.0, Avg: 0.0, Max: 0.1, Diff: 0.0, Sum: 0.3]
      [GC Worker Total (ms): Min: 153.0, Avg: 153.1, Max: 153.2, Diff: 0.2, Sum: 1224.7]
      [GC Worker End (ms): Min: 186589.3, Avg: 186589.3, Max: 186589.3, Diff: 0.0]
   [Code Root Fixup: 0.0 ms]
   [Code Root Purge: 0.0 ms]
   [Clear CT: 0.2 ms]
   [Other: 0.9 ms]
      [Choose CSet: 0.0 ms]
      [Ref Proc: 0.2 ms]
      [Ref Enq: 0.0 ms]
      [Redirty Cards: 0.2 ms]
      [Humongous Register: 0.0 ms]
      [Humongous Reclaim: 0.0 ms]
      [Free CSet: 0.3 ms]
   [Eden: 252.0M(252.0M)->0.0B(257.0M) Survivors: 34.0M->36.0M Heap: 875.5M(2048.0M)->878.0M(2048.0M)]
 [Times: user=1.22 sys=0.00, real=0.15 secs] 
2020-09-29T12:14:01.768+0200: 186.738: [GC pause (G1 Evacuation Pause) (young), 0.1555826 secs]
   [Parallel Time: 154.2 ms, GC Workers: 8]
      [GC Worker Start (ms): Min: 186737.7, Avg: 186737.8, Max: 186737.8, Diff: 0.1]
      [Ext Root Scanning (ms): Min: 0.0, Avg: 0.1, Max: 0.1, Diff: 0.1, Sum: 0.7]
      [Update RS (ms): Min: 19.0, Avg: 19.3, Max: 19.7, Diff: 0.8, Sum: 154.5]
         [Processed Buffers: Min: 16, Avg: 18.3, Max: 20, Diff: 4, Sum: 146]
      [Scan RS (ms): Min: 14.1, Avg: 14.6, Max: 15.1, Diff: 0.9, Sum: 117.0]
      [Code Root Scanning (ms): Min: 0.0, Avg: 0.0, Max: 0.0, Diff: 0.0, Sum: 0.0]
      [Object Copy (ms): Min: 119.7, Avg: 119.9, Max: 120.0, Diff: 0.3, Sum: 959.1]
      [Termination (ms): Min: 0.0, Avg: 0.1, Max: 0.1, Diff: 0.1, Sum: 0.7]
         [Termination Attempts: Min: 1, Avg: 608.0, Max: 725, Diff: 724, Sum: 4864]
      [GC Worker Other (ms): Min: 0.0, Avg: 0.0, Max: 0.0, Diff: 0.0, Sum: 0.2]
      [GC Worker Total (ms): Min: 154.0, Avg: 154.0, Max: 154.1, Diff: 0.1, Sum: 1232.3]
      [GC Worker End (ms): Min: 186891.8, Avg: 186891.8, Max: 186891.8, Diff: 0.0]
   [Code Root Fixup: 0.0 ms]
   [Code Root Purge: 0.0 ms]
   [Clear CT: 0.2 ms]
   [Other: 1.2 ms]
      [Choose CSet: 0.0 ms]
      [Ref Proc: 0.2 ms]
      [Ref Enq: 0.0 ms]
      [Redirty Cards: 0.5 ms]
      [Humongous Register: 0.1 ms]
      [Humongous Reclaim: 0.0 ms]
      [Free CSet: 0.3 ms]
   [Eden: 257.0M(257.0M)->0.0B(268.0M) Survivors: 36.0M->37.0M Heap: 1176.9M(2048.0M)->1178.9M(2048.0M)]
 [Times: user=1.25 sys=0.00, real=0.16 secs] 
2020-09-29T12:14:01.931+0200: 186.900: [GC pause (G1 Humongous Allocation) (young) (initial-mark), 0.0580539 secs]
   [Parallel Time: 57.2 ms, GC Workers: 8]
      [GC Worker Start (ms): Min: 186900.6, Avg: 186900.6, Max: 186900.7, Diff: 0.2]
      [Ext Root Scanning (ms): Min: 0.0, Avg: 0.3, Max: 0.7, Diff: 0.7, Sum: 2.3]
      [Update RS (ms): Min: 32.3, Avg: 33.2, Max: 33.8, Diff: 1.5, Sum: 265.2]
         [Processed Buffers: Min: 35, Avg: 38.9, Max: 41, Diff: 6, Sum: 311]
      [Scan RS (ms): Min: 1.7, Avg: 2.5, Max: 3.0, Diff: 1.3, Sum: 19.6]
      [Code Root Scanning (ms): Min: 0.0, Avg: 0.0, Max: 0.0, Diff: 0.0, Sum: 0.0]
      [Object Copy (ms): Min: 20.9, Avg: 21.0, Max: 21.1, Diff: 0.1, Sum: 168.1]
      [Termination (ms): Min: 0.0, Avg: 0.1, Max: 0.1, Diff: 0.1, Sum: 0.6]
         [Termination Attempts: Min: 1, Avg: 572.6, Max: 741, Diff: 740, Sum: 4581]
      [GC Worker Other (ms): Min: 0.0, Avg: 0.0, Max: 0.0, Diff: 0.0, Sum: 0.2]
      [GC Worker Total (ms): Min: 56.9, Avg: 57.0, Max: 57.1, Diff: 0.2, Sum: 456.1]
      [GC Worker End (ms): Min: 186957.6, Avg: 186957.7, Max: 186957.7, Diff: 0.0]
   [Code Root Fixup: 0.0 ms]
   [Code Root Purge: 0.0 ms]
   [Clear CT: 0.1 ms]
   [Other: 0.7 ms]
      [Choose CSet: 0.0 ms]
      [Ref Proc: 0.2 ms]
      [Ref Enq: 0.0 ms]
      [Redirty Cards: 0.2 ms]
      [Humongous Register: 0.1 ms]
      [Humongous Reclaim: 0.0 ms]
      [Free CSet: 0.1 ms]
   [Eden: 2048.0K(268.0M)->0.0B(287.0M) Survivors: 37.0M->4096.0K Heap: 1180.9M(2048.0M)->1183.9M(2048.0M)]
 [Times: user=0.36 sys=0.00, real=0.06 secs] 
2020-09-29T12:14:01.989+0200: 186.959: [GC concurrent-root-region-scan-start]
2020-09-29T12:14:01.990+0200: 186.959: [GC concurrent-root-region-scan-end, 0.0004953 secs]
2020-09-29T12:14:01.990+0200: 186.959: [GC concurrent-mark-start]
2020-09-29T12:14:01.993+0200: 186.962: [GC concurrent-mark-end, 0.0030032 secs]
2020-09-29T12:14:01.993+0200: 186.962: [GC remark 2020-09-29T12:14:01.993+0200: 186.962: [Finalize Marking, 0.0002348 secs] 2020-09-29T12:14:01.994+0200: 186.963: [GC ref-proc, 0.0003527 secs] 2020-09-29T12:14:01.994+0200: 186.963: [Unloading, 0.0004657 secs], 0.0014243 secs]
 [Times: user=0.00 sys=0.00, real=0.00 secs] 
2020-09-29T12:14:01.995+0200: 186.964: [GC cleanup 1193M->23M(2048M), 0.0013220 secs]
 [Times: user=0.00 sys=0.00, real=0.00 secs] 
2020-09-29T12:14:01.996+0200: 186.966: [GC concurrent-cleanup-start]
2020-09-29T12:14:01.998+0200: 186.968: [GC concurrent-cleanup-end, 0.0019066 secs]
2020-09-29T12:14:02.139+0200: 187.108: [GC pause (G1 Evacuation Pause) (young), 0.1512081 secs]
   [Parallel Time: 150.1 ms, GC Workers: 8]
      [GC Worker Start (ms): Min: 187108.1, Avg: 187108.2, Max: 187108.2, Diff: 0.1]
      [Ext Root Scanning (ms): Min: 0.0, Avg: 0.1, Max: 0.1, Diff: 0.1, Sum: 0.6]
      [Update RS (ms): Min: 14.0, Avg: 14.1, Max: 14.5, Diff: 0.5, Sum: 112.7]
         [Processed Buffers: Min: 15, Avg: 16.5, Max: 18, Diff: 3, Sum: 132]
      [Scan RS (ms): Min: 13.3, Avg: 13.8, Max: 13.9, Diff: 0.6, Sum: 110.1]
      [Code Root Scanning (ms): Min: 0.0, Avg: 0.0, Max: 0.0, Diff: 0.0, Sum: 0.0]
      [Object Copy (ms): Min: 121.5, Avg: 121.6, Max: 121.9, Diff: 0.3, Sum: 973.0]
      [Termination (ms): Min: 0.0, Avg: 0.3, Max: 0.4, Diff: 0.4, Sum: 2.2]
         [Termination Attempts: Min: 1, Avg: 1787.6, Max: 2199, Diff: 2198, Sum: 14301]
      [GC Worker Other (ms): Min: 0.0, Avg: 0.0, Max: 0.1, Diff: 0.1, Sum: 0.3]
      [GC Worker Total (ms): Min: 149.8, Avg: 149.9, Max: 150.0, Diff: 0.2, Sum: 1199.0]
      [GC Worker End (ms): Min: 187258.0, Avg: 187258.1, Max: 187258.1, Diff: 0.1]
   [Code Root Fixup: 0.0 ms]
   [Code Root Purge: 0.0 ms]
   [Clear CT: 0.2 ms]
   [Other: 0.9 ms]
      [Choose CSet: 0.0 ms]
      [Ref Proc: 0.1 ms]
      [Ref Enq: 0.0 ms]
      [Redirty Cards: 0.2 ms]
      [Humongous Register: 0.0 ms]
      [Humongous Reclaim: 0.0 ms]
      [Free CSet: 0.3 ms]
   [Eden: 287.0M(287.0M)->0.0B(271.0M) Survivors: 4096.0K->37.0M Heap: 350.1M(2048.0M)->348.6M(2048.0M)]
 [Times: user=1.19 sys=0.00, real=0.15 secs] 
2020-09-29T12:14:02.450+0200: 187.419: [GC pause (G1 Evacuation Pause) (young), 0.1568615 secs]
   [Parallel Time: 155.6 ms, GC Workers: 8]
      [GC Worker Start (ms): Min: 187419.2, Avg: 187419.3, Max: 187419.4, Diff: 0.2]
      [Ext Root Scanning (ms): Min: 0.0, Avg: 0.1, Max: 0.1, Diff: 0.1, Sum: 0.5]
      [Update RS (ms): Min: 17.9, Avg: 18.1, Max: 18.2, Diff: 0.4, Sum: 144.6]
         [Processed Buffers: Min: 18, Avg: 20.1, Max: 22, Diff: 4, Sum: 161]
      [Scan RS (ms): Min: 12.9, Avg: 13.1, Max: 13.3, Diff: 0.5, Sum: 104.6]
      [Code Root Scanning (ms): Min: 0.0, Avg: 0.0, Max: 0.0, Diff: 0.0, Sum: 0.0]
      [Object Copy (ms): Min: 124.0, Avg: 124.1, Max: 124.2, Diff: 0.2, Sum: 992.6]
      [Termination (ms): Min: 0.0, Avg: 0.1, Max: 0.1, Diff: 0.1, Sum: 0.6]
         [Termination Attempts: Min: 1, Avg: 318.0, Max: 431, Diff: 430, Sum: 2544]
      [GC Worker Other (ms): Min: 0.0, Avg: 0.0, Max: 0.0, Diff: 0.0, Sum: 0.1]
      [GC Worker Total (ms): Min: 155.3, Avg: 155.4, Max: 155.5, Diff: 0.2, Sum: 1242.9]
      [GC Worker End (ms): Min: 187574.7, Avg: 187574.7, Max: 187574.7, Diff: 0.0]
   [Code Root Fixup: 0.0 ms]
   [Code Root Purge: 0.0 ms]
   [Clear CT: 0.3 ms]
   [Other: 1.0 ms]
      [Choose CSet: 0.0 ms]
      [Ref Proc: 0.1 ms]
      [Ref Enq: 0.0 ms]
      [Redirty Cards: 0.2 ms]
      [Humongous Register: 0.0 ms]
      [Humongous Reclaim: 0.0 ms]
      [Free CSet: 0.3 ms]
   [Eden: 271.0M(271.0M)->0.0B(281.0M) Survivors: 37.0M->39.0M Heap: 663.5M(2048.0M)->664.5M(2048.0M)]
 [Times: user=1.22 sys=0.00, real=0.16 secs] 
2020-09-29T12:14:02.777+0200: 187.746: [GC pause (G1 Evacuation Pause) (young), 0.1797007 secs]
   [Parallel Time: 178.5 ms, GC Workers: 8]
      [GC Worker Start (ms): Min: 187746.6, Avg: 187746.7, Max: 187746.8, Diff: 0.1]
      [Ext Root Scanning (ms): Min: 0.0, Avg: 0.1, Max: 0.2, Diff: 0.1, Sum: 0.7]
      [Update RS (ms): Min: 17.1, Avg: 17.2, Max: 17.6, Diff: 0.5, Sum: 137.7]
         [Processed Buffers: Min: 17, Avg: 19.0, Max: 21, Diff: 4, Sum: 152]
      [Scan RS (ms): Min: 14.3, Avg: 14.6, Max: 14.7, Diff: 0.5, Sum: 116.4]
      [Code Root Scanning (ms): Min: 0.0, Avg: 0.0, Max: 0.0, Diff: 0.0, Sum: 0.0]
      [Object Copy (ms): Min: 145.8, Avg: 146.0, Max: 146.4, Diff: 0.7, Sum: 1167.8]
      [Termination (ms): Min: 0.0, Avg: 0.4, Max: 0.5, Diff: 0.5, Sum: 3.2]
         [Termination Attempts: Min: 1, Avg: 2771.8, Max: 3477, Diff: 3476, Sum: 22174]
      [GC Worker Other (ms): Min: 0.0, Avg: 0.0, Max: 0.1, Diff: 0.1, Sum: 0.3]
      [GC Worker Total (ms): Min: 178.2, Avg: 178.3, Max: 178.3, Diff: 0.1, Sum: 1426.2]
      [GC Worker End (ms): Min: 187924.9, Avg: 187925.0, Max: 187925.0, Diff: 0.1]
   [Code Root Fixup: 0.0 ms]
   [Code Root Purge: 0.0 ms]
   [Clear CT: 0.1 ms]
   [Other: 1.1 ms]
      [Choose CSet: 0.0 ms]
      [Ref Proc: 0.2 ms]
      [Ref Enq: 0.0 ms]
      [Redirty Cards: 0.3 ms]
      [Humongous Register: 0.1 ms]
      [Humongous Reclaim: 0.0 ms]
      [Free CSet: 0.3 ms]
   [Eden: 281.0M(281.0M)->0.0B(276.0M) Survivors: 39.0M->40.0M Heap: 993.1M(2048.0M)->995.1M(2048.0M)]
 [Times: user=1.30 sys=0.00, real=0.18 secs] 
2020-09-29T12:14:02.967+0200: 187.937: [GC pause (G1 Humongous Allocation) (young) (initial-mark), 0.0632378 secs]
   [Parallel Time: 62.3 ms, GC Workers: 8]
      [GC Worker Start (ms): Min: 187936.8, Avg: 187936.9, Max: 187937.0, Diff: 0.2]
      [Ext Root Scanning (ms): Min: 0.0, Avg: 0.3, Max: 0.9, Diff: 0.9, Sum: 2.3]
      [Update RS (ms): Min: 37.2, Avg: 37.9, Max: 38.4, Diff: 1.2, Sum: 303.5]
         [Processed Buffers: Min: 34, Avg: 39.9, Max: 46, Diff: 12, Sum: 319]
      [Scan RS (ms): Min: 2.2, Avg: 2.5, Max: 2.7, Diff: 0.5, Sum: 19.9]
      [Code Root Scanning (ms): Min: 0.0, Avg: 0.0, Max: 0.0, Diff: 0.0, Sum: 0.0]
      [Object Copy (ms): Min: 21.3, Avg: 21.3, Max: 21.4, Diff: 0.1, Sum: 170.6]
      [Termination (ms): Min: 0.0, Avg: 0.0, Max: 0.0, Diff: 0.0, Sum: 0.2]
         [Termination Attempts: Min: 1, Avg: 170.5, Max: 205, Diff: 204, Sum: 1364]
      [GC Worker Other (ms): Min: 0.0, Avg: 0.0, Max: 0.1, Diff: 0.0, Sum: 0.2]
      [GC Worker Total (ms): Min: 62.0, Avg: 62.1, Max: 62.2, Diff: 0.2, Sum: 496.7]
      [GC Worker End (ms): Min: 187999.0, Avg: 187999.0, Max: 187999.0, Diff: 0.0]
   [Code Root Fixup: 0.0 ms]
   [Code Root Purge: 0.0 ms]
   [Clear CT: 0.2 ms]
   [Other: 0.8 ms]
      [Choose CSet: 0.0 ms]
      [Ref Proc: 0.2 ms]
      [Ref Enq: 0.0 ms]
      [Redirty Cards: 0.2 ms]
      [Humongous Register: 0.1 ms]
      [Humongous Reclaim: 0.0 ms]
      [Free CSet: 0.1 ms]
   [Eden: 8192.0K(276.0M)->0.0B(309.0M) Survivors: 40.0M->10.0M Heap: 1003.1M(2048.0M)->1006.6M(2048.0M)]
 [Times: user=0.44 sys=0.00, real=0.06 secs] 
2020-09-29T12:14:03.031+0200: 188.000: [GC concurrent-root-region-scan-start]
2020-09-29T12:14:03.033+0200: 188.002: [GC concurrent-root-region-scan-end, 0.0025327 secs]
2020-09-29T12:14:03.033+0200: 188.002: [GC concurrent-mark-start]
2020-09-29T12:14:03.037+0200: 188.006: [GC concurrent-mark-end, 0.0032628 secs]
2020-09-29T12:14:03.037+0200: 188.006: [GC remark 2020-09-29T12:14:03.037+0200: 188.006: [Finalize Marking, 0.0002299 secs] 2020-09-29T12:14:03.037+0200: 188.006: [GC ref-proc, 0.0003036 secs] 2020-09-29T12:14:03.037+0200: 188.007: [Unloading, 0.0004824 secs], 0.0013525 secs]
 [Times: user=0.00 sys=0.00, real=0.00 secs] 
2020-09-29T12:14:03.039+0200: 188.008: [GC cleanup 1018M->31M(2048M), 0.0013031 secs]
 [Times: user=0.00 sys=0.00, real=0.00 secs] 
2020-09-29T12:14:03.040+0200: 188.009: [GC concurrent-cleanup-start]
2020-09-29T12:14:03.041+0200: 188.010: [GC concurrent-cleanup-end, 0.0012245 secs]
2020-09-29T12:14:03.229+0200: 188.198: [GC pause (G1 Evacuation Pause) (young), 0.1795101 secs]
   [Parallel Time: 178.4 ms, GC Workers: 8]
      [GC Worker Start (ms): Min: 188198.3, Avg: 188198.4, Max: 188198.5, Diff: 0.2]
      [Ext Root Scanning (ms): Min: 0.0, Avg: 0.1, Max: 0.2, Diff: 0.2, Sum: 0.5]
      [Update RS (ms): Min: 19.2, Avg: 19.4, Max: 19.7, Diff: 0.5, Sum: 155.6]
         [Processed Buffers: Min: 16, Avg: 18.5, Max: 21, Diff: 5, Sum: 148]
      [Scan RS (ms): Min: 14.2, Avg: 14.7, Max: 16.8, Diff: 2.6, Sum: 117.5]
      [Code Root Scanning (ms): Min: 0.0, Avg: 0.0, Max: 0.0, Diff: 0.0, Sum: 0.0]
      [Object Copy (ms): Min: 141.7, Avg: 143.7, Max: 144.1, Diff: 2.4, Sum: 1149.9]
      [Termination (ms): Min: 0.0, Avg: 0.1, Max: 0.1, Diff: 0.1, Sum: 0.9]
         [Termination Attempts: Min: 1, Avg: 706.1, Max: 904, Diff: 903, Sum: 5649]
      [GC Worker Other (ms): Min: 0.0, Avg: 0.0, Max: 0.1, Diff: 0.1, Sum: 0.4]
      [GC Worker Total (ms): Min: 178.0, Avg: 178.1, Max: 178.2, Diff: 0.2, Sum: 1424.7]
      [GC Worker End (ms): Min: 188376.5, Avg: 188376.5, Max: 188376.6, Diff: 0.1]
   [Code Root Fixup: 0.0 ms]
   [Code Root Purge: 0.0 ms]
   [Clear CT: 0.2 ms]
   [Other: 1.0 ms]
      [Choose CSet: 0.0 ms]
      [Ref Proc: 0.1 ms]
      [Ref Enq: 0.0 ms]
      [Redirty Cards: 0.2 ms]
      [Humongous Register: 0.0 ms]
      [Humongous Reclaim: 0.0 ms]
      [Free CSet: 0.3 ms]
   [Eden: 309.0M(309.0M)->0.0B(279.0M) Survivors: 10.0M->40.0M Heap: 380.5M(2048.0M)->373.0M(2048.0M)]
 [Times: user=1.28 sys=0.00, real=0.18 secs] 
2020-09-29T12:14:03.581+0200: 188.551: [GC pause (G1 Evacuation Pause) (young), 0.1897731 secs]
   [Parallel Time: 188.6 ms, GC Workers: 8]
      [GC Worker Start (ms): Min: 188550.7, Avg: 188550.8, Max: 188550.9, Diff: 0.2]
      [Ext Root Scanning (ms): Min: 0.0, Avg: 0.1, Max: 0.2, Diff: 0.2, Sum: 0.7]
      [Update RS (ms): Min: 23.6, Avg: 23.7, Max: 24.0, Diff: 0.4, Sum: 189.7]
         [Processed Buffers: Min: 21, Avg: 23.6, Max: 26, Diff: 5, Sum: 189]
      [Scan RS (ms): Min: 16.1, Avg: 16.9, Max: 21.5, Diff: 5.4, Sum: 135.5]
      [Code Root Scanning (ms): Min: 0.0, Avg: 0.0, Max: 0.0, Diff: 0.0, Sum: 0.0]
      [Object Copy (ms): Min: 142.7, Avg: 147.5, Max: 148.2, Diff: 5.6, Sum: 1180.0]
      [Termination (ms): Min: 0.0, Avg: 0.1, Max: 0.1, Diff: 0.1, Sum: 0.5]
         [Termination Attempts: Min: 1, Avg: 191.9, Max: 293, Diff: 292, Sum: 1535]
      [GC Worker Other (ms): Min: 0.0, Avg: 0.0, Max: 0.0, Diff: 0.0, Sum: 0.1]
      [GC Worker Total (ms): Min: 188.2, Avg: 188.3, Max: 188.4, Diff: 0.2, Sum: 1506.7]
      [GC Worker End (ms): Min: 188739.1, Avg: 188739.1, Max: 188739.2, Diff: 0.0]
   [Code Root Fixup: 0.0 ms]
   [Code Root Purge: 0.0 ms]
   [Clear CT: 0.2 ms]
   [Other: 1.1 ms]
      [Choose CSet: 0.0 ms]
      [Ref Proc: 0.2 ms]
      [Ref Enq: 0.0 ms]
      [Redirty Cards: 0.3 ms]
      [Humongous Register: 0.0 ms]
      [Humongous Reclaim: 0.0 ms]
      [Free CSet: 0.3 ms]
   [Eden: 279.0M(279.0M)->0.0B(266.0M) Survivors: 40.0M->40.0M Heap: 699.7M(2048.0M)->702.2M(2048.0M)]
 [Times: user=1.55 sys=0.00, real=0.19 secs] 
2020-09-29T12:14:03.932+0200: 188.901: [GC pause (G1 Evacuation Pause) (young), 0.1629328 secs]
   [Parallel Time: 161.8 ms, GC Workers: 8]
      [GC Worker Start (ms): Min: 188901.5, Avg: 188901.5, Max: 188901.6, Diff: 0.2]
      [Ext Root Scanning (ms): Min: 0.0, Avg: 0.1, Max: 0.2, Diff: 0.2, Sum: 0.7]
      [Update RS (ms): Min: 19.2, Avg: 19.3, Max: 19.4, Diff: 0.2, Sum: 154.0]
         [Processed Buffers: Min: 17, Avg: 18.5, Max: 21, Diff: 4, Sum: 148]
      [Scan RS (ms): Min: 16.1, Avg: 17.0, Max: 21.4, Diff: 5.3, Sum: 136.1]
      [Code Root Scanning (ms): Min: 0.0, Avg: 0.0, Max: 0.0, Diff: 0.0, Sum: 0.0]
      [Object Copy (ms): Min: 120.7, Avg: 125.1, Max: 125.9, Diff: 5.2, Sum: 1000.5]
      [Termination (ms): Min: 0.0, Avg: 0.0, Max: 0.0, Diff: 0.0, Sum: 0.2]
         [Termination Attempts: Min: 1, Avg: 206.5, Max: 270, Diff: 269, Sum: 1652]
      [GC Worker Other (ms): Min: 0.0, Avg: 0.0, Max: 0.1, Diff: 0.0, Sum: 0.2]
      [GC Worker Total (ms): Min: 161.4, Avg: 161.5, Max: 161.6, Diff: 0.2, Sum: 1291.8]
      [GC Worker End (ms): Min: 189063.0, Avg: 189063.0, Max: 189063.0, Diff: 0.0]
   [Code Root Fixup: 0.0 ms]
   [Code Root Purge: 0.0 ms]
   [Clear CT: 0.1 ms]
   [Other: 1.0 ms]
      [Choose CSet: 0.0 ms]
      [Ref Proc: 0.2 ms]
      [Ref Enq: 0.0 ms]
      [Redirty Cards: 0.4 ms]
      [Humongous Register: 0.0 ms]
      [Humongous Reclaim: 0.0 ms]
      [Free CSet: 0.3 ms]
   [Eden: 266.0M(266.0M)->0.0B(272.0M) Survivors: 40.0M->39.0M Heap: 1012.1M(2048.0M)->1013.6M(2048.0M)]
 [Times: user=1.17 sys=0.03, real=0.16 secs] 
2020-09-29T12:14:04.101+0200: 189.070: [GC pause (G1 Humongous Allocation) (young) (initial-mark), 0.0580056 secs]
   [Parallel Time: 57.2 ms, GC Workers: 8]
      [GC Worker Start (ms): Min: 189070.0, Avg: 189070.1, Max: 189070.2, Diff: 0.2]
      [Ext Root Scanning (ms): Min: 0.0, Avg: 0.3, Max: 1.3, Diff: 1.3, Sum: 2.3]
      [Update RS (ms): Min: 35.4, Avg: 36.1, Max: 36.4, Diff: 1.0, Sum: 288.5]
         [Processed Buffers: Min: 38, Avg: 44.9, Max: 50, Diff: 12, Sum: 359]
      [Scan RS (ms): Min: 1.5, Avg: 1.8, Max: 2.1, Diff: 0.6, Sum: 14.7]
      [Code Root Scanning (ms): Min: 0.0, Avg: 0.0, Max: 0.0, Diff: 0.0, Sum: 0.0]
      [Object Copy (ms): Min: 18.8, Avg: 18.9, Max: 18.9, Diff: 0.1, Sum: 151.0]
      [Termination (ms): Min: 0.0, Avg: 0.0, Max: 0.0, Diff: 0.0, Sum: 0.2]
         [Termination Attempts: Min: 1, Avg: 193.6, Max: 243, Diff: 242, Sum: 1549]
      [GC Worker Other (ms): Min: 0.0, Avg: 0.0, Max: 0.0, Diff: 0.0, Sum: 0.1]
      [GC Worker Total (ms): Min: 57.0, Avg: 57.1, Max: 57.2, Diff: 0.2, Sum: 456.8]
      [GC Worker End (ms): Min: 189127.2, Avg: 189127.2, Max: 189127.2, Diff: 0.0]
   [Code Root Fixup: 0.0 ms]
   [Code Root Purge: 0.0 ms]
   [Clear CT: 0.2 ms]
   [Other: 0.6 ms]
      [Choose CSet: 0.0 ms]
      [Ref Proc: 0.1 ms]
      [Ref Enq: 0.0 ms]
      [Redirty Cards: 0.2 ms]
      [Humongous Register: 0.0 ms]
      [Humongous Reclaim: 0.0 ms]
      [Free CSet: 0.1 ms]
   [Eden: 5120.0K(272.0M)->0.0B(310.0M) Survivors: 39.0M->7168.0K Heap: 1018.1M(2048.0M)->1022.1M(2048.0M)]
 [Times: user=0.38 sys=0.00, real=0.06 secs] 
2020-09-29T12:14:04.159+0200: 189.128: [GC concurrent-root-region-scan-start]
2020-09-29T12:14:04.160+0200: 189.129: [GC concurrent-root-region-scan-end, 0.0011513 secs]
2020-09-29T12:14:04.160+0200: 189.129: [GC concurrent-mark-start]
2020-09-29T12:14:04.163+0200: 189.131: [GC concurrent-mark-end, 0.0022571 secs]
2020-09-29T12:14:04.163+0200: 189.132: [GC remark 2020-09-29T12:14:04.163+0200: 189.132: [Finalize Marking, 0.0001454 secs] 2020-09-29T12:14:04.163+0200: 189.132: [GC ref-proc, 0.0003715 secs] 2020-09-29T12:14:04.163+0200: 189.132: [Unloading, 0.0004069 secs], 0.0012232 secs]
 [Times: user=0.00 sys=0.00, real=0.00 secs] 
2020-09-29T12:14:04.164+0200: 189.133: [GC cleanup 1031M->26M(2048M), 0.0012978 secs]
 [Times: user=0.00 sys=0.00, real=0.00 secs] 
2020-09-29T12:14:04.166+0200: 189.135: [GC concurrent-cleanup-start]
2020-09-29T12:14:04.167+0200: 189.136: [GC concurrent-cleanup-end, 0.0012042 secs]
2020-09-29T12:14:04.336+0200: 189.305: [GC pause (G1 Evacuation Pause) (young), 0.1617702 secs]
   [Parallel Time: 159.7 ms, GC Workers: 8]
      [GC Worker Start (ms): Min: 189305.1, Avg: 189305.2, Max: 189305.3, Diff: 0.2]
      [Ext Root Scanning (ms): Min: 0.0, Avg: 0.1, Max: 0.2, Diff: 0.2, Sum: 0.5]
      [Update RS (ms): Min: 16.7, Avg: 16.7, Max: 16.9, Diff: 0.2, Sum: 134.0]
         [Processed Buffers: Min: 15, Avg: 18.8, Max: 22, Diff: 7, Sum: 150]
      [Scan RS (ms): Min: 14.9, Avg: 15.1, Max: 15.2, Diff: 0.2, Sum: 120.7]
      [Code Root Scanning (ms): Min: 0.0, Avg: 0.0, Max: 0.0, Diff: 0.0, Sum: 0.0]
      [Object Copy (ms): Min: 127.4, Avg: 127.4, Max: 127.6, Diff: 0.2, Sum: 1019.4]
      [Termination (ms): Min: 0.0, Avg: 0.1, Max: 0.2, Diff: 0.2, Sum: 1.1]
         [Termination Attempts: Min: 1, Avg: 924.9, Max: 1163, Diff: 1162, Sum: 7399]
      [GC Worker Other (ms): Min: 0.0, Avg: 0.0, Max: 0.1, Diff: 0.0, Sum: 0.3]
      [GC Worker Total (ms): Min: 159.4, Avg: 159.5, Max: 159.6, Diff: 0.2, Sum: 1276.0]
      [GC Worker End (ms): Min: 189464.7, Avg: 189464.7, Max: 189464.7, Diff: 0.1]
   [Code Root Fixup: 0.0 ms]
   [Code Root Purge: 0.0 ms]
   [Clear CT: 1.0 ms]
   [Other: 1.1 ms]
      [Choose CSet: 0.0 ms]
      [Ref Proc: 0.2 ms]
      [Ref Enq: 0.0 ms]
      [Redirty Cards: 0.3 ms]
      [Humongous Register: 0.0 ms]
      [Humongous Reclaim: 0.0 ms]
      [Free CSet: 0.2 ms]
   [Eden: 310.0M(310.0M)->0.0B(290.0M) Survivors: 7168.0K->40.0M Heap: 379.9M(2048.0M)->375.9M(2048.0M)]
 [Times: user=1.25 sys=0.00, real=0.16 secs] 
2020-09-29T12:14:04.651+0200: 189.621: [GC pause (G1 Evacuation Pause) (young), 0.1534122 secs]
   [Parallel Time: 152.0 ms, GC Workers: 8]
      [GC Worker Start (ms): Min: 189620.6, Avg: 189620.7, Max: 189620.8, Diff: 0.2]
      [Ext Root Scanning (ms): Min: 0.0, Avg: 0.1, Max: 0.2, Diff: 0.2, Sum: 0.4]
      [Update RS (ms): Min: 19.3, Avg: 19.5, Max: 20.0, Diff: 0.7, Sum: 156.0]
         [Processed Buffers: Min: 22, Avg: 23.5, Max: 25, Diff: 3, Sum: 188]
      [Scan RS (ms): Min: 12.2, Avg: 12.7, Max: 13.0, Diff: 0.8, Sum: 101.2]
      [Code Root Scanning (ms): Min: 0.0, Avg: 0.0, Max: 0.0, Diff: 0.0, Sum: 0.0]
      [Object Copy (ms): Min: 119.4, Avg: 119.6, Max: 119.6, Diff: 0.2, Sum: 956.5]
      [Termination (ms): Min: 0.0, Avg: 0.0, Max: 0.0, Diff: 0.0, Sum: 0.0]
         [Termination Attempts: Min: 1, Avg: 1.6, Max: 3, Diff: 2, Sum: 13]
      [GC Worker Other (ms): Min: 0.0, Avg: 0.0, Max: 0.1, Diff: 0.1, Sum: 0.3]
      [GC Worker Total (ms): Min: 151.7, Avg: 151.8, Max: 151.9, Diff: 0.2, Sum: 1214.6]
      [GC Worker End (ms): Min: 189772.5, Avg: 189772.5, Max: 189772.6, Diff: 0.1]
   [Code Root Fixup: 0.0 ms]
   [Code Root Purge: 0.0 ms]
   [Clear CT: 0.2 ms]
   [Other: 1.2 ms]
      [Choose CSet: 0.0 ms]
      [Ref Proc: 0.2 ms]
      [Ref Enq: 0.0 ms]
      [Redirty Cards: 0.5 ms]
      [Humongous Register: 0.0 ms]
      [Humongous Reclaim: 0.0 ms]
      [Free CSet: 0.3 ms]
   [Eden: 290.0M(290.0M)->0.0B(301.0M) Survivors: 40.0M->42.0M Heap: 713.6M(2048.0M)->716.1M(2048.0M)]
 [Times: user=1.25 sys=0.00, real=0.16 secs] 
2020-09-29T12:14:04.977+0200: 189.946: [GC pause (G1 Evacuation Pause) (young), 0.1713082 secs]
   [Parallel Time: 170.3 ms, GC Workers: 8]
      [GC Worker Start (ms): Min: 189946.3, Avg: 189946.4, Max: 189946.4, Diff: 0.2]
      [Ext Root Scanning (ms): Min: 0.0, Avg: 0.1, Max: 0.2, Diff: 0.2, Sum: 0.6]
      [Update RS (ms): Min: 19.4, Avg: 19.5, Max: 19.7, Diff: 0.3, Sum: 156.4]
         [Processed Buffers: Min: 19, Avg: 20.3, Max: 21, Diff: 2, Sum: 162]
      [Scan RS (ms): Min: 14.9, Avg: 15.1, Max: 15.4, Diff: 0.5, Sum: 121.2]
      [Code Root Scanning (ms): Min: 0.0, Avg: 0.0, Max: 0.0, Diff: 0.0, Sum: 0.0]
      [Object Copy (ms): Min: 135.1, Avg: 135.2, Max: 135.4, Diff: 0.2, Sum: 1082.0]
      [Termination (ms): Min: 0.0, Avg: 0.0, Max: 0.0, Diff: 0.0, Sum: 0.1]
         [Termination Attempts: Min: 1, Avg: 54.1, Max: 82, Diff: 81, Sum: 433]
      [GC Worker Other (ms): Min: 0.0, Avg: 0.0, Max: 0.1, Diff: 0.1, Sum: 0.4]
      [GC Worker Total (ms): Min: 170.0, Avg: 170.1, Max: 170.1, Diff: 0.2, Sum: 1360.5]
      [GC Worker End (ms): Min: 190116.4, Avg: 190116.4, Max: 190116.4, Diff: 0.1]
   [Code Root Fixup: 0.0 ms]
   [Code Root Purge: 0.0 ms]
   [Clear CT: 0.2 ms]
   [Other: 0.8 ms]
      [Choose CSet: 0.0 ms]
      [Ref Proc: 0.2 ms]
      [Ref Enq: 0.0 ms]
      [Redirty Cards: 0.2 ms]
      [Humongous Register: 0.0 ms]
      [Humongous Reclaim: 0.0 ms]
      [Free CSet: 0.2 ms]
   [Eden: 301.0M(301.0M)->0.0B(302.0M) Survivors: 42.0M->43.0M Heap: 1066.7M(2048.0M)->1068.7M(2048.0M)]
 [Times: user=1.31 sys=0.02, real=0.17 secs] 
2020-09-29T12:14:05.150+0200: 190.119: [GC pause (G1 Humongous Allocation) (young) (initial-mark), 0.0630571 secs]
   [Parallel Time: 62.3 ms, GC Workers: 8]
      [GC Worker Start (ms): Min: 190119.4, Avg: 190119.4, Max: 190119.5, Diff: 0.1]
      [Ext Root Scanning (ms): Min: 0.0, Avg: 0.1, Max: 0.1, Diff: 0.1, Sum: 0.6]
      [Update RS (ms): Min: 42.0, Avg: 42.4, Max: 42.8, Diff: 0.7, Sum: 339.5]
         [Processed Buffers: Min: 54, Avg: 56.5, Max: 59, Diff: 5, Sum: 452]
      [Scan RS (ms): Min: 0.0, Avg: 0.0, Max: 0.2, Diff: 0.2, Sum: 0.2]
      [Code Root Scanning (ms): Min: 0.0, Avg: 0.0, Max: 0.0, Diff: 0.0, Sum: 0.0]
      [Object Copy (ms): Min: 19.3, Avg: 19.6, Max: 19.8, Diff: 0.6, Sum: 156.5]
      [Termination (ms): Min: 0.0, Avg: 0.0, Max: 0.0, Diff: 0.0, Sum: 0.1]
         [Termination Attempts: Min: 1, Avg: 91.3, Max: 123, Diff: 122, Sum: 730]
      [GC Worker Other (ms): Min: 0.0, Avg: 0.0, Max: 0.1, Diff: 0.0, Sum: 0.2]
      [GC Worker Total (ms): Min: 62.1, Avg: 62.1, Max: 62.2, Diff: 0.1, Sum: 497.2]
      [GC Worker End (ms): Min: 190181.6, Avg: 190181.6, Max: 190181.6, Diff: 0.0]
   [Code Root Fixup: 0.0 ms]
   [Code Root Purge: 0.0 ms]
   [Clear CT: 0.2 ms]
   [Other: 0.6 ms]
      [Choose CSet: 0.0 ms]
      [Ref Proc: 0.2 ms]
      [Ref Enq: 0.0 ms]
      [Redirty Cards: 0.2 ms]
      [Humongous Register: 0.0 ms]
      [Humongous Reclaim: 0.0 ms]
      [Free CSet: 0.0 ms]
   [Eden: 4096.0K(302.0M)->0.0B(329.0M) Survivors: 43.0M->5120.0K Heap: 1072.2M(2048.0M)->1075.2M(2048.0M)]
 [Times: user=0.50 sys=0.00, real=0.06 secs] 
2020-09-29T12:14:05.214+0200: 190.182: [GC concurrent-root-region-scan-start]
2020-09-29T12:14:05.214+0200: 190.183: [GC concurrent-root-region-scan-end, 0.0006418 secs]
2020-09-29T12:14:05.214+0200: 190.183: [GC concurrent-mark-start]
2020-09-29T12:14:05.217+0200: 190.186: [GC concurrent-mark-end, 0.0024932 secs]
2020-09-29T12:14:05.217+0200: 190.186: [GC remark 2020-09-29T12:14:05.217+0200: 190.186: [Finalize Marking, 0.0001267 secs] 2020-09-29T12:14:05.217+0200: 190.186: [GC ref-proc, 0.0002722 secs] 2020-09-29T12:14:05.217+0200: 190.186: [Unloading, 0.0004110 secs], 0.0011306 secs]
 [Times: user=0.00 sys=0.00, real=0.00 secs] 
2020-09-29T12:14:05.218+0200: 190.187: [GC cleanup 1084M->23M(2048M), 0.0011624 secs]
 [Times: user=0.00 sys=0.00, real=0.00 secs] 
2020-09-29T12:14:05.220+0200: 190.188: [GC concurrent-cleanup-start]
2020-09-29T12:14:05.221+0200: 190.190: [GC concurrent-cleanup-end, 0.0012151 secs]
2020-09-29T12:14:05.402+0200: 190.371: [GC pause (G1 Evacuation Pause) (young), 0.2027132 secs]
   [Parallel Time: 200.9 ms, GC Workers: 8]
      [GC Worker Start (ms): Min: 190370.9, Avg: 190371.0, Max: 190371.1, Diff: 0.2]
      [Ext Root Scanning (ms): Min: 0.0, Avg: 0.1, Max: 0.2, Diff: 0.2, Sum: 0.4]
      [Update RS (ms): Min: 24.0, Avg: 24.2, Max: 24.5, Diff: 0.5, Sum: 193.3]
         [Processed Buffers: Min: 20, Avg: 23.1, Max: 25, Diff: 5, Sum: 185]
      [Scan RS (ms): Min: 14.7, Avg: 15.1, Max: 15.4, Diff: 0.6, Sum: 121.0]
      [Code Root Scanning (ms): Min: 0.0, Avg: 0.0, Max: 0.0, Diff: 0.0, Sum: 0.0]
      [Object Copy (ms): Min: 160.9, Avg: 160.9, Max: 161.0, Diff: 0.1, Sum: 1287.3]
      [Termination (ms): Min: 0.0, Avg: 0.2, Max: 0.3, Diff: 0.3, Sum: 1.6]
         [Termination Attempts: Min: 1, Avg: 1118.6, Max: 1473, Diff: 1472, Sum: 8949]
      [GC Worker Other (ms): Min: 0.0, Avg: 0.0, Max: 0.1, Diff: 0.1, Sum: 0.2]
      [GC Worker Total (ms): Min: 200.4, Avg: 200.5, Max: 200.7, Diff: 0.3, Sum: 1603.9]
      [GC Worker End (ms): Min: 190571.4, Avg: 190571.5, Max: 190571.6, Diff: 0.2]
   [Code Root Fixup: 0.0 ms]
   [Code Root Purge: 0.0 ms]
   [Clear CT: 0.6 ms]
   [Other: 1.1 ms]
      [Choose CSet: 0.0 ms]
      [Ref Proc: 0.2 ms]
      [Ref Enq: 0.0 ms]
      [Redirty Cards: 0.3 ms]
      [Humongous Register: 0.0 ms]
      [Humongous Reclaim: 0.0 ms]
      [Free CSet: 0.3 ms]
   [Eden: 329.0M(329.0M)->0.0B(269.0M) Survivors: 5120.0K->42.0M Heap: 398.8M(2048.0M)->396.8M(2048.0M)]
 [Times: user=1.51 sys=0.00, real=0.20 secs] 
2020-09-29T12:14:05.783+0200: 190.752: [GC pause (G1 Evacuation Pause) (young), 0.1906524 secs]
   [Parallel Time: 189.4 ms, GC Workers: 8]
      [GC Worker Start (ms): Min: 190752.5, Avg: 190752.6, Max: 190752.7, Diff: 0.2]
      [Ext Root Scanning (ms): Min: 0.0, Avg: 0.1, Max: 0.2, Diff: 0.2, Sum: 0.5]
      [Update RS (ms): Min: 23.9, Avg: 24.0, Max: 24.3, Diff: 0.5, Sum: 191.9]
         [Processed Buffers: Min: 18, Avg: 22.4, Max: 25, Diff: 7, Sum: 179]
      [Scan RS (ms): Min: 15.4, Avg: 15.9, Max: 16.2, Diff: 0.7, Sum: 127.5]
      [Code Root Scanning (ms): Min: 0.0, Avg: 0.1, Max: 0.6, Diff: 0.6, Sum: 0.6]
      [Object Copy (ms): Min: 148.8, Avg: 148.9, Max: 149.1, Diff: 0.2, Sum: 1191.6]
      [Termination (ms): Min: 0.0, Avg: 0.2, Max: 0.2, Diff: 0.2, Sum: 1.3]
         [Termination Attempts: Min: 1, Avg: 1180.0, Max: 1444, Diff: 1443, Sum: 9440]
      [GC Worker Other (ms): Min: 0.0, Avg: 0.0, Max: 0.1, Diff: 0.1, Sum: 0.3]
      [GC Worker Total (ms): Min: 189.1, Avg: 189.2, Max: 189.3, Diff: 0.2, Sum: 1513.8]
      [GC Worker End (ms): Min: 190941.8, Avg: 190941.8, Max: 190941.8, Diff: 0.1]
   [Code Root Fixup: 0.0 ms]
   [Code Root Purge: 0.0 ms]
   [Clear CT: 0.2 ms]
   [Other: 1.0 ms]
      [Choose CSet: 0.0 ms]
      [Ref Proc: 0.2 ms]
      [Ref Enq: 0.0 ms]
      [Redirty Cards: 0.2 ms]
      [Humongous Register: 0.1 ms]
      [Humongous Reclaim: 0.0 ms]
      [Free CSet: 0.3 ms]
   [Eden: 269.0M(269.0M)->0.0B(255.0M) Survivors: 42.0M->39.0M Heap: 711.6M(2048.0M)->713.6M(2048.0M)]
 [Times: user=1.52 sys=0.00, real=0.19 secs] 
2020-09-29T12:14:06.127+0200: 191.096: [GC pause (G1 Evacuation Pause) (young), 0.1614136 secs]
   [Parallel Time: 160.3 ms, GC Workers: 8]
      [GC Worker Start (ms): Min: 191096.5, Avg: 191096.6, Max: 191096.7, Diff: 0.2]
      [Ext Root Scanning (ms): Min: 0.0, Avg: 0.1, Max: 0.2, Diff: 0.2, Sum: 0.5]
      [Update RS (ms): Min: 17.4, Avg: 17.5, Max: 17.7, Diff: 0.3, Sum: 139.7]
         [Processed Buffers: Min: 17, Avg: 18.6, Max: 21, Diff: 4, Sum: 149]
      [Scan RS (ms): Min: 12.8, Avg: 13.0, Max: 13.1, Diff: 0.4, Sum: 103.8]
      [Code Root Scanning (ms): Min: 0.0, Avg: 0.0, Max: 0.0, Diff: 0.0, Sum: 0.0]
      [Object Copy (ms): Min: 129.5, Avg: 129.5, Max: 129.6, Diff: 0.1, Sum: 1036.3]
      [Termination (ms): Min: 0.0, Avg: 0.0, Max: 0.0, Diff: 0.0, Sum: 0.2]
         [Termination Attempts: Min: 1, Avg: 225.1, Max: 295, Diff: 294, Sum: 1801]
      [GC Worker Other (ms): Min: 0.0, Avg: 0.0, Max: 0.1, Diff: 0.1, Sum: 0.3]
      [GC Worker Total (ms): Min: 160.0, Avg: 160.1, Max: 160.2, Diff: 0.2, Sum: 1280.9]
      [GC Worker End (ms): Min: 191256.7, Avg: 191256.7, Max: 191256.7, Diff: 0.1]
   [Code Root Fixup: 0.0 ms]
   [Code Root Purge: 0.0 ms]
   [Clear CT: 0.1 ms]
   [Other: 0.9 ms]
      [Choose CSet: 0.0 ms]
      [Ref Proc: 0.2 ms]
      [Ref Enq: 0.0 ms]
      [Redirty Cards: 0.2 ms]
      [Humongous Register: 0.0 ms]
      [Humongous Reclaim: 0.0 ms]
      [Free CSet: 0.3 ms]
   [Eden: 255.0M(255.0M)->0.0B(267.0M) Survivors: 39.0M->37.0M Heap: 1010.6M(2048.0M)->1013.1M(2048.0M)]
 [Times: user=1.27 sys=0.00, real=0.16 secs] 
2020-09-29T12:14:06.308+0200: 191.276: [GC pause (G1 Humongous Allocation) (young) (initial-mark), 0.0638724 secs]
   [Parallel Time: 62.8 ms, GC Workers: 8]
      [GC Worker Start (ms): Min: 191276.7, Avg: 191276.7, Max: 191276.8, Diff: 0.2]
      [Ext Root Scanning (ms): Min: 0.0, Avg: 1.3, Max: 8.6, Diff: 8.6, Sum: 10.7]
      [Update RS (ms): Min: 20.9, Avg: 28.8, Max: 33.8, Diff: 12.9, Sum: 230.3]
         [Processed Buffers: Min: 18, Avg: 28.5, Max: 35, Diff: 17, Sum: 228]
      [Scan RS (ms): Min: 0.0, Avg: 2.5, Max: 3.1, Diff: 3.1, Sum: 19.7]
      [Code Root Scanning (ms): Min: 0.0, Avg: 0.0, Max: 0.0, Diff: 0.0, Sum: 0.0]
      [Object Copy (ms): Min: 28.6, Avg: 30.0, Max: 30.3, Diff: 1.7, Sum: 240.1]
      [Termination (ms): Min: 0.0, Avg: 0.0, Max: 0.1, Diff: 0.1, Sum: 0.3]
         [Termination Attempts: Min: 1, Avg: 296.6, Max: 364, Diff: 363, Sum: 2373]
      [GC Worker Other (ms): Min: 0.0, Avg: 0.0, Max: 0.0, Diff: 0.0, Sum: 0.2]
      [GC Worker Total (ms): Min: 62.5, Avg: 62.7, Max: 62.7, Diff: 0.2, Sum: 501.3]
      [GC Worker End (ms): Min: 191339.4, Avg: 191339.4, Max: 191339.4, Diff: 0.0]
   [Code Root Fixup: 0.0 ms]
   [Code Root Purge: 0.0 ms]
   [Clear CT: 0.2 ms]
   [Other: 0.9 ms]
      [Choose CSet: 0.0 ms]
      [Ref Proc: 0.3 ms]
      [Ref Enq: 0.0 ms]
      [Redirty Cards: 0.2 ms]
      [Humongous Register: 0.1 ms]
      [Humongous Reclaim: 0.0 ms]
      [Free CSet: 0.1 ms]
   [Eden: 6144.0K(267.0M)->0.0B(255.0M) Survivors: 37.0M->8192.0K Heap: 1018.6M(2048.0M)->1022.6M(2048.0M)]
 [Times: user=0.42 sys=0.00, real=0.06 secs] 
2020-09-29T12:14:06.372+0200: 191.340: [GC concurrent-root-region-scan-start]
2020-09-29T12:14:06.373+0200: 191.342: [GC concurrent-root-region-scan-end, 0.0019451 secs]
2020-09-29T12:14:06.374+0200: 191.342: [GC concurrent-mark-start]
2020-09-29T12:14:06.378+0200: 191.347: [GC concurrent-mark-end, 0.0044463 secs]
2020-09-29T12:14:06.378+0200: 191.347: [GC remark 2020-09-29T12:14:06.378+0200: 191.347: [Finalize Marking, 0.0002724 secs] 2020-09-29T12:14:06.379+0200: 191.348: [GC ref-proc, 0.0004448 secs] 2020-09-29T12:14:06.379+0200: 191.348: [Unloading, 0.0009091 secs], 0.0020001 secs]
 [Times: user=0.02 sys=0.00, real=0.00 secs] 
2020-09-29T12:14:06.381+0200: 191.350: [GC cleanup 1034M->29M(2048M), 0.0015520 secs]
 [Times: user=0.00 sys=0.00, real=0.00 secs] 
2020-09-29T12:14:06.382+0200: 191.351: [GC concurrent-cleanup-start]
2020-09-29T12:14:06.384+0200: 191.353: [GC concurrent-cleanup-end, 0.0013047 secs]
2020-09-29T12:14:06.528+0200: 191.497: [GC pause (G1 Evacuation Pause) (young), 0.1316942 secs]
   [Parallel Time: 130.6 ms, GC Workers: 8]
      [GC Worker Start (ms): Min: 191497.0, Avg: 191497.1, Max: 191497.2, Diff: 0.2]
      [Ext Root Scanning (ms): Min: 0.0, Avg: 0.1, Max: 0.2, Diff: 0.2, Sum: 0.6]
      [Update RS (ms): Min: 19.0, Avg: 19.2, Max: 19.8, Diff: 0.9, Sum: 153.5]
         [Processed Buffers: Min: 15, Avg: 17.4, Max: 20, Diff: 5, Sum: 139]
      [Scan RS (ms): Min: 10.6, Avg: 11.3, Max: 11.4, Diff: 0.8, Sum: 90.1]
      [Code Root Scanning (ms): Min: 0.0, Avg: 0.0, Max: 0.0, Diff: 0.0, Sum: 0.0]
      [Object Copy (ms): Min: 99.7, Avg: 99.7, Max: 99.8, Diff: 0.2, Sum: 797.8]
      [Termination (ms): Min: 0.0, Avg: 0.1, Max: 0.2, Diff: 0.1, Sum: 0.7]
         [Termination Attempts: Min: 1, Avg: 478.1, Max: 623, Diff: 622, Sum: 3825]
      [GC Worker Other (ms): Min: 0.0, Avg: 0.0, Max: 0.0, Diff: 0.0, Sum: 0.1]
      [GC Worker Total (ms): Min: 130.3, Avg: 130.4, Max: 130.5, Diff: 0.2, Sum: 1042.9]
      [GC Worker End (ms): Min: 191627.5, Avg: 191627.5, Max: 191627.5, Diff: 0.0]
   [Code Root Fixup: 0.0 ms]
   [Code Root Purge: 0.0 ms]
   [Clear CT: 0.2 ms]
   [Other: 0.9 ms]
      [Choose CSet: 0.0 ms]
      [Ref Proc: 0.1 ms]
      [Ref Enq: 0.0 ms]
      [Redirty Cards: 0.2 ms]
      [Humongous Register: 0.0 ms]
      [Humongous Reclaim: 0.0 ms]
      [Free CSet: 0.3 ms]
   [Eden: 255.0M(255.0M)->0.0B(257.0M) Survivors: 8192.0K->33.0M Heap: 316.4M(2048.0M)->310.9M(2048.0M)]
 [Times: user=0.99 sys=0.00, real=0.13 secs] 
2020-09-29T12:14:06.798+0200: 191.767: [GC pause (G1 Evacuation Pause) (young), 0.1414793 secs]
   [Parallel Time: 140.4 ms, GC Workers: 8]
      [GC Worker Start (ms): Min: 191767.6, Avg: 191767.7, Max: 191767.7, Diff: 0.1]
      [Ext Root Scanning (ms): Min: 0.0, Avg: 0.1, Max: 0.1, Diff: 0.1, Sum: 0.5]
      [Update RS (ms): Min: 17.4, Avg: 17.5, Max: 17.7, Diff: 0.3, Sum: 140.1]
         [Processed Buffers: Min: 19, Avg: 20.4, Max: 22, Diff: 3, Sum: 163]
      [Scan RS (ms): Min: 10.8, Avg: 10.9, Max: 11.1, Diff: 0.3, Sum: 87.5]
      [Code Root Scanning (ms): Min: 0.0, Avg: 0.0, Max: 0.0, Diff: 0.0, Sum: 0.0]
      [Object Copy (ms): Min: 111.5, Avg: 111.5, Max: 111.6, Diff: 0.1, Sum: 892.3]
      [Termination (ms): Min: 0.0, Avg: 0.1, Max: 0.1, Diff: 0.1, Sum: 0.5]
         [Termination Attempts: Min: 1, Avg: 399.8, Max: 555, Diff: 554, Sum: 3198]
      [GC Worker Other (ms): Min: 0.0, Avg: 0.0, Max: 0.1, Diff: 0.1, Sum: 0.4]
      [GC Worker Total (ms): Min: 140.1, Avg: 140.2, Max: 140.3, Diff: 0.2, Sum: 1121.4]
      [GC Worker End (ms): Min: 191907.8, Avg: 191907.8, Max: 191907.9, Diff: 0.1]
   [Code Root Fixup: 0.0 ms]
   [Code Root Purge: 0.0 ms]
   [Clear CT: 0.2 ms]
   [Other: 0.9 ms]
      [Choose CSet: 0.0 ms]
      [Ref Proc: 0.1 ms]
      [Ref Enq: 0.0 ms]
      [Redirty Cards: 0.2 ms]
      [Humongous Register: 0.0 ms]
      [Humongous Reclaim: 0.0 ms]
      [Free CSet: 0.3 ms]
   [Eden: 257.0M(257.0M)->0.0B(272.0M) Survivors: 33.0M->37.0M Heap: 609.8M(2048.0M)->611.8M(2048.0M)]
 [Times: user=1.11 sys=0.00, real=0.14 secs] 
2020-09-29T12:14:07.083+0200: 192.052: [GC pause (G1 Evacuation Pause) (young), 0.1635506 secs]
   [Parallel Time: 162.5 ms, GC Workers: 8]
      [GC Worker Start (ms): Min: 192052.2, Avg: 192052.2, Max: 192052.3, Diff: 0.2]
      [Ext Root Scanning (ms): Min: 0.0, Avg: 0.1, Max: 0.2, Diff: 0.2, Sum: 0.6]
      [Update RS (ms): Min: 20.8, Avg: 20.9, Max: 21.3, Diff: 0.5, Sum: 167.5]
         [Processed Buffers: Min: 21, Avg: 22.4, Max: 24, Diff: 3, Sum: 179]
      [Scan RS (ms): Min: 11.8, Avg: 12.4, Max: 13.4, Diff: 1.6, Sum: 99.0]
      [Code Root Scanning (ms): Min: 0.0, Avg: 0.0, Max: 0.0, Diff: 0.0, Sum: 0.0]
      [Object Copy (ms): Min: 127.9, Avg: 128.8, Max: 128.9, Diff: 1.0, Sum: 1030.2]
      [Termination (ms): Min: 0.0, Avg: 0.1, Max: 0.1, Diff: 0.1, Sum: 0.5]
         [Termination Attempts: Min: 1, Avg: 490.3, Max: 626, Diff: 625, Sum: 3922]
      [GC Worker Other (ms): Min: 0.0, Avg: 0.0, Max: 0.1, Diff: 0.1, Sum: 0.3]
      [GC Worker Total (ms): Min: 162.2, Avg: 162.3, Max: 162.4, Diff: 0.2, Sum: 1298.1]
      [GC Worker End (ms): Min: 192214.5, Avg: 192214.5, Max: 192214.5, Diff: 0.0]
   [Code Root Fixup: 0.0 ms]
   [Code Root Purge: 0.0 ms]
   [Clear CT: 0.2 ms]
   [Other: 0.9 ms]
      [Choose CSet: 0.0 ms]
      [Ref Proc: 0.1 ms]
      [Ref Enq: 0.0 ms]
      [Redirty Cards: 0.3 ms]
      [Humongous Register: 0.0 ms]
      [Humongous Reclaim: 0.0 ms]
      [Free CSet: 0.2 ms]
   [Eden: 272.0M(272.0M)->0.0B(280.0M) Survivors: 37.0M->39.0M Heap: 929.6M(2048.0M)->932.1M(2048.0M)]
 [Times: user=1.16 sys=0.01, real=0.16 secs] 
2020-09-29T12:14:07.321+0200: 192.290: [GC pause (G1 Humongous Allocation) (young) (initial-mark), 0.0810828 secs]
   [Parallel Time: 80.2 ms, GC Workers: 8]
      [GC Worker Start (ms): Min: 192290.3, Avg: 192290.4, Max: 192290.5, Diff: 0.1]
      [Ext Root Scanning (ms): Min: 0.0, Avg: 0.1, Max: 0.2, Diff: 0.2, Sum: 1.0]
      [Update RS (ms): Min: 14.1, Avg: 14.4, Max: 14.7, Diff: 0.6, Sum: 115.0]
         [Processed Buffers: Min: 16, Avg: 16.8, Max: 17, Diff: 1, Sum: 134]
      [Scan RS (ms): Min: 3.6, Avg: 3.8, Max: 4.1, Diff: 0.5, Sum: 30.8]
      [Code Root Scanning (ms): Min: 0.0, Avg: 0.0, Max: 0.0, Diff: 0.0, Sum: 0.0]
      [Object Copy (ms): Min: 61.6, Avg: 61.7, Max: 61.7, Diff: 0.1, Sum: 493.2]
      [Termination (ms): Min: 0.0, Avg: 0.0, Max: 0.1, Diff: 0.1, Sum: 0.4]
         [Termination Attempts: Min: 1, Avg: 251.9, Max: 340, Diff: 339, Sum: 2015]
      [GC Worker Other (ms): Min: 0.0, Avg: 0.0, Max: 0.0, Diff: 0.0, Sum: 0.1]
      [GC Worker Total (ms): Min: 80.0, Avg: 80.1, Max: 80.1, Diff: 0.1, Sum: 640.5]
      [GC Worker End (ms): Min: 192370.4, Avg: 192370.5, Max: 192370.5, Diff: 0.0]
   [Code Root Fixup: 0.0 ms]
   [Code Root Purge: 0.0 ms]
   [Clear CT: 0.2 ms]
   [Other: 0.8 ms]
      [Choose CSet: 0.0 ms]
      [Ref Proc: 0.2 ms]
      [Ref Enq: 0.0 ms]
      [Redirty Cards: 0.2 ms]
      [Humongous Register: 0.0 ms]
      [Humongous Reclaim: 0.0 ms]
      [Free CSet: 0.1 ms]
   [Eden: 121.0M(280.0M)->0.0B(307.0M) Survivors: 39.0M->40.0M Heap: 1071.7M(2048.0M)->1072.7M(2048.0M)]
 [Times: user=0.63 sys=0.00, real=0.08 secs] 
2020-09-29T12:14:07.402+0200: 192.371: [GC concurrent-root-region-scan-start]
2020-09-29T12:14:07.416+0200: 192.385: [GC concurrent-root-region-scan-end, 0.0137943 secs]
2020-09-29T12:14:07.416+0200: 192.385: [GC concurrent-mark-start]
2020-09-29T12:14:07.419+0200: 192.387: [GC concurrent-mark-end, 0.0022318 secs]
2020-09-29T12:14:07.419+0200: 192.388: [GC remark 2020-09-29T12:14:07.419+0200: 192.388: [Finalize Marking, 0.0001504 secs] 2020-09-29T12:14:07.419+0200: 192.388: [GC ref-proc, 0.0002824 secs] 2020-09-29T12:14:07.419+0200: 192.388: [Unloading, 0.0004457 secs], 0.0011872 secs]
 [Times: user=0.00 sys=0.00, real=0.00 secs] 
2020-09-29T12:14:07.420+0200: 192.389: [GC cleanup 1108M->85M(2048M), 0.0013136 secs]
 [Times: user=0.00 sys=0.00, real=0.00 secs] 
2020-09-29T12:14:07.422+0200: 192.391: [GC concurrent-cleanup-start]
2020-09-29T12:14:07.423+0200: 192.392: [GC concurrent-cleanup-end, 0.0010978 secs]
2020-09-29T12:14:07.567+0200: 192.536: [GC pause (G1 Evacuation Pause) (young), 0.2065065 secs]
   [Parallel Time: 205.4 ms, GC Workers: 8]
      [GC Worker Start (ms): Min: 192536.5, Avg: 192536.5, Max: 192536.6, Diff: 0.1]
      [Ext Root Scanning (ms): Min: 0.0, Avg: 0.1, Max: 0.1, Diff: 0.1, Sum: 0.6]
      [Update RS (ms): Min: 31.1, Avg: 31.5, Max: 31.9, Diff: 0.7, Sum: 251.8]
         [Processed Buffers: Min: 0, Avg: 25.9, Max: 32, Diff: 32, Sum: 207]
      [Scan RS (ms): Min: 14.2, Avg: 14.6, Max: 15.0, Diff: 0.8, Sum: 116.9]
      [Code Root Scanning (ms): Min: 0.0, Avg: 0.0, Max: 0.0, Diff: 0.0, Sum: 0.0]
      [Object Copy (ms): Min: 158.9, Avg: 159.0, Max: 159.1, Diff: 0.2, Sum: 1271.8]
      [Termination (ms): Min: 0.0, Avg: 0.1, Max: 0.1, Diff: 0.1, Sum: 0.6]
         [Termination Attempts: Min: 1, Avg: 235.0, Max: 341, Diff: 340, Sum: 1880]
      [GC Worker Other (ms): Min: 0.0, Avg: 0.0, Max: 0.0, Diff: 0.0, Sum: 0.1]
      [GC Worker Total (ms): Min: 205.2, Avg: 205.2, Max: 205.3, Diff: 0.1, Sum: 1641.8]
      [GC Worker End (ms): Min: 192741.7, Avg: 192741.7, Max: 192741.8, Diff: 0.0]
   [Code Root Fixup: 0.0 ms]
   [Code Root Purge: 0.0 ms]
   [Clear CT: 0.1 ms]
   [Other: 0.9 ms]
      [Choose CSet: 0.0 ms]
      [Ref Proc: 0.2 ms]
      [Ref Enq: 0.0 ms]
      [Redirty Cards: 0.2 ms]
      [Humongous Register: 0.0 ms]
      [Humongous Reclaim: 0.0 ms]
      [Free CSet: 0.3 ms]
   [Eden: 307.0M(307.0M)->0.0B(271.0M) Survivors: 40.0M->44.0M Heap: 408.5M(2048.0M)->370.0M(2048.0M)]
 [Times: user=1.45 sys=0.00, real=0.21 secs] 
2020-09-29T12:14:07.949+0200: 192.918: [GC pause (G1 Evacuation Pause) (young), 0.2082827 secs]
   [Parallel Time: 207.1 ms, GC Workers: 8]
      [GC Worker Start (ms): Min: 192918.0, Avg: 192918.1, Max: 192918.2, Diff: 0.2]
      [Ext Root Scanning (ms): Min: 0.0, Avg: 0.1, Max: 0.2, Diff: 0.2, Sum: 0.6]
      [Update RS (ms): Min: 22.8, Avg: 23.0, Max: 23.6, Diff: 0.8, Sum: 184.4]
         [Processed Buffers: Min: 19, Avg: 20.8, Max: 22, Diff: 3, Sum: 166]
      [Scan RS (ms): Min: 17.0, Avg: 17.6, Max: 17.8, Diff: 0.8, Sum: 140.5]
      [Code Root Scanning (ms): Min: 0.0, Avg: 0.0, Max: 0.0, Diff: 0.0, Sum: 0.0]
      [Object Copy (ms): Min: 165.2, Avg: 165.7, Max: 166.2, Diff: 1.0, Sum: 1325.4]
      [Termination (ms): Min: 0.0, Avg: 0.5, Max: 1.0, Diff: 0.9, Sum: 3.9]
         [Termination Attempts: Min: 1, Avg: 2387.9, Max: 3411, Diff: 3410, Sum: 19103]
      [GC Worker Other (ms): Min: 0.0, Avg: 0.0, Max: 0.0, Diff: 0.0, Sum: 0.1]
      [GC Worker Total (ms): Min: 206.8, Avg: 206.9, Max: 207.0, Diff: 0.2, Sum: 1655.0]
      [GC Worker End (ms): Min: 193125.0, Avg: 193125.0, Max: 193125.0, Diff: 0.1]
   [Code Root Fixup: 0.0 ms]
   [Code Root Purge: 0.0 ms]
   [Clear CT: 0.2 ms]
   [Other: 1.0 ms]
      [Choose CSet: 0.0 ms]
      [Ref Proc: 0.2 ms]
      [Ref Enq: 0.0 ms]
      [Redirty Cards: 0.2 ms]
      [Humongous Register: 0.0 ms]
      [Humongous Reclaim: 0.0 ms]
      [Free CSet: 0.3 ms]
   [Eden: 271.0M(271.0M)->0.0B(249.0M) Survivors: 44.0M->40.0M Heap: 686.8M(2048.0M)->688.8M(2048.0M)]
 [Times: user=1.44 sys=0.00, real=0.21 secs] 
2020-09-29T12:14:08.319+0200: 193.288: [GC pause (G1 Evacuation Pause) (young), 0.1576324 secs]
   [Parallel Time: 156.5 ms, GC Workers: 8]
      [GC Worker Start (ms): Min: 193288.5, Avg: 193288.6, Max: 193288.7, Diff: 0.2]
      [Ext Root Scanning (ms): Min: 0.0, Avg: 0.1, Max: 0.2, Diff: 0.2, Sum: 0.5]
      [Update RS (ms): Min: 16.4, Avg: 16.5, Max: 17.1, Diff: 0.7, Sum: 132.3]
         [Processed Buffers: Min: 14, Avg: 17.3, Max: 20, Diff: 6, Sum: 138]
      [Scan RS (ms): Min: 13.0, Avg: 13.5, Max: 13.7, Diff: 0.7, Sum: 108.1]
      [Code Root Scanning (ms): Min: 0.0, Avg: 0.0, Max: 0.0, Diff: 0.0, Sum: 0.0]
      [Object Copy (ms): Min: 126.0, Avg: 126.1, Max: 126.2, Diff: 0.2, Sum: 1009.1]
      [Termination (ms): Min: 0.0, Avg: 0.1, Max: 0.1, Diff: 0.1, Sum: 0.5]
         [Termination Attempts: Min: 1, Avg: 164.0, Max: 237, Diff: 236, Sum: 1312]
      [GC Worker Other (ms): Min: 0.0, Avg: 0.0, Max: 0.0, Diff: 0.0, Sum: 0.1]
      [GC Worker Total (ms): Min: 156.2, Avg: 156.3, Max: 156.5, Diff: 0.2, Sum: 1250.6]
      [GC Worker End (ms): Min: 193444.9, Avg: 193445.0, Max: 193445.0, Diff: 0.1]
   [Code Root Fixup: 0.0 ms]
   [Code Root Purge: 0.0 ms]
   [Clear CT: 0.2 ms]
   [Other: 0.9 ms]
      [Choose CSet: 0.0 ms]
      [Ref Proc: 0.2 ms]
      [Ref Enq: 0.0 ms]
      [Redirty Cards: 0.2 ms]
      [Humongous Register: 0.0 ms]
      [Humongous Reclaim: 0.0 ms]
      [Free CSet: 0.2 ms]
   [Eden: 249.0M(249.0M)->0.0B(262.0M) Survivors: 40.0M->37.0M Heap: 979.7M(2048.0M)->981.2M(2048.0M)]
 [Times: user=1.16 sys=0.00, real=0.16 secs] 
2020-09-29T12:14:08.487+0200: 193.456: [GC pause (G1 Humongous Allocation) (young) (initial-mark), 0.0540188 secs]
   [Parallel Time: 52.9 ms, GC Workers: 8]
      [GC Worker Start (ms): Min: 193455.8, Avg: 193455.8, Max: 193455.9, Diff: 0.2]
      [Ext Root Scanning (ms): Min: 0.0, Avg: 0.5, Max: 1.9, Diff: 1.9, Sum: 4.0]
      [Update RS (ms): Min: 28.7, Avg: 30.9, Max: 31.4, Diff: 2.7, Sum: 246.9]
         [Processed Buffers: Min: 34, Avg: 36.4, Max: 38, Diff: 4, Sum: 291]
      [Scan RS (ms): Min: 2.3, Avg: 2.4, Max: 2.6, Diff: 0.2, Sum: 19.2]
      [Code Root Scanning (ms): Min: 0.0, Avg: 0.0, Max: 0.0, Diff: 0.0, Sum: 0.0]
      [Object Copy (ms): Min: 18.8, Avg: 18.8, Max: 18.9, Diff: 0.1, Sum: 150.7]
      [Termination (ms): Min: 0.0, Avg: 0.0, Max: 0.0, Diff: 0.0, Sum: 0.0]
         [Termination Attempts: Min: 1, Avg: 2.6, Max: 4, Diff: 3, Sum: 21]
      [GC Worker Other (ms): Min: 0.0, Avg: 0.1, Max: 1.0, Diff: 1.0, Sum: 1.2]
      [GC Worker Total (ms): Min: 52.6, Avg: 52.8, Max: 52.8, Diff: 0.2, Sum: 422.1]
      [GC Worker End (ms): Min: 193508.6, Avg: 193508.6, Max: 193508.6, Diff: 0.0]
   [Code Root Fixup: 0.0 ms]
   [Code Root Purge: 0.0 ms]
   [Clear CT: 0.2 ms]
   [Other: 0.9 ms]
      [Choose CSet: 0.0 ms]
      [Ref Proc: 0.2 ms]
      [Ref Enq: 0.0 ms]
      [Redirty Cards: 0.2 ms]
      [Humongous Register: 0.1 ms]
      [Humongous Reclaim: 0.0 ms]
      [Free CSet: 0.1 ms]
   [Eden: 9216.0K(262.0M)->0.0B(301.0M) Survivors: 37.0M->10.0M Heap: 989.7M(2048.0M)->992.2M(2048.0M)]
 [Times: user=0.44 sys=0.00, real=0.05 secs] 
2020-09-29T12:14:08.541+0200: 193.510: [GC concurrent-root-region-scan-start]
2020-09-29T12:14:08.545+0200: 193.514: [GC concurrent-root-region-scan-end, 0.0041662 secs]
2020-09-29T12:14:08.545+0200: 193.514: [GC concurrent-mark-start]
2020-09-29T12:14:08.549+0200: 193.518: [GC concurrent-mark-end, 0.0037346 secs]
2020-09-29T12:14:08.549+0200: 193.518: [GC remark 2020-09-29T12:14:08.549+0200: 193.518: [Finalize Marking, 0.0002209 secs] 2020-09-29T12:14:08.549+0200: 193.518: [GC ref-proc, 0.0004020 secs] 2020-09-29T12:14:08.550+0200: 193.519: [Unloading, 0.0005028 secs], 0.0014446 secs]
 [Times: user=0.00 sys=0.00, real=0.00 secs] 
2020-09-29T12:14:08.551+0200: 193.520: [GC cleanup 1010M->37M(2048M), 0.0027912 secs]
 [Times: user=0.02 sys=0.00, real=0.00 secs] 
2020-09-29T12:14:08.554+0200: 193.523: [GC concurrent-cleanup-start]
2020-09-29T12:14:08.555+0200: 193.524: [GC concurrent-cleanup-end, 0.0016349 secs]
2020-09-29T12:14:08.709+0200: 193.678: [GC pause (G1 Evacuation Pause) (young), 0.1574372 secs]
   [Parallel Time: 156.2 ms, GC Workers: 8]
      [GC Worker Start (ms): Min: 193677.9, Avg: 193678.0, Max: 193678.1, Diff: 0.2]
      [Ext Root Scanning (ms): Min: 0.0, Avg: 0.1, Max: 0.2, Diff: 0.2, Sum: 0.5]
      [Update RS (ms): Min: 17.8, Avg: 18.0, Max: 18.7, Diff: 0.9, Sum: 144.2]
         [Processed Buffers: Min: 14, Avg: 17.3, Max: 20, Diff: 6, Sum: 138]
      [Scan RS (ms): Min: 14.1, Avg: 14.8, Max: 15.2, Diff: 1.1, Sum: 118.4]
      [Code Root Scanning (ms): Min: 0.0, Avg: 0.0, Max: 0.0, Diff: 0.0, Sum: 0.0]
      [Object Copy (ms): Min: 122.5, Avg: 122.9, Max: 123.2, Diff: 0.6, Sum: 983.5]
      [Termination (ms): Min: 0.0, Avg: 0.1, Max: 0.1, Diff: 0.1, Sum: 0.7]
         [Termination Attempts: Min: 1, Avg: 305.4, Max: 385, Diff: 384, Sum: 2443]
      [GC Worker Other (ms): Min: 0.0, Avg: 0.1, Max: 0.4, Diff: 0.4, Sum: 0.5]
      [GC Worker Total (ms): Min: 155.9, Avg: 156.0, Max: 156.1, Diff: 0.2, Sum: 1247.7]
      [GC Worker End (ms): Min: 193834.0, Avg: 193834.0, Max: 193834.0, Diff: 0.0]
   [Code Root Fixup: 0.0 ms]
   [Code Root Purge: 0.0 ms]
   [Clear CT: 0.2 ms]
   [Other: 1.0 ms]
      [Choose CSet: 0.0 ms]
      [Ref Proc: 0.2 ms]
      [Ref Enq: 0.0 ms]
      [Redirty Cards: 0.3 ms]
      [Humongous Register: 0.0 ms]
      [Humongous Reclaim: 0.0 ms]
      [Free CSet: 0.3 ms]
   [Eden: 301.0M(301.0M)->0.0B(286.0M) Survivors: 10.0M->39.0M Heap: 372.5M(2048.0M)->364.5M(2048.0M)]
 [Times: user=1.19 sys=0.00, real=0.16 secs] 
2020-09-29T12:14:09.049+0200: 194.018: [GC pause (G1 Evacuation Pause) (young), 0.1816780 secs]
   [Parallel Time: 180.5 ms, GC Workers: 8]
      [GC Worker Start (ms): Min: 194018.4, Avg: 194018.4, Max: 194018.5, Diff: 0.2]
      [Ext Root Scanning (ms): Min: 0.0, Avg: 0.1, Max: 0.2, Diff: 0.2, Sum: 0.6]
      [Update RS (ms): Min: 22.4, Avg: 22.5, Max: 23.0, Diff: 0.7, Sum: 179.9]
         [Processed Buffers: Min: 13, Avg: 19.4, Max: 23, Diff: 10, Sum: 155]
      [Scan RS (ms): Min: 15.0, Avg: 15.5, Max: 15.7, Diff: 0.7, Sum: 124.3]
      [Code Root Scanning (ms): Min: 0.0, Avg: 0.0, Max: 0.0, Diff: 0.0, Sum: 0.0]
      [Object Copy (ms): Min: 142.1, Avg: 142.1, Max: 142.1, Diff: 0.1, Sum: 1136.8]
      [Termination (ms): Min: 0.0, Avg: 0.0, Max: 0.0, Diff: 0.0, Sum: 0.3]
         [Termination Attempts: Min: 1, Avg: 266.3, Max: 347, Diff: 346, Sum: 2130]
      [GC Worker Other (ms): Min: 0.0, Avg: 0.0, Max: 0.1, Diff: 0.1, Sum: 0.3]
      [GC Worker Total (ms): Min: 180.2, Avg: 180.3, Max: 180.4, Diff: 0.2, Sum: 1442.2]
      [GC Worker End (ms): Min: 194198.7, Avg: 194198.7, Max: 194198.7, Diff: 0.1]
   [Code Root Fixup: 0.0 ms]
   [Code Root Purge: 0.0 ms]
   [Clear CT: 0.2 ms]
   [Other: 1.0 ms]
      [Choose CSet: 0.0 ms]
      [Ref Proc: 0.2 ms]
      [Ref Enq: 0.0 ms]
      [Redirty Cards: 0.2 ms]
      [Humongous Register: 0.0 ms]
      [Humongous Reclaim: 0.0 ms]
      [Free CSet: 0.3 ms]
   [Eden: 286.0M(286.0M)->0.0B(277.0M) Survivors: 39.0M->41.0M Heap: 698.2M(2048.0M)->700.7M(2048.0M)]
 [Times: user=1.47 sys=0.00, real=0.18 secs] 
2020-09-29T12:14:09.411+0200: 194.381: [GC pause (G1 Evacuation Pause) (young), 0.1574216 secs]
   [Parallel Time: 156.2 ms, GC Workers: 8]
      [GC Worker Start (ms): Min: 194380.8, Avg: 194380.9, Max: 194381.0, Diff: 0.2]
      [Ext Root Scanning (ms): Min: 0.0, Avg: 0.1, Max: 0.2, Diff: 0.2, Sum: 0.6]
      [Update RS (ms): Min: 17.0, Avg: 17.1, Max: 17.3, Diff: 0.3, Sum: 136.6]
         [Processed Buffers: Min: 18, Avg: 20.0, Max: 24, Diff: 6, Sum: 160]
      [Scan RS (ms): Min: 13.1, Avg: 13.3, Max: 13.4, Diff: 0.3, Sum: 106.2]
      [Code Root Scanning (ms): Min: 0.0, Avg: 0.0, Max: 0.0, Diff: 0.0, Sum: 0.0]
      [Object Copy (ms): Min: 125.5, Avg: 125.6, Max: 125.6, Diff: 0.1, Sum: 1004.4]
      [Termination (ms): Min: 0.0, Avg: 0.0, Max: 0.0, Diff: 0.0, Sum: 0.0]
         [Termination Attempts: Min: 1, Avg: 12.4, Max: 17, Diff: 16, Sum: 99]
      [GC Worker Other (ms): Min: 0.0, Avg: 0.0, Max: 0.1, Diff: 0.0, Sum: 0.3]
      [GC Worker Total (ms): Min: 155.9, Avg: 156.0, Max: 156.1, Diff: 0.2, Sum: 1248.0]
      [GC Worker End (ms): Min: 194536.9, Avg: 194536.9, Max: 194536.9, Diff: 0.0]
   [Code Root Fixup: 0.0 ms]
   [Code Root Purge: 0.0 ms]
   [Clear CT: 0.2 ms]
   [Other: 1.0 ms]
      [Choose CSet: 0.0 ms]
      [Ref Proc: 0.2 ms]
      [Ref Enq: 0.0 ms]
      [Redirty Cards: 0.2 ms]
      [Humongous Register: 0.0 ms]
      [Humongous Reclaim: 0.0 ms]
      [Free CSet: 0.3 ms]
   [Eden: 277.0M(277.0M)->0.0B(290.0M) Survivors: 41.0M->40.0M Heap: 1023.5M(2048.0M)->1026.0M(2048.0M)]
 [Times: user=1.24 sys=0.02, real=0.16 secs] 
2020-09-29T12:14:09.580+0200: 194.549: [GC pause (G1 Humongous Allocation) (young) (initial-mark), 0.0534895 secs]
   [Parallel Time: 50.7 ms, GC Workers: 8]
      [GC Worker Start (ms): Min: 194549.3, Avg: 194549.4, Max: 194549.5, Diff: 0.2]
      [Ext Root Scanning (ms): Min: 0.0, Avg: 0.2, Max: 0.4, Diff: 0.4, Sum: 1.7]
      [Update RS (ms): Min: 28.1, Avg: 28.7, Max: 29.0, Diff: 0.9, Sum: 229.9]
         [Processed Buffers: Min: 33, Avg: 35.4, Max: 37, Diff: 4, Sum: 283]
      [Scan RS (ms): Min: 2.1, Avg: 2.4, Max: 2.7, Diff: 0.6, Sum: 19.2]
      [Code Root Scanning (ms): Min: 0.0, Avg: 0.0, Max: 0.0, Diff: 0.0, Sum: 0.0]
      [Object Copy (ms): Min: 19.1, Avg: 19.1, Max: 19.2, Diff: 0.1, Sum: 153.0]
      [Termination (ms): Min: 0.0, Avg: 0.0, Max: 0.0, Diff: 0.0, Sum: 0.2]
         [Termination Attempts: Min: 1, Avg: 151.4, Max: 225, Diff: 224, Sum: 1211]
      [GC Worker Other (ms): Min: 0.0, Avg: 0.0, Max: 0.0, Diff: 0.0, Sum: 0.2]
      [GC Worker Total (ms): Min: 50.4, Avg: 50.5, Max: 50.6, Diff: 0.2, Sum: 404.2]
      [GC Worker End (ms): Min: 194599.9, Avg: 194599.9, Max: 194600.0, Diff: 0.0]
   [Code Root Fixup: 0.0 ms]
   [Code Root Purge: 0.0 ms]
   [Clear CT: 0.3 ms]
   [Other: 2.5 ms]
      [Choose CSet: 0.0 ms]
      [Ref Proc: 1.9 ms]
      [Ref Enq: 0.0 ms]
      [Redirty Cards: 0.2 ms]
      [Humongous Register: 0.1 ms]
      [Humongous Reclaim: 0.0 ms]
      [Free CSet: 0.1 ms]
   [Eden: 6144.0K(290.0M)->0.0B(332.0M) Survivors: 40.0M->8192.0K Heap: 1032.0M(2048.0M)->1035.0M(2048.0M)]
 [Times: user=0.47 sys=0.00, real=0.05 secs] 
2020-09-29T12:14:09.633+0200: 194.603: [GC concurrent-root-region-scan-start]
2020-09-29T12:14:09.635+0200: 194.605: [GC concurrent-root-region-scan-end, 0.0018901 secs]
2020-09-29T12:14:09.635+0200: 194.605: [GC concurrent-mark-start]
2020-09-29T12:14:09.638+0200: 194.608: [GC concurrent-mark-end, 0.0032053 secs]
2020-09-29T12:14:09.639+0200: 194.608: [GC remark 2020-09-29T12:14:09.639+0200: 194.608: [Finalize Marking, 0.0010997 secs] 2020-09-29T12:14:09.640+0200: 194.610: [GC ref-proc, 0.0004117 secs] 2020-09-29T12:14:09.640+0200: 194.610: [Unloading, 0.0004914 secs], 0.0024208 secs]
 [Times: user=0.00 sys=0.00, real=0.00 secs] 
2020-09-29T12:14:09.642+0200: 194.611: [GC cleanup 1044M->27M(2048M), 0.0012816 secs]
 [Times: user=0.00 sys=0.00, real=0.00 secs] 
2020-09-29T12:14:09.643+0200: 194.613: [GC concurrent-cleanup-start]
2020-09-29T12:14:09.645+0200: 194.614: [GC concurrent-cleanup-end, 0.0017387 secs]
2020-09-29T12:14:09.822+0200: 194.792: [GC pause (G1 Evacuation Pause) (young), 0.1618624 secs]
   [Parallel Time: 160.7 ms, GC Workers: 8]
      [GC Worker Start (ms): Min: 194791.6, Avg: 194791.7, Max: 194791.8, Diff: 0.2]
      [Ext Root Scanning (ms): Min: 0.0, Avg: 0.1, Max: 0.2, Diff: 0.2, Sum: 0.5]
      [Update RS (ms): Min: 13.1, Avg: 13.3, Max: 13.8, Diff: 0.7, Sum: 106.7]
         [Processed Buffers: Min: 13, Avg: 15.9, Max: 18, Diff: 5, Sum: 127]
      [Scan RS (ms): Min: 15.4, Avg: 15.9, Max: 16.1, Diff: 0.7, Sum: 127.4]
      [Code Root Scanning (ms): Min: 0.0, Avg: 0.0, Max: 0.0, Diff: 0.0, Sum: 0.0]
      [Object Copy (ms): Min: 131.1, Avg: 131.1, Max: 131.2, Diff: 0.1, Sum: 1049.0]
      [Termination (ms): Min: 0.0, Avg: 0.0, Max: 0.0, Diff: 0.0, Sum: 0.1]
         [Termination Attempts: Min: 1, Avg: 109.9, Max: 144, Diff: 143, Sum: 879]
      [GC Worker Other (ms): Min: 0.0, Avg: 0.1, Max: 0.1, Diff: 0.1, Sum: 0.4]
      [GC Worker Total (ms): Min: 160.5, Avg: 160.5, Max: 160.6, Diff: 0.2, Sum: 1284.1]
      [GC Worker End (ms): Min: 194952.2, Avg: 194952.3, Max: 194952.3, Diff: 0.1]
   [Code Root Fixup: 0.0 ms]
   [Code Root Purge: 0.0 ms]
   [Clear CT: 0.2 ms]
   [Other: 1.0 ms]
      [Choose CSet: 0.0 ms]
      [Ref Proc: 0.1 ms]
      [Ref Enq: 0.0 ms]
      [Redirty Cards: 0.3 ms]
      [Humongous Register: 0.0 ms]
      [Humongous Reclaim: 0.0 ms]
      [Free CSet: 0.2 ms]
   [Eden: 332.0M(332.0M)->0.0B(310.0M) Survivors: 8192.0K->43.0M Heap: 406.7M(2048.0M)->401.2M(2048.0M)]
 [Times: user=1.23 sys=0.00, real=0.16 secs] 
2020-09-29T12:14:10.169+0200: 195.138: [GC pause (G1 Evacuation Pause) (young), 0.1787223 secs]
   [Parallel Time: 177.5 ms, GC Workers: 8]
      [GC Worker Start (ms): Min: 195138.4, Avg: 195138.5, Max: 195138.6, Diff: 0.1]
      [Ext Root Scanning (ms): Min: 0.0, Avg: 0.1, Max: 0.1, Diff: 0.1, Sum: 0.6]
      [Update RS (ms): Min: 16.9, Avg: 17.1, Max: 17.7, Diff: 0.7, Sum: 136.6]
         [Processed Buffers: Min: 16, Avg: 18.0, Max: 20, Diff: 4, Sum: 144]
      [Scan RS (ms): Min: 17.0, Avg: 17.6, Max: 17.8, Diff: 0.9, Sum: 140.8]
      [Code Root Scanning (ms): Min: 0.0, Avg: 0.0, Max: 0.0, Diff: 0.0, Sum: 0.0]
      [Object Copy (ms): Min: 142.2, Avg: 142.3, Max: 142.5, Diff: 0.3, Sum: 1138.7]
      [Termination (ms): Min: 0.1, Avg: 0.1, Max: 0.1, Diff: 0.1, Sum: 0.8]
         [Termination Attempts: Min: 1, Avg: 382.1, Max: 489, Diff: 488, Sum: 3057]
      [GC Worker Other (ms): Min: 0.0, Avg: 0.0, Max: 0.0, Diff: 0.0, Sum: 0.1]
      [GC Worker Total (ms): Min: 177.1, Avg: 177.2, Max: 177.3, Diff: 0.1, Sum: 1417.7]
      [GC Worker End (ms): Min: 195315.7, Avg: 195315.7, Max: 195315.7, Diff: 0.0]
   [Code Root Fixup: 0.0 ms]
   [Code Root Purge: 0.0 ms]
   [Clear CT: 0.2 ms]
   [Other: 1.1 ms]
      [Choose CSet: 0.0 ms]
      [Ref Proc: 0.2 ms]
      [Ref Enq: 0.0 ms]
      [Redirty Cards: 0.3 ms]
      [Humongous Register: 0.0 ms]
      [Humongous Reclaim: 0.0 ms]
      [Free CSet: 0.3 ms]
   [Eden: 310.0M(310.0M)->0.0B(302.0M) Survivors: 43.0M->45.0M Heap: 762.7M(2048.0M)->764.7M(2048.0M)]
 [Times: user=1.36 sys=0.00, real=0.18 secs] 
2020-09-29T12:14:10.562+0200: 195.531: [GC pause (G1 Evacuation Pause) (young), 0.2336379 secs]
   [Parallel Time: 232.1 ms, GC Workers: 8]
      [GC Worker Start (ms): Min: 195531.4, Avg: 195531.5, Max: 195531.6, Diff: 0.2]
      [Ext Root Scanning (ms): Min: 0.0, Avg: 0.1, Max: 0.1, Diff: 0.1, Sum: 0.7]
      [Update RS (ms): Min: 23.3, Avg: 24.5, Max: 31.6, Diff: 8.3, Sum: 196.2]
         [Processed Buffers: Min: 0, Avg: 20.8, Max: 26, Diff: 26, Sum: 166]
      [Scan RS (ms): Min: 11.7, Avg: 21.4, Max: 41.4, Diff: 29.8, Sum: 171.1]
      [Code Root Scanning (ms): Min: 0.0, Avg: 0.0, Max: 0.0, Diff: 0.0, Sum: 0.0]
      [Object Copy (ms): Min: 166.9, Avg: 185.7, Max: 188.6, Diff: 21.7, Sum: 1485.5]
      [Termination (ms): Min: 0.0, Avg: 0.2, Max: 0.4, Diff: 0.4, Sum: 2.0]
         [Termination Attempts: Min: 1, Avg: 1155.8, Max: 1727, Diff: 1726, Sum: 9246]
      [GC Worker Other (ms): Min: 0.0, Avg: 0.0, Max: 0.0, Diff: 0.0, Sum: 0.1]
      [GC Worker Total (ms): Min: 231.9, Avg: 232.0, Max: 232.0, Diff: 0.2, Sum: 1855.6]
      [GC Worker End (ms): Min: 195763.4, Avg: 195763.4, Max: 195763.4, Diff: 0.0]
   [Code Root Fixup: 0.0 ms]
   [Code Root Purge: 0.0 ms]
   [Clear CT: 0.4 ms]
   [Other: 1.1 ms]
      [Choose CSet: 0.0 ms]
      [Ref Proc: 0.3 ms]
      [Ref Enq: 0.0 ms]
      [Redirty Cards: 0.3 ms]
      [Humongous Register: 0.1 ms]
      [Humongous Reclaim: 0.0 ms]
      [Free CSet: 0.3 ms]
   [Eden: 302.0M(302.0M)->0.0B(245.0M) Survivors: 45.0M->44.0M Heap: 1116.3M(2048.0M)->1118.3M(2048.0M)]
 [Times: user=1.64 sys=0.00, real=0.23 secs] 
2020-09-29T12:14:10.812+0200: 195.782: [GC pause (G1 Humongous Allocation) (young) (initial-mark), 0.0654916 secs]
   [Parallel Time: 63.9 ms, GC Workers: 8]
      [GC Worker Start (ms): Min: 195781.8, Avg: 195782.3, Max: 195782.6, Diff: 0.8]
      [Ext Root Scanning (ms): Min: 0.0, Avg: 4.6, Max: 32.5, Diff: 32.5, Sum: 36.9]
      [Update RS (ms): Min: 1.8, Avg: 31.7, Max: 48.0, Diff: 46.2, Sum: 253.3]
         [Processed Buffers: Min: 3, Avg: 33.6, Max: 40, Diff: 37, Sum: 269]
      [Scan RS (ms): Min: 0.0, Avg: 2.9, Max: 3.7, Diff: 3.7, Sum: 23.0]
      [Code Root Scanning (ms): Min: 0.0, Avg: 0.0, Max: 0.0, Diff: 0.0, Sum: 0.0]
      [Object Copy (ms): Min: 14.4, Avg: 24.0, Max: 25.5, Diff: 11.1, Sum: 192.1]
      [Termination (ms): Min: 0.0, Avg: 0.1, Max: 0.2, Diff: 0.2, Sum: 0.4]
         [Termination Attempts: Min: 1, Avg: 267.6, Max: 349, Diff: 348, Sum: 2141]
      [GC Worker Other (ms): Min: 0.0, Avg: 0.0, Max: 0.0, Diff: 0.0, Sum: 0.2]
      [GC Worker Total (ms): Min: 62.9, Avg: 63.2, Max: 63.7, Diff: 0.8, Sum: 505.9]
      [GC Worker End (ms): Min: 195845.5, Avg: 195845.6, Max: 195845.6, Diff: 0.0]
   [Code Root Fixup: 0.0 ms]
   [Code Root Purge: 0.0 ms]
   [Clear CT: 0.3 ms]
   [Other: 1.4 ms]
      [Choose CSet: 0.0 ms]
      [Ref Proc: 0.2 ms]
      [Ref Enq: 0.0 ms]
      [Redirty Cards: 0.8 ms]
      [Humongous Register: 0.1 ms]
      [Humongous Reclaim: 0.0 ms]
      [Free CSet: 0.1 ms]
   [Eden: 6144.0K(245.0M)->0.0B(284.0M) Survivors: 44.0M->8192.0K Heap: 1124.3M(2048.0M)->1128.3M(2048.0M)]
 [Times: user=0.44 sys=0.00, real=0.07 secs] 
2020-09-29T12:14:10.878+0200: 195.847: [GC concurrent-root-region-scan-start]
2020-09-29T12:14:10.879+0200: 195.849: [GC concurrent-root-region-scan-end, 0.0015297 secs]
2020-09-29T12:14:10.879+0200: 195.849: [GC concurrent-mark-start]
2020-09-29T12:14:10.882+0200: 195.852: [GC concurrent-mark-end, 0.0028176 secs]
2020-09-29T12:14:10.882+0200: 195.852: [GC remark 2020-09-29T12:14:10.882+0200: 195.852: [Finalize Marking, 0.0001490 secs] 2020-09-29T12:14:10.882+0200: 195.852: [GC ref-proc, 0.0002899 secs] 2020-09-29T12:14:10.883+0200: 195.852: [Unloading, 0.0004698 secs], 0.0012171 secs]
 [Times: user=0.00 sys=0.00, real=0.00 secs] 
2020-09-29T12:14:10.884+0200: 195.853: [GC cleanup 1138M->27M(2048M), 0.0016404 secs]
 [Times: user=0.00 sys=0.00, real=0.00 secs] 
2020-09-29T12:14:10.886+0200: 195.855: [GC concurrent-cleanup-start]
2020-09-29T12:14:10.887+0200: 195.857: [GC concurrent-cleanup-end, 0.0014123 secs]
2020-09-29T12:14:11.040+0200: 196.010: [GC pause (G1 Evacuation Pause) (young), 0.1759009 secs]
   [Parallel Time: 174.8 ms, GC Workers: 8]
      [GC Worker Start (ms): Min: 196010.0, Avg: 196010.1, Max: 196010.2, Diff: 0.2]
      [Ext Root Scanning (ms): Min: 0.0, Avg: 0.1, Max: 0.2, Diff: 0.2, Sum: 0.6]
      [Update RS (ms): Min: 17.6, Avg: 17.7, Max: 18.1, Diff: 0.6, Sum: 141.9]
         [Processed Buffers: Min: 11, Avg: 16.0, Max: 19, Diff: 8, Sum: 128]
      [Scan RS (ms): Min: 14.8, Avg: 15.3, Max: 16.0, Diff: 1.2, Sum: 122.6]
      [Code Root Scanning (ms): Min: 0.0, Avg: 0.0, Max: 0.0, Diff: 0.0, Sum: 0.0]
      [Object Copy (ms): Min: 140.9, Avg: 141.2, Max: 141.3, Diff: 0.4, Sum: 1129.5]
      [Termination (ms): Min: 0.0, Avg: 0.2, Max: 0.3, Diff: 0.3, Sum: 2.0]
         [Termination Attempts: Min: 1, Avg: 1505.6, Max: 1921, Diff: 1920, Sum: 12045]
      [GC Worker Other (ms): Min: 0.0, Avg: 0.0, Max: 0.0, Diff: 0.0, Sum: 0.1]
      [GC Worker Total (ms): Min: 174.5, Avg: 174.6, Max: 174.7, Diff: 0.2, Sum: 1396.7]
      [GC Worker End (ms): Min: 196184.7, Avg: 196184.7, Max: 196184.7, Diff: 0.0]
   [Code Root Fixup: 0.0 ms]
   [Code Root Purge: 0.0 ms]
   [Clear CT: 0.2 ms]
   [Other: 0.9 ms]
      [Choose CSet: 0.0 ms]
      [Ref Proc: 0.2 ms]
      [Ref Enq: 0.0 ms]
      [Redirty Cards: 0.2 ms]
      [Humongous Register: 0.0 ms]
      [Humongous Reclaim: 0.0 ms]
      [Free CSet: 0.3 ms]
   [Eden: 284.0M(284.0M)->0.0B(256.0M) Survivors: 8192.0K->37.0M Heap: 349.7M(2048.0M)->344.2M(2048.0M)]
 [Times: user=1.28 sys=0.00, real=0.18 secs] 
2020-09-29T12:14:11.387+0200: 196.357: [GC pause (G1 Evacuation Pause) (young), 0.1635303 secs]
   [Parallel Time: 162.3 ms, GC Workers: 8]
      [GC Worker Start (ms): Min: 196356.8, Avg: 196356.9, Max: 196357.0, Diff: 0.2]
      [Ext Root Scanning (ms): Min: 0.0, Avg: 0.1, Max: 0.2, Diff: 0.2, Sum: 0.6]
      [Update RS (ms): Min: 21.1, Avg: 21.3, Max: 21.9, Diff: 0.7, Sum: 170.5]
         [Processed Buffers: Min: 16, Avg: 19.4, Max: 24, Diff: 8, Sum: 155]
      [Scan RS (ms): Min: 14.5, Avg: 15.0, Max: 15.2, Diff: 0.7, Sum: 120.0]
      [Code Root Scanning (ms): Min: 0.0, Avg: 0.0, Max: 0.0, Diff: 0.0, Sum: 0.0]
      [Object Copy (ms): Min: 125.5, Avg: 125.5, Max: 125.6, Diff: 0.1, Sum: 1004.4]
      [Termination (ms): Min: 0.0, Avg: 0.1, Max: 0.1, Diff: 0.1, Sum: 0.5]
         [Termination Attempts: Min: 1, Avg: 505.3, Max: 654, Diff: 653, Sum: 4042]
      [GC Worker Other (ms): Min: 0.0, Avg: 0.0, Max: 0.1, Diff: 0.0, Sum: 0.3]
      [GC Worker Total (ms): Min: 161.9, Avg: 162.0, Max: 162.1, Diff: 0.2, Sum: 1296.3]
      [GC Worker End (ms): Min: 196518.9, Avg: 196518.9, Max: 196518.9, Diff: 0.0]
   [Code Root Fixup: 0.0 ms]
   [Code Root Purge: 0.0 ms]
   [Clear CT: 0.2 ms]
   [Other: 1.0 ms]
      [Choose CSet: 0.0 ms]
      [Ref Proc: 0.3 ms]
      [Ref Enq: 0.0 ms]
      [Redirty Cards: 0.2 ms]
      [Humongous Register: 0.0 ms]
      [Humongous Reclaim: 0.0 ms]
      [Free CSet: 0.3 ms]
   [Eden: 256.0M(256.0M)->0.0B(262.0M) Survivors: 37.0M->37.0M Heap: 644.1M(2048.0M)->646.1M(2048.0M)]
 [Times: user=1.19 sys=0.00, real=0.16 secs] 
2020-09-29T12:14:11.724+0200: 196.693: [GC pause (G1 Evacuation Pause) (young), 0.1605827 secs]
   [Parallel Time: 159.5 ms, GC Workers: 8]
      [GC Worker Start (ms): Min: 196693.3, Avg: 196693.4, Max: 196693.5, Diff: 0.2]
      [Ext Root Scanning (ms): Min: 0.0, Avg: 0.1, Max: 0.2, Diff: 0.2, Sum: 0.6]
      [Update RS (ms): Min: 16.6, Avg: 16.7, Max: 17.0, Diff: 0.4, Sum: 133.7]
         [Processed Buffers: Min: 14, Avg: 17.3, Max: 21, Diff: 7, Sum: 138]
      [Scan RS (ms): Min: 13.8, Avg: 14.2, Max: 15.6, Diff: 1.8, Sum: 113.8]
      [Code Root Scanning (ms): Min: 0.0, Avg: 0.0, Max: 0.0, Diff: 0.0, Sum: 0.0]
      [Object Copy (ms): Min: 126.9, Avg: 128.2, Max: 128.4, Diff: 1.6, Sum: 1025.5]
      [Termination (ms): Min: 0.0, Avg: 0.1, Max: 0.1, Diff: 0.1, Sum: 0.6]
         [Termination Attempts: Min: 1, Avg: 561.4, Max: 738, Diff: 737, Sum: 4491]
      [GC Worker Other (ms): Min: 0.0, Avg: 0.0, Max: 0.1, Diff: 0.0, Sum: 0.2]
      [GC Worker Total (ms): Min: 159.2, Avg: 159.3, Max: 159.4, Diff: 0.2, Sum: 1274.5]
      [GC Worker End (ms): Min: 196852.7, Avg: 196852.7, Max: 196852.8, Diff: 0.0]
   [Code Root Fixup: 0.0 ms]
   [Code Root Purge: 0.0 ms]
   [Clear CT: 0.1 ms]
   [Other: 0.9 ms]
      [Choose CSet: 0.0 ms]
      [Ref Proc: 0.1 ms]
      [Ref Enq: 0.0 ms]
      [Redirty Cards: 0.2 ms]
      [Humongous Register: 0.0 ms]
      [Humongous Reclaim: 0.0 ms]
      [Free CSet: 0.3 ms]
   [Eden: 262.0M(262.0M)->0.0B(271.0M) Survivors: 37.0M->38.0M Heap: 951.9M(2048.0M)->954.4M(2048.0M)]
 [Times: user=1.19 sys=0.00, real=0.16 secs] 
2020-09-29T12:14:11.906+0200: 196.875: [GC pause (G1 Humongous Allocation) (young) (initial-mark), 0.0482676 secs]
   [Parallel Time: 47.3 ms, GC Workers: 8]
      [GC Worker Start (ms): Min: 196875.7, Avg: 196875.9, Max: 196876.0, Diff: 0.2]
      [Ext Root Scanning (ms): Min: 0.0, Avg: 0.2, Max: 0.3, Diff: 0.3, Sum: 1.3]
      [Update RS (ms): Min: 21.4, Avg: 21.6, Max: 21.7, Diff: 0.3, Sum: 172.6]
         [Processed Buffers: Min: 21, Avg: 24.9, Max: 28, Diff: 7, Sum: 199]
      [Scan RS (ms): Min: 2.2, Avg: 2.4, Max: 2.5, Diff: 0.4, Sum: 18.9]
      [Code Root Scanning (ms): Min: 0.0, Avg: 0.0, Max: 0.0, Diff: 0.0, Sum: 0.0]
      [Object Copy (ms): Min: 22.9, Avg: 22.9, Max: 23.0, Diff: 0.1, Sum: 183.6]
      [Termination (ms): Min: 0.0, Avg: 0.0, Max: 0.0, Diff: 0.0, Sum: 0.2]
         [Termination Attempts: Min: 1, Avg: 203.0, Max: 273, Diff: 272, Sum: 1624]
      [GC Worker Other (ms): Min: 0.0, Avg: 0.0, Max: 0.0, Diff: 0.0, Sum: 0.1]
      [GC Worker Total (ms): Min: 47.0, Avg: 47.1, Max: 47.2, Diff: 0.2, Sum: 376.7]
      [GC Worker End (ms): Min: 196922.9, Avg: 196923.0, Max: 196923.0, Diff: 0.0]
   [Code Root Fixup: 0.0 ms]
   [Code Root Purge: 0.0 ms]
   [Clear CT: 0.2 ms]
   [Other: 0.8 ms]
      [Choose CSet: 0.0 ms]
      [Ref Proc: 0.1 ms]
      [Ref Enq: 0.0 ms]
      [Redirty Cards: 0.2 ms]
      [Humongous Register: 0.1 ms]
      [Humongous Reclaim: 0.0 ms]
      [Free CSet: 0.1 ms]
   [Eden: 11.0M(271.0M)->0.0B(312.0M) Survivors: 38.0M->13.0M Heap: 965.4M(2048.0M)->968.9M(2048.0M)]
 [Times: user=0.38 sys=0.00, real=0.05 secs] 
2020-09-29T12:14:11.955+0200: 196.924: [GC concurrent-root-region-scan-start]
2020-09-29T12:14:11.957+0200: 196.927: [GC concurrent-root-region-scan-end, 0.0026692 secs]
2020-09-29T12:14:11.957+0200: 196.927: [GC concurrent-mark-start]
2020-09-29T12:14:11.960+0200: 196.929: [GC concurrent-mark-end, 0.0027170 secs]
2020-09-29T12:14:11.960+0200: 196.929: [GC remark 2020-09-29T12:14:11.960+0200: 196.929: [Finalize Marking, 0.0002056 secs] 2020-09-29T12:14:11.961+0200: 196.930: [GC ref-proc, 0.0003666 secs] 2020-09-29T12:14:11.961+0200: 196.930: [Unloading, 0.0004871 secs], 0.0014527 secs]
 [Times: user=0.00 sys=0.00, real=0.00 secs] 
2020-09-29T12:14:11.962+0200: 196.931: [GC cleanup 981M->35M(2048M), 0.0013281 secs]
 [Times: user=0.00 sys=0.00, real=0.00 secs] 
2020-09-29T12:14:11.963+0200: 196.933: [GC concurrent-cleanup-start]
2020-09-29T12:14:11.965+0200: 196.934: [GC concurrent-cleanup-end, 0.0011533 secs]
2020-09-29T12:14:12.139+0200: 197.108: [GC pause (G1 Evacuation Pause) (young), 0.1847021 secs]
   [Parallel Time: 183.5 ms, GC Workers: 8]
      [GC Worker Start (ms): Min: 197108.4, Avg: 197108.5, Max: 197108.6, Diff: 0.2]
      [Ext Root Scanning (ms): Min: 0.0, Avg: 0.1, Max: 0.2, Diff: 0.2, Sum: 0.8]
      [Update RS (ms): Min: 19.6, Avg: 19.8, Max: 20.1, Diff: 0.5, Sum: 158.1]
         [Processed Buffers: Min: 17, Avg: 18.9, Max: 23, Diff: 6, Sum: 151]
      [Scan RS (ms): Min: 18.3, Avg: 18.6, Max: 18.8, Diff: 0.5, Sum: 149.1]
      [Code Root Scanning (ms): Min: 0.0, Avg: 0.0, Max: 0.1, Diff: 0.0, Sum: 0.1]
      [Object Copy (ms): Min: 144.5, Avg: 144.6, Max: 144.7, Diff: 0.2, Sum: 1156.5]
      [Termination (ms): Min: 0.0, Avg: 0.2, Max: 0.2, Diff: 0.2, Sum: 1.4]
         [Termination Attempts: Min: 1, Avg: 1240.3, Max: 1477, Diff: 1476, Sum: 9922]
      [GC Worker Other (ms): Min: 0.0, Avg: 0.1, Max: 0.2, Diff: 0.1, Sum: 0.4]
      [GC Worker Total (ms): Min: 183.2, Avg: 183.3, Max: 183.4, Diff: 0.2, Sum: 1466.5]
      [GC Worker End (ms): Min: 197291.8, Avg: 197291.8, Max: 197291.8, Diff: 0.1]
   [Code Root Fixup: 0.0 ms]
   [Code Root Purge: 0.0 ms]
   [Clear CT: 0.2 ms]
   [Other: 1.1 ms]
      [Choose CSet: 0.0 ms]
      [Ref Proc: 0.2 ms]
      [Ref Enq: 0.0 ms]
      [Redirty Cards: 0.2 ms]
      [Humongous Register: 0.1 ms]
      [Humongous Reclaim: 0.0 ms]
      [Free CSet: 0.3 ms]
   [Eden: 312.0M(312.0M)->0.0B(278.0M) Survivors: 13.0M->41.0M Heap: 387.9M(2048.0M)->377.4M(2048.0M)]
 [Times: user=1.50 sys=0.00, real=0.18 secs] 
2020-09-29T12:14:12.511+0200: 197.480: [GC pause (G1 Evacuation Pause) (young), 0.1741175 secs]
   [Parallel Time: 172.9 ms, GC Workers: 8]
      [GC Worker Start (ms): Min: 197480.1, Avg: 197480.2, Max: 197480.3, Diff: 0.1]
      [Ext Root Scanning (ms): Min: 0.0, Avg: 0.1, Max: 0.1, Diff: 0.1, Sum: 0.6]
      [Update RS (ms): Min: 19.0, Avg: 19.1, Max: 19.6, Diff: 0.6, Sum: 153.2]
         [Processed Buffers: Min: 18, Avg: 19.9, Max: 22, Diff: 4, Sum: 159]
      [Scan RS (ms): Min: 15.5, Avg: 16.1, Max: 18.0, Diff: 2.6, Sum: 128.7]
      [Code Root Scanning (ms): Min: 0.0, Avg: 0.0, Max: 0.0, Diff: 0.0, Sum: 0.0]
      [Object Copy (ms): Min: 135.5, Avg: 137.3, Max: 137.7, Diff: 2.3, Sum: 1098.2]
      [Termination (ms): Min: 0.0, Avg: 0.0, Max: 0.0, Diff: 0.0, Sum: 0.3]
         [Termination Attempts: Min: 1, Avg: 244.5, Max: 310, Diff: 309, Sum: 1956]
      [GC Worker Other (ms): Min: 0.0, Avg: 0.0, Max: 0.1, Diff: 0.1, Sum: 0.3]
      [GC Worker Total (ms): Min: 172.6, Avg: 172.7, Max: 172.7, Diff: 0.1, Sum: 1381.4]
      [GC Worker End (ms): Min: 197652.9, Avg: 197652.9, Max: 197652.9, Diff: 0.1]
   [Code Root Fixup: 0.0 ms]
   [Code Root Purge: 0.0 ms]
   [Clear CT: 0.2 ms]
   [Other: 1.0 ms]
      [Choose CSet: 0.0 ms]
      [Ref Proc: 0.2 ms]
      [Ref Enq: 0.0 ms]
      [Redirty Cards: 0.3 ms]
      [Humongous Register: 0.0 ms]
      [Humongous Reclaim: 0.0 ms]
      [Free CSet: 0.3 ms]
   [Eden: 278.0M(278.0M)->0.0B(279.0M) Survivors: 41.0M->40.0M Heap: 701.2M(2048.0M)->703.2M(2048.0M)]
 [Times: user=1.27 sys=0.00, real=0.17 secs] 
2020-09-29T12:14:12.876+0200: 197.845: [GC pause (G1 Evacuation Pause) (young), 0.1909517 secs]
   [Parallel Time: 189.6 ms, GC Workers: 8]
      [GC Worker Start (ms): Min: 197845.0, Avg: 197845.3, Max: 197845.9, Diff: 0.9]
      [Ext Root Scanning (ms): Min: 0.0, Avg: 0.2, Max: 0.9, Diff: 0.9, Sum: 1.8]
      [Update RS (ms): Min: 19.2, Avg: 20.2, Max: 20.9, Diff: 1.7, Sum: 161.6]
         [Processed Buffers: Min: 18, Avg: 20.3, Max: 22, Diff: 4, Sum: 162]
      [Scan RS (ms): Min: 13.1, Avg: 13.7, Max: 14.6, Diff: 1.5, Sum: 109.5]
      [Code Root Scanning (ms): Min: 0.0, Avg: 0.0, Max: 0.0, Diff: 0.0, Sum: 0.0]
      [Object Copy (ms): Min: 153.8, Avg: 154.7, Max: 155.0, Diff: 1.2, Sum: 1237.6]
      [Termination (ms): Min: 0.2, Avg: 0.3, Max: 0.4, Diff: 0.3, Sum: 2.5]
         [Termination Attempts: Min: 1, Avg: 1159.8, Max: 1495, Diff: 1494, Sum: 9278]
      [GC Worker Other (ms): Min: 0.0, Avg: 0.0, Max: 0.0, Diff: 0.0, Sum: 0.1]
      [GC Worker Total (ms): Min: 188.5, Avg: 189.1, Max: 189.5, Diff: 1.0, Sum: 1513.0]
      [GC Worker End (ms): Min: 198034.4, Avg: 198034.4, Max: 198034.5, Diff: 0.2]
   [Code Root Fixup: 0.0 ms]
   [Code Root Purge: 0.0 ms]
   [Clear CT: 0.2 ms]
   [Other: 1.1 ms]
      [Choose CSet: 0.0 ms]
      [Ref Proc: 0.2 ms]
      [Ref Enq: 0.0 ms]
      [Redirty Cards: 0.3 ms]
      [Humongous Register: 0.1 ms]
      [Humongous Reclaim: 0.0 ms]
      [Free CSet: 0.3 ms]
   [Eden: 279.0M(279.0M)->0.0B(269.0M) Survivors: 40.0M->40.0M Heap: 1028.0M(2048.0M)->1030.0M(2048.0M)]
 [Times: user=1.22 sys=0.00, real=0.19 secs] 
2020-09-29T12:14:13.068+0200: 198.037: [GC pause (G1 Humongous Allocation) (young) (initial-mark), 0.0719668 secs]
   [Parallel Time: 71.0 ms, GC Workers: 8]
      [GC Worker Start (ms): Min: 198037.2, Avg: 198037.3, Max: 198037.4, Diff: 0.2]
      [Ext Root Scanning (ms): Min: 0.0, Avg: 0.2, Max: 0.3, Diff: 0.2, Sum: 1.2]
      [Update RS (ms): Min: 46.9, Avg: 47.5, Max: 49.8, Diff: 2.8, Sum: 380.4]
         [Processed Buffers: Min: 49, Avg: 53.8, Max: 57, Diff: 8, Sum: 430]
      [Scan RS (ms): Min: 0.0, Avg: 0.0, Max: 0.0, Diff: 0.0, Sum: 0.0]
      [Code Root Scanning (ms): Min: 0.0, Avg: 0.0, Max: 0.0, Diff: 0.0, Sum: 0.0]
      [Object Copy (ms): Min: 20.8, Avg: 23.0, Max: 23.6, Diff: 2.9, Sum: 184.2]
      [Termination (ms): Min: 0.0, Avg: 0.1, Max: 0.1, Diff: 0.1, Sum: 0.6]
         [Termination Attempts: Min: 1, Avg: 448.6, Max: 578, Diff: 577, Sum: 3589]
      [GC Worker Other (ms): Min: 0.0, Avg: 0.0, Max: 0.0, Diff: 0.0, Sum: 0.2]
      [GC Worker Total (ms): Min: 70.7, Avg: 70.8, Max: 70.9, Diff: 0.2, Sum: 566.6]
      [GC Worker End (ms): Min: 198108.1, Avg: 198108.1, Max: 198108.1, Diff: 0.0]
   [Code Root Fixup: 0.0 ms]
   [Code Root Purge: 0.0 ms]
   [Clear CT: 0.2 ms]
   [Other: 0.8 ms]
      [Choose CSet: 0.0 ms]
      [Ref Proc: 0.2 ms]
      [Ref Enq: 0.0 ms]
      [Redirty Cards: 0.2 ms]
      [Humongous Register: 0.1 ms]
      [Humongous Reclaim: 0.0 ms]
      [Free CSet: 0.1 ms]
   [Eden: 1024.0K(269.0M)->0.0B(278.0M) Survivors: 40.0M->2048.0K Heap: 1031.0M(2048.0M)->1034.0M(2048.0M)]
 [Times: user=0.50 sys=0.00, real=0.07 secs] 
2020-09-29T12:14:13.140+0200: 198.109: [GC concurrent-root-region-scan-start]
2020-09-29T12:14:13.140+0200: 198.109: [GC concurrent-root-region-scan-end, 0.0004038 secs]
2020-09-29T12:14:13.140+0200: 198.109: [GC concurrent-mark-start]
2020-09-29T12:14:13.144+0200: 198.113: [GC concurrent-mark-end, 0.0035028 secs]
2020-09-29T12:14:13.144+0200: 198.113: [GC remark 2020-09-29T12:14:13.144+0200: 198.113: [Finalize Marking, 0.0002415 secs] 2020-09-29T12:14:13.144+0200: 198.114: [GC ref-proc, 0.0002991 secs] 2020-09-29T12:14:13.145+0200: 198.114: [Unloading, 0.0004472 secs], 0.0013781 secs]
 [Times: user=0.02 sys=0.00, real=0.00 secs] 
2020-09-29T12:14:13.146+0200: 198.115: [GC cleanup 1044M->22M(2048M), 0.0014820 secs]
 [Times: user=0.00 sys=0.00, real=0.00 secs] 
2020-09-29T12:14:13.147+0200: 198.117: [GC concurrent-cleanup-start]
2020-09-29T12:14:13.149+0200: 198.118: [GC concurrent-cleanup-end, 0.0014458 secs]
2020-09-29T12:14:13.354+0200: 198.323: [GC pause (G1 Evacuation Pause) (young), 0.2518860 secs]
   [Parallel Time: 249.9 ms, GC Workers: 8]
      [GC Worker Start (ms): Min: 198323.1, Avg: 198323.3, Max: 198323.4, Diff: 0.3]
      [Ext Root Scanning (ms): Min: 0.0, Avg: 0.1, Max: 0.2, Diff: 0.2, Sum: 0.7]
      [Update RS (ms): Min: 19.0, Avg: 19.2, Max: 19.5, Diff: 0.4, Sum: 153.3]
         [Processed Buffers: Min: 13, Avg: 14.6, Max: 16, Diff: 3, Sum: 117]
      [Scan RS (ms): Min: 24.1, Avg: 24.3, Max: 24.5, Diff: 0.4, Sum: 194.6]
      [Code Root Scanning (ms): Min: 0.0, Avg: 0.0, Max: 0.0, Diff: 0.0, Sum: 0.0]
      [Object Copy (ms): Min: 205.5, Avg: 205.7, Max: 205.9, Diff: 0.5, Sum: 1645.3]
      [Termination (ms): Min: 0.1, Avg: 0.3, Max: 0.5, Diff: 0.4, Sum: 2.5]
         [Termination Attempts: Min: 1, Avg: 1019.8, Max: 1495, Diff: 1494, Sum: 8158]
      [GC Worker Other (ms): Min: 0.0, Avg: 0.0, Max: 0.1, Diff: 0.1, Sum: 0.3]
      [GC Worker Total (ms): Min: 249.5, Avg: 249.6, Max: 249.8, Diff: 0.3, Sum: 1996.7]
      [GC Worker End (ms): Min: 198572.9, Avg: 198572.9, Max: 198572.9, Diff: 0.0]
   [Code Root Fixup: 0.0 ms]
   [Code Root Purge: 0.0 ms]
   [Clear CT: 0.3 ms]
   [Other: 1.7 ms]
      [Choose CSet: 0.0 ms]
      [Ref Proc: 0.4 ms]
      [Ref Enq: 0.0 ms]
      [Redirty Cards: 0.5 ms]
      [Humongous Register: 0.0 ms]
      [Humongous Reclaim: 0.0 ms]
      [Free CSet: 0.5 ms]
   [Eden: 278.0M(278.0M)->0.0B(179.0M) Survivors: 2048.0K->35.0M Heap: 337.7M(2048.0M)->337.7M(2048.0M)]
 [Times: user=1.94 sys=0.02, real=0.25 secs] 
2020-09-29T12:14:13.792+0200: 198.761: [GC pause (G1 Evacuation Pause) (young), 0.2636107 secs]
   [Parallel Time: 262.2 ms, GC Workers: 8]
      [GC Worker Start (ms): Min: 198761.4, Avg: 198761.5, Max: 198761.6, Diff: 0.2]
      [Ext Root Scanning (ms): Min: 0.0, Avg: 0.1, Max: 0.2, Diff: 0.2, Sum: 0.8]
      [Update RS (ms): Min: 26.4, Avg: 27.5, Max: 32.0, Diff: 5.6, Sum: 220.1]
         [Processed Buffers: Min: 0, Avg: 15.5, Max: 19, Diff: 19, Sum: 124]
      [Scan RS (ms): Min: 9.8, Avg: 14.3, Max: 15.3, Diff: 5.6, Sum: 114.7]
      [Code Root Scanning (ms): Min: 0.0, Avg: 0.0, Max: 0.0, Diff: 0.0, Sum: 0.0]
      [Object Copy (ms): Min: 219.4, Avg: 219.6, Max: 219.9, Diff: 0.5, Sum: 1756.5]
      [Termination (ms): Min: 0.0, Avg: 0.3, Max: 0.6, Diff: 0.5, Sum: 2.6]
         [Termination Attempts: Min: 1, Avg: 1271.8, Max: 1996, Diff: 1995, Sum: 10174]
      [GC Worker Other (ms): Min: 0.0, Avg: 0.1, Max: 0.2, Diff: 0.2, Sum: 0.5]
      [GC Worker Total (ms): Min: 261.8, Avg: 261.9, Max: 262.1, Diff: 0.3, Sum: 2095.4]
      [GC Worker End (ms): Min: 199023.4, Avg: 199023.5, Max: 199023.5, Diff: 0.2]
   [Code Root Fixup: 0.0 ms]
   [Code Root Purge: 0.0 ms]
   [Clear CT: 0.2 ms]
   [Other: 1.1 ms]
      [Choose CSet: 0.0 ms]
      [Ref Proc: 0.2 ms]
      [Ref Enq: 0.0 ms]
      [Redirty Cards: 0.3 ms]
      [Humongous Register: 0.0 ms]
      [Humongous Reclaim: 0.0 ms]
      [Free CSet: 0.3 ms]
   [Eden: 179.0M(179.0M)->0.0B(128.0M) Survivors: 35.0M->27.0M Heap: 545.3M(2048.0M)->546.8M(2048.0M)]
 [Times: user=1.77 sys=0.00, real=0.26 secs] 
2020-09-29T12:14:14.184+0200: 199.153: [GC pause (G1 Evacuation Pause) (young), 0.1526537 secs]
   [Parallel Time: 151.3 ms, GC Workers: 8]
      [GC Worker Start (ms): Min: 199153.6, Avg: 199153.7, Max: 199153.8, Diff: 0.3]
      [Ext Root Scanning (ms): Min: 0.0, Avg: 0.1, Max: 0.2, Diff: 0.2, Sum: 0.7]
      [Update RS (ms): Min: 24.8, Avg: 24.9, Max: 25.0, Diff: 0.2, Sum: 199.0]
         [Processed Buffers: Min: 16, Avg: 18.1, Max: 21, Diff: 5, Sum: 145]
      [Scan RS (ms): Min: 6.3, Avg: 6.4, Max: 6.6, Diff: 0.3, Sum: 51.4]
      [Code Root Scanning (ms): Min: 0.0, Avg: 0.0, Max: 0.0, Diff: 0.0, Sum: 0.0]
      [Object Copy (ms): Min: 119.0, Avg: 119.1, Max: 119.4, Diff: 0.4, Sum: 952.8]
      [Termination (ms): Min: 0.0, Avg: 0.2, Max: 0.3, Diff: 0.3, Sum: 1.8]
         [Termination Attempts: Min: 1, Avg: 940.6, Max: 1176, Diff: 1175, Sum: 7525]
      [GC Worker Other (ms): Min: 0.0, Avg: 0.1, Max: 0.2, Diff: 0.2, Sum: 0.7]
      [GC Worker Total (ms): Min: 150.7, Avg: 150.8, Max: 150.9, Diff: 0.2, Sum: 1206.3]
      [GC Worker End (ms): Min: 199304.4, Avg: 199304.5, Max: 199304.6, Diff: 0.2]
   [Code Root Fixup: 0.0 ms]
   [Code Root Purge: 0.0 ms]
   [Clear CT: 0.3 ms]
   [Other: 1.1 ms]
      [Choose CSet: 0.0 ms]
      [Ref Proc: 0.3 ms]
      [Ref Enq: 0.0 ms]
      [Redirty Cards: 0.3 ms]
      [Humongous Register: 0.1 ms]
      [Humongous Reclaim: 0.0 ms]
      [Free CSet: 0.2 ms]
   [Eden: 128.0M(128.0M)->0.0B(141.0M) Survivors: 27.0M->20.0M Heap: 697.7M(2048.0M)->699.7M(2048.0M)]
 [Times: user=1.14 sys=0.00, real=0.15 secs] 
2020-09-29T12:14:14.460+0200: 199.429: [GC pause (G1 Evacuation Pause) (young), 0.1743831 secs]
   [Parallel Time: 172.9 ms, GC Workers: 8]
      [GC Worker Start (ms): Min: 199429.1, Avg: 199429.2, Max: 199429.3, Diff: 0.2]
      [Ext Root Scanning (ms): Min: 0.0, Avg: 0.1, Max: 0.2, Diff: 0.2, Sum: 0.8]
      [Update RS (ms): Min: 20.7, Avg: 21.2, Max: 23.1, Diff: 2.4, Sum: 170.0]
         [Processed Buffers: Min: 2, Avg: 12.4, Max: 18, Diff: 16, Sum: 99]
      [Scan RS (ms): Min: 9.6, Avg: 11.4, Max: 12.1, Diff: 2.5, Sum: 91.5]
      [Code Root Scanning (ms): Min: 0.0, Avg: 0.0, Max: 0.0, Diff: 0.0, Sum: 0.0]
      [Object Copy (ms): Min: 139.3, Avg: 139.6, Max: 139.7, Diff: 0.4, Sum: 1116.7]
      [Termination (ms): Min: 0.0, Avg: 0.1, Max: 0.1, Diff: 0.1, Sum: 0.6]
         [Termination Attempts: Min: 1, Avg: 273.0, Max: 332, Diff: 331, Sum: 2184]
      [GC Worker Other (ms): Min: 0.0, Avg: 0.0, Max: 0.1, Diff: 0.0, Sum: 0.2]
      [GC Worker Total (ms): Min: 172.4, Avg: 172.5, Max: 172.6, Diff: 0.2, Sum: 1379.8]
      [GC Worker End (ms): Min: 199601.6, Avg: 199601.7, Max: 199601.7, Diff: 0.0]
   [Code Root Fixup: 0.0 ms]
   [Code Root Purge: 0.0 ms]
   [Clear CT: 0.3 ms]
   [Other: 1.2 ms]
      [Choose CSet: 0.0 ms]
      [Ref Proc: 0.3 ms]
      [Ref Enq: 0.0 ms]
      [Redirty Cards: 0.4 ms]
      [Humongous Register: 0.1 ms]
      [Humongous Reclaim: 0.0 ms]
      [Free CSet: 0.2 ms]
   [Eden: 141.0M(141.0M)->0.0B(137.0M) Survivors: 20.0M->21.0M Heap: 863.6M(2048.0M)->865.6M(2048.0M)]
 [Times: user=1.24 sys=0.00, real=0.17 secs] 
2020-09-29T12:14:14.758+0200: 199.727: [GC pause (G1 Evacuation Pause) (young), 0.1371730 secs]
   [Parallel Time: 135.8 ms, GC Workers: 8]
      [GC Worker Start (ms): Min: 199727.5, Avg: 199727.6, Max: 199727.7, Diff: 0.2]
      [Ext Root Scanning (ms): Min: 0.0, Avg: 0.1, Max: 0.2, Diff: 0.2, Sum: 0.8]
      [Update RS (ms): Min: 17.0, Avg: 17.4, Max: 18.5, Diff: 1.5, Sum: 139.0]
         [Processed Buffers: Min: 11, Avg: 12.8, Max: 15, Diff: 4, Sum: 102]
      [Scan RS (ms): Min: 9.6, Avg: 9.9, Max: 10.1, Diff: 0.5, Sum: 79.3]
      [Code Root Scanning (ms): Min: 0.0, Avg: 0.0, Max: 0.0, Diff: 0.0, Sum: 0.0]
      [Object Copy (ms): Min: 107.2, Avg: 108.1, Max: 108.3, Diff: 1.0, Sum: 864.6]
      [Termination (ms): Min: 0.0, Avg: 0.0, Max: 0.0, Diff: 0.0, Sum: 0.1]
         [Termination Attempts: Min: 1, Avg: 32.0, Max: 41, Diff: 40, Sum: 256]
      [GC Worker Other (ms): Min: 0.0, Avg: 0.0, Max: 0.1, Diff: 0.1, Sum: 0.3]
      [GC Worker Total (ms): Min: 135.4, Avg: 135.5, Max: 135.6, Diff: 0.2, Sum: 1084.1]
      [GC Worker End (ms): Min: 199863.1, Avg: 199863.1, Max: 199863.2, Diff: 0.1]
   [Code Root Fixup: 0.0 ms]
   [Code Root Purge: 0.0 ms]
   [Clear CT: 0.3 ms]
   [Other: 1.1 ms]
      [Choose CSet: 0.0 ms]
      [Ref Proc: 0.3 ms]
      [Ref Enq: 0.0 ms]
      [Redirty Cards: 0.3 ms]
      [Humongous Register: 0.1 ms]
      [Humongous Reclaim: 0.0 ms]
      [Free CSet: 0.2 ms]
   [Eden: 137.0M(137.0M)->0.0B(154.0M) Survivors: 21.0M->20.0M Heap: 1025.5M(2048.0M)->1028.0M(2048.0M)]
 [Times: user=0.95 sys=0.00, real=0.14 secs] 
2020-09-29T12:14:14.901+0200: 199.871: [GC pause (G1 Humongous Allocation) (young) (initial-mark), 0.0517792 secs]
   [Parallel Time: 50.4 ms, GC Workers: 8]
      [GC Worker Start (ms): Min: 199871.0, Avg: 199871.0, Max: 199871.1, Diff: 0.1]
      [Ext Root Scanning (ms): Min: 0.1, Avg: 0.1, Max: 0.2, Diff: 0.1, Sum: 1.1]
      [Update RS (ms): Min: 29.1, Avg: 29.5, Max: 29.9, Diff: 0.8, Sum: 235.7]
         [Processed Buffers: Min: 22, Avg: 23.5, Max: 25, Diff: 3, Sum: 188]
      [Scan RS (ms): Min: 1.0, Avg: 1.5, Max: 1.8, Diff: 0.8, Sum: 12.3]
      [Code Root Scanning (ms): Min: 0.0, Avg: 0.0, Max: 0.0, Diff: 0.0, Sum: 0.0]
      [Object Copy (ms): Min: 18.9, Avg: 19.0, Max: 19.1, Diff: 0.2, Sum: 152.2]
      [Termination (ms): Min: 0.0, Avg: 0.0, Max: 0.1, Diff: 0.1, Sum: 0.3]
         [Termination Attempts: Min: 1, Avg: 145.6, Max: 193, Diff: 192, Sum: 1165]
      [GC Worker Other (ms): Min: 0.0, Avg: 0.0, Max: 0.0, Diff: 0.0, Sum: 0.2]
      [GC Worker Total (ms): Min: 50.2, Avg: 50.2, Max: 50.3, Diff: 0.1, Sum: 401.7]
      [GC Worker End (ms): Min: 199921.2, Avg: 199921.2, Max: 199921.3, Diff: 0.0]
   [Code Root Fixup: 0.0 ms]
   [Code Root Purge: 0.0 ms]
   [Clear CT: 0.2 ms]
   [Other: 1.1 ms]
      [Choose CSet: 0.0 ms]
      [Ref Proc: 0.3 ms]
      [Ref Enq: 0.0 ms]
      [Redirty Cards: 0.3 ms]
      [Humongous Register: 0.1 ms]
      [Humongous Reclaim: 0.0 ms]
      [Free CSet: 0.1 ms]
   [Eden: 7168.0K(154.0M)->0.0B(181.0M) Survivors: 20.0M->9216.0K Heap: 1035.0M(2048.0M)->1039.0M(2048.0M)]
 [Times: user=0.38 sys=0.00, real=0.05 secs] 
2020-09-29T12:14:14.953+0200: 199.923: [GC concurrent-root-region-scan-start]
2020-09-29T12:14:14.957+0200: 199.926: [GC concurrent-root-region-scan-end, 0.0037054 secs]
2020-09-29T12:14:14.957+0200: 199.926: [GC concurrent-mark-start]
2020-09-29T12:14:14.961+0200: 199.931: [GC concurrent-mark-end, 0.0044017 secs]
2020-09-29T12:14:14.962+0200: 199.931: [GC remark 2020-09-29T12:14:14.962+0200: 199.931: [Finalize Marking, 0.0002641 secs] 2020-09-29T12:14:14.962+0200: 199.932: [GC ref-proc, 0.0005287 secs] 2020-09-29T12:14:14.962+0200: 199.932: [Unloading, 0.0008016 secs], 0.0022380 secs]
 [Times: user=0.00 sys=0.00, real=0.00 secs] 
2020-09-29T12:14:14.964+0200: 199.934: [GC cleanup 1050M->30M(2048M), 0.0018175 secs]
 [Times: user=0.00 sys=0.00, real=0.00 secs] 
2020-09-29T12:14:14.966+0200: 199.936: [GC concurrent-cleanup-start]
2020-09-29T12:14:14.968+0200: 199.938: [GC concurrent-cleanup-end, 0.0016879 secs]
2020-09-29T12:14:15.104+0200: 200.074: [GC pause (G1 Evacuation Pause) (young), 0.1437593 secs]
   [Parallel Time: 142.3 ms, GC Workers: 8]
      [GC Worker Start (ms): Min: 200073.9, Avg: 200074.0, Max: 200074.1, Diff: 0.3]
      [Ext Root Scanning (ms): Min: 0.0, Avg: 0.1, Max: 0.2, Diff: 0.2, Sum: 0.7]
      [Update RS (ms): Min: 15.9, Avg: 16.3, Max: 17.2, Diff: 1.3, Sum: 130.7]
         [Processed Buffers: Min: 10, Avg: 11.5, Max: 13, Diff: 3, Sum: 92]
      [Scan RS (ms): Min: 11.2, Avg: 12.1, Max: 12.6, Diff: 1.4, Sum: 97.0]
      [Code Root Scanning (ms): Min: 0.0, Avg: 0.0, Max: 0.0, Diff: 0.0, Sum: 0.0]
      [Object Copy (ms): Min: 113.3, Avg: 113.3, Max: 113.4, Diff: 0.1, Sum: 906.7]
      [Termination (ms): Min: 0.0, Avg: 0.0, Max: 0.1, Diff: 0.1, Sum: 0.3]
         [Termination Attempts: Min: 1, Avg: 151.0, Max: 185, Diff: 184, Sum: 1208]
      [GC Worker Other (ms): Min: 0.0, Avg: 0.0, Max: 0.1, Diff: 0.1, Sum: 0.4]
      [GC Worker Total (ms): Min: 141.9, Avg: 142.0, Max: 142.1, Diff: 0.2, Sum: 1135.8]
      [GC Worker End (ms): Min: 200216.0, Avg: 200216.0, Max: 200216.0, Diff: 0.1]
   [Code Root Fixup: 0.0 ms]
   [Code Root Purge: 0.0 ms]
   [Clear CT: 0.3 ms]
   [Other: 1.1 ms]
      [Choose CSet: 0.0 ms]
      [Ref Proc: 0.2 ms]
      [Ref Enq: 0.0 ms]
      [Redirty Cards: 0.4 ms]
      [Humongous Register: 0.0 ms]
      [Humongous Reclaim: 0.0 ms]
      [Free CSet: 0.2 ms]
   [Eden: 181.0M(181.0M)->0.0B(179.0M) Survivors: 9216.0K->24.0M Heap: 230.5M(2048.0M)->223.5M(2048.0M)]
 [Times: user=1.13 sys=0.00, real=0.14 secs] 
2020-09-29T12:14:15.408+0200: 200.378: [GC pause (G1 Evacuation Pause) (young), 0.1706702 secs]
   [Parallel Time: 168.3 ms, GC Workers: 8]
      [GC Worker Start (ms): Min: 200378.1, Avg: 200378.2, Max: 200378.4, Diff: 0.2]
      [Ext Root Scanning (ms): Min: 0.0, Avg: 0.1, Max: 0.2, Diff: 0.2, Sum: 0.9]
      [Update RS (ms): Min: 17.6, Avg: 17.7, Max: 18.1, Diff: 0.5, Sum: 142.0]
         [Processed Buffers: Min: 12, Avg: 13.6, Max: 16, Diff: 4, Sum: 109]
      [Scan RS (ms): Min: 13.2, Avg: 13.6, Max: 13.8, Diff: 0.6, Sum: 109.0]
      [Code Root Scanning (ms): Min: 0.0, Avg: 0.0, Max: 0.0, Diff: 0.0, Sum: 0.0]
      [Object Copy (ms): Min: 136.3, Avg: 136.4, Max: 136.5, Diff: 0.1, Sum: 1091.2]
      [Termination (ms): Min: 0.0, Avg: 0.0, Max: 0.0, Diff: 0.0, Sum: 0.3]
         [Termination Attempts: Min: 1, Avg: 138.6, Max: 175, Diff: 174, Sum: 1109]
      [GC Worker Other (ms): Min: 0.0, Avg: 0.0, Max: 0.1, Diff: 0.0, Sum: 0.3]
      [GC Worker Total (ms): Min: 167.8, Avg: 168.0, Max: 168.1, Diff: 0.3, Sum: 1343.7]
      [GC Worker End (ms): Min: 200546.2, Avg: 200546.2, Max: 200546.2, Diff: 0.0]
   [Code Root Fixup: 0.0 ms]
   [Code Root Purge: 0.0 ms]
   [Clear CT: 0.5 ms]
   [Other: 1.9 ms]
      [Choose CSet: 0.0 ms]
      [Ref Proc: 0.4 ms]
      [Ref Enq: 0.0 ms]
      [Redirty Cards: 0.9 ms]
      [Humongous Register: 0.1 ms]
      [Humongous Reclaim: 0.0 ms]
      [Free CSet: 0.3 ms]
   [Eden: 179.0M(179.0M)->0.0B(180.0M) Survivors: 24.0M->26.0M Heap: 433.0M(2048.0M)->435.0M(2048.0M)]
 [Times: user=1.34 sys=0.00, real=0.17 secs] 
2020-09-29T12:14:15.746+0200: 200.716: [GC pause (G1 Evacuation Pause) (young), 0.1742456 secs]
   [Parallel Time: 172.6 ms, GC Workers: 8]
      [GC Worker Start (ms): Min: 200715.9, Avg: 200716.0, Max: 200716.4, Diff: 0.5]
      [Ext Root Scanning (ms): Min: 0.0, Avg: 0.1, Max: 0.2, Diff: 0.2, Sum: 0.9]
      [Update RS (ms): Min: 18.6, Avg: 18.8, Max: 19.2, Diff: 0.6, Sum: 150.1]
         [Processed Buffers: Min: 13, Avg: 14.6, Max: 18, Diff: 5, Sum: 117]
      [Scan RS (ms): Min: 13.0, Avg: 13.8, Max: 14.2, Diff: 1.2, Sum: 110.1]
      [Code Root Scanning (ms): Min: 0.0, Avg: 0.0, Max: 0.0, Diff: 0.0, Sum: 0.0]
      [Object Copy (ms): Min: 139.2, Avg: 139.5, Max: 139.6, Diff: 0.5, Sum: 1116.1]
      [Termination (ms): Min: 0.0, Avg: 0.1, Max: 0.1, Diff: 0.1, Sum: 0.8]
         [Termination Attempts: Min: 1, Avg: 432.6, Max: 545, Diff: 544, Sum: 3461]
      [GC Worker Other (ms): Min: 0.0, Avg: 0.0, Max: 0.1, Diff: 0.1, Sum: 0.3]
      [GC Worker Total (ms): Min: 171.9, Avg: 172.3, Max: 172.4, Diff: 0.5, Sum: 1378.3]
      [GC Worker End (ms): Min: 200888.3, Avg: 200888.3, Max: 200888.3, Diff: 0.1]
   [Code Root Fixup: 0.0 ms]
   [Code Root Purge: 0.0 ms]
   [Clear CT: 0.3 ms]
   [Other: 1.4 ms]
      [Choose CSet: 0.0 ms]
      [Ref Proc: 0.4 ms]
      [Ref Enq: 0.0 ms]
      [Redirty Cards: 0.4 ms]
      [Humongous Register: 0.1 ms]
      [Humongous Reclaim: 0.0 ms]
      [Free CSet: 0.2 ms]
   [Eden: 180.0M(180.0M)->0.0B(182.0M) Survivors: 26.0M->26.0M Heap: 645.6M(2048.0M)->646.6M(2048.0M)]
 [Times: user=1.38 sys=0.00, real=0.17 secs] 
2020-09-29T12:14:16.086+0200: 201.056: [GC pause (G1 Evacuation Pause) (young), 0.2140456 secs]
   [Parallel Time: 212.7 ms, GC Workers: 8]
      [GC Worker Start (ms): Min: 201056.2, Avg: 201059.2, Max: 201075.7, Diff: 19.6]
      [Ext Root Scanning (ms): Min: 0.0, Avg: 0.2, Max: 1.0, Diff: 1.0, Sum: 1.7]
      [Update RS (ms): Min: 13.5, Avg: 29.3, Max: 35.6, Diff: 22.0, Sum: 234.7]
         [Processed Buffers: Min: 12, Avg: 16.5, Max: 21, Diff: 9, Sum: 132]
      [Scan RS (ms): Min: 11.4, Avg: 14.7, Max: 15.5, Diff: 4.1, Sum: 117.6]
      [Code Root Scanning (ms): Min: 0.0, Avg: 0.0, Max: 0.0, Diff: 0.0, Sum: 0.0]
      [Object Copy (ms): Min: 165.0, Avg: 165.1, Max: 165.2, Diff: 0.2, Sum: 1321.1]
      [Termination (ms): Min: 0.0, Avg: 0.2, Max: 0.2, Diff: 0.2, Sum: 1.2]
         [Termination Attempts: Min: 1, Avg: 708.6, Max: 881, Diff: 880, Sum: 5669]
      [GC Worker Other (ms): Min: 0.0, Avg: 0.0, Max: 0.1, Diff: 0.1, Sum: 0.4]
      [GC Worker Total (ms): Min: 193.0, Avg: 209.6, Max: 212.6, Diff: 19.6, Sum: 1676.7]
      [GC Worker End (ms): Min: 201268.7, Avg: 201268.7, Max: 201268.8, Diff: 0.1]
   [Code Root Fixup: 0.0 ms]
   [Code Root Purge: 0.0 ms]
   [Clear CT: 0.3 ms]
   [Other: 1.1 ms]
      [Choose CSet: 0.0 ms]
      [Ref Proc: 0.2 ms]
      [Ref Enq: 0.0 ms]
      [Redirty Cards: 0.3 ms]
      [Humongous Register: 0.1 ms]
      [Humongous Reclaim: 0.0 ms]
      [Free CSet: 0.2 ms]
   [Eden: 182.0M(182.0M)->0.0B(163.0M) Survivors: 26.0M->26.0M Heap: 859.1M(2048.0M)->861.6M(2048.0M)]
 [Times: user=1.50 sys=0.00, real=0.21 secs] 
2020-09-29T12:14:16.479+0200: 201.449: [GC pause (G1 Evacuation Pause) (young), 0.2349285 secs]
   [Parallel Time: 233.5 ms, GC Workers: 8]
      [GC Worker Start (ms): Min: 201448.9, Avg: 201453.5, Max: 201480.8, Diff: 32.0]
      [Ext Root Scanning (ms): Min: 0.0, Avg: 0.1, Max: 0.2, Diff: 0.2, Sum: 0.7]
      [Update RS (ms): Min: 0.0, Avg: 20.3, Max: 24.0, Diff: 24.0, Sum: 162.4]
         [Processed Buffers: Min: 0, Avg: 15.3, Max: 21, Diff: 21, Sum: 122]
      [Scan RS (ms): Min: 5.1, Avg: 15.4, Max: 40.0, Diff: 34.9, Sum: 122.9]
      [Code Root Scanning (ms): Min: 0.0, Avg: 0.0, Max: 0.0, Diff: 0.0, Sum: 0.0]
      [Object Copy (ms): Min: 169.2, Avg: 192.9, Max: 196.3, Diff: 27.1, Sum: 1543.2]
      [Termination (ms): Min: 0.0, Avg: 0.1, Max: 0.1, Diff: 0.1, Sum: 0.7]
         [Termination Attempts: Min: 1, Avg: 172.5, Max: 270, Diff: 269, Sum: 1380]
      [GC Worker Other (ms): Min: 0.0, Avg: 0.0, Max: 0.1, Diff: 0.1, Sum: 0.3]
      [GC Worker Total (ms): Min: 201.4, Avg: 228.8, Max: 233.4, Diff: 32.0, Sum: 1830.2]
      [GC Worker End (ms): Min: 201682.2, Avg: 201682.3, Max: 201682.3, Diff: 0.1]
   [Code Root Fixup: 0.0 ms]
   [Code Root Purge: 0.0 ms]
   [Clear CT: 0.3 ms]
   [Other: 1.1 ms]
      [Choose CSet: 0.0 ms]
      [Ref Proc: 0.3 ms]
      [Ref Enq: 0.0 ms]
      [Redirty Cards: 0.3 ms]
      [Humongous Register: 0.1 ms]
      [Humongous Reclaim: 0.0 ms]
      [Free CSet: 0.2 ms]
   [Eden: 163.0M(163.0M)->0.0B(136.0M) Survivors: 26.0M->24.0M Heap: 1051.3M(2048.0M)->1053.3M(2048.0M)]
 [Times: user=1.64 sys=0.00, real=0.24 secs] 
2020-09-29T12:14:16.728+0200: 201.697: [GC pause (G1 Humongous Allocation) (young) (initial-mark), 0.0534894 secs]
   [Parallel Time: 52.2 ms, GC Workers: 8]
      [GC Worker Start (ms): Min: 201697.7, Avg: 201697.7, Max: 201697.9, Diff: 0.2]
      [Ext Root Scanning (ms): Min: 0.0, Avg: 0.2, Max: 0.3, Diff: 0.3, Sum: 1.7]
      [Update RS (ms): Min: 26.4, Avg: 26.8, Max: 27.6, Diff: 1.2, Sum: 214.3]
         [Processed Buffers: Min: 20, Avg: 20.8, Max: 23, Diff: 3, Sum: 166]
      [Scan RS (ms): Min: 1.6, Avg: 2.5, Max: 3.0, Diff: 1.4, Sum: 20.1]
      [Code Root Scanning (ms): Min: 0.0, Avg: 0.0, Max: 0.0, Diff: 0.0, Sum: 0.0]
      [Object Copy (ms): Min: 22.3, Avg: 22.4, Max: 22.5, Diff: 0.2, Sum: 179.4]
      [Termination (ms): Min: 0.0, Avg: 0.0, Max: 0.0, Diff: 0.0, Sum: 0.1]
         [Termination Attempts: Min: 1, Avg: 21.1, Max: 32, Diff: 31, Sum: 169]
      [GC Worker Other (ms): Min: 0.0, Avg: 0.0, Max: 0.0, Diff: 0.0, Sum: 0.2]
      [GC Worker Total (ms): Min: 51.8, Avg: 52.0, Max: 52.0, Diff: 0.2, Sum: 415.6]
      [GC Worker End (ms): Min: 201749.7, Avg: 201749.7, Max: 201749.7, Diff: 0.0]
   [Code Root Fixup: 0.0 ms]
   [Code Root Purge: 0.0 ms]
   [Clear CT: 0.3 ms]
   [Other: 1.0 ms]
      [Choose CSet: 0.0 ms]
      [Ref Proc: 0.2 ms]
      [Ref Enq: 0.0 ms]
      [Redirty Cards: 0.3 ms]
      [Humongous Register: 0.1 ms]
      [Humongous Reclaim: 0.0 ms]
      [Free CSet: 0.1 ms]
   [Eden: 8192.0K(136.0M)->0.0B(167.0M) Survivors: 24.0M->10.0M Heap: 1061.3M(2048.0M)->1065.3M(2048.0M)]
 [Times: user=0.38 sys=0.00, real=0.05 secs] 
2020-09-29T12:14:16.782+0200: 201.751: [GC concurrent-root-region-scan-start]
2020-09-29T12:14:16.786+0200: 201.755: [GC concurrent-root-region-scan-end, 0.0041216 secs]
2020-09-29T12:14:16.786+0200: 201.755: [GC concurrent-mark-start]
2020-09-29T12:14:16.791+0200: 201.761: [GC concurrent-mark-end, 0.0053347 secs]
2020-09-29T12:14:16.792+0200: 201.761: [GC remark 2020-09-29T12:14:16.792+0200: 201.761: [Finalize Marking, 0.0003220 secs] 2020-09-29T12:14:16.792+0200: 201.762: [GC ref-proc, 0.0005617 secs] 2020-09-29T12:14:16.793+0200: 201.762: [Unloading, 0.0007811 secs], 0.0020963 secs]
 [Times: user=0.00 sys=0.00, real=0.00 secs] 
2020-09-29T12:14:16.795+0200: 201.764: [GC cleanup 1078M->32M(2048M), 0.0019110 secs]
 [Times: user=0.00 sys=0.00, real=0.00 secs] 
2020-09-29T12:14:16.797+0200: 201.766: [GC concurrent-cleanup-start]
2020-09-29T12:14:16.800+0200: 201.770: [GC concurrent-cleanup-end, 0.0033120 secs]
2020-09-29T12:14:16.932+0200: 201.902: [GC pause (G1 Evacuation Pause) (young), 0.1417401 secs]
   [Parallel Time: 140.2 ms, GC Workers: 8]
      [GC Worker Start (ms): Min: 201901.6, Avg: 201901.7, Max: 201901.8, Diff: 0.2]
      [Ext Root Scanning (ms): Min: 0.0, Avg: 0.1, Max: 0.2, Diff: 0.2, Sum: 0.8]
      [Update RS (ms): Min: 14.3, Avg: 14.4, Max: 14.7, Diff: 0.4, Sum: 115.4]
         [Processed Buffers: Min: 6, Avg: 10.5, Max: 13, Diff: 7, Sum: 84]
      [Scan RS (ms): Min: 11.4, Avg: 11.6, Max: 11.8, Diff: 0.4, Sum: 93.2]
      [Code Root Scanning (ms): Min: 0.0, Avg: 0.0, Max: 0.0, Diff: 0.0, Sum: 0.0]
      [Object Copy (ms): Min: 113.5, Avg: 113.6, Max: 113.7, Diff: 0.2, Sum: 908.8]
      [Termination (ms): Min: 0.0, Avg: 0.1, Max: 0.2, Diff: 0.2, Sum: 1.1]
         [Termination Attempts: Min: 1, Avg: 527.8, Max: 659, Diff: 658, Sum: 4222]
      [GC Worker Other (ms): Min: 0.0, Avg: 0.0, Max: 0.1, Diff: 0.0, Sum: 0.2]
      [GC Worker Total (ms): Min: 139.9, Avg: 139.9, Max: 140.1, Diff: 0.2, Sum: 1119.5]
      [GC Worker End (ms): Min: 202041.7, Avg: 202041.7, Max: 202041.7, Diff: 0.0]
   [Code Root Fixup: 0.0 ms]
   [Code Root Purge: 0.0 ms]
   [Clear CT: 0.2 ms]
   [Other: 1.3 ms]
      [Choose CSet: 0.0 ms]
      [Ref Proc: 0.3 ms]
      [Ref Enq: 0.0 ms]
      [Redirty Cards: 0.3 ms]
      [Humongous Register: 0.0 ms]
      [Humongous Reclaim: 0.0 ms]
      [Free CSet: 0.3 ms]
   [Eden: 167.0M(167.0M)->0.0B(168.0M) Survivors: 10.0M->23.0M Heap: 215.1M(2048.0M)->208.1M(2048.0M)]
 [Times: user=1.13 sys=0.00, real=0.14 secs] 
2020-09-29T12:14:17.219+0200: 202.189: [GC pause (G1 Evacuation Pause) (young), 0.1818911 secs]
   [Parallel Time: 180.3 ms, GC Workers: 8]
      [GC Worker Start (ms): Min: 202189.0, Avg: 202189.2, Max: 202189.7, Diff: 0.7]
      [Ext Root Scanning (ms): Min: 0.0, Avg: 0.1, Max: 0.2, Diff: 0.2, Sum: 0.8]
      [Update RS (ms): Min: 20.0, Avg: 20.6, Max: 21.7, Diff: 1.7, Sum: 164.7]
         [Processed Buffers: Min: 2, Avg: 12.3, Max: 17, Diff: 15, Sum: 98]
      [Scan RS (ms): Min: 13.3, Avg: 14.2, Max: 14.5, Diff: 1.3, Sum: 113.9]
      [Code Root Scanning (ms): Min: 0.0, Avg: 0.0, Max: 0.0, Diff: 0.0, Sum: 0.0]
      [Object Copy (ms): Min: 144.8, Avg: 144.8, Max: 144.9, Diff: 0.1, Sum: 1158.6]
      [Termination (ms): Min: 0.0, Avg: 0.0, Max: 0.0, Diff: 0.0, Sum: 0.1]
         [Termination Attempts: Min: 1, Avg: 21.9, Max: 31, Diff: 30, Sum: 175]
      [GC Worker Other (ms): Min: 0.0, Avg: 0.1, Max: 0.4, Diff: 0.4, Sum: 0.7]
      [GC Worker Total (ms): Min: 179.3, Avg: 179.8, Max: 180.1, Diff: 0.7, Sum: 1438.8]
      [GC Worker End (ms): Min: 202369.0, Avg: 202369.1, Max: 202369.1, Diff: 0.1]
   [Code Root Fixup: 0.0 ms]
   [Code Root Purge: 0.0 ms]
   [Clear CT: 0.3 ms]
   [Other: 1.3 ms]
      [Choose CSet: 0.0 ms]
      [Ref Proc: 0.2 ms]
      [Ref Enq: 0.0 ms]
      [Redirty Cards: 0.4 ms]
      [Humongous Register: 0.1 ms]
      [Humongous Reclaim: 0.0 ms]
      [Free CSet: 0.3 ms]
   [Eden: 168.0M(168.0M)->0.0B(163.0M) Survivors: 23.0M->24.0M Heap: 404.7M(2048.0M)->406.7M(2048.0M)]
 [Times: user=1.28 sys=0.00, real=0.18 secs] 
2020-09-29T12:14:17.555+0200: 202.524: [GC pause (G1 Evacuation Pause) (young), 0.2065476 secs]
   [Parallel Time: 204.8 ms, GC Workers: 8]
      [GC Worker Start (ms): Min: 202524.5, Avg: 202524.6, Max: 202524.7, Diff: 0.2]
      [Ext Root Scanning (ms): Min: 0.0, Avg: 0.1, Max: 0.2, Diff: 0.2, Sum: 0.8]
      [Update RS (ms): Min: 17.9, Avg: 18.2, Max: 19.2, Diff: 1.3, Sum: 145.7]
         [Processed Buffers: Min: 11, Avg: 12.8, Max: 16, Diff: 5, Sum: 102]
      [Scan RS (ms): Min: 13.2, Avg: 14.1, Max: 14.4, Diff: 1.2, Sum: 112.9]
      [Code Root Scanning (ms): Min: 0.0, Avg: 0.0, Max: 0.0, Diff: 0.0, Sum: 0.0]
      [Object Copy (ms): Min: 170.6, Avg: 171.0, Max: 172.0, Diff: 1.3, Sum: 1367.9]
      [Termination (ms): Min: 0.0, Avg: 1.0, Max: 1.3, Diff: 1.3, Sum: 8.3]
         [Termination Attempts: Min: 1, Avg: 3678.8, Max: 4624, Diff: 4623, Sum: 29430]
      [GC Worker Other (ms): Min: 0.0, Avg: 0.0, Max: 0.1, Diff: 0.1, Sum: 0.4]
      [GC Worker Total (ms): Min: 204.4, Avg: 204.5, Max: 204.6, Diff: 0.2, Sum: 1635.9]
      [GC Worker End (ms): Min: 202729.0, Avg: 202729.1, Max: 202729.1, Diff: 0.1]
   [Code Root Fixup: 0.0 ms]
   [Code Root Purge: 0.0 ms]
   [Clear CT: 0.4 ms]
   [Other: 1.3 ms]
      [Choose CSet: 0.0 ms]
      [Ref Proc: 0.4 ms]
      [Ref Enq: 0.0 ms]
      [Redirty Cards: 0.3 ms]
      [Humongous Register: 0.1 ms]
      [Humongous Reclaim: 0.0 ms]
      [Free CSet: 0.3 ms]
   [Eden: 163.0M(163.0M)->0.0B(150.0M) Survivors: 24.0M->24.0M Heap: 596.4M(2048.0M)->598.4M(2048.0M)]
 [Times: user=1.47 sys=0.00, real=0.21 secs] 
2020-09-29T12:14:17.893+0200: 202.862: [GC pause (G1 Evacuation Pause) (young), 0.1419942 secs]
   [Parallel Time: 140.6 ms, GC Workers: 8]
      [GC Worker Start (ms): Min: 202862.6, Avg: 202862.7, Max: 202862.8, Diff: 0.2]
      [Ext Root Scanning (ms): Min: 0.0, Avg: 0.1, Max: 0.2, Diff: 0.2, Sum: 0.8]
      [Update RS (ms): Min: 17.0, Avg: 17.3, Max: 17.9, Diff: 0.9, Sum: 138.1]
         [Processed Buffers: Min: 11, Avg: 11.9, Max: 13, Diff: 2, Sum: 95]
      [Scan RS (ms): Min: 11.1, Avg: 11.8, Max: 12.1, Diff: 1.0, Sum: 94.0]
      [Code Root Scanning (ms): Min: 0.0, Avg: 0.0, Max: 0.0, Diff: 0.0, Sum: 0.0]
      [Object Copy (ms): Min: 111.0, Avg: 111.1, Max: 111.2, Diff: 0.1, Sum: 889.0]
      [Termination (ms): Min: 0.0, Avg: 0.0, Max: 0.0, Diff: 0.0, Sum: 0.1]
         [Termination Attempts: Min: 1, Avg: 43.9, Max: 60, Diff: 59, Sum: 351]
      [GC Worker Other (ms): Min: 0.0, Avg: 0.0, Max: 0.0, Diff: 0.0, Sum: 0.2]
      [GC Worker Total (ms): Min: 140.2, Avg: 140.3, Max: 140.4, Diff: 0.2, Sum: 1122.2]
      [GC Worker End (ms): Min: 203003.0, Avg: 203003.0, Max: 203003.0, Diff: 0.0]
   [Code Root Fixup: 0.0 ms]
   [Code Root Purge: 0.0 ms]
   [Clear CT: 0.3 ms]
   [Other: 1.1 ms]
      [Choose CSet: 0.0 ms]
      [Ref Proc: 0.3 ms]
      [Ref Enq: 0.0 ms]
      [Redirty Cards: 0.3 ms]
      [Humongous Register: 0.1 ms]
      [Humongous Reclaim: 0.0 ms]
      [Free CSet: 0.2 ms]
   [Eden: 150.0M(150.0M)->0.0B(165.0M) Survivors: 24.0M->22.0M Heap: 773.2M(2048.0M)->775.2M(2048.0M)]
 [Times: user=1.09 sys=0.02, real=0.14 secs] 
2020-09-29T12:14:18.175+0200: 203.144: [GC pause (G1 Evacuation Pause) (young), 0.1521824 secs]
   [Parallel Time: 150.6 ms, GC Workers: 8]
      [GC Worker Start (ms): Min: 203143.8, Avg: 203143.9, Max: 203144.0, Diff: 0.2]
      [Ext Root Scanning (ms): Min: 0.0, Avg: 0.1, Max: 0.2, Diff: 0.2, Sum: 0.7]
      [Update RS (ms): Min: 16.4, Avg: 16.6, Max: 17.0, Diff: 0.6, Sum: 132.9]
         [Processed Buffers: Min: 10, Avg: 12.8, Max: 16, Diff: 6, Sum: 102]
      [Scan RS (ms): Min: 12.7, Avg: 13.2, Max: 13.3, Diff: 0.6, Sum: 105.3]
      [Code Root Scanning (ms): Min: 0.0, Avg: 0.0, Max: 0.0, Diff: 0.0, Sum: 0.0]
      [Object Copy (ms): Min: 120.1, Avg: 120.2, Max: 120.3, Diff: 0.2, Sum: 961.9]
      [Termination (ms): Min: 0.0, Avg: 0.1, Max: 0.1, Diff: 0.1, Sum: 0.8]
         [Termination Attempts: Min: 1, Avg: 352.9, Max: 455, Diff: 454, Sum: 2823]
      [GC Worker Other (ms): Min: 0.0, Avg: 0.1, Max: 0.1, Diff: 0.1, Sum: 0.4]
      [GC Worker Total (ms): Min: 150.1, Avg: 150.3, Max: 150.4, Diff: 0.3, Sum: 1202.0]
      [GC Worker End (ms): Min: 203294.1, Avg: 203294.2, Max: 203294.2, Diff: 0.1]
   [Code Root Fixup: 0.0 ms]
   [Code Root Purge: 0.0 ms]
   [Clear CT: 0.4 ms]
   [Other: 1.2 ms]
      [Choose CSet: 0.0 ms]
      [Ref Proc: 0.3 ms]
      [Ref Enq: 0.0 ms]
      [Redirty Cards: 0.4 ms]
      [Humongous Register: 0.1 ms]
      [Humongous Reclaim: 0.0 ms]
      [Free CSet: 0.2 ms]
   [Eden: 165.0M(165.0M)->0.0B(174.0M) Survivors: 22.0M->24.0M Heap: 968.8M(2048.0M)->970.8M(2048.0M)]
 [Times: user=1.23 sys=0.00, real=0.15 secs] 
2020-09-29T12:14:18.348+0200: 203.317: [GC pause (G1 Humongous Allocation) (young) (initial-mark), 0.0826462 secs]
   [Parallel Time: 80.9 ms, GC Workers: 8]
      [GC Worker Start (ms): Min: 203317.3, Avg: 203317.4, Max: 203317.6, Diff: 0.3]
      [Ext Root Scanning (ms): Min: 0.0, Avg: 1.3, Max: 9.1, Diff: 9.1, Sum: 10.7]
      [Update RS (ms): Min: 30.2, Avg: 38.6, Max: 40.3, Diff: 10.1, Sum: 309.1]
         [Processed Buffers: Min: 17, Avg: 19.8, Max: 22, Diff: 5, Sum: 158]
      [Scan RS (ms): Min: 3.2, Avg: 3.7, Max: 4.5, Diff: 1.3, Sum: 29.8]
      [Code Root Scanning (ms): Min: 0.0, Avg: 0.0, Max: 0.0, Diff: 0.0, Sum: 0.0]
      [Object Copy (ms): Min: 36.7, Avg: 36.8, Max: 36.9, Diff: 0.2, Sum: 294.5]
      [Termination (ms): Min: 0.0, Avg: 0.0, Max: 0.0, Diff: 0.0, Sum: 0.2]
         [Termination Attempts: Min: 1, Avg: 44.3, Max: 62, Diff: 61, Sum: 354]
      [GC Worker Other (ms): Min: 0.0, Avg: 0.0, Max: 0.1, Diff: 0.0, Sum: 0.3]
      [GC Worker Total (ms): Min: 80.4, Avg: 80.6, Max: 80.7, Diff: 0.3, Sum: 644.5]
      [GC Worker End (ms): Min: 203398.0, Avg: 203398.0, Max: 203398.0, Diff: 0.0]
   [Code Root Fixup: 0.0 ms]
   [Code Root Purge: 0.0 ms]
   [Clear CT: 0.4 ms]
   [Other: 1.3 ms]
      [Choose CSet: 0.0 ms]
      [Ref Proc: 0.4 ms]
      [Ref Enq: 0.0 ms]
      [Redirty Cards: 0.4 ms]
      [Humongous Register: 0.0 ms]
      [Humongous Reclaim: 0.0 ms]
      [Free CSet: 0.1 ms]
   [Eden: 12.0M(174.0M)->0.0B(156.0M) Survivors: 24.0M->14.0M Heap: 982.3M(2048.0M)->986.3M(2048.0M)]
 [Times: user=0.70 sys=0.00, real=0.08 secs] 
2020-09-29T12:14:18.431+0200: 203.400: [GC concurrent-root-region-scan-start]
2020-09-29T12:14:18.437+0200: 203.406: [GC concurrent-root-region-scan-end, 0.0061546 secs]
2020-09-29T12:14:18.437+0200: 203.406: [GC concurrent-mark-start]
2020-09-29T12:14:18.442+0200: 203.411: [GC concurrent-mark-end, 0.0048147 secs]
2020-09-29T12:14:18.442+0200: 203.411: [GC remark 2020-09-29T12:14:18.442+0200: 203.411: [Finalize Marking, 0.0003593 secs] 2020-09-29T12:14:18.443+0200: 203.412: [GC ref-proc, 0.0008101 secs] 2020-09-29T12:14:18.444+0200: 203.412: [Unloading, 0.0010835 secs], 0.0028907 secs]
 [Times: user=0.08 sys=0.00, real=0.00 secs] 
2020-09-29T12:14:18.446+0200: 203.415: [GC cleanup 998M->35M(2048M), 0.0030637 secs]
 [Times: user=0.00 sys=0.00, real=0.00 secs] 
2020-09-29T12:14:18.449+0200: 203.418: [GC concurrent-cleanup-start]
2020-09-29T12:14:18.451+0200: 203.420: [GC concurrent-cleanup-end, 0.0020985 secs]
2020-09-29T12:14:18.618+0200: 203.587: [GC pause (G1 Evacuation Pause) (young), 0.2243228 secs]
   [Parallel Time: 222.0 ms, GC Workers: 8]
      [GC Worker Start (ms): Min: 203586.6, Avg: 203590.7, Max: 203618.5, Diff: 31.8]
      [Ext Root Scanning (ms): Min: 0.0, Avg: 0.1, Max: 0.3, Diff: 0.3, Sum: 1.1]
      [Update RS (ms): Min: 0.8, Avg: 29.0, Max: 34.0, Diff: 33.3, Sum: 231.6]
         [Processed Buffers: Min: 3, Avg: 14.4, Max: 17, Diff: 14, Sum: 115]
      [Scan RS (ms): Min: 10.3, Avg: 11.6, Max: 12.3, Diff: 2.0, Sum: 92.7]
      [Code Root Scanning (ms): Min: 0.0, Avg: 0.0, Max: 0.0, Diff: 0.0, Sum: 0.0]
      [Object Copy (ms): Min: 176.6, Avg: 176.7, Max: 176.9, Diff: 0.3, Sum: 1413.5]
      [Termination (ms): Min: 0.0, Avg: 0.2, Max: 0.3, Diff: 0.3, Sum: 1.7]
         [Termination Attempts: Min: 1, Avg: 456.9, Max: 578, Diff: 577, Sum: 3655]
      [GC Worker Other (ms): Min: 0.0, Avg: 0.0, Max: 0.0, Diff: 0.0, Sum: 0.2]
      [GC Worker Total (ms): Min: 189.9, Avg: 217.6, Max: 221.7, Diff: 31.8, Sum: 1740.9]
      [GC Worker End (ms): Min: 203808.3, Avg: 203808.4, Max: 203808.4, Diff: 0.1]
   [Code Root Fixup: 0.0 ms]
   [Code Root Purge: 0.0 ms]
   [Clear CT: 0.6 ms]
   [Other: 1.7 ms]
      [Choose CSet: 0.0 ms]
      [Ref Proc: 0.4 ms]
      [Ref Enq: 0.0 ms]
      [Redirty Cards: 0.6 ms]
      [Humongous Register: 0.1 ms]
      [Humongous Reclaim: 0.0 ms]
      [Free CSet: 0.3 ms]
   [Eden: 156.0M(156.0M)->0.0B(125.0M) Survivors: 14.0M->22.0M Heap: 206.2M(2048.0M)->195.2M(2048.0M)]
 [Times: user=1.70 sys=0.02, real=0.22 secs] 
2020-09-29T12:14:19.005+0200: 203.975: [GC pause (G1 Evacuation Pause) (young), 0.1829218 secs]
   [Parallel Time: 181.0 ms, GC Workers: 8]
      [GC Worker Start (ms): Min: 203975.0, Avg: 203975.2, Max: 203975.3, Diff: 0.3]
      [Ext Root Scanning (ms): Min: 0.0, Avg: 0.1, Max: 0.3, Diff: 0.3, Sum: 1.2]
      [Update RS (ms): Min: 19.1, Avg: 19.6, Max: 20.3, Diff: 1.2, Sum: 156.7]
         [Processed Buffers: Min: 9, Avg: 10.5, Max: 12, Diff: 3, Sum: 84]
      [Scan RS (ms): Min: 13.7, Avg: 14.4, Max: 15.1, Diff: 1.3, Sum: 115.2]
      [Code Root Scanning (ms): Min: 0.0, Avg: 0.0, Max: 0.0, Diff: 0.0, Sum: 0.0]
      [Object Copy (ms): Min: 146.1, Avg: 146.3, Max: 146.4, Diff: 0.2, Sum: 1170.2]
      [Termination (ms): Min: 0.0, Avg: 0.1, Max: 0.1, Diff: 0.1, Sum: 0.8]
         [Termination Attempts: Min: 1, Avg: 316.3, Max: 396, Diff: 395, Sum: 2530]
      [GC Worker Other (ms): Min: 0.0, Avg: 0.1, Max: 0.1, Diff: 0.1, Sum: 0.4]
      [GC Worker Total (ms): Min: 180.4, Avg: 180.6, Max: 180.8, Diff: 0.4, Sum: 1444.6]
      [GC Worker End (ms): Min: 204155.7, Avg: 204155.7, Max: 204155.8, Diff: 0.1]
   [Code Root Fixup: 0.0 ms]
   [Code Root Purge: 0.0 ms]
   [Clear CT: 0.4 ms]
   [Other: 1.5 ms]
      [Choose CSet: 0.0 ms]
      [Ref Proc: 0.4 ms]
      [Ref Enq: 0.0 ms]
      [Redirty Cards: 0.4 ms]
      [Humongous Register: 0.1 ms]
      [Humongous Reclaim: 0.0 ms]
      [Free CSet: 0.3 ms]
   [Eden: 125.0M(125.0M)->0.0B(124.0M) Survivors: 22.0M->19.0M Heap: 341.2M(2048.0M)->343.7M(2048.0M)]
 [Times: user=1.38 sys=0.00, real=0.18 secs] 
Heap
 garbage-first heap   total 2097152K, used 411969K [0x0000000080000000, 0x0000000080104000, 0x0000000100000000)
  region size 1024K, 71 young (72704K), 19 survivors (19456K)
 Metaspace       used 2594K, capacity 4486K, committed 4864K, reserved 1056768K
  class space    used 285K, capacity 386K, committed 512K, reserved 1048576K
